[2026-04-03T01:42:34.201+0600][0.005s][info][gc] Heuristics ergonomically sets -XX:+ExplicitGCInvokesConcurrent
[2026-04-03T01:42:34.201+0600][0.005s][info][gc] Heuristics ergonomically sets -XX:+ShenandoahImplicitGCInvokesConcurrent
[2026-04-03T01:42:34.202+0600][0.006s][info][gc] Using Shenandoah
[2026-04-03T01:42:34.203+0600][0.007s][info][gc,ergo] Pacer for Idle. Initial: 80302K, Alloc Tax Rate: 1.0x
[2026-04-03T01:42:34.203+0600][0.007s][info][gc,init] Version: 21.0.10+7-Ubuntu-124.04 (release)
[2026-04-03T01:42:34.203+0600][0.007s][info][gc,init] CPUs: 12 total, 12 available
[2026-04-03T01:42:34.203+0600][0.007s][info][gc,init] Memory: 15683M
[2026-04-03T01:42:34.203+0600][0.007s][info][gc,init] Large Page Support: Disabled
[2026-04-03T01:42:34.203+0600][0.007s][info][gc,init] NUMA Support: Disabled
[2026-04-03T01:42:34.203+0600][0.007s][info][gc,init] Compressed Oops: Enabled (Zero based)
[2026-04-03T01:42:34.203+0600][0.007s][info][gc,init] Heap Min Capacity: 7M
[2026-04-03T01:42:34.203+0600][0.007s][info][gc,init] Heap Initial Capacity: 246M
[2026-04-03T01:42:34.203+0600][0.007s][info][gc,init] Heap Max Capacity: 3921M
[2026-04-03T01:42:34.203+0600][0.007s][info][gc,init] Pre-touch: Disabled
[2026-04-03T01:42:34.203+0600][0.007s][info][gc,init] Mode: Snapshot-At-The-Beginning (SATB)
[2026-04-03T01:42:34.203+0600][0.007s][info][gc,init] Heuristics: Adaptive
[2026-04-03T01:42:34.203+0600][0.007s][info][gc,init] Heap Region Count: 3921
[2026-04-03T01:42:34.203+0600][0.007s][info][gc,init] Heap Region Size: 1M
[2026-04-03T01:42:34.203+0600][0.007s][info][gc,init] TLAB Size Max: 1M
[2026-04-03T01:42:34.203+0600][0.007s][info][gc,init] Humongous Object Threshold: 1M
[2026-04-03T01:42:34.203+0600][0.007s][info][gc,init] Parallel Workers: 6
[2026-04-03T01:42:34.203+0600][0.007s][info][gc,init] Concurrent Workers: 3
[2026-04-03T01:42:34.214+0600][0.019s][info][gc,metaspace] CDS archive(s) mapped at: [0x000072ce87000000-0x000072ce87c9c000-0x000072ce87c9c000), size 13221888, SharedBaseAddress: 0x000072ce87000000, ArchiveRelocationMode: 1.
[2026-04-03T01:42:34.215+0600][0.019s][info][gc,metaspace] Compressed class space mapped at: 0x000072ce88000000-0x000072cec8000000, reserved size: 1073741824
[2026-04-03T01:42:34.215+0600][0.019s][info][gc,metaspace] Narrow klass base: 0x000072ce87000000, Narrow klass shift: 0, Narrow klass range: 0x100000000
[2026-04-03T01:42:38.671+0600][4.475s][info][gc          ] Trigger: Metadata GC Threshold
[2026-04-03T01:42:38.672+0600][4.476s][info][gc,ergo     ] Free: 3348M, Max: 1024K regular, 3348M humongous, Frag: 0% external, 0% internal; Reserve: 197M, Max: 1024K
[2026-04-03T01:42:38.672+0600][4.476s][info][gc,start    ] GC(0) Concurrent reset
[2026-04-03T01:42:38.672+0600][4.476s][info][gc,task     ] GC(0) Using 3 of 6 workers for concurrent reset
[2026-04-03T01:42:38.672+0600][4.476s][info][gc,ergo     ] GC(0) Pacer for Reset. Non-Taxable: 3921M
[2026-04-03T01:42:38.673+0600][4.477s][info][gc          ] GC(0) Concurrent reset 0.922ms
[2026-04-03T01:42:38.676+0600][4.480s][info][gc,start    ] GC(0) Pause Init Mark (unload classes)
[2026-04-03T01:42:38.677+0600][4.481s][info][gc,task     ] GC(0) Using 6 of 6 workers for init marking
[2026-04-03T01:42:38.677+0600][4.481s][info][gc,ergo     ] GC(0) Pacer for Mark. Expected Live: 392M, Free: 3348M, Non-Taxable: 334M, Alloc Tax Rate: 0.1x
[2026-04-03T01:42:38.677+0600][4.481s][info][gc          ] GC(0) Pause Init Mark (unload classes) 0.740ms
[2026-04-03T01:42:38.677+0600][4.481s][info][gc,start    ] GC(0) Concurrent marking roots
[2026-04-03T01:42:38.677+0600][4.481s][info][gc,task     ] GC(0) Using 3 of 6 workers for concurrent marking roots
[2026-04-03T01:42:38.680+0600][4.484s][info][gc          ] GC(0) Concurrent marking roots 3.164ms
[2026-04-03T01:42:38.680+0600][4.484s][info][gc,start    ] GC(0) Concurrent marking (unload classes)
[2026-04-03T01:42:38.680+0600][4.484s][info][gc,task     ] GC(0) Using 3 of 6 workers for concurrent marking
[2026-04-03T01:42:38.692+0600][4.496s][info][gc          ] GC(0) Concurrent marking (unload classes) 11.611ms
[2026-04-03T01:42:38.692+0600][4.496s][info][gc,start    ] GC(0) Pause Final Mark (unload classes)
[2026-04-03T01:42:38.692+0600][4.496s][info][gc,task     ] GC(0) Using 6 of 6 workers for final marking
[2026-04-03T01:42:38.692+0600][4.496s][info][gc,ergo     ] GC(0) Adaptive CSet Selection. Target Free: 555M, Actual Free: 3544M, Max CSet: 163M, Min Garbage: 0B
[2026-04-03T01:42:38.692+0600][4.496s][info][gc,ergo     ] GC(0) Collectable Garbage: 355M (99%), Immediate: 0B (0%), CSet: 355M (99%)
[2026-04-03T01:42:38.692+0600][4.496s][info][gc,ergo     ] GC(0) Pacer for Evacuation. Used CSet: 368M, Free: 3347M, Non-Taxable: 334M, Alloc Tax Rate: 1.1x
[2026-04-03T01:42:38.692+0600][4.496s][info][gc          ] GC(0) Pause Final Mark (unload classes) 0.635ms
[2026-04-03T01:42:38.693+0600][4.497s][info][gc,start    ] GC(0) Concurrent thread roots
[2026-04-03T01:42:38.693+0600][4.497s][info][gc,task     ] GC(0) Using 3 of 6 workers for Concurrent thread roots
[2026-04-03T01:42:38.693+0600][4.497s][info][gc          ] GC(0) Concurrent thread roots 0.532ms
[2026-04-03T01:42:38.693+0600][4.497s][info][gc,start    ] GC(0) Concurrent weak references
[2026-04-03T01:42:38.693+0600][4.497s][info][gc,task     ] GC(0) Using 3 of 6 workers for concurrent weak references
[2026-04-03T01:42:38.694+0600][4.498s][info][gc,ref      ] GC(0) Encountered references: Soft: 3500, Weak: 1466, Final: 0, Phantom: 563
[2026-04-03T01:42:38.694+0600][4.498s][info][gc,ref      ] GC(0) Discovered  references: Soft: 0, Weak: 1119, Final: 0, Phantom: 560
[2026-04-03T01:42:38.694+0600][4.498s][info][gc,ref      ] GC(0) Enqueued    references: Soft: 0, Weak: 459, Final: 0, Phantom: 0
[2026-04-03T01:42:38.694+0600][4.498s][info][gc          ] GC(0) Concurrent weak references 0.646ms
[2026-04-03T01:42:38.694+0600][4.498s][info][gc,start    ] GC(0) Concurrent weak roots
[2026-04-03T01:42:38.694+0600][4.498s][info][gc,task     ] GC(0) Using 3 of 6 workers for concurrent weak root
[2026-04-03T01:42:38.695+0600][4.499s][info][gc          ] GC(0) Concurrent weak roots 1.269ms
[2026-04-03T01:42:38.695+0600][4.499s][info][gc,start    ] GC(0) Concurrent cleanup
[2026-04-03T01:42:38.696+0600][4.500s][info][gc          ] GC(0) Concurrent cleanup 377M->377M(380M) 0.586ms
[2026-04-03T01:42:38.696+0600][4.500s][info][gc,ergo     ] GC(0) Free: 3346M, Max: 1024K regular, 3346M humongous, Frag: 0% external, 0% internal; Reserve: 195M, Max: 1024K
[2026-04-03T01:42:38.696+0600][4.500s][info][gc,start    ] GC(0) Concurrent class unloading
[2026-04-03T01:42:38.696+0600][4.500s][info][gc,task     ] GC(0) Using 3 of 6 workers for concurrent class unloading
[2026-04-03T01:42:38.698+0600][4.502s][info][gc          ] GC(0) Concurrent class unloading 2.597ms
[2026-04-03T01:42:38.698+0600][4.502s][info][gc,start    ] GC(0) Concurrent strong roots
[2026-04-03T01:42:38.698+0600][4.502s][info][gc,task     ] GC(0) Using 3 of 6 workers for concurrent strong root
[2026-04-03T01:42:38.699+0600][4.503s][info][gc          ] GC(0) Concurrent strong roots 1.043ms
[2026-04-03T01:42:38.699+0600][4.503s][info][gc,start    ] GC(0) Concurrent evacuation
[2026-04-03T01:42:38.699+0600][4.503s][info][gc,task     ] GC(0) Using 3 of 6 workers for concurrent evacuation
[2026-04-03T01:42:38.710+0600][4.514s][info][gc          ] GC(0) Concurrent evacuation 10.592ms
[2026-04-03T01:42:38.710+0600][4.514s][info][gc,start    ] GC(0) Pause Init Update Refs
[2026-04-03T01:42:38.710+0600][4.514s][info][gc,ergo     ] GC(0) Pacer for Update Refs. Used: 391M, Free: 3346M, Non-Taxable: 334M, Alloc Tax Rate: 1.1x
[2026-04-03T01:42:38.710+0600][4.514s][info][gc          ] GC(0) Pause Init Update Refs 0.087ms
[2026-04-03T01:42:38.710+0600][4.515s][info][gc,start    ] GC(0) Concurrent update references
[2026-04-03T01:42:38.710+0600][4.515s][info][gc,task     ] GC(0) Using 3 of 6 workers for concurrent reference update
[2026-04-03T01:42:38.715+0600][4.519s][info][gc          ] GC(0) Concurrent update references 4.499ms
[2026-04-03T01:42:38.715+0600][4.519s][info][gc,start    ] GC(0) Concurrent update thread roots
[2026-04-03T01:42:38.716+0600][4.520s][info][gc          ] GC(0) Concurrent update thread roots 0.590ms
[2026-04-03T01:42:38.716+0600][4.520s][info][gc,start    ] GC(0) Pause Final Update Refs
[2026-04-03T01:42:38.716+0600][4.520s][info][gc,task     ] GC(0) Using 6 of 6 workers for final reference update
[2026-04-03T01:42:38.716+0600][4.520s][info][gc          ] GC(0) Pause Final Update Refs 0.184ms
[2026-04-03T01:42:38.716+0600][4.520s][info][gc,start    ] GC(0) Concurrent cleanup
[2026-04-03T01:42:38.717+0600][4.521s][info][gc          ] GC(0) Concurrent cleanup 391M->23M(393M) 0.712ms
[2026-04-03T01:42:38.717+0600][4.521s][info][gc,ergo     ] Free: 3699M, Max: 1024K regular, 3331M humongous, Frag: 10% external, 0% internal; Reserve: 197M, Max: 1024K
[2026-04-03T01:42:38.717+0600][4.521s][info][gc,stats    ] 
[2026-04-03T01:42:38.717+0600][4.521s][info][gc,stats    ] All times are wall-clock times, except per-root-class counters, that are sum over
[2026-04-03T01:42:38.717+0600][4.521s][info][gc,stats    ] all workers. Dividing the <total> over the root stage time estimates parallelism.
[2026-04-03T01:42:38.717+0600][4.521s][info][gc,stats    ] 
[2026-04-03T01:42:38.717+0600][4.521s][info][gc,stats    ] Concurrent Reset                    942 us
[2026-04-03T01:42:38.717+0600][4.521s][info][gc,stats    ] Pause Init Mark (G)                4118 us
[2026-04-03T01:42:38.717+0600][4.521s][info][gc,stats    ] Pause Init Mark (N)                 759 us
[2026-04-03T01:42:38.717+0600][4.521s][info][gc,stats    ]   Update Region States               34 us
[2026-04-03T01:42:38.717+0600][4.521s][info][gc,stats    ] Concurrent Mark Roots              3248 us, parallelism: 1.42x
[2026-04-03T01:42:38.717+0600][4.521s][info][gc,stats    ]   CMR: <total>                     4620 us
[2026-04-03T01:42:38.717+0600][4.521s][info][gc,stats    ]   CMR: Thread Roots                2992 us, workers (us): 2604, 388,   0, ---, ---, ---, 
[2026-04-03T01:42:38.717+0600][4.521s][info][gc,stats    ]   CMR: VM Strong Roots              628 us, workers (us): 239, 335,  54, ---, ---, ---, 
[2026-04-03T01:42:38.717+0600][4.521s][info][gc,stats    ]   CMR: CLDG Roots                  1000 us, workers (us): ---, ---, 1000, ---, ---, ---, 
[2026-04-03T01:42:38.717+0600][4.521s][info][gc,stats    ] Concurrent Marking                11695 us
[2026-04-03T01:42:38.717+0600][4.521s][info][gc,stats    ] Pause Final Mark (G)                881 us
[2026-04-03T01:42:38.717+0600][4.521s][info][gc,stats    ] Pause Final Mark (N)                651 us
[2026-04-03T01:42:38.717+0600][4.521s][info][gc,stats    ]   Finish Mark                       203 us
[2026-04-03T01:42:38.717+0600][4.521s][info][gc,stats    ]   Update Region States               45 us
[2026-04-03T01:42:38.717+0600][4.521s][info][gc,stats    ]   Choose Collection Set             233 us
[2026-04-03T01:42:38.717+0600][4.521s][info][gc,stats    ]   Rebuild Free Set                   32 us
[2026-04-03T01:42:38.717+0600][4.521s][info][gc,stats    ] Concurrent Thread Roots             577 us, parallelism: 0.87x
[2026-04-03T01:42:38.717+0600][4.521s][info][gc,stats    ]   CTR: <total>                      500 us
[2026-04-03T01:42:38.717+0600][4.521s][info][gc,stats    ]   CTR: Thread Roots                 500 us, workers (us): 337,  89,  73, ---, ---, ---, 
[2026-04-03T01:42:38.717+0600][4.521s][info][gc,stats    ] Concurrent Weak References          661 us, parallelism: 0.80x
[2026-04-03T01:42:38.717+0600][4.521s][info][gc,stats    ]   CWRF: <total>                     531 us
[2026-04-03T01:42:38.717+0600][4.521s][info][gc,stats    ]   CWRF: Weak References             531 us, workers (us): 207, 323,   1, ---, ---, ---, 
[2026-04-03T01:42:38.717+0600][4.521s][info][gc,stats    ] Concurrent Weak Roots              1320 us
[2026-04-03T01:42:38.717+0600][4.521s][info][gc,stats    ]   Roots                             965 us, parallelism: 2.11x
[2026-04-03T01:42:38.717+0600][4.521s][info][gc,stats    ]     CWR: <total>                   2034 us
[2026-04-03T01:42:38.717+0600][4.521s][info][gc,stats    ]     CWR: Code Cache Roots           679 us, workers (us): 262, 197, 219, ---, ---, ---, 
[2026-04-03T01:42:38.717+0600][4.521s][info][gc,stats    ]     CWR: VM Weak Roots             1345 us, workers (us): 467, 458, 419, ---, ---, ---, 
[2026-04-03T01:42:38.717+0600][4.521s][info][gc,stats    ]     CWR: CLDG Roots                  11 us, workers (us): ---,  11, ---, ---, ---, ---, 
[2026-04-03T01:42:38.717+0600][4.521s][info][gc,stats    ]   Rendezvous                        278 us
[2026-04-03T01:42:38.717+0600][4.521s][info][gc,stats    ] Concurrent Cleanup                  600 us
[2026-04-03T01:42:38.717+0600][4.521s][info][gc,stats    ] Concurrent Class Unloading         2644 us
[2026-04-03T01:42:38.717+0600][4.521s][info][gc,stats    ]   Unlink Stale                     1978 us
[2026-04-03T01:42:38.717+0600][4.521s][info][gc,stats    ]     System Dictionary                29 us
[2026-04-03T01:42:38.717+0600][4.521s][info][gc,stats    ]     Weak Class Links                  0 us
[2026-04-03T01:42:38.717+0600][4.521s][info][gc,stats    ]     Code Roots                     1946 us
[2026-04-03T01:42:38.717+0600][4.521s][info][gc,stats    ]   Rendezvous                        131 us
[2026-04-03T01:42:38.717+0600][4.521s][info][gc,stats    ]   Purge Unlinked                    469 us
[2026-04-03T01:42:38.717+0600][4.521s][info][gc,stats    ]     Code Roots                      457 us
[2026-04-03T01:42:38.717+0600][4.521s][info][gc,stats    ]     CLDG                             11 us
[2026-04-03T01:42:38.717+0600][4.521s][info][gc,stats    ]     Exception Caches                  0 us
[2026-04-03T01:42:38.717+0600][4.521s][info][gc,stats    ] Concurrent Strong Roots            1068 us, parallelism: 0.92x
[2026-04-03T01:42:38.717+0600][4.521s][info][gc,stats    ]   CSR: <total>                      981 us
[2026-04-03T01:42:38.717+0600][4.521s][info][gc,stats    ]   CSR: VM Strong Roots               47 us, workers (us):  32,  15,   0, ---, ---, ---, 
[2026-04-03T01:42:38.717+0600][4.521s][info][gc,stats    ]   CSR: CLDG Roots                   935 us, workers (us): ---, 935, ---, ---, ---, ---, 
[2026-04-03T01:42:38.717+0600][4.521s][info][gc,stats    ] Concurrent Evacuation             10657 us
[2026-04-03T01:42:38.717+0600][4.521s][info][gc,stats    ] Pause Init Update Refs (G)          359 us
[2026-04-03T01:42:38.717+0600][4.521s][info][gc,stats    ] Pause Init Update Refs (N)           99 us
[2026-04-03T01:42:38.717+0600][4.521s][info][gc,stats    ]   Manage GCLABs                       8 us
[2026-04-03T01:42:38.717+0600][4.521s][info][gc,stats    ] Concurrent Update Refs             4542 us
[2026-04-03T01:42:38.717+0600][4.521s][info][gc,stats    ] Concurrent Update Thread Roots      619 us
[2026-04-03T01:42:38.717+0600][4.521s][info][gc,stats    ] Pause Final Update Refs (G)         326 us
[2026-04-03T01:42:38.717+0600][4.521s][info][gc,stats    ] Pause Final Update Refs (N)         203 us
[2026-04-03T01:42:38.717+0600][4.521s][info][gc,stats    ]   Update Region States               62 us
[2026-04-03T01:42:38.717+0600][4.521s][info][gc,stats    ]   Trash Collection Set               10 us
[2026-04-03T01:42:38.717+0600][4.521s][info][gc,stats    ]   Rebuild Free Set                   33 us
[2026-04-03T01:42:38.717+0600][4.521s][info][gc,stats    ] Concurrent Cleanup                  753 us
[2026-04-03T01:42:38.717+0600][4.521s][info][gc,stats    ] 
[2026-04-03T01:42:38.717+0600][4.521s][info][gc,stats    ] Allocation pacing accrued:
[2026-04-03T01:42:38.717+0600][4.521s][info][gc,stats    ]       0 of  4514 ms (  0.0%): <total>
[2026-04-03T01:42:38.717+0600][4.521s][info][gc,stats    ]       0 of  4514 ms (  0.0%): <average total>
[2026-04-03T01:42:38.717+0600][4.521s][info][gc,stats    ] 
[2026-04-03T01:42:38.717+0600][4.521s][info][gc,metaspace] Metaspace: 21260K(21568K)->21725K(22080K) NonClass: 18607K(18752K)->19007K(19200K) Class: 2653K(2816K)->2717K(2880K)
[2026-04-03T01:42:38.717+0600][4.521s][info][gc,ergo     ] Pacer for Idle. Initial: 80302K, Alloc Tax Rate: 1.0x
[2026-04-03T01:42:41.939+0600][7.743s][info][gc          ] Trigger: Metadata GC Threshold
[2026-04-03T01:42:41.939+0600][7.743s][info][gc,ergo     ] Free: 3561M, Max: 1024K regular, 3331M humongous, Frag: 7% external, 0% internal; Reserve: 197M, Max: 1024K
[2026-04-03T01:42:41.939+0600][7.743s][info][gc,start    ] GC(1) Concurrent reset
[2026-04-03T01:42:41.939+0600][7.743s][info][gc,task     ] GC(1) Using 3 of 6 workers for concurrent reset
[2026-04-03T01:42:41.939+0600][7.743s][info][gc,ergo     ] GC(1) Pacer for Reset. Non-Taxable: 3921M
[2026-04-03T01:42:41.951+0600][7.755s][info][gc          ] GC(1) Concurrent reset 11.395ms
[2026-04-03T01:42:41.951+0600][7.755s][info][gc,start    ] GC(1) Pause Init Mark (unload classes)
[2026-04-03T01:42:41.951+0600][7.755s][info][gc,task     ] GC(1) Using 6 of 6 workers for init marking
[2026-04-03T01:42:41.951+0600][7.755s][info][gc,ergo     ] GC(1) Pacer for Mark. Expected Live: 18349K, Free: 3560M, Non-Taxable: 356M, Alloc Tax Rate: 0.0x
[2026-04-03T01:42:41.951+0600][7.755s][info][gc          ] GC(1) Pause Init Mark (unload classes) 0.225ms
[2026-04-03T01:42:41.951+0600][7.755s][info][gc,start    ] GC(1) Concurrent marking roots
[2026-04-03T01:42:41.951+0600][7.756s][info][gc,task     ] GC(1) Using 3 of 6 workers for concurrent marking roots
[2026-04-03T01:42:41.953+0600][7.757s][info][gc          ] GC(1) Concurrent marking roots 1.520ms
[2026-04-03T01:42:41.953+0600][7.757s][info][gc,start    ] GC(1) Concurrent marking (unload classes)
[2026-04-03T01:42:41.953+0600][7.757s][info][gc,task     ] GC(1) Using 3 of 6 workers for concurrent marking
[2026-04-03T01:42:41.968+0600][7.772s][info][gc          ] GC(1) Concurrent marking (unload classes) 14.632ms
[2026-04-03T01:42:41.968+0600][7.772s][info][gc,start    ] GC(1) Pause Final Mark (unload classes)
[2026-04-03T01:42:41.968+0600][7.772s][info][gc,task     ] GC(1) Using 6 of 6 workers for final marking
[2026-04-03T01:42:41.970+0600][7.774s][info][gc,ergo     ] GC(1) Adaptive CSet Selection. Target Free: 555M, Actual Free: 3766M, Max CSet: 163M, Min Garbage: 0B
[2026-04-03T01:42:41.970+0600][7.774s][info][gc,ergo     ] GC(1) Collectable Garbage: 129M (98%), Immediate: 11660K (8%), CSet: 117M (90%)
[2026-04-03T01:42:41.970+0600][7.774s][info][gc,ergo     ] GC(1) Pacer for Evacuation. Used CSet: 122M, Free: 3579M, Non-Taxable: 357M, Alloc Tax Rate: 1.1x
[2026-04-03T01:42:41.970+0600][7.774s][info][gc          ] GC(1) Pause Final Mark (unload classes) 2.047ms
[2026-04-03T01:42:41.970+0600][7.774s][info][gc,start    ] GC(1) Concurrent thread roots
[2026-04-03T01:42:41.970+0600][7.774s][info][gc,task     ] GC(1) Using 3 of 6 workers for Concurrent thread roots
[2026-04-03T01:42:41.971+0600][7.775s][info][gc          ] GC(1) Concurrent thread roots 0.794ms
[2026-04-03T01:42:41.971+0600][7.775s][info][gc,start    ] GC(1) Concurrent weak references
[2026-04-03T01:42:41.971+0600][7.775s][info][gc,task     ] GC(1) Using 3 of 6 workers for concurrent weak references
[2026-04-03T01:42:41.971+0600][7.775s][info][gc,ref      ] GC(1) Encountered references: Soft: 3863, Weak: 2551, Final: 80, Phantom: 569
[2026-04-03T01:42:41.971+0600][7.776s][info][gc,ref      ] GC(1) Discovered  references: Soft: 0, Weak: 1121, Final: 48, Phantom: 523
[2026-04-03T01:42:41.971+0600][7.776s][info][gc,ref      ] GC(1) Enqueued    references: Soft: 0, Weak: 485, Final: 0, Phantom: 1
[2026-04-03T01:42:41.972+0600][7.776s][info][gc          ] GC(1) Concurrent weak references 0.698ms
[2026-04-03T01:42:41.972+0600][7.776s][info][gc,start    ] GC(1) Concurrent weak roots
[2026-04-03T01:42:41.972+0600][7.776s][info][gc,task     ] GC(1) Using 3 of 6 workers for concurrent weak root
[2026-04-03T01:42:41.975+0600][7.779s][info][gc          ] GC(1) Concurrent weak roots 3.534ms
[2026-04-03T01:42:41.975+0600][7.779s][info][gc,start    ] GC(1) Concurrent cleanup
[2026-04-03T01:42:41.976+0600][7.780s][info][gc          ] GC(1) Concurrent cleanup 155M->144M(394M) 0.331ms
[2026-04-03T01:42:41.976+0600][7.780s][info][gc,ergo     ] GC(1) Free: 3578M, Max: 1024K regular, 3331M humongous, Frag: 7% external, 0% internal; Reserve: 196M, Max: 1024K
[2026-04-03T01:42:41.976+0600][7.780s][info][gc,start    ] GC(1) Concurrent class unloading
[2026-04-03T01:42:41.976+0600][7.780s][info][gc,task     ] GC(1) Using 3 of 6 workers for concurrent class unloading
[2026-04-03T01:42:41.981+0600][7.785s][info][gc          ] GC(1) Concurrent class unloading 5.413ms
[2026-04-03T01:42:41.981+0600][7.785s][info][gc,start    ] GC(1) Concurrent strong roots
[2026-04-03T01:42:41.981+0600][7.786s][info][gc,task     ] GC(1) Using 3 of 6 workers for concurrent strong root
[2026-04-03T01:42:41.984+0600][7.788s][info][gc          ] GC(1) Concurrent strong roots 2.435ms
[2026-04-03T01:42:41.984+0600][7.788s][info][gc,start    ] GC(1) Concurrent evacuation
[2026-04-03T01:42:41.984+0600][7.788s][info][gc,task     ] GC(1) Using 3 of 6 workers for concurrent evacuation
[2026-04-03T01:42:41.990+0600][7.794s][info][gc          ] GC(1) Concurrent evacuation 6.238ms
[2026-04-03T01:42:41.991+0600][7.795s][info][gc,start    ] GC(1) Pause Init Update Refs
[2026-04-03T01:42:41.991+0600][7.795s][info][gc,ergo     ] GC(1) Pacer for Update Refs. Used: 152M, Free: 3578M, Non-Taxable: 357M, Alloc Tax Rate: 1.1x
[2026-04-03T01:42:41.991+0600][7.795s][info][gc          ] GC(1) Pause Init Update Refs 0.130ms
[2026-04-03T01:42:41.991+0600][7.795s][info][gc,start    ] GC(1) Concurrent update references
[2026-04-03T01:42:41.991+0600][7.795s][info][gc,task     ] GC(1) Using 3 of 6 workers for concurrent reference update
[2026-04-03T01:42:41.999+0600][7.803s][info][gc          ] GC(1) Concurrent update references 8.488ms
[2026-04-03T01:42:41.999+0600][7.803s][info][gc,start    ] GC(1) Concurrent update thread roots
[2026-04-03T01:42:42.000+0600][7.804s][info][gc          ] GC(1) Concurrent update thread roots 0.539ms
[2026-04-03T01:42:42.000+0600][7.804s][info][gc,start    ] GC(1) Pause Final Update Refs
[2026-04-03T01:42:42.000+0600][7.804s][info][gc,task     ] GC(1) Using 6 of 6 workers for final reference update
[2026-04-03T01:42:42.000+0600][7.804s][info][gc          ] GC(1) Pause Final Update Refs 0.255ms
[2026-04-03T01:42:42.000+0600][7.804s][info][gc,start    ] GC(1) Concurrent cleanup
[2026-04-03T01:42:42.001+0600][7.805s][info][gc          ] GC(1) Concurrent cleanup 153M->31M(401M) 0.935ms
[2026-04-03T01:42:42.001+0600][7.805s][info][gc,ergo     ] Free: 3691M, Max: 1024K regular, 3416M humongous, Frag: 8% external, 0% internal; Reserve: 197M, Max: 1024K
[2026-04-03T01:42:42.001+0600][7.806s][info][gc,stats    ] 
[2026-04-03T01:42:42.002+0600][7.806s][info][gc,stats    ] All times are wall-clock times, except per-root-class counters, that are sum over
[2026-04-03T01:42:42.002+0600][7.806s][info][gc,stats    ] all workers. Dividing the <total> over the root stage time estimates parallelism.
[2026-04-03T01:42:42.002+0600][7.806s][info][gc,stats    ] 
[2026-04-03T01:42:42.002+0600][7.806s][info][gc,stats    ] Concurrent Reset                  11479 us
[2026-04-03T01:42:42.002+0600][7.806s][info][gc,stats    ] Pause Init Mark (G)                 556 us
[2026-04-03T01:42:42.002+0600][7.806s][info][gc,stats    ] Pause Init Mark (N)                 239 us
[2026-04-03T01:42:42.002+0600][7.806s][info][gc,stats    ]   Update Region States               73 us
[2026-04-03T01:42:42.002+0600][7.806s][info][gc,stats    ] Concurrent Mark Roots              1554 us, parallelism: 2.47x
[2026-04-03T01:42:42.002+0600][7.806s][info][gc,stats    ]   CMR: <total>                     3836 us
[2026-04-03T01:42:42.002+0600][7.806s][info][gc,stats    ]   CMR: Thread Roots                3067 us, workers (us): 1068, 1105, 893, ---, ---, ---, 
[2026-04-03T01:42:42.002+0600][7.806s][info][gc,stats    ]   CMR: VM Strong Roots              372 us, workers (us): 179, 123,  70, ---, ---, ---, 
[2026-04-03T01:42:42.002+0600][7.806s][info][gc,stats    ]   CMR: CLDG Roots                   397 us, workers (us): ---, ---, 397, ---, ---, ---, 
[2026-04-03T01:42:42.002+0600][7.806s][info][gc,stats    ] Concurrent Marking                14755 us
[2026-04-03T01:42:42.002+0600][7.806s][info][gc,stats    ] Pause Final Mark (G)               2212 us
[2026-04-03T01:42:42.002+0600][7.806s][info][gc,stats    ] Pause Final Mark (N)               2064 us
[2026-04-03T01:42:42.002+0600][7.806s][info][gc,stats    ]   Finish Mark                      1474 us
[2026-04-03T01:42:42.002+0600][7.806s][info][gc,stats    ]   Update Region States              111 us
[2026-04-03T01:42:42.002+0600][7.806s][info][gc,stats    ]   Choose Collection Set             235 us
[2026-04-03T01:42:42.002+0600][7.806s][info][gc,stats    ]   Rebuild Free Set                   94 us
[2026-04-03T01:42:42.002+0600][7.806s][info][gc,stats    ] Concurrent Thread Roots             834 us, parallelism: 2.20x
[2026-04-03T01:42:42.002+0600][7.806s][info][gc,stats    ]   CTR: <total>                     1837 us
[2026-04-03T01:42:42.002+0600][7.806s][info][gc,stats    ]   CTR: Thread Roots                1837 us, workers (us): 694, 645, 497, ---, ---, ---, 
[2026-04-03T01:42:42.002+0600][7.806s][info][gc,stats    ] Concurrent Weak References          712 us, parallelism: 0.88x
[2026-04-03T01:42:42.002+0600][7.806s][info][gc,stats    ]   CWRF: <total>                     624 us
[2026-04-03T01:42:42.002+0600][7.806s][info][gc,stats    ]   CWRF: Weak References             624 us, workers (us):  85, 539,   0, ---, ---, ---, 
[2026-04-03T01:42:42.002+0600][7.806s][info][gc,stats    ] Concurrent Weak Roots              3663 us
[2026-04-03T01:42:42.002+0600][7.806s][info][gc,stats    ]   Roots                            3090 us, parallelism: 2.08x
[2026-04-03T01:42:42.002+0600][7.806s][info][gc,stats    ]     CWR: <total>                   6438 us
[2026-04-03T01:42:42.002+0600][7.806s][info][gc,stats    ]     CWR: Code Cache Roots          3211 us, workers (us): 771, 1688, 752, ---, ---, ---, 
[2026-04-03T01:42:42.002+0600][7.806s][info][gc,stats    ]     CWR: VM Weak Roots             3172 us, workers (us): 1275, 1200, 696, ---, ---, ---, 
[2026-04-03T01:42:42.002+0600][7.806s][info][gc,stats    ]     CWR: CLDG Roots                  55 us, workers (us):  55, ---, ---, ---, ---, ---, 
[2026-04-03T01:42:42.002+0600][7.806s][info][gc,stats    ]   Rendezvous                        408 us
[2026-04-03T01:42:42.002+0600][7.806s][info][gc,stats    ] Concurrent Cleanup                  392 us
[2026-04-03T01:42:42.002+0600][7.806s][info][gc,stats    ] Concurrent Class Unloading         5560 us
[2026-04-03T01:42:42.002+0600][7.806s][info][gc,stats    ]   Unlink Stale                     3361 us
[2026-04-03T01:42:42.002+0600][7.806s][info][gc,stats    ]     System Dictionary                91 us
[2026-04-03T01:42:42.002+0600][7.806s][info][gc,stats    ]     Weak Class Links                  1 us
[2026-04-03T01:42:42.002+0600][7.806s][info][gc,stats    ]     Code Roots                     3261 us
[2026-04-03T01:42:42.002+0600][7.806s][info][gc,stats    ]   Rendezvous                        221 us
[2026-04-03T01:42:42.002+0600][7.806s][info][gc,stats    ]   Purge Unlinked                   1761 us
[2026-04-03T01:42:42.002+0600][7.806s][info][gc,stats    ]     Code Roots                     1719 us
[2026-04-03T01:42:42.002+0600][7.806s][info][gc,stats    ]     CLDG                             39 us
[2026-04-03T01:42:42.002+0600][7.806s][info][gc,stats    ]     Exception Caches                  1 us
[2026-04-03T01:42:42.002+0600][7.806s][info][gc,stats    ] Concurrent Strong Roots            2551 us, parallelism: 0.88x
[2026-04-03T01:42:42.002+0600][7.806s][info][gc,stats    ]   CSR: <total>                     2239 us
[2026-04-03T01:42:42.002+0600][7.806s][info][gc,stats    ]   CSR: VM Strong Roots               53 us, workers (us):  20,  24,   8, ---, ---, ---, 
[2026-04-03T01:42:42.002+0600][7.806s][info][gc,stats    ]   CSR: CLDG Roots                  2186 us, workers (us): 2186, ---, ---, ---, ---, ---, 
[2026-04-03T01:42:42.002+0600][7.806s][info][gc,stats    ] Concurrent Evacuation              6354 us
[2026-04-03T01:42:42.002+0600][7.806s][info][gc,stats    ] Pause Init Update Refs (G)          363 us
[2026-04-03T01:42:42.002+0600][7.806s][info][gc,stats    ] Pause Init Update Refs (N)          145 us
[2026-04-03T01:42:42.002+0600][7.806s][info][gc,stats    ]   Manage GCLABs                      10 us
[2026-04-03T01:42:42.002+0600][7.806s][info][gc,stats    ] Concurrent Update Refs             8589 us
[2026-04-03T01:42:42.002+0600][7.806s][info][gc,stats    ] Concurrent Update Thread Roots      574 us
[2026-04-03T01:42:42.002+0600][7.806s][info][gc,stats    ] Pause Final Update Refs (G)         453 us
[2026-04-03T01:42:42.002+0600][7.806s][info][gc,stats    ] Pause Final Update Refs (N)         286 us
[2026-04-03T01:42:42.002+0600][7.806s][info][gc,stats    ]   Update Region States               95 us
[2026-04-03T01:42:42.002+0600][7.806s][info][gc,stats    ]   Trash Collection Set                9 us
[2026-04-03T01:42:42.002+0600][7.806s][info][gc,stats    ]   Rebuild Free Set                   46 us
[2026-04-03T01:42:42.002+0600][7.806s][info][gc,stats    ] Concurrent Cleanup                  981 us
[2026-04-03T01:42:42.002+0600][7.806s][info][gc,stats    ] 
[2026-04-03T01:42:42.002+0600][7.806s][info][gc,stats    ] Allocation pacing accrued:
[2026-04-03T01:42:42.002+0600][7.806s][info][gc,stats    ]       0 of  3285 ms (  0.0%): <total>
[2026-04-03T01:42:42.002+0600][7.806s][info][gc,stats    ]       0 of  3285 ms (  0.0%): <average total>
[2026-04-03T01:42:42.002+0600][7.806s][info][gc,stats    ] 
[2026-04-03T01:42:42.002+0600][7.806s][info][gc,metaspace] Metaspace: 36473K(36864K)->36607K(36992K) NonClass: 31934K(32192K)->32042K(32256K) Class: 4538K(4672K)->4565K(4736K)
[2026-04-03T01:42:42.002+0600][7.806s][info][gc,ergo     ] Pacer for Idle. Initial: 80302K, Alloc Tax Rate: 1.0x
[2026-04-03T01:42:46.455+0600][12.259s][info][gc          ] Trigger: Metadata GC Threshold
[2026-04-03T01:42:46.455+0600][12.259s][info][gc,ergo     ] Free: 3492M, Max: 1024K regular, 3416M humongous, Frag: 3% external, 0% internal; Reserve: 197M, Max: 1024K
[2026-04-03T01:42:46.455+0600][12.259s][info][gc,start    ] GC(2) Concurrent reset
[2026-04-03T01:42:46.455+0600][12.259s][info][gc,task     ] GC(2) Using 3 of 6 workers for concurrent reset
[2026-04-03T01:42:46.455+0600][12.259s][info][gc,ergo     ] GC(2) Pacer for Reset. Non-Taxable: 3921M
[2026-04-03T01:42:46.456+0600][12.261s][info][gc          ] GC(2) Concurrent reset 1.083ms
[2026-04-03T01:42:46.457+0600][12.261s][info][gc,start    ] GC(2) Pause Init Mark (unload classes)
[2026-04-03T01:42:46.457+0600][12.261s][info][gc,task     ] GC(2) Using 6 of 6 workers for init marking
[2026-04-03T01:42:46.457+0600][12.261s][info][gc,ergo     ] GC(2) Pacer for Mark. Expected Live: 20168K, Free: 3492M, Non-Taxable: 349M, Alloc Tax Rate: 0.0x
[2026-04-03T01:42:46.457+0600][12.261s][info][gc          ] GC(2) Pause Init Mark (unload classes) 0.153ms
[2026-04-03T01:42:46.457+0600][12.261s][info][gc,start    ] GC(2) Concurrent marking roots
[2026-04-03T01:42:46.457+0600][12.261s][info][gc,task     ] GC(2) Using 3 of 6 workers for concurrent marking roots
[2026-04-03T01:42:46.458+0600][12.263s][info][gc          ] GC(2) Concurrent marking roots 1.608ms
[2026-04-03T01:42:46.459+0600][12.263s][info][gc,start    ] GC(2) Concurrent marking (unload classes)
[2026-04-03T01:42:46.459+0600][12.263s][info][gc,task     ] GC(2) Using 3 of 6 workers for concurrent marking
[2026-04-03T01:42:46.477+0600][12.281s][info][gc          ] GC(2) Concurrent marking (unload classes) 18.622ms
[2026-04-03T01:42:46.477+0600][12.281s][info][gc,start    ] GC(2) Pause Final Mark (unload classes)
[2026-04-03T01:42:46.477+0600][12.282s][info][gc,task     ] GC(2) Using 6 of 6 workers for final marking
[2026-04-03T01:42:46.478+0600][12.282s][info][gc,ergo     ] GC(2) Adaptive CSet Selection. Target Free: 555M, Actual Free: 3701M, Max CSet: 163M, Min Garbage: 0B
[2026-04-03T01:42:46.478+0600][12.282s][info][gc,ergo     ] GC(2) Collectable Garbage: 186M (98%), Immediate: 14851K (7%), CSet: 171M (91%)
[2026-04-03T01:42:46.478+0600][12.282s][info][gc,ergo     ] GC(2) Pacer for Evacuation. Used CSet: 179M, Free: 3517M, Non-Taxable: 351M, Alloc Tax Rate: 1.1x
[2026-04-03T01:42:46.478+0600][12.282s][info][gc          ] GC(2) Pause Final Mark (unload classes) 0.628ms
[2026-04-03T01:42:46.478+0600][12.282s][info][gc,start    ] GC(2) Concurrent thread roots
[2026-04-03T01:42:46.478+0600][12.282s][info][gc,task     ] GC(2) Using 3 of 6 workers for Concurrent thread roots
[2026-04-03T01:42:46.479+0600][12.283s][info][gc          ] GC(2) Concurrent thread roots 0.817ms
[2026-04-03T01:42:46.479+0600][12.283s][info][gc,start    ] GC(2) Concurrent weak references
[2026-04-03T01:42:46.479+0600][12.283s][info][gc,task     ] GC(2) Using 3 of 6 workers for concurrent weak references
[2026-04-03T01:42:46.480+0600][12.284s][info][gc,ref      ] GC(2) Encountered references: Soft: 4005, Weak: 5084, Final: 82, Phantom: 588
[2026-04-03T01:42:46.480+0600][12.284s][info][gc,ref      ] GC(2) Discovered  references: Soft: 0, Weak: 2602, Final: 50, Phantom: 583
[2026-04-03T01:42:46.480+0600][12.284s][info][gc,ref      ] GC(2) Enqueued    references: Soft: 0, Weak: 707, Final: 0, Phantom: 0
[2026-04-03T01:42:46.480+0600][12.284s][info][gc          ] GC(2) Concurrent weak references 1.109ms
[2026-04-03T01:42:46.480+0600][12.284s][info][gc,start    ] GC(2) Concurrent weak roots
[2026-04-03T01:42:46.480+0600][12.284s][info][gc,task     ] GC(2) Using 3 of 6 workers for concurrent weak root
[2026-04-03T01:42:46.483+0600][12.287s][info][gc          ] GC(2) Concurrent weak roots 2.284ms
[2026-04-03T01:42:46.483+0600][12.287s][info][gc,start    ] GC(2) Concurrent cleanup
[2026-04-03T01:42:46.483+0600][12.287s][info][gc          ] GC(2) Concurrent cleanup 221M->206M(401M) 0.310ms
[2026-04-03T01:42:46.483+0600][12.287s][info][gc,ergo     ] GC(2) Free: 3516M, Max: 1024K regular, 3416M humongous, Frag: 3% external, 0% internal; Reserve: 196M, Max: 1024K
[2026-04-03T01:42:46.483+0600][12.287s][info][gc,start    ] GC(2) Concurrent class unloading
[2026-04-03T01:42:46.483+0600][12.287s][info][gc,task     ] GC(2) Using 3 of 6 workers for concurrent class unloading
[2026-04-03T01:42:46.489+0600][12.293s][info][gc          ] GC(2) Concurrent class unloading 6.302ms
[2026-04-03T01:42:46.489+0600][12.294s][info][gc,start    ] GC(2) Concurrent strong roots
[2026-04-03T01:42:46.490+0600][12.294s][info][gc,task     ] GC(2) Using 3 of 6 workers for concurrent strong root
[2026-04-03T01:42:46.492+0600][12.296s][info][gc          ] GC(2) Concurrent strong roots 2.667ms
[2026-04-03T01:42:46.492+0600][12.296s][info][gc,start    ] GC(2) Concurrent evacuation
[2026-04-03T01:42:46.492+0600][12.296s][info][gc,task     ] GC(2) Using 3 of 6 workers for concurrent evacuation
[2026-04-03T01:42:46.502+0600][12.306s][info][gc          ] GC(2) Concurrent evacuation 9.257ms
[2026-04-03T01:42:46.502+0600][12.306s][info][gc,start    ] GC(2) Pause Init Update Refs
[2026-04-03T01:42:46.502+0600][12.306s][info][gc,ergo     ] GC(2) Pacer for Update Refs. Used: 215M, Free: 3515M, Non-Taxable: 351M, Alloc Tax Rate: 1.1x
[2026-04-03T01:42:46.502+0600][12.306s][info][gc          ] GC(2) Pause Init Update Refs 0.097ms
[2026-04-03T01:42:46.502+0600][12.306s][info][gc,start    ] GC(2) Concurrent update references
[2026-04-03T01:42:46.502+0600][12.306s][info][gc,task     ] GC(2) Using 3 of 6 workers for concurrent reference update
[2026-04-03T01:42:46.517+0600][12.321s][info][gc          ] GC(2) Concurrent update references 14.449ms
[2026-04-03T01:42:46.517+0600][12.321s][info][gc,start    ] GC(2) Concurrent update thread roots
[2026-04-03T01:42:46.517+0600][12.321s][info][gc          ] GC(2) Concurrent update thread roots 0.708ms
[2026-04-03T01:42:46.518+0600][12.322s][info][gc,start    ] GC(2) Pause Final Update Refs
[2026-04-03T01:42:46.518+0600][12.322s][info][gc,task     ] GC(2) Using 6 of 6 workers for final reference update
[2026-04-03T01:42:46.518+0600][12.322s][info][gc          ] GC(2) Pause Final Update Refs 0.247ms
[2026-04-03T01:42:46.518+0600][12.322s][info][gc,start    ] GC(2) Concurrent cleanup
[2026-04-03T01:42:46.518+0600][12.322s][info][gc          ] GC(2) Concurrent cleanup 215M->36M(407M) 0.312ms
[2026-04-03T01:42:46.518+0600][12.322s][info][gc,ergo     ] Free: 3686M, Max: 1024K regular, 3411M humongous, Frag: 8% external, 0% internal; Reserve: 197M, Max: 1024K
[2026-04-03T01:42:46.519+0600][12.323s][info][gc,stats    ] 
[2026-04-03T01:42:46.519+0600][12.323s][info][gc,stats    ] All times are wall-clock times, except per-root-class counters, that are sum over
[2026-04-03T01:42:46.519+0600][12.323s][info][gc,stats    ] all workers. Dividing the <total> over the root stage time estimates parallelism.
[2026-04-03T01:42:46.519+0600][12.323s][info][gc,stats    ] 
[2026-04-03T01:42:46.519+0600][12.323s][info][gc,stats    ] Concurrent Reset                   1145 us
[2026-04-03T01:42:46.519+0600][12.323s][info][gc,stats    ] Pause Init Mark (G)                 335 us
[2026-04-03T01:42:46.519+0600][12.323s][info][gc,stats    ] Pause Init Mark (N)                 166 us
[2026-04-03T01:42:46.519+0600][12.323s][info][gc,stats    ]   Update Region States               37 us
[2026-04-03T01:42:46.519+0600][12.323s][info][gc,stats    ] Concurrent Mark Roots              1670 us, parallelism: 2.49x
[2026-04-03T01:42:46.519+0600][12.323s][info][gc,stats    ]   CMR: <total>                     4151 us
[2026-04-03T01:42:46.519+0600][12.323s][info][gc,stats    ]   CMR: Thread Roots                3701 us, workers (us): 1022, 1342, 1337, ---, ---, ---, 
[2026-04-03T01:42:46.519+0600][12.323s][info][gc,stats    ]   CMR: VM Strong Roots              146 us, workers (us):  53,  49,  45, ---, ---, ---, 
[2026-04-03T01:42:46.519+0600][12.323s][info][gc,stats    ]   CMR: CLDG Roots                   305 us, workers (us): 305, ---, ---, ---, ---, ---, 
[2026-04-03T01:42:46.519+0600][12.323s][info][gc,stats    ] Concurrent Marking                18742 us
[2026-04-03T01:42:46.519+0600][12.323s][info][gc,stats    ] Pause Final Mark (G)                955 us
[2026-04-03T01:42:46.519+0600][12.323s][info][gc,stats    ] Pause Final Mark (N)                679 us
[2026-04-03T01:42:46.519+0600][12.323s][info][gc,stats    ]   Finish Mark                       168 us
[2026-04-03T01:42:46.519+0600][12.323s][info][gc,stats    ]   Update Region States               94 us
[2026-04-03T01:42:46.519+0600][12.323s][info][gc,stats    ]   Choose Collection Set             209 us
[2026-04-03T01:42:46.519+0600][12.323s][info][gc,stats    ]   Rebuild Free Set                   41 us
[2026-04-03T01:42:46.519+0600][12.323s][info][gc,stats    ] Concurrent Thread Roots             888 us, parallelism: 1.81x
[2026-04-03T01:42:46.519+0600][12.323s][info][gc,stats    ]   CTR: <total>                     1608 us
[2026-04-03T01:42:46.519+0600][12.323s][info][gc,stats    ]   CTR: Thread Roots                1608 us, workers (us): 598, 597, 412, ---, ---, ---, 
[2026-04-03T01:42:46.519+0600][12.323s][info][gc,stats    ] Concurrent Weak References         1128 us, parallelism: 0.83x
[2026-04-03T01:42:46.519+0600][12.323s][info][gc,stats    ]   CWRF: <total>                     935 us
[2026-04-03T01:42:46.519+0600][12.323s][info][gc,stats    ]   CWRF: Weak References             935 us, workers (us): 680, 219,  36, ---, ---, ---, 
[2026-04-03T01:42:46.519+0600][12.323s][info][gc,stats    ] Concurrent Weak Roots              2382 us
[2026-04-03T01:42:46.519+0600][12.323s][info][gc,stats    ]   Roots                            2064 us, parallelism: 2.62x
[2026-04-03T01:42:46.519+0600][12.323s][info][gc,stats    ]     CWR: <total>                   5403 us
[2026-04-03T01:42:46.519+0600][12.323s][info][gc,stats    ]     CWR: Code Cache Roots          2270 us, workers (us): 737, 804, 730, ---, ---, ---, 
[2026-04-03T01:42:46.519+0600][12.323s][info][gc,stats    ]     CWR: VM Weak Roots             3090 us, workers (us): 1019, 1029, 1042, ---, ---, ---, 
[2026-04-03T01:42:46.519+0600][12.323s][info][gc,stats    ]     CWR: CLDG Roots                  42 us, workers (us):  42, ---, ---, ---, ---, ---, 
[2026-04-03T01:42:46.519+0600][12.323s][info][gc,stats    ]   Rendezvous                        181 us
[2026-04-03T01:42:46.519+0600][12.323s][info][gc,stats    ] Concurrent Cleanup                  346 us
[2026-04-03T01:42:46.519+0600][12.323s][info][gc,stats    ] Concurrent Class Unloading         6408 us
[2026-04-03T01:42:46.519+0600][12.323s][info][gc,stats    ]   Unlink Stale                     4629 us
[2026-04-03T01:42:46.519+0600][12.323s][info][gc,stats    ]     System Dictionary                82 us
[2026-04-03T01:42:46.519+0600][12.323s][info][gc,stats    ]     Weak Class Links                  1 us
[2026-04-03T01:42:46.519+0600][12.323s][info][gc,stats    ]     Code Roots                     4540 us
[2026-04-03T01:42:46.519+0600][12.323s][info][gc,stats    ]   Rendezvous                        166 us
[2026-04-03T01:42:46.519+0600][12.323s][info][gc,stats    ]   Purge Unlinked                   1460 us
[2026-04-03T01:42:46.519+0600][12.323s][info][gc,stats    ]     Code Roots                     1440 us
[2026-04-03T01:42:46.519+0600][12.323s][info][gc,stats    ]     CLDG                             18 us
[2026-04-03T01:42:46.519+0600][12.323s][info][gc,stats    ]     Exception Caches                  0 us
[2026-04-03T01:42:46.519+0600][12.323s][info][gc,stats    ] Concurrent Strong Roots            2764 us, parallelism: 0.89x
[2026-04-03T01:42:46.519+0600][12.323s][info][gc,stats    ]   CSR: <total>                     2465 us
[2026-04-03T01:42:46.519+0600][12.323s][info][gc,stats    ]   CSR: VM Strong Roots               53 us, workers (us):  26,  17,  10, ---, ---, ---, 
[2026-04-03T01:42:46.519+0600][12.323s][info][gc,stats    ]   CSR: CLDG Roots                  2412 us, workers (us): ---, 2412, ---, ---, ---, ---, 
[2026-04-03T01:42:46.519+0600][12.323s][info][gc,stats    ] Concurrent Evacuation              9365 us
[2026-04-03T01:42:46.519+0600][12.323s][info][gc,stats    ] Pause Init Update Refs (G)          469 us
[2026-04-03T01:42:46.519+0600][12.323s][info][gc,stats    ] Pause Init Update Refs (N)          118 us
[2026-04-03T01:42:46.519+0600][12.323s][info][gc,stats    ]   Manage GCLABs                      14 us
[2026-04-03T01:42:46.519+0600][12.323s][info][gc,stats    ] Concurrent Update Refs            14542 us
[2026-04-03T01:42:46.519+0600][12.323s][info][gc,stats    ] Concurrent Update Thread Roots      798 us
[2026-04-03T01:42:46.519+0600][12.323s][info][gc,stats    ] Pause Final Update Refs (G)         599 us
[2026-04-03T01:42:46.519+0600][12.323s][info][gc,stats    ] Pause Final Update Refs (N)         268 us
[2026-04-03T01:42:46.519+0600][12.323s][info][gc,stats    ]   Update Region States               85 us
[2026-04-03T01:42:46.519+0600][12.323s][info][gc,stats    ]   Trash Collection Set               14 us
[2026-04-03T01:42:46.519+0600][12.323s][info][gc,stats    ]   Rebuild Free Set                   45 us
[2026-04-03T01:42:46.519+0600][12.323s][info][gc,stats    ] Concurrent Cleanup                  340 us
[2026-04-03T01:42:46.519+0600][12.323s][info][gc,stats    ] 
[2026-04-03T01:42:46.519+0600][12.323s][info][gc,stats    ] Allocation pacing accrued:
[2026-04-03T01:42:46.519+0600][12.323s][info][gc,stats    ]       0 of  4517 ms (  0.0%): <total>
[2026-04-03T01:42:46.519+0600][12.323s][info][gc,stats    ]       0 of  4517 ms (  0.0%): <average total>
[2026-04-03T01:42:46.519+0600][12.323s][info][gc,stats    ] 
[2026-04-03T01:42:46.519+0600][12.323s][info][gc,metaspace] Metaspace: 61270K(61760K)->61322K(61760K) NonClass: 53762K(54080K)->53811K(54080K) Class: 7507K(7680K)->7511K(7680K)
[2026-04-03T01:42:46.519+0600][12.323s][info][gc,ergo     ] Pacer for Idle. Initial: 80302K, Alloc Tax Rate: 1.0x
[2026-04-03T01:42:50.066+0600][15.870s][info][gc          ] Trigger: Metadata GC Threshold
[2026-04-03T01:42:50.066+0600][15.870s][info][gc,ergo     ] Free: 3374M, Max: 1024K regular, 3374M humongous, Frag: 0% external, 0% internal; Reserve: 197M, Max: 1024K
[2026-04-03T01:42:50.066+0600][15.870s][info][gc,start    ] GC(3) Concurrent reset
[2026-04-03T01:42:50.066+0600][15.870s][info][gc,task     ] GC(3) Using 3 of 6 workers for concurrent reset
[2026-04-03T01:42:50.066+0600][15.870s][info][gc,ergo     ] GC(3) Pacer for Reset. Non-Taxable: 3921M
[2026-04-03T01:42:50.067+0600][15.871s][info][gc          ] GC(3) Concurrent reset 1.036ms
[2026-04-03T01:42:50.067+0600][15.871s][info][gc,start    ] GC(3) Pause Init Mark (unload classes)
[2026-04-03T01:42:50.067+0600][15.871s][info][gc,task     ] GC(3) Using 6 of 6 workers for init marking
[2026-04-03T01:42:50.067+0600][15.871s][info][gc,ergo     ] GC(3) Pacer for Mark. Expected Live: 23378K, Free: 3374M, Non-Taxable: 337M, Alloc Tax Rate: 0.0x
[2026-04-03T01:42:50.067+0600][15.871s][info][gc          ] GC(3) Pause Init Mark (unload classes) 0.111ms
[2026-04-03T01:42:50.067+0600][15.871s][info][gc,start    ] GC(3) Concurrent marking roots
[2026-04-03T01:42:50.067+0600][15.871s][info][gc,task     ] GC(3) Using 3 of 6 workers for concurrent marking roots
[2026-04-03T01:42:50.068+0600][15.872s][info][gc          ] GC(3) Concurrent marking roots 0.877ms
[2026-04-03T01:42:50.068+0600][15.872s][info][gc,start    ] GC(3) Concurrent marking (unload classes)
[2026-04-03T01:42:50.068+0600][15.872s][info][gc,task     ] GC(3) Using 3 of 6 workers for concurrent marking
[2026-04-03T01:42:50.095+0600][15.899s][info][gc          ] GC(3) Concurrent marking (unload classes) 26.754ms
[2026-04-03T01:42:50.095+0600][15.899s][info][gc,start    ] GC(3) Pause Final Mark (unload classes)
[2026-04-03T01:42:50.095+0600][15.899s][info][gc,task     ] GC(3) Using 6 of 6 workers for final marking
[2026-04-03T01:42:50.096+0600][15.900s][info][gc,ergo     ] GC(3) Adaptive CSet Selection. Target Free: 555M, Actual Free: 3572M, Max CSet: 163M, Min Garbage: 0B
[2026-04-03T01:42:50.096+0600][15.900s][info][gc,ergo     ] GC(3) Collectable Garbage: 301M (99%), Immediate: 2814K (0%), CSet: 298M (98%)
[2026-04-03T01:42:50.096+0600][15.900s][info][gc,ergo     ] GC(3) Pacer for Evacuation. Used CSet: 314M, Free: 3377M, Non-Taxable: 337M, Alloc Tax Rate: 1.1x
[2026-04-03T01:42:50.096+0600][15.900s][info][gc          ] GC(3) Pause Final Mark (unload classes) 0.697ms
[2026-04-03T01:42:50.096+0600][15.900s][info][gc,start    ] GC(3) Concurrent thread roots
[2026-04-03T01:42:50.096+0600][15.900s][info][gc,task     ] GC(3) Using 3 of 6 workers for Concurrent thread roots
[2026-04-03T01:42:50.097+0600][15.901s][info][gc          ] GC(3) Concurrent thread roots 0.518ms
[2026-04-03T01:42:50.097+0600][15.901s][info][gc,start    ] GC(3) Concurrent weak references
[2026-04-03T01:42:50.097+0600][15.901s][info][gc,task     ] GC(3) Using 3 of 6 workers for concurrent weak references
[2026-04-03T01:42:50.098+0600][15.902s][info][gc,ref      ] GC(3) Encountered references: Soft: 4579, Weak: 13392, Final: 84, Phantom: 592
[2026-04-03T01:42:50.098+0600][15.902s][info][gc,ref      ] GC(3) Discovered  references: Soft: 0, Weak: 7032, Final: 0, Phantom: 585
[2026-04-03T01:42:50.098+0600][15.902s][info][gc,ref      ] GC(3) Enqueued    references: Soft: 0, Weak: 3557, Final: 0, Phantom: 1
[2026-04-03T01:42:50.098+0600][15.902s][info][gc          ] GC(3) Concurrent weak references 1.538ms
[2026-04-03T01:42:50.098+0600][15.902s][info][gc,start    ] GC(3) Concurrent weak roots
[2026-04-03T01:42:50.098+0600][15.902s][info][gc,task     ] GC(3) Using 3 of 6 workers for concurrent weak root
[2026-04-03T01:42:50.101+0600][15.905s][info][gc          ] GC(3) Concurrent weak roots 2.916ms
[2026-04-03T01:42:50.101+0600][15.905s][info][gc,start    ] GC(3) Concurrent cleanup
[2026-04-03T01:42:50.101+0600][15.906s][info][gc          ] GC(3) Concurrent cleanup 349M->346M(407M) 0.267ms
[2026-04-03T01:42:50.102+0600][15.906s][info][gc,ergo     ] GC(3) Free: 3376M, Max: 1024K regular, 3372M humongous, Frag: 1% external, 0% internal; Reserve: 196M, Max: 1024K
[2026-04-03T01:42:50.102+0600][15.906s][info][gc,start    ] GC(3) Concurrent class unloading
[2026-04-03T01:42:50.102+0600][15.906s][info][gc,task     ] GC(3) Using 3 of 6 workers for concurrent class unloading
[2026-04-03T01:42:50.113+0600][15.917s][info][gc          ] GC(3) Concurrent class unloading 11.346ms
[2026-04-03T01:42:50.113+0600][15.917s][info][gc,start    ] GC(3) Concurrent strong roots
[2026-04-03T01:42:50.113+0600][15.917s][info][gc,task     ] GC(3) Using 3 of 6 workers for concurrent strong root
[2026-04-03T01:42:50.115+0600][15.919s][info][gc          ] GC(3) Concurrent strong roots 2.088ms
[2026-04-03T01:42:50.115+0600][15.919s][info][gc,start    ] GC(3) Concurrent evacuation
[2026-04-03T01:42:50.115+0600][15.919s][info][gc,task     ] GC(3) Using 3 of 6 workers for concurrent evacuation
[2026-04-03T01:42:50.130+0600][15.934s][info][gc          ] GC(3) Concurrent evacuation 15.193ms
[2026-04-03T01:42:50.131+0600][15.935s][info][gc,start    ] GC(3) Pause Init Update Refs
[2026-04-03T01:42:50.131+0600][15.935s][info][gc,ergo     ] GC(3) Pacer for Update Refs. Used: 362M, Free: 3376M, Non-Taxable: 337M, Alloc Tax Rate: 1.1x
[2026-04-03T01:42:50.131+0600][15.935s][info][gc          ] GC(3) Pause Init Update Refs 0.134ms
[2026-04-03T01:42:50.131+0600][15.935s][info][gc,start    ] GC(3) Concurrent update references
[2026-04-03T01:42:50.131+0600][15.935s][info][gc,task     ] GC(3) Using 3 of 6 workers for concurrent reference update
[2026-04-03T01:42:50.152+0600][15.956s][info][gc          ] GC(3) Concurrent update references 20.736ms
[2026-04-03T01:42:50.152+0600][15.956s][info][gc,start    ] GC(3) Concurrent update thread roots
[2026-04-03T01:42:50.153+0600][15.957s][info][gc          ] GC(3) Concurrent update thread roots 0.931ms
[2026-04-03T01:42:50.153+0600][15.957s][info][gc,start    ] GC(3) Pause Final Update Refs
[2026-04-03T01:42:50.153+0600][15.957s][info][gc,task     ] GC(3) Using 6 of 6 workers for final reference update
[2026-04-03T01:42:50.153+0600][15.957s][info][gc          ] GC(3) Pause Final Update Refs 0.219ms
[2026-04-03T01:42:50.153+0600][15.957s][info][gc,start    ] GC(3) Concurrent cleanup
[2026-04-03T01:42:50.154+0600][15.958s][info][gc          ] GC(3) Concurrent cleanup 363M->49M(420M) 0.355ms
[2026-04-03T01:42:50.154+0600][15.958s][info][gc,ergo     ] Free: 3673M, Max: 1024K regular, 3358M humongous, Frag: 9% external, 0% internal; Reserve: 197M, Max: 1024K
[2026-04-03T01:42:50.154+0600][15.958s][info][gc,stats    ] 
[2026-04-03T01:42:50.154+0600][15.958s][info][gc,stats    ] All times are wall-clock times, except per-root-class counters, that are sum over
[2026-04-03T01:42:50.154+0600][15.958s][info][gc,stats    ] all workers. Dividing the <total> over the root stage time estimates parallelism.
[2026-04-03T01:42:50.154+0600][15.958s][info][gc,stats    ] 
[2026-04-03T01:42:50.154+0600][15.958s][info][gc,stats    ] Concurrent Reset                   1083 us
[2026-04-03T01:42:50.154+0600][15.958s][info][gc,stats    ] Pause Init Mark (G)                 360 us
[2026-04-03T01:42:50.154+0600][15.958s][info][gc,stats    ] Pause Init Mark (N)                 121 us
[2026-04-03T01:42:50.154+0600][15.958s][info][gc,stats    ]   Update Region States               23 us
[2026-04-03T01:42:50.154+0600][15.958s][info][gc,stats    ] Concurrent Mark Roots               914 us, parallelism: 1.52x
[2026-04-03T01:42:50.154+0600][15.958s][info][gc,stats    ]   CMR: <total>                     1390 us
[2026-04-03T01:42:50.154+0600][15.958s][info][gc,stats    ]   CMR: Thread Roots                1225 us, workers (us): 261, 625, 339, ---, ---, ---, 
[2026-04-03T01:42:50.154+0600][15.958s][info][gc,stats    ]   CMR: VM Strong Roots               18 us, workers (us):  16,   0,   1, ---, ---, ---, 
[2026-04-03T01:42:50.154+0600][15.958s][info][gc,stats    ]   CMR: CLDG Roots                   148 us, workers (us): 148, ---, ---, ---, ---, ---, 
[2026-04-03T01:42:50.154+0600][15.958s][info][gc,stats    ] Concurrent Marking                26838 us
[2026-04-03T01:42:50.154+0600][15.958s][info][gc,stats    ] Pause Final Mark (G)                994 us
[2026-04-03T01:42:50.154+0600][15.958s][info][gc,stats    ] Pause Final Mark (N)                713 us
[2026-04-03T01:42:50.154+0600][15.958s][info][gc,stats    ]   Finish Mark                       237 us
[2026-04-03T01:42:50.154+0600][15.958s][info][gc,stats    ]   Update Region States               53 us
[2026-04-03T01:42:50.154+0600][15.958s][info][gc,stats    ]   Choose Collection Set             269 us
[2026-04-03T01:42:50.154+0600][15.958s][info][gc,stats    ]   Rebuild Free Set                   36 us
[2026-04-03T01:42:50.154+0600][15.958s][info][gc,stats    ] Concurrent Thread Roots             556 us, parallelism: 1.71x
[2026-04-03T01:42:50.154+0600][15.958s][info][gc,stats    ]   CTR: <total>                      950 us
[2026-04-03T01:42:50.154+0600][15.958s][info][gc,stats    ]   CTR: Thread Roots                 950 us, workers (us): 350, 331, 268, ---, ---, ---, 
[2026-04-03T01:42:50.154+0600][15.958s][info][gc,stats    ] Concurrent Weak References         1553 us, parallelism: 1.63x
[2026-04-03T01:42:50.154+0600][15.958s][info][gc,stats    ]   CWRF: <total>                    2525 us
[2026-04-03T01:42:50.154+0600][15.958s][info][gc,stats    ]   CWRF: Weak References            2525 us, workers (us): 1322, 1200,   2, ---, ---, ---, 
[2026-04-03T01:42:50.154+0600][15.958s][info][gc,stats    ] Concurrent Weak Roots              3007 us
[2026-04-03T01:42:50.154+0600][15.958s][info][gc,stats    ]   Roots                            2675 us, parallelism: 2.73x
[2026-04-03T01:42:50.154+0600][15.958s][info][gc,stats    ]     CWR: <total>                   7315 us
[2026-04-03T01:42:50.154+0600][15.958s][info][gc,stats    ]     CWR: Code Cache Roots          3620 us, workers (us): 1184, 1246, 1190, ---, ---, ---, 
[2026-04-03T01:42:50.154+0600][15.958s][info][gc,stats    ]     CWR: VM Weak Roots             3646 us, workers (us): 1254, 1234, 1158, ---, ---, ---, 
[2026-04-03T01:42:50.154+0600][15.958s][info][gc,stats    ]     CWR: CLDG Roots                  49 us, workers (us): ---, ---,  49, ---, ---, ---, 
[2026-04-03T01:42:50.154+0600][15.958s][info][gc,stats    ]   Rendezvous                        209 us
[2026-04-03T01:42:50.154+0600][15.958s][info][gc,stats    ] Concurrent Cleanup                  301 us
[2026-04-03T01:42:50.154+0600][15.958s][info][gc,stats    ] Concurrent Class Unloading        11447 us
[2026-04-03T01:42:50.154+0600][15.958s][info][gc,stats    ]   Unlink Stale                     5844 us
[2026-04-03T01:42:50.154+0600][15.958s][info][gc,stats    ]     System Dictionary                74 us
[2026-04-03T01:42:50.154+0600][15.958s][info][gc,stats    ]     Weak Class Links                  1 us
[2026-04-03T01:42:50.154+0600][15.958s][info][gc,stats    ]     Code Roots                     5764 us
[2026-04-03T01:42:50.154+0600][15.958s][info][gc,stats    ]   Rendezvous                        806 us
[2026-04-03T01:42:50.154+0600][15.958s][info][gc,stats    ]   Purge Unlinked                   4654 us
[2026-04-03T01:42:50.154+0600][15.958s][info][gc,stats    ]     Code Roots                     4598 us
[2026-04-03T01:42:50.154+0600][15.958s][info][gc,stats    ]     CLDG                             54 us
[2026-04-03T01:42:50.154+0600][15.958s][info][gc,stats    ]     Exception Caches                  0 us
[2026-04-03T01:42:50.154+0600][15.959s][info][gc,stats    ] Concurrent Strong Roots            2218 us, parallelism: 0.81x
[2026-04-03T01:42:50.154+0600][15.959s][info][gc,stats    ]   CSR: <total>                     1796 us
[2026-04-03T01:42:50.154+0600][15.959s][info][gc,stats    ]   CSR: VM Strong Roots               31 us, workers (us):  28,   3,   0, ---, ---, ---, 
[2026-04-03T01:42:50.154+0600][15.959s][info][gc,stats    ]   CSR: CLDG Roots                  1765 us, workers (us): ---, 1765, ---, ---, ---, ---, 
[2026-04-03T01:42:50.155+0600][15.959s][info][gc,stats    ] Concurrent Evacuation             15299 us
[2026-04-03T01:42:50.155+0600][15.959s][info][gc,stats    ] Pause Init Update Refs (G)          512 us
[2026-04-03T01:42:50.155+0600][15.959s][info][gc,stats    ] Pause Init Update Refs (N)          148 us
[2026-04-03T01:42:50.155+0600][15.959s][info][gc,stats    ]   Manage GCLABs                      23 us
[2026-04-03T01:42:50.155+0600][15.959s][info][gc,stats    ] Concurrent Update Refs            20849 us
[2026-04-03T01:42:50.155+0600][15.959s][info][gc,stats    ] Concurrent Update Thread Roots     1038 us
[2026-04-03T01:42:50.155+0600][15.959s][info][gc,stats    ] Pause Final Update Refs (G)         477 us
[2026-04-03T01:42:50.155+0600][15.959s][info][gc,stats    ] Pause Final Update Refs (N)         252 us
[2026-04-03T01:42:50.155+0600][15.959s][info][gc,stats    ]   Update Region States               66 us
[2026-04-03T01:42:50.155+0600][15.959s][info][gc,stats    ]   Trash Collection Set               12 us
[2026-04-03T01:42:50.155+0600][15.959s][info][gc,stats    ]   Rebuild Free Set                   48 us
[2026-04-03T01:42:50.155+0600][15.959s][info][gc,stats    ] Concurrent Cleanup                  384 us
[2026-04-03T01:42:50.155+0600][15.959s][info][gc,stats    ] 
[2026-04-03T01:42:50.155+0600][15.959s][info][gc,stats    ] Allocation pacing accrued:
[2026-04-03T01:42:50.155+0600][15.959s][info][gc,stats    ]       0 of  3635 ms (  0.0%): <total>
[2026-04-03T01:42:50.155+0600][15.959s][info][gc,stats    ]       0 of  3635 ms (  0.0%): <average total>
[2026-04-03T01:42:50.155+0600][15.959s][info][gc,stats    ] 
[2026-04-03T01:42:50.155+0600][15.959s][info][gc,metaspace] Metaspace: 102430K(103040K)->102906K(103488K) NonClass: 89611K(89984K)->89999K(90304K) Class: 12819K(13056K)->12907K(13184K)
[2026-04-03T01:42:50.155+0600][15.959s][info][gc,ergo     ] Pacer for Idle. Initial: 80302K, Alloc Tax Rate: 1.0x
[2026-04-03T01:42:57.432+0600][23.236s][info][gc          ] Trigger: Learning 5 of 5. Free (2744M) is below initial threshold (2744M)
[2026-04-03T01:42:57.432+0600][23.237s][info][gc,ergo     ] Free: 2744M, Max: 1024K regular, 2744M humongous, Frag: 0% external, 0% internal; Reserve: 197M, Max: 1024K
[2026-04-03T01:42:57.433+0600][23.237s][info][gc,start    ] GC(4) Concurrent reset
[2026-04-03T01:42:57.433+0600][23.237s][info][gc,task     ] GC(4) Using 3 of 6 workers for concurrent reset
[2026-04-03T01:42:57.433+0600][23.237s][info][gc,ergo     ] GC(4) Pacer for Reset. Non-Taxable: 3921M
[2026-04-03T01:42:57.434+0600][23.238s][info][gc          ] GC(4) Concurrent reset 1.447ms
[2026-04-03T01:42:57.434+0600][23.238s][info][gc,start    ] GC(4) Pause Init Mark (unload classes)
[2026-04-03T01:42:57.435+0600][23.239s][info][gc,task     ] GC(4) Using 6 of 6 workers for init marking
[2026-04-03T01:42:57.435+0600][23.239s][info][gc,ergo     ] GC(4) Pacer for Mark. Expected Live: 28371K, Free: 2744M, Non-Taxable: 274M, Alloc Tax Rate: 0.0x
[2026-04-03T01:42:57.435+0600][23.239s][info][gc          ] GC(4) Pause Init Mark (unload classes) 0.199ms
[2026-04-03T01:42:57.435+0600][23.239s][info][gc,start    ] GC(4) Concurrent marking roots
[2026-04-03T01:42:57.435+0600][23.239s][info][gc,task     ] GC(4) Using 3 of 6 workers for concurrent marking roots
[2026-04-03T01:42:57.437+0600][23.241s][info][gc          ] GC(4) Concurrent marking roots 2.270ms
[2026-04-03T01:42:57.437+0600][23.241s][info][gc,start    ] GC(4) Concurrent marking (unload classes)
[2026-04-03T01:42:57.437+0600][23.241s][info][gc,task     ] GC(4) Using 3 of 6 workers for concurrent marking
[2026-04-03T01:42:57.490+0600][23.294s][info][gc          ] GC(4) Concurrent marking (unload classes) 53.133ms
[2026-04-03T01:42:57.490+0600][23.294s][info][gc,start    ] GC(4) Pause Final Mark (unload classes)
[2026-04-03T01:42:57.491+0600][23.295s][info][gc,task     ] GC(4) Using 6 of 6 workers for final marking
[2026-04-03T01:42:57.491+0600][23.295s][info][gc,ergo     ] GC(4) Adaptive CSet Selection. Target Free: 555M, Actual Free: 3418M, Max CSet: 163M, Min Garbage: 0B
[2026-04-03T01:42:57.491+0600][23.295s][info][gc,ergo     ] GC(4) Collectable Garbage: 810M (99%), Immediate: 494M (60%), CSet: 315M (38%)
[2026-04-03T01:42:57.491+0600][23.295s][info][gc,ergo     ] GC(4) Pacer for Evacuation. Used CSet: 340M, Free: 3311M, Non-Taxable: 331M, Alloc Tax Rate: 1.1x
[2026-04-03T01:42:57.491+0600][23.295s][info][gc          ] GC(4) Pause Final Mark (unload classes) 0.751ms
[2026-04-03T01:42:57.491+0600][23.295s][info][gc,start    ] GC(4) Concurrent thread roots
[2026-04-03T01:42:57.491+0600][23.295s][info][gc,task     ] GC(4) Using 3 of 6 workers for Concurrent thread roots
[2026-04-03T01:42:57.492+0600][23.296s][info][gc          ] GC(4) Concurrent thread roots 0.660ms
[2026-04-03T01:42:57.492+0600][23.296s][info][gc,start    ] GC(4) Concurrent weak references
[2026-04-03T01:42:57.492+0600][23.296s][info][gc,task     ] GC(4) Using 3 of 6 workers for concurrent weak references
[2026-04-03T01:42:57.495+0600][23.299s][info][gc,ref      ] GC(4) Encountered references: Soft: 5824, Weak: 16257, Final: 84, Phantom: 614
[2026-04-03T01:42:57.495+0600][23.299s][info][gc,ref      ] GC(4) Discovered  references: Soft: 0, Weak: 10411, Final: 52, Phantom: 588
[2026-04-03T01:42:57.495+0600][23.299s][info][gc,ref      ] GC(4) Enqueued    references: Soft: 0, Weak: 3137, Final: 0, Phantom: 2
[2026-04-03T01:42:57.495+0600][23.299s][info][gc          ] GC(4) Concurrent weak references 2.909ms
[2026-04-03T01:42:57.495+0600][23.299s][info][gc,start    ] GC(4) Concurrent weak roots
[2026-04-03T01:42:57.495+0600][23.299s][info][gc,task     ] GC(4) Using 3 of 6 workers for concurrent weak root
[2026-04-03T01:42:57.498+0600][23.303s][info][gc          ] GC(4) Concurrent weak roots 3.440ms
[2026-04-03T01:42:57.499+0600][23.303s][info][gc,start    ] GC(4) Concurrent cleanup
[2026-04-03T01:42:57.499+0600][23.303s][info][gc          ] GC(4) Concurrent cleanup 908M->413M(1003M) 0.689ms
[2026-04-03T01:42:57.499+0600][23.303s][info][gc,ergo     ] GC(4) Free: 3308M, Max: 1024K regular, 2724M humongous, Frag: 18% external, 0% internal; Reserve: 196M, Max: 1024K
[2026-04-03T01:42:57.499+0600][23.303s][info][gc,start    ] GC(4) Concurrent class unloading
[2026-04-03T01:42:57.499+0600][23.303s][info][gc,task     ] GC(4) Using 3 of 6 workers for concurrent class unloading
[2026-04-03T01:42:57.554+0600][23.358s][info][gc          ] GC(4) Concurrent class unloading 54.629ms
[2026-04-03T01:42:57.554+0600][23.358s][info][gc,start    ] GC(4) Concurrent strong roots
[2026-04-03T01:42:57.554+0600][23.358s][info][gc,task     ] GC(4) Using 3 of 6 workers for concurrent strong root
[2026-04-03T01:42:57.555+0600][23.359s][info][gc          ] GC(4) Concurrent strong roots 1.165ms
[2026-04-03T01:42:57.555+0600][23.359s][info][gc,start    ] GC(4) Concurrent evacuation
[2026-04-03T01:42:57.555+0600][23.359s][info][gc,task     ] GC(4) Using 3 of 6 workers for concurrent evacuation
[2026-04-03T01:42:57.588+0600][23.392s][info][gc          ] GC(4) Concurrent evacuation 32.654ms
[2026-04-03T01:42:57.589+0600][23.393s][info][gc,start    ] GC(4) Pause Init Update Refs
[2026-04-03T01:42:57.589+0600][23.393s][info][gc,ergo     ] GC(4) Pacer for Update Refs. Used: 461M, Free: 3287M, Non-Taxable: 328M, Alloc Tax Rate: 1.1x
[2026-04-03T01:42:57.589+0600][23.393s][info][gc          ] GC(4) Pause Init Update Refs 0.118ms
[2026-04-03T01:42:57.589+0600][23.393s][info][gc,start    ] GC(4) Concurrent update references
[2026-04-03T01:42:57.589+0600][23.393s][info][gc,task     ] GC(4) Using 3 of 6 workers for concurrent reference update
[2026-04-03T01:42:57.644+0600][23.448s][info][gc          ] GC(4) Concurrent update references 54.726ms
[2026-04-03T01:42:57.644+0600][23.448s][info][gc,start    ] GC(4) Concurrent update thread roots
[2026-04-03T01:42:57.645+0600][23.449s][info][gc          ] GC(4) Concurrent update thread roots 1.241ms
[2026-04-03T01:42:57.645+0600][23.450s][info][gc,start    ] GC(4) Pause Final Update Refs
[2026-04-03T01:42:57.646+0600][23.450s][info][gc,task     ] GC(4) Using 6 of 6 workers for final reference update
[2026-04-03T01:42:57.646+0600][23.450s][info][gc          ] GC(4) Pause Final Update Refs 0.317ms
[2026-04-03T01:42:57.646+0600][23.450s][info][gc,start    ] GC(4) Concurrent cleanup
[2026-04-03T01:42:57.647+0600][23.451s][info][gc          ] GC(4) Concurrent cleanup 495M->155M(1028M) 0.992ms
[2026-04-03T01:42:57.647+0600][23.451s][info][gc,ergo     ] Free: 3566M, Max: 1024K regular, 2705M humongous, Frag: 25% external, 0% internal; Reserve: 197M, Max: 1024K
[2026-04-03T01:42:57.647+0600][23.451s][info][gc,stats    ] 
[2026-04-03T01:42:57.647+0600][23.451s][info][gc,stats    ] All times are wall-clock times, except per-root-class counters, that are sum over
[2026-04-03T01:42:57.647+0600][23.451s][info][gc,stats    ] all workers. Dividing the <total> over the root stage time estimates parallelism.
[2026-04-03T01:42:57.647+0600][23.451s][info][gc,stats    ] 
[2026-04-03T01:42:57.647+0600][23.451s][info][gc,stats    ] Concurrent Reset                   1499 us
[2026-04-03T01:42:57.647+0600][23.451s][info][gc,stats    ] Pause Init Mark (G)                 695 us
[2026-04-03T01:42:57.647+0600][23.451s][info][gc,stats    ] Pause Init Mark (N)                 216 us
[2026-04-03T01:42:57.647+0600][23.451s][info][gc,stats    ]   Update Region States               57 us
[2026-04-03T01:42:57.647+0600][23.451s][info][gc,stats    ] Concurrent Mark Roots              2319 us, parallelism: 1.93x
[2026-04-03T01:42:57.647+0600][23.451s][info][gc,stats    ]   CMR: <total>                     4475 us
[2026-04-03T01:42:57.647+0600][23.451s][info][gc,stats    ]   CMR: Thread Roots                3825 us, workers (us): 401, 1722, 1703, ---, ---, ---, 
[2026-04-03T01:42:57.647+0600][23.451s][info][gc,stats    ]   CMR: VM Strong Roots              162 us, workers (us):  52,  58,  52, ---, ---, ---, 
[2026-04-03T01:42:57.647+0600][23.451s][info][gc,stats    ]   CMR: CLDG Roots                   489 us, workers (us): 489, ---, ---, ---, ---, ---, 
[2026-04-03T01:42:57.647+0600][23.451s][info][gc,stats    ] Concurrent Marking                53224 us
[2026-04-03T01:42:57.647+0600][23.451s][info][gc,stats    ] Pause Final Mark (G)               1103 us
[2026-04-03T01:42:57.647+0600][23.451s][info][gc,stats    ] Pause Final Mark (N)                765 us
[2026-04-03T01:42:57.647+0600][23.451s][info][gc,stats    ]   Finish Mark                       256 us
[2026-04-03T01:42:57.647+0600][23.451s][info][gc,stats    ]   Update Region States               66 us
[2026-04-03T01:42:57.647+0600][23.451s][info][gc,stats    ]   Choose Collection Set             248 us
[2026-04-03T01:42:57.647+0600][23.451s][info][gc,stats    ]   Rebuild Free Set                   47 us
[2026-04-03T01:42:57.647+0600][23.451s][info][gc,stats    ] Concurrent Thread Roots             718 us, parallelism: 1.85x
[2026-04-03T01:42:57.647+0600][23.452s][info][gc,stats    ]   CTR: <total>                     1330 us
[2026-04-03T01:42:57.647+0600][23.452s][info][gc,stats    ]   CTR: Thread Roots                1330 us, workers (us): 442, 442, 445, ---, ---, ---, 
[2026-04-03T01:42:57.647+0600][23.452s][info][gc,stats    ] Concurrent Weak References         2920 us, parallelism: 1.14x
[2026-04-03T01:42:57.648+0600][23.452s][info][gc,stats    ]   CWRF: <total>                    3328 us
[2026-04-03T01:42:57.648+0600][23.452s][info][gc,stats    ]   CWRF: Weak References            3328 us, workers (us): 2666,  71, 591, ---, ---, ---, 
[2026-04-03T01:42:57.648+0600][23.452s][info][gc,stats    ] Concurrent Weak Roots              3517 us
[2026-04-03T01:42:57.648+0600][23.452s][info][gc,stats    ]   Roots                            3003 us, parallelism: 2.64x
[2026-04-03T01:42:57.648+0600][23.452s][info][gc,stats    ]     CWR: <total>                   7914 us
[2026-04-03T01:42:57.648+0600][23.452s][info][gc,stats    ]     CWR: Code Cache Roots          4158 us, workers (us): 1463, 1464, 1231, ---, ---, ---, 
[2026-04-03T01:42:57.648+0600][23.452s][info][gc,stats    ]     CWR: VM Weak Roots             3507 us, workers (us): 1193, 1187, 1127, ---, ---, ---, 
[2026-04-03T01:42:57.648+0600][23.452s][info][gc,stats    ]     CWR: CLDG Roots                 249 us, workers (us): ---, ---, 249, ---, ---, ---, 
[2026-04-03T01:42:57.648+0600][23.452s][info][gc,stats    ]   Rendezvous                        412 us
[2026-04-03T01:42:57.648+0600][23.452s][info][gc,stats    ] Concurrent Cleanup                  707 us
[2026-04-03T01:42:57.648+0600][23.452s][info][gc,stats    ] Concurrent Class Unloading        54751 us
[2026-04-03T01:42:57.648+0600][23.452s][info][gc,stats    ]   Unlink Stale                    31781 us
[2026-04-03T01:42:57.648+0600][23.452s][info][gc,stats    ]     System Dictionary               795 us
[2026-04-03T01:42:57.648+0600][23.452s][info][gc,stats    ]     Weak Class Links              19311 us
[2026-04-03T01:42:57.648+0600][23.452s][info][gc,stats    ]     Code Roots                    11668 us
[2026-04-03T01:42:57.648+0600][23.452s][info][gc,stats    ]   Rendezvous                        268 us
[2026-04-03T01:42:57.648+0600][23.452s][info][gc,stats    ]   Purge Unlinked                  22547 us
[2026-04-03T01:42:57.648+0600][23.452s][info][gc,stats    ]     Code Roots                    21270 us
[2026-04-03T01:42:57.648+0600][23.452s][info][gc,stats    ]     CLDG                           1274 us
[2026-04-03T01:42:57.648+0600][23.452s][info][gc,stats    ]     Exception Caches                  0 us
[2026-04-03T01:42:57.648+0600][23.452s][info][gc,stats    ] Concurrent Strong Roots            1226 us, parallelism: 0.70x
[2026-04-03T01:42:57.648+0600][23.452s][info][gc,stats    ]   CSR: <total>                      857 us
[2026-04-03T01:42:57.648+0600][23.452s][info][gc,stats    ]   CSR: VM Strong Roots               48 us, workers (us):  26,  21,   1, ---, ---, ---, 
[2026-04-03T01:42:57.648+0600][23.452s][info][gc,stats    ]   CSR: CLDG Roots                   809 us, workers (us): ---, ---, 809, ---, ---, ---, 
[2026-04-03T01:42:57.648+0600][23.452s][info][gc,stats    ] Concurrent Evacuation             32753 us
[2026-04-03T01:42:57.648+0600][23.452s][info][gc,stats    ] Pause Init Update Refs (G)         1153 us
[2026-04-03T01:42:57.648+0600][23.452s][info][gc,stats    ] Pause Init Update Refs (N)          134 us
[2026-04-03T01:42:57.648+0600][23.452s][info][gc,stats    ]   Manage GCLABs                      22 us
[2026-04-03T01:42:57.648+0600][23.452s][info][gc,stats    ] Concurrent Update Refs            54826 us
[2026-04-03T01:42:57.648+0600][23.452s][info][gc,stats    ] Concurrent Update Thread Roots     1277 us
[2026-04-03T01:42:57.648+0600][23.452s][info][gc,stats    ] Pause Final Update Refs (G)         635 us
[2026-04-03T01:42:57.648+0600][23.452s][info][gc,stats    ] Pause Final Update Refs (N)         339 us
[2026-04-03T01:42:57.648+0600][23.452s][info][gc,stats    ]   Update Region States              102 us
[2026-04-03T01:42:57.648+0600][23.452s][info][gc,stats    ]   Trash Collection Set               21 us
[2026-04-03T01:42:57.648+0600][23.452s][info][gc,stats    ]   Rebuild Free Set                   56 us
[2026-04-03T01:42:57.648+0600][23.452s][info][gc,stats    ] Concurrent Cleanup                 1052 us
[2026-04-03T01:42:57.648+0600][23.452s][info][gc,stats    ] 
[2026-04-03T01:42:57.648+0600][23.452s][info][gc,stats    ] Allocation pacing accrued:
[2026-04-03T01:42:57.648+0600][23.452s][info][gc,stats    ]       0 of  7494 ms (  0.0%): <total>
[2026-04-03T01:42:57.648+0600][23.452s][info][gc,stats    ]       0 of  7494 ms (  0.0%): <average total>
[2026-04-03T01:42:57.648+0600][23.452s][info][gc,stats    ] 
[2026-04-03T01:42:57.648+0600][23.452s][info][gc,metaspace] Metaspace: 121368K(122880K)->120999K(123008K) NonClass: 105713K(106560K)->105467K(106688K) Class: 15655K(16320K)->15532K(16320K)
[2026-04-03T01:42:57.648+0600][23.453s][info][gc,ergo     ] Pacer for Idle. Initial: 80302K, Alloc Tax Rate: 1.0x
[2026-04-03T01:42:58.314+0600][24.118s][info][gc          ] Trigger: Explicit GC request (System.gc())
[2026-04-03T01:42:58.314+0600][24.118s][info][gc,ergo     ] Free: 3328M, Max: 1024K regular, 2705M humongous, Frag: 19% external, 0% internal; Reserve: 197M, Max: 1024K
[2026-04-03T01:42:58.314+0600][24.118s][info][gc,start    ] GC(5) Concurrent reset
[2026-04-03T01:42:58.314+0600][24.118s][info][gc,task     ] GC(5) Using 3 of 6 workers for concurrent reset
[2026-04-03T01:42:58.314+0600][24.118s][info][gc,ergo     ] GC(5) Pacer for Reset. Non-Taxable: 3921M
[2026-04-03T01:42:58.318+0600][24.122s][info][gc          ] GC(5) Concurrent reset 4.080ms
[2026-04-03T01:42:58.318+0600][24.122s][info][gc,start    ] GC(5) Pause Init Mark (unload classes)
[2026-04-03T01:42:58.318+0600][24.122s][info][gc,task     ] GC(5) Using 6 of 6 workers for init marking
[2026-04-03T01:42:58.318+0600][24.123s][info][gc,ref      ] GC(5) Clearing All SoftReferences
[2026-04-03T01:42:58.318+0600][24.123s][info][gc,ergo     ] GC(5) Pacer for Mark. Expected Live: 37363K, Free: 3328M, Non-Taxable: 332M, Alloc Tax Rate: 0.0x
[2026-04-03T01:42:58.319+0600][24.123s][info][gc          ] GC(5) Pause Init Mark (unload classes) 0.138ms
[2026-04-03T01:42:58.319+0600][24.123s][info][gc,start    ] GC(5) Concurrent marking roots
[2026-04-03T01:42:58.319+0600][24.123s][info][gc,task     ] GC(5) Using 3 of 6 workers for concurrent marking roots
[2026-04-03T01:42:58.320+0600][24.124s][info][gc          ] GC(5) Concurrent marking roots 0.930ms
[2026-04-03T01:42:58.320+0600][24.124s][info][gc,start    ] GC(5) Concurrent marking (unload classes)
[2026-04-03T01:42:58.320+0600][24.124s][info][gc,task     ] GC(5) Using 3 of 6 workers for concurrent marking
[2026-04-03T01:42:58.369+0600][24.173s][info][gc          ] GC(5) Concurrent marking (unload classes) 49.044ms
[2026-04-03T01:42:58.369+0600][24.173s][info][gc,start    ] GC(5) Pause Final Mark (unload classes)
[2026-04-03T01:42:58.369+0600][24.173s][info][gc,task     ] GC(5) Using 6 of 6 workers for final marking
[2026-04-03T01:42:58.370+0600][24.174s][info][gc,ergo     ] GC(5) Adaptive CSet Selection. Target Free: 555M, Actual Free: 3582M, Max CSet: 163M, Min Garbage: 0B
[2026-04-03T01:42:58.370+0600][24.174s][info][gc,ergo     ] GC(5) Collectable Garbage: 299M (97%), Immediate: 58368K (18%), CSet: 242M (79%)
[2026-04-03T01:42:58.370+0600][24.174s][info][gc,ergo     ] GC(5) Pacer for Evacuation. Used CSet: 253M, Free: 3401M, Non-Taxable: 340M, Alloc Tax Rate: 1.1x
[2026-04-03T01:42:58.370+0600][24.174s][info][gc          ] GC(5) Pause Final Mark (unload classes) 0.907ms
[2026-04-03T01:42:58.370+0600][24.174s][info][gc,start    ] GC(5) Concurrent thread roots
[2026-04-03T01:42:58.370+0600][24.174s][info][gc,task     ] GC(5) Using 3 of 6 workers for Concurrent thread roots
[2026-04-03T01:42:58.371+0600][24.175s][info][gc          ] GC(5) Concurrent thread roots 1.096ms
[2026-04-03T01:42:58.371+0600][24.175s][info][gc,start    ] GC(5) Concurrent weak references
[2026-04-03T01:42:58.371+0600][24.175s][info][gc,task     ] GC(5) Using 3 of 6 workers for concurrent weak references
[2026-04-03T01:42:58.373+0600][24.177s][info][gc,ref      ] GC(5) Encountered references: Soft: 5594, Weak: 13837, Final: 84, Phantom: 610
[2026-04-03T01:42:58.373+0600][24.177s][info][gc,ref      ] GC(5) Discovered  references: Soft: 3254, Weak: 8682, Final: 84, Phantom: 608
[2026-04-03T01:42:58.373+0600][24.177s][info][gc,ref      ] GC(5) Enqueued    references: Soft: 2801, Weak: 911, Final: 0, Phantom: 0
[2026-04-03T01:42:58.373+0600][24.177s][info][gc          ] GC(5) Concurrent weak references 1.970ms
[2026-04-03T01:42:58.373+0600][24.177s][info][gc,start    ] GC(5) Concurrent weak roots
[2026-04-03T01:42:58.373+0600][24.177s][info][gc,task     ] GC(5) Using 3 of 6 workers for concurrent weak root
[2026-04-03T01:42:58.377+0600][24.181s][info][gc          ] GC(5) Concurrent weak roots 3.398ms
[2026-04-03T01:42:58.377+0600][24.181s][info][gc,start    ] GC(5) Concurrent cleanup
[2026-04-03T01:42:58.377+0600][24.181s][info][gc          ] GC(5) Concurrent cleanup 381M->326M(1028M) 0.306ms
[2026-04-03T01:42:58.377+0600][24.181s][info][gc,ergo     ] GC(5) Free: 3396M, Max: 1024K regular, 2705M humongous, Frag: 21% external, 0% internal; Reserve: 196M, Max: 1024K
[2026-04-03T01:42:58.377+0600][24.181s][info][gc,start    ] GC(5) Concurrent class unloading
[2026-04-03T01:42:58.377+0600][24.181s][info][gc,task     ] GC(5) Using 3 of 6 workers for concurrent class unloading
[2026-04-03T01:42:58.415+0600][24.219s][info][gc          ] GC(5) Concurrent class unloading 37.629ms
[2026-04-03T01:42:58.415+0600][24.219s][info][gc,start    ] GC(5) Concurrent strong roots
[2026-04-03T01:42:58.415+0600][24.219s][info][gc,task     ] GC(5) Using 3 of 6 workers for concurrent strong root
[2026-04-03T01:42:58.416+0600][24.220s][info][gc          ] GC(5) Concurrent strong roots 0.982ms
[2026-04-03T01:42:58.416+0600][24.220s][info][gc,start    ] GC(5) Concurrent evacuation
[2026-04-03T01:42:58.416+0600][24.220s][info][gc,task     ] GC(5) Using 3 of 6 workers for concurrent evacuation
[2026-04-03T01:42:58.424+0600][24.228s][info][gc          ] GC(5) Concurrent evacuation 8.551ms
[2026-04-03T01:42:58.425+0600][24.229s][info][gc,start    ] GC(5) Pause Init Update Refs
[2026-04-03T01:42:58.425+0600][24.229s][info][gc,ergo     ] GC(5) Pacer for Update Refs. Used: 366M, Free: 3368M, Non-Taxable: 336M, Alloc Tax Rate: 1.1x
[2026-04-03T01:42:58.425+0600][24.229s][info][gc          ] GC(5) Pause Init Update Refs 0.120ms
[2026-04-03T01:42:58.425+0600][24.229s][info][gc,start    ] GC(5) Concurrent update references
[2026-04-03T01:42:58.425+0600][24.229s][info][gc,task     ] GC(5) Using 3 of 6 workers for concurrent reference update
[2026-04-03T01:42:58.448+0600][24.252s][info][gc          ] GC(5) Concurrent update references 23.100ms
[2026-04-03T01:42:58.448+0600][24.252s][info][gc,start    ] GC(5) Concurrent update thread roots
[2026-04-03T01:42:58.449+0600][24.253s][info][gc          ] GC(5) Concurrent update thread roots 1.015ms
[2026-04-03T01:42:58.449+0600][24.253s][info][gc,start    ] GC(5) Pause Final Update Refs
[2026-04-03T01:42:58.449+0600][24.253s][info][gc,task     ] GC(5) Using 6 of 6 workers for final reference update
[2026-04-03T01:42:58.450+0600][24.254s][info][gc          ] GC(5) Pause Final Update Refs 0.155ms
[2026-04-03T01:42:58.450+0600][24.254s][info][gc,start    ] GC(5) Concurrent cleanup
[2026-04-03T01:42:58.450+0600][24.254s][info][gc          ] GC(5) Concurrent cleanup 366M->113M(1032M) 0.619ms
[2026-04-03T01:42:58.450+0600][24.254s][info][gc,ergo     ] Free: 3609M, Max: 1024K regular, 3106M humongous, Frag: 14% external, 0% internal; Reserve: 197M, Max: 1024K
[2026-04-03T01:42:58.450+0600][24.254s][info][gc,stats    ] 
[2026-04-03T01:42:58.450+0600][24.254s][info][gc,stats    ] All times are wall-clock times, except per-root-class counters, that are sum over
[2026-04-03T01:42:58.450+0600][24.254s][info][gc,stats    ] all workers. Dividing the <total> over the root stage time estimates parallelism.
[2026-04-03T01:42:58.450+0600][24.254s][info][gc,stats    ] 
[2026-04-03T01:42:58.450+0600][24.254s][info][gc,stats    ] Concurrent Reset                   4137 us
[2026-04-03T01:42:58.450+0600][24.254s][info][gc,stats    ] Pause Init Mark (G)                 500 us
[2026-04-03T01:42:58.450+0600][24.254s][info][gc,stats    ] Pause Init Mark (N)                 171 us
[2026-04-03T01:42:58.450+0600][24.254s][info][gc,stats    ]   Update Region States               37 us
[2026-04-03T01:42:58.450+0600][24.254s][info][gc,stats    ] Concurrent Mark Roots              1008 us, parallelism: 1.52x
[2026-04-03T01:42:58.450+0600][24.254s][info][gc,stats    ]   CMR: <total>                     1533 us
[2026-04-03T01:42:58.450+0600][24.254s][info][gc,stats    ]   CMR: Thread Roots                1293 us, workers (us): 506, 309, 478, ---, ---, ---, 
[2026-04-03T01:42:58.450+0600][24.254s][info][gc,stats    ]   CMR: VM Strong Roots               38 us, workers (us):  34,   3,   1, ---, ---, ---, 
[2026-04-03T01:42:58.450+0600][24.254s][info][gc,stats    ]   CMR: CLDG Roots                   203 us, workers (us): ---, 203, ---, ---, ---, ---, 
[2026-04-03T01:42:58.450+0600][24.254s][info][gc,stats    ] Concurrent Marking                49163 us
[2026-04-03T01:42:58.450+0600][24.254s][info][gc,stats    ] Pause Final Mark (G)               1316 us
[2026-04-03T01:42:58.450+0600][24.254s][info][gc,stats    ] Pause Final Mark (N)                923 us
[2026-04-03T01:42:58.450+0600][24.255s][info][gc,stats    ]   Finish Mark                       281 us
[2026-04-03T01:42:58.450+0600][24.255s][info][gc,stats    ]   Update Region States               55 us
[2026-04-03T01:42:58.450+0600][24.255s][info][gc,stats    ]   Choose Collection Set             368 us
[2026-04-03T01:42:58.450+0600][24.255s][info][gc,stats    ]   Rebuild Free Set                   42 us
[2026-04-03T01:42:58.450+0600][24.255s][info][gc,stats    ] Concurrent Thread Roots            1190 us, parallelism: 1.99x
[2026-04-03T01:42:58.450+0600][24.255s][info][gc,stats    ]   CTR: <total>                     2371 us
[2026-04-03T01:42:58.450+0600][24.255s][info][gc,stats    ]   CTR: Thread Roots                2371 us, workers (us): 835, 772, 764, ---, ---, ---, 
[2026-04-03T01:42:58.450+0600][24.255s][info][gc,stats    ] Concurrent Weak References         1984 us, parallelism: 1.41x
[2026-04-03T01:42:58.451+0600][24.255s][info][gc,stats    ]   CWRF: <total>                    2792 us
[2026-04-03T01:42:58.451+0600][24.255s][info][gc,stats    ]   CWRF: Weak References            2792 us, workers (us): 944, 1699, 148, ---, ---, ---, 
[2026-04-03T01:42:58.451+0600][24.255s][info][gc,stats    ] Concurrent Weak Roots              3512 us
[2026-04-03T01:42:58.451+0600][24.255s][info][gc,stats    ]   Roots                            3135 us, parallelism: 2.51x
[2026-04-03T01:42:58.451+0600][24.255s][info][gc,stats    ]     CWR: <total>                   7877 us
[2026-04-03T01:42:58.451+0600][24.255s][info][gc,stats    ]     CWR: Code Cache Roots          5011 us, workers (us): 1686, 1662, 1662, ---, ---, ---, 
[2026-04-03T01:42:58.451+0600][24.255s][info][gc,stats    ]     CWR: VM Weak Roots             2710 us, workers (us): 958, 887, 866, ---, ---, ---, 
[2026-04-03T01:42:58.451+0600][24.255s][info][gc,stats    ]     CWR: CLDG Roots                 156 us, workers (us): ---, 156, ---, ---, ---, ---, 
[2026-04-03T01:42:58.451+0600][24.255s][info][gc,stats    ]   Rendezvous                        234 us
[2026-04-03T01:42:58.451+0600][24.255s][info][gc,stats    ] Concurrent Cleanup                  331 us
[2026-04-03T01:42:58.451+0600][24.255s][info][gc,stats    ] Concurrent Class Unloading        37715 us
[2026-04-03T01:42:58.451+0600][24.255s][info][gc,stats    ]   Unlink Stale                    30943 us
[2026-04-03T01:42:58.451+0600][24.255s][info][gc,stats    ]     System Dictionary              1115 us
[2026-04-03T01:42:58.451+0600][24.255s][info][gc,stats    ]     Weak Class Links              19721 us
[2026-04-03T01:42:58.451+0600][24.255s][info][gc,stats    ]     Code Roots                    10099 us
[2026-04-03T01:42:58.451+0600][24.255s][info][gc,stats    ]   Rendezvous                        219 us
[2026-04-03T01:42:58.451+0600][24.255s][info][gc,stats    ]   Purge Unlinked                   6409 us
[2026-04-03T01:42:58.451+0600][24.255s][info][gc,stats    ]     Code Roots                     5298 us
[2026-04-03T01:42:58.451+0600][24.255s][info][gc,stats    ]     CLDG                           1109 us
[2026-04-03T01:42:58.451+0600][24.255s][info][gc,stats    ]     Exception Caches                  0 us
[2026-04-03T01:42:58.451+0600][24.255s][info][gc,stats    ] Concurrent Strong Roots            1005 us, parallelism: 0.80x
[2026-04-03T01:42:58.451+0600][24.255s][info][gc,stats    ]   CSR: <total>                      805 us
[2026-04-03T01:42:58.451+0600][24.255s][info][gc,stats    ]   CSR: VM Strong Roots               41 us, workers (us):  39,   1,   1, ---, ---, ---, 
[2026-04-03T01:42:58.451+0600][24.255s][info][gc,stats    ]   CSR: CLDG Roots                   764 us, workers (us): 764, ---, ---, ---, ---, ---, 
[2026-04-03T01:42:58.451+0600][24.255s][info][gc,stats    ] Concurrent Evacuation              8614 us
[2026-04-03T01:42:58.451+0600][24.255s][info][gc,stats    ] Pause Init Update Refs (G)          454 us
[2026-04-03T01:42:58.451+0600][24.255s][info][gc,stats    ] Pause Init Update Refs (N)          132 us
[2026-04-03T01:42:58.451+0600][24.255s][info][gc,stats    ]   Manage GCLABs                      27 us
[2026-04-03T01:42:58.451+0600][24.255s][info][gc,stats    ] Concurrent Update Refs            23162 us
[2026-04-03T01:42:58.451+0600][24.255s][info][gc,stats    ] Concurrent Update Thread Roots     1059 us
[2026-04-03T01:42:58.451+0600][24.255s][info][gc,stats    ] Pause Final Update Refs (G)         470 us
[2026-04-03T01:42:58.451+0600][24.255s][info][gc,stats    ] Pause Final Update Refs (N)         169 us
[2026-04-03T01:42:58.451+0600][24.255s][info][gc,stats    ]   Update Region States               48 us
[2026-04-03T01:42:58.451+0600][24.255s][info][gc,stats    ]   Trash Collection Set               13 us
[2026-04-03T01:42:58.451+0600][24.255s][info][gc,stats    ]   Rebuild Free Set                   31 us
[2026-04-03T01:42:58.451+0600][24.255s][info][gc,stats    ] Concurrent Cleanup                  635 us
[2026-04-03T01:42:58.451+0600][24.255s][info][gc,stats    ] 
[2026-04-03T01:42:58.451+0600][24.255s][info][gc,stats    ] Allocation pacing accrued:
[2026-04-03T01:42:58.451+0600][24.255s][info][gc,stats    ]       0 of   803 ms (  0.0%): <total>
[2026-04-03T01:42:58.451+0600][24.255s][info][gc,stats    ]       0 of   803 ms (  0.0%): <average total>
[2026-04-03T01:42:58.451+0600][24.255s][info][gc,stats    ] 
[2026-04-03T01:42:58.451+0600][24.255s][info][gc,metaspace] Metaspace: 121569K(123136K)->120751K(123136K) NonClass: 105941K(106752K)->105289K(106752K) Class: 15628K(16384K)->15461K(16384K)
[2026-04-03T01:42:58.451+0600][24.255s][info][gc,ergo     ] Pacer for Idle. Initial: 80302K, Alloc Tax Rate: 1.0x
[2026-04-03T01:42:58.451+0600][24.255s][info][gc,start    ] Concurrent uncommit
[2026-04-03T01:42:58.554+0600][24.358s][info][gc          ] Concurrent uncommit 114M->124M(126M) 102.874ms
[2026-04-03T01:43:00.308+0600][26.112s][info][gc          ] Trigger: Learning 2 of 5. Free (2741M) is below initial threshold (2744M)
[2026-04-03T01:43:00.309+0600][26.113s][info][gc,ergo     ] Free: 2741M, Max: 1024K regular, 2741M humongous, Frag: 0% external, 0% internal; Reserve: 197M, Max: 1024K
[2026-04-03T01:43:00.309+0600][26.113s][info][gc,start    ] GC(6) Concurrent reset
[2026-04-03T01:43:00.309+0600][26.113s][info][gc,task     ] GC(6) Using 3 of 6 workers for concurrent reset
[2026-04-03T01:43:00.309+0600][26.113s][info][gc,ergo     ] GC(6) Pacer for Reset. Non-Taxable: 3921M
[2026-04-03T01:43:00.314+0600][26.118s][info][gc          ] GC(6) Concurrent reset 4.964ms
[2026-04-03T01:43:00.314+0600][26.118s][info][gc,start    ] GC(6) Pause Init Mark (unload classes)
[2026-04-03T01:43:00.314+0600][26.118s][info][gc,task     ] GC(6) Using 6 of 6 workers for init marking
[2026-04-03T01:43:00.314+0600][26.118s][info][gc,ergo     ] GC(6) Pacer for Mark. Expected Live: 48271K, Free: 2737M, Non-Taxable: 273M, Alloc Tax Rate: 0.0x
[2026-04-03T01:43:00.314+0600][26.118s][info][gc          ] GC(6) Pause Init Mark (unload classes) 0.167ms
[2026-04-03T01:43:00.314+0600][26.118s][info][gc,start    ] GC(6) Concurrent marking roots
[2026-04-03T01:43:00.314+0600][26.118s][info][gc,task     ] GC(6) Using 3 of 6 workers for concurrent marking roots
[2026-04-03T01:43:00.316+0600][26.120s][info][gc          ] GC(6) Concurrent marking roots 1.948ms
[2026-04-03T01:43:00.316+0600][26.120s][info][gc,start    ] GC(6) Concurrent marking (unload classes)
[2026-04-03T01:43:00.316+0600][26.120s][info][gc,task     ] GC(6) Using 3 of 6 workers for concurrent marking
[2026-04-03T01:43:00.401+0600][26.205s][info][gc          ] GC(6) Concurrent marking (unload classes) 84.560ms
[2026-04-03T01:43:00.401+0600][26.205s][info][gc,start    ] GC(6) Pause Final Mark (unload classes)
[2026-04-03T01:43:00.401+0600][26.205s][info][gc,task     ] GC(6) Using 6 of 6 workers for final marking
[2026-04-03T01:43:00.402+0600][26.206s][info][gc,ergo     ] GC(6) Adaptive CSet Selection. Target Free: 555M, Actual Free: 3509M, Max CSet: 163M, Min Garbage: 0B
[2026-04-03T01:43:00.402+0600][26.206s][info][gc,ergo     ] GC(6) Collectable Garbage: 745M (99%), Immediate: 602M (80%), CSet: 143M (18%)
[2026-04-03T01:43:00.402+0600][26.206s][info][gc,ergo     ] GC(6) Pacer for Evacuation. Used CSet: 149M, Free: 3468M, Non-Taxable: 346M, Alloc Tax Rate: 1.1x
[2026-04-03T01:43:00.402+0600][26.206s][info][gc          ] GC(6) Pause Final Mark (unload classes) 0.821ms
[2026-04-03T01:43:00.402+0600][26.206s][info][gc,start    ] GC(6) Concurrent thread roots
[2026-04-03T01:43:00.402+0600][26.206s][info][gc,task     ] GC(6) Using 3 of 6 workers for Concurrent thread roots
[2026-04-03T01:43:00.406+0600][26.210s][info][gc          ] GC(6) Concurrent thread roots 3.886ms
[2026-04-03T01:43:00.406+0600][26.210s][info][gc,start    ] GC(6) Concurrent weak references
[2026-04-03T01:43:00.406+0600][26.210s][info][gc,task     ] GC(6) Using 3 of 6 workers for concurrent weak references
[2026-04-03T01:43:00.408+0600][26.213s][info][gc,ref      ] GC(6) Encountered references: Soft: 3580, Weak: 14181, Final: 84, Phantom: 617
[2026-04-03T01:43:00.409+0600][26.213s][info][gc,ref      ] GC(6) Discovered  references: Soft: 0, Weak: 8397, Final: 68, Phantom: 614
[2026-04-03T01:43:00.409+0600][26.213s][info][gc,ref      ] GC(6) Enqueued    references: Soft: 0, Weak: 691, Final: 0, Phantom: 0
[2026-04-03T01:43:00.409+0600][26.213s][info][gc          ] GC(6) Concurrent weak references 2.415ms
[2026-04-03T01:43:00.409+0600][26.213s][info][gc,start    ] GC(6) Concurrent weak roots
[2026-04-03T01:43:00.409+0600][26.213s][info][gc,task     ] GC(6) Using 3 of 6 workers for concurrent weak root
[2026-04-03T01:43:00.423+0600][26.227s][info][gc          ] GC(6) Concurrent weak roots 13.861ms
[2026-04-03T01:43:00.423+0600][26.227s][info][gc,start    ] GC(6) Concurrent cleanup
[2026-04-03T01:43:00.424+0600][26.228s][info][gc          ] GC(6) Concurrent cleanup 862M->259M(1022M) 1.528ms
[2026-04-03T01:43:00.424+0600][26.228s][info][gc,ergo     ] GC(6) Free: 3461M, Max: 1024K regular, 2703M humongous, Frag: 22% external, 0% internal; Reserve: 196M, Max: 1024K
[2026-04-03T01:43:00.424+0600][26.228s][info][gc,start    ] GC(6) Concurrent class unloading
[2026-04-03T01:43:00.424+0600][26.228s][info][gc,task     ] GC(6) Using 3 of 6 workers for concurrent class unloading
[2026-04-03T01:43:00.534+0600][26.338s][info][gc          ] GC(6) Concurrent class unloading 109.492ms
[2026-04-03T01:43:00.534+0600][26.338s][info][gc,start    ] GC(6) Concurrent strong roots
[2026-04-03T01:43:00.534+0600][26.338s][info][gc,task     ] GC(6) Using 3 of 6 workers for concurrent strong root
[2026-04-03T01:43:00.536+0600][26.340s][info][gc          ] GC(6) Concurrent strong roots 1.639ms
[2026-04-03T01:43:00.536+0600][26.340s][info][gc,start    ] GC(6) Concurrent evacuation
[2026-04-03T01:43:00.536+0600][26.340s][info][gc,task     ] GC(6) Using 3 of 6 workers for concurrent evacuation
[2026-04-03T01:43:00.544+0600][26.348s][info][gc          ] GC(6) Concurrent evacuation 8.216ms
[2026-04-03T01:43:00.544+0600][26.348s][info][gc,start    ] GC(6) Pause Init Update Refs
[2026-04-03T01:43:00.544+0600][26.348s][info][gc,ergo     ] GC(6) Pacer for Update Refs. Used: 321M, Free: 3403M, Non-Taxable: 340M, Alloc Tax Rate: 1.1x
[2026-04-03T01:43:00.544+0600][26.348s][info][gc          ] GC(6) Pause Init Update Refs 0.184ms
[2026-04-03T01:43:00.545+0600][26.349s][info][gc,start    ] GC(6) Concurrent update references
[2026-04-03T01:43:00.545+0600][26.349s][info][gc,task     ] GC(6) Using 3 of 6 workers for concurrent reference update
[2026-04-03T01:43:00.590+0600][26.394s][info][gc          ] GC(6) Concurrent update references 45.446ms
[2026-04-03T01:43:00.590+0600][26.394s][info][gc,start    ] GC(6) Concurrent update thread roots
[2026-04-03T01:43:00.592+0600][26.396s][info][gc          ] GC(6) Concurrent update thread roots 1.455ms
[2026-04-03T01:43:00.592+0600][26.396s][info][gc,start    ] GC(6) Pause Final Update Refs
[2026-04-03T01:43:00.592+0600][26.396s][info][gc,task     ] GC(6) Using 6 of 6 workers for final reference update
[2026-04-03T01:43:00.592+0600][26.396s][info][gc          ] GC(6) Pause Final Update Refs 0.242ms
[2026-04-03T01:43:00.592+0600][26.396s][info][gc,start    ] GC(6) Concurrent cleanup
[2026-04-03T01:43:00.592+0600][26.396s][info][gc          ] GC(6) Concurrent cleanup 336M->187M(1030M) 0.285ms
[2026-04-03T01:43:00.593+0600][26.397s][info][gc,ergo     ] Free: 3525M, Max: 1024K regular, 2697M humongous, Frag: 24% external, 0% internal; Reserve: 197M, Max: 1024K
[2026-04-03T01:43:00.593+0600][26.397s][info][gc,stats    ] 
[2026-04-03T01:43:00.593+0600][26.397s][info][gc,stats    ] All times are wall-clock times, except per-root-class counters, that are sum over
[2026-04-03T01:43:00.593+0600][26.397s][info][gc,stats    ] all workers. Dividing the <total> over the root stage time estimates parallelism.
[2026-04-03T01:43:00.593+0600][26.397s][info][gc,stats    ] 
[2026-04-03T01:43:00.593+0600][26.397s][info][gc,stats    ] Concurrent Reset                   5096 us
[2026-04-03T01:43:00.593+0600][26.397s][info][gc,stats    ] Pause Init Mark (G)                 423 us
[2026-04-03T01:43:00.593+0600][26.397s][info][gc,stats    ] Pause Init Mark (N)                 177 us
[2026-04-03T01:43:00.593+0600][26.397s][info][gc,stats    ]   Update Region States               41 us
[2026-04-03T01:43:00.593+0600][26.397s][info][gc,stats    ] Concurrent Mark Roots              2040 us, parallelism: 2.02x
[2026-04-03T01:43:00.593+0600][26.397s][info][gc,stats    ]   CMR: <total>                     4112 us
[2026-04-03T01:43:00.593+0600][26.397s][info][gc,stats    ]   CMR: Thread Roots                3525 us, workers (us): 1307, 905, 1313, ---, ---, ---, 
[2026-04-03T01:43:00.593+0600][26.397s][info][gc,stats    ]   CMR: VM Strong Roots              146 us, workers (us):  52,  45,  49, ---, ---, ---, 
[2026-04-03T01:43:00.593+0600][26.397s][info][gc,stats    ]   CMR: CLDG Roots                   441 us, workers (us): ---, 441, ---, ---, ---, ---, 
[2026-04-03T01:43:00.593+0600][26.397s][info][gc,stats    ] Concurrent Marking                84693 us
[2026-04-03T01:43:00.593+0600][26.397s][info][gc,stats    ] Pause Final Mark (G)               1309 us
[2026-04-03T01:43:00.593+0600][26.397s][info][gc,stats    ] Pause Final Mark (N)                835 us
[2026-04-03T01:43:00.593+0600][26.397s][info][gc,stats    ]   Finish Mark                       304 us
[2026-04-03T01:43:00.593+0600][26.397s][info][gc,stats    ]   Update Region States               70 us
[2026-04-03T01:43:00.593+0600][26.397s][info][gc,stats    ]   Choose Collection Set             218 us
[2026-04-03T01:43:00.593+0600][26.397s][info][gc,stats    ]   Rebuild Free Set                   53 us
[2026-04-03T01:43:00.593+0600][26.397s][info][gc,stats    ] Concurrent Thread Roots            3989 us, parallelism: 2.36x
[2026-04-03T01:43:00.593+0600][26.397s][info][gc,stats    ]   CTR: <total>                     9414 us
[2026-04-03T01:43:00.593+0600][26.397s][info][gc,stats    ]   CTR: Thread Roots                9414 us, workers (us): 3681, 3542, 2192, ---, ---, ---, 
[2026-04-03T01:43:00.593+0600][26.397s][info][gc,stats    ] Concurrent Weak References         2435 us, parallelism: 0.94x
[2026-04-03T01:43:00.593+0600][26.397s][info][gc,stats    ]   CWRF: <total>                    2294 us
[2026-04-03T01:43:00.593+0600][26.397s][info][gc,stats    ]   CWRF: Weak References            2294 us, workers (us): 573, 1720,   1, ---, ---, ---, 
[2026-04-03T01:43:00.593+0600][26.397s][info][gc,stats    ] Concurrent Weak Roots             13990 us
[2026-04-03T01:43:00.593+0600][26.397s][info][gc,stats    ]   Roots                            9825 us, parallelism: 2.71x
[2026-04-03T01:43:00.593+0600][26.397s][info][gc,stats    ]     CWR: <total>                  26653 us
[2026-04-03T01:43:00.593+0600][26.397s][info][gc,stats    ]     CWR: Code Cache Roots         20786 us, workers (us): 7049, 6937, 6800, ---, ---, ---, 
[2026-04-03T01:43:00.593+0600][26.397s][info][gc,stats    ]     CWR: VM Weak Roots             5625 us, workers (us): 2374, 1747, 1505, ---, ---, ---, 
[2026-04-03T01:43:00.593+0600][26.397s][info][gc,stats    ]     CWR: CLDG Roots                 241 us, workers (us): ---, ---, 241, ---, ---, ---, 
[2026-04-03T01:43:00.593+0600][26.397s][info][gc,stats    ]   Rendezvous                       3966 us
[2026-04-03T01:43:00.593+0600][26.397s][info][gc,stats    ] Concurrent Cleanup                 1593 us
[2026-04-03T01:43:00.593+0600][26.397s][info][gc,stats    ] Concurrent Class Unloading       109614 us
[2026-04-03T01:43:00.593+0600][26.397s][info][gc,stats    ]   Unlink Stale                   100735 us
[2026-04-03T01:43:00.593+0600][26.397s][info][gc,stats    ]     System Dictionary              4308 us
[2026-04-03T01:43:00.593+0600][26.397s][info][gc,stats    ]     Weak Class Links              77731 us
[2026-04-03T01:43:00.593+0600][26.397s][info][gc,stats    ]     Code Roots                    18690 us
[2026-04-03T01:43:00.593+0600][26.397s][info][gc,stats    ]   Rendezvous                        319 us
[2026-04-03T01:43:00.593+0600][26.397s][info][gc,stats    ]   Purge Unlinked                   8385 us
[2026-04-03T01:43:00.593+0600][26.397s][info][gc,stats    ]     Code Roots                     8095 us
[2026-04-03T01:43:00.593+0600][26.397s][info][gc,stats    ]     CLDG                            288 us
[2026-04-03T01:43:00.593+0600][26.397s][info][gc,stats    ]     Exception Caches                  1 us
[2026-04-03T01:43:00.593+0600][26.397s][info][gc,stats    ] Concurrent Strong Roots            1796 us, parallelism: 0.71x
[2026-04-03T01:43:00.593+0600][26.397s][info][gc,stats    ]   CSR: <total>                     1275 us
[2026-04-03T01:43:00.593+0600][26.397s][info][gc,stats    ]   CSR: VM Strong Roots               60 us, workers (us):  59,   1,   0, ---, ---, ---, 
[2026-04-03T01:43:00.593+0600][26.397s][info][gc,stats    ]   CSR: CLDG Roots                  1215 us, workers (us): 1215, ---, ---, ---, ---, ---, 
[2026-04-03T01:43:00.593+0600][26.397s][info][gc,stats    ] Concurrent Evacuation              8339 us
[2026-04-03T01:43:00.593+0600][26.397s][info][gc,stats    ] Pause Init Update Refs (G)          384 us
[2026-04-03T01:43:00.593+0600][26.397s][info][gc,stats    ] Pause Init Update Refs (N)          204 us
[2026-04-03T01:43:00.593+0600][26.397s][info][gc,stats    ]   Manage GCLABs                      34 us
[2026-04-03T01:43:00.593+0600][26.397s][info][gc,stats    ] Concurrent Update Refs            45543 us
[2026-04-03T01:43:00.593+0600][26.397s][info][gc,stats    ] Concurrent Update Thread Roots     1525 us
[2026-04-03T01:43:00.593+0600][26.397s][info][gc,stats    ] Pause Final Update Refs (G)         543 us
[2026-04-03T01:43:00.593+0600][26.397s][info][gc,stats    ] Pause Final Update Refs (N)         261 us
[2026-04-03T01:43:00.593+0600][26.397s][info][gc,stats    ]   Update Region States               76 us
[2026-04-03T01:43:00.593+0600][26.397s][info][gc,stats    ]   Trash Collection Set               15 us
[2026-04-03T01:43:00.593+0600][26.397s][info][gc,stats    ]   Rebuild Free Set                   44 us
[2026-04-03T01:43:00.593+0600][26.397s][info][gc,stats    ] Concurrent Cleanup                  313 us
[2026-04-03T01:43:00.593+0600][26.397s][info][gc,stats    ] 
[2026-04-03T01:43:00.593+0600][26.397s][info][gc,stats    ] Allocation pacing accrued:
[2026-04-03T01:43:00.593+0600][26.397s][info][gc,stats    ]       0 of  2143 ms (  0.0%): <total>
[2026-04-03T01:43:00.593+0600][26.397s][info][gc,stats    ]       0 of  2143 ms (  0.0%): <average total>
[2026-04-03T01:43:00.593+0600][26.397s][info][gc,stats    ] 
[2026-04-03T01:43:00.593+0600][26.397s][info][gc,metaspace] Metaspace: 122817K(123968K)->122805K(124096K) NonClass: 107040K(107584K)->107048K(107712K) Class: 15777K(16384K)->15756K(16384K)
[2026-04-03T01:43:00.593+0600][26.397s][info][gc,ergo     ] Pacer for Idle. Initial: 80302K, Alloc Tax Rate: 1.0x
[2026-04-03T01:43:03.296+0600][29.100s][info][gc          ] Trigger: Learning 3 of 5. Free (2744M) is below initial threshold (2744M)
[2026-04-03T01:43:03.296+0600][29.100s][info][gc,ergo     ] Free: 2744M, Max: 1024K regular, 2697M humongous, Frag: 2% external, 0% internal; Reserve: 197M, Max: 1024K
[2026-04-03T01:43:03.296+0600][29.100s][info][gc,start    ] GC(7) Concurrent reset
[2026-04-03T01:43:03.296+0600][29.100s][info][gc,task     ] GC(7) Using 3 of 6 workers for concurrent reset
[2026-04-03T01:43:03.296+0600][29.100s][info][gc,ergo     ] GC(7) Pacer for Reset. Non-Taxable: 3921M
[2026-04-03T01:43:03.300+0600][29.104s][info][gc          ] GC(7) Concurrent reset 3.662ms
[2026-04-03T01:43:03.300+0600][29.104s][info][gc,start    ] GC(7) Pause Init Mark (unload classes)
[2026-04-03T01:43:03.300+0600][29.104s][info][gc,task     ] GC(7) Using 6 of 6 workers for init marking
[2026-04-03T01:43:03.300+0600][29.104s][info][gc,ergo     ] GC(7) Pacer for Mark. Expected Live: 59488K, Free: 2743M, Non-Taxable: 274M, Alloc Tax Rate: 0.0x
[2026-04-03T01:43:03.300+0600][29.104s][info][gc          ] GC(7) Pause Init Mark (unload classes) 0.132ms
[2026-04-03T01:43:03.300+0600][29.104s][info][gc,start    ] GC(7) Concurrent marking roots
[2026-04-03T01:43:03.300+0600][29.104s][info][gc,task     ] GC(7) Using 3 of 6 workers for concurrent marking roots
[2026-04-03T01:43:03.306+0600][29.110s][info][gc          ] GC(7) Concurrent marking roots 5.417ms
[2026-04-03T01:43:03.306+0600][29.110s][info][gc,start    ] GC(7) Concurrent marking (unload classes)
[2026-04-03T01:43:03.306+0600][29.110s][info][gc,task     ] GC(7) Using 3 of 6 workers for concurrent marking
[2026-04-03T01:43:03.403+0600][29.207s][info][gc          ] GC(7) Concurrent marking (unload classes) 97.355ms
[2026-04-03T01:43:03.404+0600][29.208s][info][gc,start    ] GC(7) Pause Final Mark (unload classes)
[2026-04-03T01:43:03.404+0600][29.208s][info][gc,task     ] GC(7) Using 6 of 6 workers for final marking
[2026-04-03T01:43:03.405+0600][29.209s][info][gc,ergo     ] GC(7) Adaptive CSet Selection. Target Free: 555M, Actual Free: 3247M, Max CSet: 163M, Min Garbage: 0B
[2026-04-03T01:43:03.405+0600][29.209s][info][gc,ergo     ] GC(7) Collectable Garbage: 765M (99%), Immediate: 365M (47%), CSet: 399M (51%)
[2026-04-03T01:43:03.405+0600][29.209s][info][gc,ergo     ] GC(7) Pacer for Evacuation. Used CSet: 408M, Free: 3175M, Non-Taxable: 317M, Alloc Tax Rate: 1.1x
[2026-04-03T01:43:03.405+0600][29.209s][info][gc          ] GC(7) Pause Final Mark (unload classes) 0.944ms
[2026-04-03T01:43:03.409+0600][29.213s][info][gc,start    ] GC(7) Concurrent thread roots
[2026-04-03T01:43:03.409+0600][29.213s][info][gc,task     ] GC(7) Using 3 of 6 workers for Concurrent thread roots
[2026-04-03T01:43:03.417+0600][29.221s][info][gc          ] GC(7) Concurrent thread roots 8.231ms
[2026-04-03T01:43:03.417+0600][29.221s][info][gc,start    ] GC(7) Concurrent weak references
[2026-04-03T01:43:03.417+0600][29.221s][info][gc,task     ] GC(7) Using 3 of 6 workers for concurrent weak references
[2026-04-03T01:43:03.419+0600][29.224s][info][gc,ref      ] GC(7) Encountered references: Soft: 3741, Weak: 15380, Final: 84, Phantom: 621
[2026-04-03T01:43:03.420+0600][29.224s][info][gc,ref      ] GC(7) Discovered  references: Soft: 0, Weak: 9228, Final: 0, Phantom: 577
[2026-04-03T01:43:03.420+0600][29.224s][info][gc,ref      ] GC(7) Enqueued    references: Soft: 0, Weak: 775, Final: 0, Phantom: 0
[2026-04-03T01:43:03.420+0600][29.224s][info][gc          ] GC(7) Concurrent weak references 2.457ms
[2026-04-03T01:43:03.420+0600][29.224s][info][gc,start    ] GC(7) Concurrent weak roots
[2026-04-03T01:43:03.420+0600][29.224s][info][gc,task     ] GC(7) Using 3 of 6 workers for concurrent weak root
[2026-04-03T01:43:03.437+0600][29.241s][info][gc          ] GC(7) Concurrent weak roots 17.333ms
[2026-04-03T01:43:03.437+0600][29.241s][info][gc,start    ] GC(7) Concurrent cleanup
[2026-04-03T01:43:03.441+0600][29.245s][info][gc          ] GC(7) Concurrent cleanup 921M->561M(1065M) 4.192ms
[2026-04-03T01:43:03.441+0600][29.246s][info][gc,ergo     ] GC(7) Free: 3149M, Max: 1024K regular, 2663M humongous, Frag: 16% external, 0% internal; Reserve: 195M, Max: 1024K
[2026-04-03T01:43:03.441+0600][29.246s][info][gc,start    ] GC(7) Concurrent class unloading
[2026-04-03T01:43:03.442+0600][29.246s][info][gc,task     ] GC(7) Using 3 of 6 workers for concurrent class unloading
[2026-04-03T01:43:03.513+0600][29.317s][info][gc          ] GC(7) Concurrent class unloading 71.292ms
[2026-04-03T01:43:03.513+0600][29.317s][info][gc,start    ] GC(7) Concurrent strong roots
[2026-04-03T01:43:03.513+0600][29.317s][info][gc,task     ] GC(7) Using 3 of 6 workers for concurrent strong root
[2026-04-03T01:43:03.515+0600][29.319s][info][gc          ] GC(7) Concurrent strong roots 2.077ms
[2026-04-03T01:43:03.515+0600][29.319s][info][gc,start    ] GC(7) Concurrent evacuation
[2026-04-03T01:43:03.515+0600][29.319s][info][gc,task     ] GC(7) Using 3 of 6 workers for concurrent evacuation
[2026-04-03T01:43:03.530+0600][29.334s][info][gc          ] GC(7) Concurrent evacuation 15.013ms
[2026-04-03T01:43:03.531+0600][29.335s][info][gc,start    ] GC(7) Pause Init Update Refs
[2026-04-03T01:43:03.531+0600][29.335s][info][gc,ergo     ] GC(7) Pacer for Update Refs. Used: 632M, Free: 3081M, Non-Taxable: 308M, Alloc Tax Rate: 1.1x
[2026-04-03T01:43:03.531+0600][29.335s][info][gc          ] GC(7) Pause Init Update Refs 0.237ms
[2026-04-03T01:43:03.534+0600][29.338s][info][gc,start    ] GC(7) Concurrent update references
[2026-04-03T01:43:03.534+0600][29.339s][info][gc,task     ] GC(7) Using 3 of 6 workers for concurrent reference update
[2026-04-03T01:43:03.590+0600][29.394s][info][gc          ] GC(7) Concurrent update references 55.816ms
[2026-04-03T01:43:03.590+0600][29.394s][info][gc,start    ] GC(7) Concurrent update thread roots
[2026-04-03T01:43:03.593+0600][29.397s][info][gc          ] GC(7) Concurrent update thread roots 2.333ms
[2026-04-03T01:43:03.593+0600][29.397s][info][gc,start    ] GC(7) Pause Final Update Refs
[2026-04-03T01:43:03.593+0600][29.397s][info][gc,task     ] GC(7) Using 6 of 6 workers for final reference update
[2026-04-03T01:43:03.593+0600][29.397s][info][gc          ] GC(7) Pause Final Update Refs 0.274ms
[2026-04-03T01:43:03.593+0600][29.398s][info][gc,start    ] GC(7) Concurrent cleanup
[2026-04-03T01:43:03.594+0600][29.398s][info][gc          ] GC(7) Concurrent cleanup 677M->269M(1072M) 0.367ms
[2026-04-03T01:43:03.594+0600][29.398s][info][gc,ergo     ] Free: 3430M, Max: 1024K regular, 2659M humongous, Frag: 23% external, 0% internal; Reserve: 197M, Max: 1024K
[2026-04-03T01:43:03.594+0600][29.398s][info][gc,stats    ] 
[2026-04-03T01:43:03.594+0600][29.398s][info][gc,stats    ] All times are wall-clock times, except per-root-class counters, that are sum over
[2026-04-03T01:43:03.594+0600][29.398s][info][gc,stats    ] all workers. Dividing the <total> over the root stage time estimates parallelism.
[2026-04-03T01:43:03.594+0600][29.398s][info][gc,stats    ] 
[2026-04-03T01:43:03.594+0600][29.398s][info][gc,stats    ] Concurrent Reset                   3772 us
[2026-04-03T01:43:03.594+0600][29.398s][info][gc,stats    ] Pause Init Mark (G)                 735 us
[2026-04-03T01:43:03.594+0600][29.398s][info][gc,stats    ] Pause Init Mark (N)                 142 us
[2026-04-03T01:43:03.594+0600][29.398s][info][gc,stats    ]   Update Region States               46 us
[2026-04-03T01:43:03.594+0600][29.398s][info][gc,stats    ] Concurrent Mark Roots              5502 us, parallelism: 1.03x
[2026-04-03T01:43:03.594+0600][29.398s][info][gc,stats    ]   CMR: <total>                     5647 us
[2026-04-03T01:43:03.594+0600][29.398s][info][gc,stats    ]   CMR: Thread Roots                5146 us, workers (us): 4318, 827,   0, ---, ---, ---, 
[2026-04-03T01:43:03.594+0600][29.398s][info][gc,stats    ]   CMR: VM Strong Roots              116 us, workers (us): 114,   1,   0, ---, ---, ---, 
[2026-04-03T01:43:03.594+0600][29.398s][info][gc,stats    ]   CMR: CLDG Roots                   386 us, workers (us): 386, ---, ---, ---, ---, ---, 
[2026-04-03T01:43:03.594+0600][29.398s][info][gc,stats    ] Concurrent Marking                97494 us
[2026-04-03T01:43:03.594+0600][29.398s][info][gc,stats    ] Pause Final Mark (G)               5442 us
[2026-04-03T01:43:03.594+0600][29.398s][info][gc,stats    ] Pause Final Mark (N)                965 us
[2026-04-03T01:43:03.594+0600][29.398s][info][gc,stats    ]   Finish Mark                       241 us
[2026-04-03T01:43:03.594+0600][29.398s][info][gc,stats    ]   Update Region States               72 us
[2026-04-03T01:43:03.594+0600][29.398s][info][gc,stats    ]   Choose Collection Set             390 us
[2026-04-03T01:43:03.594+0600][29.398s][info][gc,stats    ]   Rebuild Free Set                   53 us
[2026-04-03T01:43:03.594+0600][29.398s][info][gc,stats    ] Concurrent Thread Roots            8326 us, parallelism: 2.65x
[2026-04-03T01:43:03.594+0600][29.398s][info][gc,stats    ]   CTR: <total>                    22056 us
[2026-04-03T01:43:03.594+0600][29.398s][info][gc,stats    ]   CTR: Thread Roots               22056 us, workers (us): 7556, 7295, 7205, ---, ---, ---, 
[2026-04-03T01:43:03.594+0600][29.398s][info][gc,stats    ] Concurrent Weak References         2476 us, parallelism: 0.94x
[2026-04-03T01:43:03.594+0600][29.398s][info][gc,stats    ]   CWRF: <total>                    2317 us
[2026-04-03T01:43:03.594+0600][29.398s][info][gc,stats    ]   CWRF: Weak References            2317 us, workers (us): 640, 1677,   0, ---, ---, ---, 
[2026-04-03T01:43:03.594+0600][29.398s][info][gc,stats    ] Concurrent Weak Roots             17464 us
[2026-04-03T01:43:03.594+0600][29.398s][info][gc,stats    ]   Roots                           13220 us, parallelism: 2.44x
[2026-04-03T01:43:03.594+0600][29.398s][info][gc,stats    ]     CWR: <total>                  32238 us
[2026-04-03T01:43:03.594+0600][29.398s][info][gc,stats    ]     CWR: Code Cache Roots         24741 us, workers (us): 10119, 6004, 8618, ---, ---, ---, 
[2026-04-03T01:43:03.594+0600][29.398s][info][gc,stats    ]     CWR: VM Weak Roots             7113 us, workers (us): 2611, 3536, 966, ---, ---, ---, 
[2026-04-03T01:43:03.594+0600][29.398s][info][gc,stats    ]     CWR: CLDG Roots                 385 us, workers (us): ---, ---, 385, ---, ---, ---, 
[2026-04-03T01:43:03.594+0600][29.398s][info][gc,stats    ]   Rendezvous                       4069 us
[2026-04-03T01:43:03.594+0600][29.398s][info][gc,stats    ] Concurrent Cleanup                 4288 us
[2026-04-03T01:43:03.594+0600][29.398s][info][gc,stats    ] Concurrent Class Unloading        71404 us
[2026-04-03T01:43:03.594+0600][29.399s][info][gc,stats    ]   Unlink Stale                    47756 us
[2026-04-03T01:43:03.594+0600][29.399s][info][gc,stats    ]     System Dictionary               807 us
[2026-04-03T01:43:03.594+0600][29.399s][info][gc,stats    ]     Weak Class Links              30710 us
[2026-04-03T01:43:03.594+0600][29.399s][info][gc,stats    ]     Code Roots                    16230 us
[2026-04-03T01:43:03.595+0600][29.399s][info][gc,stats    ]   Rendezvous                        835 us
[2026-04-03T01:43:03.595+0600][29.399s][info][gc,stats    ]   Purge Unlinked                  22656 us
[2026-04-03T01:43:03.595+0600][29.399s][info][gc,stats    ]     Code Roots                    22186 us
[2026-04-03T01:43:03.595+0600][29.399s][info][gc,stats    ]     CLDG                            467 us
[2026-04-03T01:43:03.595+0600][29.399s][info][gc,stats    ]     Exception Caches                  0 us
[2026-04-03T01:43:03.595+0600][29.399s][info][gc,stats    ] Concurrent Strong Roots            2175 us, parallelism: 0.79x
[2026-04-03T01:43:03.595+0600][29.399s][info][gc,stats    ]   CSR: <total>                     1728 us
[2026-04-03T01:43:03.595+0600][29.399s][info][gc,stats    ]   CSR: VM Strong Roots              100 us, workers (us):  40,  31,  30, ---, ---, ---, 
[2026-04-03T01:43:03.595+0600][29.399s][info][gc,stats    ]   CSR: CLDG Roots                  1628 us, workers (us): ---, ---, 1628, ---, ---, ---, 
[2026-04-03T01:43:03.595+0600][29.399s][info][gc,stats    ] Concurrent Evacuation             15154 us
[2026-04-03T01:43:03.595+0600][29.399s][info][gc,stats    ] Pause Init Update Refs (G)         4117 us
[2026-04-03T01:43:03.595+0600][29.399s][info][gc,stats    ] Pause Init Update Refs (N)          253 us
[2026-04-03T01:43:03.595+0600][29.399s][info][gc,stats    ]   Manage GCLABs                      79 us
[2026-04-03T01:43:03.595+0600][29.399s][info][gc,stats    ] Concurrent Update Refs            55932 us
[2026-04-03T01:43:03.595+0600][29.399s][info][gc,stats    ] Concurrent Update Thread Roots     2457 us
[2026-04-03T01:43:03.595+0600][29.399s][info][gc,stats    ] Pause Final Update Refs (G)         714 us
[2026-04-03T01:43:03.595+0600][29.399s][info][gc,stats    ] Pause Final Update Refs (N)         292 us
[2026-04-03T01:43:03.595+0600][29.399s][info][gc,stats    ]   Update Region States               86 us
[2026-04-03T01:43:03.595+0600][29.399s][info][gc,stats    ]   Trash Collection Set               23 us
[2026-04-03T01:43:03.595+0600][29.399s][info][gc,stats    ]   Rebuild Free Set                   52 us
[2026-04-03T01:43:03.595+0600][29.399s][info][gc,stats    ] Concurrent Cleanup                  408 us
[2026-04-03T01:43:03.595+0600][29.399s][info][gc,stats    ] 
[2026-04-03T01:43:03.595+0600][29.399s][info][gc,stats    ] Allocation pacing accrued:
[2026-04-03T01:43:03.595+0600][29.399s][info][gc,stats    ]       0 of  3001 ms (  0.0%): <total>
[2026-04-03T01:43:03.595+0600][29.399s][info][gc,stats    ]       0 of  3001 ms (  0.0%): <average total>
[2026-04-03T01:43:03.595+0600][29.399s][info][gc,stats    ] 
[2026-04-03T01:43:03.595+0600][29.399s][info][gc,metaspace] Metaspace: 127561K(128832K)->127467K(128896K) NonClass: 111279K(112000K)->111236K(112064K) Class: 16282K(16832K)->16230K(16832K)
[2026-04-03T01:43:03.595+0600][29.399s][info][gc,ergo     ] Pacer for Idle. Initial: 80302K, Alloc Tax Rate: 1.0x
[2026-04-03T01:43:04.709+0600][30.513s][info][gc          ] Trigger: Learning 4 of 5. Free (2744M) is below initial threshold (2744M)
[2026-04-03T01:43:04.709+0600][30.513s][info][gc,ergo     ] Free: 2744M, Max: 1024K regular, 2659M humongous, Frag: 4% external, 0% internal; Reserve: 197M, Max: 1024K
[2026-04-03T01:43:04.709+0600][30.513s][info][gc,start    ] GC(8) Concurrent reset
[2026-04-03T01:43:04.709+0600][30.513s][info][gc,task     ] GC(8) Using 3 of 6 workers for concurrent reset
[2026-04-03T01:43:04.709+0600][30.513s][info][gc,ergo     ] GC(8) Pacer for Reset. Non-Taxable: 3921M
[2026-04-03T01:43:04.717+0600][30.521s][info][gc          ] GC(8) Concurrent reset 7.516ms
[2026-04-03T01:43:04.717+0600][30.521s][info][gc,start    ] GC(8) Pause Init Mark (unload classes)
[2026-04-03T01:43:04.717+0600][30.521s][info][gc,task     ] GC(8) Using 6 of 6 workers for init marking
[2026-04-03T01:43:04.717+0600][30.521s][info][gc,ergo     ] GC(8) Pacer for Mark. Expected Live: 70044K, Free: 2742M, Non-Taxable: 274M, Alloc Tax Rate: 0.0x
[2026-04-03T01:43:04.717+0600][30.521s][info][gc          ] GC(8) Pause Init Mark (unload classes) 0.140ms
[2026-04-03T01:43:04.717+0600][30.521s][info][gc,start    ] GC(8) Concurrent marking roots
[2026-04-03T01:43:04.717+0600][30.521s][info][gc,task     ] GC(8) Using 3 of 6 workers for concurrent marking roots
[2026-04-03T01:43:04.719+0600][30.523s][info][gc          ] GC(8) Concurrent marking roots 2.190ms
[2026-04-03T01:43:04.719+0600][30.523s][info][gc,start    ] GC(8) Concurrent marking (unload classes)
[2026-04-03T01:43:04.719+0600][30.523s][info][gc,task     ] GC(8) Using 3 of 6 workers for concurrent marking
[2026-04-03T01:43:04.763+0600][30.567s][info][gc          ] GC(8) Concurrent marking (unload classes) 43.474ms
[2026-04-03T01:43:04.763+0600][30.567s][info][gc,start    ] GC(8) Pause Final Mark (unload classes)
[2026-04-03T01:43:04.763+0600][30.567s][info][gc,task     ] GC(8) Using 6 of 6 workers for final marking
[2026-04-03T01:43:04.764+0600][30.568s][info][gc,ergo     ] GC(8) Adaptive CSet Selection. Target Free: 555M, Actual Free: 3345M, Max CSet: 163M, Min Garbage: 0B
[2026-04-03T01:43:04.764+0600][30.568s][info][gc,ergo     ] GC(8) Collectable Garbage: 774M (99%), Immediate: 419M (53%), CSet: 354M (45%)
[2026-04-03T01:43:04.764+0600][30.568s][info][gc,ergo     ] GC(8) Pacer for Evacuation. Used CSet: 359M, Free: 3267M, Non-Taxable: 326M, Alloc Tax Rate: 1.1x
[2026-04-03T01:43:04.764+0600][30.568s][info][gc          ] GC(8) Pause Final Mark (unload classes) 0.807ms
[2026-04-03T01:43:04.764+0600][30.568s][info][gc,start    ] GC(8) Concurrent thread roots
[2026-04-03T01:43:04.764+0600][30.568s][info][gc,task     ] GC(8) Using 3 of 6 workers for Concurrent thread roots
[2026-04-03T01:43:04.765+0600][30.569s][info][gc          ] GC(8) Concurrent thread roots 1.258ms
[2026-04-03T01:43:04.765+0600][30.569s][info][gc,start    ] GC(8) Concurrent weak references
[2026-04-03T01:43:04.765+0600][30.569s][info][gc,task     ] GC(8) Using 3 of 6 workers for concurrent weak references
[2026-04-03T01:43:04.766+0600][30.570s][info][gc,ref      ] GC(8) Encountered references: Soft: 3733, Weak: 15708, Final: 84, Phantom: 621
[2026-04-03T01:43:04.766+0600][30.570s][info][gc,ref      ] GC(8) Discovered  references: Soft: 0, Weak: 7969, Final: 52, Phantom: 580
[2026-04-03T01:43:04.766+0600][30.570s][info][gc,ref      ] GC(8) Enqueued    references: Soft: 0, Weak: 1670, Final: 0, Phantom: 0
[2026-04-03T01:43:04.766+0600][30.570s][info][gc          ] GC(8) Concurrent weak references 0.898ms
[2026-04-03T01:43:04.766+0600][30.570s][info][gc,start    ] GC(8) Concurrent weak roots
[2026-04-03T01:43:04.766+0600][30.570s][info][gc,task     ] GC(8) Using 3 of 6 workers for concurrent weak root
[2026-04-03T01:43:04.772+0600][30.576s][info][gc          ] GC(8) Concurrent weak roots 5.388ms
[2026-04-03T01:43:04.772+0600][30.576s][info][gc,start    ] GC(8) Concurrent cleanup
[2026-04-03T01:43:04.772+0600][30.576s][info][gc          ] GC(8) Concurrent cleanup 884M->465M(1072M) 0.391ms
[2026-04-03T01:43:04.772+0600][30.576s][info][gc,ergo     ] GC(8) Free: 3256M, Max: 1024K regular, 2661M humongous, Frag: 19% external, 0% internal; Reserve: 196M, Max: 1024K
[2026-04-03T01:43:04.772+0600][30.576s][info][gc,start    ] GC(8) Concurrent class unloading
[2026-04-03T01:43:04.772+0600][30.576s][info][gc,task     ] GC(8) Using 3 of 6 workers for concurrent class unloading
[2026-04-03T01:43:04.795+0600][30.599s][info][gc          ] GC(8) Concurrent class unloading 22.473ms
[2026-04-03T01:43:04.795+0600][30.599s][info][gc,start    ] GC(8) Concurrent strong roots
[2026-04-03T01:43:04.795+0600][30.599s][info][gc,task     ] GC(8) Using 3 of 6 workers for concurrent strong root
[2026-04-03T01:43:04.797+0600][30.601s][info][gc          ] GC(8) Concurrent strong roots 1.857ms
[2026-04-03T01:43:04.797+0600][30.601s][info][gc,start    ] GC(8) Concurrent evacuation
[2026-04-03T01:43:04.797+0600][30.601s][info][gc,task     ] GC(8) Using 3 of 6 workers for concurrent evacuation
[2026-04-03T01:43:04.802+0600][30.606s][info][gc          ] GC(8) Concurrent evacuation 4.931ms
[2026-04-03T01:43:04.802+0600][30.606s][info][gc,start    ] GC(8) Pause Init Update Refs
[2026-04-03T01:43:04.802+0600][30.606s][info][gc,ergo     ] GC(8) Pacer for Update Refs. Used: 508M, Free: 3220M, Non-Taxable: 322M, Alloc Tax Rate: 1.1x
[2026-04-03T01:43:04.802+0600][30.606s][info][gc          ] GC(8) Pause Init Update Refs 0.181ms
[2026-04-03T01:43:04.803+0600][30.607s][info][gc,start    ] GC(8) Concurrent update references
[2026-04-03T01:43:04.803+0600][30.607s][info][gc,task     ] GC(8) Using 3 of 6 workers for concurrent reference update
[2026-04-03T01:43:04.838+0600][30.642s][info][gc          ] GC(8) Concurrent update references 35.431ms
[2026-04-03T01:43:04.838+0600][30.642s][info][gc,start    ] GC(8) Concurrent update thread roots
[2026-04-03T01:43:04.840+0600][30.644s][info][gc          ] GC(8) Concurrent update thread roots 1.834ms
[2026-04-03T01:43:04.840+0600][30.644s][info][gc,start    ] GC(8) Pause Final Update Refs
[2026-04-03T01:43:04.840+0600][30.644s][info][gc,task     ] GC(8) Using 6 of 6 workers for final reference update
[2026-04-03T01:43:04.840+0600][30.644s][info][gc          ] GC(8) Pause Final Update Refs 0.225ms
[2026-04-03T01:43:04.841+0600][30.645s][info][gc,start    ] GC(8) Concurrent cleanup
[2026-04-03T01:43:04.841+0600][30.645s][info][gc          ] GC(8) Concurrent cleanup 527M->167M(1073M) 0.828ms
[2026-04-03T01:43:04.841+0600][30.646s][info][gc,ergo     ] Free: 3554M, Max: 1024K regular, 2800M humongous, Frag: 22% external, 0% internal; Reserve: 197M, Max: 1024K
[2026-04-03T01:43:04.842+0600][30.646s][info][gc,stats    ] 
[2026-04-03T01:43:04.842+0600][30.646s][info][gc,stats    ] All times are wall-clock times, except per-root-class counters, that are sum over
[2026-04-03T01:43:04.842+0600][30.646s][info][gc,stats    ] all workers. Dividing the <total> over the root stage time estimates parallelism.
[2026-04-03T01:43:04.842+0600][30.646s][info][gc,stats    ] 
[2026-04-03T01:43:04.842+0600][30.646s][info][gc,stats    ] Concurrent Reset                   7593 us
[2026-04-03T01:43:04.842+0600][30.646s][info][gc,stats    ] Pause Init Mark (G)                 487 us
[2026-04-03T01:43:04.842+0600][30.646s][info][gc,stats    ] Pause Init Mark (N)                 152 us
[2026-04-03T01:43:04.842+0600][30.646s][info][gc,stats    ]   Update Region States               34 us
[2026-04-03T01:43:04.842+0600][30.646s][info][gc,stats    ] Concurrent Mark Roots              2239 us, parallelism: 2.33x
[2026-04-03T01:43:04.842+0600][30.646s][info][gc,stats    ]   CMR: <total>                     5215 us
[2026-04-03T01:43:04.842+0600][30.646s][info][gc,stats    ]   CMR: Thread Roots                4513 us, workers (us): 1281, 1641, 1591, ---, ---, ---, 
[2026-04-03T01:43:04.842+0600][30.646s][info][gc,stats    ]   CMR: VM Strong Roots              325 us, workers (us):  87, 140,  98, ---, ---, ---, 
[2026-04-03T01:43:04.842+0600][30.646s][info][gc,stats    ]   CMR: CLDG Roots                   376 us, workers (us): 376, ---, ---, ---, ---, ---, 
[2026-04-03T01:43:04.842+0600][30.646s][info][gc,stats    ] Concurrent Marking                43560 us
[2026-04-03T01:43:04.842+0600][30.646s][info][gc,stats    ] Pause Final Mark (G)               1074 us
[2026-04-03T01:43:04.842+0600][30.646s][info][gc,stats    ] Pause Final Mark (N)                821 us
[2026-04-03T01:43:04.842+0600][30.646s][info][gc,stats    ]   Finish Mark                       300 us
[2026-04-03T01:43:04.842+0600][30.646s][info][gc,stats    ]   Update Region States               64 us
[2026-04-03T01:43:04.842+0600][30.646s][info][gc,stats    ]   Choose Collection Set             250 us
[2026-04-03T01:43:04.842+0600][30.646s][info][gc,stats    ]   Rebuild Free Set                   44 us
[2026-04-03T01:43:04.842+0600][30.646s][info][gc,stats    ] Concurrent Thread Roots            1308 us, parallelism: 2.54x
[2026-04-03T01:43:04.842+0600][30.646s][info][gc,stats    ]   CTR: <total>                     3327 us
[2026-04-03T01:43:04.842+0600][30.646s][info][gc,stats    ]   CTR: Thread Roots                3327 us, workers (us): 1133, 1116, 1078, ---, ---, ---, 
[2026-04-03T01:43:04.842+0600][30.646s][info][gc,stats    ] Concurrent Weak References          939 us, parallelism: 1.40x
[2026-04-03T01:43:04.842+0600][30.646s][info][gc,stats    ]   CWRF: <total>                    1315 us
[2026-04-03T01:43:04.842+0600][30.646s][info][gc,stats    ]   CWRF: Weak References            1315 us, workers (us): 624, 370, 322, ---, ---, ---, 
[2026-04-03T01:43:04.842+0600][30.646s][info][gc,stats    ] Concurrent Weak Roots              5502 us
[2026-04-03T01:43:04.842+0600][30.646s][info][gc,stats    ]   Roots                            4936 us, parallelism: 2.66x
[2026-04-03T01:43:04.842+0600][30.646s][info][gc,stats    ]     CWR: <total>                  13154 us
[2026-04-03T01:43:04.842+0600][30.646s][info][gc,stats    ]     CWR: Code Cache Roots          9680 us, workers (us): 3377, 3334, 2968, ---, ---, ---, 
[2026-04-03T01:43:04.842+0600][30.646s][info][gc,stats    ]     CWR: VM Weak Roots             3316 us, workers (us): 1122, 1115, 1080, ---, ---, ---, 
[2026-04-03T01:43:04.842+0600][30.646s][info][gc,stats    ]     CWR: CLDG Roots                 158 us, workers (us): ---, ---, 158, ---, ---, ---, 
[2026-04-03T01:43:04.842+0600][30.646s][info][gc,stats    ]   Rendezvous                        419 us
[2026-04-03T01:43:04.842+0600][30.646s][info][gc,stats    ] Concurrent Cleanup                  433 us
[2026-04-03T01:43:04.842+0600][30.646s][info][gc,stats    ] Concurrent Class Unloading        22583 us
[2026-04-03T01:43:04.842+0600][30.646s][info][gc,stats    ]   Unlink Stale                    12984 us
[2026-04-03T01:43:04.842+0600][30.646s][info][gc,stats    ]     System Dictionary               313 us
[2026-04-03T01:43:04.842+0600][30.646s][info][gc,stats    ]     Weak Class Links                  0 us
[2026-04-03T01:43:04.842+0600][30.646s][info][gc,stats    ]     Code Roots                    12665 us
[2026-04-03T01:43:04.842+0600][30.646s][info][gc,stats    ]   Rendezvous                        432 us
[2026-04-03T01:43:04.842+0600][30.646s][info][gc,stats    ]   Purge Unlinked                   9009 us
[2026-04-03T01:43:04.842+0600][30.646s][info][gc,stats    ]     Code Roots                     8952 us
[2026-04-03T01:43:04.842+0600][30.646s][info][gc,stats    ]     CLDG                             56 us
[2026-04-03T01:43:04.842+0600][30.646s][info][gc,stats    ]     Exception Caches                  0 us
[2026-04-03T01:43:04.842+0600][30.646s][info][gc,stats    ] Concurrent Strong Roots            1947 us, parallelism: 0.70x
[2026-04-03T01:43:04.842+0600][30.646s][info][gc,stats    ]   CSR: <total>                     1362 us
[2026-04-03T01:43:04.842+0600][30.646s][info][gc,stats    ]   CSR: VM Strong Roots               97 us, workers (us):  50,  36,  11, ---, ---, ---, 
[2026-04-03T01:43:04.842+0600][30.646s][info][gc,stats    ]   CSR: CLDG Roots                  1265 us, workers (us): 1265, ---, ---, ---, ---, ---, 
[2026-04-03T01:43:04.842+0600][30.646s][info][gc,stats    ] Concurrent Evacuation              5059 us
[2026-04-03T01:43:04.842+0600][30.646s][info][gc,stats    ] Pause Init Update Refs (G)          638 us
[2026-04-03T01:43:04.842+0600][30.646s][info][gc,stats    ] Pause Init Update Refs (N)          196 us
[2026-04-03T01:43:04.842+0600][30.646s][info][gc,stats    ]   Manage GCLABs                      68 us
[2026-04-03T01:43:04.842+0600][30.646s][info][gc,stats    ] Concurrent Update Refs            35540 us
[2026-04-03T01:43:04.842+0600][30.646s][info][gc,stats    ] Concurrent Update Thread Roots     1911 us
[2026-04-03T01:43:04.842+0600][30.646s][info][gc,stats    ] Pause Final Update Refs (G)         580 us
[2026-04-03T01:43:04.842+0600][30.646s][info][gc,stats    ] Pause Final Update Refs (N)         244 us
[2026-04-03T01:43:04.842+0600][30.646s][info][gc,stats    ]   Update Region States               75 us
[2026-04-03T01:43:04.842+0600][30.646s][info][gc,stats    ]   Trash Collection Set               22 us
[2026-04-03T01:43:04.842+0600][30.646s][info][gc,stats    ]   Rebuild Free Set                   45 us
[2026-04-03T01:43:04.842+0600][30.646s][info][gc,stats    ] Concurrent Cleanup                  861 us
[2026-04-03T01:43:04.842+0600][30.646s][info][gc,stats    ] 
[2026-04-03T01:43:04.842+0600][30.646s][info][gc,stats    ] Allocation pacing accrued:
[2026-04-03T01:43:04.842+0600][30.646s][info][gc,stats    ]       0 of  1247 ms (  0.0%): <total>
[2026-04-03T01:43:04.842+0600][30.646s][info][gc,stats    ]       0 of  1247 ms (  0.0%): <average total>
[2026-04-03T01:43:04.842+0600][30.646s][info][gc,stats    ] 
[2026-04-03T01:43:04.842+0600][30.646s][info][gc,metaspace] Metaspace: 128093K(129280K)->128158K(129344K) NonClass: 111828K(112448K)->111882K(112512K) Class: 16264K(16832K)->16275K(16832K)
[2026-04-03T01:43:04.842+0600][30.646s][info][gc,ergo     ] Pacer for Idle. Initial: 80302K, Alloc Tax Rate: 1.0x
[2026-04-03T01:43:05.903+0600][31.707s][info][gc          ] Trigger: Learning 5 of 5. Free (2744M) is below initial threshold (2744M)
[2026-04-03T01:43:05.903+0600][31.707s][info][gc,ergo     ] Free: 2744M, Max: 1024K regular, 2744M humongous, Frag: 0% external, 0% internal; Reserve: 197M, Max: 1024K
[2026-04-03T01:43:05.903+0600][31.707s][info][gc,start    ] GC(9) Concurrent reset
[2026-04-03T01:43:05.903+0600][31.707s][info][gc,task     ] GC(9) Using 3 of 6 workers for concurrent reset
[2026-04-03T01:43:05.903+0600][31.708s][info][gc,ergo     ] GC(9) Pacer for Reset. Non-Taxable: 3921M
[2026-04-03T01:43:05.913+0600][31.717s][info][gc          ] GC(9) Concurrent reset 9.861ms
[2026-04-03T01:43:05.914+0600][31.718s][info][gc,start    ] GC(9) Pause Init Mark (unload classes)
[2026-04-03T01:43:05.914+0600][31.718s][info][gc,task     ] GC(9) Using 6 of 6 workers for init marking
[2026-04-03T01:43:05.914+0600][31.718s][info][gc,ergo     ] GC(9) Pacer for Mark. Expected Live: 77553K, Free: 2739M, Non-Taxable: 273M, Alloc Tax Rate: 0.0x
[2026-04-03T01:43:05.914+0600][31.718s][info][gc          ] GC(9) Pause Init Mark (unload classes) 0.196ms
[2026-04-03T01:43:05.914+0600][31.718s][info][gc,start    ] GC(9) Concurrent marking roots
[2026-04-03T01:43:05.914+0600][31.718s][info][gc,task     ] GC(9) Using 3 of 6 workers for concurrent marking roots
[2026-04-03T01:43:05.916+0600][31.720s][info][gc          ] GC(9) Concurrent marking roots 1.933ms
[2026-04-03T01:43:05.916+0600][31.720s][info][gc,start    ] GC(9) Concurrent marking (unload classes)
[2026-04-03T01:43:05.916+0600][31.720s][info][gc,task     ] GC(9) Using 3 of 6 workers for concurrent marking
[2026-04-03T01:43:05.983+0600][31.787s][info][gc          ] GC(9) Concurrent marking (unload classes) 66.938ms
[2026-04-03T01:43:05.983+0600][31.787s][info][gc,start    ] GC(9) Pause Final Mark (unload classes)
[2026-04-03T01:43:05.983+0600][31.788s][info][gc,task     ] GC(9) Using 6 of 6 workers for final marking
[2026-04-03T01:43:05.984+0600][31.788s][info][gc,ergo     ] GC(9) Adaptive CSet Selection. Target Free: 555M, Actual Free: 3390M, Max CSet: 163M, Min Garbage: 0B
[2026-04-03T01:43:05.984+0600][31.789s][info][gc,ergo     ] GC(9) Collectable Garbage: 741M (98%), Immediate: 505M (67%), CSet: 235M (31%)
[2026-04-03T01:43:05.985+0600][31.789s][info][gc,ergo     ] GC(9) Pacer for Evacuation. Used CSet: 240M, Free: 3348M, Non-Taxable: 334M, Alloc Tax Rate: 1.1x
[2026-04-03T01:43:05.985+0600][31.789s][info][gc          ] GC(9) Pause Final Mark (unload classes) 1.183ms
[2026-04-03T01:43:05.985+0600][31.789s][info][gc,start    ] GC(9) Concurrent thread roots
[2026-04-03T01:43:05.985+0600][31.789s][info][gc,task     ] GC(9) Using 3 of 6 workers for Concurrent thread roots
[2026-04-03T01:43:05.986+0600][31.790s][info][gc          ] GC(9) Concurrent thread roots 1.455ms
[2026-04-03T01:43:05.986+0600][31.790s][info][gc,start    ] GC(9) Concurrent weak references
[2026-04-03T01:43:05.986+0600][31.790s][info][gc,task     ] GC(9) Using 3 of 6 workers for concurrent weak references
[2026-04-03T01:43:05.987+0600][31.791s][info][gc,ref      ] GC(9) Encountered references: Soft: 3751, Weak: 15472, Final: 84, Phantom: 621
[2026-04-03T01:43:05.987+0600][31.791s][info][gc,ref      ] GC(9) Discovered  references: Soft: 0, Weak: 7994, Final: 48, Phantom: 616
[2026-04-03T01:43:05.987+0600][31.791s][info][gc,ref      ] GC(9) Enqueued    references: Soft: 0, Weak: 75, Final: 0, Phantom: 0
[2026-04-03T01:43:05.987+0600][31.791s][info][gc          ] GC(9) Concurrent weak references 1.086ms
[2026-04-03T01:43:05.987+0600][31.791s][info][gc,start    ] GC(9) Concurrent weak roots
[2026-04-03T01:43:05.987+0600][31.791s][info][gc,task     ] GC(9) Using 3 of 6 workers for concurrent weak root
[2026-04-03T01:43:05.993+0600][31.797s][info][gc          ] GC(9) Concurrent weak roots 5.704ms
[2026-04-03T01:43:05.993+0600][31.797s][info][gc,start    ] GC(9) Concurrent cleanup
[2026-04-03T01:43:05.994+0600][31.798s][info][gc          ] GC(9) Concurrent cleanup 885M->379M(1073M) 0.945ms
[2026-04-03T01:43:05.994+0600][31.798s][info][gc,ergo     ] GC(9) Free: 3338M, Max: 1024K regular, 2678M humongous, Frag: 20% external, 0% internal; Reserve: 196M, Max: 1024K
[2026-04-03T01:43:05.994+0600][31.798s][info][gc,start    ] GC(9) Concurrent class unloading
[2026-04-03T01:43:05.994+0600][31.798s][info][gc,task     ] GC(9) Using 3 of 6 workers for concurrent class unloading
[2026-04-03T01:43:06.022+0600][31.826s][info][gc          ] GC(9) Concurrent class unloading 28.112ms
[2026-04-03T01:43:06.022+0600][31.827s][info][gc,start    ] GC(9) Concurrent strong roots
[2026-04-03T01:43:06.023+0600][31.827s][info][gc,task     ] GC(9) Using 3 of 6 workers for concurrent strong root
[2026-04-03T01:43:06.024+0600][31.828s][info][gc          ] GC(9) Concurrent strong roots 1.394ms
[2026-04-03T01:43:06.024+0600][31.828s][info][gc,start    ] GC(9) Concurrent evacuation
[2026-04-03T01:43:06.024+0600][31.828s][info][gc,task     ] GC(9) Using 3 of 6 workers for concurrent evacuation
[2026-04-03T01:43:06.027+0600][31.831s][info][gc          ] GC(9) Concurrent evacuation 3.322ms
[2026-04-03T01:43:06.028+0600][31.832s][info][gc,start    ] GC(9) Pause Init Update Refs
[2026-04-03T01:43:06.028+0600][31.832s][info][gc,ergo     ] GC(9) Pacer for Update Refs. Used: 440M, Free: 3280M, Non-Taxable: 328M, Alloc Tax Rate: 1.1x
[2026-04-03T01:43:06.028+0600][31.832s][info][gc          ] GC(9) Pause Init Update Refs 0.139ms
[2026-04-03T01:43:06.028+0600][31.832s][info][gc,start    ] GC(9) Concurrent update references
[2026-04-03T01:43:06.028+0600][31.832s][info][gc,task     ] GC(9) Using 3 of 6 workers for concurrent reference update
[2026-04-03T01:43:06.081+0600][31.885s][info][gc          ] GC(9) Concurrent update references 52.973ms
[2026-04-03T01:43:06.081+0600][31.885s][info][gc,start    ] GC(9) Concurrent update thread roots
[2026-04-03T01:43:06.084+0600][31.888s][info][gc          ] GC(9) Concurrent update thread roots 2.998ms
[2026-04-03T01:43:06.084+0600][31.888s][info][gc,start    ] GC(9) Pause Final Update Refs
[2026-04-03T01:43:06.084+0600][31.888s][info][gc,task     ] GC(9) Using 6 of 6 workers for final reference update
[2026-04-03T01:43:06.084+0600][31.888s][info][gc          ] GC(9) Pause Final Update Refs 0.215ms
[2026-04-03T01:43:06.085+0600][31.889s][info][gc,start    ] GC(9) Concurrent cleanup
[2026-04-03T01:43:06.085+0600][31.889s][info][gc          ] GC(9) Concurrent cleanup 477M->237M(1073M) 0.873ms
[2026-04-03T01:43:06.086+0600][31.890s][info][gc,ergo     ] Free: 3472M, Max: 1024K regular, 2677M humongous, Frag: 23% external, 0% internal; Reserve: 197M, Max: 1024K
[2026-04-03T01:43:06.086+0600][31.890s][info][gc,stats    ] 
[2026-04-03T01:43:06.086+0600][31.890s][info][gc,stats    ] All times are wall-clock times, except per-root-class counters, that are sum over
[2026-04-03T01:43:06.086+0600][31.890s][info][gc,stats    ] all workers. Dividing the <total> over the root stage time estimates parallelism.
[2026-04-03T01:43:06.086+0600][31.890s][info][gc,stats    ] 
[2026-04-03T01:43:06.086+0600][31.890s][info][gc,stats    ] Concurrent Reset                   9954 us
[2026-04-03T01:43:06.086+0600][31.890s][info][gc,stats    ] Pause Init Mark (G)                 858 us
[2026-04-03T01:43:06.086+0600][31.890s][info][gc,stats    ] Pause Init Mark (N)                 211 us
[2026-04-03T01:43:06.086+0600][31.890s][info][gc,stats    ]   Update Region States               52 us
[2026-04-03T01:43:06.086+0600][31.890s][info][gc,stats    ] Concurrent Mark Roots              1996 us, parallelism: 1.99x
[2026-04-03T01:43:06.086+0600][31.890s][info][gc,stats    ]   CMR: <total>                     3968 us
[2026-04-03T01:43:06.086+0600][31.890s][info][gc,stats    ]   CMR: Thread Roots                3541 us, workers (us): 1313, 1305, 924, ---, ---, ---, 
[2026-04-03T01:43:06.086+0600][31.890s][info][gc,stats    ]   CMR: VM Strong Roots               67 us, workers (us):  25,  22,  20, ---, ---, ---, 
[2026-04-03T01:43:06.086+0600][31.890s][info][gc,stats    ]   CMR: CLDG Roots                   360 us, workers (us): ---, ---, 360, ---, ---, ---, 
[2026-04-03T01:43:06.086+0600][31.890s][info][gc,stats    ] Concurrent Marking                67026 us
[2026-04-03T01:43:06.086+0600][31.890s][info][gc,stats    ] Pause Final Mark (G)               1526 us
[2026-04-03T01:43:06.086+0600][31.890s][info][gc,stats    ] Pause Final Mark (N)               1208 us
[2026-04-03T01:43:06.086+0600][31.890s][info][gc,stats    ]   Finish Mark                       572 us
[2026-04-03T01:43:06.086+0600][31.890s][info][gc,stats    ]   Update Region States               76 us
[2026-04-03T01:43:06.086+0600][31.890s][info][gc,stats    ]   Choose Collection Set             257 us
[2026-04-03T01:43:06.086+0600][31.890s][info][gc,stats    ]   Rebuild Free Set                   76 us
[2026-04-03T01:43:06.086+0600][31.890s][info][gc,stats    ] Concurrent Thread Roots            1494 us, parallelism: 2.46x
[2026-04-03T01:43:06.086+0600][31.890s][info][gc,stats    ]   CTR: <total>                     3675 us
[2026-04-03T01:43:06.086+0600][31.890s][info][gc,stats    ]   CTR: Thread Roots                3675 us, workers (us): 1251, 1199, 1225, ---, ---, ---, 
[2026-04-03T01:43:06.086+0600][31.890s][info][gc,stats    ] Concurrent Weak References         1104 us, parallelism: 1.22x
[2026-04-03T01:43:06.086+0600][31.890s][info][gc,stats    ]   CWRF: <total>                    1346 us
[2026-04-03T01:43:06.086+0600][31.890s][info][gc,stats    ]   CWRF: Weak References            1346 us, workers (us): 479, 118, 749, ---, ---, ---, 
[2026-04-03T01:43:06.086+0600][31.890s][info][gc,stats    ] Concurrent Weak Roots              5825 us
[2026-04-03T01:43:06.086+0600][31.890s][info][gc,stats    ]   Roots                            5235 us, parallelism: 2.75x
[2026-04-03T01:43:06.086+0600][31.890s][info][gc,stats    ]     CWR: <total>                  14388 us
[2026-04-03T01:43:06.086+0600][31.890s][info][gc,stats    ]     CWR: Code Cache Roots          9687 us, workers (us): 3380, 3290, 3017, ---, ---, ---, 
[2026-04-03T01:43:06.086+0600][31.890s][info][gc,stats    ]     CWR: VM Weak Roots             4446 us, workers (us): 1483, 1492, 1470, ---, ---, ---, 
[2026-04-03T01:43:06.086+0600][31.890s][info][gc,stats    ]     CWR: CLDG Roots                 255 us, workers (us): ---, ---, 255, ---, ---, ---, 
[2026-04-03T01:43:06.086+0600][31.890s][info][gc,stats    ]   Rendezvous                        427 us
[2026-04-03T01:43:06.086+0600][31.890s][info][gc,stats    ] Concurrent Cleanup                  974 us
[2026-04-03T01:43:06.086+0600][31.890s][info][gc,stats    ] Concurrent Class Unloading        28191 us
[2026-04-03T01:43:06.086+0600][31.890s][info][gc,stats    ]   Unlink Stale                    15024 us
[2026-04-03T01:43:06.086+0600][31.890s][info][gc,stats    ]     System Dictionary               265 us
[2026-04-03T01:43:06.086+0600][31.890s][info][gc,stats    ]     Weak Class Links                  0 us
[2026-04-03T01:43:06.086+0600][31.890s][info][gc,stats    ]     Code Roots                    14754 us
[2026-04-03T01:43:06.086+0600][31.890s][info][gc,stats    ]   Rendezvous                        279 us
[2026-04-03T01:43:06.086+0600][31.890s][info][gc,stats    ]   Purge Unlinked                  12768 us
[2026-04-03T01:43:06.086+0600][31.890s][info][gc,stats    ]     Code Roots                    12731 us
[2026-04-03T01:43:06.086+0600][31.890s][info][gc,stats    ]     CLDG                             36 us
[2026-04-03T01:43:06.086+0600][31.890s][info][gc,stats    ]     Exception Caches                  0 us
[2026-04-03T01:43:06.086+0600][31.890s][info][gc,stats    ] Concurrent Strong Roots            1462 us, parallelism: 0.72x
[2026-04-03T01:43:06.086+0600][31.890s][info][gc,stats    ]   CSR: <total>                     1046 us
[2026-04-03T01:43:06.086+0600][31.890s][info][gc,stats    ]   CSR: VM Strong Roots               64 us, workers (us):  32,  21,  11, ---, ---, ---, 
[2026-04-03T01:43:06.086+0600][31.890s][info][gc,stats    ]   CSR: CLDG Roots                   982 us, workers (us): ---, 982, ---, ---, ---, ---, 
[2026-04-03T01:43:06.086+0600][31.890s][info][gc,stats    ] Concurrent Evacuation              3437 us
[2026-04-03T01:43:06.086+0600][31.890s][info][gc,stats    ] Pause Init Update Refs (G)          419 us
[2026-04-03T01:43:06.086+0600][31.890s][info][gc,stats    ] Pause Init Update Refs (N)          152 us
[2026-04-03T01:43:06.086+0600][31.890s][info][gc,stats    ]   Manage GCLABs                      34 us
[2026-04-03T01:43:06.086+0600][31.890s][info][gc,stats    ] Concurrent Update Refs            53118 us
[2026-04-03T01:43:06.086+0600][31.890s][info][gc,stats    ] Concurrent Update Thread Roots     3116 us
[2026-04-03T01:43:06.086+0600][31.890s][info][gc,stats    ] Pause Final Update Refs (G)         478 us
[2026-04-03T01:43:06.086+0600][31.890s][info][gc,stats    ] Pause Final Update Refs (N)         246 us
[2026-04-03T01:43:06.086+0600][31.890s][info][gc,stats    ]   Update Region States               71 us
[2026-04-03T01:43:06.086+0600][31.890s][info][gc,stats    ]   Trash Collection Set               16 us
[2026-04-03T01:43:06.086+0600][31.890s][info][gc,stats    ]   Rebuild Free Set                   49 us
[2026-04-03T01:43:06.086+0600][31.890s][info][gc,stats    ] Concurrent Cleanup                  952 us
[2026-04-03T01:43:06.086+0600][31.890s][info][gc,stats    ] 
[2026-04-03T01:43:06.086+0600][31.890s][info][gc,stats    ] Allocation pacing accrued:
[2026-04-03T01:43:06.086+0600][31.891s][info][gc,stats    ]       0 of  1244 ms (  0.0%): <total>
[2026-04-03T01:43:06.086+0600][31.891s][info][gc,stats    ]       0 of  1244 ms (  0.0%): <average total>
[2026-04-03T01:43:06.086+0600][31.891s][info][gc,stats    ] 
[2026-04-03T01:43:06.087+0600][31.891s][info][gc,metaspace] Metaspace: 128556K(129728K)->128593K(129792K) NonClass: 112279K(112896K)->112316K(112960K) Class: 16277K(16832K)->16277K(16832K)
[2026-04-03T01:43:06.087+0600][31.891s][info][gc,ergo     ] Pacer for Idle. Initial: 80302K, Alloc Tax Rate: 1.0x
[2026-04-03T01:43:10.265+0600][36.069s][info][gc          ] Trigger: Free (390M) is below minimum threshold (392M)
[2026-04-03T01:43:10.265+0600][36.069s][info][gc,ergo     ] Free: 390M, Max: 1024K regular, 390M humongous, Frag: 0% external, 1% internal; Reserve: 197M, Max: 1024K
[2026-04-03T01:43:10.265+0600][36.070s][info][gc,start    ] GC(10) Concurrent reset
[2026-04-03T01:43:10.265+0600][36.070s][info][gc,task     ] GC(10) Using 3 of 6 workers for concurrent reset
[2026-04-03T01:43:10.266+0600][36.070s][info][gc,ergo     ] GC(10) Pacer for Reset. Non-Taxable: 3921M
[2026-04-03T01:43:10.270+0600][36.074s][info][gc          ] GC(10) Concurrent reset 4.599ms
[2026-04-03T01:43:10.271+0600][36.075s][info][gc,start    ] GC(10) Pause Init Mark (unload classes)
[2026-04-03T01:43:10.271+0600][36.076s][info][gc,task     ] GC(10) Using 6 of 6 workers for init marking
[2026-04-03T01:43:10.272+0600][36.076s][info][gc,ergo     ] GC(10) Pacer for Mark. Expected Live: 79207K, Free: 388M, Non-Taxable: 39768K, Alloc Tax Rate: 0.2x
[2026-04-03T01:43:10.272+0600][36.076s][info][gc          ] GC(10) Pause Init Mark (unload classes) 0.307ms
[2026-04-03T01:43:10.272+0600][36.076s][info][gc,start    ] GC(10) Concurrent marking roots
[2026-04-03T01:43:10.272+0600][36.076s][info][gc,task     ] GC(10) Using 3 of 6 workers for concurrent marking roots
[2026-04-03T01:43:10.275+0600][36.079s][info][gc          ] GC(10) Concurrent marking roots 3.502ms
[2026-04-03T01:43:10.275+0600][36.079s][info][gc,start    ] GC(10) Concurrent marking (unload classes)
[2026-04-03T01:43:10.275+0600][36.080s][info][gc,task     ] GC(10) Using 3 of 6 workers for concurrent marking
[2026-04-03T01:43:10.355+0600][36.159s][info][gc          ] GC(10) Concurrent marking (unload classes) 79.952ms
[2026-04-03T01:43:10.356+0600][36.160s][info][gc,start    ] GC(10) Pause Final Mark (unload classes)
[2026-04-03T01:43:10.356+0600][36.160s][info][gc,task     ] GC(10) Using 6 of 6 workers for final marking
[2026-04-03T01:43:10.356+0600][36.160s][info][gc,ergo     ] GC(10) Adaptive CSet Selection. Target Free: 555M, Actual Free: 2482M, Max CSet: 163M, Min Garbage: 0B
[2026-04-03T01:43:10.357+0600][36.161s][info][gc,ergo     ] GC(10) Collectable Garbage: 2750M (99%), Immediate: 1950M (70%), CSet: 800M (29%)
[2026-04-03T01:43:10.357+0600][36.161s][info][gc,ergo     ] GC(10) Pacer for Evacuation. Used CSet: 814M, Free: 2766M, Non-Taxable: 276M, Alloc Tax Rate: 1.1x
[2026-04-03T01:43:10.357+0600][36.161s][info][gc          ] GC(10) Pause Final Mark (unload classes) 1.119ms
[2026-04-03T01:43:10.357+0600][36.161s][info][gc,start    ] GC(10) Concurrent thread roots
[2026-04-03T01:43:10.357+0600][36.161s][info][gc,task     ] GC(10) Using 3 of 6 workers for Concurrent thread roots
[2026-04-03T01:43:10.363+0600][36.167s][info][gc          ] GC(10) Concurrent thread roots 5.959ms
[2026-04-03T01:43:10.363+0600][36.167s][info][gc,start    ] GC(10) Concurrent weak references
[2026-04-03T01:43:10.363+0600][36.167s][info][gc,task     ] GC(10) Using 3 of 6 workers for concurrent weak references
[2026-04-03T01:43:10.364+0600][36.168s][info][gc,ref      ] GC(10) Encountered references: Soft: 3862, Weak: 19044, Final: 84, Phantom: 621
[2026-04-03T01:43:10.364+0600][36.168s][info][gc,ref      ] GC(10) Discovered  references: Soft: 0, Weak: 10392, Final: 0, Phantom: 220
[2026-04-03T01:43:10.364+0600][36.168s][info][gc,ref      ] GC(10) Enqueued    references: Soft: 0, Weak: 4488, Final: 0, Phantom: 0
[2026-04-03T01:43:10.364+0600][36.168s][info][gc          ] GC(10) Concurrent weak references 1.243ms
[2026-04-03T01:43:10.364+0600][36.168s][info][gc,start    ] GC(10) Concurrent weak roots
[2026-04-03T01:43:10.364+0600][36.168s][info][gc,task     ] GC(10) Using 3 of 6 workers for concurrent weak root
[2026-04-03T01:43:10.384+0600][36.188s][info][gc          ] GC(10) Concurrent weak roots 19.330ms
[2026-04-03T01:43:10.384+0600][36.188s][info][gc,start    ] GC(10) Concurrent cleanup
[2026-04-03T01:43:10.391+0600][36.195s][info][gc          ] GC(10) Concurrent cleanup 2908M->966M(3427M) 7.124ms
[2026-04-03T01:43:10.391+0600][36.195s][info][gc,ergo     ] GC(10) Free: 2736M, Max: 1024K regular, 305M humongous, Frag: 89% external, 0% internal; Reserve: 195M, Max: 1024K
[2026-04-03T01:43:10.391+0600][36.195s][info][gc,start    ] GC(10) Concurrent class unloading
[2026-04-03T01:43:10.391+0600][36.195s][info][gc,task     ] GC(10) Using 3 of 6 workers for concurrent class unloading
[2026-04-03T01:43:10.501+0600][36.305s][info][gc          ] GC(10) Concurrent class unloading 109.419ms
[2026-04-03T01:43:10.501+0600][36.305s][info][gc,start    ] GC(10) Concurrent strong roots
[2026-04-03T01:43:10.501+0600][36.305s][info][gc,task     ] GC(10) Using 3 of 6 workers for concurrent strong root
[2026-04-03T01:43:10.503+0600][36.307s][info][gc          ] GC(10) Concurrent strong roots 1.989ms
[2026-04-03T01:43:10.503+0600][36.307s][info][gc,start    ] GC(10) Concurrent evacuation
[2026-04-03T01:43:10.503+0600][36.307s][info][gc,task     ] GC(10) Using 3 of 6 workers for concurrent evacuation
[2026-04-03T01:43:10.535+0600][36.339s][info][gc          ] GC(10) Concurrent evacuation 31.727ms
[2026-04-03T01:43:10.535+0600][36.339s][info][gc,start    ] GC(10) Pause Init Update Refs
[2026-04-03T01:43:10.535+0600][36.339s][info][gc,ergo     ] GC(10) Pacer for Update Refs. Used: 1067M, Free: 2639M, Non-Taxable: 263M, Alloc Tax Rate: 1.1x
[2026-04-03T01:43:10.535+0600][36.339s][info][gc          ] GC(10) Pause Init Update Refs 0.152ms
[2026-04-03T01:43:10.536+0600][36.340s][info][gc,start    ] GC(10) Concurrent update references
[2026-04-03T01:43:10.536+0600][36.340s][info][gc,task     ] GC(10) Using 3 of 6 workers for concurrent reference update
[2026-04-03T01:43:10.611+0600][36.415s][info][gc          ] GC(10) Concurrent update references 75.266ms
[2026-04-03T01:43:10.611+0600][36.415s][info][gc,start    ] GC(10) Concurrent update thread roots
[2026-04-03T01:43:10.613+0600][36.417s][info][gc          ] GC(10) Concurrent update thread roots 1.600ms
[2026-04-03T01:43:10.613+0600][36.417s][info][gc,start    ] GC(10) Pause Final Update Refs
[2026-04-03T01:43:10.613+0600][36.417s][info][gc,task     ] GC(10) Using 6 of 6 workers for final reference update
[2026-04-03T01:43:10.613+0600][36.417s][info][gc          ] GC(10) Pause Final Update Refs 0.237ms
[2026-04-03T01:43:10.613+0600][36.417s][info][gc,start    ] GC(10) Concurrent cleanup
[2026-04-03T01:43:10.614+0600][36.418s][info][gc          ] GC(10) Concurrent cleanup 1119M->305M(3436M) 0.831ms
[2026-04-03T01:43:10.614+0600][36.418s][info][gc,ergo     ] Free: 3377M, Max: 1024K regular, 2708M humongous, Frag: 20% external, 0% internal; Reserve: 197M, Max: 1024K
[2026-04-03T01:43:10.614+0600][36.418s][info][gc,stats    ] 
[2026-04-03T01:43:10.614+0600][36.418s][info][gc,stats    ] All times are wall-clock times, except per-root-class counters, that are sum over
[2026-04-03T01:43:10.614+0600][36.418s][info][gc,stats    ] all workers. Dividing the <total> over the root stage time estimates parallelism.
[2026-04-03T01:43:10.614+0600][36.418s][info][gc,stats    ] 
[2026-04-03T01:43:10.614+0600][36.418s][info][gc,stats    ] Concurrent Reset                   4715 us
[2026-04-03T01:43:10.614+0600][36.418s][info][gc,stats    ] Pause Init Mark (G)                1658 us
[2026-04-03T01:43:10.614+0600][36.418s][info][gc,stats    ] Pause Init Mark (N)                 349 us
[2026-04-03T01:43:10.614+0600][36.418s][info][gc,stats    ]   Update Region States               90 us
[2026-04-03T01:43:10.614+0600][36.418s][info][gc,stats    ] Concurrent Mark Roots              3586 us, parallelism: 2.44x
[2026-04-03T01:43:10.614+0600][36.418s][info][gc,stats    ]   CMR: <total>                     8765 us
[2026-04-03T01:43:10.614+0600][36.418s][info][gc,stats    ]   CMR: Thread Roots                8131 us, workers (us): 2883, 2388, 2860, ---, ---, ---, 
[2026-04-03T01:43:10.614+0600][36.418s][info][gc,stats    ]   CMR: VM Strong Roots               86 us, workers (us):  39,  24,  23, ---, ---, ---, 
[2026-04-03T01:43:10.614+0600][36.418s][info][gc,stats    ]   CMR: CLDG Roots                   548 us, workers (us): ---, 548, ---, ---, ---, ---, 
[2026-04-03T01:43:10.614+0600][36.418s][info][gc,stats    ] Concurrent Marking                80056 us
[2026-04-03T01:43:10.614+0600][36.418s][info][gc,stats    ] Pause Final Mark (G)               1387 us
[2026-04-03T01:43:10.614+0600][36.418s][info][gc,stats    ] Pause Final Mark (N)               1141 us
[2026-04-03T01:43:10.614+0600][36.418s][info][gc,stats    ]   Finish Mark                       322 us
[2026-04-03T01:43:10.614+0600][36.418s][info][gc,stats    ]   Update Region States               78 us
[2026-04-03T01:43:10.614+0600][36.418s][info][gc,stats    ]   Choose Collection Set             480 us
[2026-04-03T01:43:10.614+0600][36.418s][info][gc,stats    ]   Rebuild Free Set                  105 us
[2026-04-03T01:43:10.614+0600][36.418s][info][gc,stats    ] Concurrent Thread Roots            6052 us, parallelism: 2.60x
[2026-04-03T01:43:10.614+0600][36.418s][info][gc,stats    ]   CTR: <total>                    15718 us
[2026-04-03T01:43:10.614+0600][36.418s][info][gc,stats    ]   CTR: Thread Roots               15718 us, workers (us): 5789, 4990, 4938, ---, ---, ---, 
[2026-04-03T01:43:10.614+0600][36.418s][info][gc,stats    ] Concurrent Weak References         1260 us, parallelism: 1.46x
[2026-04-03T01:43:10.614+0600][36.418s][info][gc,stats    ]   CWRF: <total>                    1843 us
[2026-04-03T01:43:10.614+0600][36.418s][info][gc,stats    ]   CWRF: Weak References            1843 us, workers (us): 222, 602, 1019, ---, ---, ---, 
[2026-04-03T01:43:10.614+0600][36.418s][info][gc,stats    ] Concurrent Weak Roots             19752 us
[2026-04-03T01:43:10.614+0600][36.418s][info][gc,stats    ]   Roots                           14538 us, parallelism: 2.25x
[2026-04-03T01:43:10.614+0600][36.418s][info][gc,stats    ]     CWR: <total>                  32778 us
[2026-04-03T01:43:10.614+0600][36.418s][info][gc,stats    ]     CWR: Code Cache Roots         28581 us, workers (us): 10223, 10411, 7947, ---, ---, ---, 
[2026-04-03T01:43:10.614+0600][36.418s][info][gc,stats    ]     CWR: VM Weak Roots             4039 us, workers (us): 2786, 1251,   2, ---, ---, ---, 
[2026-04-03T01:43:10.614+0600][36.418s][info][gc,stats    ]     CWR: CLDG Roots                 158 us, workers (us): 158, ---, ---, ---, ---, ---, 
[2026-04-03T01:43:10.614+0600][36.418s][info][gc,stats    ]   Rendezvous                       4757 us
[2026-04-03T01:43:10.614+0600][36.418s][info][gc,stats    ] Concurrent Cleanup                 7271 us
[2026-04-03T01:43:10.614+0600][36.418s][info][gc,stats    ] Concurrent Class Unloading       109514 us
[2026-04-03T01:43:10.614+0600][36.418s][info][gc,stats    ]   Unlink Stale                    69747 us
[2026-04-03T01:43:10.614+0600][36.418s][info][gc,stats    ]     System Dictionary               961 us
[2026-04-03T01:43:10.614+0600][36.418s][info][gc,stats    ]     Weak Class Links              35898 us
[2026-04-03T01:43:10.614+0600][36.418s][info][gc,stats    ]     Code Roots                    32881 us
[2026-04-03T01:43:10.614+0600][36.418s][info][gc,stats    ]   Rendezvous                        484 us
[2026-04-03T01:43:10.614+0600][36.418s][info][gc,stats    ]   Purge Unlinked                  39143 us
[2026-04-03T01:43:10.614+0600][36.418s][info][gc,stats    ]     Code Roots                    38960 us
[2026-04-03T01:43:10.614+0600][36.418s][info][gc,stats    ]     CLDG                            182 us
[2026-04-03T01:43:10.614+0600][36.418s][info][gc,stats    ]     Exception Caches                  1 us
[2026-04-03T01:43:10.614+0600][36.418s][info][gc,stats    ] Concurrent Strong Roots            2102 us, parallelism: 0.79x
[2026-04-03T01:43:10.614+0600][36.418s][info][gc,stats    ]   CSR: <total>                     1657 us
[2026-04-03T01:43:10.614+0600][36.418s][info][gc,stats    ]   CSR: VM Strong Roots               62 us, workers (us):  30,  19,  13, ---, ---, ---, 
[2026-04-03T01:43:10.614+0600][36.419s][info][gc,stats    ]   CSR: CLDG Roots                  1595 us, workers (us): 1595, ---, ---, ---, ---, ---, 
[2026-04-03T01:43:10.614+0600][36.419s][info][gc,stats    ] Concurrent Evacuation             31855 us
[2026-04-03T01:43:10.614+0600][36.419s][info][gc,stats    ] Pause Init Update Refs (G)          801 us
[2026-04-03T01:43:10.614+0600][36.419s][info][gc,stats    ] Pause Init Update Refs (N)          165 us
[2026-04-03T01:43:10.614+0600][36.419s][info][gc,stats    ]   Manage GCLABs                      61 us
[2026-04-03T01:43:10.615+0600][36.419s][info][gc,stats    ] Concurrent Update Refs            75355 us
[2026-04-03T01:43:10.615+0600][36.419s][info][gc,stats    ] Concurrent Update Thread Roots     1671 us
[2026-04-03T01:43:10.615+0600][36.419s][info][gc,stats    ] Pause Final Update Refs (G)         431 us
[2026-04-03T01:43:10.615+0600][36.419s][info][gc,stats    ] Pause Final Update Refs (N)         274 us
[2026-04-03T01:43:10.615+0600][36.419s][info][gc,stats    ]   Update Region States               77 us
[2026-04-03T01:43:10.615+0600][36.419s][info][gc,stats    ]   Trash Collection Set               31 us
[2026-04-03T01:43:10.615+0600][36.419s][info][gc,stats    ]   Rebuild Free Set                   62 us
[2026-04-03T01:43:10.615+0600][36.419s][info][gc,stats    ] Concurrent Cleanup                  851 us
[2026-04-03T01:43:10.615+0600][36.419s][info][gc,stats    ] 
[2026-04-03T01:43:10.615+0600][36.419s][info][gc,stats    ] Allocation pacing accrued:
[2026-04-03T01:43:10.615+0600][36.419s][info][gc,stats    ]       0 of  4528 ms (  0.0%): <total>
[2026-04-03T01:43:10.615+0600][36.419s][info][gc,stats    ]       0 of  4528 ms (  0.0%): <average total>
[2026-04-03T01:43:10.615+0600][36.419s][info][gc,stats    ] 
[2026-04-03T01:43:10.615+0600][36.419s][info][gc,metaspace] Metaspace: 129790K(131008K)->129777K(131008K) NonClass: 113411K(114048K)->113405K(114048K) Class: 16378K(16960K)->16372K(16960K)
[2026-04-03T01:43:10.615+0600][36.419s][info][gc,ergo     ] Pacer for Idle. Initial: 80302K, Alloc Tax Rate: 1.0x
[2026-04-03T01:43:12.325+0600][38.129s][info][gc          ] Trigger: Average GC time (429.62 ms) is above the time for instantaneous allocation rate (3767 MB/s) to deplete free headroom (1157M) (spike threshold = 1.80)
[2026-04-03T01:43:12.325+0600][38.129s][info][gc,ergo     ] Free: 1353M, Max: 1024K regular, 1057M humongous, Frag: 22% external, 0% internal; Reserve: 197M, Max: 1024K
[2026-04-03T01:43:12.325+0600][38.129s][info][gc,start    ] GC(11) Concurrent reset
[2026-04-03T01:43:12.325+0600][38.129s][info][gc,task     ] GC(11) Using 3 of 6 workers for concurrent reset
[2026-04-03T01:43:12.325+0600][38.129s][info][gc,ergo     ] GC(11) Pacer for Reset. Non-Taxable: 3921M
[2026-04-03T01:43:12.357+0600][38.161s][info][gc          ] GC(11) Concurrent reset 32.183ms
[2026-04-03T01:43:12.358+0600][38.162s][info][gc,start    ] GC(11) Pause Init Mark (unload classes)
[2026-04-03T01:43:12.358+0600][38.162s][info][gc,task     ] GC(11) Using 6 of 6 workers for init marking
[2026-04-03T01:43:12.358+0600][38.162s][info][gc,ergo     ] GC(11) Pacer for Mark. Expected Live: 82850K, Free: 1332M, Non-Taxable: 133M, Alloc Tax Rate: 0.1x
[2026-04-03T01:43:12.358+0600][38.162s][info][gc          ] GC(11) Pause Init Mark (unload classes) 0.250ms
[2026-04-03T01:43:12.358+0600][38.162s][info][gc,start    ] GC(11) Concurrent marking roots
[2026-04-03T01:43:12.358+0600][38.162s][info][gc,task     ] GC(11) Using 3 of 6 workers for concurrent marking roots
[2026-04-03T01:43:12.362+0600][38.166s][info][gc          ] GC(11) Concurrent marking roots 3.603ms
[2026-04-03T01:43:12.362+0600][38.166s][info][gc,start    ] GC(11) Concurrent marking (unload classes)
[2026-04-03T01:43:12.362+0600][38.166s][info][gc,task     ] GC(11) Using 3 of 6 workers for concurrent marking
[2026-04-03T01:43:12.430+0600][38.234s][info][gc          ] GC(11) Concurrent marking (unload classes) 67.860ms
[2026-04-03T01:43:12.430+0600][38.234s][info][gc,start    ] GC(11) Pause Final Mark (unload classes)
[2026-04-03T01:43:12.430+0600][38.234s][info][gc,task     ] GC(11) Using 6 of 6 workers for final marking
[2026-04-03T01:43:12.430+0600][38.235s][info][gc,ergo     ] GC(11) Adaptive CSet Selection. Target Free: 555M, Actual Free: 3018M, Max CSet: 163M, Min Garbage: 0B
[2026-04-03T01:43:12.431+0600][38.235s][info][gc,ergo     ] GC(11) Collectable Garbage: 1912M (99%), Immediate: 1522M (79%), CSet: 389M (20%)
[2026-04-03T01:43:12.431+0600][38.235s][info][gc,ergo     ] GC(11) Pacer for Evacuation. Used CSet: 403M, Free: 3202M, Non-Taxable: 320M, Alloc Tax Rate: 1.1x
[2026-04-03T01:43:12.431+0600][38.235s][info][gc          ] GC(11) Pause Final Mark (unload classes) 0.979ms
[2026-04-03T01:43:12.431+0600][38.235s][info][gc,start    ] GC(11) Concurrent thread roots
[2026-04-03T01:43:12.431+0600][38.235s][info][gc,task     ] GC(11) Using 3 of 6 workers for Concurrent thread roots
[2026-04-03T01:43:12.432+0600][38.236s][info][gc          ] GC(11) Concurrent thread roots 1.282ms
[2026-04-03T01:43:12.432+0600][38.236s][info][gc,start    ] GC(11) Concurrent weak references
[2026-04-03T01:43:12.432+0600][38.236s][info][gc,task     ] GC(11) Using 3 of 6 workers for concurrent weak references
[2026-04-03T01:43:12.433+0600][38.237s][info][gc,ref      ] GC(11) Encountered references: Soft: 3860, Weak: 17082, Final: 84, Phantom: 621
[2026-04-03T01:43:12.433+0600][38.237s][info][gc,ref      ] GC(11) Discovered  references: Soft: 0, Weak: 10909, Final: 52, Phantom: 617
[2026-04-03T01:43:12.433+0600][38.237s][info][gc,ref      ] GC(11) Enqueued    references: Soft: 0, Weak: 2539, Final: 0, Phantom: 0
[2026-04-03T01:43:12.433+0600][38.237s][info][gc          ] GC(11) Concurrent weak references 0.955ms
[2026-04-03T01:43:12.433+0600][38.237s][info][gc,start    ] GC(11) Concurrent weak roots
[2026-04-03T01:43:12.433+0600][38.237s][info][gc,task     ] GC(11) Using 3 of 6 workers for concurrent weak root
[2026-04-03T01:43:12.439+0600][38.243s][info][gc          ] GC(11) Concurrent weak roots 5.258ms
[2026-04-03T01:43:12.439+0600][38.243s][info][gc,start    ] GC(11) Concurrent cleanup
[2026-04-03T01:43:12.440+0600][38.244s][info][gc          ] GC(11) Concurrent cleanup 2042M->519M(3436M) 0.922ms
[2026-04-03T01:43:12.440+0600][38.244s][info][gc,ergo     ] GC(11) Free: 3198M, Max: 1024K regular, 1023M humongous, Frag: 68% external, 0% internal; Reserve: 196M, Max: 1024K
[2026-04-03T01:43:12.440+0600][38.244s][info][gc,start    ] GC(11) Concurrent class unloading
[2026-04-03T01:43:12.440+0600][38.244s][info][gc,task     ] GC(11) Using 3 of 6 workers for concurrent class unloading
[2026-04-03T01:43:12.473+0600][38.277s][info][gc          ] GC(11) Concurrent class unloading 32.902ms
[2026-04-03T01:43:12.473+0600][38.277s][info][gc,start    ] GC(11) Concurrent strong roots
[2026-04-03T01:43:12.473+0600][38.277s][info][gc,task     ] GC(11) Using 3 of 6 workers for concurrent strong root
[2026-04-03T01:43:12.475+0600][38.279s][info][gc          ] GC(11) Concurrent strong roots 2.246ms
[2026-04-03T01:43:12.475+0600][38.279s][info][gc,start    ] GC(11) Concurrent evacuation
[2026-04-03T01:43:12.475+0600][38.279s][info][gc,task     ] GC(11) Using 3 of 6 workers for concurrent evacuation
[2026-04-03T01:43:12.494+0600][38.298s][info][gc          ] GC(11) Concurrent evacuation 18.935ms
[2026-04-03T01:43:12.495+0600][38.299s][info][gc,start    ] GC(11) Pause Init Update Refs
[2026-04-03T01:43:12.495+0600][38.299s][info][gc,ergo     ] GC(11) Pacer for Update Refs. Used: 563M, Free: 3164M, Non-Taxable: 316M, Alloc Tax Rate: 1.1x
[2026-04-03T01:43:12.495+0600][38.299s][info][gc          ] GC(11) Pause Init Update Refs 0.196ms
[2026-04-03T01:43:12.496+0600][38.300s][info][gc,start    ] GC(11) Concurrent update references
[2026-04-03T01:43:12.496+0600][38.300s][info][gc,task     ] GC(11) Using 3 of 6 workers for concurrent reference update
[2026-04-03T01:43:12.551+0600][38.355s][info][gc          ] GC(11) Concurrent update references 54.641ms
[2026-04-03T01:43:12.551+0600][38.355s][info][gc,start    ] GC(11) Concurrent update thread roots
[2026-04-03T01:43:12.556+0600][38.360s][info][gc          ] GC(11) Concurrent update thread roots 4.858ms
[2026-04-03T01:43:12.556+0600][38.360s][info][gc,start    ] GC(11) Pause Final Update Refs
[2026-04-03T01:43:12.556+0600][38.360s][info][gc,task     ] GC(11) Using 6 of 6 workers for final reference update
[2026-04-03T01:43:12.557+0600][38.361s][info][gc          ] GC(11) Pause Final Update Refs 0.267ms
[2026-04-03T01:43:12.558+0600][38.362s][info][gc,start    ] GC(11) Concurrent cleanup
[2026-04-03T01:43:12.559+0600][38.363s][info][gc          ] GC(11) Concurrent cleanup 588M->185M(3445M) 0.918ms
[2026-04-03T01:43:12.559+0600][38.363s][info][gc,ergo     ] Free: 3517M, Max: 1024K regular, 1672M humongous, Frag: 53% external, 0% internal; Reserve: 197M, Max: 1024K
[2026-04-03T01:43:12.559+0600][38.363s][info][gc,stats    ] 
[2026-04-03T01:43:12.559+0600][38.363s][info][gc,stats    ] All times are wall-clock times, except per-root-class counters, that are sum over
[2026-04-03T01:43:12.559+0600][38.363s][info][gc,stats    ] all workers. Dividing the <total> over the root stage time estimates parallelism.
[2026-04-03T01:43:12.559+0600][38.363s][info][gc,stats    ] 
[2026-04-03T01:43:12.559+0600][38.363s][info][gc,stats    ] Concurrent Reset                  32315 us
[2026-04-03T01:43:12.559+0600][38.363s][info][gc,stats    ] Pause Init Mark (G)                 772 us
[2026-04-03T01:43:12.559+0600][38.363s][info][gc,stats    ] Pause Init Mark (N)                 263 us
[2026-04-03T01:43:12.559+0600][38.363s][info][gc,stats    ]   Update Region States               66 us
[2026-04-03T01:43:12.559+0600][38.363s][info][gc,stats    ] Concurrent Mark Roots              3700 us, parallelism: 2.14x
[2026-04-03T01:43:12.559+0600][38.363s][info][gc,stats    ]   CMR: <total>                     7930 us
[2026-04-03T01:43:12.559+0600][38.363s][info][gc,stats    ]   CMR: Thread Roots                6410 us, workers (us): 1326, 2770, 2314, ---, ---, ---, 
[2026-04-03T01:43:12.559+0600][38.363s][info][gc,stats    ]   CMR: VM Strong Roots               53 us, workers (us):  52,   0,   1, ---, ---, ---, 
[2026-04-03T01:43:12.559+0600][38.363s][info][gc,stats    ]   CMR: CLDG Roots                  1467 us, workers (us): 1467, ---, ---, ---, ---, ---, 
[2026-04-03T01:43:12.559+0600][38.363s][info][gc,stats    ] Concurrent Marking                67952 us
[2026-04-03T01:43:12.559+0600][38.363s][info][gc,stats    ] Pause Final Mark (G)               1297 us
[2026-04-03T01:43:12.559+0600][38.363s][info][gc,stats    ] Pause Final Mark (N)                997 us
[2026-04-03T01:43:12.559+0600][38.363s][info][gc,stats    ]   Finish Mark                       312 us
[2026-04-03T01:43:12.559+0600][38.363s][info][gc,stats    ]   Update Region States               67 us
[2026-04-03T01:43:12.559+0600][38.363s][info][gc,stats    ]   Choose Collection Set             284 us
[2026-04-03T01:43:12.559+0600][38.363s][info][gc,stats    ]   Rebuild Free Set                   89 us
[2026-04-03T01:43:12.559+0600][38.363s][info][gc,stats    ] Concurrent Thread Roots            1315 us, parallelism: 2.37x
[2026-04-03T01:43:12.559+0600][38.363s][info][gc,stats    ]   CTR: <total>                     3122 us
[2026-04-03T01:43:12.559+0600][38.363s][info][gc,stats    ]   CTR: Thread Roots                3122 us, workers (us): 1034, 1030, 1058, ---, ---, ---, 
[2026-04-03T01:43:12.559+0600][38.363s][info][gc,stats    ] Concurrent Weak References          964 us, parallelism: 1.85x
[2026-04-03T01:43:12.559+0600][38.363s][info][gc,stats    ]   CWRF: <total>                    1783 us
[2026-04-03T01:43:12.559+0600][38.363s][info][gc,stats    ]   CWRF: Weak References            1783 us, workers (us): 839, 229, 715, ---, ---, ---, 
[2026-04-03T01:43:12.559+0600][38.363s][info][gc,stats    ] Concurrent Weak Roots              5340 us
[2026-04-03T01:43:12.559+0600][38.363s][info][gc,stats    ]   Roots                            4793 us, parallelism: 2.69x
[2026-04-03T01:43:12.559+0600][38.363s][info][gc,stats    ]     CWR: <total>                  12885 us
[2026-04-03T01:43:12.559+0600][38.363s][info][gc,stats    ]     CWR: Code Cache Roots          9259 us, workers (us): 3281, 3099, 2879, ---, ---, ---, 
[2026-04-03T01:43:12.559+0600][38.363s][info][gc,stats    ]     CWR: VM Weak Roots             3406 us, workers (us): 1185, 1125, 1097, ---, ---, ---, 
[2026-04-03T01:43:12.559+0600][38.363s][info][gc,stats    ]     CWR: CLDG Roots                 219 us, workers (us): ---, ---, 219, ---, ---, ---, 
[2026-04-03T01:43:12.559+0600][38.363s][info][gc,stats    ]   Rendezvous                        441 us
[2026-04-03T01:43:12.559+0600][38.363s][info][gc,stats    ] Concurrent Cleanup                 1025 us
[2026-04-03T01:43:12.559+0600][38.363s][info][gc,stats    ] Concurrent Class Unloading        33058 us
[2026-04-03T01:43:12.559+0600][38.363s][info][gc,stats    ]   Unlink Stale                    15679 us
[2026-04-03T01:43:12.559+0600][38.363s][info][gc,stats    ]     System Dictionary               343 us
[2026-04-03T01:43:12.559+0600][38.363s][info][gc,stats    ]     Weak Class Links                  1 us
[2026-04-03T01:43:12.559+0600][38.363s][info][gc,stats    ]     Code Roots                    15330 us
[2026-04-03T01:43:12.559+0600][38.364s][info][gc,stats    ]   Rendezvous                        500 us
[2026-04-03T01:43:12.559+0600][38.364s][info][gc,stats    ]   Purge Unlinked                  16671 us
[2026-04-03T01:43:12.559+0600][38.364s][info][gc,stats    ]     Code Roots                    16590 us
[2026-04-03T01:43:12.560+0600][38.364s][info][gc,stats    ]     CLDG                             80 us
[2026-04-03T01:43:12.560+0600][38.364s][info][gc,stats    ]     Exception Caches                  0 us
[2026-04-03T01:43:12.560+0600][38.364s][info][gc,stats    ] Concurrent Strong Roots            2332 us, parallelism: 0.68x
[2026-04-03T01:43:12.560+0600][38.364s][info][gc,stats    ]   CSR: <total>                     1593 us
[2026-04-03T01:43:12.560+0600][38.364s][info][gc,stats    ]   CSR: VM Strong Roots               78 us, workers (us):  76,   2,   0, ---, ---, ---, 
[2026-04-03T01:43:12.560+0600][38.364s][info][gc,stats    ]   CSR: CLDG Roots                  1515 us, workers (us): 1515, ---, ---, ---, ---, ---, 
[2026-04-03T01:43:12.560+0600][38.364s][info][gc,stats    ] Concurrent Evacuation             19057 us
[2026-04-03T01:43:12.560+0600][38.364s][info][gc,stats    ] Pause Init Update Refs (G)         2113 us
[2026-04-03T01:43:12.560+0600][38.364s][info][gc,stats    ] Pause Init Update Refs (N)          211 us
[2026-04-03T01:43:12.560+0600][38.364s][info][gc,stats    ]   Manage GCLABs                      65 us
[2026-04-03T01:43:12.560+0600][38.364s][info][gc,stats    ] Concurrent Update Refs            54757 us
[2026-04-03T01:43:12.560+0600][38.364s][info][gc,stats    ] Concurrent Update Thread Roots     5095 us
[2026-04-03T01:43:12.560+0600][38.364s][info][gc,stats    ] Pause Final Update Refs (G)        1551 us
[2026-04-03T01:43:12.560+0600][38.364s][info][gc,stats    ] Pause Final Update Refs (N)         287 us
[2026-04-03T01:43:12.560+0600][38.364s][info][gc,stats    ]   Update Region States               75 us
[2026-04-03T01:43:12.560+0600][38.364s][info][gc,stats    ]   Trash Collection Set               23 us
[2026-04-03T01:43:12.560+0600][38.364s][info][gc,stats    ]   Rebuild Free Set                   59 us
[2026-04-03T01:43:12.560+0600][38.364s][info][gc,stats    ] Concurrent Cleanup                  994 us
[2026-04-03T01:43:12.560+0600][38.364s][info][gc,stats    ] 
[2026-04-03T01:43:12.560+0600][38.364s][info][gc,stats    ] Allocation pacing accrued:
[2026-04-03T01:43:12.560+0600][38.364s][info][gc,stats    ]       0 of  1945 ms (  0.0%): <total>
[2026-04-03T01:43:12.560+0600][38.364s][info][gc,stats    ]       0 of  1945 ms (  0.0%): <average total>
[2026-04-03T01:43:12.560+0600][38.364s][info][gc,stats    ] 
[2026-04-03T01:43:12.560+0600][38.364s][info][gc,metaspace] Metaspace: 129966K(131136K)->129993K(131200K) NonClass: 113580K(114176K)->113606K(114240K) Class: 16386K(16960K)->16386K(16960K)
[2026-04-03T01:43:12.560+0600][38.364s][info][gc,ergo     ] Pacer for Idle. Initial: 80302K, Alloc Tax Rate: 1.0x
[2026-04-03T01:43:16.220+0600][42.024s][info][gc          ] Trigger: Average GC time (369.28 ms) is above the time for average allocation rate (568 MB/s) to deplete free headroom (200M) (margin of error = 1.80)
[2026-04-03T01:43:16.220+0600][42.024s][info][gc,ergo     ] Free headroom: 396M (free) - 196M (spike) - 0B (penalties) = 200M
[2026-04-03T01:43:16.220+0600][42.024s][info][gc,ergo     ] Free: 396M, Max: 1024K regular, 309M humongous, Frag: 22% external, 1% internal; Reserve: 197M, Max: 1024K
[2026-04-03T01:43:16.220+0600][42.024s][info][gc,start    ] GC(12) Concurrent reset
[2026-04-03T01:43:16.220+0600][42.024s][info][gc,task     ] GC(12) Using 3 of 6 workers for concurrent reset
[2026-04-03T01:43:16.220+0600][42.024s][info][gc,ergo     ] GC(12) Pacer for Reset. Non-Taxable: 3921M
[2026-04-03T01:43:16.227+0600][42.031s][info][gc          ] GC(12) Concurrent reset 6.621ms
[2026-04-03T01:43:16.230+0600][42.034s][info][gc,start    ] GC(12) Pause Init Mark (unload classes)
[2026-04-03T01:43:16.230+0600][42.034s][info][gc,task     ] GC(12) Using 6 of 6 workers for init marking
[2026-04-03T01:43:16.231+0600][42.035s][info][gc,ergo     ] GC(12) Pacer for Mark. Expected Live: 85728K, Free: 347M, Non-Taxable: 35548K, Alloc Tax Rate: 0.3x
[2026-04-03T01:43:16.231+0600][42.035s][info][gc          ] GC(12) Pause Init Mark (unload classes) 0.300ms
[2026-04-03T01:43:16.231+0600][42.035s][info][gc,start    ] GC(12) Concurrent marking roots
[2026-04-03T01:43:16.231+0600][42.035s][info][gc,task     ] GC(12) Using 3 of 6 workers for concurrent marking roots
[2026-04-03T01:43:16.233+0600][42.037s][info][gc          ] GC(12) Concurrent marking roots 1.882ms
[2026-04-03T01:43:16.233+0600][42.037s][info][gc,start    ] GC(12) Concurrent marking (unload classes)
[2026-04-03T01:43:16.233+0600][42.037s][info][gc,task     ] GC(12) Using 3 of 6 workers for concurrent marking
[2026-04-03T01:43:16.303+0600][42.107s][info][gc          ] GC(12) Concurrent marking (unload classes) 70.432ms
[2026-04-03T01:43:16.303+0600][42.107s][info][gc,start    ] GC(12) Pause Final Mark (unload classes)
[2026-04-03T01:43:16.303+0600][42.107s][info][gc,task     ] GC(12) Using 6 of 6 workers for final marking
[2026-04-03T01:43:16.304+0600][42.108s][info][gc,ergo     ] GC(12) Adaptive CSet Selection. Target Free: 555M, Actual Free: 2414M, Max CSet: 163M, Min Garbage: 0B
[2026-04-03T01:43:16.304+0600][42.108s][info][gc,ergo     ] GC(12) Collectable Garbage: 2742M (99%), Immediate: 1999M (72%), CSet: 742M (26%)
[2026-04-03T01:43:16.304+0600][42.108s][info][gc,ergo     ] GC(12) Pacer for Evacuation. Used CSet: 763M, Free: 2729M, Non-Taxable: 272M, Alloc Tax Rate: 1.1x
[2026-04-03T01:43:16.304+0600][42.108s][info][gc          ] GC(12) Pause Final Mark (unload classes) 0.851ms
[2026-04-03T01:43:16.304+0600][42.108s][info][gc,start    ] GC(12) Concurrent thread roots
[2026-04-03T01:43:16.304+0600][42.108s][info][gc,task     ] GC(12) Using 3 of 6 workers for Concurrent thread roots
[2026-04-03T01:43:16.306+0600][42.110s][info][gc          ] GC(12) Concurrent thread roots 1.258ms
[2026-04-03T01:43:16.306+0600][42.110s][info][gc,start    ] GC(12) Concurrent weak references
[2026-04-03T01:43:16.306+0600][42.110s][info][gc,task     ] GC(12) Using 3 of 6 workers for concurrent weak references
[2026-04-03T01:43:16.307+0600][42.111s][info][gc,ref      ] GC(12) Encountered references: Soft: 3858, Weak: 18853, Final: 84, Phantom: 641
[2026-04-03T01:43:16.307+0600][42.111s][info][gc,ref      ] GC(12) Discovered  references: Soft: 0, Weak: 11900, Final: 52, Phantom: 599
[2026-04-03T01:43:16.307+0600][42.111s][info][gc,ref      ] GC(12) Enqueued    references: Soft: 0, Weak: 4287, Final: 0, Phantom: 0
[2026-04-03T01:43:16.307+0600][42.111s][info][gc          ] GC(12) Concurrent weak references 0.988ms
[2026-04-03T01:43:16.307+0600][42.111s][info][gc,start    ] GC(12) Concurrent weak roots
[2026-04-03T01:43:16.307+0600][42.111s][info][gc,task     ] GC(12) Using 3 of 6 workers for concurrent weak root
[2026-04-03T01:43:16.313+0600][42.117s][info][gc          ] GC(12) Concurrent weak roots 6.171ms
[2026-04-03T01:43:16.313+0600][42.117s][info][gc,start    ] GC(12) Concurrent cleanup
[2026-04-03T01:43:16.314+0600][42.118s][info][gc          ] GC(12) Concurrent cleanup 2970M->970M(3528M) 0.995ms
[2026-04-03T01:43:16.314+0600][42.118s][info][gc,ergo     ] GC(12) Free: 2723M, Max: 1024K regular, 212M humongous, Frag: 93% external, 0% internal; Reserve: 195M, Max: 1024K
[2026-04-03T01:43:16.314+0600][42.118s][info][gc,start    ] GC(12) Concurrent class unloading
[2026-04-03T01:43:16.314+0600][42.118s][info][gc,task     ] GC(12) Using 3 of 6 workers for concurrent class unloading
[2026-04-03T01:43:16.362+0600][42.166s][info][gc          ] GC(12) Concurrent class unloading 47.909ms
[2026-04-03T01:43:16.363+0600][42.167s][info][gc,start    ] GC(12) Concurrent strong roots
[2026-04-03T01:43:16.363+0600][42.167s][info][gc,task     ] GC(12) Using 3 of 6 workers for concurrent strong root
[2026-04-03T01:43:16.365+0600][42.169s][info][gc          ] GC(12) Concurrent strong roots 1.974ms
[2026-04-03T01:43:16.365+0600][42.169s][info][gc,start    ] GC(12) Concurrent evacuation
[2026-04-03T01:43:16.365+0600][42.169s][info][gc,task     ] GC(12) Using 3 of 6 workers for concurrent evacuation
[2026-04-03T01:43:16.391+0600][42.195s][info][gc          ] GC(12) Concurrent evacuation 26.403ms
[2026-04-03T01:43:16.392+0600][42.196s][info][gc,start    ] GC(12) Pause Init Update Refs
[2026-04-03T01:43:16.392+0600][42.196s][info][gc,ergo     ] GC(12) Pacer for Update Refs. Used: 1033M, Free: 2673M, Non-Taxable: 267M, Alloc Tax Rate: 1.1x
[2026-04-03T01:43:16.392+0600][42.196s][info][gc          ] GC(12) Pause Init Update Refs 0.138ms
[2026-04-03T01:43:16.392+0600][42.196s][info][gc,start    ] GC(12) Concurrent update references
[2026-04-03T01:43:16.392+0600][42.196s][info][gc,task     ] GC(12) Using 3 of 6 workers for concurrent reference update
[2026-04-03T01:43:16.441+0600][42.245s][info][gc          ] GC(12) Concurrent update references 49.217ms
[2026-04-03T01:43:16.441+0600][42.245s][info][gc,start    ] GC(12) Concurrent update thread roots
[2026-04-03T01:43:16.443+0600][42.247s][info][gc          ] GC(12) Concurrent update thread roots 1.476ms
[2026-04-03T01:43:16.443+0600][42.247s][info][gc,start    ] GC(12) Pause Final Update Refs
[2026-04-03T01:43:16.443+0600][42.247s][info][gc,task     ] GC(12) Using 6 of 6 workers for final reference update
[2026-04-03T01:43:16.443+0600][42.247s][info][gc          ] GC(12) Pause Final Update Refs 0.289ms
[2026-04-03T01:43:16.443+0600][42.247s][info][gc,start    ] GC(12) Concurrent cleanup
[2026-04-03T01:43:16.444+0600][42.248s][info][gc          ] GC(12) Concurrent cleanup 1047M->284M(3537M) 0.861ms
[2026-04-03T01:43:16.444+0600][42.248s][info][gc,ergo     ] Free: 3398M, Max: 1024K regular, 2719M humongous, Frag: 20% external, 0% internal; Reserve: 197M, Max: 1024K
[2026-04-03T01:43:16.444+0600][42.248s][info][gc,stats    ] 
[2026-04-03T01:43:16.444+0600][42.248s][info][gc,stats    ] All times are wall-clock times, except per-root-class counters, that are sum over
[2026-04-03T01:43:16.444+0600][42.248s][info][gc,stats    ] all workers. Dividing the <total> over the root stage time estimates parallelism.
[2026-04-03T01:43:16.444+0600][42.248s][info][gc,stats    ] 
[2026-04-03T01:43:16.444+0600][42.248s][info][gc,stats    ] Concurrent Reset                   6713 us
[2026-04-03T01:43:16.444+0600][42.248s][info][gc,stats    ] Pause Init Mark (G)                4125 us
[2026-04-03T01:43:16.444+0600][42.248s][info][gc,stats    ] Pause Init Mark (N)                 316 us
[2026-04-03T01:43:16.444+0600][42.248s][info][gc,stats    ]   Update Region States               94 us
[2026-04-03T01:43:16.444+0600][42.248s][info][gc,stats    ] Concurrent Mark Roots              1940 us, parallelism: 1.96x
[2026-04-03T01:43:16.444+0600][42.248s][info][gc,stats    ]   CMR: <total>                     3793 us
[2026-04-03T01:43:16.444+0600][42.248s][info][gc,stats    ]   CMR: Thread Roots                3167 us, workers (us): 685, 1247, 1235, ---, ---, ---, 
[2026-04-03T01:43:16.444+0600][42.248s][info][gc,stats    ]   CMR: VM Strong Roots               74 us, workers (us):  44,  29,   1, ---, ---, ---, 
[2026-04-03T01:43:16.444+0600][42.248s][info][gc,stats    ]   CMR: CLDG Roots                   552 us, workers (us): 552, ---, ---, ---, ---, ---, 
[2026-04-03T01:43:16.444+0600][42.248s][info][gc,stats    ] Concurrent Marking                70522 us
[2026-04-03T01:43:16.444+0600][42.248s][info][gc,stats    ] Pause Final Mark (G)               1115 us
[2026-04-03T01:43:16.444+0600][42.248s][info][gc,stats    ] Pause Final Mark (N)                866 us
[2026-04-03T01:43:16.444+0600][42.248s][info][gc,stats    ]   Finish Mark                       188 us
[2026-04-03T01:43:16.444+0600][42.248s][info][gc,stats    ]   Update Region States              114 us
[2026-04-03T01:43:16.444+0600][42.248s][info][gc,stats    ]   Choose Collection Set             337 us
[2026-04-03T01:43:16.444+0600][42.248s][info][gc,stats    ]   Rebuild Free Set                   52 us
[2026-04-03T01:43:16.444+0600][42.248s][info][gc,stats    ] Concurrent Thread Roots            1295 us, parallelism: 2.54x
[2026-04-03T01:43:16.444+0600][42.248s][info][gc,stats    ]   CTR: <total>                     3291 us
[2026-04-03T01:43:16.444+0600][42.248s][info][gc,stats    ]   CTR: Thread Roots                3291 us, workers (us): 1113, 1105, 1073, ---, ---, ---, 
[2026-04-03T01:43:16.444+0600][42.248s][info][gc,stats    ] Concurrent Weak References         1002 us, parallelism: 2.19x
[2026-04-03T01:43:16.444+0600][42.248s][info][gc,stats    ]   CWRF: <total>                    2196 us
[2026-04-03T01:43:16.444+0600][42.248s][info][gc,stats    ]   CWRF: Weak References            2196 us, workers (us): 837, 581, 779, ---, ---, ---, 
[2026-04-03T01:43:16.444+0600][42.248s][info][gc,stats    ] Concurrent Weak Roots              6281 us
[2026-04-03T01:43:16.444+0600][42.248s][info][gc,stats    ]   Roots                            5660 us, parallelism: 2.74x
[2026-04-03T01:43:16.444+0600][42.248s][info][gc,stats    ]     CWR: <total>                  15499 us
[2026-04-03T01:43:16.444+0600][42.248s][info][gc,stats    ]     CWR: Code Cache Roots         11178 us, workers (us): 3882, 3518, 3777, ---, ---, ---, 
[2026-04-03T01:43:16.444+0600][42.248s][info][gc,stats    ]     CWR: VM Weak Roots             4042 us, workers (us): 1412, 1315, 1315, ---, ---, ---, 
[2026-04-03T01:43:16.444+0600][42.248s][info][gc,stats    ]     CWR: CLDG Roots                 279 us, workers (us): ---, 279, ---, ---, ---, ---, 
[2026-04-03T01:43:16.444+0600][42.249s][info][gc,stats    ]   Rendezvous                        363 us
[2026-04-03T01:43:16.444+0600][42.249s][info][gc,stats    ] Concurrent Cleanup                 1046 us
[2026-04-03T01:43:16.444+0600][42.249s][info][gc,stats    ] Concurrent Class Unloading        48481 us
[2026-04-03T01:43:16.445+0600][42.249s][info][gc,stats    ]   Unlink Stale                    17678 us
[2026-04-03T01:43:16.445+0600][42.249s][info][gc,stats    ]     System Dictionary               326 us
[2026-04-03T01:43:16.445+0600][42.249s][info][gc,stats    ]     Weak Class Links                  1 us
[2026-04-03T01:43:16.445+0600][42.249s][info][gc,stats    ]     Code Roots                    17345 us
[2026-04-03T01:43:16.445+0600][42.249s][info][gc,stats    ]   Rendezvous                       1608 us
[2026-04-03T01:43:16.445+0600][42.249s][info][gc,stats    ]   Purge Unlinked                  28574 us
[2026-04-03T01:43:16.445+0600][42.249s][info][gc,stats    ]     Code Roots                    28455 us
[2026-04-03T01:43:16.445+0600][42.249s][info][gc,stats    ]     CLDG                            116 us
[2026-04-03T01:43:16.445+0600][42.249s][info][gc,stats    ]     Exception Caches                  1 us
[2026-04-03T01:43:16.445+0600][42.249s][info][gc,stats    ] Concurrent Strong Roots            2104 us, parallelism: 0.65x
[2026-04-03T01:43:16.445+0600][42.249s][info][gc,stats    ]   CSR: <total>                     1364 us
[2026-04-03T01:43:16.445+0600][42.249s][info][gc,stats    ]   CSR: VM Strong Roots               90 us, workers (us):  88,   2,   0, ---, ---, ---, 
[2026-04-03T01:43:16.445+0600][42.249s][info][gc,stats    ]   CSR: CLDG Roots                  1274 us, workers (us): 1274, ---, ---, ---, ---, ---, 
[2026-04-03T01:43:16.445+0600][42.249s][info][gc,stats    ] Concurrent Evacuation             26524 us
[2026-04-03T01:43:16.445+0600][42.249s][info][gc,stats    ] Pause Init Update Refs (G)          491 us
[2026-04-03T01:43:16.445+0600][42.249s][info][gc,stats    ] Pause Init Update Refs (N)          152 us
[2026-04-03T01:43:16.445+0600][42.249s][info][gc,stats    ]   Manage GCLABs                      69 us
[2026-04-03T01:43:16.445+0600][42.249s][info][gc,stats    ] Concurrent Update Refs            49310 us
[2026-04-03T01:43:16.445+0600][42.249s][info][gc,stats    ] Concurrent Update Thread Roots     1535 us
[2026-04-03T01:43:16.445+0600][42.249s][info][gc,stats    ] Pause Final Update Refs (G)         465 us
[2026-04-03T01:43:16.445+0600][42.249s][info][gc,stats    ] Pause Final Update Refs (N)         307 us
[2026-04-03T01:43:16.445+0600][42.249s][info][gc,stats    ]   Update Region States               79 us
[2026-04-03T01:43:16.445+0600][42.249s][info][gc,stats    ]   Trash Collection Set               32 us
[2026-04-03T01:43:16.445+0600][42.249s][info][gc,stats    ]   Rebuild Free Set                   63 us
[2026-04-03T01:43:16.445+0600][42.249s][info][gc,stats    ] Concurrent Cleanup                  893 us
[2026-04-03T01:43:16.445+0600][42.249s][info][gc,stats    ] Pacing                            84157 us
[2026-04-03T01:43:16.445+0600][42.249s][info][gc,stats    ] 
[2026-04-03T01:43:16.445+0600][42.249s][info][gc,stats    ] Allocation pacing accrued:
[2026-04-03T01:43:16.445+0600][42.249s][info][gc,stats    ]       7 of  3885 ms (  0.2%): dispatcher-event-loop-4
[2026-04-03T01:43:16.445+0600][42.249s][info][gc,stats    ]       7 of  3885 ms (  0.2%): dispatcher-event-loop-7
[2026-04-03T01:43:16.445+0600][42.249s][info][gc,stats    ]      17 of  3885 ms (  0.4%): Executor task launch worker for task 2.0 in stage 667.0 (TID 1349)
[2026-04-03T01:43:16.445+0600][42.249s][info][gc,stats    ]      31 of  3885 ms (  0.8%): Executor task launch worker for task 0.0 in stage 667.0 (TID 1347)
[2026-04-03T01:43:16.445+0600][42.249s][info][gc,stats    ]      10 of  3885 ms (  0.3%): Executor task launch worker for task 3.0 in stage 667.0 (TID 1350)
[2026-04-03T01:43:16.445+0600][42.249s][info][gc,stats    ]      13 of  3885 ms (  0.3%): Executor task launch worker for task 1.0 in stage 667.0 (TID 1348)
[2026-04-03T01:43:16.445+0600][42.249s][info][gc,stats    ]      84 of  3885 ms (  2.2%): <total>
[2026-04-03T01:43:16.445+0600][42.249s][info][gc,stats    ]       0 of  3885 ms (  0.0%): <average total>
[2026-04-03T01:43:16.445+0600][42.249s][info][gc,stats    ]      14 of  3885 ms (  0.4%): <average non-zero>
[2026-04-03T01:43:16.445+0600][42.249s][info][gc,stats    ] 
[2026-04-03T01:43:16.445+0600][42.249s][info][gc,metaspace] Metaspace: 130191K(131392K)->130201K(131392K) NonClass: 113802K(114432K)->113812K(114432K) Class: 16388K(16960K)->16388K(16960K)
[2026-04-03T01:43:16.445+0600][42.249s][info][gc,ergo     ] Pacer for Idle. Initial: 80302K, Alloc Tax Rate: 1.0x
[2026-04-03T01:43:19.008+0600][44.812s][info][gc          ] Trigger: Average GC time (325.21 ms) is above the time for average allocation rate (1134 MB/s) to deplete free headroom (365M) (margin of error = 1.81)
[2026-04-03T01:43:19.008+0600][44.812s][info][gc,ergo     ] Free headroom: 561M (free) - 196M (spike) - 0B (penalties) = 365M
[2026-04-03T01:43:19.008+0600][44.812s][info][gc,ergo     ] Free: 561M, Max: 1024K regular, 352M humongous, Frag: 38% external, 0% internal; Reserve: 197M, Max: 1024K
[2026-04-03T01:43:19.008+0600][44.812s][info][gc,start    ] GC(13) Concurrent reset
[2026-04-03T01:43:19.008+0600][44.812s][info][gc,task     ] GC(13) Using 3 of 6 workers for concurrent reset
[2026-04-03T01:43:19.008+0600][44.812s][info][gc,ergo     ] GC(13) Pacer for Reset. Non-Taxable: 3921M
[2026-04-03T01:43:19.028+0600][44.832s][info][gc          ] GC(13) Concurrent reset 19.825ms
[2026-04-03T01:43:19.028+0600][44.832s][info][gc,start    ] GC(13) Pause Init Mark (unload classes)
[2026-04-03T01:43:19.028+0600][44.832s][info][gc,task     ] GC(13) Using 6 of 6 workers for init marking
[2026-04-03T01:43:19.028+0600][44.832s][info][gc,ergo     ] GC(13) Pacer for Mark. Expected Live: 91728K, Free: 546M, Non-Taxable: 55970K, Alloc Tax Rate: 0.2x
[2026-04-03T01:43:19.028+0600][44.832s][info][gc          ] GC(13) Pause Init Mark (unload classes) 0.207ms
[2026-04-03T01:43:19.029+0600][44.833s][info][gc,start    ] GC(13) Concurrent marking roots
[2026-04-03T01:43:19.029+0600][44.833s][info][gc,task     ] GC(13) Using 3 of 6 workers for concurrent marking roots
[2026-04-03T01:43:19.030+0600][44.834s][info][gc          ] GC(13) Concurrent marking roots 1.723ms
[2026-04-03T01:43:19.030+0600][44.834s][info][gc,start    ] GC(13) Concurrent marking (unload classes)
[2026-04-03T01:43:19.030+0600][44.834s][info][gc,task     ] GC(13) Using 3 of 6 workers for concurrent marking
[2026-04-03T01:43:19.097+0600][44.901s][info][gc          ] GC(13) Concurrent marking (unload classes) 67.129ms
[2026-04-03T01:43:19.098+0600][44.902s][info][gc,start    ] GC(13) Pause Final Mark (unload classes)
[2026-04-03T01:43:19.098+0600][44.902s][info][gc,task     ] GC(13) Using 6 of 6 workers for final marking
[2026-04-03T01:43:19.098+0600][44.902s][info][gc,ergo     ] GC(13) Adaptive CSet Selection. Target Free: 555M, Actual Free: 2610M, Max CSet: 163M, Min Garbage: 0B
[2026-04-03T01:43:19.099+0600][44.903s][info][gc,ergo     ] GC(13) Collectable Garbage: 2552M (99%), Immediate: 1903M (74%), CSet: 648M (25%)
[2026-04-03T01:43:19.099+0600][44.903s][info][gc,ergo     ] GC(13) Pacer for Evacuation. Used CSet: 664M, Free: 2940M, Non-Taxable: 294M, Alloc Tax Rate: 1.1x
[2026-04-03T01:43:19.099+0600][44.903s][info][gc          ] GC(13) Pause Final Mark (unload classes) 0.989ms
[2026-04-03T01:43:19.099+0600][44.903s][info][gc,start    ] GC(13) Concurrent thread roots
[2026-04-03T01:43:19.099+0600][44.903s][info][gc,task     ] GC(13) Using 3 of 6 workers for Concurrent thread roots
[2026-04-03T01:43:19.100+0600][44.904s][info][gc          ] GC(13) Concurrent thread roots 1.551ms
[2026-04-03T01:43:19.100+0600][44.904s][info][gc,start    ] GC(13) Concurrent weak references
[2026-04-03T01:43:19.100+0600][44.904s][info][gc,task     ] GC(13) Using 3 of 6 workers for concurrent weak references
[2026-04-03T01:43:19.102+0600][44.906s][info][gc,ref      ] GC(13) Encountered references: Soft: 3854, Weak: 18130, Final: 84, Phantom: 621
[2026-04-03T01:43:19.102+0600][44.906s][info][gc,ref      ] GC(13) Discovered  references: Soft: 0, Weak: 11806, Final: 68, Phantom: 617
[2026-04-03T01:43:19.102+0600][44.906s][info][gc,ref      ] GC(13) Enqueued    references: Soft: 0, Weak: 3663, Final: 0, Phantom: 0
[2026-04-03T01:43:19.102+0600][44.906s][info][gc          ] GC(13) Concurrent weak references 1.916ms
[2026-04-03T01:43:19.102+0600][44.906s][info][gc,start    ] GC(13) Concurrent weak roots
[2026-04-03T01:43:19.102+0600][44.906s][info][gc,task     ] GC(13) Using 3 of 6 workers for concurrent weak root
[2026-04-03T01:43:19.110+0600][44.915s][info][gc          ] GC(13) Concurrent weak roots 8.082ms
[2026-04-03T01:43:19.111+0600][44.915s][info][gc,start    ] GC(13) Concurrent cleanup
[2026-04-03T01:43:19.112+0600][44.916s][info][gc          ] GC(13) Concurrent cleanup 2693M->790M(3537M) 1.301ms
[2026-04-03T01:43:19.112+0600][44.916s][info][gc,ergo     ] GC(13) Free: 2930M, Max: 1024K regular, 413M humongous, Frag: 86% external, 0% internal; Reserve: 195M, Max: 1024K
[2026-04-03T01:43:19.112+0600][44.916s][info][gc,start    ] GC(13) Concurrent class unloading
[2026-04-03T01:43:19.112+0600][44.916s][info][gc,task     ] GC(13) Using 3 of 6 workers for concurrent class unloading
[2026-04-03T01:43:19.149+0600][44.953s][info][gc          ] GC(13) Concurrent class unloading 36.989ms
[2026-04-03T01:43:19.149+0600][44.953s][info][gc,start    ] GC(13) Concurrent strong roots
[2026-04-03T01:43:19.149+0600][44.953s][info][gc,task     ] GC(13) Using 3 of 6 workers for concurrent strong root
[2026-04-03T01:43:19.151+0600][44.955s][info][gc          ] GC(13) Concurrent strong roots 1.920ms
[2026-04-03T01:43:19.151+0600][44.955s][info][gc,start    ] GC(13) Concurrent evacuation
[2026-04-03T01:43:19.151+0600][44.955s][info][gc,task     ] GC(13) Using 3 of 6 workers for concurrent evacuation
[2026-04-03T01:43:19.162+0600][44.966s][info][gc          ] GC(13) Concurrent evacuation 11.152ms
[2026-04-03T01:43:19.163+0600][44.967s][info][gc,start    ] GC(13) Pause Init Update Refs
[2026-04-03T01:43:19.163+0600][44.967s][info][gc,ergo     ] GC(13) Pacer for Update Refs. Used: 849M, Free: 2881M, Non-Taxable: 288M, Alloc Tax Rate: 1.1x
[2026-04-03T01:43:19.163+0600][44.967s][info][gc          ] GC(13) Pause Init Update Refs 0.137ms
[2026-04-03T01:43:19.163+0600][44.967s][info][gc,start    ] GC(13) Concurrent update references
[2026-04-03T01:43:19.163+0600][44.967s][info][gc,task     ] GC(13) Using 3 of 6 workers for concurrent reference update
[2026-04-03T01:43:19.207+0600][45.011s][info][gc          ] GC(13) Concurrent update references 44.199ms
[2026-04-03T01:43:19.207+0600][45.011s][info][gc,start    ] GC(13) Concurrent update thread roots
[2026-04-03T01:43:19.209+0600][45.013s][info][gc          ] GC(13) Concurrent update thread roots 2.254ms
[2026-04-03T01:43:19.210+0600][45.014s][info][gc,start    ] GC(13) Pause Final Update Refs
[2026-04-03T01:43:19.210+0600][45.014s][info][gc,task     ] GC(13) Using 6 of 6 workers for final reference update
[2026-04-03T01:43:19.210+0600][45.014s][info][gc          ] GC(13) Pause Final Update Refs 0.336ms
[2026-04-03T01:43:19.210+0600][45.014s][info][gc,start    ] GC(13) Concurrent cleanup
[2026-04-03T01:43:19.211+0600][45.015s][info][gc          ] GC(13) Concurrent cleanup 861M->197M(3537M) 0.869ms
[2026-04-03T01:43:19.211+0600][45.015s][info][gc,ergo     ] Free: 3513M, Max: 1024K regular, 2381M humongous, Frag: 33% external, 0% internal; Reserve: 197M, Max: 1024K
[2026-04-03T01:43:19.211+0600][45.015s][info][gc,stats    ] 
[2026-04-03T01:43:19.211+0600][45.015s][info][gc,stats    ] All times are wall-clock times, except per-root-class counters, that are sum over
[2026-04-03T01:43:19.211+0600][45.015s][info][gc,stats    ] all workers. Dividing the <total> over the root stage time estimates parallelism.
[2026-04-03T01:43:19.211+0600][45.015s][info][gc,stats    ] 
[2026-04-03T01:43:19.211+0600][45.015s][info][gc,stats    ] Concurrent Reset                  19940 us
[2026-04-03T01:43:19.211+0600][45.015s][info][gc,stats    ] Pause Init Mark (G)                 726 us
[2026-04-03T01:43:19.211+0600][45.015s][info][gc,stats    ] Pause Init Mark (N)                 221 us
[2026-04-03T01:43:19.211+0600][45.015s][info][gc,stats    ]   Update Region States               52 us
[2026-04-03T01:43:19.211+0600][45.015s][info][gc,stats    ] Concurrent Mark Roots              1781 us, parallelism: 1.70x
[2026-04-03T01:43:19.211+0600][45.015s][info][gc,stats    ]   CMR: <total>                     3029 us
[2026-04-03T01:43:19.211+0600][45.015s][info][gc,stats    ]   CMR: Thread Roots                2634 us, workers (us): 646, 988, 1001, ---, ---, ---, 
[2026-04-03T01:43:19.211+0600][45.015s][info][gc,stats    ]   CMR: VM Strong Roots               54 us, workers (us):  27,  27,   1, ---, ---, ---, 
[2026-04-03T01:43:19.211+0600][45.015s][info][gc,stats    ]   CMR: CLDG Roots                   340 us, workers (us): 340, ---, ---, ---, ---, ---, 
[2026-04-03T01:43:19.211+0600][45.015s][info][gc,stats    ] Concurrent Marking                67249 us
[2026-04-03T01:43:19.211+0600][45.015s][info][gc,stats    ] Pause Final Mark (G)               1272 us
[2026-04-03T01:43:19.211+0600][45.015s][info][gc,stats    ] Pause Final Mark (N)               1008 us
[2026-04-03T01:43:19.211+0600][45.015s][info][gc,stats    ]   Finish Mark                       265 us
[2026-04-03T01:43:19.211+0600][45.015s][info][gc,stats    ]   Update Region States               79 us
[2026-04-03T01:43:19.211+0600][45.015s][info][gc,stats    ]   Choose Collection Set             334 us
[2026-04-03T01:43:19.211+0600][45.015s][info][gc,stats    ]   Rebuild Free Set                   61 us
[2026-04-03T01:43:19.211+0600][45.015s][info][gc,stats    ] Concurrent Thread Roots            1612 us, parallelism: 2.59x
[2026-04-03T01:43:19.211+0600][45.015s][info][gc,stats    ]   CTR: <total>                     4168 us
[2026-04-03T01:43:19.211+0600][45.015s][info][gc,stats    ]   CTR: Thread Roots                4168 us, workers (us): 1403, 1383, 1382, ---, ---, ---, 
[2026-04-03T01:43:19.211+0600][45.015s][info][gc,stats    ] Concurrent Weak References         1928 us, parallelism: 1.21x
[2026-04-03T01:43:19.211+0600][45.015s][info][gc,stats    ]   CWRF: <total>                    2341 us
[2026-04-03T01:43:19.211+0600][45.015s][info][gc,stats    ]   CWRF: Weak References            2341 us, workers (us): 1781, 560,   0, ---, ---, ---, 
[2026-04-03T01:43:19.211+0600][45.015s][info][gc,stats    ] Concurrent Weak Roots              8157 us
[2026-04-03T01:43:19.211+0600][45.015s][info][gc,stats    ]   Roots                            7666 us, parallelism: 2.44x
[2026-04-03T01:43:19.211+0600][45.015s][info][gc,stats    ]     CWR: <total>                  18718 us
[2026-04-03T01:43:19.211+0600][45.015s][info][gc,stats    ]     CWR: Code Cache Roots         14267 us, workers (us): 4843, 5129, 4296, ---, ---, ---, 
[2026-04-03T01:43:19.211+0600][45.015s][info][gc,stats    ]     CWR: VM Weak Roots             4227 us, workers (us): 2178, 2048,   2, ---, ---, ---, 
[2026-04-03T01:43:19.211+0600][45.015s][info][gc,stats    ]     CWR: CLDG Roots                 224 us, workers (us): 224, ---, ---, ---, ---, ---, 
[2026-04-03T01:43:19.211+0600][45.015s][info][gc,stats    ]   Rendezvous                        383 us
[2026-04-03T01:43:19.211+0600][45.015s][info][gc,stats    ] Concurrent Cleanup                 1327 us
[2026-04-03T01:43:19.211+0600][45.015s][info][gc,stats    ] Concurrent Class Unloading        37118 us
[2026-04-03T01:43:19.211+0600][45.015s][info][gc,stats    ]   Unlink Stale                    24902 us
[2026-04-03T01:43:19.211+0600][45.015s][info][gc,stats    ]     System Dictionary               265 us
[2026-04-03T01:43:19.211+0600][45.015s][info][gc,stats    ]     Weak Class Links                  1 us
[2026-04-03T01:43:19.211+0600][45.015s][info][gc,stats    ]     Code Roots                    24633 us
[2026-04-03T01:43:19.211+0600][45.015s][info][gc,stats    ]   Rendezvous                        370 us
[2026-04-03T01:43:19.211+0600][45.015s][info][gc,stats    ]   Purge Unlinked                  11678 us
[2026-04-03T01:43:19.211+0600][45.015s][info][gc,stats    ]     Code Roots                    11649 us
[2026-04-03T01:43:19.211+0600][45.015s][info][gc,stats    ]     CLDG                             27 us
[2026-04-03T01:43:19.211+0600][45.015s][info][gc,stats    ]     Exception Caches                  1 us
[2026-04-03T01:43:19.211+0600][45.015s][info][gc,stats    ] Concurrent Strong Roots            2030 us, parallelism: 0.73x
[2026-04-03T01:43:19.211+0600][45.015s][info][gc,stats    ]   CSR: <total>                     1480 us
[2026-04-03T01:43:19.211+0600][45.015s][info][gc,stats    ]   CSR: VM Strong Roots               87 us, workers (us):  51,  36,   0, ---, ---, ---, 
[2026-04-03T01:43:19.211+0600][45.015s][info][gc,stats    ]   CSR: CLDG Roots                  1393 us, workers (us): ---, 1393, ---, ---, ---, ---, 
[2026-04-03T01:43:19.211+0600][45.015s][info][gc,stats    ] Concurrent Evacuation             11249 us
[2026-04-03T01:43:19.211+0600][45.015s][info][gc,stats    ] Pause Init Update Refs (G)          363 us
[2026-04-03T01:43:19.211+0600][45.015s][info][gc,stats    ] Pause Init Update Refs (N)          150 us
[2026-04-03T01:43:19.211+0600][45.015s][info][gc,stats    ]   Manage GCLABs                      40 us
[2026-04-03T01:43:19.211+0600][45.015s][info][gc,stats    ] Concurrent Update Refs            44318 us
[2026-04-03T01:43:19.211+0600][45.015s][info][gc,stats    ] Concurrent Update Thread Roots     2356 us
[2026-04-03T01:43:19.211+0600][45.015s][info][gc,stats    ] Pause Final Update Refs (G)         602 us
[2026-04-03T01:43:19.211+0600][45.015s][info][gc,stats    ] Pause Final Update Refs (N)         383 us
[2026-04-03T01:43:19.211+0600][45.016s][info][gc,stats    ]   Update Region States              134 us
[2026-04-03T01:43:19.211+0600][45.016s][info][gc,stats    ]   Trash Collection Set               31 us
[2026-04-03T01:43:19.211+0600][45.016s][info][gc,stats    ]   Rebuild Free Set                   60 us
[2026-04-03T01:43:19.211+0600][45.016s][info][gc,stats    ] Concurrent Cleanup                  893 us
[2026-04-03T01:43:19.211+0600][45.016s][info][gc,stats    ] 
[2026-04-03T01:43:19.211+0600][45.016s][info][gc,stats    ] Allocation pacing accrued:
[2026-04-03T01:43:19.212+0600][45.016s][info][gc,stats    ]       0 of  2767 ms (  0.0%): <total>
[2026-04-03T01:43:19.212+0600][45.016s][info][gc,stats    ]       0 of  2767 ms (  0.0%): <average total>
[2026-04-03T01:43:19.212+0600][45.016s][info][gc,stats    ] 
[2026-04-03T01:43:19.212+0600][45.016s][info][gc,metaspace] Metaspace: 130359K(131584K)->130373K(131584K) NonClass: 113968K(114624K)->113983K(114624K) Class: 16390K(16960K)->16390K(16960K)
[2026-04-03T01:43:19.212+0600][45.016s][info][gc,ergo     ] Pacer for Idle. Initial: 80302K, Alloc Tax Rate: 1.0x
[2026-04-03T01:43:21.624+0600][47.428s][info][gc          ] Trigger: Average GC time (289.71 ms) is above the time for average allocation rate (1146 MB/s) to deplete free headroom (323M) (margin of error = 1.81)
[2026-04-03T01:43:21.624+0600][47.428s][info][gc,ergo     ] Free headroom: 520M (free) - 196M (spike) - 0B (penalties) = 323M
[2026-04-03T01:43:21.624+0600][47.428s][info][gc,ergo     ] Free: 520M, Max: 1024K regular, 518M humongous, Frag: 0% external, 0% internal; Reserve: 197M, Max: 1024K
[2026-04-03T01:43:21.624+0600][47.428s][info][gc,start    ] GC(14) Concurrent reset
[2026-04-03T01:43:21.624+0600][47.428s][info][gc,task     ] GC(14) Using 3 of 6 workers for concurrent reset
[2026-04-03T01:43:21.624+0600][47.428s][info][gc,ergo     ] GC(14) Pacer for Reset. Non-Taxable: 3921M
[2026-04-03T01:43:21.632+0600][47.436s][info][gc          ] GC(14) Concurrent reset 7.507ms
[2026-04-03T01:43:21.632+0600][47.436s][info][gc,start    ] GC(14) Pause Init Mark (unload classes)
[2026-04-03T01:43:21.632+0600][47.436s][info][gc,task     ] GC(14) Using 6 of 6 workers for init marking
[2026-04-03T01:43:21.632+0600][47.436s][info][gc,ergo     ] GC(14) Pacer for Mark. Expected Live: 93867K, Free: 518M, Non-Taxable: 53045K, Alloc Tax Rate: 0.2x
[2026-04-03T01:43:21.632+0600][47.436s][info][gc          ] GC(14) Pause Init Mark (unload classes) 0.123ms
[2026-04-03T01:43:21.632+0600][47.436s][info][gc,start    ] GC(14) Concurrent marking roots
[2026-04-03T01:43:21.632+0600][47.436s][info][gc,task     ] GC(14) Using 3 of 6 workers for concurrent marking roots
[2026-04-03T01:43:21.634+0600][47.438s][info][gc          ] GC(14) Concurrent marking roots 1.263ms
[2026-04-03T01:43:21.634+0600][47.438s][info][gc,start    ] GC(14) Concurrent marking (unload classes)
[2026-04-03T01:43:21.634+0600][47.438s][info][gc,task     ] GC(14) Using 3 of 6 workers for concurrent marking
[2026-04-03T01:43:21.683+0600][47.487s][info][gc          ] GC(14) Concurrent marking (unload classes) 49.024ms
[2026-04-03T01:43:21.683+0600][47.487s][info][gc,start    ] GC(14) Pause Final Mark (unload classes)
[2026-04-03T01:43:21.683+0600][47.487s][info][gc,task     ] GC(14) Using 6 of 6 workers for final marking
[2026-04-03T01:43:21.684+0600][47.488s][info][gc,ergo     ] GC(14) Adaptive CSet Selection. Target Free: 555M, Actual Free: 2660M, Max CSet: 163M, Min Garbage: 0B
[2026-04-03T01:43:21.684+0600][47.488s][info][gc,ergo     ] GC(14) Collectable Garbage: 2629M (99%), Immediate: 1969M (74%), CSet: 660M (25%)
[2026-04-03T01:43:21.684+0600][47.488s][info][gc,ergo     ] GC(14) Pacer for Evacuation. Used CSet: 673M, Free: 2937M, Non-Taxable: 293M, Alloc Tax Rate: 1.1x
[2026-04-03T01:43:21.684+0600][47.488s][info][gc          ] GC(14) Pause Final Mark (unload classes) 1.207ms
[2026-04-03T01:43:21.684+0600][47.488s][info][gc,start    ] GC(14) Concurrent thread roots
[2026-04-03T01:43:21.684+0600][47.488s][info][gc,task     ] GC(14) Using 3 of 6 workers for Concurrent thread roots
[2026-04-03T01:43:21.685+0600][47.489s][info][gc          ] GC(14) Concurrent thread roots 0.966ms
[2026-04-03T01:43:21.685+0600][47.489s][info][gc,start    ] GC(14) Concurrent weak references
[2026-04-03T01:43:21.685+0600][47.489s][info][gc,task     ] GC(14) Using 3 of 6 workers for concurrent weak references
[2026-04-03T01:43:21.686+0600][47.490s][info][gc,ref      ] GC(14) Encountered references: Soft: 3855, Weak: 18067, Final: 84, Phantom: 621
[2026-04-03T01:43:21.686+0600][47.490s][info][gc,ref      ] GC(14) Discovered  references: Soft: 0, Weak: 11218, Final: 0, Phantom: 616
[2026-04-03T01:43:21.686+0600][47.490s][info][gc,ref      ] GC(14) Enqueued    references: Soft: 0, Weak: 3602, Final: 0, Phantom: 0
[2026-04-03T01:43:21.686+0600][47.490s][info][gc          ] GC(14) Concurrent weak references 1.001ms
[2026-04-03T01:43:21.686+0600][47.490s][info][gc,start    ] GC(14) Concurrent weak roots
[2026-04-03T01:43:21.686+0600][47.490s][info][gc,task     ] GC(14) Using 3 of 6 workers for concurrent weak root
[2026-04-03T01:43:21.692+0600][47.496s][info][gc          ] GC(14) Concurrent weak roots 5.114ms
[2026-04-03T01:43:21.692+0600][47.496s][info][gc,start    ] GC(14) Concurrent cleanup
[2026-04-03T01:43:21.693+0600][47.497s][info][gc          ] GC(14) Concurrent cleanup 2752M->783M(3537M) 1.103ms
[2026-04-03T01:43:21.693+0600][47.497s][info][gc,ergo     ] GC(14) Free: 2935M, Max: 1024K regular, 491M humongous, Frag: 84% external, 0% internal; Reserve: 196M, Max: 1024K
[2026-04-03T01:43:21.693+0600][47.497s][info][gc,start    ] GC(14) Concurrent class unloading
[2026-04-03T01:43:21.693+0600][47.497s][info][gc,task     ] GC(14) Using 3 of 6 workers for concurrent class unloading
[2026-04-03T01:43:21.719+0600][47.523s][info][gc          ] GC(14) Concurrent class unloading 26.276ms
[2026-04-03T01:43:21.719+0600][47.523s][info][gc,start    ] GC(14) Concurrent strong roots
[2026-04-03T01:43:21.719+0600][47.523s][info][gc,task     ] GC(14) Using 3 of 6 workers for concurrent strong root
[2026-04-03T01:43:21.720+0600][47.524s][info][gc          ] GC(14) Concurrent strong roots 1.201ms
[2026-04-03T01:43:21.720+0600][47.525s][info][gc,start    ] GC(14) Concurrent evacuation
[2026-04-03T01:43:21.720+0600][47.525s][info][gc,task     ] GC(14) Using 3 of 6 workers for concurrent evacuation
[2026-04-03T01:43:21.728+0600][47.533s][info][gc          ] GC(14) Concurrent evacuation 7.993ms
[2026-04-03T01:43:21.729+0600][47.533s][info][gc,start    ] GC(14) Pause Init Update Refs
[2026-04-03T01:43:21.729+0600][47.533s][info][gc,ergo     ] GC(14) Pacer for Update Refs. Used: 806M, Free: 2927M, Non-Taxable: 292M, Alloc Tax Rate: 1.1x
[2026-04-03T01:43:21.729+0600][47.533s][info][gc          ] GC(14) Pause Init Update Refs 0.178ms
[2026-04-03T01:43:21.729+0600][47.533s][info][gc,start    ] GC(14) Concurrent update references
[2026-04-03T01:43:21.729+0600][47.533s][info][gc,task     ] GC(14) Using 3 of 6 workers for concurrent reference update
[2026-04-03T01:43:21.775+0600][47.579s][info][gc          ] GC(14) Concurrent update references 45.791ms
[2026-04-03T01:43:21.775+0600][47.579s][info][gc,start    ] GC(14) Concurrent update thread roots
[2026-04-03T01:43:21.777+0600][47.581s][info][gc          ] GC(14) Concurrent update thread roots 1.651ms
[2026-04-03T01:43:21.777+0600][47.581s][info][gc,start    ] GC(14) Pause Final Update Refs
[2026-04-03T01:43:21.777+0600][47.581s][info][gc,task     ] GC(14) Using 6 of 6 workers for final reference update
[2026-04-03T01:43:21.778+0600][47.582s][info][gc          ] GC(14) Pause Final Update Refs 0.316ms
[2026-04-03T01:43:21.778+0600][47.582s][info][gc,start    ] GC(14) Concurrent cleanup
[2026-04-03T01:43:21.779+0600][47.583s][info][gc          ] GC(14) Concurrent cleanup 831M->158M(3537M) 1.078ms
[2026-04-03T01:43:21.779+0600][47.583s][info][gc,ergo     ] Free: 3556M, Max: 1024K regular, 2569M humongous, Frag: 28% external, 0% internal; Reserve: 197M, Max: 1024K
[2026-04-03T01:43:21.779+0600][47.583s][info][gc,stats    ] 
[2026-04-03T01:43:21.779+0600][47.583s][info][gc,stats    ] All times are wall-clock times, except per-root-class counters, that are sum over
[2026-04-03T01:43:21.779+0600][47.583s][info][gc,stats    ] all workers. Dividing the <total> over the root stage time estimates parallelism.
[2026-04-03T01:43:21.779+0600][47.583s][info][gc,stats    ] 
[2026-04-03T01:43:21.779+0600][47.583s][info][gc,stats    ] Concurrent Reset                   7567 us
[2026-04-03T01:43:21.779+0600][47.583s][info][gc,stats    ] Pause Init Mark (G)                 439 us
[2026-04-03T01:43:21.779+0600][47.583s][info][gc,stats    ] Pause Init Mark (N)                 136 us
[2026-04-03T01:43:21.779+0600][47.583s][info][gc,stats    ]   Update Region States               29 us
[2026-04-03T01:43:21.779+0600][47.583s][info][gc,stats    ] Concurrent Mark Roots              1310 us, parallelism: 1.84x
[2026-04-03T01:43:21.779+0600][47.583s][info][gc,stats    ]   CMR: <total>                     2410 us
[2026-04-03T01:43:21.779+0600][47.583s][info][gc,stats    ]   CMR: Thread Roots                2033 us, workers (us): 451, 800, 782, ---, ---, ---, 
[2026-04-03T01:43:21.779+0600][47.583s][info][gc,stats    ]   CMR: VM Strong Roots               44 us, workers (us):  37,   6,   1, ---, ---, ---, 
[2026-04-03T01:43:21.779+0600][47.583s][info][gc,stats    ]   CMR: CLDG Roots                   334 us, workers (us): 334, ---, ---, ---, ---, ---, 
[2026-04-03T01:43:21.779+0600][47.583s][info][gc,stats    ] Concurrent Marking                49099 us
[2026-04-03T01:43:21.779+0600][47.583s][info][gc,stats    ] Pause Final Mark (G)               1561 us
[2026-04-03T01:43:21.779+0600][47.583s][info][gc,stats    ] Pause Final Mark (N)               1220 us
[2026-04-03T01:43:21.779+0600][47.583s][info][gc,stats    ]   Finish Mark                       299 us
[2026-04-03T01:43:21.779+0600][47.583s][info][gc,stats    ]   Update Region States               83 us
[2026-04-03T01:43:21.779+0600][47.583s][info][gc,stats    ]   Choose Collection Set             580 us
[2026-04-03T01:43:21.779+0600][47.583s][info][gc,stats    ]   Rebuild Free Set                   76 us
[2026-04-03T01:43:21.779+0600][47.583s][info][gc,stats    ] Concurrent Thread Roots            1008 us, parallelism: 2.34x
[2026-04-03T01:43:21.779+0600][47.583s][info][gc,stats    ]   CTR: <total>                     2355 us
[2026-04-03T01:43:21.779+0600][47.583s][info][gc,stats    ]   CTR: Thread Roots                2355 us, workers (us): 800, 794, 760, ---, ---, ---, 
[2026-04-03T01:43:21.779+0600][47.583s][info][gc,stats    ] Concurrent Weak References         1014 us, parallelism: 1.62x
[2026-04-03T01:43:21.779+0600][47.583s][info][gc,stats    ]   CWRF: <total>                    1646 us
[2026-04-03T01:43:21.779+0600][47.583s][info][gc,stats    ]   CWRF: Weak References            1646 us, workers (us): 341, 681, 623, ---, ---, ---, 
[2026-04-03T01:43:21.779+0600][47.584s][info][gc,stats    ] Concurrent Weak Roots              5210 us
[2026-04-03T01:43:21.779+0600][47.584s][info][gc,stats    ]   Roots                            4672 us, parallelism: 2.73x
[2026-04-03T01:43:21.779+0600][47.584s][info][gc,stats    ]     CWR: <total>                  12732 us
[2026-04-03T01:43:21.779+0600][47.584s][info][gc,stats    ]     CWR: Code Cache Roots         10149 us, workers (us): 3427, 3385, 3337, ---, ---, ---, 
[2026-04-03T01:43:21.780+0600][47.584s][info][gc,stats    ]     CWR: VM Weak Roots             2466 us, workers (us): 837, 819, 810, ---, ---, ---, 
[2026-04-03T01:43:21.780+0600][47.584s][info][gc,stats    ]     CWR: CLDG Roots                 117 us, workers (us): ---, 117, ---, ---, ---, ---, 
[2026-04-03T01:43:21.780+0600][47.584s][info][gc,stats    ]   Rendezvous                        405 us
[2026-04-03T01:43:21.780+0600][47.584s][info][gc,stats    ] Concurrent Cleanup                 1139 us
[2026-04-03T01:43:21.780+0600][47.584s][info][gc,stats    ] Concurrent Class Unloading        26368 us
[2026-04-03T01:43:21.780+0600][47.584s][info][gc,stats    ]   Unlink Stale                    16037 us
[2026-04-03T01:43:21.780+0600][47.584s][info][gc,stats    ]     System Dictionary               326 us
[2026-04-03T01:43:21.780+0600][47.584s][info][gc,stats    ]     Weak Class Links                  0 us
[2026-04-03T01:43:21.780+0600][47.584s][info][gc,stats    ]     Code Roots                    15706 us
[2026-04-03T01:43:21.780+0600][47.584s][info][gc,stats    ]   Rendezvous                        269 us
[2026-04-03T01:43:21.780+0600][47.584s][info][gc,stats    ]   Purge Unlinked                   9929 us
[2026-04-03T01:43:21.780+0600][47.584s][info][gc,stats    ]     Code Roots                     9897 us
[2026-04-03T01:43:21.780+0600][47.584s][info][gc,stats    ]     CLDG                             30 us
[2026-04-03T01:43:21.780+0600][47.584s][info][gc,stats    ]     Exception Caches                  0 us
[2026-04-03T01:43:21.780+0600][47.584s][info][gc,stats    ] Concurrent Strong Roots            1261 us, parallelism: 0.67x
[2026-04-03T01:43:21.780+0600][47.584s][info][gc,stats    ]   CSR: <total>                      844 us
[2026-04-03T01:43:21.780+0600][47.584s][info][gc,stats    ]   CSR: VM Strong Roots               58 us, workers (us):  23,  21,  14, ---, ---, ---, 
[2026-04-03T01:43:21.780+0600][47.584s][info][gc,stats    ]   CSR: CLDG Roots                   786 us, workers (us): ---, ---, 786, ---, ---, ---, 
[2026-04-03T01:43:21.780+0600][47.584s][info][gc,stats    ] Concurrent Evacuation              8079 us
[2026-04-03T01:43:21.780+0600][47.584s][info][gc,stats    ] Pause Init Update Refs (G)          832 us
[2026-04-03T01:43:21.780+0600][47.584s][info][gc,stats    ] Pause Init Update Refs (N)          191 us
[2026-04-03T01:43:21.780+0600][47.584s][info][gc,stats    ]   Manage GCLABs                      90 us
[2026-04-03T01:43:21.780+0600][47.584s][info][gc,stats    ] Concurrent Update Refs            45897 us
[2026-04-03T01:43:21.780+0600][47.584s][info][gc,stats    ] Concurrent Update Thread Roots     1765 us
[2026-04-03T01:43:21.780+0600][47.584s][info][gc,stats    ] Pause Final Update Refs (G)         587 us
[2026-04-03T01:43:21.780+0600][47.584s][info][gc,stats    ] Pause Final Update Refs (N)         344 us
[2026-04-03T01:43:21.780+0600][47.584s][info][gc,stats    ]   Update Region States               94 us
[2026-04-03T01:43:21.780+0600][47.584s][info][gc,stats    ]   Trash Collection Set               33 us
[2026-04-03T01:43:21.780+0600][47.584s][info][gc,stats    ]   Rebuild Free Set                   65 us
[2026-04-03T01:43:21.780+0600][47.584s][info][gc,stats    ] Concurrent Cleanup                 1225 us
[2026-04-03T01:43:21.780+0600][47.584s][info][gc,stats    ] 
[2026-04-03T01:43:21.780+0600][47.584s][info][gc,stats    ] Allocation pacing accrued:
[2026-04-03T01:43:21.780+0600][47.584s][info][gc,stats    ]       0 of  2568 ms (  0.0%): <total>
[2026-04-03T01:43:21.780+0600][47.584s][info][gc,stats    ]       0 of  2568 ms (  0.0%): <average total>
[2026-04-03T01:43:21.780+0600][47.584s][info][gc,stats    ] 
[2026-04-03T01:43:21.780+0600][47.584s][info][gc,metaspace] Metaspace: 130544K(131712K)->130551K(131712K) NonClass: 114138K(114752K)->114145K(114752K) Class: 16405K(16960K)->16405K(16960K)
[2026-04-03T01:43:21.780+0600][47.584s][info][gc,ergo     ] Pacer for Idle. Initial: 80302K, Alloc Tax Rate: 1.0x
[2026-04-03T01:43:23.993+0600][49.797s][info][gc          ] Trigger: Average GC time (264.26 ms) is above the time for average allocation rate (899 MB/s) to deplete free headroom (220M) (margin of error = 1.80)
[2026-04-03T01:43:23.993+0600][49.797s][info][gc,ergo     ] Free headroom: 416M (free) - 196M (spike) - 0B (penalties) = 220M
[2026-04-03T01:43:23.993+0600][49.797s][info][gc,ergo     ] Free: 416M, Max: 1024K regular, 414M humongous, Frag: 0% external, 1% internal; Reserve: 197M, Max: 1024K
[2026-04-03T01:43:23.993+0600][49.797s][info][gc,start    ] GC(15) Concurrent reset
[2026-04-03T01:43:23.993+0600][49.797s][info][gc,task     ] GC(15) Using 3 of 6 workers for concurrent reset
[2026-04-03T01:43:23.993+0600][49.797s][info][gc,ergo     ] GC(15) Pacer for Reset. Non-Taxable: 3921M
[2026-04-03T01:43:24.005+0600][49.809s][info][gc          ] GC(15) Concurrent reset 12.000ms
[2026-04-03T01:43:24.007+0600][49.811s][info][gc,start    ] GC(15) Pause Init Mark (unload classes)
[2026-04-03T01:43:24.007+0600][49.811s][info][gc,task     ] GC(15) Using 6 of 6 workers for init marking
[2026-04-03T01:43:24.007+0600][49.811s][info][gc,ergo     ] GC(15) Pacer for Mark. Expected Live: 96759K, Free: 280M, Non-Taxable: 28675K, Alloc Tax Rate: 0.4x
[2026-04-03T01:43:24.007+0600][49.811s][info][gc          ] GC(15) Pause Init Mark (unload classes) 0.240ms
[2026-04-03T01:43:24.007+0600][49.811s][info][gc,start    ] GC(15) Concurrent marking roots
[2026-04-03T01:43:24.007+0600][49.811s][info][gc,task     ] GC(15) Using 3 of 6 workers for concurrent marking roots
[2026-04-03T01:43:24.009+0600][49.813s][info][gc          ] GC(15) Concurrent marking roots 1.603ms
[2026-04-03T01:43:24.009+0600][49.813s][info][gc,start    ] GC(15) Concurrent marking (unload classes)
[2026-04-03T01:43:24.009+0600][49.813s][info][gc,task     ] GC(15) Using 3 of 6 workers for concurrent marking
[2026-04-03T01:43:24.058+0600][49.862s][info][gc          ] GC(15) Concurrent marking (unload classes) 49.547ms
[2026-04-03T01:43:24.059+0600][49.863s][info][gc,start    ] GC(15) Pause Final Mark (unload classes)
[2026-04-03T01:43:24.059+0600][49.863s][info][gc,task     ] GC(15) Using 6 of 6 workers for final marking
[2026-04-03T01:43:24.059+0600][49.863s][info][gc,ergo     ] GC(15) Adaptive CSet Selection. Target Free: 555M, Actual Free: 2484M, Max CSet: 163M, Min Garbage: 0B
[2026-04-03T01:43:24.059+0600][49.863s][info][gc,ergo     ] GC(15) Collectable Garbage: 2768M (99%), Immediate: 2119M (76%), CSet: 648M (23%)
[2026-04-03T01:43:24.059+0600][49.864s][info][gc,ergo     ] GC(15) Pacer for Evacuation. Used CSet: 668M, Free: 2841M, Non-Taxable: 284M, Alloc Tax Rate: 1.1x
[2026-04-03T01:43:24.059+0600][49.864s][info][gc          ] GC(15) Pause Final Mark (unload classes) 0.890ms
[2026-04-03T01:43:24.060+0600][49.864s][info][gc,start    ] GC(15) Concurrent thread roots
[2026-04-03T01:43:24.060+0600][49.864s][info][gc,task     ] GC(15) Using 3 of 6 workers for Concurrent thread roots
[2026-04-03T01:43:24.061+0600][49.865s][info][gc          ] GC(15) Concurrent thread roots 0.891ms
[2026-04-03T01:43:24.061+0600][49.865s][info][gc,start    ] GC(15) Concurrent weak references
[2026-04-03T01:43:24.061+0600][49.865s][info][gc,task     ] GC(15) Using 3 of 6 workers for concurrent weak references
[2026-04-03T01:43:24.062+0600][49.866s][info][gc,ref      ] GC(15) Encountered references: Soft: 3869, Weak: 17874, Final: 84, Phantom: 645
[2026-04-03T01:43:24.062+0600][49.866s][info][gc,ref      ] GC(15) Discovered  references: Soft: 0, Weak: 11530, Final: 52, Phantom: 612
[2026-04-03T01:43:24.062+0600][49.866s][info][gc,ref      ] GC(15) Enqueued    references: Soft: 0, Weak: 3285, Final: 0, Phantom: 0
[2026-04-03T01:43:24.062+0600][49.866s][info][gc          ] GC(15) Concurrent weak references 1.113ms
[2026-04-03T01:43:24.062+0600][49.866s][info][gc,start    ] GC(15) Concurrent weak roots
[2026-04-03T01:43:24.062+0600][49.866s][info][gc,task     ] GC(15) Using 3 of 6 workers for concurrent weak root
[2026-04-03T01:43:24.066+0600][49.870s][info][gc          ] GC(15) Concurrent weak roots 4.196ms
[2026-04-03T01:43:24.066+0600][49.870s][info][gc,start    ] GC(15) Concurrent cleanup
[2026-04-03T01:43:24.067+0600][49.871s][info][gc          ] GC(15) Concurrent cleanup 2981M->861M(3581M) 1.080ms
[2026-04-03T01:43:24.067+0600][49.871s][info][gc,ergo     ] GC(15) Free: 2835M, Max: 1024K regular, 258M humongous, Frag: 91% external, 0% internal; Reserve: 194M, Max: 1024K
[2026-04-03T01:43:24.067+0600][49.871s][info][gc,start    ] GC(15) Concurrent class unloading
[2026-04-03T01:43:24.067+0600][49.871s][info][gc,task     ] GC(15) Using 3 of 6 workers for concurrent class unloading
[2026-04-03T01:43:24.091+0600][49.895s][info][gc          ] GC(15) Concurrent class unloading 23.777ms
[2026-04-03T01:43:24.091+0600][49.895s][info][gc,start    ] GC(15) Concurrent strong roots
[2026-04-03T01:43:24.091+0600][49.895s][info][gc,task     ] GC(15) Using 3 of 6 workers for concurrent strong root
[2026-04-03T01:43:24.093+0600][49.897s][info][gc          ] GC(15) Concurrent strong roots 1.978ms
[2026-04-03T01:43:24.093+0600][49.897s][info][gc,start    ] GC(15) Concurrent evacuation
[2026-04-03T01:43:24.093+0600][49.897s][info][gc,task     ] GC(15) Using 3 of 6 workers for concurrent evacuation
[2026-04-03T01:43:24.110+0600][49.914s][info][gc          ] GC(15) Concurrent evacuation 16.969ms
[2026-04-03T01:43:24.111+0600][49.915s][info][gc,start    ] GC(15) Pause Init Update Refs
[2026-04-03T01:43:24.111+0600][49.915s][info][gc,ergo     ] GC(15) Pacer for Update Refs. Used: 914M, Free: 2802M, Non-Taxable: 280M, Alloc Tax Rate: 1.1x
[2026-04-03T01:43:24.111+0600][49.915s][info][gc          ] GC(15) Pause Init Update Refs 0.134ms
[2026-04-03T01:43:24.111+0600][49.915s][info][gc,start    ] GC(15) Concurrent update references
[2026-04-03T01:43:24.111+0600][49.915s][info][gc,task     ] GC(15) Using 3 of 6 workers for concurrent reference update
[2026-04-03T01:43:24.158+0600][49.962s][info][gc          ] GC(15) Concurrent update references 47.192ms
[2026-04-03T01:43:24.158+0600][49.963s][info][gc,start    ] GC(15) Concurrent update thread roots
[2026-04-03T01:43:24.160+0600][49.964s][info][gc          ] GC(15) Concurrent update thread roots 1.630ms
[2026-04-03T01:43:24.160+0600][49.964s][info][gc,start    ] GC(15) Pause Final Update Refs
[2026-04-03T01:43:24.160+0600][49.964s][info][gc,task     ] GC(15) Using 6 of 6 workers for final reference update
[2026-04-03T01:43:24.160+0600][49.965s][info][gc          ] GC(15) Pause Final Update Refs 0.206ms
[2026-04-03T01:43:24.161+0600][49.965s][info][gc,start    ] GC(15) Concurrent cleanup
[2026-04-03T01:43:24.161+0600][49.965s][info][gc          ] GC(15) Concurrent cleanup 948M->281M(3586M) 0.797ms
[2026-04-03T01:43:24.161+0600][49.965s][info][gc,ergo     ] Free: 3403M, Max: 1024K regular, 2782M humongous, Frag: 19% external, 0% internal; Reserve: 197M, Max: 1024K
[2026-04-03T01:43:24.161+0600][49.965s][info][gc,stats    ] 
[2026-04-03T01:43:24.161+0600][49.966s][info][gc,stats    ] All times are wall-clock times, except per-root-class counters, that are sum over
[2026-04-03T01:43:24.161+0600][49.966s][info][gc,stats    ] all workers. Dividing the <total> over the root stage time estimates parallelism.
[2026-04-03T01:43:24.161+0600][49.966s][info][gc,stats    ] 
[2026-04-03T01:43:24.161+0600][49.966s][info][gc,stats    ] Concurrent Reset                  12091 us
[2026-04-03T01:43:24.162+0600][49.966s][info][gc,stats    ] Pause Init Mark (G)                1624 us
[2026-04-03T01:43:24.162+0600][49.966s][info][gc,stats    ] Pause Init Mark (N)                 249 us
[2026-04-03T01:43:24.162+0600][49.966s][info][gc,stats    ]   Update Region States              101 us
[2026-04-03T01:43:24.162+0600][49.966s][info][gc,stats    ] Concurrent Mark Roots              1691 us, parallelism: 1.83x
[2026-04-03T01:43:24.162+0600][49.966s][info][gc,stats    ]   CMR: <total>                     3087 us
[2026-04-03T01:43:24.162+0600][49.966s][info][gc,stats    ]   CMR: Thread Roots                2630 us, workers (us): 650, 966, 1013, ---, ---, ---, 
[2026-04-03T01:43:24.162+0600][49.966s][info][gc,stats    ]   CMR: VM Strong Roots               83 us, workers (us):  37,  46,   1, ---, ---, ---, 
[2026-04-03T01:43:24.162+0600][49.966s][info][gc,stats    ]   CMR: CLDG Roots                   374 us, workers (us): 374, ---, ---, ---, ---, ---, 
[2026-04-03T01:43:24.162+0600][49.966s][info][gc,stats    ] Concurrent Marking                49614 us
[2026-04-03T01:43:24.162+0600][49.966s][info][gc,stats    ] Pause Final Mark (G)               1272 us
[2026-04-03T01:43:24.162+0600][49.966s][info][gc,stats    ] Pause Final Mark (N)                905 us
[2026-04-03T01:43:24.162+0600][49.966s][info][gc,stats    ]   Finish Mark                       343 us
[2026-04-03T01:43:24.162+0600][49.966s][info][gc,stats    ]   Update Region States               49 us
[2026-04-03T01:43:24.162+0600][49.966s][info][gc,stats    ]   Choose Collection Set             312 us
[2026-04-03T01:43:24.162+0600][49.966s][info][gc,stats    ]   Rebuild Free Set                   60 us
[2026-04-03T01:43:24.162+0600][49.966s][info][gc,stats    ] Concurrent Thread Roots             934 us, parallelism: 2.18x
[2026-04-03T01:43:24.162+0600][49.966s][info][gc,stats    ]   CTR: <total>                     2035 us
[2026-04-03T01:43:24.162+0600][49.966s][info][gc,stats    ]   CTR: Thread Roots                2035 us, workers (us): 712, 664, 660, ---, ---, ---, 
[2026-04-03T01:43:24.162+0600][49.966s][info][gc,stats    ] Concurrent Weak References         1133 us, parallelism: 1.33x
[2026-04-03T01:43:24.162+0600][49.966s][info][gc,stats    ]   CWRF: <total>                    1502 us
[2026-04-03T01:43:24.162+0600][49.966s][info][gc,stats    ]   CWRF: Weak References            1502 us, workers (us): 1015, 471,  16, ---, ---, ---, 
[2026-04-03T01:43:24.162+0600][49.966s][info][gc,stats    ] Concurrent Weak Roots              4260 us
[2026-04-03T01:43:24.162+0600][49.966s][info][gc,stats    ]   Roots                            3769 us, parallelism: 2.75x
[2026-04-03T01:43:24.162+0600][49.966s][info][gc,stats    ]     CWR: <total>                  10357 us
[2026-04-03T01:43:24.162+0600][49.966s][info][gc,stats    ]     CWR: Code Cache Roots          7973 us, workers (us): 2620, 2623, 2730, ---, ---, ---, 
[2026-04-03T01:43:24.162+0600][49.966s][info][gc,stats    ]     CWR: VM Weak Roots             2276 us, workers (us): 767, 768, 742, ---, ---, ---, 
[2026-04-03T01:43:24.162+0600][49.966s][info][gc,stats    ]     CWR: CLDG Roots                 107 us, workers (us): 107, ---, ---, ---, ---, ---, 
[2026-04-03T01:43:24.162+0600][49.966s][info][gc,stats    ]   Rendezvous                        409 us
[2026-04-03T01:43:24.162+0600][49.966s][info][gc,stats    ] Concurrent Cleanup                 1098 us
[2026-04-03T01:43:24.162+0600][49.966s][info][gc,stats    ] Concurrent Class Unloading        23884 us
[2026-04-03T01:43:24.162+0600][49.966s][info][gc,stats    ]   Unlink Stale                    14748 us
[2026-04-03T01:43:24.162+0600][49.966s][info][gc,stats    ]     System Dictionary               239 us
[2026-04-03T01:43:24.162+0600][49.966s][info][gc,stats    ]     Weak Class Links                  0 us
[2026-04-03T01:43:24.162+0600][49.966s][info][gc,stats    ]     Code Roots                    14506 us
[2026-04-03T01:43:24.162+0600][49.966s][info][gc,stats    ]   Rendezvous                        351 us
[2026-04-03T01:43:24.162+0600][49.966s][info][gc,stats    ]   Purge Unlinked                   8648 us
[2026-04-03T01:43:24.162+0600][49.966s][info][gc,stats    ]     Code Roots                     8610 us
[2026-04-03T01:43:24.162+0600][49.966s][info][gc,stats    ]     CLDG                             36 us
[2026-04-03T01:43:24.162+0600][49.966s][info][gc,stats    ]     Exception Caches                  1 us
[2026-04-03T01:43:24.162+0600][49.966s][info][gc,stats    ] Concurrent Strong Roots            2057 us, parallelism: 0.76x
[2026-04-03T01:43:24.162+0600][49.966s][info][gc,stats    ]   CSR: <total>                     1561 us
[2026-04-03T01:43:24.162+0600][49.966s][info][gc,stats    ]   CSR: VM Strong Roots               61 us, workers (us):  39,  21,   0, ---, ---, ---, 
[2026-04-03T01:43:24.162+0600][49.966s][info][gc,stats    ]   CSR: CLDG Roots                  1500 us, workers (us): 1500, ---, ---, ---, ---, ---, 
[2026-04-03T01:43:24.162+0600][49.966s][info][gc,stats    ] Concurrent Evacuation             17086 us
[2026-04-03T01:43:24.162+0600][49.966s][info][gc,stats    ] Pause Init Update Refs (G)         1018 us
[2026-04-03T01:43:24.162+0600][49.966s][info][gc,stats    ] Pause Init Update Refs (N)          149 us
[2026-04-03T01:43:24.162+0600][49.966s][info][gc,stats    ]   Manage GCLABs                      51 us
[2026-04-03T01:43:24.162+0600][49.966s][info][gc,stats    ] Concurrent Update Refs            47307 us
[2026-04-03T01:43:24.162+0600][49.966s][info][gc,stats    ] Concurrent Update Thread Roots     1697 us
[2026-04-03T01:43:24.162+0600][49.966s][info][gc,stats    ] Pause Final Update Refs (G)         345 us
[2026-04-03T01:43:24.162+0600][49.966s][info][gc,stats    ] Pause Final Update Refs (N)         231 us
[2026-04-03T01:43:24.162+0600][49.966s][info][gc,stats    ]   Update Region States               71 us
[2026-04-03T01:43:24.162+0600][49.966s][info][gc,stats    ]   Trash Collection Set               29 us
[2026-04-03T01:43:24.162+0600][49.966s][info][gc,stats    ]   Rebuild Free Set                   59 us
[2026-04-03T01:43:24.162+0600][49.966s][info][gc,stats    ] Concurrent Cleanup                  822 us
[2026-04-03T01:43:24.162+0600][49.966s][info][gc,stats    ] Pacing                            77921 us
[2026-04-03T01:43:24.162+0600][49.966s][info][gc,stats    ] 
[2026-04-03T01:43:24.162+0600][49.966s][info][gc,stats    ] Allocation pacing accrued:
[2026-04-03T01:43:24.162+0600][49.966s][info][gc,stats    ]       9 of  2382 ms (  0.4%): dispatcher-event-loop-3
[2026-04-03T01:43:24.162+0600][49.966s][info][gc,stats    ]       9 of  2382 ms (  0.4%): dispatcher-event-loop-6
[2026-04-03T01:43:24.162+0600][49.966s][info][gc,stats    ]      20 of  2382 ms (  0.8%): Executor task launch worker for task 0.0 in stage 1201.0 (TID 2297)
[2026-04-03T01:43:24.162+0600][49.966s][info][gc,stats    ]      10 of  2382 ms (  0.4%): Executor task launch worker for task 2.0 in stage 1201.0 (TID 2299)
[2026-04-03T01:43:24.162+0600][49.966s][info][gc,stats    ]      11 of  2382 ms (  0.5%): Executor task launch worker for task 3.0 in stage 1201.0 (TID 2300)
[2026-04-03T01:43:24.162+0600][49.966s][info][gc,stats    ]      20 of  2382 ms (  0.8%): Executor task launch worker for task 1.0 in stage 1201.0 (TID 2298)
[2026-04-03T01:43:24.162+0600][49.966s][info][gc,stats    ]      78 of  2382 ms (  3.3%): <total>
[2026-04-03T01:43:24.162+0600][49.966s][info][gc,stats    ]       0 of  2382 ms (  0.0%): <average total>
[2026-04-03T01:43:24.162+0600][49.966s][info][gc,stats    ]      13 of  2382 ms (  0.5%): <average non-zero>
[2026-04-03T01:43:24.162+0600][49.966s][info][gc,stats    ] 
[2026-04-03T01:43:24.162+0600][49.966s][info][gc,metaspace] Metaspace: 130699K(131840K)->130701K(131840K) NonClass: 114282K(114880K)->114283K(114880K) Class: 16417K(16960K)->16417K(16960K)
[2026-04-03T01:43:24.162+0600][49.966s][info][gc,ergo     ] Pacer for Idle. Initial: 80302K, Alloc Tax Rate: 1.0x
[2026-04-03T01:43:26.278+0600][52.082s][info][gc          ] Trigger: Average GC time (235.15 ms) is above the time for average allocation rate (3475 MB/s) to deplete free headroom (646M) (margin of error = 1.82)
[2026-04-03T01:43:26.278+0600][52.082s][info][gc,ergo     ] Free headroom: 842M (free) - 196M (spike) - 0B (penalties) = 646M
[2026-04-03T01:43:26.278+0600][52.082s][info][gc,ergo     ] Free: 842M, Max: 1024K regular, 680M humongous, Frag: 20% external, 0% internal; Reserve: 197M, Max: 1024K
[2026-04-03T01:43:26.278+0600][52.082s][info][gc,start    ] GC(16) Concurrent reset
[2026-04-03T01:43:26.278+0600][52.082s][info][gc,task     ] GC(16) Using 3 of 6 workers for concurrent reset
[2026-04-03T01:43:26.278+0600][52.082s][info][gc,ergo     ] GC(16) Pacer for Reset. Non-Taxable: 3921M
[2026-04-03T01:43:26.297+0600][52.101s][info][gc          ] GC(16) Concurrent reset 18.916ms
[2026-04-03T01:43:26.297+0600][52.101s][info][gc,start    ] GC(16) Pause Init Mark (unload classes)
[2026-04-03T01:43:26.297+0600][52.101s][info][gc,task     ] GC(16) Using 6 of 6 workers for init marking
[2026-04-03T01:43:26.297+0600][52.101s][info][gc,ergo     ] GC(16) Pacer for Mark. Expected Live: 101161K, Free: 819M, Non-Taxable: 83946K, Alloc Tax Rate: 0.1x
[2026-04-03T01:43:26.297+0600][52.101s][info][gc          ] GC(16) Pause Init Mark (unload classes) 0.168ms
[2026-04-03T01:43:26.297+0600][52.102s][info][gc,start    ] GC(16) Concurrent marking roots
[2026-04-03T01:43:26.298+0600][52.102s][info][gc,task     ] GC(16) Using 3 of 6 workers for concurrent marking roots
[2026-04-03T01:43:26.302+0600][52.106s][info][gc          ] GC(16) Concurrent marking roots 4.113ms
[2026-04-03T01:43:26.302+0600][52.106s][info][gc,start    ] GC(16) Concurrent marking (unload classes)
[2026-04-03T01:43:26.302+0600][52.106s][info][gc,task     ] GC(16) Using 3 of 6 workers for concurrent marking
[2026-04-03T01:43:26.375+0600][52.179s][info][gc          ] GC(16) Concurrent marking (unload classes) 72.886ms
[2026-04-03T01:43:26.375+0600][52.179s][info][gc,start    ] GC(16) Pause Final Mark (unload classes)
[2026-04-03T01:43:26.375+0600][52.179s][info][gc,task     ] GC(16) Using 6 of 6 workers for final marking
[2026-04-03T01:43:26.375+0600][52.179s][info][gc,ergo     ] GC(16) Adaptive CSet Selection. Target Free: 555M, Actual Free: 2731M, Max CSet: 163M, Min Garbage: 0B
[2026-04-03T01:43:26.376+0600][52.180s][info][gc,ergo     ] GC(16) Collectable Garbage: 2347M (99%), Immediate: 1766M (75%), CSet: 580M (24%)
[2026-04-03T01:43:26.376+0600][52.180s][info][gc,ergo     ] GC(16) Pacer for Evacuation. Used CSet: 597M, Free: 2989M, Non-Taxable: 298M, Alloc Tax Rate: 1.1x
[2026-04-03T01:43:26.376+0600][52.180s][info][gc          ] GC(16) Pause Final Mark (unload classes) 0.833ms
[2026-04-03T01:43:26.376+0600][52.180s][info][gc,start    ] GC(16) Concurrent thread roots
[2026-04-03T01:43:26.376+0600][52.180s][info][gc,task     ] GC(16) Using 3 of 6 workers for Concurrent thread roots
[2026-04-03T01:43:26.377+0600][52.181s][info][gc          ] GC(16) Concurrent thread roots 1.422ms
[2026-04-03T01:43:26.377+0600][52.181s][info][gc,start    ] GC(16) Concurrent weak references
[2026-04-03T01:43:26.377+0600][52.181s][info][gc,task     ] GC(16) Using 3 of 6 workers for concurrent weak references
[2026-04-03T01:43:26.379+0600][52.183s][info][gc,ref      ] GC(16) Encountered references: Soft: 3873, Weak: 17555, Final: 84, Phantom: 621
[2026-04-03T01:43:26.379+0600][52.183s][info][gc,ref      ] GC(16) Discovered  references: Soft: 0, Weak: 10340, Final: 52, Phantom: 616
[2026-04-03T01:43:26.379+0600][52.183s][info][gc,ref      ] GC(16) Enqueued    references: Soft: 0, Weak: 2899, Final: 0, Phantom: 0
[2026-04-03T01:43:26.379+0600][52.183s][info][gc          ] GC(16) Concurrent weak references 1.379ms
[2026-04-03T01:43:26.379+0600][52.183s][info][gc,start    ] GC(16) Concurrent weak roots
[2026-04-03T01:43:26.379+0600][52.183s][info][gc,task     ] GC(16) Using 3 of 6 workers for concurrent weak root
[2026-04-03T01:43:26.386+0600][52.190s][info][gc          ] GC(16) Concurrent weak roots 7.047ms
[2026-04-03T01:43:26.386+0600][52.190s][info][gc,start    ] GC(16) Concurrent cleanup
[2026-04-03T01:43:26.387+0600][52.191s][info][gc          ] GC(16) Concurrent cleanup 2493M->726M(3586M) 1.526ms
[2026-04-03T01:43:26.387+0600][52.192s][info][gc,ergo     ] GC(16) Free: 2987M, Max: 1024K regular, 705M humongous, Frag: 77% external, 0% internal; Reserve: 196M, Max: 1024K
[2026-04-03T01:43:26.387+0600][52.192s][info][gc,start    ] GC(16) Concurrent class unloading
[2026-04-03T01:43:26.388+0600][52.192s][info][gc,task     ] GC(16) Using 3 of 6 workers for concurrent class unloading
[2026-04-03T01:43:26.418+0600][52.222s][info][gc          ] GC(16) Concurrent class unloading 30.444ms
[2026-04-03T01:43:26.418+0600][52.222s][info][gc,start    ] GC(16) Concurrent strong roots
[2026-04-03T01:43:26.418+0600][52.222s][info][gc,task     ] GC(16) Using 3 of 6 workers for concurrent strong root
[2026-04-03T01:43:26.420+0600][52.225s][info][gc          ] GC(16) Concurrent strong roots 2.385ms
[2026-04-03T01:43:26.421+0600][52.225s][info][gc,start    ] GC(16) Concurrent evacuation
[2026-04-03T01:43:26.421+0600][52.225s][info][gc,task     ] GC(16) Using 3 of 6 workers for concurrent evacuation
[2026-04-03T01:43:26.435+0600][52.239s][info][gc          ] GC(16) Concurrent evacuation 14.266ms
[2026-04-03T01:43:26.435+0600][52.239s][info][gc,start    ] GC(16) Pause Init Update Refs
[2026-04-03T01:43:26.435+0600][52.239s][info][gc,ergo     ] GC(16) Pacer for Update Refs. Used: 776M, Free: 2949M, Non-Taxable: 294M, Alloc Tax Rate: 1.1x
[2026-04-03T01:43:26.435+0600][52.239s][info][gc          ] GC(16) Pause Init Update Refs 0.177ms
[2026-04-03T01:43:26.436+0600][52.240s][info][gc,start    ] GC(16) Concurrent update references
[2026-04-03T01:43:26.436+0600][52.240s][info][gc,task     ] GC(16) Using 3 of 6 workers for concurrent reference update
[2026-04-03T01:43:26.500+0600][52.304s][info][gc          ] GC(16) Concurrent update references 64.199ms
[2026-04-03T01:43:26.500+0600][52.304s][info][gc,start    ] GC(16) Concurrent update thread roots
[2026-04-03T01:43:26.502+0600][52.306s][info][gc          ] GC(16) Concurrent update thread roots 1.998ms
[2026-04-03T01:43:26.502+0600][52.306s][info][gc,start    ] GC(16) Pause Final Update Refs
[2026-04-03T01:43:26.502+0600][52.306s][info][gc,task     ] GC(16) Using 6 of 6 workers for final reference update
[2026-04-03T01:43:26.502+0600][52.306s][info][gc          ] GC(16) Pause Final Update Refs 0.256ms
[2026-04-03T01:43:26.502+0600][52.306s][info][gc,start    ] GC(16) Concurrent cleanup
[2026-04-03T01:43:26.503+0600][52.307s][info][gc          ] GC(16) Concurrent cleanup 798M->202M(3586M) 0.488ms
[2026-04-03T01:43:26.503+0600][52.307s][info][gc,ergo     ] Free: 3494M, Max: 1024K regular, 2125M humongous, Frag: 40% external, 0% internal; Reserve: 197M, Max: 1024K
[2026-04-03T01:43:26.503+0600][52.307s][info][gc,stats    ] 
[2026-04-03T01:43:26.503+0600][52.307s][info][gc,stats    ] All times are wall-clock times, except per-root-class counters, that are sum over
[2026-04-03T01:43:26.503+0600][52.307s][info][gc,stats    ] all workers. Dividing the <total> over the root stage time estimates parallelism.
[2026-04-03T01:43:26.503+0600][52.307s][info][gc,stats    ] 
[2026-04-03T01:43:26.503+0600][52.307s][info][gc,stats    ] Concurrent Reset                  19049 us
[2026-04-03T01:43:26.503+0600][52.307s][info][gc,stats    ] Pause Init Mark (G)                 470 us
[2026-04-03T01:43:26.503+0600][52.307s][info][gc,stats    ] Pause Init Mark (N)                 179 us
[2026-04-03T01:43:26.503+0600][52.307s][info][gc,stats    ]   Update Region States               64 us
[2026-04-03T01:43:26.503+0600][52.307s][info][gc,stats    ] Concurrent Mark Roots              4184 us, parallelism: 1.59x
[2026-04-03T01:43:26.503+0600][52.307s][info][gc,stats    ]   CMR: <total>                     6635 us
[2026-04-03T01:43:26.503+0600][52.307s][info][gc,stats    ]   CMR: Thread Roots                6231 us, workers (us): 2878, 2836, 517, ---, ---, ---, 
[2026-04-03T01:43:26.503+0600][52.307s][info][gc,stats    ]   CMR: VM Strong Roots               66 us, workers (us):  63,   1,   1, ---, ---, ---, 
[2026-04-03T01:43:26.503+0600][52.307s][info][gc,stats    ]   CMR: CLDG Roots                   339 us, workers (us): 339, ---, ---, ---, ---, ---, 
[2026-04-03T01:43:26.503+0600][52.307s][info][gc,stats    ] Concurrent Marking                73001 us
[2026-04-03T01:43:26.503+0600][52.307s][info][gc,stats    ] Pause Final Mark (G)               1041 us
[2026-04-03T01:43:26.503+0600][52.307s][info][gc,stats    ] Pause Final Mark (N)                867 us
[2026-04-03T01:43:26.503+0600][52.307s][info][gc,stats    ]   Finish Mark                       236 us
[2026-04-03T01:43:26.503+0600][52.307s][info][gc,stats    ]   Update Region States               80 us
[2026-04-03T01:43:26.503+0600][52.307s][info][gc,stats    ]   Choose Collection Set             302 us
[2026-04-03T01:43:26.503+0600][52.307s][info][gc,stats    ]   Rebuild Free Set                   59 us
[2026-04-03T01:43:26.503+0600][52.307s][info][gc,stats    ] Concurrent Thread Roots            1475 us, parallelism: 2.52x
[2026-04-03T01:43:26.503+0600][52.307s][info][gc,stats    ]   CTR: <total>                     3717 us
[2026-04-03T01:43:26.503+0600][52.307s][info][gc,stats    ]   CTR: Thread Roots                3717 us, workers (us): 1266, 1263, 1189, ---, ---, ---, 
[2026-04-03T01:43:26.503+0600][52.307s][info][gc,stats    ] Concurrent Weak References         1396 us, parallelism: 1.59x
[2026-04-03T01:43:26.503+0600][52.307s][info][gc,stats    ]   CWRF: <total>                    2219 us
[2026-04-03T01:43:26.503+0600][52.307s][info][gc,stats    ]   CWRF: Weak References            2219 us, workers (us): 244, 1118, 857, ---, ---, ---, 
[2026-04-03T01:43:26.503+0600][52.307s][info][gc,stats    ] Concurrent Weak Roots              7197 us
[2026-04-03T01:43:26.503+0600][52.308s][info][gc,stats    ]   Roots                            6477 us, parallelism: 2.75x
[2026-04-03T01:43:26.503+0600][52.308s][info][gc,stats    ]     CWR: <total>                  17783 us
[2026-04-03T01:43:26.503+0600][52.308s][info][gc,stats    ]     CWR: Code Cache Roots         13940 us, workers (us): 4490, 4696, 4755, ---, ---, ---, 
[2026-04-03T01:43:26.504+0600][52.308s][info][gc,stats    ]     CWR: VM Weak Roots             3540 us, workers (us): 1205, 1175, 1160, ---, ---, ---, 
[2026-04-03T01:43:26.504+0600][52.308s][info][gc,stats    ]     CWR: CLDG Roots                 303 us, workers (us): 303, ---, ---, ---, ---, ---, 
[2026-04-03T01:43:26.504+0600][52.308s][info][gc,stats    ]   Rendezvous                        528 us
[2026-04-03T01:43:26.504+0600][52.308s][info][gc,stats    ] Concurrent Cleanup                 1576 us
[2026-04-03T01:43:26.504+0600][52.308s][info][gc,stats    ] Concurrent Class Unloading        30570 us
[2026-04-03T01:43:26.504+0600][52.308s][info][gc,stats    ]   Unlink Stale                    21407 us
[2026-04-03T01:43:26.504+0600][52.308s][info][gc,stats    ]     System Dictionary               369 us
[2026-04-03T01:43:26.504+0600][52.308s][info][gc,stats    ]     Weak Class Links                  0 us
[2026-04-03T01:43:26.504+0600][52.308s][info][gc,stats    ]     Code Roots                    21032 us
[2026-04-03T01:43:26.504+0600][52.308s][info][gc,stats    ]   Rendezvous                       2298 us
[2026-04-03T01:43:26.504+0600][52.308s][info][gc,stats    ]   Purge Unlinked                   6690 us
[2026-04-03T01:43:26.504+0600][52.308s][info][gc,stats    ]     Code Roots                     6653 us
[2026-04-03T01:43:26.504+0600][52.308s][info][gc,stats    ]     CLDG                             35 us
[2026-04-03T01:43:26.504+0600][52.308s][info][gc,stats    ]     Exception Caches                  0 us
[2026-04-03T01:43:26.504+0600][52.308s][info][gc,stats    ] Concurrent Strong Roots            2513 us, parallelism: 0.69x
[2026-04-03T01:43:26.504+0600][52.308s][info][gc,stats    ]   CSR: <total>                     1740 us
[2026-04-03T01:43:26.504+0600][52.308s][info][gc,stats    ]   CSR: VM Strong Roots              139 us, workers (us): 137,   2,   0, ---, ---, ---, 
[2026-04-03T01:43:26.504+0600][52.308s][info][gc,stats    ]   CSR: CLDG Roots                  1601 us, workers (us): 1601, ---, ---, ---, ---, ---, 
[2026-04-03T01:43:26.504+0600][52.308s][info][gc,stats    ] Concurrent Evacuation             14370 us
[2026-04-03T01:43:26.504+0600][52.308s][info][gc,stats    ] Pause Init Update Refs (G)          601 us
[2026-04-03T01:43:26.504+0600][52.308s][info][gc,stats    ] Pause Init Update Refs (N)          193 us
[2026-04-03T01:43:26.504+0600][52.308s][info][gc,stats    ]   Manage GCLABs                      60 us
[2026-04-03T01:43:26.504+0600][52.308s][info][gc,stats    ] Concurrent Update Refs            64312 us
[2026-04-03T01:43:26.504+0600][52.308s][info][gc,stats    ] Concurrent Update Thread Roots     2094 us
[2026-04-03T01:43:26.504+0600][52.308s][info][gc,stats    ] Pause Final Update Refs (G)         431 us
[2026-04-03T01:43:26.504+0600][52.308s][info][gc,stats    ] Pause Final Update Refs (N)         285 us
[2026-04-03T01:43:26.504+0600][52.308s][info][gc,stats    ]   Update Region States               76 us
[2026-04-03T01:43:26.504+0600][52.308s][info][gc,stats    ]   Trash Collection Set               27 us
[2026-04-03T01:43:26.504+0600][52.308s][info][gc,stats    ]   Rebuild Free Set                   62 us
[2026-04-03T01:43:26.504+0600][52.308s][info][gc,stats    ] Concurrent Cleanup                  523 us
[2026-04-03T01:43:26.504+0600][52.308s][info][gc,stats    ] 
[2026-04-03T01:43:26.504+0600][52.308s][info][gc,stats    ] Allocation pacing accrued:
[2026-04-03T01:43:26.504+0600][52.308s][info][gc,stats    ]       0 of  2342 ms (  0.0%): <total>
[2026-04-03T01:43:26.504+0600][52.308s][info][gc,stats    ]       0 of  2342 ms (  0.0%): <average total>
[2026-04-03T01:43:26.504+0600][52.308s][info][gc,stats    ] 
[2026-04-03T01:43:26.504+0600][52.308s][info][gc,metaspace] Metaspace: 130770K(131904K)->130806K(131968K) NonClass: 114353K(114944K)->114389K(115008K) Class: 16417K(16960K)->16417K(16960K)
[2026-04-03T01:43:26.504+0600][52.308s][info][gc,ergo     ] Pacer for Idle. Initial: 80302K, Alloc Tax Rate: 1.0x
[2026-04-03T01:43:28.884+0600][54.688s][info][gc          ] Trigger: Explicit GC request (System.gc())
[2026-04-03T01:43:28.884+0600][54.688s][info][gc,ergo     ] Free: 1253M, Max: 1024K regular, 740M humongous, Frag: 41% external, 0% internal; Reserve: 197M, Max: 1024K
[2026-04-03T01:43:28.884+0600][54.688s][info][gc,start    ] GC(17) Concurrent reset
[2026-04-03T01:43:28.884+0600][54.688s][info][gc,task     ] GC(17) Using 3 of 6 workers for concurrent reset
[2026-04-03T01:43:28.884+0600][54.688s][info][gc,ergo     ] GC(17) Pacer for Reset. Non-Taxable: 3921M
[2026-04-03T01:43:28.889+0600][54.693s][info][gc          ] GC(17) Concurrent reset 4.925ms
[2026-04-03T01:43:28.889+0600][54.694s][info][gc,start    ] GC(17) Pause Init Mark (unload classes)
[2026-04-03T01:43:28.890+0600][54.694s][info][gc,task     ] GC(17) Using 6 of 6 workers for init marking
[2026-04-03T01:43:28.890+0600][54.694s][info][gc,ref      ] GC(17) Clearing All SoftReferences
[2026-04-03T01:43:28.890+0600][54.694s][info][gc,ergo     ] GC(17) Pacer for Mark. Expected Live: 102131K, Free: 1253M, Non-Taxable: 125M, Alloc Tax Rate: 0.1x
[2026-04-03T01:43:28.890+0600][54.694s][info][gc          ] GC(17) Pause Init Mark (unload classes) 0.361ms
[2026-04-03T01:43:28.890+0600][54.694s][info][gc,start    ] GC(17) Concurrent marking roots
[2026-04-03T01:43:28.890+0600][54.694s][info][gc,task     ] GC(17) Using 3 of 6 workers for concurrent marking roots
[2026-04-03T01:43:28.892+0600][54.696s][info][gc          ] GC(17) Concurrent marking roots 1.854ms
[2026-04-03T01:43:28.892+0600][54.696s][info][gc,start    ] GC(17) Concurrent marking (unload classes)
[2026-04-03T01:43:28.892+0600][54.696s][info][gc,task     ] GC(17) Using 3 of 6 workers for concurrent marking
[2026-04-03T01:43:28.952+0600][54.756s][info][gc          ] GC(17) Concurrent marking (unload classes) 59.614ms
[2026-04-03T01:43:28.952+0600][54.756s][info][gc,start    ] GC(17) Pause Final Mark (unload classes)
[2026-04-03T01:43:28.952+0600][54.756s][info][gc,task     ] GC(17) Using 6 of 6 workers for final marking
[2026-04-03T01:43:28.952+0600][54.756s][info][gc,ergo     ] GC(17) Adaptive CSet Selection. Target Free: 555M, Actual Free: 2872M, Max CSet: 163M, Min Garbage: 0B
[2026-04-03T01:43:28.953+0600][54.757s][info][gc,ergo     ] GC(17) Collectable Garbage: 2023M (99%), Immediate: 1426M (70%), CSet: 597M (29%)
[2026-04-03T01:43:28.953+0600][54.757s][info][gc,ergo     ] GC(17) Pacer for Evacuation. Used CSet: 613M, Free: 3027M, Non-Taxable: 302M, Alloc Tax Rate: 1.1x
[2026-04-03T01:43:28.953+0600][54.757s][info][gc          ] GC(17) Pause Final Mark (unload classes) 1.051ms
[2026-04-03T01:43:28.953+0600][54.757s][info][gc,start    ] GC(17) Concurrent thread roots
[2026-04-03T01:43:28.953+0600][54.757s][info][gc,task     ] GC(17) Using 3 of 6 workers for Concurrent thread roots
[2026-04-03T01:43:28.954+0600][54.758s][info][gc          ] GC(17) Concurrent thread roots 1.193ms
[2026-04-03T01:43:28.954+0600][54.758s][info][gc,start    ] GC(17) Concurrent weak references
[2026-04-03T01:43:28.954+0600][54.758s][info][gc,task     ] GC(17) Using 3 of 6 workers for concurrent weak references
[2026-04-03T01:43:28.956+0600][54.760s][info][gc,ref      ] GC(17) Encountered references: Soft: 3644, Weak: 17874, Final: 84, Phantom: 621
[2026-04-03T01:43:28.956+0600][54.760s][info][gc,ref      ] GC(17) Discovered  references: Soft: 1269, Weak: 6779, Final: 0, Phantom: 616
[2026-04-03T01:43:28.956+0600][54.760s][info][gc,ref      ] GC(17) Enqueued    references: Soft: 747, Weak: 3583, Final: 0, Phantom: 0
[2026-04-03T01:43:28.956+0600][54.760s][info][gc          ] GC(17) Concurrent weak references 1.454ms
[2026-04-03T01:43:28.956+0600][54.760s][info][gc,start    ] GC(17) Concurrent weak roots
[2026-04-03T01:43:28.956+0600][54.760s][info][gc,task     ] GC(17) Using 3 of 6 workers for concurrent weak root
[2026-04-03T01:43:28.960+0600][54.764s][info][gc          ] GC(17) Concurrent weak roots 4.668ms
[2026-04-03T01:43:28.960+0600][54.765s][info][gc,start    ] GC(17) Concurrent cleanup
[2026-04-03T01:43:28.962+0600][54.766s][info][gc          ] GC(17) Concurrent cleanup 2121M->696M(3586M) 1.327ms
[2026-04-03T01:43:28.962+0600][54.766s][info][gc,ergo     ] GC(17) Free: 3027M, Max: 1024K regular, 740M humongous, Frag: 76% external, 0% internal; Reserve: 195M, Max: 1024K
[2026-04-03T01:43:28.962+0600][54.766s][info][gc,start    ] GC(17) Concurrent class unloading
[2026-04-03T01:43:28.962+0600][54.766s][info][gc,task     ] GC(17) Using 3 of 6 workers for concurrent class unloading
[2026-04-03T01:43:29.039+0600][54.843s][info][gc          ] GC(17) Concurrent class unloading 77.092ms
[2026-04-03T01:43:29.039+0600][54.843s][info][gc,start    ] GC(17) Concurrent strong roots
[2026-04-03T01:43:29.039+0600][54.843s][info][gc,task     ] GC(17) Using 3 of 6 workers for concurrent strong root
[2026-04-03T01:43:29.041+0600][54.845s][info][gc          ] GC(17) Concurrent strong roots 1.816ms
[2026-04-03T01:43:29.041+0600][54.845s][info][gc,start    ] GC(17) Concurrent evacuation
[2026-04-03T01:43:29.041+0600][54.845s][info][gc,task     ] GC(17) Using 3 of 6 workers for concurrent evacuation
[2026-04-03T01:43:29.052+0600][54.856s][info][gc          ] GC(17) Concurrent evacuation 10.940ms
[2026-04-03T01:43:29.052+0600][54.856s][info][gc,start    ] GC(17) Pause Init Update Refs
[2026-04-03T01:43:29.052+0600][54.856s][info][gc,ergo     ] GC(17) Pacer for Update Refs. Used: 716M, Free: 3024M, Non-Taxable: 302M, Alloc Tax Rate: 1.1x
[2026-04-03T01:43:29.052+0600][54.856s][info][gc          ] GC(17) Pause Init Update Refs 0.212ms
[2026-04-03T01:43:29.053+0600][54.857s][info][gc,start    ] GC(17) Concurrent update references
[2026-04-03T01:43:29.053+0600][54.857s][info][gc,task     ] GC(17) Using 3 of 6 workers for concurrent reference update
[2026-04-03T01:43:29.091+0600][54.895s][info][gc          ] GC(17) Concurrent update references 38.284ms
[2026-04-03T01:43:29.091+0600][54.895s][info][gc,start    ] GC(17) Concurrent update thread roots
[2026-04-03T01:43:29.092+0600][54.896s][info][gc          ] GC(17) Concurrent update thread roots 1.402ms
[2026-04-03T01:43:29.093+0600][54.897s][info][gc,start    ] GC(17) Pause Final Update Refs
[2026-04-03T01:43:29.093+0600][54.897s][info][gc,task     ] GC(17) Using 6 of 6 workers for final reference update
[2026-04-03T01:43:29.093+0600][54.897s][info][gc          ] GC(17) Pause Final Update Refs 0.244ms
[2026-04-03T01:43:29.093+0600][54.897s][info][gc,start    ] GC(17) Concurrent cleanup
[2026-04-03T01:43:29.094+0600][54.898s][info][gc          ] GC(17) Concurrent cleanup 716M->103M(3586M) 0.893ms
[2026-04-03T01:43:29.094+0600][54.898s][info][gc,ergo     ] Free: 3619M, Max: 1024K regular, 1776M humongous, Frag: 51% external, 0% internal; Reserve: 197M, Max: 1024K
[2026-04-03T01:43:29.094+0600][54.898s][info][gc,stats    ] 
[2026-04-03T01:43:29.094+0600][54.898s][info][gc,stats    ] All times are wall-clock times, except per-root-class counters, that are sum over
[2026-04-03T01:43:29.094+0600][54.898s][info][gc,stats    ] all workers. Dividing the <total> over the root stage time estimates parallelism.
[2026-04-03T01:43:29.094+0600][54.898s][info][gc,stats    ] 
[2026-04-03T01:43:29.094+0600][54.898s][info][gc,stats    ] Concurrent Reset                   5025 us
[2026-04-03T01:43:29.094+0600][54.898s][info][gc,stats    ] Pause Init Mark (G)                 888 us
[2026-04-03T01:43:29.094+0600][54.898s][info][gc,stats    ] Pause Init Mark (N)                 383 us
[2026-04-03T01:43:29.094+0600][54.898s][info][gc,stats    ]   Update Region States              147 us
[2026-04-03T01:43:29.094+0600][54.898s][info][gc,stats    ] Concurrent Mark Roots              1901 us, parallelism: 1.82x
[2026-04-03T01:43:29.094+0600][54.898s][info][gc,stats    ]   CMR: <total>                     3452 us
[2026-04-03T01:43:29.094+0600][54.898s][info][gc,stats    ]   CMR: Thread Roots                2881 us, workers (us): 655, 1118, 1109, ---, ---, ---, 
[2026-04-03T01:43:29.094+0600][54.898s][info][gc,stats    ]   CMR: VM Strong Roots               57 us, workers (us):  53,   2,   2, ---, ---, ---, 
[2026-04-03T01:43:29.094+0600][54.898s][info][gc,stats    ]   CMR: CLDG Roots                   514 us, workers (us): 514, ---, ---, ---, ---, ---, 
[2026-04-03T01:43:29.094+0600][54.898s][info][gc,stats    ] Concurrent Marking                59696 us
[2026-04-03T01:43:29.094+0600][54.898s][info][gc,stats    ] Pause Final Mark (G)               1313 us
[2026-04-03T01:43:29.094+0600][54.898s][info][gc,stats    ] Pause Final Mark (N)               1066 us
[2026-04-03T01:43:29.094+0600][54.898s][info][gc,stats    ]   Finish Mark                       303 us
[2026-04-03T01:43:29.094+0600][54.898s][info][gc,stats    ]   Update Region States               58 us
[2026-04-03T01:43:29.094+0600][54.898s][info][gc,stats    ]   Choose Collection Set             318 us
[2026-04-03T01:43:29.094+0600][54.898s][info][gc,stats    ]   Rebuild Free Set                   77 us
[2026-04-03T01:43:29.094+0600][54.898s][info][gc,stats    ] Concurrent Thread Roots            1251 us, parallelism: 2.33x
[2026-04-03T01:43:29.094+0600][54.898s][info][gc,stats    ]   CTR: <total>                     2916 us
[2026-04-03T01:43:29.094+0600][54.898s][info][gc,stats    ]   CTR: Thread Roots                2916 us, workers (us): 981, 970, 964, ---, ---, ---, 
[2026-04-03T01:43:29.094+0600][54.898s][info][gc,stats    ] Concurrent Weak References         1512 us, parallelism: 1.48x
[2026-04-03T01:43:29.094+0600][54.898s][info][gc,stats    ]   CWRF: <total>                    2235 us
[2026-04-03T01:43:29.094+0600][54.898s][info][gc,stats    ]   CWRF: Weak References            2235 us, workers (us): 1154, 236, 845, ---, ---, ---, 
[2026-04-03T01:43:29.094+0600][54.898s][info][gc,stats    ] Concurrent Weak Roots              4755 us
[2026-04-03T01:43:29.094+0600][54.898s][info][gc,stats    ]   Roots                            4147 us, parallelism: 2.70x
[2026-04-03T01:43:29.094+0600][54.898s][info][gc,stats    ]     CWR: <total>                  11191 us
[2026-04-03T01:43:29.094+0600][54.898s][info][gc,stats    ]     CWR: Code Cache Roots          7389 us, workers (us): 2369, 2494, 2526, ---, ---, ---, 
[2026-04-03T01:43:29.094+0600][54.898s][info][gc,stats    ]     CWR: VM Weak Roots             3631 us, workers (us): 1214, 1230, 1188, ---, ---, ---, 
[2026-04-03T01:43:29.094+0600][54.898s][info][gc,stats    ]     CWR: CLDG Roots                 171 us, workers (us): 171, ---, ---, ---, ---, ---, 
[2026-04-03T01:43:29.094+0600][54.898s][info][gc,stats    ]   Rendezvous                        484 us
[2026-04-03T01:43:29.094+0600][54.898s][info][gc,stats    ] Concurrent Cleanup                 1353 us
[2026-04-03T01:43:29.094+0600][54.898s][info][gc,stats    ] Concurrent Class Unloading        77208 us
[2026-04-03T01:43:29.094+0600][54.898s][info][gc,stats    ]   Unlink Stale                    45348 us
[2026-04-03T01:43:29.094+0600][54.898s][info][gc,stats    ]     System Dictionary              1234 us
[2026-04-03T01:43:29.094+0600][54.898s][info][gc,stats    ]     Weak Class Links              24486 us
[2026-04-03T01:43:29.094+0600][54.898s][info][gc,stats    ]     Code Roots                    19622 us
[2026-04-03T01:43:29.094+0600][54.898s][info][gc,stats    ]   Rendezvous                        394 us
[2026-04-03T01:43:29.094+0600][54.898s][info][gc,stats    ]   Purge Unlinked                  31312 us
[2026-04-03T01:43:29.094+0600][54.898s][info][gc,stats    ]     Code Roots                    29343 us
[2026-04-03T01:43:29.094+0600][54.898s][info][gc,stats    ]     CLDG                           1965 us
[2026-04-03T01:43:29.094+0600][54.898s][info][gc,stats    ]     Exception Caches                  0 us
[2026-04-03T01:43:29.094+0600][54.898s][info][gc,stats    ] Concurrent Strong Roots            1890 us, parallelism: 0.81x
[2026-04-03T01:43:29.094+0600][54.898s][info][gc,stats    ]   CSR: <total>                     1538 us
[2026-04-03T01:43:29.094+0600][54.899s][info][gc,stats    ]   CSR: VM Strong Roots               88 us, workers (us):  34,  32,  23, ---, ---, ---, 
[2026-04-03T01:43:29.094+0600][54.899s][info][gc,stats    ]   CSR: CLDG Roots                  1449 us, workers (us): ---, ---, 1449, ---, ---, ---, 
[2026-04-03T01:43:29.094+0600][54.899s][info][gc,stats    ] Concurrent Evacuation             11032 us
[2026-04-03T01:43:29.094+0600][54.899s][info][gc,stats    ] Pause Init Update Refs (G)          502 us
[2026-04-03T01:43:29.094+0600][54.899s][info][gc,stats    ] Pause Init Update Refs (N)          231 us
[2026-04-03T01:43:29.094+0600][54.899s][info][gc,stats    ]   Manage GCLABs                      89 us
[2026-04-03T01:43:29.095+0600][54.899s][info][gc,stats    ] Concurrent Update Refs            38360 us
[2026-04-03T01:43:29.095+0600][54.899s][info][gc,stats    ] Concurrent Update Thread Roots     1470 us
[2026-04-03T01:43:29.095+0600][54.899s][info][gc,stats    ] Pause Final Update Refs (G)         662 us
[2026-04-03T01:43:29.095+0600][54.899s][info][gc,stats    ] Pause Final Update Refs (N)         298 us
[2026-04-03T01:43:29.095+0600][54.899s][info][gc,stats    ]   Update Region States               87 us
[2026-04-03T01:43:29.095+0600][54.899s][info][gc,stats    ]   Trash Collection Set               26 us
[2026-04-03T01:43:29.095+0600][54.899s][info][gc,stats    ]   Rebuild Free Set                   56 us
[2026-04-03T01:43:29.095+0600][54.899s][info][gc,stats    ] Concurrent Cleanup                  929 us
[2026-04-03T01:43:29.095+0600][54.899s][info][gc,stats    ] 
[2026-04-03T01:43:29.095+0600][54.899s][info][gc,stats    ] Allocation pacing accrued:
[2026-04-03T01:43:29.095+0600][54.899s][info][gc,stats    ]       0 of  2591 ms (  0.0%): <total>
[2026-04-03T01:43:29.095+0600][54.899s][info][gc,stats    ]       0 of  2591 ms (  0.0%): <average total>
[2026-04-03T01:43:29.095+0600][54.899s][info][gc,stats    ] 
[2026-04-03T01:43:29.095+0600][54.899s][info][gc,metaspace] Metaspace: 131235K(132608K)->129888K(132608K) NonClass: 114730K(115456K)->113612K(115456K) Class: 16505K(17152K)->16275K(17152K)
[2026-04-03T01:43:29.095+0600][54.899s][info][gc,ergo     ] Pacer for Idle. Initial: 80302K, Alloc Tax Rate: 1.0x
[2026-04-03T01:43:29.095+0600][54.899s][info][gc,start    ] Concurrent uncommit
[2026-04-03T01:43:29.446+0600][55.250s][info][gc          ] Concurrent uncommit 104M->179M(196M) 351.106ms
[2026-04-03T01:43:29.878+0600][55.682s][info][gc          ] Trigger: Learning 2 of 5. Free (2742M) is below initial threshold (2744M)
[2026-04-03T01:43:29.878+0600][55.682s][info][gc,ergo     ] Free: 2742M, Max: 1024K regular, 1432M humongous, Frag: 48% external, 0% internal; Reserve: 197M, Max: 1024K
[2026-04-03T01:43:29.878+0600][55.682s][info][gc,start    ] GC(18) Concurrent reset
[2026-04-03T01:43:29.878+0600][55.682s][info][gc,task     ] GC(18) Using 3 of 6 workers for concurrent reset
[2026-04-03T01:43:29.878+0600][55.682s][info][gc,ergo     ] GC(18) Pacer for Reset. Non-Taxable: 3921M
[2026-04-03T01:43:29.884+0600][55.688s][info][gc          ] GC(18) Concurrent reset 5.986ms
[2026-04-03T01:43:29.884+0600][55.688s][info][gc,start    ] GC(18) Pause Init Mark (unload classes)
[2026-04-03T01:43:29.884+0600][55.689s][info][gc,task     ] GC(18) Using 6 of 6 workers for init marking
[2026-04-03T01:43:29.885+0600][55.689s][info][gc,ergo     ] GC(18) Pacer for Mark. Expected Live: 97810K, Free: 2737M, Non-Taxable: 273M, Alloc Tax Rate: 0.0x
[2026-04-03T01:43:29.885+0600][55.689s][info][gc          ] GC(18) Pause Init Mark (unload classes) 0.171ms
[2026-04-03T01:43:29.885+0600][55.689s][info][gc,start    ] GC(18) Concurrent marking roots
[2026-04-03T01:43:29.885+0600][55.689s][info][gc,task     ] GC(18) Using 3 of 6 workers for concurrent marking roots
[2026-04-03T01:43:29.888+0600][55.692s][info][gc          ] GC(18) Concurrent marking roots 3.470ms
[2026-04-03T01:43:29.888+0600][55.692s][info][gc,start    ] GC(18) Concurrent marking (unload classes)
[2026-04-03T01:43:29.888+0600][55.692s][info][gc,task     ] GC(18) Using 3 of 6 workers for concurrent marking
[2026-04-03T01:43:29.948+0600][55.752s][info][gc          ] GC(18) Concurrent marking (unload classes) 59.506ms
[2026-04-03T01:43:29.948+0600][55.752s][info][gc,start    ] GC(18) Pause Final Mark (unload classes)
[2026-04-03T01:43:29.948+0600][55.752s][info][gc,task     ] GC(18) Using 6 of 6 workers for final marking
[2026-04-03T01:43:29.949+0600][55.753s][info][gc,ergo     ] GC(18) Adaptive CSet Selection. Target Free: 555M, Actual Free: 3498M, Max CSet: 163M, Min Garbage: 0B
[2026-04-03T01:43:29.949+0600][55.753s][info][gc,ergo     ] GC(18) Collectable Garbage: 730M (98%), Immediate: 617M (83%), CSet: 113M (15%)
[2026-04-03T01:43:29.949+0600][55.753s][info][gc,ergo     ] GC(18) Pacer for Evacuation. Used CSet: 125M, Free: 3462M, Non-Taxable: 346M, Alloc Tax Rate: 1.1x
[2026-04-03T01:43:29.949+0600][55.753s][info][gc          ] GC(18) Pause Final Mark (unload classes) 0.832ms
[2026-04-03T01:43:29.949+0600][55.753s][info][gc,start    ] GC(18) Concurrent thread roots
[2026-04-03T01:43:29.949+0600][55.753s][info][gc,task     ] GC(18) Using 3 of 6 workers for Concurrent thread roots
[2026-04-03T01:43:29.950+0600][55.754s][info][gc          ] GC(18) Concurrent thread roots 1.233ms
[2026-04-03T01:43:29.950+0600][55.754s][info][gc,start    ] GC(18) Concurrent weak references
[2026-04-03T01:43:29.950+0600][55.754s][info][gc,task     ] GC(18) Using 3 of 6 workers for concurrent weak references
[2026-04-03T01:43:29.951+0600][55.755s][info][gc,ref      ] GC(18) Encountered references: Soft: 3623, Weak: 15083, Final: 84, Phantom: 621
[2026-04-03T01:43:29.951+0600][55.755s][info][gc,ref      ] GC(18) Discovered  references: Soft: 0, Weak: 7597, Final: 0, Phantom: 616
[2026-04-03T01:43:29.951+0600][55.755s][info][gc,ref      ] GC(18) Enqueued    references: Soft: 0, Weak: 605, Final: 0, Phantom: 0
[2026-04-03T01:43:29.951+0600][55.755s][info][gc          ] GC(18) Concurrent weak references 1.199ms
[2026-04-03T01:43:29.951+0600][55.755s][info][gc,start    ] GC(18) Concurrent weak roots
[2026-04-03T01:43:29.951+0600][55.755s][info][gc,task     ] GC(18) Using 3 of 6 workers for concurrent weak root
[2026-04-03T01:43:29.957+0600][55.761s][info][gc          ] GC(18) Concurrent weak roots 5.490ms
[2026-04-03T01:43:29.957+0600][55.761s][info][gc,start    ] GC(18) Concurrent cleanup
[2026-04-03T01:43:29.958+0600][55.762s][info][gc          ] GC(18) Concurrent cleanup 873M->256M(1046M) 0.992ms
[2026-04-03T01:43:29.958+0600][55.762s][info][gc,ergo     ] GC(18) Free: 3459M, Max: 1024K regular, 1374M humongous, Frag: 61% external, 0% internal; Reserve: 195M, Max: 1024K
[2026-04-03T01:43:29.958+0600][55.762s][info][gc,start    ] GC(18) Concurrent class unloading
[2026-04-03T01:43:29.958+0600][55.762s][info][gc,task     ] GC(18) Using 3 of 6 workers for concurrent class unloading
[2026-04-03T01:43:30.001+0600][55.806s][info][gc          ] GC(18) Concurrent class unloading 43.330ms
[2026-04-03T01:43:30.002+0600][55.806s][info][gc,start    ] GC(18) Concurrent strong roots
[2026-04-03T01:43:30.002+0600][55.806s][info][gc,task     ] GC(18) Using 3 of 6 workers for concurrent strong root
[2026-04-03T01:43:30.004+0600][55.808s][info][gc          ] GC(18) Concurrent strong roots 1.969ms
[2026-04-03T01:43:30.004+0600][55.808s][info][gc,start    ] GC(18) Concurrent evacuation
[2026-04-03T01:43:30.004+0600][55.808s][info][gc,task     ] GC(18) Using 3 of 6 workers for concurrent evacuation
[2026-04-03T01:43:30.015+0600][55.819s][info][gc          ] GC(18) Concurrent evacuation 11.341ms
[2026-04-03T01:43:30.015+0600][55.820s][info][gc,start    ] GC(18) Pause Init Update Refs
[2026-04-03T01:43:30.016+0600][55.820s][info][gc,ergo     ] GC(18) Pacer for Update Refs. Used: 288M, Free: 3440M, Non-Taxable: 344M, Alloc Tax Rate: 1.1x
[2026-04-03T01:43:30.016+0600][55.820s][info][gc          ] GC(18) Pause Init Update Refs 0.133ms
[2026-04-03T01:43:30.016+0600][55.820s][info][gc,start    ] GC(18) Concurrent update references
[2026-04-03T01:43:30.016+0600][55.820s][info][gc,task     ] GC(18) Using 3 of 6 workers for concurrent reference update
[2026-04-03T01:43:30.076+0600][55.880s][info][gc          ] GC(18) Concurrent update references 59.555ms
[2026-04-03T01:43:30.076+0600][55.880s][info][gc,start    ] GC(18) Concurrent update thread roots
[2026-04-03T01:43:30.078+0600][55.882s][info][gc          ] GC(18) Concurrent update thread roots 1.914ms
[2026-04-03T01:43:30.078+0600][55.882s][info][gc,start    ] GC(18) Pause Final Update Refs
[2026-04-03T01:43:30.078+0600][55.882s][info][gc,task     ] GC(18) Using 6 of 6 workers for final reference update
[2026-04-03T01:43:30.078+0600][55.883s][info][gc          ] GC(18) Pause Final Update Refs 0.231ms
[2026-04-03T01:43:30.079+0600][55.883s][info][gc,start    ] GC(18) Concurrent cleanup
[2026-04-03T01:43:30.079+0600][55.883s][info][gc          ] GC(18) Concurrent cleanup 322M->198M(1059M) 0.311ms
[2026-04-03T01:43:30.079+0600][55.883s][info][gc,ergo     ] Free: 3502M, Max: 1024K regular, 1374M humongous, Frag: 61% external, 0% internal; Reserve: 197M, Max: 1024K
[2026-04-03T01:43:30.079+0600][55.883s][info][gc,stats    ] 
[2026-04-03T01:43:30.079+0600][55.883s][info][gc,stats    ] All times are wall-clock times, except per-root-class counters, that are sum over
[2026-04-03T01:43:30.079+0600][55.883s][info][gc,stats    ] all workers. Dividing the <total> over the root stage time estimates parallelism.
[2026-04-03T01:43:30.079+0600][55.883s][info][gc,stats    ] 
[2026-04-03T01:43:30.079+0600][55.883s][info][gc,stats    ] Concurrent Reset                   6098 us
[2026-04-03T01:43:30.079+0600][55.883s][info][gc,stats    ] Pause Init Mark (G)                 638 us
[2026-04-03T01:43:30.079+0600][55.883s][info][gc,stats    ] Pause Init Mark (N)                 182 us
[2026-04-03T01:43:30.079+0600][55.883s][info][gc,stats    ]   Update Region States               45 us
[2026-04-03T01:43:30.079+0600][55.883s][info][gc,stats    ] Concurrent Mark Roots              3565 us, parallelism: 1.99x
[2026-04-03T01:43:30.079+0600][55.883s][info][gc,stats    ]   CMR: <total>                     7109 us
[2026-04-03T01:43:30.079+0600][55.883s][info][gc,stats    ]   CMR: Thread Roots                6561 us, workers (us): 2424, 2298, 1838, ---, ---, ---, 
[2026-04-03T01:43:30.079+0600][55.883s][info][gc,stats    ]   CMR: VM Strong Roots               88 us, workers (us):  85,   3,   0, ---, ---, ---, 
[2026-04-03T01:43:30.079+0600][55.883s][info][gc,stats    ]   CMR: CLDG Roots                   460 us, workers (us): 460, ---, ---, ---, ---, ---, 
[2026-04-03T01:43:30.079+0600][55.883s][info][gc,stats    ] Concurrent Marking                59627 us
[2026-04-03T01:43:30.079+0600][55.883s][info][gc,stats    ] Pause Final Mark (G)               1040 us
[2026-04-03T01:43:30.079+0600][55.883s][info][gc,stats    ] Pause Final Mark (N)                844 us
[2026-04-03T01:43:30.079+0600][55.883s][info][gc,stats    ]   Finish Mark                       334 us
[2026-04-03T01:43:30.079+0600][55.883s][info][gc,stats    ]   Update Region States               63 us
[2026-04-03T01:43:30.079+0600][55.884s][info][gc,stats    ]   Choose Collection Set             207 us
[2026-04-03T01:43:30.079+0600][55.884s][info][gc,stats    ]   Rebuild Free Set                   60 us
[2026-04-03T01:43:30.079+0600][55.884s][info][gc,stats    ] Concurrent Thread Roots            1285 us, parallelism: 2.28x
[2026-04-03T01:43:30.080+0600][55.884s][info][gc,stats    ]   CTR: <total>                     2930 us
[2026-04-03T01:43:30.080+0600][55.884s][info][gc,stats    ]   CTR: Thread Roots                2930 us, workers (us): 1051, 948, 930, ---, ---, ---, 
[2026-04-03T01:43:30.080+0600][55.884s][info][gc,stats    ] Concurrent Weak References         1211 us, parallelism: 1.12x
[2026-04-03T01:43:30.080+0600][55.884s][info][gc,stats    ]   CWRF: <total>                    1356 us
[2026-04-03T01:43:30.080+0600][55.884s][info][gc,stats    ]   CWRF: Weak References            1356 us, workers (us): 140, 202, 1014, ---, ---, ---, 
[2026-04-03T01:43:30.080+0600][55.884s][info][gc,stats    ] Concurrent Weak Roots              5591 us
[2026-04-03T01:43:30.080+0600][55.884s][info][gc,stats    ]   Roots                            5071 us, parallelism: 2.74x
[2026-04-03T01:43:30.080+0600][55.884s][info][gc,stats    ]     CWR: <total>                  13913 us
[2026-04-03T01:43:30.080+0600][55.884s][info][gc,stats    ]     CWR: Code Cache Roots          9778 us, workers (us): 3045, 3390, 3343, ---, ---, ---, 
[2026-04-03T01:43:30.080+0600][55.884s][info][gc,stats    ]     CWR: VM Weak Roots             3920 us, workers (us): 1306, 1331, 1283, ---, ---, ---, 
[2026-04-03T01:43:30.080+0600][55.884s][info][gc,stats    ]     CWR: CLDG Roots                 215 us, workers (us): 215, ---, ---, ---, ---, ---, 
[2026-04-03T01:43:30.080+0600][55.884s][info][gc,stats    ]   Rendezvous                        387 us
[2026-04-03T01:43:30.080+0600][55.884s][info][gc,stats    ] Concurrent Cleanup                 1038 us
[2026-04-03T01:43:30.080+0600][55.884s][info][gc,stats    ] Concurrent Class Unloading        43409 us
[2026-04-03T01:43:30.080+0600][55.884s][info][gc,stats    ]   Unlink Stale                    38448 us
[2026-04-03T01:43:30.080+0600][55.884s][info][gc,stats    ]     System Dictionary               504 us
[2026-04-03T01:43:30.080+0600][55.884s][info][gc,stats    ]     Weak Class Links              20571 us
[2026-04-03T01:43:30.080+0600][55.884s][info][gc,stats    ]     Code Roots                    17368 us
[2026-04-03T01:43:30.080+0600][55.884s][info][gc,stats    ]   Rendezvous                        422 us
[2026-04-03T01:43:30.080+0600][55.884s][info][gc,stats    ]   Purge Unlinked                   4422 us
[2026-04-03T01:43:30.080+0600][55.884s][info][gc,stats    ]     Code Roots                     4392 us
[2026-04-03T01:43:30.080+0600][55.884s][info][gc,stats    ]     CLDG                             29 us
[2026-04-03T01:43:30.080+0600][55.884s][info][gc,stats    ]     Exception Caches                  0 us
[2026-04-03T01:43:30.080+0600][55.884s][info][gc,stats    ] Concurrent Strong Roots            2026 us, parallelism: 0.76x
[2026-04-03T01:43:30.080+0600][55.884s][info][gc,stats    ]   CSR: <total>                     1530 us
[2026-04-03T01:43:30.080+0600][55.884s][info][gc,stats    ]   CSR: VM Strong Roots              100 us, workers (us):  35,  35,  30, ---, ---, ---, 
[2026-04-03T01:43:30.080+0600][55.884s][info][gc,stats    ]   CSR: CLDG Roots                  1430 us, workers (us): ---, 1430, ---, ---, ---, ---, 
[2026-04-03T01:43:30.080+0600][55.884s][info][gc,stats    ] Concurrent Evacuation             11466 us
[2026-04-03T01:43:30.080+0600][55.884s][info][gc,stats    ] Pause Init Update Refs (G)          890 us
[2026-04-03T01:43:30.080+0600][55.884s][info][gc,stats    ] Pause Init Update Refs (N)          146 us
[2026-04-03T01:43:30.080+0600][55.884s][info][gc,stats    ]   Manage GCLABs                      33 us
[2026-04-03T01:43:30.080+0600][55.884s][info][gc,stats    ] Concurrent Update Refs            59664 us
[2026-04-03T01:43:30.080+0600][55.884s][info][gc,stats    ] Concurrent Update Thread Roots     2008 us
[2026-04-03T01:43:30.080+0600][55.884s][info][gc,stats    ] Pause Final Update Refs (G)        1137 us
[2026-04-03T01:43:30.080+0600][55.884s][info][gc,stats    ] Pause Final Update Refs (N)         249 us
[2026-04-03T01:43:30.080+0600][55.884s][info][gc,stats    ]   Update Region States               76 us
[2026-04-03T01:43:30.080+0600][55.884s][info][gc,stats    ]   Trash Collection Set               15 us
[2026-04-03T01:43:30.080+0600][55.884s][info][gc,stats    ]   Rebuild Free Set                   47 us
[2026-04-03T01:43:30.080+0600][55.884s][info][gc,stats    ] Concurrent Cleanup                  339 us
[2026-04-03T01:43:30.080+0600][55.884s][info][gc,stats    ] Pacing                            31820 us
[2026-04-03T01:43:30.080+0600][55.884s][info][gc,stats    ] 
[2026-04-03T01:43:30.080+0600][55.884s][info][gc,stats    ] Allocation pacing accrued:
[2026-04-03T01:43:30.080+0600][55.884s][info][gc,stats    ]      10 of   985 ms (  1.0%): dispatcher-event-loop-4
[2026-04-03T01:43:30.080+0600][55.884s][info][gc,stats    ]      11 of   985 ms (  1.1%): dag-scheduler-event-loop
[2026-04-03T01:43:30.080+0600][55.884s][info][gc,stats    ]      11 of   985 ms (  1.1%): Executor task launch worker for task 3.0 in stage 1590.0 (TID 2894)
[2026-04-03T01:43:30.080+0600][55.884s][info][gc,stats    ]      32 of   985 ms (  3.2%): <total>
[2026-04-03T01:43:30.080+0600][55.884s][info][gc,stats    ]       0 of   985 ms (  0.0%): <average total>
[2026-04-03T01:43:30.080+0600][55.884s][info][gc,stats    ]      11 of   985 ms (  1.1%): <average non-zero>
[2026-04-03T01:43:30.080+0600][55.884s][info][gc,stats    ] 
[2026-04-03T01:43:30.080+0600][55.884s][info][gc,metaspace] Metaspace: 130573K(132608K)->130651K(132608K) NonClass: 114194K(115456K)->114259K(115456K) Class: 16379K(17152K)->16392K(17152K)
[2026-04-03T01:43:30.080+0600][55.884s][info][gc,ergo     ] Pacer for Idle. Initial: 80302K, Alloc Tax Rate: 1.0x
[2026-04-03T01:43:31.185+0600][56.989s][info][gc          ] Trigger: Learning 3 of 5. Free (2744M) is below initial threshold (2744M)
[2026-04-03T01:43:31.185+0600][56.989s][info][gc,ergo     ] Free: 2744M, Max: 1024K regular, 1374M humongous, Frag: 50% external, 0% internal; Reserve: 197M, Max: 1024K
[2026-04-03T01:43:31.185+0600][56.989s][info][gc,start    ] GC(19) Concurrent reset
[2026-04-03T01:43:31.185+0600][56.989s][info][gc,task     ] GC(19) Using 3 of 6 workers for concurrent reset
[2026-04-03T01:43:31.185+0600][56.989s][info][gc,ergo     ] GC(19) Pacer for Reset. Non-Taxable: 3921M
[2026-04-03T01:43:31.192+0600][56.996s][info][gc          ] GC(19) Concurrent reset 6.834ms
[2026-04-03T01:43:31.192+0600][56.996s][info][gc,start    ] GC(19) Pause Init Mark (unload classes)
[2026-04-03T01:43:31.192+0600][56.996s][info][gc,task     ] GC(19) Using 6 of 6 workers for init marking
[2026-04-03T01:43:31.192+0600][56.996s][info][gc,ergo     ] GC(19) Pacer for Mark. Expected Live: 97698K, Free: 2730M, Non-Taxable: 273M, Alloc Tax Rate: 0.0x
[2026-04-03T01:43:31.192+0600][56.996s][info][gc          ] GC(19) Pause Init Mark (unload classes) 0.169ms
[2026-04-03T01:43:31.192+0600][56.996s][info][gc,start    ] GC(19) Concurrent marking roots
[2026-04-03T01:43:31.192+0600][56.996s][info][gc,task     ] GC(19) Using 3 of 6 workers for concurrent marking roots
[2026-04-03T01:43:31.195+0600][56.999s][info][gc          ] GC(19) Concurrent marking roots 2.864ms
[2026-04-03T01:43:31.195+0600][56.999s][info][gc,start    ] GC(19) Concurrent marking (unload classes)
[2026-04-03T01:43:31.195+0600][56.999s][info][gc,task     ] GC(19) Using 3 of 6 workers for concurrent marking
[2026-04-03T01:43:31.262+0600][57.066s][info][gc          ] GC(19) Concurrent marking (unload classes) 66.292ms
[2026-04-03T01:43:31.262+0600][57.066s][info][gc,start    ] GC(19) Pause Final Mark (unload classes)
[2026-04-03T01:43:31.262+0600][57.066s][info][gc,task     ] GC(19) Using 6 of 6 workers for final marking
[2026-04-03T01:43:31.262+0600][57.066s][info][gc,ergo     ] GC(19) Adaptive CSet Selection. Target Free: 555M, Actual Free: 3290M, Max CSet: 163M, Min Garbage: 0B
[2026-04-03T01:43:31.263+0600][57.067s][info][gc,ergo     ] GC(19) Collectable Garbage: 751M (98%), Immediate: 413M (54%), CSet: 338M (44%)
[2026-04-03T01:43:31.263+0600][57.067s][info][gc,ergo     ] GC(19) Pacer for Evacuation. Used CSet: 346M, Free: 3239M, Non-Taxable: 323M, Alloc Tax Rate: 1.1x
[2026-04-03T01:43:31.263+0600][57.067s][info][gc          ] GC(19) Pause Final Mark (unload classes) 0.715ms
[2026-04-03T01:43:31.263+0600][57.067s][info][gc,start    ] GC(19) Concurrent thread roots
[2026-04-03T01:43:31.263+0600][57.067s][info][gc,task     ] GC(19) Using 3 of 6 workers for Concurrent thread roots
[2026-04-03T01:43:31.265+0600][57.069s][info][gc          ] GC(19) Concurrent thread roots 2.104ms
[2026-04-03T01:43:31.265+0600][57.069s][info][gc,start    ] GC(19) Concurrent weak references
[2026-04-03T01:43:31.265+0600][57.069s][info][gc,task     ] GC(19) Using 3 of 6 workers for concurrent weak references
[2026-04-03T01:43:31.266+0600][57.070s][info][gc,ref      ] GC(19) Encountered references: Soft: 3709, Weak: 15756, Final: 84, Phantom: 621
[2026-04-03T01:43:31.266+0600][57.070s][info][gc,ref      ] GC(19) Discovered  references: Soft: 0, Weak: 8496, Final: 0, Phantom: 595
[2026-04-03T01:43:31.266+0600][57.070s][info][gc,ref      ] GC(19) Enqueued    references: Soft: 0, Weak: 429, Final: 0, Phantom: 0
[2026-04-03T01:43:31.266+0600][57.070s][info][gc          ] GC(19) Concurrent weak references 0.913ms
[2026-04-03T01:43:31.266+0600][57.070s][info][gc,start    ] GC(19) Concurrent weak roots
[2026-04-03T01:43:31.266+0600][57.070s][info][gc,task     ] GC(19) Using 3 of 6 workers for concurrent weak root
[2026-04-03T01:43:31.272+0600][57.076s][info][gc          ] GC(19) Concurrent weak roots 6.028ms
[2026-04-03T01:43:31.272+0600][57.076s][info][gc,start    ] GC(19) Concurrent cleanup
[2026-04-03T01:43:31.273+0600][57.077s][info][gc          ] GC(19) Concurrent cleanup 897M->484M(1070M) 0.620ms
[2026-04-03T01:43:31.273+0600][57.077s][info][gc,ergo     ] GC(19) Free: 3229M, Max: 1024K regular, 1363M humongous, Frag: 58% external, 0% internal; Reserve: 196M, Max: 1024K
[2026-04-03T01:43:31.273+0600][57.077s][info][gc,start    ] GC(19) Concurrent class unloading
[2026-04-03T01:43:31.273+0600][57.077s][info][gc,task     ] GC(19) Using 3 of 6 workers for concurrent class unloading
[2026-04-03T01:43:31.332+0600][57.136s][info][gc          ] GC(19) Concurrent class unloading 58.747ms
[2026-04-03T01:43:31.332+0600][57.136s][info][gc,start    ] GC(19) Concurrent strong roots
[2026-04-03T01:43:31.332+0600][57.136s][info][gc,task     ] GC(19) Using 3 of 6 workers for concurrent strong root
[2026-04-03T01:43:31.333+0600][57.137s][info][gc          ] GC(19) Concurrent strong roots 1.708ms
[2026-04-03T01:43:31.333+0600][57.137s][info][gc,start    ] GC(19) Concurrent evacuation
[2026-04-03T01:43:31.333+0600][57.137s][info][gc,task     ] GC(19) Using 3 of 6 workers for concurrent evacuation
[2026-04-03T01:43:31.341+0600][57.145s][info][gc          ] GC(19) Concurrent evacuation 7.347ms
[2026-04-03T01:43:31.342+0600][57.146s][info][gc,start    ] GC(19) Pause Init Update Refs
[2026-04-03T01:43:31.342+0600][57.146s][info][gc,ergo     ] GC(19) Pacer for Update Refs. Used: 519M, Free: 3198M, Non-Taxable: 319M, Alloc Tax Rate: 1.1x
[2026-04-03T01:43:31.342+0600][57.146s][info][gc          ] GC(19) Pause Init Update Refs 0.189ms
[2026-04-03T01:43:31.346+0600][57.150s][info][gc,start    ] GC(19) Concurrent update references
[2026-04-03T01:43:31.346+0600][57.150s][info][gc,task     ] GC(19) Using 3 of 6 workers for concurrent reference update
[2026-04-03T01:43:31.407+0600][57.211s][info][gc          ] GC(19) Concurrent update references 61.153ms
[2026-04-03T01:43:31.407+0600][57.211s][info][gc,start    ] GC(19) Concurrent update thread roots
[2026-04-03T01:43:31.412+0600][57.216s][info][gc          ] GC(19) Concurrent update thread roots 5.106ms
[2026-04-03T01:43:31.414+0600][57.218s][info][gc,start    ] GC(19) Pause Final Update Refs
[2026-04-03T01:43:31.414+0600][57.218s][info][gc,task     ] GC(19) Using 6 of 6 workers for final reference update
[2026-04-03T01:43:31.415+0600][57.219s][info][gc          ] GC(19) Pause Final Update Refs 0.341ms
[2026-04-03T01:43:31.415+0600][57.219s][info][gc,start    ] GC(19) Concurrent cleanup
[2026-04-03T01:43:31.416+0600][57.220s][info][gc          ] GC(19) Concurrent cleanup 552M->206M(1071M) 0.956ms
[2026-04-03T01:43:31.416+0600][57.220s][info][gc,ergo     ] Free: 3493M, Max: 1024K regular, 1363M humongous, Frag: 61% external, 0% internal; Reserve: 197M, Max: 1024K
[2026-04-03T01:43:31.416+0600][57.220s][info][gc,stats    ] 
[2026-04-03T01:43:31.416+0600][57.220s][info][gc,stats    ] All times are wall-clock times, except per-root-class counters, that are sum over
[2026-04-03T01:43:31.416+0600][57.220s][info][gc,stats    ] all workers. Dividing the <total> over the root stage time estimates parallelism.
[2026-04-03T01:43:31.416+0600][57.220s][info][gc,stats    ] 
[2026-04-03T01:43:31.416+0600][57.220s][info][gc,stats    ] Concurrent Reset                   6941 us
[2026-04-03T01:43:31.416+0600][57.220s][info][gc,stats    ] Pause Init Mark (G)                 381 us
[2026-04-03T01:43:31.416+0600][57.220s][info][gc,stats    ] Pause Init Mark (N)                 180 us
[2026-04-03T01:43:31.416+0600][57.220s][info][gc,stats    ]   Update Region States               62 us
[2026-04-03T01:43:31.416+0600][57.220s][info][gc,stats    ] Concurrent Mark Roots              2967 us, parallelism: 1.41x
[2026-04-03T01:43:31.416+0600][57.220s][info][gc,stats    ]   CMR: <total>                     4181 us
[2026-04-03T01:43:31.416+0600][57.220s][info][gc,stats    ]   CMR: Thread Roots                3657 us, workers (us): 1771, 1392, 494, ---, ---, ---, 
[2026-04-03T01:43:31.416+0600][57.220s][info][gc,stats    ]   CMR: VM Strong Roots               66 us, workers (us):  64,   1,   1, ---, ---, ---, 
[2026-04-03T01:43:31.416+0600][57.220s][info][gc,stats    ]   CMR: CLDG Roots                   458 us, workers (us): 458, ---, ---, ---, ---, ---, 
[2026-04-03T01:43:31.416+0600][57.220s][info][gc,stats    ] Concurrent Marking                66442 us
[2026-04-03T01:43:31.416+0600][57.220s][info][gc,stats    ] Pause Final Mark (G)                935 us
[2026-04-03T01:43:31.416+0600][57.220s][info][gc,stats    ] Pause Final Mark (N)                734 us
[2026-04-03T01:43:31.416+0600][57.221s][info][gc,stats    ]   Finish Mark                       241 us
[2026-04-03T01:43:31.416+0600][57.221s][info][gc,stats    ]   Update Region States               69 us
[2026-04-03T01:43:31.416+0600][57.221s][info][gc,stats    ]   Choose Collection Set             208 us
[2026-04-03T01:43:31.417+0600][57.221s][info][gc,stats    ]   Rebuild Free Set                   51 us
[2026-04-03T01:43:31.417+0600][57.221s][info][gc,stats    ] Concurrent Thread Roots            2180 us, parallelism: 2.34x
[2026-04-03T01:43:31.417+0600][57.221s][info][gc,stats    ]   CTR: <total>                     5093 us
[2026-04-03T01:43:31.417+0600][57.221s][info][gc,stats    ]   CTR: Thread Roots                5093 us, workers (us): 1957, 1597, 1538, ---, ---, ---, 
[2026-04-03T01:43:31.417+0600][57.221s][info][gc,stats    ] Concurrent Weak References          928 us, parallelism: 1.14x
[2026-04-03T01:43:31.417+0600][57.221s][info][gc,stats    ]   CWRF: <total>                    1057 us
[2026-04-03T01:43:31.417+0600][57.221s][info][gc,stats    ]   CWRF: Weak References            1057 us, workers (us): 124, 218, 715, ---, ---, ---, 
[2026-04-03T01:43:31.417+0600][57.221s][info][gc,stats    ] Concurrent Weak Roots              6114 us
[2026-04-03T01:43:31.417+0600][57.221s][info][gc,stats    ]   Roots                            5571 us, parallelism: 2.71x
[2026-04-03T01:43:31.417+0600][57.221s][info][gc,stats    ]     CWR: <total>                  15110 us
[2026-04-03T01:43:31.417+0600][57.221s][info][gc,stats    ]     CWR: Code Cache Roots         11528 us, workers (us): 3839, 3771, 3919, ---, ---, ---, 
[2026-04-03T01:43:31.417+0600][57.221s][info][gc,stats    ]     CWR: VM Weak Roots             3307 us, workers (us): 1153, 1126, 1029, ---, ---, ---, 
[2026-04-03T01:43:31.417+0600][57.221s][info][gc,stats    ]     CWR: CLDG Roots                 274 us, workers (us): ---, 274, ---, ---, ---, ---, 
[2026-04-03T01:43:31.417+0600][57.221s][info][gc,stats    ]   Rendezvous                        428 us
[2026-04-03T01:43:31.417+0600][57.221s][info][gc,stats    ] Concurrent Cleanup                  670 us
[2026-04-03T01:43:31.417+0600][57.221s][info][gc,stats    ] Concurrent Class Unloading        58887 us
[2026-04-03T01:43:31.417+0600][57.221s][info][gc,stats    ]   Unlink Stale                    49538 us
[2026-04-03T01:43:31.417+0600][57.221s][info][gc,stats    ]     System Dictionary               712 us
[2026-04-03T01:43:31.417+0600][57.221s][info][gc,stats    ]     Weak Class Links              28786 us
[2026-04-03T01:43:31.417+0600][57.221s][info][gc,stats    ]     Code Roots                    20032 us
[2026-04-03T01:43:31.417+0600][57.221s][info][gc,stats    ]   Rendezvous                       2260 us
[2026-04-03T01:43:31.417+0600][57.221s][info][gc,stats    ]   Purge Unlinked                   6895 us
[2026-04-03T01:43:31.417+0600][57.221s][info][gc,stats    ]     Code Roots                     6800 us
[2026-04-03T01:43:31.417+0600][57.221s][info][gc,stats    ]     CLDG                             94 us
[2026-04-03T01:43:31.417+0600][57.221s][info][gc,stats    ]     Exception Caches                  1 us
[2026-04-03T01:43:31.417+0600][57.221s][info][gc,stats    ] Concurrent Strong Roots            1764 us, parallelism: 0.70x
[2026-04-03T01:43:31.417+0600][57.221s][info][gc,stats    ]   CSR: <total>                     1236 us
[2026-04-03T01:43:31.417+0600][57.221s][info][gc,stats    ]   CSR: VM Strong Roots               71 us, workers (us):  69,   1,   0, ---, ---, ---, 
[2026-04-03T01:43:31.417+0600][57.221s][info][gc,stats    ]   CSR: CLDG Roots                  1165 us, workers (us): 1165, ---, ---, ---, ---, ---, 
[2026-04-03T01:43:31.417+0600][57.221s][info][gc,stats    ] Concurrent Evacuation              7447 us
[2026-04-03T01:43:31.417+0600][57.221s][info][gc,stats    ] Pause Init Update Refs (G)         4916 us
[2026-04-03T01:43:31.417+0600][57.221s][info][gc,stats    ] Pause Init Update Refs (N)          204 us
[2026-04-03T01:43:31.417+0600][57.221s][info][gc,stats    ]   Manage GCLABs                      69 us
[2026-04-03T01:43:31.417+0600][57.221s][info][gc,stats    ] Concurrent Update Refs            61276 us
[2026-04-03T01:43:31.417+0600][57.221s][info][gc,stats    ] Concurrent Update Thread Roots     6007 us
[2026-04-03T01:43:31.417+0600][57.221s][info][gc,stats    ] Pause Final Update Refs (G)        1917 us
[2026-04-03T01:43:31.417+0600][57.221s][info][gc,stats    ] Pause Final Update Refs (N)         369 us
[2026-04-03T01:43:31.417+0600][57.221s][info][gc,stats    ]   Update Region States              101 us
[2026-04-03T01:43:31.417+0600][57.221s][info][gc,stats    ]   Trash Collection Set               28 us
[2026-04-03T01:43:31.417+0600][57.221s][info][gc,stats    ]   Rebuild Free Set                   78 us
[2026-04-03T01:43:31.417+0600][57.221s][info][gc,stats    ] Concurrent Cleanup                 1016 us
[2026-04-03T01:43:31.417+0600][57.221s][info][gc,stats    ] 
[2026-04-03T01:43:31.417+0600][57.221s][info][gc,stats    ] Allocation pacing accrued:
[2026-04-03T01:43:31.417+0600][57.221s][info][gc,stats    ]       0 of  1337 ms (  0.0%): <total>
[2026-04-03T01:43:31.417+0600][57.221s][info][gc,stats    ]       0 of  1337 ms (  0.0%): <average total>
[2026-04-03T01:43:31.417+0600][57.221s][info][gc,stats    ] 
[2026-04-03T01:43:31.417+0600][57.221s][info][gc,metaspace] Metaspace: 130782K(132608K)->130793K(132608K) NonClass: 114372K(115456K)->114381K(115456K) Class: 16410K(17152K)->16412K(17152K)
[2026-04-03T01:43:31.417+0600][57.221s][info][gc,ergo     ] Pacer for Idle. Initial: 80302K, Alloc Tax Rate: 1.0x
[2026-04-03T01:43:32.546+0600][58.350s][info][gc          ] Trigger: Learning 4 of 5. Free (2740M) is below initial threshold (2744M)
[2026-04-03T01:43:32.546+0600][58.350s][info][gc,ergo     ] Free: 2740M, Max: 1024K regular, 1363M humongous, Frag: 51% external, 0% internal; Reserve: 197M, Max: 1024K
[2026-04-03T01:43:32.546+0600][58.350s][info][gc,start    ] GC(20) Concurrent reset
[2026-04-03T01:43:32.546+0600][58.350s][info][gc,task     ] GC(20) Using 3 of 6 workers for concurrent reset
[2026-04-03T01:43:32.546+0600][58.350s][info][gc,ergo     ] GC(20) Pacer for Reset. Non-Taxable: 3921M
[2026-04-03T01:43:32.556+0600][58.360s][info][gc          ] GC(20) Concurrent reset 9.964ms
[2026-04-03T01:43:32.557+0600][58.361s][info][gc,start    ] GC(20) Pause Init Mark (unload classes)
[2026-04-03T01:43:32.557+0600][58.361s][info][gc,task     ] GC(20) Using 6 of 6 workers for init marking
[2026-04-03T01:43:32.557+0600][58.361s][info][gc,ergo     ] GC(20) Pacer for Mark. Expected Live: 96847K, Free: 2731M, Non-Taxable: 273M, Alloc Tax Rate: 0.0x
[2026-04-03T01:43:32.557+0600][58.361s][info][gc          ] GC(20) Pause Init Mark (unload classes) 0.274ms
[2026-04-03T01:43:32.557+0600][58.361s][info][gc,start    ] GC(20) Concurrent marking roots
[2026-04-03T01:43:32.557+0600][58.361s][info][gc,task     ] GC(20) Using 3 of 6 workers for concurrent marking roots
[2026-04-03T01:43:32.559+0600][58.363s][info][gc          ] GC(20) Concurrent marking roots 1.730ms
[2026-04-03T01:43:32.559+0600][58.363s][info][gc,start    ] GC(20) Concurrent marking (unload classes)
[2026-04-03T01:43:32.559+0600][58.363s][info][gc,task     ] GC(20) Using 3 of 6 workers for concurrent marking
[2026-04-03T01:43:32.630+0600][58.434s][info][gc          ] GC(20) Concurrent marking (unload classes) 71.382ms
[2026-04-03T01:43:32.630+0600][58.435s][info][gc,start    ] GC(20) Pause Final Mark (unload classes)
[2026-04-03T01:43:32.631+0600][58.435s][info][gc,task     ] GC(20) Using 6 of 6 workers for final marking
[2026-04-03T01:43:32.631+0600][58.435s][info][gc,ergo     ] GC(20) Adaptive CSet Selection. Target Free: 555M, Actual Free: 3362M, Max CSet: 163M, Min Garbage: 0B
[2026-04-03T01:43:32.632+0600][58.436s][info][gc,ergo     ] GC(20) Collectable Garbage: 751M (98%), Immediate: 495M (65%), CSet: 256M (33%)
[2026-04-03T01:43:32.632+0600][58.436s][info][gc,ergo     ] GC(20) Pacer for Evacuation. Used CSet: 260M, Free: 3312M, Non-Taxable: 331M, Alloc Tax Rate: 1.1x
[2026-04-03T01:43:32.632+0600][58.436s][info][gc          ] GC(20) Pause Final Mark (unload classes) 1.170ms
[2026-04-03T01:43:32.632+0600][58.436s][info][gc,start    ] GC(20) Concurrent thread roots
[2026-04-03T01:43:32.632+0600][58.436s][info][gc,task     ] GC(20) Using 3 of 6 workers for Concurrent thread roots
[2026-04-03T01:43:32.633+0600][58.437s][info][gc          ] GC(20) Concurrent thread roots 1.357ms
[2026-04-03T01:43:32.633+0600][58.437s][info][gc,start    ] GC(20) Concurrent weak references
[2026-04-03T01:43:32.633+0600][58.437s][info][gc,task     ] GC(20) Using 3 of 6 workers for concurrent weak references
[2026-04-03T01:43:32.634+0600][58.438s][info][gc,ref      ] GC(20) Encountered references: Soft: 3723, Weak: 16563, Final: 84, Phantom: 621
[2026-04-03T01:43:32.634+0600][58.438s][info][gc,ref      ] GC(20) Discovered  references: Soft: 0, Weak: 9345, Final: 0, Phantom: 616
[2026-04-03T01:43:32.634+0600][58.438s][info][gc,ref      ] GC(20) Enqueued    references: Soft: 0, Weak: 1633, Final: 0, Phantom: 0
[2026-04-03T01:43:32.634+0600][58.438s][info][gc          ] GC(20) Concurrent weak references 0.905ms
[2026-04-03T01:43:32.634+0600][58.438s][info][gc,start    ] GC(20) Concurrent weak roots
[2026-04-03T01:43:32.634+0600][58.438s][info][gc,task     ] GC(20) Using 3 of 6 workers for concurrent weak root
[2026-04-03T01:43:32.643+0600][58.447s][info][gc          ] GC(20) Concurrent weak roots 8.433ms
[2026-04-03T01:43:32.643+0600][58.447s][info][gc,start    ] GC(20) Concurrent cleanup
[2026-04-03T01:43:32.643+0600][58.447s][info][gc          ] GC(20) Concurrent cleanup 901M->406M(1076M) 0.811ms
[2026-04-03T01:43:32.644+0600][58.448s][info][gc,ergo     ] GC(20) Free: 3306M, Max: 1024K regular, 1758M humongous, Frag: 47% external, 0% internal; Reserve: 196M, Max: 1024K
[2026-04-03T01:43:32.644+0600][58.448s][info][gc,start    ] GC(20) Concurrent class unloading
[2026-04-03T01:43:32.644+0600][58.448s][info][gc,task     ] GC(20) Using 3 of 6 workers for concurrent class unloading
[2026-04-03T01:43:32.667+0600][58.471s][info][gc          ] GC(20) Concurrent class unloading 23.381ms
[2026-04-03T01:43:32.667+0600][58.471s][info][gc,start    ] GC(20) Concurrent strong roots
[2026-04-03T01:43:32.667+0600][58.471s][info][gc,task     ] GC(20) Using 3 of 6 workers for concurrent strong root
[2026-04-03T01:43:32.668+0600][58.472s][info][gc          ] GC(20) Concurrent strong roots 1.370ms
[2026-04-03T01:43:32.668+0600][58.473s][info][gc,start    ] GC(20) Concurrent evacuation
[2026-04-03T01:43:32.668+0600][58.473s][info][gc,task     ] GC(20) Using 3 of 6 workers for concurrent evacuation
[2026-04-03T01:43:32.673+0600][58.477s][info][gc          ] GC(20) Concurrent evacuation 4.578ms
[2026-04-03T01:43:32.673+0600][58.477s][info][gc,start    ] GC(20) Pause Init Update Refs
[2026-04-03T01:43:32.674+0600][58.478s][info][gc,ergo     ] GC(20) Pacer for Update Refs. Used: 429M, Free: 3289M, Non-Taxable: 328M, Alloc Tax Rate: 1.1x
[2026-04-03T01:43:32.674+0600][58.478s][info][gc          ] GC(20) Pause Init Update Refs 0.188ms
[2026-04-03T01:43:32.674+0600][58.478s][info][gc,start    ] GC(20) Concurrent update references
[2026-04-03T01:43:32.674+0600][58.478s][info][gc,task     ] GC(20) Using 3 of 6 workers for concurrent reference update
[2026-04-03T01:43:32.726+0600][58.530s][info][gc          ] GC(20) Concurrent update references 52.023ms
[2026-04-03T01:43:32.726+0600][58.530s][info][gc,start    ] GC(20) Concurrent update thread roots
[2026-04-03T01:43:32.728+0600][58.532s][info][gc          ] GC(20) Concurrent update thread roots 1.875ms
[2026-04-03T01:43:32.728+0600][58.532s][info][gc,start    ] GC(20) Pause Final Update Refs
[2026-04-03T01:43:32.728+0600][58.532s][info][gc,task     ] GC(20) Using 6 of 6 workers for final reference update
[2026-04-03T01:43:32.728+0600][58.532s][info][gc          ] GC(20) Pause Final Update Refs 0.226ms
[2026-04-03T01:43:32.728+0600][58.532s][info][gc,start    ] GC(20) Concurrent cleanup
[2026-04-03T01:43:32.729+0600][58.533s][info][gc          ] GC(20) Concurrent cleanup 462M->201M(1076M) 0.770ms
[2026-04-03T01:43:32.729+0600][58.533s][info][gc,ergo     ] Free: 3502M, Max: 1024K regular, 1758M humongous, Frag: 50% external, 0% internal; Reserve: 197M, Max: 1024K
[2026-04-03T01:43:32.729+0600][58.533s][info][gc,stats    ] 
[2026-04-03T01:43:32.729+0600][58.533s][info][gc,stats    ] All times are wall-clock times, except per-root-class counters, that are sum over
[2026-04-03T01:43:32.729+0600][58.533s][info][gc,stats    ] all workers. Dividing the <total> over the root stage time estimates parallelism.
[2026-04-03T01:43:32.729+0600][58.533s][info][gc,stats    ] 
[2026-04-03T01:43:32.729+0600][58.533s][info][gc,stats    ] Concurrent Reset                  10082 us
[2026-04-03T01:43:32.729+0600][58.533s][info][gc,stats    ] Pause Init Mark (G)                 617 us
[2026-04-03T01:43:32.729+0600][58.533s][info][gc,stats    ] Pause Init Mark (N)                 323 us
[2026-04-03T01:43:32.729+0600][58.533s][info][gc,stats    ]   Update Region States               71 us
[2026-04-03T01:43:32.729+0600][58.533s][info][gc,stats    ] Concurrent Mark Roots              1816 us, parallelism: 1.98x
[2026-04-03T01:43:32.729+0600][58.533s][info][gc,stats    ]   CMR: <total>                     3593 us
[2026-04-03T01:43:32.729+0600][58.533s][info][gc,stats    ]   CMR: Thread Roots                3032 us, workers (us): 1202, 677, 1153, ---, ---, ---, 
[2026-04-03T01:43:32.729+0600][58.533s][info][gc,stats    ]   CMR: VM Strong Roots               75 us, workers (us):  45,  29,   1, ---, ---, ---, 
[2026-04-03T01:43:32.729+0600][58.533s][info][gc,stats    ]   CMR: CLDG Roots                   486 us, workers (us): ---, 486, ---, ---, ---, ---, 
[2026-04-03T01:43:32.729+0600][58.534s][info][gc,stats    ] Concurrent Marking                71490 us
[2026-04-03T01:43:32.729+0600][58.534s][info][gc,stats    ] Pause Final Mark (G)               1510 us
[2026-04-03T01:43:32.729+0600][58.534s][info][gc,stats    ] Pause Final Mark (N)               1187 us
[2026-04-03T01:43:32.730+0600][58.534s][info][gc,stats    ]   Finish Mark                       606 us
[2026-04-03T01:43:32.730+0600][58.534s][info][gc,stats    ]   Update Region States               72 us
[2026-04-03T01:43:32.730+0600][58.534s][info][gc,stats    ]   Choose Collection Set             255 us
[2026-04-03T01:43:32.730+0600][58.534s][info][gc,stats    ]   Rebuild Free Set                   47 us
[2026-04-03T01:43:32.730+0600][58.534s][info][gc,stats    ] Concurrent Thread Roots            1415 us, parallelism: 2.15x
[2026-04-03T01:43:32.730+0600][58.534s][info][gc,stats    ]   CTR: <total>                     3041 us
[2026-04-03T01:43:32.730+0600][58.534s][info][gc,stats    ]   CTR: Thread Roots                3041 us, workers (us): 1039, 1016, 986, ---, ---, ---, 
[2026-04-03T01:43:32.730+0600][58.534s][info][gc,stats    ] Concurrent Weak References          923 us, parallelism: 1.41x
[2026-04-03T01:43:32.730+0600][58.534s][info][gc,stats    ]   CWRF: <total>                    1301 us
[2026-04-03T01:43:32.730+0600][58.534s][info][gc,stats    ]   CWRF: Weak References            1301 us, workers (us): 438, 284, 579, ---, ---, ---, 
[2026-04-03T01:43:32.730+0600][58.534s][info][gc,stats    ] Concurrent Weak Roots              8522 us
[2026-04-03T01:43:32.730+0600][58.534s][info][gc,stats    ]   Roots                            6004 us, parallelism: 2.77x
[2026-04-03T01:43:32.730+0600][58.534s][info][gc,stats    ]     CWR: <total>                  16657 us
[2026-04-03T01:43:32.730+0600][58.534s][info][gc,stats    ]     CWR: Code Cache Roots         13148 us, workers (us): 4411, 4265, 4472, ---, ---, ---, 
[2026-04-03T01:43:32.730+0600][58.534s][info][gc,stats    ]     CWR: VM Weak Roots             3336 us, workers (us): 1166, 1085, 1085, ---, ---, ---, 
[2026-04-03T01:43:32.730+0600][58.534s][info][gc,stats    ]     CWR: CLDG Roots                 173 us, workers (us): ---, 173, ---, ---, ---, ---, 
[2026-04-03T01:43:32.730+0600][58.534s][info][gc,stats    ]   Rendezvous                       2391 us
[2026-04-03T01:43:32.730+0600][58.534s][info][gc,stats    ] Concurrent Cleanup                  832 us
[2026-04-03T01:43:32.730+0600][58.534s][info][gc,stats    ] Concurrent Class Unloading        23480 us
[2026-04-03T01:43:32.730+0600][58.534s][info][gc,stats    ]   Unlink Stale                    17222 us
[2026-04-03T01:43:32.730+0600][58.534s][info][gc,stats    ]     System Dictionary               285 us
[2026-04-03T01:43:32.730+0600][58.534s][info][gc,stats    ]     Weak Class Links                  1 us
[2026-04-03T01:43:32.730+0600][58.534s][info][gc,stats    ]     Code Roots                    16933 us
[2026-04-03T01:43:32.730+0600][58.534s][info][gc,stats    ]   Rendezvous                       1687 us
[2026-04-03T01:43:32.730+0600][58.534s][info][gc,stats    ]   Purge Unlinked                   4434 us
[2026-04-03T01:43:32.730+0600][58.534s][info][gc,stats    ]     Code Roots                     4405 us
[2026-04-03T01:43:32.730+0600][58.534s][info][gc,stats    ]     CLDG                             27 us
[2026-04-03T01:43:32.730+0600][58.534s][info][gc,stats    ]     Exception Caches                  0 us
[2026-04-03T01:43:32.730+0600][58.534s][info][gc,stats    ] Concurrent Strong Roots            1451 us, parallelism: 0.66x
[2026-04-03T01:43:32.730+0600][58.534s][info][gc,stats    ]   CSR: <total>                      961 us
[2026-04-03T01:43:32.730+0600][58.534s][info][gc,stats    ]   CSR: VM Strong Roots               61 us, workers (us):  37,  23,   0, ---, ---, ---, 
[2026-04-03T01:43:32.730+0600][58.534s][info][gc,stats    ]   CSR: CLDG Roots                   900 us, workers (us): 900, ---, ---, ---, ---, ---, 
[2026-04-03T01:43:32.730+0600][58.534s][info][gc,stats    ] Concurrent Evacuation              4708 us
[2026-04-03T01:43:32.730+0600][58.534s][info][gc,stats    ] Pause Init Update Refs (G)          579 us
[2026-04-03T01:43:32.730+0600][58.534s][info][gc,stats    ] Pause Init Update Refs (N)          206 us
[2026-04-03T01:43:32.730+0600][58.534s][info][gc,stats    ]   Manage GCLABs                      65 us
[2026-04-03T01:43:32.730+0600][58.534s][info][gc,stats    ] Concurrent Update Refs            52131 us
[2026-04-03T01:43:32.730+0600][58.534s][info][gc,stats    ] Concurrent Update Thread Roots     1954 us
[2026-04-03T01:43:32.730+0600][58.534s][info][gc,stats    ] Pause Final Update Refs (G)         523 us
[2026-04-03T01:43:32.730+0600][58.534s][info][gc,stats    ] Pause Final Update Refs (N)         247 us
[2026-04-03T01:43:32.730+0600][58.534s][info][gc,stats    ]   Update Region States               84 us
[2026-04-03T01:43:32.730+0600][58.534s][info][gc,stats    ]   Trash Collection Set               21 us
[2026-04-03T01:43:32.730+0600][58.534s][info][gc,stats    ]   Rebuild Free Set                   67 us
[2026-04-03T01:43:32.730+0600][58.534s][info][gc,stats    ] Concurrent Cleanup                  791 us
[2026-04-03T01:43:32.730+0600][58.534s][info][gc,stats    ] 
[2026-04-03T01:43:32.730+0600][58.534s][info][gc,stats    ] Allocation pacing accrued:
[2026-04-03T01:43:32.730+0600][58.534s][info][gc,stats    ]       0 of  1313 ms (  0.0%): <total>
[2026-04-03T01:43:32.730+0600][58.534s][info][gc,stats    ]       0 of  1313 ms (  0.0%): <average total>
[2026-04-03T01:43:32.730+0600][58.534s][info][gc,stats    ] 
[2026-04-03T01:43:32.730+0600][58.534s][info][gc,metaspace] Metaspace: 130866K(132608K)->130873K(132608K) NonClass: 114449K(115456K)->114455K(115456K) Class: 16417K(17152K)->16417K(17152K)
[2026-04-03T01:43:32.730+0600][58.534s][info][gc,ergo     ] Pacer for Idle. Initial: 80302K, Alloc Tax Rate: 1.0x
[2026-04-03T01:43:33.529+0600][59.333s][info][gc          ] Trigger: Learning 5 of 5. Free (2744M) is below initial threshold (2744M)
[2026-04-03T01:43:33.529+0600][59.333s][info][gc,ergo     ] Free: 2744M, Max: 1024K regular, 1758M humongous, Frag: 36% external, 0% internal; Reserve: 197M, Max: 1024K
[2026-04-03T01:43:33.529+0600][59.334s][info][gc,start    ] GC(21) Concurrent reset
[2026-04-03T01:43:33.530+0600][59.334s][info][gc,task     ] GC(21) Using 3 of 6 workers for concurrent reset
[2026-04-03T01:43:33.530+0600][59.334s][info][gc,ergo     ] GC(21) Pacer for Reset. Non-Taxable: 3921M
[2026-04-03T01:43:33.536+0600][59.340s][info][gc          ] GC(21) Concurrent reset 6.417ms
[2026-04-03T01:43:33.536+0600][59.340s][info][gc,start    ] GC(21) Pause Init Mark (unload classes)
[2026-04-03T01:43:33.536+0600][59.340s][info][gc,task     ] GC(21) Using 6 of 6 workers for init marking
[2026-04-03T01:43:33.536+0600][59.340s][info][gc,ergo     ] GC(21) Pacer for Mark. Expected Live: 92370K, Free: 2742M, Non-Taxable: 274M, Alloc Tax Rate: 0.0x
[2026-04-03T01:43:33.536+0600][59.340s][info][gc          ] GC(21) Pause Init Mark (unload classes) 0.185ms
[2026-04-03T01:43:33.536+0600][59.340s][info][gc,start    ] GC(21) Concurrent marking roots
[2026-04-03T01:43:33.536+0600][59.341s][info][gc,task     ] GC(21) Using 3 of 6 workers for concurrent marking roots
[2026-04-03T01:43:33.538+0600][59.342s][info][gc          ] GC(21) Concurrent marking roots 1.728ms
[2026-04-03T01:43:33.538+0600][59.342s][info][gc,start    ] GC(21) Concurrent marking (unload classes)
[2026-04-03T01:43:33.538+0600][59.342s][info][gc,task     ] GC(21) Using 3 of 6 workers for concurrent marking
[2026-04-03T01:43:33.617+0600][59.421s][info][gc          ] GC(21) Concurrent marking (unload classes) 79.110ms
[2026-04-03T01:43:33.618+0600][59.422s][info][gc,start    ] GC(21) Pause Final Mark (unload classes)
[2026-04-03T01:43:33.618+0600][59.422s][info][gc,task     ] GC(21) Using 6 of 6 workers for final marking
[2026-04-03T01:43:33.618+0600][59.422s][info][gc,ergo     ] GC(21) Adaptive CSet Selection. Target Free: 555M, Actual Free: 3362M, Max CSet: 163M, Min Garbage: 0B
[2026-04-03T01:43:33.618+0600][59.422s][info][gc,ergo     ] GC(21) Collectable Garbage: 722M (98%), Immediate: 478M (65%), CSet: 244M (33%)
[2026-04-03T01:43:33.618+0600][59.422s][info][gc,ergo     ] GC(21) Pacer for Evacuation. Used CSet: 252M, Free: 3322M, Non-Taxable: 332M, Alloc Tax Rate: 1.1x
[2026-04-03T01:43:33.618+0600][59.422s][info][gc          ] GC(21) Pause Final Mark (unload classes) 0.799ms
[2026-04-03T01:43:33.619+0600][59.423s][info][gc,start    ] GC(21) Concurrent thread roots
[2026-04-03T01:43:33.619+0600][59.423s][info][gc,task     ] GC(21) Using 3 of 6 workers for Concurrent thread roots
[2026-04-03T01:43:33.621+0600][59.425s][info][gc          ] GC(21) Concurrent thread roots 2.530ms
[2026-04-03T01:43:33.621+0600][59.425s][info][gc,start    ] GC(21) Concurrent weak references
[2026-04-03T01:43:33.621+0600][59.425s][info][gc,task     ] GC(21) Using 3 of 6 workers for concurrent weak references
[2026-04-03T01:43:33.623+0600][59.427s][info][gc,ref      ] GC(21) Encountered references: Soft: 3785, Weak: 16483, Final: 84, Phantom: 653
[2026-04-03T01:43:33.623+0600][59.427s][info][gc,ref      ] GC(21) Discovered  references: Soft: 0, Weak: 9580, Final: 48, Phantom: 619
[2026-04-03T01:43:33.623+0600][59.427s][info][gc,ref      ] GC(21) Enqueued    references: Soft: 0, Weak: 1744, Final: 0, Phantom: 0
[2026-04-03T01:43:33.623+0600][59.427s][info][gc          ] GC(21) Concurrent weak references 2.278ms
[2026-04-03T01:43:33.623+0600][59.427s][info][gc,start    ] GC(21) Concurrent weak roots
[2026-04-03T01:43:33.623+0600][59.427s][info][gc,task     ] GC(21) Using 3 of 6 workers for concurrent weak root
[2026-04-03T01:43:33.638+0600][59.442s][info][gc          ] GC(21) Concurrent weak roots 14.332ms
[2026-04-03T01:43:33.638+0600][59.442s][info][gc,start    ] GC(21) Concurrent cleanup
[2026-04-03T01:43:33.641+0600][59.445s][info][gc          ] GC(21) Concurrent cleanup 888M->414M(1076M) 3.241ms
[2026-04-03T01:43:33.641+0600][59.445s][info][gc,ergo     ] GC(21) Free: 3301M, Max: 1024K regular, 1763M humongous, Frag: 47% external, 0% internal; Reserve: 196M, Max: 1024K
[2026-04-03T01:43:33.641+0600][59.445s][info][gc,start    ] GC(21) Concurrent class unloading
[2026-04-03T01:43:33.641+0600][59.445s][info][gc,task     ] GC(21) Using 3 of 6 workers for concurrent class unloading
[2026-04-03T01:43:33.676+0600][59.480s][info][gc          ] GC(21) Concurrent class unloading 34.238ms
[2026-04-03T01:43:33.676+0600][59.480s][info][gc,start    ] GC(21) Concurrent strong roots
[2026-04-03T01:43:33.676+0600][59.480s][info][gc,task     ] GC(21) Using 3 of 6 workers for concurrent strong root
[2026-04-03T01:43:33.677+0600][59.481s][info][gc          ] GC(21) Concurrent strong roots 1.681ms
[2026-04-03T01:43:33.678+0600][59.482s][info][gc,start    ] GC(21) Concurrent evacuation
[2026-04-03T01:43:33.678+0600][59.482s][info][gc,task     ] GC(21) Using 3 of 6 workers for concurrent evacuation
[2026-04-03T01:43:33.683+0600][59.487s][info][gc          ] GC(21) Concurrent evacuation 5.336ms
[2026-04-03T01:43:33.683+0600][59.487s][info][gc,start    ] GC(21) Pause Init Update Refs
[2026-04-03T01:43:33.683+0600][59.487s][info][gc,ergo     ] GC(21) Pacer for Update Refs. Used: 442M, Free: 3275M, Non-Taxable: 327M, Alloc Tax Rate: 1.1x
[2026-04-03T01:43:33.683+0600][59.487s][info][gc          ] GC(21) Pause Init Update Refs 0.193ms
[2026-04-03T01:43:33.684+0600][59.488s][info][gc,start    ] GC(21) Concurrent update references
[2026-04-03T01:43:33.684+0600][59.488s][info][gc,task     ] GC(21) Using 3 of 6 workers for concurrent reference update
[2026-04-03T01:43:33.754+0600][59.558s][info][gc          ] GC(21) Concurrent update references 70.582ms
[2026-04-03T01:43:33.754+0600][59.558s][info][gc,start    ] GC(21) Concurrent update thread roots
[2026-04-03T01:43:33.757+0600][59.561s][info][gc          ] GC(21) Concurrent update thread roots 2.262ms
[2026-04-03T01:43:33.757+0600][59.561s][info][gc,start    ] GC(21) Pause Final Update Refs
[2026-04-03T01:43:33.757+0600][59.561s][info][gc,task     ] GC(21) Using 6 of 6 workers for final reference update
[2026-04-03T01:43:33.757+0600][59.561s][info][gc          ] GC(21) Pause Final Update Refs 0.215ms
[2026-04-03T01:43:33.761+0600][59.565s][info][gc,start    ] GC(21) Concurrent cleanup
[2026-04-03T01:43:33.762+0600][59.566s][info][gc          ] GC(21) Concurrent cleanup 479M->228M(1077M) 0.878ms
[2026-04-03T01:43:33.762+0600][59.566s][info][gc,ergo     ] Free: 3479M, Max: 1024K regular, 1763M humongous, Frag: 50% external, 0% internal; Reserve: 197M, Max: 1024K
[2026-04-03T01:43:33.762+0600][59.566s][info][gc,stats    ] 
[2026-04-03T01:43:33.762+0600][59.566s][info][gc,stats    ] All times are wall-clock times, except per-root-class counters, that are sum over
[2026-04-03T01:43:33.762+0600][59.566s][info][gc,stats    ] all workers. Dividing the <total> over the root stage time estimates parallelism.
[2026-04-03T01:43:33.762+0600][59.566s][info][gc,stats    ] 
[2026-04-03T01:43:33.762+0600][59.566s][info][gc,stats    ] Concurrent Reset                   6497 us
[2026-04-03T01:43:33.762+0600][59.566s][info][gc,stats    ] Pause Init Mark (G)                 432 us
[2026-04-03T01:43:33.762+0600][59.566s][info][gc,stats    ] Pause Init Mark (N)                 195 us
[2026-04-03T01:43:33.762+0600][59.566s][info][gc,stats    ]   Update Region States               39 us
[2026-04-03T01:43:33.762+0600][59.566s][info][gc,stats    ] Concurrent Mark Roots              1805 us, parallelism: 1.75x
[2026-04-03T01:43:33.762+0600][59.566s][info][gc,stats    ]   CMR: <total>                     3153 us
[2026-04-03T01:43:33.762+0600][59.566s][info][gc,stats    ]   CMR: Thread Roots                2812 us, workers (us): 1024, 1029, 759, ---, ---, ---, 
[2026-04-03T01:43:33.762+0600][59.566s][info][gc,stats    ]   CMR: VM Strong Roots               59 us, workers (us):  26,  28,   5, ---, ---, ---, 
[2026-04-03T01:43:33.762+0600][59.566s][info][gc,stats    ]   CMR: CLDG Roots                   282 us, workers (us): ---, ---, 282, ---, ---, ---, 
[2026-04-03T01:43:33.762+0600][59.566s][info][gc,stats    ] Concurrent Marking                79198 us
[2026-04-03T01:43:33.762+0600][59.566s][info][gc,stats    ] Pause Final Mark (G)               1087 us
[2026-04-03T01:43:33.762+0600][59.566s][info][gc,stats    ] Pause Final Mark (N)                812 us
[2026-04-03T01:43:33.762+0600][59.566s][info][gc,stats    ]   Finish Mark                       294 us
[2026-04-03T01:43:33.762+0600][59.566s][info][gc,stats    ]   Update Region States               67 us
[2026-04-03T01:43:33.762+0600][59.566s][info][gc,stats    ]   Choose Collection Set             191 us
[2026-04-03T01:43:33.762+0600][59.566s][info][gc,stats    ]   Rebuild Free Set                   51 us
[2026-04-03T01:43:33.762+0600][59.566s][info][gc,stats    ] Concurrent Thread Roots            2605 us, parallelism: 1.68x
[2026-04-03T01:43:33.762+0600][59.566s][info][gc,stats    ]   CTR: <total>                     4381 us
[2026-04-03T01:43:33.762+0600][59.566s][info][gc,stats    ]   CTR: Thread Roots                4381 us, workers (us): 2194, 2186,   0, ---, ---, ---, 
[2026-04-03T01:43:33.762+0600][59.566s][info][gc,stats    ] Concurrent Weak References         2293 us, parallelism: 1.41x
[2026-04-03T01:43:33.762+0600][59.566s][info][gc,stats    ]   CWRF: <total>                    3232 us
[2026-04-03T01:43:33.762+0600][59.566s][info][gc,stats    ]   CWRF: Weak References            3232 us, workers (us): 1984, 1248,   0, ---, ---, ---, 
[2026-04-03T01:43:33.762+0600][59.566s][info][gc,stats    ] Concurrent Weak Roots             14441 us
[2026-04-03T01:43:33.762+0600][59.566s][info][gc,stats    ]   Roots                           10483 us, parallelism: 2.15x
[2026-04-03T01:43:33.762+0600][59.566s][info][gc,stats    ]     CWR: <total>                  22547 us
[2026-04-03T01:43:33.762+0600][59.566s][info][gc,stats    ]     CWR: Code Cache Roots         18426 us, workers (us): 6505, 6205, 5716, ---, ---, ---, 
[2026-04-03T01:43:33.762+0600][59.566s][info][gc,stats    ]     CWR: VM Weak Roots             3866 us, workers (us): 2604, 1260,   2, ---, ---, ---, 
[2026-04-03T01:43:33.762+0600][59.566s][info][gc,stats    ]     CWR: CLDG Roots                 254 us, workers (us): ---, 254, ---, ---, ---, ---, 
[2026-04-03T01:43:33.762+0600][59.566s][info][gc,stats    ]   Rendezvous                       3816 us
[2026-04-03T01:43:33.762+0600][59.566s][info][gc,stats    ] Concurrent Cleanup                 3362 us
[2026-04-03T01:43:33.762+0600][59.566s][info][gc,stats    ] Concurrent Class Unloading        34360 us
[2026-04-03T01:43:33.762+0600][59.566s][info][gc,stats    ]   Unlink Stale                    29944 us
[2026-04-03T01:43:33.762+0600][59.566s][info][gc,stats    ]     System Dictionary               359 us
[2026-04-03T01:43:33.762+0600][59.566s][info][gc,stats    ]     Weak Class Links                  0 us
[2026-04-03T01:43:33.762+0600][59.566s][info][gc,stats    ]     Code Roots                    29580 us
[2026-04-03T01:43:33.762+0600][59.566s][info][gc,stats    ]   Rendezvous                        304 us
[2026-04-03T01:43:33.762+0600][59.566s][info][gc,stats    ]   Purge Unlinked                   3932 us
[2026-04-03T01:43:33.762+0600][59.566s][info][gc,stats    ]     Code Roots                     3892 us
[2026-04-03T01:43:33.762+0600][59.566s][info][gc,stats    ]     CLDG                             39 us
[2026-04-03T01:43:33.762+0600][59.566s][info][gc,stats    ]     Exception Caches                  1 us
[2026-04-03T01:43:33.762+0600][59.566s][info][gc,stats    ] Concurrent Strong Roots            1794 us, parallelism: 0.61x
[2026-04-03T01:43:33.762+0600][59.566s][info][gc,stats    ]   CSR: <total>                     1086 us
[2026-04-03T01:43:33.762+0600][59.566s][info][gc,stats    ]   CSR: VM Strong Roots               45 us, workers (us):  43,   2,   0, ---, ---, ---, 
[2026-04-03T01:43:33.762+0600][59.566s][info][gc,stats    ]   CSR: CLDG Roots                  1042 us, workers (us): 1042, ---, ---, ---, ---, ---, 
[2026-04-03T01:43:33.762+0600][59.566s][info][gc,stats    ] Concurrent Evacuation              5439 us
[2026-04-03T01:43:33.762+0600][59.566s][info][gc,stats    ] Pause Init Update Refs (G)          615 us
[2026-04-03T01:43:33.762+0600][59.566s][info][gc,stats    ] Pause Init Update Refs (N)          207 us
[2026-04-03T01:43:33.762+0600][59.566s][info][gc,stats    ]   Manage GCLABs                      75 us
[2026-04-03T01:43:33.762+0600][59.566s][info][gc,stats    ] Concurrent Update Refs            70695 us
[2026-04-03T01:43:33.762+0600][59.566s][info][gc,stats    ] Concurrent Update Thread Roots     2322 us
[2026-04-03T01:43:33.762+0600][59.567s][info][gc,stats    ] Pause Final Update Refs (G)        4111 us
[2026-04-03T01:43:33.762+0600][59.567s][info][gc,stats    ] Pause Final Update Refs (N)         230 us
[2026-04-03T01:43:33.762+0600][59.567s][info][gc,stats    ]   Update Region States               87 us
[2026-04-03T01:43:33.762+0600][59.567s][info][gc,stats    ]   Trash Collection Set               19 us
[2026-04-03T01:43:33.763+0600][59.567s][info][gc,stats    ]   Rebuild Free Set                   57 us
[2026-04-03T01:43:33.763+0600][59.567s][info][gc,stats    ] Concurrent Cleanup                  915 us
[2026-04-03T01:43:33.763+0600][59.567s][info][gc,stats    ] 
[2026-04-03T01:43:33.763+0600][59.567s][info][gc,stats    ] Allocation pacing accrued:
[2026-04-03T01:43:33.763+0600][59.567s][info][gc,stats    ]       0 of  1032 ms (  0.0%): <total>
[2026-04-03T01:43:33.763+0600][59.567s][info][gc,stats    ]       0 of  1032 ms (  0.0%): <average total>
[2026-04-03T01:43:33.763+0600][59.567s][info][gc,stats    ] 
[2026-04-03T01:43:33.763+0600][59.567s][info][gc,metaspace] Metaspace: 130993K(132672K)->130994K(132672K) NonClass: 114563K(115520K)->114564K(115520K) Class: 16430K(17152K)->16430K(17152K)
[2026-04-03T01:43:33.763+0600][59.567s][info][gc,ergo     ] Pacer for Idle. Initial: 80302K, Alloc Tax Rate: 1.0x
[2026-04-03T01:43:36.972+0600][62.776s][info][gc          ] Trigger: Average GC time (256.16 ms) is above the time for average allocation rate (974 MB/s) to deplete free headroom (248M) (margin of error = 1.82)
[2026-04-03T01:43:36.972+0600][62.776s][info][gc,ergo     ] Free headroom: 444M (free) - 196M (spike) - 0B (penalties) = 248M
[2026-04-03T01:43:36.972+0600][62.776s][info][gc,ergo     ] Free: 444M, Max: 1024K regular, 279M humongous, Frag: 37% external, 1% internal; Reserve: 197M, Max: 1024K
[2026-04-03T01:43:36.972+0600][62.776s][info][gc,start    ] GC(22) Concurrent reset
[2026-04-03T01:43:36.972+0600][62.776s][info][gc,task     ] GC(22) Using 3 of 6 workers for concurrent reset
[2026-04-03T01:43:36.972+0600][62.776s][info][gc,ergo     ] GC(22) Pacer for Reset. Non-Taxable: 3921M
[2026-04-03T01:43:36.984+0600][62.788s][info][gc          ] GC(22) Concurrent reset 11.341ms
[2026-04-03T01:43:36.986+0600][62.790s][info][gc,start    ] GC(22) Pause Init Mark (unload classes)
[2026-04-03T01:43:36.986+0600][62.790s][info][gc,task     ] GC(22) Using 6 of 6 workers for init marking
[2026-04-03T01:43:36.986+0600][62.790s][info][gc,ergo     ] GC(22) Pacer for Mark. Expected Live: 92071K, Free: 429M, Non-Taxable: 44012K, Alloc Tax Rate: 0.3x
[2026-04-03T01:43:36.986+0600][62.790s][info][gc          ] GC(22) Pause Init Mark (unload classes) 0.271ms
[2026-04-03T01:43:36.986+0600][62.790s][info][gc,start    ] GC(22) Concurrent marking roots
[2026-04-03T01:43:36.986+0600][62.790s][info][gc,task     ] GC(22) Using 3 of 6 workers for concurrent marking roots
[2026-04-03T01:43:36.988+0600][62.792s][info][gc          ] GC(22) Concurrent marking roots 2.179ms
[2026-04-03T01:43:36.988+0600][62.792s][info][gc,start    ] GC(22) Concurrent marking (unload classes)
[2026-04-03T01:43:36.988+0600][62.792s][info][gc,task     ] GC(22) Using 3 of 6 workers for concurrent marking
[2026-04-03T01:43:37.066+0600][62.870s][info][gc          ] GC(22) Concurrent marking (unload classes) 78.217ms
[2026-04-03T01:43:37.067+0600][62.871s][info][gc,start    ] GC(22) Pause Final Mark (unload classes)
[2026-04-03T01:43:37.067+0600][62.871s][info][gc,task     ] GC(22) Using 6 of 6 workers for final marking
[2026-04-03T01:43:37.067+0600][62.871s][info][gc,ergo     ] GC(22) Adaptive CSet Selection. Target Free: 555M, Actual Free: 2630M, Max CSet: 163M, Min Garbage: 0B
[2026-04-03T01:43:37.068+0600][62.872s][info][gc,ergo     ] GC(22) Collectable Garbage: 2674M (99%), Immediate: 2065M (76%), CSet: 608M (22%)
[2026-04-03T01:43:37.068+0600][62.872s][info][gc,ergo     ] GC(22) Pacer for Evacuation. Used CSet: 621M, Free: 2948M, Non-Taxable: 294M, Alloc Tax Rate: 1.1x
[2026-04-03T01:43:37.068+0600][62.872s][info][gc          ] GC(22) Pause Final Mark (unload classes) 1.150ms
[2026-04-03T01:43:37.068+0600][62.872s][info][gc,start    ] GC(22) Concurrent thread roots
[2026-04-03T01:43:37.068+0600][62.872s][info][gc,task     ] GC(22) Using 3 of 6 workers for Concurrent thread roots
[2026-04-03T01:43:37.069+0600][62.873s][info][gc          ] GC(22) Concurrent thread roots 1.284ms
[2026-04-03T01:43:37.069+0600][62.873s][info][gc,start    ] GC(22) Concurrent weak references
[2026-04-03T01:43:37.069+0600][62.873s][info][gc,task     ] GC(22) Using 3 of 6 workers for concurrent weak references
[2026-04-03T01:43:37.070+0600][62.874s][info][gc,ref      ] GC(22) Encountered references: Soft: 3789, Weak: 18100, Final: 84, Phantom: 621
[2026-04-03T01:43:37.070+0600][62.874s][info][gc,ref      ] GC(22) Discovered  references: Soft: 0, Weak: 11295, Final: 52, Phantom: 588
[2026-04-03T01:43:37.070+0600][62.874s][info][gc,ref      ] GC(22) Enqueued    references: Soft: 0, Weak: 2767, Final: 0, Phantom: 0
[2026-04-03T01:43:37.070+0600][62.874s][info][gc          ] GC(22) Concurrent weak references 1.042ms
[2026-04-03T01:43:37.070+0600][62.874s][info][gc,start    ] GC(22) Concurrent weak roots
[2026-04-03T01:43:37.070+0600][62.874s][info][gc,task     ] GC(22) Using 3 of 6 workers for concurrent weak root
[2026-04-03T01:43:37.081+0600][62.885s][info][gc          ] GC(22) Concurrent weak roots 10.451ms
[2026-04-03T01:43:37.081+0600][62.885s][info][gc,start    ] GC(22) Concurrent cleanup
[2026-04-03T01:43:37.082+0600][62.886s][info][gc          ] GC(22) Concurrent cleanup 2831M->765M(3374M) 1.395ms
[2026-04-03T01:43:37.082+0600][62.886s][info][gc,ergo     ] GC(22) Free: 2942M, Max: 1024K regular, 200M humongous, Frag: 94% external, 0% internal; Reserve: 196M, Max: 1024K
[2026-04-03T01:43:37.082+0600][62.886s][info][gc,start    ] GC(22) Concurrent class unloading
[2026-04-03T01:43:37.082+0600][62.887s][info][gc,task     ] GC(22) Using 3 of 6 workers for concurrent class unloading
[2026-04-03T01:43:37.131+0600][62.935s][info][gc          ] GC(22) Concurrent class unloading 48.175ms
[2026-04-03T01:43:37.131+0600][62.935s][info][gc,start    ] GC(22) Concurrent strong roots
[2026-04-03T01:43:37.131+0600][62.935s][info][gc,task     ] GC(22) Using 3 of 6 workers for concurrent strong root
[2026-04-03T01:43:37.133+0600][62.937s][info][gc          ] GC(22) Concurrent strong roots 2.548ms
[2026-04-03T01:43:37.133+0600][62.937s][info][gc,start    ] GC(22) Concurrent evacuation
[2026-04-03T01:43:37.133+0600][62.937s][info][gc,task     ] GC(22) Using 3 of 6 workers for concurrent evacuation
[2026-04-03T01:43:37.150+0600][62.954s][info][gc          ] GC(22) Concurrent evacuation 16.992ms
[2026-04-03T01:43:37.151+0600][62.955s][info][gc,start    ] GC(22) Pause Init Update Refs
[2026-04-03T01:43:37.151+0600][62.955s][info][gc,ergo     ] GC(22) Pacer for Update Refs. Used: 819M, Free: 2897M, Non-Taxable: 289M, Alloc Tax Rate: 1.1x
[2026-04-03T01:43:37.151+0600][62.955s][info][gc          ] GC(22) Pause Init Update Refs 0.241ms
[2026-04-03T01:43:37.151+0600][62.955s][info][gc,start    ] GC(22) Concurrent update references
[2026-04-03T01:43:37.151+0600][62.955s][info][gc,task     ] GC(22) Using 3 of 6 workers for concurrent reference update
[2026-04-03T01:43:37.218+0600][63.022s][info][gc          ] GC(22) Concurrent update references 66.810ms
[2026-04-03T01:43:37.218+0600][63.022s][info][gc,start    ] GC(22) Concurrent update thread roots
[2026-04-03T01:43:37.220+0600][63.024s][info][gc          ] GC(22) Concurrent update thread roots 2.156ms
[2026-04-03T01:43:37.220+0600][63.024s][info][gc,start    ] GC(22) Pause Final Update Refs
[2026-04-03T01:43:37.221+0600][63.025s][info][gc,task     ] GC(22) Using 6 of 6 workers for final reference update
[2026-04-03T01:43:37.221+0600][63.025s][info][gc          ] GC(22) Pause Final Update Refs 0.259ms
[2026-04-03T01:43:37.221+0600][63.025s][info][gc,start    ] GC(22) Concurrent cleanup
[2026-04-03T01:43:37.222+0600][63.026s][info][gc          ] GC(22) Concurrent cleanup 852M->231M(3379M) 0.970ms
[2026-04-03T01:43:37.222+0600][63.026s][info][gc,ergo     ] Free: 3463M, Max: 1024K regular, 2650M humongous, Frag: 24% external, 0% internal; Reserve: 197M, Max: 1024K
[2026-04-03T01:43:37.222+0600][63.026s][info][gc,stats    ] 
[2026-04-03T01:43:37.222+0600][63.026s][info][gc,stats    ] All times are wall-clock times, except per-root-class counters, that are sum over
[2026-04-03T01:43:37.222+0600][63.026s][info][gc,stats    ] all workers. Dividing the <total> over the root stage time estimates parallelism.
[2026-04-03T01:43:37.222+0600][63.026s][info][gc,stats    ] 
[2026-04-03T01:43:37.222+0600][63.026s][info][gc,stats    ] Concurrent Reset                  11476 us
[2026-04-03T01:43:37.222+0600][63.026s][info][gc,stats    ] Pause Init Mark (G)                2143 us
[2026-04-03T01:43:37.222+0600][63.026s][info][gc,stats    ] Pause Init Mark (N)                 288 us
[2026-04-03T01:43:37.222+0600][63.026s][info][gc,stats    ]   Update Region States              107 us
[2026-04-03T01:43:37.222+0600][63.026s][info][gc,stats    ] Concurrent Mark Roots              2249 us, parallelism: 2.15x
[2026-04-03T01:43:37.222+0600][63.026s][info][gc,stats    ]   CMR: <total>                     4834 us
[2026-04-03T01:43:37.222+0600][63.026s][info][gc,stats    ]   CMR: Thread Roots                4200 us, workers (us): 1025, 1594, 1581, ---, ---, ---, 
[2026-04-03T01:43:37.222+0600][63.026s][info][gc,stats    ]   CMR: VM Strong Roots               73 us, workers (us):  39,  33,   1, ---, ---, ---, 
[2026-04-03T01:43:37.222+0600][63.026s][info][gc,stats    ]   CMR: CLDG Roots                   562 us, workers (us): 562, ---, ---, ---, ---, ---, 
[2026-04-03T01:43:37.222+0600][63.026s][info][gc,stats    ] Concurrent Marking                78309 us
[2026-04-03T01:43:37.222+0600][63.026s][info][gc,stats    ] Pause Final Mark (G)               1481 us
[2026-04-03T01:43:37.222+0600][63.026s][info][gc,stats    ] Pause Final Mark (N)               1171 us
[2026-04-03T01:43:37.222+0600][63.026s][info][gc,stats    ]   Finish Mark                       338 us
[2026-04-03T01:43:37.222+0600][63.026s][info][gc,stats    ]   Update Region States              102 us
[2026-04-03T01:43:37.222+0600][63.026s][info][gc,stats    ]   Choose Collection Set             377 us
[2026-04-03T01:43:37.222+0600][63.026s][info][gc,stats    ]   Rebuild Free Set                   80 us
[2026-04-03T01:43:37.222+0600][63.026s][info][gc,stats    ] Concurrent Thread Roots            1338 us, parallelism: 2.13x
[2026-04-03T01:43:37.222+0600][63.026s][info][gc,stats    ]   CTR: <total>                     2850 us
[2026-04-03T01:43:37.222+0600][63.026s][info][gc,stats    ]   CTR: Thread Roots                2850 us, workers (us): 966, 949, 935, ---, ---, ---, 
[2026-04-03T01:43:37.222+0600][63.026s][info][gc,stats    ] Concurrent Weak References         1053 us, parallelism: 1.48x
[2026-04-03T01:43:37.222+0600][63.026s][info][gc,stats    ]   CWRF: <total>                    1558 us
[2026-04-03T01:43:37.222+0600][63.026s][info][gc,stats    ]   CWRF: Weak References            1558 us, workers (us): 758, 798,   2, ---, ---, ---, 
[2026-04-03T01:43:37.222+0600][63.026s][info][gc,stats    ] Concurrent Weak Roots             10531 us
[2026-04-03T01:43:37.222+0600][63.026s][info][gc,stats    ]   Roots                            4749 us, parallelism: 2.73x
[2026-04-03T01:43:37.222+0600][63.026s][info][gc,stats    ]     CWR: <total>                  12968 us
[2026-04-03T01:43:37.222+0600][63.027s][info][gc,stats    ]     CWR: Code Cache Roots          9799 us, workers (us): 3156, 3319, 3324, ---, ---, ---, 
[2026-04-03T01:43:37.222+0600][63.027s][info][gc,stats    ]     CWR: VM Weak Roots             2917 us, workers (us): 997, 979, 941, ---, ---, ---, 
[2026-04-03T01:43:37.223+0600][63.027s][info][gc,stats    ]     CWR: CLDG Roots                 252 us, workers (us): 252, ---, ---, ---, ---, ---, 
[2026-04-03T01:43:37.223+0600][63.027s][info][gc,stats    ]   Rendezvous                       5674 us
[2026-04-03T01:43:37.223+0600][63.027s][info][gc,stats    ] Concurrent Cleanup                 1455 us
[2026-04-03T01:43:37.223+0600][63.027s][info][gc,stats    ] Concurrent Class Unloading        48317 us
[2026-04-03T01:43:37.223+0600][63.027s][info][gc,stats    ]   Unlink Stale                    30523 us
[2026-04-03T01:43:37.223+0600][63.027s][info][gc,stats    ]     System Dictionary               358 us
[2026-04-03T01:43:37.223+0600][63.027s][info][gc,stats    ]     Weak Class Links                  1 us
[2026-04-03T01:43:37.223+0600][63.027s][info][gc,stats    ]     Code Roots                    30159 us
[2026-04-03T01:43:37.223+0600][63.027s][info][gc,stats    ]   Rendezvous                       4716 us
[2026-04-03T01:43:37.223+0600][63.027s][info][gc,stats    ]   Purge Unlinked                  12886 us
[2026-04-03T01:43:37.223+0600][63.027s][info][gc,stats    ]     Code Roots                    12838 us
[2026-04-03T01:43:37.223+0600][63.027s][info][gc,stats    ]     CLDG                             45 us
[2026-04-03T01:43:37.223+0600][63.027s][info][gc,stats    ]     Exception Caches                  1 us
[2026-04-03T01:43:37.223+0600][63.027s][info][gc,stats    ] Concurrent Strong Roots            2616 us, parallelism: 0.60x
[2026-04-03T01:43:37.223+0600][63.027s][info][gc,stats    ]   CSR: <total>                     1583 us
[2026-04-03T01:43:37.223+0600][63.027s][info][gc,stats    ]   CSR: VM Strong Roots               79 us, workers (us):  32,  29,  18, ---, ---, ---, 
[2026-04-03T01:43:37.223+0600][63.027s][info][gc,stats    ]   CSR: CLDG Roots                  1504 us, workers (us): ---, ---, 1504, ---, ---, ---, 
[2026-04-03T01:43:37.223+0600][63.027s][info][gc,stats    ] Concurrent Evacuation             17076 us
[2026-04-03T01:43:37.223+0600][63.027s][info][gc,stats    ] Pause Init Update Refs (G)          634 us
[2026-04-03T01:43:37.223+0600][63.027s][info][gc,stats    ] Pause Init Update Refs (N)          266 us
[2026-04-03T01:43:37.223+0600][63.027s][info][gc,stats    ]   Manage GCLABs                      89 us
[2026-04-03T01:43:37.223+0600][63.027s][info][gc,stats    ] Concurrent Update Refs            66899 us
[2026-04-03T01:43:37.223+0600][63.027s][info][gc,stats    ] Concurrent Update Thread Roots     2220 us
[2026-04-03T01:43:37.223+0600][63.027s][info][gc,stats    ] Pause Final Update Refs (G)         584 us
[2026-04-03T01:43:37.223+0600][63.027s][info][gc,stats    ] Pause Final Update Refs (N)         289 us
[2026-04-03T01:43:37.223+0600][63.027s][info][gc,stats    ]   Update Region States               77 us
[2026-04-03T01:43:37.223+0600][63.027s][info][gc,stats    ]   Trash Collection Set               28 us
[2026-04-03T01:43:37.223+0600][63.027s][info][gc,stats    ]   Rebuild Free Set                   73 us
[2026-04-03T01:43:37.223+0600][63.027s][info][gc,stats    ] Concurrent Cleanup                 1035 us
[2026-04-03T01:43:37.223+0600][63.027s][info][gc,stats    ] 
[2026-04-03T01:43:37.223+0600][63.027s][info][gc,stats    ] Allocation pacing accrued:
[2026-04-03T01:43:37.223+0600][63.027s][info][gc,stats    ]       0 of  3460 ms (  0.0%): <total>
[2026-04-03T01:43:37.223+0600][63.027s][info][gc,stats    ]       0 of  3460 ms (  0.0%): <average total>
[2026-04-03T01:43:37.223+0600][63.027s][info][gc,stats    ] 
[2026-04-03T01:43:37.223+0600][63.027s][info][gc,metaspace] Metaspace: 131110K(132672K)->131129K(132672K) NonClass: 114674K(115520K)->114693K(115520K) Class: 16436K(17152K)->16436K(17152K)
[2026-04-03T01:43:37.223+0600][63.027s][info][gc,ergo     ] Pacer for Idle. Initial: 80302K, Alloc Tax Rate: 1.0x
[2026-04-03T01:43:39.763+0600][65.567s][info][gc          ] Trigger: Average GC time (274.55 ms) is above the time for average allocation rate (1009 MB/s) to deplete free headroom (275M) (margin of error = 1.82)
[2026-04-03T01:43:39.764+0600][65.568s][info][gc,ergo     ] Free headroom: 471M (free) - 196M (spike) - 0B (penalties) = 275M
[2026-04-03T01:43:39.764+0600][65.568s][info][gc,ergo     ] Free: 471M, Max: 1024K regular, 200M humongous, Frag: 58% external, 1% internal; Reserve: 197M, Max: 1024K
[2026-04-03T01:43:39.764+0600][65.568s][info][gc,start    ] GC(23) Concurrent reset
[2026-04-03T01:43:39.764+0600][65.568s][info][gc,task     ] GC(23) Using 3 of 6 workers for concurrent reset
[2026-04-03T01:43:39.764+0600][65.568s][info][gc,ergo     ] GC(23) Pacer for Reset. Non-Taxable: 3921M
[2026-04-03T01:43:39.786+0600][65.590s][info][gc          ] GC(23) Concurrent reset 22.527ms
[2026-04-03T01:43:39.787+0600][65.591s][info][gc,start    ] GC(23) Pause Init Mark (unload classes)
[2026-04-03T01:43:39.787+0600][65.591s][info][gc,task     ] GC(23) Using 6 of 6 workers for init marking
[2026-04-03T01:43:39.787+0600][65.591s][info][gc,ergo     ] GC(23) Pacer for Mark. Expected Live: 93739K, Free: 461M, Non-Taxable: 47247K, Alloc Tax Rate: 0.2x
[2026-04-03T01:43:39.787+0600][65.591s][info][gc          ] GC(23) Pause Init Mark (unload classes) 0.195ms
[2026-04-03T01:43:39.787+0600][65.591s][info][gc,start    ] GC(23) Concurrent marking roots
[2026-04-03T01:43:39.787+0600][65.591s][info][gc,task     ] GC(23) Using 3 of 6 workers for concurrent marking roots
[2026-04-03T01:43:39.789+0600][65.593s][info][gc          ] GC(23) Concurrent marking roots 1.953ms
[2026-04-03T01:43:39.789+0600][65.593s][info][gc,start    ] GC(23) Concurrent marking (unload classes)
[2026-04-03T01:43:39.789+0600][65.593s][info][gc,task     ] GC(23) Using 3 of 6 workers for concurrent marking
[2026-04-03T01:43:39.855+0600][65.659s][info][gc          ] GC(23) Concurrent marking (unload classes) 66.333ms
[2026-04-03T01:43:39.855+0600][65.659s][info][gc,start    ] GC(23) Pause Final Mark (unload classes)
[2026-04-03T01:43:39.855+0600][65.659s][info][gc,task     ] GC(23) Using 6 of 6 workers for final marking
[2026-04-03T01:43:39.856+0600][65.660s][info][gc,ergo     ] GC(23) Adaptive CSet Selection. Target Free: 555M, Actual Free: 2560M, Max CSet: 163M, Min Garbage: 0B
[2026-04-03T01:43:39.856+0600][65.660s][info][gc,ergo     ] GC(23) Collectable Garbage: 2634M (99%), Immediate: 1952M (73%), CSet: 682M (25%)
[2026-04-03T01:43:39.856+0600][65.660s][info][gc,ergo     ] GC(23) Pacer for Evacuation. Used CSet: 702M, Free: 2887M, Non-Taxable: 288M, Alloc Tax Rate: 1.1x
[2026-04-03T01:43:39.856+0600][65.660s][info][gc          ] GC(23) Pause Final Mark (unload classes) 0.873ms
[2026-04-03T01:43:39.856+0600][65.660s][info][gc,start    ] GC(23) Concurrent thread roots
[2026-04-03T01:43:39.856+0600][65.660s][info][gc,task     ] GC(23) Using 3 of 6 workers for Concurrent thread roots
[2026-04-03T01:43:39.865+0600][65.669s][info][gc          ] GC(23) Concurrent thread roots 8.495ms
[2026-04-03T01:43:39.865+0600][65.669s][info][gc,start    ] GC(23) Concurrent weak references
[2026-04-03T01:43:39.865+0600][65.669s][info][gc,task     ] GC(23) Using 3 of 6 workers for concurrent weak references
[2026-04-03T01:43:39.867+0600][65.671s][info][gc,ref      ] GC(23) Encountered references: Soft: 3791, Weak: 19016, Final: 84, Phantom: 621
[2026-04-03T01:43:39.867+0600][65.671s][info][gc,ref      ] GC(23) Discovered  references: Soft: 0, Weak: 12817, Final: 53, Phantom: 617
[2026-04-03T01:43:39.867+0600][65.671s][info][gc,ref      ] GC(23) Enqueued    references: Soft: 0, Weak: 2918, Final: 0, Phantom: 0
[2026-04-03T01:43:39.867+0600][65.671s][info][gc          ] GC(23) Concurrent weak references 2.233ms
[2026-04-03T01:43:39.867+0600][65.671s][info][gc,start    ] GC(23) Concurrent weak roots
[2026-04-03T01:43:39.867+0600][65.671s][info][gc,task     ] GC(23) Using 3 of 6 workers for concurrent weak root
[2026-04-03T01:43:39.886+0600][65.690s][info][gc          ] GC(23) Concurrent weak roots 19.029ms
[2026-04-03T01:43:39.886+0600][65.690s][info][gc,start    ] GC(23) Concurrent cleanup
[2026-04-03T01:43:39.888+0600][65.692s][info][gc          ] GC(23) Concurrent cleanup 2796M->844M(3379M) 1.246ms
[2026-04-03T01:43:39.888+0600][65.692s][info][gc,ergo     ] GC(23) Free: 2868M, Max: 1024K regular, 262M humongous, Frag: 91% external, 0% internal; Reserve: 196M, Max: 1024K
[2026-04-03T01:43:39.888+0600][65.692s][info][gc,start    ] GC(23) Concurrent class unloading
[2026-04-03T01:43:39.888+0600][65.692s][info][gc,task     ] GC(23) Using 3 of 6 workers for concurrent class unloading
[2026-04-03T01:43:39.916+0600][65.720s][info][gc          ] GC(23) Concurrent class unloading 28.224ms
[2026-04-03T01:43:39.916+0600][65.720s][info][gc,start    ] GC(23) Concurrent strong roots
[2026-04-03T01:43:39.916+0600][65.720s][info][gc,task     ] GC(23) Using 3 of 6 workers for concurrent strong root
[2026-04-03T01:43:39.918+0600][65.722s][info][gc          ] GC(23) Concurrent strong roots 1.468ms
[2026-04-03T01:43:39.918+0600][65.722s][info][gc,start    ] GC(23) Concurrent evacuation
[2026-04-03T01:43:39.918+0600][65.722s][info][gc,task     ] GC(23) Using 3 of 6 workers for concurrent evacuation
[2026-04-03T01:43:39.939+0600][65.743s][info][gc          ] GC(23) Concurrent evacuation 20.776ms
[2026-04-03T01:43:39.939+0600][65.743s][info][gc,start    ] GC(23) Pause Init Update Refs
[2026-04-03T01:43:39.939+0600][65.743s][info][gc,ergo     ] GC(23) Pacer for Update Refs. Used: 889M, Free: 2835M, Non-Taxable: 283M, Alloc Tax Rate: 1.1x
[2026-04-03T01:43:39.939+0600][65.743s][info][gc          ] GC(23) Pause Init Update Refs 0.175ms
[2026-04-03T01:43:39.939+0600][65.743s][info][gc,start    ] GC(23) Concurrent update references
[2026-04-03T01:43:39.939+0600][65.743s][info][gc,task     ] GC(23) Using 3 of 6 workers for concurrent reference update
[2026-04-03T01:43:39.991+0600][65.795s][info][gc          ] GC(23) Concurrent update references 52.144ms
[2026-04-03T01:43:39.991+0600][65.795s][info][gc,start    ] GC(23) Concurrent update thread roots
[2026-04-03T01:43:39.994+0600][65.798s][info][gc          ] GC(23) Concurrent update thread roots 2.130ms
[2026-04-03T01:43:39.994+0600][65.798s][info][gc,start    ] GC(23) Pause Final Update Refs
[2026-04-03T01:43:39.994+0600][65.798s][info][gc,task     ] GC(23) Using 6 of 6 workers for final reference update
[2026-04-03T01:43:39.994+0600][65.798s][info][gc          ] GC(23) Pause Final Update Refs 0.364ms
[2026-04-03T01:43:39.994+0600][65.798s][info][gc,start    ] GC(23) Concurrent cleanup
[2026-04-03T01:43:39.995+0600][65.799s][info][gc          ] GC(23) Concurrent cleanup 898M->196M(3389M) 0.401ms
[2026-04-03T01:43:39.995+0600][65.799s][info][gc,ergo     ] Free: 3507M, Max: 1024K regular, 2551M humongous, Frag: 28% external, 0% internal; Reserve: 197M, Max: 1024K
[2026-04-03T01:43:39.995+0600][65.799s][info][gc,stats    ] 
[2026-04-03T01:43:39.995+0600][65.799s][info][gc,stats    ] All times are wall-clock times, except per-root-class counters, that are sum over
[2026-04-03T01:43:39.995+0600][65.799s][info][gc,stats    ] all workers. Dividing the <total> over the root stage time estimates parallelism.
[2026-04-03T01:43:39.995+0600][65.799s][info][gc,stats    ] 
[2026-04-03T01:43:39.995+0600][65.799s][info][gc,stats    ] Concurrent Reset                  22628 us
[2026-04-03T01:43:39.995+0600][65.799s][info][gc,stats    ] Pause Init Mark (G)                 584 us
[2026-04-03T01:43:39.995+0600][65.799s][info][gc,stats    ] Pause Init Mark (N)                 213 us
[2026-04-03T01:43:39.995+0600][65.799s][info][gc,stats    ]   Update Region States               55 us
[2026-04-03T01:43:39.995+0600][65.799s][info][gc,stats    ] Concurrent Mark Roots              1994 us, parallelism: 2.24x
[2026-04-03T01:43:39.995+0600][65.799s][info][gc,stats    ]   CMR: <total>                     4474 us
[2026-04-03T01:43:39.995+0600][65.799s][info][gc,stats    ]   CMR: Thread Roots                3847 us, workers (us): 1479, 885, 1483, ---, ---, ---, 
[2026-04-03T01:43:39.995+0600][65.799s][info][gc,stats    ]   CMR: VM Strong Roots               56 us, workers (us):  35,  19,   1, ---, ---, ---, 
[2026-04-03T01:43:39.995+0600][65.799s][info][gc,stats    ]   CMR: CLDG Roots                   571 us, workers (us): ---, 571, ---, ---, ---, ---, 
[2026-04-03T01:43:39.995+0600][65.799s][info][gc,stats    ] Concurrent Marking                66450 us
[2026-04-03T01:43:39.995+0600][65.799s][info][gc,stats    ] Pause Final Mark (G)               1077 us
[2026-04-03T01:43:39.995+0600][65.799s][info][gc,stats    ] Pause Final Mark (N)                887 us
[2026-04-03T01:43:39.995+0600][65.799s][info][gc,stats    ]   Finish Mark                       203 us
[2026-04-03T01:43:39.995+0600][65.799s][info][gc,stats    ]   Update Region States               87 us
[2026-04-03T01:43:39.995+0600][65.799s][info][gc,stats    ]   Choose Collection Set             335 us
[2026-04-03T01:43:39.995+0600][65.799s][info][gc,stats    ]   Rebuild Free Set                   61 us
[2026-04-03T01:43:39.995+0600][65.799s][info][gc,stats    ] Concurrent Thread Roots            8589 us, parallelism: 2.31x
[2026-04-03T01:43:39.995+0600][65.799s][info][gc,stats    ]   CTR: <total>                    19825 us
[2026-04-03T01:43:39.995+0600][65.799s][info][gc,stats    ]   CTR: Thread Roots               19825 us, workers (us): 3611, 7973, 8241, ---, ---, ---, 
[2026-04-03T01:43:39.995+0600][65.799s][info][gc,stats    ] Concurrent Weak References         2252 us, parallelism: 0.92x
[2026-04-03T01:43:39.995+0600][65.799s][info][gc,stats    ]   CWRF: <total>                    2083 us
[2026-04-03T01:43:39.995+0600][65.799s][info][gc,stats    ]   CWRF: Weak References            2083 us, workers (us): 1975, 107,   0, ---, ---, ---, 
[2026-04-03T01:43:39.995+0600][65.799s][info][gc,stats    ] Concurrent Weak Roots             19159 us
[2026-04-03T01:43:39.995+0600][65.799s][info][gc,stats    ]   Roots                           15685 us, parallelism: 1.75x
[2026-04-03T01:43:39.995+0600][65.799s][info][gc,stats    ]     CWR: <total>                  27410 us
[2026-04-03T01:43:39.995+0600][65.799s][info][gc,stats    ]     CWR: Code Cache Roots         23822 us, workers (us): 5849, 13501, 4473, ---, ---, ---, 
[2026-04-03T01:43:39.995+0600][65.799s][info][gc,stats    ]     CWR: VM Weak Roots             3320 us, workers (us): 1663, 1655,   2, ---, ---, ---, 
[2026-04-03T01:43:39.995+0600][65.799s][info][gc,stats    ]     CWR: CLDG Roots                 268 us, workers (us): 268, ---, ---, ---, ---, ---, 
[2026-04-03T01:43:39.995+0600][65.799s][info][gc,stats    ]   Rendezvous                       3306 us
[2026-04-03T01:43:39.995+0600][65.799s][info][gc,stats    ] Concurrent Cleanup                 1319 us
[2026-04-03T01:43:39.995+0600][65.799s][info][gc,stats    ] Concurrent Class Unloading        28342 us
[2026-04-03T01:43:39.995+0600][65.799s][info][gc,stats    ]   Unlink Stale                    22363 us
[2026-04-03T01:43:39.995+0600][65.799s][info][gc,stats    ]     System Dictionary               421 us
[2026-04-03T01:43:39.995+0600][65.799s][info][gc,stats    ]     Weak Class Links                  1 us
[2026-04-03T01:43:39.995+0600][65.799s][info][gc,stats    ]     Code Roots                    21935 us
[2026-04-03T01:43:39.995+0600][65.799s][info][gc,stats    ]   Rendezvous                        441 us
[2026-04-03T01:43:39.995+0600][65.799s][info][gc,stats    ]   Purge Unlinked                   5367 us
[2026-04-03T01:43:39.995+0600][65.799s][info][gc,stats    ]     Code Roots                     5334 us
[2026-04-03T01:43:39.995+0600][65.799s][info][gc,stats    ]     CLDG                             32 us
[2026-04-03T01:43:39.995+0600][65.799s][info][gc,stats    ]     Exception Caches                  0 us
[2026-04-03T01:43:39.995+0600][65.799s][info][gc,stats    ] Concurrent Strong Roots            1548 us, parallelism: 0.70x
[2026-04-03T01:43:39.995+0600][65.799s][info][gc,stats    ]   CSR: <total>                     1081 us
[2026-04-03T01:43:39.995+0600][65.799s][info][gc,stats    ]   CSR: VM Strong Roots               70 us, workers (us):  30,  21,  20, ---, ---, ---, 
[2026-04-03T01:43:39.995+0600][65.799s][info][gc,stats    ]   CSR: CLDG Roots                  1011 us, workers (us): ---, 1011, ---, ---, ---, ---, 
[2026-04-03T01:43:39.995+0600][65.799s][info][gc,stats    ] Concurrent Evacuation             20861 us
[2026-04-03T01:43:39.995+0600][65.799s][info][gc,stats    ] Pause Init Update Refs (G)          515 us
[2026-04-03T01:43:39.995+0600][65.799s][info][gc,stats    ] Pause Init Update Refs (N)          189 us
[2026-04-03T01:43:39.995+0600][65.799s][info][gc,stats    ]   Manage GCLABs                      74 us
[2026-04-03T01:43:39.995+0600][65.799s][info][gc,stats    ] Concurrent Update Refs            52252 us
[2026-04-03T01:43:39.995+0600][65.799s][info][gc,stats    ] Concurrent Update Thread Roots     2227 us
[2026-04-03T01:43:39.995+0600][65.799s][info][gc,stats    ] Pause Final Update Refs (G)         622 us
[2026-04-03T01:43:39.995+0600][65.799s][info][gc,stats    ] Pause Final Update Refs (N)         399 us
[2026-04-03T01:43:39.995+0600][65.799s][info][gc,stats    ]   Update Region States               92 us
[2026-04-03T01:43:39.995+0600][65.799s][info][gc,stats    ]   Trash Collection Set               37 us
[2026-04-03T01:43:39.995+0600][65.799s][info][gc,stats    ]   Rebuild Free Set                   78 us
[2026-04-03T01:43:39.995+0600][65.799s][info][gc,stats    ] Concurrent Cleanup                  429 us
[2026-04-03T01:43:39.995+0600][65.799s][info][gc,stats    ] 
[2026-04-03T01:43:39.995+0600][65.800s][info][gc,stats    ] Allocation pacing accrued:
[2026-04-03T01:43:39.995+0600][65.800s][info][gc,stats    ]       0 of  2772 ms (  0.0%): <total>
[2026-04-03T01:43:39.995+0600][65.800s][info][gc,stats    ]       0 of  2772 ms (  0.0%): <average total>
[2026-04-03T01:43:39.995+0600][65.800s][info][gc,stats    ] 
[2026-04-03T01:43:39.996+0600][65.800s][info][gc,metaspace] Metaspace: 131202K(132672K)->131212K(132672K) NonClass: 114754K(115520K)->114763K(115520K) Class: 16447K(17152K)->16448K(17152K)
[2026-04-03T01:43:39.996+0600][65.800s][info][gc,ergo     ] Pacer for Idle. Initial: 80302K, Alloc Tax Rate: 1.0x
[2026-04-03T01:43:42.007+0600][67.811s][info][gc          ] Trigger: Average GC time (261.49 ms) is above the time for instantaneous allocation rate (4014 MB/s) to deplete free headroom (898M) (spike threshold = 1.80)
[2026-04-03T01:43:42.007+0600][67.811s][info][gc,ergo     ] Free: 1094M, Max: 1024K regular, 632M humongous, Frag: 43% external, 0% internal; Reserve: 197M, Max: 1024K
[2026-04-03T01:43:42.007+0600][67.811s][info][gc,start    ] GC(24) Concurrent reset
[2026-04-03T01:43:42.007+0600][67.811s][info][gc,task     ] GC(24) Using 3 of 6 workers for concurrent reset
[2026-04-03T01:43:42.007+0600][67.811s][info][gc,ergo     ] GC(24) Pacer for Reset. Non-Taxable: 3921M
[2026-04-03T01:43:42.029+0600][67.834s][info][gc          ] GC(24) Concurrent reset 22.149ms
[2026-04-03T01:43:42.030+0600][67.834s][info][gc,start    ] GC(24) Pause Init Mark (unload classes)
[2026-04-03T01:43:42.030+0600][67.834s][info][gc,task     ] GC(24) Using 6 of 6 workers for init marking
[2026-04-03T01:43:42.030+0600][67.835s][info][gc,ergo     ] GC(24) Pacer for Mark. Expected Live: 95452K, Free: 1080M, Non-Taxable: 108M, Alloc Tax Rate: 0.1x
[2026-04-03T01:43:42.031+0600][67.835s][info][gc          ] GC(24) Pause Init Mark (unload classes) 0.471ms
[2026-04-03T01:43:42.031+0600][67.835s][info][gc,start    ] GC(24) Concurrent marking roots
[2026-04-03T01:43:42.031+0600][67.835s][info][gc,task     ] GC(24) Using 3 of 6 workers for concurrent marking roots
[2026-04-03T01:43:42.035+0600][67.839s][info][gc          ] GC(24) Concurrent marking roots 3.758ms
[2026-04-03T01:43:42.035+0600][67.839s][info][gc,start    ] GC(24) Concurrent marking (unload classes)
[2026-04-03T01:43:42.035+0600][67.839s][info][gc,task     ] GC(24) Using 3 of 6 workers for concurrent marking
[2026-04-03T01:43:42.111+0600][67.915s][info][gc          ] GC(24) Concurrent marking (unload classes) 76.165ms
[2026-04-03T01:43:42.111+0600][67.915s][info][gc,start    ] GC(24) Pause Final Mark (unload classes)
[2026-04-03T01:43:42.111+0600][67.915s][info][gc,task     ] GC(24) Using 6 of 6 workers for final marking
[2026-04-03T01:43:42.112+0600][67.916s][info][gc,ergo     ] GC(24) Adaptive CSet Selection. Target Free: 555M, Actual Free: 2848M, Max CSet: 163M, Min Garbage: 0B
[2026-04-03T01:43:42.112+0600][67.916s][info][gc,ergo     ] GC(24) Collectable Garbage: 2132M (99%), Immediate: 1632M (76%), CSet: 499M (23%)
[2026-04-03T01:43:42.112+0600][67.916s][info][gc,ergo     ] GC(24) Pacer for Evacuation. Used CSet: 516M, Free: 3060M, Non-Taxable: 306M, Alloc Tax Rate: 1.1x
[2026-04-03T01:43:42.112+0600][67.916s][info][gc          ] GC(24) Pause Final Mark (unload classes) 1.242ms
[2026-04-03T01:43:42.112+0600][67.917s][info][gc,start    ] GC(24) Concurrent thread roots
[2026-04-03T01:43:42.113+0600][67.917s][info][gc,task     ] GC(24) Using 3 of 6 workers for Concurrent thread roots
[2026-04-03T01:43:42.114+0600][67.918s][info][gc          ] GC(24) Concurrent thread roots 1.375ms
[2026-04-03T01:43:42.114+0600][67.918s][info][gc,start    ] GC(24) Concurrent weak references
[2026-04-03T01:43:42.114+0600][67.918s][info][gc,task     ] GC(24) Using 3 of 6 workers for concurrent weak references
[2026-04-03T01:43:42.115+0600][67.919s][info][gc,ref      ] GC(24) Encountered references: Soft: 3792, Weak: 18855, Final: 84, Phantom: 621
[2026-04-03T01:43:42.115+0600][67.919s][info][gc,ref      ] GC(24) Discovered  references: Soft: 0, Weak: 7115, Final: 0, Phantom: 587
[2026-04-03T01:43:42.115+0600][67.919s][info][gc,ref      ] GC(24) Enqueued    references: Soft: 0, Weak: 4120, Final: 0, Phantom: 0
[2026-04-03T01:43:42.115+0600][67.919s][info][gc          ] GC(24) Concurrent weak references 1.283ms
[2026-04-03T01:43:42.115+0600][67.919s][info][gc,start    ] GC(24) Concurrent weak roots
[2026-04-03T01:43:42.115+0600][67.919s][info][gc,task     ] GC(24) Using 3 of 6 workers for concurrent weak root
[2026-04-03T01:43:42.123+0600][67.927s][info][gc          ] GC(24) Concurrent weak roots 7.337ms
[2026-04-03T01:43:42.123+0600][67.927s][info][gc,start    ] GC(24) Concurrent cleanup
[2026-04-03T01:43:42.124+0600][67.928s][info][gc          ] GC(24) Concurrent cleanup 2289M->656M(3389M) 1.474ms
[2026-04-03T01:43:42.124+0600][67.928s][info][gc,ergo     ] GC(24) Free: 3058M, Max: 1024K regular, 558M humongous, Frag: 82% external, 0% internal; Reserve: 196M, Max: 1024K
[2026-04-03T01:43:42.124+0600][67.928s][info][gc,start    ] GC(24) Concurrent class unloading
[2026-04-03T01:43:42.124+0600][67.928s][info][gc,task     ] GC(24) Using 3 of 6 workers for concurrent class unloading
[2026-04-03T01:43:42.154+0600][67.958s][info][gc          ] GC(24) Concurrent class unloading 29.251ms
[2026-04-03T01:43:42.154+0600][67.958s][info][gc,start    ] GC(24) Concurrent strong roots
[2026-04-03T01:43:42.154+0600][67.958s][info][gc,task     ] GC(24) Using 3 of 6 workers for concurrent strong root
[2026-04-03T01:43:42.156+0600][67.960s][info][gc          ] GC(24) Concurrent strong roots 1.989ms
[2026-04-03T01:43:42.156+0600][67.960s][info][gc,start    ] GC(24) Concurrent evacuation
[2026-04-03T01:43:42.156+0600][67.960s][info][gc,task     ] GC(24) Using 3 of 6 workers for concurrent evacuation
[2026-04-03T01:43:42.168+0600][67.972s][info][gc          ] GC(24) Concurrent evacuation 11.997ms
[2026-04-03T01:43:42.169+0600][67.973s][info][gc,start    ] GC(24) Pause Init Update Refs
[2026-04-03T01:43:42.169+0600][67.973s][info][gc,ergo     ] GC(24) Pacer for Update Refs. Used: 694M, Free: 3037M, Non-Taxable: 303M, Alloc Tax Rate: 1.1x
[2026-04-03T01:43:42.169+0600][67.973s][info][gc          ] GC(24) Pause Init Update Refs 0.240ms
[2026-04-03T01:43:42.172+0600][67.976s][info][gc,start    ] GC(24) Concurrent update references
[2026-04-03T01:43:42.172+0600][67.976s][info][gc,task     ] GC(24) Using 3 of 6 workers for concurrent reference update
[2026-04-03T01:43:42.245+0600][68.049s][info][gc          ] GC(24) Concurrent update references 72.529ms
[2026-04-03T01:43:42.245+0600][68.049s][info][gc,start    ] GC(24) Concurrent update thread roots
[2026-04-03T01:43:42.248+0600][68.052s][info][gc          ] GC(24) Concurrent update thread roots 3.222ms
[2026-04-03T01:43:42.249+0600][68.053s][info][gc,start    ] GC(24) Pause Final Update Refs
[2026-04-03T01:43:42.249+0600][68.053s][info][gc,task     ] GC(24) Using 6 of 6 workers for final reference update
[2026-04-03T01:43:42.249+0600][68.053s][info][gc          ] GC(24) Pause Final Update Refs 0.273ms
[2026-04-03T01:43:42.253+0600][68.057s][info][gc,start    ] GC(24) Concurrent cleanup
[2026-04-03T01:43:42.253+0600][68.057s][info][gc          ] GC(24) Concurrent cleanup 723M->212M(3389M) 0.532ms
[2026-04-03T01:43:42.253+0600][68.057s][info][gc,ergo     ] Free: 3488M, Max: 1024K regular, 1933M humongous, Frag: 45% external, 0% internal; Reserve: 197M, Max: 1024K
[2026-04-03T01:43:42.254+0600][68.058s][info][gc,stats    ] 
[2026-04-03T01:43:42.254+0600][68.058s][info][gc,stats    ] All times are wall-clock times, except per-root-class counters, that are sum over
[2026-04-03T01:43:42.254+0600][68.058s][info][gc,stats    ] all workers. Dividing the <total> over the root stage time estimates parallelism.
[2026-04-03T01:43:42.254+0600][68.058s][info][gc,stats    ] 
[2026-04-03T01:43:42.254+0600][68.058s][info][gc,stats    ] Concurrent Reset                  22297 us
[2026-04-03T01:43:42.254+0600][68.058s][info][gc,stats    ] Pause Init Mark (G)                1166 us
[2026-04-03T01:43:42.254+0600][68.058s][info][gc,stats    ] Pause Init Mark (N)                 496 us
[2026-04-03T01:43:42.254+0600][68.058s][info][gc,stats    ]   Update Region States              157 us
[2026-04-03T01:43:42.254+0600][68.058s][info][gc,stats    ] Concurrent Mark Roots              3830 us, parallelism: 1.40x
[2026-04-03T01:43:42.254+0600][68.058s][info][gc,stats    ]   CMR: <total>                     5379 us
[2026-04-03T01:43:42.254+0600][68.058s][info][gc,stats    ]   CMR: Thread Roots                4768 us, workers (us): 2144, 2623,   0, ---, ---, ---, 
[2026-04-03T01:43:42.254+0600][68.058s][info][gc,stats    ]   CMR: VM Strong Roots               61 us, workers (us):  59,   1,   1, ---, ---, ---, 
[2026-04-03T01:43:42.254+0600][68.058s][info][gc,stats    ]   CMR: CLDG Roots                   551 us, workers (us): 551, ---, ---, ---, ---, ---, 
[2026-04-03T01:43:42.254+0600][68.058s][info][gc,stats    ] Concurrent Marking                76262 us
[2026-04-03T01:43:42.254+0600][68.058s][info][gc,stats    ] Pause Final Mark (G)               1573 us
[2026-04-03T01:43:42.254+0600][68.058s][info][gc,stats    ] Pause Final Mark (N)               1256 us
[2026-04-03T01:43:42.254+0600][68.058s][info][gc,stats    ]   Finish Mark                       277 us
[2026-04-03T01:43:42.254+0600][68.058s][info][gc,stats    ]   Update Region States               85 us
[2026-04-03T01:43:42.254+0600][68.058s][info][gc,stats    ]   Choose Collection Set             611 us
[2026-04-03T01:43:42.254+0600][68.058s][info][gc,stats    ]   Rebuild Free Set                   83 us
[2026-04-03T01:43:42.254+0600][68.058s][info][gc,stats    ] Concurrent Thread Roots            1448 us, parallelism: 2.44x
[2026-04-03T01:43:42.254+0600][68.058s][info][gc,stats    ]   CTR: <total>                     3537 us
[2026-04-03T01:43:42.254+0600][68.058s][info][gc,stats    ]   CTR: Thread Roots                3537 us, workers (us): 1197, 1183, 1157, ---, ---, ---, 
[2026-04-03T01:43:42.254+0600][68.058s][info][gc,stats    ] Concurrent Weak References         1296 us, parallelism: 1.21x
[2026-04-03T01:43:42.254+0600][68.058s][info][gc,stats    ]   CWRF: <total>                    1569 us
[2026-04-03T01:43:42.254+0600][68.058s][info][gc,stats    ]   CWRF: Weak References            1569 us, workers (us): 1117,  23, 429, ---, ---, ---, 
[2026-04-03T01:43:42.254+0600][68.058s][info][gc,stats    ] Concurrent Weak Roots              7460 us
[2026-04-03T01:43:42.254+0600][68.058s][info][gc,stats    ]   Roots                            6837 us, parallelism: 2.80x
[2026-04-03T01:43:42.254+0600][68.058s][info][gc,stats    ]     CWR: <total>                  19135 us
[2026-04-03T01:43:42.254+0600][68.058s][info][gc,stats    ]     CWR: Code Cache Roots         16274 us, workers (us): 5547, 5591, 5136, ---, ---, ---, 
[2026-04-03T01:43:42.254+0600][68.058s][info][gc,stats    ]     CWR: VM Weak Roots             2578 us, workers (us): 884, 874, 821, ---, ---, ---, 
[2026-04-03T01:43:42.254+0600][68.058s][info][gc,stats    ]     CWR: CLDG Roots                 282 us, workers (us): ---, ---, 282, ---, ---, ---, 
[2026-04-03T01:43:42.254+0600][68.058s][info][gc,stats    ]   Rendezvous                        468 us
[2026-04-03T01:43:42.254+0600][68.058s][info][gc,stats    ] Concurrent Cleanup                 1527 us
[2026-04-03T01:43:42.254+0600][68.058s][info][gc,stats    ] Concurrent Class Unloading        29419 us
[2026-04-03T01:43:42.254+0600][68.058s][info][gc,stats    ]   Unlink Stale                    21234 us
[2026-04-03T01:43:42.254+0600][68.058s][info][gc,stats    ]     System Dictionary               389 us
[2026-04-03T01:43:42.254+0600][68.058s][info][gc,stats    ]     Weak Class Links                  0 us
[2026-04-03T01:43:42.254+0600][68.058s][info][gc,stats    ]     Code Roots                    20838 us
[2026-04-03T01:43:42.254+0600][68.058s][info][gc,stats    ]   Rendezvous                        466 us
[2026-04-03T01:43:42.254+0600][68.058s][info][gc,stats    ]   Purge Unlinked                   7498 us
[2026-04-03T01:43:42.254+0600][68.058s][info][gc,stats    ]     Code Roots                     7463 us
[2026-04-03T01:43:42.254+0600][68.058s][info][gc,stats    ]     CLDG                             32 us
[2026-04-03T01:43:42.254+0600][68.058s][info][gc,stats    ]     Exception Caches                  1 us
[2026-04-03T01:43:42.254+0600][68.058s][info][gc,stats    ] Concurrent Strong Roots            2070 us, parallelism: 0.69x
[2026-04-03T01:43:42.254+0600][68.058s][info][gc,stats    ]   CSR: <total>                     1419 us
[2026-04-03T01:43:42.254+0600][68.058s][info][gc,stats    ]   CSR: VM Strong Roots               57 us, workers (us):  55,   1,   0, ---, ---, ---, 
[2026-04-03T01:43:42.254+0600][68.058s][info][gc,stats    ]   CSR: CLDG Roots                  1362 us, workers (us): 1362, ---, ---, ---, ---, ---, 
[2026-04-03T01:43:42.254+0600][68.058s][info][gc,stats    ] Concurrent Evacuation             12121 us
[2026-04-03T01:43:42.254+0600][68.058s][info][gc,stats    ] Pause Init Update Refs (G)         4257 us
[2026-04-03T01:43:42.254+0600][68.058s][info][gc,stats    ] Pause Init Update Refs (N)          261 us
[2026-04-03T01:43:42.254+0600][68.058s][info][gc,stats    ]   Manage GCLABs                     126 us
[2026-04-03T01:43:42.254+0600][68.058s][info][gc,stats    ] Concurrent Update Refs            72652 us
[2026-04-03T01:43:42.254+0600][68.058s][info][gc,stats    ] Concurrent Update Thread Roots     3302 us
[2026-04-03T01:43:42.254+0600][68.058s][info][gc,stats    ] Pause Final Update Refs (G)        4607 us
[2026-04-03T01:43:42.254+0600][68.058s][info][gc,stats    ] Pause Final Update Refs (N)         291 us
[2026-04-03T01:43:42.254+0600][68.058s][info][gc,stats    ]   Update Region States               77 us
[2026-04-03T01:43:42.254+0600][68.058s][info][gc,stats    ]   Trash Collection Set               27 us
[2026-04-03T01:43:42.254+0600][68.058s][info][gc,stats    ]   Rebuild Free Set                   63 us
[2026-04-03T01:43:42.254+0600][68.058s][info][gc,stats    ] Concurrent Cleanup                  576 us
[2026-04-03T01:43:42.254+0600][68.059s][info][gc,stats    ] 
[2026-04-03T01:43:42.254+0600][68.059s][info][gc,stats    ] Allocation pacing accrued:
[2026-04-03T01:43:42.255+0600][68.059s][info][gc,stats    ]       0 of  2259 ms (  0.0%): <total>
[2026-04-03T01:43:42.255+0600][68.059s][info][gc,stats    ]       0 of  2259 ms (  0.0%): <average total>
[2026-04-03T01:43:42.255+0600][68.059s][info][gc,stats    ] 
[2026-04-03T01:43:42.255+0600][68.059s][info][gc,metaspace] Metaspace: 131256K(132672K)->131256K(132672K) NonClass: 114807K(115520K)->114807K(115520K) Class: 16448K(17152K)->16448K(17152K)
[2026-04-03T01:43:42.255+0600][68.059s][info][gc,ergo     ] Pacer for Idle. Initial: 80302K, Alloc Tax Rate: 1.0x
[2026-04-03T01:43:45.498+0600][71.302s][info][gc          ] Trigger: Average GC time (263.50 ms) is above the time for average allocation rate (849 MB/s) to deplete free headroom (213M) (margin of error = 1.82)
[2026-04-03T01:43:45.498+0600][71.302s][info][gc,ergo     ] Free headroom: 409M (free) - 196M (spike) - 0B (penalties) = 213M
[2026-04-03T01:43:45.498+0600][71.302s][info][gc,ergo     ] Free: 409M, Max: 1024K regular, 247M humongous, Frag: 40% external, 1% internal; Reserve: 197M, Max: 1024K
[2026-04-03T01:43:45.498+0600][71.302s][info][gc,start    ] GC(25) Concurrent reset
[2026-04-03T01:43:45.498+0600][71.302s][info][gc,task     ] GC(25) Using 3 of 6 workers for concurrent reset
[2026-04-03T01:43:45.498+0600][71.302s][info][gc,ergo     ] GC(25) Pacer for Reset. Non-Taxable: 3921M
[2026-04-03T01:43:45.504+0600][71.308s][info][gc          ] GC(25) Concurrent reset 6.233ms
[2026-04-03T01:43:45.506+0600][71.310s][info][gc,start    ] GC(25) Pause Init Mark (unload classes)
[2026-04-03T01:43:45.506+0600][71.310s][info][gc,task     ] GC(25) Using 6 of 6 workers for init marking
[2026-04-03T01:43:45.506+0600][71.310s][info][gc,ergo     ] GC(25) Pacer for Mark. Expected Live: 96715K, Free: 370M, Non-Taxable: 37971K, Alloc Tax Rate: 0.3x
[2026-04-03T01:43:45.506+0600][71.310s][info][gc          ] GC(25) Pause Init Mark (unload classes) 0.215ms
[2026-04-03T01:43:45.506+0600][71.310s][info][gc,start    ] GC(25) Concurrent marking roots
[2026-04-03T01:43:45.506+0600][71.310s][info][gc,task     ] GC(25) Using 3 of 6 workers for concurrent marking roots
[2026-04-03T01:43:45.508+0600][71.312s][info][gc          ] GC(25) Concurrent marking roots 1.726ms
[2026-04-03T01:43:45.508+0600][71.312s][info][gc,start    ] GC(25) Concurrent marking (unload classes)
[2026-04-03T01:43:45.508+0600][71.312s][info][gc,task     ] GC(25) Using 3 of 6 workers for concurrent marking
[2026-04-03T01:43:45.571+0600][71.375s][info][gc          ] GC(25) Concurrent marking (unload classes) 63.747ms
[2026-04-03T01:43:45.576+0600][71.380s][info][gc,start    ] GC(25) Pause Final Mark (unload classes)
[2026-04-03T01:43:45.576+0600][71.380s][info][gc,task     ] GC(25) Using 6 of 6 workers for final marking
[2026-04-03T01:43:45.577+0600][71.381s][info][gc,ergo     ] GC(25) Adaptive CSet Selection. Target Free: 555M, Actual Free: 2371M, Max CSet: 163M, Min Garbage: 0B
[2026-04-03T01:43:45.577+0600][71.381s][info][gc,ergo     ] GC(25) Collectable Garbage: 2718M (99%), Immediate: 1953M (71%), CSet: 765M (28%)
[2026-04-03T01:43:45.577+0600][71.381s][info][gc,ergo     ] GC(25) Pacer for Evacuation. Used CSet: 779M, Free: 2690M, Non-Taxable: 269M, Alloc Tax Rate: 1.1x
[2026-04-03T01:43:45.577+0600][71.381s][info][gc          ] GC(25) Pause Final Mark (unload classes) 0.888ms
[2026-04-03T01:43:45.577+0600][71.381s][info][gc,start    ] GC(25) Concurrent thread roots
[2026-04-03T01:43:45.577+0600][71.381s][info][gc,task     ] GC(25) Using 3 of 6 workers for Concurrent thread roots
[2026-04-03T01:43:45.578+0600][71.382s][info][gc          ] GC(25) Concurrent thread roots 0.874ms
[2026-04-03T01:43:45.578+0600][71.382s][info][gc,start    ] GC(25) Concurrent weak references
[2026-04-03T01:43:45.578+0600][71.382s][info][gc,task     ] GC(25) Using 3 of 6 workers for concurrent weak references
[2026-04-03T01:43:45.579+0600][71.383s][info][gc,ref      ] GC(25) Encountered references: Soft: 3788, Weak: 19024, Final: 84, Phantom: 639
[2026-04-03T01:43:45.579+0600][71.383s][info][gc,ref      ] GC(25) Discovered  references: Soft: 0, Weak: 7103, Final: 0, Phantom: 606
[2026-04-03T01:43:45.579+0600][71.383s][info][gc,ref      ] GC(25) Enqueued    references: Soft: 0, Weak: 4291, Final: 0, Phantom: 0
[2026-04-03T01:43:45.579+0600][71.383s][info][gc          ] GC(25) Concurrent weak references 1.103ms
[2026-04-03T01:43:45.579+0600][71.383s][info][gc,start    ] GC(25) Concurrent weak roots
[2026-04-03T01:43:45.579+0600][71.383s][info][gc,task     ] GC(25) Using 3 of 6 workers for concurrent weak root
[2026-04-03T01:43:45.585+0600][71.389s][info][gc          ] GC(25) Concurrent weak roots 5.890ms
[2026-04-03T01:43:45.585+0600][71.389s][info][gc,start    ] GC(25) Concurrent cleanup
[2026-04-03T01:43:45.586+0600][71.390s][info][gc          ] GC(25) Concurrent cleanup 2961M->1008M(3533M) 0.917ms
[2026-04-03T01:43:45.586+0600][71.390s][info][gc,ergo     ] GC(25) Free: 2682M, Max: 1024K regular, 159M humongous, Frag: 95% external, 0% internal; Reserve: 195M, Max: 1024K
[2026-04-03T01:43:45.586+0600][71.390s][info][gc,start    ] GC(25) Concurrent class unloading
[2026-04-03T01:43:45.586+0600][71.390s][info][gc,task     ] GC(25) Using 3 of 6 workers for concurrent class unloading
[2026-04-03T01:43:45.611+0600][71.415s][info][gc          ] GC(25) Concurrent class unloading 24.607ms
[2026-04-03T01:43:45.611+0600][71.415s][info][gc,start    ] GC(25) Concurrent strong roots
[2026-04-03T01:43:45.611+0600][71.415s][info][gc,task     ] GC(25) Using 3 of 6 workers for concurrent strong root
[2026-04-03T01:43:45.615+0600][71.419s][info][gc          ] GC(25) Concurrent strong roots 4.203ms
[2026-04-03T01:43:45.615+0600][71.419s][info][gc,start    ] GC(25) Concurrent evacuation
[2026-04-03T01:43:45.615+0600][71.419s][info][gc,task     ] GC(25) Using 3 of 6 workers for concurrent evacuation
[2026-04-03T01:43:45.627+0600][71.431s][info][gc          ] GC(25) Concurrent evacuation 11.479ms
[2026-04-03T01:43:45.627+0600][71.431s][info][gc,start    ] GC(25) Pause Init Update Refs
[2026-04-03T01:43:45.627+0600][71.431s][info][gc,ergo     ] GC(25) Pacer for Update Refs. Used: 1059M, Free: 2643M, Non-Taxable: 264M, Alloc Tax Rate: 1.1x
[2026-04-03T01:43:45.627+0600][71.431s][info][gc          ] GC(25) Pause Init Update Refs 0.180ms
[2026-04-03T01:43:45.631+0600][71.435s][info][gc,start    ] GC(25) Concurrent update references
[2026-04-03T01:43:45.631+0600][71.435s][info][gc,task     ] GC(25) Using 3 of 6 workers for concurrent reference update
[2026-04-03T01:43:45.675+0600][71.479s][info][gc          ] GC(25) Concurrent update references 44.019ms
[2026-04-03T01:43:45.675+0600][71.479s][info][gc,start    ] GC(25) Concurrent update thread roots
[2026-04-03T01:43:45.676+0600][71.480s][info][gc          ] GC(25) Concurrent update thread roots 1.350ms
[2026-04-03T01:43:45.676+0600][71.481s][info][gc,start    ] GC(25) Pause Final Update Refs
[2026-04-03T01:43:45.677+0600][71.481s][info][gc,task     ] GC(25) Using 6 of 6 workers for final reference update
[2026-04-03T01:43:45.677+0600][71.481s][info][gc          ] GC(25) Pause Final Update Refs 0.318ms
[2026-04-03T01:43:45.677+0600][71.481s][info][gc,start    ] GC(25) Concurrent cleanup
[2026-04-03T01:43:45.678+0600][71.482s][info][gc          ] GC(25) Concurrent cleanup 1082M->303M(3533M) 0.891ms
[2026-04-03T01:43:45.678+0600][71.482s][info][gc,ergo     ] Free: 3376M, Max: 1024K regular, 2693M humongous, Frag: 21% external, 0% internal; Reserve: 197M, Max: 1024K
[2026-04-03T01:43:45.678+0600][71.482s][info][gc,stats    ] 
[2026-04-03T01:43:45.678+0600][71.482s][info][gc,stats    ] All times are wall-clock times, except per-root-class counters, that are sum over
[2026-04-03T01:43:45.678+0600][71.482s][info][gc,stats    ] all workers. Dividing the <total> over the root stage time estimates parallelism.
[2026-04-03T01:43:45.678+0600][71.482s][info][gc,stats    ] 
[2026-04-03T01:43:45.678+0600][71.482s][info][gc,stats    ] Concurrent Reset                   6295 us
[2026-04-03T01:43:45.678+0600][71.482s][info][gc,stats    ] Pause Init Mark (G)                1329 us
[2026-04-03T01:43:45.678+0600][71.482s][info][gc,stats    ] Pause Init Mark (N)                 230 us
[2026-04-03T01:43:45.678+0600][71.482s][info][gc,stats    ]   Update Region States               63 us
[2026-04-03T01:43:45.678+0600][71.482s][info][gc,stats    ] Concurrent Mark Roots              1760 us, parallelism: 2.01x
[2026-04-03T01:43:45.678+0600][71.482s][info][gc,stats    ]   CMR: <total>                     3542 us
[2026-04-03T01:43:45.678+0600][71.482s][info][gc,stats    ]   CMR: Thread Roots                2989 us, workers (us): 671, 1158, 1161, ---, ---, ---, 
[2026-04-03T01:43:45.678+0600][71.482s][info][gc,stats    ]   CMR: VM Strong Roots               55 us, workers (us):  31,  23,   1, ---, ---, ---, 
[2026-04-03T01:43:45.678+0600][71.482s][info][gc,stats    ]   CMR: CLDG Roots                   498 us, workers (us): 498, ---, ---, ---, ---, ---, 
[2026-04-03T01:43:45.678+0600][71.482s][info][gc,stats    ] Concurrent Marking                63828 us
[2026-04-03T01:43:45.678+0600][71.482s][info][gc,stats    ] Pause Final Mark (G)               5550 us
[2026-04-03T01:43:45.678+0600][71.482s][info][gc,stats    ] Pause Final Mark (N)                903 us
[2026-04-03T01:43:45.678+0600][71.482s][info][gc,stats    ]   Finish Mark                       286 us
[2026-04-03T01:43:45.678+0600][71.482s][info][gc,stats    ]   Update Region States               86 us
[2026-04-03T01:43:45.678+0600][71.482s][info][gc,stats    ]   Choose Collection Set             315 us
[2026-04-03T01:43:45.678+0600][71.482s][info][gc,stats    ]   Rebuild Free Set                   47 us
[2026-04-03T01:43:45.678+0600][71.482s][info][gc,stats    ] Concurrent Thread Roots             915 us, parallelism: 2.21x
[2026-04-03T01:43:45.678+0600][71.482s][info][gc,stats    ]   CTR: <total>                     2021 us
[2026-04-03T01:43:45.678+0600][71.482s][info][gc,stats    ]   CTR: Thread Roots                2021 us, workers (us): 699, 660, 661, ---, ---, ---, 
[2026-04-03T01:43:45.678+0600][71.482s][info][gc,stats    ] Concurrent Weak References         1115 us, parallelism: 1.02x
[2026-04-03T01:43:45.678+0600][71.482s][info][gc,stats    ]   CWRF: <total>                    1134 us
[2026-04-03T01:43:45.678+0600][71.482s][info][gc,stats    ]   CWRF: Weak References            1134 us, workers (us): 224, 885,  24, ---, ---, ---, 
[2026-04-03T01:43:45.678+0600][71.482s][info][gc,stats    ] Concurrent Weak Roots              5980 us
[2026-04-03T01:43:45.678+0600][71.482s][info][gc,stats    ]   Roots                            5398 us, parallelism: 2.75x
[2026-04-03T01:43:45.678+0600][71.482s][info][gc,stats    ]     CWR: <total>                  14835 us
[2026-04-03T01:43:45.678+0600][71.482s][info][gc,stats    ]     CWR: Code Cache Roots         12406 us, workers (us): 4141, 4112, 4153, ---, ---, ---, 
[2026-04-03T01:43:45.678+0600][71.482s][info][gc,stats    ]     CWR: VM Weak Roots             2279 us, workers (us): 788, 751, 740, ---, ---, ---, 
[2026-04-03T01:43:45.678+0600][71.482s][info][gc,stats    ]     CWR: CLDG Roots                 150 us, workers (us): 150, ---, ---, ---, ---, ---, 
[2026-04-03T01:43:45.678+0600][71.482s][info][gc,stats    ]   Rendezvous                        465 us
[2026-04-03T01:43:45.678+0600][71.482s][info][gc,stats    ] Concurrent Cleanup                  953 us
[2026-04-03T01:43:45.678+0600][71.482s][info][gc,stats    ] Concurrent Class Unloading        24772 us
[2026-04-03T01:43:45.678+0600][71.482s][info][gc,stats    ]   Unlink Stale                    16477 us
[2026-04-03T01:43:45.678+0600][71.482s][info][gc,stats    ]     System Dictionary               313 us
[2026-04-03T01:43:45.678+0600][71.483s][info][gc,stats    ]     Weak Class Links                  0 us
[2026-04-03T01:43:45.678+0600][71.483s][info][gc,stats    ]     Code Roots                    16159 us
[2026-04-03T01:43:45.678+0600][71.483s][info][gc,stats    ]   Rendezvous                        412 us
[2026-04-03T01:43:45.678+0600][71.483s][info][gc,stats    ]   Purge Unlinked                   7669 us
[2026-04-03T01:43:45.678+0600][71.483s][info][gc,stats    ]     Code Roots                     7606 us
[2026-04-03T01:43:45.679+0600][71.483s][info][gc,stats    ]     CLDG                             60 us
[2026-04-03T01:43:45.679+0600][71.483s][info][gc,stats    ]     Exception Caches                  1 us
[2026-04-03T01:43:45.679+0600][71.483s][info][gc,stats    ] Concurrent Strong Roots            4304 us, parallelism: 0.36x
[2026-04-03T01:43:45.679+0600][71.483s][info][gc,stats    ]   CSR: <total>                     1570 us
[2026-04-03T01:43:45.679+0600][71.483s][info][gc,stats    ]   CSR: VM Strong Roots               56 us, workers (us):  55,   1,   1, ---, ---, ---, 
[2026-04-03T01:43:45.679+0600][71.483s][info][gc,stats    ]   CSR: CLDG Roots                  1514 us, workers (us): 1514, ---, ---, ---, ---, ---, 
[2026-04-03T01:43:45.679+0600][71.483s][info][gc,stats    ] Concurrent Evacuation             11631 us
[2026-04-03T01:43:45.679+0600][71.483s][info][gc,stats    ] Pause Init Update Refs (G)         3954 us
[2026-04-03T01:43:45.679+0600][71.483s][info][gc,stats    ] Pause Init Update Refs (N)          194 us
[2026-04-03T01:43:45.679+0600][71.483s][info][gc,stats    ]   Manage GCLABs                      70 us
[2026-04-03T01:43:45.679+0600][71.483s][info][gc,stats    ] Concurrent Update Refs            44155 us
[2026-04-03T01:43:45.679+0600][71.483s][info][gc,stats    ] Concurrent Update Thread Roots     1404 us
[2026-04-03T01:43:45.679+0600][71.483s][info][gc,stats    ] Pause Final Update Refs (G)         713 us
[2026-04-03T01:43:45.679+0600][71.483s][info][gc,stats    ] Pause Final Update Refs (N)         355 us
[2026-04-03T01:43:45.679+0600][71.483s][info][gc,stats    ]   Update Region States               77 us
[2026-04-03T01:43:45.679+0600][71.483s][info][gc,stats    ]   Trash Collection Set               55 us
[2026-04-03T01:43:45.679+0600][71.483s][info][gc,stats    ]   Rebuild Free Set                   65 us
[2026-04-03T01:43:45.679+0600][71.483s][info][gc,stats    ] Concurrent Cleanup                  942 us
[2026-04-03T01:43:45.679+0600][71.483s][info][gc,stats    ] Pacing                            30318 us
[2026-04-03T01:43:45.679+0600][71.483s][info][gc,stats    ] 
[2026-04-03T01:43:45.679+0600][71.483s][info][gc,stats    ] Allocation pacing accrued:
[2026-04-03T01:43:45.679+0600][71.483s][info][gc,stats    ]      10 of  3424 ms (  0.3%): Executor task launch worker for task 0.0 in stage 2422.0 (TID 4583)
[2026-04-03T01:43:45.679+0600][71.483s][info][gc,stats    ]      10 of  3424 ms (  0.3%): Executor task launch worker for task 2.0 in stage 2422.0 (TID 4585)
[2026-04-03T01:43:45.679+0600][71.483s][info][gc,stats    ]      10 of  3424 ms (  0.3%): Executor task launch worker for task 1.0 in stage 2422.0 (TID 4584)
[2026-04-03T01:43:45.679+0600][71.483s][info][gc,stats    ]      30 of  3424 ms (  0.9%): <total>
[2026-04-03T01:43:45.679+0600][71.483s][info][gc,stats    ]       0 of  3424 ms (  0.0%): <average total>
[2026-04-03T01:43:45.679+0600][71.483s][info][gc,stats    ]      10 of  3424 ms (  0.3%): <average non-zero>
[2026-04-03T01:43:45.679+0600][71.483s][info][gc,stats    ] 
[2026-04-03T01:43:45.679+0600][71.483s][info][gc,metaspace] Metaspace: 131314K(132672K)->131318K(132672K) NonClass: 114864K(115520K)->114868K(115520K) Class: 16449K(17152K)->16449K(17152K)
[2026-04-03T01:43:45.679+0600][71.483s][info][gc,ergo     ] Pacer for Idle. Initial: 80302K, Alloc Tax Rate: 1.0x
[2026-04-03T01:43:47.491+0600][73.296s][info][gc          ] Trigger: Average GC time (266.73 ms) is above the time for average allocation rate (2759 MB/s) to deplete free headroom (595M) (margin of error = 1.84)
[2026-04-03T01:43:47.492+0600][73.296s][info][gc,ergo     ] Free headroom: 791M (free) - 196M (spike) - 0B (penalties) = 595M
[2026-04-03T01:43:47.492+0600][73.296s][info][gc,ergo     ] Free: 791M, Max: 1024K regular, 573M humongous, Frag: 28% external, 0% internal; Reserve: 197M, Max: 1024K
[2026-04-03T01:43:47.492+0600][73.296s][info][gc,start    ] GC(26) Concurrent reset
[2026-04-03T01:43:47.492+0600][73.296s][info][gc,task     ] GC(26) Using 3 of 6 workers for concurrent reset
[2026-04-03T01:43:47.492+0600][73.296s][info][gc,ergo     ] GC(26) Pacer for Reset. Non-Taxable: 3921M
[2026-04-03T01:43:47.503+0600][73.307s][info][gc          ] GC(26) Concurrent reset 11.441ms
[2026-04-03T01:43:47.503+0600][73.307s][info][gc,start    ] GC(26) Pause Init Mark (unload classes)
[2026-04-03T01:43:47.503+0600][73.307s][info][gc,task     ] GC(26) Using 6 of 6 workers for init marking
[2026-04-03T01:43:47.504+0600][73.308s][info][gc,ergo     ] GC(26) Pacer for Mark. Expected Live: 100909K, Free: 778M, Non-Taxable: 79720K, Alloc Tax Rate: 0.2x
[2026-04-03T01:43:47.504+0600][73.308s][info][gc          ] GC(26) Pause Init Mark (unload classes) 0.249ms
[2026-04-03T01:43:47.504+0600][73.308s][info][gc,start    ] GC(26) Concurrent marking roots
[2026-04-03T01:43:47.504+0600][73.308s][info][gc,task     ] GC(26) Using 3 of 6 workers for concurrent marking roots
[2026-04-03T01:43:47.505+0600][73.309s][info][gc          ] GC(26) Concurrent marking roots 1.669ms
[2026-04-03T01:43:47.505+0600][73.309s][info][gc,start    ] GC(26) Concurrent marking (unload classes)
[2026-04-03T01:43:47.505+0600][73.309s][info][gc,task     ] GC(26) Using 3 of 6 workers for concurrent marking
[2026-04-03T01:43:47.562+0600][73.366s][info][gc          ] GC(26) Concurrent marking (unload classes) 56.868ms
[2026-04-03T01:43:47.563+0600][73.367s][info][gc,start    ] GC(26) Pause Final Mark (unload classes)
[2026-04-03T01:43:47.563+0600][73.367s][info][gc,task     ] GC(26) Using 6 of 6 workers for final marking
[2026-04-03T01:43:47.564+0600][73.368s][info][gc,ergo     ] GC(26) Adaptive CSet Selection. Target Free: 555M, Actual Free: 2483M, Max CSet: 163M, Min Garbage: 0B
[2026-04-03T01:43:47.564+0600][73.368s][info][gc,ergo     ] GC(26) Collectable Garbage: 2375M (99%), Immediate: 1796M (75%), CSet: 579M (24%)
[2026-04-03T01:43:47.564+0600][73.368s][info][gc,ergo     ] GC(26) Pacer for Evacuation. Used CSet: 590M, Free: 2756M, Non-Taxable: 275M, Alloc Tax Rate: 1.1x
[2026-04-03T01:43:47.564+0600][73.368s][info][gc          ] GC(26) Pause Final Mark (unload classes) 0.866ms
[2026-04-03T01:43:47.564+0600][73.368s][info][gc,start    ] GC(26) Concurrent thread roots
[2026-04-03T01:43:47.564+0600][73.368s][info][gc,task     ] GC(26) Using 3 of 6 workers for Concurrent thread roots
[2026-04-03T01:43:47.566+0600][73.370s][info][gc          ] GC(26) Concurrent thread roots 1.648ms
[2026-04-03T01:43:47.566+0600][73.370s][info][gc,start    ] GC(26) Concurrent weak references
[2026-04-03T01:43:47.566+0600][73.370s][info][gc,task     ] GC(26) Using 3 of 6 workers for concurrent weak references
[2026-04-03T01:43:47.567+0600][73.371s][info][gc,ref      ] GC(26) Encountered references: Soft: 3784, Weak: 17713, Final: 84, Phantom: 621
[2026-04-03T01:43:47.567+0600][73.371s][info][gc,ref      ] GC(26) Discovered  references: Soft: 0, Weak: 7914, Final: 0, Phantom: 611
[2026-04-03T01:43:47.567+0600][73.371s][info][gc,ref      ] GC(26) Enqueued    references: Soft: 0, Weak: 3125, Final: 0, Phantom: 0
[2026-04-03T01:43:47.567+0600][73.371s][info][gc          ] GC(26) Concurrent weak references 1.295ms
[2026-04-03T01:43:47.567+0600][73.371s][info][gc,start    ] GC(26) Concurrent weak roots
[2026-04-03T01:43:47.567+0600][73.371s][info][gc,task     ] GC(26) Using 3 of 6 workers for concurrent weak root
[2026-04-03T01:43:47.573+0600][73.377s][info][gc          ] GC(26) Concurrent weak roots 5.618ms
[2026-04-03T01:43:47.573+0600][73.377s][info][gc,start    ] GC(26) Concurrent cleanup
[2026-04-03T01:43:47.574+0600][73.378s][info][gc          ] GC(26) Concurrent cleanup 2769M->978M(3533M) 0.966ms
[2026-04-03T01:43:47.574+0600][73.378s][info][gc,ergo     ] GC(26) Free: 2677M, Max: 1024K regular, 277M humongous, Frag: 90% external, 0% internal; Reserve: 196M, Max: 1024K
[2026-04-03T01:43:47.574+0600][73.378s][info][gc,start    ] GC(26) Concurrent class unloading
[2026-04-03T01:43:47.574+0600][73.378s][info][gc,task     ] GC(26) Using 3 of 6 workers for concurrent class unloading
[2026-04-03T01:43:47.593+0600][73.397s][info][gc          ] GC(26) Concurrent class unloading 19.134ms
[2026-04-03T01:43:47.593+0600][73.397s][info][gc,start    ] GC(26) Concurrent strong roots
[2026-04-03T01:43:47.593+0600][73.397s][info][gc,task     ] GC(26) Using 3 of 6 workers for concurrent strong root
[2026-04-03T01:43:47.595+0600][73.399s][info][gc          ] GC(26) Concurrent strong roots 1.882ms
[2026-04-03T01:43:47.595+0600][73.399s][info][gc,start    ] GC(26) Concurrent evacuation
[2026-04-03T01:43:47.595+0600][73.399s][info][gc,task     ] GC(26) Using 3 of 6 workers for concurrent evacuation
[2026-04-03T01:43:47.604+0600][73.408s][info][gc          ] GC(26) Concurrent evacuation 8.700ms
[2026-04-03T01:43:47.604+0600][73.408s][info][gc,start    ] GC(26) Pause Init Update Refs
[2026-04-03T01:43:47.604+0600][73.408s][info][gc,ergo     ] GC(26) Pacer for Update Refs. Used: 1005M, Free: 2660M, Non-Taxable: 266M, Alloc Tax Rate: 1.1x
[2026-04-03T01:43:47.604+0600][73.408s][info][gc          ] GC(26) Pause Init Update Refs 0.128ms
[2026-04-03T01:43:47.604+0600][73.408s][info][gc,start    ] GC(26) Concurrent update references
[2026-04-03T01:43:47.604+0600][73.409s][info][gc,task     ] GC(26) Using 3 of 6 workers for concurrent reference update
[2026-04-03T01:43:47.659+0600][73.463s][info][gc          ] GC(26) Concurrent update references 54.110ms
[2026-04-03T01:43:47.659+0600][73.463s][info][gc,start    ] GC(26) Concurrent update thread roots
[2026-04-03T01:43:47.660+0600][73.464s][info][gc          ] GC(26) Concurrent update thread roots 1.006ms
[2026-04-03T01:43:47.660+0600][73.464s][info][gc,start    ] GC(26) Pause Final Update Refs
[2026-04-03T01:43:47.660+0600][73.464s][info][gc,task     ] GC(26) Using 6 of 6 workers for final reference update
[2026-04-03T01:43:47.660+0600][73.464s][info][gc          ] GC(26) Pause Final Update Refs 0.222ms
[2026-04-03T01:43:47.660+0600][73.464s][info][gc,start    ] GC(26) Concurrent cleanup
[2026-04-03T01:43:47.661+0600][73.465s][info][gc          ] GC(26) Concurrent cleanup 1058M->468M(3533M) 0.674ms
[2026-04-03T01:43:47.661+0600][73.465s][info][gc,ergo     ] Free: 3176M, Max: 1024K regular, 2133M humongous, Frag: 33% external, 0% internal; Reserve: 197M, Max: 1024K
[2026-04-03T01:43:47.661+0600][73.465s][info][gc,stats    ] 
[2026-04-03T01:43:47.661+0600][73.465s][info][gc,stats    ] All times are wall-clock times, except per-root-class counters, that are sum over
[2026-04-03T01:43:47.661+0600][73.465s][info][gc,stats    ] all workers. Dividing the <total> over the root stage time estimates parallelism.
[2026-04-03T01:43:47.661+0600][73.465s][info][gc,stats    ] 
[2026-04-03T01:43:47.661+0600][73.465s][info][gc,stats    ] Concurrent Reset                  11519 us
[2026-04-03T01:43:47.661+0600][73.465s][info][gc,stats    ] Pause Init Mark (G)                 532 us
[2026-04-03T01:43:47.661+0600][73.465s][info][gc,stats    ] Pause Init Mark (N)                 261 us
[2026-04-03T01:43:47.661+0600][73.465s][info][gc,stats    ]   Update Region States              113 us
[2026-04-03T01:43:47.661+0600][73.465s][info][gc,stats    ] Concurrent Mark Roots              1726 us, parallelism: 1.79x
[2026-04-03T01:43:47.661+0600][73.465s][info][gc,stats    ]   CMR: <total>                     3093 us
[2026-04-03T01:43:47.661+0600][73.465s][info][gc,stats    ]   CMR: Thread Roots                2658 us, workers (us): 675, 995, 987, ---, ---, ---, 
[2026-04-03T01:43:47.661+0600][73.465s][info][gc,stats    ]   CMR: VM Strong Roots               76 us, workers (us):  74,   1,   1, ---, ---, ---, 
[2026-04-03T01:43:47.661+0600][73.465s][info][gc,stats    ]   CMR: CLDG Roots                   360 us, workers (us): 360, ---, ---, ---, ---, ---, 
[2026-04-03T01:43:47.661+0600][73.465s][info][gc,stats    ] Concurrent Marking                56988 us
[2026-04-03T01:43:47.661+0600][73.465s][info][gc,stats    ] Pause Final Mark (G)               1580 us
[2026-04-03T01:43:47.661+0600][73.465s][info][gc,stats    ] Pause Final Mark (N)                879 us
[2026-04-03T01:43:47.661+0600][73.465s][info][gc,stats    ]   Finish Mark                       287 us
[2026-04-03T01:43:47.661+0600][73.465s][info][gc,stats    ]   Update Region States               65 us
[2026-04-03T01:43:47.661+0600][73.465s][info][gc,stats    ]   Choose Collection Set             295 us
[2026-04-03T01:43:47.661+0600][73.465s][info][gc,stats    ]   Rebuild Free Set                   60 us
[2026-04-03T01:43:47.661+0600][73.465s][info][gc,stats    ] Concurrent Thread Roots            1744 us, parallelism: 2.28x
[2026-04-03T01:43:47.661+0600][73.465s][info][gc,stats    ]   CTR: <total>                     3973 us
[2026-04-03T01:43:47.661+0600][73.465s][info][gc,stats    ]   CTR: Thread Roots                3973 us, workers (us): 1308, 1346, 1318, ---, ---, ---, 
[2026-04-03T01:43:47.661+0600][73.465s][info][gc,stats    ] Concurrent Weak References         1309 us, parallelism: 1.09x
[2026-04-03T01:43:47.661+0600][73.465s][info][gc,stats    ]   CWRF: <total>                    1434 us
[2026-04-03T01:43:47.661+0600][73.465s][info][gc,stats    ]   CWRF: Weak References            1434 us, workers (us): 239, 161, 1033, ---, ---, ---, 
[2026-04-03T01:43:47.661+0600][73.465s][info][gc,stats    ] Concurrent Weak Roots              5750 us
[2026-04-03T01:43:47.661+0600][73.465s][info][gc,stats    ]   Roots                            5158 us, parallelism: 2.66x
[2026-04-03T01:43:47.661+0600][73.465s][info][gc,stats    ]     CWR: <total>                  13737 us
[2026-04-03T01:43:47.661+0600][73.465s][info][gc,stats    ]     CWR: Code Cache Roots         10733 us, workers (us): 3575, 3743, 3415, ---, ---, ---, 
[2026-04-03T01:43:47.661+0600][73.465s][info][gc,stats    ]     CWR: VM Weak Roots             2830 us, workers (us): 948, 944, 938, ---, ---, ---, 
[2026-04-03T01:43:47.661+0600][73.465s][info][gc,stats    ]     CWR: CLDG Roots                 174 us, workers (us): ---, ---, 174, ---, ---, ---, 
[2026-04-03T01:43:47.661+0600][73.465s][info][gc,stats    ]   Rendezvous                        422 us
[2026-04-03T01:43:47.661+0600][73.465s][info][gc,stats    ] Concurrent Cleanup                 1018 us
[2026-04-03T01:43:47.661+0600][73.465s][info][gc,stats    ] Concurrent Class Unloading        19227 us
[2026-04-03T01:43:47.661+0600][73.465s][info][gc,stats    ]   Unlink Stale                    15450 us
[2026-04-03T01:43:47.661+0600][73.465s][info][gc,stats    ]     System Dictionary               379 us
[2026-04-03T01:43:47.661+0600][73.465s][info][gc,stats    ]     Weak Class Links                  1 us
[2026-04-03T01:43:47.661+0600][73.465s][info][gc,stats    ]     Code Roots                    15065 us
[2026-04-03T01:43:47.661+0600][73.465s][info][gc,stats    ]   Rendezvous                        352 us
[2026-04-03T01:43:47.661+0600][73.465s][info][gc,stats    ]   Purge Unlinked                   3246 us
[2026-04-03T01:43:47.661+0600][73.465s][info][gc,stats    ]     Code Roots                     3229 us
[2026-04-03T01:43:47.661+0600][73.465s][info][gc,stats    ]     CLDG                             16 us
[2026-04-03T01:43:47.661+0600][73.465s][info][gc,stats    ]     Exception Caches                  0 us
[2026-04-03T01:43:47.661+0600][73.465s][info][gc,stats    ] Concurrent Strong Roots            1987 us, parallelism: 0.75x
[2026-04-03T01:43:47.661+0600][73.465s][info][gc,stats    ]   CSR: <total>                     1498 us
[2026-04-03T01:43:47.661+0600][73.465s][info][gc,stats    ]   CSR: VM Strong Roots               61 us, workers (us):  30,  27,   5, ---, ---, ---, 
[2026-04-03T01:43:47.661+0600][73.465s][info][gc,stats    ]   CSR: CLDG Roots                  1437 us, workers (us): 1437, ---, ---, ---, ---, ---, 
[2026-04-03T01:43:47.661+0600][73.465s][info][gc,stats    ] Concurrent Evacuation              8833 us
[2026-04-03T01:43:47.661+0600][73.465s][info][gc,stats    ] Pause Init Update Refs (G)          487 us
[2026-04-03T01:43:47.661+0600][73.465s][info][gc,stats    ] Pause Init Update Refs (N)          142 us
[2026-04-03T01:43:47.661+0600][73.465s][info][gc,stats    ]   Manage GCLABs                      52 us
[2026-04-03T01:43:47.661+0600][73.465s][info][gc,stats    ] Concurrent Update Refs            54180 us
[2026-04-03T01:43:47.661+0600][73.465s][info][gc,stats    ] Concurrent Update Thread Roots     1031 us
[2026-04-03T01:43:47.661+0600][73.465s][info][gc,stats    ] Pause Final Update Refs (G)         352 us
[2026-04-03T01:43:47.661+0600][73.465s][info][gc,stats    ] Pause Final Update Refs (N)         236 us
[2026-04-03T01:43:47.661+0600][73.465s][info][gc,stats    ]   Update Region States               92 us
[2026-04-03T01:43:47.661+0600][73.465s][info][gc,stats    ]   Trash Collection Set               24 us
[2026-04-03T01:43:47.661+0600][73.465s][info][gc,stats    ]   Rebuild Free Set                   51 us
[2026-04-03T01:43:47.661+0600][73.465s][info][gc,stats    ] Concurrent Cleanup                  690 us
[2026-04-03T01:43:47.661+0600][73.465s][info][gc,stats    ] 
[2026-04-03T01:43:47.661+0600][73.465s][info][gc,stats    ] Allocation pacing accrued:
[2026-04-03T01:43:47.661+0600][73.465s][info][gc,stats    ]       0 of  1983 ms (  0.0%): <total>
[2026-04-03T01:43:47.661+0600][73.465s][info][gc,stats    ]       0 of  1983 ms (  0.0%): <average total>
[2026-04-03T01:43:47.661+0600][73.465s][info][gc,stats    ] 
[2026-04-03T01:43:47.661+0600][73.465s][info][gc,metaspace] Metaspace: 131342K(132672K)->131343K(132672K) NonClass: 114893K(115520K)->114893K(115520K) Class: 16449K(17152K)->16449K(17152K)
[2026-04-03T01:43:47.661+0600][73.465s][info][gc,ergo     ] Pacer for Idle. Initial: 80302K, Alloc Tax Rate: 1.0x
[2026-04-03T01:43:49.471+0600][75.275s][info][gc          ] Trigger: Average GC time (244.99 ms) is above the time for average allocation rate (3749 MB/s) to deplete free headroom (601M) (margin of error = 1.87)
[2026-04-03T01:43:49.471+0600][75.275s][info][gc,ergo     ] Free headroom: 797M (free) - 196M (spike) - 0B (penalties) = 601M
[2026-04-03T01:43:49.471+0600][75.275s][info][gc,ergo     ] Free: 792M, Max: 1024K regular, 370M humongous, Frag: 53% external, 0% internal; Reserve: 197M, Max: 1024K
[2026-04-03T01:43:49.471+0600][75.275s][info][gc,start    ] GC(27) Concurrent reset
[2026-04-03T01:43:49.471+0600][75.275s][info][gc,task     ] GC(27) Using 3 of 6 workers for concurrent reset
[2026-04-03T01:43:49.471+0600][75.275s][info][gc,ergo     ] GC(27) Pacer for Reset. Non-Taxable: 3921M
[2026-04-03T01:43:49.477+0600][75.281s][info][gc          ] GC(27) Concurrent reset 6.487ms
[2026-04-03T01:43:49.478+0600][75.282s][info][gc,start    ] GC(27) Pause Init Mark (unload classes)
[2026-04-03T01:43:49.478+0600][75.282s][info][gc,task     ] GC(27) Using 6 of 6 workers for init marking
[2026-04-03T01:43:49.478+0600][75.282s][info][gc,ergo     ] GC(27) Pacer for Mark. Expected Live: 100972K, Free: 697M, Non-Taxable: 71401K, Alloc Tax Rate: 0.2x
[2026-04-03T01:43:49.478+0600][75.282s][info][gc          ] GC(27) Pause Init Mark (unload classes) 0.188ms
[2026-04-03T01:43:49.478+0600][75.282s][info][gc,start    ] GC(27) Concurrent marking roots
[2026-04-03T01:43:49.478+0600][75.282s][info][gc,task     ] GC(27) Using 3 of 6 workers for concurrent marking roots
[2026-04-03T01:43:49.480+0600][75.284s][info][gc          ] GC(27) Concurrent marking roots 1.866ms
[2026-04-03T01:43:49.480+0600][75.284s][info][gc,start    ] GC(27) Concurrent marking (unload classes)
[2026-04-03T01:43:49.480+0600][75.284s][info][gc,task     ] GC(27) Using 3 of 6 workers for concurrent marking
[2026-04-03T01:43:49.547+0600][75.352s][info][gc          ] GC(27) Concurrent marking (unload classes) 67.189ms
[2026-04-03T01:43:49.548+0600][75.352s][info][gc,start    ] GC(27) Pause Final Mark (unload classes)
[2026-04-03T01:43:49.548+0600][75.352s][info][gc,task     ] GC(27) Using 6 of 6 workers for final marking
[2026-04-03T01:43:49.548+0600][75.352s][info][gc,ergo     ] GC(27) Adaptive CSet Selection. Target Free: 555M, Actual Free: 2611M, Max CSet: 163M, Min Garbage: 0B
[2026-04-03T01:43:49.549+0600][75.353s][info][gc,ergo     ] GC(27) Collectable Garbage: 2427M (99%), Immediate: 1847M (75%), CSet: 579M (23%)
[2026-04-03T01:43:49.549+0600][75.353s][info][gc,ergo     ] GC(27) Pacer for Evacuation. Used CSet: 592M, Free: 2895M, Non-Taxable: 289M, Alloc Tax Rate: 1.1x
[2026-04-03T01:43:49.549+0600][75.353s][info][gc          ] GC(27) Pause Final Mark (unload classes) 0.984ms
[2026-04-03T01:43:49.549+0600][75.353s][info][gc,start    ] GC(27) Concurrent thread roots
[2026-04-03T01:43:49.549+0600][75.353s][info][gc,task     ] GC(27) Using 3 of 6 workers for Concurrent thread roots
[2026-04-03T01:43:49.550+0600][75.354s][info][gc          ] GC(27) Concurrent thread roots 1.148ms
[2026-04-03T01:43:49.550+0600][75.354s][info][gc,start    ] GC(27) Concurrent weak references
[2026-04-03T01:43:49.550+0600][75.354s][info][gc,task     ] GC(27) Using 3 of 6 workers for concurrent weak references
[2026-04-03T01:43:49.551+0600][75.355s][info][gc,ref      ] GC(27) Encountered references: Soft: 3788, Weak: 17567, Final: 84, Phantom: 628
[2026-04-03T01:43:49.551+0600][75.355s][info][gc,ref      ] GC(27) Discovered  references: Soft: 0, Weak: 5564, Final: 0, Phantom: 601
[2026-04-03T01:43:49.551+0600][75.355s][info][gc,ref      ] GC(27) Enqueued    references: Soft: 0, Weak: 2888, Final: 0, Phantom: 0
[2026-04-03T01:43:49.551+0600][75.355s][info][gc          ] GC(27) Concurrent weak references 1.130ms
[2026-04-03T01:43:49.551+0600][75.355s][info][gc,start    ] GC(27) Concurrent weak roots
[2026-04-03T01:43:49.551+0600][75.355s][info][gc,task     ] GC(27) Using 3 of 6 workers for concurrent weak root
[2026-04-03T01:43:49.557+0600][75.361s][info][gc          ] GC(27) Concurrent weak roots 5.373ms
[2026-04-03T01:43:49.557+0600][75.361s][info][gc,start    ] GC(27) Concurrent cleanup
[2026-04-03T01:43:49.558+0600][75.362s][info][gc          ] GC(27) Concurrent cleanup 2652M->805M(3533M) 1.232ms
[2026-04-03T01:43:49.558+0600][75.362s][info][gc,ergo     ] GC(27) Free: 2892M, Max: 1024K regular, 348M humongous, Frag: 88% external, 0% internal; Reserve: 196M, Max: 1024K
[2026-04-03T01:43:49.558+0600][75.362s][info][gc,start    ] GC(27) Concurrent class unloading
[2026-04-03T01:43:49.558+0600][75.362s][info][gc,task     ] GC(27) Using 3 of 6 workers for concurrent class unloading
[2026-04-03T01:43:49.577+0600][75.381s][info][gc          ] GC(27) Concurrent class unloading 18.577ms
[2026-04-03T01:43:49.577+0600][75.381s][info][gc,start    ] GC(27) Concurrent strong roots
[2026-04-03T01:43:49.577+0600][75.381s][info][gc,task     ] GC(27) Using 3 of 6 workers for concurrent strong root
[2026-04-03T01:43:49.578+0600][75.382s][info][gc          ] GC(27) Concurrent strong roots 1.322ms
[2026-04-03T01:43:49.578+0600][75.382s][info][gc,start    ] GC(27) Concurrent evacuation
[2026-04-03T01:43:49.578+0600][75.382s][info][gc,task     ] GC(27) Using 3 of 6 workers for concurrent evacuation
[2026-04-03T01:43:49.586+0600][75.390s][info][gc          ] GC(27) Concurrent evacuation 7.832ms
[2026-04-03T01:43:49.586+0600][75.390s][info][gc,start    ] GC(27) Pause Init Update Refs
[2026-04-03T01:43:49.586+0600][75.390s][info][gc,ergo     ] GC(27) Pacer for Update Refs. Used: 828M, Free: 2885M, Non-Taxable: 288M, Alloc Tax Rate: 1.1x
[2026-04-03T01:43:49.586+0600][75.390s][info][gc          ] GC(27) Pause Init Update Refs 0.198ms
[2026-04-03T01:43:49.587+0600][75.391s][info][gc,start    ] GC(27) Concurrent update references
[2026-04-03T01:43:49.587+0600][75.391s][info][gc,task     ] GC(27) Using 3 of 6 workers for concurrent reference update
[2026-04-03T01:43:49.648+0600][75.452s][info][gc          ] GC(27) Concurrent update references 61.525ms
[2026-04-03T01:43:49.648+0600][75.452s][info][gc,start    ] GC(27) Concurrent update thread roots
[2026-04-03T01:43:49.650+0600][75.454s][info][gc          ] GC(27) Concurrent update thread roots 1.818ms
[2026-04-03T01:43:49.650+0600][75.454s][info][gc,start    ] GC(27) Pause Final Update Refs
[2026-04-03T01:43:49.650+0600][75.454s][info][gc,task     ] GC(27) Using 6 of 6 workers for final reference update
[2026-04-03T01:43:49.651+0600][75.455s][info][gc          ] GC(27) Pause Final Update Refs 0.282ms
[2026-04-03T01:43:49.651+0600][75.455s][info][gc,start    ] GC(27) Concurrent cleanup
[2026-04-03T01:43:49.652+0600][75.456s][info][gc          ] GC(27) Concurrent cleanup 874M->281M(3533M) 0.997ms
[2026-04-03T01:43:49.652+0600][75.456s][info][gc,ergo     ] Free: 3406M, Max: 1024K regular, 2012M humongous, Frag: 41% external, 0% internal; Reserve: 197M, Max: 1024K
[2026-04-03T01:43:49.652+0600][75.456s][info][gc,stats    ] 
[2026-04-03T01:43:49.652+0600][75.456s][info][gc,stats    ] All times are wall-clock times, except per-root-class counters, that are sum over
[2026-04-03T01:43:49.652+0600][75.456s][info][gc,stats    ] all workers. Dividing the <total> over the root stage time estimates parallelism.
[2026-04-03T01:43:49.652+0600][75.456s][info][gc,stats    ] 
[2026-04-03T01:43:49.652+0600][75.456s][info][gc,stats    ] Concurrent Reset                   6586 us
[2026-04-03T01:43:49.652+0600][75.456s][info][gc,stats    ] Pause Init Mark (G)                 770 us
[2026-04-03T01:43:49.652+0600][75.456s][info][gc,stats    ] Pause Init Mark (N)                 201 us
[2026-04-03T01:43:49.652+0600][75.456s][info][gc,stats    ]   Update Region States               60 us
[2026-04-03T01:43:49.652+0600][75.456s][info][gc,stats    ] Concurrent Mark Roots              1946 us, parallelism: 1.90x
[2026-04-03T01:43:49.652+0600][75.456s][info][gc,stats    ]   CMR: <total>                     3695 us
[2026-04-03T01:43:49.652+0600][75.456s][info][gc,stats    ]   CMR: Thread Roots                3131 us, workers (us): 718, 1208, 1205, ---, ---, ---, 
[2026-04-03T01:43:49.652+0600][75.456s][info][gc,stats    ]   CMR: VM Strong Roots               68 us, workers (us):  46,  21,   1, ---, ---, ---, 
[2026-04-03T01:43:49.652+0600][75.456s][info][gc,stats    ]   CMR: CLDG Roots                   496 us, workers (us): 496, ---, ---, ---, ---, ---, 
[2026-04-03T01:43:49.652+0600][75.456s][info][gc,stats    ] Concurrent Marking                67277 us
[2026-04-03T01:43:49.652+0600][75.456s][info][gc,stats    ] Pause Final Mark (G)               1276 us
[2026-04-03T01:43:49.652+0600][75.456s][info][gc,stats    ] Pause Final Mark (N)               1002 us
[2026-04-03T01:43:49.652+0600][75.456s][info][gc,stats    ]   Finish Mark                       315 us
[2026-04-03T01:43:49.652+0600][75.456s][info][gc,stats    ]   Update Region States               85 us
[2026-04-03T01:43:49.652+0600][75.456s][info][gc,stats    ]   Choose Collection Set             318 us
[2026-04-03T01:43:49.652+0600][75.456s][info][gc,stats    ]   Rebuild Free Set                   48 us
[2026-04-03T01:43:49.652+0600][75.456s][info][gc,stats    ] Concurrent Thread Roots            1199 us, parallelism: 1.98x
[2026-04-03T01:43:49.652+0600][75.456s][info][gc,stats    ]   CTR: <total>                     2374 us
[2026-04-03T01:43:49.652+0600][75.456s][info][gc,stats    ]   CTR: Thread Roots                2374 us, workers (us): 789, 793, 793, ---, ---, ---, 
[2026-04-03T01:43:49.652+0600][75.456s][info][gc,stats    ] Concurrent Weak References         1140 us, parallelism: 0.98x
[2026-04-03T01:43:49.652+0600][75.456s][info][gc,stats    ]   CWRF: <total>                    1119 us
[2026-04-03T01:43:49.652+0600][75.456s][info][gc,stats    ]   CWRF: Weak References            1119 us, workers (us): 217, 862,  40, ---, ---, ---, 
[2026-04-03T01:43:49.652+0600][75.456s][info][gc,stats    ] Concurrent Weak Roots              5453 us
[2026-04-03T01:43:49.652+0600][75.456s][info][gc,stats    ]   Roots                            4943 us, parallelism: 2.69x
[2026-04-03T01:43:49.652+0600][75.456s][info][gc,stats    ]     CWR: <total>                  13317 us
[2026-04-03T01:43:49.652+0600][75.456s][info][gc,stats    ]     CWR: Code Cache Roots         10376 us, workers (us): 3274, 3649, 3453, ---, ---, ---, 
[2026-04-03T01:43:49.652+0600][75.456s][info][gc,stats    ]     CWR: VM Weak Roots             2760 us, workers (us): 950, 910, 899, ---, ---, ---, 
[2026-04-03T01:43:49.652+0600][75.456s][info][gc,stats    ]     CWR: CLDG Roots                 181 us, workers (us): 181, ---, ---, ---, ---, ---, 
[2026-04-03T01:43:49.652+0600][75.456s][info][gc,stats    ]   Rendezvous                        399 us
[2026-04-03T01:43:49.652+0600][75.456s][info][gc,stats    ] Concurrent Cleanup                 1261 us
[2026-04-03T01:43:49.652+0600][75.456s][info][gc,stats    ] Concurrent Class Unloading        18704 us
[2026-04-03T01:43:49.652+0600][75.456s][info][gc,stats    ]   Unlink Stale                    15182 us
[2026-04-03T01:43:49.652+0600][75.456s][info][gc,stats    ]     System Dictionary               323 us
[2026-04-03T01:43:49.652+0600][75.456s][info][gc,stats    ]     Weak Class Links                  1 us
[2026-04-03T01:43:49.652+0600][75.456s][info][gc,stats    ]     Code Roots                    14855 us
[2026-04-03T01:43:49.652+0600][75.456s][info][gc,stats    ]   Rendezvous                        310 us
[2026-04-03T01:43:49.652+0600][75.457s][info][gc,stats    ]   Purge Unlinked                   3054 us
[2026-04-03T01:43:49.652+0600][75.457s][info][gc,stats    ]     Code Roots                     3029 us
[2026-04-03T01:43:49.652+0600][75.457s][info][gc,stats    ]     CLDG                             24 us
[2026-04-03T01:43:49.653+0600][75.457s][info][gc,stats    ]     Exception Caches                  1 us
[2026-04-03T01:43:49.653+0600][75.457s][info][gc,stats    ] Concurrent Strong Roots            1385 us, parallelism: 0.62x
[2026-04-03T01:43:49.653+0600][75.457s][info][gc,stats    ]   CSR: <total>                      861 us
[2026-04-03T01:43:49.653+0600][75.457s][info][gc,stats    ]   CSR: VM Strong Roots               47 us, workers (us):  24,  23,   0, ---, ---, ---, 
[2026-04-03T01:43:49.653+0600][75.457s][info][gc,stats    ]   CSR: CLDG Roots                   815 us, workers (us): 815, ---, ---, ---, ---, ---, 
[2026-04-03T01:43:49.653+0600][75.457s][info][gc,stats    ] Concurrent Evacuation              7945 us
[2026-04-03T01:43:49.653+0600][75.457s][info][gc,stats    ] Pause Init Update Refs (G)          512 us
[2026-04-03T01:43:49.653+0600][75.457s][info][gc,stats    ] Pause Init Update Refs (N)          211 us
[2026-04-03T01:43:49.653+0600][75.457s][info][gc,stats    ]   Manage GCLABs                      82 us
[2026-04-03T01:43:49.653+0600][75.457s][info][gc,stats    ] Concurrent Update Refs            61638 us
[2026-04-03T01:43:49.653+0600][75.457s][info][gc,stats    ] Concurrent Update Thread Roots     1849 us
[2026-04-03T01:43:49.653+0600][75.457s][info][gc,stats    ] Pause Final Update Refs (G)         754 us
[2026-04-03T01:43:49.653+0600][75.457s][info][gc,stats    ] Pause Final Update Refs (N)         298 us
[2026-04-03T01:43:49.653+0600][75.457s][info][gc,stats    ]   Update Region States               77 us
[2026-04-03T01:43:49.653+0600][75.457s][info][gc,stats    ]   Trash Collection Set               28 us
[2026-04-03T01:43:49.653+0600][75.457s][info][gc,stats    ]   Rebuild Free Set                   60 us
[2026-04-03T01:43:49.653+0600][75.457s][info][gc,stats    ] Concurrent Cleanup                 1031 us
[2026-04-03T01:43:49.653+0600][75.457s][info][gc,stats    ] 
[2026-04-03T01:43:49.653+0600][75.457s][info][gc,stats    ] Allocation pacing accrued:
[2026-04-03T01:43:49.653+0600][75.457s][info][gc,stats    ]       0 of  1992 ms (  0.0%): <total>
[2026-04-03T01:43:49.653+0600][75.457s][info][gc,stats    ]       0 of  1992 ms (  0.0%): <average total>
[2026-04-03T01:43:49.653+0600][75.457s][info][gc,stats    ] 
[2026-04-03T01:43:49.653+0600][75.457s][info][gc,metaspace] Metaspace: 131378K(132672K)->131379K(132672K) NonClass: 114926K(115520K)->114927K(115520K) Class: 16452K(17152K)->16452K(17152K)
[2026-04-03T01:43:49.653+0600][75.457s][info][gc,ergo     ] Pacer for Idle. Initial: 80302K, Alloc Tax Rate: 1.0x
[2026-04-03T01:43:51.465+0600][77.269s][info][gc          ] Trigger: Average GC time (225.24 ms) is above the time for average allocation rate (3564 MB/s) to deplete free headroom (634M) (margin of error = 1.87)
[2026-04-03T01:43:51.465+0600][77.269s][info][gc,ergo     ] Free headroom: 830M (free) - 196M (spike) - 0B (penalties) = 634M
[2026-04-03T01:43:51.465+0600][77.269s][info][gc,ergo     ] Free: 830M, Max: 1024K regular, 348M humongous, Frag: 58% external, 0% internal; Reserve: 197M, Max: 1024K
[2026-04-03T01:43:51.465+0600][77.269s][info][gc,start    ] GC(28) Concurrent reset
[2026-04-03T01:43:51.465+0600][77.269s][info][gc,task     ] GC(28) Using 3 of 6 workers for concurrent reset
[2026-04-03T01:43:51.465+0600][77.269s][info][gc,ergo     ] GC(28) Pacer for Reset. Non-Taxable: 3921M
[2026-04-03T01:43:51.469+0600][77.273s][info][gc          ] GC(28) Concurrent reset 4.141ms
[2026-04-03T01:43:51.469+0600][77.274s][info][gc,start    ] GC(28) Pause Init Mark (unload classes)
[2026-04-03T01:43:51.470+0600][77.274s][info][gc,task     ] GC(28) Using 6 of 6 workers for init marking
[2026-04-03T01:43:51.470+0600][77.274s][info][gc,ergo     ] GC(28) Pacer for Mark. Expected Live: 100M, Free: 826M, Non-Taxable: 84620K, Alloc Tax Rate: 0.1x
[2026-04-03T01:43:51.470+0600][77.274s][info][gc          ] GC(28) Pause Init Mark (unload classes) 0.152ms
[2026-04-03T01:43:51.470+0600][77.274s][info][gc,start    ] GC(28) Concurrent marking roots
[2026-04-03T01:43:51.470+0600][77.274s][info][gc,task     ] GC(28) Using 3 of 6 workers for concurrent marking roots
[2026-04-03T01:43:51.471+0600][77.275s][info][gc          ] GC(28) Concurrent marking roots 1.647ms
[2026-04-03T01:43:51.471+0600][77.275s][info][gc,start    ] GC(28) Concurrent marking (unload classes)
[2026-04-03T01:43:51.471+0600][77.275s][info][gc,task     ] GC(28) Using 3 of 6 workers for concurrent marking
[2026-04-03T01:43:51.542+0600][77.346s][info][gc          ] GC(28) Concurrent marking (unload classes) 70.649ms
[2026-04-03T01:43:51.542+0600][77.346s][info][gc,start    ] GC(28) Pause Final Mark (unload classes)
[2026-04-03T01:43:51.542+0600][77.346s][info][gc,task     ] GC(28) Using 6 of 6 workers for final marking
[2026-04-03T01:43:51.543+0600][77.347s][info][gc,ergo     ] GC(28) Adaptive CSet Selection. Target Free: 555M, Actual Free: 2699M, Max CSet: 163M, Min Garbage: 0B
[2026-04-03T01:43:51.543+0600][77.347s][info][gc,ergo     ] GC(28) Collectable Garbage: 2340M (99%), Immediate: 1753M (74%), CSet: 587M (24%)
[2026-04-03T01:43:51.543+0600][77.347s][info][gc,ergo     ] GC(28) Pacer for Evacuation. Used CSet: 600M, Free: 2956M, Non-Taxable: 295M, Alloc Tax Rate: 1.1x
[2026-04-03T01:43:51.543+0600][77.347s][info][gc          ] GC(28) Pause Final Mark (unload classes) 0.878ms
[2026-04-03T01:43:51.543+0600][77.347s][info][gc,start    ] GC(28) Concurrent thread roots
[2026-04-03T01:43:51.543+0600][77.347s][info][gc,task     ] GC(28) Using 3 of 6 workers for Concurrent thread roots
[2026-04-03T01:43:51.545+0600][77.349s][info][gc          ] GC(28) Concurrent thread roots 1.181ms
[2026-04-03T01:43:51.545+0600][77.349s][info][gc,start    ] GC(28) Concurrent weak references
[2026-04-03T01:43:51.545+0600][77.349s][info][gc,task     ] GC(28) Using 3 of 6 workers for concurrent weak references
[2026-04-03T01:43:51.546+0600][77.350s][info][gc,ref      ] GC(28) Encountered references: Soft: 3792, Weak: 17708, Final: 84, Phantom: 621
[2026-04-03T01:43:51.546+0600][77.350s][info][gc,ref      ] GC(28) Discovered  references: Soft: 0, Weak: 9406, Final: 0, Phantom: 595
[2026-04-03T01:43:51.546+0600][77.350s][info][gc,ref      ] GC(28) Enqueued    references: Soft: 0, Weak: 3033, Final: 0, Phantom: 0
[2026-04-03T01:43:51.546+0600][77.350s][info][gc          ] GC(28) Concurrent weak references 1.601ms
[2026-04-03T01:43:51.546+0600][77.350s][info][gc,start    ] GC(28) Concurrent weak roots
[2026-04-03T01:43:51.546+0600][77.350s][info][gc,task     ] GC(28) Using 3 of 6 workers for concurrent weak root
[2026-04-03T01:43:51.552+0600][77.356s][info][gc          ] GC(28) Concurrent weak roots 5.687ms
[2026-04-03T01:43:51.552+0600][77.356s][info][gc,start    ] GC(28) Concurrent cleanup
[2026-04-03T01:43:51.553+0600][77.357s][info][gc          ] GC(28) Concurrent cleanup 2507M->754M(3533M) 1.274ms
[2026-04-03T01:43:51.553+0600][77.357s][info][gc,ergo     ] GC(28) Free: 2948M, Max: 1024K regular, 348M humongous, Frag: 89% external, 0% internal; Reserve: 196M, Max: 1024K
[2026-04-03T01:43:51.553+0600][77.357s][info][gc,start    ] GC(28) Concurrent class unloading
[2026-04-03T01:43:51.553+0600][77.358s][info][gc,task     ] GC(28) Using 3 of 6 workers for concurrent class unloading
[2026-04-03T01:43:51.581+0600][77.385s][info][gc          ] GC(28) Concurrent class unloading 27.561ms
[2026-04-03T01:43:51.581+0600][77.385s][info][gc,start    ] GC(28) Concurrent strong roots
[2026-04-03T01:43:51.581+0600][77.385s][info][gc,task     ] GC(28) Using 3 of 6 workers for concurrent strong root
[2026-04-03T01:43:51.584+0600][77.388s][info][gc          ] GC(28) Concurrent strong roots 2.316ms
[2026-04-03T01:43:51.584+0600][77.388s][info][gc,start    ] GC(28) Concurrent evacuation
[2026-04-03T01:43:51.584+0600][77.388s][info][gc,task     ] GC(28) Using 3 of 6 workers for concurrent evacuation
[2026-04-03T01:43:51.596+0600][77.400s][info][gc          ] GC(28) Concurrent evacuation 11.915ms
[2026-04-03T01:43:51.596+0600][77.400s][info][gc,start    ] GC(28) Pause Init Update Refs
[2026-04-03T01:43:51.596+0600][77.400s][info][gc,ergo     ] GC(28) Pacer for Update Refs. Used: 798M, Free: 2918M, Non-Taxable: 291M, Alloc Tax Rate: 1.1x
[2026-04-03T01:43:51.596+0600][77.400s][info][gc          ] GC(28) Pause Init Update Refs 0.213ms
[2026-04-03T01:43:51.597+0600][77.401s][info][gc,start    ] GC(28) Concurrent update references
[2026-04-03T01:43:51.597+0600][77.401s][info][gc,task     ] GC(28) Using 3 of 6 workers for concurrent reference update
[2026-04-03T01:43:51.648+0600][77.452s][info][gc          ] GC(28) Concurrent update references 50.720ms
[2026-04-03T01:43:51.648+0600][77.452s][info][gc,start    ] GC(28) Concurrent update thread roots
[2026-04-03T01:43:51.649+0600][77.453s][info][gc          ] GC(28) Concurrent update thread roots 1.219ms
[2026-04-03T01:43:51.649+0600][77.454s][info][gc,start    ] GC(28) Pause Final Update Refs
[2026-04-03T01:43:51.650+0600][77.454s][info][gc,task     ] GC(28) Using 6 of 6 workers for final reference update
[2026-04-03T01:43:51.650+0600][77.454s][info][gc          ] GC(28) Pause Final Update Refs 0.245ms
[2026-04-03T01:43:51.650+0600][77.454s][info][gc,start    ] GC(28) Concurrent cleanup
[2026-04-03T01:43:51.651+0600][77.455s][info][gc          ] GC(28) Concurrent cleanup 821M->220M(3533M) 0.902ms
[2026-04-03T01:43:51.651+0600][77.455s][info][gc,ergo     ] Free: 3474M, Max: 1024K regular, 2229M humongous, Frag: 36% external, 0% internal; Reserve: 197M, Max: 1024K
[2026-04-03T01:43:51.651+0600][77.455s][info][gc,stats    ] 
[2026-04-03T01:43:51.651+0600][77.455s][info][gc,stats    ] All times are wall-clock times, except per-root-class counters, that are sum over
[2026-04-03T01:43:51.651+0600][77.455s][info][gc,stats    ] all workers. Dividing the <total> over the root stage time estimates parallelism.
[2026-04-03T01:43:51.651+0600][77.455s][info][gc,stats    ] 
[2026-04-03T01:43:51.651+0600][77.455s][info][gc,stats    ] Concurrent Reset                   4230 us
[2026-04-03T01:43:51.651+0600][77.455s][info][gc,stats    ] Pause Init Mark (G)                 377 us
[2026-04-03T01:43:51.651+0600][77.455s][info][gc,stats    ] Pause Init Mark (N)                 164 us
[2026-04-03T01:43:51.651+0600][77.455s][info][gc,stats    ]   Update Region States               38 us
[2026-04-03T01:43:51.651+0600][77.455s][info][gc,stats    ] Concurrent Mark Roots              1704 us, parallelism: 2.26x
[2026-04-03T01:43:51.651+0600][77.455s][info][gc,stats    ]   CMR: <total>                     3852 us
[2026-04-03T01:43:51.651+0600][77.455s][info][gc,stats    ]   CMR: Thread Roots                3389 us, workers (us): 868, 1258, 1263, ---, ---, ---, 
[2026-04-03T01:43:51.651+0600][77.455s][info][gc,stats    ]   CMR: VM Strong Roots               61 us, workers (us):  24,  20,  17, ---, ---, ---, 
[2026-04-03T01:43:51.651+0600][77.455s][info][gc,stats    ]   CMR: CLDG Roots                   403 us, workers (us): 403, ---, ---, ---, ---, ---, 
[2026-04-03T01:43:51.651+0600][77.455s][info][gc,stats    ] Concurrent Marking                70725 us
[2026-04-03T01:43:51.651+0600][77.455s][info][gc,stats    ] Pause Final Mark (G)               1206 us
[2026-04-03T01:43:51.651+0600][77.455s][info][gc,stats    ] Pause Final Mark (N)                892 us
[2026-04-03T01:43:51.651+0600][77.455s][info][gc,stats    ]   Finish Mark                       301 us
[2026-04-03T01:43:51.651+0600][77.455s][info][gc,stats    ]   Update Region States               87 us
[2026-04-03T01:43:51.651+0600][77.455s][info][gc,stats    ]   Choose Collection Set             303 us
[2026-04-03T01:43:51.651+0600][77.455s][info][gc,stats    ]   Rebuild Free Set                   53 us
[2026-04-03T01:43:51.651+0600][77.455s][info][gc,stats    ] Concurrent Thread Roots            1229 us, parallelism: 2.25x
[2026-04-03T01:43:51.651+0600][77.455s][info][gc,stats    ]   CTR: <total>                     2765 us
[2026-04-03T01:43:51.651+0600][77.455s][info][gc,stats    ]   CTR: Thread Roots                2765 us, workers (us): 938, 954, 874, ---, ---, ---, 
[2026-04-03T01:43:51.651+0600][77.455s][info][gc,stats    ] Concurrent Weak References         1616 us, parallelism: 0.90x
[2026-04-03T01:43:51.651+0600][77.455s][info][gc,stats    ]   CWRF: <total>                    1459 us
[2026-04-03T01:43:51.651+0600][77.455s][info][gc,stats    ]   CWRF: Weak References            1459 us, workers (us): 152,  15, 1292, ---, ---, ---, 
[2026-04-03T01:43:51.651+0600][77.455s][info][gc,stats    ] Concurrent Weak Roots              5778 us
[2026-04-03T01:43:51.651+0600][77.455s][info][gc,stats    ]   Roots                            5134 us, parallelism: 2.75x
[2026-04-03T01:43:51.651+0600][77.455s][info][gc,stats    ]     CWR: <total>                  14144 us
[2026-04-03T01:43:51.651+0600][77.455s][info][gc,stats    ]     CWR: Code Cache Roots         11200 us, workers (us): 3883, 3626, 3692, ---, ---, ---, 
[2026-04-03T01:43:51.651+0600][77.455s][info][gc,stats    ]     CWR: VM Weak Roots             2720 us, workers (us): 911, 905, 904, ---, ---, ---, 
[2026-04-03T01:43:51.651+0600][77.455s][info][gc,stats    ]     CWR: CLDG Roots                 225 us, workers (us): ---, 225, ---, ---, ---, ---, 
[2026-04-03T01:43:51.651+0600][77.455s][info][gc,stats    ]   Rendezvous                        515 us
[2026-04-03T01:43:51.651+0600][77.455s][info][gc,stats    ] Concurrent Cleanup                 1317 us
[2026-04-03T01:43:51.651+0600][77.455s][info][gc,stats    ] Concurrent Class Unloading        27798 us
[2026-04-03T01:43:51.651+0600][77.455s][info][gc,stats    ]   Unlink Stale                    18008 us
[2026-04-03T01:43:51.651+0600][77.455s][info][gc,stats    ]     System Dictionary               336 us
[2026-04-03T01:43:51.651+0600][77.455s][info][gc,stats    ]     Weak Class Links                  1 us
[2026-04-03T01:43:51.651+0600][77.455s][info][gc,stats    ]     Code Roots                    17667 us
[2026-04-03T01:43:51.651+0600][77.455s][info][gc,stats    ]   Rendezvous                        495 us
[2026-04-03T01:43:51.651+0600][77.455s][info][gc,stats    ]   Purge Unlinked                   8979 us
[2026-04-03T01:43:51.651+0600][77.455s][info][gc,stats    ]     Code Roots                     8931 us
[2026-04-03T01:43:51.651+0600][77.455s][info][gc,stats    ]     CLDG                             46 us
[2026-04-03T01:43:51.651+0600][77.455s][info][gc,stats    ]     Exception Caches                  1 us
[2026-04-03T01:43:51.651+0600][77.455s][info][gc,stats    ] Concurrent Strong Roots            2434 us, parallelism: 0.68x
[2026-04-03T01:43:51.651+0600][77.455s][info][gc,stats    ]   CSR: <total>                     1644 us
[2026-04-03T01:43:51.651+0600][77.455s][info][gc,stats    ]   CSR: VM Strong Roots               59 us, workers (us):  57,   2,   0, ---, ---, ---, 
[2026-04-03T01:43:51.651+0600][77.455s][info][gc,stats    ]   CSR: CLDG Roots                  1584 us, workers (us): 1584, ---, ---, ---, ---, ---, 
[2026-04-03T01:43:51.651+0600][77.455s][info][gc,stats    ] Concurrent Evacuation             12079 us
[2026-04-03T01:43:51.651+0600][77.455s][info][gc,stats    ] Pause Init Update Refs (G)         1513 us
[2026-04-03T01:43:51.651+0600][77.455s][info][gc,stats    ] Pause Init Update Refs (N)          236 us
[2026-04-03T01:43:51.651+0600][77.455s][info][gc,stats    ]   Manage GCLABs                      96 us
[2026-04-03T01:43:51.651+0600][77.455s][info][gc,stats    ] Concurrent Update Refs            50806 us
[2026-04-03T01:43:51.651+0600][77.455s][info][gc,stats    ] Concurrent Update Thread Roots     1278 us
[2026-04-03T01:43:51.651+0600][77.455s][info][gc,stats    ] Pause Final Update Refs (G)         417 us
[2026-04-03T01:43:51.651+0600][77.455s][info][gc,stats    ] Pause Final Update Refs (N)         261 us
[2026-04-03T01:43:51.651+0600][77.455s][info][gc,stats    ]   Update Region States               64 us
[2026-04-03T01:43:51.651+0600][77.455s][info][gc,stats    ]   Trash Collection Set               23 us
[2026-04-03T01:43:51.651+0600][77.455s][info][gc,stats    ]   Rebuild Free Set                   66 us
[2026-04-03T01:43:51.651+0600][77.455s][info][gc,stats    ] Concurrent Cleanup                  961 us
[2026-04-03T01:43:51.651+0600][77.455s][info][gc,stats    ] 
[2026-04-03T01:43:51.651+0600][77.455s][info][gc,stats    ] Allocation pacing accrued:
[2026-04-03T01:43:51.651+0600][77.455s][info][gc,stats    ]       0 of  1998 ms (  0.0%): <total>
[2026-04-03T01:43:51.651+0600][77.455s][info][gc,stats    ]       0 of  1998 ms (  0.0%): <average total>
[2026-04-03T01:43:51.651+0600][77.455s][info][gc,stats    ] 
[2026-04-03T01:43:51.651+0600][77.455s][info][gc,metaspace] Metaspace: 131412K(132736K)->131420K(132736K) NonClass: 114958K(115584K)->114966K(115584K) Class: 16454K(17152K)->16454K(17152K)
[2026-04-03T01:43:51.651+0600][77.455s][info][gc,ergo     ] Pacer for Idle. Initial: 80302K, Alloc Tax Rate: 1.0x
[2026-04-03T01:43:53.648+0600][79.452s][info][gc          ] Trigger: Explicit GC request (System.gc())
[2026-04-03T01:43:53.648+0600][79.452s][info][gc,ergo     ] Free: 1308M, Max: 1024K regular, 539M humongous, Frag: 59% external, 0% internal; Reserve: 197M, Max: 1024K
[2026-04-03T01:43:53.648+0600][79.452s][info][gc,start    ] GC(29) Concurrent reset
[2026-04-03T01:43:53.648+0600][79.452s][info][gc,task     ] GC(29) Using 3 of 6 workers for concurrent reset
[2026-04-03T01:43:53.648+0600][79.452s][info][gc,ergo     ] GC(29) Pacer for Reset. Non-Taxable: 3921M
[2026-04-03T01:43:53.650+0600][79.454s][info][gc          ] GC(29) Concurrent reset 2.686ms
[2026-04-03T01:43:53.651+0600][79.455s][info][gc,start    ] GC(29) Pause Init Mark (unload classes)
[2026-04-03T01:43:53.651+0600][79.455s][info][gc,task     ] GC(29) Using 6 of 6 workers for init marking
[2026-04-03T01:43:53.651+0600][79.455s][info][gc,ref      ] GC(29) Clearing All SoftReferences
[2026-04-03T01:43:53.651+0600][79.455s][info][gc,ergo     ] GC(29) Pacer for Mark. Expected Live: 100M, Free: 1308M, Non-Taxable: 130M, Alloc Tax Rate: 0.1x
[2026-04-03T01:43:53.651+0600][79.455s][info][gc          ] GC(29) Pause Init Mark (unload classes) 0.166ms
[2026-04-03T01:43:53.651+0600][79.455s][info][gc,start    ] GC(29) Concurrent marking roots
[2026-04-03T01:43:53.651+0600][79.455s][info][gc,task     ] GC(29) Using 3 of 6 workers for concurrent marking roots
[2026-04-03T01:43:53.652+0600][79.456s][info][gc          ] GC(29) Concurrent marking roots 1.208ms
[2026-04-03T01:43:53.652+0600][79.456s][info][gc,start    ] GC(29) Concurrent marking (unload classes)
[2026-04-03T01:43:53.652+0600][79.456s][info][gc,task     ] GC(29) Using 3 of 6 workers for concurrent marking
[2026-04-03T01:43:53.693+0600][79.497s][info][gc          ] GC(29) Concurrent marking (unload classes) 40.585ms
[2026-04-03T01:43:53.693+0600][79.497s][info][gc,start    ] GC(29) Pause Final Mark (unload classes)
[2026-04-03T01:43:53.693+0600][79.497s][info][gc,task     ] GC(29) Using 6 of 6 workers for final marking
[2026-04-03T01:43:53.693+0600][79.497s][info][gc,ergo     ] GC(29) Adaptive CSet Selection. Target Free: 555M, Actual Free: 2908M, Max CSet: 163M, Min Garbage: 0B
[2026-04-03T01:43:53.693+0600][79.497s][info][gc,ergo     ] GC(29) Collectable Garbage: 1974M (99%), Immediate: 1411M (71%), CSet: 562M (28%)
[2026-04-03T01:43:53.694+0600][79.498s][info][gc,ergo     ] GC(29) Pacer for Evacuation. Used CSet: 575M, Free: 3058M, Non-Taxable: 305M, Alloc Tax Rate: 1.1x
[2026-04-03T01:43:53.694+0600][79.498s][info][gc          ] GC(29) Pause Final Mark (unload classes) 0.739ms
[2026-04-03T01:43:53.694+0600][79.498s][info][gc,start    ] GC(29) Concurrent thread roots
[2026-04-03T01:43:53.694+0600][79.498s][info][gc,task     ] GC(29) Using 3 of 6 workers for Concurrent thread roots
[2026-04-03T01:43:53.695+0600][79.499s][info][gc          ] GC(29) Concurrent thread roots 1.061ms
[2026-04-03T01:43:53.695+0600][79.499s][info][gc,start    ] GC(29) Concurrent weak references
[2026-04-03T01:43:53.695+0600][79.499s][info][gc,task     ] GC(29) Using 3 of 6 workers for concurrent weak references
[2026-04-03T01:43:53.696+0600][79.500s][info][gc,ref      ] GC(29) Encountered references: Soft: 3585, Weak: 17669, Final: 84, Phantom: 621
[2026-04-03T01:43:53.696+0600][79.500s][info][gc,ref      ] GC(29) Discovered  references: Soft: 1200, Weak: 11910, Final: 84, Phantom: 298
[2026-04-03T01:43:53.696+0600][79.500s][info][gc,ref      ] GC(29) Enqueued    references: Soft: 688, Weak: 3388, Final: 0, Phantom: 0
[2026-04-03T01:43:53.696+0600][79.500s][info][gc          ] GC(29) Concurrent weak references 1.077ms
[2026-04-03T01:43:53.696+0600][79.500s][info][gc,start    ] GC(29) Concurrent weak roots
[2026-04-03T01:43:53.696+0600][79.500s][info][gc,task     ] GC(29) Using 3 of 6 workers for concurrent weak root
[2026-04-03T01:43:53.701+0600][79.505s][info][gc          ] GC(29) Concurrent weak roots 5.128ms
[2026-04-03T01:43:53.701+0600][79.505s][info][gc,start    ] GC(29) Concurrent cleanup
[2026-04-03T01:43:53.702+0600][79.506s][info][gc          ] GC(29) Concurrent cleanup 2076M->664M(3533M) 0.880ms
[2026-04-03T01:43:53.702+0600][79.506s][info][gc,ergo     ] GC(29) Free: 3058M, Max: 1024K regular, 548M humongous, Frag: 83% external, 0% internal; Reserve: 195M, Max: 1024K
[2026-04-03T01:43:53.702+0600][79.506s][info][gc,start    ] GC(29) Concurrent class unloading
[2026-04-03T01:43:53.702+0600][79.506s][info][gc,task     ] GC(29) Using 3 of 6 workers for concurrent class unloading
[2026-04-03T01:43:53.761+0600][79.565s][info][gc          ] GC(29) Concurrent class unloading 59.368ms
[2026-04-03T01:43:53.761+0600][79.566s][info][gc,start    ] GC(29) Concurrent strong roots
[2026-04-03T01:43:53.761+0600][79.566s][info][gc,task     ] GC(29) Using 3 of 6 workers for concurrent strong root
[2026-04-03T01:43:53.762+0600][79.567s][info][gc          ] GC(29) Concurrent strong roots 0.999ms
[2026-04-03T01:43:53.763+0600][79.567s][info][gc,start    ] GC(29) Concurrent evacuation
[2026-04-03T01:43:53.763+0600][79.567s][info][gc,task     ] GC(29) Using 3 of 6 workers for concurrent evacuation
[2026-04-03T01:43:53.767+0600][79.572s][info][gc          ] GC(29) Concurrent evacuation 4.959ms
[2026-04-03T01:43:53.768+0600][79.572s][info][gc,start    ] GC(29) Pause Init Update Refs
[2026-04-03T01:43:53.768+0600][79.572s][info][gc,ergo     ] GC(29) Pacer for Update Refs. Used: 680M, Free: 3055M, Non-Taxable: 305M, Alloc Tax Rate: 1.1x
[2026-04-03T01:43:53.768+0600][79.572s][info][gc          ] GC(29) Pause Init Update Refs 0.127ms
[2026-04-03T01:43:53.768+0600][79.572s][info][gc,start    ] GC(29) Concurrent update references
[2026-04-03T01:43:53.768+0600][79.572s][info][gc,task     ] GC(29) Using 3 of 6 workers for concurrent reference update
[2026-04-03T01:43:53.797+0600][79.601s][info][gc          ] GC(29) Concurrent update references 28.995ms
[2026-04-03T01:43:53.797+0600][79.601s][info][gc,start    ] GC(29) Concurrent update thread roots
[2026-04-03T01:43:53.799+0600][79.603s][info][gc          ] GC(29) Concurrent update thread roots 1.408ms
[2026-04-03T01:43:53.799+0600][79.603s][info][gc,start    ] GC(29) Pause Final Update Refs
[2026-04-03T01:43:53.799+0600][79.603s][info][gc,task     ] GC(29) Using 6 of 6 workers for final reference update
[2026-04-03T01:43:53.799+0600][79.603s][info][gc          ] GC(29) Pause Final Update Refs 0.193ms
[2026-04-03T01:43:53.799+0600][79.603s][info][gc,start    ] GC(29) Concurrent cleanup
[2026-04-03T01:43:53.800+0600][79.604s][info][gc          ] GC(29) Concurrent cleanup 680M->105M(3533M) 0.747ms
[2026-04-03T01:43:53.800+0600][79.604s][info][gc,ergo     ] Free: 3617M, Max: 1024K regular, 1690M humongous, Frag: 54% external, 0% internal; Reserve: 197M, Max: 1024K
[2026-04-03T01:43:53.800+0600][79.604s][info][gc,stats    ] 
[2026-04-03T01:43:53.800+0600][79.604s][info][gc,stats    ] All times are wall-clock times, except per-root-class counters, that are sum over
[2026-04-03T01:43:53.800+0600][79.604s][info][gc,stats    ] all workers. Dividing the <total> over the root stage time estimates parallelism.
[2026-04-03T01:43:53.800+0600][79.604s][info][gc,stats    ] 
[2026-04-03T01:43:53.800+0600][79.604s][info][gc,stats    ] Concurrent Reset                   2741 us
[2026-04-03T01:43:53.800+0600][79.604s][info][gc,stats    ] Pause Init Mark (G)                 354 us
[2026-04-03T01:43:53.800+0600][79.604s][info][gc,stats    ] Pause Init Mark (N)                 176 us
[2026-04-03T01:43:53.800+0600][79.604s][info][gc,stats    ]   Update Region States               49 us
[2026-04-03T01:43:53.800+0600][79.604s][info][gc,stats    ] Concurrent Mark Roots              1245 us, parallelism: 1.67x
[2026-04-03T01:43:53.800+0600][79.604s][info][gc,stats    ]   CMR: <total>                     2084 us
[2026-04-03T01:43:53.800+0600][79.604s][info][gc,stats    ]   CMR: Thread Roots                1801 us, workers (us): 689, 671, 441, ---, ---, ---, 
[2026-04-03T01:43:53.800+0600][79.604s][info][gc,stats    ]   CMR: VM Strong Roots               36 us, workers (us):  34,   1,   1, ---, ---, ---, 
[2026-04-03T01:43:53.800+0600][79.604s][info][gc,stats    ]   CMR: CLDG Roots                   246 us, workers (us): ---, ---, 246, ---, ---, ---, 
[2026-04-03T01:43:53.800+0600][79.604s][info][gc,stats    ] Concurrent Marking                40657 us
[2026-04-03T01:43:53.800+0600][79.604s][info][gc,stats    ] Pause Final Mark (G)                954 us
[2026-04-03T01:43:53.800+0600][79.604s][info][gc,stats    ] Pause Final Mark (N)                752 us
[2026-04-03T01:43:53.800+0600][79.604s][info][gc,stats    ]   Finish Mark                       286 us
[2026-04-03T01:43:53.800+0600][79.604s][info][gc,stats    ]   Update Region States               59 us
[2026-04-03T01:43:53.800+0600][79.604s][info][gc,stats    ]   Choose Collection Set             233 us
[2026-04-03T01:43:53.800+0600][79.604s][info][gc,stats    ]   Rebuild Free Set                   41 us
[2026-04-03T01:43:53.800+0600][79.604s][info][gc,stats    ] Concurrent Thread Roots            1101 us, parallelism: 2.04x
[2026-04-03T01:43:53.800+0600][79.604s][info][gc,stats    ]   CTR: <total>                     2249 us
[2026-04-03T01:43:53.800+0600][79.604s][info][gc,stats    ]   CTR: Thread Roots                2249 us, workers (us): 780, 722, 747, ---, ---, ---, 
[2026-04-03T01:43:53.800+0600][79.604s][info][gc,stats    ] Concurrent Weak References         1086 us, parallelism: 1.55x
[2026-04-03T01:43:53.800+0600][79.604s][info][gc,stats    ]   CWRF: <total>                    1678 us
[2026-04-03T01:43:53.800+0600][79.604s][info][gc,stats    ]   CWRF: Weak References            1678 us, workers (us): 699, 191, 788, ---, ---, ---, 
[2026-04-03T01:43:53.800+0600][79.604s][info][gc,stats    ] Concurrent Weak Roots              5195 us
[2026-04-03T01:43:53.800+0600][79.604s][info][gc,stats    ]   Roots                            4682 us, parallelism: 2.70x
[2026-04-03T01:43:53.800+0600][79.604s][info][gc,stats    ]     CWR: <total>                  12648 us
[2026-04-03T01:43:53.800+0600][79.604s][info][gc,stats    ]     CWR: Code Cache Roots          9336 us, workers (us): 3056, 3130, 3150, ---, ---, ---, 
[2026-04-03T01:43:53.800+0600][79.604s][info][gc,stats    ]     CWR: VM Weak Roots             3187 us, workers (us): 1076, 1055, 1055, ---, ---, ---, 
[2026-04-03T01:43:53.800+0600][79.604s][info][gc,stats    ]     CWR: CLDG Roots                 126 us, workers (us): 126, ---, ---, ---, ---, ---, 
[2026-04-03T01:43:53.800+0600][79.604s][info][gc,stats    ]   Rendezvous                        426 us
[2026-04-03T01:43:53.800+0600][79.604s][info][gc,stats    ] Concurrent Cleanup                  896 us
[2026-04-03T01:43:53.800+0600][79.604s][info][gc,stats    ] Concurrent Class Unloading        59435 us
[2026-04-03T01:43:53.800+0600][79.604s][info][gc,stats    ]   Unlink Stale                    38224 us
[2026-04-03T01:43:53.800+0600][79.604s][info][gc,stats    ]     System Dictionary               816 us
[2026-04-03T01:43:53.800+0600][79.604s][info][gc,stats    ]     Weak Class Links              20320 us
[2026-04-03T01:43:53.800+0600][79.604s][info][gc,stats    ]     Code Roots                    17084 us
[2026-04-03T01:43:53.800+0600][79.604s][info][gc,stats    ]   Rendezvous                        265 us
[2026-04-03T01:43:53.800+0600][79.604s][info][gc,stats    ]   Purge Unlinked                  20854 us
[2026-04-03T01:43:53.800+0600][79.604s][info][gc,stats    ]     Code Roots                    19608 us
[2026-04-03T01:43:53.800+0600][79.604s][info][gc,stats    ]     CLDG                           1244 us
[2026-04-03T01:43:53.800+0600][79.604s][info][gc,stats    ]     Exception Caches                  0 us
[2026-04-03T01:43:53.800+0600][79.604s][info][gc,stats    ] Concurrent Strong Roots            1042 us, parallelism: 0.60x
[2026-04-03T01:43:53.800+0600][79.604s][info][gc,stats    ]   CSR: <total>                      627 us
[2026-04-03T01:43:53.800+0600][79.604s][info][gc,stats    ]   CSR: VM Strong Roots               62 us, workers (us):  31,  31,   0, ---, ---, ---, 
[2026-04-03T01:43:53.800+0600][79.604s][info][gc,stats    ]   CSR: CLDG Roots                   565 us, workers (us): 565, ---, ---, ---, ---, ---, 
[2026-04-03T01:43:53.800+0600][79.604s][info][gc,stats    ] Concurrent Evacuation              5019 us
[2026-04-03T01:43:53.800+0600][79.604s][info][gc,stats    ] Pause Init Update Refs (G)          551 us
[2026-04-03T01:43:53.800+0600][79.604s][info][gc,stats    ] Pause Init Update Refs (N)          139 us
[2026-04-03T01:43:53.800+0600][79.604s][info][gc,stats    ]   Manage GCLABs                      59 us
[2026-04-03T01:43:53.800+0600][79.604s][info][gc,stats    ] Concurrent Update Refs            29088 us
[2026-04-03T01:43:53.800+0600][79.604s][info][gc,stats    ] Concurrent Update Thread Roots     1451 us
[2026-04-03T01:43:53.800+0600][79.604s][info][gc,stats    ] Pause Final Update Refs (G)         580 us
[2026-04-03T01:43:53.800+0600][79.604s][info][gc,stats    ] Pause Final Update Refs (N)         205 us
[2026-04-03T01:43:53.800+0600][79.604s][info][gc,stats    ]   Update Region States               60 us
[2026-04-03T01:43:53.800+0600][79.604s][info][gc,stats    ]   Trash Collection Set               22 us
[2026-04-03T01:43:53.800+0600][79.604s][info][gc,stats    ]   Rebuild Free Set                   42 us
[2026-04-03T01:43:53.800+0600][79.604s][info][gc,stats    ] Concurrent Cleanup                  766 us
[2026-04-03T01:43:53.800+0600][79.604s][info][gc,stats    ] 
[2026-04-03T01:43:53.800+0600][79.604s][info][gc,stats    ] Allocation pacing accrued:
[2026-04-03T01:43:53.800+0600][79.604s][info][gc,stats    ]       0 of  2149 ms (  0.0%): <total>
[2026-04-03T01:43:53.800+0600][79.604s][info][gc,stats    ]       0 of  2149 ms (  0.0%): <average total>
[2026-04-03T01:43:53.800+0600][79.604s][info][gc,stats    ] 
[2026-04-03T01:43:53.800+0600][79.604s][info][gc,metaspace] Metaspace: 131466K(132800K)->130329K(132800K) NonClass: 115006K(115648K)->114044K(115648K) Class: 16459K(17152K)->16285K(17152K)
[2026-04-03T01:43:53.800+0600][79.605s][info][gc,ergo     ] Pacer for Idle. Initial: 80302K, Alloc Tax Rate: 1.0x
[2026-04-03T01:43:53.800+0600][79.605s][info][gc,start    ] Concurrent uncommit
[2026-04-03T01:43:54.223+0600][80.027s][info][gc          ] Concurrent uncommit 106M->181M(201M) 422.677ms
[2026-04-03T01:43:54.534+0600][80.338s][info][gc          ] Trigger: Learning 2 of 5. Free (2744M) is below initial threshold (2744M)
[2026-04-03T01:43:54.534+0600][80.338s][info][gc,ergo     ] Free: 2744M, Max: 1024K regular, 1350M humongous, Frag: 51% external, 0% internal; Reserve: 197M, Max: 1024K
[2026-04-03T01:43:54.534+0600][80.338s][info][gc,start    ] GC(30) Concurrent reset
[2026-04-03T01:43:54.534+0600][80.338s][info][gc,task     ] GC(30) Using 3 of 6 workers for concurrent reset
[2026-04-03T01:43:54.534+0600][80.338s][info][gc,ergo     ] GC(30) Pacer for Reset. Non-Taxable: 3921M
[2026-04-03T01:43:54.539+0600][80.343s][info][gc          ] GC(30) Concurrent reset 5.170ms
[2026-04-03T01:43:54.539+0600][80.344s][info][gc,start    ] GC(30) Pause Init Mark (unload classes)
[2026-04-03T01:43:54.540+0600][80.344s][info][gc,task     ] GC(30) Using 6 of 6 workers for init marking
[2026-04-03T01:43:54.540+0600][80.344s][info][gc,ergo     ] GC(30) Pacer for Mark. Expected Live: 102230K, Free: 2738M, Non-Taxable: 273M, Alloc Tax Rate: 0.0x
[2026-04-03T01:43:54.540+0600][80.344s][info][gc          ] GC(30) Pause Init Mark (unload classes) 0.146ms
[2026-04-03T01:43:54.540+0600][80.344s][info][gc,start    ] GC(30) Concurrent marking roots
[2026-04-03T01:43:54.540+0600][80.344s][info][gc,task     ] GC(30) Using 3 of 6 workers for concurrent marking roots
[2026-04-03T01:43:54.542+0600][80.346s][info][gc          ] GC(30) Concurrent marking roots 2.026ms
[2026-04-03T01:43:54.542+0600][80.346s][info][gc,start    ] GC(30) Concurrent marking (unload classes)
[2026-04-03T01:43:54.542+0600][80.346s][info][gc,task     ] GC(30) Using 3 of 6 workers for concurrent marking
[2026-04-03T01:43:54.612+0600][80.416s][info][gc          ] GC(30) Concurrent marking (unload classes) 69.583ms
[2026-04-03T01:43:54.612+0600][80.416s][info][gc,start    ] GC(30) Pause Final Mark (unload classes)
[2026-04-03T01:43:54.612+0600][80.416s][info][gc,task     ] GC(30) Using 6 of 6 workers for final marking
[2026-04-03T01:43:54.612+0600][80.417s][info][gc,ergo     ] GC(30) Adaptive CSet Selection. Target Free: 555M, Actual Free: 3492M, Max CSet: 163M, Min Garbage: 0B
[2026-04-03T01:43:54.613+0600][80.417s][info][gc,ergo     ] GC(30) Collectable Garbage: 726M (98%), Immediate: 615M (83%), CSet: 110M (15%)
[2026-04-03T01:43:54.613+0600][80.417s][info][gc,ergo     ] GC(30) Pacer for Evacuation. Used CSet: 121M, Free: 3459M, Non-Taxable: 345M, Alloc Tax Rate: 1.1x
[2026-04-03T01:43:54.613+0600][80.417s][info][gc          ] GC(30) Pause Final Mark (unload classes) 0.908ms
[2026-04-03T01:43:54.613+0600][80.417s][info][gc,start    ] GC(30) Concurrent thread roots
[2026-04-03T01:43:54.613+0600][80.417s][info][gc,task     ] GC(30) Using 3 of 6 workers for Concurrent thread roots
[2026-04-03T01:43:54.614+0600][80.418s][info][gc          ] GC(30) Concurrent thread roots 1.331ms
[2026-04-03T01:43:54.614+0600][80.418s][info][gc,start    ] GC(30) Concurrent weak references
[2026-04-03T01:43:54.614+0600][80.418s][info][gc,task     ] GC(30) Using 3 of 6 workers for concurrent weak references
[2026-04-03T01:43:54.616+0600][80.420s][info][gc,ref      ] GC(30) Encountered references: Soft: 3623, Weak: 15085, Final: 84, Phantom: 621
[2026-04-03T01:43:54.616+0600][80.420s][info][gc,ref      ] GC(30) Discovered  references: Soft: 0, Weak: 8662, Final: 0, Phantom: 616
[2026-04-03T01:43:54.616+0600][80.420s][info][gc,ref      ] GC(30) Enqueued    references: Soft: 0, Weak: 607, Final: 0, Phantom: 0
[2026-04-03T01:43:54.616+0600][80.420s][info][gc          ] GC(30) Concurrent weak references 1.594ms
[2026-04-03T01:43:54.616+0600][80.420s][info][gc,start    ] GC(30) Concurrent weak roots
[2026-04-03T01:43:54.616+0600][80.420s][info][gc,task     ] GC(30) Using 3 of 6 workers for concurrent weak root
[2026-04-03T01:43:54.623+0600][80.427s][info][gc          ] GC(30) Concurrent weak roots 6.787ms
[2026-04-03T01:43:54.623+0600][80.427s][info][gc,start    ] GC(30) Concurrent cleanup
[2026-04-03T01:43:54.623+0600][80.427s][info][gc          ] GC(30) Concurrent cleanup 873M->257M(1049M) 0.468ms
[2026-04-03T01:43:54.623+0600][80.427s][info][gc,ergo     ] GC(30) Free: 3457M, Max: 1024K regular, 1290M humongous, Frag: 63% external, 0% internal; Reserve: 195M, Max: 1024K
[2026-04-03T01:43:54.623+0600][80.427s][info][gc,start    ] GC(30) Concurrent class unloading
[2026-04-03T01:43:54.623+0600][80.427s][info][gc,task     ] GC(30) Using 3 of 6 workers for concurrent class unloading
[2026-04-03T01:43:54.679+0600][80.483s][info][gc          ] GC(30) Concurrent class unloading 56.074ms
[2026-04-03T01:43:54.692+0600][80.496s][info][gc,start    ] GC(30) Concurrent strong roots
[2026-04-03T01:43:54.692+0600][80.496s][info][gc,task     ] GC(30) Using 3 of 6 workers for concurrent strong root
[2026-04-03T01:43:54.694+0600][80.498s][info][gc          ] GC(30) Concurrent strong roots 1.918ms
[2026-04-03T01:43:54.694+0600][80.498s][info][gc,start    ] GC(30) Concurrent evacuation
[2026-04-03T01:43:54.694+0600][80.498s][info][gc,task     ] GC(30) Using 3 of 6 workers for concurrent evacuation
[2026-04-03T01:43:54.703+0600][80.507s][info][gc          ] GC(30) Concurrent evacuation 9.199ms
[2026-04-03T01:43:54.703+0600][80.507s][info][gc,start    ] GC(30) Pause Init Update Refs
[2026-04-03T01:43:54.703+0600][80.507s][info][gc,ergo     ] GC(30) Pacer for Update Refs. Used: 304M, Free: 3412M, Non-Taxable: 341M, Alloc Tax Rate: 1.1x
[2026-04-03T01:43:54.703+0600][80.507s][info][gc          ] GC(30) Pause Init Update Refs 0.126ms
[2026-04-03T01:43:54.703+0600][80.507s][info][gc,start    ] GC(30) Concurrent update references
[2026-04-03T01:43:54.703+0600][80.507s][info][gc,task     ] GC(30) Using 3 of 6 workers for concurrent reference update
[2026-04-03T01:43:54.757+0600][80.561s][info][gc          ] GC(30) Concurrent update references 53.594ms
[2026-04-03T01:43:54.757+0600][80.561s][info][gc,start    ] GC(30) Concurrent update thread roots
[2026-04-03T01:43:54.759+0600][80.563s][info][gc          ] GC(30) Concurrent update thread roots 1.759ms
[2026-04-03T01:43:54.759+0600][80.563s][info][gc,start    ] GC(30) Pause Final Update Refs
[2026-04-03T01:43:54.759+0600][80.563s][info][gc,task     ] GC(30) Using 6 of 6 workers for final reference update
[2026-04-03T01:43:54.759+0600][80.563s][info][gc          ] GC(30) Pause Final Update Refs 0.207ms
[2026-04-03T01:43:54.759+0600][80.563s][info][gc,start    ] GC(30) Concurrent cleanup
[2026-04-03T01:43:54.760+0600][80.564s][info][gc          ] GC(30) Concurrent cleanup 326M->205M(1059M) 0.321ms
[2026-04-03T01:43:54.760+0600][80.564s][info][gc,ergo     ] Free: 3491M, Max: 1024K regular, 2111M humongous, Frag: 40% external, 0% internal; Reserve: 197M, Max: 1024K
[2026-04-03T01:43:54.760+0600][80.564s][info][gc,stats    ] 
[2026-04-03T01:43:54.760+0600][80.564s][info][gc,stats    ] All times are wall-clock times, except per-root-class counters, that are sum over
[2026-04-03T01:43:54.760+0600][80.564s][info][gc,stats    ] all workers. Dividing the <total> over the root stage time estimates parallelism.
[2026-04-03T01:43:54.760+0600][80.564s][info][gc,stats    ] 
[2026-04-03T01:43:54.760+0600][80.564s][info][gc,stats    ] Concurrent Reset                   5276 us
[2026-04-03T01:43:54.760+0600][80.564s][info][gc,stats    ] Pause Init Mark (G)                 714 us
[2026-04-03T01:43:54.760+0600][80.564s][info][gc,stats    ] Pause Init Mark (N)                 157 us
[2026-04-03T01:43:54.760+0600][80.564s][info][gc,stats    ]   Update Region States               37 us
[2026-04-03T01:43:54.760+0600][80.564s][info][gc,stats    ] Concurrent Mark Roots              2066 us, parallelism: 2.31x
[2026-04-03T01:43:54.760+0600][80.564s][info][gc,stats    ]   CMR: <total>                     4781 us
[2026-04-03T01:43:54.760+0600][80.564s][info][gc,stats    ]   CMR: Thread Roots                4380 us, workers (us): 1580, 1233, 1567, ---, ---, ---, 
[2026-04-03T01:43:54.760+0600][80.564s][info][gc,stats    ]   CMR: VM Strong Roots               77 us, workers (us):  29,  26,  21, ---, ---, ---, 
[2026-04-03T01:43:54.760+0600][80.564s][info][gc,stats    ]   CMR: CLDG Roots                   324 us, workers (us): ---, 324, ---, ---, ---, ---, 
[2026-04-03T01:43:54.760+0600][80.564s][info][gc,stats    ] Concurrent Marking                69673 us
[2026-04-03T01:43:54.760+0600][80.564s][info][gc,stats    ] Pause Final Mark (G)               1161 us
[2026-04-03T01:43:54.760+0600][80.564s][info][gc,stats    ] Pause Final Mark (N)                921 us
[2026-04-03T01:43:54.760+0600][80.564s][info][gc,stats    ]   Finish Mark                       423 us
[2026-04-03T01:43:54.760+0600][80.564s][info][gc,stats    ]   Update Region States               64 us
[2026-04-03T01:43:54.760+0600][80.564s][info][gc,stats    ]   Choose Collection Set             188 us
[2026-04-03T01:43:54.760+0600][80.564s][info][gc,stats    ]   Rebuild Free Set                   57 us
[2026-04-03T01:43:54.760+0600][80.564s][info][gc,stats    ] Concurrent Thread Roots            1383 us, parallelism: 2.28x
[2026-04-03T01:43:54.760+0600][80.564s][info][gc,stats    ]   CTR: <total>                     3156 us
[2026-04-03T01:43:54.760+0600][80.564s][info][gc,stats    ]   CTR: Thread Roots                3156 us, workers (us): 1071, 1037, 1048, ---, ---, ---, 
[2026-04-03T01:43:54.760+0600][80.564s][info][gc,stats    ] Concurrent Weak References         1606 us, parallelism: 1.06x
[2026-04-03T01:43:54.760+0600][80.564s][info][gc,stats    ]   CWRF: <total>                    1701 us
[2026-04-03T01:43:54.760+0600][80.564s][info][gc,stats    ]   CWRF: Weak References            1701 us, workers (us): 185, 291, 1225, ---, ---, ---, 
[2026-04-03T01:43:54.760+0600][80.564s][info][gc,stats    ] Concurrent Weak Roots              6900 us
[2026-04-03T01:43:54.760+0600][80.564s][info][gc,stats    ]   Roots                            6393 us, parallelism: 2.77x
[2026-04-03T01:43:54.760+0600][80.564s][info][gc,stats    ]     CWR: <total>                  17686 us
[2026-04-03T01:43:54.760+0600][80.564s][info][gc,stats    ]     CWR: Code Cache Roots         12029 us, workers (us): 3903, 3990, 4136, ---, ---, ---, 
[2026-04-03T01:43:54.760+0600][80.564s][info][gc,stats    ]     CWR: VM Weak Roots             5480 us, workers (us): 1834, 1842, 1803, ---, ---, ---, 
[2026-04-03T01:43:54.760+0600][80.564s][info][gc,stats    ]     CWR: CLDG Roots                 177 us, workers (us): 177, ---, ---, ---, ---, ---, 
[2026-04-03T01:43:54.760+0600][80.564s][info][gc,stats    ]   Rendezvous                        365 us
[2026-04-03T01:43:54.760+0600][80.564s][info][gc,stats    ] Concurrent Cleanup                  493 us
[2026-04-03T01:43:54.760+0600][80.564s][info][gc,stats    ] Concurrent Class Unloading        68425 us
[2026-04-03T01:43:54.760+0600][80.564s][info][gc,stats    ]   Unlink Stale                    46101 us
[2026-04-03T01:43:54.760+0600][80.564s][info][gc,stats    ]     System Dictionary               562 us
[2026-04-03T01:43:54.760+0600][80.564s][info][gc,stats    ]     Weak Class Links              27242 us
[2026-04-03T01:43:54.760+0600][80.564s][info][gc,stats    ]     Code Roots                    18291 us
[2026-04-03T01:43:54.760+0600][80.564s][info][gc,stats    ]   Rendezvous                       2346 us
[2026-04-03T01:43:54.760+0600][80.564s][info][gc,stats    ]   Purge Unlinked                   7555 us
[2026-04-03T01:43:54.760+0600][80.564s][info][gc,stats    ]     Code Roots                     7484 us
[2026-04-03T01:43:54.760+0600][80.564s][info][gc,stats    ]     CLDG                             68 us
[2026-04-03T01:43:54.760+0600][80.564s][info][gc,stats    ]     Exception Caches                  0 us
[2026-04-03T01:43:54.760+0600][80.564s][info][gc,stats    ] Concurrent Strong Roots            1974 us, parallelism: 0.76x
[2026-04-03T01:43:54.760+0600][80.564s][info][gc,stats    ]   CSR: <total>                     1496 us
[2026-04-03T01:43:54.760+0600][80.564s][info][gc,stats    ]   CSR: VM Strong Roots               87 us, workers (us):  86,   1,   0, ---, ---, ---, 
[2026-04-03T01:43:54.760+0600][80.564s][info][gc,stats    ]   CSR: CLDG Roots                  1409 us, workers (us): 1409, ---, ---, ---, ---, ---, 
[2026-04-03T01:43:54.760+0600][80.564s][info][gc,stats    ] Concurrent Evacuation              9300 us
[2026-04-03T01:43:54.760+0600][80.564s][info][gc,stats    ] Pause Init Update Refs (G)          347 us
[2026-04-03T01:43:54.760+0600][80.564s][info][gc,stats    ] Pause Init Update Refs (N)          157 us
[2026-04-03T01:43:54.760+0600][80.564s][info][gc,stats    ]   Manage GCLABs                      53 us
[2026-04-03T01:43:54.760+0600][80.565s][info][gc,stats    ] Concurrent Update Refs            53712 us
[2026-04-03T01:43:54.760+0600][80.565s][info][gc,stats    ] Concurrent Update Thread Roots     1835 us
[2026-04-03T01:43:54.760+0600][80.565s][info][gc,stats    ] Pause Final Update Refs (G)         495 us
[2026-04-03T01:43:54.760+0600][80.565s][info][gc,stats    ] Pause Final Update Refs (N)         233 us
[2026-04-03T01:43:54.761+0600][80.565s][info][gc,stats    ]   Update Region States               79 us
[2026-04-03T01:43:54.761+0600][80.565s][info][gc,stats    ]   Trash Collection Set               15 us
[2026-04-03T01:43:54.761+0600][80.565s][info][gc,stats    ]   Rebuild Free Set                   47 us
[2026-04-03T01:43:54.761+0600][80.565s][info][gc,stats    ] Concurrent Cleanup                  347 us
[2026-04-03T01:43:54.761+0600][80.565s][info][gc,stats    ] Pacing                            66131 us
[2026-04-03T01:43:54.761+0600][80.565s][info][gc,stats    ] 
[2026-04-03T01:43:54.761+0600][80.565s][info][gc,stats    ] Allocation pacing accrued:
[2026-04-03T01:43:54.761+0600][80.565s][info][gc,stats    ]      21 of   960 ms (  2.2%): dispatcher-event-loop-7
[2026-04-03T01:43:54.761+0600][80.565s][info][gc,stats    ]      11 of   960 ms (  1.2%): dag-scheduler-event-loop
[2026-04-03T01:43:54.761+0600][80.565s][info][gc,stats    ]      11 of   960 ms (  1.2%): Executor task launch worker for task 5.0 in stage 3134.0 (TID 5702)
[2026-04-03T01:43:54.761+0600][80.565s][info][gc,stats    ]      11 of   960 ms (  1.2%): task-result-getter-1
[2026-04-03T01:43:54.761+0600][80.565s][info][gc,stats    ]      11 of   960 ms (  1.2%): task-result-getter-3
[2026-04-03T01:43:54.761+0600][80.565s][info][gc,stats    ]      66 of   960 ms (  6.9%): <total>
[2026-04-03T01:43:54.761+0600][80.565s][info][gc,stats    ]       0 of   960 ms (  0.0%): <average total>
[2026-04-03T01:43:54.761+0600][80.565s][info][gc,stats    ]      13 of   960 ms (  1.4%): <average non-zero>
[2026-04-03T01:43:54.761+0600][80.565s][info][gc,stats    ] 
[2026-04-03T01:43:54.761+0600][80.565s][info][gc,metaspace] Metaspace: 130996K(132800K)->131076K(132800K) NonClass: 114606K(115648K)->114673K(115648K) Class: 16389K(17152K)->16403K(17152K)
[2026-04-03T01:43:54.761+0600][80.565s][info][gc,ergo     ] Pacer for Idle. Initial: 80302K, Alloc Tax Rate: 1.0x
[2026-04-03T01:43:55.653+0600][81.457s][info][gc          ] Trigger: Learning 3 of 5. Free (2743M) is below initial threshold (2744M)
[2026-04-03T01:43:55.653+0600][81.457s][info][gc,ergo     ] Free: 2743M, Max: 1024K regular, 2111M humongous, Frag: 23% external, 0% internal; Reserve: 197M, Max: 1024K
[2026-04-03T01:43:55.653+0600][81.457s][info][gc,start    ] GC(31) Concurrent reset
[2026-04-03T01:43:55.653+0600][81.457s][info][gc,task     ] GC(31) Using 3 of 6 workers for concurrent reset
[2026-04-03T01:43:55.653+0600][81.457s][info][gc,ergo     ] GC(31) Pacer for Reset. Non-Taxable: 3921M
[2026-04-03T01:43:55.656+0600][81.460s][info][gc          ] GC(31) Concurrent reset 3.581ms
[2026-04-03T01:43:55.657+0600][81.461s][info][gc,start    ] GC(31) Pause Init Mark (unload classes)
[2026-04-03T01:43:55.657+0600][81.461s][info][gc,task     ] GC(31) Using 6 of 6 workers for init marking
[2026-04-03T01:43:55.657+0600][81.461s][info][gc,ergo     ] GC(31) Pacer for Mark. Expected Live: 98445K, Free: 2740M, Non-Taxable: 274M, Alloc Tax Rate: 0.0x
[2026-04-03T01:43:55.657+0600][81.461s][info][gc          ] GC(31) Pause Init Mark (unload classes) 0.185ms
[2026-04-03T01:43:55.657+0600][81.461s][info][gc,start    ] GC(31) Concurrent marking roots
[2026-04-03T01:43:55.657+0600][81.461s][info][gc,task     ] GC(31) Using 3 of 6 workers for concurrent marking roots
[2026-04-03T01:43:55.659+0600][81.463s][info][gc          ] GC(31) Concurrent marking roots 2.302ms
[2026-04-03T01:43:55.659+0600][81.463s][info][gc,start    ] GC(31) Concurrent marking (unload classes)
[2026-04-03T01:43:55.659+0600][81.463s][info][gc,task     ] GC(31) Using 3 of 6 workers for concurrent marking
[2026-04-03T01:43:55.733+0600][81.537s][info][gc          ] GC(31) Concurrent marking (unload classes) 73.912ms
[2026-04-03T01:43:55.733+0600][81.537s][info][gc,start    ] GC(31) Pause Final Mark (unload classes)
[2026-04-03T01:43:55.733+0600][81.538s][info][gc,task     ] GC(31) Using 6 of 6 workers for final marking
[2026-04-03T01:43:55.734+0600][81.538s][info][gc,ergo     ] GC(31) Adaptive CSet Selection. Target Free: 555M, Actual Free: 3284M, Max CSet: 163M, Min Garbage: 0B
[2026-04-03T01:43:55.749+0600][81.553s][info][gc,ergo     ] GC(31) Collectable Garbage: 740M (98%), Immediate: 419M (55%), CSet: 321M (42%)
[2026-04-03T01:43:55.749+0600][81.553s][info][gc,ergo     ] GC(31) Pacer for Evacuation. Used CSet: 328M, Free: 3232M, Non-Taxable: 323M, Alloc Tax Rate: 1.1x
[2026-04-03T01:43:55.749+0600][81.553s][info][gc          ] GC(31) Pause Final Mark (unload classes) 15.684ms
[2026-04-03T01:43:55.749+0600][81.553s][info][gc,start    ] GC(31) Concurrent thread roots
[2026-04-03T01:43:55.750+0600][81.554s][info][gc,task     ] GC(31) Using 3 of 6 workers for Concurrent thread roots
[2026-04-03T01:43:55.751+0600][81.555s][info][gc          ] GC(31) Concurrent thread roots 1.790ms
[2026-04-03T01:43:55.751+0600][81.555s][info][gc,start    ] GC(31) Concurrent weak references
[2026-04-03T01:43:55.751+0600][81.555s][info][gc,task     ] GC(31) Using 3 of 6 workers for concurrent weak references
[2026-04-03T01:43:55.752+0600][81.556s][info][gc,ref      ] GC(31) Encountered references: Soft: 3712, Weak: 15755, Final: 84, Phantom: 621
[2026-04-03T01:43:55.752+0600][81.556s][info][gc,ref      ] GC(31) Discovered  references: Soft: 0, Weak: 8393, Final: 0, Phantom: 228
[2026-04-03T01:43:55.752+0600][81.556s][info][gc,ref      ] GC(31) Enqueued    references: Soft: 0, Weak: 430, Final: 0, Phantom: 0
[2026-04-03T01:43:55.752+0600][81.556s][info][gc          ] GC(31) Concurrent weak references 0.786ms
[2026-04-03T01:43:55.752+0600][81.556s][info][gc,start    ] GC(31) Concurrent weak roots
[2026-04-03T01:43:55.752+0600][81.556s][info][gc,task     ] GC(31) Using 3 of 6 workers for concurrent weak root
[2026-04-03T01:43:55.758+0600][81.562s][info][gc          ] GC(31) Concurrent weak roots 5.706ms
[2026-04-03T01:43:55.758+0600][81.562s][info][gc,start    ] GC(31) Concurrent cleanup
[2026-04-03T01:43:55.758+0600][81.562s][info][gc          ] GC(31) Concurrent cleanup 901M->482M(1076M) 0.420ms
[2026-04-03T01:43:55.758+0600][81.562s][info][gc,ergo     ] GC(31) Free: 3224M, Max: 1024K regular, 2094M humongous, Frag: 35% external, 0% internal; Reserve: 196M, Max: 1024K
[2026-04-03T01:43:55.758+0600][81.563s][info][gc,start    ] GC(31) Concurrent class unloading
[2026-04-03T01:43:55.758+0600][81.563s][info][gc,task     ] GC(31) Using 3 of 6 workers for concurrent class unloading
[2026-04-03T01:43:55.820+0600][81.624s][info][gc          ] GC(31) Concurrent class unloading 61.283ms
[2026-04-03T01:43:55.820+0600][81.624s][info][gc,start    ] GC(31) Concurrent strong roots
[2026-04-03T01:43:55.820+0600][81.624s][info][gc,task     ] GC(31) Using 3 of 6 workers for concurrent strong root
[2026-04-03T01:43:55.821+0600][81.625s][info][gc          ] GC(31) Concurrent strong roots 1.110ms
[2026-04-03T01:43:55.821+0600][81.625s][info][gc,start    ] GC(31) Concurrent evacuation
[2026-04-03T01:43:55.821+0600][81.625s][info][gc,task     ] GC(31) Using 3 of 6 workers for concurrent evacuation
[2026-04-03T01:43:55.825+0600][81.629s][info][gc          ] GC(31) Concurrent evacuation 3.744ms
[2026-04-03T01:43:55.825+0600][81.629s][info][gc,start    ] GC(31) Pause Init Update Refs
[2026-04-03T01:43:55.825+0600][81.629s][info][gc,ergo     ] GC(31) Pacer for Update Refs. Used: 540M, Free: 3163M, Non-Taxable: 316M, Alloc Tax Rate: 1.1x
[2026-04-03T01:43:55.825+0600][81.629s][info][gc          ] GC(31) Pause Init Update Refs 0.119ms
[2026-04-03T01:43:55.825+0600][81.629s][info][gc,start    ] GC(31) Concurrent update references
[2026-04-03T01:43:55.825+0600][81.629s][info][gc,task     ] GC(31) Using 3 of 6 workers for concurrent reference update
[2026-04-03T01:43:55.878+0600][81.682s][info][gc          ] GC(31) Concurrent update references 52.471ms
[2026-04-03T01:43:55.878+0600][81.682s][info][gc,start    ] GC(31) Concurrent update thread roots
[2026-04-03T01:43:55.879+0600][81.684s][info][gc          ] GC(31) Concurrent update thread roots 1.542ms
[2026-04-03T01:43:55.880+0600][81.684s][info][gc,start    ] GC(31) Pause Final Update Refs
[2026-04-03T01:43:55.880+0600][81.684s][info][gc,task     ] GC(31) Using 6 of 6 workers for final reference update
[2026-04-03T01:43:55.880+0600][81.684s][info][gc          ] GC(31) Pause Final Update Refs 0.232ms
[2026-04-03T01:43:55.880+0600][81.684s][info][gc,start    ] GC(31) Concurrent cleanup
[2026-04-03T01:43:55.881+0600][81.685s][info][gc          ] GC(31) Concurrent cleanup 569M->241M(1076M) 0.869ms
[2026-04-03T01:43:55.881+0600][81.685s][info][gc,ergo     ] Free: 3446M, Max: 1024K regular, 2094M humongous, Frag: 40% external, 0% internal; Reserve: 197M, Max: 1024K
[2026-04-03T01:43:55.881+0600][81.685s][info][gc,stats    ] 
[2026-04-03T01:43:55.881+0600][81.685s][info][gc,stats    ] All times are wall-clock times, except per-root-class counters, that are sum over
[2026-04-03T01:43:55.881+0600][81.685s][info][gc,stats    ] all workers. Dividing the <total> over the root stage time estimates parallelism.
[2026-04-03T01:43:55.881+0600][81.685s][info][gc,stats    ] 
[2026-04-03T01:43:55.881+0600][81.685s][info][gc,stats    ] Concurrent Reset                   3654 us
[2026-04-03T01:43:55.881+0600][81.685s][info][gc,stats    ] Pause Init Mark (G)                 424 us
[2026-04-03T01:43:55.881+0600][81.685s][info][gc,stats    ] Pause Init Mark (N)                 195 us
[2026-04-03T01:43:55.881+0600][81.685s][info][gc,stats    ]   Update Region States               70 us
[2026-04-03T01:43:55.881+0600][81.685s][info][gc,stats    ] Concurrent Mark Roots              2344 us, parallelism: 1.88x
[2026-04-03T01:43:55.881+0600][81.685s][info][gc,stats    ]   CMR: <total>                     4404 us
[2026-04-03T01:43:55.881+0600][81.685s][info][gc,stats    ]   CMR: Thread Roots                4074 us, workers (us): 1669, 1549, 857, ---, ---, ---, 
[2026-04-03T01:43:55.881+0600][81.685s][info][gc,stats    ]   CMR: VM Strong Roots               62 us, workers (us):  37,  24,   0, ---, ---, ---, 
[2026-04-03T01:43:55.881+0600][81.685s][info][gc,stats    ]   CMR: CLDG Roots                   269 us, workers (us): ---, 269, ---, ---, ---, ---, 
[2026-04-03T01:43:55.881+0600][81.685s][info][gc,stats    ] Concurrent Marking                74004 us
[2026-04-03T01:43:55.881+0600][81.685s][info][gc,stats    ] Pause Final Mark (G)              16133 us
[2026-04-03T01:43:55.881+0600][81.685s][info][gc,stats    ] Pause Final Mark (N)              15720 us
[2026-04-03T01:43:55.881+0600][81.685s][info][gc,stats    ]   Finish Mark                       443 us
[2026-04-03T01:43:55.881+0600][81.685s][info][gc,stats    ]   Update Region States               78 us
[2026-04-03T01:43:55.881+0600][81.685s][info][gc,stats    ]   Choose Collection Set           14762 us
[2026-04-03T01:43:55.881+0600][81.685s][info][gc,stats    ]   Rebuild Free Set                  179 us
[2026-04-03T01:43:55.881+0600][81.685s][info][gc,stats    ] Concurrent Thread Roots            1861 us, parallelism: 2.08x
[2026-04-03T01:43:55.881+0600][81.685s][info][gc,stats    ]   CTR: <total>                     3876 us
[2026-04-03T01:43:55.881+0600][81.685s][info][gc,stats    ]   CTR: Thread Roots                3876 us, workers (us): 1330, 1258, 1288, ---, ---, ---, 
[2026-04-03T01:43:55.881+0600][81.685s][info][gc,stats    ] Concurrent Weak References          805 us, parallelism: 1.36x
[2026-04-03T01:43:55.881+0600][81.685s][info][gc,stats    ]   CWRF: <total>                    1098 us
[2026-04-03T01:43:55.881+0600][81.685s][info][gc,stats    ]   CWRF: Weak References            1098 us, workers (us): 490, 127, 481, ---, ---, ---, 
[2026-04-03T01:43:55.881+0600][81.685s][info][gc,stats    ] Concurrent Weak Roots              5807 us
[2026-04-03T01:43:55.881+0600][81.685s][info][gc,stats    ]   Roots                            5191 us, parallelism: 2.68x
[2026-04-03T01:43:55.881+0600][81.686s][info][gc,stats    ]     CWR: <total>                  13926 us
[2026-04-03T01:43:55.881+0600][81.686s][info][gc,stats    ]     CWR: Code Cache Roots         11126 us, workers (us): 3684, 3692, 3750, ---, ---, ---, 
[2026-04-03T01:43:55.881+0600][81.686s][info][gc,stats    ]     CWR: VM Weak Roots             2636 us, workers (us): 885, 877, 874, ---, ---, ---, 
[2026-04-03T01:43:55.881+0600][81.686s][info][gc,stats    ]     CWR: CLDG Roots                 164 us, workers (us): 164, ---, ---, ---, ---, ---, 
[2026-04-03T01:43:55.882+0600][81.686s][info][gc,stats    ]   Rendezvous                        477 us
[2026-04-03T01:43:55.882+0600][81.686s][info][gc,stats    ] Concurrent Cleanup                  475 us
[2026-04-03T01:43:55.882+0600][81.686s][info][gc,stats    ] Concurrent Class Unloading        61358 us
[2026-04-03T01:43:55.882+0600][81.686s][info][gc,stats    ]   Unlink Stale                    57078 us
[2026-04-03T01:43:55.882+0600][81.686s][info][gc,stats    ]     System Dictionary               712 us
[2026-04-03T01:43:55.882+0600][81.686s][info][gc,stats    ]     Weak Class Links              31563 us
[2026-04-03T01:43:55.882+0600][81.686s][info][gc,stats    ]     Code Roots                    24796 us
[2026-04-03T01:43:55.882+0600][81.686s][info][gc,stats    ]   Rendezvous                        286 us
[2026-04-03T01:43:55.882+0600][81.686s][info][gc,stats    ]   Purge Unlinked                   3875 us
[2026-04-03T01:43:55.882+0600][81.686s][info][gc,stats    ]     Code Roots                     3805 us
[2026-04-03T01:43:55.882+0600][81.686s][info][gc,stats    ]     CLDG                             69 us
[2026-04-03T01:43:55.882+0600][81.686s][info][gc,stats    ]     Exception Caches                  0 us
[2026-04-03T01:43:55.882+0600][81.686s][info][gc,stats    ] Concurrent Strong Roots            1159 us, parallelism: 0.60x
[2026-04-03T01:43:55.882+0600][81.686s][info][gc,stats    ]   CSR: <total>                      697 us
[2026-04-03T01:43:55.882+0600][81.686s][info][gc,stats    ]   CSR: VM Strong Roots               50 us, workers (us):  28,  22,   0, ---, ---, ---, 
[2026-04-03T01:43:55.882+0600][81.686s][info][gc,stats    ]   CSR: CLDG Roots                   647 us, workers (us): 647, ---, ---, ---, ---, ---, 
[2026-04-03T01:43:55.882+0600][81.686s][info][gc,stats    ] Concurrent Evacuation              3834 us
[2026-04-03T01:43:55.882+0600][81.686s][info][gc,stats    ] Pause Init Update Refs (G)          492 us
[2026-04-03T01:43:55.882+0600][81.686s][info][gc,stats    ] Pause Init Update Refs (N)          128 us
[2026-04-03T01:43:55.882+0600][81.686s][info][gc,stats    ]   Manage GCLABs                      47 us
[2026-04-03T01:43:55.882+0600][81.686s][info][gc,stats    ] Concurrent Update Refs            52584 us
[2026-04-03T01:43:55.882+0600][81.686s][info][gc,stats    ] Concurrent Update Thread Roots     1644 us
[2026-04-03T01:43:55.882+0600][81.686s][info][gc,stats    ] Pause Final Update Refs (G)         529 us
[2026-04-03T01:43:55.882+0600][81.686s][info][gc,stats    ] Pause Final Update Refs (N)         249 us
[2026-04-03T01:43:55.882+0600][81.686s][info][gc,stats    ]   Update Region States               69 us
[2026-04-03T01:43:55.882+0600][81.686s][info][gc,stats    ]   Trash Collection Set               20 us
[2026-04-03T01:43:55.882+0600][81.686s][info][gc,stats    ]   Rebuild Free Set                   53 us
[2026-04-03T01:43:55.882+0600][81.686s][info][gc,stats    ] Concurrent Cleanup                  915 us
[2026-04-03T01:43:55.882+0600][81.686s][info][gc,stats    ] 
[2026-04-03T01:43:55.882+0600][81.686s][info][gc,stats    ] Allocation pacing accrued:
[2026-04-03T01:43:55.882+0600][81.686s][info][gc,stats    ]       0 of  1121 ms (  0.0%): <total>
[2026-04-03T01:43:55.882+0600][81.686s][info][gc,stats    ]       0 of  1121 ms (  0.0%): <average total>
[2026-04-03T01:43:55.882+0600][81.686s][info][gc,stats    ] 
[2026-04-03T01:43:55.882+0600][81.686s][info][gc,metaspace] Metaspace: 131209K(132800K)->131213K(132800K) NonClass: 114788K(115648K)->114791K(115648K) Class: 16420K(17152K)->16421K(17152K)
[2026-04-03T01:43:55.882+0600][81.686s][info][gc,ergo     ] Pacer for Idle. Initial: 80302K, Alloc Tax Rate: 1.0x
[2026-04-03T01:43:56.770+0600][82.574s][info][gc          ] Trigger: Learning 4 of 5. Free (2744M) is below initial threshold (2744M)
[2026-04-03T01:43:56.770+0600][82.574s][info][gc,ergo     ] Free: 2744M, Max: 1024K regular, 2094M humongous, Frag: 24% external, 0% internal; Reserve: 197M, Max: 1024K
[2026-04-03T01:43:56.770+0600][82.574s][info][gc,start    ] GC(32) Concurrent reset
[2026-04-03T01:43:56.770+0600][82.574s][info][gc,task     ] GC(32) Using 3 of 6 workers for concurrent reset
[2026-04-03T01:43:56.770+0600][82.574s][info][gc,ergo     ] GC(32) Pacer for Reset. Non-Taxable: 3921M
[2026-04-03T01:43:56.783+0600][82.587s][info][gc          ] GC(32) Concurrent reset 12.858ms
[2026-04-03T01:43:56.784+0600][82.588s][info][gc,start    ] GC(32) Pause Init Mark (unload classes)
[2026-04-03T01:43:56.784+0600][82.588s][info][gc,task     ] GC(32) Using 6 of 6 workers for init marking
[2026-04-03T01:43:56.784+0600][82.588s][info][gc,ergo     ] GC(32) Pacer for Mark. Expected Live: 98276K, Free: 2742M, Non-Taxable: 274M, Alloc Tax Rate: 0.0x
[2026-04-03T01:43:56.784+0600][82.588s][info][gc          ] GC(32) Pause Init Mark (unload classes) 0.189ms
[2026-04-03T01:43:56.784+0600][82.588s][info][gc,start    ] GC(32) Concurrent marking roots
[2026-04-03T01:43:56.784+0600][82.588s][info][gc,task     ] GC(32) Using 3 of 6 workers for concurrent marking roots
[2026-04-03T01:43:56.787+0600][82.591s][info][gc          ] GC(32) Concurrent marking roots 3.246ms
[2026-04-03T01:43:56.788+0600][82.592s][info][gc,start    ] GC(32) Concurrent marking (unload classes)
[2026-04-03T01:43:56.788+0600][82.592s][info][gc,task     ] GC(32) Using 3 of 6 workers for concurrent marking
[2026-04-03T01:43:56.863+0600][82.667s][info][gc          ] GC(32) Concurrent marking (unload classes) 75.151ms
[2026-04-03T01:43:56.863+0600][82.667s][info][gc,start    ] GC(32) Pause Final Mark (unload classes)
[2026-04-03T01:43:56.863+0600][82.667s][info][gc,task     ] GC(32) Using 6 of 6 workers for final marking
[2026-04-03T01:43:56.864+0600][82.668s][info][gc,ergo     ] GC(32) Adaptive CSet Selection. Target Free: 555M, Actual Free: 3348M, Max CSet: 163M, Min Garbage: 0B
[2026-04-03T01:43:56.864+0600][82.668s][info][gc,ergo     ] GC(32) Collectable Garbage: 740M (98%), Immediate: 470M (62%), CSet: 269M (35%)
[2026-04-03T01:43:56.864+0600][82.668s][info][gc,ergo     ] GC(32) Pacer for Evacuation. Used CSet: 275M, Free: 3295M, Non-Taxable: 329M, Alloc Tax Rate: 1.1x
[2026-04-03T01:43:56.864+0600][82.668s][info][gc          ] GC(32) Pause Final Mark (unload classes) 0.676ms
[2026-04-03T01:43:56.867+0600][82.671s][info][gc,start    ] GC(32) Concurrent thread roots
[2026-04-03T01:43:56.867+0600][82.671s][info][gc,task     ] GC(32) Using 3 of 6 workers for Concurrent thread roots
[2026-04-03T01:43:56.869+0600][82.673s][info][gc          ] GC(32) Concurrent thread roots 1.781ms
[2026-04-03T01:43:56.869+0600][82.673s][info][gc,start    ] GC(32) Concurrent weak references
[2026-04-03T01:43:56.869+0600][82.673s][info][gc,task     ] GC(32) Using 3 of 6 workers for concurrent weak references
[2026-04-03T01:43:56.870+0600][82.675s][info][gc,ref      ] GC(32) Encountered references: Soft: 3731, Weak: 16487, Final: 84, Phantom: 621
[2026-04-03T01:43:56.871+0600][82.675s][info][gc,ref      ] GC(32) Discovered  references: Soft: 0, Weak: 9509, Final: 52, Phantom: 591
[2026-04-03T01:43:56.871+0600][82.675s][info][gc,ref      ] GC(32) Enqueued    references: Soft: 0, Weak: 1631, Final: 0, Phantom: 0
[2026-04-03T01:43:56.871+0600][82.675s][info][gc          ] GC(32) Concurrent weak references 1.926ms
[2026-04-03T01:43:56.871+0600][82.675s][info][gc,start    ] GC(32) Concurrent weak roots
[2026-04-03T01:43:56.871+0600][82.675s][info][gc,task     ] GC(32) Using 3 of 6 workers for concurrent weak root
[2026-04-03T01:43:56.880+0600][82.684s][info][gc          ] GC(32) Concurrent weak roots 9.509ms
[2026-04-03T01:43:56.880+0600][82.684s][info][gc,start    ] GC(32) Concurrent cleanup
[2026-04-03T01:43:56.881+0600][82.685s][info][gc          ] GC(32) Concurrent cleanup 904M->433M(1076M) 1.052ms
[2026-04-03T01:43:56.881+0600][82.685s][info][gc,ergo     ] GC(32) Free: 3276M, Max: 1024K regular, 2098M humongous, Frag: 36% external, 0% internal; Reserve: 196M, Max: 1024K
[2026-04-03T01:43:56.881+0600][82.685s][info][gc,start    ] GC(32) Concurrent class unloading
[2026-04-03T01:43:56.881+0600][82.685s][info][gc,task     ] GC(32) Using 3 of 6 workers for concurrent class unloading
[2026-04-03T01:43:56.907+0600][82.711s][info][gc          ] GC(32) Concurrent class unloading 25.447ms
[2026-04-03T01:43:56.907+0600][82.711s][info][gc,start    ] GC(32) Concurrent strong roots
[2026-04-03T01:43:56.907+0600][82.711s][info][gc,task     ] GC(32) Using 3 of 6 workers for concurrent strong root
[2026-04-03T01:43:56.908+0600][82.712s][info][gc          ] GC(32) Concurrent strong roots 1.199ms
[2026-04-03T01:43:56.908+0600][82.712s][info][gc,start    ] GC(32) Concurrent evacuation
[2026-04-03T01:43:56.908+0600][82.712s][info][gc,task     ] GC(32) Using 3 of 6 workers for concurrent evacuation
[2026-04-03T01:43:56.914+0600][82.718s][info][gc          ] GC(32) Concurrent evacuation 5.261ms
[2026-04-03T01:43:56.914+0600][82.718s][info][gc,start    ] GC(32) Pause Init Update Refs
[2026-04-03T01:43:56.914+0600][82.718s][info][gc,ergo     ] GC(32) Pacer for Update Refs. Used: 454M, Free: 3257M, Non-Taxable: 325M, Alloc Tax Rate: 1.1x
[2026-04-03T01:43:56.914+0600][82.718s][info][gc          ] GC(32) Pause Init Update Refs 0.180ms
[2026-04-03T01:43:56.914+0600][82.718s][info][gc,start    ] GC(32) Concurrent update references
[2026-04-03T01:43:56.914+0600][82.718s][info][gc,task     ] GC(32) Using 3 of 6 workers for concurrent reference update
[2026-04-03T01:43:56.970+0600][82.774s][info][gc          ] GC(32) Concurrent update references 56.184ms
[2026-04-03T01:43:56.971+0600][82.775s][info][gc,start    ] GC(32) Concurrent update thread roots
[2026-04-03T01:43:56.973+0600][82.777s][info][gc          ] GC(32) Concurrent update thread roots 1.982ms
[2026-04-03T01:43:56.973+0600][82.777s][info][gc,start    ] GC(32) Pause Final Update Refs
[2026-04-03T01:43:56.973+0600][82.777s][info][gc,task     ] GC(32) Using 6 of 6 workers for final reference update
[2026-04-03T01:43:56.973+0600][82.777s][info][gc          ] GC(32) Pause Final Update Refs 0.346ms
[2026-04-03T01:43:56.973+0600][82.777s][info][gc,start    ] GC(32) Concurrent cleanup
[2026-04-03T01:43:56.974+0600][82.778s][info][gc          ] GC(32) Concurrent cleanup 480M->205M(1076M) 0.963ms
[2026-04-03T01:43:56.974+0600][82.778s][info][gc,ergo     ] Free: 3491M, Max: 1024K regular, 2116M humongous, Frag: 40% external, 0% internal; Reserve: 197M, Max: 1024K
[2026-04-03T01:43:56.974+0600][82.778s][info][gc,stats    ] 
[2026-04-03T01:43:56.974+0600][82.778s][info][gc,stats    ] All times are wall-clock times, except per-root-class counters, that are sum over
[2026-04-03T01:43:56.974+0600][82.778s][info][gc,stats    ] all workers. Dividing the <total> over the root stage time estimates parallelism.
[2026-04-03T01:43:56.974+0600][82.778s][info][gc,stats    ] 
[2026-04-03T01:43:56.974+0600][82.778s][info][gc,stats    ] Concurrent Reset                  12950 us
[2026-04-03T01:43:56.974+0600][82.778s][info][gc,stats    ] Pause Init Mark (G)                 894 us
[2026-04-03T01:43:56.974+0600][82.778s][info][gc,stats    ] Pause Init Mark (N)                 205 us
[2026-04-03T01:43:56.974+0600][82.779s][info][gc,stats    ]   Update Region States               63 us
[2026-04-03T01:43:56.974+0600][82.779s][info][gc,stats    ] Concurrent Mark Roots              3325 us, parallelism: 1.67x
[2026-04-03T01:43:56.974+0600][82.779s][info][gc,stats    ]   CMR: <total>                     5560 us
[2026-04-03T01:43:56.974+0600][82.779s][info][gc,stats    ]   CMR: Thread Roots                5184 us, workers (us): 2727, 2458,   0, ---, ---, ---, 
[2026-04-03T01:43:56.975+0600][82.779s][info][gc,stats    ]   CMR: VM Strong Roots               58 us, workers (us):  37,  20,   1, ---, ---, ---, 
[2026-04-03T01:43:56.975+0600][82.779s][info][gc,stats    ]   CMR: CLDG Roots                   318 us, workers (us): ---, 318, ---, ---, ---, ---, 
[2026-04-03T01:43:56.975+0600][82.779s][info][gc,stats    ] Concurrent Marking                75285 us
[2026-04-03T01:43:56.975+0600][82.779s][info][gc,stats    ] Pause Final Mark (G)               3972 us
[2026-04-03T01:43:56.975+0600][82.779s][info][gc,stats    ] Pause Final Mark (N)                690 us
[2026-04-03T01:43:56.975+0600][82.779s][info][gc,stats    ]   Finish Mark                       216 us
[2026-04-03T01:43:56.975+0600][82.779s][info][gc,stats    ]   Update Region States               80 us
[2026-04-03T01:43:56.975+0600][82.779s][info][gc,stats    ]   Choose Collection Set             211 us
[2026-04-03T01:43:56.975+0600][82.779s][info][gc,stats    ]   Rebuild Free Set                   76 us
[2026-04-03T01:43:56.975+0600][82.779s][info][gc,stats    ] Concurrent Thread Roots            1883 us, parallelism: 2.34x
[2026-04-03T01:43:56.975+0600][82.779s][info][gc,stats    ]   CTR: <total>                     4403 us
[2026-04-03T01:43:56.975+0600][82.779s][info][gc,stats    ]   CTR: Thread Roots                4403 us, workers (us): 1534, 1547, 1322, ---, ---, ---, 
[2026-04-03T01:43:56.975+0600][82.779s][info][gc,stats    ] Concurrent Weak References         1946 us, parallelism: 0.92x
[2026-04-03T01:43:56.975+0600][82.779s][info][gc,stats    ]   CWRF: <total>                    1784 us
[2026-04-03T01:43:56.975+0600][82.779s][info][gc,stats    ]   CWRF: Weak References            1784 us, workers (us): 1536, 248,   0, ---, ---, ---, 
[2026-04-03T01:43:56.975+0600][82.779s][info][gc,stats    ] Concurrent Weak Roots              9625 us
[2026-04-03T01:43:56.975+0600][82.779s][info][gc,stats    ]   Roots                            8837 us, parallelism: 2.58x
[2026-04-03T01:43:56.975+0600][82.779s][info][gc,stats    ]     CWR: <total>                  22803 us
[2026-04-03T01:43:56.975+0600][82.779s][info][gc,stats    ]     CWR: Code Cache Roots         18860 us, workers (us): 6319, 6454, 6086, ---, ---, ---, 
[2026-04-03T01:43:56.975+0600][82.779s][info][gc,stats    ]     CWR: VM Weak Roots             3545 us, workers (us): 1552, 1348, 645, ---, ---, ---, 
[2026-04-03T01:43:56.975+0600][82.779s][info][gc,stats    ]     CWR: CLDG Roots                 398 us, workers (us): ---, ---, 398, ---, ---, ---, 
[2026-04-03T01:43:56.975+0600][82.779s][info][gc,stats    ]   Rendezvous                        603 us
[2026-04-03T01:43:56.975+0600][82.779s][info][gc,stats    ] Concurrent Cleanup                 1097 us
[2026-04-03T01:43:56.975+0600][82.779s][info][gc,stats    ] Concurrent Class Unloading        25555 us
[2026-04-03T01:43:56.975+0600][82.779s][info][gc,stats    ]   Unlink Stale                    24031 us
[2026-04-03T01:43:56.975+0600][82.779s][info][gc,stats    ]     System Dictionary               337 us
[2026-04-03T01:43:56.975+0600][82.779s][info][gc,stats    ]     Weak Class Links                  1 us
[2026-04-03T01:43:56.975+0600][82.779s][info][gc,stats    ]     Code Roots                    23686 us
[2026-04-03T01:43:56.975+0600][82.779s][info][gc,stats    ]   Rendezvous                        295 us
[2026-04-03T01:43:56.975+0600][82.779s][info][gc,stats    ]   Purge Unlinked                   1076 us
[2026-04-03T01:43:56.975+0600][82.779s][info][gc,stats    ]     Code Roots                     1056 us
[2026-04-03T01:43:56.975+0600][82.779s][info][gc,stats    ]     CLDG                             19 us
[2026-04-03T01:43:56.975+0600][82.779s][info][gc,stats    ]     Exception Caches                  1 us
[2026-04-03T01:43:56.975+0600][82.779s][info][gc,stats    ] Concurrent Strong Roots            1245 us, parallelism: 0.64x
[2026-04-03T01:43:56.975+0600][82.779s][info][gc,stats    ]   CSR: <total>                      794 us
[2026-04-03T01:43:56.975+0600][82.779s][info][gc,stats    ]   CSR: VM Strong Roots               61 us, workers (us):  38,  24,   0, ---, ---, ---, 
[2026-04-03T01:43:56.975+0600][82.779s][info][gc,stats    ]   CSR: CLDG Roots                   733 us, workers (us): ---, 733, ---, ---, ---, ---, 
[2026-04-03T01:43:56.975+0600][82.779s][info][gc,stats    ] Concurrent Evacuation              5370 us
[2026-04-03T01:43:56.975+0600][82.779s][info][gc,stats    ] Pause Init Update Refs (G)          649 us
[2026-04-03T01:43:56.975+0600][82.779s][info][gc,stats    ] Pause Init Update Refs (N)          200 us
[2026-04-03T01:43:56.975+0600][82.779s][info][gc,stats    ]   Manage GCLABs                      59 us
[2026-04-03T01:43:56.975+0600][82.779s][info][gc,stats    ] Concurrent Update Refs            56286 us
[2026-04-03T01:43:56.975+0600][82.779s][info][gc,stats    ] Concurrent Update Thread Roots     2070 us
[2026-04-03T01:43:56.975+0600][82.779s][info][gc,stats    ] Pause Final Update Refs (G)         661 us
[2026-04-03T01:43:56.975+0600][82.779s][info][gc,stats    ] Pause Final Update Refs (N)         376 us
[2026-04-03T01:43:56.975+0600][82.779s][info][gc,stats    ]   Update Region States              107 us
[2026-04-03T01:43:56.975+0600][82.779s][info][gc,stats    ]   Trash Collection Set               23 us
[2026-04-03T01:43:56.975+0600][82.779s][info][gc,stats    ]   Rebuild Free Set                   62 us
[2026-04-03T01:43:56.975+0600][82.779s][info][gc,stats    ] Concurrent Cleanup                  993 us
[2026-04-03T01:43:56.975+0600][82.779s][info][gc,stats    ] 
[2026-04-03T01:43:56.975+0600][82.779s][info][gc,stats    ] Allocation pacing accrued:
[2026-04-03T01:43:56.975+0600][82.779s][info][gc,stats    ]       0 of  1093 ms (  0.0%): <total>
[2026-04-03T01:43:56.975+0600][82.779s][info][gc,stats    ]       0 of  1093 ms (  0.0%): <average total>
[2026-04-03T01:43:56.975+0600][82.779s][info][gc,stats    ] 
[2026-04-03T01:43:56.975+0600][82.779s][info][gc,metaspace] Metaspace: 131274K(132800K)->131277K(132800K) NonClass: 114847K(115648K)->114849K(115648K) Class: 16427K(17152K)->16427K(17152K)
[2026-04-03T01:43:56.975+0600][82.779s][info][gc,ergo     ] Pacer for Idle. Initial: 80302K, Alloc Tax Rate: 1.0x
[2026-04-03T01:43:57.669+0600][83.473s][info][gc          ] Trigger: Learning 5 of 5. Free (2739M) is below initial threshold (2744M)
[2026-04-03T01:43:57.669+0600][83.473s][info][gc,ergo     ] Free: 2739M, Max: 1024K regular, 2116M humongous, Frag: 23% external, 0% internal; Reserve: 197M, Max: 1024K
[2026-04-03T01:43:57.669+0600][83.473s][info][gc,start    ] GC(33) Concurrent reset
[2026-04-03T01:43:57.669+0600][83.473s][info][gc,task     ] GC(33) Using 3 of 6 workers for concurrent reset
[2026-04-03T01:43:57.669+0600][83.473s][info][gc,ergo     ] GC(33) Pacer for Reset. Non-Taxable: 3921M
[2026-04-03T01:43:57.675+0600][83.479s][info][gc          ] GC(33) Concurrent reset 6.202ms
[2026-04-03T01:43:57.676+0600][83.480s][info][gc,start    ] GC(33) Pause Init Mark (unload classes)
[2026-04-03T01:43:57.676+0600][83.480s][info][gc,task     ] GC(33) Using 6 of 6 workers for init marking
[2026-04-03T01:43:57.676+0600][83.480s][info][gc,ergo     ] GC(33) Pacer for Mark. Expected Live: 95061K, Free: 2737M, Non-Taxable: 273M, Alloc Tax Rate: 0.0x
[2026-04-03T01:43:57.676+0600][83.480s][info][gc          ] GC(33) Pause Init Mark (unload classes) 0.234ms
[2026-04-03T01:43:57.676+0600][83.480s][info][gc,start    ] GC(33) Concurrent marking roots
[2026-04-03T01:43:57.676+0600][83.480s][info][gc,task     ] GC(33) Using 3 of 6 workers for concurrent marking roots
[2026-04-03T01:43:57.678+0600][83.482s][info][gc          ] GC(33) Concurrent marking roots 1.915ms
[2026-04-03T01:43:57.678+0600][83.482s][info][gc,start    ] GC(33) Concurrent marking (unload classes)
[2026-04-03T01:43:57.678+0600][83.482s][info][gc,task     ] GC(33) Using 3 of 6 workers for concurrent marking
[2026-04-03T01:43:57.737+0600][83.541s][info][gc          ] GC(33) Concurrent marking (unload classes) 58.665ms
[2026-04-03T01:43:57.737+0600][83.541s][info][gc,start    ] GC(33) Pause Final Mark (unload classes)
[2026-04-03T01:43:57.737+0600][83.541s][info][gc,task     ] GC(33) Using 6 of 6 workers for final marking
[2026-04-03T01:43:57.738+0600][83.542s][info][gc,ergo     ] GC(33) Adaptive CSet Selection. Target Free: 555M, Actual Free: 3411M, Max CSet: 163M, Min Garbage: 0B
[2026-04-03T01:43:57.738+0600][83.542s][info][gc,ergo     ] GC(33) Collectable Garbage: 722M (98%), Immediate: 504M (68%), CSet: 218M (29%)
[2026-04-03T01:43:57.738+0600][83.542s][info][gc,ergo     ] GC(33) Pacer for Evacuation. Used CSet: 223M, Free: 3381M, Non-Taxable: 338M, Alloc Tax Rate: 1.1x
[2026-04-03T01:43:57.738+0600][83.542s][info][gc          ] GC(33) Pause Final Mark (unload classes) 0.929ms
[2026-04-03T01:43:57.738+0600][83.542s][info][gc,start    ] GC(33) Concurrent thread roots
[2026-04-03T01:43:57.738+0600][83.542s][info][gc,task     ] GC(33) Using 3 of 6 workers for Concurrent thread roots
[2026-04-03T01:43:57.740+0600][83.544s][info][gc          ] GC(33) Concurrent thread roots 1.765ms
[2026-04-03T01:43:57.740+0600][83.544s][info][gc,start    ] GC(33) Concurrent weak references
[2026-04-03T01:43:57.740+0600][83.544s][info][gc,task     ] GC(33) Using 3 of 6 workers for concurrent weak references
[2026-04-03T01:43:57.741+0600][83.545s][info][gc,ref      ] GC(33) Encountered references: Soft: 3758, Weak: 16287, Final: 84, Phantom: 621
[2026-04-03T01:43:57.741+0600][83.545s][info][gc,ref      ] GC(33) Discovered  references: Soft: 0, Weak: 9842, Final: 48, Phantom: 617
[2026-04-03T01:43:57.741+0600][83.545s][info][gc,ref      ] GC(33) Enqueued    references: Soft: 0, Weak: 1736, Final: 0, Phantom: 0
[2026-04-03T01:43:57.741+0600][83.545s][info][gc          ] GC(33) Concurrent weak references 1.126ms
[2026-04-03T01:43:57.741+0600][83.545s][info][gc,start    ] GC(33) Concurrent weak roots
[2026-04-03T01:43:57.741+0600][83.545s][info][gc,task     ] GC(33) Using 3 of 6 workers for concurrent weak root
[2026-04-03T01:43:57.747+0600][83.551s][info][gc          ] GC(33) Concurrent weak roots 5.821ms
[2026-04-03T01:43:57.747+0600][83.551s][info][gc,start    ] GC(33) Concurrent cleanup
[2026-04-03T01:43:57.748+0600][83.552s][info][gc          ] GC(33) Concurrent cleanup 852M->350M(1076M) 1.186ms
[2026-04-03T01:43:57.748+0600][83.552s][info][gc,ergo     ] GC(33) Free: 3370M, Max: 1024K regular, 2118M humongous, Frag: 38% external, 0% internal; Reserve: 196M, Max: 1024K
[2026-04-03T01:43:57.748+0600][83.552s][info][gc,start    ] GC(33) Concurrent class unloading
[2026-04-03T01:43:57.748+0600][83.552s][info][gc,task     ] GC(33) Using 3 of 6 workers for concurrent class unloading
[2026-04-03T01:43:57.778+0600][83.582s][info][gc          ] GC(33) Concurrent class unloading 29.121ms
[2026-04-03T01:43:57.778+0600][83.582s][info][gc,start    ] GC(33) Concurrent strong roots
[2026-04-03T01:43:57.778+0600][83.582s][info][gc,task     ] GC(33) Using 3 of 6 workers for concurrent strong root
[2026-04-03T01:43:57.779+0600][83.583s][info][gc          ] GC(33) Concurrent strong roots 1.637ms
[2026-04-03T01:43:57.779+0600][83.583s][info][gc,start    ] GC(33) Concurrent evacuation
[2026-04-03T01:43:57.779+0600][83.583s][info][gc,task     ] GC(33) Using 3 of 6 workers for concurrent evacuation
[2026-04-03T01:43:57.784+0600][83.588s][info][gc          ] GC(33) Concurrent evacuation 4.797ms
[2026-04-03T01:43:57.784+0600][83.589s][info][gc,start    ] GC(33) Pause Init Update Refs
[2026-04-03T01:43:57.785+0600][83.589s][info][gc,ergo     ] GC(33) Pacer for Update Refs. Used: 372M, Free: 3351M, Non-Taxable: 335M, Alloc Tax Rate: 1.1x
[2026-04-03T01:43:57.785+0600][83.589s][info][gc          ] GC(33) Pause Init Update Refs 0.251ms
[2026-04-03T01:43:57.785+0600][83.589s][info][gc,start    ] GC(33) Concurrent update references
[2026-04-03T01:43:57.785+0600][83.589s][info][gc,task     ] GC(33) Using 3 of 6 workers for concurrent reference update
[2026-04-03T01:43:57.835+0600][83.639s][info][gc          ] GC(33) Concurrent update references 50.206ms
[2026-04-03T01:43:57.835+0600][83.639s][info][gc,start    ] GC(33) Concurrent update thread roots
[2026-04-03T01:43:57.838+0600][83.642s][info][gc          ] GC(33) Concurrent update thread roots 2.978ms
[2026-04-03T01:43:57.839+0600][83.643s][info][gc,start    ] GC(33) Pause Final Update Refs
[2026-04-03T01:43:57.839+0600][83.643s][info][gc,task     ] GC(33) Using 6 of 6 workers for final reference update
[2026-04-03T01:43:57.839+0600][83.643s][info][gc          ] GC(33) Pause Final Update Refs 0.251ms
[2026-04-03T01:43:57.839+0600][83.643s][info][gc,start    ] GC(33) Concurrent cleanup
[2026-04-03T01:43:57.840+0600][83.644s][info][gc          ] GC(33) Concurrent cleanup 401M->178M(1076M) 0.897ms
[2026-04-03T01:43:57.840+0600][83.644s][info][gc,ergo     ] Free: 3536M, Max: 1024K regular, 2118M humongous, Frag: 40% external, 0% internal; Reserve: 197M, Max: 1024K
[2026-04-03T01:43:57.840+0600][83.645s][info][gc,stats    ] 
[2026-04-03T01:43:57.840+0600][83.645s][info][gc,stats    ] All times are wall-clock times, except per-root-class counters, that are sum over
[2026-04-03T01:43:57.840+0600][83.645s][info][gc,stats    ] all workers. Dividing the <total> over the root stage time estimates parallelism.
[2026-04-03T01:43:57.841+0600][83.645s][info][gc,stats    ] 
[2026-04-03T01:43:57.841+0600][83.645s][info][gc,stats    ] Concurrent Reset                   6303 us
[2026-04-03T01:43:57.841+0600][83.645s][info][gc,stats    ] Pause Init Mark (G)                 542 us
[2026-04-03T01:43:57.841+0600][83.645s][info][gc,stats    ] Pause Init Mark (N)                 245 us
[2026-04-03T01:43:57.841+0600][83.645s][info][gc,stats    ]   Update Region States               53 us
[2026-04-03T01:43:57.841+0600][83.645s][info][gc,stats    ] Concurrent Mark Roots              1997 us, parallelism: 1.98x
[2026-04-03T01:43:57.841+0600][83.645s][info][gc,stats    ]   CMR: <total>                     3947 us
[2026-04-03T01:43:57.841+0600][83.645s][info][gc,stats    ]   CMR: Thread Roots                3363 us, workers (us): 788, 1299, 1275, ---, ---, ---, 
[2026-04-03T01:43:57.841+0600][83.645s][info][gc,stats    ]   CMR: VM Strong Roots               57 us, workers (us):  55,   1,   1, ---, ---, ---, 
[2026-04-03T01:43:57.841+0600][83.645s][info][gc,stats    ]   CMR: CLDG Roots                   527 us, workers (us): 527, ---, ---, ---, ---, ---, 
[2026-04-03T01:43:57.841+0600][83.645s][info][gc,stats    ] Concurrent Marking                58822 us
[2026-04-03T01:43:57.841+0600][83.645s][info][gc,stats    ] Pause Final Mark (G)               1375 us
[2026-04-03T01:43:57.841+0600][83.645s][info][gc,stats    ] Pause Final Mark (N)                950 us
[2026-04-03T01:43:57.841+0600][83.645s][info][gc,stats    ]   Finish Mark                       252 us
[2026-04-03T01:43:57.841+0600][83.645s][info][gc,stats    ]   Update Region States               82 us
[2026-04-03T01:43:57.841+0600][83.645s][info][gc,stats    ]   Choose Collection Set             284 us
[2026-04-03T01:43:57.841+0600][83.645s][info][gc,stats    ]   Rebuild Free Set                   69 us
[2026-04-03T01:43:57.841+0600][83.645s][info][gc,stats    ] Concurrent Thread Roots            1840 us, parallelism: 2.46x
[2026-04-03T01:43:57.841+0600][83.645s][info][gc,stats    ]   CTR: <total>                     4522 us
[2026-04-03T01:43:57.841+0600][83.645s][info][gc,stats    ]   CTR: Thread Roots                4522 us, workers (us): 1537, 1494, 1491, ---, ---, ---, 
[2026-04-03T01:43:57.841+0600][83.645s][info][gc,stats    ] Concurrent Weak References         1141 us, parallelism: 1.53x
[2026-04-03T01:43:57.841+0600][83.645s][info][gc,stats    ]   CWRF: <total>                    1751 us
[2026-04-03T01:43:57.841+0600][83.645s][info][gc,stats    ]   CWRF: Weak References            1751 us, workers (us): 938, 242, 571, ---, ---, ---, 
[2026-04-03T01:43:57.841+0600][83.645s][info][gc,stats    ] Concurrent Weak Roots              5929 us
[2026-04-03T01:43:57.841+0600][83.645s][info][gc,stats    ]   Roots                            5212 us, parallelism: 2.69x
[2026-04-03T01:43:57.841+0600][83.645s][info][gc,stats    ]     CWR: <total>                  14026 us
[2026-04-03T01:43:57.841+0600][83.645s][info][gc,stats    ]     CWR: Code Cache Roots         10317 us, workers (us): 3341, 3472, 3504, ---, ---, ---, 
[2026-04-03T01:43:57.841+0600][83.645s][info][gc,stats    ]     CWR: VM Weak Roots             3465 us, workers (us): 1197, 1158, 1110, ---, ---, ---, 
[2026-04-03T01:43:57.841+0600][83.645s][info][gc,stats    ]     CWR: CLDG Roots                 245 us, workers (us): 245, ---, ---, ---, ---, ---, 
[2026-04-03T01:43:57.841+0600][83.645s][info][gc,stats    ]   Rendezvous                        571 us
[2026-04-03T01:43:57.841+0600][83.645s][info][gc,stats    ] Concurrent Cleanup                 1255 us
[2026-04-03T01:43:57.841+0600][83.645s][info][gc,stats    ] Concurrent Class Unloading        29230 us
[2026-04-03T01:43:57.841+0600][83.645s][info][gc,stats    ]   Unlink Stale                    25840 us
[2026-04-03T01:43:57.841+0600][83.645s][info][gc,stats    ]     System Dictionary               351 us
[2026-04-03T01:43:57.841+0600][83.645s][info][gc,stats    ]     Weak Class Links                  0 us
[2026-04-03T01:43:57.841+0600][83.645s][info][gc,stats    ]     Code Roots                    25484 us
[2026-04-03T01:43:57.841+0600][83.645s][info][gc,stats    ]   Rendezvous                        674 us
[2026-04-03T01:43:57.841+0600][83.645s][info][gc,stats    ]   Purge Unlinked                   2557 us
[2026-04-03T01:43:57.841+0600][83.645s][info][gc,stats    ]     Code Roots                     2531 us
[2026-04-03T01:43:57.841+0600][83.645s][info][gc,stats    ]     CLDG                             24 us
[2026-04-03T01:43:57.841+0600][83.645s][info][gc,stats    ]     Exception Caches                  0 us
[2026-04-03T01:43:57.841+0600][83.645s][info][gc,stats    ] Concurrent Strong Roots            1728 us, parallelism: 0.66x
[2026-04-03T01:43:57.841+0600][83.645s][info][gc,stats    ]   CSR: <total>                     1133 us
[2026-04-03T01:43:57.841+0600][83.645s][info][gc,stats    ]   CSR: VM Strong Roots               70 us, workers (us):  65,   4,   1, ---, ---, ---, 
[2026-04-03T01:43:57.841+0600][83.645s][info][gc,stats    ]   CSR: CLDG Roots                  1063 us, workers (us): ---, 1063, ---, ---, ---, ---, 
[2026-04-03T01:43:57.841+0600][83.645s][info][gc,stats    ] Concurrent Evacuation              4925 us
[2026-04-03T01:43:57.841+0600][83.645s][info][gc,stats    ] Pause Init Update Refs (G)          571 us
[2026-04-03T01:43:57.841+0600][83.645s][info][gc,stats    ] Pause Init Update Refs (N)          276 us
[2026-04-03T01:43:57.841+0600][83.645s][info][gc,stats    ]   Manage GCLABs                      50 us
[2026-04-03T01:43:57.841+0600][83.645s][info][gc,stats    ] Concurrent Update Refs            50348 us
[2026-04-03T01:43:57.841+0600][83.645s][info][gc,stats    ] Concurrent Update Thread Roots     3092 us
[2026-04-03T01:43:57.841+0600][83.645s][info][gc,stats    ] Pause Final Update Refs (G)        1091 us
[2026-04-03T01:43:57.841+0600][83.645s][info][gc,stats    ] Pause Final Update Refs (N)         266 us
[2026-04-03T01:43:57.841+0600][83.645s][info][gc,stats    ]   Update Region States              101 us
[2026-04-03T01:43:57.841+0600][83.645s][info][gc,stats    ]   Trash Collection Set               15 us
[2026-04-03T01:43:57.841+0600][83.645s][info][gc,stats    ]   Rebuild Free Set                   50 us
[2026-04-03T01:43:57.841+0600][83.645s][info][gc,stats    ] Concurrent Cleanup                  929 us
[2026-04-03T01:43:57.841+0600][83.645s][info][gc,stats    ] 
[2026-04-03T01:43:57.841+0600][83.645s][info][gc,stats    ] Allocation pacing accrued:
[2026-04-03T01:43:57.841+0600][83.645s][info][gc,stats    ]       0 of   866 ms (  0.0%): <total>
[2026-04-03T01:43:57.841+0600][83.645s][info][gc,stats    ]       0 of   866 ms (  0.0%): <average total>
[2026-04-03T01:43:57.841+0600][83.645s][info][gc,stats    ] 
[2026-04-03T01:43:57.841+0600][83.645s][info][gc,metaspace] Metaspace: 131336K(132800K)->131362K(132800K) NonClass: 114901K(115648K)->114924K(115648K) Class: 16434K(17152K)->16438K(17152K)
[2026-04-03T01:43:57.841+0600][83.646s][info][gc,ergo     ] Pacer for Idle. Initial: 80302K, Alloc Tax Rate: 1.0x
[2026-04-03T01:44:00.889+0600][86.693s][info][gc          ] Trigger: Average GC time (233.20 ms) is above the time for average allocation rate (943 MB/s) to deplete free headroom (218M) (margin of error = 1.87)
[2026-04-03T01:44:00.889+0600][86.693s][info][gc,ergo     ] Free headroom: 414M (free) - 196M (spike) - 0B (penalties) = 218M
[2026-04-03T01:44:00.889+0600][86.693s][info][gc,ergo     ] Free: 414M, Max: 1024K regular, 194M humongous, Frag: 53% external, 1% internal; Reserve: 197M, Max: 1024K
[2026-04-03T01:44:00.889+0600][86.693s][info][gc,start    ] GC(34) Concurrent reset
[2026-04-03T01:44:00.889+0600][86.693s][info][gc,task     ] GC(34) Using 3 of 6 workers for concurrent reset
[2026-04-03T01:44:00.889+0600][86.693s][info][gc,ergo     ] GC(34) Pacer for Reset. Non-Taxable: 3921M
[2026-04-03T01:44:00.899+0600][86.703s][info][gc          ] GC(34) Concurrent reset 10.162ms
[2026-04-03T01:44:00.901+0600][86.705s][info][gc,start    ] GC(34) Pause Init Mark (unload classes)
[2026-04-03T01:44:00.901+0600][86.705s][info][gc,task     ] GC(34) Using 6 of 6 workers for init marking
[2026-04-03T01:44:00.901+0600][86.705s][info][gc,ergo     ] GC(34) Pacer for Mark. Expected Live: 94358K, Free: 403M, Non-Taxable: 41324K, Alloc Tax Rate: 0.3x
[2026-04-03T01:44:00.901+0600][86.705s][info][gc          ] GC(34) Pause Init Mark (unload classes) 0.213ms
[2026-04-03T01:44:00.901+0600][86.705s][info][gc,start    ] GC(34) Concurrent marking roots
[2026-04-03T01:44:00.901+0600][86.705s][info][gc,task     ] GC(34) Using 3 of 6 workers for concurrent marking roots
[2026-04-03T01:44:00.903+0600][86.707s][info][gc          ] GC(34) Concurrent marking roots 2.101ms
[2026-04-03T01:44:00.903+0600][86.707s][info][gc,start    ] GC(34) Concurrent marking (unload classes)
[2026-04-03T01:44:00.903+0600][86.707s][info][gc,task     ] GC(34) Using 3 of 6 workers for concurrent marking
[2026-04-03T01:44:00.982+0600][86.786s][info][gc          ] GC(34) Concurrent marking (unload classes) 78.955ms
[2026-04-03T01:44:00.982+0600][86.786s][info][gc,start    ] GC(34) Pause Final Mark (unload classes)
[2026-04-03T01:44:00.982+0600][86.786s][info][gc,task     ] GC(34) Using 6 of 6 workers for final marking
[2026-04-03T01:44:00.983+0600][86.787s][info][gc,ergo     ] GC(34) Adaptive CSet Selection. Target Free: 555M, Actual Free: 2574M, Max CSet: 163M, Min Garbage: 0B
[2026-04-03T01:44:00.983+0600][86.787s][info][gc,ergo     ] GC(34) Collectable Garbage: 2693M (99%), Immediate: 2042M (75%), CSet: 651M (24%)
[2026-04-03T01:44:00.983+0600][86.787s][info][gc,ergo     ] GC(34) Pacer for Evacuation. Used CSet: 665M, Free: 2895M, Non-Taxable: 289M, Alloc Tax Rate: 1.1x
[2026-04-03T01:44:00.983+0600][86.787s][info][gc          ] GC(34) Pause Final Mark (unload classes) 1.011ms
[2026-04-03T01:44:00.983+0600][86.787s][info][gc,start    ] GC(34) Concurrent thread roots
[2026-04-03T01:44:00.983+0600][86.787s][info][gc,task     ] GC(34) Using 3 of 6 workers for Concurrent thread roots
[2026-04-03T01:44:00.984+0600][86.788s][info][gc          ] GC(34) Concurrent thread roots 1.065ms
[2026-04-03T01:44:00.984+0600][86.788s][info][gc,start    ] GC(34) Concurrent weak references
[2026-04-03T01:44:00.984+0600][86.788s][info][gc,task     ] GC(34) Using 3 of 6 workers for concurrent weak references
[2026-04-03T01:44:00.985+0600][86.789s][info][gc,ref      ] GC(34) Encountered references: Soft: 3789, Weak: 18101, Final: 84, Phantom: 621
[2026-04-03T01:44:00.985+0600][86.789s][info][gc,ref      ] GC(34) Discovered  references: Soft: 0, Weak: 6558, Final: 0, Phantom: 222
[2026-04-03T01:44:00.985+0600][86.789s][info][gc,ref      ] GC(34) Enqueued    references: Soft: 0, Weak: 2774, Final: 0, Phantom: 0
[2026-04-03T01:44:00.985+0600][86.789s][info][gc          ] GC(34) Concurrent weak references 0.942ms
[2026-04-03T01:44:00.985+0600][86.789s][info][gc,start    ] GC(34) Concurrent weak roots
[2026-04-03T01:44:00.985+0600][86.789s][info][gc,task     ] GC(34) Using 3 of 6 workers for concurrent weak root
[2026-04-03T01:44:00.991+0600][86.795s][info][gc          ] GC(34) Concurrent weak roots 5.264ms
[2026-04-03T01:44:00.991+0600][86.795s][info][gc,start    ] GC(34) Concurrent cleanup
[2026-04-03T01:44:00.992+0600][86.796s][info][gc          ] GC(34) Concurrent cleanup 2863M->821M(3406M) 1.438ms
[2026-04-03T01:44:00.992+0600][86.796s][info][gc,ergo     ] GC(34) Free: 2886M, Max: 1024K regular, 276M humongous, Frag: 91% external, 0% internal; Reserve: 196M, Max: 1024K
[2026-04-03T01:44:00.992+0600][86.796s][info][gc,start    ] GC(34) Concurrent class unloading
[2026-04-03T01:44:00.992+0600][86.796s][info][gc,task     ] GC(34) Using 3 of 6 workers for concurrent class unloading
[2026-04-03T01:44:01.024+0600][86.828s][info][gc          ] GC(34) Concurrent class unloading 31.223ms
[2026-04-03T01:44:01.024+0600][86.828s][info][gc,start    ] GC(34) Concurrent strong roots
[2026-04-03T01:44:01.024+0600][86.828s][info][gc,task     ] GC(34) Using 3 of 6 workers for concurrent strong root
[2026-04-03T01:44:01.026+0600][86.830s][info][gc          ] GC(34) Concurrent strong roots 1.878ms
[2026-04-03T01:44:01.026+0600][86.830s][info][gc,start    ] GC(34) Concurrent evacuation
[2026-04-03T01:44:01.026+0600][86.830s][info][gc,task     ] GC(34) Using 3 of 6 workers for concurrent evacuation
[2026-04-03T01:44:01.044+0600][86.848s][info][gc          ] GC(34) Concurrent evacuation 18.539ms
[2026-04-03T01:44:01.045+0600][86.849s][info][gc,start    ] GC(34) Pause Init Update Refs
[2026-04-03T01:44:01.045+0600][86.849s][info][gc,ergo     ] GC(34) Pacer for Update Refs. Used: 872M, Free: 2843M, Non-Taxable: 284M, Alloc Tax Rate: 1.1x
[2026-04-03T01:44:01.045+0600][86.849s][info][gc          ] GC(34) Pause Init Update Refs 0.263ms
[2026-04-03T01:44:01.045+0600][86.849s][info][gc,start    ] GC(34) Concurrent update references
[2026-04-03T01:44:01.045+0600][86.849s][info][gc,task     ] GC(34) Using 3 of 6 workers for concurrent reference update
[2026-04-03T01:44:01.103+0600][86.907s][info][gc          ] GC(34) Concurrent update references 58.249ms
[2026-04-03T01:44:01.103+0600][86.907s][info][gc,start    ] GC(34) Concurrent update thread roots
[2026-04-03T01:44:01.105+0600][86.909s][info][gc          ] GC(34) Concurrent update thread roots 1.930ms
[2026-04-03T01:44:01.106+0600][86.910s][info][gc,start    ] GC(34) Pause Final Update Refs
[2026-04-03T01:44:01.106+0600][86.910s][info][gc,task     ] GC(34) Using 6 of 6 workers for final reference update
[2026-04-03T01:44:01.106+0600][86.910s][info][gc          ] GC(34) Pause Final Update Refs 0.286ms
[2026-04-03T01:44:01.106+0600][86.910s][info][gc,start    ] GC(34) Concurrent cleanup
[2026-04-03T01:44:01.106+0600][86.911s][info][gc          ] GC(34) Concurrent cleanup 909M->243M(3415M) 0.399ms
[2026-04-03T01:44:01.107+0600][86.911s][info][gc,ergo     ] Free: 3446M, Max: 1024K regular, 2671M humongous, Frag: 23% external, 0% internal; Reserve: 197M, Max: 1024K
[2026-04-03T01:44:01.107+0600][86.911s][info][gc,stats    ] 
[2026-04-03T01:44:01.107+0600][86.911s][info][gc,stats    ] All times are wall-clock times, except per-root-class counters, that are sum over
[2026-04-03T01:44:01.107+0600][86.911s][info][gc,stats    ] all workers. Dividing the <total> over the root stage time estimates parallelism.
[2026-04-03T01:44:01.107+0600][86.911s][info][gc,stats    ] 
[2026-04-03T01:44:01.107+0600][86.911s][info][gc,stats    ] Concurrent Reset                  10274 us
[2026-04-03T01:44:01.107+0600][86.911s][info][gc,stats    ] Pause Init Mark (G)                1424 us
[2026-04-03T01:44:01.107+0600][86.911s][info][gc,stats    ] Pause Init Mark (N)                 228 us
[2026-04-03T01:44:01.107+0600][86.911s][info][gc,stats    ]   Update Region States               58 us
[2026-04-03T01:44:01.107+0600][86.911s][info][gc,stats    ] Concurrent Mark Roots              2150 us, parallelism: 2.19x
[2026-04-03T01:44:01.107+0600][86.911s][info][gc,stats    ]   CMR: <total>                     4713 us
[2026-04-03T01:44:01.107+0600][86.911s][info][gc,stats    ]   CMR: Thread Roots                4053 us, workers (us): 1554, 1541, 958, ---, ---, ---, 
[2026-04-03T01:44:01.107+0600][86.911s][info][gc,stats    ]   CMR: VM Strong Roots               76 us, workers (us):  40,  35,   1, ---, ---, ---, 
[2026-04-03T01:44:01.107+0600][86.911s][info][gc,stats    ]   CMR: CLDG Roots                   585 us, workers (us): ---, ---, 585, ---, ---, ---, 
[2026-04-03T01:44:01.107+0600][86.911s][info][gc,stats    ] Concurrent Marking                79040 us
[2026-04-03T01:44:01.107+0600][86.911s][info][gc,stats    ] Pause Final Mark (G)               1211 us
[2026-04-03T01:44:01.107+0600][86.911s][info][gc,stats    ] Pause Final Mark (N)               1025 us
[2026-04-03T01:44:01.107+0600][86.911s][info][gc,stats    ]   Finish Mark                       355 us
[2026-04-03T01:44:01.107+0600][86.911s][info][gc,stats    ]   Update Region States               92 us
[2026-04-03T01:44:01.107+0600][86.911s][info][gc,stats    ]   Choose Collection Set             352 us
[2026-04-03T01:44:01.107+0600][86.911s][info][gc,stats    ]   Rebuild Free Set                   52 us
[2026-04-03T01:44:01.107+0600][86.911s][info][gc,stats    ] Concurrent Thread Roots            1094 us, parallelism: 2.43x
[2026-04-03T01:44:01.107+0600][86.911s][info][gc,stats    ]   CTR: <total>                     2663 us
[2026-04-03T01:44:01.107+0600][86.911s][info][gc,stats    ]   CTR: Thread Roots                2663 us, workers (us): 937, 929, 797, ---, ---, ---, 
[2026-04-03T01:44:01.107+0600][86.911s][info][gc,stats    ] Concurrent Weak References          958 us, parallelism: 1.27x
[2026-04-03T01:44:01.107+0600][86.911s][info][gc,stats    ]   CWRF: <total>                    1218 us
[2026-04-03T01:44:01.107+0600][86.911s][info][gc,stats    ]   CWRF: Weak References            1218 us, workers (us): 681, 279, 257, ---, ---, ---, 
[2026-04-03T01:44:01.107+0600][86.911s][info][gc,stats    ] Concurrent Weak Roots              5388 us
[2026-04-03T01:44:01.107+0600][86.911s][info][gc,stats    ]   Roots                            4975 us, parallelism: 2.74x
[2026-04-03T01:44:01.107+0600][86.911s][info][gc,stats    ]     CWR: <total>                  13619 us
[2026-04-03T01:44:01.107+0600][86.911s][info][gc,stats    ]     CWR: Code Cache Roots         10275 us, workers (us): 3438, 3291, 3545, ---, ---, ---, 
[2026-04-03T01:44:01.107+0600][86.911s][info][gc,stats    ]     CWR: VM Weak Roots             3199 us, workers (us): 1100, 1082, 1017, ---, ---, ---, 
[2026-04-03T01:44:01.107+0600][86.911s][info][gc,stats    ]     CWR: CLDG Roots                 145 us, workers (us): ---, 145, ---, ---, ---, ---, 
[2026-04-03T01:44:01.107+0600][86.911s][info][gc,stats    ]   Rendezvous                        257 us
[2026-04-03T01:44:01.107+0600][86.911s][info][gc,stats    ] Concurrent Cleanup                 1508 us
[2026-04-03T01:44:01.107+0600][86.911s][info][gc,stats    ] Concurrent Class Unloading        31471 us
[2026-04-03T01:44:01.107+0600][86.911s][info][gc,stats    ]   Unlink Stale                    19347 us
[2026-04-03T01:44:01.107+0600][86.911s][info][gc,stats    ]     System Dictionary               300 us
[2026-04-03T01:44:01.107+0600][86.911s][info][gc,stats    ]     Weak Class Links                  0 us
[2026-04-03T01:44:01.107+0600][86.911s][info][gc,stats    ]     Code Roots                    19042 us
[2026-04-03T01:44:01.107+0600][86.911s][info][gc,stats    ]   Rendezvous                       6756 us
[2026-04-03T01:44:01.107+0600][86.911s][info][gc,stats    ]   Purge Unlinked                   5067 us
[2026-04-03T01:44:01.107+0600][86.911s][info][gc,stats    ]     Code Roots                     5010 us
[2026-04-03T01:44:01.107+0600][86.911s][info][gc,stats    ]     CLDG                             54 us
[2026-04-03T01:44:01.107+0600][86.911s][info][gc,stats    ]     Exception Caches                  1 us
[2026-04-03T01:44:01.107+0600][86.911s][info][gc,stats    ] Concurrent Strong Roots            1952 us, parallelism: 0.51x
[2026-04-03T01:44:01.107+0600][86.911s][info][gc,stats    ]   CSR: <total>                     1001 us
[2026-04-03T01:44:01.107+0600][86.911s][info][gc,stats    ]   CSR: VM Strong Roots               70 us, workers (us):  27,  26,  17, ---, ---, ---, 
[2026-04-03T01:44:01.107+0600][86.911s][info][gc,stats    ]   CSR: CLDG Roots                   931 us, workers (us): ---, 931, ---, ---, ---, ---, 
[2026-04-03T01:44:01.107+0600][86.911s][info][gc,stats    ] Concurrent Evacuation             18646 us
[2026-04-03T01:44:01.107+0600][86.911s][info][gc,stats    ] Pause Init Update Refs (G)          521 us
[2026-04-03T01:44:01.107+0600][86.911s][info][gc,stats    ] Pause Init Update Refs (N)          279 us
[2026-04-03T01:44:01.107+0600][86.911s][info][gc,stats    ]   Manage GCLABs                      57 us
[2026-04-03T01:44:01.107+0600][86.911s][info][gc,stats    ] Concurrent Update Refs            58362 us
[2026-04-03T01:44:01.107+0600][86.911s][info][gc,stats    ] Concurrent Update Thread Roots     2018 us
[2026-04-03T01:44:01.107+0600][86.911s][info][gc,stats    ] Pause Final Update Refs (G)         692 us
[2026-04-03T01:44:01.107+0600][86.911s][info][gc,stats    ] Pause Final Update Refs (N)         312 us
[2026-04-03T01:44:01.107+0600][86.911s][info][gc,stats    ]   Update Region States               90 us
[2026-04-03T01:44:01.107+0600][86.911s][info][gc,stats    ]   Trash Collection Set               30 us
[2026-04-03T01:44:01.107+0600][86.911s][info][gc,stats    ]   Rebuild Free Set                   61 us
[2026-04-03T01:44:01.107+0600][86.911s][info][gc,stats    ] Concurrent Cleanup                  433 us
[2026-04-03T01:44:01.107+0600][86.911s][info][gc,stats    ] 
[2026-04-03T01:44:01.107+0600][86.911s][info][gc,stats    ] Allocation pacing accrued:
[2026-04-03T01:44:01.107+0600][86.911s][info][gc,stats    ]       0 of  3266 ms (  0.0%): <total>
[2026-04-03T01:44:01.107+0600][86.911s][info][gc,stats    ]       0 of  3266 ms (  0.0%): <average total>
[2026-04-03T01:44:01.107+0600][86.912s][info][gc,stats    ] 
[2026-04-03T01:44:01.108+0600][86.912s][info][gc,metaspace] Metaspace: 131412K(132800K)->131412K(132800K) NonClass: 114970K(115648K)->114970K(115648K) Class: 16441K(17152K)->16441K(17152K)
[2026-04-03T01:44:01.108+0600][86.912s][info][gc,ergo     ] Pacer for Idle. Initial: 80302K, Alloc Tax Rate: 1.0x
[2026-04-03T01:44:03.690+0600][89.494s][info][gc          ] Trigger: Average GC time (243.56 ms) is above the time for average allocation rate (1023 MB/s) to deplete free headroom (247M) (margin of error = 1.87)
[2026-04-03T01:44:03.690+0600][89.494s][info][gc,ergo     ] Free headroom: 443M (free) - 196M (spike) - 0B (penalties) = 247M
[2026-04-03T01:44:03.690+0600][89.494s][info][gc,ergo     ] Free: 443M, Max: 1024K regular, 153M humongous, Frag: 65% external, 1% internal; Reserve: 197M, Max: 1024K
[2026-04-03T01:44:03.690+0600][89.494s][info][gc,start    ] GC(35) Concurrent reset
[2026-04-03T01:44:03.690+0600][89.494s][info][gc,task     ] GC(35) Using 3 of 6 workers for concurrent reset
[2026-04-03T01:44:03.690+0600][89.494s][info][gc,ergo     ] GC(35) Pacer for Reset. Non-Taxable: 3921M
[2026-04-03T01:44:03.713+0600][89.517s][info][gc          ] GC(35) Concurrent reset 22.491ms
[2026-04-03T01:44:03.713+0600][89.517s][info][gc,start    ] GC(35) Pause Init Mark (unload classes)
[2026-04-03T01:44:03.713+0600][89.517s][info][gc,task     ] GC(35) Using 6 of 6 workers for init marking
[2026-04-03T01:44:03.713+0600][89.517s][info][gc,ergo     ] GC(35) Pacer for Mark. Expected Live: 96379K, Free: 435M, Non-Taxable: 44598K, Alloc Tax Rate: 0.3x
[2026-04-03T01:44:03.713+0600][89.517s][info][gc          ] GC(35) Pause Init Mark (unload classes) 0.184ms
[2026-04-03T01:44:03.714+0600][89.518s][info][gc,start    ] GC(35) Concurrent marking roots
[2026-04-03T01:44:03.714+0600][89.518s][info][gc,task     ] GC(35) Using 3 of 6 workers for concurrent marking roots
[2026-04-03T01:44:03.715+0600][89.520s][info][gc          ] GC(35) Concurrent marking roots 1.953ms
[2026-04-03T01:44:03.716+0600][89.520s][info][gc,start    ] GC(35) Concurrent marking (unload classes)
[2026-04-03T01:44:03.716+0600][89.520s][info][gc,task     ] GC(35) Using 3 of 6 workers for concurrent marking
[2026-04-03T01:44:03.813+0600][89.617s][info][gc          ] GC(35) Concurrent marking (unload classes) 97.318ms
[2026-04-03T01:44:03.813+0600][89.617s][info][gc,start    ] GC(35) Pause Final Mark (unload classes)
[2026-04-03T01:44:03.813+0600][89.617s][info][gc,task     ] GC(35) Using 6 of 6 workers for final marking
[2026-04-03T01:44:03.814+0600][89.618s][info][gc,ergo     ] GC(35) Adaptive CSet Selection. Target Free: 555M, Actual Free: 2531M, Max CSet: 163M, Min Garbage: 0B
[2026-04-03T01:44:03.814+0600][89.618s][info][gc,ergo     ] GC(35) Collectable Garbage: 2646M (99%), Immediate: 1965M (73%), CSet: 681M (25%)
[2026-04-03T01:44:03.814+0600][89.618s][info][gc,ergo     ] GC(35) Pacer for Evacuation. Used CSet: 697M, Free: 2868M, Non-Taxable: 286M, Alloc Tax Rate: 1.1x
[2026-04-03T01:44:03.814+0600][89.618s][info][gc          ] GC(35) Pause Final Mark (unload classes) 1.180ms
[2026-04-03T01:44:03.814+0600][89.619s][info][gc,start    ] GC(35) Concurrent thread roots
[2026-04-03T01:44:03.815+0600][89.619s][info][gc,task     ] GC(35) Using 3 of 6 workers for Concurrent thread roots
[2026-04-03T01:44:03.816+0600][89.620s][info][gc          ] GC(35) Concurrent thread roots 1.829ms
[2026-04-03T01:44:03.816+0600][89.620s][info][gc,start    ] GC(35) Concurrent weak references
[2026-04-03T01:44:03.816+0600][89.620s][info][gc,task     ] GC(35) Using 3 of 6 workers for concurrent weak references
[2026-04-03T01:44:03.817+0600][89.622s][info][gc,ref      ] GC(35) Encountered references: Soft: 3784, Weak: 19018, Final: 84, Phantom: 621
[2026-04-03T01:44:03.818+0600][89.622s][info][gc,ref      ] GC(35) Discovered  references: Soft: 0, Weak: 12246, Final: 48, Phantom: 578
[2026-04-03T01:44:03.818+0600][89.622s][info][gc,ref      ] GC(35) Enqueued    references: Soft: 0, Weak: 4386, Final: 0, Phantom: 0
[2026-04-03T01:44:03.818+0600][89.622s][info][gc          ] GC(35) Concurrent weak references 1.286ms
[2026-04-03T01:44:03.818+0600][89.622s][info][gc,start    ] GC(35) Concurrent weak roots
[2026-04-03T01:44:03.818+0600][89.622s][info][gc,task     ] GC(35) Using 3 of 6 workers for concurrent weak root
[2026-04-03T01:44:03.824+0600][89.628s][info][gc          ] GC(35) Concurrent weak roots 5.855ms
[2026-04-03T01:44:03.824+0600][89.628s][info][gc,start    ] GC(35) Concurrent cleanup
[2026-04-03T01:44:03.825+0600][89.629s][info][gc          ] GC(35) Concurrent cleanup 2810M->845M(3415M) 0.939ms
[2026-04-03T01:44:03.825+0600][89.629s][info][gc,ergo     ] GC(35) Free: 2867M, Max: 1024K regular, 280M humongous, Frag: 91% external, 0% internal; Reserve: 196M, Max: 1024K
[2026-04-03T01:44:03.825+0600][89.629s][info][gc,start    ] GC(35) Concurrent class unloading
[2026-04-03T01:44:03.825+0600][89.629s][info][gc,task     ] GC(35) Using 3 of 6 workers for concurrent class unloading
[2026-04-03T01:44:03.859+0600][89.664s][info][gc          ] GC(35) Concurrent class unloading 34.739ms
[2026-04-03T01:44:03.860+0600][89.664s][info][gc,start    ] GC(35) Concurrent strong roots
[2026-04-03T01:44:03.860+0600][89.664s][info][gc,task     ] GC(35) Using 3 of 6 workers for concurrent strong root
[2026-04-03T01:44:03.861+0600][89.665s][info][gc          ] GC(35) Concurrent strong roots 1.621ms
[2026-04-03T01:44:03.861+0600][89.665s][info][gc,start    ] GC(35) Concurrent evacuation
[2026-04-03T01:44:03.861+0600][89.665s][info][gc,task     ] GC(35) Using 3 of 6 workers for concurrent evacuation
[2026-04-03T01:44:03.882+0600][89.686s][info][gc          ] GC(35) Concurrent evacuation 20.297ms
[2026-04-03T01:44:03.882+0600][89.686s][info][gc,start    ] GC(35) Pause Init Update Refs
[2026-04-03T01:44:03.882+0600][89.686s][info][gc,ergo     ] GC(35) Pacer for Update Refs. Used: 872M, Free: 2857M, Non-Taxable: 285M, Alloc Tax Rate: 1.1x
[2026-04-03T01:44:03.882+0600][89.686s][info][gc          ] GC(35) Pause Init Update Refs 0.174ms
[2026-04-03T01:44:03.882+0600][89.686s][info][gc,start    ] GC(35) Concurrent update references
[2026-04-03T01:44:03.882+0600][89.686s][info][gc,task     ] GC(35) Using 3 of 6 workers for concurrent reference update
[2026-04-03T01:44:03.942+0600][89.746s][info][gc          ] GC(35) Concurrent update references 59.821ms
[2026-04-03T01:44:03.942+0600][89.746s][info][gc,start    ] GC(35) Concurrent update thread roots
[2026-04-03T01:44:03.945+0600][89.749s][info][gc          ] GC(35) Concurrent update thread roots 2.301ms
[2026-04-03T01:44:03.945+0600][89.749s][info][gc,start    ] GC(35) Pause Final Update Refs
[2026-04-03T01:44:03.945+0600][89.749s][info][gc,task     ] GC(35) Using 6 of 6 workers for final reference update
[2026-04-03T01:44:03.945+0600][89.749s][info][gc          ] GC(35) Pause Final Update Refs 0.409ms
[2026-04-03T01:44:03.945+0600][89.749s][info][gc,start    ] GC(35) Concurrent cleanup
[2026-04-03T01:44:03.946+0600][89.750s][info][gc          ] GC(35) Concurrent cleanup 886M->188M(3422M) 0.989ms
[2026-04-03T01:44:03.946+0600][89.751s][info][gc,ergo     ] Free: 3523M, Max: 1024K regular, 2559M humongous, Frag: 28% external, 0% internal; Reserve: 197M, Max: 1024K
[2026-04-03T01:44:03.947+0600][89.751s][info][gc,stats    ] 
[2026-04-03T01:44:03.947+0600][89.751s][info][gc,stats    ] All times are wall-clock times, except per-root-class counters, that are sum over
[2026-04-03T01:44:03.947+0600][89.751s][info][gc,stats    ] all workers. Dividing the <total> over the root stage time estimates parallelism.
[2026-04-03T01:44:03.947+0600][89.751s][info][gc,stats    ] 
[2026-04-03T01:44:03.947+0600][89.751s][info][gc,stats    ] Concurrent Reset                  22575 us
[2026-04-03T01:44:03.947+0600][89.751s][info][gc,stats    ] Pause Init Mark (G)                 555 us
[2026-04-03T01:44:03.947+0600][89.751s][info][gc,stats    ] Pause Init Mark (N)                 198 us
[2026-04-03T01:44:03.947+0600][89.751s][info][gc,stats    ]   Update Region States               47 us
[2026-04-03T01:44:03.947+0600][89.751s][info][gc,stats    ] Concurrent Mark Roots              2009 us, parallelism: 1.88x
[2026-04-03T01:44:03.947+0600][89.751s][info][gc,stats    ]   CMR: <total>                     3782 us
[2026-04-03T01:44:03.947+0600][89.751s][info][gc,stats    ]   CMR: Thread Roots                3353 us, workers (us): 1241, 876, 1235, ---, ---, ---, 
[2026-04-03T01:44:03.947+0600][89.751s][info][gc,stats    ]   CMR: VM Strong Roots               59 us, workers (us):  26,  24,   9, ---, ---, ---, 
[2026-04-03T01:44:03.947+0600][89.751s][info][gc,stats    ]   CMR: CLDG Roots                   369 us, workers (us): ---, 369, ---, ---, ---, ---, 
[2026-04-03T01:44:03.947+0600][89.751s][info][gc,stats    ] Concurrent Marking                97445 us
[2026-04-03T01:44:03.947+0600][89.751s][info][gc,stats    ] Pause Final Mark (G)               1479 us
[2026-04-03T01:44:03.947+0600][89.751s][info][gc,stats    ] Pause Final Mark (N)               1197 us
[2026-04-03T01:44:03.947+0600][89.751s][info][gc,stats    ]   Finish Mark                       290 us
[2026-04-03T01:44:03.947+0600][89.751s][info][gc,stats    ]   Update Region States              140 us
[2026-04-03T01:44:03.947+0600][89.751s][info][gc,stats    ]   Choose Collection Set             519 us
[2026-04-03T01:44:03.947+0600][89.751s][info][gc,stats    ]   Rebuild Free Set                   84 us
[2026-04-03T01:44:03.947+0600][89.751s][info][gc,stats    ] Concurrent Thread Roots            1893 us, parallelism: 2.25x
[2026-04-03T01:44:03.947+0600][89.751s][info][gc,stats    ]   CTR: <total>                     4255 us
[2026-04-03T01:44:03.947+0600][89.751s][info][gc,stats    ]   CTR: Thread Roots                4255 us, workers (us): 1349, 1360, 1546, ---, ---, ---, 
[2026-04-03T01:44:03.947+0600][89.751s][info][gc,stats    ] Concurrent Weak References         1304 us, parallelism: 1.55x
[2026-04-03T01:44:03.947+0600][89.751s][info][gc,stats    ]   CWRF: <total>                    2022 us
[2026-04-03T01:44:03.947+0600][89.751s][info][gc,stats    ]   CWRF: Weak References            2022 us, workers (us): 881, 926, 214, ---, ---, ---, 
[2026-04-03T01:44:03.947+0600][89.751s][info][gc,stats    ] Concurrent Weak Roots              5966 us
[2026-04-03T01:44:03.947+0600][89.751s][info][gc,stats    ]   Roots                            5509 us, parallelism: 2.73x
[2026-04-03T01:44:03.947+0600][89.751s][info][gc,stats    ]     CWR: <total>                  15018 us
[2026-04-03T01:44:03.947+0600][89.751s][info][gc,stats    ]     CWR: Code Cache Roots         10982 us, workers (us): 3556, 3663, 3762, ---, ---, ---, 
[2026-04-03T01:44:03.947+0600][89.751s][info][gc,stats    ]     CWR: VM Weak Roots             3836 us, workers (us): 1281, 1289, 1266, ---, ---, ---, 
[2026-04-03T01:44:03.947+0600][89.751s][info][gc,stats    ]     CWR: CLDG Roots                 201 us, workers (us): 201, ---, ---, ---, ---, ---, 
[2026-04-03T01:44:03.947+0600][89.751s][info][gc,stats    ]   Rendezvous                        306 us
[2026-04-03T01:44:03.947+0600][89.751s][info][gc,stats    ] Concurrent Cleanup                  982 us
[2026-04-03T01:44:03.947+0600][89.751s][info][gc,stats    ] Concurrent Class Unloading        34873 us
[2026-04-03T01:44:03.947+0600][89.751s][info][gc,stats    ]   Unlink Stale                    22811 us
[2026-04-03T01:44:03.947+0600][89.751s][info][gc,stats    ]     System Dictionary               380 us
[2026-04-03T01:44:03.947+0600][89.751s][info][gc,stats    ]     Weak Class Links                  1 us
[2026-04-03T01:44:03.947+0600][89.751s][info][gc,stats    ]     Code Roots                    22426 us
[2026-04-03T01:44:03.947+0600][89.751s][info][gc,stats    ]   Rendezvous                        402 us
[2026-04-03T01:44:03.947+0600][89.751s][info][gc,stats    ]   Purge Unlinked                  11457 us
[2026-04-03T01:44:03.947+0600][89.751s][info][gc,stats    ]     Code Roots                    11407 us
[2026-04-03T01:44:03.947+0600][89.751s][info][gc,stats    ]     CLDG                             47 us
[2026-04-03T01:44:03.947+0600][89.751s][info][gc,stats    ]     Exception Caches                  1 us
[2026-04-03T01:44:03.947+0600][89.751s][info][gc,stats    ] Concurrent Strong Roots            1723 us, parallelism: 0.65x
[2026-04-03T01:44:03.947+0600][89.751s][info][gc,stats    ]   CSR: <total>                     1119 us
[2026-04-03T01:44:03.947+0600][89.751s][info][gc,stats    ]   CSR: VM Strong Roots               76 us, workers (us):  27,  26,  23, ---, ---, ---, 
[2026-04-03T01:44:03.947+0600][89.751s][info][gc,stats    ]   CSR: CLDG Roots                  1043 us, workers (us): ---, 1043, ---, ---, ---, ---, 
[2026-04-03T01:44:03.947+0600][89.751s][info][gc,stats    ] Concurrent Evacuation             20441 us
[2026-04-03T01:44:03.947+0600][89.751s][info][gc,stats    ] Pause Init Update Refs (G)          497 us
[2026-04-03T01:44:03.947+0600][89.751s][info][gc,stats    ] Pause Init Update Refs (N)          190 us
[2026-04-03T01:44:03.947+0600][89.751s][info][gc,stats    ]   Manage GCLABs                      49 us
[2026-04-03T01:44:03.947+0600][89.751s][info][gc,stats    ] Concurrent Update Refs            59989 us
[2026-04-03T01:44:03.947+0600][89.751s][info][gc,stats    ] Concurrent Update Thread Roots     2353 us
[2026-04-03T01:44:03.947+0600][89.751s][info][gc,stats    ] Pause Final Update Refs (G)         752 us
[2026-04-03T01:44:03.947+0600][89.751s][info][gc,stats    ] Pause Final Update Refs (N)         441 us
[2026-04-03T01:44:03.947+0600][89.751s][info][gc,stats    ]   Update Region States              114 us
[2026-04-03T01:44:03.947+0600][89.751s][info][gc,stats    ]   Trash Collection Set               38 us
[2026-04-03T01:44:03.947+0600][89.751s][info][gc,stats    ]   Rebuild Free Set                   76 us
[2026-04-03T01:44:03.947+0600][89.751s][info][gc,stats    ] Concurrent Cleanup                 1023 us
[2026-04-03T01:44:03.947+0600][89.751s][info][gc,stats    ] 
[2026-04-03T01:44:03.947+0600][89.751s][info][gc,stats    ] Allocation pacing accrued:
[2026-04-03T01:44:03.947+0600][89.751s][info][gc,stats    ]       0 of  2840 ms (  0.0%): <total>
[2026-04-03T01:44:03.947+0600][89.751s][info][gc,stats    ]       0 of  2840 ms (  0.0%): <average total>
[2026-04-03T01:44:03.947+0600][89.751s][info][gc,stats    ] 
[2026-04-03T01:44:03.947+0600][89.752s][info][gc,metaspace] Metaspace: 131496K(132864K)->131506K(132864K) NonClass: 115043K(115712K)->115053K(115712K) Class: 16453K(17152K)->16453K(17152K)
[2026-04-03T01:44:03.947+0600][89.752s][info][gc,ergo     ] Pacer for Idle. Initial: 80302K, Alloc Tax Rate: 1.0x
[2026-04-03T01:44:05.960+0600][91.764s][info][gc          ] Trigger: Average GC time (286.26 ms) is above the time for average allocation rate (3544 MB/s) to deplete free headroom (919M) (margin of error = 1.86)
[2026-04-03T01:44:05.960+0600][91.764s][info][gc,ergo     ] Free headroom: 1115M (free) - 196M (spike) - 0B (penalties) = 919M
[2026-04-03T01:44:05.960+0600][91.764s][info][gc,ergo     ] Free: 1115M, Max: 1024K regular, 662M humongous, Frag: 41% external, 0% internal; Reserve: 197M, Max: 1024K
[2026-04-03T01:44:05.960+0600][91.764s][info][gc,start    ] GC(36) Concurrent reset
[2026-04-03T01:44:05.960+0600][91.764s][info][gc,task     ] GC(36) Using 3 of 6 workers for concurrent reset
[2026-04-03T01:44:05.960+0600][91.764s][info][gc,ergo     ] GC(36) Pacer for Reset. Non-Taxable: 3921M
[2026-04-03T01:44:05.979+0600][91.783s][info][gc          ] GC(36) Concurrent reset 19.424ms
[2026-04-03T01:44:05.980+0600][91.784s][info][gc,start    ] GC(36) Pause Init Mark (unload classes)
[2026-04-03T01:44:05.980+0600][91.784s][info][gc,task     ] GC(36) Using 6 of 6 workers for init marking
[2026-04-03T01:44:05.980+0600][91.784s][info][gc,ergo     ] GC(36) Pacer for Mark. Expected Live: 98795K, Free: 1094M, Non-Taxable: 109M, Alloc Tax Rate: 0.1x
[2026-04-03T01:44:05.980+0600][91.784s][info][gc          ] GC(36) Pause Init Mark (unload classes) 0.271ms
[2026-04-03T01:44:05.980+0600][91.784s][info][gc,start    ] GC(36) Concurrent marking roots
[2026-04-03T01:44:05.980+0600][91.784s][info][gc,task     ] GC(36) Using 3 of 6 workers for concurrent marking roots
[2026-04-03T01:44:05.985+0600][91.789s][info][gc          ] GC(36) Concurrent marking roots 4.767ms
[2026-04-03T01:44:05.985+0600][91.789s][info][gc,start    ] GC(36) Concurrent marking (unload classes)
[2026-04-03T01:44:05.985+0600][91.789s][info][gc,task     ] GC(36) Using 3 of 6 workers for concurrent marking
[2026-04-03T01:44:06.042+0600][91.846s][info][gc          ] GC(36) Concurrent marking (unload classes) 57.164ms
[2026-04-03T01:44:06.042+0600][91.846s][info][gc,start    ] GC(36) Pause Final Mark (unload classes)
[2026-04-03T01:44:06.042+0600][91.846s][info][gc,task     ] GC(36) Using 6 of 6 workers for final marking
[2026-04-03T01:44:06.043+0600][91.847s][info][gc,ergo     ] GC(36) Adaptive CSet Selection. Target Free: 555M, Actual Free: 2827M, Max CSet: 163M, Min Garbage: 0B
[2026-04-03T01:44:06.043+0600][91.847s][info][gc,ergo     ] GC(36) Collectable Garbage: 2123M (99%), Immediate: 1600M (74%), CSet: 523M (24%)
[2026-04-03T01:44:06.043+0600][91.847s][info][gc,ergo     ] GC(36) Pacer for Evacuation. Used CSet: 539M, Free: 3034M, Non-Taxable: 303M, Alloc Tax Rate: 1.1x
[2026-04-03T01:44:06.043+0600][91.847s][info][gc          ] GC(36) Pause Final Mark (unload classes) 0.775ms
[2026-04-03T01:44:06.043+0600][91.847s][info][gc,start    ] GC(36) Concurrent thread roots
[2026-04-03T01:44:06.043+0600][91.847s][info][gc,task     ] GC(36) Using 3 of 6 workers for Concurrent thread roots
[2026-04-03T01:44:06.044+0600][91.849s][info][gc          ] GC(36) Concurrent thread roots 1.336ms
[2026-04-03T01:44:06.045+0600][91.849s][info][gc,start    ] GC(36) Concurrent weak references
[2026-04-03T01:44:06.045+0600][91.849s][info][gc,task     ] GC(36) Using 3 of 6 workers for concurrent weak references
[2026-04-03T01:44:06.046+0600][91.850s][info][gc,ref      ] GC(36) Encountered references: Soft: 3792, Weak: 17374, Final: 84, Phantom: 621
[2026-04-03T01:44:06.046+0600][91.850s][info][gc,ref      ] GC(36) Discovered  references: Soft: 0, Weak: 9026, Final: 0, Phantom: 616
[2026-04-03T01:44:06.046+0600][91.850s][info][gc,ref      ] GC(36) Enqueued    references: Soft: 0, Weak: 2637, Final: 0, Phantom: 0
[2026-04-03T01:44:06.046+0600][91.850s][info][gc          ] GC(36) Concurrent weak references 1.065ms
[2026-04-03T01:44:06.046+0600][91.850s][info][gc,start    ] GC(36) Concurrent weak roots
[2026-04-03T01:44:06.046+0600][91.850s][info][gc,task     ] GC(36) Using 3 of 6 workers for concurrent weak root
[2026-04-03T01:44:06.052+0600][91.857s][info][gc          ] GC(36) Concurrent weak roots 6.852ms
[2026-04-03T01:44:06.053+0600][91.857s][info][gc,start    ] GC(36) Concurrent cleanup
[2026-04-03T01:44:06.054+0600][91.858s][info][gc          ] GC(36) Concurrent cleanup 2288M->688M(3422M) 1.406ms
[2026-04-03T01:44:06.054+0600][91.858s][info][gc,ergo     ] GC(36) Free: 3025M, Max: 1024K regular, 581M humongous, Frag: 81% external, 0% internal; Reserve: 196M, Max: 1024K
[2026-04-03T01:44:06.054+0600][91.858s][info][gc,start    ] GC(36) Concurrent class unloading
[2026-04-03T01:44:06.054+0600][91.858s][info][gc,task     ] GC(36) Using 3 of 6 workers for concurrent class unloading
[2026-04-03T01:44:06.080+0600][91.884s][info][gc          ] GC(36) Concurrent class unloading 26.039ms
[2026-04-03T01:44:06.080+0600][91.884s][info][gc,start    ] GC(36) Concurrent strong roots
[2026-04-03T01:44:06.080+0600][91.884s][info][gc,task     ] GC(36) Using 3 of 6 workers for concurrent strong root
[2026-04-03T01:44:06.082+0600][91.886s][info][gc          ] GC(36) Concurrent strong roots 1.346ms
[2026-04-03T01:44:06.082+0600][91.886s][info][gc,start    ] GC(36) Concurrent evacuation
[2026-04-03T01:44:06.082+0600][91.886s][info][gc,task     ] GC(36) Using 3 of 6 workers for concurrent evacuation
[2026-04-03T01:44:06.093+0600][91.897s][info][gc          ] GC(36) Concurrent evacuation 11.573ms
[2026-04-03T01:44:06.094+0600][91.898s][info][gc,start    ] GC(36) Pause Init Update Refs
[2026-04-03T01:44:06.094+0600][91.898s][info][gc,ergo     ] GC(36) Pacer for Update Refs. Used: 734M, Free: 2987M, Non-Taxable: 298M, Alloc Tax Rate: 1.1x
[2026-04-03T01:44:06.094+0600][91.898s][info][gc          ] GC(36) Pause Init Update Refs 0.222ms
[2026-04-03T01:44:06.094+0600][91.899s][info][gc,start    ] GC(36) Concurrent update references
[2026-04-03T01:44:06.095+0600][91.899s][info][gc,task     ] GC(36) Using 3 of 6 workers for concurrent reference update
[2026-04-03T01:44:06.163+0600][91.967s][info][gc          ] GC(36) Concurrent update references 68.495ms
[2026-04-03T01:44:06.163+0600][91.967s][info][gc,start    ] GC(36) Concurrent update thread roots
[2026-04-03T01:44:06.165+0600][91.969s][info][gc          ] GC(36) Concurrent update thread roots 1.643ms
[2026-04-03T01:44:06.165+0600][91.969s][info][gc,start    ] GC(36) Pause Final Update Refs
[2026-04-03T01:44:06.165+0600][91.969s][info][gc,task     ] GC(36) Using 6 of 6 workers for final reference update
[2026-04-03T01:44:06.165+0600][91.969s][info][gc          ] GC(36) Pause Final Update Refs 0.279ms
[2026-04-03T01:44:06.165+0600][91.970s][info][gc,start    ] GC(36) Concurrent cleanup
[2026-04-03T01:44:06.166+0600][91.970s][info][gc          ] GC(36) Concurrent cleanup 753M->213M(3422M) 0.754ms
[2026-04-03T01:44:06.166+0600][91.970s][info][gc,ergo     ] Free: 3481M, Max: 1024K regular, 1917M humongous, Frag: 45% external, 0% internal; Reserve: 197M, Max: 1024K
[2026-04-03T01:44:06.166+0600][91.970s][info][gc,stats    ] 
[2026-04-03T01:44:06.166+0600][91.970s][info][gc,stats    ] All times are wall-clock times, except per-root-class counters, that are sum over
[2026-04-03T01:44:06.166+0600][91.970s][info][gc,stats    ] all workers. Dividing the <total> over the root stage time estimates parallelism.
[2026-04-03T01:44:06.166+0600][91.970s][info][gc,stats    ] 
[2026-04-03T01:44:06.166+0600][91.970s][info][gc,stats    ] Concurrent Reset                  19541 us
[2026-04-03T01:44:06.166+0600][91.970s][info][gc,stats    ] Pause Init Mark (G)                 594 us
[2026-04-03T01:44:06.166+0600][91.971s][info][gc,stats    ] Pause Init Mark (N)                 283 us
[2026-04-03T01:44:06.166+0600][91.971s][info][gc,stats    ]   Update Region States              110 us
[2026-04-03T01:44:06.166+0600][91.971s][info][gc,stats    ] Concurrent Mark Roots              4849 us, parallelism: 1.56x
[2026-04-03T01:44:06.166+0600][91.971s][info][gc,stats    ]   CMR: <total>                     7580 us
[2026-04-03T01:44:06.166+0600][91.971s][info][gc,stats    ]   CMR: Thread Roots                6993 us, workers (us): 1305, 1829, 3860, ---, ---, ---, 
[2026-04-03T01:44:06.167+0600][91.971s][info][gc,stats    ]   CMR: VM Strong Roots               71 us, workers (us):  38,  32,   1, ---, ---, ---, 
[2026-04-03T01:44:06.167+0600][91.971s][info][gc,stats    ]   CMR: CLDG Roots                   516 us, workers (us): 516, ---, ---, ---, ---, ---, 
[2026-04-03T01:44:06.167+0600][91.971s][info][gc,stats    ] Concurrent Marking                57284 us
[2026-04-03T01:44:06.167+0600][91.971s][info][gc,stats    ] Pause Final Mark (G)                995 us
[2026-04-03T01:44:06.167+0600][91.971s][info][gc,stats    ] Pause Final Mark (N)                787 us
[2026-04-03T01:44:06.167+0600][91.971s][info][gc,stats    ]   Finish Mark                       216 us
[2026-04-03T01:44:06.167+0600][91.971s][info][gc,stats    ]   Update Region States               59 us
[2026-04-03T01:44:06.167+0600][91.971s][info][gc,stats    ]   Choose Collection Set             306 us
[2026-04-03T01:44:06.167+0600][91.971s][info][gc,stats    ]   Rebuild Free Set                   52 us
[2026-04-03T01:44:06.167+0600][91.971s][info][gc,stats    ] Concurrent Thread Roots            1392 us, parallelism: 2.41x
[2026-04-03T01:44:06.167+0600][91.971s][info][gc,stats    ]   CTR: <total>                     3358 us
[2026-04-03T01:44:06.167+0600][91.971s][info][gc,stats    ]   CTR: Thread Roots                3358 us, workers (us): 1143, 1123, 1092, ---, ---, ---, 
[2026-04-03T01:44:06.167+0600][91.971s][info][gc,stats    ] Concurrent Weak References         1080 us, parallelism: 1.52x
[2026-04-03T01:44:06.167+0600][91.971s][info][gc,stats    ]   CWRF: <total>                    1645 us
[2026-04-03T01:44:06.167+0600][91.971s][info][gc,stats    ]   CWRF: Weak References            1645 us, workers (us): 906, 623, 116, ---, ---, ---, 
[2026-04-03T01:44:06.167+0600][91.971s][info][gc,stats    ] Concurrent Weak Roots              6960 us
[2026-04-03T01:44:06.167+0600][91.971s][info][gc,stats    ]   Roots                            6148 us, parallelism: 2.62x
[2026-04-03T01:44:06.167+0600][91.971s][info][gc,stats    ]     CWR: <total>                  16136 us
[2026-04-03T01:44:06.167+0600][91.971s][info][gc,stats    ]     CWR: Code Cache Roots         12647 us, workers (us): 4113, 4202, 4332, ---, ---, ---, 
[2026-04-03T01:44:06.167+0600][91.971s][info][gc,stats    ]     CWR: VM Weak Roots             3224 us, workers (us): 1399, 1209, 616, ---, ---, ---, 
[2026-04-03T01:44:06.167+0600][91.971s][info][gc,stats    ]     CWR: CLDG Roots                 265 us, workers (us): 265, ---, ---, ---, ---, ---, 
[2026-04-03T01:44:06.167+0600][91.971s][info][gc,stats    ]   Rendezvous                        642 us
[2026-04-03T01:44:06.167+0600][91.971s][info][gc,stats    ] Concurrent Cleanup                 1479 us
[2026-04-03T01:44:06.167+0600][91.971s][info][gc,stats    ] Concurrent Class Unloading        26151 us
[2026-04-03T01:44:06.167+0600][91.971s][info][gc,stats    ]   Unlink Stale                    21414 us
[2026-04-03T01:44:06.167+0600][91.971s][info][gc,stats    ]     System Dictionary               398 us
[2026-04-03T01:44:06.167+0600][91.971s][info][gc,stats    ]     Weak Class Links                  1 us
[2026-04-03T01:44:06.167+0600][91.971s][info][gc,stats    ]     Code Roots                    21010 us
[2026-04-03T01:44:06.167+0600][91.971s][info][gc,stats    ]   Rendezvous                        367 us
[2026-04-03T01:44:06.167+0600][91.971s][info][gc,stats    ]   Purge Unlinked                   4210 us
[2026-04-03T01:44:06.167+0600][91.971s][info][gc,stats    ]     Code Roots                     4190 us
[2026-04-03T01:44:06.167+0600][91.971s][info][gc,stats    ]     CLDG                             19 us
[2026-04-03T01:44:06.167+0600][91.971s][info][gc,stats    ]     Exception Caches                  1 us
[2026-04-03T01:44:06.167+0600][91.971s][info][gc,stats    ] Concurrent Strong Roots            1413 us, parallelism: 0.68x
[2026-04-03T01:44:06.167+0600][91.971s][info][gc,stats    ]   CSR: <total>                      957 us
[2026-04-03T01:44:06.167+0600][91.971s][info][gc,stats    ]   CSR: VM Strong Roots               82 us, workers (us):  34,  27,  21, ---, ---, ---, 
[2026-04-03T01:44:06.167+0600][91.971s][info][gc,stats    ]   CSR: CLDG Roots                   875 us, workers (us): ---, ---, 875, ---, ---, ---, 
[2026-04-03T01:44:06.167+0600][91.971s][info][gc,stats    ] Concurrent Evacuation             12086 us
[2026-04-03T01:44:06.167+0600][91.971s][info][gc,stats    ] Pause Init Update Refs (G)          678 us
[2026-04-03T01:44:06.167+0600][91.971s][info][gc,stats    ] Pause Init Update Refs (N)          243 us
[2026-04-03T01:44:06.167+0600][91.971s][info][gc,stats    ]   Manage GCLABs                      70 us
[2026-04-03T01:44:06.167+0600][91.971s][info][gc,stats    ] Concurrent Update Refs            68618 us
[2026-04-03T01:44:06.167+0600][91.971s][info][gc,stats    ] Concurrent Update Thread Roots     1728 us
[2026-04-03T01:44:06.167+0600][91.971s][info][gc,stats    ] Pause Final Update Refs (G)         632 us
[2026-04-03T01:44:06.167+0600][91.971s][info][gc,stats    ] Pause Final Update Refs (N)         299 us
[2026-04-03T01:44:06.167+0600][91.971s][info][gc,stats    ]   Update Region States               79 us
[2026-04-03T01:44:06.167+0600][91.971s][info][gc,stats    ]   Trash Collection Set               25 us
[2026-04-03T01:44:06.167+0600][91.971s][info][gc,stats    ]   Rebuild Free Set                   60 us
[2026-04-03T01:44:06.167+0600][91.971s][info][gc,stats    ] Concurrent Cleanup                  811 us
[2026-04-03T01:44:06.167+0600][91.971s][info][gc,stats    ] 
[2026-04-03T01:44:06.167+0600][91.971s][info][gc,stats    ] Allocation pacing accrued:
[2026-04-03T01:44:06.167+0600][91.971s][info][gc,stats    ]       0 of  2220 ms (  0.0%): <total>
[2026-04-03T01:44:06.167+0600][91.971s][info][gc,stats    ]       0 of  2220 ms (  0.0%): <average total>
[2026-04-03T01:44:06.167+0600][91.971s][info][gc,stats    ] 
[2026-04-03T01:44:06.167+0600][91.971s][info][gc,metaspace] Metaspace: 131521K(132864K)->131522K(132864K) NonClass: 115068K(115712K)->115068K(115712K) Class: 16453K(17152K)->16453K(17152K)
[2026-04-03T01:44:06.167+0600][91.971s][info][gc,ergo     ] Pacer for Idle. Initial: 80302K, Alloc Tax Rate: 1.0x
[2026-04-03T01:44:09.047+0600][94.851s][info][gc          ] Trigger: Free (381M) is below minimum threshold (392M)
[2026-04-03T01:44:09.047+0600][94.851s][info][gc,ergo     ] Free: 381M, Max: 1024K regular, 164M humongous, Frag: 57% external, 0% internal; Reserve: 197M, Max: 1024K
[2026-04-03T01:44:09.047+0600][94.851s][info][gc,start    ] GC(37) Concurrent reset
[2026-04-03T01:44:09.047+0600][94.851s][info][gc,task     ] GC(37) Using 3 of 6 workers for concurrent reset
[2026-04-03T01:44:09.047+0600][94.851s][info][gc,ergo     ] GC(37) Pacer for Reset. Non-Taxable: 3921M
[2026-04-03T01:44:09.058+0600][94.862s][info][gc          ] GC(37) Concurrent reset 11.062ms
[2026-04-03T01:44:09.059+0600][94.863s][info][gc,start    ] GC(37) Pause Init Mark (unload classes)
[2026-04-03T01:44:09.059+0600][94.863s][info][gc,task     ] GC(37) Using 6 of 6 workers for init marking
[2026-04-03T01:44:09.059+0600][94.863s][info][gc,ergo     ] GC(37) Pacer for Mark. Expected Live: 99724K, Free: 333M, Non-Taxable: 34154K, Alloc Tax Rate: 0.4x
[2026-04-03T01:44:09.059+0600][94.863s][info][gc          ] GC(37) Pause Init Mark (unload classes) 0.204ms
[2026-04-03T01:44:09.060+0600][94.864s][info][gc,start    ] GC(37) Concurrent marking roots
[2026-04-03T01:44:09.060+0600][94.864s][info][gc,task     ] GC(37) Using 3 of 6 workers for concurrent marking roots
[2026-04-03T01:44:09.062+0600][94.866s][info][gc          ] GC(37) Concurrent marking roots 2.201ms
[2026-04-03T01:44:09.062+0600][94.866s][info][gc,start    ] GC(37) Concurrent marking (unload classes)
[2026-04-03T01:44:09.062+0600][94.866s][info][gc,task     ] GC(37) Using 3 of 6 workers for concurrent marking
[2026-04-03T01:44:09.132+0600][94.937s][info][gc          ] GC(37) Concurrent marking (unload classes) 70.627ms
[2026-04-03T01:44:09.133+0600][94.937s][info][gc,start    ] GC(37) Pause Final Mark (unload classes)
[2026-04-03T01:44:09.133+0600][94.937s][info][gc,task     ] GC(37) Using 6 of 6 workers for final marking
[2026-04-03T01:44:09.133+0600][94.937s][info][gc,ergo     ] GC(37) Adaptive CSet Selection. Target Free: 555M, Actual Free: 2409M, Max CSet: 163M, Min Garbage: 0B
[2026-04-03T01:44:09.133+0600][94.937s][info][gc,ergo     ] GC(37) Collectable Garbage: 2744M (99%), Immediate: 1989M (72%), CSet: 754M (27%)
[2026-04-03T01:44:09.133+0600][94.937s][info][gc,ergo     ] GC(37) Pacer for Evacuation. Used CSet: 770M, Free: 2739M, Non-Taxable: 273M, Alloc Tax Rate: 1.1x
[2026-04-03T01:44:09.133+0600][94.938s][info][gc          ] GC(37) Pause Final Mark (unload classes) 0.759ms
[2026-04-03T01:44:09.134+0600][94.938s][info][gc,start    ] GC(37) Concurrent thread roots
[2026-04-03T01:44:09.134+0600][94.938s][info][gc,task     ] GC(37) Using 3 of 6 workers for Concurrent thread roots
[2026-04-03T01:44:09.134+0600][94.938s][info][gc          ] GC(37) Concurrent thread roots 0.865ms
[2026-04-03T01:44:09.134+0600][94.939s][info][gc,start    ] GC(37) Concurrent weak references
[2026-04-03T01:44:09.134+0600][94.939s][info][gc,task     ] GC(37) Using 3 of 6 workers for concurrent weak references
[2026-04-03T01:44:09.136+0600][94.940s][info][gc,ref      ] GC(37) Encountered references: Soft: 3788, Weak: 19023, Final: 84, Phantom: 643
[2026-04-03T01:44:09.136+0600][94.940s][info][gc,ref      ] GC(37) Discovered  references: Soft: 0, Weak: 12879, Final: 68, Phantom: 246
[2026-04-03T01:44:09.136+0600][94.940s][info][gc,ref      ] GC(37) Enqueued    references: Soft: 0, Weak: 4284, Final: 0, Phantom: 0
[2026-04-03T01:44:09.136+0600][94.940s][info][gc          ] GC(37) Concurrent weak references 1.489ms
[2026-04-03T01:44:09.136+0600][94.940s][info][gc,start    ] GC(37) Concurrent weak roots
[2026-04-03T01:44:09.136+0600][94.940s][info][gc,task     ] GC(37) Using 3 of 6 workers for concurrent weak root
[2026-04-03T01:44:09.143+0600][94.947s][info][gc          ] GC(37) Concurrent weak roots 6.525ms
[2026-04-03T01:44:09.143+0600][94.947s][info][gc,start    ] GC(37) Concurrent cleanup
[2026-04-03T01:44:09.144+0600][94.948s][info][gc          ] GC(37) Concurrent cleanup 2954M->964M(3528M) 1.425ms
[2026-04-03T01:44:09.144+0600][94.948s][info][gc,ergo     ] GC(37) Free: 2733M, Max: 1024K regular, 156M humongous, Frag: 95% external, 0% internal; Reserve: 196M, Max: 1024K
[2026-04-03T01:44:09.144+0600][94.948s][info][gc,start    ] GC(37) Concurrent class unloading
[2026-04-03T01:44:09.144+0600][94.948s][info][gc,task     ] GC(37) Using 3 of 6 workers for concurrent class unloading
[2026-04-03T01:44:09.171+0600][94.975s][info][gc          ] GC(37) Concurrent class unloading 26.954ms
[2026-04-03T01:44:09.171+0600][94.975s][info][gc,start    ] GC(37) Concurrent strong roots
[2026-04-03T01:44:09.171+0600][94.975s][info][gc,task     ] GC(37) Using 3 of 6 workers for concurrent strong root
[2026-04-03T01:44:09.173+0600][94.977s][info][gc          ] GC(37) Concurrent strong roots 1.708ms
[2026-04-03T01:44:09.173+0600][94.977s][info][gc,start    ] GC(37) Concurrent evacuation
[2026-04-03T01:44:09.173+0600][94.977s][info][gc,task     ] GC(37) Using 3 of 6 workers for concurrent evacuation
[2026-04-03T01:44:09.185+0600][94.989s][info][gc          ] GC(37) Concurrent evacuation 11.917ms
[2026-04-03T01:44:09.185+0600][94.989s][info][gc,start    ] GC(37) Pause Init Update Refs
[2026-04-03T01:44:09.185+0600][94.989s][info][gc,ergo     ] GC(37) Pacer for Update Refs. Used: 1021M, Free: 2686M, Non-Taxable: 268M, Alloc Tax Rate: 1.1x
[2026-04-03T01:44:09.185+0600][94.989s][info][gc          ] GC(37) Pause Init Update Refs 0.161ms
[2026-04-03T01:44:09.186+0600][94.990s][info][gc,start    ] GC(37) Concurrent update references
[2026-04-03T01:44:09.186+0600][94.990s][info][gc,task     ] GC(37) Using 3 of 6 workers for concurrent reference update
[2026-04-03T01:44:09.235+0600][95.039s][info][gc          ] GC(37) Concurrent update references 49.051ms
[2026-04-03T01:44:09.235+0600][95.039s][info][gc,start    ] GC(37) Concurrent update thread roots
[2026-04-03T01:44:09.237+0600][95.041s][info][gc          ] GC(37) Concurrent update thread roots 2.036ms
[2026-04-03T01:44:09.237+0600][95.041s][info][gc,start    ] GC(37) Pause Final Update Refs
[2026-04-03T01:44:09.237+0600][95.041s][info][gc,task     ] GC(37) Using 6 of 6 workers for final reference update
[2026-04-03T01:44:09.237+0600][95.041s][info][gc          ] GC(37) Pause Final Update Refs 0.301ms
[2026-04-03T01:44:09.237+0600][95.041s][info][gc,start    ] GC(37) Concurrent cleanup
[2026-04-03T01:44:09.238+0600][95.042s][info][gc          ] GC(37) Concurrent cleanup 1036M->265M(3528M) 0.950ms
[2026-04-03T01:44:09.238+0600][95.043s][info][gc,ergo     ] Free: 3422M, Max: 1024K regular, 2729M humongous, Frag: 21% external, 0% internal; Reserve: 197M, Max: 1024K
[2026-04-03T01:44:09.239+0600][95.043s][info][gc,stats    ] 
[2026-04-03T01:44:09.239+0600][95.043s][info][gc,stats    ] All times are wall-clock times, except per-root-class counters, that are sum over
[2026-04-03T01:44:09.239+0600][95.043s][info][gc,stats    ] all workers. Dividing the <total> over the root stage time estimates parallelism.
[2026-04-03T01:44:09.239+0600][95.043s][info][gc,stats    ] 
[2026-04-03T01:44:09.239+0600][95.043s][info][gc,stats    ] Concurrent Reset                  11237 us
[2026-04-03T01:44:09.239+0600][95.043s][info][gc,stats    ] Pause Init Mark (G)                1093 us
[2026-04-03T01:44:09.239+0600][95.043s][info][gc,stats    ] Pause Init Mark (N)                 216 us
[2026-04-03T01:44:09.239+0600][95.043s][info][gc,stats    ]   Update Region States               71 us
[2026-04-03T01:44:09.239+0600][95.043s][info][gc,stats    ] Concurrent Mark Roots              2291 us, parallelism: 1.79x
[2026-04-03T01:44:09.239+0600][95.043s][info][gc,stats    ]   CMR: <total>                     4091 us
[2026-04-03T01:44:09.239+0600][95.043s][info][gc,stats    ]   CMR: Thread Roots                3544 us, workers (us): 855, 1356, 1332, ---, ---, ---, 
[2026-04-03T01:44:09.239+0600][95.043s][info][gc,stats    ]   CMR: VM Strong Roots               72 us, workers (us):  40,  31,   1, ---, ---, ---, 
[2026-04-03T01:44:09.239+0600][95.043s][info][gc,stats    ]   CMR: CLDG Roots                   475 us, workers (us): 475, ---, ---, ---, ---, ---, 
[2026-04-03T01:44:09.239+0600][95.043s][info][gc,stats    ] Concurrent Marking                70710 us
[2026-04-03T01:44:09.239+0600][95.043s][info][gc,stats    ] Pause Final Mark (G)               1001 us
[2026-04-03T01:44:09.239+0600][95.043s][info][gc,stats    ] Pause Final Mark (N)                772 us
[2026-04-03T01:44:09.239+0600][95.043s][info][gc,stats    ]   Finish Mark                       197 us
[2026-04-03T01:44:09.239+0600][95.043s][info][gc,stats    ]   Update Region States               62 us
[2026-04-03T01:44:09.239+0600][95.043s][info][gc,stats    ]   Choose Collection Set             304 us
[2026-04-03T01:44:09.239+0600][95.043s][info][gc,stats    ]   Rebuild Free Set                   55 us
[2026-04-03T01:44:09.239+0600][95.043s][info][gc,stats    ] Concurrent Thread Roots             905 us, parallelism: 2.38x
[2026-04-03T01:44:09.239+0600][95.043s][info][gc,stats    ]   CTR: <total>                     2153 us
[2026-04-03T01:44:09.239+0600][95.043s][info][gc,stats    ]   CTR: Thread Roots                2153 us, workers (us): 761, 747, 645, ---, ---, ---, 
[2026-04-03T01:44:09.239+0600][95.043s][info][gc,stats    ] Concurrent Weak References         1500 us, parallelism: 1.24x
[2026-04-03T01:44:09.239+0600][95.043s][info][gc,stats    ]   CWRF: <total>                    1866 us
[2026-04-03T01:44:09.239+0600][95.043s][info][gc,stats    ]   CWRF: Weak References            1866 us, workers (us): 1240, 541,  85, ---, ---, ---, 
[2026-04-03T01:44:09.239+0600][95.043s][info][gc,stats    ] Concurrent Weak Roots              6630 us
[2026-04-03T01:44:09.239+0600][95.043s][info][gc,stats    ]   Roots                            6065 us, parallelism: 2.75x
[2026-04-03T01:44:09.239+0600][95.043s][info][gc,stats    ]     CWR: <total>                  16699 us
[2026-04-03T01:44:09.239+0600][95.043s][info][gc,stats    ]     CWR: Code Cache Roots         13744 us, workers (us): 4757, 4644, 4343, ---, ---, ---, 
[2026-04-03T01:44:09.239+0600][95.043s][info][gc,stats    ]     CWR: VM Weak Roots             2699 us, workers (us): 917, 898, 883, ---, ---, ---, 
[2026-04-03T01:44:09.239+0600][95.043s][info][gc,stats    ]     CWR: CLDG Roots                 257 us, workers (us): ---, ---, 257, ---, ---, ---, 
[2026-04-03T01:44:09.239+0600][95.043s][info][gc,stats    ]   Rendezvous                        433 us
[2026-04-03T01:44:09.239+0600][95.043s][info][gc,stats    ] Concurrent Cleanup                 1454 us
[2026-04-03T01:44:09.239+0600][95.043s][info][gc,stats    ] Concurrent Class Unloading        27043 us
[2026-04-03T01:44:09.239+0600][95.043s][info][gc,stats    ]   Unlink Stale                    20876 us
[2026-04-03T01:44:09.239+0600][95.043s][info][gc,stats    ]     System Dictionary               299 us
[2026-04-03T01:44:09.239+0600][95.043s][info][gc,stats    ]     Weak Class Links                  0 us
[2026-04-03T01:44:09.239+0600][95.043s][info][gc,stats    ]     Code Roots                    20570 us
[2026-04-03T01:44:09.239+0600][95.043s][info][gc,stats    ]   Rendezvous                        486 us
[2026-04-03T01:44:09.239+0600][95.043s][info][gc,stats    ]   Purge Unlinked                   5559 us
[2026-04-03T01:44:09.239+0600][95.043s][info][gc,stats    ]     Code Roots                     5532 us
[2026-04-03T01:44:09.239+0600][95.043s][info][gc,stats    ]     CLDG                             25 us
[2026-04-03T01:44:09.239+0600][95.043s][info][gc,stats    ]     Exception Caches                  0 us
[2026-04-03T01:44:09.239+0600][95.043s][info][gc,stats    ] Concurrent Strong Roots            1806 us, parallelism: 0.74x
[2026-04-03T01:44:09.239+0600][95.043s][info][gc,stats    ]   CSR: <total>                     1330 us
[2026-04-03T01:44:09.239+0600][95.043s][info][gc,stats    ]   CSR: VM Strong Roots               55 us, workers (us):  30,  17,   8, ---, ---, ---, 
[2026-04-03T01:44:09.239+0600][95.043s][info][gc,stats    ]   CSR: CLDG Roots                  1274 us, workers (us): 1274, ---, ---, ---, ---, ---, 
[2026-04-03T01:44:09.239+0600][95.043s][info][gc,stats    ] Concurrent Evacuation             12055 us
[2026-04-03T01:44:09.239+0600][95.043s][info][gc,stats    ] Pause Init Update Refs (G)          508 us
[2026-04-03T01:44:09.239+0600][95.043s][info][gc,stats    ] Pause Init Update Refs (N)          181 us
[2026-04-03T01:44:09.239+0600][95.043s][info][gc,stats    ]   Manage GCLABs                      65 us
[2026-04-03T01:44:09.239+0600][95.043s][info][gc,stats    ] Concurrent Update Refs            49199 us
[2026-04-03T01:44:09.239+0600][95.043s][info][gc,stats    ] Concurrent Update Thread Roots     2114 us
[2026-04-03T01:44:09.239+0600][95.043s][info][gc,stats    ] Pause Final Update Refs (G)         533 us
[2026-04-03T01:44:09.239+0600][95.043s][info][gc,stats    ] Pause Final Update Refs (N)         348 us
[2026-04-03T01:44:09.239+0600][95.043s][info][gc,stats    ]   Update Region States               88 us
[2026-04-03T01:44:09.239+0600][95.043s][info][gc,stats    ]   Trash Collection Set               41 us
[2026-04-03T01:44:09.239+0600][95.043s][info][gc,stats    ]   Rebuild Free Set                   67 us
[2026-04-03T01:44:09.239+0600][95.043s][info][gc,stats    ] Concurrent Cleanup                  987 us
[2026-04-03T01:44:09.239+0600][95.043s][info][gc,stats    ] Pacing                            84327 us
[2026-04-03T01:44:09.239+0600][95.043s][info][gc,stats    ] 
[2026-04-03T01:44:09.239+0600][95.044s][info][gc,stats    ] Allocation pacing accrued:
[2026-04-03T01:44:09.239+0600][95.044s][info][gc,stats    ]      21 of  3072 ms (  0.7%): Executor task launch worker for task 2.0 in stage 3966.0 (TID 7391)
[2026-04-03T01:44:09.240+0600][95.044s][info][gc,stats    ]      22 of  3072 ms (  0.7%): Executor task launch worker for task 3.0 in stage 3970.0 (TID 7400)
[2026-04-03T01:44:09.240+0600][95.044s][info][gc,stats    ]      21 of  3072 ms (  0.7%): Executor task launch worker for task 3.0 in stage 3966.0 (TID 7392)
[2026-04-03T01:44:09.240+0600][95.044s][info][gc,stats    ]      21 of  3072 ms (  0.7%): Executor task launch worker for task 1.0 in stage 3966.0 (TID 7390)
[2026-04-03T01:44:09.240+0600][95.044s][info][gc,stats    ]      84 of  3072 ms (  2.7%): <total>
[2026-04-03T01:44:09.240+0600][95.044s][info][gc,stats    ]       0 of  3072 ms (  0.0%): <average total>
[2026-04-03T01:44:09.240+0600][95.044s][info][gc,stats    ]      21 of  3072 ms (  0.7%): <average non-zero>
[2026-04-03T01:44:09.240+0600][95.044s][info][gc,stats    ] 
[2026-04-03T01:44:09.240+0600][95.044s][info][gc,metaspace] Metaspace: 131581K(132928K)->131582K(132928K) NonClass: 115121K(115776K)->115121K(115776K) Class: 16460K(17152K)->16460K(17152K)
[2026-04-03T01:44:09.240+0600][95.044s][info][gc,ergo     ] Pacer for Idle. Initial: 80302K, Alloc Tax Rate: 1.0x
[2026-04-03T01:44:11.150+0600][96.954s][info][gc          ] Trigger: Average GC time (245.45 ms) is above the time for instantaneous allocation rate (4168 MB/s) to deplete free headroom (675M) (spike threshold = 1.80)
[2026-04-03T01:44:11.150+0600][96.954s][info][gc,ergo     ] Free: 872M, Max: 1024K regular, 651M humongous, Frag: 25% external, 0% internal; Reserve: 197M, Max: 1024K
[2026-04-03T01:44:11.150+0600][96.954s][info][gc,start    ] GC(38) Concurrent reset
[2026-04-03T01:44:11.150+0600][96.954s][info][gc,task     ] GC(38) Using 3 of 6 workers for concurrent reset
[2026-04-03T01:44:11.150+0600][96.954s][info][gc,ergo     ] GC(38) Pacer for Reset. Non-Taxable: 3921M
[2026-04-03T01:44:11.160+0600][96.964s][info][gc          ] GC(38) Concurrent reset 10.356ms
[2026-04-03T01:44:11.161+0600][96.965s][info][gc,start    ] GC(38) Pause Init Mark (unload classes)
[2026-04-03T01:44:11.161+0600][96.965s][info][gc,task     ] GC(38) Using 6 of 6 workers for init marking
[2026-04-03T01:44:11.161+0600][96.965s][info][gc,ergo     ] GC(38) Pacer for Mark. Expected Live: 101M, Free: 866M, Non-Taxable: 88706K, Alloc Tax Rate: 0.1x
[2026-04-03T01:44:11.161+0600][96.965s][info][gc          ] GC(38) Pause Init Mark (unload classes) 0.298ms
[2026-04-03T01:44:11.161+0600][96.965s][info][gc,start    ] GC(38) Concurrent marking roots
[2026-04-03T01:44:11.161+0600][96.965s][info][gc,task     ] GC(38) Using 3 of 6 workers for concurrent marking roots
[2026-04-03T01:44:11.163+0600][96.967s][info][gc          ] GC(38) Concurrent marking roots 1.984ms
[2026-04-03T01:44:11.163+0600][96.967s][info][gc,start    ] GC(38) Concurrent marking (unload classes)
[2026-04-03T01:44:11.163+0600][96.967s][info][gc,task     ] GC(38) Using 3 of 6 workers for concurrent marking
[2026-04-03T01:44:11.233+0600][97.037s][info][gc          ] GC(38) Concurrent marking (unload classes) 70.042ms
[2026-04-03T01:44:11.233+0600][97.038s][info][gc,start    ] GC(38) Pause Final Mark (unload classes)
[2026-04-03T01:44:11.234+0600][97.038s][info][gc,task     ] GC(38) Using 6 of 6 workers for final marking
[2026-04-03T01:44:11.234+0600][97.038s][info][gc,ergo     ] GC(38) Adaptive CSet Selection. Target Free: 555M, Actual Free: 2742M, Max CSet: 163M, Min Garbage: 0B
[2026-04-03T01:44:11.234+0600][97.038s][info][gc,ergo     ] GC(38) Collectable Garbage: 2302M (99%), Immediate: 1744M (75%), CSet: 558M (24%)
[2026-04-03T01:44:11.234+0600][97.038s][info][gc,ergo     ] GC(38) Pacer for Evacuation. Used CSet: 572M, Free: 2999M, Non-Taxable: 299M, Alloc Tax Rate: 1.1x
[2026-04-03T01:44:11.234+0600][97.039s][info][gc          ] GC(38) Pause Final Mark (unload classes) 0.981ms
[2026-04-03T01:44:11.235+0600][97.039s][info][gc,start    ] GC(38) Concurrent thread roots
[2026-04-03T01:44:11.235+0600][97.039s][info][gc,task     ] GC(38) Using 3 of 6 workers for Concurrent thread roots
[2026-04-03T01:44:11.236+0600][97.040s][info][gc          ] GC(38) Concurrent thread roots 1.570ms
[2026-04-03T01:44:11.236+0600][97.040s][info][gc,start    ] GC(38) Concurrent weak references
[2026-04-03T01:44:11.236+0600][97.040s][info][gc,task     ] GC(38) Using 3 of 6 workers for concurrent weak references
[2026-04-03T01:44:11.237+0600][97.041s][info][gc,ref      ] GC(38) Encountered references: Soft: 3787, Weak: 17706, Final: 84, Phantom: 621
[2026-04-03T01:44:11.237+0600][97.041s][info][gc,ref      ] GC(38) Discovered  references: Soft: 0, Weak: 5861, Final: 0, Phantom: 616
[2026-04-03T01:44:11.237+0600][97.041s][info][gc,ref      ] GC(38) Enqueued    references: Soft: 0, Weak: 2904, Final: 0, Phantom: 0
[2026-04-03T01:44:11.237+0600][97.041s][info][gc          ] GC(38) Concurrent weak references 0.980ms
[2026-04-03T01:44:11.237+0600][97.041s][info][gc,start    ] GC(38) Concurrent weak roots
[2026-04-03T01:44:11.237+0600][97.041s][info][gc,task     ] GC(38) Using 3 of 6 workers for concurrent weak root
[2026-04-03T01:44:11.242+0600][97.046s][info][gc          ] GC(38) Concurrent weak roots 5.043ms
[2026-04-03T01:44:11.242+0600][97.046s][info][gc,start    ] GC(38) Concurrent cleanup
[2026-04-03T01:44:11.244+0600][97.048s][info][gc          ] GC(38) Concurrent cleanup 2461M->718M(3528M) 1.145ms
[2026-04-03T01:44:11.244+0600][97.048s][info][gc,ergo     ] GC(38) Free: 2995M, Max: 1024K regular, 690M humongous, Frag: 77% external, 0% internal; Reserve: 196M, Max: 1024K
[2026-04-03T01:44:11.244+0600][97.048s][info][gc,start    ] GC(38) Concurrent class unloading
[2026-04-03T01:44:11.244+0600][97.048s][info][gc,task     ] GC(38) Using 3 of 6 workers for concurrent class unloading
[2026-04-03T01:44:11.272+0600][97.076s][info][gc          ] GC(38) Concurrent class unloading 28.458ms
[2026-04-03T01:44:11.272+0600][97.076s][info][gc,start    ] GC(38) Concurrent strong roots
[2026-04-03T01:44:11.272+0600][97.076s][info][gc,task     ] GC(38) Using 3 of 6 workers for concurrent strong root
[2026-04-03T01:44:11.273+0600][97.078s][info][gc          ] GC(38) Concurrent strong roots 1.198ms
[2026-04-03T01:44:11.274+0600][97.078s][info][gc,start    ] GC(38) Concurrent evacuation
[2026-04-03T01:44:11.274+0600][97.078s][info][gc,task     ] GC(38) Using 3 of 6 workers for concurrent evacuation
[2026-04-03T01:44:11.282+0600][97.086s][info][gc          ] GC(38) Concurrent evacuation 8.141ms
[2026-04-03T01:44:11.282+0600][97.086s][info][gc,start    ] GC(38) Pause Init Update Refs
[2026-04-03T01:44:11.282+0600][97.086s][info][gc,ergo     ] GC(38) Pacer for Update Refs. Used: 1004M, Free: 2658M, Non-Taxable: 265M, Alloc Tax Rate: 1.1x
[2026-04-03T01:44:11.282+0600][97.086s][info][gc          ] GC(38) Pause Init Update Refs 0.161ms
[2026-04-03T01:44:11.283+0600][97.087s][info][gc,start    ] GC(38) Concurrent update references
[2026-04-03T01:44:11.283+0600][97.087s][info][gc,task     ] GC(38) Using 3 of 6 workers for concurrent reference update
[2026-04-03T01:44:11.342+0600][97.146s][info][gc          ] GC(38) Concurrent update references 59.893ms
[2026-04-03T01:44:11.343+0600][97.147s][info][gc,start    ] GC(38) Concurrent update thread roots
[2026-04-03T01:44:11.344+0600][97.148s][info][gc          ] GC(38) Concurrent update thread roots 1.394ms
[2026-04-03T01:44:11.344+0600][97.148s][info][gc,start    ] GC(38) Pause Final Update Refs
[2026-04-03T01:44:11.344+0600][97.148s][info][gc,task     ] GC(38) Using 6 of 6 workers for final reference update
[2026-04-03T01:44:11.344+0600][97.148s][info][gc          ] GC(38) Pause Final Update Refs 0.248ms
[2026-04-03T01:44:11.345+0600][97.149s][info][gc,start    ] GC(38) Concurrent cleanup
[2026-04-03T01:44:11.345+0600][97.149s][info][gc          ] GC(38) Concurrent cleanup 1068M->496M(3528M) 0.447ms
[2026-04-03T01:44:11.345+0600][97.149s][info][gc,ergo     ] Free: 3140M, Max: 1024K regular, 2083M humongous, Frag: 34% external, 0% internal; Reserve: 197M, Max: 1024K
[2026-04-03T01:44:11.345+0600][97.149s][info][gc,stats    ] 
[2026-04-03T01:44:11.345+0600][97.149s][info][gc,stats    ] All times are wall-clock times, except per-root-class counters, that are sum over
[2026-04-03T01:44:11.345+0600][97.149s][info][gc,stats    ] all workers. Dividing the <total> over the root stage time estimates parallelism.
[2026-04-03T01:44:11.345+0600][97.149s][info][gc,stats    ] 
[2026-04-03T01:44:11.345+0600][97.149s][info][gc,stats    ] Concurrent Reset                  10483 us
[2026-04-03T01:44:11.345+0600][97.149s][info][gc,stats    ] Pause Init Mark (G)                 636 us
[2026-04-03T01:44:11.345+0600][97.149s][info][gc,stats    ] Pause Init Mark (N)                 314 us
[2026-04-03T01:44:11.345+0600][97.149s][info][gc,stats    ]   Update Region States               69 us
[2026-04-03T01:44:11.345+0600][97.149s][info][gc,stats    ] Concurrent Mark Roots              2082 us, parallelism: 1.92x
[2026-04-03T01:44:11.345+0600][97.149s][info][gc,stats    ]   CMR: <total>                     3997 us
[2026-04-03T01:44:11.345+0600][97.149s][info][gc,stats    ]   CMR: Thread Roots                3411 us, workers (us): 1306, 1314, 790, ---, ---, ---, 
[2026-04-03T01:44:11.345+0600][97.149s][info][gc,stats    ]   CMR: VM Strong Roots               66 us, workers (us):  30,  27,  10, ---, ---, ---, 
[2026-04-03T01:44:11.345+0600][97.149s][info][gc,stats    ]   CMR: CLDG Roots                   520 us, workers (us): ---, ---, 520, ---, ---, ---, 
[2026-04-03T01:44:11.345+0600][97.149s][info][gc,stats    ] Concurrent Marking                70136 us
[2026-04-03T01:44:11.345+0600][97.149s][info][gc,stats    ] Pause Final Mark (G)               1339 us
[2026-04-03T01:44:11.345+0600][97.149s][info][gc,stats    ] Pause Final Mark (N)                997 us
[2026-04-03T01:44:11.345+0600][97.149s][info][gc,stats    ]   Finish Mark                       400 us
[2026-04-03T01:44:11.345+0600][97.149s][info][gc,stats    ]   Update Region States               80 us
[2026-04-03T01:44:11.345+0600][97.149s][info][gc,stats    ]   Choose Collection Set             295 us
[2026-04-03T01:44:11.345+0600][97.149s][info][gc,stats    ]   Rebuild Free Set                   50 us
[2026-04-03T01:44:11.345+0600][97.149s][info][gc,stats    ] Concurrent Thread Roots            1633 us, parallelism: 2.49x
[2026-04-03T01:44:11.345+0600][97.149s][info][gc,stats    ]   CTR: <total>                     4074 us
[2026-04-03T01:44:11.345+0600][97.149s][info][gc,stats    ]   CTR: Thread Roots                4074 us, workers (us): 1386, 1336, 1352, ---, ---, ---, 
[2026-04-03T01:44:11.345+0600][97.149s][info][gc,stats    ] Concurrent Weak References          995 us, parallelism: 1.32x
[2026-04-03T01:44:11.345+0600][97.149s][info][gc,stats    ]   CWRF: <total>                    1308 us
[2026-04-03T01:44:11.345+0600][97.150s][info][gc,stats    ]   CWRF: Weak References            1308 us, workers (us): 105, 470, 733, ---, ---, ---, 
[2026-04-03T01:44:11.345+0600][97.150s][info][gc,stats    ] Concurrent Weak Roots              5163 us
[2026-04-03T01:44:11.345+0600][97.150s][info][gc,stats    ]   Roots                            4493 us, parallelism: 2.70x
[2026-04-03T01:44:11.345+0600][97.150s][info][gc,stats    ]     CWR: <total>                  12148 us
[2026-04-03T01:44:11.346+0600][97.150s][info][gc,stats    ]     CWR: Code Cache Roots          9235 us, workers (us): 2937, 3194, 3105, ---, ---, ---, 
[2026-04-03T01:44:11.346+0600][97.150s][info][gc,stats    ]     CWR: VM Weak Roots             2751 us, workers (us): 906, 925, 920, ---, ---, ---, 
[2026-04-03T01:44:11.346+0600][97.150s][info][gc,stats    ]     CWR: CLDG Roots                 161 us, workers (us): 161, ---, ---, ---, ---, ---, 
[2026-04-03T01:44:11.346+0600][97.150s][info][gc,stats    ]   Rendezvous                        514 us
[2026-04-03T01:44:11.346+0600][97.150s][info][gc,stats    ] Concurrent Cleanup                 1179 us
[2026-04-03T01:44:11.346+0600][97.150s][info][gc,stats    ] Concurrent Class Unloading        28598 us
[2026-04-03T01:44:11.346+0600][97.150s][info][gc,stats    ]   Unlink Stale                    22661 us
[2026-04-03T01:44:11.346+0600][97.150s][info][gc,stats    ]     System Dictionary               264 us
[2026-04-03T01:44:11.346+0600][97.150s][info][gc,stats    ]     Weak Class Links                  0 us
[2026-04-03T01:44:11.346+0600][97.150s][info][gc,stats    ]     Code Roots                    22391 us
[2026-04-03T01:44:11.346+0600][97.150s][info][gc,stats    ]   Rendezvous                       2344 us
[2026-04-03T01:44:11.346+0600][97.150s][info][gc,stats    ]   Purge Unlinked                   3400 us
[2026-04-03T01:44:11.346+0600][97.150s][info][gc,stats    ]     Code Roots                     3372 us
[2026-04-03T01:44:11.346+0600][97.150s][info][gc,stats    ]     CLDG                             26 us
[2026-04-03T01:44:11.346+0600][97.150s][info][gc,stats    ]     Exception Caches                  1 us
[2026-04-03T01:44:11.346+0600][97.150s][info][gc,stats    ] Concurrent Strong Roots            1240 us, parallelism: 0.61x
[2026-04-03T01:44:11.346+0600][97.150s][info][gc,stats    ]   CSR: <total>                      751 us
[2026-04-03T01:44:11.346+0600][97.150s][info][gc,stats    ]   CSR: VM Strong Roots               68 us, workers (us):  25,  27,  16, ---, ---, ---, 
[2026-04-03T01:44:11.346+0600][97.150s][info][gc,stats    ]   CSR: CLDG Roots                   683 us, workers (us): 683, ---, ---, ---, ---, ---, 
[2026-04-03T01:44:11.346+0600][97.150s][info][gc,stats    ] Concurrent Evacuation              8246 us
[2026-04-03T01:44:11.346+0600][97.150s][info][gc,stats    ] Pause Init Update Refs (G)          748 us
[2026-04-03T01:44:11.346+0600][97.150s][info][gc,stats    ] Pause Init Update Refs (N)          177 us
[2026-04-03T01:44:11.346+0600][97.150s][info][gc,stats    ]   Manage GCLABs                      57 us
[2026-04-03T01:44:11.346+0600][97.150s][info][gc,stats    ] Concurrent Update Refs            60001 us
[2026-04-03T01:44:11.346+0600][97.150s][info][gc,stats    ] Concurrent Update Thread Roots     1481 us
[2026-04-03T01:44:11.346+0600][97.150s][info][gc,stats    ] Pause Final Update Refs (G)         508 us
[2026-04-03T01:44:11.346+0600][97.150s][info][gc,stats    ] Pause Final Update Refs (N)         261 us
[2026-04-03T01:44:11.346+0600][97.150s][info][gc,stats    ]   Update Region States               68 us
[2026-04-03T01:44:11.346+0600][97.150s][info][gc,stats    ]   Trash Collection Set               25 us
[2026-04-03T01:44:11.346+0600][97.150s][info][gc,stats    ]   Rebuild Free Set                   53 us
[2026-04-03T01:44:11.346+0600][97.150s][info][gc,stats    ] Concurrent Cleanup                  483 us
[2026-04-03T01:44:11.346+0600][97.150s][info][gc,stats    ] 
[2026-04-03T01:44:11.346+0600][97.150s][info][gc,stats    ] Allocation pacing accrued:
[2026-04-03T01:44:11.346+0600][97.150s][info][gc,stats    ]       0 of  2106 ms (  0.0%): <total>
[2026-04-03T01:44:11.346+0600][97.150s][info][gc,stats    ]       0 of  2106 ms (  0.0%): <average total>
[2026-04-03T01:44:11.346+0600][97.150s][info][gc,stats    ] 
[2026-04-03T01:44:11.346+0600][97.150s][info][gc,metaspace] Metaspace: 131592K(132928K)->131594K(132928K) NonClass: 115131K(115776K)->115133K(115776K) Class: 16460K(17152K)->16460K(17152K)
[2026-04-03T01:44:11.346+0600][97.150s][info][gc,ergo     ] Pacer for Idle. Initial: 80302K, Alloc Tax Rate: 1.0x
[2026-04-03T01:44:13.460+0600][99.264s][info][gc          ] Trigger: Average GC time (230.06 ms) is above the time for instantaneous allocation rate (4474 MB/s) to deplete free headroom (756M) (spike threshold = 1.77)
[2026-04-03T01:44:13.460+0600][99.264s][info][gc,ergo     ] Free: 952M, Max: 1024K regular, 714M humongous, Frag: 25% external, 0% internal; Reserve: 197M, Max: 1024K
[2026-04-03T01:44:13.460+0600][99.264s][info][gc,start    ] GC(39) Concurrent reset
[2026-04-03T01:44:13.460+0600][99.264s][info][gc,task     ] GC(39) Using 3 of 6 workers for concurrent reset
[2026-04-03T01:44:13.460+0600][99.264s][info][gc,ergo     ] GC(39) Pacer for Reset. Non-Taxable: 3921M
[2026-04-03T01:44:13.464+0600][99.268s][info][gc          ] GC(39) Concurrent reset 3.639ms
[2026-04-03T01:44:13.464+0600][99.268s][info][gc,start    ] GC(39) Pause Init Mark (unload classes)
[2026-04-03T01:44:13.464+0600][99.268s][info][gc,task     ] GC(39) Using 6 of 6 workers for init marking
[2026-04-03T01:44:13.464+0600][99.268s][info][gc,ergo     ] GC(39) Pacer for Mark. Expected Live: 101M, Free: 951M, Non-Taxable: 97414K, Alloc Tax Rate: 0.1x
[2026-04-03T01:44:13.464+0600][99.268s][info][gc          ] GC(39) Pause Init Mark (unload classes) 0.169ms
[2026-04-03T01:44:13.464+0600][99.269s][info][gc,start    ] GC(39) Concurrent marking roots
[2026-04-03T01:44:13.465+0600][99.269s][info][gc,task     ] GC(39) Using 3 of 6 workers for concurrent marking roots
[2026-04-03T01:44:13.466+0600][99.270s][info][gc          ] GC(39) Concurrent marking roots 1.213ms
[2026-04-03T01:44:13.466+0600][99.270s][info][gc,start    ] GC(39) Concurrent marking (unload classes)
[2026-04-03T01:44:13.466+0600][99.270s][info][gc,task     ] GC(39) Using 3 of 6 workers for concurrent marking
[2026-04-03T01:44:13.518+0600][99.322s][info][gc          ] GC(39) Concurrent marking (unload classes) 52.414ms
[2026-04-03T01:44:13.518+0600][99.322s][info][gc,start    ] GC(39) Pause Final Mark (unload classes)
[2026-04-03T01:44:13.518+0600][99.323s][info][gc,task     ] GC(39) Using 6 of 6 workers for final marking
[2026-04-03T01:44:13.519+0600][99.323s][info][gc,ergo     ] GC(39) Adaptive CSet Selection. Target Free: 555M, Actual Free: 2426M, Max CSet: 163M, Min Garbage: 0B
[2026-04-03T01:44:13.519+0600][99.323s][info][gc,ergo     ] GC(39) Collectable Garbage: 2233M (99%), Immediate: 1641M (73%), CSet: 592M (26%)
[2026-04-03T01:44:13.519+0600][99.323s][info][gc,ergo     ] GC(39) Pacer for Evacuation. Used CSet: 603M, Free: 2667M, Non-Taxable: 266M, Alloc Tax Rate: 1.1x
[2026-04-03T01:44:13.519+0600][99.323s][info][gc          ] GC(39) Pause Final Mark (unload classes) 0.835ms
[2026-04-03T01:44:13.519+0600][99.323s][info][gc,start    ] GC(39) Concurrent thread roots
[2026-04-03T01:44:13.520+0600][99.324s][info][gc,task     ] GC(39) Using 3 of 6 workers for Concurrent thread roots
[2026-04-03T01:44:13.521+0600][99.325s][info][gc          ] GC(39) Concurrent thread roots 1.138ms
[2026-04-03T01:44:13.521+0600][99.325s][info][gc,start    ] GC(39) Concurrent weak references
[2026-04-03T01:44:13.521+0600][99.325s][info][gc,task     ] GC(39) Using 3 of 6 workers for concurrent weak references
[2026-04-03T01:44:13.521+0600][99.325s][info][gc,ref      ] GC(39) Encountered references: Soft: 3784, Weak: 17701, Final: 84, Phantom: 621
[2026-04-03T01:44:13.521+0600][99.326s][info][gc,ref      ] GC(39) Discovered  references: Soft: 0, Weak: 11854, Final: 84, Phantom: 617
[2026-04-03T01:44:13.521+0600][99.326s][info][gc,ref      ] GC(39) Enqueued    references: Soft: 0, Weak: 3107, Final: 0, Phantom: 0
[2026-04-03T01:44:13.522+0600][99.326s][info][gc          ] GC(39) Concurrent weak references 0.888ms
[2026-04-03T01:44:13.522+0600][99.326s][info][gc,start    ] GC(39) Concurrent weak roots
[2026-04-03T01:44:13.522+0600][99.326s][info][gc,task     ] GC(39) Using 3 of 6 workers for concurrent weak root
[2026-04-03T01:44:13.526+0600][99.330s][info][gc          ] GC(39) Concurrent weak roots 4.627ms
[2026-04-03T01:44:13.526+0600][99.330s][info][gc,start    ] GC(39) Concurrent cleanup
[2026-04-03T01:44:13.527+0600][99.331s][info][gc          ] GC(39) Concurrent cleanup 2629M->987M(3528M) 1.101ms
[2026-04-03T01:44:13.528+0600][99.332s][info][gc,ergo     ] GC(39) Free: 2666M, Max: 1024K regular, 373M humongous, Frag: 86% external, 0% internal; Reserve: 196M, Max: 1024K
[2026-04-03T01:44:13.528+0600][99.332s][info][gc,start    ] GC(39) Concurrent class unloading
[2026-04-03T01:44:13.528+0600][99.332s][info][gc,task     ] GC(39) Using 3 of 6 workers for concurrent class unloading
[2026-04-03T01:44:13.552+0600][99.356s][info][gc          ] GC(39) Concurrent class unloading 24.438ms
[2026-04-03T01:44:13.552+0600][99.356s][info][gc,start    ] GC(39) Concurrent strong roots
[2026-04-03T01:44:13.552+0600][99.356s][info][gc,task     ] GC(39) Using 3 of 6 workers for concurrent strong root
[2026-04-03T01:44:13.554+0600][99.358s][info][gc          ] GC(39) Concurrent strong roots 1.692ms
[2026-04-03T01:44:13.554+0600][99.358s][info][gc,start    ] GC(39) Concurrent evacuation
[2026-04-03T01:44:13.554+0600][99.358s][info][gc,task     ] GC(39) Using 3 of 6 workers for concurrent evacuation
[2026-04-03T01:44:13.564+0600][99.368s][info][gc          ] GC(39) Concurrent evacuation 9.762ms
[2026-04-03T01:44:13.564+0600][99.368s][info][gc,start    ] GC(39) Pause Init Update Refs
[2026-04-03T01:44:13.564+0600][99.368s][info][gc,ergo     ] GC(39) Pacer for Update Refs. Used: 1043M, Free: 2622M, Non-Taxable: 262M, Alloc Tax Rate: 1.1x
[2026-04-03T01:44:13.564+0600][99.368s][info][gc          ] GC(39) Pause Init Update Refs 0.185ms
[2026-04-03T01:44:13.564+0600][99.368s][info][gc,start    ] GC(39) Concurrent update references
[2026-04-03T01:44:13.565+0600][99.369s][info][gc,task     ] GC(39) Using 3 of 6 workers for concurrent reference update
[2026-04-03T01:44:13.608+0600][99.412s][info][gc          ] GC(39) Concurrent update references 43.387ms
[2026-04-03T01:44:13.608+0600][99.412s][info][gc,start    ] GC(39) Concurrent update thread roots
[2026-04-03T01:44:13.609+0600][99.413s][info][gc          ] GC(39) Concurrent update thread roots 1.171ms
[2026-04-03T01:44:13.609+0600][99.413s][info][gc,start    ] GC(39) Pause Final Update Refs
[2026-04-03T01:44:13.609+0600][99.413s][info][gc,task     ] GC(39) Using 6 of 6 workers for final reference update
[2026-04-03T01:44:13.610+0600][99.414s][info][gc          ] GC(39) Pause Final Update Refs 0.254ms
[2026-04-03T01:44:13.610+0600][99.414s][info][gc,start    ] GC(39) Concurrent cleanup
[2026-04-03T01:44:13.610+0600][99.414s][info][gc          ] GC(39) Concurrent cleanup 1069M->466M(3528M) 0.353ms
[2026-04-03T01:44:13.610+0600][99.414s][info][gc,ergo     ] Free: 3178M, Max: 1024K regular, 2066M humongous, Frag: 35% external, 0% internal; Reserve: 197M, Max: 1024K
[2026-04-03T01:44:13.610+0600][99.414s][info][gc,stats    ] 
[2026-04-03T01:44:13.610+0600][99.414s][info][gc,stats    ] All times are wall-clock times, except per-root-class counters, that are sum over
[2026-04-03T01:44:13.610+0600][99.414s][info][gc,stats    ] all workers. Dividing the <total> over the root stage time estimates parallelism.
[2026-04-03T01:44:13.610+0600][99.414s][info][gc,stats    ] 
[2026-04-03T01:44:13.610+0600][99.414s][info][gc,stats    ] Concurrent Reset                   3823 us
[2026-04-03T01:44:13.610+0600][99.414s][info][gc,stats    ] Pause Init Mark (G)                 578 us
[2026-04-03T01:44:13.610+0600][99.414s][info][gc,stats    ] Pause Init Mark (N)                 195 us
[2026-04-03T01:44:13.610+0600][99.414s][info][gc,stats    ]   Update Region States               53 us
[2026-04-03T01:44:13.610+0600][99.414s][info][gc,stats    ] Concurrent Mark Roots              1266 us, parallelism: 1.77x
[2026-04-03T01:44:13.610+0600][99.414s][info][gc,stats    ]   CMR: <total>                     2243 us
[2026-04-03T01:44:13.610+0600][99.414s][info][gc,stats    ]   CMR: Thread Roots                1905 us, workers (us): 747, 427, 731, ---, ---, ---, 
[2026-04-03T01:44:13.610+0600][99.414s][info][gc,stats    ]   CMR: VM Strong Roots               33 us, workers (us):  18,  14,   1, ---, ---, ---, 
[2026-04-03T01:44:13.610+0600][99.414s][info][gc,stats    ]   CMR: CLDG Roots                   306 us, workers (us): ---, 306, ---, ---, ---, ---, 
[2026-04-03T01:44:13.610+0600][99.414s][info][gc,stats    ] Concurrent Marking                52524 us
[2026-04-03T01:44:13.610+0600][99.414s][info][gc,stats    ] Pause Final Mark (G)               1199 us
[2026-04-03T01:44:13.610+0600][99.414s][info][gc,stats    ] Pause Final Mark (N)                847 us
[2026-04-03T01:44:13.610+0600][99.414s][info][gc,stats    ]   Finish Mark                       293 us
[2026-04-03T01:44:13.610+0600][99.414s][info][gc,stats    ]   Update Region States               69 us
[2026-04-03T01:44:13.610+0600][99.414s][info][gc,stats    ]   Choose Collection Set             295 us
[2026-04-03T01:44:13.610+0600][99.414s][info][gc,stats    ]   Rebuild Free Set                   55 us
[2026-04-03T01:44:13.610+0600][99.414s][info][gc,stats    ] Concurrent Thread Roots            1185 us, parallelism: 2.02x
[2026-04-03T01:44:13.610+0600][99.414s][info][gc,stats    ]   CTR: <total>                     2397 us
[2026-04-03T01:44:13.610+0600][99.414s][info][gc,stats    ]   CTR: Thread Roots                2397 us, workers (us): 841, 779, 777, ---, ---, ---, 
[2026-04-03T01:44:13.610+0600][99.414s][info][gc,stats    ] Concurrent Weak References          899 us, parallelism: 1.54x
[2026-04-03T01:44:13.610+0600][99.414s][info][gc,stats    ]   CWRF: <total>                    1388 us
[2026-04-03T01:44:13.610+0600][99.414s][info][gc,stats    ]   CWRF: Weak References            1388 us, workers (us): 262, 547, 579, ---, ---, ---, 
[2026-04-03T01:44:13.610+0600][99.414s][info][gc,stats    ] Concurrent Weak Roots              4748 us
[2026-04-03T01:44:13.610+0600][99.414s][info][gc,stats    ]   Roots                            4244 us, parallelism: 2.61x
[2026-04-03T01:44:13.610+0600][99.414s][info][gc,stats    ]     CWR: <total>                  11068 us
[2026-04-03T01:44:13.610+0600][99.415s][info][gc,stats    ]     CWR: Code Cache Roots          8652 us, workers (us): 2874, 2762, 3016, ---, ---, ---, 
[2026-04-03T01:44:13.610+0600][99.415s][info][gc,stats    ]     CWR: VM Weak Roots             2242 us, workers (us): 752, 748, 743, ---, ---, ---, 
[2026-04-03T01:44:13.610+0600][99.415s][info][gc,stats    ]     CWR: CLDG Roots                 173 us, workers (us): ---, 173, ---, ---, ---, ---, 
[2026-04-03T01:44:13.610+0600][99.415s][info][gc,stats    ]   Rendezvous                        356 us
[2026-04-03T01:44:13.611+0600][99.415s][info][gc,stats    ] Concurrent Cleanup                 1193 us
[2026-04-03T01:44:13.611+0600][99.415s][info][gc,stats    ] Concurrent Class Unloading        24571 us
[2026-04-03T01:44:13.611+0600][99.415s][info][gc,stats    ]   Unlink Stale                    17697 us
[2026-04-03T01:44:13.611+0600][99.415s][info][gc,stats    ]     System Dictionary               296 us
[2026-04-03T01:44:13.611+0600][99.415s][info][gc,stats    ]     Weak Class Links                  0 us
[2026-04-03T01:44:13.611+0600][99.415s][info][gc,stats    ]     Code Roots                    17395 us
[2026-04-03T01:44:13.611+0600][99.415s][info][gc,stats    ]   Rendezvous                        492 us
[2026-04-03T01:44:13.611+0600][99.415s][info][gc,stats    ]   Purge Unlinked                   6206 us
[2026-04-03T01:44:13.611+0600][99.415s][info][gc,stats    ]     Code Roots                     6174 us
[2026-04-03T01:44:13.611+0600][99.415s][info][gc,stats    ]     CLDG                             30 us
[2026-04-03T01:44:13.611+0600][99.415s][info][gc,stats    ]     Exception Caches                  0 us
[2026-04-03T01:44:13.611+0600][99.415s][info][gc,stats    ] Concurrent Strong Roots            1770 us, parallelism: 0.64x
[2026-04-03T01:44:13.611+0600][99.415s][info][gc,stats    ]   CSR: <total>                     1128 us
[2026-04-03T01:44:13.611+0600][99.415s][info][gc,stats    ]   CSR: VM Strong Roots               53 us, workers (us):  50,   2,   0, ---, ---, ---, 
[2026-04-03T01:44:13.611+0600][99.415s][info][gc,stats    ]   CSR: CLDG Roots                  1075 us, workers (us): 1075, ---, ---, ---, ---, ---, 
[2026-04-03T01:44:13.611+0600][99.415s][info][gc,stats    ] Concurrent Evacuation              9940 us
[2026-04-03T01:44:13.611+0600][99.415s][info][gc,stats    ] Pause Init Update Refs (G)          587 us
[2026-04-03T01:44:13.611+0600][99.415s][info][gc,stats    ] Pause Init Update Refs (N)          203 us
[2026-04-03T01:44:13.611+0600][99.415s][info][gc,stats    ]   Manage GCLABs                      59 us
[2026-04-03T01:44:13.611+0600][99.415s][info][gc,stats    ] Concurrent Update Refs            43465 us
[2026-04-03T01:44:13.611+0600][99.415s][info][gc,stats    ] Concurrent Update Thread Roots     1246 us
[2026-04-03T01:44:13.611+0600][99.415s][info][gc,stats    ] Pause Final Update Refs (G)         513 us
[2026-04-03T01:44:13.611+0600][99.415s][info][gc,stats    ] Pause Final Update Refs (N)         294 us
[2026-04-03T01:44:13.611+0600][99.415s][info][gc,stats    ]   Update Region States               70 us
[2026-04-03T01:44:13.611+0600][99.415s][info][gc,stats    ]   Trash Collection Set               29 us
[2026-04-03T01:44:13.611+0600][99.415s][info][gc,stats    ]   Rebuild Free Set                   59 us
[2026-04-03T01:44:13.611+0600][99.415s][info][gc,stats    ] Concurrent Cleanup                  374 us
[2026-04-03T01:44:13.611+0600][99.415s][info][gc,stats    ] Pacing                            43132 us
[2026-04-03T01:44:13.611+0600][99.415s][info][gc,stats    ] 
[2026-04-03T01:44:13.611+0600][99.415s][info][gc,stats    ] Allocation pacing accrued:
[2026-04-03T01:44:13.611+0600][99.415s][info][gc,stats    ]      11 of  2265 ms (  0.5%): Executor task launch worker for task 3.0 in stage 4289.0 (TID 7912)
[2026-04-03T01:44:13.611+0600][99.415s][info][gc,stats    ]      10 of  2265 ms (  0.5%): Executor task launch worker for task 1.0 in stage 4289.0 (TID 7910)
[2026-04-03T01:44:13.611+0600][99.415s][info][gc,stats    ]      11 of  2265 ms (  0.5%): Executor task launch worker for task 2.0 in stage 4289.0 (TID 7911)
[2026-04-03T01:44:13.611+0600][99.415s][info][gc,stats    ]      11 of  2265 ms (  0.5%): Executor task launch worker for task 0.0 in stage 4289.0 (TID 7909)
[2026-04-03T01:44:13.611+0600][99.415s][info][gc,stats    ]      43 of  2265 ms (  1.9%): <total>
[2026-04-03T01:44:13.611+0600][99.415s][info][gc,stats    ]       0 of  2265 ms (  0.0%): <average total>
[2026-04-03T01:44:13.611+0600][99.415s][info][gc,stats    ]      11 of  2265 ms (  0.5%): <average non-zero>
[2026-04-03T01:44:13.611+0600][99.415s][info][gc,stats    ] 
[2026-04-03T01:44:13.611+0600][99.415s][info][gc,metaspace] Metaspace: 131614K(132928K)->131616K(132928K) NonClass: 115152K(115776K)->115155K(115776K) Class: 16461K(17152K)->16461K(17152K)
[2026-04-03T01:44:13.611+0600][99.415s][info][gc,ergo     ] Pacer for Idle. Initial: 80302K, Alloc Tax Rate: 1.0x
[2026-04-03T01:44:15.523+0600][101.327s][info][gc          ] Trigger: Average GC time (226.07 ms) is above the time for instantaneous allocation rate (4456 MB/s) to deplete free headroom (790M) (spike threshold = 1.76)
[2026-04-03T01:44:15.523+0600][101.327s][info][gc,ergo     ] Free: 986M, Max: 1024K regular, 373M humongous, Frag: 62% external, 0% internal; Reserve: 197M, Max: 1024K
[2026-04-03T01:44:15.523+0600][101.327s][info][gc,start    ] GC(40) Concurrent reset
[2026-04-03T01:44:15.523+0600][101.327s][info][gc,task     ] GC(40) Using 3 of 6 workers for concurrent reset
[2026-04-03T01:44:15.523+0600][101.327s][info][gc,ergo     ] GC(40) Pacer for Reset. Non-Taxable: 3921M
[2026-04-03T01:44:15.529+0600][101.333s][info][gc          ] GC(40) Concurrent reset 6.029ms
[2026-04-03T01:44:15.529+0600][101.333s][info][gc,start    ] GC(40) Pause Init Mark (unload classes)
[2026-04-03T01:44:15.529+0600][101.333s][info][gc,task     ] GC(40) Using 6 of 6 workers for init marking
[2026-04-03T01:44:15.530+0600][101.334s][info][gc,ergo     ] GC(40) Pacer for Mark. Expected Live: 100M, Free: 980M, Non-Taxable: 100380K, Alloc Tax Rate: 0.1x
[2026-04-03T01:44:15.530+0600][101.334s][info][gc          ] GC(40) Pause Init Mark (unload classes) 0.318ms
[2026-04-03T01:44:15.530+0600][101.334s][info][gc,start    ] GC(40) Concurrent marking roots
[2026-04-03T01:44:15.530+0600][101.334s][info][gc,task     ] GC(40) Using 3 of 6 workers for concurrent marking roots
[2026-04-03T01:44:15.532+0600][101.336s][info][gc          ] GC(40) Concurrent marking roots 2.082ms
[2026-04-03T01:44:15.532+0600][101.336s][info][gc,start    ] GC(40) Concurrent marking (unload classes)
[2026-04-03T01:44:15.532+0600][101.336s][info][gc,task     ] GC(40) Using 3 of 6 workers for concurrent marking
[2026-04-03T01:44:15.630+0600][101.434s][info][gc          ] GC(40) Concurrent marking (unload classes) 98.289ms
[2026-04-03T01:44:15.631+0600][101.435s][info][gc,start    ] GC(40) Pause Final Mark (unload classes)
[2026-04-03T01:44:15.631+0600][101.435s][info][gc,task     ] GC(40) Using 6 of 6 workers for final marking
[2026-04-03T01:44:15.632+0600][101.436s][info][gc,ergo     ] GC(40) Adaptive CSet Selection. Target Free: 555M, Actual Free: 2460M, Max CSet: 163M, Min Garbage: 0B
[2026-04-03T01:44:15.632+0600][101.436s][info][gc,ergo     ] GC(40) Collectable Garbage: 2211M (99%), Immediate: 1645M (74%), CSet: 565M (25%)
[2026-04-03T01:44:15.632+0600][101.436s][info][gc,ergo     ] GC(40) Pacer for Evacuation. Used CSet: 577M, Free: 2694M, Non-Taxable: 269M, Alloc Tax Rate: 1.1x
[2026-04-03T01:44:15.632+0600][101.436s][info][gc          ] GC(40) Pause Final Mark (unload classes) 1.584ms
[2026-04-03T01:44:15.632+0600][101.436s][info][gc,start    ] GC(40) Concurrent thread roots
[2026-04-03T01:44:15.632+0600][101.436s][info][gc,task     ] GC(40) Using 3 of 6 workers for Concurrent thread roots
[2026-04-03T01:44:15.634+0600][101.438s][info][gc          ] GC(40) Concurrent thread roots 1.294ms
[2026-04-03T01:44:15.634+0600][101.438s][info][gc,start    ] GC(40) Concurrent weak references
[2026-04-03T01:44:15.634+0600][101.438s][info][gc,task     ] GC(40) Using 3 of 6 workers for concurrent weak references
[2026-04-03T01:44:15.635+0600][101.439s][info][gc,ref      ] GC(40) Encountered references: Soft: 3788, Weak: 17563, Final: 84, Phantom: 621
[2026-04-03T01:44:15.635+0600][101.439s][info][gc,ref      ] GC(40) Discovered  references: Soft: 0, Weak: 10887, Final: 52, Phantom: 617
[2026-04-03T01:44:15.635+0600][101.439s][info][gc,ref      ] GC(40) Enqueued    references: Soft: 0, Weak: 2901, Final: 0, Phantom: 0
[2026-04-03T01:44:15.635+0600][101.439s][info][gc          ] GC(40) Concurrent weak references 1.541ms
[2026-04-03T01:44:15.635+0600][101.439s][info][gc,start    ] GC(40) Concurrent weak roots
[2026-04-03T01:44:15.635+0600][101.439s][info][gc,task     ] GC(40) Using 3 of 6 workers for concurrent weak root
[2026-04-03T01:44:15.648+0600][101.452s][info][gc          ] GC(40) Concurrent weak roots 12.610ms
[2026-04-03T01:44:15.648+0600][101.452s][info][gc,start    ] GC(40) Concurrent cleanup
[2026-04-03T01:44:15.649+0600][101.454s][info][gc          ] GC(40) Concurrent cleanup 2614M->968M(3528M) 1.414ms
[2026-04-03T01:44:15.650+0600][101.454s][info][gc,ergo     ] GC(40) Free: 2685M, Max: 1024K regular, 373M humongous, Frag: 87% external, 0% internal; Reserve: 196M, Max: 1024K
[2026-04-03T01:44:15.650+0600][101.454s][info][gc,start    ] GC(40) Concurrent class unloading
[2026-04-03T01:44:15.650+0600][101.454s][info][gc,task     ] GC(40) Using 3 of 6 workers for concurrent class unloading
[2026-04-03T01:44:15.681+0600][101.485s][info][gc          ] GC(40) Concurrent class unloading 31.154ms
[2026-04-03T01:44:15.681+0600][101.485s][info][gc,start    ] GC(40) Concurrent strong roots
[2026-04-03T01:44:15.681+0600][101.485s][info][gc,task     ] GC(40) Using 3 of 6 workers for concurrent strong root
[2026-04-03T01:44:15.682+0600][101.487s][info][gc          ] GC(40) Concurrent strong roots 1.539ms
[2026-04-03T01:44:15.683+0600][101.487s][info][gc,start    ] GC(40) Concurrent evacuation
[2026-04-03T01:44:15.683+0600][101.487s][info][gc,task     ] GC(40) Using 3 of 6 workers for concurrent evacuation
[2026-04-03T01:44:15.692+0600][101.496s][info][gc          ] GC(40) Concurrent evacuation 9.834ms
[2026-04-03T01:44:15.693+0600][101.497s][info][gc,start    ] GC(40) Pause Init Update Refs
[2026-04-03T01:44:15.693+0600][101.497s][info][gc,ergo     ] GC(40) Pacer for Update Refs. Used: 1024M, Free: 2634M, Non-Taxable: 263M, Alloc Tax Rate: 1.1x
[2026-04-03T01:44:15.693+0600][101.497s][info][gc          ] GC(40) Pause Init Update Refs 0.164ms
[2026-04-03T01:44:15.693+0600][101.497s][info][gc,start    ] GC(40) Concurrent update references
[2026-04-03T01:44:15.693+0600][101.497s][info][gc,task     ] GC(40) Using 3 of 6 workers for concurrent reference update
[2026-04-03T01:44:15.745+0600][101.550s][info][gc          ] GC(40) Concurrent update references 52.453ms
[2026-04-03T01:44:15.746+0600][101.550s][info][gc,start    ] GC(40) Concurrent update thread roots
[2026-04-03T01:44:15.747+0600][101.551s][info][gc          ] GC(40) Concurrent update thread roots 1.458ms
[2026-04-03T01:44:15.747+0600][101.551s][info][gc,start    ] GC(40) Pause Final Update Refs
[2026-04-03T01:44:15.747+0600][101.551s][info][gc,task     ] GC(40) Using 6 of 6 workers for final reference update
[2026-04-03T01:44:15.748+0600][101.552s][info][gc          ] GC(40) Pause Final Update Refs 0.296ms
[2026-04-03T01:44:15.748+0600][101.552s][info][gc,start    ] GC(40) Concurrent cleanup
[2026-04-03T01:44:15.748+0600][101.552s][info][gc          ] GC(40) Concurrent cleanup 1037M->460M(3528M) 0.458ms
[2026-04-03T01:44:15.748+0600][101.552s][info][gc,ergo     ] Free: 3185M, Max: 1024K regular, 1740M humongous, Frag: 46% external, 0% internal; Reserve: 197M, Max: 1024K
[2026-04-03T01:44:15.748+0600][101.553s][info][gc,stats    ] 
[2026-04-03T01:44:15.748+0600][101.553s][info][gc,stats    ] All times are wall-clock times, except per-root-class counters, that are sum over
[2026-04-03T01:44:15.748+0600][101.553s][info][gc,stats    ] all workers. Dividing the <total> over the root stage time estimates parallelism.
[2026-04-03T01:44:15.749+0600][101.553s][info][gc,stats    ] 
[2026-04-03T01:44:15.749+0600][101.553s][info][gc,stats    ] Concurrent Reset                   6136 us
[2026-04-03T01:44:15.749+0600][101.553s][info][gc,stats    ] Pause Init Mark (G)                 817 us
[2026-04-03T01:44:15.749+0600][101.553s][info][gc,stats    ] Pause Init Mark (N)                 334 us
[2026-04-03T01:44:15.749+0600][101.553s][info][gc,stats    ]   Update Region States               62 us
[2026-04-03T01:44:15.749+0600][101.553s][info][gc,stats    ] Concurrent Mark Roots              2171 us, parallelism: 2.07x
[2026-04-03T01:44:15.749+0600][101.553s][info][gc,stats    ]   CMR: <total>                     4493 us
[2026-04-03T01:44:15.749+0600][101.553s][info][gc,stats    ]   CMR: Thread Roots                4051 us, workers (us): 1478, 1461, 1111, ---, ---, ---, 
[2026-04-03T01:44:15.749+0600][101.553s][info][gc,stats    ]   CMR: VM Strong Roots               75 us, workers (us):  40,  25,   9, ---, ---, ---, 
[2026-04-03T01:44:15.749+0600][101.553s][info][gc,stats    ]   CMR: CLDG Roots                   367 us, workers (us): ---, ---, 367, ---, ---, ---, 
[2026-04-03T01:44:15.749+0600][101.553s][info][gc,stats    ] Concurrent Marking                98390 us
[2026-04-03T01:44:15.749+0600][101.553s][info][gc,stats    ] Pause Final Mark (G)               1950 us
[2026-04-03T01:44:15.749+0600][101.553s][info][gc,stats    ] Pause Final Mark (N)               1606 us
[2026-04-03T01:44:15.749+0600][101.553s][info][gc,stats    ]   Finish Mark                       433 us
[2026-04-03T01:44:15.749+0600][101.553s][info][gc,stats    ]   Update Region States              100 us
[2026-04-03T01:44:15.749+0600][101.553s][info][gc,stats    ]   Choose Collection Set             758 us
[2026-04-03T01:44:15.749+0600][101.553s][info][gc,stats    ]   Rebuild Free Set                   74 us
[2026-04-03T01:44:15.749+0600][101.553s][info][gc,stats    ] Concurrent Thread Roots            1411 us, parallelism: 2.27x
[2026-04-03T01:44:15.749+0600][101.553s][info][gc,stats    ]   CTR: <total>                     3209 us
[2026-04-03T01:44:15.749+0600][101.553s][info][gc,stats    ]   CTR: Thread Roots                3209 us, workers (us): 1095, 1075, 1038, ---, ---, ---, 
[2026-04-03T01:44:15.749+0600][101.553s][info][gc,stats    ] Concurrent Weak References         1561 us, parallelism: 1.38x
[2026-04-03T01:44:15.749+0600][101.553s][info][gc,stats    ]   CWRF: <total>                    2157 us
[2026-04-03T01:44:15.749+0600][101.553s][info][gc,stats    ]   CWRF: Weak References            2157 us, workers (us): 756, 176, 1225, ---, ---, ---, 
[2026-04-03T01:44:15.749+0600][101.553s][info][gc,stats    ] Concurrent Weak Roots             12746 us
[2026-04-03T01:44:15.749+0600][101.553s][info][gc,stats    ]   Roots                           12019 us, parallelism: 2.18x
[2026-04-03T01:44:15.749+0600][101.553s][info][gc,stats    ]     CWR: <total>                  26243 us
[2026-04-03T01:44:15.749+0600][101.553s][info][gc,stats    ]     CWR: Code Cache Roots         22838 us, workers (us): 6627, 9268, 6944, ---, ---, ---, 
[2026-04-03T01:44:15.749+0600][101.553s][info][gc,stats    ]     CWR: VM Weak Roots             3135 us, workers (us): 1050, 1039, 1046, ---, ---, ---, 
[2026-04-03T01:44:15.749+0600][101.553s][info][gc,stats    ]     CWR: CLDG Roots                 270 us, workers (us): 270, ---, ---, ---, ---, ---, 
[2026-04-03T01:44:15.749+0600][101.553s][info][gc,stats    ]   Rendezvous                        548 us
[2026-04-03T01:44:15.749+0600][101.553s][info][gc,stats    ] Concurrent Cleanup                 1478 us
[2026-04-03T01:44:15.749+0600][101.553s][info][gc,stats    ] Concurrent Class Unloading        31286 us
[2026-04-03T01:44:15.749+0600][101.553s][info][gc,stats    ]   Unlink Stale                    25974 us
[2026-04-03T01:44:15.749+0600][101.553s][info][gc,stats    ]     System Dictionary               326 us
[2026-04-03T01:44:15.749+0600][101.553s][info][gc,stats    ]     Weak Class Links                  1 us
[2026-04-03T01:44:15.749+0600][101.553s][info][gc,stats    ]     Code Roots                    25643 us
[2026-04-03T01:44:15.749+0600][101.553s][info][gc,stats    ]   Rendezvous                       1159 us
[2026-04-03T01:44:15.749+0600][101.553s][info][gc,stats    ]   Purge Unlinked                   3970 us
[2026-04-03T01:44:15.749+0600][101.553s][info][gc,stats    ]     Code Roots                     3942 us
[2026-04-03T01:44:15.749+0600][101.553s][info][gc,stats    ]     CLDG                             26 us
[2026-04-03T01:44:15.749+0600][101.553s][info][gc,stats    ]     Exception Caches                  0 us
[2026-04-03T01:44:15.749+0600][101.553s][info][gc,stats    ] Concurrent Strong Roots            1627 us, parallelism: 0.65x
[2026-04-03T01:44:15.749+0600][101.553s][info][gc,stats    ]   CSR: <total>                     1065 us
[2026-04-03T01:44:15.749+0600][101.553s][info][gc,stats    ]   CSR: VM Strong Roots               59 us, workers (us):  40,  19,   0, ---, ---, ---, 
[2026-04-03T01:44:15.749+0600][101.553s][info][gc,stats    ]   CSR: CLDG Roots                  1006 us, workers (us): 1006, ---, ---, ---, ---, ---, 
[2026-04-03T01:44:15.749+0600][101.553s][info][gc,stats    ] Concurrent Evacuation              9979 us
[2026-04-03T01:44:15.749+0600][101.553s][info][gc,stats    ] Pause Init Update Refs (G)          448 us
[2026-04-03T01:44:15.749+0600][101.553s][info][gc,stats    ] Pause Init Update Refs (N)          180 us
[2026-04-03T01:44:15.749+0600][101.553s][info][gc,stats    ]   Manage GCLABs                      37 us
[2026-04-03T01:44:15.749+0600][101.553s][info][gc,stats    ] Concurrent Update Refs            52556 us
[2026-04-03T01:44:15.749+0600][101.553s][info][gc,stats    ] Concurrent Update Thread Roots     1553 us
[2026-04-03T01:44:15.749+0600][101.553s][info][gc,stats    ] Pause Final Update Refs (G)         718 us
[2026-04-03T01:44:15.749+0600][101.553s][info][gc,stats    ] Pause Final Update Refs (N)         315 us
[2026-04-03T01:44:15.749+0600][101.553s][info][gc,stats    ]   Update Region States               75 us
[2026-04-03T01:44:15.749+0600][101.553s][info][gc,stats    ]   Trash Collection Set               27 us
[2026-04-03T01:44:15.749+0600][101.553s][info][gc,stats    ]   Rebuild Free Set                   59 us
[2026-04-03T01:44:15.749+0600][101.553s][info][gc,stats    ] Concurrent Cleanup                  489 us
[2026-04-03T01:44:15.749+0600][101.553s][info][gc,stats    ] Pacing                           155684 us
[2026-04-03T01:44:15.749+0600][101.553s][info][gc,stats    ] 
[2026-04-03T01:44:15.749+0600][101.553s][info][gc,stats    ] Allocation pacing accrued:
[2026-04-03T01:44:15.749+0600][101.553s][info][gc,stats    ]      41 of  2138 ms (  1.9%): Executor task launch worker for task 1.0 in stage 4448.0 (TID 8164)
[2026-04-03T01:44:15.749+0600][101.553s][info][gc,stats    ]      41 of  2138 ms (  1.9%): Executor task launch worker for task 2.0 in stage 4448.0 (TID 8165)
[2026-04-03T01:44:15.749+0600][101.553s][info][gc,stats    ]      33 of  2138 ms (  1.5%): Executor task launch worker for task 3.0 in stage 4448.0 (TID 8166)
[2026-04-03T01:44:15.749+0600][101.553s][info][gc,stats    ]      40 of  2138 ms (  1.9%): Executor task launch worker for task 0.0 in stage 4448.0 (TID 8163)
[2026-04-03T01:44:15.749+0600][101.553s][info][gc,stats    ]     156 of  2138 ms (  7.3%): <total>
[2026-04-03T01:44:15.749+0600][101.553s][info][gc,stats    ]       1 of  2138 ms (  0.0%): <average total>
[2026-04-03T01:44:15.749+0600][101.553s][info][gc,stats    ]      39 of  2138 ms (  1.8%): <average non-zero>
[2026-04-03T01:44:15.749+0600][101.553s][info][gc,stats    ] 
[2026-04-03T01:44:15.749+0600][101.553s][info][gc,metaspace] Metaspace: 131627K(132928K)->131631K(132928K) NonClass: 115166K(115776K)->115169K(115776K) Class: 16461K(17152K)->16461K(17152K)
[2026-04-03T01:44:15.749+0600][101.553s][info][gc,ergo     ] Pacer for Idle. Initial: 80302K, Alloc Tax Rate: 1.0x
[2026-04-03T01:44:18.753+0600][104.557s][info][gc          ] Cancelling GC: Stopping VM
[2026-04-03T01:44:18.754+0600][104.558s][info][gc,heap,exit] Heap
[2026-04-03T01:44:18.754+0600][104.558s][info][gc,heap,exit] Shenandoah Heap
[2026-04-03T01:44:18.754+0600][104.559s][info][gc,heap,exit]  3921M max, 3921M soft max, 3528M committed, 2486M used
[2026-04-03T01:44:18.754+0600][104.559s][info][gc,heap,exit]  3921 x 1024K regions
[2026-04-03T01:44:18.755+0600][104.559s][info][gc,heap,exit] Status: cancelled
[2026-04-03T01:44:18.755+0600][104.559s][info][gc,heap,exit] Reserved region:
[2026-04-03T01:44:18.755+0600][104.559s][info][gc,heap,exit]  - [0x000000070af00000, 0x0000000800000000) 
[2026-04-03T01:44:18.755+0600][104.559s][info][gc,heap,exit] Collection set:
[2026-04-03T01:44:18.755+0600][104.559s][info][gc,heap,exit]  - map (vanilla): 0x00000000000170af
[2026-04-03T01:44:18.755+0600][104.559s][info][gc,heap,exit]  - map (biased):  0x0000000000010000
[2026-04-03T01:44:18.755+0600][104.559s][info][gc,heap,exit] 
[2026-04-03T01:44:18.755+0600][104.559s][info][gc,heap,exit]  Metaspace       used 132435K, committed 133632K, reserved 1179648K
[2026-04-03T01:44:18.755+0600][104.559s][info][gc,heap,exit]   class space    used 16668K, committed 17280K, reserved 1048576K
[2026-04-03T01:44:18.755+0600][104.559s][info][gc,stats    ] 
[2026-04-03T01:44:18.755+0600][104.559s][info][gc,stats    ] GC STATISTICS:
[2026-04-03T01:44:18.755+0600][104.559s][info][gc,stats    ]   "(G)" (gross) pauses include VM time: time to notify and block threads, do the pre-
[2026-04-03T01:44:18.755+0600][104.559s][info][gc,stats    ]         and post-safepoint housekeeping. Use -Xlog:safepoint+stats to dissect.
[2026-04-03T01:44:18.755+0600][104.559s][info][gc,stats    ]   "(N)" (net) pauses are the times spent in the actual GC code.
[2026-04-03T01:44:18.755+0600][104.559s][info][gc,stats    ]   "a" is average time for each phase, look at levels to see if average makes sense.
[2026-04-03T01:44:18.755+0600][104.559s][info][gc,stats    ]   "lvls" are quantiles: 0% (minimum), 25%, 50% (median), 75%, 100% (maximum).
[2026-04-03T01:44:18.755+0600][104.559s][info][gc,stats    ] 
[2026-04-03T01:44:18.755+0600][104.559s][info][gc,stats    ]   All times are wall-clock times, except per-root-class counters, that are sum over
[2026-04-03T01:44:18.755+0600][104.559s][info][gc,stats    ]   all workers. Dividing the <total> over the root stage time estimates parallelism.
[2026-04-03T01:44:18.755+0600][104.559s][info][gc,stats    ] 
[2026-04-03T01:44:18.755+0600][104.559s][info][gc,stats    ]   Pacing delays are measured from entering the pacing code till exiting it. Therefore,
[2026-04-03T01:44:18.755+0600][104.559s][info][gc,stats    ]   observed pacing delays may be higher than the threshold when paced thread spent more
[2026-04-03T01:44:18.755+0600][104.559s][info][gc,stats    ]   time in the pacing code. It usually happens when thread is de-scheduled while paced,
[2026-04-03T01:44:18.755+0600][104.559s][info][gc,stats    ]   OS takes longer to unblock the thread, or JVM experiences an STW pause.
[2026-04-03T01:44:18.755+0600][104.559s][info][gc,stats    ] 
[2026-04-03T01:44:18.755+0600][104.559s][info][gc,stats    ]   Higher delay would prevent application outpacing the GC, but it will hide the GC latencies
[2026-04-03T01:44:18.755+0600][104.559s][info][gc,stats    ]   from the STW pause times. Pacing affects the individual threads, and so it would also be
[2026-04-03T01:44:18.755+0600][104.559s][info][gc,stats    ]   invisible to the usual profiling tools, but would add up to end-to-end application latency.
[2026-04-03T01:44:18.755+0600][104.559s][info][gc,stats    ]   Raise max pacing delay with care.
[2026-04-03T01:44:18.755+0600][104.559s][info][gc,stats    ] 
[2026-04-03T01:44:18.755+0600][104.559s][info][gc,stats    ] Concurrent Reset               =    0.384 s (a =     9360 us) (n =    41) (lvls, us =      941,     4219,     6582,    11328,    32315)
[2026-04-03T01:44:18.755+0600][104.559s][info][gc,stats    ] Pause Init Mark (G)            =    0.037 s (a =      911 us) (n =    41) (lvls, us =      334,      469,      615,      857,     4125)
[2026-04-03T01:44:18.755+0600][104.559s][info][gc,stats    ] Pause Init Mark (N)            =    0.010 s (a =      242 us) (n =    41) (lvls, us =      119,      176,      209,      260,      759)
[2026-04-03T01:44:18.755+0600][104.559s][info][gc,stats    ]   Update Region States         =    0.003 s (a =       64 us) (n =    41) (lvls, us =       23,       41,       57,       70,      157)
[2026-04-03T01:44:18.755+0600][104.559s][info][gc,stats    ] Concurrent Mark Roots          =    0.096 s (a =     2335 us) (n =    41) (lvls, us =      914,     1719,     1992,     2305,     5502)
[2026-04-03T01:44:18.755+0600][104.559s][info][gc,stats    ]   CMR: <total>                 =    0.177 s (a =     4308 us) (n =    41) (lvls, us =     1387,     3438,     3984,     4707,     8765)
[2026-04-03T01:44:18.755+0600][104.559s][info][gc,stats    ]   CMR: Thread Roots            =    0.154 s (a =     3759 us) (n =    41) (lvls, us =     1211,     2871,     3398,     4062,     8131)
[2026-04-03T01:44:18.755+0600][104.559s][info][gc,stats    ]   CMR: VM Strong Roots         =    0.004 s (a =       98 us) (n =    41) (lvls, us =       17,       57,       66,       76,      628)
[2026-04-03T01:44:18.755+0600][104.559s][info][gc,stats    ]   CMR: CLDG Roots              =    0.019 s (a =      452 us) (n =    41) (lvls, us =      146,      332,      396,      512,     1467)
[2026-04-03T01:44:18.755+0600][104.559s][info][gc,stats    ] Concurrent Marking             =    2.585 s (a =    63047 us) (n =    41) (lvls, us =    11523,    52344,    66992,    72852,    98390)
[2026-04-03T01:44:18.755+0600][104.559s][info][gc,stats    ] Pause Final Mark (G)           =    0.078 s (a =     1906 us) (n =    41) (lvls, us =      881,     1055,     1270,     1465,    16133)
[2026-04-03T01:44:18.755+0600][104.559s][info][gc,stats    ] Pause Final Mark (N)           =    0.055 s (a =     1330 us) (n =    41) (lvls, us =      650,      811,      902,     1016,    15720)
[2026-04-03T01:44:18.755+0600][104.559s][info][gc,stats    ]   Finish Mark                  =    0.014 s (a =      331 us) (n =    41) (lvls, us =      168,      240,      289,      320,     1474)
[2026-04-03T01:44:18.755+0600][104.559s][info][gc,stats    ]   Update Region States         =    0.003 s (a =       77 us) (n =    41) (lvls, us =       45,       63,       72,       84,      140)
[2026-04-03T01:44:18.755+0600][104.559s][info][gc,stats    ]   Choose Collection Set        =    0.028 s (a =      672 us) (n =    41) (lvls, us =      188,      234,      295,      334,    14762)
[2026-04-03T01:44:18.755+0600][104.559s][info][gc,stats    ]   Rebuild Free Set             =    0.003 s (a =       63 us) (n =    41) (lvls, us =       31,       47,       55,       74,      179)
[2026-04-03T01:44:18.755+0600][104.559s][info][gc,stats    ] Concurrent Thread Roots        =    0.076 s (a =     1862 us) (n =    41) (lvls, us =      555,     1094,     1309,     1621,     8589)
[2026-04-03T01:44:18.755+0600][104.559s][info][gc,stats    ]   CTR: <total>                 =    0.177 s (a =     4329 us) (n =    41) (lvls, us =      498,     2344,     3105,     3965,    22056)
[2026-04-03T01:44:18.755+0600][104.559s][info][gc,stats    ]   CTR: Thread Roots            =    0.177 s (a =     4329 us) (n =    41) (lvls, us =      498,     2344,     3105,     3965,    22056)
[2026-04-03T01:44:18.755+0600][104.559s][info][gc,stats    ] Concurrent Weak References     =    0.056 s (a =     1369 us) (n =    41) (lvls, us =      660,      994,     1133,     1543,     2920)
[2026-04-03T01:44:18.755+0600][104.559s][info][gc,stats    ]   CWRF: <total>                =    0.071 s (a =     1724 us) (n =    41) (lvls, us =      531,     1289,     1641,     2070,     3328)
[2026-04-03T01:44:18.755+0600][104.559s][info][gc,stats    ]   CWRF: Weak References        =    0.071 s (a =     1724 us) (n =    41) (lvls, us =      531,     1289,     1641,     2070,     3328)
[2026-04-03T01:44:18.755+0600][104.559s][info][gc,stats    ] Concurrent Weak Roots          =    0.297 s (a =     7243 us) (n =    41) (lvls, us =     1309,     5156,     5801,     7188,    19752)
[2026-04-03T01:44:18.755+0600][104.559s][info][gc,stats    ]   Roots                        =    0.249 s (a =     6065 us) (n =    41) (lvls, us =      965,     4492,     5156,     6133,    15685)
[2026-04-03T01:44:18.755+0600][104.559s][info][gc,stats    ]     CWR: <total>               =    0.631 s (a =    15394 us) (n =    41) (lvls, us =     2031,    12109,    13867,    16602,    32778)
[2026-04-03T01:44:18.755+0600][104.559s][info][gc,stats    ]     CWR: Code Cache Roots      =    0.484 s (a =    11808 us) (n =    41) (lvls, us =      678,     9219,    10352,    13086,    28581)
[2026-04-03T01:44:18.755+0600][104.559s][info][gc,stats    ]     CWR: VM Weak Roots         =    0.139 s (a =     3386 us) (n =    41) (lvls, us =     1328,     2715,     3223,     3613,     7113)
[2026-04-03T01:44:18.755+0600][104.559s][info][gc,stats    ]     CWR: CLDG Roots            =    0.008 s (a =      200 us) (n =    41) (lvls, us =       11,      156,      180,      254,      398)
[2026-04-03T01:44:18.755+0600][104.559s][info][gc,stats    ]   Rendezvous                   =    0.042 s (a =     1028 us) (n =    41) (lvls, us =      180,      383,      426,      527,     5674)
[2026-04-03T01:44:18.755+0600][104.559s][info][gc,stats    ] Concurrent Cleanup             =    0.054 s (a =     1318 us) (n =    41) (lvls, us =      301,      705,     1094,     1348,     7271)
[2026-04-03T01:44:18.755+0600][104.559s][info][gc,stats    ] Concurrent Class Unloading     =    1.541 s (a =    37591 us) (n =    41) (lvls, us =     2637,    24414,    29102,    43359,   109614)
[2026-04-03T01:44:18.755+0600][104.559s][info][gc,stats    ]   Unlink Stale                 =    1.097 s (a =    26757 us) (n =    41) (lvls, us =     1973,    15625,    21289,    30469,   100735)
[2026-04-03T01:44:18.755+0600][104.559s][info][gc,stats    ]     System Dictionary          =    0.021 s (a =      521 us) (n =    41) (lvls, us =       29,      295,      336,      420,     4308)
[2026-04-03T01:44:18.755+0600][104.559s][info][gc,stats    ]     Weak Class Links           =    0.336 s (a =     8204 us) (n =    41) (lvls, us =        0,        0,        1,        1,    77731)
[2026-04-03T01:44:18.755+0600][104.559s][info][gc,stats    ]     Code Roots                 =    0.739 s (a =    18026 us) (n =    41) (lvls, us =     1934,    14844,    17383,    20898,    32881)
[2026-04-03T01:44:18.755+0600][104.559s][info][gc,stats    ]   Rendezvous                   =    0.038 s (a =      919 us) (n =    41) (lvls, us =      131,      293,      410,      672,     6756)
[2026-04-03T01:44:18.755+0600][104.559s][info][gc,stats    ]   Purge Unlinked               =    0.387 s (a =     9437 us) (n =    41) (lvls, us =      469,     3926,     6406,     9922,    39143)
[2026-04-03T01:44:18.755+0600][104.559s][info][gc,stats    ]     Code Roots                 =    0.379 s (a =     9242 us) (n =    41) (lvls, us =      455,     3887,     6172,     9883,    38960)
[2026-04-03T01:44:18.755+0600][104.559s][info][gc,stats    ]     CLDG                       =    0.008 s (a =      193 us) (n =    41) (lvls, us =       11,       26,       36,       68,     1965)
[2026-04-03T01:44:18.755+0600][104.559s][info][gc,stats    ]     Exception Caches           =    0.000 s (a =        0 us) (n =    41) (lvls, us =        0,        0,        0,        1,        1)
[2026-04-03T01:44:18.755+0600][104.559s][info][gc,stats    ] Concurrent Strong Roots        =    0.077 s (a =     1867 us) (n =    41) (lvls, us =      996,     1406,     1777,     2051,     4304)
[2026-04-03T01:44:18.755+0600][104.559s][info][gc,stats    ]   CSR: <total>                 =    0.053 s (a =     1290 us) (n =    41) (lvls, us =      627,      959,     1230,     1523,     2465)
[2026-04-03T01:44:18.755+0600][104.559s][info][gc,stats    ]   CSR: VM Strong Roots         =    0.003 s (a =       67 us) (n =    41) (lvls, us =       31,       53,       61,       76,      139)
[2026-04-03T01:44:18.755+0600][104.559s][info][gc,stats    ]   CSR: CLDG Roots              =    0.050 s (a =     1223 us) (n =    41) (lvls, us =      564,      898,     1152,     1445,     2412)
[2026-04-03T01:44:18.755+0600][104.559s][info][gc,stats    ] Concurrent Evacuation          =    0.494 s (a =    12042 us) (n =    41) (lvls, us =     3418,     7441,     9961,    14258,    32753)
[2026-04-03T01:44:18.755+0600][104.559s][info][gc,stats    ] Pause Init Update Refs (G)     =    0.041 s (a =     1001 us) (n =    41) (lvls, us =      346,      486,      551,      746,     4916)
[2026-04-03T01:44:18.755+0600][104.560s][info][gc,stats    ] Pause Init Update Refs (N)     =    0.008 s (a =      186 us) (n =    41) (lvls, us =       99,      146,      188,      205,      279)
[2026-04-03T01:44:18.755+0600][104.560s][info][gc,stats    ]   Manage GCLABs                =    0.002 s (a =       57 us) (n =    41) (lvls, us =        8,       37,       59,       69,      126)
[2026-04-03T01:44:18.755+0600][104.560s][info][gc,stats    ] Concurrent Update Refs         =    2.017 s (a =    49191 us) (n =    41) (lvls, us =     4531,    44141,    52148,    58203,    75355)
[2026-04-03T01:44:18.756+0600][104.560s][info][gc,stats    ] Concurrent Update Thread Roots =    0.080 s (a =     1957 us) (n =    41) (lvls, us =      574,     1387,     1719,     2109,     6007)
[2026-04-03T01:44:18.756+0600][104.560s][info][gc,stats    ] Pause Final Update Refs (G)    =    0.034 s (a =      824 us) (n =    41) (lvls, us =      324,      477,      580,      691,     4607)
[2026-04-03T01:44:18.756+0600][104.560s][info][gc,stats    ] Pause Final Update Refs (N)    =    0.012 s (a =      288 us) (n =    41) (lvls, us =      168,      246,      283,      307,      441)
[2026-04-03T01:44:18.756+0600][104.560s][info][gc,stats    ]   Update Region States         =    0.003 s (a =       82 us) (n =    41) (lvls, us =       48,       71,       77,       88,      134)
[2026-04-03T01:44:18.756+0600][104.560s][info][gc,stats    ]   Trash Collection Set         =    0.001 s (a =       24 us) (n =    41) (lvls, us =        9,       16,       23,       28,       55)
[2026-04-03T01:44:18.756+0600][104.560s][info][gc,stats    ]   Rebuild Free Set             =    0.002 s (a =       57 us) (n =    41) (lvls, us =       31,       48,       59,       62,       78)
[2026-04-03T01:44:18.756+0600][104.560s][info][gc,stats    ] Concurrent Cleanup             =    0.031 s (a =      758 us) (n =    41) (lvls, us =      312,      482,      820,      951,     1225)
[2026-04-03T01:44:18.756+0600][104.560s][info][gc,stats    ] Concurrent Uncommit            =    0.877 s (a =   292301 us) (n =     3) (lvls, us =   101562,   101562,   101562,   349609,   422760)
[2026-04-03T01:44:18.756+0600][104.560s][info][gc,stats    ] Pacing                         =    0.573 s (a =    13988 us) (n =    41) (lvls, us =        0,        0,        0,        0,   155684)
[2026-04-03T01:44:18.756+0600][104.560s][info][gc,stats    ] 
[2026-04-03T01:44:18.756+0600][104.560s][info][gc,stats    ] 
[2026-04-03T01:44:18.756+0600][104.560s][info][gc,stats    ] Under allocation pressure, concurrent cycles may cancel, and either continue cycle
[2026-04-03T01:44:18.756+0600][104.560s][info][gc,stats    ] under stop-the-world pause or result in stop-the-world Full GC. Increase heap size,
[2026-04-03T01:44:18.756+0600][104.560s][info][gc,stats    ] tune GC heuristics, set more aggressive pacing delay, or lower allocation rate
[2026-04-03T01:44:18.756+0600][104.560s][info][gc,stats    ] to avoid Degenerated and Full GC cycles.
[2026-04-03T01:44:18.756+0600][104.560s][info][gc,stats    ] 
[2026-04-03T01:44:18.756+0600][104.560s][info][gc,stats    ]    41 successful concurrent GCs
[2026-04-03T01:44:18.756+0600][104.560s][info][gc,stats    ]       3 invoked explicitly
[2026-04-03T01:44:18.756+0600][104.560s][info][gc,stats    ]       0 invoked implicitly
[2026-04-03T01:44:18.756+0600][104.560s][info][gc,stats    ] 
[2026-04-03T01:44:18.756+0600][104.560s][info][gc,stats    ]     0 Degenerated GCs
[2026-04-03T01:44:18.756+0600][104.560s][info][gc,stats    ]       0 caused by allocation failure
[2026-04-03T01:44:18.756+0600][104.560s][info][gc,stats    ]       0 upgraded to Full GC
[2026-04-03T01:44:18.756+0600][104.560s][info][gc,stats    ] 
[2026-04-03T01:44:18.756+0600][104.560s][info][gc,stats    ]     0 Full GCs
[2026-04-03T01:44:18.756+0600][104.560s][info][gc,stats    ]       0 invoked explicitly
[2026-04-03T01:44:18.756+0600][104.560s][info][gc,stats    ]       0 invoked implicitly
[2026-04-03T01:44:18.756+0600][104.560s][info][gc,stats    ]       0 caused by allocation failure
[2026-04-03T01:44:18.756+0600][104.560s][info][gc,stats    ]       0 upgraded from Degenerated GC
[2026-04-03T01:44:18.756+0600][104.560s][info][gc,stats    ] 
[2026-04-03T01:44:18.756+0600][104.560s][info][gc,stats    ] 
