[2026-04-03T01:36:01.879+0600][0.005s][info][gc,init] Initializing The Z Garbage Collector
[2026-04-03T01:36:01.879+0600][0.005s][info][gc,init] Version: 21.0.10+7-Ubuntu-124.04 (release)
[2026-04-03T01:36:01.879+0600][0.005s][info][gc,init] NUMA Support: Disabled
[2026-04-03T01:36:01.879+0600][0.005s][info][gc,init] CPUs: 12 total, 12 available
[2026-04-03T01:36:01.879+0600][0.005s][info][gc,init] Memory: 15683M
[2026-04-03T01:36:01.879+0600][0.005s][info][gc,init] Large Page Support: Disabled
[2026-04-03T01:36:01.879+0600][0.005s][info][gc,init] Address Space Type: Contiguous/Unrestricted/Complete
[2026-04-03T01:36:01.879+0600][0.005s][info][gc,init] Address Space Size: 62752M
[2026-04-03T01:36:01.879+0600][0.005s][info][gc,init] Heap Backing File: /memfd:java_heap
[2026-04-03T01:36:01.880+0600][0.005s][info][gc,init] Heap Backing Filesystem: tmpfs (0x1021994)
[2026-04-03T01:36:01.880+0600][0.005s][info][gc,init] Min Capacity: 8M
[2026-04-03T01:36:01.880+0600][0.005s][info][gc,init] Initial Capacity: 246M
[2026-04-03T01:36:01.880+0600][0.005s][info][gc,init] Max Capacity: 3922M
[2026-04-03T01:36:01.880+0600][0.005s][info][gc,init] Soft Max Capacity: 3529M
[2026-04-03T01:36:01.880+0600][0.005s][info][gc,init] Medium Page Size: 32M
[2026-04-03T01:36:01.880+0600][0.005s][info][gc,init] Pre-touch: Disabled
[2026-04-03T01:36:01.880+0600][0.005s][info][gc,init] Available space on backing filesystem: N/A
[2026-04-03T01:36:01.881+0600][0.006s][info][gc,init] Uncommit: Enabled
[2026-04-03T01:36:01.881+0600][0.006s][info][gc,init] Uncommit Delay: 300s
[2026-04-03T01:36:01.881+0600][0.006s][info][gc,init] GC Workers for Old Generation: 3 (dynamic)
[2026-04-03T01:36:01.882+0600][0.007s][info][gc,init] GC Workers for Young Generation: 3 (dynamic)
[2026-04-03T01:36:01.966+0600][0.092s][info][gc,init] GC Workers Max: 3 (dynamic)
[2026-04-03T01:36:01.967+0600][0.093s][info][gc,init] Runtime Workers: 8
[2026-04-03T01:36:01.968+0600][0.094s][info][gc     ] Using The Z Garbage Collector
[2026-04-03T01:36:01.978+0600][0.103s][info][gc,metaspace] CDS archive(s) mapped at: [0x00007a2ed7000000-0x00007a2ed7c9c000-0x00007a2ed7c9c000), size 13221888, SharedBaseAddress: 0x00007a2ed7000000, ArchiveRelocationMode: 1.
[2026-04-03T01:36:01.978+0600][0.103s][info][gc,metaspace] Compressed class space mapped at: 0x00007a2ed8000000-0x00007a2f18000000, reserved size: 1073741824
[2026-04-03T01:36:01.978+0600][0.103s][info][gc,metaspace] Narrow klass base: 0x00007a2ed7000000, Narrow klass shift: 0, Narrow klass range: 0x100000000
[2026-04-03T01:36:03.284+0600][1.409s][info][gc          ] GC(0) Major Collection (Warmup)
[2026-04-03T01:36:03.284+0600][1.409s][info][gc,task     ] GC(0) Using 3 Workers for Young Generation
[2026-04-03T01:36:03.284+0600][1.409s][info][gc,task     ] GC(0) Using 2 Workers for Old Generation
[2026-04-03T01:36:03.284+0600][1.409s][info][gc,phases   ] GC(0) Y: Young Generation
[2026-04-03T01:36:03.284+0600][1.410s][info][gc,phases   ] GC(0) Y: Pause Mark Start (Major) 0.020ms
[2026-04-03T01:36:03.293+0600][1.418s][info][gc,phases   ] GC(0) Y: Concurrent Mark 8.112ms
[2026-04-03T01:36:03.293+0600][1.418s][info][gc,phases   ] GC(0) Y: Pause Mark End 0.047ms
[2026-04-03T01:36:03.293+0600][1.418s][info][gc,phases   ] GC(0) Y: Concurrent Mark Free 0.001ms
[2026-04-03T01:36:03.293+0600][1.418s][info][gc,phases   ] GC(0) Y: Concurrent Reset Relocation Set 0.001ms
[2026-04-03T01:36:03.302+0600][1.428s][info][gc,reloc    ] GC(0) Y: Using tenuring threshold: 1 (Computed)
[2026-04-03T01:36:03.303+0600][1.429s][info][gc,phases   ] GC(0) Y: Concurrent Select Relocation Set 10.622ms
[2026-04-03T01:36:03.304+0600][1.429s][info][gc,phases   ] GC(0) Y: Pause Relocate Start 0.015ms
[2026-04-03T01:36:03.309+0600][1.435s][info][gc,phases   ] GC(0) Y: Concurrent Relocate 5.404ms
[2026-04-03T01:36:03.309+0600][1.435s][info][gc,alloc    ] GC(0) Y:                         Mark Start        Mark End      Relocate Start    Relocate End   
[2026-04-03T01:36:03.309+0600][1.435s][info][gc,alloc    ] GC(0) Y: Allocation Stalls:          0                0                0                0         
[2026-04-03T01:36:03.309+0600][1.435s][info][gc,load     ] GC(0) Y: Load: 9.56 (80%) / 11.38 (95%) / 8.37 (70%)
[2026-04-03T01:36:03.310+0600][1.435s][info][gc,mmu      ] GC(0) Y: MMU: 2ms/97.6%, 5ms/99.1%, 10ms/99.3%, 20ms/99.6%, 50ms/99.8%, 100ms/99.9%
[2026-04-03T01:36:03.310+0600][1.435s][info][gc,marking  ] GC(0) Y: Mark: 2 stripe(s), 2 proactive flush(es), 1 terminate flush(es), 0 completion(s), 0 continuation(s) 
[2026-04-03T01:36:03.310+0600][1.435s][info][gc,marking  ] GC(0) Y: Mark Stack Usage: 32M
[2026-04-03T01:36:03.310+0600][1.435s][info][gc,nmethod  ] GC(0) Y: NMethods: 1212 registered, 0 unregistered
[2026-04-03T01:36:03.310+0600][1.435s][info][gc,metaspace] GC(0) Y: Metaspace: 11M used, 11M committed, 1088M reserved
[2026-04-03T01:36:03.310+0600][1.435s][info][gc,reloc    ] GC(0) Y:                        Candidates     Selected     In-Place         Size        Empty    Relocated 
[2026-04-03T01:36:03.310+0600][1.435s][info][gc,reloc    ] GC(0) Y: Small Pages:                  178          175            0         356M           0M           2M 
[2026-04-03T01:36:03.310+0600][1.435s][info][gc,reloc    ] GC(0) Y: Medium Pages:                   0            0            0           0M           0M           0M 
[2026-04-03T01:36:03.310+0600][1.435s][info][gc,reloc    ] GC(0) Y: Large Pages:                    0            0            0           0M           0M           0M 
[2026-04-03T01:36:03.310+0600][1.435s][info][gc,reloc    ] GC(0) Y: Forwarding Usage: 1M
[2026-04-03T01:36:03.310+0600][1.435s][info][gc,reloc    ] GC(0) Y: Age Table:
[2026-04-03T01:36:03.310+0600][1.435s][info][gc,reloc    ] GC(0) Y:                    Live             Garbage             Small              Medium             Large        
[2026-04-03T01:36:03.310+0600][1.435s][info][gc,reloc    ] GC(0) Y: Eden               4M (0%)          351M (9%)         178 / 175            0 / 0              0 / 0        
[2026-04-03T01:36:03.310+0600][1.435s][info][gc,heap     ] GC(0) Y: Min Capacity: 8M(0%)
[2026-04-03T01:36:03.310+0600][1.435s][info][gc,heap     ] GC(0) Y: Max Capacity: 3922M(100%)
[2026-04-03T01:36:03.310+0600][1.435s][info][gc,heap     ] GC(0) Y: Soft Max Capacity: 3529M(90%)
[2026-04-03T01:36:03.310+0600][1.435s][info][gc,heap     ] GC(0) Y: Heap Statistics:
[2026-04-03T01:36:03.310+0600][1.435s][info][gc,heap     ] GC(0) Y:                Mark Start          Mark End        Relocate Start      Relocate End           High               Low         
[2026-04-03T01:36:03.310+0600][1.435s][info][gc,heap     ] GC(0) Y:  Capacity:      356M (9%)          360M (9%)          364M (9%)          372M (9%)          372M (9%)          356M (9%)     
[2026-04-03T01:36:03.310+0600][1.435s][info][gc,heap     ] GC(0) Y:      Free:     3566M (91%)        3562M (91%)        3558M (91%)        3902M (99%)        3902M (99%)        3550M (91%)    
[2026-04-03T01:36:03.310+0600][1.435s][info][gc,heap     ] GC(0) Y:      Used:      356M (9%)          360M (9%)          364M (9%)           20M (1%)          372M (9%)           20M (1%)     
[2026-04-03T01:36:03.310+0600][1.435s][info][gc,heap     ] GC(0) Y: Young Generation Statistics:
[2026-04-03T01:36:03.310+0600][1.435s][info][gc,heap     ] GC(0) Y:                Mark Start          Mark End        Relocate Start      Relocate End    
[2026-04-03T01:36:03.310+0600][1.435s][info][gc,heap     ] GC(0) Y:      Used:      356M (9%)          360M (9%)          364M (9%)           20M (1%)     
[2026-04-03T01:36:03.310+0600][1.435s][info][gc,heap     ] GC(0) Y:      Live:         -                 4M (0%)            4M (0%)            4M (0%)     
[2026-04-03T01:36:03.310+0600][1.435s][info][gc,heap     ] GC(0) Y:   Garbage:         -               351M (9%)          351M (9%)            0M (0%)     
[2026-04-03T01:36:03.310+0600][1.435s][info][gc,heap     ] GC(0) Y: Allocated:         -                 4M (0%)            8M (0%)           14M (0%)     
[2026-04-03T01:36:03.310+0600][1.435s][info][gc,heap     ] GC(0) Y: Reclaimed:         -                  -                 0M (0%)          350M (9%)     
[2026-04-03T01:36:03.310+0600][1.435s][info][gc,heap     ] GC(0) Y:  Promoted:         -                  -                 0M (0%)            0M (0%)     
[2026-04-03T01:36:03.310+0600][1.435s][info][gc,heap     ] GC(0) Y: Compacted:         -                  -                  -                 3M (0%)     
[2026-04-03T01:36:03.310+0600][1.435s][info][gc,phases   ] GC(0) Y: Young Generation 356M(9%)->20M(1%) 0.025s
[2026-04-03T01:36:03.310+0600][1.435s][info][gc,phases   ] GC(0) O: Old Generation
[2026-04-03T01:36:03.310+0600][1.436s][info][gc,phases   ] GC(0) O: Concurrent Mark 0.608ms
[2026-04-03T01:36:03.311+0600][1.436s][info][gc,phases   ] GC(0) O: Pause Mark End 0.018ms
[2026-04-03T01:36:03.311+0600][1.436s][info][gc,phases   ] GC(0) O: Concurrent Mark Free 0.020ms
[2026-04-03T01:36:03.313+0600][1.439s][info][gc,phases   ] GC(0) O: Concurrent Process Non-Strong 2.569ms
[2026-04-03T01:36:03.313+0600][1.439s][info][gc,phases   ] GC(0) O: Concurrent Reset Relocation Set 0.001ms
[2026-04-03T01:36:03.317+0600][1.443s][info][gc,phases   ] GC(0) O: Concurrent Select Relocation Set 4.001ms
[2026-04-03T01:36:03.317+0600][1.443s][info][gc,task     ] GC(0) O: Using 3 Workers for Old Generation
[2026-04-03T01:36:03.330+0600][1.456s][info][gc,task     ] GC(0) O: Using 2 Workers for Old Generation
[2026-04-03T01:36:03.330+0600][1.456s][info][gc,phases   ] GC(0) O: Concurrent Remap Roots 12.922ms
[2026-04-03T01:36:03.330+0600][1.456s][info][gc,phases   ] GC(0) O: Pause Relocate Start 0.019ms
[2026-04-03T01:36:03.331+0600][1.456s][info][gc,phases   ] GC(0) O: Concurrent Relocate 0.073ms
[2026-04-03T01:36:03.331+0600][1.456s][info][gc,alloc    ] GC(0) O:                         Mark Start        Mark End      Relocate Start    Relocate End   
[2026-04-03T01:36:03.331+0600][1.456s][info][gc,alloc    ] GC(0) O: Allocation Stalls:          0                0                0                0         
[2026-04-03T01:36:03.331+0600][1.456s][info][gc,load     ] GC(0) O: Load: 9.56 (80%) / 11.38 (95%) / 8.37 (70%)
[2026-04-03T01:36:03.331+0600][1.456s][info][gc,mmu      ] GC(0) O: MMU: 2ms/97.6%, 5ms/99.1%, 10ms/99.3%, 20ms/99.6%, 50ms/99.8%, 100ms/99.9%
[2026-04-03T01:36:03.331+0600][1.456s][info][gc,marking  ] GC(0) O: Mark: 2 stripe(s), 1 proactive flush(es), 1 terminate flush(es), 0 completion(s), 0 continuation(s) 
[2026-04-03T01:36:03.331+0600][1.456s][info][gc,marking  ] GC(0) O: Mark Stack Usage: 0M
[2026-04-03T01:36:03.331+0600][1.456s][info][gc,nmethod  ] GC(0) O: NMethods: 1087 registered, 125 unregistered
[2026-04-03T01:36:03.331+0600][1.456s][info][gc,metaspace] GC(0) O: Metaspace: 11M used, 11M committed, 1088M reserved
[2026-04-03T01:36:03.331+0600][1.456s][info][gc,ref      ] GC(0) O:                       Encountered   Discovered     Enqueued 
[2026-04-03T01:36:03.331+0600][1.456s][info][gc,ref      ] GC(0) O: Soft References:              211            0            0 
[2026-04-03T01:36:03.331+0600][1.456s][info][gc,ref      ] GC(0) O: Weak References:              922            0            0 
[2026-04-03T01:36:03.331+0600][1.456s][info][gc,ref      ] GC(0) O: Final References:               0            0            0 
[2026-04-03T01:36:03.331+0600][1.456s][info][gc,ref      ] GC(0) O: Phantom References:            28            0            0 
[2026-04-03T01:36:03.331+0600][1.456s][info][gc,heap     ] GC(0) O: Min Capacity: 8M(0%)
[2026-04-03T01:36:03.331+0600][1.456s][info][gc,heap     ] GC(0) O: Max Capacity: 3922M(100%)
[2026-04-03T01:36:03.331+0600][1.456s][info][gc,heap     ] GC(0) O: Soft Max Capacity: 3529M(90%)
[2026-04-03T01:36:03.331+0600][1.456s][info][gc,heap     ] GC(0) O: Heap Statistics:
[2026-04-03T01:36:03.331+0600][1.456s][info][gc,heap     ] GC(0) O:                Mark Start          Mark End        Relocate Start      Relocate End           High               Low         
[2026-04-03T01:36:03.331+0600][1.456s][info][gc,heap     ] GC(0) O:  Capacity:      356M (9%)          372M (9%)          372M (9%)          372M (9%)          372M (9%)          356M (9%)     
[2026-04-03T01:36:03.331+0600][1.456s][info][gc,heap     ] GC(0) O:      Free:     3566M (91%)        3902M (99%)        3892M (99%)        3892M (99%)        3902M (99%)        3550M (91%)    
[2026-04-03T01:36:03.331+0600][1.456s][info][gc,heap     ] GC(0) O:      Used:      356M (9%)           20M (1%)           30M (1%)           30M (1%)          372M (9%)           20M (1%)     
[2026-04-03T01:36:03.331+0600][1.456s][info][gc,heap     ] GC(0) O: Old Generation Statistics:
[2026-04-03T01:36:03.331+0600][1.456s][info][gc,heap     ] GC(0) O:                Mark Start          Mark End        Relocate Start      Relocate End    
[2026-04-03T01:36:03.331+0600][1.456s][info][gc,heap     ] GC(0) O:      Used:        0M (0%)            0M (0%)            0M (0%)            0M (0%)     
[2026-04-03T01:36:03.331+0600][1.456s][info][gc,heap     ] GC(0) O:      Live:         -                 0M (0%)            0M (0%)            0M (0%)     
[2026-04-03T01:36:03.331+0600][1.456s][info][gc,heap     ] GC(0) O:   Garbage:         -                 0M (0%)            0M (0%)            0M (0%)     
[2026-04-03T01:36:03.331+0600][1.456s][info][gc,heap     ] GC(0) O: Allocated:         -                 0M (0%)            0M (0%)            0M (0%)     
[2026-04-03T01:36:03.331+0600][1.456s][info][gc,heap     ] GC(0) O: Reclaimed:         -                  -                 0M (0%)            0M (0%)     
[2026-04-03T01:36:03.331+0600][1.456s][info][gc,heap     ] GC(0) O: Compacted:         -                  -                  -                 0M (0%)     
[2026-04-03T01:36:03.331+0600][1.456s][info][gc,phases   ] GC(0) O: Old Generation 20M(1%)->30M(1%) 0.021s
[2026-04-03T01:36:03.331+0600][1.456s][info][gc          ] GC(0) Major Collection (Warmup) 356M(9%)->30M(1%) 0.047s
[2026-04-03T01:36:06.091+0600][4.217s][info][gc          ] GC(1) Major Collection (Metadata GC Threshold)
[2026-04-03T01:36:06.091+0600][4.217s][info][gc,task     ] GC(1) Using 1 Workers for Young Generation
[2026-04-03T01:36:06.091+0600][4.217s][info][gc,task     ] GC(1) Using 1 Workers for Old Generation
[2026-04-03T01:36:06.091+0600][4.217s][info][gc,phases   ] GC(1) Y: Young Generation
[2026-04-03T01:36:06.092+0600][4.217s][info][gc,phases   ] GC(1) Y: Pause Mark Start (Major) 0.016ms
[2026-04-03T01:36:06.122+0600][4.247s][info][gc,phases   ] GC(1) Y: Concurrent Mark 29.554ms
[2026-04-03T01:36:06.122+0600][4.247s][info][gc,phases   ] GC(1) Y: Pause Mark End 0.019ms
[2026-04-03T01:36:06.122+0600][4.247s][info][gc,phases   ] GC(1) Y: Concurrent Mark Free 0.001ms
[2026-04-03T01:36:06.122+0600][4.247s][info][gc,phases   ] GC(1) Y: Concurrent Reset Relocation Set 0.013ms
[2026-04-03T01:36:06.126+0600][4.252s][info][gc,reloc    ] GC(1) Y: Using tenuring threshold: 2 (Computed)
[2026-04-03T01:36:06.129+0600][4.254s][info][gc,phases   ] GC(1) Y: Concurrent Select Relocation Set 6.695ms
[2026-04-03T01:36:06.129+0600][4.254s][info][gc,phases   ] GC(1) Y: Pause Relocate Start 0.019ms
[2026-04-03T01:36:06.141+0600][4.266s][info][gc,phases   ] GC(1) Y: Concurrent Relocate 12.058ms
[2026-04-03T01:36:06.141+0600][4.267s][info][gc,alloc    ] GC(1) Y:                         Mark Start        Mark End      Relocate Start    Relocate End   
[2026-04-03T01:36:06.141+0600][4.267s][info][gc,alloc    ] GC(1) Y: Allocation Stalls:          0                0                0                0         
[2026-04-03T01:36:06.141+0600][4.267s][info][gc,load     ] GC(1) Y: Load: 8.96 (75%) / 11.23 (94%) / 8.34 (69%)
[2026-04-03T01:36:06.141+0600][4.267s][info][gc,mmu      ] GC(1) Y: MMU: 2ms/97.6%, 5ms/99.1%, 10ms/99.3%, 20ms/99.6%, 50ms/99.8%, 100ms/99.9%
[2026-04-03T01:36:06.141+0600][4.267s][info][gc,marking  ] GC(1) Y: Mark: 1 stripe(s), 2 proactive flush(es), 1 terminate flush(es), 0 completion(s), 0 continuation(s) 
[2026-04-03T01:36:06.141+0600][4.267s][info][gc,marking  ] GC(1) Y: Mark Stack Usage: 32M
[2026-04-03T01:36:06.141+0600][4.267s][info][gc,nmethod  ] GC(1) Y: NMethods: 1887 registered, 0 unregistered
[2026-04-03T01:36:06.141+0600][4.267s][info][gc,metaspace] GC(1) Y: Metaspace: 21M used, 21M committed, 1088M reserved
[2026-04-03T01:36:06.141+0600][4.267s][info][gc,reloc    ] GC(1) Y:                        Candidates     Selected     In-Place         Size        Empty    Relocated 
[2026-04-03T01:36:06.141+0600][4.267s][info][gc,reloc    ] GC(1) Y: Small Pages:                   80           71            0         160M           0M           7M 
[2026-04-03T01:36:06.141+0600][4.267s][info][gc,reloc    ] GC(1) Y: Medium Pages:                   1            0            0          32M           0M           0M 
[2026-04-03T01:36:06.141+0600][4.267s][info][gc,reloc    ] GC(1) Y: Large Pages:                    0            0            0           0M           0M           0M 
[2026-04-03T01:36:06.141+0600][4.267s][info][gc,reloc    ] GC(1) Y: Forwarding Usage: 1M
[2026-04-03T01:36:06.141+0600][4.267s][info][gc,reloc    ] GC(1) Y: Age Table:
[2026-04-03T01:36:06.141+0600][4.267s][info][gc,reloc    ] GC(1) Y:                    Live             Garbage             Small              Medium             Large        
[2026-04-03T01:36:06.141+0600][4.267s][info][gc,reloc    ] GC(1) Y: Eden              15M (0%)          166M (4%)          75 / 69             1 / 0              0 / 0        
[2026-04-03T01:36:06.141+0600][4.267s][info][gc,reloc    ] GC(1) Y: Survivor 1         4M (0%)            5M (0%)           5 / 2              0 / 0              0 / 0        
[2026-04-03T01:36:06.141+0600][4.267s][info][gc,heap     ] GC(1) Y: Min Capacity: 8M(0%)
[2026-04-03T01:36:06.141+0600][4.267s][info][gc,heap     ] GC(1) Y: Max Capacity: 3922M(100%)
[2026-04-03T01:36:06.141+0600][4.267s][info][gc,heap     ] GC(1) Y: Soft Max Capacity: 3529M(90%)
[2026-04-03T01:36:06.141+0600][4.267s][info][gc,heap     ] GC(1) Y: Heap Statistics:
[2026-04-03T01:36:06.141+0600][4.267s][info][gc,heap     ] GC(1) Y:                Mark Start          Mark End        Relocate Start      Relocate End           High               Low         
[2026-04-03T01:36:06.141+0600][4.267s][info][gc,heap     ] GC(1) Y:  Capacity:      404M (10%)         404M (10%)         404M (10%)         404M (10%)         404M (10%)         404M (10%)    
[2026-04-03T01:36:06.141+0600][4.267s][info][gc,heap     ] GC(1) Y:      Free:     3730M (95%)        3726M (95%)        3726M (95%)        3866M (99%)        3866M (99%)        3720M (95%)    
[2026-04-03T01:36:06.141+0600][4.267s][info][gc,heap     ] GC(1) Y:      Used:      192M (5%)          196M (5%)          196M (5%)           56M (1%)          202M (5%)           56M (1%)     
[2026-04-03T01:36:06.141+0600][4.267s][info][gc,heap     ] GC(1) Y: Young Generation Statistics:
[2026-04-03T01:36:06.141+0600][4.267s][info][gc,heap     ] GC(1) Y:                Mark Start          Mark End        Relocate Start      Relocate End    
[2026-04-03T01:36:06.141+0600][4.267s][info][gc,heap     ] GC(1) Y:      Used:      192M (5%)          196M (5%)          196M (5%)           56M (1%)     
[2026-04-03T01:36:06.141+0600][4.267s][info][gc,heap     ] GC(1) Y:      Live:         -                19M (1%)           19M (1%)           19M (1%)     
[2026-04-03T01:36:06.141+0600][4.267s][info][gc,heap     ] GC(1) Y:   Garbage:         -               172M (4%)          172M (4%)           27M (1%)     
[2026-04-03T01:36:06.141+0600][4.267s][info][gc,heap     ] GC(1) Y: Allocated:         -                 4M (0%)            4M (0%)            8M (0%)     
[2026-04-03T01:36:06.142+0600][4.267s][info][gc,heap     ] GC(1) Y: Reclaimed:         -                  -                 0M (0%)          144M (4%)     
[2026-04-03T01:36:06.142+0600][4.267s][info][gc,heap     ] GC(1) Y:  Promoted:         -                  -                 0M (0%)            0M (0%)     
[2026-04-03T01:36:06.142+0600][4.267s][info][gc,heap     ] GC(1) Y: Compacted:         -                  -                  -                11M (0%)     
[2026-04-03T01:36:06.142+0600][4.267s][info][gc,phases   ] GC(1) Y: Young Generation 192M(5%)->56M(1%) 0.050s
[2026-04-03T01:36:06.142+0600][4.267s][info][gc,phases   ] GC(1) O: Old Generation
[2026-04-03T01:36:06.143+0600][4.268s][info][gc,phases   ] GC(1) O: Concurrent Mark 1.522ms
[2026-04-03T01:36:06.143+0600][4.269s][info][gc,phases   ] GC(1) O: Pause Mark End 0.022ms
[2026-04-03T01:36:06.143+0600][4.269s][info][gc,phases   ] GC(1) O: Concurrent Mark Free 0.001ms
[2026-04-03T01:36:06.150+0600][4.276s][info][gc,phases   ] GC(1) O: Concurrent Process Non-Strong 6.885ms
[2026-04-03T01:36:06.150+0600][4.276s][info][gc,phases   ] GC(1) O: Concurrent Reset Relocation Set 0.001ms
[2026-04-03T01:36:06.155+0600][4.280s][info][gc,phases   ] GC(1) O: Concurrent Select Relocation Set 4.540ms
[2026-04-03T01:36:06.155+0600][4.280s][info][gc,task     ] GC(1) O: Using 2 Workers for Old Generation
[2026-04-03T01:36:06.176+0600][4.301s][info][gc,task     ] GC(1) O: Using 1 Workers for Old Generation
[2026-04-03T01:36:06.176+0600][4.301s][info][gc,phases   ] GC(1) O: Concurrent Remap Roots 20.759ms
[2026-04-03T01:36:06.176+0600][4.301s][info][gc,phases   ] GC(1) O: Pause Relocate Start 0.022ms
[2026-04-03T01:36:06.176+0600][4.302s][info][gc,phases   ] GC(1) O: Concurrent Relocate 0.211ms
[2026-04-03T01:36:06.176+0600][4.302s][info][gc,alloc    ] GC(1) O:                         Mark Start        Mark End      Relocate Start    Relocate End   
[2026-04-03T01:36:06.176+0600][4.302s][info][gc,alloc    ] GC(1) O: Allocation Stalls:          0                0                0                0         
[2026-04-03T01:36:06.176+0600][4.302s][info][gc,load     ] GC(1) O: Load: 8.96 (75%) / 11.23 (94%) / 8.34 (69%)
[2026-04-03T01:36:06.176+0600][4.302s][info][gc,mmu      ] GC(1) O: MMU: 2ms/97.6%, 5ms/99.1%, 10ms/99.3%, 20ms/99.6%, 50ms/99.8%, 100ms/99.9%
[2026-04-03T01:36:06.176+0600][4.302s][info][gc,marking  ] GC(1) O: Mark: 1 stripe(s), 1 proactive flush(es), 1 terminate flush(es), 0 completion(s), 0 continuation(s) 
[2026-04-03T01:36:06.176+0600][4.302s][info][gc,marking  ] GC(1) O: Mark Stack Usage: 0M
[2026-04-03T01:36:06.176+0600][4.302s][info][gc,nmethod  ] GC(1) O: NMethods: 1795 registered, 140 unregistered
[2026-04-03T01:36:06.176+0600][4.302s][info][gc,metaspace] GC(1) O: Metaspace: 21M used, 21M committed, 1088M reserved
[2026-04-03T01:36:06.176+0600][4.302s][info][gc,ref      ] GC(1) O:                       Encountered   Discovered     Enqueued 
[2026-04-03T01:36:06.176+0600][4.302s][info][gc,ref      ] GC(1) O: Soft References:             3500            0            0 
[2026-04-03T01:36:06.176+0600][4.302s][info][gc,ref      ] GC(1) O: Weak References:             1468            0            0 
[2026-04-03T01:36:06.176+0600][4.302s][info][gc,ref      ] GC(1) O: Final References:               0            0            0 
[2026-04-03T01:36:06.176+0600][4.302s][info][gc,ref      ] GC(1) O: Phantom References:           563            0            0 
[2026-04-03T01:36:06.176+0600][4.302s][info][gc,heap     ] GC(1) O: Min Capacity: 8M(0%)
[2026-04-03T01:36:06.176+0600][4.302s][info][gc,heap     ] GC(1) O: Max Capacity: 3922M(100%)
[2026-04-03T01:36:06.176+0600][4.302s][info][gc,heap     ] GC(1) O: Soft Max Capacity: 3529M(90%)
[2026-04-03T01:36:06.176+0600][4.302s][info][gc,heap     ] GC(1) O: Heap Statistics:
[2026-04-03T01:36:06.176+0600][4.302s][info][gc,heap     ] GC(1) O:                Mark Start          Mark End        Relocate Start      Relocate End           High               Low         
[2026-04-03T01:36:06.177+0600][4.302s][info][gc,heap     ] GC(1) O:  Capacity:      404M (10%)         404M (10%)         404M (10%)         404M (10%)         404M (10%)         404M (10%)    
[2026-04-03T01:36:06.177+0600][4.302s][info][gc,heap     ] GC(1) O:      Free:     3730M (95%)        3866M (99%)        3864M (99%)        3864M (99%)        3866M (99%)        3720M (95%)    
[2026-04-03T01:36:06.177+0600][4.302s][info][gc,heap     ] GC(1) O:      Used:      192M (5%)           56M (1%)           58M (1%)           58M (1%)          202M (5%)           56M (1%)     
[2026-04-03T01:36:06.177+0600][4.302s][info][gc,heap     ] GC(1) O: Old Generation Statistics:
[2026-04-03T01:36:06.177+0600][4.302s][info][gc,heap     ] GC(1) O:                Mark Start          Mark End        Relocate Start      Relocate End    
[2026-04-03T01:36:06.177+0600][4.302s][info][gc,heap     ] GC(1) O:      Used:        0M (0%)            0M (0%)            0M (0%)            0M (0%)     
[2026-04-03T01:36:06.177+0600][4.302s][info][gc,heap     ] GC(1) O:      Live:         -                 0M (0%)            0M (0%)            0M (0%)     
[2026-04-03T01:36:06.177+0600][4.302s][info][gc,heap     ] GC(1) O:   Garbage:         -                 0M (0%)            0M (0%)            0M (0%)     
[2026-04-03T01:36:06.177+0600][4.302s][info][gc,heap     ] GC(1) O: Allocated:         -                 0M (0%)            0M (0%)            0M (0%)     
[2026-04-03T01:36:06.177+0600][4.302s][info][gc,heap     ] GC(1) O: Reclaimed:         -                  -                 0M (0%)            0M (0%)     
[2026-04-03T01:36:06.177+0600][4.302s][info][gc,heap     ] GC(1) O: Compacted:         -                  -                  -                 0M (0%)     
[2026-04-03T01:36:06.177+0600][4.302s][info][gc,phases   ] GC(1) O: Old Generation 56M(1%)->58M(1%) 0.035s
[2026-04-03T01:36:06.177+0600][4.302s][info][gc          ] GC(1) Major Collection (Metadata GC Threshold) 192M(5%)->58M(1%) 0.085s
[2026-04-03T01:36:08.881+0600][7.007s][info][gc          ] GC(2) Major Collection (Metadata GC Threshold)
[2026-04-03T01:36:08.881+0600][7.007s][info][gc,task     ] GC(2) Using 1 Workers for Young Generation
[2026-04-03T01:36:08.881+0600][7.007s][info][gc,task     ] GC(2) Using 1 Workers for Old Generation
[2026-04-03T01:36:08.881+0600][7.007s][info][gc,phases   ] GC(2) Y: Young Generation
[2026-04-03T01:36:08.882+0600][7.007s][info][gc,phases   ] GC(2) Y: Pause Mark Start (Major) 0.020ms
[2026-04-03T01:36:08.930+0600][7.055s][info][gc,phases   ] GC(2) Y: Concurrent Mark 47.906ms
[2026-04-03T01:36:08.930+0600][7.056s][info][gc,phases   ] GC(2) Y: Pause Mark End 0.017ms
[2026-04-03T01:36:08.930+0600][7.056s][info][gc,phases   ] GC(2) Y: Concurrent Mark Free 0.001ms
[2026-04-03T01:36:08.930+0600][7.056s][info][gc,phases   ] GC(2) Y: Concurrent Reset Relocation Set 0.006ms
[2026-04-03T01:36:08.934+0600][7.060s][info][gc,reloc    ] GC(2) Y: Using tenuring threshold: 3 (Computed)
[2026-04-03T01:36:08.936+0600][7.061s][info][gc,phases   ] GC(2) Y: Concurrent Select Relocation Set 5.265ms
[2026-04-03T01:36:08.936+0600][7.061s][info][gc,phases   ] GC(2) Y: Pause Relocate Start 0.014ms
[2026-04-03T01:36:08.946+0600][7.072s][info][gc,phases   ] GC(2) Y: Concurrent Relocate 10.269ms
[2026-04-03T01:36:08.946+0600][7.072s][info][gc,alloc    ] GC(2) Y:                         Mark Start        Mark End      Relocate Start    Relocate End   
[2026-04-03T01:36:08.946+0600][7.072s][info][gc,alloc    ] GC(2) Y: Allocation Stalls:          0                0                0                0         
[2026-04-03T01:36:08.946+0600][7.072s][info][gc,load     ] GC(2) Y: Load: 8.96 (75%) / 11.23 (94%) / 8.34 (69%)
[2026-04-03T01:36:08.946+0600][7.072s][info][gc,mmu      ] GC(2) Y: MMU: 2ms/97.6%, 5ms/99.1%, 10ms/99.3%, 20ms/99.6%, 50ms/99.8%, 100ms/99.9%
[2026-04-03T01:36:08.946+0600][7.072s][info][gc,marking  ] GC(2) Y: Mark: 1 stripe(s), 2 proactive flush(es), 1 terminate flush(es), 0 completion(s), 0 continuation(s) 
[2026-04-03T01:36:08.946+0600][7.072s][info][gc,marking  ] GC(2) Y: Mark Stack Usage: 32M
[2026-04-03T01:36:08.946+0600][7.072s][info][gc,nmethod  ] GC(2) Y: NMethods: 2705 registered, 140 unregistered
[2026-04-03T01:36:08.946+0600][7.072s][info][gc,metaspace] GC(2) Y: Metaspace: 36M used, 37M committed, 1088M reserved
[2026-04-03T01:36:08.946+0600][7.072s][info][gc,reloc    ] GC(2) Y:                        Candidates     Selected     In-Place         Size        Empty    Relocated 
[2026-04-03T01:36:08.946+0600][7.072s][info][gc,reloc    ] GC(2) Y: Small Pages:                   86           75            0         172M           0M           6M 
[2026-04-03T01:36:08.946+0600][7.072s][info][gc,reloc    ] GC(2) Y: Medium Pages:                   2            0            0          64M          32M           0M 
[2026-04-03T01:36:08.946+0600][7.072s][info][gc,reloc    ] GC(2) Y: Large Pages:                    0            0            0           0M           0M           0M 
[2026-04-03T01:36:08.947+0600][7.072s][info][gc,reloc    ] GC(2) Y: Forwarding Usage: 2M
[2026-04-03T01:36:08.947+0600][7.072s][info][gc,reloc    ] GC(2) Y: Age Table:
[2026-04-03T01:36:08.947+0600][7.072s][info][gc,reloc    ] GC(2) Y:                    Live             Garbage             Small              Medium             Large        
[2026-04-03T01:36:08.947+0600][7.072s][info][gc,reloc    ] GC(2) Y: Eden               5M (0%)          178M (5%)          76 / 72             1 / 0              0 / 0        
[2026-04-03T01:36:08.947+0600][7.072s][info][gc,reloc    ] GC(2) Y: Survivor 1        14M (0%)           29M (1%)           6 / 1              1 / 0              0 / 0        
[2026-04-03T01:36:08.947+0600][7.072s][info][gc,reloc    ] GC(2) Y: Survivor 2         4M (0%)            3M (0%)           4 / 2              0 / 0              0 / 0        
[2026-04-03T01:36:08.947+0600][7.072s][info][gc,heap     ] GC(2) Y: Min Capacity: 8M(0%)
[2026-04-03T01:36:08.947+0600][7.072s][info][gc,heap     ] GC(2) Y: Max Capacity: 3922M(100%)
[2026-04-03T01:36:08.947+0600][7.072s][info][gc,heap     ] GC(2) Y: Soft Max Capacity: 3529M(90%)
[2026-04-03T01:36:08.947+0600][7.072s][info][gc,heap     ] GC(2) Y: Heap Statistics:
[2026-04-03T01:36:08.947+0600][7.072s][info][gc,heap     ] GC(2) Y:                Mark Start          Mark End        Relocate Start      Relocate End           High               Low         
[2026-04-03T01:36:08.947+0600][7.072s][info][gc,heap     ] GC(2) Y:  Capacity:      436M (11%)         436M (11%)         436M (11%)         436M (11%)         436M (11%)         436M (11%)    
[2026-04-03T01:36:08.947+0600][7.072s][info][gc,heap     ] GC(2) Y:      Free:     3686M (94%)        3678M (94%)        3708M (95%)        3846M (98%)        3846M (98%)        3676M (94%)    
[2026-04-03T01:36:08.947+0600][7.072s][info][gc,heap     ] GC(2) Y:      Used:      236M (6%)          244M (6%)          214M (5%)           76M (2%)          246M (6%)           76M (2%)     
[2026-04-03T01:36:08.947+0600][7.072s][info][gc,heap     ] GC(2) Y: Young Generation Statistics:
[2026-04-03T01:36:08.947+0600][7.072s][info][gc,heap     ] GC(2) Y:                Mark Start          Mark End        Relocate Start      Relocate End    
[2026-04-03T01:36:08.947+0600][7.072s][info][gc,heap     ] GC(2) Y:      Used:      236M (6%)          244M (6%)          214M (5%)           76M (2%)     
[2026-04-03T01:36:08.947+0600][7.072s][info][gc,heap     ] GC(2) Y:      Live:         -                24M (1%)           24M (1%)           24M (1%)     
[2026-04-03T01:36:08.947+0600][7.072s][info][gc,heap     ] GC(2) Y:   Garbage:         -               211M (5%)          179M (5%)           27M (1%)     
[2026-04-03T01:36:08.947+0600][7.072s][info][gc,heap     ] GC(2) Y: Allocated:         -                 8M (0%)           10M (0%)           23M (1%)     
[2026-04-03T01:36:08.947+0600][7.072s][info][gc,heap     ] GC(2) Y: Reclaimed:         -                  -                32M (1%)          183M (5%)     
[2026-04-03T01:36:08.947+0600][7.072s][info][gc,heap     ] GC(2) Y:  Promoted:         -                  -                 0M (0%)            0M (0%)     
[2026-04-03T01:36:08.947+0600][7.072s][info][gc,heap     ] GC(2) Y: Compacted:         -                  -                  -                 8M (0%)     
[2026-04-03T01:36:08.947+0600][7.072s][info][gc,phases   ] GC(2) Y: Young Generation 236M(6%)->76M(2%) 0.065s
[2026-04-03T01:36:08.947+0600][7.072s][info][gc,phases   ] GC(2) O: Old Generation
[2026-04-03T01:36:08.948+0600][7.073s][info][gc,phases   ] GC(2) O: Concurrent Mark 0.824ms
[2026-04-03T01:36:08.948+0600][7.073s][info][gc,phases   ] GC(2) O: Pause Mark End 0.020ms
[2026-04-03T01:36:08.948+0600][7.073s][info][gc,phases   ] GC(2) O: Concurrent Mark Free 0.001ms
[2026-04-03T01:36:08.955+0600][7.080s][info][gc,phases   ] GC(2) O: Concurrent Process Non-Strong 7.327ms
[2026-04-03T01:36:08.955+0600][7.080s][info][gc,phases   ] GC(2) O: Concurrent Reset Relocation Set 0.001ms
[2026-04-03T01:36:08.959+0600][7.085s][info][gc,phases   ] GC(2) O: Concurrent Select Relocation Set 4.165ms
[2026-04-03T01:36:08.959+0600][7.085s][info][gc,task     ] GC(2) O: Using 2 Workers for Old Generation
[2026-04-03T01:36:08.982+0600][7.107s][info][gc,task     ] GC(2) O: Using 1 Workers for Old Generation
[2026-04-03T01:36:08.982+0600][7.107s][info][gc,phases   ] GC(2) O: Concurrent Remap Roots 22.411ms
[2026-04-03T01:36:08.982+0600][7.107s][info][gc,phases   ] GC(2) O: Pause Relocate Start 0.025ms
[2026-04-03T01:36:08.983+0600][7.108s][info][gc,phases   ] GC(2) O: Concurrent Relocate 0.525ms
[2026-04-03T01:36:08.983+0600][7.108s][info][gc,alloc    ] GC(2) O:                         Mark Start        Mark End      Relocate Start    Relocate End   
[2026-04-03T01:36:08.983+0600][7.108s][info][gc,alloc    ] GC(2) O: Allocation Stalls:          0                0                0                0         
[2026-04-03T01:36:08.983+0600][7.108s][info][gc,load     ] GC(2) O: Load: 8.96 (75%) / 11.23 (94%) / 8.34 (69%)
[2026-04-03T01:36:08.983+0600][7.108s][info][gc,mmu      ] GC(2) O: MMU: 2ms/97.6%, 5ms/99.1%, 10ms/99.3%, 20ms/99.6%, 50ms/99.8%, 100ms/99.9%
[2026-04-03T01:36:08.983+0600][7.108s][info][gc,marking  ] GC(2) O: Mark: 1 stripe(s), 1 proactive flush(es), 1 terminate flush(es), 0 completion(s), 0 continuation(s) 
[2026-04-03T01:36:08.983+0600][7.108s][info][gc,marking  ] GC(2) O: Mark Stack Usage: 0M
[2026-04-03T01:36:08.983+0600][7.108s][info][gc,nmethod  ] GC(2) O: NMethods: 2526 registered, 320 unregistered
[2026-04-03T01:36:08.983+0600][7.108s][info][gc,metaspace] GC(2) O: Metaspace: 36M used, 37M committed, 1088M reserved
[2026-04-03T01:36:08.983+0600][7.108s][info][gc,ref      ] GC(2) O:                       Encountered   Discovered     Enqueued 
[2026-04-03T01:36:08.983+0600][7.108s][info][gc,ref      ] GC(2) O: Soft References:             3872            0            0 
[2026-04-03T01:36:08.983+0600][7.108s][info][gc,ref      ] GC(2) O: Weak References:             2992            0            0 
[2026-04-03T01:36:08.983+0600][7.108s][info][gc,ref      ] GC(2) O: Final References:              80            0            0 
[2026-04-03T01:36:08.983+0600][7.108s][info][gc,ref      ] GC(2) O: Phantom References:           569            0            0 
[2026-04-03T01:36:08.983+0600][7.108s][info][gc,heap     ] GC(2) O: Min Capacity: 8M(0%)
[2026-04-03T01:36:08.983+0600][7.108s][info][gc,heap     ] GC(2) O: Max Capacity: 3922M(100%)
[2026-04-03T01:36:08.983+0600][7.108s][info][gc,heap     ] GC(2) O: Soft Max Capacity: 3529M(90%)
[2026-04-03T01:36:08.983+0600][7.108s][info][gc,heap     ] GC(2) O: Heap Statistics:
[2026-04-03T01:36:08.983+0600][7.108s][info][gc,heap     ] GC(2) O:                Mark Start          Mark End        Relocate Start      Relocate End           High               Low         
[2026-04-03T01:36:08.983+0600][7.108s][info][gc,heap     ] GC(2) O:  Capacity:      436M (11%)         436M (11%)         436M (11%)         436M (11%)         436M (11%)         436M (11%)    
[2026-04-03T01:36:08.983+0600][7.108s][info][gc,heap     ] GC(2) O:      Free:     3686M (94%)        3846M (98%)        3846M (98%)        3846M (98%)        3846M (98%)        3676M (94%)    
[2026-04-03T01:36:08.983+0600][7.108s][info][gc,heap     ] GC(2) O:      Used:      236M (6%)           76M (2%)           76M (2%)           76M (2%)          246M (6%)           76M (2%)     
[2026-04-03T01:36:08.983+0600][7.108s][info][gc,heap     ] GC(2) O: Old Generation Statistics:
[2026-04-03T01:36:08.983+0600][7.108s][info][gc,heap     ] GC(2) O:                Mark Start          Mark End        Relocate Start      Relocate End    
[2026-04-03T01:36:08.983+0600][7.108s][info][gc,heap     ] GC(2) O:      Used:        0M (0%)            0M (0%)            0M (0%)            0M (0%)     
[2026-04-03T01:36:08.983+0600][7.108s][info][gc,heap     ] GC(2) O:      Live:         -                 0M (0%)            0M (0%)            0M (0%)     
[2026-04-03T01:36:08.983+0600][7.108s][info][gc,heap     ] GC(2) O:   Garbage:         -                 0M (0%)            0M (0%)            0M (0%)     
[2026-04-03T01:36:08.983+0600][7.108s][info][gc,heap     ] GC(2) O: Allocated:         -                 0M (0%)            0M (0%)            0M (0%)     
[2026-04-03T01:36:08.983+0600][7.108s][info][gc,heap     ] GC(2) O: Reclaimed:         -                  -                 0M (0%)            0M (0%)     
[2026-04-03T01:36:08.983+0600][7.108s][info][gc,heap     ] GC(2) O: Compacted:         -                  -                  -                 0M (0%)     
[2026-04-03T01:36:08.983+0600][7.108s][info][gc,phases   ] GC(2) O: Old Generation 76M(2%)->76M(2%) 0.036s
[2026-04-03T01:36:08.983+0600][7.108s][info][gc          ] GC(2) Major Collection (Metadata GC Threshold) 236M(6%)->76M(2%) 0.102s
[2026-04-03T01:36:13.246+0600][11.371s][info][gc          ] GC(3) Major Collection (Metadata GC Threshold)
[2026-04-03T01:36:13.246+0600][11.372s][info][gc,task     ] GC(3) Using 1 Workers for Young Generation
[2026-04-03T01:36:13.246+0600][11.372s][info][gc,task     ] GC(3) Using 1 Workers for Old Generation
[2026-04-03T01:36:13.246+0600][11.372s][info][gc,phases   ] GC(3) Y: Young Generation
[2026-04-03T01:36:13.247+0600][11.372s][info][gc,phases   ] GC(3) Y: Pause Mark Start (Major) 0.024ms
[2026-04-03T01:36:13.335+0600][11.460s][info][gc,phases   ] GC(3) Y: Concurrent Mark 88.049ms
[2026-04-03T01:36:13.335+0600][11.461s][info][gc,phases   ] GC(3) Y: Pause Mark End 0.022ms
[2026-04-03T01:36:13.335+0600][11.461s][info][gc,phases   ] GC(3) Y: Concurrent Mark Free 0.001ms
[2026-04-03T01:36:13.335+0600][11.461s][info][gc,phases   ] GC(3) Y: Concurrent Reset Relocation Set 0.008ms
[2026-04-03T01:36:13.337+0600][11.462s][info][gc,reloc    ] GC(3) Y: Using tenuring threshold: 4 (Computed)
[2026-04-03T01:36:13.340+0600][11.466s][info][gc,phases   ] GC(3) Y: Concurrent Select Relocation Set 4.688ms
[2026-04-03T01:36:13.341+0600][11.466s][info][gc,phases   ] GC(3) Y: Pause Relocate Start 0.017ms
[2026-04-03T01:36:13.388+0600][11.513s][info][gc,phases   ] GC(3) Y: Concurrent Relocate 47.101ms
[2026-04-03T01:36:13.388+0600][11.513s][info][gc,alloc    ] GC(3) Y:                         Mark Start        Mark End      Relocate Start    Relocate End   
[2026-04-03T01:36:13.388+0600][11.513s][info][gc,alloc    ] GC(3) Y: Allocation Stalls:          0                0                0                0         
[2026-04-03T01:36:13.388+0600][11.513s][info][gc,load     ] GC(3) Y: Load: 8.32 (69%) / 11.06 (92%) / 8.30 (69%)
[2026-04-03T01:36:13.388+0600][11.513s][info][gc,mmu      ] GC(3) Y: MMU: 2ms/97.6%, 5ms/99.1%, 10ms/99.3%, 20ms/99.6%, 50ms/99.8%, 100ms/99.9%
[2026-04-03T01:36:13.388+0600][11.513s][info][gc,marking  ] GC(3) Y: Mark: 1 stripe(s), 2 proactive flush(es), 1 terminate flush(es), 0 completion(s), 0 continuation(s) 
[2026-04-03T01:36:13.388+0600][11.513s][info][gc,marking  ] GC(3) Y: Mark Stack Usage: 32M
[2026-04-03T01:36:13.388+0600][11.513s][info][gc,nmethod  ] GC(3) Y: NMethods: 4125 registered, 0 unregistered
[2026-04-03T01:36:13.388+0600][11.513s][info][gc,metaspace] GC(3) Y: Metaspace: 62M used, 63M committed, 1088M reserved
[2026-04-03T01:36:13.388+0600][11.513s][info][gc,reloc    ] GC(3) Y:                        Candidates     Selected     In-Place         Size        Empty    Relocated 
[2026-04-03T01:36:13.388+0600][11.513s][info][gc,reloc    ] GC(3) Y: Small Pages:                  130          113            0         260M           0M          11M 
[2026-04-03T01:36:13.388+0600][11.513s][info][gc,reloc    ] GC(3) Y: Medium Pages:                   2            1            0          64M           0M           5M 
[2026-04-03T01:36:13.388+0600][11.513s][info][gc,reloc    ] GC(3) Y: Large Pages:                    0            0            0           0M           0M           0M 
[2026-04-03T01:36:13.388+0600][11.513s][info][gc,reloc    ] GC(3) Y: Forwarding Usage: 4M
[2026-04-03T01:36:13.388+0600][11.513s][info][gc,reloc    ] GC(3) Y: Age Table:
[2026-04-03T01:36:13.388+0600][11.513s][info][gc,reloc    ] GC(3) Y:                    Live             Garbage             Small              Medium             Large        
[2026-04-03T01:36:13.388+0600][11.513s][info][gc,reloc    ] GC(3) Y: Eden              12M (0%)          245M (6%)         113 / 106            1 / 0              0 / 0        
[2026-04-03T01:36:13.388+0600][11.513s][info][gc,reloc    ] GC(3) Y: Survivor 1         4M (0%)            3M (0%)           4 / 1              0 / 0              0 / 0        
[2026-04-03T01:36:13.388+0600][11.513s][info][gc,reloc    ] GC(3) Y: Survivor 2        14M (0%)           31M (1%)           7 / 3              1 / 1              0 / 0        
[2026-04-03T01:36:13.388+0600][11.513s][info][gc,reloc    ] GC(3) Y: Survivor 3         4M (0%)            7M (0%)           6 / 3              0 / 0              0 / 0        
[2026-04-03T01:36:13.388+0600][11.513s][info][gc,heap     ] GC(3) Y: Min Capacity: 8M(0%)
[2026-04-03T01:36:13.388+0600][11.513s][info][gc,heap     ] GC(3) Y: Max Capacity: 3922M(100%)
[2026-04-03T01:36:13.388+0600][11.513s][info][gc,heap     ] GC(3) Y: Soft Max Capacity: 3529M(90%)
[2026-04-03T01:36:13.388+0600][11.513s][info][gc,heap     ] GC(3) Y: Heap Statistics:
[2026-04-03T01:36:13.388+0600][11.513s][info][gc,heap     ] GC(3) Y:                Mark Start          Mark End        Relocate Start      Relocate End           High               Low         
[2026-04-03T01:36:13.388+0600][11.513s][info][gc,heap     ] GC(3) Y:  Capacity:      436M (11%)         436M (11%)         436M (11%)         500M (13%)         500M (13%)         436M (11%)    
[2026-04-03T01:36:13.388+0600][11.513s][info][gc,heap     ] GC(3) Y:      Free:     3598M (92%)        3562M (91%)        3556M (91%)        3718M (95%)        3718M (95%)        3466M (88%)    
[2026-04-03T01:36:13.388+0600][11.513s][info][gc,heap     ] GC(3) Y:      Used:      324M (8%)          360M (9%)          366M (9%)          204M (5%)          456M (12%)         204M (5%)     
[2026-04-03T01:36:13.388+0600][11.513s][info][gc,heap     ] GC(3) Y: Young Generation Statistics:
[2026-04-03T01:36:13.388+0600][11.513s][info][gc,heap     ] GC(3) Y:                Mark Start          Mark End        Relocate Start      Relocate End    
[2026-04-03T01:36:13.388+0600][11.513s][info][gc,heap     ] GC(3) Y:      Used:      324M (8%)          360M (9%)          366M (9%)          204M (5%)     
[2026-04-03T01:36:13.388+0600][11.513s][info][gc,heap     ] GC(3) Y:      Live:         -                36M (1%)           36M (1%)           36M (1%)     
[2026-04-03T01:36:13.388+0600][11.513s][info][gc,heap     ] GC(3) Y:   Garbage:         -               287M (7%)          287M (7%)            1M (0%)     
[2026-04-03T01:36:13.388+0600][11.513s][info][gc,heap     ] GC(3) Y: Allocated:         -                36M (1%)           42M (1%)          165M (4%)     
[2026-04-03T01:36:13.388+0600][11.513s][info][gc,heap     ] GC(3) Y: Reclaimed:         -                  -                 0M (0%)          285M (7%)     
[2026-04-03T01:36:13.388+0600][11.513s][info][gc,heap     ] GC(3) Y:  Promoted:         -                  -                 0M (0%)            0M (0%)     
[2026-04-03T01:36:13.388+0600][11.513s][info][gc,heap     ] GC(3) Y: Compacted:         -                  -                  -                22M (1%)     
[2026-04-03T01:36:13.388+0600][11.513s][info][gc,phases   ] GC(3) Y: Young Generation 324M(8%)->204M(5%) 0.142s
[2026-04-03T01:36:13.388+0600][11.514s][info][gc,phases   ] GC(3) O: Old Generation
[2026-04-03T01:36:13.389+0600][11.514s][info][gc,phases   ] GC(3) O: Concurrent Mark 0.777ms
[2026-04-03T01:36:13.389+0600][11.514s][info][gc,phases   ] GC(3) O: Pause Mark End 0.019ms
[2026-04-03T01:36:13.389+0600][11.515s][info][gc,phases   ] GC(3) O: Concurrent Mark Free 0.002ms
[2026-04-03T01:36:13.404+0600][11.530s][info][gc,phases   ] GC(3) O: Concurrent Process Non-Strong 15.186ms
[2026-04-03T01:36:13.405+0600][11.530s][info][gc,phases   ] GC(3) O: Concurrent Reset Relocation Set 0.001ms
[2026-04-03T01:36:13.407+0600][11.532s][info][gc,phases   ] GC(3) O: Concurrent Select Relocation Set 2.072ms
[2026-04-03T01:36:13.407+0600][11.532s][info][gc,task     ] GC(3) O: Using 2 Workers for Old Generation
[2026-04-03T01:36:13.431+0600][11.557s][info][gc,task     ] GC(3) O: Using 1 Workers for Old Generation
[2026-04-03T01:36:13.432+0600][11.557s][info][gc,phases   ] GC(3) O: Concurrent Remap Roots 24.898ms
[2026-04-03T01:36:13.432+0600][11.557s][info][gc,phases   ] GC(3) O: Pause Relocate Start 0.018ms
[2026-04-03T01:36:13.432+0600][11.557s][info][gc,phases   ] GC(3) O: Concurrent Relocate 0.092ms
[2026-04-03T01:36:13.432+0600][11.557s][info][gc,alloc    ] GC(3) O:                         Mark Start        Mark End      Relocate Start    Relocate End   
[2026-04-03T01:36:13.432+0600][11.557s][info][gc,alloc    ] GC(3) O: Allocation Stalls:          0                0                0                0         
[2026-04-03T01:36:13.432+0600][11.557s][info][gc,load     ] GC(3) O: Load: 8.32 (69%) / 11.06 (92%) / 8.30 (69%)
[2026-04-03T01:36:13.432+0600][11.557s][info][gc,mmu      ] GC(3) O: MMU: 2ms/97.6%, 5ms/99.1%, 10ms/99.3%, 20ms/99.6%, 50ms/99.8%, 100ms/99.9%
[2026-04-03T01:36:13.432+0600][11.557s][info][gc,marking  ] GC(3) O: Mark: 1 stripe(s), 1 proactive flush(es), 1 terminate flush(es), 0 completion(s), 0 continuation(s) 
[2026-04-03T01:36:13.432+0600][11.557s][info][gc,marking  ] GC(3) O: Mark Stack Usage: 0M
[2026-04-03T01:36:13.432+0600][11.557s][info][gc,nmethod  ] GC(3) O: NMethods: 3947 registered, 217 unregistered
[2026-04-03T01:36:13.432+0600][11.557s][info][gc,metaspace] GC(3) O: Metaspace: 62M used, 63M committed, 1088M reserved
[2026-04-03T01:36:13.432+0600][11.557s][info][gc,ref      ] GC(3) O:                       Encountered   Discovered     Enqueued 
[2026-04-03T01:36:13.432+0600][11.557s][info][gc,ref      ] GC(3) O: Soft References:             4032            0            0 
[2026-04-03T01:36:13.432+0600][11.557s][info][gc,ref      ] GC(3) O: Weak References:            10580            0            0 
[2026-04-03T01:36:13.432+0600][11.557s][info][gc,ref      ] GC(3) O: Final References:              82            0            0 
[2026-04-03T01:36:13.432+0600][11.557s][info][gc,ref      ] GC(3) O: Phantom References:           588            0            0 
[2026-04-03T01:36:13.432+0600][11.557s][info][gc,heap     ] GC(3) O: Min Capacity: 8M(0%)
[2026-04-03T01:36:13.432+0600][11.557s][info][gc,heap     ] GC(3) O: Max Capacity: 3922M(100%)
[2026-04-03T01:36:13.432+0600][11.557s][info][gc,heap     ] GC(3) O: Soft Max Capacity: 3529M(90%)
[2026-04-03T01:36:13.432+0600][11.557s][info][gc,heap     ] GC(3) O: Heap Statistics:
[2026-04-03T01:36:13.432+0600][11.557s][info][gc,heap     ] GC(3) O:                Mark Start          Mark End        Relocate Start      Relocate End           High               Low         
[2026-04-03T01:36:13.432+0600][11.557s][info][gc,heap     ] GC(3) O:  Capacity:      436M (11%)         500M (13%)         500M (13%)         500M (13%)         500M (13%)         436M (11%)    
[2026-04-03T01:36:13.432+0600][11.558s][info][gc,heap     ] GC(3) O:      Free:     3598M (92%)        3718M (95%)        3708M (95%)        3708M (95%)        3718M (95%)        3466M (88%)    
[2026-04-03T01:36:13.432+0600][11.558s][info][gc,heap     ] GC(3) O:      Used:      324M (8%)          204M (5%)          214M (5%)          214M (5%)          456M (12%)         204M (5%)     
[2026-04-03T01:36:13.432+0600][11.558s][info][gc,heap     ] GC(3) O: Old Generation Statistics:
[2026-04-03T01:36:13.432+0600][11.558s][info][gc,heap     ] GC(3) O:                Mark Start          Mark End        Relocate Start      Relocate End    
[2026-04-03T01:36:13.432+0600][11.558s][info][gc,heap     ] GC(3) O:      Used:        0M (0%)            0M (0%)            0M (0%)            0M (0%)     
[2026-04-03T01:36:13.432+0600][11.558s][info][gc,heap     ] GC(3) O:      Live:         -                 0M (0%)            0M (0%)            0M (0%)     
[2026-04-03T01:36:13.432+0600][11.558s][info][gc,heap     ] GC(3) O:   Garbage:         -                 0M (0%)            0M (0%)            0M (0%)     
[2026-04-03T01:36:13.432+0600][11.558s][info][gc,heap     ] GC(3) O: Allocated:         -                 0M (0%)            0M (0%)            0M (0%)     
[2026-04-03T01:36:13.432+0600][11.558s][info][gc,heap     ] GC(3) O: Reclaimed:         -                  -                 0M (0%)            0M (0%)     
[2026-04-03T01:36:13.432+0600][11.558s][info][gc,heap     ] GC(3) O: Compacted:         -                  -                  -                 0M (0%)     
[2026-04-03T01:36:13.432+0600][11.558s][info][gc,phases   ] GC(3) O: Old Generation 204M(5%)->214M(5%) 0.044s
[2026-04-03T01:36:13.432+0600][11.558s][info][gc          ] GC(3) Major Collection (Metadata GC Threshold) 324M(8%)->214M(5%) 0.186s
[2026-04-03T01:36:16.769+0600][14.895s][info][gc          ] GC(4) Major Collection (Metadata GC Threshold)
[2026-04-03T01:36:16.769+0600][14.895s][info][gc,task     ] GC(4) Using 1 Workers for Young Generation
[2026-04-03T01:36:16.769+0600][14.895s][info][gc,task     ] GC(4) Using 1 Workers for Old Generation
[2026-04-03T01:36:16.769+0600][14.895s][info][gc,phases   ] GC(4) Y: Young Generation
[2026-04-03T01:36:16.771+0600][14.896s][info][gc,phases   ] GC(4) Y: Pause Mark Start (Major) 0.014ms
[2026-04-03T01:36:16.914+0600][15.040s][info][gc,phases   ] GC(4) Y: Concurrent Mark 143.871ms
[2026-04-03T01:36:16.915+0600][15.040s][info][gc,phases   ] GC(4) Y: Pause Mark End 0.018ms
[2026-04-03T01:36:16.915+0600][15.040s][info][gc,phases   ] GC(4) Y: Concurrent Mark Free 0.001ms
[2026-04-03T01:36:16.915+0600][15.040s][info][gc,phases   ] GC(4) Y: Concurrent Reset Relocation Set 0.009ms
[2026-04-03T01:36:16.917+0600][15.042s][info][gc,reloc    ] GC(4) Y: Using tenuring threshold: 5 (Computed)
[2026-04-03T01:36:16.921+0600][15.046s][info][gc,phases   ] GC(4) Y: Concurrent Select Relocation Set 6.168ms
[2026-04-03T01:36:16.921+0600][15.046s][info][gc,phases   ] GC(4) Y: Pause Relocate Start 0.016ms
[2026-04-03T01:36:16.974+0600][15.099s][info][gc,phases   ] GC(4) Y: Concurrent Relocate 52.332ms
[2026-04-03T01:36:16.974+0600][15.099s][info][gc,alloc    ] GC(4) Y:                         Mark Start        Mark End      Relocate Start    Relocate End   
[2026-04-03T01:36:16.974+0600][15.099s][info][gc,alloc    ] GC(4) Y: Allocation Stalls:          0                0                0                0         
[2026-04-03T01:36:16.974+0600][15.099s][info][gc,load     ] GC(4) Y: Load: 7.73 (64%) / 10.89 (91%) / 8.26 (69%)
[2026-04-03T01:36:16.974+0600][15.099s][info][gc,mmu      ] GC(4) Y: MMU: 2ms/97.6%, 5ms/99.1%, 10ms/99.3%, 20ms/99.6%, 50ms/99.8%, 100ms/99.9%
[2026-04-03T01:36:16.974+0600][15.099s][info][gc,marking  ] GC(4) Y: Mark: 1 stripe(s), 2 proactive flush(es), 1 terminate flush(es), 0 completion(s), 0 continuation(s) 
[2026-04-03T01:36:16.974+0600][15.099s][info][gc,marking  ] GC(4) Y: Mark Stack Usage: 32M
[2026-04-03T01:36:16.974+0600][15.099s][info][gc,nmethod  ] GC(4) Y: NMethods: 6004 registered, 0 unregistered
[2026-04-03T01:36:16.974+0600][15.099s][info][gc,metaspace] GC(4) Y: Metaspace: 106M used, 107M committed, 1152M reserved
[2026-04-03T01:36:16.974+0600][15.099s][info][gc,reloc    ] GC(4) Y:                        Candidates     Selected     In-Place         Size        Empty    Relocated 
[2026-04-03T01:36:16.974+0600][15.099s][info][gc,reloc    ] GC(4) Y: Small Pages:                  232          204            0         464M           2M          17M 
[2026-04-03T01:36:16.974+0600][15.099s][info][gc,reloc    ] GC(4) Y: Medium Pages:                   4            3            0         128M           0M           6M 
[2026-04-03T01:36:16.974+0600][15.099s][info][gc,reloc    ] GC(4) Y: Large Pages:                    0            0            0           0M           0M           0M 
[2026-04-03T01:36:16.974+0600][15.099s][info][gc,reloc    ] GC(4) Y: Forwarding Usage: 8M
[2026-04-03T01:36:16.974+0600][15.099s][info][gc,reloc    ] GC(4) Y: Age Table:
[2026-04-03T01:36:16.974+0600][15.099s][info][gc,reloc    ] GC(4) Y:                    Live             Garbage             Small              Medium             Large        
[2026-04-03T01:36:16.974+0600][15.099s][info][gc,reloc    ] GC(4) Y: Eden              19M (0%)          418M (11%)        203 / 193            1 / 0              0 / 0        
[2026-04-03T01:36:16.974+0600][15.099s][info][gc,reloc    ] GC(4) Y: Survivor 1        12M (0%)           71M (2%)          10 / 4              2 / 2              0 / 0        
[2026-04-03T01:36:16.974+0600][15.099s][info][gc,reloc    ] GC(4) Y: Survivor 2         4M (0%)            5M (0%)           5 / 1              0 / 0              0 / 0        
[2026-04-03T01:36:16.974+0600][15.099s][info][gc,reloc    ] GC(4) Y: Survivor 3        14M (0%)           29M (1%)           6 / 1              1 / 1              0 / 0        
[2026-04-03T01:36:16.974+0600][15.099s][info][gc,reloc    ] GC(4) Y: Survivor 4         4M (0%)           11M (0%)           8 / 5              0 / 0              0 / 0        
[2026-04-03T01:36:16.974+0600][15.099s][info][gc,heap     ] GC(4) Y: Min Capacity: 8M(0%)
[2026-04-03T01:36:16.974+0600][15.099s][info][gc,heap     ] GC(4) Y: Max Capacity: 3922M(100%)
[2026-04-03T01:36:16.974+0600][15.099s][info][gc,heap     ] GC(4) Y: Soft Max Capacity: 3529M(90%)
[2026-04-03T01:36:16.974+0600][15.099s][info][gc,heap     ] GC(4) Y: Heap Statistics:
[2026-04-03T01:36:16.974+0600][15.099s][info][gc,heap     ] GC(4) Y:                Mark Start          Mark End        Relocate Start      Relocate End           High               Low         
[2026-04-03T01:36:16.974+0600][15.099s][info][gc,heap     ] GC(4) Y:  Capacity:      592M (15%)         616M (16%)         618M (16%)         656M (17%)         656M (17%)         592M (15%)    
[2026-04-03T01:36:16.974+0600][15.099s][info][gc,heap     ] GC(4) Y:      Free:     3330M (85%)        3306M (84%)        3306M (84%)        3720M (95%)        3724M (95%)        3266M (83%)    
[2026-04-03T01:36:16.974+0600][15.099s][info][gc,heap     ] GC(4) Y:      Used:      592M (15%)         616M (16%)         616M (16%)         202M (5%)          656M (17%)         198M (5%)     
[2026-04-03T01:36:16.974+0600][15.099s][info][gc,heap     ] GC(4) Y: Young Generation Statistics:
[2026-04-03T01:36:16.974+0600][15.099s][info][gc,heap     ] GC(4) Y:                Mark Start          Mark End        Relocate Start      Relocate End    
[2026-04-03T01:36:16.974+0600][15.099s][info][gc,heap     ] GC(4) Y:      Used:      592M (15%)         616M (16%)         616M (16%)         202M (5%)     
[2026-04-03T01:36:16.974+0600][15.099s][info][gc,heap     ] GC(4) Y:      Live:         -                55M (1%)           55M (1%)           55M (1%)     
[2026-04-03T01:36:16.974+0600][15.099s][info][gc,heap     ] GC(4) Y:   Garbage:         -               536M (14%)         534M (14%)           1M (0%)     
[2026-04-03T01:36:16.974+0600][15.099s][info][gc,heap     ] GC(4) Y: Allocated:         -                24M (1%)           26M (1%)          144M (4%)     
[2026-04-03T01:36:16.974+0600][15.099s][info][gc,heap     ] GC(4) Y: Reclaimed:         -                  -                 2M (0%)          534M (14%)    
[2026-04-03T01:36:16.974+0600][15.099s][info][gc,heap     ] GC(4) Y:  Promoted:         -                  -                 0M (0%)            0M (0%)     
[2026-04-03T01:36:16.974+0600][15.099s][info][gc,heap     ] GC(4) Y: Compacted:         -                  -                  -                31M (1%)     
[2026-04-03T01:36:16.974+0600][15.099s][info][gc,phases   ] GC(4) Y: Young Generation 592M(15%)->202M(5%) 0.204s
[2026-04-03T01:36:16.974+0600][15.099s][info][gc,phases   ] GC(4) O: Old Generation
[2026-04-03T01:36:16.975+0600][15.100s][info][gc,phases   ] GC(4) O: Concurrent Mark 0.658ms
[2026-04-03T01:36:16.975+0600][15.100s][info][gc,phases   ] GC(4) O: Pause Mark End 0.019ms
[2026-04-03T01:36:16.975+0600][15.100s][info][gc,phases   ] GC(4) O: Concurrent Mark Free 0.001ms
[2026-04-03T01:36:16.993+0600][15.118s][info][gc,phases   ] GC(4) O: Concurrent Process Non-Strong 17.633ms
[2026-04-03T01:36:16.993+0600][15.118s][info][gc,phases   ] GC(4) O: Concurrent Reset Relocation Set 0.001ms
[2026-04-03T01:36:16.995+0600][15.120s][info][gc,phases   ] GC(4) O: Concurrent Select Relocation Set 2.074ms
[2026-04-03T01:36:16.995+0600][15.120s][info][gc,task     ] GC(4) O: Using 2 Workers for Old Generation
[2026-04-03T01:36:17.020+0600][15.146s][info][gc,task     ] GC(4) O: Using 1 Workers for Old Generation
[2026-04-03T01:36:17.020+0600][15.146s][info][gc,phases   ] GC(4) O: Concurrent Remap Roots 25.486ms
[2026-04-03T01:36:17.021+0600][15.146s][info][gc,phases   ] GC(4) O: Pause Relocate Start 0.021ms
[2026-04-03T01:36:17.021+0600][15.146s][info][gc,phases   ] GC(4) O: Concurrent Relocate 0.354ms
[2026-04-03T01:36:17.021+0600][15.147s][info][gc,alloc    ] GC(4) O:                         Mark Start        Mark End      Relocate Start    Relocate End   
[2026-04-03T01:36:17.021+0600][15.147s][info][gc,alloc    ] GC(4) O: Allocation Stalls:          0                0                0                0         
[2026-04-03T01:36:17.021+0600][15.147s][info][gc,load     ] GC(4) O: Load: 7.73 (64%) / 10.89 (91%) / 8.26 (69%)
[2026-04-03T01:36:17.021+0600][15.147s][info][gc,mmu      ] GC(4) O: MMU: 2ms/97.6%, 5ms/99.1%, 10ms/99.3%, 20ms/99.6%, 50ms/99.8%, 100ms/99.9%
[2026-04-03T01:36:17.021+0600][15.147s][info][gc,marking  ] GC(4) O: Mark: 1 stripe(s), 1 proactive flush(es), 1 terminate flush(es), 0 completion(s), 0 continuation(s) 
[2026-04-03T01:36:17.021+0600][15.147s][info][gc,marking  ] GC(4) O: Mark Stack Usage: 0M
[2026-04-03T01:36:17.021+0600][15.147s][info][gc,nmethod  ] GC(4) O: NMethods: 5594 registered, 442 unregistered
[2026-04-03T01:36:17.021+0600][15.147s][info][gc,metaspace] GC(4) O: Metaspace: 106M used, 107M committed, 1152M reserved
[2026-04-03T01:36:17.021+0600][15.147s][info][gc,ref      ] GC(4) O:                       Encountered   Discovered     Enqueued 
[2026-04-03T01:36:17.021+0600][15.147s][info][gc,ref      ] GC(4) O: Soft References:             4811            0            0 
[2026-04-03T01:36:17.021+0600][15.147s][info][gc,ref      ] GC(4) O: Weak References:            15869            0            0 
[2026-04-03T01:36:17.021+0600][15.147s][info][gc,ref      ] GC(4) O: Final References:              84            0            0 
[2026-04-03T01:36:17.021+0600][15.147s][info][gc,ref      ] GC(4) O: Phantom References:           595            0            0 
[2026-04-03T01:36:17.021+0600][15.147s][info][gc,heap     ] GC(4) O: Min Capacity: 8M(0%)
[2026-04-03T01:36:17.021+0600][15.147s][info][gc,heap     ] GC(4) O: Max Capacity: 3922M(100%)
[2026-04-03T01:36:17.021+0600][15.147s][info][gc,heap     ] GC(4) O: Soft Max Capacity: 3529M(90%)
[2026-04-03T01:36:17.021+0600][15.147s][info][gc,heap     ] GC(4) O: Heap Statistics:
[2026-04-03T01:36:17.021+0600][15.147s][info][gc,heap     ] GC(4) O:                Mark Start          Mark End        Relocate Start      Relocate End           High               Low         
[2026-04-03T01:36:17.021+0600][15.147s][info][gc,heap     ] GC(4) O:  Capacity:      592M (15%)         656M (17%)         656M (17%)         656M (17%)         656M (17%)         592M (15%)    
[2026-04-03T01:36:17.021+0600][15.147s][info][gc,heap     ] GC(4) O:      Free:     3330M (85%)        3720M (95%)        3714M (95%)        3714M (95%)        3724M (95%)        3266M (83%)    
[2026-04-03T01:36:17.021+0600][15.147s][info][gc,heap     ] GC(4) O:      Used:      592M (15%)         202M (5%)          208M (5%)          208M (5%)          656M (17%)         198M (5%)     
[2026-04-03T01:36:17.021+0600][15.147s][info][gc,heap     ] GC(4) O: Old Generation Statistics:
[2026-04-03T01:36:17.021+0600][15.147s][info][gc,heap     ] GC(4) O:                Mark Start          Mark End        Relocate Start      Relocate End    
[2026-04-03T01:36:17.021+0600][15.147s][info][gc,heap     ] GC(4) O:      Used:        0M (0%)            0M (0%)            0M (0%)            0M (0%)     
[2026-04-03T01:36:17.021+0600][15.147s][info][gc,heap     ] GC(4) O:      Live:         -                 0M (0%)            0M (0%)            0M (0%)     
[2026-04-03T01:36:17.021+0600][15.147s][info][gc,heap     ] GC(4) O:   Garbage:         -                 0M (0%)            0M (0%)            0M (0%)     
[2026-04-03T01:36:17.021+0600][15.147s][info][gc,heap     ] GC(4) O: Allocated:         -                 0M (0%)            0M (0%)            0M (0%)     
[2026-04-03T01:36:17.021+0600][15.147s][info][gc,heap     ] GC(4) O: Reclaimed:         -                  -                 0M (0%)            0M (0%)     
[2026-04-03T01:36:17.021+0600][15.147s][info][gc,heap     ] GC(4) O: Compacted:         -                  -                  -                 0M (0%)     
[2026-04-03T01:36:17.021+0600][15.147s][info][gc,phases   ] GC(4) O: Old Generation 202M(5%)->208M(5%) 0.047s
[2026-04-03T01:36:17.022+0600][15.147s][info][gc          ] GC(4) Major Collection (Metadata GC Threshold) 592M(15%)->208M(5%) 0.252s
[2026-04-03T01:36:19.028+0600][17.153s][info][gc          ] GC(5) Major Collection (Warmup)
[2026-04-03T01:36:19.028+0600][17.153s][info][gc,task     ] GC(5) Using 3 Workers for Young Generation
[2026-04-03T01:36:19.028+0600][17.153s][info][gc,task     ] GC(5) Using 1 Workers for Old Generation
[2026-04-03T01:36:19.028+0600][17.153s][info][gc,phases   ] GC(5) Y: Young Generation
[2026-04-03T01:36:19.110+0600][17.236s][info][gc,phases   ] GC(5) Y: Pause Mark Start (Major) 0.031ms
[2026-04-03T01:36:19.230+0600][17.355s][info][gc,phases   ] GC(5) Y: Concurrent Mark 119.328ms
[2026-04-03T01:36:19.230+0600][17.356s][info][gc,phases   ] GC(5) Y: Pause Mark End 0.031ms
[2026-04-03T01:36:19.231+0600][17.356s][info][gc,phases   ] GC(5) Y: Concurrent Mark Free 0.003ms
[2026-04-03T01:36:19.231+0600][17.356s][info][gc,phases   ] GC(5) Y: Concurrent Reset Relocation Set 0.027ms
[2026-04-03T01:36:19.233+0600][17.358s][info][gc,reloc    ] GC(5) Y: Using tenuring threshold: 4 (Computed)
[2026-04-03T01:36:19.240+0600][17.365s][info][gc,phases   ] GC(5) Y: Concurrent Select Relocation Set 9.191ms
[2026-04-03T01:36:19.240+0600][17.366s][info][gc,phases   ] GC(5) Y: Pause Relocate Start 0.057ms
[2026-04-03T01:36:19.270+0600][17.395s][info][gc,phases   ] GC(5) Y: Concurrent Relocate 29.240ms
[2026-04-03T01:36:19.270+0600][17.395s][info][gc,alloc    ] GC(5) Y:                         Mark Start        Mark End      Relocate Start    Relocate End   
[2026-04-03T01:36:19.270+0600][17.395s][info][gc,alloc    ] GC(5) Y: Allocation Stalls:          0                0                0                0         
[2026-04-03T01:36:19.270+0600][17.395s][info][gc,load     ] GC(5) Y: Load: 7.75 (65%) / 10.84 (90%) / 8.25 (69%)
[2026-04-03T01:36:19.270+0600][17.395s][info][gc,mmu      ] GC(5) Y: MMU: 2ms/97.2%, 5ms/98.9%, 10ms/99.1%, 20ms/99.6%, 50ms/99.8%, 100ms/99.9%
[2026-04-03T01:36:19.270+0600][17.395s][info][gc,marking  ] GC(5) Y: Mark: 2 stripe(s), 2 proactive flush(es), 1 terminate flush(es), 0 completion(s), 0 continuation(s) 
[2026-04-03T01:36:19.270+0600][17.395s][info][gc,marking  ] GC(5) Y: Mark Stack Usage: 32M
[2026-04-03T01:36:19.270+0600][17.395s][info][gc,nmethod  ] GC(5) Y: NMethods: 7431 registered, 442 unregistered
[2026-04-03T01:36:19.270+0600][17.395s][info][gc,metaspace] GC(5) Y: Metaspace: 114M used, 115M committed, 1152M reserved
[2026-04-03T01:36:19.270+0600][17.395s][info][gc,reloc    ] GC(5) Y:                        Candidates     Selected     In-Place         Size        Empty    Relocated 
[2026-04-03T01:36:19.270+0600][17.395s][info][gc,reloc    ] GC(5) Y: Small Pages:                  118           87            0         236M           0M          12M 
[2026-04-03T01:36:19.270+0600][17.396s][info][gc,reloc    ] GC(5) Y: Medium Pages:                   5            3            0         160M          32M          22M 
[2026-04-03T01:36:19.270+0600][17.396s][info][gc,reloc    ] GC(5) Y: Large Pages:                   11            0            0         162M          18M           0M 
[2026-04-03T01:36:19.270+0600][17.396s][info][gc,reloc    ] GC(5) Y: Forwarding Usage: 4M
[2026-04-03T01:36:19.270+0600][17.396s][info][gc,reloc    ] GC(5) Y: Age Table:
[2026-04-03T01:36:19.270+0600][17.396s][info][gc,reloc    ] GC(5) Y:                    Live             Garbage             Small              Medium             Large        
[2026-04-03T01:36:19.270+0600][17.396s][info][gc,reloc    ] GC(5) Y: Eden             170M (4%)          219M (6%)          82 / 76             2 / 1             11 / 0        
[2026-04-03T01:36:19.270+0600][17.396s][info][gc,reloc    ] GC(5) Y: Survivor 1        17M (0%)           36M (1%)          11 / 1              1 / 0              0 / 0        
[2026-04-03T01:36:19.270+0600][17.396s][info][gc,reloc    ] GC(5) Y: Survivor 2        10M (0%)           35M (1%)           7 / 2              1 / 1              0 / 0        
[2026-04-03T01:36:19.270+0600][17.396s][info][gc,reloc    ] GC(5) Y: Survivor 3         4M (0%)            5M (0%)           5 / 1              0 / 0              0 / 0        
[2026-04-03T01:36:19.270+0600][17.396s][info][gc,reloc    ] GC(5) Y: Survivor 4        14M (0%)           29M (1%)           6 / 2              1 / 1              0 / 0        
[2026-04-03T01:36:19.270+0600][17.396s][info][gc,reloc    ] GC(5) Y: Survivor 5         4M (0%)            9M (0%)           7 / 5              0 / 0              0 / 0        
[2026-04-03T01:36:19.270+0600][17.396s][info][gc,heap     ] GC(5) Y: Min Capacity: 8M(0%)
[2026-04-03T01:36:19.270+0600][17.396s][info][gc,heap     ] GC(5) Y: Max Capacity: 3922M(100%)
[2026-04-03T01:36:19.270+0600][17.396s][info][gc,heap     ] GC(5) Y: Soft Max Capacity: 3529M(90%)
[2026-04-03T01:36:19.270+0600][17.396s][info][gc,heap     ] GC(5) Y: Heap Statistics:
[2026-04-03T01:36:19.270+0600][17.396s][info][gc,heap     ] GC(5) Y:                Mark Start          Mark End        Relocate Start      Relocate End           High               Low         
[2026-04-03T01:36:19.270+0600][17.396s][info][gc,heap     ] GC(5) Y:  Capacity:     1050M (27%)        1050M (27%)        1050M (27%)        1050M (27%)        1050M (27%)        1050M (27%)    
[2026-04-03T01:36:19.270+0600][17.396s][info][gc,heap     ] GC(5) Y:      Free:     3364M (86%)        3304M (84%)        3352M (85%)        3496M (89%)        3496M (89%)        3254M (83%)    
[2026-04-03T01:36:19.270+0600][17.396s][info][gc,heap     ] GC(5) Y:      Used:      558M (14%)         618M (16%)         570M (15%)         426M (11%)         668M (17%)         426M (11%)    
[2026-04-03T01:36:19.270+0600][17.396s][info][gc,heap     ] GC(5) Y: Young Generation Statistics:
[2026-04-03T01:36:19.270+0600][17.396s][info][gc,heap     ] GC(5) Y:                Mark Start          Mark End        Relocate Start      Relocate End    
[2026-04-03T01:36:19.270+0600][17.396s][info][gc,heap     ] GC(5) Y:      Used:      558M (14%)         618M (16%)         558M (14%)         368M (9%)     
[2026-04-03T01:36:19.270+0600][17.396s][info][gc,heap     ] GC(5) Y:      Live:         -               222M (6%)          211M (5%)          203M (5%)     
[2026-04-03T01:36:19.270+0600][17.396s][info][gc,heap     ] GC(5) Y:   Garbage:         -               335M (9%)          284M (7%)            2M (0%)     
[2026-04-03T01:36:19.270+0600][17.396s][info][gc,heap     ] GC(5) Y: Allocated:         -                60M (2%)           62M (2%)          162M (4%)     
[2026-04-03T01:36:19.270+0600][17.396s][info][gc,heap     ] GC(5) Y: Reclaimed:         -                  -                51M (1%)          332M (8%)     
[2026-04-03T01:36:19.270+0600][17.396s][info][gc,heap     ] GC(5) Y:  Promoted:         -                  -                10M (0%)           19M (0%)     
[2026-04-03T01:36:19.271+0600][17.396s][info][gc,heap     ] GC(5) Y: Compacted:         -                  -                  -                31M (1%)     
[2026-04-03T01:36:19.271+0600][17.396s][info][gc,phases   ] GC(5) Y: Young Generation 782M(20%)->426M(11%) 0.242s
[2026-04-03T01:36:19.271+0600][17.396s][info][gc,phases   ] GC(5) O: Old Generation
[2026-04-03T01:36:19.273+0600][17.399s][info][gc,phases   ] GC(5) O: Concurrent Mark 2.725ms
[2026-04-03T01:36:19.274+0600][17.399s][info][gc,phases   ] GC(5) O: Pause Mark End 0.046ms
[2026-04-03T01:36:19.274+0600][17.399s][info][gc,phases   ] GC(5) O: Concurrent Mark Free 0.003ms
[2026-04-03T01:36:19.310+0600][17.435s][info][gc,phases   ] GC(5) O: Concurrent Process Non-Strong 35.903ms
[2026-04-03T01:36:19.310+0600][17.435s][info][gc,phases   ] GC(5) O: Concurrent Reset Relocation Set 0.001ms
[2026-04-03T01:36:19.315+0600][17.440s][info][gc,phases   ] GC(5) O: Concurrent Select Relocation Set 4.738ms
[2026-04-03T01:36:19.315+0600][17.440s][info][gc,task     ] GC(5) O: Using 3 Workers for Old Generation
[2026-04-03T01:36:19.342+0600][17.468s][info][gc,task     ] GC(5) O: Using 1 Workers for Old Generation
[2026-04-03T01:36:19.343+0600][17.468s][info][gc,phases   ] GC(5) O: Concurrent Remap Roots 27.755ms
[2026-04-03T01:36:19.343+0600][17.468s][info][gc,phases   ] GC(5) O: Pause Relocate Start 0.025ms
[2026-04-03T01:36:19.343+0600][17.469s][info][gc,phases   ] GC(5) O: Concurrent Relocate 0.242ms
[2026-04-03T01:36:19.343+0600][17.469s][info][gc,alloc    ] GC(5) O:                         Mark Start        Mark End      Relocate Start    Relocate End   
[2026-04-03T01:36:19.343+0600][17.469s][info][gc,alloc    ] GC(5) O: Allocation Stalls:          0                0                0                0         
[2026-04-03T01:36:19.343+0600][17.469s][info][gc,load     ] GC(5) O: Load: 7.75 (65%) / 10.84 (90%) / 8.25 (69%)
[2026-04-03T01:36:19.343+0600][17.469s][info][gc,mmu      ] GC(5) O: MMU: 2ms/97.2%, 5ms/98.9%, 10ms/99.1%, 20ms/99.6%, 50ms/99.7%, 100ms/99.9%
[2026-04-03T01:36:19.343+0600][17.469s][info][gc,marking  ] GC(5) O: Mark: 1 stripe(s), 1 proactive flush(es), 1 terminate flush(es), 0 completion(s), 0 continuation(s) 
[2026-04-03T01:36:19.343+0600][17.469s][info][gc,marking  ] GC(5) O: Mark Stack Usage: 0M
[2026-04-03T01:36:19.343+0600][17.469s][info][gc,nmethod  ] GC(5) O: NMethods: 7096 registered, 803 unregistered
[2026-04-03T01:36:19.343+0600][17.469s][info][gc,metaspace] GC(5) O: Metaspace: 114M used, 115M committed, 1152M reserved
[2026-04-03T01:36:19.343+0600][17.469s][info][gc,ref      ] GC(5) O:                       Encountered   Discovered     Enqueued 
[2026-04-03T01:36:19.343+0600][17.469s][info][gc,ref      ] GC(5) O: Soft References:             5552            0            0 
[2026-04-03T01:36:19.343+0600][17.469s][info][gc,ref      ] GC(5) O: Weak References:            20021            0            0 
[2026-04-03T01:36:19.343+0600][17.469s][info][gc,ref      ] GC(5) O: Final References:              84            0            0 
[2026-04-03T01:36:19.343+0600][17.469s][info][gc,ref      ] GC(5) O: Phantom References:           606            0            0 
[2026-04-03T01:36:19.343+0600][17.469s][info][gc,heap     ] GC(5) O: Min Capacity: 8M(0%)
[2026-04-03T01:36:19.343+0600][17.469s][info][gc,heap     ] GC(5) O: Max Capacity: 3922M(100%)
[2026-04-03T01:36:19.343+0600][17.469s][info][gc,heap     ] GC(5) O: Soft Max Capacity: 3529M(90%)
[2026-04-03T01:36:19.343+0600][17.469s][info][gc,heap     ] GC(5) O: Heap Statistics:
[2026-04-03T01:36:19.343+0600][17.469s][info][gc,heap     ] GC(5) O:                Mark Start          Mark End        Relocate Start      Relocate End           High               Low         
[2026-04-03T01:36:19.343+0600][17.469s][info][gc,heap     ] GC(5) O:  Capacity:     1050M (27%)        1050M (27%)        1050M (27%)        1050M (27%)        1050M (27%)        1050M (27%)    
[2026-04-03T01:36:19.343+0600][17.469s][info][gc,heap     ] GC(5) O:      Free:     3364M (86%)        3496M (89%)        3484M (89%)        3484M (89%)        3496M (89%)        3254M (83%)    
[2026-04-03T01:36:19.343+0600][17.469s][info][gc,heap     ] GC(5) O:      Used:      558M (14%)         426M (11%)         438M (11%)         438M (11%)         668M (17%)         426M (11%)    
[2026-04-03T01:36:19.343+0600][17.469s][info][gc,heap     ] GC(5) O: Old Generation Statistics:
[2026-04-03T01:36:19.343+0600][17.469s][info][gc,heap     ] GC(5) O:                Mark Start          Mark End        Relocate Start      Relocate End    
[2026-04-03T01:36:19.343+0600][17.469s][info][gc,heap     ] GC(5) O:      Used:        0M (0%)           58M (1%)           58M (1%)           58M (1%)     
[2026-04-03T01:36:19.343+0600][17.469s][info][gc,heap     ] GC(5) O:      Live:         -                 0M (0%)            0M (0%)            0M (0%)     
[2026-04-03T01:36:19.344+0600][17.469s][info][gc,heap     ] GC(5) O:   Garbage:         -                 0M (0%)            0M (0%)            0M (0%)     
[2026-04-03T01:36:19.344+0600][17.469s][info][gc,heap     ] GC(5) O: Allocated:         -                58M (1%)           58M (1%)           58M (1%)     
[2026-04-03T01:36:19.344+0600][17.469s][info][gc,heap     ] GC(5) O: Reclaimed:         -                  -                 0M (0%)            0M (0%)     
[2026-04-03T01:36:19.344+0600][17.469s][info][gc,heap     ] GC(5) O: Compacted:         -                  -                  -                 0M (0%)     
[2026-04-03T01:36:19.344+0600][17.469s][info][gc,phases   ] GC(5) O: Old Generation 426M(11%)->438M(11%) 0.073s
[2026-04-03T01:36:19.344+0600][17.469s][info][gc          ] GC(5) Major Collection (Warmup) 782M(20%)->438M(11%) 0.316s
[2026-04-03T01:36:21.867+0600][19.992s][info][gc          ] GC(6) Major Collection (Warmup)
[2026-04-03T01:36:21.867+0600][19.992s][info][gc,task     ] GC(6) Using 3 Workers for Young Generation
[2026-04-03T01:36:21.867+0600][19.992s][info][gc,task     ] GC(6) Using 1 Workers for Old Generation
[2026-04-03T01:36:21.867+0600][19.992s][info][gc,phases   ] GC(6) Y: Young Generation
[2026-04-03T01:36:21.867+0600][19.993s][info][gc,phases   ] GC(6) Y: Pause Mark Start (Major) 0.022ms
[2026-04-03T01:36:22.005+0600][20.130s][info][gc,phases   ] GC(6) Y: Concurrent Mark 137.494ms
[2026-04-03T01:36:22.005+0600][20.131s][info][gc,phases   ] GC(6) Y: Pause Mark End 0.022ms
[2026-04-03T01:36:22.006+0600][20.131s][info][gc,phases   ] GC(6) Y: Concurrent Mark Free 0.002ms
[2026-04-03T01:36:22.006+0600][20.131s][info][gc,phases   ] GC(6) Y: Concurrent Reset Relocation Set 0.034ms
[2026-04-03T01:36:22.008+0600][20.134s][info][gc,reloc    ] GC(6) Y: Using tenuring threshold: 1 (Computed)
[2026-04-03T01:36:22.036+0600][20.161s][info][gc,phases   ] GC(6) Y: Concurrent Select Relocation Set 30.215ms
[2026-04-03T01:36:22.036+0600][20.162s][info][gc,phases   ] GC(6) Y: Pause Relocate Start 0.022ms
[2026-04-03T01:36:22.088+0600][20.214s][info][gc,phases   ] GC(6) Y: Concurrent Relocate 52.024ms
[2026-04-03T01:36:22.088+0600][20.214s][info][gc,alloc    ] GC(6) Y:                         Mark Start        Mark End      Relocate Start    Relocate End   
[2026-04-03T01:36:22.088+0600][20.214s][info][gc,alloc    ] GC(6) Y: Allocation Stalls:          0                0                0                0         
[2026-04-03T01:36:22.088+0600][20.214s][info][gc,load     ] GC(6) Y: Load: 7.75 (65%) / 10.84 (90%) / 8.25 (69%)
[2026-04-03T01:36:22.088+0600][20.214s][info][gc,mmu      ] GC(6) Y: MMU: 2ms/97.2%, 5ms/98.9%, 10ms/99.1%, 20ms/99.6%, 50ms/99.7%, 100ms/99.9%
[2026-04-03T01:36:22.088+0600][20.214s][info][gc,marking  ] GC(6) Y: Mark: 2 stripe(s), 10 proactive flush(es), 1 terminate flush(es), 0 completion(s), 0 continuation(s) 
[2026-04-03T01:36:22.088+0600][20.214s][info][gc,marking  ] GC(6) Y: Mark Stack Usage: 32M
[2026-04-03T01:36:22.089+0600][20.214s][info][gc,nmethod  ] GC(6) Y: NMethods: 9333 registered, 803 unregistered
[2026-04-03T01:36:22.089+0600][20.214s][info][gc,metaspace] GC(6) Y: Metaspace: 119M used, 121M committed, 1152M reserved
[2026-04-03T01:36:22.089+0600][20.214s][info][gc,reloc    ] GC(6) Y:                        Candidates     Selected     In-Place         Size        Empty    Relocated 
[2026-04-03T01:36:22.089+0600][20.214s][info][gc,reloc    ] GC(6) Y: Small Pages:                  306          152            0         612M         230M          12M 
[2026-04-03T01:36:22.089+0600][20.214s][info][gc,reloc    ] GC(6) Y: Medium Pages:                   6            2            0         192M          96M           2M 
[2026-04-03T01:36:22.089+0600][20.214s][info][gc,reloc    ] GC(6) Y: Large Pages:                   17            0            0         198M          54M           0M 
[2026-04-03T01:36:22.089+0600][20.214s][info][gc,reloc    ] GC(6) Y: Forwarding Usage: 9M
[2026-04-03T01:36:22.089+0600][20.214s][info][gc,reloc    ] GC(6) Y: Age Table:
[2026-04-03T01:36:22.089+0600][20.214s][info][gc,reloc    ] GC(6) Y:                    Live             Garbage             Small              Medium             Large        
[2026-04-03T01:36:22.089+0600][20.214s][info][gc,reloc    ] GC(6) Y: Eden              33M (1%)          662M (17%)        273 / 140            3 / 1              9 / 0        
[2026-04-03T01:36:22.089+0600][20.214s][info][gc,reloc    ] GC(6) Y: Survivor 1       150M (4%)           41M (1%)           8 / 5              1 / 0              8 / 0        
[2026-04-03T01:36:22.089+0600][20.214s][info][gc,reloc    ] GC(6) Y: Survivor 2        17M (0%)           42M (1%)          14 / 4              1 / 0              0 / 0        
[2026-04-03T01:36:22.089+0600][20.214s][info][gc,reloc    ] GC(6) Y: Survivor 3        10M (0%)           33M (1%)           6 / 1              1 / 1              0 / 0        
[2026-04-03T01:36:22.089+0600][20.214s][info][gc,reloc    ] GC(6) Y: Survivor 4         4M (0%)            5M (0%)           5 / 2              0 / 0              0 / 0        
[2026-04-03T01:36:22.089+0600][20.214s][info][gc,heap     ] GC(6) Y: Min Capacity: 8M(0%)
[2026-04-03T01:36:22.089+0600][20.214s][info][gc,heap     ] GC(6) Y: Max Capacity: 3922M(100%)
[2026-04-03T01:36:22.089+0600][20.214s][info][gc,heap     ] GC(6) Y: Soft Max Capacity: 3529M(90%)
[2026-04-03T01:36:22.089+0600][20.214s][info][gc,heap     ] GC(6) Y: Heap Statistics:
[2026-04-03T01:36:22.089+0600][20.214s][info][gc,heap     ] GC(6) Y:                Mark Start          Mark End        Relocate Start      Relocate End           High               Low         
[2026-04-03T01:36:22.089+0600][20.214s][info][gc,heap     ] GC(6) Y:  Capacity:     1060M (27%)        1138M (29%)        1138M (29%)        1138M (29%)        1138M (29%)        1060M (27%)    
[2026-04-03T01:36:22.089+0600][20.214s][info][gc,heap     ] GC(6) Y:      Free:     2862M (73%)        2784M (71%)        3142M (80%)        3438M (88%)        3452M (88%)        2784M (71%)    
[2026-04-03T01:36:22.089+0600][20.214s][info][gc,heap     ] GC(6) Y:      Used:     1060M (27%)        1138M (29%)         780M (20%)         484M (12%)        1138M (29%)         470M (12%)    
[2026-04-03T01:36:22.089+0600][20.214s][info][gc,heap     ] GC(6) Y: Young Generation Statistics:
[2026-04-03T01:36:22.089+0600][20.214s][info][gc,heap     ] GC(6) Y:                Mark Start          Mark End        Relocate Start      Relocate End    
[2026-04-03T01:36:22.089+0600][20.214s][info][gc,heap     ] GC(6) Y:      Used:     1002M (26%)        1080M (28%)         542M (14%)         202M (5%)     
[2026-04-03T01:36:22.089+0600][20.214s][info][gc,heap     ] GC(6) Y:      Live:         -               216M (6%)           38M (1%)           33M (1%)     
[2026-04-03T01:36:22.089+0600][20.214s][info][gc,heap     ] GC(6) Y:   Garbage:         -               785M (20%)         403M (10%)           3M (0%)     
[2026-04-03T01:36:22.089+0600][20.214s][info][gc,heap     ] GC(6) Y: Allocated:         -                78M (2%)          100M (3%)          165M (4%)     
[2026-04-03T01:36:22.089+0600][20.214s][info][gc,heap     ] GC(6) Y: Reclaimed:         -                  -               382M (10%)         782M (20%)    
[2026-04-03T01:36:22.089+0600][20.214s][info][gc,heap     ] GC(6) Y:  Promoted:         -                  -               177M (5%)          183M (5%)     
[2026-04-03T01:36:22.089+0600][20.214s][info][gc,heap     ] GC(6) Y: Compacted:         -                  -                  -                18M (0%)     
[2026-04-03T01:36:22.089+0600][20.214s][info][gc,phases   ] GC(6) Y: Young Generation 1060M(27%)->484M(12%) 0.221s
[2026-04-03T01:36:22.089+0600][20.214s][info][gc,phases   ] GC(6) O: Old Generation
[2026-04-03T01:36:22.115+0600][20.241s][info][gc,phases   ] GC(6) O: Concurrent Mark 26.400ms
[2026-04-03T01:36:22.115+0600][20.241s][info][gc,phases   ] GC(6) O: Pause Mark End 0.022ms
[2026-04-03T01:36:22.116+0600][20.241s][info][gc,phases   ] GC(6) O: Concurrent Mark Free 0.002ms
[2026-04-03T01:36:22.151+0600][20.277s][info][gc,phases   ] GC(6) O: Concurrent Process Non-Strong 35.678ms
[2026-04-03T01:36:22.151+0600][20.277s][info][gc,phases   ] GC(6) O: Concurrent Reset Relocation Set 0.001ms
[2026-04-03T01:36:22.155+0600][20.280s][info][gc,phases   ] GC(6) O: Concurrent Select Relocation Set 3.172ms
[2026-04-03T01:36:22.155+0600][20.280s][info][gc,task     ] GC(6) O: Using 3 Workers for Old Generation
[2026-04-03T01:36:22.183+0600][20.308s][info][gc,task     ] GC(6) O: Using 1 Workers for Old Generation
[2026-04-03T01:36:22.183+0600][20.308s][info][gc,phases   ] GC(6) O: Concurrent Remap Roots 28.112ms
[2026-04-03T01:36:22.183+0600][20.309s][info][gc,phases   ] GC(6) O: Pause Relocate Start 0.028ms
[2026-04-03T01:36:22.185+0600][20.311s][info][gc,phases   ] GC(6) O: Concurrent Relocate 1.942ms
[2026-04-03T01:36:22.185+0600][20.311s][info][gc,alloc    ] GC(6) O:                         Mark Start        Mark End      Relocate Start    Relocate End   
[2026-04-03T01:36:22.185+0600][20.311s][info][gc,alloc    ] GC(6) O: Allocation Stalls:          0                0                0                0         
[2026-04-03T01:36:22.185+0600][20.311s][info][gc,load     ] GC(6) O: Load: 7.75 (65%) / 10.84 (90%) / 8.25 (69%)
[2026-04-03T01:36:22.185+0600][20.311s][info][gc,mmu      ] GC(6) O: MMU: 2ms/97.2%, 5ms/98.9%, 10ms/99.1%, 20ms/99.6%, 50ms/99.7%, 100ms/99.9%
[2026-04-03T01:36:22.185+0600][20.311s][info][gc,marking  ] GC(6) O: Mark: 1 stripe(s), 2 proactive flush(es), 1 terminate flush(es), 0 completion(s), 0 continuation(s) 
[2026-04-03T01:36:22.185+0600][20.311s][info][gc,marking  ] GC(6) O: Mark Stack Usage: 32M
[2026-04-03T01:36:22.185+0600][20.311s][info][gc,nmethod  ] GC(6) O: NMethods: 8864 registered, 1390 unregistered
[2026-04-03T01:36:22.186+0600][20.311s][info][gc,metaspace] GC(6) O: Metaspace: 119M used, 121M committed, 1152M reserved
[2026-04-03T01:36:22.186+0600][20.311s][info][gc,ref      ] GC(6) O:                       Encountered   Discovered     Enqueued 
[2026-04-03T01:36:22.186+0600][20.311s][info][gc,ref      ] GC(6) O: Soft References:             5875            0            0 
[2026-04-03T01:36:22.186+0600][20.311s][info][gc,ref      ] GC(6) O: Weak References:            21681         1080          431 
[2026-04-03T01:36:22.186+0600][20.311s][info][gc,ref      ] GC(6) O: Final References:              84            0            0 
[2026-04-03T01:36:22.186+0600][20.311s][info][gc,ref      ] GC(6) O: Phantom References:           612          546            0 
[2026-04-03T01:36:22.186+0600][20.311s][info][gc,reloc    ] GC(6) O:                        Candidates     Selected     In-Place         Size        Empty    Relocated 
[2026-04-03T01:36:22.186+0600][20.311s][info][gc,reloc    ] GC(6) O: Small Pages:                   13            5            0          26M           0M           1M 
[2026-04-03T01:36:22.186+0600][20.311s][info][gc,reloc    ] GC(6) O: Medium Pages:                   1            0            0          32M           0M           0M 
[2026-04-03T01:36:22.186+0600][20.311s][info][gc,reloc    ] GC(6) O: Large Pages:                    0            0            0           0M           0M           0M 
[2026-04-03T01:36:22.186+0600][20.311s][info][gc,reloc    ] GC(6) O: Forwarding Usage: 0M
[2026-04-03T01:36:22.186+0600][20.311s][info][gc,heap     ] GC(6) O: Min Capacity: 8M(0%)
[2026-04-03T01:36:22.186+0600][20.311s][info][gc,heap     ] GC(6) O: Max Capacity: 3922M(100%)
[2026-04-03T01:36:22.186+0600][20.311s][info][gc,heap     ] GC(6) O: Soft Max Capacity: 3529M(90%)
[2026-04-03T01:36:22.186+0600][20.311s][info][gc,heap     ] GC(6) O: Heap Statistics:
[2026-04-03T01:36:22.186+0600][20.311s][info][gc,heap     ] GC(6) O:                Mark Start          Mark End        Relocate Start      Relocate End           High               Low         
[2026-04-03T01:36:22.186+0600][20.311s][info][gc,heap     ] GC(6) O:  Capacity:     1060M (27%)        1138M (29%)        1138M (29%)        1138M (29%)        1138M (29%)        1060M (27%)    
[2026-04-03T01:36:22.186+0600][20.311s][info][gc,heap     ] GC(6) O:      Free:     2862M (73%)        3434M (88%)        3398M (87%)        3400M (87%)        3452M (88%)        2784M (71%)    
[2026-04-03T01:36:22.186+0600][20.311s][info][gc,heap     ] GC(6) O:      Used:     1060M (27%)         488M (12%)         524M (13%)         522M (13%)        1138M (29%)         470M (12%)    
[2026-04-03T01:36:22.186+0600][20.311s][info][gc,heap     ] GC(6) O: Old Generation Statistics:
[2026-04-03T01:36:22.186+0600][20.311s][info][gc,heap     ] GC(6) O:                Mark Start          Mark End        Relocate Start      Relocate End    
[2026-04-03T01:36:22.186+0600][20.311s][info][gc,heap     ] GC(6) O:      Used:       58M (1%)          282M (7%)          282M (7%)          280M (7%)     
[2026-04-03T01:36:22.186+0600][20.311s][info][gc,heap     ] GC(6) O:      Live:         -                19M (0%)           19M (0%)           19M (0%)     
[2026-04-03T01:36:22.186+0600][20.311s][info][gc,heap     ] GC(6) O:   Garbage:         -                38M (1%)           38M (1%)           27M (1%)     
[2026-04-03T01:36:22.186+0600][20.311s][info][gc,heap     ] GC(6) O: Allocated:         -               224M (6%)          224M (6%)          232M (6%)     
[2026-04-03T01:36:22.186+0600][20.311s][info][gc,heap     ] GC(6) O: Reclaimed:         -                  -                 0M (0%)           10M (0%)     
[2026-04-03T01:36:22.186+0600][20.311s][info][gc,heap     ] GC(6) O: Compacted:         -                  -                  -                 1M (0%)     
[2026-04-03T01:36:22.186+0600][20.311s][info][gc,phases   ] GC(6) O: Old Generation 484M(12%)->522M(13%) 0.097s
[2026-04-03T01:36:22.186+0600][20.311s][info][gc          ] GC(6) Major Collection (Warmup) 1060M(27%)->522M(13%) 0.319s
[2026-04-03T01:36:22.264+0600][20.389s][info][gc          ] GC(7) Major Collection (System.gc())
[2026-04-03T01:36:22.264+0600][20.389s][info][gc,task     ] GC(7) Using 3 Workers for Young Generation
[2026-04-03T01:36:22.264+0600][20.389s][info][gc,task     ] GC(7) Using 3 Workers for Old Generation
[2026-04-03T01:36:22.264+0600][20.389s][info][gc,phases   ] GC(7) Y: Young Generation (Promote All)
[2026-04-03T01:36:22.264+0600][20.389s][info][gc,phases   ] GC(7) Y: Pause Mark Start 0.022ms
[2026-04-03T01:36:22.327+0600][20.452s][info][gc,phases   ] GC(7) Y: Concurrent Mark 62.827ms
[2026-04-03T01:36:22.327+0600][20.453s][info][gc,phases   ] GC(7) Y: Pause Mark End 0.020ms
[2026-04-03T01:36:22.327+0600][20.453s][info][gc,phases   ] GC(7) Y: Concurrent Mark Free 0.002ms
[2026-04-03T01:36:22.328+0600][20.453s][info][gc,phases   ] GC(7) Y: Concurrent Reset Relocation Set 0.052ms
[2026-04-03T01:36:22.329+0600][20.454s][info][gc,reloc    ] GC(7) Y: Using tenuring threshold: 0 (Promote All)
[2026-04-03T01:36:22.340+0600][20.465s][info][gc,phases   ] GC(7) Y: Concurrent Select Relocation Set 12.453ms
[2026-04-03T01:36:22.340+0600][20.465s][info][gc,phases   ] GC(7) Y: Pause Relocate Start 0.016ms
[2026-04-03T01:36:22.365+0600][20.491s][info][gc,phases   ] GC(7) Y: Concurrent Relocate 25.073ms
[2026-04-03T01:36:22.365+0600][20.491s][info][gc,alloc    ] GC(7) Y:                         Mark Start        Mark End      Relocate Start    Relocate End   
[2026-04-03T01:36:22.365+0600][20.491s][info][gc,alloc    ] GC(7) Y: Allocation Stalls:          0                0                0                0         
[2026-04-03T01:36:22.365+0600][20.491s][info][gc,load     ] GC(7) Y: Load: 7.75 (65%) / 10.84 (90%) / 8.25 (69%)
[2026-04-03T01:36:22.365+0600][20.491s][info][gc,mmu      ] GC(7) Y: MMU: 2ms/97.2%, 5ms/98.9%, 10ms/99.1%, 20ms/99.6%, 50ms/99.7%, 100ms/99.9%
[2026-04-03T01:36:22.365+0600][20.491s][info][gc,marking  ] GC(7) Y: Mark: 2 stripe(s), 1 proactive flush(es), 1 terminate flush(es), 0 completion(s), 0 continuation(s) 
[2026-04-03T01:36:22.365+0600][20.491s][info][gc,marking  ] GC(7) Y: Mark Stack Usage: 32M
[2026-04-03T01:36:22.365+0600][20.491s][info][gc,nmethod  ] GC(7) Y: NMethods: 8921 registered, 1390 unregistered
[2026-04-03T01:36:22.365+0600][20.491s][info][gc,metaspace] GC(7) Y: Metaspace: 119M used, 121M committed, 1152M reserved
[2026-04-03T01:36:22.365+0600][20.491s][info][gc,reloc    ] GC(7) Y:                        Candidates     Selected     In-Place         Size        Empty    Relocated 
[2026-04-03T01:36:22.365+0600][20.491s][info][gc,reloc    ] GC(7) Y: Small Pages:                  105           85            0         210M           0M           5M 
[2026-04-03T01:36:22.365+0600][20.491s][info][gc,reloc    ] GC(7) Y: Medium Pages:                   2            0            0          64M          32M           0M 
[2026-04-03T01:36:22.365+0600][20.491s][info][gc,reloc    ] GC(7) Y: Large Pages:                    2            0            0          12M          12M           0M 
[2026-04-03T01:36:22.365+0600][20.491s][info][gc,reloc    ] GC(7) Y: Forwarding Usage: 3M
[2026-04-03T01:36:22.365+0600][20.491s][info][gc,reloc    ] GC(7) Y: Age Table:
[2026-04-03T01:36:22.365+0600][20.491s][info][gc,reloc    ] GC(7) Y:                    Live             Garbage             Small              Medium             Large        
[2026-04-03T01:36:22.365+0600][20.491s][info][gc,reloc    ] GC(7) Y: Eden               3M (0%)          210M (5%)          85 / 82             1 / 0              2 / 0        
[2026-04-03T01:36:22.365+0600][20.491s][info][gc,reloc    ] GC(7) Y: Survivor 1        32M (1%)           39M (1%)          20 / 3              1 / 0              0 / 0        
[2026-04-03T01:36:22.365+0600][20.491s][info][gc,heap     ] GC(7) Y: Min Capacity: 8M(0%)
[2026-04-03T01:36:22.365+0600][20.491s][info][gc,heap     ] GC(7) Y: Max Capacity: 3922M(100%)
[2026-04-03T01:36:22.365+0600][20.491s][info][gc,heap     ] GC(7) Y: Soft Max Capacity: 3529M(90%)
[2026-04-03T01:36:22.365+0600][20.491s][info][gc,heap     ] GC(7) Y: Heap Statistics:
[2026-04-03T01:36:22.365+0600][20.491s][info][gc,heap     ] GC(7) Y:                Mark Start          Mark End        Relocate Start      Relocate End           High               Low         
[2026-04-03T01:36:22.365+0600][20.491s][info][gc,heap     ] GC(7) Y:  Capacity:     1138M (29%)        1138M (29%)        1138M (29%)        1138M (29%)        1138M (29%)        1138M (29%)    
[2026-04-03T01:36:22.366+0600][20.491s][info][gc,heap     ] GC(7) Y:      Free:     3356M (86%)        3354M (86%)        3398M (87%)        3566M (91%)        3566M (91%)        3354M (86%)    
[2026-04-03T01:36:22.366+0600][20.491s][info][gc,heap     ] GC(7) Y:      Used:      566M (14%)         568M (14%)         524M (13%)         356M (9%)          568M (14%)         356M (9%)     
[2026-04-03T01:36:22.366+0600][20.491s][info][gc,heap     ] GC(7) Y: Young Generation Statistics:
[2026-04-03T01:36:22.366+0600][20.491s][info][gc,heap     ] GC(7) Y:                Mark Start          Mark End        Relocate Start      Relocate End    
[2026-04-03T01:36:22.366+0600][20.491s][info][gc,heap     ] GC(7) Y:      Used:      286M (7%)          288M (7%)          180M (5%)            2M (0%)     
[2026-04-03T01:36:22.366+0600][20.491s][info][gc,heap     ] GC(7) Y:      Live:         -                36M (1%)            6M (0%)            0M (0%)     
[2026-04-03T01:36:22.366+0600][20.491s][info][gc,heap     ] GC(7) Y:   Garbage:         -               249M (6%)          171M (4%)            0M (0%)     
[2026-04-03T01:36:22.366+0600][20.491s][info][gc,heap     ] GC(7) Y: Allocated:         -                 2M (0%)            2M (0%)            2M (0%)     
[2026-04-03T01:36:22.366+0600][20.491s][info][gc,heap     ] GC(7) Y: Reclaimed:         -                  -                78M (2%)          249M (6%)     
[2026-04-03T01:36:22.366+0600][20.491s][info][gc,heap     ] GC(7) Y:  Promoted:         -                  -                29M (1%)           36M (1%)     
[2026-04-03T01:36:22.366+0600][20.491s][info][gc,heap     ] GC(7) Y: Compacted:         -                  -                  -                 0M (0%)     
[2026-04-03T01:36:22.366+0600][20.491s][info][gc,phases   ] GC(7) Y: Young Generation (Promote All) 566M(14%)->356M(9%) 0.102s
[2026-04-03T01:36:22.366+0600][20.491s][info][gc,phases   ] GC(7) Y: Young Generation (Collect Roots)
[2026-04-03T01:36:22.366+0600][20.491s][info][gc,phases   ] GC(7) Y: Pause Mark Start (Major) 0.035ms
[2026-04-03T01:36:22.377+0600][20.502s][info][gc,phases   ] GC(7) Y: Concurrent Mark 10.784ms
[2026-04-03T01:36:22.377+0600][20.502s][info][gc,phases   ] GC(7) Y: Pause Mark End 0.018ms
[2026-04-03T01:36:22.377+0600][20.502s][info][gc,phases   ] GC(7) Y: Concurrent Mark Free 0.001ms
[2026-04-03T01:36:22.377+0600][20.502s][info][gc,phases   ] GC(7) Y: Concurrent Reset Relocation Set 0.030ms
[2026-04-03T01:36:22.378+0600][20.504s][info][gc,reloc    ] GC(7) Y: Using tenuring threshold: 1 (Computed)
[2026-04-03T01:36:22.379+0600][20.504s][info][gc,phases   ] GC(7) Y: Concurrent Select Relocation Set 1.447ms
[2026-04-03T01:36:22.379+0600][20.504s][info][gc,phases   ] GC(7) Y: Pause Relocate Start 0.021ms
[2026-04-03T01:36:22.379+0600][20.504s][info][gc,phases   ] GC(7) Y: Concurrent Relocate 0.096ms
[2026-04-03T01:36:22.379+0600][20.504s][info][gc,alloc    ] GC(7) Y:                         Mark Start        Mark End      Relocate Start    Relocate End   
[2026-04-03T01:36:22.379+0600][20.504s][info][gc,alloc    ] GC(7) Y: Allocation Stalls:          0                0                0                0         
[2026-04-03T01:36:22.379+0600][20.504s][info][gc,load     ] GC(7) Y: Load: 7.75 (65%) / 10.84 (90%) / 8.25 (69%)
[2026-04-03T01:36:22.379+0600][20.504s][info][gc,mmu      ] GC(7) Y: MMU: 2ms/97.2%, 5ms/98.9%, 10ms/99.1%, 20ms/99.6%, 50ms/99.7%, 100ms/99.9%
[2026-04-03T01:36:22.379+0600][20.504s][info][gc,marking  ] GC(7) Y: Mark: 2 stripe(s), 1 proactive flush(es), 1 terminate flush(es), 0 completion(s), 0 continuation(s) 
[2026-04-03T01:36:22.379+0600][20.504s][info][gc,marking  ] GC(7) Y: Mark Stack Usage: 32M
[2026-04-03T01:36:22.379+0600][20.504s][info][gc,nmethod  ] GC(7) Y: NMethods: 8921 registered, 1390 unregistered
[2026-04-03T01:36:22.379+0600][20.504s][info][gc,metaspace] GC(7) Y: Metaspace: 119M used, 121M committed, 1152M reserved
[2026-04-03T01:36:22.379+0600][20.504s][info][gc,reloc    ] GC(7) Y:                        Candidates     Selected     In-Place         Size        Empty    Relocated 
[2026-04-03T01:36:22.379+0600][20.504s][info][gc,reloc    ] GC(7) Y: Small Pages:                    1            0            0           2M           0M           0M 
[2026-04-03T01:36:22.379+0600][20.504s][info][gc,reloc    ] GC(7) Y: Medium Pages:                   0            0            0           0M           0M           0M 
[2026-04-03T01:36:22.379+0600][20.504s][info][gc,reloc    ] GC(7) Y: Large Pages:                    0            0            0           0M           0M           0M 
[2026-04-03T01:36:22.379+0600][20.504s][info][gc,reloc    ] GC(7) Y: Forwarding Usage: 0M
[2026-04-03T01:36:22.379+0600][20.504s][info][gc,reloc    ] GC(7) Y: Age Table:
[2026-04-03T01:36:22.379+0600][20.504s][info][gc,reloc    ] GC(7) Y:                    Live             Garbage             Small              Medium             Large        
[2026-04-03T01:36:22.379+0600][20.504s][info][gc,reloc    ] GC(7) Y: Eden               0M (0%)            1M (0%)           1 / 0              0 / 0              0 / 0        
[2026-04-03T01:36:22.379+0600][20.504s][info][gc,heap     ] GC(7) Y: Min Capacity: 8M(0%)
[2026-04-03T01:36:22.379+0600][20.504s][info][gc,heap     ] GC(7) Y: Max Capacity: 3922M(100%)
[2026-04-03T01:36:22.379+0600][20.504s][info][gc,heap     ] GC(7) Y: Soft Max Capacity: 3529M(90%)
[2026-04-03T01:36:22.379+0600][20.504s][info][gc,heap     ] GC(7) Y: Heap Statistics:
[2026-04-03T01:36:22.379+0600][20.505s][info][gc,heap     ] GC(7) Y:                Mark Start          Mark End        Relocate Start      Relocate End           High               Low         
[2026-04-03T01:36:22.379+0600][20.505s][info][gc,heap     ] GC(7) Y:  Capacity:     1138M (29%)        1138M (29%)        1138M (29%)        1138M (29%)        1138M (29%)        1138M (29%)    
[2026-04-03T01:36:22.379+0600][20.505s][info][gc,heap     ] GC(7) Y:      Free:     3566M (91%)        3566M (91%)        3566M (91%)        3566M (91%)        3566M (91%)        3566M (91%)    
[2026-04-03T01:36:22.379+0600][20.505s][info][gc,heap     ] GC(7) Y:      Used:      356M (9%)          356M (9%)          356M (9%)          356M (9%)          356M (9%)          356M (9%)     
[2026-04-03T01:36:22.379+0600][20.505s][info][gc,heap     ] GC(7) Y: Young Generation Statistics:
[2026-04-03T01:36:22.379+0600][20.505s][info][gc,heap     ] GC(7) Y:                Mark Start          Mark End        Relocate Start      Relocate End    
[2026-04-03T01:36:22.379+0600][20.505s][info][gc,heap     ] GC(7) Y:      Used:        2M (0%)            2M (0%)            2M (0%)            2M (0%)     
[2026-04-03T01:36:22.379+0600][20.505s][info][gc,heap     ] GC(7) Y:      Live:         -                 0M (0%)            0M (0%)            0M (0%)     
[2026-04-03T01:36:22.379+0600][20.505s][info][gc,heap     ] GC(7) Y:   Garbage:         -                 1M (0%)            1M (0%)            1M (0%)     
[2026-04-03T01:36:22.379+0600][20.505s][info][gc,heap     ] GC(7) Y: Allocated:         -                 0M (0%)            0M (0%)            0M (0%)     
[2026-04-03T01:36:22.379+0600][20.505s][info][gc,heap     ] GC(7) Y: Reclaimed:         -                  -                 0M (0%)            0M (0%)     
[2026-04-03T01:36:22.379+0600][20.505s][info][gc,heap     ] GC(7) Y:  Promoted:         -                  -                 0M (0%)            0M (0%)     
[2026-04-03T01:36:22.379+0600][20.505s][info][gc,heap     ] GC(7) Y: Compacted:         -                  -                  -                 0M (0%)     
[2026-04-03T01:36:22.379+0600][20.505s][info][gc,phases   ] GC(7) Y: Young Generation (Collect Roots) 356M(9%)->356M(9%) 0.013s
[2026-04-03T01:36:22.379+0600][20.505s][info][gc,phases   ] GC(7) O: Old Generation
[2026-04-03T01:36:22.452+0600][20.578s][info][gc,phases   ] GC(7) O: Concurrent Mark 72.991ms
[2026-04-03T01:36:22.452+0600][20.578s][info][gc,phases   ] GC(7) O: Pause Mark End 0.021ms
[2026-04-03T01:36:22.452+0600][20.578s][info][gc,phases   ] GC(7) O: Concurrent Mark Free 0.001ms
[2026-04-03T01:36:22.476+0600][20.602s][info][gc,phases   ] GC(7) O: Concurrent Process Non-Strong 23.758ms
[2026-04-03T01:36:22.476+0600][20.602s][info][gc,phases   ] GC(7) O: Concurrent Reset Relocation Set 0.002ms
[2026-04-03T01:36:22.483+0600][20.609s][info][gc,phases   ] GC(7) O: Concurrent Select Relocation Set 7.001ms
[2026-04-03T01:36:22.483+0600][20.609s][info][gc,task     ] GC(7) O: Using 3 Workers for Old Generation
[2026-04-03T01:36:22.507+0600][20.632s][info][gc,task     ] GC(7) O: Using 3 Workers for Old Generation
[2026-04-03T01:36:22.507+0600][20.632s][info][gc,phases   ] GC(7) O: Concurrent Remap Roots 23.268ms
[2026-04-03T01:36:22.507+0600][20.633s][info][gc,phases   ] GC(7) O: Pause Relocate Start 0.023ms
[2026-04-03T01:36:22.539+0600][20.665s][info][gc,phases   ] GC(7) O: Concurrent Relocate 31.761ms
[2026-04-03T01:36:22.539+0600][20.665s][info][gc,alloc    ] GC(7) O:                         Mark Start        Mark End      Relocate Start    Relocate End   
[2026-04-03T01:36:22.539+0600][20.665s][info][gc,alloc    ] GC(7) O: Allocation Stalls:          0                0                0                0         
[2026-04-03T01:36:22.539+0600][20.665s][info][gc,load     ] GC(7) O: Load: 7.75 (65%) / 10.84 (90%) / 8.25 (69%)
[2026-04-03T01:36:22.539+0600][20.665s][info][gc,mmu      ] GC(7) O: MMU: 2ms/97.2%, 5ms/98.9%, 10ms/99.1%, 20ms/99.6%, 50ms/99.7%, 100ms/99.9%
[2026-04-03T01:36:22.539+0600][20.665s][info][gc,marking  ] GC(7) O: Mark: 2 stripe(s), 3 proactive flush(es), 1 terminate flush(es), 0 completion(s), 0 continuation(s) 
[2026-04-03T01:36:22.539+0600][20.665s][info][gc,marking  ] GC(7) O: Mark Stack Usage: 32M
[2026-04-03T01:36:22.539+0600][20.665s][info][gc,nmethod  ] GC(7) O: NMethods: 8870 registered, 1464 unregistered
[2026-04-03T01:36:22.539+0600][20.665s][info][gc,metaspace] GC(7) O: Metaspace: 119M used, 121M committed, 1152M reserved
[2026-04-03T01:36:22.539+0600][20.665s][info][gc,ref      ] GC(7) O:                       Encountered   Discovered     Enqueued 
[2026-04-03T01:36:22.539+0600][20.665s][info][gc,ref      ] GC(7) O: Soft References:             5919            0            0 
[2026-04-03T01:36:22.539+0600][20.665s][info][gc,ref      ] GC(7) O: Weak References:            21701        17221         7733 
[2026-04-03T01:36:22.539+0600][20.665s][info][gc,ref      ] GC(7) O: Final References:              84            0            0 
[2026-04-03T01:36:22.539+0600][20.665s][info][gc,ref      ] GC(7) O: Phantom References:           613          443            4 
[2026-04-03T01:36:22.539+0600][20.665s][info][gc,reloc    ] GC(7) O:                        Candidates     Selected     In-Place         Size        Empty    Relocated 
[2026-04-03T01:36:22.539+0600][20.665s][info][gc,reloc    ] GC(7) O: Small Pages:                   57           13            0         114M           0M           6M 
[2026-04-03T01:36:22.539+0600][20.665s][info][gc,reloc    ] GC(7) O: Medium Pages:                   3            2            0          96M           0M           6M 
[2026-04-03T01:36:22.539+0600][20.665s][info][gc,reloc    ] GC(7) O: Large Pages:                    8            0            0         144M         144M           0M 
[2026-04-03T01:36:22.539+0600][20.665s][info][gc,reloc    ] GC(7) O: Forwarding Usage: 12M
[2026-04-03T01:36:22.539+0600][20.665s][info][gc,heap     ] GC(7) O: Min Capacity: 8M(0%)
[2026-04-03T01:36:22.539+0600][20.665s][info][gc,heap     ] GC(7) O: Max Capacity: 3922M(100%)
[2026-04-03T01:36:22.540+0600][20.665s][info][gc,heap     ] GC(7) O: Soft Max Capacity: 3529M(90%)
[2026-04-03T01:36:22.540+0600][20.665s][info][gc,heap     ] GC(7) O: Heap Statistics:
[2026-04-03T01:36:22.540+0600][20.665s][info][gc,heap     ] GC(7) O:                Mark Start          Mark End        Relocate Start      Relocate End           High               Low         
[2026-04-03T01:36:22.540+0600][20.665s][info][gc,heap     ] GC(7) O:  Capacity:     1138M (29%)        1138M (29%)        1138M (29%)        1138M (29%)        1138M (29%)        1138M (29%)    
[2026-04-03T01:36:22.540+0600][20.665s][info][gc,heap     ] GC(7) O:      Free:     3566M (91%)        3564M (91%)        3698M (94%)        3770M (96%)        3780M (96%)        3562M (91%)    
[2026-04-03T01:36:22.540+0600][20.665s][info][gc,heap     ] GC(7) O:      Used:      356M (9%)          358M (9%)          224M (6%)          152M (4%)          360M (9%)          142M (4%)     
[2026-04-03T01:36:22.540+0600][20.665s][info][gc,heap     ] GC(7) O: Old Generation Statistics:
[2026-04-03T01:36:22.540+0600][20.665s][info][gc,heap     ] GC(7) O:                Mark Start          Mark End        Relocate Start      Relocate End    
[2026-04-03T01:36:22.540+0600][20.665s][info][gc,heap     ] GC(7) O:      Used:      354M (9%)          354M (9%)          210M (5%)          130M (3%)     
[2026-04-03T01:36:22.540+0600][20.665s][info][gc,heap     ] GC(7) O:      Live:         -                89M (2%)           89M (2%)           89M (2%)     
[2026-04-03T01:36:22.540+0600][20.665s][info][gc,heap     ] GC(7) O:   Garbage:         -               264M (7%)          120M (3%)            2M (0%)     
[2026-04-03T01:36:22.540+0600][20.665s][info][gc,heap     ] GC(7) O: Allocated:         -                 0M (0%)            0M (0%)           37M (1%)     
[2026-04-03T01:36:22.540+0600][20.665s][info][gc,heap     ] GC(7) O: Reclaimed:         -                  -               144M (4%)          261M (7%)     
[2026-04-03T01:36:22.540+0600][20.665s][info][gc,heap     ] GC(7) O: Compacted:         -                  -                  -                38M (1%)     
[2026-04-03T01:36:22.540+0600][20.665s][info][gc,phases   ] GC(7) O: Old Generation 356M(9%)->152M(4%) 0.160s
[2026-04-03T01:36:22.540+0600][20.665s][info][gc          ] GC(7) Major Collection (System.gc()) 566M(14%)->152M(4%) 0.276s
[2026-04-03T01:36:26.629+0600][24.755s][info][gc          ] GC(8) Minor Collection (Allocation Rate)
[2026-04-03T01:36:26.629+0600][24.755s][info][gc,task     ] GC(8) Using 1 Workers for Young Generation
[2026-04-03T01:36:26.629+0600][24.755s][info][gc,phases   ] GC(8) y: Young Generation
[2026-04-03T01:36:26.656+0600][24.781s][info][gc,phases   ] GC(8) y: Pause Mark Start 0.028ms
[2026-04-03T01:36:26.727+0600][24.853s][info][gc,phases   ] GC(8) y: Concurrent Mark 70.841ms
[2026-04-03T01:36:26.728+0600][24.854s][info][gc,phases   ] GC(8) y: Pause Mark End 0.027ms
[2026-04-03T01:36:26.729+0600][24.854s][info][gc,phases   ] GC(8) y: Concurrent Mark Free 0.002ms
[2026-04-03T01:36:26.729+0600][24.854s][info][gc,phases   ] GC(8) y: Concurrent Reset Relocation Set 0.001ms
[2026-04-03T01:36:26.733+0600][24.858s][info][gc,reloc    ] GC(8) y: Using tenuring threshold: 1 (Computed)
[2026-04-03T01:36:26.735+0600][24.860s][info][gc,phases   ] GC(8) y: Concurrent Select Relocation Set 5.928ms
[2026-04-03T01:36:26.736+0600][24.861s][info][gc,phases   ] GC(8) y: Pause Relocate Start 0.022ms
[2026-04-03T01:36:26.755+0600][24.881s][info][gc,phases   ] GC(8) y: Concurrent Relocate 19.566ms
[2026-04-03T01:36:26.755+0600][24.881s][info][gc,alloc    ] GC(8) y:                         Mark Start        Mark End      Relocate Start    Relocate End   
[2026-04-03T01:36:26.755+0600][24.881s][info][gc,alloc    ] GC(8) y: Allocation Stalls:          0                0                0                0         
[2026-04-03T01:36:26.755+0600][24.881s][info][gc,load     ] GC(8) y: Load: 7.45 (62%) / 10.73 (89%) / 8.23 (69%)
[2026-04-03T01:36:26.755+0600][24.881s][info][gc,mmu      ] GC(8) y: MMU: 2ms/97.2%, 5ms/98.9%, 10ms/99.1%, 20ms/99.6%, 50ms/99.7%, 100ms/99.9%
[2026-04-03T01:36:26.755+0600][24.881s][info][gc,marking  ] GC(8) y: Mark: 1 stripe(s), 2 proactive flush(es), 1 terminate flush(es), 0 completion(s), 0 continuation(s) 
[2026-04-03T01:36:26.755+0600][24.881s][info][gc,marking  ] GC(8) y: Mark Stack Usage: 32M
[2026-04-03T01:36:26.755+0600][24.881s][info][gc,nmethod  ] GC(8) y: NMethods: 11865 registered, 0 unregistered
[2026-04-03T01:36:26.755+0600][24.881s][info][gc,metaspace] GC(8) y: Metaspace: 125M used, 126M committed, 1152M reserved
[2026-04-03T01:36:26.755+0600][24.881s][info][gc,reloc    ] GC(8) y:                        Candidates     Selected     In-Place         Size        Empty    Relocated 
[2026-04-03T01:36:26.755+0600][24.881s][info][gc,reloc    ] GC(8) y: Small Pages:                  391          309            0         782M         152M           8M 
[2026-04-03T01:36:26.756+0600][24.881s][info][gc,reloc    ] GC(8) y: Medium Pages:                   5            0            0         160M         128M           0M 
[2026-04-03T01:36:26.756+0600][24.881s][info][gc,reloc    ] GC(8) y: Large Pages:                  149            0            0         894M         894M           0M 
[2026-04-03T01:36:26.756+0600][24.881s][info][gc,reloc    ] GC(8) y: Forwarding Usage: 2M
[2026-04-03T01:36:26.756+0600][24.881s][info][gc,reloc    ] GC(8) y: Age Table:
[2026-04-03T01:36:26.756+0600][24.881s][info][gc,reloc    ] GC(8) y:                    Live             Garbage             Small              Medium             Large        
[2026-04-03T01:36:26.756+0600][24.881s][info][gc,reloc    ] GC(8) y: Eden              11M (0%)         1822M (46%)        390 / 309            5 / 0            149 / 0        
[2026-04-03T01:36:26.756+0600][24.881s][info][gc,reloc    ] GC(8) y: Survivor 1          -                 2M (0%)           1 / 0              0 / 0              0 / 0        
[2026-04-03T01:36:26.756+0600][24.881s][info][gc,heap     ] GC(8) y: Min Capacity: 8M(0%)
[2026-04-03T01:36:26.756+0600][24.881s][info][gc,heap     ] GC(8) y: Max Capacity: 3922M(100%)
[2026-04-03T01:36:26.756+0600][24.881s][info][gc,heap     ] GC(8) y: Soft Max Capacity: 3529M(90%)
[2026-04-03T01:36:26.756+0600][24.881s][info][gc,heap     ] GC(8) y: Heap Statistics:
[2026-04-03T01:36:26.756+0600][24.881s][info][gc,heap     ] GC(8) y:                Mark Start          Mark End        Relocate Start      Relocate End           High               Low         
[2026-04-03T01:36:26.756+0600][24.881s][info][gc,heap     ] GC(8) y:  Capacity:     2030M (52%)        2054M (52%)        2054M (52%)        2054M (52%)        2054M (52%)        2030M (52%)    
[2026-04-03T01:36:26.756+0600][24.881s][info][gc,heap     ] GC(8) y:      Free:     1956M (50%)        1868M (48%)        3036M (77%)        3632M (93%)        3632M (93%)        1868M (48%)    
[2026-04-03T01:36:26.756+0600][24.881s][info][gc,heap     ] GC(8) y:      Used:     1966M (50%)        2054M (52%)         886M (23%)         290M (7%)         2054M (52%)         290M (7%)     
[2026-04-03T01:36:26.756+0600][24.881s][info][gc,heap     ] GC(8) y: Young Generation Statistics:
[2026-04-03T01:36:26.756+0600][24.881s][info][gc,heap     ] GC(8) y:                Mark Start          Mark End        Relocate Start      Relocate End    
[2026-04-03T01:36:26.756+0600][24.881s][info][gc,heap     ] GC(8) y:      Used:     1836M (47%)        1924M (49%)         756M (19%)         160M (4%)     
[2026-04-03T01:36:26.756+0600][24.881s][info][gc,heap     ] GC(8) y:      Live:         -                11M (0%)           11M (0%)           11M (0%)     
[2026-04-03T01:36:26.756+0600][24.881s][info][gc,heap     ] GC(8) y:   Garbage:         -              1824M (47%)         650M (17%)          30M (1%)     
[2026-04-03T01:36:26.756+0600][24.881s][info][gc,heap     ] GC(8) y: Allocated:         -                88M (2%)           94M (2%)          117M (3%)     
[2026-04-03T01:36:26.756+0600][24.881s][info][gc,heap     ] GC(8) y: Reclaimed:         -                  -              1174M (30%)        1793M (46%)    
[2026-04-03T01:36:26.756+0600][24.881s][info][gc,heap     ] GC(8) y:  Promoted:         -                  -                 0M (0%)            0M (0%)     
[2026-04-03T01:36:26.756+0600][24.881s][info][gc,heap     ] GC(8) y: Compacted:         -                  -                  -                 8M (0%)     
[2026-04-03T01:36:26.756+0600][24.881s][info][gc,phases   ] GC(8) y: Young Generation 2030M(52%)->290M(7%) 0.126s
[2026-04-03T01:36:26.756+0600][24.881s][info][gc          ] GC(8) Minor Collection (Allocation Rate) 2030M(52%)->290M(7%) 0.127s
[2026-04-03T01:36:29.092+0600][27.217s][info][gc          ] GC(9) Minor Collection (Allocation Rate)
[2026-04-03T01:36:29.092+0600][27.217s][info][gc,task     ] GC(9) Using 1 Workers for Young Generation
[2026-04-03T01:36:29.092+0600][27.217s][info][gc,phases   ] GC(9) y: Young Generation
[2026-04-03T01:36:29.092+0600][27.218s][info][gc,phases   ] GC(9) y: Pause Mark Start 0.036ms
[2026-04-03T01:36:29.187+0600][27.312s][info][gc,phases   ] GC(9) y: Concurrent Mark 94.275ms
[2026-04-03T01:36:29.187+0600][27.312s][info][gc,phases   ] GC(9) y: Pause Mark End 0.015ms
[2026-04-03T01:36:29.187+0600][27.312s][info][gc,phases   ] GC(9) y: Concurrent Mark Free 0.002ms
[2026-04-03T01:36:29.187+0600][27.312s][info][gc,phases   ] GC(9) y: Concurrent Reset Relocation Set 0.018ms
[2026-04-03T01:36:29.189+0600][27.314s][info][gc,reloc    ] GC(9) y: Using tenuring threshold: 2 (Computed)
[2026-04-03T01:36:29.189+0600][27.315s][info][gc,phases   ] GC(9) y: Concurrent Select Relocation Set 2.472ms
[2026-04-03T01:36:29.190+0600][27.315s][info][gc,phases   ] GC(9) y: Pause Relocate Start 0.012ms
[2026-04-03T01:36:29.200+0600][27.325s][info][gc,phases   ] GC(9) y: Concurrent Relocate 10.192ms
[2026-04-03T01:36:29.200+0600][27.325s][info][gc,alloc    ] GC(9) y:                         Mark Start        Mark End      Relocate Start    Relocate End   
[2026-04-03T01:36:29.200+0600][27.325s][info][gc,alloc    ] GC(9) y: Allocation Stalls:          0                0                0                0         
[2026-04-03T01:36:29.200+0600][27.325s][info][gc,load     ] GC(9) y: Load: 6.94 (58%) / 10.56 (88%) / 8.19 (68%)
[2026-04-03T01:36:29.200+0600][27.325s][info][gc,mmu      ] GC(9) y: MMU: 2ms/97.2%, 5ms/98.9%, 10ms/99.1%, 20ms/99.6%, 50ms/99.7%, 100ms/99.9%
[2026-04-03T01:36:29.200+0600][27.325s][info][gc,marking  ] GC(9) y: Mark: 1 stripe(s), 3 proactive flush(es), 1 terminate flush(es), 0 completion(s), 0 continuation(s) 
[2026-04-03T01:36:29.200+0600][27.325s][info][gc,marking  ] GC(9) y: Mark Stack Usage: 32M
[2026-04-03T01:36:29.200+0600][27.325s][info][gc,nmethod  ] GC(9) y: NMethods: 13146 registered, 0 unregistered
[2026-04-03T01:36:29.200+0600][27.325s][info][gc,metaspace] GC(9) y: Metaspace: 126M used, 127M committed, 1152M reserved
[2026-04-03T01:36:29.200+0600][27.325s][info][gc,reloc    ] GC(9) y:                        Candidates     Selected     In-Place         Size        Empty    Relocated 
[2026-04-03T01:36:29.200+0600][27.325s][info][gc,reloc    ] GC(9) y: Small Pages:                  553          331            0        1106M         428M           8M 
[2026-04-03T01:36:29.200+0600][27.325s][info][gc,reloc    ] GC(9) y: Medium Pages:                   8            0            0         256M         224M           0M 
[2026-04-03T01:36:29.200+0600][27.325s][info][gc,reloc    ] GC(9) y: Large Pages:                   27            0            0         162M         162M           0M 
[2026-04-03T01:36:29.200+0600][27.325s][info][gc,reloc    ] GC(9) y: Forwarding Usage: 2M
[2026-04-03T01:36:29.200+0600][27.325s][info][gc,reloc    ] GC(9) y: Age Table:
[2026-04-03T01:36:29.200+0600][27.325s][info][gc,reloc    ] GC(9) y:                    Live             Garbage             Small              Medium             Large        
[2026-04-03T01:36:29.200+0600][27.325s][info][gc,reloc    ] GC(9) y: Eden               7M (0%)         1452M (37%)        537 / 319            7 / 0             27 / 0        
[2026-04-03T01:36:29.200+0600][27.325s][info][gc,reloc    ] GC(9) y: Survivor 1         6M (0%)           57M (1%)          16 / 12             1 / 0              0 / 0        
[2026-04-03T01:36:29.200+0600][27.325s][info][gc,heap     ] GC(9) y: Min Capacity: 8M(0%)
[2026-04-03T01:36:29.200+0600][27.326s][info][gc,heap     ] GC(9) y: Max Capacity: 3922M(100%)
[2026-04-03T01:36:29.200+0600][27.326s][info][gc,heap     ] GC(9) y: Soft Max Capacity: 3529M(90%)
[2026-04-03T01:36:29.200+0600][27.326s][info][gc,heap     ] GC(9) y: Heap Statistics:
[2026-04-03T01:36:29.200+0600][27.326s][info][gc,heap     ] GC(9) y:                Mark Start          Mark End        Relocate Start      Relocate End           High               Low         
[2026-04-03T01:36:29.200+0600][27.326s][info][gc,heap     ] GC(9) y:  Capacity:     2118M (54%)        2310M (59%)        2310M (59%)        2310M (59%)        2310M (59%)        2118M (54%)    
[2026-04-03T01:36:29.200+0600][27.326s][info][gc,heap     ] GC(9) y:      Free:     2268M (58%)        2214M (56%)        3028M (77%)        3664M (93%)        3664M (93%)        2056M (52%)    
[2026-04-03T01:36:29.200+0600][27.326s][info][gc,heap     ] GC(9) y:      Used:     1654M (42%)        1708M (44%)         894M (23%)         258M (7%)         1866M (48%)         258M (7%)     
[2026-04-03T01:36:29.200+0600][27.326s][info][gc,heap     ] GC(9) y: Young Generation Statistics:
[2026-04-03T01:36:29.200+0600][27.326s][info][gc,heap     ] GC(9) y:                Mark Start          Mark End        Relocate Start      Relocate End    
[2026-04-03T01:36:29.200+0600][27.326s][info][gc,heap     ] GC(9) y:      Used:     1524M (39%)        1578M (40%)         764M (19%)         128M (3%)     
[2026-04-03T01:36:29.200+0600][27.326s][info][gc,heap     ] GC(9) y:      Live:         -                14M (0%)           14M (0%)           14M (0%)     
[2026-04-03T01:36:29.200+0600][27.326s][info][gc,heap     ] GC(9) y:   Garbage:         -              1509M (38%)         695M (18%)          31M (1%)     
[2026-04-03T01:36:29.200+0600][27.326s][info][gc,heap     ] GC(9) y: Allocated:         -                54M (1%)           54M (1%)           81M (2%)     
[2026-04-03T01:36:29.200+0600][27.326s][info][gc,heap     ] GC(9) y: Reclaimed:         -                  -               814M (21%)        1477M (38%)    
[2026-04-03T01:36:29.200+0600][27.326s][info][gc,heap     ] GC(9) y:  Promoted:         -                  -                 0M (0%)            0M (0%)     
[2026-04-03T01:36:29.200+0600][27.326s][info][gc,heap     ] GC(9) y: Compacted:         -                  -                  -                10M (0%)     
[2026-04-03T01:36:29.200+0600][27.326s][info][gc,phases   ] GC(9) y: Young Generation 1654M(42%)->258M(7%) 0.108s
[2026-04-03T01:36:29.200+0600][27.326s][info][gc          ] GC(9) Minor Collection (Allocation Rate) 1654M(42%)->258M(7%) 0.109s
[2026-04-03T01:36:30.948+0600][29.073s][info][gc          ] GC(10) Minor Collection (Allocation Rate)
[2026-04-03T01:36:30.948+0600][29.073s][info][gc,task     ] GC(10) Using 1 Workers for Young Generation
[2026-04-03T01:36:30.948+0600][29.073s][info][gc,phases   ] GC(10) y: Young Generation
[2026-04-03T01:36:30.948+0600][29.074s][info][gc,phases   ] GC(10) y: Pause Mark Start 0.026ms
[2026-04-03T01:36:31.048+0600][29.173s][info][gc,phases   ] GC(10) y: Concurrent Mark 99.357ms
[2026-04-03T01:36:31.048+0600][29.173s][info][gc,phases   ] GC(10) y: Pause Mark End 0.030ms
[2026-04-03T01:36:31.048+0600][29.174s][info][gc,phases   ] GC(10) y: Concurrent Mark Free 0.003ms
[2026-04-03T01:36:31.048+0600][29.174s][info][gc,phases   ] GC(10) y: Concurrent Reset Relocation Set 0.032ms
[2026-04-03T01:36:31.051+0600][29.176s][info][gc,reloc    ] GC(10) y: Using tenuring threshold: 3 (Computed)
[2026-04-03T01:36:31.052+0600][29.177s][info][gc,phases   ] GC(10) y: Concurrent Select Relocation Set 3.291ms
[2026-04-03T01:36:31.052+0600][29.177s][info][gc,phases   ] GC(10) y: Pause Relocate Start 0.024ms
[2026-04-03T01:36:31.072+0600][29.198s][info][gc,phases   ] GC(10) y: Concurrent Relocate 20.391ms
[2026-04-03T01:36:31.073+0600][29.198s][info][gc,alloc    ] GC(10) y:                         Mark Start        Mark End      Relocate Start    Relocate End   
[2026-04-03T01:36:31.073+0600][29.198s][info][gc,alloc    ] GC(10) y: Allocation Stalls:          0                0                0                0         
[2026-04-03T01:36:31.073+0600][29.198s][info][gc,load     ] GC(10) y: Load: 6.94 (58%) / 10.56 (88%) / 8.19 (68%)
[2026-04-03T01:36:31.073+0600][29.198s][info][gc,mmu      ] GC(10) y: MMU: 2ms/97.2%, 5ms/98.9%, 10ms/99.1%, 20ms/99.6%, 50ms/99.7%, 100ms/99.9%
[2026-04-03T01:36:31.073+0600][29.198s][info][gc,marking  ] GC(10) y: Mark: 1 stripe(s), 2 proactive flush(es), 1 terminate flush(es), 0 completion(s), 0 continuation(s) 
[2026-04-03T01:36:31.073+0600][29.198s][info][gc,marking  ] GC(10) y: Mark Stack Usage: 32M
[2026-04-03T01:36:31.073+0600][29.198s][info][gc,nmethod  ] GC(10) y: NMethods: 13971 registered, 0 unregistered
[2026-04-03T01:36:31.073+0600][29.198s][info][gc,metaspace] GC(10) y: Metaspace: 127M used, 128M committed, 1152M reserved
[2026-04-03T01:36:31.073+0600][29.198s][info][gc,reloc    ] GC(10) y:                        Candidates     Selected     In-Place         Size        Empty    Relocated 
[2026-04-03T01:36:31.073+0600][29.198s][info][gc,reloc    ] GC(10) y: Small Pages:                  496          239            0         992M         490M          10M 
[2026-04-03T01:36:31.073+0600][29.198s][info][gc,reloc    ] GC(10) y: Medium Pages:                   6            0            0         192M         192M           0M 
[2026-04-03T01:36:31.073+0600][29.198s][info][gc,reloc    ] GC(10) y: Large Pages:                  137            0            0         822M         798M           0M 
[2026-04-03T01:36:31.073+0600][29.198s][info][gc,reloc    ] GC(10) y: Forwarding Usage: 2M
[2026-04-03T01:36:31.073+0600][29.198s][info][gc,reloc    ] GC(10) y: Age Table:
[2026-04-03T01:36:31.073+0600][29.198s][info][gc,reloc    ] GC(10) y:                    Live             Garbage             Small              Medium             Large        
[2026-04-03T01:36:31.073+0600][29.198s][info][gc,reloc    ] GC(10) y: Eden              33M (1%)         1906M (49%)        479 / 228            5 / 0            137 / 0        
[2026-04-03T01:36:31.073+0600][29.198s][info][gc,reloc    ] GC(10) y: Survivor 1         4M (0%)           43M (1%)           8 / 6              1 / 0              0 / 0        
[2026-04-03T01:36:31.073+0600][29.198s][info][gc,reloc    ] GC(10) y: Survivor 2         6M (0%)           11M (0%)           9 / 5              0 / 0              0 / 0        
[2026-04-03T01:36:31.073+0600][29.198s][info][gc,heap     ] GC(10) y: Min Capacity: 8M(0%)
[2026-04-03T01:36:31.073+0600][29.198s][info][gc,heap     ] GC(10) y: Max Capacity: 3922M(100%)
[2026-04-03T01:36:31.073+0600][29.198s][info][gc,heap     ] GC(10) y: Soft Max Capacity: 3529M(90%)
[2026-04-03T01:36:31.073+0600][29.198s][info][gc,heap     ] GC(10) y: Heap Statistics:
[2026-04-03T01:36:31.073+0600][29.198s][info][gc,heap     ] GC(10) y:                Mark Start          Mark End        Relocate Start      Relocate End           High               Low         
[2026-04-03T01:36:31.073+0600][29.198s][info][gc,heap     ] GC(10) y:  Capacity:     2310M (59%)        2414M (62%)        2414M (62%)        2414M (62%)        2414M (62%)        2310M (59%)    
[2026-04-03T01:36:31.073+0600][29.198s][info][gc,heap     ] GC(10) y:      Free:     1786M (46%)        1642M (42%)        3122M (80%)        3562M (91%)        3562M (91%)        1642M (42%)    
[2026-04-03T01:36:31.073+0600][29.198s][info][gc,heap     ] GC(10) y:      Used:     2136M (54%)        2280M (58%)         800M (20%)         360M (9%)         2280M (58%)         360M (9%)     
[2026-04-03T01:36:31.073+0600][29.198s][info][gc,heap     ] GC(10) y: Young Generation Statistics:
[2026-04-03T01:36:31.073+0600][29.198s][info][gc,heap     ] GC(10) y:                Mark Start          Mark End        Relocate Start      Relocate End    
[2026-04-03T01:36:31.073+0600][29.198s][info][gc,heap     ] GC(10) y:      Used:     2006M (51%)        2150M (55%)         670M (17%)         230M (6%)     
[2026-04-03T01:36:31.073+0600][29.198s][info][gc,heap     ] GC(10) y:      Live:         -                44M (1%)           44M (1%)           44M (1%)     
[2026-04-03T01:36:31.073+0600][29.198s][info][gc,heap     ] GC(10) y:   Garbage:         -              1961M (50%)         481M (12%)           1M (0%)     
[2026-04-03T01:36:31.073+0600][29.199s][info][gc,heap     ] GC(10) y: Allocated:         -               144M (4%)          144M (4%)          183M (5%)     
[2026-04-03T01:36:31.073+0600][29.199s][info][gc,heap     ] GC(10) y: Reclaimed:         -                  -              1480M (38%)        1959M (50%)    
[2026-04-03T01:36:31.073+0600][29.199s][info][gc,heap     ] GC(10) y:  Promoted:         -                  -                 0M (0%)            0M (0%)     
[2026-04-03T01:36:31.073+0600][29.199s][info][gc,heap     ] GC(10) y: Compacted:         -                  -                  -                12M (0%)     
[2026-04-03T01:36:31.073+0600][29.199s][info][gc,phases   ] GC(10) y: Young Generation 2130M(54%)->360M(9%) 0.125s
[2026-04-03T01:36:31.073+0600][29.199s][info][gc          ] GC(10) Minor Collection (Allocation Rate) 2130M(54%)->360M(9%) 0.125s
[2026-04-03T01:36:35.129+0600][33.255s][info][gc          ] GC(11) Minor Collection (Allocation Rate)
[2026-04-03T01:36:35.129+0600][33.255s][info][gc,task     ] GC(11) Using 1 Workers for Young Generation
[2026-04-03T01:36:35.129+0600][33.255s][info][gc,phases   ] GC(11) y: Young Generation
[2026-04-03T01:36:35.130+0600][33.256s][info][gc,phases   ] GC(11) y: Pause Mark Start 0.020ms
[2026-04-03T01:36:35.253+0600][33.379s][info][gc,phases   ] GC(11) y: Concurrent Mark 122.705ms
[2026-04-03T01:36:35.253+0600][33.379s][info][gc,phases   ] GC(11) y: Pause Mark End 0.021ms
[2026-04-03T01:36:35.254+0600][33.379s][info][gc,phases   ] GC(11) y: Concurrent Mark Free 0.001ms
[2026-04-03T01:36:35.254+0600][33.379s][info][gc,phases   ] GC(11) y: Concurrent Reset Relocation Set 0.017ms
[2026-04-03T01:36:35.258+0600][33.383s][info][gc,reloc    ] GC(11) y: Using tenuring threshold: 4 (Computed)
[2026-04-03T01:36:35.259+0600][33.385s][info][gc,phases   ] GC(11) y: Concurrent Select Relocation Set 5.700ms
[2026-04-03T01:36:35.259+0600][33.385s][info][gc,phases   ] GC(11) y: Pause Relocate Start 0.016ms
[2026-04-03T01:36:35.274+0600][33.400s][info][gc,phases   ] GC(11) y: Concurrent Relocate 14.540ms
[2026-04-03T01:36:35.274+0600][33.400s][info][gc,alloc    ] GC(11) y:                         Mark Start        Mark End      Relocate Start    Relocate End   
[2026-04-03T01:36:35.274+0600][33.400s][info][gc,alloc    ] GC(11) y: Allocation Stalls:          0                0                0                0         
[2026-04-03T01:36:35.274+0600][33.400s][info][gc,load     ] GC(11) y: Load: 7.18 (60%) / 10.56 (88%) / 8.20 (68%)
[2026-04-03T01:36:35.274+0600][33.400s][info][gc,mmu      ] GC(11) y: MMU: 2ms/97.2%, 5ms/98.9%, 10ms/99.1%, 20ms/99.6%, 50ms/99.7%, 100ms/99.9%
[2026-04-03T01:36:35.274+0600][33.400s][info][gc,marking  ] GC(11) y: Mark: 1 stripe(s), 3 proactive flush(es), 1 terminate flush(es), 0 completion(s), 0 continuation(s) 
[2026-04-03T01:36:35.274+0600][33.400s][info][gc,marking  ] GC(11) y: Mark Stack Usage: 32M
[2026-04-03T01:36:35.274+0600][33.400s][info][gc,nmethod  ] GC(11) y: NMethods: 14858 registered, 0 unregistered
[2026-04-03T01:36:35.274+0600][33.400s][info][gc,metaspace] GC(11) y: Metaspace: 127M used, 129M committed, 1152M reserved
[2026-04-03T01:36:35.274+0600][33.400s][info][gc,reloc    ] GC(11) y:                        Candidates     Selected     In-Place         Size        Empty    Relocated 
[2026-04-03T01:36:35.274+0600][33.400s][info][gc,reloc    ] GC(11) y: Small Pages:                  991          529            0        1982M         894M          11M 
[2026-04-03T01:36:35.274+0600][33.400s][info][gc,reloc    ] GC(11) y: Medium Pages:                  12            0            0         384M         384M           0M 
[2026-04-03T01:36:35.274+0600][33.400s][info][gc,reloc    ] GC(11) y: Large Pages:                   68            0            0         408M         408M           0M 
[2026-04-03T01:36:35.274+0600][33.400s][info][gc,reloc    ] GC(11) y: Forwarding Usage: 3M
[2026-04-03T01:36:35.274+0600][33.400s][info][gc,reloc    ] GC(11) y: Age Table:
[2026-04-03T01:36:35.274+0600][33.400s][info][gc,reloc    ] GC(11) y:                    Live             Garbage             Small              Medium             Large        
[2026-04-03T01:36:35.274+0600][33.400s][info][gc,reloc    ] GC(11) y: Eden              10M (0%)         2685M (68%)        964 / 514           12 / 0             64 / 0        
[2026-04-03T01:36:35.274+0600][33.400s][info][gc,reloc    ] GC(11) y: Survivor 1         5M (0%)           44M (1%)          13 / 6              0 / 0              4 / 0        
[2026-04-03T01:36:35.275+0600][33.400s][info][gc,reloc    ] GC(11) y: Survivor 2         4M (0%)           11M (0%)           8 / 6              0 / 0              0 / 0        
[2026-04-03T01:36:35.275+0600][33.400s][info][gc,reloc    ] GC(11) y: Survivor 3         6M (0%)            5M (0%)           6 / 3              0 / 0              0 / 0        
[2026-04-03T01:36:35.275+0600][33.400s][info][gc,heap     ] GC(11) y: Min Capacity: 8M(0%)
[2026-04-03T01:36:35.275+0600][33.400s][info][gc,heap     ] GC(11) y: Max Capacity: 3922M(100%)
[2026-04-03T01:36:35.275+0600][33.400s][info][gc,heap     ] GC(11) y: Soft Max Capacity: 3529M(90%)
[2026-04-03T01:36:35.275+0600][33.400s][info][gc,heap     ] GC(11) y: Heap Statistics:
[2026-04-03T01:36:35.275+0600][33.400s][info][gc,heap     ] GC(11) y:                Mark Start          Mark End        Relocate Start      Relocate End           High               Low         
[2026-04-03T01:36:35.275+0600][33.400s][info][gc,heap     ] GC(11) y:  Capacity:     2904M (74%)        3102M (79%)        3102M (79%)        3102M (79%)        3102M (79%)        2904M (74%)    
[2026-04-03T01:36:35.275+0600][33.400s][info][gc,heap     ] GC(11) y:      Free:     1018M (26%)         948M (24%)        2632M (67%)        3670M (94%)        3670M (94%)         820M (21%)    
[2026-04-03T01:36:35.275+0600][33.400s][info][gc,heap     ] GC(11) y:      Used:     2904M (74%)        2974M (76%)        1290M (33%)         252M (6%)         3102M (79%)         252M (6%)     
[2026-04-03T01:36:35.275+0600][33.400s][info][gc,heap     ] GC(11) y: Young Generation Statistics:
[2026-04-03T01:36:35.275+0600][33.400s][info][gc,heap     ] GC(11) y:                Mark Start          Mark End        Relocate Start      Relocate End    
[2026-04-03T01:36:35.275+0600][33.400s][info][gc,heap     ] GC(11) y:      Used:     2774M (71%)        2844M (73%)        1160M (30%)         122M (3%)     
[2026-04-03T01:36:35.275+0600][33.400s][info][gc,heap     ] GC(11) y:      Live:         -                26M (1%)           26M (1%)           26M (1%)     
[2026-04-03T01:36:35.275+0600][33.400s][info][gc,heap     ] GC(11) y:   Garbage:         -              2747M (70%)        1061M (27%)           1M (0%)     
[2026-04-03T01:36:35.275+0600][33.400s][info][gc,heap     ] GC(11) y: Allocated:         -                70M (2%)           72M (2%)           94M (2%)     
[2026-04-03T01:36:35.275+0600][33.400s][info][gc,heap     ] GC(11) y: Reclaimed:         -                  -              1686M (43%)        2746M (70%)    
[2026-04-03T01:36:35.275+0600][33.400s][info][gc,heap     ] GC(11) y:  Promoted:         -                  -                 0M (0%)            0M (0%)     
[2026-04-03T01:36:35.275+0600][33.400s][info][gc,heap     ] GC(11) y: Compacted:         -                  -                  -                13M (0%)     
[2026-04-03T01:36:35.275+0600][33.400s][info][gc,phases   ] GC(11) y: Young Generation 2904M(74%)->252M(6%) 0.145s
[2026-04-03T01:36:35.275+0600][33.400s][info][gc          ] GC(11) Minor Collection (Allocation Rate) 2904M(74%)->258M(7%) 0.146s
[2026-04-03T01:36:37.776+0600][35.902s][info][gc          ] GC(12) Minor Collection (Allocation Rate)
[2026-04-03T01:36:37.776+0600][35.902s][info][gc,task     ] GC(12) Using 1 Workers for Young Generation
[2026-04-03T01:36:37.776+0600][35.902s][info][gc,phases   ] GC(12) y: Young Generation
[2026-04-03T01:36:37.777+0600][35.902s][info][gc,phases   ] GC(12) y: Pause Mark Start 0.028ms
[2026-04-03T01:36:37.889+0600][36.015s][info][gc,phases   ] GC(12) y: Concurrent Mark 112.497ms
[2026-04-03T01:36:37.890+0600][36.015s][info][gc,phases   ] GC(12) y: Pause Mark End 0.017ms
[2026-04-03T01:36:37.890+0600][36.015s][info][gc,phases   ] GC(12) y: Concurrent Mark Free 0.001ms
[2026-04-03T01:36:37.890+0600][36.015s][info][gc,phases   ] GC(12) y: Concurrent Reset Relocation Set 0.037ms
[2026-04-03T01:36:37.893+0600][36.019s][info][gc,reloc    ] GC(12) y: Using tenuring threshold: 5 (Computed)
[2026-04-03T01:36:37.894+0600][36.020s][info][gc,phases   ] GC(12) y: Concurrent Select Relocation Set 4.463ms
[2026-04-03T01:36:37.894+0600][36.020s][info][gc,phases   ] GC(12) y: Pause Relocate Start 0.024ms
[2026-04-03T01:36:37.917+0600][36.042s][info][gc,phases   ] GC(12) y: Concurrent Relocate 22.244ms
[2026-04-03T01:36:37.917+0600][36.042s][info][gc,alloc    ] GC(12) y:                         Mark Start        Mark End      Relocate Start    Relocate End   
[2026-04-03T01:36:37.917+0600][36.042s][info][gc,alloc    ] GC(12) y: Allocation Stalls:          0                0                0                0         
[2026-04-03T01:36:37.917+0600][36.042s][info][gc,load     ] GC(12) y: Load: 7.18 (60%) / 10.56 (88%) / 8.20 (68%)
[2026-04-03T01:36:37.917+0600][36.042s][info][gc,mmu      ] GC(12) y: MMU: 2ms/97.2%, 5ms/98.9%, 10ms/99.1%, 20ms/99.6%, 50ms/99.7%, 100ms/99.9%
[2026-04-03T01:36:37.917+0600][36.042s][info][gc,marking  ] GC(12) y: Mark: 1 stripe(s), 2 proactive flush(es), 1 terminate flush(es), 0 completion(s), 0 continuation(s) 
[2026-04-03T01:36:37.917+0600][36.042s][info][gc,marking  ] GC(12) y: Mark Stack Usage: 32M
[2026-04-03T01:36:37.917+0600][36.042s][info][gc,nmethod  ] GC(12) y: NMethods: 15191 registered, 0 unregistered
[2026-04-03T01:36:37.917+0600][36.042s][info][gc,metaspace] GC(12) y: Metaspace: 128M used, 129M committed, 1152M reserved
[2026-04-03T01:36:37.917+0600][36.042s][info][gc,reloc    ] GC(12) y:                        Candidates     Selected     In-Place         Size        Empty    Relocated 
[2026-04-03T01:36:37.917+0600][36.042s][info][gc,reloc    ] GC(12) y: Small Pages:                  747          400            0        1494M         658M          10M 
[2026-04-03T01:36:37.917+0600][36.042s][info][gc,reloc    ] GC(12) y: Medium Pages:                   8            0            0         256M         224M           0M 
[2026-04-03T01:36:37.917+0600][36.042s][info][gc,reloc    ] GC(12) y: Large Pages:                  163            0            0         978M         978M           0M 
[2026-04-03T01:36:37.917+0600][36.042s][info][gc,reloc    ] GC(12) y: Forwarding Usage: 2M
[2026-04-03T01:36:37.917+0600][36.042s][info][gc,reloc    ] GC(12) y: Age Table:
[2026-04-03T01:36:37.917+0600][36.042s][info][gc,reloc    ] GC(12) y:                    Live             Garbage             Small              Medium             Large        
[2026-04-03T01:36:37.917+0600][36.043s][info][gc,reloc    ] GC(12) y: Eden               9M (0%)         2672M (68%)        724 / 392            8 / 0            163 / 0        
[2026-04-03T01:36:37.917+0600][36.043s][info][gc,reloc    ] GC(12) y: Survivor 1         7M (0%)            8M (0%)           8 / 3              0 / 0              0 / 0        
[2026-04-03T01:36:37.917+0600][36.043s][info][gc,reloc    ] GC(12) y: Survivor 2         5M (0%)            2M (0%)           4 / 0              0 / 0              0 / 0        
[2026-04-03T01:36:37.917+0600][36.043s][info][gc,reloc    ] GC(12) y: Survivor 3         4M (0%)            3M (0%)           4 / 1              0 / 0              0 / 0        
[2026-04-03T01:36:37.917+0600][36.043s][info][gc,reloc    ] GC(12) y: Survivor 4         6M (0%)            7M (0%)           7 / 4              0 / 0              0 / 0        
[2026-04-03T01:36:37.917+0600][36.043s][info][gc,heap     ] GC(12) y: Min Capacity: 8M(0%)
[2026-04-03T01:36:37.917+0600][36.043s][info][gc,heap     ] GC(12) y: Max Capacity: 3922M(100%)
[2026-04-03T01:36:37.917+0600][36.043s][info][gc,heap     ] GC(12) y: Soft Max Capacity: 3529M(90%)
[2026-04-03T01:36:37.917+0600][36.043s][info][gc,heap     ] GC(12) y: Heap Statistics:
[2026-04-03T01:36:37.917+0600][36.043s][info][gc,heap     ] GC(12) y:                Mark Start          Mark End        Relocate Start      Relocate End           High               Low         
[2026-04-03T01:36:37.917+0600][36.043s][info][gc,heap     ] GC(12) y:  Capacity:     3430M (87%)        3526M (90%)        3526M (90%)        3526M (90%)        3526M (90%)        3430M (87%)    
[2026-04-03T01:36:37.917+0600][36.043s][info][gc,heap     ] GC(12) y:      Free:     1064M (27%)         976M (25%)        2830M (72%)        3562M (91%)        3566M (91%)         918M (23%)    
[2026-04-03T01:36:37.917+0600][36.043s][info][gc,heap     ] GC(12) y:      Used:     2858M (73%)        2946M (75%)        1092M (28%)         360M (9%)         3004M (77%)         356M (9%)     
[2026-04-03T01:36:37.917+0600][36.043s][info][gc,heap     ] GC(12) y: Young Generation Statistics:
[2026-04-03T01:36:37.917+0600][36.043s][info][gc,heap     ] GC(12) y:                Mark Start          Mark End        Relocate Start      Relocate End    
[2026-04-03T01:36:37.917+0600][36.043s][info][gc,heap     ] GC(12) y:      Used:     2728M (70%)        2816M (72%)         962M (25%)         230M (6%)     
[2026-04-03T01:36:37.917+0600][36.043s][info][gc,heap     ] GC(12) y:      Live:         -                33M (1%)           33M (1%)           33M (1%)     
[2026-04-03T01:36:37.917+0600][36.043s][info][gc,heap     ] GC(12) y:   Garbage:         -              2694M (69%)         834M (21%)          32M (1%)     
[2026-04-03T01:36:37.917+0600][36.043s][info][gc,heap     ] GC(12) y: Allocated:         -                88M (2%)           94M (2%)          163M (4%)     
[2026-04-03T01:36:37.917+0600][36.043s][info][gc,heap     ] GC(12) y: Reclaimed:         -                  -              1860M (47%)        2661M (68%)    
[2026-04-03T01:36:37.917+0600][36.043s][info][gc,heap     ] GC(12) y:  Promoted:         -                  -                 0M (0%)            0M (0%)     
[2026-04-03T01:36:37.917+0600][36.043s][info][gc,heap     ] GC(12) y: Compacted:         -                  -                  -                12M (0%)     
[2026-04-03T01:36:37.917+0600][36.043s][info][gc,phases   ] GC(12) y: Young Generation 2858M(73%)->360M(9%) 0.140s
[2026-04-03T01:36:37.918+0600][36.043s][info][gc          ] GC(12) Minor Collection (Allocation Rate) 2858M(73%)->360M(9%) 0.141s
[2026-04-03T01:36:40.768+0600][38.893s][info][gc          ] GC(13) Minor Collection (Allocation Rate)
[2026-04-03T01:36:40.768+0600][38.893s][info][gc,task     ] GC(13) Using 1 Workers for Young Generation
[2026-04-03T01:36:40.768+0600][38.893s][info][gc,phases   ] GC(13) y: Young Generation
[2026-04-03T01:36:40.768+0600][38.894s][info][gc,phases   ] GC(13) y: Pause Mark Start 0.024ms
[2026-04-03T01:36:40.884+0600][39.009s][info][gc,phases   ] GC(13) y: Concurrent Mark 114.964ms
[2026-04-03T01:36:40.884+0600][39.009s][info][gc,phases   ] GC(13) y: Pause Mark End 0.024ms
[2026-04-03T01:36:40.884+0600][39.009s][info][gc,phases   ] GC(13) y: Concurrent Mark Free 0.002ms
[2026-04-03T01:36:40.884+0600][39.009s][info][gc,phases   ] GC(13) y: Concurrent Reset Relocation Set 0.038ms
[2026-04-03T01:36:40.888+0600][39.013s][info][gc,reloc    ] GC(13) y: Using tenuring threshold: 6 (Computed)
[2026-04-03T01:36:40.889+0600][39.014s][info][gc,phases   ] GC(13) y: Concurrent Select Relocation Set 4.622ms
[2026-04-03T01:36:40.889+0600][39.015s][info][gc,phases   ] GC(13) y: Pause Relocate Start 0.028ms
[2026-04-03T01:36:40.908+0600][39.033s][info][gc,phases   ] GC(13) y: Concurrent Relocate 18.808ms
[2026-04-03T01:36:40.908+0600][39.034s][info][gc,alloc    ] GC(13) y:                         Mark Start        Mark End      Relocate Start    Relocate End   
[2026-04-03T01:36:40.908+0600][39.034s][info][gc,alloc    ] GC(13) y: Allocation Stalls:          0                0                0                0         
[2026-04-03T01:36:40.908+0600][39.034s][info][gc,load     ] GC(13) y: Load: 7.09 (59%) / 10.48 (87%) / 8.19 (68%)
[2026-04-03T01:36:40.908+0600][39.034s][info][gc,mmu      ] GC(13) y: MMU: 2ms/97.2%, 5ms/98.9%, 10ms/99.1%, 20ms/99.6%, 50ms/99.7%, 100ms/99.9%
[2026-04-03T01:36:40.908+0600][39.034s][info][gc,marking  ] GC(13) y: Mark: 1 stripe(s), 2 proactive flush(es), 1 terminate flush(es), 0 completion(s), 0 continuation(s) 
[2026-04-03T01:36:40.908+0600][39.034s][info][gc,marking  ] GC(13) y: Mark Stack Usage: 32M
[2026-04-03T01:36:40.908+0600][39.034s][info][gc,nmethod  ] GC(13) y: NMethods: 15519 registered, 0 unregistered
[2026-04-03T01:36:40.908+0600][39.034s][info][gc,metaspace] GC(13) y: Metaspace: 128M used, 129M committed, 1152M reserved
[2026-04-03T01:36:40.908+0600][39.034s][info][gc,reloc    ] GC(13) y:                        Candidates     Selected     In-Place         Size        Empty    Relocated 
[2026-04-03T01:36:40.908+0600][39.034s][info][gc,reloc    ] GC(13) y: Small Pages:                  950          473            0        1900M         904M          12M 
[2026-04-03T01:36:40.908+0600][39.034s][info][gc,reloc    ] GC(13) y: Medium Pages:                  11            0            0         352M         352M           0M 
[2026-04-03T01:36:40.908+0600][39.034s][info][gc,reloc    ] GC(13) y: Large Pages:                  146            0            0         876M         852M           0M 
[2026-04-03T01:36:40.908+0600][39.034s][info][gc,reloc    ] GC(13) y: Forwarding Usage: 2M
[2026-04-03T01:36:40.908+0600][39.034s][info][gc,reloc    ] GC(13) y: Age Table:
[2026-04-03T01:36:40.908+0600][39.034s][info][gc,reloc    ] GC(13) y:                    Live             Garbage             Small              Medium             Large        
[2026-04-03T01:36:40.908+0600][39.034s][info][gc,reloc    ] GC(13) y: Eden              36M (1%)         2985M (76%)        913 / 459           10 / 0            146 / 0        
[2026-04-03T01:36:40.908+0600][39.034s][info][gc,reloc    ] GC(13) y: Survivor 1         7M (0%)           42M (1%)           9 / 4              1 / 0              0 / 0        
[2026-04-03T01:36:40.908+0600][39.034s][info][gc,reloc    ] GC(13) y: Survivor 2         7M (0%)            4M (0%)           6 / 2              0 / 0              0 / 0        
[2026-04-03T01:36:40.908+0600][39.034s][info][gc,reloc    ] GC(13) y: Survivor 3         5M (0%)            2M (0%)           4 / 1              0 / 0              0 / 0        
[2026-04-03T01:36:40.908+0600][39.034s][info][gc,reloc    ] GC(13) y: Survivor 4         4M (0%)            5M (0%)           5 / 3              0 / 0              0 / 0        
[2026-04-03T01:36:40.908+0600][39.034s][info][gc,reloc    ] GC(13) y: Survivor 5         6M (0%)           19M (0%)          13 / 4              0 / 0              0 / 0        
[2026-04-03T01:36:40.908+0600][39.034s][info][gc,heap     ] GC(13) y: Min Capacity: 8M(0%)
[2026-04-03T01:36:40.908+0600][39.034s][info][gc,heap     ] GC(13) y: Max Capacity: 3922M(100%)
[2026-04-03T01:36:40.908+0600][39.034s][info][gc,heap     ] GC(13) y: Soft Max Capacity: 3529M(90%)
[2026-04-03T01:36:40.908+0600][39.034s][info][gc,heap     ] GC(13) y: Heap Statistics:
[2026-04-03T01:36:40.908+0600][39.034s][info][gc,heap     ] GC(13) y:                Mark Start          Mark End        Relocate Start      Relocate End           High               Low         
[2026-04-03T01:36:40.908+0600][39.034s][info][gc,heap     ] GC(13) y:  Capacity:     3526M (90%)        3626M (92%)        3626M (92%)        3626M (92%)        3626M (92%)        3526M (90%)    
[2026-04-03T01:36:40.908+0600][39.034s][info][gc,heap     ] GC(13) y:      Free:      664M (17%)         412M (11%)        2512M (64%)        3398M (87%)        3398M (87%)         412M (11%)    
[2026-04-03T01:36:40.908+0600][39.034s][info][gc,heap     ] GC(13) y:      Used:     3258M (83%)        3510M (89%)        1410M (36%)         524M (13%)        3510M (89%)         524M (13%)    
[2026-04-03T01:36:40.908+0600][39.034s][info][gc,heap     ] GC(13) y: Young Generation Statistics:
[2026-04-03T01:36:40.908+0600][39.034s][info][gc,heap     ] GC(13) y:                Mark Start          Mark End        Relocate Start      Relocate End    
[2026-04-03T01:36:40.908+0600][39.034s][info][gc,heap     ] GC(13) y:      Used:     3128M (80%)        3380M (86%)        1280M (33%)         394M (10%)    
[2026-04-03T01:36:40.908+0600][39.034s][info][gc,heap     ] GC(13) y:      Live:         -                67M (2%)           67M (2%)           67M (2%)     
[2026-04-03T01:36:40.909+0600][39.034s][info][gc,heap     ] GC(13) y:   Garbage:         -              3060M (78%)         952M (24%)           4M (0%)     
[2026-04-03T01:36:40.909+0600][39.034s][info][gc,heap     ] GC(13) y: Allocated:         -               252M (6%)          260M (7%)          322M (8%)     
[2026-04-03T01:36:40.909+0600][39.034s][info][gc,heap     ] GC(13) y: Reclaimed:         -                  -              2108M (54%)        3056M (78%)    
[2026-04-03T01:36:40.909+0600][39.034s][info][gc,heap     ] GC(13) y:  Promoted:         -                  -                 0M (0%)            0M (0%)     
[2026-04-03T01:36:40.909+0600][39.034s][info][gc,heap     ] GC(13) y: Compacted:         -                  -                  -                13M (0%)     
[2026-04-03T01:36:40.909+0600][39.034s][info][gc,phases   ] GC(13) y: Young Generation 3252M(83%)->524M(13%) 0.140s
[2026-04-03T01:36:40.909+0600][39.034s][info][gc          ] GC(13) Minor Collection (Allocation Rate) 3252M(83%)->524M(13%) 0.141s
[2026-04-03T01:36:44.608+0600][42.733s][info][gc          ] GC(14) Minor Collection (Allocation Rate)
[2026-04-03T01:36:44.608+0600][42.733s][info][gc,task     ] GC(14) Using 1 Workers for Young Generation
[2026-04-03T01:36:44.608+0600][42.733s][info][gc,phases   ] GC(14) y: Young Generation
[2026-04-03T01:36:44.608+0600][42.734s][info][gc,phases   ] GC(14) y: Pause Mark Start 0.025ms
[2026-04-03T01:36:44.776+0600][42.901s][info][gc,phases   ] GC(14) y: Concurrent Mark 167.677ms
[2026-04-03T01:36:44.776+0600][42.902s][info][gc,phases   ] GC(14) y: Pause Mark End 0.024ms
[2026-04-03T01:36:44.776+0600][42.902s][info][gc,phases   ] GC(14) y: Concurrent Mark Free 0.002ms
[2026-04-03T01:36:44.776+0600][42.902s][info][gc,phases   ] GC(14) y: Concurrent Reset Relocation Set 0.046ms
[2026-04-03T01:36:44.783+0600][42.908s][info][gc,reloc    ] GC(14) y: Using tenuring threshold: 6 (Computed)
[2026-04-03T01:36:44.789+0600][42.914s][info][gc,phases   ] GC(14) y: Concurrent Select Relocation Set 12.539ms
[2026-04-03T01:36:44.789+0600][42.915s][info][gc,phases   ] GC(14) y: Pause Relocate Start 0.025ms
[2026-04-03T01:36:44.815+0600][42.941s][info][gc,phases   ] GC(14) y: Concurrent Relocate 25.715ms
[2026-04-03T01:36:44.815+0600][42.941s][info][gc,alloc    ] GC(14) y:                         Mark Start        Mark End      Relocate Start    Relocate End   
[2026-04-03T01:36:44.815+0600][42.941s][info][gc,alloc    ] GC(14) y: Allocation Stalls:          0                0                0                0         
[2026-04-03T01:36:44.815+0600][42.941s][info][gc,load     ] GC(14) y: Load: 6.76 (56%) / 10.35 (86%) / 8.16 (68%)
[2026-04-03T01:36:44.815+0600][42.941s][info][gc,mmu      ] GC(14) y: MMU: 2ms/97.2%, 5ms/98.9%, 10ms/99.1%, 20ms/99.6%, 50ms/99.7%, 100ms/99.9%
[2026-04-03T01:36:44.815+0600][42.941s][info][gc,marking  ] GC(14) y: Mark: 1 stripe(s), 2 proactive flush(es), 1 terminate flush(es), 0 completion(s), 0 continuation(s) 
[2026-04-03T01:36:44.815+0600][42.941s][info][gc,marking  ] GC(14) y: Mark Stack Usage: 32M
[2026-04-03T01:36:44.815+0600][42.941s][info][gc,nmethod  ] GC(14) y: NMethods: 15859 registered, 0 unregistered
[2026-04-03T01:36:44.815+0600][42.941s][info][gc,metaspace] GC(14) y: Metaspace: 128M used, 129M committed, 1152M reserved
[2026-04-03T01:36:44.815+0600][42.941s][info][gc,reloc    ] GC(14) y:                        Candidates     Selected     In-Place         Size        Empty    Relocated 
[2026-04-03T01:36:44.815+0600][42.941s][info][gc,reloc    ] GC(14) y: Small Pages:                 1097          603            0        2194M         930M          11M 
[2026-04-03T01:36:44.815+0600][42.941s][info][gc,reloc    ] GC(14) y: Medium Pages:                  13            0            0         416M         416M           0M 
[2026-04-03T01:36:44.815+0600][42.941s][info][gc,reloc    ] GC(14) y: Large Pages:                   88            0            0         528M         528M           0M 
[2026-04-03T01:36:44.815+0600][42.941s][info][gc,reloc    ] GC(14) y: Forwarding Usage: 2M
[2026-04-03T01:36:44.815+0600][42.941s][info][gc,reloc    ] GC(14) y: Age Table:
[2026-04-03T01:36:44.815+0600][42.941s][info][gc,reloc    ] GC(14) y:                    Live             Garbage             Small              Medium             Large        
[2026-04-03T01:36:44.815+0600][42.941s][info][gc,reloc    ] GC(14) y: Eden              10M (0%)         3003M (77%)       1047 / 576           13 / 0             84 / 0        
[2026-04-03T01:36:44.815+0600][42.941s][info][gc,reloc    ] GC(14) y: Survivor 1         8M (0%)           47M (1%)          16 / 10             0 / 0              4 / 0        
[2026-04-03T01:36:44.815+0600][42.941s][info][gc,reloc    ] GC(14) y: Survivor 2         7M (0%)            2M (0%)           5 / 1              0 / 0              0 / 0        
[2026-04-03T01:36:44.815+0600][42.941s][info][gc,reloc    ] GC(14) y: Survivor 3         7M (0%)            6M (0%)           7 / 2              0 / 0              0 / 0        
[2026-04-03T01:36:44.815+0600][42.941s][info][gc,reloc    ] GC(14) y: Survivor 4         5M (0%)           10M (0%)           8 / 5              0 / 0              0 / 0        
[2026-04-03T01:36:44.815+0600][42.941s][info][gc,reloc    ] GC(14) y: Survivor 5         4M (0%)           13M (0%)           9 / 7              0 / 0              0 / 0        
[2026-04-03T01:36:44.816+0600][42.941s][info][gc,reloc    ] GC(14) y: Survivor 6         6M (0%)            3M (0%)           5 / 2              0 / 0              0 / 0        
[2026-04-03T01:36:44.816+0600][42.941s][info][gc,heap     ] GC(14) y: Min Capacity: 8M(0%)
[2026-04-03T01:36:44.816+0600][42.941s][info][gc,heap     ] GC(14) y: Max Capacity: 3922M(100%)
[2026-04-03T01:36:44.816+0600][42.941s][info][gc,heap     ] GC(14) y: Soft Max Capacity: 3529M(90%)
[2026-04-03T01:36:44.816+0600][42.941s][info][gc,heap     ] GC(14) y: Heap Statistics:
[2026-04-03T01:36:44.816+0600][42.941s][info][gc,heap     ] GC(14) y:                Mark Start          Mark End        Relocate Start      Relocate End           High               Low         
[2026-04-03T01:36:44.816+0600][42.941s][info][gc,heap     ] GC(14) y:  Capacity:     3722M (95%)        3722M (95%)        3722M (95%)        3722M (95%)        3722M (95%)        3722M (95%)    
[2026-04-03T01:36:44.816+0600][42.941s][info][gc,heap     ] GC(14) y:      Free:      654M (17%)         432M (11%)        2284M (58%)        3420M (87%)        3426M (87%)         432M (11%)    
[2026-04-03T01:36:44.816+0600][42.941s][info][gc,heap     ] GC(14) y:      Used:     3268M (83%)        3490M (89%)        1638M (42%)         502M (13%)        3490M (89%)         496M (13%)    
[2026-04-03T01:36:44.816+0600][42.941s][info][gc,heap     ] GC(14) y: Young Generation Statistics:
[2026-04-03T01:36:44.816+0600][42.941s][info][gc,heap     ] GC(14) y:                Mark Start          Mark End        Relocate Start      Relocate End    
[2026-04-03T01:36:44.816+0600][42.941s][info][gc,heap     ] GC(14) y:      Used:     3138M (80%)        3360M (86%)        1502M (38%)         360M (9%)     
[2026-04-03T01:36:44.816+0600][42.941s][info][gc,heap     ] GC(14) y:      Live:         -                50M (1%)           44M (1%)           43M (1%)     
[2026-04-03T01:36:44.816+0600][42.941s][info][gc,heap     ] GC(14) y:   Garbage:         -              3087M (79%)        1213M (31%)           4M (0%)     
[2026-04-03T01:36:44.816+0600][42.941s][info][gc,heap     ] GC(14) y: Allocated:         -               222M (6%)          244M (6%)          311M (8%)     
[2026-04-03T01:36:44.816+0600][42.941s][info][gc,heap     ] GC(14) y: Reclaimed:         -                  -              1874M (48%)        3083M (79%)    
[2026-04-03T01:36:44.816+0600][42.941s][info][gc,heap     ] GC(14) y:  Promoted:         -                  -                 5M (0%)            6M (0%)     
[2026-04-03T01:36:44.816+0600][42.941s][info][gc,heap     ] GC(14) y: Compacted:         -                  -                  -                12M (0%)     
[2026-04-03T01:36:44.816+0600][42.941s][info][gc,phases   ] GC(14) y: Young Generation 3268M(83%)->502M(13%) 0.207s
[2026-04-03T01:36:44.816+0600][42.941s][info][gc          ] GC(14) Minor Collection (Allocation Rate) 3268M(83%)->502M(13%) 0.208s
[2026-04-03T01:36:46.693+0600][44.819s][info][gc          ] GC(15) Minor Collection (Allocation Rate)
[2026-04-03T01:36:46.693+0600][44.819s][info][gc,task     ] GC(15) Using 1 Workers for Young Generation
[2026-04-03T01:36:46.694+0600][44.819s][info][gc,phases   ] GC(15) y: Young Generation
[2026-04-03T01:36:46.694+0600][44.819s][info][gc,phases   ] GC(15) y: Pause Mark Start 0.023ms
[2026-04-03T01:36:46.839+0600][44.965s][info][gc,phases   ] GC(15) y: Concurrent Mark 145.242ms
[2026-04-03T01:36:46.839+0600][44.965s][info][gc,phases   ] GC(15) y: Pause Mark End 0.019ms
[2026-04-03T01:36:46.840+0600][44.965s][info][gc,phases   ] GC(15) y: Concurrent Mark Free 0.002ms
[2026-04-03T01:36:46.840+0600][44.965s][info][gc,phases   ] GC(15) y: Concurrent Reset Relocation Set 0.039ms
[2026-04-03T01:36:46.841+0600][44.967s][info][gc,reloc    ] GC(15) y: Using tenuring threshold: 7 (Computed)
[2026-04-03T01:36:46.842+0600][44.968s][info][gc,phases   ] GC(15) y: Concurrent Select Relocation Set 2.727ms
[2026-04-03T01:36:46.843+0600][44.968s][info][gc,phases   ] GC(15) y: Pause Relocate Start 0.013ms
[2026-04-03T01:36:46.857+0600][44.982s][info][gc,phases   ] GC(15) y: Concurrent Relocate 14.276ms
[2026-04-03T01:36:46.857+0600][44.982s][info][gc,alloc    ] GC(15) y:                         Mark Start        Mark End      Relocate Start    Relocate End   
[2026-04-03T01:36:46.857+0600][44.982s][info][gc,alloc    ] GC(15) y: Allocation Stalls:          0                0                0                0         
[2026-04-03T01:36:46.857+0600][44.982s][info][gc,load     ] GC(15) y: Load: 6.76 (56%) / 10.35 (86%) / 8.16 (68%)
[2026-04-03T01:36:46.857+0600][44.982s][info][gc,mmu      ] GC(15) y: MMU: 2ms/97.2%, 5ms/98.9%, 10ms/99.1%, 20ms/99.6%, 50ms/99.7%, 100ms/99.9%
[2026-04-03T01:36:46.857+0600][44.982s][info][gc,marking  ] GC(15) y: Mark: 1 stripe(s), 2 proactive flush(es), 1 terminate flush(es), 0 completion(s), 0 continuation(s) 
[2026-04-03T01:36:46.857+0600][44.983s][info][gc,marking  ] GC(15) y: Mark Stack Usage: 32M
[2026-04-03T01:36:46.857+0600][44.983s][info][gc,nmethod  ] GC(15) y: NMethods: 15961 registered, 0 unregistered
[2026-04-03T01:36:46.857+0600][44.983s][info][gc,metaspace] GC(15) y: Metaspace: 128M used, 129M committed, 1152M reserved
[2026-04-03T01:36:46.857+0600][44.983s][info][gc,reloc    ] GC(15) y:                        Candidates     Selected     In-Place         Size        Empty    Relocated 
[2026-04-03T01:36:46.857+0600][44.983s][info][gc,reloc    ] GC(15) y: Small Pages:                  742          361            0        1484M         702M          10M 
[2026-04-03T01:36:46.857+0600][44.983s][info][gc,reloc    ] GC(15) y: Medium Pages:                   7            0            0         224M         224M           0M 
[2026-04-03T01:36:46.857+0600][44.983s][info][gc,reloc    ] GC(15) y: Large Pages:                  160            0            0         960M         960M           0M 
[2026-04-03T01:36:46.857+0600][44.983s][info][gc,reloc    ] GC(15) y: Forwarding Usage: 2M
[2026-04-03T01:36:46.857+0600][44.983s][info][gc,reloc    ] GC(15) y: Age Table:
[2026-04-03T01:36:46.857+0600][44.983s][info][gc,reloc    ] GC(15) y:                    Live             Garbage             Small              Medium             Large        
[2026-04-03T01:36:46.857+0600][44.983s][info][gc,reloc    ] GC(15) y: Eden               9M (0%)         2570M (66%)        698 / 341            7 / 0            160 / 0        
[2026-04-03T01:36:46.857+0600][44.983s][info][gc,reloc    ] GC(15) y: Survivor 1         9M (0%)           20M (1%)          15 / 10             0 / 0              0 / 0        
[2026-04-03T01:36:46.857+0600][44.983s][info][gc,reloc    ] GC(15) y: Survivor 2         8M (0%)            7M (0%)           8 / 3              0 / 0              0 / 0        
[2026-04-03T01:36:46.857+0600][44.983s][info][gc,reloc    ] GC(15) y: Survivor 3         7M (0%)            4M (0%)           6 / 2              0 / 0              0 / 0        
[2026-04-03T01:36:46.857+0600][44.983s][info][gc,reloc    ] GC(15) y: Survivor 4         7M (0%)            4M (0%)           6 / 2              0 / 0              0 / 0        
[2026-04-03T01:36:46.857+0600][44.983s][info][gc,reloc    ] GC(15) y: Survivor 5         5M (0%)            4M (0%)           5 / 2              0 / 0              0 / 0        
[2026-04-03T01:36:46.857+0600][44.983s][info][gc,reloc    ] GC(15) y: Survivor 6         4M (0%)            3M (0%)           4 / 1              0 / 0              0 / 0        
[2026-04-03T01:36:46.857+0600][44.983s][info][gc,heap     ] GC(15) y: Min Capacity: 8M(0%)
[2026-04-03T01:36:46.857+0600][44.983s][info][gc,heap     ] GC(15) y: Max Capacity: 3922M(100%)
[2026-04-03T01:36:46.857+0600][44.983s][info][gc,heap     ] GC(15) y: Soft Max Capacity: 3529M(90%)
[2026-04-03T01:36:46.857+0600][44.983s][info][gc,heap     ] GC(15) y: Heap Statistics:
[2026-04-03T01:36:46.857+0600][44.983s][info][gc,heap     ] GC(15) y:                Mark Start          Mark End        Relocate Start      Relocate End           High               Low         
[2026-04-03T01:36:46.857+0600][44.983s][info][gc,heap     ] GC(15) y:  Capacity:     3722M (95%)        3922M (100%)       3922M (100%)       3922M (100%)       3922M (100%)       3722M (95%)    
[2026-04-03T01:36:46.857+0600][44.983s][info][gc,heap     ] GC(15) y:      Free:     1112M (28%)        1054M (27%)        2934M (75%)        3598M (92%)        3598M (92%)         870M (22%)    
[2026-04-03T01:36:46.857+0600][44.983s][info][gc,heap     ] GC(15) y:      Used:     2810M (72%)        2868M (73%)         988M (25%)         324M (8%)         3052M (78%)         324M (8%)     
[2026-04-03T01:36:46.857+0600][44.983s][info][gc,heap     ] GC(15) y: Young Generation Statistics:
[2026-04-03T01:36:46.857+0600][44.983s][info][gc,heap     ] GC(15) y:                Mark Start          Mark End        Relocate Start      Relocate End    
[2026-04-03T01:36:46.857+0600][44.983s][info][gc,heap     ] GC(15) y:      Used:     2668M (68%)        2726M (70%)         846M (22%)         182M (5%)     
[2026-04-03T01:36:46.858+0600][44.983s][info][gc,heap     ] GC(15) y:      Live:         -                51M (1%)           51M (1%)           51M (1%)     
[2026-04-03T01:36:46.858+0600][44.983s][info][gc,heap     ] GC(15) y:   Garbage:         -              2616M (67%)         730M (19%)           5M (0%)     
[2026-04-03T01:36:46.858+0600][44.983s][info][gc,heap     ] GC(15) y: Allocated:         -                58M (1%)           64M (2%)          124M (3%)     
[2026-04-03T01:36:46.858+0600][44.983s][info][gc,heap     ] GC(15) y: Reclaimed:         -                  -              1886M (48%)        2610M (67%)    
[2026-04-03T01:36:46.858+0600][44.983s][info][gc,heap     ] GC(15) y:  Promoted:         -                  -                 0M (0%)            0M (0%)     
[2026-04-03T01:36:46.858+0600][44.983s][info][gc,heap     ] GC(15) y: Compacted:         -                  -                  -                11M (0%)     
[2026-04-03T01:36:46.858+0600][44.983s][info][gc,phases   ] GC(15) y: Young Generation 2810M(72%)->324M(8%) 0.163s
[2026-04-03T01:36:46.858+0600][44.983s][info][gc          ] GC(15) Minor Collection (Allocation Rate) 2810M(72%)->324M(8%) 0.164s
[2026-04-03T01:36:49.208+0600][47.333s][info][gc          ] GC(16) Minor Collection (Allocation Rate)
[2026-04-03T01:36:49.208+0600][47.333s][info][gc,task     ] GC(16) Using 1 Workers for Young Generation
[2026-04-03T01:36:49.208+0600][47.333s][info][gc,phases   ] GC(16) y: Young Generation
[2026-04-03T01:36:49.208+0600][47.333s][info][gc,phases   ] GC(16) y: Pause Mark Start 0.024ms
[2026-04-03T01:36:49.344+0600][47.469s][info][gc,phases   ] GC(16) y: Concurrent Mark 135.357ms
[2026-04-03T01:36:49.344+0600][47.469s][info][gc,phases   ] GC(16) y: Pause Mark End 0.027ms
[2026-04-03T01:36:49.344+0600][47.469s][info][gc,phases   ] GC(16) y: Concurrent Mark Free 0.002ms
[2026-04-03T01:36:49.344+0600][47.470s][info][gc,phases   ] GC(16) y: Concurrent Reset Relocation Set 0.031ms
[2026-04-03T01:36:49.348+0600][47.473s][info][gc,reloc    ] GC(16) y: Using tenuring threshold: 6 (Computed)
[2026-04-03T01:36:49.358+0600][47.483s][info][gc,phases   ] GC(16) y: Concurrent Select Relocation Set 13.816ms
[2026-04-03T01:36:49.358+0600][47.484s][info][gc,phases   ] GC(16) y: Pause Relocate Start 0.028ms
[2026-04-03T01:36:49.399+0600][47.524s][info][gc,phases   ] GC(16) y: Concurrent Relocate 40.205ms
[2026-04-03T01:36:49.399+0600][47.524s][info][gc,alloc    ] GC(16) y:                         Mark Start        Mark End      Relocate Start    Relocate End   
[2026-04-03T01:36:49.399+0600][47.524s][info][gc,alloc    ] GC(16) y: Allocation Stalls:          0                0                0                0         
[2026-04-03T01:36:49.399+0600][47.524s][info][gc,load     ] GC(16) y: Load: 6.54 (54%) / 10.25 (85%) / 8.14 (68%)
[2026-04-03T01:36:49.399+0600][47.524s][info][gc,mmu      ] GC(16) y: MMU: 2ms/97.2%, 5ms/98.9%, 10ms/99.1%, 20ms/99.6%, 50ms/99.7%, 100ms/99.9%
[2026-04-03T01:36:49.399+0600][47.524s][info][gc,marking  ] GC(16) y: Mark: 1 stripe(s), 2 proactive flush(es), 1 terminate flush(es), 0 completion(s), 0 continuation(s) 
[2026-04-03T01:36:49.399+0600][47.524s][info][gc,marking  ] GC(16) y: Mark Stack Usage: 32M
[2026-04-03T01:36:49.399+0600][47.524s][info][gc,nmethod  ] GC(16) y: NMethods: 16187 registered, 0 unregistered
[2026-04-03T01:36:49.399+0600][47.524s][info][gc,metaspace] GC(16) y: Metaspace: 128M used, 130M committed, 1152M reserved
[2026-04-03T01:36:49.399+0600][47.524s][info][gc,reloc    ] GC(16) y:                        Candidates     Selected     In-Place         Size        Empty    Relocated 
[2026-04-03T01:36:49.399+0600][47.524s][info][gc,reloc    ] GC(16) y: Small Pages:                  871          471            0        1742M         730M          13M 
[2026-04-03T01:36:49.399+0600][47.524s][info][gc,reloc    ] GC(16) y: Medium Pages:                   9            0            0         288M         288M           0M 
[2026-04-03T01:36:49.399+0600][47.524s][info][gc,reloc    ] GC(16) y: Large Pages:                  169            0            0        1014M        1014M           0M 
[2026-04-03T01:36:49.399+0600][47.524s][info][gc,reloc    ] GC(16) y: Forwarding Usage: 3M
[2026-04-03T01:36:49.399+0600][47.524s][info][gc,reloc    ] GC(16) y: Age Table:
[2026-04-03T01:36:49.399+0600][47.524s][info][gc,reloc    ] GC(16) y:                    Live             Garbage             Small              Medium             Large        
[2026-04-03T01:36:49.399+0600][47.524s][info][gc,reloc    ] GC(16) y: Eden              11M (0%)         2922M (75%)        816 / 447            9 / 0            169 / 0        
[2026-04-03T01:36:49.399+0600][47.524s][info][gc,reloc    ] GC(16) y: Survivor 1         5M (0%)           16M (0%)          11 / 4              0 / 0              0 / 0        
[2026-04-03T01:36:49.399+0600][47.524s][info][gc,reloc    ] GC(16) y: Survivor 2         9M (0%)            4M (0%)           7 / 2              0 / 0              0 / 0        
[2026-04-03T01:36:49.399+0600][47.524s][info][gc,reloc    ] GC(16) y: Survivor 3         8M (0%)           15M (0%)          12 / 6              0 / 0              0 / 0        
[2026-04-03T01:36:49.399+0600][47.524s][info][gc,reloc    ] GC(16) y: Survivor 4         7M (0%)            4M (0%)           6 / 2              0 / 0              0 / 0        
[2026-04-03T01:36:49.399+0600][47.524s][info][gc,reloc    ] GC(16) y: Survivor 5         7M (0%)            6M (0%)           7 / 3              0 / 0              0 / 0        
[2026-04-03T01:36:49.399+0600][47.524s][info][gc,reloc    ] GC(16) y: Survivor 6         5M (0%)            6M (0%)           6 / 3              0 / 0              0 / 0        
[2026-04-03T01:36:49.399+0600][47.524s][info][gc,reloc    ] GC(16) y: Survivor 7         4M (0%)            7M (0%)           6 / 4              0 / 0              0 / 0        
[2026-04-03T01:36:49.399+0600][47.524s][info][gc,heap     ] GC(16) y: Min Capacity: 8M(0%)
[2026-04-03T01:36:49.399+0600][47.524s][info][gc,heap     ] GC(16) y: Max Capacity: 3922M(100%)
[2026-04-03T01:36:49.399+0600][47.524s][info][gc,heap     ] GC(16) y: Soft Max Capacity: 3529M(90%)
[2026-04-03T01:36:49.399+0600][47.524s][info][gc,heap     ] GC(16) y: Heap Statistics:
[2026-04-03T01:36:49.399+0600][47.524s][info][gc,heap     ] GC(16) y:                Mark Start          Mark End        Relocate Start      Relocate End           High               Low         
[2026-04-03T01:36:49.399+0600][47.524s][info][gc,heap     ] GC(16) y:  Capacity:     3922M (100%)       3922M (100%)       3922M (100%)       3922M (100%)       3922M (100%)       3922M (100%)   
[2026-04-03T01:36:49.399+0600][47.524s][info][gc,heap     ] GC(16) y:      Free:      736M (19%)         622M (16%)        2634M (67%)        3530M (90%)        3534M (90%)         618M (16%)    
[2026-04-03T01:36:49.399+0600][47.524s][info][gc,heap     ] GC(16) y:      Used:     3186M (81%)        3300M (84%)        1288M (33%)         392M (10%)        3304M (84%)         388M (10%)    
[2026-04-03T01:36:49.399+0600][47.524s][info][gc,heap     ] GC(16) y: Young Generation Statistics:
[2026-04-03T01:36:49.399+0600][47.525s][info][gc,heap     ] GC(16) y:                Mark Start          Mark End        Relocate Start      Relocate End    
[2026-04-03T01:36:49.399+0600][47.525s][info][gc,heap     ] GC(16) y:      Used:     3044M (78%)        3158M (81%)        1136M (29%)         236M (6%)     
[2026-04-03T01:36:49.399+0600][47.525s][info][gc,heap     ] GC(16) y:      Live:         -                59M (2%)           50M (1%)           50M (1%)     
[2026-04-03T01:36:49.399+0600][47.525s][info][gc,heap     ] GC(16) y:   Garbage:         -              2984M (76%)         951M (24%)           6M (0%)     
[2026-04-03T01:36:49.399+0600][47.525s][info][gc,heap     ] GC(16) y: Allocated:         -               114M (3%)          134M (3%)          179M (5%)     
[2026-04-03T01:36:49.399+0600][47.525s][info][gc,heap     ] GC(16) y: Reclaimed:         -                  -              2033M (52%)        2978M (76%)    
[2026-04-03T01:36:49.399+0600][47.525s][info][gc,heap     ] GC(16) y:  Promoted:         -                  -                 8M (0%)            9M (0%)     
[2026-04-03T01:36:49.399+0600][47.525s][info][gc,heap     ] GC(16) y: Compacted:         -                  -                  -                14M (0%)     
[2026-04-03T01:36:49.399+0600][47.525s][info][gc,phases   ] GC(16) y: Young Generation 3186M(81%)->392M(10%) 0.191s
[2026-04-03T01:36:49.399+0600][47.525s][info][gc          ] GC(16) Minor Collection (Allocation Rate) 3186M(81%)->392M(10%) 0.192s
[2026-04-03T01:36:51.609+0600][49.735s][info][gc          ] GC(17) Minor Collection (Allocation Rate)
[2026-04-03T01:36:51.609+0600][49.735s][info][gc,task     ] GC(17) Using 1 Workers for Young Generation
[2026-04-03T01:36:51.609+0600][49.735s][info][gc,phases   ] GC(17) y: Young Generation
[2026-04-03T01:36:51.610+0600][49.735s][info][gc,phases   ] GC(17) y: Pause Mark Start 0.032ms
[2026-04-03T01:36:51.775+0600][49.900s][info][gc,phases   ] GC(17) y: Concurrent Mark 164.474ms
[2026-04-03T01:36:51.775+0600][49.900s][info][gc,phases   ] GC(17) y: Pause Mark End 0.053ms
[2026-04-03T01:36:51.775+0600][49.900s][info][gc,phases   ] GC(17) y: Concurrent Mark Free 0.003ms
[2026-04-03T01:36:51.775+0600][49.900s][info][gc,phases   ] GC(17) y: Concurrent Reset Relocation Set 0.068ms
[2026-04-03T01:36:51.779+0600][49.904s][info][gc,reloc    ] GC(17) y: Using tenuring threshold: 6 (Computed)
[2026-04-03T01:36:51.784+0600][49.910s][info][gc,phases   ] GC(17) y: Concurrent Select Relocation Set 9.044ms
[2026-04-03T01:36:51.784+0600][49.910s][info][gc,phases   ] GC(17) y: Pause Relocate Start 0.023ms
[2026-04-03T01:36:51.814+0600][49.940s][info][gc,phases   ] GC(17) y: Concurrent Relocate 29.551ms
[2026-04-03T01:36:51.814+0600][49.940s][info][gc,alloc    ] GC(17) y:                         Mark Start        Mark End      Relocate Start    Relocate End   
[2026-04-03T01:36:51.814+0600][49.940s][info][gc,alloc    ] GC(17) y: Allocation Stalls:          0                0                0                0         
[2026-04-03T01:36:51.814+0600][49.940s][info][gc,load     ] GC(17) y: Load: 6.54 (54%) / 10.25 (85%) / 8.14 (68%)
[2026-04-03T01:36:51.814+0600][49.940s][info][gc,mmu      ] GC(17) y: MMU: 2ms/97.2%, 5ms/98.9%, 10ms/99.1%, 20ms/99.6%, 50ms/99.7%, 100ms/99.9%
[2026-04-03T01:36:51.814+0600][49.940s][info][gc,marking  ] GC(17) y: Mark: 1 stripe(s), 2 proactive flush(es), 1 terminate flush(es), 0 completion(s), 0 continuation(s) 
[2026-04-03T01:36:51.814+0600][49.940s][info][gc,marking  ] GC(17) y: Mark Stack Usage: 32M
[2026-04-03T01:36:51.814+0600][49.940s][info][gc,nmethod  ] GC(17) y: NMethods: 16320 registered, 0 unregistered
[2026-04-03T01:36:51.814+0600][49.940s][info][gc,metaspace] GC(17) y: Metaspace: 128M used, 130M committed, 1152M reserved
[2026-04-03T01:36:51.814+0600][49.940s][info][gc,reloc    ] GC(17) y:                        Candidates     Selected     In-Place         Size        Empty    Relocated 
[2026-04-03T01:36:51.814+0600][49.940s][info][gc,reloc    ] GC(17) y: Small Pages:                  867          461            0        1734M         742M          14M 
[2026-04-03T01:36:51.814+0600][49.940s][info][gc,reloc    ] GC(17) y: Medium Pages:                   9            1            0         288M         224M           0M 
[2026-04-03T01:36:51.814+0600][49.940s][info][gc,reloc    ] GC(17) y: Large Pages:                  169            0            0        1014M        1014M           0M 
[2026-04-03T01:36:51.814+0600][49.940s][info][gc,reloc    ] GC(17) y: Forwarding Usage: 3M
[2026-04-03T01:36:51.814+0600][49.940s][info][gc,reloc    ] GC(17) y: Age Table:
[2026-04-03T01:36:51.814+0600][49.940s][info][gc,reloc    ] GC(17) y:                    Live             Garbage             Small              Medium             Large        
[2026-04-03T01:36:51.814+0600][49.940s][info][gc,reloc    ] GC(17) y: Eden              12M (0%)         2927M (75%)        819 / 442            9 / 1            169 / 0        
[2026-04-03T01:36:51.814+0600][49.940s][info][gc,reloc    ] GC(17) y: Survivor 1         8M (0%)           21M (1%)          15 / 9              0 / 0              0 / 0        
[2026-04-03T01:36:51.814+0600][49.940s][info][gc,reloc    ] GC(17) y: Survivor 2         5M (0%)            2M (0%)           4 / 1              0 / 0              0 / 0        
[2026-04-03T01:36:51.814+0600][49.940s][info][gc,reloc    ] GC(17) y: Survivor 3         9M (0%)            6M (0%)           8 / 2              0 / 0              0 / 0        
[2026-04-03T01:36:51.814+0600][49.940s][info][gc,reloc    ] GC(17) y: Survivor 4         8M (0%)            9M (0%)           9 / 4              0 / 0              0 / 0        
[2026-04-03T01:36:51.814+0600][49.940s][info][gc,reloc    ] GC(17) y: Survivor 5         6M (0%)            3M (0%)           5 / 1              0 / 0              0 / 0        
[2026-04-03T01:36:51.814+0600][49.940s][info][gc,reloc    ] GC(17) y: Survivor 6         7M (0%)            6M (0%)           7 / 2              0 / 0              0 / 0        
[2026-04-03T01:36:51.814+0600][49.940s][info][gc,heap     ] GC(17) y: Min Capacity: 8M(0%)
[2026-04-03T01:36:51.814+0600][49.940s][info][gc,heap     ] GC(17) y: Max Capacity: 3922M(100%)
[2026-04-03T01:36:51.814+0600][49.940s][info][gc,heap     ] GC(17) y: Soft Max Capacity: 3529M(90%)
[2026-04-03T01:36:51.814+0600][49.940s][info][gc,heap     ] GC(17) y: Heap Statistics:
[2026-04-03T01:36:51.814+0600][49.940s][info][gc,heap     ] GC(17) y:                Mark Start          Mark End        Relocate Start      Relocate End           High               Low         
[2026-04-03T01:36:51.814+0600][49.940s][info][gc,heap     ] GC(17) y:  Capacity:     3922M (100%)       3922M (100%)       3922M (100%)       3922M (100%)       3922M (100%)       3922M (100%)   
[2026-04-03T01:36:51.814+0600][49.940s][info][gc,heap     ] GC(17) y:      Free:      730M (19%)         594M (15%)        2572M (66%)        3480M (89%)        3482M (89%)         594M (15%)    
[2026-04-03T01:36:51.814+0600][49.940s][info][gc,heap     ] GC(17) y:      Used:     3192M (81%)        3328M (85%)        1350M (34%)         442M (11%)        3328M (85%)         440M (11%)    
[2026-04-03T01:36:51.815+0600][49.940s][info][gc,heap     ] GC(17) y: Young Generation Statistics:
[2026-04-03T01:36:51.815+0600][49.940s][info][gc,heap     ] GC(17) y:                Mark Start          Mark End        Relocate Start      Relocate End    
[2026-04-03T01:36:51.815+0600][49.940s][info][gc,heap     ] GC(17) y:      Used:     3036M (77%)        3172M (81%)        1186M (30%)         276M (7%)     
[2026-04-03T01:36:51.815+0600][49.940s][info][gc,heap     ] GC(17) y:      Live:         -                59M (2%)           52M (1%)           51M (1%)     
[2026-04-03T01:36:51.815+0600][49.940s][info][gc,heap     ] GC(17) y:   Garbage:         -              2976M (76%)         995M (25%)           7M (0%)     
[2026-04-03T01:36:51.815+0600][49.940s][info][gc,heap     ] GC(17) y: Allocated:         -               136M (3%)          138M (4%)          217M (6%)     
[2026-04-03T01:36:51.815+0600][49.940s][info][gc,heap     ] GC(17) y: Reclaimed:         -                  -              1981M (51%)        2969M (76%)    
[2026-04-03T01:36:51.815+0600][49.940s][info][gc,heap     ] GC(17) y:  Promoted:         -                  -                 6M (0%)            7M (0%)     
[2026-04-03T01:36:51.815+0600][49.940s][info][gc,heap     ] GC(17) y: Compacted:         -                  -                  -                16M (0%)     
[2026-04-03T01:36:51.815+0600][49.940s][info][gc,phases   ] GC(17) y: Young Generation 3192M(81%)->442M(11%) 0.205s
[2026-04-03T01:36:51.815+0600][49.940s][info][gc          ] GC(17) Minor Collection (Allocation Rate) 3192M(81%)->442M(11%) 0.205s
[2026-04-03T01:36:53.921+0600][52.047s][info][gc          ] GC(18) Minor Collection (Allocation Rate)
[2026-04-03T01:36:53.922+0600][52.047s][info][gc,task     ] GC(18) Using 1 Workers for Young Generation
[2026-04-03T01:36:53.922+0600][52.047s][info][gc,phases   ] GC(18) y: Young Generation
[2026-04-03T01:36:53.922+0600][52.047s][info][gc,phases   ] GC(18) y: Pause Mark Start 0.033ms
[2026-04-03T01:36:54.078+0600][52.203s][info][gc,phases   ] GC(18) y: Concurrent Mark 155.556ms
[2026-04-03T01:36:54.078+0600][52.203s][info][gc,phases   ] GC(18) y: Pause Mark End 0.035ms
[2026-04-03T01:36:54.078+0600][52.203s][info][gc,phases   ] GC(18) y: Concurrent Mark Free 0.003ms
[2026-04-03T01:36:54.078+0600][52.204s][info][gc,phases   ] GC(18) y: Concurrent Reset Relocation Set 0.065ms
[2026-04-03T01:36:54.081+0600][52.206s][info][gc,reloc    ] GC(18) y: Using tenuring threshold: 6 (Computed)
[2026-04-03T01:36:54.086+0600][52.212s][info][gc,phases   ] GC(18) y: Concurrent Select Relocation Set 8.264ms
[2026-04-03T01:36:54.087+0600][52.212s][info][gc,phases   ] GC(18) y: Pause Relocate Start 0.024ms
[2026-04-03T01:36:54.120+0600][52.245s][info][gc,phases   ] GC(18) y: Concurrent Relocate 32.597ms
[2026-04-03T01:36:54.120+0600][52.245s][info][gc,alloc    ] GC(18) y:                         Mark Start        Mark End      Relocate Start    Relocate End   
[2026-04-03T01:36:54.120+0600][52.245s][info][gc,alloc    ] GC(18) y: Allocation Stalls:          0                0                0                0         
[2026-04-03T01:36:54.120+0600][52.245s][info][gc,load     ] GC(18) y: Load: 6.54 (54%) / 10.25 (85%) / 8.14 (68%)
[2026-04-03T01:36:54.120+0600][52.245s][info][gc,mmu      ] GC(18) y: MMU: 2ms/97.2%, 5ms/98.9%, 10ms/99.1%, 20ms/99.6%, 50ms/99.7%, 100ms/99.9%
[2026-04-03T01:36:54.120+0600][52.245s][info][gc,marking  ] GC(18) y: Mark: 1 stripe(s), 2 proactive flush(es), 1 terminate flush(es), 0 completion(s), 0 continuation(s) 
[2026-04-03T01:36:54.120+0600][52.245s][info][gc,marking  ] GC(18) y: Mark Stack Usage: 32M
[2026-04-03T01:36:54.120+0600][52.245s][info][gc,nmethod  ] GC(18) y: NMethods: 16468 registered, 0 unregistered
[2026-04-03T01:36:54.120+0600][52.245s][info][gc,metaspace] GC(18) y: Metaspace: 128M used, 130M committed, 1152M reserved
[2026-04-03T01:36:54.120+0600][52.245s][info][gc,reloc    ] GC(18) y:                        Candidates     Selected     In-Place         Size        Empty    Relocated 
[2026-04-03T01:36:54.120+0600][52.245s][info][gc,reloc    ] GC(18) y: Small Pages:                  845          458            0        1690M         706M          13M 
[2026-04-03T01:36:54.120+0600][52.245s][info][gc,reloc    ] GC(18) y: Medium Pages:                  10            0            0         320M         288M           0M 
[2026-04-03T01:36:54.120+0600][52.245s][info][gc,reloc    ] GC(18) y: Large Pages:                  168            0            0        1008M        1008M           0M 
[2026-04-03T01:36:54.120+0600][52.245s][info][gc,reloc    ] GC(18) y: Forwarding Usage: 3M
[2026-04-03T01:36:54.120+0600][52.245s][info][gc,reloc    ] GC(18) y: Age Table:
[2026-04-03T01:36:54.120+0600][52.245s][info][gc,reloc    ] GC(18) y:                    Live             Garbage             Small              Medium             Large        
[2026-04-03T01:36:54.120+0600][52.245s][info][gc,reloc    ] GC(18) y: Eden              10M (0%)         2877M (73%)        796 / 436            9 / 0            168 / 0        
[2026-04-03T01:36:54.120+0600][52.245s][info][gc,reloc    ] GC(18) y: Survivor 1         8M (0%)           51M (1%)          14 / 9              1 / 0              0 / 0        
[2026-04-03T01:36:54.120+0600][52.245s][info][gc,reloc    ] GC(18) y: Survivor 2         8M (0%)            5M (0%)           7 / 3              0 / 0              0 / 0        
[2026-04-03T01:36:54.120+0600][52.245s][info][gc,reloc    ] GC(18) y: Survivor 3         5M (0%)            6M (0%)           6 / 2              0 / 0              0 / 0        
[2026-04-03T01:36:54.120+0600][52.245s][info][gc,reloc    ] GC(18) y: Survivor 4         9M (0%)            4M (0%)           7 / 2              0 / 0              0 / 0        
[2026-04-03T01:36:54.120+0600][52.245s][info][gc,reloc    ] GC(18) y: Survivor 5         8M (0%)           11M (0%)          10 / 5              0 / 0              0 / 0        
[2026-04-03T01:36:54.120+0600][52.245s][info][gc,reloc    ] GC(18) y: Survivor 6         6M (0%)            3M (0%)           5 / 1              0 / 0              0 / 0        
[2026-04-03T01:36:54.120+0600][52.245s][info][gc,heap     ] GC(18) y: Min Capacity: 8M(0%)
[2026-04-03T01:36:54.120+0600][52.245s][info][gc,heap     ] GC(18) y: Max Capacity: 3922M(100%)
[2026-04-03T01:36:54.120+0600][52.245s][info][gc,heap     ] GC(18) y: Soft Max Capacity: 3529M(90%)
[2026-04-03T01:36:54.120+0600][52.245s][info][gc,heap     ] GC(18) y: Heap Statistics:
[2026-04-03T01:36:54.120+0600][52.245s][info][gc,heap     ] GC(18) y:                Mark Start          Mark End        Relocate Start      Relocate End           High               Low         
[2026-04-03T01:36:54.120+0600][52.245s][info][gc,heap     ] GC(18) y:  Capacity:     3922M (100%)       3922M (100%)       3922M (100%)       3922M (100%)       3922M (100%)       3922M (100%)   
[2026-04-03T01:36:54.120+0600][52.245s][info][gc,heap     ] GC(18) y:      Free:      738M (19%)         606M (15%)        2608M (66%)        3472M (89%)        3474M (89%)         606M (15%)    
[2026-04-03T01:36:54.120+0600][52.245s][info][gc,heap     ] GC(18) y:      Used:     3184M (81%)        3316M (85%)        1314M (34%)         450M (11%)        3316M (85%)         448M (11%)    
[2026-04-03T01:36:54.120+0600][52.245s][info][gc,heap     ] GC(18) y: Young Generation Statistics:
[2026-04-03T01:36:54.120+0600][52.245s][info][gc,heap     ] GC(18) y:                Mark Start          Mark End        Relocate Start      Relocate End    
[2026-04-03T01:36:54.120+0600][52.245s][info][gc,heap     ] GC(18) y:      Used:     3018M (77%)        3150M (80%)        1140M (29%)         274M (7%)     
[2026-04-03T01:36:54.120+0600][52.245s][info][gc,heap     ] GC(18) y:      Live:         -                57M (1%)           51M (1%)           51M (1%)     
[2026-04-03T01:36:54.120+0600][52.245s][info][gc,heap     ] GC(18) y:   Garbage:         -              2960M (75%)         956M (24%)          37M (1%)     
[2026-04-03T01:36:54.120+0600][52.245s][info][gc,heap     ] GC(18) y: Allocated:         -               132M (3%)          132M (3%)          185M (5%)     
[2026-04-03T01:36:54.120+0600][52.245s][info][gc,heap     ] GC(18) y: Reclaimed:         -                  -              2003M (51%)        2922M (75%)    
[2026-04-03T01:36:54.120+0600][52.245s][info][gc,heap     ] GC(18) y:  Promoted:         -                  -                 6M (0%)            6M (0%)     
[2026-04-03T01:36:54.120+0600][52.245s][info][gc,heap     ] GC(18) y: Compacted:         -                  -                  -                16M (0%)     
[2026-04-03T01:36:54.120+0600][52.245s][info][gc,phases   ] GC(18) y: Young Generation 3184M(81%)->450M(11%) 0.198s
[2026-04-03T01:36:54.120+0600][52.245s][info][gc          ] GC(18) Minor Collection (Allocation Rate) 3184M(81%)->450M(11%) 0.199s
[2026-04-03T01:36:55.295+0600][53.421s][info][gc          ] GC(19) Major Collection (System.gc())
[2026-04-03T01:36:55.296+0600][53.421s][info][gc,task     ] GC(19) Using 3 Workers for Young Generation
[2026-04-03T01:36:55.296+0600][53.421s][info][gc,task     ] GC(19) Using 3 Workers for Old Generation
[2026-04-03T01:36:55.296+0600][53.421s][info][gc,phases   ] GC(19) Y: Young Generation (Promote All)
[2026-04-03T01:36:55.296+0600][53.421s][info][gc,phases   ] GC(19) Y: Pause Mark Start 0.019ms
[2026-04-03T01:36:55.338+0600][53.464s][info][gc,phases   ] GC(19) Y: Concurrent Mark 42.538ms
[2026-04-03T01:36:55.339+0600][53.464s][info][gc,phases   ] GC(19) Y: Pause Mark End 0.024ms
[2026-04-03T01:36:55.339+0600][53.464s][info][gc,phases   ] GC(19) Y: Concurrent Mark Free 0.002ms
[2026-04-03T01:36:55.339+0600][53.464s][info][gc,phases   ] GC(19) Y: Concurrent Reset Relocation Set 0.051ms
[2026-04-03T01:36:55.342+0600][53.468s][info][gc,reloc    ] GC(19) Y: Using tenuring threshold: 0 (Promote All)
[2026-04-03T01:36:55.351+0600][53.476s][info][gc,phases   ] GC(19) Y: Concurrent Select Relocation Set 12.005ms
[2026-04-03T01:36:55.351+0600][53.477s][info][gc,phases   ] GC(19) Y: Pause Relocate Start 0.019ms
[2026-04-03T01:36:55.368+0600][53.493s][info][gc,phases   ] GC(19) Y: Concurrent Relocate 16.127ms
[2026-04-03T01:36:55.368+0600][53.493s][info][gc,alloc    ] GC(19) Y:                         Mark Start        Mark End      Relocate Start    Relocate End   
[2026-04-03T01:36:55.368+0600][53.493s][info][gc,alloc    ] GC(19) Y: Allocation Stalls:          0                0                0                0         
[2026-04-03T01:36:55.368+0600][53.493s][info][gc,load     ] GC(19) Y: Load: 6.41 (53%) / 10.16 (85%) / 8.12 (68%)
[2026-04-03T01:36:55.368+0600][53.493s][info][gc,mmu      ] GC(19) Y: MMU: 2ms/97.2%, 5ms/98.9%, 10ms/99.1%, 20ms/99.6%, 50ms/99.7%, 100ms/99.9%
[2026-04-03T01:36:55.368+0600][53.493s][info][gc,marking  ] GC(19) Y: Mark: 2 stripe(s), 2 proactive flush(es), 1 terminate flush(es), 0 completion(s), 0 continuation(s) 
[2026-04-03T01:36:55.368+0600][53.493s][info][gc,marking  ] GC(19) Y: Mark Stack Usage: 32M
[2026-04-03T01:36:55.368+0600][53.493s][info][gc,nmethod  ] GC(19) Y: NMethods: 16614 registered, 0 unregistered
[2026-04-03T01:36:55.368+0600][53.493s][info][gc,metaspace] GC(19) Y: Metaspace: 129M used, 130M committed, 1152M reserved
[2026-04-03T01:36:55.368+0600][53.493s][info][gc,reloc    ] GC(19) Y:                        Candidates     Selected     In-Place         Size        Empty    Relocated 
[2026-04-03T01:36:55.368+0600][53.493s][info][gc,reloc    ] GC(19) Y: Small Pages:                  666          235            0        1332M         800M           7M 
[2026-04-03T01:36:55.368+0600][53.493s][info][gc,reloc    ] GC(19) Y: Medium Pages:                   6            0            0         192M         160M           0M 
[2026-04-03T01:36:55.368+0600][53.493s][info][gc,reloc    ] GC(19) Y: Large Pages:                   24            0            0         144M         144M           0M 
[2026-04-03T01:36:55.368+0600][53.493s][info][gc,reloc    ] GC(19) Y: Forwarding Usage: 2M
[2026-04-03T01:36:55.368+0600][53.493s][info][gc,reloc    ] GC(19) Y: Age Table:
[2026-04-03T01:36:55.368+0600][53.493s][info][gc,reloc    ] GC(19) Y:                    Live             Garbage             Small              Medium             Large        
[2026-04-03T01:36:55.368+0600][53.493s][info][gc,reloc    ] GC(19) Y: Eden               4M (0%)         1535M (39%)        618 / 216            5 / 0             24 / 0        
[2026-04-03T01:36:55.368+0600][53.493s][info][gc,reloc    ] GC(19) Y: Survivor 1         8M (0%)           19M (1%)          14 / 9              0 / 0              0 / 0        
[2026-04-03T01:36:55.368+0600][53.493s][info][gc,reloc    ] GC(19) Y: Survivor 2         8M (0%)           37M (1%)           7 / 1              1 / 0              0 / 0        
[2026-04-03T01:36:55.368+0600][53.493s][info][gc,reloc    ] GC(19) Y: Survivor 3         8M (0%)            1M (0%)           5 / 0              0 / 0              0 / 0        
[2026-04-03T01:36:55.368+0600][53.493s][info][gc,reloc    ] GC(19) Y: Survivor 4         5M (0%)            4M (0%)           5 / 2              0 / 0              0 / 0        
[2026-04-03T01:36:55.368+0600][53.493s][info][gc,reloc    ] GC(19) Y: Survivor 5         8M (0%)            7M (0%)           8 / 2              0 / 0              0 / 0        
[2026-04-03T01:36:55.368+0600][53.493s][info][gc,reloc    ] GC(19) Y: Survivor 6         8M (0%)            9M (0%)           9 / 5              0 / 0              0 / 0        
[2026-04-03T01:36:55.368+0600][53.493s][info][gc,heap     ] GC(19) Y: Min Capacity: 8M(0%)
[2026-04-03T01:36:55.368+0600][53.493s][info][gc,heap     ] GC(19) Y: Max Capacity: 3922M(100%)
[2026-04-03T01:36:55.368+0600][53.493s][info][gc,heap     ] GC(19) Y: Soft Max Capacity: 3529M(90%)
[2026-04-03T01:36:55.368+0600][53.493s][info][gc,heap     ] GC(19) Y: Heap Statistics:
[2026-04-03T01:36:55.368+0600][53.493s][info][gc,heap     ] GC(19) Y:                Mark Start          Mark End        Relocate Start      Relocate End           High               Low         
[2026-04-03T01:36:55.368+0600][53.493s][info][gc,heap     ] GC(19) Y:  Capacity:     3922M (100%)       3922M (100%)       3922M (100%)       3922M (100%)       3922M (100%)       3922M (100%)   
[2026-04-03T01:36:55.368+0600][53.493s][info][gc,heap     ] GC(19) Y:      Free:     2078M (53%)        2076M (53%)        3180M (81%)        3648M (93%)        3648M (93%)        2076M (53%)    
[2026-04-03T01:36:55.368+0600][53.493s][info][gc,heap     ] GC(19) Y:      Used:     1844M (47%)        1846M (47%)         742M (19%)         274M (7%)         1846M (47%)         274M (7%)     
[2026-04-03T01:36:55.368+0600][53.493s][info][gc,heap     ] GC(19) Y: Young Generation Statistics:
[2026-04-03T01:36:55.368+0600][53.493s][info][gc,heap     ] GC(19) Y:                Mark Start          Mark End        Relocate Start      Relocate End    
[2026-04-03T01:36:55.368+0600][53.493s][info][gc,heap     ] GC(19) Y:      Used:     1668M (43%)        1670M (43%)         486M (12%)           2M (0%)     
[2026-04-03T01:36:55.368+0600][53.493s][info][gc,heap     ] GC(19) Y:      Live:         -                52M (1%)           12M (0%)            0M (0%)     
[2026-04-03T01:36:55.368+0600][53.493s][info][gc,heap     ] GC(19) Y:   Garbage:         -              1615M (41%)         471M (12%)           0M (0%)     
[2026-04-03T01:36:55.368+0600][53.493s][info][gc,heap     ] GC(19) Y: Allocated:         -                 2M (0%)            2M (0%)            2M (0%)     
[2026-04-03T01:36:55.368+0600][53.493s][info][gc,heap     ] GC(19) Y: Reclaimed:         -                  -              1143M (29%)        1615M (41%)    
[2026-04-03T01:36:55.368+0600][53.493s][info][gc,heap     ] GC(19) Y:  Promoted:         -                  -                40M (1%)           52M (1%)     
[2026-04-03T01:36:55.368+0600][53.494s][info][gc,heap     ] GC(19) Y: Compacted:         -                  -                  -                 0M (0%)     
[2026-04-03T01:36:55.368+0600][53.494s][info][gc,phases   ] GC(19) Y: Young Generation (Promote All) 1844M(47%)->274M(7%) 0.072s
[2026-04-03T01:36:55.368+0600][53.494s][info][gc,phases   ] GC(19) Y: Young Generation (Collect Roots)
[2026-04-03T01:36:55.368+0600][53.494s][info][gc,phases   ] GC(19) Y: Pause Mark Start (Major) 0.028ms
[2026-04-03T01:36:55.387+0600][53.512s][info][gc,phases   ] GC(19) Y: Concurrent Mark 18.319ms
[2026-04-03T01:36:55.387+0600][53.513s][info][gc,phases   ] GC(19) Y: Pause Mark End 0.026ms
[2026-04-03T01:36:55.387+0600][53.513s][info][gc,phases   ] GC(19) Y: Concurrent Mark Free 0.001ms
[2026-04-03T01:36:55.387+0600][53.513s][info][gc,phases   ] GC(19) Y: Concurrent Reset Relocation Set 0.097ms
[2026-04-03T01:36:55.391+0600][53.517s][info][gc,reloc    ] GC(19) Y: Using tenuring threshold: 1 (Computed)
[2026-04-03T01:36:55.392+0600][53.517s][info][gc,phases   ] GC(19) Y: Concurrent Select Relocation Set 4.249ms
[2026-04-03T01:36:55.392+0600][53.517s][info][gc,phases   ] GC(19) Y: Pause Relocate Start 0.016ms
[2026-04-03T01:36:55.392+0600][53.518s][info][gc,phases   ] GC(19) Y: Concurrent Relocate 0.414ms
[2026-04-03T01:36:55.392+0600][53.518s][info][gc,alloc    ] GC(19) Y:                         Mark Start        Mark End      Relocate Start    Relocate End   
[2026-04-03T01:36:55.393+0600][53.518s][info][gc,alloc    ] GC(19) Y: Allocation Stalls:          0                0                0                0         
[2026-04-03T01:36:55.393+0600][53.518s][info][gc,load     ] GC(19) Y: Load: 6.41 (53%) / 10.16 (85%) / 8.12 (68%)
[2026-04-03T01:36:55.393+0600][53.518s][info][gc,mmu      ] GC(19) Y: MMU: 2ms/97.2%, 5ms/98.9%, 10ms/99.1%, 20ms/99.6%, 50ms/99.7%, 100ms/99.9%
[2026-04-03T01:36:55.393+0600][53.518s][info][gc,marking  ] GC(19) Y: Mark: 2 stripe(s), 1 proactive flush(es), 1 terminate flush(es), 0 completion(s), 0 continuation(s) 
[2026-04-03T01:36:55.393+0600][53.518s][info][gc,marking  ] GC(19) Y: Mark Stack Usage: 32M
[2026-04-03T01:36:55.393+0600][53.518s][info][gc,nmethod  ] GC(19) Y: NMethods: 16614 registered, 0 unregistered
[2026-04-03T01:36:55.393+0600][53.518s][info][gc,metaspace] GC(19) Y: Metaspace: 129M used, 130M committed, 1152M reserved
[2026-04-03T01:36:55.393+0600][53.518s][info][gc,reloc    ] GC(19) Y:                        Candidates     Selected     In-Place         Size        Empty    Relocated 
[2026-04-03T01:36:55.393+0600][53.518s][info][gc,reloc    ] GC(19) Y: Small Pages:                    1            0            0           2M           0M           0M 
[2026-04-03T01:36:55.393+0600][53.518s][info][gc,reloc    ] GC(19) Y: Medium Pages:                   0            0            0           0M           0M           0M 
[2026-04-03T01:36:55.393+0600][53.518s][info][gc,reloc    ] GC(19) Y: Large Pages:                    0            0            0           0M           0M           0M 
[2026-04-03T01:36:55.393+0600][53.518s][info][gc,reloc    ] GC(19) Y: Forwarding Usage: 0M
[2026-04-03T01:36:55.393+0600][53.518s][info][gc,reloc    ] GC(19) Y: Age Table:
[2026-04-03T01:36:55.393+0600][53.518s][info][gc,reloc    ] GC(19) Y:                    Live             Garbage             Small              Medium             Large        
[2026-04-03T01:36:55.393+0600][53.518s][info][gc,reloc    ] GC(19) Y: Eden               0M (0%)            1M (0%)           1 / 0              0 / 0              0 / 0        
[2026-04-03T01:36:55.393+0600][53.518s][info][gc,heap     ] GC(19) Y: Min Capacity: 8M(0%)
[2026-04-03T01:36:55.393+0600][53.518s][info][gc,heap     ] GC(19) Y: Max Capacity: 3922M(100%)
[2026-04-03T01:36:55.393+0600][53.518s][info][gc,heap     ] GC(19) Y: Soft Max Capacity: 3529M(90%)
[2026-04-03T01:36:55.393+0600][53.518s][info][gc,heap     ] GC(19) Y: Heap Statistics:
[2026-04-03T01:36:55.393+0600][53.518s][info][gc,heap     ] GC(19) Y:                Mark Start          Mark End        Relocate Start      Relocate End           High               Low         
[2026-04-03T01:36:55.393+0600][53.518s][info][gc,heap     ] GC(19) Y:  Capacity:     3922M (100%)       3922M (100%)       3922M (100%)       3922M (100%)       3922M (100%)       3922M (100%)   
[2026-04-03T01:36:55.393+0600][53.518s][info][gc,heap     ] GC(19) Y:      Free:     3648M (93%)        3648M (93%)        3648M (93%)        3648M (93%)        3648M (93%)        3648M (93%)    
[2026-04-03T01:36:55.393+0600][53.518s][info][gc,heap     ] GC(19) Y:      Used:      274M (7%)          274M (7%)          274M (7%)          274M (7%)          274M (7%)          274M (7%)     
[2026-04-03T01:36:55.393+0600][53.518s][info][gc,heap     ] GC(19) Y: Young Generation Statistics:
[2026-04-03T01:36:55.393+0600][53.518s][info][gc,heap     ] GC(19) Y:                Mark Start          Mark End        Relocate Start      Relocate End    
[2026-04-03T01:36:55.393+0600][53.518s][info][gc,heap     ] GC(19) Y:      Used:        2M (0%)            2M (0%)            2M (0%)            2M (0%)     
[2026-04-03T01:36:55.393+0600][53.518s][info][gc,heap     ] GC(19) Y:      Live:         -                 0M (0%)            0M (0%)            0M (0%)     
[2026-04-03T01:36:55.393+0600][53.518s][info][gc,heap     ] GC(19) Y:   Garbage:         -                 1M (0%)            1M (0%)            1M (0%)     
[2026-04-03T01:36:55.393+0600][53.518s][info][gc,heap     ] GC(19) Y: Allocated:         -                 0M (0%)            0M (0%)            0M (0%)     
[2026-04-03T01:36:55.393+0600][53.518s][info][gc,heap     ] GC(19) Y: Reclaimed:         -                  -                 0M (0%)            0M (0%)     
[2026-04-03T01:36:55.393+0600][53.518s][info][gc,heap     ] GC(19) Y:  Promoted:         -                  -                 0M (0%)            0M (0%)     
[2026-04-03T01:36:55.393+0600][53.518s][info][gc,heap     ] GC(19) Y: Compacted:         -                  -                  -                 0M (0%)     
[2026-04-03T01:36:55.393+0600][53.518s][info][gc,phases   ] GC(19) Y: Young Generation (Collect Roots) 274M(7%)->274M(7%) 0.024s
[2026-04-03T01:36:55.393+0600][53.518s][info][gc,phases   ] GC(19) O: Old Generation
[2026-04-03T01:36:55.522+0600][53.647s][info][gc,phases   ] GC(19) O: Concurrent Mark 128.665ms
[2026-04-03T01:36:55.522+0600][53.647s][info][gc,phases   ] GC(19) O: Pause Mark End 0.025ms
[2026-04-03T01:36:55.522+0600][53.647s][info][gc,phases   ] GC(19) O: Concurrent Mark Free 0.001ms
[2026-04-03T01:36:55.565+0600][53.690s][info][gc,phases   ] GC(19) O: Concurrent Process Non-Strong 42.669ms
[2026-04-03T01:36:55.565+0600][53.690s][info][gc,phases   ] GC(19) O: Concurrent Reset Relocation Set 0.012ms
[2026-04-03T01:36:55.567+0600][53.693s][info][gc,phases   ] GC(19) O: Concurrent Select Relocation Set 2.683ms
[2026-04-03T01:36:55.567+0600][53.693s][info][gc,task     ] GC(19) O: Using 3 Workers for Old Generation
[2026-04-03T01:36:55.592+0600][53.717s][info][gc,task     ] GC(19) O: Using 3 Workers for Old Generation
[2026-04-03T01:36:55.592+0600][53.717s][info][gc,phases   ] GC(19) O: Concurrent Remap Roots 24.516ms
[2026-04-03T01:36:55.592+0600][53.717s][info][gc,phases   ] GC(19) O: Pause Relocate Start 0.026ms
[2026-04-03T01:36:55.618+0600][53.743s][info][gc,phases   ] GC(19) O: Concurrent Relocate 25.554ms
[2026-04-03T01:36:55.618+0600][53.743s][info][gc,alloc    ] GC(19) O:                         Mark Start        Mark End      Relocate Start    Relocate End   
[2026-04-03T01:36:55.618+0600][53.743s][info][gc,alloc    ] GC(19) O: Allocation Stalls:          0                0                0                0         
[2026-04-03T01:36:55.618+0600][53.743s][info][gc,load     ] GC(19) O: Load: 6.41 (53%) / 10.16 (85%) / 8.12 (68%)
[2026-04-03T01:36:55.618+0600][53.743s][info][gc,mmu      ] GC(19) O: MMU: 2ms/97.2%, 5ms/98.9%, 10ms/99.1%, 20ms/99.6%, 50ms/99.7%, 100ms/99.9%
[2026-04-03T01:36:55.618+0600][53.743s][info][gc,marking  ] GC(19) O: Mark: 2 stripe(s), 2 proactive flush(es), 1 terminate flush(es), 0 completion(s), 0 continuation(s) 
[2026-04-03T01:36:55.618+0600][53.743s][info][gc,marking  ] GC(19) O: Mark Stack Usage: 32M
[2026-04-03T01:36:55.618+0600][53.743s][info][gc,nmethod  ] GC(19) O: NMethods: 13509 registered, 3135 unregistered
[2026-04-03T01:36:55.618+0600][53.743s][info][gc,metaspace] GC(19) O: Metaspace: 128M used, 130M committed, 1152M reserved
[2026-04-03T01:36:55.618+0600][53.743s][info][gc,ref      ] GC(19) O:                       Encountered   Discovered     Enqueued 
[2026-04-03T01:36:55.618+0600][53.743s][info][gc,ref      ] GC(19) O: Soft References:             6379            0            0 
[2026-04-03T01:36:55.618+0600][53.743s][info][gc,ref      ] GC(19) O: Weak References:            46416        36679        31208 
[2026-04-03T01:36:55.618+0600][53.743s][info][gc,ref      ] GC(19) O: Final References:              84            0            0 
[2026-04-03T01:36:55.618+0600][53.743s][info][gc,ref      ] GC(19) O: Phantom References:           620          494            0 
[2026-04-03T01:36:55.618+0600][53.744s][info][gc,reloc    ] GC(19) O:                        Candidates     Selected     In-Place         Size        Empty    Relocated 
[2026-04-03T01:36:55.618+0600][53.744s][info][gc,reloc    ] GC(19) O: Small Pages:                  104           19            0         208M           4M          13M 
[2026-04-03T01:36:55.618+0600][53.744s][info][gc,reloc    ] GC(19) O: Medium Pages:                   2            1            0          64M           0M           8M 
[2026-04-03T01:36:55.618+0600][53.744s][info][gc,reloc    ] GC(19) O: Large Pages:                    0            0            0           0M           0M           0M 
[2026-04-03T01:36:55.618+0600][53.744s][info][gc,reloc    ] GC(19) O: Forwarding Usage: 9M
[2026-04-03T01:36:55.618+0600][53.744s][info][gc,heap     ] GC(19) O: Min Capacity: 8M(0%)
[2026-04-03T01:36:55.618+0600][53.744s][info][gc,heap     ] GC(19) O: Max Capacity: 3922M(100%)
[2026-04-03T01:36:55.618+0600][53.744s][info][gc,heap     ] GC(19) O: Soft Max Capacity: 3529M(90%)
[2026-04-03T01:36:55.618+0600][53.744s][info][gc,heap     ] GC(19) O: Heap Statistics:
[2026-04-03T01:36:55.618+0600][53.744s][info][gc,heap     ] GC(19) O:                Mark Start          Mark End        Relocate Start      Relocate End           High               Low         
[2026-04-03T01:36:55.618+0600][53.744s][info][gc,heap     ] GC(19) O:  Capacity:     3922M (100%)       3922M (100%)       3922M (100%)       3922M (100%)       3922M (100%)       3922M (100%)   
[2026-04-03T01:36:55.618+0600][53.744s][info][gc,heap     ] GC(19) O:      Free:     3648M (93%)        3646M (93%)        3632M (93%)        3638M (93%)        3648M (93%)        3572M (91%)    
[2026-04-03T01:36:55.618+0600][53.744s][info][gc,heap     ] GC(19) O:      Used:      274M (7%)          276M (7%)          290M (7%)          284M (7%)          350M (9%)          274M (7%)     
[2026-04-03T01:36:55.618+0600][53.744s][info][gc,heap     ] GC(19) O: Old Generation Statistics:
[2026-04-03T01:36:55.618+0600][53.744s][info][gc,heap     ] GC(19) O:                Mark Start          Mark End        Relocate Start      Relocate End    
[2026-04-03T01:36:55.618+0600][53.744s][info][gc,heap     ] GC(19) O:      Used:      272M (7%)          272M (7%)          268M (7%)          242M (6%)     
[2026-04-03T01:36:55.618+0600][53.744s][info][gc,heap     ] GC(19) O:      Live:         -               159M (4%)          159M (4%)          159M (4%)     
[2026-04-03T01:36:55.618+0600][53.744s][info][gc,heap     ] GC(19) O:   Garbage:         -               112M (3%)          108M (3%)            8M (0%)     
[2026-04-03T01:36:55.618+0600][53.744s][info][gc,heap     ] GC(19) O: Allocated:         -                 0M (0%)            0M (0%)           73M (2%)     
[2026-04-03T01:36:55.618+0600][53.744s][info][gc,heap     ] GC(19) O: Reclaimed:         -                  -                 4M (0%)          103M (3%)     
[2026-04-03T01:36:55.618+0600][53.744s][info][gc,heap     ] GC(19) O: Compacted:         -                  -                  -                56M (1%)     
[2026-04-03T01:36:55.618+0600][53.744s][info][gc,phases   ] GC(19) O: Old Generation 274M(7%)->284M(7%) 0.225s
[2026-04-03T01:36:55.618+0600][53.744s][info][gc          ] GC(19) Major Collection (System.gc()) 1844M(47%)->286M(7%) 0.323s
[2026-04-03T01:36:58.426+0600][56.552s][info][gc          ] GC(20) Minor Collection (Allocation Rate)
[2026-04-03T01:36:58.426+0600][56.552s][info][gc,task     ] GC(20) Using 1 Workers for Young Generation
[2026-04-03T01:36:58.426+0600][56.552s][info][gc,phases   ] GC(20) y: Young Generation
[2026-04-03T01:36:58.427+0600][56.552s][info][gc,phases   ] GC(20) y: Pause Mark Start 0.025ms
[2026-04-03T01:36:58.490+0600][56.616s][info][gc,phases   ] GC(20) y: Concurrent Mark 63.345ms
[2026-04-03T01:36:58.490+0600][56.616s][info][gc,phases   ] GC(20) y: Pause Mark End 0.031ms
[2026-04-03T01:36:58.491+0600][56.616s][info][gc,phases   ] GC(20) y: Concurrent Mark Free 0.002ms
[2026-04-03T01:36:58.491+0600][56.616s][info][gc,phases   ] GC(20) y: Concurrent Reset Relocation Set 0.001ms
[2026-04-03T01:36:58.494+0600][56.620s][info][gc,reloc    ] GC(20) y: Using tenuring threshold: 1 (Computed)
[2026-04-03T01:36:58.495+0600][56.620s][info][gc,phases   ] GC(20) y: Concurrent Select Relocation Set 4.514ms
[2026-04-03T01:36:58.495+0600][56.621s][info][gc,phases   ] GC(20) y: Pause Relocate Start 0.030ms
[2026-04-03T01:36:58.510+0600][56.635s][info][gc,phases   ] GC(20) y: Concurrent Relocate 14.458ms
[2026-04-03T01:36:58.510+0600][56.635s][info][gc,alloc    ] GC(20) y:                         Mark Start        Mark End      Relocate Start    Relocate End   
[2026-04-03T01:36:58.510+0600][56.636s][info][gc,alloc    ] GC(20) y: Allocation Stalls:          0                0                0                0         
[2026-04-03T01:36:58.510+0600][56.636s][info][gc,load     ] GC(20) y: Load: 6.41 (53%) / 10.16 (85%) / 8.12 (68%)
[2026-04-03T01:36:58.510+0600][56.636s][info][gc,mmu      ] GC(20) y: MMU: 2ms/97.2%, 5ms/98.8%, 10ms/99.1%, 20ms/99.6%, 50ms/99.7%, 100ms/99.9%
[2026-04-03T01:36:58.510+0600][56.636s][info][gc,marking  ] GC(20) y: Mark: 1 stripe(s), 2 proactive flush(es), 1 terminate flush(es), 0 completion(s), 0 continuation(s) 
[2026-04-03T01:36:58.510+0600][56.636s][info][gc,marking  ] GC(20) y: Mark Stack Usage: 32M
[2026-04-03T01:36:58.510+0600][56.636s][info][gc,nmethod  ] GC(20) y: NMethods: 13890 registered, 3135 unregistered
[2026-04-03T01:36:58.510+0600][56.636s][info][gc,metaspace] GC(20) y: Metaspace: 128M used, 130M committed, 1152M reserved
[2026-04-03T01:36:58.510+0600][56.636s][info][gc,reloc    ] GC(20) y:                        Candidates     Selected     In-Place         Size        Empty    Relocated 
[2026-04-03T01:36:58.510+0600][56.636s][info][gc,reloc    ] GC(20) y: Small Pages:                  816          501            0        1632M         620M           8M 
[2026-04-03T01:36:58.510+0600][56.636s][info][gc,reloc    ] GC(20) y: Medium Pages:                  10            0            0         320M         320M           0M 
[2026-04-03T01:36:58.510+0600][56.636s][info][gc,reloc    ] GC(20) y: Large Pages:                  170            0            0        1020M        1020M           0M 
[2026-04-03T01:36:58.510+0600][56.636s][info][gc,reloc    ] GC(20) y: Forwarding Usage: 1M
[2026-04-03T01:36:58.510+0600][56.636s][info][gc,reloc    ] GC(20) y: Age Table:
[2026-04-03T01:36:58.510+0600][56.636s][info][gc,reloc    ] GC(20) y:                    Live             Garbage             Small              Medium             Large        
[2026-04-03T01:36:58.510+0600][56.636s][info][gc,reloc    ] GC(20) y: Eden               8M (0%)         2961M (76%)        815 / 501           10 / 0            170 / 0        
[2026-04-03T01:36:58.510+0600][56.636s][info][gc,reloc    ] GC(20) y: Survivor 1          -                 2M (0%)           1 / 0              0 / 0              0 / 0        
[2026-04-03T01:36:58.510+0600][56.636s][info][gc,heap     ] GC(20) y: Min Capacity: 8M(0%)
[2026-04-03T01:36:58.510+0600][56.636s][info][gc,heap     ] GC(20) y: Max Capacity: 3922M(100%)
[2026-04-03T01:36:58.510+0600][56.636s][info][gc,heap     ] GC(20) y: Soft Max Capacity: 3529M(90%)
[2026-04-03T01:36:58.510+0600][56.636s][info][gc,heap     ] GC(20) y: Heap Statistics:
[2026-04-03T01:36:58.510+0600][56.636s][info][gc,heap     ] GC(20) y:                Mark Start          Mark End        Relocate Start      Relocate End           High               Low         
[2026-04-03T01:36:58.510+0600][56.636s][info][gc,heap     ] GC(20) y:  Capacity:     3922M (100%)       3922M (100%)       3922M (100%)       3922M (100%)       3922M (100%)       3922M (100%)   
[2026-04-03T01:36:58.510+0600][56.636s][info][gc,heap     ] GC(20) y:      Free:      708M (18%)         632M (16%)        2590M (66%)        3580M (91%)        3580M (91%)         632M (16%)    
[2026-04-03T01:36:58.510+0600][56.636s][info][gc,heap     ] GC(20) y:      Used:     3214M (82%)        3290M (84%)        1332M (34%)         342M (9%)         3290M (84%)         342M (9%)     
[2026-04-03T01:36:58.510+0600][56.636s][info][gc,heap     ] GC(20) y: Young Generation Statistics:
[2026-04-03T01:36:58.510+0600][56.636s][info][gc,heap     ] GC(20) y:                Mark Start          Mark End        Relocate Start      Relocate End    
[2026-04-03T01:36:58.510+0600][56.636s][info][gc,heap     ] GC(20) y:      Used:     2972M (76%)        3048M (78%)        1090M (28%)         100M (3%)     
[2026-04-03T01:36:58.510+0600][56.636s][info][gc,heap     ] GC(20) y:      Live:         -                 8M (0%)            8M (0%)            8M (0%)     
[2026-04-03T01:36:58.510+0600][56.636s][info][gc,heap     ] GC(20) y:   Garbage:         -              2963M (76%)        1003M (26%)           0M (0%)     
[2026-04-03T01:36:58.510+0600][56.636s][info][gc,heap     ] GC(20) y: Allocated:         -                76M (2%)           78M (2%)           91M (2%)     
[2026-04-03T01:36:58.510+0600][56.636s][info][gc,heap     ] GC(20) y: Reclaimed:         -                  -              1960M (50%)        2963M (76%)    
[2026-04-03T01:36:58.510+0600][56.636s][info][gc,heap     ] GC(20) y:  Promoted:         -                  -                 0M (0%)            0M (0%)     
[2026-04-03T01:36:58.510+0600][56.636s][info][gc,heap     ] GC(20) y: Compacted:         -                  -                  -                 8M (0%)     
[2026-04-03T01:36:58.510+0600][56.636s][info][gc,phases   ] GC(20) y: Young Generation 3214M(82%)->342M(9%) 0.084s
[2026-04-03T01:36:58.510+0600][56.636s][info][gc          ] GC(20) Minor Collection (Allocation Rate) 3214M(82%)->342M(9%) 0.084s
[2026-04-03T01:37:00.519+0600][58.644s][info][gc          ] GC(21) Minor Collection (Allocation Rate)
[2026-04-03T01:37:00.519+0600][58.645s][info][gc,task     ] GC(21) Using 1 Workers for Young Generation
[2026-04-03T01:37:00.519+0600][58.645s][info][gc,phases   ] GC(21) y: Young Generation
[2026-04-03T01:37:00.519+0600][58.645s][info][gc,phases   ] GC(21) y: Pause Mark Start 0.026ms
[2026-04-03T01:37:00.592+0600][58.718s][info][gc,phases   ] GC(21) y: Concurrent Mark 72.893ms
[2026-04-03T01:37:00.593+0600][58.718s][info][gc,phases   ] GC(21) y: Pause Mark End 0.029ms
[2026-04-03T01:37:00.594+0600][58.719s][info][gc,phases   ] GC(21) y: Concurrent Mark Free 0.003ms
[2026-04-03T01:37:00.594+0600][58.719s][info][gc,phases   ] GC(21) y: Concurrent Reset Relocation Set 0.061ms
[2026-04-03T01:37:00.597+0600][58.722s][info][gc,reloc    ] GC(21) y: Using tenuring threshold: 2 (Computed)
[2026-04-03T01:37:00.598+0600][58.723s][info][gc,phases   ] GC(21) y: Concurrent Select Relocation Set 3.945ms
[2026-04-03T01:37:00.598+0600][58.724s][info][gc,phases   ] GC(21) y: Pause Relocate Start 0.043ms
[2026-04-03T01:37:00.617+0600][58.742s][info][gc,phases   ] GC(21) y: Concurrent Relocate 18.190ms
[2026-04-03T01:37:00.617+0600][58.742s][info][gc,alloc    ] GC(21) y:                         Mark Start        Mark End      Relocate Start    Relocate End   
[2026-04-03T01:37:00.617+0600][58.742s][info][gc,alloc    ] GC(21) y: Allocation Stalls:          0                0                0                0         
[2026-04-03T01:37:00.617+0600][58.742s][info][gc,load     ] GC(21) y: Load: 6.62 (55%) / 10.14 (85%) / 8.13 (68%)
[2026-04-03T01:37:00.617+0600][58.742s][info][gc,mmu      ] GC(21) y: MMU: 2ms/97.2%, 5ms/98.8%, 10ms/99.1%, 20ms/99.6%, 50ms/99.7%, 100ms/99.9%
[2026-04-03T01:37:00.617+0600][58.742s][info][gc,marking  ] GC(21) y: Mark: 1 stripe(s), 2 proactive flush(es), 1 terminate flush(es), 0 completion(s), 0 continuation(s) 
[2026-04-03T01:37:00.617+0600][58.742s][info][gc,marking  ] GC(21) y: Mark Stack Usage: 32M
[2026-04-03T01:37:00.617+0600][58.742s][info][gc,nmethod  ] GC(21) y: NMethods: 14004 registered, 3135 unregistered
[2026-04-03T01:37:00.617+0600][58.742s][info][gc,metaspace] GC(21) y: Metaspace: 128M used, 130M committed, 1152M reserved
[2026-04-03T01:37:00.617+0600][58.742s][info][gc,reloc    ] GC(21) y:                        Candidates     Selected     In-Place         Size        Empty    Relocated 
[2026-04-03T01:37:00.617+0600][58.742s][info][gc,reloc    ] GC(21) y: Small Pages:                  747          403            0        1494M         668M           9M 
[2026-04-03T01:37:00.617+0600][58.742s][info][gc,reloc    ] GC(21) y: Medium Pages:                   8            0            0         256M         256M           0M 
[2026-04-03T01:37:00.617+0600][58.742s][info][gc,reloc    ] GC(21) y: Large Pages:                  165            0            0         990M         990M           0M 
[2026-04-03T01:37:00.617+0600][58.742s][info][gc,reloc    ] GC(21) y: Forwarding Usage: 2M
[2026-04-03T01:37:00.617+0600][58.742s][info][gc,reloc    ] GC(21) y: Age Table:
[2026-04-03T01:37:00.617+0600][58.742s][info][gc,reloc    ] GC(21) y:                    Live             Garbage             Small              Medium             Large        
[2026-04-03T01:37:00.617+0600][58.742s][info][gc,reloc    ] GC(21) y: Eden               9M (0%)         2708M (69%)        736 / 396            8 / 0            165 / 0        
[2026-04-03T01:37:00.617+0600][58.742s][info][gc,reloc    ] GC(21) y: Survivor 1         7M (0%)           14M (0%)          11 / 7              0 / 0              0 / 0        
[2026-04-03T01:37:00.617+0600][58.742s][info][gc,heap     ] GC(21) y: Min Capacity: 8M(0%)
[2026-04-03T01:37:00.617+0600][58.742s][info][gc,heap     ] GC(21) y: Max Capacity: 3922M(100%)
[2026-04-03T01:37:00.617+0600][58.742s][info][gc,heap     ] GC(21) y: Soft Max Capacity: 3529M(90%)
[2026-04-03T01:37:00.617+0600][58.742s][info][gc,heap     ] GC(21) y: Heap Statistics:
[2026-04-03T01:37:00.617+0600][58.742s][info][gc,heap     ] GC(21) y:                Mark Start          Mark End        Relocate Start      Relocate End           High               Low         
[2026-04-03T01:37:00.617+0600][58.742s][info][gc,heap     ] GC(21) y:  Capacity:     3922M (100%)       3922M (100%)       3922M (100%)       3922M (100%)       3922M (100%)       3922M (100%)   
[2026-04-03T01:37:00.617+0600][58.742s][info][gc,heap     ] GC(21) y:      Free:      940M (24%)         838M (21%)        2752M (70%)        3542M (90%)        3542M (90%)         838M (21%)    
[2026-04-03T01:37:00.617+0600][58.742s][info][gc,heap     ] GC(21) y:      Used:     2982M (76%)        3084M (79%)        1170M (30%)         380M (10%)        3084M (79%)         380M (10%)    
[2026-04-03T01:37:00.617+0600][58.743s][info][gc,heap     ] GC(21) y: Young Generation Statistics:
[2026-04-03T01:37:00.617+0600][58.743s][info][gc,heap     ] GC(21) y:                Mark Start          Mark End        Relocate Start      Relocate End    
[2026-04-03T01:37:00.617+0600][58.743s][info][gc,heap     ] GC(21) y:      Used:     2740M (70%)        2842M (72%)         928M (24%)         138M (4%)     
[2026-04-03T01:37:00.617+0600][58.743s][info][gc,heap     ] GC(21) y:      Live:         -                17M (0%)           17M (0%)           17M (0%)     
[2026-04-03T01:37:00.617+0600][58.743s][info][gc,heap     ] GC(21) y:   Garbage:         -              2722M (69%)         808M (21%)           0M (0%)     
[2026-04-03T01:37:00.617+0600][58.743s][info][gc,heap     ] GC(21) y: Allocated:         -               102M (3%)          102M (3%)          119M (3%)     
[2026-04-03T01:37:00.617+0600][58.743s][info][gc,heap     ] GC(21) y: Reclaimed:         -                  -              1914M (49%)        2721M (69%)    
[2026-04-03T01:37:00.617+0600][58.743s][info][gc,heap     ] GC(21) y:  Promoted:         -                  -                 0M (0%)            0M (0%)     
[2026-04-03T01:37:00.617+0600][58.743s][info][gc,heap     ] GC(21) y: Compacted:         -                  -                  -                10M (0%)     
[2026-04-03T01:37:00.617+0600][58.743s][info][gc,phases   ] GC(21) y: Young Generation 2982M(76%)->380M(10%) 0.098s
[2026-04-03T01:37:00.617+0600][58.743s][info][gc          ] GC(21) Minor Collection (Allocation Rate) 2982M(76%)->380M(10%) 0.098s
[2026-04-03T01:37:03.978+0600][62.104s][info][gc          ] GC(22) Minor Collection (Allocation Rate)
[2026-04-03T01:37:03.979+0600][62.104s][info][gc,task     ] GC(22) Using 2 Workers for Young Generation
[2026-04-03T01:37:03.979+0600][62.104s][info][gc,phases   ] GC(22) y: Young Generation
[2026-04-03T01:37:03.979+0600][62.104s][info][gc,phases   ] GC(22) y: Pause Mark Start 0.022ms
[2026-04-03T01:37:04.023+0600][62.148s][info][gc,phases   ] GC(22) y: Concurrent Mark 43.807ms
[2026-04-03T01:37:04.023+0600][62.149s][info][gc,phases   ] GC(22) y: Pause Mark End 0.028ms
[2026-04-03T01:37:04.023+0600][62.149s][info][gc,phases   ] GC(22) y: Concurrent Mark Free 0.002ms
[2026-04-03T01:37:04.023+0600][62.149s][info][gc,phases   ] GC(22) y: Concurrent Reset Relocation Set 0.033ms
[2026-04-03T01:37:04.027+0600][62.152s][info][gc,reloc    ] GC(22) y: Using tenuring threshold: 3 (Computed)
[2026-04-03T01:37:04.028+0600][62.153s][info][gc,phases   ] GC(22) y: Concurrent Select Relocation Set 4.342ms
[2026-04-03T01:37:04.028+0600][62.153s][info][gc,phases   ] GC(22) y: Pause Relocate Start 0.025ms
[2026-04-03T01:37:04.040+0600][62.165s][info][gc,phases   ] GC(22) y: Concurrent Relocate 11.685ms
[2026-04-03T01:37:04.040+0600][62.165s][info][gc,alloc    ] GC(22) y:                         Mark Start        Mark End      Relocate Start    Relocate End   
[2026-04-03T01:37:04.040+0600][62.165s][info][gc,alloc    ] GC(22) y: Allocation Stalls:          0                0                0                0         
[2026-04-03T01:37:04.040+0600][62.165s][info][gc,load     ] GC(22) y: Load: 6.62 (55%) / 10.14 (85%) / 8.13 (68%)
[2026-04-03T01:37:04.040+0600][62.165s][info][gc,mmu      ] GC(22) y: MMU: 2ms/97.2%, 5ms/98.8%, 10ms/99.1%, 20ms/99.6%, 50ms/99.7%, 100ms/99.9%
[2026-04-03T01:37:04.040+0600][62.165s][info][gc,marking  ] GC(22) y: Mark: 2 stripe(s), 3 proactive flush(es), 1 terminate flush(es), 0 completion(s), 0 continuation(s) 
[2026-04-03T01:37:04.040+0600][62.165s][info][gc,marking  ] GC(22) y: Mark Stack Usage: 32M
[2026-04-03T01:37:04.040+0600][62.166s][info][gc,nmethod  ] GC(22) y: NMethods: 14163 registered, 3135 unregistered
[2026-04-03T01:37:04.040+0600][62.166s][info][gc,metaspace] GC(22) y: Metaspace: 128M used, 130M committed, 1152M reserved
[2026-04-03T01:37:04.040+0600][62.166s][info][gc,reloc    ] GC(22) y:                        Candidates     Selected     In-Place         Size        Empty    Relocated 
[2026-04-03T01:37:04.040+0600][62.166s][info][gc,reloc    ] GC(22) y: Small Pages:                 1108          464            0        2216M        1260M          11M 
[2026-04-03T01:37:04.040+0600][62.166s][info][gc,reloc    ] GC(22) y: Medium Pages:                  13            0            0         416M         416M           0M 
[2026-04-03T01:37:04.040+0600][62.166s][info][gc,reloc    ] GC(22) y: Large Pages:                   62            0            0         372M         360M           0M 
[2026-04-03T01:37:04.040+0600][62.166s][info][gc,reloc    ] GC(22) y: Forwarding Usage: 2M
[2026-04-03T01:37:04.040+0600][62.166s][info][gc,reloc    ] GC(22) y: Age Table:
[2026-04-03T01:37:04.040+0600][62.166s][info][gc,reloc    ] GC(22) y:                    Live             Garbage             Small              Medium             Large        
[2026-04-03T01:37:04.040+0600][62.166s][info][gc,reloc    ] GC(22) y: Eden              21M (1%)         2946M (75%)       1090 / 453           13 / 0             62 / 0        
[2026-04-03T01:37:04.040+0600][62.166s][info][gc,reloc    ] GC(22) y: Survivor 1         7M (0%)           18M (0%)          13 / 10             0 / 0              0 / 0        
[2026-04-03T01:37:04.040+0600][62.166s][info][gc,reloc    ] GC(22) y: Survivor 2         7M (0%)            2M (0%)           5 / 1              0 / 0              0 / 0        
[2026-04-03T01:37:04.040+0600][62.166s][info][gc,heap     ] GC(22) y: Min Capacity: 8M(0%)
[2026-04-03T01:37:04.040+0600][62.166s][info][gc,heap     ] GC(22) y: Max Capacity: 3922M(100%)
[2026-04-03T01:37:04.040+0600][62.166s][info][gc,heap     ] GC(22) y: Soft Max Capacity: 3529M(90%)
[2026-04-03T01:37:04.040+0600][62.166s][info][gc,heap     ] GC(22) y: Heap Statistics:
[2026-04-03T01:37:04.040+0600][62.166s][info][gc,heap     ] GC(22) y:                Mark Start          Mark End        Relocate Start      Relocate End           High               Low         
[2026-04-03T01:37:04.040+0600][62.166s][info][gc,heap     ] GC(22) y:  Capacity:     3922M (100%)       3922M (100%)       3922M (100%)       3922M (100%)       3922M (100%)       3922M (100%)   
[2026-04-03T01:37:04.040+0600][62.166s][info][gc,heap     ] GC(22) y:      Free:      676M (17%)         254M (6%)         2280M (58%)        3176M (81%)        3176M (81%)         254M (6%)     
[2026-04-03T01:37:04.040+0600][62.166s][info][gc,heap     ] GC(22) y:      Used:     3246M (83%)        3668M (94%)        1642M (42%)         746M (19%)        3668M (94%)         746M (19%)    
[2026-04-03T01:37:04.040+0600][62.166s][info][gc,heap     ] GC(22) y: Young Generation Statistics:
[2026-04-03T01:37:04.040+0600][62.166s][info][gc,heap     ] GC(22) y:                Mark Start          Mark End        Relocate Start      Relocate End    
[2026-04-03T01:37:04.040+0600][62.166s][info][gc,heap     ] GC(22) y:      Used:     3004M (77%)        3426M (87%)        1400M (36%)         504M (13%)    
[2026-04-03T01:37:04.040+0600][62.166s][info][gc,heap     ] GC(22) y:      Live:         -                36M (1%)           36M (1%)           36M (1%)     
[2026-04-03T01:37:04.041+0600][62.166s][info][gc,heap     ] GC(22) y:   Garbage:         -              2967M (76%)         931M (24%)           1M (0%)     
[2026-04-03T01:37:04.041+0600][62.166s][info][gc,heap     ] GC(22) y: Allocated:         -               422M (11%)         432M (11%)         466M (12%)    
[2026-04-03T01:37:04.041+0600][62.166s][info][gc,heap     ] GC(22) y: Reclaimed:         -                  -              2036M (52%)        2966M (76%)    
[2026-04-03T01:37:04.041+0600][62.166s][info][gc,heap     ] GC(22) y:  Promoted:         -                  -                 0M (0%)            0M (0%)     
[2026-04-03T01:37:04.041+0600][62.166s][info][gc,heap     ] GC(22) y: Compacted:         -                  -                  -                13M (0%)     
[2026-04-03T01:37:04.041+0600][62.166s][info][gc,phases   ] GC(22) y: Young Generation 3246M(83%)->746M(19%) 0.061s
[2026-04-03T01:37:04.041+0600][62.166s][info][gc          ] GC(22) Minor Collection (Allocation Rate) 3246M(83%)->746M(19%) 0.062s
[2026-04-03T01:37:06.726+0600][64.851s][info][gc          ] GC(23) Minor Collection (Allocation Rate)
[2026-04-03T01:37:06.726+0600][64.851s][info][gc,task     ] GC(23) Using 1 Workers for Young Generation
[2026-04-03T01:37:06.726+0600][64.851s][info][gc,phases   ] GC(23) y: Young Generation
[2026-04-03T01:37:06.726+0600][64.851s][info][gc,phases   ] GC(23) y: Pause Mark Start 0.034ms
[2026-04-03T01:37:06.824+0600][64.950s][info][gc,phases   ] GC(23) y: Concurrent Mark 97.812ms
[2026-04-03T01:37:06.824+0600][64.950s][info][gc,phases   ] GC(23) y: Pause Mark End 0.039ms
[2026-04-03T01:37:06.825+0600][64.950s][info][gc,phases   ] GC(23) y: Concurrent Mark Free 0.003ms
[2026-04-03T01:37:06.825+0600][64.950s][info][gc,phases   ] GC(23) y: Concurrent Reset Relocation Set 0.042ms
[2026-04-03T01:37:06.829+0600][64.954s][info][gc,reloc    ] GC(23) y: Using tenuring threshold: 4 (Computed)
[2026-04-03T01:37:06.830+0600][64.955s][info][gc,phases   ] GC(23) y: Concurrent Select Relocation Set 4.900ms
[2026-04-03T01:37:06.830+0600][64.955s][info][gc,phases   ] GC(23) y: Pause Relocate Start 0.084ms
[2026-04-03T01:37:06.843+0600][64.968s][info][gc,phases   ] GC(23) y: Concurrent Relocate 12.605ms
[2026-04-03T01:37:06.843+0600][64.968s][info][gc,alloc    ] GC(23) y:                         Mark Start        Mark End      Relocate Start    Relocate End   
[2026-04-03T01:37:06.843+0600][64.968s][info][gc,alloc    ] GC(23) y: Allocation Stalls:          0                0                0                0         
[2026-04-03T01:37:06.843+0600][64.968s][info][gc,load     ] GC(23) y: Load: 6.89 (57%) / 10.14 (84%) / 8.14 (68%)
[2026-04-03T01:37:06.843+0600][64.968s][info][gc,mmu      ] GC(23) y: MMU: 2ms/95.8%, 5ms/98.3%, 10ms/98.8%, 20ms/99.4%, 50ms/99.7%, 100ms/99.9%
[2026-04-03T01:37:06.843+0600][64.968s][info][gc,marking  ] GC(23) y: Mark: 1 stripe(s), 2 proactive flush(es), 1 terminate flush(es), 0 completion(s), 0 continuation(s) 
[2026-04-03T01:37:06.843+0600][64.969s][info][gc,marking  ] GC(23) y: Mark Stack Usage: 32M
[2026-04-03T01:37:06.843+0600][64.969s][info][gc,nmethod  ] GC(23) y: NMethods: 14246 registered, 3135 unregistered
[2026-04-03T01:37:06.843+0600][64.969s][info][gc,metaspace] GC(23) y: Metaspace: 128M used, 130M committed, 1152M reserved
[2026-04-03T01:37:06.843+0600][64.969s][info][gc,reloc    ] GC(23) y:                        Candidates     Selected     In-Place         Size        Empty    Relocated 
[2026-04-03T01:37:06.843+0600][64.969s][info][gc,reloc    ] GC(23) y: Small Pages:                  856          494            0        1712M         688M           9M 
[2026-04-03T01:37:06.843+0600][64.969s][info][gc,reloc    ] GC(23) y: Medium Pages:                  10            0            0         320M         320M           0M 
[2026-04-03T01:37:06.843+0600][64.969s][info][gc,reloc    ] GC(23) y: Large Pages:                  165            0            0         990M         990M           0M 
[2026-04-03T01:37:06.843+0600][64.969s][info][gc,reloc    ] GC(23) y: Forwarding Usage: 1M
[2026-04-03T01:37:06.843+0600][64.969s][info][gc,reloc    ] GC(23) y: Age Table:
[2026-04-03T01:37:06.843+0600][64.969s][info][gc,reloc    ] GC(23) y:                    Live             Garbage             Small              Medium             Large        
[2026-04-03T01:37:06.843+0600][64.969s][info][gc,reloc    ] GC(23) y: Eden               8M (0%)         2959M (75%)        835 / 486           10 / 0            163 / 0        
[2026-04-03T01:37:06.843+0600][64.969s][info][gc,reloc    ] GC(23) y: Survivor 1         8M (0%)           17M (0%)           7 / 3              0 / 0              2 / 0        
[2026-04-03T01:37:06.843+0600][64.969s][info][gc,reloc    ] GC(23) y: Survivor 2         7M (0%)            6M (0%)           7 / 3              0 / 0              0 / 0        
[2026-04-03T01:37:06.843+0600][64.969s][info][gc,reloc    ] GC(23) y: Survivor 3         7M (0%)            6M (0%)           7 / 2              0 / 0              0 / 0        
[2026-04-03T01:37:06.843+0600][64.969s][info][gc,heap     ] GC(23) y: Min Capacity: 8M(0%)
[2026-04-03T01:37:06.843+0600][64.969s][info][gc,heap     ] GC(23) y: Max Capacity: 3922M(100%)
[2026-04-03T01:37:06.843+0600][64.969s][info][gc,heap     ] GC(23) y: Soft Max Capacity: 3529M(90%)
[2026-04-03T01:37:06.843+0600][64.969s][info][gc,heap     ] GC(23) y: Heap Statistics:
[2026-04-03T01:37:06.843+0600][64.969s][info][gc,heap     ] GC(23) y:                Mark Start          Mark End        Relocate Start      Relocate End           High               Low         
[2026-04-03T01:37:06.843+0600][64.969s][info][gc,heap     ] GC(23) y:  Capacity:     3922M (100%)       3922M (100%)       3922M (100%)       3922M (100%)       3922M (100%)       3922M (100%)   
[2026-04-03T01:37:06.843+0600][64.969s][info][gc,heap     ] GC(23) y:      Free:      658M (17%)         554M (14%)        2536M (65%)        3498M (89%)        3498M (89%)         554M (14%)    
[2026-04-03T01:37:06.843+0600][64.969s][info][gc,heap     ] GC(23) y:      Used:     3264M (83%)        3368M (86%)        1386M (35%)         424M (11%)        3368M (86%)         424M (11%)    
[2026-04-03T01:37:06.843+0600][64.969s][info][gc,heap     ] GC(23) y: Young Generation Statistics:
[2026-04-03T01:37:06.843+0600][64.969s][info][gc,heap     ] GC(23) y:                Mark Start          Mark End        Relocate Start      Relocate End    
[2026-04-03T01:37:06.843+0600][64.969s][info][gc,heap     ] GC(23) y:      Used:     3022M (77%)        3126M (80%)        1144M (29%)         182M (5%)     
[2026-04-03T01:37:06.844+0600][64.969s][info][gc,heap     ] GC(23) y:      Live:         -                31M (1%)           31M (1%)           31M (1%)     
[2026-04-03T01:37:06.844+0600][64.969s][info][gc,heap     ] GC(23) y:   Garbage:         -              2990M (76%)         992M (25%)           2M (0%)     
[2026-04-03T01:37:06.844+0600][64.969s][info][gc,heap     ] GC(23) y: Allocated:         -               104M (3%)          120M (3%)          147M (4%)     
[2026-04-03T01:37:06.844+0600][64.969s][info][gc,heap     ] GC(23) y: Reclaimed:         -                  -              1998M (51%)        2987M (76%)    
[2026-04-03T01:37:06.844+0600][64.969s][info][gc,heap     ] GC(23) y:  Promoted:         -                  -                 0M (0%)            0M (0%)     
[2026-04-03T01:37:06.844+0600][64.969s][info][gc,heap     ] GC(23) y: Compacted:         -                  -                  -                10M (0%)     
[2026-04-03T01:37:06.844+0600][64.969s][info][gc,phases   ] GC(23) y: Young Generation 3264M(83%)->424M(11%) 0.117s
[2026-04-03T01:37:06.844+0600][64.969s][info][gc          ] GC(23) Minor Collection (Allocation Rate) 3264M(83%)->424M(11%) 0.118s
[2026-04-03T01:37:09.117+0600][67.242s][info][gc          ] GC(24) Minor Collection (Allocation Rate)
[2026-04-03T01:37:09.117+0600][67.242s][info][gc,task     ] GC(24) Using 1 Workers for Young Generation
[2026-04-03T01:37:09.117+0600][67.243s][info][gc,phases   ] GC(24) y: Young Generation
[2026-04-03T01:37:09.117+0600][67.243s][info][gc,phases   ] GC(24) y: Pause Mark Start 0.022ms
[2026-04-03T01:37:09.227+0600][67.352s][info][gc,phases   ] GC(24) y: Concurrent Mark 108.621ms
[2026-04-03T01:37:09.227+0600][67.352s][info][gc,phases   ] GC(24) y: Pause Mark End 0.029ms
[2026-04-03T01:37:09.227+0600][67.353s][info][gc,phases   ] GC(24) y: Concurrent Mark Free 0.003ms
[2026-04-03T01:37:09.227+0600][67.353s][info][gc,phases   ] GC(24) y: Concurrent Reset Relocation Set 0.044ms
[2026-04-03T01:37:09.230+0600][67.355s][info][gc,reloc    ] GC(24) y: Using tenuring threshold: 5 (Computed)
[2026-04-03T01:37:09.231+0600][67.356s][info][gc,phases   ] GC(24) y: Concurrent Select Relocation Set 3.524ms
[2026-04-03T01:37:09.231+0600][67.356s][info][gc,phases   ] GC(24) y: Pause Relocate Start 0.019ms
[2026-04-03T01:37:09.249+0600][67.374s][info][gc,phases   ] GC(24) y: Concurrent Relocate 17.754ms
[2026-04-03T01:37:09.249+0600][67.374s][info][gc,alloc    ] GC(24) y:                         Mark Start        Mark End      Relocate Start    Relocate End   
[2026-04-03T01:37:09.249+0600][67.374s][info][gc,alloc    ] GC(24) y: Allocation Stalls:          0                0                0                0         
[2026-04-03T01:37:09.249+0600][67.374s][info][gc,load     ] GC(24) y: Load: 7.14 (60%) / 10.14 (84%) / 8.15 (68%)
[2026-04-03T01:37:09.249+0600][67.374s][info][gc,mmu      ] GC(24) y: MMU: 2ms/95.8%, 5ms/98.3%, 10ms/98.8%, 20ms/99.4%, 50ms/99.7%, 100ms/99.9%
[2026-04-03T01:37:09.249+0600][67.374s][info][gc,marking  ] GC(24) y: Mark: 1 stripe(s), 2 proactive flush(es), 1 terminate flush(es), 0 completion(s), 0 continuation(s) 
[2026-04-03T01:37:09.249+0600][67.374s][info][gc,marking  ] GC(24) y: Mark Stack Usage: 32M
[2026-04-03T01:37:09.249+0600][67.374s][info][gc,nmethod  ] GC(24) y: NMethods: 14316 registered, 3135 unregistered
[2026-04-03T01:37:09.249+0600][67.374s][info][gc,metaspace] GC(24) y: Metaspace: 128M used, 130M committed, 1152M reserved
[2026-04-03T01:37:09.249+0600][67.374s][info][gc,reloc    ] GC(24) y:                        Candidates     Selected     In-Place         Size        Empty    Relocated 
[2026-04-03T01:37:09.249+0600][67.374s][info][gc,reloc    ] GC(24) y: Small Pages:                  874          474            0        1748M         754M          13M 
[2026-04-03T01:37:09.249+0600][67.374s][info][gc,reloc    ] GC(24) y: Medium Pages:                   9            0            0         288M         288M           0M 
[2026-04-03T01:37:09.249+0600][67.374s][info][gc,reloc    ] GC(24) y: Large Pages:                  171            0            0        1026M        1026M           0M 
[2026-04-03T01:37:09.249+0600][67.374s][info][gc,reloc    ] GC(24) y: Forwarding Usage: 3M
[2026-04-03T01:37:09.249+0600][67.374s][info][gc,reloc    ] GC(24) y: Age Table:
[2026-04-03T01:37:09.249+0600][67.374s][info][gc,reloc    ] GC(24) y:                    Live             Garbage             Small              Medium             Large        
[2026-04-03T01:37:09.249+0600][67.374s][info][gc,reloc    ] GC(24) y: Eden              11M (0%)         2994M (76%)        846 / 463            9 / 0            171 / 0        
[2026-04-03T01:37:09.249+0600][67.374s][info][gc,reloc    ] GC(24) y: Survivor 1         6M (0%)           19M (0%)          13 / 9              0 / 0              0 / 0        
[2026-04-03T01:37:09.249+0600][67.374s][info][gc,reloc    ] GC(24) y: Survivor 2         8M (0%)            1M (0%)           5 / 0              0 / 0              0 / 0        
[2026-04-03T01:37:09.249+0600][67.375s][info][gc,reloc    ] GC(24) y: Survivor 3         6M (0%)            3M (0%)           5 / 2              0 / 0              0 / 0        
[2026-04-03T01:37:09.249+0600][67.375s][info][gc,reloc    ] GC(24) y: Survivor 4         7M (0%)            2M (0%)           5 / 0              0 / 0              0 / 0        
[2026-04-03T01:37:09.249+0600][67.375s][info][gc,heap     ] GC(24) y: Min Capacity: 8M(0%)
[2026-04-03T01:37:09.249+0600][67.375s][info][gc,heap     ] GC(24) y: Max Capacity: 3922M(100%)
[2026-04-03T01:37:09.249+0600][67.375s][info][gc,heap     ] GC(24) y: Soft Max Capacity: 3529M(90%)
[2026-04-03T01:37:09.249+0600][67.375s][info][gc,heap     ] GC(24) y: Heap Statistics:
[2026-04-03T01:37:09.249+0600][67.375s][info][gc,heap     ] GC(24) y:                Mark Start          Mark End        Relocate Start      Relocate End           High               Low         
[2026-04-03T01:37:09.249+0600][67.375s][info][gc,heap     ] GC(24) y:  Capacity:     3922M (100%)       3922M (100%)       3922M (100%)       3922M (100%)       3922M (100%)       3922M (100%)   
[2026-04-03T01:37:09.249+0600][67.375s][info][gc,heap     ] GC(24) y:      Free:      618M (16%)         516M (13%)        2584M (66%)        3500M (89%)        3504M (89%)         516M (13%)    
[2026-04-03T01:37:09.249+0600][67.375s][info][gc,heap     ] GC(24) y:      Used:     3304M (84%)        3406M (87%)        1338M (34%)         422M (11%)        3406M (87%)         418M (11%)    
[2026-04-03T01:37:09.249+0600][67.375s][info][gc,heap     ] GC(24) y: Young Generation Statistics:
[2026-04-03T01:37:09.249+0600][67.375s][info][gc,heap     ] GC(24) y:                Mark Start          Mark End        Relocate Start      Relocate End    
[2026-04-03T01:37:09.249+0600][67.375s][info][gc,heap     ] GC(24) y:      Used:     3062M (78%)        3164M (81%)        1096M (28%)         180M (5%)     
[2026-04-03T01:37:09.249+0600][67.375s][info][gc,heap     ] GC(24) y:      Live:         -                40M (1%)           40M (1%)           40M (1%)     
[2026-04-03T01:37:09.249+0600][67.375s][info][gc,heap     ] GC(24) y:   Garbage:         -              3021M (77%)         953M (24%)           3M (0%)     
[2026-04-03T01:37:09.249+0600][67.375s][info][gc,heap     ] GC(24) y: Allocated:         -               102M (3%)          102M (3%)          136M (3%)     
[2026-04-03T01:37:09.249+0600][67.375s][info][gc,heap     ] GC(24) y: Reclaimed:         -                  -              2068M (53%)        3018M (77%)    
[2026-04-03T01:37:09.249+0600][67.375s][info][gc,heap     ] GC(24) y:  Promoted:         -                  -                 0M (0%)            0M (0%)     
[2026-04-03T01:37:09.249+0600][67.375s][info][gc,heap     ] GC(24) y: Compacted:         -                  -                  -                17M (0%)     
[2026-04-03T01:37:09.249+0600][67.375s][info][gc,phases   ] GC(24) y: Young Generation 3304M(84%)->422M(11%) 0.132s
[2026-04-03T01:37:09.249+0600][67.375s][info][gc          ] GC(24) Minor Collection (Allocation Rate) 3302M(84%)->422M(11%) 0.132s
[2026-04-03T01:37:11.834+0600][69.960s][info][gc          ] GC(25) Minor Collection (High Usage)
[2026-04-03T01:37:11.834+0600][69.960s][info][gc,task     ] GC(25) Using 2 Workers for Young Generation
[2026-04-03T01:37:11.834+0600][69.960s][info][gc,phases   ] GC(25) y: Young Generation
[2026-04-03T01:37:11.835+0600][69.960s][info][gc,phases   ] GC(25) y: Pause Mark Start 0.083ms
[2026-04-03T01:37:11.901+0600][70.027s][info][gc,phases   ] GC(25) y: Concurrent Mark 66.783ms
[2026-04-03T01:37:11.902+0600][70.027s][info][gc,phases   ] GC(25) y: Pause Mark End 0.039ms
[2026-04-03T01:37:11.902+0600][70.027s][info][gc,phases   ] GC(25) y: Concurrent Mark Free 0.002ms
[2026-04-03T01:37:11.902+0600][70.027s][info][gc,phases   ] GC(25) y: Concurrent Reset Relocation Set 0.046ms
[2026-04-03T01:37:11.907+0600][70.032s][info][gc,reloc    ] GC(25) y: Using tenuring threshold: 6 (Computed)
[2026-04-03T01:37:11.908+0600][70.033s][info][gc,phases   ] GC(25) y: Concurrent Select Relocation Set 5.617ms
[2026-04-03T01:37:11.908+0600][70.033s][info][gc,phases   ] GC(25) y: Pause Relocate Start 0.015ms
[2026-04-03T01:37:11.916+0600][70.041s][info][gc,phases   ] GC(25) y: Concurrent Relocate 7.800ms
[2026-04-03T01:37:11.916+0600][70.041s][info][gc,alloc    ] GC(25) y:                         Mark Start        Mark End      Relocate Start    Relocate End   
[2026-04-03T01:37:11.916+0600][70.041s][info][gc,alloc    ] GC(25) y: Allocation Stalls:          0                0                0                0         
[2026-04-03T01:37:11.916+0600][70.041s][info][gc,load     ] GC(25) y: Load: 7.14 (60%) / 10.14 (84%) / 8.15 (68%)
[2026-04-03T01:37:11.916+0600][70.041s][info][gc,mmu      ] GC(25) y: MMU: 2ms/95.8%, 5ms/98.3%, 10ms/98.8%, 20ms/99.4%, 50ms/99.7%, 100ms/99.9%
[2026-04-03T01:37:11.916+0600][70.041s][info][gc,marking  ] GC(25) y: Mark: 2 stripe(s), 2 proactive flush(es), 1 terminate flush(es), 0 completion(s), 0 continuation(s) 
[2026-04-03T01:37:11.916+0600][70.041s][info][gc,marking  ] GC(25) y: Mark Stack Usage: 32M
[2026-04-03T01:37:11.916+0600][70.041s][info][gc,nmethod  ] GC(25) y: NMethods: 14392 registered, 3135 unregistered
[2026-04-03T01:37:11.916+0600][70.041s][info][gc,metaspace] GC(25) y: Metaspace: 129M used, 130M committed, 1152M reserved
[2026-04-03T01:37:11.916+0600][70.041s][info][gc,reloc    ] GC(25) y:                        Candidates     Selected     In-Place         Size        Empty    Relocated 
[2026-04-03T01:37:11.916+0600][70.041s][info][gc,reloc    ] GC(25) y: Small Pages:                  984          493            0        1968M         926M          12M 
[2026-04-03T01:37:11.916+0600][70.041s][info][gc,reloc    ] GC(25) y: Medium Pages:                  10            0            0         320M         320M           0M 
[2026-04-03T01:37:11.916+0600][70.041s][info][gc,reloc    ] GC(25) y: Large Pages:                  137            0            0         822M         804M           0M 
[2026-04-03T01:37:11.916+0600][70.041s][info][gc,reloc    ] GC(25) y: Forwarding Usage: 2M
[2026-04-03T01:37:11.916+0600][70.041s][info][gc,reloc    ] GC(25) y: Age Table:
[2026-04-03T01:37:11.916+0600][70.041s][info][gc,reloc    ] GC(25) y:                    Live             Garbage             Small              Medium             Large        
[2026-04-03T01:37:11.916+0600][70.041s][info][gc,reloc    ] GC(25) y: Eden              29M (1%)         3008M (77%)        948 / 479           10 / 0            137 / 0        
[2026-04-03T01:37:11.916+0600][70.041s][info][gc,reloc    ] GC(25) y: Survivor 1         7M (0%)           14M (0%)          11 / 7              0 / 0              0 / 0        
[2026-04-03T01:37:11.916+0600][70.041s][info][gc,reloc    ] GC(25) y: Survivor 2         6M (0%)            3M (0%)           5 / 1              0 / 0              0 / 0        
[2026-04-03T01:37:11.916+0600][70.041s][info][gc,reloc    ] GC(25) y: Survivor 3         8M (0%)            3M (0%)           6 / 1              0 / 0              0 / 0        
[2026-04-03T01:37:11.916+0600][70.041s][info][gc,reloc    ] GC(25) y: Survivor 4         6M (0%)            3M (0%)           5 / 1              0 / 0              0 / 0        
[2026-04-03T01:37:11.916+0600][70.041s][info][gc,reloc    ] GC(25) y: Survivor 5         7M (0%)           10M (0%)           9 / 4              0 / 0              0 / 0        
[2026-04-03T01:37:11.916+0600][70.041s][info][gc,heap     ] GC(25) y: Min Capacity: 8M(0%)
[2026-04-03T01:37:11.916+0600][70.041s][info][gc,heap     ] GC(25) y: Max Capacity: 3922M(100%)
[2026-04-03T01:37:11.916+0600][70.041s][info][gc,heap     ] GC(25) y: Soft Max Capacity: 3529M(90%)
[2026-04-03T01:37:11.916+0600][70.041s][info][gc,heap     ] GC(25) y: Heap Statistics:
[2026-04-03T01:37:11.916+0600][70.041s][info][gc,heap     ] GC(25) y:                Mark Start          Mark End        Relocate Start      Relocate End           High               Low         
[2026-04-03T01:37:11.916+0600][70.041s][info][gc,heap     ] GC(25) y:  Capacity:     3922M (100%)       3922M (100%)       3922M (100%)       3922M (100%)       3922M (100%)       3922M (100%)   
[2026-04-03T01:37:11.916+0600][70.041s][info][gc,heap     ] GC(25) y:      Free:      570M (15%)         230M (6%)         2278M (58%)        3252M (83%)        3252M (83%)         230M (6%)     
[2026-04-03T01:37:11.916+0600][70.041s][info][gc,heap     ] GC(25) y:      Used:     3352M (85%)        3692M (94%)        1644M (42%)         670M (17%)        3692M (94%)         670M (17%)    
[2026-04-03T01:37:11.916+0600][70.041s][info][gc,heap     ] GC(25) y: Young Generation Statistics:
[2026-04-03T01:37:11.916+0600][70.041s][info][gc,heap     ] GC(25) y:                Mark Start          Mark End        Relocate Start      Relocate End    
[2026-04-03T01:37:11.916+0600][70.041s][info][gc,heap     ] GC(25) y:      Used:     3110M (79%)        3450M (88%)        1402M (36%)         428M (11%)    
[2026-04-03T01:37:11.916+0600][70.041s][info][gc,heap     ] GC(25) y:      Live:         -                65M (2%)           65M (2%)           65M (2%)     
[2026-04-03T01:37:11.916+0600][70.041s][info][gc,heap     ] GC(25) y:   Garbage:         -              3044M (78%)         994M (25%)           6M (0%)     
[2026-04-03T01:37:11.916+0600][70.041s][info][gc,heap     ] GC(25) y: Allocated:         -               340M (9%)          342M (9%)          356M (9%)     
[2026-04-03T01:37:11.916+0600][70.041s][info][gc,heap     ] GC(25) y: Reclaimed:         -                  -              2050M (52%)        3038M (77%)    
[2026-04-03T01:37:11.916+0600][70.041s][info][gc,heap     ] GC(25) y:  Promoted:         -                  -                 0M (0%)            0M (0%)     
[2026-04-03T01:37:11.916+0600][70.041s][info][gc,heap     ] GC(25) y: Compacted:         -                  -                  -                15M (0%)     
[2026-04-03T01:37:11.916+0600][70.041s][info][gc,phases   ] GC(25) y: Young Generation 3350M(85%)->670M(17%) 0.081s
[2026-04-03T01:37:11.916+0600][70.042s][info][gc          ] GC(25) Minor Collection (High Usage) 3344M(85%)->670M(17%) 0.082s
[2026-04-03T01:37:14.215+0600][72.340s][info][gc          ] GC(26) Minor Collection (High Usage)
[2026-04-03T01:37:14.215+0600][72.340s][info][gc,task     ] GC(26) Using 2 Workers for Young Generation
[2026-04-03T01:37:14.215+0600][72.340s][info][gc,phases   ] GC(26) y: Young Generation
[2026-04-03T01:37:14.215+0600][72.341s][info][gc,phases   ] GC(26) y: Pause Mark Start 0.022ms
[2026-04-03T01:37:14.276+0600][72.401s][info][gc,phases   ] GC(26) y: Concurrent Mark 60.086ms
[2026-04-03T01:37:14.276+0600][72.401s][info][gc,phases   ] GC(26) y: Pause Mark End 0.027ms
[2026-04-03T01:37:14.276+0600][72.401s][info][gc,phases   ] GC(26) y: Concurrent Mark Free 0.003ms
[2026-04-03T01:37:14.276+0600][72.402s][info][gc,phases   ] GC(26) y: Concurrent Reset Relocation Set 0.046ms
[2026-04-03T01:37:14.280+0600][72.406s][info][gc,reloc    ] GC(26) y: Using tenuring threshold: 6 (Computed)
[2026-04-03T01:37:14.283+0600][72.408s][info][gc,phases   ] GC(26) y: Concurrent Select Relocation Set 6.764ms
[2026-04-03T01:37:14.283+0600][72.409s][info][gc,phases   ] GC(26) y: Pause Relocate Start 0.025ms
[2026-04-03T01:37:14.297+0600][72.423s][info][gc,phases   ] GC(26) y: Concurrent Relocate 13.914ms
[2026-04-03T01:37:14.297+0600][72.423s][info][gc,alloc    ] GC(26) y:                         Mark Start        Mark End      Relocate Start    Relocate End   
[2026-04-03T01:37:14.297+0600][72.423s][info][gc,alloc    ] GC(26) y: Allocation Stalls:          0                0                0                0         
[2026-04-03T01:37:14.297+0600][72.423s][info][gc,load     ] GC(26) y: Load: 6.73 (56%) / 10.00 (83%) / 8.11 (68%)
[2026-04-03T01:37:14.297+0600][72.423s][info][gc,mmu      ] GC(26) y: MMU: 2ms/95.8%, 5ms/98.3%, 10ms/98.8%, 20ms/99.4%, 50ms/99.7%, 100ms/99.9%
[2026-04-03T01:37:14.297+0600][72.423s][info][gc,marking  ] GC(26) y: Mark: 2 stripe(s), 2 proactive flush(es), 1 terminate flush(es), 0 completion(s), 0 continuation(s) 
[2026-04-03T01:37:14.298+0600][72.423s][info][gc,marking  ] GC(26) y: Mark Stack Usage: 32M
[2026-04-03T01:37:14.298+0600][72.423s][info][gc,nmethod  ] GC(26) y: NMethods: 14481 registered, 3135 unregistered
[2026-04-03T01:37:14.298+0600][72.423s][info][gc,metaspace] GC(26) y: Metaspace: 129M used, 130M committed, 1152M reserved
[2026-04-03T01:37:14.298+0600][72.423s][info][gc,reloc    ] GC(26) y:                        Candidates     Selected     In-Place         Size        Empty    Relocated 
[2026-04-03T01:37:14.298+0600][72.423s][info][gc,reloc    ] GC(26) y: Small Pages:                  853          435            0        1706M         770M          12M 
[2026-04-03T01:37:14.298+0600][72.423s][info][gc,reloc    ] GC(26) y: Medium Pages:                   9            0            0         288M         288M           0M 
[2026-04-03T01:37:14.298+0600][72.423s][info][gc,reloc    ] GC(26) y: Large Pages:                  181            0            0        1086M        1062M           0M 
[2026-04-03T01:37:14.298+0600][72.423s][info][gc,reloc    ] GC(26) y: Forwarding Usage: 2M
[2026-04-03T01:37:14.298+0600][72.423s][info][gc,reloc    ] GC(26) y: Age Table:
[2026-04-03T01:37:14.298+0600][72.423s][info][gc,reloc    ] GC(26) y:                    Live             Garbage             Small              Medium             Large        
[2026-04-03T01:37:14.298+0600][72.423s][info][gc,reloc    ] GC(26) y: Eden              35M (1%)         2962M (76%)        821 / 429            9 / 0            178 / 0        
[2026-04-03T01:37:14.298+0600][72.423s][info][gc,reloc    ] GC(26) y: Survivor 1         8M (0%)           21M (1%)           6 / 1              0 / 0              3 / 0        
[2026-04-03T01:37:14.298+0600][72.423s][info][gc,reloc    ] GC(26) y: Survivor 2         7M (0%)            2M (0%)           5 / 1              0 / 0              0 / 0        
[2026-04-03T01:37:14.298+0600][72.423s][info][gc,reloc    ] GC(26) y: Survivor 3         6M (0%)            3M (0%)           5 / 1              0 / 0              0 / 0        
[2026-04-03T01:37:14.298+0600][72.423s][info][gc,reloc    ] GC(26) y: Survivor 4         8M (0%)            3M (0%)           6 / 1              0 / 0              0 / 0        
[2026-04-03T01:37:14.298+0600][72.423s][info][gc,reloc    ] GC(26) y: Survivor 5         6M (0%)            1M (0%)           4 / 0              0 / 0              0 / 0        
[2026-04-03T01:37:14.298+0600][72.423s][info][gc,reloc    ] GC(26) y: Survivor 6         7M (0%)            4M (0%)           6 / 2              0 / 0              0 / 0        
[2026-04-03T01:37:14.298+0600][72.423s][info][gc,heap     ] GC(26) y: Min Capacity: 8M(0%)
[2026-04-03T01:37:14.298+0600][72.423s][info][gc,heap     ] GC(26) y: Max Capacity: 3922M(100%)
[2026-04-03T01:37:14.298+0600][72.423s][info][gc,heap     ] GC(26) y: Soft Max Capacity: 3529M(90%)
[2026-04-03T01:37:14.298+0600][72.423s][info][gc,heap     ] GC(26) y: Heap Statistics:
[2026-04-03T01:37:14.298+0600][72.423s][info][gc,heap     ] GC(26) y:                Mark Start          Mark End        Relocate Start      Relocate End           High               Low         
[2026-04-03T01:37:14.298+0600][72.423s][info][gc,heap     ] GC(26) y:  Capacity:     3922M (100%)       3922M (100%)       3922M (100%)       3922M (100%)       3922M (100%)       3922M (100%)   
[2026-04-03T01:37:14.298+0600][72.423s][info][gc,heap     ] GC(26) y:      Free:      600M (15%)         352M (9%)         2448M (62%)        3292M (84%)        3292M (84%)         352M (9%)     
[2026-04-03T01:37:14.298+0600][72.423s][info][gc,heap     ] GC(26) y:      Used:     3322M (85%)        3570M (91%)        1474M (38%)         630M (16%)        3570M (91%)         630M (16%)    
[2026-04-03T01:37:14.298+0600][72.423s][info][gc,heap     ] GC(26) y: Young Generation Statistics:
[2026-04-03T01:37:14.298+0600][72.423s][info][gc,heap     ] GC(26) y:                Mark Start          Mark End        Relocate Start      Relocate End    
[2026-04-03T01:37:14.298+0600][72.423s][info][gc,heap     ] GC(26) y:      Used:     3080M (79%)        3328M (85%)        1224M (31%)         376M (10%)    
[2026-04-03T01:37:14.298+0600][72.423s][info][gc,heap     ] GC(26) y:      Live:         -                79M (2%)           73M (2%)           72M (2%)     
[2026-04-03T01:37:14.298+0600][72.423s][info][gc,heap     ] GC(26) y:   Garbage:         -              3000M (76%)         878M (22%)           6M (0%)     
[2026-04-03T01:37:14.298+0600][72.423s][info][gc,heap     ] GC(26) y: Allocated:         -               248M (6%)          272M (7%)          296M (8%)     
[2026-04-03T01:37:14.298+0600][72.423s][info][gc,heap     ] GC(26) y: Reclaimed:         -                  -              2121M (54%)        2993M (76%)    
[2026-04-03T01:37:14.298+0600][72.423s][info][gc,heap     ] GC(26) y:  Promoted:         -                  -                 6M (0%)            7M (0%)     
[2026-04-03T01:37:14.298+0600][72.423s][info][gc,heap     ] GC(26) y: Compacted:         -                  -                  -                15M (0%)     
[2026-04-03T01:37:14.298+0600][72.423s][info][gc,phases   ] GC(26) y: Young Generation 3316M(85%)->630M(16%) 0.082s
[2026-04-03T01:37:14.298+0600][72.423s][info][gc          ] GC(26) Minor Collection (High Usage) 3316M(85%)->630M(16%) 0.083s
[2026-04-03T01:37:16.548+0600][74.674s][info][gc          ] GC(27) Minor Collection (Allocation Rate)
[2026-04-03T01:37:16.548+0600][74.674s][info][gc,task     ] GC(27) Using 2 Workers for Young Generation
[2026-04-03T01:37:16.548+0600][74.674s][info][gc,phases   ] GC(27) y: Young Generation
[2026-04-03T01:37:16.549+0600][74.674s][info][gc,phases   ] GC(27) y: Pause Mark Start 0.055ms
[2026-04-03T01:37:16.616+0600][74.742s][info][gc,phases   ] GC(27) y: Concurrent Mark 67.251ms
[2026-04-03T01:37:16.617+0600][74.742s][info][gc,phases   ] GC(27) y: Pause Mark End 0.022ms
[2026-04-03T01:37:16.617+0600][74.742s][info][gc,phases   ] GC(27) y: Concurrent Mark Free 0.003ms
[2026-04-03T01:37:16.617+0600][74.742s][info][gc,phases   ] GC(27) y: Concurrent Reset Relocation Set 0.043ms
[2026-04-03T01:37:16.620+0600][74.745s][info][gc,reloc    ] GC(27) y: Using tenuring threshold: 6 (Computed)
[2026-04-03T01:37:16.622+0600][74.747s][info][gc,phases   ] GC(27) y: Concurrent Select Relocation Set 4.978ms
[2026-04-03T01:37:16.622+0600][74.747s][info][gc,phases   ] GC(27) y: Pause Relocate Start 0.018ms
[2026-04-03T01:37:16.631+0600][74.756s][info][gc,phases   ] GC(27) y: Concurrent Relocate 8.548ms
[2026-04-03T01:37:16.631+0600][74.756s][info][gc,alloc    ] GC(27) y:                         Mark Start        Mark End      Relocate Start    Relocate End   
[2026-04-03T01:37:16.631+0600][74.756s][info][gc,alloc    ] GC(27) y: Allocation Stalls:          0                0                0                0         
[2026-04-03T01:37:16.631+0600][74.756s][info][gc,load     ] GC(27) y: Load: 6.73 (56%) / 10.00 (83%) / 8.11 (68%)
[2026-04-03T01:37:16.631+0600][74.756s][info][gc,mmu      ] GC(27) y: MMU: 2ms/95.8%, 5ms/98.3%, 10ms/98.8%, 20ms/99.4%, 50ms/99.7%, 100ms/99.9%
[2026-04-03T01:37:16.631+0600][74.756s][info][gc,marking  ] GC(27) y: Mark: 2 stripe(s), 2 proactive flush(es), 1 terminate flush(es), 0 completion(s), 0 continuation(s) 
[2026-04-03T01:37:16.631+0600][74.756s][info][gc,marking  ] GC(27) y: Mark Stack Usage: 32M
[2026-04-03T01:37:16.631+0600][74.756s][info][gc,nmethod  ] GC(27) y: NMethods: 14532 registered, 3135 unregistered
[2026-04-03T01:37:16.631+0600][74.756s][info][gc,metaspace] GC(27) y: Metaspace: 129M used, 130M committed, 1152M reserved
[2026-04-03T01:37:16.631+0600][74.756s][info][gc,reloc    ] GC(27) y:                        Candidates     Selected     In-Place         Size        Empty    Relocated 
[2026-04-03T01:37:16.631+0600][74.756s][info][gc,reloc    ] GC(27) y: Small Pages:                  852          450            0        1704M         738M          12M 
[2026-04-03T01:37:16.631+0600][74.756s][info][gc,reloc    ] GC(27) y: Medium Pages:                   9            0            0         288M         288M           0M 
[2026-04-03T01:37:16.631+0600][74.756s][info][gc,reloc    ] GC(27) y: Large Pages:                  185            0            0        1110M        1092M           0M 
[2026-04-03T01:37:16.631+0600][74.756s][info][gc,reloc    ] GC(27) y: Forwarding Usage: 2M
[2026-04-03T01:37:16.631+0600][74.756s][info][gc,reloc    ] GC(27) y: Age Table:
[2026-04-03T01:37:16.631+0600][74.756s][info][gc,reloc    ] GC(27) y:                    Live             Garbage             Small              Medium             Large        
[2026-04-03T01:37:16.631+0600][74.756s][info][gc,reloc    ] GC(27) y: Eden              29M (1%)         2978M (76%)        817 / 442            9 / 0            181 / 0        
[2026-04-03T01:37:16.631+0600][74.756s][info][gc,reloc    ] GC(27) y: Survivor 1         8M (0%)           31M (1%)           8 / 2              0 / 0              4 / 0        
[2026-04-03T01:37:16.631+0600][74.756s][info][gc,reloc    ] GC(27) y: Survivor 2         7M (0%)            4M (0%)           6 / 2              0 / 0              0 / 0        
[2026-04-03T01:37:16.631+0600][74.756s][info][gc,reloc    ] GC(27) y: Survivor 3         7M (0%)            4M (0%)           6 / 1              0 / 0              0 / 0        
[2026-04-03T01:37:16.631+0600][74.756s][info][gc,reloc    ] GC(27) y: Survivor 4         6M (0%)            3M (0%)           5 / 1              0 / 0              0 / 0        
[2026-04-03T01:37:16.631+0600][74.756s][info][gc,reloc    ] GC(27) y: Survivor 5         8M (0%)            3M (0%)           6 / 2              0 / 0              0 / 0        
[2026-04-03T01:37:16.631+0600][74.756s][info][gc,reloc    ] GC(27) y: Survivor 6         6M (0%)            1M (0%)           4 / 0              0 / 0              0 / 0        
[2026-04-03T01:37:16.631+0600][74.756s][info][gc,heap     ] GC(27) y: Min Capacity: 8M(0%)
[2026-04-03T01:37:16.631+0600][74.756s][info][gc,heap     ] GC(27) y: Max Capacity: 3922M(100%)
[2026-04-03T01:37:16.631+0600][74.756s][info][gc,heap     ] GC(27) y: Soft Max Capacity: 3529M(90%)
[2026-04-03T01:37:16.631+0600][74.756s][info][gc,heap     ] GC(27) y: Heap Statistics:
[2026-04-03T01:37:16.631+0600][74.757s][info][gc,heap     ] GC(27) y:                Mark Start          Mark End        Relocate Start      Relocate End           High               Low         
[2026-04-03T01:37:16.631+0600][74.757s][info][gc,heap     ] GC(27) y:  Capacity:     3922M (100%)       3922M (100%)       3922M (100%)       3922M (100%)       3922M (100%)       3922M (100%)   
[2026-04-03T01:37:16.631+0600][74.757s][info][gc,heap     ] GC(27) y:      Free:      566M (14%)         352M (9%)         2468M (63%)        3356M (86%)        3356M (86%)         352M (9%)     
[2026-04-03T01:37:16.631+0600][74.757s][info][gc,heap     ] GC(27) y:      Used:     3356M (86%)        3570M (91%)        1454M (37%)         566M (14%)        3570M (91%)         566M (14%)    
[2026-04-03T01:37:16.631+0600][74.757s][info][gc,heap     ] GC(27) y: Young Generation Statistics:
[2026-04-03T01:37:16.631+0600][74.757s][info][gc,heap     ] GC(27) y:                Mark Start          Mark End        Relocate Start      Relocate End    
[2026-04-03T01:37:16.631+0600][74.757s][info][gc,heap     ] GC(27) y:      Used:     3102M (79%)        3316M (85%)        1194M (30%)         304M (8%)     
[2026-04-03T01:37:16.631+0600][74.757s][info][gc,heap     ] GC(27) y:      Live:         -                74M (2%)           68M (2%)           67M (2%)     
[2026-04-03T01:37:16.631+0600][74.757s][info][gc,heap     ] GC(27) y:   Garbage:         -              3027M (77%)         909M (23%)           7M (0%)     
[2026-04-03T01:37:16.631+0600][74.757s][info][gc,heap     ] GC(27) y: Allocated:         -               214M (5%)          216M (6%)          229M (6%)     
[2026-04-03T01:37:16.631+0600][74.757s][info][gc,heap     ] GC(27) y: Reclaimed:         -                  -              2118M (54%)        3020M (77%)    
[2026-04-03T01:37:16.631+0600][74.757s][info][gc,heap     ] GC(27) y:  Promoted:         -                  -                 5M (0%)            6M (0%)     
[2026-04-03T01:37:16.631+0600][74.757s][info][gc,heap     ] GC(27) y: Compacted:         -                  -                  -                16M (0%)     
[2026-04-03T01:37:16.631+0600][74.757s][info][gc,phases   ] GC(27) y: Young Generation 3356M(86%)->566M(14%) 0.082s
[2026-04-03T01:37:16.631+0600][74.757s][info][gc          ] GC(27) Minor Collection (Allocation Rate) 3348M(85%)->566M(14%) 0.083s
[2026-04-03T01:37:18.871+0600][76.997s][info][gc          ] GC(28) Minor Collection (High Usage)
[2026-04-03T01:37:18.871+0600][76.997s][info][gc,task     ] GC(28) Using 2 Workers for Young Generation
[2026-04-03T01:37:18.871+0600][76.997s][info][gc,phases   ] GC(28) y: Young Generation
[2026-04-03T01:37:18.872+0600][76.997s][info][gc,phases   ] GC(28) y: Pause Mark Start 0.049ms
[2026-04-03T01:37:18.940+0600][77.065s][info][gc,phases   ] GC(28) y: Concurrent Mark 68.328ms
[2026-04-03T01:37:18.940+0600][77.066s][info][gc,phases   ] GC(28) y: Pause Mark End 0.028ms
[2026-04-03T01:37:18.940+0600][77.066s][info][gc,phases   ] GC(28) y: Concurrent Mark Free 0.002ms
[2026-04-03T01:37:18.940+0600][77.066s][info][gc,phases   ] GC(28) y: Concurrent Reset Relocation Set 0.057ms
[2026-04-03T01:37:18.946+0600][77.071s][info][gc,reloc    ] GC(28) y: Using tenuring threshold: 6 (Computed)
[2026-04-03T01:37:18.948+0600][77.074s][info][gc,phases   ] GC(28) y: Concurrent Select Relocation Set 7.950ms
[2026-04-03T01:37:18.949+0600][77.074s][info][gc,phases   ] GC(28) y: Pause Relocate Start 0.023ms
[2026-04-03T01:37:18.965+0600][77.091s][info][gc,phases   ] GC(28) y: Concurrent Relocate 16.580ms
[2026-04-03T01:37:18.966+0600][77.091s][info][gc,alloc    ] GC(28) y:                         Mark Start        Mark End      Relocate Start    Relocate End   
[2026-04-03T01:37:18.966+0600][77.091s][info][gc,alloc    ] GC(28) y: Allocation Stalls:          0                0                0                0         
[2026-04-03T01:37:18.966+0600][77.091s][info][gc,load     ] GC(28) y: Load: 6.73 (56%) / 10.00 (83%) / 8.11 (68%)
[2026-04-03T01:37:18.966+0600][77.091s][info][gc,mmu      ] GC(28) y: MMU: 2ms/95.8%, 5ms/98.3%, 10ms/98.8%, 20ms/99.4%, 50ms/99.7%, 100ms/99.9%
[2026-04-03T01:37:18.966+0600][77.091s][info][gc,marking  ] GC(28) y: Mark: 2 stripe(s), 2 proactive flush(es), 1 terminate flush(es), 0 completion(s), 0 continuation(s) 
[2026-04-03T01:37:18.966+0600][77.091s][info][gc,marking  ] GC(28) y: Mark Stack Usage: 32M
[2026-04-03T01:37:18.966+0600][77.091s][info][gc,nmethod  ] GC(28) y: NMethods: 14595 registered, 3135 unregistered
[2026-04-03T01:37:18.966+0600][77.091s][info][gc,metaspace] GC(28) y: Metaspace: 129M used, 130M committed, 1152M reserved
[2026-04-03T01:37:18.966+0600][77.091s][info][gc,reloc    ] GC(28) y:                        Candidates     Selected     In-Place         Size        Empty    Relocated 
[2026-04-03T01:37:18.966+0600][77.091s][info][gc,reloc    ] GC(28) y: Small Pages:                  858          445            0        1716M         758M          13M 
[2026-04-03T01:37:18.966+0600][77.091s][info][gc,reloc    ] GC(28) y: Medium Pages:                   9            0            0         288M         288M           0M 
[2026-04-03T01:37:18.966+0600][77.091s][info][gc,reloc    ] GC(28) y: Large Pages:                  179            0            0        1074M        1056M           0M 
[2026-04-03T01:37:18.966+0600][77.091s][info][gc,reloc    ] GC(28) y: Forwarding Usage: 2M
[2026-04-03T01:37:18.966+0600][77.091s][info][gc,reloc    ] GC(28) y: Age Table:
[2026-04-03T01:37:18.966+0600][77.091s][info][gc,reloc    ] GC(28) y:                    Live             Garbage             Small              Medium             Large        
[2026-04-03T01:37:18.966+0600][77.091s][info][gc,reloc    ] GC(28) y: Eden              29M (1%)         2962M (76%)        824 / 438            9 / 0            176 / 0        
[2026-04-03T01:37:18.966+0600][77.091s][info][gc,reloc    ] GC(28) y: Survivor 1         7M (0%)           24M (1%)           7 / 2              0 / 0              3 / 0        
[2026-04-03T01:37:18.966+0600][77.091s][info][gc,reloc    ] GC(28) y: Survivor 2         7M (0%)            4M (0%)           6 / 1              0 / 0              0 / 0        
[2026-04-03T01:37:18.966+0600][77.091s][info][gc,reloc    ] GC(28) y: Survivor 3         7M (0%)            4M (0%)           6 / 2              0 / 0              0 / 0        
[2026-04-03T01:37:18.966+0600][77.091s][info][gc,reloc    ] GC(28) y: Survivor 4         7M (0%)            2M (0%)           5 / 1              0 / 0              0 / 0        
[2026-04-03T01:37:18.966+0600][77.091s][info][gc,reloc    ] GC(28) y: Survivor 5         6M (0%)            3M (0%)           5 / 1              0 / 0              0 / 0        
[2026-04-03T01:37:18.966+0600][77.091s][info][gc,reloc    ] GC(28) y: Survivor 6         8M (0%)            1M (0%)           5 / 0              0 / 0              0 / 0        
[2026-04-03T01:37:18.966+0600][77.091s][info][gc,heap     ] GC(28) y: Min Capacity: 8M(0%)
[2026-04-03T01:37:18.966+0600][77.091s][info][gc,heap     ] GC(28) y: Max Capacity: 3922M(100%)
[2026-04-03T01:37:18.966+0600][77.091s][info][gc,heap     ] GC(28) y: Soft Max Capacity: 3529M(90%)
[2026-04-03T01:37:18.966+0600][77.091s][info][gc,heap     ] GC(28) y: Heap Statistics:
[2026-04-03T01:37:18.966+0600][77.091s][info][gc,heap     ] GC(28) y:                Mark Start          Mark End        Relocate Start      Relocate End           High               Low         
[2026-04-03T01:37:18.966+0600][77.091s][info][gc,heap     ] GC(28) y:  Capacity:     3922M (100%)       3922M (100%)       3922M (100%)       3922M (100%)       3922M (100%)       3922M (100%)   
[2026-04-03T01:37:18.966+0600][77.091s][info][gc,heap     ] GC(28) y:      Free:      582M (15%)         412M (11%)        2512M (64%)        3366M (86%)        3378M (86%)         412M (11%)    
[2026-04-03T01:37:18.966+0600][77.091s][info][gc,heap     ] GC(28) y:      Used:     3340M (85%)        3510M (89%)        1410M (36%)         556M (14%)        3510M (89%)         544M (14%)    
[2026-04-03T01:37:18.966+0600][77.091s][info][gc,heap     ] GC(28) y: Young Generation Statistics:
[2026-04-03T01:37:18.966+0600][77.091s][info][gc,heap     ] GC(28) y:                Mark Start          Mark End        Relocate Start      Relocate End    
[2026-04-03T01:37:18.966+0600][77.092s][info][gc,heap     ] GC(28) y:      Used:     3078M (78%)        3248M (83%)        1138M (29%)         284M (7%)     
[2026-04-03T01:37:18.966+0600][77.092s][info][gc,heap     ] GC(28) y:      Live:         -                74M (2%)           66M (2%)           66M (2%)     
[2026-04-03T01:37:18.966+0600][77.092s][info][gc,heap     ] GC(28) y:   Garbage:         -              3003M (77%)         899M (23%)           6M (0%)     
[2026-04-03T01:37:18.966+0600][77.092s][info][gc,heap     ] GC(28) y: Allocated:         -               170M (4%)          172M (4%)          210M (5%)     
[2026-04-03T01:37:18.966+0600][77.092s][info][gc,heap     ] GC(28) y: Reclaimed:         -                  -              2103M (54%)        2996M (76%)    
[2026-04-03T01:37:18.966+0600][77.092s][info][gc,heap     ] GC(28) y:  Promoted:         -                  -                 8M (0%)            8M (0%)     
[2026-04-03T01:37:18.966+0600][77.092s][info][gc,heap     ] GC(28) y: Compacted:         -                  -                  -                17M (0%)     
[2026-04-03T01:37:18.966+0600][77.092s][info][gc,phases   ] GC(28) y: Young Generation 3340M(85%)->556M(14%) 0.094s
[2026-04-03T01:37:18.966+0600][77.092s][info][gc          ] GC(28) Minor Collection (High Usage) 3340M(85%)->556M(14%) 0.095s
[2026-04-03T01:37:21.545+0600][79.671s][info][gc          ] GC(29) Major Collection (System.gc())
[2026-04-03T01:37:21.545+0600][79.671s][info][gc,task     ] GC(29) Using 3 Workers for Young Generation
[2026-04-03T01:37:21.545+0600][79.671s][info][gc,task     ] GC(29) Using 3 Workers for Old Generation
[2026-04-03T01:37:21.545+0600][79.671s][info][gc,phases   ] GC(29) Y: Young Generation (Promote All)
[2026-04-03T01:37:21.546+0600][79.671s][info][gc,phases   ] GC(29) Y: Pause Mark Start 0.018ms
[2026-04-03T01:37:21.583+0600][79.708s][info][gc,phases   ] GC(29) Y: Concurrent Mark 36.930ms
[2026-04-03T01:37:21.583+0600][79.708s][info][gc,phases   ] GC(29) Y: Pause Mark End 0.024ms
[2026-04-03T01:37:21.583+0600][79.708s][info][gc,phases   ] GC(29) Y: Concurrent Mark Free 0.002ms
[2026-04-03T01:37:21.583+0600][79.708s][info][gc,phases   ] GC(29) Y: Concurrent Reset Relocation Set 0.043ms
[2026-04-03T01:37:21.585+0600][79.710s][info][gc,reloc    ] GC(29) Y: Using tenuring threshold: 0 (Promote All)
[2026-04-03T01:37:21.593+0600][79.718s][info][gc,phases   ] GC(29) Y: Concurrent Select Relocation Set 9.442ms
[2026-04-03T01:37:21.593+0600][79.718s][info][gc,phases   ] GC(29) Y: Pause Relocate Start 0.017ms
[2026-04-03T01:37:21.609+0600][79.734s][info][gc,phases   ] GC(29) Y: Concurrent Relocate 16.254ms
[2026-04-03T01:37:21.609+0600][79.735s][info][gc,alloc    ] GC(29) Y:                         Mark Start        Mark End      Relocate Start    Relocate End   
[2026-04-03T01:37:21.609+0600][79.735s][info][gc,alloc    ] GC(29) Y: Allocation Stalls:          0                0                0                0         
[2026-04-03T01:37:21.609+0600][79.735s][info][gc,load     ] GC(29) Y: Load: 6.27 (52%) / 9.85 (82%) / 8.08 (67%)
[2026-04-03T01:37:21.609+0600][79.735s][info][gc,mmu      ] GC(29) Y: MMU: 2ms/95.8%, 5ms/98.3%, 10ms/98.8%, 20ms/99.4%, 50ms/99.7%, 100ms/99.9%
[2026-04-03T01:37:21.609+0600][79.735s][info][gc,marking  ] GC(29) Y: Mark: 2 stripe(s), 2 proactive flush(es), 1 terminate flush(es), 0 completion(s), 0 continuation(s) 
[2026-04-03T01:37:21.609+0600][79.735s][info][gc,marking  ] GC(29) Y: Mark Stack Usage: 32M
[2026-04-03T01:37:21.609+0600][79.735s][info][gc,nmethod  ] GC(29) Y: NMethods: 14650 registered, 3135 unregistered
[2026-04-03T01:37:21.609+0600][79.735s][info][gc,metaspace] GC(29) Y: Metaspace: 129M used, 130M committed, 1152M reserved
[2026-04-03T01:37:21.609+0600][79.735s][info][gc,reloc    ] GC(29) Y:                        Candidates     Selected     In-Place         Size        Empty    Relocated 
[2026-04-03T01:37:21.609+0600][79.735s][info][gc,reloc    ] GC(29) Y: Small Pages:                 1078          479            0        2156M        1136M          10M 
[2026-04-03T01:37:21.609+0600][79.735s][info][gc,reloc    ] GC(29) Y: Medium Pages:                  10            0            0         320M         320M           0M 
[2026-04-03T01:37:21.609+0600][79.735s][info][gc,reloc    ] GC(29) Y: Large Pages:                   60            0            0         360M         360M           0M 
[2026-04-03T01:37:21.609+0600][79.735s][info][gc,reloc    ] GC(29) Y: Forwarding Usage: 2M
[2026-04-03T01:37:21.609+0600][79.735s][info][gc,reloc    ] GC(29) Y: Age Table:
[2026-04-03T01:37:21.609+0600][79.735s][info][gc,reloc    ] GC(29) Y:                    Live             Garbage             Small              Medium             Large        
[2026-04-03T01:37:21.609+0600][79.735s][info][gc,reloc    ] GC(29) Y: Eden               7M (0%)         2736M (70%)       1041 / 469           10 / 0             57 / 0        
[2026-04-03T01:37:21.609+0600][79.735s][info][gc,reloc    ] GC(29) Y: Survivor 1         8M (0%)           25M (1%)           8 / 2              0 / 0              3 / 0        
[2026-04-03T01:37:21.609+0600][79.735s][info][gc,reloc    ] GC(29) Y: Survivor 2         7M (0%)            4M (0%)           6 / 2              0 / 0              0 / 0        
[2026-04-03T01:37:21.609+0600][79.735s][info][gc,reloc    ] GC(29) Y: Survivor 3         7M (0%)            4M (0%)           6 / 2              0 / 0              0 / 0        
[2026-04-03T01:37:21.609+0600][79.735s][info][gc,reloc    ] GC(29) Y: Survivor 4         7M (0%)            6M (0%)           7 / 3              0 / 0              0 / 0        
[2026-04-03T01:37:21.609+0600][79.735s][info][gc,reloc    ] GC(29) Y: Survivor 5         7M (0%)            2M (0%)           5 / 0              0 / 0              0 / 0        
[2026-04-03T01:37:21.609+0600][79.735s][info][gc,reloc    ] GC(29) Y: Survivor 6         6M (0%)            3M (0%)           5 / 1              0 / 0              0 / 0        
[2026-04-03T01:37:21.609+0600][79.735s][info][gc,heap     ] GC(29) Y: Min Capacity: 8M(0%)
[2026-04-03T01:37:21.609+0600][79.735s][info][gc,heap     ] GC(29) Y: Max Capacity: 3922M(100%)
[2026-04-03T01:37:21.609+0600][79.735s][info][gc,heap     ] GC(29) Y: Soft Max Capacity: 3529M(90%)
[2026-04-03T01:37:21.609+0600][79.735s][info][gc,heap     ] GC(29) Y: Heap Statistics:
[2026-04-03T01:37:21.609+0600][79.735s][info][gc,heap     ] GC(29) Y:                Mark Start          Mark End        Relocate Start      Relocate End           High               Low         
[2026-04-03T01:37:21.609+0600][79.735s][info][gc,heap     ] GC(29) Y:  Capacity:     3922M (100%)       3922M (100%)       3922M (100%)       3922M (100%)       3922M (100%)       3922M (100%)   
[2026-04-03T01:37:21.609+0600][79.735s][info][gc,heap     ] GC(29) Y:      Free:      814M (21%)         814M (21%)        2628M (67%)        3584M (91%)        3584M (91%)         814M (21%)    
[2026-04-03T01:37:21.609+0600][79.735s][info][gc,heap     ] GC(29) Y:      Used:     3108M (79%)        3108M (79%)        1294M (33%)         338M (9%)         3108M (79%)         338M (9%)     
[2026-04-03T01:37:21.609+0600][79.735s][info][gc,heap     ] GC(29) Y: Young Generation Statistics:
[2026-04-03T01:37:21.609+0600][79.735s][info][gc,heap     ] GC(29) Y:                Mark Start          Mark End        Relocate Start      Relocate End    
[2026-04-03T01:37:21.609+0600][79.735s][info][gc,heap     ] GC(29) Y:      Used:     2836M (72%)        2836M (72%)         978M (25%)           2M (0%)     
[2026-04-03T01:37:21.609+0600][79.735s][info][gc,heap     ] GC(29) Y:      Live:         -                52M (1%)           15M (0%)            0M (0%)     
[2026-04-03T01:37:21.609+0600][79.735s][info][gc,heap     ] GC(29) Y:   Garbage:         -              2783M (71%)         960M (24%)           0M (0%)     
[2026-04-03T01:37:21.609+0600][79.735s][info][gc,heap     ] GC(29) Y: Allocated:         -                 0M (0%)            2M (0%)            2M (0%)     
[2026-04-03T01:37:21.609+0600][79.735s][info][gc,heap     ] GC(29) Y: Reclaimed:         -                  -              1822M (46%)        2783M (71%)    
[2026-04-03T01:37:21.609+0600][79.735s][info][gc,heap     ] GC(29) Y:  Promoted:         -                  -                37M (1%)           52M (1%)     
[2026-04-03T01:37:21.609+0600][79.735s][info][gc,heap     ] GC(29) Y: Compacted:         -                  -                  -                 0M (0%)     
[2026-04-03T01:37:21.609+0600][79.735s][info][gc,phases   ] GC(29) Y: Young Generation (Promote All) 3108M(79%)->338M(9%) 0.064s
[2026-04-03T01:37:21.609+0600][79.735s][info][gc,phases   ] GC(29) Y: Young Generation (Collect Roots)
[2026-04-03T01:37:21.610+0600][79.735s][info][gc,phases   ] GC(29) Y: Pause Mark Start (Major) 0.042ms
[2026-04-03T01:37:21.627+0600][79.752s][info][gc,phases   ] GC(29) Y: Concurrent Mark 17.110ms
[2026-04-03T01:37:21.627+0600][79.753s][info][gc,phases   ] GC(29) Y: Pause Mark End 0.022ms
[2026-04-03T01:37:21.627+0600][79.753s][info][gc,phases   ] GC(29) Y: Concurrent Mark Free 0.001ms
[2026-04-03T01:37:21.628+0600][79.753s][info][gc,phases   ] GC(29) Y: Concurrent Reset Relocation Set 0.083ms
[2026-04-03T01:37:21.629+0600][79.754s][info][gc,reloc    ] GC(29) Y: Using tenuring threshold: 1 (Computed)
[2026-04-03T01:37:21.629+0600][79.755s][info][gc,phases   ] GC(29) Y: Concurrent Select Relocation Set 1.644ms
[2026-04-03T01:37:21.629+0600][79.755s][info][gc,phases   ] GC(29) Y: Pause Relocate Start 0.014ms
[2026-04-03T01:37:21.630+0600][79.755s][info][gc,phases   ] GC(29) Y: Concurrent Relocate 0.144ms
[2026-04-03T01:37:21.630+0600][79.755s][info][gc,alloc    ] GC(29) Y:                         Mark Start        Mark End      Relocate Start    Relocate End   
[2026-04-03T01:37:21.630+0600][79.755s][info][gc,alloc    ] GC(29) Y: Allocation Stalls:          0                0                0                0         
[2026-04-03T01:37:21.630+0600][79.755s][info][gc,load     ] GC(29) Y: Load: 6.27 (52%) / 9.85 (82%) / 8.08 (67%)
[2026-04-03T01:37:21.630+0600][79.755s][info][gc,mmu      ] GC(29) Y: MMU: 2ms/95.8%, 5ms/98.3%, 10ms/98.8%, 20ms/99.4%, 50ms/99.7%, 100ms/99.9%
[2026-04-03T01:37:21.630+0600][79.755s][info][gc,marking  ] GC(29) Y: Mark: 2 stripe(s), 1 proactive flush(es), 1 terminate flush(es), 0 completion(s), 0 continuation(s) 
[2026-04-03T01:37:21.630+0600][79.755s][info][gc,marking  ] GC(29) Y: Mark Stack Usage: 32M
[2026-04-03T01:37:21.630+0600][79.755s][info][gc,nmethod  ] GC(29) Y: NMethods: 14650 registered, 3135 unregistered
[2026-04-03T01:37:21.630+0600][79.755s][info][gc,metaspace] GC(29) Y: Metaspace: 129M used, 130M committed, 1152M reserved
[2026-04-03T01:37:21.630+0600][79.755s][info][gc,reloc    ] GC(29) Y:                        Candidates     Selected     In-Place         Size        Empty    Relocated 
[2026-04-03T01:37:21.630+0600][79.755s][info][gc,reloc    ] GC(29) Y: Small Pages:                    1            0            0           2M           0M           0M 
[2026-04-03T01:37:21.630+0600][79.755s][info][gc,reloc    ] GC(29) Y: Medium Pages:                   0            0            0           0M           0M           0M 
[2026-04-03T01:37:21.630+0600][79.755s][info][gc,reloc    ] GC(29) Y: Large Pages:                    0            0            0           0M           0M           0M 
[2026-04-03T01:37:21.630+0600][79.755s][info][gc,reloc    ] GC(29) Y: Forwarding Usage: 0M
[2026-04-03T01:37:21.630+0600][79.755s][info][gc,reloc    ] GC(29) Y: Age Table:
[2026-04-03T01:37:21.630+0600][79.755s][info][gc,reloc    ] GC(29) Y:                    Live             Garbage             Small              Medium             Large        
[2026-04-03T01:37:21.630+0600][79.755s][info][gc,reloc    ] GC(29) Y: Eden               0M (0%)            1M (0%)           1 / 0              0 / 0              0 / 0        
[2026-04-03T01:37:21.630+0600][79.755s][info][gc,heap     ] GC(29) Y: Min Capacity: 8M(0%)
[2026-04-03T01:37:21.630+0600][79.755s][info][gc,heap     ] GC(29) Y: Max Capacity: 3922M(100%)
[2026-04-03T01:37:21.630+0600][79.755s][info][gc,heap     ] GC(29) Y: Soft Max Capacity: 3529M(90%)
[2026-04-03T01:37:21.630+0600][79.755s][info][gc,heap     ] GC(29) Y: Heap Statistics:
[2026-04-03T01:37:21.630+0600][79.755s][info][gc,heap     ] GC(29) Y:                Mark Start          Mark End        Relocate Start      Relocate End           High               Low         
[2026-04-03T01:37:21.630+0600][79.755s][info][gc,heap     ] GC(29) Y:  Capacity:     3922M (100%)       3922M (100%)       3922M (100%)       3922M (100%)       3922M (100%)       3922M (100%)   
[2026-04-03T01:37:21.630+0600][79.755s][info][gc,heap     ] GC(29) Y:      Free:     3584M (91%)        3584M (91%)        3584M (91%)        3584M (91%)        3584M (91%)        3584M (91%)    
[2026-04-03T01:37:21.630+0600][79.755s][info][gc,heap     ] GC(29) Y:      Used:      338M (9%)          338M (9%)          338M (9%)          338M (9%)          338M (9%)          338M (9%)     
[2026-04-03T01:37:21.630+0600][79.755s][info][gc,heap     ] GC(29) Y: Young Generation Statistics:
[2026-04-03T01:37:21.630+0600][79.755s][info][gc,heap     ] GC(29) Y:                Mark Start          Mark End        Relocate Start      Relocate End    
[2026-04-03T01:37:21.630+0600][79.755s][info][gc,heap     ] GC(29) Y:      Used:        2M (0%)            2M (0%)            2M (0%)            2M (0%)     
[2026-04-03T01:37:21.630+0600][79.755s][info][gc,heap     ] GC(29) Y:      Live:         -                 0M (0%)            0M (0%)            0M (0%)     
[2026-04-03T01:37:21.630+0600][79.755s][info][gc,heap     ] GC(29) Y:   Garbage:         -                 1M (0%)            1M (0%)            1M (0%)     
[2026-04-03T01:37:21.630+0600][79.755s][info][gc,heap     ] GC(29) Y: Allocated:         -                 0M (0%)            0M (0%)            0M (0%)     
[2026-04-03T01:37:21.630+0600][79.755s][info][gc,heap     ] GC(29) Y: Reclaimed:         -                  -                 0M (0%)            0M (0%)     
[2026-04-03T01:37:21.630+0600][79.755s][info][gc,heap     ] GC(29) Y:  Promoted:         -                  -                 0M (0%)            0M (0%)     
[2026-04-03T01:37:21.630+0600][79.755s][info][gc,heap     ] GC(29) Y: Compacted:         -                  -                  -                 0M (0%)     
[2026-04-03T01:37:21.630+0600][79.755s][info][gc,phases   ] GC(29) Y: Young Generation (Collect Roots) 338M(9%)->338M(9%) 0.020s
[2026-04-03T01:37:21.630+0600][79.755s][info][gc,phases   ] GC(29) O: Old Generation
[2026-04-03T01:37:21.745+0600][79.871s][info][gc,phases   ] GC(29) O: Concurrent Mark 115.297ms
[2026-04-03T01:37:21.746+0600][79.871s][info][gc,phases   ] GC(29) O: Pause Mark End 0.021ms
[2026-04-03T01:37:21.746+0600][79.871s][info][gc,phases   ] GC(29) O: Concurrent Mark Free 0.002ms
[2026-04-03T01:37:21.763+0600][79.888s][info][gc,phases   ] GC(29) O: Concurrent Process Non-Strong 16.984ms
[2026-04-03T01:37:21.763+0600][79.888s][info][gc,phases   ] GC(29) O: Concurrent Reset Relocation Set 0.011ms
[2026-04-03T01:37:21.776+0600][79.901s][info][gc,phases   ] GC(29) O: Concurrent Select Relocation Set 12.968ms
[2026-04-03T01:37:21.776+0600][79.901s][info][gc,task     ] GC(29) O: Using 3 Workers for Old Generation
[2026-04-03T01:37:21.801+0600][79.926s][info][gc,task     ] GC(29) O: Using 3 Workers for Old Generation
[2026-04-03T01:37:21.801+0600][79.926s][info][gc,phases   ] GC(29) O: Concurrent Remap Roots 25.346ms
[2026-04-03T01:37:21.801+0600][79.927s][info][gc,phases   ] GC(29) O: Pause Relocate Start 0.024ms
[2026-04-03T01:37:21.833+0600][79.958s][info][gc,phases   ] GC(29) O: Concurrent Relocate 31.229ms
[2026-04-03T01:37:21.833+0600][79.958s][info][gc,alloc    ] GC(29) O:                         Mark Start        Mark End      Relocate Start    Relocate End   
[2026-04-03T01:37:21.833+0600][79.958s][info][gc,alloc    ] GC(29) O: Allocation Stalls:          0                0                0                0         
[2026-04-03T01:37:21.833+0600][79.958s][info][gc,load     ] GC(29) O: Load: 6.27 (52%) / 9.85 (82%) / 8.08 (67%)
[2026-04-03T01:37:21.833+0600][79.958s][info][gc,mmu      ] GC(29) O: MMU: 2ms/95.8%, 5ms/98.3%, 10ms/98.8%, 20ms/99.4%, 50ms/99.7%, 100ms/99.9%
[2026-04-03T01:37:21.833+0600][79.958s][info][gc,marking  ] GC(29) O: Mark: 2 stripe(s), 2 proactive flush(es), 1 terminate flush(es), 0 completion(s), 0 continuation(s) 
[2026-04-03T01:37:21.833+0600][79.958s][info][gc,marking  ] GC(29) O: Mark Stack Usage: 32M
[2026-04-03T01:37:21.833+0600][79.958s][info][gc,nmethod  ] GC(29) O: NMethods: 14097 registered, 3710 unregistered
[2026-04-03T01:37:21.833+0600][79.958s][info][gc,metaspace] GC(29) O: Metaspace: 129M used, 130M committed, 1152M reserved
[2026-04-03T01:37:21.833+0600][79.958s][info][gc,ref      ] GC(29) O:                       Encountered   Discovered     Enqueued 
[2026-04-03T01:37:21.833+0600][79.958s][info][gc,ref      ] GC(29) O: Soft References:             6379            0            0 
[2026-04-03T01:37:21.833+0600][79.958s][info][gc,ref      ] GC(29) O: Weak References:            45540        41654        30235 
[2026-04-03T01:37:21.833+0600][79.958s][info][gc,ref      ] GC(29) O: Final References:              84            0            0 
[2026-04-03T01:37:21.833+0600][79.958s][info][gc,ref      ] GC(29) O: Phantom References:           620          538            0 
[2026-04-03T01:37:21.833+0600][79.958s][info][gc,reloc    ] GC(29) O:                        Candidates     Selected     In-Place         Size        Empty    Relocated 
[2026-04-03T01:37:21.833+0600][79.958s][info][gc,reloc    ] GC(29) O: Small Pages:                  136           50            0         272M           0M          18M 
[2026-04-03T01:37:21.833+0600][79.958s][info][gc,reloc    ] GC(29) O: Medium Pages:                   2            0            0          64M          32M           0M 
[2026-04-03T01:37:21.833+0600][79.958s][info][gc,reloc    ] GC(29) O: Large Pages:                    0            0            0           0M           0M           0M 
[2026-04-03T01:37:21.833+0600][79.958s][info][gc,reloc    ] GC(29) O: Forwarding Usage: 13M
[2026-04-03T01:37:21.833+0600][79.958s][info][gc,heap     ] GC(29) O: Min Capacity: 8M(0%)
[2026-04-03T01:37:21.833+0600][79.958s][info][gc,heap     ] GC(29) O: Max Capacity: 3922M(100%)
[2026-04-03T01:37:21.833+0600][79.958s][info][gc,heap     ] GC(29) O: Soft Max Capacity: 3529M(90%)
[2026-04-03T01:37:21.833+0600][79.958s][info][gc,heap     ] GC(29) O: Heap Statistics:
[2026-04-03T01:37:21.833+0600][79.958s][info][gc,heap     ] GC(29) O:                Mark Start          Mark End        Relocate Start      Relocate End           High               Low         
[2026-04-03T01:37:21.833+0600][79.958s][info][gc,heap     ] GC(29) O:  Capacity:     3922M (100%)       3922M (100%)       3922M (100%)       3922M (100%)       3922M (100%)       3922M (100%)   
[2026-04-03T01:37:21.833+0600][79.958s][info][gc,heap     ] GC(29) O:      Free:     3584M (91%)        3582M (91%)        3564M (91%)        3642M (93%)        3642M (93%)        3550M (91%)    
[2026-04-03T01:37:21.833+0600][79.959s][info][gc,heap     ] GC(29) O:      Used:      338M (9%)          340M (9%)          358M (9%)          280M (7%)          372M (9%)          280M (7%)     
[2026-04-03T01:37:21.833+0600][79.959s][info][gc,heap     ] GC(29) O: Old Generation Statistics:
[2026-04-03T01:37:21.833+0600][79.959s][info][gc,heap     ] GC(29) O:                Mark Start          Mark End        Relocate Start      Relocate End    
[2026-04-03T01:37:21.833+0600][79.959s][info][gc,heap     ] GC(29) O:      Used:      336M (9%)          336M (9%)          304M (8%)          216M (6%)     
[2026-04-03T01:37:21.833+0600][79.959s][info][gc,heap     ] GC(29) O:      Live:         -               166M (4%)          166M (4%)          166M (4%)     
[2026-04-03T01:37:21.833+0600][79.959s][info][gc,heap     ] GC(29) O:   Garbage:         -               169M (4%)          137M (4%)           28M (1%)     
[2026-04-03T01:37:21.833+0600][79.959s][info][gc,heap     ] GC(29) O: Allocated:         -                 0M (0%)            0M (0%)           21M (1%)     
[2026-04-03T01:37:21.833+0600][79.959s][info][gc,heap     ] GC(29) O: Reclaimed:         -                  -                32M (1%)          141M (4%)     
[2026-04-03T01:37:21.833+0600][79.959s][info][gc,heap     ] GC(29) O: Compacted:         -                  -                  -                64M (2%)     
[2026-04-03T01:37:21.833+0600][79.959s][info][gc,phases   ] GC(29) O: Old Generation 338M(9%)->280M(7%) 0.203s
[2026-04-03T01:37:21.833+0600][79.959s][info][gc          ] GC(29) Major Collection (System.gc()) 3108M(79%)->280M(7%) 0.288s
[2026-04-03T01:37:24.485+0600][82.610s][info][gc          ] GC(30) Minor Collection (Allocation Rate)
[2026-04-03T01:37:24.485+0600][82.610s][info][gc,task     ] GC(30) Using 1 Workers for Young Generation
[2026-04-03T01:37:24.485+0600][82.610s][info][gc,phases   ] GC(30) y: Young Generation
[2026-04-03T01:37:24.485+0600][82.611s][info][gc,phases   ] GC(30) y: Pause Mark Start 0.018ms
[2026-04-03T01:37:24.555+0600][82.681s][info][gc,phases   ] GC(30) y: Concurrent Mark 69.950ms
[2026-04-03T01:37:24.556+0600][82.681s][info][gc,phases   ] GC(30) y: Pause Mark End 0.017ms
[2026-04-03T01:37:24.556+0600][82.681s][info][gc,phases   ] GC(30) y: Concurrent Mark Free 0.002ms
[2026-04-03T01:37:24.556+0600][82.681s][info][gc,phases   ] GC(30) y: Concurrent Reset Relocation Set 0.001ms
[2026-04-03T01:37:24.562+0600][82.687s][info][gc,reloc    ] GC(30) y: Using tenuring threshold: 1 (Computed)
[2026-04-03T01:37:24.563+0600][82.688s][info][gc,phases   ] GC(30) y: Concurrent Select Relocation Set 6.906ms
[2026-04-03T01:37:24.564+0600][82.689s][info][gc,phases   ] GC(30) y: Pause Relocate Start 0.141ms
[2026-04-03T01:37:24.579+0600][82.704s][info][gc,phases   ] GC(30) y: Concurrent Relocate 15.442ms
[2026-04-03T01:37:24.579+0600][82.705s][info][gc,alloc    ] GC(30) y:                         Mark Start        Mark End      Relocate Start    Relocate End   
[2026-04-03T01:37:24.579+0600][82.705s][info][gc,alloc    ] GC(30) y: Allocation Stalls:          0                0                0                0         
[2026-04-03T01:37:24.579+0600][82.705s][info][gc,load     ] GC(30) y: Load: 6.89 (57%) / 9.92 (83%) / 8.11 (68%)
[2026-04-03T01:37:24.579+0600][82.705s][info][gc,mmu      ] GC(30) y: MMU: 2ms/92.9%, 5ms/97.2%, 10ms/98.4%, 20ms/99.2%, 50ms/99.7%, 100ms/99.8%
[2026-04-03T01:37:24.579+0600][82.705s][info][gc,marking  ] GC(30) y: Mark: 1 stripe(s), 2 proactive flush(es), 1 terminate flush(es), 0 completion(s), 0 continuation(s) 
[2026-04-03T01:37:24.579+0600][82.705s][info][gc,marking  ] GC(30) y: Mark Stack Usage: 32M
[2026-04-03T01:37:24.579+0600][82.705s][info][gc,nmethod  ] GC(30) y: NMethods: 14229 registered, 3710 unregistered
[2026-04-03T01:37:24.579+0600][82.705s][info][gc,metaspace] GC(30) y: Metaspace: 129M used, 130M committed, 1152M reserved
[2026-04-03T01:37:24.579+0600][82.705s][info][gc,reloc    ] GC(30) y:                        Candidates     Selected     In-Place         Size        Empty    Relocated 
[2026-04-03T01:37:24.579+0600][82.705s][info][gc,reloc    ] GC(30) y: Small Pages:                  819          498            0        1638M         630M           8M 
[2026-04-03T01:37:24.579+0600][82.705s][info][gc,reloc    ] GC(30) y: Medium Pages:                  10            0            0         320M         320M           0M 
[2026-04-03T01:37:24.579+0600][82.705s][info][gc,reloc    ] GC(30) y: Large Pages:                  171            0            0        1026M        1026M           0M 
[2026-04-03T01:37:24.579+0600][82.705s][info][gc,reloc    ] GC(30) y: Forwarding Usage: 1M
[2026-04-03T01:37:24.579+0600][82.705s][info][gc,reloc    ] GC(30) y: Age Table:
[2026-04-03T01:37:24.579+0600][82.705s][info][gc,reloc    ] GC(30) y:                    Live             Garbage             Small              Medium             Large        
[2026-04-03T01:37:24.579+0600][82.705s][info][gc,reloc    ] GC(30) y: Eden               9M (0%)         2972M (76%)        818 / 498           10 / 0            171 / 0        
[2026-04-03T01:37:24.579+0600][82.705s][info][gc,reloc    ] GC(30) y: Survivor 1          -                 2M (0%)           1 / 0              0 / 0              0 / 0        
[2026-04-03T01:37:24.579+0600][82.705s][info][gc,heap     ] GC(30) y: Min Capacity: 8M(0%)
[2026-04-03T01:37:24.580+0600][82.705s][info][gc,heap     ] GC(30) y: Max Capacity: 3922M(100%)
[2026-04-03T01:37:24.580+0600][82.705s][info][gc,heap     ] GC(30) y: Soft Max Capacity: 3529M(90%)
[2026-04-03T01:37:24.580+0600][82.705s][info][gc,heap     ] GC(30) y: Heap Statistics:
[2026-04-03T01:37:24.580+0600][82.705s][info][gc,heap     ] GC(30) y:                Mark Start          Mark End        Relocate Start      Relocate End           High               Low         
[2026-04-03T01:37:24.580+0600][82.705s][info][gc,heap     ] GC(30) y:  Capacity:     3922M (100%)       3922M (100%)       3922M (100%)       3922M (100%)       3922M (100%)       3922M (100%)   
[2026-04-03T01:37:24.580+0600][82.705s][info][gc,heap     ] GC(30) y:      Free:      722M (18%)         644M (16%)        2604M (66%)        3576M (91%)        3576M (91%)         644M (16%)    
[2026-04-03T01:37:24.580+0600][82.705s][info][gc,heap     ] GC(30) y:      Used:     3200M (82%)        3278M (84%)        1318M (34%)         346M (9%)         3278M (84%)         346M (9%)     
[2026-04-03T01:37:24.580+0600][82.705s][info][gc,heap     ] GC(30) y: Young Generation Statistics:
[2026-04-03T01:37:24.580+0600][82.705s][info][gc,heap     ] GC(30) y:                Mark Start          Mark End        Relocate Start      Relocate End    
[2026-04-03T01:37:24.580+0600][82.705s][info][gc,heap     ] GC(30) y:      Used:     2984M (76%)        3062M (78%)        1102M (28%)         130M (3%)     
[2026-04-03T01:37:24.580+0600][82.705s][info][gc,heap     ] GC(30) y:      Live:         -                 9M (0%)            9M (0%)            9M (0%)     
[2026-04-03T01:37:24.580+0600][82.705s][info][gc,heap     ] GC(30) y:   Garbage:         -              2974M (76%)         998M (25%)           0M (0%)     
[2026-04-03T01:37:24.580+0600][82.705s][info][gc,heap     ] GC(30) y: Allocated:         -                78M (2%)           94M (2%)          120M (3%)     
[2026-04-03T01:37:24.580+0600][82.705s][info][gc,heap     ] GC(30) y: Reclaimed:         -                  -              1976M (50%)        2974M (76%)    
[2026-04-03T01:37:24.580+0600][82.705s][info][gc,heap     ] GC(30) y:  Promoted:         -                  -                 0M (0%)            0M (0%)     
[2026-04-03T01:37:24.580+0600][82.705s][info][gc,heap     ] GC(30) y: Compacted:         -                  -                  -                 9M (0%)     
[2026-04-03T01:37:24.580+0600][82.705s][info][gc,phases   ] GC(30) y: Young Generation 3200M(82%)->346M(9%) 0.094s
[2026-04-03T01:37:24.580+0600][82.705s][info][gc          ] GC(30) Minor Collection (Allocation Rate) 3200M(82%)->346M(9%) 0.095s
[2026-04-03T01:37:26.607+0600][84.732s][info][gc          ] GC(31) Minor Collection (Allocation Rate)
[2026-04-03T01:37:26.607+0600][84.732s][info][gc,task     ] GC(31) Using 1 Workers for Young Generation
[2026-04-03T01:37:26.607+0600][84.732s][info][gc,phases   ] GC(31) y: Young Generation
[2026-04-03T01:37:26.607+0600][84.733s][info][gc,phases   ] GC(31) y: Pause Mark Start 0.018ms
[2026-04-03T01:37:26.671+0600][84.797s][info][gc,phases   ] GC(31) y: Concurrent Mark 64.144ms
[2026-04-03T01:37:26.672+0600][84.797s][info][gc,phases   ] GC(31) y: Pause Mark End 0.023ms
[2026-04-03T01:37:26.672+0600][84.797s][info][gc,phases   ] GC(31) y: Concurrent Mark Free 0.002ms
[2026-04-03T01:37:26.672+0600][84.797s][info][gc,phases   ] GC(31) y: Concurrent Reset Relocation Set 0.032ms
[2026-04-03T01:37:26.674+0600][84.799s][info][gc,reloc    ] GC(31) y: Using tenuring threshold: 2 (Computed)
[2026-04-03T01:37:26.674+0600][84.800s][info][gc,phases   ] GC(31) y: Concurrent Select Relocation Set 2.495ms
[2026-04-03T01:37:26.675+0600][84.800s][info][gc,phases   ] GC(31) y: Pause Relocate Start 0.017ms
[2026-04-03T01:37:26.688+0600][84.814s][info][gc,phases   ] GC(31) y: Concurrent Relocate 13.436ms
[2026-04-03T01:37:26.688+0600][84.814s][info][gc,alloc    ] GC(31) y:                         Mark Start        Mark End      Relocate Start    Relocate End   
[2026-04-03T01:37:26.688+0600][84.814s][info][gc,alloc    ] GC(31) y: Allocation Stalls:          0                0                0                0         
[2026-04-03T01:37:26.688+0600][84.814s][info][gc,load     ] GC(31) y: Load: 6.89 (57%) / 9.92 (83%) / 8.11 (68%)
[2026-04-03T01:37:26.688+0600][84.814s][info][gc,mmu      ] GC(31) y: MMU: 2ms/92.9%, 5ms/97.2%, 10ms/98.4%, 20ms/99.2%, 50ms/99.7%, 100ms/99.8%
[2026-04-03T01:37:26.688+0600][84.814s][info][gc,marking  ] GC(31) y: Mark: 1 stripe(s), 2 proactive flush(es), 1 terminate flush(es), 0 completion(s), 0 continuation(s) 
[2026-04-03T01:37:26.688+0600][84.814s][info][gc,marking  ] GC(31) y: Mark Stack Usage: 32M
[2026-04-03T01:37:26.688+0600][84.814s][info][gc,nmethod  ] GC(31) y: NMethods: 14299 registered, 3710 unregistered
[2026-04-03T01:37:26.688+0600][84.814s][info][gc,metaspace] GC(31) y: Metaspace: 129M used, 130M committed, 1152M reserved
[2026-04-03T01:37:26.688+0600][84.814s][info][gc,reloc    ] GC(31) y:                        Candidates     Selected     In-Place         Size        Empty    Relocated 
[2026-04-03T01:37:26.688+0600][84.814s][info][gc,reloc    ] GC(31) y: Small Pages:                  793          435            0        1586M         696M           9M 
[2026-04-03T01:37:26.688+0600][84.814s][info][gc,reloc    ] GC(31) y: Medium Pages:                   8            0            0         256M         256M           0M 
[2026-04-03T01:37:26.688+0600][84.814s][info][gc,reloc    ] GC(31) y: Large Pages:                  167            0            0        1002M        1002M           0M 
[2026-04-03T01:37:26.688+0600][84.814s][info][gc,reloc    ] GC(31) y: Forwarding Usage: 1M
[2026-04-03T01:37:26.688+0600][84.814s][info][gc,reloc    ] GC(31) y: Age Table:
[2026-04-03T01:37:26.689+0600][84.814s][info][gc,reloc    ] GC(31) y:                    Live             Garbage             Small              Medium             Large        
[2026-04-03T01:37:26.689+0600][84.814s][info][gc,reloc    ] GC(31) y: Eden               9M (0%)         2808M (72%)        780 / 426            8 / 0            167 / 0        
[2026-04-03T01:37:26.689+0600][84.814s][info][gc,reloc    ] GC(31) y: Survivor 1         7M (0%)           18M (0%)          13 / 9              0 / 0              0 / 0        
[2026-04-03T01:37:26.689+0600][84.814s][info][gc,heap     ] GC(31) y: Min Capacity: 8M(0%)
[2026-04-03T01:37:26.689+0600][84.814s][info][gc,heap     ] GC(31) y: Max Capacity: 3922M(100%)
[2026-04-03T01:37:26.689+0600][84.814s][info][gc,heap     ] GC(31) y: Soft Max Capacity: 3529M(90%)
[2026-04-03T01:37:26.689+0600][84.814s][info][gc,heap     ] GC(31) y: Heap Statistics:
[2026-04-03T01:37:26.689+0600][84.814s][info][gc,heap     ] GC(31) y:                Mark Start          Mark End        Relocate Start      Relocate End           High               Low         
[2026-04-03T01:37:26.689+0600][84.814s][info][gc,heap     ] GC(31) y:  Capacity:     3922M (100%)       3922M (100%)       3922M (100%)       3922M (100%)       3922M (100%)       3922M (100%)   
[2026-04-03T01:37:26.689+0600][84.814s][info][gc,heap     ] GC(31) y:      Free:      862M (22%)         794M (20%)        2742M (70%)        3584M (91%)        3586M (91%)         794M (20%)    
[2026-04-03T01:37:26.689+0600][84.814s][info][gc,heap     ] GC(31) y:      Used:     3060M (78%)        3128M (80%)        1180M (30%)         338M (9%)         3128M (80%)         336M (9%)     
[2026-04-03T01:37:26.689+0600][84.814s][info][gc,heap     ] GC(31) y: Young Generation Statistics:
[2026-04-03T01:37:26.689+0600][84.814s][info][gc,heap     ] GC(31) y:                Mark Start          Mark End        Relocate Start      Relocate End    
[2026-04-03T01:37:26.689+0600][84.814s][info][gc,heap     ] GC(31) y:      Used:     2844M (73%)        2912M (74%)         964M (25%)         122M (3%)     
[2026-04-03T01:37:26.689+0600][84.814s][info][gc,heap     ] GC(31) y:      Live:         -                16M (0%)           16M (0%)           16M (0%)     
[2026-04-03T01:37:26.689+0600][84.814s][info][gc,heap     ] GC(31) y:   Garbage:         -              2827M (72%)         873M (22%)           1M (0%)     
[2026-04-03T01:37:26.689+0600][84.814s][info][gc,heap     ] GC(31) y: Allocated:         -                68M (2%)           74M (2%)          104M (3%)     
[2026-04-03T01:37:26.689+0600][84.814s][info][gc,heap     ] GC(31) y: Reclaimed:         -                  -              1954M (50%)        2826M (72%)    
[2026-04-03T01:37:26.689+0600][84.814s][info][gc,heap     ] GC(31) y:  Promoted:         -                  -                 0M (0%)            0M (0%)     
[2026-04-03T01:37:26.689+0600][84.814s][info][gc,heap     ] GC(31) y: Compacted:         -                  -                  -                 9M (0%)     
[2026-04-03T01:37:26.689+0600][84.814s][info][gc,phases   ] GC(31) y: Young Generation 3060M(78%)->338M(9%) 0.081s
[2026-04-03T01:37:26.689+0600][84.814s][info][gc          ] GC(31) Minor Collection (Allocation Rate) 3060M(78%)->344M(9%) 0.082s
[2026-04-03T01:37:29.738+0600][87.863s][info][gc          ] GC(32) Minor Collection (Allocation Rate)
[2026-04-03T01:37:29.738+0600][87.863s][info][gc,task     ] GC(32) Using 1 Workers for Young Generation
[2026-04-03T01:37:29.738+0600][87.863s][info][gc,phases   ] GC(32) y: Young Generation
[2026-04-03T01:37:29.738+0600][87.864s][info][gc,phases   ] GC(32) y: Pause Mark Start 0.049ms
[2026-04-03T01:37:29.807+0600][87.932s][info][gc,phases   ] GC(32) y: Concurrent Mark 68.642ms
[2026-04-03T01:37:29.807+0600][87.933s][info][gc,phases   ] GC(32) y: Pause Mark End 0.039ms
[2026-04-03T01:37:29.807+0600][87.933s][info][gc,phases   ] GC(32) y: Concurrent Mark Free 0.002ms
[2026-04-03T01:37:29.807+0600][87.933s][info][gc,phases   ] GC(32) y: Concurrent Reset Relocation Set 0.032ms
[2026-04-03T01:37:29.809+0600][87.935s][info][gc,reloc    ] GC(32) y: Using tenuring threshold: 3 (Computed)
[2026-04-03T01:37:29.810+0600][87.935s][info][gc,phases   ] GC(32) y: Concurrent Select Relocation Set 2.386ms
[2026-04-03T01:37:29.810+0600][87.935s][info][gc,phases   ] GC(32) y: Pause Relocate Start 0.021ms
[2026-04-03T01:37:29.831+0600][87.956s][info][gc,phases   ] GC(32) y: Concurrent Relocate 20.379ms
[2026-04-03T01:37:29.831+0600][87.956s][info][gc,alloc    ] GC(32) y:                         Mark Start        Mark End      Relocate Start    Relocate End   
[2026-04-03T01:37:29.831+0600][87.956s][info][gc,alloc    ] GC(32) y: Allocation Stalls:          0                0                0                0         
[2026-04-03T01:37:29.831+0600][87.956s][info][gc,load     ] GC(32) y: Load: 6.42 (53%) / 9.77 (81%) / 8.07 (67%)
[2026-04-03T01:37:29.831+0600][87.956s][info][gc,mmu      ] GC(32) y: MMU: 2ms/92.9%, 5ms/97.2%, 10ms/98.4%, 20ms/99.2%, 50ms/99.7%, 100ms/99.8%
[2026-04-03T01:37:29.831+0600][87.956s][info][gc,marking  ] GC(32) y: Mark: 1 stripe(s), 2 proactive flush(es), 1 terminate flush(es), 0 completion(s), 0 continuation(s) 
[2026-04-03T01:37:29.831+0600][87.956s][info][gc,marking  ] GC(32) y: Mark Stack Usage: 32M
[2026-04-03T01:37:29.831+0600][87.956s][info][gc,nmethod  ] GC(32) y: NMethods: 14398 registered, 3710 unregistered
[2026-04-03T01:37:29.831+0600][87.956s][info][gc,metaspace] GC(32) y: Metaspace: 129M used, 131M committed, 1152M reserved
[2026-04-03T01:37:29.831+0600][87.956s][info][gc,reloc    ] GC(32) y:                        Candidates     Selected     In-Place         Size        Empty    Relocated 
[2026-04-03T01:37:29.831+0600][87.956s][info][gc,reloc    ] GC(32) y: Small Pages:                 1059          508            0        2118M        1072M          12M 
[2026-04-03T01:37:29.831+0600][87.956s][info][gc,reloc    ] GC(32) y: Medium Pages:                  12            0            0         384M         384M           0M 
[2026-04-03T01:37:29.831+0600][87.956s][info][gc,reloc    ] GC(32) y: Large Pages:                   88            0            0         528M         516M           0M 
[2026-04-03T01:37:29.831+0600][87.956s][info][gc,reloc    ] GC(32) y: Forwarding Usage: 2M
[2026-04-03T01:37:29.831+0600][87.956s][info][gc,reloc    ] GC(32) y: Age Table:
[2026-04-03T01:37:29.831+0600][87.956s][info][gc,reloc    ] GC(32) y:                    Live             Garbage             Small              Medium             Large        
[2026-04-03T01:37:29.831+0600][87.956s][info][gc,reloc    ] GC(32) y: Eden              22M (1%)         2977M (76%)       1044 / 502           12 / 0             88 / 0        
[2026-04-03T01:37:29.831+0600][87.956s][info][gc,reloc    ] GC(32) y: Survivor 1         7M (0%)           12M (0%)          10 / 5              0 / 0              0 / 0        
[2026-04-03T01:37:29.831+0600][87.956s][info][gc,reloc    ] GC(32) y: Survivor 2         7M (0%)            2M (0%)           5 / 1              0 / 0              0 / 0        
[2026-04-03T01:37:29.831+0600][87.956s][info][gc,heap     ] GC(32) y: Min Capacity: 8M(0%)
[2026-04-03T01:37:29.831+0600][87.956s][info][gc,heap     ] GC(32) y: Max Capacity: 3922M(100%)
[2026-04-03T01:37:29.831+0600][87.956s][info][gc,heap     ] GC(32) y: Soft Max Capacity: 3529M(90%)
[2026-04-03T01:37:29.831+0600][87.956s][info][gc,heap     ] GC(32) y: Heap Statistics:
[2026-04-03T01:37:29.831+0600][87.956s][info][gc,heap     ] GC(32) y:                Mark Start          Mark End        Relocate Start      Relocate End           High               Low         
[2026-04-03T01:37:29.831+0600][87.956s][info][gc,heap     ] GC(32) y:  Capacity:     3922M (100%)       3922M (100%)       3922M (100%)       3922M (100%)       3922M (100%)       3922M (100%)   
[2026-04-03T01:37:29.831+0600][87.956s][info][gc,heap     ] GC(32) y:      Free:      676M (17%)         400M (10%)        2370M (60%)        2990M (76%)        3168M (81%)         400M (10%)    
[2026-04-03T01:37:29.831+0600][87.956s][info][gc,heap     ] GC(32) y:      Used:     3246M (83%)        3522M (90%)        1552M (40%)         932M (24%)        3522M (90%)         754M (19%)    
[2026-04-03T01:37:29.831+0600][87.956s][info][gc,heap     ] GC(32) y: Young Generation Statistics:
[2026-04-03T01:37:29.831+0600][87.956s][info][gc,heap     ] GC(32) y:                Mark Start          Mark End        Relocate Start      Relocate End    
[2026-04-03T01:37:29.831+0600][87.956s][info][gc,heap     ] GC(32) y:      Used:     3030M (77%)        3306M (84%)        1336M (34%)         716M (18%)    
[2026-04-03T01:37:29.831+0600][87.956s][info][gc,heap     ] GC(32) y:      Live:         -                37M (1%)           37M (1%)           37M (1%)     
[2026-04-03T01:37:29.831+0600][87.956s][info][gc,heap     ] GC(32) y:   Garbage:         -              2992M (76%)        1020M (26%)           2M (0%)     
[2026-04-03T01:37:29.831+0600][87.956s][info][gc,heap     ] GC(32) y: Allocated:         -               276M (7%)          278M (7%)          676M (17%)    
[2026-04-03T01:37:29.831+0600][87.956s][info][gc,heap     ] GC(32) y: Reclaimed:         -                  -              1972M (50%)        2990M (76%)    
[2026-04-03T01:37:29.831+0600][87.956s][info][gc,heap     ] GC(32) y:  Promoted:         -                  -                 0M (0%)            0M (0%)     
[2026-04-03T01:37:29.831+0600][87.956s][info][gc,heap     ] GC(32) y: Compacted:         -                  -                  -                13M (0%)     
[2026-04-03T01:37:29.831+0600][87.956s][info][gc,phases   ] GC(32) y: Young Generation 3246M(83%)->932M(24%) 0.093s
[2026-04-03T01:37:29.831+0600][87.956s][info][gc          ] GC(32) Minor Collection (Allocation Rate) 3246M(83%)->938M(24%) 0.093s
[2026-04-03T01:37:32.729+0600][90.854s][info][gc          ] GC(33) Minor Collection (High Usage)
[2026-04-03T01:37:32.729+0600][90.854s][info][gc,task     ] GC(33) Using 2 Workers for Young Generation
[2026-04-03T01:37:32.729+0600][90.854s][info][gc,phases   ] GC(33) y: Young Generation
[2026-04-03T01:37:32.729+0600][90.855s][info][gc,phases   ] GC(33) y: Pause Mark Start 0.024ms
[2026-04-03T01:37:32.776+0600][90.902s][info][gc,phases   ] GC(33) y: Concurrent Mark 46.915ms
[2026-04-03T01:37:32.776+0600][90.902s][info][gc,phases   ] GC(33) y: Pause Mark End 0.033ms
[2026-04-03T01:37:32.777+0600][90.902s][info][gc,phases   ] GC(33) y: Concurrent Mark Free 0.002ms
[2026-04-03T01:37:32.777+0600][90.902s][info][gc,phases   ] GC(33) y: Concurrent Reset Relocation Set 0.053ms
[2026-04-03T01:37:32.779+0600][90.904s][info][gc,reloc    ] GC(33) y: Using tenuring threshold: 4 (Computed)
[2026-04-03T01:37:32.780+0600][90.905s][info][gc,phases   ] GC(33) y: Concurrent Select Relocation Set 2.892ms
[2026-04-03T01:37:32.780+0600][90.905s][info][gc,phases   ] GC(33) y: Pause Relocate Start 0.020ms
[2026-04-03T01:37:32.787+0600][90.913s][info][gc,phases   ] GC(33) y: Concurrent Relocate 7.243ms
[2026-04-03T01:37:32.787+0600][90.913s][info][gc,alloc    ] GC(33) y:                         Mark Start        Mark End      Relocate Start    Relocate End   
[2026-04-03T01:37:32.787+0600][90.913s][info][gc,alloc    ] GC(33) y: Allocation Stalls:          0                0                0                0         
[2026-04-03T01:37:32.787+0600][90.913s][info][gc,load     ] GC(33) y: Load: 6.42 (53%) / 9.77 (81%) / 8.07 (67%)
[2026-04-03T01:37:32.787+0600][90.913s][info][gc,mmu      ] GC(33) y: MMU: 2ms/92.9%, 5ms/97.2%, 10ms/98.4%, 20ms/99.2%, 50ms/99.7%, 100ms/99.8%
[2026-04-03T01:37:32.787+0600][90.913s][info][gc,marking  ] GC(33) y: Mark: 2 stripe(s), 2 proactive flush(es), 1 terminate flush(es), 0 completion(s), 0 continuation(s) 
[2026-04-03T01:37:32.787+0600][90.913s][info][gc,marking  ] GC(33) y: Mark Stack Usage: 32M
[2026-04-03T01:37:32.787+0600][90.913s][info][gc,nmethod  ] GC(33) y: NMethods: 14474 registered, 3710 unregistered
[2026-04-03T01:37:32.787+0600][90.913s][info][gc,metaspace] GC(33) y: Metaspace: 129M used, 131M committed, 1152M reserved
[2026-04-03T01:37:32.787+0600][90.913s][info][gc,reloc    ] GC(33) y:                        Candidates     Selected     In-Place         Size        Empty    Relocated 
[2026-04-03T01:37:32.787+0600][90.913s][info][gc,reloc    ] GC(33) y: Small Pages:                  935          475            0        1870M         884M           9M 
[2026-04-03T01:37:32.787+0600][90.913s][info][gc,reloc    ] GC(33) y: Medium Pages:                  12            0            0         384M         384M           0M 
[2026-04-03T01:37:32.787+0600][90.913s][info][gc,reloc    ] GC(33) y: Large Pages:                  141            0            0         846M         846M           0M 
[2026-04-03T01:37:32.787+0600][90.913s][info][gc,reloc    ] GC(33) y: Forwarding Usage: 1M
[2026-04-03T01:37:32.787+0600][90.913s][info][gc,reloc    ] GC(33) y: Age Table:
[2026-04-03T01:37:32.787+0600][90.913s][info][gc,reloc    ] GC(33) y:                    Live             Garbage             Small              Medium             Large        
[2026-04-03T01:37:32.787+0600][90.913s][info][gc,reloc    ] GC(33) y: Eden               8M (0%)         3039M (78%)        915 / 467           12 / 0            139 / 0        
[2026-04-03T01:37:32.787+0600][90.913s][info][gc,reloc    ] GC(33) y: Survivor 1         7M (0%)           24M (1%)          10 / 6              0 / 0              2 / 0        
[2026-04-03T01:37:32.787+0600][90.913s][info][gc,reloc    ] GC(33) y: Survivor 2         7M (0%)            2M (0%)           5 / 1              0 / 0              0 / 0        
[2026-04-03T01:37:32.787+0600][90.913s][info][gc,reloc    ] GC(33) y: Survivor 3         7M (0%)            2M (0%)           5 / 1              0 / 0              0 / 0        
[2026-04-03T01:37:32.787+0600][90.913s][info][gc,heap     ] GC(33) y: Min Capacity: 8M(0%)
[2026-04-03T01:37:32.787+0600][90.913s][info][gc,heap     ] GC(33) y: Max Capacity: 3922M(100%)
[2026-04-03T01:37:32.787+0600][90.913s][info][gc,heap     ] GC(33) y: Soft Max Capacity: 3529M(90%)
[2026-04-03T01:37:32.788+0600][90.913s][info][gc,heap     ] GC(33) y: Heap Statistics:
[2026-04-03T01:37:32.788+0600][90.913s][info][gc,heap     ] GC(33) y:                Mark Start          Mark End        Relocate Start      Relocate End           High               Low         
[2026-04-03T01:37:32.788+0600][90.913s][info][gc,heap     ] GC(33) y:  Capacity:     3922M (100%)       3922M (100%)       3922M (100%)       3922M (100%)       3922M (100%)       3922M (100%)   
[2026-04-03T01:37:32.788+0600][90.913s][info][gc,heap     ] GC(33) y:      Free:      606M (15%)         514M (13%)        2628M (67%)        3556M (91%)        3556M (91%)         514M (13%)    
[2026-04-03T01:37:32.788+0600][90.913s][info][gc,heap     ] GC(33) y:      Used:     3316M (85%)        3408M (87%)        1294M (33%)         366M (9%)         3408M (87%)         366M (9%)     
[2026-04-03T01:37:32.788+0600][90.913s][info][gc,heap     ] GC(33) y: Young Generation Statistics:
[2026-04-03T01:37:32.788+0600][90.913s][info][gc,heap     ] GC(33) y:                Mark Start          Mark End        Relocate Start      Relocate End    
[2026-04-03T01:37:32.788+0600][90.913s][info][gc,heap     ] GC(33) y:      Used:     3100M (79%)        3192M (81%)        1078M (27%)         150M (4%)     
[2026-04-03T01:37:32.788+0600][90.913s][info][gc,heap     ] GC(33) y:      Live:         -                30M (1%)           30M (1%)           30M (1%)     
[2026-04-03T01:37:32.788+0600][90.913s][info][gc,heap     ] GC(33) y:   Garbage:         -              3069M (78%)         955M (24%)           3M (0%)     
[2026-04-03T01:37:32.788+0600][90.913s][info][gc,heap     ] GC(33) y: Allocated:         -                92M (2%)           92M (2%)          115M (3%)     
[2026-04-03T01:37:32.788+0600][90.913s][info][gc,heap     ] GC(33) y: Reclaimed:         -                  -              2114M (54%)        3065M (78%)    
[2026-04-03T01:37:32.788+0600][90.913s][info][gc,heap     ] GC(33) y:  Promoted:         -                  -                 0M (0%)            0M (0%)     
[2026-04-03T01:37:32.788+0600][90.913s][info][gc,heap     ] GC(33) y: Compacted:         -                  -                  -                10M (0%)     
[2026-04-03T01:37:32.788+0600][90.913s][info][gc,phases   ] GC(33) y: Young Generation 3316M(85%)->366M(9%) 0.058s
[2026-04-03T01:37:32.788+0600][90.913s][info][gc          ] GC(33) Minor Collection (High Usage) 3316M(85%)->366M(9%) 0.059s
[2026-04-03T01:37:35.159+0600][93.284s][info][gc          ] GC(34) Minor Collection (Allocation Rate)
[2026-04-03T01:37:35.159+0600][93.284s][info][gc,task     ] GC(34) Using 1 Workers for Young Generation
[2026-04-03T01:37:35.159+0600][93.284s][info][gc,phases   ] GC(34) y: Young Generation
[2026-04-03T01:37:35.159+0600][93.285s][info][gc,phases   ] GC(34) y: Pause Mark Start 0.029ms
[2026-04-03T01:37:35.250+0600][93.376s][info][gc,phases   ] GC(34) y: Concurrent Mark 90.986ms
[2026-04-03T01:37:35.251+0600][93.376s][info][gc,phases   ] GC(34) y: Pause Mark End 0.044ms
[2026-04-03T01:37:35.251+0600][93.376s][info][gc,phases   ] GC(34) y: Concurrent Mark Free 0.003ms
[2026-04-03T01:37:35.251+0600][93.376s][info][gc,phases   ] GC(34) y: Concurrent Reset Relocation Set 0.046ms
[2026-04-03T01:37:35.254+0600][93.379s][info][gc,reloc    ] GC(34) y: Using tenuring threshold: 5 (Computed)
[2026-04-03T01:37:35.254+0600][93.380s][info][gc,phases   ] GC(34) y: Concurrent Select Relocation Set 3.409ms
[2026-04-03T01:37:35.255+0600][93.380s][info][gc,phases   ] GC(34) y: Pause Relocate Start 0.023ms
[2026-04-03T01:37:35.271+0600][93.396s][info][gc,phases   ] GC(34) y: Concurrent Relocate 15.898ms
[2026-04-03T01:37:35.271+0600][93.396s][info][gc,alloc    ] GC(34) y:                         Mark Start        Mark End      Relocate Start    Relocate End   
[2026-04-03T01:37:35.271+0600][93.396s][info][gc,alloc    ] GC(34) y: Allocation Stalls:          0                0                0                0         
[2026-04-03T01:37:35.271+0600][93.396s][info][gc,load     ] GC(34) y: Load: 5.98 (50%) / 9.63 (80%) / 8.03 (67%)
[2026-04-03T01:37:35.271+0600][93.396s][info][gc,mmu      ] GC(34) y: MMU: 2ms/92.9%, 5ms/97.2%, 10ms/98.4%, 20ms/99.2%, 50ms/99.7%, 100ms/99.8%
[2026-04-03T01:37:35.271+0600][93.396s][info][gc,marking  ] GC(34) y: Mark: 1 stripe(s), 2 proactive flush(es), 1 terminate flush(es), 0 completion(s), 0 continuation(s) 
[2026-04-03T01:37:35.271+0600][93.396s][info][gc,marking  ] GC(34) y: Mark Stack Usage: 32M
[2026-04-03T01:37:35.271+0600][93.396s][info][gc,nmethod  ] GC(34) y: NMethods: 14521 registered, 3710 unregistered
[2026-04-03T01:37:35.271+0600][93.396s][info][gc,metaspace] GC(34) y: Metaspace: 129M used, 131M committed, 1152M reserved
[2026-04-03T01:37:35.271+0600][93.396s][info][gc,reloc    ] GC(34) y:                        Candidates     Selected     In-Place         Size        Empty    Relocated 
[2026-04-03T01:37:35.271+0600][93.396s][info][gc,reloc    ] GC(34) y: Small Pages:                  885          484            0        1770M         758M          10M 
[2026-04-03T01:37:35.271+0600][93.396s][info][gc,reloc    ] GC(34) y: Medium Pages:                   9            0            0         288M         288M           0M 
[2026-04-03T01:37:35.271+0600][93.396s][info][gc,reloc    ] GC(34) y: Large Pages:                  171            0            0        1026M        1026M           0M 
[2026-04-03T01:37:35.271+0600][93.396s][info][gc,reloc    ] GC(34) y: Forwarding Usage: 1M
[2026-04-03T01:37:35.271+0600][93.396s][info][gc,reloc    ] GC(34) y: Age Table:
[2026-04-03T01:37:35.271+0600][93.396s][info][gc,reloc    ] GC(34) y:                    Live             Garbage             Small              Medium             Large        
[2026-04-03T01:37:35.271+0600][93.396s][info][gc,reloc    ] GC(34) y: Eden               8M (0%)         3017M (77%)        856 / 471            9 / 0            171 / 0        
[2026-04-03T01:37:35.271+0600][93.396s][info][gc,reloc    ] GC(34) y: Survivor 1         6M (0%)           19M (0%)          13 / 10             0 / 0              0 / 0        
[2026-04-03T01:37:35.271+0600][93.396s][info][gc,reloc    ] GC(34) y: Survivor 2         7M (0%)            4M (0%)           6 / 2              0 / 0              0 / 0        
[2026-04-03T01:37:35.271+0600][93.396s][info][gc,reloc    ] GC(34) y: Survivor 3         7M (0%)            2M (0%)           5 / 1              0 / 0              0 / 0        
[2026-04-03T01:37:35.271+0600][93.396s][info][gc,reloc    ] GC(34) y: Survivor 4         7M (0%)            2M (0%)           5 / 0              0 / 0              0 / 0        
[2026-04-03T01:37:35.271+0600][93.396s][info][gc,heap     ] GC(34) y: Min Capacity: 8M(0%)
[2026-04-03T01:37:35.271+0600][93.396s][info][gc,heap     ] GC(34) y: Max Capacity: 3922M(100%)
[2026-04-03T01:37:35.271+0600][93.396s][info][gc,heap     ] GC(34) y: Soft Max Capacity: 3529M(90%)
[2026-04-03T01:37:35.271+0600][93.396s][info][gc,heap     ] GC(34) y: Heap Statistics:
[2026-04-03T01:37:35.271+0600][93.396s][info][gc,heap     ] GC(34) y:                Mark Start          Mark End        Relocate Start      Relocate End           High               Low         
[2026-04-03T01:37:35.271+0600][93.396s][info][gc,heap     ] GC(34) y:  Capacity:     3922M (100%)       3922M (100%)       3922M (100%)       3922M (100%)       3922M (100%)       3922M (100%)   
[2026-04-03T01:37:35.271+0600][93.396s][info][gc,heap     ] GC(34) y:      Free:      622M (16%)         504M (13%)        2576M (66%)        3524M (90%)        3524M (90%)         504M (13%)    
[2026-04-03T01:37:35.271+0600][93.396s][info][gc,heap     ] GC(34) y:      Used:     3300M (84%)        3418M (87%)        1346M (34%)         398M (10%)        3418M (87%)         398M (10%)    
[2026-04-03T01:37:35.271+0600][93.396s][info][gc,heap     ] GC(34) y: Young Generation Statistics:
[2026-04-03T01:37:35.271+0600][93.396s][info][gc,heap     ] GC(34) y:                Mark Start          Mark End        Relocate Start      Relocate End    
[2026-04-03T01:37:35.271+0600][93.396s][info][gc,heap     ] GC(34) y:      Used:     3084M (79%)        3202M (82%)        1130M (29%)         182M (5%)     
[2026-04-03T01:37:35.271+0600][93.396s][info][gc,heap     ] GC(34) y:      Live:         -                37M (1%)           37M (1%)           37M (1%)     
[2026-04-03T01:37:35.271+0600][93.396s][info][gc,heap     ] GC(34) y:   Garbage:         -              3046M (78%)         974M (25%)           4M (0%)     
[2026-04-03T01:37:35.271+0600][93.397s][info][gc,heap     ] GC(34) y: Allocated:         -               118M (3%)          118M (3%)          140M (4%)     
[2026-04-03T01:37:35.271+0600][93.397s][info][gc,heap     ] GC(34) y: Reclaimed:         -                  -              2072M (53%)        3042M (78%)    
[2026-04-03T01:37:35.271+0600][93.397s][info][gc,heap     ] GC(34) y:  Promoted:         -                  -                 0M (0%)            0M (0%)     
[2026-04-03T01:37:35.271+0600][93.397s][info][gc,heap     ] GC(34) y: Compacted:         -                  -                  -                11M (0%)     
[2026-04-03T01:37:35.271+0600][93.397s][info][gc,phases   ] GC(34) y: Young Generation 3300M(84%)->398M(10%) 0.112s
[2026-04-03T01:37:35.271+0600][93.397s][info][gc          ] GC(34) Minor Collection (Allocation Rate) 3300M(84%)->400M(10%) 0.112s
[2026-04-03T01:37:37.528+0600][95.654s][info][gc          ] GC(35) Minor Collection (High Usage)
[2026-04-03T01:37:37.528+0600][95.654s][info][gc,task     ] GC(35) Using 2 Workers for Young Generation
[2026-04-03T01:37:37.529+0600][95.654s][info][gc,phases   ] GC(35) y: Young Generation
[2026-04-03T01:37:37.529+0600][95.654s][info][gc,phases   ] GC(35) y: Pause Mark Start 0.044ms
[2026-04-03T01:37:37.578+0600][95.704s][info][gc,phases   ] GC(35) y: Concurrent Mark 49.359ms
[2026-04-03T01:37:37.579+0600][95.704s][info][gc,phases   ] GC(35) y: Pause Mark End 0.026ms
[2026-04-03T01:37:37.579+0600][95.704s][info][gc,phases   ] GC(35) y: Concurrent Mark Free 0.002ms
[2026-04-03T01:37:37.579+0600][95.704s][info][gc,phases   ] GC(35) y: Concurrent Reset Relocation Set 0.052ms
[2026-04-03T01:37:37.582+0600][95.708s][info][gc,reloc    ] GC(35) y: Using tenuring threshold: 6 (Computed)
[2026-04-03T01:37:37.583+0600][95.709s][info][gc,phases   ] GC(35) y: Concurrent Select Relocation Set 4.453ms
[2026-04-03T01:37:37.583+0600][95.709s][info][gc,phases   ] GC(35) y: Pause Relocate Start 0.025ms
[2026-04-03T01:37:37.591+0600][95.717s][info][gc,phases   ] GC(35) y: Concurrent Relocate 7.658ms
[2026-04-03T01:37:37.591+0600][95.717s][info][gc,alloc    ] GC(35) y:                         Mark Start        Mark End      Relocate Start    Relocate End   
[2026-04-03T01:37:37.591+0600][95.717s][info][gc,alloc    ] GC(35) y: Allocation Stalls:          0                0                0                0         
[2026-04-03T01:37:37.591+0600][95.717s][info][gc,load     ] GC(35) y: Load: 5.98 (50%) / 9.63 (80%) / 8.03 (67%)
[2026-04-03T01:37:37.591+0600][95.717s][info][gc,mmu      ] GC(35) y: MMU: 2ms/92.9%, 5ms/97.2%, 10ms/98.4%, 20ms/99.2%, 50ms/99.7%, 100ms/99.8%
[2026-04-03T01:37:37.591+0600][95.717s][info][gc,marking  ] GC(35) y: Mark: 2 stripe(s), 2 proactive flush(es), 1 terminate flush(es), 0 completion(s), 0 continuation(s) 
[2026-04-03T01:37:37.591+0600][95.717s][info][gc,marking  ] GC(35) y: Mark Stack Usage: 32M
[2026-04-03T01:37:37.591+0600][95.717s][info][gc,nmethod  ] GC(35) y: NMethods: 14562 registered, 3710 unregistered
[2026-04-03T01:37:37.591+0600][95.717s][info][gc,metaspace] GC(35) y: Metaspace: 129M used, 131M committed, 1152M reserved
[2026-04-03T01:37:37.591+0600][95.717s][info][gc,reloc    ] GC(35) y:                        Candidates     Selected     In-Place         Size        Empty    Relocated 
[2026-04-03T01:37:37.591+0600][95.717s][info][gc,reloc    ] GC(35) y: Small Pages:                  905          463            0        1810M         830M          12M 
[2026-04-03T01:37:37.591+0600][95.717s][info][gc,reloc    ] GC(35) y: Medium Pages:                   9            0            0         288M         288M           0M 
[2026-04-03T01:37:37.591+0600][95.717s][info][gc,reloc    ] GC(35) y: Large Pages:                  171            0            0        1026M        1026M           0M 
[2026-04-03T01:37:37.591+0600][95.717s][info][gc,reloc    ] GC(35) y: Forwarding Usage: 2M
[2026-04-03T01:37:37.591+0600][95.717s][info][gc,reloc    ] GC(35) y: Age Table:
[2026-04-03T01:37:37.591+0600][95.717s][info][gc,reloc    ] GC(35) y:                    Live             Garbage             Small              Medium             Large        
[2026-04-03T01:37:37.591+0600][95.717s][info][gc,reloc    ] GC(35) y: Eden              10M (0%)         3051M (78%)        874 / 453            9 / 0            171 / 0        
[2026-04-03T01:37:37.591+0600][95.717s][info][gc,reloc    ] GC(35) y: Survivor 1         7M (0%)           16M (0%)          12 / 7              0 / 0              0 / 0        
[2026-04-03T01:37:37.591+0600][95.717s][info][gc,reloc    ] GC(35) y: Survivor 2         6M (0%)            1M (0%)           4 / 0              0 / 0              0 / 0        
[2026-04-03T01:37:37.591+0600][95.717s][info][gc,reloc    ] GC(35) y: Survivor 3         7M (0%)            2M (0%)           5 / 0              0 / 0              0 / 0        
[2026-04-03T01:37:37.591+0600][95.717s][info][gc,reloc    ] GC(35) y: Survivor 4         7M (0%)            2M (0%)           5 / 2              0 / 0              0 / 0        
[2026-04-03T01:37:37.591+0600][95.717s][info][gc,reloc    ] GC(35) y: Survivor 5         7M (0%)            2M (0%)           5 / 1              0 / 0              0 / 0        
[2026-04-03T01:37:37.591+0600][95.717s][info][gc,heap     ] GC(35) y: Min Capacity: 8M(0%)
[2026-04-03T01:37:37.591+0600][95.717s][info][gc,heap     ] GC(35) y: Max Capacity: 3922M(100%)
[2026-04-03T01:37:37.591+0600][95.717s][info][gc,heap     ] GC(35) y: Soft Max Capacity: 3529M(90%)
[2026-04-03T01:37:37.591+0600][95.717s][info][gc,heap     ] GC(35) y: Heap Statistics:
[2026-04-03T01:37:37.591+0600][95.717s][info][gc,heap     ] GC(35) y:                Mark Start          Mark End        Relocate Start      Relocate End           High               Low         
[2026-04-03T01:37:37.591+0600][95.717s][info][gc,heap     ] GC(35) y:  Capacity:     3922M (100%)       3922M (100%)       3922M (100%)       3922M (100%)       3922M (100%)       3922M (100%)   
[2026-04-03T01:37:37.592+0600][95.717s][info][gc,heap     ] GC(35) y:      Free:      582M (15%)         498M (13%)        2640M (67%)        3548M (90%)        3548M (90%)         498M (13%)    
[2026-04-03T01:37:37.592+0600][95.717s][info][gc,heap     ] GC(35) y:      Used:     3340M (85%)        3424M (87%)        1282M (33%)         374M (10%)        3424M (87%)         374M (10%)    
[2026-04-03T01:37:37.592+0600][95.717s][info][gc,heap     ] GC(35) y: Young Generation Statistics:
[2026-04-03T01:37:37.592+0600][95.717s][info][gc,heap     ] GC(35) y:                Mark Start          Mark End        Relocate Start      Relocate End    
[2026-04-03T01:37:37.592+0600][95.717s][info][gc,heap     ] GC(35) y:      Used:     3124M (80%)        3208M (82%)        1066M (27%)         158M (4%)     
[2026-04-03T01:37:37.592+0600][95.717s][info][gc,heap     ] GC(35) y:      Live:         -                46M (1%)           46M (1%)           46M (1%)     
[2026-04-03T01:37:37.592+0600][95.717s][info][gc,heap     ] GC(35) y:   Garbage:         -              3077M (78%)         933M (24%)           5M (0%)     
[2026-04-03T01:37:37.592+0600][95.717s][info][gc,heap     ] GC(35) y: Allocated:         -                84M (2%)           86M (2%)          106M (3%)     
[2026-04-03T01:37:37.592+0600][95.717s][info][gc,heap     ] GC(35) y: Reclaimed:         -                  -              2144M (55%)        3072M (78%)    
[2026-04-03T01:37:37.592+0600][95.717s][info][gc,heap     ] GC(35) y:  Promoted:         -                  -                 0M (0%)            0M (0%)     
[2026-04-03T01:37:37.592+0600][95.717s][info][gc,heap     ] GC(35) y: Compacted:         -                  -                  -                13M (0%)     
[2026-04-03T01:37:37.592+0600][95.717s][info][gc,phases   ] GC(35) y: Young Generation 3340M(85%)->374M(10%) 0.063s
[2026-04-03T01:37:37.592+0600][95.717s][info][gc          ] GC(35) Minor Collection (High Usage) 3338M(85%)->374M(10%) 0.063s
[2026-04-03T01:37:39.908+0600][98.033s][info][gc          ] GC(36) Minor Collection (High Usage)
[2026-04-03T01:37:39.908+0600][98.033s][info][gc,task     ] GC(36) Using 2 Workers for Young Generation
[2026-04-03T01:37:39.908+0600][98.033s][info][gc,phases   ] GC(36) y: Young Generation
[2026-04-03T01:37:39.908+0600][98.033s][info][gc,phases   ] GC(36) y: Pause Mark Start 0.015ms
[2026-04-03T01:37:39.970+0600][98.095s][info][gc,phases   ] GC(36) y: Concurrent Mark 61.672ms
[2026-04-03T01:37:39.970+0600][98.095s][info][gc,phases   ] GC(36) y: Pause Mark End 0.022ms
[2026-04-03T01:37:39.970+0600][98.096s][info][gc,phases   ] GC(36) y: Concurrent Mark Free 0.002ms
[2026-04-03T01:37:39.970+0600][98.096s][info][gc,phases   ] GC(36) y: Concurrent Reset Relocation Set 0.038ms
[2026-04-03T01:37:39.974+0600][98.099s][info][gc,reloc    ] GC(36) y: Using tenuring threshold: 6 (Computed)
[2026-04-03T01:37:39.976+0600][98.101s][info][gc,phases   ] GC(36) y: Concurrent Select Relocation Set 5.282ms
[2026-04-03T01:37:39.976+0600][98.101s][info][gc,phases   ] GC(36) y: Pause Relocate Start 0.017ms
[2026-04-03T01:37:39.985+0600][98.110s][info][gc,phases   ] GC(36) y: Concurrent Relocate 9.254ms
[2026-04-03T01:37:39.985+0600][98.111s][info][gc,alloc    ] GC(36) y:                         Mark Start        Mark End      Relocate Start    Relocate End   
[2026-04-03T01:37:39.985+0600][98.111s][info][gc,alloc    ] GC(36) y: Allocation Stalls:          0                0                0                0         
[2026-04-03T01:37:39.985+0600][98.111s][info][gc,load     ] GC(36) y: Load: 6.31 (53%) / 9.63 (80%) / 8.04 (67%)
[2026-04-03T01:37:39.985+0600][98.111s][info][gc,mmu      ] GC(36) y: MMU: 2ms/92.9%, 5ms/97.2%, 10ms/98.4%, 20ms/99.2%, 50ms/99.7%, 100ms/99.8%
[2026-04-03T01:37:39.985+0600][98.111s][info][gc,marking  ] GC(36) y: Mark: 2 stripe(s), 2 proactive flush(es), 1 terminate flush(es), 0 completion(s), 0 continuation(s) 
[2026-04-03T01:37:39.985+0600][98.111s][info][gc,marking  ] GC(36) y: Mark Stack Usage: 32M
[2026-04-03T01:37:39.985+0600][98.111s][info][gc,nmethod  ] GC(36) y: NMethods: 14641 registered, 3710 unregistered
[2026-04-03T01:37:39.985+0600][98.111s][info][gc,metaspace] GC(36) y: Metaspace: 129M used, 131M committed, 1152M reserved
[2026-04-03T01:37:39.985+0600][98.111s][info][gc,reloc    ] GC(36) y:                        Candidates     Selected     In-Place         Size        Empty    Relocated 
[2026-04-03T01:37:39.985+0600][98.111s][info][gc,reloc    ] GC(36) y: Small Pages:                  876          445            0        1752M         800M          11M 
[2026-04-03T01:37:39.985+0600][98.111s][info][gc,reloc    ] GC(36) y: Medium Pages:                  10            0            0         320M         320M           0M 
[2026-04-03T01:37:39.985+0600][98.111s][info][gc,reloc    ] GC(36) y: Large Pages:                  172            0            0        1032M        1032M           0M 
[2026-04-03T01:37:39.985+0600][98.111s][info][gc,reloc    ] GC(36) y: Forwarding Usage: 2M
[2026-04-03T01:37:39.985+0600][98.111s][info][gc,reloc    ] GC(36) y: Age Table:
[2026-04-03T01:37:39.985+0600][98.111s][info][gc,reloc    ] GC(36) y:                    Live             Garbage             Small              Medium             Large        
[2026-04-03T01:37:39.985+0600][98.111s][info][gc,reloc    ] GC(36) y: Eden               8M (0%)         3031M (77%)        844 / 438           10 / 0            172 / 0        
[2026-04-03T01:37:39.985+0600][98.111s][info][gc,reloc    ] GC(36) y: Survivor 1         7M (0%)            6M (0%)           7 / 2              0 / 0              0 / 0        
[2026-04-03T01:37:39.985+0600][98.111s][info][gc,reloc    ] GC(36) y: Survivor 2         7M (0%)            4M (0%)           6 / 2              0 / 0              0 / 0        
[2026-04-03T01:37:39.985+0600][98.111s][info][gc,reloc    ] GC(36) y: Survivor 3         6M (0%)            1M (0%)           4 / 0              0 / 0              0 / 0        
[2026-04-03T01:37:39.985+0600][98.111s][info][gc,reloc    ] GC(36) y: Survivor 4         7M (0%)            2M (0%)           5 / 0              0 / 0              0 / 0        
[2026-04-03T01:37:39.985+0600][98.111s][info][gc,reloc    ] GC(36) y: Survivor 5         7M (0%)            2M (0%)           5 / 2              0 / 0              0 / 0        
[2026-04-03T01:37:39.985+0600][98.111s][info][gc,reloc    ] GC(36) y: Survivor 6         7M (0%)            2M (0%)           5 / 1              0 / 0              0 / 0        
[2026-04-03T01:37:39.985+0600][98.111s][info][gc,heap     ] GC(36) y: Min Capacity: 8M(0%)
[2026-04-03T01:37:39.985+0600][98.111s][info][gc,heap     ] GC(36) y: Max Capacity: 3922M(100%)
[2026-04-03T01:37:39.985+0600][98.111s][info][gc,heap     ] GC(36) y: Soft Max Capacity: 3529M(90%)
[2026-04-03T01:37:39.985+0600][98.111s][info][gc,heap     ] GC(36) y: Heap Statistics:
[2026-04-03T01:37:39.985+0600][98.111s][info][gc,heap     ] GC(36) y:                Mark Start          Mark End        Relocate Start      Relocate End           High               Low         
[2026-04-03T01:37:39.985+0600][98.111s][info][gc,heap     ] GC(36) y:  Capacity:     3922M (100%)       3922M (100%)       3922M (100%)       3922M (100%)       3922M (100%)       3922M (100%)   
[2026-04-03T01:37:39.985+0600][98.111s][info][gc,heap     ] GC(36) y:      Free:      602M (15%)         518M (13%)        2668M (68%)        3540M (90%)        3542M (90%)         518M (13%)    
[2026-04-03T01:37:39.986+0600][98.111s][info][gc,heap     ] GC(36) y:      Used:     3320M (85%)        3404M (87%)        1254M (32%)         382M (10%)        3404M (87%)         380M (10%)    
[2026-04-03T01:37:39.986+0600][98.111s][info][gc,heap     ] GC(36) y: Young Generation Statistics:
[2026-04-03T01:37:39.986+0600][98.111s][info][gc,heap     ] GC(36) y:                Mark Start          Mark End        Relocate Start      Relocate End    
[2026-04-03T01:37:39.986+0600][98.111s][info][gc,heap     ] GC(36) y:      Used:     3104M (79%)        3188M (81%)        1030M (26%)         156M (4%)     
[2026-04-03T01:37:39.986+0600][98.111s][info][gc,heap     ] GC(36) y:      Live:         -                53M (1%)           46M (1%)           45M (1%)     
[2026-04-03T01:37:39.986+0600][98.111s][info][gc,heap     ] GC(36) y:   Garbage:         -              3050M (78%)         897M (23%)           5M (0%)     
[2026-04-03T01:37:39.986+0600][98.111s][info][gc,heap     ] GC(36) y: Allocated:         -                84M (2%)           86M (2%)          105M (3%)     
[2026-04-03T01:37:39.986+0600][98.111s][info][gc,heap     ] GC(36) y: Reclaimed:         -                  -              2153M (55%)        3045M (78%)    
[2026-04-03T01:37:39.986+0600][98.111s][info][gc,heap     ] GC(36) y:  Promoted:         -                  -                 6M (0%)            7M (0%)     
[2026-04-03T01:37:39.986+0600][98.111s][info][gc,heap     ] GC(36) y: Compacted:         -                  -                  -                12M (0%)     
[2026-04-03T01:37:39.986+0600][98.111s][info][gc,phases   ] GC(36) y: Young Generation 3320M(85%)->382M(10%) 0.077s
[2026-04-03T01:37:39.986+0600][98.111s][info][gc          ] GC(36) Minor Collection (High Usage) 3320M(85%)->382M(10%) 0.078s
[2026-04-03T01:37:42.321+0600][100.446s][info][gc          ] GC(37) Minor Collection (Allocation Rate)
[2026-04-03T01:37:42.321+0600][100.446s][info][gc,task     ] GC(37) Using 2 Workers for Young Generation
[2026-04-03T01:37:42.321+0600][100.446s][info][gc,phases   ] GC(37) y: Young Generation
[2026-04-03T01:37:42.321+0600][100.446s][info][gc,phases   ] GC(37) y: Pause Mark Start 0.014ms
[2026-04-03T01:37:42.363+0600][100.488s][info][gc,phases   ] GC(37) y: Concurrent Mark 41.563ms
[2026-04-03T01:37:42.363+0600][100.488s][info][gc,phases   ] GC(37) y: Pause Mark End 0.033ms
[2026-04-03T01:37:42.363+0600][100.489s][info][gc,phases   ] GC(37) y: Concurrent Mark Free 0.002ms
[2026-04-03T01:37:42.363+0600][100.489s][info][gc,phases   ] GC(37) y: Concurrent Reset Relocation Set 0.034ms
[2026-04-03T01:37:42.365+0600][100.490s][info][gc,reloc    ] GC(37) y: Using tenuring threshold: 6 (Computed)
[2026-04-03T01:37:42.366+0600][100.492s][info][gc,phases   ] GC(37) y: Concurrent Select Relocation Set 3.073ms
[2026-04-03T01:37:42.367+0600][100.492s][info][gc,phases   ] GC(37) y: Pause Relocate Start 0.018ms
[2026-04-03T01:37:42.373+0600][100.499s][info][gc,phases   ] GC(37) y: Concurrent Relocate 6.595ms
[2026-04-03T01:37:42.374+0600][100.499s][info][gc,alloc    ] GC(37) y:                         Mark Start        Mark End      Relocate Start    Relocate End   
[2026-04-03T01:37:42.374+0600][100.499s][info][gc,alloc    ] GC(37) y: Allocation Stalls:          0                0                0                0         
[2026-04-03T01:37:42.374+0600][100.499s][info][gc,load     ] GC(37) y: Load: 6.31 (53%) / 9.63 (80%) / 8.04 (67%)
[2026-04-03T01:37:42.374+0600][100.499s][info][gc,mmu      ] GC(37) y: MMU: 2ms/92.9%, 5ms/97.2%, 10ms/98.4%, 20ms/99.2%, 50ms/99.7%, 100ms/99.8%
[2026-04-03T01:37:42.374+0600][100.499s][info][gc,marking  ] GC(37) y: Mark: 2 stripe(s), 2 proactive flush(es), 1 terminate flush(es), 0 completion(s), 0 continuation(s) 
[2026-04-03T01:37:42.374+0600][100.499s][info][gc,marking  ] GC(37) y: Mark Stack Usage: 32M
[2026-04-03T01:37:42.374+0600][100.499s][info][gc,nmethod  ] GC(37) y: NMethods: 14693 registered, 3710 unregistered
[2026-04-03T01:37:42.374+0600][100.499s][info][gc,metaspace] GC(37) y: Metaspace: 129M used, 131M committed, 1152M reserved
[2026-04-03T01:37:42.374+0600][100.499s][info][gc,reloc    ] GC(37) y:                        Candidates     Selected     In-Place         Size        Empty    Relocated 
[2026-04-03T01:37:42.374+0600][100.499s][info][gc,reloc    ] GC(37) y: Small Pages:                  887          447            0        1774M         818M          10M 
[2026-04-03T01:37:42.374+0600][100.499s][info][gc,reloc    ] GC(37) y: Medium Pages:                   9            0            0         288M         288M           0M 
[2026-04-03T01:37:42.374+0600][100.499s][info][gc,reloc    ] GC(37) y: Large Pages:                  171            0            0        1026M        1026M           0M 
[2026-04-03T01:37:42.374+0600][100.499s][info][gc,reloc    ] GC(37) y: Forwarding Usage: 1M
[2026-04-03T01:37:42.374+0600][100.499s][info][gc,reloc    ] GC(37) y: Age Table:
[2026-04-03T01:37:42.374+0600][100.499s][info][gc,reloc    ] GC(37) y:                    Live             Garbage             Small              Medium             Large        
[2026-04-03T01:37:42.374+0600][100.499s][info][gc,reloc    ] GC(37) y: Eden               7M (0%)         3014M (77%)        854 / 440            9 / 0            171 / 0        
[2026-04-03T01:37:42.374+0600][100.499s][info][gc,reloc    ] GC(37) y: Survivor 1         8M (0%)            5M (0%)           7 / 3              0 / 0              0 / 0        
[2026-04-03T01:37:42.374+0600][100.499s][info][gc,reloc    ] GC(37) y: Survivor 2         7M (0%)            4M (0%)           6 / 1              0 / 0              0 / 0        
[2026-04-03T01:37:42.374+0600][100.499s][info][gc,reloc    ] GC(37) y: Survivor 3         7M (0%)            4M (0%)           6 / 2              0 / 0              0 / 0        
[2026-04-03T01:37:42.374+0600][100.499s][info][gc,reloc    ] GC(37) y: Survivor 4         6M (0%)            1M (0%)           4 / 0              0 / 0              0 / 0        
[2026-04-03T01:37:42.374+0600][100.499s][info][gc,reloc    ] GC(37) y: Survivor 5         7M (0%)            2M (0%)           5 / 1              0 / 0              0 / 0        
[2026-04-03T01:37:42.374+0600][100.499s][info][gc,reloc    ] GC(37) y: Survivor 6         7M (0%)            2M (0%)           5 / 0              0 / 0              0 / 0        
[2026-04-03T01:37:42.374+0600][100.499s][info][gc,heap     ] GC(37) y: Min Capacity: 8M(0%)
[2026-04-03T01:37:42.374+0600][100.499s][info][gc,heap     ] GC(37) y: Max Capacity: 3922M(100%)
[2026-04-03T01:37:42.374+0600][100.499s][info][gc,heap     ] GC(37) y: Soft Max Capacity: 3529M(90%)
[2026-04-03T01:37:42.374+0600][100.499s][info][gc,heap     ] GC(37) y: Heap Statistics:
[2026-04-03T01:37:42.374+0600][100.499s][info][gc,heap     ] GC(37) y:                Mark Start          Mark End        Relocate Start      Relocate End           High               Low         
[2026-04-03T01:37:42.374+0600][100.499s][info][gc,heap     ] GC(37) y:  Capacity:     3922M (100%)       3922M (100%)       3922M (100%)       3922M (100%)       3922M (100%)       3922M (100%)   
[2026-04-03T01:37:42.374+0600][100.499s][info][gc,heap     ] GC(37) y:      Free:      608M (16%)         584M (15%)        2714M (69%)        3596M (92%)        3596M (92%)         584M (15%)    
[2026-04-03T01:37:42.374+0600][100.499s][info][gc,heap     ] GC(37) y:      Used:     3314M (84%)        3338M (85%)        1208M (31%)         326M (8%)         3338M (85%)         326M (8%)     
[2026-04-03T01:37:42.374+0600][100.499s][info][gc,heap     ] GC(37) y: Young Generation Statistics:
[2026-04-03T01:37:42.374+0600][100.499s][info][gc,heap     ] GC(37) y:                Mark Start          Mark End        Relocate Start      Relocate End    
[2026-04-03T01:37:42.374+0600][100.499s][info][gc,heap     ] GC(37) y:      Used:     3088M (79%)        3112M (79%)         974M (25%)          90M (2%)     
[2026-04-03T01:37:42.374+0600][100.499s][info][gc,heap     ] GC(37) y:      Live:         -                53M (1%)           46M (1%)           46M (1%)     
[2026-04-03T01:37:42.374+0600][100.499s][info][gc,heap     ] GC(37) y:   Garbage:         -              3034M (77%)         901M (23%)           4M (0%)     
[2026-04-03T01:37:42.374+0600][100.499s][info][gc,heap     ] GC(37) y: Allocated:         -                24M (1%)           26M (1%)           38M (1%)     
[2026-04-03T01:37:42.374+0600][100.499s][info][gc,heap     ] GC(37) y: Reclaimed:         -                  -              2133M (54%)        3029M (77%)    
[2026-04-03T01:37:42.374+0600][100.499s][info][gc,heap     ] GC(37) y:  Promoted:         -                  -                 6M (0%)            7M (0%)     
[2026-04-03T01:37:42.374+0600][100.499s][info][gc,heap     ] GC(37) y: Compacted:         -                  -                  -                11M (0%)     
[2026-04-03T01:37:42.374+0600][100.499s][info][gc,phases   ] GC(37) y: Young Generation 3314M(84%)->326M(8%) 0.053s
[2026-04-03T01:37:42.374+0600][100.499s][info][gc          ] GC(37) Minor Collection (Allocation Rate) 3314M(84%)->326M(8%) 0.053s
[2026-04-03T01:37:44.554+0600][102.680s][info][gc          ] GC(38) Minor Collection (Allocation Rate)
[2026-04-03T01:37:44.554+0600][102.680s][info][gc,task     ] GC(38) Using 1 Workers for Young Generation
[2026-04-03T01:37:44.554+0600][102.680s][info][gc,phases   ] GC(38) y: Young Generation
[2026-04-03T01:37:44.555+0600][102.680s][info][gc,phases   ] GC(38) y: Pause Mark Start 0.016ms
[2026-04-03T01:37:44.626+0600][102.751s][info][gc,phases   ] GC(38) y: Concurrent Mark 70.899ms
[2026-04-03T01:37:44.626+0600][102.751s][info][gc,phases   ] GC(38) y: Pause Mark End 0.020ms
[2026-04-03T01:37:44.626+0600][102.751s][info][gc,phases   ] GC(38) y: Concurrent Mark Free 0.001ms
[2026-04-03T01:37:44.626+0600][102.751s][info][gc,phases   ] GC(38) y: Concurrent Reset Relocation Set 0.040ms
[2026-04-03T01:37:44.627+0600][102.753s][info][gc,reloc    ] GC(38) y: Using tenuring threshold: 6 (Computed)
[2026-04-03T01:37:44.630+0600][102.756s][info][gc,phases   ] GC(38) y: Concurrent Select Relocation Set 4.583ms
[2026-04-03T01:37:44.631+0600][102.756s][info][gc,phases   ] GC(38) y: Pause Relocate Start 0.021ms
[2026-04-03T01:37:44.645+0600][102.770s][info][gc,phases   ] GC(38) y: Concurrent Relocate 13.935ms
[2026-04-03T01:37:44.645+0600][102.770s][info][gc,alloc    ] GC(38) y:                         Mark Start        Mark End      Relocate Start    Relocate End   
[2026-04-03T01:37:44.645+0600][102.770s][info][gc,alloc    ] GC(38) y: Allocation Stalls:          0                0                0                0         
[2026-04-03T01:37:44.645+0600][102.770s][info][gc,load     ] GC(38) y: Load: 5.80 (48%) / 9.47 (79%) / 8.00 (67%)
[2026-04-03T01:37:44.645+0600][102.770s][info][gc,mmu      ] GC(38) y: MMU: 2ms/92.9%, 5ms/97.2%, 10ms/98.4%, 20ms/99.2%, 50ms/99.7%, 100ms/99.8%
[2026-04-03T01:37:44.645+0600][102.770s][info][gc,marking  ] GC(38) y: Mark: 1 stripe(s), 2 proactive flush(es), 1 terminate flush(es), 0 completion(s), 0 continuation(s) 
[2026-04-03T01:37:44.645+0600][102.770s][info][gc,marking  ] GC(38) y: Mark Stack Usage: 32M
[2026-04-03T01:37:44.645+0600][102.770s][info][gc,nmethod  ] GC(38) y: NMethods: 14734 registered, 3710 unregistered
[2026-04-03T01:37:44.645+0600][102.770s][info][gc,metaspace] GC(38) y: Metaspace: 129M used, 131M committed, 1152M reserved
[2026-04-03T01:37:44.645+0600][102.770s][info][gc,reloc    ] GC(38) y:                        Candidates     Selected     In-Place         Size        Empty    Relocated 
[2026-04-03T01:37:44.645+0600][102.770s][info][gc,reloc    ] GC(38) y: Small Pages:                  854          442            0        1708M         762M          10M 
[2026-04-03T01:37:44.645+0600][102.770s][info][gc,reloc    ] GC(38) y: Medium Pages:                   9            0            0         288M         288M           0M 
[2026-04-03T01:37:44.645+0600][102.770s][info][gc,reloc    ] GC(38) y: Large Pages:                  169            0            0        1014M        1014M           0M 
[2026-04-03T01:37:44.645+0600][102.770s][info][gc,reloc    ] GC(38) y: Forwarding Usage: 1M
[2026-04-03T01:37:44.645+0600][102.770s][info][gc,reloc    ] GC(38) y: Age Table:
[2026-04-03T01:37:44.645+0600][102.770s][info][gc,reloc    ] GC(38) y:                    Live             Garbage             Small              Medium             Large        
[2026-04-03T01:37:44.645+0600][102.770s][info][gc,reloc    ] GC(38) y: Eden               8M (0%)         2939M (75%)        823 / 437            9 / 0            169 / 0        
[2026-04-03T01:37:44.645+0600][102.770s][info][gc,reloc    ] GC(38) y: Survivor 1         7M (0%)            2M (0%)           5 / 1              0 / 0              0 / 0        
[2026-04-03T01:37:44.645+0600][102.770s][info][gc,reloc    ] GC(38) y: Survivor 2         8M (0%)            3M (0%)           6 / 1              0 / 0              0 / 0        
[2026-04-03T01:37:44.645+0600][102.770s][info][gc,reloc    ] GC(38) y: Survivor 3         7M (0%)            4M (0%)           6 / 1              0 / 0              0 / 0        
[2026-04-03T01:37:44.645+0600][102.770s][info][gc,reloc    ] GC(38) y: Survivor 4         7M (0%)            2M (0%)           5 / 1              0 / 0              0 / 0        
[2026-04-03T01:37:44.645+0600][102.770s][info][gc,reloc    ] GC(38) y: Survivor 5         6M (0%)            1M (0%)           4 / 0              0 / 0              0 / 0        
[2026-04-03T01:37:44.645+0600][102.770s][info][gc,reloc    ] GC(38) y: Survivor 6         7M (0%)            2M (0%)           5 / 1              0 / 0              0 / 0        
[2026-04-03T01:37:44.645+0600][102.770s][info][gc,heap     ] GC(38) y: Min Capacity: 8M(0%)
[2026-04-03T01:37:44.645+0600][102.770s][info][gc,heap     ] GC(38) y: Max Capacity: 3922M(100%)
[2026-04-03T01:37:44.645+0600][102.770s][info][gc,heap     ] GC(38) y: Soft Max Capacity: 3529M(90%)
[2026-04-03T01:37:44.645+0600][102.770s][info][gc,heap     ] GC(38) y: Heap Statistics:
[2026-04-03T01:37:44.645+0600][102.770s][info][gc,heap     ] GC(38) y:                Mark Start          Mark End        Relocate Start      Relocate End           High               Low         
[2026-04-03T01:37:44.645+0600][102.770s][info][gc,heap     ] GC(38) y:  Capacity:     3922M (100%)       3922M (100%)       3922M (100%)       3922M (100%)       3922M (100%)       3922M (100%)   
[2026-04-03T01:37:44.645+0600][102.770s][info][gc,heap     ] GC(38) y:      Free:      676M (17%)         632M (16%)        2694M (69%)        3566M (91%)        3568M (91%)         632M (16%)    
[2026-04-03T01:37:44.645+0600][102.770s][info][gc,heap     ] GC(38) y:      Used:     3246M (83%)        3290M (84%)        1228M (31%)         356M (9%)         3290M (84%)         354M (9%)     
[2026-04-03T01:37:44.645+0600][102.770s][info][gc,heap     ] GC(38) y: Young Generation Statistics:
[2026-04-03T01:37:44.645+0600][102.770s][info][gc,heap     ] GC(38) y:                Mark Start          Mark End        Relocate Start      Relocate End    
[2026-04-03T01:37:44.645+0600][102.770s][info][gc,heap     ] GC(38) y:      Used:     3010M (77%)        3054M (78%)         984M (25%)         110M (3%)     
[2026-04-03T01:37:44.645+0600][102.770s][info][gc,heap     ] GC(38) y:      Live:         -                54M (1%)           47M (1%)           46M (1%)     
[2026-04-03T01:37:44.645+0600][102.770s][info][gc,heap     ] GC(38) y:   Garbage:         -              2955M (75%)         890M (23%)           4M (0%)     
[2026-04-03T01:37:44.645+0600][102.770s][info][gc,heap     ] GC(38) y: Allocated:         -                44M (1%)           46M (1%)           59M (2%)     
[2026-04-03T01:37:44.645+0600][102.770s][info][gc,heap     ] GC(38) y: Reclaimed:         -                  -              2065M (53%)        2951M (75%)    
[2026-04-03T01:37:44.645+0600][102.770s][info][gc,heap     ] GC(38) y:  Promoted:         -                  -                 6M (0%)            7M (0%)     
[2026-04-03T01:37:44.645+0600][102.770s][info][gc,heap     ] GC(38) y: Compacted:         -                  -                  -                10M (0%)     
[2026-04-03T01:37:44.645+0600][102.770s][info][gc,phases   ] GC(38) y: Young Generation 3246M(83%)->356M(9%) 0.090s
[2026-04-03T01:37:44.645+0600][102.770s][info][gc          ] GC(38) Minor Collection (Allocation Rate) 3246M(83%)->358M(9%) 0.091s
[2026-04-03T01:37:47.742+0600][105.867s][info][gc,exit     ] Stopping ZGC
[2026-04-03T01:37:47.742+0600][105.868s][info][gc,stats    ] === Garbage Collection Statistics =======================================================================================================================
[2026-04-03T01:37:47.743+0600][105.868s][info][gc,stats    ]                                                              Last 10s              Last 10m              Last 10h                Total
[2026-04-03T01:37:47.743+0600][105.868s][info][gc,stats    ]                                                              Avg / Max             Avg / Max             Avg / Max             Avg / Max
[2026-04-03T01:37:47.743+0600][105.868s][info][gc,stats    ]        Contention: Mark Segment Reset Contention                     0 / 3                 3 / 197               3 / 197               3 / 197         ops/s
[2026-04-03T01:37:47.743+0600][105.868s][info][gc,stats    ]        Contention: Mark SeqNum Reset Contention                      0 / 0                 0 / 5                 0 / 5                 0 / 5           ops/s
[2026-04-03T01:37:47.743+0600][105.868s][info][gc,stats    ]          Critical: Allocation Stall                                  0 / 0                 0 / 0                 0 / 0                 0 / 0           ops/s
[2026-04-03T01:37:47.743+0600][105.868s][info][gc,stats    ]          Critical: Allocation Stall                              0.000 / 0.000         0.000 / 0.000         0.000 / 0.000         0.000 / 0.000       ms
[2026-04-03T01:37:47.743+0600][105.868s][info][gc,stats    ]          Critical: JNI Critical Stall                                0 / 1                 1 / 16                1 / 16                1 / 16          ops/s
[2026-04-03T01:37:47.743+0600][105.868s][info][gc,stats    ]          Critical: JNI Critical Stall                            0.386 / 0.488         1.667 / 26.998        1.667 / 26.998        1.667 / 26.998      ms
[2026-04-03T01:37:47.743+0600][105.868s][info][gc,stats    ]          Critical: Relocation Stall                                  0 / 0                 0 / 0                 0 / 0                 0 / 0           ops/s
[2026-04-03T01:37:47.743+0600][105.868s][info][gc,stats    ]          Critical: Relocation Stall                              0.000 / 0.000         0.000 / 0.000         0.000 / 0.000         0.000 / 0.000       ms
[2026-04-03T01:37:47.743+0600][105.868s][info][gc,stats    ]  Major Collection: Major Collection                              0.000 / 0.000       219.385 / 322.987     219.385 / 322.987     219.385 / 322.987     ms
[2026-04-03T01:37:47.743+0600][105.868s][info][gc,stats    ]            Memory: Allocation Rate                                1297 / 1932            890 / 1940            890 / 1940            890 / 1940        MB/s
[2026-04-03T01:37:47.743+0600][105.868s][info][gc,stats    ]            Memory: Defragment                                        0 / 0                 8 / 184               8 / 184               8 / 184         ops/s
[2026-04-03T01:37:47.743+0600][105.868s][info][gc,stats    ]            Memory: Out Of Memory                                     0 / 0                 0 / 0                 0 / 0                 0 / 0           ops/s
[2026-04-03T01:37:47.743+0600][105.868s][info][gc,stats    ]            Memory: Page Cache Flush                                  0 / 0                20 / 368              20 / 368              20 / 368         MB/s
[2026-04-03T01:37:47.743+0600][105.868s][info][gc,stats    ]            Memory: Page Cache Hit L1                               455 / 603             299 / 622             299 / 622             299 / 622         ops/s
[2026-04-03T01:37:47.743+0600][105.868s][info][gc,stats    ]            Memory: Page Cache Hit L2                                 0 / 0                 0 / 0                 0 / 0                 0 / 0           ops/s
[2026-04-03T01:37:47.743+0600][105.868s][info][gc,stats    ]            Memory: Page Cache Hit L3                                 0 / 0                 9 / 123               9 / 123               9 / 123         ops/s
[2026-04-03T01:37:47.743+0600][105.868s][info][gc,stats    ]            Memory: Page Cache Miss                                   0 / 0                 5 / 82                5 / 82                5 / 82          ops/s
[2026-04-03T01:37:47.743+0600][105.868s][info][gc,stats    ]            Memory: Uncommit                                          0 / 0                 0 / 0                 0 / 0                 0 / 0           MB/s
[2026-04-03T01:37:47.743+0600][105.868s][info][gc,stats    ]            Memory: Undo Object Allocation Failed                     0 / 0                 0 / 0                 0 / 0                 0 / 0           ops/s
[2026-04-03T01:37:47.743+0600][105.868s][info][gc,stats    ]            Memory: Undo Object Allocation Succeeded                  0 / 0                 0 / 17                0 / 17                0 / 17          ops/s
[2026-04-03T01:37:47.743+0600][105.868s][info][gc,stats    ]            Memory: Undo Page Allocation                              0 / 1                 0 / 8                 0 / 8                 0 / 8           ops/s
[2026-04-03T01:37:47.743+0600][105.868s][info][gc,stats    ]  Minor Collection: Minor Collection                             71.268 / 90.785      114.486 / 207.960     114.486 / 207.960     114.486 / 207.960     ms
[2026-04-03T01:37:47.743+0600][105.868s][info][gc,stats    ]    Old Generation: Old Generation                                0.000 / 0.000        93.996 / 225.027      93.996 / 225.027      93.996 / 225.027     ms
[2026-04-03T01:37:47.743+0600][105.868s][info][gc,stats    ]         Old Pause: Pause Mark End                                0.000 / 0.000         0.023 / 0.046         0.023 / 0.046         0.023 / 0.046       ms
[2026-04-03T01:37:47.743+0600][105.868s][info][gc,stats    ]         Old Pause: Pause Relocate Start                          0.000 / 0.000         0.023 / 0.028         0.023 / 0.028         0.023 / 0.028       ms
[2026-04-03T01:37:47.743+0600][105.868s][info][gc,stats    ]         Old Phase: Concurrent Mark                               0.000 / 0.000        35.047 / 128.665      35.047 / 128.665      35.047 / 128.665     ms
[2026-04-03T01:37:47.743+0600][105.868s][info][gc,stats    ]         Old Phase: Concurrent Mark Continue                      0.000 / 0.000         0.000 / 0.000         0.000 / 0.000         0.000 / 0.000       ms
[2026-04-03T01:37:47.743+0600][105.868s][info][gc,stats    ]         Old Phase: Concurrent Mark Free                          0.000 / 0.000         0.003 / 0.020         0.003 / 0.020         0.003 / 0.020       ms
[2026-04-03T01:37:47.743+0600][105.868s][info][gc,stats    ]         Old Phase: Concurrent Process Non-Strong                 0.000 / 0.000        20.459 / 42.669       20.459 / 42.669       20.459 / 42.669      ms
[2026-04-03T01:37:47.743+0600][105.868s][info][gc,stats    ]         Old Phase: Concurrent Relocate                           0.000 / 0.000         9.198 / 31.761        9.198 / 31.761        9.198 / 31.761      ms
[2026-04-03T01:37:47.743+0600][105.868s][info][gc,stats    ]         Old Phase: Concurrent Remap Roots                        0.000 / 0.000        23.547 / 28.112       23.547 / 28.112       23.547 / 28.112      ms
[2026-04-03T01:37:47.743+0600][105.868s][info][gc,stats    ]         Old Phase: Concurrent Reset Relocation Set               0.000 / 0.000         0.003 / 0.012         0.003 / 0.012         0.003 / 0.012       ms
[2026-04-03T01:37:47.743+0600][105.868s][info][gc,stats    ]         Old Phase: Concurrent Select Relocation Set              0.000 / 0.000         4.741 / 12.968        4.741 / 12.968        4.741 / 12.968      ms
[2026-04-03T01:37:47.743+0600][105.868s][info][gc,stats    ]      Old Subphase: Concurrent Classes Purge                      0.000 / 0.000         1.109 / 4.545         1.109 / 4.545         1.109 / 4.545       ms
[2026-04-03T01:37:47.743+0600][105.868s][info][gc,stats    ]      Old Subphase: Concurrent Classes Unlink                     0.000 / 0.000        15.981 / 33.583       15.981 / 33.583       15.981 / 33.583      ms
[2026-04-03T01:37:47.743+0600][105.868s][info][gc,stats    ]      Old Subphase: Concurrent Mark Follow                        0.000 / 0.000        34.143 / 126.939      34.143 / 126.939      34.143 / 126.939     ms
[2026-04-03T01:37:47.743+0600][105.868s][info][gc,stats    ]      Old Subphase: Concurrent Mark Root Colored                  0.000 / 0.000         0.205 / 0.436         0.205 / 0.436         0.205 / 0.436       ms
[2026-04-03T01:37:47.743+0600][105.868s][info][gc,stats    ]      Old Subphase: Concurrent Mark Root Uncolored                0.000 / 0.000         0.578 / 1.232         0.578 / 1.232         0.578 / 1.232       ms
[2026-04-03T01:37:47.743+0600][105.868s][info][gc,stats    ]      Old Subphase: Concurrent Mark Roots                         0.000 / 0.000         0.898 / 1.890         0.898 / 1.890         0.898 / 1.890       ms
[2026-04-03T01:37:47.743+0600][105.868s][info][gc,stats    ]      Old Subphase: Concurrent References Enqueue                 0.000 / 0.000         0.004 / 0.012         0.004 / 0.012         0.004 / 0.012       ms
[2026-04-03T01:37:47.743+0600][105.868s][info][gc,stats    ]      Old Subphase: Concurrent References Process                 0.000 / 0.000         0.668 / 2.185         0.668 / 2.185         0.668 / 2.185       ms
[2026-04-03T01:37:47.743+0600][105.868s][info][gc,stats    ]      Old Subphase: Concurrent Remap Remembered                   0.000 / 0.000        17.921 / 22.001       17.921 / 22.001       17.921 / 22.001      ms
[2026-04-03T01:37:47.743+0600][105.868s][info][gc,stats    ]      Old Subphase: Concurrent Remap Roots Colored                0.000 / 0.000         2.189 / 7.397         2.189 / 7.397         2.189 / 7.397       ms
[2026-04-03T01:37:47.743+0600][105.868s][info][gc,stats    ]      Old Subphase: Concurrent Remap Roots Uncolored              0.000 / 0.000         3.170 / 6.303         3.170 / 6.303         3.170 / 6.303       ms
[2026-04-03T01:37:47.743+0600][105.868s][info][gc,stats    ]      Old Subphase: Concurrent Roots ClassLoaderDataGraph         0.000 / 0.000         1.234 / 6.963         1.234 / 6.963         1.234 / 6.963       ms
[2026-04-03T01:37:47.743+0600][105.868s][info][gc,stats    ]      Old Subphase: Concurrent Roots CodeCache                    0.000 / 0.000         3.138 / 6.225         3.138 / 6.225         3.138 / 6.225       ms
[2026-04-03T01:37:47.743+0600][105.868s][info][gc,stats    ]      Old Subphase: Concurrent Roots JavaThreads                  0.000 / 0.000         0.195 / 1.231         0.195 / 1.231         0.195 / 1.231       ms
[2026-04-03T01:37:47.743+0600][105.868s][info][gc,stats    ]      Old Subphase: Concurrent Roots OopStorageSet                0.000 / 0.000         0.023 / 0.110         0.023 / 0.110         0.023 / 0.110       ms
[2026-04-03T01:37:47.743+0600][105.868s][info][gc,stats    ]      Old Subphase: Concurrent Weak Roots OopStorageSet           0.000 / 0.000         0.811 / 5.436         0.811 / 5.436         0.811 / 5.436       ms
[2026-04-03T01:37:47.743+0600][105.868s][info][gc,stats    ]            System: Java Threads                                    281 / 281             211 / 285             211 / 285             211 / 285         threads
[2026-04-03T01:37:47.743+0600][105.868s][info][gc,stats    ]  Young Generation: Young Generation                              0.000 / 0.000       135.576 / 241.857     135.576 / 241.857     135.576 / 241.857     ms
[2026-04-03T01:37:47.743+0600][105.868s][info][gc,stats    ]  Young Generation: Young Generation                             70.820 / 90.460      113.902 / 207.445     113.902 / 207.445     113.902 / 207.445     ms
[2026-04-03T01:37:47.743+0600][105.868s][info][gc,stats    ]  Young Generation: Young Generation (Collect Roots)              0.000 / 0.000        19.342 / 24.332       19.342 / 24.332       19.342 / 24.332      ms
[2026-04-03T01:37:47.743+0600][105.868s][info][gc,stats    ]  Young Generation: Young Generation (Promote All)                0.000 / 0.000        79.120 / 101.501      79.120 / 101.501      79.120 / 101.501     ms
[2026-04-03T01:37:47.743+0600][105.868s][info][gc,stats    ]       Young Pause: Pause Mark End                                0.025 / 0.033         0.027 / 0.053         0.027 / 0.053         0.027 / 0.053       ms
[2026-04-03T01:37:47.743+0600][105.868s][info][gc,stats    ]       Young Pause: Pause Mark Start                              0.022 / 0.044         0.029 / 0.083         0.029 / 0.083         0.029 / 0.083       ms
[2026-04-03T01:37:47.743+0600][105.868s][info][gc,stats    ]       Young Pause: Pause Mark Start (Major)                      0.000 / 0.000         0.025 / 0.042         0.025 / 0.042         0.025 / 0.042       ms
[2026-04-03T01:37:47.743+0600][105.868s][info][gc,stats    ]       Young Pause: Pause Relocate Start                          0.020 / 0.025         0.026 / 0.141         0.026 / 0.141         0.026 / 0.141       ms
[2026-04-03T01:37:47.743+0600][105.868s][info][gc,stats    ]       Young Phase: Concurrent Mark                              55.873 / 70.899       79.972 / 167.677      79.972 / 167.677      79.972 / 167.677     ms
[2026-04-03T01:37:47.743+0600][105.868s][info][gc,stats    ]       Young Phase: Concurrent Mark Continue                      0.000 / 0.000         0.000 / 0.000         0.000 / 0.000         0.000 / 0.000       ms
[2026-04-03T01:37:47.743+0600][105.868s][info][gc,stats    ]       Young Phase: Concurrent Mark Free                          0.002 / 0.002         0.002 / 0.003         0.002 / 0.003         0.002 / 0.003       ms
[2026-04-03T01:37:47.743+0600][105.868s][info][gc,stats    ]       Young Phase: Concurrent Relocate                           9.361 / 13.935       17.762 / 52.332       17.762 / 52.332       17.762 / 52.332      ms
[2026-04-03T01:37:47.743+0600][105.868s][info][gc,stats    ]       Young Phase: Concurrent Reset Relocation Set               0.041 / 0.052         0.037 / 0.097         0.037 / 0.097         0.037 / 0.097       ms
[2026-04-03T01:37:47.743+0600][105.868s][info][gc,stats    ]       Young Phase: Concurrent Select Relocation Set              4.348 / 5.282         6.404 / 30.215        6.404 / 30.215        6.404 / 30.215      ms
[2026-04-03T01:37:47.743+0600][105.868s][info][gc,stats    ]    Young Subphase: Concurrent Mark Follow                       40.571 / 54.057       58.226 / 132.181      58.226 / 132.181      58.226 / 132.181     ms
[2026-04-03T01:37:47.743+0600][105.868s][info][gc,stats    ]    Young Subphase: Concurrent Mark Root Colored                  5.224 / 6.913         6.730 / 18.274        6.730 / 18.274        6.730 / 18.274      ms
[2026-04-03T01:37:47.743+0600][105.868s][info][gc,stats    ]    Young Subphase: Concurrent Mark Root Uncolored                9.701 / 13.543       11.830 / 34.489       11.830 / 34.489       11.830 / 34.489      ms
[2026-04-03T01:37:47.743+0600][105.868s][info][gc,stats    ]    Young Subphase: Concurrent Mark Roots                        15.295 / 16.838       21.738 / 42.347       21.738 / 42.347       21.738 / 42.347      ms
[2026-04-03T01:37:47.743+0600][105.868s][info][gc,stats    ]    Young Subphase: Concurrent Relocate Remset FP                 2.340 / 4.858         2.644 / 25.090        2.644 / 25.090        2.644 / 25.090      ms
[2026-04-03T01:37:47.743+0600][105.868s][info][gc,stats    ]    Young Subphase: Concurrent Roots ClassLoaderDataGraph         3.428 / 4.602         4.342 / 15.582        4.342 / 15.582        4.342 / 15.582      ms
[2026-04-03T01:37:47.743+0600][105.868s][info][gc,stats    ]    Young Subphase: Concurrent Roots CodeCache                    8.699 / 12.249       10.433 / 30.707       10.433 / 30.707       10.433 / 30.707      ms
[2026-04-03T01:37:47.743+0600][105.868s][info][gc,stats    ]    Young Subphase: Concurrent Roots JavaThreads                  0.551 / 1.292         0.741 / 6.014         0.741 / 6.014         0.741 / 6.014       ms
[2026-04-03T01:37:47.743+0600][105.868s][info][gc,stats    ]    Young Subphase: Concurrent Roots OopStorageSet                0.041 / 0.063         0.067 / 0.303         0.067 / 0.303         0.067 / 0.303       ms
[2026-04-03T01:37:47.743+0600][105.868s][info][gc,stats    ]    Young Subphase: Concurrent Weak Roots OopStorageSet           1.756 / 2.260         2.321 / 6.820         2.321 / 6.820         2.321 / 6.820       ms
[2026-04-03T01:37:47.743+0600][105.868s][info][gc,stats    ] =========================================================================================================================================================
[2026-04-03T01:37:47.743+0600][105.869s][info][gc,heap,exit] Heap
[2026-04-03T01:37:47.743+0600][105.869s][info][gc,heap,exit]  ZHeap           used 2826M, capacity 3922M, max capacity 3922M
[2026-04-03T01:37:47.743+0600][105.869s][info][gc,heap,exit]  Metaspace       used 133218K, committed 134656K, reserved 1179648K
[2026-04-03T01:37:47.743+0600][105.869s][info][gc,heap,exit]   class space    used 16918K, committed 17664K, reserved 1048576K
