[2026-04-03T01:37:48.413+0600][0.006s][info][gc,init] Initializing The Z Garbage Collector
[2026-04-03T01:37:48.413+0600][0.006s][info][gc,init] Version: 21.0.10+7-Ubuntu-124.04 (release)
[2026-04-03T01:37:48.413+0600][0.006s][info][gc,init] Using legacy single-generation mode
[2026-04-03T01:37:48.413+0600][0.006s][info][gc,init] NUMA Support: Disabled
[2026-04-03T01:37:48.413+0600][0.006s][info][gc,init] CPUs: 12 total, 12 available
[2026-04-03T01:37:48.413+0600][0.006s][info][gc,init] Memory: 15683M
[2026-04-03T01:37:48.413+0600][0.006s][info][gc,init] Large Page Support: Disabled
[2026-04-03T01:37:48.413+0600][0.006s][info][gc,init] GC Workers: 3 (dynamic)
[2026-04-03T01:37:48.414+0600][0.007s][info][gc,init] Address Space Type: Contiguous/Unrestricted/Complete
[2026-04-03T01:37:48.414+0600][0.007s][info][gc,init] Address Space Size: 62752M x 3 = 188256M
[2026-04-03T01:37:48.414+0600][0.007s][info][gc,init] Heap Backing File: /memfd:java_heap
[2026-04-03T01:37:48.414+0600][0.007s][info][gc,init] Heap Backing Filesystem: tmpfs (0x1021994)
[2026-04-03T01:37:48.415+0600][0.007s][info][gc,init] Min Capacity: 8M
[2026-04-03T01:37:48.415+0600][0.007s][info][gc,init] Initial Capacity: 246M
[2026-04-03T01:37:48.415+0600][0.007s][info][gc,init] Max Capacity: 3922M
[2026-04-03T01:37:48.415+0600][0.007s][info][gc,init] Medium Page Size: 32M
[2026-04-03T01:37:48.415+0600][0.007s][info][gc,init] Pre-touch: Disabled
[2026-04-03T01:37:48.415+0600][0.007s][info][gc,init] Available space on backing filesystem: N/A
[2026-04-03T01:37:48.416+0600][0.009s][info][gc,init] Uncommit: Enabled
[2026-04-03T01:37:48.416+0600][0.009s][info][gc,init] Uncommit Delay: 300s
[2026-04-03T01:37:48.517+0600][0.110s][info][gc,init] Runtime Workers: 8
[2026-04-03T01:37:48.519+0600][0.111s][info][gc     ] Using The Z Garbage Collector
[2026-04-03T01:37:48.534+0600][0.126s][info][gc,metaspace] CDS archive(s) mapped at: [0x00007db597000000-0x00007db597c9c000-0x00007db597c9c000), size 13221888, SharedBaseAddress: 0x00007db597000000, ArchiveRelocationMode: 1.
[2026-04-03T01:37:48.534+0600][0.126s][info][gc,metaspace] Compressed class space mapped at: 0x00007db598000000-0x00007db5d8000000, reserved size: 1073741824
[2026-04-03T01:37:48.534+0600][0.126s][info][gc,metaspace] Narrow klass base: 0x00007db597000000, Narrow klass shift: 0, Narrow klass range: 0x100000000
[2026-04-03T01:37:50.246+0600][1.839s][info][gc,start    ] GC(0) Garbage Collection (Warmup)
[2026-04-03T01:37:50.246+0600][1.839s][info][gc,task     ] GC(0) Using 3 workers
[2026-04-03T01:37:50.247+0600][1.839s][info][gc,phases   ] GC(0) Pause Mark Start 0.009ms
[2026-04-03T01:37:50.256+0600][1.849s][info][gc,phases   ] GC(0) Concurrent Mark 9.292ms
[2026-04-03T01:37:50.256+0600][1.849s][info][gc,phases   ] GC(0) Pause Mark End 0.022ms
[2026-04-03T01:37:50.256+0600][1.849s][info][gc,phases   ] GC(0) Concurrent Mark Free 0.001ms
[2026-04-03T01:37:50.259+0600][1.851s][info][gc,phases   ] GC(0) Concurrent Process Non-Strong References 2.150ms
[2026-04-03T01:37:50.259+0600][1.851s][info][gc,phases   ] GC(0) Concurrent Reset Relocation Set 0.001ms
[2026-04-03T01:37:50.268+0600][1.860s][info][gc,phases   ] GC(0) Concurrent Select Relocation Set 9.030ms
[2026-04-03T01:37:50.268+0600][1.861s][info][gc,phases   ] GC(0) Pause Relocate Start 0.009ms
[2026-04-03T01:37:50.274+0600][1.867s][info][gc,phases   ] GC(0) Concurrent Relocate 6.230ms
[2026-04-03T01:37:50.274+0600][1.867s][info][gc,load     ] GC(0) Load: 5.82/9.42/7.99
[2026-04-03T01:37:50.274+0600][1.867s][info][gc,mmu      ] GC(0) MMU: 2ms/98.9%, 5ms/99.6%, 10ms/99.7%, 20ms/99.8%, 50ms/99.9%, 100ms/100.0%
[2026-04-03T01:37:50.274+0600][1.867s][info][gc,marking  ] GC(0) Mark: 2 stripe(s), 2 proactive flush(es), 1 terminate flush(es), 0 completion(s), 0 continuation(s) 
[2026-04-03T01:37:50.274+0600][1.867s][info][gc,marking  ] GC(0) Mark Stack Usage: 32M
[2026-04-03T01:37:50.274+0600][1.867s][info][gc,nmethod  ] GC(0) NMethods: 1093 registered, 142 unregistered
[2026-04-03T01:37:50.274+0600][1.867s][info][gc,metaspace] GC(0) Metaspace: 12M used, 12M committed, 1088M reserved
[2026-04-03T01:37:50.274+0600][1.867s][info][gc,ref      ] GC(0) Soft: 211 encountered, 0 discovered, 0 enqueued
[2026-04-03T01:37:50.274+0600][1.867s][info][gc,ref      ] GC(0) Weak: 922 encountered, 309 discovered, 272 enqueued
[2026-04-03T01:37:50.274+0600][1.867s][info][gc,ref      ] GC(0) Final: 0 encountered, 0 discovered, 0 enqueued
[2026-04-03T01:37:50.275+0600][1.867s][info][gc,ref      ] GC(0) Phantom: 33 encountered, 18 discovered, 0 enqueued
[2026-04-03T01:37:50.275+0600][1.867s][info][gc,reloc    ] GC(0) Small Pages: 191 / 382M, Empty: 0M, Relocated: 3M, In-Place: 0
[2026-04-03T01:37:50.275+0600][1.867s][info][gc,reloc    ] GC(0) Medium Pages: 1 / 32M, Empty: 0M, Relocated: 0M, In-Place: 0
[2026-04-03T01:37:50.275+0600][1.867s][info][gc,reloc    ] GC(0) Large Pages: 0 / 0M, Empty: 0M, Relocated: 0M, In-Place: 0
[2026-04-03T01:37:50.275+0600][1.867s][info][gc,reloc    ] GC(0) Forwarding Usage: 1M
[2026-04-03T01:37:50.275+0600][1.867s][info][gc,heap     ] GC(0) Min Capacity: 8M(0%)
[2026-04-03T01:37:50.275+0600][1.867s][info][gc,heap     ] GC(0) Max Capacity: 3922M(100%)
[2026-04-03T01:37:50.275+0600][1.867s][info][gc,heap     ] GC(0) Soft Max Capacity: 3922M(100%)
[2026-04-03T01:37:50.275+0600][1.867s][info][gc,heap     ] GC(0)                Mark Start          Mark End        Relocate Start      Relocate End           High               Low         
[2026-04-03T01:37:50.275+0600][1.867s][info][gc,heap     ] GC(0)  Capacity:      414M (11%)         414M (11%)         414M (11%)         422M (11%)         422M (11%)         414M (11%)    
[2026-04-03T01:37:50.275+0600][1.867s][info][gc,heap     ] GC(0)      Free:     3508M (89%)        3508M (89%)        3508M (89%)        3880M (99%)        3880M (99%)        3500M (89%)    
[2026-04-03T01:37:50.275+0600][1.867s][info][gc,heap     ] GC(0)      Used:      414M (11%)         414M (11%)         414M (11%)          42M (1%)          422M (11%)          42M (1%)     
[2026-04-03T01:37:50.275+0600][1.867s][info][gc,heap     ] GC(0)      Live:         -                 5M (0%)            5M (0%)            5M (0%)             -                  -          
[2026-04-03T01:37:50.275+0600][1.867s][info][gc,heap     ] GC(0) Allocated:         -                 0M (0%)            0M (0%)            1M (0%)             -                  -          
[2026-04-03T01:37:50.275+0600][1.867s][info][gc,heap     ] GC(0)   Garbage:         -               408M (10%)         408M (10%)          34M (1%)             -                  -          
[2026-04-03T01:37:50.275+0600][1.867s][info][gc,heap     ] GC(0) Reclaimed:         -                  -                 0M (0%)          373M (10%)            -                  -          
[2026-04-03T01:37:50.275+0600][1.867s][info][gc          ] GC(0) Garbage Collection (Warmup) 414M(11%)->42M(1%)
[2026-04-03T01:37:53.130+0600][4.723s][info][gc,start    ] GC(1) Garbage Collection (Metadata GC Threshold)
[2026-04-03T01:37:53.130+0600][4.723s][info][gc,task     ] GC(1) Using 3 workers
[2026-04-03T01:37:53.131+0600][4.724s][info][gc,phases   ] GC(1) Pause Mark Start 0.011ms
[2026-04-03T01:37:53.147+0600][4.739s][info][gc,phases   ] GC(1) Concurrent Mark 15.791ms
[2026-04-03T01:37:53.147+0600][4.740s][info][gc,phases   ] GC(1) Pause Mark End 0.020ms
[2026-04-03T01:37:53.147+0600][4.740s][info][gc,phases   ] GC(1) Concurrent Mark Free 0.003ms
[2026-04-03T01:37:53.150+0600][4.742s][info][gc,phases   ] GC(1) Concurrent Process Non-Strong References 2.687ms
[2026-04-03T01:37:53.150+0600][4.743s][info][gc,phases   ] GC(1) Concurrent Reset Relocation Set 0.020ms
[2026-04-03T01:37:53.153+0600][4.746s][info][gc,phases   ] GC(1) Concurrent Select Relocation Set 3.629ms
[2026-04-03T01:37:53.154+0600][4.746s][info][gc,phases   ] GC(1) Pause Relocate Start 0.011ms
[2026-04-03T01:37:53.177+0600][4.770s][info][gc,phases   ] GC(1) Concurrent Relocate 23.457ms
[2026-04-03T01:37:53.177+0600][4.770s][info][gc,load     ] GC(1) Load: 5.82/9.42/7.99
[2026-04-03T01:37:53.177+0600][4.770s][info][gc,mmu      ] GC(1) MMU: 2ms/98.9%, 5ms/99.6%, 10ms/99.7%, 20ms/99.8%, 50ms/99.9%, 100ms/100.0%
[2026-04-03T01:37:53.177+0600][4.770s][info][gc,marking  ] GC(1) Mark: 2 stripe(s), 4 proactive flush(es), 1 terminate flush(es), 0 completion(s), 0 continuation(s) 
[2026-04-03T01:37:53.177+0600][4.770s][info][gc,marking  ] GC(1) Mark Stack Usage: 32M
[2026-04-03T01:37:53.177+0600][4.770s][info][gc,nmethod  ] GC(1) NMethods: 1736 registered, 134 unregistered
[2026-04-03T01:37:53.177+0600][4.770s][info][gc,metaspace] GC(1) Metaspace: 21M used, 21M committed, 1088M reserved
[2026-04-03T01:37:53.178+0600][4.770s][info][gc,ref      ] GC(1) Soft: 3500 encountered, 0 discovered, 0 enqueued
[2026-04-03T01:37:53.178+0600][4.770s][info][gc,ref      ] GC(1) Weak: 1214 encountered, 231 discovered, 205 enqueued
[2026-04-03T01:37:53.178+0600][4.770s][info][gc,ref      ] GC(1) Final: 0 encountered, 0 discovered, 0 enqueued
[2026-04-03T01:37:53.178+0600][4.770s][info][gc,ref      ] GC(1) Phantom: 563 encountered, 361 discovered, 0 enqueued
[2026-04-03T01:37:53.178+0600][4.770s][info][gc,reloc    ] GC(1) Small Pages: 66 / 132M, Empty: 0M, Relocated: 10M, In-Place: 0
[2026-04-03T01:37:53.178+0600][4.770s][info][gc,reloc    ] GC(1) Medium Pages: 2 / 64M, Empty: 0M, Relocated: 5M, In-Place: 0
[2026-04-03T01:37:53.178+0600][4.770s][info][gc,reloc    ] GC(1) Large Pages: 0 / 0M, Empty: 0M, Relocated: 0M, In-Place: 0
[2026-04-03T01:37:53.178+0600][4.770s][info][gc,reloc    ] GC(1) Forwarding Usage: 1M
[2026-04-03T01:37:53.178+0600][4.770s][info][gc,heap     ] GC(1) Min Capacity: 8M(0%)
[2026-04-03T01:37:53.178+0600][4.770s][info][gc,heap     ] GC(1) Max Capacity: 3922M(100%)
[2026-04-03T01:37:53.178+0600][4.770s][info][gc,heap     ] GC(1) Soft Max Capacity: 3922M(100%)
[2026-04-03T01:37:53.178+0600][4.770s][info][gc,heap     ] GC(1)                Mark Start          Mark End        Relocate Start      Relocate End           High               Low         
[2026-04-03T01:37:53.178+0600][4.770s][info][gc,heap     ] GC(1)  Capacity:      454M (12%)         454M (12%)         454M (12%)         486M (12%)         486M (12%)         454M (12%)    
[2026-04-03T01:37:53.178+0600][4.770s][info][gc,heap     ] GC(1)      Free:     3726M (95%)        3724M (95%)        3724M (95%)        3870M (99%)        3870M (99%)        3690M (94%)    
[2026-04-03T01:37:53.178+0600][4.770s][info][gc,heap     ] GC(1)      Used:      196M (5%)          198M (5%)          198M (5%)           52M (1%)          232M (6%)           52M (1%)     
[2026-04-03T01:37:53.178+0600][4.770s][info][gc,heap     ] GC(1)      Live:         -                19M (1%)           19M (1%)           19M (1%)             -                  -          
[2026-04-03T01:37:53.178+0600][4.770s][info][gc,heap     ] GC(1) Allocated:         -                 2M (0%)            2M (0%)            3M (0%)             -                  -          
[2026-04-03T01:37:53.178+0600][4.770s][info][gc,heap     ] GC(1)   Garbage:         -               176M (4%)          176M (4%)           29M (1%)             -                  -          
[2026-04-03T01:37:53.178+0600][4.770s][info][gc,heap     ] GC(1) Reclaimed:         -                  -                 0M (0%)          147M (4%)             -                  -          
[2026-04-03T01:37:53.178+0600][4.770s][info][gc          ] GC(1) Garbage Collection (Metadata GC Threshold) 196M(5%)->52M(1%)
[2026-04-03T01:37:56.180+0600][7.773s][info][gc,start    ] GC(2) Garbage Collection (Metadata GC Threshold)
[2026-04-03T01:37:56.180+0600][7.773s][info][gc,task     ] GC(2) Using 3 workers
[2026-04-03T01:37:56.181+0600][7.773s][info][gc,phases   ] GC(2) Pause Mark Start 0.009ms
[2026-04-03T01:37:56.204+0600][7.796s][info][gc,phases   ] GC(2) Concurrent Mark 23.041ms
[2026-04-03T01:37:56.204+0600][7.797s][info][gc,phases   ] GC(2) Pause Mark End 0.025ms
[2026-04-03T01:37:56.204+0600][7.797s][info][gc,phases   ] GC(2) Concurrent Mark Free 0.004ms
[2026-04-03T01:37:56.209+0600][7.802s][info][gc,phases   ] GC(2) Concurrent Process Non-Strong References 4.536ms
[2026-04-03T01:37:56.209+0600][7.802s][info][gc,phases   ] GC(2) Concurrent Reset Relocation Set 0.007ms
[2026-04-03T01:37:56.212+0600][7.805s][info][gc,phases   ] GC(2) Concurrent Select Relocation Set 3.234ms
[2026-04-03T01:37:56.213+0600][7.805s][info][gc,phases   ] GC(2) Pause Relocate Start 0.040ms
[2026-04-03T01:37:56.218+0600][7.810s][info][gc,phases   ] GC(2) Concurrent Relocate 4.924ms
[2026-04-03T01:37:56.218+0600][7.811s][info][gc,load     ] GC(2) Load: 5.67/9.32/7.97
[2026-04-03T01:37:56.218+0600][7.811s][info][gc,mmu      ] GC(2) MMU: 2ms/98.0%, 5ms/99.2%, 10ms/99.3%, 20ms/99.7%, 50ms/99.9%, 100ms/99.9%
[2026-04-03T01:37:56.218+0600][7.811s][info][gc,marking  ] GC(2) Mark: 2 stripe(s), 2 proactive flush(es), 1 terminate flush(es), 0 completion(s), 0 continuation(s) 
[2026-04-03T01:37:56.218+0600][7.811s][info][gc,marking  ] GC(2) Mark Stack Usage: 32M
[2026-04-03T01:37:56.218+0600][7.811s][info][gc,nmethod  ] GC(2) NMethods: 2505 registered, 305 unregistered
[2026-04-03T01:37:56.218+0600][7.811s][info][gc,metaspace] GC(2) Metaspace: 35M used, 35M committed, 1088M reserved
[2026-04-03T01:37:56.218+0600][7.811s][info][gc,ref      ] GC(2) Soft: 3854 encountered, 0 discovered, 0 enqueued
[2026-04-03T01:37:56.218+0600][7.811s][info][gc,ref      ] GC(2) Weak: 2516 encountered, 1105 discovered, 473 enqueued
[2026-04-03T01:37:56.218+0600][7.811s][info][gc,ref      ] GC(2) Final: 80 encountered, 16 discovered, 0 enqueued
[2026-04-03T01:37:56.218+0600][7.811s][info][gc,ref      ] GC(2) Phantom: 568 encountered, 359 discovered, 1 enqueued
[2026-04-03T01:37:56.218+0600][7.811s][info][gc,reloc    ] GC(2) Small Pages: 76 / 152M, Empty: 0M, Relocated: 6M, In-Place: 0
[2026-04-03T01:37:56.218+0600][7.811s][info][gc,reloc    ] GC(2) Medium Pages: 2 / 64M, Empty: 32M, Relocated: 0M, In-Place: 0
[2026-04-03T01:37:56.218+0600][7.811s][info][gc,reloc    ] GC(2) Large Pages: 0 / 0M, Empty: 0M, Relocated: 0M, In-Place: 0
[2026-04-03T01:37:56.218+0600][7.811s][info][gc,reloc    ] GC(2) Forwarding Usage: 2M
[2026-04-03T01:37:56.218+0600][7.811s][info][gc,heap     ] GC(2) Min Capacity: 8M(0%)
[2026-04-03T01:37:56.218+0600][7.811s][info][gc,heap     ] GC(2) Max Capacity: 3922M(100%)
[2026-04-03T01:37:56.218+0600][7.811s][info][gc,heap     ] GC(2) Soft Max Capacity: 3922M(100%)
[2026-04-03T01:37:56.218+0600][7.811s][info][gc,heap     ] GC(2)                Mark Start          Mark End        Relocate Start      Relocate End           High               Low         
[2026-04-03T01:37:56.218+0600][7.811s][info][gc,heap     ] GC(2)  Capacity:      486M (12%)         486M (12%)         486M (12%)         486M (12%)         486M (12%)         486M (12%)    
[2026-04-03T01:37:56.218+0600][7.811s][info][gc,heap     ] GC(2)      Free:     3706M (94%)        3694M (94%)        3726M (95%)        3854M (98%)        3854M (98%)        3694M (94%)    
[2026-04-03T01:37:56.218+0600][7.811s][info][gc,heap     ] GC(2)      Used:      216M (6%)          228M (6%)          196M (5%)           68M (2%)          228M (6%)           68M (2%)     
[2026-04-03T01:37:56.218+0600][7.811s][info][gc,heap     ] GC(2)      Live:         -                24M (1%)           24M (1%)           24M (1%)             -                  -          
[2026-04-03T01:37:56.218+0600][7.811s][info][gc,heap     ] GC(2) Allocated:         -                12M (0%)           12M (0%)           11M (0%)             -                  -          
[2026-04-03T01:37:56.218+0600][7.811s][info][gc,heap     ] GC(2)   Garbage:         -               191M (5%)          159M (4%)           31M (1%)             -                  -          
[2026-04-03T01:37:56.218+0600][7.811s][info][gc,heap     ] GC(2) Reclaimed:         -                  -                32M (1%)          159M (4%)             -                  -          
[2026-04-03T01:37:56.218+0600][7.811s][info][gc          ] GC(2) Garbage Collection (Metadata GC Threshold) 216M(6%)->68M(2%)
[2026-04-03T01:37:58.546+0600][10.139s][info][gc,stats    ] === Garbage Collection Statistics =======================================================================================================================
[2026-04-03T01:37:58.546+0600][10.139s][info][gc,stats    ]                                                              Last 10s              Last 10m              Last 10h                Total
[2026-04-03T01:37:58.546+0600][10.139s][info][gc,stats    ]                                                              Avg / Max             Avg / Max             Avg / Max             Avg / Max
[2026-04-03T01:37:58.546+0600][10.139s][info][gc,stats    ]   Collector: Garbage Collection Cycle                     37.682 / 47.156       37.682 / 47.156       37.682 / 47.156       37.682 / 47.156      ms
[2026-04-03T01:37:58.546+0600][10.139s][info][gc,stats    ]  Contention: Mark Segment Reset Contention                     0 / 3                 0 / 3                 0 / 3                 0 / 3           ops/s
[2026-04-03T01:37:58.546+0600][10.139s][info][gc,stats    ]  Contention: Mark SeqNum Reset Contention                      0 / 1                 0 / 1                 0 / 1                 0 / 1           ops/s
[2026-04-03T01:37:58.546+0600][10.139s][info][gc,stats    ]    Critical: Allocation Stall                                  0 / 0                 0 / 0                 0 / 0                 0 / 0           ops/s
[2026-04-03T01:37:58.546+0600][10.139s][info][gc,stats    ]    Critical: Allocation Stall                              0.000 / 0.000         0.000 / 0.000         0.000 / 0.000         0.000 / 0.000       ms
[2026-04-03T01:37:58.546+0600][10.139s][info][gc,stats    ]    Critical: GC Locker Stall                                   0 / 2                 0 / 2                 0 / 2                 0 / 2           ops/s
[2026-04-03T01:37:58.546+0600][10.139s][info][gc,stats    ]    Critical: GC Locker Stall                               0.001 / 0.001         0.001 / 0.001         0.001 / 0.001         0.001 / 0.001       ms
[2026-04-03T01:37:58.546+0600][10.139s][info][gc,stats    ]    Critical: Relocation Stall                                  0 / 0                 0 / 0                 0 / 0                 0 / 0           ops/s
[2026-04-03T01:37:58.546+0600][10.139s][info][gc,stats    ]    Critical: Relocation Stall                              0.000 / 0.000         0.000 / 0.000         0.000 / 0.000         0.000 / 0.000       ms
[2026-04-03T01:37:58.546+0600][10.139s][info][gc,stats    ]      Memory: Allocation Rate                                  90 / 226              90 / 226              90 / 226              90 / 226         MB/s
[2026-04-03T01:37:58.546+0600][10.139s][info][gc,stats    ]      Memory: Defragment                                        0 / 0                 0 / 0                 0 / 0                 0 / 0           ops/s
[2026-04-03T01:37:58.546+0600][10.139s][info][gc,stats    ]      Memory: Out Of Memory                                     0 / 0                 0 / 0                 0 / 0                 0 / 0           ops/s
[2026-04-03T01:37:58.546+0600][10.139s][info][gc,stats    ]      Memory: Page Cache Flush                                  0 / 0                 0 / 0                 0 / 0                 0 / 0           MB/s
[2026-04-03T01:37:58.546+0600][10.139s][info][gc,stats    ]      Memory: Page Cache Hit L1                                21 / 45               21 / 45               21 / 45               21 / 45          ops/s
[2026-04-03T01:37:58.546+0600][10.139s][info][gc,stats    ]      Memory: Page Cache Hit L2                                 0 / 0                 0 / 0                 0 / 0                 0 / 0           ops/s
[2026-04-03T01:37:58.546+0600][10.139s][info][gc,stats    ]      Memory: Page Cache Hit L3                                12 / 111              12 / 111              12 / 111              12 / 111         ops/s
[2026-04-03T01:37:58.546+0600][10.139s][info][gc,stats    ]      Memory: Page Cache Miss                                   7 / 74                7 / 74                7 / 74                7 / 74          ops/s
[2026-04-03T01:37:58.546+0600][10.139s][info][gc,stats    ]      Memory: Uncommit                                          0 / 0                 0 / 0                 0 / 0                 0 / 0           MB/s
[2026-04-03T01:37:58.546+0600][10.139s][info][gc,stats    ]      Memory: Undo Object Allocation Failed                     0 / 0                 0 / 0                 0 / 0                 0 / 0           ops/s
[2026-04-03T01:37:58.546+0600][10.139s][info][gc,stats    ]      Memory: Undo Object Allocation Succeeded                  0 / 0                 0 / 0                 0 / 0                 0 / 0           ops/s
[2026-04-03T01:37:58.546+0600][10.139s][info][gc,stats    ]      Memory: Undo Page Allocation                              0 / 0                 0 / 0                 0 / 0                 0 / 0           ops/s
[2026-04-03T01:37:58.546+0600][10.139s][info][gc,stats    ]       Phase: Concurrent Mark                              16.041 / 23.041       16.041 / 23.041       16.041 / 23.041       16.041 / 23.041      ms
[2026-04-03T01:37:58.546+0600][10.139s][info][gc,stats    ]       Phase: Concurrent Mark Continue                      0.000 / 0.000         0.000 / 0.000         0.000 / 0.000         0.000 / 0.000       ms
[2026-04-03T01:37:58.546+0600][10.139s][info][gc,stats    ]       Phase: Concurrent Mark Free                          0.003 / 0.004         0.003 / 0.004         0.003 / 0.004         0.003 / 0.004       ms
[2026-04-03T01:37:58.546+0600][10.139s][info][gc,stats    ]       Phase: Concurrent Process Non-Strong References      3.124 / 4.536         3.124 / 4.536         3.124 / 4.536         3.124 / 4.536       ms
[2026-04-03T01:37:58.546+0600][10.139s][info][gc,stats    ]       Phase: Concurrent Relocate                          11.537 / 23.457       11.537 / 23.457       11.537 / 23.457       11.537 / 23.457      ms
[2026-04-03T01:37:58.546+0600][10.139s][info][gc,stats    ]       Phase: Concurrent Reset Relocation Set               0.009 / 0.020         0.009 / 0.020         0.009 / 0.020         0.009 / 0.020       ms
[2026-04-03T01:37:58.546+0600][10.139s][info][gc,stats    ]       Phase: Concurrent Select Relocation Set              5.298 / 9.030         5.298 / 9.030         5.298 / 9.030         5.298 / 9.030       ms
[2026-04-03T01:37:58.546+0600][10.139s][info][gc,stats    ]       Phase: Pause Mark End                                0.022 / 0.025         0.022 / 0.025         0.022 / 0.025         0.022 / 0.025       ms
[2026-04-03T01:37:58.546+0600][10.139s][info][gc,stats    ]       Phase: Pause Mark Start                              0.010 / 0.011         0.010 / 0.011         0.010 / 0.011         0.010 / 0.011       ms
[2026-04-03T01:37:58.546+0600][10.139s][info][gc,stats    ]       Phase: Pause Relocate Start                          0.020 / 0.040         0.020 / 0.040         0.020 / 0.040         0.020 / 0.040       ms
[2026-04-03T01:37:58.546+0600][10.139s][info][gc,stats    ]    Subphase: Concurrent Classes Purge                      0.262 / 0.327         0.262 / 0.327         0.262 / 0.327         0.262 / 0.327       ms
[2026-04-03T01:37:58.546+0600][10.139s][info][gc,stats    ]    Subphase: Concurrent Classes Unlink                     1.857 / 2.839         1.857 / 2.839         1.857 / 2.839         1.857 / 2.839       ms
[2026-04-03T01:37:58.546+0600][10.139s][info][gc,stats    ]    Subphase: Concurrent Mark                              14.044 / 21.942       14.044 / 21.942       14.044 / 21.942       14.044 / 21.942      ms
[2026-04-03T01:37:58.546+0600][10.139s][info][gc,stats    ]    Subphase: Concurrent Mark Try Flush                     0.168 / 0.318         0.168 / 0.318         0.168 / 0.318         0.168 / 0.318       ms
[2026-04-03T01:37:58.546+0600][10.139s][info][gc,stats    ]    Subphase: Concurrent Mark Try Terminate                 0.708 / 1.207         0.708 / 1.207         0.708 / 1.207         0.708 / 1.207       ms
[2026-04-03T01:37:58.546+0600][10.139s][info][gc,stats    ]    Subphase: Concurrent References Enqueue                 0.006 / 0.010         0.006 / 0.010         0.006 / 0.010         0.006 / 0.010       ms
[2026-04-03T01:37:58.546+0600][10.139s][info][gc,stats    ]    Subphase: Concurrent References Process                 0.213 / 0.286         0.213 / 0.286         0.213 / 0.286         0.213 / 0.286       ms
[2026-04-03T01:37:58.546+0600][10.139s][info][gc,stats    ]    Subphase: Concurrent Roots ClassLoaderDataGraph         0.171 / 0.418         0.171 / 0.418         0.171 / 0.418         0.171 / 0.418       ms
[2026-04-03T01:37:58.546+0600][10.139s][info][gc,stats    ]    Subphase: Concurrent Roots CodeCache                    0.000 / 0.000         0.000 / 0.000         0.000 / 0.000         0.000 / 0.000       ms
[2026-04-03T01:37:58.546+0600][10.139s][info][gc,stats    ]    Subphase: Concurrent Roots JavaThreads                  0.683 / 2.249         0.683 / 2.249         0.683 / 2.249         0.683 / 2.249       ms
[2026-04-03T01:37:58.546+0600][10.139s][info][gc,stats    ]    Subphase: Concurrent Roots OopStorageSet                0.068 / 0.129         0.068 / 0.129         0.068 / 0.129         0.068 / 0.129       ms
[2026-04-03T01:37:58.546+0600][10.139s][info][gc,stats    ]    Subphase: Concurrent Weak Roots OopStorageSet           0.412 / 0.730         0.412 / 0.730         0.412 / 0.730         0.412 / 0.730       ms
[2026-04-03T01:37:58.546+0600][10.139s][info][gc,stats    ]    Subphase: Pause Mark Try Complete                       0.000 / 0.000         0.000 / 0.000         0.000 / 0.000         0.000 / 0.000       ms
[2026-04-03T01:37:58.546+0600][10.139s][info][gc,stats    ]      System: Java Threads                                     16 / 29               16 / 29               16 / 29               16 / 29          threads
[2026-04-03T01:37:58.546+0600][10.139s][info][gc,stats    ] =========================================================================================================================================================
[2026-04-03T01:38:00.528+0600][12.121s][info][gc,start    ] GC(3) Garbage Collection (Metadata GC Threshold)
[2026-04-03T01:38:00.529+0600][12.121s][info][gc,task     ] GC(3) Using 3 workers
[2026-04-03T01:38:00.529+0600][12.122s][info][gc,phases   ] GC(3) Pause Mark Start 0.018ms
[2026-04-03T01:38:00.582+0600][12.174s][info][gc,phases   ] GC(3) Concurrent Mark 52.346ms
[2026-04-03T01:38:00.582+0600][12.175s][info][gc,phases   ] GC(3) Pause Mark End 0.049ms
[2026-04-03T01:38:00.582+0600][12.175s][info][gc,phases   ] GC(3) Concurrent Mark Free 0.004ms
[2026-04-03T01:38:00.592+0600][12.185s][info][gc,phases   ] GC(3) Concurrent Process Non-Strong References 9.754ms
[2026-04-03T01:38:00.592+0600][12.185s][info][gc,phases   ] GC(3) Concurrent Reset Relocation Set 0.011ms
[2026-04-03T01:38:00.598+0600][12.190s][info][gc,phases   ] GC(3) Concurrent Select Relocation Set 5.449ms
[2026-04-03T01:38:00.598+0600][12.191s][info][gc,phases   ] GC(3) Pause Relocate Start 0.025ms
[2026-04-03T01:38:00.616+0600][12.209s][info][gc,phases   ] GC(3) Concurrent Relocate 17.401ms
[2026-04-03T01:38:00.616+0600][12.209s][info][gc,load     ] GC(3) Load: 5.30/9.19/7.93
[2026-04-03T01:38:00.616+0600][12.209s][info][gc,mmu      ] GC(3) MMU: 2ms/97.5%, 5ms/99.0%, 10ms/99.3%, 20ms/99.6%, 50ms/99.9%, 100ms/99.9%
[2026-04-03T01:38:00.616+0600][12.209s][info][gc,marking  ] GC(3) Mark: 2 stripe(s), 4 proactive flush(es), 1 terminate flush(es), 0 completion(s), 0 continuation(s) 
[2026-04-03T01:38:00.616+0600][12.209s][info][gc,marking  ] GC(3) Mark Stack Usage: 32M
[2026-04-03T01:38:00.616+0600][12.209s][info][gc,nmethod  ] GC(3) NMethods: 3318 registered, 151 unregistered
[2026-04-03T01:38:00.616+0600][12.209s][info][gc,metaspace] GC(3) Metaspace: 59M used, 59M committed, 1088M reserved
[2026-04-03T01:38:00.616+0600][12.209s][info][gc,ref      ] GC(3) Soft: 4003 encountered, 0 discovered, 0 enqueued
[2026-04-03T01:38:00.616+0600][12.209s][info][gc,ref      ] GC(3) Weak: 4081 encountered, 1293 discovered, 640 enqueued
[2026-04-03T01:38:00.616+0600][12.209s][info][gc,ref      ] GC(3) Final: 82 encountered, 0 discovered, 0 enqueued
[2026-04-03T01:38:00.616+0600][12.209s][info][gc,ref      ] GC(3) Phantom: 587 encountered, 399 discovered, 0 enqueued
[2026-04-03T01:38:00.616+0600][12.209s][info][gc,reloc    ] GC(3) Small Pages: 115 / 230M, Empty: 0M, Relocated: 12M, In-Place: 0
[2026-04-03T01:38:00.616+0600][12.209s][info][gc,reloc    ] GC(3) Medium Pages: 2 / 64M, Empty: 0M, Relocated: 6M, In-Place: 0
[2026-04-03T01:38:00.616+0600][12.209s][info][gc,reloc    ] GC(3) Large Pages: 0 / 0M, Empty: 0M, Relocated: 0M, In-Place: 0
[2026-04-03T01:38:00.616+0600][12.209s][info][gc,reloc    ] GC(3) Forwarding Usage: 3M
[2026-04-03T01:38:00.616+0600][12.209s][info][gc,heap     ] GC(3) Min Capacity: 8M(0%)
[2026-04-03T01:38:00.616+0600][12.209s][info][gc,heap     ] GC(3) Max Capacity: 3922M(100%)
[2026-04-03T01:38:00.616+0600][12.209s][info][gc,heap     ] GC(3) Soft Max Capacity: 3922M(100%)
[2026-04-03T01:38:00.616+0600][12.209s][info][gc,heap     ] GC(3)                Mark Start          Mark End        Relocate Start      Relocate End           High               Low         
[2026-04-03T01:38:00.616+0600][12.209s][info][gc,heap     ] GC(3)  Capacity:      486M (12%)         486M (12%)         486M (12%)         486M (12%)         486M (12%)         486M (12%)    
[2026-04-03T01:38:00.616+0600][12.209s][info][gc,heap     ] GC(3)      Free:     3628M (93%)        3622M (92%)        3620M (92%)        3848M (98%)        3848M (98%)        3586M (91%)    
[2026-04-03T01:38:00.616+0600][12.209s][info][gc,heap     ] GC(3)      Used:      294M (7%)          300M (8%)          302M (8%)           74M (2%)          336M (9%)           74M (2%)     
[2026-04-03T01:38:00.616+0600][12.209s][info][gc,heap     ] GC(3)      Live:         -                33M (1%)           33M (1%)           33M (1%)             -                  -          
[2026-04-03T01:38:00.616+0600][12.209s][info][gc,heap     ] GC(3) Allocated:         -                 6M (0%)            8M (0%)            9M (0%)             -                  -          
[2026-04-03T01:38:00.616+0600][12.209s][info][gc,heap     ] GC(3)   Garbage:         -               260M (7%)          260M (7%)           30M (1%)             -                  -          
[2026-04-03T01:38:00.616+0600][12.209s][info][gc,heap     ] GC(3) Reclaimed:         -                  -                 0M (0%)          229M (6%)             -                  -          
[2026-04-03T01:38:00.616+0600][12.209s][info][gc          ] GC(3) Garbage Collection (Metadata GC Threshold) 294M(7%)->74M(2%)
[2026-04-03T01:38:04.052+0600][15.644s][info][gc,start    ] GC(4) Garbage Collection (Metadata GC Threshold)
[2026-04-03T01:38:04.052+0600][15.644s][info][gc,task     ] GC(4) Using 3 workers
[2026-04-03T01:38:04.052+0600][15.645s][info][gc,phases   ] GC(4) Pause Mark Start 0.021ms
[2026-04-03T01:38:04.107+0600][15.700s][info][gc,phases   ] GC(4) Concurrent Mark 55.462ms
[2026-04-03T01:38:04.108+0600][15.700s][info][gc,phases   ] GC(4) Pause Mark End 0.026ms
[2026-04-03T01:38:04.108+0600][15.700s][info][gc,phases   ] GC(4) Concurrent Mark Free 0.003ms
[2026-04-03T01:38:04.118+0600][15.711s][info][gc,phases   ] GC(4) Concurrent Process Non-Strong References 10.575ms
[2026-04-03T01:38:04.118+0600][15.711s][info][gc,phases   ] GC(4) Concurrent Reset Relocation Set 0.011ms
[2026-04-03T01:38:04.128+0600][15.721s][info][gc,phases   ] GC(4) Concurrent Select Relocation Set 9.435ms
[2026-04-03T01:38:04.128+0600][15.721s][info][gc,phases   ] GC(4) Pause Relocate Start 0.017ms
[2026-04-03T01:38:04.147+0600][15.740s][info][gc,phases   ] GC(4) Concurrent Relocate 18.642ms
[2026-04-03T01:38:04.147+0600][15.740s][info][gc,load     ] GC(4) Load: 5.30/9.19/7.93
[2026-04-03T01:38:04.147+0600][15.740s][info][gc,mmu      ] GC(4) MMU: 2ms/97.5%, 5ms/99.0%, 10ms/99.3%, 20ms/99.6%, 50ms/99.9%, 100ms/99.9%
[2026-04-03T01:38:04.147+0600][15.740s][info][gc,marking  ] GC(4) Mark: 2 stripe(s), 5 proactive flush(es), 1 terminate flush(es), 0 completion(s), 0 continuation(s) 
[2026-04-03T01:38:04.147+0600][15.740s][info][gc,marking  ] GC(4) Mark Stack Usage: 32M
[2026-04-03T01:38:04.147+0600][15.740s][info][gc,nmethod  ] GC(4) NMethods: 5071 registered, 585 unregistered
[2026-04-03T01:38:04.147+0600][15.740s][info][gc,metaspace] GC(4) Metaspace: 99M used, 100M committed, 1152M reserved
[2026-04-03T01:38:04.147+0600][15.740s][info][gc,ref      ] GC(4) Soft: 4570 encountered, 0 discovered, 0 enqueued
[2026-04-03T01:38:04.147+0600][15.740s][info][gc,ref      ] GC(4) Weak: 13308 encountered, 5749 discovered, 3556 enqueued
[2026-04-03T01:38:04.147+0600][15.740s][info][gc,ref      ] GC(4) Final: 84 encountered, 0 discovered, 0 enqueued
[2026-04-03T01:38:04.147+0600][15.740s][info][gc,ref      ] GC(4) Phantom: 591 encountered, 319 discovered, 1 enqueued
[2026-04-03T01:38:04.147+0600][15.740s][info][gc,reloc    ] GC(4) Small Pages: 215 / 430M, Empty: 0M, Relocated: 20M, In-Place: 0
[2026-04-03T01:38:04.147+0600][15.740s][info][gc,reloc    ] GC(4) Medium Pages: 2 / 64M, Empty: 32M, Relocated: 0M, In-Place: 0
[2026-04-03T01:38:04.147+0600][15.740s][info][gc,reloc    ] GC(4) Large Pages: 0 / 0M, Empty: 0M, Relocated: 0M, In-Place: 0
[2026-04-03T01:38:04.147+0600][15.740s][info][gc,reloc    ] GC(4) Forwarding Usage: 8M
[2026-04-03T01:38:04.147+0600][15.740s][info][gc,heap     ] GC(4) Min Capacity: 8M(0%)
[2026-04-03T01:38:04.147+0600][15.740s][info][gc,heap     ] GC(4) Max Capacity: 3922M(100%)
[2026-04-03T01:38:04.147+0600][15.740s][info][gc,heap     ] GC(4) Soft Max Capacity: 3922M(100%)
[2026-04-03T01:38:04.147+0600][15.740s][info][gc,heap     ] GC(4)                Mark Start          Mark End        Relocate Start      Relocate End           High               Low         
[2026-04-03T01:38:04.147+0600][15.740s][info][gc,heap     ] GC(4)  Capacity:      494M (13%)         502M (13%)         504M (13%)         504M (13%)         504M (13%)         494M (13%)    
[2026-04-03T01:38:04.147+0600][15.740s][info][gc,heap     ] GC(4)      Free:     3428M (87%)        3420M (87%)        3450M (88%)        3828M (98%)        3828M (98%)        3418M (87%)    
[2026-04-03T01:38:04.147+0600][15.740s][info][gc,heap     ] GC(4)      Used:      494M (13%)         502M (13%)         472M (12%)          94M (2%)          504M (13%)          94M (2%)     
[2026-04-03T01:38:04.147+0600][15.740s][info][gc,heap     ] GC(4)      Live:         -                51M (1%)           51M (1%)           51M (1%)             -                  -          
[2026-04-03T01:38:04.147+0600][15.740s][info][gc,heap     ] GC(4) Allocated:         -                 8M (0%)           10M (0%)           13M (0%)             -                  -          
[2026-04-03T01:38:04.147+0600][15.740s][info][gc,heap     ] GC(4)   Garbage:         -               442M (11%)         410M (10%)          29M (1%)             -                  -          
[2026-04-03T01:38:04.147+0600][15.740s][info][gc,heap     ] GC(4) Reclaimed:         -                  -                32M (1%)          413M (11%)            -                  -          
[2026-04-03T01:38:04.147+0600][15.740s][info][gc          ] GC(4) Garbage Collection (Metadata GC Threshold) 494M(13%)->94M(2%)
[2026-04-03T01:38:08.346+0600][19.938s][info][gc,start    ] GC(5) Garbage Collection (Warmup)
[2026-04-03T01:38:08.346+0600][19.939s][info][gc,task     ] GC(5) Using 3 workers
[2026-04-03T01:38:08.349+0600][19.942s][info][gc,phases   ] GC(5) Pause Mark Start 0.016ms
[2026-04-03T01:38:08.546+0600][20.138s][info][gc,stats    ] === Garbage Collection Statistics =======================================================================================================================
[2026-04-03T01:38:08.546+0600][20.139s][info][gc,stats    ]                                                              Last 10s              Last 10m              Last 10h                Total
[2026-04-03T01:38:08.546+0600][20.139s][info][gc,stats    ]                                                              Avg / Max             Avg / Max             Avg / Max             Avg / Max
[2026-04-03T01:38:08.546+0600][20.139s][info][gc,stats    ]   Collector: Garbage Collection Cycle                     91.604 / 95.586       59.251 / 95.586       59.251 / 95.586       59.251 / 95.586      ms
[2026-04-03T01:38:08.546+0600][20.139s][info][gc,stats    ]  Contention: Mark Segment Reset Contention                     0 / 3                 0 / 3                 0 / 3                 0 / 3           ops/s
[2026-04-03T01:38:08.546+0600][20.139s][info][gc,stats    ]  Contention: Mark SeqNum Reset Contention                      0 / 0                 0 / 1                 0 / 1                 0 / 1           ops/s
[2026-04-03T01:38:08.546+0600][20.139s][info][gc,stats    ]    Critical: Allocation Stall                                  0 / 0                 0 / 0                 0 / 0                 0 / 0           ops/s
[2026-04-03T01:38:08.546+0600][20.139s][info][gc,stats    ]    Critical: Allocation Stall                              0.000 / 0.000         0.000 / 0.000         0.000 / 0.000         0.000 / 0.000       ms
[2026-04-03T01:38:08.546+0600][20.139s][info][gc,stats    ]    Critical: GC Locker Stall                                   0 / 1                 0 / 2                 0 / 2                 0 / 2           ops/s
[2026-04-03T01:38:08.546+0600][20.139s][info][gc,stats    ]    Critical: GC Locker Stall                               0.002 / 0.002         0.001 / 0.002         0.001 / 0.002         0.001 / 0.002       ms
[2026-04-03T01:38:08.546+0600][20.139s][info][gc,stats    ]    Critical: Relocation Stall                                  0 / 0                 0 / 0                 0 / 0                 0 / 0           ops/s
[2026-04-03T01:38:08.546+0600][20.139s][info][gc,stats    ]    Critical: Relocation Stall                              0.000 / 0.000         0.000 / 0.000         0.000 / 0.000         0.000 / 0.000       ms
[2026-04-03T01:38:08.546+0600][20.139s][info][gc,stats    ]      Memory: Allocation Rate                                 156 / 356             123 / 356             123 / 356             123 / 356         MB/s
[2026-04-03T01:38:08.546+0600][20.139s][info][gc,stats    ]      Memory: Defragment                                        6 / 47                3 / 47                3 / 47                3 / 47          ops/s
[2026-04-03T01:38:08.546+0600][20.139s][info][gc,stats    ]      Memory: Out Of Memory                                     0 / 0                 0 / 0                 0 / 0                 0 / 0           ops/s
[2026-04-03T01:38:08.546+0600][20.139s][info][gc,stats    ]      Memory: Page Cache Flush                                 13 / 94                6 / 94                6 / 94                6 / 94          MB/s
[2026-04-03T01:38:08.546+0600][20.139s][info][gc,stats    ]      Memory: Page Cache Hit L1                                43 / 87               32 / 87               32 / 87               32 / 87          ops/s
[2026-04-03T01:38:08.546+0600][20.139s][info][gc,stats    ]      Memory: Page Cache Hit L2                                 0 / 0                 0 / 0                 0 / 0                 0 / 0           ops/s
[2026-04-03T01:38:08.546+0600][20.139s][info][gc,stats    ]      Memory: Page Cache Hit L3                                 6 / 44                9 / 111               9 / 111               9 / 111         ops/s
[2026-04-03T01:38:08.546+0600][20.139s][info][gc,stats    ]      Memory: Page Cache Miss                                   2 / 10                5 / 74                5 / 74                5 / 74          ops/s
[2026-04-03T01:38:08.546+0600][20.139s][info][gc,stats    ]      Memory: Uncommit                                          0 / 0                 0 / 0                 0 / 0                 0 / 0           MB/s
[2026-04-03T01:38:08.546+0600][20.139s][info][gc,stats    ]      Memory: Undo Object Allocation Failed                     0 / 0                 0 / 0                 0 / 0                 0 / 0           ops/s
[2026-04-03T01:38:08.546+0600][20.139s][info][gc,stats    ]      Memory: Undo Object Allocation Succeeded                  0 / 1                 0 / 1                 0 / 1                 0 / 1           ops/s
[2026-04-03T01:38:08.546+0600][20.139s][info][gc,stats    ]      Memory: Undo Page Allocation                              0 / 7                 0 / 7                 0 / 7                 0 / 7           ops/s
[2026-04-03T01:38:08.546+0600][20.139s][info][gc,stats    ]       Phase: Concurrent Mark                              53.904 / 55.462       31.186 / 55.462       31.186 / 55.462       31.186 / 55.462      ms
[2026-04-03T01:38:08.546+0600][20.139s][info][gc,stats    ]       Phase: Concurrent Mark Continue                      0.000 / 0.000         0.000 / 0.000         0.000 / 0.000         0.000 / 0.000       ms
[2026-04-03T01:38:08.546+0600][20.139s][info][gc,stats    ]       Phase: Concurrent Mark Free                          0.003 / 0.004         0.003 / 0.004         0.003 / 0.004         0.003 / 0.004       ms
[2026-04-03T01:38:08.546+0600][20.139s][info][gc,stats    ]       Phase: Concurrent Process Non-Strong References     10.164 / 10.575        5.940 / 10.575        5.940 / 10.575        5.940 / 10.575      ms
[2026-04-03T01:38:08.546+0600][20.139s][info][gc,stats    ]       Phase: Concurrent Relocate                          18.021 / 18.642       14.131 / 23.457       14.131 / 23.457       14.131 / 23.457      ms
[2026-04-03T01:38:08.546+0600][20.139s][info][gc,stats    ]       Phase: Concurrent Reset Relocation Set               0.011 / 0.011         0.010 / 0.020         0.010 / 0.020         0.010 / 0.020       ms
[2026-04-03T01:38:08.546+0600][20.139s][info][gc,stats    ]       Phase: Concurrent Select Relocation Set              7.442 / 9.435         6.155 / 9.435         6.155 / 9.435         6.155 / 9.435       ms
[2026-04-03T01:38:08.546+0600][20.139s][info][gc,stats    ]       Phase: Pause Mark End                                0.038 / 0.049         0.028 / 0.049         0.028 / 0.049         0.028 / 0.049       ms
[2026-04-03T01:38:08.546+0600][20.139s][info][gc,stats    ]       Phase: Pause Mark Start                              0.018 / 0.021         0.014 / 0.021         0.014 / 0.021         0.014 / 0.021       ms
[2026-04-03T01:38:08.546+0600][20.139s][info][gc,stats    ]       Phase: Pause Relocate Start                          0.021 / 0.025         0.020 / 0.040         0.020 / 0.040         0.020 / 0.040       ms
[2026-04-03T01:38:08.546+0600][20.139s][info][gc,stats    ]    Subphase: Concurrent Classes Purge                      0.761 / 1.115         0.461 / 1.115         0.461 / 1.115         0.461 / 1.115       ms
[2026-04-03T01:38:08.546+0600][20.139s][info][gc,stats    ]    Subphase: Concurrent Classes Unlink                     6.516 / 6.795         3.720 / 6.795         3.720 / 6.795         3.720 / 6.795       ms
[2026-04-03T01:38:08.546+0600][20.139s][info][gc,stats    ]    Subphase: Concurrent Mark                              51.403 / 54.705       28.988 / 54.705       28.988 / 54.705       28.988 / 54.705      ms
[2026-04-03T01:38:08.546+0600][20.139s][info][gc,stats    ]    Subphase: Concurrent Mark Try Flush                     0.259 / 0.661         0.214 / 0.661         0.214 / 0.661         0.214 / 0.661       ms
[2026-04-03T01:38:08.546+0600][20.139s][info][gc,stats    ]    Subphase: Concurrent Mark Try Terminate                 0.826 / 1.180         0.765 / 1.207         0.765 / 1.207         0.765 / 1.207       ms
[2026-04-03T01:38:08.546+0600][20.139s][info][gc,stats    ]    Subphase: Concurrent References Enqueue                 0.008 / 0.010         0.007 / 0.010         0.007 / 0.010         0.007 / 0.010       ms
[2026-04-03T01:38:08.546+0600][20.139s][info][gc,stats    ]    Subphase: Concurrent References Process                 0.699 / 0.754         0.408 / 0.754         0.408 / 0.754         0.408 / 0.754       ms
[2026-04-03T01:38:08.546+0600][20.139s][info][gc,stats    ]    Subphase: Concurrent Roots ClassLoaderDataGraph         0.613 / 3.026         0.419 / 3.026         0.419 / 3.026         0.419 / 3.026       ms
[2026-04-03T01:38:08.546+0600][20.139s][info][gc,stats    ]    Subphase: Concurrent Roots CodeCache                    0.000 / 0.000         0.000 / 0.000         0.000 / 0.000         0.000 / 0.000       ms
[2026-04-03T01:38:08.546+0600][20.139s][info][gc,stats    ]    Subphase: Concurrent Roots JavaThreads                  1.457 / 3.281         1.070 / 3.281         1.070 / 3.281         1.070 / 3.281       ms
[2026-04-03T01:38:08.547+0600][20.139s][info][gc,stats    ]    Subphase: Concurrent Roots OopStorageSet                0.082 / 0.118         0.075 / 0.129         0.075 / 0.129         0.075 / 0.129       ms
[2026-04-03T01:38:08.547+0600][20.139s][info][gc,stats    ]    Subphase: Concurrent Weak Roots OopStorageSet           1.466 / 1.589         0.833 / 1.589         0.833 / 1.589         0.833 / 1.589       ms
[2026-04-03T01:38:08.547+0600][20.139s][info][gc,stats    ]    Subphase: Pause Mark Try Complete                       0.000 / 0.000         0.000 / 0.000         0.000 / 0.000         0.000 / 0.000       ms
[2026-04-03T01:38:08.547+0600][20.139s][info][gc,stats    ]      System: Java Threads                                     59 / 72               35 / 72               35 / 72               35 / 72          threads
[2026-04-03T01:38:08.547+0600][20.139s][info][gc,stats    ] =========================================================================================================================================================
[2026-04-03T01:38:08.588+0600][20.181s][info][gc,phases   ] GC(5) Concurrent Mark 239.130ms
[2026-04-03T01:38:08.589+0600][20.182s][info][gc,phases   ] GC(5) Pause Mark End 0.027ms
[2026-04-03T01:38:08.593+0600][20.185s][info][gc,phases   ] GC(5) Concurrent Mark Free 0.002ms
[2026-04-03T01:38:08.644+0600][20.237s][info][gc,phases   ] GC(5) Concurrent Process Non-Strong References 51.123ms
[2026-04-03T01:38:08.644+0600][20.237s][info][gc,phases   ] GC(5) Concurrent Reset Relocation Set 0.031ms
[2026-04-03T01:38:08.656+0600][20.248s][info][gc,phases   ] GC(5) Concurrent Select Relocation Set 11.507ms
[2026-04-03T01:38:08.656+0600][20.249s][info][gc,phases   ] GC(5) Pause Relocate Start 0.017ms
[2026-04-03T01:38:08.767+0600][20.359s][info][gc,phases   ] GC(5) Concurrent Relocate 110.219ms
[2026-04-03T01:38:08.767+0600][20.359s][info][gc,load     ] GC(5) Load: 5.11/9.08/7.90
[2026-04-03T01:38:08.767+0600][20.359s][info][gc,mmu      ] GC(5) MMU: 2ms/97.5%, 5ms/99.0%, 10ms/99.3%, 20ms/99.6%, 50ms/99.9%, 100ms/99.9%
[2026-04-03T01:38:08.767+0600][20.359s][info][gc,marking  ] GC(5) Mark: 2 stripe(s), 2 proactive flush(es), 1 terminate flush(es), 0 completion(s), 0 continuation(s) 
[2026-04-03T01:38:08.767+0600][20.360s][info][gc,marking  ] GC(5) Mark Stack Usage: 32M
[2026-04-03T01:38:08.767+0600][20.360s][info][gc,nmethod  ] GC(5) NMethods: 7648 registered, 667 unregistered
[2026-04-03T01:38:08.767+0600][20.360s][info][gc,metaspace] GC(5) Metaspace: 113M used, 116M committed, 1152M reserved
[2026-04-03T01:38:08.767+0600][20.360s][info][gc,ref      ] GC(5) Soft: 5639 encountered, 0 discovered, 0 enqueued
[2026-04-03T01:38:08.767+0600][20.360s][info][gc,ref      ] GC(5) Weak: 15565 encountered, 6612 discovered, 2801 enqueued
[2026-04-03T01:38:08.767+0600][20.360s][info][gc,ref      ] GC(5) Final: 84 encountered, 0 discovered, 0 enqueued
[2026-04-03T01:38:08.767+0600][20.360s][info][gc,ref      ] GC(5) Phantom: 609 encountered, 473 discovered, 1 enqueued
[2026-04-03T01:38:08.767+0600][20.360s][info][gc,reloc    ] GC(5) Small Pages: 247 / 494M, Empty: 68M, Relocated: 34M, In-Place: 0
[2026-04-03T01:38:08.767+0600][20.360s][info][gc,reloc    ] GC(5) Medium Pages: 5 / 160M, Empty: 0M, Relocated: 9M, In-Place: 0
[2026-04-03T01:38:08.767+0600][20.360s][info][gc,reloc    ] GC(5) Large Pages: 14 / 180M, Empty: 36M, Relocated: 0M, In-Place: 0
[2026-04-03T01:38:08.767+0600][20.360s][info][gc,reloc    ] GC(5) Forwarding Usage: 13M
[2026-04-03T01:38:08.767+0600][20.360s][info][gc,heap     ] GC(5) Min Capacity: 8M(0%)
[2026-04-03T01:38:08.767+0600][20.360s][info][gc,heap     ] GC(5) Max Capacity: 3922M(100%)
[2026-04-03T01:38:08.767+0600][20.360s][info][gc,heap     ] GC(5) Soft Max Capacity: 3922M(100%)
[2026-04-03T01:38:08.767+0600][20.360s][info][gc,heap     ] GC(5)                Mark Start          Mark End        Relocate Start      Relocate End           High               Low         
[2026-04-03T01:38:08.767+0600][20.360s][info][gc,heap     ] GC(5)  Capacity:      936M (24%)         936M (24%)         936M (24%)         968M (25%)         968M (25%)         936M (24%)    
[2026-04-03T01:38:08.767+0600][20.360s][info][gc,heap     ] GC(5)      Free:     3088M (79%)        3006M (77%)        3108M (79%)        3518M (90%)        3518M (90%)        3006M (77%)    
[2026-04-03T01:38:08.767+0600][20.360s][info][gc,heap     ] GC(5)      Used:      834M (21%)         916M (23%)         814M (21%)         404M (10%)         916M (23%)         404M (10%)    
[2026-04-03T01:38:08.767+0600][20.360s][info][gc,heap     ] GC(5)      Live:         -               277M (7%)          277M (7%)          277M (7%)             -                  -          
[2026-04-03T01:38:08.767+0600][20.360s][info][gc,heap     ] GC(5) Allocated:         -                82M (2%)           84M (2%)           85M (2%)             -                  -          
[2026-04-03T01:38:08.767+0600][20.360s][info][gc,heap     ] GC(5)   Garbage:         -               556M (14%)         452M (12%)          41M (1%)             -                  -          
[2026-04-03T01:38:08.767+0600][20.360s][info][gc,heap     ] GC(5) Reclaimed:         -                  -               104M (3%)          515M (13%)            -                  -          
[2026-04-03T01:38:08.767+0600][20.360s][info][gc          ] GC(5) Garbage Collection (Warmup) 834M(21%)->404M(10%)
[2026-04-03T01:38:11.315+0600][22.908s][info][gc,start    ] GC(6) Garbage Collection (System.gc())
[2026-04-03T01:38:11.316+0600][22.908s][info][gc,task     ] GC(6) Using 3 workers
[2026-04-03T01:38:11.316+0600][22.908s][info][gc,phases   ] GC(6) Pause Mark Start 0.009ms
[2026-04-03T01:38:11.411+0600][23.003s][info][gc,phases   ] GC(6) Concurrent Mark 94.668ms
[2026-04-03T01:38:11.411+0600][23.003s][info][gc,phases   ] GC(6) Pause Mark End 0.033ms
[2026-04-03T01:38:11.411+0600][23.004s][info][gc,phases   ] GC(6) Concurrent Mark Free 0.003ms
[2026-04-03T01:38:11.435+0600][23.028s][info][gc,phases   ] GC(6) Concurrent Process Non-Strong References 24.273ms
[2026-04-03T01:38:11.435+0600][23.028s][info][gc,phases   ] GC(6) Concurrent Reset Relocation Set 0.020ms
[2026-04-03T01:38:11.439+0600][23.032s][info][gc,phases   ] GC(6) Concurrent Select Relocation Set 3.463ms
[2026-04-03T01:38:11.439+0600][23.032s][info][gc,phases   ] GC(6) Pause Relocate Start 0.018ms
[2026-04-03T01:38:11.460+0600][23.053s][info][gc,phases   ] GC(6) Concurrent Relocate 20.286ms
[2026-04-03T01:38:11.460+0600][23.053s][info][gc,load     ] GC(6) Load: 6.54/9.31/7.98
[2026-04-03T01:38:11.460+0600][23.053s][info][gc,mmu      ] GC(6) MMU: 2ms/97.5%, 5ms/99.0%, 10ms/99.3%, 20ms/99.6%, 50ms/99.9%, 100ms/99.9%
[2026-04-03T01:38:11.460+0600][23.053s][info][gc,marking  ] GC(6) Mark: 2 stripe(s), 5 proactive flush(es), 1 terminate flush(es), 0 completion(s), 0 continuation(s) 
[2026-04-03T01:38:11.460+0600][23.053s][info][gc,marking  ] GC(6) Mark Stack Usage: 32M
[2026-04-03T01:38:11.460+0600][23.053s][info][gc,nmethod  ] GC(6) NMethods: 8882 registered, 1123 unregistered
[2026-04-03T01:38:11.460+0600][23.053s][info][gc,metaspace] GC(6) Metaspace: 119M used, 120M committed, 1152M reserved
[2026-04-03T01:38:11.460+0600][23.053s][info][gc,ref      ] GC(6) Soft: 5906 encountered, 0 discovered, 0 enqueued
[2026-04-03T01:38:11.460+0600][23.053s][info][gc,ref      ] GC(6) Weak: 14439 encountered, 7562 discovered, 1149 enqueued
[2026-04-03T01:38:11.460+0600][23.053s][info][gc,ref      ] GC(6) Final: 84 encountered, 0 discovered, 0 enqueued
[2026-04-03T01:38:11.460+0600][23.053s][info][gc,ref      ] GC(6) Phantom: 609 encountered, 583 discovered, 1 enqueued
[2026-04-03T01:38:11.460+0600][23.053s][info][gc,reloc    ] GC(6) Small Pages: 321 / 642M, Empty: 168M, Relocated: 13M, In-Place: 0
[2026-04-03T01:38:11.460+0600][23.053s][info][gc,reloc    ] GC(6) Medium Pages: 4 / 128M, Empty: 64M, Relocated: 8M, In-Place: 0
[2026-04-03T01:38:11.460+0600][23.053s][info][gc,reloc    ] GC(6) Large Pages: 16 / 192M, Empty: 192M, Relocated: 0M, In-Place: 0
[2026-04-03T01:38:11.460+0600][23.053s][info][gc,reloc    ] GC(6) Forwarding Usage: 6M
[2026-04-03T01:38:11.460+0600][23.053s][info][gc,heap     ] GC(6) Min Capacity: 8M(0%)
[2026-04-03T01:38:11.460+0600][23.053s][info][gc,heap     ] GC(6) Max Capacity: 3922M(100%)
[2026-04-03T01:38:11.460+0600][23.053s][info][gc,heap     ] GC(6) Soft Max Capacity: 3922M(100%)
[2026-04-03T01:38:11.460+0600][23.053s][info][gc,heap     ] GC(6)                Mark Start          Mark End        Relocate Start      Relocate End           High               Low         
[2026-04-03T01:38:11.460+0600][23.053s][info][gc,heap     ] GC(6)  Capacity:      968M (25%)         968M (25%)         968M (25%)         968M (25%)         968M (25%)         968M (25%)    
[2026-04-03T01:38:11.460+0600][23.053s][info][gc,heap     ] GC(6)      Free:     2960M (75%)        2958M (75%)        3376M (86%)        3782M (96%)        3782M (96%)        2958M (75%)    
[2026-04-03T01:38:11.460+0600][23.053s][info][gc,heap     ] GC(6)      Used:      962M (25%)         964M (25%)         546M (14%)         140M (4%)          964M (25%)         140M (4%)     
[2026-04-03T01:38:11.460+0600][23.053s][info][gc,heap     ] GC(6)      Live:         -                88M (2%)           88M (2%)           88M (2%)             -                  -          
[2026-04-03T01:38:11.460+0600][23.053s][info][gc,heap     ] GC(6) Allocated:         -                 2M (0%)            8M (0%)           17M (0%)             -                  -          
[2026-04-03T01:38:11.460+0600][23.053s][info][gc,heap     ] GC(6)   Garbage:         -               873M (22%)         449M (11%)          33M (1%)             -                  -          
[2026-04-03T01:38:11.460+0600][23.053s][info][gc,heap     ] GC(6) Reclaimed:         -                  -               424M (11%)         839M (21%)            -                  -          
[2026-04-03T01:38:11.460+0600][23.053s][info][gc          ] GC(6) Garbage Collection (System.gc()) 962M(25%)->140M(4%)
[2026-04-03T01:38:13.246+0600][24.839s][info][gc,start    ] GC(7) Garbage Collection (Warmup)
[2026-04-03T01:38:13.246+0600][24.839s][info][gc,task     ] GC(7) Using 3 workers
[2026-04-03T01:38:13.247+0600][24.839s][info][gc,phases   ] GC(7) Pause Mark Start 0.010ms
[2026-04-03T01:38:13.361+0600][24.954s][info][gc,phases   ] GC(7) Concurrent Mark 114.396ms
[2026-04-03T01:38:13.361+0600][24.954s][info][gc,phases   ] GC(7) Pause Mark End 0.040ms
[2026-04-03T01:38:13.361+0600][24.954s][info][gc,phases   ] GC(7) Concurrent Mark Free 0.001ms
[2026-04-03T01:38:13.400+0600][24.993s][info][gc,phases   ] GC(7) Concurrent Process Non-Strong References 38.592ms
[2026-04-03T01:38:13.400+0600][24.993s][info][gc,phases   ] GC(7) Concurrent Reset Relocation Set 0.026ms
[2026-04-03T01:38:13.404+0600][24.997s][info][gc,phases   ] GC(7) Concurrent Select Relocation Set 4.019ms
[2026-04-03T01:38:13.405+0600][24.997s][info][gc,phases   ] GC(7) Pause Relocate Start 0.019ms
[2026-04-03T01:38:13.418+0600][25.011s][info][gc,phases   ] GC(7) Concurrent Relocate 13.509ms
[2026-04-03T01:38:13.418+0600][25.011s][info][gc,load     ] GC(7) Load: 6.54/9.31/7.98
[2026-04-03T01:38:13.418+0600][25.011s][info][gc,mmu      ] GC(7) MMU: 2ms/97.5%, 5ms/99.0%, 10ms/99.3%, 20ms/99.6%, 50ms/99.9%, 100ms/99.9%
[2026-04-03T01:38:13.418+0600][25.011s][info][gc,marking  ] GC(7) Mark: 2 stripe(s), 6 proactive flush(es), 1 terminate flush(es), 0 completion(s), 0 continuation(s) 
[2026-04-03T01:38:13.418+0600][25.011s][info][gc,marking  ] GC(7) Mark Stack Usage: 32M
[2026-04-03T01:38:13.418+0600][25.011s][info][gc,nmethod  ] GC(7) NMethods: 9770 registered, 1414 unregistered
[2026-04-03T01:38:13.418+0600][25.011s][info][gc,metaspace] GC(7) Metaspace: 121M used, 122M committed, 1152M reserved
[2026-04-03T01:38:13.418+0600][25.011s][info][gc,ref      ] GC(7) Soft: 6083 encountered, 0 discovered, 0 enqueued
[2026-04-03T01:38:13.419+0600][25.011s][info][gc,ref      ] GC(7) Weak: 14550 encountered, 5352 discovered, 722 enqueued
[2026-04-03T01:38:13.419+0600][25.011s][info][gc,ref      ] GC(7) Final: 84 encountered, 0 discovered, 0 enqueued
[2026-04-03T01:38:13.419+0600][25.011s][info][gc,ref      ] GC(7) Phantom: 611 encountered, 420 discovered, 0 enqueued
[2026-04-03T01:38:13.419+0600][25.011s][info][gc,reloc    ] GC(7) Small Pages: 160 / 320M, Empty: 38M, Relocated: 8M, In-Place: 0
[2026-04-03T01:38:13.419+0600][25.011s][info][gc,reloc    ] GC(7) Medium Pages: 3 / 96M, Empty: 32M, Relocated: 8M, In-Place: 0
[2026-04-03T01:38:13.419+0600][25.011s][info][gc,reloc    ] GC(7) Large Pages: 135 / 810M, Empty: 810M, Relocated: 0M, In-Place: 0
[2026-04-03T01:38:13.419+0600][25.011s][info][gc,reloc    ] GC(7) Forwarding Usage: 2M
[2026-04-03T01:38:13.419+0600][25.011s][info][gc,heap     ] GC(7) Min Capacity: 8M(0%)
[2026-04-03T01:38:13.419+0600][25.011s][info][gc,heap     ] GC(7) Max Capacity: 3922M(100%)
[2026-04-03T01:38:13.419+0600][25.011s][info][gc,heap     ] GC(7) Soft Max Capacity: 3922M(100%)
[2026-04-03T01:38:13.419+0600][25.011s][info][gc,heap     ] GC(7)                Mark Start          Mark End        Relocate Start      Relocate End           High               Low         
[2026-04-03T01:38:13.419+0600][25.011s][info][gc,heap     ] GC(7)  Capacity:     1558M (40%)        1596M (41%)        1596M (41%)        1596M (41%)        1596M (41%)        1558M (40%)    
[2026-04-03T01:38:13.419+0600][25.011s][info][gc,heap     ] GC(7)      Free:     2696M (69%)        2632M (67%)        3510M (89%)        3722M (95%)        3726M (95%)        2632M (67%)    
[2026-04-03T01:38:13.419+0600][25.011s][info][gc,heap     ] GC(7)      Used:     1226M (31%)        1290M (33%)         412M (11%)         200M (5%)         1290M (33%)         196M (5%)     
[2026-04-03T01:38:13.419+0600][25.012s][info][gc,heap     ] GC(7)      Live:         -                92M (2%)           92M (2%)           92M (2%)             -                  -          
[2026-04-03T01:38:13.419+0600][25.012s][info][gc,heap     ] GC(7) Allocated:         -                64M (2%)           66M (2%)           75M (2%)             -                  -          
[2026-04-03T01:38:13.419+0600][25.012s][info][gc,heap     ] GC(7)   Garbage:         -              1133M (29%)         253M (6%)           31M (1%)             -                  -          
[2026-04-03T01:38:13.419+0600][25.012s][info][gc,heap     ] GC(7) Reclaimed:         -                  -               880M (22%)        1101M (28%)            -                  -          
[2026-04-03T01:38:13.419+0600][25.012s][info][gc          ] GC(7) Garbage Collection (Warmup) 1226M(31%)->200M(5%)
[2026-04-03T01:38:18.545+0600][30.138s][info][gc,stats    ] === Garbage Collection Statistics =======================================================================================================================
[2026-04-03T01:38:18.546+0600][30.138s][info][gc,stats    ]                                                              Last 10s              Last 10m              Last 10h                Total
[2026-04-03T01:38:18.546+0600][30.138s][info][gc,stats    ]                                                              Avg / Max             Avg / Max             Avg / Max             Avg / Max
[2026-04-03T01:38:18.546+0600][30.138s][info][gc,stats    ]   Collector: Garbage Collection Cycle                    245.973 / 421.034     129.272 / 421.034     129.272 / 421.034     129.272 / 421.034     ms
[2026-04-03T01:38:18.546+0600][30.138s][info][gc,stats    ]  Contention: Mark Segment Reset Contention                     7 / 76                2 / 76                2 / 76                2 / 76          ops/s
[2026-04-03T01:38:18.546+0600][30.138s][info][gc,stats    ]  Contention: Mark SeqNum Reset Contention                      0 / 0                 0 / 1                 0 / 1                 0 / 1           ops/s
[2026-04-03T01:38:18.546+0600][30.138s][info][gc,stats    ]    Critical: Allocation Stall                                  0 / 0                 0 / 0                 0 / 0                 0 / 0           ops/s
[2026-04-03T01:38:18.546+0600][30.138s][info][gc,stats    ]    Critical: Allocation Stall                              0.000 / 0.000         0.000 / 0.000         0.000 / 0.000         0.000 / 0.000       ms
[2026-04-03T01:38:18.546+0600][30.138s][info][gc,stats    ]    Critical: GC Locker Stall                                   0 / 1                 0 / 2                 0 / 2                 0 / 2           ops/s
[2026-04-03T01:38:18.546+0600][30.138s][info][gc,stats    ]    Critical: GC Locker Stall                               0.001 / 0.001         0.001 / 0.002         0.001 / 0.002         0.001 / 0.002       ms
[2026-04-03T01:38:18.546+0600][30.138s][info][gc,stats    ]    Critical: Relocation Stall                                  0 / 0                 0 / 0                 0 / 0                 0 / 0           ops/s
[2026-04-03T01:38:18.546+0600][30.138s][info][gc,stats    ]    Critical: Relocation Stall                              0.000 / 0.000         0.000 / 0.000         0.000 / 0.000         0.000 / 0.000       ms
[2026-04-03T01:38:18.546+0600][30.138s][info][gc,stats    ]      Memory: Allocation Rate                                 450 / 968             232 / 968             232 / 968             232 / 968         MB/s
[2026-04-03T01:38:18.546+0600][30.138s][info][gc,stats    ]      Memory: Defragment                                       51 / 191              19 / 191              19 / 191              19 / 191         ops/s
[2026-04-03T01:38:18.546+0600][30.138s][info][gc,stats    ]      Memory: Out Of Memory                                     0 / 0                 0 / 0                 0 / 0                 0 / 0           ops/s
[2026-04-03T01:38:18.546+0600][30.138s][info][gc,stats    ]      Memory: Page Cache Flush                                103 / 382              39 / 382              39 / 382              39 / 382         MB/s
[2026-04-03T01:38:18.546+0600][30.138s][info][gc,stats    ]      Memory: Page Cache Hit L1                                79 / 192              48 / 192              48 / 192              48 / 192         ops/s
[2026-04-03T01:38:18.546+0600][30.138s][info][gc,stats    ]      Memory: Page Cache Hit L2                                 0 / 0                 0 / 0                 0 / 0                 0 / 0           ops/s
[2026-04-03T01:38:18.546+0600][30.138s][info][gc,stats    ]      Memory: Page Cache Hit L3                                43 / 138              20 / 138              20 / 138              20 / 138         ops/s
[2026-04-03T01:38:18.546+0600][30.138s][info][gc,stats    ]      Memory: Page Cache Miss                                  26 / 158              12 / 158              12 / 158              12 / 158         ops/s
[2026-04-03T01:38:18.546+0600][30.138s][info][gc,stats    ]      Memory: Uncommit                                          0 / 0                 0 / 0                 0 / 0                 0 / 0           MB/s
[2026-04-03T01:38:18.546+0600][30.138s][info][gc,stats    ]      Memory: Undo Object Allocation Failed                     0 / 0                 0 / 0                 0 / 0                 0 / 0           ops/s
[2026-04-03T01:38:18.546+0600][30.138s][info][gc,stats    ]      Memory: Undo Object Allocation Succeeded                  2 / 19                0 / 19                0 / 19                0 / 19          ops/s
[2026-04-03T01:38:18.546+0600][30.138s][info][gc,stats    ]      Memory: Undo Page Allocation                              1 / 10                0 / 10                0 / 10                0 / 10          ops/s
[2026-04-03T01:38:18.546+0600][30.138s][info][gc,stats    ]       Phase: Concurrent Mark                             149.398 / 239.130      75.516 / 239.130      75.516 / 239.130      75.516 / 239.130     ms
[2026-04-03T01:38:18.546+0600][30.138s][info][gc,stats    ]       Phase: Concurrent Mark Continue                      0.000 / 0.000         0.000 / 0.000         0.000 / 0.000         0.000 / 0.000       ms
[2026-04-03T01:38:18.546+0600][30.138s][info][gc,stats    ]       Phase: Concurrent Mark Free                          0.002 / 0.003         0.003 / 0.004         0.003 / 0.004         0.003 / 0.004       ms
[2026-04-03T01:38:18.546+0600][30.138s][info][gc,stats    ]       Phase: Concurrent Process Non-Strong References     37.996 / 51.123       17.961 / 51.123       17.961 / 51.123       17.961 / 51.123      ms
[2026-04-03T01:38:18.546+0600][30.139s][info][gc,stats    ]       Phase: Concurrent Relocate                          48.004 / 110.219      26.833 / 110.219      26.833 / 110.219      26.833 / 110.219     ms
[2026-04-03T01:38:18.546+0600][30.139s][info][gc,stats    ]       Phase: Concurrent Reset Relocation Set               0.025 / 0.031         0.016 / 0.031         0.016 / 0.031         0.016 / 0.031       ms
[2026-04-03T01:38:18.546+0600][30.139s][info][gc,stats    ]       Phase: Concurrent Select Relocation Set              6.330 / 11.507        6.221 / 11.507        6.221 / 11.507        6.221 / 11.507      ms
[2026-04-03T01:38:18.546+0600][30.139s][info][gc,stats    ]       Phase: Pause Mark End                                0.033 / 0.040         0.030 / 0.049         0.030 / 0.049         0.030 / 0.049       ms
[2026-04-03T01:38:18.546+0600][30.139s][info][gc,stats    ]       Phase: Pause Mark Start                              0.009 / 0.010         0.013 / 0.021         0.013 / 0.021         0.013 / 0.021       ms
[2026-04-03T01:38:18.546+0600][30.139s][info][gc,stats    ]       Phase: Pause Relocate Start                          0.018 / 0.019         0.020 / 0.040         0.020 / 0.040         0.020 / 0.040       ms
[2026-04-03T01:38:18.546+0600][30.139s][info][gc,stats    ]    Subphase: Concurrent Classes Purge                      1.604 / 2.630         0.890 / 2.630         0.890 / 2.630         0.890 / 2.630       ms
[2026-04-03T01:38:18.546+0600][30.139s][info][gc,stats    ]    Subphase: Concurrent Classes Unlink                    32.086 / 41.231       14.357 / 41.231       14.357 / 41.231       14.357 / 41.231      ms
[2026-04-03T01:38:18.546+0600][30.139s][info][gc,stats    ]    Subphase: Concurrent Mark                             146.601 / 235.796      73.093 / 235.796      73.093 / 235.796      73.093 / 235.796     ms
[2026-04-03T01:38:18.546+0600][30.139s][info][gc,stats    ]    Subphase: Concurrent Mark Try Flush                     1.142 / 4.676         0.604 / 4.676         0.604 / 4.676         0.604 / 4.676       ms
[2026-04-03T01:38:18.546+0600][30.139s][info][gc,stats    ]    Subphase: Concurrent Mark Try Terminate                 1.018 / 3.358         0.918 / 3.358         0.918 / 3.358         0.918 / 3.358       ms
[2026-04-03T01:38:18.546+0600][30.139s][info][gc,stats    ]    Subphase: Concurrent References Enqueue                 0.023 / 0.036         0.013 / 0.036         0.013 / 0.036         0.013 / 0.036       ms
[2026-04-03T01:38:18.546+0600][30.139s][info][gc,stats    ]    Subphase: Concurrent References Process                 0.992 / 1.479         0.627 / 1.479         0.627 / 1.479         0.627 / 1.479       ms
[2026-04-03T01:38:18.546+0600][30.139s][info][gc,stats    ]    Subphase: Concurrent Roots ClassLoaderDataGraph         0.284 / 0.520         0.382 / 3.026         0.382 / 3.026         0.382 / 3.026       ms
[2026-04-03T01:38:18.546+0600][30.139s][info][gc,stats    ]    Subphase: Concurrent Roots CodeCache                    0.000 / 0.000         0.000 / 0.000         0.000 / 0.000         0.000 / 0.000       ms
[2026-04-03T01:38:18.546+0600][30.139s][info][gc,stats    ]    Subphase: Concurrent Roots JavaThreads                  0.647 / 0.868         0.955 / 3.281         0.955 / 3.281         0.955 / 3.281       ms
[2026-04-03T01:38:18.546+0600][30.139s][info][gc,stats    ]    Subphase: Concurrent Roots OopStorageSet                0.089 / 0.114         0.079 / 0.129         0.079 / 0.129         0.079 / 0.129       ms
[2026-04-03T01:38:18.546+0600][30.139s][info][gc,stats    ]    Subphase: Concurrent Weak Roots OopStorageSet           1.726 / 3.002         1.144 / 3.002         1.144 / 3.002         1.144 / 3.002       ms
[2026-04-03T01:38:18.546+0600][30.139s][info][gc,stats    ]    Subphase: Pause Mark Try Complete                       0.000 / 0.000         0.000 / 0.000         0.000 / 0.000         0.000 / 0.000       ms
[2026-04-03T01:38:18.546+0600][30.139s][info][gc,stats    ]      System: Java Threads                                    116 / 159              62 / 159              62 / 159              62 / 159         threads
[2026-04-03T01:38:18.546+0600][30.139s][info][gc,stats    ] =========================================================================================================================================================
[2026-04-03T01:38:19.646+0600][31.239s][info][gc,start    ] GC(8) Garbage Collection (Allocation Rate)
[2026-04-03T01:38:19.646+0600][31.239s][info][gc,task     ] GC(8) Using 2 workers
[2026-04-03T01:38:19.647+0600][31.239s][info][gc,phases   ] GC(8) Pause Mark Start 0.019ms
[2026-04-03T01:38:19.826+0600][31.418s][info][gc,phases   ] GC(8) Concurrent Mark 179.036ms
[2026-04-03T01:38:19.826+0600][31.419s][info][gc,phases   ] GC(8) Pause Mark End 0.048ms
[2026-04-03T01:38:19.826+0600][31.419s][info][gc,phases   ] GC(8) Concurrent Mark Free 0.002ms
[2026-04-03T01:38:19.909+0600][31.502s][info][gc,phases   ] GC(8) Concurrent Process Non-Strong References 82.934ms
[2026-04-03T01:38:19.910+0600][31.502s][info][gc,phases   ] GC(8) Concurrent Reset Relocation Set 0.017ms
[2026-04-03T01:38:19.918+0600][31.511s][info][gc,phases   ] GC(8) Concurrent Select Relocation Set 8.199ms
[2026-04-03T01:38:19.919+0600][31.512s][info][gc,phases   ] GC(8) Pause Relocate Start 0.018ms
[2026-04-03T01:38:19.967+0600][31.560s][info][gc,phases   ] GC(8) Concurrent Relocate 47.810ms
[2026-04-03T01:38:19.967+0600][31.560s][info][gc,load     ] GC(8) Load: 6.17/9.14/7.94
[2026-04-03T01:38:19.967+0600][31.560s][info][gc,mmu      ] GC(8) MMU: 2ms/97.5%, 5ms/99.0%, 10ms/99.3%, 20ms/99.6%, 50ms/99.9%, 100ms/99.9%
[2026-04-03T01:38:19.967+0600][31.560s][info][gc,marking  ] GC(8) Mark: 2 stripe(s), 2 proactive flush(es), 1 terminate flush(es), 0 completion(s), 0 continuation(s) 
[2026-04-03T01:38:19.967+0600][31.560s][info][gc,marking  ] GC(8) Mark Stack Usage: 32M
[2026-04-03T01:38:19.967+0600][31.560s][info][gc,nmethod  ] GC(8) NMethods: 12606 registered, 812 unregistered
[2026-04-03T01:38:19.967+0600][31.560s][info][gc,metaspace] GC(8) Metaspace: 126M used, 128M committed, 1152M reserved
[2026-04-03T01:38:19.967+0600][31.560s][info][gc,ref      ] GC(8) Soft: 6278 encountered, 0 discovered, 0 enqueued
[2026-04-03T01:38:19.968+0600][31.560s][info][gc,ref      ] GC(8) Weak: 18705 encountered, 6438 discovered, 3936 enqueued
[2026-04-03T01:38:19.968+0600][31.560s][info][gc,ref      ] GC(8) Final: 84 encountered, 0 discovered, 0 enqueued
[2026-04-03T01:38:19.968+0600][31.560s][info][gc,ref      ] GC(8) Phantom: 620 encountered, 357 discovered, 0 enqueued
[2026-04-03T01:38:19.968+0600][31.560s][info][gc,reloc    ] GC(8) Small Pages: 1114 / 2228M, Empty: 910M, Relocated: 13M, In-Place: 0
[2026-04-03T01:38:19.968+0600][31.560s][info][gc,reloc    ] GC(8) Medium Pages: 14 / 448M, Empty: 416M, Relocated: 0M, In-Place: 0
[2026-04-03T01:38:19.968+0600][31.560s][info][gc,reloc    ] GC(8) Large Pages: 56 / 336M, Empty: 336M, Relocated: 0M, In-Place: 0
[2026-04-03T01:38:19.968+0600][31.560s][info][gc,reloc    ] GC(8) Forwarding Usage: 3M
[2026-04-03T01:38:19.968+0600][31.560s][info][gc,heap     ] GC(8) Min Capacity: 8M(0%)
[2026-04-03T01:38:19.968+0600][31.560s][info][gc,heap     ] GC(8) Max Capacity: 3922M(100%)
[2026-04-03T01:38:19.968+0600][31.560s][info][gc,heap     ] GC(8) Soft Max Capacity: 3922M(100%)
[2026-04-03T01:38:19.968+0600][31.560s][info][gc,heap     ] GC(8)                Mark Start          Mark End        Relocate Start      Relocate End           High               Low         
[2026-04-03T01:38:19.968+0600][31.560s][info][gc,heap     ] GC(8)  Capacity:     3012M (77%)        3150M (80%)        3176M (81%)        3176M (81%)        3176M (81%)        3012M (77%)    
[2026-04-03T01:38:19.968+0600][31.560s][info][gc,heap     ] GC(8)      Free:      910M (23%)         798M (20%)        2398M (61%)        3576M (91%)        3578M (91%)         746M (19%)    
[2026-04-03T01:38:19.968+0600][31.560s][info][gc,heap     ] GC(8)      Used:     3012M (77%)        3124M (80%)        1524M (39%)         346M (9%)         3176M (81%)         344M (9%)     
[2026-04-03T01:38:19.968+0600][31.560s][info][gc,heap     ] GC(8)      Live:         -               104M (3%)          104M (3%)          104M (3%)             -                  -          
[2026-04-03T01:38:19.968+0600][31.560s][info][gc,heap     ] GC(8) Allocated:         -               112M (3%)          174M (4%)          207M (5%)             -                  -          
[2026-04-03T01:38:19.968+0600][31.561s][info][gc,heap     ] GC(8)   Garbage:         -              2907M (74%)        1245M (32%)          34M (1%)             -                  -          
[2026-04-03T01:38:19.968+0600][31.561s][info][gc,heap     ] GC(8) Reclaimed:         -                  -              1662M (42%)        2873M (73%)            -                  -          
[2026-04-03T01:38:19.968+0600][31.561s][info][gc          ] GC(8) Garbage Collection (Allocation Rate) 3012M(77%)->346M(9%)
[2026-04-03T01:38:20.946+0600][32.538s][info][gc,start    ] GC(9) Garbage Collection (Allocation Rate)
[2026-04-03T01:38:20.946+0600][32.538s][info][gc,task     ] GC(9) Using 2 workers
[2026-04-03T01:38:21.000+0600][32.593s][info][gc,phases   ] GC(9) Pause Mark Start 0.020ms
[2026-04-03T01:38:21.191+0600][32.784s][info][gc,phases   ] GC(9) Concurrent Mark 191.159ms
[2026-04-03T01:38:21.192+0600][32.784s][info][gc,phases   ] GC(9) Pause Mark End 0.051ms
[2026-04-03T01:38:21.192+0600][32.784s][info][gc,phases   ] GC(9) Concurrent Mark Free 0.002ms
[2026-04-03T01:38:21.221+0600][32.814s][info][gc,phases   ] GC(9) Concurrent Process Non-Strong References 29.372ms
[2026-04-03T01:38:21.221+0600][32.814s][info][gc,phases   ] GC(9) Concurrent Reset Relocation Set 0.076ms
[2026-04-03T01:38:21.226+0600][32.818s][info][gc,phases   ] GC(9) Concurrent Select Relocation Set 4.171ms
[2026-04-03T01:38:21.226+0600][32.819s][info][gc,phases   ] GC(9) Pause Relocate Start 0.029ms
[2026-04-03T01:38:21.241+0600][32.834s][info][gc,phases   ] GC(9) Concurrent Relocate 15.072ms
[2026-04-03T01:38:21.242+0600][32.834s][info][gc,load     ] GC(9) Load: 6.17/9.14/7.94
[2026-04-03T01:38:21.242+0600][32.834s][info][gc,mmu      ] GC(9) MMU: 2ms/97.5%, 5ms/99.0%, 10ms/99.3%, 20ms/99.6%, 50ms/99.8%, 100ms/99.9%
[2026-04-03T01:38:21.242+0600][32.834s][info][gc,marking  ] GC(9) Mark: 2 stripe(s), 2 proactive flush(es), 1 terminate flush(es), 0 completion(s), 0 continuation(s) 
[2026-04-03T01:38:21.242+0600][32.834s][info][gc,marking  ] GC(9) Mark Stack Usage: 32M
[2026-04-03T01:38:21.242+0600][32.834s][info][gc,nmethod  ] GC(9) NMethods: 12938 registered, 933 unregistered
[2026-04-03T01:38:21.242+0600][32.834s][info][gc,metaspace] GC(9) Metaspace: 126M used, 128M committed, 1152M reserved
[2026-04-03T01:38:21.242+0600][32.834s][info][gc,ref      ] GC(9) Soft: 6302 encountered, 0 discovered, 0 enqueued
[2026-04-03T01:38:21.242+0600][32.834s][info][gc,ref      ] GC(9) Weak: 15762 encountered, 7347 discovered, 956 enqueued
[2026-04-03T01:38:21.242+0600][32.834s][info][gc,ref      ] GC(9) Final: 84 encountered, 0 discovered, 0 enqueued
[2026-04-03T01:38:21.242+0600][32.834s][info][gc,ref      ] GC(9) Phantom: 620 encountered, 561 discovered, 0 enqueued
[2026-04-03T01:38:21.242+0600][32.834s][info][gc,reloc    ] GC(9) Small Pages: 346 / 692M, Empty: 228M, Relocated: 8M, In-Place: 0
[2026-04-03T01:38:21.242+0600][32.835s][info][gc,reloc    ] GC(9) Medium Pages: 4 / 128M, Empty: 64M, Relocated: 12M, In-Place: 0
[2026-04-03T01:38:21.242+0600][32.835s][info][gc,reloc    ] GC(9) Large Pages: 139 / 834M, Empty: 834M, Relocated: 0M, In-Place: 0
[2026-04-03T01:38:21.242+0600][32.835s][info][gc,reloc    ] GC(9) Forwarding Usage: 2M
[2026-04-03T01:38:21.242+0600][32.835s][info][gc,heap     ] GC(9) Min Capacity: 8M(0%)
[2026-04-03T01:38:21.242+0600][32.835s][info][gc,heap     ] GC(9) Max Capacity: 3922M(100%)
[2026-04-03T01:38:21.242+0600][32.835s][info][gc,heap     ] GC(9) Soft Max Capacity: 3922M(100%)
[2026-04-03T01:38:21.242+0600][32.835s][info][gc,heap     ] GC(9)                Mark Start          Mark End        Relocate Start      Relocate End           High               Low         
[2026-04-03T01:38:21.242+0600][32.835s][info][gc,heap     ] GC(9)  Capacity:     3500M (89%)        3500M (89%)        3500M (89%)        3500M (89%)        3500M (89%)        3500M (89%)    
[2026-04-03T01:38:21.242+0600][32.835s][info][gc,heap     ] GC(9)      Free:     2268M (58%)        2174M (55%)        3292M (84%)        3682M (94%)        3684M (94%)        2166M (55%)    
[2026-04-03T01:38:21.242+0600][32.835s][info][gc,heap     ] GC(9)      Used:     1654M (42%)        1748M (45%)         630M (16%)         240M (6%)         1756M (45%)         238M (6%)     
[2026-04-03T01:38:21.242+0600][32.835s][info][gc,heap     ] GC(9)      Live:         -               104M (3%)          104M (3%)          104M (3%)             -                  -          
[2026-04-03T01:38:21.242+0600][32.835s][info][gc,heap     ] GC(9) Allocated:         -                94M (2%)          102M (3%)          105M (3%)             -                  -          
[2026-04-03T01:38:21.242+0600][32.835s][info][gc,heap     ] GC(9)   Garbage:         -              1549M (40%)         423M (11%)          29M (1%)             -                  -          
[2026-04-03T01:38:21.242+0600][32.835s][info][gc,heap     ] GC(9) Reclaimed:         -                  -              1126M (29%)        1519M (39%)            -                  -          
[2026-04-03T01:38:21.242+0600][32.835s][info][gc          ] GC(9) Garbage Collection (Allocation Rate) 1654M(42%)->240M(6%)
[2026-04-03T01:38:24.446+0600][36.039s][info][gc,start    ] GC(10) Garbage Collection (Allocation Rate)
[2026-04-03T01:38:24.446+0600][36.039s][info][gc,task     ] GC(10) Using 1 workers
[2026-04-03T01:38:24.446+0600][36.039s][info][gc,phases   ] GC(10) Pause Mark Start 0.013ms
[2026-04-03T01:38:24.764+0600][36.357s][info][gc,phases   ] GC(10) Concurrent Mark 318.001ms
[2026-04-03T01:38:24.765+0600][36.358s][info][gc,phases   ] GC(10) Pause Mark End 0.028ms
[2026-04-03T01:38:24.765+0600][36.358s][info][gc,phases   ] GC(10) Concurrent Mark Free 0.002ms
[2026-04-03T01:38:24.827+0600][36.420s][info][gc,phases   ] GC(10) Concurrent Process Non-Strong References 62.159ms
[2026-04-03T01:38:24.827+0600][36.420s][info][gc,phases   ] GC(10) Concurrent Reset Relocation Set 0.021ms
[2026-04-03T01:38:24.834+0600][36.426s][info][gc,phases   ] GC(10) Concurrent Select Relocation Set 5.992ms
[2026-04-03T01:38:24.834+0600][36.427s][info][gc,phases   ] GC(10) Pause Relocate Start 0.018ms
[2026-04-03T01:38:24.854+0600][36.446s][info][gc,phases   ] GC(10) Concurrent Relocate 19.555ms
[2026-04-03T01:38:24.854+0600][36.447s][info][gc,load     ] GC(10) Load: 7.11/9.29/8.00
[2026-04-03T01:38:24.854+0600][36.447s][info][gc,mmu      ] GC(10) MMU: 2ms/97.5%, 5ms/99.0%, 10ms/99.3%, 20ms/99.6%, 50ms/99.8%, 100ms/99.9%
[2026-04-03T01:38:24.854+0600][36.447s][info][gc,marking  ] GC(10) Mark: 1 stripe(s), 2 proactive flush(es), 1 terminate flush(es), 0 completion(s), 0 continuation(s) 
[2026-04-03T01:38:24.854+0600][36.447s][info][gc,marking  ] GC(10) Mark Stack Usage: 32M
[2026-04-03T01:38:24.854+0600][36.447s][info][gc,nmethod  ] GC(10) NMethods: 13517 registered, 1163 unregistered
[2026-04-03T01:38:24.854+0600][36.447s][info][gc,metaspace] GC(10) Metaspace: 127M used, 128M committed, 1152M reserved
[2026-04-03T01:38:24.854+0600][36.447s][info][gc,ref      ] GC(10) Soft: 6298 encountered, 0 discovered, 0 enqueued
[2026-04-03T01:38:24.854+0600][36.447s][info][gc,ref      ] GC(10) Weak: 18433 encountered, 6921 discovered, 3537 enqueued
[2026-04-03T01:38:24.854+0600][36.447s][info][gc,ref      ] GC(10) Final: 84 encountered, 0 discovered, 0 enqueued
[2026-04-03T01:38:24.854+0600][36.447s][info][gc,ref      ] GC(10) Phantom: 620 encountered, 583 discovered, 0 enqueued
[2026-04-03T01:38:24.854+0600][36.447s][info][gc,reloc    ] GC(10) Small Pages: 1046 / 2092M, Empty: 932M, Relocated: 8M, In-Place: 0
[2026-04-03T01:38:24.854+0600][36.447s][info][gc,reloc    ] GC(10) Medium Pages: 13 / 416M, Empty: 384M, Relocated: 0M, In-Place: 0
[2026-04-03T01:38:24.854+0600][36.447s][info][gc,reloc    ] GC(10) Large Pages: 52 / 312M, Empty: 312M, Relocated: 0M, In-Place: 0
[2026-04-03T01:38:24.854+0600][36.447s][info][gc,reloc    ] GC(10) Forwarding Usage: 2M
[2026-04-03T01:38:24.854+0600][36.447s][info][gc,heap     ] GC(10) Min Capacity: 8M(0%)
[2026-04-03T01:38:24.854+0600][36.447s][info][gc,heap     ] GC(10) Max Capacity: 3922M(100%)
[2026-04-03T01:38:24.854+0600][36.447s][info][gc,heap     ] GC(10) Soft Max Capacity: 3922M(100%)
[2026-04-03T01:38:24.854+0600][36.447s][info][gc,heap     ] GC(10)                Mark Start          Mark End        Relocate Start      Relocate End           High               Low         
[2026-04-03T01:38:24.854+0600][36.447s][info][gc,heap     ] GC(10)  Capacity:     3724M (95%)        3724M (95%)        3724M (95%)        3724M (95%)        3724M (95%)        3724M (95%)    
[2026-04-03T01:38:24.854+0600][36.447s][info][gc,heap     ] GC(10)      Free:     1102M (28%)         778M (20%)        2304M (59%)        3316M (85%)        3318M (85%)         688M (18%)    
[2026-04-03T01:38:24.854+0600][36.447s][info][gc,heap     ] GC(10)      Used:     2820M (72%)        3144M (80%)        1618M (41%)         606M (15%)        3234M (82%)         604M (15%)    
[2026-04-03T01:38:24.854+0600][36.447s][info][gc,heap     ] GC(10)      Live:         -               106M (3%)          106M (3%)          106M (3%)             -                  -          
[2026-04-03T01:38:24.854+0600][36.447s][info][gc,heap     ] GC(10) Allocated:         -               324M (8%)          426M (11%)         463M (12%)            -                  -          
[2026-04-03T01:38:24.854+0600][36.447s][info][gc,heap     ] GC(10)   Garbage:         -              2713M (69%)        1085M (28%)          36M (1%)             -                  -          
[2026-04-03T01:38:24.854+0600][36.447s][info][gc,heap     ] GC(10) Reclaimed:         -                  -              1628M (42%)        2677M (68%)            -                  -          
[2026-04-03T01:38:24.854+0600][36.447s][info][gc          ] GC(10) Garbage Collection (Allocation Rate) 2820M(72%)->606M(15%)
[2026-04-03T01:38:25.046+0600][36.638s][info][gc,start    ] GC(11) Garbage Collection (Allocation Rate)
[2026-04-03T01:38:25.046+0600][36.638s][info][gc,task     ] GC(11) Using 2 workers
[2026-04-03T01:38:25.046+0600][36.639s][info][gc,phases   ] GC(11) Pause Mark Start 0.013ms
[2026-04-03T01:38:25.201+0600][36.794s][info][gc,phases   ] GC(11) Concurrent Mark 154.841ms
[2026-04-03T01:38:25.201+0600][36.794s][info][gc,phases   ] GC(11) Pause Mark End 0.032ms
[2026-04-03T01:38:25.201+0600][36.794s][info][gc,phases   ] GC(11) Concurrent Mark Free 0.002ms
[2026-04-03T01:38:25.232+0600][36.824s][info][gc,phases   ] GC(11) Concurrent Process Non-Strong References 30.343ms
[2026-04-03T01:38:25.232+0600][36.825s][info][gc,phases   ] GC(11) Concurrent Reset Relocation Set 0.058ms
[2026-04-03T01:38:25.237+0600][36.830s][info][gc,phases   ] GC(11) Concurrent Select Relocation Set 5.595ms
[2026-04-03T01:38:25.238+0600][36.831s][info][gc,phases   ] GC(11) Pause Relocate Start 0.019ms
[2026-04-03T01:38:25.250+0600][36.843s][info][gc,phases   ] GC(11) Concurrent Relocate 11.859ms
[2026-04-03T01:38:25.250+0600][36.843s][info][gc,load     ] GC(11) Load: 7.11/9.29/8.00
[2026-04-03T01:38:25.250+0600][36.843s][info][gc,mmu      ] GC(11) MMU: 2ms/97.5%, 5ms/99.0%, 10ms/99.3%, 20ms/99.6%, 50ms/99.8%, 100ms/99.9%
[2026-04-03T01:38:25.250+0600][36.843s][info][gc,marking  ] GC(11) Mark: 2 stripe(s), 3 proactive flush(es), 2 terminate flush(es), 0 completion(s), 0 continuation(s) 
[2026-04-03T01:38:25.250+0600][36.843s][info][gc,marking  ] GC(11) Mark Stack Usage: 32M
[2026-04-03T01:38:25.250+0600][36.843s][info][gc,nmethod  ] GC(11) NMethods: 13559 registered, 1218 unregistered
[2026-04-03T01:38:25.250+0600][36.843s][info][gc,metaspace] GC(11) Metaspace: 127M used, 128M committed, 1152M reserved
[2026-04-03T01:38:25.251+0600][36.843s][info][gc,ref      ] GC(11) Soft: 6306 encountered, 0 discovered, 0 enqueued
[2026-04-03T01:38:25.251+0600][36.843s][info][gc,ref      ] GC(11) Weak: 15514 encountered, 4520 discovered, 611 enqueued
[2026-04-03T01:38:25.251+0600][36.843s][info][gc,ref      ] GC(11) Final: 84 encountered, 0 discovered, 0 enqueued
[2026-04-03T01:38:25.251+0600][36.843s][info][gc,ref      ] GC(11) Phantom: 620 encountered, 448 discovered, 0 enqueued
[2026-04-03T01:38:25.251+0600][36.843s][info][gc,reloc    ] GC(11) Small Pages: 326 / 652M, Empty: 322M, Relocated: 10M, In-Place: 0
[2026-04-03T01:38:25.251+0600][36.843s][info][gc,reloc    ] GC(11) Medium Pages: 3 / 96M, Empty: 64M, Relocated: 0M, In-Place: 0
[2026-04-03T01:38:25.251+0600][36.843s][info][gc,reloc    ] GC(11) Large Pages: 73 / 438M, Empty: 438M, Relocated: 0M, In-Place: 0
[2026-04-03T01:38:25.251+0600][36.843s][info][gc,reloc    ] GC(11) Forwarding Usage: 1M
[2026-04-03T01:38:25.251+0600][36.843s][info][gc,heap     ] GC(11) Min Capacity: 8M(0%)
[2026-04-03T01:38:25.251+0600][36.843s][info][gc,heap     ] GC(11) Max Capacity: 3922M(100%)
[2026-04-03T01:38:25.251+0600][36.843s][info][gc,heap     ] GC(11) Soft Max Capacity: 3922M(100%)
[2026-04-03T01:38:25.251+0600][36.843s][info][gc,heap     ] GC(11)                Mark Start          Mark End        Relocate Start      Relocate End           High               Low         
[2026-04-03T01:38:25.251+0600][36.843s][info][gc,heap     ] GC(11)  Capacity:     3724M (95%)        3724M (95%)        3724M (95%)        3724M (95%)        3724M (95%)        3724M (95%)    
[2026-04-03T01:38:25.251+0600][36.843s][info][gc,heap     ] GC(11)      Free:     2736M (70%)        2258M (58%)        3032M (77%)        3244M (83%)        3244M (83%)        2222M (57%)    
[2026-04-03T01:38:25.251+0600][36.843s][info][gc,heap     ] GC(11)      Used:     1186M (30%)        1664M (42%)         890M (23%)         678M (17%)        1700M (43%)         678M (17%)    
[2026-04-03T01:38:25.251+0600][36.843s][info][gc,heap     ] GC(11)      Live:         -               106M (3%)          106M (3%)          106M (3%)             -                  -          
[2026-04-03T01:38:25.251+0600][36.843s][info][gc,heap     ] GC(11) Allocated:         -               478M (12%)         528M (13%)         535M (14%)            -                  -          
[2026-04-03T01:38:25.251+0600][36.844s][info][gc,heap     ] GC(11)   Garbage:         -              1079M (28%)         255M (7%)           35M (1%)             -                  -          
[2026-04-03T01:38:25.251+0600][36.844s][info][gc,heap     ] GC(11) Reclaimed:         -                  -               824M (21%)        1043M (27%)            -                  -          
[2026-04-03T01:38:25.251+0600][36.844s][info][gc          ] GC(11) Garbage Collection (Allocation Rate) 1186M(30%)->678M(17%)
[2026-04-03T01:38:27.746+0600][39.339s][info][gc,start    ] GC(12) Garbage Collection (Allocation Rate)
[2026-04-03T01:38:27.746+0600][39.339s][info][gc,task     ] GC(12) Using 1 workers
[2026-04-03T01:38:27.746+0600][39.339s][info][gc,phases   ] GC(12) Pause Mark Start 0.018ms
[2026-04-03T01:38:27.989+0600][39.582s][info][gc,phases   ] GC(12) Concurrent Mark 242.490ms
[2026-04-03T01:38:27.989+0600][39.582s][info][gc,phases   ] GC(12) Pause Mark End 0.035ms
[2026-04-03T01:38:27.989+0600][39.582s][info][gc,phases   ] GC(12) Concurrent Mark Free 0.002ms
[2026-04-03T01:38:28.038+0600][39.631s][info][gc,phases   ] GC(12) Concurrent Process Non-Strong References 48.684ms
[2026-04-03T01:38:28.038+0600][39.631s][info][gc,phases   ] GC(12) Concurrent Reset Relocation Set 0.018ms
[2026-04-03T01:38:28.043+0600][39.636s][info][gc,phases   ] GC(12) Concurrent Select Relocation Set 4.764ms
[2026-04-03T01:38:28.044+0600][39.636s][info][gc,phases   ] GC(12) Pause Relocate Start 0.016ms
[2026-04-03T01:38:28.073+0600][39.665s][info][gc,phases   ] GC(12) Concurrent Relocate 28.763ms
[2026-04-03T01:38:28.073+0600][39.665s][info][gc,load     ] GC(12) Load: 7.11/9.29/8.00
[2026-04-03T01:38:28.073+0600][39.665s][info][gc,mmu      ] GC(12) MMU: 2ms/97.5%, 5ms/99.0%, 10ms/99.3%, 20ms/99.6%, 50ms/99.8%, 100ms/99.9%
[2026-04-03T01:38:28.073+0600][39.666s][info][gc,marking  ] GC(12) Mark: 1 stripe(s), 2 proactive flush(es), 1 terminate flush(es), 0 completion(s), 0 continuation(s) 
[2026-04-03T01:38:28.073+0600][39.666s][info][gc,marking  ] GC(12) Mark Stack Usage: 32M
[2026-04-03T01:38:28.073+0600][39.666s][info][gc,nmethod  ] GC(12) NMethods: 13801 registered, 1383 unregistered
[2026-04-03T01:38:28.073+0600][39.666s][info][gc,metaspace] GC(12) Metaspace: 127M used, 128M committed, 1152M reserved
[2026-04-03T01:38:28.073+0600][39.666s][info][gc,ref      ] GC(12) Soft: 6306 encountered, 0 discovered, 0 enqueued
[2026-04-03T01:38:28.073+0600][39.666s][info][gc,ref      ] GC(12) Weak: 18254 encountered, 6005 discovered, 2209 enqueued
[2026-04-03T01:38:28.073+0600][39.666s][info][gc,ref      ] GC(12) Final: 84 encountered, 0 discovered, 0 enqueued
[2026-04-03T01:38:28.073+0600][39.666s][info][gc,ref      ] GC(12) Phantom: 620 encountered, 279 discovered, 0 enqueued
[2026-04-03T01:38:28.073+0600][39.666s][info][gc,reloc    ] GC(12) Small Pages: 1018 / 2036M, Empty: 1036M, Relocated: 17M, In-Place: 0
[2026-04-03T01:38:28.073+0600][39.666s][info][gc,reloc    ] GC(12) Medium Pages: 13 / 416M, Empty: 384M, Relocated: 0M, In-Place: 0
[2026-04-03T01:38:28.073+0600][39.666s][info][gc,reloc    ] GC(12) Large Pages: 113 / 678M, Empty: 678M, Relocated: 0M, In-Place: 0
[2026-04-03T01:38:28.073+0600][39.666s][info][gc,reloc    ] GC(12) Forwarding Usage: 4M
[2026-04-03T01:38:28.073+0600][39.666s][info][gc,heap     ] GC(12) Min Capacity: 8M(0%)
[2026-04-03T01:38:28.073+0600][39.666s][info][gc,heap     ] GC(12) Max Capacity: 3922M(100%)
[2026-04-03T01:38:28.073+0600][39.666s][info][gc,heap     ] GC(12) Soft Max Capacity: 3922M(100%)
[2026-04-03T01:38:28.073+0600][39.666s][info][gc,heap     ] GC(12)                Mark Start          Mark End        Relocate Start      Relocate End           High               Low         
[2026-04-03T01:38:28.073+0600][39.666s][info][gc,heap     ] GC(12)  Capacity:     3724M (95%)        3922M (100%)       3922M (100%)       3922M (100%)       3922M (100%)       3724M (95%)    
[2026-04-03T01:38:28.073+0600][39.666s][info][gc,heap     ] GC(12)      Free:      792M (20%)         630M (16%)        2668M (68%)        3510M (89%)        3526M (90%)         506M (13%)    
[2026-04-03T01:38:28.073+0600][39.666s][info][gc,heap     ] GC(12)      Used:     3130M (80%)        3292M (84%)        1254M (32%)         412M (11%)        3416M (87%)         396M (10%)    
[2026-04-03T01:38:28.073+0600][39.666s][info][gc,heap     ] GC(12)      Live:         -               108M (3%)          108M (3%)          108M (3%)             -                  -          
[2026-04-03T01:38:28.073+0600][39.666s][info][gc,heap     ] GC(12) Allocated:         -               162M (4%)          222M (6%)          269M (7%)             -                  -          
[2026-04-03T01:38:28.073+0600][39.666s][info][gc,heap     ] GC(12)   Garbage:         -              3021M (77%)         923M (24%)          33M (1%)             -                  -          
[2026-04-03T01:38:28.073+0600][39.666s][info][gc,heap     ] GC(12) Reclaimed:         -                  -              2098M (53%)        2987M (76%)            -                  -          
[2026-04-03T01:38:28.073+0600][39.666s][info][gc          ] GC(12) Garbage Collection (Allocation Rate) 3130M(80%)->412M(11%)
[2026-04-03T01:38:28.545+0600][40.138s][info][gc,stats    ] === Garbage Collection Statistics =======================================================================================================================
[2026-04-03T01:38:28.546+0600][40.138s][info][gc,stats    ]                                                              Last 10s              Last 10m              Last 10h                Total
[2026-04-03T01:38:28.546+0600][40.138s][info][gc,stats    ]                                                              Avg / Max             Avg / Max             Avg / Max             Avg / Max
[2026-04-03T01:38:28.546+0600][40.138s][info][gc,stats    ]   Collector: Garbage Collection Cycle                    311.367 / 407.818     199.308 / 421.034     199.308 / 421.034     199.308 / 421.034     ms
[2026-04-03T01:38:28.546+0600][40.138s][info][gc,stats    ]  Contention: Mark Segment Reset Contention                     0 / 1                 2 / 76                2 / 76                2 / 76          ops/s
[2026-04-03T01:38:28.546+0600][40.138s][info][gc,stats    ]  Contention: Mark SeqNum Reset Contention                      0 / 0                 0 / 1                 0 / 1                 0 / 1           ops/s
[2026-04-03T01:38:28.546+0600][40.138s][info][gc,stats    ]    Critical: Allocation Stall                                  0 / 0                 0 / 0                 0 / 0                 0 / 0           ops/s
[2026-04-03T01:38:28.546+0600][40.138s][info][gc,stats    ]    Critical: Allocation Stall                              0.000 / 0.000         0.000 / 0.000         0.000 / 0.000         0.000 / 0.000       ms
[2026-04-03T01:38:28.546+0600][40.138s][info][gc,stats    ]    Critical: GC Locker Stall                                   0 / 0                 0 / 2                 0 / 2                 0 / 2           ops/s
[2026-04-03T01:38:28.546+0600][40.138s][info][gc,stats    ]    Critical: GC Locker Stall                               0.000 / 0.000         0.001 / 0.002         0.001 / 0.002         0.001 / 0.002       ms
[2026-04-03T01:38:28.546+0600][40.138s][info][gc,stats    ]    Critical: Relocation Stall                                  0 / 0                 0 / 0                 0 / 0                 0 / 0           ops/s
[2026-04-03T01:38:28.546+0600][40.138s][info][gc,stats    ]    Critical: Relocation Stall                              0.000 / 0.000         0.000 / 0.000         0.000 / 0.000         0.000 / 0.000       ms
[2026-04-03T01:38:28.546+0600][40.138s][info][gc,stats    ]      Memory: Allocation Rate                                1029 / 1698            431 / 1698            431 / 1698            431 / 1698        MB/s
[2026-04-03T01:38:28.546+0600][40.138s][info][gc,stats    ]      Memory: Defragment                                       18 / 86               19 / 191              19 / 191              19 / 191         ops/s
[2026-04-03T01:38:28.546+0600][40.138s][info][gc,stats    ]      Memory: Out Of Memory                                     0 / 0                 0 / 0                 0 / 0                 0 / 0           ops/s
[2026-04-03T01:38:28.546+0600][40.138s][info][gc,stats    ]      Memory: Page Cache Flush                                 42 / 172              39 / 382              39 / 382              39 / 382         MB/s
[2026-04-03T01:38:28.546+0600][40.138s][info][gc,stats    ]      Memory: Page Cache Hit L1                               307 / 498             112 / 498             112 / 498             112 / 498         ops/s
[2026-04-03T01:38:28.546+0600][40.138s][info][gc,stats    ]      Memory: Page Cache Hit L2                                 0 / 0                 0 / 0                 0 / 0                 0 / 0           ops/s
[2026-04-03T01:38:28.546+0600][40.138s][info][gc,stats    ]      Memory: Page Cache Hit L3                                22 / 84               21 / 138              21 / 138              21 / 138         ops/s
[2026-04-03T01:38:28.546+0600][40.138s][info][gc,stats    ]      Memory: Page Cache Miss                                  17 / 81               13 / 158              13 / 158              13 / 158         ops/s
[2026-04-03T01:38:28.546+0600][40.138s][info][gc,stats    ]      Memory: Uncommit                                          0 / 0                 0 / 0                 0 / 0                 0 / 0           MB/s
[2026-04-03T01:38:28.546+0600][40.138s][info][gc,stats    ]      Memory: Undo Object Allocation Failed                     0 / 0                 0 / 0                 0 / 0                 0 / 0           ops/s
[2026-04-03T01:38:28.546+0600][40.138s][info][gc,stats    ]      Memory: Undo Object Allocation Succeeded                  0 / 3                 0 / 19                0 / 19                0 / 19          ops/s
[2026-04-03T01:38:28.546+0600][40.138s][info][gc,stats    ]      Memory: Undo Page Allocation                              3 / 7                 1 / 10                1 / 10                1 / 10          ops/s
[2026-04-03T01:38:28.546+0600][40.138s][info][gc,stats    ]       Phase: Concurrent Mark                             217.105 / 318.001     129.973 / 318.001     129.973 / 318.001     129.973 / 318.001     ms
[2026-04-03T01:38:28.546+0600][40.138s][info][gc,stats    ]       Phase: Concurrent Mark Continue                      0.000 / 0.000         0.000 / 0.000         0.000 / 0.000         0.000 / 0.000       ms
[2026-04-03T01:38:28.546+0600][40.138s][info][gc,stats    ]       Phase: Concurrent Mark Free                          0.002 / 0.002         0.002 / 0.004         0.002 / 0.004         0.002 / 0.004       ms
[2026-04-03T01:38:28.546+0600][40.138s][info][gc,stats    ]       Phase: Concurrent Process Non-Strong References     50.698 / 82.934       30.552 / 82.934       30.552 / 82.934       30.552 / 82.934      ms
[2026-04-03T01:38:28.546+0600][40.138s][info][gc,stats    ]       Phase: Concurrent Relocate                          24.612 / 47.810       25.979 / 110.219      25.979 / 110.219      25.979 / 110.219     ms
[2026-04-03T01:38:28.546+0600][40.139s][info][gc,stats    ]       Phase: Concurrent Reset Relocation Set               0.038 / 0.076         0.024 / 0.076         0.024 / 0.076         0.024 / 0.076       ms
[2026-04-03T01:38:28.546+0600][40.139s][info][gc,stats    ]       Phase: Concurrent Select Relocation Set              5.744 / 8.199         6.037 / 11.507        6.037 / 11.507        6.037 / 11.507      ms
[2026-04-03T01:38:28.546+0600][40.139s][info][gc,stats    ]       Phase: Pause Mark End                                0.039 / 0.051         0.033 / 0.051         0.033 / 0.051         0.033 / 0.051       ms
[2026-04-03T01:38:28.546+0600][40.139s][info][gc,stats    ]       Phase: Pause Mark Start                              0.017 / 0.020         0.014 / 0.021         0.014 / 0.021         0.014 / 0.021       ms
[2026-04-03T01:38:28.546+0600][40.139s][info][gc,stats    ]       Phase: Pause Relocate Start                          0.020 / 0.029         0.020 / 0.040         0.020 / 0.040         0.020 / 0.040       ms
[2026-04-03T01:38:28.546+0600][40.139s][info][gc,stats    ]    Subphase: Concurrent Classes Purge                      0.827 / 2.568         0.866 / 2.630         0.866 / 2.630         0.866 / 2.630       ms
[2026-04-03T01:38:28.546+0600][40.139s][info][gc,stats    ]    Subphase: Concurrent Classes Unlink                    42.170 / 63.317       25.054 / 63.317       25.054 / 63.317       25.054 / 63.317      ms
[2026-04-03T01:38:28.546+0600][40.139s][info][gc,stats    ]    Subphase: Concurrent Mark                             195.755 / 312.165     103.758 / 312.165     103.758 / 312.165     103.758 / 312.165     ms
[2026-04-03T01:38:28.546+0600][40.139s][info][gc,stats    ]    Subphase: Concurrent Mark Try Flush                     0.637 / 3.485         0.614 / 4.676         0.614 / 4.676         0.614 / 4.676       ms
[2026-04-03T01:38:28.546+0600][40.139s][info][gc,stats    ]    Subphase: Concurrent Mark Try Terminate                 0.668 / 1.123         0.854 / 3.358         0.854 / 3.358         0.854 / 3.358       ms
[2026-04-03T01:38:28.546+0600][40.139s][info][gc,stats    ]    Subphase: Concurrent References Enqueue                 0.016 / 0.022         0.014 / 0.036         0.014 / 0.036         0.014 / 0.036       ms
[2026-04-03T01:38:28.546+0600][40.139s][info][gc,stats    ]    Subphase: Concurrent References Process                 1.395 / 2.137         0.922 / 2.137         0.922 / 2.137         0.922 / 2.137       ms
[2026-04-03T01:38:28.546+0600][40.139s][info][gc,stats    ]    Subphase: Concurrent Roots ClassLoaderDataGraph         0.610 / 0.978         0.443 / 3.026         0.443 / 3.026         0.443 / 3.026       ms
[2026-04-03T01:38:28.546+0600][40.139s][info][gc,stats    ]    Subphase: Concurrent Roots CodeCache                    0.000 / 0.000         0.000 / 0.000         0.000 / 0.000         0.000 / 0.000       ms
[2026-04-03T01:38:28.546+0600][40.139s][info][gc,stats    ]    Subphase: Concurrent Roots JavaThreads                  3.763 / 5.610         1.703 / 5.610         1.703 / 5.610         1.703 / 5.610       ms
[2026-04-03T01:38:28.546+0600][40.139s][info][gc,stats    ]    Subphase: Concurrent Roots OopStorageSet                0.236 / 0.288         0.112 / 0.288         0.112 / 0.288         0.112 / 0.288       ms
[2026-04-03T01:38:28.546+0600][40.139s][info][gc,stats    ]    Subphase: Concurrent Weak Roots OopStorageSet           2.857 / 4.158         1.586 / 4.158         1.586 / 4.158         1.586 / 4.158       ms
[2026-04-03T01:38:28.546+0600][40.139s][info][gc,stats    ]    Subphase: Pause Mark Try Complete                       0.000 / 0.000         0.000 / 0.000         0.000 / 0.000         0.000 / 0.000       ms
[2026-04-03T01:38:28.546+0600][40.139s][info][gc,stats    ]      System: Java Threads                                    281 / 284             146 / 284             146 / 284             146 / 284         threads
[2026-04-03T01:38:28.546+0600][40.139s][info][gc,stats    ] =========================================================================================================================================================
[2026-04-03T01:38:29.046+0600][40.639s][info][gc,start    ] GC(13) Garbage Collection (Allocation Rate)
[2026-04-03T01:38:29.046+0600][40.639s][info][gc,task     ] GC(13) Using 2 workers
[2026-04-03T01:38:29.047+0600][40.639s][info][gc,phases   ] GC(13) Pause Mark Start 0.036ms
[2026-04-03T01:38:29.224+0600][40.817s][info][gc,phases   ] GC(13) Concurrent Mark 176.990ms
[2026-04-03T01:38:29.225+0600][40.818s][info][gc,phases   ] GC(13) Pause Mark End 0.036ms
[2026-04-03T01:38:29.225+0600][40.818s][info][gc,phases   ] GC(13) Concurrent Mark Free 0.001ms
[2026-04-03T01:38:29.254+0600][40.847s][info][gc,phases   ] GC(13) Concurrent Process Non-Strong References 28.726ms
[2026-04-03T01:38:29.254+0600][40.847s][info][gc,phases   ] GC(13) Concurrent Reset Relocation Set 0.062ms
[2026-04-03T01:38:29.261+0600][40.854s][info][gc,phases   ] GC(13) Concurrent Select Relocation Set 6.892ms
[2026-04-03T01:38:29.261+0600][40.854s][info][gc,phases   ] GC(13) Pause Relocate Start 0.021ms
[2026-04-03T01:38:29.274+0600][40.867s][info][gc,phases   ] GC(13) Concurrent Relocate 12.347ms
[2026-04-03T01:38:29.274+0600][40.867s][info][gc,load     ] GC(13) Load: 7.43/9.32/8.01
[2026-04-03T01:38:29.274+0600][40.867s][info][gc,mmu      ] GC(13) MMU: 2ms/97.5%, 5ms/99.0%, 10ms/99.3%, 20ms/99.6%, 50ms/99.8%, 100ms/99.9%
[2026-04-03T01:38:29.274+0600][40.867s][info][gc,marking  ] GC(13) Mark: 2 stripe(s), 2 proactive flush(es), 1 terminate flush(es), 0 completion(s), 0 continuation(s) 
[2026-04-03T01:38:29.274+0600][40.867s][info][gc,marking  ] GC(13) Mark Stack Usage: 32M
[2026-04-03T01:38:29.274+0600][40.867s][info][gc,nmethod  ] GC(13) NMethods: 13902 registered, 1411 unregistered
[2026-04-03T01:38:29.274+0600][40.867s][info][gc,metaspace] GC(13) Metaspace: 127M used, 129M committed, 1152M reserved
[2026-04-03T01:38:29.274+0600][40.867s][info][gc,ref      ] GC(13) Soft: 6300 encountered, 0 discovered, 0 enqueued
[2026-04-03T01:38:29.274+0600][40.867s][info][gc,ref      ] GC(13) Weak: 17612 encountered, 6048 discovered, 2815 enqueued
[2026-04-03T01:38:29.274+0600][40.867s][info][gc,ref      ] GC(13) Final: 84 encountered, 0 discovered, 0 enqueued
[2026-04-03T01:38:29.274+0600][40.867s][info][gc,ref      ] GC(13) Phantom: 620 encountered, 359 discovered, 0 enqueued
[2026-04-03T01:38:29.274+0600][40.867s][info][gc,reloc    ] GC(13) Small Pages: 512 / 1024M, Empty: 422M, Relocated: 10M, In-Place: 0
[2026-04-03T01:38:29.274+0600][40.867s][info][gc,reloc    ] GC(13) Medium Pages: 5 / 160M, Empty: 128M, Relocated: 0M, In-Place: 0
[2026-04-03T01:38:29.274+0600][40.867s][info][gc,reloc    ] GC(13) Large Pages: 150 / 900M, Empty: 900M, Relocated: 0M, In-Place: 0
[2026-04-03T01:38:29.274+0600][40.867s][info][gc,reloc    ] GC(13) Forwarding Usage: 2M
[2026-04-03T01:38:29.274+0600][40.867s][info][gc,heap     ] GC(13) Min Capacity: 8M(0%)
[2026-04-03T01:38:29.274+0600][40.867s][info][gc,heap     ] GC(13) Max Capacity: 3922M(100%)
[2026-04-03T01:38:29.274+0600][40.867s][info][gc,heap     ] GC(13) Soft Max Capacity: 3922M(100%)
[2026-04-03T01:38:29.274+0600][40.867s][info][gc,heap     ] GC(13)                Mark Start          Mark End        Relocate Start      Relocate End           High               Low         
[2026-04-03T01:38:29.274+0600][40.867s][info][gc,heap     ] GC(13)  Capacity:     3922M (100%)       3922M (100%)       3922M (100%)       3922M (100%)       3922M (100%)       3922M (100%)   
[2026-04-03T01:38:29.274+0600][40.867s][info][gc,heap     ] GC(13)      Free:     1838M (47%)        1752M (45%)        3192M (81%)        3672M (94%)        3672M (94%)        1744M (44%)    
[2026-04-03T01:38:29.274+0600][40.867s][info][gc,heap     ] GC(13)      Used:     2084M (53%)        2170M (55%)         730M (19%)         250M (6%)         2178M (56%)         250M (6%)     
[2026-04-03T01:38:29.274+0600][40.867s][info][gc,heap     ] GC(13)      Live:         -               107M (3%)          107M (3%)          107M (3%)             -                  -          
[2026-04-03T01:38:29.274+0600][40.867s][info][gc,heap     ] GC(13) Allocated:         -                86M (2%)           96M (2%)          107M (3%)             -                  -          
[2026-04-03T01:38:29.274+0600][40.867s][info][gc,heap     ] GC(13)   Garbage:         -              1976M (50%)         526M (13%)          34M (1%)             -                  -          
[2026-04-03T01:38:29.274+0600][40.867s][info][gc,heap     ] GC(13) Reclaimed:         -                  -              1450M (37%)        1941M (50%)            -                  -          
[2026-04-03T01:38:29.275+0600][40.867s][info][gc          ] GC(13) Garbage Collection (Allocation Rate) 2084M(53%)->250M(6%)
[2026-04-03T01:38:31.746+0600][43.339s][info][gc,start    ] GC(14) Garbage Collection (Allocation Rate)
[2026-04-03T01:38:31.746+0600][43.339s][info][gc,task     ] GC(14) Using 1 workers
[2026-04-03T01:38:31.746+0600][43.339s][info][gc,phases   ] GC(14) Pause Mark Start 0.015ms
[2026-04-03T01:38:31.999+0600][43.592s][info][gc,phases   ] GC(14) Concurrent Mark 252.163ms
[2026-04-03T01:38:31.999+0600][43.592s][info][gc,phases   ] GC(14) Pause Mark End 0.024ms
[2026-04-03T01:38:31.999+0600][43.592s][info][gc,phases   ] GC(14) Concurrent Mark Free 0.001ms
[2026-04-03T01:38:32.034+0600][43.627s][info][gc,phases   ] GC(14) Concurrent Process Non-Strong References 34.742ms
[2026-04-03T01:38:32.034+0600][43.627s][info][gc,phases   ] GC(14) Concurrent Reset Relocation Set 0.019ms
[2026-04-03T01:38:32.038+0600][43.631s][info][gc,phases   ] GC(14) Concurrent Select Relocation Set 3.846ms
[2026-04-03T01:38:32.038+0600][43.631s][info][gc,phases   ] GC(14) Pause Relocate Start 0.013ms
[2026-04-03T01:38:32.057+0600][43.650s][info][gc,phases   ] GC(14) Concurrent Relocate 19.255ms
[2026-04-03T01:38:32.058+0600][43.650s][info][gc,load     ] GC(14) Load: 7.43/9.32/8.01
[2026-04-03T01:38:32.058+0600][43.650s][info][gc,mmu      ] GC(14) MMU: 2ms/97.5%, 5ms/99.0%, 10ms/99.3%, 20ms/99.6%, 50ms/99.8%, 100ms/99.9%
[2026-04-03T01:38:32.058+0600][43.650s][info][gc,marking  ] GC(14) Mark: 1 stripe(s), 2 proactive flush(es), 1 terminate flush(es), 0 completion(s), 0 continuation(s) 
[2026-04-03T01:38:32.058+0600][43.650s][info][gc,marking  ] GC(14) Mark Stack Usage: 32M
[2026-04-03T01:38:32.058+0600][43.650s][info][gc,nmethod  ] GC(14) NMethods: 14079 registered, 1532 unregistered
[2026-04-03T01:38:32.058+0600][43.650s][info][gc,metaspace] GC(14) Metaspace: 127M used, 129M committed, 1152M reserved
[2026-04-03T01:38:32.058+0600][43.650s][info][gc,ref      ] GC(14) Soft: 6302 encountered, 0 discovered, 0 enqueued
[2026-04-03T01:38:32.058+0600][43.650s][info][gc,ref      ] GC(14) Weak: 18425 encountered, 6995 discovered, 3417 enqueued
[2026-04-03T01:38:32.058+0600][43.650s][info][gc,ref      ] GC(14) Final: 84 encountered, 0 discovered, 0 enqueued
[2026-04-03T01:38:32.058+0600][43.650s][info][gc,ref      ] GC(14) Phantom: 620 encountered, 296 discovered, 0 enqueued
[2026-04-03T01:38:32.058+0600][43.650s][info][gc,reloc    ] GC(14) Small Pages: 1081 / 2162M, Empty: 996M, Relocated: 13M, In-Place: 0
[2026-04-03T01:38:32.058+0600][43.650s][info][gc,reloc    ] GC(14) Medium Pages: 13 / 416M, Empty: 384M, Relocated: 0M, In-Place: 0
[2026-04-03T01:38:32.058+0600][43.651s][info][gc,reloc    ] GC(14) Large Pages: 52 / 312M, Empty: 312M, Relocated: 0M, In-Place: 0
[2026-04-03T01:38:32.058+0600][43.651s][info][gc,reloc    ] GC(14) Forwarding Usage: 3M
[2026-04-03T01:38:32.058+0600][43.651s][info][gc,heap     ] GC(14) Min Capacity: 8M(0%)
[2026-04-03T01:38:32.058+0600][43.651s][info][gc,heap     ] GC(14) Max Capacity: 3922M(100%)
[2026-04-03T01:38:32.058+0600][43.651s][info][gc,heap     ] GC(14) Soft Max Capacity: 3922M(100%)
[2026-04-03T01:38:32.058+0600][43.651s][info][gc,heap     ] GC(14)                Mark Start          Mark End        Relocate Start      Relocate End           High               Low         
[2026-04-03T01:38:32.058+0600][43.651s][info][gc,heap     ] GC(14)  Capacity:     3922M (100%)       3922M (100%)       3922M (100%)       3922M (100%)       3922M (100%)       3922M (100%)   
[2026-04-03T01:38:32.058+0600][43.651s][info][gc,heap     ] GC(14)      Free:     1032M (26%)         668M (17%)        2340M (60%)        3370M (86%)        3374M (86%)         654M (17%)    
[2026-04-03T01:38:32.058+0600][43.651s][info][gc,heap     ] GC(14)      Used:     2890M (74%)        3254M (83%)        1582M (40%)         552M (14%)        3268M (83%)         548M (14%)    
[2026-04-03T01:38:32.058+0600][43.651s][info][gc,heap     ] GC(14)      Live:         -               109M (3%)          109M (3%)          109M (3%)             -                  -          
[2026-04-03T01:38:32.058+0600][43.651s][info][gc,heap     ] GC(14) Allocated:         -               364M (9%)          384M (10%)         407M (10%)            -                  -          
[2026-04-03T01:38:32.058+0600][43.651s][info][gc,heap     ] GC(14)   Garbage:         -              2780M (71%)        1088M (28%)          34M (1%)             -                  -          
[2026-04-03T01:38:32.058+0600][43.651s][info][gc,heap     ] GC(14) Reclaimed:         -                  -              1692M (43%)        2745M (70%)            -                  -          
[2026-04-03T01:38:32.058+0600][43.651s][info][gc          ] GC(14) Garbage Collection (Allocation Rate) 2890M(74%)->552M(14%)
[2026-04-03T01:38:32.246+0600][43.839s][info][gc,start    ] GC(15) Garbage Collection (Allocation Rate)
[2026-04-03T01:38:32.246+0600][43.839s][info][gc,task     ] GC(15) Using 2 workers
[2026-04-03T01:38:32.247+0600][43.839s][info][gc,phases   ] GC(15) Pause Mark Start 0.016ms
[2026-04-03T01:38:32.392+0600][43.985s][info][gc,phases   ] GC(15) Concurrent Mark 145.195ms
[2026-04-03T01:38:32.392+0600][43.985s][info][gc,phases   ] GC(15) Pause Mark End 0.029ms
[2026-04-03T01:38:32.392+0600][43.985s][info][gc,phases   ] GC(15) Concurrent Mark Free 0.003ms
[2026-04-03T01:38:32.416+0600][44.008s][info][gc,phases   ] GC(15) Concurrent Process Non-Strong References 23.193ms
[2026-04-03T01:38:32.416+0600][44.009s][info][gc,phases   ] GC(15) Concurrent Reset Relocation Set 0.052ms
[2026-04-03T01:38:32.420+0600][44.013s][info][gc,phases   ] GC(15) Concurrent Select Relocation Set 4.192ms
[2026-04-03T01:38:32.420+0600][44.013s][info][gc,phases   ] GC(15) Pause Relocate Start 0.021ms
[2026-04-03T01:38:32.432+0600][44.025s][info][gc,phases   ] GC(15) Concurrent Relocate 11.274ms
[2026-04-03T01:38:32.432+0600][44.025s][info][gc,load     ] GC(15) Load: 7.43/9.32/8.01
[2026-04-03T01:38:32.432+0600][44.025s][info][gc,mmu      ] GC(15) MMU: 2ms/97.5%, 5ms/99.0%, 10ms/99.3%, 20ms/99.6%, 50ms/99.8%, 100ms/99.9%
[2026-04-03T01:38:32.432+0600][44.025s][info][gc,marking  ] GC(15) Mark: 2 stripe(s), 2 proactive flush(es), 1 terminate flush(es), 0 completion(s), 0 continuation(s) 
[2026-04-03T01:38:32.432+0600][44.025s][info][gc,marking  ] GC(15) Mark Stack Usage: 32M
[2026-04-03T01:38:32.432+0600][44.025s][info][gc,nmethod  ] GC(15) NMethods: 14115 registered, 1550 unregistered
[2026-04-03T01:38:32.432+0600][44.025s][info][gc,metaspace] GC(15) Metaspace: 127M used, 129M committed, 1152M reserved
[2026-04-03T01:38:32.432+0600][44.025s][info][gc,ref      ] GC(15) Soft: 6305 encountered, 0 discovered, 0 enqueued
[2026-04-03T01:38:32.432+0600][44.025s][info][gc,ref      ] GC(15) Weak: 15676 encountered, 4595 discovered, 817 enqueued
[2026-04-03T01:38:32.432+0600][44.025s][info][gc,ref      ] GC(15) Final: 84 encountered, 0 discovered, 0 enqueued
[2026-04-03T01:38:32.432+0600][44.025s][info][gc,ref      ] GC(15) Phantom: 620 encountered, 429 discovered, 0 enqueued
[2026-04-03T01:38:32.432+0600][44.025s][info][gc,reloc    ] GC(15) Small Pages: 324 / 648M, Empty: 304M, Relocated: 8M, In-Place: 0
[2026-04-03T01:38:32.432+0600][44.025s][info][gc,reloc    ] GC(15) Medium Pages: 3 / 96M, Empty: 64M, Relocated: 0M, In-Place: 0
[2026-04-03T01:38:32.432+0600][44.025s][info][gc,reloc    ] GC(15) Large Pages: 137 / 822M, Empty: 822M, Relocated: 0M, In-Place: 0
[2026-04-03T01:38:32.432+0600][44.025s][info][gc,reloc    ] GC(15) Forwarding Usage: 1M
[2026-04-03T01:38:32.432+0600][44.025s][info][gc,heap     ] GC(15) Min Capacity: 8M(0%)
[2026-04-03T01:38:32.432+0600][44.025s][info][gc,heap     ] GC(15) Max Capacity: 3922M(100%)
[2026-04-03T01:38:32.432+0600][44.025s][info][gc,heap     ] GC(15) Soft Max Capacity: 3922M(100%)
[2026-04-03T01:38:32.432+0600][44.025s][info][gc,heap     ] GC(15)                Mark Start          Mark End        Relocate Start      Relocate End           High               Low         
[2026-04-03T01:38:32.432+0600][44.025s][info][gc,heap     ] GC(15)  Capacity:     3922M (100%)       3922M (100%)       3922M (100%)       3922M (100%)       3922M (100%)       3922M (100%)   
[2026-04-03T01:38:32.432+0600][44.025s][info][gc,heap     ] GC(15)      Free:     2356M (60%)        2232M (57%)        3406M (87%)        3624M (92%)        3630M (93%)        2220M (57%)    
[2026-04-03T01:38:32.432+0600][44.025s][info][gc,heap     ] GC(15)      Used:     1566M (40%)        1690M (43%)         516M (13%)         298M (8%)         1702M (43%)         292M (7%)     
[2026-04-03T01:38:32.432+0600][44.025s][info][gc,heap     ] GC(15)      Live:         -               109M (3%)          109M (3%)          109M (3%)             -                  -          
[2026-04-03T01:38:32.432+0600][44.025s][info][gc,heap     ] GC(15) Allocated:         -               124M (3%)          140M (4%)          151M (4%)             -                  -          
[2026-04-03T01:38:32.432+0600][44.025s][info][gc,heap     ] GC(15)   Garbage:         -              1456M (37%)         266M (7%)           36M (1%)             -                  -          
[2026-04-03T01:38:32.432+0600][44.025s][info][gc,heap     ] GC(15) Reclaimed:         -                  -              1190M (30%)        1419M (36%)            -                  -          
[2026-04-03T01:38:32.432+0600][44.025s][info][gc          ] GC(15) Garbage Collection (Allocation Rate) 1566M(40%)->298M(8%)
[2026-04-03T01:38:34.246+0600][45.839s][info][gc,start    ] GC(16) Garbage Collection (Allocation Rate)
[2026-04-03T01:38:34.246+0600][45.839s][info][gc,task     ] GC(16) Using 3 workers
[2026-04-03T01:38:34.247+0600][45.839s][info][gc,phases   ] GC(16) Pause Mark Start 0.011ms
[2026-04-03T01:38:34.383+0600][45.976s][info][gc,phases   ] GC(16) Concurrent Mark 136.462ms
[2026-04-03T01:38:34.386+0600][45.979s][info][gc,phases   ] GC(16) Pause Mark End 0.119ms
[2026-04-03T01:38:34.387+0600][45.979s][info][gc,phases   ] GC(16) Concurrent Mark Free 0.003ms
[2026-04-03T01:38:34.419+0600][46.012s][info][gc,phases   ] GC(16) Concurrent Process Non-Strong References 32.311ms
[2026-04-03T01:38:34.419+0600][46.012s][info][gc,phases   ] GC(16) Concurrent Reset Relocation Set 0.019ms
[2026-04-03T01:38:34.425+0600][46.018s][info][gc,phases   ] GC(16) Concurrent Select Relocation Set 5.552ms
[2026-04-03T01:38:34.425+0600][46.018s][info][gc,phases   ] GC(16) Pause Relocate Start 0.017ms
[2026-04-03T01:38:34.440+0600][46.033s][info][gc,phases   ] GC(16) Concurrent Relocate 14.516ms
[2026-04-03T01:38:34.440+0600][46.033s][info][gc,load     ] GC(16) Load: 7.55/9.31/8.02
[2026-04-03T01:38:34.440+0600][46.033s][info][gc,mmu      ] GC(16) MMU: 2ms/94.0%, 5ms/97.6%, 10ms/98.8%, 20ms/99.4%, 50ms/99.7%, 100ms/99.9%
[2026-04-03T01:38:34.440+0600][46.033s][info][gc,marking  ] GC(16) Mark: 2 stripe(s), 3 proactive flush(es), 1 terminate flush(es), 0 completion(s), 0 continuation(s) 
[2026-04-03T01:38:34.440+0600][46.033s][info][gc,marking  ] GC(16) Mark Stack Usage: 32M
[2026-04-03T01:38:34.440+0600][46.033s][info][gc,nmethod  ] GC(16) NMethods: 14118 registered, 1783 unregistered
[2026-04-03T01:38:34.440+0600][46.033s][info][gc,metaspace] GC(16) Metaspace: 127M used, 129M committed, 1152M reserved
[2026-04-03T01:38:34.440+0600][46.033s][info][gc,ref      ] GC(16) Soft: 6307 encountered, 0 discovered, 0 enqueued
[2026-04-03T01:38:34.440+0600][46.033s][info][gc,ref      ] GC(16) Weak: 17888 encountered, 9858 discovered, 3007 enqueued
[2026-04-03T01:38:34.440+0600][46.033s][info][gc,ref      ] GC(16) Final: 84 encountered, 4 discovered, 0 enqueued
[2026-04-03T01:38:34.440+0600][46.033s][info][gc,ref      ] GC(16) Phantom: 620 encountered, 423 discovered, 0 enqueued
[2026-04-03T01:38:34.440+0600][46.033s][info][gc,reloc    ] GC(16) Small Pages: 912 / 1824M, Empty: 832M, Relocated: 17M, In-Place: 0
[2026-04-03T01:38:34.440+0600][46.033s][info][gc,reloc    ] GC(16) Medium Pages: 10 / 320M, Empty: 288M, Relocated: 0M, In-Place: 0
[2026-04-03T01:38:34.440+0600][46.033s][info][gc,reloc    ] GC(16) Large Pages: 170 / 1020M, Empty: 1020M, Relocated: 0M, In-Place: 0
[2026-04-03T01:38:34.440+0600][46.033s][info][gc,reloc    ] GC(16) Forwarding Usage: 4M
[2026-04-03T01:38:34.440+0600][46.033s][info][gc,heap     ] GC(16) Min Capacity: 8M(0%)
[2026-04-03T01:38:34.440+0600][46.033s][info][gc,heap     ] GC(16) Max Capacity: 3922M(100%)
[2026-04-03T01:38:34.440+0600][46.033s][info][gc,heap     ] GC(16) Soft Max Capacity: 3922M(100%)
[2026-04-03T01:38:34.440+0600][46.033s][info][gc,heap     ] GC(16)                Mark Start          Mark End        Relocate Start      Relocate End           High               Low         
[2026-04-03T01:38:34.440+0600][46.033s][info][gc,heap     ] GC(16)  Capacity:     3922M (100%)       3922M (100%)       3922M (100%)       3922M (100%)       3922M (100%)       3922M (100%)   
[2026-04-03T01:38:34.440+0600][46.033s][info][gc,heap     ] GC(16)      Free:      758M (19%)         650M (17%)        2784M (71%)        3650M (93%)        3652M (93%)         648M (17%)    
[2026-04-03T01:38:34.440+0600][46.033s][info][gc,heap     ] GC(16)      Used:     3164M (81%)        3272M (83%)        1138M (29%)         272M (7%)         3274M (83%)         270M (7%)     
[2026-04-03T01:38:34.440+0600][46.033s][info][gc,heap     ] GC(16)      Live:         -               111M (3%)          111M (3%)          111M (3%)             -                  -          
[2026-04-03T01:38:34.440+0600][46.033s][info][gc,heap     ] GC(16) Allocated:         -               108M (3%)          114M (3%)          121M (3%)             -                  -          
[2026-04-03T01:38:34.440+0600][46.033s][info][gc,heap     ] GC(16)   Garbage:         -              3052M (78%)         912M (23%)          38M (1%)             -                  -          
[2026-04-03T01:38:34.440+0600][46.033s][info][gc,heap     ] GC(16) Reclaimed:         -                  -              2140M (55%)        3013M (77%)            -                  -          
[2026-04-03T01:38:34.441+0600][46.033s][info][gc          ] GC(16) Garbage Collection (Allocation Rate) 3164M(81%)->272M(7%)
[2026-04-03T01:38:36.146+0600][47.739s][info][gc,start    ] GC(17) Garbage Collection (Allocation Rate)
[2026-04-03T01:38:36.146+0600][47.739s][info][gc,task     ] GC(17) Using 1 workers
[2026-04-03T01:38:36.146+0600][47.739s][info][gc,phases   ] GC(17) Pause Mark Start 0.009ms
[2026-04-03T01:38:36.404+0600][47.997s][info][gc,phases   ] GC(17) Concurrent Mark 257.465ms
[2026-04-03T01:38:36.404+0600][47.997s][info][gc,phases   ] GC(17) Pause Mark End 0.036ms
[2026-04-03T01:38:36.404+0600][47.997s][info][gc,phases   ] GC(17) Concurrent Mark Free 0.002ms
[2026-04-03T01:38:36.445+0600][48.038s][info][gc,phases   ] GC(17) Concurrent Process Non-Strong References 40.769ms
[2026-04-03T01:38:36.445+0600][48.038s][info][gc,phases   ] GC(17) Concurrent Reset Relocation Set 0.047ms
[2026-04-03T01:38:36.451+0600][48.044s][info][gc,phases   ] GC(17) Concurrent Select Relocation Set 5.803ms
[2026-04-03T01:38:36.451+0600][48.044s][info][gc,phases   ] GC(17) Pause Relocate Start 0.015ms
[2026-04-03T01:38:36.472+0600][48.064s][info][gc,phases   ] GC(17) Concurrent Relocate 20.013ms
[2026-04-03T01:38:36.472+0600][48.064s][info][gc,load     ] GC(17) Load: 7.55/9.31/8.02
[2026-04-03T01:38:36.472+0600][48.064s][info][gc,mmu      ] GC(17) MMU: 2ms/94.0%, 5ms/97.6%, 10ms/98.8%, 20ms/99.4%, 50ms/99.7%, 100ms/99.9%
[2026-04-03T01:38:36.472+0600][48.064s][info][gc,marking  ] GC(17) Mark: 1 stripe(s), 2 proactive flush(es), 1 terminate flush(es), 0 completion(s), 0 continuation(s) 
[2026-04-03T01:38:36.472+0600][48.065s][info][gc,marking  ] GC(17) Mark Stack Usage: 32M
[2026-04-03T01:38:36.472+0600][48.065s][info][gc,nmethod  ] GC(17) NMethods: 14214 registered, 1832 unregistered
[2026-04-03T01:38:36.472+0600][48.065s][info][gc,metaspace] GC(17) Metaspace: 128M used, 129M committed, 1152M reserved
[2026-04-03T01:38:36.472+0600][48.065s][info][gc,ref      ] GC(17) Soft: 6299 encountered, 0 discovered, 0 enqueued
[2026-04-03T01:38:36.472+0600][48.065s][info][gc,ref      ] GC(17) Weak: 17381 encountered, 5941 discovered, 2526 enqueued
[2026-04-03T01:38:36.472+0600][48.065s][info][gc,ref      ] GC(17) Final: 84 encountered, 0 discovered, 0 enqueued
[2026-04-03T01:38:36.472+0600][48.065s][info][gc,ref      ] GC(17) Phantom: 620 encountered, 296 discovered, 0 enqueued
[2026-04-03T01:38:36.472+0600][48.065s][info][gc,reloc    ] GC(17) Small Pages: 808 / 1616M, Empty: 740M, Relocated: 11M, In-Place: 0
[2026-04-03T01:38:36.472+0600][48.065s][info][gc,reloc    ] GC(17) Medium Pages: 9 / 288M, Empty: 256M, Relocated: 0M, In-Place: 0
[2026-04-03T01:38:36.472+0600][48.065s][info][gc,reloc    ] GC(17) Large Pages: 36 / 216M, Empty: 216M, Relocated: 0M, In-Place: 0
[2026-04-03T01:38:36.472+0600][48.065s][info][gc,reloc    ] GC(17) Forwarding Usage: 3M
[2026-04-03T01:38:36.472+0600][48.065s][info][gc,heap     ] GC(17) Min Capacity: 8M(0%)
[2026-04-03T01:38:36.472+0600][48.065s][info][gc,heap     ] GC(17) Max Capacity: 3922M(100%)
[2026-04-03T01:38:36.472+0600][48.065s][info][gc,heap     ] GC(17) Soft Max Capacity: 3922M(100%)
[2026-04-03T01:38:36.472+0600][48.065s][info][gc,heap     ] GC(17)                Mark Start          Mark End        Relocate Start      Relocate End           High               Low         
[2026-04-03T01:38:36.472+0600][48.065s][info][gc,heap     ] GC(17)  Capacity:     3922M (100%)       3922M (100%)       3922M (100%)       3922M (100%)       3922M (100%)       3922M (100%)   
[2026-04-03T01:38:36.472+0600][48.065s][info][gc,heap     ] GC(17)      Free:     1802M (46%)         802M (20%)        1930M (49%)        2672M (68%)        2676M (68%)         736M (19%)    
[2026-04-03T01:38:36.472+0600][48.065s][info][gc,heap     ] GC(17)      Used:     2120M (54%)        3120M (80%)        1992M (51%)        1250M (32%)        3186M (81%)        1246M (32%)    
[2026-04-03T01:38:36.472+0600][48.065s][info][gc,heap     ] GC(17)      Live:         -               107M (3%)          107M (3%)          107M (3%)             -                  -          
[2026-04-03T01:38:36.472+0600][48.065s][info][gc,heap     ] GC(17) Allocated:         -              1000M (25%)        1084M (28%)        1107M (28%)            -                  -          
[2026-04-03T01:38:36.472+0600][48.065s][info][gc,heap     ] GC(17)   Garbage:         -              2012M (51%)         800M (20%)          35M (1%)             -                  -          
[2026-04-03T01:38:36.472+0600][48.065s][info][gc,heap     ] GC(17) Reclaimed:         -                  -              1212M (31%)        1977M (50%)            -                  -          
[2026-04-03T01:38:36.472+0600][48.065s][info][gc          ] GC(17) Garbage Collection (Allocation Rate) 2120M(54%)->1250M(32%)
[2026-04-03T01:38:36.546+0600][48.139s][info][gc,start    ] GC(18) Garbage Collection (Allocation Rate)
[2026-04-03T01:38:36.547+0600][48.139s][info][gc,task     ] GC(18) Using 2 workers
[2026-04-03T01:38:36.547+0600][48.140s][info][gc,phases   ] GC(18) Pause Mark Start 0.019ms
[2026-04-03T01:38:36.669+0600][48.262s][info][gc,phases   ] GC(18) Concurrent Mark 122.312ms
[2026-04-03T01:38:36.670+0600][48.262s][info][gc,phases   ] GC(18) Pause Mark End 0.024ms
[2026-04-03T01:38:36.670+0600][48.262s][info][gc,phases   ] GC(18) Concurrent Mark Free 0.002ms
[2026-04-03T01:38:36.689+0600][48.282s][info][gc,phases   ] GC(18) Concurrent Process Non-Strong References 19.126ms
[2026-04-03T01:38:36.689+0600][48.282s][info][gc,phases   ] GC(18) Concurrent Reset Relocation Set 0.024ms
[2026-04-03T01:38:36.692+0600][48.285s][info][gc,phases   ] GC(18) Concurrent Select Relocation Set 2.812ms
[2026-04-03T01:38:36.692+0600][48.285s][info][gc,phases   ] GC(18) Pause Relocate Start 0.013ms
[2026-04-03T01:38:36.698+0600][48.290s][info][gc,phases   ] GC(18) Concurrent Relocate 5.481ms
[2026-04-03T01:38:36.698+0600][48.291s][info][gc,load     ] GC(18) Load: 7.55/9.31/8.02
[2026-04-03T01:38:36.698+0600][48.291s][info][gc,mmu      ] GC(18) MMU: 2ms/94.0%, 5ms/97.6%, 10ms/98.8%, 20ms/99.4%, 50ms/99.7%, 100ms/99.9%
[2026-04-03T01:38:36.698+0600][48.291s][info][gc,marking  ] GC(18) Mark: 2 stripe(s), 2 proactive flush(es), 1 terminate flush(es), 0 completion(s), 0 continuation(s) 
[2026-04-03T01:38:36.698+0600][48.291s][info][gc,marking  ] GC(18) Mark Stack Usage: 32M
[2026-04-03T01:38:36.698+0600][48.291s][info][gc,nmethod  ] GC(18) NMethods: 14250 registered, 1850 unregistered
[2026-04-03T01:38:36.698+0600][48.291s][info][gc,metaspace] GC(18) Metaspace: 128M used, 129M committed, 1152M reserved
[2026-04-03T01:38:36.698+0600][48.291s][info][gc,ref      ] GC(18) Soft: 6300 encountered, 0 discovered, 0 enqueued
[2026-04-03T01:38:36.698+0600][48.291s][info][gc,ref      ] GC(18) Weak: 15395 encountered, 5031 discovered, 564 enqueued
[2026-04-03T01:38:36.698+0600][48.291s][info][gc,ref      ] GC(18) Final: 84 encountered, 0 discovered, 0 enqueued
[2026-04-03T01:38:36.698+0600][48.291s][info][gc,ref      ] GC(18) Phantom: 620 encountered, 382 discovered, 0 enqueued
[2026-04-03T01:38:36.698+0600][48.291s][info][gc,reloc    ] GC(18) Small Pages: 201 / 402M, Empty: 56M, Relocated: 8M, In-Place: 0
[2026-04-03T01:38:36.698+0600][48.291s][info][gc,reloc    ] GC(18) Medium Pages: 3 / 96M, Empty: 64M, Relocated: 0M, In-Place: 0
[2026-04-03T01:38:36.698+0600][48.291s][info][gc,reloc    ] GC(18) Large Pages: 136 / 816M, Empty: 816M, Relocated: 0M, In-Place: 0
[2026-04-03T01:38:36.698+0600][48.291s][info][gc,reloc    ] GC(18) Forwarding Usage: 2M
[2026-04-03T01:38:36.698+0600][48.291s][info][gc,heap     ] GC(18) Min Capacity: 8M(0%)
[2026-04-03T01:38:36.698+0600][48.291s][info][gc,heap     ] GC(18) Max Capacity: 3922M(100%)
[2026-04-03T01:38:36.698+0600][48.291s][info][gc,heap     ] GC(18) Soft Max Capacity: 3922M(100%)
[2026-04-03T01:38:36.698+0600][48.291s][info][gc,heap     ] GC(18)                Mark Start          Mark End        Relocate Start      Relocate End           High               Low         
[2026-04-03T01:38:36.698+0600][48.291s][info][gc,heap     ] GC(18)  Capacity:     3922M (100%)       3922M (100%)       3922M (100%)       3922M (100%)       3922M (100%)       3922M (100%)   
[2026-04-03T01:38:36.698+0600][48.291s][info][gc,heap     ] GC(18)      Free:     2608M (66%)        2546M (65%)        3470M (88%)        3698M (94%)        3702M (94%)        2536M (65%)    
[2026-04-03T01:38:36.698+0600][48.291s][info][gc,heap     ] GC(18)      Used:     1314M (34%)        1376M (35%)         452M (12%)         224M (6%)         1386M (35%)         220M (6%)     
[2026-04-03T01:38:36.698+0600][48.291s][info][gc,heap     ] GC(18)      Live:         -               104M (3%)          104M (3%)          104M (3%)             -                  -          
[2026-04-03T01:38:36.698+0600][48.291s][info][gc,heap     ] GC(18) Allocated:         -                62M (2%)           74M (2%)           83M (2%)             -                  -          
[2026-04-03T01:38:36.698+0600][48.291s][info][gc,heap     ] GC(18)   Garbage:         -              1209M (31%)         273M (7%)           35M (1%)             -                  -          
[2026-04-03T01:38:36.698+0600][48.291s][info][gc,heap     ] GC(18) Reclaimed:         -                  -               936M (24%)        1173M (30%)            -                  -          
[2026-04-03T01:38:36.698+0600][48.291s][info][gc          ] GC(18) Garbage Collection (Allocation Rate) 1314M(34%)->224M(6%)
[2026-04-03T01:38:38.246+0600][49.839s][info][gc,start    ] GC(19) Garbage Collection (Allocation Rate)
[2026-04-03T01:38:38.246+0600][49.839s][info][gc,task     ] GC(19) Using 1 workers
[2026-04-03T01:38:38.246+0600][49.839s][info][gc,phases   ] GC(19) Pause Mark Start 0.013ms
[2026-04-03T01:38:38.513+0600][50.106s][info][gc,phases   ] GC(19) Concurrent Mark 266.826ms
[2026-04-03T01:38:38.514+0600][50.106s][info][gc,phases   ] GC(19) Pause Mark End 0.046ms
[2026-04-03T01:38:38.514+0600][50.107s][info][gc,phases   ] GC(19) Concurrent Mark Free 0.002ms
[2026-04-03T01:38:38.546+0600][50.139s][info][gc,stats    ] === Garbage Collection Statistics =======================================================================================================================
[2026-04-03T01:38:38.546+0600][50.139s][info][gc,stats    ]                                                              Last 10s              Last 10m              Last 10h                Total
[2026-04-03T01:38:38.546+0600][50.139s][info][gc,stats    ]                                                              Avg / Max             Avg / Max             Avg / Max             Avg / Max
[2026-04-03T01:38:38.546+0600][50.139s][info][gc,stats    ]   Collector: Garbage Collection Cycle                    232.779 / 325.595     209.878 / 421.034     209.878 / 421.034     209.878 / 421.034     ms
[2026-04-03T01:38:38.546+0600][50.139s][info][gc,stats    ]  Contention: Mark Segment Reset Contention                     2 / 9                 2 / 76                2 / 76                2 / 76          ops/s
[2026-04-03T01:38:38.546+0600][50.139s][info][gc,stats    ]  Contention: Mark SeqNum Reset Contention                      0 / 0                 0 / 1                 0 / 1                 0 / 1           ops/s
[2026-04-03T01:38:38.546+0600][50.139s][info][gc,stats    ]    Critical: Allocation Stall                                  0 / 0                 0 / 0                 0 / 0                 0 / 0           ops/s
[2026-04-03T01:38:38.547+0600][50.139s][info][gc,stats    ]    Critical: Allocation Stall                              0.000 / 0.000         0.000 / 0.000         0.000 / 0.000         0.000 / 0.000       ms
[2026-04-03T01:38:38.547+0600][50.139s][info][gc,stats    ]    Critical: GC Locker Stall                                   0 / 0                 0 / 2                 0 / 2                 0 / 2           ops/s
[2026-04-03T01:38:38.547+0600][50.139s][info][gc,stats    ]    Critical: GC Locker Stall                               0.000 / 0.000         0.001 / 0.002         0.001 / 0.002         0.001 / 0.002       ms
[2026-04-03T01:38:38.547+0600][50.139s][info][gc,stats    ]    Critical: Relocation Stall                                  0 / 0                 0 / 0                 0 / 0                 0 / 0           ops/s
[2026-04-03T01:38:38.547+0600][50.139s][info][gc,stats    ]    Critical: Relocation Stall                              0.000 / 0.000         0.000 / 0.000         0.000 / 0.000         0.000 / 0.000       ms
[2026-04-03T01:38:38.547+0600][50.139s][info][gc,stats    ]      Memory: Allocation Rate                                1457 / 1906            636 / 1906            636 / 1906            636 / 1906        MB/s
[2026-04-03T01:38:38.547+0600][50.139s][info][gc,stats    ]      Memory: Defragment                                        2 / 12               15 / 191              15 / 191              15 / 191         ops/s
[2026-04-03T01:38:38.547+0600][50.139s][info][gc,stats    ]      Memory: Out Of Memory                                     0 / 0                 0 / 0                 0 / 0                 0 / 0           ops/s
[2026-04-03T01:38:38.547+0600][50.139s][info][gc,stats    ]      Memory: Page Cache Flush                                  4 / 24               32 / 382              32 / 382              32 / 382         MB/s
[2026-04-03T01:38:38.547+0600][50.139s][info][gc,stats    ]      Memory: Page Cache Hit L1                               493 / 593             188 / 593             188 / 593             188 / 593         ops/s
[2026-04-03T01:38:38.547+0600][50.139s][info][gc,stats    ]      Memory: Page Cache Hit L2                                 0 / 0                 0 / 0                 0 / 0                 0 / 0           ops/s
[2026-04-03T01:38:38.547+0600][50.139s][info][gc,stats    ]      Memory: Page Cache Hit L3                                 5 / 26               18 / 138              18 / 138              18 / 138         ops/s
[2026-04-03T01:38:38.547+0600][50.139s][info][gc,stats    ]      Memory: Page Cache Miss                                   0 / 0                10 / 158              10 / 158              10 / 158         ops/s
[2026-04-03T01:38:38.547+0600][50.139s][info][gc,stats    ]      Memory: Uncommit                                          0 / 0                 0 / 0                 0 / 0                 0 / 0           MB/s
[2026-04-03T01:38:38.547+0600][50.139s][info][gc,stats    ]      Memory: Undo Object Allocation Failed                     0 / 0                 0 / 0                 0 / 0                 0 / 0           ops/s
[2026-04-03T01:38:38.547+0600][50.139s][info][gc,stats    ]      Memory: Undo Object Allocation Succeeded                 75 / 753              15 / 753              15 / 753              15 / 753         ops/s
[2026-04-03T01:38:38.547+0600][50.139s][info][gc,stats    ]      Memory: Undo Page Allocation                              0 / 0                 1 / 10                1 / 10                1 / 10          ops/s
[2026-04-03T01:38:38.547+0600][50.139s][info][gc,stats    ]       Phase: Concurrent Mark                             193.916 / 266.826     152.353 / 318.001     152.353 / 318.001     152.353 / 318.001     ms
[2026-04-03T01:38:38.547+0600][50.139s][info][gc,stats    ]       Phase: Concurrent Mark Continue                      0.000 / 0.000         0.000 / 0.000         0.000 / 0.000         0.000 / 0.000       ms
[2026-04-03T01:38:38.547+0600][50.140s][info][gc,stats    ]       Phase: Concurrent Mark Free                          0.002 / 0.003         0.002 / 0.004         0.002 / 0.004         0.002 / 0.004       ms
[2026-04-03T01:38:38.547+0600][50.140s][info][gc,stats    ]       Phase: Concurrent Process Non-Strong References     29.811 / 40.769       30.318 / 82.934       30.318 / 82.934       30.318 / 82.934      ms
[2026-04-03T01:38:38.547+0600][50.140s][info][gc,stats    ]       Phase: Concurrent Relocate                          13.814 / 20.013       22.137 / 110.219      22.137 / 110.219      22.137 / 110.219     ms
[2026-04-03T01:38:38.547+0600][50.140s][info][gc,stats    ]       Phase: Concurrent Reset Relocation Set               0.037 / 0.062         0.028 / 0.076         0.028 / 0.076         0.028 / 0.076       ms
[2026-04-03T01:38:38.547+0600][50.140s][info][gc,stats    ]       Phase: Concurrent Select Relocation Set              4.849 / 6.892         5.662 / 11.507        5.662 / 11.507        5.662 / 11.507      ms
[2026-04-03T01:38:38.547+0600][50.140s][info][gc,stats    ]       Phase: Pause Mark End                                0.045 / 0.119         0.037 / 0.119         0.037 / 0.119         0.037 / 0.119       ms
[2026-04-03T01:38:38.547+0600][50.140s][info][gc,stats    ]       Phase: Pause Mark Start                              0.017 / 0.036         0.015 / 0.036         0.015 / 0.036         0.015 / 0.036       ms
[2026-04-03T01:38:38.547+0600][50.140s][info][gc,stats    ]       Phase: Pause Relocate Start                          0.017 / 0.021         0.019 / 0.040         0.019 / 0.040         0.019 / 0.040       ms
[2026-04-03T01:38:38.547+0600][50.140s][info][gc,stats    ]    Subphase: Concurrent Classes Purge                      0.234 / 0.695         0.666 / 2.630         0.666 / 2.630         0.666 / 2.630       ms
[2026-04-03T01:38:38.547+0600][50.140s][info][gc,stats    ]    Subphase: Concurrent Classes Unlink                    25.478 / 35.494       25.188 / 63.317       25.188 / 63.317       25.188 / 63.317      ms
[2026-04-03T01:38:38.547+0600][50.140s][info][gc,stats    ]    Subphase: Concurrent Mark                             168.963 / 262.968     121.541 / 312.165     121.541 / 312.165     121.541 / 312.165     ms
[2026-04-03T01:38:38.547+0600][50.140s][info][gc,stats    ]    Subphase: Concurrent Mark Try Flush                     0.382 / 0.985         0.548 / 4.676         0.548 / 4.676         0.548 / 4.676       ms
[2026-04-03T01:38:38.547+0600][50.140s][info][gc,stats    ]    Subphase: Concurrent Mark Try Terminate                 0.622 / 1.247         0.802 / 3.358         0.802 / 3.358         0.802 / 3.358       ms
[2026-04-03T01:38:38.547+0600][50.140s][info][gc,stats    ]    Subphase: Concurrent References Enqueue                 0.011 / 0.028         0.013 / 0.036         0.013 / 0.036         0.013 / 0.036       ms
[2026-04-03T01:38:38.547+0600][50.140s][info][gc,stats    ]    Subphase: Concurrent References Process                 1.062 / 1.400         0.971 / 2.137         0.971 / 2.137         0.971 / 2.137       ms
[2026-04-03T01:38:38.547+0600][50.140s][info][gc,stats    ]    Subphase: Concurrent Roots ClassLoaderDataGraph         0.631 / 1.052         0.497 / 3.026         0.497 / 3.026         0.497 / 3.026       ms
[2026-04-03T01:38:38.547+0600][50.140s][info][gc,stats    ]    Subphase: Concurrent Roots CodeCache                    0.000 / 0.000         0.000 / 0.000         0.000 / 0.000         0.000 / 0.000       ms
[2026-04-03T01:38:38.547+0600][50.140s][info][gc,stats    ]    Subphase: Concurrent Roots JavaThreads                  2.389 / 3.677         1.899 / 5.610         1.899 / 5.610         1.899 / 5.610       ms
[2026-04-03T01:38:38.547+0600][50.140s][info][gc,stats    ]    Subphase: Concurrent Roots OopStorageSet                0.203 / 0.312         0.136 / 0.312         0.136 / 0.312         0.136 / 0.312       ms
[2026-04-03T01:38:38.547+0600][50.140s][info][gc,stats    ]    Subphase: Concurrent Weak Roots OopStorageSet           2.052 / 3.920         1.716 / 4.158         1.716 / 4.158         1.716 / 4.158       ms
[2026-04-03T01:38:38.547+0600][50.140s][info][gc,stats    ]    Subphase: Pause Mark Try Complete                       0.000 / 0.000         0.000 / 0.000         0.000 / 0.000         0.000 / 0.000       ms
[2026-04-03T01:38:38.547+0600][50.140s][info][gc,stats    ]      System: Java Threads                                    283 / 287             193 / 287             193 / 287             193 / 287         threads
[2026-04-03T01:38:38.547+0600][50.140s][info][gc,stats    ] =========================================================================================================================================================
[2026-04-03T01:38:38.568+0600][50.161s][info][gc,phases   ] GC(19) Concurrent Process Non-Strong References 54.180ms
[2026-04-03T01:38:38.568+0600][50.161s][info][gc,phases   ] GC(19) Concurrent Reset Relocation Set 0.017ms
[2026-04-03T01:38:38.573+0600][50.166s][info][gc,phases   ] GC(19) Concurrent Select Relocation Set 4.765ms
[2026-04-03T01:38:38.573+0600][50.166s][info][gc,phases   ] GC(19) Pause Relocate Start 0.019ms
[2026-04-03T01:38:38.590+0600][50.182s][info][gc,phases   ] GC(19) Concurrent Relocate 16.090ms
[2026-04-03T01:38:38.590+0600][50.182s][info][gc,load     ] GC(19) Load: 7.55/9.31/8.02
[2026-04-03T01:38:38.590+0600][50.182s][info][gc,mmu      ] GC(19) MMU: 2ms/94.0%, 5ms/97.6%, 10ms/98.8%, 20ms/99.4%, 50ms/99.7%, 100ms/99.9%
[2026-04-03T01:38:38.590+0600][50.182s][info][gc,marking  ] GC(19) Mark: 1 stripe(s), 2 proactive flush(es), 1 terminate flush(es), 0 completion(s), 0 continuation(s) 
[2026-04-03T01:38:38.590+0600][50.182s][info][gc,marking  ] GC(19) Mark Stack Usage: 32M
[2026-04-03T01:38:38.590+0600][50.182s][info][gc,nmethod  ] GC(19) NMethods: 14366 registered, 1918 unregistered
[2026-04-03T01:38:38.590+0600][50.182s][info][gc,metaspace] GC(19) Metaspace: 128M used, 129M committed, 1152M reserved
[2026-04-03T01:38:38.590+0600][50.182s][info][gc,ref      ] GC(19) Soft: 6317 encountered, 0 discovered, 0 enqueued
[2026-04-03T01:38:38.590+0600][50.182s][info][gc,ref      ] GC(19) Weak: 17404 encountered, 5728 discovered, 2359 enqueued
[2026-04-03T01:38:38.590+0600][50.182s][info][gc,ref      ] GC(19) Final: 84 encountered, 0 discovered, 0 enqueued
[2026-04-03T01:38:38.590+0600][50.182s][info][gc,ref      ] GC(19) Phantom: 620 encountered, 296 discovered, 0 enqueued
[2026-04-03T01:38:38.590+0600][50.182s][info][gc,reloc    ] GC(19) Small Pages: 796 / 1592M, Empty: 778M, Relocated: 10M, In-Place: 0
[2026-04-03T01:38:38.590+0600][50.182s][info][gc,reloc    ] GC(19) Medium Pages: 8 / 256M, Empty: 224M, Relocated: 0M, In-Place: 0
[2026-04-03T01:38:38.590+0600][50.183s][info][gc,reloc    ] GC(19) Large Pages: 99 / 594M, Empty: 594M, Relocated: 0M, In-Place: 0
[2026-04-03T01:38:38.590+0600][50.183s][info][gc,reloc    ] GC(19) Forwarding Usage: 2M
[2026-04-03T01:38:38.590+0600][50.183s][info][gc,heap     ] GC(19) Min Capacity: 8M(0%)
[2026-04-03T01:38:38.590+0600][50.183s][info][gc,heap     ] GC(19) Max Capacity: 3922M(100%)
[2026-04-03T01:38:38.590+0600][50.183s][info][gc,heap     ] GC(19) Soft Max Capacity: 3922M(100%)
[2026-04-03T01:38:38.590+0600][50.183s][info][gc,heap     ] GC(19)                Mark Start          Mark End        Relocate Start      Relocate End           High               Low         
[2026-04-03T01:38:38.590+0600][50.183s][info][gc,heap     ] GC(19)  Capacity:     3922M (100%)       3922M (100%)       3922M (100%)       3922M (100%)       3922M (100%)       3922M (100%)   
[2026-04-03T01:38:38.590+0600][50.183s][info][gc,heap     ] GC(19)      Free:     1480M (38%)         840M (21%)        2398M (61%)        3080M (79%)        3082M (79%)         812M (21%)    
[2026-04-03T01:38:38.590+0600][50.183s][info][gc,heap     ] GC(19)      Used:     2442M (62%)        3082M (79%)        1524M (39%)         842M (21%)        3110M (79%)         840M (21%)    
[2026-04-03T01:38:38.590+0600][50.183s][info][gc,heap     ] GC(19)      Live:         -               109M (3%)          109M (3%)          109M (3%)             -                  -          
[2026-04-03T01:38:38.590+0600][50.183s][info][gc,heap     ] GC(19) Allocated:         -               640M (16%)         678M (17%)         697M (18%)            -                  -          
[2026-04-03T01:38:38.590+0600][50.183s][info][gc,heap     ] GC(19)   Garbage:         -              2332M (59%)         736M (19%)          34M (1%)             -                  -          
[2026-04-03T01:38:38.590+0600][50.183s][info][gc,heap     ] GC(19) Reclaimed:         -                  -              1596M (41%)        2297M (59%)            -                  -          
[2026-04-03T01:38:38.590+0600][50.183s][info][gc          ] GC(19) Garbage Collection (Allocation Rate) 2442M(62%)->842M(21%)
[2026-04-03T01:38:38.646+0600][50.238s][info][gc,start    ] GC(20) Garbage Collection (Allocation Rate)
[2026-04-03T01:38:38.646+0600][50.238s][info][gc,task     ] GC(20) Using 2 workers
[2026-04-03T01:38:38.646+0600][50.239s][info][gc,phases   ] GC(20) Pause Mark Start 0.011ms
[2026-04-03T01:38:38.754+0600][50.347s][info][gc,phases   ] GC(20) Concurrent Mark 107.905ms
[2026-04-03T01:38:38.755+0600][50.347s][info][gc,phases   ] GC(20) Pause Mark End 0.045ms
[2026-04-03T01:38:38.755+0600][50.347s][info][gc,phases   ] GC(20) Concurrent Mark Free 0.003ms
[2026-04-03T01:38:38.775+0600][50.368s][info][gc,phases   ] GC(20) Concurrent Process Non-Strong References 20.672ms
[2026-04-03T01:38:38.776+0600][50.368s][info][gc,phases   ] GC(20) Concurrent Reset Relocation Set 0.032ms
[2026-04-03T01:38:38.780+0600][50.372s][info][gc,phases   ] GC(20) Concurrent Select Relocation Set 4.150ms
[2026-04-03T01:38:38.780+0600][50.373s][info][gc,phases   ] GC(20) Pause Relocate Start 0.013ms
[2026-04-03T01:38:38.787+0600][50.379s][info][gc,phases   ] GC(20) Concurrent Relocate 6.331ms
[2026-04-03T01:38:38.787+0600][50.379s][info][gc,load     ] GC(20) Load: 7.55/9.31/8.02
[2026-04-03T01:38:38.787+0600][50.379s][info][gc,mmu      ] GC(20) MMU: 2ms/94.0%, 5ms/97.6%, 10ms/98.8%, 20ms/99.4%, 50ms/99.7%, 100ms/99.9%
[2026-04-03T01:38:38.787+0600][50.379s][info][gc,marking  ] GC(20) Mark: 2 stripe(s), 2 proactive flush(es), 1 terminate flush(es), 0 completion(s), 0 continuation(s) 
[2026-04-03T01:38:38.787+0600][50.379s][info][gc,marking  ] GC(20) Mark Stack Usage: 32M
[2026-04-03T01:38:38.787+0600][50.379s][info][gc,nmethod  ] GC(20) NMethods: 14378 registered, 1933 unregistered
[2026-04-03T01:38:38.787+0600][50.379s][info][gc,metaspace] GC(20) Metaspace: 128M used, 129M committed, 1152M reserved
[2026-04-03T01:38:38.787+0600][50.379s][info][gc,ref      ] GC(20) Soft: 6309 encountered, 0 discovered, 0 enqueued
[2026-04-03T01:38:38.787+0600][50.379s][info][gc,ref      ] GC(20) Weak: 15451 encountered, 5672 discovered, 670 enqueued
[2026-04-03T01:38:38.787+0600][50.379s][info][gc,ref      ] GC(20) Final: 84 encountered, 0 discovered, 0 enqueued
[2026-04-03T01:38:38.787+0600][50.379s][info][gc,ref      ] GC(20) Phantom: 620 encountered, 431 discovered, 0 enqueued
[2026-04-03T01:38:38.787+0600][50.379s][info][gc,reloc    ] GC(20) Small Pages: 187 / 374M, Empty: 34M, Relocated: 8M, In-Place: 0
[2026-04-03T01:38:38.787+0600][50.379s][info][gc,reloc    ] GC(20) Medium Pages: 3 / 96M, Empty: 64M, Relocated: 0M, In-Place: 0
[2026-04-03T01:38:38.787+0600][50.379s][info][gc,reloc    ] GC(20) Large Pages: 71 / 426M, Empty: 426M, Relocated: 0M, In-Place: 0
[2026-04-03T01:38:38.787+0600][50.379s][info][gc,reloc    ] GC(20) Forwarding Usage: 2M
[2026-04-03T01:38:38.787+0600][50.379s][info][gc,heap     ] GC(20) Min Capacity: 8M(0%)
[2026-04-03T01:38:38.787+0600][50.379s][info][gc,heap     ] GC(20) Max Capacity: 3922M(100%)
[2026-04-03T01:38:38.787+0600][50.379s][info][gc,heap     ] GC(20) Soft Max Capacity: 3922M(100%)
[2026-04-03T01:38:38.787+0600][50.379s][info][gc,heap     ] GC(20)                Mark Start          Mark End        Relocate Start      Relocate End           High               Low         
[2026-04-03T01:38:38.787+0600][50.380s][info][gc,heap     ] GC(20)  Capacity:     3922M (100%)       3922M (100%)       3922M (100%)       3922M (100%)       3922M (100%)       3922M (100%)   
[2026-04-03T01:38:38.787+0600][50.380s][info][gc,heap     ] GC(20)      Free:     3026M (77%)        2974M (76%)        3470M (88%)        3696M (94%)        3696M (94%)        2962M (76%)    
[2026-04-03T01:38:38.787+0600][50.380s][info][gc,heap     ] GC(20)      Used:      896M (23%)         948M (24%)         452M (12%)         226M (6%)          960M (24%)         226M (6%)     
[2026-04-03T01:38:38.787+0600][50.380s][info][gc,heap     ] GC(20)      Live:         -               104M (3%)          104M (3%)          104M (3%)             -                  -          
[2026-04-03T01:38:38.787+0600][50.380s][info][gc,heap     ] GC(20) Allocated:         -                52M (1%)           80M (2%)           85M (2%)             -                  -          
[2026-04-03T01:38:38.787+0600][50.380s][info][gc,heap     ] GC(20)   Garbage:         -               791M (20%)         267M (7%)           35M (1%)             -                  -          
[2026-04-03T01:38:38.787+0600][50.380s][info][gc,heap     ] GC(20) Reclaimed:         -                  -               524M (13%)         755M (19%)            -                  -          
[2026-04-03T01:38:38.787+0600][50.380s][info][gc          ] GC(20) Garbage Collection (Allocation Rate) 896M(23%)->226M(6%)
[2026-04-03T01:38:40.823+0600][52.416s][info][gc,start    ] GC(21) Garbage Collection (System.gc())
[2026-04-03T01:38:40.823+0600][52.416s][info][gc,task     ] GC(21) Using 3 workers
[2026-04-03T01:38:40.824+0600][52.416s][info][gc,phases   ] GC(21) Pause Mark Start 0.011ms
[2026-04-03T01:38:40.922+0600][52.515s][info][gc,phases   ] GC(21) Concurrent Mark 98.493ms
[2026-04-03T01:38:40.922+0600][52.515s][info][gc,phases   ] GC(21) Pause Mark End 0.023ms
[2026-04-03T01:38:40.923+0600][52.515s][info][gc,phases   ] GC(21) Concurrent Mark Free 0.002ms
[2026-04-03T01:38:40.955+0600][52.547s][info][gc,phases   ] GC(21) Concurrent Process Non-Strong References 32.114ms
[2026-04-03T01:38:40.955+0600][52.548s][info][gc,phases   ] GC(21) Concurrent Reset Relocation Set 0.014ms
[2026-04-03T01:38:40.958+0600][52.551s][info][gc,phases   ] GC(21) Concurrent Select Relocation Set 3.406ms
[2026-04-03T01:38:40.958+0600][52.551s][info][gc,phases   ] GC(21) Pause Relocate Start 0.015ms
[2026-04-03T01:38:40.964+0600][52.557s][info][gc,phases   ] GC(21) Concurrent Relocate 5.127ms
[2026-04-03T01:38:40.964+0600][52.557s][info][gc,load     ] GC(21) Load: 7.75/9.32/8.03
[2026-04-03T01:38:40.964+0600][52.557s][info][gc,mmu      ] GC(21) MMU: 2ms/94.0%, 5ms/97.6%, 10ms/98.8%, 20ms/99.4%, 50ms/99.7%, 100ms/99.9%
[2026-04-03T01:38:40.964+0600][52.557s][info][gc,marking  ] GC(21) Mark: 2 stripe(s), 10 proactive flush(es), 1 terminate flush(es), 0 completion(s), 0 continuation(s) 
[2026-04-03T01:38:40.964+0600][52.557s][info][gc,marking  ] GC(21) Mark Stack Usage: 32M
[2026-04-03T01:38:40.964+0600][52.557s][info][gc,nmethod  ] GC(21) NMethods: 14496 registered, 2002 unregistered
[2026-04-03T01:38:40.964+0600][52.557s][info][gc,metaspace] GC(21) Metaspace: 128M used, 129M committed, 1152M reserved
[2026-04-03T01:38:40.964+0600][52.557s][info][gc,ref      ] GC(21) Soft: 6380 encountered, 0 discovered, 0 enqueued
[2026-04-03T01:38:40.964+0600][52.557s][info][gc,ref      ] GC(21) Weak: 17989 encountered, 8358 discovered, 3067 enqueued
[2026-04-03T01:38:40.964+0600][52.557s][info][gc,ref      ] GC(21) Final: 84 encountered, 0 discovered, 0 enqueued
[2026-04-03T01:38:40.964+0600][52.557s][info][gc,ref      ] GC(21) Phantom: 620 encountered, 425 discovered, 0 enqueued
[2026-04-03T01:38:40.964+0600][52.557s][info][gc,reloc    ] GC(21) Small Pages: 1031 / 2062M, Empty: 1164M, Relocated: 6M, In-Place: 0
[2026-04-03T01:38:40.964+0600][52.557s][info][gc,reloc    ] GC(21) Medium Pages: 10 / 320M, Empty: 288M, Relocated: 0M, In-Place: 0
[2026-04-03T01:38:40.964+0600][52.557s][info][gc,reloc    ] GC(21) Large Pages: 41 / 246M, Empty: 246M, Relocated: 0M, In-Place: 0
[2026-04-03T01:38:40.964+0600][52.557s][info][gc,reloc    ] GC(21) Forwarding Usage: 1M
[2026-04-03T01:38:40.964+0600][52.557s][info][gc,heap     ] GC(21) Min Capacity: 8M(0%)
[2026-04-03T01:38:40.964+0600][52.557s][info][gc,heap     ] GC(21) Max Capacity: 3922M(100%)
[2026-04-03T01:38:40.964+0600][52.557s][info][gc,heap     ] GC(21) Soft Max Capacity: 3922M(100%)
[2026-04-03T01:38:40.964+0600][52.557s][info][gc,heap     ] GC(21)                Mark Start          Mark End        Relocate Start      Relocate End           High               Low         
[2026-04-03T01:38:40.964+0600][52.557s][info][gc,heap     ] GC(21)  Capacity:     3922M (100%)       3922M (100%)       3922M (100%)       3922M (100%)       3922M (100%)       3922M (100%)   
[2026-04-03T01:38:40.964+0600][52.557s][info][gc,heap     ] GC(21)      Free:     1294M (33%)        1292M (33%)        2972M (76%)        3756M (96%)        3756M (96%)        1292M (33%)    
[2026-04-03T01:38:40.964+0600][52.557s][info][gc,heap     ] GC(21)      Used:     2628M (67%)        2630M (67%)         950M (24%)         166M (4%)         2630M (67%)         166M (4%)     
[2026-04-03T01:38:40.964+0600][52.557s][info][gc,heap     ] GC(21)      Live:         -               108M (3%)          108M (3%)          108M (3%)             -                  -          
[2026-04-03T01:38:40.964+0600][52.557s][info][gc,heap     ] GC(21) Allocated:         -                 2M (0%)           20M (1%)           19M (1%)             -                  -          
[2026-04-03T01:38:40.964+0600][52.557s][info][gc,heap     ] GC(21)   Garbage:         -              2519M (64%)         821M (21%)          37M (1%)             -                  -          
[2026-04-03T01:38:40.964+0600][52.557s][info][gc,heap     ] GC(21) Reclaimed:         -                  -              1698M (43%)        2481M (63%)            -                  -          
[2026-04-03T01:38:40.964+0600][52.557s][info][gc          ] GC(21) Garbage Collection (System.gc()) 2628M(67%)->166M(4%)
[2026-04-03T01:38:43.246+0600][54.839s][info][gc,start    ] GC(22) Garbage Collection (Allocation Rate)
[2026-04-03T01:38:43.246+0600][54.839s][info][gc,task     ] GC(22) Using 2 workers
[2026-04-03T01:38:43.248+0600][54.840s][info][gc,phases   ] GC(22) Pause Mark Start 0.012ms
[2026-04-03T01:38:43.409+0600][55.002s][info][gc,phases   ] GC(22) Concurrent Mark 161.503ms
[2026-04-03T01:38:43.410+0600][55.002s][info][gc,phases   ] GC(22) Pause Mark End 0.030ms
[2026-04-03T01:38:43.410+0600][55.002s][info][gc,phases   ] GC(22) Concurrent Mark Free 0.003ms
[2026-04-03T01:38:43.445+0600][55.037s][info][gc,phases   ] GC(22) Concurrent Process Non-Strong References 34.887ms
[2026-04-03T01:38:43.445+0600][55.037s][info][gc,phases   ] GC(22) Concurrent Reset Relocation Set 0.042ms
[2026-04-03T01:38:43.451+0600][55.043s][info][gc,phases   ] GC(22) Concurrent Select Relocation Set 5.689ms
[2026-04-03T01:38:43.451+0600][55.044s][info][gc,phases   ] GC(22) Pause Relocate Start 0.016ms
[2026-04-03T01:38:43.469+0600][55.061s][info][gc,phases   ] GC(22) Concurrent Relocate 17.585ms
[2026-04-03T01:38:43.469+0600][55.061s][info][gc,load     ] GC(22) Load: 7.75/9.32/8.03
[2026-04-03T01:38:43.469+0600][55.061s][info][gc,mmu      ] GC(22) MMU: 2ms/94.0%, 5ms/97.6%, 10ms/98.8%, 20ms/99.4%, 50ms/99.7%, 100ms/99.9%
[2026-04-03T01:38:43.469+0600][55.061s][info][gc,marking  ] GC(22) Mark: 2 stripe(s), 2 proactive flush(es), 1 terminate flush(es), 0 completion(s), 0 continuation(s) 
[2026-04-03T01:38:43.469+0600][55.062s][info][gc,marking  ] GC(22) Mark Stack Usage: 32M
[2026-04-03T01:38:43.469+0600][55.062s][info][gc,nmethod  ] GC(22) NMethods: 14607 registered, 2091 unregistered
[2026-04-03T01:38:43.469+0600][55.062s][info][gc,metaspace] GC(22) Metaspace: 128M used, 129M committed, 1152M reserved
[2026-04-03T01:38:43.469+0600][55.062s][info][gc,ref      ] GC(22) Soft: 6381 encountered, 0 discovered, 0 enqueued
[2026-04-03T01:38:43.469+0600][55.062s][info][gc,ref      ] GC(22) Weak: 18369 encountered, 8723 discovered, 2389 enqueued
[2026-04-03T01:38:43.469+0600][55.062s][info][gc,ref      ] GC(22) Final: 84 encountered, 0 discovered, 0 enqueued
[2026-04-03T01:38:43.469+0600][55.062s][info][gc,ref      ] GC(22) Phantom: 620 encountered, 599 discovered, 0 enqueued
[2026-04-03T01:38:43.469+0600][55.062s][info][gc,reloc    ] GC(22) Small Pages: 990 / 1980M, Empty: 892M, Relocated: 13M, In-Place: 0
[2026-04-03T01:38:43.469+0600][55.062s][info][gc,reloc    ] GC(22) Medium Pages: 13 / 416M, Empty: 352M, Relocated: 9M, In-Place: 0
[2026-04-03T01:38:43.469+0600][55.062s][info][gc,reloc    ] GC(22) Large Pages: 178 / 1068M, Empty: 1068M, Relocated: 0M, In-Place: 0
[2026-04-03T01:38:43.469+0600][55.062s][info][gc,reloc    ] GC(22) Forwarding Usage: 3M
[2026-04-03T01:38:43.469+0600][55.062s][info][gc,heap     ] GC(22) Min Capacity: 8M(0%)
[2026-04-03T01:38:43.469+0600][55.062s][info][gc,heap     ] GC(22) Max Capacity: 3922M(100%)
[2026-04-03T01:38:43.469+0600][55.062s][info][gc,heap     ] GC(22) Soft Max Capacity: 3922M(100%)
[2026-04-03T01:38:43.469+0600][55.062s][info][gc,heap     ] GC(22)                Mark Start          Mark End        Relocate Start      Relocate End           High               Low         
[2026-04-03T01:38:43.469+0600][55.062s][info][gc,heap     ] GC(22)  Capacity:     3922M (100%)       3922M (100%)       3922M (100%)       3922M (100%)       3922M (100%)       3922M (100%)   
[2026-04-03T01:38:43.469+0600][55.062s][info][gc,heap     ] GC(22)      Free:      458M (12%)         282M (7%)         2516M (64%)        3498M (89%)        3506M (89%)         240M (6%)     
[2026-04-03T01:38:43.469+0600][55.062s][info][gc,heap     ] GC(22)      Used:     3464M (88%)        3640M (93%)        1406M (36%)         424M (11%)        3682M (94%)         416M (11%)    
[2026-04-03T01:38:43.469+0600][55.062s][info][gc,heap     ] GC(22)      Live:         -               110M (3%)          110M (3%)          110M (3%)             -                  -          
[2026-04-03T01:38:43.469+0600][55.062s][info][gc,heap     ] GC(22) Allocated:         -               176M (4%)          254M (6%)          277M (7%)             -                  -          
[2026-04-03T01:38:43.469+0600][55.062s][info][gc,heap     ] GC(22)   Garbage:         -              3353M (86%)        1041M (27%)          36M (1%)             -                  -          
[2026-04-03T01:38:43.469+0600][55.062s][info][gc,heap     ] GC(22) Reclaimed:         -                  -              2312M (59%)        3317M (85%)            -                  -          
[2026-04-03T01:38:43.469+0600][55.062s][info][gc          ] GC(22) Garbage Collection (Allocation Rate) 3464M(88%)->424M(11%)
[2026-04-03T01:38:44.746+0600][56.339s][info][gc,start    ] GC(23) Garbage Collection (Allocation Rate)
[2026-04-03T01:38:44.746+0600][56.339s][info][gc,task     ] GC(23) Using 2 workers
[2026-04-03T01:38:44.747+0600][56.339s][info][gc,phases   ] GC(23) Pause Mark Start 0.018ms
[2026-04-03T01:38:44.935+0600][56.528s][info][gc,phases   ] GC(23) Concurrent Mark 188.255ms
[2026-04-03T01:38:44.936+0600][56.528s][info][gc,phases   ] GC(23) Pause Mark End 0.041ms
[2026-04-03T01:38:44.936+0600][56.529s][info][gc,phases   ] GC(23) Concurrent Mark Free 0.003ms
[2026-04-03T01:38:44.968+0600][56.560s][info][gc,phases   ] GC(23) Concurrent Process Non-Strong References 31.693ms
[2026-04-03T01:38:44.968+0600][56.561s][info][gc,phases   ] GC(23) Concurrent Reset Relocation Set 0.055ms
[2026-04-03T01:38:44.975+0600][56.568s][info][gc,phases   ] GC(23) Concurrent Select Relocation Set 6.997ms
[2026-04-03T01:38:44.975+0600][56.568s][info][gc,phases   ] GC(23) Pause Relocate Start 0.019ms
[2026-04-03T01:38:44.998+0600][56.591s][info][gc,phases   ] GC(23) Concurrent Relocate 22.416ms
[2026-04-03T01:38:44.998+0600][56.591s][info][gc,load     ] GC(23) Load: 7.53/9.25/8.01
[2026-04-03T01:38:44.998+0600][56.591s][info][gc,mmu      ] GC(23) MMU: 2ms/94.0%, 5ms/97.6%, 10ms/98.8%, 20ms/99.4%, 50ms/99.7%, 100ms/99.9%
[2026-04-03T01:38:44.998+0600][56.591s][info][gc,marking  ] GC(23) Mark: 2 stripe(s), 2 proactive flush(es), 1 terminate flush(es), 0 completion(s), 0 continuation(s) 
[2026-04-03T01:38:44.998+0600][56.591s][info][gc,marking  ] GC(23) Mark Stack Usage: 32M
[2026-04-03T01:38:44.998+0600][56.591s][info][gc,nmethod  ] GC(23) NMethods: 14658 registered, 2133 unregistered
[2026-04-03T01:38:44.998+0600][56.591s][info][gc,metaspace] GC(23) Metaspace: 128M used, 130M committed, 1152M reserved
[2026-04-03T01:38:44.998+0600][56.591s][info][gc,ref      ] GC(23) Soft: 6382 encountered, 0 discovered, 0 enqueued
[2026-04-03T01:38:44.998+0600][56.591s][info][gc,ref      ] GC(23) Weak: 18003 encountered, 9130 discovered, 2893 enqueued
[2026-04-03T01:38:44.998+0600][56.591s][info][gc,ref      ] GC(23) Final: 84 encountered, 0 discovered, 0 enqueued
[2026-04-03T01:38:44.998+0600][56.591s][info][gc,ref      ] GC(23) Phantom: 620 encountered, 436 discovered, 0 enqueued
[2026-04-03T01:38:44.998+0600][56.591s][info][gc,reloc    ] GC(23) Small Pages: 694 / 1388M, Empty: 522M, Relocated: 13M, In-Place: 0
[2026-04-03T01:38:44.998+0600][56.591s][info][gc,reloc    ] GC(23) Medium Pages: 7 / 224M, Empty: 192M, Relocated: 0M, In-Place: 0
[2026-04-03T01:38:44.998+0600][56.591s][info][gc,reloc    ] GC(23) Large Pages: 157 / 942M, Empty: 942M, Relocated: 0M, In-Place: 0
[2026-04-03T01:38:44.998+0600][56.591s][info][gc,reloc    ] GC(23) Forwarding Usage: 3M
[2026-04-03T01:38:44.998+0600][56.591s][info][gc,heap     ] GC(23) Min Capacity: 8M(0%)
[2026-04-03T01:38:44.998+0600][56.591s][info][gc,heap     ] GC(23) Max Capacity: 3922M(100%)
[2026-04-03T01:38:44.998+0600][56.591s][info][gc,heap     ] GC(23) Soft Max Capacity: 3922M(100%)
[2026-04-03T01:38:44.998+0600][56.591s][info][gc,heap     ] GC(23)                Mark Start          Mark End        Relocate Start      Relocate End           High               Low         
[2026-04-03T01:38:44.998+0600][56.591s][info][gc,heap     ] GC(23)  Capacity:     3922M (100%)       3922M (100%)       3922M (100%)       3922M (100%)       3922M (100%)       3922M (100%)   
[2026-04-03T01:38:44.998+0600][56.591s][info][gc,heap     ] GC(23)      Free:     1368M (35%)        1130M (29%)        2762M (70%)        3486M (89%)        3492M (89%)        1114M (28%)    
[2026-04-03T01:38:44.998+0600][56.591s][info][gc,heap     ] GC(23)      Used:     2554M (65%)        2792M (71%)        1160M (30%)         436M (11%)        2808M (72%)         430M (11%)    
[2026-04-03T01:38:44.998+0600][56.591s][info][gc,heap     ] GC(23)      Live:         -               111M (3%)          111M (3%)          111M (3%)             -                  -          
[2026-04-03T01:38:44.999+0600][56.591s][info][gc,heap     ] GC(23) Allocated:         -               238M (6%)          262M (7%)          289M (7%)             -                  -          
[2026-04-03T01:38:44.999+0600][56.591s][info][gc,heap     ] GC(23)   Garbage:         -              2442M (62%)         786M (20%)          35M (1%)             -                  -          
[2026-04-03T01:38:44.999+0600][56.591s][info][gc,heap     ] GC(23) Reclaimed:         -                  -              1656M (42%)        2407M (61%)            -                  -          
[2026-04-03T01:38:44.999+0600][56.591s][info][gc          ] GC(23) Garbage Collection (Allocation Rate) 2554M(65%)->436M(11%)
[2026-04-03T01:38:46.946+0600][58.539s][info][gc,start    ] GC(24) Garbage Collection (Allocation Rate)
[2026-04-03T01:38:46.946+0600][58.539s][info][gc,task     ] GC(24) Using 1 workers
[2026-04-03T01:38:46.947+0600][58.540s][info][gc,phases   ] GC(24) Pause Mark Start 0.016ms
[2026-04-03T01:38:47.264+0600][58.857s][info][gc,phases   ] GC(24) Concurrent Mark 316.860ms
[2026-04-03T01:38:47.265+0600][58.858s][info][gc,phases   ] GC(24) Pause Mark End 0.041ms
[2026-04-03T01:38:47.265+0600][58.858s][info][gc,phases   ] GC(24) Concurrent Mark Free 0.003ms
[2026-04-03T01:38:47.345+0600][58.937s][info][gc,phases   ] GC(24) Concurrent Process Non-Strong References 79.465ms
[2026-04-03T01:38:47.345+0600][58.937s][info][gc,phases   ] GC(24) Concurrent Reset Relocation Set 0.039ms
[2026-04-03T01:38:47.350+0600][58.943s][info][gc,phases   ] GC(24) Concurrent Select Relocation Set 5.262ms
[2026-04-03T01:38:47.350+0600][58.943s][info][gc,phases   ] GC(24) Pause Relocate Start 0.017ms
[2026-04-03T01:38:47.382+0600][58.975s][info][gc,phases   ] GC(24) Concurrent Relocate 31.900ms
[2026-04-03T01:38:47.383+0600][58.975s][info][gc,load     ] GC(24) Load: 7.53/9.25/8.01
[2026-04-03T01:38:47.383+0600][58.975s][info][gc,mmu      ] GC(24) MMU: 2ms/94.0%, 5ms/97.6%, 10ms/98.8%, 20ms/99.4%, 50ms/99.7%, 100ms/99.9%
[2026-04-03T01:38:47.383+0600][58.975s][info][gc,marking  ] GC(24) Mark: 1 stripe(s), 2 proactive flush(es), 1 terminate flush(es), 0 completion(s), 0 continuation(s) 
[2026-04-03T01:38:47.383+0600][58.975s][info][gc,marking  ] GC(24) Mark Stack Usage: 32M
[2026-04-03T01:38:47.383+0600][58.975s][info][gc,nmethod  ] GC(24) NMethods: 14749 registered, 2195 unregistered
[2026-04-03T01:38:47.383+0600][58.975s][info][gc,metaspace] GC(24) Metaspace: 128M used, 130M committed, 1152M reserved
[2026-04-03T01:38:47.383+0600][58.975s][info][gc,ref      ] GC(24) Soft: 6388 encountered, 0 discovered, 0 enqueued
[2026-04-03T01:38:47.383+0600][58.976s][info][gc,ref      ] GC(24) Weak: 18620 encountered, 7169 discovered, 3343 enqueued
[2026-04-03T01:38:47.383+0600][58.976s][info][gc,ref      ] GC(24) Final: 84 encountered, 0 discovered, 0 enqueued
[2026-04-03T01:38:47.383+0600][58.976s][info][gc,ref      ] GC(24) Phantom: 623 encountered, 586 discovered, 0 enqueued
[2026-04-03T01:38:47.383+0600][58.976s][info][gc,reloc    ] GC(24) Small Pages: 990 / 1980M, Empty: 930M, Relocated: 15M, In-Place: 0
[2026-04-03T01:38:47.383+0600][58.976s][info][gc,reloc    ] GC(24) Medium Pages: 13 / 416M, Empty: 384M, Relocated: 0M, In-Place: 0
[2026-04-03T01:38:47.383+0600][58.976s][info][gc,reloc    ] GC(24) Large Pages: 50 / 300M, Empty: 300M, Relocated: 0M, In-Place: 0
[2026-04-03T01:38:47.383+0600][58.976s][info][gc,reloc    ] GC(24) Forwarding Usage: 4M
[2026-04-03T01:38:47.383+0600][58.976s][info][gc,heap     ] GC(24) Min Capacity: 8M(0%)
[2026-04-03T01:38:47.383+0600][58.976s][info][gc,heap     ] GC(24) Max Capacity: 3922M(100%)
[2026-04-03T01:38:47.383+0600][58.976s][info][gc,heap     ] GC(24) Soft Max Capacity: 3922M(100%)
[2026-04-03T01:38:47.383+0600][58.976s][info][gc,heap     ] GC(24)                Mark Start          Mark End        Relocate Start      Relocate End           High               Low         
[2026-04-03T01:38:47.383+0600][58.976s][info][gc,heap     ] GC(24)  Capacity:     3922M (100%)       3922M (100%)       3922M (100%)       3922M (100%)       3922M (100%)       3922M (100%)   
[2026-04-03T01:38:47.383+0600][58.976s][info][gc,heap     ] GC(24)      Free:     1226M (31%)         804M (20%)        2046M (52%)        2930M (75%)        2946M (75%)         438M (11%)    
[2026-04-03T01:38:47.383+0600][58.976s][info][gc,heap     ] GC(24)      Used:     2696M (69%)        3118M (80%)        1876M (48%)         992M (25%)        3484M (89%)         976M (25%)    
[2026-04-03T01:38:47.383+0600][58.976s][info][gc,heap     ] GC(24)      Live:         -               113M (3%)          113M (3%)          113M (3%)             -                  -          
[2026-04-03T01:38:47.383+0600][58.976s][info][gc,heap     ] GC(24) Allocated:         -               422M (11%)         794M (20%)         843M (21%)            -                  -          
[2026-04-03T01:38:47.383+0600][58.976s][info][gc,heap     ] GC(24)   Garbage:         -              2582M (66%)         968M (25%)          35M (1%)             -                  -          
[2026-04-03T01:38:47.383+0600][58.976s][info][gc,heap     ] GC(24) Reclaimed:         -                  -              1614M (41%)        2547M (65%)            -                  -          
[2026-04-03T01:38:47.383+0600][58.976s][info][gc          ] GC(24) Garbage Collection (Allocation Rate) 2696M(69%)->992M(25%)
[2026-04-03T01:38:47.446+0600][59.038s][info][gc,start    ] GC(25) Garbage Collection (Allocation Rate)
[2026-04-03T01:38:47.446+0600][59.038s][info][gc,task     ] GC(25) Using 2 workers
[2026-04-03T01:38:47.446+0600][59.039s][info][gc,phases   ] GC(25) Pause Mark Start 0.013ms
[2026-04-03T01:38:47.608+0600][59.200s][info][gc,phases   ] GC(25) Concurrent Mark 161.459ms
[2026-04-03T01:38:47.608+0600][59.201s][info][gc,phases   ] GC(25) Pause Mark End 0.026ms
[2026-04-03T01:38:47.608+0600][59.201s][info][gc,phases   ] GC(25) Concurrent Mark Free 0.001ms
[2026-04-03T01:38:47.631+0600][59.223s][info][gc,phases   ] GC(25) Concurrent Process Non-Strong References 22.438ms
[2026-04-03T01:38:47.631+0600][59.223s][info][gc,phases   ] GC(25) Concurrent Reset Relocation Set 0.047ms
[2026-04-03T01:38:47.635+0600][59.228s][info][gc,phases   ] GC(25) Concurrent Select Relocation Set 4.494ms
[2026-04-03T01:38:47.636+0600][59.228s][info][gc,phases   ] GC(25) Pause Relocate Start 0.045ms
[2026-04-03T01:38:47.647+0600][59.240s][info][gc,phases   ] GC(25) Concurrent Relocate 10.195ms
[2026-04-03T01:38:47.647+0600][59.240s][info][gc,load     ] GC(25) Load: 7.53/9.25/8.01
[2026-04-03T01:38:47.647+0600][59.240s][info][gc,mmu      ] GC(25) MMU: 2ms/94.0%, 5ms/97.6%, 10ms/98.8%, 20ms/99.4%, 50ms/99.7%, 100ms/99.9%
[2026-04-03T01:38:47.647+0600][59.240s][info][gc,marking  ] GC(25) Mark: 2 stripe(s), 2 proactive flush(es), 1 terminate flush(es), 0 completion(s), 0 continuation(s) 
[2026-04-03T01:38:47.647+0600][59.240s][info][gc,marking  ] GC(25) Mark Stack Usage: 32M
[2026-04-03T01:38:47.647+0600][59.240s][info][gc,nmethod  ] GC(25) NMethods: 14753 registered, 2196 unregistered
[2026-04-03T01:38:47.647+0600][59.240s][info][gc,metaspace] GC(25) Metaspace: 128M used, 130M committed, 1152M reserved
[2026-04-03T01:38:47.648+0600][59.240s][info][gc,ref      ] GC(25) Soft: 6383 encountered, 0 discovered, 0 enqueued
[2026-04-03T01:38:47.648+0600][59.240s][info][gc,ref      ] GC(25) Weak: 15812 encountered, 8186 discovered, 814 enqueued
[2026-04-03T01:38:47.648+0600][59.240s][info][gc,ref      ] GC(25) Final: 84 encountered, 0 discovered, 0 enqueued
[2026-04-03T01:38:47.648+0600][59.240s][info][gc,ref      ] GC(25) Phantom: 620 encountered, 398 discovered, 0 enqueued
[2026-04-03T01:38:47.648+0600][59.240s][info][gc,reloc    ] GC(25) Small Pages: 285 / 570M, Empty: 256M, Relocated: 8M, In-Place: 0
[2026-04-03T01:38:47.648+0600][59.240s][info][gc,reloc    ] GC(25) Medium Pages: 3 / 96M, Empty: 64M, Relocated: 0M, In-Place: 0
[2026-04-03T01:38:47.648+0600][59.240s][info][gc,reloc    ] GC(25) Large Pages: 128 / 768M, Empty: 756M, Relocated: 0M, In-Place: 0
[2026-04-03T01:38:47.648+0600][59.240s][info][gc,reloc    ] GC(25) Forwarding Usage: 2M
[2026-04-03T01:38:47.648+0600][59.240s][info][gc,heap     ] GC(25) Min Capacity: 8M(0%)
[2026-04-03T01:38:47.648+0600][59.240s][info][gc,heap     ] GC(25) Max Capacity: 3922M(100%)
[2026-04-03T01:38:47.648+0600][59.240s][info][gc,heap     ] GC(25) Soft Max Capacity: 3922M(100%)
[2026-04-03T01:38:47.648+0600][59.240s][info][gc,heap     ] GC(25)                Mark Start          Mark End        Relocate Start      Relocate End           High               Low         
[2026-04-03T01:38:47.648+0600][59.240s][info][gc,heap     ] GC(25)  Capacity:     3922M (100%)       3922M (100%)       3922M (100%)       3922M (100%)       3922M (100%)       3922M (100%)   
[2026-04-03T01:38:47.648+0600][59.240s][info][gc,heap     ] GC(25)      Free:     2488M (63%)        2288M (58%)        3334M (85%)        3520M (90%)        3522M (90%)        2266M (58%)    
[2026-04-03T01:38:47.648+0600][59.240s][info][gc,heap     ] GC(25)      Used:     1434M (37%)        1634M (42%)         588M (15%)         402M (10%)        1656M (42%)         400M (10%)    
[2026-04-03T01:38:47.648+0600][59.240s][info][gc,heap     ] GC(25)      Live:         -               123M (3%)          123M (3%)          123M (3%)             -                  -          
[2026-04-03T01:38:47.648+0600][59.240s][info][gc,heap     ] GC(25) Allocated:         -               200M (5%)          230M (6%)          241M (6%)             -                  -          
[2026-04-03T01:38:47.648+0600][59.240s][info][gc,heap     ] GC(25)   Garbage:         -              1310M (33%)         234M (6%)           37M (1%)             -                  -          
[2026-04-03T01:38:47.648+0600][59.241s][info][gc,heap     ] GC(25) Reclaimed:         -                  -              1076M (27%)        1273M (32%)            -                  -          
[2026-04-03T01:38:47.648+0600][59.241s][info][gc          ] GC(25) Garbage Collection (Allocation Rate) 1434M(37%)->402M(10%)
[2026-04-03T01:38:48.546+0600][60.139s][info][gc,stats    ] === Garbage Collection Statistics =======================================================================================================================
[2026-04-03T01:38:48.546+0600][60.139s][info][gc,stats    ]                                                              Last 10s              Last 10m              Last 10h                Total
[2026-04-03T01:38:48.546+0600][60.139s][info][gc,stats    ]                                                              Avg / Max             Avg / Max             Avg / Max             Avg / Max
[2026-04-03T01:38:48.546+0600][60.139s][info][gc,stats    ]   Collector: Garbage Collection Cycle                    248.204 / 436.519     220.197 / 436.519     220.197 / 436.519     220.197 / 436.519     ms
[2026-04-03T01:38:48.547+0600][60.139s][info][gc,stats    ]  Contention: Mark Segment Reset Contention                     1 / 6                 2 / 76                2 / 76                2 / 76          ops/s
[2026-04-03T01:38:48.547+0600][60.139s][info][gc,stats    ]  Contention: Mark SeqNum Reset Contention                      0 / 0                 0 / 1                 0 / 1                 0 / 1           ops/s
[2026-04-03T01:38:48.547+0600][60.139s][info][gc,stats    ]    Critical: Allocation Stall                                  0 / 0                 0 / 0                 0 / 0                 0 / 0           ops/s
[2026-04-03T01:38:48.547+0600][60.139s][info][gc,stats    ]    Critical: Allocation Stall                              0.000 / 0.000         0.000 / 0.000         0.000 / 0.000         0.000 / 0.000       ms
[2026-04-03T01:38:48.547+0600][60.139s][info][gc,stats    ]    Critical: GC Locker Stall                                   0 / 1                 0 / 2                 0 / 2                 0 / 2           ops/s
[2026-04-03T01:38:48.547+0600][60.139s][info][gc,stats    ]    Critical: GC Locker Stall                               0.029 / 0.057         0.011 / 0.057         0.011 / 0.057         0.011 / 0.057       ms
[2026-04-03T01:38:48.547+0600][60.139s][info][gc,stats    ]    Critical: Relocation Stall                                  0 / 0                 0 / 0                 0 / 0                 0 / 0           ops/s
[2026-04-03T01:38:48.547+0600][60.139s][info][gc,stats    ]    Critical: Relocation Stall                              0.000 / 0.000         0.000 / 0.000         0.000 / 0.000         0.000 / 0.000       ms
[2026-04-03T01:38:48.547+0600][60.139s][info][gc,stats    ]      Memory: Allocation Rate                                1358 / 1936            757 / 1936            757 / 1936            757 / 1936        MB/s
[2026-04-03T01:38:48.547+0600][60.139s][info][gc,stats    ]      Memory: Defragment                                        0 / 0                13 / 191              13 / 191              13 / 191         ops/s
[2026-04-03T01:38:48.547+0600][60.139s][info][gc,stats    ]      Memory: Out Of Memory                                     0 / 0                 0 / 0                 0 / 0                 0 / 0           ops/s
[2026-04-03T01:38:48.547+0600][60.139s][info][gc,stats    ]      Memory: Page Cache Flush                                 18 / 184              30 / 382              30 / 382              30 / 382         MB/s
[2026-04-03T01:38:48.547+0600][60.140s][info][gc,stats    ]      Memory: Page Cache Hit L1                               488 / 592             238 / 593             238 / 593             238 / 593         ops/s
[2026-04-03T01:38:48.547+0600][60.140s][info][gc,stats    ]      Memory: Page Cache Hit L2                                 0 / 0                 0 / 0                 0 / 0                 0 / 0           ops/s
[2026-04-03T01:38:48.547+0600][60.140s][info][gc,stats    ]      Memory: Page Cache Hit L3                                 0 / 5                15 / 138              15 / 138              15 / 138         ops/s
[2026-04-03T01:38:48.547+0600][60.140s][info][gc,stats    ]      Memory: Page Cache Miss                                   0 / 9                 9 / 158               9 / 158               9 / 158         ops/s
[2026-04-03T01:38:48.547+0600][60.140s][info][gc,stats    ]      Memory: Uncommit                                          0 / 0                 0 / 0                 0 / 0                 0 / 0           MB/s
[2026-04-03T01:38:48.547+0600][60.140s][info][gc,stats    ]      Memory: Undo Object Allocation Failed                     0 / 0                 0 / 0                 0 / 0                 0 / 0           ops/s
[2026-04-03T01:38:48.547+0600][60.140s][info][gc,stats    ]      Memory: Undo Object Allocation Succeeded                 60 / 598              23 / 753              23 / 753              23 / 753         ops/s
[2026-04-03T01:38:48.547+0600][60.140s][info][gc,stats    ]      Memory: Undo Page Allocation                              0 / 3                 1 / 10                1 / 10                1 / 10          ops/s
[2026-04-03T01:38:48.547+0600][60.140s][info][gc,stats    ]       Phase: Concurrent Mark                             172.412 / 316.860     156.982 / 318.001     156.982 / 318.001     156.982 / 318.001     ms
[2026-04-03T01:38:48.547+0600][60.140s][info][gc,stats    ]       Phase: Concurrent Mark Continue                      0.000 / 0.000         0.000 / 0.000         0.000 / 0.000         0.000 / 0.000       ms
[2026-04-03T01:38:48.547+0600][60.140s][info][gc,stats    ]       Phase: Concurrent Mark Free                          0.003 / 0.003         0.002 / 0.004         0.002 / 0.004         0.002 / 0.004       ms
[2026-04-03T01:38:48.547+0600][60.140s][info][gc,stats    ]       Phase: Concurrent Process Non-Strong References     39.350 / 79.465       32.750 / 82.934       32.750 / 82.934       32.750 / 82.934      ms
[2026-04-03T01:38:48.547+0600][60.140s][info][gc,stats    ]       Phase: Concurrent Relocate                          15.664 / 31.900       20.395 / 110.219      20.395 / 110.219      20.395 / 110.219     ms
[2026-04-03T01:38:48.547+0600][60.140s][info][gc,stats    ]       Phase: Concurrent Reset Relocation Set               0.035 / 0.055         0.030 / 0.076         0.030 / 0.076         0.030 / 0.076       ms
[2026-04-03T01:38:48.547+0600][60.140s][info][gc,stats    ]       Phase: Concurrent Select Relocation Set              4.966 / 6.997         5.475 / 11.507        5.475 / 11.507        5.475 / 11.507      ms
[2026-04-03T01:38:48.547+0600][60.140s][info][gc,stats    ]       Phase: Pause Mark End                                0.034 / 0.045         0.037 / 0.119         0.037 / 0.119         0.037 / 0.119       ms
[2026-04-03T01:38:48.547+0600][60.140s][info][gc,stats    ]       Phase: Pause Mark Start                              0.013 / 0.018         0.015 / 0.036         0.015 / 0.036         0.015 / 0.036       ms
[2026-04-03T01:38:48.547+0600][60.140s][info][gc,stats    ]       Phase: Pause Relocate Start                          0.021 / 0.045         0.019 / 0.045         0.019 / 0.045         0.019 / 0.045       ms
[2026-04-03T01:38:48.547+0600][60.140s][info][gc,stats    ]    Subphase: Concurrent Classes Purge                      0.164 / 0.243         0.531 / 2.630         0.531 / 2.630         0.531 / 2.630       ms
[2026-04-03T01:38:48.547+0600][60.140s][info][gc,stats    ]    Subphase: Concurrent Classes Unlink                    34.373 / 70.237       27.661 / 70.237       27.661 / 70.237       27.661 / 70.237      ms
[2026-04-03T01:38:48.547+0600][60.140s][info][gc,stats    ]    Subphase: Concurrent Mark                             151.214 / 311.778     127.900 / 312.165     127.900 / 312.165     127.900 / 312.165     ms
[2026-04-03T01:38:48.547+0600][60.140s][info][gc,stats    ]    Subphase: Concurrent Mark Try Flush                     0.336 / 0.658         0.494 / 4.676         0.494 / 4.676         0.494 / 4.676       ms
[2026-04-03T01:38:48.547+0600][60.140s][info][gc,stats    ]    Subphase: Concurrent Mark Try Terminate                 0.842 / 1.187         0.813 / 3.358         0.813 / 3.358         0.813 / 3.358       ms
[2026-04-03T01:38:48.547+0600][60.140s][info][gc,stats    ]    Subphase: Concurrent References Enqueue                 0.009 / 0.012         0.012 / 0.036         0.012 / 0.036         0.012 / 0.036       ms
[2026-04-03T01:38:48.547+0600][60.140s][info][gc,stats    ]    Subphase: Concurrent References Process                 1.377 / 2.868         1.065 / 2.868         1.065 / 2.868         1.065 / 2.868       ms
[2026-04-03T01:38:48.547+0600][60.140s][info][gc,stats    ]    Subphase: Concurrent Roots ClassLoaderDataGraph         0.483 / 0.951         0.494 / 3.026         0.494 / 3.026         0.494 / 3.026       ms
[2026-04-03T01:38:48.547+0600][60.140s][info][gc,stats    ]    Subphase: Concurrent Roots CodeCache                    0.000 / 0.000         0.000 / 0.000         0.000 / 0.000         0.000 / 0.000       ms
[2026-04-03T01:38:48.547+0600][60.140s][info][gc,stats    ]    Subphase: Concurrent Roots JavaThreads                  1.568 / 3.791         1.826 / 5.610         1.826 / 5.610         1.826 / 5.610       ms
[2026-04-03T01:38:48.547+0600][60.140s][info][gc,stats    ]    Subphase: Concurrent Roots OopStorageSet                0.129 / 0.253         0.134 / 0.312         0.134 / 0.312         0.134 / 0.312       ms
[2026-04-03T01:38:48.547+0600][60.140s][info][gc,stats    ]    Subphase: Concurrent Weak Roots OopStorageSet           1.798 / 5.119         1.734 / 5.119         1.734 / 5.119         1.734 / 5.119       ms
[2026-04-03T01:38:48.547+0600][60.140s][info][gc,stats    ]    Subphase: Pause Mark Try Complete                       0.000 / 0.000         0.000 / 0.000         0.000 / 0.000         0.000 / 0.000       ms
[2026-04-03T01:38:48.547+0600][60.140s][info][gc,stats    ]      System: Java Threads                                    284 / 284             215 / 287             215 / 287             215 / 287         threads
[2026-04-03T01:38:48.547+0600][60.140s][info][gc,stats    ] =========================================================================================================================================================
[2026-04-03T01:38:50.146+0600][61.739s][info][gc,start    ] GC(26) Garbage Collection (Allocation Rate)
[2026-04-03T01:38:50.146+0600][61.739s][info][gc,task     ] GC(26) Using 2 workers
[2026-04-03T01:38:50.147+0600][61.740s][info][gc,phases   ] GC(26) Pause Mark Start 0.010ms
[2026-04-03T01:38:50.325+0600][61.918s][info][gc,phases   ] GC(26) Concurrent Mark 177.793ms
[2026-04-03T01:38:50.325+0600][61.918s][info][gc,phases   ] GC(26) Pause Mark End 0.047ms
[2026-04-03T01:38:50.325+0600][61.918s][info][gc,phases   ] GC(26) Concurrent Mark Free 0.002ms
[2026-04-03T01:38:50.357+0600][61.949s][info][gc,phases   ] GC(26) Concurrent Process Non-Strong References 31.236ms
[2026-04-03T01:38:50.357+0600][61.950s][info][gc,phases   ] GC(26) Concurrent Reset Relocation Set 0.019ms
[2026-04-03T01:38:50.361+0600][61.954s][info][gc,phases   ] GC(26) Concurrent Select Relocation Set 4.337ms
[2026-04-03T01:38:50.362+0600][61.954s][info][gc,phases   ] GC(26) Pause Relocate Start 0.015ms
[2026-04-03T01:38:50.378+0600][61.971s][info][gc,phases   ] GC(26) Concurrent Relocate 16.135ms
[2026-04-03T01:38:50.378+0600][61.971s][info][gc,load     ] GC(26) Load: 7.57/9.23/8.01
[2026-04-03T01:38:50.378+0600][61.971s][info][gc,mmu      ] GC(26) MMU: 2ms/94.0%, 5ms/97.6%, 10ms/98.8%, 20ms/99.4%, 50ms/99.7%, 100ms/99.9%
[2026-04-03T01:38:50.378+0600][61.971s][info][gc,marking  ] GC(26) Mark: 2 stripe(s), 2 proactive flush(es), 1 terminate flush(es), 0 completion(s), 0 continuation(s) 
[2026-04-03T01:38:50.378+0600][61.971s][info][gc,marking  ] GC(26) Mark Stack Usage: 32M
[2026-04-03T01:38:50.378+0600][61.971s][info][gc,nmethod  ] GC(26) NMethods: 14803 registered, 2277 unregistered
[2026-04-03T01:38:50.378+0600][61.971s][info][gc,metaspace] GC(26) Metaspace: 128M used, 130M committed, 1152M reserved
[2026-04-03T01:38:50.378+0600][61.971s][info][gc,ref      ] GC(26) Soft: 6380 encountered, 0 discovered, 0 enqueued
[2026-04-03T01:38:50.378+0600][61.971s][info][gc,ref      ] GC(26) Weak: 19046 encountered, 9246 discovered, 3696 enqueued
[2026-04-03T01:38:50.378+0600][61.971s][info][gc,ref      ] GC(26) Final: 84 encountered, 0 discovered, 0 enqueued
[2026-04-03T01:38:50.378+0600][61.971s][info][gc,ref      ] GC(26) Phantom: 620 encountered, 443 discovered, 0 enqueued
[2026-04-03T01:38:50.378+0600][61.971s][info][gc,reloc    ] GC(26) Small Pages: 1233 / 2466M, Empty: 1232M, Relocated: 17M, In-Place: 0
[2026-04-03T01:38:50.378+0600][61.971s][info][gc,reloc    ] GC(26) Medium Pages: 15 / 480M, Empty: 448M, Relocated: 0M, In-Place: 0
[2026-04-03T01:38:50.378+0600][61.971s][info][gc,reloc    ] GC(26) Large Pages: 68 / 408M, Empty: 408M, Relocated: 0M, In-Place: 0
[2026-04-03T01:38:50.378+0600][61.971s][info][gc,reloc    ] GC(26) Forwarding Usage: 4M
[2026-04-03T01:38:50.378+0600][61.971s][info][gc,heap     ] GC(26) Min Capacity: 8M(0%)
[2026-04-03T01:38:50.378+0600][61.971s][info][gc,heap     ] GC(26) Max Capacity: 3922M(100%)
[2026-04-03T01:38:50.378+0600][61.971s][info][gc,heap     ] GC(26) Soft Max Capacity: 3922M(100%)
[2026-04-03T01:38:50.378+0600][61.971s][info][gc,heap     ] GC(26)                Mark Start          Mark End        Relocate Start      Relocate End           High               Low         
[2026-04-03T01:38:50.378+0600][61.971s][info][gc,heap     ] GC(26)  Capacity:     3922M (100%)       3922M (100%)       3922M (100%)       3922M (100%)       3922M (100%)       3922M (100%)   
[2026-04-03T01:38:50.378+0600][61.971s][info][gc,heap     ] GC(26)      Free:      568M (14%)         368M (9%)         2444M (62%)        3544M (90%)        3548M (90%)         360M (9%)     
[2026-04-03T01:38:50.378+0600][61.971s][info][gc,heap     ] GC(26)      Used:     3354M (86%)        3554M (91%)        1478M (38%)         378M (10%)        3562M (91%)         374M (10%)    
[2026-04-03T01:38:50.378+0600][61.971s][info][gc,heap     ] GC(26)      Live:         -               112M (3%)          112M (3%)          112M (3%)             -                  -          
[2026-04-03T01:38:50.378+0600][61.971s][info][gc,heap     ] GC(26) Allocated:         -               200M (5%)          212M (5%)          229M (6%)             -                  -          
[2026-04-03T01:38:50.379+0600][61.971s][info][gc,heap     ] GC(26)   Garbage:         -              3241M (83%)        1153M (29%)          36M (1%)             -                  -          
[2026-04-03T01:38:50.379+0600][61.971s][info][gc,heap     ] GC(26) Reclaimed:         -                  -              2088M (53%)        3205M (82%)            -                  -          
[2026-04-03T01:38:50.379+0600][61.971s][info][gc          ] GC(26) Garbage Collection (Allocation Rate) 3354M(86%)->378M(10%)
[2026-04-03T01:38:51.846+0600][63.439s][info][gc,start    ] GC(27) Garbage Collection (Allocation Rate)
[2026-04-03T01:38:51.846+0600][63.439s][info][gc,task     ] GC(27) Using 2 workers
[2026-04-03T01:38:51.846+0600][63.439s][info][gc,phases   ] GC(27) Pause Mark Start 0.010ms
[2026-04-03T01:38:51.988+0600][63.581s][info][gc,phases   ] GC(27) Concurrent Mark 141.680ms
[2026-04-03T01:38:51.989+0600][63.581s][info][gc,phases   ] GC(27) Pause Mark End 0.033ms
[2026-04-03T01:38:51.989+0600][63.581s][info][gc,phases   ] GC(27) Concurrent Mark Free 0.003ms
[2026-04-03T01:38:52.012+0600][63.605s][info][gc,phases   ] GC(27) Concurrent Process Non-Strong References 23.335ms
[2026-04-03T01:38:52.012+0600][63.605s][info][gc,phases   ] GC(27) Concurrent Reset Relocation Set 0.036ms
[2026-04-03T01:38:52.015+0600][63.608s][info][gc,phases   ] GC(27) Concurrent Select Relocation Set 3.002ms
[2026-04-03T01:38:52.015+0600][63.608s][info][gc,phases   ] GC(27) Pause Relocate Start 0.013ms
[2026-04-03T01:38:52.024+0600][63.617s][info][gc,phases   ] GC(27) Concurrent Relocate 8.244ms
[2026-04-03T01:38:52.024+0600][63.617s][info][gc,load     ] GC(27) Load: 7.57/9.23/8.01
[2026-04-03T01:38:52.024+0600][63.617s][info][gc,mmu      ] GC(27) MMU: 2ms/94.0%, 5ms/97.6%, 10ms/98.8%, 20ms/99.4%, 50ms/99.7%, 100ms/99.9%
[2026-04-03T01:38:52.024+0600][63.617s][info][gc,marking  ] GC(27) Mark: 2 stripe(s), 2 proactive flush(es), 1 terminate flush(es), 0 completion(s), 0 continuation(s) 
[2026-04-03T01:38:52.024+0600][63.617s][info][gc,marking  ] GC(27) Mark Stack Usage: 32M
[2026-04-03T01:38:52.024+0600][63.617s][info][gc,nmethod  ] GC(27) NMethods: 14856 registered, 2318 unregistered
[2026-04-03T01:38:52.024+0600][63.617s][info][gc,metaspace] GC(27) Metaspace: 128M used, 130M committed, 1152M reserved
[2026-04-03T01:38:52.024+0600][63.617s][info][gc,ref      ] GC(27) Soft: 6380 encountered, 0 discovered, 0 enqueued
[2026-04-03T01:38:52.024+0600][63.617s][info][gc,ref      ] GC(27) Weak: 17745 encountered, 6562 discovered, 2798 enqueued
[2026-04-03T01:38:52.024+0600][63.617s][info][gc,ref      ] GC(27) Final: 84 encountered, 0 discovered, 0 enqueued
[2026-04-03T01:38:52.024+0600][63.617s][info][gc,ref      ] GC(27) Phantom: 620 encountered, 459 discovered, 0 enqueued
[2026-04-03T01:38:52.024+0600][63.617s][info][gc,reloc    ] GC(27) Small Pages: 742 / 1484M, Empty: 680M, Relocated: 10M, In-Place: 0
[2026-04-03T01:38:52.024+0600][63.617s][info][gc,reloc    ] GC(27) Medium Pages: 9 / 288M, Empty: 256M, Relocated: 0M, In-Place: 0
[2026-04-03T01:38:52.024+0600][63.617s][info][gc,reloc    ] GC(27) Large Pages: 164 / 984M, Empty: 984M, Relocated: 0M, In-Place: 0
[2026-04-03T01:38:52.024+0600][63.617s][info][gc,reloc    ] GC(27) Forwarding Usage: 2M
[2026-04-03T01:38:52.024+0600][63.617s][info][gc,heap     ] GC(27) Min Capacity: 8M(0%)
[2026-04-03T01:38:52.024+0600][63.617s][info][gc,heap     ] GC(27) Max Capacity: 3922M(100%)
[2026-04-03T01:38:52.024+0600][63.617s][info][gc,heap     ] GC(27) Soft Max Capacity: 3922M(100%)
[2026-04-03T01:38:52.024+0600][63.617s][info][gc,heap     ] GC(27)                Mark Start          Mark End        Relocate Start      Relocate End           High               Low         
[2026-04-03T01:38:52.024+0600][63.617s][info][gc,heap     ] GC(27)  Capacity:     3922M (100%)       3922M (100%)       3922M (100%)       3922M (100%)       3922M (100%)       3922M (100%)   
[2026-04-03T01:38:52.024+0600][63.617s][info][gc,heap     ] GC(27)      Free:     1166M (30%)        1110M (28%)        3004M (77%)        3678M (94%)        3684M (94%)        1098M (28%)    
[2026-04-03T01:38:52.024+0600][63.617s][info][gc,heap     ] GC(27)      Used:     2756M (70%)        2812M (72%)         918M (23%)         244M (6%)         2824M (72%)         238M (6%)     
[2026-04-03T01:38:52.024+0600][63.617s][info][gc,heap     ] GC(27)      Live:         -               112M (3%)          112M (3%)          112M (3%)             -                  -          
[2026-04-03T01:38:52.024+0600][63.617s][info][gc,heap     ] GC(27) Allocated:         -                56M (1%)           82M (2%)           95M (2%)             -                  -          
[2026-04-03T01:38:52.024+0600][63.617s][info][gc,heap     ] GC(27)   Garbage:         -              2643M (67%)         723M (18%)          35M (1%)             -                  -          
[2026-04-03T01:38:52.024+0600][63.617s][info][gc,heap     ] GC(27) Reclaimed:         -                  -              1920M (49%)        2607M (66%)            -                  -          
[2026-04-03T01:38:52.025+0600][63.617s][info][gc          ] GC(27) Garbage Collection (Allocation Rate) 2756M(70%)->244M(6%)
[2026-04-03T01:38:53.646+0600][65.239s][info][gc,start    ] GC(28) Garbage Collection (Allocation Rate)
[2026-04-03T01:38:53.646+0600][65.239s][info][gc,task     ] GC(28) Using 3 workers
[2026-04-03T01:38:53.646+0600][65.239s][info][gc,phases   ] GC(28) Pause Mark Start 0.013ms
[2026-04-03T01:38:53.779+0600][65.372s][info][gc,phases   ] GC(28) Concurrent Mark 132.530ms
[2026-04-03T01:38:53.779+0600][65.372s][info][gc,phases   ] GC(28) Pause Mark End 0.035ms
[2026-04-03T01:38:53.780+0600][65.372s][info][gc,phases   ] GC(28) Concurrent Mark Free 0.004ms
[2026-04-03T01:38:53.801+0600][65.394s][info][gc,phases   ] GC(28) Concurrent Process Non-Strong References 21.574ms
[2026-04-03T01:38:53.801+0600][65.394s][info][gc,phases   ] GC(28) Concurrent Reset Relocation Set 0.034ms
[2026-04-03T01:38:53.805+0600][65.398s][info][gc,phases   ] GC(28) Concurrent Select Relocation Set 3.870ms
[2026-04-03T01:38:53.805+0600][65.398s][info][gc,phases   ] GC(28) Pause Relocate Start 0.017ms
[2026-04-03T01:38:53.815+0600][65.408s][info][gc,phases   ] GC(28) Concurrent Relocate 9.275ms
[2026-04-03T01:38:53.815+0600][65.408s][info][gc,load     ] GC(28) Load: 7.57/9.23/8.01
[2026-04-03T01:38:53.815+0600][65.408s][info][gc,mmu      ] GC(28) MMU: 2ms/94.0%, 5ms/97.6%, 10ms/98.8%, 20ms/99.4%, 50ms/99.7%, 100ms/99.9%
[2026-04-03T01:38:53.815+0600][65.408s][info][gc,marking  ] GC(28) Mark: 2 stripe(s), 2 proactive flush(es), 1 terminate flush(es), 0 completion(s), 0 continuation(s) 
[2026-04-03T01:38:53.815+0600][65.408s][info][gc,marking  ] GC(28) Mark Stack Usage: 32M
[2026-04-03T01:38:53.815+0600][65.408s][info][gc,nmethod  ] GC(28) NMethods: 14905 registered, 2382 unregistered
[2026-04-03T01:38:53.815+0600][65.408s][info][gc,metaspace] GC(28) Metaspace: 128M used, 130M committed, 1152M reserved
[2026-04-03T01:38:53.815+0600][65.408s][info][gc,ref      ] GC(28) Soft: 6388 encountered, 0 discovered, 0 enqueued
[2026-04-03T01:38:53.815+0600][65.408s][info][gc,ref      ] GC(28) Weak: 17773 encountered, 8301 discovered, 2667 enqueued
[2026-04-03T01:38:53.815+0600][65.408s][info][gc,ref      ] GC(28) Final: 84 encountered, 0 discovered, 0 enqueued
[2026-04-03T01:38:53.815+0600][65.408s][info][gc,ref      ] GC(28) Phantom: 620 encountered, 399 discovered, 0 enqueued
[2026-04-03T01:38:53.815+0600][65.408s][info][gc,reloc    ] GC(28) Small Pages: 877 / 1754M, Empty: 818M, Relocated: 13M, In-Place: 0
[2026-04-03T01:38:53.815+0600][65.408s][info][gc,reloc    ] GC(28) Medium Pages: 9 / 288M, Empty: 256M, Relocated: 0M, In-Place: 0
[2026-04-03T01:38:53.815+0600][65.408s][info][gc,reloc    ] GC(28) Large Pages: 166 / 996M, Empty: 996M, Relocated: 0M, In-Place: 0
[2026-04-03T01:38:53.815+0600][65.408s][info][gc,reloc    ] GC(28) Forwarding Usage: 3M
[2026-04-03T01:38:53.815+0600][65.408s][info][gc,heap     ] GC(28) Min Capacity: 8M(0%)
[2026-04-03T01:38:53.815+0600][65.408s][info][gc,heap     ] GC(28) Max Capacity: 3922M(100%)
[2026-04-03T01:38:53.815+0600][65.408s][info][gc,heap     ] GC(28) Soft Max Capacity: 3922M(100%)
[2026-04-03T01:38:53.815+0600][65.408s][info][gc,heap     ] GC(28)                Mark Start          Mark End        Relocate Start      Relocate End           High               Low         
[2026-04-03T01:38:53.815+0600][65.408s][info][gc,heap     ] GC(28)  Capacity:     3922M (100%)       3922M (100%)       3922M (100%)       3922M (100%)       3922M (100%)       3922M (100%)   
[2026-04-03T01:38:53.815+0600][65.408s][info][gc,heap     ] GC(28)      Free:      884M (23%)         802M (20%)        2860M (73%)        3660M (93%)        3662M (93%)         612M (16%)    
[2026-04-03T01:38:53.815+0600][65.408s][info][gc,heap     ] GC(28)      Used:     3038M (77%)        3120M (80%)        1062M (27%)         262M (7%)         3310M (84%)         260M (7%)     
[2026-04-03T01:38:53.815+0600][65.408s][info][gc,heap     ] GC(28)      Live:         -               113M (3%)          113M (3%)          113M (3%)             -                  -          
[2026-04-03T01:38:53.815+0600][65.408s][info][gc,heap     ] GC(28) Allocated:         -                82M (2%)           94M (2%)          111M (3%)             -                  -          
[2026-04-03T01:38:53.815+0600][65.408s][info][gc,heap     ] GC(28)   Garbage:         -              2924M (75%)         854M (22%)          36M (1%)             -                  -          
[2026-04-03T01:38:53.815+0600][65.408s][info][gc,heap     ] GC(28) Reclaimed:         -                  -              2070M (53%)        2887M (74%)            -                  -          
[2026-04-03T01:38:53.815+0600][65.408s][info][gc          ] GC(28) Garbage Collection (Allocation Rate) 3038M(77%)->262M(7%)
[2026-04-03T01:38:55.446+0600][67.039s][info][gc,start    ] GC(29) Garbage Collection (Allocation Rate)
[2026-04-03T01:38:55.446+0600][67.039s][info][gc,task     ] GC(29) Using 3 workers
[2026-04-03T01:38:55.446+0600][67.039s][info][gc,phases   ] GC(29) Pause Mark Start 0.017ms
[2026-04-03T01:38:55.593+0600][67.186s][info][gc,phases   ] GC(29) Concurrent Mark 146.597ms
[2026-04-03T01:38:55.594+0600][67.187s][info][gc,phases   ] GC(29) Pause Mark End 0.039ms
[2026-04-03T01:38:55.594+0600][67.187s][info][gc,phases   ] GC(29) Concurrent Mark Free 0.003ms
[2026-04-03T01:38:55.617+0600][67.209s][info][gc,phases   ] GC(29) Concurrent Process Non-Strong References 22.403ms
[2026-04-03T01:38:55.617+0600][67.209s][info][gc,phases   ] GC(29) Concurrent Reset Relocation Set 0.060ms
[2026-04-03T01:38:55.622+0600][67.214s][info][gc,phases   ] GC(29) Concurrent Select Relocation Set 4.962ms
[2026-04-03T01:38:55.622+0600][67.215s][info][gc,phases   ] GC(29) Pause Relocate Start 0.017ms
[2026-04-03T01:38:55.632+0600][67.225s][info][gc,phases   ] GC(29) Concurrent Relocate 9.779ms
[2026-04-03T01:38:55.632+0600][67.225s][info][gc,load     ] GC(29) Load: 7.60/9.21/8.01
[2026-04-03T01:38:55.632+0600][67.225s][info][gc,mmu      ] GC(29) MMU: 2ms/94.0%, 5ms/97.6%, 10ms/98.8%, 20ms/99.4%, 50ms/99.7%, 100ms/99.9%
[2026-04-03T01:38:55.632+0600][67.225s][info][gc,marking  ] GC(29) Mark: 2 stripe(s), 2 proactive flush(es), 1 terminate flush(es), 0 completion(s), 0 continuation(s) 
[2026-04-03T01:38:55.632+0600][67.225s][info][gc,marking  ] GC(29) Mark Stack Usage: 32M
[2026-04-03T01:38:55.632+0600][67.225s][info][gc,nmethod  ] GC(29) NMethods: 14946 registered, 2418 unregistered
[2026-04-03T01:38:55.632+0600][67.225s][info][gc,metaspace] GC(29) Metaspace: 128M used, 130M committed, 1152M reserved
[2026-04-03T01:38:55.632+0600][67.225s][info][gc,ref      ] GC(29) Soft: 6385 encountered, 0 discovered, 0 enqueued
[2026-04-03T01:38:55.632+0600][67.225s][info][gc,ref      ] GC(29) Weak: 17922 encountered, 7581 discovered, 2877 enqueued
[2026-04-03T01:38:55.632+0600][67.225s][info][gc,ref      ] GC(29) Final: 84 encountered, 4 discovered, 0 enqueued
[2026-04-03T01:38:55.632+0600][67.225s][info][gc,ref      ] GC(29) Phantom: 620 encountered, 361 discovered, 0 enqueued
[2026-04-03T01:38:55.632+0600][67.225s][info][gc,reloc    ] GC(29) Small Pages: 894 / 1788M, Empty: 808M, Relocated: 13M, In-Place: 0
[2026-04-03T01:38:55.632+0600][67.225s][info][gc,reloc    ] GC(29) Medium Pages: 10 / 320M, Empty: 256M, Relocated: 9M, In-Place: 0
[2026-04-03T01:38:55.632+0600][67.225s][info][gc,reloc    ] GC(29) Large Pages: 168 / 1008M, Empty: 1008M, Relocated: 0M, In-Place: 0
[2026-04-03T01:38:55.632+0600][67.225s][info][gc,reloc    ] GC(29) Forwarding Usage: 3M
[2026-04-03T01:38:55.632+0600][67.225s][info][gc,heap     ] GC(29) Min Capacity: 8M(0%)
[2026-04-03T01:38:55.632+0600][67.225s][info][gc,heap     ] GC(29) Max Capacity: 3922M(100%)
[2026-04-03T01:38:55.632+0600][67.225s][info][gc,heap     ] GC(29) Soft Max Capacity: 3922M(100%)
[2026-04-03T01:38:55.632+0600][67.225s][info][gc,heap     ] GC(29)                Mark Start          Mark End        Relocate Start      Relocate End           High               Low         
[2026-04-03T01:38:55.632+0600][67.225s][info][gc,heap     ] GC(29)  Capacity:     3922M (100%)       3922M (100%)       3922M (100%)       3922M (100%)       3922M (100%)       3922M (100%)   
[2026-04-03T01:38:55.632+0600][67.225s][info][gc,heap     ] GC(29)      Free:      806M (21%)         702M (18%)        2756M (70%)        3646M (93%)        3646M (93%)         700M (18%)    
[2026-04-03T01:38:55.632+0600][67.225s][info][gc,heap     ] GC(29)      Used:     3116M (79%)        3220M (82%)        1166M (30%)         276M (7%)         3222M (82%)         276M (7%)     
[2026-04-03T01:38:55.632+0600][67.225s][info][gc,heap     ] GC(29)      Live:         -               114M (3%)          114M (3%)          114M (3%)             -                  -          
[2026-04-03T01:38:55.632+0600][67.225s][info][gc,heap     ] GC(29) Allocated:         -               104M (3%)          122M (3%)          125M (3%)             -                  -          
[2026-04-03T01:38:55.632+0600][67.225s][info][gc,heap     ] GC(29)   Garbage:         -              3001M (77%)         929M (24%)          35M (1%)             -                  -          
[2026-04-03T01:38:55.632+0600][67.225s][info][gc,heap     ] GC(29) Reclaimed:         -                  -              2072M (53%)        2965M (76%)            -                  -          
[2026-04-03T01:38:55.632+0600][67.225s][info][gc          ] GC(29) Garbage Collection (Allocation Rate) 3116M(79%)->276M(7%)
[2026-04-03T01:38:57.446+0600][69.039s][info][gc,start    ] GC(30) Garbage Collection (Allocation Rate)
[2026-04-03T01:38:57.446+0600][69.039s][info][gc,task     ] GC(30) Using 3 workers
[2026-04-03T01:38:57.446+0600][69.039s][info][gc,phases   ] GC(30) Pause Mark Start 0.011ms
[2026-04-03T01:38:57.590+0600][69.183s][info][gc,phases   ] GC(30) Concurrent Mark 143.637ms
[2026-04-03T01:38:57.591+0600][69.183s][info][gc,phases   ] GC(30) Pause Mark End 0.064ms
[2026-04-03T01:38:57.591+0600][69.183s][info][gc,phases   ] GC(30) Concurrent Mark Free 0.005ms
[2026-04-03T01:38:57.614+0600][69.207s][info][gc,phases   ] GC(30) Concurrent Process Non-Strong References 22.955ms
[2026-04-03T01:38:57.614+0600][69.207s][info][gc,phases   ] GC(30) Concurrent Reset Relocation Set 0.042ms
[2026-04-03T01:38:57.618+0600][69.211s][info][gc,phases   ] GC(30) Concurrent Select Relocation Set 4.313ms
[2026-04-03T01:38:57.619+0600][69.211s][info][gc,phases   ] GC(30) Pause Relocate Start 0.017ms
[2026-04-03T01:38:57.630+0600][69.223s][info][gc,phases   ] GC(30) Concurrent Relocate 11.133ms
[2026-04-03T01:38:57.630+0600][69.223s][info][gc,load     ] GC(30) Load: 7.60/9.21/8.01
[2026-04-03T01:38:57.630+0600][69.223s][info][gc,mmu      ] GC(30) MMU: 2ms/94.0%, 5ms/97.6%, 10ms/98.8%, 20ms/99.4%, 50ms/99.7%, 100ms/99.9%
[2026-04-03T01:38:57.630+0600][69.223s][info][gc,marking  ] GC(30) Mark: 2 stripe(s), 3 proactive flush(es), 1 terminate flush(es), 0 completion(s), 0 continuation(s) 
[2026-04-03T01:38:57.630+0600][69.223s][info][gc,marking  ] GC(30) Mark Stack Usage: 32M
[2026-04-03T01:38:57.630+0600][69.223s][info][gc,nmethod  ] GC(30) NMethods: 14974 registered, 2458 unregistered
[2026-04-03T01:38:57.630+0600][69.223s][info][gc,metaspace] GC(30) Metaspace: 128M used, 130M committed, 1152M reserved
[2026-04-03T01:38:57.630+0600][69.223s][info][gc,ref      ] GC(30) Soft: 6380 encountered, 0 discovered, 0 enqueued
[2026-04-03T01:38:57.630+0600][69.223s][info][gc,ref      ] GC(30) Weak: 17938 encountered, 10773 discovered, 2888 enqueued
[2026-04-03T01:38:57.630+0600][69.223s][info][gc,ref      ] GC(30) Final: 84 encountered, 4 discovered, 0 enqueued
[2026-04-03T01:38:57.630+0600][69.223s][info][gc,ref      ] GC(30) Phantom: 620 encountered, 378 discovered, 0 enqueued
[2026-04-03T01:38:57.630+0600][69.223s][info][gc,reloc    ] GC(30) Small Pages: 890 / 1780M, Empty: 852M, Relocated: 15M, In-Place: 0
[2026-04-03T01:38:57.630+0600][69.223s][info][gc,reloc    ] GC(30) Medium Pages: 10 / 320M, Empty: 288M, Relocated: 0M, In-Place: 0
[2026-04-03T01:38:57.630+0600][69.223s][info][gc,reloc    ] GC(30) Large Pages: 168 / 1008M, Empty: 1008M, Relocated: 0M, In-Place: 0
[2026-04-03T01:38:57.630+0600][69.223s][info][gc,reloc    ] GC(30) Forwarding Usage: 4M
[2026-04-03T01:38:57.630+0600][69.223s][info][gc,heap     ] GC(30) Min Capacity: 8M(0%)
[2026-04-03T01:38:57.630+0600][69.223s][info][gc,heap     ] GC(30) Max Capacity: 3922M(100%)
[2026-04-03T01:38:57.630+0600][69.223s][info][gc,heap     ] GC(30) Soft Max Capacity: 3922M(100%)
[2026-04-03T01:38:57.630+0600][69.223s][info][gc,heap     ] GC(30)                Mark Start          Mark End        Relocate Start      Relocate End           High               Low         
[2026-04-03T01:38:57.630+0600][69.223s][info][gc,heap     ] GC(30)  Capacity:     3922M (100%)       3922M (100%)       3922M (100%)       3922M (100%)       3922M (100%)       3922M (100%)   
[2026-04-03T01:38:57.630+0600][69.223s][info][gc,heap     ] GC(30)      Free:      814M (21%)         688M (18%)        2822M (72%)        3616M (92%)        3618M (92%)         680M (17%)    
[2026-04-03T01:38:57.630+0600][69.223s][info][gc,heap     ] GC(30)      Used:     3108M (79%)        3234M (82%)        1100M (28%)         306M (8%)         3242M (83%)         304M (8%)     
[2026-04-03T01:38:57.630+0600][69.223s][info][gc,heap     ] GC(30)      Live:         -               112M (3%)          112M (3%)          112M (3%)             -                  -          
[2026-04-03T01:38:57.630+0600][69.223s][info][gc,heap     ] GC(30) Allocated:         -               126M (3%)          140M (4%)          157M (4%)             -                  -          
[2026-04-03T01:38:57.630+0600][69.223s][info][gc,heap     ] GC(30)   Garbage:         -              2995M (76%)         847M (22%)          35M (1%)             -                  -          
[2026-04-03T01:38:57.630+0600][69.223s][info][gc,heap     ] GC(30) Reclaimed:         -                  -              2148M (55%)        2959M (75%)            -                  -          
[2026-04-03T01:38:57.630+0600][69.223s][info][gc          ] GC(30) Garbage Collection (Allocation Rate) 3108M(79%)->306M(8%)
[2026-04-03T01:38:58.546+0600][70.138s][info][gc,stats    ] === Garbage Collection Statistics =======================================================================================================================
[2026-04-03T01:38:58.546+0600][70.138s][info][gc,stats    ]                                                              Last 10s              Last 10m              Last 10h                Total
[2026-04-03T01:38:58.546+0600][70.138s][info][gc,stats    ]                                                              Avg / Max             Avg / Max             Avg / Max             Avg / Max
[2026-04-03T01:38:58.546+0600][70.138s][info][gc,stats    ]   Collector: Garbage Collection Cycle                    189.859 / 232.025     215.303 / 436.519     215.303 / 436.519     215.303 / 436.519     ms
[2026-04-03T01:38:58.546+0600][70.138s][info][gc,stats    ]  Contention: Mark Segment Reset Contention                     9 / 62                3 / 76                3 / 76                3 / 76          ops/s
[2026-04-03T01:38:58.546+0600][70.138s][info][gc,stats    ]  Contention: Mark SeqNum Reset Contention                      0 / 5                 0 / 5                 0 / 5                 0 / 5           ops/s
[2026-04-03T01:38:58.546+0600][70.139s][info][gc,stats    ]    Critical: Allocation Stall                                  0 / 0                 0 / 0                 0 / 0                 0 / 0           ops/s
[2026-04-03T01:38:58.546+0600][70.139s][info][gc,stats    ]    Critical: Allocation Stall                              0.000 / 0.000         0.000 / 0.000         0.000 / 0.000         0.000 / 0.000       ms
[2026-04-03T01:38:58.546+0600][70.139s][info][gc,stats    ]    Critical: GC Locker Stall                                   0 / 1                 0 / 2                 0 / 2                 0 / 2           ops/s
[2026-04-03T01:38:58.546+0600][70.139s][info][gc,stats    ]    Critical: GC Locker Stall                               0.020 / 0.050         0.015 / 0.057         0.015 / 0.057         0.015 / 0.057       ms
[2026-04-03T01:38:58.546+0600][70.139s][info][gc,stats    ]    Critical: Relocation Stall                                  0 / 0                 0 / 0                 0 / 0                 0 / 0           ops/s
[2026-04-03T01:38:58.546+0600][70.139s][info][gc,stats    ]    Critical: Relocation Stall                              0.000 / 0.000         0.000 / 0.000         0.000 / 0.000         0.000 / 0.000       ms
[2026-04-03T01:38:58.546+0600][70.139s][info][gc,stats    ]      Memory: Allocation Rate                                1470 / 2028            859 / 2028            859 / 2028            859 / 2028        MB/s
[2026-04-03T01:38:58.546+0600][70.139s][info][gc,stats    ]      Memory: Defragment                                       15 / 145              13 / 191              13 / 191              13 / 191         ops/s
[2026-04-03T01:38:58.546+0600][70.139s][info][gc,stats    ]      Memory: Out Of Memory                                     0 / 0                 0 / 0                 0 / 0                 0 / 0           ops/s
[2026-04-03T01:38:58.546+0600][70.139s][info][gc,stats    ]      Memory: Page Cache Flush                                 63 / 354              35 / 382              35 / 382              35 / 382         MB/s
[2026-04-03T01:38:58.546+0600][70.139s][info][gc,stats    ]      Memory: Page Cache Hit L1                               496 / 644             275 / 644             275 / 644             275 / 644         ops/s
[2026-04-03T01:38:58.546+0600][70.139s][info][gc,stats    ]      Memory: Page Cache Hit L2                                 0 / 0                 0 / 0                 0 / 0                 0 / 0           ops/s
[2026-04-03T01:38:58.546+0600][70.139s][info][gc,stats    ]      Memory: Page Cache Hit L3                                14 / 107              14 / 138              14 / 138              14 / 138         ops/s
[2026-04-03T01:38:58.546+0600][70.139s][info][gc,stats    ]      Memory: Page Cache Miss                                   1 / 10                8 / 158               8 / 158               8 / 158         ops/s
[2026-04-03T01:38:58.546+0600][70.139s][info][gc,stats    ]      Memory: Uncommit                                          0 / 0                 0 / 0                 0 / 0                 0 / 0           MB/s
[2026-04-03T01:38:58.546+0600][70.139s][info][gc,stats    ]      Memory: Undo Object Allocation Failed                     0 / 0                 0 / 0                 0 / 0                 0 / 0           ops/s
[2026-04-03T01:38:58.546+0600][70.139s][info][gc,stats    ]      Memory: Undo Object Allocation Succeeded                  0 / 1                19 / 753              19 / 753              19 / 753         ops/s
[2026-04-03T01:38:58.546+0600][70.139s][info][gc,stats    ]      Memory: Undo Page Allocation                              1 / 7                 1 / 10                1 / 10                1 / 10          ops/s
[2026-04-03T01:38:58.546+0600][70.139s][info][gc,stats    ]       Phase: Concurrent Mark                             148.447 / 177.793     155.606 / 318.001     155.606 / 318.001     155.606 / 318.001     ms
[2026-04-03T01:38:58.546+0600][70.139s][info][gc,stats    ]       Phase: Concurrent Mark Continue                      0.000 / 0.000         0.000 / 0.000         0.000 / 0.000         0.000 / 0.000       ms
[2026-04-03T01:38:58.546+0600][70.139s][info][gc,stats    ]       Phase: Concurrent Mark Free                          0.003 / 0.005         0.003 / 0.005         0.003 / 0.005         0.003 / 0.005       ms
[2026-04-03T01:38:58.546+0600][70.139s][info][gc,stats    ]       Phase: Concurrent Process Non-Strong References     24.301 / 31.236       31.387 / 82.934       31.387 / 82.934       31.387 / 82.934      ms
[2026-04-03T01:38:58.546+0600][70.139s][info][gc,stats    ]       Phase: Concurrent Relocate                          10.913 / 16.135       18.865 / 110.219      18.865 / 110.219      18.865 / 110.219     ms
[2026-04-03T01:38:58.546+0600][70.139s][info][gc,stats    ]       Phase: Concurrent Reset Relocation Set               0.038 / 0.060         0.032 / 0.076         0.032 / 0.076         0.032 / 0.076       ms
[2026-04-03T01:38:58.546+0600][70.139s][info][gc,stats    ]       Phase: Concurrent Select Relocation Set              4.097 / 4.962         5.253 / 11.507        5.253 / 11.507        5.253 / 11.507      ms
[2026-04-03T01:38:58.546+0600][70.139s][info][gc,stats    ]       Phase: Pause Mark End                                0.043 / 0.064         0.038 / 0.119         0.038 / 0.119         0.038 / 0.119       ms
[2026-04-03T01:38:58.546+0600][70.139s][info][gc,stats    ]       Phase: Pause Mark Start                              0.012 / 0.017         0.014 / 0.036         0.014 / 0.036         0.014 / 0.036       ms
[2026-04-03T01:38:58.546+0600][70.139s][info][gc,stats    ]       Phase: Pause Relocate Start                          0.016 / 0.017         0.019 / 0.045         0.019 / 0.045         0.019 / 0.045       ms
[2026-04-03T01:38:58.546+0600][70.139s][info][gc,stats    ]    Subphase: Concurrent Classes Purge                      0.160 / 0.201         0.471 / 2.630         0.471 / 2.630         0.471 / 2.630       ms
[2026-04-03T01:38:58.547+0600][70.139s][info][gc,stats    ]    Subphase: Concurrent Classes Unlink                    20.273 / 26.422       26.469 / 70.237       26.469 / 70.237       26.469 / 70.237      ms
[2026-04-03T01:38:58.547+0600][70.139s][info][gc,stats    ]    Subphase: Concurrent Mark                             144.046 / 175.806     130.942 / 312.165     130.942 / 312.165     130.942 / 312.165     ms
[2026-04-03T01:38:58.547+0600][70.139s][info][gc,stats    ]    Subphase: Concurrent Mark Try Flush                     0.533 / 3.360         0.500 / 4.676         0.500 / 4.676         0.500 / 4.676       ms
[2026-04-03T01:38:58.547+0600][70.139s][info][gc,stats    ]    Subphase: Concurrent Mark Try Terminate                 1.156 / 4.690         0.899 / 4.690         0.899 / 4.690         0.899 / 4.690       ms
[2026-04-03T01:38:58.547+0600][70.139s][info][gc,stats    ]    Subphase: Concurrent References Enqueue                 0.008 / 0.012         0.011 / 0.036         0.011 / 0.036         0.011 / 0.036       ms
[2026-04-03T01:38:58.547+0600][70.139s][info][gc,stats    ]    Subphase: Concurrent References Process                 1.143 / 1.399         1.077 / 2.868         1.077 / 2.868         1.077 / 2.868       ms
[2026-04-03T01:38:58.547+0600][70.139s][info][gc,stats    ]    Subphase: Concurrent Roots ClassLoaderDataGraph         0.434 / 0.875         0.483 / 3.026         0.483 / 3.026         0.483 / 3.026       ms
[2026-04-03T01:38:58.547+0600][70.139s][info][gc,stats    ]    Subphase: Concurrent Roots CodeCache                    0.000 / 0.000         0.000 / 0.000         0.000 / 0.000         0.000 / 0.000       ms
[2026-04-03T01:38:58.547+0600][70.139s][info][gc,stats    ]    Subphase: Concurrent Roots JavaThreads                  1.376 / 2.792         1.739 / 5.610         1.739 / 5.610         1.739 / 5.610       ms
[2026-04-03T01:38:58.547+0600][70.139s][info][gc,stats    ]    Subphase: Concurrent Roots OopStorageSet                0.229 / 0.878         0.153 / 0.878         0.153 / 0.878         0.153 / 0.878       ms
[2026-04-03T01:38:58.547+0600][70.139s][info][gc,stats    ]    Subphase: Concurrent Weak Roots OopStorageSet           1.683 / 2.129         1.724 / 5.119         1.724 / 5.119         1.724 / 5.119       ms
[2026-04-03T01:38:58.547+0600][70.139s][info][gc,stats    ]    Subphase: Pause Mark Try Complete                       0.000 / 0.000         0.000 / 0.000         0.000 / 0.000         0.000 / 0.000       ms
[2026-04-03T01:38:58.547+0600][70.139s][info][gc,stats    ]      System: Java Threads                                    284 / 284             226 / 287             226 / 287             226 / 287         threads
[2026-04-03T01:38:58.547+0600][70.139s][info][gc,stats    ] =========================================================================================================================================================
[2026-04-03T01:38:59.646+0600][71.238s][info][gc,start    ] GC(31) Garbage Collection (Allocation Rate)
[2026-04-03T01:38:59.646+0600][71.239s][info][gc,task     ] GC(31) Using 3 workers
[2026-04-03T01:38:59.646+0600][71.239s][info][gc,phases   ] GC(31) Pause Mark Start 0.014ms
[2026-04-03T01:38:59.838+0600][71.431s][info][gc,phases   ] GC(31) Concurrent Mark 192.270ms
[2026-04-03T01:38:59.839+0600][71.431s][info][gc,phases   ] GC(31) Pause Mark End 0.037ms
[2026-04-03T01:38:59.839+0600][71.432s][info][gc,phases   ] GC(31) Concurrent Mark Free 0.004ms
[2026-04-03T01:38:59.867+0600][71.459s][info][gc,phases   ] GC(31) Concurrent Process Non-Strong References 27.675ms
[2026-04-03T01:38:59.868+0600][71.461s][info][gc,phases   ] GC(31) Concurrent Reset Relocation Set 0.058ms
[2026-04-03T01:38:59.874+0600][71.467s][info][gc,phases   ] GC(31) Concurrent Select Relocation Set 6.171ms
[2026-04-03T01:38:59.874+0600][71.467s][info][gc,phases   ] GC(31) Pause Relocate Start 0.030ms
[2026-04-03T01:38:59.886+0600][71.479s][info][gc,phases   ] GC(31) Concurrent Relocate 11.769ms
[2026-04-03T01:38:59.887+0600][71.479s][info][gc,load     ] GC(31) Load: 7.47/9.16/8.00
[2026-04-03T01:38:59.887+0600][71.479s][info][gc,mmu      ] GC(31) MMU: 2ms/94.0%, 5ms/97.6%, 10ms/98.8%, 20ms/99.4%, 50ms/99.7%, 100ms/99.9%
[2026-04-03T01:38:59.887+0600][71.479s][info][gc,marking  ] GC(31) Mark: 2 stripe(s), 5 proactive flush(es), 1 terminate flush(es), 0 completion(s), 0 continuation(s) 
[2026-04-03T01:38:59.887+0600][71.479s][info][gc,marking  ] GC(31) Mark Stack Usage: 32M
[2026-04-03T01:38:59.887+0600][71.479s][info][gc,nmethod  ] GC(31) NMethods: 15003 registered, 2504 unregistered
[2026-04-03T01:38:59.887+0600][71.479s][info][gc,metaspace] GC(31) Metaspace: 128M used, 130M committed, 1152M reserved
[2026-04-03T01:38:59.887+0600][71.479s][info][gc,ref      ] GC(31) Soft: 6380 encountered, 0 discovered, 0 enqueued
[2026-04-03T01:38:59.887+0600][71.480s][info][gc,ref      ] GC(31) Weak: 17854 encountered, 7598 discovered, 2888 enqueued
[2026-04-03T01:38:59.887+0600][71.480s][info][gc,ref      ] GC(31) Final: 84 encountered, 0 discovered, 0 enqueued
[2026-04-03T01:38:59.887+0600][71.480s][info][gc,ref      ] GC(31) Phantom: 620 encountered, 541 discovered, 0 enqueued
[2026-04-03T01:38:59.887+0600][71.480s][info][gc,reloc    ] GC(31) Small Pages: 901 / 1802M, Empty: 828M, Relocated: 12M, In-Place: 0
[2026-04-03T01:38:59.887+0600][71.480s][info][gc,reloc    ] GC(31) Medium Pages: 10 / 320M, Empty: 288M, Relocated: 0M, In-Place: 0
[2026-04-03T01:38:59.887+0600][71.480s][info][gc,reloc    ] GC(31) Large Pages: 169 / 1014M, Empty: 1014M, Relocated: 0M, In-Place: 0
[2026-04-03T01:38:59.887+0600][71.480s][info][gc,reloc    ] GC(31) Forwarding Usage: 2M
[2026-04-03T01:38:59.887+0600][71.480s][info][gc,heap     ] GC(31) Min Capacity: 8M(0%)
[2026-04-03T01:38:59.887+0600][71.480s][info][gc,heap     ] GC(31) Max Capacity: 3922M(100%)
[2026-04-03T01:38:59.887+0600][71.480s][info][gc,heap     ] GC(31) Soft Max Capacity: 3922M(100%)
[2026-04-03T01:38:59.887+0600][71.480s][info][gc,heap     ] GC(31)                Mark Start          Mark End        Relocate Start      Relocate End           High               Low         
[2026-04-03T01:38:59.887+0600][71.480s][info][gc,heap     ] GC(31)  Capacity:     3922M (100%)       3922M (100%)       3922M (100%)       3922M (100%)       3922M (100%)       3922M (100%)   
[2026-04-03T01:38:59.887+0600][71.480s][info][gc,heap     ] GC(31)      Free:      786M (20%)         678M (17%)        2788M (71%)        3636M (93%)        3636M (93%)         664M (17%)    
[2026-04-03T01:38:59.887+0600][71.480s][info][gc,heap     ] GC(31)      Used:     3136M (80%)        3244M (83%)        1134M (29%)         286M (7%)         3258M (83%)         286M (7%)     
[2026-04-03T01:38:59.887+0600][71.480s][info][gc,heap     ] GC(31)      Live:         -               113M (3%)          113M (3%)          113M (3%)             -                  -          
[2026-04-03T01:38:59.887+0600][71.480s][info][gc,heap     ] GC(31) Allocated:         -               108M (3%)          128M (3%)          133M (3%)             -                  -          
[2026-04-03T01:38:59.887+0600][71.480s][info][gc,heap     ] GC(31)   Garbage:         -              3022M (77%)         892M (23%)          38M (1%)             -                  -          
[2026-04-03T01:38:59.887+0600][71.480s][info][gc,heap     ] GC(31) Reclaimed:         -                  -              2130M (54%)        2983M (76%)            -                  -          
[2026-04-03T01:38:59.887+0600][71.480s][info][gc          ] GC(31) Garbage Collection (Allocation Rate) 3136M(80%)->286M(7%)
[2026-04-03T01:39:01.931+0600][73.523s][info][gc,start    ] GC(32) Garbage Collection (System.gc())
[2026-04-03T01:39:01.931+0600][73.523s][info][gc,task     ] GC(32) Using 3 workers
[2026-04-03T01:39:01.931+0600][73.524s][info][gc,phases   ] GC(32) Pause Mark Start 0.012ms
[2026-04-03T01:39:02.047+0600][73.640s][info][gc,phases   ] GC(32) Concurrent Mark 116.120ms
[2026-04-03T01:39:02.047+0600][73.640s][info][gc,phases   ] GC(32) Pause Mark End 0.032ms
[2026-04-03T01:39:02.048+0600][73.640s][info][gc,phases   ] GC(32) Concurrent Mark Free 0.003ms
[2026-04-03T01:39:02.071+0600][73.664s][info][gc,phases   ] GC(32) Concurrent Process Non-Strong References 23.372ms
[2026-04-03T01:39:02.071+0600][73.664s][info][gc,phases   ] GC(32) Concurrent Reset Relocation Set 0.093ms
[2026-04-03T01:39:02.078+0600][73.671s][info][gc,phases   ] GC(32) Concurrent Select Relocation Set 6.423ms
[2026-04-03T01:39:02.078+0600][73.671s][info][gc,phases   ] GC(32) Pause Relocate Start 0.018ms
[2026-04-03T01:39:02.086+0600][73.679s][info][gc,phases   ] GC(32) Concurrent Relocate 8.047ms
[2026-04-03T01:39:02.086+0600][73.679s][info][gc,load     ] GC(32) Load: 7.47/9.16/8.00
[2026-04-03T01:39:02.086+0600][73.679s][info][gc,mmu      ] GC(32) MMU: 2ms/94.0%, 5ms/97.6%, 10ms/98.8%, 20ms/99.4%, 50ms/99.7%, 100ms/99.9%
[2026-04-03T01:39:02.086+0600][73.679s][info][gc,marking  ] GC(32) Mark: 2 stripe(s), 2 proactive flush(es), 1 terminate flush(es), 0 completion(s), 0 continuation(s) 
[2026-04-03T01:39:02.086+0600][73.679s][info][gc,marking  ] GC(32) Mark Stack Usage: 32M
[2026-04-03T01:39:02.086+0600][73.679s][info][gc,nmethod  ] GC(32) NMethods: 15010 registered, 2557 unregistered
[2026-04-03T01:39:02.086+0600][73.679s][info][gc,metaspace] GC(32) Metaspace: 128M used, 130M committed, 1152M reserved
[2026-04-03T01:39:02.086+0600][73.679s][info][gc,ref      ] GC(32) Soft: 6380 encountered, 0 discovered, 0 enqueued
[2026-04-03T01:39:02.086+0600][73.679s][info][gc,ref      ] GC(32) Weak: 18207 encountered, 8091 discovered, 3272 enqueued
[2026-04-03T01:39:02.086+0600][73.679s][info][gc,ref      ] GC(32) Final: 84 encountered, 0 discovered, 0 enqueued
[2026-04-03T01:39:02.086+0600][73.679s][info][gc,ref      ] GC(32) Phantom: 620 encountered, 371 discovered, 0 enqueued
[2026-04-03T01:39:02.086+0600][73.679s][info][gc,reloc    ] GC(32) Small Pages: 1097 / 2194M, Empty: 1234M, Relocated: 10M, In-Place: 0
[2026-04-03T01:39:02.086+0600][73.679s][info][gc,reloc    ] GC(32) Medium Pages: 11 / 352M, Empty: 320M, Relocated: 0M, In-Place: 0
[2026-04-03T01:39:02.086+0600][73.679s][info][gc,reloc    ] GC(32) Large Pages: 46 / 276M, Empty: 276M, Relocated: 0M, In-Place: 0
[2026-04-03T01:39:02.086+0600][73.679s][info][gc,reloc    ] GC(32) Forwarding Usage: 2M
[2026-04-03T01:39:02.086+0600][73.679s][info][gc,heap     ] GC(32) Min Capacity: 8M(0%)
[2026-04-03T01:39:02.086+0600][73.679s][info][gc,heap     ] GC(32) Max Capacity: 3922M(100%)
[2026-04-03T01:39:02.086+0600][73.679s][info][gc,heap     ] GC(32) Soft Max Capacity: 3922M(100%)
[2026-04-03T01:39:02.087+0600][73.679s][info][gc,heap     ] GC(32)                Mark Start          Mark End        Relocate Start      Relocate End           High               Low         
[2026-04-03T01:39:02.087+0600][73.679s][info][gc,heap     ] GC(32)  Capacity:     3922M (100%)       3922M (100%)       3922M (100%)       3922M (100%)       3922M (100%)       3922M (100%)   
[2026-04-03T01:39:02.087+0600][73.679s][info][gc,heap     ] GC(32)      Free:     1100M (28%)        1096M (28%)        2908M (74%)        3746M (96%)        3746M (96%)        1092M (28%)    
[2026-04-03T01:39:02.087+0600][73.679s][info][gc,heap     ] GC(32)      Used:     2822M (72%)        2826M (72%)        1014M (26%)         176M (4%)         2830M (72%)         176M (4%)     
[2026-04-03T01:39:02.087+0600][73.679s][info][gc,heap     ] GC(32)      Live:         -               111M (3%)          111M (3%)          111M (3%)             -                  -          
[2026-04-03T01:39:02.087+0600][73.679s][info][gc,heap     ] GC(32) Allocated:         -                 4M (0%)           22M (1%)           27M (1%)             -                  -          
[2026-04-03T01:39:02.087+0600][73.679s][info][gc,heap     ] GC(32)   Garbage:         -              2710M (69%)         880M (22%)          36M (1%)             -                  -          
[2026-04-03T01:39:02.087+0600][73.679s][info][gc,heap     ] GC(32) Reclaimed:         -                  -              1830M (47%)        2673M (68%)            -                  -          
[2026-04-03T01:39:02.087+0600][73.679s][info][gc          ] GC(32) Garbage Collection (System.gc()) 2822M(72%)->176M(4%)
[2026-04-03T01:39:04.046+0600][75.639s][info][gc,start    ] GC(33) Garbage Collection (Allocation Rate)
[2026-04-03T01:39:04.046+0600][75.639s][info][gc,task     ] GC(33) Using 3 workers
[2026-04-03T01:39:04.046+0600][75.639s][info][gc,phases   ] GC(33) Pause Mark Start 0.020ms
[2026-04-03T01:39:04.210+0600][75.802s][info][gc,phases   ] GC(33) Concurrent Mark 163.061ms
[2026-04-03T01:39:04.210+0600][75.803s][info][gc,phases   ] GC(33) Pause Mark End 0.051ms
[2026-04-03T01:39:04.210+0600][75.803s][info][gc,phases   ] GC(33) Concurrent Mark Free 0.002ms
[2026-04-03T01:39:04.242+0600][75.835s][info][gc,phases   ] GC(33) Concurrent Process Non-Strong References 31.643ms
[2026-04-03T01:39:04.242+0600][75.835s][info][gc,phases   ] GC(33) Concurrent Reset Relocation Set 0.035ms
[2026-04-03T01:39:04.246+0600][75.838s][info][gc,phases   ] GC(33) Concurrent Select Relocation Set 3.647ms
[2026-04-03T01:39:04.246+0600][75.839s][info][gc,phases   ] GC(33) Pause Relocate Start 0.015ms
[2026-04-03T01:39:04.257+0600][75.850s][info][gc,phases   ] GC(33) Concurrent Relocate 11.063ms
[2026-04-03T01:39:04.257+0600][75.850s][info][gc,load     ] GC(33) Load: 7.84/9.20/8.02
[2026-04-03T01:39:04.257+0600][75.850s][info][gc,mmu      ] GC(33) MMU: 2ms/94.0%, 5ms/97.6%, 10ms/98.8%, 20ms/99.4%, 50ms/99.7%, 100ms/99.9%
[2026-04-03T01:39:04.257+0600][75.850s][info][gc,marking  ] GC(33) Mark: 2 stripe(s), 10 proactive flush(es), 1 terminate flush(es), 0 completion(s), 0 continuation(s) 
[2026-04-03T01:39:04.257+0600][75.850s][info][gc,marking  ] GC(33) Mark Stack Usage: 32M
[2026-04-03T01:39:04.257+0600][75.850s][info][gc,nmethod  ] GC(33) NMethods: 15037 registered, 2605 unregistered
[2026-04-03T01:39:04.257+0600][75.850s][info][gc,metaspace] GC(33) Metaspace: 128M used, 130M committed, 1152M reserved
[2026-04-03T01:39:04.257+0600][75.850s][info][gc,ref      ] GC(33) Soft: 6388 encountered, 0 discovered, 0 enqueued
[2026-04-03T01:39:04.257+0600][75.850s][info][gc,ref      ] GC(33) Weak: 17726 encountered, 8256 discovered, 2385 enqueued
[2026-04-03T01:39:04.257+0600][75.850s][info][gc,ref      ] GC(33) Final: 84 encountered, 0 discovered, 0 enqueued
[2026-04-03T01:39:04.257+0600][75.850s][info][gc,ref      ] GC(33) Phantom: 620 encountered, 426 discovered, 0 enqueued
[2026-04-03T01:39:04.257+0600][75.850s][info][gc,reloc    ] GC(33) Small Pages: 826 / 1652M, Empty: 698M, Relocated: 11M, In-Place: 0
[2026-04-03T01:39:04.257+0600][75.850s][info][gc,reloc    ] GC(33) Medium Pages: 10 / 320M, Empty: 288M, Relocated: 0M, In-Place: 0
[2026-04-03T01:39:04.257+0600][75.850s][info][gc,reloc    ] GC(33) Large Pages: 169 / 1014M, Empty: 1014M, Relocated: 0M, In-Place: 0
[2026-04-03T01:39:04.257+0600][75.850s][info][gc,reloc    ] GC(33) Forwarding Usage: 2M
[2026-04-03T01:39:04.257+0600][75.850s][info][gc,heap     ] GC(33) Min Capacity: 8M(0%)
[2026-04-03T01:39:04.258+0600][75.850s][info][gc,heap     ] GC(33) Max Capacity: 3922M(100%)
[2026-04-03T01:39:04.258+0600][75.850s][info][gc,heap     ] GC(33) Soft Max Capacity: 3922M(100%)
[2026-04-03T01:39:04.258+0600][75.850s][info][gc,heap     ] GC(33)                Mark Start          Mark End        Relocate Start      Relocate End           High               Low         
[2026-04-03T01:39:04.258+0600][75.850s][info][gc,heap     ] GC(33)  Capacity:     3922M (100%)       3922M (100%)       3922M (100%)       3922M (100%)       3922M (100%)       3922M (100%)   
[2026-04-03T01:39:04.258+0600][75.850s][info][gc,heap     ] GC(33)      Free:      936M (24%)         774M (20%)        2714M (69%)        3534M (90%)        3538M (90%)         722M (18%)    
[2026-04-03T01:39:04.258+0600][75.850s][info][gc,heap     ] GC(33)      Used:     2986M (76%)        3148M (80%)        1208M (31%)         388M (10%)        3200M (82%)         384M (10%)    
[2026-04-03T01:39:04.258+0600][75.850s][info][gc,heap     ] GC(33)      Live:         -               113M (3%)          113M (3%)          113M (3%)             -                  -          
[2026-04-03T01:39:04.258+0600][75.850s][info][gc,heap     ] GC(33) Allocated:         -               162M (4%)          222M (6%)          235M (6%)             -                  -          
[2026-04-03T01:39:04.258+0600][75.850s][info][gc,heap     ] GC(33)   Garbage:         -              2872M (73%)         872M (22%)          39M (1%)             -                  -          
[2026-04-03T01:39:04.258+0600][75.850s][info][gc,heap     ] GC(33) Reclaimed:         -                  -              2000M (51%)        2833M (72%)            -                  -          
[2026-04-03T01:39:04.258+0600][75.850s][info][gc          ] GC(33) Garbage Collection (Allocation Rate) 2986M(76%)->388M(10%)
[2026-04-03T01:39:05.446+0600][77.039s][info][gc,start    ] GC(34) Garbage Collection (Allocation Rate)
[2026-04-03T01:39:05.446+0600][77.039s][info][gc,task     ] GC(34) Using 3 workers
[2026-04-03T01:39:05.447+0600][77.039s][info][gc,phases   ] GC(34) Pause Mark Start 0.009ms
[2026-04-03T01:39:05.565+0600][77.158s][info][gc,phases   ] GC(34) Concurrent Mark 118.252ms
[2026-04-03T01:39:05.565+0600][77.158s][info][gc,phases   ] GC(34) Pause Mark End 0.040ms
[2026-04-03T01:39:05.565+0600][77.158s][info][gc,phases   ] GC(34) Concurrent Mark Free 0.003ms
[2026-04-03T01:39:05.592+0600][77.185s][info][gc,phases   ] GC(34) Concurrent Process Non-Strong References 27.052ms
[2026-04-03T01:39:05.593+0600][77.185s][info][gc,phases   ] GC(34) Concurrent Reset Relocation Set 0.038ms
[2026-04-03T01:39:05.597+0600][77.190s][info][gc,phases   ] GC(34) Concurrent Select Relocation Set 4.341ms
[2026-04-03T01:39:05.597+0600][77.190s][info][gc,phases   ] GC(34) Pause Relocate Start 0.018ms
[2026-04-03T01:39:05.609+0600][77.202s][info][gc,phases   ] GC(34) Concurrent Relocate 11.589ms
[2026-04-03T01:39:05.609+0600][77.202s][info][gc,load     ] GC(34) Load: 7.84/9.20/8.02
[2026-04-03T01:39:05.609+0600][77.202s][info][gc,mmu      ] GC(34) MMU: 2ms/94.0%, 5ms/97.6%, 10ms/98.8%, 20ms/99.4%, 50ms/99.7%, 100ms/99.9%
[2026-04-03T01:39:05.609+0600][77.202s][info][gc,marking  ] GC(34) Mark: 2 stripe(s), 3 proactive flush(es), 1 terminate flush(es), 0 completion(s), 0 continuation(s) 
[2026-04-03T01:39:05.609+0600][77.202s][info][gc,marking  ] GC(34) Mark Stack Usage: 32M
[2026-04-03T01:39:05.609+0600][77.202s][info][gc,nmethod  ] GC(34) NMethods: 15056 registered, 2624 unregistered
[2026-04-03T01:39:05.609+0600][77.202s][info][gc,metaspace] GC(34) Metaspace: 128M used, 130M committed, 1152M reserved
[2026-04-03T01:39:05.609+0600][77.202s][info][gc,ref      ] GC(34) Soft: 6388 encountered, 0 discovered, 0 enqueued
[2026-04-03T01:39:05.609+0600][77.202s][info][gc,ref      ] GC(34) Weak: 17763 encountered, 8366 discovered, 2660 enqueued
[2026-04-03T01:39:05.609+0600][77.202s][info][gc,ref      ] GC(34) Final: 84 encountered, 0 discovered, 0 enqueued
[2026-04-03T01:39:05.609+0600][77.202s][info][gc,ref      ] GC(34) Phantom: 620 encountered, 547 discovered, 0 enqueued
[2026-04-03T01:39:05.609+0600][77.202s][info][gc,reloc    ] GC(34) Small Pages: 722 / 1444M, Empty: 700M, Relocated: 13M, In-Place: 0
[2026-04-03T01:39:05.609+0600][77.202s][info][gc,reloc    ] GC(34) Medium Pages: 8 / 256M, Empty: 224M, Relocated: 0M, In-Place: 0
[2026-04-03T01:39:05.609+0600][77.202s][info][gc,reloc    ] GC(34) Large Pages: 161 / 966M, Empty: 966M, Relocated: 0M, In-Place: 0
[2026-04-03T01:39:05.609+0600][77.202s][info][gc,reloc    ] GC(34) Forwarding Usage: 3M
[2026-04-03T01:39:05.609+0600][77.202s][info][gc,heap     ] GC(34) Min Capacity: 8M(0%)
[2026-04-03T01:39:05.609+0600][77.202s][info][gc,heap     ] GC(34) Max Capacity: 3922M(100%)
[2026-04-03T01:39:05.609+0600][77.202s][info][gc,heap     ] GC(34) Soft Max Capacity: 3922M(100%)
[2026-04-03T01:39:05.609+0600][77.202s][info][gc,heap     ] GC(34)                Mark Start          Mark End        Relocate Start      Relocate End           High               Low         
[2026-04-03T01:39:05.609+0600][77.202s][info][gc,heap     ] GC(34)  Capacity:     3922M (100%)       3922M (100%)       3922M (100%)       3922M (100%)       3922M (100%)       3922M (100%)   
[2026-04-03T01:39:05.609+0600][77.202s][info][gc,heap     ] GC(34)      Free:     1256M (32%)        1164M (30%)        3036M (77%)        3644M (93%)        3646M (93%)        1154M (29%)    
[2026-04-03T01:39:05.609+0600][77.202s][info][gc,heap     ] GC(34)      Used:     2666M (68%)        2758M (70%)         886M (23%)         278M (7%)         2768M (71%)         276M (7%)     
[2026-04-03T01:39:05.609+0600][77.202s][info][gc,heap     ] GC(34)      Live:         -               115M (3%)          115M (3%)          115M (3%)             -                  -          
[2026-04-03T01:39:05.609+0600][77.202s][info][gc,heap     ] GC(34) Allocated:         -                92M (2%)          110M (3%)          125M (3%)             -                  -          
[2026-04-03T01:39:05.609+0600][77.202s][info][gc,heap     ] GC(34)   Garbage:         -              2550M (65%)         660M (17%)          37M (1%)             -                  -          
[2026-04-03T01:39:05.609+0600][77.202s][info][gc,heap     ] GC(34) Reclaimed:         -                  -              1890M (48%)        2513M (64%)            -                  -          
[2026-04-03T01:39:05.609+0600][77.202s][info][gc          ] GC(34) Garbage Collection (Allocation Rate) 2666M(68%)->278M(7%)
[2026-04-03T01:39:08.146+0600][79.738s][info][gc,start    ] GC(35) Garbage Collection (Allocation Rate)
[2026-04-03T01:39:08.146+0600][79.738s][info][gc,task     ] GC(35) Using 2 workers
[2026-04-03T01:39:08.146+0600][79.739s][info][gc,phases   ] GC(35) Pause Mark Start 0.016ms
[2026-04-03T01:39:08.306+0600][79.899s][info][gc,phases   ] GC(35) Concurrent Mark 159.758ms
[2026-04-03T01:39:08.306+0600][79.899s][info][gc,phases   ] GC(35) Pause Mark End 0.039ms
[2026-04-03T01:39:08.306+0600][79.899s][info][gc,phases   ] GC(35) Concurrent Mark Free 0.002ms
[2026-04-03T01:39:08.331+0600][79.923s][info][gc,phases   ] GC(35) Concurrent Process Non-Strong References 24.566ms
[2026-04-03T01:39:08.331+0600][79.924s][info][gc,phases   ] GC(35) Concurrent Reset Relocation Set 0.020ms
[2026-04-03T01:39:08.334+0600][79.927s][info][gc,phases   ] GC(35) Concurrent Select Relocation Set 3.579ms
[2026-04-03T01:39:08.335+0600][79.927s][info][gc,phases   ] GC(35) Pause Relocate Start 0.015ms
[2026-04-03T01:39:08.351+0600][79.944s][info][gc,phases   ] GC(35) Concurrent Relocate 16.477ms
[2026-04-03T01:39:08.352+0600][79.944s][info][gc,load     ] GC(35) Load: 7.84/9.20/8.02
[2026-04-03T01:39:08.352+0600][79.944s][info][gc,mmu      ] GC(35) MMU: 2ms/94.0%, 5ms/97.6%, 10ms/98.8%, 20ms/99.4%, 50ms/99.7%, 100ms/99.9%
[2026-04-03T01:39:08.352+0600][79.944s][info][gc,marking  ] GC(35) Mark: 2 stripe(s), 2 proactive flush(es), 1 terminate flush(es), 0 completion(s), 0 continuation(s) 
[2026-04-03T01:39:08.352+0600][79.944s][info][gc,marking  ] GC(35) Mark Stack Usage: 32M
[2026-04-03T01:39:08.352+0600][79.944s][info][gc,nmethod  ] GC(35) NMethods: 15110 registered, 2687 unregistered
[2026-04-03T01:39:08.352+0600][79.944s][info][gc,metaspace] GC(35) Metaspace: 129M used, 130M committed, 1152M reserved
[2026-04-03T01:39:08.352+0600][79.944s][info][gc,ref      ] GC(35) Soft: 6388 encountered, 0 discovered, 0 enqueued
[2026-04-03T01:39:08.352+0600][79.944s][info][gc,ref      ] GC(35) Weak: 18922 encountered, 6796 discovered, 3568 enqueued
[2026-04-03T01:39:08.352+0600][79.944s][info][gc,ref      ] GC(35) Final: 84 encountered, 0 discovered, 0 enqueued
[2026-04-03T01:39:08.352+0600][79.944s][info][gc,ref      ] GC(35) Phantom: 620 encountered, 386 discovered, 0 enqueued
[2026-04-03T01:39:08.352+0600][79.944s][info][gc,reloc    ] GC(35) Small Pages: 1212 / 2424M, Empty: 1250M, Relocated: 17M, In-Place: 0
[2026-04-03T01:39:08.352+0600][79.944s][info][gc,reloc    ] GC(35) Medium Pages: 14 / 448M, Empty: 416M, Relocated: 0M, In-Place: 0
[2026-04-03T01:39:08.352+0600][79.944s][info][gc,reloc    ] GC(35) Large Pages: 56 / 336M, Empty: 336M, Relocated: 0M, In-Place: 0
[2026-04-03T01:39:08.352+0600][79.944s][info][gc,reloc    ] GC(35) Forwarding Usage: 4M
[2026-04-03T01:39:08.352+0600][79.944s][info][gc,heap     ] GC(35) Min Capacity: 8M(0%)
[2026-04-03T01:39:08.352+0600][79.944s][info][gc,heap     ] GC(35) Max Capacity: 3922M(100%)
[2026-04-03T01:39:08.352+0600][79.944s][info][gc,heap     ] GC(35) Soft Max Capacity: 3922M(100%)
[2026-04-03T01:39:08.352+0600][79.944s][info][gc,heap     ] GC(35)                Mark Start          Mark End        Relocate Start      Relocate End           High               Low         
[2026-04-03T01:39:08.352+0600][79.944s][info][gc,heap     ] GC(35)  Capacity:     3922M (100%)       3922M (100%)       3922M (100%)       3922M (100%)       3922M (100%)       3922M (100%)   
[2026-04-03T01:39:08.352+0600][79.944s][info][gc,heap     ] GC(35)      Free:      714M (18%)         550M (14%)        2530M (65%)        3560M (91%)        3564M (91%)         530M (14%)    
[2026-04-03T01:39:08.352+0600][79.944s][info][gc,heap     ] GC(35)      Used:     3208M (82%)        3372M (86%)        1392M (35%)         362M (9%)         3392M (86%)         358M (9%)     
[2026-04-03T01:39:08.352+0600][79.944s][info][gc,heap     ] GC(35)      Live:         -               116M (3%)          116M (3%)          116M (3%)             -                  -          
[2026-04-03T01:39:08.352+0600][79.944s][info][gc,heap     ] GC(35) Allocated:         -               164M (4%)          186M (5%)          209M (5%)             -                  -          
[2026-04-03T01:39:08.352+0600][79.944s][info][gc,heap     ] GC(35)   Garbage:         -              3091M (79%)        1089M (28%)          36M (1%)             -                  -          
[2026-04-03T01:39:08.352+0600][79.944s][info][gc,heap     ] GC(35) Reclaimed:         -                  -              2002M (51%)        3055M (78%)            -                  -          
[2026-04-03T01:39:08.352+0600][79.944s][info][gc          ] GC(35) Garbage Collection (Allocation Rate) 3208M(82%)->362M(9%)
[2026-04-03T01:39:08.546+0600][80.139s][info][gc,stats    ] === Garbage Collection Statistics =======================================================================================================================
[2026-04-03T01:39:08.546+0600][80.139s][info][gc,stats    ]                                                              Last 10s              Last 10m              Last 10h                Total
[2026-04-03T01:39:08.546+0600][80.139s][info][gc,stats    ]                                                              Avg / Max             Avg / Max             Avg / Max             Avg / Max
[2026-04-03T01:39:08.546+0600][80.139s][info][gc,stats    ]   Collector: Garbage Collection Cycle                    195.329 / 240.861     212.529 / 436.519     212.529 / 436.519     212.529 / 436.519     ms
[2026-04-03T01:39:08.546+0600][80.139s][info][gc,stats    ]  Contention: Mark Segment Reset Contention                     0 / 1                 2 / 76                2 / 76                2 / 76          ops/s
[2026-04-03T01:39:08.546+0600][80.139s][info][gc,stats    ]  Contention: Mark SeqNum Reset Contention                      0 / 1                 0 / 5                 0 / 5                 0 / 5           ops/s
[2026-04-03T01:39:08.546+0600][80.139s][info][gc,stats    ]    Critical: Allocation Stall                                  0 / 0                 0 / 0                 0 / 0                 0 / 0           ops/s
[2026-04-03T01:39:08.546+0600][80.139s][info][gc,stats    ]    Critical: Allocation Stall                              0.000 / 0.000         0.000 / 0.000         0.000 / 0.000         0.000 / 0.000       ms
[2026-04-03T01:39:08.546+0600][80.139s][info][gc,stats    ]    Critical: GC Locker Stall                                   0 / 1                 0 / 2                 0 / 2                 0 / 2           ops/s
[2026-04-03T01:39:08.546+0600][80.139s][info][gc,stats    ]    Critical: GC Locker Stall                               0.079 / 0.079         0.020 / 0.079         0.020 / 0.079         0.020 / 0.079       ms
[2026-04-03T01:39:08.546+0600][80.139s][info][gc,stats    ]    Critical: Relocation Stall                                  0 / 0                 0 / 0                 0 / 0                 0 / 0           ops/s
[2026-04-03T01:39:08.546+0600][80.139s][info][gc,stats    ]    Critical: Relocation Stall                              0.000 / 0.000         0.000 / 0.000         0.000 / 0.000         0.000 / 0.000       ms
[2026-04-03T01:39:08.546+0600][80.139s][info][gc,stats    ]      Memory: Allocation Rate                                1416 / 2000            928 / 2028            928 / 2028            928 / 2028        MB/s
[2026-04-03T01:39:08.546+0600][80.139s][info][gc,stats    ]      Memory: Defragment                                        8 / 87               12 / 191              12 / 191              12 / 191         ops/s
[2026-04-03T01:39:08.546+0600][80.139s][info][gc,stats    ]      Memory: Out Of Memory                                     0 / 0                 0 / 0                 0 / 0                 0 / 0           ops/s
[2026-04-03T01:39:08.546+0600][80.139s][info][gc,stats    ]      Memory: Page Cache Flush                                 17 / 174              32 / 382              32 / 382              32 / 382         MB/s
[2026-04-03T01:39:08.546+0600][80.139s][info][gc,stats    ]      Memory: Page Cache Hit L1                               495 / 619             303 / 644             303 / 644             303 / 644         ops/s
[2026-04-03T01:39:08.546+0600][80.139s][info][gc,stats    ]      Memory: Page Cache Hit L2                                 0 / 0                 0 / 0                 0 / 0                 0 / 0           ops/s
[2026-04-03T01:39:08.546+0600][80.139s][info][gc,stats    ]      Memory: Page Cache Hit L3                                 5 / 58               13 / 138              13 / 138              13 / 138         ops/s
[2026-04-03T01:39:08.546+0600][80.139s][info][gc,stats    ]      Memory: Page Cache Miss                                   0 / 0                 7 / 158               7 / 158               7 / 158         ops/s
[2026-04-03T01:39:08.546+0600][80.139s][info][gc,stats    ]      Memory: Uncommit                                          0 / 0                 0 / 0                 0 / 0                 0 / 0           MB/s
[2026-04-03T01:39:08.546+0600][80.139s][info][gc,stats    ]      Memory: Undo Object Allocation Failed                     0 / 1                 0 / 1                 0 / 1                 0 / 1           ops/s
[2026-04-03T01:39:08.546+0600][80.139s][info][gc,stats    ]      Memory: Undo Object Allocation Succeeded                  7 / 68               18 / 753              18 / 753              18 / 753         ops/s
[2026-04-03T01:39:08.546+0600][80.139s][info][gc,stats    ]      Memory: Undo Page Allocation                              0 / 1                 0 / 10                0 / 10                0 / 10          ops/s
[2026-04-03T01:39:08.546+0600][80.139s][info][gc,stats    ]       Phase: Concurrent Mark                             149.892 / 192.270     154.812 / 318.001     154.812 / 318.001     154.812 / 318.001     ms
[2026-04-03T01:39:08.546+0600][80.139s][info][gc,stats    ]       Phase: Concurrent Mark Continue                      0.000 / 0.000         0.000 / 0.000         0.000 / 0.000         0.000 / 0.000       ms
[2026-04-03T01:39:08.546+0600][80.139s][info][gc,stats    ]       Phase: Concurrent Mark Free                          0.003 / 0.004         0.003 / 0.005         0.003 / 0.005         0.003 / 0.005       ms
[2026-04-03T01:39:08.546+0600][80.139s][info][gc,stats    ]       Phase: Concurrent Process Non-Strong References     26.862 / 31.643       30.759 / 82.934       30.759 / 82.934       30.759 / 82.934      ms
[2026-04-03T01:39:08.546+0600][80.139s][info][gc,stats    ]       Phase: Concurrent Relocate                          11.789 / 16.477       17.882 / 110.219      17.882 / 110.219      17.882 / 110.219     ms
[2026-04-03T01:39:08.546+0600][80.139s][info][gc,stats    ]       Phase: Concurrent Reset Relocation Set               0.049 / 0.093         0.034 / 0.093         0.034 / 0.093         0.034 / 0.093       ms
[2026-04-03T01:39:08.546+0600][80.139s][info][gc,stats    ]       Phase: Concurrent Select Relocation Set              4.832 / 6.423         5.194 / 11.507        5.194 / 11.507        5.194 / 11.507      ms
[2026-04-03T01:39:08.546+0600][80.139s][info][gc,stats    ]       Phase: Pause Mark End                                0.040 / 0.051         0.038 / 0.119         0.038 / 0.119         0.038 / 0.119       ms
[2026-04-03T01:39:08.546+0600][80.139s][info][gc,stats    ]       Phase: Pause Mark Start                              0.014 / 0.020         0.014 / 0.036         0.014 / 0.036         0.014 / 0.036       ms
[2026-04-03T01:39:08.547+0600][80.139s][info][gc,stats    ]       Phase: Pause Relocate Start                          0.019 / 0.030         0.019 / 0.045         0.019 / 0.045         0.019 / 0.045       ms
[2026-04-03T01:39:08.547+0600][80.139s][info][gc,stats    ]    Subphase: Concurrent Classes Purge                      0.233 / 0.480         0.438 / 2.630         0.438 / 2.630         0.438 / 2.630       ms
[2026-04-03T01:39:08.547+0600][80.139s][info][gc,stats    ]    Subphase: Concurrent Classes Unlink                    22.940 / 27.155       25.979 / 70.237       25.979 / 70.237       25.979 / 70.237      ms
[2026-04-03T01:39:08.547+0600][80.139s][info][gc,stats    ]    Subphase: Concurrent Mark                             145.915 / 188.567     133.467 / 312.165     133.467 / 312.165     133.467 / 312.165     ms
[2026-04-03T01:39:08.547+0600][80.139s][info][gc,stats    ]    Subphase: Concurrent Mark Try Flush                     0.471 / 3.575         0.494 / 4.676         0.494 / 4.676         0.494 / 4.676       ms
[2026-04-03T01:39:08.547+0600][80.139s][info][gc,stats    ]    Subphase: Concurrent Mark Try Terminate                 0.985 / 1.765         0.922 / 4.690         0.922 / 4.690         0.922 / 4.690       ms
[2026-04-03T01:39:08.547+0600][80.139s][info][gc,stats    ]    Subphase: Concurrent References Enqueue                 0.010 / 0.018         0.011 / 0.036         0.011 / 0.036         0.011 / 0.036       ms
[2026-04-03T01:39:08.547+0600][80.139s][info][gc,stats    ]    Subphase: Concurrent References Process                 0.987 / 1.263         1.065 / 2.868         1.065 / 2.868         1.065 / 2.868       ms
[2026-04-03T01:39:08.547+0600][80.139s][info][gc,stats    ]    Subphase: Concurrent Roots ClassLoaderDataGraph         0.541 / 1.127         0.492 / 3.026         0.492 / 3.026         0.492 / 3.026       ms
[2026-04-03T01:39:08.547+0600][80.139s][info][gc,stats    ]    Subphase: Concurrent Roots CodeCache                    0.000 / 0.000         0.000 / 0.000         0.000 / 0.000         0.000 / 0.000       ms
[2026-04-03T01:39:08.547+0600][80.139s][info][gc,stats    ]    Subphase: Concurrent Roots JavaThreads                  1.710 / 2.665         1.734 / 5.610         1.734 / 5.610         1.734 / 5.610       ms
[2026-04-03T01:39:08.547+0600][80.139s][info][gc,stats    ]    Subphase: Concurrent Roots OopStorageSet                0.109 / 0.257         0.146 / 0.878         0.146 / 0.878         0.146 / 0.878       ms
[2026-04-03T01:39:08.547+0600][80.139s][info][gc,stats    ]    Subphase: Concurrent Weak Roots OopStorageSet           1.623 / 2.110         1.707 / 5.119         1.707 / 5.119         1.707 / 5.119       ms
[2026-04-03T01:39:08.547+0600][80.139s][info][gc,stats    ]    Subphase: Pause Mark Try Complete                       0.000 / 0.000         0.000 / 0.000         0.000 / 0.000         0.000 / 0.000       ms
[2026-04-03T01:39:08.547+0600][80.139s][info][gc,stats    ]      System: Java Threads                                    283 / 286             234 / 287             234 / 287             234 / 287         threads
[2026-04-03T01:39:08.547+0600][80.139s][info][gc,stats    ] =========================================================================================================================================================
[2026-04-03T01:39:09.646+0600][81.239s][info][gc,start    ] GC(36) Garbage Collection (Allocation Rate)
[2026-04-03T01:39:09.646+0600][81.239s][info][gc,task     ] GC(36) Using 2 workers
[2026-04-03T01:39:09.647+0600][81.239s][info][gc,phases   ] GC(36) Pause Mark Start 0.013ms
[2026-04-03T01:39:09.761+0600][81.354s][info][gc,phases   ] GC(36) Concurrent Mark 114.045ms
[2026-04-03T01:39:09.761+0600][81.354s][info][gc,phases   ] GC(36) Pause Mark End 0.021ms
[2026-04-03T01:39:09.761+0600][81.354s][info][gc,phases   ] GC(36) Concurrent Mark Free 0.002ms
[2026-04-03T01:39:09.780+0600][81.373s][info][gc,phases   ] GC(36) Concurrent Process Non-Strong References 18.716ms
[2026-04-03T01:39:09.780+0600][81.373s][info][gc,phases   ] GC(36) Concurrent Reset Relocation Set 0.025ms
[2026-04-03T01:39:09.783+0600][81.376s][info][gc,phases   ] GC(36) Concurrent Select Relocation Set 2.763ms
[2026-04-03T01:39:09.783+0600][81.376s][info][gc,phases   ] GC(36) Pause Relocate Start 0.011ms
[2026-04-03T01:39:09.791+0600][81.384s][info][gc,phases   ] GC(36) Concurrent Relocate 7.465ms
[2026-04-03T01:39:09.791+0600][81.384s][info][gc,load     ] GC(36) Load: 8.01/9.22/8.03
[2026-04-03T01:39:09.791+0600][81.384s][info][gc,mmu      ] GC(36) MMU: 2ms/94.0%, 5ms/97.6%, 10ms/98.8%, 20ms/99.4%, 50ms/99.7%, 100ms/99.9%
[2026-04-03T01:39:09.791+0600][81.384s][info][gc,marking  ] GC(36) Mark: 2 stripe(s), 2 proactive flush(es), 1 terminate flush(es), 0 completion(s), 0 continuation(s) 
[2026-04-03T01:39:09.791+0600][81.384s][info][gc,marking  ] GC(36) Mark Stack Usage: 32M
[2026-04-03T01:39:09.791+0600][81.384s][info][gc,nmethod  ] GC(36) NMethods: 15132 registered, 2728 unregistered
[2026-04-03T01:39:09.791+0600][81.384s][info][gc,metaspace] GC(36) Metaspace: 129M used, 130M committed, 1152M reserved
[2026-04-03T01:39:09.791+0600][81.384s][info][gc,ref      ] GC(36) Soft: 6380 encountered, 0 discovered, 0 enqueued
[2026-04-03T01:39:09.791+0600][81.384s][info][gc,ref      ] GC(36) Weak: 17739 encountered, 5283 discovered, 2797 enqueued
[2026-04-03T01:39:09.791+0600][81.384s][info][gc,ref      ] GC(36) Final: 84 encountered, 0 discovered, 0 enqueued
[2026-04-03T01:39:09.791+0600][81.384s][info][gc,ref      ] GC(36) Phantom: 620 encountered, 336 discovered, 0 enqueued
[2026-04-03T01:39:09.791+0600][81.384s][info][gc,reloc    ] GC(36) Small Pages: 720 / 1440M, Empty: 648M, Relocated: 11M, In-Place: 0
[2026-04-03T01:39:09.791+0600][81.384s][info][gc,reloc    ] GC(36) Medium Pages: 9 / 288M, Empty: 256M, Relocated: 0M, In-Place: 0
[2026-04-03T01:39:09.791+0600][81.384s][info][gc,reloc    ] GC(36) Large Pages: 164 / 984M, Empty: 984M, Relocated: 0M, In-Place: 0
[2026-04-03T01:39:09.791+0600][81.384s][info][gc,reloc    ] GC(36) Forwarding Usage: 2M
[2026-04-03T01:39:09.791+0600][81.384s][info][gc,heap     ] GC(36) Min Capacity: 8M(0%)
[2026-04-03T01:39:09.791+0600][81.384s][info][gc,heap     ] GC(36) Max Capacity: 3922M(100%)
[2026-04-03T01:39:09.791+0600][81.384s][info][gc,heap     ] GC(36) Soft Max Capacity: 3922M(100%)
[2026-04-03T01:39:09.791+0600][81.384s][info][gc,heap     ] GC(36)                Mark Start          Mark End        Relocate Start      Relocate End           High               Low         
[2026-04-03T01:39:09.791+0600][81.384s][info][gc,heap     ] GC(36)  Capacity:     3922M (100%)       3922M (100%)       3922M (100%)       3922M (100%)       3922M (100%)       3922M (100%)   
[2026-04-03T01:39:09.791+0600][81.384s][info][gc,heap     ] GC(36)      Free:     1210M (31%)        1148M (29%)        3008M (77%)        3672M (94%)        3674M (94%)        1136M (29%)    
[2026-04-03T01:39:09.791+0600][81.384s][info][gc,heap     ] GC(36)      Used:     2712M (69%)        2774M (71%)         914M (23%)         250M (6%)         2786M (71%)         248M (6%)     
[2026-04-03T01:39:09.791+0600][81.384s][info][gc,heap     ] GC(36)      Live:         -               114M (3%)          114M (3%)          114M (3%)             -                  -          
[2026-04-03T01:39:09.791+0600][81.384s][info][gc,heap     ] GC(36) Allocated:         -                62M (2%)           90M (2%)           97M (2%)             -                  -          
[2026-04-03T01:39:09.791+0600][81.384s][info][gc,heap     ] GC(36)   Garbage:         -              2597M (66%)         709M (18%)          37M (1%)             -                  -          
[2026-04-03T01:39:09.791+0600][81.384s][info][gc,heap     ] GC(36) Reclaimed:         -                  -              1888M (48%)        2559M (65%)            -                  -          
[2026-04-03T01:39:09.791+0600][81.384s][info][gc          ] GC(36) Garbage Collection (Allocation Rate) 2712M(69%)->250M(6%)
[2026-04-03T01:39:11.246+0600][82.839s][info][gc,start    ] GC(37) Garbage Collection (Allocation Rate)
[2026-04-03T01:39:11.246+0600][82.839s][info][gc,task     ] GC(37) Using 3 workers
[2026-04-03T01:39:11.246+0600][82.839s][info][gc,phases   ] GC(37) Pause Mark Start 0.011ms
[2026-04-03T01:39:11.357+0600][82.950s][info][gc,phases   ] GC(37) Concurrent Mark 110.310ms
[2026-04-03T01:39:11.357+0600][82.950s][info][gc,phases   ] GC(37) Pause Mark End 0.093ms
[2026-04-03T01:39:11.358+0600][82.950s][info][gc,phases   ] GC(37) Concurrent Mark Free 0.003ms
[2026-04-03T01:39:11.379+0600][82.972s][info][gc,phases   ] GC(37) Concurrent Process Non-Strong References 21.610ms
[2026-04-03T01:39:11.379+0600][82.972s][info][gc,phases   ] GC(37) Concurrent Reset Relocation Set 0.031ms
[2026-04-03T01:39:11.383+0600][82.976s][info][gc,phases   ] GC(37) Concurrent Select Relocation Set 3.588ms
[2026-04-03T01:39:11.383+0600][82.976s][info][gc,phases   ] GC(37) Pause Relocate Start 0.015ms
[2026-04-03T01:39:11.393+0600][82.986s][info][gc,phases   ] GC(37) Concurrent Relocate 9.335ms
[2026-04-03T01:39:11.393+0600][82.986s][info][gc,load     ] GC(37) Load: 8.01/9.22/8.03
[2026-04-03T01:39:11.393+0600][82.986s][info][gc,mmu      ] GC(37) MMU: 2ms/94.0%, 5ms/97.6%, 10ms/98.8%, 20ms/99.4%, 50ms/99.7%, 100ms/99.9%
[2026-04-03T01:39:11.393+0600][82.986s][info][gc,marking  ] GC(37) Mark: 2 stripe(s), 10 proactive flush(es), 1 terminate flush(es), 0 completion(s), 0 continuation(s) 
[2026-04-03T01:39:11.393+0600][82.986s][info][gc,marking  ] GC(37) Mark Stack Usage: 32M
[2026-04-03T01:39:11.393+0600][82.986s][info][gc,nmethod  ] GC(37) NMethods: 15141 registered, 2743 unregistered
[2026-04-03T01:39:11.393+0600][82.986s][info][gc,metaspace] GC(37) Metaspace: 129M used, 130M committed, 1152M reserved
[2026-04-03T01:39:11.393+0600][82.986s][info][gc,ref      ] GC(37) Soft: 6388 encountered, 0 discovered, 0 enqueued
[2026-04-03T01:39:11.393+0600][82.986s][info][gc,ref      ] GC(37) Weak: 17619 encountered, 6993 discovered, 2511 enqueued
[2026-04-03T01:39:11.393+0600][82.986s][info][gc,ref      ] GC(37) Final: 84 encountered, 0 discovered, 0 enqueued
[2026-04-03T01:39:11.393+0600][82.986s][info][gc,ref      ] GC(37) Phantom: 620 encountered, 341 discovered, 0 enqueued
[2026-04-03T01:39:11.393+0600][82.986s][info][gc,reloc    ] GC(37) Small Pages: 849 / 1698M, Empty: 794M, Relocated: 13M, In-Place: 0
[2026-04-03T01:39:11.393+0600][82.986s][info][gc,reloc    ] GC(37) Medium Pages: 9 / 288M, Empty: 256M, Relocated: 0M, In-Place: 0
[2026-04-03T01:39:11.393+0600][82.986s][info][gc,reloc    ] GC(37) Large Pages: 164 / 984M, Empty: 984M, Relocated: 0M, In-Place: 0
[2026-04-03T01:39:11.393+0600][82.986s][info][gc,reloc    ] GC(37) Forwarding Usage: 3M
[2026-04-03T01:39:11.393+0600][82.986s][info][gc,heap     ] GC(37) Min Capacity: 8M(0%)
[2026-04-03T01:39:11.393+0600][82.986s][info][gc,heap     ] GC(37) Max Capacity: 3922M(100%)
[2026-04-03T01:39:11.393+0600][82.986s][info][gc,heap     ] GC(37) Soft Max Capacity: 3922M(100%)
[2026-04-03T01:39:11.393+0600][82.986s][info][gc,heap     ] GC(37)                Mark Start          Mark End        Relocate Start      Relocate End           High               Low         
[2026-04-03T01:39:11.393+0600][82.986s][info][gc,heap     ] GC(37)  Capacity:     3922M (100%)       3922M (100%)       3922M (100%)       3922M (100%)       3922M (100%)       3922M (100%)   
[2026-04-03T01:39:11.393+0600][82.986s][info][gc,heap     ] GC(37)      Free:      952M (24%)         808M (21%)        2828M (72%)        3598M (92%)        3604M (92%)         798M (20%)    
[2026-04-03T01:39:11.393+0600][82.986s][info][gc,heap     ] GC(37)      Used:     2970M (76%)        3114M (79%)        1094M (28%)         324M (8%)         3124M (80%)         318M (8%)     
[2026-04-03T01:39:11.393+0600][82.986s][info][gc,heap     ] GC(37)      Live:         -               114M (3%)          114M (3%)          114M (3%)             -                  -          
[2026-04-03T01:39:11.393+0600][82.986s][info][gc,heap     ] GC(37) Allocated:         -               144M (4%)          158M (4%)          169M (4%)             -                  -          
[2026-04-03T01:39:11.393+0600][82.986s][info][gc,heap     ] GC(37)   Garbage:         -              2855M (73%)         821M (21%)          39M (1%)             -                  -          
[2026-04-03T01:39:11.393+0600][82.986s][info][gc,heap     ] GC(37) Reclaimed:         -                  -              2034M (52%)        2815M (72%)            -                  -          
[2026-04-03T01:39:11.393+0600][82.986s][info][gc          ] GC(37) Garbage Collection (Allocation Rate) 2970M(76%)->324M(8%)
[2026-04-03T01:39:13.646+0600][85.239s][info][gc,start    ] GC(38) Garbage Collection (Allocation Rate)
[2026-04-03T01:39:13.646+0600][85.239s][info][gc,task     ] GC(38) Using 3 workers
[2026-04-03T01:39:13.646+0600][85.239s][info][gc,phases   ] GC(38) Pause Mark Start 0.017ms
[2026-04-03T01:39:13.756+0600][85.349s][info][gc,phases   ] GC(38) Concurrent Mark 109.207ms
[2026-04-03T01:39:13.756+0600][85.349s][info][gc,phases   ] GC(38) Pause Mark End 0.025ms
[2026-04-03T01:39:13.756+0600][85.349s][info][gc,phases   ] GC(38) Concurrent Mark Free 0.002ms
[2026-04-03T01:39:13.772+0600][85.365s][info][gc,phases   ] GC(38) Concurrent Process Non-Strong References 15.919ms
[2026-04-03T01:39:13.772+0600][85.365s][info][gc,phases   ] GC(38) Concurrent Reset Relocation Set 0.025ms
[2026-04-03T01:39:13.775+0600][85.368s][info][gc,phases   ] GC(38) Concurrent Select Relocation Set 3.238ms
[2026-04-03T01:39:13.776+0600][85.368s][info][gc,phases   ] GC(38) Pause Relocate Start 0.015ms
[2026-04-03T01:39:13.786+0600][85.378s][info][gc,phases   ] GC(38) Concurrent Relocate 9.680ms
[2026-04-03T01:39:13.786+0600][85.378s][info][gc,load     ] GC(38) Load: 8.01/9.22/8.03
[2026-04-03T01:39:13.786+0600][85.379s][info][gc,mmu      ] GC(38) MMU: 2ms/94.0%, 5ms/97.6%, 10ms/98.8%, 20ms/99.4%, 50ms/99.7%, 100ms/99.9%
[2026-04-03T01:39:13.786+0600][85.379s][info][gc,marking  ] GC(38) Mark: 2 stripe(s), 2 proactive flush(es), 1 terminate flush(es), 0 completion(s), 0 continuation(s) 
[2026-04-03T01:39:13.786+0600][85.379s][info][gc,marking  ] GC(38) Mark Stack Usage: 32M
[2026-04-03T01:39:13.786+0600][85.379s][info][gc,nmethod  ] GC(38) NMethods: 15164 registered, 2779 unregistered
[2026-04-03T01:39:13.786+0600][85.379s][info][gc,metaspace] GC(38) Metaspace: 129M used, 130M committed, 1152M reserved
[2026-04-03T01:39:13.786+0600][85.379s][info][gc,ref      ] GC(38) Soft: 6388 encountered, 0 discovered, 0 enqueued
[2026-04-03T01:39:13.786+0600][85.379s][info][gc,ref      ] GC(38) Weak: 19073 encountered, 9843 discovered, 3724 enqueued
[2026-04-03T01:39:13.786+0600][85.379s][info][gc,ref      ] GC(38) Final: 84 encountered, 0 discovered, 0 enqueued
[2026-04-03T01:39:13.786+0600][85.379s][info][gc,ref      ] GC(38) Phantom: 620 encountered, 357 discovered, 0 enqueued
[2026-04-03T01:39:13.786+0600][85.379s][info][gc,reloc    ] GC(38) Small Pages: 1254 / 2508M, Empty: 1216M, Relocated: 17M, In-Place: 0
[2026-04-03T01:39:13.786+0600][85.379s][info][gc,reloc    ] GC(38) Medium Pages: 14 / 448M, Empty: 416M, Relocated: 0M, In-Place: 0
[2026-04-03T01:39:13.786+0600][85.379s][info][gc,reloc    ] GC(38) Large Pages: 58 / 348M, Empty: 348M, Relocated: 0M, In-Place: 0
[2026-04-03T01:39:13.786+0600][85.379s][info][gc,reloc    ] GC(38) Forwarding Usage: 4M
[2026-04-03T01:39:13.786+0600][85.379s][info][gc,heap     ] GC(38) Min Capacity: 8M(0%)
[2026-04-03T01:39:13.786+0600][85.379s][info][gc,heap     ] GC(38) Max Capacity: 3922M(100%)
[2026-04-03T01:39:13.786+0600][85.379s][info][gc,heap     ] GC(38) Soft Max Capacity: 3922M(100%)
[2026-04-03T01:39:13.786+0600][85.379s][info][gc,heap     ] GC(38)                Mark Start          Mark End        Relocate Start      Relocate End           High               Low         
[2026-04-03T01:39:13.786+0600][85.379s][info][gc,heap     ] GC(38)  Capacity:     3922M (100%)       3922M (100%)       3922M (100%)       3922M (100%)       3922M (100%)       3922M (100%)   
[2026-04-03T01:39:13.786+0600][85.379s][info][gc,heap     ] GC(38)      Free:      618M (16%)         484M (12%)        2452M (63%)        3606M (92%)        3608M (92%)         478M (12%)    
[2026-04-03T01:39:13.786+0600][85.379s][info][gc,heap     ] GC(38)      Used:     3304M (84%)        3438M (88%)        1470M (37%)         316M (8%)         3444M (88%)         314M (8%)     
[2026-04-03T01:39:13.786+0600][85.379s][info][gc,heap     ] GC(38)      Live:         -               117M (3%)          117M (3%)          117M (3%)             -                  -          
[2026-04-03T01:39:13.786+0600][85.379s][info][gc,heap     ] GC(38) Allocated:         -               134M (3%)          146M (4%)          159M (4%)             -                  -          
[2026-04-03T01:39:13.786+0600][85.379s][info][gc,heap     ] GC(38)   Garbage:         -              3186M (81%)        1206M (31%)          39M (1%)             -                  -          
[2026-04-03T01:39:13.786+0600][85.379s][info][gc,heap     ] GC(38) Reclaimed:         -                  -              1980M (50%)        3147M (80%)            -                  -          
[2026-04-03T01:39:13.786+0600][85.379s][info][gc          ] GC(38) Garbage Collection (Allocation Rate) 3304M(84%)->316M(8%)
[2026-04-03T01:39:14.646+0600][86.239s][info][gc,start    ] GC(39) Garbage Collection (Allocation Rate)
[2026-04-03T01:39:14.646+0600][86.239s][info][gc,task     ] GC(39) Using 1 workers
[2026-04-03T01:39:14.646+0600][86.239s][info][gc,phases   ] GC(39) Pause Mark Start 0.012ms
[2026-04-03T01:39:14.938+0600][86.531s][info][gc,phases   ] GC(39) Concurrent Mark 291.932ms
[2026-04-03T01:39:14.939+0600][86.531s][info][gc,phases   ] GC(39) Pause Mark End 0.059ms
[2026-04-03T01:39:14.939+0600][86.532s][info][gc,phases   ] GC(39) Concurrent Mark Free 0.005ms
[2026-04-03T01:39:15.006+0600][86.599s][info][gc,phases   ] GC(39) Concurrent Process Non-Strong References 67.102ms
[2026-04-03T01:39:15.006+0600][86.599s][info][gc,phases   ] GC(39) Concurrent Reset Relocation Set 0.036ms
[2026-04-03T01:39:15.010+0600][86.602s][info][gc,phases   ] GC(39) Concurrent Select Relocation Set 3.349ms
[2026-04-03T01:39:15.010+0600][86.603s][info][gc,phases   ] GC(39) Pause Relocate Start 0.013ms
[2026-04-03T01:39:15.028+0600][86.621s][info][gc,phases   ] GC(39) Concurrent Relocate 17.864ms
[2026-04-03T01:39:15.028+0600][86.621s][info][gc,load     ] GC(39) Load: 7.69/9.13/8.01
[2026-04-03T01:39:15.028+0600][86.621s][info][gc,mmu      ] GC(39) MMU: 2ms/94.0%, 5ms/97.6%, 10ms/98.8%, 20ms/99.4%, 50ms/99.7%, 100ms/99.9%
[2026-04-03T01:39:15.028+0600][86.621s][info][gc,marking  ] GC(39) Mark: 1 stripe(s), 2 proactive flush(es), 1 terminate flush(es), 0 completion(s), 0 continuation(s) 
[2026-04-03T01:39:15.028+0600][86.621s][info][gc,marking  ] GC(39) Mark Stack Usage: 32M
[2026-04-03T01:39:15.028+0600][86.621s][info][gc,nmethod  ] GC(39) NMethods: 15185 registered, 2791 unregistered
[2026-04-03T01:39:15.028+0600][86.621s][info][gc,metaspace] GC(39) Metaspace: 129M used, 130M committed, 1152M reserved
[2026-04-03T01:39:15.028+0600][86.621s][info][gc,ref      ] GC(39) Soft: 6380 encountered, 0 discovered, 0 enqueued
[2026-04-03T01:39:15.028+0600][86.621s][info][gc,ref      ] GC(39) Weak: 16733 encountered, 5146 discovered, 1210 enqueued
[2026-04-03T01:39:15.028+0600][86.621s][info][gc,ref      ] GC(39) Final: 84 encountered, 0 discovered, 0 enqueued
[2026-04-03T01:39:15.028+0600][86.621s][info][gc,ref      ] GC(39) Phantom: 620 encountered, 296 discovered, 0 enqueued
[2026-04-03T01:39:15.028+0600][86.621s][info][gc,reloc    ] GC(39) Small Pages: 467 / 934M, Empty: 212M, Relocated: 10M, In-Place: 0
[2026-04-03T01:39:15.028+0600][86.621s][info][gc,reloc    ] GC(39) Medium Pages: 6 / 192M, Empty: 160M, Relocated: 0M, In-Place: 0
[2026-04-03T01:39:15.028+0600][86.621s][info][gc,reloc    ] GC(39) Large Pages: 148 / 888M, Empty: 888M, Relocated: 0M, In-Place: 0
[2026-04-03T01:39:15.028+0600][86.621s][info][gc,reloc    ] GC(39) Forwarding Usage: 2M
[2026-04-03T01:39:15.028+0600][86.621s][info][gc,heap     ] GC(39) Min Capacity: 8M(0%)
[2026-04-03T01:39:15.028+0600][86.621s][info][gc,heap     ] GC(39) Max Capacity: 3922M(100%)
[2026-04-03T01:39:15.028+0600][86.621s][info][gc,heap     ] GC(39) Soft Max Capacity: 3922M(100%)
[2026-04-03T01:39:15.028+0600][86.621s][info][gc,heap     ] GC(39)                Mark Start          Mark End        Relocate Start      Relocate End           High               Low         
[2026-04-03T01:39:15.028+0600][86.621s][info][gc,heap     ] GC(39)  Capacity:     3922M (100%)       3922M (100%)       3922M (100%)       3922M (100%)       3922M (100%)       3922M (100%)   
[2026-04-03T01:39:15.028+0600][86.621s][info][gc,heap     ] GC(39)      Free:     1908M (49%)        1528M (39%)        2682M (68%)        3248M (83%)        3264M (83%)        1436M (37%)    
[2026-04-03T01:39:15.028+0600][86.621s][info][gc,heap     ] GC(39)      Used:     2014M (51%)        2394M (61%)        1240M (32%)         674M (17%)        2486M (63%)         658M (17%)    
[2026-04-03T01:39:15.028+0600][86.621s][info][gc,heap     ] GC(39)      Live:         -               113M (3%)          113M (3%)          113M (3%)             -                  -          
[2026-04-03T01:39:15.028+0600][86.621s][info][gc,heap     ] GC(39) Allocated:         -               380M (10%)         486M (12%)         523M (13%)            -                  -          
[2026-04-03T01:39:15.028+0600][86.621s][info][gc,heap     ] GC(39)   Garbage:         -              1900M (48%)         640M (16%)          36M (1%)             -                  -          
[2026-04-03T01:39:15.028+0600][86.621s][info][gc,heap     ] GC(39) Reclaimed:         -                  -              1260M (32%)        1863M (48%)            -                  -          
[2026-04-03T01:39:15.028+0600][86.621s][info][gc          ] GC(39) Garbage Collection (Allocation Rate) 2014M(51%)->674M(17%)
[2026-04-03T01:39:15.045+0600][86.638s][info][gc,start    ] GC(40) Garbage Collection (Allocation Rate)
[2026-04-03T01:39:15.046+0600][86.639s][info][gc,task     ] GC(40) Using 2 workers
[2026-04-03T01:39:15.046+0600][86.639s][info][gc,phases   ] GC(40) Pause Mark Start 0.013ms
[2026-04-03T01:39:15.235+0600][86.827s][info][gc,phases   ] GC(40) Concurrent Mark 188.253ms
[2026-04-03T01:39:15.235+0600][86.828s][info][gc,phases   ] GC(40) Pause Mark End 0.032ms
[2026-04-03T01:39:15.235+0600][86.828s][info][gc,phases   ] GC(40) Concurrent Mark Free 0.002ms
[2026-04-03T01:39:15.268+0600][86.861s][info][gc,phases   ] GC(40) Concurrent Process Non-Strong References 32.797ms
[2026-04-03T01:39:15.268+0600][86.861s][info][gc,phases   ] GC(40) Concurrent Reset Relocation Set 0.028ms
[2026-04-03T01:39:15.273+0600][86.865s][info][gc,phases   ] GC(40) Concurrent Select Relocation Set 4.467ms
[2026-04-03T01:39:15.273+0600][86.866s][info][gc,phases   ] GC(40) Pause Relocate Start 0.016ms
[2026-04-03T01:39:15.285+0600][86.877s][info][gc,phases   ] GC(40) Concurrent Relocate 11.348ms
[2026-04-03T01:39:15.285+0600][86.877s][info][gc,load     ] GC(40) Load: 7.69/9.13/8.01
[2026-04-03T01:39:15.285+0600][86.877s][info][gc,mmu      ] GC(40) MMU: 2ms/94.0%, 5ms/97.6%, 10ms/98.8%, 20ms/99.4%, 50ms/99.7%, 100ms/99.9%
[2026-04-03T01:39:15.285+0600][86.877s][info][gc,marking  ] GC(40) Mark: 2 stripe(s), 2 proactive flush(es), 1 terminate flush(es), 0 completion(s), 0 continuation(s) 
[2026-04-03T01:39:15.285+0600][86.877s][info][gc,marking  ] GC(40) Mark Stack Usage: 32M
[2026-04-03T01:39:15.285+0600][86.877s][info][gc,nmethod  ] GC(40) NMethods: 15188 registered, 2794 unregistered
[2026-04-03T01:39:15.285+0600][86.877s][info][gc,metaspace] GC(40) Metaspace: 129M used, 130M committed, 1152M reserved
[2026-04-03T01:39:15.285+0600][86.877s][info][gc,ref      ] GC(40) Soft: 6388 encountered, 0 discovered, 0 enqueued
[2026-04-03T01:39:15.285+0600][86.877s][info][gc,ref      ] GC(40) Weak: 16234 encountered, 7016 discovered, 27 enqueued
[2026-04-03T01:39:15.285+0600][86.877s][info][gc,ref      ] GC(40) Final: 84 encountered, 0 discovered, 0 enqueued
[2026-04-03T01:39:15.285+0600][86.877s][info][gc,ref      ] GC(40) Phantom: 620 encountered, 404 discovered, 0 enqueued
[2026-04-03T01:39:15.285+0600][86.877s][info][gc,reloc    ] GC(40) Small Pages: 266 / 532M, Empty: 202M, Relocated: 10M, In-Place: 0
[2026-04-03T01:39:15.285+0600][86.877s][info][gc,reloc    ] GC(40) Medium Pages: 4 / 128M, Empty: 96M, Relocated: 0M, In-Place: 0
[2026-04-03T01:39:15.285+0600][86.878s][info][gc,reloc    ] GC(40) Large Pages: 10 / 60M, Empty: 60M, Relocated: 0M, In-Place: 0
[2026-04-03T01:39:15.285+0600][86.878s][info][gc,reloc    ] GC(40) Forwarding Usage: 2M
[2026-04-03T01:39:15.285+0600][86.878s][info][gc,heap     ] GC(40) Min Capacity: 8M(0%)
[2026-04-03T01:39:15.285+0600][86.878s][info][gc,heap     ] GC(40) Max Capacity: 3922M(100%)
[2026-04-03T01:39:15.285+0600][86.878s][info][gc,heap     ] GC(40) Soft Max Capacity: 3922M(100%)
[2026-04-03T01:39:15.285+0600][86.878s][info][gc,heap     ] GC(40)                Mark Start          Mark End        Relocate Start      Relocate End           High               Low         
[2026-04-03T01:39:15.285+0600][86.878s][info][gc,heap     ] GC(40)  Capacity:     3922M (100%)       3922M (100%)       3922M (100%)       3922M (100%)       3922M (100%)       3922M (100%)   
[2026-04-03T01:39:15.285+0600][86.878s][info][gc,heap     ] GC(40)      Free:     3202M (82%)        3006M (77%)        3312M (84%)        3482M (89%)        3494M (89%)        2962M (76%)    
[2026-04-03T01:39:15.285+0600][86.878s][info][gc,heap     ] GC(40)      Used:      720M (18%)         916M (23%)         610M (16%)         440M (11%)         960M (24%)         428M (11%)    
[2026-04-03T01:39:15.285+0600][86.878s][info][gc,heap     ] GC(40)      Live:         -               114M (3%)          114M (3%)          114M (3%)             -                  -          
[2026-04-03T01:39:15.285+0600][86.878s][info][gc,heap     ] GC(40) Allocated:         -               196M (5%)          248M (6%)          287M (7%)             -                  -          
[2026-04-03T01:39:15.285+0600][86.878s][info][gc,heap     ] GC(40)   Garbage:         -               605M (15%)         247M (6%)           37M (1%)             -                  -          
[2026-04-03T01:39:15.285+0600][86.878s][info][gc,heap     ] GC(40) Reclaimed:         -                  -               358M (9%)          567M (14%)            -                  -          
[2026-04-03T01:39:15.285+0600][86.878s][info][gc          ] GC(40) Garbage Collection (Allocation Rate) 720M(18%)->440M(11%)
[2026-04-03T01:39:16.446+0600][88.039s][info][gc,start    ] GC(41) Garbage Collection (Allocation Rate)
[2026-04-03T01:39:16.446+0600][88.039s][info][gc,task     ] GC(41) Using 2 workers
[2026-04-03T01:39:16.446+0600][88.039s][info][gc,phases   ] GC(41) Pause Mark Start 0.017ms
[2026-04-03T01:39:16.630+0600][88.223s][info][gc,phases   ] GC(41) Concurrent Mark 183.791ms
[2026-04-03T01:39:16.631+0600][88.223s][info][gc,phases   ] GC(41) Pause Mark End 0.028ms
[2026-04-03T01:39:16.631+0600][88.223s][info][gc,phases   ] GC(41) Concurrent Mark Free 0.002ms
[2026-04-03T01:39:16.663+0600][88.256s][info][gc,phases   ] GC(41) Concurrent Process Non-Strong References 32.539ms
[2026-04-03T01:39:16.663+0600][88.256s][info][gc,phases   ] GC(41) Concurrent Reset Relocation Set 0.012ms
[2026-04-03T01:39:16.667+0600][88.260s][info][gc,phases   ] GC(41) Concurrent Select Relocation Set 3.734ms
[2026-04-03T01:39:16.667+0600][88.260s][info][gc,phases   ] GC(41) Pause Relocate Start 0.014ms
[2026-04-03T01:39:16.683+0600][88.276s][info][gc,phases   ] GC(41) Concurrent Relocate 15.417ms
[2026-04-03T01:39:16.683+0600][88.276s][info][gc,load     ] GC(41) Load: 7.69/9.13/8.01
[2026-04-03T01:39:16.683+0600][88.276s][info][gc,mmu      ] GC(41) MMU: 2ms/94.0%, 5ms/97.6%, 10ms/98.8%, 20ms/99.4%, 50ms/99.7%, 100ms/99.9%
[2026-04-03T01:39:16.683+0600][88.276s][info][gc,marking  ] GC(41) Mark: 2 stripe(s), 2 proactive flush(es), 1 terminate flush(es), 0 completion(s), 0 continuation(s) 
[2026-04-03T01:39:16.683+0600][88.276s][info][gc,marking  ] GC(41) Mark Stack Usage: 32M
[2026-04-03T01:39:16.683+0600][88.276s][info][gc,nmethod  ] GC(41) NMethods: 15199 registered, 2820 unregistered
[2026-04-03T01:39:16.683+0600][88.276s][info][gc,metaspace] GC(41) Metaspace: 129M used, 130M committed, 1152M reserved
[2026-04-03T01:39:16.683+0600][88.276s][info][gc,ref      ] GC(41) Soft: 6380 encountered, 0 discovered, 0 enqueued
[2026-04-03T01:39:16.683+0600][88.276s][info][gc,ref      ] GC(41) Weak: 18327 encountered, 11247 discovered, 2863 enqueued
[2026-04-03T01:39:16.683+0600][88.276s][info][gc,ref      ] GC(41) Final: 84 encountered, 0 discovered, 0 enqueued
[2026-04-03T01:39:16.683+0600][88.276s][info][gc,ref      ] GC(41) Phantom: 620 encountered, 594 discovered, 0 enqueued
[2026-04-03T01:39:16.683+0600][88.276s][info][gc,reloc    ] GC(41) Small Pages: 694 / 1388M, Empty: 556M, Relocated: 13M, In-Place: 0
[2026-04-03T01:39:16.683+0600][88.276s][info][gc,reloc    ] GC(41) Medium Pages: 7 / 224M, Empty: 192M, Relocated: 0M, In-Place: 0
[2026-04-03T01:39:16.683+0600][88.276s][info][gc,reloc    ] GC(41) Large Pages: 158 / 948M, Empty: 948M, Relocated: 0M, In-Place: 0
[2026-04-03T01:39:16.683+0600][88.276s][info][gc,reloc    ] GC(41) Forwarding Usage: 3M
[2026-04-03T01:39:16.683+0600][88.276s][info][gc,heap     ] GC(41) Min Capacity: 8M(0%)
[2026-04-03T01:39:16.683+0600][88.276s][info][gc,heap     ] GC(41) Max Capacity: 3922M(100%)
[2026-04-03T01:39:16.683+0600][88.276s][info][gc,heap     ] GC(41) Soft Max Capacity: 3922M(100%)
[2026-04-03T01:39:16.683+0600][88.276s][info][gc,heap     ] GC(41)                Mark Start          Mark End        Relocate Start      Relocate End           High               Low         
[2026-04-03T01:39:16.683+0600][88.276s][info][gc,heap     ] GC(41)  Capacity:     3922M (100%)       3922M (100%)       3922M (100%)       3922M (100%)       3922M (100%)       3922M (100%)   
[2026-04-03T01:39:16.683+0600][88.276s][info][gc,heap     ] GC(41)      Free:     1362M (35%)        1112M (28%)        2760M (70%)        3444M (88%)        3456M (88%)        1076M (27%)    
[2026-04-03T01:39:16.683+0600][88.276s][info][gc,heap     ] GC(41)      Used:     2560M (65%)        2810M (72%)        1162M (30%)         478M (12%)        2846M (73%)         466M (12%)    
[2026-04-03T01:39:16.683+0600][88.276s][info][gc,heap     ] GC(41)      Live:         -               114M (3%)          114M (3%)          114M (3%)             -                  -          
[2026-04-03T01:39:16.683+0600][88.276s][info][gc,heap     ] GC(41) Allocated:         -               250M (6%)          298M (8%)          325M (8%)             -                  -          
[2026-04-03T01:39:16.683+0600][88.276s][info][gc,heap     ] GC(41)   Garbage:         -              2445M (62%)         749M (19%)          37M (1%)             -                  -          
[2026-04-03T01:39:16.683+0600][88.276s][info][gc,heap     ] GC(41) Reclaimed:         -                  -              1696M (43%)        2407M (61%)            -                  -          
[2026-04-03T01:39:16.683+0600][88.276s][info][gc          ] GC(41) Garbage Collection (Allocation Rate) 2560M(65%)->478M(12%)
[2026-04-03T01:39:17.646+0600][89.239s][info][gc,start    ] GC(42) Garbage Collection (Allocation Rate)
[2026-04-03T01:39:17.646+0600][89.239s][info][gc,task     ] GC(42) Using 2 workers
[2026-04-03T01:39:17.646+0600][89.239s][info][gc,phases   ] GC(42) Pause Mark Start 0.015ms
[2026-04-03T01:39:17.771+0600][89.364s][info][gc,phases   ] GC(42) Concurrent Mark 124.430ms
[2026-04-03T01:39:17.771+0600][89.364s][info][gc,phases   ] GC(42) Pause Mark End 0.024ms
[2026-04-03T01:39:17.771+0600][89.364s][info][gc,phases   ] GC(42) Concurrent Mark Free 0.002ms
[2026-04-03T01:39:17.790+0600][89.383s][info][gc,phases   ] GC(42) Concurrent Process Non-Strong References 18.581ms
[2026-04-03T01:39:17.790+0600][89.383s][info][gc,phases   ] GC(42) Concurrent Reset Relocation Set 0.025ms
[2026-04-03T01:39:17.793+0600][89.386s][info][gc,phases   ] GC(42) Concurrent Select Relocation Set 2.934ms
[2026-04-03T01:39:17.793+0600][89.386s][info][gc,phases   ] GC(42) Pause Relocate Start 0.014ms
[2026-04-03T01:39:17.801+0600][89.394s][info][gc,phases   ] GC(42) Concurrent Relocate 7.822ms
[2026-04-03T01:39:17.801+0600][89.394s][info][gc,load     ] GC(42) Load: 7.69/9.13/8.01
[2026-04-03T01:39:17.801+0600][89.394s][info][gc,mmu      ] GC(42) MMU: 2ms/94.0%, 5ms/97.6%, 10ms/98.8%, 20ms/99.4%, 50ms/99.7%, 100ms/99.9%
[2026-04-03T01:39:17.801+0600][89.394s][info][gc,marking  ] GC(42) Mark: 2 stripe(s), 8 proactive flush(es), 1 terminate flush(es), 0 completion(s), 0 continuation(s) 
[2026-04-03T01:39:17.801+0600][89.394s][info][gc,marking  ] GC(42) Mark Stack Usage: 32M
[2026-04-03T01:39:17.801+0600][89.394s][info][gc,nmethod  ] GC(42) NMethods: 15222 registered, 2835 unregistered
[2026-04-03T01:39:17.801+0600][89.394s][info][gc,metaspace] GC(42) Metaspace: 129M used, 130M committed, 1152M reserved
[2026-04-03T01:39:17.801+0600][89.394s][info][gc,ref      ] GC(42) Soft: 6396 encountered, 0 discovered, 0 enqueued
[2026-04-03T01:39:17.801+0600][89.394s][info][gc,ref      ] GC(42) Weak: 17818 encountered, 8033 discovered, 2805 enqueued
[2026-04-03T01:39:17.801+0600][89.394s][info][gc,ref      ] GC(42) Final: 84 encountered, 0 discovered, 0 enqueued
[2026-04-03T01:39:17.801+0600][89.394s][info][gc,ref      ] GC(42) Phantom: 620 encountered, 549 discovered, 0 enqueued
[2026-04-03T01:39:17.801+0600][89.394s][info][gc,reloc    ] GC(42) Small Pages: 697 / 1394M, Empty: 658M, Relocated: 15M, In-Place: 0
[2026-04-03T01:39:17.801+0600][89.394s][info][gc,reloc    ] GC(42) Medium Pages: 8 / 256M, Empty: 224M, Relocated: 0M, In-Place: 0
[2026-04-03T01:39:17.801+0600][89.394s][info][gc,reloc    ] GC(42) Large Pages: 161 / 966M, Empty: 966M, Relocated: 0M, In-Place: 0
[2026-04-03T01:39:17.801+0600][89.394s][info][gc,reloc    ] GC(42) Forwarding Usage: 3M
[2026-04-03T01:39:17.801+0600][89.394s][info][gc,heap     ] GC(42) Min Capacity: 8M(0%)
[2026-04-03T01:39:17.801+0600][89.394s][info][gc,heap     ] GC(42) Max Capacity: 3922M(100%)
[2026-04-03T01:39:17.801+0600][89.394s][info][gc,heap     ] GC(42) Soft Max Capacity: 3922M(100%)
[2026-04-03T01:39:17.801+0600][89.394s][info][gc,heap     ] GC(42)                Mark Start          Mark End        Relocate Start      Relocate End           High               Low         
[2026-04-03T01:39:17.801+0600][89.394s][info][gc,heap     ] GC(42)  Capacity:     3922M (100%)       3922M (100%)       3922M (100%)       3922M (100%)       3922M (100%)       3922M (100%)   
[2026-04-03T01:39:17.801+0600][89.394s][info][gc,heap     ] GC(42)      Free:     1306M (33%)        1200M (31%)        3036M (77%)        3640M (93%)        3644M (93%)        1190M (30%)    
[2026-04-03T01:39:17.801+0600][89.394s][info][gc,heap     ] GC(42)      Used:     2616M (67%)        2722M (69%)         886M (23%)         282M (7%)         2732M (70%)         278M (7%)     
[2026-04-03T01:39:17.801+0600][89.394s][info][gc,heap     ] GC(42)      Live:         -               114M (3%)          114M (3%)          114M (3%)             -                  -          
[2026-04-03T01:39:17.801+0600][89.394s][info][gc,heap     ] GC(42) Allocated:         -               106M (3%)          118M (3%)          129M (3%)             -                  -          
[2026-04-03T01:39:17.801+0600][89.394s][info][gc,heap     ] GC(42)   Garbage:         -              2501M (64%)         653M (17%)          37M (1%)             -                  -          
[2026-04-03T01:39:17.801+0600][89.394s][info][gc,heap     ] GC(42) Reclaimed:         -                  -              1848M (47%)        2463M (63%)            -                  -          
[2026-04-03T01:39:17.801+0600][89.394s][info][gc          ] GC(42) Garbage Collection (Allocation Rate) 2616M(67%)->282M(7%)
[2026-04-03T01:39:18.546+0600][90.139s][info][gc,stats    ] === Garbage Collection Statistics =======================================================================================================================
[2026-04-03T01:39:18.546+0600][90.139s][info][gc,stats    ]                                                              Last 10s              Last 10m              Last 10h                Total
[2026-04-03T01:39:18.546+0600][90.139s][info][gc,stats    ]                                                              Avg / Max             Avg / Max             Avg / Max             Avg / Max
[2026-04-03T01:39:18.546+0600][90.139s][info][gc,stats    ]   Collector: Garbage Collection Cycle                    206.298 / 381.956     211.515 / 436.519     211.515 / 436.519     211.515 / 436.519     ms
[2026-04-03T01:39:18.546+0600][90.139s][info][gc,stats    ]  Contention: Mark Segment Reset Contention                     0 / 1                 2 / 76                2 / 76                2 / 76          ops/s
[2026-04-03T01:39:18.546+0600][90.139s][info][gc,stats    ]  Contention: Mark SeqNum Reset Contention                      0 / 0                 0 / 5                 0 / 5                 0 / 5           ops/s
[2026-04-03T01:39:18.546+0600][90.139s][info][gc,stats    ]    Critical: Allocation Stall                                  0 / 0                 0 / 0                 0 / 0                 0 / 0           ops/s
[2026-04-03T01:39:18.546+0600][90.139s][info][gc,stats    ]    Critical: Allocation Stall                              0.000 / 0.000         0.000 / 0.000         0.000 / 0.000         0.000 / 0.000       ms
[2026-04-03T01:39:18.546+0600][90.139s][info][gc,stats    ]    Critical: GC Locker Stall                                   0 / 1                 0 / 2                 0 / 2                 0 / 2           ops/s
[2026-04-03T01:39:18.546+0600][90.139s][info][gc,stats    ]    Critical: GC Locker Stall                               0.001 / 0.002         0.017 / 0.079         0.017 / 0.079         0.017 / 0.079       ms
[2026-04-03T01:39:18.546+0600][90.139s][info][gc,stats    ]    Critical: Relocation Stall                                  0 / 0                 0 / 0                 0 / 0                 0 / 0           ops/s
[2026-04-03T01:39:18.546+0600][90.139s][info][gc,stats    ]    Critical: Relocation Stall                              0.000 / 0.000         0.000 / 0.000         0.000 / 0.000         0.000 / 0.000       ms
[2026-04-03T01:39:18.546+0600][90.139s][info][gc,stats    ]      Memory: Allocation Rate                                1572 / 2172           1000 / 2172           1000 / 2172           1000 / 2172        MB/s
[2026-04-03T01:39:18.546+0600][90.139s][info][gc,stats    ]      Memory: Defragment                                        2 / 20               11 / 191              11 / 191              11 / 191         ops/s
[2026-04-03T01:39:18.546+0600][90.139s][info][gc,stats    ]      Memory: Out Of Memory                                     0 / 0                 0 / 0                 0 / 0                 0 / 0           ops/s
[2026-04-03T01:39:18.546+0600][90.139s][info][gc,stats    ]      Memory: Page Cache Flush                                 21 / 162              31 / 382              31 / 382              31 / 382         MB/s
[2026-04-03T01:39:18.546+0600][90.139s][info][gc,stats    ]      Memory: Page Cache Hit L1                               552 / 709             330 / 709             330 / 709             330 / 709         ops/s
[2026-04-03T01:39:18.546+0600][90.139s][info][gc,stats    ]      Memory: Page Cache Hit L2                                 0 / 0                 0 / 0                 0 / 0                 0 / 0           ops/s
[2026-04-03T01:39:18.546+0600][90.139s][info][gc,stats    ]      Memory: Page Cache Hit L3                                 6 / 22               12 / 138              12 / 138              12 / 138         ops/s
[2026-04-03T01:39:18.546+0600][90.139s][info][gc,stats    ]      Memory: Page Cache Miss                                   0 / 5                 6 / 158               6 / 158               6 / 158         ops/s
[2026-04-03T01:39:18.546+0600][90.139s][info][gc,stats    ]      Memory: Uncommit                                          0 / 0                 0 / 0                 0 / 0                 0 / 0           MB/s
[2026-04-03T01:39:18.546+0600][90.139s][info][gc,stats    ]      Memory: Undo Object Allocation Failed                     0 / 0                 0 / 1                 0 / 1                 0 / 1           ops/s
[2026-04-03T01:39:18.546+0600][90.139s][info][gc,stats    ]      Memory: Undo Object Allocation Succeeded                 37 / 232              20 / 753              20 / 753              20 / 753         ops/s
[2026-04-03T01:39:18.546+0600][90.139s][info][gc,stats    ]      Memory: Undo Page Allocation                              0 / 3                 0 / 10                0 / 10                0 / 10          ops/s
[2026-04-03T01:39:18.546+0600][90.139s][info][gc,stats    ]       Phase: Concurrent Mark                             160.281 / 291.932     155.702 / 318.001     155.702 / 318.001     155.702 / 318.001     ms
[2026-04-03T01:39:18.546+0600][90.139s][info][gc,stats    ]       Phase: Concurrent Mark Continue                      0.000 / 0.000         0.000 / 0.000         0.000 / 0.000         0.000 / 0.000       ms
[2026-04-03T01:39:18.546+0600][90.139s][info][gc,stats    ]       Phase: Concurrent Mark Free                          0.002 / 0.005         0.003 / 0.005         0.003 / 0.005         0.003 / 0.005       ms
[2026-04-03T01:39:18.546+0600][90.139s][info][gc,stats    ]       Phase: Concurrent Process Non-Strong References     29.609 / 67.102       30.571 / 82.934       30.571 / 82.934       30.571 / 82.934      ms
[2026-04-03T01:39:18.547+0600][90.139s][info][gc,stats    ]       Phase: Concurrent Relocate                          11.276 / 17.864       16.807 / 110.219      16.807 / 110.219      16.807 / 110.219     ms
[2026-04-03T01:39:18.547+0600][90.139s][info][gc,stats    ]       Phase: Concurrent Reset Relocation Set               0.026 / 0.036         0.033 / 0.093         0.033 / 0.093         0.033 / 0.093       ms
[2026-04-03T01:39:18.547+0600][90.139s][info][gc,stats    ]       Phase: Concurrent Select Relocation Set              3.439 / 4.467         4.908 / 11.507        4.908 / 11.507        4.908 / 11.507      ms
[2026-04-03T01:39:18.547+0600][90.139s][info][gc,stats    ]       Phase: Pause Mark End                                0.040 / 0.093         0.038 / 0.119         0.038 / 0.119         0.038 / 0.119       ms
[2026-04-03T01:39:18.547+0600][90.139s][info][gc,stats    ]       Phase: Pause Mark Start                              0.014 / 0.017         0.014 / 0.036         0.014 / 0.036         0.014 / 0.036       ms
[2026-04-03T01:39:18.547+0600][90.139s][info][gc,stats    ]       Phase: Pause Relocate Start                          0.014 / 0.016         0.018 / 0.045         0.018 / 0.045         0.018 / 0.045       ms
[2026-04-03T01:39:18.547+0600][90.139s][info][gc,stats    ]    Subphase: Concurrent Classes Purge                      0.118 / 0.168         0.386 / 2.630         0.386 / 2.630         0.386 / 2.630       ms
[2026-04-03T01:39:18.547+0600][90.139s][info][gc,stats    ]    Subphase: Concurrent Classes Unlink                    25.309 / 58.991       25.870 / 70.237       25.870 / 70.237       25.870 / 70.237      ms
[2026-04-03T01:39:18.547+0600][90.139s][info][gc,stats    ]    Subphase: Concurrent Mark                             142.100 / 288.526     134.788 / 312.165     134.788 / 312.165     134.788 / 312.165     ms
[2026-04-03T01:39:18.547+0600][90.139s][info][gc,stats    ]    Subphase: Concurrent Mark Try Flush                     0.307 / 1.318         0.458 / 4.676         0.458 / 4.676         0.458 / 4.676       ms
[2026-04-03T01:39:18.547+0600][90.139s][info][gc,stats    ]    Subphase: Concurrent Mark Try Terminate                 0.881 / 1.804         0.915 / 4.690         0.915 / 4.690         0.915 / 4.690       ms
[2026-04-03T01:39:18.547+0600][90.139s][info][gc,stats    ]    Subphase: Concurrent References Enqueue                 0.006 / 0.009         0.010 / 0.036         0.010 / 0.036         0.010 / 0.036       ms
[2026-04-03T01:39:18.547+0600][90.139s][info][gc,stats    ]    Subphase: Concurrent References Process                 1.082 / 1.835         1.068 / 2.868         1.068 / 2.868         1.068 / 2.868       ms
[2026-04-03T01:39:18.547+0600][90.139s][info][gc,stats    ]    Subphase: Concurrent Roots ClassLoaderDataGraph         0.539 / 1.171         0.499 / 3.026         0.499 / 3.026         0.499 / 3.026       ms
[2026-04-03T01:39:18.547+0600][90.139s][info][gc,stats    ]    Subphase: Concurrent Roots CodeCache                    0.000 / 0.000         0.000 / 0.000         0.000 / 0.000         0.000 / 0.000       ms
[2026-04-03T01:39:18.547+0600][90.140s][info][gc,stats    ]    Subphase: Concurrent Roots JavaThreads                  1.462 / 2.376         1.691 / 5.610         1.691 / 5.610         1.691 / 5.610       ms
[2026-04-03T01:39:18.547+0600][90.140s][info][gc,stats    ]    Subphase: Concurrent Roots OopStorageSet                0.143 / 0.236         0.145 / 0.878         0.145 / 0.878         0.145 / 0.878       ms
[2026-04-03T01:39:18.547+0600][90.140s][info][gc,stats    ]    Subphase: Concurrent Weak Roots OopStorageSet           1.981 / 5.909         1.749 / 5.909         1.749 / 5.909         1.749 / 5.909       ms
[2026-04-03T01:39:18.547+0600][90.140s][info][gc,stats    ]    Subphase: Pause Mark Try Complete                       0.000 / 0.000         0.000 / 0.000         0.000 / 0.000         0.000 / 0.000       ms
[2026-04-03T01:39:18.547+0600][90.140s][info][gc,stats    ]      System: Java Threads                                    281 / 281             241 / 287             241 / 287             241 / 287         threads
[2026-04-03T01:39:18.547+0600][90.140s][info][gc,stats    ] =========================================================================================================================================================
[2026-04-03T01:39:19.546+0600][91.139s][info][gc,start    ] GC(43) Garbage Collection (Allocation Rate)
[2026-04-03T01:39:19.546+0600][91.139s][info][gc,task     ] GC(43) Using 2 workers
[2026-04-03T01:39:19.546+0600][91.139s][info][gc,phases   ] GC(43) Pause Mark Start 0.013ms
[2026-04-03T01:39:19.723+0600][91.316s][info][gc,phases   ] GC(43) Concurrent Mark 176.886ms
[2026-04-03T01:39:19.724+0600][91.316s][info][gc,phases   ] GC(43) Pause Mark End 0.047ms
[2026-04-03T01:39:19.724+0600][91.316s][info][gc,phases   ] GC(43) Concurrent Mark Free 0.001ms
[2026-04-03T01:39:19.754+0600][91.347s][info][gc,phases   ] GC(43) Concurrent Process Non-Strong References 30.759ms
[2026-04-03T01:39:19.755+0600][91.347s][info][gc,phases   ] GC(43) Concurrent Reset Relocation Set 0.038ms
[2026-04-03T01:39:19.760+0600][91.353s][info][gc,phases   ] GC(43) Concurrent Select Relocation Set 5.423ms
[2026-04-03T01:39:19.760+0600][91.353s][info][gc,phases   ] GC(43) Pause Relocate Start 0.025ms
[2026-04-03T01:39:19.779+0600][91.371s][info][gc,phases   ] GC(43) Concurrent Relocate 18.081ms
[2026-04-03T01:39:19.779+0600][91.371s][info][gc,load     ] GC(43) Load: 7.71/9.11/8.01
[2026-04-03T01:39:19.779+0600][91.372s][info][gc,mmu      ] GC(43) MMU: 2ms/94.0%, 5ms/97.6%, 10ms/98.8%, 20ms/99.4%, 50ms/99.7%, 100ms/99.9%
[2026-04-03T01:39:19.779+0600][91.372s][info][gc,marking  ] GC(43) Mark: 2 stripe(s), 2 proactive flush(es), 1 terminate flush(es), 0 completion(s), 0 continuation(s) 
[2026-04-03T01:39:19.779+0600][91.372s][info][gc,marking  ] GC(43) Mark Stack Usage: 32M
[2026-04-03T01:39:19.779+0600][91.372s][info][gc,nmethod  ] GC(43) NMethods: 15238 registered, 2870 unregistered
[2026-04-03T01:39:19.779+0600][91.372s][info][gc,metaspace] GC(43) Metaspace: 129M used, 130M committed, 1152M reserved
[2026-04-03T01:39:19.779+0600][91.372s][info][gc,ref      ] GC(43) Soft: 6380 encountered, 0 discovered, 0 enqueued
[2026-04-03T01:39:19.779+0600][91.372s][info][gc,ref      ] GC(43) Weak: 17698 encountered, 9786 discovered, 2588 enqueued
[2026-04-03T01:39:19.779+0600][91.372s][info][gc,ref      ] GC(43) Final: 84 encountered, 0 discovered, 0 enqueued
[2026-04-03T01:39:19.779+0600][91.372s][info][gc,ref      ] GC(43) Phantom: 620 encountered, 387 discovered, 0 enqueued
[2026-04-03T01:39:19.779+0600][91.372s][info][gc,reloc    ] GC(43) Small Pages: 854 / 1708M, Empty: 786M, Relocated: 15M, In-Place: 0
[2026-04-03T01:39:19.779+0600][91.372s][info][gc,reloc    ] GC(43) Medium Pages: 9 / 288M, Empty: 256M, Relocated: 0M, In-Place: 0
[2026-04-03T01:39:19.779+0600][91.372s][info][gc,reloc    ] GC(43) Large Pages: 165 / 990M, Empty: 990M, Relocated: 0M, In-Place: 0
[2026-04-03T01:39:19.779+0600][91.372s][info][gc,reloc    ] GC(43) Forwarding Usage: 3M
[2026-04-03T01:39:19.779+0600][91.372s][info][gc,heap     ] GC(43) Min Capacity: 8M(0%)
[2026-04-03T01:39:19.779+0600][91.372s][info][gc,heap     ] GC(43) Max Capacity: 3922M(100%)
[2026-04-03T01:39:19.779+0600][91.372s][info][gc,heap     ] GC(43) Soft Max Capacity: 3922M(100%)
[2026-04-03T01:39:19.779+0600][91.372s][info][gc,heap     ] GC(43)                Mark Start          Mark End        Relocate Start      Relocate End           High               Low         
[2026-04-03T01:39:19.779+0600][91.372s][info][gc,heap     ] GC(43)  Capacity:     3922M (100%)       3922M (100%)       3922M (100%)       3922M (100%)       3922M (100%)       3922M (100%)   
[2026-04-03T01:39:19.779+0600][91.372s][info][gc,heap     ] GC(43)      Free:      936M (24%)         776M (20%)        2752M (70%)        3522M (90%)        3532M (90%)         758M (19%)    
[2026-04-03T01:39:19.779+0600][91.372s][info][gc,heap     ] GC(43)      Used:     2986M (76%)        3146M (80%)        1170M (30%)         400M (10%)        3164M (81%)         390M (10%)    
[2026-04-03T01:39:19.779+0600][91.372s][info][gc,heap     ] GC(43)      Live:         -               113M (3%)          113M (3%)          113M (3%)             -                  -          
[2026-04-03T01:39:19.779+0600][91.372s][info][gc,heap     ] GC(43) Allocated:         -               160M (4%)          216M (6%)          249M (6%)             -                  -          
[2026-04-03T01:39:19.779+0600][91.372s][info][gc,heap     ] GC(43)   Garbage:         -              2872M (73%)         840M (21%)          36M (1%)             -                  -          
[2026-04-03T01:39:19.779+0600][91.372s][info][gc,heap     ] GC(43) Reclaimed:         -                  -              2032M (52%)        2835M (72%)            -                  -          
[2026-04-03T01:39:19.779+0600][91.372s][info][gc          ] GC(43) Garbage Collection (Allocation Rate) 2986M(76%)->400M(10%)
[2026-04-03T01:39:21.446+0600][93.039s][info][gc,start    ] GC(44) Garbage Collection (Allocation Rate)
[2026-04-03T01:39:21.446+0600][93.039s][info][gc,task     ] GC(44) Using 1 workers
[2026-04-03T01:39:21.447+0600][93.039s][info][gc,phases   ] GC(44) Pause Mark Start 0.014ms
[2026-04-03T01:39:21.727+0600][93.320s][info][gc,phases   ] GC(44) Concurrent Mark 280.199ms
[2026-04-03T01:39:21.727+0600][93.320s][info][gc,phases   ] GC(44) Pause Mark End 0.022ms
[2026-04-03T01:39:21.727+0600][93.320s][info][gc,phases   ] GC(44) Concurrent Mark Free 0.002ms
[2026-04-03T01:39:21.767+0600][93.360s][info][gc,phases   ] GC(44) Concurrent Process Non-Strong References 39.576ms
[2026-04-03T01:39:21.767+0600][93.360s][info][gc,phases   ] GC(44) Concurrent Reset Relocation Set 0.020ms
[2026-04-03T01:39:21.770+0600][93.363s][info][gc,phases   ] GC(44) Concurrent Select Relocation Set 3.372ms
[2026-04-03T01:39:21.771+0600][93.363s][info][gc,phases   ] GC(44) Pause Relocate Start 0.012ms
[2026-04-03T01:39:21.788+0600][93.381s][info][gc,phases   ] GC(44) Concurrent Relocate 17.394ms
[2026-04-03T01:39:21.788+0600][93.381s][info][gc,load     ] GC(44) Load: 7.71/9.11/8.01
[2026-04-03T01:39:21.788+0600][93.381s][info][gc,mmu      ] GC(44) MMU: 2ms/94.0%, 5ms/97.6%, 10ms/98.8%, 20ms/99.4%, 50ms/99.7%, 100ms/99.9%
[2026-04-03T01:39:21.788+0600][93.381s][info][gc,marking  ] GC(44) Mark: 1 stripe(s), 2 proactive flush(es), 1 terminate flush(es), 0 completion(s), 0 continuation(s) 
[2026-04-03T01:39:21.788+0600][93.381s][info][gc,marking  ] GC(44) Mark Stack Usage: 32M
[2026-04-03T01:39:21.788+0600][93.381s][info][gc,nmethod  ] GC(44) NMethods: 15259 registered, 2886 unregistered
[2026-04-03T01:39:21.788+0600][93.381s][info][gc,metaspace] GC(44) Metaspace: 129M used, 130M committed, 1152M reserved
[2026-04-03T01:39:21.788+0600][93.381s][info][gc,ref      ] GC(44) Soft: 6388 encountered, 0 discovered, 0 enqueued
[2026-04-03T01:39:21.788+0600][93.381s][info][gc,ref      ] GC(44) Weak: 17888 encountered, 6301 discovered, 2599 enqueued
[2026-04-03T01:39:21.788+0600][93.381s][info][gc,ref      ] GC(44) Final: 84 encountered, 0 discovered, 0 enqueued
[2026-04-03T01:39:21.788+0600][93.381s][info][gc,ref      ] GC(44) Phantom: 620 encountered, 279 discovered, 0 enqueued
[2026-04-03T01:39:21.788+0600][93.381s][info][gc,reloc    ] GC(44) Small Pages: 1007 / 2014M, Empty: 972M, Relocated: 15M, In-Place: 0
[2026-04-03T01:39:21.788+0600][93.381s][info][gc,reloc    ] GC(44) Medium Pages: 10 / 320M, Empty: 288M, Relocated: 0M, In-Place: 0
[2026-04-03T01:39:21.788+0600][93.381s][info][gc,reloc    ] GC(44) Large Pages: 40 / 240M, Empty: 240M, Relocated: 0M, In-Place: 0
[2026-04-03T01:39:21.788+0600][93.381s][info][gc,reloc    ] GC(44) Forwarding Usage: 4M
[2026-04-03T01:39:21.788+0600][93.381s][info][gc,heap     ] GC(44) Min Capacity: 8M(0%)
[2026-04-03T01:39:21.788+0600][93.381s][info][gc,heap     ] GC(44) Max Capacity: 3922M(100%)
[2026-04-03T01:39:21.788+0600][93.381s][info][gc,heap     ] GC(44) Soft Max Capacity: 3922M(100%)
[2026-04-03T01:39:21.788+0600][93.381s][info][gc,heap     ] GC(44)                Mark Start          Mark End        Relocate Start      Relocate End           High               Low         
[2026-04-03T01:39:21.789+0600][93.381s][info][gc,heap     ] GC(44)  Capacity:     3922M (100%)       3922M (100%)       3922M (100%)       3922M (100%)       3922M (100%)       3922M (100%)   
[2026-04-03T01:39:21.789+0600][93.381s][info][gc,heap     ] GC(44)      Free:     1348M (34%)        1006M (26%)        2498M (64%)        3416M (87%)        3416M (87%)         998M (25%)    
[2026-04-03T01:39:21.789+0600][93.381s][info][gc,heap     ] GC(44)      Used:     2574M (66%)        2916M (74%)        1424M (36%)         506M (13%)        2924M (75%)         506M (13%)    
[2026-04-03T01:39:21.789+0600][93.381s][info][gc,heap     ] GC(44)      Live:         -               116M (3%)          116M (3%)          116M (3%)             -                  -          
[2026-04-03T01:39:21.789+0600][93.381s][info][gc,heap     ] GC(44) Allocated:         -               342M (9%)          350M (9%)          353M (9%)             -                  -          
[2026-04-03T01:39:21.789+0600][93.381s][info][gc,heap     ] GC(44)   Garbage:         -              2457M (63%)         957M (24%)          35M (1%)             -                  -          
[2026-04-03T01:39:21.789+0600][93.381s][info][gc,heap     ] GC(44) Reclaimed:         -                  -              1500M (38%)        2421M (62%)            -                  -          
[2026-04-03T01:39:21.789+0600][93.381s][info][gc          ] GC(44) Garbage Collection (Allocation Rate) 2574M(66%)->506M(13%)
[2026-04-03T01:39:22.246+0600][93.839s][info][gc,start    ] GC(45) Garbage Collection (Allocation Rate)
[2026-04-03T01:39:22.246+0600][93.839s][info][gc,task     ] GC(45) Using 2 workers
[2026-04-03T01:39:22.247+0600][93.840s][info][gc,phases   ] GC(45) Pause Mark Start 0.014ms
[2026-04-03T01:39:22.300+0600][93.892s][info][gc,phases   ] GC(45) Concurrent Mark 52.626ms
[2026-04-03T01:39:22.300+0600][93.893s][info][gc,phases   ] GC(45) Pause Mark End 0.018ms
[2026-04-03T01:39:22.300+0600][93.893s][info][gc,phases   ] GC(45) Concurrent Mark Free 0.001ms
[2026-04-03T01:39:22.320+0600][93.913s][info][gc,phases   ] GC(45) Concurrent Process Non-Strong References 19.933ms
[2026-04-03T01:39:22.320+0600][93.913s][info][gc,phases   ] GC(45) Concurrent Reset Relocation Set 0.027ms
[2026-04-03T01:39:22.323+0600][93.915s][info][gc,phases   ] GC(45) Concurrent Select Relocation Set 2.599ms
[2026-04-03T01:39:22.323+0600][93.916s][info][gc,phases   ] GC(45) Pause Relocate Start 0.012ms
[2026-04-03T01:39:22.330+0600][93.922s][info][gc,phases   ] GC(45) Concurrent Relocate 6.514ms
[2026-04-03T01:39:22.330+0600][93.922s][info][gc,load     ] GC(45) Load: 7.71/9.11/8.01
[2026-04-03T01:39:22.330+0600][93.922s][info][gc,mmu      ] GC(45) MMU: 2ms/94.0%, 5ms/97.6%, 10ms/98.8%, 20ms/99.4%, 50ms/99.7%, 100ms/99.9%
[2026-04-03T01:39:22.330+0600][93.922s][info][gc,marking  ] GC(45) Mark: 2 stripe(s), 2 proactive flush(es), 1 terminate flush(es), 0 completion(s), 0 continuation(s) 
[2026-04-03T01:39:22.330+0600][93.922s][info][gc,marking  ] GC(45) Mark Stack Usage: 32M
[2026-04-03T01:39:22.330+0600][93.922s][info][gc,nmethod  ] GC(45) NMethods: 15298 registered, 2934 unregistered
[2026-04-03T01:39:22.330+0600][93.922s][info][gc,metaspace] GC(45) Metaspace: 129M used, 131M committed, 1152M reserved
[2026-04-03T01:39:22.330+0600][93.922s][info][gc,ref      ] GC(45) Soft: 6382 encountered, 0 discovered, 0 enqueued
[2026-04-03T01:39:22.330+0600][93.922s][info][gc,ref      ] GC(45) Weak: 15395 encountered, 4777 discovered, 1146 enqueued
[2026-04-03T01:39:22.330+0600][93.922s][info][gc,ref      ] GC(45) Final: 84 encountered, 0 discovered, 0 enqueued
[2026-04-03T01:39:22.330+0600][93.922s][info][gc,ref      ] GC(45) Phantom: 601 encountered, 360 discovered, 0 enqueued
[2026-04-03T01:39:22.330+0600][93.922s][info][gc,reloc    ] GC(45) Small Pages: 226 / 452M, Empty: 214M, Relocated: 10M, In-Place: 0
[2026-04-03T01:39:22.330+0600][93.922s][info][gc,reloc    ] GC(45) Medium Pages: 3 / 96M, Empty: 64M, Relocated: 0M, In-Place: 0
[2026-04-03T01:39:22.330+0600][93.922s][info][gc,reloc    ] GC(45) Large Pages: 6 / 36M, Empty: 36M, Relocated: 0M, In-Place: 0
[2026-04-03T01:39:22.330+0600][93.922s][info][gc,reloc    ] GC(45) Forwarding Usage: 3M
[2026-04-03T01:39:22.330+0600][93.922s][info][gc,heap     ] GC(45) Min Capacity: 8M(0%)
[2026-04-03T01:39:22.330+0600][93.922s][info][gc,heap     ] GC(45) Max Capacity: 3922M(100%)
[2026-04-03T01:39:22.330+0600][93.922s][info][gc,heap     ] GC(45) Soft Max Capacity: 3922M(100%)
[2026-04-03T01:39:22.330+0600][93.922s][info][gc,heap     ] GC(45)                Mark Start          Mark End        Relocate Start      Relocate End           High               Low         
[2026-04-03T01:39:22.330+0600][93.922s][info][gc,heap     ] GC(45)  Capacity:     3922M (100%)       3922M (100%)       3922M (100%)       3922M (100%)       3922M (100%)       3922M (100%)   
[2026-04-03T01:39:22.330+0600][93.922s][info][gc,heap     ] GC(45)      Free:     3338M (85%)        3324M (85%)        3602M (92%)        3782M (96%)        3782M (96%)        3288M (84%)    
[2026-04-03T01:39:22.330+0600][93.922s][info][gc,heap     ] GC(45)      Used:      584M (15%)         598M (15%)         320M (8%)          140M (4%)          634M (16%)         140M (4%)     
[2026-04-03T01:39:22.330+0600][93.922s][info][gc,heap     ] GC(45)      Live:         -                57M (1%)           57M (1%)           57M (1%)             -                  -          
[2026-04-03T01:39:22.330+0600][93.922s][info][gc,heap     ] GC(45) Allocated:         -                14M (0%)           50M (1%)           49M (1%)             -                  -          
[2026-04-03T01:39:22.330+0600][93.922s][info][gc,heap     ] GC(45)   Garbage:         -               526M (13%)         212M (5%)           32M (1%)             -                  -          
[2026-04-03T01:39:22.330+0600][93.922s][info][gc,heap     ] GC(45) Reclaimed:         -                  -               314M (8%)          493M (13%)            -                  -          
[2026-04-03T01:39:22.330+0600][93.922s][info][gc          ] GC(45) Garbage Collection (Allocation Rate) 584M(15%)->140M(4%)
[2026-04-03T01:39:22.489+0600][94.082s][info][gc,heap,exit] Heap
[2026-04-03T01:39:22.489+0600][94.082s][info][gc,heap,exit]  ZHeap           used 142M, capacity 3922M, max capacity 3922M
[2026-04-03T01:39:22.489+0600][94.082s][info][gc,heap,exit]  Metaspace       used 132968K, committed 134336K, reserved 1179648K
[2026-04-03T01:39:22.489+0600][94.082s][info][gc,heap,exit]   class space    used 16830K, committed 17472K, reserved 1048576K
