[2026-04-03T01:28:30.275+0600][0.004s][info][gc,init] CardTable entry size: 512
[2026-04-03T01:28:30.275+0600][0.005s][info][gc     ] Using G1
[2026-04-03T01:28:30.278+0600][0.007s][info][gc,init] Version: 21.0.10+7-Ubuntu-124.04 (release)
[2026-04-03T01:28:30.278+0600][0.007s][info][gc,init] CPUs: 12 total, 12 available
[2026-04-03T01:28:30.278+0600][0.007s][info][gc,init] Memory: 15683M
[2026-04-03T01:28:30.278+0600][0.007s][info][gc,init] Large Page Support: Disabled
[2026-04-03T01:28:30.278+0600][0.007s][info][gc,init] NUMA Support: Disabled
[2026-04-03T01:28:30.278+0600][0.007s][info][gc,init] Compressed Oops: Enabled (Zero based)
[2026-04-03T01:28:30.278+0600][0.007s][info][gc,init] Heap Region Size: 2M
[2026-04-03T01:28:30.278+0600][0.007s][info][gc,init] Heap Min Capacity: 8M
[2026-04-03T01:28:30.278+0600][0.007s][info][gc,init] Heap Initial Capacity: 246M
[2026-04-03T01:28:30.278+0600][0.007s][info][gc,init] Heap Max Capacity: 3922M
[2026-04-03T01:28:30.278+0600][0.007s][info][gc,init] Pre-touch: Disabled
[2026-04-03T01:28:30.278+0600][0.007s][info][gc,init] Parallel Workers: 10
[2026-04-03T01:28:30.278+0600][0.007s][info][gc,init] Concurrent Workers: 3
[2026-04-03T01:28:30.278+0600][0.007s][info][gc,init] Concurrent Refinement Workers: 10
[2026-04-03T01:28:30.278+0600][0.007s][info][gc,init] Periodic GC: Disabled
[2026-04-03T01:28:30.289+0600][0.019s][info][gc,metaspace] CDS archive(s) mapped at: [0x00007b061f000000-0x00007b061fc9c000-0x00007b061fc9c000), size 13221888, SharedBaseAddress: 0x00007b061f000000, ArchiveRelocationMode: 1.
[2026-04-03T01:28:30.289+0600][0.019s][info][gc,metaspace] Compressed class space mapped at: 0x00007b0620000000-0x00007b0660000000, reserved size: 1073741824
[2026-04-03T01:28:30.289+0600][0.019s][info][gc,metaspace] Narrow klass base: 0x00007b061f000000, Narrow klass shift: 0, Narrow klass range: 0x100000000
[2026-04-03T01:28:30.649+0600][0.378s][info][gc,start    ] GC(0) Pause Young (Normal) (G1 Evacuation Pause)
[2026-04-03T01:28:30.650+0600][0.379s][info][gc,task     ] GC(0) Using 5 workers of 10 for evacuation
[2026-04-03T01:28:30.653+0600][0.382s][info][gc,phases   ] GC(0)   Pre Evacuate Collection Set: 0.28ms
[2026-04-03T01:28:30.653+0600][0.382s][info][gc,phases   ] GC(0)   Merge Heap Roots: 0.15ms
[2026-04-03T01:28:30.653+0600][0.382s][info][gc,phases   ] GC(0)   Evacuate Collection Set: 1.92ms
[2026-04-03T01:28:30.653+0600][0.382s][info][gc,phases   ] GC(0)   Post Evacuate Collection Set: 0.27ms
[2026-04-03T01:28:30.653+0600][0.382s][info][gc,phases   ] GC(0)   Other: 1.10ms
[2026-04-03T01:28:30.653+0600][0.382s][info][gc,heap     ] GC(0) Eden regions: 11->0(22)
[2026-04-03T01:28:30.653+0600][0.382s][info][gc,heap     ] GC(0) Survivor regions: 0->2(2)
[2026-04-03T01:28:30.653+0600][0.382s][info][gc,heap     ] GC(0) Old regions: 1->1
[2026-04-03T01:28:30.653+0600][0.382s][info][gc,heap     ] GC(0) Humongous regions: 0->0
[2026-04-03T01:28:30.653+0600][0.382s][info][gc,metaspace] GC(0) Metaspace: 2523K(2688K)->2523K(2688K) NonClass: 2295K(2368K)->2295K(2368K) Class: 228K(320K)->228K(320K)
[2026-04-03T01:28:30.653+0600][0.382s][info][gc          ] GC(0) Pause Young (Normal) (G1 Evacuation Pause) 23M->3M(248M) 4.040ms
[2026-04-03T01:28:30.653+0600][0.382s][info][gc,cpu      ] GC(0) User=0.01s Sys=0.00s Real=0.01s
[2026-04-03T01:28:30.793+0600][0.523s][info][gc,start    ] GC(1) Pause Young (Normal) (G1 Evacuation Pause)
[2026-04-03T01:28:30.793+0600][0.523s][info][gc,task     ] GC(1) Using 5 workers of 10 for evacuation
[2026-04-03T01:28:30.796+0600][0.526s][info][gc,phases   ] GC(1)   Pre Evacuate Collection Set: 0.24ms
[2026-04-03T01:28:30.796+0600][0.526s][info][gc,phases   ] GC(1)   Merge Heap Roots: 0.07ms
[2026-04-03T01:28:30.796+0600][0.526s][info][gc,phases   ] GC(1)   Evacuate Collection Set: 2.00ms
[2026-04-03T01:28:30.796+0600][0.526s][info][gc,phases   ] GC(1)   Post Evacuate Collection Set: 0.50ms
[2026-04-03T01:28:30.796+0600][0.526s][info][gc,phases   ] GC(1)   Other: 0.09ms
[2026-04-03T01:28:30.796+0600][0.526s][info][gc,heap     ] GC(1) Eden regions: 22->0(71)
[2026-04-03T01:28:30.796+0600][0.526s][info][gc,heap     ] GC(1) Survivor regions: 2->2(3)
[2026-04-03T01:28:30.796+0600][0.526s][info][gc,heap     ] GC(1) Old regions: 1->1
[2026-04-03T01:28:30.796+0600][0.526s][info][gc,heap     ] GC(1) Humongous regions: 0->0
[2026-04-03T01:28:30.796+0600][0.526s][info][gc,metaspace] GC(1) Metaspace: 3808K(3968K)->3808K(3968K) NonClass: 3375K(3456K)->3375K(3456K) Class: 432K(512K)->432K(512K)
[2026-04-03T01:28:30.796+0600][0.526s][info][gc          ] GC(1) Pause Young (Normal) (G1 Evacuation Pause) 47M->3M(248M) 3.208ms
[2026-04-03T01:28:30.796+0600][0.526s][info][gc,cpu      ] GC(1) User=0.00s Sys=0.00s Real=0.00s
[2026-04-03T01:28:31.603+0600][1.332s][info][gc,start    ] GC(2) Pause Young (Normal) (G1 Evacuation Pause)
[2026-04-03T01:28:31.603+0600][1.333s][info][gc,task     ] GC(2) Using 5 workers of 10 for evacuation
[2026-04-03T01:28:31.607+0600][1.336s][info][gc,phases   ] GC(2)   Pre Evacuate Collection Set: 0.27ms
[2026-04-03T01:28:31.607+0600][1.336s][info][gc,phases   ] GC(2)   Merge Heap Roots: 0.07ms
[2026-04-03T01:28:31.607+0600][1.336s][info][gc,phases   ] GC(2)   Evacuate Collection Set: 2.64ms
[2026-04-03T01:28:31.607+0600][1.336s][info][gc,phases   ] GC(2)   Post Evacuate Collection Set: 0.59ms
[2026-04-03T01:28:31.607+0600][1.336s][info][gc,phases   ] GC(2)   Other: 0.11ms
[2026-04-03T01:28:31.607+0600][1.336s][info][gc,heap     ] GC(2) Eden regions: 71->0(70)
[2026-04-03T01:28:31.607+0600][1.336s][info][gc,heap     ] GC(2) Survivor regions: 2->3(10)
[2026-04-03T01:28:31.607+0600][1.336s][info][gc,heap     ] GC(2) Old regions: 1->1
[2026-04-03T01:28:31.607+0600][1.336s][info][gc,heap     ] GC(2) Humongous regions: 0->0
[2026-04-03T01:28:31.607+0600][1.336s][info][gc,metaspace] GC(2) Metaspace: 10130K(10368K)->10130K(10368K) NonClass: 8812K(8960K)->8812K(8960K) Class: 1318K(1408K)->1318K(1408K)
[2026-04-03T01:28:31.607+0600][1.336s][info][gc          ] GC(2) Pause Young (Normal) (G1 Evacuation Pause) 145M->5M(248M) 3.941ms
[2026-04-03T01:28:31.607+0600][1.336s][info][gc,cpu      ] GC(2) User=0.02s Sys=0.00s Real=0.00s
[2026-04-03T01:28:32.101+0600][1.830s][info][gc,start    ] GC(3) Pause Full (System.gc())
[2026-04-03T01:28:32.101+0600][1.830s][info][gc,task     ] GC(3) Using 5 workers of 10 for full compaction
[2026-04-03T01:28:32.101+0600][1.830s][info][gc,phases,start] GC(3) Phase 1: Mark live objects
[2026-04-03T01:28:32.106+0600][1.836s][info][gc,phases      ] GC(3) Phase 1: Mark live objects 5.197ms
[2026-04-03T01:28:32.106+0600][1.836s][info][gc,phases,start] GC(3) Phase 2: Prepare compaction
[2026-04-03T01:28:32.108+0600][1.837s][info][gc,phases      ] GC(3) Phase 2: Prepare compaction 1.635ms
[2026-04-03T01:28:32.108+0600][1.837s][info][gc,phases,start] GC(3) Phase 3: Adjust pointers
[2026-04-03T01:28:32.110+0600][1.839s][info][gc,phases      ] GC(3) Phase 3: Adjust pointers 1.732ms
[2026-04-03T01:28:32.110+0600][1.839s][info][gc,phases,start] GC(3) Phase 4: Compact heap
[2026-04-03T01:28:32.112+0600][1.842s][info][gc,phases      ] GC(3) Phase 4: Compact heap 2.409ms
[2026-04-03T01:28:32.112+0600][1.842s][info][gc,phases,start] GC(3) Phase 5: Reset Metadata
[2026-04-03T01:28:32.113+0600][1.843s][info][gc,phases      ] GC(3) Phase 5: Reset Metadata 0.930ms
[2026-04-03T01:28:32.116+0600][1.845s][info][gc,heap        ] GC(3) Eden regions: 43->0(11)
[2026-04-03T01:28:32.116+0600][1.845s][info][gc,heap        ] GC(3) Survivor regions: 3->0(10)
[2026-04-03T01:28:32.116+0600][1.846s][info][gc,heap        ] GC(3) Old regions: 1->6
[2026-04-03T01:28:32.116+0600][1.846s][info][gc,heap        ] GC(3) Humongous regions: 0->0
[2026-04-03T01:28:32.116+0600][1.846s][info][gc,metaspace   ] GC(3) Metaspace: 12775K(12992K)->12775K(12992K) NonClass: 11082K(11200K)->11082K(11200K) Class: 1692K(1792K)->1692K(1792K)
[2026-04-03T01:28:32.116+0600][1.846s][info][gc             ] GC(3) Pause Full (System.gc()) 90M->5M(40M) 15.491ms
[2026-04-03T01:28:32.116+0600][1.846s][info][gc,cpu         ] GC(3) User=0.05s Sys=0.01s Real=0.01s
[2026-04-03T01:28:32.288+0600][2.018s][info][gc,start       ] GC(4) Pause Young (Normal) (G1 Evacuation Pause)
[2026-04-03T01:28:32.289+0600][2.018s][info][gc,task        ] GC(4) Using 3 workers of 10 for evacuation
[2026-04-03T01:28:32.291+0600][2.021s][info][gc,phases      ] GC(4)   Pre Evacuate Collection Set: 0.25ms
[2026-04-03T01:28:32.291+0600][2.021s][info][gc,phases      ] GC(4)   Merge Heap Roots: 0.15ms
[2026-04-03T01:28:32.291+0600][2.021s][info][gc,phases      ] GC(4)   Evacuate Collection Set: 1.69ms
[2026-04-03T01:28:32.291+0600][2.021s][info][gc,phases      ] GC(4)   Post Evacuate Collection Set: 0.59ms
[2026-04-03T01:28:32.291+0600][2.021s][info][gc,phases      ] GC(4)   Other: 0.07ms
[2026-04-03T01:28:32.291+0600][2.021s][info][gc,heap        ] GC(4) Eden regions: 11->0(10)
[2026-04-03T01:28:32.291+0600][2.021s][info][gc,heap        ] GC(4) Survivor regions: 0->1(2)
[2026-04-03T01:28:32.291+0600][2.021s][info][gc,heap        ] GC(4) Old regions: 6->6
[2026-04-03T01:28:32.291+0600][2.021s][info][gc,heap        ] GC(4) Humongous regions: 0->0
[2026-04-03T01:28:32.291+0600][2.021s][info][gc,metaspace   ] GC(4) Metaspace: 15065K(15296K)->15065K(15296K) NonClass: 13134K(13248K)->13134K(13248K) Class: 1930K(2048K)->1930K(2048K)
[2026-04-03T01:28:32.291+0600][2.021s][info][gc             ] GC(4) Pause Young (Normal) (G1 Evacuation Pause) 27M->6M(40M) 3.008ms
[2026-04-03T01:28:32.291+0600][2.021s][info][gc,cpu         ] GC(4) User=0.01s Sys=0.00s Real=0.01s
[2026-04-03T01:28:32.603+0600][2.332s][info][gc,start       ] GC(5) Pause Young (Normal) (G1 Evacuation Pause)
[2026-04-03T01:28:32.603+0600][2.332s][info][gc,task        ] GC(5) Using 2 workers of 10 for evacuation
[2026-04-03T01:28:32.606+0600][2.335s][info][gc,phases      ] GC(5)   Pre Evacuate Collection Set: 0.25ms
[2026-04-03T01:28:32.606+0600][2.335s][info][gc,phases      ] GC(5)   Merge Heap Roots: 0.15ms
[2026-04-03T01:28:32.606+0600][2.335s][info][gc,phases      ] GC(5)   Evacuate Collection Set: 2.00ms
[2026-04-03T01:28:32.606+0600][2.335s][info][gc,phases      ] GC(5)   Post Evacuate Collection Set: 0.51ms
[2026-04-03T01:28:32.606+0600][2.335s][info][gc,phases      ] GC(5)   Other: 0.07ms
[2026-04-03T01:28:32.606+0600][2.335s][info][gc,heap        ] GC(5) Eden regions: 10->0(9)
[2026-04-03T01:28:32.606+0600][2.335s][info][gc,heap        ] GC(5) Survivor regions: 1->2(2)
[2026-04-03T01:28:32.606+0600][2.335s][info][gc,heap        ] GC(5) Old regions: 6->6
[2026-04-03T01:28:32.606+0600][2.335s][info][gc,heap        ] GC(5) Humongous regions: 0->0
[2026-04-03T01:28:32.606+0600][2.335s][info][gc,metaspace   ] GC(5) Metaspace: 17470K(17728K)->17470K(17728K) NonClass: 15280K(15424K)->15280K(15424K) Class: 2189K(2304K)->2189K(2304K)
[2026-04-03T01:28:32.606+0600][2.335s][info][gc             ] GC(5) Pause Young (Normal) (G1 Evacuation Pause) 26M->8M(40M) 3.239ms
[2026-04-03T01:28:32.606+0600][2.335s][info][gc,cpu         ] GC(5) User=0.01s Sys=0.00s Real=0.00s
[2026-04-03T01:28:32.697+0600][2.427s][info][gc,start       ] GC(6) Pause Young (Normal) (G1 Evacuation Pause)
[2026-04-03T01:28:32.697+0600][2.427s][info][gc,task        ] GC(6) Using 2 workers of 10 for evacuation
[2026-04-03T01:28:32.701+0600][2.430s][info][gc,phases      ] GC(6)   Pre Evacuate Collection Set: 0.20ms
[2026-04-03T01:28:32.701+0600][2.430s][info][gc,phases      ] GC(6)   Merge Heap Roots: 0.10ms
[2026-04-03T01:28:32.701+0600][2.430s][info][gc,phases      ] GC(6)   Evacuate Collection Set: 2.41ms
[2026-04-03T01:28:32.701+0600][2.430s][info][gc,phases      ] GC(6)   Post Evacuate Collection Set: 0.57ms
[2026-04-03T01:28:32.701+0600][2.430s][info][gc,phases      ] GC(6)   Other: 0.06ms
[2026-04-03T01:28:32.701+0600][2.430s][info][gc,heap        ] GC(6) Eden regions: 9->0(9)
[2026-04-03T01:28:32.701+0600][2.430s][info][gc,heap        ] GC(6) Survivor regions: 2->1(2)
[2026-04-03T01:28:32.701+0600][2.430s][info][gc,heap        ] GC(6) Old regions: 6->7
[2026-04-03T01:28:32.701+0600][2.430s][info][gc,heap        ] GC(6) Humongous regions: 0->0
[2026-04-03T01:28:32.701+0600][2.430s][info][gc,metaspace   ] GC(6) Metaspace: 19588K(19840K)->19588K(19840K) NonClass: 17142K(17280K)->17142K(17280K) Class: 2445K(2560K)->2445K(2560K)
[2026-04-03T01:28:32.701+0600][2.430s][info][gc             ] GC(6) Pause Young (Normal) (G1 Evacuation Pause) 26M->8M(40M) 3.624ms
[2026-04-03T01:28:32.701+0600][2.430s][info][gc,cpu         ] GC(6) User=0.00s Sys=0.01s Real=0.01s
[2026-04-03T01:28:32.791+0600][2.521s][info][gc,start       ] GC(7) Pause Young (Concurrent Start) (Metadata GC Threshold)
[2026-04-03T01:28:32.791+0600][2.521s][info][gc,task        ] GC(7) Using 2 workers of 10 for evacuation
[2026-04-03T01:28:32.795+0600][2.524s][info][gc,phases      ] GC(7)   Pre Evacuate Collection Set: 0.20ms
[2026-04-03T01:28:32.795+0600][2.524s][info][gc,phases      ] GC(7)   Merge Heap Roots: 0.16ms
[2026-04-03T01:28:32.795+0600][2.524s][info][gc,phases      ] GC(7)   Evacuate Collection Set: 1.62ms
[2026-04-03T01:28:32.795+0600][2.524s][info][gc,phases      ] GC(7)   Post Evacuate Collection Set: 1.14ms
[2026-04-03T01:28:32.795+0600][2.524s][info][gc,phases      ] GC(7)   Other: 0.20ms
[2026-04-03T01:28:32.795+0600][2.524s][info][gc,heap        ] GC(7) Eden regions: 6->0(41)
[2026-04-03T01:28:32.795+0600][2.524s][info][gc,heap        ] GC(7) Survivor regions: 1->2(2)
[2026-04-03T01:28:32.795+0600][2.524s][info][gc,heap        ] GC(7) Old regions: 7->7
[2026-04-03T01:28:32.795+0600][2.524s][info][gc,heap        ] GC(7) Humongous regions: 0->0
[2026-04-03T01:28:32.795+0600][2.524s][info][gc,metaspace   ] GC(7) Metaspace: 21215K(21504K)->21215K(21504K) NonClass: 18569K(18688K)->18569K(18688K) Class: 2646K(2816K)->2646K(2816K)
[2026-04-03T01:28:32.795+0600][2.524s][info][gc             ] GC(7) Pause Young (Concurrent Start) (Metadata GC Threshold) 19M->8M(144M) 3.573ms
[2026-04-03T01:28:32.795+0600][2.524s][info][gc,cpu         ] GC(7) User=0.00s Sys=0.00s Real=0.00s
[2026-04-03T01:28:32.795+0600][2.524s][info][gc             ] GC(8) Concurrent Mark Cycle
[2026-04-03T01:28:32.795+0600][2.525s][info][gc,marking     ] GC(8) Concurrent Scan Root Regions
[2026-04-03T01:28:32.796+0600][2.526s][info][gc,marking     ] GC(8) Concurrent Scan Root Regions 1.215ms
[2026-04-03T01:28:32.796+0600][2.526s][info][gc,marking     ] GC(8) Concurrent Mark
[2026-04-03T01:28:32.796+0600][2.526s][info][gc,marking     ] GC(8) Concurrent Mark From Roots
[2026-04-03T01:28:32.796+0600][2.526s][info][gc,task        ] GC(8) Using 3 workers of 3 for marking
[2026-04-03T01:28:32.801+0600][2.530s][info][gc,marking     ] GC(8) Concurrent Mark From Roots 4.671ms
[2026-04-03T01:28:32.801+0600][2.530s][info][gc,marking     ] GC(8) Concurrent Preclean
[2026-04-03T01:28:32.801+0600][2.531s][info][gc,marking     ] GC(8) Concurrent Preclean 0.043ms
[2026-04-03T01:28:32.801+0600][2.531s][info][gc,start       ] GC(8) Pause Remark
[2026-04-03T01:28:32.804+0600][2.534s][info][gc             ] GC(8) Pause Remark 9M->9M(60M) 3.109ms
[2026-04-03T01:28:32.804+0600][2.534s][info][gc,cpu         ] GC(8) User=0.01s Sys=0.00s Real=0.00s
[2026-04-03T01:28:32.804+0600][2.534s][info][gc,marking     ] GC(8) Concurrent Mark 8.134ms
[2026-04-03T01:28:32.804+0600][2.534s][info][gc,marking     ] GC(8) Concurrent Rebuild Remembered Sets and Scrub Regions
[2026-04-03T01:28:32.807+0600][2.536s][info][gc,marking     ] GC(8) Concurrent Rebuild Remembered Sets and Scrub Regions 2.190ms
[2026-04-03T01:28:32.807+0600][2.536s][info][gc,start       ] GC(8) Pause Cleanup
[2026-04-03T01:28:32.807+0600][2.536s][info][gc             ] GC(8) Pause Cleanup 9M->9M(60M) 0.101ms
[2026-04-03T01:28:32.807+0600][2.536s][info][gc,cpu         ] GC(8) User=0.00s Sys=0.00s Real=0.00s
[2026-04-03T01:28:32.807+0600][2.536s][info][gc,marking     ] GC(8) Concurrent Clear Claimed Marks
[2026-04-03T01:28:32.807+0600][2.537s][info][gc,marking     ] GC(8) Concurrent Clear Claimed Marks 0.037ms
[2026-04-03T01:28:32.807+0600][2.537s][info][gc,marking     ] GC(8) Concurrent Cleanup for Next Mark
[2026-04-03T01:28:32.808+0600][2.537s][info][gc,marking     ] GC(8) Concurrent Cleanup for Next Mark 0.484ms
[2026-04-03T01:28:32.808+0600][2.537s][info][gc             ] GC(8) Concurrent Mark Cycle 12.613ms
[2026-04-03T01:28:33.247+0600][2.977s][info][gc,start       ] GC(9) Pause Young (Prepare Mixed) (G1 Evacuation Pause)
[2026-04-03T01:28:33.247+0600][2.977s][info][gc,task        ] GC(9) Using 2 workers of 10 for evacuation
[2026-04-03T01:28:33.264+0600][2.993s][info][gc,phases      ] GC(9)   Pre Evacuate Collection Set: 0.14ms
[2026-04-03T01:28:33.264+0600][2.993s][info][gc,phases      ] GC(9)   Merge Heap Roots: 0.12ms
[2026-04-03T01:28:33.264+0600][2.993s][info][gc,phases      ] GC(9)   Evacuate Collection Set: 15.19ms
[2026-04-03T01:28:33.264+0600][2.993s][info][gc,phases      ] GC(9)   Post Evacuate Collection Set: 0.78ms
[2026-04-03T01:28:33.264+0600][2.993s][info][gc,phases      ] GC(9)   Other: 0.06ms
[2026-04-03T01:28:33.264+0600][2.993s][info][gc,heap        ] GC(9) Eden regions: 21->0(16)
[2026-04-03T01:28:33.264+0600][2.993s][info][gc,heap        ] GC(9) Survivor regions: 2->6(6)
[2026-04-03T01:28:33.264+0600][2.993s][info][gc,heap        ] GC(9) Old regions: 7->8
[2026-04-03T01:28:33.264+0600][2.993s][info][gc,heap        ] GC(9) Humongous regions: 0->0
[2026-04-03T01:28:33.264+0600][2.993s][info][gc,metaspace   ] GC(9) Metaspace: 25157K(25408K)->25157K(25408K) NonClass: 22020K(22144K)->22020K(22144K) Class: 3137K(3264K)->3137K(3264K)
[2026-04-03T01:28:33.264+0600][2.993s][info][gc             ] GC(9) Pause Young (Prepare Mixed) (G1 Evacuation Pause) 50M->19M(74M) 16.516ms
[2026-04-03T01:28:33.264+0600][2.993s][info][gc,cpu         ] GC(9) User=0.03s Sys=0.01s Real=0.02s
[2026-04-03T01:28:33.654+0600][3.383s][info][gc,start       ] GC(10) Pause Young (Mixed) (G1 Evacuation Pause)
[2026-04-03T01:28:33.654+0600][3.383s][info][gc,task        ] GC(10) Using 2 workers of 10 for evacuation
[2026-04-03T01:28:33.667+0600][3.397s][info][gc,phases      ] GC(10)   Pre Evacuate Collection Set: 0.21ms
[2026-04-03T01:28:33.668+0600][3.397s][info][gc,phases      ] GC(10)   Merge Heap Roots: 0.08ms
[2026-04-03T01:28:33.668+0600][3.397s][info][gc,phases      ] GC(10)   Evacuate Collection Set: 12.54ms
[2026-04-03T01:28:33.668+0600][3.397s][info][gc,phases      ] GC(10)   Post Evacuate Collection Set: 0.92ms
[2026-04-03T01:28:33.668+0600][3.397s][info][gc,phases      ] GC(10)   Other: 0.06ms
[2026-04-03T01:28:33.668+0600][3.397s][info][gc,heap        ] GC(10) Eden regions: 16->0(18)
[2026-04-03T01:28:33.668+0600][3.397s][info][gc,heap        ] GC(10) Survivor regions: 6->2(3)
[2026-04-03T01:28:33.668+0600][3.397s][info][gc,heap        ] GC(10) Old regions: 8->11
[2026-04-03T01:28:33.668+0600][3.397s][info][gc,heap        ] GC(10) Humongous regions: 0->0
[2026-04-03T01:28:33.668+0600][3.397s][info][gc,metaspace   ] GC(10) Metaspace: 30609K(30912K)->30609K(30912K) NonClass: 26959K(27136K)->26959K(27136K) Class: 3650K(3776K)->3650K(3776K)
[2026-04-03T01:28:33.668+0600][3.397s][info][gc             ] GC(10) Pause Young (Mixed) (G1 Evacuation Pause) 51M->21M(76M) 14.035ms
[2026-04-03T01:28:33.668+0600][3.397s][info][gc,cpu         ] GC(10) User=0.03s Sys=0.00s Real=0.01s
[2026-04-03T01:28:34.237+0600][3.966s][info][gc,start       ] GC(11) Pause Young (Normal) (G1 Evacuation Pause)
[2026-04-03T01:28:34.237+0600][3.966s][info][gc,task        ] GC(11) Using 2 workers of 10 for evacuation
[2026-04-03T01:28:34.246+0600][3.975s][info][gc,phases      ] GC(11)   Pre Evacuate Collection Set: 0.26ms
[2026-04-03T01:28:34.246+0600][3.975s][info][gc,phases      ] GC(11)   Merge Heap Roots: 0.15ms
[2026-04-03T01:28:34.246+0600][3.975s][info][gc,phases      ] GC(11)   Evacuate Collection Set: 7.58ms
[2026-04-03T01:28:34.246+0600][3.975s][info][gc,phases      ] GC(11)   Post Evacuate Collection Set: 0.92ms
[2026-04-03T01:28:34.246+0600][3.975s][info][gc,phases      ] GC(11)   Other: 0.09ms
[2026-04-03T01:28:34.246+0600][3.975s][info][gc,heap        ] GC(11) Eden regions: 18->0(18)
[2026-04-03T01:28:34.246+0600][3.975s][info][gc,heap        ] GC(11) Survivor regions: 2->3(3)
[2026-04-03T01:28:34.246+0600][3.975s][info][gc,heap        ] GC(11) Old regions: 11->11
[2026-04-03T01:28:34.246+0600][3.975s][info][gc,heap        ] GC(11) Humongous regions: 0->0
[2026-04-03T01:28:34.246+0600][3.975s][info][gc,metaspace   ] GC(11) Metaspace: 34250K(34560K)->34250K(34560K) NonClass: 30224K(30400K)->30224K(30400K) Class: 4025K(4160K)->4025K(4160K)
[2026-04-03T01:28:34.246+0600][3.976s][info][gc             ] GC(11) Pause Young (Normal) (G1 Evacuation Pause) 57M->23M(76M) 9.367ms
[2026-04-03T01:28:34.246+0600][3.976s][info][gc,cpu         ] GC(11) User=0.03s Sys=0.00s Real=0.01s
[2026-04-03T01:28:34.399+0600][4.128s][info][gc,start       ] GC(12) Pause Young (Concurrent Start) (Metadata GC Threshold)
[2026-04-03T01:28:34.399+0600][4.129s][info][gc,task        ] GC(12) Using 2 workers of 10 for evacuation
[2026-04-03T01:28:34.410+0600][4.139s][info][gc,phases      ] GC(12)   Pre Evacuate Collection Set: 0.39ms
[2026-04-03T01:28:34.410+0600][4.139s][info][gc,phases      ] GC(12)   Merge Heap Roots: 0.21ms
[2026-04-03T01:28:34.410+0600][4.139s][info][gc,phases      ] GC(12)   Evacuate Collection Set: 9.22ms
[2026-04-03T01:28:34.410+0600][4.139s][info][gc,phases      ] GC(12)   Post Evacuate Collection Set: 0.70ms
[2026-04-03T01:28:34.410+0600][4.139s][info][gc,phases      ] GC(12)   Other: 0.21ms
[2026-04-03T01:28:34.410+0600][4.139s][info][gc,heap        ] GC(12) Eden regions: 9->0(26)
[2026-04-03T01:28:34.410+0600][4.139s][info][gc,heap        ] GC(12) Survivor regions: 3->2(3)
[2026-04-03T01:28:34.410+0600][4.139s][info][gc,heap        ] GC(12) Old regions: 11->12
[2026-04-03T01:28:34.410+0600][4.139s][info][gc,heap        ] GC(12) Humongous regions: 0->0
[2026-04-03T01:28:34.410+0600][4.139s][info][gc,metaspace   ] GC(12) Metaspace: 35665K(35968K)->35665K(35968K) NonClass: 31441K(31616K)->31441K(31616K) Class: 4223K(4352K)->4223K(4352K)
[2026-04-03T01:28:34.410+0600][4.139s][info][gc             ] GC(12) Pause Young (Concurrent Start) (Metadata GC Threshold) 41M->24M(94M) 10.937ms
[2026-04-03T01:28:34.410+0600][4.139s][info][gc,cpu         ] GC(12) User=0.01s Sys=0.00s Real=0.02s
[2026-04-03T01:28:34.410+0600][4.139s][info][gc             ] GC(13) Concurrent Mark Cycle
[2026-04-03T01:28:34.410+0600][4.140s][info][gc,marking     ] GC(13) Concurrent Scan Root Regions
[2026-04-03T01:28:34.412+0600][4.141s][info][gc,marking     ] GC(13) Concurrent Scan Root Regions 1.926ms
[2026-04-03T01:28:34.412+0600][4.141s][info][gc,marking     ] GC(13) Concurrent Mark
[2026-04-03T01:28:34.412+0600][4.141s][info][gc,marking     ] GC(13) Concurrent Mark From Roots
[2026-04-03T01:28:34.412+0600][4.141s][info][gc,task        ] GC(13) Using 3 workers of 3 for marking
[2026-04-03T01:28:34.421+0600][4.150s][info][gc,marking     ] GC(13) Concurrent Mark From Roots 8.594ms
[2026-04-03T01:28:34.421+0600][4.150s][info][gc,marking     ] GC(13) Concurrent Preclean
[2026-04-03T01:28:34.421+0600][4.150s][info][gc,marking     ] GC(13) Concurrent Preclean 0.115ms
[2026-04-03T01:28:34.421+0600][4.151s][info][gc,start       ] GC(13) Pause Remark
[2026-04-03T01:28:34.427+0600][4.156s][info][gc             ] GC(13) Pause Remark 24M->24M(94M) 5.513ms
[2026-04-03T01:28:34.427+0600][4.156s][info][gc,cpu         ] GC(13) User=0.00s Sys=0.00s Real=0.00s
[2026-04-03T01:28:34.427+0600][4.156s][info][gc,marking     ] GC(13) Concurrent Mark 15.005ms
[2026-04-03T01:28:34.427+0600][4.157s][info][gc,marking     ] GC(13) Concurrent Rebuild Remembered Sets and Scrub Regions
[2026-04-03T01:28:34.433+0600][4.163s][info][gc,marking     ] GC(13) Concurrent Rebuild Remembered Sets and Scrub Regions 6.088ms
[2026-04-03T01:28:34.433+0600][4.163s][info][gc,start       ] GC(13) Pause Cleanup
[2026-04-03T01:28:34.434+0600][4.163s][info][gc             ] GC(13) Pause Cleanup 25M->25M(94M) 0.203ms
[2026-04-03T01:28:34.434+0600][4.163s][info][gc,cpu         ] GC(13) User=0.00s Sys=0.00s Real=0.00s
[2026-04-03T01:28:34.434+0600][4.163s][info][gc,marking     ] GC(13) Concurrent Clear Claimed Marks
[2026-04-03T01:28:34.434+0600][4.163s][info][gc,marking     ] GC(13) Concurrent Clear Claimed Marks 0.064ms
[2026-04-03T01:28:34.434+0600][4.163s][info][gc,marking     ] GC(13) Concurrent Cleanup for Next Mark
[2026-04-03T01:28:34.434+0600][4.164s][info][gc,marking     ] GC(13) Concurrent Cleanup for Next Mark 0.509ms
[2026-04-03T01:28:34.434+0600][4.164s][info][gc             ] GC(13) Concurrent Mark Cycle 24.367ms
[2026-04-03T01:28:36.135+0600][5.864s][info][gc,start       ] GC(14) Pause Young (Prepare Mixed) (G1 Evacuation Pause)
[2026-04-03T01:28:36.135+0600][5.864s][info][gc,task        ] GC(14) Using 2 workers of 10 for evacuation
[2026-04-03T01:28:36.157+0600][5.886s][info][gc,phases      ] GC(14)   Pre Evacuate Collection Set: 0.29ms
[2026-04-03T01:28:36.157+0600][5.887s][info][gc,phases      ] GC(14)   Merge Heap Roots: 0.35ms
[2026-04-03T01:28:36.157+0600][5.887s][info][gc,phases      ] GC(14)   Evacuate Collection Set: 20.46ms
[2026-04-03T01:28:36.157+0600][5.887s][info][gc,phases      ] GC(14)   Post Evacuate Collection Set: 0.97ms
[2026-04-03T01:28:36.157+0600][5.887s][info][gc,phases      ] GC(14)   Other: 0.10ms
[2026-04-03T01:28:36.157+0600][5.887s][info][gc,heap        ] GC(14) Eden regions: 26->0(21)
[2026-04-03T01:28:36.157+0600][5.887s][info][gc,heap        ] GC(14) Survivor regions: 2->4(4)
[2026-04-03T01:28:36.157+0600][5.887s][info][gc,heap        ] GC(14) Old regions: 12->14
[2026-04-03T01:28:36.157+0600][5.887s][info][gc,heap        ] GC(14) Humongous regions: 0->0
[2026-04-03T01:28:36.157+0600][5.887s][info][gc,metaspace   ] GC(14) Metaspace: 43630K(44096K)->43630K(44096K) NonClass: 38436K(38720K)->38436K(38720K) Class: 5193K(5376K)->5193K(5376K)
[2026-04-03T01:28:36.157+0600][5.887s][info][gc             ] GC(14) Pause Young (Prepare Mixed) (G1 Evacuation Pause) 76M->32M(94M) 22.476ms
[2026-04-03T01:28:36.157+0600][5.887s][info][gc,cpu         ] GC(14) User=0.06s Sys=0.00s Real=0.02s
[2026-04-03T01:28:38.692+0600][8.422s][info][gc,start       ] GC(15) Pause Young (Mixed) (G1 Evacuation Pause)
[2026-04-03T01:28:38.692+0600][8.422s][info][gc,task        ] GC(15) Using 2 workers of 10 for evacuation
[2026-04-03T01:28:38.731+0600][8.461s][info][gc,phases      ] GC(15)   Pre Evacuate Collection Set: 0.39ms
[2026-04-03T01:28:38.732+0600][8.461s][info][gc,phases      ] GC(15)   Merge Heap Roots: 0.36ms
[2026-04-03T01:28:38.732+0600][8.461s][info][gc,phases      ] GC(15)   Evacuate Collection Set: 35.72ms
[2026-04-03T01:28:38.732+0600][8.461s][info][gc,phases      ] GC(15)   Post Evacuate Collection Set: 2.42ms
[2026-04-03T01:28:38.732+0600][8.461s][info][gc,phases      ] GC(15)   Other: 0.14ms
[2026-04-03T01:28:38.732+0600][8.461s][info][gc,heap        ] GC(15) Eden regions: 21->0(18)
[2026-04-03T01:28:38.732+0600][8.461s][info][gc,heap        ] GC(15) Survivor regions: 4->4(4)
[2026-04-03T01:28:38.732+0600][8.461s][info][gc,heap        ] GC(15) Old regions: 14->17
[2026-04-03T01:28:38.732+0600][8.461s][info][gc,heap        ] GC(15) Humongous regions: 1->1
[2026-04-03T01:28:38.732+0600][8.461s][info][gc,metaspace   ] GC(15) Metaspace: 46614K(47040K)->46614K(47040K) NonClass: 41131K(41408K)->41131K(41408K) Class: 5482K(5632K)->5482K(5632K)
[2026-04-03T01:28:38.732+0600][8.461s][info][gc             ] GC(15) Pause Young (Mixed) (G1 Evacuation Pause) 76M->41M(96M) 39.346ms
[2026-04-03T01:28:38.732+0600][8.461s][info][gc,cpu         ] GC(15) User=0.12s Sys=0.00s Real=0.04s
[2026-04-03T01:28:40.920+0600][10.650s][info][gc,start       ] GC(16) Pause Young (Normal) (G1 Evacuation Pause)
[2026-04-03T01:28:40.920+0600][10.650s][info][gc,task        ] GC(16) Using 2 workers of 10 for evacuation
[2026-04-03T01:28:40.948+0600][10.678s][info][gc,phases      ] GC(16)   Pre Evacuate Collection Set: 0.25ms
[2026-04-03T01:28:40.948+0600][10.678s][info][gc,phases      ] GC(16)   Merge Heap Roots: 0.28ms
[2026-04-03T01:28:40.948+0600][10.678s][info][gc,phases      ] GC(16)   Evacuate Collection Set: 24.85ms
[2026-04-03T01:28:40.948+0600][10.678s][info][gc,phases      ] GC(16)   Post Evacuate Collection Set: 2.38ms
[2026-04-03T01:28:40.948+0600][10.678s][info][gc,phases      ] GC(16)   Other: 0.10ms
[2026-04-03T01:28:40.948+0600][10.678s][info][gc,heap        ] GC(16) Eden regions: 18->0(17)
[2026-04-03T01:28:40.948+0600][10.678s][info][gc,heap        ] GC(16) Survivor regions: 4->3(3)
[2026-04-03T01:28:40.948+0600][10.678s][info][gc,heap        ] GC(16) Old regions: 17->20
[2026-04-03T01:28:40.948+0600][10.678s][info][gc,heap        ] GC(16) Humongous regions: 1->1
[2026-04-03T01:28:40.948+0600][10.678s][info][gc,metaspace   ] GC(16) Metaspace: 48260K(48768K)->48260K(48768K) NonClass: 42622K(42944K)->42622K(42944K) Class: 5638K(5824K)->5638K(5824K)
[2026-04-03T01:28:40.948+0600][10.678s][info][gc             ] GC(16) Pause Young (Normal) (G1 Evacuation Pause) 77M->44M(96M) 28.204ms
[2026-04-03T01:28:40.948+0600][10.678s][info][gc,cpu         ] GC(16) User=0.09s Sys=0.00s Real=0.02s
[2026-04-03T01:28:41.593+0600][11.322s][info][gc,start       ] GC(17) Pause Young (Normal) (G1 Evacuation Pause)
[2026-04-03T01:28:41.593+0600][11.322s][info][gc,task        ] GC(17) Using 2 workers of 10 for evacuation
[2026-04-03T01:28:41.608+0600][11.337s][info][gc,phases      ] GC(17)   Pre Evacuate Collection Set: 0.36ms
[2026-04-03T01:28:41.608+0600][11.337s][info][gc,phases      ] GC(17)   Merge Heap Roots: 0.25ms
[2026-04-03T01:28:41.608+0600][11.337s][info][gc,phases      ] GC(17)   Evacuate Collection Set: 13.49ms
[2026-04-03T01:28:41.608+0600][11.337s][info][gc,phases      ] GC(17)   Post Evacuate Collection Set: 0.85ms
[2026-04-03T01:28:41.608+0600][11.338s][info][gc,phases      ] GC(17)   Other: 0.09ms
[2026-04-03T01:28:41.608+0600][11.338s][info][gc,heap        ] GC(17) Eden regions: 17->0(23)
[2026-04-03T01:28:41.608+0600][11.338s][info][gc,heap        ] GC(17) Survivor regions: 3->3(3)
[2026-04-03T01:28:41.608+0600][11.338s][info][gc,heap        ] GC(17) Old regions: 20->22
[2026-04-03T01:28:41.608+0600][11.338s][info][gc,heap        ] GC(17) Humongous regions: 1->1
[2026-04-03T01:28:41.608+0600][11.338s][info][gc,metaspace   ] GC(17) Metaspace: 49744K(50176K)->49744K(50176K) NonClass: 43897K(44160K)->43897K(44160K) Class: 5846K(6016K)->5846K(6016K)
[2026-04-03T01:28:41.608+0600][11.338s][info][gc             ] GC(17) Pause Young (Normal) (G1 Evacuation Pause) 78M->49M(116M) 15.360ms
[2026-04-03T01:28:41.608+0600][11.338s][info][gc,cpu         ] GC(17) User=0.03s Sys=0.00s Real=0.01s
[2026-04-03T01:28:42.554+0600][12.283s][info][gc,start       ] GC(18) Pause Young (Concurrent Start) (CodeCache GC Threshold)
[2026-04-03T01:28:42.554+0600][12.283s][info][gc,task        ] GC(18) Using 2 workers of 10 for evacuation
[2026-04-03T01:28:42.568+0600][12.297s][info][gc,phases      ] GC(18)   Pre Evacuate Collection Set: 0.61ms
[2026-04-03T01:28:42.568+0600][12.297s][info][gc,phases      ] GC(18)   Merge Heap Roots: 0.45ms
[2026-04-03T01:28:42.568+0600][12.297s][info][gc,phases      ] GC(18)   Evacuate Collection Set: 11.86ms
[2026-04-03T01:28:42.568+0600][12.297s][info][gc,phases      ] GC(18)   Post Evacuate Collection Set: 1.00ms
[2026-04-03T01:28:42.568+0600][12.297s][info][gc,phases      ] GC(18)   Other: 0.27ms
[2026-04-03T01:28:42.568+0600][12.297s][info][gc,heap        ] GC(18) Eden regions: 11->0(21)
[2026-04-03T01:28:42.568+0600][12.297s][info][gc,heap        ] GC(18) Survivor regions: 3->2(4)
[2026-04-03T01:28:42.568+0600][12.297s][info][gc,heap        ] GC(18) Old regions: 22->25
[2026-04-03T01:28:42.568+0600][12.297s][info][gc,heap        ] GC(18) Humongous regions: 1->1
[2026-04-03T01:28:42.568+0600][12.298s][info][gc,metaspace   ] GC(18) Metaspace: 51232K(51712K)->51232K(51712K) NonClass: 45224K(45504K)->45224K(45504K) Class: 6007K(6208K)->6007K(6208K)
[2026-04-03T01:28:42.568+0600][12.298s][info][gc             ] GC(18) Pause Young (Concurrent Start) (CodeCache GC Threshold) 70M->51M(116M) 14.473ms
[2026-04-03T01:28:42.568+0600][12.298s][info][gc,cpu         ] GC(18) User=0.03s Sys=0.00s Real=0.01s
[2026-04-03T01:28:42.568+0600][12.298s][info][gc             ] GC(19) Concurrent Mark Cycle
[2026-04-03T01:28:42.568+0600][12.298s][info][gc,marking     ] GC(19) Concurrent Scan Root Regions
[2026-04-03T01:28:42.573+0600][12.303s][info][gc,marking     ] GC(19) Concurrent Scan Root Regions 5.137ms
[2026-04-03T01:28:42.573+0600][12.303s][info][gc,marking     ] GC(19) Concurrent Mark
[2026-04-03T01:28:42.573+0600][12.303s][info][gc,marking     ] GC(19) Concurrent Mark From Roots
[2026-04-03T01:28:42.573+0600][12.303s][info][gc,task        ] GC(19) Using 3 workers of 3 for marking
[2026-04-03T01:28:42.618+0600][12.347s][info][gc,marking     ] GC(19) Concurrent Mark From Roots 44.471ms
[2026-04-03T01:28:42.618+0600][12.348s][info][gc,marking     ] GC(19) Concurrent Preclean
[2026-04-03T01:28:42.620+0600][12.349s][info][gc,marking     ] GC(19) Concurrent Preclean 1.457ms
[2026-04-03T01:28:42.620+0600][12.350s][info][gc,start       ] GC(19) Pause Remark
[2026-04-03T01:28:42.643+0600][12.372s][info][gc             ] GC(19) Pause Remark 52M->52M(116M) 22.466ms
[2026-04-03T01:28:42.643+0600][12.372s][info][gc,cpu         ] GC(19) User=0.06s Sys=0.00s Real=0.02s
[2026-04-03T01:28:42.643+0600][12.373s][info][gc,marking     ] GC(19) Concurrent Mark 69.646ms
[2026-04-03T01:28:42.643+0600][12.373s][info][gc,marking     ] GC(19) Concurrent Rebuild Remembered Sets and Scrub Regions
[2026-04-03T01:28:42.701+0600][12.431s][info][gc,marking     ] GC(19) Concurrent Rebuild Remembered Sets and Scrub Regions 58.140ms
[2026-04-03T01:28:42.702+0600][12.432s][info][gc,start       ] GC(19) Pause Cleanup
[2026-04-03T01:28:42.702+0600][12.432s][info][gc             ] GC(19) Pause Cleanup 53M->53M(116M) 0.211ms
[2026-04-03T01:28:42.702+0600][12.432s][info][gc,cpu         ] GC(19) User=0.00s Sys=0.00s Real=0.00s
[2026-04-03T01:28:42.702+0600][12.432s][info][gc,marking     ] GC(19) Concurrent Clear Claimed Marks
[2026-04-03T01:28:42.703+0600][12.432s][info][gc,marking     ] GC(19) Concurrent Clear Claimed Marks 0.113ms
[2026-04-03T01:28:42.703+0600][12.432s][info][gc,marking     ] GC(19) Concurrent Cleanup for Next Mark
[2026-04-03T01:28:42.703+0600][12.433s][info][gc,marking     ] GC(19) Concurrent Cleanup for Next Mark 0.560ms
[2026-04-03T01:28:42.703+0600][12.433s][info][gc             ] GC(19) Concurrent Mark Cycle 135.039ms
[2026-04-03T01:28:44.646+0600][14.376s][info][gc,start       ] GC(20) Pause Young (Prepare Mixed) (G1 Evacuation Pause)
[2026-04-03T01:28:44.647+0600][14.376s][info][gc,task        ] GC(20) Using 2 workers of 10 for evacuation
[2026-04-03T01:28:44.674+0600][14.404s][info][gc,phases      ] GC(20)   Pre Evacuate Collection Set: 0.32ms
[2026-04-03T01:28:44.674+0600][14.404s][info][gc,phases      ] GC(20)   Merge Heap Roots: 0.36ms
[2026-04-03T01:28:44.674+0600][14.404s][info][gc,phases      ] GC(20)   Evacuate Collection Set: 25.16ms
[2026-04-03T01:28:44.674+0600][14.404s][info][gc,phases      ] GC(20)   Post Evacuate Collection Set: 1.77ms
[2026-04-03T01:28:44.674+0600][14.404s][info][gc,phases      ] GC(20)   Other: 0.11ms
[2026-04-03T01:28:44.674+0600][14.404s][info][gc,heap        ] GC(20) Eden regions: 21->0(18)
[2026-04-03T01:28:44.674+0600][14.404s][info][gc,heap        ] GC(20) Survivor regions: 2->3(3)
[2026-04-03T01:28:44.674+0600][14.404s][info][gc,heap        ] GC(20) Old regions: 25->27
[2026-04-03T01:28:44.674+0600][14.404s][info][gc,heap        ] GC(20) Humongous regions: 1->1
[2026-04-03T01:28:44.674+0600][14.404s][info][gc,metaspace   ] GC(20) Metaspace: 53121K(53568K)->53121K(53568K) NonClass: 46924K(47168K)->46924K(47168K) Class: 6196K(6400K)->6196K(6400K)
[2026-04-03T01:28:44.674+0600][14.404s][info][gc             ] GC(20) Pause Young (Prepare Mixed) (G1 Evacuation Pause) 93M->59M(116M) 28.011ms
[2026-04-03T01:28:44.675+0600][14.404s][info][gc,cpu         ] GC(20) User=0.09s Sys=0.00s Real=0.03s
[2026-04-03T01:28:45.653+0600][15.382s][info][gc,start       ] GC(21) Pause Young (Mixed) (G1 Evacuation Pause)
[2026-04-03T01:28:45.653+0600][15.382s][info][gc,task        ] GC(21) Using 2 workers of 10 for evacuation
[2026-04-03T01:28:45.680+0600][15.409s][info][gc,phases      ] GC(21)   Pre Evacuate Collection Set: 0.33ms
[2026-04-03T01:28:45.680+0600][15.409s][info][gc,phases      ] GC(21)   Merge Heap Roots: 0.36ms
[2026-04-03T01:28:45.680+0600][15.409s][info][gc,phases      ] GC(21)   Evacuate Collection Set: 24.90ms
[2026-04-03T01:28:45.680+0600][15.409s][info][gc,phases      ] GC(21)   Post Evacuate Collection Set: 1.21ms
[2026-04-03T01:28:45.680+0600][15.409s][info][gc,phases      ] GC(21)   Other: 0.12ms
[2026-04-03T01:28:45.680+0600][15.409s][info][gc,heap        ] GC(21) Eden regions: 18->0(17)
[2026-04-03T01:28:45.680+0600][15.409s][info][gc,heap        ] GC(21) Survivor regions: 3->2(3)
[2026-04-03T01:28:45.680+0600][15.409s][info][gc,heap        ] GC(21) Old regions: 27->30
[2026-04-03T01:28:45.680+0600][15.409s][info][gc,heap        ] GC(21) Humongous regions: 1->1
[2026-04-03T01:28:45.680+0600][15.409s][info][gc,metaspace   ] GC(21) Metaspace: 56474K(56896K)->56474K(56896K) NonClass: 49870K(50112K)->49870K(50112K) Class: 6604K(6784K)->6604K(6784K)
[2026-04-03T01:28:45.680+0600][15.410s][info][gc             ] GC(21) Pause Young (Mixed) (G1 Evacuation Pause) 95M->63M(116M) 27.281ms
[2026-04-03T01:28:45.680+0600][15.410s][info][gc,cpu         ] GC(21) User=0.08s Sys=0.00s Real=0.03s
[2026-04-03T01:28:46.494+0600][16.224s][info][gc,start       ] GC(22) Pause Young (Concurrent Start) (G1 Evacuation Pause)
[2026-04-03T01:28:46.495+0600][16.224s][info][gc,task        ] GC(22) Using 2 workers of 10 for evacuation
[2026-04-03T01:28:46.510+0600][16.240s][info][gc,phases      ] GC(22)   Pre Evacuate Collection Set: 0.42ms
[2026-04-03T01:28:46.510+0600][16.240s][info][gc,phases      ] GC(22)   Merge Heap Roots: 0.29ms
[2026-04-03T01:28:46.510+0600][16.240s][info][gc,phases      ] GC(22)   Evacuate Collection Set: 13.98ms
[2026-04-03T01:28:46.510+0600][16.240s][info][gc,phases      ] GC(22)   Post Evacuate Collection Set: 0.61ms
[2026-04-03T01:28:46.510+0600][16.240s][info][gc,phases      ] GC(22)   Other: 0.28ms
[2026-04-03T01:28:46.510+0600][16.240s][info][gc,heap        ] GC(22) Eden regions: 17->0(17)
[2026-04-03T01:28:46.510+0600][16.240s][info][gc,heap        ] GC(22) Survivor regions: 2->1(3)
[2026-04-03T01:28:46.510+0600][16.240s][info][gc,heap        ] GC(22) Old regions: 30->32
[2026-04-03T01:28:46.510+0600][16.240s][info][gc,heap        ] GC(22) Humongous regions: 1->1
[2026-04-03T01:28:46.510+0600][16.240s][info][gc,metaspace   ] GC(22) Metaspace: 57993K(58496K)->57993K(58496K) NonClass: 51245K(51520K)->51245K(51520K) Class: 6748K(6976K)->6748K(6976K)
[2026-04-03T01:28:46.510+0600][16.240s][info][gc             ] GC(22) Pause Young (Concurrent Start) (G1 Evacuation Pause) 97M->65M(116M) 15.882ms
[2026-04-03T01:28:46.510+0600][16.240s][info][gc,cpu         ] GC(22) User=0.04s Sys=0.00s Real=0.02s
[2026-04-03T01:28:46.510+0600][16.240s][info][gc             ] GC(23) Concurrent Mark Cycle
[2026-04-03T01:28:46.510+0600][16.240s][info][gc,marking     ] GC(23) Concurrent Scan Root Regions
[2026-04-03T01:28:46.516+0600][16.245s][info][gc,marking     ] GC(23) Concurrent Scan Root Regions 5.328ms
[2026-04-03T01:28:46.516+0600][16.245s][info][gc,marking     ] GC(23) Concurrent Mark
[2026-04-03T01:28:46.516+0600][16.245s][info][gc,marking     ] GC(23) Concurrent Mark From Roots
[2026-04-03T01:28:46.516+0600][16.245s][info][gc,task        ] GC(23) Using 3 workers of 3 for marking
[2026-04-03T01:28:46.574+0600][16.304s][info][gc,marking     ] GC(23) Concurrent Mark From Roots 58.291ms
[2026-04-03T01:28:46.574+0600][16.304s][info][gc,marking     ] GC(23) Concurrent Preclean
[2026-04-03T01:28:46.576+0600][16.306s][info][gc,marking     ] GC(23) Concurrent Preclean 2.011ms
[2026-04-03T01:28:46.577+0600][16.306s][info][gc,start       ] GC(23) Pause Remark
[2026-04-03T01:28:46.613+0600][16.342s][info][gc             ] GC(23) Pause Remark 66M->66M(116M) 36.155ms
[2026-04-03T01:28:46.613+0600][16.342s][info][gc,cpu         ] GC(23) User=0.12s Sys=0.00s Real=0.04s
[2026-04-03T01:28:46.613+0600][16.342s][info][gc,marking     ] GC(23) Concurrent Mark 97.155ms
[2026-04-03T01:28:46.613+0600][16.343s][info][gc,marking     ] GC(23) Concurrent Rebuild Remembered Sets and Scrub Regions
[2026-04-03T01:28:46.694+0600][16.423s][info][gc,marking     ] GC(23) Concurrent Rebuild Remembered Sets and Scrub Regions 80.835ms
[2026-04-03T01:28:46.694+0600][16.424s][info][gc,start       ] GC(23) Pause Cleanup
[2026-04-03T01:28:46.695+0600][16.424s][info][gc             ] GC(23) Pause Cleanup 69M->69M(116M) 0.263ms
[2026-04-03T01:28:46.695+0600][16.424s][info][gc,cpu         ] GC(23) User=0.00s Sys=0.00s Real=0.00s
[2026-04-03T01:28:46.695+0600][16.424s][info][gc,marking     ] GC(23) Concurrent Clear Claimed Marks
[2026-04-03T01:28:46.695+0600][16.424s][info][gc,marking     ] GC(23) Concurrent Clear Claimed Marks 0.152ms
[2026-04-03T01:28:46.695+0600][16.425s][info][gc,marking     ] GC(23) Concurrent Cleanup for Next Mark
[2026-04-03T01:28:46.695+0600][16.425s][info][gc,marking     ] GC(23) Concurrent Cleanup for Next Mark 0.379ms
[2026-04-03T01:28:46.695+0600][16.425s][info][gc             ] GC(23) Concurrent Mark Cycle 185.126ms
[2026-04-03T01:28:47.525+0600][17.254s][info][gc,start       ] GC(24) Pause Full (System.gc())
[2026-04-03T01:28:47.525+0600][17.255s][info][gc,task        ] GC(24) Using 2 workers of 10 for full compaction
[2026-04-03T01:28:47.525+0600][17.255s][info][gc,phases,start] GC(24) Phase 1: Mark live objects
[2026-04-03T01:28:47.562+0600][17.292s][info][gc,phases      ] GC(24) Phase 1: Mark live objects 37.239ms
[2026-04-03T01:28:47.563+0600][17.292s][info][gc,phases,start] GC(24) Phase 2: Prepare compaction
[2026-04-03T01:28:47.567+0600][17.297s][info][gc,phases      ] GC(24) Phase 2: Prepare compaction 4.764ms
[2026-04-03T01:28:47.567+0600][17.297s][info][gc,phases,start] GC(24) Phase 3: Adjust pointers
[2026-04-03T01:28:47.588+0600][17.317s][info][gc,phases      ] GC(24) Phase 3: Adjust pointers 20.179ms
[2026-04-03T01:28:47.588+0600][17.317s][info][gc,phases,start] GC(24) Phase 4: Compact heap
[2026-04-03T01:28:47.593+0600][17.323s][info][gc,phases      ] GC(24) Phase 4: Compact heap 5.821ms
[2026-04-03T01:28:47.593+0600][17.323s][info][gc,phases,start] GC(24) Phase 5: Reset Metadata
[2026-04-03T01:28:47.598+0600][17.327s][info][gc,phases      ] GC(24) Phase 5: Reset Metadata 4.362ms
[2026-04-03T01:28:47.615+0600][17.344s][info][gc,heap        ] GC(24) Eden regions: 15->0(24)
[2026-04-03T01:28:47.615+0600][17.344s][info][gc,heap        ] GC(24) Survivor regions: 1->0(3)
[2026-04-03T01:28:47.615+0600][17.344s][info][gc,heap        ] GC(24) Old regions: 32->13
[2026-04-03T01:28:47.615+0600][17.344s][info][gc,heap        ] GC(24) Humongous regions: 1->1
[2026-04-03T01:28:47.615+0600][17.344s][info][gc,metaspace   ] GC(24) Metaspace: 58386K(58944K)->58386K(58944K) NonClass: 51608K(51904K)->51608K(51904K) Class: 6778K(7040K)->6778K(7040K)
[2026-04-03T01:28:47.615+0600][17.344s][info][gc             ] GC(24) Pause Full (System.gc()) 93M->24M(94M) 89.921ms
[2026-04-03T01:28:47.615+0600][17.344s][info][gc,cpu         ] GC(24) User=0.15s Sys=0.00s Real=0.09s
[2026-04-03T01:28:48.656+0600][18.386s][info][gc,start       ] GC(25) Pause Young (Normal) (G1 Evacuation Pause)
[2026-04-03T01:28:48.674+0600][18.404s][info][gc,task        ] GC(25) Using 2 workers of 10 for evacuation
[2026-04-03T01:28:48.696+0600][18.425s][info][gc,phases      ] GC(25)   Pre Evacuate Collection Set: 0.41ms
[2026-04-03T01:28:48.696+0600][18.425s][info][gc,phases      ] GC(25)   Merge Heap Roots: 0.30ms
[2026-04-03T01:28:48.696+0600][18.425s][info][gc,phases      ] GC(25)   Evacuate Collection Set: 18.71ms
[2026-04-03T01:28:48.696+0600][18.425s][info][gc,phases      ] GC(25)   Post Evacuate Collection Set: 1.82ms
[2026-04-03T01:28:48.696+0600][18.425s][info][gc,phases      ] GC(25)   Other: 0.25ms
[2026-04-03T01:28:48.696+0600][18.425s][info][gc,heap        ] GC(25) Eden regions: 24->0(31)
[2026-04-03T01:28:48.696+0600][18.425s][info][gc,heap        ] GC(25) Survivor regions: 0->3(3)
[2026-04-03T01:28:48.696+0600][18.425s][info][gc,heap        ] GC(25) Old regions: 13->17
[2026-04-03T01:28:48.696+0600][18.425s][info][gc,heap        ] GC(25) Humongous regions: 1->1
[2026-04-03T01:28:48.696+0600][18.425s][info][gc,metaspace   ] GC(25) Metaspace: 58816K(59328K)->58816K(59328K) NonClass: 52037K(52288K)->52037K(52288K) Class: 6778K(7040K)->6778K(7040K)
[2026-04-03T01:28:48.696+0600][18.425s][info][gc             ] GC(25) Pause Young (Normal) (G1 Evacuation Pause) 72M->38M(132M) 39.574ms
[2026-04-03T01:28:48.696+0600][18.425s][info][gc,cpu         ] GC(25) User=0.04s Sys=0.01s Real=0.04s
[2026-04-03T01:28:50.612+0600][20.341s][info][gc,start       ] GC(26) Pause Young (Normal) (G1 Evacuation Pause)
[2026-04-03T01:28:50.612+0600][20.342s][info][gc,task        ] GC(26) Using 4 workers of 10 for evacuation
[2026-04-03T01:28:50.631+0600][20.361s][info][gc,phases      ] GC(26)   Pre Evacuate Collection Set: 0.32ms
[2026-04-03T01:28:50.632+0600][20.361s][info][gc,phases      ] GC(26)   Merge Heap Roots: 0.16ms
[2026-04-03T01:28:50.632+0600][20.361s][info][gc,phases      ] GC(26)   Evacuate Collection Set: 16.40ms
[2026-04-03T01:28:50.632+0600][20.361s][info][gc,phases      ] GC(26)   Post Evacuate Collection Set: 2.30ms
[2026-04-03T01:28:50.632+0600][20.361s][info][gc,phases      ] GC(26)   Other: 0.11ms
[2026-04-03T01:28:50.632+0600][20.361s][info][gc,heap        ] GC(26) Eden regions: 31->0(27)
[2026-04-03T01:28:50.632+0600][20.361s][info][gc,heap        ] GC(26) Survivor regions: 3->5(5)
[2026-04-03T01:28:50.632+0600][20.361s][info][gc,heap        ] GC(26) Old regions: 17->20
[2026-04-03T01:28:50.632+0600][20.361s][info][gc,heap        ] GC(26) Humongous regions: 1->1
[2026-04-03T01:28:50.632+0600][20.361s][info][gc,metaspace   ] GC(26) Metaspace: 59271K(59840K)->59271K(59840K) NonClass: 52492K(52800K)->52492K(52800K) Class: 6778K(7040K)->6778K(7040K)
[2026-04-03T01:28:50.632+0600][20.361s][info][gc             ] GC(26) Pause Young (Normal) (G1 Evacuation Pause) 100M->48M(132M) 19.688ms
[2026-04-03T01:28:50.632+0600][20.361s][info][gc,cpu         ] GC(26) User=0.10s Sys=0.01s Real=0.02s
[2026-04-03T01:28:51.781+0600][21.510s][info][gc,start       ] GC(27) Pause Young (Normal) (G1 Evacuation Pause)
[2026-04-03T01:28:51.781+0600][21.510s][info][gc,task        ] GC(27) Using 3 workers of 10 for evacuation
[2026-04-03T01:28:51.806+0600][21.535s][info][gc,phases      ] GC(27)   Pre Evacuate Collection Set: 0.30ms
[2026-04-03T01:28:51.806+0600][21.535s][info][gc,phases      ] GC(27)   Merge Heap Roots: 0.22ms
[2026-04-03T01:28:51.806+0600][21.535s][info][gc,phases      ] GC(27)   Evacuate Collection Set: 22.90ms
[2026-04-03T01:28:51.806+0600][21.535s][info][gc,phases      ] GC(27)   Post Evacuate Collection Set: 1.54ms
[2026-04-03T01:28:51.806+0600][21.536s][info][gc,phases      ] GC(27)   Other: 0.12ms
[2026-04-03T01:28:51.806+0600][21.536s][info][gc,heap        ] GC(27) Eden regions: 27->0(24)
[2026-04-03T01:28:51.806+0600][21.536s][info][gc,heap        ] GC(27) Survivor regions: 5->4(4)
[2026-04-03T01:28:51.806+0600][21.536s][info][gc,heap        ] GC(27) Old regions: 20->25
[2026-04-03T01:28:51.806+0600][21.536s][info][gc,heap        ] GC(27) Humongous regions: 1->1
[2026-04-03T01:28:51.806+0600][21.536s][info][gc,metaspace   ] GC(27) Metaspace: 59499K(60096K)->59499K(60096K) NonClass: 52720K(53056K)->52720K(53056K) Class: 6778K(7040K)->6778K(7040K)
[2026-04-03T01:28:51.806+0600][21.536s][info][gc             ] GC(27) Pause Young (Normal) (G1 Evacuation Pause) 102M->56M(132M) 25.485ms
[2026-04-03T01:28:51.806+0600][21.536s][info][gc,cpu         ] GC(27) User=0.11s Sys=0.00s Real=0.02s
[2026-04-03T01:28:52.743+0600][22.472s][info][gc,start       ] GC(28) Pause Young (Normal) (G1 Evacuation Pause)
[2026-04-03T01:28:52.743+0600][22.472s][info][gc,task        ] GC(28) Using 3 workers of 10 for evacuation
[2026-04-03T01:28:52.762+0600][22.491s][info][gc,phases      ] GC(28)   Pre Evacuate Collection Set: 0.33ms
[2026-04-03T01:28:52.762+0600][22.491s][info][gc,phases      ] GC(28)   Merge Heap Roots: 0.36ms
[2026-04-03T01:28:52.762+0600][22.491s][info][gc,phases      ] GC(28)   Evacuate Collection Set: 16.66ms
[2026-04-03T01:28:52.762+0600][22.491s][info][gc,phases      ] GC(28)   Post Evacuate Collection Set: 1.18ms
[2026-04-03T01:28:52.762+0600][22.491s][info][gc,phases      ] GC(28)   Other: 0.12ms
[2026-04-03T01:28:52.762+0600][22.491s][info][gc,heap        ] GC(28) Eden regions: 24->0(21)
[2026-04-03T01:28:52.762+0600][22.491s][info][gc,heap        ] GC(28) Survivor regions: 4->4(4)
[2026-04-03T01:28:52.762+0600][22.491s][info][gc,heap        ] GC(28) Old regions: 25->29
[2026-04-03T01:28:52.762+0600][22.491s][info][gc,heap        ] GC(28) Humongous regions: 1->1
[2026-04-03T01:28:52.762+0600][22.491s][info][gc,metaspace   ] GC(28) Metaspace: 59786K(60352K)->59786K(60352K) NonClass: 53007K(53312K)->53007K(53312K) Class: 6778K(7040K)->6778K(7040K)
[2026-04-03T01:28:52.762+0600][22.491s][info][gc             ] GC(28) Pause Young (Normal) (G1 Evacuation Pause) 104M->64M(132M) 19.010ms
[2026-04-03T01:28:52.762+0600][22.491s][info][gc,cpu         ] GC(28) User=0.05s Sys=0.01s Real=0.02s
[2026-04-03T01:28:53.280+0600][23.009s][info][gc,start       ] GC(29) Pause Full (System.gc())
[2026-04-03T01:28:53.280+0600][23.009s][info][gc,task        ] GC(29) Using 3 workers of 10 for full compaction
[2026-04-03T01:28:53.280+0600][23.010s][info][gc,phases,start] GC(29) Phase 1: Mark live objects
[2026-04-03T01:28:53.312+0600][23.041s][info][gc,phases      ] GC(29) Phase 1: Mark live objects 31.840ms
[2026-04-03T01:28:53.312+0600][23.041s][info][gc,phases,start] GC(29) Phase 2: Prepare compaction
[2026-04-03T01:28:53.313+0600][23.043s][info][gc,phases      ] GC(29) Phase 2: Prepare compaction 1.198ms
[2026-04-03T01:28:53.313+0600][23.043s][info][gc,phases,start] GC(29) Phase 3: Adjust pointers
[2026-04-03T01:28:53.335+0600][23.065s][info][gc,phases      ] GC(29) Phase 3: Adjust pointers 22.211ms
[2026-04-03T01:28:53.336+0600][23.065s][info][gc,phases,start] GC(29) Phase 4: Compact heap
[2026-04-03T01:28:53.337+0600][23.066s][info][gc,phases      ] GC(29) Phase 4: Compact heap 1.003ms
[2026-04-03T01:28:53.337+0600][23.066s][info][gc,phases,start] GC(29) Phase 5: Reset Metadata
[2026-04-03T01:28:53.341+0600][23.071s][info][gc,phases      ] GC(29) Phase 5: Reset Metadata 4.722ms
[2026-04-03T01:28:53.361+0600][23.091s][info][gc,heap        ] GC(29) Eden regions: 8->0(22)
[2026-04-03T01:28:53.361+0600][23.091s][info][gc,heap        ] GC(29) Survivor regions: 4->0(4)
[2026-04-03T01:28:53.361+0600][23.091s][info][gc,heap        ] GC(29) Old regions: 29->13
[2026-04-03T01:28:53.361+0600][23.091s][info][gc,heap        ] GC(29) Humongous regions: 1->1
[2026-04-03T01:28:53.361+0600][23.091s][info][gc,metaspace   ] GC(29) Metaspace: 59838K(60352K)->59838K(60352K) NonClass: 53059K(53312K)->53059K(53312K) Class: 6778K(7040K)->6778K(7040K)
[2026-04-03T01:28:53.362+0600][23.091s][info][gc             ] GC(29) Pause Full (System.gc()) 79M->25M(94M) 81.625ms
[2026-04-03T01:28:53.362+0600][23.091s][info][gc,cpu         ] GC(29) User=0.16s Sys=0.00s Real=0.08s
[2026-04-03T01:28:53.976+0600][23.706s][info][gc,start       ] GC(30) Pause Young (Normal) (G1 Evacuation Pause)
[2026-04-03T01:28:53.976+0600][23.706s][info][gc,task        ] GC(30) Using 2 workers of 10 for evacuation
[2026-04-03T01:28:53.997+0600][23.726s][info][gc,phases      ] GC(30)   Pre Evacuate Collection Set: 0.20ms
[2026-04-03T01:28:53.997+0600][23.726s][info][gc,phases      ] GC(30)   Merge Heap Roots: 0.14ms
[2026-04-03T01:28:53.997+0600][23.726s][info][gc,phases      ] GC(30)   Evacuate Collection Set: 18.24ms
[2026-04-03T01:28:53.997+0600][23.726s][info][gc,phases      ] GC(30)   Post Evacuate Collection Set: 1.75ms
[2026-04-03T01:28:53.997+0600][23.726s][info][gc,phases      ] GC(30)   Other: 0.08ms
[2026-04-03T01:28:53.997+0600][23.726s][info][gc,heap        ] GC(30) Eden regions: 22->0(16)
[2026-04-03T01:28:53.997+0600][23.726s][info][gc,heap        ] GC(30) Survivor regions: 0->3(3)
[2026-04-03T01:28:53.997+0600][23.726s][info][gc,heap        ] GC(30) Old regions: 13->17
[2026-04-03T01:28:53.997+0600][23.726s][info][gc,heap        ] GC(30) Humongous regions: 1->1
[2026-04-03T01:28:53.997+0600][23.726s][info][gc,metaspace   ] GC(30) Metaspace: 60032K(60544K)->60032K(60544K) NonClass: 53253K(53504K)->53253K(53504K) Class: 6778K(7040K)->6778K(7040K)
[2026-04-03T01:28:53.997+0600][23.726s][info][gc             ] GC(30) Pause Young (Normal) (G1 Evacuation Pause) 69M->37M(94M) 20.683ms
[2026-04-03T01:28:53.997+0600][23.726s][info][gc,cpu         ] GC(30) User=0.06s Sys=0.01s Real=0.02s
[2026-04-03T01:28:54.910+0600][24.640s][info][gc,start       ] GC(31) Pause Young (Concurrent Start) (G1 Evacuation Pause)
[2026-04-03T01:28:54.910+0600][24.640s][info][gc,task        ] GC(31) Using 2 workers of 10 for evacuation
[2026-04-03T01:28:54.938+0600][24.667s][info][gc,phases      ] GC(31)   Pre Evacuate Collection Set: 0.39ms
[2026-04-03T01:28:54.938+0600][24.667s][info][gc,phases      ] GC(31)   Merge Heap Roots: 0.27ms
[2026-04-03T01:28:54.938+0600][24.667s][info][gc,phases      ] GC(31)   Evacuate Collection Set: 23.84ms
[2026-04-03T01:28:54.938+0600][24.667s][info][gc,phases      ] GC(31)   Post Evacuate Collection Set: 2.59ms
[2026-04-03T01:28:54.938+0600][24.667s][info][gc,phases      ] GC(31)   Other: 0.25ms
[2026-04-03T01:28:54.938+0600][24.667s][info][gc,heap        ] GC(31) Eden regions: 16->0(32)
[2026-04-03T01:28:54.938+0600][24.667s][info][gc,heap        ] GC(31) Survivor regions: 3->3(3)
[2026-04-03T01:28:54.938+0600][24.667s][info][gc,heap        ] GC(31) Old regions: 17->20
[2026-04-03T01:28:54.938+0600][24.667s][info][gc,heap        ] GC(31) Humongous regions: 1->1
[2026-04-03T01:28:54.938+0600][24.667s][info][gc,metaspace   ] GC(31) Metaspace: 60124K(60608K)->60124K(60608K) NonClass: 53346K(53568K)->53346K(53568K) Class: 6778K(7040K)->6778K(7040K)
[2026-04-03T01:28:54.938+0600][24.667s][info][gc             ] GC(31) Pause Young (Concurrent Start) (G1 Evacuation Pause) 69M->44M(146M) 27.689ms
[2026-04-03T01:28:54.938+0600][24.668s][info][gc,cpu         ] GC(31) User=0.11s Sys=0.00s Real=0.02s
[2026-04-03T01:28:54.938+0600][24.668s][info][gc             ] GC(32) Concurrent Mark Cycle
[2026-04-03T01:28:54.938+0600][24.668s][info][gc,marking     ] GC(32) Concurrent Scan Root Regions
[2026-04-03T01:28:54.944+0600][24.674s][info][gc,marking     ] GC(32) Concurrent Scan Root Regions 6.332ms
[2026-04-03T01:28:54.945+0600][24.674s][info][gc,marking     ] GC(32) Concurrent Mark
[2026-04-03T01:28:54.945+0600][24.674s][info][gc,marking     ] GC(32) Concurrent Mark From Roots
[2026-04-03T01:28:54.945+0600][24.674s][info][gc,task        ] GC(32) Using 3 workers of 3 for marking
[2026-04-03T01:28:54.975+0600][24.704s][info][gc,marking     ] GC(32) Concurrent Mark From Roots 30.342ms
[2026-04-03T01:28:54.975+0600][24.705s][info][gc,marking     ] GC(32) Concurrent Preclean
[2026-04-03T01:28:54.975+0600][24.705s][info][gc,marking     ] GC(32) Concurrent Preclean 0.310ms
[2026-04-03T01:28:54.977+0600][24.706s][info][gc,start       ] GC(32) Pause Remark
[2026-04-03T01:28:55.009+0600][24.738s][info][gc             ] GC(32) Pause Remark 45M->45M(146M) 32.283ms
[2026-04-03T01:28:55.009+0600][24.738s][info][gc,cpu         ] GC(32) User=0.07s Sys=0.00s Real=0.03s
[2026-04-03T01:28:55.009+0600][24.739s][info][gc,marking     ] GC(32) Concurrent Mark 64.529ms
[2026-04-03T01:28:55.009+0600][24.739s][info][gc,marking     ] GC(32) Concurrent Rebuild Remembered Sets and Scrub Regions
[2026-04-03T01:28:55.027+0600][24.756s][info][gc,marking     ] GC(32) Concurrent Rebuild Remembered Sets and Scrub Regions 17.776ms
[2026-04-03T01:28:55.027+0600][24.757s][info][gc,start       ] GC(32) Pause Cleanup
[2026-04-03T01:28:55.028+0600][24.757s][info][gc             ] GC(32) Pause Cleanup 45M->45M(146M) 0.223ms
[2026-04-03T01:28:55.028+0600][24.757s][info][gc,cpu         ] GC(32) User=0.00s Sys=0.00s Real=0.00s
[2026-04-03T01:28:55.028+0600][24.757s][info][gc,marking     ] GC(32) Concurrent Clear Claimed Marks
[2026-04-03T01:28:55.028+0600][24.757s][info][gc,marking     ] GC(32) Concurrent Clear Claimed Marks 0.166ms
[2026-04-03T01:28:55.028+0600][24.757s][info][gc,marking     ] GC(32) Concurrent Cleanup for Next Mark
[2026-04-03T01:28:55.029+0600][24.758s][info][gc,marking     ] GC(32) Concurrent Cleanup for Next Mark 0.684ms
[2026-04-03T01:28:55.029+0600][24.758s][info][gc             ] GC(32) Concurrent Mark Cycle 90.498ms
[2026-04-03T01:28:56.137+0600][25.867s][info][gc,start       ] GC(33) Pause Young (Prepare Mixed) (G1 Evacuation Pause)
[2026-04-03T01:28:56.137+0600][25.867s][info][gc,task        ] GC(33) Using 3 workers of 10 for evacuation
[2026-04-03T01:28:56.155+0600][25.884s][info][gc,phases      ] GC(33)   Pre Evacuate Collection Set: 0.25ms
[2026-04-03T01:28:56.155+0600][25.884s][info][gc,phases      ] GC(33)   Merge Heap Roots: 0.39ms
[2026-04-03T01:28:56.155+0600][25.884s][info][gc,phases      ] GC(33)   Evacuate Collection Set: 14.10ms
[2026-04-03T01:28:56.155+0600][25.884s][info][gc,phases      ] GC(33)   Post Evacuate Collection Set: 2.41ms
[2026-04-03T01:28:56.155+0600][25.884s][info][gc,phases      ] GC(33)   Other: 0.12ms
[2026-04-03T01:28:56.155+0600][25.884s][info][gc,heap        ] GC(33) Eden regions: 32->0(29)
[2026-04-03T01:28:56.155+0600][25.884s][info][gc,heap        ] GC(33) Survivor regions: 3->5(5)
[2026-04-03T01:28:56.155+0600][25.884s][info][gc,heap        ] GC(33) Old regions: 20->22
[2026-04-03T01:28:56.155+0600][25.884s][info][gc,heap        ] GC(33) Humongous regions: 1->1
[2026-04-03T01:28:56.155+0600][25.884s][info][gc,metaspace   ] GC(33) Metaspace: 60338K(60864K)->60338K(60864K) NonClass: 53560K(53824K)->53560K(53824K) Class: 6778K(7040K)->6778K(7040K)
[2026-04-03T01:28:56.155+0600][25.884s][info][gc             ] GC(33) Pause Young (Prepare Mixed) (G1 Evacuation Pause) 108M->52M(146M) 17.622ms
[2026-04-03T01:28:56.155+0600][25.884s][info][gc,cpu         ] GC(33) User=0.07s Sys=0.00s Real=0.02s
[2026-04-03T01:28:57.107+0600][26.837s][info][gc,start       ] GC(34) Pause Young (Mixed) (G1 Evacuation Pause)
[2026-04-03T01:28:57.108+0600][26.837s][info][gc,task        ] GC(34) Using 3 workers of 10 for evacuation
[2026-04-03T01:28:57.136+0600][26.865s][info][gc,phases      ] GC(34)   Pre Evacuate Collection Set: 0.34ms
[2026-04-03T01:28:57.136+0600][26.866s][info][gc,phases      ] GC(34)   Merge Heap Roots: 0.30ms
[2026-04-03T01:28:57.136+0600][26.866s][info][gc,phases      ] GC(34)   Evacuate Collection Set: 26.12ms
[2026-04-03T01:28:57.136+0600][26.866s][info][gc,phases      ] GC(34)   Post Evacuate Collection Set: 1.62ms
[2026-04-03T01:28:57.136+0600][26.866s][info][gc,phases      ] GC(34)   Other: 0.11ms
[2026-04-03T01:28:57.136+0600][26.866s][info][gc,heap        ] GC(34) Eden regions: 29->0(26)
[2026-04-03T01:28:57.136+0600][26.866s][info][gc,heap        ] GC(34) Survivor regions: 5->5(5)
[2026-04-03T01:28:57.136+0600][26.866s][info][gc,heap        ] GC(34) Old regions: 22->26
[2026-04-03T01:28:57.136+0600][26.866s][info][gc,heap        ] GC(34) Humongous regions: 1->1
[2026-04-03T01:28:57.136+0600][26.866s][info][gc,metaspace   ] GC(34) Metaspace: 60547K(61120K)->60547K(61120K) NonClass: 53769K(54080K)->53769K(54080K) Class: 6778K(7040K)->6778K(7040K)
[2026-04-03T01:28:57.136+0600][26.866s][info][gc             ] GC(34) Pause Young (Mixed) (G1 Evacuation Pause) 110M->62M(146M) 28.783ms
[2026-04-03T01:28:57.136+0600][26.866s][info][gc,cpu         ] GC(34) User=0.09s Sys=0.00s Real=0.03s
[2026-04-03T01:28:57.767+0600][27.497s][info][gc,heap,exit   ] Heap
[2026-04-03T01:28:57.767+0600][27.497s][info][gc,heap,exit   ]  garbage-first heap   total 149504K, used 101695K [0x000000070ae00000, 0x0000000800000000)
[2026-04-03T01:28:57.767+0600][27.497s][info][gc,heap,exit   ]   region size 2048K, 24 young (49152K), 5 survivors (10240K)
[2026-04-03T01:28:57.767+0600][27.497s][info][gc,heap,exit   ]  Metaspace       used 60870K, committed 61440K, reserved 1114112K
[2026-04-03T01:28:57.767+0600][27.497s][info][gc,heap,exit   ]   class space    used 6881K, committed 7168K, reserved 1048576K
