[2026-04-03T01:27:10.225+0600][0.004s][info][gc,init] CardTable entry size: 512
[2026-04-03T01:27:10.225+0600][0.004s][info][gc     ] Using G1
[2026-04-03T01:27:10.228+0600][0.007s][info][gc,init] Version: 21.0.10+7-Ubuntu-124.04 (release)
[2026-04-03T01:27:10.228+0600][0.007s][info][gc,init] CPUs: 12 total, 12 available
[2026-04-03T01:27:10.228+0600][0.007s][info][gc,init] Memory: 15683M
[2026-04-03T01:27:10.228+0600][0.007s][info][gc,init] Large Page Support: Disabled
[2026-04-03T01:27:10.228+0600][0.007s][info][gc,init] NUMA Support: Disabled
[2026-04-03T01:27:10.228+0600][0.007s][info][gc,init] Compressed Oops: Enabled (Zero based)
[2026-04-03T01:27:10.228+0600][0.007s][info][gc,init] Heap Region Size: 2M
[2026-04-03T01:27:10.228+0600][0.007s][info][gc,init] Heap Min Capacity: 8M
[2026-04-03T01:27:10.228+0600][0.007s][info][gc,init] Heap Initial Capacity: 246M
[2026-04-03T01:27:10.228+0600][0.007s][info][gc,init] Heap Max Capacity: 3922M
[2026-04-03T01:27:10.228+0600][0.007s][info][gc,init] Pre-touch: Disabled
[2026-04-03T01:27:10.228+0600][0.007s][info][gc,init] Parallel Workers: 10
[2026-04-03T01:27:10.228+0600][0.007s][info][gc,init] Concurrent Workers: 2
[2026-04-03T01:27:10.228+0600][0.007s][info][gc,init] Concurrent Refinement Workers: 10
[2026-04-03T01:27:10.228+0600][0.007s][info][gc,init] Periodic GC: Disabled
[2026-04-03T01:27:10.241+0600][0.020s][info][gc,metaspace] CDS archive(s) mapped at: [0x0000732727000000-0x0000732727c9c000-0x0000732727c9c000), size 13221888, SharedBaseAddress: 0x0000732727000000, ArchiveRelocationMode: 1.
[2026-04-03T01:27:10.241+0600][0.020s][info][gc,metaspace] Compressed class space mapped at: 0x0000732728000000-0x0000732768000000, reserved size: 1073741824
[2026-04-03T01:27:10.241+0600][0.020s][info][gc,metaspace] Narrow klass base: 0x0000732727000000, Narrow klass shift: 0, Narrow klass range: 0x100000000
[2026-04-03T01:27:10.610+0600][0.389s][info][gc,start    ] GC(0) Pause Young (Normal) (G1 Evacuation Pause)
[2026-04-03T01:27:10.611+0600][0.390s][info][gc,task     ] GC(0) Using 5 workers of 10 for evacuation
[2026-04-03T01:27:10.613+0600][0.393s][info][gc,phases   ] GC(0)   Pre Evacuate Collection Set: 0.18ms
[2026-04-03T01:27:10.613+0600][0.393s][info][gc,phases   ] GC(0)   Merge Heap Roots: 0.13ms
[2026-04-03T01:27:10.613+0600][0.393s][info][gc,phases   ] GC(0)   Evacuate Collection Set: 1.74ms
[2026-04-03T01:27:10.613+0600][0.393s][info][gc,phases   ] GC(0)   Post Evacuate Collection Set: 0.29ms
[2026-04-03T01:27:10.613+0600][0.393s][info][gc,phases   ] GC(0)   Other: 0.96ms
[2026-04-03T01:27:10.613+0600][0.393s][info][gc,heap     ] GC(0) Eden regions: 11->0(22)
[2026-04-03T01:27:10.614+0600][0.393s][info][gc,heap     ] GC(0) Survivor regions: 0->2(2)
[2026-04-03T01:27:10.614+0600][0.393s][info][gc,heap     ] GC(0) Old regions: 1->1
[2026-04-03T01:27:10.614+0600][0.393s][info][gc,heap     ] GC(0) Humongous regions: 0->0
[2026-04-03T01:27:10.614+0600][0.393s][info][gc,metaspace] GC(0) Metaspace: 2522K(2688K)->2522K(2688K) NonClass: 2293K(2368K)->2293K(2368K) Class: 228K(320K)->228K(320K)
[2026-04-03T01:27:10.614+0600][0.393s][info][gc          ] GC(0) Pause Young (Normal) (G1 Evacuation Pause) 23M->3M(248M) 3.581ms
[2026-04-03T01:27:10.614+0600][0.393s][info][gc,cpu      ] GC(0) User=0.01s Sys=0.01s Real=0.00s
[2026-04-03T01:27:10.753+0600][0.532s][info][gc,start    ] GC(1) Pause Young (Normal) (G1 Evacuation Pause)
[2026-04-03T01:27:10.753+0600][0.532s][info][gc,task     ] GC(1) Using 5 workers of 10 for evacuation
[2026-04-03T01:27:10.755+0600][0.535s][info][gc,phases   ] GC(1)   Pre Evacuate Collection Set: 0.33ms
[2026-04-03T01:27:10.756+0600][0.535s][info][gc,phases   ] GC(1)   Merge Heap Roots: 0.08ms
[2026-04-03T01:27:10.756+0600][0.535s][info][gc,phases   ] GC(1)   Evacuate Collection Set: 1.74ms
[2026-04-03T01:27:10.756+0600][0.535s][info][gc,phases   ] GC(1)   Post Evacuate Collection Set: 0.43ms
[2026-04-03T01:27:10.756+0600][0.535s][info][gc,phases   ] GC(1)   Other: 0.08ms
[2026-04-03T01:27:10.756+0600][0.535s][info][gc,heap     ] GC(1) Eden regions: 22->0(71)
[2026-04-03T01:27:10.756+0600][0.535s][info][gc,heap     ] GC(1) Survivor regions: 2->2(3)
[2026-04-03T01:27:10.756+0600][0.535s][info][gc,heap     ] GC(1) Old regions: 1->1
[2026-04-03T01:27:10.756+0600][0.535s][info][gc,heap     ] GC(1) Humongous regions: 0->0
[2026-04-03T01:27:10.756+0600][0.535s][info][gc,metaspace] GC(1) Metaspace: 3800K(3968K)->3800K(3968K) NonClass: 3368K(3456K)->3368K(3456K) Class: 432K(512K)->432K(512K)
[2026-04-03T01:27:10.756+0600][0.535s][info][gc          ] GC(1) Pause Young (Normal) (G1 Evacuation Pause) 47M->3M(248M) 2.881ms
[2026-04-03T01:27:10.756+0600][0.535s][info][gc,cpu      ] GC(1) User=0.01s Sys=0.00s Real=0.00s
[2026-04-03T01:27:11.685+0600][1.464s][info][gc,start    ] GC(2) Pause Young (Normal) (G1 Evacuation Pause)
[2026-04-03T01:27:11.685+0600][1.464s][info][gc,task     ] GC(2) Using 5 workers of 10 for evacuation
[2026-04-03T01:27:11.688+0600][1.467s][info][gc,phases   ] GC(2)   Pre Evacuate Collection Set: 0.29ms
[2026-04-03T01:27:11.688+0600][1.467s][info][gc,phases   ] GC(2)   Merge Heap Roots: 0.15ms
[2026-04-03T01:27:11.688+0600][1.467s][info][gc,phases   ] GC(2)   Evacuate Collection Set: 2.25ms
[2026-04-03T01:27:11.688+0600][1.467s][info][gc,phases   ] GC(2)   Post Evacuate Collection Set: 0.69ms
[2026-04-03T01:27:11.688+0600][1.467s][info][gc,phases   ] GC(2)   Other: 0.08ms
[2026-04-03T01:27:11.688+0600][1.467s][info][gc,heap     ] GC(2) Eden regions: 71->0(70)
[2026-04-03T01:27:11.688+0600][1.467s][info][gc,heap     ] GC(2) Survivor regions: 2->3(10)
[2026-04-03T01:27:11.688+0600][1.467s][info][gc,heap     ] GC(2) Old regions: 1->1
[2026-04-03T01:27:11.688+0600][1.467s][info][gc,heap     ] GC(2) Humongous regions: 0->0
[2026-04-03T01:27:11.688+0600][1.467s][info][gc,metaspace] GC(2) Metaspace: 10127K(10368K)->10127K(10368K) NonClass: 8809K(8960K)->8809K(8960K) Class: 1318K(1408K)->1318K(1408K)
[2026-04-03T01:27:11.688+0600][1.467s][info][gc          ] GC(2) Pause Young (Normal) (G1 Evacuation Pause) 145M->5M(248M) 3.658ms
[2026-04-03T01:27:11.688+0600][1.467s][info][gc,cpu      ] GC(2) User=0.01s Sys=0.00s Real=0.00s
[2026-04-03T01:27:12.206+0600][1.985s][info][gc,start    ] GC(3) Pause Full (System.gc())
[2026-04-03T01:27:12.206+0600][1.985s][info][gc,task     ] GC(3) Using 5 workers of 10 for full compaction
[2026-04-03T01:27:12.206+0600][1.985s][info][gc,phases,start] GC(3) Phase 1: Mark live objects
[2026-04-03T01:27:12.212+0600][1.991s][info][gc,phases      ] GC(3) Phase 1: Mark live objects 6.164ms
[2026-04-03T01:27:12.212+0600][1.992s][info][gc,phases,start] GC(3) Phase 2: Prepare compaction
[2026-04-03T01:27:12.213+0600][1.993s][info][gc,phases      ] GC(3) Phase 2: Prepare compaction 1.146ms
[2026-04-03T01:27:12.213+0600][1.993s][info][gc,phases,start] GC(3) Phase 3: Adjust pointers
[2026-04-03T01:27:12.215+0600][1.995s][info][gc,phases      ] GC(3) Phase 3: Adjust pointers 2.026ms
[2026-04-03T01:27:12.216+0600][1.995s][info][gc,phases,start] GC(3) Phase 4: Compact heap
[2026-04-03T01:27:12.218+0600][1.997s][info][gc,phases      ] GC(3) Phase 4: Compact heap 2.429ms
[2026-04-03T01:27:12.218+0600][1.997s][info][gc,phases,start] GC(3) Phase 5: Reset Metadata
[2026-04-03T01:27:12.219+0600][1.998s][info][gc,phases      ] GC(3) Phase 5: Reset Metadata 0.843ms
[2026-04-03T01:27:12.222+0600][2.001s][info][gc,heap        ] GC(3) Eden regions: 43->0(11)
[2026-04-03T01:27:12.222+0600][2.001s][info][gc,heap        ] GC(3) Survivor regions: 3->0(10)
[2026-04-03T01:27:12.222+0600][2.001s][info][gc,heap        ] GC(3) Old regions: 1->6
[2026-04-03T01:27:12.222+0600][2.001s][info][gc,heap        ] GC(3) Humongous regions: 0->0
[2026-04-03T01:27:12.222+0600][2.001s][info][gc,metaspace   ] GC(3) Metaspace: 12771K(12992K)->12771K(12992K) NonClass: 11078K(11200K)->11078K(11200K) Class: 1692K(1792K)->1692K(1792K)
[2026-04-03T01:27:12.222+0600][2.001s][info][gc             ] GC(3) Pause Full (System.gc()) 90M->5M(40M) 15.920ms
[2026-04-03T01:27:12.222+0600][2.001s][info][gc,cpu         ] GC(3) User=0.04s Sys=0.01s Real=0.02s
[2026-04-03T01:27:12.395+0600][2.174s][info][gc,start       ] GC(4) Pause Young (Normal) (G1 Evacuation Pause)
[2026-04-03T01:27:12.395+0600][2.174s][info][gc,task        ] GC(4) Using 3 workers of 10 for evacuation
[2026-04-03T01:27:12.398+0600][2.177s][info][gc,phases      ] GC(4)   Pre Evacuate Collection Set: 0.34ms
[2026-04-03T01:27:12.398+0600][2.177s][info][gc,phases      ] GC(4)   Merge Heap Roots: 0.06ms
[2026-04-03T01:27:12.398+0600][2.177s][info][gc,phases      ] GC(4)   Evacuate Collection Set: 1.62ms
[2026-04-03T01:27:12.398+0600][2.177s][info][gc,phases      ] GC(4)   Post Evacuate Collection Set: 0.41ms
[2026-04-03T01:27:12.398+0600][2.177s][info][gc,phases      ] GC(4)   Other: 0.05ms
[2026-04-03T01:27:12.398+0600][2.177s][info][gc,heap        ] GC(4) Eden regions: 11->0(10)
[2026-04-03T01:27:12.398+0600][2.177s][info][gc,heap        ] GC(4) Survivor regions: 0->1(2)
[2026-04-03T01:27:12.398+0600][2.177s][info][gc,heap        ] GC(4) Old regions: 6->6
[2026-04-03T01:27:12.398+0600][2.177s][info][gc,heap        ] GC(4) Humongous regions: 0->0
[2026-04-03T01:27:12.398+0600][2.177s][info][gc,metaspace   ] GC(4) Metaspace: 15061K(15296K)->15061K(15296K) NonClass: 13130K(13248K)->13130K(13248K) Class: 1930K(2048K)->1930K(2048K)
[2026-04-03T01:27:12.398+0600][2.177s][info][gc             ] GC(4) Pause Young (Normal) (G1 Evacuation Pause) 27M->6M(40M) 2.691ms
[2026-04-03T01:27:12.398+0600][2.177s][info][gc,cpu         ] GC(4) User=0.00s Sys=0.00s Real=0.00s
[2026-04-03T01:27:12.704+0600][2.483s][info][gc,start       ] GC(5) Pause Young (Normal) (G1 Evacuation Pause)
[2026-04-03T01:27:12.704+0600][2.483s][info][gc,task        ] GC(5) Using 2 workers of 10 for evacuation
[2026-04-03T01:27:12.707+0600][2.486s][info][gc,phases      ] GC(5)   Pre Evacuate Collection Set: 0.23ms
[2026-04-03T01:27:12.707+0600][2.486s][info][gc,phases      ] GC(5)   Merge Heap Roots: 0.05ms
[2026-04-03T01:27:12.707+0600][2.486s][info][gc,phases      ] GC(5)   Evacuate Collection Set: 2.07ms
[2026-04-03T01:27:12.707+0600][2.486s][info][gc,phases      ] GC(5)   Post Evacuate Collection Set: 0.50ms
[2026-04-03T01:27:12.707+0600][2.486s][info][gc,phases      ] GC(5)   Other: 0.06ms
[2026-04-03T01:27:12.707+0600][2.486s][info][gc,heap        ] GC(5) Eden regions: 10->0(9)
[2026-04-03T01:27:12.707+0600][2.486s][info][gc,heap        ] GC(5) Survivor regions: 1->2(2)
[2026-04-03T01:27:12.707+0600][2.486s][info][gc,heap        ] GC(5) Old regions: 6->6
[2026-04-03T01:27:12.707+0600][2.486s][info][gc,heap        ] GC(5) Humongous regions: 0->0
[2026-04-03T01:27:12.707+0600][2.486s][info][gc,metaspace   ] GC(5) Metaspace: 17464K(17728K)->17464K(17728K) NonClass: 15274K(15424K)->15274K(15424K) Class: 2189K(2304K)->2189K(2304K)
[2026-04-03T01:27:12.707+0600][2.486s][info][gc             ] GC(5) Pause Young (Normal) (G1 Evacuation Pause) 26M->8M(40M) 3.109ms
[2026-04-03T01:27:12.707+0600][2.486s][info][gc,cpu         ] GC(5) User=0.01s Sys=0.00s Real=0.00s
[2026-04-03T01:27:12.798+0600][2.577s][info][gc,start       ] GC(6) Pause Young (Normal) (G1 Evacuation Pause)
[2026-04-03T01:27:12.798+0600][2.578s][info][gc,task        ] GC(6) Using 2 workers of 10 for evacuation
[2026-04-03T01:27:12.802+0600][2.581s][info][gc,phases      ] GC(6)   Pre Evacuate Collection Set: 0.18ms
[2026-04-03T01:27:12.802+0600][2.581s][info][gc,phases      ] GC(6)   Merge Heap Roots: 0.16ms
[2026-04-03T01:27:12.802+0600][2.581s][info][gc,phases      ] GC(6)   Evacuate Collection Set: 2.27ms
[2026-04-03T01:27:12.802+0600][2.581s][info][gc,phases      ] GC(6)   Post Evacuate Collection Set: 0.62ms
[2026-04-03T01:27:12.802+0600][2.581s][info][gc,phases      ] GC(6)   Other: 0.06ms
[2026-04-03T01:27:12.802+0600][2.581s][info][gc,heap        ] GC(6) Eden regions: 9->0(8)
[2026-04-03T01:27:12.802+0600][2.581s][info][gc,heap        ] GC(6) Survivor regions: 2->2(2)
[2026-04-03T01:27:12.802+0600][2.581s][info][gc,heap        ] GC(6) Old regions: 6->7
[2026-04-03T01:27:12.802+0600][2.581s][info][gc,heap        ] GC(6) Humongous regions: 0->0
[2026-04-03T01:27:12.802+0600][2.581s][info][gc,metaspace   ] GC(6) Metaspace: 19583K(19840K)->19583K(19840K) NonClass: 17137K(17280K)->17137K(17280K) Class: 2445K(2560K)->2445K(2560K)
[2026-04-03T01:27:12.802+0600][2.581s][info][gc             ] GC(6) Pause Young (Normal) (G1 Evacuation Pause) 26M->8M(40M) 3.482ms
[2026-04-03T01:27:12.802+0600][2.581s][info][gc,cpu         ] GC(6) User=0.01s Sys=0.00s Real=0.01s
[2026-04-03T01:27:12.892+0600][2.671s][info][gc,start       ] GC(7) Pause Young (Concurrent Start) (Metadata GC Threshold)
[2026-04-03T01:27:12.892+0600][2.671s][info][gc,task        ] GC(7) Using 2 workers of 10 for evacuation
[2026-04-03T01:27:12.895+0600][2.674s][info][gc,phases      ] GC(7)   Pre Evacuate Collection Set: 0.29ms
[2026-04-03T01:27:12.895+0600][2.674s][info][gc,phases      ] GC(7)   Merge Heap Roots: 0.04ms
[2026-04-03T01:27:12.895+0600][2.674s][info][gc,phases      ] GC(7)   Evacuate Collection Set: 1.71ms
[2026-04-03T01:27:12.895+0600][2.674s][info][gc,phases      ] GC(7)   Post Evacuate Collection Set: 0.90ms
[2026-04-03T01:27:12.895+0600][2.674s][info][gc,phases      ] GC(7)   Other: 0.20ms
[2026-04-03T01:27:12.895+0600][2.674s][info][gc,heap        ] GC(7) Eden regions: 6->0(41)
[2026-04-03T01:27:12.895+0600][2.674s][info][gc,heap        ] GC(7) Survivor regions: 2->2(2)
[2026-04-03T01:27:12.895+0600][2.674s][info][gc,heap        ] GC(7) Old regions: 7->7
[2026-04-03T01:27:12.895+0600][2.674s][info][gc,heap        ] GC(7) Humongous regions: 0->0
[2026-04-03T01:27:12.895+0600][2.674s][info][gc,metaspace   ] GC(7) Metaspace: 21210K(21504K)->21210K(21504K) NonClass: 18564K(18688K)->18564K(18688K) Class: 2646K(2816K)->2646K(2816K)
[2026-04-03T01:27:12.895+0600][2.674s][info][gc             ] GC(7) Pause Young (Concurrent Start) (Metadata GC Threshold) 19M->8M(144M) 3.324ms
[2026-04-03T01:27:12.895+0600][2.674s][info][gc,cpu         ] GC(7) User=0.00s Sys=0.00s Real=0.00s
[2026-04-03T01:27:12.895+0600][2.674s][info][gc             ] GC(8) Concurrent Mark Cycle
[2026-04-03T01:27:12.895+0600][2.674s][info][gc,marking     ] GC(8) Concurrent Scan Root Regions
[2026-04-03T01:27:12.896+0600][2.675s][info][gc,marking     ] GC(8) Concurrent Scan Root Regions 1.215ms
[2026-04-03T01:27:12.896+0600][2.675s][info][gc,marking     ] GC(8) Concurrent Mark
[2026-04-03T01:27:12.896+0600][2.675s][info][gc,marking     ] GC(8) Concurrent Mark From Roots
[2026-04-03T01:27:12.896+0600][2.676s][info][gc,task        ] GC(8) Using 2 workers of 2 for marking
[2026-04-03T01:27:12.902+0600][2.681s][info][gc,marking     ] GC(8) Concurrent Mark From Roots 5.773ms
[2026-04-03T01:27:12.902+0600][2.681s][info][gc,marking     ] GC(8) Concurrent Preclean
[2026-04-03T01:27:12.902+0600][2.681s][info][gc,marking     ] GC(8) Concurrent Preclean 0.044ms
[2026-04-03T01:27:12.902+0600][2.682s][info][gc,start       ] GC(8) Pause Remark
[2026-04-03T01:27:12.905+0600][2.685s][info][gc             ] GC(8) Pause Remark 9M->9M(60M) 2.946ms
[2026-04-03T01:27:12.905+0600][2.685s][info][gc,cpu         ] GC(8) User=0.00s Sys=0.00s Real=0.00s
[2026-04-03T01:27:12.905+0600][2.685s][info][gc,marking     ] GC(8) Concurrent Mark 9.165ms
[2026-04-03T01:27:12.905+0600][2.685s][info][gc,marking     ] GC(8) Concurrent Rebuild Remembered Sets and Scrub Regions
[2026-04-03T01:27:12.909+0600][2.688s][info][gc,marking     ] GC(8) Concurrent Rebuild Remembered Sets and Scrub Regions 3.157ms
[2026-04-03T01:27:12.909+0600][2.688s][info][gc,start       ] GC(8) Pause Cleanup
[2026-04-03T01:27:12.909+0600][2.688s][info][gc             ] GC(8) Pause Cleanup 9M->9M(60M) 0.124ms
[2026-04-03T01:27:12.909+0600][2.688s][info][gc,cpu         ] GC(8) User=0.00s Sys=0.00s Real=0.00s
[2026-04-03T01:27:12.909+0600][2.688s][info][gc,marking     ] GC(8) Concurrent Clear Claimed Marks
[2026-04-03T01:27:12.909+0600][2.688s][info][gc,marking     ] GC(8) Concurrent Clear Claimed Marks 0.059ms
[2026-04-03T01:27:12.909+0600][2.688s][info][gc,marking     ] GC(8) Concurrent Cleanup for Next Mark
[2026-04-03T01:27:12.909+0600][2.689s][info][gc,marking     ] GC(8) Concurrent Cleanup for Next Mark 0.381ms
[2026-04-03T01:27:12.910+0600][2.689s][info][gc             ] GC(8) Concurrent Mark Cycle 14.610ms
[2026-04-03T01:27:13.379+0600][3.158s][info][gc,start       ] GC(9) Pause Young (Prepare Mixed) (G1 Evacuation Pause)
[2026-04-03T01:27:13.379+0600][3.158s][info][gc,task        ] GC(9) Using 2 workers of 10 for evacuation
[2026-04-03T01:27:13.395+0600][3.174s][info][gc,phases      ] GC(9)   Pre Evacuate Collection Set: 0.21ms
[2026-04-03T01:27:13.395+0600][3.174s][info][gc,phases      ] GC(9)   Merge Heap Roots: 0.13ms
[2026-04-03T01:27:13.395+0600][3.174s][info][gc,phases      ] GC(9)   Evacuate Collection Set: 14.66ms
[2026-04-03T01:27:13.395+0600][3.174s][info][gc,phases      ] GC(9)   Post Evacuate Collection Set: 1.02ms
[2026-04-03T01:27:13.395+0600][3.174s][info][gc,phases      ] GC(9)   Other: 0.09ms
[2026-04-03T01:27:13.395+0600][3.174s][info][gc,heap        ] GC(9) Eden regions: 21->0(16)
[2026-04-03T01:27:13.395+0600][3.174s][info][gc,heap        ] GC(9) Survivor regions: 2->6(6)
[2026-04-03T01:27:13.395+0600][3.174s][info][gc,heap        ] GC(9) Old regions: 7->8
[2026-04-03T01:27:13.395+0600][3.174s][info][gc,heap        ] GC(9) Humongous regions: 0->0
[2026-04-03T01:27:13.395+0600][3.175s][info][gc,metaspace   ] GC(9) Metaspace: 25158K(25472K)->25158K(25472K) NonClass: 22021K(22208K)->22021K(22208K) Class: 3137K(3264K)->3137K(3264K)
[2026-04-03T01:27:13.395+0600][3.175s][info][gc             ] GC(9) Pause Young (Prepare Mixed) (G1 Evacuation Pause) 50M->19M(74M) 16.363ms
[2026-04-03T01:27:13.395+0600][3.175s][info][gc,cpu         ] GC(9) User=0.03s Sys=0.00s Real=0.02s
[2026-04-03T01:27:13.795+0600][3.575s][info][gc,start       ] GC(10) Pause Young (Mixed) (G1 Evacuation Pause)
[2026-04-03T01:27:13.795+0600][3.575s][info][gc,task        ] GC(10) Using 2 workers of 10 for evacuation
[2026-04-03T01:27:13.809+0600][3.588s][info][gc,phases      ] GC(10)   Pre Evacuate Collection Set: 0.35ms
[2026-04-03T01:27:13.809+0600][3.588s][info][gc,phases      ] GC(10)   Merge Heap Roots: 0.19ms
[2026-04-03T01:27:13.809+0600][3.588s][info][gc,phases      ] GC(10)   Evacuate Collection Set: 11.81ms
[2026-04-03T01:27:13.809+0600][3.588s][info][gc,phases      ] GC(10)   Post Evacuate Collection Set: 1.01ms
[2026-04-03T01:27:13.809+0600][3.588s][info][gc,phases      ] GC(10)   Other: 0.06ms
[2026-04-03T01:27:13.809+0600][3.588s][info][gc,heap        ] GC(10) Eden regions: 16->0(18)
[2026-04-03T01:27:13.809+0600][3.588s][info][gc,heap        ] GC(10) Survivor regions: 6->2(3)
[2026-04-03T01:27:13.809+0600][3.588s][info][gc,heap        ] GC(10) Old regions: 8->11
[2026-04-03T01:27:13.809+0600][3.588s][info][gc,heap        ] GC(10) Humongous regions: 0->0
[2026-04-03T01:27:13.809+0600][3.588s][info][gc,metaspace   ] GC(10) Metaspace: 30589K(30912K)->30589K(30912K) NonClass: 26939K(27136K)->26939K(27136K) Class: 3650K(3776K)->3650K(3776K)
[2026-04-03T01:27:13.809+0600][3.588s][info][gc             ] GC(10) Pause Young (Mixed) (G1 Evacuation Pause) 51M->21M(76M) 13.635ms
[2026-04-03T01:27:13.809+0600][3.588s][info][gc,cpu         ] GC(10) User=0.03s Sys=0.00s Real=0.01s
[2026-04-03T01:27:14.377+0600][4.156s][info][gc,start       ] GC(11) Pause Young (Normal) (G1 Evacuation Pause)
[2026-04-03T01:27:14.377+0600][4.156s][info][gc,task        ] GC(11) Using 2 workers of 10 for evacuation
[2026-04-03T01:27:14.387+0600][4.166s][info][gc,phases      ] GC(11)   Pre Evacuate Collection Set: 0.20ms
[2026-04-03T01:27:14.387+0600][4.166s][info][gc,phases      ] GC(11)   Merge Heap Roots: 0.09ms
[2026-04-03T01:27:14.387+0600][4.166s][info][gc,phases      ] GC(11)   Evacuate Collection Set: 8.26ms
[2026-04-03T01:27:14.387+0600][4.166s][info][gc,phases      ] GC(11)   Post Evacuate Collection Set: 0.87ms
[2026-04-03T01:27:14.387+0600][4.166s][info][gc,phases      ] GC(11)   Other: 0.10ms
[2026-04-03T01:27:14.387+0600][4.166s][info][gc,heap        ] GC(11) Eden regions: 18->0(18)
[2026-04-03T01:27:14.387+0600][4.166s][info][gc,heap        ] GC(11) Survivor regions: 2->3(3)
[2026-04-03T01:27:14.387+0600][4.166s][info][gc,heap        ] GC(11) Old regions: 11->11
[2026-04-03T01:27:14.387+0600][4.166s][info][gc,heap        ] GC(11) Humongous regions: 0->0
[2026-04-03T01:27:14.387+0600][4.166s][info][gc,metaspace   ] GC(11) Metaspace: 34247K(34624K)->34247K(34624K) NonClass: 30221K(30464K)->30221K(30464K) Class: 4025K(4160K)->4025K(4160K)
[2026-04-03T01:27:14.387+0600][4.166s][info][gc             ] GC(11) Pause Young (Normal) (G1 Evacuation Pause) 57M->23M(76M) 9.850ms
[2026-04-03T01:27:14.387+0600][4.166s][info][gc,cpu         ] GC(11) User=0.03s Sys=0.00s Real=0.01s
[2026-04-03T01:27:14.536+0600][4.315s][info][gc,start       ] GC(12) Pause Young (Concurrent Start) (Metadata GC Threshold)
[2026-04-03T01:27:14.536+0600][4.315s][info][gc,task        ] GC(12) Using 2 workers of 10 for evacuation
[2026-04-03T01:27:14.545+0600][4.324s][info][gc,phases      ] GC(12)   Pre Evacuate Collection Set: 0.24ms
[2026-04-03T01:27:14.545+0600][4.324s][info][gc,phases      ] GC(12)   Merge Heap Roots: 0.07ms
[2026-04-03T01:27:14.545+0600][4.324s][info][gc,phases      ] GC(12)   Evacuate Collection Set: 8.25ms
[2026-04-03T01:27:14.545+0600][4.324s][info][gc,phases      ] GC(12)   Post Evacuate Collection Set: 0.50ms
[2026-04-03T01:27:14.545+0600][4.324s][info][gc,phases      ] GC(12)   Other: 0.11ms
[2026-04-03T01:27:14.545+0600][4.324s][info][gc,heap        ] GC(12) Eden regions: 9->0(25)
[2026-04-03T01:27:14.545+0600][4.324s][info][gc,heap        ] GC(12) Survivor regions: 3->2(3)
[2026-04-03T01:27:14.545+0600][4.324s][info][gc,heap        ] GC(12) Old regions: 11->12
[2026-04-03T01:27:14.545+0600][4.324s][info][gc,heap        ] GC(12) Humongous regions: 0->0
[2026-04-03T01:27:14.545+0600][4.324s][info][gc,metaspace   ] GC(12) Metaspace: 35652K(35968K)->35652K(35968K) NonClass: 31434K(31616K)->31434K(31616K) Class: 4218K(4352K)->4218K(4352K)
[2026-04-03T01:27:14.545+0600][4.324s][info][gc             ] GC(12) Pause Young (Concurrent Start) (Metadata GC Threshold) 40M->23M(92M) 9.375ms
[2026-04-03T01:27:14.545+0600][4.324s][info][gc,cpu         ] GC(12) User=0.02s Sys=0.00s Real=0.01s
[2026-04-03T01:27:14.545+0600][4.325s][info][gc             ] GC(13) Concurrent Mark Cycle
[2026-04-03T01:27:14.545+0600][4.325s][info][gc,marking     ] GC(13) Concurrent Scan Root Regions
[2026-04-03T01:27:14.549+0600][4.328s][info][gc,marking     ] GC(13) Concurrent Scan Root Regions 3.310ms
[2026-04-03T01:27:14.549+0600][4.328s][info][gc,marking     ] GC(13) Concurrent Mark
[2026-04-03T01:27:14.549+0600][4.328s][info][gc,marking     ] GC(13) Concurrent Mark From Roots
[2026-04-03T01:27:14.549+0600][4.328s][info][gc,task        ] GC(13) Using 2 workers of 2 for marking
[2026-04-03T01:27:14.563+0600][4.342s][info][gc,marking     ] GC(13) Concurrent Mark From Roots 14.089ms
[2026-04-03T01:27:14.563+0600][4.342s][info][gc,marking     ] GC(13) Concurrent Preclean
[2026-04-03T01:27:14.563+0600][4.342s][info][gc,marking     ] GC(13) Concurrent Preclean 0.076ms
[2026-04-03T01:27:14.563+0600][4.342s][info][gc,start       ] GC(13) Pause Remark
[2026-04-03T01:27:14.569+0600][4.349s][info][gc             ] GC(13) Pause Remark 24M->24M(92M) 6.079ms
[2026-04-03T01:27:14.569+0600][4.349s][info][gc,cpu         ] GC(13) User=0.01s Sys=0.00s Real=0.00s
[2026-04-03T01:27:14.569+0600][4.349s][info][gc,marking     ] GC(13) Concurrent Mark 20.724ms
[2026-04-03T01:27:14.569+0600][4.349s][info][gc,marking     ] GC(13) Concurrent Rebuild Remembered Sets and Scrub Regions
[2026-04-03T01:27:14.586+0600][4.365s][info][gc,marking     ] GC(13) Concurrent Rebuild Remembered Sets and Scrub Regions 16.051ms
[2026-04-03T01:27:14.586+0600][4.365s][info][gc,start       ] GC(13) Pause Cleanup
[2026-04-03T01:27:14.586+0600][4.365s][info][gc             ] GC(13) Pause Cleanup 25M->25M(92M) 0.237ms
[2026-04-03T01:27:14.586+0600][4.365s][info][gc,cpu         ] GC(13) User=0.00s Sys=0.00s Real=0.00s
[2026-04-03T01:27:14.586+0600][4.365s][info][gc,marking     ] GC(13) Concurrent Clear Claimed Marks
[2026-04-03T01:27:14.586+0600][4.365s][info][gc,marking     ] GC(13) Concurrent Clear Claimed Marks 0.048ms
[2026-04-03T01:27:14.586+0600][4.365s][info][gc,marking     ] GC(13) Concurrent Cleanup for Next Mark
[2026-04-03T01:27:14.587+0600][4.366s][info][gc,marking     ] GC(13) Concurrent Cleanup for Next Mark 0.400ms
[2026-04-03T01:27:14.587+0600][4.366s][info][gc             ] GC(13) Concurrent Mark Cycle 41.291ms
[2026-04-03T01:27:16.040+0600][5.819s][info][gc,start       ] GC(14) Pause Young (Prepare Mixed) (G1 Evacuation Pause)
[2026-04-03T01:27:16.040+0600][5.819s][info][gc,task        ] GC(14) Using 2 workers of 10 for evacuation
[2026-04-03T01:27:16.059+0600][5.839s][info][gc,phases      ] GC(14)   Pre Evacuate Collection Set: 0.27ms
[2026-04-03T01:27:16.060+0600][5.839s][info][gc,phases      ] GC(14)   Merge Heap Roots: 0.19ms
[2026-04-03T01:27:16.060+0600][5.839s][info][gc,phases      ] GC(14)   Evacuate Collection Set: 17.33ms
[2026-04-03T01:27:16.060+0600][5.839s][info][gc,phases      ] GC(14)   Post Evacuate Collection Set: 1.42ms
[2026-04-03T01:27:16.060+0600][5.839s][info][gc,phases      ] GC(14)   Other: 0.09ms
[2026-04-03T01:27:16.060+0600][5.839s][info][gc,heap        ] GC(14) Eden regions: 25->0(21)
[2026-04-03T01:27:16.060+0600][5.839s][info][gc,heap        ] GC(14) Survivor regions: 2->4(4)
[2026-04-03T01:27:16.060+0600][5.839s][info][gc,heap        ] GC(14) Old regions: 12->13
[2026-04-03T01:27:16.060+0600][5.839s][info][gc,heap        ] GC(14) Humongous regions: 0->0
[2026-04-03T01:27:16.060+0600][5.839s][info][gc,metaspace   ] GC(14) Metaspace: 43241K(43648K)->43241K(43648K) NonClass: 38070K(38336K)->38070K(38336K) Class: 5171K(5312K)->5171K(5312K)
[2026-04-03T01:27:16.060+0600][5.839s][info][gc             ] GC(14) Pause Young (Prepare Mixed) (G1 Evacuation Pause) 73M->31M(92M) 19.651ms
[2026-04-03T01:27:16.060+0600][5.839s][info][gc,cpu         ] GC(14) User=0.07s Sys=0.01s Real=0.02s
[2026-04-03T01:27:18.691+0600][8.470s][info][gc,start       ] GC(15) Pause Young (Mixed) (G1 Evacuation Pause)
[2026-04-03T01:27:18.691+0600][8.470s][info][gc,task        ] GC(15) Using 2 workers of 10 for evacuation
[2026-04-03T01:27:18.725+0600][8.504s][info][gc,phases      ] GC(15)   Pre Evacuate Collection Set: 0.34ms
[2026-04-03T01:27:18.725+0600][8.504s][info][gc,phases      ] GC(15)   Merge Heap Roots: 0.30ms
[2026-04-03T01:27:18.725+0600][8.504s][info][gc,phases      ] GC(15)   Evacuate Collection Set: 31.49ms
[2026-04-03T01:27:18.725+0600][8.504s][info][gc,phases      ] GC(15)   Post Evacuate Collection Set: 1.68ms
[2026-04-03T01:27:18.725+0600][8.504s][info][gc,phases      ] GC(15)   Other: 0.11ms
[2026-04-03T01:27:18.725+0600][8.504s][info][gc,heap        ] GC(15) Eden regions: 21->0(18)
[2026-04-03T01:27:18.725+0600][8.504s][info][gc,heap        ] GC(15) Survivor regions: 4->4(4)
[2026-04-03T01:27:18.725+0600][8.504s][info][gc,heap        ] GC(15) Old regions: 13->16
[2026-04-03T01:27:18.725+0600][8.504s][info][gc,heap        ] GC(15) Humongous regions: 1->1
[2026-04-03T01:27:18.725+0600][8.504s][info][gc,metaspace   ] GC(15) Metaspace: 46445K(46912K)->46445K(46912K) NonClass: 40969K(41280K)->40969K(41280K) Class: 5475K(5632K)->5475K(5632K)
[2026-04-03T01:27:18.725+0600][8.504s][info][gc             ] GC(15) Pause Young (Mixed) (G1 Evacuation Pause) 75M->39M(94M) 34.259ms
[2026-04-03T01:27:18.725+0600][8.504s][info][gc,cpu         ] GC(15) User=0.08s Sys=0.00s Real=0.03s
[2026-04-03T01:27:20.860+0600][10.640s][info][gc,start       ] GC(16) Pause Young (Normal) (G1 Evacuation Pause)
[2026-04-03T01:27:20.860+0600][10.640s][info][gc,task        ] GC(16) Using 2 workers of 10 for evacuation
[2026-04-03T01:27:20.887+0600][10.666s][info][gc,phases      ] GC(16)   Pre Evacuate Collection Set: 0.35ms
[2026-04-03T01:27:20.887+0600][10.666s][info][gc,phases      ] GC(16)   Merge Heap Roots: 0.31ms
[2026-04-03T01:27:20.887+0600][10.666s][info][gc,phases      ] GC(16)   Evacuate Collection Set: 23.90ms
[2026-04-03T01:27:20.887+0600][10.666s][info][gc,phases      ] GC(16)   Post Evacuate Collection Set: 1.83ms
[2026-04-03T01:27:20.887+0600][10.666s][info][gc,phases      ] GC(16)   Other: 0.15ms
[2026-04-03T01:27:20.887+0600][10.666s][info][gc,heap        ] GC(16) Eden regions: 18->0(16)
[2026-04-03T01:27:20.887+0600][10.666s][info][gc,heap        ] GC(16) Survivor regions: 4->3(3)
[2026-04-03T01:27:20.887+0600][10.666s][info][gc,heap        ] GC(16) Old regions: 16->20
[2026-04-03T01:27:20.887+0600][10.666s][info][gc,heap        ] GC(16) Humongous regions: 1->1
[2026-04-03T01:27:20.887+0600][10.666s][info][gc,metaspace   ] GC(16) Metaspace: 48135K(48576K)->48135K(48576K) NonClass: 42499K(42752K)->42499K(42752K) Class: 5635K(5824K)->5635K(5824K)
[2026-04-03T01:27:20.887+0600][10.666s][info][gc             ] GC(16) Pause Young (Normal) (G1 Evacuation Pause) 75M->44M(94M) 26.869ms
[2026-04-03T01:27:20.887+0600][10.666s][info][gc,cpu         ] GC(16) User=0.05s Sys=0.00s Real=0.02s
[2026-04-03T01:27:21.507+0600][11.287s][info][gc,start       ] GC(17) Pause Young (Normal) (G1 Evacuation Pause)
[2026-04-03T01:27:21.507+0600][11.287s][info][gc,task        ] GC(17) Using 4 workers of 10 for evacuation
[2026-04-03T01:27:21.520+0600][11.300s][info][gc,phases      ] GC(17)   Pre Evacuate Collection Set: 0.27ms
[2026-04-03T01:27:21.520+0600][11.300s][info][gc,phases      ] GC(17)   Merge Heap Roots: 0.16ms
[2026-04-03T01:27:21.520+0600][11.300s][info][gc,phases      ] GC(17)   Evacuate Collection Set: 11.11ms
[2026-04-03T01:27:21.520+0600][11.300s][info][gc,phases      ] GC(17)   Post Evacuate Collection Set: 1.26ms
[2026-04-03T01:27:21.520+0600][11.300s][info][gc,phases      ] GC(17)   Other: 0.10ms
[2026-04-03T01:27:21.520+0600][11.300s][info][gc,heap        ] GC(17) Eden regions: 16->0(17)
[2026-04-03T01:27:21.520+0600][11.300s][info][gc,heap        ] GC(17) Survivor regions: 3->3(3)
[2026-04-03T01:27:21.520+0600][11.300s][info][gc,heap        ] GC(17) Old regions: 20->26
[2026-04-03T01:27:21.520+0600][11.300s][info][gc,heap        ] GC(17) Humongous regions: 1->1
[2026-04-03T01:27:21.520+0600][11.300s][info][gc,metaspace   ] GC(17) Metaspace: 49492K(49984K)->49492K(49984K) NonClass: 43669K(43968K)->43669K(43968K) Class: 5823K(6016K)->5823K(6016K)
[2026-04-03T01:27:21.521+0600][11.300s][info][gc             ] GC(17) Pause Young (Normal) (G1 Evacuation Pause) 76M->57M(118M) 13.229ms
[2026-04-03T01:27:21.521+0600][11.300s][info][gc,cpu         ] GC(17) User=0.06s Sys=0.00s Real=0.02s
[2026-04-03T01:27:22.956+0600][12.735s][info][gc,start       ] GC(18) Pause Young (Concurrent Start) (CodeCache GC Threshold)
[2026-04-03T01:27:22.956+0600][12.735s][info][gc,task        ] GC(18) Using 3 workers of 10 for evacuation
[2026-04-03T01:27:22.967+0600][12.747s][info][gc,phases      ] GC(18)   Pre Evacuate Collection Set: 0.39ms
[2026-04-03T01:27:22.968+0600][12.747s][info][gc,phases      ] GC(18)   Merge Heap Roots: 0.24ms
[2026-04-03T01:27:22.968+0600][12.747s][info][gc,phases      ] GC(18)   Evacuate Collection Set: 9.48ms
[2026-04-03T01:27:22.968+0600][12.747s][info][gc,phases      ] GC(18)   Post Evacuate Collection Set: 1.27ms
[2026-04-03T01:27:22.968+0600][12.747s][info][gc,phases      ] GC(18)   Other: 0.41ms
[2026-04-03T01:27:22.968+0600][12.747s][info][gc,heap        ] GC(18) Eden regions: 14->0(17)
[2026-04-03T01:27:22.968+0600][12.747s][info][gc,heap        ] GC(18) Survivor regions: 3->2(3)
[2026-04-03T01:27:22.968+0600][12.747s][info][gc,heap        ] GC(18) Old regions: 26->29
[2026-04-03T01:27:22.968+0600][12.747s][info][gc,heap        ] GC(18) Humongous regions: 1->1
[2026-04-03T01:27:22.968+0600][12.747s][info][gc,metaspace   ] GC(18) Metaspace: 51424K(51904K)->51424K(51904K) NonClass: 45410K(45696K)->45410K(45696K) Class: 6014K(6208K)->6014K(6208K)
[2026-04-03T01:27:22.968+0600][12.747s][info][gc             ] GC(18) Pause Young (Concurrent Start) (CodeCache GC Threshold) 84M->61M(118M) 12.097ms
[2026-04-03T01:27:22.968+0600][12.747s][info][gc,cpu         ] GC(18) User=0.05s Sys=0.00s Real=0.01s
[2026-04-03T01:27:22.968+0600][12.747s][info][gc             ] GC(19) Concurrent Mark Cycle
[2026-04-03T01:27:22.968+0600][12.747s][info][gc,marking     ] GC(19) Concurrent Scan Root Regions
[2026-04-03T01:27:22.975+0600][12.754s][info][gc,marking     ] GC(19) Concurrent Scan Root Regions 6.853ms
[2026-04-03T01:27:22.975+0600][12.754s][info][gc,marking     ] GC(19) Concurrent Mark
[2026-04-03T01:27:22.975+0600][12.754s][info][gc,marking     ] GC(19) Concurrent Mark From Roots
[2026-04-03T01:27:22.975+0600][12.754s][info][gc,task        ] GC(19) Using 2 workers of 2 for marking
[2026-04-03T01:27:23.037+0600][12.817s][info][gc,marking     ] GC(19) Concurrent Mark From Roots 62.681ms
[2026-04-03T01:27:23.038+0600][12.817s][info][gc,marking     ] GC(19) Concurrent Preclean
[2026-04-03T01:27:23.038+0600][12.818s][info][gc,marking     ] GC(19) Concurrent Preclean 0.845ms
[2026-04-03T01:27:23.039+0600][12.818s][info][gc,start       ] GC(19) Pause Remark
[2026-04-03T01:27:23.058+0600][12.837s][info][gc             ] GC(19) Pause Remark 62M->62M(118M) 18.871ms
[2026-04-03T01:27:23.058+0600][12.837s][info][gc,cpu         ] GC(19) User=0.07s Sys=0.00s Real=0.02s
[2026-04-03T01:27:23.058+0600][12.837s][info][gc,marking     ] GC(19) Concurrent Mark 83.298ms
[2026-04-03T01:27:23.058+0600][12.837s][info][gc,marking     ] GC(19) Concurrent Rebuild Remembered Sets and Scrub Regions
[2026-04-03T01:27:23.136+0600][12.915s][info][gc,marking     ] GC(19) Concurrent Rebuild Remembered Sets and Scrub Regions 77.436ms
[2026-04-03T01:27:23.136+0600][12.915s][info][gc,start       ] GC(19) Pause Cleanup
[2026-04-03T01:27:23.136+0600][12.915s][info][gc             ] GC(19) Pause Cleanup 63M->63M(118M) 0.239ms
[2026-04-03T01:27:23.136+0600][12.915s][info][gc,cpu         ] GC(19) User=0.00s Sys=0.00s Real=0.00s
[2026-04-03T01:27:23.136+0600][12.915s][info][gc,marking     ] GC(19) Concurrent Clear Claimed Marks
[2026-04-03T01:27:23.136+0600][12.916s][info][gc,marking     ] GC(19) Concurrent Clear Claimed Marks 0.120ms
[2026-04-03T01:27:23.136+0600][12.916s][info][gc,marking     ] GC(19) Concurrent Cleanup for Next Mark
[2026-04-03T01:27:23.137+0600][12.916s][info][gc,marking     ] GC(19) Concurrent Cleanup for Next Mark 0.606ms
[2026-04-03T01:27:23.137+0600][12.916s][info][gc             ] GC(19) Concurrent Mark Cycle 169.333ms
[2026-04-03T01:27:24.566+0600][14.345s][info][gc,start       ] GC(20) Pause Young (Prepare Mixed) (G1 Evacuation Pause)
[2026-04-03T01:27:24.566+0600][14.345s][info][gc,task        ] GC(20) Using 2 workers of 10 for evacuation
[2026-04-03T01:27:24.590+0600][14.369s][info][gc,phases      ] GC(20)   Pre Evacuate Collection Set: 0.24ms
[2026-04-03T01:27:24.590+0600][14.369s][info][gc,phases      ] GC(20)   Merge Heap Roots: 0.36ms
[2026-04-03T01:27:24.590+0600][14.369s][info][gc,phases      ] GC(20)   Evacuate Collection Set: 21.35ms
[2026-04-03T01:27:24.590+0600][14.369s][info][gc,phases      ] GC(20)   Post Evacuate Collection Set: 1.60ms
[2026-04-03T01:27:24.590+0600][14.369s][info][gc,phases      ] GC(20)   Other: 0.10ms
[2026-04-03T01:27:24.590+0600][14.369s][info][gc,heap        ] GC(20) Eden regions: 17->0(15)
[2026-04-03T01:27:24.590+0600][14.369s][info][gc,heap        ] GC(20) Survivor regions: 2->3(3)
[2026-04-03T01:27:24.590+0600][14.369s][info][gc,heap        ] GC(20) Old regions: 29->30
[2026-04-03T01:27:24.590+0600][14.369s][info][gc,heap        ] GC(20) Humongous regions: 1->1
[2026-04-03T01:27:24.590+0600][14.369s][info][gc,metaspace   ] GC(20) Metaspace: 52973K(53440K)->52973K(53440K) NonClass: 46803K(47104K)->46803K(47104K) Class: 6170K(6336K)->6170K(6336K)
[2026-04-03T01:27:24.590+0600][14.369s][info][gc             ] GC(20) Pause Young (Prepare Mixed) (G1 Evacuation Pause) 95M->66M(118M) 23.972ms
[2026-04-03T01:27:24.590+0600][14.369s][info][gc,cpu         ] GC(20) User=0.07s Sys=0.00s Real=0.03s
[2026-04-03T01:27:25.641+0600][15.420s][info][gc,start       ] GC(21) Pause Young (Mixed) (G1 Evacuation Pause)
[2026-04-03T01:27:25.641+0600][15.420s][info][gc,task        ] GC(21) Using 2 workers of 10 for evacuation
[2026-04-03T01:27:25.666+0600][15.445s][info][gc,phases      ] GC(21)   Pre Evacuate Collection Set: 0.16ms
[2026-04-03T01:27:25.666+0600][15.445s][info][gc,phases      ] GC(21)   Merge Heap Roots: 0.31ms
[2026-04-03T01:27:25.666+0600][15.445s][info][gc,phases      ] GC(21)   Evacuate Collection Set: 23.36ms
[2026-04-03T01:27:25.666+0600][15.445s][info][gc,phases      ] GC(21)   Post Evacuate Collection Set: 1.34ms
[2026-04-03T01:27:25.666+0600][15.446s][info][gc,phases      ] GC(21)   Other: 0.07ms
[2026-04-03T01:27:25.666+0600][15.446s][info][gc,heap        ] GC(21) Eden regions: 15->0(16)
[2026-04-03T01:27:25.666+0600][15.446s][info][gc,heap        ] GC(21) Survivor regions: 3->3(3)
[2026-04-03T01:27:25.666+0600][15.446s][info][gc,heap        ] GC(21) Old regions: 30->30
[2026-04-03T01:27:25.666+0600][15.446s][info][gc,heap        ] GC(21) Humongous regions: 1->1
[2026-04-03T01:27:25.666+0600][15.446s][info][gc,metaspace   ] GC(21) Metaspace: 55297K(55744K)->55297K(55744K) NonClass: 48881K(49152K)->48881K(49152K) Class: 6415K(6592K)->6415K(6592K)
[2026-04-03T01:27:25.666+0600][15.446s][info][gc             ] GC(21) Pause Young (Mixed) (G1 Evacuation Pause) 96M->64M(118M) 25.478ms
[2026-04-03T01:27:25.666+0600][15.446s][info][gc,cpu         ] GC(21) User=0.05s Sys=0.00s Real=0.02s
[2026-04-03T01:27:26.392+0600][16.172s][info][gc,start       ] GC(22) Pause Young (Concurrent Start) (G1 Evacuation Pause)
[2026-04-03T01:27:26.392+0600][16.172s][info][gc,task        ] GC(22) Using 2 workers of 10 for evacuation
[2026-04-03T01:27:26.410+0600][16.189s][info][gc,phases      ] GC(22)   Pre Evacuate Collection Set: 0.40ms
[2026-04-03T01:27:26.410+0600][16.189s][info][gc,phases      ] GC(22)   Merge Heap Roots: 0.29ms
[2026-04-03T01:27:26.410+0600][16.189s][info][gc,phases      ] GC(22)   Evacuate Collection Set: 15.33ms
[2026-04-03T01:27:26.410+0600][16.189s][info][gc,phases      ] GC(22)   Post Evacuate Collection Set: 0.86ms
[2026-04-03T01:27:26.410+0600][16.189s][info][gc,phases      ] GC(22)   Other: 0.30ms
[2026-04-03T01:27:26.410+0600][16.189s][info][gc,heap        ] GC(22) Eden regions: 16->0(16)
[2026-04-03T01:27:26.410+0600][16.189s][info][gc,heap        ] GC(22) Survivor regions: 3->2(3)
[2026-04-03T01:27:26.410+0600][16.189s][info][gc,heap        ] GC(22) Old regions: 30->32
[2026-04-03T01:27:26.410+0600][16.189s][info][gc,heap        ] GC(22) Humongous regions: 1->1
[2026-04-03T01:27:26.410+0600][16.189s][info][gc,metaspace   ] GC(22) Metaspace: 57732K(58240K)->57732K(58240K) NonClass: 51021K(51264K)->51021K(51264K) Class: 6710K(6976K)->6710K(6976K)
[2026-04-03T01:27:26.410+0600][16.189s][info][gc             ] GC(22) Pause Young (Concurrent Start) (G1 Evacuation Pause) 96M->67M(118M) 17.423ms
[2026-04-03T01:27:26.410+0600][16.189s][info][gc,cpu         ] GC(22) User=0.04s Sys=0.00s Real=0.02s
[2026-04-03T01:27:26.410+0600][16.189s][info][gc             ] GC(23) Concurrent Mark Cycle
[2026-04-03T01:27:26.410+0600][16.189s][info][gc,marking     ] GC(23) Concurrent Scan Root Regions
[2026-04-03T01:27:26.416+0600][16.195s][info][gc,marking     ] GC(23) Concurrent Scan Root Regions 5.756ms
[2026-04-03T01:27:26.416+0600][16.195s][info][gc,marking     ] GC(23) Concurrent Mark
[2026-04-03T01:27:26.416+0600][16.195s][info][gc,marking     ] GC(23) Concurrent Mark From Roots
[2026-04-03T01:27:26.416+0600][16.195s][info][gc,task        ] GC(23) Using 2 workers of 2 for marking
[2026-04-03T01:27:26.487+0600][16.266s][info][gc,marking     ] GC(23) Concurrent Mark From Roots 71.110ms
[2026-04-03T01:27:26.487+0600][16.266s][info][gc,marking     ] GC(23) Concurrent Preclean
[2026-04-03T01:27:26.488+0600][16.267s][info][gc,marking     ] GC(23) Concurrent Preclean 1.181ms
[2026-04-03T01:27:26.489+0600][16.268s][info][gc,start       ] GC(23) Pause Remark
[2026-04-03T01:27:26.520+0600][16.299s][info][gc             ] GC(23) Pause Remark 68M->68M(118M) 31.042ms
[2026-04-03T01:27:26.520+0600][16.299s][info][gc,cpu         ] GC(23) User=0.06s Sys=0.00s Real=0.04s
[2026-04-03T01:27:26.520+0600][16.299s][info][gc,marking     ] GC(23) Concurrent Mark 104.216ms
[2026-04-03T01:27:26.520+0600][16.299s][info][gc,marking     ] GC(23) Concurrent Rebuild Remembered Sets and Scrub Regions
[2026-04-03T01:27:26.636+0600][16.416s][info][gc,marking     ] GC(23) Concurrent Rebuild Remembered Sets and Scrub Regions 116.317ms
[2026-04-03T01:27:26.637+0600][16.416s][info][gc,start       ] GC(23) Pause Cleanup
[2026-04-03T01:27:26.637+0600][16.417s][info][gc             ] GC(23) Pause Cleanup 71M->71M(118M) 0.416ms
[2026-04-03T01:27:26.637+0600][16.417s][info][gc,cpu         ] GC(23) User=0.00s Sys=0.00s Real=0.00s
[2026-04-03T01:27:26.638+0600][16.417s][info][gc,marking     ] GC(23) Concurrent Clear Claimed Marks
[2026-04-03T01:27:26.638+0600][16.417s][info][gc,marking     ] GC(23) Concurrent Clear Claimed Marks 0.102ms
[2026-04-03T01:27:26.638+0600][16.417s][info][gc,marking     ] GC(23) Concurrent Cleanup for Next Mark
[2026-04-03T01:27:26.638+0600][16.417s][info][gc,marking     ] GC(23) Concurrent Cleanup for Next Mark 0.282ms
[2026-04-03T01:27:26.638+0600][16.417s][info][gc             ] GC(23) Concurrent Mark Cycle 228.139ms
[2026-04-03T01:27:27.205+0600][16.984s][info][gc,start       ] GC(24) Pause Young (Prepare Mixed) (G1 Evacuation Pause)
[2026-04-03T01:27:27.205+0600][16.984s][info][gc,task        ] GC(24) Using 2 workers of 10 for evacuation
[2026-04-03T01:27:27.220+0600][17.000s][info][gc,phases      ] GC(24)   Pre Evacuate Collection Set: 0.19ms
[2026-04-03T01:27:27.220+0600][17.000s][info][gc,phases      ] GC(24)   Merge Heap Roots: 0.22ms
[2026-04-03T01:27:27.220+0600][17.000s][info][gc,phases      ] GC(24)   Evacuate Collection Set: 13.99ms
[2026-04-03T01:27:27.220+0600][17.000s][info][gc,phases      ] GC(24)   Post Evacuate Collection Set: 0.98ms
[2026-04-03T01:27:27.220+0600][17.000s][info][gc,phases      ] GC(24)   Other: 0.10ms
[2026-04-03T01:27:27.220+0600][17.000s][info][gc,heap        ] GC(24) Eden regions: 16->0(17)
[2026-04-03T01:27:27.220+0600][17.000s][info][gc,heap        ] GC(24) Survivor regions: 2->2(3)
[2026-04-03T01:27:27.220+0600][17.000s][info][gc,heap        ] GC(24) Old regions: 32->32
[2026-04-03T01:27:27.220+0600][17.000s][info][gc,heap        ] GC(24) Humongous regions: 1->1
[2026-04-03T01:27:27.220+0600][17.000s][info][gc,metaspace   ] GC(24) Metaspace: 58252K(58816K)->58252K(58816K) NonClass: 51504K(51840K)->51504K(51840K) Class: 6748K(6976K)->6748K(6976K)
[2026-04-03T01:27:27.221+0600][17.000s][info][gc             ] GC(24) Pause Young (Prepare Mixed) (G1 Evacuation Pause) 99M->67M(118M) 15.725ms
[2026-04-03T01:27:27.221+0600][17.000s][info][gc,cpu         ] GC(24) User=0.05s Sys=0.00s Real=0.02s
[2026-04-03T01:27:27.847+0600][17.626s][info][gc,start       ] GC(25) Pause Full (System.gc())
[2026-04-03T01:27:27.847+0600][17.626s][info][gc,task        ] GC(25) Using 2 workers of 10 for full compaction
[2026-04-03T01:27:27.847+0600][17.626s][info][gc,phases,start] GC(25) Phase 1: Mark live objects
[2026-04-03T01:27:27.885+0600][17.664s][info][gc,phases      ] GC(25) Phase 1: Mark live objects 38.018ms
[2026-04-03T01:27:27.885+0600][17.664s][info][gc,phases,start] GC(25) Phase 2: Prepare compaction
[2026-04-03T01:27:27.889+0600][17.668s][info][gc,phases      ] GC(25) Phase 2: Prepare compaction 4.005ms
[2026-04-03T01:27:27.889+0600][17.669s][info][gc,phases,start] GC(25) Phase 3: Adjust pointers
[2026-04-03T01:27:27.910+0600][17.690s][info][gc,phases      ] GC(25) Phase 3: Adjust pointers 21.087ms
[2026-04-03T01:27:27.910+0600][17.690s][info][gc,phases,start] GC(25) Phase 4: Compact heap
[2026-04-03T01:27:27.916+0600][17.695s][info][gc,phases      ] GC(25) Phase 4: Compact heap 5.154ms
[2026-04-03T01:27:27.916+0600][17.695s][info][gc,phases,start] GC(25) Phase 5: Reset Metadata
[2026-04-03T01:27:27.920+0600][17.699s][info][gc,phases      ] GC(25) Phase 5: Reset Metadata 4.364ms
[2026-04-03T01:27:27.933+0600][17.713s][info][gc,heap        ] GC(25) Eden regions: 6->0(23)
[2026-04-03T01:27:27.933+0600][17.713s][info][gc,heap        ] GC(25) Survivor regions: 2->0(3)
[2026-04-03T01:27:27.933+0600][17.713s][info][gc,heap        ] GC(25) Old regions: 32->12
[2026-04-03T01:27:27.933+0600][17.713s][info][gc,heap        ] GC(25) Humongous regions: 1->1
[2026-04-03T01:27:27.933+0600][17.713s][info][gc,metaspace   ] GC(25) Metaspace: 58489K(59008K)->58489K(59008K) NonClass: 51714K(52032K)->51714K(52032K) Class: 6774K(6976K)->6774K(6976K)
[2026-04-03T01:27:27.933+0600][17.713s][info][gc             ] GC(25) Pause Full (System.gc()) 78M->24M(88M) 86.473ms
[2026-04-03T01:27:27.933+0600][17.713s][info][gc,cpu         ] GC(25) User=0.15s Sys=0.00s Real=0.09s
[2026-04-03T01:27:28.832+0600][18.611s][info][gc,start       ] GC(26) Pause Young (Normal) (G1 Evacuation Pause)
[2026-04-03T01:27:28.832+0600][18.611s][info][gc,task        ] GC(26) Using 2 workers of 10 for evacuation
[2026-04-03T01:27:28.852+0600][18.631s][info][gc,phases      ] GC(26)   Pre Evacuate Collection Set: 0.24ms
[2026-04-03T01:27:28.852+0600][18.631s][info][gc,phases      ] GC(26)   Merge Heap Roots: 0.17ms
[2026-04-03T01:27:28.852+0600][18.631s][info][gc,phases      ] GC(26)   Evacuate Collection Set: 17.65ms
[2026-04-03T01:27:28.852+0600][18.631s][info][gc,phases      ] GC(26)   Post Evacuate Collection Set: 1.93ms
[2026-04-03T01:27:28.852+0600][18.631s][info][gc,phases      ] GC(26)   Other: 0.10ms
[2026-04-03T01:27:28.852+0600][18.631s][info][gc,heap        ] GC(26) Eden regions: 23->0(30)
[2026-04-03T01:27:28.852+0600][18.631s][info][gc,heap        ] GC(26) Survivor regions: 0->3(3)
[2026-04-03T01:27:28.852+0600][18.631s][info][gc,heap        ] GC(26) Old regions: 12->16
[2026-04-03T01:27:28.852+0600][18.631s][info][gc,heap        ] GC(26) Humongous regions: 1->1
[2026-04-03T01:27:28.852+0600][18.631s][info][gc,metaspace   ] GC(26) Metaspace: 58871K(59328K)->58871K(59328K) NonClass: 52096K(52352K)->52096K(52352K) Class: 6774K(6976K)->6774K(6976K)
[2026-04-03T01:27:28.852+0600][18.631s][info][gc             ] GC(26) Pause Young (Normal) (G1 Evacuation Pause) 70M->37M(130M) 20.427ms
[2026-04-03T01:27:28.852+0600][18.631s][info][gc,cpu         ] GC(26) User=0.04s Sys=0.00s Real=0.02s
[2026-04-03T01:27:30.808+0600][20.587s][info][gc,start       ] GC(27) Pause Young (Normal) (G1 Evacuation Pause)
[2026-04-03T01:27:30.808+0600][20.587s][info][gc,task        ] GC(27) Using 4 workers of 10 for evacuation
[2026-04-03T01:27:30.828+0600][20.607s][info][gc,phases      ] GC(27)   Pre Evacuate Collection Set: 0.30ms
[2026-04-03T01:27:30.828+0600][20.607s][info][gc,phases      ] GC(27)   Merge Heap Roots: 0.25ms
[2026-04-03T01:27:30.828+0600][20.607s][info][gc,phases      ] GC(27)   Evacuate Collection Set: 17.11ms
[2026-04-03T01:27:30.828+0600][20.607s][info][gc,phases      ] GC(27)   Post Evacuate Collection Set: 2.34ms
[2026-04-03T01:27:30.828+0600][20.607s][info][gc,phases      ] GC(27)   Other: 0.20ms
[2026-04-03T01:27:30.828+0600][20.607s][info][gc,heap        ] GC(27) Eden regions: 30->0(26)
[2026-04-03T01:27:30.828+0600][20.607s][info][gc,heap        ] GC(27) Survivor regions: 3->5(5)
[2026-04-03T01:27:30.828+0600][20.607s][info][gc,heap        ] GC(27) Old regions: 16->19
[2026-04-03T01:27:30.828+0600][20.607s][info][gc,heap        ] GC(27) Humongous regions: 1->1
[2026-04-03T01:27:30.828+0600][20.607s][info][gc,metaspace   ] GC(27) Metaspace: 59308K(59776K)->59308K(59776K) NonClass: 52533K(52800K)->52533K(52800K) Class: 6774K(6976K)->6774K(6976K)
[2026-04-03T01:27:30.828+0600][20.607s][info][gc             ] GC(27) Pause Young (Normal) (G1 Evacuation Pause) 97M->48M(130M) 20.605ms
[2026-04-03T01:27:30.828+0600][20.607s][info][gc,cpu         ] GC(27) User=0.11s Sys=0.00s Real=0.02s
[2026-04-03T01:27:31.851+0600][21.631s][info][gc,start       ] GC(28) Pause Young (Normal) (G1 Evacuation Pause)
[2026-04-03T01:27:31.852+0600][21.631s][info][gc,task        ] GC(28) Using 3 workers of 10 for evacuation
[2026-04-03T01:27:31.873+0600][21.652s][info][gc,phases      ] GC(28)   Pre Evacuate Collection Set: 0.31ms
[2026-04-03T01:27:31.873+0600][21.652s][info][gc,phases      ] GC(28)   Merge Heap Roots: 0.21ms
[2026-04-03T01:27:31.873+0600][21.652s][info][gc,phases      ] GC(28)   Evacuate Collection Set: 19.38ms
[2026-04-03T01:27:31.873+0600][21.652s][info][gc,phases      ] GC(28)   Post Evacuate Collection Set: 1.11ms
[2026-04-03T01:27:31.873+0600][21.652s][info][gc,phases      ] GC(28)   Other: 0.13ms
[2026-04-03T01:27:31.873+0600][21.652s][info][gc,heap        ] GC(28) Eden regions: 26->0(26)
[2026-04-03T01:27:31.873+0600][21.652s][info][gc,heap        ] GC(28) Survivor regions: 5->4(4)
[2026-04-03T01:27:31.873+0600][21.652s][info][gc,heap        ] GC(28) Old regions: 19->22
[2026-04-03T01:27:31.873+0600][21.652s][info][gc,heap        ] GC(28) Humongous regions: 1->1
[2026-04-03T01:27:31.873+0600][21.652s][info][gc,metaspace   ] GC(28) Metaspace: 59485K(59968K)->59485K(59968K) NonClass: 52710K(52992K)->52710K(52992K) Class: 6774K(6976K)->6774K(6976K)
[2026-04-03T01:27:31.873+0600][21.652s][info][gc             ] GC(28) Pause Young (Normal) (G1 Evacuation Pause) 100M->51M(130M) 21.499ms
[2026-04-03T01:27:31.873+0600][21.652s][info][gc,cpu         ] GC(28) User=0.11s Sys=0.00s Real=0.02s
[2026-04-03T01:27:33.023+0600][22.802s][info][gc,start       ] GC(29) Pause Young (Normal) (G1 Evacuation Pause)
[2026-04-03T01:27:33.023+0600][22.802s][info][gc,task        ] GC(29) Using 3 workers of 10 for evacuation
[2026-04-03T01:27:33.043+0600][22.823s][info][gc,phases      ] GC(29)   Pre Evacuate Collection Set: 0.18ms
[2026-04-03T01:27:33.043+0600][22.823s][info][gc,phases      ] GC(29)   Merge Heap Roots: 0.36ms
[2026-04-03T01:27:33.043+0600][22.823s][info][gc,phases      ] GC(29)   Evacuate Collection Set: 18.50ms
[2026-04-03T01:27:33.043+0600][22.823s][info][gc,phases      ] GC(29)   Post Evacuate Collection Set: 1.58ms
[2026-04-03T01:27:33.043+0600][22.823s][info][gc,phases      ] GC(29)   Other: 0.09ms
[2026-04-03T01:27:33.043+0600][22.823s][info][gc,heap        ] GC(29) Eden regions: 26->0(23)
[2026-04-03T01:27:33.043+0600][22.823s][info][gc,heap        ] GC(29) Survivor regions: 4->4(4)
[2026-04-03T01:27:33.043+0600][22.823s][info][gc,heap        ] GC(29) Old regions: 22->25
[2026-04-03T01:27:33.043+0600][22.823s][info][gc,heap        ] GC(29) Humongous regions: 1->1
[2026-04-03T01:27:33.044+0600][22.823s][info][gc,metaspace   ] GC(29) Metaspace: 59777K(60288K)->59777K(60288K) NonClass: 53003K(53312K)->53003K(53312K) Class: 6774K(6976K)->6774K(6976K)
[2026-04-03T01:27:33.044+0600][22.823s][info][gc             ] GC(29) Pause Young (Normal) (G1 Evacuation Pause) 103M->58M(130M) 20.940ms
[2026-04-03T01:27:33.044+0600][22.823s][info][gc,cpu         ] GC(29) User=0.06s Sys=0.00s Real=0.02s
[2026-04-03T01:27:33.618+0600][23.397s][info][gc,start       ] GC(30) Pause Full (System.gc())
[2026-04-03T01:27:33.618+0600][23.397s][info][gc,task        ] GC(30) Using 3 workers of 10 for full compaction
[2026-04-03T01:27:33.618+0600][23.397s][info][gc,phases,start] GC(30) Phase 1: Mark live objects
[2026-04-03T01:27:33.650+0600][23.429s][info][gc,phases      ] GC(30) Phase 1: Mark live objects 31.380ms
[2026-04-03T01:27:33.650+0600][23.429s][info][gc,phases,start] GC(30) Phase 2: Prepare compaction
[2026-04-03T01:27:33.651+0600][23.430s][info][gc,phases      ] GC(30) Phase 2: Prepare compaction 1.087ms
[2026-04-03T01:27:33.651+0600][23.430s][info][gc,phases,start] GC(30) Phase 3: Adjust pointers
[2026-04-03T01:27:33.673+0600][23.452s][info][gc,phases      ] GC(30) Phase 3: Adjust pointers 21.964ms
[2026-04-03T01:27:33.673+0600][23.452s][info][gc,phases,start] GC(30) Phase 4: Compact heap
[2026-04-03T01:27:33.674+0600][23.453s][info][gc,phases      ] GC(30) Phase 4: Compact heap 1.197ms
[2026-04-03T01:27:33.674+0600][23.453s][info][gc,phases,start] GC(30) Phase 5: Reset Metadata
[2026-04-03T01:27:33.679+0600][23.458s][info][gc,phases      ] GC(30) Phase 5: Reset Metadata 4.725ms
[2026-04-03T01:27:33.698+0600][23.478s][info][gc,heap        ] GC(30) Eden regions: 8->0(22)
[2026-04-03T01:27:33.698+0600][23.478s][info][gc,heap        ] GC(30) Survivor regions: 4->0(4)
[2026-04-03T01:27:33.698+0600][23.478s][info][gc,heap        ] GC(30) Old regions: 25->13
[2026-04-03T01:27:33.698+0600][23.478s][info][gc,heap        ] GC(30) Humongous regions: 1->1
[2026-04-03T01:27:33.698+0600][23.478s][info][gc,metaspace   ] GC(30) Metaspace: 59835K(60352K)->59835K(60352K) NonClass: 53060K(53376K)->53060K(53376K) Class: 6774K(6976K)->6774K(6976K)
[2026-04-03T01:27:33.698+0600][23.478s][info][gc             ] GC(30) Pause Full (System.gc()) 74M->24M(94M) 80.361ms
[2026-04-03T01:27:33.698+0600][23.478s][info][gc,cpu         ] GC(30) User=0.16s Sys=0.01s Real=0.08s
[2026-04-03T01:27:34.284+0600][24.063s][info][gc,start       ] GC(31) Pause Young (Concurrent Start) (G1 Evacuation Pause)
[2026-04-03T01:27:34.284+0600][24.063s][info][gc,task        ] GC(31) Using 2 workers of 10 for evacuation
[2026-04-03T01:27:34.306+0600][24.085s][info][gc,phases      ] GC(31)   Pre Evacuate Collection Set: 0.27ms
[2026-04-03T01:27:34.306+0600][24.085s][info][gc,phases      ] GC(31)   Merge Heap Roots: 0.07ms
[2026-04-03T01:27:34.306+0600][24.085s][info][gc,phases      ] GC(31)   Evacuate Collection Set: 19.04ms
[2026-04-03T01:27:34.306+0600][24.085s][info][gc,phases      ] GC(31)   Post Evacuate Collection Set: 2.16ms
[2026-04-03T01:27:34.306+0600][24.085s][info][gc,phases      ] GC(31)   Other: 0.20ms
[2026-04-03T01:27:34.306+0600][24.085s][info][gc,heap        ] GC(31) Eden regions: 22->0(30)
[2026-04-03T01:27:34.306+0600][24.085s][info][gc,heap        ] GC(31) Survivor regions: 0->3(3)
[2026-04-03T01:27:34.306+0600][24.085s][info][gc,heap        ] GC(31) Old regions: 13->17
[2026-04-03T01:27:34.306+0600][24.085s][info][gc,heap        ] GC(31) Humongous regions: 1->1
[2026-04-03T01:27:34.306+0600][24.085s][info][gc,metaspace   ] GC(31) Metaspace: 60029K(60480K)->60029K(60480K) NonClass: 53254K(53504K)->53254K(53504K) Class: 6774K(6976K)->6774K(6976K)
[2026-04-03T01:27:34.306+0600][24.085s][info][gc             ] GC(31) Pause Young (Concurrent Start) (G1 Evacuation Pause) 68M->38M(136M) 22.005ms
[2026-04-03T01:27:34.306+0600][24.085s][info][gc,cpu         ] GC(31) User=0.06s Sys=0.00s Real=0.02s
[2026-04-03T01:27:34.306+0600][24.085s][info][gc             ] GC(32) Concurrent Mark Cycle
[2026-04-03T01:27:34.306+0600][24.085s][info][gc,marking     ] GC(32) Concurrent Scan Root Regions
[2026-04-03T01:27:34.314+0600][24.093s][info][gc,marking     ] GC(32) Concurrent Scan Root Regions 7.690ms
[2026-04-03T01:27:34.314+0600][24.093s][info][gc,marking     ] GC(32) Concurrent Mark
[2026-04-03T01:27:34.314+0600][24.093s][info][gc,marking     ] GC(32) Concurrent Mark From Roots
[2026-04-03T01:27:34.314+0600][24.093s][info][gc,task        ] GC(32) Using 2 workers of 2 for marking
[2026-04-03T01:27:34.337+0600][24.116s][info][gc,marking     ] GC(32) Concurrent Mark From Roots 23.313ms
[2026-04-03T01:27:34.337+0600][24.116s][info][gc,marking     ] GC(32) Concurrent Preclean
[2026-04-03T01:27:34.338+0600][24.117s][info][gc,marking     ] GC(32) Concurrent Preclean 0.330ms
[2026-04-03T01:27:34.338+0600][24.117s][info][gc,start       ] GC(32) Pause Remark
[2026-04-03T01:27:34.370+0600][24.149s][info][gc             ] GC(32) Pause Remark 39M->39M(136M) 31.997ms
[2026-04-03T01:27:34.370+0600][24.149s][info][gc,cpu         ] GC(32) User=0.07s Sys=0.00s Real=0.04s
[2026-04-03T01:27:34.370+0600][24.149s][info][gc,marking     ] GC(32) Concurrent Mark 56.336ms
[2026-04-03T01:27:34.370+0600][24.149s][info][gc,marking     ] GC(32) Concurrent Rebuild Remembered Sets and Scrub Regions
[2026-04-03T01:27:34.400+0600][24.179s][info][gc,marking     ] GC(32) Concurrent Rebuild Remembered Sets and Scrub Regions 30.089ms
[2026-04-03T01:27:34.401+0600][24.180s][info][gc,start       ] GC(32) Pause Cleanup
[2026-04-03T01:27:34.401+0600][24.180s][info][gc             ] GC(32) Pause Cleanup 39M->39M(136M) 0.222ms
[2026-04-03T01:27:34.401+0600][24.180s][info][gc,cpu         ] GC(32) User=0.00s Sys=0.00s Real=0.00s
[2026-04-03T01:27:34.401+0600][24.180s][info][gc,marking     ] GC(32) Concurrent Clear Claimed Marks
[2026-04-03T01:27:34.401+0600][24.180s][info][gc,marking     ] GC(32) Concurrent Clear Claimed Marks 0.134ms
[2026-04-03T01:27:34.401+0600][24.181s][info][gc,marking     ] GC(32) Concurrent Cleanup for Next Mark
[2026-04-03T01:27:34.402+0600][24.181s][info][gc,marking     ] GC(32) Concurrent Cleanup for Next Mark 0.756ms
[2026-04-03T01:27:34.402+0600][24.181s][info][gc             ] GC(32) Concurrent Mark Cycle 96.144ms
[2026-04-03T01:27:35.689+0600][25.468s][info][gc,start       ] GC(33) Pause Young (Prepare Mixed) (G1 Evacuation Pause)
[2026-04-03T01:27:35.689+0600][25.468s][info][gc,task        ] GC(33) Using 4 workers of 10 for evacuation
[2026-04-03T01:27:35.714+0600][25.493s][info][gc,phases      ] GC(33)   Pre Evacuate Collection Set: 0.27ms
[2026-04-03T01:27:35.714+0600][25.493s][info][gc,phases      ] GC(33)   Merge Heap Roots: 0.24ms
[2026-04-03T01:27:35.714+0600][25.493s][info][gc,phases      ] GC(33)   Evacuate Collection Set: 22.64ms
[2026-04-03T01:27:35.714+0600][25.493s][info][gc,phases      ] GC(33)   Post Evacuate Collection Set: 1.40ms
[2026-04-03T01:27:35.714+0600][25.493s][info][gc,phases      ] GC(33)   Other: 0.15ms
[2026-04-03T01:27:35.714+0600][25.493s][info][gc,heap        ] GC(33) Eden regions: 30->0(24)
[2026-04-03T01:27:35.714+0600][25.493s][info][gc,heap        ] GC(33) Survivor regions: 3->5(5)
[2026-04-03T01:27:35.714+0600][25.493s][info][gc,heap        ] GC(33) Old regions: 17->23
[2026-04-03T01:27:35.714+0600][25.493s][info][gc,heap        ] GC(33) Humongous regions: 1->1
[2026-04-03T01:27:35.714+0600][25.493s][info][gc,metaspace   ] GC(33) Metaspace: 60172K(60672K)->60172K(60672K) NonClass: 53397K(53696K)->53397K(53696K) Class: 6774K(6976K)->6774K(6976K)
[2026-04-03T01:27:35.714+0600][25.493s][info][gc             ] GC(33) Pause Young (Prepare Mixed) (G1 Evacuation Pause) 98M->53M(136M) 25.021ms
[2026-04-03T01:27:35.714+0600][25.493s][info][gc,cpu         ] GC(33) User=0.12s Sys=0.00s Real=0.03s
[2026-04-03T01:27:36.413+0600][26.192s][info][gc,start       ] GC(34) Pause Young (Mixed) (G1 Evacuation Pause)
[2026-04-03T01:27:36.413+0600][26.192s][info][gc,task        ] GC(34) Using 3 workers of 10 for evacuation
[2026-04-03T01:27:36.435+0600][26.215s][info][gc,phases      ] GC(34)   Pre Evacuate Collection Set: 0.31ms
[2026-04-03T01:27:36.435+0600][26.215s][info][gc,phases      ] GC(34)   Merge Heap Roots: 0.24ms
[2026-04-03T01:27:36.435+0600][26.215s][info][gc,phases      ] GC(34)   Evacuate Collection Set: 20.01ms
[2026-04-03T01:27:36.435+0600][26.215s][info][gc,phases      ] GC(34)   Post Evacuate Collection Set: 1.72ms
[2026-04-03T01:27:36.435+0600][26.215s][info][gc,phases      ] GC(34)   Other: 0.12ms
[2026-04-03T01:27:36.435+0600][26.215s][info][gc,heap        ] GC(34) Eden regions: 24->0(23)
[2026-04-03T01:27:36.435+0600][26.215s][info][gc,heap        ] GC(34) Survivor regions: 5->4(4)
[2026-04-03T01:27:36.435+0600][26.215s][info][gc,heap        ] GC(34) Old regions: 23->27
[2026-04-03T01:27:36.435+0600][26.215s][info][gc,heap        ] GC(34) Humongous regions: 1->1
[2026-04-03T01:27:36.435+0600][26.215s][info][gc,metaspace   ] GC(34) Metaspace: 60346K(60800K)->60346K(60800K) NonClass: 53571K(53824K)->53571K(53824K) Class: 6774K(6976K)->6774K(6976K)
[2026-04-03T01:27:36.435+0600][26.215s][info][gc             ] GC(34) Pause Young (Mixed) (G1 Evacuation Pause) 101M->60M(136M) 22.714ms
[2026-04-03T01:27:36.436+0600][26.215s][info][gc,cpu         ] GC(34) User=0.08s Sys=0.00s Real=0.02s
[2026-04-03T01:27:37.139+0600][26.919s][info][gc,start       ] GC(35) Pause Young (Normal) (G1 Evacuation Pause)
[2026-04-03T01:27:37.140+0600][26.919s][info][gc,task        ] GC(35) Using 3 workers of 10 for evacuation
[2026-04-03T01:27:37.160+0600][26.939s][info][gc,phases      ] GC(35)   Pre Evacuate Collection Set: 0.33ms
[2026-04-03T01:27:37.160+0600][26.939s][info][gc,phases      ] GC(35)   Merge Heap Roots: 0.32ms
[2026-04-03T01:27:37.160+0600][26.939s][info][gc,phases      ] GC(35)   Evacuate Collection Set: 18.62ms
[2026-04-03T01:27:37.160+0600][26.939s][info][gc,phases      ] GC(35)   Post Evacuate Collection Set: 1.17ms
[2026-04-03T01:27:37.160+0600][26.939s][info][gc,phases      ] GC(35)   Other: 0.10ms
[2026-04-03T01:27:37.160+0600][26.939s][info][gc,heap        ] GC(35) Eden regions: 23->0(21)
[2026-04-03T01:27:37.160+0600][26.939s][info][gc,heap        ] GC(35) Survivor regions: 4->4(4)
[2026-04-03T01:27:37.160+0600][26.939s][info][gc,heap        ] GC(35) Old regions: 27->30
[2026-04-03T01:27:37.160+0600][26.939s][info][gc,heap        ] GC(35) Humongous regions: 1->1
[2026-04-03T01:27:37.160+0600][26.940s][info][gc,metaspace   ] GC(35) Metaspace: 60484K(60928K)->60484K(60928K) NonClass: 53709K(53952K)->53709K(53952K) Class: 6774K(6976K)->6774K(6976K)
[2026-04-03T01:27:37.160+0600][26.940s][info][gc             ] GC(35) Pause Young (Normal) (G1 Evacuation Pause) 106M->67M(136M) 20.821ms
[2026-04-03T01:27:37.160+0600][26.940s][info][gc,cpu         ] GC(35) User=0.06s Sys=0.00s Real=0.03s
[2026-04-03T01:27:37.789+0600][27.568s][info][gc,heap,exit   ] Heap
[2026-04-03T01:27:37.789+0600][27.568s][info][gc,heap,exit   ]  garbage-first heap   total 139264K, used 106613K [0x000000070ae00000, 0x0000000800000000)
[2026-04-03T01:27:37.789+0600][27.568s][info][gc,heap,exit   ]   region size 2048K, 23 young (47104K), 4 survivors (8192K)
[2026-04-03T01:27:37.789+0600][27.568s][info][gc,heap,exit   ]  Metaspace       used 60802K, committed 61312K, reserved 1114112K
[2026-04-03T01:27:37.789+0600][27.568s][info][gc,heap,exit   ]   class space    used 6877K, committed 7104K, reserved 1048576K
