[2026-04-03T01:28:57.847+0600][0.005s][info][gc,init] CardTable entry size: 512
[2026-04-03T01:28:57.848+0600][0.005s][info][gc     ] Using G1
[2026-04-03T01:28:57.850+0600][0.007s][info][gc,init] Version: 21.0.10+7-Ubuntu-124.04 (release)
[2026-04-03T01:28:57.850+0600][0.007s][info][gc,init] CPUs: 12 total, 12 available
[2026-04-03T01:28:57.850+0600][0.007s][info][gc,init] Memory: 15683M
[2026-04-03T01:28:57.850+0600][0.007s][info][gc,init] Large Page Support: Disabled
[2026-04-03T01:28:57.850+0600][0.007s][info][gc,init] NUMA Support: Disabled
[2026-04-03T01:28:57.850+0600][0.007s][info][gc,init] Compressed Oops: Enabled (Zero based)
[2026-04-03T01:28:57.850+0600][0.007s][info][gc,init] Heap Region Size: 2M
[2026-04-03T01:28:57.850+0600][0.007s][info][gc,init] Heap Min Capacity: 8M
[2026-04-03T01:28:57.850+0600][0.007s][info][gc,init] Heap Initial Capacity: 246M
[2026-04-03T01:28:57.850+0600][0.007s][info][gc,init] Heap Max Capacity: 3922M
[2026-04-03T01:28:57.850+0600][0.007s][info][gc,init] Pre-touch: Disabled
[2026-04-03T01:28:57.850+0600][0.007s][info][gc,init] Parallel Workers: 10
[2026-04-03T01:28:57.850+0600][0.007s][info][gc,init] Concurrent Workers: 3
[2026-04-03T01:28:57.850+0600][0.007s][info][gc,init] Concurrent Refinement Workers: 10
[2026-04-03T01:28:57.850+0600][0.007s][info][gc,init] Periodic GC: Disabled
[2026-04-03T01:28:57.863+0600][0.020s][info][gc,metaspace] CDS archive(s) mapped at: [0x00007f3067000000-0x00007f3067c9c000-0x00007f3067c9c000), size 13221888, SharedBaseAddress: 0x00007f3067000000, ArchiveRelocationMode: 1.
[2026-04-03T01:28:57.863+0600][0.020s][info][gc,metaspace] Compressed class space mapped at: 0x00007f3068000000-0x00007f30a8000000, reserved size: 1073741824
[2026-04-03T01:28:57.863+0600][0.020s][info][gc,metaspace] Narrow klass base: 0x00007f3067000000, Narrow klass shift: 0, Narrow klass range: 0x100000000
[2026-04-03T01:28:58.181+0600][0.339s][info][gc,start    ] GC(0) Pause Young (Normal) (G1 Evacuation Pause)
[2026-04-03T01:28:58.182+0600][0.340s][info][gc,task     ] GC(0) Using 5 workers of 10 for evacuation
[2026-04-03T01:28:58.185+0600][0.343s][info][gc,phases   ] GC(0)   Pre Evacuate Collection Set: 0.12ms
[2026-04-03T01:28:58.185+0600][0.343s][info][gc,phases   ] GC(0)   Merge Heap Roots: 0.26ms
[2026-04-03T01:28:58.185+0600][0.343s][info][gc,phases   ] GC(0)   Evacuate Collection Set: 2.06ms
[2026-04-03T01:28:58.185+0600][0.343s][info][gc,phases   ] GC(0)   Post Evacuate Collection Set: 0.32ms
[2026-04-03T01:28:58.185+0600][0.343s][info][gc,phases   ] GC(0)   Other: 0.99ms
[2026-04-03T01:28:58.185+0600][0.343s][info][gc,heap     ] GC(0) Eden regions: 6->0(5)
[2026-04-03T01:28:58.185+0600][0.343s][info][gc,heap     ] GC(0) Survivor regions: 0->1(1)
[2026-04-03T01:28:58.185+0600][0.343s][info][gc,heap     ] GC(0) Old regions: 1->2
[2026-04-03T01:28:58.185+0600][0.343s][info][gc,heap     ] GC(0) Humongous regions: 0->0
[2026-04-03T01:28:58.186+0600][0.343s][info][gc,metaspace] GC(0) Metaspace: 2091K(2304K)->2091K(2304K) NonClass: 1907K(2048K)->1907K(2048K) Class: 183K(256K)->183K(256K)
[2026-04-03T01:28:58.186+0600][0.343s][info][gc          ] GC(0) Pause Young (Normal) (G1 Evacuation Pause) 13M->3M(248M) 4.095ms
[2026-04-03T01:28:58.186+0600][0.343s][info][gc,cpu      ] GC(0) User=0.01s Sys=0.00s Real=0.00s
[2026-04-03T01:28:58.229+0600][0.387s][info][gc,start    ] GC(1) Pause Young (Normal) (G1 Evacuation Pause)
[2026-04-03T01:28:58.229+0600][0.387s][info][gc,task     ] GC(1) Using 5 workers of 10 for evacuation
[2026-04-03T01:28:58.232+0600][0.389s][info][gc,phases   ] GC(1)   Pre Evacuate Collection Set: 0.17ms
[2026-04-03T01:28:58.232+0600][0.390s][info][gc,phases   ] GC(1)   Merge Heap Roots: 0.34ms
[2026-04-03T01:28:58.232+0600][0.390s][info][gc,phases   ] GC(1)   Evacuate Collection Set: 1.77ms
[2026-04-03T01:28:58.232+0600][0.390s][info][gc,phases   ] GC(1)   Post Evacuate Collection Set: 0.45ms
[2026-04-03T01:28:58.232+0600][0.390s][info][gc,phases   ] GC(1)   Other: 0.08ms
[2026-04-03T01:28:58.232+0600][0.390s][info][gc,heap     ] GC(1) Eden regions: 5->0(6)
[2026-04-03T01:28:58.232+0600][0.390s][info][gc,heap     ] GC(1) Survivor regions: 1->1(1)
[2026-04-03T01:28:58.232+0600][0.390s][info][gc,heap     ] GC(1) Old regions: 2->3
[2026-04-03T01:28:58.232+0600][0.390s][info][gc,heap     ] GC(1) Humongous regions: 0->0
[2026-04-03T01:28:58.232+0600][0.390s][info][gc,metaspace] GC(1) Metaspace: 2585K(2752K)->2585K(2752K) NonClass: 2353K(2432K)->2353K(2432K) Class: 231K(320K)->231K(320K)
[2026-04-03T01:28:58.232+0600][0.390s][info][gc          ] GC(1) Pause Young (Normal) (G1 Evacuation Pause) 13M->3M(248M) 3.118ms
[2026-04-03T01:28:58.232+0600][0.390s][info][gc,cpu      ] GC(1) User=0.01s Sys=0.00s Real=0.01s
[2026-04-03T01:28:58.276+0600][0.434s][info][gc,start    ] GC(2) Pause Young (Normal) (G1 Evacuation Pause)
[2026-04-03T01:28:58.277+0600][0.434s][info][gc,task     ] GC(2) Using 5 workers of 10 for evacuation
[2026-04-03T01:28:58.278+0600][0.435s][info][gc,phases   ] GC(2)   Pre Evacuate Collection Set: 0.14ms
[2026-04-03T01:28:58.278+0600][0.435s][info][gc,phases   ] GC(2)   Merge Heap Roots: 0.17ms
[2026-04-03T01:28:58.278+0600][0.435s][info][gc,phases   ] GC(2)   Evacuate Collection Set: 0.47ms
[2026-04-03T01:28:58.278+0600][0.435s][info][gc,phases   ] GC(2)   Post Evacuate Collection Set: 0.26ms
[2026-04-03T01:28:58.278+0600][0.435s][info][gc,phases   ] GC(2)   Other: 0.06ms
[2026-04-03T01:28:58.278+0600][0.435s][info][gc,heap     ] GC(2) Eden regions: 6->0(15)
[2026-04-03T01:28:58.278+0600][0.435s][info][gc,heap     ] GC(2) Survivor regions: 1->1(1)
[2026-04-03T01:28:58.278+0600][0.435s][info][gc,heap     ] GC(2) Old regions: 3->3
[2026-04-03T01:28:58.278+0600][0.435s][info][gc,heap     ] GC(2) Humongous regions: 0->0
[2026-04-03T01:28:58.278+0600][0.435s][info][gc,metaspace] GC(2) Metaspace: 3121K(3328K)->3121K(3328K) NonClass: 2795K(2944K)->2795K(2944K) Class: 325K(384K)->325K(384K)
[2026-04-03T01:28:58.278+0600][0.435s][info][gc          ] GC(2) Pause Young (Normal) (G1 Evacuation Pause) 15M->3M(248M) 1.319ms
[2026-04-03T01:28:58.278+0600][0.435s][info][gc,cpu      ] GC(2) User=0.01s Sys=0.00s Real=0.00s
[2026-04-03T01:28:58.361+0600][0.518s][info][gc,start    ] GC(3) Pause Young (Normal) (G1 Evacuation Pause)
[2026-04-03T01:28:58.361+0600][0.518s][info][gc,task     ] GC(3) Using 5 workers of 10 for evacuation
[2026-04-03T01:28:58.362+0600][0.519s][info][gc,phases   ] GC(3)   Pre Evacuate Collection Set: 0.32ms
[2026-04-03T01:28:58.362+0600][0.519s][info][gc,phases   ] GC(3)   Merge Heap Roots: 0.06ms
[2026-04-03T01:28:58.362+0600][0.519s][info][gc,phases   ] GC(3)   Evacuate Collection Set: 0.49ms
[2026-04-03T01:28:58.362+0600][0.519s][info][gc,phases   ] GC(3)   Post Evacuate Collection Set: 0.24ms
[2026-04-03T01:28:58.362+0600][0.519s][info][gc,phases   ] GC(3)   Other: 0.08ms
[2026-04-03T01:28:58.362+0600][0.519s][info][gc,heap     ] GC(3) Eden regions: 15->0(72)
[2026-04-03T01:28:58.362+0600][0.519s][info][gc,heap     ] GC(3) Survivor regions: 1->1(2)
[2026-04-03T01:28:58.362+0600][0.519s][info][gc,heap     ] GC(3) Old regions: 3->3
[2026-04-03T01:28:58.362+0600][0.519s][info][gc,heap     ] GC(3) Humongous regions: 0->0
[2026-04-03T01:28:58.362+0600][0.519s][info][gc,metaspace] GC(3) Metaspace: 3754K(3968K)->3754K(3968K) NonClass: 3346K(3456K)->3346K(3456K) Class: 407K(512K)->407K(512K)
[2026-04-03T01:28:58.362+0600][0.519s][info][gc          ] GC(3) Pause Young (Normal) (G1 Evacuation Pause) 33M->3M(248M) 1.390ms
[2026-04-03T01:28:58.362+0600][0.519s][info][gc,cpu      ] GC(3) User=0.00s Sys=0.00s Real=0.00s
[2026-04-03T01:28:59.164+0600][1.322s][info][gc,start    ] GC(4) Pause Young (Normal) (G1 Evacuation Pause)
[2026-04-03T01:28:59.165+0600][1.322s][info][gc,task     ] GC(4) Using 5 workers of 10 for evacuation
[2026-04-03T01:28:59.167+0600][1.324s][info][gc,phases   ] GC(4)   Pre Evacuate Collection Set: 0.26ms
[2026-04-03T01:28:59.167+0600][1.324s][info][gc,phases   ] GC(4)   Merge Heap Roots: 0.06ms
[2026-04-03T01:28:59.167+0600][1.324s][info][gc,phases   ] GC(4)   Evacuate Collection Set: 1.34ms
[2026-04-03T01:28:59.167+0600][1.324s][info][gc,phases   ] GC(4)   Post Evacuate Collection Set: 0.34ms
[2026-04-03T01:28:59.167+0600][1.324s][info][gc,phases   ] GC(4)   Other: 0.08ms
[2026-04-03T01:28:59.167+0600][1.324s][info][gc,heap     ] GC(4) Eden regions: 72->0(71)
[2026-04-03T01:28:59.167+0600][1.324s][info][gc,heap     ] GC(4) Survivor regions: 1->2(10)
[2026-04-03T01:28:59.167+0600][1.324s][info][gc,heap     ] GC(4) Old regions: 3->3
[2026-04-03T01:28:59.167+0600][1.324s][info][gc,heap     ] GC(4) Humongous regions: 0->0
[2026-04-03T01:28:59.167+0600][1.324s][info][gc,metaspace] GC(4) Metaspace: 10161K(10368K)->10161K(10368K) NonClass: 8840K(8960K)->8840K(8960K) Class: 1321K(1408K)->1321K(1408K)
[2026-04-03T01:28:59.167+0600][1.324s][info][gc          ] GC(4) Pause Young (Normal) (G1 Evacuation Pause) 147M->5M(248M) 2.321ms
[2026-04-03T01:28:59.167+0600][1.324s][info][gc,cpu      ] GC(4) User=0.01s Sys=0.00s Real=0.00s
[2026-04-03T01:28:59.666+0600][1.823s][info][gc,start    ] GC(5) Pause Full (System.gc())
[2026-04-03T01:28:59.666+0600][1.824s][info][gc,task     ] GC(5) Using 5 workers of 10 for full compaction
[2026-04-03T01:28:59.667+0600][1.824s][info][gc,phases,start] GC(5) Phase 1: Mark live objects
[2026-04-03T01:28:59.672+0600][1.829s][info][gc,phases      ] GC(5) Phase 1: Mark live objects 5.134ms
[2026-04-03T01:28:59.672+0600][1.829s][info][gc,phases,start] GC(5) Phase 2: Prepare compaction
[2026-04-03T01:28:59.673+0600][1.830s][info][gc,phases      ] GC(5) Phase 2: Prepare compaction 1.266ms
[2026-04-03T01:28:59.673+0600][1.830s][info][gc,phases,start] GC(5) Phase 3: Adjust pointers
[2026-04-03T01:28:59.675+0600][1.832s][info][gc,phases      ] GC(5) Phase 3: Adjust pointers 1.902ms
[2026-04-03T01:28:59.675+0600][1.832s][info][gc,phases,start] GC(5) Phase 4: Compact heap
[2026-04-03T01:28:59.677+0600][1.834s][info][gc,phases      ] GC(5) Phase 4: Compact heap 2.238ms
[2026-04-03T01:28:59.677+0600][1.835s][info][gc,phases,start] GC(5) Phase 5: Reset Metadata
[2026-04-03T01:28:59.678+0600][1.835s][info][gc,phases      ] GC(5) Phase 5: Reset Metadata 0.245ms
[2026-04-03T01:28:59.680+0600][1.837s][info][gc,heap        ] GC(5) Eden regions: 42->0(10)
[2026-04-03T01:28:59.680+0600][1.837s][info][gc,heap        ] GC(5) Survivor regions: 2->0(10)
[2026-04-03T01:28:59.680+0600][1.837s][info][gc,heap        ] GC(5) Old regions: 3->5
[2026-04-03T01:28:59.680+0600][1.837s][info][gc,heap        ] GC(5) Humongous regions: 0->0
[2026-04-03T01:28:59.680+0600][1.837s][info][gc,metaspace   ] GC(5) Metaspace: 12775K(12992K)->12775K(12992K) NonClass: 11082K(11200K)->11082K(11200K) Class: 1692K(1792K)->1692K(1792K)
[2026-04-03T01:28:59.680+0600][1.837s][info][gc             ] GC(5) Pause Full (System.gc()) 89M->5M(34M) 13.990ms
[2026-04-03T01:28:59.680+0600][1.837s][info][gc,cpu         ] GC(5) User=0.04s Sys=0.01s Real=0.02s
[2026-04-03T01:28:59.850+0600][2.007s][info][gc,start       ] GC(6) Pause Young (Normal) (G1 Evacuation Pause)
[2026-04-03T01:28:59.850+0600][2.008s][info][gc,task        ] GC(6) Using 3 workers of 10 for evacuation
[2026-04-03T01:28:59.853+0600][2.010s][info][gc,phases      ] GC(6)   Pre Evacuate Collection Set: 0.28ms
[2026-04-03T01:28:59.853+0600][2.010s][info][gc,phases      ] GC(6)   Merge Heap Roots: 0.06ms
[2026-04-03T01:28:59.853+0600][2.010s][info][gc,phases      ] GC(6)   Evacuate Collection Set: 1.57ms
[2026-04-03T01:28:59.853+0600][2.010s][info][gc,phases      ] GC(6)   Post Evacuate Collection Set: 0.50ms
[2026-04-03T01:28:59.853+0600][2.010s][info][gc,phases      ] GC(6)   Other: 0.06ms
[2026-04-03T01:28:59.853+0600][2.010s][info][gc,heap        ] GC(6) Eden regions: 10->0(41)
[2026-04-03T01:28:59.853+0600][2.010s][info][gc,heap        ] GC(6) Survivor regions: 0->1(2)
[2026-04-03T01:28:59.853+0600][2.010s][info][gc,heap        ] GC(6) Old regions: 5->5
[2026-04-03T01:28:59.853+0600][2.010s][info][gc,heap        ] GC(6) Humongous regions: 0->0
[2026-04-03T01:28:59.853+0600][2.010s][info][gc,metaspace   ] GC(6) Metaspace: 14989K(15232K)->14989K(15232K) NonClass: 13079K(13184K)->13079K(13184K) Class: 1910K(2048K)->1910K(2048K)
[2026-04-03T01:28:59.853+0600][2.010s][info][gc             ] GC(6) Pause Young (Normal) (G1 Evacuation Pause) 25M->6M(140M) 2.651ms
[2026-04-03T01:28:59.853+0600][2.010s][info][gc,cpu         ] GC(6) User=0.00s Sys=0.00s Real=0.00s
[2026-04-03T01:29:00.380+0600][2.537s][info][gc,start       ] GC(7) Pause Young (Concurrent Start) (Metadata GC Threshold)
[2026-04-03T01:29:00.380+0600][2.537s][info][gc,task        ] GC(7) Using 3 workers of 10 for evacuation
[2026-04-03T01:29:00.384+0600][2.541s][info][gc,phases      ] GC(7)   Pre Evacuate Collection Set: 0.16ms
[2026-04-03T01:29:00.384+0600][2.541s][info][gc,phases      ] GC(7)   Merge Heap Roots: 0.06ms
[2026-04-03T01:29:00.384+0600][2.541s][info][gc,phases      ] GC(7)   Evacuate Collection Set: 2.70ms
[2026-04-03T01:29:00.384+0600][2.541s][info][gc,phases      ] GC(7)   Post Evacuate Collection Set: 0.83ms
[2026-04-03T01:29:00.384+0600][2.541s][info][gc,phases      ] GC(7)   Other: 0.09ms
[2026-04-03T01:29:00.384+0600][2.541s][info][gc,heap        ] GC(7) Eden regions: 26->0(40)
[2026-04-03T01:29:00.384+0600][2.541s][info][gc,heap        ] GC(7) Survivor regions: 1->2(6)
[2026-04-03T01:29:00.384+0600][2.541s][info][gc,heap        ] GC(7) Old regions: 5->5
[2026-04-03T01:29:00.384+0600][2.541s][info][gc,heap        ] GC(7) Humongous regions: 0->0
[2026-04-03T01:29:00.384+0600][2.541s][info][gc,metaspace   ] GC(7) Metaspace: 21212K(21504K)->21212K(21504K) NonClass: 18566K(18688K)->18566K(18688K) Class: 2646K(2816K)->2646K(2816K)
[2026-04-03T01:29:00.384+0600][2.541s][info][gc             ] GC(7) Pause Young (Concurrent Start) (Metadata GC Threshold) 57M->8M(140M) 4.032ms
[2026-04-03T01:29:00.384+0600][2.541s][info][gc,cpu         ] GC(7) User=0.01s Sys=0.00s Real=0.01s
[2026-04-03T01:29:00.384+0600][2.541s][info][gc             ] GC(8) Concurrent Mark Cycle
[2026-04-03T01:29:00.384+0600][2.541s][info][gc,marking     ] GC(8) Concurrent Scan Root Regions
[2026-04-03T01:29:00.385+0600][2.542s][info][gc,marking     ] GC(8) Concurrent Scan Root Regions 1.172ms
[2026-04-03T01:29:00.385+0600][2.542s][info][gc,marking     ] GC(8) Concurrent Mark
[2026-04-03T01:29:00.385+0600][2.542s][info][gc,marking     ] GC(8) Concurrent Mark From Roots
[2026-04-03T01:29:00.385+0600][2.542s][info][gc,task        ] GC(8) Using 3 workers of 3 for marking
[2026-04-03T01:29:00.389+0600][2.546s][info][gc,marking     ] GC(8) Concurrent Mark From Roots 3.904ms
[2026-04-03T01:29:00.389+0600][2.546s][info][gc,marking     ] GC(8) Concurrent Preclean
[2026-04-03T01:29:00.389+0600][2.546s][info][gc,marking     ] GC(8) Concurrent Preclean 0.045ms
[2026-04-03T01:29:00.389+0600][2.546s][info][gc,start       ] GC(8) Pause Remark
[2026-04-03T01:29:00.391+0600][2.548s][info][gc             ] GC(8) Pause Remark 9M->9M(48M) 1.954ms
[2026-04-03T01:29:00.391+0600][2.548s][info][gc,cpu         ] GC(8) User=0.00s Sys=0.00s Real=0.01s
[2026-04-03T01:29:00.391+0600][2.548s][info][gc,marking     ] GC(8) Concurrent Mark 6.215ms
[2026-04-03T01:29:00.391+0600][2.548s][info][gc,marking     ] GC(8) Concurrent Rebuild Remembered Sets and Scrub Regions
[2026-04-03T01:29:00.393+0600][2.550s][info][gc,marking     ] GC(8) Concurrent Rebuild Remembered Sets and Scrub Regions 1.872ms
[2026-04-03T01:29:00.393+0600][2.550s][info][gc,start       ] GC(8) Pause Cleanup
[2026-04-03T01:29:00.393+0600][2.551s][info][gc             ] GC(8) Pause Cleanup 9M->9M(48M) 0.134ms
[2026-04-03T01:29:00.393+0600][2.551s][info][gc,cpu         ] GC(8) User=0.00s Sys=0.00s Real=0.00s
[2026-04-03T01:29:00.394+0600][2.551s][info][gc,marking     ] GC(8) Concurrent Clear Claimed Marks
[2026-04-03T01:29:00.394+0600][2.551s][info][gc,marking     ] GC(8) Concurrent Clear Claimed Marks 0.041ms
[2026-04-03T01:29:00.394+0600][2.551s][info][gc,marking     ] GC(8) Concurrent Cleanup for Next Mark
[2026-04-03T01:29:00.394+0600][2.551s][info][gc,marking     ] GC(8) Concurrent Cleanup for Next Mark 0.320ms
[2026-04-03T01:29:00.394+0600][2.551s][info][gc             ] GC(8) Concurrent Mark Cycle 10.202ms
[2026-04-03T01:29:00.663+0600][2.820s][info][gc,start       ] GC(9) Pause Young (Prepare Mixed) (G1 Evacuation Pause)
[2026-04-03T01:29:00.663+0600][2.820s][info][gc,task        ] GC(9) Using 2 workers of 10 for evacuation
[2026-04-03T01:29:00.677+0600][2.834s][info][gc,phases      ] GC(9)   Pre Evacuate Collection Set: 0.14ms
[2026-04-03T01:29:00.677+0600][2.834s][info][gc,phases      ] GC(9)   Merge Heap Roots: 0.08ms
[2026-04-03T01:29:00.677+0600][2.834s][info][gc,phases      ] GC(9)   Evacuate Collection Set: 12.55ms
[2026-04-03T01:29:00.677+0600][2.834s][info][gc,phases      ] GC(9)   Post Evacuate Collection Set: 0.78ms
[2026-04-03T01:29:00.677+0600][2.834s][info][gc,phases      ] GC(9)   Other: 0.08ms
[2026-04-03T01:29:00.677+0600][2.834s][info][gc,heap        ] GC(9) Eden regions: 17->0(12)
[2026-04-03T01:29:00.677+0600][2.834s][info][gc,heap        ] GC(9) Survivor regions: 2->6(6)
[2026-04-03T01:29:00.677+0600][2.834s][info][gc,heap        ] GC(9) Old regions: 5->5
[2026-04-03T01:29:00.677+0600][2.834s][info][gc,heap        ] GC(9) Humongous regions: 0->0
[2026-04-03T01:29:00.677+0600][2.834s][info][gc,metaspace   ] GC(9) Metaspace: 23867K(24128K)->23867K(24128K) NonClass: 20901K(21056K)->20901K(21056K) Class: 2966K(3072K)->2966K(3072K)
[2026-04-03T01:29:00.677+0600][2.834s][info][gc             ] GC(9) Pause Young (Prepare Mixed) (G1 Evacuation Pause) 42M->16M(60M) 13.921ms
[2026-04-03T01:29:00.677+0600][2.834s][info][gc,cpu         ] GC(9) User=0.03s Sys=0.01s Real=0.01s
[2026-04-03T01:29:01.046+0600][3.203s][info][gc,start       ] GC(10) Pause Young (Mixed) (G1 Evacuation Pause)
[2026-04-03T01:29:01.046+0600][3.204s][info][gc,task        ] GC(10) Using 2 workers of 10 for evacuation
[2026-04-03T01:29:01.064+0600][3.222s][info][gc,phases      ] GC(10)   Pre Evacuate Collection Set: 0.18ms
[2026-04-03T01:29:01.065+0600][3.222s][info][gc,phases      ] GC(10)   Merge Heap Roots: 0.16ms
[2026-04-03T01:29:01.065+0600][3.222s][info][gc,phases      ] GC(10)   Evacuate Collection Set: 16.50ms
[2026-04-03T01:29:01.065+0600][3.222s][info][gc,phases      ] GC(10)   Post Evacuate Collection Set: 1.10ms
[2026-04-03T01:29:01.065+0600][3.222s][info][gc,phases      ] GC(10)   Other: 0.12ms
[2026-04-03T01:29:01.065+0600][3.222s][info][gc,heap        ] GC(10) Eden regions: 12->0(14)
[2026-04-03T01:29:01.065+0600][3.222s][info][gc,heap        ] GC(10) Survivor regions: 6->2(3)
[2026-04-03T01:29:01.065+0600][3.222s][info][gc,heap        ] GC(10) Old regions: 5->9
[2026-04-03T01:29:01.065+0600][3.222s][info][gc,heap        ] GC(10) Humongous regions: 0->0
[2026-04-03T01:29:01.065+0600][3.222s][info][gc,metaspace   ] GC(10) Metaspace: 26607K(26944K)->26607K(26944K) NonClass: 23314K(23552K)->23314K(23552K) Class: 3292K(3392K)->3292K(3392K)
[2026-04-03T01:29:01.065+0600][3.222s][info][gc             ] GC(10) Pause Young (Mixed) (G1 Evacuation Pause) 40M->19M(62M) 18.404ms
[2026-04-03T01:29:01.065+0600][3.222s][info][gc,cpu         ] GC(10) User=0.08s Sys=0.01s Real=0.02s
[2026-04-03T01:29:01.364+0600][3.521s][info][gc,start       ] GC(11) Pause Young (Normal) (G1 Evacuation Pause)
[2026-04-03T01:29:01.364+0600][3.521s][info][gc,task        ] GC(11) Using 2 workers of 10 for evacuation
[2026-04-03T01:29:01.372+0600][3.529s][info][gc,phases      ] GC(11)   Pre Evacuate Collection Set: 0.21ms
[2026-04-03T01:29:01.372+0600][3.529s][info][gc,phases      ] GC(11)   Merge Heap Roots: 0.07ms
[2026-04-03T01:29:01.372+0600][3.529s][info][gc,phases      ] GC(11)   Evacuate Collection Set: 6.30ms
[2026-04-03T01:29:01.372+0600][3.529s][info][gc,phases      ] GC(11)   Post Evacuate Collection Set: 0.77ms
[2026-04-03T01:29:01.372+0600][3.529s][info][gc,phases      ] GC(11)   Other: 0.07ms
[2026-04-03T01:29:01.372+0600][3.529s][info][gc,heap        ] GC(11) Eden regions: 14->0(24)
[2026-04-03T01:29:01.372+0600][3.529s][info][gc,heap        ] GC(11) Survivor regions: 2->1(2)
[2026-04-03T01:29:01.372+0600][3.529s][info][gc,heap        ] GC(11) Old regions: 9->11
[2026-04-03T01:29:01.372+0600][3.529s][info][gc,heap        ] GC(11) Humongous regions: 0->0
[2026-04-03T01:29:01.372+0600][3.529s][info][gc,metaspace   ] GC(11) Metaspace: 31916K(32192K)->31916K(32192K) NonClass: 28115K(28288K)->28115K(28288K) Class: 3800K(3904K)->3800K(3904K)
[2026-04-03T01:29:01.372+0600][3.529s][info][gc             ] GC(11) Pause Young (Normal) (G1 Evacuation Pause) 47M->21M(86M) 7.715ms
[2026-04-03T01:29:01.372+0600][3.529s][info][gc,cpu         ] GC(11) User=0.01s Sys=0.00s Real=0.01s
[2026-04-03T01:29:02.007+0600][4.164s][info][gc,start       ] GC(12) Pause Young (Concurrent Start) (Metadata GC Threshold)
[2026-04-03T01:29:02.007+0600][4.164s][info][gc,task        ] GC(12) Using 2 workers of 10 for evacuation
[2026-04-03T01:29:02.013+0600][4.171s][info][gc,phases      ] GC(12)   Pre Evacuate Collection Set: 0.32ms
[2026-04-03T01:29:02.014+0600][4.171s][info][gc,phases      ] GC(12)   Merge Heap Roots: 0.18ms
[2026-04-03T01:29:02.014+0600][4.171s][info][gc,phases      ] GC(12)   Evacuate Collection Set: 5.35ms
[2026-04-03T01:29:02.014+0600][4.171s][info][gc,phases      ] GC(12)   Post Evacuate Collection Set: 0.78ms
[2026-04-03T01:29:02.014+0600][4.171s][info][gc,phases      ] GC(12)   Other: 0.18ms
[2026-04-03T01:29:02.014+0600][4.171s][info][gc,heap        ] GC(12) Eden regions: 21->0(23)
[2026-04-03T01:29:02.014+0600][4.171s][info][gc,heap        ] GC(12) Survivor regions: 1->2(4)
[2026-04-03T01:29:02.014+0600][4.171s][info][gc,heap        ] GC(12) Old regions: 11->11
[2026-04-03T01:29:02.014+0600][4.171s][info][gc,heap        ] GC(12) Humongous regions: 0->0
[2026-04-03T01:29:02.014+0600][4.171s][info][gc,metaspace   ] GC(12) Metaspace: 35640K(35968K)->35640K(35968K) NonClass: 31421K(31616K)->31421K(31616K) Class: 4218K(4352K)->4218K(4352K)
[2026-04-03T01:29:02.014+0600][4.171s][info][gc             ] GC(12) Pause Young (Concurrent Start) (Metadata GC Threshold) 63M->23M(86M) 7.057ms
[2026-04-03T01:29:02.014+0600][4.171s][info][gc,cpu         ] GC(12) User=0.02s Sys=0.00s Real=0.01s
[2026-04-03T01:29:02.014+0600][4.171s][info][gc             ] GC(13) Concurrent Mark Cycle
[2026-04-03T01:29:02.014+0600][4.171s][info][gc,marking     ] GC(13) Concurrent Scan Root Regions
[2026-04-03T01:29:02.016+0600][4.173s][info][gc,marking     ] GC(13) Concurrent Scan Root Regions 2.586ms
[2026-04-03T01:29:02.016+0600][4.174s][info][gc,marking     ] GC(13) Concurrent Mark
[2026-04-03T01:29:02.016+0600][4.174s][info][gc,marking     ] GC(13) Concurrent Mark From Roots
[2026-04-03T01:29:02.016+0600][4.174s][info][gc,task        ] GC(13) Using 3 workers of 3 for marking
[2026-04-03T01:29:02.029+0600][4.186s][info][gc,marking     ] GC(13) Concurrent Mark From Roots 12.138ms
[2026-04-03T01:29:02.029+0600][4.186s][info][gc,marking     ] GC(13) Concurrent Preclean
[2026-04-03T01:29:02.029+0600][4.186s][info][gc,marking     ] GC(13) Concurrent Preclean 0.077ms
[2026-04-03T01:29:02.029+0600][4.186s][info][gc,start       ] GC(13) Pause Remark
[2026-04-03T01:29:02.035+0600][4.192s][info][gc             ] GC(13) Pause Remark 24M->24M(86M) 5.631ms
[2026-04-03T01:29:02.035+0600][4.192s][info][gc,cpu         ] GC(13) User=0.01s Sys=0.00s Real=0.01s
[2026-04-03T01:29:02.035+0600][4.192s][info][gc,marking     ] GC(13) Concurrent Mark 18.347ms
[2026-04-03T01:29:02.035+0600][4.192s][info][gc,marking     ] GC(13) Concurrent Rebuild Remembered Sets and Scrub Regions
[2026-04-03T01:29:02.040+0600][4.197s][info][gc,marking     ] GC(13) Concurrent Rebuild Remembered Sets and Scrub Regions 5.119ms
[2026-04-03T01:29:02.042+0600][4.199s][info][gc,start       ] GC(13) Pause Cleanup
[2026-04-03T01:29:02.042+0600][4.200s][info][gc             ] GC(13) Pause Cleanup 24M->24M(86M) 0.232ms
[2026-04-03T01:29:02.042+0600][4.200s][info][gc,cpu         ] GC(13) User=0.00s Sys=0.00s Real=0.00s
[2026-04-03T01:29:02.043+0600][4.200s][info][gc,marking     ] GC(13) Concurrent Clear Claimed Marks
[2026-04-03T01:29:02.043+0600][4.200s][info][gc,marking     ] GC(13) Concurrent Clear Claimed Marks 0.052ms
[2026-04-03T01:29:02.043+0600][4.200s][info][gc,marking     ] GC(13) Concurrent Cleanup for Next Mark
[2026-04-03T01:29:02.043+0600][4.200s][info][gc,marking     ] GC(13) Concurrent Cleanup for Next Mark 0.599ms
[2026-04-03T01:29:02.043+0600][4.200s][info][gc             ] GC(13) Concurrent Mark Cycle 29.561ms
[2026-04-03T01:29:03.461+0600][5.618s][info][gc,start       ] GC(14) Pause Young (Prepare Mixed) (G1 Evacuation Pause)
[2026-04-03T01:29:03.461+0600][5.618s][info][gc,task        ] GC(14) Using 2 workers of 10 for evacuation
[2026-04-03T01:29:03.479+0600][5.636s][info][gc,phases      ] GC(14)   Pre Evacuate Collection Set: 0.34ms
[2026-04-03T01:29:03.479+0600][5.636s][info][gc,phases      ] GC(14)   Merge Heap Roots: 0.37ms
[2026-04-03T01:29:03.479+0600][5.636s][info][gc,phases      ] GC(14)   Evacuate Collection Set: 15.71ms
[2026-04-03T01:29:03.479+0600][5.636s][info][gc,phases      ] GC(14)   Post Evacuate Collection Set: 1.22ms
[2026-04-03T01:29:03.479+0600][5.636s][info][gc,phases      ] GC(14)   Other: 0.10ms
[2026-04-03T01:29:03.479+0600][5.636s][info][gc,heap        ] GC(14) Eden regions: 23->0(20)
[2026-04-03T01:29:03.479+0600][5.636s][info][gc,heap        ] GC(14) Survivor regions: 2->4(4)
[2026-04-03T01:29:03.479+0600][5.636s][info][gc,heap        ] GC(14) Old regions: 11->12
[2026-04-03T01:29:03.479+0600][5.636s][info][gc,heap        ] GC(14) Humongous regions: 0->0
[2026-04-03T01:29:03.479+0600][5.636s][info][gc,metaspace   ] GC(14) Metaspace: 42732K(43136K)->42732K(43136K) NonClass: 37635K(37888K)->37635K(37888K) Class: 5097K(5248K)->5097K(5248K)
[2026-04-03T01:29:03.479+0600][5.636s][info][gc             ] GC(14) Pause Young (Prepare Mixed) (G1 Evacuation Pause) 69M->30M(86M) 18.003ms
[2026-04-03T01:29:03.479+0600][5.636s][info][gc,cpu         ] GC(14) User=0.03s Sys=0.01s Real=0.01s
[2026-04-03T01:29:05.410+0600][7.567s][info][gc,start       ] GC(15) Pause Young (Mixed) (G1 Evacuation Pause)
[2026-04-03T01:29:05.410+0600][7.567s][info][gc,task        ] GC(15) Using 2 workers of 10 for evacuation
[2026-04-03T01:29:05.440+0600][7.597s][info][gc,phases      ] GC(15)   Pre Evacuate Collection Set: 0.33ms
[2026-04-03T01:29:05.440+0600][7.598s][info][gc,phases      ] GC(15)   Merge Heap Roots: 0.25ms
[2026-04-03T01:29:05.440+0600][7.598s][info][gc,phases      ] GC(15)   Evacuate Collection Set: 28.01ms
[2026-04-03T01:29:05.440+0600][7.598s][info][gc,phases      ] GC(15)   Post Evacuate Collection Set: 1.64ms
[2026-04-03T01:29:05.440+0600][7.598s][info][gc,phases      ] GC(15)   Other: 0.10ms
[2026-04-03T01:29:05.440+0600][7.598s][info][gc,heap        ] GC(15) Eden regions: 17->0(17)
[2026-04-03T01:29:05.440+0600][7.598s][info][gc,heap        ] GC(15) Survivor regions: 4->3(3)
[2026-04-03T01:29:05.440+0600][7.598s][info][gc,heap        ] GC(15) Old regions: 12->16
[2026-04-03T01:29:05.440+0600][7.598s][info][gc,heap        ] GC(15) Humongous regions: 0->0
[2026-04-03T01:29:05.440+0600][7.598s][info][gc,metaspace   ] GC(15) Metaspace: 46041K(46464K)->46041K(46464K) NonClass: 40609K(40896K)->40609K(40896K) Class: 5432K(5568K)->5432K(5568K)
[2026-04-03T01:29:05.441+0600][7.598s][info][gc             ] GC(15) Pause Young (Mixed) (G1 Evacuation Pause) 64M->35M(86M) 30.632ms
[2026-04-03T01:29:05.441+0600][7.598s][info][gc,cpu         ] GC(15) User=0.06s Sys=0.00s Real=0.03s
[2026-04-03T01:29:07.460+0600][9.617s][info][gc,start       ] GC(16) Pause Young (Normal) (G1 Evacuation Pause)
[2026-04-03T01:29:07.460+0600][9.617s][info][gc,task        ] GC(16) Using 2 workers of 10 for evacuation
[2026-04-03T01:29:07.484+0600][9.641s][info][gc,phases      ] GC(16)   Pre Evacuate Collection Set: 0.41ms
[2026-04-03T01:29:07.484+0600][9.641s][info][gc,phases      ] GC(16)   Merge Heap Roots: 0.15ms
[2026-04-03T01:29:07.484+0600][9.641s][info][gc,phases      ] GC(16)   Evacuate Collection Set: 21.41ms
[2026-04-03T01:29:07.484+0600][9.641s][info][gc,phases      ] GC(16)   Post Evacuate Collection Set: 1.92ms
[2026-04-03T01:29:07.484+0600][9.641s][info][gc,phases      ] GC(16)   Other: 0.10ms
[2026-04-03T01:29:07.484+0600][9.641s][info][gc,heap        ] GC(16) Eden regions: 17->0(21)
[2026-04-03T01:29:07.484+0600][9.641s][info][gc,heap        ] GC(16) Survivor regions: 3->3(3)
[2026-04-03T01:29:07.484+0600][9.641s][info][gc,heap        ] GC(16) Old regions: 16->18
[2026-04-03T01:29:07.484+0600][9.641s][info][gc,heap        ] GC(16) Humongous regions: 1->1
[2026-04-03T01:29:07.484+0600][9.641s][info][gc,metaspace   ] GC(16) Metaspace: 47191K(47616K)->47191K(47616K) NonClass: 41679K(41920K)->41679K(41920K) Class: 5512K(5696K)->5512K(5696K)
[2026-04-03T01:29:07.484+0600][9.641s][info][gc             ] GC(16) Pause Young (Normal) (G1 Evacuation Pause) 71M->43M(104M) 24.294ms
[2026-04-03T01:29:07.484+0600][9.641s][info][gc,cpu         ] GC(16) User=0.05s Sys=0.01s Real=0.03s
[2026-04-03T01:29:08.853+0600][11.010s][info][gc,start       ] GC(17) Pause Young (Normal) (G1 Evacuation Pause)
[2026-04-03T01:29:08.853+0600][11.010s][info][gc,task        ] GC(17) Using 4 workers of 10 for evacuation
[2026-04-03T01:29:08.873+0600][11.030s][info][gc,phases      ] GC(17)   Pre Evacuate Collection Set: 0.29ms
[2026-04-03T01:29:08.873+0600][11.030s][info][gc,phases      ] GC(17)   Merge Heap Roots: 0.23ms
[2026-04-03T01:29:08.873+0600][11.030s][info][gc,phases      ] GC(17)   Evacuate Collection Set: 18.65ms
[2026-04-03T01:29:08.873+0600][11.030s][info][gc,phases      ] GC(17)   Post Evacuate Collection Set: 0.85ms
[2026-04-03T01:29:08.873+0600][11.030s][info][gc,phases      ] GC(17)   Other: 0.11ms
[2026-04-03T01:29:08.873+0600][11.030s][info][gc,heap        ] GC(17) Eden regions: 21->0(11)
[2026-04-03T01:29:08.873+0600][11.030s][info][gc,heap        ] GC(17) Survivor regions: 3->3(3)
[2026-04-03T01:29:08.873+0600][11.030s][info][gc,heap        ] GC(17) Old regions: 18->28
[2026-04-03T01:29:08.873+0600][11.030s][info][gc,heap        ] GC(17) Humongous regions: 1->1
[2026-04-03T01:29:08.873+0600][11.030s][info][gc,metaspace   ] GC(17) Metaspace: 49043K(49472K)->49043K(49472K) NonClass: 43309K(43584K)->43309K(43584K) Class: 5733K(5888K)->5733K(5888K)
[2026-04-03T01:29:08.873+0600][11.030s][info][gc             ] GC(17) Pause Young (Normal) (G1 Evacuation Pause) 85M->62M(112M) 20.454ms
[2026-04-03T01:29:08.873+0600][11.030s][info][gc,cpu         ] GC(17) User=0.13s Sys=0.01s Real=0.02s
[2026-04-03T01:29:09.555+0600][11.713s][info][gc,start       ] GC(18) Pause Young (Concurrent Start) (G1 Evacuation Pause)
[2026-04-03T01:29:09.555+0600][11.713s][info][gc,task        ] GC(18) Using 3 workers of 10 for evacuation
[2026-04-03T01:29:09.568+0600][11.725s][info][gc,phases      ] GC(18)   Pre Evacuate Collection Set: 0.27ms
[2026-04-03T01:29:09.568+0600][11.725s][info][gc,phases      ] GC(18)   Merge Heap Roots: 0.23ms
[2026-04-03T01:29:09.568+0600][11.725s][info][gc,phases      ] GC(18)   Evacuate Collection Set: 10.09ms
[2026-04-03T01:29:09.568+0600][11.725s][info][gc,phases      ] GC(18)   Post Evacuate Collection Set: 1.35ms
[2026-04-03T01:29:09.568+0600][11.725s][info][gc,phases      ] GC(18)   Other: 0.22ms
[2026-04-03T01:29:09.568+0600][11.725s][info][gc,heap        ] GC(18) Eden regions: 10->0(11)
[2026-04-03T01:29:09.568+0600][11.725s][info][gc,heap        ] GC(18) Survivor regions: 3->2(2)
[2026-04-03T01:29:09.568+0600][11.725s][info][gc,heap        ] GC(18) Old regions: 28->31
[2026-04-03T01:29:09.568+0600][11.725s][info][gc,heap        ] GC(18) Humongous regions: 1->1
[2026-04-03T01:29:09.568+0600][11.725s][info][gc,metaspace   ] GC(18) Metaspace: 50482K(50944K)->50482K(50944K) NonClass: 44571K(44864K)->44571K(44864K) Class: 5910K(6080K)->5910K(6080K)
[2026-04-03T01:29:09.568+0600][11.725s][info][gc             ] GC(18) Pause Young (Concurrent Start) (G1 Evacuation Pause) 82M->65M(112M) 12.445ms
[2026-04-03T01:29:09.568+0600][11.725s][info][gc,cpu         ] GC(18) User=0.03s Sys=0.00s Real=0.01s
[2026-04-03T01:29:09.568+0600][11.725s][info][gc             ] GC(19) Concurrent Mark Cycle
[2026-04-03T01:29:09.568+0600][11.725s][info][gc,marking     ] GC(19) Concurrent Scan Root Regions
[2026-04-03T01:29:09.572+0600][11.729s][info][gc,marking     ] GC(19) Concurrent Scan Root Regions 3.452ms
[2026-04-03T01:29:09.572+0600][11.729s][info][gc,marking     ] GC(19) Concurrent Mark
[2026-04-03T01:29:09.572+0600][11.729s][info][gc,marking     ] GC(19) Concurrent Mark From Roots
[2026-04-03T01:29:09.572+0600][11.729s][info][gc,task        ] GC(19) Using 3 workers of 3 for marking
[2026-04-03T01:29:09.613+0600][11.770s][info][gc,marking     ] GC(19) Concurrent Mark From Roots 41.380ms
[2026-04-03T01:29:09.613+0600][11.770s][info][gc,marking     ] GC(19) Concurrent Preclean
[2026-04-03T01:29:09.614+0600][11.771s][info][gc,marking     ] GC(19) Concurrent Preclean 0.768ms
[2026-04-03T01:29:09.614+0600][11.771s][info][gc,start       ] GC(19) Pause Remark
[2026-04-03T01:29:09.631+0600][11.788s][info][gc             ] GC(19) Pause Remark 66M->66M(114M) 17.146ms
[2026-04-03T01:29:09.631+0600][11.789s][info][gc,cpu         ] GC(19) User=0.06s Sys=0.00s Real=0.02s
[2026-04-03T01:29:09.631+0600][11.789s][info][gc,marking     ] GC(19) Concurrent Mark 59.821ms
[2026-04-03T01:29:09.631+0600][11.789s][info][gc,marking     ] GC(19) Concurrent Rebuild Remembered Sets and Scrub Regions
[2026-04-03T01:29:09.658+0600][11.815s][info][gc,marking     ] GC(19) Concurrent Rebuild Remembered Sets and Scrub Regions 26.228ms
[2026-04-03T01:29:09.659+0600][11.816s][info][gc,start       ] GC(19) Pause Cleanup
[2026-04-03T01:29:09.659+0600][11.816s][info][gc             ] GC(19) Pause Cleanup 67M->67M(114M) 0.199ms
[2026-04-03T01:29:09.659+0600][11.816s][info][gc,cpu         ] GC(19) User=0.00s Sys=0.00s Real=0.00s
[2026-04-03T01:29:09.659+0600][11.816s][info][gc,marking     ] GC(19) Concurrent Clear Claimed Marks
[2026-04-03T01:29:09.659+0600][11.816s][info][gc,marking     ] GC(19) Concurrent Clear Claimed Marks 0.090ms
[2026-04-03T01:29:09.659+0600][11.816s][info][gc,marking     ] GC(19) Concurrent Cleanup for Next Mark
[2026-04-03T01:29:09.660+0600][11.817s][info][gc,marking     ] GC(19) Concurrent Cleanup for Next Mark 0.536ms
[2026-04-03T01:29:09.660+0600][11.817s][info][gc             ] GC(19) Concurrent Mark Cycle 91.892ms
[2026-04-03T01:29:10.666+0600][12.823s][info][gc,start       ] GC(20) Pause Young (Prepare Mixed) (G1 Evacuation Pause)
[2026-04-03T01:29:10.666+0600][12.823s][info][gc,task        ] GC(20) Using 2 workers of 10 for evacuation
[2026-04-03T01:29:10.707+0600][12.864s][info][gc,phases      ] GC(20)   Pre Evacuate Collection Set: 0.32ms
[2026-04-03T01:29:10.707+0600][12.865s][info][gc,phases      ] GC(20)   Merge Heap Roots: 0.30ms
[2026-04-03T01:29:10.707+0600][12.865s][info][gc,phases      ] GC(20)   Evacuate Collection Set: 16.28ms
[2026-04-03T01:29:10.707+0600][12.865s][info][gc,phases      ] GC(20)   Post Evacuate Collection Set: 1.38ms
[2026-04-03T01:29:10.707+0600][12.865s][info][gc,phases      ] GC(20)   Other: 23.29ms
[2026-04-03T01:29:10.707+0600][12.865s][info][gc,heap        ] GC(20) Eden regions: 11->0(12)
[2026-04-03T01:29:10.707+0600][12.865s][info][gc,heap        ] GC(20) Survivor regions: 2->2(2)
[2026-04-03T01:29:10.707+0600][12.865s][info][gc,heap        ] GC(20) Old regions: 31->32
[2026-04-03T01:29:10.708+0600][12.865s][info][gc,heap        ] GC(20) Humongous regions: 1->1
[2026-04-03T01:29:10.708+0600][12.865s][info][gc,metaspace   ] GC(20) Metaspace: 52000K(52480K)->52000K(52480K) NonClass: 45910K(46208K)->45910K(46208K) Class: 6090K(6272K)->6090K(6272K)
[2026-04-03T01:29:10.708+0600][12.865s][info][gc             ] GC(20) Pause Young (Prepare Mixed) (G1 Evacuation Pause) 87M->69M(114M) 41.928ms
[2026-04-03T01:29:10.708+0600][12.865s][info][gc,cpu         ] GC(20) User=0.12s Sys=0.00s Real=0.04s
[2026-04-03T01:29:11.957+0600][14.114s][info][gc,start       ] GC(21) Pause Young (Mixed) (G1 Evacuation Pause)
[2026-04-03T01:29:11.957+0600][14.114s][info][gc,task        ] GC(21) Using 2 workers of 10 for evacuation
[2026-04-03T01:29:11.988+0600][14.145s][info][gc,phases      ] GC(21)   Pre Evacuate Collection Set: 0.25ms
[2026-04-03T01:29:11.988+0600][14.145s][info][gc,phases      ] GC(21)   Merge Heap Roots: 0.64ms
[2026-04-03T01:29:11.988+0600][14.145s][info][gc,phases      ] GC(21)   Evacuate Collection Set: 28.07ms
[2026-04-03T01:29:11.988+0600][14.145s][info][gc,phases      ] GC(21)   Post Evacuate Collection Set: 1.34ms
[2026-04-03T01:29:11.988+0600][14.145s][info][gc,phases      ] GC(21)   Other: 0.13ms
[2026-04-03T01:29:11.988+0600][14.145s][info][gc,heap        ] GC(21) Eden regions: 12->0(14)
[2026-04-03T01:29:11.988+0600][14.145s][info][gc,heap        ] GC(21) Survivor regions: 2->2(2)
[2026-04-03T01:29:11.988+0600][14.145s][info][gc,heap        ] GC(21) Old regions: 32->30
[2026-04-03T01:29:11.988+0600][14.145s][info][gc,heap        ] GC(21) Humongous regions: 1->1
[2026-04-03T01:29:11.988+0600][14.145s][info][gc,metaspace   ] GC(21) Metaspace: 52991K(53504K)->52991K(53504K) NonClass: 46805K(47104K)->46805K(47104K) Class: 6186K(6400K)->6186K(6400K)
[2026-04-03T01:29:11.988+0600][14.145s][info][gc             ] GC(21) Pause Young (Mixed) (G1 Evacuation Pause) 93M->64M(114M) 30.781ms
[2026-04-03T01:29:11.988+0600][14.145s][info][gc,cpu         ] GC(21) User=0.12s Sys=0.00s Real=0.03s
[2026-04-03T01:29:13.042+0600][15.199s][info][gc,start       ] GC(22) Pause Young (Concurrent Start) (G1 Evacuation Pause)
[2026-04-03T01:29:13.042+0600][15.199s][info][gc,task        ] GC(22) Using 2 workers of 10 for evacuation
[2026-04-03T01:29:13.063+0600][15.220s][info][gc,phases      ] GC(22)   Pre Evacuate Collection Set: 0.19ms
[2026-04-03T01:29:13.063+0600][15.220s][info][gc,phases      ] GC(22)   Merge Heap Roots: 0.29ms
[2026-04-03T01:29:13.063+0600][15.220s][info][gc,phases      ] GC(22)   Evacuate Collection Set: 18.34ms
[2026-04-03T01:29:13.063+0600][15.220s][info][gc,phases      ] GC(22)   Post Evacuate Collection Set: 1.70ms
[2026-04-03T01:29:13.063+0600][15.220s][info][gc,phases      ] GC(22)   Other: 0.13ms
[2026-04-03T01:29:13.063+0600][15.220s][info][gc,heap        ] GC(22) Eden regions: 14->0(21)
[2026-04-03T01:29:13.063+0600][15.220s][info][gc,heap        ] GC(22) Survivor regions: 2->2(2)
[2026-04-03T01:29:13.063+0600][15.220s][info][gc,heap        ] GC(22) Old regions: 30->32
[2026-04-03T01:29:13.063+0600][15.220s][info][gc,heap        ] GC(22) Humongous regions: 1->1
[2026-04-03T01:29:13.063+0600][15.220s][info][gc,metaspace   ] GC(22) Metaspace: 54961K(55424K)->54961K(55424K) NonClass: 48579K(48896K)->48579K(48896K) Class: 6381K(6528K)->6381K(6528K)
[2026-04-03T01:29:13.063+0600][15.220s][info][gc             ] GC(22) Pause Young (Concurrent Start) (G1 Evacuation Pause) 92M->68M(138M) 20.876ms
[2026-04-03T01:29:13.063+0600][15.220s][info][gc,cpu         ] GC(22) User=0.05s Sys=0.00s Real=0.02s
[2026-04-03T01:29:13.063+0600][15.220s][info][gc             ] GC(23) Concurrent Mark Cycle
[2026-04-03T01:29:13.063+0600][15.220s][info][gc,marking     ] GC(23) Concurrent Scan Root Regions
[2026-04-03T01:29:13.070+0600][15.227s][info][gc,marking     ] GC(23) Concurrent Scan Root Regions 6.715ms
[2026-04-03T01:29:13.070+0600][15.227s][info][gc,marking     ] GC(23) Concurrent Mark
[2026-04-03T01:29:13.070+0600][15.227s][info][gc,marking     ] GC(23) Concurrent Mark From Roots
[2026-04-03T01:29:13.070+0600][15.227s][info][gc,task        ] GC(23) Using 3 workers of 3 for marking
[2026-04-03T01:29:13.112+0600][15.269s][info][gc,marking     ] GC(23) Concurrent Mark From Roots 41.850ms
[2026-04-03T01:29:13.112+0600][15.269s][info][gc,marking     ] GC(23) Concurrent Preclean
[2026-04-03T01:29:13.113+0600][15.270s][info][gc,marking     ] GC(23) Concurrent Preclean 0.743ms
[2026-04-03T01:29:13.113+0600][15.270s][info][gc,start       ] GC(23) Pause Remark
[2026-04-03T01:29:13.142+0600][15.300s][info][gc             ] GC(23) Pause Remark 71M->71M(138M) 29.633ms
[2026-04-03T01:29:13.143+0600][15.300s][info][gc,cpu         ] GC(23) User=0.08s Sys=0.00s Real=0.03s
[2026-04-03T01:29:13.143+0600][15.300s][info][gc,marking     ] GC(23) Concurrent Mark 72.809ms
[2026-04-03T01:29:13.143+0600][15.300s][info][gc,marking     ] GC(23) Concurrent Rebuild Remembered Sets and Scrub Regions
[2026-04-03T01:29:13.179+0600][15.336s][info][gc,marking     ] GC(23) Concurrent Rebuild Remembered Sets and Scrub Regions 36.277ms
[2026-04-03T01:29:13.179+0600][15.337s][info][gc,start       ] GC(23) Pause Cleanup
[2026-04-03T01:29:13.180+0600][15.337s][info][gc             ] GC(23) Pause Cleanup 74M->74M(138M) 0.317ms
[2026-04-03T01:29:13.180+0600][15.337s][info][gc,cpu         ] GC(23) User=0.00s Sys=0.00s Real=0.01s
[2026-04-03T01:29:13.180+0600][15.337s][info][gc,marking     ] GC(23) Concurrent Clear Claimed Marks
[2026-04-03T01:29:13.180+0600][15.337s][info][gc,marking     ] GC(23) Concurrent Clear Claimed Marks 0.172ms
[2026-04-03T01:29:13.180+0600][15.337s][info][gc,marking     ] GC(23) Concurrent Cleanup for Next Mark
[2026-04-03T01:29:13.181+0600][15.338s][info][gc,marking     ] GC(23) Concurrent Cleanup for Next Mark 0.424ms
[2026-04-03T01:29:13.181+0600][15.338s][info][gc             ] GC(23) Concurrent Mark Cycle 117.847ms
[2026-04-03T01:29:14.068+0600][16.225s][info][gc,start       ] GC(24) Pause Young (Prepare Mixed) (G1 Evacuation Pause)
[2026-04-03T01:29:14.068+0600][16.225s][info][gc,task        ] GC(24) Using 3 workers of 10 for evacuation
[2026-04-03T01:29:14.083+0600][16.240s][info][gc,phases      ] GC(24)   Pre Evacuate Collection Set: 0.22ms
[2026-04-03T01:29:14.083+0600][16.240s][info][gc,phases      ] GC(24)   Merge Heap Roots: 0.32ms
[2026-04-03T01:29:14.083+0600][16.240s][info][gc,phases      ] GC(24)   Evacuate Collection Set: 13.00ms
[2026-04-03T01:29:14.083+0600][16.240s][info][gc,phases      ] GC(24)   Post Evacuate Collection Set: 1.07ms
[2026-04-03T01:29:14.083+0600][16.240s][info][gc,phases      ] GC(24)   Other: 0.11ms
[2026-04-03T01:29:14.083+0600][16.240s][info][gc,heap        ] GC(24) Eden regions: 21->0(21)
[2026-04-03T01:29:14.083+0600][16.240s][info][gc,heap        ] GC(24) Survivor regions: 2->2(3)
[2026-04-03T01:29:14.083+0600][16.240s][info][gc,heap        ] GC(24) Old regions: 32->34
[2026-04-03T01:29:14.083+0600][16.240s][info][gc,heap        ] GC(24) Humongous regions: 1->1
[2026-04-03T01:29:14.083+0600][16.240s][info][gc,metaspace   ] GC(24) Metaspace: 57967K(58496K)->57967K(58496K) NonClass: 51222K(51520K)->51222K(51520K) Class: 6744K(6976K)->6744K(6976K)
[2026-04-03T01:29:14.083+0600][16.240s][info][gc             ] GC(24) Pause Young (Prepare Mixed) (G1 Evacuation Pause) 110M->70M(138M) 15.241ms
[2026-04-03T01:29:14.083+0600][16.240s][info][gc,cpu         ] GC(24) User=0.07s Sys=0.00s Real=0.02s
[2026-04-03T01:29:15.140+0600][17.298s][info][gc,start       ] GC(25) Pause Full (System.gc())
[2026-04-03T01:29:15.141+0600][17.298s][info][gc,task        ] GC(25) Using 3 workers of 10 for full compaction
[2026-04-03T01:29:15.141+0600][17.298s][info][gc,phases,start] GC(25) Phase 1: Mark live objects
[2026-04-03T01:29:15.170+0600][17.327s][info][gc,phases      ] GC(25) Phase 1: Mark live objects 29.125ms
[2026-04-03T01:29:15.170+0600][17.327s][info][gc,phases,start] GC(25) Phase 2: Prepare compaction
[2026-04-03T01:29:15.174+0600][17.331s][info][gc,phases      ] GC(25) Phase 2: Prepare compaction 3.849ms
[2026-04-03T01:29:15.174+0600][17.331s][info][gc,phases,start] GC(25) Phase 3: Adjust pointers
[2026-04-03T01:29:15.193+0600][17.350s][info][gc,phases      ] GC(25) Phase 3: Adjust pointers 18.770ms
[2026-04-03T01:29:15.193+0600][17.350s][info][gc,phases,start] GC(25) Phase 4: Compact heap
[2026-04-03T01:29:15.198+0600][17.355s][info][gc,phases      ] GC(25) Phase 4: Compact heap 5.255ms
[2026-04-03T01:29:15.198+0600][17.355s][info][gc,phases,start] GC(25) Phase 5: Reset Metadata
[2026-04-03T01:29:15.203+0600][17.360s][info][gc,phases      ] GC(25) Phase 5: Reset Metadata 5.045ms
[2026-04-03T01:29:15.218+0600][17.375s][info][gc,heap        ] GC(25) Eden regions: 18->0(21)
[2026-04-03T01:29:15.218+0600][17.376s][info][gc,heap        ] GC(25) Survivor regions: 2->0(3)
[2026-04-03T01:29:15.218+0600][17.376s][info][gc,heap        ] GC(25) Old regions: 34->12
[2026-04-03T01:29:15.218+0600][17.376s][info][gc,heap        ] GC(25) Humongous regions: 1->1
[2026-04-03T01:29:15.218+0600][17.376s][info][gc,metaspace   ] GC(25) Metaspace: 58422K(59008K)->58422K(59008K) NonClass: 51647K(51968K)->51647K(51968K) Class: 6775K(7040K)->6775K(7040K)
[2026-04-03T01:29:15.218+0600][17.376s][info][gc             ] GC(25) Pause Full (System.gc()) 105M->24M(88M) 77.999ms
[2026-04-03T01:29:15.218+0600][17.376s][info][gc,cpu         ] GC(25) User=0.16s Sys=0.00s Real=0.07s
[2026-04-03T01:29:16.060+0600][18.217s][info][gc,start       ] GC(26) Pause Young (Normal) (G1 Evacuation Pause)
[2026-04-03T01:29:16.060+0600][18.217s][info][gc,task        ] GC(26) Using 2 workers of 10 for evacuation
[2026-04-03T01:29:16.082+0600][18.240s][info][gc,phases      ] GC(26)   Pre Evacuate Collection Set: 0.32ms
[2026-04-03T01:29:16.083+0600][18.240s][info][gc,phases      ] GC(26)   Merge Heap Roots: 0.08ms
[2026-04-03T01:29:16.083+0600][18.240s][info][gc,phases      ] GC(26)   Evacuate Collection Set: 19.99ms
[2026-04-03T01:29:16.083+0600][18.240s][info][gc,phases      ] GC(26)   Post Evacuate Collection Set: 1.78ms
[2026-04-03T01:29:16.083+0600][18.240s][info][gc,phases      ] GC(26)   Other: 0.12ms
[2026-04-03T01:29:16.083+0600][18.240s][info][gc,heap        ] GC(26) Eden regions: 21->0(15)
[2026-04-03T01:29:16.083+0600][18.240s][info][gc,heap        ] GC(26) Survivor regions: 0->3(3)
[2026-04-03T01:29:16.083+0600][18.240s][info][gc,heap        ] GC(26) Old regions: 12->16
[2026-04-03T01:29:16.083+0600][18.240s][info][gc,heap        ] GC(26) Humongous regions: 1->1
[2026-04-03T01:29:16.083+0600][18.240s][info][gc,metaspace   ] GC(26) Metaspace: 58818K(59328K)->58818K(59328K) NonClass: 52043K(52288K)->52043K(52288K) Class: 6775K(7040K)->6775K(7040K)
[2026-04-03T01:29:16.083+0600][18.240s][info][gc             ] GC(26) Pause Young (Normal) (G1 Evacuation Pause) 66M->37M(88M) 22.674ms
[2026-04-03T01:29:16.083+0600][18.240s][info][gc,cpu         ] GC(26) User=0.08s Sys=0.00s Real=0.02s
[2026-04-03T01:29:17.082+0600][19.239s][info][gc,start       ] GC(27) Pause Young (Concurrent Start) (G1 Evacuation Pause)
[2026-04-03T01:29:17.082+0600][19.240s][info][gc,task        ] GC(27) Using 2 workers of 10 for evacuation
[2026-04-03T01:29:17.104+0600][19.261s][info][gc,phases      ] GC(27)   Pre Evacuate Collection Set: 0.26ms
[2026-04-03T01:29:17.104+0600][19.261s][info][gc,phases      ] GC(27)   Merge Heap Roots: 0.19ms
[2026-04-03T01:29:17.104+0600][19.261s][info][gc,phases      ] GC(27)   Evacuate Collection Set: 19.48ms
[2026-04-03T01:29:17.104+0600][19.261s][info][gc,phases      ] GC(27)   Post Evacuate Collection Set: 1.50ms
[2026-04-03T01:29:17.104+0600][19.261s][info][gc,phases      ] GC(27)   Other: 0.17ms
[2026-04-03T01:29:17.104+0600][19.261s][info][gc,heap        ] GC(27) Eden regions: 15->0(13)
[2026-04-03T01:29:17.104+0600][19.261s][info][gc,heap        ] GC(27) Survivor regions: 3->3(3)
[2026-04-03T01:29:17.104+0600][19.261s][info][gc,heap        ] GC(27) Old regions: 16->19
[2026-04-03T01:29:17.104+0600][19.261s][info][gc,heap        ] GC(27) Humongous regions: 1->1
[2026-04-03T01:29:17.104+0600][19.261s][info][gc,metaspace   ] GC(27) Metaspace: 59090K(59648K)->59090K(59648K) NonClass: 52315K(52608K)->52315K(52608K) Class: 6775K(7040K)->6775K(7040K)
[2026-04-03T01:29:17.104+0600][19.261s][info][gc             ] GC(27) Pause Young (Concurrent Start) (G1 Evacuation Pause) 67M->43M(88M) 21.922ms
[2026-04-03T01:29:17.104+0600][19.261s][info][gc,cpu         ] GC(27) User=0.06s Sys=0.00s Real=0.02s
[2026-04-03T01:29:17.104+0600][19.261s][info][gc             ] GC(28) Concurrent Mark Cycle
[2026-04-03T01:29:17.104+0600][19.262s][info][gc,marking     ] GC(28) Concurrent Scan Root Regions
[2026-04-03T01:29:17.112+0600][19.269s][info][gc,marking     ] GC(28) Concurrent Scan Root Regions 7.358ms
[2026-04-03T01:29:17.112+0600][19.269s][info][gc,marking     ] GC(28) Concurrent Mark
[2026-04-03T01:29:17.112+0600][19.269s][info][gc,marking     ] GC(28) Concurrent Mark From Roots
[2026-04-03T01:29:17.112+0600][19.269s][info][gc,task        ] GC(28) Using 3 workers of 3 for marking
[2026-04-03T01:29:17.139+0600][19.297s][info][gc,marking     ] GC(28) Concurrent Mark From Roots 27.586ms
[2026-04-03T01:29:17.140+0600][19.297s][info][gc,marking     ] GC(28) Concurrent Preclean
[2026-04-03T01:29:17.140+0600][19.297s][info][gc,marking     ] GC(28) Concurrent Preclean 0.351ms
[2026-04-03T01:29:17.140+0600][19.297s][info][gc,start       ] GC(28) Pause Remark
[2026-04-03T01:29:17.167+0600][19.324s][info][gc             ] GC(28) Pause Remark 44M->44M(88M) 26.907ms
[2026-04-03T01:29:17.167+0600][19.324s][info][gc,cpu         ] GC(28) User=0.08s Sys=0.00s Real=0.02s
[2026-04-03T01:29:17.167+0600][19.325s][info][gc,marking     ] GC(28) Concurrent Mark 55.508ms
[2026-04-03T01:29:17.167+0600][19.325s][info][gc,marking     ] GC(28) Concurrent Rebuild Remembered Sets and Scrub Regions
[2026-04-03T01:29:17.188+0600][19.345s][info][gc,marking     ] GC(28) Concurrent Rebuild Remembered Sets and Scrub Regions 20.809ms
[2026-04-03T01:29:17.189+0600][19.346s][info][gc,start       ] GC(28) Pause Cleanup
[2026-04-03T01:29:17.189+0600][19.346s][info][gc             ] GC(28) Pause Cleanup 44M->44M(88M) 0.264ms
[2026-04-03T01:29:17.189+0600][19.346s][info][gc,cpu         ] GC(28) User=0.00s Sys=0.00s Real=0.00s
[2026-04-03T01:29:17.189+0600][19.346s][info][gc,marking     ] GC(28) Concurrent Clear Claimed Marks
[2026-04-03T01:29:17.189+0600][19.346s][info][gc,marking     ] GC(28) Concurrent Clear Claimed Marks 0.104ms
[2026-04-03T01:29:17.189+0600][19.346s][info][gc,marking     ] GC(28) Concurrent Cleanup for Next Mark
[2026-04-03T01:29:17.189+0600][19.346s][info][gc,marking     ] GC(28) Concurrent Cleanup for Next Mark 0.212ms
[2026-04-03T01:29:17.189+0600][19.347s][info][gc             ] GC(28) Concurrent Mark Cycle 85.007ms
[2026-04-03T01:29:17.991+0600][20.148s][info][gc,start       ] GC(29) Pause Young (Prepare Mixed) (G1 Evacuation Pause)
[2026-04-03T01:29:17.991+0600][20.148s][info][gc,task        ] GC(29) Using 4 workers of 10 for evacuation
[2026-04-03T01:29:18.004+0600][20.161s][info][gc,phases      ] GC(29)   Pre Evacuate Collection Set: 0.33ms
[2026-04-03T01:29:18.004+0600][20.161s][info][gc,phases      ] GC(29)   Merge Heap Roots: 0.34ms
[2026-04-03T01:29:18.004+0600][20.161s][info][gc,phases      ] GC(29)   Evacuate Collection Set: 11.18ms
[2026-04-03T01:29:18.004+0600][20.161s][info][gc,phases      ] GC(29)   Post Evacuate Collection Set: 1.06ms
[2026-04-03T01:29:18.004+0600][20.161s][info][gc,phases      ] GC(29)   Other: 0.11ms
[2026-04-03T01:29:18.004+0600][20.161s][info][gc,heap        ] GC(29) Eden regions: 13->0(12)
[2026-04-03T01:29:18.004+0600][20.161s][info][gc,heap        ] GC(29) Survivor regions: 3->2(2)
[2026-04-03T01:29:18.004+0600][20.161s][info][gc,heap        ] GC(29) Old regions: 19->22
[2026-04-03T01:29:18.004+0600][20.161s][info][gc,heap        ] GC(29) Humongous regions: 1->1
[2026-04-03T01:29:18.004+0600][20.161s][info][gc,metaspace   ] GC(29) Metaspace: 59266K(59776K)->59266K(59776K) NonClass: 52491K(52736K)->52491K(52736K) Class: 6775K(7040K)->6775K(7040K)
[2026-04-03T01:29:18.004+0600][20.161s][info][gc             ] GC(29) Pause Young (Prepare Mixed) (G1 Evacuation Pause) 69M->47M(88M) 13.402ms
[2026-04-03T01:29:18.004+0600][20.161s][info][gc,cpu         ] GC(29) User=0.07s Sys=0.00s Real=0.01s
[2026-04-03T01:29:18.164+0600][20.321s][info][gc,start       ] GC(30) Pause Young (Mixed) (G1 Evacuation Pause)
[2026-04-03T01:29:18.164+0600][20.321s][info][gc,task        ] GC(30) Using 4 workers of 10 for evacuation
[2026-04-03T01:29:18.175+0600][20.333s][info][gc,phases      ] GC(30)   Pre Evacuate Collection Set: 0.45ms
[2026-04-03T01:29:18.175+0600][20.333s][info][gc,phases      ] GC(30)   Merge Heap Roots: 0.25ms
[2026-04-03T01:29:18.176+0600][20.333s][info][gc,phases      ] GC(30)   Evacuate Collection Set: 9.93ms
[2026-04-03T01:29:18.176+0600][20.333s][info][gc,phases      ] GC(30)   Post Evacuate Collection Set: 0.89ms
[2026-04-03T01:29:18.176+0600][20.333s][info][gc,phases      ] GC(30)   Other: 0.14ms
[2026-04-03T01:29:18.176+0600][20.333s][info][gc,heap        ] GC(30) Eden regions: 12->0(10)
[2026-04-03T01:29:18.176+0600][20.333s][info][gc,heap        ] GC(30) Survivor regions: 2->2(2)
[2026-04-03T01:29:18.176+0600][20.333s][info][gc,heap        ] GC(30) Old regions: 22->24
[2026-04-03T01:29:18.176+0600][20.333s][info][gc,heap        ] GC(30) Humongous regions: 1->1
[2026-04-03T01:29:18.176+0600][20.333s][info][gc,metaspace   ] GC(30) Metaspace: 59295K(59840K)->59295K(59840K) NonClass: 52520K(52800K)->52520K(52800K) Class: 6775K(7040K)->6775K(7040K)
[2026-04-03T01:29:18.176+0600][20.333s][info][gc             ] GC(30) Pause Young (Mixed) (G1 Evacuation Pause) 71M->52M(88M) 12.105ms
[2026-04-03T01:29:18.176+0600][20.333s][info][gc,cpu         ] GC(30) User=0.05s Sys=0.00s Real=0.01s
[2026-04-03T01:29:18.721+0600][20.878s][info][gc,start       ] GC(31) Pause Young (Concurrent Start) (G1 Evacuation Pause)
[2026-04-03T01:29:18.721+0600][20.878s][info][gc,task        ] GC(31) Using 3 workers of 10 for evacuation
[2026-04-03T01:29:18.730+0600][20.887s][info][gc,phases      ] GC(31)   Pre Evacuate Collection Set: 0.39ms
[2026-04-03T01:29:18.730+0600][20.887s][info][gc,phases      ] GC(31)   Merge Heap Roots: 0.23ms
[2026-04-03T01:29:18.730+0600][20.887s][info][gc,phases      ] GC(31)   Evacuate Collection Set: 7.00ms
[2026-04-03T01:29:18.730+0600][20.887s][info][gc,phases      ] GC(31)   Post Evacuate Collection Set: 1.33ms
[2026-04-03T01:29:18.730+0600][20.887s][info][gc,phases      ] GC(31)   Other: 0.33ms
[2026-04-03T01:29:18.730+0600][20.887s][info][gc,heap        ] GC(31) Eden regions: 10->0(23)
[2026-04-03T01:29:18.730+0600][20.887s][info][gc,heap        ] GC(31) Survivor regions: 2->2(2)
[2026-04-03T01:29:18.730+0600][20.887s][info][gc,heap        ] GC(31) Old regions: 24->26
[2026-04-03T01:29:18.730+0600][20.887s][info][gc,heap        ] GC(31) Humongous regions: 1->1
[2026-04-03T01:29:18.730+0600][20.887s][info][gc,metaspace   ] GC(31) Metaspace: 59420K(60032K)->59420K(60032K) NonClass: 52645K(52992K)->52645K(52992K) Class: 6775K(7040K)->6775K(7040K)
[2026-04-03T01:29:18.730+0600][20.887s][info][gc             ] GC(31) Pause Young (Concurrent Start) (G1 Evacuation Pause) 72M->55M(128M) 9.623ms
[2026-04-03T01:29:18.730+0600][20.887s][info][gc,cpu         ] GC(31) User=0.04s Sys=0.00s Real=0.01s
[2026-04-03T01:29:18.730+0600][20.887s][info][gc             ] GC(32) Concurrent Mark Cycle
[2026-04-03T01:29:18.730+0600][20.887s][info][gc,marking     ] GC(32) Concurrent Scan Root Regions
[2026-04-03T01:29:18.736+0600][20.894s][info][gc,marking     ] GC(32) Concurrent Scan Root Regions 6.035ms
[2026-04-03T01:29:18.736+0600][20.894s][info][gc,marking     ] GC(32) Concurrent Mark
[2026-04-03T01:29:18.736+0600][20.894s][info][gc,marking     ] GC(32) Concurrent Mark From Roots
[2026-04-03T01:29:18.736+0600][20.894s][info][gc,task        ] GC(32) Using 3 workers of 3 for marking
[2026-04-03T01:29:18.787+0600][20.944s][info][gc,marking     ] GC(32) Concurrent Mark From Roots 50.222ms
[2026-04-03T01:29:18.787+0600][20.944s][info][gc,marking     ] GC(32) Concurrent Preclean
[2026-04-03T01:29:18.788+0600][20.945s][info][gc,marking     ] GC(32) Concurrent Preclean 0.728ms
[2026-04-03T01:29:18.788+0600][20.945s][info][gc,start       ] GC(32) Pause Remark
[2026-04-03T01:29:18.813+0600][20.970s][info][gc             ] GC(32) Pause Remark 57M->57M(128M) 24.800ms
[2026-04-03T01:29:18.813+0600][20.970s][info][gc,cpu         ] GC(32) User=0.12s Sys=0.01s Real=0.03s
[2026-04-03T01:29:18.813+0600][20.970s][info][gc,marking     ] GC(32) Concurrent Mark 76.512ms
[2026-04-03T01:29:18.813+0600][20.970s][info][gc,marking     ] GC(32) Concurrent Rebuild Remembered Sets and Scrub Regions
[2026-04-03T01:29:18.849+0600][21.006s][info][gc,marking     ] GC(32) Concurrent Rebuild Remembered Sets and Scrub Regions 35.929ms
[2026-04-03T01:29:18.849+0600][21.006s][info][gc,start       ] GC(32) Pause Cleanup
[2026-04-03T01:29:18.850+0600][21.007s][info][gc             ] GC(32) Pause Cleanup 57M->57M(128M) 0.347ms
[2026-04-03T01:29:18.850+0600][21.007s][info][gc,cpu         ] GC(32) User=0.00s Sys=0.00s Real=0.01s
[2026-04-03T01:29:18.850+0600][21.007s][info][gc,marking     ] GC(32) Concurrent Clear Claimed Marks
[2026-04-03T01:29:18.850+0600][21.007s][info][gc,marking     ] GC(32) Concurrent Clear Claimed Marks 0.133ms
[2026-04-03T01:29:18.850+0600][21.007s][info][gc,marking     ] GC(32) Concurrent Cleanup for Next Mark
[2026-04-03T01:29:18.851+0600][21.008s][info][gc,marking     ] GC(32) Concurrent Cleanup for Next Mark 0.729ms
[2026-04-03T01:29:18.851+0600][21.008s][info][gc             ] GC(32) Concurrent Mark Cycle 120.452ms
[2026-04-03T01:29:19.942+0600][22.099s][info][gc,start       ] GC(33) Pause Young (Prepare Mixed) (G1 Evacuation Pause)
[2026-04-03T01:29:19.942+0600][22.099s][info][gc,task        ] GC(33) Using 3 workers of 10 for evacuation
[2026-04-03T01:29:19.962+0600][22.119s][info][gc,phases      ] GC(33)   Pre Evacuate Collection Set: 0.26ms
[2026-04-03T01:29:19.962+0600][22.119s][info][gc,phases      ] GC(33)   Merge Heap Roots: 0.32ms
[2026-04-03T01:29:19.962+0600][22.119s][info][gc,phases      ] GC(33)   Evacuate Collection Set: 18.52ms
[2026-04-03T01:29:19.962+0600][22.119s][info][gc,phases      ] GC(33)   Post Evacuate Collection Set: 1.17ms
[2026-04-03T01:29:19.962+0600][22.119s][info][gc,phases      ] GC(33)   Other: 0.12ms
[2026-04-03T01:29:19.962+0600][22.119s][info][gc,heap        ] GC(33) Eden regions: 23->0(19)
[2026-04-03T01:29:19.962+0600][22.119s][info][gc,heap        ] GC(33) Survivor regions: 2->4(4)
[2026-04-03T01:29:19.962+0600][22.119s][info][gc,heap        ] GC(33) Old regions: 26->29
[2026-04-03T01:29:19.962+0600][22.119s][info][gc,heap        ] GC(33) Humongous regions: 1->1
[2026-04-03T01:29:19.962+0600][22.119s][info][gc,metaspace   ] GC(33) Metaspace: 59720K(60288K)->59720K(60288K) NonClass: 52945K(53248K)->52945K(53248K) Class: 6775K(7040K)->6775K(7040K)
[2026-04-03T01:29:19.962+0600][22.119s][info][gc             ] GC(33) Pause Young (Prepare Mixed) (G1 Evacuation Pause) 101M->66M(128M) 20.664ms
[2026-04-03T01:29:19.962+0600][22.119s][info][gc,cpu         ] GC(33) User=0.08s Sys=0.00s Real=0.02s
[2026-04-03T01:29:20.914+0600][23.071s][info][gc,start       ] GC(34) Pause Full (System.gc())
[2026-04-03T01:29:20.914+0600][23.071s][info][gc,task        ] GC(34) Using 3 workers of 10 for full compaction
[2026-04-03T01:29:20.914+0600][23.071s][info][gc,phases,start] GC(34) Phase 1: Mark live objects
[2026-04-03T01:29:20.941+0600][23.099s][info][gc,phases      ] GC(34) Phase 1: Mark live objects 27.477ms
[2026-04-03T01:29:20.941+0600][23.099s][info][gc,phases,start] GC(34) Phase 2: Prepare compaction
[2026-04-03T01:29:20.943+0600][23.100s][info][gc,phases      ] GC(34) Phase 2: Prepare compaction 1.787ms
[2026-04-03T01:29:20.943+0600][23.100s][info][gc,phases,start] GC(34) Phase 3: Adjust pointers
[2026-04-03T01:29:20.963+0600][23.121s][info][gc,phases      ] GC(34) Phase 3: Adjust pointers 20.113ms
[2026-04-03T01:29:20.963+0600][23.121s][info][gc,phases,start] GC(34) Phase 4: Compact heap
[2026-04-03T01:29:20.965+0600][23.123s][info][gc,phases      ] GC(34) Phase 4: Compact heap 1.984ms
[2026-04-03T01:29:20.966+0600][23.123s][info][gc,phases,start] GC(34) Phase 5: Reset Metadata
[2026-04-03T01:29:20.970+0600][23.127s][info][gc,phases      ] GC(34) Phase 5: Reset Metadata 4.713ms
[2026-04-03T01:29:20.986+0600][23.143s][info][gc,heap        ] GC(34) Eden regions: 19->0(21)
[2026-04-03T01:29:20.986+0600][23.143s][info][gc,heap        ] GC(34) Survivor regions: 4->0(4)
[2026-04-03T01:29:20.986+0600][23.143s][info][gc,heap        ] GC(34) Old regions: 29->13
[2026-04-03T01:29:20.986+0600][23.143s][info][gc,heap        ] GC(34) Humongous regions: 1->1
[2026-04-03T01:29:20.986+0600][23.143s][info][gc,metaspace   ] GC(34) Metaspace: 59893K(60416K)->59893K(60416K) NonClass: 53118K(53376K)->53118K(53376K) Class: 6775K(7040K)->6775K(7040K)
[2026-04-03T01:29:20.986+0600][23.143s][info][gc             ] GC(34) Pause Full (System.gc()) 104M->24M(94M) 72.157ms
[2026-04-03T01:29:20.986+0600][23.143s][info][gc,cpu         ] GC(34) User=0.15s Sys=0.00s Real=0.07s
[2026-04-03T01:29:21.510+0600][23.668s][info][gc,start       ] GC(35) Pause Young (Normal) (G1 Evacuation Pause)
[2026-04-03T01:29:21.511+0600][23.668s][info][gc,task        ] GC(35) Using 2 workers of 10 for evacuation
[2026-04-03T01:29:21.527+0600][23.684s][info][gc,phases      ] GC(35)   Pre Evacuate Collection Set: 0.16ms
[2026-04-03T01:29:21.527+0600][23.685s][info][gc,phases      ] GC(35)   Merge Heap Roots: 0.13ms
[2026-04-03T01:29:21.527+0600][23.685s][info][gc,phases      ] GC(35)   Evacuate Collection Set: 14.94ms
[2026-04-03T01:29:21.527+0600][23.685s][info][gc,phases      ] GC(35)   Post Evacuate Collection Set: 1.40ms
[2026-04-03T01:29:21.527+0600][23.685s][info][gc,phases      ] GC(35)   Other: 0.09ms
[2026-04-03T01:29:21.527+0600][23.685s][info][gc,heap        ] GC(35) Eden regions: 21->0(16)
[2026-04-03T01:29:21.527+0600][23.685s][info][gc,heap        ] GC(35) Survivor regions: 0->3(3)
[2026-04-03T01:29:21.527+0600][23.685s][info][gc,heap        ] GC(35) Old regions: 13->16
[2026-04-03T01:29:21.527+0600][23.685s][info][gc,heap        ] GC(35) Humongous regions: 1->1
[2026-04-03T01:29:21.527+0600][23.685s][info][gc,metaspace   ] GC(35) Metaspace: 60073K(60608K)->60073K(60608K) NonClass: 53297K(53568K)->53297K(53568K) Class: 6775K(7040K)->6775K(7040K)
[2026-04-03T01:29:21.527+0600][23.685s][info][gc             ] GC(35) Pause Young (Normal) (G1 Evacuation Pause) 66M->36M(94M) 16.990ms
[2026-04-03T01:29:21.527+0600][23.685s][info][gc,cpu         ] GC(35) User=0.03s Sys=0.00s Real=0.01s
[2026-04-03T01:29:22.306+0600][24.463s][info][gc,start       ] GC(36) Pause Young (Normal) (G1 Evacuation Pause)
[2026-04-03T01:29:22.306+0600][24.463s][info][gc,task        ] GC(36) Using 2 workers of 10 for evacuation
[2026-04-03T01:29:22.328+0600][24.485s][info][gc,phases      ] GC(36)   Pre Evacuate Collection Set: 0.26ms
[2026-04-03T01:29:22.328+0600][24.485s][info][gc,phases      ] GC(36)   Merge Heap Roots: 0.15ms
[2026-04-03T01:29:22.328+0600][24.485s][info][gc,phases      ] GC(36)   Evacuate Collection Set: 19.45ms
[2026-04-03T01:29:22.328+0600][24.485s][info][gc,phases      ] GC(36)   Post Evacuate Collection Set: 1.96ms
[2026-04-03T01:29:22.328+0600][24.485s][info][gc,phases      ] GC(36)   Other: 0.07ms
[2026-04-03T01:29:22.328+0600][24.485s][info][gc,heap        ] GC(36) Eden regions: 16->0(15)
[2026-04-03T01:29:22.328+0600][24.485s][info][gc,heap        ] GC(36) Survivor regions: 3->3(3)
[2026-04-03T01:29:22.328+0600][24.485s][info][gc,heap        ] GC(36) Old regions: 16->19
[2026-04-03T01:29:22.328+0600][24.485s][info][gc,heap        ] GC(36) Humongous regions: 1->1
[2026-04-03T01:29:22.328+0600][24.485s][info][gc,metaspace   ] GC(36) Metaspace: 60162K(60672K)->60162K(60672K) NonClass: 53386K(53632K)->53386K(53632K) Class: 6775K(7040K)->6775K(7040K)
[2026-04-03T01:29:22.328+0600][24.485s][info][gc             ] GC(36) Pause Young (Normal) (G1 Evacuation Pause) 68M->42M(94M) 22.138ms
[2026-04-03T01:29:22.328+0600][24.485s][info][gc,cpu         ] GC(36) User=0.05s Sys=0.00s Real=0.02s
[2026-04-03T01:29:23.019+0600][25.176s][info][gc,start       ] GC(37) Pause Young (Normal) (G1 Evacuation Pause)
[2026-04-03T01:29:23.019+0600][25.176s][info][gc,task        ] GC(37) Using 4 workers of 10 for evacuation
[2026-04-03T01:29:23.032+0600][25.190s][info][gc,phases      ] GC(37)   Pre Evacuate Collection Set: 0.33ms
[2026-04-03T01:29:23.032+0600][25.190s][info][gc,phases      ] GC(37)   Merge Heap Roots: 0.29ms
[2026-04-03T01:29:23.032+0600][25.190s][info][gc,phases      ] GC(37)   Evacuate Collection Set: 11.14ms
[2026-04-03T01:29:23.032+0600][25.190s][info][gc,phases      ] GC(37)   Post Evacuate Collection Set: 1.69ms
[2026-04-03T01:29:23.032+0600][25.190s][info][gc,phases      ] GC(37)   Other: 0.15ms
[2026-04-03T01:29:23.033+0600][25.190s][info][gc,heap        ] GC(37) Eden regions: 15->0(13)
[2026-04-03T01:29:23.033+0600][25.190s][info][gc,heap        ] GC(37) Survivor regions: 3->3(3)
[2026-04-03T01:29:23.033+0600][25.190s][info][gc,heap        ] GC(37) Old regions: 19->22
[2026-04-03T01:29:23.033+0600][25.190s][info][gc,heap        ] GC(37) Humongous regions: 1->1
[2026-04-03T01:29:23.033+0600][25.190s][info][gc,metaspace   ] GC(37) Metaspace: 60271K(60864K)->60271K(60864K) NonClass: 53495K(53824K)->53495K(53824K) Class: 6775K(7040K)->6775K(7040K)
[2026-04-03T01:29:23.033+0600][25.190s][info][gc             ] GC(37) Pause Young (Normal) (G1 Evacuation Pause) 72M->46M(94M) 14.051ms
[2026-04-03T01:29:23.033+0600][25.190s][info][gc,cpu         ] GC(37) User=0.07s Sys=0.00s Real=0.02s
[2026-04-03T01:29:23.265+0600][25.422s][info][gc,start       ] GC(38) Pause Young (Concurrent Start) (G1 Evacuation Pause)
[2026-04-03T01:29:23.265+0600][25.422s][info][gc,task        ] GC(38) Using 3 workers of 10 for evacuation
[2026-04-03T01:29:23.276+0600][25.433s][info][gc,phases      ] GC(38)   Pre Evacuate Collection Set: 0.40ms
[2026-04-03T01:29:23.276+0600][25.433s][info][gc,phases      ] GC(38)   Merge Heap Roots: 0.33ms
[2026-04-03T01:29:23.276+0600][25.433s][info][gc,phases      ] GC(38)   Evacuate Collection Set: 8.40ms
[2026-04-03T01:29:23.276+0600][25.433s][info][gc,phases      ] GC(38)   Post Evacuate Collection Set: 1.21ms
[2026-04-03T01:29:23.276+0600][25.433s][info][gc,phases      ] GC(38)   Other: 0.20ms
[2026-04-03T01:29:23.276+0600][25.433s][info][gc,heap        ] GC(38) Eden regions: 13->0(26)
[2026-04-03T01:29:23.276+0600][25.433s][info][gc,heap        ] GC(38) Survivor regions: 3->1(2)
[2026-04-03T01:29:23.276+0600][25.433s][info][gc,heap        ] GC(38) Old regions: 22->24
[2026-04-03T01:29:23.276+0600][25.433s][info][gc,heap        ] GC(38) Humongous regions: 1->1
[2026-04-03T01:29:23.276+0600][25.433s][info][gc,metaspace   ] GC(38) Metaspace: 60330K(60928K)->60330K(60928K) NonClass: 53555K(53888K)->53555K(53888K) Class: 6775K(7040K)->6775K(7040K)
[2026-04-03T01:29:23.276+0600][25.433s][info][gc             ] GC(38) Pause Young (Concurrent Start) (G1 Evacuation Pause) 72M->47M(128M) 10.895ms
[2026-04-03T01:29:23.276+0600][25.433s][info][gc,cpu         ] GC(38) User=0.03s Sys=0.00s Real=0.01s
[2026-04-03T01:29:23.276+0600][25.433s][info][gc             ] GC(39) Concurrent Mark Cycle
[2026-04-03T01:29:23.276+0600][25.433s][info][gc,marking     ] GC(39) Concurrent Scan Root Regions
[2026-04-03T01:29:23.281+0600][25.438s][info][gc,marking     ] GC(39) Concurrent Scan Root Regions 4.916ms
[2026-04-03T01:29:23.281+0600][25.438s][info][gc,marking     ] GC(39) Concurrent Mark
[2026-04-03T01:29:23.281+0600][25.438s][info][gc,marking     ] GC(39) Concurrent Mark From Roots
[2026-04-03T01:29:23.281+0600][25.438s][info][gc,task        ] GC(39) Using 3 workers of 3 for marking
[2026-04-03T01:29:23.325+0600][25.482s][info][gc,marking     ] GC(39) Concurrent Mark From Roots 43.645ms
[2026-04-03T01:29:23.325+0600][25.482s][info][gc,marking     ] GC(39) Concurrent Preclean
[2026-04-03T01:29:23.325+0600][25.482s][info][gc,marking     ] GC(39) Concurrent Preclean 0.234ms
[2026-04-03T01:29:23.325+0600][25.482s][info][gc,start       ] GC(39) Pause Remark
[2026-04-03T01:29:23.353+0600][25.510s][info][gc             ] GC(39) Pause Remark 48M->48M(128M) 27.709ms
[2026-04-03T01:29:23.353+0600][25.510s][info][gc,cpu         ] GC(39) User=0.14s Sys=0.00s Real=0.03s
[2026-04-03T01:29:23.353+0600][25.510s][info][gc,marking     ] GC(39) Concurrent Mark 72.186ms
[2026-04-03T01:29:23.353+0600][25.510s][info][gc,marking     ] GC(39) Concurrent Rebuild Remembered Sets and Scrub Regions
[2026-04-03T01:29:23.377+0600][25.534s][info][gc,marking     ] GC(39) Concurrent Rebuild Remembered Sets and Scrub Regions 23.469ms
[2026-04-03T01:29:23.377+0600][25.535s][info][gc,start       ] GC(39) Pause Cleanup
[2026-04-03T01:29:23.378+0600][25.535s][info][gc             ] GC(39) Pause Cleanup 49M->49M(128M) 0.394ms
[2026-04-03T01:29:23.378+0600][25.535s][info][gc,cpu         ] GC(39) User=0.00s Sys=0.00s Real=0.00s
[2026-04-03T01:29:23.378+0600][25.535s][info][gc,marking     ] GC(39) Concurrent Clear Claimed Marks
[2026-04-03T01:29:23.378+0600][25.535s][info][gc,marking     ] GC(39) Concurrent Clear Claimed Marks 0.137ms
[2026-04-03T01:29:23.378+0600][25.535s][info][gc,marking     ] GC(39) Concurrent Cleanup for Next Mark
[2026-04-03T01:29:23.379+0600][25.536s][info][gc,marking     ] GC(39) Concurrent Cleanup for Next Mark 0.755ms
[2026-04-03T01:29:23.379+0600][25.536s][info][gc             ] GC(39) Concurrent Mark Cycle 103.199ms
[2026-04-03T01:29:24.444+0600][26.601s][info][gc,start       ] GC(40) Pause Young (Prepare Mixed) (G1 Evacuation Pause)
[2026-04-03T01:29:24.444+0600][26.601s][info][gc,task        ] GC(40) Using 3 workers of 10 for evacuation
[2026-04-03T01:29:24.463+0600][26.620s][info][gc,phases      ] GC(40)   Pre Evacuate Collection Set: 0.22ms
[2026-04-03T01:29:24.463+0600][26.620s][info][gc,phases      ] GC(40)   Merge Heap Roots: 0.34ms
[2026-04-03T01:29:24.463+0600][26.620s][info][gc,phases      ] GC(40)   Evacuate Collection Set: 17.60ms
[2026-04-03T01:29:24.463+0600][26.620s][info][gc,phases      ] GC(40)   Post Evacuate Collection Set: 0.51ms
[2026-04-03T01:29:24.463+0600][26.620s][info][gc,phases      ] GC(40)   Other: 0.10ms
[2026-04-03T01:29:24.463+0600][26.620s][info][gc,heap        ] GC(40) Eden regions: 26->0(21)
[2026-04-03T01:29:24.463+0600][26.620s][info][gc,heap        ] GC(40) Survivor regions: 1->4(4)
[2026-04-03T01:29:24.463+0600][26.620s][info][gc,heap        ] GC(40) Old regions: 24->26
[2026-04-03T01:29:24.463+0600][26.620s][info][gc,heap        ] GC(40) Humongous regions: 1->1
[2026-04-03T01:29:24.463+0600][26.620s][info][gc,metaspace   ] GC(40) Metaspace: 60561K(61120K)->60561K(61120K) NonClass: 53785K(54080K)->53785K(54080K) Class: 6775K(7040K)->6775K(7040K)
[2026-04-03T01:29:24.463+0600][26.620s][info][gc             ] GC(40) Pause Young (Prepare Mixed) (G1 Evacuation Pause) 99M->58M(128M) 19.055ms
[2026-04-03T01:29:24.463+0600][26.620s][info][gc,cpu         ] GC(40) User=0.06s Sys=0.01s Real=0.02s
[2026-04-03T01:29:25.219+0600][27.376s][info][gc,start       ] GC(41) Pause Young (Mixed) (G1 Evacuation Pause)
[2026-04-03T01:29:25.219+0600][27.376s][info][gc,task        ] GC(41) Using 3 workers of 10 for evacuation
[2026-04-03T01:29:25.236+0600][27.393s][info][gc,phases      ] GC(41)   Pre Evacuate Collection Set: 0.38ms
[2026-04-03T01:29:25.236+0600][27.393s][info][gc,phases      ] GC(41)   Merge Heap Roots: 0.23ms
[2026-04-03T01:29:25.236+0600][27.393s][info][gc,phases      ] GC(41)   Evacuate Collection Set: 15.23ms
[2026-04-03T01:29:25.236+0600][27.393s][info][gc,phases      ] GC(41)   Post Evacuate Collection Set: 0.97ms
[2026-04-03T01:29:25.236+0600][27.393s][info][gc,phases      ] GC(41)   Other: 0.09ms
[2026-04-03T01:29:25.236+0600][27.393s][info][gc,heap        ] GC(41) Eden regions: 21->0(22)
[2026-04-03T01:29:25.236+0600][27.393s][info][gc,heap        ] GC(41) Survivor regions: 4->1(4)
[2026-04-03T01:29:25.236+0600][27.393s][info][gc,heap        ] GC(41) Old regions: 26->30
[2026-04-03T01:29:25.236+0600][27.393s][info][gc,heap        ] GC(41) Humongous regions: 1->1
[2026-04-03T01:29:25.236+0600][27.393s][info][gc,metaspace   ] GC(41) Metaspace: 60722K(61248K)->60722K(61248K) NonClass: 53913K(54208K)->53913K(54208K) Class: 6808K(7040K)->6808K(7040K)
[2026-04-03T01:29:25.236+0600][27.393s][info][gc             ] GC(41) Pause Young (Mixed) (G1 Evacuation Pause) 100M->61M(128M) 17.118ms
[2026-04-03T01:29:25.236+0600][27.393s][info][gc,cpu         ] GC(41) User=0.05s Sys=0.00s Real=0.02s
[2026-04-03T01:29:25.276+0600][27.433s][info][gc,heap,exit   ] Heap
[2026-04-03T01:29:25.276+0600][27.433s][info][gc,heap,exit   ]  garbage-first heap   total 131072K, used 73747K [0x000000070ae00000, 0x0000000800000000)
[2026-04-03T01:29:25.276+0600][27.433s][info][gc,heap,exit   ]   region size 2048K, 7 young (14336K), 1 survivors (2048K)
[2026-04-03T01:29:25.276+0600][27.433s][info][gc,heap,exit   ]  Metaspace       used 60925K, committed 61440K, reserved 1114112K
[2026-04-03T01:29:25.276+0600][27.433s][info][gc,heap,exit   ]   class space    used 6878K, committed 7104K, reserved 1048576K
