[2026-04-03T01:27:37.881+0600][0.005s][info][gc,init] Initializing The Z Garbage Collector
[2026-04-03T01:27:37.881+0600][0.005s][info][gc,init] Version: 21.0.10+7-Ubuntu-124.04 (release)
[2026-04-03T01:27:37.881+0600][0.005s][info][gc,init] NUMA Support: Disabled
[2026-04-03T01:27:37.881+0600][0.005s][info][gc,init] CPUs: 12 total, 12 available
[2026-04-03T01:27:37.881+0600][0.005s][info][gc,init] Memory: 15683M
[2026-04-03T01:27:37.881+0600][0.005s][info][gc,init] Large Page Support: Disabled
[2026-04-03T01:27:37.881+0600][0.005s][info][gc,init] Address Space Type: Contiguous/Unrestricted/Complete
[2026-04-03T01:27:37.881+0600][0.005s][info][gc,init] Address Space Size: 62752M
[2026-04-03T01:27:37.881+0600][0.005s][info][gc,init] Heap Backing File: /memfd:java_heap
[2026-04-03T01:27:37.881+0600][0.005s][info][gc,init] Heap Backing Filesystem: tmpfs (0x1021994)
[2026-04-03T01:27:37.881+0600][0.005s][info][gc,init] Min Capacity: 8M
[2026-04-03T01:27:37.881+0600][0.005s][info][gc,init] Initial Capacity: 246M
[2026-04-03T01:27:37.881+0600][0.005s][info][gc,init] Max Capacity: 3922M
[2026-04-03T01:27:37.881+0600][0.005s][info][gc,init] Soft Max Capacity: 3529M
[2026-04-03T01:27:37.882+0600][0.005s][info][gc,init] Medium Page Size: 32M
[2026-04-03T01:27:37.882+0600][0.006s][info][gc,init] Pre-touch: Disabled
[2026-04-03T01:27:37.882+0600][0.006s][info][gc,init] Available space on backing filesystem: N/A
[2026-04-03T01:27:37.882+0600][0.006s][info][gc,init] Uncommit: Enabled
[2026-04-03T01:27:37.882+0600][0.006s][info][gc,init] Uncommit Delay: 300s
[2026-04-03T01:27:37.883+0600][0.007s][info][gc,init] GC Workers for Old Generation: 3 (dynamic)
[2026-04-03T01:27:37.883+0600][0.007s][info][gc,init] GC Workers for Young Generation: 3 (dynamic)
[2026-04-03T01:27:37.978+0600][0.102s][info][gc,init] GC Workers Max: 3 (dynamic)
[2026-04-03T01:27:37.979+0600][0.103s][info][gc,init] Runtime Workers: 8
[2026-04-03T01:27:37.980+0600][0.104s][info][gc     ] Using The Z Garbage Collector
[2026-04-03T01:27:37.991+0600][0.115s][info][gc,metaspace] CDS archive(s) mapped at: [0x000077261f000000-0x000077261fc9c000-0x000077261fc9c000), size 13221888, SharedBaseAddress: 0x000077261f000000, ArchiveRelocationMode: 1.
[2026-04-03T01:27:37.991+0600][0.115s][info][gc,metaspace] Compressed class space mapped at: 0x0000772620000000-0x0000772660000000, reserved size: 1073741824
[2026-04-03T01:27:37.991+0600][0.115s][info][gc,metaspace] Narrow klass base: 0x000077261f000000, Narrow klass shift: 0, Narrow klass range: 0x100000000
[2026-04-03T01:27:39.488+0600][1.612s][info][gc          ] GC(0) Major Collection (Warmup)
[2026-04-03T01:27:39.488+0600][1.612s][info][gc,task     ] GC(0) Using 3 Workers for Young Generation
[2026-04-03T01:27:39.488+0600][1.612s][info][gc,task     ] GC(0) Using 2 Workers for Old Generation
[2026-04-03T01:27:39.488+0600][1.612s][info][gc,phases   ] GC(0) Y: Young Generation
[2026-04-03T01:27:39.488+0600][1.612s][info][gc,phases   ] GC(0) Y: Pause Mark Start (Major) 0.018ms
[2026-04-03T01:27:39.497+0600][1.621s][info][gc,phases   ] GC(0) Y: Concurrent Mark 8.563ms
[2026-04-03T01:27:39.497+0600][1.621s][info][gc,phases   ] GC(0) Y: Pause Mark End 0.023ms
[2026-04-03T01:27:39.497+0600][1.621s][info][gc,phases   ] GC(0) Y: Concurrent Mark Free 0.001ms
[2026-04-03T01:27:39.497+0600][1.621s][info][gc,phases   ] GC(0) Y: Concurrent Reset Relocation Set 0.000ms
[2026-04-03T01:27:39.505+0600][1.629s][info][gc,reloc    ] GC(0) Y: Using tenuring threshold: 1 (Computed)
[2026-04-03T01:27:39.506+0600][1.630s][info][gc,phases   ] GC(0) Y: Concurrent Select Relocation Set 8.869ms
[2026-04-03T01:27:39.506+0600][1.630s][info][gc,phases   ] GC(0) Y: Pause Relocate Start 0.016ms
[2026-04-03T01:27:39.514+0600][1.638s][info][gc,phases   ] GC(0) Y: Concurrent Relocate 7.442ms
[2026-04-03T01:27:39.514+0600][1.638s][info][gc,alloc    ] GC(0) Y:                         Mark Start        Mark End      Relocate Start    Relocate End   
[2026-04-03T01:27:39.514+0600][1.638s][info][gc,alloc    ] GC(0) Y: Allocation Stalls:          0                0                0                0         
[2026-04-03T01:27:39.514+0600][1.638s][info][gc,load     ] GC(0) Y: Load: 3.77 (31%) / 4.30 (36%) / 5.17 (43%)
[2026-04-03T01:27:39.514+0600][1.638s][info][gc,mmu      ] GC(0) Y: MMU: 2ms/98.8%, 5ms/99.5%, 10ms/99.6%, 20ms/99.7%, 50ms/99.9%, 100ms/99.9%
[2026-04-03T01:27:39.514+0600][1.638s][info][gc,marking  ] GC(0) Y: Mark: 2 stripe(s), 2 proactive flush(es), 1 terminate flush(es), 0 completion(s), 0 continuation(s) 
[2026-04-03T01:27:39.514+0600][1.638s][info][gc,marking  ] GC(0) Y: Mark Stack Usage: 32M
[2026-04-03T01:27:39.514+0600][1.638s][info][gc,nmethod  ] GC(0) Y: NMethods: 1227 registered, 0 unregistered
[2026-04-03T01:27:39.514+0600][1.638s][info][gc,metaspace] GC(0) Y: Metaspace: 10M used, 10M committed, 1088M reserved
[2026-04-03T01:27:39.514+0600][1.638s][info][gc,reloc    ] GC(0) Y:                        Candidates     Selected     In-Place         Size        Empty    Relocated 
[2026-04-03T01:27:39.514+0600][1.638s][info][gc,reloc    ] GC(0) Y: Small Pages:                  163          160            0         326M           0M           3M 
[2026-04-03T01:27:39.514+0600][1.638s][info][gc,reloc    ] GC(0) Y: Medium Pages:                   1            0            0          32M           0M           0M 
[2026-04-03T01:27:39.514+0600][1.638s][info][gc,reloc    ] GC(0) Y: Large Pages:                    0            0            0           0M           0M           0M 
[2026-04-03T01:27:39.514+0600][1.638s][info][gc,reloc    ] GC(0) Y: Forwarding Usage: 1M
[2026-04-03T01:27:39.514+0600][1.638s][info][gc,reloc    ] GC(0) Y: Age Table:
[2026-04-03T01:27:39.514+0600][1.638s][info][gc,reloc    ] GC(0) Y:                    Live             Garbage             Small              Medium             Large        
[2026-04-03T01:27:39.514+0600][1.638s][info][gc,reloc    ] GC(0) Y: Eden               5M (0%)          352M (9%)         163 / 160            1 / 0              0 / 0        
[2026-04-03T01:27:39.514+0600][1.638s][info][gc,heap     ] GC(0) Y: Min Capacity: 8M(0%)
[2026-04-03T01:27:39.514+0600][1.638s][info][gc,heap     ] GC(0) Y: Max Capacity: 3922M(100%)
[2026-04-03T01:27:39.514+0600][1.638s][info][gc,heap     ] GC(0) Y: Soft Max Capacity: 3529M(90%)
[2026-04-03T01:27:39.514+0600][1.638s][info][gc,heap     ] GC(0) Y: Heap Statistics:
[2026-04-03T01:27:39.514+0600][1.638s][info][gc,heap     ] GC(0) Y:                Mark Start          Mark End        Relocate Start      Relocate End           High               Low         
[2026-04-03T01:27:39.514+0600][1.638s][info][gc,heap     ] GC(0) Y:  Capacity:      358M (9%)          362M (9%)          364M (9%)          374M (10%)         374M (10%)         358M (9%)     
[2026-04-03T01:27:39.514+0600][1.638s][info][gc,heap     ] GC(0) Y:      Free:     3564M (91%)        3560M (91%)        3558M (91%)        3872M (99%)        3872M (99%)        3548M (90%)    
[2026-04-03T01:27:39.514+0600][1.638s][info][gc,heap     ] GC(0) Y:      Used:      358M (9%)          362M (9%)          364M (9%)           50M (1%)          374M (10%)          50M (1%)     
[2026-04-03T01:27:39.514+0600][1.638s][info][gc,heap     ] GC(0) Y: Young Generation Statistics:
[2026-04-03T01:27:39.514+0600][1.638s][info][gc,heap     ] GC(0) Y:                Mark Start          Mark End        Relocate Start      Relocate End    
[2026-04-03T01:27:39.514+0600][1.638s][info][gc,heap     ] GC(0) Y:      Used:      358M (9%)          362M (9%)          364M (9%)           50M (1%)     
[2026-04-03T01:27:39.514+0600][1.638s][info][gc,heap     ] GC(0) Y:      Live:         -                 5M (0%)            5M (0%)            5M (0%)     
[2026-04-03T01:27:39.514+0600][1.638s][info][gc,heap     ] GC(0) Y:   Garbage:         -               352M (9%)          352M (9%)           31M (1%)     
[2026-04-03T01:27:39.514+0600][1.638s][info][gc,heap     ] GC(0) Y: Allocated:         -                 4M (0%)            6M (0%)           13M (0%)     
[2026-04-03T01:27:39.514+0600][1.638s][info][gc,heap     ] GC(0) Y: Reclaimed:         -                  -                 0M (0%)          321M (8%)     
[2026-04-03T01:27:39.514+0600][1.638s][info][gc,heap     ] GC(0) Y:  Promoted:         -                  -                 0M (0%)            0M (0%)     
[2026-04-03T01:27:39.514+0600][1.638s][info][gc,heap     ] GC(0) Y: Compacted:         -                  -                  -                 4M (0%)     
[2026-04-03T01:27:39.514+0600][1.638s][info][gc,phases   ] GC(0) Y: Young Generation 358M(9%)->50M(1%) 0.026s
[2026-04-03T01:27:39.514+0600][1.638s][info][gc,phases   ] GC(0) O: Old Generation
[2026-04-03T01:27:39.515+0600][1.639s][info][gc,phases   ] GC(0) O: Concurrent Mark 0.757ms
[2026-04-03T01:27:39.515+0600][1.639s][info][gc,phases   ] GC(0) O: Pause Mark End 0.019ms
[2026-04-03T01:27:39.515+0600][1.639s][info][gc,phases   ] GC(0) O: Concurrent Mark Free 0.036ms
[2026-04-03T01:27:39.518+0600][1.642s][info][gc,phases   ] GC(0) O: Concurrent Process Non-Strong 2.527ms
[2026-04-03T01:27:39.518+0600][1.642s][info][gc,phases   ] GC(0) O: Concurrent Reset Relocation Set 0.001ms
[2026-04-03T01:27:39.520+0600][1.644s][info][gc,phases   ] GC(0) O: Concurrent Select Relocation Set 2.095ms
[2026-04-03T01:27:39.520+0600][1.644s][info][gc,task     ] GC(0) O: Using 3 Workers for Old Generation
[2026-04-03T01:27:39.534+0600][1.658s][info][gc,task     ] GC(0) O: Using 2 Workers for Old Generation
[2026-04-03T01:27:39.534+0600][1.658s][info][gc,phases   ] GC(0) O: Concurrent Remap Roots 13.926ms
[2026-04-03T01:27:39.534+0600][1.658s][info][gc,phases   ] GC(0) O: Pause Relocate Start 0.019ms
[2026-04-03T01:27:39.534+0600][1.658s][info][gc,phases   ] GC(0) O: Concurrent Relocate 0.120ms
[2026-04-03T01:27:39.534+0600][1.658s][info][gc,alloc    ] GC(0) O:                         Mark Start        Mark End      Relocate Start    Relocate End   
[2026-04-03T01:27:39.534+0600][1.658s][info][gc,alloc    ] GC(0) O: Allocation Stalls:          0                0                0                0         
[2026-04-03T01:27:39.534+0600][1.658s][info][gc,load     ] GC(0) O: Load: 3.77 (31%) / 4.30 (36%) / 5.17 (43%)
[2026-04-03T01:27:39.534+0600][1.658s][info][gc,mmu      ] GC(0) O: MMU: 2ms/98.8%, 5ms/99.5%, 10ms/99.6%, 20ms/99.7%, 50ms/99.8%, 100ms/99.9%
[2026-04-03T01:27:39.534+0600][1.658s][info][gc,marking  ] GC(0) O: Mark: 2 stripe(s), 1 proactive flush(es), 1 terminate flush(es), 0 completion(s), 0 continuation(s) 
[2026-04-03T01:27:39.534+0600][1.658s][info][gc,marking  ] GC(0) O: Mark Stack Usage: 0M
[2026-04-03T01:27:39.534+0600][1.658s][info][gc,nmethod  ] GC(0) O: NMethods: 1105 registered, 131 unregistered
[2026-04-03T01:27:39.534+0600][1.658s][info][gc,metaspace] GC(0) O: Metaspace: 10M used, 10M committed, 1088M reserved
[2026-04-03T01:27:39.534+0600][1.658s][info][gc,ref      ] GC(0) O:                       Encountered   Discovered     Enqueued 
[2026-04-03T01:27:39.534+0600][1.658s][info][gc,ref      ] GC(0) O: Soft References:              213            0            0 
[2026-04-03T01:27:39.534+0600][1.658s][info][gc,ref      ] GC(0) O: Weak References:              922            0            0 
[2026-04-03T01:27:39.534+0600][1.658s][info][gc,ref      ] GC(0) O: Final References:               0            0            0 
[2026-04-03T01:27:39.534+0600][1.658s][info][gc,ref      ] GC(0) O: Phantom References:            37            0            0 
[2026-04-03T01:27:39.534+0600][1.658s][info][gc,heap     ] GC(0) O: Min Capacity: 8M(0%)
[2026-04-03T01:27:39.534+0600][1.658s][info][gc,heap     ] GC(0) O: Max Capacity: 3922M(100%)
[2026-04-03T01:27:39.535+0600][1.658s][info][gc,heap     ] GC(0) O: Soft Max Capacity: 3529M(90%)
[2026-04-03T01:27:39.535+0600][1.659s][info][gc,heap     ] GC(0) O: Heap Statistics:
[2026-04-03T01:27:39.535+0600][1.659s][info][gc,heap     ] GC(0) O:                Mark Start          Mark End        Relocate Start      Relocate End           High               Low         
[2026-04-03T01:27:39.535+0600][1.659s][info][gc,heap     ] GC(0) O:  Capacity:      358M (9%)          374M (10%)         374M (10%)         374M (10%)         374M (10%)         358M (9%)     
[2026-04-03T01:27:39.535+0600][1.659s][info][gc,heap     ] GC(0) O:      Free:     3564M (91%)        3872M (99%)        3858M (98%)        3858M (98%)        3872M (99%)        3548M (90%)    
[2026-04-03T01:27:39.535+0600][1.659s][info][gc,heap     ] GC(0) O:      Used:      358M (9%)           50M (1%)           64M (2%)           64M (2%)          374M (10%)          50M (1%)     
[2026-04-03T01:27:39.535+0600][1.659s][info][gc,heap     ] GC(0) O: Old Generation Statistics:
[2026-04-03T01:27:39.535+0600][1.659s][info][gc,heap     ] GC(0) O:                Mark Start          Mark End        Relocate Start      Relocate End    
[2026-04-03T01:27:39.535+0600][1.659s][info][gc,heap     ] GC(0) O:      Used:        0M (0%)            0M (0%)            0M (0%)            0M (0%)     
[2026-04-03T01:27:39.535+0600][1.659s][info][gc,heap     ] GC(0) O:      Live:         -                 0M (0%)            0M (0%)            0M (0%)     
[2026-04-03T01:27:39.535+0600][1.659s][info][gc,heap     ] GC(0) O:   Garbage:         -                 0M (0%)            0M (0%)            0M (0%)     
[2026-04-03T01:27:39.535+0600][1.659s][info][gc,heap     ] GC(0) O: Allocated:         -                 0M (0%)            0M (0%)            0M (0%)     
[2026-04-03T01:27:39.535+0600][1.659s][info][gc,heap     ] GC(0) O: Reclaimed:         -                  -                 0M (0%)            0M (0%)     
[2026-04-03T01:27:39.535+0600][1.659s][info][gc,heap     ] GC(0) O: Compacted:         -                  -                  -                 0M (0%)     
[2026-04-03T01:27:39.535+0600][1.659s][info][gc,phases   ] GC(0) O: Old Generation 50M(1%)->64M(2%) 0.020s
[2026-04-03T01:27:39.535+0600][1.659s][info][gc          ] GC(0) Major Collection (Warmup) 358M(9%)->64M(2%) 0.047s
[2026-04-03T01:27:39.983+0600][2.107s][info][gc          ] GC(1) Major Collection (System.gc())
[2026-04-03T01:27:39.983+0600][2.107s][info][gc,task     ] GC(1) Using 3 Workers for Young Generation
[2026-04-03T01:27:39.983+0600][2.107s][info][gc,task     ] GC(1) Using 3 Workers for Old Generation
[2026-04-03T01:27:39.983+0600][2.107s][info][gc,phases   ] GC(1) Y: Young Generation (Promote All)
[2026-04-03T01:27:39.983+0600][2.107s][info][gc,phases   ] GC(1) Y: Pause Mark Start 0.029ms
[2026-04-03T01:27:39.992+0600][2.116s][info][gc,phases   ] GC(1) Y: Concurrent Mark 8.610ms
[2026-04-03T01:27:39.992+0600][2.116s][info][gc,phases   ] GC(1) Y: Pause Mark End 0.017ms
[2026-04-03T01:27:39.992+0600][2.116s][info][gc,phases   ] GC(1) Y: Concurrent Mark Free 0.002ms
[2026-04-03T01:27:39.992+0600][2.116s][info][gc,phases   ] GC(1) Y: Concurrent Reset Relocation Set 0.024ms
[2026-04-03T01:27:39.994+0600][2.118s][info][gc,reloc    ] GC(1) Y: Using tenuring threshold: 0 (Promote All)
[2026-04-03T01:27:39.999+0600][2.123s][info][gc,phases   ] GC(1) Y: Concurrent Select Relocation Set 6.713ms
[2026-04-03T01:27:39.999+0600][2.123s][info][gc,phases   ] GC(1) Y: Pause Relocate Start 0.014ms
[2026-04-03T01:27:40.005+0600][2.129s][info][gc,phases   ] GC(1) Y: Concurrent Relocate 5.890ms
[2026-04-03T01:27:40.005+0600][2.129s][info][gc,alloc    ] GC(1) Y:                         Mark Start        Mark End      Relocate Start    Relocate End   
[2026-04-03T01:27:40.005+0600][2.129s][info][gc,alloc    ] GC(1) Y: Allocation Stalls:          0                0                0                0         
[2026-04-03T01:27:40.005+0600][2.129s][info][gc,load     ] GC(1) Y: Load: 3.77 (31%) / 4.30 (36%) / 5.17 (43%)
[2026-04-03T01:27:40.005+0600][2.129s][info][gc,mmu      ] GC(1) Y: MMU: 2ms/98.6%, 5ms/99.4%, 10ms/99.5%, 20ms/99.7%, 50ms/99.8%, 100ms/99.9%
[2026-04-03T01:27:40.005+0600][2.129s][info][gc,marking  ] GC(1) Y: Mark: 2 stripe(s), 2 proactive flush(es), 1 terminate flush(es), 0 completion(s), 0 continuation(s) 
[2026-04-03T01:27:40.005+0600][2.129s][info][gc,marking  ] GC(1) Y: Mark Stack Usage: 32M
[2026-04-03T01:27:40.005+0600][2.129s][info][gc,nmethod  ] GC(1) Y: NMethods: 1156 registered, 131 unregistered
[2026-04-03T01:27:40.005+0600][2.129s][info][gc,metaspace] GC(1) Y: Metaspace: 12M used, 12M committed, 1088M reserved
[2026-04-03T01:27:40.006+0600][2.130s][info][gc,reloc    ] GC(1) Y:                        Candidates     Selected     In-Place         Size        Empty    Relocated 
[2026-04-03T01:27:40.006+0600][2.130s][info][gc,reloc    ] GC(1) Y: Small Pages:                   49           46            0          98M           0M           1M 
[2026-04-03T01:27:40.006+0600][2.130s][info][gc,reloc    ] GC(1) Y: Medium Pages:                   1            0            0          32M           0M           0M 
[2026-04-03T01:27:40.006+0600][2.130s][info][gc,reloc    ] GC(1) Y: Large Pages:                    0            0            0           0M           0M           0M 
[2026-04-03T01:27:40.006+0600][2.130s][info][gc,reloc    ] GC(1) Y: Forwarding Usage: 0M
[2026-04-03T01:27:40.006+0600][2.130s][info][gc,reloc    ] GC(1) Y: Age Table:
[2026-04-03T01:27:40.006+0600][2.130s][info][gc,reloc    ] GC(1) Y:                    Live             Garbage             Small              Medium             Large        
[2026-04-03T01:27:40.006+0600][2.130s][info][gc,reloc    ] GC(1) Y: Eden               0M (0%)           87M (2%)          44 / 43             0 / 0              0 / 0        
[2026-04-03T01:27:40.006+0600][2.130s][info][gc,reloc    ] GC(1) Y: Survivor 1         5M (0%)           36M (1%)           5 / 3              1 / 0              0 / 0        
[2026-04-03T01:27:40.006+0600][2.130s][info][gc,heap     ] GC(1) Y: Min Capacity: 8M(0%)
[2026-04-03T01:27:40.006+0600][2.130s][info][gc,heap     ] GC(1) Y: Max Capacity: 3922M(100%)
[2026-04-03T01:27:40.006+0600][2.130s][info][gc,heap     ] GC(1) Y: Soft Max Capacity: 3529M(90%)
[2026-04-03T01:27:40.006+0600][2.130s][info][gc,heap     ] GC(1) Y: Heap Statistics:
[2026-04-03T01:27:40.006+0600][2.130s][info][gc,heap     ] GC(1) Y:                Mark Start          Mark End        Relocate Start      Relocate End           High               Low         
[2026-04-03T01:27:40.006+0600][2.130s][info][gc,heap     ] GC(1) Y:  Capacity:      374M (10%)         374M (10%)         374M (10%)         374M (10%)         374M (10%)         374M (10%)    
[2026-04-03T01:27:40.006+0600][2.130s][info][gc,heap     ] GC(1) Y:      Free:     3792M (97%)        3792M (97%)        3792M (97%)        3880M (99%)        3880M (99%)        3786M (97%)    
[2026-04-03T01:27:40.006+0600][2.130s][info][gc,heap     ] GC(1) Y:      Used:      130M (3%)          130M (3%)          130M (3%)           42M (1%)          136M (3%)           42M (1%)     
[2026-04-03T01:27:40.006+0600][2.130s][info][gc,heap     ] GC(1) Y: Young Generation Statistics:
[2026-04-03T01:27:40.006+0600][2.130s][info][gc,heap     ] GC(1) Y:                Mark Start          Mark End        Relocate Start      Relocate End    
[2026-04-03T01:27:40.006+0600][2.130s][info][gc,heap     ] GC(1) Y:      Used:      130M (3%)          130M (3%)           94M (2%)            0M (0%)     
[2026-04-03T01:27:40.006+0600][2.130s][info][gc,heap     ] GC(1) Y:      Live:         -                 5M (0%)            1M (0%)            0M (0%)     
[2026-04-03T01:27:40.006+0600][2.130s][info][gc,heap     ] GC(1) Y:   Garbage:         -               124M (3%)           92M (2%)            0M (0%)     
[2026-04-03T01:27:40.006+0600][2.130s][info][gc,heap     ] GC(1) Y: Allocated:         -                 0M (0%)            0M (0%)            0M (0%)     
[2026-04-03T01:27:40.006+0600][2.130s][info][gc,heap     ] GC(1) Y: Reclaimed:         -                  -                31M (1%)          124M (3%)     
[2026-04-03T01:27:40.006+0600][2.130s][info][gc,heap     ] GC(1) Y:  Promoted:         -                  -                 4M (0%)            5M (0%)     
[2026-04-03T01:27:40.006+0600][2.130s][info][gc,heap     ] GC(1) Y: Compacted:         -                  -                  -                 0M (0%)     
[2026-04-03T01:27:40.006+0600][2.130s][info][gc,phases   ] GC(1) Y: Young Generation (Promote All) 130M(3%)->42M(1%) 0.022s
[2026-04-03T01:27:40.006+0600][2.130s][info][gc,phases   ] GC(1) Y: Young Generation (Collect Roots)
[2026-04-03T01:27:40.006+0600][2.130s][info][gc,phases   ] GC(1) Y: Pause Mark Start (Major) 0.018ms
[2026-04-03T01:27:40.008+0600][2.132s][info][gc,phases   ] GC(1) Y: Concurrent Mark 2.504ms
[2026-04-03T01:27:40.008+0600][2.132s][info][gc,phases   ] GC(1) Y: Pause Mark End 0.012ms
[2026-04-03T01:27:40.009+0600][2.133s][info][gc,phases   ] GC(1) Y: Concurrent Mark Free 0.136ms
[2026-04-03T01:27:40.009+0600][2.133s][info][gc,phases   ] GC(1) Y: Concurrent Reset Relocation Set 0.019ms
[2026-04-03T01:27:40.010+0600][2.134s][info][gc,reloc    ] GC(1) Y: Using tenuring threshold: 0 (Computed)
[2026-04-03T01:27:40.010+0600][2.134s][info][gc,phases   ] GC(1) Y: Concurrent Select Relocation Set 1.537ms
[2026-04-03T01:27:40.010+0600][2.134s][info][gc,phases   ] GC(1) Y: Pause Relocate Start 0.017ms
[2026-04-03T01:27:40.010+0600][2.134s][info][gc,phases   ] GC(1) Y: Concurrent Relocate 0.047ms
[2026-04-03T01:27:40.010+0600][2.134s][info][gc,alloc    ] GC(1) Y:                         Mark Start        Mark End      Relocate Start    Relocate End   
[2026-04-03T01:27:40.010+0600][2.134s][info][gc,alloc    ] GC(1) Y: Allocation Stalls:          0                0                0                0         
[2026-04-03T01:27:40.011+0600][2.135s][info][gc,load     ] GC(1) Y: Load: 3.77 (31%) / 4.30 (36%) / 5.17 (43%)
[2026-04-03T01:27:40.011+0600][2.135s][info][gc,mmu      ] GC(1) Y: MMU: 2ms/98.6%, 5ms/99.1%, 10ms/99.5%, 20ms/99.6%, 50ms/99.8%, 100ms/99.9%
[2026-04-03T01:27:40.011+0600][2.135s][info][gc,marking  ] GC(1) Y: Mark: 2 stripe(s), 1 proactive flush(es), 1 terminate flush(es), 0 completion(s), 0 continuation(s) 
[2026-04-03T01:27:40.011+0600][2.135s][info][gc,marking  ] GC(1) Y: Mark Stack Usage: 0M
[2026-04-03T01:27:40.011+0600][2.135s][info][gc,nmethod  ] GC(1) Y: NMethods: 1156 registered, 131 unregistered
[2026-04-03T01:27:40.011+0600][2.135s][info][gc,metaspace] GC(1) Y: Metaspace: 12M used, 12M committed, 1088M reserved
[2026-04-03T01:27:40.011+0600][2.135s][info][gc,heap     ] GC(1) Y: Min Capacity: 8M(0%)
[2026-04-03T01:27:40.011+0600][2.135s][info][gc,heap     ] GC(1) Y: Max Capacity: 3922M(100%)
[2026-04-03T01:27:40.011+0600][2.135s][info][gc,heap     ] GC(1) Y: Soft Max Capacity: 3529M(90%)
[2026-04-03T01:27:40.011+0600][2.135s][info][gc,heap     ] GC(1) Y: Heap Statistics:
[2026-04-03T01:27:40.011+0600][2.135s][info][gc,heap     ] GC(1) Y:                Mark Start          Mark End        Relocate Start      Relocate End           High               Low         
[2026-04-03T01:27:40.011+0600][2.135s][info][gc,heap     ] GC(1) Y:  Capacity:      374M (10%)         374M (10%)         374M (10%)         374M (10%)         374M (10%)         374M (10%)    
[2026-04-03T01:27:40.011+0600][2.135s][info][gc,heap     ] GC(1) Y:      Free:     3880M (99%)        3880M (99%)        3880M (99%)        3880M (99%)        3880M (99%)        3880M (99%)    
[2026-04-03T01:27:40.011+0600][2.135s][info][gc,heap     ] GC(1) Y:      Used:       42M (1%)           42M (1%)           42M (1%)           42M (1%)           42M (1%)           42M (1%)     
[2026-04-03T01:27:40.011+0600][2.135s][info][gc,heap     ] GC(1) Y: Young Generation Statistics:
[2026-04-03T01:27:40.011+0600][2.135s][info][gc,heap     ] GC(1) Y:                Mark Start          Mark End        Relocate Start      Relocate End    
[2026-04-03T01:27:40.011+0600][2.135s][info][gc,heap     ] GC(1) Y:      Used:        0M (0%)            0M (0%)            0M (0%)            0M (0%)     
[2026-04-03T01:27:40.011+0600][2.135s][info][gc,heap     ] GC(1) Y:      Live:         -                 0M (0%)            0M (0%)            0M (0%)     
[2026-04-03T01:27:40.011+0600][2.135s][info][gc,heap     ] GC(1) Y:   Garbage:         -                 0M (0%)            0M (0%)            0M (0%)     
[2026-04-03T01:27:40.011+0600][2.135s][info][gc,heap     ] GC(1) Y: Allocated:         -                 0M (0%)            0M (0%)            0M (0%)     
[2026-04-03T01:27:40.011+0600][2.135s][info][gc,heap     ] GC(1) Y: Reclaimed:         -                  -                 0M (0%)            0M (0%)     
[2026-04-03T01:27:40.011+0600][2.135s][info][gc,heap     ] GC(1) Y:  Promoted:         -                  -                 0M (0%)            0M (0%)     
[2026-04-03T01:27:40.011+0600][2.135s][info][gc,heap     ] GC(1) Y: Compacted:         -                  -                  -                 0M (0%)     
[2026-04-03T01:27:40.011+0600][2.135s][info][gc,phases   ] GC(1) Y: Young Generation (Collect Roots) 42M(1%)->42M(1%) 0.005s
[2026-04-03T01:27:40.011+0600][2.135s][info][gc,phases   ] GC(1) O: Old Generation
[2026-04-03T01:27:40.015+0600][2.139s][info][gc,phases   ] GC(1) O: Concurrent Mark 4.345ms
[2026-04-03T01:27:40.015+0600][2.139s][info][gc,phases   ] GC(1) O: Pause Mark End 0.010ms
[2026-04-03T01:27:40.015+0600][2.139s][info][gc,phases   ] GC(1) O: Concurrent Mark Free 0.001ms
[2026-04-03T01:27:40.016+0600][2.140s][info][gc,phases   ] GC(1) O: Concurrent Process Non-Strong 1.217ms
[2026-04-03T01:27:40.016+0600][2.140s][info][gc,phases   ] GC(1) O: Concurrent Reset Relocation Set 0.000ms
[2026-04-03T01:27:40.018+0600][2.142s][info][gc,phases   ] GC(1) O: Concurrent Select Relocation Set 1.761ms
[2026-04-03T01:27:40.018+0600][2.142s][info][gc,task     ] GC(1) O: Using 3 Workers for Old Generation
[2026-04-03T01:27:40.030+0600][2.154s][info][gc,task     ] GC(1) O: Using 3 Workers for Old Generation
[2026-04-03T01:27:40.030+0600][2.154s][info][gc,phases   ] GC(1) O: Concurrent Remap Roots 12.065ms
[2026-04-03T01:27:40.030+0600][2.154s][info][gc,phases   ] GC(1) O: Pause Relocate Start 0.014ms
[2026-04-03T01:27:40.032+0600][2.156s][info][gc,phases   ] GC(1) O: Concurrent Relocate 1.584ms
[2026-04-03T01:27:40.032+0600][2.156s][info][gc,alloc    ] GC(1) O:                         Mark Start        Mark End      Relocate Start    Relocate End   
[2026-04-03T01:27:40.032+0600][2.156s][info][gc,alloc    ] GC(1) O: Allocation Stalls:          0                0                0                0         
[2026-04-03T01:27:40.032+0600][2.156s][info][gc,load     ] GC(1) O: Load: 3.77 (31%) / 4.30 (36%) / 5.17 (43%)
[2026-04-03T01:27:40.032+0600][2.156s][info][gc,mmu      ] GC(1) O: MMU: 2ms/98.6%, 5ms/99.1%, 10ms/99.4%, 20ms/99.6%, 50ms/99.7%, 100ms/99.9%
[2026-04-03T01:27:40.032+0600][2.156s][info][gc,marking  ] GC(1) O: Mark: 2 stripe(s), 2 proactive flush(es), 1 terminate flush(es), 0 completion(s), 0 continuation(s) 
[2026-04-03T01:27:40.032+0600][2.156s][info][gc,marking  ] GC(1) O: Mark Stack Usage: 32M
[2026-04-03T01:27:40.032+0600][2.156s][info][gc,nmethod  ] GC(1) O: NMethods: 1134 registered, 156 unregistered
[2026-04-03T01:27:40.032+0600][2.156s][info][gc,metaspace] GC(1) O: Metaspace: 12M used, 12M committed, 1088M reserved
[2026-04-03T01:27:40.032+0600][2.156s][info][gc,ref      ] GC(1) O:                       Encountered   Discovered     Enqueued 
[2026-04-03T01:27:40.032+0600][2.156s][info][gc,ref      ] GC(1) O: Soft References:              219            0            0 
[2026-04-03T01:27:40.032+0600][2.156s][info][gc,ref      ] GC(1) O: Weak References:              992          618          293 
[2026-04-03T01:27:40.032+0600][2.156s][info][gc,ref      ] GC(1) O: Final References:               0            0            0 
[2026-04-03T01:27:40.032+0600][2.156s][info][gc,ref      ] GC(1) O: Phantom References:            40           25            0 
[2026-04-03T01:27:40.032+0600][2.156s][info][gc,reloc    ] GC(1) O:                        Candidates     Selected     In-Place         Size        Empty    Relocated 
[2026-04-03T01:27:40.032+0600][2.156s][info][gc,reloc    ] GC(1) O: Small Pages:                    5            2            0          10M           0M           1M 
[2026-04-03T01:27:40.032+0600][2.156s][info][gc,reloc    ] GC(1) O: Medium Pages:                   1            0            0          32M           0M           0M 
[2026-04-03T01:27:40.032+0600][2.156s][info][gc,reloc    ] GC(1) O: Large Pages:                    0            0            0           0M           0M           0M 
[2026-04-03T01:27:40.032+0600][2.156s][info][gc,reloc    ] GC(1) O: Forwarding Usage: 0M
[2026-04-03T01:27:40.032+0600][2.156s][info][gc,heap     ] GC(1) O: Min Capacity: 8M(0%)
[2026-04-03T01:27:40.032+0600][2.156s][info][gc,heap     ] GC(1) O: Max Capacity: 3922M(100%)
[2026-04-03T01:27:40.032+0600][2.156s][info][gc,heap     ] GC(1) O: Soft Max Capacity: 3529M(90%)
[2026-04-03T01:27:40.032+0600][2.156s][info][gc,heap     ] GC(1) O: Heap Statistics:
[2026-04-03T01:27:40.032+0600][2.156s][info][gc,heap     ] GC(1) O:                Mark Start          Mark End        Relocate Start      Relocate End           High               Low         
[2026-04-03T01:27:40.032+0600][2.156s][info][gc,heap     ] GC(1) O:  Capacity:      374M (10%)         374M (10%)         374M (10%)         374M (10%)         374M (10%)         374M (10%)    
[2026-04-03T01:27:40.032+0600][2.156s][info][gc,heap     ] GC(1) O:      Free:     3880M (99%)        3880M (99%)        3880M (99%)        3880M (99%)        3880M (99%)        3874M (99%)    
[2026-04-03T01:27:40.032+0600][2.156s][info][gc,heap     ] GC(1) O:      Used:       42M (1%)           42M (1%)           42M (1%)           42M (1%)           48M (1%)           42M (1%)     
[2026-04-03T01:27:40.032+0600][2.156s][info][gc,heap     ] GC(1) O: Old Generation Statistics:
[2026-04-03T01:27:40.032+0600][2.156s][info][gc,heap     ] GC(1) O:                Mark Start          Mark End        Relocate Start      Relocate End    
[2026-04-03T01:27:40.032+0600][2.156s][info][gc,heap     ] GC(1) O:      Used:       42M (1%)           42M (1%)           42M (1%)           42M (1%)     
[2026-04-03T01:27:40.032+0600][2.156s][info][gc,heap     ] GC(1) O:      Live:         -                 5M (0%)            5M (0%)            5M (0%)     
[2026-04-03T01:27:40.032+0600][2.156s][info][gc,heap     ] GC(1) O:   Garbage:         -                36M (1%)           36M (1%)           31M (1%)     
[2026-04-03T01:27:40.032+0600][2.156s][info][gc,heap     ] GC(1) O: Allocated:         -                 0M (0%)            0M (0%)            4M (0%)     
[2026-04-03T01:27:40.032+0600][2.156s][info][gc,heap     ] GC(1) O: Reclaimed:         -                  -                 0M (0%)            4M (0%)     
[2026-04-03T01:27:40.032+0600][2.156s][info][gc,heap     ] GC(1) O: Compacted:         -                  -                  -                 1M (0%)     
[2026-04-03T01:27:40.032+0600][2.156s][info][gc,phases   ] GC(1) O: Old Generation 42M(1%)->42M(1%) 0.021s
[2026-04-03T01:27:40.032+0600][2.156s][info][gc          ] GC(1) Major Collection (System.gc()) 130M(3%)->42M(1%) 0.049s
[2026-04-03T01:27:40.680+0600][2.804s][info][gc          ] GC(2) Major Collection (Metadata GC Threshold)
[2026-04-03T01:27:40.680+0600][2.804s][info][gc,task     ] GC(2) Using 1 Workers for Young Generation
[2026-04-03T01:27:40.681+0600][2.805s][info][gc,task     ] GC(2) Using 1 Workers for Old Generation
[2026-04-03T01:27:40.681+0600][2.805s][info][gc,phases   ] GC(2) Y: Young Generation
[2026-04-03T01:27:40.681+0600][2.805s][info][gc,phases   ] GC(2) Y: Pause Mark Start (Major) 0.014ms
[2026-04-03T01:27:40.690+0600][2.814s][info][gc,phases   ] GC(2) Y: Concurrent Mark 8.939ms
[2026-04-03T01:27:40.690+0600][2.814s][info][gc,phases   ] GC(2) Y: Pause Mark End 0.015ms
[2026-04-03T01:27:40.690+0600][2.814s][info][gc,phases   ] GC(2) Y: Concurrent Mark Free 0.001ms
[2026-04-03T01:27:40.690+0600][2.814s][info][gc,phases   ] GC(2) Y: Concurrent Reset Relocation Set 0.001ms
[2026-04-03T01:27:40.694+0600][2.818s][info][gc,reloc    ] GC(2) Y: Using tenuring threshold: 1 (Computed)
[2026-04-03T01:27:40.695+0600][2.819s][info][gc,phases   ] GC(2) Y: Concurrent Select Relocation Set 4.732ms
[2026-04-03T01:27:40.695+0600][2.819s][info][gc,phases   ] GC(2) Y: Pause Relocate Start 0.013ms
[2026-04-03T01:27:40.698+0600][2.822s][info][gc,phases   ] GC(2) Y: Concurrent Relocate 2.309ms
[2026-04-03T01:27:40.698+0600][2.822s][info][gc,alloc    ] GC(2) Y:                         Mark Start        Mark End      Relocate Start    Relocate End   
[2026-04-03T01:27:40.698+0600][2.822s][info][gc,alloc    ] GC(2) Y: Allocation Stalls:          0                0                0                0         
[2026-04-03T01:27:40.698+0600][2.822s][info][gc,load     ] GC(2) Y: Load: 3.77 (31%) / 4.30 (36%) / 5.17 (43%)
[2026-04-03T01:27:40.698+0600][2.822s][info][gc,mmu      ] GC(2) Y: MMU: 2ms/98.6%, 5ms/99.1%, 10ms/99.4%, 20ms/99.6%, 50ms/99.7%, 100ms/99.9%
[2026-04-03T01:27:40.698+0600][2.822s][info][gc,marking  ] GC(2) Y: Mark: 1 stripe(s), 2 proactive flush(es), 1 terminate flush(es), 0 completion(s), 0 continuation(s) 
[2026-04-03T01:27:40.698+0600][2.822s][info][gc,marking  ] GC(2) Y: Mark Stack Usage: 32M
[2026-04-03T01:27:40.698+0600][2.822s][info][gc,nmethod  ] GC(2) Y: NMethods: 1352 registered, 0 unregistered
[2026-04-03T01:27:40.698+0600][2.822s][info][gc,metaspace] GC(2) Y: Metaspace: 20M used, 21M committed, 1088M reserved
[2026-04-03T01:27:40.698+0600][2.822s][info][gc,reloc    ] GC(2) Y:                        Candidates     Selected     In-Place         Size        Empty    Relocated 
[2026-04-03T01:27:40.698+0600][2.822s][info][gc,reloc    ] GC(2) Y: Small Pages:                   46           44            0          92M           0M           1M 
[2026-04-03T01:27:40.698+0600][2.822s][info][gc,reloc    ] GC(2) Y: Medium Pages:                   1            0            0          32M           0M           0M 
[2026-04-03T01:27:40.698+0600][2.822s][info][gc,reloc    ] GC(2) Y: Large Pages:                    0            0            0           0M           0M           0M 
[2026-04-03T01:27:40.698+0600][2.822s][info][gc,reloc    ] GC(2) Y: Forwarding Usage: 0M
[2026-04-03T01:27:40.698+0600][2.822s][info][gc,reloc    ] GC(2) Y: Age Table:
[2026-04-03T01:27:40.698+0600][2.822s][info][gc,reloc    ] GC(2) Y:                    Live             Garbage             Small              Medium             Large        
[2026-04-03T01:27:40.698+0600][2.822s][info][gc,reloc    ] GC(2) Y: Eden               4M (0%)          119M (3%)          46 / 44             1 / 0              0 / 0        
[2026-04-03T01:27:40.698+0600][2.822s][info][gc,heap     ] GC(2) Y: Min Capacity: 8M(0%)
[2026-04-03T01:27:40.698+0600][2.822s][info][gc,heap     ] GC(2) Y: Max Capacity: 3922M(100%)
[2026-04-03T01:27:40.698+0600][2.822s][info][gc,heap     ] GC(2) Y: Soft Max Capacity: 3529M(90%)
[2026-04-03T01:27:40.698+0600][2.822s][info][gc,heap     ] GC(2) Y: Heap Statistics:
[2026-04-03T01:27:40.698+0600][2.822s][info][gc,heap     ] GC(2) Y:                Mark Start          Mark End        Relocate Start      Relocate End           High               Low         
[2026-04-03T01:27:40.698+0600][2.822s][info][gc,heap     ] GC(2) Y:  Capacity:      406M (10%)         406M (10%)         406M (10%)         406M (10%)         406M (10%)         406M (10%)    
[2026-04-03T01:27:40.698+0600][2.822s][info][gc,heap     ] GC(2) Y:      Free:     3756M (96%)        3752M (96%)        3752M (96%)        3838M (98%)        3838M (98%)        3748M (96%)    
[2026-04-03T01:27:40.698+0600][2.822s][info][gc,heap     ] GC(2) Y:      Used:      166M (4%)          170M (4%)          170M (4%)           84M (2%)          174M (4%)           84M (2%)     
[2026-04-03T01:27:40.698+0600][2.822s][info][gc,heap     ] GC(2) Y: Young Generation Statistics:
[2026-04-03T01:27:40.698+0600][2.822s][info][gc,heap     ] GC(2) Y:                Mark Start          Mark End        Relocate Start      Relocate End    
[2026-04-03T01:27:40.698+0600][2.822s][info][gc,heap     ] GC(2) Y:      Used:      124M (3%)          128M (3%)          128M (3%)           42M (1%)     
[2026-04-03T01:27:40.698+0600][2.822s][info][gc,heap     ] GC(2) Y:      Live:         -                 4M (0%)            4M (0%)            4M (0%)     
[2026-04-03T01:27:40.698+0600][2.822s][info][gc,heap     ] GC(2) Y:   Garbage:         -               119M (3%)          119M (3%)           30M (1%)     
[2026-04-03T01:27:40.698+0600][2.822s][info][gc,heap     ] GC(2) Y: Allocated:         -                 4M (0%)            4M (0%)            6M (0%)     
[2026-04-03T01:27:40.698+0600][2.822s][info][gc,heap     ] GC(2) Y: Reclaimed:         -                  -                 0M (0%)           88M (2%)     
[2026-04-03T01:27:40.698+0600][2.822s][info][gc,heap     ] GC(2) Y:  Promoted:         -                  -                 0M (0%)            0M (0%)     
[2026-04-03T01:27:40.698+0600][2.822s][info][gc,heap     ] GC(2) Y: Compacted:         -                  -                  -                 1M (0%)     
[2026-04-03T01:27:40.698+0600][2.822s][info][gc,phases   ] GC(2) Y: Young Generation 166M(4%)->84M(2%) 0.017s
[2026-04-03T01:27:40.698+0600][2.822s][info][gc,phases   ] GC(2) O: Old Generation
[2026-04-03T01:27:40.712+0600][2.836s][info][gc,phases   ] GC(2) O: Concurrent Mark 14.023ms
[2026-04-03T01:27:40.712+0600][2.836s][info][gc,phases   ] GC(2) O: Pause Mark End 0.019ms
[2026-04-03T01:27:40.713+0600][2.837s][info][gc,phases   ] GC(2) O: Concurrent Mark Free 0.001ms
[2026-04-03T01:27:40.717+0600][2.841s][info][gc,phases   ] GC(2) O: Concurrent Process Non-Strong 3.930ms
[2026-04-03T01:27:40.717+0600][2.841s][info][gc,phases   ] GC(2) O: Concurrent Reset Relocation Set 0.002ms
[2026-04-03T01:27:40.721+0600][2.845s][info][gc,phases   ] GC(2) O: Concurrent Select Relocation Set 4.198ms
[2026-04-03T01:27:40.721+0600][2.845s][info][gc,task     ] GC(2) O: Using 2 Workers for Old Generation
[2026-04-03T01:27:40.739+0600][2.863s][info][gc,task     ] GC(2) O: Using 1 Workers for Old Generation
[2026-04-03T01:27:40.739+0600][2.863s][info][gc,phases   ] GC(2) O: Concurrent Remap Roots 18.573ms
[2026-04-03T01:27:40.740+0600][2.864s][info][gc,phases   ] GC(2) O: Pause Relocate Start 0.016ms
[2026-04-03T01:27:40.742+0600][2.866s][info][gc,phases   ] GC(2) O: Concurrent Relocate 2.631ms
[2026-04-03T01:27:40.742+0600][2.866s][info][gc,alloc    ] GC(2) O:                         Mark Start        Mark End      Relocate Start    Relocate End   
[2026-04-03T01:27:40.742+0600][2.866s][info][gc,alloc    ] GC(2) O: Allocation Stalls:          0                0                0                0         
[2026-04-03T01:27:40.742+0600][2.866s][info][gc,load     ] GC(2) O: Load: 3.77 (31%) / 4.30 (36%) / 5.17 (43%)
[2026-04-03T01:27:40.742+0600][2.866s][info][gc,mmu      ] GC(2) O: MMU: 2ms/98.6%, 5ms/99.1%, 10ms/99.4%, 20ms/99.6%, 50ms/99.7%, 100ms/99.9%
[2026-04-03T01:27:40.742+0600][2.866s][info][gc,marking  ] GC(2) O: Mark: 1 stripe(s), 2 proactive flush(es), 1 terminate flush(es), 0 completion(s), 0 continuation(s) 
[2026-04-03T01:27:40.742+0600][2.866s][info][gc,marking  ] GC(2) O: Mark Stack Usage: 32M
[2026-04-03T01:27:40.742+0600][2.866s][info][gc,nmethod  ] GC(2) O: NMethods: 1362 registered, 32 unregistered
[2026-04-03T01:27:40.742+0600][2.866s][info][gc,metaspace] GC(2) O: Metaspace: 21M used, 21M committed, 1088M reserved
[2026-04-03T01:27:40.742+0600][2.866s][info][gc,ref      ] GC(2) O:                       Encountered   Discovered     Enqueued 
[2026-04-03T01:27:40.742+0600][2.866s][info][gc,ref      ] GC(2) O: Soft References:              272            0            0 
[2026-04-03T01:27:40.742+0600][2.866s][info][gc,ref      ] GC(2) O: Weak References:             1026          584            0 
[2026-04-03T01:27:40.742+0600][2.866s][info][gc,ref      ] GC(2) O: Final References:               0            0            0 
[2026-04-03T01:27:40.742+0600][2.866s][info][gc,ref      ] GC(2) O: Phantom References:            58           26            0 
[2026-04-03T01:27:40.742+0600][2.866s][info][gc,reloc    ] GC(2) O:                        Candidates     Selected     In-Place         Size        Empty    Relocated 
[2026-04-03T01:27:40.742+0600][2.866s][info][gc,reloc    ] GC(2) O: Small Pages:                    5            2            0          10M           0M           1M 
[2026-04-03T01:27:40.742+0600][2.866s][info][gc,reloc    ] GC(2) O: Medium Pages:                   1            0            0          32M           0M           0M 
[2026-04-03T01:27:40.742+0600][2.866s][info][gc,reloc    ] GC(2) O: Large Pages:                    0            0            0           0M           0M           0M 
[2026-04-03T01:27:40.743+0600][2.867s][info][gc,reloc    ] GC(2) O: Forwarding Usage: 0M
[2026-04-03T01:27:40.743+0600][2.867s][info][gc,heap     ] GC(2) O: Min Capacity: 8M(0%)
[2026-04-03T01:27:40.743+0600][2.867s][info][gc,heap     ] GC(2) O: Max Capacity: 3922M(100%)
[2026-04-03T01:27:40.743+0600][2.867s][info][gc,heap     ] GC(2) O: Soft Max Capacity: 3529M(90%)
[2026-04-03T01:27:40.743+0600][2.867s][info][gc,heap     ] GC(2) O: Heap Statistics:
[2026-04-03T01:27:40.743+0600][2.867s][info][gc,heap     ] GC(2) O:                Mark Start          Mark End        Relocate Start      Relocate End           High               Low         
[2026-04-03T01:27:40.743+0600][2.867s][info][gc,heap     ] GC(2) O:  Capacity:      406M (10%)         406M (10%)         406M (10%)         406M (10%)         406M (10%)         406M (10%)    
[2026-04-03T01:27:40.743+0600][2.867s][info][gc,heap     ] GC(2) O:      Free:     3756M (96%)        3836M (98%)        3824M (98%)        3826M (98%)        3838M (98%)        3748M (96%)    
[2026-04-03T01:27:40.743+0600][2.867s][info][gc,heap     ] GC(2) O:      Used:      166M (4%)           86M (2%)           98M (2%)           96M (2%)          174M (4%)           84M (2%)     
[2026-04-03T01:27:40.743+0600][2.867s][info][gc,heap     ] GC(2) O: Old Generation Statistics:
[2026-04-03T01:27:40.743+0600][2.867s][info][gc,heap     ] GC(2) O:                Mark Start          Mark End        Relocate Start      Relocate End    
[2026-04-03T01:27:40.743+0600][2.867s][info][gc,heap     ] GC(2) O:      Used:       42M (1%)           42M (1%)           42M (1%)           40M (1%)     
[2026-04-03T01:27:40.743+0600][2.867s][info][gc,heap     ] GC(2) O:      Live:         -                 5M (0%)            5M (0%)            5M (0%)     
[2026-04-03T01:27:40.743+0600][2.867s][info][gc,heap     ] GC(2) O:   Garbage:         -                36M (1%)           36M (1%)           31M (1%)     
[2026-04-03T01:27:40.743+0600][2.867s][info][gc,heap     ] GC(2) O: Allocated:         -                 0M (0%)            0M (0%)            2M (0%)     
[2026-04-03T01:27:40.743+0600][2.867s][info][gc,heap     ] GC(2) O: Reclaimed:         -                  -                 0M (0%)            4M (0%)     
[2026-04-03T01:27:40.743+0600][2.867s][info][gc,heap     ] GC(2) O: Compacted:         -                  -                  -                 1M (0%)     
[2026-04-03T01:27:40.743+0600][2.867s][info][gc,phases   ] GC(2) O: Old Generation 84M(2%)->96M(2%) 0.044s
[2026-04-03T01:27:40.743+0600][2.867s][info][gc          ] GC(2) Major Collection (Metadata GC Threshold) 166M(4%)->96M(2%) 0.062s
[2026-04-03T01:27:42.301+0600][4.425s][info][gc          ] GC(3) Major Collection (Metadata GC Threshold)
[2026-04-03T01:27:42.301+0600][4.425s][info][gc,task     ] GC(3) Using 1 Workers for Young Generation
[2026-04-03T01:27:42.301+0600][4.425s][info][gc,task     ] GC(3) Using 1 Workers for Old Generation
[2026-04-03T01:27:42.301+0600][4.425s][info][gc,phases   ] GC(3) Y: Young Generation
[2026-04-03T01:27:42.301+0600][4.425s][info][gc,phases   ] GC(3) Y: Pause Mark Start (Major) 0.019ms
[2026-04-03T01:27:42.363+0600][4.487s][info][gc,phases   ] GC(3) Y: Concurrent Mark 61.495ms
[2026-04-03T01:27:42.363+0600][4.487s][info][gc,phases   ] GC(3) Y: Pause Mark End 0.021ms
[2026-04-03T01:27:42.363+0600][4.487s][info][gc,phases   ] GC(3) Y: Concurrent Mark Free 0.001ms
[2026-04-03T01:27:42.363+0600][4.487s][info][gc,phases   ] GC(3) Y: Concurrent Reset Relocation Set 0.005ms
[2026-04-03T01:27:42.368+0600][4.492s][info][gc,reloc    ] GC(3) Y: Using tenuring threshold: 2 (Computed)
[2026-04-03T01:27:42.372+0600][4.496s][info][gc,phases   ] GC(3) Y: Concurrent Select Relocation Set 8.384ms
[2026-04-03T01:27:42.372+0600][4.496s][info][gc,phases   ] GC(3) Y: Pause Relocate Start 0.020ms
[2026-04-03T01:27:42.426+0600][4.550s][info][gc,phases   ] GC(3) Y: Concurrent Relocate 53.469ms
[2026-04-03T01:27:42.426+0600][4.550s][info][gc,alloc    ] GC(3) Y:                         Mark Start        Mark End      Relocate Start    Relocate End   
[2026-04-03T01:27:42.426+0600][4.550s][info][gc,alloc    ] GC(3) Y: Allocation Stalls:          0                0                0                0         
[2026-04-03T01:27:42.426+0600][4.550s][info][gc,load     ] GC(3) Y: Load: 3.77 (31%) / 4.30 (36%) / 5.17 (43%)
[2026-04-03T01:27:42.426+0600][4.550s][info][gc,mmu      ] GC(3) Y: MMU: 2ms/98.6%, 5ms/99.1%, 10ms/99.4%, 20ms/99.6%, 50ms/99.7%, 100ms/99.9%
[2026-04-03T01:27:42.426+0600][4.550s][info][gc,marking  ] GC(3) Y: Mark: 1 stripe(s), 2 proactive flush(es), 1 terminate flush(es), 0 completion(s), 0 continuation(s) 
[2026-04-03T01:27:42.426+0600][4.550s][info][gc,marking  ] GC(3) Y: Mark Stack Usage: 32M
[2026-04-03T01:27:42.426+0600][4.550s][info][gc,nmethod  ] GC(3) Y: NMethods: 3952 registered, 0 unregistered
[2026-04-03T01:27:42.426+0600][4.550s][info][gc,metaspace] GC(3) Y: Metaspace: 36M used, 36M committed, 1088M reserved
[2026-04-03T01:27:42.426+0600][4.550s][info][gc,reloc    ] GC(3) Y:                        Candidates     Selected     In-Place         Size        Empty    Relocated 
[2026-04-03T01:27:42.426+0600][4.550s][info][gc,reloc    ] GC(3) Y: Small Pages:                   89           78            0         178M           0M           9M 
[2026-04-03T01:27:42.426+0600][4.550s][info][gc,reloc    ] GC(3) Y: Medium Pages:                   2            1            0          64M           0M           2M 
[2026-04-03T01:27:42.426+0600][4.550s][info][gc,reloc    ] GC(3) Y: Large Pages:                    0            0            0           0M           0M           0M 
[2026-04-03T01:27:42.426+0600][4.550s][info][gc,reloc    ] GC(3) Y: Forwarding Usage: 4M
[2026-04-03T01:27:42.426+0600][4.550s][info][gc,reloc    ] GC(3) Y: Age Table:
[2026-04-03T01:27:42.426+0600][4.550s][info][gc,reloc    ] GC(3) Y:                    Live             Garbage             Small              Medium             Large        
[2026-04-03T01:27:42.426+0600][4.550s][info][gc,reloc    ] GC(3) Y: Eden              19M (1%)          184M (5%)          86 / 76             1 / 1              0 / 0        
[2026-04-03T01:27:42.426+0600][4.550s][info][gc,reloc    ] GC(3) Y: Survivor 1         3M (0%)           34M (1%)           3 / 2              1 / 0              0 / 0        
[2026-04-03T01:27:42.426+0600][4.550s][info][gc,heap     ] GC(3) Y: Min Capacity: 8M(0%)
[2026-04-03T01:27:42.426+0600][4.550s][info][gc,heap     ] GC(3) Y: Max Capacity: 3922M(100%)
[2026-04-03T01:27:42.426+0600][4.550s][info][gc,heap     ] GC(3) Y: Soft Max Capacity: 3529M(90%)
[2026-04-03T01:27:42.426+0600][4.550s][info][gc,heap     ] GC(3) Y: Heap Statistics:
[2026-04-03T01:27:42.426+0600][4.550s][info][gc,heap     ] GC(3) Y:                Mark Start          Mark End        Relocate Start      Relocate End           High               Low         
[2026-04-03T01:27:42.426+0600][4.550s][info][gc,heap     ] GC(3) Y:  Capacity:      438M (11%)         438M (11%)         438M (11%)         534M (14%)         534M (14%)         438M (11%)    
[2026-04-03T01:27:42.426+0600][4.550s][info][gc,heap     ] GC(3) Y:      Free:     3640M (93%)        3634M (93%)        3630M (93%)        3704M (94%)        3704M (94%)        3522M (90%)    
[2026-04-03T01:27:42.426+0600][4.550s][info][gc,heap     ] GC(3) Y:      Used:      282M (7%)          288M (7%)          292M (7%)          218M (6%)          400M (10%)         218M (6%)     
[2026-04-03T01:27:42.426+0600][4.550s][info][gc,heap     ] GC(3) Y: Young Generation Statistics:
[2026-04-03T01:27:42.426+0600][4.550s][info][gc,heap     ] GC(3) Y:                Mark Start          Mark End        Relocate Start      Relocate End    
[2026-04-03T01:27:42.426+0600][4.550s][info][gc,heap     ] GC(3) Y:      Used:      242M (6%)          248M (6%)          252M (6%)          178M (5%)     
[2026-04-03T01:27:42.426+0600][4.550s][info][gc,heap     ] GC(3) Y:      Live:         -                22M (1%)           22M (1%)           22M (1%)     
[2026-04-03T01:27:42.426+0600][4.550s][info][gc,heap     ] GC(3) Y:   Garbage:         -               219M (6%)          219M (6%)            1M (0%)     
[2026-04-03T01:27:42.426+0600][4.550s][info][gc,heap     ] GC(3) Y: Allocated:         -                 6M (0%)           10M (0%)          153M (4%)     
[2026-04-03T01:27:42.426+0600][4.550s][info][gc,heap     ] GC(3) Y: Reclaimed:         -                  -                 0M (0%)          217M (6%)     
[2026-04-03T01:27:42.426+0600][4.550s][info][gc,heap     ] GC(3) Y:  Promoted:         -                  -                 0M (0%)            0M (0%)     
[2026-04-03T01:27:42.426+0600][4.550s][info][gc,heap     ] GC(3) Y: Compacted:         -                  -                  -                16M (0%)     
[2026-04-03T01:27:42.426+0600][4.550s][info][gc,phases   ] GC(3) Y: Young Generation 282M(7%)->218M(6%) 0.125s
[2026-04-03T01:27:42.426+0600][4.550s][info][gc,phases   ] GC(3) O: Old Generation
[2026-04-03T01:27:42.446+0600][4.570s][info][gc,phases   ] GC(3) O: Concurrent Mark 19.423ms
[2026-04-03T01:27:42.446+0600][4.570s][info][gc,phases   ] GC(3) O: Pause Mark End 0.021ms
[2026-04-03T01:27:42.446+0600][4.570s][info][gc,phases   ] GC(3) O: Concurrent Mark Free 0.001ms
[2026-04-03T01:27:42.459+0600][4.583s][info][gc,phases   ] GC(3) O: Concurrent Process Non-Strong 12.571ms
[2026-04-03T01:27:42.459+0600][4.583s][info][gc,phases   ] GC(3) O: Concurrent Reset Relocation Set 0.002ms
[2026-04-03T01:27:42.462+0600][4.586s][info][gc,phases   ] GC(3) O: Concurrent Select Relocation Set 2.935ms
[2026-04-03T01:27:42.462+0600][4.586s][info][gc,task     ] GC(3) O: Using 2 Workers for Old Generation
[2026-04-03T01:27:42.488+0600][4.612s][info][gc,task     ] GC(3) O: Using 1 Workers for Old Generation
[2026-04-03T01:27:42.488+0600][4.612s][info][gc,phases   ] GC(3) O: Concurrent Remap Roots 25.819ms
[2026-04-03T01:27:42.488+0600][4.612s][info][gc,phases   ] GC(3) O: Pause Relocate Start 0.025ms
[2026-04-03T01:27:42.492+0600][4.616s][info][gc,phases   ] GC(3) O: Concurrent Relocate 3.991ms
[2026-04-03T01:27:42.492+0600][4.616s][info][gc,alloc    ] GC(3) O:                         Mark Start        Mark End      Relocate Start    Relocate End   
[2026-04-03T01:27:42.492+0600][4.616s][info][gc,alloc    ] GC(3) O: Allocation Stalls:          0                0                0                0         
[2026-04-03T01:27:42.492+0600][4.616s][info][gc,load     ] GC(3) O: Load: 3.77 (31%) / 4.30 (36%) / 5.17 (43%)
[2026-04-03T01:27:42.492+0600][4.616s][info][gc,mmu      ] GC(3) O: MMU: 2ms/98.6%, 5ms/99.1%, 10ms/99.4%, 20ms/99.6%, 50ms/99.7%, 100ms/99.9%
[2026-04-03T01:27:42.492+0600][4.616s][info][gc,marking  ] GC(3) O: Mark: 1 stripe(s), 2 proactive flush(es), 1 terminate flush(es), 0 completion(s), 0 continuation(s) 
[2026-04-03T01:27:42.492+0600][4.616s][info][gc,marking  ] GC(3) O: Mark Stack Usage: 32M
[2026-04-03T01:27:42.492+0600][4.616s][info][gc,nmethod  ] GC(3) O: NMethods: 3650 registered, 386 unregistered
[2026-04-03T01:27:42.492+0600][4.616s][info][gc,metaspace] GC(3) O: Metaspace: 36M used, 36M committed, 1088M reserved
[2026-04-03T01:27:42.492+0600][4.616s][info][gc,ref      ] GC(3) O:                       Encountered   Discovered     Enqueued 
[2026-04-03T01:27:42.492+0600][4.616s][info][gc,ref      ] GC(3) O: Soft References:              446            0            0 
[2026-04-03T01:27:42.492+0600][4.616s][info][gc,ref      ] GC(3) O: Weak References:             2779          571            0 
[2026-04-03T01:27:42.492+0600][4.616s][info][gc,ref      ] GC(3) O: Final References:               0            0            0 
[2026-04-03T01:27:42.492+0600][4.616s][info][gc,ref      ] GC(3) O: Phantom References:            80           25            0 
[2026-04-03T01:27:42.492+0600][4.616s][info][gc,reloc    ] GC(3) O:                        Candidates     Selected     In-Place         Size        Empty    Relocated 
[2026-04-03T01:27:42.493+0600][4.617s][info][gc,reloc    ] GC(3) O: Small Pages:                    4            1            0           8M           0M           1M 
[2026-04-03T01:27:42.493+0600][4.617s][info][gc,reloc    ] GC(3) O: Medium Pages:                   1            0            0          32M           0M           0M 
[2026-04-03T01:27:42.493+0600][4.617s][info][gc,reloc    ] GC(3) O: Large Pages:                    0            0            0           0M           0M           0M 
[2026-04-03T01:27:42.493+0600][4.617s][info][gc,reloc    ] GC(3) O: Forwarding Usage: 0M
[2026-04-03T01:27:42.493+0600][4.617s][info][gc,heap     ] GC(3) O: Min Capacity: 8M(0%)
[2026-04-03T01:27:42.493+0600][4.617s][info][gc,heap     ] GC(3) O: Max Capacity: 3922M(100%)
[2026-04-03T01:27:42.493+0600][4.617s][info][gc,heap     ] GC(3) O: Soft Max Capacity: 3529M(90%)
[2026-04-03T01:27:42.493+0600][4.617s][info][gc,heap     ] GC(3) O: Heap Statistics:
[2026-04-03T01:27:42.493+0600][4.617s][info][gc,heap     ] GC(3) O:                Mark Start          Mark End        Relocate Start      Relocate End           High               Low         
[2026-04-03T01:27:42.493+0600][4.617s][info][gc,heap     ] GC(3) O:  Capacity:      438M (11%)         534M (14%)         534M (14%)         534M (14%)         534M (14%)         438M (11%)    
[2026-04-03T01:27:42.493+0600][4.617s][info][gc,heap     ] GC(3) O:      Free:     3640M (93%)        3704M (94%)        3702M (94%)        3700M (94%)        3704M (94%)        3522M (90%)    
[2026-04-03T01:27:42.493+0600][4.617s][info][gc,heap     ] GC(3) O:      Used:      282M (7%)          218M (6%)          220M (6%)          222M (6%)          400M (10%)         218M (6%)     
[2026-04-03T01:27:42.493+0600][4.617s][info][gc,heap     ] GC(3) O: Old Generation Statistics:
[2026-04-03T01:27:42.493+0600][4.617s][info][gc,heap     ] GC(3) O:                Mark Start          Mark End        Relocate Start      Relocate End    
[2026-04-03T01:27:42.493+0600][4.617s][info][gc,heap     ] GC(3) O:      Used:       40M (1%)           40M (1%)           40M (1%)           42M (1%)     
[2026-04-03T01:27:42.493+0600][4.617s][info][gc,heap     ] GC(3) O:      Live:         -                 5M (0%)            5M (0%)            5M (0%)     
[2026-04-03T01:27:42.493+0600][4.617s][info][gc,heap     ] GC(3) O:   Garbage:         -                34M (1%)           34M (1%)           31M (1%)     
[2026-04-03T01:27:42.493+0600][4.617s][info][gc,heap     ] GC(3) O: Allocated:         -                 0M (0%)            0M (0%)            4M (0%)     
[2026-04-03T01:27:42.493+0600][4.617s][info][gc,heap     ] GC(3) O: Reclaimed:         -                  -                 0M (0%)            2M (0%)     
[2026-04-03T01:27:42.493+0600][4.617s][info][gc,heap     ] GC(3) O: Compacted:         -                  -                  -                 1M (0%)     
[2026-04-03T01:27:42.493+0600][4.617s][info][gc,phases   ] GC(3) O: Old Generation 218M(6%)->222M(6%) 0.066s
[2026-04-03T01:27:42.493+0600][4.617s][info][gc          ] GC(3) Major Collection (Metadata GC Threshold) 282M(7%)->222M(6%) 0.192s
[2026-04-03T01:27:49.314+0600][11.438s][info][gc          ] GC(4) Major Collection (CodeCache GC Threshold)
[2026-04-03T01:27:49.314+0600][11.438s][info][gc,task     ] GC(4) Using 1 Workers for Young Generation
[2026-04-03T01:27:49.314+0600][11.438s][info][gc,task     ] GC(4) Using 1 Workers for Old Generation
[2026-04-03T01:27:49.314+0600][11.438s][info][gc,phases   ] GC(4) Y: Young Generation
[2026-04-03T01:27:49.314+0600][11.438s][info][gc,phases   ] GC(4) Y: Pause Mark Start (Major) 0.029ms
[2026-04-03T01:27:49.654+0600][11.778s][info][gc,phases   ] GC(4) Y: Concurrent Mark 339.949ms
[2026-04-03T01:27:49.655+0600][11.779s][info][gc,phases   ] GC(4) Y: Pause Mark End 0.055ms
[2026-04-03T01:27:49.655+0600][11.779s][info][gc,phases   ] GC(4) Y: Concurrent Mark Free 0.001ms
[2026-04-03T01:27:49.655+0600][11.779s][info][gc,phases   ] GC(4) Y: Concurrent Reset Relocation Set 0.014ms
[2026-04-03T01:27:49.659+0600][11.783s][info][gc,reloc    ] GC(4) Y: Using tenuring threshold: 3 (Computed)
[2026-04-03T01:27:49.676+0600][11.800s][info][gc,phases   ] GC(4) Y: Concurrent Select Relocation Set 20.270ms
[2026-04-03T01:27:49.676+0600][11.800s][info][gc,phases   ] GC(4) Y: Pause Relocate Start 0.029ms
[2026-04-03T01:27:49.798+0600][11.922s][info][gc,phases   ] GC(4) Y: Concurrent Relocate 121.909ms
[2026-04-03T01:27:49.798+0600][11.922s][info][gc,alloc    ] GC(4) Y:                         Mark Start        Mark End      Relocate Start    Relocate End   
[2026-04-03T01:27:49.798+0600][11.922s][info][gc,alloc    ] GC(4) Y: Allocation Stalls:          0                0                0                0         
[2026-04-03T01:27:49.798+0600][11.922s][info][gc,load     ] GC(4) Y: Load: 4.04 (34%) / 4.34 (36%) / 5.18 (43%)
[2026-04-03T01:27:49.798+0600][11.922s][info][gc,mmu      ] GC(4) Y: MMU: 2ms/97.3%, 5ms/98.9%, 10ms/99.4%, 20ms/99.6%, 50ms/99.7%, 100ms/99.9%
[2026-04-03T01:27:49.798+0600][11.922s][info][gc,marking  ] GC(4) Y: Mark: 1 stripe(s), 2 proactive flush(es), 1 terminate flush(es), 0 completion(s), 0 continuation(s) 
[2026-04-03T01:27:49.798+0600][11.922s][info][gc,marking  ] GC(4) Y: Mark Stack Usage: 32M
[2026-04-03T01:27:49.798+0600][11.922s][info][gc,nmethod  ] GC(4) Y: NMethods: 10485 registered, 0 unregistered
[2026-04-03T01:27:49.798+0600][11.922s][info][gc,metaspace] GC(4) Y: Metaspace: 48M used, 49M committed, 1088M reserved
[2026-04-03T01:27:49.798+0600][11.922s][info][gc,reloc    ] GC(4) Y:                        Candidates     Selected     In-Place         Size        Empty    Relocated 
[2026-04-03T01:27:49.798+0600][11.922s][info][gc,reloc    ] GC(4) Y: Small Pages:                  128          100            0         256M           0M          23M 
[2026-04-03T01:27:49.798+0600][11.922s][info][gc,reloc    ] GC(4) Y: Medium Pages:                   5            3            0         160M          32M           3M 
[2026-04-03T01:27:49.798+0600][11.922s][info][gc,reloc    ] GC(4) Y: Large Pages:                    0            0            0           0M           0M           0M 
[2026-04-03T01:27:49.798+0600][11.922s][info][gc,reloc    ] GC(4) Y: Forwarding Usage: 10M
[2026-04-03T01:27:49.798+0600][11.922s][info][gc,reloc    ] GC(4) Y: Age Table:
[2026-04-03T01:27:49.798+0600][11.922s][info][gc,reloc    ] GC(4) Y:                    Live             Garbage             Small              Medium             Large        
[2026-04-03T01:27:49.798+0600][11.922s][info][gc,reloc    ] GC(4) Y: Eden              31M (1%)          216M (6%)         108 / 92             1 / 0              0 / 0        
[2026-04-03T01:27:49.798+0600][11.922s][info][gc,reloc    ] GC(4) Y: Survivor 1        19M (0%)           74M (2%)          15 / 5              2 / 2              0 / 0        
[2026-04-03T01:27:49.798+0600][11.922s][info][gc,reloc    ] GC(4) Y: Survivor 2         2M (0%)           71M (2%)           5 / 3              2 / 1              0 / 0        
[2026-04-03T01:27:49.798+0600][11.922s][info][gc,heap     ] GC(4) Y: Min Capacity: 8M(0%)
[2026-04-03T01:27:49.798+0600][11.922s][info][gc,heap     ] GC(4) Y: Max Capacity: 3922M(100%)
[2026-04-03T01:27:49.798+0600][11.922s][info][gc,heap     ] GC(4) Y: Soft Max Capacity: 3529M(90%)
[2026-04-03T01:27:49.798+0600][11.922s][info][gc,heap     ] GC(4) Y: Heap Statistics:
[2026-04-03T01:27:49.798+0600][11.922s][info][gc,heap     ] GC(4) Y:                Mark Start          Mark End        Relocate Start      Relocate End           High               Low         
[2026-04-03T01:27:49.798+0600][11.922s][info][gc,heap     ] GC(4) Y:  Capacity:      534M (14%)         534M (14%)         534M (14%)         598M (15%)         598M (15%)         534M (14%)    
[2026-04-03T01:27:49.798+0600][11.922s][info][gc,heap     ] GC(4) Y:      Free:     3464M (88%)        3452M (88%)        3482M (89%)        3630M (93%)        3630M (93%)        3368M (86%)    
[2026-04-03T01:27:49.798+0600][11.922s][info][gc,heap     ] GC(4) Y:      Used:      458M (12%)         470M (12%)         440M (11%)         292M (7%)          554M (14%)         292M (7%)     
[2026-04-03T01:27:49.798+0600][11.922s][info][gc,heap     ] GC(4) Y: Young Generation Statistics:
[2026-04-03T01:27:49.798+0600][11.922s][info][gc,heap     ] GC(4) Y:                Mark Start          Mark End        Relocate Start      Relocate End    
[2026-04-03T01:27:49.798+0600][11.922s][info][gc,heap     ] GC(4) Y:      Used:      416M (11%)         428M (11%)         398M (10%)         250M (6%)     
[2026-04-03T01:27:49.799+0600][11.923s][info][gc,heap     ] GC(4) Y:      Live:         -                53M (1%)           53M (1%)           53M (1%)     
[2026-04-03T01:27:49.799+0600][11.923s][info][gc,heap     ] GC(4) Y:   Garbage:         -               362M (9%)          330M (8%)            3M (0%)     
[2026-04-03T01:27:49.799+0600][11.923s][info][gc,heap     ] GC(4) Y: Allocated:         -                12M (0%)           14M (0%)          193M (5%)     
[2026-04-03T01:27:49.799+0600][11.923s][info][gc,heap     ] GC(4) Y: Reclaimed:         -                  -                32M (1%)          359M (9%)     
[2026-04-03T01:27:49.799+0600][11.923s][info][gc,heap     ] GC(4) Y:  Promoted:         -                  -                 0M (0%)            0M (0%)     
[2026-04-03T01:27:49.799+0600][11.923s][info][gc,heap     ] GC(4) Y: Compacted:         -                  -                  -                34M (1%)     
[2026-04-03T01:27:49.799+0600][11.923s][info][gc,phases   ] GC(4) Y: Young Generation 458M(12%)->292M(7%) 0.484s
[2026-04-03T01:27:49.799+0600][11.923s][info][gc,phases   ] GC(4) O: Old Generation
[2026-04-03T01:27:49.823+0600][11.947s][info][gc,phases   ] GC(4) O: Concurrent Mark 24.284ms
[2026-04-03T01:27:49.823+0600][11.947s][info][gc,phases   ] GC(4) O: Pause Mark End 0.023ms
[2026-04-03T01:27:49.823+0600][11.947s][info][gc,phases   ] GC(4) O: Concurrent Mark Free 0.002ms
[2026-04-03T01:27:49.891+0600][12.015s][info][gc,phases   ] GC(4) O: Concurrent Process Non-Strong 68.120ms
[2026-04-03T01:27:49.892+0600][12.016s][info][gc,phases   ] GC(4) O: Concurrent Reset Relocation Set 0.002ms
[2026-04-03T01:27:49.895+0600][12.019s][info][gc,phases   ] GC(4) O: Concurrent Select Relocation Set 3.493ms
[2026-04-03T01:27:49.895+0600][12.019s][info][gc,task     ] GC(4) O: Using 2 Workers for Old Generation
[2026-04-03T01:27:49.926+0600][12.050s][info][gc,task     ] GC(4) O: Using 1 Workers for Old Generation
[2026-04-03T01:27:49.926+0600][12.050s][info][gc,phases   ] GC(4) O: Concurrent Remap Roots 30.860ms
[2026-04-03T01:27:49.926+0600][12.050s][info][gc,phases   ] GC(4) O: Pause Relocate Start 0.027ms
[2026-04-03T01:27:49.931+0600][12.055s][info][gc,phases   ] GC(4) O: Concurrent Relocate 4.427ms
[2026-04-03T01:27:49.931+0600][12.055s][info][gc,alloc    ] GC(4) O:                         Mark Start        Mark End      Relocate Start    Relocate End   
[2026-04-03T01:27:49.931+0600][12.055s][info][gc,alloc    ] GC(4) O: Allocation Stalls:          0                0                0                0         
[2026-04-03T01:27:49.931+0600][12.055s][info][gc,load     ] GC(4) O: Load: 4.04 (34%) / 4.34 (36%) / 5.18 (43%)
[2026-04-03T01:27:49.931+0600][12.055s][info][gc,mmu      ] GC(4) O: MMU: 2ms/97.3%, 5ms/98.9%, 10ms/99.4%, 20ms/99.6%, 50ms/99.7%, 100ms/99.9%
[2026-04-03T01:27:49.931+0600][12.055s][info][gc,marking  ] GC(4) O: Mark: 1 stripe(s), 2 proactive flush(es), 1 terminate flush(es), 0 completion(s), 0 continuation(s) 
[2026-04-03T01:27:49.931+0600][12.055s][info][gc,marking  ] GC(4) O: Mark Stack Usage: 32M
[2026-04-03T01:27:49.931+0600][12.055s][info][gc,nmethod  ] GC(4) O: NMethods: 8945 registered, 1605 unregistered
[2026-04-03T01:27:49.931+0600][12.055s][info][gc,metaspace] GC(4) O: Metaspace: 48M used, 49M committed, 1088M reserved
[2026-04-03T01:27:49.931+0600][12.055s][info][gc,ref      ] GC(4) O:                       Encountered   Discovered     Enqueued 
[2026-04-03T01:27:49.931+0600][12.055s][info][gc,ref      ] GC(4) O: Soft References:              605            0            0 
[2026-04-03T01:27:49.931+0600][12.055s][info][gc,ref      ] GC(4) O: Weak References:            43776          552            0 
[2026-04-03T01:27:49.931+0600][12.055s][info][gc,ref      ] GC(4) O: Final References:               0            0            0 
[2026-04-03T01:27:49.931+0600][12.055s][info][gc,ref      ] GC(4) O: Phantom References:            82           25            0 
[2026-04-03T01:27:49.931+0600][12.055s][info][gc,reloc    ] GC(4) O:                        Candidates     Selected     In-Place         Size        Empty    Relocated 
[2026-04-03T01:27:49.931+0600][12.055s][info][gc,reloc    ] GC(4) O: Small Pages:                    5            2            0          10M           0M           1M 
[2026-04-03T01:27:49.931+0600][12.055s][info][gc,reloc    ] GC(4) O: Medium Pages:                   1            0            0          32M           0M           0M 
[2026-04-03T01:27:49.931+0600][12.055s][info][gc,reloc    ] GC(4) O: Large Pages:                    0            0            0           0M           0M           0M 
[2026-04-03T01:27:49.931+0600][12.055s][info][gc,reloc    ] GC(4) O: Forwarding Usage: 0M
[2026-04-03T01:27:49.931+0600][12.055s][info][gc,heap     ] GC(4) O: Min Capacity: 8M(0%)
[2026-04-03T01:27:49.931+0600][12.055s][info][gc,heap     ] GC(4) O: Max Capacity: 3922M(100%)
[2026-04-03T01:27:49.931+0600][12.055s][info][gc,heap     ] GC(4) O: Soft Max Capacity: 3529M(90%)
[2026-04-03T01:27:49.931+0600][12.055s][info][gc,heap     ] GC(4) O: Heap Statistics:
[2026-04-03T01:27:49.931+0600][12.055s][info][gc,heap     ] GC(4) O:                Mark Start          Mark End        Relocate Start      Relocate End           High               Low         
[2026-04-03T01:27:49.931+0600][12.055s][info][gc,heap     ] GC(4) O:  Capacity:      534M (14%)         598M (15%)         598M (15%)         598M (15%)         598M (15%)         534M (14%)    
[2026-04-03T01:27:49.931+0600][12.055s][info][gc,heap     ] GC(4) O:      Free:     3464M (88%)        3628M (93%)        3624M (92%)        3622M (92%)        3630M (93%)        3368M (86%)    
[2026-04-03T01:27:49.931+0600][12.055s][info][gc,heap     ] GC(4) O:      Used:      458M (12%)         294M (7%)          298M (8%)          300M (8%)          554M (14%)         292M (7%)     
[2026-04-03T01:27:49.931+0600][12.055s][info][gc,heap     ] GC(4) O: Old Generation Statistics:
[2026-04-03T01:27:49.931+0600][12.055s][info][gc,heap     ] GC(4) O:                Mark Start          Mark End        Relocate Start      Relocate End    
[2026-04-03T01:27:49.931+0600][12.055s][info][gc,heap     ] GC(4) O:      Used:       42M (1%)           42M (1%)           42M (1%)           44M (1%)     
[2026-04-03T01:27:49.931+0600][12.055s][info][gc,heap     ] GC(4) O:      Live:         -                 5M (0%)            5M (0%)            5M (0%)     
[2026-04-03T01:27:49.931+0600][12.055s][info][gc,heap     ] GC(4) O:   Garbage:         -                36M (1%)           36M (1%)           31M (1%)     
[2026-04-03T01:27:49.931+0600][12.055s][info][gc,heap     ] GC(4) O: Allocated:         -                 0M (0%)            0M (0%)            6M (0%)     
[2026-04-03T01:27:49.931+0600][12.055s][info][gc,heap     ] GC(4) O: Reclaimed:         -                  -                 0M (0%)            4M (0%)     
[2026-04-03T01:27:49.931+0600][12.055s][info][gc,heap     ] GC(4) O: Compacted:         -                  -                  -                 1M (0%)     
[2026-04-03T01:27:49.931+0600][12.055s][info][gc,phases   ] GC(4) O: Old Generation 292M(7%)->300M(8%) 0.132s
[2026-04-03T01:27:49.931+0600][12.055s][info][gc          ] GC(4) Major Collection (CodeCache GC Threshold) 458M(12%)->300M(8%) 0.618s
[2026-04-03T01:27:55.252+0600][17.376s][info][gc          ] GC(5) Major Collection (System.gc())
[2026-04-03T01:27:55.252+0600][17.376s][info][gc,task     ] GC(5) Using 3 Workers for Young Generation
[2026-04-03T01:27:55.252+0600][17.376s][info][gc,task     ] GC(5) Using 3 Workers for Old Generation
[2026-04-03T01:27:55.252+0600][17.376s][info][gc,phases   ] GC(5) Y: Young Generation (Promote All)
[2026-04-03T01:27:55.252+0600][17.376s][info][gc,phases   ] GC(5) Y: Pause Mark Start 0.017ms
[2026-04-03T01:27:55.292+0600][17.416s][info][gc,phases   ] GC(5) Y: Concurrent Mark 39.398ms
[2026-04-03T01:27:55.292+0600][17.416s][info][gc,phases   ] GC(5) Y: Pause Mark End 0.023ms
[2026-04-03T01:27:55.292+0600][17.416s][info][gc,phases   ] GC(5) Y: Concurrent Mark Free 0.002ms
[2026-04-03T01:27:55.292+0600][17.416s][info][gc,phases   ] GC(5) Y: Concurrent Reset Relocation Set 0.016ms
[2026-04-03T01:27:55.294+0600][17.418s][info][gc,reloc    ] GC(5) Y: Using tenuring threshold: 0 (Promote All)
[2026-04-03T01:27:55.302+0600][17.426s][info][gc,phases   ] GC(5) Y: Concurrent Select Relocation Set 10.068ms
[2026-04-03T01:27:55.303+0600][17.427s][info][gc,phases   ] GC(5) Y: Pause Relocate Start 0.011ms
[2026-04-03T01:27:55.327+0600][17.451s][info][gc,phases   ] GC(5) Y: Concurrent Relocate 23.966ms
[2026-04-03T01:27:55.327+0600][17.451s][info][gc,alloc    ] GC(5) Y:                         Mark Start        Mark End      Relocate Start    Relocate End   
[2026-04-03T01:27:55.327+0600][17.451s][info][gc,alloc    ] GC(5) Y: Allocation Stalls:          0                0                0                0         
[2026-04-03T01:27:55.327+0600][17.451s][info][gc,load     ] GC(5) Y: Load: 4.04 (34%) / 4.34 (36%) / 5.17 (43%)
[2026-04-03T01:27:55.327+0600][17.451s][info][gc,mmu      ] GC(5) Y: MMU: 2ms/97.3%, 5ms/98.9%, 10ms/99.4%, 20ms/99.6%, 50ms/99.7%, 100ms/99.9%
[2026-04-03T01:27:55.327+0600][17.451s][info][gc,marking  ] GC(5) Y: Mark: 2 stripe(s), 10 proactive flush(es), 1 terminate flush(es), 0 completion(s), 0 continuation(s) 
[2026-04-03T01:27:55.327+0600][17.451s][info][gc,marking  ] GC(5) Y: Mark Stack Usage: 32M
[2026-04-03T01:27:55.327+0600][17.451s][info][gc,nmethod  ] GC(5) Y: NMethods: 12734 registered, 0 unregistered
[2026-04-03T01:27:55.327+0600][17.451s][info][gc,metaspace] GC(5) Y: Metaspace: 57M used, 57M committed, 1088M reserved
[2026-04-03T01:27:55.327+0600][17.451s][info][gc,reloc    ] GC(5) Y:                        Candidates     Selected     In-Place         Size        Empty    Relocated 
[2026-04-03T01:27:55.327+0600][17.451s][info][gc,reloc    ] GC(5) Y: Small Pages:                  150          132            0         300M          10M           9M 
[2026-04-03T01:27:55.327+0600][17.451s][info][gc,reloc    ] GC(5) Y: Medium Pages:                   5            2            0         160M          64M           2M 
[2026-04-03T01:27:55.327+0600][17.451s][info][gc,reloc    ] GC(5) Y: Large Pages:                    0            0            0           0M           0M           0M 
[2026-04-03T01:27:55.327+0600][17.451s][info][gc,reloc    ] GC(5) Y: Forwarding Usage: 5M
[2026-04-03T01:27:55.327+0600][17.451s][info][gc,reloc    ] GC(5) Y: Age Table:
[2026-04-03T01:27:55.327+0600][17.451s][info][gc,reloc    ] GC(5) Y:                    Live             Garbage             Small              Medium             Large        
[2026-04-03T01:27:55.327+0600][17.451s][info][gc,reloc    ] GC(5) Y: Eden               3M (0%)          220M (6%)         112 / 104            0 / 0              0 / 0        
[2026-04-03T01:27:55.327+0600][17.451s][info][gc,reloc    ] GC(5) Y: Survivor 1         5M (0%)           98M (3%)          20 / 18             2 / 0              0 / 0        
[2026-04-03T01:27:55.327+0600][17.451s][info][gc,reloc    ] GC(5) Y: Survivor 2        12M (0%)           77M (2%)          13 / 6              2 / 1              0 / 0        
[2026-04-03T01:27:55.327+0600][17.451s][info][gc,reloc    ] GC(5) Y: Survivor 3         2M (0%)           39M (1%)           5 / 4              1 / 1              0 / 0        
[2026-04-03T01:27:55.327+0600][17.451s][info][gc,heap     ] GC(5) Y: Min Capacity: 8M(0%)
[2026-04-03T01:27:55.327+0600][17.451s][info][gc,heap     ] GC(5) Y: Max Capacity: 3922M(100%)
[2026-04-03T01:27:55.327+0600][17.451s][info][gc,heap     ] GC(5) Y: Soft Max Capacity: 3529M(90%)
[2026-04-03T01:27:55.327+0600][17.451s][info][gc,heap     ] GC(5) Y: Heap Statistics:
[2026-04-03T01:27:55.327+0600][17.451s][info][gc,heap     ] GC(5) Y:                Mark Start          Mark End        Relocate Start      Relocate End           High               Low         
[2026-04-03T01:27:55.327+0600][17.451s][info][gc,heap     ] GC(5) Y:  Capacity:      598M (15%)         598M (15%)         598M (15%)         598M (15%)         598M (15%)         598M (15%)    
[2026-04-03T01:27:55.327+0600][17.451s][info][gc,heap     ] GC(5) Y:      Free:     3418M (87%)        3418M (87%)        3492M (89%)        3818M (97%)        3818M (97%)        3418M (87%)    
[2026-04-03T01:27:55.327+0600][17.451s][info][gc,heap     ] GC(5) Y:      Used:      504M (13%)         504M (13%)         430M (11%)         104M (3%)          504M (13%)         104M (3%)     
[2026-04-03T01:27:55.327+0600][17.451s][info][gc,heap     ] GC(5) Y: Young Generation Statistics:
[2026-04-03T01:27:55.327+0600][17.451s][info][gc,heap     ] GC(5) Y:                Mark Start          Mark End        Relocate Start      Relocate End    
[2026-04-03T01:27:55.327+0600][17.451s][info][gc,heap     ] GC(5) Y:      Used:      460M (12%)         460M (12%)         374M (10%)           0M (0%)     
[2026-04-03T01:27:55.327+0600][17.451s][info][gc,heap     ] GC(5) Y:      Live:         -                24M (1%)           15M (0%)            0M (0%)     
[2026-04-03T01:27:55.327+0600][17.451s][info][gc,heap     ] GC(5) Y:   Garbage:         -               435M (11%)         358M (9%)            0M (0%)     
[2026-04-03T01:27:55.327+0600][17.451s][info][gc,heap     ] GC(5) Y: Allocated:         -                 0M (0%)            0M (0%)            0M (0%)     
[2026-04-03T01:27:55.327+0600][17.451s][info][gc,heap     ] GC(5) Y: Reclaimed:         -                  -                76M (2%)          435M (11%)    
[2026-04-03T01:27:55.327+0600][17.451s][info][gc,heap     ] GC(5) Y:  Promoted:         -                  -                 9M (0%)           24M (1%)     
[2026-04-03T01:27:55.327+0600][17.451s][info][gc,heap     ] GC(5) Y: Compacted:         -                  -                  -                 0M (0%)     
[2026-04-03T01:27:55.327+0600][17.451s][info][gc,phases   ] GC(5) Y: Young Generation (Promote All) 504M(13%)->104M(3%) 0.074s
[2026-04-03T01:27:55.327+0600][17.451s][info][gc,phases   ] GC(5) Y: Young Generation (Collect Roots)
[2026-04-03T01:27:55.327+0600][17.451s][info][gc,phases   ] GC(5) Y: Pause Mark Start (Major) 0.024ms
[2026-04-03T01:27:55.341+0600][17.465s][info][gc,phases   ] GC(5) Y: Concurrent Mark 13.309ms
[2026-04-03T01:27:55.341+0600][17.465s][info][gc,phases   ] GC(5) Y: Pause Mark End 0.023ms
[2026-04-03T01:27:55.341+0600][17.465s][info][gc,phases   ] GC(5) Y: Concurrent Mark Free 0.217ms
[2026-04-03T01:27:55.341+0600][17.465s][info][gc,phases   ] GC(5) Y: Concurrent Reset Relocation Set 0.022ms
[2026-04-03T01:27:55.343+0600][17.467s][info][gc,reloc    ] GC(5) Y: Using tenuring threshold: 0 (Computed)
[2026-04-03T01:27:55.343+0600][17.467s][info][gc,phases   ] GC(5) Y: Concurrent Select Relocation Set 2.071ms
[2026-04-03T01:27:55.343+0600][17.467s][info][gc,phases   ] GC(5) Y: Pause Relocate Start 0.018ms
[2026-04-03T01:27:55.344+0600][17.468s][info][gc,phases   ] GC(5) Y: Concurrent Relocate 0.164ms
[2026-04-03T01:27:55.344+0600][17.468s][info][gc,alloc    ] GC(5) Y:                         Mark Start        Mark End      Relocate Start    Relocate End   
[2026-04-03T01:27:55.344+0600][17.468s][info][gc,alloc    ] GC(5) Y: Allocation Stalls:          0                0                0                0         
[2026-04-03T01:27:55.344+0600][17.468s][info][gc,load     ] GC(5) Y: Load: 4.04 (34%) / 4.34 (36%) / 5.17 (43%)
[2026-04-03T01:27:55.344+0600][17.468s][info][gc,mmu      ] GC(5) Y: MMU: 2ms/97.3%, 5ms/98.9%, 10ms/99.4%, 20ms/99.6%, 50ms/99.7%, 100ms/99.9%
[2026-04-03T01:27:55.344+0600][17.468s][info][gc,marking  ] GC(5) Y: Mark: 2 stripe(s), 1 proactive flush(es), 1 terminate flush(es), 0 completion(s), 0 continuation(s) 
[2026-04-03T01:27:55.344+0600][17.468s][info][gc,marking  ] GC(5) Y: Mark Stack Usage: 0M
[2026-04-03T01:27:55.344+0600][17.468s][info][gc,nmethod  ] GC(5) Y: NMethods: 12734 registered, 0 unregistered
[2026-04-03T01:27:55.344+0600][17.468s][info][gc,metaspace] GC(5) Y: Metaspace: 57M used, 57M committed, 1088M reserved
[2026-04-03T01:27:55.344+0600][17.468s][info][gc,heap     ] GC(5) Y: Min Capacity: 8M(0%)
[2026-04-03T01:27:55.344+0600][17.468s][info][gc,heap     ] GC(5) Y: Max Capacity: 3922M(100%)
[2026-04-03T01:27:55.344+0600][17.468s][info][gc,heap     ] GC(5) Y: Soft Max Capacity: 3529M(90%)
[2026-04-03T01:27:55.344+0600][17.468s][info][gc,heap     ] GC(5) Y: Heap Statistics:
[2026-04-03T01:27:55.344+0600][17.468s][info][gc,heap     ] GC(5) Y:                Mark Start          Mark End        Relocate Start      Relocate End           High               Low         
[2026-04-03T01:27:55.344+0600][17.468s][info][gc,heap     ] GC(5) Y:  Capacity:      598M (15%)         598M (15%)         598M (15%)         598M (15%)         598M (15%)         598M (15%)    
[2026-04-03T01:27:55.344+0600][17.468s][info][gc,heap     ] GC(5) Y:      Free:     3818M (97%)        3818M (97%)        3818M (97%)        3818M (97%)        3818M (97%)        3818M (97%)    
[2026-04-03T01:27:55.344+0600][17.468s][info][gc,heap     ] GC(5) Y:      Used:      104M (3%)          104M (3%)          104M (3%)          104M (3%)          104M (3%)          104M (3%)     
[2026-04-03T01:27:55.344+0600][17.468s][info][gc,heap     ] GC(5) Y: Young Generation Statistics:
[2026-04-03T01:27:55.344+0600][17.468s][info][gc,heap     ] GC(5) Y:                Mark Start          Mark End        Relocate Start      Relocate End    
[2026-04-03T01:27:55.344+0600][17.468s][info][gc,heap     ] GC(5) Y:      Used:        0M (0%)            0M (0%)            0M (0%)            0M (0%)     
[2026-04-03T01:27:55.344+0600][17.468s][info][gc,heap     ] GC(5) Y:      Live:         -                 0M (0%)            0M (0%)            0M (0%)     
[2026-04-03T01:27:55.344+0600][17.468s][info][gc,heap     ] GC(5) Y:   Garbage:         -                 0M (0%)            0M (0%)            0M (0%)     
[2026-04-03T01:27:55.344+0600][17.468s][info][gc,heap     ] GC(5) Y: Allocated:         -                 0M (0%)            0M (0%)            0M (0%)     
[2026-04-03T01:27:55.344+0600][17.468s][info][gc,heap     ] GC(5) Y: Reclaimed:         -                  -                 0M (0%)            0M (0%)     
[2026-04-03T01:27:55.344+0600][17.468s][info][gc,heap     ] GC(5) Y:  Promoted:         -                  -                 0M (0%)            0M (0%)     
[2026-04-03T01:27:55.344+0600][17.468s][info][gc,heap     ] GC(5) Y: Compacted:         -                  -                  -                 0M (0%)     
[2026-04-03T01:27:55.344+0600][17.468s][info][gc,phases   ] GC(5) Y: Young Generation (Collect Roots) 104M(3%)->104M(3%) 0.017s
[2026-04-03T01:27:55.344+0600][17.468s][info][gc,phases   ] GC(5) O: Old Generation
[2026-04-03T01:27:55.372+0600][17.496s][info][gc,phases   ] GC(5) O: Concurrent Mark 28.019ms
[2026-04-03T01:27:55.372+0600][17.496s][info][gc,phases   ] GC(5) O: Pause Mark End 0.024ms
[2026-04-03T01:27:55.372+0600][17.496s][info][gc,phases   ] GC(5) O: Concurrent Mark Free 0.002ms
[2026-04-03T01:27:55.393+0600][17.517s][info][gc,phases   ] GC(5) O: Concurrent Process Non-Strong 20.547ms
[2026-04-03T01:27:55.393+0600][17.517s][info][gc,phases   ] GC(5) O: Concurrent Reset Relocation Set 0.002ms
[2026-04-03T01:27:55.396+0600][17.520s][info][gc,phases   ] GC(5) O: Concurrent Select Relocation Set 2.682ms
[2026-04-03T01:27:55.396+0600][17.520s][info][gc,task     ] GC(5) O: Using 3 Workers for Old Generation
[2026-04-03T01:27:55.413+0600][17.537s][info][gc,task     ] GC(5) O: Using 3 Workers for Old Generation
[2026-04-03T01:27:55.413+0600][17.537s][info][gc,phases   ] GC(5) O: Concurrent Remap Roots 17.289ms
[2026-04-03T01:27:55.413+0600][17.537s][info][gc,phases   ] GC(5) O: Pause Relocate Start 0.025ms
[2026-04-03T01:27:55.418+0600][17.542s][info][gc,phases   ] GC(5) O: Concurrent Relocate 4.704ms
[2026-04-03T01:27:55.418+0600][17.542s][info][gc,alloc    ] GC(5) O:                         Mark Start        Mark End      Relocate Start    Relocate End   
[2026-04-03T01:27:55.418+0600][17.542s][info][gc,alloc    ] GC(5) O: Allocation Stalls:          0                0                0                0         
[2026-04-03T01:27:55.418+0600][17.542s][info][gc,load     ] GC(5) O: Load: 4.04 (34%) / 4.34 (36%) / 5.17 (43%)
[2026-04-03T01:27:55.418+0600][17.542s][info][gc,mmu      ] GC(5) O: MMU: 2ms/97.3%, 5ms/98.9%, 10ms/99.4%, 20ms/99.6%, 50ms/99.7%, 100ms/99.9%
[2026-04-03T01:27:55.418+0600][17.542s][info][gc,marking  ] GC(5) O: Mark: 2 stripe(s), 2 proactive flush(es), 1 terminate flush(es), 0 completion(s), 0 continuation(s) 
[2026-04-03T01:27:55.418+0600][17.542s][info][gc,marking  ] GC(5) O: Mark Stack Usage: 32M
[2026-04-03T01:27:55.418+0600][17.542s][info][gc,nmethod  ] GC(5) O: NMethods: 11755 registered, 981 unregistered
[2026-04-03T01:27:55.418+0600][17.542s][info][gc,metaspace] GC(5) O: Metaspace: 57M used, 57M committed, 1088M reserved
[2026-04-03T01:27:55.418+0600][17.542s][info][gc,ref      ] GC(5) O:                       Encountered   Discovered     Enqueued 
[2026-04-03T01:27:55.418+0600][17.542s][info][gc,ref      ] GC(5) O: Soft References:              647            0            0 
[2026-04-03T01:27:55.418+0600][17.542s][info][gc,ref      ] GC(5) O: Weak References:             7827         7402         2370 
[2026-04-03T01:27:55.418+0600][17.542s][info][gc,ref      ] GC(5) O: Final References:               0            0            0 
[2026-04-03T01:27:55.418+0600][17.542s][info][gc,ref      ] GC(5) O: Phantom References:            82           53            0 
[2026-04-03T01:27:55.418+0600][17.542s][info][gc,reloc    ] GC(5) O:                        Candidates     Selected     In-Place         Size        Empty    Relocated 
[2026-04-03T01:27:55.418+0600][17.542s][info][gc,reloc    ] GC(5) O: Small Pages:                   20            5            0          40M           0M           2M 
[2026-04-03T01:27:55.418+0600][17.542s][info][gc,reloc    ] GC(5) O: Medium Pages:                   2            1            0          64M           0M           3M 
[2026-04-03T01:27:55.418+0600][17.542s][info][gc,reloc    ] GC(5) O: Large Pages:                    0            0            0           0M           0M           0M 
[2026-04-03T01:27:55.418+0600][17.542s][info][gc,reloc    ] GC(5) O: Forwarding Usage: 1M
[2026-04-03T01:27:55.418+0600][17.542s][info][gc,heap     ] GC(5) O: Min Capacity: 8M(0%)
[2026-04-03T01:27:55.418+0600][17.542s][info][gc,heap     ] GC(5) O: Max Capacity: 3922M(100%)
[2026-04-03T01:27:55.418+0600][17.542s][info][gc,heap     ] GC(5) O: Soft Max Capacity: 3529M(90%)
[2026-04-03T01:27:55.418+0600][17.542s][info][gc,heap     ] GC(5) O: Heap Statistics:
[2026-04-03T01:27:55.418+0600][17.542s][info][gc,heap     ] GC(5) O:                Mark Start          Mark End        Relocate Start      Relocate End           High               Low         
[2026-04-03T01:27:55.418+0600][17.542s][info][gc,heap     ] GC(5) O:  Capacity:      598M (15%)         598M (15%)         598M (15%)         598M (15%)         598M (15%)         598M (15%)    
[2026-04-03T01:27:55.418+0600][17.542s][info][gc,heap     ] GC(5) O:      Free:     3818M (97%)        3818M (97%)        3818M (97%)        3858M (98%)        3858M (98%)        3784M (96%)    
[2026-04-03T01:27:55.418+0600][17.542s][info][gc,heap     ] GC(5) O:      Used:      104M (3%)          104M (3%)          104M (3%)           64M (2%)          138M (4%)           64M (2%)     
[2026-04-03T01:27:55.418+0600][17.542s][info][gc,heap     ] GC(5) O: Old Generation Statistics:
[2026-04-03T01:27:55.418+0600][17.542s][info][gc,heap     ] GC(5) O:                Mark Start          Mark End        Relocate Start      Relocate End    
[2026-04-03T01:27:55.418+0600][17.542s][info][gc,heap     ] GC(5) O:      Used:      104M (3%)          104M (3%)          104M (3%)           64M (2%)     
[2026-04-03T01:27:55.418+0600][17.542s][info][gc,heap     ] GC(5) O:      Live:         -                29M (1%)           29M (1%)           29M (1%)     
[2026-04-03T01:27:55.418+0600][17.542s][info][gc,heap     ] GC(5) O:   Garbage:         -                74M (2%)           74M (2%)            3M (0%)     
[2026-04-03T01:27:55.418+0600][17.542s][info][gc,heap     ] GC(5) O: Allocated:         -                 0M (0%)            0M (0%)           30M (1%)     
[2026-04-03T01:27:55.418+0600][17.542s][info][gc,heap     ] GC(5) O: Reclaimed:         -                  -                 0M (0%)           70M (2%)     
[2026-04-03T01:27:55.418+0600][17.542s][info][gc,heap     ] GC(5) O: Compacted:         -                  -                  -                 7M (0%)     
[2026-04-03T01:27:55.418+0600][17.542s][info][gc,phases   ] GC(5) O: Old Generation 104M(3%)->64M(2%) 0.074s
[2026-04-03T01:27:55.418+0600][17.542s][info][gc          ] GC(5) Major Collection (System.gc()) 504M(13%)->64M(2%) 0.166s
[2026-04-03T01:28:00.559+0600][22.683s][info][gc          ] GC(6) Major Collection (System.gc())
[2026-04-03T01:28:00.559+0600][22.683s][info][gc,task     ] GC(6) Using 3 Workers for Young Generation
[2026-04-03T01:28:00.559+0600][22.683s][info][gc,task     ] GC(6) Using 3 Workers for Old Generation
[2026-04-03T01:28:00.559+0600][22.683s][info][gc,phases   ] GC(6) Y: Young Generation (Promote All)
[2026-04-03T01:28:00.559+0600][22.683s][info][gc,phases   ] GC(6) Y: Pause Mark Start 0.019ms
[2026-04-03T01:28:00.570+0600][22.694s][info][gc,phases   ] GC(6) Y: Concurrent Mark 11.264ms
[2026-04-03T01:28:00.571+0600][22.695s][info][gc,phases   ] GC(6) Y: Pause Mark End 0.023ms
[2026-04-03T01:28:00.571+0600][22.695s][info][gc,phases   ] GC(6) Y: Concurrent Mark Free 0.002ms
[2026-04-03T01:28:00.571+0600][22.695s][info][gc,phases   ] GC(6) Y: Concurrent Reset Relocation Set 0.000ms
[2026-04-03T01:28:00.572+0600][22.696s][info][gc,reloc    ] GC(6) Y: Using tenuring threshold: 0 (Promote All)
[2026-04-03T01:28:00.573+0600][22.697s][info][gc,phases   ] GC(6) Y: Concurrent Select Relocation Set 2.200ms
[2026-04-03T01:28:00.573+0600][22.697s][info][gc,phases   ] GC(6) Y: Pause Relocate Start 0.014ms
[2026-04-03T01:28:00.574+0600][22.698s][info][gc,phases   ] GC(6) Y: Concurrent Relocate 0.627ms
[2026-04-03T01:28:00.574+0600][22.698s][info][gc,alloc    ] GC(6) Y:                         Mark Start        Mark End      Relocate Start    Relocate End   
[2026-04-03T01:28:00.574+0600][22.698s][info][gc,alloc    ] GC(6) Y: Allocation Stalls:          0                0                0                0         
[2026-04-03T01:28:00.574+0600][22.698s][info][gc,load     ] GC(6) Y: Load: 4.03 (34%) / 4.33 (36%) / 5.16 (43%)
[2026-04-03T01:28:00.574+0600][22.698s][info][gc,mmu      ] GC(6) Y: MMU: 2ms/97.3%, 5ms/98.9%, 10ms/99.4%, 20ms/99.6%, 50ms/99.7%, 100ms/99.9%
[2026-04-03T01:28:00.574+0600][22.698s][info][gc,marking  ] GC(6) Y: Mark: 2 stripe(s), 1 proactive flush(es), 1 terminate flush(es), 0 completion(s), 0 continuation(s) 
[2026-04-03T01:28:00.574+0600][22.698s][info][gc,marking  ] GC(6) Y: Mark Stack Usage: 32M
[2026-04-03T01:28:00.574+0600][22.698s][info][gc,nmethod  ] GC(6) Y: NMethods: 14487 registered, 981 unregistered
[2026-04-03T01:28:00.574+0600][22.698s][info][gc,metaspace] GC(6) Y: Metaspace: 58M used, 58M committed, 1088M reserved
[2026-04-03T01:28:00.574+0600][22.698s][info][gc,reloc    ] GC(6) Y:                        Candidates     Selected     In-Place         Size        Empty    Relocated 
[2026-04-03T01:28:00.574+0600][22.698s][info][gc,reloc    ] GC(6) Y: Small Pages:                  154           92            0         308M         122M           0M 
[2026-04-03T01:28:00.574+0600][22.698s][info][gc,reloc    ] GC(6) Y: Medium Pages:                   1            0            0          32M          32M           0M 
[2026-04-03T01:28:00.574+0600][22.698s][info][gc,reloc    ] GC(6) Y: Large Pages:                    0            0            0           0M           0M           0M 
[2026-04-03T01:28:00.574+0600][22.698s][info][gc,reloc    ] GC(6) Y: Forwarding Usage: 0M
[2026-04-03T01:28:00.574+0600][22.698s][info][gc,reloc    ] GC(6) Y: Age Table:
[2026-04-03T01:28:00.574+0600][22.698s][info][gc,reloc    ] GC(6) Y:                    Live             Garbage             Small              Medium             Large        
[2026-04-03T01:28:00.574+0600][22.698s][info][gc,reloc    ] GC(6) Y: Eden               0M (0%)          339M (9%)         154 / 92             1 / 0              0 / 0        
[2026-04-03T01:28:00.574+0600][22.698s][info][gc,heap     ] GC(6) Y: Min Capacity: 8M(0%)
[2026-04-03T01:28:00.574+0600][22.698s][info][gc,heap     ] GC(6) Y: Max Capacity: 3922M(100%)
[2026-04-03T01:28:00.574+0600][22.698s][info][gc,heap     ] GC(6) Y: Soft Max Capacity: 3529M(90%)
[2026-04-03T01:28:00.574+0600][22.698s][info][gc,heap     ] GC(6) Y: Heap Statistics:
[2026-04-03T01:28:00.574+0600][22.698s][info][gc,heap     ] GC(6) Y:                Mark Start          Mark End        Relocate Start      Relocate End           High               Low         
[2026-04-03T01:28:00.574+0600][22.698s][info][gc,heap     ] GC(6) Y:  Capacity:      598M (15%)         598M (15%)         598M (15%)         598M (15%)         598M (15%)         598M (15%)    
[2026-04-03T01:28:00.574+0600][22.698s][info][gc,heap     ] GC(6) Y:      Free:     3518M (90%)        3518M (90%)        3672M (94%)        3852M (98%)        3852M (98%)        3518M (90%)    
[2026-04-03T01:28:00.574+0600][22.698s][info][gc,heap     ] GC(6) Y:      Used:      404M (10%)         404M (10%)         250M (6%)           70M (2%)          404M (10%)          70M (2%)     
[2026-04-03T01:28:00.574+0600][22.698s][info][gc,heap     ] GC(6) Y: Young Generation Statistics:
[2026-04-03T01:28:00.574+0600][22.698s][info][gc,heap     ] GC(6) Y:                Mark Start          Mark End        Relocate Start      Relocate End    
[2026-04-03T01:28:00.574+0600][22.698s][info][gc,heap     ] GC(6) Y:      Used:      340M (9%)          340M (9%)          186M (5%)            0M (0%)     
[2026-04-03T01:28:00.574+0600][22.698s][info][gc,heap     ] GC(6) Y:      Live:         -                 0M (0%)            0M (0%)            0M (0%)     
[2026-04-03T01:28:00.574+0600][22.698s][info][gc,heap     ] GC(6) Y:   Garbage:         -               339M (9%)          185M (5%)            0M (0%)     
[2026-04-03T01:28:00.574+0600][22.698s][info][gc,heap     ] GC(6) Y: Allocated:         -                 0M (0%)            0M (0%)            0M (0%)     
[2026-04-03T01:28:00.574+0600][22.698s][info][gc,heap     ] GC(6) Y: Reclaimed:         -                  -               154M (4%)          339M (9%)     
[2026-04-03T01:28:00.574+0600][22.698s][info][gc,heap     ] GC(6) Y:  Promoted:         -                  -                 0M (0%)            0M (0%)     
[2026-04-03T01:28:00.574+0600][22.698s][info][gc,heap     ] GC(6) Y: Compacted:         -                  -                  -                 0M (0%)     
[2026-04-03T01:28:00.574+0600][22.698s][info][gc,phases   ] GC(6) Y: Young Generation (Promote All) 404M(10%)->70M(2%) 0.015s
[2026-04-03T01:28:00.574+0600][22.698s][info][gc,phases   ] GC(6) Y: Young Generation (Collect Roots)
[2026-04-03T01:28:00.574+0600][22.698s][info][gc,phases   ] GC(6) Y: Pause Mark Start (Major) 0.022ms
[2026-04-03T01:28:00.585+0600][22.709s][info][gc,phases   ] GC(6) Y: Concurrent Mark 10.183ms
[2026-04-03T01:28:00.585+0600][22.709s][info][gc,phases   ] GC(6) Y: Pause Mark End 0.052ms
[2026-04-03T01:28:00.585+0600][22.709s][info][gc,phases   ] GC(6) Y: Concurrent Mark Free 0.156ms
[2026-04-03T01:28:00.585+0600][22.709s][info][gc,phases   ] GC(6) Y: Concurrent Reset Relocation Set 0.012ms
[2026-04-03T01:28:00.587+0600][22.711s][info][gc,reloc    ] GC(6) Y: Using tenuring threshold: 0 (Computed)
[2026-04-03T01:28:00.587+0600][22.711s][info][gc,phases   ] GC(6) Y: Concurrent Select Relocation Set 2.110ms
[2026-04-03T01:28:00.587+0600][22.711s][info][gc,phases   ] GC(6) Y: Pause Relocate Start 0.020ms
[2026-04-03T01:28:00.588+0600][22.712s][info][gc,phases   ] GC(6) Y: Concurrent Relocate 0.066ms
[2026-04-03T01:28:00.588+0600][22.712s][info][gc,alloc    ] GC(6) Y:                         Mark Start        Mark End      Relocate Start    Relocate End   
[2026-04-03T01:28:00.588+0600][22.712s][info][gc,alloc    ] GC(6) Y: Allocation Stalls:          0                0                0                0         
[2026-04-03T01:28:00.588+0600][22.712s][info][gc,load     ] GC(6) Y: Load: 4.03 (34%) / 4.33 (36%) / 5.16 (43%)
[2026-04-03T01:28:00.588+0600][22.712s][info][gc,mmu      ] GC(6) Y: MMU: 2ms/97.3%, 5ms/98.6%, 10ms/99.3%, 20ms/99.3%, 50ms/99.7%, 100ms/99.9%
[2026-04-03T01:28:00.588+0600][22.712s][info][gc,marking  ] GC(6) Y: Mark: 2 stripe(s), 1 proactive flush(es), 1 terminate flush(es), 0 completion(s), 0 continuation(s) 
[2026-04-03T01:28:00.588+0600][22.712s][info][gc,marking  ] GC(6) Y: Mark Stack Usage: 0M
[2026-04-03T01:28:00.588+0600][22.712s][info][gc,nmethod  ] GC(6) Y: NMethods: 14490 registered, 981 unregistered
[2026-04-03T01:28:00.588+0600][22.712s][info][gc,metaspace] GC(6) Y: Metaspace: 58M used, 58M committed, 1088M reserved
[2026-04-03T01:28:00.588+0600][22.712s][info][gc,heap     ] GC(6) Y: Min Capacity: 8M(0%)
[2026-04-03T01:28:00.588+0600][22.712s][info][gc,heap     ] GC(6) Y: Max Capacity: 3922M(100%)
[2026-04-03T01:28:00.588+0600][22.712s][info][gc,heap     ] GC(6) Y: Soft Max Capacity: 3529M(90%)
[2026-04-03T01:28:00.588+0600][22.712s][info][gc,heap     ] GC(6) Y: Heap Statistics:
[2026-04-03T01:28:00.588+0600][22.712s][info][gc,heap     ] GC(6) Y:                Mark Start          Mark End        Relocate Start      Relocate End           High               Low         
[2026-04-03T01:28:00.588+0600][22.712s][info][gc,heap     ] GC(6) Y:  Capacity:      598M (15%)         598M (15%)         598M (15%)         598M (15%)         598M (15%)         598M (15%)    
[2026-04-03T01:28:00.588+0600][22.712s][info][gc,heap     ] GC(6) Y:      Free:     3852M (98%)        3852M (98%)        3852M (98%)        3852M (98%)        3852M (98%)        3852M (98%)    
[2026-04-03T01:28:00.588+0600][22.712s][info][gc,heap     ] GC(6) Y:      Used:       70M (2%)           70M (2%)           70M (2%)           70M (2%)           70M (2%)           70M (2%)     
[2026-04-03T01:28:00.588+0600][22.712s][info][gc,heap     ] GC(6) Y: Young Generation Statistics:
[2026-04-03T01:28:00.588+0600][22.712s][info][gc,heap     ] GC(6) Y:                Mark Start          Mark End        Relocate Start      Relocate End    
[2026-04-03T01:28:00.588+0600][22.712s][info][gc,heap     ] GC(6) Y:      Used:        0M (0%)            0M (0%)            0M (0%)            0M (0%)     
[2026-04-03T01:28:00.588+0600][22.712s][info][gc,heap     ] GC(6) Y:      Live:         -                 0M (0%)            0M (0%)            0M (0%)     
[2026-04-03T01:28:00.588+0600][22.712s][info][gc,heap     ] GC(6) Y:   Garbage:         -                 0M (0%)            0M (0%)            0M (0%)     
[2026-04-03T01:28:00.588+0600][22.712s][info][gc,heap     ] GC(6) Y: Allocated:         -                 0M (0%)            0M (0%)            0M (0%)     
[2026-04-03T01:28:00.588+0600][22.712s][info][gc,heap     ] GC(6) Y: Reclaimed:         -                  -                 0M (0%)            0M (0%)     
[2026-04-03T01:28:00.588+0600][22.712s][info][gc,heap     ] GC(6) Y:  Promoted:         -                  -                 0M (0%)            0M (0%)     
[2026-04-03T01:28:00.588+0600][22.712s][info][gc,heap     ] GC(6) Y: Compacted:         -                  -                  -                 0M (0%)     
[2026-04-03T01:28:00.588+0600][22.712s][info][gc,phases   ] GC(6) Y: Young Generation (Collect Roots) 70M(2%)->70M(2%) 0.013s
[2026-04-03T01:28:00.588+0600][22.712s][info][gc,phases   ] GC(6) O: Old Generation
[2026-04-03T01:28:00.617+0600][22.741s][info][gc,phases   ] GC(6) O: Concurrent Mark 29.413ms
[2026-04-03T01:28:00.617+0600][22.741s][info][gc,phases   ] GC(6) O: Pause Mark End 0.025ms
[2026-04-03T01:28:00.618+0600][22.742s][info][gc,phases   ] GC(6) O: Concurrent Mark Free 0.002ms
[2026-04-03T01:28:00.639+0600][22.763s][info][gc,phases   ] GC(6) O: Concurrent Process Non-Strong 21.641ms
[2026-04-03T01:28:00.639+0600][22.763s][info][gc,phases   ] GC(6) O: Concurrent Reset Relocation Set 0.003ms
[2026-04-03T01:28:00.641+0600][22.765s][info][gc,phases   ] GC(6) O: Concurrent Select Relocation Set 1.848ms
[2026-04-03T01:28:00.641+0600][22.765s][info][gc,task     ] GC(6) O: Using 3 Workers for Old Generation
[2026-04-03T01:28:00.659+0600][22.783s][info][gc,task     ] GC(6) O: Using 3 Workers for Old Generation
[2026-04-03T01:28:00.659+0600][22.783s][info][gc,phases   ] GC(6) O: Concurrent Remap Roots 17.725ms
[2026-04-03T01:28:00.659+0600][22.783s][info][gc,phases   ] GC(6) O: Pause Relocate Start 0.090ms
[2026-04-03T01:28:00.663+0600][22.787s][info][gc,phases   ] GC(6) O: Concurrent Relocate 3.778ms
[2026-04-03T01:28:00.663+0600][22.787s][info][gc,alloc    ] GC(6) O:                         Mark Start        Mark End      Relocate Start    Relocate End   
[2026-04-03T01:28:00.663+0600][22.787s][info][gc,alloc    ] GC(6) O: Allocation Stalls:          0                0                0                0         
[2026-04-03T01:28:00.663+0600][22.787s][info][gc,load     ] GC(6) O: Load: 4.03 (34%) / 4.33 (36%) / 5.16 (43%)
[2026-04-03T01:28:00.663+0600][22.787s][info][gc,mmu      ] GC(6) O: MMU: 2ms/95.5%, 5ms/98.2%, 10ms/99.1%, 20ms/99.3%, 50ms/99.7%, 100ms/99.8%
[2026-04-03T01:28:00.663+0600][22.787s][info][gc,marking  ] GC(6) O: Mark: 2 stripe(s), 2 proactive flush(es), 1 terminate flush(es), 0 completion(s), 0 continuation(s) 
[2026-04-03T01:28:00.663+0600][22.787s][info][gc,marking  ] GC(6) O: Mark Stack Usage: 32M
[2026-04-03T01:28:00.663+0600][22.787s][info][gc,nmethod  ] GC(6) O: NMethods: 13494 registered, 1977 unregistered
[2026-04-03T01:28:00.663+0600][22.787s][info][gc,metaspace] GC(6) O: Metaspace: 58M used, 58M committed, 1088M reserved
[2026-04-03T01:28:00.664+0600][22.787s][info][gc,ref      ] GC(6) O:                       Encountered   Discovered     Enqueued 
[2026-04-03T01:28:00.664+0600][22.788s][info][gc,ref      ] GC(6) O: Soft References:              647            0            0 
[2026-04-03T01:28:00.664+0600][22.788s][info][gc,ref      ] GC(6) O: Weak References:             5416         3944           29 
[2026-04-03T01:28:00.664+0600][22.788s][info][gc,ref      ] GC(6) O: Final References:               0            0            0 
[2026-04-03T01:28:00.664+0600][22.788s][info][gc,ref      ] GC(6) O: Phantom References:            82           44            0 
[2026-04-03T01:28:00.664+0600][22.788s][info][gc,reloc    ] GC(6) O:                        Candidates     Selected     In-Place         Size        Empty    Relocated 
[2026-04-03T01:28:00.664+0600][22.788s][info][gc,reloc    ] GC(6) O: Small Pages:                   19            4            0          38M           0M           1M 
[2026-04-03T01:28:00.664+0600][22.788s][info][gc,reloc    ] GC(6) O: Medium Pages:                   1            0            0          32M           0M           0M 
[2026-04-03T01:28:00.664+0600][22.788s][info][gc,reloc    ] GC(6) O: Large Pages:                    0            0            0           0M           0M           0M 
[2026-04-03T01:28:00.664+0600][22.788s][info][gc,reloc    ] GC(6) O: Forwarding Usage: 0M
[2026-04-03T01:28:00.664+0600][22.788s][info][gc,heap     ] GC(6) O: Min Capacity: 8M(0%)
[2026-04-03T01:28:00.664+0600][22.788s][info][gc,heap     ] GC(6) O: Max Capacity: 3922M(100%)
[2026-04-03T01:28:00.664+0600][22.788s][info][gc,heap     ] GC(6) O: Soft Max Capacity: 3529M(90%)
[2026-04-03T01:28:00.664+0600][22.788s][info][gc,heap     ] GC(6) O: Heap Statistics:
[2026-04-03T01:28:00.664+0600][22.788s][info][gc,heap     ] GC(6) O:                Mark Start          Mark End        Relocate Start      Relocate End           High               Low         
[2026-04-03T01:28:00.664+0600][22.788s][info][gc,heap     ] GC(6) O:  Capacity:      598M (15%)         598M (15%)         598M (15%)         598M (15%)         598M (15%)         598M (15%)    
[2026-04-03T01:28:00.664+0600][22.788s][info][gc,heap     ] GC(6) O:      Free:     3852M (98%)        3852M (98%)        3852M (98%)        3856M (98%)        3856M (98%)        3848M (98%)    
[2026-04-03T01:28:00.664+0600][22.788s][info][gc,heap     ] GC(6) O:      Used:       70M (2%)           70M (2%)           70M (2%)           66M (2%)           74M (2%)           66M (2%)     
[2026-04-03T01:28:00.664+0600][22.788s][info][gc,heap     ] GC(6) O: Old Generation Statistics:
[2026-04-03T01:28:00.664+0600][22.788s][info][gc,heap     ] GC(6) O:                Mark Start          Mark End        Relocate Start      Relocate End    
[2026-04-03T01:28:00.664+0600][22.788s][info][gc,heap     ] GC(6) O:      Used:       70M (2%)           70M (2%)           70M (2%)           66M (2%)     
[2026-04-03T01:28:00.664+0600][22.788s][info][gc,heap     ] GC(6) O:      Live:         -                29M (1%)           29M (1%)           29M (1%)     
[2026-04-03T01:28:00.664+0600][22.788s][info][gc,heap     ] GC(6) O:   Garbage:         -                40M (1%)           40M (1%)           31M (1%)     
[2026-04-03T01:28:00.664+0600][22.788s][info][gc,heap     ] GC(6) O: Allocated:         -                 0M (0%)            0M (0%)            4M (0%)     
[2026-04-03T01:28:00.664+0600][22.788s][info][gc,heap     ] GC(6) O: Reclaimed:         -                  -                 0M (0%)            8M (0%)     
[2026-04-03T01:28:00.664+0600][22.788s][info][gc,heap     ] GC(6) O: Compacted:         -                  -                  -                 1M (0%)     
[2026-04-03T01:28:00.664+0600][22.788s][info][gc,phases   ] GC(6) O: Old Generation 70M(2%)->66M(2%) 0.076s
[2026-04-03T01:28:00.664+0600][22.788s][info][gc          ] GC(6) Major Collection (System.gc()) 404M(10%)->66M(2%) 0.105s
[2026-04-03T01:28:04.461+0600][26.585s][info][gc,exit     ] Stopping ZGC
[2026-04-03T01:28:04.462+0600][26.586s][info][gc,stats    ] === Garbage Collection Statistics =======================================================================================================================
[2026-04-03T01:28:04.462+0600][26.586s][info][gc,stats    ]                                                              Last 10s              Last 10m              Last 10h                Total
[2026-04-03T01:28:04.462+0600][26.586s][info][gc,stats    ]                                                              Avg / Max             Avg / Max             Avg / Max             Avg / Max
[2026-04-03T01:28:04.462+0600][26.586s][info][gc,stats    ]        Contention: Mark Segment Reset Contention                     3 / 34               12 / 291              12 / 291              12 / 291         ops/s
[2026-04-03T01:28:04.462+0600][26.586s][info][gc,stats    ]        Contention: Mark SeqNum Reset Contention                      0 / 4                 0 / 16                0 / 16                0 / 16          ops/s
[2026-04-03T01:28:04.462+0600][26.586s][info][gc,stats    ]          Critical: Allocation Stall                                  0 / 0                 0 / 0                 0 / 0                 0 / 0           ops/s
[2026-04-03T01:28:04.462+0600][26.586s][info][gc,stats    ]          Critical: Allocation Stall                              0.000 / 0.000         0.000 / 0.000         0.000 / 0.000         0.000 / 0.000       ms
[2026-04-03T01:28:04.462+0600][26.586s][info][gc,stats    ]          Critical: JNI Critical Stall                                0 / 0                 0 / 1                 0 / 1                 0 / 1           ops/s
[2026-04-03T01:28:04.462+0600][26.586s][info][gc,stats    ]          Critical: JNI Critical Stall                            0.000 / 0.000         0.334 / 0.377         0.334 / 0.377         0.334 / 0.377       ms
[2026-04-03T01:28:04.462+0600][26.586s][info][gc,stats    ]          Critical: Relocation Stall                                  0 / 0                 0 / 0                 0 / 0                 0 / 0           ops/s
[2026-04-03T01:28:04.462+0600][26.586s][info][gc,stats    ]          Critical: Relocation Stall                              0.000 / 0.000         0.000 / 0.000         0.000 / 0.000         0.000 / 0.000       ms
[2026-04-03T01:28:04.462+0600][26.586s][info][gc,stats    ]  Major Collection: Major Collection                            135.553 / 166.134     176.989 / 617.802     176.989 / 617.802     176.989 / 617.802     ms
[2026-04-03T01:28:04.462+0600][26.586s][info][gc,stats    ]            Memory: Allocation Rate                                  71 / 100              80 / 222              80 / 222              80 / 222         MB/s
[2026-04-03T01:28:04.462+0600][26.586s][info][gc,stats    ]            Memory: Defragment                                        0 / 0                 0 / 0                 0 / 0                 0 / 0           ops/s
[2026-04-03T01:28:04.462+0600][26.586s][info][gc,stats    ]            Memory: Out Of Memory                                     0 / 0                 0 / 0                 0 / 0                 0 / 0           ops/s
[2026-04-03T01:28:04.462+0600][26.586s][info][gc,stats    ]            Memory: Page Cache Flush                                  0 / 0                 0 / 0                 0 / 0                 0 / 0           MB/s
[2026-04-03T01:28:04.462+0600][26.586s][info][gc,stats    ]            Memory: Page Cache Hit L1                                34 / 50               30 / 76               30 / 76               30 / 76          ops/s
[2026-04-03T01:28:04.462+0600][26.586s][info][gc,stats    ]            Memory: Page Cache Hit L2                                 0 / 0                 0 / 0                 0 / 0                 0 / 0           ops/s
[2026-04-03T01:28:04.462+0600][26.586s][info][gc,stats    ]            Memory: Page Cache Hit L3                                 0 / 0                 4 / 114               4 / 114               4 / 114         ops/s
[2026-04-03T01:28:04.462+0600][26.586s][info][gc,stats    ]            Memory: Page Cache Miss                                   0 / 0                 2 / 49                2 / 49                2 / 49          ops/s
[2026-04-03T01:28:04.462+0600][26.586s][info][gc,stats    ]            Memory: Uncommit                                          0 / 0                 0 / 0                 0 / 0                 0 / 0           MB/s
[2026-04-03T01:28:04.462+0600][26.586s][info][gc,stats    ]            Memory: Undo Object Allocation Failed                     0 / 0                 0 / 0                 0 / 0                 0 / 0           ops/s
[2026-04-03T01:28:04.462+0600][26.586s][info][gc,stats    ]            Memory: Undo Object Allocation Succeeded                  0 / 0                 0 / 2                 0 / 2                 0 / 2           ops/s
[2026-04-03T01:28:04.462+0600][26.586s][info][gc,stats    ]            Memory: Undo Page Allocation                              0 / 0                 0 / 0                 0 / 0                 0 / 0           ops/s
[2026-04-03T01:28:04.462+0600][26.586s][info][gc,stats    ]  Minor Collection: Minor Collection                              0.000 / 0.000         0.000 / 0.000         0.000 / 0.000         0.000 / 0.000       ms
[2026-04-03T01:28:04.462+0600][26.586s][info][gc,stats    ]    Old Generation: Old Generation                               74.852 / 75.584       61.973 / 132.359      61.973 / 132.359      61.973 / 132.359     ms
[2026-04-03T01:28:04.462+0600][26.586s][info][gc,stats    ]         Old Pause: Pause Mark End                                0.024 / 0.025         0.020 / 0.025         0.020 / 0.025         0.020 / 0.025       ms
[2026-04-03T01:28:04.462+0600][26.586s][info][gc,stats    ]         Old Pause: Pause Relocate Start                          0.057 / 0.090         0.031 / 0.090         0.031 / 0.090         0.031 / 0.090       ms
[2026-04-03T01:28:04.462+0600][26.586s][info][gc,stats    ]         Old Phase: Concurrent Mark                              28.716 / 29.413       17.181 / 29.413       17.181 / 29.413       17.181 / 29.413      ms
[2026-04-03T01:28:04.462+0600][26.586s][info][gc,stats    ]         Old Phase: Concurrent Mark Continue                      0.000 / 0.000         0.000 / 0.000         0.000 / 0.000         0.000 / 0.000       ms
[2026-04-03T01:28:04.462+0600][26.586s][info][gc,stats    ]         Old Phase: Concurrent Mark Free                          0.002 / 0.002         0.007 / 0.036         0.007 / 0.036         0.007 / 0.036       ms
[2026-04-03T01:28:04.462+0600][26.586s][info][gc,stats    ]         Old Phase: Concurrent Process Non-Strong                21.094 / 21.641       18.650 / 68.120       18.650 / 68.120       18.650 / 68.120      ms
[2026-04-03T01:28:04.462+0600][26.586s][info][gc,stats    ]         Old Phase: Concurrent Relocate                           4.241 / 4.704         3.034 / 4.704         3.034 / 4.704         3.034 / 4.704       ms
[2026-04-03T01:28:04.462+0600][26.586s][info][gc,stats    ]         Old Phase: Concurrent Remap Roots                       17.507 / 17.725       19.465 / 30.860       19.465 / 30.860       19.465 / 30.860      ms
[2026-04-03T01:28:04.462+0600][26.586s][info][gc,stats    ]         Old Phase: Concurrent Reset Relocation Set               0.002 / 0.003         0.002 / 0.003         0.002 / 0.003         0.002 / 0.003       ms
[2026-04-03T01:28:04.462+0600][26.586s][info][gc,stats    ]         Old Phase: Concurrent Select Relocation Set              2.265 / 2.682         2.716 / 4.198         2.716 / 4.198         2.716 / 4.198       ms
[2026-04-03T01:28:04.462+0600][26.586s][info][gc,stats    ]      Old Subphase: Concurrent Classes Purge                      1.396 / 1.420         1.103 / 3.720         1.103 / 3.720         1.103 / 3.720       ms
[2026-04-03T01:28:04.462+0600][26.586s][info][gc,stats    ]      Old Subphase: Concurrent Classes Unlink                    17.591 / 18.194       15.843 / 61.094       15.843 / 61.094       15.843 / 61.094      ms
[2026-04-03T01:28:04.462+0600][26.586s][info][gc,stats    ]      Old Subphase: Concurrent Mark Follow                       28.380 / 29.024       16.809 / 29.024       16.809 / 29.024       16.809 / 29.024      ms
[2026-04-03T01:28:04.462+0600][26.586s][info][gc,stats    ]      Old Subphase: Concurrent Mark Root Colored                  0.118 / 0.254         0.082 / 0.254         0.082 / 0.254         0.082 / 0.254       ms
[2026-04-03T01:28:04.462+0600][26.586s][info][gc,stats    ]      Old Subphase: Concurrent Mark Root Uncolored                0.041 / 0.068         0.090 / 0.490         0.090 / 0.490         0.090 / 0.490       ms
[2026-04-03T01:28:04.462+0600][26.586s][info][gc,stats    ]      Old Subphase: Concurrent Mark Roots                         0.330 / 0.384         0.366 / 0.706         0.366 / 0.706         0.366 / 0.706       ms
[2026-04-03T01:28:04.462+0600][26.586s][info][gc,stats    ]      Old Subphase: Concurrent References Enqueue                 0.005 / 0.005         0.002 / 0.005         0.002 / 0.005         0.002 / 0.005       ms
[2026-04-03T01:28:04.462+0600][26.586s][info][gc,stats    ]      Old Subphase: Concurrent References Process                 0.819 / 0.860         0.388 / 0.860         0.388 / 0.860         0.388 / 0.860       ms
[2026-04-03T01:28:04.462+0600][26.586s][info][gc,stats    ]      Old Subphase: Concurrent Remap Remembered                  12.296 / 12.443       15.085 / 23.210       15.085 / 23.210       15.085 / 23.210      ms
[2026-04-03T01:28:04.462+0600][26.586s][info][gc,stats    ]      Old Subphase: Concurrent Remap Roots Colored                0.296 / 0.359         0.657 / 1.617         0.657 / 1.617         0.657 / 1.617       ms
[2026-04-03T01:28:04.462+0600][26.586s][info][gc,stats    ]      Old Subphase: Concurrent Remap Roots Uncolored              4.467 / 4.740         2.435 / 5.764         2.435 / 5.764         2.435 / 5.764       ms
[2026-04-03T01:28:04.462+0600][26.586s][info][gc,stats    ]      Old Subphase: Concurrent Roots ClassLoaderDataGraph         0.131 / 0.265         0.344 / 1.376         0.344 / 1.376         0.344 / 1.376       ms
[2026-04-03T01:28:04.462+0600][26.586s][info][gc,stats    ]      Old Subphase: Concurrent Roots CodeCache                    4.463 / 4.734         2.430 / 5.755         2.430 / 5.755         2.430 / 5.755       ms
[2026-04-03T01:28:04.462+0600][26.586s][info][gc,stats    ]      Old Subphase: Concurrent Roots JavaThreads                  0.020 / 0.068         0.034 / 0.489         0.034 / 0.489         0.034 / 0.489       ms
[2026-04-03T01:28:04.462+0600][26.586s][info][gc,stats    ]      Old Subphase: Concurrent Roots OopStorageSet                0.011 / 0.023         0.012 / 0.077         0.012 / 0.077         0.012 / 0.077       ms
[2026-04-03T01:28:04.462+0600][26.586s][info][gc,stats    ]      Old Subphase: Concurrent Weak Roots OopStorageSet           0.319 / 0.547         0.335 / 2.515         0.335 / 2.515         0.335 / 2.515       ms
[2026-04-03T01:28:04.462+0600][26.586s][info][gc,stats    ]            System: Java Threads                                     10 / 11               10 / 12               10 / 12               10 / 12          threads
[2026-04-03T01:28:04.462+0600][26.586s][info][gc,stats    ]  Young Generation: Young Generation                              0.000 / 0.000       163.117 / 484.309     163.117 / 484.309     163.117 / 484.309     ms
[2026-04-03T01:28:04.462+0600][26.586s][info][gc,stats    ]  Young Generation: Young Generation                              0.000 / 0.000         0.000 / 0.000         0.000 / 0.000         0.000 / 0.000       ms
[2026-04-03T01:28:04.462+0600][26.586s][info][gc,stats    ]  Young Generation: Young Generation (Collect Roots)             15.056 / 16.711       11.648 / 16.711       11.648 / 16.711       11.648 / 16.711      ms
[2026-04-03T01:28:04.462+0600][26.586s][info][gc,stats    ]  Young Generation: Young Generation (Promote All)               44.823 / 74.492       37.243 / 74.492       37.243 / 74.492       37.243 / 74.492      ms
[2026-04-03T01:28:04.462+0600][26.586s][info][gc,stats    ]       Young Pause: Pause Mark End                                0.030 / 0.052         0.026 / 0.055         0.026 / 0.055         0.026 / 0.055       ms
[2026-04-03T01:28:04.462+0600][26.586s][info][gc,stats    ]       Young Pause: Pause Mark Start                              0.018 / 0.019         0.022 / 0.029         0.022 / 0.029         0.022 / 0.029       ms
[2026-04-03T01:28:04.462+0600][26.586s][info][gc,stats    ]       Young Pause: Pause Mark Start (Major)                      0.023 / 0.024         0.020 / 0.029         0.020 / 0.029         0.020 / 0.029       ms
[2026-04-03T01:28:04.462+0600][26.586s][info][gc,stats    ]       Young Pause: Pause Relocate Start                          0.016 / 0.020         0.017 / 0.029         0.017 / 0.029         0.017 / 0.029       ms
[2026-04-03T01:28:04.462+0600][26.586s][info][gc,stats    ]       Young Phase: Concurrent Mark                              18.539 / 39.398       50.421 / 339.949      50.421 / 339.949      50.421 / 339.949     ms
[2026-04-03T01:28:04.462+0600][26.586s][info][gc,stats    ]       Young Phase: Concurrent Mark Continue                      0.000 / 0.000         0.000 / 0.000         0.000 / 0.000         0.000 / 0.000       ms
[2026-04-03T01:28:04.462+0600][26.586s][info][gc,stats    ]       Young Phase: Concurrent Mark Free                          0.094 / 0.217         0.052 / 0.217         0.052 / 0.217         0.052 / 0.217       ms
[2026-04-03T01:28:04.462+0600][26.586s][info][gc,stats    ]       Young Phase: Concurrent Relocate                           6.206 / 23.966       21.589 / 121.909      21.589 / 121.909      21.589 / 121.909     ms
[2026-04-03T01:28:04.462+0600][26.586s][info][gc,stats    ]       Young Phase: Concurrent Reset Relocation Set               0.013 / 0.022         0.011 / 0.024         0.011 / 0.024         0.011 / 0.024       ms
[2026-04-03T01:28:04.462+0600][26.586s][info][gc,stats    ]       Young Phase: Concurrent Select Relocation Set              4.112 / 10.068        6.695 / 20.270        6.695 / 20.270        6.695 / 20.270      ms
[2026-04-03T01:28:04.462+0600][26.586s][info][gc,stats    ]    Young Subphase: Concurrent Mark Follow                        9.382 / 29.120       43.425 / 323.507      43.425 / 323.507      43.425 / 323.507     ms
[2026-04-03T01:28:04.462+0600][26.586s][info][gc,stats    ]    Young Subphase: Concurrent Mark Root Colored                  3.615 / 4.981         2.698 / 4.981         2.698 / 4.981         2.698 / 4.981       ms
[2026-04-03T01:28:04.462+0600][26.586s][info][gc,stats    ]    Young Subphase: Concurrent Mark Root Uncolored                5.337 / 6.139         3.611 / 12.465        3.611 / 12.465        3.611 / 12.465      ms
[2026-04-03T01:28:04.462+0600][26.586s][info][gc,stats    ]    Young Subphase: Concurrent Mark Roots                         9.150 / 10.272        6.991 / 16.434        6.991 / 16.434        6.991 / 16.434      ms
[2026-04-03T01:28:04.462+0600][26.586s][info][gc,stats    ]    Young Subphase: Concurrent Relocate Remset FP                 1.218 / 4.808         0.882 / 4.808         0.882 / 4.808         0.882 / 4.808       ms
[2026-04-03T01:28:04.462+0600][26.586s][info][gc,stats    ]    Young Subphase: Concurrent Roots ClassLoaderDataGraph         2.968 / 4.153         1.975 / 4.153         1.975 / 4.153         1.975 / 4.153       ms
[2026-04-03T01:28:04.462+0600][26.586s][info][gc,stats    ]    Young Subphase: Concurrent Roots CodeCache                    5.289 / 6.104         3.419 / 12.195        3.419 / 12.195        3.419 / 12.195      ms
[2026-04-03T01:28:04.462+0600][26.586s][info][gc,stats    ]    Young Subphase: Concurrent Roots JavaThreads                  0.025 / 0.077         0.097 / 2.352         0.097 / 2.352         0.097 / 2.352       ms
[2026-04-03T01:28:04.462+0600][26.586s][info][gc,stats    ]    Young Subphase: Concurrent Roots OopStorageSet                0.017 / 0.078         0.038 / 0.139         0.038 / 0.139         0.038 / 0.139       ms
[2026-04-03T01:28:04.462+0600][26.586s][info][gc,stats    ]    Young Subphase: Concurrent Weak Roots OopStorageSet           0.631 / 0.812         0.690 / 3.007         0.690 / 3.007         0.690 / 3.007       ms
[2026-04-03T01:28:04.462+0600][26.586s][info][gc,stats    ] =========================================================================================================================================================
[2026-04-03T01:28:04.463+0600][26.587s][info][gc,heap,exit] Heap
[2026-04-03T01:28:04.463+0600][26.587s][info][gc,heap,exit]  ZHeap           used 418M, capacity 598M, max capacity 3922M
[2026-04-03T01:28:04.463+0600][26.587s][info][gc,heap,exit]  Metaspace       used 60914K, committed 61440K, reserved 1114112K
[2026-04-03T01:28:04.463+0600][26.587s][info][gc,heap,exit]   class space    used 6875K, committed 7104K, reserved 1048576K
