[2026-04-03T01:28:04.642+0600][0.005s][info][gc,init] Initializing The Z Garbage Collector
[2026-04-03T01:28:04.642+0600][0.005s][info][gc,init] Version: 21.0.10+7-Ubuntu-124.04 (release)
[2026-04-03T01:28:04.642+0600][0.005s][info][gc,init] Using legacy single-generation mode
[2026-04-03T01:28:04.642+0600][0.005s][info][gc,init] NUMA Support: Disabled
[2026-04-03T01:28:04.642+0600][0.005s][info][gc,init] CPUs: 12 total, 12 available
[2026-04-03T01:28:04.643+0600][0.005s][info][gc,init] Memory: 15683M
[2026-04-03T01:28:04.643+0600][0.005s][info][gc,init] Large Page Support: Disabled
[2026-04-03T01:28:04.643+0600][0.005s][info][gc,init] GC Workers: 3 (dynamic)
[2026-04-03T01:28:04.644+0600][0.006s][info][gc,init] Address Space Type: Contiguous/Unrestricted/Complete
[2026-04-03T01:28:04.644+0600][0.006s][info][gc,init] Address Space Size: 62752M x 3 = 188256M
[2026-04-03T01:28:04.644+0600][0.006s][info][gc,init] Heap Backing File: /memfd:java_heap
[2026-04-03T01:28:04.644+0600][0.006s][info][gc,init] Heap Backing Filesystem: tmpfs (0x1021994)
[2026-04-03T01:28:04.644+0600][0.006s][info][gc,init] Min Capacity: 8M
[2026-04-03T01:28:04.644+0600][0.006s][info][gc,init] Initial Capacity: 246M
[2026-04-03T01:28:04.644+0600][0.006s][info][gc,init] Max Capacity: 3922M
[2026-04-03T01:28:04.644+0600][0.006s][info][gc,init] Medium Page Size: 32M
[2026-04-03T01:28:04.644+0600][0.006s][info][gc,init] Pre-touch: Disabled
[2026-04-03T01:28:04.644+0600][0.006s][info][gc,init] Available space on backing filesystem: N/A
[2026-04-03T01:28:04.645+0600][0.007s][info][gc,init] Uncommit: Enabled
[2026-04-03T01:28:04.645+0600][0.007s][info][gc,init] Uncommit Delay: 300s
[2026-04-03T01:28:04.739+0600][0.102s][info][gc,init] Runtime Workers: 8
[2026-04-03T01:28:04.740+0600][0.103s][info][gc     ] Using The Z Garbage Collector
[2026-04-03T01:28:04.752+0600][0.114s][info][gc,metaspace] CDS archive(s) mapped at: [0x00007493ff000000-0x00007493ffc9c000-0x00007493ffc9c000), size 13221888, SharedBaseAddress: 0x00007493ff000000, ArchiveRelocationMode: 1.
[2026-04-03T01:28:04.752+0600][0.114s][info][gc,metaspace] Compressed class space mapped at: 0x0000749400000000-0x0000749440000000, reserved size: 1073741824
[2026-04-03T01:28:04.752+0600][0.114s][info][gc,metaspace] Narrow klass base: 0x00007493ff000000, Narrow klass shift: 0, Narrow klass range: 0x100000000
[2026-04-03T01:28:06.364+0600][1.727s][info][gc,start    ] GC(0) Garbage Collection (Warmup)
[2026-04-03T01:28:06.364+0600][1.727s][info][gc,task     ] GC(0) Using 3 workers
[2026-04-03T01:28:06.365+0600][1.727s][info][gc,phases   ] GC(0) Pause Mark Start 0.012ms
[2026-04-03T01:28:06.374+0600][1.736s][info][gc,phases   ] GC(0) Concurrent Mark 9.242ms
[2026-04-03T01:28:06.374+0600][1.737s][info][gc,phases   ] GC(0) Pause Mark End 0.018ms
[2026-04-03T01:28:06.374+0600][1.737s][info][gc,phases   ] GC(0) Concurrent Mark Free 0.001ms
[2026-04-03T01:28:06.376+0600][1.738s][info][gc,phases   ] GC(0) Concurrent Process Non-Strong References 1.731ms
[2026-04-03T01:28:06.376+0600][1.738s][info][gc,phases   ] GC(0) Concurrent Reset Relocation Set 0.001ms
[2026-04-03T01:28:06.384+0600][1.747s][info][gc,phases   ] GC(0) Concurrent Select Relocation Set 8.307ms
[2026-04-03T01:28:06.385+0600][1.747s][info][gc,phases   ] GC(0) Pause Relocate Start 0.009ms
[2026-04-03T01:28:06.391+0600][1.754s][info][gc,phases   ] GC(0) Concurrent Relocate 6.528ms
[2026-04-03T01:28:06.391+0600][1.754s][info][gc,load     ] GC(0) Load: 4.11/4.34/5.16
[2026-04-03T01:28:06.391+0600][1.754s][info][gc,mmu      ] GC(0) MMU: 2ms/99.1%, 5ms/99.6%, 10ms/99.7%, 20ms/99.8%, 50ms/99.9%, 100ms/100.0%
[2026-04-03T01:28:06.391+0600][1.754s][info][gc,marking  ] GC(0) Mark: 2 stripe(s), 2 proactive flush(es), 1 terminate flush(es), 0 completion(s), 0 continuation(s) 
[2026-04-03T01:28:06.391+0600][1.754s][info][gc,marking  ] GC(0) Mark Stack Usage: 32M
[2026-04-03T01:28:06.391+0600][1.754s][info][gc,nmethod  ] GC(0) NMethods: 1116 registered, 146 unregistered
[2026-04-03T01:28:06.391+0600][1.754s][info][gc,metaspace] GC(0) Metaspace: 11M used, 12M committed, 1088M reserved
[2026-04-03T01:28:06.391+0600][1.754s][info][gc,ref      ] GC(0) Soft: 217 encountered, 0 discovered, 0 enqueued
[2026-04-03T01:28:06.391+0600][1.754s][info][gc,ref      ] GC(0) Weak: 952 encountered, 352 discovered, 281 enqueued
[2026-04-03T01:28:06.391+0600][1.754s][info][gc,ref      ] GC(0) Final: 0 encountered, 0 discovered, 0 enqueued
[2026-04-03T01:28:06.391+0600][1.754s][info][gc,ref      ] GC(0) Phantom: 39 encountered, 26 discovered, 0 enqueued
[2026-04-03T01:28:06.391+0600][1.754s][info][gc,reloc    ] GC(0) Small Pages: 195 / 390M, Empty: 0M, Relocated: 4M, In-Place: 0
[2026-04-03T01:28:06.391+0600][1.754s][info][gc,reloc    ] GC(0) Medium Pages: 1 / 32M, Empty: 0M, Relocated: 0M, In-Place: 0
[2026-04-03T01:28:06.391+0600][1.754s][info][gc,reloc    ] GC(0) Large Pages: 0 / 0M, Empty: 0M, Relocated: 0M, In-Place: 0
[2026-04-03T01:28:06.391+0600][1.754s][info][gc,reloc    ] GC(0) Forwarding Usage: 1M
[2026-04-03T01:28:06.392+0600][1.754s][info][gc,heap     ] GC(0) Min Capacity: 8M(0%)
[2026-04-03T01:28:06.392+0600][1.754s][info][gc,heap     ] GC(0) Max Capacity: 3922M(100%)
[2026-04-03T01:28:06.392+0600][1.754s][info][gc,heap     ] GC(0) Soft Max Capacity: 3922M(100%)
[2026-04-03T01:28:06.392+0600][1.754s][info][gc,heap     ] GC(0)                Mark Start          Mark End        Relocate Start      Relocate End           High               Low         
[2026-04-03T01:28:06.392+0600][1.754s][info][gc,heap     ] GC(0)  Capacity:      422M (11%)         422M (11%)         422M (11%)         430M (11%)         430M (11%)         422M (11%)    
[2026-04-03T01:28:06.392+0600][1.754s][info][gc,heap     ] GC(0)      Free:     3500M (89%)        3500M (89%)        3500M (89%)        3880M (99%)        3880M (99%)        3492M (89%)    
[2026-04-03T01:28:06.392+0600][1.754s][info][gc,heap     ] GC(0)      Used:      422M (11%)         422M (11%)         422M (11%)          42M (1%)          430M (11%)          42M (1%)     
[2026-04-03T01:28:06.392+0600][1.754s][info][gc,heap     ] GC(0)      Live:         -                 5M (0%)            5M (0%)            5M (0%)             -                  -          
[2026-04-03T01:28:06.392+0600][1.754s][info][gc,heap     ] GC(0) Allocated:         -                 0M (0%)            0M (0%)            1M (0%)             -                  -          
[2026-04-03T01:28:06.392+0600][1.754s][info][gc,heap     ] GC(0)   Garbage:         -               416M (11%)         416M (11%)          34M (1%)             -                  -          
[2026-04-03T01:28:06.392+0600][1.754s][info][gc,heap     ] GC(0) Reclaimed:         -                  -                 0M (0%)          381M (10%)            -                  -          
[2026-04-03T01:28:06.392+0600][1.754s][info][gc          ] GC(0) Garbage Collection (Warmup) 422M(11%)->42M(1%)
[2026-04-03T01:28:06.741+0600][2.104s][info][gc,start    ] GC(1) Garbage Collection (System.gc())
[2026-04-03T01:28:06.741+0600][2.104s][info][gc,task     ] GC(1) Using 3 workers
[2026-04-03T01:28:06.742+0600][2.104s][info][gc,phases   ] GC(1) Pause Mark Start 0.009ms
[2026-04-03T01:28:06.750+0600][2.112s][info][gc,phases   ] GC(1) Concurrent Mark 8.072ms
[2026-04-03T01:28:06.750+0600][2.112s][info][gc,phases   ] GC(1) Pause Mark End 0.017ms
[2026-04-03T01:28:06.750+0600][2.112s][info][gc,phases   ] GC(1) Concurrent Mark Free 0.003ms
[2026-04-03T01:28:06.752+0600][2.114s][info][gc,phases   ] GC(1) Concurrent Process Non-Strong References 1.923ms
[2026-04-03T01:28:06.752+0600][2.114s][info][gc,phases   ] GC(1) Concurrent Reset Relocation Set 0.016ms
[2026-04-03T01:28:06.754+0600][2.117s][info][gc,phases   ] GC(1) Concurrent Select Relocation Set 2.382ms
[2026-04-03T01:28:06.755+0600][2.117s][info][gc,phases   ] GC(1) Pause Relocate Start 0.010ms
[2026-04-03T01:28:06.756+0600][2.118s][info][gc,phases   ] GC(1) Concurrent Relocate 1.123ms
[2026-04-03T01:28:06.756+0600][2.118s][info][gc,load     ] GC(1) Load: 4.11/4.34/5.16
[2026-04-03T01:28:06.756+0600][2.118s][info][gc,mmu      ] GC(1) MMU: 2ms/99.1%, 5ms/99.5%, 10ms/99.7%, 20ms/99.8%, 50ms/99.9%, 100ms/100.0%
[2026-04-03T01:28:06.756+0600][2.118s][info][gc,marking  ] GC(1) Mark: 2 stripe(s), 2 proactive flush(es), 1 terminate flush(es), 0 completion(s), 0 continuation(s) 
[2026-04-03T01:28:06.756+0600][2.118s][info][gc,marking  ] GC(1) Mark Stack Usage: 32M
[2026-04-03T01:28:06.756+0600][2.118s][info][gc,nmethod  ] GC(1) NMethods: 1134 registered, 164 unregistered
[2026-04-03T01:28:06.756+0600][2.118s][info][gc,metaspace] GC(1) Metaspace: 12M used, 12M committed, 1088M reserved
[2026-04-03T01:28:06.756+0600][2.118s][info][gc,ref      ] GC(1) Soft: 219 encountered, 0 discovered, 0 enqueued
[2026-04-03T01:28:06.756+0600][2.118s][info][gc,ref      ] GC(1) Weak: 712 encountered, 461 discovered, 16 enqueued
[2026-04-03T01:28:06.756+0600][2.118s][info][gc,ref      ] GC(1) Final: 0 encountered, 0 discovered, 0 enqueued
[2026-04-03T01:28:06.756+0600][2.118s][info][gc,ref      ] GC(1) Phantom: 40 encountered, 18 discovered, 0 enqueued
[2026-04-03T01:28:06.756+0600][2.118s][info][gc,reloc    ] GC(1) Small Pages: 15 / 30M, Empty: 0M, Relocated: 1M, In-Place: 0
[2026-04-03T01:28:06.756+0600][2.118s][info][gc,reloc    ] GC(1) Medium Pages: 1 / 32M, Empty: 0M, Relocated: 0M, In-Place: 0
[2026-04-03T01:28:06.756+0600][2.118s][info][gc,reloc    ] GC(1) Large Pages: 0 / 0M, Empty: 0M, Relocated: 0M, In-Place: 0
[2026-04-03T01:28:06.756+0600][2.118s][info][gc,reloc    ] GC(1) Forwarding Usage: 0M
[2026-04-03T01:28:06.756+0600][2.118s][info][gc,heap     ] GC(1) Min Capacity: 8M(0%)
[2026-04-03T01:28:06.756+0600][2.118s][info][gc,heap     ] GC(1) Max Capacity: 3922M(100%)
[2026-04-03T01:28:06.756+0600][2.118s][info][gc,heap     ] GC(1) Soft Max Capacity: 3922M(100%)
[2026-04-03T01:28:06.756+0600][2.118s][info][gc,heap     ] GC(1)                Mark Start          Mark End        Relocate Start      Relocate End           High               Low         
[2026-04-03T01:28:06.756+0600][2.118s][info][gc,heap     ] GC(1)  Capacity:      430M (11%)         430M (11%)         430M (11%)         430M (11%)         430M (11%)         430M (11%)    
[2026-04-03T01:28:06.756+0600][2.118s][info][gc,heap     ] GC(1)      Free:     3860M (98%)        3860M (98%)        3860M (98%)        3880M (99%)        3880M (99%)        3858M (98%)    
[2026-04-03T01:28:06.756+0600][2.118s][info][gc,heap     ] GC(1)      Used:       62M (2%)           62M (2%)           62M (2%)           42M (1%)           64M (2%)           42M (1%)     
[2026-04-03T01:28:06.756+0600][2.118s][info][gc,heap     ] GC(1)      Live:         -                 5M (0%)            5M (0%)            5M (0%)             -                  -          
[2026-04-03T01:28:06.756+0600][2.118s][info][gc,heap     ] GC(1) Allocated:         -                 0M (0%)            0M (0%)            0M (0%)             -                  -          
[2026-04-03T01:28:06.756+0600][2.118s][info][gc,heap     ] GC(1)   Garbage:         -                56M (1%)           56M (1%)           36M (1%)             -                  -          
[2026-04-03T01:28:06.756+0600][2.118s][info][gc,heap     ] GC(1) Reclaimed:         -                  -                 0M (0%)           20M (1%)             -                  -          
[2026-04-03T01:28:06.756+0600][2.118s][info][gc          ] GC(1) Garbage Collection (System.gc()) 62M(2%)->42M(1%)
[2026-04-03T01:28:07.379+0600][2.741s][info][gc,start    ] GC(2) Garbage Collection (Metadata GC Threshold)
[2026-04-03T01:28:07.379+0600][2.741s][info][gc,task     ] GC(2) Using 3 workers
[2026-04-03T01:28:07.379+0600][2.742s][info][gc,phases   ] GC(2) Pause Mark Start 0.009ms
[2026-04-03T01:28:07.388+0600][2.750s][info][gc,phases   ] GC(2) Concurrent Mark 8.133ms
[2026-04-03T01:28:07.388+0600][2.750s][info][gc,phases   ] GC(2) Pause Mark End 0.017ms
[2026-04-03T01:28:07.388+0600][2.751s][info][gc,phases   ] GC(2) Concurrent Mark Free 0.002ms
[2026-04-03T01:28:07.390+0600][2.752s][info][gc,phases   ] GC(2) Concurrent Process Non-Strong References 1.939ms
[2026-04-03T01:28:07.390+0600][2.753s][info][gc,phases   ] GC(2) Concurrent Reset Relocation Set 0.002ms
[2026-04-03T01:28:07.393+0600][2.755s][info][gc,phases   ] GC(2) Concurrent Select Relocation Set 2.611ms
[2026-04-03T01:28:07.393+0600][2.755s][info][gc,phases   ] GC(2) Pause Relocate Start 0.011ms
[2026-04-03T01:28:07.415+0600][2.777s][info][gc,phases   ] GC(2) Concurrent Relocate 21.714ms
[2026-04-03T01:28:07.415+0600][2.777s][info][gc,load     ] GC(2) Load: 4.11/4.34/5.16
[2026-04-03T01:28:07.415+0600][2.777s][info][gc,mmu      ] GC(2) MMU: 2ms/99.1%, 5ms/99.5%, 10ms/99.7%, 20ms/99.8%, 50ms/99.9%, 100ms/100.0%
[2026-04-03T01:28:07.415+0600][2.777s][info][gc,marking  ] GC(2) Mark: 2 stripe(s), 2 proactive flush(es), 1 terminate flush(es), 0 completion(s), 0 continuation(s) 
[2026-04-03T01:28:07.415+0600][2.777s][info][gc,marking  ] GC(2) Mark Stack Usage: 32M
[2026-04-03T01:28:07.415+0600][2.777s][info][gc,nmethod  ] GC(2) NMethods: 1319 registered, 29 unregistered
[2026-04-03T01:28:07.415+0600][2.777s][info][gc,metaspace] GC(2) Metaspace: 20M used, 21M committed, 1088M reserved
[2026-04-03T01:28:07.415+0600][2.777s][info][gc,ref      ] GC(2) Soft: 272 encountered, 0 discovered, 0 enqueued
[2026-04-03T01:28:07.415+0600][2.777s][info][gc,ref      ] GC(2) Weak: 1025 encountered, 105 discovered, 92 enqueued
[2026-04-03T01:28:07.415+0600][2.777s][info][gc,ref      ] GC(2) Final: 0 encountered, 0 discovered, 0 enqueued
[2026-04-03T01:28:07.415+0600][2.777s][info][gc,ref      ] GC(2) Phantom: 58 encountered, 27 discovered, 0 enqueued
[2026-04-03T01:28:07.415+0600][2.777s][info][gc,reloc    ] GC(2) Small Pages: 51 / 102M, Empty: 0M, Relocated: 3M, In-Place: 0
[2026-04-03T01:28:07.415+0600][2.777s][info][gc,reloc    ] GC(2) Medium Pages: 2 / 64M, Empty: 0M, Relocated: 3M, In-Place: 0
[2026-04-03T01:28:07.415+0600][2.777s][info][gc,reloc    ] GC(2) Large Pages: 0 / 0M, Empty: 0M, Relocated: 0M, In-Place: 0
[2026-04-03T01:28:07.415+0600][2.777s][info][gc,reloc    ] GC(2) Forwarding Usage: 0M
[2026-04-03T01:28:07.415+0600][2.777s][info][gc,heap     ] GC(2) Min Capacity: 8M(0%)
[2026-04-03T01:28:07.415+0600][2.777s][info][gc,heap     ] GC(2) Max Capacity: 3922M(100%)
[2026-04-03T01:28:07.415+0600][2.777s][info][gc,heap     ] GC(2) Soft Max Capacity: 3922M(100%)
[2026-04-03T01:28:07.415+0600][2.777s][info][gc,heap     ] GC(2)                Mark Start          Mark End        Relocate Start      Relocate End           High               Low         
[2026-04-03T01:28:07.415+0600][2.777s][info][gc,heap     ] GC(2)  Capacity:      462M (12%)         462M (12%)         462M (12%)         526M (13%)         526M (13%)         462M (12%)    
[2026-04-03T01:28:07.415+0600][2.777s][info][gc,heap     ] GC(2)      Free:     3756M (96%)        3752M (96%)        3752M (96%)        3846M (98%)        3846M (98%)        3718M (95%)    
[2026-04-03T01:28:07.415+0600][2.777s][info][gc,heap     ] GC(2)      Used:      166M (4%)          170M (4%)          170M (4%)           76M (2%)          204M (5%)           76M (2%)     
[2026-04-03T01:28:07.415+0600][2.777s][info][gc,heap     ] GC(2)      Live:         -                10M (0%)           10M (0%)           10M (0%)             -                  -          
[2026-04-03T01:28:07.415+0600][2.777s][info][gc,heap     ] GC(2) Allocated:         -                 4M (0%)            4M (0%)           35M (1%)             -                  -          
[2026-04-03T01:28:07.415+0600][2.777s][info][gc,heap     ] GC(2)   Garbage:         -               155M (4%)          155M (4%)           29M (1%)             -                  -          
[2026-04-03T01:28:07.415+0600][2.777s][info][gc,heap     ] GC(2) Reclaimed:         -                  -                 0M (0%)          125M (3%)             -                  -          
[2026-04-03T01:28:07.415+0600][2.777s][info][gc          ] GC(2) Garbage Collection (Metadata GC Threshold) 166M(4%)->76M(2%)
[2026-04-03T01:28:08.950+0600][4.312s][info][gc,start    ] GC(3) Garbage Collection (Metadata GC Threshold)
[2026-04-03T01:28:08.950+0600][4.312s][info][gc,task     ] GC(3) Using 3 workers
[2026-04-03T01:28:08.952+0600][4.314s][info][gc,phases   ] GC(3) Pause Mark Start 0.009ms
[2026-04-03T01:28:08.978+0600][4.340s][info][gc,phases   ] GC(3) Concurrent Mark 25.622ms
[2026-04-03T01:28:08.978+0600][4.341s][info][gc,phases   ] GC(3) Pause Mark End 0.019ms
[2026-04-03T01:28:08.978+0600][4.341s][info][gc,phases   ] GC(3) Concurrent Mark Free 0.003ms
[2026-04-03T01:28:08.984+0600][4.346s][info][gc,phases   ] GC(3) Concurrent Process Non-Strong References 5.239ms
[2026-04-03T01:28:08.984+0600][4.346s][info][gc,phases   ] GC(3) Concurrent Reset Relocation Set 0.008ms
[2026-04-03T01:28:08.988+0600][4.350s][info][gc,phases   ] GC(3) Concurrent Select Relocation Set 4.191ms
[2026-04-03T01:28:08.988+0600][4.351s][info][gc,phases   ] GC(3) Pause Relocate Start 0.014ms
[2026-04-03T01:28:08.997+0600][4.360s][info][gc,phases   ] GC(3) Concurrent Relocate 9.087ms
[2026-04-03T01:28:08.998+0600][4.360s][info][gc,load     ] GC(3) Load: 4.11/4.34/5.16
[2026-04-03T01:28:08.998+0600][4.360s][info][gc,mmu      ] GC(3) MMU: 2ms/99.0%, 5ms/99.5%, 10ms/99.7%, 20ms/99.8%, 50ms/99.9%, 100ms/100.0%
[2026-04-03T01:28:08.998+0600][4.360s][info][gc,marking  ] GC(3) Mark: 2 stripe(s), 2 proactive flush(es), 1 terminate flush(es), 0 completion(s), 0 continuation(s) 
[2026-04-03T01:28:08.998+0600][4.360s][info][gc,marking  ] GC(3) Mark Stack Usage: 32M
[2026-04-03T01:28:08.998+0600][4.360s][info][gc,nmethod  ] GC(3) NMethods: 3416 registered, 361 unregistered
[2026-04-03T01:28:08.998+0600][4.360s][info][gc,metaspace] GC(3) Metaspace: 35M used, 35M committed, 1088M reserved
[2026-04-03T01:28:08.998+0600][4.360s][info][gc,ref      ] GC(3) Soft: 437 encountered, 0 discovered, 0 enqueued
[2026-04-03T01:28:08.998+0600][4.360s][info][gc,ref      ] GC(3) Weak: 2575 encountered, 1566 discovered, 482 enqueued
[2026-04-03T01:28:08.998+0600][4.360s][info][gc,ref      ] GC(3) Final: 0 encountered, 0 discovered, 0 enqueued
[2026-04-03T01:28:08.998+0600][4.360s][info][gc,ref      ] GC(3) Phantom: 78 encountered, 48 discovered, 0 enqueued
[2026-04-03T01:28:08.998+0600][4.360s][info][gc,reloc    ] GC(3) Small Pages: 87 / 174M, Empty: 0M, Relocated: 9M, In-Place: 0
[2026-04-03T01:28:08.998+0600][4.360s][info][gc,reloc    ] GC(3) Medium Pages: 2 / 64M, Empty: 0M, Relocated: 5M, In-Place: 0
[2026-04-03T01:28:08.998+0600][4.360s][info][gc,reloc    ] GC(3) Large Pages: 0 / 0M, Empty: 0M, Relocated: 0M, In-Place: 0
[2026-04-03T01:28:08.998+0600][4.360s][info][gc,reloc    ] GC(3) Forwarding Usage: 3M
[2026-04-03T01:28:08.998+0600][4.360s][info][gc,heap     ] GC(3) Min Capacity: 8M(0%)
[2026-04-03T01:28:08.998+0600][4.360s][info][gc,heap     ] GC(3) Max Capacity: 3922M(100%)
[2026-04-03T01:28:08.998+0600][4.360s][info][gc,heap     ] GC(3) Soft Max Capacity: 3922M(100%)
[2026-04-03T01:28:08.998+0600][4.360s][info][gc,heap     ] GC(3)                Mark Start          Mark End        Relocate Start      Relocate End           High               Low         
[2026-04-03T01:28:08.998+0600][4.360s][info][gc,heap     ] GC(3)  Capacity:      526M (13%)         526M (13%)         526M (13%)         526M (13%)         526M (13%)         526M (13%)    
[2026-04-03T01:28:08.998+0600][4.360s][info][gc,heap     ] GC(3)      Free:     3684M (94%)        3682M (94%)        3682M (94%)        3816M (97%)        3816M (97%)        3642M (93%)    
[2026-04-03T01:28:08.998+0600][4.360s][info][gc,heap     ] GC(3)      Used:      238M (6%)          240M (6%)          240M (6%)          106M (3%)          280M (7%)          106M (3%)     
[2026-04-03T01:28:08.998+0600][4.360s][info][gc,heap     ] GC(3)      Live:         -                28M (1%)           28M (1%)           28M (1%)             -                  -          
[2026-04-03T01:28:08.998+0600][4.360s][info][gc,heap     ] GC(3) Allocated:         -                 2M (0%)            2M (0%)           42M (1%)             -                  -          
[2026-04-03T01:28:08.998+0600][4.360s][info][gc,heap     ] GC(3)   Garbage:         -               209M (5%)          209M (5%)           35M (1%)             -                  -          
[2026-04-03T01:28:08.998+0600][4.360s][info][gc,heap     ] GC(3) Reclaimed:         -                  -                 0M (0%)          174M (4%)             -                  -          
[2026-04-03T01:28:08.998+0600][4.360s][info][gc          ] GC(3) Garbage Collection (Metadata GC Threshold) 238M(6%)->106M(3%)
[2026-04-03T01:28:14.764+0600][10.127s][info][gc,stats    ] === Garbage Collection Statistics =======================================================================================================================
[2026-04-03T01:28:14.765+0600][10.127s][info][gc,stats    ]                                                              Last 10s              Last 10m              Last 10h                Total
[2026-04-03T01:28:14.765+0600][10.127s][info][gc,stats    ]                                                              Avg / Max             Avg / Max             Avg / Max             Avg / Max
[2026-04-03T01:28:14.765+0600][10.127s][info][gc,stats    ]   Collector: Garbage Collection Cycle                     31.301 / 47.910       31.301 / 47.910       31.301 / 47.910       31.301 / 47.910      ms
[2026-04-03T01:28:14.765+0600][10.127s][info][gc,stats    ]  Contention: Mark Segment Reset Contention                     0 / 2                 0 / 2                 0 / 2                 0 / 2           ops/s
[2026-04-03T01:28:14.765+0600][10.127s][info][gc,stats    ]  Contention: Mark SeqNum Reset Contention                      0 / 0                 0 / 0                 0 / 0                 0 / 0           ops/s
[2026-04-03T01:28:14.765+0600][10.127s][info][gc,stats    ]    Critical: Allocation Stall                                  0 / 0                 0 / 0                 0 / 0                 0 / 0           ops/s
[2026-04-03T01:28:14.765+0600][10.127s][info][gc,stats    ]    Critical: Allocation Stall                              0.000 / 0.000         0.000 / 0.000         0.000 / 0.000         0.000 / 0.000       ms
[2026-04-03T01:28:14.765+0600][10.127s][info][gc,stats    ]    Critical: GC Locker Stall                                   0 / 1                 0 / 1                 0 / 1                 0 / 1           ops/s
[2026-04-03T01:28:14.765+0600][10.127s][info][gc,stats    ]    Critical: GC Locker Stall                               0.023 / 0.023         0.023 / 0.023         0.023 / 0.023         0.023 / 0.023       ms
[2026-04-03T01:28:14.765+0600][10.127s][info][gc,stats    ]    Critical: Relocation Stall                                  0 / 0                 0 / 0                 0 / 0                 0 / 0           ops/s
[2026-04-03T01:28:14.765+0600][10.127s][info][gc,stats    ]    Critical: Relocation Stall                              0.000 / 0.000         0.000 / 0.000         0.000 / 0.000         0.000 / 0.000       ms
[2026-04-03T01:28:14.765+0600][10.127s][info][gc,stats    ]      Memory: Allocation Rate                                  97 / 232              97 / 232              97 / 232              97 / 232         MB/s
[2026-04-03T01:28:14.765+0600][10.127s][info][gc,stats    ]      Memory: Defragment                                        0 / 0                 0 / 0                 0 / 0                 0 / 0           ops/s
[2026-04-03T01:28:14.765+0600][10.127s][info][gc,stats    ]      Memory: Out Of Memory                                     0 / 0                 0 / 0                 0 / 0                 0 / 0           ops/s
[2026-04-03T01:28:14.765+0600][10.127s][info][gc,stats    ]      Memory: Page Cache Flush                                  0 / 0                 0 / 0                 0 / 0                 0 / 0           MB/s
[2026-04-03T01:28:14.765+0600][10.127s][info][gc,stats    ]      Memory: Page Cache Hit L1                                24 / 72               24 / 72               24 / 72               24 / 72          ops/s
[2026-04-03T01:28:14.765+0600][10.127s][info][gc,stats    ]      Memory: Page Cache Hit L2                                 0 / 0                 0 / 0                 0 / 0                 0 / 0           ops/s
[2026-04-03T01:28:14.765+0600][10.127s][info][gc,stats    ]      Memory: Page Cache Hit L3                                12 / 118              12 / 118              12 / 118              12 / 118         ops/s
[2026-04-03T01:28:14.765+0600][10.127s][info][gc,stats    ]      Memory: Page Cache Miss                                   8 / 77                8 / 77                8 / 77                8 / 77          ops/s
[2026-04-03T01:28:14.765+0600][10.127s][info][gc,stats    ]      Memory: Uncommit                                          0 / 0                 0 / 0                 0 / 0                 0 / 0           MB/s
[2026-04-03T01:28:14.765+0600][10.127s][info][gc,stats    ]      Memory: Undo Object Allocation Failed                     0 / 0                 0 / 0                 0 / 0                 0 / 0           ops/s
[2026-04-03T01:28:14.765+0600][10.127s][info][gc,stats    ]      Memory: Undo Object Allocation Succeeded                  0 / 2                 0 / 2                 0 / 2                 0 / 2           ops/s
[2026-04-03T01:28:14.765+0600][10.127s][info][gc,stats    ]      Memory: Undo Page Allocation                              0 / 0                 0 / 0                 0 / 0                 0 / 0           ops/s
[2026-04-03T01:28:14.765+0600][10.127s][info][gc,stats    ]       Phase: Concurrent Mark                              12.767 / 25.622       12.767 / 25.622       12.767 / 25.622       12.767 / 25.622      ms
[2026-04-03T01:28:14.765+0600][10.127s][info][gc,stats    ]       Phase: Concurrent Mark Continue                      0.000 / 0.000         0.000 / 0.000         0.000 / 0.000         0.000 / 0.000       ms
[2026-04-03T01:28:14.765+0600][10.127s][info][gc,stats    ]       Phase: Concurrent Mark Free                          0.002 / 0.003         0.002 / 0.003         0.002 / 0.003         0.002 / 0.003       ms
[2026-04-03T01:28:14.765+0600][10.127s][info][gc,stats    ]       Phase: Concurrent Process Non-Strong References      2.708 / 5.239         2.708 / 5.239         2.708 / 5.239         2.708 / 5.239       ms
[2026-04-03T01:28:14.765+0600][10.127s][info][gc,stats    ]       Phase: Concurrent Relocate                           9.613 / 21.714        9.613 / 21.714        9.613 / 21.714        9.613 / 21.714      ms
[2026-04-03T01:28:14.765+0600][10.127s][info][gc,stats    ]       Phase: Concurrent Reset Relocation Set               0.007 / 0.016         0.007 / 0.016         0.007 / 0.016         0.007 / 0.016       ms
[2026-04-03T01:28:14.765+0600][10.127s][info][gc,stats    ]       Phase: Concurrent Select Relocation Set              4.373 / 8.307         4.373 / 8.307         4.373 / 8.307         4.373 / 8.307       ms
[2026-04-03T01:28:14.765+0600][10.127s][info][gc,stats    ]       Phase: Pause Mark End                                0.018 / 0.019         0.018 / 0.019         0.018 / 0.019         0.018 / 0.019       ms
[2026-04-03T01:28:14.765+0600][10.127s][info][gc,stats    ]       Phase: Pause Mark Start                              0.010 / 0.012         0.010 / 0.012         0.010 / 0.012         0.010 / 0.012       ms
[2026-04-03T01:28:14.765+0600][10.127s][info][gc,stats    ]       Phase: Pause Relocate Start                          0.011 / 0.014         0.011 / 0.014         0.011 / 0.014         0.011 / 0.014       ms
[2026-04-03T01:28:14.765+0600][10.127s][info][gc,stats    ]    Subphase: Concurrent Classes Purge                      0.230 / 0.493         0.230 / 0.493         0.230 / 0.493         0.230 / 0.493       ms
[2026-04-03T01:28:14.765+0600][10.127s][info][gc,stats    ]    Subphase: Concurrent Classes Unlink                     1.662 / 3.450         1.662 / 3.450         1.662 / 3.450         1.662 / 3.450       ms
[2026-04-03T01:28:14.765+0600][10.127s][info][gc,stats    ]    Subphase: Concurrent Mark                              11.459 / 24.124       11.459 / 24.124       11.459 / 24.124       11.459 / 24.124      ms
[2026-04-03T01:28:14.765+0600][10.127s][info][gc,stats    ]    Subphase: Concurrent Mark Try Flush                     0.152 / 0.497         0.152 / 0.497         0.152 / 0.497         0.152 / 0.497       ms
[2026-04-03T01:28:14.765+0600][10.127s][info][gc,stats    ]    Subphase: Concurrent Mark Try Terminate                 0.613 / 1.203         0.613 / 1.203         0.613 / 1.203         0.613 / 1.203       ms
[2026-04-03T01:28:14.765+0600][10.127s][info][gc,stats    ]    Subphase: Concurrent References Enqueue                 0.006 / 0.007         0.006 / 0.007         0.006 / 0.007         0.006 / 0.007       ms
[2026-04-03T01:28:14.765+0600][10.127s][info][gc,stats    ]    Subphase: Concurrent References Process                 0.177 / 0.355         0.177 / 0.355         0.177 / 0.355         0.177 / 0.355       ms
[2026-04-03T01:28:14.765+0600][10.127s][info][gc,stats    ]    Subphase: Concurrent Roots ClassLoaderDataGraph         0.140 / 0.452         0.140 / 0.452         0.140 / 0.452         0.140 / 0.452       ms
[2026-04-03T01:28:14.765+0600][10.127s][info][gc,stats    ]    Subphase: Concurrent Roots CodeCache                    0.000 / 0.000         0.000 / 0.000         0.000 / 0.000         0.000 / 0.000       ms
[2026-04-03T01:28:14.765+0600][10.127s][info][gc,stats    ]    Subphase: Concurrent Roots JavaThreads                  0.267 / 1.091         0.267 / 1.091         0.267 / 1.091         0.267 / 1.091       ms
[2026-04-03T01:28:14.765+0600][10.127s][info][gc,stats    ]    Subphase: Concurrent Roots OopStorageSet                0.051 / 0.108         0.051 / 0.108         0.051 / 0.108         0.051 / 0.108       ms
[2026-04-03T01:28:14.765+0600][10.127s][info][gc,stats    ]    Subphase: Concurrent Weak Roots OopStorageSet           0.320 / 0.601         0.320 / 0.601         0.320 / 0.601         0.320 / 0.601       ms
[2026-04-03T01:28:14.765+0600][10.127s][info][gc,stats    ]    Subphase: Pause Mark Try Complete                       0.000 / 0.000         0.000 / 0.000         0.000 / 0.000         0.000 / 0.000       ms
[2026-04-03T01:28:14.765+0600][10.127s][info][gc,stats    ]      System: Java Threads                                     11 / 12               11 / 12               11 / 12               11 / 12          threads
[2026-04-03T01:28:14.765+0600][10.127s][info][gc,stats    ] =========================================================================================================================================================
[2026-04-03T01:28:15.814+0600][11.176s][info][gc,start    ] GC(4) Garbage Collection (CodeCache GC Threshold)
[2026-04-03T01:28:15.814+0600][11.176s][info][gc,task     ] GC(4) Using 3 workers
[2026-04-03T01:28:15.814+0600][11.177s][info][gc,phases   ] GC(4) Pause Mark Start 0.010ms
[2026-04-03T01:28:15.923+0600][11.285s][info][gc,phases   ] GC(4) Concurrent Mark 108.123ms
[2026-04-03T01:28:15.923+0600][11.285s][info][gc,phases   ] GC(4) Pause Mark End 0.032ms
[2026-04-03T01:28:15.923+0600][11.286s][info][gc,phases   ] GC(4) Concurrent Mark Free 0.005ms
[2026-04-03T01:28:15.956+0600][11.319s][info][gc,phases   ] GC(4) Concurrent Process Non-Strong References 33.038ms
[2026-04-03T01:28:15.956+0600][11.319s][info][gc,phases   ] GC(4) Concurrent Reset Relocation Set 0.011ms
[2026-04-03T01:28:15.966+0600][11.328s][info][gc,phases   ] GC(4) Concurrent Select Relocation Set 9.157ms
[2026-04-03T01:28:15.966+0600][11.328s][info][gc,phases   ] GC(4) Pause Relocate Start 0.019ms
[2026-04-03T01:28:15.999+0600][11.362s][info][gc,phases   ] GC(4) Concurrent Relocate 33.278ms
[2026-04-03T01:28:16.000+0600][11.362s][info][gc,load     ] GC(4) Load: 3.87/4.28/5.13
[2026-04-03T01:28:16.000+0600][11.362s][info][gc,mmu      ] GC(4) MMU: 2ms/98.4%, 5ms/99.4%, 10ms/99.7%, 20ms/99.8%, 50ms/99.9%, 100ms/99.9%
[2026-04-03T01:28:16.000+0600][11.362s][info][gc,marking  ] GC(4) Mark: 2 stripe(s), 4 proactive flush(es), 1 terminate flush(es), 0 completion(s), 0 continuation(s) 
[2026-04-03T01:28:16.000+0600][11.362s][info][gc,marking  ] GC(4) Mark Stack Usage: 32M
[2026-04-03T01:28:16.000+0600][11.362s][info][gc,nmethod  ] GC(4) NMethods: 9113 registered, 1426 unregistered
[2026-04-03T01:28:16.000+0600][11.362s][info][gc,metaspace] GC(4) Metaspace: 48M used, 49M committed, 1088M reserved
[2026-04-03T01:28:16.000+0600][11.362s][info][gc,ref      ] GC(4) Soft: 605 encountered, 0 discovered, 0 enqueued
[2026-04-03T01:28:16.000+0600][11.362s][info][gc,ref      ] GC(4) Weak: 44517 encountered, 25752 discovered, 19491 enqueued
[2026-04-03T01:28:16.000+0600][11.362s][info][gc,ref      ] GC(4) Final: 0 encountered, 0 discovered, 0 enqueued
[2026-04-03T01:28:16.000+0600][11.362s][info][gc,ref      ] GC(4) Phantom: 82 encountered, 52 discovered, 0 enqueued
[2026-04-03T01:28:16.000+0600][11.362s][info][gc,reloc    ] GC(4) Small Pages: 132 / 264M, Empty: 2M, Relocated: 31M, In-Place: 0
[2026-04-03T01:28:16.000+0600][11.362s][info][gc,reloc    ] GC(4) Medium Pages: 2 / 64M, Empty: 0M, Relocated: 5M, In-Place: 0
[2026-04-03T01:28:16.000+0600][11.362s][info][gc,reloc    ] GC(4) Large Pages: 0 / 0M, Empty: 0M, Relocated: 0M, In-Place: 0
[2026-04-03T01:28:16.000+0600][11.362s][info][gc,reloc    ] GC(4) Forwarding Usage: 11M
[2026-04-03T01:28:16.000+0600][11.362s][info][gc,heap     ] GC(4) Min Capacity: 8M(0%)
[2026-04-03T01:28:16.000+0600][11.362s][info][gc,heap     ] GC(4) Max Capacity: 3922M(100%)
[2026-04-03T01:28:16.000+0600][11.362s][info][gc,heap     ] GC(4) Soft Max Capacity: 3922M(100%)
[2026-04-03T01:28:16.000+0600][11.362s][info][gc,heap     ] GC(4)                Mark Start          Mark End        Relocate Start      Relocate End           High               Low         
[2026-04-03T01:28:16.000+0600][11.362s][info][gc,heap     ] GC(4)  Capacity:      526M (13%)         526M (13%)         526M (13%)         526M (13%)         526M (13%)         526M (13%)    
[2026-04-03T01:28:16.000+0600][11.362s][info][gc,heap     ] GC(4)      Free:     3594M (92%)        3590M (92%)        3588M (91%)        3824M (98%)        3824M (98%)        3554M (91%)    
[2026-04-03T01:28:16.000+0600][11.362s][info][gc,heap     ] GC(4)      Used:      328M (8%)          332M (8%)          334M (9%)           98M (2%)          368M (9%)           98M (2%)     
[2026-04-03T01:28:16.000+0600][11.362s][info][gc,heap     ] GC(4)      Live:         -                56M (1%)           56M (1%)           56M (1%)             -                  -          
[2026-04-03T01:28:16.000+0600][11.362s][info][gc,heap     ] GC(4) Allocated:         -                 4M (0%)            8M (0%)            9M (0%)             -                  -          
[2026-04-03T01:28:16.000+0600][11.362s][info][gc,heap     ] GC(4)   Garbage:         -               271M (7%)          269M (7%)           31M (1%)             -                  -          
[2026-04-03T01:28:16.000+0600][11.362s][info][gc,heap     ] GC(4) Reclaimed:         -                  -                 2M (0%)          239M (6%)             -                  -          
[2026-04-03T01:28:16.000+0600][11.362s][info][gc          ] GC(4) Garbage Collection (CodeCache GC Threshold) 328M(8%)->98M(2%)
[2026-04-03T01:28:21.204+0600][16.567s][info][gc,start    ] GC(5) Garbage Collection (System.gc())
[2026-04-03T01:28:21.204+0600][16.567s][info][gc,task     ] GC(5) Using 3 workers
[2026-04-03T01:28:21.205+0600][16.567s][info][gc,phases   ] GC(5) Pause Mark Start 0.010ms
[2026-04-03T01:28:21.235+0600][16.597s][info][gc,phases   ] GC(5) Concurrent Mark 30.309ms
[2026-04-03T01:28:21.235+0600][16.598s][info][gc,phases   ] GC(5) Pause Mark End 0.018ms
[2026-04-03T01:28:21.235+0600][16.598s][info][gc,phases   ] GC(5) Concurrent Mark Free 0.001ms
[2026-04-03T01:28:21.254+0600][16.616s][info][gc,phases   ] GC(5) Concurrent Process Non-Strong References 18.339ms
[2026-04-03T01:28:21.254+0600][16.616s][info][gc,phases   ] GC(5) Concurrent Reset Relocation Set 0.021ms
[2026-04-03T01:28:21.257+0600][16.620s][info][gc,phases   ] GC(5) Concurrent Select Relocation Set 3.361ms
[2026-04-03T01:28:21.257+0600][16.620s][info][gc,phases   ] GC(5) Pause Relocate Start 0.012ms
[2026-04-03T01:28:21.265+0600][16.628s][info][gc,phases   ] GC(5) Concurrent Relocate 7.674ms
[2026-04-03T01:28:21.265+0600][16.628s][info][gc,load     ] GC(5) Load: 3.88/4.28/5.13
[2026-04-03T01:28:21.265+0600][16.628s][info][gc,mmu      ] GC(5) MMU: 2ms/98.4%, 5ms/99.4%, 10ms/99.7%, 20ms/99.8%, 50ms/99.9%, 100ms/99.9%
[2026-04-03T01:28:21.265+0600][16.628s][info][gc,marking  ] GC(5) Mark: 2 stripe(s), 3 proactive flush(es), 1 terminate flush(es), 0 completion(s), 0 continuation(s) 
[2026-04-03T01:28:21.265+0600][16.628s][info][gc,marking  ] GC(5) Mark Stack Usage: 32M
[2026-04-03T01:28:21.265+0600][16.628s][info][gc,nmethod  ] GC(5) NMethods: 11719 registered, 1267 unregistered
[2026-04-03T01:28:21.265+0600][16.628s][info][gc,metaspace] GC(5) Metaspace: 57M used, 57M committed, 1088M reserved
[2026-04-03T01:28:21.265+0600][16.628s][info][gc,ref      ] GC(5) Soft: 647 encountered, 0 discovered, 0 enqueued
[2026-04-03T01:28:21.265+0600][16.628s][info][gc,ref      ] GC(5) Weak: 6102 encountered, 2069 discovered, 655 enqueued
[2026-04-03T01:28:21.265+0600][16.628s][info][gc,ref      ] GC(5) Final: 0 encountered, 0 discovered, 0 enqueued
[2026-04-03T01:28:21.265+0600][16.628s][info][gc,ref      ] GC(5) Phantom: 82 encountered, 63 discovered, 0 enqueued
[2026-04-03T01:28:21.265+0600][16.628s][info][gc,reloc    ] GC(5) Small Pages: 135 / 270M, Empty: 10M, Relocated: 13M, In-Place: 0
[2026-04-03T01:28:21.265+0600][16.628s][info][gc,reloc    ] GC(5) Medium Pages: 1 / 32M, Empty: 0M, Relocated: 0M, In-Place: 0
[2026-04-03T01:28:21.265+0600][16.628s][info][gc,reloc    ] GC(5) Large Pages: 0 / 0M, Empty: 0M, Relocated: 0M, In-Place: 0
[2026-04-03T01:28:21.265+0600][16.628s][info][gc,reloc    ] GC(5) Forwarding Usage: 6M
[2026-04-03T01:28:21.265+0600][16.628s][info][gc,heap     ] GC(5) Min Capacity: 8M(0%)
[2026-04-03T01:28:21.265+0600][16.628s][info][gc,heap     ] GC(5) Max Capacity: 3922M(100%)
[2026-04-03T01:28:21.265+0600][16.628s][info][gc,heap     ] GC(5) Soft Max Capacity: 3922M(100%)
[2026-04-03T01:28:21.265+0600][16.628s][info][gc,heap     ] GC(5)                Mark Start          Mark End        Relocate Start      Relocate End           High               Low         
[2026-04-03T01:28:21.266+0600][16.628s][info][gc,heap     ] GC(5)  Capacity:      526M (13%)         526M (13%)         526M (13%)         526M (13%)         526M (13%)         526M (13%)    
[2026-04-03T01:28:21.266+0600][16.628s][info][gc,heap     ] GC(5)      Free:     3620M (92%)        3620M (92%)        3630M (93%)        3858M (98%)        3858M (98%)        3620M (92%)    
[2026-04-03T01:28:21.266+0600][16.628s][info][gc,heap     ] GC(5)      Used:      302M (8%)          302M (8%)          292M (7%)           64M (2%)          302M (8%)           64M (2%)     
[2026-04-03T01:28:21.266+0600][16.628s][info][gc,heap     ] GC(5)      Live:         -                29M (1%)           29M (1%)           29M (1%)             -                  -          
[2026-04-03T01:28:21.266+0600][16.628s][info][gc,heap     ] GC(5) Allocated:         -                 0M (0%)            0M (0%)            0M (0%)             -                  -          
[2026-04-03T01:28:21.266+0600][16.628s][info][gc,heap     ] GC(5)   Garbage:         -               272M (7%)          262M (7%)           34M (1%)             -                  -          
[2026-04-03T01:28:21.266+0600][16.628s][info][gc,heap     ] GC(5) Reclaimed:         -                  -                10M (0%)          238M (6%)             -                  -          
[2026-04-03T01:28:21.266+0600][16.628s][info][gc          ] GC(5) Garbage Collection (System.gc()) 302M(8%)->64M(2%)
[2026-04-03T01:28:24.765+0600][20.127s][info][gc,stats    ] === Garbage Collection Statistics =======================================================================================================================
[2026-04-03T01:28:24.765+0600][20.127s][info][gc,stats    ]                                                              Last 10s              Last 10m              Last 10h                Total
[2026-04-03T01:28:24.765+0600][20.127s][info][gc,stats    ]                                                              Avg / Max             Avg / Max             Avg / Max             Avg / Max
[2026-04-03T01:28:24.765+0600][20.127s][info][gc,stats    ]   Collector: Garbage Collection Cycle                    123.297 / 185.596      61.967 / 185.596      61.967 / 185.596      61.967 / 185.596     ms
[2026-04-03T01:28:24.765+0600][20.127s][info][gc,stats    ]  Contention: Mark Segment Reset Contention                     0 / 1                 0 / 2                 0 / 2                 0 / 2           ops/s
[2026-04-03T01:28:24.765+0600][20.127s][info][gc,stats    ]  Contention: Mark SeqNum Reset Contention                      0 / 0                 0 / 0                 0 / 0                 0 / 0           ops/s
[2026-04-03T01:28:24.765+0600][20.127s][info][gc,stats    ]    Critical: Allocation Stall                                  0 / 0                 0 / 0                 0 / 0                 0 / 0           ops/s
[2026-04-03T01:28:24.765+0600][20.127s][info][gc,stats    ]    Critical: Allocation Stall                              0.000 / 0.000         0.000 / 0.000         0.000 / 0.000         0.000 / 0.000       ms
[2026-04-03T01:28:24.765+0600][20.127s][info][gc,stats    ]    Critical: GC Locker Stall                                   0 / 0                 0 / 1                 0 / 1                 0 / 1           ops/s
[2026-04-03T01:28:24.765+0600][20.127s][info][gc,stats    ]    Critical: GC Locker Stall                               0.000 / 0.000         0.023 / 0.023         0.023 / 0.023         0.023 / 0.023       ms
[2026-04-03T01:28:24.765+0600][20.127s][info][gc,stats    ]    Critical: Relocation Stall                                  0 / 0                 0 / 0                 0 / 0                 0 / 0           ops/s
[2026-04-03T01:28:24.765+0600][20.127s][info][gc,stats    ]    Critical: Relocation Stall                              0.000 / 0.000         0.000 / 0.000         0.000 / 0.000         0.000 / 0.000       ms
[2026-04-03T01:28:24.765+0600][20.127s][info][gc,stats    ]      Memory: Allocation Rate                                  52 / 84               74 / 232              74 / 232              74 / 232         MB/s
[2026-04-03T01:28:24.765+0600][20.127s][info][gc,stats    ]      Memory: Defragment                                        0 / 0                 0 / 0                 0 / 0                 0 / 0           ops/s
[2026-04-03T01:28:24.765+0600][20.127s][info][gc,stats    ]      Memory: Out Of Memory                                     0 / 0                 0 / 0                 0 / 0                 0 / 0           ops/s
[2026-04-03T01:28:24.765+0600][20.127s][info][gc,stats    ]      Memory: Page Cache Flush                                  0 / 0                 0 / 0                 0 / 0                 0 / 0           MB/s
[2026-04-03T01:28:24.765+0600][20.127s][info][gc,stats    ]      Memory: Page Cache Hit L1                                27 / 42               25 / 72               25 / 72               25 / 72          ops/s
[2026-04-03T01:28:24.765+0600][20.127s][info][gc,stats    ]      Memory: Page Cache Hit L2                                 0 / 0                 0 / 0                 0 / 0                 0 / 0           ops/s
[2026-04-03T01:28:24.765+0600][20.127s][info][gc,stats    ]      Memory: Page Cache Hit L3                                 0 / 0                 6 / 118               6 / 118               6 / 118         ops/s
[2026-04-03T01:28:24.765+0600][20.127s][info][gc,stats    ]      Memory: Page Cache Miss                                   0 / 0                 4 / 77                4 / 77                4 / 77          ops/s
[2026-04-03T01:28:24.765+0600][20.127s][info][gc,stats    ]      Memory: Uncommit                                          0 / 0                 0 / 0                 0 / 0                 0 / 0           MB/s
[2026-04-03T01:28:24.765+0600][20.127s][info][gc,stats    ]      Memory: Undo Object Allocation Failed                     0 / 0                 0 / 0                 0 / 0                 0 / 0           ops/s
[2026-04-03T01:28:24.765+0600][20.127s][info][gc,stats    ]      Memory: Undo Object Allocation Succeeded                  0 / 1                 0 / 2                 0 / 2                 0 / 2           ops/s
[2026-04-03T01:28:24.765+0600][20.127s][info][gc,stats    ]      Memory: Undo Page Allocation                              0 / 0                 0 / 0                 0 / 0                 0 / 0           ops/s
[2026-04-03T01:28:24.765+0600][20.127s][info][gc,stats    ]       Phase: Concurrent Mark                              69.216 / 108.123      31.583 / 108.123      31.583 / 108.123      31.583 / 108.123     ms
[2026-04-03T01:28:24.765+0600][20.127s][info][gc,stats    ]       Phase: Concurrent Mark Continue                      0.000 / 0.000         0.000 / 0.000         0.000 / 0.000         0.000 / 0.000       ms
[2026-04-03T01:28:24.765+0600][20.127s][info][gc,stats    ]       Phase: Concurrent Mark Free                          0.003 / 0.005         0.002 / 0.005         0.002 / 0.005         0.002 / 0.005       ms
[2026-04-03T01:28:24.765+0600][20.127s][info][gc,stats    ]       Phase: Concurrent Process Non-Strong References     25.689 / 33.038       10.368 / 33.038       10.368 / 33.038       10.368 / 33.038      ms
[2026-04-03T01:28:24.765+0600][20.127s][info][gc,stats    ]       Phase: Concurrent Relocate                          20.476 / 33.278       13.234 / 33.278       13.234 / 33.278       13.234 / 33.278      ms
[2026-04-03T01:28:24.765+0600][20.127s][info][gc,stats    ]       Phase: Concurrent Reset Relocation Set               0.016 / 0.021         0.010 / 0.021         0.010 / 0.021         0.010 / 0.021       ms
[2026-04-03T01:28:24.765+0600][20.127s][info][gc,stats    ]       Phase: Concurrent Select Relocation Set              6.259 / 9.157         5.002 / 9.157         5.002 / 9.157         5.002 / 9.157       ms
[2026-04-03T01:28:24.765+0600][20.127s][info][gc,stats    ]       Phase: Pause Mark End                                0.025 / 0.032         0.020 / 0.032         0.020 / 0.032         0.020 / 0.032       ms
[2026-04-03T01:28:24.765+0600][20.127s][info][gc,stats    ]       Phase: Pause Mark Start                              0.010 / 0.010         0.010 / 0.012         0.010 / 0.012         0.010 / 0.012       ms
[2026-04-03T01:28:24.765+0600][20.127s][info][gc,stats    ]       Phase: Pause Relocate Start                          0.016 / 0.019         0.013 / 0.019         0.013 / 0.019         0.013 / 0.019       ms
[2026-04-03T01:28:24.765+0600][20.127s][info][gc,stats    ]    Subphase: Concurrent Classes Purge                      3.111 / 4.310         1.190 / 4.310         1.190 / 4.310         1.190 / 4.310       ms
[2026-04-03T01:28:24.765+0600][20.127s][info][gc,stats    ]    Subphase: Concurrent Classes Unlink                    18.955 / 23.150        7.426 / 23.150        7.426 / 23.150        7.426 / 23.150      ms
[2026-04-03T01:28:24.765+0600][20.127s][info][gc,stats    ]    Subphase: Concurrent Mark                              68.284 / 107.427      30.401 / 107.427      30.401 / 107.427      30.401 / 107.427     ms
[2026-04-03T01:28:24.765+0600][20.127s][info][gc,stats    ]    Subphase: Concurrent Mark Try Flush                     0.170 / 0.288         0.160 / 0.497         0.160 / 0.497         0.160 / 0.497       ms
[2026-04-03T01:28:24.765+0600][20.127s][info][gc,stats    ]    Subphase: Concurrent Mark Try Terminate                 0.767 / 1.172         0.676 / 1.203         0.676 / 1.203         0.676 / 1.203       ms
[2026-04-03T01:28:24.765+0600][20.127s][info][gc,stats    ]    Subphase: Concurrent References Enqueue                 0.005 / 0.006         0.005 / 0.007         0.005 / 0.007         0.005 / 0.007       ms
[2026-04-03T01:28:24.765+0600][20.127s][info][gc,stats    ]    Subphase: Concurrent References Process                 2.267 / 4.099         0.874 / 4.099         0.874 / 4.099         0.874 / 4.099       ms
[2026-04-03T01:28:24.765+0600][20.127s][info][gc,stats    ]    Subphase: Concurrent Roots ClassLoaderDataGraph         0.148 / 0.362         0.142 / 0.452         0.142 / 0.452         0.142 / 0.452       ms
[2026-04-03T01:28:24.765+0600][20.127s][info][gc,stats    ]    Subphase: Concurrent Roots CodeCache                    0.000 / 0.000         0.000 / 0.000         0.000 / 0.000         0.000 / 0.000       ms
[2026-04-03T01:28:24.765+0600][20.127s][info][gc,stats    ]    Subphase: Concurrent Roots JavaThreads                  0.167 / 0.384         0.236 / 1.091         0.236 / 1.091         0.236 / 1.091       ms
[2026-04-03T01:28:24.765+0600][20.127s][info][gc,stats    ]    Subphase: Concurrent Roots OopStorageSet                0.034 / 0.079         0.044 / 0.108         0.044 / 0.108         0.044 / 0.108       ms
[2026-04-03T01:28:24.765+0600][20.127s][info][gc,stats    ]    Subphase: Concurrent Weak Roots OopStorageSet           0.801 / 1.025         0.480 / 1.025         0.480 / 1.025         0.480 / 1.025       ms
[2026-04-03T01:28:24.765+0600][20.127s][info][gc,stats    ]    Subphase: Pause Mark Try Complete                       0.000 / 0.000         0.000 / 0.000         0.000 / 0.000         0.000 / 0.000       ms
[2026-04-03T01:28:24.765+0600][20.128s][info][gc,stats    ]      System: Java Threads                                     11 / 12               11 / 12               11 / 12               11 / 12          threads
[2026-04-03T01:28:24.765+0600][20.128s][info][gc,stats    ] =========================================================================================================================================================
[2026-04-03T01:28:26.316+0600][21.678s][info][gc,start    ] GC(6) Garbage Collection (System.gc())
[2026-04-03T01:28:26.316+0600][21.678s][info][gc,task     ] GC(6) Using 3 workers
[2026-04-03T01:28:26.316+0600][21.678s][info][gc,phases   ] GC(6) Pause Mark Start 0.010ms
[2026-04-03T01:28:26.346+0600][21.708s][info][gc,phases   ] GC(6) Concurrent Mark 29.790ms
[2026-04-03T01:28:26.346+0600][21.709s][info][gc,phases   ] GC(6) Pause Mark End 0.017ms
[2026-04-03T01:28:26.346+0600][21.709s][info][gc,phases   ] GC(6) Concurrent Mark Free 0.001ms
[2026-04-03T01:28:26.366+0600][21.728s][info][gc,phases   ] GC(6) Concurrent Process Non-Strong References 19.160ms
[2026-04-03T01:28:26.366+0600][21.728s][info][gc,phases   ] GC(6) Concurrent Reset Relocation Set 0.015ms
[2026-04-03T01:28:26.369+0600][21.731s][info][gc,phases   ] GC(6) Concurrent Select Relocation Set 3.056ms
[2026-04-03T01:28:26.369+0600][21.731s][info][gc,phases   ] GC(6) Pause Relocate Start 0.012ms
[2026-04-03T01:28:26.370+0600][21.733s][info][gc,phases   ] GC(6) Concurrent Relocate 1.240ms
[2026-04-03T01:28:26.370+0600][21.733s][info][gc,load     ] GC(6) Load: 3.89/4.27/5.12
[2026-04-03T01:28:26.370+0600][21.733s][info][gc,mmu      ] GC(6) MMU: 2ms/98.4%, 5ms/99.4%, 10ms/99.7%, 20ms/99.8%, 50ms/99.9%, 100ms/99.9%
[2026-04-03T01:28:26.370+0600][21.733s][info][gc,marking  ] GC(6) Mark: 2 stripe(s), 3 proactive flush(es), 1 terminate flush(es), 0 completion(s), 0 continuation(s) 
[2026-04-03T01:28:26.370+0600][21.733s][info][gc,marking  ] GC(6) Mark Stack Usage: 32M
[2026-04-03T01:28:26.370+0600][21.733s][info][gc,nmethod  ] GC(6) NMethods: 13515 registered, 2301 unregistered
[2026-04-03T01:28:26.370+0600][21.733s][info][gc,metaspace] GC(6) Metaspace: 58M used, 59M committed, 1088M reserved
[2026-04-03T01:28:26.370+0600][21.733s][info][gc,ref      ] GC(6) Soft: 647 encountered, 0 discovered, 0 enqueued
[2026-04-03T01:28:26.370+0600][21.733s][info][gc,ref      ] GC(6) Weak: 5413 encountered, 4967 discovered, 25 enqueued
[2026-04-03T01:28:26.370+0600][21.733s][info][gc,ref      ] GC(6) Final: 0 encountered, 0 discovered, 0 enqueued
[2026-04-03T01:28:26.370+0600][21.733s][info][gc,ref      ] GC(6) Phantom: 82 encountered, 48 discovered, 0 enqueued
[2026-04-03T01:28:26.370+0600][21.733s][info][gc,reloc    ] GC(6) Small Pages: 169 / 338M, Empty: 164M, Relocated: 1M, In-Place: 0
[2026-04-03T01:28:26.370+0600][21.733s][info][gc,reloc    ] GC(6) Medium Pages: 2 / 64M, Empty: 32M, Relocated: 0M, In-Place: 0
[2026-04-03T01:28:26.371+0600][21.733s][info][gc,reloc    ] GC(6) Large Pages: 0 / 0M, Empty: 0M, Relocated: 0M, In-Place: 0
[2026-04-03T01:28:26.371+0600][21.733s][info][gc,reloc    ] GC(6) Forwarding Usage: 0M
[2026-04-03T01:28:26.371+0600][21.733s][info][gc,heap     ] GC(6) Min Capacity: 8M(0%)
[2026-04-03T01:28:26.371+0600][21.733s][info][gc,heap     ] GC(6) Max Capacity: 3922M(100%)
[2026-04-03T01:28:26.371+0600][21.733s][info][gc,heap     ] GC(6) Soft Max Capacity: 3922M(100%)
[2026-04-03T01:28:26.371+0600][21.733s][info][gc,heap     ] GC(6)                Mark Start          Mark End        Relocate Start      Relocate End           High               Low         
[2026-04-03T01:28:26.371+0600][21.733s][info][gc,heap     ] GC(6)  Capacity:      526M (13%)         526M (13%)         526M (13%)         526M (13%)         526M (13%)         526M (13%)    
[2026-04-03T01:28:26.371+0600][21.733s][info][gc,heap     ] GC(6)      Free:     3520M (90%)        3520M (90%)        3716M (95%)        3858M (98%)        3858M (98%)        3520M (90%)    
[2026-04-03T01:28:26.371+0600][21.733s][info][gc,heap     ] GC(6)      Used:      402M (10%)         402M (10%)         206M (5%)           64M (2%)          402M (10%)          64M (2%)     
[2026-04-03T01:28:26.371+0600][21.733s][info][gc,heap     ] GC(6)      Live:         -                29M (1%)           29M (1%)           29M (1%)             -                  -          
[2026-04-03T01:28:26.371+0600][21.733s][info][gc,heap     ] GC(6) Allocated:         -                 0M (0%)            0M (0%)            0M (0%)             -                  -          
[2026-04-03T01:28:26.371+0600][21.733s][info][gc,heap     ] GC(6)   Garbage:         -               372M (9%)          176M (4%)           34M (1%)             -                  -          
[2026-04-03T01:28:26.371+0600][21.733s][info][gc,heap     ] GC(6) Reclaimed:         -                  -               196M (5%)          338M (9%)             -                  -          
[2026-04-03T01:28:26.371+0600][21.733s][info][gc          ] GC(6) Garbage Collection (System.gc()) 402M(10%)->64M(2%)
[2026-04-03T01:28:30.120+0600][25.482s][info][gc,heap,exit] Heap
[2026-04-03T01:28:30.120+0600][25.482s][info][gc,heap,exit]  ZHeap           used 414M, capacity 526M, max capacity 3922M
[2026-04-03T01:28:30.120+0600][25.482s][info][gc,heap,exit]  Metaspace       used 60885K, committed 61376K, reserved 1114112K
[2026-04-03T01:28:30.120+0600][25.482s][info][gc,heap,exit]   class space    used 6875K, committed 7104K, reserved 1048576K
