[2026-04-03T06:34:47.304+0600][0.006s][info][gc,init] Initializing The Z Garbage Collector
[2026-04-03T06:34:47.304+0600][0.006s][info][gc,init] Version: 21.0.10+7-Ubuntu-124.04 (release)
[2026-04-03T06:34:47.304+0600][0.006s][info][gc,init] NUMA Support: Disabled
[2026-04-03T06:34:47.304+0600][0.006s][info][gc,init] CPUs: 12 total, 12 available
[2026-04-03T06:34:47.304+0600][0.006s][info][gc,init] Memory: 15683M
[2026-04-03T06:34:47.304+0600][0.006s][info][gc,init] Large Page Support: Disabled
[2026-04-03T06:34:47.304+0600][0.006s][info][gc,init] Address Space Type: Contiguous/Unrestricted/Complete
[2026-04-03T06:34:47.304+0600][0.006s][info][gc,init] Address Space Size: 62752M
[2026-04-03T06:34:47.304+0600][0.006s][info][gc,init] Heap Backing File: /memfd:java_heap
[2026-04-03T06:34:47.304+0600][0.006s][info][gc,init] Heap Backing Filesystem: tmpfs (0x1021994)
[2026-04-03T06:34:47.305+0600][0.007s][info][gc,init] Min Capacity: 8M
[2026-04-03T06:34:47.305+0600][0.007s][info][gc,init] Initial Capacity: 246M
[2026-04-03T06:34:47.305+0600][0.007s][info][gc,init] Max Capacity: 3922M
[2026-04-03T06:34:47.305+0600][0.007s][info][gc,init] Soft Max Capacity: 3529M
[2026-04-03T06:34:47.305+0600][0.007s][info][gc,init] Medium Page Size: 32M
[2026-04-03T06:34:47.305+0600][0.007s][info][gc,init] Pre-touch: Disabled
[2026-04-03T06:34:47.305+0600][0.007s][info][gc,init] Available space on backing filesystem: N/A
[2026-04-03T06:34:47.306+0600][0.008s][info][gc,init] Uncommit: Enabled
[2026-04-03T06:34:47.306+0600][0.008s][info][gc,init] Uncommit Delay: 300s
[2026-04-03T06:34:47.306+0600][0.008s][info][gc,init] GC Workers for Old Generation: 3 (dynamic)
[2026-04-03T06:34:47.307+0600][0.008s][info][gc,init] GC Workers for Young Generation: 3 (dynamic)
[2026-04-03T06:34:47.408+0600][0.109s][info][gc,init] GC Workers Max: 3 (dynamic)
[2026-04-03T06:34:47.408+0600][0.110s][info][gc,init] Runtime Workers: 8
[2026-04-03T06:34:47.409+0600][0.111s][info][gc     ] Using The Z Garbage Collector
[2026-04-03T06:34:47.422+0600][0.124s][info][gc,metaspace] CDS archive(s) mapped at: [0x000072dbdb000000-0x000072dbdbc9c000-0x000072dbdbc9c000), size 13221888, SharedBaseAddress: 0x000072dbdb000000, ArchiveRelocationMode: 1.
[2026-04-03T06:34:47.422+0600][0.124s][info][gc,metaspace] Compressed class space mapped at: 0x000072dbdc000000-0x000072dc1c000000, reserved size: 1073741824
[2026-04-03T06:34:47.422+0600][0.124s][info][gc,metaspace] Narrow klass base: 0x000072dbdb000000, Narrow klass shift: 0, Narrow klass range: 0x100000000
[2026-04-03T06:34:47.917+0600][0.618s][info][gc          ] GC(0) Major Collection (System.gc())
[2026-04-03T06:34:47.917+0600][0.619s][info][gc,task     ] GC(0) Using 3 Workers for Young Generation
[2026-04-03T06:34:47.917+0600][0.619s][info][gc,task     ] GC(0) Using 3 Workers for Old Generation
[2026-04-03T06:34:47.917+0600][0.619s][info][gc,phases   ] GC(0) Y: Young Generation (Promote All)
[2026-04-03T06:34:47.917+0600][0.619s][info][gc,phases   ] GC(0) Y: Pause Mark Start 0.018ms
[2026-04-03T06:34:47.922+0600][0.623s][info][gc,phases   ] GC(0) Y: Concurrent Mark 4.377ms
[2026-04-03T06:34:47.922+0600][0.623s][info][gc,phases   ] GC(0) Y: Pause Mark End 0.015ms
[2026-04-03T06:34:47.922+0600][0.623s][info][gc,phases   ] GC(0) Y: Concurrent Mark Free 0.001ms
[2026-04-03T06:34:47.922+0600][0.624s][info][gc,phases   ] GC(0) Y: Concurrent Reset Relocation Set 0.000ms
[2026-04-03T06:34:47.931+0600][0.633s][info][gc,reloc    ] GC(0) Y: Using tenuring threshold: 0 (Promote All)
[2026-04-03T06:34:47.933+0600][0.635s][info][gc,phases   ] GC(0) Y: Concurrent Select Relocation Set 11.506ms
[2026-04-03T06:34:47.934+0600][0.635s][info][gc,phases   ] GC(0) Y: Pause Relocate Start 0.011ms
[2026-04-03T06:34:47.939+0600][0.641s][info][gc,phases   ] GC(0) Y: Concurrent Relocate 5.444ms
[2026-04-03T06:34:47.939+0600][0.641s][info][gc,alloc    ] GC(0) Y:                         Mark Start        Mark End      Relocate Start    Relocate End   
[2026-04-03T06:34:47.939+0600][0.641s][info][gc,alloc    ] GC(0) Y: Allocation Stalls:          0                0                0                0         
[2026-04-03T06:34:47.939+0600][0.641s][info][gc,load     ] GC(0) Y: Load: 3.77 (31%) / 6.13 (51%) / 4.77 (40%)
[2026-04-03T06:34:47.939+0600][0.641s][info][gc,mmu      ] GC(0) Y: MMU: 2ms/99.1%, 5ms/99.3%, 10ms/99.7%, 20ms/99.8%, 50ms/99.9%, 100ms/100.0%
[2026-04-03T06:34:47.939+0600][0.641s][info][gc,marking  ] GC(0) Y: Mark: 2 stripe(s), 2 proactive flush(es), 1 terminate flush(es), 0 completion(s), 0 continuation(s) 
[2026-04-03T06:34:47.939+0600][0.641s][info][gc,marking  ] GC(0) Y: Mark Stack Usage: 32M
[2026-04-03T06:34:47.939+0600][0.641s][info][gc,nmethod  ] GC(0) Y: NMethods: 838 registered, 0 unregistered
[2026-04-03T06:34:47.939+0600][0.641s][info][gc,metaspace] GC(0) Y: Metaspace: 2M used, 3M committed, 1088M reserved
[2026-04-03T06:34:47.939+0600][0.641s][info][gc,reloc    ] GC(0) Y:                        Candidates     Selected     In-Place         Size        Empty    Relocated 
[2026-04-03T06:34:47.939+0600][0.641s][info][gc,reloc    ] GC(0) Y: Small Pages:                   31           29            0          62M           0M           2M 
[2026-04-03T06:34:47.939+0600][0.641s][info][gc,reloc    ] GC(0) Y: Medium Pages:                   0            0            0           0M           0M           0M 
[2026-04-03T06:34:47.939+0600][0.641s][info][gc,reloc    ] GC(0) Y: Large Pages:                    0            0            0           0M           0M           0M 
[2026-04-03T06:34:47.939+0600][0.641s][info][gc,reloc    ] GC(0) Y: Forwarding Usage: 0M
[2026-04-03T06:34:47.939+0600][0.641s][info][gc,reloc    ] GC(0) Y: Age Table:
[2026-04-03T06:34:47.939+0600][0.641s][info][gc,reloc    ] GC(0) Y:                    Live             Garbage             Small              Medium             Large        
[2026-04-03T06:34:47.939+0600][0.641s][info][gc,reloc    ] GC(0) Y: Eden               3M (0%)           58M (2%)          31 / 29             0 / 0              0 / 0        
[2026-04-03T06:34:47.939+0600][0.641s][info][gc,heap     ] GC(0) Y: Min Capacity: 8M(0%)
[2026-04-03T06:34:47.939+0600][0.641s][info][gc,heap     ] GC(0) Y: Max Capacity: 3922M(100%)
[2026-04-03T06:34:47.939+0600][0.641s][info][gc,heap     ] GC(0) Y: Soft Max Capacity: 3529M(90%)
[2026-04-03T06:34:47.939+0600][0.641s][info][gc,heap     ] GC(0) Y: Heap Statistics:
[2026-04-03T06:34:47.939+0600][0.641s][info][gc,heap     ] GC(0) Y:                Mark Start          Mark End        Relocate Start      Relocate End           High               Low         
[2026-04-03T06:34:47.939+0600][0.641s][info][gc,heap     ] GC(0) Y:  Capacity:      246M (6%)          246M (6%)          246M (6%)          246M (6%)          246M (6%)          246M (6%)     
[2026-04-03T06:34:47.939+0600][0.641s][info][gc,heap     ] GC(0) Y:      Free:     3860M (98%)        3860M (98%)        3860M (98%)        3916M (100%)       3916M (100%)       3856M (98%)    
[2026-04-03T06:34:47.940+0600][0.641s][info][gc,heap     ] GC(0) Y:      Used:       62M (2%)           62M (2%)           62M (2%)            6M (0%)           66M (2%)            6M (0%)     
[2026-04-03T06:34:47.940+0600][0.641s][info][gc,heap     ] GC(0) Y: Young Generation Statistics:
[2026-04-03T06:34:47.940+0600][0.641s][info][gc,heap     ] GC(0) Y:                Mark Start          Mark End        Relocate Start      Relocate End    
[2026-04-03T06:34:47.940+0600][0.641s][info][gc,heap     ] GC(0) Y:      Used:       62M (2%)           62M (2%)           62M (2%)            0M (0%)     
[2026-04-03T06:34:47.940+0600][0.641s][info][gc,heap     ] GC(0) Y:      Live:         -                 3M (0%)            3M (0%)            0M (0%)     
[2026-04-03T06:34:47.940+0600][0.641s][info][gc,heap     ] GC(0) Y:   Garbage:         -                58M (2%)           58M (2%)            0M (0%)     
[2026-04-03T06:34:47.940+0600][0.641s][info][gc,heap     ] GC(0) Y: Allocated:         -                 0M (0%)            0M (0%)            0M (0%)     
[2026-04-03T06:34:47.940+0600][0.641s][info][gc,heap     ] GC(0) Y: Reclaimed:         -                  -                 0M (0%)           58M (2%)     
[2026-04-03T06:34:47.940+0600][0.641s][info][gc,heap     ] GC(0) Y:  Promoted:         -                  -                 0M (0%)            3M (0%)     
[2026-04-03T06:34:47.940+0600][0.641s][info][gc,heap     ] GC(0) Y: Compacted:         -                  -                  -                 0M (0%)     
[2026-04-03T06:34:47.940+0600][0.641s][info][gc,phases   ] GC(0) Y: Young Generation (Promote All) 62M(2%)->6M(0%) 0.022s
[2026-04-03T06:34:47.940+0600][0.641s][info][gc,phases   ] GC(0) Y: Young Generation (Collect Roots)
[2026-04-03T06:34:47.940+0600][0.641s][info][gc,phases   ] GC(0) Y: Pause Mark Start (Major) 0.017ms
[2026-04-03T06:34:47.943+0600][0.645s][info][gc,phases   ] GC(0) Y: Concurrent Mark 3.022ms
[2026-04-03T06:34:47.943+0600][0.645s][info][gc,phases   ] GC(0) Y: Pause Mark End 0.014ms
[2026-04-03T06:34:47.943+0600][0.645s][info][gc,phases   ] GC(0) Y: Concurrent Mark Free 0.177ms
[2026-04-03T06:34:47.943+0600][0.645s][info][gc,phases   ] GC(0) Y: Concurrent Reset Relocation Set 0.006ms
[2026-04-03T06:34:47.946+0600][0.648s][info][gc,reloc    ] GC(0) Y: Using tenuring threshold: 0 (Computed)
[2026-04-03T06:34:47.946+0600][0.648s][info][gc,phases   ] GC(0) Y: Concurrent Select Relocation Set 2.803ms
[2026-04-03T06:34:47.946+0600][0.648s][info][gc,phases   ] GC(0) Y: Pause Relocate Start 0.010ms
[2026-04-03T06:34:47.947+0600][0.648s][info][gc,phases   ] GC(0) Y: Concurrent Relocate 0.067ms
[2026-04-03T06:34:47.947+0600][0.648s][info][gc,alloc    ] GC(0) Y:                         Mark Start        Mark End      Relocate Start    Relocate End   
[2026-04-03T06:34:47.947+0600][0.648s][info][gc,alloc    ] GC(0) Y: Allocation Stalls:          0                0                0                0         
[2026-04-03T06:34:47.947+0600][0.648s][info][gc,load     ] GC(0) Y: Load: 3.77 (31%) / 6.13 (51%) / 4.77 (40%)
[2026-04-03T06:34:47.947+0600][0.648s][info][gc,mmu      ] GC(0) Y: MMU: 2ms/99.1%, 5ms/99.3%, 10ms/99.6%, 20ms/99.7%, 50ms/99.8%, 100ms/99.9%
[2026-04-03T06:34:47.947+0600][0.648s][info][gc,marking  ] GC(0) Y: Mark: 2 stripe(s), 1 proactive flush(es), 1 terminate flush(es), 0 completion(s), 0 continuation(s) 
[2026-04-03T06:34:47.947+0600][0.648s][info][gc,marking  ] GC(0) Y: Mark Stack Usage: 0M
[2026-04-03T06:34:47.947+0600][0.648s][info][gc,nmethod  ] GC(0) Y: NMethods: 838 registered, 0 unregistered
[2026-04-03T06:34:47.947+0600][0.648s][info][gc,metaspace] GC(0) Y: Metaspace: 2M used, 3M committed, 1088M reserved
[2026-04-03T06:34:47.947+0600][0.648s][info][gc,heap     ] GC(0) Y: Min Capacity: 8M(0%)
[2026-04-03T06:34:47.947+0600][0.648s][info][gc,heap     ] GC(0) Y: Max Capacity: 3922M(100%)
[2026-04-03T06:34:47.947+0600][0.648s][info][gc,heap     ] GC(0) Y: Soft Max Capacity: 3529M(90%)
[2026-04-03T06:34:47.947+0600][0.648s][info][gc,heap     ] GC(0) Y: Heap Statistics:
[2026-04-03T06:34:47.947+0600][0.648s][info][gc,heap     ] GC(0) Y:                Mark Start          Mark End        Relocate Start      Relocate End           High               Low         
[2026-04-03T06:34:47.947+0600][0.648s][info][gc,heap     ] GC(0) Y:  Capacity:      246M (6%)          246M (6%)          246M (6%)          246M (6%)          246M (6%)          246M (6%)     
[2026-04-03T06:34:47.947+0600][0.648s][info][gc,heap     ] GC(0) Y:      Free:     3916M (100%)       3916M (100%)       3916M (100%)       3916M (100%)       3916M (100%)       3916M (100%)   
[2026-04-03T06:34:47.947+0600][0.648s][info][gc,heap     ] GC(0) Y:      Used:        6M (0%)            6M (0%)            6M (0%)            6M (0%)            6M (0%)            6M (0%)     
[2026-04-03T06:34:47.947+0600][0.648s][info][gc,heap     ] GC(0) Y: Young Generation Statistics:
[2026-04-03T06:34:47.947+0600][0.648s][info][gc,heap     ] GC(0) Y:                Mark Start          Mark End        Relocate Start      Relocate End    
[2026-04-03T06:34:47.947+0600][0.648s][info][gc,heap     ] GC(0) Y:      Used:        0M (0%)            0M (0%)            0M (0%)            0M (0%)     
[2026-04-03T06:34:47.947+0600][0.648s][info][gc,heap     ] GC(0) Y:      Live:         -                 0M (0%)            0M (0%)            0M (0%)     
[2026-04-03T06:34:47.947+0600][0.648s][info][gc,heap     ] GC(0) Y:   Garbage:         -                 0M (0%)            0M (0%)            0M (0%)     
[2026-04-03T06:34:47.947+0600][0.648s][info][gc,heap     ] GC(0) Y: Allocated:         -                 0M (0%)            0M (0%)            0M (0%)     
[2026-04-03T06:34:47.947+0600][0.648s][info][gc,heap     ] GC(0) Y: Reclaimed:         -                  -                 0M (0%)            0M (0%)     
[2026-04-03T06:34:47.947+0600][0.648s][info][gc,heap     ] GC(0) Y:  Promoted:         -                  -                 0M (0%)            0M (0%)     
[2026-04-03T06:34:47.947+0600][0.648s][info][gc,heap     ] GC(0) Y: Compacted:         -                  -                  -                 0M (0%)     
[2026-04-03T06:34:47.947+0600][0.648s][info][gc,phases   ] GC(0) Y: Young Generation (Collect Roots) 6M(0%)->6M(0%) 0.007s
[2026-04-03T06:34:47.947+0600][0.648s][info][gc,phases   ] GC(0) O: Old Generation
[2026-04-03T06:34:47.950+0600][0.651s][info][gc,phases   ] GC(0) O: Concurrent Mark 2.999ms
[2026-04-03T06:34:47.950+0600][0.652s][info][gc,phases   ] GC(0) O: Pause Mark End 0.012ms
[2026-04-03T06:34:47.950+0600][0.652s][info][gc,phases   ] GC(0) O: Concurrent Mark Free 0.001ms
[2026-04-03T06:34:47.951+0600][0.652s][info][gc,phases   ] GC(0) O: Concurrent Process Non-Strong 0.790ms
[2026-04-03T06:34:47.951+0600][0.652s][info][gc,phases   ] GC(0) O: Concurrent Reset Relocation Set 0.000ms
[2026-04-03T06:34:47.952+0600][0.654s][info][gc,phases   ] GC(0) O: Concurrent Select Relocation Set 1.391ms
[2026-04-03T06:34:47.952+0600][0.654s][info][gc,task     ] GC(0) O: Using 3 Workers for Old Generation
[2026-04-03T06:34:47.964+0600][0.666s][info][gc,task     ] GC(0) O: Using 3 Workers for Old Generation
[2026-04-03T06:34:47.964+0600][0.666s][info][gc,phases   ] GC(0) O: Concurrent Remap Roots 11.742ms
[2026-04-03T06:34:47.964+0600][0.666s][info][gc,phases   ] GC(0) O: Pause Relocate Start 0.013ms
[2026-04-03T06:34:47.966+0600][0.668s][info][gc,phases   ] GC(0) O: Concurrent Relocate 1.836ms
[2026-04-03T06:34:47.966+0600][0.668s][info][gc,alloc    ] GC(0) O:                         Mark Start        Mark End      Relocate Start    Relocate End   
[2026-04-03T06:34:47.966+0600][0.668s][info][gc,alloc    ] GC(0) O: Allocation Stalls:          0                0                0                0         
[2026-04-03T06:34:47.966+0600][0.668s][info][gc,load     ] GC(0) O: Load: 3.77 (31%) / 6.13 (51%) / 4.77 (40%)
[2026-04-03T06:34:47.966+0600][0.668s][info][gc,mmu      ] GC(0) O: MMU: 2ms/99.1%, 5ms/99.3%, 10ms/99.6%, 20ms/99.7%, 50ms/99.8%, 100ms/99.9%
[2026-04-03T06:34:47.966+0600][0.668s][info][gc,marking  ] GC(0) O: Mark: 2 stripe(s), 2 proactive flush(es), 1 terminate flush(es), 0 completion(s), 0 continuation(s) 
[2026-04-03T06:34:47.966+0600][0.668s][info][gc,marking  ] GC(0) O: Mark Stack Usage: 32M
[2026-04-03T06:34:47.966+0600][0.668s][info][gc,nmethod  ] GC(0) O: NMethods: 758 registered, 80 unregistered
[2026-04-03T06:34:47.966+0600][0.668s][info][gc,metaspace] GC(0) O: Metaspace: 2M used, 3M committed, 1088M reserved
[2026-04-03T06:34:47.966+0600][0.668s][info][gc,ref      ] GC(0) O:                       Encountered   Discovered     Enqueued 
[2026-04-03T06:34:47.966+0600][0.668s][info][gc,ref      ] GC(0) O: Soft References:               84            0            0 
[2026-04-03T06:34:47.966+0600][0.668s][info][gc,ref      ] GC(0) O: Weak References:              351          200           81 
[2026-04-03T06:34:47.966+0600][0.668s][info][gc,ref      ] GC(0) O: Final References:               3            1            0 
[2026-04-03T06:34:47.966+0600][0.668s][info][gc,ref      ] GC(0) O: Phantom References:            40           34            2 
[2026-04-03T06:34:47.966+0600][0.668s][info][gc,reloc    ] GC(0) O:                        Candidates     Selected     In-Place         Size        Empty    Relocated 
[2026-04-03T06:34:47.966+0600][0.668s][info][gc,reloc    ] GC(0) O: Small Pages:                    3            1            0           6M           0M           1M 
[2026-04-03T06:34:47.966+0600][0.668s][info][gc,reloc    ] GC(0) O: Medium Pages:                   0            0            0           0M           0M           0M 
[2026-04-03T06:34:47.966+0600][0.668s][info][gc,reloc    ] GC(0) O: Large Pages:                    0            0            0           0M           0M           0M 
[2026-04-03T06:34:47.966+0600][0.668s][info][gc,reloc    ] GC(0) O: Forwarding Usage: 0M
[2026-04-03T06:34:47.966+0600][0.668s][info][gc,heap     ] GC(0) O: Min Capacity: 8M(0%)
[2026-04-03T06:34:47.966+0600][0.668s][info][gc,heap     ] GC(0) O: Max Capacity: 3922M(100%)
[2026-04-03T06:34:47.966+0600][0.668s][info][gc,heap     ] GC(0) O: Soft Max Capacity: 3529M(90%)
[2026-04-03T06:34:47.966+0600][0.668s][info][gc,heap     ] GC(0) O: Heap Statistics:
[2026-04-03T06:34:47.966+0600][0.668s][info][gc,heap     ] GC(0) O:                Mark Start          Mark End        Relocate Start      Relocate End           High               Low         
[2026-04-03T06:34:47.966+0600][0.668s][info][gc,heap     ] GC(0) O:  Capacity:      246M (6%)          246M (6%)          246M (6%)          246M (6%)          246M (6%)          246M (6%)     
[2026-04-03T06:34:47.966+0600][0.668s][info][gc,heap     ] GC(0) O:      Free:     3916M (100%)       3916M (100%)       3914M (100%)       3914M (100%)       3916M (100%)       3910M (100%)   
[2026-04-03T06:34:47.966+0600][0.668s][info][gc,heap     ] GC(0) O:      Used:        6M (0%)            6M (0%)            8M (0%)            8M (0%)           12M (0%)            6M (0%)     
[2026-04-03T06:34:47.966+0600][0.668s][info][gc,heap     ] GC(0) O: Old Generation Statistics:
[2026-04-03T06:34:47.966+0600][0.668s][info][gc,heap     ] GC(0) O:                Mark Start          Mark End        Relocate Start      Relocate End    
[2026-04-03T06:34:47.966+0600][0.668s][info][gc,heap     ] GC(0) O:      Used:        6M (0%)            6M (0%)            6M (0%)            6M (0%)     
[2026-04-03T06:34:47.966+0600][0.668s][info][gc,heap     ] GC(0) O:      Live:         -                 3M (0%)            3M (0%)            3M (0%)     
[2026-04-03T06:34:47.966+0600][0.668s][info][gc,heap     ] GC(0) O:   Garbage:         -                 2M (0%)            2M (0%)            0M (0%)     
[2026-04-03T06:34:47.966+0600][0.668s][info][gc,heap     ] GC(0) O: Allocated:         -                 0M (0%)            0M (0%)            2M (0%)     
[2026-04-03T06:34:47.966+0600][0.668s][info][gc,heap     ] GC(0) O: Reclaimed:         -                  -                 0M (0%)            2M (0%)     
[2026-04-03T06:34:47.966+0600][0.668s][info][gc,heap     ] GC(0) O: Compacted:         -                  -                  -                 1M (0%)     
[2026-04-03T06:34:47.966+0600][0.668s][info][gc,phases   ] GC(0) O: Old Generation 6M(0%)->8M(0%) 0.019s
[2026-04-03T06:34:47.966+0600][0.668s][info][gc          ] GC(0) Major Collection (System.gc()) 62M(2%)->8M(0%) 0.049s
[2026-04-03T06:34:49.889+0600][2.591s][info][gc          ] GC(1) Major Collection (Warmup)
[2026-04-03T06:34:49.889+0600][2.591s][info][gc,task     ] GC(1) Using 3 Workers for Young Generation
[2026-04-03T06:34:49.889+0600][2.591s][info][gc,task     ] GC(1) Using 2 Workers for Old Generation
[2026-04-03T06:34:49.889+0600][2.591s][info][gc,phases   ] GC(1) Y: Young Generation
[2026-04-03T06:34:49.889+0600][2.591s][info][gc,phases   ] GC(1) Y: Pause Mark Start (Major) 0.020ms
[2026-04-03T06:34:49.896+0600][2.597s][info][gc,phases   ] GC(1) Y: Concurrent Mark 6.402ms
[2026-04-03T06:34:49.896+0600][2.598s][info][gc,phases   ] GC(1) Y: Pause Mark End 0.014ms
[2026-04-03T06:34:49.896+0600][2.598s][info][gc,phases   ] GC(1) Y: Concurrent Mark Free 0.001ms
[2026-04-03T06:34:49.896+0600][2.598s][info][gc,phases   ] GC(1) Y: Concurrent Reset Relocation Set 0.001ms
[2026-04-03T06:34:49.900+0600][2.602s][info][gc,reloc    ] GC(1) Y: Using tenuring threshold: 1 (Computed)
[2026-04-03T06:34:49.901+0600][2.603s][info][gc,phases   ] GC(1) Y: Concurrent Select Relocation Set 4.769ms
[2026-04-03T06:34:49.901+0600][2.603s][info][gc,phases   ] GC(1) Y: Pause Relocate Start 0.012ms
[2026-04-03T06:34:49.903+0600][2.604s][info][gc,phases   ] GC(1) Y: Concurrent Relocate 1.418ms
[2026-04-03T06:34:49.903+0600][2.604s][info][gc,alloc    ] GC(1) Y:                         Mark Start        Mark End      Relocate Start    Relocate End   
[2026-04-03T06:34:49.903+0600][2.604s][info][gc,alloc    ] GC(1) Y: Allocation Stalls:          0                0                0                0         
[2026-04-03T06:34:49.903+0600][2.604s][info][gc,load     ] GC(1) Y: Load: 3.77 (31%) / 6.13 (51%) / 4.77 (40%)
[2026-04-03T06:34:49.903+0600][2.604s][info][gc,mmu      ] GC(1) Y: MMU: 2ms/99.0%, 5ms/99.3%, 10ms/99.6%, 20ms/99.7%, 50ms/99.8%, 100ms/99.9%
[2026-04-03T06:34:49.903+0600][2.604s][info][gc,marking  ] GC(1) Y: Mark: 2 stripe(s), 10 proactive flush(es), 1 terminate flush(es), 0 completion(s), 0 continuation(s) 
[2026-04-03T06:34:49.903+0600][2.604s][info][gc,marking  ] GC(1) Y: Mark Stack Usage: 32M
[2026-04-03T06:34:49.903+0600][2.604s][info][gc,nmethod  ] GC(1) Y: NMethods: 2203 registered, 0 unregistered
[2026-04-03T06:34:49.903+0600][2.604s][info][gc,metaspace] GC(1) Y: Metaspace: 8M used, 8M committed, 1088M reserved
[2026-04-03T06:34:49.903+0600][2.604s][info][gc,reloc    ] GC(1) Y:                        Candidates     Selected     In-Place         Size        Empty    Relocated 
[2026-04-03T06:34:49.903+0600][2.604s][info][gc,reloc    ] GC(1) Y: Small Pages:                  157          155            0         314M           0M           2M 
[2026-04-03T06:34:49.903+0600][2.604s][info][gc,reloc    ] GC(1) Y: Medium Pages:                   2            0            0          64M          32M           0M 
[2026-04-03T06:34:49.903+0600][2.604s][info][gc,reloc    ] GC(1) Y: Large Pages:                    0            0            0           0M           0M           0M 
[2026-04-03T06:34:49.903+0600][2.604s][info][gc,reloc    ] GC(1) Y: Forwarding Usage: 0M
[2026-04-03T06:34:49.903+0600][2.604s][info][gc,reloc    ] GC(1) Y: Age Table:
[2026-04-03T06:34:49.903+0600][2.604s][info][gc,reloc    ] GC(1) Y:                    Live             Garbage             Small              Medium             Large        
[2026-04-03T06:34:49.903+0600][2.604s][info][gc,reloc    ] GC(1) Y: Eden               2M (0%)          375M (10%)        157 / 155            2 / 0              0 / 0        
[2026-04-03T06:34:49.903+0600][2.604s][info][gc,heap     ] GC(1) Y: Min Capacity: 8M(0%)
[2026-04-03T06:34:49.903+0600][2.604s][info][gc,heap     ] GC(1) Y: Max Capacity: 3922M(100%)
[2026-04-03T06:34:49.903+0600][2.604s][info][gc,heap     ] GC(1) Y: Soft Max Capacity: 3529M(90%)
[2026-04-03T06:34:49.903+0600][2.604s][info][gc,heap     ] GC(1) Y: Heap Statistics:
[2026-04-03T06:34:49.903+0600][2.604s][info][gc,heap     ] GC(1) Y:                Mark Start          Mark End        Relocate Start      Relocate End           High               Low         
[2026-04-03T06:34:49.903+0600][2.604s][info][gc,heap     ] GC(1) Y:  Capacity:      384M (10%)         386M (10%)         386M (10%)         386M (10%)         386M (10%)         384M (10%)    
[2026-04-03T06:34:49.903+0600][2.604s][info][gc,heap     ] GC(1) Y:      Free:     3538M (90%)        3536M (90%)        3568M (91%)        3874M (99%)        3874M (99%)        3536M (90%)    
[2026-04-03T06:34:49.903+0600][2.604s][info][gc,heap     ] GC(1) Y:      Used:      384M (10%)         386M (10%)         354M (9%)           48M (1%)          386M (10%)          48M (1%)     
[2026-04-03T06:34:49.903+0600][2.604s][info][gc,heap     ] GC(1) Y: Young Generation Statistics:
[2026-04-03T06:34:49.903+0600][2.604s][info][gc,heap     ] GC(1) Y:                Mark Start          Mark End        Relocate Start      Relocate End    
[2026-04-03T06:34:49.903+0600][2.604s][info][gc,heap     ] GC(1) Y:      Used:      378M (10%)         380M (10%)         348M (9%)           42M (1%)     
[2026-04-03T06:34:49.903+0600][2.604s][info][gc,heap     ] GC(1) Y:      Live:         -                 2M (0%)            2M (0%)            2M (0%)     
[2026-04-03T06:34:49.903+0600][2.604s][info][gc,heap     ] GC(1) Y:   Garbage:         -               375M (10%)         343M (9%)           31M (1%)     
[2026-04-03T06:34:49.903+0600][2.604s][info][gc,heap     ] GC(1) Y: Allocated:         -                 2M (0%)            2M (0%)            7M (0%)     
[2026-04-03T06:34:49.903+0600][2.604s][info][gc,heap     ] GC(1) Y: Reclaimed:         -                  -                32M (1%)          343M (9%)     
[2026-04-03T06:34:49.903+0600][2.605s][info][gc,heap     ] GC(1) Y:  Promoted:         -                  -                 0M (0%)            0M (0%)     
[2026-04-03T06:34:49.903+0600][2.605s][info][gc,heap     ] GC(1) Y: Compacted:         -                  -                  -                 2M (0%)     
[2026-04-03T06:34:49.903+0600][2.605s][info][gc,phases   ] GC(1) Y: Young Generation 384M(10%)->48M(1%) 0.014s
[2026-04-03T06:34:49.903+0600][2.605s][info][gc,phases   ] GC(1) O: Old Generation
[2026-04-03T06:34:49.916+0600][2.618s][info][gc,phases   ] GC(1) O: Concurrent Mark 13.183ms
[2026-04-03T06:34:49.916+0600][2.618s][info][gc,phases   ] GC(1) O: Pause Mark End 0.019ms
[2026-04-03T06:34:49.916+0600][2.618s][info][gc,phases   ] GC(1) O: Concurrent Mark Free 0.001ms
[2026-04-03T06:34:49.920+0600][2.622s][info][gc,phases   ] GC(1) O: Concurrent Process Non-Strong 3.922ms
[2026-04-03T06:34:49.920+0600][2.622s][info][gc,phases   ] GC(1) O: Concurrent Reset Relocation Set 0.002ms
[2026-04-03T06:34:49.923+0600][2.624s][info][gc,phases   ] GC(1) O: Concurrent Select Relocation Set 2.354ms
[2026-04-03T06:34:49.923+0600][2.625s][info][gc,task     ] GC(1) O: Using 3 Workers for Old Generation
[2026-04-03T06:34:49.937+0600][2.638s][info][gc,task     ] GC(1) O: Using 2 Workers for Old Generation
[2026-04-03T06:34:49.937+0600][2.638s][info][gc,phases   ] GC(1) O: Concurrent Remap Roots 13.667ms
[2026-04-03T06:34:49.937+0600][2.638s][info][gc,phases   ] GC(1) O: Pause Relocate Start 0.017ms
[2026-04-03T06:34:49.939+0600][2.641s][info][gc,phases   ] GC(1) O: Concurrent Relocate 2.428ms
[2026-04-03T06:34:49.939+0600][2.641s][info][gc,alloc    ] GC(1) O:                         Mark Start        Mark End      Relocate Start    Relocate End   
[2026-04-03T06:34:49.939+0600][2.641s][info][gc,alloc    ] GC(1) O: Allocation Stalls:          0                0                0                0         
[2026-04-03T06:34:49.939+0600][2.641s][info][gc,load     ] GC(1) O: Load: 3.77 (31%) / 6.13 (51%) / 4.77 (40%)
[2026-04-03T06:34:49.939+0600][2.641s][info][gc,mmu      ] GC(1) O: MMU: 2ms/99.0%, 5ms/99.3%, 10ms/99.6%, 20ms/99.7%, 50ms/99.8%, 100ms/99.9%
[2026-04-03T06:34:49.939+0600][2.641s][info][gc,marking  ] GC(1) O: Mark: 2 stripe(s), 2 proactive flush(es), 1 terminate flush(es), 0 completion(s), 0 continuation(s) 
[2026-04-03T06:34:49.939+0600][2.641s][info][gc,marking  ] GC(1) O: Mark Stack Usage: 32M
[2026-04-03T06:34:49.939+0600][2.641s][info][gc,nmethod  ] GC(1) O: NMethods: 1878 registered, 328 unregistered
[2026-04-03T06:34:49.939+0600][2.641s][info][gc,metaspace] GC(1) O: Metaspace: 8M used, 8M committed, 1088M reserved
[2026-04-03T06:34:49.939+0600][2.641s][info][gc,ref      ] GC(1) O:                       Encountered   Discovered     Enqueued 
[2026-04-03T06:34:49.939+0600][2.641s][info][gc,ref      ] GC(1) O: Soft References:              229            0            0 
[2026-04-03T06:34:49.939+0600][2.641s][info][gc,ref      ] GC(1) O: Weak References:              623          136            0 
[2026-04-03T06:34:49.939+0600][2.641s][info][gc,ref      ] GC(1) O: Final References:               3            2            0 
[2026-04-03T06:34:49.939+0600][2.641s][info][gc,ref      ] GC(1) O: Phantom References:            52           19            2 
[2026-04-03T06:34:49.939+0600][2.641s][info][gc,reloc    ] GC(1) O:                        Candidates     Selected     In-Place         Size        Empty    Relocated 
[2026-04-03T06:34:49.940+0600][2.641s][info][gc,reloc    ] GC(1) O: Small Pages:                    3            1            0           6M           0M           1M 
[2026-04-03T06:34:49.940+0600][2.641s][info][gc,reloc    ] GC(1) O: Medium Pages:                   0            0            0           0M           0M           0M 
[2026-04-03T06:34:49.940+0600][2.641s][info][gc,reloc    ] GC(1) O: Large Pages:                    0            0            0           0M           0M           0M 
[2026-04-03T06:34:49.940+0600][2.641s][info][gc,reloc    ] GC(1) O: Forwarding Usage: 0M
[2026-04-03T06:34:49.940+0600][2.641s][info][gc,heap     ] GC(1) O: Min Capacity: 8M(0%)
[2026-04-03T06:34:49.940+0600][2.641s][info][gc,heap     ] GC(1) O: Max Capacity: 3922M(100%)
[2026-04-03T06:34:49.940+0600][2.641s][info][gc,heap     ] GC(1) O: Soft Max Capacity: 3529M(90%)
[2026-04-03T06:34:49.940+0600][2.641s][info][gc,heap     ] GC(1) O: Heap Statistics:
[2026-04-03T06:34:49.940+0600][2.641s][info][gc,heap     ] GC(1) O:                Mark Start          Mark End        Relocate Start      Relocate End           High               Low         
[2026-04-03T06:34:49.940+0600][2.641s][info][gc,heap     ] GC(1) O:  Capacity:      384M (10%)         418M (11%)         418M (11%)         418M (11%)         418M (11%)         384M (10%)    
[2026-04-03T06:34:49.940+0600][2.641s][info][gc,heap     ] GC(1) O:      Free:     3538M (90%)        3840M (98%)        3836M (98%)        3830M (98%)        3874M (99%)        3536M (90%)    
[2026-04-03T06:34:49.940+0600][2.641s][info][gc,heap     ] GC(1) O:      Used:      384M (10%)          82M (2%)           86M (2%)           92M (2%)          386M (10%)          48M (1%)     
[2026-04-03T06:34:49.940+0600][2.641s][info][gc,heap     ] GC(1) O: Old Generation Statistics:
[2026-04-03T06:34:49.940+0600][2.641s][info][gc,heap     ] GC(1) O:                Mark Start          Mark End        Relocate Start      Relocate End    
[2026-04-03T06:34:49.940+0600][2.641s][info][gc,heap     ] GC(1) O:      Used:        6M (0%)            6M (0%)            6M (0%)           10M (0%)     
[2026-04-03T06:34:49.940+0600][2.641s][info][gc,heap     ] GC(1) O:      Live:         -                 3M (0%)            3M (0%)            3M (0%)     
[2026-04-03T06:34:49.940+0600][2.641s][info][gc,heap     ] GC(1) O:   Garbage:         -                 2M (0%)            2M (0%)            0M (0%)     
[2026-04-03T06:34:49.940+0600][2.641s][info][gc,heap     ] GC(1) O: Allocated:         -                 0M (0%)            0M (0%)            6M (0%)     
[2026-04-03T06:34:49.940+0600][2.641s][info][gc,heap     ] GC(1) O: Reclaimed:         -                  -                 0M (0%)            2M (0%)     
[2026-04-03T06:34:49.940+0600][2.641s][info][gc,heap     ] GC(1) O: Compacted:         -                  -                  -                 1M (0%)     
[2026-04-03T06:34:49.940+0600][2.641s][info][gc,phases   ] GC(1) O: Old Generation 48M(1%)->92M(2%) 0.036s
[2026-04-03T06:34:49.940+0600][2.641s][info][gc          ] GC(1) Major Collection (Warmup) 384M(10%)->92M(2%) 0.051s
[2026-04-03T06:34:52.330+0600][5.032s][info][gc          ] GC(2) Major Collection (Warmup)
[2026-04-03T06:34:52.330+0600][5.032s][info][gc,task     ] GC(2) Using 3 Workers for Young Generation
[2026-04-03T06:34:52.330+0600][5.032s][info][gc,task     ] GC(2) Using 1 Workers for Old Generation
[2026-04-03T06:34:52.330+0600][5.032s][info][gc,phases   ] GC(2) Y: Young Generation
[2026-04-03T06:34:52.333+0600][5.035s][info][gc,phases   ] GC(2) Y: Pause Mark Start (Major) 0.042ms
[2026-04-03T06:34:52.638+0600][5.339s][info][gc,phases   ] GC(2) Y: Concurrent Mark 300.236ms
[2026-04-03T06:34:52.638+0600][5.340s][info][gc,phases   ] GC(2) Y: Pause Mark End 0.042ms
[2026-04-03T06:34:52.646+0600][5.348s][info][gc,phases   ] GC(2) Y: Concurrent Mark Free 0.005ms
[2026-04-03T06:34:52.646+0600][5.348s][info][gc,phases   ] GC(2) Y: Concurrent Reset Relocation Set 0.026ms
[2026-04-03T06:34:52.654+0600][5.355s][info][gc,reloc    ] GC(2) Y: Using tenuring threshold: 2 (Computed)
[2026-04-03T06:34:52.684+0600][5.386s][info][gc,phases   ] GC(2) Y: Concurrent Select Relocation Set 37.399ms
[2026-04-03T06:34:52.685+0600][5.386s][info][gc,phases   ] GC(2) Y: Pause Relocate Start 0.025ms
[2026-04-03T06:34:52.788+0600][5.490s][info][gc,phases   ] GC(2) Y: Concurrent Relocate 103.376ms
[2026-04-03T06:34:52.788+0600][5.490s][info][gc,alloc    ] GC(2) Y:                         Mark Start        Mark End      Relocate Start    Relocate End   
[2026-04-03T06:34:52.788+0600][5.490s][info][gc,alloc    ] GC(2) Y: Allocation Stalls:          0                0                0                0         
[2026-04-03T06:34:52.788+0600][5.490s][info][gc,load     ] GC(2) Y: Load: 4.59 (38%) / 6.26 (52%) / 4.82 (40%)
[2026-04-03T06:34:52.788+0600][5.490s][info][gc,mmu      ] GC(2) Y: MMU: 2ms/97.9%, 5ms/99.2%, 10ms/99.6%, 20ms/99.7%, 50ms/99.8%, 100ms/99.9%
[2026-04-03T06:34:52.788+0600][5.490s][info][gc,marking  ] GC(2) Y: Mark: 2 stripe(s), 2 proactive flush(es), 1 terminate flush(es), 0 completion(s), 0 continuation(s) 
[2026-04-03T06:34:52.788+0600][5.490s][info][gc,marking  ] GC(2) Y: Mark Stack Usage: 32M
[2026-04-03T06:34:52.788+0600][5.490s][info][gc,nmethod  ] GC(2) Y: NMethods: 4602 registered, 0 unregistered
[2026-04-03T06:34:52.788+0600][5.490s][info][gc,metaspace] GC(2) Y: Metaspace: 17M used, 17M committed, 1088M reserved
[2026-04-03T06:34:52.788+0600][5.490s][info][gc,reloc    ] GC(2) Y:                        Candidates     Selected     In-Place         Size        Empty    Relocated 
[2026-04-03T06:34:52.788+0600][5.490s][info][gc,reloc    ] GC(2) Y: Small Pages:                  319          275            0         638M           0M          49M 
[2026-04-03T06:34:52.788+0600][5.490s][info][gc,reloc    ] GC(2) Y: Medium Pages:                   2            0            0          64M          64M           0M 
[2026-04-03T06:34:52.788+0600][5.490s][info][gc,reloc    ] GC(2) Y: Large Pages:                    0            0            0           0M           0M           0M 
[2026-04-03T06:34:52.788+0600][5.490s][info][gc,reloc    ] GC(2) Y: Forwarding Usage: 26M
[2026-04-03T06:34:52.789+0600][5.490s][info][gc,reloc    ] GC(2) Y: Age Table:
[2026-04-03T06:34:52.789+0600][5.490s][info][gc,reloc    ] GC(2) Y:                    Live             Garbage             Small              Medium             Large        
[2026-04-03T06:34:52.789+0600][5.490s][info][gc,reloc    ] GC(2) Y: Eden              73M (2%)          588M (15%)        315 / 272            1 / 0              0 / 0        
[2026-04-03T06:34:52.789+0600][5.490s][info][gc,reloc    ] GC(2) Y: Survivor 1         2M (0%)           37M (1%)           4 / 3              1 / 0              0 / 0        
[2026-04-03T06:34:52.789+0600][5.490s][info][gc,heap     ] GC(2) Y: Min Capacity: 8M(0%)
[2026-04-03T06:34:52.789+0600][5.490s][info][gc,heap     ] GC(2) Y: Max Capacity: 3922M(100%)
[2026-04-03T06:34:52.789+0600][5.490s][info][gc,heap     ] GC(2) Y: Soft Max Capacity: 3529M(90%)
[2026-04-03T06:34:52.789+0600][5.490s][info][gc,heap     ] GC(2) Y: Heap Statistics:
[2026-04-03T06:34:52.789+0600][5.490s][info][gc,heap     ] GC(2) Y:                Mark Start          Mark End        Relocate Start      Relocate End           High               Low         
[2026-04-03T06:34:52.789+0600][5.490s][info][gc,heap     ] GC(2) Y:  Capacity:      712M (18%)         828M (21%)         834M (21%)         834M (21%)         834M (21%)         712M (18%)    
[2026-04-03T06:34:52.789+0600][5.490s][info][gc,heap     ] GC(2) Y:      Free:     3210M (82%)        3094M (79%)        3134M (80%)        3608M (92%)        3608M (92%)        3088M (79%)    
[2026-04-03T06:34:52.789+0600][5.490s][info][gc,heap     ] GC(2) Y:      Used:      712M (18%)         828M (21%)         788M (20%)         314M (8%)          834M (21%)         314M (8%)     
[2026-04-03T06:34:52.789+0600][5.490s][info][gc,heap     ] GC(2) Y: Young Generation Statistics:
[2026-04-03T06:34:52.789+0600][5.490s][info][gc,heap     ] GC(2) Y:                Mark Start          Mark End        Relocate Start      Relocate End    
[2026-04-03T06:34:52.789+0600][5.490s][info][gc,heap     ] GC(2) Y:      Used:      702M (18%)         818M (21%)         778M (20%)         304M (8%)     
[2026-04-03T06:34:52.789+0600][5.490s][info][gc,heap     ] GC(2) Y:      Live:         -                75M (2%)           75M (2%)           75M (2%)     
[2026-04-03T06:34:52.789+0600][5.490s][info][gc,heap     ] GC(2) Y:   Garbage:         -               626M (16%)         562M (14%)           1M (0%)     
[2026-04-03T06:34:52.789+0600][5.490s][info][gc,heap     ] GC(2) Y: Allocated:         -               116M (3%)          140M (4%)          226M (6%)     
[2026-04-03T06:34:52.789+0600][5.490s][info][gc,heap     ] GC(2) Y: Reclaimed:         -                  -                64M (2%)          624M (16%)    
[2026-04-03T06:34:52.789+0600][5.490s][info][gc,heap     ] GC(2) Y:  Promoted:         -                  -                 0M (0%)            0M (0%)     
[2026-04-03T06:34:52.789+0600][5.490s][info][gc,heap     ] GC(2) Y: Compacted:         -                  -                  -                73M (2%)     
[2026-04-03T06:34:52.789+0600][5.490s][info][gc,phases   ] GC(2) Y: Young Generation 712M(18%)->314M(8%) 0.458s
[2026-04-03T06:34:52.789+0600][5.491s][info][gc,phases   ] GC(2) O: Old Generation
[2026-04-03T06:34:52.814+0600][5.516s][info][gc,phases   ] GC(2) O: Concurrent Mark 24.975ms
[2026-04-03T06:34:52.814+0600][5.516s][info][gc,phases   ] GC(2) O: Pause Mark End 0.029ms
[2026-04-03T06:34:52.815+0600][5.516s][info][gc,phases   ] GC(2) O: Concurrent Mark Free 0.004ms
[2026-04-03T06:34:52.849+0600][5.550s][info][gc,phases   ] GC(2) O: Concurrent Process Non-Strong 34.213ms
[2026-04-03T06:34:52.849+0600][5.551s][info][gc,phases   ] GC(2) O: Concurrent Reset Relocation Set 0.004ms
[2026-04-03T06:34:52.855+0600][5.557s][info][gc,phases   ] GC(2) O: Concurrent Select Relocation Set 6.468ms
[2026-04-03T06:34:52.856+0600][5.557s][info][gc,task     ] GC(2) O: Using 3 Workers for Old Generation
[2026-04-03T06:34:52.888+0600][5.589s][info][gc,task     ] GC(2) O: Using 1 Workers for Old Generation
[2026-04-03T06:34:52.888+0600][5.589s][info][gc,phases   ] GC(2) O: Concurrent Remap Roots 32.107ms
[2026-04-03T06:34:52.888+0600][5.590s][info][gc,phases   ] GC(2) O: Pause Relocate Start 0.027ms
[2026-04-03T06:34:52.893+0600][5.595s][info][gc,phases   ] GC(2) O: Concurrent Relocate 4.694ms
[2026-04-03T06:34:52.893+0600][5.595s][info][gc,alloc    ] GC(2) O:                         Mark Start        Mark End      Relocate Start    Relocate End   
[2026-04-03T06:34:52.894+0600][5.595s][info][gc,alloc    ] GC(2) O: Allocation Stalls:          0                0                0                0         
[2026-04-03T06:34:52.894+0600][5.595s][info][gc,load     ] GC(2) O: Load: 4.59 (38%) / 6.26 (52%) / 4.82 (40%)
[2026-04-03T06:34:52.894+0600][5.595s][info][gc,mmu      ] GC(2) O: MMU: 2ms/97.9%, 5ms/99.2%, 10ms/99.6%, 20ms/99.7%, 50ms/99.8%, 100ms/99.9%
[2026-04-03T06:34:52.894+0600][5.595s][info][gc,marking  ] GC(2) O: Mark: 1 stripe(s), 2 proactive flush(es), 1 terminate flush(es), 0 completion(s), 0 continuation(s) 
[2026-04-03T06:34:52.894+0600][5.595s][info][gc,marking  ] GC(2) O: Mark Stack Usage: 32M
[2026-04-03T06:34:52.894+0600][5.595s][info][gc,nmethod  ] GC(2) O: NMethods: 4146 registered, 586 unregistered
[2026-04-03T06:34:52.894+0600][5.595s][info][gc,metaspace] GC(2) O: Metaspace: 17M used, 17M committed, 1088M reserved
[2026-04-03T06:34:52.894+0600][5.595s][info][gc,ref      ] GC(2) O:                       Encountered   Discovered     Enqueued 
[2026-04-03T06:34:52.894+0600][5.595s][info][gc,ref      ] GC(2) O: Soft References:              743            0            0 
[2026-04-03T06:34:52.894+0600][5.595s][info][gc,ref      ] GC(2) O: Weak References:             1321           90            0 
[2026-04-03T06:34:52.894+0600][5.595s][info][gc,ref      ] GC(2) O: Final References:               3            0            0 
[2026-04-03T06:34:52.894+0600][5.595s][info][gc,ref      ] GC(2) O: Phantom References:            69           19            0 
[2026-04-03T06:34:52.894+0600][5.595s][info][gc,reloc    ] GC(2) O:                        Candidates     Selected     In-Place         Size        Empty    Relocated 
[2026-04-03T06:34:52.894+0600][5.595s][info][gc,reloc    ] GC(2) O: Small Pages:                    5            3            0          10M           0M           1M 
[2026-04-03T06:34:52.894+0600][5.595s][info][gc,reloc    ] GC(2) O: Medium Pages:                   0            0            0           0M           0M           0M 
[2026-04-03T06:34:52.894+0600][5.595s][info][gc,reloc    ] GC(2) O: Large Pages:                    0            0            0           0M           0M           0M 
[2026-04-03T06:34:52.894+0600][5.595s][info][gc,reloc    ] GC(2) O: Forwarding Usage: 0M
[2026-04-03T06:34:52.894+0600][5.595s][info][gc,heap     ] GC(2) O: Min Capacity: 8M(0%)
[2026-04-03T06:34:52.894+0600][5.595s][info][gc,heap     ] GC(2) O: Max Capacity: 3922M(100%)
[2026-04-03T06:34:52.894+0600][5.595s][info][gc,heap     ] GC(2) O: Soft Max Capacity: 3529M(90%)
[2026-04-03T06:34:52.894+0600][5.595s][info][gc,heap     ] GC(2) O: Heap Statistics:
[2026-04-03T06:34:52.894+0600][5.595s][info][gc,heap     ] GC(2) O:                Mark Start          Mark End        Relocate Start      Relocate End           High               Low         
[2026-04-03T06:34:52.894+0600][5.595s][info][gc,heap     ] GC(2) O:  Capacity:      712M (18%)         834M (21%)         834M (21%)         834M (21%)         834M (21%)         712M (18%)    
[2026-04-03T06:34:52.894+0600][5.595s][info][gc,heap     ] GC(2) O:      Free:     3210M (82%)        3596M (92%)        3566M (91%)        3556M (91%)        3608M (92%)        3088M (79%)    
[2026-04-03T06:34:52.894+0600][5.596s][info][gc,heap     ] GC(2) O:      Used:      712M (18%)         326M (8%)          356M (9%)          366M (9%)          834M (21%)         314M (8%)     
[2026-04-03T06:34:52.894+0600][5.596s][info][gc,heap     ] GC(2) O: Old Generation Statistics:
[2026-04-03T06:34:52.894+0600][5.596s][info][gc,heap     ] GC(2) O:                Mark Start          Mark End        Relocate Start      Relocate End    
[2026-04-03T06:34:52.894+0600][5.596s][info][gc,heap     ] GC(2) O:      Used:       10M (0%)           10M (0%)           10M (0%)           20M (1%)     
[2026-04-03T06:34:52.894+0600][5.596s][info][gc,heap     ] GC(2) O:      Live:         -                 3M (0%)            3M (0%)            3M (0%)     
[2026-04-03T06:34:52.894+0600][5.596s][info][gc,heap     ] GC(2) O:   Garbage:         -                 6M (0%)            6M (0%)            0M (0%)     
[2026-04-03T06:34:52.894+0600][5.596s][info][gc,heap     ] GC(2) O: Allocated:         -                 0M (0%)            0M (0%)           16M (0%)     
[2026-04-03T06:34:52.894+0600][5.596s][info][gc,heap     ] GC(2) O: Reclaimed:         -                  -                 0M (0%)            6M (0%)     
[2026-04-03T06:34:52.894+0600][5.596s][info][gc,heap     ] GC(2) O: Compacted:         -                  -                  -                 1M (0%)     
[2026-04-03T06:34:52.894+0600][5.596s][info][gc,phases   ] GC(2) O: Old Generation 314M(8%)->366M(9%) 0.105s
[2026-04-03T06:34:52.894+0600][5.596s][info][gc          ] GC(2) Major Collection (Warmup) 712M(18%)->366M(9%) 0.564s
[2026-04-03T06:34:54.098+0600][6.800s][info][gc          ] GC(3) Major Collection (Warmup)
[2026-04-03T06:34:54.098+0600][6.800s][info][gc,task     ] GC(3) Using 3 Workers for Young Generation
[2026-04-03T06:34:54.098+0600][6.800s][info][gc,task     ] GC(3) Using 1 Workers for Old Generation
[2026-04-03T06:34:54.099+0600][6.800s][info][gc,phases   ] GC(3) Y: Young Generation
[2026-04-03T06:34:54.100+0600][6.802s][info][gc,phases   ] GC(3) Y: Pause Mark Start (Major) 0.030ms
[2026-04-03T06:34:54.313+0600][7.015s][info][gc,phases   ] GC(3) Y: Concurrent Mark 207.192ms
[2026-04-03T06:34:54.317+0600][7.018s][info][gc,phases   ] GC(3) Y: Pause Mark End 0.037ms
[2026-04-03T06:34:54.317+0600][7.019s][info][gc,phases   ] GC(3) Y: Concurrent Mark Free 0.004ms
[2026-04-03T06:34:54.317+0600][7.019s][info][gc,phases   ] GC(3) Y: Concurrent Reset Relocation Set 0.049ms
[2026-04-03T06:34:54.321+0600][7.023s][info][gc,reloc    ] GC(3) Y: Using tenuring threshold: 3 (Computed)
[2026-04-03T06:34:54.325+0600][7.027s][info][gc,phases   ] GC(3) Y: Concurrent Select Relocation Set 8.255ms
[2026-04-03T06:34:54.326+0600][7.027s][info][gc,phases   ] GC(3) Y: Pause Relocate Start 0.029ms
[2026-04-03T06:34:54.397+0600][7.099s][info][gc,phases   ] GC(3) Y: Concurrent Relocate 71.586ms
[2026-04-03T06:34:54.398+0600][7.099s][info][gc,alloc    ] GC(3) Y:                         Mark Start        Mark End      Relocate Start    Relocate End   
[2026-04-03T06:34:54.398+0600][7.099s][info][gc,alloc    ] GC(3) Y: Allocation Stalls:          0                0                0                0         
[2026-04-03T06:34:54.398+0600][7.099s][info][gc,load     ] GC(3) Y: Load: 4.59 (38%) / 6.26 (52%) / 4.82 (40%)
[2026-04-03T06:34:54.398+0600][7.099s][info][gc,mmu      ] GC(3) Y: MMU: 2ms/97.9%, 5ms/99.2%, 10ms/99.3%, 20ms/99.7%, 50ms/99.8%, 100ms/99.9%
[2026-04-03T06:34:54.398+0600][7.099s][info][gc,marking  ] GC(3) Y: Mark: 2 stripe(s), 3 proactive flush(es), 1 terminate flush(es), 0 completion(s), 0 continuation(s) 
[2026-04-03T06:34:54.398+0600][7.099s][info][gc,marking  ] GC(3) Y: Mark Stack Usage: 32M
[2026-04-03T06:34:54.398+0600][7.099s][info][gc,nmethod  ] GC(3) Y: NMethods: 5408 registered, 0 unregistered
[2026-04-03T06:34:54.398+0600][7.099s][info][gc,metaspace] GC(3) Y: Metaspace: 21M used, 21M committed, 1088M reserved
[2026-04-03T06:34:54.398+0600][7.099s][info][gc,reloc    ] GC(3) Y:                        Candidates     Selected     In-Place         Size        Empty    Relocated 
[2026-04-03T06:34:54.398+0600][7.099s][info][gc,reloc    ] GC(3) Y: Small Pages:                  520          448            0        1040M          58M          39M 
[2026-04-03T06:34:54.398+0600][7.099s][info][gc,reloc    ] GC(3) Y: Medium Pages:                   0            0            0           0M           0M           0M 
[2026-04-03T06:34:54.398+0600][7.099s][info][gc,reloc    ] GC(3) Y: Large Pages:                    0            0            0           0M           0M           0M 
[2026-04-03T06:34:54.398+0600][7.099s][info][gc,reloc    ] GC(3) Y: Forwarding Usage: 21M
[2026-04-03T06:34:54.398+0600][7.099s][info][gc,reloc    ] GC(3) Y: Age Table:
[2026-04-03T06:34:54.398+0600][7.099s][info][gc,reloc    ] GC(3) Y:                    Live             Garbage             Small              Medium             Large        
[2026-04-03T06:34:54.398+0600][7.099s][info][gc,reloc    ] GC(3) Y: Eden              47M (1%)          866M (22%)        457 / 400            0 / 0              0 / 0        
[2026-04-03T06:34:54.398+0600][7.099s][info][gc,reloc    ] GC(3) Y: Survivor 1        23M (1%)           74M (2%)          49 / 35             0 / 0              0 / 0        
[2026-04-03T06:34:54.398+0600][7.099s][info][gc,reloc    ] GC(3) Y: Survivor 2         2M (0%)           25M (1%)          14 / 13             0 / 0              0 / 0        
[2026-04-03T06:34:54.398+0600][7.099s][info][gc,heap     ] GC(3) Y: Min Capacity: 8M(0%)
[2026-04-03T06:34:54.398+0600][7.099s][info][gc,heap     ] GC(3) Y: Max Capacity: 3922M(100%)
[2026-04-03T06:34:54.398+0600][7.099s][info][gc,heap     ] GC(3) Y: Soft Max Capacity: 3529M(90%)
[2026-04-03T06:34:54.398+0600][7.099s][info][gc,heap     ] GC(3) Y: Heap Statistics:
[2026-04-03T06:34:54.398+0600][7.099s][info][gc,heap     ] GC(3) Y:                Mark Start          Mark End        Relocate Start      Relocate End           High               Low         
[2026-04-03T06:34:54.398+0600][7.099s][info][gc,heap     ] GC(3) Y:  Capacity:     1060M (27%)        1162M (30%)        1164M (30%)        1164M (30%)        1164M (30%)        1060M (27%)    
[2026-04-03T06:34:54.398+0600][7.099s][info][gc,heap     ] GC(3) Y:      Free:     2862M (73%)        2760M (70%)        2808M (72%)        3614M (92%)        3614M (92%)        2758M (70%)    
[2026-04-03T06:34:54.398+0600][7.099s][info][gc,heap     ] GC(3) Y:      Used:     1060M (27%)        1162M (30%)        1114M (28%)         308M (8%)         1164M (30%)         308M (8%)     
[2026-04-03T06:34:54.398+0600][7.099s][info][gc,heap     ] GC(3) Y: Young Generation Statistics:
[2026-04-03T06:34:54.398+0600][7.099s][info][gc,heap     ] GC(3) Y:                Mark Start          Mark End        Relocate Start      Relocate End    
[2026-04-03T06:34:54.398+0600][7.099s][info][gc,heap     ] GC(3) Y:      Used:     1040M (27%)        1142M (29%)        1094M (28%)         288M (7%)     
[2026-04-03T06:34:54.398+0600][7.099s][info][gc,heap     ] GC(3) Y:      Live:         -                73M (2%)           73M (2%)           73M (2%)     
[2026-04-03T06:34:54.398+0600][7.100s][info][gc,heap     ] GC(3) Y:   Garbage:         -               966M (25%)         908M (23%)           3M (0%)     
[2026-04-03T06:34:54.398+0600][7.100s][info][gc,heap     ] GC(3) Y: Allocated:         -               102M (3%)          112M (3%)          210M (5%)     
[2026-04-03T06:34:54.398+0600][7.100s][info][gc,heap     ] GC(3) Y: Reclaimed:         -                  -                58M (1%)          962M (25%)    
[2026-04-03T06:34:54.398+0600][7.100s][info][gc,heap     ] GC(3) Y:  Promoted:         -                  -                 0M (0%)            0M (0%)     
[2026-04-03T06:34:54.398+0600][7.100s][info][gc,heap     ] GC(3) Y: Compacted:         -                  -                  -                61M (2%)     
[2026-04-03T06:34:54.398+0600][7.100s][info][gc,phases   ] GC(3) Y: Young Generation 1060M(27%)->308M(8%) 0.299s
[2026-04-03T06:34:54.398+0600][7.100s][info][gc,phases   ] GC(3) O: Old Generation
[2026-04-03T06:34:54.416+0600][7.117s][info][gc,phases   ] GC(3) O: Concurrent Mark 17.756ms
[2026-04-03T06:34:54.416+0600][7.118s][info][gc,phases   ] GC(3) O: Pause Mark End 0.037ms
[2026-04-03T06:34:54.417+0600][7.119s][info][gc,phases   ] GC(3) O: Concurrent Mark Free 0.003ms
[2026-04-03T06:34:54.463+0600][7.165s][info][gc,phases   ] GC(3) O: Concurrent Process Non-Strong 45.590ms
[2026-04-03T06:34:54.463+0600][7.165s][info][gc,phases   ] GC(3) O: Concurrent Reset Relocation Set 0.003ms
[2026-04-03T06:34:54.468+0600][7.169s][info][gc,phases   ] GC(3) O: Concurrent Select Relocation Set 4.441ms
[2026-04-03T06:34:54.468+0600][7.169s][info][gc,task     ] GC(3) O: Using 3 Workers for Old Generation
[2026-04-03T06:34:54.496+0600][7.198s][info][gc,task     ] GC(3) O: Using 1 Workers for Old Generation
[2026-04-03T06:34:54.496+0600][7.198s][info][gc,phases   ] GC(3) O: Concurrent Remap Roots 28.386ms
[2026-04-03T06:34:54.497+0600][7.198s][info][gc,phases   ] GC(3) O: Pause Relocate Start 0.031ms
[2026-04-03T06:34:54.502+0600][7.204s][info][gc,phases   ] GC(3) O: Concurrent Relocate 5.527ms
[2026-04-03T06:34:54.502+0600][7.204s][info][gc,alloc    ] GC(3) O:                         Mark Start        Mark End      Relocate Start    Relocate End   
[2026-04-03T06:34:54.502+0600][7.204s][info][gc,alloc    ] GC(3) O: Allocation Stalls:          0                0                0                0         
[2026-04-03T06:34:54.502+0600][7.204s][info][gc,load     ] GC(3) O: Load: 4.59 (38%) / 6.26 (52%) / 4.82 (40%)
[2026-04-03T06:34:54.502+0600][7.204s][info][gc,mmu      ] GC(3) O: MMU: 2ms/97.9%, 5ms/99.2%, 10ms/99.3%, 20ms/99.7%, 50ms/99.8%, 100ms/99.9%
[2026-04-03T06:34:54.503+0600][7.204s][info][gc,marking  ] GC(3) O: Mark: 1 stripe(s), 2 proactive flush(es), 1 terminate flush(es), 0 completion(s), 0 continuation(s) 
[2026-04-03T06:34:54.503+0600][7.204s][info][gc,marking  ] GC(3) O: Mark Stack Usage: 32M
[2026-04-03T06:34:54.503+0600][7.204s][info][gc,nmethod  ] GC(3) O: NMethods: 5126 registered, 355 unregistered
[2026-04-03T06:34:54.503+0600][7.204s][info][gc,metaspace] GC(3) O: Metaspace: 21M used, 21M committed, 1088M reserved
[2026-04-03T06:34:54.503+0600][7.204s][info][gc,ref      ] GC(3) O:                       Encountered   Discovered     Enqueued 
[2026-04-03T06:34:54.503+0600][7.204s][info][gc,ref      ] GC(3) O: Soft References:             1133            0            0 
[2026-04-03T06:34:54.503+0600][7.204s][info][gc,ref      ] GC(3) O: Weak References:             1415          129            0 
[2026-04-03T06:34:54.503+0600][7.204s][info][gc,ref      ] GC(3) O: Final References:               3            0            0 
[2026-04-03T06:34:54.503+0600][7.204s][info][gc,ref      ] GC(3) O: Phantom References:            69           19            0 
[2026-04-03T06:34:54.503+0600][7.204s][info][gc,reloc    ] GC(3) O:                        Candidates     Selected     In-Place         Size        Empty    Relocated 
[2026-04-03T06:34:54.503+0600][7.204s][info][gc,reloc    ] GC(3) O: Small Pages:                   10            8            0          20M           0M           1M 
[2026-04-03T06:34:54.503+0600][7.204s][info][gc,reloc    ] GC(3) O: Medium Pages:                   0            0            0           0M           0M           0M 
[2026-04-03T06:34:54.503+0600][7.204s][info][gc,reloc    ] GC(3) O: Large Pages:                    0            0            0           0M           0M           0M 
[2026-04-03T06:34:54.503+0600][7.204s][info][gc,reloc    ] GC(3) O: Forwarding Usage: 0M
[2026-04-03T06:34:54.503+0600][7.204s][info][gc,heap     ] GC(3) O: Min Capacity: 8M(0%)
[2026-04-03T06:34:54.503+0600][7.204s][info][gc,heap     ] GC(3) O: Max Capacity: 3922M(100%)
[2026-04-03T06:34:54.503+0600][7.205s][info][gc,heap     ] GC(3) O: Soft Max Capacity: 3529M(90%)
[2026-04-03T06:34:54.503+0600][7.205s][info][gc,heap     ] GC(3) O: Heap Statistics:
[2026-04-03T06:34:54.503+0600][7.205s][info][gc,heap     ] GC(3) O:                Mark Start          Mark End        Relocate Start      Relocate End           High               Low         
[2026-04-03T06:34:54.503+0600][7.205s][info][gc,heap     ] GC(3) O:  Capacity:     1060M (27%)        1164M (30%)        1164M (30%)        1164M (30%)        1164M (30%)        1060M (27%)    
[2026-04-03T06:34:54.503+0600][7.205s][info][gc,heap     ] GC(3) O:      Free:     2862M (73%)        3608M (92%)        3572M (91%)        3572M (91%)        3614M (92%)        2758M (70%)    
[2026-04-03T06:34:54.503+0600][7.205s][info][gc,heap     ] GC(3) O:      Used:     1060M (27%)         314M (8%)          350M (9%)          350M (9%)         1164M (30%)         308M (8%)     
[2026-04-03T06:34:54.503+0600][7.205s][info][gc,heap     ] GC(3) O: Old Generation Statistics:
[2026-04-03T06:34:54.503+0600][7.205s][info][gc,heap     ] GC(3) O:                Mark Start          Mark End        Relocate Start      Relocate End    
[2026-04-03T06:34:54.503+0600][7.205s][info][gc,heap     ] GC(3) O:      Used:       20M (1%)           20M (1%)           20M (1%)           16M (0%)     
[2026-04-03T06:34:54.503+0600][7.205s][info][gc,heap     ] GC(3) O:      Live:         -                 3M (0%)            3M (0%)            3M (0%)     
[2026-04-03T06:34:54.503+0600][7.205s][info][gc,heap     ] GC(3) O:   Garbage:         -                16M (0%)           16M (0%)            0M (0%)     
[2026-04-03T06:34:54.503+0600][7.205s][info][gc,heap     ] GC(3) O: Allocated:         -                 0M (0%)            0M (0%)           12M (0%)     
[2026-04-03T06:34:54.503+0600][7.205s][info][gc,heap     ] GC(3) O: Reclaimed:         -                  -                 0M (0%)           16M (0%)     
[2026-04-03T06:34:54.503+0600][7.205s][info][gc,heap     ] GC(3) O: Compacted:         -                  -                  -                 1M (0%)     
[2026-04-03T06:34:54.503+0600][7.205s][info][gc,phases   ] GC(3) O: Old Generation 308M(8%)->350M(9%) 0.104s
[2026-04-03T06:34:54.503+0600][7.205s][info][gc          ] GC(3) Major Collection (Warmup) 1060M(27%)->350M(9%) 0.405s
[2026-04-03T06:34:56.605+0600][9.307s][info][gc          ] GC(4) Minor Collection (Allocation Rate)
[2026-04-03T06:34:56.605+0600][9.307s][info][gc,task     ] GC(4) Using 2 Workers for Young Generation
[2026-04-03T06:34:56.605+0600][9.307s][info][gc,phases   ] GC(4) y: Young Generation
[2026-04-03T06:34:56.609+0600][9.311s][info][gc,phases   ] GC(4) y: Pause Mark Start 0.060ms
[2026-04-03T06:34:56.852+0600][9.554s][info][gc,phases   ] GC(4) y: Concurrent Mark 240.158ms
[2026-04-03T06:34:56.853+0600][9.554s][info][gc,phases   ] GC(4) y: Pause Mark End 0.028ms
[2026-04-03T06:34:56.856+0600][9.557s][info][gc,phases   ] GC(4) y: Concurrent Mark Free 0.004ms
[2026-04-03T06:34:56.856+0600][9.558s][info][gc,phases   ] GC(4) y: Concurrent Reset Relocation Set 0.084ms
[2026-04-03T06:34:56.860+0600][9.562s][info][gc,reloc    ] GC(4) y: Using tenuring threshold: 2 (Computed)
[2026-04-03T06:34:56.898+0600][9.600s][info][gc,phases   ] GC(4) y: Concurrent Select Relocation Set 42.378ms
[2026-04-03T06:34:56.899+0600][9.601s][info][gc,phases   ] GC(4) y: Pause Relocate Start 0.033ms
[2026-04-03T06:34:57.049+0600][9.751s][info][gc,phases   ] GC(4) y: Concurrent Relocate 147.971ms
[2026-04-03T06:34:57.049+0600][9.751s][info][gc,alloc    ] GC(4) y:                         Mark Start        Mark End      Relocate Start    Relocate End   
[2026-04-03T06:34:57.049+0600][9.751s][info][gc,alloc    ] GC(4) y: Allocation Stalls:          0                0                0                0         
[2026-04-03T06:34:57.049+0600][9.751s][info][gc,load     ] GC(4) y: Load: 5.59 (47%) / 6.44 (54%) / 4.88 (41%)
[2026-04-03T06:34:57.049+0600][9.751s][info][gc,mmu      ] GC(4) y: MMU: 2ms/97.0%, 5ms/98.8%, 10ms/99.3%, 20ms/99.7%, 50ms/99.8%, 100ms/99.9%
[2026-04-03T06:34:57.049+0600][9.751s][info][gc,marking  ] GC(4) y: Mark: 2 stripe(s), 2 proactive flush(es), 1 terminate flush(es), 0 completion(s), 0 continuation(s) 
[2026-04-03T06:34:57.049+0600][9.751s][info][gc,marking  ] GC(4) y: Mark Stack Usage: 32M
[2026-04-03T06:34:57.049+0600][9.751s][info][gc,nmethod  ] GC(4) y: NMethods: 6245 registered, 0 unregistered
[2026-04-03T06:34:57.049+0600][9.751s][info][gc,metaspace] GC(4) y: Metaspace: 22M used, 22M committed, 1088M reserved
[2026-04-03T06:34:57.049+0600][9.751s][info][gc,reloc    ] GC(4) y:                        Candidates     Selected     In-Place         Size        Empty    Relocated 
[2026-04-03T06:34:57.049+0600][9.751s][info][gc,reloc    ] GC(4) y: Small Pages:                  883          758            0        1766M         186M          26M 
[2026-04-03T06:34:57.049+0600][9.751s][info][gc,reloc    ] GC(4) y: Medium Pages:                   0            0            0           0M           0M           0M 
[2026-04-03T06:34:57.049+0600][9.751s][info][gc,reloc    ] GC(4) y: Large Pages:                    0            0            0           0M           0M           0M 
[2026-04-03T06:34:57.049+0600][9.751s][info][gc,reloc    ] GC(4) y: Forwarding Usage: 14M
[2026-04-03T06:34:57.049+0600][9.751s][info][gc,reloc    ] GC(4) y: Age Table:
[2026-04-03T06:34:57.049+0600][9.751s][info][gc,reloc    ] GC(4) y:                    Live             Garbage             Small              Medium             Large        
[2026-04-03T06:34:57.049+0600][9.751s][info][gc,reloc    ] GC(4) y: Eden              27M (1%)         1590M (41%)        809 / 703            0 / 0              0 / 0        
[2026-04-03T06:34:57.049+0600][9.751s][info][gc,reloc    ] GC(4) y: Survivor 1         3M (0%)           66M (2%)          35 / 30             0 / 0              0 / 0        
[2026-04-03T06:34:57.049+0600][9.751s][info][gc,reloc    ] GC(4) y: Survivor 2        23M (1%)           28M (1%)          26 / 13             0 / 0              0 / 0        
[2026-04-03T06:34:57.049+0600][9.751s][info][gc,reloc    ] GC(4) y: Survivor 3         2M (0%)           23M (1%)          13 / 12             0 / 0              0 / 0        
[2026-04-03T06:34:57.050+0600][9.751s][info][gc,heap     ] GC(4) y: Min Capacity: 8M(0%)
[2026-04-03T06:34:57.050+0600][9.751s][info][gc,heap     ] GC(4) y: Max Capacity: 3922M(100%)
[2026-04-03T06:34:57.050+0600][9.751s][info][gc,heap     ] GC(4) y: Soft Max Capacity: 3529M(90%)
[2026-04-03T06:34:57.050+0600][9.751s][info][gc,heap     ] GC(4) y: Heap Statistics:
[2026-04-03T06:34:57.050+0600][9.751s][info][gc,heap     ] GC(4) y:                Mark Start          Mark End        Relocate Start      Relocate End           High               Low         
[2026-04-03T06:34:57.050+0600][9.751s][info][gc,heap     ] GC(4) y:  Capacity:     1782M (45%)        1918M (49%)        1918M (49%)        1918M (49%)        1918M (49%)        1782M (45%)    
[2026-04-03T06:34:57.050+0600][9.751s][info][gc,heap     ] GC(4) y:      Free:     2140M (55%)        2004M (51%)        2146M (55%)        3498M (89%)        3552M (91%)        2004M (51%)    
[2026-04-03T06:34:57.050+0600][9.751s][info][gc,heap     ] GC(4) y:      Used:     1782M (45%)        1918M (49%)        1776M (45%)         424M (11%)        1918M (49%)         370M (9%)     
[2026-04-03T06:34:57.050+0600][9.751s][info][gc,heap     ] GC(4) y: Young Generation Statistics:
[2026-04-03T06:34:57.050+0600][9.751s][info][gc,heap     ] GC(4) y:                Mark Start          Mark End        Relocate Start      Relocate End    
[2026-04-03T06:34:57.050+0600][9.751s][info][gc,heap     ] GC(4) y:      Used:     1766M (45%)        1902M (48%)        1742M (44%)         368M (9%)     
[2026-04-03T06:34:57.050+0600][9.751s][info][gc,heap     ] GC(4) y:      Live:         -                56M (1%)           39M (1%)           30M (1%)     
[2026-04-03T06:34:57.050+0600][9.751s][info][gc,heap     ] GC(4) y:   Garbage:         -              1709M (44%)        1522M (39%)           0M (0%)     
[2026-04-03T06:34:57.050+0600][9.751s][info][gc,heap     ] GC(4) y: Allocated:         -               136M (3%)          180M (5%)          337M (9%)     
[2026-04-03T06:34:57.050+0600][9.751s][info][gc,heap     ] GC(4) y: Reclaimed:         -                  -               187M (5%)         1709M (44%)    
[2026-04-03T06:34:57.050+0600][9.751s][info][gc,heap     ] GC(4) y:  Promoted:         -                  -                16M (0%)           25M (1%)     
[2026-04-03T06:34:57.050+0600][9.751s][info][gc,heap     ] GC(4) y: Compacted:         -                  -                  -                30M (1%)     
[2026-04-03T06:34:57.050+0600][9.751s][info][gc,phases   ] GC(4) y: Young Generation 1782M(45%)->424M(11%) 0.444s
[2026-04-03T06:34:57.050+0600][9.751s][info][gc          ] GC(4) Minor Collection (Allocation Rate) 1782M(45%)->426M(11%) 0.445s
[2026-04-03T06:34:59.227+0600][11.928s][info][gc          ] GC(5) Minor Collection (Allocation Rate)
[2026-04-03T06:34:59.227+0600][11.928s][info][gc,task     ] GC(5) Using 2 Workers for Young Generation
[2026-04-03T06:34:59.227+0600][11.928s][info][gc,phases   ] GC(5) y: Young Generation
[2026-04-03T06:34:59.236+0600][11.937s][info][gc,phases   ] GC(5) y: Pause Mark Start 0.048ms
[2026-04-03T06:34:59.728+0600][12.430s][info][gc,phases   ] GC(5) y: Concurrent Mark 492.513ms
[2026-04-03T06:34:59.732+0600][12.433s][info][gc,phases   ] GC(5) y: Pause Mark End 0.045ms
[2026-04-03T06:34:59.735+0600][12.437s][info][gc,phases   ] GC(5) y: Concurrent Mark Free 0.005ms
[2026-04-03T06:34:59.736+0600][12.437s][info][gc,phases   ] GC(5) y: Concurrent Reset Relocation Set 0.186ms
[2026-04-03T06:34:59.750+0600][12.452s][info][gc,reloc    ] GC(5) y: Using tenuring threshold: 3 (Computed)
[2026-04-03T06:34:59.826+0600][12.527s][info][gc,phases   ] GC(5) y: Concurrent Select Relocation Set 89.864ms
[2026-04-03T06:34:59.826+0600][12.528s][info][gc,phases   ] GC(5) y: Pause Relocate Start 0.034ms
[2026-04-03T06:35:00.057+0600][12.758s][info][gc,phases   ] GC(5) y: Concurrent Relocate 230.603ms
[2026-04-03T06:35:00.057+0600][12.759s][info][gc,alloc    ] GC(5) y:                         Mark Start        Mark End      Relocate Start    Relocate End   
[2026-04-03T06:35:00.057+0600][12.759s][info][gc,alloc    ] GC(5) y: Allocation Stalls:          0                0                0                0         
[2026-04-03T06:35:00.057+0600][12.759s][info][gc,load     ] GC(5) y: Load: 5.59 (47%) / 6.44 (54%) / 4.88 (41%)
[2026-04-03T06:35:00.057+0600][12.759s][info][gc,mmu      ] GC(5) y: MMU: 2ms/97.0%, 5ms/98.8%, 10ms/99.3%, 20ms/99.7%, 50ms/99.8%, 100ms/99.9%
[2026-04-03T06:35:00.057+0600][12.759s][info][gc,marking  ] GC(5) y: Mark: 2 stripe(s), 2 proactive flush(es), 1 terminate flush(es), 0 completion(s), 0 continuation(s) 
[2026-04-03T06:35:00.057+0600][12.759s][info][gc,marking  ] GC(5) y: Mark Stack Usage: 32M
[2026-04-03T06:35:00.057+0600][12.759s][info][gc,nmethod  ] GC(5) y: NMethods: 6827 registered, 0 unregistered
[2026-04-03T06:35:00.057+0600][12.759s][info][gc,metaspace] GC(5) y: Metaspace: 24M used, 24M committed, 1088M reserved
[2026-04-03T06:35:00.057+0600][12.759s][info][gc,reloc    ] GC(5) y:                        Candidates     Selected     In-Place         Size        Empty    Relocated 
[2026-04-03T06:35:00.057+0600][12.759s][info][gc,reloc    ] GC(5) y: Small Pages:                 1084          881            0        2168M         214M          96M 
[2026-04-03T06:35:00.057+0600][12.759s][info][gc,reloc    ] GC(5) y: Medium Pages:                   1            0            0          32M           0M           0M 
[2026-04-03T06:35:00.057+0600][12.759s][info][gc,reloc    ] GC(5) y: Large Pages:                    0            0            0           0M           0M           0M 
[2026-04-03T06:35:00.057+0600][12.759s][info][gc,reloc    ] GC(5) y: Forwarding Usage: 53M
[2026-04-03T06:35:00.057+0600][12.759s][info][gc,reloc    ] GC(5) y: Age Table:
[2026-04-03T06:35:00.057+0600][12.759s][info][gc,reloc    ] GC(5) y:                    Live             Garbage             Small              Medium             Large        
[2026-04-03T06:35:00.057+0600][12.759s][info][gc,reloc    ] GC(5) y: Eden             156M (4%)         1963M (50%)       1044 / 848            1 / 0              0 / 0        
[2026-04-03T06:35:00.057+0600][12.759s][info][gc,reloc    ] GC(5) y: Survivor 1         8M (0%)           43M (1%)          26 / 20             0 / 0              0 / 0        
[2026-04-03T06:35:00.057+0600][12.759s][info][gc,reloc    ] GC(5) y: Survivor 2         3M (0%)           24M (1%)          14 / 13             0 / 0              0 / 0        
[2026-04-03T06:35:00.057+0600][12.759s][info][gc,heap     ] GC(5) y: Min Capacity: 8M(0%)
[2026-04-03T06:35:00.057+0600][12.759s][info][gc,heap     ] GC(5) y: Max Capacity: 3922M(100%)
[2026-04-03T06:35:00.058+0600][12.759s][info][gc,heap     ] GC(5) y: Soft Max Capacity: 3529M(90%)
[2026-04-03T06:35:00.058+0600][12.759s][info][gc,heap     ] GC(5) y: Heap Statistics:
[2026-04-03T06:35:00.058+0600][12.759s][info][gc,heap     ] GC(5) y:                Mark Start          Mark End        Relocate Start      Relocate End           High               Low         
[2026-04-03T06:35:00.058+0600][12.759s][info][gc,heap     ] GC(5) y:  Capacity:     2256M (58%)        2556M (65%)        2556M (65%)        2556M (65%)        2556M (65%)        2256M (58%)    
[2026-04-03T06:35:00.058+0600][12.759s][info][gc,heap     ] GC(5) y:      Free:     1666M (42%)        1368M (35%)        1494M (38%)        3070M (78%)        3074M (78%)        1366M (35%)    
[2026-04-03T06:35:00.058+0600][12.759s][info][gc,heap     ] GC(5) y:      Used:     2256M (58%)        2554M (65%)        2428M (62%)         852M (22%)        2556M (65%)         848M (22%)    
[2026-04-03T06:35:00.058+0600][12.759s][info][gc,heap     ] GC(5) y: Young Generation Statistics:
[2026-04-03T06:35:00.058+0600][12.759s][info][gc,heap     ] GC(5) y:                Mark Start          Mark End        Relocate Start      Relocate End    
[2026-04-03T06:35:00.058+0600][12.759s][info][gc,heap     ] GC(5) y:      Used:     2200M (56%)        2498M (64%)        2372M (60%)         796M (20%)    
[2026-04-03T06:35:00.058+0600][12.759s][info][gc,heap     ] GC(5) y:      Live:         -               167M (4%)          167M (4%)          167M (4%)     
[2026-04-03T06:35:00.058+0600][12.759s][info][gc,heap     ] GC(5) y:   Garbage:         -              2032M (52%)        1818M (46%)          33M (1%)     
[2026-04-03T06:35:00.058+0600][12.759s][info][gc,heap     ] GC(5) y: Allocated:         -               298M (8%)          386M (10%)         594M (15%)    
[2026-04-03T06:35:00.058+0600][12.759s][info][gc,heap     ] GC(5) y: Reclaimed:         -                  -               214M (5%)         1998M (51%)    
[2026-04-03T06:35:00.058+0600][12.759s][info][gc,heap     ] GC(5) y:  Promoted:         -                  -                 0M (0%)            0M (0%)     
[2026-04-03T06:35:00.058+0600][12.759s][info][gc,heap     ] GC(5) y: Compacted:         -                  -                  -               157M (4%)     
[2026-04-03T06:35:00.058+0600][12.759s][info][gc,phases   ] GC(5) y: Young Generation 2252M(57%)->852M(22%) 0.830s
[2026-04-03T06:35:00.058+0600][12.759s][info][gc          ] GC(5) Minor Collection (Allocation Rate) 2252M(57%)->852M(22%) 0.831s
[2026-04-03T06:35:00.353+0600][13.055s][info][gc          ] GC(6) Minor Collection (Allocation Rate)
[2026-04-03T06:35:00.354+0600][13.055s][info][gc,task     ] GC(6) Using 2 Workers for Young Generation
[2026-04-03T06:35:00.354+0600][13.055s][info][gc,phases   ] GC(6) y: Young Generation
[2026-04-03T06:35:00.354+0600][13.056s][info][gc,phases   ] GC(6) y: Pause Mark Start 0.039ms
[2026-04-03T06:35:01.103+0600][13.805s][info][gc,phases   ] GC(6) y: Concurrent Mark 745.121ms
[2026-04-03T06:35:01.104+0600][13.806s][info][gc,phases   ] GC(6) y: Pause Mark End 0.032ms
[2026-04-03T06:35:01.104+0600][13.806s][info][gc,phases   ] GC(6) y: Concurrent Mark Free 0.003ms
[2026-04-03T06:35:01.104+0600][13.806s][info][gc,phases   ] GC(6) y: Concurrent Reset Relocation Set 0.166ms
[2026-04-03T06:35:01.107+0600][13.809s][info][gc,reloc    ] GC(6) y: Using tenuring threshold: 2 (Computed)
[2026-04-03T06:35:01.120+0600][13.822s][info][gc,phases   ] GC(6) y: Concurrent Select Relocation Set 15.550ms
[2026-04-03T06:35:01.120+0600][13.822s][info][gc,phases   ] GC(6) y: Pause Relocate Start 0.027ms
[2026-04-03T06:35:01.215+0600][13.916s][info][gc,phases   ] GC(6) y: Concurrent Relocate 94.210ms
[2026-04-03T06:35:01.215+0600][13.916s][info][gc,alloc    ] GC(6) y:                         Mark Start        Mark End      Relocate Start    Relocate End   
[2026-04-03T06:35:01.215+0600][13.916s][info][gc,alloc    ] GC(6) y: Allocation Stalls:          0                0                0                0         
[2026-04-03T06:35:01.215+0600][13.916s][info][gc,load     ] GC(6) y: Load: 5.59 (47%) / 6.44 (54%) / 4.88 (41%)
[2026-04-03T06:35:01.215+0600][13.916s][info][gc,mmu      ] GC(6) y: MMU: 2ms/97.0%, 5ms/98.8%, 10ms/99.3%, 20ms/99.7%, 50ms/99.8%, 100ms/99.9%
[2026-04-03T06:35:01.215+0600][13.917s][info][gc,marking  ] GC(6) y: Mark: 2 stripe(s), 10 proactive flush(es), 1 terminate flush(es), 0 completion(s), 0 continuation(s) 
[2026-04-03T06:35:01.215+0600][13.917s][info][gc,marking  ] GC(6) y: Mark Stack Usage: 32M
[2026-04-03T06:35:01.215+0600][13.917s][info][gc,nmethod  ] GC(6) y: NMethods: 7133 registered, 0 unregistered
[2026-04-03T06:35:01.215+0600][13.917s][info][gc,metaspace] GC(6) y: Metaspace: 24M used, 24M committed, 1088M reserved
[2026-04-03T06:35:01.215+0600][13.917s][info][gc,reloc    ] GC(6) y:                        Candidates     Selected     In-Place         Size        Empty    Relocated 
[2026-04-03T06:35:01.215+0600][13.917s][info][gc,reloc    ] GC(6) y: Small Pages:                  509          363            0        1018M          76M          39M 
[2026-04-03T06:35:01.215+0600][13.917s][info][gc,reloc    ] GC(6) y: Medium Pages:                   2            1            0          64M           0M           0M 
[2026-04-03T06:35:01.215+0600][13.917s][info][gc,reloc    ] GC(6) y: Large Pages:                    0            0            0           0M           0M           0M 
[2026-04-03T06:35:01.215+0600][13.917s][info][gc,reloc    ] GC(6) y: Forwarding Usage: 23M
[2026-04-03T06:35:01.215+0600][13.917s][info][gc,reloc    ] GC(6) y: Age Table:
[2026-04-03T06:35:01.215+0600][13.917s][info][gc,reloc    ] GC(6) y:                    Live             Garbage             Small              Medium             Large        
[2026-04-03T06:35:01.215+0600][13.917s][info][gc,reloc    ] GC(6) y: Eden              47M (1%)          772M (20%)        394 / 329            1 / 0              0 / 0        
[2026-04-03T06:35:01.215+0600][13.917s][info][gc,reloc    ] GC(6) y: Survivor 1       141M (4%)           66M (2%)          88 / 13             1 / 1              0 / 0        
[2026-04-03T06:35:01.215+0600][13.917s][info][gc,reloc    ] GC(6) y: Survivor 2         5M (0%)           24M (1%)          15 / 11             0 / 0              0 / 0        
[2026-04-03T06:35:01.215+0600][13.917s][info][gc,reloc    ] GC(6) y: Survivor 3         3M (0%)           20M (1%)          12 / 10             0 / 0              0 / 0        
[2026-04-03T06:35:01.215+0600][13.917s][info][gc,heap     ] GC(6) y: Min Capacity: 8M(0%)
[2026-04-03T06:35:01.215+0600][13.917s][info][gc,heap     ] GC(6) y: Max Capacity: 3922M(100%)
[2026-04-03T06:35:01.215+0600][13.917s][info][gc,heap     ] GC(6) y: Soft Max Capacity: 3529M(90%)
[2026-04-03T06:35:01.215+0600][13.917s][info][gc,heap     ] GC(6) y: Heap Statistics:
[2026-04-03T06:35:01.215+0600][13.917s][info][gc,heap     ] GC(6) y:                Mark Start          Mark End        Relocate Start      Relocate End           High               Low         
[2026-04-03T06:35:01.215+0600][13.917s][info][gc,heap     ] GC(6) y:  Capacity:     2556M (65%)        2556M (65%)        2556M (65%)        2620M (67%)        2620M (67%)        2556M (65%)    
[2026-04-03T06:35:01.215+0600][13.917s][info][gc,heap     ] GC(6) y:      Free:     2784M (71%)        2226M (57%)        2302M (59%)        3024M (77%)        3024M (77%)        2226M (57%)    
[2026-04-03T06:35:01.215+0600][13.917s][info][gc,heap     ] GC(6) y:      Used:     1138M (29%)        1696M (43%)        1620M (41%)         898M (23%)        1696M (43%)         898M (23%)    
[2026-04-03T06:35:01.215+0600][13.917s][info][gc,heap     ] GC(6) y: Young Generation Statistics:
[2026-04-03T06:35:01.215+0600][13.917s][info][gc,heap     ] GC(6) y:                Mark Start          Mark End        Relocate Start      Relocate End    
[2026-04-03T06:35:01.215+0600][13.917s][info][gc,heap     ] GC(6) y:      Used:     1082M (28%)        1640M (42%)        1558M (40%)         830M (21%)    
[2026-04-03T06:35:01.215+0600][13.917s][info][gc,heap     ] GC(6) y:      Live:         -               197M (5%)          192M (5%)          188M (5%)     
[2026-04-03T06:35:01.215+0600][13.917s][info][gc,heap     ] GC(6) y:   Garbage:         -               884M (23%)         807M (21%)           9M (0%)     
[2026-04-03T06:35:01.215+0600][13.917s][info][gc,heap     ] GC(6) y: Allocated:         -               558M (14%)         558M (14%)         632M (16%)    
[2026-04-03T06:35:01.215+0600][13.917s][info][gc,heap     ] GC(6) y: Reclaimed:         -                  -                76M (2%)          875M (22%)    
[2026-04-03T06:35:01.215+0600][13.917s][info][gc,heap     ] GC(6) y:  Promoted:         -                  -                 5M (0%)            8M (0%)     
[2026-04-03T06:35:01.215+0600][13.917s][info][gc,heap     ] GC(6) y: Compacted:         -                  -                  -                61M (2%)     
[2026-04-03T06:35:01.215+0600][13.917s][info][gc,phases   ] GC(6) y: Young Generation 1138M(29%)->898M(23%) 0.861s
[2026-04-03T06:35:01.215+0600][13.917s][info][gc          ] GC(6) Minor Collection (Allocation Rate) 1138M(29%)->898M(23%) 0.862s
[2026-04-03T06:35:01.260+0600][13.962s][info][gc,exit     ] Stopping ZGC
[2026-04-03T06:35:01.261+0600][13.962s][info][gc,stats    ] === Garbage Collection Statistics =======================================================================================================================
[2026-04-03T06:35:01.261+0600][13.962s][info][gc,stats    ]                                                              Last 10s              Last 10m              Last 10h                Total
[2026-04-03T06:35:01.261+0600][13.962s][info][gc,stats    ]                                                              Avg / Max             Avg / Max             Avg / Max             Avg / Max
[2026-04-03T06:35:01.261+0600][13.962s][info][gc,stats    ]        Contention: Mark Segment Reset Contention                     9 / 51                8 / 51                8 / 51                8 / 51          ops/s
[2026-04-03T06:35:01.261+0600][13.962s][info][gc,stats    ]        Contention: Mark SeqNum Reset Contention                      0 / 4                 0 / 4                 0 / 4                 0 / 4           ops/s
[2026-04-03T06:35:01.261+0600][13.962s][info][gc,stats    ]          Critical: Allocation Stall                                  0 / 0                 0 / 0                 0 / 0                 0 / 0           ops/s
[2026-04-03T06:35:01.261+0600][13.962s][info][gc,stats    ]          Critical: Allocation Stall                              0.000 / 0.000         0.000 / 0.000         0.000 / 0.000         0.000 / 0.000       ms
[2026-04-03T06:35:01.261+0600][13.962s][info][gc,stats    ]          Critical: JNI Critical Stall                                0 / 0                 0 / 1                 0 / 1                 0 / 1           ops/s
[2026-04-03T06:35:01.261+0600][13.962s][info][gc,stats    ]          Critical: JNI Critical Stall                            0.000 / 0.000         0.434 / 0.434         0.434 / 0.434         0.434 / 0.434       ms
[2026-04-03T06:35:01.261+0600][13.962s][info][gc,stats    ]          Critical: Relocation Stall                                  0 / 0                 0 / 0                 0 / 0                 0 / 0           ops/s
[2026-04-03T06:35:01.261+0600][13.962s][info][gc,stats    ]          Critical: Relocation Stall                              0.000 / 0.000         0.000 / 0.000         0.000 / 0.000         0.000 / 0.000       ms
[2026-04-03T06:35:01.261+0600][13.962s][info][gc,stats    ]  Major Collection: Major Collection                            484.393 / 563.860     267.231 / 563.860     267.231 / 563.860     267.231 / 563.860     ms
[2026-04-03T06:35:01.261+0600][13.962s][info][gc,stats    ]            Memory: Allocation Rate                                 648 / 972             544 / 972             544 / 972             544 / 972         MB/s
[2026-04-03T06:35:01.261+0600][13.962s][info][gc,stats    ]            Memory: Defragment                                        3 / 30                2 / 30                2 / 30                2 / 30          ops/s
[2026-04-03T06:35:01.261+0600][13.962s][info][gc,stats    ]            Memory: Out Of Memory                                     0 / 0                 0 / 0                 0 / 0                 0 / 0           ops/s
[2026-04-03T06:35:01.261+0600][13.962s][info][gc,stats    ]            Memory: Page Cache Flush                                  6 / 60                4 / 60                4 / 60                4 / 60          MB/s
[2026-04-03T06:35:01.261+0600][13.962s][info][gc,stats    ]            Memory: Page Cache Hit L1                               230 / 434             185 / 434             185 / 434             185 / 434         ops/s
[2026-04-03T06:35:01.261+0600][13.962s][info][gc,stats    ]            Memory: Page Cache Hit L2                                 0 / 0                 0 / 0                 0 / 0                 0 / 0           ops/s
[2026-04-03T06:35:01.261+0600][13.962s][info][gc,stats    ]            Memory: Page Cache Hit L3                                 4 / 29               11 / 73               11 / 73               11 / 73          ops/s
[2026-04-03T06:35:01.261+0600][13.962s][info][gc,stats    ]            Memory: Page Cache Miss                                 103 / 257              84 / 257              84 / 257              84 / 257         ops/s
[2026-04-03T06:35:01.261+0600][13.962s][info][gc,stats    ]            Memory: Uncommit                                          0 / 0                 0 / 0                 0 / 0                 0 / 0           MB/s
[2026-04-03T06:35:01.261+0600][13.962s][info][gc,stats    ]            Memory: Undo Object Allocation Failed                     0 / 0                 0 / 0                 0 / 0                 0 / 0           ops/s
[2026-04-03T06:35:01.261+0600][13.962s][info][gc,stats    ]            Memory: Undo Object Allocation Succeeded                  4 / 39                3 / 39                3 / 39                3 / 39          ops/s
[2026-04-03T06:35:01.261+0600][13.962s][info][gc,stats    ]            Memory: Undo Page Allocation                              7 / 14                5 / 14                5 / 14                5 / 14          ops/s
[2026-04-03T06:35:01.261+0600][13.962s][info][gc,stats    ]  Minor Collection: Minor Collection                            637.901 / 831.293     637.901 / 831.293     637.901 / 831.293     637.901 / 831.293     ms
[2026-04-03T06:35:01.261+0600][13.963s][info][gc,stats    ]    Old Generation: Old Generation                              104.514 / 104.587      66.149 / 104.587      66.149 / 104.587      66.149 / 104.587     ms
[2026-04-03T06:35:01.261+0600][13.963s][info][gc,stats    ]         Old Pause: Pause Mark End                                0.033 / 0.037         0.024 / 0.037         0.024 / 0.037         0.024 / 0.037       ms
[2026-04-03T06:35:01.261+0600][13.963s][info][gc,stats    ]         Old Pause: Pause Relocate Start                          0.029 / 0.031         0.022 / 0.031         0.022 / 0.031         0.022 / 0.031       ms
[2026-04-03T06:35:01.261+0600][13.963s][info][gc,stats    ]         Old Phase: Concurrent Mark                              21.366 / 24.975       14.728 / 24.975       14.728 / 24.975       14.728 / 24.975      ms
[2026-04-03T06:35:01.261+0600][13.963s][info][gc,stats    ]         Old Phase: Concurrent Mark Continue                      0.000 / 0.000         0.000 / 0.000         0.000 / 0.000         0.000 / 0.000       ms
[2026-04-03T06:35:01.261+0600][13.963s][info][gc,stats    ]         Old Phase: Concurrent Mark Free                          0.003 / 0.004         0.002 / 0.004         0.002 / 0.004         0.002 / 0.004       ms
[2026-04-03T06:35:01.261+0600][13.963s][info][gc,stats    ]         Old Phase: Concurrent Process Non-Strong                39.902 / 45.590       21.129 / 45.590       21.129 / 45.590       21.129 / 45.590      ms
[2026-04-03T06:35:01.261+0600][13.963s][info][gc,stats    ]         Old Phase: Concurrent Relocate                           5.110 / 5.527         3.621 / 5.527         3.621 / 5.527         3.621 / 5.527       ms
[2026-04-03T06:35:01.261+0600][13.963s][info][gc,stats    ]         Old Phase: Concurrent Remap Roots                       30.246 / 32.107       21.475 / 32.107       21.475 / 32.107       21.475 / 32.107      ms
[2026-04-03T06:35:01.261+0600][13.963s][info][gc,stats    ]         Old Phase: Concurrent Reset Relocation Set               0.004 / 0.004         0.002 / 0.004         0.002 / 0.004         0.002 / 0.004       ms
[2026-04-03T06:35:01.261+0600][13.963s][info][gc,stats    ]         Old Phase: Concurrent Select Relocation Set              5.455 / 6.468         3.664 / 6.468         3.664 / 6.468         3.664 / 6.468       ms
[2026-04-03T06:35:01.261+0600][13.963s][info][gc,stats    ]      Old Subphase: Concurrent Classes Purge                      1.885 / 2.063         1.075 / 2.063         1.075 / 2.063         1.075 / 2.063       ms
[2026-04-03T06:35:01.261+0600][13.963s][info][gc,stats    ]      Old Subphase: Concurrent Classes Unlink                    31.638 / 36.080       16.593 / 36.080       16.593 / 36.080       16.593 / 36.080      ms
[2026-04-03T06:35:01.261+0600][13.963s][info][gc,stats    ]      Old Subphase: Concurrent Mark Follow                       20.493 / 23.536       14.201 / 23.536       14.201 / 23.536       14.201 / 23.536      ms
[2026-04-03T06:35:01.261+0600][13.963s][info][gc,stats    ]      Old Subphase: Concurrent Mark Root Colored                  0.107 / 0.119         0.047 / 0.119         0.047 / 0.119         0.047 / 0.119       ms
[2026-04-03T06:35:01.261+0600][13.963s][info][gc,stats    ]      Old Subphase: Concurrent Mark Root Uncolored                0.227 / 0.432         0.099 / 0.432         0.099 / 0.432         0.099 / 0.432       ms
[2026-04-03T06:35:01.261+0600][13.963s][info][gc,stats    ]      Old Subphase: Concurrent Mark Roots                         0.862 / 1.430         0.520 / 1.430         0.520 / 1.430         0.520 / 1.430       ms
[2026-04-03T06:35:01.261+0600][13.963s][info][gc,stats    ]      Old Subphase: Concurrent References Enqueue                 0.002 / 0.002         0.004 / 0.008         0.004 / 0.008         0.004 / 0.008       ms
[2026-04-03T06:35:01.261+0600][13.963s][info][gc,stats    ]      Old Subphase: Concurrent References Process                 0.179 / 0.226         0.127 / 0.226         0.127 / 0.226         0.127 / 0.226       ms
[2026-04-03T06:35:01.261+0600][13.963s][info][gc,stats    ]      Old Subphase: Concurrent Remap Remembered                  25.173 / 28.346       18.490 / 28.346       18.490 / 28.346       18.490 / 28.346      ms
[2026-04-03T06:35:01.261+0600][13.963s][info][gc,stats    ]      Old Subphase: Concurrent Remap Roots Colored                1.734 / 2.019         1.039 / 2.019         1.039 / 2.019         1.039 / 2.019       ms
[2026-04-03T06:35:01.261+0600][13.963s][info][gc,stats    ]      Old Subphase: Concurrent Remap Roots Uncolored              2.811 / 7.546         1.554 / 7.546         1.554 / 7.546         1.554 / 7.546       ms
[2026-04-03T06:35:01.261+0600][13.963s][info][gc,stats    ]      Old Subphase: Concurrent Roots ClassLoaderDataGraph         1.173 / 1.696         0.669 / 1.696         0.669 / 1.696         0.669 / 1.696       ms
[2026-04-03T06:35:01.261+0600][13.963s][info][gc,stats    ]      Old Subphase: Concurrent Roots CodeCache                    2.797 / 7.530         1.546 / 7.530         1.546 / 7.530         1.546 / 7.530       ms
[2026-04-03T06:35:01.261+0600][13.963s][info][gc,stats    ]      Old Subphase: Concurrent Roots JavaThreads                  0.055 / 0.430         0.032 / 0.430         0.032 / 0.430         0.032 / 0.430       ms
[2026-04-03T06:35:01.261+0600][13.963s][info][gc,stats    ]      Old Subphase: Concurrent Roots OopStorageSet                0.026 / 0.069         0.018 / 0.069         0.018 / 0.069         0.018 / 0.069       ms
[2026-04-03T06:35:01.261+0600][13.963s][info][gc,stats    ]      Old Subphase: Concurrent Weak Roots OopStorageSet           1.199 / 4.753         0.514 / 4.753         0.514 / 4.753         0.514 / 4.753       ms
[2026-04-03T06:35:01.261+0600][13.963s][info][gc,stats    ]            System: Java Threads                                     24 / 24               18 / 24               18 / 24               18 / 24          threads
[2026-04-03T06:35:01.261+0600][13.963s][info][gc,stats    ]  Young Generation: Young Generation                            378.407 / 457.801     256.784 / 457.801     256.784 / 457.801     256.784 / 457.801     ms
[2026-04-03T06:35:01.261+0600][13.963s][info][gc,stats    ]  Young Generation: Young Generation                            637.032 / 830.237     637.032 / 830.237     637.032 / 830.237     637.032 / 830.237     ms
[2026-04-03T06:35:01.261+0600][13.963s][info][gc,stats    ]  Young Generation: Young Generation (Collect Roots)              0.000 / 0.000         6.999 / 6.999         6.999 / 6.999         6.999 / 6.999       ms
[2026-04-03T06:35:01.261+0600][13.963s][info][gc,stats    ]  Young Generation: Young Generation (Promote All)                0.000 / 0.000        22.291 / 22.291       22.291 / 22.291       22.291 / 22.291      ms
[2026-04-03T06:35:01.261+0600][13.963s][info][gc,stats    ]       Young Pause: Pause Mark End                                0.038 / 0.045         0.028 / 0.045         0.028 / 0.045         0.028 / 0.045       ms
[2026-04-03T06:35:01.261+0600][13.963s][info][gc,stats    ]       Young Pause: Pause Mark Start                              0.049 / 0.060         0.041 / 0.060         0.041 / 0.060         0.041 / 0.060       ms
[2026-04-03T06:35:01.261+0600][13.963s][info][gc,stats    ]       Young Pause: Pause Mark Start (Major)                      0.036 / 0.042         0.027 / 0.042         0.027 / 0.042         0.027 / 0.042       ms
[2026-04-03T06:35:01.261+0600][13.963s][info][gc,stats    ]       Young Pause: Pause Relocate Start                          0.030 / 0.034         0.022 / 0.034         0.022 / 0.034         0.022 / 0.034       ms
[2026-04-03T06:35:01.261+0600][13.963s][info][gc,stats    ]       Young Phase: Concurrent Mark                             310.025 / 492.513     179.129 / 492.513     179.129 / 492.513     179.129 / 492.513     ms
[2026-04-03T06:35:01.261+0600][13.963s][info][gc,stats    ]       Young Phase: Concurrent Mark Continue                      0.000 / 0.000         0.000 / 0.000         0.000 / 0.000         0.000 / 0.000       ms
[2026-04-03T06:35:01.261+0600][13.963s][info][gc,stats    ]       Young Phase: Concurrent Mark Free                          0.005 / 0.005         0.028 / 0.177         0.028 / 0.177         0.028 / 0.177       ms
[2026-04-03T06:35:01.261+0600][13.963s][info][gc,stats    ]       Young Phase: Concurrent Relocate                         138.384 / 230.603      80.067 / 230.603      80.067 / 230.603      80.067 / 230.603     ms
[2026-04-03T06:35:01.261+0600][13.963s][info][gc,stats    ]       Young Phase: Concurrent Reset Relocation Set               0.086 / 0.186         0.050 / 0.186         0.050 / 0.186         0.050 / 0.186       ms
[2026-04-03T06:35:01.261+0600][13.963s][info][gc,stats    ]       Young Phase: Concurrent Select Relocation Set             44.474 / 89.864       28.139 / 89.864       28.139 / 89.864       28.139 / 89.864      ms
[2026-04-03T06:35:01.261+0600][13.963s][info][gc,stats    ]    Young Subphase: Concurrent Mark Follow                      297.644 / 479.200     171.387 / 479.200     171.387 / 479.200     171.387 / 479.200     ms
[2026-04-03T06:35:01.261+0600][13.963s][info][gc,stats    ]    Young Subphase: Concurrent Mark Root Colored                  4.871 / 9.085         3.181 / 9.085         3.181 / 9.085         3.181 / 9.085       ms
[2026-04-03T06:35:01.262+0600][13.963s][info][gc,stats    ]    Young Subphase: Concurrent Mark Root Uncolored                8.581 / 23.388        5.114 / 23.388        5.114 / 23.388        5.114 / 23.388      ms
[2026-04-03T06:35:01.262+0600][13.963s][info][gc,stats    ]    Young Subphase: Concurrent Mark Roots                        15.560 / 28.324       10.307 / 28.324       10.307 / 28.324       10.307 / 28.324      ms
[2026-04-03T06:35:01.262+0600][13.963s][info][gc,stats    ]    Young Subphase: Concurrent Relocate Remset FP                10.042 / 39.951        5.768 / 39.951        5.768 / 39.951        5.768 / 39.951      ms
[2026-04-03T06:35:01.262+0600][13.963s][info][gc,stats    ]    Young Subphase: Concurrent Roots ClassLoaderDataGraph         2.545 / 6.717         1.720 / 6.717         1.720 / 6.717         1.720 / 6.717       ms
[2026-04-03T06:35:01.262+0600][13.963s][info][gc,stats    ]    Young Subphase: Concurrent Roots CodeCache                    7.175 / 23.025        4.257 / 23.025        4.257 / 23.025        4.257 / 23.025      ms
[2026-04-03T06:35:01.262+0600][13.963s][info][gc,stats    ]    Young Subphase: Concurrent Roots JavaThreads                  0.891 / 8.802         0.488 / 8.802         0.488 / 8.802         0.488 / 8.802       ms
[2026-04-03T06:35:01.262+0600][13.963s][info][gc,stats    ]    Young Subphase: Concurrent Roots OopStorageSet                0.051 / 0.093         0.042 / 0.093         0.042 / 0.093         0.042 / 0.093       ms
[2026-04-03T06:35:01.262+0600][13.963s][info][gc,stats    ]    Young Subphase: Concurrent Weak Roots OopStorageSet           2.727 / 9.053         1.584 / 9.053         1.584 / 9.053         1.584 / 9.053       ms
[2026-04-03T06:35:01.262+0600][13.963s][info][gc,stats    ] =========================================================================================================================================================
[2026-04-03T06:35:01.262+0600][13.963s][info][gc,heap,exit] Heap
[2026-04-03T06:35:01.262+0600][13.963s][info][gc,heap,exit]  ZHeap           used 900M, capacity 2620M, max capacity 3922M
[2026-04-03T06:35:01.262+0600][13.963s][info][gc,heap,exit]  Metaspace       used 25218K, committed 25536K, reserved 1114112K
[2026-04-03T06:35:01.262+0600][13.963s][info][gc,heap,exit]   class space    used 3097K, committed 3264K, reserved 1048576K
