[2026-04-03T01:32:06.058+0600][0.004s][info][gc,init] CardTable entry size: 512
[2026-04-03T01:32:06.058+0600][0.005s][info][gc     ] Using G1
[2026-04-03T01:32:06.061+0600][0.007s][info][gc,init] Version: 21.0.10+7-Ubuntu-124.04 (release)
[2026-04-03T01:32:06.061+0600][0.007s][info][gc,init] CPUs: 12 total, 12 available
[2026-04-03T01:32:06.061+0600][0.007s][info][gc,init] Memory: 15683M
[2026-04-03T01:32:06.061+0600][0.007s][info][gc,init] Large Page Support: Disabled
[2026-04-03T01:32:06.061+0600][0.007s][info][gc,init] NUMA Support: Disabled
[2026-04-03T01:32:06.061+0600][0.007s][info][gc,init] Compressed Oops: Enabled (Zero based)
[2026-04-03T01:32:06.061+0600][0.007s][info][gc,init] Heap Region Size: 2M
[2026-04-03T01:32:06.061+0600][0.007s][info][gc,init] Heap Min Capacity: 8M
[2026-04-03T01:32:06.061+0600][0.007s][info][gc,init] Heap Initial Capacity: 246M
[2026-04-03T01:32:06.061+0600][0.007s][info][gc,init] Heap Max Capacity: 3922M
[2026-04-03T01:32:06.061+0600][0.007s][info][gc,init] Pre-touch: Disabled
[2026-04-03T01:32:06.061+0600][0.007s][info][gc,init] Parallel Workers: 10
[2026-04-03T01:32:06.061+0600][0.007s][info][gc,init] Concurrent Workers: 3
[2026-04-03T01:32:06.061+0600][0.007s][info][gc,init] Concurrent Refinement Workers: 10
[2026-04-03T01:32:06.061+0600][0.007s][info][gc,init] Periodic GC: Disabled
[2026-04-03T01:32:06.075+0600][0.021s][info][gc,metaspace] CDS archive(s) mapped at: [0x00007db03f000000-0x00007db03fc9c000-0x00007db03fc9c000), size 13221888, SharedBaseAddress: 0x00007db03f000000, ArchiveRelocationMode: 1.
[2026-04-03T01:32:06.075+0600][0.021s][info][gc,metaspace] Compressed class space mapped at: 0x00007db040000000-0x00007db080000000, reserved size: 1073741824
[2026-04-03T01:32:06.075+0600][0.021s][info][gc,metaspace] Narrow klass base: 0x00007db03f000000, Narrow klass shift: 0, Narrow klass range: 0x100000000
[2026-04-03T01:32:06.469+0600][0.415s][info][gc,start    ] GC(0) Pause Young (Normal) (G1 Evacuation Pause)
[2026-04-03T01:32:06.470+0600][0.416s][info][gc,task     ] GC(0) Using 5 workers of 10 for evacuation
[2026-04-03T01:32:06.473+0600][0.419s][info][gc,phases   ] GC(0)   Pre Evacuate Collection Set: 0.15ms
[2026-04-03T01:32:06.473+0600][0.419s][info][gc,phases   ] GC(0)   Merge Heap Roots: 0.30ms
[2026-04-03T01:32:06.473+0600][0.419s][info][gc,phases   ] GC(0)   Evacuate Collection Set: 1.88ms
[2026-04-03T01:32:06.473+0600][0.419s][info][gc,phases   ] GC(0)   Post Evacuate Collection Set: 0.46ms
[2026-04-03T01:32:06.473+0600][0.419s][info][gc,phases   ] GC(0)   Other: 1.15ms
[2026-04-03T01:32:06.473+0600][0.419s][info][gc,heap     ] GC(0) Eden regions: 11->0(22)
[2026-04-03T01:32:06.473+0600][0.419s][info][gc,heap     ] GC(0) Survivor regions: 0->2(2)
[2026-04-03T01:32:06.473+0600][0.419s][info][gc,heap     ] GC(0) Old regions: 1->1
[2026-04-03T01:32:06.473+0600][0.419s][info][gc,heap     ] GC(0) Humongous regions: 0->0
[2026-04-03T01:32:06.473+0600][0.419s][info][gc,metaspace] GC(0) Metaspace: 2527K(2688K)->2527K(2688K) NonClass: 2298K(2368K)->2298K(2368K) Class: 228K(320K)->228K(320K)
[2026-04-03T01:32:06.473+0600][0.419s][info][gc          ] GC(0) Pause Young (Normal) (G1 Evacuation Pause) 23M->3M(248M) 4.307ms
[2026-04-03T01:32:06.473+0600][0.419s][info][gc,cpu      ] GC(0) User=0.02s Sys=0.00s Real=0.01s
[2026-04-03T01:32:06.618+0600][0.564s][info][gc,start    ] GC(1) Pause Young (Normal) (G1 Evacuation Pause)
[2026-04-03T01:32:06.618+0600][0.564s][info][gc,task     ] GC(1) Using 5 workers of 10 for evacuation
[2026-04-03T01:32:06.621+0600][0.567s][info][gc,phases   ] GC(1)   Pre Evacuate Collection Set: 0.38ms
[2026-04-03T01:32:06.621+0600][0.567s][info][gc,phases   ] GC(1)   Merge Heap Roots: 0.13ms
[2026-04-03T01:32:06.621+0600][0.567s][info][gc,phases   ] GC(1)   Evacuate Collection Set: 1.89ms
[2026-04-03T01:32:06.621+0600][0.567s][info][gc,phases   ] GC(1)   Post Evacuate Collection Set: 0.51ms
[2026-04-03T01:32:06.621+0600][0.567s][info][gc,phases   ] GC(1)   Other: 0.12ms
[2026-04-03T01:32:06.621+0600][0.567s][info][gc,heap     ] GC(1) Eden regions: 22->0(71)
[2026-04-03T01:32:06.621+0600][0.567s][info][gc,heap     ] GC(1) Survivor regions: 2->2(3)
[2026-04-03T01:32:06.621+0600][0.567s][info][gc,heap     ] GC(1) Old regions: 1->1
[2026-04-03T01:32:06.621+0600][0.567s][info][gc,heap     ] GC(1) Humongous regions: 0->0
[2026-04-03T01:32:06.621+0600][0.567s][info][gc,metaspace] GC(1) Metaspace: 3804K(3968K)->3804K(3968K) NonClass: 3372K(3456K)->3372K(3456K) Class: 432K(512K)->432K(512K)
[2026-04-03T01:32:06.621+0600][0.567s][info][gc          ] GC(1) Pause Young (Normal) (G1 Evacuation Pause) 47M->3M(248M) 3.317ms
[2026-04-03T01:32:06.621+0600][0.567s][info][gc,cpu      ] GC(1) User=0.01s Sys=0.00s Real=0.01s
[2026-04-03T01:32:07.552+0600][1.498s][info][gc,start    ] GC(2) Pause Young (Normal) (G1 Evacuation Pause)
[2026-04-03T01:32:07.552+0600][1.498s][info][gc,task     ] GC(2) Using 5 workers of 10 for evacuation
[2026-04-03T01:32:07.557+0600][1.503s][info][gc,phases   ] GC(2)   Pre Evacuate Collection Set: 0.15ms
[2026-04-03T01:32:07.557+0600][1.503s][info][gc,phases   ] GC(2)   Merge Heap Roots: 0.07ms
[2026-04-03T01:32:07.557+0600][1.503s][info][gc,phases   ] GC(2)   Evacuate Collection Set: 2.93ms
[2026-04-03T01:32:07.557+0600][1.503s][info][gc,phases   ] GC(2)   Post Evacuate Collection Set: 1.14ms
[2026-04-03T01:32:07.557+0600][1.503s][info][gc,phases   ] GC(2)   Other: 0.13ms
[2026-04-03T01:32:07.557+0600][1.503s][info][gc,heap     ] GC(2) Eden regions: 71->0(70)
[2026-04-03T01:32:07.557+0600][1.503s][info][gc,heap     ] GC(2) Survivor regions: 2->3(10)
[2026-04-03T01:32:07.557+0600][1.503s][info][gc,heap     ] GC(2) Old regions: 1->1
[2026-04-03T01:32:07.557+0600][1.503s][info][gc,heap     ] GC(2) Humongous regions: 0->0
[2026-04-03T01:32:07.557+0600][1.503s][info][gc,metaspace] GC(2) Metaspace: 10293K(10496K)->10293K(10496K) NonClass: 9021K(9152K)->9021K(9152K) Class: 1272K(1344K)->1272K(1344K)
[2026-04-03T01:32:07.557+0600][1.503s][info][gc          ] GC(2) Pause Young (Normal) (G1 Evacuation Pause) 145M->6M(248M) 4.849ms
[2026-04-03T01:32:07.557+0600][1.503s][info][gc,cpu      ] GC(2) User=0.01s Sys=0.00s Real=0.00s
[2026-04-03T01:32:08.114+0600][2.060s][info][gc,start    ] GC(3) Pause Young (Normal) (G1 Evacuation Pause)
[2026-04-03T01:32:08.114+0600][2.060s][info][gc,task     ] GC(3) Using 5 workers of 10 for evacuation
[2026-04-03T01:32:08.118+0600][2.064s][info][gc,phases   ] GC(3)   Pre Evacuate Collection Set: 0.13ms
[2026-04-03T01:32:08.118+0600][2.064s][info][gc,phases   ] GC(3)   Merge Heap Roots: 0.07ms
[2026-04-03T01:32:08.118+0600][2.064s][info][gc,phases   ] GC(3)   Evacuate Collection Set: 2.65ms
[2026-04-03T01:32:08.118+0600][2.064s][info][gc,phases   ] GC(3)   Post Evacuate Collection Set: 0.46ms
[2026-04-03T01:32:08.118+0600][2.064s][info][gc,phases   ] GC(3)   Other: 0.07ms
[2026-04-03T01:32:08.118+0600][2.064s][info][gc,heap     ] GC(3) Eden regions: 70->0(69)
[2026-04-03T01:32:08.118+0600][2.064s][info][gc,heap     ] GC(3) Survivor regions: 3->4(10)
[2026-04-03T01:32:08.118+0600][2.064s][info][gc,heap     ] GC(3) Old regions: 1->1
[2026-04-03T01:32:08.118+0600][2.064s][info][gc,heap     ] GC(3) Humongous regions: 0->0
[2026-04-03T01:32:08.118+0600][2.064s][info][gc,metaspace] GC(3) Metaspace: 18341K(18560K)->18341K(18560K) NonClass: 16041K(16192K)->16041K(16192K) Class: 2300K(2368K)->2300K(2368K)
[2026-04-03T01:32:08.118+0600][2.064s][info][gc          ] GC(3) Pause Young (Normal) (G1 Evacuation Pause) 146M->7M(248M) 3.665ms
[2026-04-03T01:32:08.118+0600][2.064s][info][gc,cpu      ] GC(3) User=0.02s Sys=0.00s Real=0.00s
[2026-04-03T01:32:08.313+0600][2.259s][info][gc,start    ] GC(4) Pause Young (Concurrent Start) (Metadata GC Threshold)
[2026-04-03T01:32:08.313+0600][2.259s][info][gc,task     ] GC(4) Using 5 workers of 10 for evacuation
[2026-04-03T01:32:08.317+0600][2.263s][info][gc,phases   ] GC(4)   Pre Evacuate Collection Set: 0.42ms
[2026-04-03T01:32:08.317+0600][2.263s][info][gc,phases   ] GC(4)   Merge Heap Roots: 0.05ms
[2026-04-03T01:32:08.317+0600][2.263s][info][gc,phases   ] GC(4)   Evacuate Collection Set: 2.46ms
[2026-04-03T01:32:08.317+0600][2.263s][info][gc,phases   ] GC(4)   Post Evacuate Collection Set: 0.83ms
[2026-04-03T01:32:08.317+0600][2.263s][info][gc,phases   ] GC(4)   Other: 0.14ms
[2026-04-03T01:32:08.317+0600][2.263s][info][gc,heap     ] GC(4) Eden regions: 27->0(69)
[2026-04-03T01:32:08.317+0600][2.263s][info][gc,heap     ] GC(4) Survivor regions: 4->4(10)
[2026-04-03T01:32:08.317+0600][2.263s][info][gc,heap     ] GC(4) Old regions: 1->1
[2026-04-03T01:32:08.317+0600][2.263s][info][gc,heap     ] GC(4) Humongous regions: 0->0
[2026-04-03T01:32:08.317+0600][2.263s][info][gc,metaspace] GC(4) Metaspace: 21241K(21504K)->21241K(21504K) NonClass: 18549K(18688K)->18549K(18688K) Class: 2692K(2816K)->2692K(2816K)
[2026-04-03T01:32:08.317+0600][2.263s][info][gc          ] GC(4) Pause Young (Concurrent Start) (Metadata GC Threshold) 61M->7M(248M) 4.186ms
[2026-04-03T01:32:08.317+0600][2.263s][info][gc,cpu      ] GC(4) User=0.01s Sys=0.00s Real=0.00s
[2026-04-03T01:32:08.317+0600][2.263s][info][gc          ] GC(5) Concurrent Mark Cycle
[2026-04-03T01:32:08.317+0600][2.263s][info][gc,marking  ] GC(5) Concurrent Scan Root Regions
[2026-04-03T01:32:08.319+0600][2.265s][info][gc,marking  ] GC(5) Concurrent Scan Root Regions 2.025ms
[2026-04-03T01:32:08.319+0600][2.265s][info][gc,marking  ] GC(5) Concurrent Mark
[2026-04-03T01:32:08.319+0600][2.265s][info][gc,marking  ] GC(5) Concurrent Mark From Roots
[2026-04-03T01:32:08.319+0600][2.265s][info][gc,task     ] GC(5) Using 3 workers of 3 for marking
[2026-04-03T01:32:08.322+0600][2.268s][info][gc,marking  ] GC(5) Concurrent Mark From Roots 3.015ms
[2026-04-03T01:32:08.322+0600][2.268s][info][gc,marking  ] GC(5) Concurrent Preclean
[2026-04-03T01:32:08.322+0600][2.268s][info][gc,marking  ] GC(5) Concurrent Preclean 0.015ms
[2026-04-03T01:32:08.322+0600][2.269s][info][gc,start    ] GC(5) Pause Remark
[2026-04-03T01:32:08.325+0600][2.271s][info][gc          ] GC(5) Pause Remark 9M->9M(34M) 2.750ms
[2026-04-03T01:32:08.325+0600][2.271s][info][gc,cpu      ] GC(5) User=0.00s Sys=0.00s Real=0.00s
[2026-04-03T01:32:08.325+0600][2.271s][info][gc,marking  ] GC(5) Concurrent Mark 6.166ms
[2026-04-03T01:32:08.325+0600][2.271s][info][gc,marking  ] GC(5) Concurrent Rebuild Remembered Sets and Scrub Regions
[2026-04-03T01:32:08.326+0600][2.272s][info][gc,marking  ] GC(5) Concurrent Rebuild Remembered Sets and Scrub Regions 1.024ms
[2026-04-03T01:32:08.332+0600][2.279s][info][gc,start    ] GC(5) Pause Cleanup
[2026-04-03T01:32:08.333+0600][2.279s][info][gc          ] GC(5) Pause Cleanup 9M->9M(34M) 0.207ms
[2026-04-03T01:32:08.333+0600][2.279s][info][gc,cpu      ] GC(5) User=0.00s Sys=0.00s Real=0.00s
[2026-04-03T01:32:08.333+0600][2.279s][info][gc,marking  ] GC(5) Concurrent Clear Claimed Marks
[2026-04-03T01:32:08.333+0600][2.279s][info][gc,marking  ] GC(5) Concurrent Clear Claimed Marks 0.044ms
[2026-04-03T01:32:08.333+0600][2.279s][info][gc,marking  ] GC(5) Concurrent Cleanup for Next Mark
[2026-04-03T01:32:08.333+0600][2.280s][info][gc,marking  ] GC(5) Concurrent Cleanup for Next Mark 0.573ms
[2026-04-03T01:32:08.334+0600][2.280s][info][gc          ] GC(5) Concurrent Mark Cycle 16.595ms
[2026-04-03T01:32:08.536+0600][2.482s][info][gc,start    ] GC(6) Pause Young (Prepare Mixed) (G1 Evacuation Pause)
[2026-04-03T01:32:08.536+0600][2.482s][info][gc,task     ] GC(6) Using 3 workers of 10 for evacuation
[2026-04-03T01:32:08.543+0600][2.489s][info][gc,phases   ] GC(6)   Pre Evacuate Collection Set: 0.14ms
[2026-04-03T01:32:08.543+0600][2.489s][info][gc,phases   ] GC(6)   Merge Heap Roots: 0.04ms
[2026-04-03T01:32:08.543+0600][2.489s][info][gc,phases   ] GC(6)   Evacuate Collection Set: 5.88ms
[2026-04-03T01:32:08.543+0600][2.489s][info][gc,phases   ] GC(6)   Post Evacuate Collection Set: 1.25ms
[2026-04-03T01:32:08.543+0600][2.489s][info][gc,phases   ] GC(6)   Other: 0.06ms
[2026-04-03T01:32:08.543+0600][2.490s][info][gc,heap     ] GC(6) Eden regions: 12->0(8)
[2026-04-03T01:32:08.543+0600][2.490s][info][gc,heap     ] GC(6) Survivor regions: 4->4(10)
[2026-04-03T01:32:08.543+0600][2.490s][info][gc,heap     ] GC(6) Old regions: 1->1
[2026-04-03T01:32:08.543+0600][2.490s][info][gc,heap     ] GC(6) Humongous regions: 0->0
[2026-04-03T01:32:08.543+0600][2.490s][info][gc,metaspace] GC(6) Metaspace: 23727K(24000K)->23727K(24000K) NonClass: 20650K(20800K)->20650K(20800K) Class: 3076K(3200K)->3076K(3200K)
[2026-04-03T01:32:08.543+0600][2.490s][info][gc          ] GC(6) Pause Young (Prepare Mixed) (G1 Evacuation Pause) 31M->8M(42M) 7.597ms
[2026-04-03T01:32:08.543+0600][2.490s][info][gc,cpu      ] GC(6) User=0.02s Sys=0.00s Real=0.01s
[2026-04-03T01:32:08.571+0600][2.517s][info][gc,start    ] GC(7) Pause Young (Mixed) (G1 Evacuation Pause)
[2026-04-03T01:32:08.571+0600][2.517s][info][gc,task     ] GC(7) Using 2 workers of 10 for evacuation
[2026-04-03T01:32:08.581+0600][2.527s][info][gc,phases   ] GC(7)   Pre Evacuate Collection Set: 0.29ms
[2026-04-03T01:32:08.581+0600][2.527s][info][gc,phases   ] GC(7)   Merge Heap Roots: 0.16ms
[2026-04-03T01:32:08.581+0600][2.527s][info][gc,phases   ] GC(7)   Evacuate Collection Set: 8.51ms
[2026-04-03T01:32:08.581+0600][2.527s][info][gc,phases   ] GC(7)   Post Evacuate Collection Set: 0.89ms
[2026-04-03T01:32:08.581+0600][2.527s][info][gc,phases   ] GC(7)   Other: 0.11ms
[2026-04-03T01:32:08.581+0600][2.527s][info][gc,heap     ] GC(7) Eden regions: 8->0(11)
[2026-04-03T01:32:08.581+0600][2.527s][info][gc,heap     ] GC(7) Survivor regions: 4->1(2)
[2026-04-03T01:32:08.581+0600][2.527s][info][gc,heap     ] GC(7) Old regions: 1->4
[2026-04-03T01:32:08.581+0600][2.527s][info][gc,heap     ] GC(7) Humongous regions: 0->0
[2026-04-03T01:32:08.581+0600][2.527s][info][gc,metaspace] GC(7) Metaspace: 24153K(24384K)->24153K(24384K) NonClass: 21033K(21184K)->21033K(21184K) Class: 3120K(3200K)->3120K(3200K)
[2026-04-03T01:32:08.581+0600][2.527s][info][gc          ] GC(7) Pause Young (Mixed) (G1 Evacuation Pause) 24M->8M(42M) 10.200ms
[2026-04-03T01:32:08.581+0600][2.527s][info][gc,cpu      ] GC(7) User=0.02s Sys=0.00s Real=0.01s
[2026-04-03T01:32:08.871+0600][2.817s][info][gc,start    ] GC(8) Pause Young (Normal) (G1 Evacuation Pause)
[2026-04-03T01:32:08.871+0600][2.817s][info][gc,task     ] GC(8) Using 2 workers of 10 for evacuation
[2026-04-03T01:32:08.876+0600][2.822s][info][gc,phases   ] GC(8)   Pre Evacuate Collection Set: 0.25ms
[2026-04-03T01:32:08.876+0600][2.822s][info][gc,phases   ] GC(8)   Merge Heap Roots: 0.07ms
[2026-04-03T01:32:08.876+0600][2.822s][info][gc,phases   ] GC(8)   Evacuate Collection Set: 3.48ms
[2026-04-03T01:32:08.876+0600][2.822s][info][gc,phases   ] GC(8)   Post Evacuate Collection Set: 0.95ms
[2026-04-03T01:32:08.876+0600][2.822s][info][gc,phases   ] GC(8)   Other: 0.07ms
[2026-04-03T01:32:08.876+0600][2.822s][info][gc,heap     ] GC(8) Eden regions: 11->0(42)
[2026-04-03T01:32:08.876+0600][2.822s][info][gc,heap     ] GC(8) Survivor regions: 1->1(2)
[2026-04-03T01:32:08.876+0600][2.822s][info][gc,heap     ] GC(8) Old regions: 4->4
[2026-04-03T01:32:08.876+0600][2.822s][info][gc,heap     ] GC(8) Humongous regions: 0->0
[2026-04-03T01:32:08.876+0600][2.822s][info][gc,metaspace] GC(8) Metaspace: 27882K(28160K)->27882K(28160K) NonClass: 24211K(24384K)->24211K(24384K) Class: 3671K(3776K)->3671K(3776K)
[2026-04-03T01:32:08.876+0600][2.822s][info][gc          ] GC(8) Pause Young (Normal) (G1 Evacuation Pause) 30M->8M(144M) 5.030ms
[2026-04-03T01:32:08.876+0600][2.822s][info][gc,cpu      ] GC(8) User=0.01s Sys=0.00s Real=0.00s
[2026-04-03T01:32:09.384+0600][3.330s][info][gc,start    ] GC(9) Pause Full (System.gc())
[2026-04-03T01:32:09.384+0600][3.330s][info][gc,task     ] GC(9) Using 3 workers of 10 for full compaction
[2026-04-03T01:32:09.384+0600][3.330s][info][gc,phases,start] GC(9) Phase 1: Mark live objects
[2026-04-03T01:32:09.395+0600][3.342s][info][gc,phases      ] GC(9) Phase 1: Mark live objects 11.603ms
[2026-04-03T01:32:09.395+0600][3.342s][info][gc,phases,start] GC(9) Phase 2: Prepare compaction
[2026-04-03T01:32:09.397+0600][3.344s][info][gc,phases      ] GC(9) Phase 2: Prepare compaction 1.943ms
[2026-04-03T01:32:09.397+0600][3.344s][info][gc,phases,start] GC(9) Phase 3: Adjust pointers
[2026-04-03T01:32:09.402+0600][3.348s][info][gc,phases      ] GC(9) Phase 3: Adjust pointers 4.065ms
[2026-04-03T01:32:09.402+0600][3.348s][info][gc,phases,start] GC(9) Phase 4: Compact heap
[2026-04-03T01:32:09.404+0600][3.351s][info][gc,phases      ] GC(9) Phase 4: Compact heap 2.839ms
[2026-04-03T01:32:09.404+0600][3.351s][info][gc,phases,start] GC(9) Phase 5: Reset Metadata
[2026-04-03T01:32:09.406+0600][3.352s][info][gc,phases      ] GC(9) Phase 5: Reset Metadata 1.331ms
[2026-04-03T01:32:09.409+0600][3.355s][info][gc,heap        ] GC(9) Eden regions: 24->0(14)
[2026-04-03T01:32:09.409+0600][3.355s][info][gc,heap        ] GC(9) Survivor regions: 1->0(2)
[2026-04-03T01:32:09.409+0600][3.355s][info][gc,heap        ] GC(9) Old regions: 4->7
[2026-04-03T01:32:09.409+0600][3.355s][info][gc,heap        ] GC(9) Humongous regions: 0->0
[2026-04-03T01:32:09.409+0600][3.355s][info][gc,metaspace   ] GC(9) Metaspace: 34823K(35200K)->34823K(35200K) NonClass: 30145K(30336K)->30145K(30336K) Class: 4678K(4864K)->4678K(4864K)
[2026-04-03T01:32:09.409+0600][3.355s][info][gc             ] GC(9) Pause Full (System.gc()) 56M->11M(48M) 25.113ms
[2026-04-03T01:32:09.409+0600][3.355s][info][gc,cpu         ] GC(9) User=0.08s Sys=0.00s Real=0.02s
[2026-04-03T01:32:09.758+0600][3.704s][info][gc,start       ] GC(10) Pause Young (Normal) (G1 Evacuation Pause)
[2026-04-03T01:32:09.758+0600][3.705s][info][gc,task        ] GC(10) Using 10 workers of 10 for evacuation
[2026-04-03T01:32:09.762+0600][3.708s][info][gc,phases      ] GC(10)   Pre Evacuate Collection Set: 0.25ms
[2026-04-03T01:32:09.762+0600][3.709s][info][gc,phases      ] GC(10)   Merge Heap Roots: 0.13ms
[2026-04-03T01:32:09.762+0600][3.709s][info][gc,phases      ] GC(10)   Evacuate Collection Set: 2.90ms
[2026-04-03T01:32:09.762+0600][3.709s][info][gc,phases      ] GC(10)   Post Evacuate Collection Set: 0.46ms
[2026-04-03T01:32:09.762+0600][3.709s][info][gc,phases      ] GC(10)   Other: 0.11ms
[2026-04-03T01:32:09.762+0600][3.709s][info][gc,heap        ] GC(10) Eden regions: 14->0(13)
[2026-04-03T01:32:09.762+0600][3.709s][info][gc,heap        ] GC(10) Survivor regions: 0->1(2)
[2026-04-03T01:32:09.762+0600][3.709s][info][gc,heap        ] GC(10) Old regions: 7->7
[2026-04-03T01:32:09.762+0600][3.709s][info][gc,heap        ] GC(10) Humongous regions: 0->0
[2026-04-03T01:32:09.762+0600][3.709s][info][gc,metaspace   ] GC(10) Metaspace: 38599K(38976K)->38599K(38976K) NonClass: 33167K(33408K)->33167K(33408K) Class: 5432K(5568K)->5432K(5568K)
[2026-04-03T01:32:09.763+0600][3.709s][info][gc             ] GC(10) Pause Young (Normal) (G1 Evacuation Pause) 39M->12M(48M) 4.234ms
[2026-04-03T01:32:09.763+0600][3.709s][info][gc,cpu         ] GC(10) User=0.03s Sys=0.00s Real=0.01s
[2026-04-03T01:32:10.091+0600][4.037s][info][gc,start       ] GC(11) Pause Young (Normal) (G1 Evacuation Pause)
[2026-04-03T01:32:10.091+0600][4.038s][info][gc,task        ] GC(11) Using 10 workers of 10 for evacuation
[2026-04-03T01:32:10.097+0600][4.043s][info][gc,phases      ] GC(11)   Pre Evacuate Collection Set: 0.23ms
[2026-04-03T01:32:10.097+0600][4.043s][info][gc,phases      ] GC(11)   Merge Heap Roots: 0.11ms
[2026-04-03T01:32:10.097+0600][4.043s][info][gc,phases      ] GC(11)   Evacuate Collection Set: 4.04ms
[2026-04-03T01:32:10.097+0600][4.043s][info][gc,phases      ] GC(11)   Post Evacuate Collection Set: 0.69ms
[2026-04-03T01:32:10.097+0600][4.043s][info][gc,phases      ] GC(11)   Other: 0.10ms
[2026-04-03T01:32:10.097+0600][4.043s][info][gc,heap        ] GC(11) Eden regions: 13->0(13)
[2026-04-03T01:32:10.097+0600][4.043s][info][gc,heap        ] GC(11) Survivor regions: 1->1(2)
[2026-04-03T01:32:10.097+0600][4.043s][info][gc,heap        ] GC(11) Old regions: 7->7
[2026-04-03T01:32:10.097+0600][4.043s][info][gc,heap        ] GC(11) Humongous regions: 0->0
[2026-04-03T01:32:10.097+0600][4.043s][info][gc,metaspace   ] GC(11) Metaspace: 43359K(43968K)->43359K(43968K) NonClass: 36691K(37056K)->36691K(37056K) Class: 6667K(6912K)->6667K(6912K)
[2026-04-03T01:32:10.097+0600][4.043s][info][gc             ] GC(11) Pause Young (Normal) (G1 Evacuation Pause) 38M->12M(48M) 5.559ms
[2026-04-03T01:32:10.097+0600][4.043s][info][gc,cpu         ] GC(11) User=0.04s Sys=0.00s Real=0.00s
[2026-04-03T01:32:10.474+0600][4.420s][info][gc,start       ] GC(12) Pause Young (Normal) (G1 Evacuation Pause)
[2026-04-03T01:32:10.474+0600][4.420s][info][gc,task        ] GC(12) Using 10 workers of 10 for evacuation
[2026-04-03T01:32:10.480+0600][4.427s][info][gc,phases      ] GC(12)   Pre Evacuate Collection Set: 0.29ms
[2026-04-03T01:32:10.480+0600][4.427s][info][gc,phases      ] GC(12)   Merge Heap Roots: 0.16ms
[2026-04-03T01:32:10.480+0600][4.427s][info][gc,phases      ] GC(12)   Evacuate Collection Set: 5.16ms
[2026-04-03T01:32:10.480+0600][4.427s][info][gc,phases      ] GC(12)   Post Evacuate Collection Set: 0.95ms
[2026-04-03T01:32:10.481+0600][4.427s][info][gc,phases      ] GC(12)   Other: 0.10ms
[2026-04-03T01:32:10.481+0600][4.427s][info][gc,heap        ] GC(12) Eden regions: 13->0(12)
[2026-04-03T01:32:10.481+0600][4.427s][info][gc,heap        ] GC(12) Survivor regions: 1->2(2)
[2026-04-03T01:32:10.481+0600][4.427s][info][gc,heap        ] GC(12) Old regions: 7->7
[2026-04-03T01:32:10.481+0600][4.427s][info][gc,heap        ] GC(12) Humongous regions: 0->0
[2026-04-03T01:32:10.481+0600][4.427s][info][gc,metaspace   ] GC(12) Metaspace: 48340K(48960K)->48340K(48960K) NonClass: 40610K(40960K)->40610K(40960K) Class: 7729K(8000K)->7729K(8000K)
[2026-04-03T01:32:10.481+0600][4.427s][info][gc             ] GC(12) Pause Young (Normal) (G1 Evacuation Pause) 38M->14M(48M) 6.988ms
[2026-04-03T01:32:10.481+0600][4.427s][info][gc,cpu         ] GC(12) User=0.05s Sys=0.00s Real=0.01s
[2026-04-03T01:32:10.871+0600][4.817s][info][gc,start       ] GC(13) Pause Young (Normal) (G1 Evacuation Pause)
[2026-04-03T01:32:10.871+0600][4.817s][info][gc,task        ] GC(13) Using 10 workers of 10 for evacuation
[2026-04-03T01:32:10.879+0600][4.825s][info][gc,phases      ] GC(13)   Pre Evacuate Collection Set: 0.17ms
[2026-04-03T01:32:10.879+0600][4.825s][info][gc,phases      ] GC(13)   Merge Heap Roots: 0.11ms
[2026-04-03T01:32:10.879+0600][4.825s][info][gc,phases      ] GC(13)   Evacuate Collection Set: 6.96ms
[2026-04-03T01:32:10.879+0600][4.825s][info][gc,phases      ] GC(13)   Post Evacuate Collection Set: 0.95ms
[2026-04-03T01:32:10.879+0600][4.825s][info][gc,phases      ] GC(13)   Other: 0.10ms
[2026-04-03T01:32:10.879+0600][4.825s][info][gc,heap        ] GC(13) Eden regions: 12->0(42)
[2026-04-03T01:32:10.879+0600][4.825s][info][gc,heap        ] GC(13) Survivor regions: 2->2(2)
[2026-04-03T01:32:10.879+0600][4.825s][info][gc,heap        ] GC(13) Old regions: 7->9
[2026-04-03T01:32:10.879+0600][4.825s][info][gc,heap        ] GC(13) Humongous regions: 0->0
[2026-04-03T01:32:10.879+0600][4.826s][info][gc,metaspace   ] GC(13) Metaspace: 52030K(52800K)->52030K(52800K) NonClass: 43616K(44096K)->43616K(44096K) Class: 8414K(8704K)->8414K(8704K)
[2026-04-03T01:32:10.879+0600][4.826s][info][gc             ] GC(13) Pause Young (Normal) (G1 Evacuation Pause) 38M->18M(148M) 8.735ms
[2026-04-03T01:32:10.879+0600][4.826s][info][gc,cpu         ] GC(13) User=0.07s Sys=0.01s Real=0.00s
[2026-04-03T01:32:13.274+0600][7.220s][info][gc,start       ] GC(14) Pause Young (Normal) (G1 Evacuation Pause)
[2026-04-03T01:32:13.274+0600][7.221s][info][gc,task        ] GC(14) Using 10 workers of 10 for evacuation
[2026-04-03T01:32:13.281+0600][7.227s][info][gc,phases      ] GC(14)   Pre Evacuate Collection Set: 0.37ms
[2026-04-03T01:32:13.281+0600][7.227s][info][gc,phases      ] GC(14)   Merge Heap Roots: 0.24ms
[2026-04-03T01:32:13.281+0600][7.227s][info][gc,phases      ] GC(14)   Evacuate Collection Set: 4.86ms
[2026-04-03T01:32:13.281+0600][7.227s][info][gc,phases      ] GC(14)   Post Evacuate Collection Set: 1.00ms
[2026-04-03T01:32:13.281+0600][7.227s][info][gc,phases      ] GC(14)   Other: 0.17ms
[2026-04-03T01:32:13.281+0600][7.227s][info][gc,heap        ] GC(14) Eden regions: 42->0(41)
[2026-04-03T01:32:13.281+0600][7.227s][info][gc,heap        ] GC(14) Survivor regions: 2->3(6)
[2026-04-03T01:32:13.281+0600][7.227s][info][gc,heap        ] GC(14) Old regions: 9->9
[2026-04-03T01:32:13.281+0600][7.227s][info][gc,heap        ] GC(14) Humongous regions: 0->0
[2026-04-03T01:32:13.281+0600][7.227s][info][gc,metaspace   ] GC(14) Metaspace: 54704K(55424K)->54704K(55424K) NonClass: 46160K(46592K)->46160K(46592K) Class: 8543K(8832K)->8543K(8832K)
[2026-04-03T01:32:13.281+0600][7.227s][info][gc             ] GC(14) Pause Young (Normal) (G1 Evacuation Pause) 102M->19M(148M) 7.034ms
[2026-04-03T01:32:13.281+0600][7.228s][info][gc,cpu         ] GC(14) User=0.05s Sys=0.01s Real=0.01s
[2026-04-03T01:32:14.784+0600][8.730s][info][gc,start       ] GC(15) Pause Young (Normal) (G1 Evacuation Pause)
[2026-04-03T01:32:14.784+0600][8.731s][info][gc,task        ] GC(15) Using 10 workers of 10 for evacuation
[2026-04-03T01:32:14.791+0600][8.738s][info][gc,phases      ] GC(15)   Pre Evacuate Collection Set: 0.41ms
[2026-04-03T01:32:14.792+0600][8.738s][info][gc,phases      ] GC(15)   Merge Heap Roots: 0.21ms
[2026-04-03T01:32:14.792+0600][8.738s][info][gc,phases      ] GC(15)   Evacuate Collection Set: 5.31ms
[2026-04-03T01:32:14.792+0600][8.738s][info][gc,phases      ] GC(15)   Post Evacuate Collection Set: 0.98ms
[2026-04-03T01:32:14.792+0600][8.738s][info][gc,phases      ] GC(15)   Other: 0.14ms
[2026-04-03T01:32:14.792+0600][8.738s][info][gc,heap        ] GC(15) Eden regions: 41->0(41)
[2026-04-03T01:32:14.792+0600][8.738s][info][gc,heap        ] GC(15) Survivor regions: 3->3(6)
[2026-04-03T01:32:14.792+0600][8.738s][info][gc,heap        ] GC(15) Old regions: 9->9
[2026-04-03T01:32:14.792+0600][8.738s][info][gc,heap        ] GC(15) Humongous regions: 0->0
[2026-04-03T01:32:14.792+0600][8.738s][info][gc,metaspace   ] GC(15) Metaspace: 54895K(55616K)->54895K(55616K) NonClass: 46348K(46784K)->46348K(46784K) Class: 8547K(8832K)->8547K(8832K)
[2026-04-03T01:32:14.792+0600][8.738s][info][gc             ] GC(15) Pause Young (Normal) (G1 Evacuation Pause) 101M->19M(148M) 7.461ms
[2026-04-03T01:32:14.792+0600][8.738s][info][gc,cpu         ] GC(15) User=0.05s Sys=0.01s Real=0.01s
[2026-04-03T01:32:15.978+0600][9.925s][info][gc,start       ] GC(16) Pause Young (Normal) (G1 Evacuation Pause)
[2026-04-03T01:32:15.979+0600][9.925s][info][gc,task        ] GC(16) Using 10 workers of 10 for evacuation
[2026-04-03T01:32:15.984+0600][9.931s][info][gc,phases      ] GC(16)   Pre Evacuate Collection Set: 0.68ms
[2026-04-03T01:32:15.984+0600][9.931s][info][gc,phases      ] GC(16)   Merge Heap Roots: 0.25ms
[2026-04-03T01:32:15.984+0600][9.931s][info][gc,phases      ] GC(16)   Evacuate Collection Set: 3.78ms
[2026-04-03T01:32:15.984+0600][9.931s][info][gc,phases      ] GC(16)   Post Evacuate Collection Set: 0.94ms
[2026-04-03T01:32:15.984+0600][9.931s][info][gc,phases      ] GC(16)   Other: 0.12ms
[2026-04-03T01:32:15.985+0600][9.931s][info][gc,heap        ] GC(16) Eden regions: 41->0(41)
[2026-04-03T01:32:15.985+0600][9.931s][info][gc,heap        ] GC(16) Survivor regions: 3->3(6)
[2026-04-03T01:32:15.985+0600][9.931s][info][gc,heap        ] GC(16) Old regions: 9->9
[2026-04-03T01:32:15.985+0600][9.931s][info][gc,heap        ] GC(16) Humongous regions: 0->0
[2026-04-03T01:32:15.985+0600][9.931s][info][gc,metaspace   ] GC(16) Metaspace: 55010K(55744K)->55010K(55744K) NonClass: 46461K(46912K)->46461K(46912K) Class: 8549K(8832K)->8549K(8832K)
[2026-04-03T01:32:15.985+0600][9.931s][info][gc             ] GC(16) Pause Young (Normal) (G1 Evacuation Pause) 101M->19M(148M) 6.128ms
[2026-04-03T01:32:15.985+0600][9.931s][info][gc,cpu         ] GC(16) User=0.04s Sys=0.01s Real=0.01s
[2026-04-03T01:32:16.755+0600][10.701s][info][gc,start       ] GC(17) Pause Young (Normal) (G1 Evacuation Pause)
[2026-04-03T01:32:16.755+0600][10.701s][info][gc,task        ] GC(17) Using 10 workers of 10 for evacuation
[2026-04-03T01:32:16.761+0600][10.707s][info][gc,phases      ] GC(17)   Pre Evacuate Collection Set: 0.24ms
[2026-04-03T01:32:16.761+0600][10.707s][info][gc,phases      ] GC(17)   Merge Heap Roots: 0.18ms
[2026-04-03T01:32:16.761+0600][10.707s][info][gc,phases      ] GC(17)   Evacuate Collection Set: 4.01ms
[2026-04-03T01:32:16.761+0600][10.707s][info][gc,phases      ] GC(17)   Post Evacuate Collection Set: 0.99ms
[2026-04-03T01:32:16.761+0600][10.707s][info][gc,phases      ] GC(17)   Other: 0.11ms
[2026-04-03T01:32:16.761+0600][10.707s][info][gc,heap        ] GC(17) Eden regions: 41->0(41)
[2026-04-03T01:32:16.761+0600][10.707s][info][gc,heap        ] GC(17) Survivor regions: 3->3(6)
[2026-04-03T01:32:16.761+0600][10.707s][info][gc,heap        ] GC(17) Old regions: 9->9
[2026-04-03T01:32:16.761+0600][10.707s][info][gc,heap        ] GC(17) Humongous regions: 0->0
[2026-04-03T01:32:16.761+0600][10.707s][info][gc,metaspace   ] GC(17) Metaspace: 55016K(55744K)->55016K(55744K) NonClass: 46467K(46912K)->46467K(46912K) Class: 8549K(8832K)->8549K(8832K)
[2026-04-03T01:32:16.761+0600][10.707s][info][gc             ] GC(17) Pause Young (Normal) (G1 Evacuation Pause) 101M->19M(148M) 5.954ms
[2026-04-03T01:32:16.761+0600][10.707s][info][gc,cpu         ] GC(17) User=0.05s Sys=0.01s Real=0.01s
[2026-04-03T01:32:17.598+0600][11.544s][info][gc,start       ] GC(18) Pause Young (Normal) (G1 Evacuation Pause)
[2026-04-03T01:32:17.598+0600][11.544s][info][gc,task        ] GC(18) Using 10 workers of 10 for evacuation
[2026-04-03T01:32:17.603+0600][11.549s][info][gc,phases      ] GC(18)   Pre Evacuate Collection Set: 0.25ms
[2026-04-03T01:32:17.603+0600][11.549s][info][gc,phases      ] GC(18)   Merge Heap Roots: 0.14ms
[2026-04-03T01:32:17.603+0600][11.549s][info][gc,phases      ] GC(18)   Evacuate Collection Set: 3.37ms
[2026-04-03T01:32:17.603+0600][11.549s][info][gc,phases      ] GC(18)   Post Evacuate Collection Set: 0.97ms
[2026-04-03T01:32:17.603+0600][11.549s][info][gc,phases      ] GC(18)   Other: 0.13ms
[2026-04-03T01:32:17.603+0600][11.549s][info][gc,heap        ] GC(18) Eden regions: 41->0(41)
[2026-04-03T01:32:17.603+0600][11.549s][info][gc,heap        ] GC(18) Survivor regions: 3->3(6)
[2026-04-03T01:32:17.603+0600][11.549s][info][gc,heap        ] GC(18) Old regions: 9->9
[2026-04-03T01:32:17.603+0600][11.549s][info][gc,heap        ] GC(18) Humongous regions: 0->0
[2026-04-03T01:32:17.603+0600][11.549s][info][gc,metaspace   ] GC(18) Metaspace: 55022K(55744K)->55022K(55744K) NonClass: 46473K(46912K)->46473K(46912K) Class: 8549K(8832K)->8549K(8832K)
[2026-04-03T01:32:17.603+0600][11.549s][info][gc             ] GC(18) Pause Young (Normal) (G1 Evacuation Pause) 101M->19M(148M) 5.251ms
[2026-04-03T01:32:17.603+0600][11.550s][info][gc,cpu         ] GC(18) User=0.04s Sys=0.01s Real=0.01s
[2026-04-03T01:32:18.344+0600][12.290s][info][gc,start       ] GC(19) Pause Young (Normal) (G1 Evacuation Pause)
[2026-04-03T01:32:18.344+0600][12.290s][info][gc,task        ] GC(19) Using 10 workers of 10 for evacuation
[2026-04-03T01:32:18.351+0600][12.297s][info][gc,phases      ] GC(19)   Pre Evacuate Collection Set: 0.38ms
[2026-04-03T01:32:18.351+0600][12.297s][info][gc,phases      ] GC(19)   Merge Heap Roots: 0.25ms
[2026-04-03T01:32:18.351+0600][12.297s][info][gc,phases      ] GC(19)   Evacuate Collection Set: 4.63ms
[2026-04-03T01:32:18.351+0600][12.297s][info][gc,phases      ] GC(19)   Post Evacuate Collection Set: 1.11ms
[2026-04-03T01:32:18.351+0600][12.297s][info][gc,phases      ] GC(19)   Other: 0.15ms
[2026-04-03T01:32:18.351+0600][12.297s][info][gc,heap        ] GC(19) Eden regions: 41->0(41)
[2026-04-03T01:32:18.351+0600][12.297s][info][gc,heap        ] GC(19) Survivor regions: 3->3(6)
[2026-04-03T01:32:18.351+0600][12.297s][info][gc,heap        ] GC(19) Old regions: 9->9
[2026-04-03T01:32:18.351+0600][12.297s][info][gc,heap        ] GC(19) Humongous regions: 0->0
[2026-04-03T01:32:18.351+0600][12.297s][info][gc,metaspace   ] GC(19) Metaspace: 55028K(55744K)->55028K(55744K) NonClass: 46479K(46912K)->46479K(46912K) Class: 8549K(8832K)->8549K(8832K)
[2026-04-03T01:32:18.351+0600][12.297s][info][gc             ] GC(19) Pause Young (Normal) (G1 Evacuation Pause) 101M->19M(148M) 7.018ms
[2026-04-03T01:32:18.351+0600][12.297s][info][gc,cpu         ] GC(19) User=0.05s Sys=0.00s Real=0.01s
[2026-04-03T01:32:18.976+0600][12.922s][info][gc,start       ] GC(20) Pause Young (Normal) (G1 Evacuation Pause)
[2026-04-03T01:32:18.976+0600][12.922s][info][gc,task        ] GC(20) Using 10 workers of 10 for evacuation
[2026-04-03T01:32:18.981+0600][12.927s][info][gc,phases      ] GC(20)   Pre Evacuate Collection Set: 0.35ms
[2026-04-03T01:32:18.981+0600][12.927s][info][gc,phases      ] GC(20)   Merge Heap Roots: 0.17ms
[2026-04-03T01:32:18.981+0600][12.927s][info][gc,phases      ] GC(20)   Evacuate Collection Set: 3.24ms
[2026-04-03T01:32:18.981+0600][12.927s][info][gc,phases      ] GC(20)   Post Evacuate Collection Set: 1.11ms
[2026-04-03T01:32:18.981+0600][12.927s][info][gc,phases      ] GC(20)   Other: 0.16ms
[2026-04-03T01:32:18.981+0600][12.927s][info][gc,heap        ] GC(20) Eden regions: 41->0(41)
[2026-04-03T01:32:18.981+0600][12.927s][info][gc,heap        ] GC(20) Survivor regions: 3->3(6)
[2026-04-03T01:32:18.981+0600][12.927s][info][gc,heap        ] GC(20) Old regions: 9->9
[2026-04-03T01:32:18.981+0600][12.927s][info][gc,heap        ] GC(20) Humongous regions: 0->0
[2026-04-03T01:32:18.981+0600][12.927s][info][gc,metaspace   ] GC(20) Metaspace: 55028K(55744K)->55028K(55744K) NonClass: 46479K(46912K)->46479K(46912K) Class: 8549K(8832K)->8549K(8832K)
[2026-04-03T01:32:18.981+0600][12.927s][info][gc             ] GC(20) Pause Young (Normal) (G1 Evacuation Pause) 101M->19M(148M) 5.473ms
[2026-04-03T01:32:18.981+0600][12.927s][info][gc,cpu         ] GC(20) User=0.03s Sys=0.00s Real=0.01s
[2026-04-03T01:32:19.586+0600][13.532s][info][gc,start       ] GC(21) Pause Young (Normal) (G1 Evacuation Pause)
[2026-04-03T01:32:19.586+0600][13.532s][info][gc,task        ] GC(21) Using 10 workers of 10 for evacuation
[2026-04-03T01:32:19.591+0600][13.538s][info][gc,phases      ] GC(21)   Pre Evacuate Collection Set: 0.20ms
[2026-04-03T01:32:19.592+0600][13.538s][info][gc,phases      ] GC(21)   Merge Heap Roots: 0.20ms
[2026-04-03T01:32:19.592+0600][13.538s][info][gc,phases      ] GC(21)   Evacuate Collection Set: 3.57ms
[2026-04-03T01:32:19.592+0600][13.538s][info][gc,phases      ] GC(21)   Post Evacuate Collection Set: 0.99ms
[2026-04-03T01:32:19.592+0600][13.538s][info][gc,phases      ] GC(21)   Other: 0.12ms
[2026-04-03T01:32:19.592+0600][13.538s][info][gc,heap        ] GC(21) Eden regions: 41->0(41)
[2026-04-03T01:32:19.592+0600][13.538s][info][gc,heap        ] GC(21) Survivor regions: 3->3(6)
[2026-04-03T01:32:19.592+0600][13.538s][info][gc,heap        ] GC(21) Old regions: 9->9
[2026-04-03T01:32:19.592+0600][13.538s][info][gc,heap        ] GC(21) Humongous regions: 0->0
[2026-04-03T01:32:19.592+0600][13.538s][info][gc,metaspace   ] GC(21) Metaspace: 55030K(55744K)->55030K(55744K) NonClass: 46481K(46912K)->46481K(46912K) Class: 8549K(8832K)->8549K(8832K)
[2026-04-03T01:32:19.592+0600][13.538s][info][gc             ] GC(21) Pause Young (Normal) (G1 Evacuation Pause) 101M->19M(148M) 5.523ms
[2026-04-03T01:32:19.592+0600][13.538s][info][gc,cpu         ] GC(21) User=0.05s Sys=0.00s Real=0.01s
[2026-04-03T01:32:20.144+0600][14.090s][info][gc,start       ] GC(22) Pause Young (Normal) (G1 Evacuation Pause)
[2026-04-03T01:32:20.144+0600][14.090s][info][gc,task        ] GC(22) Using 10 workers of 10 for evacuation
[2026-04-03T01:32:20.148+0600][14.094s][info][gc,phases      ] GC(22)   Pre Evacuate Collection Set: 0.26ms
[2026-04-03T01:32:20.148+0600][14.095s][info][gc,phases      ] GC(22)   Merge Heap Roots: 0.18ms
[2026-04-03T01:32:20.148+0600][14.095s][info][gc,phases      ] GC(22)   Evacuate Collection Set: 3.16ms
[2026-04-03T01:32:20.148+0600][14.095s][info][gc,phases      ] GC(22)   Post Evacuate Collection Set: 0.81ms
[2026-04-03T01:32:20.148+0600][14.095s][info][gc,phases      ] GC(22)   Other: 0.11ms
[2026-04-03T01:32:20.148+0600][14.095s][info][gc,heap        ] GC(22) Eden regions: 41->0(41)
[2026-04-03T01:32:20.148+0600][14.095s][info][gc,heap        ] GC(22) Survivor regions: 3->3(6)
[2026-04-03T01:32:20.148+0600][14.095s][info][gc,heap        ] GC(22) Old regions: 9->9
[2026-04-03T01:32:20.148+0600][14.095s][info][gc,heap        ] GC(22) Humongous regions: 0->0
[2026-04-03T01:32:20.148+0600][14.095s][info][gc,metaspace   ] GC(22) Metaspace: 55035K(55744K)->55035K(55744K) NonClass: 46485K(46912K)->46485K(46912K) Class: 8549K(8832K)->8549K(8832K)
[2026-04-03T01:32:20.148+0600][14.095s][info][gc             ] GC(22) Pause Young (Normal) (G1 Evacuation Pause) 101M->19M(148M) 4.883ms
[2026-04-03T01:32:20.149+0600][14.095s][info][gc,cpu         ] GC(22) User=0.04s Sys=0.00s Real=0.00s
[2026-04-03T01:32:20.721+0600][14.667s][info][gc,start       ] GC(23) Pause Young (Normal) (G1 Evacuation Pause)
[2026-04-03T01:32:20.721+0600][14.668s][info][gc,task        ] GC(23) Using 10 workers of 10 for evacuation
[2026-04-03T01:32:20.727+0600][14.673s][info][gc,phases      ] GC(23)   Pre Evacuate Collection Set: 0.27ms
[2026-04-03T01:32:20.727+0600][14.673s][info][gc,phases      ] GC(23)   Merge Heap Roots: 0.25ms
[2026-04-03T01:32:20.727+0600][14.673s][info][gc,phases      ] GC(23)   Evacuate Collection Set: 3.70ms
[2026-04-03T01:32:20.727+0600][14.673s][info][gc,phases      ] GC(23)   Post Evacuate Collection Set: 0.95ms
[2026-04-03T01:32:20.727+0600][14.673s][info][gc,phases      ] GC(23)   Other: 0.12ms
[2026-04-03T01:32:20.727+0600][14.673s][info][gc,heap        ] GC(23) Eden regions: 41->0(41)
[2026-04-03T01:32:20.727+0600][14.673s][info][gc,heap        ] GC(23) Survivor regions: 3->3(6)
[2026-04-03T01:32:20.727+0600][14.673s][info][gc,heap        ] GC(23) Old regions: 9->9
[2026-04-03T01:32:20.727+0600][14.673s][info][gc,heap        ] GC(23) Humongous regions: 0->0
[2026-04-03T01:32:20.727+0600][14.673s][info][gc,metaspace   ] GC(23) Metaspace: 55046K(55744K)->55046K(55744K) NonClass: 46497K(46912K)->46497K(46912K) Class: 8549K(8832K)->8549K(8832K)
[2026-04-03T01:32:20.727+0600][14.673s][info][gc             ] GC(23) Pause Young (Normal) (G1 Evacuation Pause) 101M->19M(148M) 5.725ms
[2026-04-03T01:32:20.727+0600][14.673s][info][gc,cpu         ] GC(23) User=0.04s Sys=0.00s Real=0.00s
[2026-04-03T01:32:21.233+0600][15.179s][info][gc,start       ] GC(24) Pause Young (Normal) (G1 Evacuation Pause)
[2026-04-03T01:32:21.233+0600][15.179s][info][gc,task        ] GC(24) Using 10 workers of 10 for evacuation
[2026-04-03T01:32:21.238+0600][15.184s][info][gc,phases      ] GC(24)   Pre Evacuate Collection Set: 0.23ms
[2026-04-03T01:32:21.238+0600][15.185s][info][gc,phases      ] GC(24)   Merge Heap Roots: 0.17ms
[2026-04-03T01:32:21.238+0600][15.185s][info][gc,phases      ] GC(24)   Evacuate Collection Set: 3.58ms
[2026-04-03T01:32:21.238+0600][15.185s][info][gc,phases      ] GC(24)   Post Evacuate Collection Set: 0.98ms
[2026-04-03T01:32:21.238+0600][15.185s][info][gc,phases      ] GC(24)   Other: 0.12ms
[2026-04-03T01:32:21.238+0600][15.185s][info][gc,heap        ] GC(24) Eden regions: 41->0(41)
[2026-04-03T01:32:21.238+0600][15.185s][info][gc,heap        ] GC(24) Survivor regions: 3->3(6)
[2026-04-03T01:32:21.238+0600][15.185s][info][gc,heap        ] GC(24) Old regions: 9->9
[2026-04-03T01:32:21.238+0600][15.185s][info][gc,heap        ] GC(24) Humongous regions: 0->0
[2026-04-03T01:32:21.239+0600][15.185s][info][gc,metaspace   ] GC(24) Metaspace: 55046K(55744K)->55046K(55744K) NonClass: 46497K(46912K)->46497K(46912K) Class: 8549K(8832K)->8549K(8832K)
[2026-04-03T01:32:21.239+0600][15.185s][info][gc             ] GC(24) Pause Young (Normal) (G1 Evacuation Pause) 101M->19M(148M) 5.472ms
[2026-04-03T01:32:21.239+0600][15.185s][info][gc,cpu         ] GC(24) User=0.04s Sys=0.00s Real=0.00s
[2026-04-03T01:32:21.689+0600][15.635s][info][gc,start       ] GC(25) Pause Young (Normal) (G1 Evacuation Pause)
[2026-04-03T01:32:21.689+0600][15.635s][info][gc,task        ] GC(25) Using 10 workers of 10 for evacuation
[2026-04-03T01:32:21.695+0600][15.642s][info][gc,phases      ] GC(25)   Pre Evacuate Collection Set: 0.25ms
[2026-04-03T01:32:21.696+0600][15.642s][info][gc,phases      ] GC(25)   Merge Heap Roots: 0.23ms
[2026-04-03T01:32:21.696+0600][15.642s][info][gc,phases      ] GC(25)   Evacuate Collection Set: 4.93ms
[2026-04-03T01:32:21.696+0600][15.642s][info][gc,phases      ] GC(25)   Post Evacuate Collection Set: 1.13ms
[2026-04-03T01:32:21.696+0600][15.642s][info][gc,phases      ] GC(25)   Other: 0.14ms
[2026-04-03T01:32:21.696+0600][15.642s][info][gc,heap        ] GC(25) Eden regions: 41->0(41)
[2026-04-03T01:32:21.696+0600][15.642s][info][gc,heap        ] GC(25) Survivor regions: 3->3(6)
[2026-04-03T01:32:21.696+0600][15.642s][info][gc,heap        ] GC(25) Old regions: 9->9
[2026-04-03T01:32:21.696+0600][15.642s][info][gc,heap        ] GC(25) Humongous regions: 0->0
[2026-04-03T01:32:21.696+0600][15.642s][info][gc,metaspace   ] GC(25) Metaspace: 55046K(55744K)->55046K(55744K) NonClass: 46497K(46912K)->46497K(46912K) Class: 8549K(8832K)->8549K(8832K)
[2026-04-03T01:32:21.696+0600][15.642s][info][gc             ] GC(25) Pause Young (Normal) (G1 Evacuation Pause) 101M->19M(148M) 7.188ms
[2026-04-03T01:32:21.696+0600][15.642s][info][gc,cpu         ] GC(25) User=0.05s Sys=0.00s Real=0.01s
[2026-04-03T01:32:22.136+0600][16.082s][info][gc,start       ] GC(26) Pause Young (Normal) (G1 Evacuation Pause)
[2026-04-03T01:32:22.136+0600][16.082s][info][gc,task        ] GC(26) Using 10 workers of 10 for evacuation
[2026-04-03T01:32:22.141+0600][16.087s][info][gc,phases      ] GC(26)   Pre Evacuate Collection Set: 0.28ms
[2026-04-03T01:32:22.141+0600][16.087s][info][gc,phases      ] GC(26)   Merge Heap Roots: 0.18ms
[2026-04-03T01:32:22.141+0600][16.087s][info][gc,phases      ] GC(26)   Evacuate Collection Set: 3.43ms
[2026-04-03T01:32:22.141+0600][16.087s][info][gc,phases      ] GC(26)   Post Evacuate Collection Set: 0.91ms
[2026-04-03T01:32:22.141+0600][16.087s][info][gc,phases      ] GC(26)   Other: 0.13ms
[2026-04-03T01:32:22.141+0600][16.087s][info][gc,heap        ] GC(26) Eden regions: 41->0(41)
[2026-04-03T01:32:22.141+0600][16.087s][info][gc,heap        ] GC(26) Survivor regions: 3->3(6)
[2026-04-03T01:32:22.141+0600][16.087s][info][gc,heap        ] GC(26) Old regions: 9->9
[2026-04-03T01:32:22.141+0600][16.087s][info][gc,heap        ] GC(26) Humongous regions: 0->0
[2026-04-03T01:32:22.141+0600][16.087s][info][gc,metaspace   ] GC(26) Metaspace: 55077K(55808K)->55077K(55808K) NonClass: 46525K(46976K)->46525K(46976K) Class: 8551K(8832K)->8551K(8832K)
[2026-04-03T01:32:22.141+0600][16.087s][info][gc             ] GC(26) Pause Young (Normal) (G1 Evacuation Pause) 101M->19M(148M) 5.338ms
[2026-04-03T01:32:22.141+0600][16.088s][info][gc,cpu         ] GC(26) User=0.04s Sys=0.00s Real=0.01s
[2026-04-03T01:32:22.593+0600][16.539s][info][gc,start       ] GC(27) Pause Young (Normal) (G1 Evacuation Pause)
[2026-04-03T01:32:22.593+0600][16.539s][info][gc,task        ] GC(27) Using 10 workers of 10 for evacuation
[2026-04-03T01:32:22.599+0600][16.545s][info][gc,phases      ] GC(27)   Pre Evacuate Collection Set: 0.28ms
[2026-04-03T01:32:22.599+0600][16.545s][info][gc,phases      ] GC(27)   Merge Heap Roots: 0.22ms
[2026-04-03T01:32:22.599+0600][16.545s][info][gc,phases      ] GC(27)   Evacuate Collection Set: 4.39ms
[2026-04-03T01:32:22.599+0600][16.545s][info][gc,phases      ] GC(27)   Post Evacuate Collection Set: 0.94ms
[2026-04-03T01:32:22.599+0600][16.545s][info][gc,phases      ] GC(27)   Other: 0.13ms
[2026-04-03T01:32:22.599+0600][16.545s][info][gc,heap        ] GC(27) Eden regions: 41->0(41)
[2026-04-03T01:32:22.599+0600][16.545s][info][gc,heap        ] GC(27) Survivor regions: 3->3(6)
[2026-04-03T01:32:22.599+0600][16.545s][info][gc,heap        ] GC(27) Old regions: 9->10
[2026-04-03T01:32:22.599+0600][16.545s][info][gc,heap        ] GC(27) Humongous regions: 0->0
[2026-04-03T01:32:22.599+0600][16.545s][info][gc,metaspace   ] GC(27) Metaspace: 55077K(55808K)->55077K(55808K) NonClass: 46525K(46976K)->46525K(46976K) Class: 8551K(8832K)->8551K(8832K)
[2026-04-03T01:32:22.599+0600][16.545s][info][gc             ] GC(27) Pause Young (Normal) (G1 Evacuation Pause) 101M->19M(148M) 6.390ms
[2026-04-03T01:32:22.599+0600][16.545s][info][gc,cpu         ] GC(27) User=0.04s Sys=0.01s Real=0.00s
[2026-04-03T01:32:23.022+0600][16.968s][info][gc,start       ] GC(28) Pause Young (Normal) (G1 Evacuation Pause)
[2026-04-03T01:32:23.022+0600][16.968s][info][gc,task        ] GC(28) Using 10 workers of 10 for evacuation
[2026-04-03T01:32:23.026+0600][16.972s][info][gc,phases      ] GC(28)   Pre Evacuate Collection Set: 0.25ms
[2026-04-03T01:32:23.026+0600][16.972s][info][gc,phases      ] GC(28)   Merge Heap Roots: 0.17ms
[2026-04-03T01:32:23.026+0600][16.972s][info][gc,phases      ] GC(28)   Evacuate Collection Set: 2.82ms
[2026-04-03T01:32:23.026+0600][16.972s][info][gc,phases      ] GC(28)   Post Evacuate Collection Set: 0.77ms
[2026-04-03T01:32:23.026+0600][16.972s][info][gc,phases      ] GC(28)   Other: 0.13ms
[2026-04-03T01:32:23.026+0600][16.972s][info][gc,heap        ] GC(28) Eden regions: 41->0(43)
[2026-04-03T01:32:23.026+0600][16.972s][info][gc,heap        ] GC(28) Survivor regions: 3->1(6)
[2026-04-03T01:32:23.026+0600][16.972s][info][gc,heap        ] GC(28) Old regions: 10->11
[2026-04-03T01:32:23.026+0600][16.972s][info][gc,heap        ] GC(28) Humongous regions: 0->0
[2026-04-03T01:32:23.026+0600][16.972s][info][gc,metaspace   ] GC(28) Metaspace: 55077K(55808K)->55077K(55808K) NonClass: 46525K(46976K)->46525K(46976K) Class: 8551K(8832K)->8551K(8832K)
[2026-04-03T01:32:23.026+0600][16.972s][info][gc             ] GC(28) Pause Young (Normal) (G1 Evacuation Pause) 101M->19M(148M) 4.549ms
[2026-04-03T01:32:23.026+0600][16.972s][info][gc,cpu         ] GC(28) User=0.04s Sys=0.00s Real=0.00s
[2026-04-03T01:32:23.424+0600][17.371s][info][gc,start       ] GC(29) Pause Young (Normal) (G1 Evacuation Pause)
[2026-04-03T01:32:23.425+0600][17.371s][info][gc,task        ] GC(29) Using 10 workers of 10 for evacuation
[2026-04-03T01:32:23.428+0600][17.374s][info][gc,phases      ] GC(29)   Pre Evacuate Collection Set: 0.22ms
[2026-04-03T01:32:23.428+0600][17.374s][info][gc,phases      ] GC(29)   Merge Heap Roots: 0.17ms
[2026-04-03T01:32:23.428+0600][17.374s][info][gc,phases      ] GC(29)   Evacuate Collection Set: 1.95ms
[2026-04-03T01:32:23.428+0600][17.374s][info][gc,phases      ] GC(29)   Post Evacuate Collection Set: 0.71ms
[2026-04-03T01:32:23.428+0600][17.374s][info][gc,phases      ] GC(29)   Other: 0.16ms
[2026-04-03T01:32:23.428+0600][17.374s][info][gc,heap        ] GC(29) Eden regions: 43->0(43)
[2026-04-03T01:32:23.428+0600][17.374s][info][gc,heap        ] GC(29) Survivor regions: 1->1(6)
[2026-04-03T01:32:23.428+0600][17.374s][info][gc,heap        ] GC(29) Old regions: 11->12
[2026-04-03T01:32:23.428+0600][17.374s][info][gc,heap        ] GC(29) Humongous regions: 0->0
[2026-04-03T01:32:23.428+0600][17.374s][info][gc,metaspace   ] GC(29) Metaspace: 55081K(55808K)->55081K(55808K) NonClass: 46529K(46976K)->46529K(46976K) Class: 8551K(8832K)->8551K(8832K)
[2026-04-03T01:32:23.428+0600][17.374s][info][gc             ] GC(29) Pause Young (Normal) (G1 Evacuation Pause) 105M->19M(148M) 3.631ms
[2026-04-03T01:32:23.428+0600][17.374s][info][gc,cpu         ] GC(29) User=0.03s Sys=0.00s Real=0.00s
[2026-04-03T01:32:23.787+0600][17.733s][info][gc,start       ] GC(30) Pause Young (Normal) (G1 Evacuation Pause)
[2026-04-03T01:32:23.787+0600][17.733s][info][gc,task        ] GC(30) Using 10 workers of 10 for evacuation
[2026-04-03T01:32:23.789+0600][17.735s][info][gc,phases      ] GC(30)   Pre Evacuate Collection Set: 0.23ms
[2026-04-03T01:32:23.789+0600][17.735s][info][gc,phases      ] GC(30)   Merge Heap Roots: 0.11ms
[2026-04-03T01:32:23.789+0600][17.735s][info][gc,phases      ] GC(30)   Evacuate Collection Set: 1.17ms
[2026-04-03T01:32:23.789+0600][17.735s][info][gc,phases      ] GC(30)   Post Evacuate Collection Set: 0.43ms
[2026-04-03T01:32:23.789+0600][17.736s][info][gc,phases      ] GC(30)   Other: 0.11ms
[2026-04-03T01:32:23.789+0600][17.736s][info][gc,heap        ] GC(30) Eden regions: 43->0(43)
[2026-04-03T01:32:23.789+0600][17.736s][info][gc,heap        ] GC(30) Survivor regions: 1->1(6)
[2026-04-03T01:32:23.789+0600][17.736s][info][gc,heap        ] GC(30) Old regions: 12->12
[2026-04-03T01:32:23.789+0600][17.736s][info][gc,heap        ] GC(30) Humongous regions: 0->0
[2026-04-03T01:32:23.789+0600][17.736s][info][gc,metaspace   ] GC(30) Metaspace: 55087K(55808K)->55087K(55808K) NonClass: 46535K(46976K)->46535K(46976K) Class: 8552K(8832K)->8552K(8832K)
[2026-04-03T01:32:23.789+0600][17.736s][info][gc             ] GC(30) Pause Young (Normal) (G1 Evacuation Pause) 105M->19M(148M) 2.387ms
[2026-04-03T01:32:23.790+0600][17.736s][info][gc,cpu         ] GC(30) User=0.01s Sys=0.00s Real=0.00s
[2026-04-03T01:32:24.118+0600][18.064s][info][gc,start       ] GC(31) Pause Young (Normal) (G1 Evacuation Pause)
[2026-04-03T01:32:24.118+0600][18.064s][info][gc,task        ] GC(31) Using 10 workers of 10 for evacuation
[2026-04-03T01:32:24.121+0600][18.068s][info][gc,phases      ] GC(31)   Pre Evacuate Collection Set: 0.23ms
[2026-04-03T01:32:24.121+0600][18.068s][info][gc,phases      ] GC(31)   Merge Heap Roots: 0.15ms
[2026-04-03T01:32:24.121+0600][18.068s][info][gc,phases      ] GC(31)   Evacuate Collection Set: 2.08ms
[2026-04-03T01:32:24.122+0600][18.068s][info][gc,phases      ] GC(31)   Post Evacuate Collection Set: 0.58ms
[2026-04-03T01:32:24.122+0600][18.068s][info][gc,phases      ] GC(31)   Other: 0.13ms
[2026-04-03T01:32:24.122+0600][18.068s][info][gc,heap        ] GC(31) Eden regions: 43->0(43)
[2026-04-03T01:32:24.122+0600][18.068s][info][gc,heap        ] GC(31) Survivor regions: 1->1(6)
[2026-04-03T01:32:24.122+0600][18.068s][info][gc,heap        ] GC(31) Old regions: 12->12
[2026-04-03T01:32:24.122+0600][18.068s][info][gc,heap        ] GC(31) Humongous regions: 0->0
[2026-04-03T01:32:24.122+0600][18.068s][info][gc,metaspace   ] GC(31) Metaspace: 55087K(55808K)->55087K(55808K) NonClass: 46535K(46976K)->46535K(46976K) Class: 8552K(8832K)->8552K(8832K)
[2026-04-03T01:32:24.122+0600][18.068s][info][gc             ] GC(31) Pause Young (Normal) (G1 Evacuation Pause) 105M->19M(148M) 3.585ms
[2026-04-03T01:32:24.122+0600][18.068s][info][gc,cpu         ] GC(31) User=0.02s Sys=0.01s Real=0.01s
[2026-04-03T01:32:24.431+0600][18.377s][info][gc,start       ] GC(32) Pause Young (Normal) (G1 Evacuation Pause)
[2026-04-03T01:32:24.431+0600][18.377s][info][gc,task        ] GC(32) Using 10 workers of 10 for evacuation
[2026-04-03T01:32:24.433+0600][18.380s][info][gc,phases      ] GC(32)   Pre Evacuate Collection Set: 0.22ms
[2026-04-03T01:32:24.433+0600][18.380s][info][gc,phases      ] GC(32)   Merge Heap Roots: 0.16ms
[2026-04-03T01:32:24.433+0600][18.380s][info][gc,phases      ] GC(32)   Evacuate Collection Set: 1.19ms
[2026-04-03T01:32:24.433+0600][18.380s][info][gc,phases      ] GC(32)   Post Evacuate Collection Set: 0.52ms
[2026-04-03T01:32:24.433+0600][18.380s][info][gc,phases      ] GC(32)   Other: 0.13ms
[2026-04-03T01:32:24.434+0600][18.380s][info][gc,heap        ] GC(32) Eden regions: 43->0(43)
[2026-04-03T01:32:24.434+0600][18.380s][info][gc,heap        ] GC(32) Survivor regions: 1->1(6)
[2026-04-03T01:32:24.434+0600][18.380s][info][gc,heap        ] GC(32) Old regions: 12->12
[2026-04-03T01:32:24.434+0600][18.380s][info][gc,heap        ] GC(32) Humongous regions: 0->0
[2026-04-03T01:32:24.434+0600][18.380s][info][gc,metaspace   ] GC(32) Metaspace: 55087K(55808K)->55087K(55808K) NonClass: 46535K(46976K)->46535K(46976K) Class: 8552K(8832K)->8552K(8832K)
[2026-04-03T01:32:24.434+0600][18.380s][info][gc             ] GC(32) Pause Young (Normal) (G1 Evacuation Pause) 105M->19M(148M) 2.641ms
[2026-04-03T01:32:24.434+0600][18.380s][info][gc,cpu         ] GC(32) User=0.02s Sys=0.00s Real=0.00s
[2026-04-03T01:32:24.713+0600][18.659s][info][gc,start       ] GC(33) Pause Young (Normal) (G1 Evacuation Pause)
[2026-04-03T01:32:24.713+0600][18.660s][info][gc,task        ] GC(33) Using 10 workers of 10 for evacuation
[2026-04-03T01:32:24.716+0600][18.662s][info][gc,phases      ] GC(33)   Pre Evacuate Collection Set: 0.24ms
[2026-04-03T01:32:24.716+0600][18.662s][info][gc,phases      ] GC(33)   Merge Heap Roots: 0.15ms
[2026-04-03T01:32:24.716+0600][18.662s][info][gc,phases      ] GC(33)   Evacuate Collection Set: 1.48ms
[2026-04-03T01:32:24.716+0600][18.662s][info][gc,phases      ] GC(33)   Post Evacuate Collection Set: 0.47ms
[2026-04-03T01:32:24.716+0600][18.662s][info][gc,phases      ] GC(33)   Other: 0.12ms
[2026-04-03T01:32:24.716+0600][18.662s][info][gc,heap        ] GC(33) Eden regions: 43->0(43)
[2026-04-03T01:32:24.716+0600][18.662s][info][gc,heap        ] GC(33) Survivor regions: 1->1(6)
[2026-04-03T01:32:24.716+0600][18.662s][info][gc,heap        ] GC(33) Old regions: 12->12
[2026-04-03T01:32:24.716+0600][18.662s][info][gc,heap        ] GC(33) Humongous regions: 0->0
[2026-04-03T01:32:24.716+0600][18.662s][info][gc,metaspace   ] GC(33) Metaspace: 55088K(55808K)->55088K(55808K) NonClass: 46536K(46976K)->46536K(46976K) Class: 8552K(8832K)->8552K(8832K)
[2026-04-03T01:32:24.716+0600][18.662s][info][gc             ] GC(33) Pause Young (Normal) (G1 Evacuation Pause) 105M->19M(148M) 2.875ms
[2026-04-03T01:32:24.716+0600][18.662s][info][gc,cpu         ] GC(33) User=0.01s Sys=0.00s Real=0.00s
[2026-04-03T01:32:24.982+0600][18.928s][info][gc,start       ] GC(34) Pause Young (Normal) (G1 Evacuation Pause)
[2026-04-03T01:32:24.982+0600][18.928s][info][gc,task        ] GC(34) Using 10 workers of 10 for evacuation
[2026-04-03T01:32:24.984+0600][18.930s][info][gc,phases      ] GC(34)   Pre Evacuate Collection Set: 0.20ms
[2026-04-03T01:32:24.984+0600][18.930s][info][gc,phases      ] GC(34)   Merge Heap Roots: 0.13ms
[2026-04-03T01:32:24.984+0600][18.930s][info][gc,phases      ] GC(34)   Evacuate Collection Set: 1.34ms
[2026-04-03T01:32:24.984+0600][18.930s][info][gc,phases      ] GC(34)   Post Evacuate Collection Set: 0.49ms
[2026-04-03T01:32:24.984+0600][18.930s][info][gc,phases      ] GC(34)   Other: 0.13ms
[2026-04-03T01:32:24.984+0600][18.930s][info][gc,heap        ] GC(34) Eden regions: 43->0(43)
[2026-04-03T01:32:24.984+0600][18.930s][info][gc,heap        ] GC(34) Survivor regions: 1->1(6)
[2026-04-03T01:32:24.984+0600][18.930s][info][gc,heap        ] GC(34) Old regions: 12->12
[2026-04-03T01:32:24.984+0600][18.930s][info][gc,heap        ] GC(34) Humongous regions: 0->0
[2026-04-03T01:32:24.984+0600][18.930s][info][gc,metaspace   ] GC(34) Metaspace: 55088K(55808K)->55088K(55808K) NonClass: 46536K(46976K)->46536K(46976K) Class: 8552K(8832K)->8552K(8832K)
[2026-04-03T01:32:24.984+0600][18.930s][info][gc             ] GC(34) Pause Young (Normal) (G1 Evacuation Pause) 105M->19M(148M) 2.728ms
[2026-04-03T01:32:24.984+0600][18.931s][info][gc,cpu         ] GC(34) User=0.01s Sys=0.00s Real=0.00s
[2026-04-03T01:32:25.242+0600][19.188s][info][gc,start       ] GC(35) Pause Young (Normal) (G1 Evacuation Pause)
[2026-04-03T01:32:25.242+0600][19.188s][info][gc,task        ] GC(35) Using 10 workers of 10 for evacuation
[2026-04-03T01:32:25.244+0600][19.190s][info][gc,phases      ] GC(35)   Pre Evacuate Collection Set: 0.19ms
[2026-04-03T01:32:25.244+0600][19.190s][info][gc,phases      ] GC(35)   Merge Heap Roots: 0.14ms
[2026-04-03T01:32:25.244+0600][19.190s][info][gc,phases      ] GC(35)   Evacuate Collection Set: 0.94ms
[2026-04-03T01:32:25.244+0600][19.190s][info][gc,phases      ] GC(35)   Post Evacuate Collection Set: 0.36ms
[2026-04-03T01:32:25.244+0600][19.190s][info][gc,phases      ] GC(35)   Other: 0.10ms
[2026-04-03T01:32:25.244+0600][19.190s][info][gc,heap        ] GC(35) Eden regions: 43->0(43)
[2026-04-03T01:32:25.244+0600][19.190s][info][gc,heap        ] GC(35) Survivor regions: 1->1(6)
[2026-04-03T01:32:25.244+0600][19.190s][info][gc,heap        ] GC(35) Old regions: 12->12
[2026-04-03T01:32:25.244+0600][19.190s][info][gc,heap        ] GC(35) Humongous regions: 0->0
[2026-04-03T01:32:25.244+0600][19.190s][info][gc,metaspace   ] GC(35) Metaspace: 55088K(55808K)->55088K(55808K) NonClass: 46536K(46976K)->46536K(46976K) Class: 8552K(8832K)->8552K(8832K)
[2026-04-03T01:32:25.244+0600][19.190s][info][gc             ] GC(35) Pause Young (Normal) (G1 Evacuation Pause) 105M->19M(148M) 2.031ms
[2026-04-03T01:32:25.244+0600][19.190s][info][gc,cpu         ] GC(35) User=0.02s Sys=0.00s Real=0.00s
[2026-04-03T01:32:25.509+0600][19.455s][info][gc,start       ] GC(36) Pause Young (Normal) (G1 Evacuation Pause)
[2026-04-03T01:32:25.509+0600][19.455s][info][gc,task        ] GC(36) Using 10 workers of 10 for evacuation
[2026-04-03T01:32:25.511+0600][19.457s][info][gc,phases      ] GC(36)   Pre Evacuate Collection Set: 0.20ms
[2026-04-03T01:32:25.511+0600][19.457s][info][gc,phases      ] GC(36)   Merge Heap Roots: 0.19ms
[2026-04-03T01:32:25.511+0600][19.457s][info][gc,phases      ] GC(36)   Evacuate Collection Set: 1.00ms
[2026-04-03T01:32:25.511+0600][19.457s][info][gc,phases      ] GC(36)   Post Evacuate Collection Set: 0.38ms
[2026-04-03T01:32:25.511+0600][19.457s][info][gc,phases      ] GC(36)   Other: 0.25ms
[2026-04-03T01:32:25.511+0600][19.457s][info][gc,heap        ] GC(36) Eden regions: 43->0(43)
[2026-04-03T01:32:25.511+0600][19.457s][info][gc,heap        ] GC(36) Survivor regions: 1->1(6)
[2026-04-03T01:32:25.511+0600][19.457s][info][gc,heap        ] GC(36) Old regions: 12->12
[2026-04-03T01:32:25.511+0600][19.457s][info][gc,heap        ] GC(36) Humongous regions: 0->0
[2026-04-03T01:32:25.511+0600][19.457s][info][gc,metaspace   ] GC(36) Metaspace: 55088K(55808K)->55088K(55808K) NonClass: 46536K(46976K)->46536K(46976K) Class: 8552K(8832K)->8552K(8832K)
[2026-04-03T01:32:25.511+0600][19.457s][info][gc             ] GC(36) Pause Young (Normal) (G1 Evacuation Pause) 105M->19M(148M) 2.377ms
[2026-04-03T01:32:25.511+0600][19.457s][info][gc,cpu         ] GC(36) User=0.01s Sys=0.00s Real=0.01s
[2026-04-03T01:32:25.749+0600][19.696s][info][gc,start       ] GC(37) Pause Young (Normal) (G1 Evacuation Pause)
[2026-04-03T01:32:25.749+0600][19.696s][info][gc,task        ] GC(37) Using 10 workers of 10 for evacuation
[2026-04-03T01:32:25.751+0600][19.697s][info][gc,phases      ] GC(37)   Pre Evacuate Collection Set: 0.16ms
[2026-04-03T01:32:25.751+0600][19.698s][info][gc,phases      ] GC(37)   Merge Heap Roots: 0.13ms
[2026-04-03T01:32:25.751+0600][19.698s][info][gc,phases      ] GC(37)   Evacuate Collection Set: 1.03ms
[2026-04-03T01:32:25.751+0600][19.698s][info][gc,phases      ] GC(37)   Post Evacuate Collection Set: 0.46ms
[2026-04-03T01:32:25.751+0600][19.698s][info][gc,phases      ] GC(37)   Other: 0.09ms
[2026-04-03T01:32:25.751+0600][19.698s][info][gc,heap        ] GC(37) Eden regions: 43->0(43)
[2026-04-03T01:32:25.751+0600][19.698s][info][gc,heap        ] GC(37) Survivor regions: 1->1(6)
[2026-04-03T01:32:25.751+0600][19.698s][info][gc,heap        ] GC(37) Old regions: 12->12
[2026-04-03T01:32:25.751+0600][19.698s][info][gc,heap        ] GC(37) Humongous regions: 0->0
[2026-04-03T01:32:25.751+0600][19.698s][info][gc,metaspace   ] GC(37) Metaspace: 55092K(55808K)->55092K(55808K) NonClass: 46539K(46976K)->46539K(46976K) Class: 8552K(8832K)->8552K(8832K)
[2026-04-03T01:32:25.751+0600][19.698s][info][gc             ] GC(37) Pause Young (Normal) (G1 Evacuation Pause) 105M->19M(148M) 2.141ms
[2026-04-03T01:32:25.752+0600][19.698s][info][gc,cpu         ] GC(37) User=0.01s Sys=0.00s Real=0.01s
[2026-04-03T01:32:25.956+0600][19.903s][info][gc,start       ] GC(38) Pause Young (Normal) (G1 Evacuation Pause)
[2026-04-03T01:32:25.957+0600][19.903s][info][gc,task        ] GC(38) Using 10 workers of 10 for evacuation
[2026-04-03T01:32:25.959+0600][19.906s][info][gc,phases      ] GC(38)   Pre Evacuate Collection Set: 0.19ms
[2026-04-03T01:32:25.959+0600][19.906s][info][gc,phases      ] GC(38)   Merge Heap Roots: 0.15ms
[2026-04-03T01:32:25.959+0600][19.906s][info][gc,phases      ] GC(38)   Evacuate Collection Set: 1.85ms
[2026-04-03T01:32:25.960+0600][19.906s][info][gc,phases      ] GC(38)   Post Evacuate Collection Set: 0.55ms
[2026-04-03T01:32:25.960+0600][19.906s][info][gc,phases      ] GC(38)   Other: 0.13ms
[2026-04-03T01:32:25.960+0600][19.906s][info][gc,heap        ] GC(38) Eden regions: 43->0(43)
[2026-04-03T01:32:25.960+0600][19.906s][info][gc,heap        ] GC(38) Survivor regions: 1->1(6)
[2026-04-03T01:32:25.960+0600][19.906s][info][gc,heap        ] GC(38) Old regions: 12->12
[2026-04-03T01:32:25.960+0600][19.906s][info][gc,heap        ] GC(38) Humongous regions: 0->0
[2026-04-03T01:32:25.960+0600][19.906s][info][gc,metaspace   ] GC(38) Metaspace: 55092K(55808K)->55092K(55808K) NonClass: 46539K(46976K)->46539K(46976K) Class: 8552K(8832K)->8552K(8832K)
[2026-04-03T01:32:25.960+0600][19.906s][info][gc             ] GC(38) Pause Young (Normal) (G1 Evacuation Pause) 105M->19M(148M) 3.304ms
[2026-04-03T01:32:25.960+0600][19.906s][info][gc,cpu         ] GC(38) User=0.02s Sys=0.00s Real=0.01s
[2026-04-03T01:32:26.182+0600][20.128s][info][gc,start       ] GC(39) Pause Young (Normal) (G1 Evacuation Pause)
[2026-04-03T01:32:26.182+0600][20.128s][info][gc,task        ] GC(39) Using 10 workers of 10 for evacuation
[2026-04-03T01:32:26.184+0600][20.130s][info][gc,phases      ] GC(39)   Pre Evacuate Collection Set: 0.20ms
[2026-04-03T01:32:26.184+0600][20.130s][info][gc,phases      ] GC(39)   Merge Heap Roots: 0.15ms
[2026-04-03T01:32:26.184+0600][20.130s][info][gc,phases      ] GC(39)   Evacuate Collection Set: 1.25ms
[2026-04-03T01:32:26.184+0600][20.130s][info][gc,phases      ] GC(39)   Post Evacuate Collection Set: 0.50ms
[2026-04-03T01:32:26.184+0600][20.130s][info][gc,phases      ] GC(39)   Other: 0.13ms
[2026-04-03T01:32:26.184+0600][20.130s][info][gc,heap        ] GC(39) Eden regions: 43->0(43)
[2026-04-03T01:32:26.184+0600][20.130s][info][gc,heap        ] GC(39) Survivor regions: 1->1(6)
[2026-04-03T01:32:26.184+0600][20.130s][info][gc,heap        ] GC(39) Old regions: 12->12
[2026-04-03T01:32:26.184+0600][20.130s][info][gc,heap        ] GC(39) Humongous regions: 0->0
[2026-04-03T01:32:26.184+0600][20.130s][info][gc,metaspace   ] GC(39) Metaspace: 55097K(55808K)->55097K(55808K) NonClass: 46543K(46976K)->46543K(46976K) Class: 8553K(8832K)->8553K(8832K)
[2026-04-03T01:32:26.184+0600][20.130s][info][gc             ] GC(39) Pause Young (Normal) (G1 Evacuation Pause) 105M->20M(148M) 2.581ms
[2026-04-03T01:32:26.184+0600][20.130s][info][gc,cpu         ] GC(39) User=0.02s Sys=0.00s Real=0.00s
[2026-04-03T01:32:26.378+0600][20.324s][info][gc,start       ] GC(40) Pause Young (Normal) (G1 Evacuation Pause)
[2026-04-03T01:32:26.378+0600][20.324s][info][gc,task        ] GC(40) Using 10 workers of 10 for evacuation
[2026-04-03T01:32:26.380+0600][20.326s][info][gc,phases      ] GC(40)   Pre Evacuate Collection Set: 0.23ms
[2026-04-03T01:32:26.380+0600][20.326s][info][gc,phases      ] GC(40)   Merge Heap Roots: 0.13ms
[2026-04-03T01:32:26.380+0600][20.326s][info][gc,phases      ] GC(40)   Evacuate Collection Set: 1.02ms
[2026-04-03T01:32:26.380+0600][20.326s][info][gc,phases      ] GC(40)   Post Evacuate Collection Set: 0.37ms
[2026-04-03T01:32:26.380+0600][20.326s][info][gc,phases      ] GC(40)   Other: 0.11ms
[2026-04-03T01:32:26.380+0600][20.326s][info][gc,heap        ] GC(40) Eden regions: 43->0(43)
[2026-04-03T01:32:26.380+0600][20.326s][info][gc,heap        ] GC(40) Survivor regions: 1->1(6)
[2026-04-03T01:32:26.380+0600][20.326s][info][gc,heap        ] GC(40) Old regions: 12->12
[2026-04-03T01:32:26.380+0600][20.326s][info][gc,heap        ] GC(40) Humongous regions: 0->0
[2026-04-03T01:32:26.380+0600][20.326s][info][gc,metaspace   ] GC(40) Metaspace: 55097K(55808K)->55097K(55808K) NonClass: 46543K(46976K)->46543K(46976K) Class: 8553K(8832K)->8553K(8832K)
[2026-04-03T01:32:26.380+0600][20.326s][info][gc             ] GC(40) Pause Young (Normal) (G1 Evacuation Pause) 106M->20M(148M) 2.247ms
[2026-04-03T01:32:26.380+0600][20.326s][info][gc,cpu         ] GC(40) User=0.02s Sys=0.00s Real=0.01s
[2026-04-03T01:32:26.554+0600][20.500s][info][gc,start       ] GC(41) Pause Young (Normal) (G1 Evacuation Pause)
[2026-04-03T01:32:26.554+0600][20.500s][info][gc,task        ] GC(41) Using 10 workers of 10 for evacuation
[2026-04-03T01:32:26.557+0600][20.503s][info][gc,phases      ] GC(41)   Pre Evacuate Collection Set: 0.20ms
[2026-04-03T01:32:26.557+0600][20.503s][info][gc,phases      ] GC(41)   Merge Heap Roots: 0.11ms
[2026-04-03T01:32:26.557+0600][20.503s][info][gc,phases      ] GC(41)   Evacuate Collection Set: 1.70ms
[2026-04-03T01:32:26.557+0600][20.503s][info][gc,phases      ] GC(41)   Post Evacuate Collection Set: 0.53ms
[2026-04-03T01:32:26.557+0600][20.503s][info][gc,phases      ] GC(41)   Other: 0.11ms
[2026-04-03T01:32:26.557+0600][20.503s][info][gc,heap        ] GC(41) Eden regions: 43->0(43)
[2026-04-03T01:32:26.557+0600][20.503s][info][gc,heap        ] GC(41) Survivor regions: 1->1(6)
[2026-04-03T01:32:26.557+0600][20.503s][info][gc,heap        ] GC(41) Old regions: 12->12
[2026-04-03T01:32:26.557+0600][20.503s][info][gc,heap        ] GC(41) Humongous regions: 0->0
[2026-04-03T01:32:26.557+0600][20.503s][info][gc,metaspace   ] GC(41) Metaspace: 55097K(55808K)->55097K(55808K) NonClass: 46543K(46976K)->46543K(46976K) Class: 8553K(8832K)->8553K(8832K)
[2026-04-03T01:32:26.557+0600][20.503s][info][gc             ] GC(41) Pause Young (Normal) (G1 Evacuation Pause) 106M->19M(148M) 3.090ms
[2026-04-03T01:32:26.557+0600][20.503s][info][gc,cpu         ] GC(41) User=0.01s Sys=0.00s Real=0.00s
[2026-04-03T01:32:26.724+0600][20.670s][info][gc,start       ] GC(42) Pause Young (Normal) (G1 Evacuation Pause)
[2026-04-03T01:32:26.724+0600][20.670s][info][gc,task        ] GC(42) Using 10 workers of 10 for evacuation
[2026-04-03T01:32:26.726+0600][20.672s][info][gc,phases      ] GC(42)   Pre Evacuate Collection Set: 0.18ms
[2026-04-03T01:32:26.726+0600][20.672s][info][gc,phases      ] GC(42)   Merge Heap Roots: 0.10ms
[2026-04-03T01:32:26.726+0600][20.672s][info][gc,phases      ] GC(42)   Evacuate Collection Set: 0.92ms
[2026-04-03T01:32:26.726+0600][20.672s][info][gc,phases      ] GC(42)   Post Evacuate Collection Set: 0.41ms
[2026-04-03T01:32:26.726+0600][20.672s][info][gc,phases      ] GC(42)   Other: 0.09ms
[2026-04-03T01:32:26.726+0600][20.672s][info][gc,heap        ] GC(42) Eden regions: 43->0(43)
[2026-04-03T01:32:26.726+0600][20.672s][info][gc,heap        ] GC(42) Survivor regions: 1->1(6)
[2026-04-03T01:32:26.726+0600][20.672s][info][gc,heap        ] GC(42) Old regions: 12->12
[2026-04-03T01:32:26.726+0600][20.672s][info][gc,heap        ] GC(42) Humongous regions: 0->0
[2026-04-03T01:32:26.726+0600][20.672s][info][gc,metaspace   ] GC(42) Metaspace: 55097K(55808K)->55097K(55808K) NonClass: 46543K(46976K)->46543K(46976K) Class: 8553K(8832K)->8553K(8832K)
[2026-04-03T01:32:26.726+0600][20.672s][info][gc             ] GC(42) Pause Young (Normal) (G1 Evacuation Pause) 105M->20M(148M) 1.978ms
[2026-04-03T01:32:26.726+0600][20.672s][info][gc,cpu         ] GC(42) User=0.01s Sys=0.00s Real=0.00s
[2026-04-03T01:32:26.898+0600][20.844s][info][gc,start       ] GC(43) Pause Young (Normal) (G1 Evacuation Pause)
[2026-04-03T01:32:26.898+0600][20.844s][info][gc,task        ] GC(43) Using 10 workers of 10 for evacuation
[2026-04-03T01:32:26.900+0600][20.846s][info][gc,phases      ] GC(43)   Pre Evacuate Collection Set: 0.16ms
[2026-04-03T01:32:26.900+0600][20.846s][info][gc,phases      ] GC(43)   Merge Heap Roots: 0.13ms
[2026-04-03T01:32:26.900+0600][20.846s][info][gc,phases      ] GC(43)   Evacuate Collection Set: 0.97ms
[2026-04-03T01:32:26.900+0600][20.846s][info][gc,phases      ] GC(43)   Post Evacuate Collection Set: 0.46ms
[2026-04-03T01:32:26.900+0600][20.846s][info][gc,phases      ] GC(43)   Other: 0.11ms
[2026-04-03T01:32:26.900+0600][20.846s][info][gc,heap        ] GC(43) Eden regions: 43->0(43)
[2026-04-03T01:32:26.900+0600][20.846s][info][gc,heap        ] GC(43) Survivor regions: 1->1(6)
[2026-04-03T01:32:26.900+0600][20.846s][info][gc,heap        ] GC(43) Old regions: 12->12
[2026-04-03T01:32:26.900+0600][20.846s][info][gc,heap        ] GC(43) Humongous regions: 0->0
[2026-04-03T01:32:26.900+0600][20.846s][info][gc,metaspace   ] GC(43) Metaspace: 55097K(55808K)->55097K(55808K) NonClass: 46543K(46976K)->46543K(46976K) Class: 8553K(8832K)->8553K(8832K)
[2026-04-03T01:32:26.900+0600][20.846s][info][gc             ] GC(43) Pause Young (Normal) (G1 Evacuation Pause) 106M->20M(148M) 2.217ms
[2026-04-03T01:32:26.900+0600][20.846s][info][gc,cpu         ] GC(43) User=0.01s Sys=0.00s Real=0.01s
[2026-04-03T01:32:27.073+0600][21.019s][info][gc,start       ] GC(44) Pause Young (Normal) (G1 Evacuation Pause)
[2026-04-03T01:32:27.073+0600][21.019s][info][gc,task        ] GC(44) Using 10 workers of 10 for evacuation
[2026-04-03T01:32:27.077+0600][21.023s][info][gc,phases      ] GC(44)   Pre Evacuate Collection Set: 0.21ms
[2026-04-03T01:32:27.077+0600][21.023s][info][gc,phases      ] GC(44)   Merge Heap Roots: 0.13ms
[2026-04-03T01:32:27.077+0600][21.023s][info][gc,phases      ] GC(44)   Evacuate Collection Set: 2.27ms
[2026-04-03T01:32:27.077+0600][21.023s][info][gc,phases      ] GC(44)   Post Evacuate Collection Set: 0.64ms
[2026-04-03T01:32:27.077+0600][21.023s][info][gc,phases      ] GC(44)   Other: 0.12ms
[2026-04-03T01:32:27.077+0600][21.023s][info][gc,heap        ] GC(44) Eden regions: 43->0(43)
[2026-04-03T01:32:27.077+0600][21.023s][info][gc,heap        ] GC(44) Survivor regions: 1->1(6)
[2026-04-03T01:32:27.077+0600][21.023s][info][gc,heap        ] GC(44) Old regions: 12->12
[2026-04-03T01:32:27.077+0600][21.023s][info][gc,heap        ] GC(44) Humongous regions: 0->0
[2026-04-03T01:32:27.077+0600][21.023s][info][gc,metaspace   ] GC(44) Metaspace: 55101K(55808K)->55101K(55808K) NonClass: 46544K(46976K)->46544K(46976K) Class: 8557K(8832K)->8557K(8832K)
[2026-04-03T01:32:27.077+0600][21.023s][info][gc             ] GC(44) Pause Young (Normal) (G1 Evacuation Pause) 106M->20M(148M) 3.814ms
[2026-04-03T01:32:27.077+0600][21.023s][info][gc,cpu         ] GC(44) User=0.02s Sys=0.00s Real=0.00s
[2026-04-03T01:32:27.215+0600][21.161s][info][gc,start       ] GC(45) Pause Young (Normal) (G1 Evacuation Pause)
[2026-04-03T01:32:27.215+0600][21.161s][info][gc,task        ] GC(45) Using 10 workers of 10 for evacuation
[2026-04-03T01:32:27.217+0600][21.163s][info][gc,phases      ] GC(45)   Pre Evacuate Collection Set: 0.19ms
[2026-04-03T01:32:27.217+0600][21.163s][info][gc,phases      ] GC(45)   Merge Heap Roots: 0.12ms
[2026-04-03T01:32:27.217+0600][21.163s][info][gc,phases      ] GC(45)   Evacuate Collection Set: 0.88ms
[2026-04-03T01:32:27.217+0600][21.163s][info][gc,phases      ] GC(45)   Post Evacuate Collection Set: 0.67ms
[2026-04-03T01:32:27.217+0600][21.163s][info][gc,phases      ] GC(45)   Other: 0.12ms
[2026-04-03T01:32:27.217+0600][21.163s][info][gc,heap        ] GC(45) Eden regions: 43->0(52)
[2026-04-03T01:32:27.217+0600][21.163s][info][gc,heap        ] GC(45) Survivor regions: 1->1(6)
[2026-04-03T01:32:27.217+0600][21.163s][info][gc,heap        ] GC(45) Old regions: 12->12
[2026-04-03T01:32:27.217+0600][21.163s][info][gc,heap        ] GC(45) Humongous regions: 0->0
[2026-04-03T01:32:27.217+0600][21.163s][info][gc,metaspace   ] GC(45) Metaspace: 55101K(55808K)->55101K(55808K) NonClass: 46544K(46976K)->46544K(46976K) Class: 8557K(8832K)->8557K(8832K)
[2026-04-03T01:32:27.217+0600][21.163s][info][gc             ] GC(45) Pause Young (Normal) (G1 Evacuation Pause) 106M->20M(178M) 2.301ms
[2026-04-03T01:32:27.217+0600][21.163s][info][gc,cpu         ] GC(45) User=0.01s Sys=0.01s Real=0.00s
[2026-04-03T01:32:27.358+0600][21.304s][info][gc,start       ] GC(46) Pause Young (Normal) (G1 Evacuation Pause)
[2026-04-03T01:32:27.358+0600][21.305s][info][gc,task        ] GC(46) Using 10 workers of 10 for evacuation
[2026-04-03T01:32:27.360+0600][21.306s][info][gc,phases      ] GC(46)   Pre Evacuate Collection Set: 0.16ms
[2026-04-03T01:32:27.360+0600][21.306s][info][gc,phases      ] GC(46)   Merge Heap Roots: 0.14ms
[2026-04-03T01:32:27.360+0600][21.306s][info][gc,phases      ] GC(46)   Evacuate Collection Set: 0.85ms
[2026-04-03T01:32:27.360+0600][21.306s][info][gc,phases      ] GC(46)   Post Evacuate Collection Set: 0.30ms
[2026-04-03T01:32:27.360+0600][21.306s][info][gc,phases      ] GC(46)   Other: 0.09ms
[2026-04-03T01:32:27.360+0600][21.306s][info][gc,heap        ] GC(46) Eden regions: 52->0(52)
[2026-04-03T01:32:27.360+0600][21.306s][info][gc,heap        ] GC(46) Survivor regions: 1->1(7)
[2026-04-03T01:32:27.360+0600][21.306s][info][gc,heap        ] GC(46) Old regions: 12->12
[2026-04-03T01:32:27.360+0600][21.306s][info][gc,heap        ] GC(46) Humongous regions: 0->0
[2026-04-03T01:32:27.360+0600][21.306s][info][gc,metaspace   ] GC(46) Metaspace: 55101K(55808K)->55101K(55808K) NonClass: 46544K(46976K)->46544K(46976K) Class: 8557K(8832K)->8557K(8832K)
[2026-04-03T01:32:27.360+0600][21.306s][info][gc             ] GC(46) Pause Young (Normal) (G1 Evacuation Pause) 124M->20M(178M) 1.842ms
[2026-04-03T01:32:27.360+0600][21.306s][info][gc,cpu         ] GC(46) User=0.02s Sys=0.00s Real=0.01s
[2026-04-03T01:32:27.498+0600][21.444s][info][gc,start       ] GC(47) Pause Young (Normal) (G1 Evacuation Pause)
[2026-04-03T01:32:27.498+0600][21.444s][info][gc,task        ] GC(47) Using 10 workers of 10 for evacuation
[2026-04-03T01:32:27.500+0600][21.446s][info][gc,phases      ] GC(47)   Pre Evacuate Collection Set: 0.17ms
[2026-04-03T01:32:27.500+0600][21.446s][info][gc,phases      ] GC(47)   Merge Heap Roots: 0.12ms
[2026-04-03T01:32:27.500+0600][21.446s][info][gc,phases      ] GC(47)   Evacuate Collection Set: 0.83ms
[2026-04-03T01:32:27.500+0600][21.446s][info][gc,phases      ] GC(47)   Post Evacuate Collection Set: 0.34ms
[2026-04-03T01:32:27.500+0600][21.446s][info][gc,phases      ] GC(47)   Other: 0.09ms
[2026-04-03T01:32:27.500+0600][21.446s][info][gc,heap        ] GC(47) Eden regions: 52->0(52)
[2026-04-03T01:32:27.500+0600][21.446s][info][gc,heap        ] GC(47) Survivor regions: 1->1(7)
[2026-04-03T01:32:27.500+0600][21.446s][info][gc,heap        ] GC(47) Old regions: 12->12
[2026-04-03T01:32:27.500+0600][21.446s][info][gc,heap        ] GC(47) Humongous regions: 0->0
[2026-04-03T01:32:27.500+0600][21.446s][info][gc,metaspace   ] GC(47) Metaspace: 55101K(55808K)->55101K(55808K) NonClass: 46544K(46976K)->46544K(46976K) Class: 8557K(8832K)->8557K(8832K)
[2026-04-03T01:32:27.500+0600][21.446s][info][gc             ] GC(47) Pause Young (Normal) (G1 Evacuation Pause) 124M->20M(178M) 1.823ms
[2026-04-03T01:32:27.500+0600][21.446s][info][gc,cpu         ] GC(47) User=0.00s Sys=0.00s Real=0.01s
[2026-04-03T01:32:27.632+0600][21.578s][info][gc,start       ] GC(48) Pause Young (Normal) (G1 Evacuation Pause)
[2026-04-03T01:32:27.632+0600][21.578s][info][gc,task        ] GC(48) Using 10 workers of 10 for evacuation
[2026-04-03T01:32:27.633+0600][21.580s][info][gc,phases      ] GC(48)   Pre Evacuate Collection Set: 0.18ms
[2026-04-03T01:32:27.633+0600][21.580s][info][gc,phases      ] GC(48)   Merge Heap Roots: 0.12ms
[2026-04-03T01:32:27.634+0600][21.580s][info][gc,phases      ] GC(48)   Evacuate Collection Set: 0.84ms
[2026-04-03T01:32:27.634+0600][21.580s][info][gc,phases      ] GC(48)   Post Evacuate Collection Set: 0.33ms
[2026-04-03T01:32:27.634+0600][21.580s][info][gc,phases      ] GC(48)   Other: 0.09ms
[2026-04-03T01:32:27.634+0600][21.580s][info][gc,heap        ] GC(48) Eden regions: 52->0(52)
[2026-04-03T01:32:27.634+0600][21.580s][info][gc,heap        ] GC(48) Survivor regions: 1->1(7)
[2026-04-03T01:32:27.634+0600][21.580s][info][gc,heap        ] GC(48) Old regions: 12->12
[2026-04-03T01:32:27.634+0600][21.580s][info][gc,heap        ] GC(48) Humongous regions: 0->0
[2026-04-03T01:32:27.634+0600][21.580s][info][gc,metaspace   ] GC(48) Metaspace: 55101K(55808K)->55101K(55808K) NonClass: 46544K(46976K)->46544K(46976K) Class: 8557K(8832K)->8557K(8832K)
[2026-04-03T01:32:27.634+0600][21.580s][info][gc             ] GC(48) Pause Young (Normal) (G1 Evacuation Pause) 124M->20M(178M) 1.822ms
[2026-04-03T01:32:27.634+0600][21.580s][info][gc,cpu         ] GC(48) User=0.01s Sys=0.00s Real=0.00s
[2026-04-03T01:32:27.778+0600][21.724s][info][gc,start       ] GC(49) Pause Young (Normal) (G1 Evacuation Pause)
[2026-04-03T01:32:27.778+0600][21.724s][info][gc,task        ] GC(49) Using 10 workers of 10 for evacuation
[2026-04-03T01:32:27.780+0600][21.726s][info][gc,phases      ] GC(49)   Pre Evacuate Collection Set: 0.17ms
[2026-04-03T01:32:27.780+0600][21.726s][info][gc,phases      ] GC(49)   Merge Heap Roots: 0.12ms
[2026-04-03T01:32:27.780+0600][21.726s][info][gc,phases      ] GC(49)   Evacuate Collection Set: 0.90ms
[2026-04-03T01:32:27.780+0600][21.726s][info][gc,phases      ] GC(49)   Post Evacuate Collection Set: 0.49ms
[2026-04-03T01:32:27.780+0600][21.726s][info][gc,phases      ] GC(49)   Other: 0.09ms
[2026-04-03T01:32:27.780+0600][21.726s][info][gc,heap        ] GC(49) Eden regions: 52->0(63)
[2026-04-03T01:32:27.780+0600][21.726s][info][gc,heap        ] GC(49) Survivor regions: 1->1(7)
[2026-04-03T01:32:27.780+0600][21.726s][info][gc,heap        ] GC(49) Old regions: 12->12
[2026-04-03T01:32:27.780+0600][21.726s][info][gc,heap        ] GC(49) Humongous regions: 0->0
[2026-04-03T01:32:27.780+0600][21.726s][info][gc,metaspace   ] GC(49) Metaspace: 55101K(55808K)->55101K(55808K) NonClass: 46544K(46976K)->46544K(46976K) Class: 8557K(8832K)->8557K(8832K)
[2026-04-03T01:32:27.780+0600][21.726s][info][gc             ] GC(49) Pause Young (Normal) (G1 Evacuation Pause) 124M->20M(214M) 2.068ms
[2026-04-03T01:32:27.780+0600][21.726s][info][gc,cpu         ] GC(49) User=0.00s Sys=0.00s Real=0.01s
[2026-04-03T01:32:27.963+0600][21.910s][info][gc,start       ] GC(50) Pause Young (Normal) (G1 Evacuation Pause)
[2026-04-03T01:32:27.964+0600][21.910s][info][gc,task        ] GC(50) Using 10 workers of 10 for evacuation
[2026-04-03T01:32:27.965+0600][21.912s][info][gc,phases      ] GC(50)   Pre Evacuate Collection Set: 0.25ms
[2026-04-03T01:32:27.965+0600][21.912s][info][gc,phases      ] GC(50)   Merge Heap Roots: 0.13ms
[2026-04-03T01:32:27.965+0600][21.912s][info][gc,phases      ] GC(50)   Evacuate Collection Set: 0.87ms
[2026-04-03T01:32:27.965+0600][21.912s][info][gc,phases      ] GC(50)   Post Evacuate Collection Set: 0.50ms
[2026-04-03T01:32:27.965+0600][21.912s][info][gc,phases      ] GC(50)   Other: 0.12ms
[2026-04-03T01:32:27.965+0600][21.912s][info][gc,heap        ] GC(50) Eden regions: 63->0(63)
[2026-04-03T01:32:27.966+0600][21.912s][info][gc,heap        ] GC(50) Survivor regions: 1->1(8)
[2026-04-03T01:32:27.966+0600][21.912s][info][gc,heap        ] GC(50) Old regions: 12->12
[2026-04-03T01:32:27.966+0600][21.912s][info][gc,heap        ] GC(50) Humongous regions: 0->0
[2026-04-03T01:32:27.966+0600][21.912s][info][gc,metaspace   ] GC(50) Metaspace: 55101K(55808K)->55101K(55808K) NonClass: 46544K(46976K)->46544K(46976K) Class: 8557K(8832K)->8557K(8832K)
[2026-04-03T01:32:27.966+0600][21.912s][info][gc             ] GC(50) Pause Young (Normal) (G1 Evacuation Pause) 146M->20M(214M) 2.217ms
[2026-04-03T01:32:27.966+0600][21.912s][info][gc,cpu         ] GC(50) User=0.01s Sys=0.00s Real=0.00s
[2026-04-03T01:32:28.132+0600][22.078s][info][gc,start       ] GC(51) Pause Young (Normal) (G1 Evacuation Pause)
[2026-04-03T01:32:28.132+0600][22.079s][info][gc,task        ] GC(51) Using 10 workers of 10 for evacuation
[2026-04-03T01:32:28.134+0600][22.080s][info][gc,phases      ] GC(51)   Pre Evacuate Collection Set: 0.18ms
[2026-04-03T01:32:28.134+0600][22.080s][info][gc,phases      ] GC(51)   Merge Heap Roots: 0.17ms
[2026-04-03T01:32:28.134+0600][22.080s][info][gc,phases      ] GC(51)   Evacuate Collection Set: 0.83ms
[2026-04-03T01:32:28.134+0600][22.080s][info][gc,phases      ] GC(51)   Post Evacuate Collection Set: 0.49ms
[2026-04-03T01:32:28.134+0600][22.080s][info][gc,phases      ] GC(51)   Other: 0.12ms
[2026-04-03T01:32:28.134+0600][22.080s][info][gc,heap        ] GC(51) Eden regions: 63->0(63)
[2026-04-03T01:32:28.134+0600][22.080s][info][gc,heap        ] GC(51) Survivor regions: 1->1(8)
[2026-04-03T01:32:28.134+0600][22.080s][info][gc,heap        ] GC(51) Old regions: 12->12
[2026-04-03T01:32:28.134+0600][22.080s][info][gc,heap        ] GC(51) Humongous regions: 0->0
[2026-04-03T01:32:28.134+0600][22.081s][info][gc,metaspace   ] GC(51) Metaspace: 55101K(55808K)->55101K(55808K) NonClass: 46544K(46976K)->46544K(46976K) Class: 8557K(8832K)->8557K(8832K)
[2026-04-03T01:32:28.134+0600][22.081s][info][gc             ] GC(51) Pause Young (Normal) (G1 Evacuation Pause) 146M->20M(214M) 2.143ms
[2026-04-03T01:32:28.134+0600][22.081s][info][gc,cpu         ] GC(51) User=0.01s Sys=0.00s Real=0.00s
[2026-04-03T01:32:28.301+0600][22.247s][info][gc,start       ] GC(52) Pause Young (Normal) (G1 Evacuation Pause)
[2026-04-03T01:32:28.301+0600][22.248s][info][gc,task        ] GC(52) Using 10 workers of 10 for evacuation
[2026-04-03T01:32:28.303+0600][22.250s][info][gc,phases      ] GC(52)   Pre Evacuate Collection Set: 0.21ms
[2026-04-03T01:32:28.303+0600][22.250s][info][gc,phases      ] GC(52)   Merge Heap Roots: 0.19ms
[2026-04-03T01:32:28.304+0600][22.250s][info][gc,phases      ] GC(52)   Evacuate Collection Set: 0.92ms
[2026-04-03T01:32:28.304+0600][22.250s][info][gc,phases      ] GC(52)   Post Evacuate Collection Set: 0.53ms
[2026-04-03T01:32:28.304+0600][22.250s][info][gc,phases      ] GC(52)   Other: 0.12ms
[2026-04-03T01:32:28.304+0600][22.250s][info][gc,heap        ] GC(52) Eden regions: 63->0(63)
[2026-04-03T01:32:28.304+0600][22.250s][info][gc,heap        ] GC(52) Survivor regions: 1->1(8)
[2026-04-03T01:32:28.304+0600][22.250s][info][gc,heap        ] GC(52) Old regions: 12->12
[2026-04-03T01:32:28.304+0600][22.250s][info][gc,heap        ] GC(52) Humongous regions: 0->0
[2026-04-03T01:32:28.304+0600][22.250s][info][gc,metaspace   ] GC(52) Metaspace: 55102K(55808K)->55102K(55808K) NonClass: 46545K(46976K)->46545K(46976K) Class: 8557K(8832K)->8557K(8832K)
[2026-04-03T01:32:28.304+0600][22.250s][info][gc             ] GC(52) Pause Young (Normal) (G1 Evacuation Pause) 146M->20M(214M) 2.366ms
[2026-04-03T01:32:28.304+0600][22.250s][info][gc,cpu         ] GC(52) User=0.00s Sys=0.01s Real=0.00s
[2026-04-03T01:32:28.465+0600][22.411s][info][gc,start       ] GC(53) Pause Young (Normal) (G1 Evacuation Pause)
[2026-04-03T01:32:28.465+0600][22.412s][info][gc,task        ] GC(53) Using 10 workers of 10 for evacuation
[2026-04-03T01:32:28.467+0600][22.413s][info][gc,phases      ] GC(53)   Pre Evacuate Collection Set: 0.17ms
[2026-04-03T01:32:28.467+0600][22.413s][info][gc,phases      ] GC(53)   Merge Heap Roots: 0.12ms
[2026-04-03T01:32:28.467+0600][22.413s][info][gc,phases      ] GC(53)   Evacuate Collection Set: 0.78ms
[2026-04-03T01:32:28.467+0600][22.413s][info][gc,phases      ] GC(53)   Post Evacuate Collection Set: 0.38ms
[2026-04-03T01:32:28.467+0600][22.413s][info][gc,phases      ] GC(53)   Other: 0.09ms
[2026-04-03T01:32:28.467+0600][22.413s][info][gc,heap        ] GC(53) Eden regions: 63->0(63)
[2026-04-03T01:32:28.467+0600][22.413s][info][gc,heap        ] GC(53) Survivor regions: 1->1(8)
[2026-04-03T01:32:28.467+0600][22.413s][info][gc,heap        ] GC(53) Old regions: 12->12
[2026-04-03T01:32:28.467+0600][22.413s][info][gc,heap        ] GC(53) Humongous regions: 0->0
[2026-04-03T01:32:28.467+0600][22.413s][info][gc,metaspace   ] GC(53) Metaspace: 55102K(55808K)->55102K(55808K) NonClass: 46545K(46976K)->46545K(46976K) Class: 8557K(8832K)->8557K(8832K)
[2026-04-03T01:32:28.467+0600][22.413s][info][gc             ] GC(53) Pause Young (Normal) (G1 Evacuation Pause) 146M->20M(214M) 1.818ms
[2026-04-03T01:32:28.467+0600][22.413s][info][gc,cpu         ] GC(53) User=0.01s Sys=0.00s Real=0.00s
[2026-04-03T01:32:28.634+0600][22.580s][info][gc,start       ] GC(54) Pause Young (Normal) (G1 Evacuation Pause)
[2026-04-03T01:32:28.634+0600][22.580s][info][gc,task        ] GC(54) Using 10 workers of 10 for evacuation
[2026-04-03T01:32:28.635+0600][22.581s][info][gc,phases      ] GC(54)   Pre Evacuate Collection Set: 0.16ms
[2026-04-03T01:32:28.635+0600][22.581s][info][gc,phases      ] GC(54)   Merge Heap Roots: 0.12ms
[2026-04-03T01:32:28.635+0600][22.581s][info][gc,phases      ] GC(54)   Evacuate Collection Set: 0.77ms
[2026-04-03T01:32:28.635+0600][22.581s][info][gc,phases      ] GC(54)   Post Evacuate Collection Set: 0.34ms
[2026-04-03T01:32:28.635+0600][22.581s][info][gc,phases      ] GC(54)   Other: 0.09ms
[2026-04-03T01:32:28.635+0600][22.581s][info][gc,heap        ] GC(54) Eden regions: 63->0(63)
[2026-04-03T01:32:28.635+0600][22.581s][info][gc,heap        ] GC(54) Survivor regions: 1->1(8)
[2026-04-03T01:32:28.635+0600][22.581s][info][gc,heap        ] GC(54) Old regions: 12->12
[2026-04-03T01:32:28.635+0600][22.581s][info][gc,heap        ] GC(54) Humongous regions: 0->0
[2026-04-03T01:32:28.635+0600][22.581s][info][gc,metaspace   ] GC(54) Metaspace: 55102K(55808K)->55102K(55808K) NonClass: 46545K(46976K)->46545K(46976K) Class: 8557K(8832K)->8557K(8832K)
[2026-04-03T01:32:28.635+0600][22.582s][info][gc             ] GC(54) Pause Young (Normal) (G1 Evacuation Pause) 146M->20M(214M) 1.777ms
[2026-04-03T01:32:28.635+0600][22.582s][info][gc,cpu         ] GC(54) User=0.01s Sys=0.00s Real=0.00s
[2026-04-03T01:32:28.804+0600][22.750s][info][gc,start       ] GC(55) Pause Young (Normal) (G1 Evacuation Pause)
[2026-04-03T01:32:28.804+0600][22.750s][info][gc,task        ] GC(55) Using 10 workers of 10 for evacuation
[2026-04-03T01:32:28.806+0600][22.752s][info][gc,phases      ] GC(55)   Pre Evacuate Collection Set: 0.22ms
[2026-04-03T01:32:28.806+0600][22.752s][info][gc,phases      ] GC(55)   Merge Heap Roots: 0.13ms
[2026-04-03T01:32:28.806+0600][22.752s][info][gc,phases      ] GC(55)   Evacuate Collection Set: 0.76ms
[2026-04-03T01:32:28.806+0600][22.752s][info][gc,phases      ] GC(55)   Post Evacuate Collection Set: 0.35ms
[2026-04-03T01:32:28.806+0600][22.752s][info][gc,phases      ] GC(55)   Other: 0.11ms
[2026-04-03T01:32:28.806+0600][22.752s][info][gc,heap        ] GC(55) Eden regions: 63->0(63)
[2026-04-03T01:32:28.806+0600][22.752s][info][gc,heap        ] GC(55) Survivor regions: 1->1(8)
[2026-04-03T01:32:28.806+0600][22.752s][info][gc,heap        ] GC(55) Old regions: 12->12
[2026-04-03T01:32:28.806+0600][22.752s][info][gc,heap        ] GC(55) Humongous regions: 0->0
[2026-04-03T01:32:28.806+0600][22.752s][info][gc,metaspace   ] GC(55) Metaspace: 55102K(55808K)->55102K(55808K) NonClass: 46545K(46976K)->46545K(46976K) Class: 8557K(8832K)->8557K(8832K)
[2026-04-03T01:32:28.806+0600][22.752s][info][gc             ] GC(55) Pause Young (Normal) (G1 Evacuation Pause) 146M->20M(214M) 1.896ms
[2026-04-03T01:32:28.806+0600][22.752s][info][gc,cpu         ] GC(55) User=0.01s Sys=0.00s Real=0.00s
[2026-04-03T01:32:28.998+0600][22.945s][info][gc,start       ] GC(56) Pause Young (Normal) (G1 Evacuation Pause)
[2026-04-03T01:32:28.998+0600][22.945s][info][gc,task        ] GC(56) Using 10 workers of 10 for evacuation
[2026-04-03T01:32:29.001+0600][22.947s][info][gc,phases      ] GC(56)   Pre Evacuate Collection Set: 0.17ms
[2026-04-03T01:32:29.001+0600][22.947s][info][gc,phases      ] GC(56)   Merge Heap Roots: 0.15ms
[2026-04-03T01:32:29.001+0600][22.947s][info][gc,phases      ] GC(56)   Evacuate Collection Set: 1.22ms
[2026-04-03T01:32:29.001+0600][22.947s][info][gc,phases      ] GC(56)   Post Evacuate Collection Set: 0.63ms
[2026-04-03T01:32:29.001+0600][22.947s][info][gc,phases      ] GC(56)   Other: 0.12ms
[2026-04-03T01:32:29.001+0600][22.947s][info][gc,heap        ] GC(56) Eden regions: 63->0(63)
[2026-04-03T01:32:29.001+0600][22.947s][info][gc,heap        ] GC(56) Survivor regions: 1->1(8)
[2026-04-03T01:32:29.001+0600][22.947s][info][gc,heap        ] GC(56) Old regions: 12->12
[2026-04-03T01:32:29.001+0600][22.947s][info][gc,heap        ] GC(56) Humongous regions: 0->0
[2026-04-03T01:32:29.001+0600][22.947s][info][gc,metaspace   ] GC(56) Metaspace: 55102K(55808K)->55102K(55808K) NonClass: 46545K(46976K)->46545K(46976K) Class: 8557K(8832K)->8557K(8832K)
[2026-04-03T01:32:29.001+0600][22.947s][info][gc             ] GC(56) Pause Young (Normal) (G1 Evacuation Pause) 146M->20M(214M) 2.632ms
[2026-04-03T01:32:29.001+0600][22.947s][info][gc,cpu         ] GC(56) User=0.00s Sys=0.00s Real=0.01s
[2026-04-03T01:32:29.171+0600][23.117s][info][gc,start       ] GC(57) Pause Young (Normal) (G1 Evacuation Pause)
[2026-04-03T01:32:29.171+0600][23.117s][info][gc,task        ] GC(57) Using 10 workers of 10 for evacuation
[2026-04-03T01:32:29.173+0600][23.119s][info][gc,phases      ] GC(57)   Pre Evacuate Collection Set: 0.20ms
[2026-04-03T01:32:29.173+0600][23.119s][info][gc,phases      ] GC(57)   Merge Heap Roots: 0.11ms
[2026-04-03T01:32:29.173+0600][23.119s][info][gc,phases      ] GC(57)   Evacuate Collection Set: 0.74ms
[2026-04-03T01:32:29.173+0600][23.119s][info][gc,phases      ] GC(57)   Post Evacuate Collection Set: 0.52ms
[2026-04-03T01:32:29.173+0600][23.119s][info][gc,phases      ] GC(57)   Other: 0.09ms
[2026-04-03T01:32:29.173+0600][23.119s][info][gc,heap        ] GC(57) Eden regions: 63->0(76)
[2026-04-03T01:32:29.173+0600][23.119s][info][gc,heap        ] GC(57) Survivor regions: 1->1(8)
[2026-04-03T01:32:29.173+0600][23.119s][info][gc,heap        ] GC(57) Old regions: 12->12
[2026-04-03T01:32:29.173+0600][23.119s][info][gc,heap        ] GC(57) Humongous regions: 0->0
[2026-04-03T01:32:29.173+0600][23.119s][info][gc,metaspace   ] GC(57) Metaspace: 55102K(55808K)->55102K(55808K) NonClass: 46545K(46976K)->46545K(46976K) Class: 8557K(8832K)->8557K(8832K)
[2026-04-03T01:32:29.173+0600][23.119s][info][gc             ] GC(57) Pause Young (Normal) (G1 Evacuation Pause) 146M->20M(258M) 1.958ms
[2026-04-03T01:32:29.173+0600][23.119s][info][gc,cpu         ] GC(57) User=0.00s Sys=0.01s Real=0.00s
[2026-04-03T01:32:29.385+0600][23.332s][info][gc,start       ] GC(58) Pause Young (Normal) (G1 Evacuation Pause)
[2026-04-03T01:32:29.385+0600][23.332s][info][gc,task        ] GC(58) Using 10 workers of 10 for evacuation
[2026-04-03T01:32:29.387+0600][23.333s][info][gc,phases      ] GC(58)   Pre Evacuate Collection Set: 0.19ms
[2026-04-03T01:32:29.387+0600][23.334s][info][gc,phases      ] GC(58)   Merge Heap Roots: 0.14ms
[2026-04-03T01:32:29.387+0600][23.334s][info][gc,phases      ] GC(58)   Evacuate Collection Set: 0.97ms
[2026-04-03T01:32:29.387+0600][23.334s][info][gc,phases      ] GC(58)   Post Evacuate Collection Set: 0.35ms
[2026-04-03T01:32:29.387+0600][23.334s][info][gc,phases      ] GC(58)   Other: 0.22ms
[2026-04-03T01:32:29.387+0600][23.334s][info][gc,heap        ] GC(58) Eden regions: 76->0(76)
[2026-04-03T01:32:29.387+0600][23.334s][info][gc,heap        ] GC(58) Survivor regions: 1->1(10)
[2026-04-03T01:32:29.387+0600][23.334s][info][gc,heap        ] GC(58) Old regions: 12->12
[2026-04-03T01:32:29.387+0600][23.334s][info][gc,heap        ] GC(58) Humongous regions: 0->0
[2026-04-03T01:32:29.387+0600][23.334s][info][gc,metaspace   ] GC(58) Metaspace: 55102K(55808K)->55102K(55808K) NonClass: 46545K(46976K)->46545K(46976K) Class: 8557K(8832K)->8557K(8832K)
[2026-04-03T01:32:29.387+0600][23.334s][info][gc             ] GC(58) Pause Young (Normal) (G1 Evacuation Pause) 172M->20M(258M) 2.139ms
[2026-04-03T01:32:29.388+0600][23.334s][info][gc,cpu         ] GC(58) User=0.00s Sys=0.00s Real=0.00s
[2026-04-03T01:32:29.600+0600][23.546s][info][gc,start       ] GC(59) Pause Young (Normal) (G1 Evacuation Pause)
[2026-04-03T01:32:29.600+0600][23.546s][info][gc,task        ] GC(59) Using 10 workers of 10 for evacuation
[2026-04-03T01:32:29.601+0600][23.548s][info][gc,phases      ] GC(59)   Pre Evacuate Collection Set: 0.19ms
[2026-04-03T01:32:29.601+0600][23.548s][info][gc,phases      ] GC(59)   Merge Heap Roots: 0.13ms
[2026-04-03T01:32:29.601+0600][23.548s][info][gc,phases      ] GC(59)   Evacuate Collection Set: 0.80ms
[2026-04-03T01:32:29.601+0600][23.548s][info][gc,phases      ] GC(59)   Post Evacuate Collection Set: 0.38ms
[2026-04-03T01:32:29.601+0600][23.548s][info][gc,phases      ] GC(59)   Other: 0.09ms
[2026-04-03T01:32:29.601+0600][23.548s][info][gc,heap        ] GC(59) Eden regions: 76->0(76)
[2026-04-03T01:32:29.601+0600][23.548s][info][gc,heap        ] GC(59) Survivor regions: 1->1(10)
[2026-04-03T01:32:29.601+0600][23.548s][info][gc,heap        ] GC(59) Old regions: 12->12
[2026-04-03T01:32:29.601+0600][23.548s][info][gc,heap        ] GC(59) Humongous regions: 0->0
[2026-04-03T01:32:29.601+0600][23.548s][info][gc,metaspace   ] GC(59) Metaspace: 55102K(55808K)->55102K(55808K) NonClass: 46545K(46976K)->46545K(46976K) Class: 8557K(8832K)->8557K(8832K)
[2026-04-03T01:32:29.602+0600][23.548s][info][gc             ] GC(59) Pause Young (Normal) (G1 Evacuation Pause) 172M->20M(258M) 1.874ms
[2026-04-03T01:32:29.602+0600][23.548s][info][gc,cpu         ] GC(59) User=0.01s Sys=0.00s Real=0.01s
[2026-04-03T01:32:29.799+0600][23.746s][info][gc,start       ] GC(60) Pause Young (Normal) (G1 Evacuation Pause)
[2026-04-03T01:32:29.800+0600][23.746s][info][gc,task        ] GC(60) Using 10 workers of 10 for evacuation
[2026-04-03T01:32:29.801+0600][23.747s][info][gc,phases      ] GC(60)   Pre Evacuate Collection Set: 0.18ms
[2026-04-03T01:32:29.801+0600][23.747s][info][gc,phases      ] GC(60)   Merge Heap Roots: 0.12ms
[2026-04-03T01:32:29.801+0600][23.747s][info][gc,phases      ] GC(60)   Evacuate Collection Set: 0.72ms
[2026-04-03T01:32:29.801+0600][23.747s][info][gc,phases      ] GC(60)   Post Evacuate Collection Set: 0.37ms
[2026-04-03T01:32:29.801+0600][23.747s][info][gc,phases      ] GC(60)   Other: 0.09ms
[2026-04-03T01:32:29.801+0600][23.747s][info][gc,heap        ] GC(60) Eden regions: 76->0(76)
[2026-04-03T01:32:29.801+0600][23.747s][info][gc,heap        ] GC(60) Survivor regions: 1->1(10)
[2026-04-03T01:32:29.801+0600][23.747s][info][gc,heap        ] GC(60) Old regions: 12->12
[2026-04-03T01:32:29.801+0600][23.747s][info][gc,heap        ] GC(60) Humongous regions: 0->0
[2026-04-03T01:32:29.801+0600][23.747s][info][gc,metaspace   ] GC(60) Metaspace: 55105K(55808K)->55105K(55808K) NonClass: 46548K(46976K)->46548K(46976K) Class: 8557K(8832K)->8557K(8832K)
[2026-04-03T01:32:29.801+0600][23.747s][info][gc             ] GC(60) Pause Young (Normal) (G1 Evacuation Pause) 172M->20M(258M) 1.768ms
[2026-04-03T01:32:29.801+0600][23.747s][info][gc,cpu         ] GC(60) User=0.01s Sys=0.00s Real=0.01s
[2026-04-03T01:32:29.999+0600][23.945s][info][gc,start       ] GC(61) Pause Young (Normal) (G1 Evacuation Pause)
[2026-04-03T01:32:29.999+0600][23.945s][info][gc,task        ] GC(61) Using 10 workers of 10 for evacuation
[2026-04-03T01:32:30.000+0600][23.946s][info][gc,phases      ] GC(61)   Pre Evacuate Collection Set: 0.20ms
[2026-04-03T01:32:30.000+0600][23.947s][info][gc,phases      ] GC(61)   Merge Heap Roots: 0.13ms
[2026-04-03T01:32:30.000+0600][23.947s][info][gc,phases      ] GC(61)   Evacuate Collection Set: 0.91ms
[2026-04-03T01:32:30.000+0600][23.947s][info][gc,phases      ] GC(61)   Post Evacuate Collection Set: 0.32ms
[2026-04-03T01:32:30.000+0600][23.947s][info][gc,phases      ] GC(61)   Other: 0.09ms
[2026-04-03T01:32:30.000+0600][23.947s][info][gc,heap        ] GC(61) Eden regions: 76->0(76)
[2026-04-03T01:32:30.000+0600][23.947s][info][gc,heap        ] GC(61) Survivor regions: 1->1(10)
[2026-04-03T01:32:30.000+0600][23.947s][info][gc,heap        ] GC(61) Old regions: 12->12
[2026-04-03T01:32:30.000+0600][23.947s][info][gc,heap        ] GC(61) Humongous regions: 0->0
[2026-04-03T01:32:30.000+0600][23.947s][info][gc,metaspace   ] GC(61) Metaspace: 55105K(55808K)->55105K(55808K) NonClass: 46548K(46976K)->46548K(46976K) Class: 8557K(8832K)->8557K(8832K)
[2026-04-03T01:32:30.000+0600][23.947s][info][gc             ] GC(61) Pause Young (Normal) (G1 Evacuation Pause) 172M->20M(258M) 1.920ms
[2026-04-03T01:32:30.000+0600][23.947s][info][gc,cpu         ] GC(61) User=0.01s Sys=0.00s Real=0.01s
[2026-04-03T01:32:30.204+0600][24.150s][info][gc,start       ] GC(62) Pause Young (Normal) (G1 Evacuation Pause)
[2026-04-03T01:32:30.204+0600][24.150s][info][gc,task        ] GC(62) Using 10 workers of 10 for evacuation
[2026-04-03T01:32:30.206+0600][24.152s][info][gc,phases      ] GC(62)   Pre Evacuate Collection Set: 0.17ms
[2026-04-03T01:32:30.206+0600][24.152s][info][gc,phases      ] GC(62)   Merge Heap Roots: 0.12ms
[2026-04-03T01:32:30.206+0600][24.152s][info][gc,phases      ] GC(62)   Evacuate Collection Set: 0.82ms
[2026-04-03T01:32:30.206+0600][24.152s][info][gc,phases      ] GC(62)   Post Evacuate Collection Set: 0.32ms
[2026-04-03T01:32:30.206+0600][24.152s][info][gc,phases      ] GC(62)   Other: 0.09ms
[2026-04-03T01:32:30.206+0600][24.152s][info][gc,heap        ] GC(62) Eden regions: 76->0(76)
[2026-04-03T01:32:30.206+0600][24.152s][info][gc,heap        ] GC(62) Survivor regions: 1->1(10)
[2026-04-03T01:32:30.206+0600][24.152s][info][gc,heap        ] GC(62) Old regions: 12->12
[2026-04-03T01:32:30.206+0600][24.152s][info][gc,heap        ] GC(62) Humongous regions: 0->0
[2026-04-03T01:32:30.206+0600][24.152s][info][gc,metaspace   ] GC(62) Metaspace: 55105K(55808K)->55105K(55808K) NonClass: 46548K(46976K)->46548K(46976K) Class: 8557K(8832K)->8557K(8832K)
[2026-04-03T01:32:30.206+0600][24.152s][info][gc             ] GC(62) Pause Young (Normal) (G1 Evacuation Pause) 172M->20M(258M) 1.803ms
[2026-04-03T01:32:30.206+0600][24.152s][info][gc,cpu         ] GC(62) User=0.01s Sys=0.00s Real=0.00s
[2026-04-03T01:32:30.407+0600][24.353s][info][gc,start       ] GC(63) Pause Young (Normal) (G1 Evacuation Pause)
[2026-04-03T01:32:30.407+0600][24.353s][info][gc,task        ] GC(63) Using 10 workers of 10 for evacuation
[2026-04-03T01:32:30.409+0600][24.355s][info][gc,phases      ] GC(63)   Pre Evacuate Collection Set: 0.18ms
[2026-04-03T01:32:30.410+0600][24.356s][info][gc,phases      ] GC(63)   Merge Heap Roots: 0.12ms
[2026-04-03T01:32:30.410+0600][24.356s][info][gc,phases      ] GC(63)   Evacuate Collection Set: 1.24ms
[2026-04-03T01:32:30.410+0600][24.356s][info][gc,phases      ] GC(63)   Post Evacuate Collection Set: 0.51ms
[2026-04-03T01:32:30.410+0600][24.356s][info][gc,phases      ] GC(63)   Other: 0.12ms
[2026-04-03T01:32:30.410+0600][24.356s][info][gc,heap        ] GC(63) Eden regions: 76->0(76)
[2026-04-03T01:32:30.410+0600][24.356s][info][gc,heap        ] GC(63) Survivor regions: 1->1(10)
[2026-04-03T01:32:30.410+0600][24.356s][info][gc,heap        ] GC(63) Old regions: 12->12
[2026-04-03T01:32:30.410+0600][24.356s][info][gc,heap        ] GC(63) Humongous regions: 0->0
[2026-04-03T01:32:30.410+0600][24.356s][info][gc,metaspace   ] GC(63) Metaspace: 55105K(55808K)->55105K(55808K) NonClass: 46548K(46976K)->46548K(46976K) Class: 8557K(8832K)->8557K(8832K)
[2026-04-03T01:32:30.410+0600][24.356s][info][gc             ] GC(63) Pause Young (Normal) (G1 Evacuation Pause) 172M->20M(258M) 2.853ms
[2026-04-03T01:32:30.410+0600][24.356s][info][gc,cpu         ] GC(63) User=0.01s Sys=0.00s Real=0.01s
[2026-04-03T01:32:30.612+0600][24.558s][info][gc,start       ] GC(64) Pause Young (Normal) (G1 Evacuation Pause)
[2026-04-03T01:32:30.612+0600][24.558s][info][gc,task        ] GC(64) Using 10 workers of 10 for evacuation
[2026-04-03T01:32:30.614+0600][24.560s][info][gc,phases      ] GC(64)   Pre Evacuate Collection Set: 0.18ms
[2026-04-03T01:32:30.614+0600][24.560s][info][gc,phases      ] GC(64)   Merge Heap Roots: 0.10ms
[2026-04-03T01:32:30.614+0600][24.560s][info][gc,phases      ] GC(64)   Evacuate Collection Set: 0.78ms
[2026-04-03T01:32:30.614+0600][24.560s][info][gc,phases      ] GC(64)   Post Evacuate Collection Set: 0.34ms
[2026-04-03T01:32:30.614+0600][24.560s][info][gc,phases      ] GC(64)   Other: 0.10ms
[2026-04-03T01:32:30.614+0600][24.560s][info][gc,heap        ] GC(64) Eden regions: 76->0(76)
[2026-04-03T01:32:30.614+0600][24.560s][info][gc,heap        ] GC(64) Survivor regions: 1->1(10)
[2026-04-03T01:32:30.614+0600][24.560s][info][gc,heap        ] GC(64) Old regions: 12->12
[2026-04-03T01:32:30.614+0600][24.560s][info][gc,heap        ] GC(64) Humongous regions: 0->0
[2026-04-03T01:32:30.614+0600][24.560s][info][gc,metaspace   ] GC(64) Metaspace: 55106K(55808K)->55106K(55808K) NonClass: 46549K(46976K)->46549K(46976K) Class: 8557K(8832K)->8557K(8832K)
[2026-04-03T01:32:30.614+0600][24.560s][info][gc             ] GC(64) Pause Young (Normal) (G1 Evacuation Pause) 172M->20M(258M) 1.814ms
[2026-04-03T01:32:30.614+0600][24.560s][info][gc,cpu         ] GC(64) User=0.01s Sys=0.00s Real=0.00s
[2026-04-03T01:32:30.814+0600][24.760s][info][gc,start       ] GC(65) Pause Young (Normal) (G1 Evacuation Pause)
[2026-04-03T01:32:30.814+0600][24.760s][info][gc,task        ] GC(65) Using 10 workers of 10 for evacuation
[2026-04-03T01:32:30.815+0600][24.762s][info][gc,phases      ] GC(65)   Pre Evacuate Collection Set: 0.21ms
[2026-04-03T01:32:30.815+0600][24.762s][info][gc,phases      ] GC(65)   Merge Heap Roots: 0.15ms
[2026-04-03T01:32:30.815+0600][24.762s][info][gc,phases      ] GC(65)   Evacuate Collection Set: 0.80ms
[2026-04-03T01:32:30.815+0600][24.762s][info][gc,phases      ] GC(65)   Post Evacuate Collection Set: 0.31ms
[2026-04-03T01:32:30.816+0600][24.762s][info][gc,phases      ] GC(65)   Other: 0.10ms
[2026-04-03T01:32:30.816+0600][24.762s][info][gc,heap        ] GC(65) Eden regions: 76->0(76)
[2026-04-03T01:32:30.816+0600][24.762s][info][gc,heap        ] GC(65) Survivor regions: 1->1(10)
[2026-04-03T01:32:30.816+0600][24.762s][info][gc,heap        ] GC(65) Old regions: 12->12
[2026-04-03T01:32:30.816+0600][24.762s][info][gc,heap        ] GC(65) Humongous regions: 0->0
[2026-04-03T01:32:30.816+0600][24.762s][info][gc,metaspace   ] GC(65) Metaspace: 55106K(55808K)->55106K(55808K) NonClass: 46549K(46976K)->46549K(46976K) Class: 8557K(8832K)->8557K(8832K)
[2026-04-03T01:32:30.816+0600][24.762s][info][gc             ] GC(65) Pause Young (Normal) (G1 Evacuation Pause) 172M->20M(258M) 1.937ms
[2026-04-03T01:32:30.816+0600][24.762s][info][gc,cpu         ] GC(65) User=0.01s Sys=0.00s Real=0.00s
[2026-04-03T01:32:31.019+0600][24.966s][info][gc,start       ] GC(66) Pause Young (Normal) (G1 Evacuation Pause)
[2026-04-03T01:32:31.020+0600][24.966s][info][gc,task        ] GC(66) Using 10 workers of 10 for evacuation
[2026-04-03T01:32:31.021+0600][24.967s][info][gc,phases      ] GC(66)   Pre Evacuate Collection Set: 0.23ms
[2026-04-03T01:32:31.021+0600][24.967s][info][gc,phases      ] GC(66)   Merge Heap Roots: 0.15ms
[2026-04-03T01:32:31.021+0600][24.967s][info][gc,phases      ] GC(66)   Evacuate Collection Set: 0.83ms
[2026-04-03T01:32:31.021+0600][24.967s][info][gc,phases      ] GC(66)   Post Evacuate Collection Set: 0.34ms
[2026-04-03T01:32:31.021+0600][24.967s][info][gc,phases      ] GC(66)   Other: 0.09ms
[2026-04-03T01:32:31.021+0600][24.967s][info][gc,heap        ] GC(66) Eden regions: 76->0(76)
[2026-04-03T01:32:31.021+0600][24.967s][info][gc,heap        ] GC(66) Survivor regions: 1->1(10)
[2026-04-03T01:32:31.021+0600][24.967s][info][gc,heap        ] GC(66) Old regions: 12->12
[2026-04-03T01:32:31.021+0600][24.967s][info][gc,heap        ] GC(66) Humongous regions: 0->0
[2026-04-03T01:32:31.021+0600][24.967s][info][gc,metaspace   ] GC(66) Metaspace: 55106K(55808K)->55106K(55808K) NonClass: 46549K(46976K)->46549K(46976K) Class: 8557K(8832K)->8557K(8832K)
[2026-04-03T01:32:31.021+0600][24.968s][info][gc             ] GC(66) Pause Young (Normal) (G1 Evacuation Pause) 172M->20M(258M) 1.910ms
[2026-04-03T01:32:31.021+0600][24.968s][info][gc,cpu         ] GC(66) User=0.01s Sys=0.00s Real=0.01s
[2026-04-03T01:32:31.274+0600][25.220s][info][gc,start       ] GC(67) Pause Young (Normal) (G1 Evacuation Pause)
[2026-04-03T01:32:31.274+0600][25.220s][info][gc,task        ] GC(67) Using 10 workers of 10 for evacuation
[2026-04-03T01:32:31.276+0600][25.222s][info][gc,phases      ] GC(67)   Pre Evacuate Collection Set: 0.24ms
[2026-04-03T01:32:31.276+0600][25.222s][info][gc,phases      ] GC(67)   Merge Heap Roots: 0.14ms
[2026-04-03T01:32:31.276+0600][25.222s][info][gc,phases      ] GC(67)   Evacuate Collection Set: 1.13ms
[2026-04-03T01:32:31.276+0600][25.222s][info][gc,phases      ] GC(67)   Post Evacuate Collection Set: 0.43ms
[2026-04-03T01:32:31.276+0600][25.222s][info][gc,phases      ] GC(67)   Other: 0.11ms
[2026-04-03T01:32:31.276+0600][25.222s][info][gc,heap        ] GC(67) Eden regions: 76->0(76)
[2026-04-03T01:32:31.276+0600][25.222s][info][gc,heap        ] GC(67) Survivor regions: 1->1(10)
[2026-04-03T01:32:31.276+0600][25.222s][info][gc,heap        ] GC(67) Old regions: 12->12
[2026-04-03T01:32:31.276+0600][25.222s][info][gc,heap        ] GC(67) Humongous regions: 0->0
[2026-04-03T01:32:31.276+0600][25.222s][info][gc,metaspace   ] GC(67) Metaspace: 55297K(56000K)->55297K(56000K) NonClass: 46701K(47104K)->46701K(47104K) Class: 8596K(8896K)->8596K(8896K)
[2026-04-03T01:32:31.276+0600][25.222s][info][gc             ] GC(67) Pause Young (Normal) (G1 Evacuation Pause) 172M->20M(258M) 2.349ms
[2026-04-03T01:32:31.276+0600][25.222s][info][gc,cpu         ] GC(67) User=0.02s Sys=0.00s Real=0.00s
[2026-04-03T01:32:31.472+0600][25.418s][info][gc,start       ] GC(68) Pause Full (System.gc())
[2026-04-03T01:32:31.472+0600][25.418s][info][gc,task        ] GC(68) Using 8 workers of 10 for full compaction
[2026-04-03T01:32:31.472+0600][25.419s][info][gc,phases,start] GC(68) Phase 1: Mark live objects
[2026-04-03T01:32:31.497+0600][25.443s][info][gc,phases      ] GC(68) Phase 1: Mark live objects 24.350ms
[2026-04-03T01:32:31.497+0600][25.443s][info][gc,phases,start] GC(68) Phase 2: Prepare compaction
[2026-04-03T01:32:31.499+0600][25.445s][info][gc,phases      ] GC(68) Phase 2: Prepare compaction 1.955ms
[2026-04-03T01:32:31.499+0600][25.445s][info][gc,phases,start] GC(68) Phase 3: Adjust pointers
[2026-04-03T01:32:31.513+0600][25.460s][info][gc,phases      ] GC(68) Phase 3: Adjust pointers 14.497ms
[2026-04-03T01:32:31.513+0600][25.460s][info][gc,phases,start] GC(68) Phase 4: Compact heap
[2026-04-03T01:32:31.516+0600][25.462s][info][gc,phases      ] GC(68) Phase 4: Compact heap 2.312ms
[2026-04-03T01:32:31.516+0600][25.462s][info][gc,phases,start] GC(68) Phase 5: Reset Metadata
[2026-04-03T01:32:31.518+0600][25.465s][info][gc,phases      ] GC(68) Phase 5: Reset Metadata 2.558ms
[2026-04-03T01:32:31.529+0600][25.476s][info][gc,heap        ] GC(68) Eden regions: 21->0(26)
[2026-04-03T01:32:31.529+0600][25.476s][info][gc,heap        ] GC(68) Survivor regions: 1->0(10)
[2026-04-03T01:32:31.529+0600][25.476s][info][gc,heap        ] GC(68) Old regions: 12->13
[2026-04-03T01:32:31.529+0600][25.476s][info][gc,heap        ] GC(68) Humongous regions: 0->0
[2026-04-03T01:32:31.529+0600][25.476s][info][gc,metaspace   ] GC(68) Metaspace: 55388K(56128K)->54989K(56128K) NonClass: 46784K(47232K)->46507K(47232K) Class: 8603K(8896K)->8482K(8896K)
[2026-04-03T01:32:31.529+0600][25.476s][info][gc             ] GC(68) Pause Full (System.gc()) 61M->18M(88M) 57.812ms
[2026-04-03T01:32:31.530+0600][25.476s][info][gc,cpu         ] GC(68) User=0.26s Sys=0.01s Real=0.05s
[2026-04-03T01:32:31.900+0600][25.846s][info][gc,start       ] GC(69) Pause Young (Normal) (G1 Evacuation Pause)
[2026-04-03T01:32:31.900+0600][25.846s][info][gc,task        ] GC(69) Using 10 workers of 10 for evacuation
[2026-04-03T01:32:31.902+0600][25.849s][info][gc,phases      ] GC(69)   Pre Evacuate Collection Set: 0.36ms
[2026-04-03T01:32:31.903+0600][25.849s][info][gc,phases      ] GC(69)   Merge Heap Roots: 0.13ms
[2026-04-03T01:32:31.903+0600][25.849s][info][gc,phases      ] GC(69)   Evacuate Collection Set: 1.66ms
[2026-04-03T01:32:31.903+0600][25.849s][info][gc,phases      ] GC(69)   Post Evacuate Collection Set: 0.57ms
[2026-04-03T01:32:31.903+0600][25.849s][info][gc,phases      ] GC(69)   Other: 0.13ms
[2026-04-03T01:32:31.903+0600][25.849s][info][gc,heap        ] GC(69) Eden regions: 26->0(25)
[2026-04-03T01:32:31.903+0600][25.849s][info][gc,heap        ] GC(69) Survivor regions: 0->1(4)
[2026-04-03T01:32:31.903+0600][25.849s][info][gc,heap        ] GC(69) Old regions: 13->13
[2026-04-03T01:32:31.903+0600][25.849s][info][gc,heap        ] GC(69) Humongous regions: 0->0
[2026-04-03T01:32:31.903+0600][25.849s][info][gc,metaspace   ] GC(69) Metaspace: 55010K(56128K)->55010K(56128K) NonClass: 46519K(47232K)->46519K(47232K) Class: 8490K(8896K)->8490K(8896K)
[2026-04-03T01:32:31.903+0600][25.849s][info][gc             ] GC(69) Pause Young (Normal) (G1 Evacuation Pause) 70M->19M(88M) 3.159ms
[2026-04-03T01:32:31.903+0600][25.849s][info][gc,cpu         ] GC(69) User=0.03s Sys=0.00s Real=0.01s
[2026-04-03T01:32:32.137+0600][26.083s][info][gc,start       ] GC(70) Pause Young (Normal) (G1 Evacuation Pause)
[2026-04-03T01:32:32.137+0600][26.083s][info][gc,task        ] GC(70) Using 10 workers of 10 for evacuation
[2026-04-03T01:32:32.141+0600][26.088s][info][gc,phases      ] GC(70)   Pre Evacuate Collection Set: 0.22ms
[2026-04-03T01:32:32.142+0600][26.088s][info][gc,phases      ] GC(70)   Merge Heap Roots: 0.17ms
[2026-04-03T01:32:32.142+0600][26.088s][info][gc,phases      ] GC(70)   Evacuate Collection Set: 3.11ms
[2026-04-03T01:32:32.142+0600][26.088s][info][gc,phases      ] GC(70)   Post Evacuate Collection Set: 0.57ms
[2026-04-03T01:32:32.142+0600][26.088s][info][gc,phases      ] GC(70)   Other: 0.10ms
[2026-04-03T01:32:32.142+0600][26.088s][info][gc,heap        ] GC(70) Eden regions: 25->0(25)
[2026-04-03T01:32:32.142+0600][26.088s][info][gc,heap        ] GC(70) Survivor regions: 1->1(4)
[2026-04-03T01:32:32.142+0600][26.088s][info][gc,heap        ] GC(70) Old regions: 13->13
[2026-04-03T01:32:32.142+0600][26.088s][info][gc,heap        ] GC(70) Humongous regions: 0->0
[2026-04-03T01:32:32.142+0600][26.088s][info][gc,metaspace   ] GC(70) Metaspace: 55010K(56128K)->55010K(56128K) NonClass: 46519K(47232K)->46519K(47232K) Class: 8490K(8896K)->8490K(8896K)
[2026-04-03T01:32:32.142+0600][26.088s][info][gc             ] GC(70) Pause Young (Normal) (G1 Evacuation Pause) 69M->19M(88M) 4.512ms
[2026-04-03T01:32:32.142+0600][26.088s][info][gc,cpu         ] GC(70) User=0.03s Sys=0.00s Real=0.01s
[2026-04-03T01:32:32.364+0600][26.310s][info][gc,start       ] GC(71) Pause Young (Normal) (G1 Evacuation Pause)
[2026-04-03T01:32:32.364+0600][26.310s][info][gc,task        ] GC(71) Using 10 workers of 10 for evacuation
[2026-04-03T01:32:32.368+0600][26.314s][info][gc,phases      ] GC(71)   Pre Evacuate Collection Set: 0.25ms
[2026-04-03T01:32:32.368+0600][26.314s][info][gc,phases      ] GC(71)   Merge Heap Roots: 0.15ms
[2026-04-03T01:32:32.368+0600][26.314s][info][gc,phases      ] GC(71)   Evacuate Collection Set: 2.28ms
[2026-04-03T01:32:32.368+0600][26.314s][info][gc,phases      ] GC(71)   Post Evacuate Collection Set: 0.65ms
[2026-04-03T01:32:32.368+0600][26.314s][info][gc,phases      ] GC(71)   Other: 0.12ms
[2026-04-03T01:32:32.368+0600][26.314s][info][gc,heap        ] GC(71) Eden regions: 25->0(25)
[2026-04-03T01:32:32.368+0600][26.314s][info][gc,heap        ] GC(71) Survivor regions: 1->1(4)
[2026-04-03T01:32:32.368+0600][26.314s][info][gc,heap        ] GC(71) Old regions: 13->13
[2026-04-03T01:32:32.368+0600][26.314s][info][gc,heap        ] GC(71) Humongous regions: 0->0
[2026-04-03T01:32:32.368+0600][26.314s][info][gc,metaspace   ] GC(71) Metaspace: 55010K(56128K)->55010K(56128K) NonClass: 46519K(47232K)->46519K(47232K) Class: 8490K(8896K)->8490K(8896K)
[2026-04-03T01:32:32.368+0600][26.314s][info][gc             ] GC(71) Pause Young (Normal) (G1 Evacuation Pause) 69M->19M(88M) 3.896ms
[2026-04-03T01:32:32.368+0600][26.314s][info][gc,cpu         ] GC(71) User=0.03s Sys=0.00s Real=0.00s
[2026-04-03T01:32:32.590+0600][26.536s][info][gc,start       ] GC(72) Pause Young (Normal) (G1 Evacuation Pause)
[2026-04-03T01:32:32.590+0600][26.537s][info][gc,task        ] GC(72) Using 10 workers of 10 for evacuation
[2026-04-03T01:32:32.593+0600][26.539s][info][gc,phases      ] GC(72)   Pre Evacuate Collection Set: 0.26ms
[2026-04-03T01:32:32.593+0600][26.539s][info][gc,phases      ] GC(72)   Merge Heap Roots: 0.14ms
[2026-04-03T01:32:32.593+0600][26.539s][info][gc,phases      ] GC(72)   Evacuate Collection Set: 1.53ms
[2026-04-03T01:32:32.593+0600][26.539s][info][gc,phases      ] GC(72)   Post Evacuate Collection Set: 0.70ms
[2026-04-03T01:32:32.593+0600][26.539s][info][gc,phases      ] GC(72)   Other: 0.13ms
[2026-04-03T01:32:32.593+0600][26.540s][info][gc,heap        ] GC(72) Eden regions: 25->0(45)
[2026-04-03T01:32:32.593+0600][26.540s][info][gc,heap        ] GC(72) Survivor regions: 1->1(4)
[2026-04-03T01:32:32.593+0600][26.540s][info][gc,heap        ] GC(72) Old regions: 13->13
[2026-04-03T01:32:32.593+0600][26.540s][info][gc,heap        ] GC(72) Humongous regions: 0->0
[2026-04-03T01:32:32.593+0600][26.540s][info][gc,metaspace   ] GC(72) Metaspace: 55010K(56128K)->55010K(56128K) NonClass: 46519K(47232K)->46519K(47232K) Class: 8490K(8896K)->8490K(8896K)
[2026-04-03T01:32:32.593+0600][26.540s][info][gc             ] GC(72) Pause Young (Normal) (G1 Evacuation Pause) 69M->19M(154M) 3.104ms
[2026-04-03T01:32:32.593+0600][26.540s][info][gc,cpu         ] GC(72) User=0.02s Sys=0.00s Real=0.00s
[2026-04-03T01:32:32.959+0600][26.906s][info][gc,start       ] GC(73) Pause Young (Normal) (G1 Evacuation Pause)
[2026-04-03T01:32:32.960+0600][26.906s][info][gc,task        ] GC(73) Using 10 workers of 10 for evacuation
[2026-04-03T01:32:32.964+0600][26.910s][info][gc,phases      ] GC(73)   Pre Evacuate Collection Set: 1.33ms
[2026-04-03T01:32:32.964+0600][26.910s][info][gc,phases      ] GC(73)   Merge Heap Roots: 0.18ms
[2026-04-03T01:32:32.964+0600][26.910s][info][gc,phases      ] GC(73)   Evacuate Collection Set: 1.91ms
[2026-04-03T01:32:32.964+0600][26.910s][info][gc,phases      ] GC(73)   Post Evacuate Collection Set: 0.58ms
[2026-04-03T01:32:32.964+0600][26.910s][info][gc,phases      ] GC(73)   Other: 0.12ms
[2026-04-03T01:32:32.964+0600][26.910s][info][gc,heap        ] GC(73) Eden regions: 45->0(45)
[2026-04-03T01:32:32.964+0600][26.910s][info][gc,heap        ] GC(73) Survivor regions: 1->1(6)
[2026-04-03T01:32:32.964+0600][26.910s][info][gc,heap        ] GC(73) Old regions: 13->13
[2026-04-03T01:32:32.964+0600][26.910s][info][gc,heap        ] GC(73) Humongous regions: 0->0
[2026-04-03T01:32:32.964+0600][26.910s][info][gc,metaspace   ] GC(73) Metaspace: 55010K(56128K)->55010K(56128K) NonClass: 46519K(47232K)->46519K(47232K) Class: 8490K(8896K)->8490K(8896K)
[2026-04-03T01:32:32.964+0600][26.910s][info][gc             ] GC(73) Pause Young (Normal) (G1 Evacuation Pause) 109M->19M(154M) 4.515ms
[2026-04-03T01:32:32.964+0600][26.910s][info][gc,cpu         ] GC(73) User=0.03s Sys=0.00s Real=0.01s
[2026-04-03T01:32:33.392+0600][27.339s][info][gc,start       ] GC(74) Pause Young (Normal) (G1 Evacuation Pause)
[2026-04-03T01:32:33.393+0600][27.339s][info][gc,task        ] GC(74) Using 10 workers of 10 for evacuation
[2026-04-03T01:32:33.395+0600][27.341s][info][gc,phases      ] GC(74)   Pre Evacuate Collection Set: 0.24ms
[2026-04-03T01:32:33.395+0600][27.341s][info][gc,phases      ] GC(74)   Merge Heap Roots: 0.14ms
[2026-04-03T01:32:33.395+0600][27.341s][info][gc,phases      ] GC(74)   Evacuate Collection Set: 1.57ms
[2026-04-03T01:32:33.395+0600][27.341s][info][gc,phases      ] GC(74)   Post Evacuate Collection Set: 0.65ms
[2026-04-03T01:32:33.395+0600][27.341s][info][gc,phases      ] GC(74)   Other: 0.10ms
[2026-04-03T01:32:33.395+0600][27.342s][info][gc,heap        ] GC(74) Eden regions: 45->0(45)
[2026-04-03T01:32:33.395+0600][27.342s][info][gc,heap        ] GC(74) Survivor regions: 1->1(6)
[2026-04-03T01:32:33.395+0600][27.342s][info][gc,heap        ] GC(74) Old regions: 13->13
[2026-04-03T01:32:33.395+0600][27.342s][info][gc,heap        ] GC(74) Humongous regions: 0->0
[2026-04-03T01:32:33.395+0600][27.342s][info][gc,metaspace   ] GC(74) Metaspace: 55010K(56128K)->55010K(56128K) NonClass: 46519K(47232K)->46519K(47232K) Class: 8490K(8896K)->8490K(8896K)
[2026-04-03T01:32:33.395+0600][27.342s][info][gc             ] GC(74) Pause Young (Normal) (G1 Evacuation Pause) 109M->19M(154M) 3.013ms
[2026-04-03T01:32:33.395+0600][27.342s][info][gc,cpu         ] GC(74) User=0.02s Sys=0.00s Real=0.00s
[2026-04-03T01:32:33.755+0600][27.701s][info][gc,start       ] GC(75) Pause Young (Normal) (G1 Evacuation Pause)
[2026-04-03T01:32:33.755+0600][27.702s][info][gc,task        ] GC(75) Using 10 workers of 10 for evacuation
[2026-04-03T01:32:33.758+0600][27.704s][info][gc,phases      ] GC(75)   Pre Evacuate Collection Set: 0.22ms
[2026-04-03T01:32:33.758+0600][27.704s][info][gc,phases      ] GC(75)   Merge Heap Roots: 0.14ms
[2026-04-03T01:32:33.758+0600][27.704s][info][gc,phases      ] GC(75)   Evacuate Collection Set: 1.39ms
[2026-04-03T01:32:33.758+0600][27.704s][info][gc,phases      ] GC(75)   Post Evacuate Collection Set: 0.48ms
[2026-04-03T01:32:33.758+0600][27.704s][info][gc,phases      ] GC(75)   Other: 0.09ms
[2026-04-03T01:32:33.758+0600][27.704s][info][gc,heap        ] GC(75) Eden regions: 45->0(45)
[2026-04-03T01:32:33.758+0600][27.704s][info][gc,heap        ] GC(75) Survivor regions: 1->1(6)
[2026-04-03T01:32:33.758+0600][27.704s][info][gc,heap        ] GC(75) Old regions: 13->13
[2026-04-03T01:32:33.758+0600][27.704s][info][gc,heap        ] GC(75) Humongous regions: 0->0
[2026-04-03T01:32:33.758+0600][27.704s][info][gc,metaspace   ] GC(75) Metaspace: 55010K(56128K)->55010K(56128K) NonClass: 46519K(47232K)->46519K(47232K) Class: 8490K(8896K)->8490K(8896K)
[2026-04-03T01:32:33.758+0600][27.704s][info][gc             ] GC(75) Pause Young (Normal) (G1 Evacuation Pause) 109M->19M(154M) 2.635ms
[2026-04-03T01:32:33.758+0600][27.704s][info][gc,cpu         ] GC(75) User=0.02s Sys=0.00s Real=0.00s
[2026-04-03T01:32:34.115+0600][28.061s][info][gc,start       ] GC(76) Pause Young (Normal) (G1 Evacuation Pause)
[2026-04-03T01:32:34.115+0600][28.061s][info][gc,task        ] GC(76) Using 10 workers of 10 for evacuation
[2026-04-03T01:32:34.119+0600][28.065s][info][gc,phases      ] GC(76)   Pre Evacuate Collection Set: 0.24ms
[2026-04-03T01:32:34.119+0600][28.065s][info][gc,phases      ] GC(76)   Merge Heap Roots: 0.18ms
[2026-04-03T01:32:34.119+0600][28.065s][info][gc,phases      ] GC(76)   Evacuate Collection Set: 3.23ms
[2026-04-03T01:32:34.119+0600][28.065s][info][gc,phases      ] GC(76)   Post Evacuate Collection Set: 0.53ms
[2026-04-03T01:32:34.119+0600][28.065s][info][gc,phases      ] GC(76)   Other: 0.14ms
[2026-04-03T01:32:34.119+0600][28.065s][info][gc,heap        ] GC(76) Eden regions: 45->0(45)
[2026-04-03T01:32:34.119+0600][28.065s][info][gc,heap        ] GC(76) Survivor regions: 1->1(6)
[2026-04-03T01:32:34.119+0600][28.065s][info][gc,heap        ] GC(76) Old regions: 13->13
[2026-04-03T01:32:34.119+0600][28.065s][info][gc,heap        ] GC(76) Humongous regions: 0->0
[2026-04-03T01:32:34.119+0600][28.065s][info][gc,metaspace   ] GC(76) Metaspace: 55010K(56128K)->55010K(56128K) NonClass: 46519K(47232K)->46519K(47232K) Class: 8490K(8896K)->8490K(8896K)
[2026-04-03T01:32:34.119+0600][28.065s][info][gc             ] GC(76) Pause Young (Normal) (G1 Evacuation Pause) 109M->19M(154M) 4.657ms
[2026-04-03T01:32:34.119+0600][28.065s][info][gc,cpu         ] GC(76) User=0.03s Sys=0.00s Real=0.00s
[2026-04-03T01:32:34.432+0600][28.378s][info][gc,start       ] GC(77) Pause Young (Normal) (G1 Evacuation Pause)
[2026-04-03T01:32:34.432+0600][28.378s][info][gc,task        ] GC(77) Using 10 workers of 10 for evacuation
[2026-04-03T01:32:34.434+0600][28.381s][info][gc,phases      ] GC(77)   Pre Evacuate Collection Set: 0.35ms
[2026-04-03T01:32:34.435+0600][28.381s][info][gc,phases      ] GC(77)   Merge Heap Roots: 0.13ms
[2026-04-03T01:32:34.435+0600][28.381s][info][gc,phases      ] GC(77)   Evacuate Collection Set: 1.61ms
[2026-04-03T01:32:34.435+0600][28.381s][info][gc,phases      ] GC(77)   Post Evacuate Collection Set: 0.46ms
[2026-04-03T01:32:34.435+0600][28.381s][info][gc,phases      ] GC(77)   Other: 0.12ms
[2026-04-03T01:32:34.435+0600][28.381s][info][gc,heap        ] GC(77) Eden regions: 45->0(45)
[2026-04-03T01:32:34.435+0600][28.381s][info][gc,heap        ] GC(77) Survivor regions: 1->1(6)
[2026-04-03T01:32:34.435+0600][28.381s][info][gc,heap        ] GC(77) Old regions: 13->13
[2026-04-03T01:32:34.435+0600][28.381s][info][gc,heap        ] GC(77) Humongous regions: 0->0
[2026-04-03T01:32:34.435+0600][28.381s][info][gc,metaspace   ] GC(77) Metaspace: 55010K(56128K)->55010K(56128K) NonClass: 46519K(47232K)->46519K(47232K) Class: 8490K(8896K)->8490K(8896K)
[2026-04-03T01:32:34.435+0600][28.381s][info][gc             ] GC(77) Pause Young (Normal) (G1 Evacuation Pause) 109M->19M(154M) 3.025ms
[2026-04-03T01:32:34.435+0600][28.381s][info][gc,cpu         ] GC(77) User=0.02s Sys=0.00s Real=0.00s
[2026-04-03T01:32:34.742+0600][28.688s][info][gc,start       ] GC(78) Pause Young (Normal) (G1 Evacuation Pause)
[2026-04-03T01:32:34.742+0600][28.688s][info][gc,task        ] GC(78) Using 10 workers of 10 for evacuation
[2026-04-03T01:32:34.745+0600][28.691s][info][gc,phases      ] GC(78)   Pre Evacuate Collection Set: 0.21ms
[2026-04-03T01:32:34.745+0600][28.691s][info][gc,phases      ] GC(78)   Merge Heap Roots: 0.14ms
[2026-04-03T01:32:34.745+0600][28.691s][info][gc,phases      ] GC(78)   Evacuate Collection Set: 1.45ms
[2026-04-03T01:32:34.745+0600][28.691s][info][gc,phases      ] GC(78)   Post Evacuate Collection Set: 0.55ms
[2026-04-03T01:32:34.745+0600][28.691s][info][gc,phases      ] GC(78)   Other: 0.12ms
[2026-04-03T01:32:34.745+0600][28.691s][info][gc,heap        ] GC(78) Eden regions: 45->0(45)
[2026-04-03T01:32:34.745+0600][28.691s][info][gc,heap        ] GC(78) Survivor regions: 1->1(6)
[2026-04-03T01:32:34.745+0600][28.691s][info][gc,heap        ] GC(78) Old regions: 13->13
[2026-04-03T01:32:34.745+0600][28.691s][info][gc,heap        ] GC(78) Humongous regions: 0->0
[2026-04-03T01:32:34.745+0600][28.691s][info][gc,metaspace   ] GC(78) Metaspace: 55010K(56128K)->55010K(56128K) NonClass: 46519K(47232K)->46519K(47232K) Class: 8490K(8896K)->8490K(8896K)
[2026-04-03T01:32:34.745+0600][28.691s][info][gc             ] GC(78) Pause Young (Normal) (G1 Evacuation Pause) 109M->19M(154M) 2.875ms
[2026-04-03T01:32:34.745+0600][28.691s][info][gc,cpu         ] GC(78) User=0.02s Sys=0.00s Real=0.00s
[2026-04-03T01:32:35.042+0600][28.988s][info][gc,start       ] GC(79) Pause Young (Normal) (G1 Evacuation Pause)
[2026-04-03T01:32:35.042+0600][28.988s][info][gc,task        ] GC(79) Using 10 workers of 10 for evacuation
[2026-04-03T01:32:35.045+0600][28.991s][info][gc,phases      ] GC(79)   Pre Evacuate Collection Set: 0.23ms
[2026-04-03T01:32:35.045+0600][28.991s][info][gc,phases      ] GC(79)   Merge Heap Roots: 0.16ms
[2026-04-03T01:32:35.045+0600][28.991s][info][gc,phases      ] GC(79)   Evacuate Collection Set: 1.48ms
[2026-04-03T01:32:35.045+0600][28.991s][info][gc,phases      ] GC(79)   Post Evacuate Collection Set: 0.44ms
[2026-04-03T01:32:35.045+0600][28.991s][info][gc,phases      ] GC(79)   Other: 0.11ms
[2026-04-03T01:32:35.045+0600][28.991s][info][gc,heap        ] GC(79) Eden regions: 45->0(45)
[2026-04-03T01:32:35.045+0600][28.991s][info][gc,heap        ] GC(79) Survivor regions: 1->1(6)
[2026-04-03T01:32:35.045+0600][28.991s][info][gc,heap        ] GC(79) Old regions: 13->13
[2026-04-03T01:32:35.045+0600][28.991s][info][gc,heap        ] GC(79) Humongous regions: 0->0
[2026-04-03T01:32:35.045+0600][28.991s][info][gc,metaspace   ] GC(79) Metaspace: 55010K(56128K)->55010K(56128K) NonClass: 46519K(47232K)->46519K(47232K) Class: 8490K(8896K)->8490K(8896K)
[2026-04-03T01:32:35.045+0600][28.991s][info][gc             ] GC(79) Pause Young (Normal) (G1 Evacuation Pause) 109M->19M(154M) 2.780ms
[2026-04-03T01:32:35.045+0600][28.991s][info][gc,cpu         ] GC(79) User=0.02s Sys=0.00s Real=0.00s
[2026-04-03T01:32:35.302+0600][29.248s][info][gc,start       ] GC(80) Pause Young (Normal) (G1 Evacuation Pause)
[2026-04-03T01:32:35.302+0600][29.248s][info][gc,task        ] GC(80) Using 10 workers of 10 for evacuation
[2026-04-03T01:32:35.305+0600][29.251s][info][gc,phases      ] GC(80)   Pre Evacuate Collection Set: 0.24ms
[2026-04-03T01:32:35.305+0600][29.251s][info][gc,phases      ] GC(80)   Merge Heap Roots: 0.15ms
[2026-04-03T01:32:35.305+0600][29.251s][info][gc,phases      ] GC(80)   Evacuate Collection Set: 1.72ms
[2026-04-03T01:32:35.305+0600][29.251s][info][gc,phases      ] GC(80)   Post Evacuate Collection Set: 0.51ms
[2026-04-03T01:32:35.305+0600][29.251s][info][gc,phases      ] GC(80)   Other: 0.17ms
[2026-04-03T01:32:35.305+0600][29.251s][info][gc,heap        ] GC(80) Eden regions: 45->0(45)
[2026-04-03T01:32:35.305+0600][29.251s][info][gc,heap        ] GC(80) Survivor regions: 1->1(6)
[2026-04-03T01:32:35.305+0600][29.251s][info][gc,heap        ] GC(80) Old regions: 13->13
[2026-04-03T01:32:35.305+0600][29.251s][info][gc,heap        ] GC(80) Humongous regions: 0->0
[2026-04-03T01:32:35.305+0600][29.251s][info][gc,metaspace   ] GC(80) Metaspace: 55010K(56128K)->55010K(56128K) NonClass: 46519K(47232K)->46519K(47232K) Class: 8490K(8896K)->8490K(8896K)
[2026-04-03T01:32:35.305+0600][29.251s][info][gc             ] GC(80) Pause Young (Normal) (G1 Evacuation Pause) 109M->19M(154M) 3.392ms
[2026-04-03T01:32:35.305+0600][29.251s][info][gc,cpu         ] GC(80) User=0.03s Sys=0.00s Real=0.00s
[2026-04-03T01:32:35.554+0600][29.501s][info][gc,start       ] GC(81) Pause Young (Normal) (G1 Evacuation Pause)
[2026-04-03T01:32:35.555+0600][29.501s][info][gc,task        ] GC(81) Using 10 workers of 10 for evacuation
[2026-04-03T01:32:35.557+0600][29.504s][info][gc,phases      ] GC(81)   Pre Evacuate Collection Set: 0.27ms
[2026-04-03T01:32:35.558+0600][29.504s][info][gc,phases      ] GC(81)   Merge Heap Roots: 0.14ms
[2026-04-03T01:32:35.558+0600][29.504s][info][gc,phases      ] GC(81)   Evacuate Collection Set: 1.64ms
[2026-04-03T01:32:35.558+0600][29.504s][info][gc,phases      ] GC(81)   Post Evacuate Collection Set: 0.74ms
[2026-04-03T01:32:35.558+0600][29.504s][info][gc,phases      ] GC(81)   Other: 0.16ms
[2026-04-03T01:32:35.558+0600][29.504s][info][gc,heap        ] GC(81) Eden regions: 45->0(54)
[2026-04-03T01:32:35.558+0600][29.504s][info][gc,heap        ] GC(81) Survivor regions: 1->1(6)
[2026-04-03T01:32:35.558+0600][29.504s][info][gc,heap        ] GC(81) Old regions: 13->13
[2026-04-03T01:32:35.558+0600][29.504s][info][gc,heap        ] GC(81) Humongous regions: 0->0
[2026-04-03T01:32:35.558+0600][29.504s][info][gc,metaspace   ] GC(81) Metaspace: 55010K(56128K)->55010K(56128K) NonClass: 46519K(47232K)->46519K(47232K) Class: 8490K(8896K)->8490K(8896K)
[2026-04-03T01:32:35.558+0600][29.504s][info][gc             ] GC(81) Pause Young (Normal) (G1 Evacuation Pause) 109M->19M(186M) 3.301ms
[2026-04-03T01:32:35.558+0600][29.504s][info][gc,cpu         ] GC(81) User=0.03s Sys=0.00s Real=0.00s
[2026-04-03T01:32:35.878+0600][29.824s][info][gc,start       ] GC(82) Pause Young (Normal) (G1 Evacuation Pause)
[2026-04-03T01:32:35.878+0600][29.824s][info][gc,task        ] GC(82) Using 10 workers of 10 for evacuation
[2026-04-03T01:32:35.881+0600][29.827s][info][gc,phases      ] GC(82)   Pre Evacuate Collection Set: 0.21ms
[2026-04-03T01:32:35.881+0600][29.827s][info][gc,phases      ] GC(82)   Merge Heap Roots: 0.16ms
[2026-04-03T01:32:35.881+0600][29.827s][info][gc,phases      ] GC(82)   Evacuate Collection Set: 1.66ms
[2026-04-03T01:32:35.881+0600][29.827s][info][gc,phases      ] GC(82)   Post Evacuate Collection Set: 0.49ms
[2026-04-03T01:32:35.881+0600][29.827s][info][gc,phases      ] GC(82)   Other: 0.10ms
[2026-04-03T01:32:35.881+0600][29.827s][info][gc,heap        ] GC(82) Eden regions: 54->0(54)
[2026-04-03T01:32:35.881+0600][29.827s][info][gc,heap        ] GC(82) Survivor regions: 1->1(7)
[2026-04-03T01:32:35.881+0600][29.827s][info][gc,heap        ] GC(82) Old regions: 13->13
[2026-04-03T01:32:35.881+0600][29.827s][info][gc,heap        ] GC(82) Humongous regions: 0->0
[2026-04-03T01:32:35.881+0600][29.827s][info][gc,metaspace   ] GC(82) Metaspace: 55045K(56128K)->55045K(56128K) NonClass: 46541K(47232K)->46541K(47232K) Class: 8504K(8896K)->8504K(8896K)
[2026-04-03T01:32:35.881+0600][29.827s][info][gc             ] GC(82) Pause Young (Normal) (G1 Evacuation Pause) 127M->19M(186M) 2.985ms
[2026-04-03T01:32:35.881+0600][29.827s][info][gc,cpu         ] GC(82) User=0.02s Sys=0.01s Real=0.01s
[2026-04-03T01:32:36.212+0600][30.159s][info][gc,start       ] GC(83) Pause Young (Normal) (G1 Evacuation Pause)
[2026-04-03T01:32:36.213+0600][30.159s][info][gc,task        ] GC(83) Using 10 workers of 10 for evacuation
[2026-04-03T01:32:36.216+0600][30.162s][info][gc,phases      ] GC(83)   Pre Evacuate Collection Set: 0.34ms
[2026-04-03T01:32:36.216+0600][30.162s][info][gc,phases      ] GC(83)   Merge Heap Roots: 0.18ms
[2026-04-03T01:32:36.216+0600][30.162s][info][gc,phases      ] GC(83)   Evacuate Collection Set: 1.94ms
[2026-04-03T01:32:36.216+0600][30.162s][info][gc,phases      ] GC(83)   Post Evacuate Collection Set: 0.53ms
[2026-04-03T01:32:36.216+0600][30.162s][info][gc,phases      ] GC(83)   Other: 0.18ms
[2026-04-03T01:32:36.216+0600][30.162s][info][gc,heap        ] GC(83) Eden regions: 54->0(54)
[2026-04-03T01:32:36.216+0600][30.162s][info][gc,heap        ] GC(83) Survivor regions: 1->1(7)
[2026-04-03T01:32:36.216+0600][30.162s][info][gc,heap        ] GC(83) Old regions: 13->13
[2026-04-03T01:32:36.216+0600][30.162s][info][gc,heap        ] GC(83) Humongous regions: 0->0
[2026-04-03T01:32:36.216+0600][30.162s][info][gc,metaspace   ] GC(83) Metaspace: 55045K(56128K)->55045K(56128K) NonClass: 46541K(47232K)->46541K(47232K) Class: 8504K(8896K)->8504K(8896K)
[2026-04-03T01:32:36.216+0600][30.162s][info][gc             ] GC(83) Pause Young (Normal) (G1 Evacuation Pause) 127M->19M(186M) 3.575ms
[2026-04-03T01:32:36.216+0600][30.162s][info][gc,cpu         ] GC(83) User=0.02s Sys=0.00s Real=0.00s
[2026-04-03T01:32:36.504+0600][30.450s][info][gc,start       ] GC(84) Pause Young (Normal) (G1 Evacuation Pause)
[2026-04-03T01:32:36.504+0600][30.451s][info][gc,task        ] GC(84) Using 10 workers of 10 for evacuation
[2026-04-03T01:32:36.507+0600][30.453s][info][gc,phases      ] GC(84)   Pre Evacuate Collection Set: 0.23ms
[2026-04-03T01:32:36.507+0600][30.453s][info][gc,phases      ] GC(84)   Merge Heap Roots: 0.16ms
[2026-04-03T01:32:36.507+0600][30.454s][info][gc,phases      ] GC(84)   Evacuate Collection Set: 1.78ms
[2026-04-03T01:32:36.507+0600][30.454s][info][gc,phases      ] GC(84)   Post Evacuate Collection Set: 0.51ms
[2026-04-03T01:32:36.507+0600][30.454s][info][gc,phases      ] GC(84)   Other: 0.11ms
[2026-04-03T01:32:36.507+0600][30.454s][info][gc,heap        ] GC(84) Eden regions: 54->0(54)
[2026-04-03T01:32:36.507+0600][30.454s][info][gc,heap        ] GC(84) Survivor regions: 1->1(7)
[2026-04-03T01:32:36.507+0600][30.454s][info][gc,heap        ] GC(84) Old regions: 13->14
[2026-04-03T01:32:36.507+0600][30.454s][info][gc,heap        ] GC(84) Humongous regions: 0->0
[2026-04-03T01:32:36.507+0600][30.454s][info][gc,metaspace   ] GC(84) Metaspace: 55045K(56128K)->55045K(56128K) NonClass: 46541K(47232K)->46541K(47232K) Class: 8504K(8896K)->8504K(8896K)
[2026-04-03T01:32:36.508+0600][30.454s][info][gc             ] GC(84) Pause Young (Normal) (G1 Evacuation Pause) 127M->19M(186M) 3.238ms
[2026-04-03T01:32:36.508+0600][30.454s][info][gc,cpu         ] GC(84) User=0.03s Sys=0.00s Real=0.00s
[2026-04-03T01:32:36.792+0600][30.738s][info][gc,start       ] GC(85) Pause Young (Normal) (G1 Evacuation Pause)
[2026-04-03T01:32:36.792+0600][30.739s][info][gc,task        ] GC(85) Using 10 workers of 10 for evacuation
[2026-04-03T01:32:36.794+0600][30.741s][info][gc,phases      ] GC(85)   Pre Evacuate Collection Set: 0.22ms
[2026-04-03T01:32:36.795+0600][30.741s][info][gc,phases      ] GC(85)   Merge Heap Roots: 0.14ms
[2026-04-03T01:32:36.795+0600][30.741s][info][gc,phases      ] GC(85)   Evacuate Collection Set: 0.98ms
[2026-04-03T01:32:36.795+0600][30.741s][info][gc,phases      ] GC(85)   Post Evacuate Collection Set: 0.54ms
[2026-04-03T01:32:36.795+0600][30.741s][info][gc,phases      ] GC(85)   Other: 0.14ms
[2026-04-03T01:32:36.795+0600][30.741s][info][gc,heap        ] GC(85) Eden regions: 54->0(54)
[2026-04-03T01:32:36.795+0600][30.741s][info][gc,heap        ] GC(85) Survivor regions: 1->1(7)
[2026-04-03T01:32:36.795+0600][30.741s][info][gc,heap        ] GC(85) Old regions: 14->14
[2026-04-03T01:32:36.795+0600][30.741s][info][gc,heap        ] GC(85) Humongous regions: 0->0
[2026-04-03T01:32:36.795+0600][30.741s][info][gc,metaspace   ] GC(85) Metaspace: 55045K(56128K)->55045K(56128K) NonClass: 46541K(47232K)->46541K(47232K) Class: 8504K(8896K)->8504K(8896K)
[2026-04-03T01:32:36.795+0600][30.741s][info][gc             ] GC(85) Pause Young (Normal) (G1 Evacuation Pause) 127M->19M(186M) 2.414ms
[2026-04-03T01:32:36.795+0600][30.741s][info][gc,cpu         ] GC(85) User=0.01s Sys=0.00s Real=0.00s
[2026-04-03T01:32:37.137+0600][31.083s][info][gc,start       ] GC(86) Pause Young (Normal) (G1 Evacuation Pause)
[2026-04-03T01:32:37.137+0600][31.083s][info][gc,task        ] GC(86) Using 10 workers of 10 for evacuation
[2026-04-03T01:32:37.139+0600][31.086s][info][gc,phases      ] GC(86)   Pre Evacuate Collection Set: 0.19ms
[2026-04-03T01:32:37.139+0600][31.086s][info][gc,phases      ] GC(86)   Merge Heap Roots: 0.15ms
[2026-04-03T01:32:37.139+0600][31.086s][info][gc,phases      ] GC(86)   Evacuate Collection Set: 1.20ms
[2026-04-03T01:32:37.139+0600][31.086s][info][gc,phases      ] GC(86)   Post Evacuate Collection Set: 0.51ms
[2026-04-03T01:32:37.140+0600][31.086s][info][gc,phases      ] GC(86)   Other: 0.12ms
[2026-04-03T01:32:37.140+0600][31.086s][info][gc,heap        ] GC(86) Eden regions: 54->0(54)
[2026-04-03T01:32:37.140+0600][31.086s][info][gc,heap        ] GC(86) Survivor regions: 1->1(7)
[2026-04-03T01:32:37.140+0600][31.086s][info][gc,heap        ] GC(86) Old regions: 14->14
[2026-04-03T01:32:37.140+0600][31.086s][info][gc,heap        ] GC(86) Humongous regions: 0->0
[2026-04-03T01:32:37.140+0600][31.086s][info][gc,metaspace   ] GC(86) Metaspace: 55045K(56128K)->55045K(56128K) NonClass: 46541K(47232K)->46541K(47232K) Class: 8504K(8896K)->8504K(8896K)
[2026-04-03T01:32:37.140+0600][31.086s][info][gc             ] GC(86) Pause Young (Normal) (G1 Evacuation Pause) 127M->19M(186M) 2.488ms
[2026-04-03T01:32:37.140+0600][31.086s][info][gc,cpu         ] GC(86) User=0.01s Sys=0.00s Real=0.00s
[2026-04-03T01:32:37.415+0600][31.361s][info][gc,start       ] GC(87) Pause Young (Normal) (G1 Evacuation Pause)
[2026-04-03T01:32:37.415+0600][31.361s][info][gc,task        ] GC(87) Using 10 workers of 10 for evacuation
[2026-04-03T01:32:37.418+0600][31.364s][info][gc,phases      ] GC(87)   Pre Evacuate Collection Set: 0.23ms
[2026-04-03T01:32:37.418+0600][31.364s][info][gc,phases      ] GC(87)   Merge Heap Roots: 0.16ms
[2026-04-03T01:32:37.418+0600][31.364s][info][gc,phases      ] GC(87)   Evacuate Collection Set: 1.34ms
[2026-04-03T01:32:37.418+0600][31.364s][info][gc,phases      ] GC(87)   Post Evacuate Collection Set: 0.53ms
[2026-04-03T01:32:37.418+0600][31.364s][info][gc,phases      ] GC(87)   Other: 0.13ms
[2026-04-03T01:32:37.418+0600][31.364s][info][gc,heap        ] GC(87) Eden regions: 54->0(54)
[2026-04-03T01:32:37.418+0600][31.364s][info][gc,heap        ] GC(87) Survivor regions: 1->1(7)
[2026-04-03T01:32:37.418+0600][31.364s][info][gc,heap        ] GC(87) Old regions: 14->14
[2026-04-03T01:32:37.418+0600][31.364s][info][gc,heap        ] GC(87) Humongous regions: 0->0
[2026-04-03T01:32:37.418+0600][31.364s][info][gc,metaspace   ] GC(87) Metaspace: 55045K(56128K)->55045K(56128K) NonClass: 46541K(47232K)->46541K(47232K) Class: 8504K(8896K)->8504K(8896K)
[2026-04-03T01:32:37.418+0600][31.364s][info][gc             ] GC(87) Pause Young (Normal) (G1 Evacuation Pause) 127M->19M(186M) 2.803ms
[2026-04-03T01:32:37.418+0600][31.364s][info][gc,cpu         ] GC(87) User=0.01s Sys=0.00s Real=0.00s
[2026-04-03T01:32:37.588+0600][31.535s][info][gc,start       ] GC(88) Pause Young (Normal) (G1 Evacuation Pause)
[2026-04-03T01:32:37.588+0600][31.535s][info][gc,task        ] GC(88) Using 10 workers of 10 for evacuation
[2026-04-03T01:32:37.590+0600][31.536s][info][gc,phases      ] GC(88)   Pre Evacuate Collection Set: 0.17ms
[2026-04-03T01:32:37.590+0600][31.536s][info][gc,phases      ] GC(88)   Merge Heap Roots: 0.12ms
[2026-04-03T01:32:37.590+0600][31.536s][info][gc,phases      ] GC(88)   Evacuate Collection Set: 0.85ms
[2026-04-03T01:32:37.590+0600][31.536s][info][gc,phases      ] GC(88)   Post Evacuate Collection Set: 0.43ms
[2026-04-03T01:32:37.590+0600][31.536s][info][gc,phases      ] GC(88)   Other: 0.11ms
[2026-04-03T01:32:37.590+0600][31.536s][info][gc,heap        ] GC(88) Eden regions: 54->0(54)
[2026-04-03T01:32:37.590+0600][31.536s][info][gc,heap        ] GC(88) Survivor regions: 1->1(7)
[2026-04-03T01:32:37.590+0600][31.536s][info][gc,heap        ] GC(88) Old regions: 14->14
[2026-04-03T01:32:37.590+0600][31.536s][info][gc,heap        ] GC(88) Humongous regions: 0->0
[2026-04-03T01:32:37.590+0600][31.536s][info][gc,metaspace   ] GC(88) Metaspace: 55045K(56128K)->55045K(56128K) NonClass: 46541K(47232K)->46541K(47232K) Class: 8504K(8896K)->8504K(8896K)
[2026-04-03T01:32:37.590+0600][31.536s][info][gc             ] GC(88) Pause Young (Normal) (G1 Evacuation Pause) 127M->19M(186M) 1.949ms
[2026-04-03T01:32:37.590+0600][31.536s][info][gc,cpu         ] GC(88) User=0.01s Sys=0.00s Real=0.01s
[2026-04-03T01:32:37.741+0600][31.687s][info][gc,start       ] GC(89) Pause Young (Normal) (G1 Evacuation Pause)
[2026-04-03T01:32:37.741+0600][31.687s][info][gc,task        ] GC(89) Using 10 workers of 10 for evacuation
[2026-04-03T01:32:37.743+0600][31.689s][info][gc,phases      ] GC(89)   Pre Evacuate Collection Set: 0.16ms
[2026-04-03T01:32:37.743+0600][31.689s][info][gc,phases      ] GC(89)   Merge Heap Roots: 0.12ms
[2026-04-03T01:32:37.743+0600][31.689s][info][gc,phases      ] GC(89)   Evacuate Collection Set: 0.91ms
[2026-04-03T01:32:37.743+0600][31.689s][info][gc,phases      ] GC(89)   Post Evacuate Collection Set: 0.41ms
[2026-04-03T01:32:37.743+0600][31.689s][info][gc,phases      ] GC(89)   Other: 0.09ms
[2026-04-03T01:32:37.743+0600][31.689s][info][gc,heap        ] GC(89) Eden regions: 54->0(54)
[2026-04-03T01:32:37.743+0600][31.689s][info][gc,heap        ] GC(89) Survivor regions: 1->1(7)
[2026-04-03T01:32:37.743+0600][31.689s][info][gc,heap        ] GC(89) Old regions: 14->14
[2026-04-03T01:32:37.743+0600][31.689s][info][gc,heap        ] GC(89) Humongous regions: 0->0
[2026-04-03T01:32:37.743+0600][31.689s][info][gc,metaspace   ] GC(89) Metaspace: 55045K(56128K)->55045K(56128K) NonClass: 46541K(47232K)->46541K(47232K) Class: 8504K(8896K)->8504K(8896K)
[2026-04-03T01:32:37.743+0600][31.689s][info][gc             ] GC(89) Pause Young (Normal) (G1 Evacuation Pause) 127M->19M(186M) 2.013ms
[2026-04-03T01:32:37.743+0600][31.689s][info][gc,cpu         ] GC(89) User=0.01s Sys=0.00s Real=0.00s
[2026-04-03T01:32:37.895+0600][31.841s][info][gc,start       ] GC(90) Pause Young (Normal) (G1 Evacuation Pause)
[2026-04-03T01:32:37.895+0600][31.841s][info][gc,task        ] GC(90) Using 10 workers of 10 for evacuation
[2026-04-03T01:32:37.897+0600][31.843s][info][gc,phases      ] GC(90)   Pre Evacuate Collection Set: 0.21ms
[2026-04-03T01:32:37.897+0600][31.843s][info][gc,phases      ] GC(90)   Merge Heap Roots: 0.12ms
[2026-04-03T01:32:37.897+0600][31.843s][info][gc,phases      ] GC(90)   Evacuate Collection Set: 1.07ms
[2026-04-03T01:32:37.897+0600][31.843s][info][gc,phases      ] GC(90)   Post Evacuate Collection Set: 0.51ms
[2026-04-03T01:32:37.897+0600][31.843s][info][gc,phases      ] GC(90)   Other: 0.11ms
[2026-04-03T01:32:37.897+0600][31.843s][info][gc,heap        ] GC(90) Eden regions: 54->0(54)
[2026-04-03T01:32:37.897+0600][31.843s][info][gc,heap        ] GC(90) Survivor regions: 1->1(7)
[2026-04-03T01:32:37.897+0600][31.843s][info][gc,heap        ] GC(90) Old regions: 14->14
[2026-04-03T01:32:37.897+0600][31.843s][info][gc,heap        ] GC(90) Humongous regions: 0->0
[2026-04-03T01:32:37.897+0600][31.843s][info][gc,metaspace   ] GC(90) Metaspace: 55045K(56128K)->55045K(56128K) NonClass: 46541K(47232K)->46541K(47232K) Class: 8504K(8896K)->8504K(8896K)
[2026-04-03T01:32:37.897+0600][31.843s][info][gc             ] GC(90) Pause Young (Normal) (G1 Evacuation Pause) 127M->19M(186M) 2.409ms
[2026-04-03T01:32:37.897+0600][31.843s][info][gc,cpu         ] GC(90) User=0.01s Sys=0.00s Real=0.00s
[2026-04-03T01:32:38.044+0600][31.990s][info][gc,start       ] GC(91) Pause Young (Normal) (G1 Evacuation Pause)
[2026-04-03T01:32:38.044+0600][31.990s][info][gc,task        ] GC(91) Using 10 workers of 10 for evacuation
[2026-04-03T01:32:38.046+0600][31.992s][info][gc,phases      ] GC(91)   Pre Evacuate Collection Set: 0.16ms
[2026-04-03T01:32:38.046+0600][31.993s][info][gc,phases      ] GC(91)   Merge Heap Roots: 0.11ms
[2026-04-03T01:32:38.046+0600][31.993s][info][gc,phases      ] GC(91)   Evacuate Collection Set: 0.98ms
[2026-04-03T01:32:38.046+0600][31.993s][info][gc,phases      ] GC(91)   Post Evacuate Collection Set: 0.58ms
[2026-04-03T01:32:38.046+0600][31.993s][info][gc,phases      ] GC(91)   Other: 0.13ms
[2026-04-03T01:32:38.046+0600][31.993s][info][gc,heap        ] GC(91) Eden regions: 54->0(54)
[2026-04-03T01:32:38.046+0600][31.993s][info][gc,heap        ] GC(91) Survivor regions: 1->1(7)
[2026-04-03T01:32:38.046+0600][31.993s][info][gc,heap        ] GC(91) Old regions: 14->14
[2026-04-03T01:32:38.046+0600][31.993s][info][gc,heap        ] GC(91) Humongous regions: 0->0
[2026-04-03T01:32:38.046+0600][31.993s][info][gc,metaspace   ] GC(91) Metaspace: 55045K(56128K)->55045K(56128K) NonClass: 46541K(47232K)->46541K(47232K) Class: 8504K(8896K)->8504K(8896K)
[2026-04-03T01:32:38.046+0600][31.993s][info][gc             ] GC(91) Pause Young (Normal) (G1 Evacuation Pause) 127M->19M(186M) 2.269ms
[2026-04-03T01:32:38.047+0600][31.993s][info][gc,cpu         ] GC(91) User=0.01s Sys=0.00s Real=0.00s
[2026-04-03T01:32:38.207+0600][32.153s][info][gc,start       ] GC(92) Pause Young (Normal) (G1 Evacuation Pause)
[2026-04-03T01:32:38.207+0600][32.153s][info][gc,task        ] GC(92) Using 10 workers of 10 for evacuation
[2026-04-03T01:32:38.209+0600][32.156s][info][gc,phases      ] GC(92)   Pre Evacuate Collection Set: 0.21ms
[2026-04-03T01:32:38.209+0600][32.156s][info][gc,phases      ] GC(92)   Merge Heap Roots: 0.15ms
[2026-04-03T01:32:38.209+0600][32.156s][info][gc,phases      ] GC(92)   Evacuate Collection Set: 1.07ms
[2026-04-03T01:32:38.209+0600][32.156s][info][gc,phases      ] GC(92)   Post Evacuate Collection Set: 0.70ms
[2026-04-03T01:32:38.209+0600][32.156s][info][gc,phases      ] GC(92)   Other: 0.12ms
[2026-04-03T01:32:38.210+0600][32.156s][info][gc,heap        ] GC(92) Eden regions: 54->0(66)
[2026-04-03T01:32:38.210+0600][32.156s][info][gc,heap        ] GC(92) Survivor regions: 1->1(7)
[2026-04-03T01:32:38.210+0600][32.156s][info][gc,heap        ] GC(92) Old regions: 14->14
[2026-04-03T01:32:38.210+0600][32.156s][info][gc,heap        ] GC(92) Humongous regions: 0->0
[2026-04-03T01:32:38.210+0600][32.156s][info][gc,metaspace   ] GC(92) Metaspace: 55045K(56128K)->55045K(56128K) NonClass: 46541K(47232K)->46541K(47232K) Class: 8504K(8896K)->8504K(8896K)
[2026-04-03T01:32:38.210+0600][32.156s][info][gc             ] GC(92) Pause Young (Normal) (G1 Evacuation Pause) 127M->19M(224M) 2.606ms
[2026-04-03T01:32:38.210+0600][32.156s][info][gc,cpu         ] GC(92) User=0.01s Sys=0.00s Real=0.00s
[2026-04-03T01:32:38.421+0600][32.368s][info][gc,start       ] GC(93) Pause Young (Normal) (G1 Evacuation Pause)
[2026-04-03T01:32:38.422+0600][32.368s][info][gc,task        ] GC(93) Using 10 workers of 10 for evacuation
[2026-04-03T01:32:38.423+0600][32.369s][info][gc,phases      ] GC(93)   Pre Evacuate Collection Set: 0.19ms
[2026-04-03T01:32:38.423+0600][32.369s][info][gc,phases      ] GC(93)   Merge Heap Roots: 0.14ms
[2026-04-03T01:32:38.423+0600][32.369s][info][gc,phases      ] GC(93)   Evacuate Collection Set: 0.87ms
[2026-04-03T01:32:38.423+0600][32.369s][info][gc,phases      ] GC(93)   Post Evacuate Collection Set: 0.37ms
[2026-04-03T01:32:38.423+0600][32.369s][info][gc,phases      ] GC(93)   Other: 0.10ms
[2026-04-03T01:32:38.423+0600][32.369s][info][gc,heap        ] GC(93) Eden regions: 66->0(66)
[2026-04-03T01:32:38.423+0600][32.369s][info][gc,heap        ] GC(93) Survivor regions: 1->1(9)
[2026-04-03T01:32:38.423+0600][32.369s][info][gc,heap        ] GC(93) Old regions: 14->14
[2026-04-03T01:32:38.423+0600][32.369s][info][gc,heap        ] GC(93) Humongous regions: 0->0
[2026-04-03T01:32:38.423+0600][32.369s][info][gc,metaspace   ] GC(93) Metaspace: 55045K(56128K)->55045K(56128K) NonClass: 46541K(47232K)->46541K(47232K) Class: 8504K(8896K)->8504K(8896K)
[2026-04-03T01:32:38.423+0600][32.369s][info][gc             ] GC(93) Pause Young (Normal) (G1 Evacuation Pause) 151M->19M(224M) 1.924ms
[2026-04-03T01:32:38.423+0600][32.370s][info][gc,cpu         ] GC(93) User=0.01s Sys=0.00s Real=0.00s
[2026-04-03T01:32:38.611+0600][32.557s][info][gc,start       ] GC(94) Pause Young (Normal) (G1 Evacuation Pause)
[2026-04-03T01:32:38.611+0600][32.557s][info][gc,task        ] GC(94) Using 10 workers of 10 for evacuation
[2026-04-03T01:32:38.613+0600][32.559s][info][gc,phases      ] GC(94)   Pre Evacuate Collection Set: 0.17ms
[2026-04-03T01:32:38.613+0600][32.559s][info][gc,phases      ] GC(94)   Merge Heap Roots: 0.14ms
[2026-04-03T01:32:38.613+0600][32.559s][info][gc,phases      ] GC(94)   Evacuate Collection Set: 0.97ms
[2026-04-03T01:32:38.613+0600][32.559s][info][gc,phases      ] GC(94)   Post Evacuate Collection Set: 0.45ms
[2026-04-03T01:32:38.613+0600][32.559s][info][gc,phases      ] GC(94)   Other: 0.10ms
[2026-04-03T01:32:38.613+0600][32.559s][info][gc,heap        ] GC(94) Eden regions: 66->0(66)
[2026-04-03T01:32:38.613+0600][32.559s][info][gc,heap        ] GC(94) Survivor regions: 1->1(9)
[2026-04-03T01:32:38.613+0600][32.559s][info][gc,heap        ] GC(94) Old regions: 14->14
[2026-04-03T01:32:38.613+0600][32.559s][info][gc,heap        ] GC(94) Humongous regions: 0->0
[2026-04-03T01:32:38.613+0600][32.559s][info][gc,metaspace   ] GC(94) Metaspace: 55045K(56128K)->55045K(56128K) NonClass: 46541K(47232K)->46541K(47232K) Class: 8504K(8896K)->8504K(8896K)
[2026-04-03T01:32:38.613+0600][32.559s][info][gc             ] GC(94) Pause Young (Normal) (G1 Evacuation Pause) 151M->19M(224M) 2.134ms
[2026-04-03T01:32:38.613+0600][32.559s][info][gc,cpu         ] GC(94) User=0.01s Sys=0.00s Real=0.00s
[2026-04-03T01:32:38.824+0600][32.770s][info][gc,start       ] GC(95) Pause Young (Normal) (G1 Evacuation Pause)
[2026-04-03T01:32:38.824+0600][32.770s][info][gc,task        ] GC(95) Using 10 workers of 10 for evacuation
[2026-04-03T01:32:38.826+0600][32.772s][info][gc,phases      ] GC(95)   Pre Evacuate Collection Set: 0.31ms
[2026-04-03T01:32:38.826+0600][32.772s][info][gc,phases      ] GC(95)   Merge Heap Roots: 0.16ms
[2026-04-03T01:32:38.826+0600][32.772s][info][gc,phases      ] GC(95)   Evacuate Collection Set: 0.94ms
[2026-04-03T01:32:38.826+0600][32.772s][info][gc,phases      ] GC(95)   Post Evacuate Collection Set: 0.59ms
[2026-04-03T01:32:38.826+0600][32.772s][info][gc,phases      ] GC(95)   Other: 0.13ms
[2026-04-03T01:32:38.826+0600][32.772s][info][gc,heap        ] GC(95) Eden regions: 66->0(66)
[2026-04-03T01:32:38.826+0600][32.772s][info][gc,heap        ] GC(95) Survivor regions: 1->1(9)
[2026-04-03T01:32:38.826+0600][32.772s][info][gc,heap        ] GC(95) Old regions: 14->14
[2026-04-03T01:32:38.826+0600][32.772s][info][gc,heap        ] GC(95) Humongous regions: 0->0
[2026-04-03T01:32:38.826+0600][32.772s][info][gc,metaspace   ] GC(95) Metaspace: 55045K(56128K)->55045K(56128K) NonClass: 46541K(47232K)->46541K(47232K) Class: 8504K(8896K)->8504K(8896K)
[2026-04-03T01:32:38.826+0600][32.772s][info][gc             ] GC(95) Pause Young (Normal) (G1 Evacuation Pause) 151M->19M(224M) 2.505ms
[2026-04-03T01:32:38.826+0600][32.772s][info][gc,cpu         ] GC(95) User=0.02s Sys=0.00s Real=0.00s
[2026-04-03T01:32:39.024+0600][32.971s][info][gc,start       ] GC(96) Pause Young (Normal) (G1 Evacuation Pause)
[2026-04-03T01:32:39.025+0600][32.971s][info][gc,task        ] GC(96) Using 10 workers of 10 for evacuation
[2026-04-03T01:32:39.026+0600][32.973s][info][gc,phases      ] GC(96)   Pre Evacuate Collection Set: 0.26ms
[2026-04-03T01:32:39.027+0600][32.974s][info][gc,phases      ] GC(96)   Merge Heap Roots: 0.17ms
[2026-04-03T01:32:39.027+0600][32.974s][info][gc,phases      ] GC(96)   Evacuate Collection Set: 0.89ms
[2026-04-03T01:32:39.027+0600][32.974s][info][gc,phases      ] GC(96)   Post Evacuate Collection Set: 0.43ms
[2026-04-03T01:32:39.027+0600][32.974s][info][gc,phases      ] GC(96)   Other: 0.12ms
[2026-04-03T01:32:39.027+0600][32.974s][info][gc,heap        ] GC(96) Eden regions: 66->0(66)
[2026-04-03T01:32:39.027+0600][32.974s][info][gc,heap        ] GC(96) Survivor regions: 1->1(9)
[2026-04-03T01:32:39.027+0600][32.974s][info][gc,heap        ] GC(96) Old regions: 14->14
[2026-04-03T01:32:39.027+0600][32.974s][info][gc,heap        ] GC(96) Humongous regions: 0->0
[2026-04-03T01:32:39.027+0600][32.974s][info][gc,metaspace   ] GC(96) Metaspace: 55045K(56128K)->55045K(56128K) NonClass: 46541K(47232K)->46541K(47232K) Class: 8504K(8896K)->8504K(8896K)
[2026-04-03T01:32:39.027+0600][32.974s][info][gc             ] GC(96) Pause Young (Normal) (G1 Evacuation Pause) 151M->19M(224M) 3.026ms
[2026-04-03T01:32:39.028+0600][32.974s][info][gc,cpu         ] GC(96) User=0.01s Sys=0.00s Real=0.00s
[2026-04-03T01:32:39.219+0600][33.165s][info][gc,start       ] GC(97) Pause Young (Normal) (G1 Evacuation Pause)
[2026-04-03T01:32:39.219+0600][33.165s][info][gc,task        ] GC(97) Using 10 workers of 10 for evacuation
[2026-04-03T01:32:39.221+0600][33.167s][info][gc,phases      ] GC(97)   Pre Evacuate Collection Set: 0.18ms
[2026-04-03T01:32:39.221+0600][33.167s][info][gc,phases      ] GC(97)   Merge Heap Roots: 0.14ms
[2026-04-03T01:32:39.221+0600][33.167s][info][gc,phases      ] GC(97)   Evacuate Collection Set: 1.05ms
[2026-04-03T01:32:39.221+0600][33.167s][info][gc,phases      ] GC(97)   Post Evacuate Collection Set: 0.37ms
[2026-04-03T01:32:39.221+0600][33.167s][info][gc,phases      ] GC(97)   Other: 0.10ms
[2026-04-03T01:32:39.221+0600][33.167s][info][gc,heap        ] GC(97) Eden regions: 66->0(66)
[2026-04-03T01:32:39.221+0600][33.167s][info][gc,heap        ] GC(97) Survivor regions: 1->1(9)
[2026-04-03T01:32:39.221+0600][33.167s][info][gc,heap        ] GC(97) Old regions: 14->14
[2026-04-03T01:32:39.221+0600][33.167s][info][gc,heap        ] GC(97) Humongous regions: 0->0
[2026-04-03T01:32:39.221+0600][33.167s][info][gc,metaspace   ] GC(97) Metaspace: 55045K(56128K)->55045K(56128K) NonClass: 46541K(47232K)->46541K(47232K) Class: 8504K(8896K)->8504K(8896K)
[2026-04-03T01:32:39.221+0600][33.167s][info][gc             ] GC(97) Pause Young (Normal) (G1 Evacuation Pause) 151M->19M(224M) 2.159ms
[2026-04-03T01:32:39.221+0600][33.168s][info][gc,cpu         ] GC(97) User=0.00s Sys=0.00s Real=0.01s
[2026-04-03T01:32:39.408+0600][33.354s][info][gc,start       ] GC(98) Pause Young (Normal) (G1 Evacuation Pause)
[2026-04-03T01:32:39.408+0600][33.354s][info][gc,task        ] GC(98) Using 10 workers of 10 for evacuation
[2026-04-03T01:32:39.410+0600][33.356s][info][gc,phases      ] GC(98)   Pre Evacuate Collection Set: 0.18ms
[2026-04-03T01:32:39.410+0600][33.356s][info][gc,phases      ] GC(98)   Merge Heap Roots: 0.12ms
[2026-04-03T01:32:39.410+0600][33.356s][info][gc,phases      ] GC(98)   Evacuate Collection Set: 0.78ms
[2026-04-03T01:32:39.410+0600][33.356s][info][gc,phases      ] GC(98)   Post Evacuate Collection Set: 0.33ms
[2026-04-03T01:32:39.410+0600][33.356s][info][gc,phases      ] GC(98)   Other: 0.09ms
[2026-04-03T01:32:39.410+0600][33.356s][info][gc,heap        ] GC(98) Eden regions: 66->0(66)
[2026-04-03T01:32:39.410+0600][33.356s][info][gc,heap        ] GC(98) Survivor regions: 1->1(9)
[2026-04-03T01:32:39.410+0600][33.356s][info][gc,heap        ] GC(98) Old regions: 14->14
[2026-04-03T01:32:39.410+0600][33.356s][info][gc,heap        ] GC(98) Humongous regions: 0->0
[2026-04-03T01:32:39.410+0600][33.356s][info][gc,metaspace   ] GC(98) Metaspace: 55045K(56128K)->55045K(56128K) NonClass: 46541K(47232K)->46541K(47232K) Class: 8504K(8896K)->8504K(8896K)
[2026-04-03T01:32:39.410+0600][33.356s][info][gc             ] GC(98) Pause Young (Normal) (G1 Evacuation Pause) 151M->19M(224M) 1.807ms
[2026-04-03T01:32:39.410+0600][33.356s][info][gc,cpu         ] GC(98) User=0.01s Sys=0.00s Real=0.01s
[2026-04-03T01:32:39.595+0600][33.541s][info][gc,start       ] GC(99) Pause Young (Normal) (G1 Evacuation Pause)
[2026-04-03T01:32:39.595+0600][33.542s][info][gc,task        ] GC(99) Using 10 workers of 10 for evacuation
[2026-04-03T01:32:39.597+0600][33.543s][info][gc,phases      ] GC(99)   Pre Evacuate Collection Set: 0.18ms
[2026-04-03T01:32:39.597+0600][33.543s][info][gc,phases      ] GC(99)   Merge Heap Roots: 0.14ms
[2026-04-03T01:32:39.597+0600][33.543s][info][gc,phases      ] GC(99)   Evacuate Collection Set: 0.75ms
[2026-04-03T01:32:39.597+0600][33.543s][info][gc,phases      ] GC(99)   Post Evacuate Collection Set: 0.33ms
[2026-04-03T01:32:39.597+0600][33.543s][info][gc,phases      ] GC(99)   Other: 0.09ms
[2026-04-03T01:32:39.597+0600][33.543s][info][gc,heap        ] GC(99) Eden regions: 66->0(66)
[2026-04-03T01:32:39.597+0600][33.543s][info][gc,heap        ] GC(99) Survivor regions: 1->1(9)
[2026-04-03T01:32:39.597+0600][33.543s][info][gc,heap        ] GC(99) Old regions: 14->14
[2026-04-03T01:32:39.597+0600][33.543s][info][gc,heap        ] GC(99) Humongous regions: 0->0
[2026-04-03T01:32:39.597+0600][33.543s][info][gc,metaspace   ] GC(99) Metaspace: 55045K(56128K)->55045K(56128K) NonClass: 46541K(47232K)->46541K(47232K) Class: 8504K(8896K)->8504K(8896K)
[2026-04-03T01:32:39.597+0600][33.543s][info][gc             ] GC(99) Pause Young (Normal) (G1 Evacuation Pause) 151M->19M(224M) 1.758ms
[2026-04-03T01:32:39.597+0600][33.543s][info][gc,cpu         ] GC(99) User=0.01s Sys=0.00s Real=0.00s
[2026-04-03T01:32:39.794+0600][33.741s][info][gc,start       ] GC(100) Pause Young (Normal) (G1 Evacuation Pause)
[2026-04-03T01:32:39.794+0600][33.741s][info][gc,task        ] GC(100) Using 10 workers of 10 for evacuation
[2026-04-03T01:32:39.796+0600][33.742s][info][gc,phases      ] GC(100)   Pre Evacuate Collection Set: 0.19ms
[2026-04-03T01:32:39.796+0600][33.742s][info][gc,phases      ] GC(100)   Merge Heap Roots: 0.13ms
[2026-04-03T01:32:39.796+0600][33.742s][info][gc,phases      ] GC(100)   Evacuate Collection Set: 0.86ms
[2026-04-03T01:32:39.796+0600][33.742s][info][gc,phases      ] GC(100)   Post Evacuate Collection Set: 0.40ms
[2026-04-03T01:32:39.796+0600][33.742s][info][gc,phases      ] GC(100)   Other: 0.09ms
[2026-04-03T01:32:39.796+0600][33.742s][info][gc,heap        ] GC(100) Eden regions: 66->0(66)
[2026-04-03T01:32:39.796+0600][33.742s][info][gc,heap        ] GC(100) Survivor regions: 1->1(9)
[2026-04-03T01:32:39.796+0600][33.742s][info][gc,heap        ] GC(100) Old regions: 14->14
[2026-04-03T01:32:39.796+0600][33.742s][info][gc,heap        ] GC(100) Humongous regions: 0->0
[2026-04-03T01:32:39.796+0600][33.742s][info][gc,metaspace   ] GC(100) Metaspace: 55045K(56128K)->55045K(56128K) NonClass: 46541K(47232K)->46541K(47232K) Class: 8504K(8896K)->8504K(8896K)
[2026-04-03T01:32:39.796+0600][33.742s][info][gc             ] GC(100) Pause Young (Normal) (G1 Evacuation Pause) 151M->19M(224M) 1.953ms
[2026-04-03T01:32:39.796+0600][33.743s][info][gc,cpu         ] GC(100) User=0.01s Sys=0.01s Real=0.00s
[2026-04-03T01:32:40.006+0600][33.953s][info][gc,start       ] GC(101) Pause Young (Normal) (G1 Evacuation Pause)
[2026-04-03T01:32:40.007+0600][33.953s][info][gc,task        ] GC(101) Using 10 workers of 10 for evacuation
[2026-04-03T01:32:40.009+0600][33.955s][info][gc,phases      ] GC(101)   Pre Evacuate Collection Set: 0.35ms
[2026-04-03T01:32:40.009+0600][33.955s][info][gc,phases      ] GC(101)   Merge Heap Roots: 0.21ms
[2026-04-03T01:32:40.009+0600][33.955s][info][gc,phases      ] GC(101)   Evacuate Collection Set: 0.96ms
[2026-04-03T01:32:40.009+0600][33.955s][info][gc,phases      ] GC(101)   Post Evacuate Collection Set: 0.41ms
[2026-04-03T01:32:40.009+0600][33.955s][info][gc,phases      ] GC(101)   Other: 0.12ms
[2026-04-03T01:32:40.009+0600][33.955s][info][gc,heap        ] GC(101) Eden regions: 66->0(66)
[2026-04-03T01:32:40.009+0600][33.955s][info][gc,heap        ] GC(101) Survivor regions: 1->1(9)
[2026-04-03T01:32:40.009+0600][33.955s][info][gc,heap        ] GC(101) Old regions: 14->14
[2026-04-03T01:32:40.009+0600][33.955s][info][gc,heap        ] GC(101) Humongous regions: 0->0
[2026-04-03T01:32:40.009+0600][33.955s][info][gc,metaspace   ] GC(101) Metaspace: 55045K(56128K)->55045K(56128K) NonClass: 46541K(47232K)->46541K(47232K) Class: 8504K(8896K)->8504K(8896K)
[2026-04-03T01:32:40.009+0600][33.955s][info][gc             ] GC(101) Pause Young (Normal) (G1 Evacuation Pause) 151M->19M(224M) 2.434ms
[2026-04-03T01:32:40.009+0600][33.955s][info][gc,cpu         ] GC(101) User=0.01s Sys=0.00s Real=0.00s
[2026-04-03T01:32:40.202+0600][34.148s][info][gc,start       ] GC(102) Pause Young (Normal) (G1 Evacuation Pause)
[2026-04-03T01:32:40.202+0600][34.149s][info][gc,task        ] GC(102) Using 10 workers of 10 for evacuation
[2026-04-03T01:32:40.204+0600][34.150s][info][gc,phases      ] GC(102)   Pre Evacuate Collection Set: 0.16ms
[2026-04-03T01:32:40.204+0600][34.150s][info][gc,phases      ] GC(102)   Merge Heap Roots: 0.14ms
[2026-04-03T01:32:40.204+0600][34.150s][info][gc,phases      ] GC(102)   Evacuate Collection Set: 0.76ms
[2026-04-03T01:32:40.204+0600][34.150s][info][gc,phases      ] GC(102)   Post Evacuate Collection Set: 0.37ms
[2026-04-03T01:32:40.204+0600][34.150s][info][gc,phases      ] GC(102)   Other: 0.09ms
[2026-04-03T01:32:40.204+0600][34.150s][info][gc,heap        ] GC(102) Eden regions: 66->0(66)
[2026-04-03T01:32:40.204+0600][34.150s][info][gc,heap        ] GC(102) Survivor regions: 1->1(9)
[2026-04-03T01:32:40.204+0600][34.150s][info][gc,heap        ] GC(102) Old regions: 14->14
[2026-04-03T01:32:40.204+0600][34.150s][info][gc,heap        ] GC(102) Humongous regions: 0->0
[2026-04-03T01:32:40.204+0600][34.150s][info][gc,metaspace   ] GC(102) Metaspace: 55045K(56128K)->55045K(56128K) NonClass: 46541K(47232K)->46541K(47232K) Class: 8504K(8896K)->8504K(8896K)
[2026-04-03T01:32:40.204+0600][34.150s][info][gc             ] GC(102) Pause Young (Normal) (G1 Evacuation Pause) 151M->19M(224M) 1.799ms
[2026-04-03T01:32:40.204+0600][34.150s][info][gc,cpu         ] GC(102) User=0.01s Sys=0.00s Real=0.00s
[2026-04-03T01:32:40.403+0600][34.349s][info][gc,start       ] GC(103) Pause Young (Normal) (G1 Evacuation Pause)
[2026-04-03T01:32:40.403+0600][34.349s][info][gc,task        ] GC(103) Using 10 workers of 10 for evacuation
[2026-04-03T01:32:40.405+0600][34.351s][info][gc,phases      ] GC(103)   Pre Evacuate Collection Set: 0.21ms
[2026-04-03T01:32:40.405+0600][34.351s][info][gc,phases      ] GC(103)   Merge Heap Roots: 0.13ms
[2026-04-03T01:32:40.405+0600][34.351s][info][gc,phases      ] GC(103)   Evacuate Collection Set: 0.89ms
[2026-04-03T01:32:40.405+0600][34.351s][info][gc,phases      ] GC(103)   Post Evacuate Collection Set: 0.45ms
[2026-04-03T01:32:40.405+0600][34.351s][info][gc,phases      ] GC(103)   Other: 0.11ms
[2026-04-03T01:32:40.405+0600][34.351s][info][gc,heap        ] GC(103) Eden regions: 66->0(66)
[2026-04-03T01:32:40.405+0600][34.351s][info][gc,heap        ] GC(103) Survivor regions: 1->1(9)
[2026-04-03T01:32:40.405+0600][34.351s][info][gc,heap        ] GC(103) Old regions: 14->14
[2026-04-03T01:32:40.405+0600][34.351s][info][gc,heap        ] GC(103) Humongous regions: 0->0
[2026-04-03T01:32:40.405+0600][34.351s][info][gc,metaspace   ] GC(103) Metaspace: 55045K(56128K)->55045K(56128K) NonClass: 46541K(47232K)->46541K(47232K) Class: 8504K(8896K)->8504K(8896K)
[2026-04-03T01:32:40.405+0600][34.351s][info][gc             ] GC(103) Pause Young (Normal) (G1 Evacuation Pause) 151M->19M(224M) 2.101ms
[2026-04-03T01:32:40.405+0600][34.351s][info][gc,cpu         ] GC(103) User=0.01s Sys=0.00s Real=0.00s
[2026-04-03T01:32:40.602+0600][34.548s][info][gc,start       ] GC(104) Pause Young (Normal) (G1 Evacuation Pause)
[2026-04-03T01:32:40.602+0600][34.548s][info][gc,task        ] GC(104) Using 10 workers of 10 for evacuation
[2026-04-03T01:32:40.604+0600][34.550s][info][gc,phases      ] GC(104)   Pre Evacuate Collection Set: 0.17ms
[2026-04-03T01:32:40.604+0600][34.550s][info][gc,phases      ] GC(104)   Merge Heap Roots: 0.11ms
[2026-04-03T01:32:40.604+0600][34.550s][info][gc,phases      ] GC(104)   Evacuate Collection Set: 0.76ms
[2026-04-03T01:32:40.604+0600][34.550s][info][gc,phases      ] GC(104)   Post Evacuate Collection Set: 0.36ms
[2026-04-03T01:32:40.604+0600][34.550s][info][gc,phases      ] GC(104)   Other: 0.09ms
[2026-04-03T01:32:40.604+0600][34.550s][info][gc,heap        ] GC(104) Eden regions: 66->0(66)
[2026-04-03T01:32:40.604+0600][34.550s][info][gc,heap        ] GC(104) Survivor regions: 1->1(9)
[2026-04-03T01:32:40.604+0600][34.550s][info][gc,heap        ] GC(104) Old regions: 14->14
[2026-04-03T01:32:40.604+0600][34.550s][info][gc,heap        ] GC(104) Humongous regions: 0->0
[2026-04-03T01:32:40.604+0600][34.550s][info][gc,metaspace   ] GC(104) Metaspace: 55045K(56128K)->55045K(56128K) NonClass: 46541K(47232K)->46541K(47232K) Class: 8504K(8896K)->8504K(8896K)
[2026-04-03T01:32:40.604+0600][34.550s][info][gc             ] GC(104) Pause Young (Normal) (G1 Evacuation Pause) 151M->19M(224M) 1.789ms
[2026-04-03T01:32:40.604+0600][34.550s][info][gc,cpu         ] GC(104) User=0.01s Sys=0.01s Real=0.00s
[2026-04-03T01:32:40.811+0600][34.757s][info][gc,start       ] GC(105) Pause Young (Normal) (G1 Evacuation Pause)
[2026-04-03T01:32:40.811+0600][34.757s][info][gc,task        ] GC(105) Using 10 workers of 10 for evacuation
[2026-04-03T01:32:40.813+0600][34.759s][info][gc,phases      ] GC(105)   Pre Evacuate Collection Set: 0.18ms
[2026-04-03T01:32:40.813+0600][34.759s][info][gc,phases      ] GC(105)   Merge Heap Roots: 0.13ms
[2026-04-03T01:32:40.813+0600][34.759s][info][gc,phases      ] GC(105)   Evacuate Collection Set: 0.85ms
[2026-04-03T01:32:40.813+0600][34.759s][info][gc,phases      ] GC(105)   Post Evacuate Collection Set: 0.32ms
[2026-04-03T01:32:40.813+0600][34.759s][info][gc,phases      ] GC(105)   Other: 0.10ms
[2026-04-03T01:32:40.813+0600][34.759s][info][gc,heap        ] GC(105) Eden regions: 66->0(66)
[2026-04-03T01:32:40.813+0600][34.759s][info][gc,heap        ] GC(105) Survivor regions: 1->1(9)
[2026-04-03T01:32:40.813+0600][34.759s][info][gc,heap        ] GC(105) Old regions: 14->14
[2026-04-03T01:32:40.813+0600][34.759s][info][gc,heap        ] GC(105) Humongous regions: 0->0
[2026-04-03T01:32:40.813+0600][34.759s][info][gc,metaspace   ] GC(105) Metaspace: 55045K(56128K)->55045K(56128K) NonClass: 46541K(47232K)->46541K(47232K) Class: 8504K(8896K)->8504K(8896K)
[2026-04-03T01:32:40.813+0600][34.759s][info][gc             ] GC(105) Pause Young (Normal) (G1 Evacuation Pause) 151M->19M(224M) 1.877ms
[2026-04-03T01:32:40.813+0600][34.759s][info][gc,cpu         ] GC(105) User=0.01s Sys=0.00s Real=0.00s
[2026-04-03T01:32:40.997+0600][34.943s][info][gc,start       ] GC(106) Pause Young (Normal) (G1 Evacuation Pause)
[2026-04-03T01:32:40.997+0600][34.943s][info][gc,task        ] GC(106) Using 10 workers of 10 for evacuation
[2026-04-03T01:32:40.998+0600][34.945s][info][gc,phases      ] GC(106)   Pre Evacuate Collection Set: 0.17ms
[2026-04-03T01:32:40.999+0600][34.945s][info][gc,phases      ] GC(106)   Merge Heap Roots: 0.13ms
[2026-04-03T01:32:40.999+0600][34.945s][info][gc,phases      ] GC(106)   Evacuate Collection Set: 0.77ms
[2026-04-03T01:32:40.999+0600][34.945s][info][gc,phases      ] GC(106)   Post Evacuate Collection Set: 0.33ms
[2026-04-03T01:32:40.999+0600][34.945s][info][gc,phases      ] GC(106)   Other: 0.09ms
[2026-04-03T01:32:40.999+0600][34.945s][info][gc,heap        ] GC(106) Eden regions: 66->0(66)
[2026-04-03T01:32:40.999+0600][34.945s][info][gc,heap        ] GC(106) Survivor regions: 1->1(9)
[2026-04-03T01:32:40.999+0600][34.945s][info][gc,heap        ] GC(106) Old regions: 14->14
[2026-04-03T01:32:40.999+0600][34.945s][info][gc,heap        ] GC(106) Humongous regions: 0->0
[2026-04-03T01:32:40.999+0600][34.945s][info][gc,metaspace   ] GC(106) Metaspace: 55045K(56128K)->55045K(56128K) NonClass: 46541K(47232K)->46541K(47232K) Class: 8504K(8896K)->8504K(8896K)
[2026-04-03T01:32:40.999+0600][34.945s][info][gc             ] GC(106) Pause Young (Normal) (G1 Evacuation Pause) 151M->19M(224M) 1.795ms
[2026-04-03T01:32:40.999+0600][34.945s][info][gc,cpu         ] GC(106) User=0.01s Sys=0.00s Real=0.00s
[2026-04-03T01:32:41.215+0600][35.161s][info][gc,start       ] GC(107) Pause Young (Normal) (G1 Evacuation Pause)
[2026-04-03T01:32:41.215+0600][35.161s][info][gc,task        ] GC(107) Using 10 workers of 10 for evacuation
[2026-04-03T01:32:41.217+0600][35.163s][info][gc,phases      ] GC(107)   Pre Evacuate Collection Set: 0.18ms
[2026-04-03T01:32:41.217+0600][35.163s][info][gc,phases      ] GC(107)   Merge Heap Roots: 0.15ms
[2026-04-03T01:32:41.217+0600][35.163s][info][gc,phases      ] GC(107)   Evacuate Collection Set: 0.96ms
[2026-04-03T01:32:41.217+0600][35.163s][info][gc,phases      ] GC(107)   Post Evacuate Collection Set: 0.40ms
[2026-04-03T01:32:41.217+0600][35.163s][info][gc,phases      ] GC(107)   Other: 0.09ms
[2026-04-03T01:32:41.217+0600][35.163s][info][gc,heap        ] GC(107) Eden regions: 66->0(66)
[2026-04-03T01:32:41.217+0600][35.163s][info][gc,heap        ] GC(107) Survivor regions: 1->1(9)
[2026-04-03T01:32:41.217+0600][35.163s][info][gc,heap        ] GC(107) Old regions: 14->14
[2026-04-03T01:32:41.217+0600][35.163s][info][gc,heap        ] GC(107) Humongous regions: 0->0
[2026-04-03T01:32:41.217+0600][35.163s][info][gc,metaspace   ] GC(107) Metaspace: 55045K(56128K)->55045K(56128K) NonClass: 46541K(47232K)->46541K(47232K) Class: 8504K(8896K)->8504K(8896K)
[2026-04-03T01:32:41.217+0600][35.163s][info][gc             ] GC(107) Pause Young (Normal) (G1 Evacuation Pause) 151M->19M(224M) 2.092ms
[2026-04-03T01:32:41.217+0600][35.163s][info][gc,cpu         ] GC(107) User=0.01s Sys=0.00s Real=0.00s
[2026-04-03T01:32:41.461+0600][35.407s][info][gc,start       ] GC(108) Pause Young (Normal) (G1 Evacuation Pause)
[2026-04-03T01:32:41.461+0600][35.407s][info][gc,task        ] GC(108) Using 10 workers of 10 for evacuation
[2026-04-03T01:32:41.463+0600][35.409s][info][gc,phases      ] GC(108)   Pre Evacuate Collection Set: 0.18ms
[2026-04-03T01:32:41.463+0600][35.409s][info][gc,phases      ] GC(108)   Merge Heap Roots: 0.15ms
[2026-04-03T01:32:41.463+0600][35.409s][info][gc,phases      ] GC(108)   Evacuate Collection Set: 0.93ms
[2026-04-03T01:32:41.463+0600][35.409s][info][gc,phases      ] GC(108)   Post Evacuate Collection Set: 0.55ms
[2026-04-03T01:32:41.463+0600][35.409s][info][gc,phases      ] GC(108)   Other: 0.10ms
[2026-04-03T01:32:41.463+0600][35.409s][info][gc,heap        ] GC(108) Eden regions: 66->0(66)
[2026-04-03T01:32:41.463+0600][35.409s][info][gc,heap        ] GC(108) Survivor regions: 1->1(9)
[2026-04-03T01:32:41.463+0600][35.409s][info][gc,heap        ] GC(108) Old regions: 14->14
[2026-04-03T01:32:41.463+0600][35.409s][info][gc,heap        ] GC(108) Humongous regions: 0->0
[2026-04-03T01:32:41.463+0600][35.409s][info][gc,metaspace   ] GC(108) Metaspace: 55045K(56128K)->55045K(56128K) NonClass: 46541K(47232K)->46541K(47232K) Class: 8504K(8896K)->8504K(8896K)
[2026-04-03T01:32:41.463+0600][35.409s][info][gc             ] GC(108) Pause Young (Normal) (G1 Evacuation Pause) 151M->19M(224M) 2.243ms
[2026-04-03T01:32:41.463+0600][35.410s][info][gc,cpu         ] GC(108) User=0.01s Sys=0.00s Real=0.00s
[2026-04-03T01:32:41.741+0600][35.687s][info][gc,start       ] GC(109) Pause Young (Normal) (G1 Evacuation Pause)
[2026-04-03T01:32:41.741+0600][35.687s][info][gc,task        ] GC(109) Using 10 workers of 10 for evacuation
[2026-04-03T01:32:41.744+0600][35.690s][info][gc,phases      ] GC(109)   Pre Evacuate Collection Set: 0.27ms
[2026-04-03T01:32:41.744+0600][35.690s][info][gc,phases      ] GC(109)   Merge Heap Roots: 0.22ms
[2026-04-03T01:32:41.744+0600][35.690s][info][gc,phases      ] GC(109)   Evacuate Collection Set: 1.91ms
[2026-04-03T01:32:41.744+0600][35.690s][info][gc,phases      ] GC(109)   Post Evacuate Collection Set: 0.52ms
[2026-04-03T01:32:41.744+0600][35.690s][info][gc,phases      ] GC(109)   Other: 0.16ms
[2026-04-03T01:32:41.744+0600][35.690s][info][gc,heap        ] GC(109) Eden regions: 66->0(66)
[2026-04-03T01:32:41.744+0600][35.690s][info][gc,heap        ] GC(109) Survivor regions: 1->1(9)
[2026-04-03T01:32:41.744+0600][35.690s][info][gc,heap        ] GC(109) Old regions: 14->14
[2026-04-03T01:32:41.744+0600][35.690s][info][gc,heap        ] GC(109) Humongous regions: 0->0
[2026-04-03T01:32:41.744+0600][35.690s][info][gc,metaspace   ] GC(109) Metaspace: 55047K(56128K)->55047K(56128K) NonClass: 46542K(47232K)->46542K(47232K) Class: 8504K(8896K)->8504K(8896K)
[2026-04-03T01:32:41.744+0600][35.690s][info][gc             ] GC(109) Pause Young (Normal) (G1 Evacuation Pause) 151M->19M(224M) 3.492ms
[2026-04-03T01:32:41.744+0600][35.690s][info][gc,cpu         ] GC(109) User=0.01s Sys=0.00s Real=0.00s
[2026-04-03T01:32:41.984+0600][35.930s][info][gc,start       ] GC(110) Pause Young (Normal) (G1 Evacuation Pause)
[2026-04-03T01:32:41.984+0600][35.930s][info][gc,task        ] GC(110) Using 10 workers of 10 for evacuation
[2026-04-03T01:32:41.985+0600][35.932s][info][gc,phases      ] GC(110)   Pre Evacuate Collection Set: 0.20ms
[2026-04-03T01:32:41.985+0600][35.932s][info][gc,phases      ] GC(110)   Merge Heap Roots: 0.14ms
[2026-04-03T01:32:41.985+0600][35.932s][info][gc,phases      ] GC(110)   Evacuate Collection Set: 0.83ms
[2026-04-03T01:32:41.985+0600][35.932s][info][gc,phases      ] GC(110)   Post Evacuate Collection Set: 0.39ms
[2026-04-03T01:32:41.985+0600][35.932s][info][gc,phases      ] GC(110)   Other: 0.10ms
[2026-04-03T01:32:41.985+0600][35.932s][info][gc,heap        ] GC(110) Eden regions: 66->0(66)
[2026-04-03T01:32:41.986+0600][35.932s][info][gc,heap        ] GC(110) Survivor regions: 1->1(9)
[2026-04-03T01:32:41.986+0600][35.932s][info][gc,heap        ] GC(110) Old regions: 14->14
[2026-04-03T01:32:41.986+0600][35.932s][info][gc,heap        ] GC(110) Humongous regions: 0->0
[2026-04-03T01:32:41.986+0600][35.932s][info][gc,metaspace   ] GC(110) Metaspace: 55047K(56128K)->55047K(56128K) NonClass: 46542K(47232K)->46542K(47232K) Class: 8504K(8896K)->8504K(8896K)
[2026-04-03T01:32:41.986+0600][35.932s][info][gc             ] GC(110) Pause Young (Normal) (G1 Evacuation Pause) 151M->19M(224M) 1.969ms
[2026-04-03T01:32:41.986+0600][35.932s][info][gc,cpu         ] GC(110) User=0.01s Sys=0.00s Real=0.00s
[2026-04-03T01:32:42.243+0600][36.189s][info][gc,start       ] GC(111) Pause Young (Normal) (G1 Evacuation Pause)
[2026-04-03T01:32:42.243+0600][36.190s][info][gc,task        ] GC(111) Using 10 workers of 10 for evacuation
[2026-04-03T01:32:42.246+0600][36.192s][info][gc,phases      ] GC(111)   Pre Evacuate Collection Set: 0.39ms
[2026-04-03T01:32:42.246+0600][36.192s][info][gc,phases      ] GC(111)   Merge Heap Roots: 0.23ms
[2026-04-03T01:32:42.246+0600][36.192s][info][gc,phases      ] GC(111)   Evacuate Collection Set: 1.13ms
[2026-04-03T01:32:42.246+0600][36.192s][info][gc,phases      ] GC(111)   Post Evacuate Collection Set: 0.44ms
[2026-04-03T01:32:42.246+0600][36.192s][info][gc,phases      ] GC(111)   Other: 0.15ms
[2026-04-03T01:32:42.246+0600][36.192s][info][gc,heap        ] GC(111) Eden regions: 66->0(66)
[2026-04-03T01:32:42.246+0600][36.192s][info][gc,heap        ] GC(111) Survivor regions: 1->1(9)
[2026-04-03T01:32:42.246+0600][36.192s][info][gc,heap        ] GC(111) Old regions: 14->14
[2026-04-03T01:32:42.246+0600][36.192s][info][gc,heap        ] GC(111) Humongous regions: 0->0
[2026-04-03T01:32:42.246+0600][36.192s][info][gc,metaspace   ] GC(111) Metaspace: 55047K(56128K)->55047K(56128K) NonClass: 46543K(47232K)->46543K(47232K) Class: 8504K(8896K)->8504K(8896K)
[2026-04-03T01:32:42.246+0600][36.192s][info][gc             ] GC(111) Pause Young (Normal) (G1 Evacuation Pause) 151M->19M(224M) 2.685ms
[2026-04-03T01:32:42.246+0600][36.192s][info][gc,cpu         ] GC(111) User=0.02s Sys=0.00s Real=0.00s
[2026-04-03T01:32:42.531+0600][36.477s][info][gc,start       ] GC(112) Pause Young (Normal) (G1 Evacuation Pause)
[2026-04-03T01:32:42.531+0600][36.477s][info][gc,task        ] GC(112) Using 10 workers of 10 for evacuation
[2026-04-03T01:32:42.533+0600][36.479s][info][gc,phases      ] GC(112)   Pre Evacuate Collection Set: 0.22ms
[2026-04-03T01:32:42.533+0600][36.479s][info][gc,phases      ] GC(112)   Merge Heap Roots: 0.12ms
[2026-04-03T01:32:42.533+0600][36.479s][info][gc,phases      ] GC(112)   Evacuate Collection Set: 0.99ms
[2026-04-03T01:32:42.533+0600][36.479s][info][gc,phases      ] GC(112)   Post Evacuate Collection Set: 0.45ms
[2026-04-03T01:32:42.533+0600][36.479s][info][gc,phases      ] GC(112)   Other: 0.12ms
[2026-04-03T01:32:42.533+0600][36.479s][info][gc,heap        ] GC(112) Eden regions: 66->0(66)
[2026-04-03T01:32:42.533+0600][36.479s][info][gc,heap        ] GC(112) Survivor regions: 1->1(9)
[2026-04-03T01:32:42.533+0600][36.479s][info][gc,heap        ] GC(112) Old regions: 14->14
[2026-04-03T01:32:42.533+0600][36.479s][info][gc,heap        ] GC(112) Humongous regions: 0->0
[2026-04-03T01:32:42.533+0600][36.479s][info][gc,metaspace   ] GC(112) Metaspace: 55047K(56128K)->55047K(56128K) NonClass: 46543K(47232K)->46543K(47232K) Class: 8504K(8896K)->8504K(8896K)
[2026-04-03T01:32:42.533+0600][36.479s][info][gc             ] GC(112) Pause Young (Normal) (G1 Evacuation Pause) 151M->19M(224M) 2.221ms
[2026-04-03T01:32:42.533+0600][36.479s][info][gc,cpu         ] GC(112) User=0.01s Sys=0.00s Real=0.00s
[2026-04-03T01:32:42.830+0600][36.776s][info][gc,start       ] GC(113) Pause Young (Normal) (G1 Evacuation Pause)
[2026-04-03T01:32:42.830+0600][36.776s][info][gc,task        ] GC(113) Using 10 workers of 10 for evacuation
[2026-04-03T01:32:42.832+0600][36.778s][info][gc,phases      ] GC(113)   Pre Evacuate Collection Set: 0.22ms
[2026-04-03T01:32:42.832+0600][36.778s][info][gc,phases      ] GC(113)   Merge Heap Roots: 0.15ms
[2026-04-03T01:32:42.832+0600][36.778s][info][gc,phases      ] GC(113)   Evacuate Collection Set: 0.97ms
[2026-04-03T01:32:42.832+0600][36.778s][info][gc,phases      ] GC(113)   Post Evacuate Collection Set: 0.42ms
[2026-04-03T01:32:42.832+0600][36.778s][info][gc,phases      ] GC(113)   Other: 0.10ms
[2026-04-03T01:32:42.832+0600][36.778s][info][gc,heap        ] GC(113) Eden regions: 66->0(66)
[2026-04-03T01:32:42.832+0600][36.778s][info][gc,heap        ] GC(113) Survivor regions: 1->1(9)
[2026-04-03T01:32:42.832+0600][36.778s][info][gc,heap        ] GC(113) Old regions: 14->14
[2026-04-03T01:32:42.832+0600][36.778s][info][gc,heap        ] GC(113) Humongous regions: 0->0
[2026-04-03T01:32:42.832+0600][36.778s][info][gc,metaspace   ] GC(113) Metaspace: 55047K(56128K)->55047K(56128K) NonClass: 46543K(47232K)->46543K(47232K) Class: 8504K(8896K)->8504K(8896K)
[2026-04-03T01:32:42.832+0600][36.778s][info][gc             ] GC(113) Pause Young (Normal) (G1 Evacuation Pause) 151M->19M(224M) 2.164ms
[2026-04-03T01:32:42.832+0600][36.778s][info][gc,cpu         ] GC(113) User=0.01s Sys=0.00s Real=0.00s
[2026-04-03T01:32:43.166+0600][37.112s][info][gc,start       ] GC(114) Pause Young (Normal) (G1 Evacuation Pause)
[2026-04-03T01:32:43.166+0600][37.112s][info][gc,task        ] GC(114) Using 10 workers of 10 for evacuation
[2026-04-03T01:32:43.168+0600][37.115s][info][gc,phases      ] GC(114)   Pre Evacuate Collection Set: 0.23ms
[2026-04-03T01:32:43.169+0600][37.115s][info][gc,phases      ] GC(114)   Merge Heap Roots: 0.15ms
[2026-04-03T01:32:43.169+0600][37.115s][info][gc,phases      ] GC(114)   Evacuate Collection Set: 1.27ms
[2026-04-03T01:32:43.169+0600][37.115s][info][gc,phases      ] GC(114)   Post Evacuate Collection Set: 0.48ms
[2026-04-03T01:32:43.169+0600][37.115s][info][gc,phases      ] GC(114)   Other: 0.11ms
[2026-04-03T01:32:43.169+0600][37.115s][info][gc,heap        ] GC(114) Eden regions: 66->0(66)
[2026-04-03T01:32:43.169+0600][37.115s][info][gc,heap        ] GC(114) Survivor regions: 1->1(9)
[2026-04-03T01:32:43.169+0600][37.115s][info][gc,heap        ] GC(114) Old regions: 14->14
[2026-04-03T01:32:43.169+0600][37.115s][info][gc,heap        ] GC(114) Humongous regions: 0->0
[2026-04-03T01:32:43.169+0600][37.115s][info][gc,metaspace   ] GC(114) Metaspace: 55047K(56128K)->55047K(56128K) NonClass: 46543K(47232K)->46543K(47232K) Class: 8504K(8896K)->8504K(8896K)
[2026-04-03T01:32:43.169+0600][37.115s][info][gc             ] GC(114) Pause Young (Normal) (G1 Evacuation Pause) 151M->19M(224M) 2.580ms
[2026-04-03T01:32:43.169+0600][37.115s][info][gc,cpu         ] GC(114) User=0.01s Sys=0.00s Real=0.00s
[2026-04-03T01:32:43.503+0600][37.449s][info][gc,start       ] GC(115) Pause Young (Normal) (G1 Evacuation Pause)
[2026-04-03T01:32:43.503+0600][37.449s][info][gc,task        ] GC(115) Using 10 workers of 10 for evacuation
[2026-04-03T01:32:43.506+0600][37.452s][info][gc,phases      ] GC(115)   Pre Evacuate Collection Set: 0.26ms
[2026-04-03T01:32:43.506+0600][37.452s][info][gc,phases      ] GC(115)   Merge Heap Roots: 0.19ms
[2026-04-03T01:32:43.506+0600][37.452s][info][gc,phases      ] GC(115)   Evacuate Collection Set: 2.15ms
[2026-04-03T01:32:43.506+0600][37.452s][info][gc,phases      ] GC(115)   Post Evacuate Collection Set: 0.50ms
[2026-04-03T01:32:43.506+0600][37.452s][info][gc,phases      ] GC(115)   Other: 0.12ms
[2026-04-03T01:32:43.506+0600][37.452s][info][gc,heap        ] GC(115) Eden regions: 66->0(66)
[2026-04-03T01:32:43.506+0600][37.452s][info][gc,heap        ] GC(115) Survivor regions: 1->1(9)
[2026-04-03T01:32:43.506+0600][37.452s][info][gc,heap        ] GC(115) Old regions: 14->14
[2026-04-03T01:32:43.506+0600][37.452s][info][gc,heap        ] GC(115) Humongous regions: 0->0
[2026-04-03T01:32:43.506+0600][37.452s][info][gc,metaspace   ] GC(115) Metaspace: 55047K(56128K)->55047K(56128K) NonClass: 46543K(47232K)->46543K(47232K) Class: 8504K(8896K)->8504K(8896K)
[2026-04-03T01:32:43.506+0600][37.452s][info][gc             ] GC(115) Pause Young (Normal) (G1 Evacuation Pause) 151M->19M(224M) 3.593ms
[2026-04-03T01:32:43.506+0600][37.452s][info][gc,cpu         ] GC(115) User=0.02s Sys=0.00s Real=0.00s
[2026-04-03T01:32:43.789+0600][37.735s][info][gc,start       ] GC(116) Pause Young (Normal) (G1 Evacuation Pause)
[2026-04-03T01:32:43.789+0600][37.735s][info][gc,task        ] GC(116) Using 10 workers of 10 for evacuation
[2026-04-03T01:32:43.791+0600][37.737s][info][gc,phases      ] GC(116)   Pre Evacuate Collection Set: 0.21ms
[2026-04-03T01:32:43.791+0600][37.737s][info][gc,phases      ] GC(116)   Merge Heap Roots: 0.15ms
[2026-04-03T01:32:43.791+0600][37.737s][info][gc,phases      ] GC(116)   Evacuate Collection Set: 0.93ms
[2026-04-03T01:32:43.791+0600][37.737s][info][gc,phases      ] GC(116)   Post Evacuate Collection Set: 0.41ms
[2026-04-03T01:32:43.791+0600][37.737s][info][gc,phases      ] GC(116)   Other: 0.11ms
[2026-04-03T01:32:43.791+0600][37.737s][info][gc,heap        ] GC(116) Eden regions: 66->0(66)
[2026-04-03T01:32:43.791+0600][37.737s][info][gc,heap        ] GC(116) Survivor regions: 1->1(9)
[2026-04-03T01:32:43.791+0600][37.737s][info][gc,heap        ] GC(116) Old regions: 14->14
[2026-04-03T01:32:43.791+0600][37.737s][info][gc,heap        ] GC(116) Humongous regions: 0->0
[2026-04-03T01:32:43.791+0600][37.737s][info][gc,metaspace   ] GC(116) Metaspace: 55047K(56128K)->55047K(56128K) NonClass: 46543K(47232K)->46543K(47232K) Class: 8504K(8896K)->8504K(8896K)
[2026-04-03T01:32:43.791+0600][37.737s][info][gc             ] GC(116) Pause Young (Normal) (G1 Evacuation Pause) 151M->19M(224M) 2.172ms
[2026-04-03T01:32:43.791+0600][37.737s][info][gc,cpu         ] GC(116) User=0.02s Sys=0.00s Real=0.01s
[2026-04-03T01:32:44.027+0600][37.974s][info][gc,start       ] GC(117) Pause Young (Normal) (G1 Evacuation Pause)
[2026-04-03T01:32:44.027+0600][37.974s][info][gc,task        ] GC(117) Using 10 workers of 10 for evacuation
[2026-04-03T01:32:44.030+0600][37.976s][info][gc,phases      ] GC(117)   Pre Evacuate Collection Set: 0.25ms
[2026-04-03T01:32:44.030+0600][37.976s][info][gc,phases      ] GC(117)   Merge Heap Roots: 0.17ms
[2026-04-03T01:32:44.030+0600][37.976s][info][gc,phases      ] GC(117)   Evacuate Collection Set: 1.03ms
[2026-04-03T01:32:44.030+0600][37.976s][info][gc,phases      ] GC(117)   Post Evacuate Collection Set: 0.53ms
[2026-04-03T01:32:44.030+0600][37.976s][info][gc,phases      ] GC(117)   Other: 0.13ms
[2026-04-03T01:32:44.030+0600][37.976s][info][gc,heap        ] GC(117) Eden regions: 66->0(66)
[2026-04-03T01:32:44.030+0600][37.976s][info][gc,heap        ] GC(117) Survivor regions: 1->1(9)
[2026-04-03T01:32:44.030+0600][37.976s][info][gc,heap        ] GC(117) Old regions: 14->14
[2026-04-03T01:32:44.030+0600][37.976s][info][gc,heap        ] GC(117) Humongous regions: 0->0
[2026-04-03T01:32:44.030+0600][37.976s][info][gc,metaspace   ] GC(117) Metaspace: 55047K(56128K)->55047K(56128K) NonClass: 46543K(47232K)->46543K(47232K) Class: 8504K(8896K)->8504K(8896K)
[2026-04-03T01:32:44.030+0600][37.976s][info][gc             ] GC(117) Pause Young (Normal) (G1 Evacuation Pause) 151M->19M(224M) 2.562ms
[2026-04-03T01:32:44.030+0600][37.976s][info][gc,cpu         ] GC(117) User=0.01s Sys=0.01s Real=0.01s
[2026-04-03T01:32:44.472+0600][38.418s][info][gc,start       ] GC(118) Pause Full (System.gc())
[2026-04-03T01:32:44.472+0600][38.418s][info][gc,task        ] GC(118) Using 7 workers of 10 for full compaction
[2026-04-03T01:32:44.472+0600][38.419s][info][gc,phases,start] GC(118) Phase 1: Mark live objects
[2026-04-03T01:32:44.513+0600][38.459s][info][gc,phases      ] GC(118) Phase 1: Mark live objects 40.801ms
[2026-04-03T01:32:44.513+0600][38.460s][info][gc,phases,start] GC(118) Phase 2: Prepare compaction
[2026-04-03T01:32:44.515+0600][38.461s][info][gc,phases      ] GC(118) Phase 2: Prepare compaction 1.974ms
[2026-04-03T01:32:44.515+0600][38.462s][info][gc,phases,start] GC(118) Phase 3: Adjust pointers
[2026-04-03T01:32:44.534+0600][38.480s][info][gc,phases      ] GC(118) Phase 3: Adjust pointers 18.659ms
[2026-04-03T01:32:44.534+0600][38.480s][info][gc,phases,start] GC(118) Phase 4: Compact heap
[2026-04-03T01:32:44.536+0600][38.483s][info][gc,phases      ] GC(118) Phase 4: Compact heap 2.300ms
[2026-04-03T01:32:44.537+0600][38.483s][info][gc,phases,start] GC(118) Phase 5: Reset Metadata
[2026-04-03T01:32:44.541+0600][38.487s][info][gc,phases      ] GC(118) Phase 5: Reset Metadata 4.347ms
[2026-04-03T01:32:44.555+0600][38.501s][info][gc,heap        ] GC(118) Eden regions: 53->0(24)
[2026-04-03T01:32:44.555+0600][38.501s][info][gc,heap        ] GC(118) Survivor regions: 1->0(9)
[2026-04-03T01:32:44.555+0600][38.501s][info][gc,heap        ] GC(118) Old regions: 14->12
[2026-04-03T01:32:44.555+0600][38.501s][info][gc,heap        ] GC(118) Humongous regions: 0->0
[2026-04-03T01:32:44.555+0600][38.501s][info][gc,metaspace   ] GC(118) Metaspace: 55082K(56128K)->55074K(56128K) NonClass: 46577K(47232K)->46572K(47232K) Class: 8504K(8896K)->8502K(8896K)
[2026-04-03T01:32:44.555+0600][38.501s][info][gc             ] GC(118) Pause Full (System.gc()) 124M->18M(80M) 82.883ms
[2026-04-03T01:32:44.555+0600][38.501s][info][gc,cpu         ] GC(118) User=0.28s Sys=0.04s Real=0.08s
[2026-04-03T01:32:44.755+0600][38.701s][info][gc,start       ] GC(119) Pause Young (Normal) (G1 Evacuation Pause)
[2026-04-03T01:32:44.755+0600][38.701s][info][gc,task        ] GC(119) Using 10 workers of 10 for evacuation
[2026-04-03T01:32:44.758+0600][38.704s][info][gc,phases      ] GC(119)   Pre Evacuate Collection Set: 0.25ms
[2026-04-03T01:32:44.758+0600][38.704s][info][gc,phases      ] GC(119)   Merge Heap Roots: 0.22ms
[2026-04-03T01:32:44.758+0600][38.704s][info][gc,phases      ] GC(119)   Evacuate Collection Set: 1.78ms
[2026-04-03T01:32:44.758+0600][38.704s][info][gc,phases      ] GC(119)   Post Evacuate Collection Set: 0.67ms
[2026-04-03T01:32:44.758+0600][38.704s][info][gc,phases      ] GC(119)   Other: 0.24ms
[2026-04-03T01:32:44.758+0600][38.704s][info][gc,heap        ] GC(119) Eden regions: 24->0(23)
[2026-04-03T01:32:44.758+0600][38.704s][info][gc,heap        ] GC(119) Survivor regions: 0->1(3)
[2026-04-03T01:32:44.758+0600][38.704s][info][gc,heap        ] GC(119) Old regions: 12->12
[2026-04-03T01:32:44.758+0600][38.704s][info][gc,heap        ] GC(119) Humongous regions: 0->0
[2026-04-03T01:32:44.758+0600][38.704s][info][gc,metaspace   ] GC(119) Metaspace: 55143K(56128K)->55143K(56128K) NonClass: 46641K(47232K)->46641K(47232K) Class: 8502K(8896K)->8502K(8896K)
[2026-04-03T01:32:44.758+0600][38.704s][info][gc             ] GC(119) Pause Young (Normal) (G1 Evacuation Pause) 66M->19M(80M) 3.568ms
[2026-04-03T01:32:44.758+0600][38.704s][info][gc,cpu         ] GC(119) User=0.02s Sys=0.00s Real=0.00s
[2026-04-03T01:32:44.875+0600][38.821s][info][gc,start       ] GC(120) Pause Young (Normal) (G1 Evacuation Pause)
[2026-04-03T01:32:44.875+0600][38.821s][info][gc,task        ] GC(120) Using 10 workers of 10 for evacuation
[2026-04-03T01:32:44.878+0600][38.824s][info][gc,phases      ] GC(120)   Pre Evacuate Collection Set: 0.19ms
[2026-04-03T01:32:44.878+0600][38.824s][info][gc,phases      ] GC(120)   Merge Heap Roots: 0.15ms
[2026-04-03T01:32:44.878+0600][38.824s][info][gc,phases      ] GC(120)   Evacuate Collection Set: 1.68ms
[2026-04-03T01:32:44.878+0600][38.824s][info][gc,phases      ] GC(120)   Post Evacuate Collection Set: 0.52ms
[2026-04-03T01:32:44.878+0600][38.824s][info][gc,phases      ] GC(120)   Other: 0.10ms
[2026-04-03T01:32:44.878+0600][38.824s][info][gc,heap        ] GC(120) Eden regions: 23->0(23)
[2026-04-03T01:32:44.878+0600][38.824s][info][gc,heap        ] GC(120) Survivor regions: 1->1(3)
[2026-04-03T01:32:44.878+0600][38.824s][info][gc,heap        ] GC(120) Old regions: 12->12
[2026-04-03T01:32:44.878+0600][38.824s][info][gc,heap        ] GC(120) Humongous regions: 0->0
[2026-04-03T01:32:44.878+0600][38.824s][info][gc,metaspace   ] GC(120) Metaspace: 55143K(56128K)->55143K(56128K) NonClass: 46641K(47232K)->46641K(47232K) Class: 8502K(8896K)->8502K(8896K)
[2026-04-03T01:32:44.878+0600][38.824s][info][gc             ] GC(120) Pause Young (Normal) (G1 Evacuation Pause) 65M->19M(80M) 2.980ms
[2026-04-03T01:32:44.878+0600][38.824s][info][gc,cpu         ] GC(120) User=0.02s Sys=0.00s Real=0.00s
[2026-04-03T01:32:44.979+0600][38.925s][info][gc,start       ] GC(121) Pause Young (Normal) (G1 Evacuation Pause)
[2026-04-03T01:32:44.979+0600][38.925s][info][gc,task        ] GC(121) Using 10 workers of 10 for evacuation
[2026-04-03T01:32:44.983+0600][38.929s][info][gc,phases      ] GC(121)   Pre Evacuate Collection Set: 0.23ms
[2026-04-03T01:32:44.983+0600][38.929s][info][gc,phases      ] GC(121)   Merge Heap Roots: 0.12ms
[2026-04-03T01:32:44.983+0600][38.929s][info][gc,phases      ] GC(121)   Evacuate Collection Set: 2.50ms
[2026-04-03T01:32:44.983+0600][38.929s][info][gc,phases      ] GC(121)   Post Evacuate Collection Set: 0.74ms
[2026-04-03T01:32:44.983+0600][38.929s][info][gc,phases      ] GC(121)   Other: 0.17ms
[2026-04-03T01:32:44.983+0600][38.929s][info][gc,heap        ] GC(121) Eden regions: 23->0(31)
[2026-04-03T01:32:44.983+0600][38.929s][info][gc,heap        ] GC(121) Survivor regions: 1->1(3)
[2026-04-03T01:32:44.983+0600][38.929s][info][gc,heap        ] GC(121) Old regions: 12->12
[2026-04-03T01:32:44.983+0600][38.929s][info][gc,heap        ] GC(121) Humongous regions: 0->0
[2026-04-03T01:32:44.983+0600][38.929s][info][gc,metaspace   ] GC(121) Metaspace: 55144K(56128K)->55144K(56128K) NonClass: 46641K(47232K)->46641K(47232K) Class: 8502K(8896K)->8502K(8896K)
[2026-04-03T01:32:44.983+0600][38.929s][info][gc             ] GC(121) Pause Young (Normal) (G1 Evacuation Pause) 65M->19M(108M) 4.268ms
[2026-04-03T01:32:44.983+0600][38.929s][info][gc,cpu         ] GC(121) User=0.02s Sys=0.01s Real=0.01s
[2026-04-03T01:32:45.166+0600][39.113s][info][gc,start       ] GC(122) Pause Young (Normal) (G1 Evacuation Pause)
[2026-04-03T01:32:45.167+0600][39.113s][info][gc,task        ] GC(122) Using 10 workers of 10 for evacuation
[2026-04-03T01:32:45.172+0600][39.118s][info][gc,phases      ] GC(122)   Pre Evacuate Collection Set: 0.34ms
[2026-04-03T01:32:45.172+0600][39.118s][info][gc,phases      ] GC(122)   Merge Heap Roots: 0.20ms
[2026-04-03T01:32:45.172+0600][39.118s][info][gc,phases      ] GC(122)   Evacuate Collection Set: 2.92ms
[2026-04-03T01:32:45.172+0600][39.118s][info][gc,phases      ] GC(122)   Post Evacuate Collection Set: 0.68ms
[2026-04-03T01:32:45.172+0600][39.118s][info][gc,phases      ] GC(122)   Other: 1.13ms
[2026-04-03T01:32:45.172+0600][39.118s][info][gc,heap        ] GC(122) Eden regions: 31->0(31)
[2026-04-03T01:32:45.172+0600][39.118s][info][gc,heap        ] GC(122) Survivor regions: 1->1(4)
[2026-04-03T01:32:45.172+0600][39.118s][info][gc,heap        ] GC(122) Old regions: 12->12
[2026-04-03T01:32:45.172+0600][39.118s][info][gc,heap        ] GC(122) Humongous regions: 0->0
[2026-04-03T01:32:45.172+0600][39.118s][info][gc,metaspace   ] GC(122) Metaspace: 55144K(56128K)->55144K(56128K) NonClass: 46641K(47232K)->46641K(47232K) Class: 8502K(8896K)->8502K(8896K)
[2026-04-03T01:32:45.172+0600][39.118s][info][gc             ] GC(122) Pause Young (Normal) (G1 Evacuation Pause) 81M->19M(108M) 5.669ms
[2026-04-03T01:32:45.172+0600][39.118s][info][gc,cpu         ] GC(122) User=0.03s Sys=0.00s Real=0.01s
[2026-04-03T01:32:45.319+0600][39.265s][info][gc,start       ] GC(123) Pause Young (Normal) (G1 Evacuation Pause)
[2026-04-03T01:32:45.319+0600][39.265s][info][gc,task        ] GC(123) Using 10 workers of 10 for evacuation
[2026-04-03T01:32:45.322+0600][39.268s][info][gc,phases      ] GC(123)   Pre Evacuate Collection Set: 0.36ms
[2026-04-03T01:32:45.322+0600][39.268s][info][gc,phases      ] GC(123)   Merge Heap Roots: 0.18ms
[2026-04-03T01:32:45.322+0600][39.268s][info][gc,phases      ] GC(123)   Evacuate Collection Set: 1.78ms
[2026-04-03T01:32:45.322+0600][39.268s][info][gc,phases      ] GC(123)   Post Evacuate Collection Set: 0.51ms
[2026-04-03T01:32:45.322+0600][39.268s][info][gc,phases      ] GC(123)   Other: 0.13ms
[2026-04-03T01:32:45.322+0600][39.268s][info][gc,heap        ] GC(123) Eden regions: 31->0(31)
[2026-04-03T01:32:45.322+0600][39.268s][info][gc,heap        ] GC(123) Survivor regions: 1->1(4)
[2026-04-03T01:32:45.322+0600][39.268s][info][gc,heap        ] GC(123) Old regions: 12->12
[2026-04-03T01:32:45.322+0600][39.268s][info][gc,heap        ] GC(123) Humongous regions: 0->0
[2026-04-03T01:32:45.322+0600][39.268s][info][gc,metaspace   ] GC(123) Metaspace: 55144K(56128K)->55144K(56128K) NonClass: 46641K(47232K)->46641K(47232K) Class: 8502K(8896K)->8502K(8896K)
[2026-04-03T01:32:45.322+0600][39.268s][info][gc             ] GC(123) Pause Young (Normal) (G1 Evacuation Pause) 81M->19M(108M) 3.414ms
[2026-04-03T01:32:45.322+0600][39.268s][info][gc,cpu         ] GC(123) User=0.02s Sys=0.00s Real=0.01s
[2026-04-03T01:32:45.461+0600][39.407s][info][gc,start       ] GC(124) Pause Young (Normal) (G1 Evacuation Pause)
[2026-04-03T01:32:45.461+0600][39.407s][info][gc,task        ] GC(124) Using 10 workers of 10 for evacuation
[2026-04-03T01:32:45.464+0600][39.411s][info][gc,phases      ] GC(124)   Pre Evacuate Collection Set: 0.27ms
[2026-04-03T01:32:45.464+0600][39.411s][info][gc,phases      ] GC(124)   Merge Heap Roots: 0.18ms
[2026-04-03T01:32:45.464+0600][39.411s][info][gc,phases      ] GC(124)   Evacuate Collection Set: 2.09ms
[2026-04-03T01:32:45.464+0600][39.411s][info][gc,phases      ] GC(124)   Post Evacuate Collection Set: 0.66ms
[2026-04-03T01:32:45.464+0600][39.411s][info][gc,phases      ] GC(124)   Other: 0.13ms
[2026-04-03T01:32:45.465+0600][39.411s][info][gc,heap        ] GC(124) Eden regions: 31->0(31)
[2026-04-03T01:32:45.465+0600][39.411s][info][gc,heap        ] GC(124) Survivor regions: 1->1(4)
[2026-04-03T01:32:45.465+0600][39.411s][info][gc,heap        ] GC(124) Old regions: 12->12
[2026-04-03T01:32:45.465+0600][39.411s][info][gc,heap        ] GC(124) Humongous regions: 0->0
[2026-04-03T01:32:45.465+0600][39.411s][info][gc,metaspace   ] GC(124) Metaspace: 55144K(56128K)->55144K(56128K) NonClass: 46641K(47232K)->46641K(47232K) Class: 8502K(8896K)->8502K(8896K)
[2026-04-03T01:32:45.465+0600][39.411s][info][gc             ] GC(124) Pause Young (Normal) (G1 Evacuation Pause) 81M->19M(108M) 3.726ms
[2026-04-03T01:32:45.465+0600][39.411s][info][gc,cpu         ] GC(124) User=0.02s Sys=0.00s Real=0.00s
[2026-04-03T01:32:45.604+0600][39.551s][info][gc,start       ] GC(125) Pause Young (Normal) (G1 Evacuation Pause)
[2026-04-03T01:32:45.605+0600][39.551s][info][gc,task        ] GC(125) Using 10 workers of 10 for evacuation
[2026-04-03T01:32:45.608+0600][39.554s][info][gc,phases      ] GC(125)   Pre Evacuate Collection Set: 0.32ms
[2026-04-03T01:32:45.608+0600][39.554s][info][gc,phases      ] GC(125)   Merge Heap Roots: 0.22ms
[2026-04-03T01:32:45.608+0600][39.554s][info][gc,phases      ] GC(125)   Evacuate Collection Set: 2.05ms
[2026-04-03T01:32:45.608+0600][39.554s][info][gc,phases      ] GC(125)   Post Evacuate Collection Set: 0.76ms
[2026-04-03T01:32:45.608+0600][39.554s][info][gc,phases      ] GC(125)   Other: 0.13ms
[2026-04-03T01:32:45.608+0600][39.554s][info][gc,heap        ] GC(125) Eden regions: 31->0(38)
[2026-04-03T01:32:45.608+0600][39.554s][info][gc,heap        ] GC(125) Survivor regions: 1->1(4)
[2026-04-03T01:32:45.608+0600][39.554s][info][gc,heap        ] GC(125) Old regions: 12->12
[2026-04-03T01:32:45.608+0600][39.554s][info][gc,heap        ] GC(125) Humongous regions: 0->0
[2026-04-03T01:32:45.608+0600][39.554s][info][gc,metaspace   ] GC(125) Metaspace: 55144K(56128K)->55144K(56128K) NonClass: 46641K(47232K)->46641K(47232K) Class: 8502K(8896K)->8502K(8896K)
[2026-04-03T01:32:45.608+0600][39.554s][info][gc             ] GC(125) Pause Young (Normal) (G1 Evacuation Pause) 81M->19M(132M) 3.866ms
[2026-04-03T01:32:45.608+0600][39.555s][info][gc,cpu         ] GC(125) User=0.02s Sys=0.00s Real=0.00s
[2026-04-03T01:32:45.758+0600][39.704s][info][gc,start       ] GC(126) Pause Young (Normal) (G1 Evacuation Pause)
[2026-04-03T01:32:45.758+0600][39.704s][info][gc,task        ] GC(126) Using 10 workers of 10 for evacuation
[2026-04-03T01:32:45.760+0600][39.707s][info][gc,phases      ] GC(126)   Pre Evacuate Collection Set: 0.21ms
[2026-04-03T01:32:45.761+0600][39.707s][info][gc,phases      ] GC(126)   Merge Heap Roots: 0.13ms
[2026-04-03T01:32:45.761+0600][39.707s][info][gc,phases      ] GC(126)   Evacuate Collection Set: 1.52ms
[2026-04-03T01:32:45.761+0600][39.707s][info][gc,phases      ] GC(126)   Post Evacuate Collection Set: 0.47ms
[2026-04-03T01:32:45.761+0600][39.707s][info][gc,phases      ] GC(126)   Other: 0.10ms
[2026-04-03T01:32:45.761+0600][39.707s][info][gc,heap        ] GC(126) Eden regions: 38->0(38)
[2026-04-03T01:32:45.761+0600][39.707s][info][gc,heap        ] GC(126) Survivor regions: 1->1(5)
[2026-04-03T01:32:45.761+0600][39.707s][info][gc,heap        ] GC(126) Old regions: 12->12
[2026-04-03T01:32:45.761+0600][39.707s][info][gc,heap        ] GC(126) Humongous regions: 0->0
[2026-04-03T01:32:45.761+0600][39.707s][info][gc,metaspace   ] GC(126) Metaspace: 55144K(56128K)->55144K(56128K) NonClass: 46641K(47232K)->46641K(47232K) Class: 8502K(8896K)->8502K(8896K)
[2026-04-03T01:32:45.761+0600][39.707s][info][gc             ] GC(126) Pause Young (Normal) (G1 Evacuation Pause) 95M->19M(132M) 2.917ms
[2026-04-03T01:32:45.761+0600][39.707s][info][gc,cpu         ] GC(126) User=0.02s Sys=0.00s Real=0.01s
[2026-04-03T01:32:45.944+0600][39.890s][info][gc,start       ] GC(127) Pause Young (Normal) (G1 Evacuation Pause)
[2026-04-03T01:32:45.945+0600][39.891s][info][gc,task        ] GC(127) Using 10 workers of 10 for evacuation
[2026-04-03T01:32:45.953+0600][39.900s][info][gc,phases      ] GC(127)   Pre Evacuate Collection Set: 0.44ms
[2026-04-03T01:32:45.953+0600][39.900s][info][gc,phases      ] GC(127)   Merge Heap Roots: 0.22ms
[2026-04-03T01:32:45.953+0600][39.900s][info][gc,phases      ] GC(127)   Evacuate Collection Set: 7.06ms
[2026-04-03T01:32:45.953+0600][39.900s][info][gc,phases      ] GC(127)   Post Evacuate Collection Set: 0.99ms
[2026-04-03T01:32:45.954+0600][39.900s][info][gc,phases      ] GC(127)   Other: 0.15ms
[2026-04-03T01:32:45.954+0600][39.900s][info][gc,heap        ] GC(127) Eden regions: 38->0(38)
[2026-04-03T01:32:45.954+0600][39.900s][info][gc,heap        ] GC(127) Survivor regions: 1->1(5)
[2026-04-03T01:32:45.954+0600][39.900s][info][gc,heap        ] GC(127) Old regions: 12->12
[2026-04-03T01:32:45.954+0600][39.900s][info][gc,heap        ] GC(127) Humongous regions: 0->0
[2026-04-03T01:32:45.954+0600][39.900s][info][gc,metaspace   ] GC(127) Metaspace: 55144K(56128K)->55144K(56128K) NonClass: 46641K(47232K)->46641K(47232K) Class: 8502K(8896K)->8502K(8896K)
[2026-04-03T01:32:45.954+0600][39.900s][info][gc             ] GC(127) Pause Young (Normal) (G1 Evacuation Pause) 95M->19M(132M) 9.384ms
[2026-04-03T01:32:45.954+0600][39.900s][info][gc,cpu         ] GC(127) User=0.03s Sys=0.00s Real=0.01s
[2026-04-03T01:32:46.257+0600][40.203s][info][gc,start       ] GC(128) Pause Young (Normal) (G1 Evacuation Pause)
[2026-04-03T01:32:46.257+0600][40.203s][info][gc,task        ] GC(128) Using 10 workers of 10 for evacuation
[2026-04-03T01:32:46.262+0600][40.208s][info][gc,phases      ] GC(128)   Pre Evacuate Collection Set: 0.34ms
[2026-04-03T01:32:46.262+0600][40.208s][info][gc,phases      ] GC(128)   Merge Heap Roots: 0.21ms
[2026-04-03T01:32:46.262+0600][40.208s][info][gc,phases      ] GC(128)   Evacuate Collection Set: 3.17ms
[2026-04-03T01:32:46.262+0600][40.208s][info][gc,phases      ] GC(128)   Post Evacuate Collection Set: 0.52ms
[2026-04-03T01:32:46.262+0600][40.208s][info][gc,phases      ] GC(128)   Other: 0.11ms
[2026-04-03T01:32:46.262+0600][40.208s][info][gc,heap        ] GC(128) Eden regions: 38->0(38)
[2026-04-03T01:32:46.262+0600][40.208s][info][gc,heap        ] GC(128) Survivor regions: 1->1(5)
[2026-04-03T01:32:46.262+0600][40.208s][info][gc,heap        ] GC(128) Old regions: 12->12
[2026-04-03T01:32:46.262+0600][40.208s][info][gc,heap        ] GC(128) Humongous regions: 0->0
[2026-04-03T01:32:46.262+0600][40.208s][info][gc,metaspace   ] GC(128) Metaspace: 55144K(56128K)->55144K(56128K) NonClass: 46641K(47232K)->46641K(47232K) Class: 8502K(8896K)->8502K(8896K)
[2026-04-03T01:32:46.262+0600][40.208s][info][gc             ] GC(128) Pause Young (Normal) (G1 Evacuation Pause) 95M->19M(132M) 4.717ms
[2026-04-03T01:32:46.262+0600][40.208s][info][gc,cpu         ] GC(128) User=0.02s Sys=0.00s Real=0.01s
[2026-04-03T01:32:46.437+0600][40.383s][info][gc,start       ] GC(129) Pause Young (Normal) (G1 Evacuation Pause)
[2026-04-03T01:32:46.437+0600][40.383s][info][gc,task        ] GC(129) Using 10 workers of 10 for evacuation
[2026-04-03T01:32:46.440+0600][40.386s][info][gc,phases      ] GC(129)   Pre Evacuate Collection Set: 0.19ms
[2026-04-03T01:32:46.440+0600][40.386s][info][gc,phases      ] GC(129)   Merge Heap Roots: 0.12ms
[2026-04-03T01:32:46.440+0600][40.386s][info][gc,phases      ] GC(129)   Evacuate Collection Set: 1.59ms
[2026-04-03T01:32:46.440+0600][40.386s][info][gc,phases      ] GC(129)   Post Evacuate Collection Set: 0.66ms
[2026-04-03T01:32:46.440+0600][40.386s][info][gc,phases      ] GC(129)   Other: 0.11ms
[2026-04-03T01:32:46.440+0600][40.386s][info][gc,heap        ] GC(129) Eden regions: 38->0(47)
[2026-04-03T01:32:46.440+0600][40.386s][info][gc,heap        ] GC(129) Survivor regions: 1->1(5)
[2026-04-03T01:32:46.440+0600][40.386s][info][gc,heap        ] GC(129) Old regions: 12->12
[2026-04-03T01:32:46.440+0600][40.386s][info][gc,heap        ] GC(129) Humongous regions: 0->0
[2026-04-03T01:32:46.440+0600][40.386s][info][gc,metaspace   ] GC(129) Metaspace: 55144K(56128K)->55144K(56128K) NonClass: 46641K(47232K)->46641K(47232K) Class: 8502K(8896K)->8502K(8896K)
[2026-04-03T01:32:46.440+0600][40.386s][info][gc             ] GC(129) Pause Young (Normal) (G1 Evacuation Pause) 95M->19M(160M) 3.024ms
[2026-04-03T01:32:46.440+0600][40.386s][info][gc,cpu         ] GC(129) User=0.02s Sys=0.00s Real=0.01s
[2026-04-03T01:32:46.626+0600][40.573s][info][gc,start       ] GC(130) Pause Young (Normal) (G1 Evacuation Pause)
[2026-04-03T01:32:46.627+0600][40.573s][info][gc,task        ] GC(130) Using 10 workers of 10 for evacuation
[2026-04-03T01:32:46.629+0600][40.575s][info][gc,phases      ] GC(130)   Pre Evacuate Collection Set: 0.21ms
[2026-04-03T01:32:46.629+0600][40.575s][info][gc,phases      ] GC(130)   Merge Heap Roots: 0.13ms
[2026-04-03T01:32:46.629+0600][40.575s][info][gc,phases      ] GC(130)   Evacuate Collection Set: 1.44ms
[2026-04-03T01:32:46.629+0600][40.575s][info][gc,phases      ] GC(130)   Post Evacuate Collection Set: 0.45ms
[2026-04-03T01:32:46.629+0600][40.575s][info][gc,phases      ] GC(130)   Other: 0.09ms
[2026-04-03T01:32:46.629+0600][40.575s][info][gc,heap        ] GC(130) Eden regions: 47->0(47)
[2026-04-03T01:32:46.629+0600][40.575s][info][gc,heap        ] GC(130) Survivor regions: 1->1(6)
[2026-04-03T01:32:46.629+0600][40.575s][info][gc,heap        ] GC(130) Old regions: 12->12
[2026-04-03T01:32:46.629+0600][40.575s][info][gc,heap        ] GC(130) Humongous regions: 0->0
[2026-04-03T01:32:46.629+0600][40.575s][info][gc,metaspace   ] GC(130) Metaspace: 55145K(56128K)->55145K(56128K) NonClass: 46642K(47232K)->46642K(47232K) Class: 8502K(8896K)->8502K(8896K)
[2026-04-03T01:32:46.629+0600][40.575s][info][gc             ] GC(130) Pause Young (Normal) (G1 Evacuation Pause) 113M->19M(160M) 2.649ms
[2026-04-03T01:32:46.629+0600][40.575s][info][gc,cpu         ] GC(130) User=0.01s Sys=0.00s Real=0.00s
[2026-04-03T01:32:46.806+0600][40.752s][info][gc,start       ] GC(131) Pause Young (Normal) (G1 Evacuation Pause)
[2026-04-03T01:32:46.806+0600][40.752s][info][gc,task        ] GC(131) Using 10 workers of 10 for evacuation
[2026-04-03T01:32:46.808+0600][40.755s][info][gc,phases      ] GC(131)   Pre Evacuate Collection Set: 0.21ms
[2026-04-03T01:32:46.809+0600][40.755s][info][gc,phases      ] GC(131)   Merge Heap Roots: 0.12ms
[2026-04-03T01:32:46.809+0600][40.755s][info][gc,phases      ] GC(131)   Evacuate Collection Set: 1.71ms
[2026-04-03T01:32:46.809+0600][40.755s][info][gc,phases      ] GC(131)   Post Evacuate Collection Set: 0.47ms
[2026-04-03T01:32:46.809+0600][40.755s][info][gc,phases      ] GC(131)   Other: 0.11ms
[2026-04-03T01:32:46.809+0600][40.755s][info][gc,heap        ] GC(131) Eden regions: 47->0(47)
[2026-04-03T01:32:46.809+0600][40.755s][info][gc,heap        ] GC(131) Survivor regions: 1->1(6)
[2026-04-03T01:32:46.809+0600][40.755s][info][gc,heap        ] GC(131) Old regions: 12->12
[2026-04-03T01:32:46.809+0600][40.755s][info][gc,heap        ] GC(131) Humongous regions: 0->0
[2026-04-03T01:32:46.809+0600][40.755s][info][gc,metaspace   ] GC(131) Metaspace: 55145K(56128K)->55145K(56128K) NonClass: 46642K(47232K)->46642K(47232K) Class: 8502K(8896K)->8502K(8896K)
[2026-04-03T01:32:46.809+0600][40.755s][info][gc             ] GC(131) Pause Young (Normal) (G1 Evacuation Pause) 113M->19M(160M) 2.958ms
[2026-04-03T01:32:46.809+0600][40.755s][info][gc,cpu         ] GC(131) User=0.01s Sys=0.00s Real=0.00s
[2026-04-03T01:32:46.979+0600][40.925s][info][gc,start       ] GC(132) Pause Young (Normal) (G1 Evacuation Pause)
[2026-04-03T01:32:46.979+0600][40.925s][info][gc,task        ] GC(132) Using 10 workers of 10 for evacuation
[2026-04-03T01:32:46.984+0600][40.930s][info][gc,phases      ] GC(132)   Pre Evacuate Collection Set: 0.22ms
[2026-04-03T01:32:46.984+0600][40.930s][info][gc,phases      ] GC(132)   Merge Heap Roots: 0.16ms
[2026-04-03T01:32:46.984+0600][40.930s][info][gc,phases      ] GC(132)   Evacuate Collection Set: 3.35ms
[2026-04-03T01:32:46.984+0600][40.930s][info][gc,phases      ] GC(132)   Post Evacuate Collection Set: 0.67ms
[2026-04-03T01:32:46.984+0600][40.930s][info][gc,phases      ] GC(132)   Other: 0.14ms
[2026-04-03T01:32:46.984+0600][40.930s][info][gc,heap        ] GC(132) Eden regions: 47->0(47)
[2026-04-03T01:32:46.984+0600][40.930s][info][gc,heap        ] GC(132) Survivor regions: 1->1(6)
[2026-04-03T01:32:46.984+0600][40.930s][info][gc,heap        ] GC(132) Old regions: 12->12
[2026-04-03T01:32:46.984+0600][40.930s][info][gc,heap        ] GC(132) Humongous regions: 0->0
[2026-04-03T01:32:46.984+0600][40.930s][info][gc,metaspace   ] GC(132) Metaspace: 55145K(56128K)->55145K(56128K) NonClass: 46642K(47232K)->46642K(47232K) Class: 8502K(8896K)->8502K(8896K)
[2026-04-03T01:32:46.984+0600][40.930s][info][gc             ] GC(132) Pause Young (Normal) (G1 Evacuation Pause) 113M->19M(160M) 5.291ms
[2026-04-03T01:32:46.984+0600][40.930s][info][gc,cpu         ] GC(132) User=0.02s Sys=0.00s Real=0.01s
[2026-04-03T01:32:47.148+0600][41.094s][info][gc,start       ] GC(133) Pause Young (Normal) (G1 Evacuation Pause)
[2026-04-03T01:32:47.148+0600][41.094s][info][gc,task        ] GC(133) Using 10 workers of 10 for evacuation
[2026-04-03T01:32:47.151+0600][41.097s][info][gc,phases      ] GC(133)   Pre Evacuate Collection Set: 0.22ms
[2026-04-03T01:32:47.151+0600][41.097s][info][gc,phases      ] GC(133)   Merge Heap Roots: 0.14ms
[2026-04-03T01:32:47.151+0600][41.097s][info][gc,phases      ] GC(133)   Evacuate Collection Set: 1.49ms
[2026-04-03T01:32:47.151+0600][41.097s][info][gc,phases      ] GC(133)   Post Evacuate Collection Set: 0.98ms
[2026-04-03T01:32:47.151+0600][41.098s][info][gc,phases      ] GC(133)   Other: 0.13ms
[2026-04-03T01:32:47.151+0600][41.098s][info][gc,heap        ] GC(133) Eden regions: 47->0(56)
[2026-04-03T01:32:47.151+0600][41.098s][info][gc,heap        ] GC(133) Survivor regions: 1->1(6)
[2026-04-03T01:32:47.151+0600][41.098s][info][gc,heap        ] GC(133) Old regions: 12->12
[2026-04-03T01:32:47.151+0600][41.098s][info][gc,heap        ] GC(133) Humongous regions: 0->0
[2026-04-03T01:32:47.151+0600][41.098s][info][gc,metaspace   ] GC(133) Metaspace: 55145K(56128K)->55145K(56128K) NonClass: 46642K(47232K)->46642K(47232K) Class: 8502K(8896K)->8502K(8896K)
[2026-04-03T01:32:47.151+0600][41.098s][info][gc             ] GC(133) Pause Young (Normal) (G1 Evacuation Pause) 113M->19M(192M) 3.386ms
[2026-04-03T01:32:47.152+0600][41.098s][info][gc,cpu         ] GC(133) User=0.01s Sys=0.00s Real=0.01s
[2026-04-03T01:32:47.380+0600][41.327s][info][gc,start       ] GC(134) Pause Young (Normal) (G1 Evacuation Pause)
[2026-04-03T01:32:47.380+0600][41.327s][info][gc,task        ] GC(134) Using 10 workers of 10 for evacuation
[2026-04-03T01:32:47.383+0600][41.329s][info][gc,phases      ] GC(134)   Pre Evacuate Collection Set: 0.21ms
[2026-04-03T01:32:47.383+0600][41.329s][info][gc,phases      ] GC(134)   Merge Heap Roots: 0.11ms
[2026-04-03T01:32:47.383+0600][41.329s][info][gc,phases      ] GC(134)   Evacuate Collection Set: 1.59ms
[2026-04-03T01:32:47.383+0600][41.329s][info][gc,phases      ] GC(134)   Post Evacuate Collection Set: 0.34ms
[2026-04-03T01:32:47.383+0600][41.329s][info][gc,phases      ] GC(134)   Other: 0.10ms
[2026-04-03T01:32:47.383+0600][41.329s][info][gc,heap        ] GC(134) Eden regions: 56->0(56)
[2026-04-03T01:32:47.383+0600][41.329s][info][gc,heap        ] GC(134) Survivor regions: 1->1(8)
[2026-04-03T01:32:47.383+0600][41.329s][info][gc,heap        ] GC(134) Old regions: 12->13
[2026-04-03T01:32:47.383+0600][41.329s][info][gc,heap        ] GC(134) Humongous regions: 0->0
[2026-04-03T01:32:47.383+0600][41.329s][info][gc,metaspace   ] GC(134) Metaspace: 55145K(56128K)->55145K(56128K) NonClass: 46642K(47232K)->46642K(47232K) Class: 8502K(8896K)->8502K(8896K)
[2026-04-03T01:32:47.383+0600][41.329s][info][gc             ] GC(134) Pause Young (Normal) (G1 Evacuation Pause) 131M->19M(192M) 2.680ms
[2026-04-03T01:32:47.383+0600][41.329s][info][gc,cpu         ] GC(134) User=0.01s Sys=0.01s Real=0.00s
[2026-04-03T01:32:47.613+0600][41.559s][info][gc,start       ] GC(135) Pause Young (Normal) (G1 Evacuation Pause)
[2026-04-03T01:32:47.613+0600][41.559s][info][gc,task        ] GC(135) Using 10 workers of 10 for evacuation
[2026-04-03T01:32:47.615+0600][41.561s][info][gc,phases      ] GC(135)   Pre Evacuate Collection Set: 0.26ms
[2026-04-03T01:32:47.615+0600][41.561s][info][gc,phases      ] GC(135)   Merge Heap Roots: 0.17ms
[2026-04-03T01:32:47.615+0600][41.561s][info][gc,phases      ] GC(135)   Evacuate Collection Set: 0.93ms
[2026-04-03T01:32:47.615+0600][41.561s][info][gc,phases      ] GC(135)   Post Evacuate Collection Set: 0.46ms
[2026-04-03T01:32:47.615+0600][41.561s][info][gc,phases      ] GC(135)   Other: 0.13ms
[2026-04-03T01:32:47.615+0600][41.561s][info][gc,heap        ] GC(135) Eden regions: 56->0(56)
[2026-04-03T01:32:47.615+0600][41.561s][info][gc,heap        ] GC(135) Survivor regions: 1->1(8)
[2026-04-03T01:32:47.615+0600][41.561s][info][gc,heap        ] GC(135) Old regions: 13->13
[2026-04-03T01:32:47.615+0600][41.561s][info][gc,heap        ] GC(135) Humongous regions: 0->0
[2026-04-03T01:32:47.615+0600][41.561s][info][gc,metaspace   ] GC(135) Metaspace: 55145K(56128K)->55145K(56128K) NonClass: 46642K(47232K)->46642K(47232K) Class: 8502K(8896K)->8502K(8896K)
[2026-04-03T01:32:47.615+0600][41.561s][info][gc             ] GC(135) Pause Young (Normal) (G1 Evacuation Pause) 131M->19M(192M) 2.387ms
[2026-04-03T01:32:47.615+0600][41.562s][info][gc,cpu         ] GC(135) User=0.01s Sys=0.00s Real=0.00s
[2026-04-03T01:32:47.824+0600][41.770s][info][gc,start       ] GC(136) Pause Young (Normal) (G1 Evacuation Pause)
[2026-04-03T01:32:47.824+0600][41.770s][info][gc,task        ] GC(136) Using 10 workers of 10 for evacuation
[2026-04-03T01:32:47.826+0600][41.772s][info][gc,phases      ] GC(136)   Pre Evacuate Collection Set: 0.17ms
[2026-04-03T01:32:47.826+0600][41.772s][info][gc,phases      ] GC(136)   Merge Heap Roots: 0.11ms
[2026-04-03T01:32:47.826+0600][41.772s][info][gc,phases      ] GC(136)   Evacuate Collection Set: 0.85ms
[2026-04-03T01:32:47.826+0600][41.772s][info][gc,phases      ] GC(136)   Post Evacuate Collection Set: 0.35ms
[2026-04-03T01:32:47.826+0600][41.772s][info][gc,phases      ] GC(136)   Other: 0.09ms
[2026-04-03T01:32:47.826+0600][41.772s][info][gc,heap        ] GC(136) Eden regions: 56->0(56)
[2026-04-03T01:32:47.826+0600][41.772s][info][gc,heap        ] GC(136) Survivor regions: 1->1(8)
[2026-04-03T01:32:47.826+0600][41.772s][info][gc,heap        ] GC(136) Old regions: 13->13
[2026-04-03T01:32:47.826+0600][41.772s][info][gc,heap        ] GC(136) Humongous regions: 0->0
[2026-04-03T01:32:47.826+0600][41.772s][info][gc,metaspace   ] GC(136) Metaspace: 55145K(56128K)->55145K(56128K) NonClass: 46642K(47232K)->46642K(47232K) Class: 8502K(8896K)->8502K(8896K)
[2026-04-03T01:32:47.826+0600][41.772s][info][gc             ] GC(136) Pause Young (Normal) (G1 Evacuation Pause) 131M->19M(192M) 1.878ms
[2026-04-03T01:32:47.826+0600][41.772s][info][gc,cpu         ] GC(136) User=0.01s Sys=0.00s Real=0.00s
[2026-04-03T01:32:47.988+0600][41.935s][info][gc,start       ] GC(137) Pause Young (Normal) (G1 Evacuation Pause)
[2026-04-03T01:32:47.989+0600][41.935s][info][gc,task        ] GC(137) Using 10 workers of 10 for evacuation
[2026-04-03T01:32:47.990+0600][41.936s][info][gc,phases      ] GC(137)   Pre Evacuate Collection Set: 0.18ms
[2026-04-03T01:32:47.990+0600][41.936s][info][gc,phases      ] GC(137)   Merge Heap Roots: 0.13ms
[2026-04-03T01:32:47.990+0600][41.936s][info][gc,phases      ] GC(137)   Evacuate Collection Set: 0.74ms
[2026-04-03T01:32:47.990+0600][41.936s][info][gc,phases      ] GC(137)   Post Evacuate Collection Set: 0.33ms
[2026-04-03T01:32:47.990+0600][41.936s][info][gc,phases      ] GC(137)   Other: 0.09ms
[2026-04-03T01:32:47.990+0600][41.936s][info][gc,heap        ] GC(137) Eden regions: 56->0(56)
[2026-04-03T01:32:47.990+0600][41.936s][info][gc,heap        ] GC(137) Survivor regions: 1->1(8)
[2026-04-03T01:32:47.990+0600][41.936s][info][gc,heap        ] GC(137) Old regions: 13->13
[2026-04-03T01:32:47.990+0600][41.936s][info][gc,heap        ] GC(137) Humongous regions: 0->0
[2026-04-03T01:32:47.990+0600][41.936s][info][gc,metaspace   ] GC(137) Metaspace: 55145K(56128K)->55145K(56128K) NonClass: 46642K(47232K)->46642K(47232K) Class: 8502K(8896K)->8502K(8896K)
[2026-04-03T01:32:47.990+0600][41.936s][info][gc             ] GC(137) Pause Young (Normal) (G1 Evacuation Pause) 131M->19M(192M) 1.734ms
[2026-04-03T01:32:47.990+0600][41.936s][info][gc,cpu         ] GC(137) User=0.01s Sys=0.00s Real=0.01s
[2026-04-03T01:32:48.144+0600][42.090s][info][gc,start       ] GC(138) Pause Young (Normal) (G1 Evacuation Pause)
[2026-04-03T01:32:48.144+0600][42.090s][info][gc,task        ] GC(138) Using 10 workers of 10 for evacuation
[2026-04-03T01:32:48.146+0600][42.092s][info][gc,phases      ] GC(138)   Pre Evacuate Collection Set: 0.20ms
[2026-04-03T01:32:48.146+0600][42.092s][info][gc,phases      ] GC(138)   Merge Heap Roots: 0.13ms
[2026-04-03T01:32:48.146+0600][42.092s][info][gc,phases      ] GC(138)   Evacuate Collection Set: 0.73ms
[2026-04-03T01:32:48.146+0600][42.092s][info][gc,phases      ] GC(138)   Post Evacuate Collection Set: 0.38ms
[2026-04-03T01:32:48.146+0600][42.092s][info][gc,phases      ] GC(138)   Other: 0.10ms
[2026-04-03T01:32:48.146+0600][42.092s][info][gc,heap        ] GC(138) Eden regions: 56->0(56)
[2026-04-03T01:32:48.146+0600][42.092s][info][gc,heap        ] GC(138) Survivor regions: 1->1(8)
[2026-04-03T01:32:48.146+0600][42.092s][info][gc,heap        ] GC(138) Old regions: 13->13
[2026-04-03T01:32:48.146+0600][42.092s][info][gc,heap        ] GC(138) Humongous regions: 0->0
[2026-04-03T01:32:48.146+0600][42.092s][info][gc,metaspace   ] GC(138) Metaspace: 55145K(56128K)->55145K(56128K) NonClass: 46642K(47232K)->46642K(47232K) Class: 8502K(8896K)->8502K(8896K)
[2026-04-03T01:32:48.146+0600][42.092s][info][gc             ] GC(138) Pause Young (Normal) (G1 Evacuation Pause) 131M->19M(192M) 1.968ms
[2026-04-03T01:32:48.146+0600][42.092s][info][gc,cpu         ] GC(138) User=0.01s Sys=0.00s Real=0.00s
[2026-04-03T01:32:48.295+0600][42.241s][info][gc,start       ] GC(139) Pause Young (Normal) (G1 Evacuation Pause)
[2026-04-03T01:32:48.295+0600][42.242s][info][gc,task        ] GC(139) Using 10 workers of 10 for evacuation
[2026-04-03T01:32:48.297+0600][42.243s][info][gc,phases      ] GC(139)   Pre Evacuate Collection Set: 0.18ms
[2026-04-03T01:32:48.297+0600][42.243s][info][gc,phases      ] GC(139)   Merge Heap Roots: 0.14ms
[2026-04-03T01:32:48.297+0600][42.243s][info][gc,phases      ] GC(139)   Evacuate Collection Set: 0.77ms
[2026-04-03T01:32:48.297+0600][42.243s][info][gc,phases      ] GC(139)   Post Evacuate Collection Set: 0.37ms
[2026-04-03T01:32:48.297+0600][42.243s][info][gc,phases      ] GC(139)   Other: 0.09ms
[2026-04-03T01:32:48.297+0600][42.243s][info][gc,heap        ] GC(139) Eden regions: 56->0(56)
[2026-04-03T01:32:48.297+0600][42.243s][info][gc,heap        ] GC(139) Survivor regions: 1->1(8)
[2026-04-03T01:32:48.297+0600][42.243s][info][gc,heap        ] GC(139) Old regions: 13->13
[2026-04-03T01:32:48.297+0600][42.243s][info][gc,heap        ] GC(139) Humongous regions: 0->0
[2026-04-03T01:32:48.297+0600][42.243s][info][gc,metaspace   ] GC(139) Metaspace: 55145K(56128K)->55145K(56128K) NonClass: 46642K(47232K)->46642K(47232K) Class: 8502K(8896K)->8502K(8896K)
[2026-04-03T01:32:48.297+0600][42.243s][info][gc             ] GC(139) Pause Young (Normal) (G1 Evacuation Pause) 131M->19M(192M) 1.822ms
[2026-04-03T01:32:48.297+0600][42.243s][info][gc,cpu         ] GC(139) User=0.00s Sys=0.01s Real=0.00s
[2026-04-03T01:32:48.464+0600][42.410s][info][gc,start       ] GC(140) Pause Young (Normal) (G1 Evacuation Pause)
[2026-04-03T01:32:48.464+0600][42.410s][info][gc,task        ] GC(140) Using 10 workers of 10 for evacuation
[2026-04-03T01:32:48.466+0600][42.412s][info][gc,phases      ] GC(140)   Pre Evacuate Collection Set: 0.20ms
[2026-04-03T01:32:48.466+0600][42.412s][info][gc,phases      ] GC(140)   Merge Heap Roots: 0.14ms
[2026-04-03T01:32:48.466+0600][42.412s][info][gc,phases      ] GC(140)   Evacuate Collection Set: 0.80ms
[2026-04-03T01:32:48.466+0600][42.412s][info][gc,phases      ] GC(140)   Post Evacuate Collection Set: 0.35ms
[2026-04-03T01:32:48.466+0600][42.412s][info][gc,phases      ] GC(140)   Other: 0.10ms
[2026-04-03T01:32:48.466+0600][42.412s][info][gc,heap        ] GC(140) Eden regions: 56->0(56)
[2026-04-03T01:32:48.466+0600][42.412s][info][gc,heap        ] GC(140) Survivor regions: 1->1(8)
[2026-04-03T01:32:48.466+0600][42.412s][info][gc,heap        ] GC(140) Old regions: 13->13
[2026-04-03T01:32:48.466+0600][42.412s][info][gc,heap        ] GC(140) Humongous regions: 0->0
[2026-04-03T01:32:48.466+0600][42.412s][info][gc,metaspace   ] GC(140) Metaspace: 55145K(56128K)->55145K(56128K) NonClass: 46642K(47232K)->46642K(47232K) Class: 8502K(8896K)->8502K(8896K)
[2026-04-03T01:32:48.466+0600][42.412s][info][gc             ] GC(140) Pause Young (Normal) (G1 Evacuation Pause) 131M->19M(192M) 1.913ms
[2026-04-03T01:32:48.466+0600][42.412s][info][gc,cpu         ] GC(140) User=0.01s Sys=0.01s Real=0.00s
[2026-04-03T01:32:48.634+0600][42.581s][info][gc,start       ] GC(141) Pause Young (Normal) (G1 Evacuation Pause)
[2026-04-03T01:32:48.635+0600][42.581s][info][gc,task        ] GC(141) Using 10 workers of 10 for evacuation
[2026-04-03T01:32:48.636+0600][42.582s][info][gc,phases      ] GC(141)   Pre Evacuate Collection Set: 0.19ms
[2026-04-03T01:32:48.636+0600][42.582s][info][gc,phases      ] GC(141)   Merge Heap Roots: 0.11ms
[2026-04-03T01:32:48.636+0600][42.582s][info][gc,phases      ] GC(141)   Evacuate Collection Set: 0.81ms
[2026-04-03T01:32:48.636+0600][42.582s][info][gc,phases      ] GC(141)   Post Evacuate Collection Set: 0.37ms
[2026-04-03T01:32:48.636+0600][42.582s][info][gc,phases      ] GC(141)   Other: 0.09ms
[2026-04-03T01:32:48.636+0600][42.582s][info][gc,heap        ] GC(141) Eden regions: 56->0(56)
[2026-04-03T01:32:48.636+0600][42.582s][info][gc,heap        ] GC(141) Survivor regions: 1->1(8)
[2026-04-03T01:32:48.636+0600][42.582s][info][gc,heap        ] GC(141) Old regions: 13->13
[2026-04-03T01:32:48.636+0600][42.582s][info][gc,heap        ] GC(141) Humongous regions: 0->0
[2026-04-03T01:32:48.636+0600][42.582s][info][gc,metaspace   ] GC(141) Metaspace: 55145K(56128K)->55145K(56128K) NonClass: 46642K(47232K)->46642K(47232K) Class: 8502K(8896K)->8502K(8896K)
[2026-04-03T01:32:48.636+0600][42.582s][info][gc             ] GC(141) Pause Young (Normal) (G1 Evacuation Pause) 131M->19M(192M) 1.852ms
[2026-04-03T01:32:48.636+0600][42.582s][info][gc,cpu         ] GC(141) User=0.01s Sys=0.00s Real=0.00s
[2026-04-03T01:32:48.784+0600][42.730s][info][gc,start       ] GC(142) Pause Young (Normal) (G1 Evacuation Pause)
[2026-04-03T01:32:48.784+0600][42.730s][info][gc,task        ] GC(142) Using 10 workers of 10 for evacuation
[2026-04-03T01:32:48.786+0600][42.732s][info][gc,phases      ] GC(142)   Pre Evacuate Collection Set: 0.19ms
[2026-04-03T01:32:48.786+0600][42.732s][info][gc,phases      ] GC(142)   Merge Heap Roots: 0.13ms
[2026-04-03T01:32:48.786+0600][42.732s][info][gc,phases      ] GC(142)   Evacuate Collection Set: 0.83ms
[2026-04-03T01:32:48.786+0600][42.732s][info][gc,phases      ] GC(142)   Post Evacuate Collection Set: 0.43ms
[2026-04-03T01:32:48.786+0600][42.732s][info][gc,phases      ] GC(142)   Other: 0.10ms
[2026-04-03T01:32:48.786+0600][42.732s][info][gc,heap        ] GC(142) Eden regions: 56->0(56)
[2026-04-03T01:32:48.786+0600][42.732s][info][gc,heap        ] GC(142) Survivor regions: 1->1(8)
[2026-04-03T01:32:48.786+0600][42.732s][info][gc,heap        ] GC(142) Old regions: 13->13
[2026-04-03T01:32:48.786+0600][42.732s][info][gc,heap        ] GC(142) Humongous regions: 0->0
[2026-04-03T01:32:48.786+0600][42.732s][info][gc,metaspace   ] GC(142) Metaspace: 55145K(56128K)->55145K(56128K) NonClass: 46642K(47232K)->46642K(47232K) Class: 8502K(8896K)->8502K(8896K)
[2026-04-03T01:32:48.786+0600][42.732s][info][gc             ] GC(142) Pause Young (Normal) (G1 Evacuation Pause) 131M->19M(192M) 2.024ms
[2026-04-03T01:32:48.786+0600][42.732s][info][gc,cpu         ] GC(142) User=0.01s Sys=0.00s Real=0.00s
[2026-04-03T01:32:48.938+0600][42.884s][info][gc,start       ] GC(143) Pause Young (Normal) (G1 Evacuation Pause)
[2026-04-03T01:32:48.938+0600][42.884s][info][gc,task        ] GC(143) Using 10 workers of 10 for evacuation
[2026-04-03T01:32:48.940+0600][42.886s][info][gc,phases      ] GC(143)   Pre Evacuate Collection Set: 0.17ms
[2026-04-03T01:32:48.940+0600][42.886s][info][gc,phases      ] GC(143)   Merge Heap Roots: 0.12ms
[2026-04-03T01:32:48.940+0600][42.886s][info][gc,phases      ] GC(143)   Evacuate Collection Set: 0.74ms
[2026-04-03T01:32:48.940+0600][42.886s][info][gc,phases      ] GC(143)   Post Evacuate Collection Set: 0.34ms
[2026-04-03T01:32:48.940+0600][42.886s][info][gc,phases      ] GC(143)   Other: 0.09ms
[2026-04-03T01:32:48.940+0600][42.886s][info][gc,heap        ] GC(143) Eden regions: 56->0(56)
[2026-04-03T01:32:48.940+0600][42.886s][info][gc,heap        ] GC(143) Survivor regions: 1->1(8)
[2026-04-03T01:32:48.940+0600][42.886s][info][gc,heap        ] GC(143) Old regions: 13->13
[2026-04-03T01:32:48.940+0600][42.886s][info][gc,heap        ] GC(143) Humongous regions: 0->0
[2026-04-03T01:32:48.940+0600][42.886s][info][gc,metaspace   ] GC(143) Metaspace: 55145K(56128K)->55145K(56128K) NonClass: 46642K(47232K)->46642K(47232K) Class: 8502K(8896K)->8502K(8896K)
[2026-04-03T01:32:48.940+0600][42.886s][info][gc             ] GC(143) Pause Young (Normal) (G1 Evacuation Pause) 131M->19M(192M) 1.755ms
[2026-04-03T01:32:48.940+0600][42.886s][info][gc,cpu         ] GC(143) User=0.02s Sys=0.00s Real=0.01s
[2026-04-03T01:32:49.091+0600][43.038s][info][gc,start       ] GC(144) Pause Young (Normal) (G1 Evacuation Pause)
[2026-04-03T01:32:49.092+0600][43.038s][info][gc,task        ] GC(144) Using 10 workers of 10 for evacuation
[2026-04-03T01:32:49.093+0600][43.039s][info][gc,phases      ] GC(144)   Pre Evacuate Collection Set: 0.24ms
[2026-04-03T01:32:49.093+0600][43.039s][info][gc,phases      ] GC(144)   Merge Heap Roots: 0.13ms
[2026-04-03T01:32:49.093+0600][43.039s][info][gc,phases      ] GC(144)   Evacuate Collection Set: 0.87ms
[2026-04-03T01:32:49.093+0600][43.039s][info][gc,phases      ] GC(144)   Post Evacuate Collection Set: 0.37ms
[2026-04-03T01:32:49.093+0600][43.039s][info][gc,phases      ] GC(144)   Other: 0.09ms
[2026-04-03T01:32:49.093+0600][43.040s][info][gc,heap        ] GC(144) Eden regions: 56->0(56)
[2026-04-03T01:32:49.093+0600][43.040s][info][gc,heap        ] GC(144) Survivor regions: 1->1(8)
[2026-04-03T01:32:49.093+0600][43.040s][info][gc,heap        ] GC(144) Old regions: 13->13
[2026-04-03T01:32:49.093+0600][43.040s][info][gc,heap        ] GC(144) Humongous regions: 0->0
[2026-04-03T01:32:49.093+0600][43.040s][info][gc,metaspace   ] GC(144) Metaspace: 55145K(56128K)->55145K(56128K) NonClass: 46643K(47232K)->46643K(47232K) Class: 8502K(8896K)->8502K(8896K)
[2026-04-03T01:32:49.093+0600][43.040s][info][gc             ] GC(144) Pause Young (Normal) (G1 Evacuation Pause) 131M->19M(192M) 1.977ms
[2026-04-03T01:32:49.093+0600][43.040s][info][gc,cpu         ] GC(144) User=0.00s Sys=0.00s Real=0.00s
[2026-04-03T01:32:49.257+0600][43.203s][info][gc,start       ] GC(145) Pause Young (Normal) (G1 Evacuation Pause)
[2026-04-03T01:32:49.257+0600][43.203s][info][gc,task        ] GC(145) Using 10 workers of 10 for evacuation
[2026-04-03T01:32:49.259+0600][43.205s][info][gc,phases      ] GC(145)   Pre Evacuate Collection Set: 0.20ms
[2026-04-03T01:32:49.259+0600][43.205s][info][gc,phases      ] GC(145)   Merge Heap Roots: 0.15ms
[2026-04-03T01:32:49.259+0600][43.205s][info][gc,phases      ] GC(145)   Evacuate Collection Set: 0.90ms
[2026-04-03T01:32:49.259+0600][43.205s][info][gc,phases      ] GC(145)   Post Evacuate Collection Set: 0.41ms
[2026-04-03T01:32:49.259+0600][43.205s][info][gc,phases      ] GC(145)   Other: 0.10ms
[2026-04-03T01:32:49.259+0600][43.205s][info][gc,heap        ] GC(145) Eden regions: 56->0(56)
[2026-04-03T01:32:49.259+0600][43.205s][info][gc,heap        ] GC(145) Survivor regions: 1->1(8)
[2026-04-03T01:32:49.259+0600][43.205s][info][gc,heap        ] GC(145) Old regions: 13->13
[2026-04-03T01:32:49.259+0600][43.205s][info][gc,heap        ] GC(145) Humongous regions: 0->0
[2026-04-03T01:32:49.259+0600][43.205s][info][gc,metaspace   ] GC(145) Metaspace: 55145K(56128K)->55145K(56128K) NonClass: 46643K(47232K)->46643K(47232K) Class: 8502K(8896K)->8502K(8896K)
[2026-04-03T01:32:49.259+0600][43.205s][info][gc             ] GC(145) Pause Young (Normal) (G1 Evacuation Pause) 131M->19M(192M) 2.125ms
[2026-04-03T01:32:49.259+0600][43.205s][info][gc,cpu         ] GC(145) User=0.01s Sys=0.00s Real=0.00s
[2026-04-03T01:32:49.435+0600][43.381s][info][gc,start       ] GC(146) Pause Young (Normal) (G1 Evacuation Pause)
[2026-04-03T01:32:49.435+0600][43.382s][info][gc,task        ] GC(146) Using 10 workers of 10 for evacuation
[2026-04-03T01:32:49.437+0600][43.383s][info][gc,phases      ] GC(146)   Pre Evacuate Collection Set: 0.20ms
[2026-04-03T01:32:49.437+0600][43.383s][info][gc,phases      ] GC(146)   Merge Heap Roots: 0.15ms
[2026-04-03T01:32:49.437+0600][43.383s][info][gc,phases      ] GC(146)   Evacuate Collection Set: 0.83ms
[2026-04-03T01:32:49.437+0600][43.383s][info][gc,phases      ] GC(146)   Post Evacuate Collection Set: 0.35ms
[2026-04-03T01:32:49.437+0600][43.383s][info][gc,phases      ] GC(146)   Other: 0.09ms
[2026-04-03T01:32:49.437+0600][43.383s][info][gc,heap        ] GC(146) Eden regions: 56->0(56)
[2026-04-03T01:32:49.437+0600][43.383s][info][gc,heap        ] GC(146) Survivor regions: 1->1(8)
[2026-04-03T01:32:49.437+0600][43.383s][info][gc,heap        ] GC(146) Old regions: 13->13
[2026-04-03T01:32:49.437+0600][43.383s][info][gc,heap        ] GC(146) Humongous regions: 0->0
[2026-04-03T01:32:49.437+0600][43.383s][info][gc,metaspace   ] GC(146) Metaspace: 55145K(56128K)->55145K(56128K) NonClass: 46643K(47232K)->46643K(47232K) Class: 8502K(8896K)->8502K(8896K)
[2026-04-03T01:32:49.437+0600][43.383s][info][gc             ] GC(146) Pause Young (Normal) (G1 Evacuation Pause) 131M->19M(192M) 1.886ms
[2026-04-03T01:32:49.437+0600][43.383s][info][gc,cpu         ] GC(146) User=0.01s Sys=0.00s Real=0.00s
[2026-04-03T01:32:49.588+0600][43.535s][info][gc,start       ] GC(147) Pause Young (Normal) (G1 Evacuation Pause)
[2026-04-03T01:32:49.589+0600][43.535s][info][gc,task        ] GC(147) Using 10 workers of 10 for evacuation
[2026-04-03T01:32:49.591+0600][43.537s][info][gc,phases      ] GC(147)   Pre Evacuate Collection Set: 0.27ms
[2026-04-03T01:32:49.591+0600][43.537s][info][gc,phases      ] GC(147)   Merge Heap Roots: 0.12ms
[2026-04-03T01:32:49.591+0600][43.537s][info][gc,phases      ] GC(147)   Evacuate Collection Set: 0.88ms
[2026-04-03T01:32:49.591+0600][43.537s][info][gc,phases      ] GC(147)   Post Evacuate Collection Set: 0.55ms
[2026-04-03T01:32:49.591+0600][43.537s][info][gc,phases      ] GC(147)   Other: 0.11ms
[2026-04-03T01:32:49.591+0600][43.537s][info][gc,heap        ] GC(147) Eden regions: 56->0(56)
[2026-04-03T01:32:49.591+0600][43.537s][info][gc,heap        ] GC(147) Survivor regions: 1->1(8)
[2026-04-03T01:32:49.591+0600][43.537s][info][gc,heap        ] GC(147) Old regions: 13->13
[2026-04-03T01:32:49.591+0600][43.537s][info][gc,heap        ] GC(147) Humongous regions: 0->0
[2026-04-03T01:32:49.591+0600][43.537s][info][gc,metaspace   ] GC(147) Metaspace: 55150K(56128K)->55150K(56128K) NonClass: 46647K(47232K)->46647K(47232K) Class: 8502K(8896K)->8502K(8896K)
[2026-04-03T01:32:49.591+0600][43.537s][info][gc             ] GC(147) Pause Young (Normal) (G1 Evacuation Pause) 131M->19M(192M) 2.305ms
[2026-04-03T01:32:49.591+0600][43.537s][info][gc,cpu         ] GC(147) User=0.01s Sys=0.00s Real=0.01s
[2026-04-03T01:32:49.748+0600][43.694s][info][gc,start       ] GC(148) Pause Young (Normal) (G1 Evacuation Pause)
[2026-04-03T01:32:49.748+0600][43.694s][info][gc,task        ] GC(148) Using 10 workers of 10 for evacuation
[2026-04-03T01:32:49.750+0600][43.696s][info][gc,phases      ] GC(148)   Pre Evacuate Collection Set: 0.18ms
[2026-04-03T01:32:49.750+0600][43.696s][info][gc,phases      ] GC(148)   Merge Heap Roots: 0.14ms
[2026-04-03T01:32:49.750+0600][43.696s][info][gc,phases      ] GC(148)   Evacuate Collection Set: 0.86ms
[2026-04-03T01:32:49.750+0600][43.696s][info][gc,phases      ] GC(148)   Post Evacuate Collection Set: 0.46ms
[2026-04-03T01:32:49.750+0600][43.696s][info][gc,phases      ] GC(148)   Other: 0.12ms
[2026-04-03T01:32:49.750+0600][43.696s][info][gc,heap        ] GC(148) Eden regions: 56->0(56)
[2026-04-03T01:32:49.750+0600][43.696s][info][gc,heap        ] GC(148) Survivor regions: 1->1(8)
[2026-04-03T01:32:49.750+0600][43.696s][info][gc,heap        ] GC(148) Old regions: 13->13
[2026-04-03T01:32:49.750+0600][43.696s][info][gc,heap        ] GC(148) Humongous regions: 0->0
[2026-04-03T01:32:49.750+0600][43.696s][info][gc,metaspace   ] GC(148) Metaspace: 55155K(56128K)->55155K(56128K) NonClass: 46653K(47232K)->46653K(47232K) Class: 8502K(8896K)->8502K(8896K)
[2026-04-03T01:32:49.750+0600][43.696s][info][gc             ] GC(148) Pause Young (Normal) (G1 Evacuation Pause) 131M->19M(192M) 2.112ms
[2026-04-03T01:32:49.750+0600][43.696s][info][gc,cpu         ] GC(148) User=0.01s Sys=0.00s Real=0.01s
[2026-04-03T01:32:49.903+0600][43.850s][info][gc,start       ] GC(149) Pause Young (Normal) (G1 Evacuation Pause)
[2026-04-03T01:32:49.904+0600][43.850s][info][gc,task        ] GC(149) Using 10 workers of 10 for evacuation
[2026-04-03T01:32:49.905+0600][43.851s][info][gc,phases      ] GC(149)   Pre Evacuate Collection Set: 0.18ms
[2026-04-03T01:32:49.905+0600][43.851s][info][gc,phases      ] GC(149)   Merge Heap Roots: 0.13ms
[2026-04-03T01:32:49.905+0600][43.851s][info][gc,phases      ] GC(149)   Evacuate Collection Set: 0.77ms
[2026-04-03T01:32:49.905+0600][43.852s][info][gc,phases      ] GC(149)   Post Evacuate Collection Set: 0.53ms
[2026-04-03T01:32:49.905+0600][43.852s][info][gc,phases      ] GC(149)   Other: 0.09ms
[2026-04-03T01:32:49.905+0600][43.852s][info][gc,heap        ] GC(149) Eden regions: 56->0(68)
[2026-04-03T01:32:49.905+0600][43.852s][info][gc,heap        ] GC(149) Survivor regions: 1->1(8)
[2026-04-03T01:32:49.905+0600][43.852s][info][gc,heap        ] GC(149) Old regions: 13->13
[2026-04-03T01:32:49.905+0600][43.852s][info][gc,heap        ] GC(149) Humongous regions: 0->0
[2026-04-03T01:32:49.905+0600][43.852s][info][gc,metaspace   ] GC(149) Metaspace: 55155K(56128K)->55155K(56128K) NonClass: 46653K(47232K)->46653K(47232K) Class: 8502K(8896K)->8502K(8896K)
[2026-04-03T01:32:49.905+0600][43.852s][info][gc             ] GC(149) Pause Young (Normal) (G1 Evacuation Pause) 131M->19M(232M) 1.987ms
[2026-04-03T01:32:49.905+0600][43.852s][info][gc,cpu         ] GC(149) User=0.01s Sys=0.01s Real=0.00s
[2026-04-03T01:32:50.096+0600][44.042s][info][gc,start       ] GC(150) Pause Young (Normal) (G1 Evacuation Pause)
[2026-04-03T01:32:50.096+0600][44.042s][info][gc,task        ] GC(150) Using 10 workers of 10 for evacuation
[2026-04-03T01:32:50.098+0600][44.044s][info][gc,phases      ] GC(150)   Pre Evacuate Collection Set: 0.17ms
[2026-04-03T01:32:50.098+0600][44.044s][info][gc,phases      ] GC(150)   Merge Heap Roots: 0.13ms
[2026-04-03T01:32:50.098+0600][44.044s][info][gc,phases      ] GC(150)   Evacuate Collection Set: 0.85ms
[2026-04-03T01:32:50.098+0600][44.044s][info][gc,phases      ] GC(150)   Post Evacuate Collection Set: 0.35ms
[2026-04-03T01:32:50.098+0600][44.044s][info][gc,phases      ] GC(150)   Other: 0.10ms
[2026-04-03T01:32:50.098+0600][44.044s][info][gc,heap        ] GC(150) Eden regions: 68->0(68)
[2026-04-03T01:32:50.098+0600][44.044s][info][gc,heap        ] GC(150) Survivor regions: 1->1(9)
[2026-04-03T01:32:50.098+0600][44.044s][info][gc,heap        ] GC(150) Old regions: 13->13
[2026-04-03T01:32:50.098+0600][44.044s][info][gc,heap        ] GC(150) Humongous regions: 0->0
[2026-04-03T01:32:50.098+0600][44.044s][info][gc,metaspace   ] GC(150) Metaspace: 55155K(56128K)->55155K(56128K) NonClass: 46653K(47232K)->46653K(47232K) Class: 8502K(8896K)->8502K(8896K)
[2026-04-03T01:32:50.098+0600][44.044s][info][gc             ] GC(150) Pause Young (Normal) (G1 Evacuation Pause) 155M->19M(232M) 1.934ms
[2026-04-03T01:32:50.098+0600][44.044s][info][gc,cpu         ] GC(150) User=0.01s Sys=0.00s Real=0.00s
[2026-04-03T01:32:50.303+0600][44.249s][info][gc,start       ] GC(151) Pause Young (Normal) (G1 Evacuation Pause)
[2026-04-03T01:32:50.303+0600][44.249s][info][gc,task        ] GC(151) Using 10 workers of 10 for evacuation
[2026-04-03T01:32:50.304+0600][44.251s][info][gc,phases      ] GC(151)   Pre Evacuate Collection Set: 0.22ms
[2026-04-03T01:32:50.304+0600][44.251s][info][gc,phases      ] GC(151)   Merge Heap Roots: 0.13ms
[2026-04-03T01:32:50.304+0600][44.251s][info][gc,phases      ] GC(151)   Evacuate Collection Set: 0.78ms
[2026-04-03T01:32:50.304+0600][44.251s][info][gc,phases      ] GC(151)   Post Evacuate Collection Set: 0.37ms
[2026-04-03T01:32:50.304+0600][44.251s][info][gc,phases      ] GC(151)   Other: 0.12ms
[2026-04-03T01:32:50.304+0600][44.251s][info][gc,heap        ] GC(151) Eden regions: 68->0(68)
[2026-04-03T01:32:50.304+0600][44.251s][info][gc,heap        ] GC(151) Survivor regions: 1->1(9)
[2026-04-03T01:32:50.304+0600][44.251s][info][gc,heap        ] GC(151) Old regions: 13->13
[2026-04-03T01:32:50.304+0600][44.251s][info][gc,heap        ] GC(151) Humongous regions: 0->0
[2026-04-03T01:32:50.304+0600][44.251s][info][gc,metaspace   ] GC(151) Metaspace: 55155K(56128K)->55155K(56128K) NonClass: 46653K(47232K)->46653K(47232K) Class: 8502K(8896K)->8502K(8896K)
[2026-04-03T01:32:50.304+0600][44.251s][info][gc             ] GC(151) Pause Young (Normal) (G1 Evacuation Pause) 155M->19M(232M) 1.894ms
[2026-04-03T01:32:50.305+0600][44.251s][info][gc,cpu         ] GC(151) User=0.01s Sys=0.00s Real=0.00s
[2026-04-03T01:32:50.487+0600][44.433s][info][gc,start       ] GC(152) Pause Young (Normal) (G1 Evacuation Pause)
[2026-04-03T01:32:50.487+0600][44.433s][info][gc,task        ] GC(152) Using 10 workers of 10 for evacuation
[2026-04-03T01:32:50.489+0600][44.435s][info][gc,phases      ] GC(152)   Pre Evacuate Collection Set: 0.17ms
[2026-04-03T01:32:50.489+0600][44.435s][info][gc,phases      ] GC(152)   Merge Heap Roots: 0.13ms
[2026-04-03T01:32:50.489+0600][44.435s][info][gc,phases      ] GC(152)   Evacuate Collection Set: 0.84ms
[2026-04-03T01:32:50.489+0600][44.435s][info][gc,phases      ] GC(152)   Post Evacuate Collection Set: 0.36ms
[2026-04-03T01:32:50.489+0600][44.435s][info][gc,phases      ] GC(152)   Other: 0.09ms
[2026-04-03T01:32:50.489+0600][44.435s][info][gc,heap        ] GC(152) Eden regions: 68->0(68)
[2026-04-03T01:32:50.489+0600][44.435s][info][gc,heap        ] GC(152) Survivor regions: 1->1(9)
[2026-04-03T01:32:50.489+0600][44.435s][info][gc,heap        ] GC(152) Old regions: 13->13
[2026-04-03T01:32:50.489+0600][44.435s][info][gc,heap        ] GC(152) Humongous regions: 0->0
[2026-04-03T01:32:50.489+0600][44.435s][info][gc,metaspace   ] GC(152) Metaspace: 55155K(56128K)->55155K(56128K) NonClass: 46653K(47232K)->46653K(47232K) Class: 8502K(8896K)->8502K(8896K)
[2026-04-03T01:32:50.489+0600][44.435s][info][gc             ] GC(152) Pause Young (Normal) (G1 Evacuation Pause) 155M->19M(232M) 1.845ms
[2026-04-03T01:32:50.489+0600][44.435s][info][gc,cpu         ] GC(152) User=0.01s Sys=0.00s Real=0.00s
[2026-04-03T01:32:50.668+0600][44.615s][info][gc,start       ] GC(153) Pause Young (Normal) (G1 Evacuation Pause)
[2026-04-03T01:32:50.669+0600][44.615s][info][gc,task        ] GC(153) Using 10 workers of 10 for evacuation
[2026-04-03T01:32:50.670+0600][44.616s][info][gc,phases      ] GC(153)   Pre Evacuate Collection Set: 0.19ms
[2026-04-03T01:32:50.670+0600][44.616s][info][gc,phases      ] GC(153)   Merge Heap Roots: 0.13ms
[2026-04-03T01:32:50.670+0600][44.616s][info][gc,phases      ] GC(153)   Evacuate Collection Set: 0.82ms
[2026-04-03T01:32:50.670+0600][44.616s][info][gc,phases      ] GC(153)   Post Evacuate Collection Set: 0.34ms
[2026-04-03T01:32:50.670+0600][44.616s][info][gc,phases      ] GC(153)   Other: 0.09ms
[2026-04-03T01:32:50.670+0600][44.616s][info][gc,heap        ] GC(153) Eden regions: 68->0(68)
[2026-04-03T01:32:50.670+0600][44.616s][info][gc,heap        ] GC(153) Survivor regions: 1->1(9)
[2026-04-03T01:32:50.670+0600][44.616s][info][gc,heap        ] GC(153) Old regions: 13->13
[2026-04-03T01:32:50.670+0600][44.616s][info][gc,heap        ] GC(153) Humongous regions: 0->0
[2026-04-03T01:32:50.670+0600][44.616s][info][gc,metaspace   ] GC(153) Metaspace: 55155K(56128K)->55155K(56128K) NonClass: 46653K(47232K)->46653K(47232K) Class: 8502K(8896K)->8502K(8896K)
[2026-04-03T01:32:50.670+0600][44.616s][info][gc             ] GC(153) Pause Young (Normal) (G1 Evacuation Pause) 155M->19M(232M) 1.856ms
[2026-04-03T01:32:50.670+0600][44.616s][info][gc,cpu         ] GC(153) User=0.01s Sys=0.00s Real=0.01s
[2026-04-03T01:32:50.849+0600][44.795s][info][gc,start       ] GC(154) Pause Young (Normal) (G1 Evacuation Pause)
[2026-04-03T01:32:50.849+0600][44.795s][info][gc,task        ] GC(154) Using 10 workers of 10 for evacuation
[2026-04-03T01:32:50.851+0600][44.797s][info][gc,phases      ] GC(154)   Pre Evacuate Collection Set: 0.20ms
[2026-04-03T01:32:50.851+0600][44.797s][info][gc,phases      ] GC(154)   Merge Heap Roots: 0.13ms
[2026-04-03T01:32:50.851+0600][44.797s][info][gc,phases      ] GC(154)   Evacuate Collection Set: 0.83ms
[2026-04-03T01:32:50.851+0600][44.797s][info][gc,phases      ] GC(154)   Post Evacuate Collection Set: 0.36ms
[2026-04-03T01:32:50.851+0600][44.797s][info][gc,phases      ] GC(154)   Other: 0.11ms
[2026-04-03T01:32:50.851+0600][44.797s][info][gc,heap        ] GC(154) Eden regions: 68->0(68)
[2026-04-03T01:32:50.851+0600][44.797s][info][gc,heap        ] GC(154) Survivor regions: 1->1(9)
[2026-04-03T01:32:50.851+0600][44.797s][info][gc,heap        ] GC(154) Old regions: 13->13
[2026-04-03T01:32:50.851+0600][44.797s][info][gc,heap        ] GC(154) Humongous regions: 0->0
[2026-04-03T01:32:50.851+0600][44.797s][info][gc,metaspace   ] GC(154) Metaspace: 55155K(56128K)->55155K(56128K) NonClass: 46653K(47232K)->46653K(47232K) Class: 8502K(8896K)->8502K(8896K)
[2026-04-03T01:32:50.851+0600][44.797s][info][gc             ] GC(154) Pause Young (Normal) (G1 Evacuation Pause) 155M->19M(232M) 2.087ms
[2026-04-03T01:32:50.851+0600][44.797s][info][gc,cpu         ] GC(154) User=0.01s Sys=0.01s Real=0.01s
[2026-04-03T01:32:51.039+0600][44.985s][info][gc,start       ] GC(155) Pause Young (Normal) (G1 Evacuation Pause)
[2026-04-03T01:32:51.039+0600][44.985s][info][gc,task        ] GC(155) Using 10 workers of 10 for evacuation
[2026-04-03T01:32:51.041+0600][44.987s][info][gc,phases      ] GC(155)   Pre Evacuate Collection Set: 0.20ms
[2026-04-03T01:32:51.041+0600][44.987s][info][gc,phases      ] GC(155)   Merge Heap Roots: 0.13ms
[2026-04-03T01:32:51.041+0600][44.987s][info][gc,phases      ] GC(155)   Evacuate Collection Set: 0.75ms
[2026-04-03T01:32:51.041+0600][44.987s][info][gc,phases      ] GC(155)   Post Evacuate Collection Set: 0.32ms
[2026-04-03T01:32:51.041+0600][44.987s][info][gc,phases      ] GC(155)   Other: 0.10ms
[2026-04-03T01:32:51.041+0600][44.987s][info][gc,heap        ] GC(155) Eden regions: 68->0(68)
[2026-04-03T01:32:51.041+0600][44.987s][info][gc,heap        ] GC(155) Survivor regions: 1->1(9)
[2026-04-03T01:32:51.041+0600][44.987s][info][gc,heap        ] GC(155) Old regions: 13->13
[2026-04-03T01:32:51.041+0600][44.987s][info][gc,heap        ] GC(155) Humongous regions: 0->0
[2026-04-03T01:32:51.041+0600][44.987s][info][gc,metaspace   ] GC(155) Metaspace: 55155K(56128K)->55155K(56128K) NonClass: 46653K(47232K)->46653K(47232K) Class: 8502K(8896K)->8502K(8896K)
[2026-04-03T01:32:51.041+0600][44.987s][info][gc             ] GC(155) Pause Young (Normal) (G1 Evacuation Pause) 155M->19M(232M) 1.778ms
[2026-04-03T01:32:51.041+0600][44.987s][info][gc,cpu         ] GC(155) User=0.00s Sys=0.00s Real=0.01s
[2026-04-03T01:32:51.220+0600][45.166s][info][gc,start       ] GC(156) Pause Young (Normal) (G1 Evacuation Pause)
[2026-04-03T01:32:51.220+0600][45.166s][info][gc,task        ] GC(156) Using 10 workers of 10 for evacuation
[2026-04-03T01:32:51.221+0600][45.167s][info][gc,phases      ] GC(156)   Pre Evacuate Collection Set: 0.19ms
[2026-04-03T01:32:51.221+0600][45.167s][info][gc,phases      ] GC(156)   Merge Heap Roots: 0.13ms
[2026-04-03T01:32:51.221+0600][45.167s][info][gc,phases      ] GC(156)   Evacuate Collection Set: 0.80ms
[2026-04-03T01:32:51.221+0600][45.167s][info][gc,phases      ] GC(156)   Post Evacuate Collection Set: 0.32ms
[2026-04-03T01:32:51.221+0600][45.168s][info][gc,phases      ] GC(156)   Other: 0.09ms
[2026-04-03T01:32:51.221+0600][45.168s][info][gc,heap        ] GC(156) Eden regions: 68->0(68)
[2026-04-03T01:32:51.221+0600][45.168s][info][gc,heap        ] GC(156) Survivor regions: 1->1(9)
[2026-04-03T01:32:51.221+0600][45.168s][info][gc,heap        ] GC(156) Old regions: 13->13
[2026-04-03T01:32:51.221+0600][45.168s][info][gc,heap        ] GC(156) Humongous regions: 0->0
[2026-04-03T01:32:51.221+0600][45.168s][info][gc,metaspace   ] GC(156) Metaspace: 55155K(56128K)->55155K(56128K) NonClass: 46653K(47232K)->46653K(47232K) Class: 8502K(8896K)->8502K(8896K)
[2026-04-03T01:32:51.221+0600][45.168s][info][gc             ] GC(156) Pause Young (Normal) (G1 Evacuation Pause) 155M->19M(232M) 1.826ms
[2026-04-03T01:32:51.221+0600][45.168s][info][gc,cpu         ] GC(156) User=0.01s Sys=0.00s Real=0.01s
[2026-04-03T01:32:51.404+0600][45.350s][info][gc,start       ] GC(157) Pause Young (Normal) (G1 Evacuation Pause)
[2026-04-03T01:32:51.404+0600][45.350s][info][gc,task        ] GC(157) Using 10 workers of 10 for evacuation
[2026-04-03T01:32:51.406+0600][45.352s][info][gc,phases      ] GC(157)   Pre Evacuate Collection Set: 0.20ms
[2026-04-03T01:32:51.406+0600][45.352s][info][gc,phases      ] GC(157)   Merge Heap Roots: 0.15ms
[2026-04-03T01:32:51.406+0600][45.352s][info][gc,phases      ] GC(157)   Evacuate Collection Set: 0.83ms
[2026-04-03T01:32:51.406+0600][45.352s][info][gc,phases      ] GC(157)   Post Evacuate Collection Set: 0.45ms
[2026-04-03T01:32:51.406+0600][45.352s][info][gc,phases      ] GC(157)   Other: 0.11ms
[2026-04-03T01:32:51.406+0600][45.352s][info][gc,heap        ] GC(157) Eden regions: 68->0(68)
[2026-04-03T01:32:51.406+0600][45.352s][info][gc,heap        ] GC(157) Survivor regions: 1->1(9)
[2026-04-03T01:32:51.406+0600][45.352s][info][gc,heap        ] GC(157) Old regions: 13->13
[2026-04-03T01:32:51.406+0600][45.352s][info][gc,heap        ] GC(157) Humongous regions: 0->0
[2026-04-03T01:32:51.406+0600][45.352s][info][gc,metaspace   ] GC(157) Metaspace: 55155K(56128K)->55155K(56128K) NonClass: 46653K(47232K)->46653K(47232K) Class: 8502K(8896K)->8502K(8896K)
[2026-04-03T01:32:51.406+0600][45.352s][info][gc             ] GC(157) Pause Young (Normal) (G1 Evacuation Pause) 155M->19M(232M) 2.086ms
[2026-04-03T01:32:51.406+0600][45.352s][info][gc,cpu         ] GC(157) User=0.00s Sys=0.00s Real=0.00s
[2026-04-03T01:32:51.586+0600][45.532s][info][gc,start       ] GC(158) Pause Young (Normal) (G1 Evacuation Pause)
[2026-04-03T01:32:51.586+0600][45.532s][info][gc,task        ] GC(158) Using 10 workers of 10 for evacuation
[2026-04-03T01:32:51.588+0600][45.534s][info][gc,phases      ] GC(158)   Pre Evacuate Collection Set: 0.16ms
[2026-04-03T01:32:51.588+0600][45.534s][info][gc,phases      ] GC(158)   Merge Heap Roots: 0.12ms
[2026-04-03T01:32:51.588+0600][45.534s][info][gc,phases      ] GC(158)   Evacuate Collection Set: 0.76ms
[2026-04-03T01:32:51.588+0600][45.534s][info][gc,phases      ] GC(158)   Post Evacuate Collection Set: 0.34ms
[2026-04-03T01:32:51.588+0600][45.534s][info][gc,phases      ] GC(158)   Other: 0.09ms
[2026-04-03T01:32:51.588+0600][45.534s][info][gc,heap        ] GC(158) Eden regions: 68->0(68)
[2026-04-03T01:32:51.588+0600][45.534s][info][gc,heap        ] GC(158) Survivor regions: 1->1(9)
[2026-04-03T01:32:51.588+0600][45.534s][info][gc,heap        ] GC(158) Old regions: 13->13
[2026-04-03T01:32:51.588+0600][45.534s][info][gc,heap        ] GC(158) Humongous regions: 0->0
[2026-04-03T01:32:51.588+0600][45.534s][info][gc,metaspace   ] GC(158) Metaspace: 55155K(56128K)->55155K(56128K) NonClass: 46653K(47232K)->46653K(47232K) Class: 8502K(8896K)->8502K(8896K)
[2026-04-03T01:32:51.588+0600][45.534s][info][gc             ] GC(158) Pause Young (Normal) (G1 Evacuation Pause) 155M->19M(232M) 1.758ms
[2026-04-03T01:32:51.588+0600][45.534s][info][gc,cpu         ] GC(158) User=0.01s Sys=0.00s Real=0.00s
[2026-04-03T01:32:51.765+0600][45.711s][info][gc,start       ] GC(159) Pause Young (Normal) (G1 Evacuation Pause)
[2026-04-03T01:32:51.765+0600][45.711s][info][gc,task        ] GC(159) Using 10 workers of 10 for evacuation
[2026-04-03T01:32:51.767+0600][45.713s][info][gc,phases      ] GC(159)   Pre Evacuate Collection Set: 0.18ms
[2026-04-03T01:32:51.767+0600][45.713s][info][gc,phases      ] GC(159)   Merge Heap Roots: 0.15ms
[2026-04-03T01:32:51.767+0600][45.713s][info][gc,phases      ] GC(159)   Evacuate Collection Set: 0.81ms
[2026-04-03T01:32:51.767+0600][45.713s][info][gc,phases      ] GC(159)   Post Evacuate Collection Set: 0.38ms
[2026-04-03T01:32:51.767+0600][45.713s][info][gc,phases      ] GC(159)   Other: 0.10ms
[2026-04-03T01:32:51.767+0600][45.713s][info][gc,heap        ] GC(159) Eden regions: 68->0(68)
[2026-04-03T01:32:51.767+0600][45.713s][info][gc,heap        ] GC(159) Survivor regions: 1->1(9)
[2026-04-03T01:32:51.767+0600][45.713s][info][gc,heap        ] GC(159) Old regions: 13->13
[2026-04-03T01:32:51.767+0600][45.713s][info][gc,heap        ] GC(159) Humongous regions: 0->0
[2026-04-03T01:32:51.767+0600][45.713s][info][gc,metaspace   ] GC(159) Metaspace: 55155K(56128K)->55155K(56128K) NonClass: 46653K(47232K)->46653K(47232K) Class: 8502K(8896K)->8502K(8896K)
[2026-04-03T01:32:51.767+0600][45.713s][info][gc             ] GC(159) Pause Young (Normal) (G1 Evacuation Pause) 155M->19M(232M) 1.975ms
[2026-04-03T01:32:51.767+0600][45.713s][info][gc,cpu         ] GC(159) User=0.01s Sys=0.00s Real=0.00s
[2026-04-03T01:32:51.972+0600][45.918s][info][gc,start       ] GC(160) Pause Young (Normal) (G1 Evacuation Pause)
[2026-04-03T01:32:51.972+0600][45.918s][info][gc,task        ] GC(160) Using 10 workers of 10 for evacuation
[2026-04-03T01:32:51.973+0600][45.920s][info][gc,phases      ] GC(160)   Pre Evacuate Collection Set: 0.17ms
[2026-04-03T01:32:51.974+0600][45.920s][info][gc,phases      ] GC(160)   Merge Heap Roots: 0.14ms
[2026-04-03T01:32:51.974+0600][45.920s][info][gc,phases      ] GC(160)   Evacuate Collection Set: 0.87ms
[2026-04-03T01:32:51.974+0600][45.920s][info][gc,phases      ] GC(160)   Post Evacuate Collection Set: 0.35ms
[2026-04-03T01:32:51.974+0600][45.920s][info][gc,phases      ] GC(160)   Other: 0.11ms
[2026-04-03T01:32:51.974+0600][45.920s][info][gc,heap        ] GC(160) Eden regions: 68->0(68)
[2026-04-03T01:32:51.974+0600][45.920s][info][gc,heap        ] GC(160) Survivor regions: 1->1(9)
[2026-04-03T01:32:51.974+0600][45.920s][info][gc,heap        ] GC(160) Old regions: 13->13
[2026-04-03T01:32:51.974+0600][45.920s][info][gc,heap        ] GC(160) Humongous regions: 0->0
[2026-04-03T01:32:51.974+0600][45.920s][info][gc,metaspace   ] GC(160) Metaspace: 55155K(56128K)->55155K(56128K) NonClass: 46653K(47232K)->46653K(47232K) Class: 8502K(8896K)->8502K(8896K)
[2026-04-03T01:32:51.974+0600][45.920s][info][gc             ] GC(160) Pause Young (Normal) (G1 Evacuation Pause) 155M->19M(232M) 2.014ms
[2026-04-03T01:32:51.974+0600][45.920s][info][gc,cpu         ] GC(160) User=0.01s Sys=0.00s Real=0.00s
[2026-04-03T01:32:52.156+0600][46.102s][info][gc,start       ] GC(161) Pause Young (Normal) (G1 Evacuation Pause)
[2026-04-03T01:32:52.156+0600][46.103s][info][gc,task        ] GC(161) Using 10 workers of 10 for evacuation
[2026-04-03T01:32:52.158+0600][46.104s][info][gc,phases      ] GC(161)   Pre Evacuate Collection Set: 0.20ms
[2026-04-03T01:32:52.159+0600][46.105s][info][gc,phases      ] GC(161)   Merge Heap Roots: 0.16ms
[2026-04-03T01:32:52.159+0600][46.105s][info][gc,phases      ] GC(161)   Evacuate Collection Set: 0.74ms
[2026-04-03T01:32:52.159+0600][46.105s][info][gc,phases      ] GC(161)   Post Evacuate Collection Set: 0.36ms
[2026-04-03T01:32:52.159+0600][46.105s][info][gc,phases      ] GC(161)   Other: 0.11ms
[2026-04-03T01:32:52.159+0600][46.105s][info][gc,heap        ] GC(161) Eden regions: 68->0(68)
[2026-04-03T01:32:52.159+0600][46.105s][info][gc,heap        ] GC(161) Survivor regions: 1->1(9)
[2026-04-03T01:32:52.159+0600][46.105s][info][gc,heap        ] GC(161) Old regions: 13->13
[2026-04-03T01:32:52.159+0600][46.105s][info][gc,heap        ] GC(161) Humongous regions: 0->0
[2026-04-03T01:32:52.159+0600][46.105s][info][gc,metaspace   ] GC(161) Metaspace: 55155K(56128K)->55155K(56128K) NonClass: 46653K(47232K)->46653K(47232K) Class: 8502K(8896K)->8502K(8896K)
[2026-04-03T01:32:52.159+0600][46.105s][info][gc             ] GC(161) Pause Young (Normal) (G1 Evacuation Pause) 155M->19M(232M) 2.739ms
[2026-04-03T01:32:52.159+0600][46.105s][info][gc,cpu         ] GC(161) User=0.01s Sys=0.00s Real=0.00s
[2026-04-03T01:32:52.346+0600][46.292s][info][gc,start       ] GC(162) Pause Young (Normal) (G1 Evacuation Pause)
[2026-04-03T01:32:52.346+0600][46.293s][info][gc,task        ] GC(162) Using 10 workers of 10 for evacuation
[2026-04-03T01:32:52.348+0600][46.294s][info][gc,phases      ] GC(162)   Pre Evacuate Collection Set: 0.19ms
[2026-04-03T01:32:52.348+0600][46.294s][info][gc,phases      ] GC(162)   Merge Heap Roots: 0.16ms
[2026-04-03T01:32:52.348+0600][46.294s][info][gc,phases      ] GC(162)   Evacuate Collection Set: 0.91ms
[2026-04-03T01:32:52.348+0600][46.294s][info][gc,phases      ] GC(162)   Post Evacuate Collection Set: 0.41ms
[2026-04-03T01:32:52.348+0600][46.294s][info][gc,phases      ] GC(162)   Other: 0.10ms
[2026-04-03T01:32:52.348+0600][46.294s][info][gc,heap        ] GC(162) Eden regions: 68->0(68)
[2026-04-03T01:32:52.348+0600][46.294s][info][gc,heap        ] GC(162) Survivor regions: 1->1(9)
[2026-04-03T01:32:52.348+0600][46.294s][info][gc,heap        ] GC(162) Old regions: 13->13
[2026-04-03T01:32:52.348+0600][46.294s][info][gc,heap        ] GC(162) Humongous regions: 0->0
[2026-04-03T01:32:52.348+0600][46.294s][info][gc,metaspace   ] GC(162) Metaspace: 55155K(56128K)->55155K(56128K) NonClass: 46653K(47232K)->46653K(47232K) Class: 8502K(8896K)->8502K(8896K)
[2026-04-03T01:32:52.348+0600][46.295s][info][gc             ] GC(162) Pause Young (Normal) (G1 Evacuation Pause) 155M->19M(232M) 2.065ms
[2026-04-03T01:32:52.348+0600][46.295s][info][gc,cpu         ] GC(162) User=0.00s Sys=0.00s Real=0.00s
[2026-04-03T01:32:52.528+0600][46.474s][info][gc,start       ] GC(163) Pause Young (Normal) (G1 Evacuation Pause)
[2026-04-03T01:32:52.528+0600][46.474s][info][gc,task        ] GC(163) Using 10 workers of 10 for evacuation
[2026-04-03T01:32:52.530+0600][46.476s][info][gc,phases      ] GC(163)   Pre Evacuate Collection Set: 0.17ms
[2026-04-03T01:32:52.530+0600][46.476s][info][gc,phases      ] GC(163)   Merge Heap Roots: 0.12ms
[2026-04-03T01:32:52.530+0600][46.476s][info][gc,phases      ] GC(163)   Evacuate Collection Set: 0.78ms
[2026-04-03T01:32:52.530+0600][46.476s][info][gc,phases      ] GC(163)   Post Evacuate Collection Set: 0.32ms
[2026-04-03T01:32:52.530+0600][46.476s][info][gc,phases      ] GC(163)   Other: 0.09ms
[2026-04-03T01:32:52.530+0600][46.476s][info][gc,heap        ] GC(163) Eden regions: 68->0(68)
[2026-04-03T01:32:52.530+0600][46.476s][info][gc,heap        ] GC(163) Survivor regions: 1->1(9)
[2026-04-03T01:32:52.530+0600][46.476s][info][gc,heap        ] GC(163) Old regions: 13->13
[2026-04-03T01:32:52.530+0600][46.476s][info][gc,heap        ] GC(163) Humongous regions: 0->0
[2026-04-03T01:32:52.530+0600][46.476s][info][gc,metaspace   ] GC(163) Metaspace: 55155K(56128K)->55155K(56128K) NonClass: 46653K(47232K)->46653K(47232K) Class: 8502K(8896K)->8502K(8896K)
[2026-04-03T01:32:52.530+0600][46.476s][info][gc             ] GC(163) Pause Young (Normal) (G1 Evacuation Pause) 155M->19M(232M) 1.773ms
[2026-04-03T01:32:52.530+0600][46.476s][info][gc,cpu         ] GC(163) User=0.01s Sys=0.00s Real=0.01s
[2026-04-03T01:32:52.710+0600][46.657s][info][gc,start       ] GC(164) Pause Young (Normal) (G1 Evacuation Pause)
[2026-04-03T01:32:52.710+0600][46.657s][info][gc,task        ] GC(164) Using 10 workers of 10 for evacuation
[2026-04-03T01:32:52.712+0600][46.658s][info][gc,phases      ] GC(164)   Pre Evacuate Collection Set: 0.20ms
[2026-04-03T01:32:52.712+0600][46.658s][info][gc,phases      ] GC(164)   Merge Heap Roots: 0.12ms
[2026-04-03T01:32:52.712+0600][46.658s][info][gc,phases      ] GC(164)   Evacuate Collection Set: 0.79ms
[2026-04-03T01:32:52.712+0600][46.658s][info][gc,phases      ] GC(164)   Post Evacuate Collection Set: 0.37ms
[2026-04-03T01:32:52.712+0600][46.658s][info][gc,phases      ] GC(164)   Other: 0.10ms
[2026-04-03T01:32:52.712+0600][46.658s][info][gc,heap        ] GC(164) Eden regions: 68->0(68)
[2026-04-03T01:32:52.712+0600][46.658s][info][gc,heap        ] GC(164) Survivor regions: 1->1(9)
[2026-04-03T01:32:52.712+0600][46.658s][info][gc,heap        ] GC(164) Old regions: 13->13
[2026-04-03T01:32:52.712+0600][46.658s][info][gc,heap        ] GC(164) Humongous regions: 0->0
[2026-04-03T01:32:52.712+0600][46.658s][info][gc,metaspace   ] GC(164) Metaspace: 55155K(56128K)->55155K(56128K) NonClass: 46653K(47232K)->46653K(47232K) Class: 8502K(8896K)->8502K(8896K)
[2026-04-03T01:32:52.712+0600][46.658s][info][gc             ] GC(164) Pause Young (Normal) (G1 Evacuation Pause) 155M->19M(232M) 1.851ms
[2026-04-03T01:32:52.712+0600][46.658s][info][gc,cpu         ] GC(164) User=0.01s Sys=0.00s Real=0.00s
[2026-04-03T01:32:52.897+0600][46.843s][info][gc,start       ] GC(165) Pause Young (Normal) (G1 Evacuation Pause)
[2026-04-03T01:32:52.897+0600][46.843s][info][gc,task        ] GC(165) Using 10 workers of 10 for evacuation
[2026-04-03T01:32:52.898+0600][46.845s][info][gc,phases      ] GC(165)   Pre Evacuate Collection Set: 0.18ms
[2026-04-03T01:32:52.898+0600][46.845s][info][gc,phases      ] GC(165)   Merge Heap Roots: 0.13ms
[2026-04-03T01:32:52.898+0600][46.845s][info][gc,phases      ] GC(165)   Evacuate Collection Set: 0.80ms
[2026-04-03T01:32:52.898+0600][46.845s][info][gc,phases      ] GC(165)   Post Evacuate Collection Set: 0.35ms
[2026-04-03T01:32:52.898+0600][46.845s][info][gc,phases      ] GC(165)   Other: 0.09ms
[2026-04-03T01:32:52.898+0600][46.845s][info][gc,heap        ] GC(165) Eden regions: 68->0(68)
[2026-04-03T01:32:52.898+0600][46.845s][info][gc,heap        ] GC(165) Survivor regions: 1->1(9)
[2026-04-03T01:32:52.898+0600][46.845s][info][gc,heap        ] GC(165) Old regions: 13->13
[2026-04-03T01:32:52.898+0600][46.845s][info][gc,heap        ] GC(165) Humongous regions: 0->0
[2026-04-03T01:32:52.898+0600][46.845s][info][gc,metaspace   ] GC(165) Metaspace: 55155K(56128K)->55155K(56128K) NonClass: 46653K(47232K)->46653K(47232K) Class: 8502K(8896K)->8502K(8896K)
[2026-04-03T01:32:52.899+0600][46.845s][info][gc             ] GC(165) Pause Young (Normal) (G1 Evacuation Pause) 155M->19M(232M) 1.851ms
[2026-04-03T01:32:52.899+0600][46.845s][info][gc,cpu         ] GC(165) User=0.01s Sys=0.00s Real=0.00s
[2026-04-03T01:32:53.074+0600][47.021s][info][gc,start       ] GC(166) Pause Young (Normal) (G1 Evacuation Pause)
[2026-04-03T01:32:53.075+0600][47.021s][info][gc,task        ] GC(166) Using 10 workers of 10 for evacuation
[2026-04-03T01:32:53.076+0600][47.022s][info][gc,phases      ] GC(166)   Pre Evacuate Collection Set: 0.21ms
[2026-04-03T01:32:53.076+0600][47.022s][info][gc,phases      ] GC(166)   Merge Heap Roots: 0.13ms
[2026-04-03T01:32:53.076+0600][47.022s][info][gc,phases      ] GC(166)   Evacuate Collection Set: 0.75ms
[2026-04-03T01:32:53.076+0600][47.022s][info][gc,phases      ] GC(166)   Post Evacuate Collection Set: 0.31ms
[2026-04-03T01:32:53.076+0600][47.022s][info][gc,phases      ] GC(166)   Other: 0.09ms
[2026-04-03T01:32:53.076+0600][47.022s][info][gc,heap        ] GC(166) Eden regions: 68->0(68)
[2026-04-03T01:32:53.076+0600][47.022s][info][gc,heap        ] GC(166) Survivor regions: 1->1(9)
[2026-04-03T01:32:53.076+0600][47.022s][info][gc,heap        ] GC(166) Old regions: 13->13
[2026-04-03T01:32:53.076+0600][47.022s][info][gc,heap        ] GC(166) Humongous regions: 0->0
[2026-04-03T01:32:53.076+0600][47.022s][info][gc,metaspace   ] GC(166) Metaspace: 55155K(56128K)->55155K(56128K) NonClass: 46653K(47232K)->46653K(47232K) Class: 8502K(8896K)->8502K(8896K)
[2026-04-03T01:32:53.076+0600][47.022s][info][gc             ] GC(166) Pause Young (Normal) (G1 Evacuation Pause) 155M->19M(232M) 1.773ms
[2026-04-03T01:32:53.076+0600][47.022s][info][gc,cpu         ] GC(166) User=0.01s Sys=0.01s Real=0.00s
[2026-04-03T01:32:53.254+0600][47.200s][info][gc,start       ] GC(167) Pause Young (Normal) (G1 Evacuation Pause)
[2026-04-03T01:32:53.254+0600][47.200s][info][gc,task        ] GC(167) Using 10 workers of 10 for evacuation
[2026-04-03T01:32:53.255+0600][47.201s][info][gc,phases      ] GC(167)   Pre Evacuate Collection Set: 0.18ms
[2026-04-03T01:32:53.255+0600][47.201s][info][gc,phases      ] GC(167)   Merge Heap Roots: 0.13ms
[2026-04-03T01:32:53.255+0600][47.201s][info][gc,phases      ] GC(167)   Evacuate Collection Set: 0.67ms
[2026-04-03T01:32:53.255+0600][47.202s][info][gc,phases      ] GC(167)   Post Evacuate Collection Set: 0.36ms
[2026-04-03T01:32:53.255+0600][47.202s][info][gc,phases      ] GC(167)   Other: 0.09ms
[2026-04-03T01:32:53.255+0600][47.202s][info][gc,heap        ] GC(167) Eden regions: 68->0(68)
[2026-04-03T01:32:53.255+0600][47.202s][info][gc,heap        ] GC(167) Survivor regions: 1->1(9)
[2026-04-03T01:32:53.255+0600][47.202s][info][gc,heap        ] GC(167) Old regions: 13->13
[2026-04-03T01:32:53.255+0600][47.202s][info][gc,heap        ] GC(167) Humongous regions: 0->0
[2026-04-03T01:32:53.255+0600][47.202s][info][gc,metaspace   ] GC(167) Metaspace: 55155K(56128K)->55155K(56128K) NonClass: 46653K(47232K)->46653K(47232K) Class: 8502K(8896K)->8502K(8896K)
[2026-04-03T01:32:53.255+0600][47.202s][info][gc             ] GC(167) Pause Young (Normal) (G1 Evacuation Pause) 155M->19M(232M) 1.694ms
[2026-04-03T01:32:53.255+0600][47.202s][info][gc,cpu         ] GC(167) User=0.01s Sys=0.00s Real=0.00s
[2026-04-03T01:32:53.450+0600][47.396s][info][gc,start       ] GC(168) Pause Young (Normal) (G1 Evacuation Pause)
[2026-04-03T01:32:53.450+0600][47.396s][info][gc,task        ] GC(168) Using 10 workers of 10 for evacuation
[2026-04-03T01:32:53.451+0600][47.398s][info][gc,phases      ] GC(168)   Pre Evacuate Collection Set: 0.18ms
[2026-04-03T01:32:53.451+0600][47.398s][info][gc,phases      ] GC(168)   Merge Heap Roots: 0.13ms
[2026-04-03T01:32:53.451+0600][47.398s][info][gc,phases      ] GC(168)   Evacuate Collection Set: 0.75ms
[2026-04-03T01:32:53.451+0600][47.398s][info][gc,phases      ] GC(168)   Post Evacuate Collection Set: 0.33ms
[2026-04-03T01:32:53.452+0600][47.398s][info][gc,phases      ] GC(168)   Other: 0.09ms
[2026-04-03T01:32:53.452+0600][47.398s][info][gc,heap        ] GC(168) Eden regions: 68->0(68)
[2026-04-03T01:32:53.452+0600][47.398s][info][gc,heap        ] GC(168) Survivor regions: 1->1(9)
[2026-04-03T01:32:53.452+0600][47.398s][info][gc,heap        ] GC(168) Old regions: 13->13
[2026-04-03T01:32:53.452+0600][47.398s][info][gc,heap        ] GC(168) Humongous regions: 0->0
[2026-04-03T01:32:53.452+0600][47.398s][info][gc,metaspace   ] GC(168) Metaspace: 55155K(56128K)->55155K(56128K) NonClass: 46653K(47232K)->46653K(47232K) Class: 8502K(8896K)->8502K(8896K)
[2026-04-03T01:32:53.452+0600][47.398s][info][gc             ] GC(168) Pause Young (Normal) (G1 Evacuation Pause) 155M->19M(232M) 1.755ms
[2026-04-03T01:32:53.452+0600][47.398s][info][gc,cpu         ] GC(168) User=0.01s Sys=0.00s Real=0.00s
[2026-04-03T01:32:53.713+0600][47.659s][info][gc,start       ] GC(169) Pause Young (Normal) (G1 Evacuation Pause)
[2026-04-03T01:32:53.713+0600][47.659s][info][gc,task        ] GC(169) Using 10 workers of 10 for evacuation
[2026-04-03T01:32:53.715+0600][47.661s][info][gc,phases      ] GC(169)   Pre Evacuate Collection Set: 0.24ms
[2026-04-03T01:32:53.715+0600][47.661s][info][gc,phases      ] GC(169)   Merge Heap Roots: 0.13ms
[2026-04-03T01:32:53.715+0600][47.661s][info][gc,phases      ] GC(169)   Evacuate Collection Set: 0.76ms
[2026-04-03T01:32:53.715+0600][47.661s][info][gc,phases      ] GC(169)   Post Evacuate Collection Set: 0.38ms
[2026-04-03T01:32:53.715+0600][47.661s][info][gc,phases      ] GC(169)   Other: 0.09ms
[2026-04-03T01:32:53.715+0600][47.661s][info][gc,heap        ] GC(169) Eden regions: 68->0(68)
[2026-04-03T01:32:53.715+0600][47.661s][info][gc,heap        ] GC(169) Survivor regions: 1->1(9)
[2026-04-03T01:32:53.715+0600][47.661s][info][gc,heap        ] GC(169) Old regions: 13->13
[2026-04-03T01:32:53.715+0600][47.661s][info][gc,heap        ] GC(169) Humongous regions: 0->0
[2026-04-03T01:32:53.715+0600][47.661s][info][gc,metaspace   ] GC(169) Metaspace: 55176K(56128K)->55176K(56128K) NonClass: 46674K(47232K)->46674K(47232K) Class: 8502K(8896K)->8502K(8896K)
[2026-04-03T01:32:53.715+0600][47.661s][info][gc             ] GC(169) Pause Young (Normal) (G1 Evacuation Pause) 155M->19M(232M) 1.964ms
[2026-04-03T01:32:53.715+0600][47.661s][info][gc,cpu         ] GC(169) User=0.01s Sys=0.00s Real=0.00s
[2026-04-03T01:32:53.910+0600][47.856s][info][gc,heap,exit   ] Heap
[2026-04-03T01:32:53.910+0600][47.856s][info][gc,heap,exit   ]  garbage-first heap   total 237568K, used 57207K [0x000000070ae00000, 0x0000000800000000)
[2026-04-03T01:32:53.910+0600][47.856s][info][gc,heap,exit   ]   region size 2048K, 20 young (40960K), 1 survivors (2048K)
[2026-04-03T01:32:53.910+0600][47.856s][info][gc,heap,exit   ]  Metaspace       used 55591K, committed 56256K, reserved 1114112K
[2026-04-03T01:32:53.910+0600][47.856s][info][gc,heap,exit   ]   class space    used 8635K, committed 8960K, reserved 1048576K
