[2026-04-03T01:32:54.334+0600][0.004s][info][gc,init] CardTable entry size: 512
[2026-04-03T01:32:54.335+0600][0.005s][info][gc     ] Using G1
[2026-04-03T01:32:54.337+0600][0.007s][info][gc,init] Version: 21.0.10+7-Ubuntu-124.04 (release)
[2026-04-03T01:32:54.337+0600][0.007s][info][gc,init] CPUs: 12 total, 12 available
[2026-04-03T01:32:54.337+0600][0.007s][info][gc,init] Memory: 15683M
[2026-04-03T01:32:54.337+0600][0.007s][info][gc,init] Large Page Support: Disabled
[2026-04-03T01:32:54.337+0600][0.007s][info][gc,init] NUMA Support: Disabled
[2026-04-03T01:32:54.337+0600][0.007s][info][gc,init] Compressed Oops: Enabled (Zero based)
[2026-04-03T01:32:54.337+0600][0.007s][info][gc,init] Heap Region Size: 2M
[2026-04-03T01:32:54.337+0600][0.007s][info][gc,init] Heap Min Capacity: 8M
[2026-04-03T01:32:54.337+0600][0.007s][info][gc,init] Heap Initial Capacity: 246M
[2026-04-03T01:32:54.337+0600][0.007s][info][gc,init] Heap Max Capacity: 3922M
[2026-04-03T01:32:54.337+0600][0.007s][info][gc,init] Pre-touch: Disabled
[2026-04-03T01:32:54.337+0600][0.007s][info][gc,init] Parallel Workers: 10
[2026-04-03T01:32:54.337+0600][0.007s][info][gc,init] Concurrent Workers: 3
[2026-04-03T01:32:54.337+0600][0.007s][info][gc,init] Concurrent Refinement Workers: 10
[2026-04-03T01:32:54.337+0600][0.007s][info][gc,init] Periodic GC: Disabled
[2026-04-03T01:32:54.354+0600][0.023s][info][gc,metaspace] CDS archive(s) mapped at: [0x000077baef000000-0x000077baefc9c000-0x000077baefc9c000), size 13221888, SharedBaseAddress: 0x000077baef000000, ArchiveRelocationMode: 1.
[2026-04-03T01:32:54.354+0600][0.024s][info][gc,metaspace] Compressed class space mapped at: 0x000077baf0000000-0x000077bb30000000, reserved size: 1073741824
[2026-04-03T01:32:54.354+0600][0.024s][info][gc,metaspace] Narrow klass base: 0x000077baef000000, Narrow klass shift: 0, Narrow klass range: 0x100000000
[2026-04-03T01:32:54.695+0600][0.365s][info][gc,start    ] GC(0) Pause Young (Normal) (G1 Evacuation Pause)
[2026-04-03T01:32:54.696+0600][0.366s][info][gc,task     ] GC(0) Using 5 workers of 10 for evacuation
[2026-04-03T01:32:54.699+0600][0.369s][info][gc,phases   ] GC(0)   Pre Evacuate Collection Set: 0.13ms
[2026-04-03T01:32:54.699+0600][0.369s][info][gc,phases   ] GC(0)   Merge Heap Roots: 0.18ms
[2026-04-03T01:32:54.699+0600][0.369s][info][gc,phases   ] GC(0)   Evacuate Collection Set: 2.21ms
[2026-04-03T01:32:54.699+0600][0.369s][info][gc,phases   ] GC(0)   Post Evacuate Collection Set: 0.44ms
[2026-04-03T01:32:54.699+0600][0.369s][info][gc,phases   ] GC(0)   Other: 1.05ms
[2026-04-03T01:32:54.699+0600][0.369s][info][gc,heap     ] GC(0) Eden regions: 6->0(5)
[2026-04-03T01:32:54.699+0600][0.369s][info][gc,heap     ] GC(0) Survivor regions: 0->1(1)
[2026-04-03T01:32:54.699+0600][0.369s][info][gc,heap     ] GC(0) Old regions: 1->2
[2026-04-03T01:32:54.699+0600][0.369s][info][gc,heap     ] GC(0) Humongous regions: 0->0
[2026-04-03T01:32:54.699+0600][0.369s][info][gc,metaspace] GC(0) Metaspace: 2093K(2304K)->2093K(2304K) NonClass: 1910K(2048K)->1910K(2048K) Class: 183K(256K)->183K(256K)
[2026-04-03T01:32:54.699+0600][0.369s][info][gc          ] GC(0) Pause Young (Normal) (G1 Evacuation Pause) 13M->3M(248M) 4.319ms
[2026-04-03T01:32:54.699+0600][0.369s][info][gc,cpu      ] GC(0) User=0.01s Sys=0.01s Real=0.00s
[2026-04-03T01:32:54.746+0600][0.416s][info][gc,start    ] GC(1) Pause Young (Normal) (G1 Evacuation Pause)
[2026-04-03T01:32:54.746+0600][0.416s][info][gc,task     ] GC(1) Using 5 workers of 10 for evacuation
[2026-04-03T01:32:54.749+0600][0.418s][info][gc,phases   ] GC(1)   Pre Evacuate Collection Set: 0.29ms
[2026-04-03T01:32:54.749+0600][0.418s][info][gc,phases   ] GC(1)   Merge Heap Roots: 0.18ms
[2026-04-03T01:32:54.749+0600][0.418s][info][gc,phases   ] GC(1)   Evacuate Collection Set: 1.91ms
[2026-04-03T01:32:54.749+0600][0.418s][info][gc,phases   ] GC(1)   Post Evacuate Collection Set: 0.31ms
[2026-04-03T01:32:54.749+0600][0.419s][info][gc,phases   ] GC(1)   Other: 0.09ms
[2026-04-03T01:32:54.749+0600][0.419s][info][gc,heap     ] GC(1) Eden regions: 5->0(6)
[2026-04-03T01:32:54.749+0600][0.419s][info][gc,heap     ] GC(1) Survivor regions: 1->1(1)
[2026-04-03T01:32:54.749+0600][0.419s][info][gc,heap     ] GC(1) Old regions: 2->3
[2026-04-03T01:32:54.749+0600][0.419s][info][gc,heap     ] GC(1) Humongous regions: 0->0
[2026-04-03T01:32:54.749+0600][0.419s][info][gc,metaspace] GC(1) Metaspace: 2589K(2752K)->2589K(2752K) NonClass: 2357K(2432K)->2357K(2432K) Class: 231K(320K)->231K(320K)
[2026-04-03T01:32:54.749+0600][0.419s][info][gc          ] GC(1) Pause Young (Normal) (G1 Evacuation Pause) 13M->3M(248M) 3.133ms
[2026-04-03T01:32:54.749+0600][0.419s][info][gc,cpu      ] GC(1) User=0.01s Sys=0.01s Real=0.00s
[2026-04-03T01:32:54.792+0600][0.462s][info][gc,start    ] GC(2) Pause Young (Normal) (G1 Evacuation Pause)
[2026-04-03T01:32:54.792+0600][0.462s][info][gc,task     ] GC(2) Using 5 workers of 10 for evacuation
[2026-04-03T01:32:54.793+0600][0.463s][info][gc,phases   ] GC(2)   Pre Evacuate Collection Set: 0.13ms
[2026-04-03T01:32:54.793+0600][0.463s][info][gc,phases   ] GC(2)   Merge Heap Roots: 0.05ms
[2026-04-03T01:32:54.793+0600][0.463s][info][gc,phases   ] GC(2)   Evacuate Collection Set: 0.31ms
[2026-04-03T01:32:54.793+0600][0.463s][info][gc,phases   ] GC(2)   Post Evacuate Collection Set: 0.21ms
[2026-04-03T01:32:54.793+0600][0.463s][info][gc,phases   ] GC(2)   Other: 0.07ms
[2026-04-03T01:32:54.793+0600][0.463s][info][gc,heap     ] GC(2) Eden regions: 6->0(15)
[2026-04-03T01:32:54.793+0600][0.463s][info][gc,heap     ] GC(2) Survivor regions: 1->1(1)
[2026-04-03T01:32:54.793+0600][0.463s][info][gc,heap     ] GC(2) Old regions: 3->3
[2026-04-03T01:32:54.793+0600][0.463s][info][gc,heap     ] GC(2) Humongous regions: 0->0
[2026-04-03T01:32:54.793+0600][0.463s][info][gc,metaspace] GC(2) Metaspace: 3124K(3328K)->3124K(3328K) NonClass: 2798K(2944K)->2798K(2944K) Class: 325K(384K)->325K(384K)
[2026-04-03T01:32:54.793+0600][0.463s][info][gc          ] GC(2) Pause Young (Normal) (G1 Evacuation Pause) 15M->3M(248M) 1.034ms
[2026-04-03T01:32:54.793+0600][0.463s][info][gc,cpu      ] GC(2) User=0.00s Sys=0.00s Real=0.00s
[2026-04-03T01:32:54.884+0600][0.554s][info][gc,start    ] GC(3) Pause Young (Normal) (G1 Evacuation Pause)
[2026-04-03T01:32:54.884+0600][0.554s][info][gc,task     ] GC(3) Using 5 workers of 10 for evacuation
[2026-04-03T01:32:54.886+0600][0.556s][info][gc,phases   ] GC(3)   Pre Evacuate Collection Set: 0.15ms
[2026-04-03T01:32:54.886+0600][0.556s][info][gc,phases   ] GC(3)   Merge Heap Roots: 0.06ms
[2026-04-03T01:32:54.886+0600][0.556s][info][gc,phases   ] GC(3)   Evacuate Collection Set: 1.03ms
[2026-04-03T01:32:54.886+0600][0.556s][info][gc,phases   ] GC(3)   Post Evacuate Collection Set: 0.32ms
[2026-04-03T01:32:54.886+0600][0.556s][info][gc,phases   ] GC(3)   Other: 0.14ms
[2026-04-03T01:32:54.886+0600][0.556s][info][gc,heap     ] GC(3) Eden regions: 15->0(72)
[2026-04-03T01:32:54.886+0600][0.556s][info][gc,heap     ] GC(3) Survivor regions: 1->1(2)
[2026-04-03T01:32:54.886+0600][0.556s][info][gc,heap     ] GC(3) Old regions: 3->3
[2026-04-03T01:32:54.886+0600][0.556s][info][gc,heap     ] GC(3) Humongous regions: 0->0
[2026-04-03T01:32:54.886+0600][0.556s][info][gc,metaspace] GC(3) Metaspace: 3763K(3968K)->3763K(3968K) NonClass: 3356K(3456K)->3356K(3456K) Class: 407K(512K)->407K(512K)
[2026-04-03T01:32:54.886+0600][0.556s][info][gc          ] GC(3) Pause Young (Normal) (G1 Evacuation Pause) 33M->3M(248M) 1.894ms
[2026-04-03T01:32:54.886+0600][0.556s][info][gc,cpu      ] GC(3) User=0.00s Sys=0.00s Real=0.00s
[2026-04-03T01:32:55.845+0600][1.515s][info][gc,start    ] GC(4) Pause Young (Normal) (G1 Evacuation Pause)
[2026-04-03T01:32:55.846+0600][1.515s][info][gc,task     ] GC(4) Using 5 workers of 10 for evacuation
[2026-04-03T01:32:55.849+0600][1.518s][info][gc,phases   ] GC(4)   Pre Evacuate Collection Set: 0.51ms
[2026-04-03T01:32:55.849+0600][1.519s][info][gc,phases   ] GC(4)   Merge Heap Roots: 0.13ms
[2026-04-03T01:32:55.849+0600][1.519s][info][gc,phases   ] GC(4)   Evacuate Collection Set: 1.58ms
[2026-04-03T01:32:55.849+0600][1.519s][info][gc,phases   ] GC(4)   Post Evacuate Collection Set: 0.70ms
[2026-04-03T01:32:55.849+0600][1.519s][info][gc,phases   ] GC(4)   Other: 0.12ms
[2026-04-03T01:32:55.849+0600][1.519s][info][gc,heap     ] GC(4) Eden regions: 72->0(71)
[2026-04-03T01:32:55.849+0600][1.519s][info][gc,heap     ] GC(4) Survivor regions: 1->2(10)
[2026-04-03T01:32:55.849+0600][1.519s][info][gc,heap     ] GC(4) Old regions: 3->3
[2026-04-03T01:32:55.849+0600][1.519s][info][gc,heap     ] GC(4) Humongous regions: 0->0
[2026-04-03T01:32:55.849+0600][1.519s][info][gc,metaspace] GC(4) Metaspace: 10320K(10560K)->10320K(10560K) NonClass: 9046K(9216K)->9046K(9216K) Class: 1273K(1344K)->1273K(1344K)
[2026-04-03T01:32:55.849+0600][1.519s][info][gc          ] GC(4) Pause Young (Normal) (G1 Evacuation Pause) 147M->6M(248M) 3.350ms
[2026-04-03T01:32:55.849+0600][1.519s][info][gc,cpu      ] GC(4) User=0.01s Sys=0.00s Real=0.00s
[2026-04-03T01:32:56.408+0600][2.077s][info][gc,start    ] GC(5) Pause Young (Normal) (G1 Evacuation Pause)
[2026-04-03T01:32:56.408+0600][2.078s][info][gc,task     ] GC(5) Using 5 workers of 10 for evacuation
[2026-04-03T01:32:56.411+0600][2.081s][info][gc,phases   ] GC(5)   Pre Evacuate Collection Set: 0.39ms
[2026-04-03T01:32:56.411+0600][2.081s][info][gc,phases   ] GC(5)   Merge Heap Roots: 0.07ms
[2026-04-03T01:32:56.411+0600][2.081s][info][gc,phases   ] GC(5)   Evacuate Collection Set: 1.81ms
[2026-04-03T01:32:56.411+0600][2.081s][info][gc,phases   ] GC(5)   Post Evacuate Collection Set: 0.58ms
[2026-04-03T01:32:56.411+0600][2.081s][info][gc,phases   ] GC(5)   Other: 0.14ms
[2026-04-03T01:32:56.411+0600][2.081s][info][gc,heap     ] GC(5) Eden regions: 71->0(71)
[2026-04-03T01:32:56.411+0600][2.081s][info][gc,heap     ] GC(5) Survivor regions: 2->2(10)
[2026-04-03T01:32:56.411+0600][2.081s][info][gc,heap     ] GC(5) Old regions: 3->3
[2026-04-03T01:32:56.411+0600][2.081s][info][gc,heap     ] GC(5) Humongous regions: 0->0
[2026-04-03T01:32:56.411+0600][2.081s][info][gc,metaspace] GC(5) Metaspace: 18452K(18624K)->18452K(18624K) NonClass: 16137K(16256K)->16137K(16256K) Class: 2315K(2368K)->2315K(2368K)
[2026-04-03T01:32:56.411+0600][2.081s][info][gc          ] GC(5) Pause Young (Normal) (G1 Evacuation Pause) 148M->7M(248M) 3.262ms
[2026-04-03T01:32:56.411+0600][2.081s][info][gc,cpu      ] GC(5) User=0.01s Sys=0.01s Real=0.01s
[2026-04-03T01:32:56.625+0600][2.295s][info][gc,start    ] GC(6) Pause Young (Concurrent Start) (Metadata GC Threshold)
[2026-04-03T01:32:56.625+0600][2.295s][info][gc,task     ] GC(6) Using 5 workers of 10 for evacuation
[2026-04-03T01:32:56.628+0600][2.298s][info][gc,phases   ] GC(6)   Pre Evacuate Collection Set: 0.37ms
[2026-04-03T01:32:56.628+0600][2.298s][info][gc,phases   ] GC(6)   Merge Heap Roots: 0.06ms
[2026-04-03T01:32:56.628+0600][2.298s][info][gc,phases   ] GC(6)   Evacuate Collection Set: 1.88ms
[2026-04-03T01:32:56.628+0600][2.298s][info][gc,phases   ] GC(6)   Post Evacuate Collection Set: 0.52ms
[2026-04-03T01:32:56.628+0600][2.298s][info][gc,phases   ] GC(6)   Other: 0.11ms
[2026-04-03T01:32:56.628+0600][2.298s][info][gc,heap     ] GC(6) Eden regions: 26->0(70)
[2026-04-03T01:32:56.628+0600][2.298s][info][gc,heap     ] GC(6) Survivor regions: 2->3(10)
[2026-04-03T01:32:56.628+0600][2.298s][info][gc,heap     ] GC(6) Old regions: 3->3
[2026-04-03T01:32:56.628+0600][2.298s][info][gc,heap     ] GC(6) Humongous regions: 0->0
[2026-04-03T01:32:56.628+0600][2.298s][info][gc,metaspace] GC(6) Metaspace: 21312K(21504K)->21312K(21504K) NonClass: 18611K(18688K)->18611K(18688K) Class: 2700K(2816K)->2700K(2816K)
[2026-04-03T01:32:56.628+0600][2.298s][info][gc          ] GC(6) Pause Young (Concurrent Start) (Metadata GC Threshold) 59M->7M(248M) 3.204ms
[2026-04-03T01:32:56.628+0600][2.298s][info][gc,cpu      ] GC(6) User=0.01s Sys=0.00s Real=0.00s
[2026-04-03T01:32:56.628+0600][2.298s][info][gc          ] GC(7) Concurrent Mark Cycle
[2026-04-03T01:32:56.628+0600][2.298s][info][gc,marking  ] GC(7) Concurrent Scan Root Regions
[2026-04-03T01:32:56.630+0600][2.300s][info][gc,marking  ] GC(7) Concurrent Scan Root Regions 1.938ms
[2026-04-03T01:32:56.630+0600][2.300s][info][gc,marking  ] GC(7) Concurrent Mark
[2026-04-03T01:32:56.630+0600][2.300s][info][gc,marking  ] GC(7) Concurrent Mark From Roots
[2026-04-03T01:32:56.630+0600][2.300s][info][gc,task     ] GC(7) Using 3 workers of 3 for marking
[2026-04-03T01:32:56.634+0600][2.304s][info][gc,marking  ] GC(7) Concurrent Mark From Roots 3.478ms
[2026-04-03T01:32:56.634+0600][2.304s][info][gc,marking  ] GC(7) Concurrent Preclean
[2026-04-03T01:32:56.634+0600][2.304s][info][gc,marking  ] GC(7) Concurrent Preclean 0.022ms
[2026-04-03T01:32:56.634+0600][2.304s][info][gc,start    ] GC(7) Pause Remark
[2026-04-03T01:32:56.637+0600][2.307s][info][gc          ] GC(7) Pause Remark 8M->8M(40M) 3.416ms
[2026-04-03T01:32:56.637+0600][2.307s][info][gc,cpu      ] GC(7) User=0.00s Sys=0.00s Real=0.00s
[2026-04-03T01:32:56.638+0600][2.307s][info][gc,marking  ] GC(7) Concurrent Mark 7.336ms
[2026-04-03T01:32:56.638+0600][2.308s][info][gc,marking  ] GC(7) Concurrent Rebuild Remembered Sets and Scrub Regions
[2026-04-03T01:32:56.640+0600][2.310s][info][gc,marking  ] GC(7) Concurrent Rebuild Remembered Sets and Scrub Regions 1.995ms
[2026-04-03T01:32:56.647+0600][2.317s][info][gc,start    ] GC(7) Pause Cleanup
[2026-04-03T01:32:56.647+0600][2.317s][info][gc          ] GC(7) Pause Cleanup 8M->8M(40M) 0.189ms
[2026-04-03T01:32:56.647+0600][2.317s][info][gc,cpu      ] GC(7) User=0.00s Sys=0.00s Real=0.00s
[2026-04-03T01:32:56.647+0600][2.317s][info][gc,marking  ] GC(7) Concurrent Clear Claimed Marks
[2026-04-03T01:32:56.647+0600][2.317s][info][gc,marking  ] GC(7) Concurrent Clear Claimed Marks 0.069ms
[2026-04-03T01:32:56.647+0600][2.317s][info][gc,marking  ] GC(7) Concurrent Cleanup for Next Mark
[2026-04-03T01:32:56.648+0600][2.318s][info][gc,marking  ] GC(7) Concurrent Cleanup for Next Mark 0.890ms
[2026-04-03T01:32:56.648+0600][2.318s][info][gc          ] GC(7) Concurrent Mark Cycle 20.165ms
[2026-04-03T01:32:56.903+0600][2.573s][info][gc,start    ] GC(8) Pause Young (Prepare Mixed) (G1 Evacuation Pause)
[2026-04-03T01:32:56.903+0600][2.573s][info][gc,task     ] GC(8) Using 3 workers of 10 for evacuation
[2026-04-03T01:32:56.910+0600][2.579s][info][gc,phases   ] GC(8)   Pre Evacuate Collection Set: 0.28ms
[2026-04-03T01:32:56.910+0600][2.579s][info][gc,phases   ] GC(8)   Merge Heap Roots: 0.14ms
[2026-04-03T01:32:56.910+0600][2.580s][info][gc,phases   ] GC(8)   Evacuate Collection Set: 4.58ms
[2026-04-03T01:32:56.910+0600][2.580s][info][gc,phases   ] GC(8)   Post Evacuate Collection Set: 1.43ms
[2026-04-03T01:32:56.910+0600][2.580s][info][gc,phases   ] GC(8)   Other: 0.09ms
[2026-04-03T01:32:56.910+0600][2.580s][info][gc,heap     ] GC(8) Eden regions: 14->0(40)
[2026-04-03T01:32:56.910+0600][2.580s][info][gc,heap     ] GC(8) Survivor regions: 3->3(10)
[2026-04-03T01:32:56.910+0600][2.580s][info][gc,heap     ] GC(8) Old regions: 3->3
[2026-04-03T01:32:56.910+0600][2.580s][info][gc,heap     ] GC(8) Humongous regions: 0->0
[2026-04-03T01:32:56.910+0600][2.580s][info][gc,metaspace] GC(8) Metaspace: 23834K(24064K)->23834K(24064K) NonClass: 20741K(20864K)->20741K(20864K) Class: 3092K(3200K)->3092K(3200K)
[2026-04-03T01:32:56.910+0600][2.580s][info][gc          ] GC(8) Pause Young (Prepare Mixed) (G1 Evacuation Pause) 35M->8M(146M) 6.762ms
[2026-04-03T01:32:56.910+0600][2.580s][info][gc,cpu      ] GC(8) User=0.01s Sys=0.00s Real=0.01s
[2026-04-03T01:32:57.745+0600][3.415s][info][gc,start    ] GC(9) Pause Young (Mixed) (G1 Evacuation Pause)
[2026-04-03T01:32:57.746+0600][3.416s][info][gc,task     ] GC(9) Using 10 workers of 10 for evacuation
[2026-04-03T01:32:57.753+0600][3.423s][info][gc,phases   ] GC(9)   Pre Evacuate Collection Set: 0.13ms
[2026-04-03T01:32:57.753+0600][3.423s][info][gc,phases   ] GC(9)   Merge Heap Roots: 0.15ms
[2026-04-03T01:32:57.753+0600][3.423s][info][gc,phases   ] GC(9)   Evacuate Collection Set: 5.64ms
[2026-04-03T01:32:57.753+0600][3.423s][info][gc,phases   ] GC(9)   Post Evacuate Collection Set: 1.12ms
[2026-04-03T01:32:57.753+0600][3.423s][info][gc,phases   ] GC(9)   Other: 0.38ms
[2026-04-03T01:32:57.753+0600][3.423s][info][gc,heap     ] GC(9) Eden regions: 40->0(38)
[2026-04-03T01:32:57.753+0600][3.423s][info][gc,heap     ] GC(9) Survivor regions: 3->5(6)
[2026-04-03T01:32:57.753+0600][3.423s][info][gc,heap     ] GC(9) Old regions: 3->3
[2026-04-03T01:32:57.753+0600][3.423s][info][gc,heap     ] GC(9) Humongous regions: 0->0
[2026-04-03T01:32:57.753+0600][3.423s][info][gc,metaspace] GC(9) Metaspace: 34801K(35200K)->34801K(35200K) NonClass: 30128K(30336K)->30128K(30336K) Class: 4672K(4864K)->4672K(4864K)
[2026-04-03T01:32:57.753+0600][3.423s][info][gc          ] GC(9) Pause Young (Mixed) (G1 Evacuation Pause) 88M->12M(146M) 7.658ms
[2026-04-03T01:32:57.753+0600][3.423s][info][gc,cpu      ] GC(9) User=0.05s Sys=0.01s Real=0.01s
[2026-04-03T01:32:57.755+0600][3.425s][info][gc,start    ] GC(10) Pause Full (System.gc())
[2026-04-03T01:32:57.755+0600][3.425s][info][gc,task     ] GC(10) Using 6 workers of 10 for full compaction
[2026-04-03T01:32:57.755+0600][3.425s][info][gc,phases,start] GC(10) Phase 1: Mark live objects
[2026-04-03T01:32:57.763+0600][3.433s][info][gc,phases      ] GC(10) Phase 1: Mark live objects 8.074ms
[2026-04-03T01:32:57.763+0600][3.433s][info][gc,phases,start] GC(10) Phase 2: Prepare compaction
[2026-04-03T01:32:57.764+0600][3.434s][info][gc,phases      ] GC(10) Phase 2: Prepare compaction 1.081ms
[2026-04-03T01:32:57.764+0600][3.434s][info][gc,phases,start] GC(10) Phase 3: Adjust pointers
[2026-04-03T01:32:57.768+0600][3.438s][info][gc,phases      ] GC(10) Phase 3: Adjust pointers 3.898ms
[2026-04-03T01:32:57.768+0600][3.438s][info][gc,phases,start] GC(10) Phase 4: Compact heap
[2026-04-03T01:32:57.770+0600][3.440s][info][gc,phases      ] GC(10) Phase 4: Compact heap 1.479ms
[2026-04-03T01:32:57.770+0600][3.440s][info][gc,phases,start] GC(10) Phase 5: Reset Metadata
[2026-04-03T01:32:57.771+0600][3.441s][info][gc,phases      ] GC(10) Phase 5: Reset Metadata 1.249ms
[2026-04-03T01:32:57.775+0600][3.445s][info][gc,heap        ] GC(10) Eden regions: 2->0(16)
[2026-04-03T01:32:57.775+0600][3.445s][info][gc,heap        ] GC(10) Survivor regions: 5->0(6)
[2026-04-03T01:32:57.775+0600][3.445s][info][gc,heap        ] GC(10) Old regions: 3->8
[2026-04-03T01:32:57.775+0600][3.445s][info][gc,heap        ] GC(10) Humongous regions: 0->0
[2026-04-03T01:32:57.775+0600][3.445s][info][gc,metaspace   ] GC(10) Metaspace: 34814K(35200K)->34814K(35200K) NonClass: 30138K(30336K)->30138K(30336K) Class: 4676K(4864K)->4676K(4864K)
[2026-04-03T01:32:57.775+0600][3.445s][info][gc             ] GC(10) Pause Full (System.gc()) 16M->11M(54M) 20.304ms
[2026-04-03T01:32:57.775+0600][3.445s][info][gc,cpu         ] GC(10) User=0.08s Sys=0.01s Real=0.02s
[2026-04-03T01:32:58.167+0600][3.837s][info][gc,start       ] GC(11) Pause Young (Normal) (G1 Evacuation Pause)
[2026-04-03T01:32:58.167+0600][3.837s][info][gc,task        ] GC(11) Using 10 workers of 10 for evacuation
[2026-04-03T01:32:58.171+0600][3.841s][info][gc,phases      ] GC(11)   Pre Evacuate Collection Set: 0.18ms
[2026-04-03T01:32:58.171+0600][3.841s][info][gc,phases      ] GC(11)   Merge Heap Roots: 0.10ms
[2026-04-03T01:32:58.171+0600][3.841s][info][gc,phases      ] GC(11)   Evacuate Collection Set: 2.86ms
[2026-04-03T01:32:58.171+0600][3.841s][info][gc,phases      ] GC(11)   Post Evacuate Collection Set: 0.58ms
[2026-04-03T01:32:58.171+0600][3.841s][info][gc,phases      ] GC(11)   Other: 0.10ms
[2026-04-03T01:32:58.171+0600][3.841s][info][gc,heap        ] GC(11) Eden regions: 16->0(15)
[2026-04-03T01:32:58.171+0600][3.841s][info][gc,heap        ] GC(11) Survivor regions: 0->1(2)
[2026-04-03T01:32:58.171+0600][3.841s][info][gc,heap        ] GC(11) Old regions: 8->8
[2026-04-03T01:32:58.171+0600][3.841s][info][gc,heap        ] GC(11) Humongous regions: 0->0
[2026-04-03T01:32:58.171+0600][3.841s][info][gc,metaspace   ] GC(11) Metaspace: 39024K(39488K)->39024K(39488K) NonClass: 33456K(33728K)->33456K(33728K) Class: 5567K(5760K)->5567K(5760K)
[2026-04-03T01:32:58.171+0600][3.841s][info][gc             ] GC(11) Pause Young (Normal) (G1 Evacuation Pause) 43M->12M(54M) 4.173ms
[2026-04-03T01:32:58.171+0600][3.841s][info][gc,cpu         ] GC(11) User=0.03s Sys=0.00s Real=0.01s
[2026-04-03T01:32:58.573+0600][4.243s][info][gc,start       ] GC(12) Pause Young (Normal) (G1 Evacuation Pause)
[2026-04-03T01:32:58.573+0600][4.243s][info][gc,task        ] GC(12) Using 10 workers of 10 for evacuation
[2026-04-03T01:32:58.580+0600][4.250s][info][gc,phases      ] GC(12)   Pre Evacuate Collection Set: 0.20ms
[2026-04-03T01:32:58.580+0600][4.250s][info][gc,phases      ] GC(12)   Merge Heap Roots: 0.14ms
[2026-04-03T01:32:58.580+0600][4.250s][info][gc,phases      ] GC(12)   Evacuate Collection Set: 5.14ms
[2026-04-03T01:32:58.580+0600][4.250s][info][gc,phases      ] GC(12)   Post Evacuate Collection Set: 0.68ms
[2026-04-03T01:32:58.580+0600][4.250s][info][gc,phases      ] GC(12)   Other: 0.10ms
[2026-04-03T01:32:58.580+0600][4.250s][info][gc,heap        ] GC(12) Eden regions: 15->0(14)
[2026-04-03T01:32:58.580+0600][4.250s][info][gc,heap        ] GC(12) Survivor regions: 1->2(2)
[2026-04-03T01:32:58.580+0600][4.250s][info][gc,heap        ] GC(12) Old regions: 8->8
[2026-04-03T01:32:58.580+0600][4.250s][info][gc,heap        ] GC(12) Humongous regions: 0->0
[2026-04-03T01:32:58.580+0600][4.250s][info][gc,metaspace   ] GC(12) Metaspace: 44389K(44928K)->44389K(44928K) NonClass: 37485K(37824K)->37485K(37824K) Class: 6903K(7104K)->6903K(7104K)
[2026-04-03T01:32:58.580+0600][4.250s][info][gc             ] GC(12) Pause Young (Normal) (G1 Evacuation Pause) 42M->13M(54M) 6.605ms
[2026-04-03T01:32:58.580+0600][4.250s][info][gc,cpu         ] GC(12) User=0.07s Sys=0.00s Real=0.01s
[2026-04-03T01:32:58.995+0600][4.665s][info][gc,start       ] GC(13) Pause Young (Normal) (G1 Evacuation Pause)
[2026-04-03T01:32:58.995+0600][4.665s][info][gc,task        ] GC(13) Using 10 workers of 10 for evacuation
[2026-04-03T01:32:59.003+0600][4.673s][info][gc,phases      ] GC(13)   Pre Evacuate Collection Set: 0.23ms
[2026-04-03T01:32:59.003+0600][4.673s][info][gc,phases      ] GC(13)   Merge Heap Roots: 0.12ms
[2026-04-03T01:32:59.003+0600][4.673s][info][gc,phases      ] GC(13)   Evacuate Collection Set: 6.15ms
[2026-04-03T01:32:59.003+0600][4.673s][info][gc,phases      ] GC(13)   Post Evacuate Collection Set: 1.01ms
[2026-04-03T01:32:59.003+0600][4.673s][info][gc,phases      ] GC(13)   Other: 0.10ms
[2026-04-03T01:32:59.003+0600][4.673s][info][gc,heap        ] GC(13) Eden regions: 14->0(12)
[2026-04-03T01:32:59.003+0600][4.673s][info][gc,heap        ] GC(13) Survivor regions: 2->2(2)
[2026-04-03T01:32:59.003+0600][4.673s][info][gc,heap        ] GC(13) Old regions: 8->10
[2026-04-03T01:32:59.003+0600][4.673s][info][gc,heap        ] GC(13) Humongous regions: 0->0
[2026-04-03T01:32:59.003+0600][4.673s][info][gc,metaspace   ] GC(13) Metaspace: 49752K(50432K)->49752K(50432K) NonClass: 41838K(42240K)->41838K(42240K) Class: 7913K(8192K)->7913K(8192K)
[2026-04-03T01:32:59.003+0600][4.673s][info][gc             ] GC(13) Pause Young (Normal) (G1 Evacuation Pause) 41M->17M(56M) 8.102ms
[2026-04-03T01:32:59.003+0600][4.673s][info][gc,cpu         ] GC(13) User=0.06s Sys=0.00s Real=0.01s
[2026-04-03T01:32:59.611+0600][5.281s][info][gc,start       ] GC(14) Pause Young (Normal) (G1 Evacuation Pause)
[2026-04-03T01:32:59.612+0600][5.282s][info][gc,task        ] GC(14) Using 10 workers of 10 for evacuation
[2026-04-03T01:32:59.619+0600][5.289s][info][gc,phases      ] GC(14)   Pre Evacuate Collection Set: 0.44ms
[2026-04-03T01:32:59.620+0600][5.289s][info][gc,phases      ] GC(14)   Merge Heap Roots: 0.25ms
[2026-04-03T01:32:59.620+0600][5.289s][info][gc,phases      ] GC(14)   Evacuate Collection Set: 5.68ms
[2026-04-03T01:32:59.620+0600][5.289s][info][gc,phases      ] GC(14)   Post Evacuate Collection Set: 1.31ms
[2026-04-03T01:32:59.620+0600][5.290s][info][gc,phases      ] GC(14)   Other: 0.16ms
[2026-04-03T01:32:59.620+0600][5.290s][info][gc,heap        ] GC(14) Eden regions: 12->0(44)
[2026-04-03T01:32:59.620+0600][5.290s][info][gc,heap        ] GC(14) Survivor regions: 2->1(2)
[2026-04-03T01:32:59.620+0600][5.290s][info][gc,heap        ] GC(14) Old regions: 10->12
[2026-04-03T01:32:59.620+0600][5.290s][info][gc,heap        ] GC(14) Humongous regions: 0->0
[2026-04-03T01:32:59.620+0600][5.290s][info][gc,metaspace   ] GC(14) Metaspace: 53108K(53824K)->53108K(53824K) NonClass: 44608K(45056K)->44608K(45056K) Class: 8500K(8768K)->8500K(8768K)
[2026-04-03T01:32:59.620+0600][5.290s][info][gc             ] GC(14) Pause Young (Normal) (G1 Evacuation Pause) 41M->19M(152M) 8.341ms
[2026-04-03T01:32:59.620+0600][5.290s][info][gc,cpu         ] GC(14) User=0.07s Sys=0.01s Real=0.01s
[2026-04-03T01:33:02.024+0600][7.694s][info][gc,start       ] GC(15) Pause Young (Normal) (G1 Evacuation Pause)
[2026-04-03T01:33:02.024+0600][7.694s][info][gc,task        ] GC(15) Using 10 workers of 10 for evacuation
[2026-04-03T01:33:02.030+0600][7.700s][info][gc,phases      ] GC(15)   Pre Evacuate Collection Set: 0.31ms
[2026-04-03T01:33:02.030+0600][7.700s][info][gc,phases      ] GC(15)   Merge Heap Roots: 0.20ms
[2026-04-03T01:33:02.030+0600][7.700s][info][gc,phases      ] GC(15)   Evacuate Collection Set: 3.90ms
[2026-04-03T01:33:02.030+0600][7.700s][info][gc,phases      ] GC(15)   Post Evacuate Collection Set: 0.82ms
[2026-04-03T01:33:02.030+0600][7.700s][info][gc,phases      ] GC(15)   Other: 0.14ms
[2026-04-03T01:33:02.030+0600][7.700s][info][gc,heap        ] GC(15) Eden regions: 44->0(44)
[2026-04-03T01:33:02.030+0600][7.700s][info][gc,heap        ] GC(15) Survivor regions: 1->1(6)
[2026-04-03T01:33:02.030+0600][7.700s][info][gc,heap        ] GC(15) Old regions: 12->12
[2026-04-03T01:33:02.030+0600][7.700s][info][gc,heap        ] GC(15) Humongous regions: 0->0
[2026-04-03T01:33:02.030+0600][7.700s][info][gc,metaspace   ] GC(15) Metaspace: 54603K(55296K)->54603K(55296K) NonClass: 46100K(46528K)->46100K(46528K) Class: 8503K(8768K)->8503K(8768K)
[2026-04-03T01:33:02.030+0600][7.700s][info][gc             ] GC(15) Pause Young (Normal) (G1 Evacuation Pause) 107M->19M(152M) 5.745ms
[2026-04-03T01:33:02.030+0600][7.700s][info][gc,cpu         ] GC(15) User=0.04s Sys=0.00s Real=0.01s
[2026-04-03T01:33:03.578+0600][9.247s][info][gc,start       ] GC(16) Pause Young (Normal) (G1 Evacuation Pause)
[2026-04-03T01:33:03.578+0600][9.248s][info][gc,task        ] GC(16) Using 10 workers of 10 for evacuation
[2026-04-03T01:33:03.582+0600][9.252s][info][gc,phases      ] GC(16)   Pre Evacuate Collection Set: 0.31ms
[2026-04-03T01:33:03.582+0600][9.252s][info][gc,phases      ] GC(16)   Merge Heap Roots: 0.16ms
[2026-04-03T01:33:03.582+0600][9.252s][info][gc,phases      ] GC(16)   Evacuate Collection Set: 3.17ms
[2026-04-03T01:33:03.582+0600][9.252s][info][gc,phases      ] GC(16)   Post Evacuate Collection Set: 0.84ms
[2026-04-03T01:33:03.582+0600][9.252s][info][gc,phases      ] GC(16)   Other: 0.19ms
[2026-04-03T01:33:03.582+0600][9.252s][info][gc,heap        ] GC(16) Eden regions: 44->0(44)
[2026-04-03T01:33:03.582+0600][9.252s][info][gc,heap        ] GC(16) Survivor regions: 1->1(6)
[2026-04-03T01:33:03.582+0600][9.252s][info][gc,heap        ] GC(16) Old regions: 12->12
[2026-04-03T01:33:03.582+0600][9.252s][info][gc,heap        ] GC(16) Humongous regions: 0->0
[2026-04-03T01:33:03.582+0600][9.252s][info][gc,metaspace   ] GC(16) Metaspace: 54721K(55424K)->54721K(55424K) NonClass: 46217K(46656K)->46217K(46656K) Class: 8504K(8768K)->8504K(8768K)
[2026-04-03T01:33:03.583+0600][9.252s][info][gc             ] GC(16) Pause Young (Normal) (G1 Evacuation Pause) 107M->19M(152M) 5.019ms
[2026-04-03T01:33:03.583+0600][9.252s][info][gc,cpu         ] GC(16) User=0.03s Sys=0.00s Real=0.01s
[2026-04-03T01:33:04.770+0600][10.440s][info][gc,start       ] GC(17) Pause Young (Normal) (G1 Evacuation Pause)
[2026-04-03T01:33:04.770+0600][10.440s][info][gc,task        ] GC(17) Using 10 workers of 10 for evacuation
[2026-04-03T01:33:04.774+0600][10.444s][info][gc,phases      ] GC(17)   Pre Evacuate Collection Set: 0.41ms
[2026-04-03T01:33:04.774+0600][10.444s][info][gc,phases      ] GC(17)   Merge Heap Roots: 0.21ms
[2026-04-03T01:33:04.774+0600][10.444s][info][gc,phases      ] GC(17)   Evacuate Collection Set: 3.03ms
[2026-04-03T01:33:04.774+0600][10.444s][info][gc,phases      ] GC(17)   Post Evacuate Collection Set: 0.72ms
[2026-04-03T01:33:04.774+0600][10.444s][info][gc,phases      ] GC(17)   Other: 0.13ms
[2026-04-03T01:33:04.774+0600][10.444s][info][gc,heap        ] GC(17) Eden regions: 44->0(44)
[2026-04-03T01:33:04.774+0600][10.444s][info][gc,heap        ] GC(17) Survivor regions: 1->1(6)
[2026-04-03T01:33:04.774+0600][10.444s][info][gc,heap        ] GC(17) Old regions: 12->12
[2026-04-03T01:33:04.774+0600][10.444s][info][gc,heap        ] GC(17) Humongous regions: 0->0
[2026-04-03T01:33:04.775+0600][10.444s][info][gc,metaspace   ] GC(17) Metaspace: 54840K(55616K)->54840K(55616K) NonClass: 46333K(46784K)->46333K(46784K) Class: 8506K(8832K)->8506K(8832K)
[2026-04-03T01:33:04.775+0600][10.444s][info][gc             ] GC(17) Pause Young (Normal) (G1 Evacuation Pause) 107M->19M(152M) 4.970ms
[2026-04-03T01:33:04.775+0600][10.445s][info][gc,cpu         ] GC(17) User=0.04s Sys=0.00s Real=0.01s
[2026-04-03T01:33:05.630+0600][11.300s][info][gc,start       ] GC(18) Pause Young (Normal) (G1 Evacuation Pause)
[2026-04-03T01:33:05.631+0600][11.301s][info][gc,task        ] GC(18) Using 10 workers of 10 for evacuation
[2026-04-03T01:33:05.635+0600][11.305s][info][gc,phases      ] GC(18)   Pre Evacuate Collection Set: 0.36ms
[2026-04-03T01:33:05.635+0600][11.305s][info][gc,phases      ] GC(18)   Merge Heap Roots: 0.17ms
[2026-04-03T01:33:05.635+0600][11.305s][info][gc,phases      ] GC(18)   Evacuate Collection Set: 2.70ms
[2026-04-03T01:33:05.635+0600][11.305s][info][gc,phases      ] GC(18)   Post Evacuate Collection Set: 0.64ms
[2026-04-03T01:33:05.635+0600][11.305s][info][gc,phases      ] GC(18)   Other: 0.12ms
[2026-04-03T01:33:05.635+0600][11.305s][info][gc,heap        ] GC(18) Eden regions: 44->0(44)
[2026-04-03T01:33:05.635+0600][11.305s][info][gc,heap        ] GC(18) Survivor regions: 1->1(6)
[2026-04-03T01:33:05.635+0600][11.305s][info][gc,heap        ] GC(18) Old regions: 12->12
[2026-04-03T01:33:05.635+0600][11.305s][info][gc,heap        ] GC(18) Humongous regions: 0->0
[2026-04-03T01:33:05.635+0600][11.305s][info][gc,metaspace   ] GC(18) Metaspace: 54865K(55616K)->54865K(55616K) NonClass: 46358K(46784K)->46358K(46784K) Class: 8506K(8832K)->8506K(8832K)
[2026-04-03T01:33:05.635+0600][11.305s][info][gc             ] GC(18) Pause Young (Normal) (G1 Evacuation Pause) 107M->19M(152M) 4.359ms
[2026-04-03T01:33:05.635+0600][11.305s][info][gc,cpu         ] GC(18) User=0.04s Sys=0.00s Real=0.00s
[2026-04-03T01:33:06.437+0600][12.107s][info][gc,start       ] GC(19) Pause Young (Normal) (G1 Evacuation Pause)
[2026-04-03T01:33:06.437+0600][12.107s][info][gc,task        ] GC(19) Using 10 workers of 10 for evacuation
[2026-04-03T01:33:06.444+0600][12.113s][info][gc,phases      ] GC(19)   Pre Evacuate Collection Set: 0.19ms
[2026-04-03T01:33:06.444+0600][12.114s][info][gc,phases      ] GC(19)   Merge Heap Roots: 0.14ms
[2026-04-03T01:33:06.444+0600][12.114s][info][gc,phases      ] GC(19)   Evacuate Collection Set: 4.85ms
[2026-04-03T01:33:06.444+0600][12.114s][info][gc,phases      ] GC(19)   Post Evacuate Collection Set: 0.98ms
[2026-04-03T01:33:06.444+0600][12.114s][info][gc,phases      ] GC(19)   Other: 0.10ms
[2026-04-03T01:33:06.444+0600][12.114s][info][gc,heap        ] GC(19) Eden regions: 44->0(44)
[2026-04-03T01:33:06.444+0600][12.114s][info][gc,heap        ] GC(19) Survivor regions: 1->1(6)
[2026-04-03T01:33:06.444+0600][12.114s][info][gc,heap        ] GC(19) Old regions: 12->12
[2026-04-03T01:33:06.444+0600][12.114s][info][gc,heap        ] GC(19) Humongous regions: 0->0
[2026-04-03T01:33:06.444+0600][12.114s][info][gc,metaspace   ] GC(19) Metaspace: 54890K(55616K)->54890K(55616K) NonClass: 46383K(46784K)->46383K(46784K) Class: 8506K(8832K)->8506K(8832K)
[2026-04-03T01:33:06.444+0600][12.114s][info][gc             ] GC(19) Pause Young (Normal) (G1 Evacuation Pause) 107M->19M(152M) 6.592ms
[2026-04-03T01:33:06.444+0600][12.114s][info][gc,cpu         ] GC(19) User=0.03s Sys=0.00s Real=0.01s
[2026-04-03T01:33:07.278+0600][12.948s][info][gc,start       ] GC(20) Pause Young (Normal) (G1 Evacuation Pause)
[2026-04-03T01:33:07.278+0600][12.948s][info][gc,task        ] GC(20) Using 10 workers of 10 for evacuation
[2026-04-03T01:33:07.283+0600][12.953s][info][gc,phases      ] GC(20)   Pre Evacuate Collection Set: 0.30ms
[2026-04-03T01:33:07.283+0600][12.953s][info][gc,phases      ] GC(20)   Merge Heap Roots: 0.22ms
[2026-04-03T01:33:07.283+0600][12.953s][info][gc,phases      ] GC(20)   Evacuate Collection Set: 3.05ms
[2026-04-03T01:33:07.283+0600][12.953s][info][gc,phases      ] GC(20)   Post Evacuate Collection Set: 1.01ms
[2026-04-03T01:33:07.283+0600][12.953s][info][gc,phases      ] GC(20)   Other: 0.12ms
[2026-04-03T01:33:07.283+0600][12.953s][info][gc,heap        ] GC(20) Eden regions: 44->0(44)
[2026-04-03T01:33:07.283+0600][12.953s][info][gc,heap        ] GC(20) Survivor regions: 1->1(6)
[2026-04-03T01:33:07.283+0600][12.953s][info][gc,heap        ] GC(20) Old regions: 12->12
[2026-04-03T01:33:07.283+0600][12.953s][info][gc,heap        ] GC(20) Humongous regions: 0->0
[2026-04-03T01:33:07.283+0600][12.953s][info][gc,metaspace   ] GC(20) Metaspace: 54895K(55616K)->54895K(55616K) NonClass: 46388K(46784K)->46388K(46784K) Class: 8506K(8832K)->8506K(8832K)
[2026-04-03T01:33:07.284+0600][12.953s][info][gc             ] GC(20) Pause Young (Normal) (G1 Evacuation Pause) 107M->19M(152M) 5.222ms
[2026-04-03T01:33:07.284+0600][12.954s][info][gc,cpu         ] GC(20) User=0.04s Sys=0.00s Real=0.01s
[2026-04-03T01:33:08.040+0600][13.710s][info][gc,start       ] GC(21) Pause Young (Normal) (G1 Evacuation Pause)
[2026-04-03T01:33:08.041+0600][13.710s][info][gc,task        ] GC(21) Using 10 workers of 10 for evacuation
[2026-04-03T01:33:08.044+0600][13.714s][info][gc,phases      ] GC(21)   Pre Evacuate Collection Set: 0.19ms
[2026-04-03T01:33:08.044+0600][13.714s][info][gc,phases      ] GC(21)   Merge Heap Roots: 0.16ms
[2026-04-03T01:33:08.044+0600][13.714s][info][gc,phases      ] GC(21)   Evacuate Collection Set: 2.32ms
[2026-04-03T01:33:08.044+0600][13.714s][info][gc,phases      ] GC(21)   Post Evacuate Collection Set: 0.77ms
[2026-04-03T01:33:08.044+0600][13.714s][info][gc,phases      ] GC(21)   Other: 0.12ms
[2026-04-03T01:33:08.044+0600][13.714s][info][gc,heap        ] GC(21) Eden regions: 44->0(44)
[2026-04-03T01:33:08.044+0600][13.714s][info][gc,heap        ] GC(21) Survivor regions: 1->1(6)
[2026-04-03T01:33:08.044+0600][13.714s][info][gc,heap        ] GC(21) Old regions: 12->12
[2026-04-03T01:33:08.044+0600][13.714s][info][gc,heap        ] GC(21) Humongous regions: 0->0
[2026-04-03T01:33:08.044+0600][13.714s][info][gc,metaspace   ] GC(21) Metaspace: 54896K(55616K)->54896K(55616K) NonClass: 46390K(46784K)->46390K(46784K) Class: 8506K(8832K)->8506K(8832K)
[2026-04-03T01:33:08.044+0600][13.714s][info][gc             ] GC(21) Pause Young (Normal) (G1 Evacuation Pause) 107M->19M(152M) 3.903ms
[2026-04-03T01:33:08.044+0600][13.714s][info][gc,cpu         ] GC(21) User=0.03s Sys=0.00s Real=0.00s
[2026-04-03T01:33:08.809+0600][14.479s][info][gc,start       ] GC(22) Pause Young (Normal) (G1 Evacuation Pause)
[2026-04-03T01:33:08.809+0600][14.479s][info][gc,task        ] GC(22) Using 10 workers of 10 for evacuation
[2026-04-03T01:33:08.816+0600][14.486s][info][gc,phases      ] GC(22)   Pre Evacuate Collection Set: 0.36ms
[2026-04-03T01:33:08.816+0600][14.486s][info][gc,phases      ] GC(22)   Merge Heap Roots: 0.21ms
[2026-04-03T01:33:08.816+0600][14.486s][info][gc,phases      ] GC(22)   Evacuate Collection Set: 5.57ms
[2026-04-03T01:33:08.816+0600][14.486s][info][gc,phases      ] GC(22)   Post Evacuate Collection Set: 0.93ms
[2026-04-03T01:33:08.816+0600][14.486s][info][gc,phases      ] GC(22)   Other: 0.24ms
[2026-04-03T01:33:08.816+0600][14.486s][info][gc,heap        ] GC(22) Eden regions: 44->0(44)
[2026-04-03T01:33:08.817+0600][14.486s][info][gc,heap        ] GC(22) Survivor regions: 1->1(6)
[2026-04-03T01:33:08.817+0600][14.486s][info][gc,heap        ] GC(22) Old regions: 12->12
[2026-04-03T01:33:08.817+0600][14.486s][info][gc,heap        ] GC(22) Humongous regions: 0->0
[2026-04-03T01:33:08.817+0600][14.486s][info][gc,metaspace   ] GC(22) Metaspace: 54902K(55616K)->54902K(55616K) NonClass: 46395K(46784K)->46395K(46784K) Class: 8507K(8832K)->8507K(8832K)
[2026-04-03T01:33:08.817+0600][14.487s][info][gc             ] GC(22) Pause Young (Normal) (G1 Evacuation Pause) 107M->19M(152M) 7.722ms
[2026-04-03T01:33:08.817+0600][14.487s][info][gc,cpu         ] GC(22) User=0.04s Sys=0.00s Real=0.01s
[2026-04-03T01:33:09.537+0600][15.207s][info][gc,start       ] GC(23) Pause Young (Normal) (G1 Evacuation Pause)
[2026-04-03T01:33:09.537+0600][15.207s][info][gc,task        ] GC(23) Using 10 workers of 10 for evacuation
[2026-04-03T01:33:09.541+0600][15.211s][info][gc,phases      ] GC(23)   Pre Evacuate Collection Set: 0.43ms
[2026-04-03T01:33:09.541+0600][15.211s][info][gc,phases      ] GC(23)   Merge Heap Roots: 0.15ms
[2026-04-03T01:33:09.541+0600][15.211s][info][gc,phases      ] GC(23)   Evacuate Collection Set: 2.17ms
[2026-04-03T01:33:09.541+0600][15.211s][info][gc,phases      ] GC(23)   Post Evacuate Collection Set: 0.82ms
[2026-04-03T01:33:09.541+0600][15.211s][info][gc,phases      ] GC(23)   Other: 0.11ms
[2026-04-03T01:33:09.541+0600][15.211s][info][gc,heap        ] GC(23) Eden regions: 44->0(44)
[2026-04-03T01:33:09.541+0600][15.211s][info][gc,heap        ] GC(23) Survivor regions: 1->1(6)
[2026-04-03T01:33:09.541+0600][15.211s][info][gc,heap        ] GC(23) Old regions: 12->12
[2026-04-03T01:33:09.541+0600][15.211s][info][gc,heap        ] GC(23) Humongous regions: 0->0
[2026-04-03T01:33:09.541+0600][15.211s][info][gc,metaspace   ] GC(23) Metaspace: 54904K(55616K)->54904K(55616K) NonClass: 46397K(46784K)->46397K(46784K) Class: 8507K(8832K)->8507K(8832K)
[2026-04-03T01:33:09.541+0600][15.211s][info][gc             ] GC(23) Pause Young (Normal) (G1 Evacuation Pause) 107M->19M(152M) 4.063ms
[2026-04-03T01:33:09.541+0600][15.211s][info][gc,cpu         ] GC(23) User=0.02s Sys=0.01s Real=0.01s
[2026-04-03T01:33:10.168+0600][15.838s][info][gc,start       ] GC(24) Pause Young (Normal) (G1 Evacuation Pause)
[2026-04-03T01:33:10.168+0600][15.838s][info][gc,task        ] GC(24) Using 10 workers of 10 for evacuation
[2026-04-03T01:33:10.173+0600][15.843s][info][gc,phases      ] GC(24)   Pre Evacuate Collection Set: 0.20ms
[2026-04-03T01:33:10.173+0600][15.843s][info][gc,phases      ] GC(24)   Merge Heap Roots: 0.14ms
[2026-04-03T01:33:10.173+0600][15.843s][info][gc,phases      ] GC(24)   Evacuate Collection Set: 3.22ms
[2026-04-03T01:33:10.173+0600][15.843s][info][gc,phases      ] GC(24)   Post Evacuate Collection Set: 0.81ms
[2026-04-03T01:33:10.173+0600][15.843s][info][gc,phases      ] GC(24)   Other: 0.11ms
[2026-04-03T01:33:10.173+0600][15.843s][info][gc,heap        ] GC(24) Eden regions: 44->0(44)
[2026-04-03T01:33:10.173+0600][15.843s][info][gc,heap        ] GC(24) Survivor regions: 1->1(6)
[2026-04-03T01:33:10.173+0600][15.843s][info][gc,heap        ] GC(24) Old regions: 12->12
[2026-04-03T01:33:10.173+0600][15.843s][info][gc,heap        ] GC(24) Humongous regions: 0->0
[2026-04-03T01:33:10.173+0600][15.843s][info][gc,metaspace   ] GC(24) Metaspace: 54914K(55680K)->54914K(55680K) NonClass: 46407K(46848K)->46407K(46848K) Class: 8507K(8832K)->8507K(8832K)
[2026-04-03T01:33:10.173+0600][15.843s][info][gc             ] GC(24) Pause Young (Normal) (G1 Evacuation Pause) 107M->19M(152M) 4.915ms
[2026-04-03T01:33:10.173+0600][15.843s][info][gc,cpu         ] GC(24) User=0.03s Sys=0.00s Real=0.01s
[2026-04-03T01:33:10.755+0600][16.425s][info][gc,start       ] GC(25) Pause Young (Normal) (G1 Evacuation Pause)
[2026-04-03T01:33:10.755+0600][16.425s][info][gc,task        ] GC(25) Using 10 workers of 10 for evacuation
[2026-04-03T01:33:10.759+0600][16.429s][info][gc,phases      ] GC(25)   Pre Evacuate Collection Set: 0.20ms
[2026-04-03T01:33:10.759+0600][16.429s][info][gc,phases      ] GC(25)   Merge Heap Roots: 0.22ms
[2026-04-03T01:33:10.759+0600][16.429s][info][gc,phases      ] GC(25)   Evacuate Collection Set: 2.22ms
[2026-04-03T01:33:10.759+0600][16.429s][info][gc,phases      ] GC(25)   Post Evacuate Collection Set: 0.90ms
[2026-04-03T01:33:10.759+0600][16.429s][info][gc,phases      ] GC(25)   Other: 0.11ms
[2026-04-03T01:33:10.759+0600][16.429s][info][gc,heap        ] GC(25) Eden regions: 44->0(44)
[2026-04-03T01:33:10.759+0600][16.429s][info][gc,heap        ] GC(25) Survivor regions: 1->1(6)
[2026-04-03T01:33:10.759+0600][16.429s][info][gc,heap        ] GC(25) Old regions: 12->12
[2026-04-03T01:33:10.759+0600][16.429s][info][gc,heap        ] GC(25) Humongous regions: 0->0
[2026-04-03T01:33:10.759+0600][16.429s][info][gc,metaspace   ] GC(25) Metaspace: 54914K(55680K)->54914K(55680K) NonClass: 46407K(46848K)->46407K(46848K) Class: 8507K(8832K)->8507K(8832K)
[2026-04-03T01:33:10.759+0600][16.429s][info][gc             ] GC(25) Pause Young (Normal) (G1 Evacuation Pause) 107M->19M(152M) 4.101ms
[2026-04-03T01:33:10.759+0600][16.429s][info][gc,cpu         ] GC(25) User=0.02s Sys=0.00s Real=0.00s
[2026-04-03T01:33:11.294+0600][16.964s][info][gc,start       ] GC(26) Pause Young (Normal) (G1 Evacuation Pause)
[2026-04-03T01:33:11.294+0600][16.964s][info][gc,task        ] GC(26) Using 10 workers of 10 for evacuation
[2026-04-03T01:33:11.298+0600][16.968s][info][gc,phases      ] GC(26)   Pre Evacuate Collection Set: 0.20ms
[2026-04-03T01:33:11.298+0600][16.968s][info][gc,phases      ] GC(26)   Merge Heap Roots: 0.17ms
[2026-04-03T01:33:11.298+0600][16.968s][info][gc,phases      ] GC(26)   Evacuate Collection Set: 2.24ms
[2026-04-03T01:33:11.298+0600][16.968s][info][gc,phases      ] GC(26)   Post Evacuate Collection Set: 1.01ms
[2026-04-03T01:33:11.298+0600][16.968s][info][gc,phases      ] GC(26)   Other: 0.15ms
[2026-04-03T01:33:11.298+0600][16.968s][info][gc,heap        ] GC(26) Eden regions: 44->0(44)
[2026-04-03T01:33:11.298+0600][16.968s][info][gc,heap        ] GC(26) Survivor regions: 1->1(6)
[2026-04-03T01:33:11.298+0600][16.968s][info][gc,heap        ] GC(26) Old regions: 12->12
[2026-04-03T01:33:11.298+0600][16.968s][info][gc,heap        ] GC(26) Humongous regions: 0->0
[2026-04-03T01:33:11.298+0600][16.968s][info][gc,metaspace   ] GC(26) Metaspace: 54914K(55680K)->54914K(55680K) NonClass: 46407K(46848K)->46407K(46848K) Class: 8507K(8832K)->8507K(8832K)
[2026-04-03T01:33:11.298+0600][16.968s][info][gc             ] GC(26) Pause Young (Normal) (G1 Evacuation Pause) 107M->19M(152M) 4.131ms
[2026-04-03T01:33:11.298+0600][16.968s][info][gc,cpu         ] GC(26) User=0.02s Sys=0.01s Real=0.00s
[2026-04-03T01:33:11.763+0600][17.433s][info][gc,start       ] GC(27) Pause Young (Normal) (G1 Evacuation Pause)
[2026-04-03T01:33:11.763+0600][17.433s][info][gc,task        ] GC(27) Using 10 workers of 10 for evacuation
[2026-04-03T01:33:11.766+0600][17.436s][info][gc,phases      ] GC(27)   Pre Evacuate Collection Set: 0.22ms
[2026-04-03T01:33:11.767+0600][17.436s][info][gc,phases      ] GC(27)   Merge Heap Roots: 0.15ms
[2026-04-03T01:33:11.767+0600][17.436s][info][gc,phases      ] GC(27)   Evacuate Collection Set: 2.11ms
[2026-04-03T01:33:11.767+0600][17.436s][info][gc,phases      ] GC(27)   Post Evacuate Collection Set: 0.73ms
[2026-04-03T01:33:11.767+0600][17.436s][info][gc,phases      ] GC(27)   Other: 0.11ms
[2026-04-03T01:33:11.767+0600][17.437s][info][gc,heap        ] GC(27) Eden regions: 44->0(44)
[2026-04-03T01:33:11.767+0600][17.437s][info][gc,heap        ] GC(27) Survivor regions: 1->1(6)
[2026-04-03T01:33:11.767+0600][17.437s][info][gc,heap        ] GC(27) Old regions: 12->12
[2026-04-03T01:33:11.767+0600][17.437s][info][gc,heap        ] GC(27) Humongous regions: 0->0
[2026-04-03T01:33:11.767+0600][17.437s][info][gc,metaspace   ] GC(27) Metaspace: 54945K(55680K)->54945K(55680K) NonClass: 46436K(46848K)->46436K(46848K) Class: 8509K(8832K)->8509K(8832K)
[2026-04-03T01:33:11.767+0600][17.437s][info][gc             ] GC(27) Pause Young (Normal) (G1 Evacuation Pause) 107M->19M(152M) 3.722ms
[2026-04-03T01:33:11.767+0600][17.437s][info][gc,cpu         ] GC(27) User=0.03s Sys=0.00s Real=0.00s
[2026-04-03T01:33:12.196+0600][17.866s][info][gc,start       ] GC(28) Pause Young (Normal) (G1 Evacuation Pause)
[2026-04-03T01:33:12.197+0600][17.867s][info][gc,task        ] GC(28) Using 10 workers of 10 for evacuation
[2026-04-03T01:33:12.200+0600][17.870s][info][gc,phases      ] GC(28)   Pre Evacuate Collection Set: 0.27ms
[2026-04-03T01:33:12.200+0600][17.870s][info][gc,phases      ] GC(28)   Merge Heap Roots: 0.12ms
[2026-04-03T01:33:12.200+0600][17.870s][info][gc,phases      ] GC(28)   Evacuate Collection Set: 2.38ms
[2026-04-03T01:33:12.200+0600][17.870s][info][gc,phases      ] GC(28)   Post Evacuate Collection Set: 0.84ms
[2026-04-03T01:33:12.200+0600][17.870s][info][gc,phases      ] GC(28)   Other: 0.14ms
[2026-04-03T01:33:12.201+0600][17.870s][info][gc,heap        ] GC(28) Eden regions: 44->0(44)
[2026-04-03T01:33:12.201+0600][17.870s][info][gc,heap        ] GC(28) Survivor regions: 1->1(6)
[2026-04-03T01:33:12.201+0600][17.870s][info][gc,heap        ] GC(28) Old regions: 12->12
[2026-04-03T01:33:12.201+0600][17.870s][info][gc,heap        ] GC(28) Humongous regions: 0->0
[2026-04-03T01:33:12.201+0600][17.871s][info][gc,metaspace   ] GC(28) Metaspace: 54945K(55680K)->54945K(55680K) NonClass: 46436K(46848K)->46436K(46848K) Class: 8509K(8832K)->8509K(8832K)
[2026-04-03T01:33:12.201+0600][17.871s][info][gc             ] GC(28) Pause Young (Normal) (G1 Evacuation Pause) 107M->19M(152M) 4.164ms
[2026-04-03T01:33:12.201+0600][17.871s][info][gc,cpu         ] GC(28) User=0.02s Sys=0.00s Real=0.01s
[2026-04-03T01:33:12.600+0600][18.270s][info][gc,start       ] GC(29) Pause Young (Normal) (G1 Evacuation Pause)
[2026-04-03T01:33:12.601+0600][18.271s][info][gc,task        ] GC(29) Using 10 workers of 10 for evacuation
[2026-04-03T01:33:12.606+0600][18.276s][info][gc,phases      ] GC(29)   Pre Evacuate Collection Set: 0.27ms
[2026-04-03T01:33:12.606+0600][18.276s][info][gc,phases      ] GC(29)   Merge Heap Roots: 0.16ms
[2026-04-03T01:33:12.606+0600][18.276s][info][gc,phases      ] GC(29)   Evacuate Collection Set: 3.94ms
[2026-04-03T01:33:12.606+0600][18.276s][info][gc,phases      ] GC(29)   Post Evacuate Collection Set: 0.63ms
[2026-04-03T01:33:12.606+0600][18.276s][info][gc,phases      ] GC(29)   Other: 0.13ms
[2026-04-03T01:33:12.606+0600][18.276s][info][gc,heap        ] GC(29) Eden regions: 44->0(44)
[2026-04-03T01:33:12.606+0600][18.276s][info][gc,heap        ] GC(29) Survivor regions: 1->1(6)
[2026-04-03T01:33:12.606+0600][18.276s][info][gc,heap        ] GC(29) Old regions: 12->12
[2026-04-03T01:33:12.606+0600][18.276s][info][gc,heap        ] GC(29) Humongous regions: 0->0
[2026-04-03T01:33:12.606+0600][18.276s][info][gc,metaspace   ] GC(29) Metaspace: 54948K(55680K)->54948K(55680K) NonClass: 46439K(46848K)->46439K(46848K) Class: 8509K(8832K)->8509K(8832K)
[2026-04-03T01:33:12.606+0600][18.276s][info][gc             ] GC(29) Pause Young (Normal) (G1 Evacuation Pause) 107M->19M(152M) 5.525ms
[2026-04-03T01:33:12.606+0600][18.276s][info][gc,cpu         ] GC(29) User=0.04s Sys=0.00s Real=0.00s
[2026-04-03T01:33:12.999+0600][18.669s][info][gc,start       ] GC(30) Pause Young (Normal) (G1 Evacuation Pause)
[2026-04-03T01:33:12.999+0600][18.669s][info][gc,task        ] GC(30) Using 10 workers of 10 for evacuation
[2026-04-03T01:33:13.003+0600][18.673s][info][gc,phases      ] GC(30)   Pre Evacuate Collection Set: 0.23ms
[2026-04-03T01:33:13.003+0600][18.673s][info][gc,phases      ] GC(30)   Merge Heap Roots: 0.15ms
[2026-04-03T01:33:13.003+0600][18.673s][info][gc,phases      ] GC(30)   Evacuate Collection Set: 2.82ms
[2026-04-03T01:33:13.003+0600][18.673s][info][gc,phases      ] GC(30)   Post Evacuate Collection Set: 0.53ms
[2026-04-03T01:33:13.003+0600][18.673s][info][gc,phases      ] GC(30)   Other: 0.12ms
[2026-04-03T01:33:13.003+0600][18.673s][info][gc,heap        ] GC(30) Eden regions: 44->0(44)
[2026-04-03T01:33:13.003+0600][18.673s][info][gc,heap        ] GC(30) Survivor regions: 1->1(6)
[2026-04-03T01:33:13.003+0600][18.673s][info][gc,heap        ] GC(30) Old regions: 12->13
[2026-04-03T01:33:13.003+0600][18.673s][info][gc,heap        ] GC(30) Humongous regions: 0->0
[2026-04-03T01:33:13.003+0600][18.673s][info][gc,metaspace   ] GC(30) Metaspace: 54952K(55680K)->54952K(55680K) NonClass: 46443K(46848K)->46443K(46848K) Class: 8509K(8832K)->8509K(8832K)
[2026-04-03T01:33:13.003+0600][18.673s][info][gc             ] GC(30) Pause Young (Normal) (G1 Evacuation Pause) 107M->19M(152M) 4.334ms
[2026-04-03T01:33:13.003+0600][18.673s][info][gc,cpu         ] GC(30) User=0.03s Sys=0.01s Real=0.01s
[2026-04-03T01:33:13.386+0600][19.056s][info][gc,start       ] GC(31) Pause Young (Normal) (G1 Evacuation Pause)
[2026-04-03T01:33:13.386+0600][19.056s][info][gc,task        ] GC(31) Using 10 workers of 10 for evacuation
[2026-04-03T01:33:13.388+0600][19.058s][info][gc,phases      ] GC(31)   Pre Evacuate Collection Set: 0.21ms
[2026-04-03T01:33:13.389+0600][19.059s][info][gc,phases      ] GC(31)   Merge Heap Roots: 0.14ms
[2026-04-03T01:33:13.389+0600][19.059s][info][gc,phases      ] GC(31)   Evacuate Collection Set: 1.09ms
[2026-04-03T01:33:13.389+0600][19.059s][info][gc,phases      ] GC(31)   Post Evacuate Collection Set: 0.58ms
[2026-04-03T01:33:13.389+0600][19.059s][info][gc,phases      ] GC(31)   Other: 0.11ms
[2026-04-03T01:33:13.389+0600][19.059s][info][gc,heap        ] GC(31) Eden regions: 44->0(44)
[2026-04-03T01:33:13.389+0600][19.059s][info][gc,heap        ] GC(31) Survivor regions: 1->1(6)
[2026-04-03T01:33:13.389+0600][19.059s][info][gc,heap        ] GC(31) Old regions: 13->13
[2026-04-03T01:33:13.389+0600][19.059s][info][gc,heap        ] GC(31) Humongous regions: 0->0
[2026-04-03T01:33:13.389+0600][19.059s][info][gc,metaspace   ] GC(31) Metaspace: 54954K(55680K)->54954K(55680K) NonClass: 46444K(46848K)->46444K(46848K) Class: 8509K(8832K)->8509K(8832K)
[2026-04-03T01:33:13.389+0600][19.059s][info][gc             ] GC(31) Pause Young (Normal) (G1 Evacuation Pause) 107M->19M(152M) 3.050ms
[2026-04-03T01:33:13.389+0600][19.059s][info][gc,cpu         ] GC(31) User=0.02s Sys=0.00s Real=0.00s
[2026-04-03T01:33:13.724+0600][19.394s][info][gc,start       ] GC(32) Pause Young (Normal) (G1 Evacuation Pause)
[2026-04-03T01:33:13.724+0600][19.394s][info][gc,task        ] GC(32) Using 10 workers of 10 for evacuation
[2026-04-03T01:33:13.726+0600][19.396s][info][gc,phases      ] GC(32)   Pre Evacuate Collection Set: 0.20ms
[2026-04-03T01:33:13.726+0600][19.396s][info][gc,phases      ] GC(32)   Merge Heap Roots: 0.14ms
[2026-04-03T01:33:13.726+0600][19.396s][info][gc,phases      ] GC(32)   Evacuate Collection Set: 1.05ms
[2026-04-03T01:33:13.726+0600][19.396s][info][gc,phases      ] GC(32)   Post Evacuate Collection Set: 0.40ms
[2026-04-03T01:33:13.726+0600][19.396s][info][gc,phases      ] GC(32)   Other: 0.09ms
[2026-04-03T01:33:13.726+0600][19.396s][info][gc,heap        ] GC(32) Eden regions: 44->0(44)
[2026-04-03T01:33:13.726+0600][19.396s][info][gc,heap        ] GC(32) Survivor regions: 1->1(6)
[2026-04-03T01:33:13.726+0600][19.396s][info][gc,heap        ] GC(32) Old regions: 13->13
[2026-04-03T01:33:13.726+0600][19.396s][info][gc,heap        ] GC(32) Humongous regions: 0->0
[2026-04-03T01:33:13.726+0600][19.396s][info][gc,metaspace   ] GC(32) Metaspace: 54954K(55680K)->54954K(55680K) NonClass: 46444K(46848K)->46444K(46848K) Class: 8509K(8832K)->8509K(8832K)
[2026-04-03T01:33:13.726+0600][19.396s][info][gc             ] GC(32) Pause Young (Normal) (G1 Evacuation Pause) 107M->19M(152M) 2.187ms
[2026-04-03T01:33:13.726+0600][19.396s][info][gc,cpu         ] GC(32) User=0.02s Sys=0.00s Real=0.00s
[2026-04-03T01:33:14.031+0600][19.701s][info][gc,start       ] GC(33) Pause Young (Normal) (G1 Evacuation Pause)
[2026-04-03T01:33:14.031+0600][19.701s][info][gc,task        ] GC(33) Using 10 workers of 10 for evacuation
[2026-04-03T01:33:14.033+0600][19.703s][info][gc,phases      ] GC(33)   Pre Evacuate Collection Set: 0.19ms
[2026-04-03T01:33:14.033+0600][19.703s][info][gc,phases      ] GC(33)   Merge Heap Roots: 0.15ms
[2026-04-03T01:33:14.033+0600][19.703s][info][gc,phases      ] GC(33)   Evacuate Collection Set: 1.43ms
[2026-04-03T01:33:14.033+0600][19.703s][info][gc,phases      ] GC(33)   Post Evacuate Collection Set: 0.43ms
[2026-04-03T01:33:14.033+0600][19.703s][info][gc,phases      ] GC(33)   Other: 0.10ms
[2026-04-03T01:33:14.033+0600][19.703s][info][gc,heap        ] GC(33) Eden regions: 44->0(44)
[2026-04-03T01:33:14.033+0600][19.703s][info][gc,heap        ] GC(33) Survivor regions: 1->1(6)
[2026-04-03T01:33:14.034+0600][19.703s][info][gc,heap        ] GC(33) Old regions: 13->13
[2026-04-03T01:33:14.034+0600][19.703s][info][gc,heap        ] GC(33) Humongous regions: 0->0
[2026-04-03T01:33:14.034+0600][19.703s][info][gc,metaspace   ] GC(33) Metaspace: 54954K(55680K)->54954K(55680K) NonClass: 46444K(46848K)->46444K(46848K) Class: 8509K(8832K)->8509K(8832K)
[2026-04-03T01:33:14.034+0600][19.703s][info][gc             ] GC(33) Pause Young (Normal) (G1 Evacuation Pause) 107M->19M(152M) 2.642ms
[2026-04-03T01:33:14.034+0600][19.704s][info][gc,cpu         ] GC(33) User=0.02s Sys=0.00s Real=0.00s
[2026-04-03T01:33:14.328+0600][19.998s][info][gc,start       ] GC(34) Pause Young (Normal) (G1 Evacuation Pause)
[2026-04-03T01:33:14.328+0600][19.998s][info][gc,task        ] GC(34) Using 10 workers of 10 for evacuation
[2026-04-03T01:33:14.332+0600][20.001s][info][gc,phases      ] GC(34)   Pre Evacuate Collection Set: 0.75ms
[2026-04-03T01:33:14.332+0600][20.002s][info][gc,phases      ] GC(34)   Merge Heap Roots: 0.12ms
[2026-04-03T01:33:14.332+0600][20.002s][info][gc,phases      ] GC(34)   Evacuate Collection Set: 2.01ms
[2026-04-03T01:33:14.332+0600][20.002s][info][gc,phases      ] GC(34)   Post Evacuate Collection Set: 0.45ms
[2026-04-03T01:33:14.332+0600][20.002s][info][gc,phases      ] GC(34)   Other: 0.10ms
[2026-04-03T01:33:14.332+0600][20.002s][info][gc,heap        ] GC(34) Eden regions: 44->0(44)
[2026-04-03T01:33:14.332+0600][20.002s][info][gc,heap        ] GC(34) Survivor regions: 1->1(6)
[2026-04-03T01:33:14.332+0600][20.002s][info][gc,heap        ] GC(34) Old regions: 13->13
[2026-04-03T01:33:14.332+0600][20.002s][info][gc,heap        ] GC(34) Humongous regions: 0->0
[2026-04-03T01:33:14.332+0600][20.002s][info][gc,metaspace   ] GC(34) Metaspace: 54957K(55680K)->54957K(55680K) NonClass: 46447K(46848K)->46447K(46848K) Class: 8509K(8832K)->8509K(8832K)
[2026-04-03T01:33:14.332+0600][20.002s][info][gc             ] GC(34) Pause Young (Normal) (G1 Evacuation Pause) 107M->19M(152M) 3.832ms
[2026-04-03T01:33:14.332+0600][20.002s][info][gc,cpu         ] GC(34) User=0.03s Sys=0.00s Real=0.01s
[2026-04-03T01:33:14.639+0600][20.309s][info][gc,start       ] GC(35) Pause Young (Normal) (G1 Evacuation Pause)
[2026-04-03T01:33:14.639+0600][20.309s][info][gc,task        ] GC(35) Using 10 workers of 10 for evacuation
[2026-04-03T01:33:14.641+0600][20.311s][info][gc,phases      ] GC(35)   Pre Evacuate Collection Set: 0.25ms
[2026-04-03T01:33:14.641+0600][20.311s][info][gc,phases      ] GC(35)   Merge Heap Roots: 0.16ms
[2026-04-03T01:33:14.641+0600][20.311s][info][gc,phases      ] GC(35)   Evacuate Collection Set: 0.99ms
[2026-04-03T01:33:14.641+0600][20.311s][info][gc,phases      ] GC(35)   Post Evacuate Collection Set: 0.38ms
[2026-04-03T01:33:14.641+0600][20.311s][info][gc,phases      ] GC(35)   Other: 0.11ms
[2026-04-03T01:33:14.641+0600][20.311s][info][gc,heap        ] GC(35) Eden regions: 44->0(44)
[2026-04-03T01:33:14.641+0600][20.311s][info][gc,heap        ] GC(35) Survivor regions: 1->1(6)
[2026-04-03T01:33:14.641+0600][20.311s][info][gc,heap        ] GC(35) Old regions: 13->13
[2026-04-03T01:33:14.641+0600][20.311s][info][gc,heap        ] GC(35) Humongous regions: 0->0
[2026-04-03T01:33:14.641+0600][20.311s][info][gc,metaspace   ] GC(35) Metaspace: 54957K(55680K)->54957K(55680K) NonClass: 46447K(46848K)->46447K(46848K) Class: 8509K(8832K)->8509K(8832K)
[2026-04-03T01:33:14.641+0600][20.311s][info][gc             ] GC(35) Pause Young (Normal) (G1 Evacuation Pause) 107M->19M(152M) 2.239ms
[2026-04-03T01:33:14.641+0600][20.311s][info][gc,cpu         ] GC(35) User=0.02s Sys=0.00s Real=0.01s
[2026-04-03T01:33:14.886+0600][20.556s][info][gc,start       ] GC(36) Pause Young (Normal) (G1 Evacuation Pause)
[2026-04-03T01:33:14.887+0600][20.556s][info][gc,task        ] GC(36) Using 10 workers of 10 for evacuation
[2026-04-03T01:33:14.888+0600][20.558s][info][gc,phases      ] GC(36)   Pre Evacuate Collection Set: 0.22ms
[2026-04-03T01:33:14.889+0600][20.559s][info][gc,phases      ] GC(36)   Merge Heap Roots: 0.14ms
[2026-04-03T01:33:14.889+0600][20.559s][info][gc,phases      ] GC(36)   Evacuate Collection Set: 1.11ms
[2026-04-03T01:33:14.889+0600][20.559s][info][gc,phases      ] GC(36)   Post Evacuate Collection Set: 0.38ms
[2026-04-03T01:33:14.889+0600][20.559s][info][gc,phases      ] GC(36)   Other: 0.12ms
[2026-04-03T01:33:14.889+0600][20.559s][info][gc,heap        ] GC(36) Eden regions: 44->0(44)
[2026-04-03T01:33:14.889+0600][20.559s][info][gc,heap        ] GC(36) Survivor regions: 1->1(6)
[2026-04-03T01:33:14.889+0600][20.559s][info][gc,heap        ] GC(36) Old regions: 13->13
[2026-04-03T01:33:14.889+0600][20.559s][info][gc,heap        ] GC(36) Humongous regions: 0->0
[2026-04-03T01:33:14.889+0600][20.559s][info][gc,metaspace   ] GC(36) Metaspace: 54957K(55680K)->54957K(55680K) NonClass: 46447K(46848K)->46447K(46848K) Class: 8509K(8832K)->8509K(8832K)
[2026-04-03T01:33:14.889+0600][20.559s][info][gc             ] GC(36) Pause Young (Normal) (G1 Evacuation Pause) 107M->19M(152M) 2.364ms
[2026-04-03T01:33:14.889+0600][20.559s][info][gc,cpu         ] GC(36) User=0.02s Sys=0.00s Real=0.00s
[2026-04-03T01:33:15.125+0600][20.795s][info][gc,start       ] GC(37) Pause Young (Normal) (G1 Evacuation Pause)
[2026-04-03T01:33:15.125+0600][20.795s][info][gc,task        ] GC(37) Using 10 workers of 10 for evacuation
[2026-04-03T01:33:15.127+0600][20.797s][info][gc,phases      ] GC(37)   Pre Evacuate Collection Set: 0.17ms
[2026-04-03T01:33:15.127+0600][20.797s][info][gc,phases      ] GC(37)   Merge Heap Roots: 0.12ms
[2026-04-03T01:33:15.128+0600][20.797s][info][gc,phases      ] GC(37)   Evacuate Collection Set: 1.61ms
[2026-04-03T01:33:15.128+0600][20.797s][info][gc,phases      ] GC(37)   Post Evacuate Collection Set: 0.45ms
[2026-04-03T01:33:15.128+0600][20.797s][info][gc,phases      ] GC(37)   Other: 0.10ms
[2026-04-03T01:33:15.128+0600][20.797s][info][gc,heap        ] GC(37) Eden regions: 44->0(44)
[2026-04-03T01:33:15.128+0600][20.797s][info][gc,heap        ] GC(37) Survivor regions: 1->1(6)
[2026-04-03T01:33:15.128+0600][20.797s][info][gc,heap        ] GC(37) Old regions: 13->13
[2026-04-03T01:33:15.128+0600][20.798s][info][gc,heap        ] GC(37) Humongous regions: 0->0
[2026-04-03T01:33:15.128+0600][20.798s][info][gc,metaspace   ] GC(37) Metaspace: 54960K(55680K)->54960K(55680K) NonClass: 46450K(46848K)->46450K(46848K) Class: 8510K(8832K)->8510K(8832K)
[2026-04-03T01:33:15.128+0600][20.798s][info][gc             ] GC(37) Pause Young (Normal) (G1 Evacuation Pause) 107M->19M(152M) 2.767ms
[2026-04-03T01:33:15.128+0600][20.798s][info][gc,cpu         ] GC(37) User=0.02s Sys=0.00s Real=0.00s
[2026-04-03T01:33:15.348+0600][21.018s][info][gc,start       ] GC(38) Pause Young (Normal) (G1 Evacuation Pause)
[2026-04-03T01:33:15.348+0600][21.018s][info][gc,task        ] GC(38) Using 10 workers of 10 for evacuation
[2026-04-03T01:33:15.350+0600][21.020s][info][gc,phases      ] GC(38)   Pre Evacuate Collection Set: 0.34ms
[2026-04-03T01:33:15.350+0600][21.020s][info][gc,phases      ] GC(38)   Merge Heap Roots: 0.15ms
[2026-04-03T01:33:15.350+0600][21.020s][info][gc,phases      ] GC(38)   Evacuate Collection Set: 1.01ms
[2026-04-03T01:33:15.350+0600][21.020s][info][gc,phases      ] GC(38)   Post Evacuate Collection Set: 0.41ms
[2026-04-03T01:33:15.350+0600][21.020s][info][gc,phases      ] GC(38)   Other: 0.16ms
[2026-04-03T01:33:15.350+0600][21.020s][info][gc,heap        ] GC(38) Eden regions: 44->0(44)
[2026-04-03T01:33:15.350+0600][21.020s][info][gc,heap        ] GC(38) Survivor regions: 1->1(6)
[2026-04-03T01:33:15.350+0600][21.020s][info][gc,heap        ] GC(38) Old regions: 13->13
[2026-04-03T01:33:15.350+0600][21.020s][info][gc,heap        ] GC(38) Humongous regions: 0->0
[2026-04-03T01:33:15.350+0600][21.020s][info][gc,metaspace   ] GC(38) Metaspace: 54960K(55680K)->54960K(55680K) NonClass: 46450K(46848K)->46450K(46848K) Class: 8510K(8832K)->8510K(8832K)
[2026-04-03T01:33:15.350+0600][21.020s][info][gc             ] GC(38) Pause Young (Normal) (G1 Evacuation Pause) 107M->19M(152M) 2.529ms
[2026-04-03T01:33:15.350+0600][21.020s][info][gc,cpu         ] GC(38) User=0.02s Sys=0.00s Real=0.01s
[2026-04-03T01:33:15.548+0600][21.218s][info][gc,start       ] GC(39) Pause Young (Normal) (G1 Evacuation Pause)
[2026-04-03T01:33:15.548+0600][21.218s][info][gc,task        ] GC(39) Using 10 workers of 10 for evacuation
[2026-04-03T01:33:15.550+0600][21.220s][info][gc,phases      ] GC(39)   Pre Evacuate Collection Set: 0.19ms
[2026-04-03T01:33:15.550+0600][21.220s][info][gc,phases      ] GC(39)   Merge Heap Roots: 0.16ms
[2026-04-03T01:33:15.550+0600][21.220s][info][gc,phases      ] GC(39)   Evacuate Collection Set: 1.13ms
[2026-04-03T01:33:15.550+0600][21.220s][info][gc,phases      ] GC(39)   Post Evacuate Collection Set: 0.42ms
[2026-04-03T01:33:15.550+0600][21.220s][info][gc,phases      ] GC(39)   Other: 0.11ms
[2026-04-03T01:33:15.550+0600][21.220s][info][gc,heap        ] GC(39) Eden regions: 44->0(44)
[2026-04-03T01:33:15.550+0600][21.220s][info][gc,heap        ] GC(39) Survivor regions: 1->1(6)
[2026-04-03T01:33:15.550+0600][21.220s][info][gc,heap        ] GC(39) Old regions: 13->13
[2026-04-03T01:33:15.550+0600][21.220s][info][gc,heap        ] GC(39) Humongous regions: 0->0
[2026-04-03T01:33:15.550+0600][21.220s][info][gc,metaspace   ] GC(39) Metaspace: 54960K(55680K)->54960K(55680K) NonClass: 46450K(46848K)->46450K(46848K) Class: 8510K(8832K)->8510K(8832K)
[2026-04-03T01:33:15.550+0600][21.220s][info][gc             ] GC(39) Pause Young (Normal) (G1 Evacuation Pause) 107M->19M(152M) 2.344ms
[2026-04-03T01:33:15.550+0600][21.220s][info][gc,cpu         ] GC(39) User=0.02s Sys=0.00s Real=0.01s
[2026-04-03T01:33:15.739+0600][21.409s][info][gc,start       ] GC(40) Pause Young (Normal) (G1 Evacuation Pause)
[2026-04-03T01:33:15.739+0600][21.409s][info][gc,task        ] GC(40) Using 10 workers of 10 for evacuation
[2026-04-03T01:33:15.741+0600][21.411s][info][gc,phases      ] GC(40)   Pre Evacuate Collection Set: 0.16ms
[2026-04-03T01:33:15.741+0600][21.411s][info][gc,phases      ] GC(40)   Merge Heap Roots: 0.12ms
[2026-04-03T01:33:15.741+0600][21.411s][info][gc,phases      ] GC(40)   Evacuate Collection Set: 0.99ms
[2026-04-03T01:33:15.741+0600][21.411s][info][gc,phases      ] GC(40)   Post Evacuate Collection Set: 0.33ms
[2026-04-03T01:33:15.741+0600][21.411s][info][gc,phases      ] GC(40)   Other: 0.09ms
[2026-04-03T01:33:15.741+0600][21.411s][info][gc,heap        ] GC(40) Eden regions: 44->0(44)
[2026-04-03T01:33:15.741+0600][21.411s][info][gc,heap        ] GC(40) Survivor regions: 1->1(6)
[2026-04-03T01:33:15.741+0600][21.411s][info][gc,heap        ] GC(40) Old regions: 13->13
[2026-04-03T01:33:15.741+0600][21.411s][info][gc,heap        ] GC(40) Humongous regions: 0->0
[2026-04-03T01:33:15.741+0600][21.411s][info][gc,metaspace   ] GC(40) Metaspace: 54960K(55680K)->54960K(55680K) NonClass: 46450K(46848K)->46450K(46848K) Class: 8510K(8832K)->8510K(8832K)
[2026-04-03T01:33:15.741+0600][21.411s][info][gc             ] GC(40) Pause Young (Normal) (G1 Evacuation Pause) 107M->19M(152M) 1.973ms
[2026-04-03T01:33:15.741+0600][21.411s][info][gc,cpu         ] GC(40) User=0.02s Sys=0.00s Real=0.01s
[2026-04-03T01:33:15.924+0600][21.594s][info][gc,start       ] GC(41) Pause Young (Normal) (G1 Evacuation Pause)
[2026-04-03T01:33:15.925+0600][21.594s][info][gc,task        ] GC(41) Using 10 workers of 10 for evacuation
[2026-04-03T01:33:15.927+0600][21.596s][info][gc,phases      ] GC(41)   Pre Evacuate Collection Set: 0.20ms
[2026-04-03T01:33:15.927+0600][21.596s][info][gc,phases      ] GC(41)   Merge Heap Roots: 0.14ms
[2026-04-03T01:33:15.927+0600][21.597s][info][gc,phases      ] GC(41)   Evacuate Collection Set: 1.19ms
[2026-04-03T01:33:15.927+0600][21.597s][info][gc,phases      ] GC(41)   Post Evacuate Collection Set: 0.33ms
[2026-04-03T01:33:15.927+0600][21.597s][info][gc,phases      ] GC(41)   Other: 0.11ms
[2026-04-03T01:33:15.927+0600][21.597s][info][gc,heap        ] GC(41) Eden regions: 44->0(44)
[2026-04-03T01:33:15.927+0600][21.597s][info][gc,heap        ] GC(41) Survivor regions: 1->1(6)
[2026-04-03T01:33:15.927+0600][21.597s][info][gc,heap        ] GC(41) Old regions: 13->13
[2026-04-03T01:33:15.927+0600][21.597s][info][gc,heap        ] GC(41) Humongous regions: 0->0
[2026-04-03T01:33:15.927+0600][21.597s][info][gc,metaspace   ] GC(41) Metaspace: 54960K(55680K)->54960K(55680K) NonClass: 46450K(46848K)->46450K(46848K) Class: 8510K(8832K)->8510K(8832K)
[2026-04-03T01:33:15.927+0600][21.597s][info][gc             ] GC(41) Pause Young (Normal) (G1 Evacuation Pause) 107M->19M(152M) 2.325ms
[2026-04-03T01:33:15.927+0600][21.597s][info][gc,cpu         ] GC(41) User=0.02s Sys=0.00s Real=0.00s
[2026-04-03T01:33:16.145+0600][21.815s][info][gc,start       ] GC(42) Pause Young (Normal) (G1 Evacuation Pause)
[2026-04-03T01:33:16.145+0600][21.815s][info][gc,task        ] GC(42) Using 10 workers of 10 for evacuation
[2026-04-03T01:33:16.148+0600][21.817s][info][gc,phases      ] GC(42)   Pre Evacuate Collection Set: 0.26ms
[2026-04-03T01:33:16.148+0600][21.818s][info][gc,phases      ] GC(42)   Merge Heap Roots: 0.17ms
[2026-04-03T01:33:16.148+0600][21.818s][info][gc,phases      ] GC(42)   Evacuate Collection Set: 1.72ms
[2026-04-03T01:33:16.148+0600][21.818s][info][gc,phases      ] GC(42)   Post Evacuate Collection Set: 0.49ms
[2026-04-03T01:33:16.148+0600][21.818s][info][gc,phases      ] GC(42)   Other: 0.15ms
[2026-04-03T01:33:16.148+0600][21.818s][info][gc,heap        ] GC(42) Eden regions: 44->0(44)
[2026-04-03T01:33:16.148+0600][21.818s][info][gc,heap        ] GC(42) Survivor regions: 1->1(6)
[2026-04-03T01:33:16.148+0600][21.818s][info][gc,heap        ] GC(42) Old regions: 13->13
[2026-04-03T01:33:16.148+0600][21.818s][info][gc,heap        ] GC(42) Humongous regions: 0->0
[2026-04-03T01:33:16.148+0600][21.818s][info][gc,metaspace   ] GC(42) Metaspace: 54960K(55680K)->54960K(55680K) NonClass: 46450K(46848K)->46450K(46848K) Class: 8510K(8832K)->8510K(8832K)
[2026-04-03T01:33:16.148+0600][21.818s][info][gc             ] GC(42) Pause Young (Normal) (G1 Evacuation Pause) 107M->19M(152M) 3.155ms
[2026-04-03T01:33:16.148+0600][21.818s][info][gc,cpu         ] GC(42) User=0.02s Sys=0.00s Real=0.00s
[2026-04-03T01:33:16.327+0600][21.997s][info][gc,start       ] GC(43) Pause Young (Normal) (G1 Evacuation Pause)
[2026-04-03T01:33:16.327+0600][21.997s][info][gc,task        ] GC(43) Using 10 workers of 10 for evacuation
[2026-04-03T01:33:16.329+0600][21.999s][info][gc,phases      ] GC(43)   Pre Evacuate Collection Set: 0.19ms
[2026-04-03T01:33:16.329+0600][21.999s][info][gc,phases      ] GC(43)   Merge Heap Roots: 0.13ms
[2026-04-03T01:33:16.329+0600][21.999s][info][gc,phases      ] GC(43)   Evacuate Collection Set: 0.88ms
[2026-04-03T01:33:16.329+0600][21.999s][info][gc,phases      ] GC(43)   Post Evacuate Collection Set: 0.38ms
[2026-04-03T01:33:16.329+0600][21.999s][info][gc,phases      ] GC(43)   Other: 0.11ms
[2026-04-03T01:33:16.329+0600][21.999s][info][gc,heap        ] GC(43) Eden regions: 44->0(44)
[2026-04-03T01:33:16.329+0600][21.999s][info][gc,heap        ] GC(43) Survivor regions: 1->1(6)
[2026-04-03T01:33:16.329+0600][21.999s][info][gc,heap        ] GC(43) Old regions: 13->13
[2026-04-03T01:33:16.329+0600][21.999s][info][gc,heap        ] GC(43) Humongous regions: 0->0
[2026-04-03T01:33:16.329+0600][21.999s][info][gc,metaspace   ] GC(43) Metaspace: 54964K(55680K)->54964K(55680K) NonClass: 46450K(46848K)->46450K(46848K) Class: 8513K(8832K)->8513K(8832K)
[2026-04-03T01:33:16.329+0600][21.999s][info][gc             ] GC(43) Pause Young (Normal) (G1 Evacuation Pause) 107M->19M(152M) 2.013ms
[2026-04-03T01:33:16.329+0600][21.999s][info][gc,cpu         ] GC(43) User=0.01s Sys=0.00s Real=0.00s
[2026-04-03T01:33:16.489+0600][22.159s][info][gc,start       ] GC(44) Pause Young (Normal) (G1 Evacuation Pause)
[2026-04-03T01:33:16.490+0600][22.159s][info][gc,task        ] GC(44) Using 10 workers of 10 for evacuation
[2026-04-03T01:33:16.491+0600][22.161s][info][gc,phases      ] GC(44)   Pre Evacuate Collection Set: 0.20ms
[2026-04-03T01:33:16.491+0600][22.161s][info][gc,phases      ] GC(44)   Merge Heap Roots: 0.13ms
[2026-04-03T01:33:16.491+0600][22.161s][info][gc,phases      ] GC(44)   Evacuate Collection Set: 0.99ms
[2026-04-03T01:33:16.491+0600][22.161s][info][gc,phases      ] GC(44)   Post Evacuate Collection Set: 0.37ms
[2026-04-03T01:33:16.491+0600][22.161s][info][gc,phases      ] GC(44)   Other: 0.10ms
[2026-04-03T01:33:16.491+0600][22.161s][info][gc,heap        ] GC(44) Eden regions: 44->0(44)
[2026-04-03T01:33:16.491+0600][22.161s][info][gc,heap        ] GC(44) Survivor regions: 1->1(6)
[2026-04-03T01:33:16.491+0600][22.161s][info][gc,heap        ] GC(44) Old regions: 13->13
[2026-04-03T01:33:16.491+0600][22.161s][info][gc,heap        ] GC(44) Humongous regions: 0->0
[2026-04-03T01:33:16.491+0600][22.161s][info][gc,metaspace   ] GC(44) Metaspace: 54964K(55680K)->54964K(55680K) NonClass: 46450K(46848K)->46450K(46848K) Class: 8513K(8832K)->8513K(8832K)
[2026-04-03T01:33:16.491+0600][22.161s][info][gc             ] GC(44) Pause Young (Normal) (G1 Evacuation Pause) 107M->19M(152M) 2.121ms
[2026-04-03T01:33:16.492+0600][22.161s][info][gc,cpu         ] GC(44) User=0.02s Sys=0.00s Real=0.01s
[2026-04-03T01:33:16.648+0600][22.318s][info][gc,start       ] GC(45) Pause Young (Normal) (G1 Evacuation Pause)
[2026-04-03T01:33:16.648+0600][22.318s][info][gc,task        ] GC(45) Using 10 workers of 10 for evacuation
[2026-04-03T01:33:16.650+0600][22.319s][info][gc,phases      ] GC(45)   Pre Evacuate Collection Set: 0.16ms
[2026-04-03T01:33:16.650+0600][22.320s][info][gc,phases      ] GC(45)   Merge Heap Roots: 0.16ms
[2026-04-03T01:33:16.650+0600][22.320s][info][gc,phases      ] GC(45)   Evacuate Collection Set: 0.90ms
[2026-04-03T01:33:16.650+0600][22.320s][info][gc,phases      ] GC(45)   Post Evacuate Collection Set: 0.43ms
[2026-04-03T01:33:16.650+0600][22.320s][info][gc,phases      ] GC(45)   Other: 0.11ms
[2026-04-03T01:33:16.650+0600][22.320s][info][gc,heap        ] GC(45) Eden regions: 44->0(44)
[2026-04-03T01:33:16.650+0600][22.320s][info][gc,heap        ] GC(45) Survivor regions: 1->1(6)
[2026-04-03T01:33:16.650+0600][22.320s][info][gc,heap        ] GC(45) Old regions: 13->13
[2026-04-03T01:33:16.650+0600][22.320s][info][gc,heap        ] GC(45) Humongous regions: 0->0
[2026-04-03T01:33:16.650+0600][22.320s][info][gc,metaspace   ] GC(45) Metaspace: 54964K(55680K)->54964K(55680K) NonClass: 46450K(46848K)->46450K(46848K) Class: 8513K(8832K)->8513K(8832K)
[2026-04-03T01:33:16.650+0600][22.320s][info][gc             ] GC(45) Pause Young (Normal) (G1 Evacuation Pause) 107M->19M(152M) 2.111ms
[2026-04-03T01:33:16.650+0600][22.320s][info][gc,cpu         ] GC(45) User=0.01s Sys=0.00s Real=0.01s
[2026-04-03T01:33:16.779+0600][22.449s][info][gc,start       ] GC(46) Pause Young (Normal) (G1 Evacuation Pause)
[2026-04-03T01:33:16.779+0600][22.449s][info][gc,task        ] GC(46) Using 10 workers of 10 for evacuation
[2026-04-03T01:33:16.781+0600][22.451s][info][gc,phases      ] GC(46)   Pre Evacuate Collection Set: 0.19ms
[2026-04-03T01:33:16.781+0600][22.451s][info][gc,phases      ] GC(46)   Merge Heap Roots: 0.14ms
[2026-04-03T01:33:16.781+0600][22.451s][info][gc,phases      ] GC(46)   Evacuate Collection Set: 0.98ms
[2026-04-03T01:33:16.781+0600][22.451s][info][gc,phases      ] GC(46)   Post Evacuate Collection Set: 0.74ms
[2026-04-03T01:33:16.781+0600][22.451s][info][gc,phases      ] GC(46)   Other: 0.13ms
[2026-04-03T01:33:16.781+0600][22.451s][info][gc,heap        ] GC(46) Eden regions: 44->0(54)
[2026-04-03T01:33:16.781+0600][22.451s][info][gc,heap        ] GC(46) Survivor regions: 1->1(6)
[2026-04-03T01:33:16.781+0600][22.451s][info][gc,heap        ] GC(46) Old regions: 13->13
[2026-04-03T01:33:16.781+0600][22.451s][info][gc,heap        ] GC(46) Humongous regions: 0->0
[2026-04-03T01:33:16.781+0600][22.451s][info][gc,metaspace   ] GC(46) Metaspace: 54964K(55680K)->54964K(55680K) NonClass: 46450K(46848K)->46450K(46848K) Class: 8513K(8832K)->8513K(8832K)
[2026-04-03T01:33:16.781+0600][22.451s][info][gc             ] GC(46) Pause Young (Normal) (G1 Evacuation Pause) 107M->19M(184M) 2.513ms
[2026-04-03T01:33:16.781+0600][22.451s][info][gc,cpu         ] GC(46) User=0.01s Sys=0.00s Real=0.01s
[2026-04-03T01:33:16.945+0600][22.615s][info][gc,start       ] GC(47) Pause Young (Normal) (G1 Evacuation Pause)
[2026-04-03T01:33:16.945+0600][22.615s][info][gc,task        ] GC(47) Using 10 workers of 10 for evacuation
[2026-04-03T01:33:16.947+0600][22.616s][info][gc,phases      ] GC(47)   Pre Evacuate Collection Set: 0.16ms
[2026-04-03T01:33:16.947+0600][22.616s][info][gc,phases      ] GC(47)   Merge Heap Roots: 0.10ms
[2026-04-03T01:33:16.947+0600][22.616s][info][gc,phases      ] GC(47)   Evacuate Collection Set: 0.79ms
[2026-04-03T01:33:16.947+0600][22.616s][info][gc,phases      ] GC(47)   Post Evacuate Collection Set: 0.32ms
[2026-04-03T01:33:16.947+0600][22.617s][info][gc,phases      ] GC(47)   Other: 0.09ms
[2026-04-03T01:33:16.947+0600][22.617s][info][gc,heap        ] GC(47) Eden regions: 54->0(54)
[2026-04-03T01:33:16.947+0600][22.617s][info][gc,heap        ] GC(47) Survivor regions: 1->1(7)
[2026-04-03T01:33:16.947+0600][22.617s][info][gc,heap        ] GC(47) Old regions: 13->13
[2026-04-03T01:33:16.947+0600][22.617s][info][gc,heap        ] GC(47) Humongous regions: 0->0
[2026-04-03T01:33:16.947+0600][22.617s][info][gc,metaspace   ] GC(47) Metaspace: 54964K(55680K)->54964K(55680K) NonClass: 46450K(46848K)->46450K(46848K) Class: 8513K(8832K)->8513K(8832K)
[2026-04-03T01:33:16.947+0600][22.617s][info][gc             ] GC(47) Pause Young (Normal) (G1 Evacuation Pause) 127M->19M(184M) 1.767ms
[2026-04-03T01:33:16.947+0600][22.617s][info][gc,cpu         ] GC(47) User=0.01s Sys=0.00s Real=0.00s
[2026-04-03T01:33:17.092+0600][22.761s][info][gc,start       ] GC(48) Pause Young (Normal) (G1 Evacuation Pause)
[2026-04-03T01:33:17.092+0600][22.762s][info][gc,task        ] GC(48) Using 10 workers of 10 for evacuation
[2026-04-03T01:33:17.094+0600][22.763s][info][gc,phases      ] GC(48)   Pre Evacuate Collection Set: 0.30ms
[2026-04-03T01:33:17.094+0600][22.764s][info][gc,phases      ] GC(48)   Merge Heap Roots: 0.13ms
[2026-04-03T01:33:17.094+0600][22.764s][info][gc,phases      ] GC(48)   Evacuate Collection Set: 0.86ms
[2026-04-03T01:33:17.094+0600][22.764s][info][gc,phases      ] GC(48)   Post Evacuate Collection Set: 0.50ms
[2026-04-03T01:33:17.094+0600][22.764s][info][gc,phases      ] GC(48)   Other: 0.11ms
[2026-04-03T01:33:17.094+0600][22.764s][info][gc,heap        ] GC(48) Eden regions: 54->0(54)
[2026-04-03T01:33:17.094+0600][22.764s][info][gc,heap        ] GC(48) Survivor regions: 1->1(7)
[2026-04-03T01:33:17.094+0600][22.764s][info][gc,heap        ] GC(48) Old regions: 13->13
[2026-04-03T01:33:17.094+0600][22.764s][info][gc,heap        ] GC(48) Humongous regions: 0->0
[2026-04-03T01:33:17.094+0600][22.764s][info][gc,metaspace   ] GC(48) Metaspace: 54964K(55680K)->54964K(55680K) NonClass: 46450K(46848K)->46450K(46848K) Class: 8513K(8832K)->8513K(8832K)
[2026-04-03T01:33:17.094+0600][22.764s][info][gc             ] GC(48) Pause Young (Normal) (G1 Evacuation Pause) 127M->19M(184M) 2.447ms
[2026-04-03T01:33:17.094+0600][22.764s][info][gc,cpu         ] GC(48) User=0.01s Sys=0.00s Real=0.00s
[2026-04-03T01:33:17.248+0600][22.917s][info][gc,start       ] GC(49) Pause Young (Normal) (G1 Evacuation Pause)
[2026-04-03T01:33:17.248+0600][22.918s][info][gc,task        ] GC(49) Using 10 workers of 10 for evacuation
[2026-04-03T01:33:17.249+0600][22.919s][info][gc,phases      ] GC(49)   Pre Evacuate Collection Set: 0.18ms
[2026-04-03T01:33:17.250+0600][22.919s][info][gc,phases      ] GC(49)   Merge Heap Roots: 0.14ms
[2026-04-03T01:33:17.250+0600][22.919s][info][gc,phases      ] GC(49)   Evacuate Collection Set: 0.89ms
[2026-04-03T01:33:17.250+0600][22.919s][info][gc,phases      ] GC(49)   Post Evacuate Collection Set: 0.39ms
[2026-04-03T01:33:17.250+0600][22.920s][info][gc,phases      ] GC(49)   Other: 0.19ms
[2026-04-03T01:33:17.250+0600][22.920s][info][gc,heap        ] GC(49) Eden regions: 54->0(54)
[2026-04-03T01:33:17.250+0600][22.920s][info][gc,heap        ] GC(49) Survivor regions: 1->1(7)
[2026-04-03T01:33:17.250+0600][22.920s][info][gc,heap        ] GC(49) Old regions: 13->13
[2026-04-03T01:33:17.250+0600][22.920s][info][gc,heap        ] GC(49) Humongous regions: 0->0
[2026-04-03T01:33:17.250+0600][22.920s][info][gc,metaspace   ] GC(49) Metaspace: 54964K(55680K)->54964K(55680K) NonClass: 46450K(46848K)->46450K(46848K) Class: 8513K(8832K)->8513K(8832K)
[2026-04-03T01:33:17.250+0600][22.920s][info][gc             ] GC(49) Pause Young (Normal) (G1 Evacuation Pause) 127M->19M(184M) 2.206ms
[2026-04-03T01:33:17.250+0600][22.920s][info][gc,cpu         ] GC(49) User=0.01s Sys=0.00s Real=0.01s
[2026-04-03T01:33:17.396+0600][23.066s][info][gc,start       ] GC(50) Pause Young (Normal) (G1 Evacuation Pause)
[2026-04-03T01:33:17.396+0600][23.066s][info][gc,task        ] GC(50) Using 10 workers of 10 for evacuation
[2026-04-03T01:33:17.398+0600][23.067s][info][gc,phases      ] GC(50)   Pre Evacuate Collection Set: 0.19ms
[2026-04-03T01:33:17.398+0600][23.068s][info][gc,phases      ] GC(50)   Merge Heap Roots: 0.12ms
[2026-04-03T01:33:17.398+0600][23.068s][info][gc,phases      ] GC(50)   Evacuate Collection Set: 0.80ms
[2026-04-03T01:33:17.398+0600][23.068s][info][gc,phases      ] GC(50)   Post Evacuate Collection Set: 0.36ms
[2026-04-03T01:33:17.398+0600][23.068s][info][gc,phases      ] GC(50)   Other: 0.10ms
[2026-04-03T01:33:17.398+0600][23.068s][info][gc,heap        ] GC(50) Eden regions: 54->0(54)
[2026-04-03T01:33:17.398+0600][23.068s][info][gc,heap        ] GC(50) Survivor regions: 1->1(7)
[2026-04-03T01:33:17.398+0600][23.068s][info][gc,heap        ] GC(50) Old regions: 13->13
[2026-04-03T01:33:17.398+0600][23.068s][info][gc,heap        ] GC(50) Humongous regions: 0->0
[2026-04-03T01:33:17.398+0600][23.068s][info][gc,metaspace   ] GC(50) Metaspace: 54964K(55680K)->54964K(55680K) NonClass: 46450K(46848K)->46450K(46848K) Class: 8513K(8832K)->8513K(8832K)
[2026-04-03T01:33:17.398+0600][23.068s][info][gc             ] GC(50) Pause Young (Normal) (G1 Evacuation Pause) 127M->19M(184M) 1.884ms
[2026-04-03T01:33:17.398+0600][23.068s][info][gc,cpu         ] GC(50) User=0.01s Sys=0.00s Real=0.00s
[2026-04-03T01:33:17.546+0600][23.215s][info][gc,start       ] GC(51) Pause Young (Normal) (G1 Evacuation Pause)
[2026-04-03T01:33:17.546+0600][23.216s][info][gc,task        ] GC(51) Using 10 workers of 10 for evacuation
[2026-04-03T01:33:17.547+0600][23.217s][info][gc,phases      ] GC(51)   Pre Evacuate Collection Set: 0.17ms
[2026-04-03T01:33:17.547+0600][23.217s][info][gc,phases      ] GC(51)   Merge Heap Roots: 0.12ms
[2026-04-03T01:33:17.547+0600][23.217s][info][gc,phases      ] GC(51)   Evacuate Collection Set: 0.86ms
[2026-04-03T01:33:17.547+0600][23.217s][info][gc,phases      ] GC(51)   Post Evacuate Collection Set: 0.49ms
[2026-04-03T01:33:17.547+0600][23.217s][info][gc,phases      ] GC(51)   Other: 0.09ms
[2026-04-03T01:33:17.547+0600][23.217s][info][gc,heap        ] GC(51) Eden regions: 54->0(65)
[2026-04-03T01:33:17.547+0600][23.217s][info][gc,heap        ] GC(51) Survivor regions: 1->1(7)
[2026-04-03T01:33:17.547+0600][23.217s][info][gc,heap        ] GC(51) Old regions: 13->13
[2026-04-03T01:33:17.547+0600][23.217s][info][gc,heap        ] GC(51) Humongous regions: 0->0
[2026-04-03T01:33:17.547+0600][23.217s][info][gc,metaspace   ] GC(51) Metaspace: 54964K(55680K)->54964K(55680K) NonClass: 46450K(46848K)->46450K(46848K) Class: 8513K(8832K)->8513K(8832K)
[2026-04-03T01:33:17.548+0600][23.217s][info][gc             ] GC(51) Pause Young (Normal) (G1 Evacuation Pause) 127M->19M(222M) 2.028ms
[2026-04-03T01:33:17.548+0600][23.217s][info][gc,cpu         ] GC(51) User=0.01s Sys=0.00s Real=0.00s
[2026-04-03T01:33:17.740+0600][23.410s][info][gc,start       ] GC(52) Pause Young (Normal) (G1 Evacuation Pause)
[2026-04-03T01:33:17.740+0600][23.410s][info][gc,task        ] GC(52) Using 10 workers of 10 for evacuation
[2026-04-03T01:33:17.742+0600][23.412s][info][gc,phases      ] GC(52)   Pre Evacuate Collection Set: 0.17ms
[2026-04-03T01:33:17.742+0600][23.412s][info][gc,phases      ] GC(52)   Merge Heap Roots: 0.14ms
[2026-04-03T01:33:17.742+0600][23.412s][info][gc,phases      ] GC(52)   Evacuate Collection Set: 0.72ms
[2026-04-03T01:33:17.742+0600][23.412s][info][gc,phases      ] GC(52)   Post Evacuate Collection Set: 0.32ms
[2026-04-03T01:33:17.742+0600][23.412s][info][gc,phases      ] GC(52)   Other: 0.09ms
[2026-04-03T01:33:17.742+0600][23.412s][info][gc,heap        ] GC(52) Eden regions: 65->0(65)
[2026-04-03T01:33:17.742+0600][23.412s][info][gc,heap        ] GC(52) Survivor regions: 1->1(9)
[2026-04-03T01:33:17.742+0600][23.412s][info][gc,heap        ] GC(52) Old regions: 13->13
[2026-04-03T01:33:17.742+0600][23.412s][info][gc,heap        ] GC(52) Humongous regions: 0->0
[2026-04-03T01:33:17.742+0600][23.412s][info][gc,metaspace   ] GC(52) Metaspace: 54965K(55680K)->54965K(55680K) NonClass: 46451K(46848K)->46451K(46848K) Class: 8513K(8832K)->8513K(8832K)
[2026-04-03T01:33:17.742+0600][23.412s][info][gc             ] GC(52) Pause Young (Normal) (G1 Evacuation Pause) 149M->19M(222M) 1.765ms
[2026-04-03T01:33:17.742+0600][23.412s][info][gc,cpu         ] GC(52) User=0.00s Sys=0.01s Real=0.00s
[2026-04-03T01:33:17.954+0600][23.624s][info][gc,start       ] GC(53) Pause Young (Normal) (G1 Evacuation Pause)
[2026-04-03T01:33:17.954+0600][23.624s][info][gc,task        ] GC(53) Using 10 workers of 10 for evacuation
[2026-04-03T01:33:17.956+0600][23.625s][info][gc,phases      ] GC(53)   Pre Evacuate Collection Set: 0.18ms
[2026-04-03T01:33:17.956+0600][23.626s][info][gc,phases      ] GC(53)   Merge Heap Roots: 0.13ms
[2026-04-03T01:33:17.956+0600][23.626s][info][gc,phases      ] GC(53)   Evacuate Collection Set: 0.77ms
[2026-04-03T01:33:17.956+0600][23.626s][info][gc,phases      ] GC(53)   Post Evacuate Collection Set: 0.46ms
[2026-04-03T01:33:17.956+0600][23.626s][info][gc,phases      ] GC(53)   Other: 0.11ms
[2026-04-03T01:33:17.956+0600][23.626s][info][gc,heap        ] GC(53) Eden regions: 65->0(65)
[2026-04-03T01:33:17.956+0600][23.626s][info][gc,heap        ] GC(53) Survivor regions: 1->1(9)
[2026-04-03T01:33:17.956+0600][23.626s][info][gc,heap        ] GC(53) Old regions: 13->13
[2026-04-03T01:33:17.956+0600][23.626s][info][gc,heap        ] GC(53) Humongous regions: 0->0
[2026-04-03T01:33:17.956+0600][23.626s][info][gc,metaspace   ] GC(53) Metaspace: 54965K(55680K)->54965K(55680K) NonClass: 46451K(46848K)->46451K(46848K) Class: 8513K(8832K)->8513K(8832K)
[2026-04-03T01:33:17.956+0600][23.626s][info][gc             ] GC(53) Pause Young (Normal) (G1 Evacuation Pause) 149M->19M(222M) 2.045ms
[2026-04-03T01:33:17.956+0600][23.626s][info][gc,cpu         ] GC(53) User=0.01s Sys=0.00s Real=0.00s
[2026-04-03T01:33:18.153+0600][23.823s][info][gc,start       ] GC(54) Pause Young (Normal) (G1 Evacuation Pause)
[2026-04-03T01:33:18.156+0600][23.826s][info][gc,task        ] GC(54) Using 10 workers of 10 for evacuation
[2026-04-03T01:33:18.159+0600][23.829s][info][gc,phases      ] GC(54)   Pre Evacuate Collection Set: 0.38ms
[2026-04-03T01:33:18.159+0600][23.829s][info][gc,phases      ] GC(54)   Merge Heap Roots: 0.19ms
[2026-04-03T01:33:18.159+0600][23.829s][info][gc,phases      ] GC(54)   Evacuate Collection Set: 1.10ms
[2026-04-03T01:33:18.159+0600][23.829s][info][gc,phases      ] GC(54)   Post Evacuate Collection Set: 0.43ms
[2026-04-03T01:33:18.159+0600][23.829s][info][gc,phases      ] GC(54)   Other: 0.15ms
[2026-04-03T01:33:18.159+0600][23.829s][info][gc,heap        ] GC(54) Eden regions: 65->0(65)
[2026-04-03T01:33:18.159+0600][23.829s][info][gc,heap        ] GC(54) Survivor regions: 1->1(9)
[2026-04-03T01:33:18.159+0600][23.829s][info][gc,heap        ] GC(54) Old regions: 13->13
[2026-04-03T01:33:18.159+0600][23.829s][info][gc,heap        ] GC(54) Humongous regions: 0->0
[2026-04-03T01:33:18.159+0600][23.829s][info][gc,metaspace   ] GC(54) Metaspace: 54968K(55680K)->54968K(55680K) NonClass: 46454K(46848K)->46454K(46848K) Class: 8513K(8832K)->8513K(8832K)
[2026-04-03T01:33:18.159+0600][23.829s][info][gc             ] GC(54) Pause Young (Normal) (G1 Evacuation Pause) 149M->19M(222M) 5.653ms
[2026-04-03T01:33:18.159+0600][23.829s][info][gc,cpu         ] GC(54) User=0.02s Sys=0.00s Real=0.00s
[2026-04-03T01:33:18.330+0600][24.000s][info][gc,start       ] GC(55) Pause Young (Normal) (G1 Evacuation Pause)
[2026-04-03T01:33:18.330+0600][24.000s][info][gc,task        ] GC(55) Using 10 workers of 10 for evacuation
[2026-04-03T01:33:18.332+0600][24.002s][info][gc,phases      ] GC(55)   Pre Evacuate Collection Set: 0.20ms
[2026-04-03T01:33:18.332+0600][24.002s][info][gc,phases      ] GC(55)   Merge Heap Roots: 0.13ms
[2026-04-03T01:33:18.332+0600][24.002s][info][gc,phases      ] GC(55)   Evacuate Collection Set: 0.91ms
[2026-04-03T01:33:18.332+0600][24.002s][info][gc,phases      ] GC(55)   Post Evacuate Collection Set: 0.32ms
[2026-04-03T01:33:18.332+0600][24.002s][info][gc,phases      ] GC(55)   Other: 0.10ms
[2026-04-03T01:33:18.332+0600][24.002s][info][gc,heap        ] GC(55) Eden regions: 65->0(65)
[2026-04-03T01:33:18.332+0600][24.002s][info][gc,heap        ] GC(55) Survivor regions: 1->1(9)
[2026-04-03T01:33:18.332+0600][24.002s][info][gc,heap        ] GC(55) Old regions: 13->13
[2026-04-03T01:33:18.332+0600][24.002s][info][gc,heap        ] GC(55) Humongous regions: 0->0
[2026-04-03T01:33:18.332+0600][24.002s][info][gc,metaspace   ] GC(55) Metaspace: 54968K(55680K)->54968K(55680K) NonClass: 46454K(46848K)->46454K(46848K) Class: 8513K(8832K)->8513K(8832K)
[2026-04-03T01:33:18.332+0600][24.002s][info][gc             ] GC(55) Pause Young (Normal) (G1 Evacuation Pause) 149M->19M(222M) 1.964ms
[2026-04-03T01:33:18.332+0600][24.002s][info][gc,cpu         ] GC(55) User=0.01s Sys=0.00s Real=0.00s
[2026-04-03T01:33:18.509+0600][24.179s][info][gc,start       ] GC(56) Pause Young (Normal) (G1 Evacuation Pause)
[2026-04-03T01:33:18.509+0600][24.179s][info][gc,task        ] GC(56) Using 10 workers of 10 for evacuation
[2026-04-03T01:33:18.510+0600][24.180s][info][gc,phases      ] GC(56)   Pre Evacuate Collection Set: 0.17ms
[2026-04-03T01:33:18.510+0600][24.180s][info][gc,phases      ] GC(56)   Merge Heap Roots: 0.17ms
[2026-04-03T01:33:18.510+0600][24.180s][info][gc,phases      ] GC(56)   Evacuate Collection Set: 0.74ms
[2026-04-03T01:33:18.510+0600][24.180s][info][gc,phases      ] GC(56)   Post Evacuate Collection Set: 0.37ms
[2026-04-03T01:33:18.510+0600][24.180s][info][gc,phases      ] GC(56)   Other: 0.10ms
[2026-04-03T01:33:18.510+0600][24.180s][info][gc,heap        ] GC(56) Eden regions: 65->0(65)
[2026-04-03T01:33:18.510+0600][24.180s][info][gc,heap        ] GC(56) Survivor regions: 1->1(9)
[2026-04-03T01:33:18.510+0600][24.180s][info][gc,heap        ] GC(56) Old regions: 13->13
[2026-04-03T01:33:18.510+0600][24.180s][info][gc,heap        ] GC(56) Humongous regions: 0->0
[2026-04-03T01:33:18.510+0600][24.180s][info][gc,metaspace   ] GC(56) Metaspace: 54968K(55680K)->54968K(55680K) NonClass: 46454K(46848K)->46454K(46848K) Class: 8513K(8832K)->8513K(8832K)
[2026-04-03T01:33:18.510+0600][24.180s][info][gc             ] GC(56) Pause Young (Normal) (G1 Evacuation Pause) 149M->19M(222M) 1.872ms
[2026-04-03T01:33:18.511+0600][24.180s][info][gc,cpu         ] GC(56) User=0.00s Sys=0.00s Real=0.01s
[2026-04-03T01:33:18.697+0600][24.367s][info][gc,start       ] GC(57) Pause Young (Normal) (G1 Evacuation Pause)
[2026-04-03T01:33:18.697+0600][24.367s][info][gc,task        ] GC(57) Using 10 workers of 10 for evacuation
[2026-04-03T01:33:18.699+0600][24.369s][info][gc,phases      ] GC(57)   Pre Evacuate Collection Set: 0.16ms
[2026-04-03T01:33:18.699+0600][24.369s][info][gc,phases      ] GC(57)   Merge Heap Roots: 0.15ms
[2026-04-03T01:33:18.699+0600][24.369s][info][gc,phases      ] GC(57)   Evacuate Collection Set: 0.83ms
[2026-04-03T01:33:18.699+0600][24.369s][info][gc,phases      ] GC(57)   Post Evacuate Collection Set: 0.42ms
[2026-04-03T01:33:18.699+0600][24.369s][info][gc,phases      ] GC(57)   Other: 0.10ms
[2026-04-03T01:33:18.699+0600][24.369s][info][gc,heap        ] GC(57) Eden regions: 65->0(65)
[2026-04-03T01:33:18.699+0600][24.369s][info][gc,heap        ] GC(57) Survivor regions: 1->1(9)
[2026-04-03T01:33:18.699+0600][24.369s][info][gc,heap        ] GC(57) Old regions: 13->13
[2026-04-03T01:33:18.699+0600][24.369s][info][gc,heap        ] GC(57) Humongous regions: 0->0
[2026-04-03T01:33:18.699+0600][24.369s][info][gc,metaspace   ] GC(57) Metaspace: 54968K(55680K)->54968K(55680K) NonClass: 46454K(46848K)->46454K(46848K) Class: 8513K(8832K)->8513K(8832K)
[2026-04-03T01:33:18.699+0600][24.369s][info][gc             ] GC(57) Pause Young (Normal) (G1 Evacuation Pause) 149M->19M(222M) 1.991ms
[2026-04-03T01:33:18.699+0600][24.369s][info][gc,cpu         ] GC(57) User=0.01s Sys=0.00s Real=0.00s
[2026-04-03T01:33:18.869+0600][24.539s][info][gc,start       ] GC(58) Pause Young (Normal) (G1 Evacuation Pause)
[2026-04-03T01:33:18.870+0600][24.540s][info][gc,task        ] GC(58) Using 10 workers of 10 for evacuation
[2026-04-03T01:33:18.871+0600][24.541s][info][gc,phases      ] GC(58)   Pre Evacuate Collection Set: 0.23ms
[2026-04-03T01:33:18.871+0600][24.541s][info][gc,phases      ] GC(58)   Merge Heap Roots: 0.16ms
[2026-04-03T01:33:18.871+0600][24.541s][info][gc,phases      ] GC(58)   Evacuate Collection Set: 0.79ms
[2026-04-03T01:33:18.871+0600][24.541s][info][gc,phases      ] GC(58)   Post Evacuate Collection Set: 0.40ms
[2026-04-03T01:33:18.871+0600][24.541s][info][gc,phases      ] GC(58)   Other: 0.14ms
[2026-04-03T01:33:18.871+0600][24.541s][info][gc,heap        ] GC(58) Eden regions: 65->0(65)
[2026-04-03T01:33:18.871+0600][24.541s][info][gc,heap        ] GC(58) Survivor regions: 1->1(9)
[2026-04-03T01:33:18.871+0600][24.541s][info][gc,heap        ] GC(58) Old regions: 13->13
[2026-04-03T01:33:18.871+0600][24.541s][info][gc,heap        ] GC(58) Humongous regions: 0->0
[2026-04-03T01:33:18.871+0600][24.541s][info][gc,metaspace   ] GC(58) Metaspace: 54968K(55680K)->54968K(55680K) NonClass: 46454K(46848K)->46454K(46848K) Class: 8513K(8832K)->8513K(8832K)
[2026-04-03T01:33:18.871+0600][24.541s][info][gc             ] GC(58) Pause Young (Normal) (G1 Evacuation Pause) 149M->19M(222M) 1.989ms
[2026-04-03T01:33:18.872+0600][24.541s][info][gc,cpu         ] GC(58) User=0.01s Sys=0.00s Real=0.01s
[2026-04-03T01:33:19.051+0600][24.721s][info][gc,start       ] GC(59) Pause Young (Normal) (G1 Evacuation Pause)
[2026-04-03T01:33:19.051+0600][24.721s][info][gc,task        ] GC(59) Using 10 workers of 10 for evacuation
[2026-04-03T01:33:19.053+0600][24.722s][info][gc,phases      ] GC(59)   Pre Evacuate Collection Set: 0.20ms
[2026-04-03T01:33:19.053+0600][24.722s][info][gc,phases      ] GC(59)   Merge Heap Roots: 0.13ms
[2026-04-03T01:33:19.053+0600][24.722s][info][gc,phases      ] GC(59)   Evacuate Collection Set: 0.84ms
[2026-04-03T01:33:19.053+0600][24.723s][info][gc,phases      ] GC(59)   Post Evacuate Collection Set: 0.35ms
[2026-04-03T01:33:19.053+0600][24.723s][info][gc,phases      ] GC(59)   Other: 0.10ms
[2026-04-03T01:33:19.053+0600][24.723s][info][gc,heap        ] GC(59) Eden regions: 65->0(65)
[2026-04-03T01:33:19.053+0600][24.723s][info][gc,heap        ] GC(59) Survivor regions: 1->1(9)
[2026-04-03T01:33:19.053+0600][24.723s][info][gc,heap        ] GC(59) Old regions: 13->13
[2026-04-03T01:33:19.053+0600][24.723s][info][gc,heap        ] GC(59) Humongous regions: 0->0
[2026-04-03T01:33:19.053+0600][24.723s][info][gc,metaspace   ] GC(59) Metaspace: 54968K(55680K)->54968K(55680K) NonClass: 46454K(46848K)->46454K(46848K) Class: 8513K(8832K)->8513K(8832K)
[2026-04-03T01:33:19.053+0600][24.723s][info][gc             ] GC(59) Pause Young (Normal) (G1 Evacuation Pause) 149M->19M(222M) 1.888ms
[2026-04-03T01:33:19.053+0600][24.723s][info][gc,cpu         ] GC(59) User=0.01s Sys=0.00s Real=0.00s
[2026-04-03T01:33:19.224+0600][24.894s][info][gc,start       ] GC(60) Pause Young (Normal) (G1 Evacuation Pause)
[2026-04-03T01:33:19.225+0600][24.894s][info][gc,task        ] GC(60) Using 10 workers of 10 for evacuation
[2026-04-03T01:33:19.226+0600][24.896s][info][gc,phases      ] GC(60)   Pre Evacuate Collection Set: 0.20ms
[2026-04-03T01:33:19.226+0600][24.896s][info][gc,phases      ] GC(60)   Merge Heap Roots: 0.14ms
[2026-04-03T01:33:19.226+0600][24.896s][info][gc,phases      ] GC(60)   Evacuate Collection Set: 0.82ms
[2026-04-03T01:33:19.226+0600][24.896s][info][gc,phases      ] GC(60)   Post Evacuate Collection Set: 0.31ms
[2026-04-03T01:33:19.226+0600][24.896s][info][gc,phases      ] GC(60)   Other: 0.09ms
[2026-04-03T01:33:19.226+0600][24.896s][info][gc,heap        ] GC(60) Eden regions: 65->0(65)
[2026-04-03T01:33:19.226+0600][24.896s][info][gc,heap        ] GC(60) Survivor regions: 1->1(9)
[2026-04-03T01:33:19.226+0600][24.896s][info][gc,heap        ] GC(60) Old regions: 13->13
[2026-04-03T01:33:19.226+0600][24.896s][info][gc,heap        ] GC(60) Humongous regions: 0->0
[2026-04-03T01:33:19.226+0600][24.896s][info][gc,metaspace   ] GC(60) Metaspace: 54968K(55680K)->54968K(55680K) NonClass: 46454K(46848K)->46454K(46848K) Class: 8513K(8832K)->8513K(8832K)
[2026-04-03T01:33:19.226+0600][24.896s][info][gc             ] GC(60) Pause Young (Normal) (G1 Evacuation Pause) 149M->19M(222M) 1.879ms
[2026-04-03T01:33:19.226+0600][24.896s][info][gc,cpu         ] GC(60) User=0.00s Sys=0.01s Real=0.00s
[2026-04-03T01:33:19.395+0600][25.065s][info][gc,start       ] GC(61) Pause Young (Normal) (G1 Evacuation Pause)
[2026-04-03T01:33:19.395+0600][25.065s][info][gc,task        ] GC(61) Using 10 workers of 10 for evacuation
[2026-04-03T01:33:19.397+0600][25.066s][info][gc,phases      ] GC(61)   Pre Evacuate Collection Set: 0.20ms
[2026-04-03T01:33:19.397+0600][25.067s][info][gc,phases      ] GC(61)   Merge Heap Roots: 0.14ms
[2026-04-03T01:33:19.397+0600][25.067s][info][gc,phases      ] GC(61)   Evacuate Collection Set: 0.72ms
[2026-04-03T01:33:19.397+0600][25.067s][info][gc,phases      ] GC(61)   Post Evacuate Collection Set: 0.34ms
[2026-04-03T01:33:19.397+0600][25.067s][info][gc,phases      ] GC(61)   Other: 0.10ms
[2026-04-03T01:33:19.397+0600][25.067s][info][gc,heap        ] GC(61) Eden regions: 65->0(65)
[2026-04-03T01:33:19.397+0600][25.067s][info][gc,heap        ] GC(61) Survivor regions: 1->1(9)
[2026-04-03T01:33:19.397+0600][25.067s][info][gc,heap        ] GC(61) Old regions: 13->13
[2026-04-03T01:33:19.397+0600][25.067s][info][gc,heap        ] GC(61) Humongous regions: 0->0
[2026-04-03T01:33:19.397+0600][25.067s][info][gc,metaspace   ] GC(61) Metaspace: 54968K(55680K)->54968K(55680K) NonClass: 46454K(46848K)->46454K(46848K) Class: 8513K(8832K)->8513K(8832K)
[2026-04-03T01:33:19.397+0600][25.067s][info][gc             ] GC(61) Pause Young (Normal) (G1 Evacuation Pause) 149M->19M(222M) 1.953ms
[2026-04-03T01:33:19.397+0600][25.067s][info][gc,cpu         ] GC(61) User=0.01s Sys=0.00s Real=0.00s
[2026-04-03T01:33:19.586+0600][25.256s][info][gc,start       ] GC(62) Pause Young (Normal) (G1 Evacuation Pause)
[2026-04-03T01:33:19.586+0600][25.256s][info][gc,task        ] GC(62) Using 10 workers of 10 for evacuation
[2026-04-03T01:33:19.587+0600][25.257s][info][gc,phases      ] GC(62)   Pre Evacuate Collection Set: 0.18ms
[2026-04-03T01:33:19.587+0600][25.257s][info][gc,phases      ] GC(62)   Merge Heap Roots: 0.13ms
[2026-04-03T01:33:19.587+0600][25.257s][info][gc,phases      ] GC(62)   Evacuate Collection Set: 0.77ms
[2026-04-03T01:33:19.587+0600][25.257s][info][gc,phases      ] GC(62)   Post Evacuate Collection Set: 0.34ms
[2026-04-03T01:33:19.587+0600][25.257s][info][gc,phases      ] GC(62)   Other: 0.10ms
[2026-04-03T01:33:19.587+0600][25.257s][info][gc,heap        ] GC(62) Eden regions: 65->0(65)
[2026-04-03T01:33:19.587+0600][25.257s][info][gc,heap        ] GC(62) Survivor regions: 1->1(9)
[2026-04-03T01:33:19.587+0600][25.257s][info][gc,heap        ] GC(62) Old regions: 13->13
[2026-04-03T01:33:19.587+0600][25.257s][info][gc,heap        ] GC(62) Humongous regions: 0->0
[2026-04-03T01:33:19.587+0600][25.257s][info][gc,metaspace   ] GC(62) Metaspace: 54968K(55680K)->54968K(55680K) NonClass: 46454K(46848K)->46454K(46848K) Class: 8513K(8832K)->8513K(8832K)
[2026-04-03T01:33:19.587+0600][25.257s][info][gc             ] GC(62) Pause Young (Normal) (G1 Evacuation Pause) 149M->19M(222M) 1.805ms
[2026-04-03T01:33:19.587+0600][25.257s][info][gc,cpu         ] GC(62) User=0.01s Sys=0.00s Real=0.00s
[2026-04-03T01:33:19.771+0600][25.441s][info][gc,start       ] GC(63) Pause Young (Normal) (G1 Evacuation Pause)
[2026-04-03T01:33:19.771+0600][25.441s][info][gc,task        ] GC(63) Using 10 workers of 10 for evacuation
[2026-04-03T01:33:19.773+0600][25.443s][info][gc,phases      ] GC(63)   Pre Evacuate Collection Set: 0.17ms
[2026-04-03T01:33:19.773+0600][25.443s][info][gc,phases      ] GC(63)   Merge Heap Roots: 0.14ms
[2026-04-03T01:33:19.773+0600][25.443s][info][gc,phases      ] GC(63)   Evacuate Collection Set: 0.73ms
[2026-04-03T01:33:19.773+0600][25.443s][info][gc,phases      ] GC(63)   Post Evacuate Collection Set: 0.42ms
[2026-04-03T01:33:19.773+0600][25.443s][info][gc,phases      ] GC(63)   Other: 0.09ms
[2026-04-03T01:33:19.773+0600][25.443s][info][gc,heap        ] GC(63) Eden regions: 65->0(65)
[2026-04-03T01:33:19.773+0600][25.443s][info][gc,heap        ] GC(63) Survivor regions: 1->1(9)
[2026-04-03T01:33:19.773+0600][25.443s][info][gc,heap        ] GC(63) Old regions: 13->13
[2026-04-03T01:33:19.773+0600][25.443s][info][gc,heap        ] GC(63) Humongous regions: 0->0
[2026-04-03T01:33:19.773+0600][25.443s][info][gc,metaspace   ] GC(63) Metaspace: 54968K(55680K)->54968K(55680K) NonClass: 46454K(46848K)->46454K(46848K) Class: 8513K(8832K)->8513K(8832K)
[2026-04-03T01:33:19.773+0600][25.443s][info][gc             ] GC(63) Pause Young (Normal) (G1 Evacuation Pause) 149M->19M(222M) 1.892ms
[2026-04-03T01:33:19.773+0600][25.443s][info][gc,cpu         ] GC(63) User=0.01s Sys=0.00s Real=0.00s
[2026-04-03T01:33:19.948+0600][25.618s][info][gc,start       ] GC(64) Pause Young (Normal) (G1 Evacuation Pause)
[2026-04-03T01:33:19.948+0600][25.618s][info][gc,task        ] GC(64) Using 10 workers of 10 for evacuation
[2026-04-03T01:33:19.949+0600][25.619s][info][gc,phases      ] GC(64)   Pre Evacuate Collection Set: 0.17ms
[2026-04-03T01:33:19.949+0600][25.619s][info][gc,phases      ] GC(64)   Merge Heap Roots: 0.12ms
[2026-04-03T01:33:19.949+0600][25.619s][info][gc,phases      ] GC(64)   Evacuate Collection Set: 0.78ms
[2026-04-03T01:33:19.949+0600][25.619s][info][gc,phases      ] GC(64)   Post Evacuate Collection Set: 0.36ms
[2026-04-03T01:33:19.949+0600][25.619s][info][gc,phases      ] GC(64)   Other: 0.09ms
[2026-04-03T01:33:19.949+0600][25.619s][info][gc,heap        ] GC(64) Eden regions: 65->0(65)
[2026-04-03T01:33:19.949+0600][25.619s][info][gc,heap        ] GC(64) Survivor regions: 1->1(9)
[2026-04-03T01:33:19.949+0600][25.619s][info][gc,heap        ] GC(64) Old regions: 13->13
[2026-04-03T01:33:19.949+0600][25.619s][info][gc,heap        ] GC(64) Humongous regions: 0->0
[2026-04-03T01:33:19.949+0600][25.619s][info][gc,metaspace   ] GC(64) Metaspace: 54968K(55680K)->54968K(55680K) NonClass: 46454K(46848K)->46454K(46848K) Class: 8513K(8832K)->8513K(8832K)
[2026-04-03T01:33:19.950+0600][25.619s][info][gc             ] GC(64) Pause Young (Normal) (G1 Evacuation Pause) 149M->19M(222M) 1.796ms
[2026-04-03T01:33:19.950+0600][25.619s][info][gc,cpu         ] GC(64) User=0.01s Sys=0.00s Real=0.00s
[2026-04-03T01:33:20.121+0600][25.791s][info][gc,start       ] GC(65) Pause Young (Normal) (G1 Evacuation Pause)
[2026-04-03T01:33:20.121+0600][25.791s][info][gc,task        ] GC(65) Using 10 workers of 10 for evacuation
[2026-04-03T01:33:20.123+0600][25.793s][info][gc,phases      ] GC(65)   Pre Evacuate Collection Set: 0.17ms
[2026-04-03T01:33:20.123+0600][25.793s][info][gc,phases      ] GC(65)   Merge Heap Roots: 0.13ms
[2026-04-03T01:33:20.123+0600][25.793s][info][gc,phases      ] GC(65)   Evacuate Collection Set: 0.80ms
[2026-04-03T01:33:20.123+0600][25.793s][info][gc,phases      ] GC(65)   Post Evacuate Collection Set: 0.32ms
[2026-04-03T01:33:20.123+0600][25.793s][info][gc,phases      ] GC(65)   Other: 0.09ms
[2026-04-03T01:33:20.123+0600][25.793s][info][gc,heap        ] GC(65) Eden regions: 65->0(65)
[2026-04-03T01:33:20.123+0600][25.793s][info][gc,heap        ] GC(65) Survivor regions: 1->1(9)
[2026-04-03T01:33:20.123+0600][25.793s][info][gc,heap        ] GC(65) Old regions: 13->13
[2026-04-03T01:33:20.123+0600][25.793s][info][gc,heap        ] GC(65) Humongous regions: 0->0
[2026-04-03T01:33:20.123+0600][25.793s][info][gc,metaspace   ] GC(65) Metaspace: 54968K(55680K)->54968K(55680K) NonClass: 46455K(46848K)->46455K(46848K) Class: 8513K(8832K)->8513K(8832K)
[2026-04-03T01:33:20.123+0600][25.793s][info][gc             ] GC(65) Pause Young (Normal) (G1 Evacuation Pause) 149M->19M(222M) 1.837ms
[2026-04-03T01:33:20.123+0600][25.793s][info][gc,cpu         ] GC(65) User=0.01s Sys=0.00s Real=0.00s
[2026-04-03T01:33:20.296+0600][25.966s][info][gc,start       ] GC(66) Pause Young (Normal) (G1 Evacuation Pause)
[2026-04-03T01:33:20.296+0600][25.966s][info][gc,task        ] GC(66) Using 10 workers of 10 for evacuation
[2026-04-03T01:33:20.298+0600][25.968s][info][gc,phases      ] GC(66)   Pre Evacuate Collection Set: 0.19ms
[2026-04-03T01:33:20.298+0600][25.968s][info][gc,phases      ] GC(66)   Merge Heap Roots: 0.13ms
[2026-04-03T01:33:20.298+0600][25.968s][info][gc,phases      ] GC(66)   Evacuate Collection Set: 0.78ms
[2026-04-03T01:33:20.298+0600][25.968s][info][gc,phases      ] GC(66)   Post Evacuate Collection Set: 0.39ms
[2026-04-03T01:33:20.298+0600][25.968s][info][gc,phases      ] GC(66)   Other: 0.17ms
[2026-04-03T01:33:20.298+0600][25.968s][info][gc,heap        ] GC(66) Eden regions: 65->0(65)
[2026-04-03T01:33:20.298+0600][25.968s][info][gc,heap        ] GC(66) Survivor regions: 1->1(9)
[2026-04-03T01:33:20.298+0600][25.968s][info][gc,heap        ] GC(66) Old regions: 13->13
[2026-04-03T01:33:20.298+0600][25.968s][info][gc,heap        ] GC(66) Humongous regions: 0->0
[2026-04-03T01:33:20.298+0600][25.968s][info][gc,metaspace   ] GC(66) Metaspace: 54968K(55680K)->54968K(55680K) NonClass: 46455K(46848K)->46455K(46848K) Class: 8513K(8832K)->8513K(8832K)
[2026-04-03T01:33:20.298+0600][25.968s][info][gc             ] GC(66) Pause Young (Normal) (G1 Evacuation Pause) 149M->19M(222M) 1.992ms
[2026-04-03T01:33:20.298+0600][25.968s][info][gc,cpu         ] GC(66) User=0.01s Sys=0.00s Real=0.00s
[2026-04-03T01:33:20.464+0600][26.134s][info][gc,start       ] GC(67) Pause Young (Normal) (G1 Evacuation Pause)
[2026-04-03T01:33:20.464+0600][26.134s][info][gc,task        ] GC(67) Using 10 workers of 10 for evacuation
[2026-04-03T01:33:20.466+0600][26.136s][info][gc,phases      ] GC(67)   Pre Evacuate Collection Set: 0.17ms
[2026-04-03T01:33:20.466+0600][26.136s][info][gc,phases      ] GC(67)   Merge Heap Roots: 0.16ms
[2026-04-03T01:33:20.466+0600][26.136s][info][gc,phases      ] GC(67)   Evacuate Collection Set: 0.73ms
[2026-04-03T01:33:20.466+0600][26.136s][info][gc,phases      ] GC(67)   Post Evacuate Collection Set: 0.34ms
[2026-04-03T01:33:20.466+0600][26.136s][info][gc,phases      ] GC(67)   Other: 0.09ms
[2026-04-03T01:33:20.466+0600][26.136s][info][gc,heap        ] GC(67) Eden regions: 65->0(65)
[2026-04-03T01:33:20.466+0600][26.136s][info][gc,heap        ] GC(67) Survivor regions: 1->1(9)
[2026-04-03T01:33:20.466+0600][26.136s][info][gc,heap        ] GC(67) Old regions: 13->13
[2026-04-03T01:33:20.466+0600][26.136s][info][gc,heap        ] GC(67) Humongous regions: 0->0
[2026-04-03T01:33:20.466+0600][26.136s][info][gc,metaspace   ] GC(67) Metaspace: 54968K(55680K)->54968K(55680K) NonClass: 46455K(46848K)->46455K(46848K) Class: 8513K(8832K)->8513K(8832K)
[2026-04-03T01:33:20.466+0600][26.136s][info][gc             ] GC(67) Pause Young (Normal) (G1 Evacuation Pause) 149M->19M(222M) 1.757ms
[2026-04-03T01:33:20.466+0600][26.136s][info][gc,cpu         ] GC(67) User=0.01s Sys=0.00s Real=0.00s
[2026-04-03T01:33:20.647+0600][26.317s][info][gc,start       ] GC(68) Pause Young (Normal) (G1 Evacuation Pause)
[2026-04-03T01:33:20.647+0600][26.317s][info][gc,task        ] GC(68) Using 10 workers of 10 for evacuation
[2026-04-03T01:33:20.648+0600][26.318s][info][gc,phases      ] GC(68)   Pre Evacuate Collection Set: 0.17ms
[2026-04-03T01:33:20.649+0600][26.318s][info][gc,phases      ] GC(68)   Merge Heap Roots: 0.13ms
[2026-04-03T01:33:20.649+0600][26.318s][info][gc,phases      ] GC(68)   Evacuate Collection Set: 0.68ms
[2026-04-03T01:33:20.649+0600][26.318s][info][gc,phases      ] GC(68)   Post Evacuate Collection Set: 0.30ms
[2026-04-03T01:33:20.649+0600][26.318s][info][gc,phases      ] GC(68)   Other: 0.10ms
[2026-04-03T01:33:20.649+0600][26.319s][info][gc,heap        ] GC(68) Eden regions: 65->0(65)
[2026-04-03T01:33:20.649+0600][26.319s][info][gc,heap        ] GC(68) Survivor regions: 1->1(9)
[2026-04-03T01:33:20.649+0600][26.319s][info][gc,heap        ] GC(68) Old regions: 13->13
[2026-04-03T01:33:20.649+0600][26.319s][info][gc,heap        ] GC(68) Humongous regions: 0->0
[2026-04-03T01:33:20.649+0600][26.319s][info][gc,metaspace   ] GC(68) Metaspace: 54968K(55680K)->54968K(55680K) NonClass: 46455K(46848K)->46455K(46848K) Class: 8513K(8832K)->8513K(8832K)
[2026-04-03T01:33:20.649+0600][26.319s][info][gc             ] GC(68) Pause Young (Normal) (G1 Evacuation Pause) 149M->19M(222M) 1.680ms
[2026-04-03T01:33:20.649+0600][26.319s][info][gc,cpu         ] GC(68) User=0.01s Sys=0.00s Real=0.00s
[2026-04-03T01:33:20.980+0600][26.650s][info][gc,start       ] GC(69) Pause Full (System.gc())
[2026-04-03T01:33:20.980+0600][26.650s][info][gc,task        ] GC(69) Using 7 workers of 10 for full compaction
[2026-04-03T01:33:20.981+0600][26.650s][info][gc,phases,start] GC(69) Phase 1: Mark live objects
[2026-04-03T01:33:21.003+0600][26.673s][info][gc,phases      ] GC(69) Phase 1: Mark live objects 22.045ms
[2026-04-03T01:33:21.003+0600][26.673s][info][gc,phases,start] GC(69) Phase 2: Prepare compaction
[2026-04-03T01:33:21.004+0600][26.674s][info][gc,phases      ] GC(69) Phase 2: Prepare compaction 1.609ms
[2026-04-03T01:33:21.004+0600][26.674s][info][gc,phases,start] GC(69) Phase 3: Adjust pointers
[2026-04-03T01:33:21.018+0600][26.687s][info][gc,phases      ] GC(69) Phase 3: Adjust pointers 13.197ms
[2026-04-03T01:33:21.018+0600][26.688s][info][gc,phases,start] GC(69) Phase 4: Compact heap
[2026-04-03T01:33:21.020+0600][26.690s][info][gc,phases      ] GC(69) Phase 4: Compact heap 2.438ms
[2026-04-03T01:33:21.020+0600][26.690s][info][gc,phases,start] GC(69) Phase 5: Reset Metadata
[2026-04-03T01:33:21.023+0600][26.693s][info][gc,phases      ] GC(69) Phase 5: Reset Metadata 2.947ms
[2026-04-03T01:33:21.033+0600][26.703s][info][gc,heap        ] GC(69) Eden regions: 48->0(22)
[2026-04-03T01:33:21.033+0600][26.703s][info][gc,heap        ] GC(69) Survivor regions: 1->0(9)
[2026-04-03T01:33:21.033+0600][26.703s][info][gc,heap        ] GC(69) Old regions: 13->11
[2026-04-03T01:33:21.033+0600][26.703s][info][gc,heap        ] GC(69) Humongous regions: 0->0
[2026-04-03T01:33:21.033+0600][26.703s][info][gc,metaspace   ] GC(69) Metaspace: 55241K(55936K)->54851K(55936K) NonClass: 46683K(47104K)->46412K(47104K) Class: 8557K(8832K)->8439K(8832K)
[2026-04-03T01:33:21.033+0600][26.703s][info][gc             ] GC(69) Pause Full (System.gc()) 114M->18M(74M) 52.707ms
[2026-04-03T01:33:21.033+0600][26.703s][info][gc,cpu         ] GC(69) User=0.20s Sys=0.01s Real=0.05s
[2026-04-03T01:33:21.366+0600][27.036s][info][gc,start       ] GC(70) Pause Young (Normal) (G1 Evacuation Pause)
[2026-04-03T01:33:21.367+0600][27.037s][info][gc,task        ] GC(70) Using 10 workers of 10 for evacuation
[2026-04-03T01:33:21.370+0600][27.040s][info][gc,phases      ] GC(70)   Pre Evacuate Collection Set: 0.34ms
[2026-04-03T01:33:21.370+0600][27.040s][info][gc,phases      ] GC(70)   Merge Heap Roots: 0.28ms
[2026-04-03T01:33:21.370+0600][27.040s][info][gc,phases      ] GC(70)   Evacuate Collection Set: 1.73ms
[2026-04-03T01:33:21.370+0600][27.040s][info][gc,phases      ] GC(70)   Post Evacuate Collection Set: 0.71ms
[2026-04-03T01:33:21.370+0600][27.040s][info][gc,phases      ] GC(70)   Other: 0.12ms
[2026-04-03T01:33:21.370+0600][27.040s][info][gc,heap        ] GC(70) Eden regions: 22->0(21)
[2026-04-03T01:33:21.370+0600][27.040s][info][gc,heap        ] GC(70) Survivor regions: 0->1(3)
[2026-04-03T01:33:21.370+0600][27.040s][info][gc,heap        ] GC(70) Old regions: 11->11
[2026-04-03T01:33:21.370+0600][27.040s][info][gc,heap        ] GC(70) Humongous regions: 0->0
[2026-04-03T01:33:21.370+0600][27.040s][info][gc,metaspace   ] GC(70) Metaspace: 54875K(55936K)->54875K(55936K) NonClass: 46428K(47104K)->46428K(47104K) Class: 8447K(8832K)->8447K(8832K)
[2026-04-03T01:33:21.370+0600][27.040s][info][gc             ] GC(70) Pause Young (Normal) (G1 Evacuation Pause) 62M->19M(74M) 3.586ms
[2026-04-03T01:33:21.370+0600][27.040s][info][gc,cpu         ] GC(70) User=0.02s Sys=0.00s Real=0.01s
[2026-04-03T01:33:21.616+0600][27.286s][info][gc,start       ] GC(71) Pause Young (Normal) (G1 Evacuation Pause)
[2026-04-03T01:33:21.616+0600][27.286s][info][gc,task        ] GC(71) Using 10 workers of 10 for evacuation
[2026-04-03T01:33:21.619+0600][27.289s][info][gc,phases      ] GC(71)   Pre Evacuate Collection Set: 0.21ms
[2026-04-03T01:33:21.619+0600][27.289s][info][gc,phases      ] GC(71)   Merge Heap Roots: 0.15ms
[2026-04-03T01:33:21.619+0600][27.289s][info][gc,phases      ] GC(71)   Evacuate Collection Set: 1.97ms
[2026-04-03T01:33:21.619+0600][27.289s][info][gc,phases      ] GC(71)   Post Evacuate Collection Set: 0.63ms
[2026-04-03T01:33:21.619+0600][27.289s][info][gc,phases      ] GC(71)   Other: 0.12ms
[2026-04-03T01:33:21.619+0600][27.289s][info][gc,heap        ] GC(71) Eden regions: 21->0(21)
[2026-04-03T01:33:21.619+0600][27.289s][info][gc,heap        ] GC(71) Survivor regions: 1->1(3)
[2026-04-03T01:33:21.619+0600][27.289s][info][gc,heap        ] GC(71) Old regions: 11->11
[2026-04-03T01:33:21.620+0600][27.289s][info][gc,heap        ] GC(71) Humongous regions: 0->0
[2026-04-03T01:33:21.620+0600][27.289s][info][gc,metaspace   ] GC(71) Metaspace: 54875K(55936K)->54875K(55936K) NonClass: 46428K(47104K)->46428K(47104K) Class: 8447K(8832K)->8447K(8832K)
[2026-04-03T01:33:21.620+0600][27.289s][info][gc             ] GC(71) Pause Young (Normal) (G1 Evacuation Pause) 61M->19M(74M) 3.439ms
[2026-04-03T01:33:21.620+0600][27.290s][info][gc,cpu         ] GC(71) User=0.02s Sys=0.00s Real=0.00s
[2026-04-03T01:33:21.846+0600][27.516s][info][gc,start       ] GC(72) Pause Young (Normal) (G1 Evacuation Pause)
[2026-04-03T01:33:21.847+0600][27.516s][info][gc,task        ] GC(72) Using 10 workers of 10 for evacuation
[2026-04-03T01:33:21.850+0600][27.519s][info][gc,phases      ] GC(72)   Pre Evacuate Collection Set: 0.40ms
[2026-04-03T01:33:21.850+0600][27.520s][info][gc,phases      ] GC(72)   Merge Heap Roots: 0.21ms
[2026-04-03T01:33:21.850+0600][27.520s][info][gc,phases      ] GC(72)   Evacuate Collection Set: 1.68ms
[2026-04-03T01:33:21.850+0600][27.520s][info][gc,phases      ] GC(72)   Post Evacuate Collection Set: 0.59ms
[2026-04-03T01:33:21.850+0600][27.520s][info][gc,phases      ] GC(72)   Other: 0.12ms
[2026-04-03T01:33:21.850+0600][27.520s][info][gc,heap        ] GC(72) Eden regions: 21->0(21)
[2026-04-03T01:33:21.850+0600][27.520s][info][gc,heap        ] GC(72) Survivor regions: 1->1(3)
[2026-04-03T01:33:21.850+0600][27.520s][info][gc,heap        ] GC(72) Old regions: 11->11
[2026-04-03T01:33:21.850+0600][27.520s][info][gc,heap        ] GC(72) Humongous regions: 0->0
[2026-04-03T01:33:21.850+0600][27.520s][info][gc,metaspace   ] GC(72) Metaspace: 54875K(55936K)->54875K(55936K) NonClass: 46428K(47104K)->46428K(47104K) Class: 8447K(8832K)->8447K(8832K)
[2026-04-03T01:33:21.850+0600][27.520s][info][gc             ] GC(72) Pause Young (Normal) (G1 Evacuation Pause) 61M->19M(74M) 3.375ms
[2026-04-03T01:33:21.850+0600][27.520s][info][gc,cpu         ] GC(72) User=0.03s Sys=0.00s Real=0.01s
[2026-04-03T01:33:22.096+0600][27.766s][info][gc,start       ] GC(73) Pause Young (Normal) (G1 Evacuation Pause)
[2026-04-03T01:33:22.097+0600][27.766s][info][gc,task        ] GC(73) Using 10 workers of 10 for evacuation
[2026-04-03T01:33:22.099+0600][27.769s][info][gc,phases      ] GC(73)   Pre Evacuate Collection Set: 0.21ms
[2026-04-03T01:33:22.099+0600][27.769s][info][gc,phases      ] GC(73)   Merge Heap Roots: 0.14ms
[2026-04-03T01:33:22.099+0600][27.769s][info][gc,phases      ] GC(73)   Evacuate Collection Set: 1.88ms
[2026-04-03T01:33:22.099+0600][27.769s][info][gc,phases      ] GC(73)   Post Evacuate Collection Set: 0.53ms
[2026-04-03T01:33:22.099+0600][27.769s][info][gc,phases      ] GC(73)   Other: 0.10ms
[2026-04-03T01:33:22.100+0600][27.769s][info][gc,heap        ] GC(73) Eden regions: 21->0(21)
[2026-04-03T01:33:22.100+0600][27.769s][info][gc,heap        ] GC(73) Survivor regions: 1->1(3)
[2026-04-03T01:33:22.100+0600][27.769s][info][gc,heap        ] GC(73) Old regions: 11->11
[2026-04-03T01:33:22.100+0600][27.769s][info][gc,heap        ] GC(73) Humongous regions: 0->0
[2026-04-03T01:33:22.100+0600][27.769s][info][gc,metaspace   ] GC(73) Metaspace: 54875K(55936K)->54875K(55936K) NonClass: 46428K(47104K)->46428K(47104K) Class: 8447K(8832K)->8447K(8832K)
[2026-04-03T01:33:22.100+0600][27.770s][info][gc             ] GC(73) Pause Young (Normal) (G1 Evacuation Pause) 61M->19M(74M) 3.212ms
[2026-04-03T01:33:22.100+0600][27.770s][info][gc,cpu         ] GC(73) User=0.02s Sys=0.01s Real=0.00s
[2026-04-03T01:33:22.302+0600][27.972s][info][gc,start       ] GC(74) Pause Young (Normal) (G1 Evacuation Pause)
[2026-04-03T01:33:22.302+0600][27.972s][info][gc,task        ] GC(74) Using 10 workers of 10 for evacuation
[2026-04-03T01:33:22.304+0600][27.974s][info][gc,phases      ] GC(74)   Pre Evacuate Collection Set: 0.35ms
[2026-04-03T01:33:22.305+0600][27.974s][info][gc,phases      ] GC(74)   Merge Heap Roots: 0.13ms
[2026-04-03T01:33:22.305+0600][27.974s][info][gc,phases      ] GC(74)   Evacuate Collection Set: 1.40ms
[2026-04-03T01:33:22.305+0600][27.975s][info][gc,phases      ] GC(74)   Post Evacuate Collection Set: 0.65ms
[2026-04-03T01:33:22.305+0600][27.975s][info][gc,phases      ] GC(74)   Other: 0.12ms
[2026-04-03T01:33:22.305+0600][27.975s][info][gc,heap        ] GC(74) Eden regions: 21->0(30)
[2026-04-03T01:33:22.305+0600][27.975s][info][gc,heap        ] GC(74) Survivor regions: 1->1(3)
[2026-04-03T01:33:22.305+0600][27.975s][info][gc,heap        ] GC(74) Old regions: 11->11
[2026-04-03T01:33:22.305+0600][27.975s][info][gc,heap        ] GC(74) Humongous regions: 0->0
[2026-04-03T01:33:22.305+0600][27.975s][info][gc,metaspace   ] GC(74) Metaspace: 54875K(55936K)->54875K(55936K) NonClass: 46428K(47104K)->46428K(47104K) Class: 8447K(8832K)->8447K(8832K)
[2026-04-03T01:33:22.305+0600][27.975s][info][gc             ] GC(74) Pause Young (Normal) (G1 Evacuation Pause) 61M->19M(106M) 3.004ms
[2026-04-03T01:33:22.305+0600][27.975s][info][gc,cpu         ] GC(74) User=0.02s Sys=0.00s Real=0.00s
[2026-04-03T01:33:22.624+0600][28.294s][info][gc,start       ] GC(75) Pause Young (Normal) (G1 Evacuation Pause)
[2026-04-03T01:33:22.624+0600][28.294s][info][gc,task        ] GC(75) Using 10 workers of 10 for evacuation
[2026-04-03T01:33:22.627+0600][28.297s][info][gc,phases      ] GC(75)   Pre Evacuate Collection Set: 0.22ms
[2026-04-03T01:33:22.627+0600][28.297s][info][gc,phases      ] GC(75)   Merge Heap Roots: 0.13ms
[2026-04-03T01:33:22.627+0600][28.297s][info][gc,phases      ] GC(75)   Evacuate Collection Set: 1.69ms
[2026-04-03T01:33:22.627+0600][28.297s][info][gc,phases      ] GC(75)   Post Evacuate Collection Set: 0.53ms
[2026-04-03T01:33:22.627+0600][28.297s][info][gc,phases      ] GC(75)   Other: 0.10ms
[2026-04-03T01:33:22.627+0600][28.297s][info][gc,heap        ] GC(75) Eden regions: 30->0(30)
[2026-04-03T01:33:22.627+0600][28.297s][info][gc,heap        ] GC(75) Survivor regions: 1->1(4)
[2026-04-03T01:33:22.627+0600][28.297s][info][gc,heap        ] GC(75) Old regions: 11->11
[2026-04-03T01:33:22.627+0600][28.297s][info][gc,heap        ] GC(75) Humongous regions: 0->0
[2026-04-03T01:33:22.627+0600][28.297s][info][gc,metaspace   ] GC(75) Metaspace: 54875K(55936K)->54875K(55936K) NonClass: 46428K(47104K)->46428K(47104K) Class: 8447K(8832K)->8447K(8832K)
[2026-04-03T01:33:22.627+0600][28.297s][info][gc             ] GC(75) Pause Young (Normal) (G1 Evacuation Pause) 79M->19M(106M) 3.022ms
[2026-04-03T01:33:22.627+0600][28.297s][info][gc,cpu         ] GC(75) User=0.02s Sys=0.00s Real=0.00s
[2026-04-03T01:33:22.934+0600][28.603s][info][gc,start       ] GC(76) Pause Young (Normal) (G1 Evacuation Pause)
[2026-04-03T01:33:22.934+0600][28.604s][info][gc,task        ] GC(76) Using 10 workers of 10 for evacuation
[2026-04-03T01:33:22.937+0600][28.606s][info][gc,phases      ] GC(76)   Pre Evacuate Collection Set: 0.38ms
[2026-04-03T01:33:22.937+0600][28.607s][info][gc,phases      ] GC(76)   Merge Heap Roots: 0.15ms
[2026-04-03T01:33:22.937+0600][28.607s][info][gc,phases      ] GC(76)   Evacuate Collection Set: 1.66ms
[2026-04-03T01:33:22.937+0600][28.607s][info][gc,phases      ] GC(76)   Post Evacuate Collection Set: 0.54ms
[2026-04-03T01:33:22.937+0600][28.607s][info][gc,phases      ] GC(76)   Other: 0.14ms
[2026-04-03T01:33:22.937+0600][28.607s][info][gc,heap        ] GC(76) Eden regions: 30->0(30)
[2026-04-03T01:33:22.937+0600][28.607s][info][gc,heap        ] GC(76) Survivor regions: 1->1(4)
[2026-04-03T01:33:22.937+0600][28.607s][info][gc,heap        ] GC(76) Old regions: 11->11
[2026-04-03T01:33:22.937+0600][28.607s][info][gc,heap        ] GC(76) Humongous regions: 0->0
[2026-04-03T01:33:22.937+0600][28.607s][info][gc,metaspace   ] GC(76) Metaspace: 54875K(55936K)->54875K(55936K) NonClass: 46428K(47104K)->46428K(47104K) Class: 8447K(8832K)->8447K(8832K)
[2026-04-03T01:33:22.937+0600][28.607s][info][gc             ] GC(76) Pause Young (Normal) (G1 Evacuation Pause) 79M->19M(106M) 3.249ms
[2026-04-03T01:33:22.937+0600][28.607s][info][gc,cpu         ] GC(76) User=0.03s Sys=0.00s Real=0.00s
[2026-04-03T01:33:23.236+0600][28.906s][info][gc,start       ] GC(77) Pause Young (Normal) (G1 Evacuation Pause)
[2026-04-03T01:33:23.236+0600][28.906s][info][gc,task        ] GC(77) Using 10 workers of 10 for evacuation
[2026-04-03T01:33:23.261+0600][28.931s][info][gc,phases      ] GC(77)   Pre Evacuate Collection Set: 0.17ms
[2026-04-03T01:33:23.261+0600][28.931s][info][gc,phases      ] GC(77)   Merge Heap Roots: 0.08ms
[2026-04-03T01:33:23.261+0600][28.931s][info][gc,phases      ] GC(77)   Evacuate Collection Set: 1.04ms
[2026-04-03T01:33:23.261+0600][28.931s][info][gc,phases      ] GC(77)   Post Evacuate Collection Set: 0.52ms
[2026-04-03T01:33:23.261+0600][28.931s][info][gc,phases      ] GC(77)   Other: 23.17ms
[2026-04-03T01:33:23.261+0600][28.931s][info][gc,heap        ] GC(77) Eden regions: 30->0(30)
[2026-04-03T01:33:23.261+0600][28.931s][info][gc,heap        ] GC(77) Survivor regions: 1->1(4)
[2026-04-03T01:33:23.261+0600][28.931s][info][gc,heap        ] GC(77) Old regions: 11->11
[2026-04-03T01:33:23.261+0600][28.931s][info][gc,heap        ] GC(77) Humongous regions: 0->0
[2026-04-03T01:33:23.261+0600][28.931s][info][gc,metaspace   ] GC(77) Metaspace: 54875K(55936K)->54875K(55936K) NonClass: 46428K(47104K)->46428K(47104K) Class: 8447K(8832K)->8447K(8832K)
[2026-04-03T01:33:23.261+0600][28.931s][info][gc             ] GC(77) Pause Young (Normal) (G1 Evacuation Pause) 79M->19M(106M) 25.346ms
[2026-04-03T01:33:23.261+0600][28.931s][info][gc,cpu         ] GC(77) User=0.07s Sys=0.01s Real=0.03s
[2026-04-03T01:33:23.517+0600][29.187s][info][gc,start       ] GC(78) Pause Young (Normal) (G1 Evacuation Pause)
[2026-04-03T01:33:23.517+0600][29.187s][info][gc,task        ] GC(78) Using 10 workers of 10 for evacuation
[2026-04-03T01:33:23.520+0600][29.190s][info][gc,phases      ] GC(78)   Pre Evacuate Collection Set: 0.24ms
[2026-04-03T01:33:23.520+0600][29.190s][info][gc,phases      ] GC(78)   Merge Heap Roots: 0.13ms
[2026-04-03T01:33:23.520+0600][29.190s][info][gc,phases      ] GC(78)   Evacuate Collection Set: 2.18ms
[2026-04-03T01:33:23.520+0600][29.190s][info][gc,phases      ] GC(78)   Post Evacuate Collection Set: 0.43ms
[2026-04-03T01:33:23.520+0600][29.190s][info][gc,phases      ] GC(78)   Other: 0.11ms
[2026-04-03T01:33:23.520+0600][29.190s][info][gc,heap        ] GC(78) Eden regions: 30->0(30)
[2026-04-03T01:33:23.520+0600][29.190s][info][gc,heap        ] GC(78) Survivor regions: 1->1(4)
[2026-04-03T01:33:23.520+0600][29.190s][info][gc,heap        ] GC(78) Old regions: 11->11
[2026-04-03T01:33:23.520+0600][29.190s][info][gc,heap        ] GC(78) Humongous regions: 0->0
[2026-04-03T01:33:23.520+0600][29.190s][info][gc,metaspace   ] GC(78) Metaspace: 54875K(55936K)->54875K(55936K) NonClass: 46428K(47104K)->46428K(47104K) Class: 8447K(8832K)->8447K(8832K)
[2026-04-03T01:33:23.521+0600][29.190s][info][gc             ] GC(78) Pause Young (Normal) (G1 Evacuation Pause) 79M->19M(106M) 3.442ms
[2026-04-03T01:33:23.521+0600][29.190s][info][gc,cpu         ] GC(78) User=0.02s Sys=0.00s Real=0.01s
[2026-04-03T01:33:23.754+0600][29.424s][info][gc,start       ] GC(79) Pause Young (Normal) (G1 Evacuation Pause)
[2026-04-03T01:33:23.754+0600][29.424s][info][gc,task        ] GC(79) Using 10 workers of 10 for evacuation
[2026-04-03T01:33:23.757+0600][29.427s][info][gc,phases      ] GC(79)   Pre Evacuate Collection Set: 0.20ms
[2026-04-03T01:33:23.757+0600][29.427s][info][gc,phases      ] GC(79)   Merge Heap Roots: 0.18ms
[2026-04-03T01:33:23.757+0600][29.427s][info][gc,phases      ] GC(79)   Evacuate Collection Set: 1.86ms
[2026-04-03T01:33:23.757+0600][29.427s][info][gc,phases      ] GC(79)   Post Evacuate Collection Set: 0.53ms
[2026-04-03T01:33:23.757+0600][29.427s][info][gc,phases      ] GC(79)   Other: 0.11ms
[2026-04-03T01:33:23.757+0600][29.427s][info][gc,heap        ] GC(79) Eden regions: 30->0(30)
[2026-04-03T01:33:23.757+0600][29.427s][info][gc,heap        ] GC(79) Survivor regions: 1->1(4)
[2026-04-03T01:33:23.757+0600][29.427s][info][gc,heap        ] GC(79) Old regions: 11->11
[2026-04-03T01:33:23.757+0600][29.427s][info][gc,heap        ] GC(79) Humongous regions: 0->0
[2026-04-03T01:33:23.757+0600][29.427s][info][gc,metaspace   ] GC(79) Metaspace: 54875K(55936K)->54875K(55936K) NonClass: 46428K(47104K)->46428K(47104K) Class: 8447K(8832K)->8447K(8832K)
[2026-04-03T01:33:23.758+0600][29.427s][info][gc             ] GC(79) Pause Young (Normal) (G1 Evacuation Pause) 79M->19M(106M) 3.202ms
[2026-04-03T01:33:23.758+0600][29.427s][info][gc,cpu         ] GC(79) User=0.02s Sys=0.00s Real=0.00s
[2026-04-03T01:33:23.980+0600][29.650s][info][gc,start       ] GC(80) Pause Young (Normal) (G1 Evacuation Pause)
[2026-04-03T01:33:23.980+0600][29.650s][info][gc,task        ] GC(80) Using 10 workers of 10 for evacuation
[2026-04-03T01:33:23.982+0600][29.652s][info][gc,phases      ] GC(80)   Pre Evacuate Collection Set: 0.22ms
[2026-04-03T01:33:23.982+0600][29.652s][info][gc,phases      ] GC(80)   Merge Heap Roots: 0.13ms
[2026-04-03T01:33:23.982+0600][29.652s][info][gc,phases      ] GC(80)   Evacuate Collection Set: 1.38ms
[2026-04-03T01:33:23.982+0600][29.652s][info][gc,phases      ] GC(80)   Post Evacuate Collection Set: 0.44ms
[2026-04-03T01:33:23.982+0600][29.652s][info][gc,phases      ] GC(80)   Other: 0.10ms
[2026-04-03T01:33:23.982+0600][29.652s][info][gc,heap        ] GC(80) Eden regions: 30->0(30)
[2026-04-03T01:33:23.982+0600][29.652s][info][gc,heap        ] GC(80) Survivor regions: 1->1(4)
[2026-04-03T01:33:23.982+0600][29.652s][info][gc,heap        ] GC(80) Old regions: 11->11
[2026-04-03T01:33:23.982+0600][29.652s][info][gc,heap        ] GC(80) Humongous regions: 0->0
[2026-04-03T01:33:23.982+0600][29.652s][info][gc,metaspace   ] GC(80) Metaspace: 54875K(55936K)->54875K(55936K) NonClass: 46428K(47104K)->46428K(47104K) Class: 8447K(8832K)->8447K(8832K)
[2026-04-03T01:33:23.982+0600][29.652s][info][gc             ] GC(80) Pause Young (Normal) (G1 Evacuation Pause) 79M->19M(106M) 2.605ms
[2026-04-03T01:33:23.982+0600][29.652s][info][gc,cpu         ] GC(80) User=0.02s Sys=0.00s Real=0.01s
[2026-04-03T01:33:24.213+0600][29.883s][info][gc,start       ] GC(81) Pause Young (Normal) (G1 Evacuation Pause)
[2026-04-03T01:33:24.213+0600][29.883s][info][gc,task        ] GC(81) Using 10 workers of 10 for evacuation
[2026-04-03T01:33:24.216+0600][29.886s][info][gc,phases      ] GC(81)   Pre Evacuate Collection Set: 0.30ms
[2026-04-03T01:33:24.216+0600][29.886s][info][gc,phases      ] GC(81)   Merge Heap Roots: 0.15ms
[2026-04-03T01:33:24.216+0600][29.886s][info][gc,phases      ] GC(81)   Evacuate Collection Set: 1.87ms
[2026-04-03T01:33:24.216+0600][29.886s][info][gc,phases      ] GC(81)   Post Evacuate Collection Set: 0.74ms
[2026-04-03T01:33:24.216+0600][29.886s][info][gc,phases      ] GC(81)   Other: 0.12ms
[2026-04-03T01:33:24.216+0600][29.886s][info][gc,heap        ] GC(81) Eden regions: 30->0(30)
[2026-04-03T01:33:24.216+0600][29.886s][info][gc,heap        ] GC(81) Survivor regions: 1->1(4)
[2026-04-03T01:33:24.216+0600][29.886s][info][gc,heap        ] GC(81) Old regions: 11->11
[2026-04-03T01:33:24.216+0600][29.886s][info][gc,heap        ] GC(81) Humongous regions: 0->0
[2026-04-03T01:33:24.216+0600][29.886s][info][gc,metaspace   ] GC(81) Metaspace: 54921K(55936K)->54921K(55936K) NonClass: 46455K(47104K)->46455K(47104K) Class: 8466K(8832K)->8466K(8832K)
[2026-04-03T01:33:24.216+0600][29.886s][info][gc             ] GC(81) Pause Young (Normal) (G1 Evacuation Pause) 79M->19M(106M) 3.596ms
[2026-04-03T01:33:24.216+0600][29.886s][info][gc,cpu         ] GC(81) User=0.02s Sys=0.00s Real=0.00s
[2026-04-03T01:33:24.452+0600][30.122s][info][gc,start       ] GC(82) Pause Young (Normal) (G1 Evacuation Pause)
[2026-04-03T01:33:24.452+0600][30.122s][info][gc,task        ] GC(82) Using 10 workers of 10 for evacuation
[2026-04-03T01:33:24.455+0600][30.125s][info][gc,phases      ] GC(82)   Pre Evacuate Collection Set: 0.36ms
[2026-04-03T01:33:24.456+0600][30.125s][info][gc,phases      ] GC(82)   Merge Heap Roots: 0.14ms
[2026-04-03T01:33:24.456+0600][30.125s][info][gc,phases      ] GC(82)   Evacuate Collection Set: 1.70ms
[2026-04-03T01:33:24.456+0600][30.125s][info][gc,phases      ] GC(82)   Post Evacuate Collection Set: 1.00ms
[2026-04-03T01:33:24.456+0600][30.125s][info][gc,phases      ] GC(82)   Other: 0.12ms
[2026-04-03T01:33:24.456+0600][30.126s][info][gc,heap        ] GC(82) Eden regions: 30->0(37)
[2026-04-03T01:33:24.456+0600][30.126s][info][gc,heap        ] GC(82) Survivor regions: 1->1(4)
[2026-04-03T01:33:24.456+0600][30.126s][info][gc,heap        ] GC(82) Old regions: 11->11
[2026-04-03T01:33:24.456+0600][30.126s][info][gc,heap        ] GC(82) Humongous regions: 0->0
[2026-04-03T01:33:24.456+0600][30.126s][info][gc,metaspace   ] GC(82) Metaspace: 54921K(55936K)->54921K(55936K) NonClass: 46455K(47104K)->46455K(47104K) Class: 8466K(8832K)->8466K(8832K)
[2026-04-03T01:33:24.456+0600][30.126s][info][gc             ] GC(82) Pause Young (Normal) (G1 Evacuation Pause) 79M->19M(128M) 3.746ms
[2026-04-03T01:33:24.456+0600][30.126s][info][gc,cpu         ] GC(82) User=0.02s Sys=0.01s Real=0.00s
[2026-04-03T01:33:24.732+0600][30.402s][info][gc,start       ] GC(83) Pause Young (Normal) (G1 Evacuation Pause)
[2026-04-03T01:33:24.732+0600][30.402s][info][gc,task        ] GC(83) Using 10 workers of 10 for evacuation
[2026-04-03T01:33:24.735+0600][30.405s][info][gc,phases      ] GC(83)   Pre Evacuate Collection Set: 0.26ms
[2026-04-03T01:33:24.735+0600][30.405s][info][gc,phases      ] GC(83)   Merge Heap Roots: 0.13ms
[2026-04-03T01:33:24.735+0600][30.405s][info][gc,phases      ] GC(83)   Evacuate Collection Set: 1.79ms
[2026-04-03T01:33:24.735+0600][30.405s][info][gc,phases      ] GC(83)   Post Evacuate Collection Set: 0.44ms
[2026-04-03T01:33:24.735+0600][30.405s][info][gc,phases      ] GC(83)   Other: 0.10ms
[2026-04-03T01:33:24.735+0600][30.405s][info][gc,heap        ] GC(83) Eden regions: 37->0(37)
[2026-04-03T01:33:24.735+0600][30.405s][info][gc,heap        ] GC(83) Survivor regions: 1->1(5)
[2026-04-03T01:33:24.735+0600][30.405s][info][gc,heap        ] GC(83) Old regions: 11->11
[2026-04-03T01:33:24.735+0600][30.405s][info][gc,heap        ] GC(83) Humongous regions: 0->0
[2026-04-03T01:33:24.735+0600][30.405s][info][gc,metaspace   ] GC(83) Metaspace: 54921K(55936K)->54921K(55936K) NonClass: 46455K(47104K)->46455K(47104K) Class: 8466K(8832K)->8466K(8832K)
[2026-04-03T01:33:24.735+0600][30.405s][info][gc             ] GC(83) Pause Young (Normal) (G1 Evacuation Pause) 93M->19M(128M) 3.062ms
[2026-04-03T01:33:24.735+0600][30.405s][info][gc,cpu         ] GC(83) User=0.02s Sys=0.01s Real=0.00s
[2026-04-03T01:33:24.984+0600][30.654s][info][gc,start       ] GC(84) Pause Young (Normal) (G1 Evacuation Pause)
[2026-04-03T01:33:24.984+0600][30.654s][info][gc,task        ] GC(84) Using 10 workers of 10 for evacuation
[2026-04-03T01:33:24.987+0600][30.657s][info][gc,phases      ] GC(84)   Pre Evacuate Collection Set: 0.19ms
[2026-04-03T01:33:24.987+0600][30.657s][info][gc,phases      ] GC(84)   Merge Heap Roots: 0.13ms
[2026-04-03T01:33:24.987+0600][30.657s][info][gc,phases      ] GC(84)   Evacuate Collection Set: 1.91ms
[2026-04-03T01:33:24.987+0600][30.657s][info][gc,phases      ] GC(84)   Post Evacuate Collection Set: 0.51ms
[2026-04-03T01:33:24.987+0600][30.657s][info][gc,phases      ] GC(84)   Other: 0.10ms
[2026-04-03T01:33:24.987+0600][30.657s][info][gc,heap        ] GC(84) Eden regions: 37->0(37)
[2026-04-03T01:33:24.987+0600][30.657s][info][gc,heap        ] GC(84) Survivor regions: 1->1(5)
[2026-04-03T01:33:24.987+0600][30.657s][info][gc,heap        ] GC(84) Old regions: 11->11
[2026-04-03T01:33:24.987+0600][30.657s][info][gc,heap        ] GC(84) Humongous regions: 0->0
[2026-04-03T01:33:24.987+0600][30.657s][info][gc,metaspace   ] GC(84) Metaspace: 54921K(55936K)->54921K(55936K) NonClass: 46455K(47104K)->46455K(47104K) Class: 8466K(8832K)->8466K(8832K)
[2026-04-03T01:33:24.988+0600][30.657s][info][gc             ] GC(84) Pause Young (Normal) (G1 Evacuation Pause) 93M->19M(128M) 3.192ms
[2026-04-03T01:33:24.988+0600][30.657s][info][gc,cpu         ] GC(84) User=0.02s Sys=0.00s Real=0.00s
[2026-04-03T01:33:25.210+0600][30.879s][info][gc,start       ] GC(85) Pause Young (Normal) (G1 Evacuation Pause)
[2026-04-03T01:33:25.210+0600][30.880s][info][gc,task        ] GC(85) Using 10 workers of 10 for evacuation
[2026-04-03T01:33:25.212+0600][30.882s][info][gc,phases      ] GC(85)   Pre Evacuate Collection Set: 0.22ms
[2026-04-03T01:33:25.212+0600][30.882s][info][gc,phases      ] GC(85)   Merge Heap Roots: 0.15ms
[2026-04-03T01:33:25.212+0600][30.882s][info][gc,phases      ] GC(85)   Evacuate Collection Set: 1.43ms
[2026-04-03T01:33:25.212+0600][30.882s][info][gc,phases      ] GC(85)   Post Evacuate Collection Set: 0.43ms
[2026-04-03T01:33:25.212+0600][30.882s][info][gc,phases      ] GC(85)   Other: 0.10ms
[2026-04-03T01:33:25.212+0600][30.882s][info][gc,heap        ] GC(85) Eden regions: 37->0(37)
[2026-04-03T01:33:25.212+0600][30.882s][info][gc,heap        ] GC(85) Survivor regions: 1->1(5)
[2026-04-03T01:33:25.212+0600][30.882s][info][gc,heap        ] GC(85) Old regions: 11->12
[2026-04-03T01:33:25.212+0600][30.882s][info][gc,heap        ] GC(85) Humongous regions: 0->0
[2026-04-03T01:33:25.212+0600][30.882s][info][gc,metaspace   ] GC(85) Metaspace: 54921K(55936K)->54921K(55936K) NonClass: 46455K(47104K)->46455K(47104K) Class: 8466K(8832K)->8466K(8832K)
[2026-04-03T01:33:25.212+0600][30.882s][info][gc             ] GC(85) Pause Young (Normal) (G1 Evacuation Pause) 93M->19M(128M) 2.717ms
[2026-04-03T01:33:25.212+0600][30.882s][info][gc,cpu         ] GC(85) User=0.02s Sys=0.00s Real=0.01s
[2026-04-03T01:33:25.412+0600][31.082s][info][gc,start       ] GC(86) Pause Young (Normal) (G1 Evacuation Pause)
[2026-04-03T01:33:25.412+0600][31.082s][info][gc,task        ] GC(86) Using 10 workers of 10 for evacuation
[2026-04-03T01:33:25.414+0600][31.084s][info][gc,phases      ] GC(86)   Pre Evacuate Collection Set: 0.20ms
[2026-04-03T01:33:25.414+0600][31.084s][info][gc,phases      ] GC(86)   Merge Heap Roots: 0.15ms
[2026-04-03T01:33:25.414+0600][31.084s][info][gc,phases      ] GC(86)   Evacuate Collection Set: 1.10ms
[2026-04-03T01:33:25.414+0600][31.084s][info][gc,phases      ] GC(86)   Post Evacuate Collection Set: 0.48ms
[2026-04-03T01:33:25.414+0600][31.084s][info][gc,phases      ] GC(86)   Other: 0.17ms
[2026-04-03T01:33:25.414+0600][31.084s][info][gc,heap        ] GC(86) Eden regions: 37->0(37)
[2026-04-03T01:33:25.414+0600][31.084s][info][gc,heap        ] GC(86) Survivor regions: 1->1(5)
[2026-04-03T01:33:25.414+0600][31.084s][info][gc,heap        ] GC(86) Old regions: 12->12
[2026-04-03T01:33:25.414+0600][31.084s][info][gc,heap        ] GC(86) Humongous regions: 0->0
[2026-04-03T01:33:25.414+0600][31.084s][info][gc,metaspace   ] GC(86) Metaspace: 54921K(55936K)->54921K(55936K) NonClass: 46455K(47104K)->46455K(47104K) Class: 8466K(8832K)->8466K(8832K)
[2026-04-03T01:33:25.414+0600][31.084s][info][gc             ] GC(86) Pause Young (Normal) (G1 Evacuation Pause) 93M->19M(128M) 2.557ms
[2026-04-03T01:33:25.414+0600][31.084s][info][gc,cpu         ] GC(86) User=0.02s Sys=0.00s Real=0.00s
[2026-04-03T01:33:25.619+0600][31.288s][info][gc,start       ] GC(87) Pause Young (Normal) (G1 Evacuation Pause)
[2026-04-03T01:33:25.619+0600][31.289s][info][gc,task        ] GC(87) Using 10 workers of 10 for evacuation
[2026-04-03T01:33:25.621+0600][31.291s][info][gc,phases      ] GC(87)   Pre Evacuate Collection Set: 0.22ms
[2026-04-03T01:33:25.621+0600][31.291s][info][gc,phases      ] GC(87)   Merge Heap Roots: 0.14ms
[2026-04-03T01:33:25.621+0600][31.291s][info][gc,phases      ] GC(87)   Evacuate Collection Set: 1.57ms
[2026-04-03T01:33:25.621+0600][31.291s][info][gc,phases      ] GC(87)   Post Evacuate Collection Set: 0.55ms
[2026-04-03T01:33:25.621+0600][31.291s][info][gc,phases      ] GC(87)   Other: 0.13ms
[2026-04-03T01:33:25.621+0600][31.291s][info][gc,heap        ] GC(87) Eden regions: 37->0(37)
[2026-04-03T01:33:25.621+0600][31.291s][info][gc,heap        ] GC(87) Survivor regions: 1->1(5)
[2026-04-03T01:33:25.622+0600][31.291s][info][gc,heap        ] GC(87) Old regions: 12->12
[2026-04-03T01:33:25.622+0600][31.291s][info][gc,heap        ] GC(87) Humongous regions: 0->0
[2026-04-03T01:33:25.622+0600][31.291s][info][gc,metaspace   ] GC(87) Metaspace: 54921K(55936K)->54921K(55936K) NonClass: 46455K(47104K)->46455K(47104K) Class: 8466K(8832K)->8466K(8832K)
[2026-04-03T01:33:25.622+0600][31.291s][info][gc             ] GC(87) Pause Young (Normal) (G1 Evacuation Pause) 93M->19M(128M) 3.021ms
[2026-04-03T01:33:25.622+0600][31.292s][info][gc,cpu         ] GC(87) User=0.02s Sys=0.00s Real=0.01s
[2026-04-03T01:33:25.823+0600][31.493s][info][gc,start       ] GC(88) Pause Young (Normal) (G1 Evacuation Pause)
[2026-04-03T01:33:25.823+0600][31.493s][info][gc,task        ] GC(88) Using 10 workers of 10 for evacuation
[2026-04-03T01:33:25.825+0600][31.495s][info][gc,phases      ] GC(88)   Pre Evacuate Collection Set: 0.19ms
[2026-04-03T01:33:25.825+0600][31.495s][info][gc,phases      ] GC(88)   Merge Heap Roots: 0.16ms
[2026-04-03T01:33:25.825+0600][31.495s][info][gc,phases      ] GC(88)   Evacuate Collection Set: 0.95ms
[2026-04-03T01:33:25.825+0600][31.495s][info][gc,phases      ] GC(88)   Post Evacuate Collection Set: 0.61ms
[2026-04-03T01:33:25.825+0600][31.495s][info][gc,phases      ] GC(88)   Other: 0.10ms
[2026-04-03T01:33:25.825+0600][31.495s][info][gc,heap        ] GC(88) Eden regions: 37->0(45)
[2026-04-03T01:33:25.825+0600][31.495s][info][gc,heap        ] GC(88) Survivor regions: 1->1(5)
[2026-04-03T01:33:25.825+0600][31.495s][info][gc,heap        ] GC(88) Old regions: 12->12
[2026-04-03T01:33:25.825+0600][31.495s][info][gc,heap        ] GC(88) Humongous regions: 0->0
[2026-04-03T01:33:25.825+0600][31.495s][info][gc,metaspace   ] GC(88) Metaspace: 54921K(55936K)->54921K(55936K) NonClass: 46455K(47104K)->46455K(47104K) Class: 8466K(8832K)->8466K(8832K)
[2026-04-03T01:33:25.825+0600][31.495s][info][gc             ] GC(88) Pause Young (Normal) (G1 Evacuation Pause) 93M->19M(154M) 2.320ms
[2026-04-03T01:33:25.825+0600][31.495s][info][gc,cpu         ] GC(88) User=0.01s Sys=0.00s Real=0.00s
[2026-04-03T01:33:26.053+0600][31.723s][info][gc,start       ] GC(89) Pause Young (Normal) (G1 Evacuation Pause)
[2026-04-03T01:33:26.054+0600][31.723s][info][gc,task        ] GC(89) Using 10 workers of 10 for evacuation
[2026-04-03T01:33:26.056+0600][31.725s][info][gc,phases      ] GC(89)   Pre Evacuate Collection Set: 0.29ms
[2026-04-03T01:33:26.056+0600][31.726s][info][gc,phases      ] GC(89)   Merge Heap Roots: 0.15ms
[2026-04-03T01:33:26.056+0600][31.726s][info][gc,phases      ] GC(89)   Evacuate Collection Set: 1.01ms
[2026-04-03T01:33:26.056+0600][31.726s][info][gc,phases      ] GC(89)   Post Evacuate Collection Set: 0.42ms
[2026-04-03T01:33:26.056+0600][31.726s][info][gc,phases      ] GC(89)   Other: 0.14ms
[2026-04-03T01:33:26.056+0600][31.726s][info][gc,heap        ] GC(89) Eden regions: 45->0(45)
[2026-04-03T01:33:26.056+0600][31.726s][info][gc,heap        ] GC(89) Survivor regions: 1->1(6)
[2026-04-03T01:33:26.056+0600][31.726s][info][gc,heap        ] GC(89) Old regions: 12->12
[2026-04-03T01:33:26.056+0600][31.726s][info][gc,heap        ] GC(89) Humongous regions: 0->0
[2026-04-03T01:33:26.056+0600][31.726s][info][gc,metaspace   ] GC(89) Metaspace: 54921K(55936K)->54921K(55936K) NonClass: 46455K(47104K)->46455K(47104K) Class: 8466K(8832K)->8466K(8832K)
[2026-04-03T01:33:26.056+0600][31.726s][info][gc             ] GC(89) Pause Young (Normal) (G1 Evacuation Pause) 109M->19M(154M) 2.423ms
[2026-04-03T01:33:26.056+0600][31.726s][info][gc,cpu         ] GC(89) User=0.02s Sys=0.00s Real=0.00s
[2026-04-03T01:33:26.279+0600][31.949s][info][gc,start       ] GC(90) Pause Young (Normal) (G1 Evacuation Pause)
[2026-04-03T01:33:26.280+0600][31.950s][info][gc,task        ] GC(90) Using 10 workers of 10 for evacuation
[2026-04-03T01:33:26.282+0600][31.952s][info][gc,phases      ] GC(90)   Pre Evacuate Collection Set: 0.24ms
[2026-04-03T01:33:26.282+0600][31.952s][info][gc,phases      ] GC(90)   Merge Heap Roots: 0.12ms
[2026-04-03T01:33:26.282+0600][31.952s][info][gc,phases      ] GC(90)   Evacuate Collection Set: 1.05ms
[2026-04-03T01:33:26.282+0600][31.952s][info][gc,phases      ] GC(90)   Post Evacuate Collection Set: 0.46ms
[2026-04-03T01:33:26.282+0600][31.952s][info][gc,phases      ] GC(90)   Other: 0.12ms
[2026-04-03T01:33:26.282+0600][31.952s][info][gc,heap        ] GC(90) Eden regions: 45->0(45)
[2026-04-03T01:33:26.282+0600][31.952s][info][gc,heap        ] GC(90) Survivor regions: 1->1(6)
[2026-04-03T01:33:26.282+0600][31.952s][info][gc,heap        ] GC(90) Old regions: 12->12
[2026-04-03T01:33:26.282+0600][31.952s][info][gc,heap        ] GC(90) Humongous regions: 0->0
[2026-04-03T01:33:26.282+0600][31.952s][info][gc,metaspace   ] GC(90) Metaspace: 54922K(55936K)->54922K(55936K) NonClass: 46456K(47104K)->46456K(47104K) Class: 8466K(8832K)->8466K(8832K)
[2026-04-03T01:33:26.282+0600][31.952s][info][gc             ] GC(90) Pause Young (Normal) (G1 Evacuation Pause) 109M->19M(154M) 2.361ms
[2026-04-03T01:33:26.282+0600][31.952s][info][gc,cpu         ] GC(90) User=0.02s Sys=0.00s Real=0.01s
[2026-04-03T01:33:26.475+0600][32.145s][info][gc,start       ] GC(91) Pause Young (Normal) (G1 Evacuation Pause)
[2026-04-03T01:33:26.475+0600][32.145s][info][gc,task        ] GC(91) Using 10 workers of 10 for evacuation
[2026-04-03T01:33:26.477+0600][32.147s][info][gc,phases      ] GC(91)   Pre Evacuate Collection Set: 0.29ms
[2026-04-03T01:33:26.477+0600][32.147s][info][gc,phases      ] GC(91)   Merge Heap Roots: 0.13ms
[2026-04-03T01:33:26.477+0600][32.147s][info][gc,phases      ] GC(91)   Evacuate Collection Set: 1.32ms
[2026-04-03T01:33:26.477+0600][32.147s][info][gc,phases      ] GC(91)   Post Evacuate Collection Set: 0.37ms
[2026-04-03T01:33:26.477+0600][32.147s][info][gc,phases      ] GC(91)   Other: 0.09ms
[2026-04-03T01:33:26.477+0600][32.147s][info][gc,heap        ] GC(91) Eden regions: 45->0(45)
[2026-04-03T01:33:26.477+0600][32.147s][info][gc,heap        ] GC(91) Survivor regions: 1->1(6)
[2026-04-03T01:33:26.477+0600][32.147s][info][gc,heap        ] GC(91) Old regions: 12->12
[2026-04-03T01:33:26.477+0600][32.147s][info][gc,heap        ] GC(91) Humongous regions: 0->0
[2026-04-03T01:33:26.477+0600][32.147s][info][gc,metaspace   ] GC(91) Metaspace: 54922K(55936K)->54922K(55936K) NonClass: 46456K(47104K)->46456K(47104K) Class: 8466K(8832K)->8466K(8832K)
[2026-04-03T01:33:26.477+0600][32.147s][info][gc             ] GC(91) Pause Young (Normal) (G1 Evacuation Pause) 109M->19M(154M) 2.490ms
[2026-04-03T01:33:26.477+0600][32.147s][info][gc,cpu         ] GC(91) User=0.01s Sys=0.01s Real=0.00s
[2026-04-03T01:33:26.655+0600][32.325s][info][gc,start       ] GC(92) Pause Young (Normal) (G1 Evacuation Pause)
[2026-04-03T01:33:26.655+0600][32.325s][info][gc,task        ] GC(92) Using 10 workers of 10 for evacuation
[2026-04-03T01:33:26.657+0600][32.327s][info][gc,phases      ] GC(92)   Pre Evacuate Collection Set: 0.22ms
[2026-04-03T01:33:26.657+0600][32.327s][info][gc,phases      ] GC(92)   Merge Heap Roots: 0.17ms
[2026-04-03T01:33:26.657+0600][32.327s][info][gc,phases      ] GC(92)   Evacuate Collection Set: 1.06ms
[2026-04-03T01:33:26.657+0600][32.327s][info][gc,phases      ] GC(92)   Post Evacuate Collection Set: 0.67ms
[2026-04-03T01:33:26.657+0600][32.327s][info][gc,phases      ] GC(92)   Other: 0.13ms
[2026-04-03T01:33:26.657+0600][32.327s][info][gc,heap        ] GC(92) Eden regions: 45->0(45)
[2026-04-03T01:33:26.657+0600][32.327s][info][gc,heap        ] GC(92) Survivor regions: 1->1(6)
[2026-04-03T01:33:26.657+0600][32.327s][info][gc,heap        ] GC(92) Old regions: 12->12
[2026-04-03T01:33:26.657+0600][32.327s][info][gc,heap        ] GC(92) Humongous regions: 0->0
[2026-04-03T01:33:26.657+0600][32.327s][info][gc,metaspace   ] GC(92) Metaspace: 54922K(55936K)->54922K(55936K) NonClass: 46456K(47104K)->46456K(47104K) Class: 8466K(8832K)->8466K(8832K)
[2026-04-03T01:33:26.657+0600][32.327s][info][gc             ] GC(92) Pause Young (Normal) (G1 Evacuation Pause) 109M->19M(154M) 2.659ms
[2026-04-03T01:33:26.657+0600][32.327s][info][gc,cpu         ] GC(92) User=0.01s Sys=0.00s Real=0.00s
[2026-04-03T01:33:26.780+0600][32.449s][info][gc,start       ] GC(93) Pause Young (Normal) (G1 Evacuation Pause)
[2026-04-03T01:33:26.780+0600][32.450s][info][gc,task        ] GC(93) Using 10 workers of 10 for evacuation
[2026-04-03T01:33:26.782+0600][32.452s][info][gc,phases      ] GC(93)   Pre Evacuate Collection Set: 0.18ms
[2026-04-03T01:33:26.782+0600][32.452s][info][gc,phases      ] GC(93)   Merge Heap Roots: 0.12ms
[2026-04-03T01:33:26.782+0600][32.452s][info][gc,phases      ] GC(93)   Evacuate Collection Set: 0.88ms
[2026-04-03T01:33:26.782+0600][32.452s][info][gc,phases      ] GC(93)   Post Evacuate Collection Set: 0.64ms
[2026-04-03T01:33:26.782+0600][32.452s][info][gc,phases      ] GC(93)   Other: 0.11ms
[2026-04-03T01:33:26.782+0600][32.452s][info][gc,heap        ] GC(93) Eden regions: 45->0(45)
[2026-04-03T01:33:26.782+0600][32.452s][info][gc,heap        ] GC(93) Survivor regions: 1->1(6)
[2026-04-03T01:33:26.782+0600][32.452s][info][gc,heap        ] GC(93) Old regions: 12->12
[2026-04-03T01:33:26.782+0600][32.452s][info][gc,heap        ] GC(93) Humongous regions: 0->0
[2026-04-03T01:33:26.782+0600][32.452s][info][gc,metaspace   ] GC(93) Metaspace: 54922K(55936K)->54922K(55936K) NonClass: 46456K(47104K)->46456K(47104K) Class: 8466K(8832K)->8466K(8832K)
[2026-04-03T01:33:26.782+0600][32.452s][info][gc             ] GC(93) Pause Young (Normal) (G1 Evacuation Pause) 109M->19M(154M) 2.278ms
[2026-04-03T01:33:26.782+0600][32.452s][info][gc,cpu         ] GC(93) User=0.01s Sys=0.00s Real=0.01s
[2026-04-03T01:33:26.916+0600][32.586s][info][gc,start       ] GC(94) Pause Young (Normal) (G1 Evacuation Pause)
[2026-04-03T01:33:26.916+0600][32.586s][info][gc,task        ] GC(94) Using 10 workers of 10 for evacuation
[2026-04-03T01:33:26.918+0600][32.588s][info][gc,phases      ] GC(94)   Pre Evacuate Collection Set: 0.19ms
[2026-04-03T01:33:26.918+0600][32.588s][info][gc,phases      ] GC(94)   Merge Heap Roots: 0.13ms
[2026-04-03T01:33:26.918+0600][32.588s][info][gc,phases      ] GC(94)   Evacuate Collection Set: 0.96ms
[2026-04-03T01:33:26.918+0600][32.588s][info][gc,phases      ] GC(94)   Post Evacuate Collection Set: 0.47ms
[2026-04-03T01:33:26.918+0600][32.588s][info][gc,phases      ] GC(94)   Other: 0.10ms
[2026-04-03T01:33:26.918+0600][32.588s][info][gc,heap        ] GC(94) Eden regions: 45->0(45)
[2026-04-03T01:33:26.918+0600][32.588s][info][gc,heap        ] GC(94) Survivor regions: 1->1(6)
[2026-04-03T01:33:26.918+0600][32.588s][info][gc,heap        ] GC(94) Old regions: 12->12
[2026-04-03T01:33:26.918+0600][32.588s][info][gc,heap        ] GC(94) Humongous regions: 0->0
[2026-04-03T01:33:26.918+0600][32.588s][info][gc,metaspace   ] GC(94) Metaspace: 54922K(55936K)->54922K(55936K) NonClass: 46456K(47104K)->46456K(47104K) Class: 8466K(8832K)->8466K(8832K)
[2026-04-03T01:33:26.918+0600][32.588s][info][gc             ] GC(94) Pause Young (Normal) (G1 Evacuation Pause) 109M->19M(154M) 2.188ms
[2026-04-03T01:33:26.918+0600][32.588s][info][gc,cpu         ] GC(94) User=0.01s Sys=0.00s Real=0.00s
[2026-04-03T01:33:27.041+0600][32.711s][info][gc,start       ] GC(95) Pause Young (Normal) (G1 Evacuation Pause)
[2026-04-03T01:33:27.041+0600][32.711s][info][gc,task        ] GC(95) Using 10 workers of 10 for evacuation
[2026-04-03T01:33:27.043+0600][32.713s][info][gc,phases      ] GC(95)   Pre Evacuate Collection Set: 0.18ms
[2026-04-03T01:33:27.043+0600][32.713s][info][gc,phases      ] GC(95)   Merge Heap Roots: 0.12ms
[2026-04-03T01:33:27.043+0600][32.713s][info][gc,phases      ] GC(95)   Evacuate Collection Set: 0.86ms
[2026-04-03T01:33:27.043+0600][32.713s][info][gc,phases      ] GC(95)   Post Evacuate Collection Set: 0.55ms
[2026-04-03T01:33:27.043+0600][32.713s][info][gc,phases      ] GC(95)   Other: 0.09ms
[2026-04-03T01:33:27.043+0600][32.713s][info][gc,heap        ] GC(95) Eden regions: 45->0(54)
[2026-04-03T01:33:27.043+0600][32.713s][info][gc,heap        ] GC(95) Survivor regions: 1->1(6)
[2026-04-03T01:33:27.043+0600][32.713s][info][gc,heap        ] GC(95) Old regions: 12->12
[2026-04-03T01:33:27.043+0600][32.713s][info][gc,heap        ] GC(95) Humongous regions: 0->0
[2026-04-03T01:33:27.043+0600][32.713s][info][gc,metaspace   ] GC(95) Metaspace: 54922K(55936K)->54922K(55936K) NonClass: 46456K(47104K)->46456K(47104K) Class: 8466K(8832K)->8466K(8832K)
[2026-04-03T01:33:27.043+0600][32.713s][info][gc             ] GC(95) Pause Young (Normal) (G1 Evacuation Pause) 109M->19M(186M) 2.100ms
[2026-04-03T01:33:27.043+0600][32.713s][info][gc,cpu         ] GC(95) User=0.01s Sys=0.00s Real=0.00s
[2026-04-03T01:33:27.201+0600][32.870s][info][gc,start       ] GC(96) Pause Young (Normal) (G1 Evacuation Pause)
[2026-04-03T01:33:27.201+0600][32.871s][info][gc,task        ] GC(96) Using 10 workers of 10 for evacuation
[2026-04-03T01:33:27.202+0600][32.872s][info][gc,phases      ] GC(96)   Pre Evacuate Collection Set: 0.19ms
[2026-04-03T01:33:27.202+0600][32.872s][info][gc,phases      ] GC(96)   Merge Heap Roots: 0.11ms
[2026-04-03T01:33:27.202+0600][32.872s][info][gc,phases      ] GC(96)   Evacuate Collection Set: 0.79ms
[2026-04-03T01:33:27.202+0600][32.872s][info][gc,phases      ] GC(96)   Post Evacuate Collection Set: 0.35ms
[2026-04-03T01:33:27.202+0600][32.872s][info][gc,phases      ] GC(96)   Other: 0.11ms
[2026-04-03T01:33:27.202+0600][32.872s][info][gc,heap        ] GC(96) Eden regions: 54->0(54)
[2026-04-03T01:33:27.202+0600][32.872s][info][gc,heap        ] GC(96) Survivor regions: 1->1(7)
[2026-04-03T01:33:27.202+0600][32.872s][info][gc,heap        ] GC(96) Old regions: 12->12
[2026-04-03T01:33:27.202+0600][32.872s][info][gc,heap        ] GC(96) Humongous regions: 0->0
[2026-04-03T01:33:27.202+0600][32.872s][info][gc,metaspace   ] GC(96) Metaspace: 54922K(55936K)->54922K(55936K) NonClass: 46456K(47104K)->46456K(47104K) Class: 8466K(8832K)->8466K(8832K)
[2026-04-03T01:33:27.202+0600][32.872s][info][gc             ] GC(96) Pause Young (Normal) (G1 Evacuation Pause) 127M->19M(186M) 1.804ms
[2026-04-03T01:33:27.202+0600][32.872s][info][gc,cpu         ] GC(96) User=0.00s Sys=0.01s Real=0.00s
[2026-04-03T01:33:27.350+0600][33.020s][info][gc,start       ] GC(97) Pause Young (Normal) (G1 Evacuation Pause)
[2026-04-03T01:33:27.350+0600][33.020s][info][gc,task        ] GC(97) Using 10 workers of 10 for evacuation
[2026-04-03T01:33:27.352+0600][33.022s][info][gc,phases      ] GC(97)   Pre Evacuate Collection Set: 0.16ms
[2026-04-03T01:33:27.352+0600][33.022s][info][gc,phases      ] GC(97)   Merge Heap Roots: 0.14ms
[2026-04-03T01:33:27.352+0600][33.022s][info][gc,phases      ] GC(97)   Evacuate Collection Set: 0.73ms
[2026-04-03T01:33:27.352+0600][33.022s][info][gc,phases      ] GC(97)   Post Evacuate Collection Set: 0.37ms
[2026-04-03T01:33:27.352+0600][33.022s][info][gc,phases      ] GC(97)   Other: 0.09ms
[2026-04-03T01:33:27.352+0600][33.022s][info][gc,heap        ] GC(97) Eden regions: 54->0(54)
[2026-04-03T01:33:27.352+0600][33.022s][info][gc,heap        ] GC(97) Survivor regions: 1->1(7)
[2026-04-03T01:33:27.352+0600][33.022s][info][gc,heap        ] GC(97) Old regions: 12->12
[2026-04-03T01:33:27.352+0600][33.022s][info][gc,heap        ] GC(97) Humongous regions: 0->0
[2026-04-03T01:33:27.352+0600][33.022s][info][gc,metaspace   ] GC(97) Metaspace: 54922K(55936K)->54922K(55936K) NonClass: 46456K(47104K)->46456K(47104K) Class: 8466K(8832K)->8466K(8832K)
[2026-04-03T01:33:27.352+0600][33.022s][info][gc             ] GC(97) Pause Young (Normal) (G1 Evacuation Pause) 127M->19M(186M) 1.783ms
[2026-04-03T01:33:27.352+0600][33.022s][info][gc,cpu         ] GC(97) User=0.01s Sys=0.00s Real=0.00s
[2026-04-03T01:33:27.501+0600][33.171s][info][gc,start       ] GC(98) Pause Young (Normal) (G1 Evacuation Pause)
[2026-04-03T01:33:27.501+0600][33.171s][info][gc,task        ] GC(98) Using 10 workers of 10 for evacuation
[2026-04-03T01:33:27.503+0600][33.173s][info][gc,phases      ] GC(98)   Pre Evacuate Collection Set: 0.18ms
[2026-04-03T01:33:27.503+0600][33.173s][info][gc,phases      ] GC(98)   Merge Heap Roots: 0.14ms
[2026-04-03T01:33:27.503+0600][33.173s][info][gc,phases      ] GC(98)   Evacuate Collection Set: 0.87ms
[2026-04-03T01:33:27.503+0600][33.173s][info][gc,phases      ] GC(98)   Post Evacuate Collection Set: 0.41ms
[2026-04-03T01:33:27.503+0600][33.173s][info][gc,phases      ] GC(98)   Other: 0.09ms
[2026-04-03T01:33:27.503+0600][33.173s][info][gc,heap        ] GC(98) Eden regions: 54->0(54)
[2026-04-03T01:33:27.503+0600][33.173s][info][gc,heap        ] GC(98) Survivor regions: 1->1(7)
[2026-04-03T01:33:27.503+0600][33.173s][info][gc,heap        ] GC(98) Old regions: 12->12
[2026-04-03T01:33:27.503+0600][33.173s][info][gc,heap        ] GC(98) Humongous regions: 0->0
[2026-04-03T01:33:27.503+0600][33.173s][info][gc,metaspace   ] GC(98) Metaspace: 54922K(55936K)->54922K(55936K) NonClass: 46456K(47104K)->46456K(47104K) Class: 8466K(8832K)->8466K(8832K)
[2026-04-03T01:33:27.503+0600][33.173s][info][gc             ] GC(98) Pause Young (Normal) (G1 Evacuation Pause) 127M->19M(186M) 1.997ms
[2026-04-03T01:33:27.503+0600][33.173s][info][gc,cpu         ] GC(98) User=0.01s Sys=0.00s Real=0.00s
[2026-04-03T01:33:27.653+0600][33.323s][info][gc,start       ] GC(99) Pause Young (Normal) (G1 Evacuation Pause)
[2026-04-03T01:33:27.653+0600][33.323s][info][gc,task        ] GC(99) Using 10 workers of 10 for evacuation
[2026-04-03T01:33:27.655+0600][33.325s][info][gc,phases      ] GC(99)   Pre Evacuate Collection Set: 0.17ms
[2026-04-03T01:33:27.655+0600][33.325s][info][gc,phases      ] GC(99)   Merge Heap Roots: 0.13ms
[2026-04-03T01:33:27.655+0600][33.325s][info][gc,phases      ] GC(99)   Evacuate Collection Set: 0.86ms
[2026-04-03T01:33:27.655+0600][33.325s][info][gc,phases      ] GC(99)   Post Evacuate Collection Set: 0.36ms
[2026-04-03T01:33:27.655+0600][33.325s][info][gc,phases      ] GC(99)   Other: 0.11ms
[2026-04-03T01:33:27.655+0600][33.325s][info][gc,heap        ] GC(99) Eden regions: 54->0(54)
[2026-04-03T01:33:27.655+0600][33.325s][info][gc,heap        ] GC(99) Survivor regions: 1->1(7)
[2026-04-03T01:33:27.655+0600][33.325s][info][gc,heap        ] GC(99) Old regions: 12->12
[2026-04-03T01:33:27.655+0600][33.325s][info][gc,heap        ] GC(99) Humongous regions: 0->0
[2026-04-03T01:33:27.655+0600][33.325s][info][gc,metaspace   ] GC(99) Metaspace: 54922K(55936K)->54922K(55936K) NonClass: 46456K(47104K)->46456K(47104K) Class: 8466K(8832K)->8466K(8832K)
[2026-04-03T01:33:27.655+0600][33.325s][info][gc             ] GC(99) Pause Young (Normal) (G1 Evacuation Pause) 127M->19M(186M) 1.932ms
[2026-04-03T01:33:27.655+0600][33.325s][info][gc,cpu         ] GC(99) User=0.01s Sys=0.00s Real=0.00s
[2026-04-03T01:33:27.802+0600][33.472s][info][gc,start       ] GC(100) Pause Young (Normal) (G1 Evacuation Pause)
[2026-04-03T01:33:27.802+0600][33.472s][info][gc,task        ] GC(100) Using 10 workers of 10 for evacuation
[2026-04-03T01:33:27.803+0600][33.473s][info][gc,phases      ] GC(100)   Pre Evacuate Collection Set: 0.16ms
[2026-04-03T01:33:27.804+0600][33.473s][info][gc,phases      ] GC(100)   Merge Heap Roots: 0.12ms
[2026-04-03T01:33:27.804+0600][33.473s][info][gc,phases      ] GC(100)   Evacuate Collection Set: 0.79ms
[2026-04-03T01:33:27.804+0600][33.473s][info][gc,phases      ] GC(100)   Post Evacuate Collection Set: 0.34ms
[2026-04-03T01:33:27.804+0600][33.473s][info][gc,phases      ] GC(100)   Other: 0.10ms
[2026-04-03T01:33:27.804+0600][33.474s][info][gc,heap        ] GC(100) Eden regions: 54->0(54)
[2026-04-03T01:33:27.804+0600][33.474s][info][gc,heap        ] GC(100) Survivor regions: 1->1(7)
[2026-04-03T01:33:27.804+0600][33.474s][info][gc,heap        ] GC(100) Old regions: 12->12
[2026-04-03T01:33:27.804+0600][33.474s][info][gc,heap        ] GC(100) Humongous regions: 0->0
[2026-04-03T01:33:27.804+0600][33.474s][info][gc,metaspace   ] GC(100) Metaspace: 54922K(55936K)->54922K(55936K) NonClass: 46456K(47104K)->46456K(47104K) Class: 8466K(8832K)->8466K(8832K)
[2026-04-03T01:33:27.804+0600][33.474s][info][gc             ] GC(100) Pause Young (Normal) (G1 Evacuation Pause) 127M->19M(186M) 1.842ms
[2026-04-03T01:33:27.804+0600][33.474s][info][gc,cpu         ] GC(100) User=0.01s Sys=0.00s Real=0.00s
[2026-04-03T01:33:27.964+0600][33.633s][info][gc,start       ] GC(101) Pause Young (Normal) (G1 Evacuation Pause)
[2026-04-03T01:33:27.964+0600][33.634s][info][gc,task        ] GC(101) Using 10 workers of 10 for evacuation
[2026-04-03T01:33:27.965+0600][33.635s][info][gc,phases      ] GC(101)   Pre Evacuate Collection Set: 0.20ms
[2026-04-03T01:33:27.965+0600][33.635s][info][gc,phases      ] GC(101)   Merge Heap Roots: 0.14ms
[2026-04-03T01:33:27.965+0600][33.635s][info][gc,phases      ] GC(101)   Evacuate Collection Set: 0.76ms
[2026-04-03T01:33:27.965+0600][33.635s][info][gc,phases      ] GC(101)   Post Evacuate Collection Set: 0.37ms
[2026-04-03T01:33:27.965+0600][33.635s][info][gc,phases      ] GC(101)   Other: 0.12ms
[2026-04-03T01:33:27.965+0600][33.635s][info][gc,heap        ] GC(101) Eden regions: 54->0(54)
[2026-04-03T01:33:27.965+0600][33.635s][info][gc,heap        ] GC(101) Survivor regions: 1->1(7)
[2026-04-03T01:33:27.965+0600][33.635s][info][gc,heap        ] GC(101) Old regions: 12->12
[2026-04-03T01:33:27.965+0600][33.635s][info][gc,heap        ] GC(101) Humongous regions: 0->0
[2026-04-03T01:33:27.965+0600][33.635s][info][gc,metaspace   ] GC(101) Metaspace: 54923K(55936K)->54923K(55936K) NonClass: 46456K(47104K)->46456K(47104K) Class: 8466K(8832K)->8466K(8832K)
[2026-04-03T01:33:27.965+0600][33.635s][info][gc             ] GC(101) Pause Young (Normal) (G1 Evacuation Pause) 127M->19M(186M) 1.887ms
[2026-04-03T01:33:27.965+0600][33.635s][info][gc,cpu         ] GC(101) User=0.01s Sys=0.00s Real=0.00s
[2026-04-03T01:33:28.122+0600][33.792s][info][gc,start       ] GC(102) Pause Young (Normal) (G1 Evacuation Pause)
[2026-04-03T01:33:28.123+0600][33.792s][info][gc,task        ] GC(102) Using 10 workers of 10 for evacuation
[2026-04-03T01:33:28.124+0600][33.794s][info][gc,phases      ] GC(102)   Pre Evacuate Collection Set: 0.21ms
[2026-04-03T01:33:28.124+0600][33.794s][info][gc,phases      ] GC(102)   Merge Heap Roots: 0.12ms
[2026-04-03T01:33:28.124+0600][33.794s][info][gc,phases      ] GC(102)   Evacuate Collection Set: 0.82ms
[2026-04-03T01:33:28.124+0600][33.794s][info][gc,phases      ] GC(102)   Post Evacuate Collection Set: 0.32ms
[2026-04-03T01:33:28.124+0600][33.794s][info][gc,phases      ] GC(102)   Other: 0.09ms
[2026-04-03T01:33:28.124+0600][33.794s][info][gc,heap        ] GC(102) Eden regions: 54->0(54)
[2026-04-03T01:33:28.124+0600][33.794s][info][gc,heap        ] GC(102) Survivor regions: 1->1(7)
[2026-04-03T01:33:28.124+0600][33.794s][info][gc,heap        ] GC(102) Old regions: 12->12
[2026-04-03T01:33:28.124+0600][33.794s][info][gc,heap        ] GC(102) Humongous regions: 0->0
[2026-04-03T01:33:28.124+0600][33.794s][info][gc,metaspace   ] GC(102) Metaspace: 54923K(55936K)->54923K(55936K) NonClass: 46456K(47104K)->46456K(47104K) Class: 8466K(8832K)->8466K(8832K)
[2026-04-03T01:33:28.124+0600][33.794s][info][gc             ] GC(102) Pause Young (Normal) (G1 Evacuation Pause) 127M->19M(186M) 1.864ms
[2026-04-03T01:33:28.124+0600][33.794s][info][gc,cpu         ] GC(102) User=0.00s Sys=0.01s Real=0.00s
[2026-04-03T01:33:28.280+0600][33.950s][info][gc,start       ] GC(103) Pause Young (Normal) (G1 Evacuation Pause)
[2026-04-03T01:33:28.301+0600][33.971s][info][gc,task        ] GC(103) Using 10 workers of 10 for evacuation
[2026-04-03T01:33:28.304+0600][33.974s][info][gc,phases      ] GC(103)   Pre Evacuate Collection Set: 0.49ms
[2026-04-03T01:33:28.304+0600][33.974s][info][gc,phases      ] GC(103)   Merge Heap Roots: 0.22ms
[2026-04-03T01:33:28.304+0600][33.974s][info][gc,phases      ] GC(103)   Evacuate Collection Set: 1.21ms
[2026-04-03T01:33:28.304+0600][33.974s][info][gc,phases      ] GC(103)   Post Evacuate Collection Set: 0.53ms
[2026-04-03T01:33:28.304+0600][33.974s][info][gc,phases      ] GC(103)   Other: 0.26ms
[2026-04-03T01:33:28.304+0600][33.974s][info][gc,heap        ] GC(103) Eden regions: 54->0(54)
[2026-04-03T01:33:28.304+0600][33.974s][info][gc,heap        ] GC(103) Survivor regions: 1->1(7)
[2026-04-03T01:33:28.304+0600][33.974s][info][gc,heap        ] GC(103) Old regions: 12->12
[2026-04-03T01:33:28.304+0600][33.974s][info][gc,heap        ] GC(103) Humongous regions: 0->0
[2026-04-03T01:33:28.304+0600][33.974s][info][gc,metaspace   ] GC(103) Metaspace: 54923K(55936K)->54923K(55936K) NonClass: 46456K(47104K)->46456K(47104K) Class: 8466K(8832K)->8466K(8832K)
[2026-04-03T01:33:28.304+0600][33.974s][info][gc             ] GC(103) Pause Young (Normal) (G1 Evacuation Pause) 127M->19M(186M) 24.146ms
[2026-04-03T01:33:28.304+0600][33.974s][info][gc,cpu         ] GC(103) User=0.01s Sys=0.00s Real=0.02s
[2026-04-03T01:33:28.464+0600][34.134s][info][gc,start       ] GC(104) Pause Young (Normal) (G1 Evacuation Pause)
[2026-04-03T01:33:28.464+0600][34.134s][info][gc,task        ] GC(104) Using 10 workers of 10 for evacuation
[2026-04-03T01:33:28.465+0600][34.135s][info][gc,phases      ] GC(104)   Pre Evacuate Collection Set: 0.17ms
[2026-04-03T01:33:28.465+0600][34.135s][info][gc,phases      ] GC(104)   Merge Heap Roots: 0.13ms
[2026-04-03T01:33:28.466+0600][34.135s][info][gc,phases      ] GC(104)   Evacuate Collection Set: 0.77ms
[2026-04-03T01:33:28.466+0600][34.135s][info][gc,phases      ] GC(104)   Post Evacuate Collection Set: 0.51ms
[2026-04-03T01:33:28.466+0600][34.135s][info][gc,phases      ] GC(104)   Other: 0.10ms
[2026-04-03T01:33:28.466+0600][34.135s][info][gc,heap        ] GC(104) Eden regions: 54->0(66)
[2026-04-03T01:33:28.466+0600][34.135s][info][gc,heap        ] GC(104) Survivor regions: 1->1(7)
[2026-04-03T01:33:28.466+0600][34.135s][info][gc,heap        ] GC(104) Old regions: 12->12
[2026-04-03T01:33:28.466+0600][34.135s][info][gc,heap        ] GC(104) Humongous regions: 0->0
[2026-04-03T01:33:28.466+0600][34.136s][info][gc,metaspace   ] GC(104) Metaspace: 54923K(55936K)->54923K(55936K) NonClass: 46456K(47104K)->46456K(47104K) Class: 8466K(8832K)->8466K(8832K)
[2026-04-03T01:33:28.466+0600][34.136s][info][gc             ] GC(104) Pause Young (Normal) (G1 Evacuation Pause) 127M->19M(224M) 1.971ms
[2026-04-03T01:33:28.466+0600][34.136s][info][gc,cpu         ] GC(104) User=0.01s Sys=0.00s Real=0.00s
[2026-04-03T01:33:28.658+0600][34.328s][info][gc,start       ] GC(105) Pause Young (Normal) (G1 Evacuation Pause)
[2026-04-03T01:33:28.658+0600][34.328s][info][gc,task        ] GC(105) Using 10 workers of 10 for evacuation
[2026-04-03T01:33:28.659+0600][34.329s][info][gc,phases      ] GC(105)   Pre Evacuate Collection Set: 0.20ms
[2026-04-03T01:33:28.659+0600][34.329s][info][gc,phases      ] GC(105)   Merge Heap Roots: 0.13ms
[2026-04-03T01:33:28.659+0600][34.329s][info][gc,phases      ] GC(105)   Evacuate Collection Set: 0.80ms
[2026-04-03T01:33:28.660+0600][34.329s][info][gc,phases      ] GC(105)   Post Evacuate Collection Set: 0.33ms
[2026-04-03T01:33:28.660+0600][34.329s][info][gc,phases      ] GC(105)   Other: 0.10ms
[2026-04-03T01:33:28.660+0600][34.329s][info][gc,heap        ] GC(105) Eden regions: 66->0(66)
[2026-04-03T01:33:28.660+0600][34.329s][info][gc,heap        ] GC(105) Survivor regions: 1->1(9)
[2026-04-03T01:33:28.660+0600][34.329s][info][gc,heap        ] GC(105) Old regions: 12->12
[2026-04-03T01:33:28.660+0600][34.330s][info][gc,heap        ] GC(105) Humongous regions: 0->0
[2026-04-03T01:33:28.660+0600][34.330s][info][gc,metaspace   ] GC(105) Metaspace: 54923K(55936K)->54923K(55936K) NonClass: 46456K(47104K)->46456K(47104K) Class: 8466K(8832K)->8466K(8832K)
[2026-04-03T01:33:28.660+0600][34.330s][info][gc             ] GC(105) Pause Young (Normal) (G1 Evacuation Pause) 151M->19M(224M) 1.869ms
[2026-04-03T01:33:28.660+0600][34.330s][info][gc,cpu         ] GC(105) User=0.01s Sys=0.00s Real=0.00s
[2026-04-03T01:33:28.835+0600][34.505s][info][gc,start       ] GC(106) Pause Young (Normal) (G1 Evacuation Pause)
[2026-04-03T01:33:28.835+0600][34.505s][info][gc,task        ] GC(106) Using 10 workers of 10 for evacuation
[2026-04-03T01:33:28.836+0600][34.506s][info][gc,phases      ] GC(106)   Pre Evacuate Collection Set: 0.17ms
[2026-04-03T01:33:28.836+0600][34.506s][info][gc,phases      ] GC(106)   Merge Heap Roots: 0.12ms
[2026-04-03T01:33:28.836+0600][34.506s][info][gc,phases      ] GC(106)   Evacuate Collection Set: 0.73ms
[2026-04-03T01:33:28.836+0600][34.506s][info][gc,phases      ] GC(106)   Post Evacuate Collection Set: 0.31ms
[2026-04-03T01:33:28.836+0600][34.506s][info][gc,phases      ] GC(106)   Other: 0.09ms
[2026-04-03T01:33:28.836+0600][34.506s][info][gc,heap        ] GC(106) Eden regions: 66->0(66)
[2026-04-03T01:33:28.836+0600][34.506s][info][gc,heap        ] GC(106) Survivor regions: 1->1(9)
[2026-04-03T01:33:28.836+0600][34.506s][info][gc,heap        ] GC(106) Old regions: 12->12
[2026-04-03T01:33:28.836+0600][34.506s][info][gc,heap        ] GC(106) Humongous regions: 0->0
[2026-04-03T01:33:28.836+0600][34.506s][info][gc,metaspace   ] GC(106) Metaspace: 54923K(55936K)->54923K(55936K) NonClass: 46456K(47104K)->46456K(47104K) Class: 8466K(8832K)->8466K(8832K)
[2026-04-03T01:33:28.836+0600][34.506s][info][gc             ] GC(106) Pause Young (Normal) (G1 Evacuation Pause) 151M->19M(224M) 1.676ms
[2026-04-03T01:33:28.837+0600][34.506s][info][gc,cpu         ] GC(106) User=0.01s Sys=0.00s Real=0.00s
[2026-04-03T01:33:29.019+0600][34.689s][info][gc,start       ] GC(107) Pause Young (Normal) (G1 Evacuation Pause)
[2026-04-03T01:33:29.019+0600][34.689s][info][gc,task        ] GC(107) Using 10 workers of 10 for evacuation
[2026-04-03T01:33:29.021+0600][34.691s][info][gc,phases      ] GC(107)   Pre Evacuate Collection Set: 0.19ms
[2026-04-03T01:33:29.021+0600][34.691s][info][gc,phases      ] GC(107)   Merge Heap Roots: 0.11ms
[2026-04-03T01:33:29.021+0600][34.691s][info][gc,phases      ] GC(107)   Evacuate Collection Set: 0.81ms
[2026-04-03T01:33:29.021+0600][34.691s][info][gc,phases      ] GC(107)   Post Evacuate Collection Set: 0.34ms
[2026-04-03T01:33:29.021+0600][34.691s][info][gc,phases      ] GC(107)   Other: 0.10ms
[2026-04-03T01:33:29.021+0600][34.691s][info][gc,heap        ] GC(107) Eden regions: 66->0(66)
[2026-04-03T01:33:29.021+0600][34.691s][info][gc,heap        ] GC(107) Survivor regions: 1->1(9)
[2026-04-03T01:33:29.021+0600][34.691s][info][gc,heap        ] GC(107) Old regions: 12->12
[2026-04-03T01:33:29.021+0600][34.691s][info][gc,heap        ] GC(107) Humongous regions: 0->0
[2026-04-03T01:33:29.021+0600][34.691s][info][gc,metaspace   ] GC(107) Metaspace: 54923K(55936K)->54923K(55936K) NonClass: 46456K(47104K)->46456K(47104K) Class: 8466K(8832K)->8466K(8832K)
[2026-04-03T01:33:29.021+0600][34.691s][info][gc             ] GC(107) Pause Young (Normal) (G1 Evacuation Pause) 151M->19M(224M) 1.831ms
[2026-04-03T01:33:29.021+0600][34.691s][info][gc,cpu         ] GC(107) User=0.01s Sys=0.00s Real=0.01s
[2026-04-03T01:33:29.203+0600][34.873s][info][gc,start       ] GC(108) Pause Young (Normal) (G1 Evacuation Pause)
[2026-04-03T01:33:29.204+0600][34.873s][info][gc,task        ] GC(108) Using 10 workers of 10 for evacuation
[2026-04-03T01:33:29.205+0600][34.875s][info][gc,phases      ] GC(108)   Pre Evacuate Collection Set: 0.16ms
[2026-04-03T01:33:29.205+0600][34.875s][info][gc,phases      ] GC(108)   Merge Heap Roots: 0.11ms
[2026-04-03T01:33:29.205+0600][34.875s][info][gc,phases      ] GC(108)   Evacuate Collection Set: 0.74ms
[2026-04-03T01:33:29.205+0600][34.875s][info][gc,phases      ] GC(108)   Post Evacuate Collection Set: 0.33ms
[2026-04-03T01:33:29.205+0600][34.875s][info][gc,phases      ] GC(108)   Other: 0.09ms
[2026-04-03T01:33:29.205+0600][34.875s][info][gc,heap        ] GC(108) Eden regions: 66->0(66)
[2026-04-03T01:33:29.205+0600][34.875s][info][gc,heap        ] GC(108) Survivor regions: 1->1(9)
[2026-04-03T01:33:29.205+0600][34.875s][info][gc,heap        ] GC(108) Old regions: 12->12
[2026-04-03T01:33:29.205+0600][34.875s][info][gc,heap        ] GC(108) Humongous regions: 0->0
[2026-04-03T01:33:29.205+0600][34.875s][info][gc,metaspace   ] GC(108) Metaspace: 54923K(55936K)->54923K(55936K) NonClass: 46456K(47104K)->46456K(47104K) Class: 8466K(8832K)->8466K(8832K)
[2026-04-03T01:33:29.205+0600][34.875s][info][gc             ] GC(108) Pause Young (Normal) (G1 Evacuation Pause) 151M->19M(224M) 1.733ms
[2026-04-03T01:33:29.205+0600][34.875s][info][gc,cpu         ] GC(108) User=0.01s Sys=0.00s Real=0.00s
[2026-04-03T01:33:29.381+0600][35.051s][info][gc,start       ] GC(109) Pause Young (Normal) (G1 Evacuation Pause)
[2026-04-03T01:33:29.381+0600][35.051s][info][gc,task        ] GC(109) Using 10 workers of 10 for evacuation
[2026-04-03T01:33:29.383+0600][35.053s][info][gc,phases      ] GC(109)   Pre Evacuate Collection Set: 0.21ms
[2026-04-03T01:33:29.383+0600][35.053s][info][gc,phases      ] GC(109)   Merge Heap Roots: 0.15ms
[2026-04-03T01:33:29.383+0600][35.053s][info][gc,phases      ] GC(109)   Evacuate Collection Set: 0.82ms
[2026-04-03T01:33:29.383+0600][35.053s][info][gc,phases      ] GC(109)   Post Evacuate Collection Set: 0.47ms
[2026-04-03T01:33:29.383+0600][35.053s][info][gc,phases      ] GC(109)   Other: 0.13ms
[2026-04-03T01:33:29.383+0600][35.053s][info][gc,heap        ] GC(109) Eden regions: 66->0(66)
[2026-04-03T01:33:29.383+0600][35.053s][info][gc,heap        ] GC(109) Survivor regions: 1->1(9)
[2026-04-03T01:33:29.383+0600][35.053s][info][gc,heap        ] GC(109) Old regions: 12->12
[2026-04-03T01:33:29.383+0600][35.053s][info][gc,heap        ] GC(109) Humongous regions: 0->0
[2026-04-03T01:33:29.383+0600][35.053s][info][gc,metaspace   ] GC(109) Metaspace: 54923K(55936K)->54923K(55936K) NonClass: 46456K(47104K)->46456K(47104K) Class: 8466K(8832K)->8466K(8832K)
[2026-04-03T01:33:29.383+0600][35.053s][info][gc             ] GC(109) Pause Young (Normal) (G1 Evacuation Pause) 151M->19M(224M) 2.096ms
[2026-04-03T01:33:29.383+0600][35.053s][info][gc,cpu         ] GC(109) User=0.01s Sys=0.00s Real=0.00s
[2026-04-03T01:33:29.556+0600][35.226s][info][gc,start       ] GC(110) Pause Young (Normal) (G1 Evacuation Pause)
[2026-04-03T01:33:29.556+0600][35.226s][info][gc,task        ] GC(110) Using 10 workers of 10 for evacuation
[2026-04-03T01:33:29.558+0600][35.228s][info][gc,phases      ] GC(110)   Pre Evacuate Collection Set: 0.17ms
[2026-04-03T01:33:29.558+0600][35.228s][info][gc,phases      ] GC(110)   Merge Heap Roots: 0.13ms
[2026-04-03T01:33:29.558+0600][35.228s][info][gc,phases      ] GC(110)   Evacuate Collection Set: 0.78ms
[2026-04-03T01:33:29.558+0600][35.228s][info][gc,phases      ] GC(110)   Post Evacuate Collection Set: 0.34ms
[2026-04-03T01:33:29.558+0600][35.228s][info][gc,phases      ] GC(110)   Other: 0.11ms
[2026-04-03T01:33:29.558+0600][35.228s][info][gc,heap        ] GC(110) Eden regions: 66->0(66)
[2026-04-03T01:33:29.558+0600][35.228s][info][gc,heap        ] GC(110) Survivor regions: 1->1(9)
[2026-04-03T01:33:29.558+0600][35.228s][info][gc,heap        ] GC(110) Old regions: 12->12
[2026-04-03T01:33:29.558+0600][35.228s][info][gc,heap        ] GC(110) Humongous regions: 0->0
[2026-04-03T01:33:29.558+0600][35.228s][info][gc,metaspace   ] GC(110) Metaspace: 54923K(55936K)->54923K(55936K) NonClass: 46456K(47104K)->46456K(47104K) Class: 8466K(8832K)->8466K(8832K)
[2026-04-03T01:33:29.558+0600][35.228s][info][gc             ] GC(110) Pause Young (Normal) (G1 Evacuation Pause) 151M->19M(224M) 1.852ms
[2026-04-03T01:33:29.558+0600][35.228s][info][gc,cpu         ] GC(110) User=0.01s Sys=0.00s Real=0.00s
[2026-04-03T01:33:29.736+0600][35.406s][info][gc,start       ] GC(111) Pause Young (Normal) (G1 Evacuation Pause)
[2026-04-03T01:33:29.736+0600][35.406s][info][gc,task        ] GC(111) Using 10 workers of 10 for evacuation
[2026-04-03T01:33:29.737+0600][35.407s][info][gc,phases      ] GC(111)   Pre Evacuate Collection Set: 0.18ms
[2026-04-03T01:33:29.738+0600][35.407s][info][gc,phases      ] GC(111)   Merge Heap Roots: 0.15ms
[2026-04-03T01:33:29.738+0600][35.407s][info][gc,phases      ] GC(111)   Evacuate Collection Set: 0.83ms
[2026-04-03T01:33:29.738+0600][35.407s][info][gc,phases      ] GC(111)   Post Evacuate Collection Set: 0.34ms
[2026-04-03T01:33:29.738+0600][35.407s][info][gc,phases      ] GC(111)   Other: 0.10ms
[2026-04-03T01:33:29.738+0600][35.407s][info][gc,heap        ] GC(111) Eden regions: 66->0(66)
[2026-04-03T01:33:29.738+0600][35.407s][info][gc,heap        ] GC(111) Survivor regions: 1->1(9)
[2026-04-03T01:33:29.738+0600][35.407s][info][gc,heap        ] GC(111) Old regions: 12->12
[2026-04-03T01:33:29.738+0600][35.408s][info][gc,heap        ] GC(111) Humongous regions: 0->0
[2026-04-03T01:33:29.738+0600][35.408s][info][gc,metaspace   ] GC(111) Metaspace: 54923K(55936K)->54923K(55936K) NonClass: 46456K(47104K)->46456K(47104K) Class: 8466K(8832K)->8466K(8832K)
[2026-04-03T01:33:29.738+0600][35.408s][info][gc             ] GC(111) Pause Young (Normal) (G1 Evacuation Pause) 151M->19M(224M) 1.886ms
[2026-04-03T01:33:29.738+0600][35.408s][info][gc,cpu         ] GC(111) User=0.01s Sys=0.00s Real=0.00s
[2026-04-03T01:33:29.932+0600][35.602s][info][gc,start       ] GC(112) Pause Young (Normal) (G1 Evacuation Pause)
[2026-04-03T01:33:29.932+0600][35.602s][info][gc,task        ] GC(112) Using 10 workers of 10 for evacuation
[2026-04-03T01:33:29.934+0600][35.604s][info][gc,phases      ] GC(112)   Pre Evacuate Collection Set: 0.16ms
[2026-04-03T01:33:29.934+0600][35.604s][info][gc,phases      ] GC(112)   Merge Heap Roots: 0.13ms
[2026-04-03T01:33:29.934+0600][35.604s][info][gc,phases      ] GC(112)   Evacuate Collection Set: 0.75ms
[2026-04-03T01:33:29.934+0600][35.604s][info][gc,phases      ] GC(112)   Post Evacuate Collection Set: 0.47ms
[2026-04-03T01:33:29.934+0600][35.604s][info][gc,phases      ] GC(112)   Other: 0.12ms
[2026-04-03T01:33:29.934+0600][35.604s][info][gc,heap        ] GC(112) Eden regions: 66->0(66)
[2026-04-03T01:33:29.934+0600][35.604s][info][gc,heap        ] GC(112) Survivor regions: 1->1(9)
[2026-04-03T01:33:29.934+0600][35.604s][info][gc,heap        ] GC(112) Old regions: 12->12
[2026-04-03T01:33:29.934+0600][35.604s][info][gc,heap        ] GC(112) Humongous regions: 0->0
[2026-04-03T01:33:29.934+0600][35.604s][info][gc,metaspace   ] GC(112) Metaspace: 54923K(55936K)->54923K(55936K) NonClass: 46456K(47104K)->46456K(47104K) Class: 8466K(8832K)->8466K(8832K)
[2026-04-03T01:33:29.934+0600][35.604s][info][gc             ] GC(112) Pause Young (Normal) (G1 Evacuation Pause) 151M->19M(224M) 1.921ms
[2026-04-03T01:33:29.934+0600][35.604s][info][gc,cpu         ] GC(112) User=0.01s Sys=0.00s Real=0.00s
[2026-04-03T01:33:30.112+0600][35.782s][info][gc,start       ] GC(113) Pause Young (Normal) (G1 Evacuation Pause)
[2026-04-03T01:33:30.112+0600][35.782s][info][gc,task        ] GC(113) Using 10 workers of 10 for evacuation
[2026-04-03T01:33:30.114+0600][35.784s][info][gc,phases      ] GC(113)   Pre Evacuate Collection Set: 0.21ms
[2026-04-03T01:33:30.114+0600][35.784s][info][gc,phases      ] GC(113)   Merge Heap Roots: 0.12ms
[2026-04-03T01:33:30.114+0600][35.784s][info][gc,phases      ] GC(113)   Evacuate Collection Set: 0.80ms
[2026-04-03T01:33:30.114+0600][35.784s][info][gc,phases      ] GC(113)   Post Evacuate Collection Set: 0.37ms
[2026-04-03T01:33:30.114+0600][35.784s][info][gc,phases      ] GC(113)   Other: 0.10ms
[2026-04-03T01:33:30.114+0600][35.784s][info][gc,heap        ] GC(113) Eden regions: 66->0(66)
[2026-04-03T01:33:30.114+0600][35.784s][info][gc,heap        ] GC(113) Survivor regions: 1->1(9)
[2026-04-03T01:33:30.114+0600][35.784s][info][gc,heap        ] GC(113) Old regions: 12->12
[2026-04-03T01:33:30.114+0600][35.784s][info][gc,heap        ] GC(113) Humongous regions: 0->0
[2026-04-03T01:33:30.114+0600][35.784s][info][gc,metaspace   ] GC(113) Metaspace: 54923K(55936K)->54923K(55936K) NonClass: 46456K(47104K)->46456K(47104K) Class: 8466K(8832K)->8466K(8832K)
[2026-04-03T01:33:30.114+0600][35.784s][info][gc             ] GC(113) Pause Young (Normal) (G1 Evacuation Pause) 151M->19M(224M) 1.914ms
[2026-04-03T01:33:30.114+0600][35.784s][info][gc,cpu         ] GC(113) User=0.01s Sys=0.00s Real=0.00s
[2026-04-03T01:33:30.287+0600][35.957s][info][gc,start       ] GC(114) Pause Young (Normal) (G1 Evacuation Pause)
[2026-04-03T01:33:30.287+0600][35.957s][info][gc,task        ] GC(114) Using 10 workers of 10 for evacuation
[2026-04-03T01:33:30.288+0600][35.958s][info][gc,phases      ] GC(114)   Pre Evacuate Collection Set: 0.17ms
[2026-04-03T01:33:30.289+0600][35.958s][info][gc,phases      ] GC(114)   Merge Heap Roots: 0.12ms
[2026-04-03T01:33:30.289+0600][35.958s][info][gc,phases      ] GC(114)   Evacuate Collection Set: 0.78ms
[2026-04-03T01:33:30.289+0600][35.958s][info][gc,phases      ] GC(114)   Post Evacuate Collection Set: 0.32ms
[2026-04-03T01:33:30.289+0600][35.958s][info][gc,phases      ] GC(114)   Other: 0.10ms
[2026-04-03T01:33:30.289+0600][35.958s][info][gc,heap        ] GC(114) Eden regions: 66->0(66)
[2026-04-03T01:33:30.289+0600][35.958s][info][gc,heap        ] GC(114) Survivor regions: 1->1(9)
[2026-04-03T01:33:30.289+0600][35.959s][info][gc,heap        ] GC(114) Old regions: 12->12
[2026-04-03T01:33:30.289+0600][35.959s][info][gc,heap        ] GC(114) Humongous regions: 0->0
[2026-04-03T01:33:30.289+0600][35.959s][info][gc,metaspace   ] GC(114) Metaspace: 54923K(55936K)->54923K(55936K) NonClass: 46456K(47104K)->46456K(47104K) Class: 8466K(8832K)->8466K(8832K)
[2026-04-03T01:33:30.289+0600][35.959s][info][gc             ] GC(114) Pause Young (Normal) (G1 Evacuation Pause) 151M->19M(224M) 1.783ms
[2026-04-03T01:33:30.289+0600][35.959s][info][gc,cpu         ] GC(114) User=0.01s Sys=0.00s Real=0.00s
[2026-04-03T01:33:30.463+0600][36.133s][info][gc,start       ] GC(115) Pause Young (Normal) (G1 Evacuation Pause)
[2026-04-03T01:33:30.463+0600][36.133s][info][gc,task        ] GC(115) Using 10 workers of 10 for evacuation
[2026-04-03T01:33:30.465+0600][36.135s][info][gc,phases      ] GC(115)   Pre Evacuate Collection Set: 0.16ms
[2026-04-03T01:33:30.465+0600][36.135s][info][gc,phases      ] GC(115)   Merge Heap Roots: 0.13ms
[2026-04-03T01:33:30.465+0600][36.135s][info][gc,phases      ] GC(115)   Evacuate Collection Set: 0.73ms
[2026-04-03T01:33:30.465+0600][36.135s][info][gc,phases      ] GC(115)   Post Evacuate Collection Set: 0.40ms
[2026-04-03T01:33:30.465+0600][36.135s][info][gc,phases      ] GC(115)   Other: 0.10ms
[2026-04-03T01:33:30.465+0600][36.135s][info][gc,heap        ] GC(115) Eden regions: 66->0(66)
[2026-04-03T01:33:30.465+0600][36.135s][info][gc,heap        ] GC(115) Survivor regions: 1->1(9)
[2026-04-03T01:33:30.465+0600][36.135s][info][gc,heap        ] GC(115) Old regions: 12->12
[2026-04-03T01:33:30.465+0600][36.135s][info][gc,heap        ] GC(115) Humongous regions: 0->0
[2026-04-03T01:33:30.465+0600][36.135s][info][gc,metaspace   ] GC(115) Metaspace: 54923K(55936K)->54923K(55936K) NonClass: 46456K(47104K)->46456K(47104K) Class: 8466K(8832K)->8466K(8832K)
[2026-04-03T01:33:30.465+0600][36.135s][info][gc             ] GC(115) Pause Young (Normal) (G1 Evacuation Pause) 151M->19M(224M) 1.800ms
[2026-04-03T01:33:30.465+0600][36.135s][info][gc,cpu         ] GC(115) User=0.01s Sys=0.00s Real=0.00s
[2026-04-03T01:33:30.641+0600][36.311s][info][gc,start       ] GC(116) Pause Young (Normal) (G1 Evacuation Pause)
[2026-04-03T01:33:30.642+0600][36.312s][info][gc,task        ] GC(116) Using 10 workers of 10 for evacuation
[2026-04-03T01:33:30.643+0600][36.313s][info][gc,phases      ] GC(116)   Pre Evacuate Collection Set: 0.16ms
[2026-04-03T01:33:30.643+0600][36.313s][info][gc,phases      ] GC(116)   Merge Heap Roots: 0.11ms
[2026-04-03T01:33:30.643+0600][36.313s][info][gc,phases      ] GC(116)   Evacuate Collection Set: 0.69ms
[2026-04-03T01:33:30.643+0600][36.313s][info][gc,phases      ] GC(116)   Post Evacuate Collection Set: 0.33ms
[2026-04-03T01:33:30.643+0600][36.313s][info][gc,phases      ] GC(116)   Other: 0.10ms
[2026-04-03T01:33:30.643+0600][36.313s][info][gc,heap        ] GC(116) Eden regions: 66->0(66)
[2026-04-03T01:33:30.643+0600][36.313s][info][gc,heap        ] GC(116) Survivor regions: 1->1(9)
[2026-04-03T01:33:30.643+0600][36.313s][info][gc,heap        ] GC(116) Old regions: 12->12
[2026-04-03T01:33:30.643+0600][36.313s][info][gc,heap        ] GC(116) Humongous regions: 0->0
[2026-04-03T01:33:30.643+0600][36.313s][info][gc,metaspace   ] GC(116) Metaspace: 54923K(55936K)->54923K(55936K) NonClass: 46456K(47104K)->46456K(47104K) Class: 8466K(8832K)->8466K(8832K)
[2026-04-03T01:33:30.643+0600][36.313s][info][gc             ] GC(116) Pause Young (Normal) (G1 Evacuation Pause) 151M->19M(224M) 1.694ms
[2026-04-03T01:33:30.643+0600][36.313s][info][gc,cpu         ] GC(116) User=0.01s Sys=0.00s Real=0.00s
[2026-04-03T01:33:30.814+0600][36.484s][info][gc,start       ] GC(117) Pause Young (Normal) (G1 Evacuation Pause)
[2026-04-03T01:33:30.814+0600][36.484s][info][gc,task        ] GC(117) Using 10 workers of 10 for evacuation
[2026-04-03T01:33:30.816+0600][36.486s][info][gc,phases      ] GC(117)   Pre Evacuate Collection Set: 0.21ms
[2026-04-03T01:33:30.816+0600][36.486s][info][gc,phases      ] GC(117)   Merge Heap Roots: 0.14ms
[2026-04-03T01:33:30.816+0600][36.486s][info][gc,phases      ] GC(117)   Evacuate Collection Set: 0.70ms
[2026-04-03T01:33:30.816+0600][36.486s][info][gc,phases      ] GC(117)   Post Evacuate Collection Set: 0.33ms
[2026-04-03T01:33:30.816+0600][36.486s][info][gc,phases      ] GC(117)   Other: 0.11ms
[2026-04-03T01:33:30.816+0600][36.486s][info][gc,heap        ] GC(117) Eden regions: 66->0(66)
[2026-04-03T01:33:30.816+0600][36.486s][info][gc,heap        ] GC(117) Survivor regions: 1->1(9)
[2026-04-03T01:33:30.816+0600][36.486s][info][gc,heap        ] GC(117) Old regions: 12->12
[2026-04-03T01:33:30.816+0600][36.486s][info][gc,heap        ] GC(117) Humongous regions: 0->0
[2026-04-03T01:33:30.816+0600][36.486s][info][gc,metaspace   ] GC(117) Metaspace: 54923K(55936K)->54923K(55936K) NonClass: 46456K(47104K)->46456K(47104K) Class: 8466K(8832K)->8466K(8832K)
[2026-04-03T01:33:30.816+0600][36.486s][info][gc             ] GC(117) Pause Young (Normal) (G1 Evacuation Pause) 151M->19M(224M) 1.779ms
[2026-04-03T01:33:30.816+0600][36.486s][info][gc,cpu         ] GC(117) User=0.01s Sys=0.00s Real=0.00s
[2026-04-03T01:33:30.994+0600][36.664s][info][gc,start       ] GC(118) Pause Young (Normal) (G1 Evacuation Pause)
[2026-04-03T01:33:30.994+0600][36.664s][info][gc,task        ] GC(118) Using 10 workers of 10 for evacuation
[2026-04-03T01:33:30.996+0600][36.666s][info][gc,phases      ] GC(118)   Pre Evacuate Collection Set: 0.25ms
[2026-04-03T01:33:30.996+0600][36.666s][info][gc,phases      ] GC(118)   Merge Heap Roots: 0.15ms
[2026-04-03T01:33:30.996+0600][36.666s][info][gc,phases      ] GC(118)   Evacuate Collection Set: 0.97ms
[2026-04-03T01:33:30.996+0600][36.666s][info][gc,phases      ] GC(118)   Post Evacuate Collection Set: 0.39ms
[2026-04-03T01:33:30.996+0600][36.666s][info][gc,phases      ] GC(118)   Other: 0.19ms
[2026-04-03T01:33:30.996+0600][36.666s][info][gc,heap        ] GC(118) Eden regions: 66->0(66)
[2026-04-03T01:33:30.996+0600][36.666s][info][gc,heap        ] GC(118) Survivor regions: 1->1(9)
[2026-04-03T01:33:30.996+0600][36.666s][info][gc,heap        ] GC(118) Old regions: 12->12
[2026-04-03T01:33:30.996+0600][36.666s][info][gc,heap        ] GC(118) Humongous regions: 0->0
[2026-04-03T01:33:30.996+0600][36.666s][info][gc,metaspace   ] GC(118) Metaspace: 54924K(55936K)->54924K(55936K) NonClass: 46457K(47104K)->46457K(47104K) Class: 8466K(8832K)->8466K(8832K)
[2026-04-03T01:33:30.996+0600][36.666s][info][gc             ] GC(118) Pause Young (Normal) (G1 Evacuation Pause) 151M->19M(224M) 2.432ms
[2026-04-03T01:33:30.996+0600][36.666s][info][gc,cpu         ] GC(118) User=0.01s Sys=0.01s Real=0.00s
[2026-04-03T01:33:31.183+0600][36.853s][info][gc,start       ] GC(119) Pause Young (Normal) (G1 Evacuation Pause)
[2026-04-03T01:33:31.183+0600][36.853s][info][gc,task        ] GC(119) Using 10 workers of 10 for evacuation
[2026-04-03T01:33:31.185+0600][36.855s][info][gc,phases      ] GC(119)   Pre Evacuate Collection Set: 0.17ms
[2026-04-03T01:33:31.185+0600][36.855s][info][gc,phases      ] GC(119)   Merge Heap Roots: 0.12ms
[2026-04-03T01:33:31.185+0600][36.855s][info][gc,phases      ] GC(119)   Evacuate Collection Set: 0.75ms
[2026-04-03T01:33:31.185+0600][36.855s][info][gc,phases      ] GC(119)   Post Evacuate Collection Set: 0.34ms
[2026-04-03T01:33:31.185+0600][36.855s][info][gc,phases      ] GC(119)   Other: 0.11ms
[2026-04-03T01:33:31.185+0600][36.855s][info][gc,heap        ] GC(119) Eden regions: 66->0(66)
[2026-04-03T01:33:31.185+0600][36.855s][info][gc,heap        ] GC(119) Survivor regions: 1->1(9)
[2026-04-03T01:33:31.185+0600][36.855s][info][gc,heap        ] GC(119) Old regions: 12->12
[2026-04-03T01:33:31.185+0600][36.855s][info][gc,heap        ] GC(119) Humongous regions: 0->0
[2026-04-03T01:33:31.185+0600][36.855s][info][gc,metaspace   ] GC(119) Metaspace: 54931K(55936K)->54931K(55936K) NonClass: 46465K(47104K)->46465K(47104K) Class: 8466K(8832K)->8466K(8832K)
[2026-04-03T01:33:31.185+0600][36.855s][info][gc             ] GC(119) Pause Young (Normal) (G1 Evacuation Pause) 151M->19M(224M) 1.797ms
[2026-04-03T01:33:31.185+0600][36.855s][info][gc,cpu         ] GC(119) User=0.01s Sys=0.00s Real=0.00s
[2026-04-03T01:33:31.367+0600][37.037s][info][gc,start       ] GC(120) Pause Young (Normal) (G1 Evacuation Pause)
[2026-04-03T01:33:31.367+0600][37.037s][info][gc,task        ] GC(120) Using 10 workers of 10 for evacuation
[2026-04-03T01:33:31.369+0600][37.039s][info][gc,phases      ] GC(120)   Pre Evacuate Collection Set: 0.19ms
[2026-04-03T01:33:31.369+0600][37.039s][info][gc,phases      ] GC(120)   Merge Heap Roots: 0.12ms
[2026-04-03T01:33:31.369+0600][37.039s][info][gc,phases      ] GC(120)   Evacuate Collection Set: 0.75ms
[2026-04-03T01:33:31.369+0600][37.039s][info][gc,phases      ] GC(120)   Post Evacuate Collection Set: 0.32ms
[2026-04-03T01:33:31.369+0600][37.039s][info][gc,phases      ] GC(120)   Other: 0.10ms
[2026-04-03T01:33:31.369+0600][37.039s][info][gc,heap        ] GC(120) Eden regions: 66->0(66)
[2026-04-03T01:33:31.369+0600][37.039s][info][gc,heap        ] GC(120) Survivor regions: 1->1(9)
[2026-04-03T01:33:31.369+0600][37.039s][info][gc,heap        ] GC(120) Old regions: 12->12
[2026-04-03T01:33:31.369+0600][37.039s][info][gc,heap        ] GC(120) Humongous regions: 0->0
[2026-04-03T01:33:31.369+0600][37.039s][info][gc,metaspace   ] GC(120) Metaspace: 54931K(55936K)->54931K(55936K) NonClass: 46465K(47104K)->46465K(47104K) Class: 8466K(8832K)->8466K(8832K)
[2026-04-03T01:33:31.369+0600][37.039s][info][gc             ] GC(120) Pause Young (Normal) (G1 Evacuation Pause) 151M->19M(224M) 1.787ms
[2026-04-03T01:33:31.369+0600][37.039s][info][gc,cpu         ] GC(120) User=0.01s Sys=0.00s Real=0.00s
[2026-04-03T01:33:31.554+0600][37.224s][info][gc,start       ] GC(121) Pause Young (Normal) (G1 Evacuation Pause)
[2026-04-03T01:33:31.555+0600][37.224s][info][gc,task        ] GC(121) Using 10 workers of 10 for evacuation
[2026-04-03T01:33:31.556+0600][37.226s][info][gc,phases      ] GC(121)   Pre Evacuate Collection Set: 0.22ms
[2026-04-03T01:33:31.556+0600][37.226s][info][gc,phases      ] GC(121)   Merge Heap Roots: 0.16ms
[2026-04-03T01:33:31.556+0600][37.226s][info][gc,phases      ] GC(121)   Evacuate Collection Set: 0.98ms
[2026-04-03T01:33:31.556+0600][37.226s][info][gc,phases      ] GC(121)   Post Evacuate Collection Set: 0.35ms
[2026-04-03T01:33:31.556+0600][37.226s][info][gc,phases      ] GC(121)   Other: 0.10ms
[2026-04-03T01:33:31.556+0600][37.226s][info][gc,heap        ] GC(121) Eden regions: 66->0(66)
[2026-04-03T01:33:31.556+0600][37.226s][info][gc,heap        ] GC(121) Survivor regions: 1->1(9)
[2026-04-03T01:33:31.556+0600][37.226s][info][gc,heap        ] GC(121) Old regions: 12->12
[2026-04-03T01:33:31.557+0600][37.226s][info][gc,heap        ] GC(121) Humongous regions: 0->0
[2026-04-03T01:33:31.557+0600][37.226s][info][gc,metaspace   ] GC(121) Metaspace: 54931K(55936K)->54931K(55936K) NonClass: 46465K(47104K)->46465K(47104K) Class: 8466K(8832K)->8466K(8832K)
[2026-04-03T01:33:31.557+0600][37.226s][info][gc             ] GC(121) Pause Young (Normal) (G1 Evacuation Pause) 151M->19M(224M) 2.115ms
[2026-04-03T01:33:31.557+0600][37.227s][info][gc,cpu         ] GC(121) User=0.01s Sys=0.00s Real=0.00s
[2026-04-03T01:33:31.745+0600][37.414s][info][gc,start       ] GC(122) Pause Young (Normal) (G1 Evacuation Pause)
[2026-04-03T01:33:31.745+0600][37.415s][info][gc,task        ] GC(122) Using 10 workers of 10 for evacuation
[2026-04-03T01:33:31.746+0600][37.416s][info][gc,phases      ] GC(122)   Pre Evacuate Collection Set: 0.20ms
[2026-04-03T01:33:31.746+0600][37.416s][info][gc,phases      ] GC(122)   Merge Heap Roots: 0.12ms
[2026-04-03T01:33:31.746+0600][37.416s][info][gc,phases      ] GC(122)   Evacuate Collection Set: 0.76ms
[2026-04-03T01:33:31.746+0600][37.416s][info][gc,phases      ] GC(122)   Post Evacuate Collection Set: 0.34ms
[2026-04-03T01:33:31.746+0600][37.416s][info][gc,phases      ] GC(122)   Other: 0.09ms
[2026-04-03T01:33:31.746+0600][37.416s][info][gc,heap        ] GC(122) Eden regions: 66->0(66)
[2026-04-03T01:33:31.746+0600][37.416s][info][gc,heap        ] GC(122) Survivor regions: 1->1(9)
[2026-04-03T01:33:31.746+0600][37.416s][info][gc,heap        ] GC(122) Old regions: 12->12
[2026-04-03T01:33:31.746+0600][37.416s][info][gc,heap        ] GC(122) Humongous regions: 0->0
[2026-04-03T01:33:31.746+0600][37.416s][info][gc,metaspace   ] GC(122) Metaspace: 54931K(55936K)->54931K(55936K) NonClass: 46465K(47104K)->46465K(47104K) Class: 8466K(8832K)->8466K(8832K)
[2026-04-03T01:33:31.746+0600][37.416s][info][gc             ] GC(122) Pause Young (Normal) (G1 Evacuation Pause) 151M->19M(224M) 1.796ms
[2026-04-03T01:33:31.746+0600][37.416s][info][gc,cpu         ] GC(122) User=0.01s Sys=0.00s Real=0.00s
[2026-04-03T01:33:31.922+0600][37.592s][info][gc,start       ] GC(123) Pause Young (Normal) (G1 Evacuation Pause)
[2026-04-03T01:33:31.922+0600][37.592s][info][gc,task        ] GC(123) Using 10 workers of 10 for evacuation
[2026-04-03T01:33:31.924+0600][37.594s][info][gc,phases      ] GC(123)   Pre Evacuate Collection Set: 0.21ms
[2026-04-03T01:33:31.924+0600][37.594s][info][gc,phases      ] GC(123)   Merge Heap Roots: 0.15ms
[2026-04-03T01:33:31.924+0600][37.594s][info][gc,phases      ] GC(123)   Evacuate Collection Set: 0.84ms
[2026-04-03T01:33:31.924+0600][37.594s][info][gc,phases      ] GC(123)   Post Evacuate Collection Set: 0.34ms
[2026-04-03T01:33:31.924+0600][37.594s][info][gc,phases      ] GC(123)   Other: 0.11ms
[2026-04-03T01:33:31.924+0600][37.594s][info][gc,heap        ] GC(123) Eden regions: 66->0(66)
[2026-04-03T01:33:31.924+0600][37.594s][info][gc,heap        ] GC(123) Survivor regions: 1->1(9)
[2026-04-03T01:33:31.924+0600][37.594s][info][gc,heap        ] GC(123) Old regions: 12->12
[2026-04-03T01:33:31.924+0600][37.594s][info][gc,heap        ] GC(123) Humongous regions: 0->0
[2026-04-03T01:33:31.924+0600][37.594s][info][gc,metaspace   ] GC(123) Metaspace: 54931K(55936K)->54931K(55936K) NonClass: 46465K(47104K)->46465K(47104K) Class: 8466K(8832K)->8466K(8832K)
[2026-04-03T01:33:31.924+0600][37.594s][info][gc             ] GC(123) Pause Young (Normal) (G1 Evacuation Pause) 151M->19M(224M) 1.997ms
[2026-04-03T01:33:31.924+0600][37.594s][info][gc,cpu         ] GC(123) User=0.01s Sys=0.00s Real=0.00s
[2026-04-03T01:33:32.095+0600][37.765s][info][gc,start       ] GC(124) Pause Young (Normal) (G1 Evacuation Pause)
[2026-04-03T01:33:32.095+0600][37.765s][info][gc,task        ] GC(124) Using 10 workers of 10 for evacuation
[2026-04-03T01:33:32.097+0600][37.767s][info][gc,phases      ] GC(124)   Pre Evacuate Collection Set: 0.18ms
[2026-04-03T01:33:32.097+0600][37.767s][info][gc,phases      ] GC(124)   Merge Heap Roots: 0.14ms
[2026-04-03T01:33:32.097+0600][37.767s][info][gc,phases      ] GC(124)   Evacuate Collection Set: 0.83ms
[2026-04-03T01:33:32.097+0600][37.767s][info][gc,phases      ] GC(124)   Post Evacuate Collection Set: 0.38ms
[2026-04-03T01:33:32.097+0600][37.767s][info][gc,phases      ] GC(124)   Other: 0.11ms
[2026-04-03T01:33:32.097+0600][37.767s][info][gc,heap        ] GC(124) Eden regions: 66->0(66)
[2026-04-03T01:33:32.097+0600][37.767s][info][gc,heap        ] GC(124) Survivor regions: 1->1(9)
[2026-04-03T01:33:32.097+0600][37.767s][info][gc,heap        ] GC(124) Old regions: 12->12
[2026-04-03T01:33:32.097+0600][37.767s][info][gc,heap        ] GC(124) Humongous regions: 0->0
[2026-04-03T01:33:32.097+0600][37.767s][info][gc,metaspace   ] GC(124) Metaspace: 54931K(55936K)->54931K(55936K) NonClass: 46465K(47104K)->46465K(47104K) Class: 8466K(8832K)->8466K(8832K)
[2026-04-03T01:33:32.097+0600][37.767s][info][gc             ] GC(124) Pause Young (Normal) (G1 Evacuation Pause) 151M->19M(224M) 1.937ms
[2026-04-03T01:33:32.097+0600][37.767s][info][gc,cpu         ] GC(124) User=0.01s Sys=0.00s Real=0.00s
[2026-04-03T01:33:32.270+0600][37.940s][info][gc,start       ] GC(125) Pause Young (Normal) (G1 Evacuation Pause)
[2026-04-03T01:33:32.270+0600][37.940s][info][gc,task        ] GC(125) Using 10 workers of 10 for evacuation
[2026-04-03T01:33:32.271+0600][37.941s][info][gc,phases      ] GC(125)   Pre Evacuate Collection Set: 0.18ms
[2026-04-03T01:33:32.271+0600][37.941s][info][gc,phases      ] GC(125)   Merge Heap Roots: 0.13ms
[2026-04-03T01:33:32.271+0600][37.941s][info][gc,phases      ] GC(125)   Evacuate Collection Set: 0.76ms
[2026-04-03T01:33:32.271+0600][37.941s][info][gc,phases      ] GC(125)   Post Evacuate Collection Set: 0.46ms
[2026-04-03T01:33:32.272+0600][37.941s][info][gc,phases      ] GC(125)   Other: 0.11ms
[2026-04-03T01:33:32.272+0600][37.941s][info][gc,heap        ] GC(125) Eden regions: 66->0(66)
[2026-04-03T01:33:32.272+0600][37.941s][info][gc,heap        ] GC(125) Survivor regions: 1->1(9)
[2026-04-03T01:33:32.272+0600][37.941s][info][gc,heap        ] GC(125) Old regions: 12->12
[2026-04-03T01:33:32.272+0600][37.941s][info][gc,heap        ] GC(125) Humongous regions: 0->0
[2026-04-03T01:33:32.272+0600][37.942s][info][gc,metaspace   ] GC(125) Metaspace: 54931K(55936K)->54931K(55936K) NonClass: 46465K(47104K)->46465K(47104K) Class: 8466K(8832K)->8466K(8832K)
[2026-04-03T01:33:32.272+0600][37.942s][info][gc             ] GC(125) Pause Young (Normal) (G1 Evacuation Pause) 151M->19M(224M) 2.016ms
[2026-04-03T01:33:32.272+0600][37.942s][info][gc,cpu         ] GC(125) User=0.01s Sys=0.00s Real=0.01s
[2026-04-03T01:33:32.456+0600][38.126s][info][gc,start       ] GC(126) Pause Full (System.gc())
[2026-04-03T01:33:32.456+0600][38.126s][info][gc,task        ] GC(126) Using 7 workers of 10 for full compaction
[2026-04-03T01:33:32.456+0600][38.126s][info][gc,phases,start] GC(126) Phase 1: Mark live objects
[2026-04-03T01:33:32.484+0600][38.154s][info][gc,phases      ] GC(126) Phase 1: Mark live objects 27.246ms
[2026-04-03T01:33:32.484+0600][38.154s][info][gc,phases,start] GC(126) Phase 2: Prepare compaction
[2026-04-03T01:33:32.485+0600][38.155s][info][gc,phases      ] GC(126) Phase 2: Prepare compaction 1.459ms
[2026-04-03T01:33:32.485+0600][38.155s][info][gc,phases,start] GC(126) Phase 3: Adjust pointers
[2026-04-03T01:33:32.497+0600][38.166s][info][gc,phases      ] GC(126) Phase 3: Adjust pointers 11.364ms
[2026-04-03T01:33:32.497+0600][38.167s][info][gc,phases,start] GC(126) Phase 4: Compact heap
[2026-04-03T01:33:32.498+0600][38.168s][info][gc,phases      ] GC(126) Phase 4: Compact heap 1.486ms
[2026-04-03T01:33:32.498+0600][38.168s][info][gc,phases,start] GC(126) Phase 5: Reset Metadata
[2026-04-03T01:33:32.501+0600][38.171s][info][gc,phases      ] GC(126) Phase 5: Reset Metadata 2.689ms
[2026-04-03T01:33:32.509+0600][38.179s][info][gc,heap        ] GC(126) Eden regions: 45->0(24)
[2026-04-03T01:33:32.509+0600][38.179s][info][gc,heap        ] GC(126) Survivor regions: 1->0(9)
[2026-04-03T01:33:32.509+0600][38.179s][info][gc,heap        ] GC(126) Old regions: 12->12
[2026-04-03T01:33:32.509+0600][38.179s][info][gc,heap        ] GC(126) Humongous regions: 0->0
[2026-04-03T01:33:32.509+0600][38.179s][info][gc,metaspace   ] GC(126) Metaspace: 54986K(55936K)->54976K(55936K) NonClass: 46519K(47104K)->46512K(47104K) Class: 8467K(8832K)->8464K(8832K)
[2026-04-03T01:33:32.509+0600][38.179s][info][gc             ] GC(126) Pause Full (System.gc()) 109M->18M(80M) 52.750ms
[2026-04-03T01:33:32.509+0600][38.179s][info][gc,cpu         ] GC(126) User=0.20s Sys=0.02s Real=0.05s
[2026-04-03T01:33:32.659+0600][38.329s][info][gc,start       ] GC(127) Pause Young (Normal) (G1 Evacuation Pause)
[2026-04-03T01:33:32.659+0600][38.329s][info][gc,task        ] GC(127) Using 10 workers of 10 for evacuation
[2026-04-03T01:33:32.662+0600][38.332s][info][gc,phases      ] GC(127)   Pre Evacuate Collection Set: 0.25ms
[2026-04-03T01:33:32.662+0600][38.332s][info][gc,phases      ] GC(127)   Merge Heap Roots: 0.13ms
[2026-04-03T01:33:32.662+0600][38.332s][info][gc,phases      ] GC(127)   Evacuate Collection Set: 1.52ms
[2026-04-03T01:33:32.662+0600][38.332s][info][gc,phases      ] GC(127)   Post Evacuate Collection Set: 0.45ms
[2026-04-03T01:33:32.662+0600][38.332s][info][gc,phases      ] GC(127)   Other: 0.11ms
[2026-04-03T01:33:32.662+0600][38.332s][info][gc,heap        ] GC(127) Eden regions: 24->0(23)
[2026-04-03T01:33:32.662+0600][38.332s][info][gc,heap        ] GC(127) Survivor regions: 0->1(3)
[2026-04-03T01:33:32.662+0600][38.332s][info][gc,heap        ] GC(127) Old regions: 12->12
[2026-04-03T01:33:32.662+0600][38.332s][info][gc,heap        ] GC(127) Humongous regions: 0->0
[2026-04-03T01:33:32.662+0600][38.332s][info][gc,metaspace   ] GC(127) Metaspace: 55033K(55936K)->55033K(55936K) NonClass: 46569K(47104K)->46569K(47104K) Class: 8464K(8832K)->8464K(8832K)
[2026-04-03T01:33:32.662+0600][38.332s][info][gc             ] GC(127) Pause Young (Normal) (G1 Evacuation Pause) 66M->19M(80M) 2.814ms
[2026-04-03T01:33:32.662+0600][38.332s][info][gc,cpu         ] GC(127) User=0.01s Sys=0.00s Real=0.01s
[2026-04-03T01:33:32.765+0600][38.435s][info][gc,start       ] GC(128) Pause Young (Normal) (G1 Evacuation Pause)
[2026-04-03T01:33:32.766+0600][38.436s][info][gc,task        ] GC(128) Using 10 workers of 10 for evacuation
[2026-04-03T01:33:32.768+0600][38.438s][info][gc,phases      ] GC(128)   Pre Evacuate Collection Set: 0.21ms
[2026-04-03T01:33:32.768+0600][38.438s][info][gc,phases      ] GC(128)   Merge Heap Roots: 0.11ms
[2026-04-03T01:33:32.768+0600][38.438s][info][gc,phases      ] GC(128)   Evacuate Collection Set: 1.38ms
[2026-04-03T01:33:32.768+0600][38.438s][info][gc,phases      ] GC(128)   Post Evacuate Collection Set: 0.38ms
[2026-04-03T01:33:32.768+0600][38.438s][info][gc,phases      ] GC(128)   Other: 0.10ms
[2026-04-03T01:33:32.768+0600][38.438s][info][gc,heap        ] GC(128) Eden regions: 23->0(23)
[2026-04-03T01:33:32.768+0600][38.438s][info][gc,heap        ] GC(128) Survivor regions: 1->1(3)
[2026-04-03T01:33:32.768+0600][38.438s][info][gc,heap        ] GC(128) Old regions: 12->12
[2026-04-03T01:33:32.768+0600][38.438s][info][gc,heap        ] GC(128) Humongous regions: 0->0
[2026-04-03T01:33:32.768+0600][38.438s][info][gc,metaspace   ] GC(128) Metaspace: 55033K(55936K)->55033K(55936K) NonClass: 46569K(47104K)->46569K(47104K) Class: 8464K(8832K)->8464K(8832K)
[2026-04-03T01:33:32.768+0600][38.438s][info][gc             ] GC(128) Pause Young (Normal) (G1 Evacuation Pause) 65M->19M(80M) 2.495ms
[2026-04-03T01:33:32.768+0600][38.438s][info][gc,cpu         ] GC(128) User=0.01s Sys=0.00s Real=0.00s
[2026-04-03T01:33:32.854+0600][38.524s][info][gc,start       ] GC(129) Pause Young (Normal) (G1 Evacuation Pause)
[2026-04-03T01:33:32.854+0600][38.524s][info][gc,task        ] GC(129) Using 10 workers of 10 for evacuation
[2026-04-03T01:33:32.857+0600][38.527s][info][gc,phases      ] GC(129)   Pre Evacuate Collection Set: 0.18ms
[2026-04-03T01:33:32.857+0600][38.527s][info][gc,phases      ] GC(129)   Merge Heap Roots: 0.11ms
[2026-04-03T01:33:32.857+0600][38.527s][info][gc,phases      ] GC(129)   Evacuate Collection Set: 2.60ms
[2026-04-03T01:33:32.857+0600][38.527s][info][gc,phases      ] GC(129)   Post Evacuate Collection Set: 0.56ms
[2026-04-03T01:33:32.857+0600][38.527s][info][gc,phases      ] GC(129)   Other: 0.10ms
[2026-04-03T01:33:32.857+0600][38.527s][info][gc,heap        ] GC(129) Eden regions: 23->0(23)
[2026-04-03T01:33:32.857+0600][38.527s][info][gc,heap        ] GC(129) Survivor regions: 1->1(3)
[2026-04-03T01:33:32.857+0600][38.527s][info][gc,heap        ] GC(129) Old regions: 12->12
[2026-04-03T01:33:32.857+0600][38.527s][info][gc,heap        ] GC(129) Humongous regions: 0->0
[2026-04-03T01:33:32.857+0600][38.527s][info][gc,metaspace   ] GC(129) Metaspace: 55033K(55936K)->55033K(55936K) NonClass: 46569K(47104K)->46569K(47104K) Class: 8464K(8832K)->8464K(8832K)
[2026-04-03T01:33:32.858+0600][38.527s][info][gc             ] GC(129) Pause Young (Normal) (G1 Evacuation Pause) 65M->19M(80M) 3.893ms
[2026-04-03T01:33:32.858+0600][38.527s][info][gc,cpu         ] GC(129) User=0.02s Sys=0.00s Real=0.00s
[2026-04-03T01:33:32.963+0600][38.633s][info][gc,start       ] GC(130) Pause Young (Normal) (G1 Evacuation Pause)
[2026-04-03T01:33:32.964+0600][38.633s][info][gc,task        ] GC(130) Using 10 workers of 10 for evacuation
[2026-04-03T01:33:32.966+0600][38.636s][info][gc,phases      ] GC(130)   Pre Evacuate Collection Set: 0.17ms
[2026-04-03T01:33:32.966+0600][38.636s][info][gc,phases      ] GC(130)   Merge Heap Roots: 0.11ms
[2026-04-03T01:33:32.966+0600][38.636s][info][gc,phases      ] GC(130)   Evacuate Collection Set: 1.44ms
[2026-04-03T01:33:32.966+0600][38.636s][info][gc,phases      ] GC(130)   Post Evacuate Collection Set: 0.71ms
[2026-04-03T01:33:32.966+0600][38.636s][info][gc,phases      ] GC(130)   Other: 0.11ms
[2026-04-03T01:33:32.966+0600][38.636s][info][gc,heap        ] GC(130) Eden regions: 23->0(43)
[2026-04-03T01:33:32.966+0600][38.636s][info][gc,heap        ] GC(130) Survivor regions: 1->1(3)
[2026-04-03T01:33:32.966+0600][38.636s][info][gc,heap        ] GC(130) Old regions: 12->12
[2026-04-03T01:33:32.966+0600][38.636s][info][gc,heap        ] GC(130) Humongous regions: 0->0
[2026-04-03T01:33:32.966+0600][38.636s][info][gc,metaspace   ] GC(130) Metaspace: 55033K(55936K)->55033K(55936K) NonClass: 46569K(47104K)->46569K(47104K) Class: 8464K(8832K)->8464K(8832K)
[2026-04-03T01:33:32.966+0600][38.636s][info][gc             ] GC(130) Pause Young (Normal) (G1 Evacuation Pause) 65M->19M(148M) 2.869ms
[2026-04-03T01:33:32.966+0600][38.636s][info][gc,cpu         ] GC(130) User=0.01s Sys=0.00s Real=0.00s
[2026-04-03T01:33:33.123+0600][38.793s][info][gc,start       ] GC(131) Pause Young (Normal) (G1 Evacuation Pause)
[2026-04-03T01:33:33.123+0600][38.793s][info][gc,task        ] GC(131) Using 10 workers of 10 for evacuation
[2026-04-03T01:33:33.125+0600][38.795s][info][gc,phases      ] GC(131)   Pre Evacuate Collection Set: 0.18ms
[2026-04-03T01:33:33.125+0600][38.795s][info][gc,phases      ] GC(131)   Merge Heap Roots: 0.12ms
[2026-04-03T01:33:33.125+0600][38.795s][info][gc,phases      ] GC(131)   Evacuate Collection Set: 1.37ms
[2026-04-03T01:33:33.125+0600][38.795s][info][gc,phases      ] GC(131)   Post Evacuate Collection Set: 0.43ms
[2026-04-03T01:33:33.125+0600][38.795s][info][gc,phases      ] GC(131)   Other: 0.10ms
[2026-04-03T01:33:33.125+0600][38.795s][info][gc,heap        ] GC(131) Eden regions: 43->0(43)
[2026-04-03T01:33:33.125+0600][38.795s][info][gc,heap        ] GC(131) Survivor regions: 1->1(6)
[2026-04-03T01:33:33.125+0600][38.795s][info][gc,heap        ] GC(131) Old regions: 12->12
[2026-04-03T01:33:33.125+0600][38.795s][info][gc,heap        ] GC(131) Humongous regions: 0->0
[2026-04-03T01:33:33.125+0600][38.795s][info][gc,metaspace   ] GC(131) Metaspace: 55033K(55936K)->55033K(55936K) NonClass: 46569K(47104K)->46569K(47104K) Class: 8464K(8832K)->8464K(8832K)
[2026-04-03T01:33:33.125+0600][38.795s][info][gc             ] GC(131) Pause Young (Normal) (G1 Evacuation Pause) 105M->19M(148M) 2.507ms
[2026-04-03T01:33:33.126+0600][38.795s][info][gc,cpu         ] GC(131) User=0.02s Sys=0.00s Real=0.00s
[2026-04-03T01:33:33.246+0600][38.916s][info][gc,start       ] GC(132) Pause Young (Normal) (G1 Evacuation Pause)
[2026-04-03T01:33:33.246+0600][38.916s][info][gc,task        ] GC(132) Using 10 workers of 10 for evacuation
[2026-04-03T01:33:33.248+0600][38.918s][info][gc,phases      ] GC(132)   Pre Evacuate Collection Set: 0.21ms
[2026-04-03T01:33:33.248+0600][38.918s][info][gc,phases      ] GC(132)   Merge Heap Roots: 0.12ms
[2026-04-03T01:33:33.248+0600][38.918s][info][gc,phases      ] GC(132)   Evacuate Collection Set: 1.28ms
[2026-04-03T01:33:33.248+0600][38.918s][info][gc,phases      ] GC(132)   Post Evacuate Collection Set: 0.40ms
[2026-04-03T01:33:33.248+0600][38.918s][info][gc,phases      ] GC(132)   Other: 0.09ms
[2026-04-03T01:33:33.248+0600][38.918s][info][gc,heap        ] GC(132) Eden regions: 43->0(43)
[2026-04-03T01:33:33.248+0600][38.918s][info][gc,heap        ] GC(132) Survivor regions: 1->1(6)
[2026-04-03T01:33:33.248+0600][38.918s][info][gc,heap        ] GC(132) Old regions: 12->12
[2026-04-03T01:33:33.248+0600][38.918s][info][gc,heap        ] GC(132) Humongous regions: 0->0
[2026-04-03T01:33:33.248+0600][38.918s][info][gc,metaspace   ] GC(132) Metaspace: 55033K(55936K)->55033K(55936K) NonClass: 46569K(47104K)->46569K(47104K) Class: 8464K(8832K)->8464K(8832K)
[2026-04-03T01:33:33.248+0600][38.918s][info][gc             ] GC(132) Pause Young (Normal) (G1 Evacuation Pause) 105M->19M(148M) 2.361ms
[2026-04-03T01:33:33.248+0600][38.918s][info][gc,cpu         ] GC(132) User=0.02s Sys=0.00s Real=0.00s
[2026-04-03T01:33:33.372+0600][39.042s][info][gc,start       ] GC(133) Pause Young (Normal) (G1 Evacuation Pause)
[2026-04-03T01:33:33.373+0600][39.042s][info][gc,task        ] GC(133) Using 10 workers of 10 for evacuation
[2026-04-03T01:33:33.374+0600][39.044s][info][gc,phases      ] GC(133)   Pre Evacuate Collection Set: 0.18ms
[2026-04-03T01:33:33.375+0600][39.045s][info][gc,phases      ] GC(133)   Merge Heap Roots: 0.11ms
[2026-04-03T01:33:33.375+0600][39.045s][info][gc,phases      ] GC(133)   Evacuate Collection Set: 1.23ms
[2026-04-03T01:33:33.375+0600][39.045s][info][gc,phases      ] GC(133)   Post Evacuate Collection Set: 0.38ms
[2026-04-03T01:33:33.375+0600][39.045s][info][gc,phases      ] GC(133)   Other: 0.09ms
[2026-04-03T01:33:33.375+0600][39.045s][info][gc,heap        ] GC(133) Eden regions: 43->0(43)
[2026-04-03T01:33:33.375+0600][39.045s][info][gc,heap        ] GC(133) Survivor regions: 1->1(6)
[2026-04-03T01:33:33.375+0600][39.045s][info][gc,heap        ] GC(133) Old regions: 12->12
[2026-04-03T01:33:33.375+0600][39.045s][info][gc,heap        ] GC(133) Humongous regions: 0->0
[2026-04-03T01:33:33.375+0600][39.045s][info][gc,metaspace   ] GC(133) Metaspace: 55033K(55936K)->55033K(55936K) NonClass: 46569K(47104K)->46569K(47104K) Class: 8464K(8832K)->8464K(8832K)
[2026-04-03T01:33:33.375+0600][39.045s][info][gc             ] GC(133) Pause Young (Normal) (G1 Evacuation Pause) 105M->19M(148M) 2.997ms
[2026-04-03T01:33:33.375+0600][39.045s][info][gc,cpu         ] GC(133) User=0.01s Sys=0.00s Real=0.00s
[2026-04-03T01:33:33.492+0600][39.162s][info][gc,start       ] GC(134) Pause Young (Normal) (G1 Evacuation Pause)
[2026-04-03T01:33:33.492+0600][39.162s][info][gc,task        ] GC(134) Using 10 workers of 10 for evacuation
[2026-04-03T01:33:33.494+0600][39.164s][info][gc,phases      ] GC(134)   Pre Evacuate Collection Set: 0.16ms
[2026-04-03T01:33:33.494+0600][39.164s][info][gc,phases      ] GC(134)   Merge Heap Roots: 0.12ms
[2026-04-03T01:33:33.494+0600][39.164s][info][gc,phases      ] GC(134)   Evacuate Collection Set: 1.18ms
[2026-04-03T01:33:33.494+0600][39.164s][info][gc,phases      ] GC(134)   Post Evacuate Collection Set: 0.54ms
[2026-04-03T01:33:33.494+0600][39.164s][info][gc,phases      ] GC(134)   Other: 0.11ms
[2026-04-03T01:33:33.494+0600][39.164s][info][gc,heap        ] GC(134) Eden regions: 43->0(52)
[2026-04-03T01:33:33.494+0600][39.164s][info][gc,heap        ] GC(134) Survivor regions: 1->1(6)
[2026-04-03T01:33:33.494+0600][39.164s][info][gc,heap        ] GC(134) Old regions: 12->12
[2026-04-03T01:33:33.494+0600][39.164s][info][gc,heap        ] GC(134) Humongous regions: 0->0
[2026-04-03T01:33:33.494+0600][39.164s][info][gc,metaspace   ] GC(134) Metaspace: 55033K(55936K)->55033K(55936K) NonClass: 46569K(47104K)->46569K(47104K) Class: 8464K(8832K)->8464K(8832K)
[2026-04-03T01:33:33.494+0600][39.164s][info][gc             ] GC(134) Pause Young (Normal) (G1 Evacuation Pause) 105M->19M(178M) 2.399ms
[2026-04-03T01:33:33.494+0600][39.164s][info][gc,cpu         ] GC(134) User=0.01s Sys=0.00s Real=0.00s
[2026-04-03T01:33:33.647+0600][39.317s][info][gc,start       ] GC(135) Pause Young (Normal) (G1 Evacuation Pause)
[2026-04-03T01:33:33.647+0600][39.317s][info][gc,task        ] GC(135) Using 10 workers of 10 for evacuation
[2026-04-03T01:33:33.649+0600][39.319s][info][gc,phases      ] GC(135)   Pre Evacuate Collection Set: 0.18ms
[2026-04-03T01:33:33.649+0600][39.319s][info][gc,phases      ] GC(135)   Merge Heap Roots: 0.13ms
[2026-04-03T01:33:33.649+0600][39.319s][info][gc,phases      ] GC(135)   Evacuate Collection Set: 1.16ms
[2026-04-03T01:33:33.649+0600][39.319s][info][gc,phases      ] GC(135)   Post Evacuate Collection Set: 0.41ms
[2026-04-03T01:33:33.649+0600][39.319s][info][gc,phases      ] GC(135)   Other: 0.09ms
[2026-04-03T01:33:33.649+0600][39.319s][info][gc,heap        ] GC(135) Eden regions: 52->0(52)
[2026-04-03T01:33:33.649+0600][39.319s][info][gc,heap        ] GC(135) Survivor regions: 1->1(7)
[2026-04-03T01:33:33.649+0600][39.319s][info][gc,heap        ] GC(135) Old regions: 12->12
[2026-04-03T01:33:33.649+0600][39.319s][info][gc,heap        ] GC(135) Humongous regions: 0->0
[2026-04-03T01:33:33.649+0600][39.319s][info][gc,metaspace   ] GC(135) Metaspace: 55033K(55936K)->55033K(55936K) NonClass: 46569K(47104K)->46569K(47104K) Class: 8464K(8832K)->8464K(8832K)
[2026-04-03T01:33:33.649+0600][39.319s][info][gc             ] GC(135) Pause Young (Normal) (G1 Evacuation Pause) 123M->19M(178M) 2.266ms
[2026-04-03T01:33:33.649+0600][39.319s][info][gc,cpu         ] GC(135) User=0.01s Sys=0.00s Real=0.00s
[2026-04-03T01:33:33.794+0600][39.464s][info][gc,start       ] GC(136) Pause Young (Normal) (G1 Evacuation Pause)
[2026-04-03T01:33:33.794+0600][39.464s][info][gc,task        ] GC(136) Using 10 workers of 10 for evacuation
[2026-04-03T01:33:33.796+0600][39.466s][info][gc,phases      ] GC(136)   Pre Evacuate Collection Set: 0.17ms
[2026-04-03T01:33:33.796+0600][39.466s][info][gc,phases      ] GC(136)   Merge Heap Roots: 0.11ms
[2026-04-03T01:33:33.796+0600][39.466s][info][gc,phases      ] GC(136)   Evacuate Collection Set: 1.34ms
[2026-04-03T01:33:33.796+0600][39.466s][info][gc,phases      ] GC(136)   Post Evacuate Collection Set: 0.37ms
[2026-04-03T01:33:33.796+0600][39.466s][info][gc,phases      ] GC(136)   Other: 0.09ms
[2026-04-03T01:33:33.796+0600][39.466s][info][gc,heap        ] GC(136) Eden regions: 52->0(52)
[2026-04-03T01:33:33.796+0600][39.466s][info][gc,heap        ] GC(136) Survivor regions: 1->1(7)
[2026-04-03T01:33:33.796+0600][39.466s][info][gc,heap        ] GC(136) Old regions: 12->12
[2026-04-03T01:33:33.796+0600][39.466s][info][gc,heap        ] GC(136) Humongous regions: 0->0
[2026-04-03T01:33:33.796+0600][39.466s][info][gc,metaspace   ] GC(136) Metaspace: 55033K(55936K)->55033K(55936K) NonClass: 46569K(47104K)->46569K(47104K) Class: 8464K(8832K)->8464K(8832K)
[2026-04-03T01:33:33.796+0600][39.466s][info][gc             ] GC(136) Pause Young (Normal) (G1 Evacuation Pause) 123M->19M(178M) 2.351ms
[2026-04-03T01:33:33.796+0600][39.466s][info][gc,cpu         ] GC(136) User=0.02s Sys=0.00s Real=0.00s
[2026-04-03T01:33:33.935+0600][39.605s][info][gc,start       ] GC(137) Pause Young (Normal) (G1 Evacuation Pause)
[2026-04-03T01:33:33.935+0600][39.605s][info][gc,task        ] GC(137) Using 10 workers of 10 for evacuation
[2026-04-03T01:33:33.938+0600][39.608s][info][gc,phases      ] GC(137)   Pre Evacuate Collection Set: 0.18ms
[2026-04-03T01:33:33.938+0600][39.608s][info][gc,phases      ] GC(137)   Merge Heap Roots: 0.11ms
[2026-04-03T01:33:33.938+0600][39.608s][info][gc,phases      ] GC(137)   Evacuate Collection Set: 1.70ms
[2026-04-03T01:33:33.938+0600][39.608s][info][gc,phases      ] GC(137)   Post Evacuate Collection Set: 0.41ms
[2026-04-03T01:33:33.938+0600][39.608s][info][gc,phases      ] GC(137)   Other: 0.09ms
[2026-04-03T01:33:33.938+0600][39.608s][info][gc,heap        ] GC(137) Eden regions: 52->0(52)
[2026-04-03T01:33:33.938+0600][39.608s][info][gc,heap        ] GC(137) Survivor regions: 1->1(7)
[2026-04-03T01:33:33.938+0600][39.608s][info][gc,heap        ] GC(137) Old regions: 12->12
[2026-04-03T01:33:33.938+0600][39.608s][info][gc,heap        ] GC(137) Humongous regions: 0->0
[2026-04-03T01:33:33.938+0600][39.608s][info][gc,metaspace   ] GC(137) Metaspace: 55033K(55936K)->55033K(55936K) NonClass: 46569K(47104K)->46569K(47104K) Class: 8464K(8832K)->8464K(8832K)
[2026-04-03T01:33:33.938+0600][39.608s][info][gc             ] GC(137) Pause Young (Normal) (G1 Evacuation Pause) 123M->19M(178M) 2.788ms
[2026-04-03T01:33:33.938+0600][39.608s][info][gc,cpu         ] GC(137) User=0.02s Sys=0.00s Real=0.00s
[2026-04-03T01:33:34.073+0600][39.743s][info][gc,start       ] GC(138) Pause Young (Normal) (G1 Evacuation Pause)
[2026-04-03T01:33:34.073+0600][39.743s][info][gc,task        ] GC(138) Using 10 workers of 10 for evacuation
[2026-04-03T01:33:34.075+0600][39.745s][info][gc,phases      ] GC(138)   Pre Evacuate Collection Set: 0.16ms
[2026-04-03T01:33:34.076+0600][39.745s][info][gc,phases      ] GC(138)   Merge Heap Roots: 0.11ms
[2026-04-03T01:33:34.076+0600][39.745s][info][gc,phases      ] GC(138)   Evacuate Collection Set: 1.18ms
[2026-04-03T01:33:34.076+0600][39.745s][info][gc,phases      ] GC(138)   Post Evacuate Collection Set: 0.55ms
[2026-04-03T01:33:34.076+0600][39.745s][info][gc,phases      ] GC(138)   Other: 0.09ms
[2026-04-03T01:33:34.076+0600][39.746s][info][gc,heap        ] GC(138) Eden regions: 52->0(63)
[2026-04-03T01:33:34.076+0600][39.746s][info][gc,heap        ] GC(138) Survivor regions: 1->1(7)
[2026-04-03T01:33:34.076+0600][39.746s][info][gc,heap        ] GC(138) Old regions: 12->12
[2026-04-03T01:33:34.076+0600][39.746s][info][gc,heap        ] GC(138) Humongous regions: 0->0
[2026-04-03T01:33:34.076+0600][39.746s][info][gc,metaspace   ] GC(138) Metaspace: 55033K(55936K)->55033K(55936K) NonClass: 46569K(47104K)->46569K(47104K) Class: 8464K(8832K)->8464K(8832K)
[2026-04-03T01:33:34.076+0600][39.746s][info][gc             ] GC(138) Pause Young (Normal) (G1 Evacuation Pause) 123M->19M(214M) 2.364ms
[2026-04-03T01:33:34.076+0600][39.746s][info][gc,cpu         ] GC(138) User=0.02s Sys=0.00s Real=0.00s
[2026-04-03T01:33:34.248+0600][39.918s][info][gc,start       ] GC(139) Pause Young (Normal) (G1 Evacuation Pause)
[2026-04-03T01:33:34.248+0600][39.918s][info][gc,task        ] GC(139) Using 10 workers of 10 for evacuation
[2026-04-03T01:33:34.250+0600][39.920s][info][gc,phases      ] GC(139)   Pre Evacuate Collection Set: 0.18ms
[2026-04-03T01:33:34.251+0600][39.920s][info][gc,phases      ] GC(139)   Merge Heap Roots: 0.11ms
[2026-04-03T01:33:34.251+0600][39.920s][info][gc,phases      ] GC(139)   Evacuate Collection Set: 1.14ms
[2026-04-03T01:33:34.251+0600][39.920s][info][gc,phases      ] GC(139)   Post Evacuate Collection Set: 0.45ms
[2026-04-03T01:33:34.251+0600][39.920s][info][gc,phases      ] GC(139)   Other: 0.09ms
[2026-04-03T01:33:34.251+0600][39.920s][info][gc,heap        ] GC(139) Eden regions: 63->0(63)
[2026-04-03T01:33:34.251+0600][39.920s][info][gc,heap        ] GC(139) Survivor regions: 1->1(8)
[2026-04-03T01:33:34.251+0600][39.920s][info][gc,heap        ] GC(139) Old regions: 12->12
[2026-04-03T01:33:34.251+0600][39.921s][info][gc,heap        ] GC(139) Humongous regions: 0->0
[2026-04-03T01:33:34.251+0600][39.921s][info][gc,metaspace   ] GC(139) Metaspace: 55034K(55936K)->55034K(55936K) NonClass: 46570K(47104K)->46570K(47104K) Class: 8464K(8832K)->8464K(8832K)
[2026-04-03T01:33:34.251+0600][39.921s][info][gc             ] GC(139) Pause Young (Normal) (G1 Evacuation Pause) 145M->19M(214M) 2.253ms
[2026-04-03T01:33:34.251+0600][39.921s][info][gc,cpu         ] GC(139) User=0.02s Sys=0.00s Real=0.01s
[2026-04-03T01:33:34.412+0600][40.082s][info][gc,start       ] GC(140) Pause Young (Normal) (G1 Evacuation Pause)
[2026-04-03T01:33:34.412+0600][40.082s][info][gc,task        ] GC(140) Using 10 workers of 10 for evacuation
[2026-04-03T01:33:34.414+0600][40.084s][info][gc,phases      ] GC(140)   Pre Evacuate Collection Set: 0.20ms
[2026-04-03T01:33:34.414+0600][40.084s][info][gc,phases      ] GC(140)   Merge Heap Roots: 0.12ms
[2026-04-03T01:33:34.414+0600][40.084s][info][gc,phases      ] GC(140)   Evacuate Collection Set: 1.27ms
[2026-04-03T01:33:34.414+0600][40.084s][info][gc,phases      ] GC(140)   Post Evacuate Collection Set: 0.47ms
[2026-04-03T01:33:34.414+0600][40.084s][info][gc,phases      ] GC(140)   Other: 0.10ms
[2026-04-03T01:33:34.414+0600][40.084s][info][gc,heap        ] GC(140) Eden regions: 63->0(63)
[2026-04-03T01:33:34.414+0600][40.084s][info][gc,heap        ] GC(140) Survivor regions: 1->1(8)
[2026-04-03T01:33:34.414+0600][40.084s][info][gc,heap        ] GC(140) Old regions: 12->12
[2026-04-03T01:33:34.414+0600][40.084s][info][gc,heap        ] GC(140) Humongous regions: 0->0
[2026-04-03T01:33:34.414+0600][40.084s][info][gc,metaspace   ] GC(140) Metaspace: 55034K(55936K)->55034K(55936K) NonClass: 46570K(47104K)->46570K(47104K) Class: 8464K(8832K)->8464K(8832K)
[2026-04-03T01:33:34.414+0600][40.084s][info][gc             ] GC(140) Pause Young (Normal) (G1 Evacuation Pause) 145M->19M(214M) 2.450ms
[2026-04-03T01:33:34.414+0600][40.084s][info][gc,cpu         ] GC(140) User=0.02s Sys=0.00s Real=0.00s
[2026-04-03T01:33:34.577+0600][40.247s][info][gc,start       ] GC(141) Pause Young (Normal) (G1 Evacuation Pause)
[2026-04-03T01:33:34.577+0600][40.247s][info][gc,task        ] GC(141) Using 10 workers of 10 for evacuation
[2026-04-03T01:33:34.579+0600][40.249s][info][gc,phases      ] GC(141)   Pre Evacuate Collection Set: 0.28ms
[2026-04-03T01:33:34.579+0600][40.249s][info][gc,phases      ] GC(141)   Merge Heap Roots: 0.12ms
[2026-04-03T01:33:34.579+0600][40.249s][info][gc,phases      ] GC(141)   Evacuate Collection Set: 1.18ms
[2026-04-03T01:33:34.579+0600][40.249s][info][gc,phases      ] GC(141)   Post Evacuate Collection Set: 0.52ms
[2026-04-03T01:33:34.579+0600][40.249s][info][gc,phases      ] GC(141)   Other: 0.11ms
[2026-04-03T01:33:34.579+0600][40.249s][info][gc,heap        ] GC(141) Eden regions: 63->0(63)
[2026-04-03T01:33:34.579+0600][40.249s][info][gc,heap        ] GC(141) Survivor regions: 1->1(8)
[2026-04-03T01:33:34.579+0600][40.249s][info][gc,heap        ] GC(141) Old regions: 12->12
[2026-04-03T01:33:34.579+0600][40.249s][info][gc,heap        ] GC(141) Humongous regions: 0->0
[2026-04-03T01:33:34.579+0600][40.249s][info][gc,metaspace   ] GC(141) Metaspace: 55034K(55936K)->55034K(55936K) NonClass: 46570K(47104K)->46570K(47104K) Class: 8464K(8832K)->8464K(8832K)
[2026-04-03T01:33:34.579+0600][40.249s][info][gc             ] GC(141) Pause Young (Normal) (G1 Evacuation Pause) 145M->19M(214M) 2.529ms
[2026-04-03T01:33:34.579+0600][40.249s][info][gc,cpu         ] GC(141) User=0.01s Sys=0.00s Real=0.00s
[2026-04-03T01:33:34.750+0600][40.420s][info][gc,start       ] GC(142) Pause Young (Normal) (G1 Evacuation Pause)
[2026-04-03T01:33:34.751+0600][40.420s][info][gc,task        ] GC(142) Using 10 workers of 10 for evacuation
[2026-04-03T01:33:34.753+0600][40.423s][info][gc,phases      ] GC(142)   Pre Evacuate Collection Set: 0.18ms
[2026-04-03T01:33:34.753+0600][40.423s][info][gc,phases      ] GC(142)   Merge Heap Roots: 0.14ms
[2026-04-03T01:33:34.753+0600][40.423s][info][gc,phases      ] GC(142)   Evacuate Collection Set: 1.37ms
[2026-04-03T01:33:34.753+0600][40.423s][info][gc,phases      ] GC(142)   Post Evacuate Collection Set: 0.57ms
[2026-04-03T01:33:34.753+0600][40.423s][info][gc,phases      ] GC(142)   Other: 0.09ms
[2026-04-03T01:33:34.753+0600][40.423s][info][gc,heap        ] GC(142) Eden regions: 63->0(76)
[2026-04-03T01:33:34.753+0600][40.423s][info][gc,heap        ] GC(142) Survivor regions: 1->1(8)
[2026-04-03T01:33:34.753+0600][40.423s][info][gc,heap        ] GC(142) Old regions: 12->13
[2026-04-03T01:33:34.753+0600][40.423s][info][gc,heap        ] GC(142) Humongous regions: 0->0
[2026-04-03T01:33:34.753+0600][40.423s][info][gc,metaspace   ] GC(142) Metaspace: 55034K(55936K)->55034K(55936K) NonClass: 46570K(47104K)->46570K(47104K) Class: 8464K(8832K)->8464K(8832K)
[2026-04-03T01:33:34.753+0600][40.423s][info][gc             ] GC(142) Pause Young (Normal) (G1 Evacuation Pause) 145M->19M(258M) 2.654ms
[2026-04-03T01:33:34.753+0600][40.423s][info][gc,cpu         ] GC(142) User=0.02s Sys=0.00s Real=0.00s
[2026-04-03T01:33:34.974+0600][40.644s][info][gc,start       ] GC(143) Pause Young (Normal) (G1 Evacuation Pause)
[2026-04-03T01:33:34.974+0600][40.644s][info][gc,task        ] GC(143) Using 10 workers of 10 for evacuation
[2026-04-03T01:33:34.976+0600][40.646s][info][gc,phases      ] GC(143)   Pre Evacuate Collection Set: 0.24ms
[2026-04-03T01:33:34.976+0600][40.646s][info][gc,phases      ] GC(143)   Merge Heap Roots: 0.14ms
[2026-04-03T01:33:34.976+0600][40.646s][info][gc,phases      ] GC(143)   Evacuate Collection Set: 0.75ms
[2026-04-03T01:33:34.976+0600][40.646s][info][gc,phases      ] GC(143)   Post Evacuate Collection Set: 0.37ms
[2026-04-03T01:33:34.976+0600][40.646s][info][gc,phases      ] GC(143)   Other: 0.09ms
[2026-04-03T01:33:34.976+0600][40.646s][info][gc,heap        ] GC(143) Eden regions: 76->0(76)
[2026-04-03T01:33:34.976+0600][40.646s][info][gc,heap        ] GC(143) Survivor regions: 1->1(10)
[2026-04-03T01:33:34.976+0600][40.646s][info][gc,heap        ] GC(143) Old regions: 13->13
[2026-04-03T01:33:34.976+0600][40.646s][info][gc,heap        ] GC(143) Humongous regions: 0->0
[2026-04-03T01:33:34.976+0600][40.646s][info][gc,metaspace   ] GC(143) Metaspace: 55034K(55936K)->55034K(55936K) NonClass: 46570K(47104K)->46570K(47104K) Class: 8464K(8832K)->8464K(8832K)
[2026-04-03T01:33:34.976+0600][40.646s][info][gc             ] GC(143) Pause Young (Normal) (G1 Evacuation Pause) 171M->19M(258M) 1.863ms
[2026-04-03T01:33:34.976+0600][40.646s][info][gc,cpu         ] GC(143) User=0.01s Sys=0.00s Real=0.00s
[2026-04-03T01:33:35.179+0600][40.849s][info][gc,start       ] GC(144) Pause Young (Normal) (G1 Evacuation Pause)
[2026-04-03T01:33:35.179+0600][40.849s][info][gc,task        ] GC(144) Using 10 workers of 10 for evacuation
[2026-04-03T01:33:35.181+0600][40.851s][info][gc,phases      ] GC(144)   Pre Evacuate Collection Set: 0.18ms
[2026-04-03T01:33:35.181+0600][40.851s][info][gc,phases      ] GC(144)   Merge Heap Roots: 0.12ms
[2026-04-03T01:33:35.181+0600][40.851s][info][gc,phases      ] GC(144)   Evacuate Collection Set: 0.85ms
[2026-04-03T01:33:35.181+0600][40.851s][info][gc,phases      ] GC(144)   Post Evacuate Collection Set: 0.60ms
[2026-04-03T01:33:35.181+0600][40.851s][info][gc,phases      ] GC(144)   Other: 0.11ms
[2026-04-03T01:33:35.181+0600][40.851s][info][gc,heap        ] GC(144) Eden regions: 76->0(76)
[2026-04-03T01:33:35.181+0600][40.851s][info][gc,heap        ] GC(144) Survivor regions: 1->1(10)
[2026-04-03T01:33:35.181+0600][40.851s][info][gc,heap        ] GC(144) Old regions: 13->13
[2026-04-03T01:33:35.181+0600][40.851s][info][gc,heap        ] GC(144) Humongous regions: 0->0
[2026-04-03T01:33:35.181+0600][40.851s][info][gc,metaspace   ] GC(144) Metaspace: 55034K(55936K)->55034K(55936K) NonClass: 46570K(47104K)->46570K(47104K) Class: 8464K(8832K)->8464K(8832K)
[2026-04-03T01:33:35.181+0600][40.851s][info][gc             ] GC(144) Pause Young (Normal) (G1 Evacuation Pause) 171M->19M(258M) 2.158ms
[2026-04-03T01:33:35.181+0600][40.851s][info][gc,cpu         ] GC(144) User=0.01s Sys=0.00s Real=0.01s
[2026-04-03T01:33:35.382+0600][41.052s][info][gc,start       ] GC(145) Pause Young (Normal) (G1 Evacuation Pause)
[2026-04-03T01:33:35.382+0600][41.052s][info][gc,task        ] GC(145) Using 10 workers of 10 for evacuation
[2026-04-03T01:33:35.384+0600][41.054s][info][gc,phases      ] GC(145)   Pre Evacuate Collection Set: 0.20ms
[2026-04-03T01:33:35.384+0600][41.054s][info][gc,phases      ] GC(145)   Merge Heap Roots: 0.13ms
[2026-04-03T01:33:35.384+0600][41.054s][info][gc,phases      ] GC(145)   Evacuate Collection Set: 0.87ms
[2026-04-03T01:33:35.384+0600][41.054s][info][gc,phases      ] GC(145)   Post Evacuate Collection Set: 0.44ms
[2026-04-03T01:33:35.384+0600][41.054s][info][gc,phases      ] GC(145)   Other: 0.09ms
[2026-04-03T01:33:35.384+0600][41.054s][info][gc,heap        ] GC(145) Eden regions: 76->0(76)
[2026-04-03T01:33:35.384+0600][41.054s][info][gc,heap        ] GC(145) Survivor regions: 1->1(10)
[2026-04-03T01:33:35.384+0600][41.054s][info][gc,heap        ] GC(145) Old regions: 13->13
[2026-04-03T01:33:35.384+0600][41.054s][info][gc,heap        ] GC(145) Humongous regions: 0->0
[2026-04-03T01:33:35.384+0600][41.054s][info][gc,metaspace   ] GC(145) Metaspace: 55034K(55936K)->55034K(55936K) NonClass: 46570K(47104K)->46570K(47104K) Class: 8464K(8832K)->8464K(8832K)
[2026-04-03T01:33:35.384+0600][41.054s][info][gc             ] GC(145) Pause Young (Normal) (G1 Evacuation Pause) 171M->19M(258M) 2.062ms
[2026-04-03T01:33:35.384+0600][41.054s][info][gc,cpu         ] GC(145) User=0.01s Sys=0.00s Real=0.00s
[2026-04-03T01:33:35.586+0600][41.256s][info][gc,start       ] GC(146) Pause Young (Normal) (G1 Evacuation Pause)
[2026-04-03T01:33:35.586+0600][41.256s][info][gc,task        ] GC(146) Using 10 workers of 10 for evacuation
[2026-04-03T01:33:35.588+0600][41.258s][info][gc,phases      ] GC(146)   Pre Evacuate Collection Set: 0.21ms
[2026-04-03T01:33:35.588+0600][41.258s][info][gc,phases      ] GC(146)   Merge Heap Roots: 0.14ms
[2026-04-03T01:33:35.588+0600][41.258s][info][gc,phases      ] GC(146)   Evacuate Collection Set: 0.90ms
[2026-04-03T01:33:35.588+0600][41.258s][info][gc,phases      ] GC(146)   Post Evacuate Collection Set: 0.49ms
[2026-04-03T01:33:35.588+0600][41.258s][info][gc,phases      ] GC(146)   Other: 0.11ms
[2026-04-03T01:33:35.588+0600][41.258s][info][gc,heap        ] GC(146) Eden regions: 76->0(76)
[2026-04-03T01:33:35.588+0600][41.258s][info][gc,heap        ] GC(146) Survivor regions: 1->1(10)
[2026-04-03T01:33:35.588+0600][41.258s][info][gc,heap        ] GC(146) Old regions: 13->13
[2026-04-03T01:33:35.588+0600][41.258s][info][gc,heap        ] GC(146) Humongous regions: 0->0
[2026-04-03T01:33:35.588+0600][41.258s][info][gc,metaspace   ] GC(146) Metaspace: 55034K(55936K)->55034K(55936K) NonClass: 46570K(47104K)->46570K(47104K) Class: 8464K(8832K)->8464K(8832K)
[2026-04-03T01:33:35.589+0600][41.258s][info][gc             ] GC(146) Pause Young (Normal) (G1 Evacuation Pause) 171M->19M(258M) 2.204ms
[2026-04-03T01:33:35.589+0600][41.258s][info][gc,cpu         ] GC(146) User=0.01s Sys=0.00s Real=0.00s
[2026-04-03T01:33:35.787+0600][41.457s][info][gc,start       ] GC(147) Pause Young (Normal) (G1 Evacuation Pause)
[2026-04-03T01:33:35.787+0600][41.457s][info][gc,task        ] GC(147) Using 10 workers of 10 for evacuation
[2026-04-03T01:33:35.789+0600][41.459s][info][gc,phases      ] GC(147)   Pre Evacuate Collection Set: 0.22ms
[2026-04-03T01:33:35.789+0600][41.459s][info][gc,phases      ] GC(147)   Merge Heap Roots: 0.14ms
[2026-04-03T01:33:35.789+0600][41.459s][info][gc,phases      ] GC(147)   Evacuate Collection Set: 0.82ms
[2026-04-03T01:33:35.789+0600][41.459s][info][gc,phases      ] GC(147)   Post Evacuate Collection Set: 0.44ms
[2026-04-03T01:33:35.789+0600][41.459s][info][gc,phases      ] GC(147)   Other: 0.11ms
[2026-04-03T01:33:35.789+0600][41.459s][info][gc,heap        ] GC(147) Eden regions: 76->0(76)
[2026-04-03T01:33:35.789+0600][41.459s][info][gc,heap        ] GC(147) Survivor regions: 1->1(10)
[2026-04-03T01:33:35.789+0600][41.459s][info][gc,heap        ] GC(147) Old regions: 13->13
[2026-04-03T01:33:35.789+0600][41.459s][info][gc,heap        ] GC(147) Humongous regions: 0->0
[2026-04-03T01:33:35.789+0600][41.459s][info][gc,metaspace   ] GC(147) Metaspace: 55034K(55936K)->55034K(55936K) NonClass: 46570K(47104K)->46570K(47104K) Class: 8464K(8832K)->8464K(8832K)
[2026-04-03T01:33:35.789+0600][41.459s][info][gc             ] GC(147) Pause Young (Normal) (G1 Evacuation Pause) 171M->19M(258M) 2.074ms
[2026-04-03T01:33:35.789+0600][41.459s][info][gc,cpu         ] GC(147) User=0.01s Sys=0.00s Real=0.00s
[2026-04-03T01:33:35.992+0600][41.662s][info][gc,start       ] GC(148) Pause Young (Normal) (G1 Evacuation Pause)
[2026-04-03T01:33:35.992+0600][41.662s][info][gc,task        ] GC(148) Using 10 workers of 10 for evacuation
[2026-04-03T01:33:35.994+0600][41.664s][info][gc,phases      ] GC(148)   Pre Evacuate Collection Set: 0.19ms
[2026-04-03T01:33:35.994+0600][41.664s][info][gc,phases      ] GC(148)   Merge Heap Roots: 0.16ms
[2026-04-03T01:33:35.994+0600][41.664s][info][gc,phases      ] GC(148)   Evacuate Collection Set: 0.81ms
[2026-04-03T01:33:35.994+0600][41.664s][info][gc,phases      ] GC(148)   Post Evacuate Collection Set: 0.50ms
[2026-04-03T01:33:35.994+0600][41.664s][info][gc,phases      ] GC(148)   Other: 0.12ms
[2026-04-03T01:33:35.994+0600][41.664s][info][gc,heap        ] GC(148) Eden regions: 76->0(76)
[2026-04-03T01:33:35.994+0600][41.664s][info][gc,heap        ] GC(148) Survivor regions: 1->1(10)
[2026-04-03T01:33:35.994+0600][41.664s][info][gc,heap        ] GC(148) Old regions: 13->13
[2026-04-03T01:33:35.994+0600][41.664s][info][gc,heap        ] GC(148) Humongous regions: 0->0
[2026-04-03T01:33:35.994+0600][41.664s][info][gc,metaspace   ] GC(148) Metaspace: 55035K(55936K)->55035K(55936K) NonClass: 46571K(47104K)->46571K(47104K) Class: 8464K(8832K)->8464K(8832K)
[2026-04-03T01:33:35.994+0600][41.664s][info][gc             ] GC(148) Pause Young (Normal) (G1 Evacuation Pause) 171M->19M(258M) 2.163ms
[2026-04-03T01:33:35.994+0600][41.664s][info][gc,cpu         ] GC(148) User=0.01s Sys=0.01s Real=0.00s
[2026-04-03T01:33:36.201+0600][41.871s][info][gc,start       ] GC(149) Pause Young (Normal) (G1 Evacuation Pause)
[2026-04-03T01:33:36.201+0600][41.871s][info][gc,task        ] GC(149) Using 10 workers of 10 for evacuation
[2026-04-03T01:33:36.202+0600][41.872s][info][gc,phases      ] GC(149)   Pre Evacuate Collection Set: 0.21ms
[2026-04-03T01:33:36.203+0600][41.872s][info][gc,phases      ] GC(149)   Merge Heap Roots: 0.15ms
[2026-04-03T01:33:36.203+0600][41.873s][info][gc,phases      ] GC(149)   Evacuate Collection Set: 0.88ms
[2026-04-03T01:33:36.203+0600][41.873s][info][gc,phases      ] GC(149)   Post Evacuate Collection Set: 0.39ms
[2026-04-03T01:33:36.203+0600][41.873s][info][gc,phases      ] GC(149)   Other: 0.09ms
[2026-04-03T01:33:36.203+0600][41.873s][info][gc,heap        ] GC(149) Eden regions: 76->0(76)
[2026-04-03T01:33:36.203+0600][41.873s][info][gc,heap        ] GC(149) Survivor regions: 1->1(10)
[2026-04-03T01:33:36.203+0600][41.873s][info][gc,heap        ] GC(149) Old regions: 13->13
[2026-04-03T01:33:36.203+0600][41.873s][info][gc,heap        ] GC(149) Humongous regions: 0->0
[2026-04-03T01:33:36.203+0600][41.873s][info][gc,metaspace   ] GC(149) Metaspace: 55036K(55936K)->55036K(55936K) NonClass: 46571K(47104K)->46571K(47104K) Class: 8464K(8832K)->8464K(8832K)
[2026-04-03T01:33:36.203+0600][41.873s][info][gc             ] GC(149) Pause Young (Normal) (G1 Evacuation Pause) 171M->19M(258M) 2.126ms
[2026-04-03T01:33:36.203+0600][41.873s][info][gc,cpu         ] GC(149) User=0.01s Sys=0.00s Real=0.00s
[2026-04-03T01:33:36.398+0600][42.068s][info][gc,start       ] GC(150) Pause Young (Normal) (G1 Evacuation Pause)
[2026-04-03T01:33:36.398+0600][42.068s][info][gc,task        ] GC(150) Using 10 workers of 10 for evacuation
[2026-04-03T01:33:36.400+0600][42.070s][info][gc,phases      ] GC(150)   Pre Evacuate Collection Set: 0.21ms
[2026-04-03T01:33:36.400+0600][42.070s][info][gc,phases      ] GC(150)   Merge Heap Roots: 0.13ms
[2026-04-03T01:33:36.400+0600][42.070s][info][gc,phases      ] GC(150)   Evacuate Collection Set: 0.83ms
[2026-04-03T01:33:36.400+0600][42.070s][info][gc,phases      ] GC(150)   Post Evacuate Collection Set: 0.58ms
[2026-04-03T01:33:36.400+0600][42.070s][info][gc,phases      ] GC(150)   Other: 0.12ms
[2026-04-03T01:33:36.400+0600][42.070s][info][gc,heap        ] GC(150) Eden regions: 76->0(76)
[2026-04-03T01:33:36.400+0600][42.070s][info][gc,heap        ] GC(150) Survivor regions: 1->1(10)
[2026-04-03T01:33:36.400+0600][42.070s][info][gc,heap        ] GC(150) Old regions: 13->13
[2026-04-03T01:33:36.400+0600][42.070s][info][gc,heap        ] GC(150) Humongous regions: 0->0
[2026-04-03T01:33:36.400+0600][42.070s][info][gc,metaspace   ] GC(150) Metaspace: 55036K(55936K)->55036K(55936K) NonClass: 46571K(47104K)->46571K(47104K) Class: 8464K(8832K)->8464K(8832K)
[2026-04-03T01:33:36.400+0600][42.070s][info][gc             ] GC(150) Pause Young (Normal) (G1 Evacuation Pause) 171M->19M(258M) 2.265ms
[2026-04-03T01:33:36.400+0600][42.070s][info][gc,cpu         ] GC(150) User=0.01s Sys=0.00s Real=0.01s
[2026-04-03T01:33:36.607+0600][42.277s][info][gc,start       ] GC(151) Pause Young (Normal) (G1 Evacuation Pause)
[2026-04-03T01:33:36.607+0600][42.277s][info][gc,task        ] GC(151) Using 10 workers of 10 for evacuation
[2026-04-03T01:33:36.609+0600][42.279s][info][gc,phases      ] GC(151)   Pre Evacuate Collection Set: 0.20ms
[2026-04-03T01:33:36.609+0600][42.279s][info][gc,phases      ] GC(151)   Merge Heap Roots: 0.14ms
[2026-04-03T01:33:36.609+0600][42.279s][info][gc,phases      ] GC(151)   Evacuate Collection Set: 0.84ms
[2026-04-03T01:33:36.609+0600][42.279s][info][gc,phases      ] GC(151)   Post Evacuate Collection Set: 0.34ms
[2026-04-03T01:33:36.609+0600][42.279s][info][gc,phases      ] GC(151)   Other: 0.09ms
[2026-04-03T01:33:36.609+0600][42.279s][info][gc,heap        ] GC(151) Eden regions: 76->0(76)
[2026-04-03T01:33:36.609+0600][42.279s][info][gc,heap        ] GC(151) Survivor regions: 1->1(10)
[2026-04-03T01:33:36.609+0600][42.279s][info][gc,heap        ] GC(151) Old regions: 13->13
[2026-04-03T01:33:36.609+0600][42.279s][info][gc,heap        ] GC(151) Humongous regions: 0->0
[2026-04-03T01:33:36.609+0600][42.279s][info][gc,metaspace   ] GC(151) Metaspace: 55036K(55936K)->55036K(55936K) NonClass: 46571K(47104K)->46571K(47104K) Class: 8464K(8832K)->8464K(8832K)
[2026-04-03T01:33:36.609+0600][42.279s][info][gc             ] GC(151) Pause Young (Normal) (G1 Evacuation Pause) 171M->19M(258M) 1.922ms
[2026-04-03T01:33:36.609+0600][42.279s][info][gc,cpu         ] GC(151) User=0.02s Sys=0.00s Real=0.00s
[2026-04-03T01:33:36.817+0600][42.487s][info][gc,start       ] GC(152) Pause Young (Normal) (G1 Evacuation Pause)
[2026-04-03T01:33:36.817+0600][42.487s][info][gc,task        ] GC(152) Using 10 workers of 10 for evacuation
[2026-04-03T01:33:36.819+0600][42.489s][info][gc,phases      ] GC(152)   Pre Evacuate Collection Set: 0.18ms
[2026-04-03T01:33:36.819+0600][42.489s][info][gc,phases      ] GC(152)   Merge Heap Roots: 0.11ms
[2026-04-03T01:33:36.819+0600][42.489s][info][gc,phases      ] GC(152)   Evacuate Collection Set: 0.83ms
[2026-04-03T01:33:36.819+0600][42.489s][info][gc,phases      ] GC(152)   Post Evacuate Collection Set: 0.35ms
[2026-04-03T01:33:36.819+0600][42.489s][info][gc,phases      ] GC(152)   Other: 0.09ms
[2026-04-03T01:33:36.819+0600][42.489s][info][gc,heap        ] GC(152) Eden regions: 76->0(76)
[2026-04-03T01:33:36.819+0600][42.489s][info][gc,heap        ] GC(152) Survivor regions: 1->1(10)
[2026-04-03T01:33:36.819+0600][42.489s][info][gc,heap        ] GC(152) Old regions: 13->13
[2026-04-03T01:33:36.819+0600][42.489s][info][gc,heap        ] GC(152) Humongous regions: 0->0
[2026-04-03T01:33:36.819+0600][42.489s][info][gc,metaspace   ] GC(152) Metaspace: 55036K(55936K)->55036K(55936K) NonClass: 46571K(47104K)->46571K(47104K) Class: 8464K(8832K)->8464K(8832K)
[2026-04-03T01:33:36.819+0600][42.489s][info][gc             ] GC(152) Pause Young (Normal) (G1 Evacuation Pause) 171M->19M(258M) 1.841ms
[2026-04-03T01:33:36.819+0600][42.489s][info][gc,cpu         ] GC(152) User=0.01s Sys=0.00s Real=0.00s
[2026-04-03T01:33:37.020+0600][42.690s][info][gc,start       ] GC(153) Pause Young (Normal) (G1 Evacuation Pause)
[2026-04-03T01:33:37.020+0600][42.690s][info][gc,task        ] GC(153) Using 10 workers of 10 for evacuation
[2026-04-03T01:33:37.022+0600][42.692s][info][gc,phases      ] GC(153)   Pre Evacuate Collection Set: 0.16ms
[2026-04-03T01:33:37.022+0600][42.692s][info][gc,phases      ] GC(153)   Merge Heap Roots: 0.11ms
[2026-04-03T01:33:37.022+0600][42.692s][info][gc,phases      ] GC(153)   Evacuate Collection Set: 0.90ms
[2026-04-03T01:33:37.022+0600][42.692s][info][gc,phases      ] GC(153)   Post Evacuate Collection Set: 0.37ms
[2026-04-03T01:33:37.022+0600][42.692s][info][gc,phases      ] GC(153)   Other: 0.09ms
[2026-04-03T01:33:37.022+0600][42.692s][info][gc,heap        ] GC(153) Eden regions: 76->0(76)
[2026-04-03T01:33:37.022+0600][42.692s][info][gc,heap        ] GC(153) Survivor regions: 1->1(10)
[2026-04-03T01:33:37.022+0600][42.692s][info][gc,heap        ] GC(153) Old regions: 13->13
[2026-04-03T01:33:37.022+0600][42.692s][info][gc,heap        ] GC(153) Humongous regions: 0->0
[2026-04-03T01:33:37.022+0600][42.692s][info][gc,metaspace   ] GC(153) Metaspace: 55036K(55936K)->55036K(55936K) NonClass: 46571K(47104K)->46571K(47104K) Class: 8464K(8832K)->8464K(8832K)
[2026-04-03T01:33:37.022+0600][42.692s][info][gc             ] GC(153) Pause Young (Normal) (G1 Evacuation Pause) 171M->19M(258M) 1.927ms
[2026-04-03T01:33:37.022+0600][42.692s][info][gc,cpu         ] GC(153) User=0.01s Sys=0.00s Real=0.00s
[2026-04-03T01:33:37.217+0600][42.887s][info][gc,start       ] GC(154) Pause Young (Normal) (G1 Evacuation Pause)
[2026-04-03T01:33:37.218+0600][42.887s][info][gc,task        ] GC(154) Using 10 workers of 10 for evacuation
[2026-04-03T01:33:37.219+0600][42.889s][info][gc,phases      ] GC(154)   Pre Evacuate Collection Set: 0.18ms
[2026-04-03T01:33:37.219+0600][42.889s][info][gc,phases      ] GC(154)   Merge Heap Roots: 0.14ms
[2026-04-03T01:33:37.219+0600][42.889s][info][gc,phases      ] GC(154)   Evacuate Collection Set: 0.91ms
[2026-04-03T01:33:37.219+0600][42.889s][info][gc,phases      ] GC(154)   Post Evacuate Collection Set: 0.41ms
[2026-04-03T01:33:37.219+0600][42.889s][info][gc,phases      ] GC(154)   Other: 0.10ms
[2026-04-03T01:33:37.219+0600][42.889s][info][gc,heap        ] GC(154) Eden regions: 76->0(76)
[2026-04-03T01:33:37.219+0600][42.889s][info][gc,heap        ] GC(154) Survivor regions: 1->1(10)
[2026-04-03T01:33:37.219+0600][42.889s][info][gc,heap        ] GC(154) Old regions: 13->13
[2026-04-03T01:33:37.219+0600][42.889s][info][gc,heap        ] GC(154) Humongous regions: 0->0
[2026-04-03T01:33:37.219+0600][42.889s][info][gc,metaspace   ] GC(154) Metaspace: 55036K(55936K)->55036K(55936K) NonClass: 46571K(47104K)->46571K(47104K) Class: 8464K(8832K)->8464K(8832K)
[2026-04-03T01:33:37.219+0600][42.889s][info][gc             ] GC(154) Pause Young (Normal) (G1 Evacuation Pause) 171M->19M(258M) 2.070ms
[2026-04-03T01:33:37.220+0600][42.889s][info][gc,cpu         ] GC(154) User=0.02s Sys=0.00s Real=0.00s
[2026-04-03T01:33:37.417+0600][43.087s][info][gc,start       ] GC(155) Pause Young (Normal) (G1 Evacuation Pause)
[2026-04-03T01:33:37.417+0600][43.087s][info][gc,task        ] GC(155) Using 10 workers of 10 for evacuation
[2026-04-03T01:33:37.419+0600][43.088s][info][gc,phases      ] GC(155)   Pre Evacuate Collection Set: 0.20ms
[2026-04-03T01:33:37.419+0600][43.089s][info][gc,phases      ] GC(155)   Merge Heap Roots: 0.12ms
[2026-04-03T01:33:37.419+0600][43.089s][info][gc,phases      ] GC(155)   Evacuate Collection Set: 0.77ms
[2026-04-03T01:33:37.419+0600][43.089s][info][gc,phases      ] GC(155)   Post Evacuate Collection Set: 0.46ms
[2026-04-03T01:33:37.419+0600][43.089s][info][gc,phases      ] GC(155)   Other: 0.11ms
[2026-04-03T01:33:37.419+0600][43.089s][info][gc,heap        ] GC(155) Eden regions: 76->0(76)
[2026-04-03T01:33:37.419+0600][43.089s][info][gc,heap        ] GC(155) Survivor regions: 1->1(10)
[2026-04-03T01:33:37.419+0600][43.089s][info][gc,heap        ] GC(155) Old regions: 13->13
[2026-04-03T01:33:37.419+0600][43.089s][info][gc,heap        ] GC(155) Humongous regions: 0->0
[2026-04-03T01:33:37.419+0600][43.089s][info][gc,metaspace   ] GC(155) Metaspace: 55036K(55936K)->55036K(55936K) NonClass: 46571K(47104K)->46571K(47104K) Class: 8464K(8832K)->8464K(8832K)
[2026-04-03T01:33:37.419+0600][43.089s][info][gc             ] GC(155) Pause Young (Normal) (G1 Evacuation Pause) 171M->19M(258M) 2.076ms
[2026-04-03T01:33:37.419+0600][43.089s][info][gc,cpu         ] GC(155) User=0.01s Sys=0.00s Real=0.00s
[2026-04-03T01:33:37.622+0600][43.292s][info][gc,start       ] GC(156) Pause Young (Normal) (G1 Evacuation Pause)
[2026-04-03T01:33:37.622+0600][43.292s][info][gc,task        ] GC(156) Using 10 workers of 10 for evacuation
[2026-04-03T01:33:37.624+0600][43.294s][info][gc,phases      ] GC(156)   Pre Evacuate Collection Set: 0.19ms
[2026-04-03T01:33:37.624+0600][43.294s][info][gc,phases      ] GC(156)   Merge Heap Roots: 0.11ms
[2026-04-03T01:33:37.624+0600][43.294s][info][gc,phases      ] GC(156)   Evacuate Collection Set: 0.79ms
[2026-04-03T01:33:37.624+0600][43.294s][info][gc,phases      ] GC(156)   Post Evacuate Collection Set: 0.36ms
[2026-04-03T01:33:37.624+0600][43.294s][info][gc,phases      ] GC(156)   Other: 0.10ms
[2026-04-03T01:33:37.624+0600][43.294s][info][gc,heap        ] GC(156) Eden regions: 76->0(76)
[2026-04-03T01:33:37.624+0600][43.294s][info][gc,heap        ] GC(156) Survivor regions: 1->1(10)
[2026-04-03T01:33:37.624+0600][43.294s][info][gc,heap        ] GC(156) Old regions: 13->13
[2026-04-03T01:33:37.624+0600][43.294s][info][gc,heap        ] GC(156) Humongous regions: 0->0
[2026-04-03T01:33:37.624+0600][43.294s][info][gc,metaspace   ] GC(156) Metaspace: 55043K(55936K)->55043K(55936K) NonClass: 46579K(47104K)->46579K(47104K) Class: 8464K(8832K)->8464K(8832K)
[2026-04-03T01:33:37.624+0600][43.294s][info][gc             ] GC(156) Pause Young (Normal) (G1 Evacuation Pause) 171M->19M(258M) 1.821ms
[2026-04-03T01:33:37.624+0600][43.294s][info][gc,cpu         ] GC(156) User=0.01s Sys=0.01s Real=0.00s
[2026-04-03T01:33:37.821+0600][43.491s][info][gc,start       ] GC(157) Pause Young (Normal) (G1 Evacuation Pause)
[2026-04-03T01:33:37.821+0600][43.491s][info][gc,task        ] GC(157) Using 10 workers of 10 for evacuation
[2026-04-03T01:33:37.822+0600][43.492s][info][gc,phases      ] GC(157)   Pre Evacuate Collection Set: 0.17ms
[2026-04-03T01:33:37.822+0600][43.492s][info][gc,phases      ] GC(157)   Merge Heap Roots: 0.13ms
[2026-04-03T01:33:37.822+0600][43.492s][info][gc,phases      ] GC(157)   Evacuate Collection Set: 0.78ms
[2026-04-03T01:33:37.822+0600][43.492s][info][gc,phases      ] GC(157)   Post Evacuate Collection Set: 0.32ms
[2026-04-03T01:33:37.822+0600][43.492s][info][gc,phases      ] GC(157)   Other: 0.09ms
[2026-04-03T01:33:37.822+0600][43.492s][info][gc,heap        ] GC(157) Eden regions: 76->0(76)
[2026-04-03T01:33:37.822+0600][43.492s][info][gc,heap        ] GC(157) Survivor regions: 1->1(10)
[2026-04-03T01:33:37.822+0600][43.492s][info][gc,heap        ] GC(157) Old regions: 13->13
[2026-04-03T01:33:37.822+0600][43.492s][info][gc,heap        ] GC(157) Humongous regions: 0->0
[2026-04-03T01:33:37.822+0600][43.492s][info][gc,metaspace   ] GC(157) Metaspace: 55043K(55936K)->55043K(55936K) NonClass: 46579K(47104K)->46579K(47104K) Class: 8464K(8832K)->8464K(8832K)
[2026-04-03T01:33:37.822+0600][43.492s][info][gc             ] GC(157) Pause Young (Normal) (G1 Evacuation Pause) 171M->19M(258M) 1.747ms
[2026-04-03T01:33:37.823+0600][43.492s][info][gc,cpu         ] GC(157) User=0.02s Sys=0.00s Real=0.00s
[2026-04-03T01:33:38.022+0600][43.691s][info][gc,start       ] GC(158) Pause Young (Normal) (G1 Evacuation Pause)
[2026-04-03T01:33:38.022+0600][43.692s][info][gc,task        ] GC(158) Using 10 workers of 10 for evacuation
[2026-04-03T01:33:38.023+0600][43.693s][info][gc,phases      ] GC(158)   Pre Evacuate Collection Set: 0.19ms
[2026-04-03T01:33:38.023+0600][43.693s][info][gc,phases      ] GC(158)   Merge Heap Roots: 0.12ms
[2026-04-03T01:33:38.023+0600][43.693s][info][gc,phases      ] GC(158)   Evacuate Collection Set: 0.78ms
[2026-04-03T01:33:38.023+0600][43.693s][info][gc,phases      ] GC(158)   Post Evacuate Collection Set: 0.35ms
[2026-04-03T01:33:38.023+0600][43.693s][info][gc,phases      ] GC(158)   Other: 0.12ms
[2026-04-03T01:33:38.023+0600][43.693s][info][gc,heap        ] GC(158) Eden regions: 76->0(76)
[2026-04-03T01:33:38.023+0600][43.693s][info][gc,heap        ] GC(158) Survivor regions: 1->1(10)
[2026-04-03T01:33:38.023+0600][43.693s][info][gc,heap        ] GC(158) Old regions: 13->13
[2026-04-03T01:33:38.023+0600][43.693s][info][gc,heap        ] GC(158) Humongous regions: 0->0
[2026-04-03T01:33:38.023+0600][43.693s][info][gc,metaspace   ] GC(158) Metaspace: 55043K(55936K)->55043K(55936K) NonClass: 46579K(47104K)->46579K(47104K) Class: 8464K(8832K)->8464K(8832K)
[2026-04-03T01:33:38.023+0600][43.693s][info][gc             ] GC(158) Pause Young (Normal) (G1 Evacuation Pause) 171M->19M(258M) 1.858ms
[2026-04-03T01:33:38.023+0600][43.693s][info][gc,cpu         ] GC(158) User=0.01s Sys=0.00s Real=0.00s
[2026-04-03T01:33:38.222+0600][43.892s][info][gc,start       ] GC(159) Pause Young (Normal) (G1 Evacuation Pause)
[2026-04-03T01:33:38.222+0600][43.892s][info][gc,task        ] GC(159) Using 10 workers of 10 for evacuation
[2026-04-03T01:33:38.224+0600][43.894s][info][gc,phases      ] GC(159)   Pre Evacuate Collection Set: 0.21ms
[2026-04-03T01:33:38.224+0600][43.894s][info][gc,phases      ] GC(159)   Merge Heap Roots: 0.13ms
[2026-04-03T01:33:38.224+0600][43.894s][info][gc,phases      ] GC(159)   Evacuate Collection Set: 0.84ms
[2026-04-03T01:33:38.224+0600][43.894s][info][gc,phases      ] GC(159)   Post Evacuate Collection Set: 0.52ms
[2026-04-03T01:33:38.224+0600][43.894s][info][gc,phases      ] GC(159)   Other: 0.10ms
[2026-04-03T01:33:38.224+0600][43.894s][info][gc,heap        ] GC(159) Eden regions: 76->0(76)
[2026-04-03T01:33:38.224+0600][43.894s][info][gc,heap        ] GC(159) Survivor regions: 1->1(10)
[2026-04-03T01:33:38.224+0600][43.894s][info][gc,heap        ] GC(159) Old regions: 13->13
[2026-04-03T01:33:38.224+0600][43.894s][info][gc,heap        ] GC(159) Humongous regions: 0->0
[2026-04-03T01:33:38.224+0600][43.894s][info][gc,metaspace   ] GC(159) Metaspace: 55043K(55936K)->55043K(55936K) NonClass: 46579K(47104K)->46579K(47104K) Class: 8464K(8832K)->8464K(8832K)
[2026-04-03T01:33:38.224+0600][43.894s][info][gc             ] GC(159) Pause Young (Normal) (G1 Evacuation Pause) 171M->19M(258M) 2.143ms
[2026-04-03T01:33:38.224+0600][43.894s][info][gc,cpu         ] GC(159) User=0.01s Sys=0.00s Real=0.00s
[2026-04-03T01:33:38.438+0600][44.108s][info][gc,start       ] GC(160) Pause Young (Normal) (G1 Evacuation Pause)
[2026-04-03T01:33:38.438+0600][44.108s][info][gc,task        ] GC(160) Using 10 workers of 10 for evacuation
[2026-04-03T01:33:38.440+0600][44.110s][info][gc,phases      ] GC(160)   Pre Evacuate Collection Set: 0.22ms
[2026-04-03T01:33:38.440+0600][44.110s][info][gc,phases      ] GC(160)   Merge Heap Roots: 0.11ms
[2026-04-03T01:33:38.440+0600][44.110s][info][gc,phases      ] GC(160)   Evacuate Collection Set: 0.92ms
[2026-04-03T01:33:38.440+0600][44.110s][info][gc,phases      ] GC(160)   Post Evacuate Collection Set: 0.39ms
[2026-04-03T01:33:38.440+0600][44.110s][info][gc,phases      ] GC(160)   Other: 0.18ms
[2026-04-03T01:33:38.440+0600][44.110s][info][gc,heap        ] GC(160) Eden regions: 76->0(76)
[2026-04-03T01:33:38.440+0600][44.110s][info][gc,heap        ] GC(160) Survivor regions: 1->1(10)
[2026-04-03T01:33:38.440+0600][44.110s][info][gc,heap        ] GC(160) Old regions: 13->13
[2026-04-03T01:33:38.440+0600][44.110s][info][gc,heap        ] GC(160) Humongous regions: 0->0
[2026-04-03T01:33:38.440+0600][44.110s][info][gc,metaspace   ] GC(160) Metaspace: 55043K(55936K)->55043K(55936K) NonClass: 46579K(47104K)->46579K(47104K) Class: 8464K(8832K)->8464K(8832K)
[2026-04-03T01:33:38.440+0600][44.110s][info][gc             ] GC(160) Pause Young (Normal) (G1 Evacuation Pause) 171M->19M(258M) 2.206ms
[2026-04-03T01:33:38.440+0600][44.110s][info][gc,cpu         ] GC(160) User=0.01s Sys=0.00s Real=0.01s
[2026-04-03T01:33:38.643+0600][44.313s][info][gc,start       ] GC(161) Pause Young (Normal) (G1 Evacuation Pause)
[2026-04-03T01:33:38.643+0600][44.313s][info][gc,task        ] GC(161) Using 10 workers of 10 for evacuation
[2026-04-03T01:33:38.645+0600][44.315s][info][gc,phases      ] GC(161)   Pre Evacuate Collection Set: 0.19ms
[2026-04-03T01:33:38.645+0600][44.315s][info][gc,phases      ] GC(161)   Merge Heap Roots: 0.12ms
[2026-04-03T01:33:38.645+0600][44.315s][info][gc,phases      ] GC(161)   Evacuate Collection Set: 0.79ms
[2026-04-03T01:33:38.645+0600][44.315s][info][gc,phases      ] GC(161)   Post Evacuate Collection Set: 0.34ms
[2026-04-03T01:33:38.645+0600][44.315s][info][gc,phases      ] GC(161)   Other: 0.09ms
[2026-04-03T01:33:38.645+0600][44.315s][info][gc,heap        ] GC(161) Eden regions: 76->0(76)
[2026-04-03T01:33:38.645+0600][44.315s][info][gc,heap        ] GC(161) Survivor regions: 1->1(10)
[2026-04-03T01:33:38.645+0600][44.315s][info][gc,heap        ] GC(161) Old regions: 13->13
[2026-04-03T01:33:38.645+0600][44.315s][info][gc,heap        ] GC(161) Humongous regions: 0->0
[2026-04-03T01:33:38.645+0600][44.315s][info][gc,metaspace   ] GC(161) Metaspace: 55043K(55936K)->55043K(55936K) NonClass: 46579K(47104K)->46579K(47104K) Class: 8464K(8832K)->8464K(8832K)
[2026-04-03T01:33:38.645+0600][44.315s][info][gc             ] GC(161) Pause Young (Normal) (G1 Evacuation Pause) 171M->19M(258M) 1.850ms
[2026-04-03T01:33:38.645+0600][44.315s][info][gc,cpu         ] GC(161) User=0.01s Sys=0.00s Real=0.00s
[2026-04-03T01:33:38.844+0600][44.514s][info][gc,start       ] GC(162) Pause Young (Normal) (G1 Evacuation Pause)
[2026-04-03T01:33:38.844+0600][44.514s][info][gc,task        ] GC(162) Using 10 workers of 10 for evacuation
[2026-04-03T01:33:38.846+0600][44.516s][info][gc,phases      ] GC(162)   Pre Evacuate Collection Set: 0.20ms
[2026-04-03T01:33:38.846+0600][44.516s][info][gc,phases      ] GC(162)   Merge Heap Roots: 0.13ms
[2026-04-03T01:33:38.846+0600][44.516s][info][gc,phases      ] GC(162)   Evacuate Collection Set: 0.78ms
[2026-04-03T01:33:38.846+0600][44.516s][info][gc,phases      ] GC(162)   Post Evacuate Collection Set: 0.39ms
[2026-04-03T01:33:38.846+0600][44.516s][info][gc,phases      ] GC(162)   Other: 0.13ms
[2026-04-03T01:33:38.846+0600][44.516s][info][gc,heap        ] GC(162) Eden regions: 76->0(76)
[2026-04-03T01:33:38.846+0600][44.516s][info][gc,heap        ] GC(162) Survivor regions: 1->1(10)
[2026-04-03T01:33:38.846+0600][44.516s][info][gc,heap        ] GC(162) Old regions: 13->13
[2026-04-03T01:33:38.846+0600][44.516s][info][gc,heap        ] GC(162) Humongous regions: 0->0
[2026-04-03T01:33:38.846+0600][44.516s][info][gc,metaspace   ] GC(162) Metaspace: 55044K(55936K)->55044K(55936K) NonClass: 46579K(47104K)->46579K(47104K) Class: 8464K(8832K)->8464K(8832K)
[2026-04-03T01:33:38.846+0600][44.516s][info][gc             ] GC(162) Pause Young (Normal) (G1 Evacuation Pause) 171M->19M(258M) 1.924ms
[2026-04-03T01:33:38.846+0600][44.516s][info][gc,cpu         ] GC(162) User=0.02s Sys=0.00s Real=0.00s
[2026-04-03T01:33:39.046+0600][44.716s][info][gc,start       ] GC(163) Pause Young (Normal) (G1 Evacuation Pause)
[2026-04-03T01:33:39.053+0600][44.723s][info][gc,task        ] GC(163) Using 10 workers of 10 for evacuation
[2026-04-03T01:33:39.056+0600][44.725s][info][gc,phases      ] GC(163)   Pre Evacuate Collection Set: 0.38ms
[2026-04-03T01:33:39.056+0600][44.725s][info][gc,phases      ] GC(163)   Merge Heap Roots: 0.30ms
[2026-04-03T01:33:39.056+0600][44.725s][info][gc,phases      ] GC(163)   Evacuate Collection Set: 1.15ms
[2026-04-03T01:33:39.056+0600][44.725s][info][gc,phases      ] GC(163)   Post Evacuate Collection Set: 0.50ms
[2026-04-03T01:33:39.056+0600][44.726s][info][gc,phases      ] GC(163)   Other: 0.15ms
[2026-04-03T01:33:39.056+0600][44.726s][info][gc,heap        ] GC(163) Eden regions: 76->0(76)
[2026-04-03T01:33:39.056+0600][44.726s][info][gc,heap        ] GC(163) Survivor regions: 1->1(10)
[2026-04-03T01:33:39.056+0600][44.726s][info][gc,heap        ] GC(163) Old regions: 13->13
[2026-04-03T01:33:39.056+0600][44.726s][info][gc,heap        ] GC(163) Humongous regions: 0->0
[2026-04-03T01:33:39.056+0600][44.726s][info][gc,metaspace   ] GC(163) Metaspace: 55044K(55936K)->55044K(55936K) NonClass: 46579K(47104K)->46579K(47104K) Class: 8464K(8832K)->8464K(8832K)
[2026-04-03T01:33:39.056+0600][44.726s][info][gc             ] GC(163) Pause Young (Normal) (G1 Evacuation Pause) 171M->19M(258M) 9.962ms
[2026-04-03T01:33:39.056+0600][44.726s][info][gc,cpu         ] GC(163) User=0.02s Sys=0.00s Real=0.01s
[2026-04-03T01:33:39.250+0600][44.920s][info][gc,start       ] GC(164) Pause Young (Normal) (G1 Evacuation Pause)
[2026-04-03T01:33:39.250+0600][44.920s][info][gc,task        ] GC(164) Using 10 workers of 10 for evacuation
[2026-04-03T01:33:39.251+0600][44.921s][info][gc,phases      ] GC(164)   Pre Evacuate Collection Set: 0.16ms
[2026-04-03T01:33:39.251+0600][44.921s][info][gc,phases      ] GC(164)   Merge Heap Roots: 0.12ms
[2026-04-03T01:33:39.251+0600][44.921s][info][gc,phases      ] GC(164)   Evacuate Collection Set: 0.79ms
[2026-04-03T01:33:39.251+0600][44.921s][info][gc,phases      ] GC(164)   Post Evacuate Collection Set: 0.36ms
[2026-04-03T01:33:39.251+0600][44.921s][info][gc,phases      ] GC(164)   Other: 0.10ms
[2026-04-03T01:33:39.251+0600][44.921s][info][gc,heap        ] GC(164) Eden regions: 76->0(76)
[2026-04-03T01:33:39.251+0600][44.921s][info][gc,heap        ] GC(164) Survivor regions: 1->1(10)
[2026-04-03T01:33:39.251+0600][44.921s][info][gc,heap        ] GC(164) Old regions: 13->13
[2026-04-03T01:33:39.251+0600][44.921s][info][gc,heap        ] GC(164) Humongous regions: 0->0
[2026-04-03T01:33:39.251+0600][44.921s][info][gc,metaspace   ] GC(164) Metaspace: 55044K(55936K)->55044K(55936K) NonClass: 46579K(47104K)->46579K(47104K) Class: 8464K(8832K)->8464K(8832K)
[2026-04-03T01:33:39.251+0600][44.921s][info][gc             ] GC(164) Pause Young (Normal) (G1 Evacuation Pause) 171M->19M(258M) 1.825ms
[2026-04-03T01:33:39.252+0600][44.921s][info][gc,cpu         ] GC(164) User=0.01s Sys=0.00s Real=0.01s
[2026-04-03T01:33:39.454+0600][45.124s][info][gc,start       ] GC(165) Pause Young (Normal) (G1 Evacuation Pause)
[2026-04-03T01:33:39.454+0600][45.124s][info][gc,task        ] GC(165) Using 10 workers of 10 for evacuation
[2026-04-03T01:33:39.456+0600][45.126s][info][gc,phases      ] GC(165)   Pre Evacuate Collection Set: 0.20ms
[2026-04-03T01:33:39.456+0600][45.126s][info][gc,phases      ] GC(165)   Merge Heap Roots: 0.14ms
[2026-04-03T01:33:39.456+0600][45.126s][info][gc,phases      ] GC(165)   Evacuate Collection Set: 0.84ms
[2026-04-03T01:33:39.456+0600][45.126s][info][gc,phases      ] GC(165)   Post Evacuate Collection Set: 0.38ms
[2026-04-03T01:33:39.456+0600][45.126s][info][gc,phases      ] GC(165)   Other: 0.12ms
[2026-04-03T01:33:39.456+0600][45.126s][info][gc,heap        ] GC(165) Eden regions: 76->0(76)
[2026-04-03T01:33:39.456+0600][45.126s][info][gc,heap        ] GC(165) Survivor regions: 1->1(10)
[2026-04-03T01:33:39.456+0600][45.126s][info][gc,heap        ] GC(165) Old regions: 13->13
[2026-04-03T01:33:39.456+0600][45.126s][info][gc,heap        ] GC(165) Humongous regions: 0->0
[2026-04-03T01:33:39.456+0600][45.126s][info][gc,metaspace   ] GC(165) Metaspace: 55044K(55936K)->55044K(55936K) NonClass: 46579K(47104K)->46579K(47104K) Class: 8464K(8832K)->8464K(8832K)
[2026-04-03T01:33:39.456+0600][45.126s][info][gc             ] GC(165) Pause Young (Normal) (G1 Evacuation Pause) 171M->19M(258M) 2.082ms
[2026-04-03T01:33:39.456+0600][45.126s][info][gc,cpu         ] GC(165) User=0.01s Sys=0.00s Real=0.00s
[2026-04-03T01:33:39.650+0600][45.320s][info][gc,start       ] GC(166) Pause Young (Normal) (G1 Evacuation Pause)
[2026-04-03T01:33:39.651+0600][45.320s][info][gc,task        ] GC(166) Using 10 workers of 10 for evacuation
[2026-04-03T01:33:39.652+0600][45.322s][info][gc,phases      ] GC(166)   Pre Evacuate Collection Set: 0.18ms
[2026-04-03T01:33:39.652+0600][45.322s][info][gc,phases      ] GC(166)   Merge Heap Roots: 0.14ms
[2026-04-03T01:33:39.652+0600][45.322s][info][gc,phases      ] GC(166)   Evacuate Collection Set: 0.85ms
[2026-04-03T01:33:39.652+0600][45.322s][info][gc,phases      ] GC(166)   Post Evacuate Collection Set: 0.45ms
[2026-04-03T01:33:39.652+0600][45.322s][info][gc,phases      ] GC(166)   Other: 0.14ms
[2026-04-03T01:33:39.652+0600][45.322s][info][gc,heap        ] GC(166) Eden regions: 76->0(76)
[2026-04-03T01:33:39.652+0600][45.322s][info][gc,heap        ] GC(166) Survivor regions: 1->1(10)
[2026-04-03T01:33:39.653+0600][45.322s][info][gc,heap        ] GC(166) Old regions: 13->13
[2026-04-03T01:33:39.653+0600][45.322s][info][gc,heap        ] GC(166) Humongous regions: 0->0
[2026-04-03T01:33:39.653+0600][45.322s][info][gc,metaspace   ] GC(166) Metaspace: 55044K(55936K)->55044K(55936K) NonClass: 46579K(47104K)->46579K(47104K) Class: 8464K(8832K)->8464K(8832K)
[2026-04-03T01:33:39.653+0600][45.323s][info][gc             ] GC(166) Pause Young (Normal) (G1 Evacuation Pause) 171M->19M(258M) 2.199ms
[2026-04-03T01:33:39.653+0600][45.323s][info][gc,cpu         ] GC(166) User=0.01s Sys=0.00s Real=0.00s
[2026-04-03T01:33:39.849+0600][45.519s][info][gc,start       ] GC(167) Pause Young (Normal) (G1 Evacuation Pause)
[2026-04-03T01:33:39.849+0600][45.519s][info][gc,task        ] GC(167) Using 10 workers of 10 for evacuation
[2026-04-03T01:33:39.851+0600][45.521s][info][gc,phases      ] GC(167)   Pre Evacuate Collection Set: 0.18ms
[2026-04-03T01:33:39.851+0600][45.521s][info][gc,phases      ] GC(167)   Merge Heap Roots: 0.11ms
[2026-04-03T01:33:39.851+0600][45.521s][info][gc,phases      ] GC(167)   Evacuate Collection Set: 0.74ms
[2026-04-03T01:33:39.851+0600][45.521s][info][gc,phases      ] GC(167)   Post Evacuate Collection Set: 0.33ms
[2026-04-03T01:33:39.851+0600][45.521s][info][gc,phases      ] GC(167)   Other: 0.08ms
[2026-04-03T01:33:39.851+0600][45.521s][info][gc,heap        ] GC(167) Eden regions: 76->0(76)
[2026-04-03T01:33:39.851+0600][45.521s][info][gc,heap        ] GC(167) Survivor regions: 1->1(10)
[2026-04-03T01:33:39.851+0600][45.521s][info][gc,heap        ] GC(167) Old regions: 13->13
[2026-04-03T01:33:39.851+0600][45.521s][info][gc,heap        ] GC(167) Humongous regions: 0->0
[2026-04-03T01:33:39.851+0600][45.521s][info][gc,metaspace   ] GC(167) Metaspace: 55044K(55936K)->55044K(55936K) NonClass: 46579K(47104K)->46579K(47104K) Class: 8464K(8832K)->8464K(8832K)
[2026-04-03T01:33:39.851+0600][45.521s][info][gc             ] GC(167) Pause Young (Normal) (G1 Evacuation Pause) 171M->19M(258M) 1.735ms
[2026-04-03T01:33:39.851+0600][45.521s][info][gc,cpu         ] GC(167) User=0.01s Sys=0.00s Real=0.01s
[2026-04-03T01:33:40.064+0600][45.733s][info][gc,start       ] GC(168) Pause Young (Normal) (G1 Evacuation Pause)
[2026-04-03T01:33:40.064+0600][45.734s][info][gc,task        ] GC(168) Using 10 workers of 10 for evacuation
[2026-04-03T01:33:40.065+0600][45.735s][info][gc,phases      ] GC(168)   Pre Evacuate Collection Set: 0.19ms
[2026-04-03T01:33:40.065+0600][45.735s][info][gc,phases      ] GC(168)   Merge Heap Roots: 0.13ms
[2026-04-03T01:33:40.065+0600][45.735s][info][gc,phases      ] GC(168)   Evacuate Collection Set: 0.88ms
[2026-04-03T01:33:40.065+0600][45.735s][info][gc,phases      ] GC(168)   Post Evacuate Collection Set: 0.39ms
[2026-04-03T01:33:40.065+0600][45.735s][info][gc,phases      ] GC(168)   Other: 0.11ms
[2026-04-03T01:33:40.066+0600][45.735s][info][gc,heap        ] GC(168) Eden regions: 76->0(76)
[2026-04-03T01:33:40.066+0600][45.735s][info][gc,heap        ] GC(168) Survivor regions: 1->1(10)
[2026-04-03T01:33:40.066+0600][45.735s][info][gc,heap        ] GC(168) Old regions: 13->13
[2026-04-03T01:33:40.066+0600][45.735s][info][gc,heap        ] GC(168) Humongous regions: 0->0
[2026-04-03T01:33:40.066+0600][45.735s][info][gc,metaspace   ] GC(168) Metaspace: 55044K(55936K)->55044K(55936K) NonClass: 46579K(47104K)->46579K(47104K) Class: 8464K(8832K)->8464K(8832K)
[2026-04-03T01:33:40.066+0600][45.735s][info][gc             ] GC(168) Pause Young (Normal) (G1 Evacuation Pause) 171M->19M(258M) 2.001ms
[2026-04-03T01:33:40.066+0600][45.736s][info][gc,cpu         ] GC(168) User=0.01s Sys=0.00s Real=0.00s
[2026-04-03T01:33:40.291+0600][45.961s][info][gc,start       ] GC(169) Pause Young (Normal) (G1 Evacuation Pause)
[2026-04-03T01:33:40.291+0600][45.961s][info][gc,task        ] GC(169) Using 10 workers of 10 for evacuation
[2026-04-03T01:33:40.293+0600][45.963s][info][gc,phases      ] GC(169)   Pre Evacuate Collection Set: 0.23ms
[2026-04-03T01:33:40.293+0600][45.963s][info][gc,phases      ] GC(169)   Merge Heap Roots: 0.15ms
[2026-04-03T01:33:40.293+0600][45.963s][info][gc,phases      ] GC(169)   Evacuate Collection Set: 0.77ms
[2026-04-03T01:33:40.293+0600][45.963s][info][gc,phases      ] GC(169)   Post Evacuate Collection Set: 0.34ms
[2026-04-03T01:33:40.293+0600][45.963s][info][gc,phases      ] GC(169)   Other: 0.09ms
[2026-04-03T01:33:40.293+0600][45.963s][info][gc,heap        ] GC(169) Eden regions: 76->0(76)
[2026-04-03T01:33:40.293+0600][45.963s][info][gc,heap        ] GC(169) Survivor regions: 1->1(10)
[2026-04-03T01:33:40.293+0600][45.963s][info][gc,heap        ] GC(169) Old regions: 13->13
[2026-04-03T01:33:40.293+0600][45.963s][info][gc,heap        ] GC(169) Humongous regions: 0->0
[2026-04-03T01:33:40.293+0600][45.963s][info][gc,metaspace   ] GC(169) Metaspace: 55066K(55936K)->55066K(55936K) NonClass: 46601K(47104K)->46601K(47104K) Class: 8464K(8832K)->8464K(8832K)
[2026-04-03T01:33:40.293+0600][45.963s][info][gc             ] GC(169) Pause Young (Normal) (G1 Evacuation Pause) 171M->19M(258M) 1.887ms
[2026-04-03T01:33:40.293+0600][45.963s][info][gc,cpu         ] GC(169) User=0.01s Sys=0.00s Real=0.00s
[2026-04-03T01:33:40.414+0600][46.083s][info][gc,heap,exit   ] Heap
[2026-04-03T01:33:40.414+0600][46.083s][info][gc,heap,exit   ]  garbage-first heap   total 264192K, used 58321K [0x000000070ae00000, 0x0000000800000000)
[2026-04-03T01:33:40.414+0600][46.084s][info][gc,heap,exit   ]   region size 2048K, 20 young (40960K), 1 survivors (2048K)
[2026-04-03T01:33:40.414+0600][46.084s][info][gc,heap,exit   ]  Metaspace       used 55443K, committed 56128K, reserved 1114112K
[2026-04-03T01:33:40.414+0600][46.084s][info][gc,heap,exit   ]   class space    used 8594K, committed 8960K, reserved 1048576K
