[2026-04-03T01:29:54.695+0600][0.004s][info][gc,init] CardTable entry size: 512
[2026-04-03T01:29:54.695+0600][0.005s][info][gc     ] Using G1
[2026-04-03T01:29:54.698+0600][0.007s][info][gc,init] Version: 21.0.10+7-Ubuntu-124.04 (release)
[2026-04-03T01:29:54.698+0600][0.007s][info][gc,init] CPUs: 12 total, 12 available
[2026-04-03T01:29:54.698+0600][0.007s][info][gc,init] Memory: 15683M
[2026-04-03T01:29:54.698+0600][0.007s][info][gc,init] Large Page Support: Disabled
[2026-04-03T01:29:54.698+0600][0.007s][info][gc,init] NUMA Support: Disabled
[2026-04-03T01:29:54.698+0600][0.007s][info][gc,init] Compressed Oops: Enabled (Zero based)
[2026-04-03T01:29:54.698+0600][0.007s][info][gc,init] Heap Region Size: 2M
[2026-04-03T01:29:54.698+0600][0.007s][info][gc,init] Heap Min Capacity: 8M
[2026-04-03T01:29:54.698+0600][0.007s][info][gc,init] Heap Initial Capacity: 246M
[2026-04-03T01:29:54.698+0600][0.007s][info][gc,init] Heap Max Capacity: 3922M
[2026-04-03T01:29:54.698+0600][0.007s][info][gc,init] Pre-touch: Disabled
[2026-04-03T01:29:54.698+0600][0.007s][info][gc,init] Parallel Workers: 10
[2026-04-03T01:29:54.698+0600][0.007s][info][gc,init] Concurrent Workers: 2
[2026-04-03T01:29:54.698+0600][0.007s][info][gc,init] Concurrent Refinement Workers: 10
[2026-04-03T01:29:54.698+0600][0.007s][info][gc,init] Periodic GC: Disabled
[2026-04-03T01:29:54.710+0600][0.020s][info][gc,metaspace] CDS archive(s) mapped at: [0x000070da5f000000-0x000070da5fc9c000-0x000070da5fc9c000), size 13221888, SharedBaseAddress: 0x000070da5f000000, ArchiveRelocationMode: 1.
[2026-04-03T01:29:54.710+0600][0.020s][info][gc,metaspace] Compressed class space mapped at: 0x000070da60000000-0x000070daa0000000, reserved size: 1073741824
[2026-04-03T01:29:54.710+0600][0.020s][info][gc,metaspace] Narrow klass base: 0x000070da5f000000, Narrow klass shift: 0, Narrow klass range: 0x100000000
[2026-04-03T01:29:55.076+0600][0.385s][info][gc,start    ] GC(0) Pause Young (Normal) (G1 Evacuation Pause)
[2026-04-03T01:29:55.077+0600][0.386s][info][gc,task     ] GC(0) Using 5 workers of 10 for evacuation
[2026-04-03T01:29:55.080+0600][0.389s][info][gc,phases   ] GC(0)   Pre Evacuate Collection Set: 0.24ms
[2026-04-03T01:29:55.080+0600][0.389s][info][gc,phases   ] GC(0)   Merge Heap Roots: 0.14ms
[2026-04-03T01:29:55.080+0600][0.389s][info][gc,phases   ] GC(0)   Evacuate Collection Set: 2.08ms
[2026-04-03T01:29:55.080+0600][0.389s][info][gc,phases   ] GC(0)   Post Evacuate Collection Set: 0.33ms
[2026-04-03T01:29:55.080+0600][0.389s][info][gc,phases   ] GC(0)   Other: 0.92ms
[2026-04-03T01:29:55.080+0600][0.389s][info][gc,heap     ] GC(0) Eden regions: 11->0(22)
[2026-04-03T01:29:55.080+0600][0.389s][info][gc,heap     ] GC(0) Survivor regions: 0->2(2)
[2026-04-03T01:29:55.080+0600][0.389s][info][gc,heap     ] GC(0) Old regions: 1->1
[2026-04-03T01:29:55.080+0600][0.389s][info][gc,heap     ] GC(0) Humongous regions: 0->0
[2026-04-03T01:29:55.080+0600][0.389s][info][gc,metaspace] GC(0) Metaspace: 2526K(2688K)->2526K(2688K) NonClass: 2297K(2368K)->2297K(2368K) Class: 228K(320K)->228K(320K)
[2026-04-03T01:29:55.080+0600][0.389s][info][gc          ] GC(0) Pause Young (Normal) (G1 Evacuation Pause) 23M->3M(248M) 4.065ms
[2026-04-03T01:29:55.080+0600][0.389s][info][gc,cpu      ] GC(0) User=0.01s Sys=0.00s Real=0.01s
[2026-04-03T01:29:55.218+0600][0.527s][info][gc,start    ] GC(1) Pause Young (Normal) (G1 Evacuation Pause)
[2026-04-03T01:29:55.218+0600][0.527s][info][gc,task     ] GC(1) Using 5 workers of 10 for evacuation
[2026-04-03T01:29:55.221+0600][0.530s][info][gc,phases   ] GC(1)   Pre Evacuate Collection Set: 0.27ms
[2026-04-03T01:29:55.221+0600][0.530s][info][gc,phases   ] GC(1)   Merge Heap Roots: 0.15ms
[2026-04-03T01:29:55.221+0600][0.530s][info][gc,phases   ] GC(1)   Evacuate Collection Set: 1.81ms
[2026-04-03T01:29:55.221+0600][0.530s][info][gc,phases   ] GC(1)   Post Evacuate Collection Set: 0.37ms
[2026-04-03T01:29:55.221+0600][0.530s][info][gc,phases   ] GC(1)   Other: 0.09ms
[2026-04-03T01:29:55.221+0600][0.530s][info][gc,heap     ] GC(1) Eden regions: 22->0(71)
[2026-04-03T01:29:55.221+0600][0.530s][info][gc,heap     ] GC(1) Survivor regions: 2->2(3)
[2026-04-03T01:29:55.221+0600][0.530s][info][gc,heap     ] GC(1) Old regions: 1->1
[2026-04-03T01:29:55.221+0600][0.530s][info][gc,heap     ] GC(1) Humongous regions: 0->0
[2026-04-03T01:29:55.221+0600][0.530s][info][gc,metaspace] GC(1) Metaspace: 3806K(3968K)->3806K(3968K) NonClass: 3374K(3456K)->3374K(3456K) Class: 432K(512K)->432K(512K)
[2026-04-03T01:29:55.221+0600][0.530s][info][gc          ] GC(1) Pause Young (Normal) (G1 Evacuation Pause) 47M->3M(248M) 2.981ms
[2026-04-03T01:29:55.221+0600][0.530s][info][gc,cpu      ] GC(1) User=0.01s Sys=0.00s Real=0.01s
[2026-04-03T01:29:56.067+0600][1.376s][info][gc,start    ] GC(2) Pause Young (Normal) (G1 Evacuation Pause)
[2026-04-03T01:29:56.067+0600][1.376s][info][gc,task     ] GC(2) Using 5 workers of 10 for evacuation
[2026-04-03T01:29:56.071+0600][1.380s][info][gc,phases   ] GC(2)   Pre Evacuate Collection Set: 0.25ms
[2026-04-03T01:29:56.071+0600][1.380s][info][gc,phases   ] GC(2)   Merge Heap Roots: 0.14ms
[2026-04-03T01:29:56.071+0600][1.380s][info][gc,phases   ] GC(2)   Evacuate Collection Set: 2.65ms
[2026-04-03T01:29:56.071+0600][1.380s][info][gc,phases   ] GC(2)   Post Evacuate Collection Set: 0.56ms
[2026-04-03T01:29:56.071+0600][1.380s][info][gc,phases   ] GC(2)   Other: 0.09ms
[2026-04-03T01:29:56.071+0600][1.380s][info][gc,heap     ] GC(2) Eden regions: 71->0(70)
[2026-04-03T01:29:56.071+0600][1.380s][info][gc,heap     ] GC(2) Survivor regions: 2->3(10)
[2026-04-03T01:29:56.071+0600][1.380s][info][gc,heap     ] GC(2) Old regions: 1->1
[2026-04-03T01:29:56.071+0600][1.380s][info][gc,heap     ] GC(2) Humongous regions: 0->0
[2026-04-03T01:29:56.071+0600][1.380s][info][gc,metaspace] GC(2) Metaspace: 10299K(10560K)->10299K(10560K) NonClass: 9027K(9216K)->9027K(9216K) Class: 1272K(1344K)->1272K(1344K)
[2026-04-03T01:29:56.071+0600][1.380s][info][gc          ] GC(2) Pause Young (Normal) (G1 Evacuation Pause) 145M->6M(248M) 4.092ms
[2026-04-03T01:29:56.071+0600][1.380s][info][gc,cpu      ] GC(2) User=0.02s Sys=0.00s Real=0.01s
[2026-04-03T01:29:56.571+0600][1.880s][info][gc,start    ] GC(3) Pause Young (Normal) (G1 Evacuation Pause)
[2026-04-03T01:29:56.571+0600][1.880s][info][gc,task     ] GC(3) Using 5 workers of 10 for evacuation
[2026-04-03T01:29:56.574+0600][1.883s][info][gc,phases   ] GC(3)   Pre Evacuate Collection Set: 0.31ms
[2026-04-03T01:29:56.574+0600][1.883s][info][gc,phases   ] GC(3)   Merge Heap Roots: 0.13ms
[2026-04-03T01:29:56.574+0600][1.883s][info][gc,phases   ] GC(3)   Evacuate Collection Set: 2.08ms
[2026-04-03T01:29:56.574+0600][1.883s][info][gc,phases   ] GC(3)   Post Evacuate Collection Set: 0.55ms
[2026-04-03T01:29:56.574+0600][1.883s][info][gc,phases   ] GC(3)   Other: 0.07ms
[2026-04-03T01:29:56.574+0600][1.883s][info][gc,heap     ] GC(3) Eden regions: 70->0(70)
[2026-04-03T01:29:56.574+0600][1.883s][info][gc,heap     ] GC(3) Survivor regions: 3->3(10)
[2026-04-03T01:29:56.574+0600][1.883s][info][gc,heap     ] GC(3) Old regions: 1->1
[2026-04-03T01:29:56.574+0600][1.883s][info][gc,heap     ] GC(3) Humongous regions: 0->0
[2026-04-03T01:29:56.574+0600][1.883s][info][gc,metaspace] GC(3) Metaspace: 18341K(18560K)->18341K(18560K) NonClass: 16040K(16192K)->16040K(16192K) Class: 2300K(2368K)->2300K(2368K)
[2026-04-03T01:29:56.574+0600][1.883s][info][gc          ] GC(3) Pause Young (Normal) (G1 Evacuation Pause) 146M->7M(248M) 3.361ms
[2026-04-03T01:29:56.574+0600][1.883s][info][gc,cpu      ] GC(3) User=0.01s Sys=0.00s Real=0.00s
[2026-04-03T01:29:56.778+0600][2.087s][info][gc,start    ] GC(4) Pause Young (Concurrent Start) (Metadata GC Threshold)
[2026-04-03T01:29:56.778+0600][2.087s][info][gc,task     ] GC(4) Using 5 workers of 10 for evacuation
[2026-04-03T01:29:56.782+0600][2.091s][info][gc,phases   ] GC(4)   Pre Evacuate Collection Set: 0.30ms
[2026-04-03T01:29:56.782+0600][2.091s][info][gc,phases   ] GC(4)   Merge Heap Roots: 0.07ms
[2026-04-03T01:29:56.782+0600][2.091s][info][gc,phases   ] GC(4)   Evacuate Collection Set: 2.78ms
[2026-04-03T01:29:56.782+0600][2.091s][info][gc,phases   ] GC(4)   Post Evacuate Collection Set: 0.65ms
[2026-04-03T01:29:56.782+0600][2.091s][info][gc,phases   ] GC(4)   Other: 0.17ms
[2026-04-03T01:29:56.782+0600][2.091s][info][gc,heap     ] GC(4) Eden regions: 27->0(69)
[2026-04-03T01:29:56.782+0600][2.091s][info][gc,heap     ] GC(4) Survivor regions: 3->4(10)
[2026-04-03T01:29:56.782+0600][2.091s][info][gc,heap     ] GC(4) Old regions: 1->1
[2026-04-03T01:29:56.782+0600][2.091s][info][gc,heap     ] GC(4) Humongous regions: 0->0
[2026-04-03T01:29:56.782+0600][2.091s][info][gc,metaspace] GC(4) Metaspace: 21240K(21504K)->21240K(21504K) NonClass: 18548K(18688K)->18548K(18688K) Class: 2692K(2816K)->2692K(2816K)
[2026-04-03T01:29:56.782+0600][2.091s][info][gc          ] GC(4) Pause Young (Concurrent Start) (Metadata GC Threshold) 61M->8M(248M) 4.261ms
[2026-04-03T01:29:56.782+0600][2.091s][info][gc,cpu      ] GC(4) User=0.02s Sys=0.01s Real=0.01s
[2026-04-03T01:29:56.782+0600][2.091s][info][gc          ] GC(5) Concurrent Mark Cycle
[2026-04-03T01:29:56.782+0600][2.091s][info][gc,marking  ] GC(5) Concurrent Scan Root Regions
[2026-04-03T01:29:56.785+0600][2.094s][info][gc,marking  ] GC(5) Concurrent Scan Root Regions 3.188ms
[2026-04-03T01:29:56.785+0600][2.094s][info][gc,marking  ] GC(5) Concurrent Mark
[2026-04-03T01:29:56.785+0600][2.094s][info][gc,marking  ] GC(5) Concurrent Mark From Roots
[2026-04-03T01:29:56.785+0600][2.094s][info][gc,task     ] GC(5) Using 2 workers of 2 for marking
[2026-04-03T01:29:56.788+0600][2.097s][info][gc,marking  ] GC(5) Concurrent Mark From Roots 2.670ms
[2026-04-03T01:29:56.788+0600][2.097s][info][gc,marking  ] GC(5) Concurrent Preclean
[2026-04-03T01:29:56.788+0600][2.097s][info][gc,marking  ] GC(5) Concurrent Preclean 0.013ms
[2026-04-03T01:29:56.788+0600][2.097s][info][gc,start    ] GC(5) Pause Remark
[2026-04-03T01:29:56.791+0600][2.100s][info][gc          ] GC(5) Pause Remark 10M->10M(34M) 2.621ms
[2026-04-03T01:29:56.791+0600][2.100s][info][gc,cpu      ] GC(5) User=0.00s Sys=0.00s Real=0.01s
[2026-04-03T01:29:56.791+0600][2.100s][info][gc,marking  ] GC(5) Concurrent Mark 5.639ms
[2026-04-03T01:29:56.791+0600][2.100s][info][gc,marking  ] GC(5) Concurrent Rebuild Remembered Sets and Scrub Regions
[2026-04-03T01:29:56.792+0600][2.101s][info][gc,marking  ] GC(5) Concurrent Rebuild Remembered Sets and Scrub Regions 1.177ms
[2026-04-03T01:29:56.797+0600][2.106s][info][gc,start    ] GC(5) Pause Cleanup
[2026-04-03T01:29:56.797+0600][2.107s][info][gc          ] GC(5) Pause Cleanup 10M->10M(34M) 0.143ms
[2026-04-03T01:29:56.797+0600][2.107s][info][gc,cpu      ] GC(5) User=0.00s Sys=0.00s Real=0.00s
[2026-04-03T01:29:56.797+0600][2.107s][info][gc,marking  ] GC(5) Concurrent Clear Claimed Marks
[2026-04-03T01:29:56.797+0600][2.107s][info][gc,marking  ] GC(5) Concurrent Clear Claimed Marks 0.049ms
[2026-04-03T01:29:56.797+0600][2.107s][info][gc,marking  ] GC(5) Concurrent Cleanup for Next Mark
[2026-04-03T01:29:56.798+0600][2.107s][info][gc,marking  ] GC(5) Concurrent Cleanup for Next Mark 0.516ms
[2026-04-03T01:29:56.798+0600][2.107s][info][gc          ] GC(5) Concurrent Mark Cycle 16.068ms
[2026-04-03T01:29:57.003+0600][2.312s][info][gc,start    ] GC(6) Pause Young (Prepare Mixed) (G1 Evacuation Pause)
[2026-04-03T01:29:57.003+0600][2.312s][info][gc,task     ] GC(6) Using 3 workers of 10 for evacuation
[2026-04-03T01:29:57.010+0600][2.320s][info][gc,phases   ] GC(6)   Pre Evacuate Collection Set: 0.21ms
[2026-04-03T01:29:57.010+0600][2.320s][info][gc,phases   ] GC(6)   Merge Heap Roots: 0.11ms
[2026-04-03T01:29:57.010+0600][2.320s][info][gc,phases   ] GC(6)   Evacuate Collection Set: 5.92ms
[2026-04-03T01:29:57.010+0600][2.320s][info][gc,phases   ] GC(6)   Post Evacuate Collection Set: 1.12ms
[2026-04-03T01:29:57.010+0600][2.320s][info][gc,phases   ] GC(6)   Other: 0.07ms
[2026-04-03T01:29:57.011+0600][2.320s][info][gc,heap     ] GC(6) Eden regions: 12->0(8)
[2026-04-03T01:29:57.011+0600][2.320s][info][gc,heap     ] GC(6) Survivor regions: 4->4(10)
[2026-04-03T01:29:57.011+0600][2.320s][info][gc,heap     ] GC(6) Old regions: 1->1
[2026-04-03T01:29:57.011+0600][2.320s][info][gc,heap     ] GC(6) Humongous regions: 0->0
[2026-04-03T01:29:57.011+0600][2.320s][info][gc,metaspace] GC(6) Metaspace: 23667K(23936K)->23667K(23936K) NonClass: 20598K(20736K)->20598K(20736K) Class: 3068K(3200K)->3068K(3200K)
[2026-04-03T01:29:57.011+0600][2.320s][info][gc          ] GC(6) Pause Young (Prepare Mixed) (G1 Evacuation Pause) 32M->7M(42M) 7.699ms
[2026-04-03T01:29:57.011+0600][2.320s][info][gc,cpu      ] GC(6) User=0.02s Sys=0.00s Real=0.01s
[2026-04-03T01:29:57.040+0600][2.349s][info][gc,start    ] GC(7) Pause Young (Mixed) (G1 Evacuation Pause)
[2026-04-03T01:29:57.040+0600][2.349s][info][gc,task     ] GC(7) Using 2 workers of 10 for evacuation
[2026-04-03T01:29:57.050+0600][2.359s][info][gc,phases   ] GC(7)   Pre Evacuate Collection Set: 0.27ms
[2026-04-03T01:29:57.050+0600][2.359s][info][gc,phases   ] GC(7)   Merge Heap Roots: 0.14ms
[2026-04-03T01:29:57.050+0600][2.359s][info][gc,phases   ] GC(7)   Evacuate Collection Set: 8.75ms
[2026-04-03T01:29:57.050+0600][2.359s][info][gc,phases   ] GC(7)   Post Evacuate Collection Set: 0.79ms
[2026-04-03T01:29:57.050+0600][2.359s][info][gc,phases   ] GC(7)   Other: 0.09ms
[2026-04-03T01:29:57.050+0600][2.359s][info][gc,heap     ] GC(7) Eden regions: 8->0(11)
[2026-04-03T01:29:57.050+0600][2.359s][info][gc,heap     ] GC(7) Survivor regions: 4->1(2)
[2026-04-03T01:29:57.050+0600][2.359s][info][gc,heap     ] GC(7) Old regions: 1->4
[2026-04-03T01:29:57.050+0600][2.359s][info][gc,heap     ] GC(7) Humongous regions: 0->0
[2026-04-03T01:29:57.050+0600][2.359s][info][gc,metaspace] GC(7) Metaspace: 24128K(24384K)->24128K(24384K) NonClass: 21009K(21184K)->21009K(21184K) Class: 3119K(3200K)->3119K(3200K)
[2026-04-03T01:29:57.050+0600][2.359s][info][gc          ] GC(7) Pause Young (Mixed) (G1 Evacuation Pause) 23M->8M(42M) 10.304ms
[2026-04-03T01:29:57.050+0600][2.359s][info][gc,cpu      ] GC(7) User=0.01s Sys=0.01s Real=0.02s
[2026-04-03T01:29:57.327+0600][2.636s][info][gc,start    ] GC(8) Pause Young (Normal) (G1 Evacuation Pause)
[2026-04-03T01:29:57.327+0600][2.636s][info][gc,task     ] GC(8) Using 2 workers of 10 for evacuation
[2026-04-03T01:29:57.332+0600][2.642s][info][gc,phases   ] GC(8)   Pre Evacuate Collection Set: 0.30ms
[2026-04-03T01:29:57.332+0600][2.642s][info][gc,phases   ] GC(8)   Merge Heap Roots: 0.16ms
[2026-04-03T01:29:57.332+0600][2.642s][info][gc,phases   ] GC(8)   Evacuate Collection Set: 3.61ms
[2026-04-03T01:29:57.332+0600][2.642s][info][gc,phases   ] GC(8)   Post Evacuate Collection Set: 1.34ms
[2026-04-03T01:29:57.332+0600][2.642s][info][gc,phases   ] GC(8)   Other: 0.08ms
[2026-04-03T01:29:57.332+0600][2.642s][info][gc,heap     ] GC(8) Eden regions: 11->0(41)
[2026-04-03T01:29:57.333+0600][2.642s][info][gc,heap     ] GC(8) Survivor regions: 1->2(2)
[2026-04-03T01:29:57.333+0600][2.642s][info][gc,heap     ] GC(8) Old regions: 4->4
[2026-04-03T01:29:57.333+0600][2.642s][info][gc,heap     ] GC(8) Humongous regions: 0->0
[2026-04-03T01:29:57.333+0600][2.642s][info][gc,metaspace] GC(8) Metaspace: 27750K(28032K)->27750K(28032K) NonClass: 24103K(24256K)->24103K(24256K) Class: 3646K(3776K)->3646K(3776K)
[2026-04-03T01:29:57.333+0600][2.642s][info][gc          ] GC(8) Pause Young (Normal) (G1 Evacuation Pause) 30M->9M(144M) 5.748ms
[2026-04-03T01:29:57.333+0600][2.642s][info][gc,cpu      ] GC(8) User=0.01s Sys=0.00s Real=0.01s
[2026-04-03T01:29:57.863+0600][3.172s][info][gc,start    ] GC(9) Pause Full (System.gc())
[2026-04-03T01:29:57.863+0600][3.172s][info][gc,task     ] GC(9) Using 3 workers of 10 for full compaction
[2026-04-03T01:29:57.863+0600][3.172s][info][gc,phases,start] GC(9) Phase 1: Mark live objects
[2026-04-03T01:29:57.873+0600][3.183s][info][gc,phases      ] GC(9) Phase 1: Mark live objects 10.402ms
[2026-04-03T01:29:57.873+0600][3.183s][info][gc,phases,start] GC(9) Phase 2: Prepare compaction
[2026-04-03T01:29:57.875+0600][3.185s][info][gc,phases      ] GC(9) Phase 2: Prepare compaction 1.994ms
[2026-04-03T01:29:57.875+0600][3.185s][info][gc,phases,start] GC(9) Phase 3: Adjust pointers
[2026-04-03T01:29:57.879+0600][3.189s][info][gc,phases      ] GC(9) Phase 3: Adjust pointers 3.999ms
[2026-04-03T01:29:57.880+0600][3.189s][info][gc,phases,start] GC(9) Phase 4: Compact heap
[2026-04-03T01:29:57.882+0600][3.191s][info][gc,phases      ] GC(9) Phase 4: Compact heap 2.214ms
[2026-04-03T01:29:57.882+0600][3.191s][info][gc,phases,start] GC(9) Phase 5: Reset Metadata
[2026-04-03T01:29:57.883+0600][3.192s][info][gc,phases      ] GC(9) Phase 5: Reset Metadata 1.327ms
[2026-04-03T01:29:57.886+0600][3.195s][info][gc,heap        ] GC(9) Eden regions: 25->0(14)
[2026-04-03T01:29:57.886+0600][3.195s][info][gc,heap        ] GC(9) Survivor regions: 2->0(2)
[2026-04-03T01:29:57.886+0600][3.195s][info][gc,heap        ] GC(9) Old regions: 4->7
[2026-04-03T01:29:57.886+0600][3.195s][info][gc,heap        ] GC(9) Humongous regions: 0->0
[2026-04-03T01:29:57.886+0600][3.195s][info][gc,metaspace   ] GC(9) Metaspace: 34804K(35200K)->34804K(35200K) NonClass: 30129K(30336K)->30129K(30336K) Class: 4675K(4864K)->4675K(4864K)
[2026-04-03T01:29:57.886+0600][3.195s][info][gc             ] GC(9) Pause Full (System.gc()) 57M->11M(48M) 23.502ms
[2026-04-03T01:29:57.886+0600][3.195s][info][gc,cpu         ] GC(9) User=0.07s Sys=0.01s Real=0.02s
[2026-04-03T01:29:58.253+0600][3.563s][info][gc,start       ] GC(10) Pause Young (Normal) (G1 Evacuation Pause)
[2026-04-03T01:29:58.253+0600][3.563s][info][gc,task        ] GC(10) Using 10 workers of 10 for evacuation
[2026-04-03T01:29:58.257+0600][3.567s][info][gc,phases      ] GC(10)   Pre Evacuate Collection Set: 0.37ms
[2026-04-03T01:29:58.257+0600][3.567s][info][gc,phases      ] GC(10)   Merge Heap Roots: 0.15ms
[2026-04-03T01:29:58.257+0600][3.567s][info][gc,phases      ] GC(10)   Evacuate Collection Set: 2.84ms
[2026-04-03T01:29:58.257+0600][3.567s][info][gc,phases      ] GC(10)   Post Evacuate Collection Set: 0.53ms
[2026-04-03T01:29:58.257+0600][3.567s][info][gc,phases      ] GC(10)   Other: 0.10ms
[2026-04-03T01:29:58.258+0600][3.567s][info][gc,heap        ] GC(10) Eden regions: 14->0(13)
[2026-04-03T01:29:58.258+0600][3.567s][info][gc,heap        ] GC(10) Survivor regions: 0->1(2)
[2026-04-03T01:29:58.258+0600][3.567s][info][gc,heap        ] GC(10) Old regions: 7->7
[2026-04-03T01:29:58.258+0600][3.567s][info][gc,heap        ] GC(10) Humongous regions: 0->0
[2026-04-03T01:29:58.258+0600][3.567s][info][gc,metaspace   ] GC(10) Metaspace: 38591K(38976K)->38591K(38976K) NonClass: 33165K(33408K)->33165K(33408K) Class: 5426K(5568K)->5426K(5568K)
[2026-04-03T01:29:58.258+0600][3.567s][info][gc             ] GC(10) Pause Young (Normal) (G1 Evacuation Pause) 39M->12M(48M) 4.297ms
[2026-04-03T01:29:58.258+0600][3.567s][info][gc,cpu         ] GC(10) User=0.03s Sys=0.01s Real=0.00s
[2026-04-03T01:29:58.595+0600][3.904s][info][gc,start       ] GC(11) Pause Young (Normal) (G1 Evacuation Pause)
[2026-04-03T01:29:58.595+0600][3.904s][info][gc,task        ] GC(11) Using 10 workers of 10 for evacuation
[2026-04-03T01:29:58.600+0600][3.910s][info][gc,phases      ] GC(11)   Pre Evacuate Collection Set: 0.17ms
[2026-04-03T01:29:58.600+0600][3.910s][info][gc,phases      ] GC(11)   Merge Heap Roots: 0.09ms
[2026-04-03T01:29:58.600+0600][3.910s][info][gc,phases      ] GC(11)   Evacuate Collection Set: 4.82ms
[2026-04-03T01:29:58.600+0600][3.910s][info][gc,phases      ] GC(11)   Post Evacuate Collection Set: 0.63ms
[2026-04-03T01:29:58.600+0600][3.910s][info][gc,phases      ] GC(11)   Other: 0.08ms
[2026-04-03T01:29:58.601+0600][3.910s][info][gc,heap        ] GC(11) Eden regions: 13->0(13)
[2026-04-03T01:29:58.601+0600][3.910s][info][gc,heap        ] GC(11) Survivor regions: 1->1(2)
[2026-04-03T01:29:58.601+0600][3.910s][info][gc,heap        ] GC(11) Old regions: 7->7
[2026-04-03T01:29:58.601+0600][3.910s][info][gc,heap        ] GC(11) Humongous regions: 0->0
[2026-04-03T01:29:58.601+0600][3.910s][info][gc,metaspace   ] GC(11) Metaspace: 43359K(43968K)->43359K(43968K) NonClass: 36712K(37056K)->36712K(37056K) Class: 6647K(6912K)->6647K(6912K)
[2026-04-03T01:29:58.601+0600][3.910s][info][gc             ] GC(11) Pause Young (Normal) (G1 Evacuation Pause) 38M->13M(48M) 6.069ms
[2026-04-03T01:29:58.601+0600][3.910s][info][gc,cpu         ] GC(11) User=0.05s Sys=0.00s Real=0.01s
[2026-04-03T01:29:58.986+0600][4.295s][info][gc,start       ] GC(12) Pause Young (Normal) (G1 Evacuation Pause)
[2026-04-03T01:29:58.986+0600][4.295s][info][gc,task        ] GC(12) Using 10 workers of 10 for evacuation
[2026-04-03T01:29:58.993+0600][4.303s][info][gc,phases      ] GC(12)   Pre Evacuate Collection Set: 0.28ms
[2026-04-03T01:29:58.993+0600][4.303s][info][gc,phases      ] GC(12)   Merge Heap Roots: 0.14ms
[2026-04-03T01:29:58.993+0600][4.303s][info][gc,phases      ] GC(12)   Evacuate Collection Set: 5.74ms
[2026-04-03T01:29:58.993+0600][4.303s][info][gc,phases      ] GC(12)   Post Evacuate Collection Set: 0.91ms
[2026-04-03T01:29:58.993+0600][4.303s][info][gc,phases      ] GC(12)   Other: 0.12ms
[2026-04-03T01:29:58.993+0600][4.303s][info][gc,heap        ] GC(12) Eden regions: 13->0(12)
[2026-04-03T01:29:58.993+0600][4.303s][info][gc,heap        ] GC(12) Survivor regions: 1->2(2)
[2026-04-03T01:29:58.994+0600][4.303s][info][gc,heap        ] GC(12) Old regions: 7->7
[2026-04-03T01:29:58.994+0600][4.303s][info][gc,heap        ] GC(12) Humongous regions: 0->0
[2026-04-03T01:29:58.994+0600][4.303s][info][gc,metaspace   ] GC(12) Metaspace: 48319K(49024K)->48319K(49024K) NonClass: 40599K(41024K)->40599K(41024K) Class: 7719K(8000K)->7719K(8000K)
[2026-04-03T01:29:58.994+0600][4.303s][info][gc             ] GC(12) Pause Young (Normal) (G1 Evacuation Pause) 39M->14M(48M) 7.570ms
[2026-04-03T01:29:58.994+0600][4.303s][info][gc,cpu         ] GC(12) User=0.06s Sys=0.00s Real=0.01s
[2026-04-03T01:29:59.425+0600][4.735s][info][gc,start       ] GC(13) Pause Young (Normal) (G1 Evacuation Pause)
[2026-04-03T01:29:59.425+0600][4.735s][info][gc,task        ] GC(13) Using 10 workers of 10 for evacuation
[2026-04-03T01:29:59.434+0600][4.743s][info][gc,phases      ] GC(13)   Pre Evacuate Collection Set: 0.21ms
[2026-04-03T01:29:59.434+0600][4.744s][info][gc,phases      ] GC(13)   Merge Heap Roots: 0.13ms
[2026-04-03T01:29:59.434+0600][4.744s][info][gc,phases      ] GC(13)   Evacuate Collection Set: 7.15ms
[2026-04-03T01:29:59.434+0600][4.744s][info][gc,phases      ] GC(13)   Post Evacuate Collection Set: 1.17ms
[2026-04-03T01:29:59.434+0600][4.744s][info][gc,phases      ] GC(13)   Other: 0.11ms
[2026-04-03T01:29:59.434+0600][4.744s][info][gc,heap        ] GC(13) Eden regions: 12->0(42)
[2026-04-03T01:29:59.434+0600][4.744s][info][gc,heap        ] GC(13) Survivor regions: 2->2(2)
[2026-04-03T01:29:59.434+0600][4.744s][info][gc,heap        ] GC(13) Old regions: 7->9
[2026-04-03T01:29:59.434+0600][4.744s][info][gc,heap        ] GC(13) Humongous regions: 0->0
[2026-04-03T01:29:59.434+0600][4.744s][info][gc,metaspace   ] GC(13) Metaspace: 51953K(52608K)->51953K(52608K) NonClass: 43586K(43968K)->43586K(43968K) Class: 8366K(8640K)->8366K(8640K)
[2026-04-03T01:29:59.434+0600][4.744s][info][gc             ] GC(13) Pause Young (Normal) (G1 Evacuation Pause) 38M->18M(148M) 9.157ms
[2026-04-03T01:29:59.435+0600][4.744s][info][gc,cpu         ] GC(13) User=0.07s Sys=0.01s Real=0.01s
[2026-04-03T01:30:01.881+0600][7.190s][info][gc,start       ] GC(14) Pause Young (Normal) (G1 Evacuation Pause)
[2026-04-03T01:30:01.881+0600][7.191s][info][gc,task        ] GC(14) Using 10 workers of 10 for evacuation
[2026-04-03T01:30:01.889+0600][7.198s][info][gc,phases      ] GC(14)   Pre Evacuate Collection Set: 0.40ms
[2026-04-03T01:30:01.889+0600][7.198s][info][gc,phases      ] GC(14)   Merge Heap Roots: 0.24ms
[2026-04-03T01:30:01.889+0600][7.198s][info][gc,phases      ] GC(14)   Evacuate Collection Set: 5.39ms
[2026-04-03T01:30:01.889+0600][7.198s][info][gc,phases      ] GC(14)   Post Evacuate Collection Set: 1.07ms
[2026-04-03T01:30:01.889+0600][7.198s][info][gc,phases      ] GC(14)   Other: 0.13ms
[2026-04-03T01:30:01.889+0600][7.198s][info][gc,heap        ] GC(14) Eden regions: 42->0(41)
[2026-04-03T01:30:01.889+0600][7.198s][info][gc,heap        ] GC(14) Survivor regions: 2->3(6)
[2026-04-03T01:30:01.889+0600][7.198s][info][gc,heap        ] GC(14) Old regions: 9->9
[2026-04-03T01:30:01.889+0600][7.198s][info][gc,heap        ] GC(14) Humongous regions: 0->0
[2026-04-03T01:30:01.889+0600][7.198s][info][gc,metaspace   ] GC(14) Metaspace: 54541K(55232K)->54541K(55232K) NonClass: 46054K(46464K)->46054K(46464K) Class: 8487K(8768K)->8487K(8768K)
[2026-04-03T01:30:01.889+0600][7.198s][info][gc             ] GC(14) Pause Young (Normal) (G1 Evacuation Pause) 102M->19M(148M) 7.661ms
[2026-04-03T01:30:01.889+0600][7.198s][info][gc,cpu         ] GC(14) User=0.05s Sys=0.02s Real=0.00s
[2026-04-03T01:30:03.413+0600][8.722s][info][gc,start       ] GC(15) Pause Young (Normal) (G1 Evacuation Pause)
[2026-04-03T01:30:03.413+0600][8.722s][info][gc,task        ] GC(15) Using 10 workers of 10 for evacuation
[2026-04-03T01:30:03.419+0600][8.728s][info][gc,phases      ] GC(15)   Pre Evacuate Collection Set: 0.27ms
[2026-04-03T01:30:03.419+0600][8.728s][info][gc,phases      ] GC(15)   Merge Heap Roots: 0.20ms
[2026-04-03T01:30:03.419+0600][8.728s][info][gc,phases      ] GC(15)   Evacuate Collection Set: 4.24ms
[2026-04-03T01:30:03.419+0600][8.728s][info][gc,phases      ] GC(15)   Post Evacuate Collection Set: 1.24ms
[2026-04-03T01:30:03.419+0600][8.728s][info][gc,phases      ] GC(15)   Other: 0.12ms
[2026-04-03T01:30:03.419+0600][8.728s][info][gc,heap        ] GC(15) Eden regions: 41->0(41)
[2026-04-03T01:30:03.419+0600][8.728s][info][gc,heap        ] GC(15) Survivor regions: 3->3(6)
[2026-04-03T01:30:03.419+0600][8.728s][info][gc,heap        ] GC(15) Old regions: 9->9
[2026-04-03T01:30:03.419+0600][8.728s][info][gc,heap        ] GC(15) Humongous regions: 0->0
[2026-04-03T01:30:03.419+0600][8.728s][info][gc,metaspace   ] GC(15) Metaspace: 54706K(55424K)->54706K(55424K) NonClass: 46217K(46656K)->46217K(46656K) Class: 8488K(8768K)->8488K(8768K)
[2026-04-03T01:30:03.419+0600][8.729s][info][gc             ] GC(15) Pause Young (Normal) (G1 Evacuation Pause) 101M->19M(148M) 6.408ms
[2026-04-03T01:30:03.419+0600][8.729s][info][gc,cpu         ] GC(15) User=0.04s Sys=0.00s Real=0.00s
[2026-04-03T01:30:04.512+0600][9.821s][info][gc,start       ] GC(16) Pause Young (Normal) (G1 Evacuation Pause)
[2026-04-03T01:30:04.525+0600][9.834s][info][gc,task        ] GC(16) Using 10 workers of 10 for evacuation
[2026-04-03T01:30:04.530+0600][9.839s][info][gc,phases      ] GC(16)   Pre Evacuate Collection Set: 0.41ms
[2026-04-03T01:30:04.530+0600][9.840s][info][gc,phases      ] GC(16)   Merge Heap Roots: 0.28ms
[2026-04-03T01:30:04.530+0600][9.840s][info][gc,phases      ] GC(16)   Evacuate Collection Set: 3.02ms
[2026-04-03T01:30:04.530+0600][9.840s][info][gc,phases      ] GC(16)   Post Evacuate Collection Set: 1.21ms
[2026-04-03T01:30:04.530+0600][9.840s][info][gc,phases      ] GC(16)   Other: 0.15ms
[2026-04-03T01:30:04.530+0600][9.840s][info][gc,heap        ] GC(16) Eden regions: 41->0(41)
[2026-04-03T01:30:04.530+0600][9.840s][info][gc,heap        ] GC(16) Survivor regions: 3->3(6)
[2026-04-03T01:30:04.530+0600][9.840s][info][gc,heap        ] GC(16) Old regions: 9->9
[2026-04-03T01:30:04.530+0600][9.840s][info][gc,heap        ] GC(16) Humongous regions: 0->0
[2026-04-03T01:30:04.530+0600][9.840s][info][gc,metaspace   ] GC(16) Metaspace: 54818K(55488K)->54818K(55488K) NonClass: 46326K(46720K)->46326K(46720K) Class: 8491K(8768K)->8491K(8768K)
[2026-04-03T01:30:04.530+0600][9.840s][info][gc             ] GC(16) Pause Young (Normal) (G1 Evacuation Pause) 101M->19M(148M) 18.337ms
[2026-04-03T01:30:04.530+0600][9.840s][info][gc,cpu         ] GC(16) User=0.05s Sys=0.01s Real=0.02s
[2026-04-03T01:30:05.344+0600][10.653s][info][gc,start       ] GC(17) Pause Young (Normal) (G1 Evacuation Pause)
[2026-04-03T01:30:05.344+0600][10.654s][info][gc,task        ] GC(17) Using 10 workers of 10 for evacuation
[2026-04-03T01:30:05.350+0600][10.660s][info][gc,phases      ] GC(17)   Pre Evacuate Collection Set: 0.38ms
[2026-04-03T01:30:05.350+0600][10.660s][info][gc,phases      ] GC(17)   Merge Heap Roots: 0.19ms
[2026-04-03T01:30:05.350+0600][10.660s][info][gc,phases      ] GC(17)   Evacuate Collection Set: 3.62ms
[2026-04-03T01:30:05.350+0600][10.660s][info][gc,phases      ] GC(17)   Post Evacuate Collection Set: 1.56ms
[2026-04-03T01:30:05.350+0600][10.660s][info][gc,phases      ] GC(17)   Other: 0.14ms
[2026-04-03T01:30:05.350+0600][10.660s][info][gc,heap        ] GC(17) Eden regions: 41->0(41)
[2026-04-03T01:30:05.350+0600][10.660s][info][gc,heap        ] GC(17) Survivor regions: 3->3(6)
[2026-04-03T01:30:05.350+0600][10.660s][info][gc,heap        ] GC(17) Old regions: 9->9
[2026-04-03T01:30:05.350+0600][10.660s][info][gc,heap        ] GC(17) Humongous regions: 0->0
[2026-04-03T01:30:05.350+0600][10.660s][info][gc,metaspace   ] GC(17) Metaspace: 54849K(55488K)->54849K(55488K) NonClass: 46357K(46720K)->46357K(46720K) Class: 8491K(8768K)->8491K(8768K)
[2026-04-03T01:30:05.351+0600][10.660s][info][gc             ] GC(17) Pause Young (Normal) (G1 Evacuation Pause) 101M->19M(148M) 6.328ms
[2026-04-03T01:30:05.351+0600][10.660s][info][gc,cpu         ] GC(17) User=0.04s Sys=0.00s Real=0.01s
[2026-04-03T01:30:06.203+0600][11.512s][info][gc,start       ] GC(18) Pause Young (Normal) (G1 Evacuation Pause)
[2026-04-03T01:30:06.203+0600][11.512s][info][gc,task        ] GC(18) Using 10 workers of 10 for evacuation
[2026-04-03T01:30:06.209+0600][11.518s][info][gc,phases      ] GC(18)   Pre Evacuate Collection Set: 0.43ms
[2026-04-03T01:30:06.209+0600][11.518s][info][gc,phases      ] GC(18)   Merge Heap Roots: 0.19ms
[2026-04-03T01:30:06.209+0600][11.518s][info][gc,phases      ] GC(18)   Evacuate Collection Set: 4.06ms
[2026-04-03T01:30:06.209+0600][11.518s][info][gc,phases      ] GC(18)   Post Evacuate Collection Set: 1.05ms
[2026-04-03T01:30:06.209+0600][11.518s][info][gc,phases      ] GC(18)   Other: 0.12ms
[2026-04-03T01:30:06.209+0600][11.518s][info][gc,heap        ] GC(18) Eden regions: 41->0(41)
[2026-04-03T01:30:06.209+0600][11.518s][info][gc,heap        ] GC(18) Survivor regions: 3->3(6)
[2026-04-03T01:30:06.209+0600][11.518s][info][gc,heap        ] GC(18) Old regions: 9->9
[2026-04-03T01:30:06.209+0600][11.518s][info][gc,heap        ] GC(18) Humongous regions: 0->0
[2026-04-03T01:30:06.209+0600][11.518s][info][gc,metaspace   ] GC(18) Metaspace: 54859K(55552K)->54859K(55552K) NonClass: 46368K(46784K)->46368K(46784K) Class: 8491K(8768K)->8491K(8768K)
[2026-04-03T01:30:06.209+0600][11.519s][info][gc             ] GC(18) Pause Young (Normal) (G1 Evacuation Pause) 101M->19M(148M) 6.217ms
[2026-04-03T01:30:06.209+0600][11.519s][info][gc,cpu         ] GC(18) User=0.05s Sys=0.00s Real=0.00s
[2026-04-03T01:30:07.025+0600][12.334s][info][gc,start       ] GC(19) Pause Young (Normal) (G1 Evacuation Pause)
[2026-04-03T01:30:07.025+0600][12.335s][info][gc,task        ] GC(19) Using 10 workers of 10 for evacuation
[2026-04-03T01:30:07.030+0600][12.340s][info][gc,phases      ] GC(19)   Pre Evacuate Collection Set: 0.20ms
[2026-04-03T01:30:07.030+0600][12.340s][info][gc,phases      ] GC(19)   Merge Heap Roots: 0.16ms
[2026-04-03T01:30:07.030+0600][12.340s][info][gc,phases      ] GC(19)   Evacuate Collection Set: 3.50ms
[2026-04-03T01:30:07.030+0600][12.340s][info][gc,phases      ] GC(19)   Post Evacuate Collection Set: 1.10ms
[2026-04-03T01:30:07.030+0600][12.340s][info][gc,phases      ] GC(19)   Other: 0.10ms
[2026-04-03T01:30:07.031+0600][12.340s][info][gc,heap        ] GC(19) Eden regions: 41->0(41)
[2026-04-03T01:30:07.031+0600][12.340s][info][gc,heap        ] GC(19) Survivor regions: 3->3(6)
[2026-04-03T01:30:07.031+0600][12.340s][info][gc,heap        ] GC(19) Old regions: 9->9
[2026-04-03T01:30:07.031+0600][12.340s][info][gc,heap        ] GC(19) Humongous regions: 0->0
[2026-04-03T01:30:07.031+0600][12.340s][info][gc,metaspace   ] GC(19) Metaspace: 54867K(55552K)->54867K(55552K) NonClass: 46376K(46784K)->46376K(46784K) Class: 8491K(8768K)->8491K(8768K)
[2026-04-03T01:30:07.031+0600][12.340s][info][gc             ] GC(19) Pause Young (Normal) (G1 Evacuation Pause) 101M->19M(148M) 5.381ms
[2026-04-03T01:30:07.031+0600][12.340s][info][gc,cpu         ] GC(19) User=0.05s Sys=0.00s Real=0.01s
[2026-04-03T01:30:07.767+0600][13.076s][info][gc,start       ] GC(20) Pause Young (Normal) (G1 Evacuation Pause)
[2026-04-03T01:30:07.767+0600][13.077s][info][gc,task        ] GC(20) Using 10 workers of 10 for evacuation
[2026-04-03T01:30:07.773+0600][13.082s][info][gc,phases      ] GC(20)   Pre Evacuate Collection Set: 0.25ms
[2026-04-03T01:30:07.773+0600][13.082s][info][gc,phases      ] GC(20)   Merge Heap Roots: 0.18ms
[2026-04-03T01:30:07.773+0600][13.082s][info][gc,phases      ] GC(20)   Evacuate Collection Set: 3.83ms
[2026-04-03T01:30:07.773+0600][13.082s][info][gc,phases      ] GC(20)   Post Evacuate Collection Set: 1.43ms
[2026-04-03T01:30:07.773+0600][13.082s][info][gc,phases      ] GC(20)   Other: 0.11ms
[2026-04-03T01:30:07.773+0600][13.083s][info][gc,heap        ] GC(20) Eden regions: 41->0(41)
[2026-04-03T01:30:07.773+0600][13.083s][info][gc,heap        ] GC(20) Survivor regions: 3->3(6)
[2026-04-03T01:30:07.773+0600][13.083s][info][gc,heap        ] GC(20) Old regions: 9->9
[2026-04-03T01:30:07.773+0600][13.083s][info][gc,heap        ] GC(20) Humongous regions: 0->0
[2026-04-03T01:30:07.773+0600][13.083s][info][gc,metaspace   ] GC(20) Metaspace: 54867K(55552K)->54867K(55552K) NonClass: 46376K(46784K)->46376K(46784K) Class: 8491K(8768K)->8491K(8768K)
[2026-04-03T01:30:07.773+0600][13.083s][info][gc             ] GC(20) Pause Young (Normal) (G1 Evacuation Pause) 101M->19M(148M) 6.218ms
[2026-04-03T01:30:07.773+0600][13.083s][info][gc,cpu         ] GC(20) User=0.04s Sys=0.01s Real=0.01s
[2026-04-03T01:30:08.388+0600][13.698s][info][gc,start       ] GC(21) Pause Young (Normal) (G1 Evacuation Pause)
[2026-04-03T01:30:08.388+0600][13.698s][info][gc,task        ] GC(21) Using 10 workers of 10 for evacuation
[2026-04-03T01:30:08.394+0600][13.703s][info][gc,phases      ] GC(21)   Pre Evacuate Collection Set: 0.31ms
[2026-04-03T01:30:08.394+0600][13.703s][info][gc,phases      ] GC(21)   Merge Heap Roots: 0.23ms
[2026-04-03T01:30:08.394+0600][13.703s][info][gc,phases      ] GC(21)   Evacuate Collection Set: 3.34ms
[2026-04-03T01:30:08.394+0600][13.703s][info][gc,phases      ] GC(21)   Post Evacuate Collection Set: 1.28ms
[2026-04-03T01:30:08.394+0600][13.703s][info][gc,phases      ] GC(21)   Other: 0.13ms
[2026-04-03T01:30:08.394+0600][13.703s][info][gc,heap        ] GC(21) Eden regions: 41->0(41)
[2026-04-03T01:30:08.394+0600][13.703s][info][gc,heap        ] GC(21) Survivor regions: 3->3(6)
[2026-04-03T01:30:08.394+0600][13.703s][info][gc,heap        ] GC(21) Old regions: 9->9
[2026-04-03T01:30:08.394+0600][13.703s][info][gc,heap        ] GC(21) Humongous regions: 0->0
[2026-04-03T01:30:08.394+0600][13.703s][info][gc,metaspace   ] GC(21) Metaspace: 54869K(55552K)->54869K(55552K) NonClass: 46377K(46784K)->46377K(46784K) Class: 8491K(8768K)->8491K(8768K)
[2026-04-03T01:30:08.394+0600][13.703s][info][gc             ] GC(21) Pause Young (Normal) (G1 Evacuation Pause) 101M->19M(148M) 5.688ms
[2026-04-03T01:30:08.394+0600][13.703s][info][gc,cpu         ] GC(21) User=0.03s Sys=0.00s Real=0.01s
[2026-04-03T01:30:08.987+0600][14.296s][info][gc,start       ] GC(22) Pause Young (Normal) (G1 Evacuation Pause)
[2026-04-03T01:30:08.987+0600][14.297s][info][gc,task        ] GC(22) Using 10 workers of 10 for evacuation
[2026-04-03T01:30:08.993+0600][14.302s][info][gc,phases      ] GC(22)   Pre Evacuate Collection Set: 0.29ms
[2026-04-03T01:30:08.993+0600][14.302s][info][gc,phases      ] GC(22)   Merge Heap Roots: 0.17ms
[2026-04-03T01:30:08.993+0600][14.302s][info][gc,phases      ] GC(22)   Evacuate Collection Set: 3.86ms
[2026-04-03T01:30:08.993+0600][14.302s][info][gc,phases      ] GC(22)   Post Evacuate Collection Set: 1.20ms
[2026-04-03T01:30:08.993+0600][14.302s][info][gc,phases      ] GC(22)   Other: 0.11ms
[2026-04-03T01:30:08.993+0600][14.302s][info][gc,heap        ] GC(22) Eden regions: 41->0(41)
[2026-04-03T01:30:08.993+0600][14.302s][info][gc,heap        ] GC(22) Survivor regions: 3->3(6)
[2026-04-03T01:30:08.993+0600][14.302s][info][gc,heap        ] GC(22) Old regions: 9->9
[2026-04-03T01:30:08.993+0600][14.302s][info][gc,heap        ] GC(22) Humongous regions: 0->0
[2026-04-03T01:30:08.993+0600][14.302s][info][gc,metaspace   ] GC(22) Metaspace: 54875K(55552K)->54875K(55552K) NonClass: 46383K(46784K)->46383K(46784K) Class: 8492K(8768K)->8492K(8768K)
[2026-04-03T01:30:08.993+0600][14.302s][info][gc             ] GC(22) Pause Young (Normal) (G1 Evacuation Pause) 101M->19M(148M) 5.988ms
[2026-04-03T01:30:08.993+0600][14.302s][info][gc,cpu         ] GC(22) User=0.05s Sys=0.00s Real=0.01s
[2026-04-03T01:30:09.589+0600][14.898s][info][gc,start       ] GC(23) Pause Young (Normal) (G1 Evacuation Pause)
[2026-04-03T01:30:09.589+0600][14.898s][info][gc,task        ] GC(23) Using 10 workers of 10 for evacuation
[2026-04-03T01:30:09.595+0600][14.904s][info][gc,phases      ] GC(23)   Pre Evacuate Collection Set: 0.47ms
[2026-04-03T01:30:09.595+0600][14.904s][info][gc,phases      ] GC(23)   Merge Heap Roots: 0.17ms
[2026-04-03T01:30:09.595+0600][14.904s][info][gc,phases      ] GC(23)   Evacuate Collection Set: 3.91ms
[2026-04-03T01:30:09.595+0600][14.904s][info][gc,phases      ] GC(23)   Post Evacuate Collection Set: 1.25ms
[2026-04-03T01:30:09.595+0600][14.905s][info][gc,phases      ] GC(23)   Other: 0.12ms
[2026-04-03T01:30:09.595+0600][14.905s][info][gc,heap        ] GC(23) Eden regions: 41->0(41)
[2026-04-03T01:30:09.595+0600][14.905s][info][gc,heap        ] GC(23) Survivor regions: 3->3(6)
[2026-04-03T01:30:09.595+0600][14.905s][info][gc,heap        ] GC(23) Old regions: 9->9
[2026-04-03T01:30:09.595+0600][14.905s][info][gc,heap        ] GC(23) Humongous regions: 0->0
[2026-04-03T01:30:09.595+0600][14.905s][info][gc,metaspace   ] GC(23) Metaspace: 54876K(55552K)->54876K(55552K) NonClass: 46384K(46784K)->46384K(46784K) Class: 8492K(8768K)->8492K(8768K)
[2026-04-03T01:30:09.595+0600][14.905s][info][gc             ] GC(23) Pause Young (Normal) (G1 Evacuation Pause) 101M->19M(148M) 6.244ms
[2026-04-03T01:30:09.595+0600][14.905s][info][gc,cpu         ] GC(23) User=0.05s Sys=0.00s Real=0.01s
[2026-04-03T01:30:10.086+0600][15.395s][info][gc,start       ] GC(24) Pause Young (Normal) (G1 Evacuation Pause)
[2026-04-03T01:30:10.086+0600][15.395s][info][gc,task        ] GC(24) Using 10 workers of 10 for evacuation
[2026-04-03T01:30:10.092+0600][15.401s][info][gc,phases      ] GC(24)   Pre Evacuate Collection Set: 0.20ms
[2026-04-03T01:30:10.092+0600][15.401s][info][gc,phases      ] GC(24)   Merge Heap Roots: 0.15ms
[2026-04-03T01:30:10.092+0600][15.401s][info][gc,phases      ] GC(24)   Evacuate Collection Set: 4.38ms
[2026-04-03T01:30:10.092+0600][15.401s][info][gc,phases      ] GC(24)   Post Evacuate Collection Set: 1.27ms
[2026-04-03T01:30:10.092+0600][15.402s][info][gc,phases      ] GC(24)   Other: 0.11ms
[2026-04-03T01:30:10.092+0600][15.402s][info][gc,heap        ] GC(24) Eden regions: 41->0(41)
[2026-04-03T01:30:10.092+0600][15.402s][info][gc,heap        ] GC(24) Survivor regions: 3->3(6)
[2026-04-03T01:30:10.092+0600][15.402s][info][gc,heap        ] GC(24) Old regions: 9->9
[2026-04-03T01:30:10.092+0600][15.402s][info][gc,heap        ] GC(24) Humongous regions: 0->0
[2026-04-03T01:30:10.092+0600][15.402s][info][gc,metaspace   ] GC(24) Metaspace: 54886K(55552K)->54886K(55552K) NonClass: 46394K(46784K)->46394K(46784K) Class: 8492K(8768K)->8492K(8768K)
[2026-04-03T01:30:10.092+0600][15.402s][info][gc             ] GC(24) Pause Young (Normal) (G1 Evacuation Pause) 101M->19M(148M) 6.575ms
[2026-04-03T01:30:10.092+0600][15.402s][info][gc,cpu         ] GC(24) User=0.05s Sys=0.01s Real=0.01s
[2026-04-03T01:30:10.602+0600][15.911s][info][gc,start       ] GC(25) Pause Young (Normal) (G1 Evacuation Pause)
[2026-04-03T01:30:10.602+0600][15.911s][info][gc,task        ] GC(25) Using 10 workers of 10 for evacuation
[2026-04-03T01:30:10.608+0600][15.918s][info][gc,phases      ] GC(25)   Pre Evacuate Collection Set: 0.41ms
[2026-04-03T01:30:10.608+0600][15.918s][info][gc,phases      ] GC(25)   Merge Heap Roots: 0.23ms
[2026-04-03T01:30:10.608+0600][15.918s][info][gc,phases      ] GC(25)   Evacuate Collection Set: 4.19ms
[2026-04-03T01:30:10.608+0600][15.918s][info][gc,phases      ] GC(25)   Post Evacuate Collection Set: 1.26ms
[2026-04-03T01:30:10.609+0600][15.918s][info][gc,phases      ] GC(25)   Other: 0.14ms
[2026-04-03T01:30:10.609+0600][15.918s][info][gc,heap        ] GC(25) Eden regions: 41->0(41)
[2026-04-03T01:30:10.609+0600][15.918s][info][gc,heap        ] GC(25) Survivor regions: 3->3(6)
[2026-04-03T01:30:10.609+0600][15.918s][info][gc,heap        ] GC(25) Old regions: 9->9
[2026-04-03T01:30:10.609+0600][15.918s][info][gc,heap        ] GC(25) Humongous regions: 0->0
[2026-04-03T01:30:10.609+0600][15.918s][info][gc,metaspace   ] GC(25) Metaspace: 54886K(55552K)->54886K(55552K) NonClass: 46394K(46784K)->46394K(46784K) Class: 8492K(8768K)->8492K(8768K)
[2026-04-03T01:30:10.609+0600][15.918s][info][gc             ] GC(25) Pause Young (Normal) (G1 Evacuation Pause) 101M->19M(148M) 6.727ms
[2026-04-03T01:30:10.609+0600][15.918s][info][gc,cpu         ] GC(25) User=0.05s Sys=0.00s Real=0.00s
[2026-04-03T01:30:11.079+0600][16.388s][info][gc,start       ] GC(26) Pause Young (Normal) (G1 Evacuation Pause)
[2026-04-03T01:30:11.079+0600][16.388s][info][gc,task        ] GC(26) Using 10 workers of 10 for evacuation
[2026-04-03T01:30:11.085+0600][16.394s][info][gc,phases      ] GC(26)   Pre Evacuate Collection Set: 0.29ms
[2026-04-03T01:30:11.085+0600][16.394s][info][gc,phases      ] GC(26)   Merge Heap Roots: 0.19ms
[2026-04-03T01:30:11.085+0600][16.394s][info][gc,phases      ] GC(26)   Evacuate Collection Set: 3.48ms
[2026-04-03T01:30:11.085+0600][16.394s][info][gc,phases      ] GC(26)   Post Evacuate Collection Set: 1.23ms
[2026-04-03T01:30:11.085+0600][16.394s][info][gc,phases      ] GC(26)   Other: 0.11ms
[2026-04-03T01:30:11.085+0600][16.394s][info][gc,heap        ] GC(26) Eden regions: 41->0(41)
[2026-04-03T01:30:11.085+0600][16.394s][info][gc,heap        ] GC(26) Survivor regions: 3->3(6)
[2026-04-03T01:30:11.085+0600][16.394s][info][gc,heap        ] GC(26) Old regions: 9->9
[2026-04-03T01:30:11.085+0600][16.394s][info][gc,heap        ] GC(26) Humongous regions: 0->0
[2026-04-03T01:30:11.085+0600][16.394s][info][gc,metaspace   ] GC(26) Metaspace: 54888K(55552K)->54888K(55552K) NonClass: 46396K(46784K)->46396K(46784K) Class: 8492K(8768K)->8492K(8768K)
[2026-04-03T01:30:11.085+0600][16.394s][info][gc             ] GC(26) Pause Young (Normal) (G1 Evacuation Pause) 101M->19M(148M) 5.657ms
[2026-04-03T01:30:11.085+0600][16.394s][info][gc,cpu         ] GC(26) User=0.05s Sys=0.00s Real=0.01s
[2026-04-03T01:30:11.501+0600][16.811s][info][gc,start       ] GC(27) Pause Young (Normal) (G1 Evacuation Pause)
[2026-04-03T01:30:11.502+0600][16.811s][info][gc,task        ] GC(27) Using 10 workers of 10 for evacuation
[2026-04-03T01:30:11.507+0600][16.816s][info][gc,phases      ] GC(27)   Pre Evacuate Collection Set: 0.21ms
[2026-04-03T01:30:11.507+0600][16.817s][info][gc,phases      ] GC(27)   Merge Heap Roots: 0.17ms
[2026-04-03T01:30:11.507+0600][16.817s][info][gc,phases      ] GC(27)   Evacuate Collection Set: 4.00ms
[2026-04-03T01:30:11.507+0600][16.817s][info][gc,phases      ] GC(27)   Post Evacuate Collection Set: 1.14ms
[2026-04-03T01:30:11.507+0600][16.817s][info][gc,phases      ] GC(27)   Other: 0.11ms
[2026-04-03T01:30:11.507+0600][16.817s][info][gc,heap        ] GC(27) Eden regions: 41->0(42)
[2026-04-03T01:30:11.507+0600][16.817s][info][gc,heap        ] GC(27) Survivor regions: 3->2(6)
[2026-04-03T01:30:11.507+0600][16.817s][info][gc,heap        ] GC(27) Old regions: 9->10
[2026-04-03T01:30:11.507+0600][16.817s][info][gc,heap        ] GC(27) Humongous regions: 0->0
[2026-04-03T01:30:11.507+0600][16.817s][info][gc,metaspace   ] GC(27) Metaspace: 54918K(55552K)->54918K(55552K) NonClass: 46424K(46784K)->46424K(46784K) Class: 8494K(8768K)->8494K(8768K)
[2026-04-03T01:30:11.507+0600][16.817s][info][gc             ] GC(27) Pause Young (Normal) (G1 Evacuation Pause) 101M->19M(148M) 5.997ms
[2026-04-03T01:30:11.508+0600][16.817s][info][gc,cpu         ] GC(27) User=0.05s Sys=0.00s Real=0.00s
[2026-04-03T01:30:11.928+0600][17.237s][info][gc,start       ] GC(28) Pause Young (Normal) (G1 Evacuation Pause)
[2026-04-03T01:30:11.928+0600][17.237s][info][gc,task        ] GC(28) Using 10 workers of 10 for evacuation
[2026-04-03T01:30:11.932+0600][17.242s][info][gc,phases      ] GC(28)   Pre Evacuate Collection Set: 0.20ms
[2026-04-03T01:30:11.933+0600][17.242s][info][gc,phases      ] GC(28)   Merge Heap Roots: 0.15ms
[2026-04-03T01:30:11.933+0600][17.242s][info][gc,phases      ] GC(28)   Evacuate Collection Set: 2.79ms
[2026-04-03T01:30:11.933+0600][17.242s][info][gc,phases      ] GC(28)   Post Evacuate Collection Set: 0.97ms
[2026-04-03T01:30:11.933+0600][17.242s][info][gc,phases      ] GC(28)   Other: 0.10ms
[2026-04-03T01:30:11.933+0600][17.242s][info][gc,heap        ] GC(28) Eden regions: 42->0(52)
[2026-04-03T01:30:11.933+0600][17.242s][info][gc,heap        ] GC(28) Survivor regions: 2->1(6)
[2026-04-03T01:30:11.933+0600][17.242s][info][gc,heap        ] GC(28) Old regions: 10->11
[2026-04-03T01:30:11.933+0600][17.242s][info][gc,heap        ] GC(28) Humongous regions: 0->0
[2026-04-03T01:30:11.933+0600][17.242s][info][gc,metaspace   ] GC(28) Metaspace: 54918K(55552K)->54918K(55552K) NonClass: 46424K(46784K)->46424K(46784K) Class: 8494K(8768K)->8494K(8768K)
[2026-04-03T01:30:11.933+0600][17.242s][info][gc             ] GC(28) Pause Young (Normal) (G1 Evacuation Pause) 103M->19M(178M) 4.558ms
[2026-04-03T01:30:11.933+0600][17.242s][info][gc,cpu         ] GC(28) User=0.03s Sys=0.00s Real=0.01s
[2026-04-03T01:30:12.439+0600][17.748s][info][gc,start       ] GC(29) Pause Young (Normal) (G1 Evacuation Pause)
[2026-04-03T01:30:12.439+0600][17.748s][info][gc,task        ] GC(29) Using 10 workers of 10 for evacuation
[2026-04-03T01:30:12.442+0600][17.751s][info][gc,phases      ] GC(29)   Pre Evacuate Collection Set: 0.30ms
[2026-04-03T01:30:12.442+0600][17.751s][info][gc,phases      ] GC(29)   Merge Heap Roots: 0.14ms
[2026-04-03T01:30:12.442+0600][17.751s][info][gc,phases      ] GC(29)   Evacuate Collection Set: 1.76ms
[2026-04-03T01:30:12.442+0600][17.751s][info][gc,phases      ] GC(29)   Post Evacuate Collection Set: 0.52ms
[2026-04-03T01:30:12.442+0600][17.751s][info][gc,phases      ] GC(29)   Other: 0.11ms
[2026-04-03T01:30:12.442+0600][17.751s][info][gc,heap        ] GC(29) Eden regions: 52->0(52)
[2026-04-03T01:30:12.442+0600][17.751s][info][gc,heap        ] GC(29) Survivor regions: 1->1(7)
[2026-04-03T01:30:12.442+0600][17.751s][info][gc,heap        ] GC(29) Old regions: 11->12
[2026-04-03T01:30:12.442+0600][17.751s][info][gc,heap        ] GC(29) Humongous regions: 0->0
[2026-04-03T01:30:12.442+0600][17.751s][info][gc,metaspace   ] GC(29) Metaspace: 54921K(55552K)->54921K(55552K) NonClass: 46427K(46784K)->46427K(46784K) Class: 8494K(8768K)->8494K(8768K)
[2026-04-03T01:30:12.442+0600][17.751s][info][gc             ] GC(29) Pause Young (Normal) (G1 Evacuation Pause) 123M->19M(178M) 3.252ms
[2026-04-03T01:30:12.442+0600][17.751s][info][gc,cpu         ] GC(29) User=0.02s Sys=0.00s Real=0.01s
[2026-04-03T01:30:12.858+0600][18.167s][info][gc,start       ] GC(30) Pause Young (Normal) (G1 Evacuation Pause)
[2026-04-03T01:30:12.858+0600][18.167s][info][gc,task        ] GC(30) Using 10 workers of 10 for evacuation
[2026-04-03T01:30:12.860+0600][18.169s][info][gc,phases      ] GC(30)   Pre Evacuate Collection Set: 0.27ms
[2026-04-03T01:30:12.860+0600][18.170s][info][gc,phases      ] GC(30)   Merge Heap Roots: 0.14ms
[2026-04-03T01:30:12.860+0600][18.170s][info][gc,phases      ] GC(30)   Evacuate Collection Set: 1.16ms
[2026-04-03T01:30:12.860+0600][18.170s][info][gc,phases      ] GC(30)   Post Evacuate Collection Set: 0.43ms
[2026-04-03T01:30:12.860+0600][18.170s][info][gc,phases      ] GC(30)   Other: 0.10ms
[2026-04-03T01:30:12.860+0600][18.170s][info][gc,heap        ] GC(30) Eden regions: 52->0(52)
[2026-04-03T01:30:12.860+0600][18.170s][info][gc,heap        ] GC(30) Survivor regions: 1->1(7)
[2026-04-03T01:30:12.860+0600][18.170s][info][gc,heap        ] GC(30) Old regions: 12->12
[2026-04-03T01:30:12.860+0600][18.170s][info][gc,heap        ] GC(30) Humongous regions: 0->0
[2026-04-03T01:30:12.860+0600][18.170s][info][gc,metaspace   ] GC(30) Metaspace: 54925K(55616K)->54925K(55616K) NonClass: 46431K(46848K)->46431K(46848K) Class: 8494K(8768K)->8494K(8768K)
[2026-04-03T01:30:12.860+0600][18.170s][info][gc             ] GC(30) Pause Young (Normal) (G1 Evacuation Pause) 123M->19M(178M) 2.428ms
[2026-04-03T01:30:12.860+0600][18.170s][info][gc,cpu         ] GC(30) User=0.02s Sys=0.01s Real=0.01s
[2026-04-03T01:30:13.277+0600][18.586s][info][gc,start       ] GC(31) Pause Young (Normal) (G1 Evacuation Pause)
[2026-04-03T01:30:13.277+0600][18.586s][info][gc,task        ] GC(31) Using 10 workers of 10 for evacuation
[2026-04-03T01:30:13.281+0600][18.590s][info][gc,phases      ] GC(31)   Pre Evacuate Collection Set: 0.19ms
[2026-04-03T01:30:13.281+0600][18.590s][info][gc,phases      ] GC(31)   Merge Heap Roots: 0.14ms
[2026-04-03T01:30:13.281+0600][18.590s][info][gc,phases      ] GC(31)   Evacuate Collection Set: 2.85ms
[2026-04-03T01:30:13.281+0600][18.590s][info][gc,phases      ] GC(31)   Post Evacuate Collection Set: 0.49ms
[2026-04-03T01:30:13.281+0600][18.590s][info][gc,phases      ] GC(31)   Other: 0.10ms
[2026-04-03T01:30:13.281+0600][18.590s][info][gc,heap        ] GC(31) Eden regions: 52->0(52)
[2026-04-03T01:30:13.281+0600][18.590s][info][gc,heap        ] GC(31) Survivor regions: 1->1(7)
[2026-04-03T01:30:13.281+0600][18.590s][info][gc,heap        ] GC(31) Old regions: 12->12
[2026-04-03T01:30:13.281+0600][18.590s][info][gc,heap        ] GC(31) Humongous regions: 0->0
[2026-04-03T01:30:13.281+0600][18.590s][info][gc,metaspace   ] GC(31) Metaspace: 54928K(55616K)->54928K(55616K) NonClass: 46433K(46848K)->46433K(46848K) Class: 8494K(8768K)->8494K(8768K)
[2026-04-03T01:30:13.281+0600][18.590s][info][gc             ] GC(31) Pause Young (Normal) (G1 Evacuation Pause) 123M->19M(178M) 4.149ms
[2026-04-03T01:30:13.281+0600][18.590s][info][gc,cpu         ] GC(31) User=0.02s Sys=0.01s Real=0.01s
[2026-04-03T01:30:13.677+0600][18.986s][info][gc,start       ] GC(32) Pause Young (Normal) (G1 Evacuation Pause)
[2026-04-03T01:30:13.677+0600][18.986s][info][gc,task        ] GC(32) Using 10 workers of 10 for evacuation
[2026-04-03T01:30:13.679+0600][18.988s][info][gc,phases      ] GC(32)   Pre Evacuate Collection Set: 0.18ms
[2026-04-03T01:30:13.679+0600][18.988s][info][gc,phases      ] GC(32)   Merge Heap Roots: 0.11ms
[2026-04-03T01:30:13.679+0600][18.988s][info][gc,phases      ] GC(32)   Evacuate Collection Set: 1.01ms
[2026-04-03T01:30:13.679+0600][18.988s][info][gc,phases      ] GC(32)   Post Evacuate Collection Set: 0.37ms
[2026-04-03T01:30:13.679+0600][18.988s][info][gc,phases      ] GC(32)   Other: 0.09ms
[2026-04-03T01:30:13.679+0600][18.988s][info][gc,heap        ] GC(32) Eden regions: 52->0(52)
[2026-04-03T01:30:13.679+0600][18.988s][info][gc,heap        ] GC(32) Survivor regions: 1->1(7)
[2026-04-03T01:30:13.679+0600][18.988s][info][gc,heap        ] GC(32) Old regions: 12->12
[2026-04-03T01:30:13.679+0600][18.988s][info][gc,heap        ] GC(32) Humongous regions: 0->0
[2026-04-03T01:30:13.679+0600][18.988s][info][gc,metaspace   ] GC(32) Metaspace: 54931K(55616K)->54931K(55616K) NonClass: 46436K(46848K)->46436K(46848K) Class: 8494K(8768K)->8494K(8768K)
[2026-04-03T01:30:13.679+0600][18.988s][info][gc             ] GC(32) Pause Young (Normal) (G1 Evacuation Pause) 123M->19M(178M) 2.079ms
[2026-04-03T01:30:13.679+0600][18.988s][info][gc,cpu         ] GC(32) User=0.00s Sys=0.01s Real=0.00s
[2026-04-03T01:30:14.022+0600][19.331s][info][gc,start       ] GC(33) Pause Young (Normal) (G1 Evacuation Pause)
[2026-04-03T01:30:14.022+0600][19.331s][info][gc,task        ] GC(33) Using 10 workers of 10 for evacuation
[2026-04-03T01:30:14.024+0600][19.333s][info][gc,phases      ] GC(33)   Pre Evacuate Collection Set: 0.27ms
[2026-04-03T01:30:14.024+0600][19.333s][info][gc,phases      ] GC(33)   Merge Heap Roots: 0.13ms
[2026-04-03T01:30:14.024+0600][19.333s][info][gc,phases      ] GC(33)   Evacuate Collection Set: 1.22ms
[2026-04-03T01:30:14.024+0600][19.333s][info][gc,phases      ] GC(33)   Post Evacuate Collection Set: 0.43ms
[2026-04-03T01:30:14.024+0600][19.333s][info][gc,phases      ] GC(33)   Other: 0.14ms
[2026-04-03T01:30:14.024+0600][19.333s][info][gc,heap        ] GC(33) Eden regions: 52->0(52)
[2026-04-03T01:30:14.024+0600][19.333s][info][gc,heap        ] GC(33) Survivor regions: 1->1(7)
[2026-04-03T01:30:14.024+0600][19.333s][info][gc,heap        ] GC(33) Old regions: 12->12
[2026-04-03T01:30:14.024+0600][19.333s][info][gc,heap        ] GC(33) Humongous regions: 0->0
[2026-04-03T01:30:14.024+0600][19.333s][info][gc,metaspace   ] GC(33) Metaspace: 54931K(55616K)->54931K(55616K) NonClass: 46436K(46848K)->46436K(46848K) Class: 8494K(8768K)->8494K(8768K)
[2026-04-03T01:30:14.024+0600][19.333s][info][gc             ] GC(33) Pause Young (Normal) (G1 Evacuation Pause) 123M->19M(178M) 2.572ms
[2026-04-03T01:30:14.024+0600][19.333s][info][gc,cpu         ] GC(33) User=0.02s Sys=0.00s Real=0.00s
[2026-04-03T01:30:14.368+0600][19.678s][info][gc,start       ] GC(34) Pause Young (Normal) (G1 Evacuation Pause)
[2026-04-03T01:30:14.369+0600][19.678s][info][gc,task        ] GC(34) Using 10 workers of 10 for evacuation
[2026-04-03T01:30:14.371+0600][19.680s][info][gc,phases      ] GC(34)   Pre Evacuate Collection Set: 0.21ms
[2026-04-03T01:30:14.371+0600][19.680s][info][gc,phases      ] GC(34)   Merge Heap Roots: 0.16ms
[2026-04-03T01:30:14.371+0600][19.680s][info][gc,phases      ] GC(34)   Evacuate Collection Set: 0.94ms
[2026-04-03T01:30:14.371+0600][19.680s][info][gc,phases      ] GC(34)   Post Evacuate Collection Set: 0.50ms
[2026-04-03T01:30:14.371+0600][19.680s][info][gc,phases      ] GC(34)   Other: 0.17ms
[2026-04-03T01:30:14.371+0600][19.680s][info][gc,heap        ] GC(34) Eden regions: 52->0(52)
[2026-04-03T01:30:14.371+0600][19.680s][info][gc,heap        ] GC(34) Survivor regions: 1->1(7)
[2026-04-03T01:30:14.371+0600][19.680s][info][gc,heap        ] GC(34) Old regions: 12->12
[2026-04-03T01:30:14.371+0600][19.680s][info][gc,heap        ] GC(34) Humongous regions: 0->0
[2026-04-03T01:30:14.371+0600][19.680s][info][gc,metaspace   ] GC(34) Metaspace: 54932K(55616K)->54932K(55616K) NonClass: 46437K(46848K)->46437K(46848K) Class: 8494K(8768K)->8494K(8768K)
[2026-04-03T01:30:14.371+0600][19.680s][info][gc             ] GC(34) Pause Young (Normal) (G1 Evacuation Pause) 123M->19M(178M) 2.375ms
[2026-04-03T01:30:14.371+0600][19.680s][info][gc,cpu         ] GC(34) User=0.02s Sys=0.00s Real=0.01s
[2026-04-03T01:30:14.644+0600][19.953s][info][gc,start       ] GC(35) Pause Young (Normal) (G1 Evacuation Pause)
[2026-04-03T01:30:14.644+0600][19.954s][info][gc,task        ] GC(35) Using 10 workers of 10 for evacuation
[2026-04-03T01:30:14.646+0600][19.955s][info][gc,phases      ] GC(35)   Pre Evacuate Collection Set: 0.19ms
[2026-04-03T01:30:14.646+0600][19.956s][info][gc,phases      ] GC(35)   Merge Heap Roots: 0.13ms
[2026-04-03T01:30:14.646+0600][19.956s][info][gc,phases      ] GC(35)   Evacuate Collection Set: 1.00ms
[2026-04-03T01:30:14.646+0600][19.956s][info][gc,phases      ] GC(35)   Post Evacuate Collection Set: 0.42ms
[2026-04-03T01:30:14.646+0600][19.956s][info][gc,phases      ] GC(35)   Other: 0.12ms
[2026-04-03T01:30:14.646+0600][19.956s][info][gc,heap        ] GC(35) Eden regions: 52->0(52)
[2026-04-03T01:30:14.646+0600][19.956s][info][gc,heap        ] GC(35) Survivor regions: 1->1(7)
[2026-04-03T01:30:14.646+0600][19.956s][info][gc,heap        ] GC(35) Old regions: 12->12
[2026-04-03T01:30:14.646+0600][19.956s][info][gc,heap        ] GC(35) Humongous regions: 0->0
[2026-04-03T01:30:14.646+0600][19.956s][info][gc,metaspace   ] GC(35) Metaspace: 54932K(55616K)->54932K(55616K) NonClass: 46437K(46848K)->46437K(46848K) Class: 8494K(8768K)->8494K(8768K)
[2026-04-03T01:30:14.646+0600][19.956s][info][gc             ] GC(35) Pause Young (Normal) (G1 Evacuation Pause) 123M->19M(178M) 2.212ms
[2026-04-03T01:30:14.646+0600][19.956s][info][gc,cpu         ] GC(35) User=0.01s Sys=0.00s Real=0.00s
[2026-04-03T01:30:14.917+0600][20.226s][info][gc,start       ] GC(36) Pause Young (Normal) (G1 Evacuation Pause)
[2026-04-03T01:30:14.917+0600][20.226s][info][gc,task        ] GC(36) Using 10 workers of 10 for evacuation
[2026-04-03T01:30:14.919+0600][20.228s][info][gc,phases      ] GC(36)   Pre Evacuate Collection Set: 0.21ms
[2026-04-03T01:30:14.919+0600][20.228s][info][gc,phases      ] GC(36)   Merge Heap Roots: 0.14ms
[2026-04-03T01:30:14.919+0600][20.228s][info][gc,phases      ] GC(36)   Evacuate Collection Set: 1.10ms
[2026-04-03T01:30:14.919+0600][20.228s][info][gc,phases      ] GC(36)   Post Evacuate Collection Set: 0.44ms
[2026-04-03T01:30:14.919+0600][20.228s][info][gc,phases      ] GC(36)   Other: 0.13ms
[2026-04-03T01:30:14.919+0600][20.228s][info][gc,heap        ] GC(36) Eden regions: 52->0(52)
[2026-04-03T01:30:14.919+0600][20.228s][info][gc,heap        ] GC(36) Survivor regions: 1->1(7)
[2026-04-03T01:30:14.919+0600][20.228s][info][gc,heap        ] GC(36) Old regions: 12->12
[2026-04-03T01:30:14.919+0600][20.228s][info][gc,heap        ] GC(36) Humongous regions: 0->0
[2026-04-03T01:30:14.919+0600][20.228s][info][gc,metaspace   ] GC(36) Metaspace: 54933K(55616K)->54933K(55616K) NonClass: 46438K(46848K)->46438K(46848K) Class: 8494K(8768K)->8494K(8768K)
[2026-04-03T01:30:14.919+0600][20.228s][info][gc             ] GC(36) Pause Young (Normal) (G1 Evacuation Pause) 123M->19M(178M) 2.347ms
[2026-04-03T01:30:14.919+0600][20.228s][info][gc,cpu         ] GC(36) User=0.01s Sys=0.01s Real=0.00s
[2026-04-03T01:30:15.194+0600][20.504s][info][gc,start       ] GC(37) Pause Young (Normal) (G1 Evacuation Pause)
[2026-04-03T01:30:15.195+0600][20.504s][info][gc,task        ] GC(37) Using 10 workers of 10 for evacuation
[2026-04-03T01:30:15.198+0600][20.508s][info][gc,phases      ] GC(37)   Pre Evacuate Collection Set: 2.29ms
[2026-04-03T01:30:15.199+0600][20.508s][info][gc,phases      ] GC(37)   Merge Heap Roots: 0.16ms
[2026-04-03T01:30:15.199+0600][20.508s][info][gc,phases      ] GC(37)   Evacuate Collection Set: 0.88ms
[2026-04-03T01:30:15.199+0600][20.508s][info][gc,phases      ] GC(37)   Post Evacuate Collection Set: 0.48ms
[2026-04-03T01:30:15.199+0600][20.508s][info][gc,phases      ] GC(37)   Other: 0.10ms
[2026-04-03T01:30:15.199+0600][20.508s][info][gc,heap        ] GC(37) Eden regions: 52->0(52)
[2026-04-03T01:30:15.199+0600][20.508s][info][gc,heap        ] GC(37) Survivor regions: 1->1(7)
[2026-04-03T01:30:15.199+0600][20.508s][info][gc,heap        ] GC(37) Old regions: 12->12
[2026-04-03T01:30:15.199+0600][20.508s][info][gc,heap        ] GC(37) Humongous regions: 0->0
[2026-04-03T01:30:15.199+0600][20.508s][info][gc,metaspace   ] GC(37) Metaspace: 54933K(55616K)->54933K(55616K) NonClass: 46438K(46848K)->46438K(46848K) Class: 8494K(8768K)->8494K(8768K)
[2026-04-03T01:30:15.199+0600][20.508s][info][gc             ] GC(37) Pause Young (Normal) (G1 Evacuation Pause) 123M->19M(178M) 4.222ms
[2026-04-03T01:30:15.199+0600][20.508s][info][gc,cpu         ] GC(37) User=0.01s Sys=0.00s Real=0.00s
[2026-04-03T01:30:15.426+0600][20.735s][info][gc,start       ] GC(38) Pause Young (Normal) (G1 Evacuation Pause)
[2026-04-03T01:30:15.426+0600][20.735s][info][gc,task        ] GC(38) Using 10 workers of 10 for evacuation
[2026-04-03T01:30:15.428+0600][20.737s][info][gc,phases      ] GC(38)   Pre Evacuate Collection Set: 0.20ms
[2026-04-03T01:30:15.428+0600][20.737s][info][gc,phases      ] GC(38)   Merge Heap Roots: 0.12ms
[2026-04-03T01:30:15.428+0600][20.737s][info][gc,phases      ] GC(38)   Evacuate Collection Set: 0.96ms
[2026-04-03T01:30:15.428+0600][20.737s][info][gc,phases      ] GC(38)   Post Evacuate Collection Set: 0.36ms
[2026-04-03T01:30:15.428+0600][20.737s][info][gc,phases      ] GC(38)   Other: 0.09ms
[2026-04-03T01:30:15.428+0600][20.737s][info][gc,heap        ] GC(38) Eden regions: 52->0(52)
[2026-04-03T01:30:15.428+0600][20.737s][info][gc,heap        ] GC(38) Survivor regions: 1->1(7)
[2026-04-03T01:30:15.428+0600][20.737s][info][gc,heap        ] GC(38) Old regions: 12->12
[2026-04-03T01:30:15.428+0600][20.737s][info][gc,heap        ] GC(38) Humongous regions: 0->0
[2026-04-03T01:30:15.428+0600][20.737s][info][gc,metaspace   ] GC(38) Metaspace: 54933K(55616K)->54933K(55616K) NonClass: 46438K(46848K)->46438K(46848K) Class: 8494K(8768K)->8494K(8768K)
[2026-04-03T01:30:15.428+0600][20.737s][info][gc             ] GC(38) Pause Young (Normal) (G1 Evacuation Pause) 123M->19M(178M) 2.047ms
[2026-04-03T01:30:15.428+0600][20.737s][info][gc,cpu         ] GC(38) User=0.01s Sys=0.00s Real=0.00s
[2026-04-03T01:30:15.633+0600][20.942s][info][gc,start       ] GC(39) Pause Young (Normal) (G1 Evacuation Pause)
[2026-04-03T01:30:15.633+0600][20.942s][info][gc,task        ] GC(39) Using 10 workers of 10 for evacuation
[2026-04-03T01:30:15.635+0600][20.944s][info][gc,phases      ] GC(39)   Pre Evacuate Collection Set: 0.23ms
[2026-04-03T01:30:15.635+0600][20.944s][info][gc,phases      ] GC(39)   Merge Heap Roots: 0.15ms
[2026-04-03T01:30:15.635+0600][20.944s][info][gc,phases      ] GC(39)   Evacuate Collection Set: 0.97ms
[2026-04-03T01:30:15.635+0600][20.944s][info][gc,phases      ] GC(39)   Post Evacuate Collection Set: 0.37ms
[2026-04-03T01:30:15.635+0600][20.944s][info][gc,phases      ] GC(39)   Other: 0.10ms
[2026-04-03T01:30:15.635+0600][20.944s][info][gc,heap        ] GC(39) Eden regions: 52->0(52)
[2026-04-03T01:30:15.635+0600][20.944s][info][gc,heap        ] GC(39) Survivor regions: 1->1(7)
[2026-04-03T01:30:15.635+0600][20.944s][info][gc,heap        ] GC(39) Old regions: 12->12
[2026-04-03T01:30:15.635+0600][20.944s][info][gc,heap        ] GC(39) Humongous regions: 0->0
[2026-04-03T01:30:15.635+0600][20.944s][info][gc,metaspace   ] GC(39) Metaspace: 54933K(55616K)->54933K(55616K) NonClass: 46438K(46848K)->46438K(46848K) Class: 8494K(8768K)->8494K(8768K)
[2026-04-03T01:30:15.635+0600][20.944s][info][gc             ] GC(39) Pause Young (Normal) (G1 Evacuation Pause) 123M->19M(178M) 2.123ms
[2026-04-03T01:30:15.635+0600][20.944s][info][gc,cpu         ] GC(39) User=0.02s Sys=0.00s Real=0.00s
[2026-04-03T01:30:15.860+0600][21.169s][info][gc,start       ] GC(40) Pause Young (Normal) (G1 Evacuation Pause)
[2026-04-03T01:30:15.860+0600][21.169s][info][gc,task        ] GC(40) Using 10 workers of 10 for evacuation
[2026-04-03T01:30:15.862+0600][21.171s][info][gc,phases      ] GC(40)   Pre Evacuate Collection Set: 0.20ms
[2026-04-03T01:30:15.862+0600][21.171s][info][gc,phases      ] GC(40)   Merge Heap Roots: 0.15ms
[2026-04-03T01:30:15.862+0600][21.171s][info][gc,phases      ] GC(40)   Evacuate Collection Set: 1.02ms
[2026-04-03T01:30:15.862+0600][21.171s][info][gc,phases      ] GC(40)   Post Evacuate Collection Set: 0.40ms
[2026-04-03T01:30:15.862+0600][21.171s][info][gc,phases      ] GC(40)   Other: 0.10ms
[2026-04-03T01:30:15.862+0600][21.171s][info][gc,heap        ] GC(40) Eden regions: 52->0(52)
[2026-04-03T01:30:15.862+0600][21.171s][info][gc,heap        ] GC(40) Survivor regions: 1->1(7)
[2026-04-03T01:30:15.862+0600][21.171s][info][gc,heap        ] GC(40) Old regions: 12->12
[2026-04-03T01:30:15.862+0600][21.171s][info][gc,heap        ] GC(40) Humongous regions: 0->0
[2026-04-03T01:30:15.862+0600][21.171s][info][gc,metaspace   ] GC(40) Metaspace: 54936K(55616K)->54936K(55616K) NonClass: 46438K(46848K)->46438K(46848K) Class: 8498K(8768K)->8498K(8768K)
[2026-04-03T01:30:15.862+0600][21.171s][info][gc             ] GC(40) Pause Young (Normal) (G1 Evacuation Pause) 123M->19M(178M) 2.192ms
[2026-04-03T01:30:15.862+0600][21.171s][info][gc,cpu         ] GC(40) User=0.01s Sys=0.00s Real=0.00s
[2026-04-03T01:30:16.017+0600][21.326s][info][gc,start       ] GC(41) Pause Young (Normal) (G1 Evacuation Pause)
[2026-04-03T01:30:16.017+0600][21.326s][info][gc,task        ] GC(41) Using 10 workers of 10 for evacuation
[2026-04-03T01:30:16.018+0600][21.328s][info][gc,phases      ] GC(41)   Pre Evacuate Collection Set: 0.19ms
[2026-04-03T01:30:16.018+0600][21.328s][info][gc,phases      ] GC(41)   Merge Heap Roots: 0.13ms
[2026-04-03T01:30:16.018+0600][21.328s][info][gc,phases      ] GC(41)   Evacuate Collection Set: 0.95ms
[2026-04-03T01:30:16.019+0600][21.328s][info][gc,phases      ] GC(41)   Post Evacuate Collection Set: 0.38ms
[2026-04-03T01:30:16.019+0600][21.328s][info][gc,phases      ] GC(41)   Other: 0.12ms
[2026-04-03T01:30:16.019+0600][21.328s][info][gc,heap        ] GC(41) Eden regions: 52->0(52)
[2026-04-03T01:30:16.019+0600][21.328s][info][gc,heap        ] GC(41) Survivor regions: 1->1(7)
[2026-04-03T01:30:16.019+0600][21.328s][info][gc,heap        ] GC(41) Old regions: 12->12
[2026-04-03T01:30:16.019+0600][21.328s][info][gc,heap        ] GC(41) Humongous regions: 0->0
[2026-04-03T01:30:16.019+0600][21.328s][info][gc,metaspace   ] GC(41) Metaspace: 54936K(55616K)->54936K(55616K) NonClass: 46438K(46848K)->46438K(46848K) Class: 8498K(8768K)->8498K(8768K)
[2026-04-03T01:30:16.019+0600][21.328s][info][gc             ] GC(41) Pause Young (Normal) (G1 Evacuation Pause) 123M->20M(178M) 2.091ms
[2026-04-03T01:30:16.019+0600][21.328s][info][gc,cpu         ] GC(41) User=0.01s Sys=0.00s Real=0.00s
[2026-04-03T01:30:16.154+0600][21.463s][info][gc,start       ] GC(42) Pause Young (Normal) (G1 Evacuation Pause)
[2026-04-03T01:30:16.154+0600][21.463s][info][gc,task        ] GC(42) Using 10 workers of 10 for evacuation
[2026-04-03T01:30:16.155+0600][21.465s][info][gc,phases      ] GC(42)   Pre Evacuate Collection Set: 0.22ms
[2026-04-03T01:30:16.155+0600][21.465s][info][gc,phases      ] GC(42)   Merge Heap Roots: 0.13ms
[2026-04-03T01:30:16.155+0600][21.465s][info][gc,phases      ] GC(42)   Evacuate Collection Set: 0.90ms
[2026-04-03T01:30:16.155+0600][21.465s][info][gc,phases      ] GC(42)   Post Evacuate Collection Set: 0.36ms
[2026-04-03T01:30:16.155+0600][21.465s][info][gc,phases      ] GC(42)   Other: 0.10ms
[2026-04-03T01:30:16.155+0600][21.465s][info][gc,heap        ] GC(42) Eden regions: 52->0(52)
[2026-04-03T01:30:16.155+0600][21.465s][info][gc,heap        ] GC(42) Survivor regions: 1->1(7)
[2026-04-03T01:30:16.155+0600][21.465s][info][gc,heap        ] GC(42) Old regions: 12->12
[2026-04-03T01:30:16.155+0600][21.465s][info][gc,heap        ] GC(42) Humongous regions: 0->0
[2026-04-03T01:30:16.156+0600][21.465s][info][gc,metaspace   ] GC(42) Metaspace: 54936K(55616K)->54936K(55616K) NonClass: 46438K(46848K)->46438K(46848K) Class: 8498K(8768K)->8498K(8768K)
[2026-04-03T01:30:16.156+0600][21.465s][info][gc             ] GC(42) Pause Young (Normal) (G1 Evacuation Pause) 124M->20M(178M) 2.016ms
[2026-04-03T01:30:16.156+0600][21.465s][info][gc,cpu         ] GC(42) User=0.01s Sys=0.00s Real=0.00s
[2026-04-03T01:30:16.297+0600][21.606s][info][gc,start       ] GC(43) Pause Young (Normal) (G1 Evacuation Pause)
[2026-04-03T01:30:16.297+0600][21.606s][info][gc,task        ] GC(43) Using 10 workers of 10 for evacuation
[2026-04-03T01:30:16.298+0600][21.608s][info][gc,phases      ] GC(43)   Pre Evacuate Collection Set: 0.17ms
[2026-04-03T01:30:16.298+0600][21.608s][info][gc,phases      ] GC(43)   Merge Heap Roots: 0.12ms
[2026-04-03T01:30:16.298+0600][21.608s][info][gc,phases      ] GC(43)   Evacuate Collection Set: 0.78ms
[2026-04-03T01:30:16.298+0600][21.608s][info][gc,phases      ] GC(43)   Post Evacuate Collection Set: 0.37ms
[2026-04-03T01:30:16.298+0600][21.608s][info][gc,phases      ] GC(43)   Other: 0.09ms
[2026-04-03T01:30:16.298+0600][21.608s][info][gc,heap        ] GC(43) Eden regions: 52->0(52)
[2026-04-03T01:30:16.298+0600][21.608s][info][gc,heap        ] GC(43) Survivor regions: 1->1(7)
[2026-04-03T01:30:16.298+0600][21.608s][info][gc,heap        ] GC(43) Old regions: 12->12
[2026-04-03T01:30:16.298+0600][21.608s][info][gc,heap        ] GC(43) Humongous regions: 0->0
[2026-04-03T01:30:16.298+0600][21.608s][info][gc,metaspace   ] GC(43) Metaspace: 54936K(55616K)->54936K(55616K) NonClass: 46438K(46848K)->46438K(46848K) Class: 8498K(8768K)->8498K(8768K)
[2026-04-03T01:30:16.299+0600][21.608s][info][gc             ] GC(43) Pause Young (Normal) (G1 Evacuation Pause) 124M->20M(178M) 1.803ms
[2026-04-03T01:30:16.299+0600][21.608s][info][gc,cpu         ] GC(43) User=0.01s Sys=0.00s Real=0.00s
[2026-04-03T01:30:16.433+0600][21.742s][info][gc,start       ] GC(44) Pause Young (Normal) (G1 Evacuation Pause)
[2026-04-03T01:30:16.433+0600][21.742s][info][gc,task        ] GC(44) Using 10 workers of 10 for evacuation
[2026-04-03T01:30:16.434+0600][21.744s][info][gc,phases      ] GC(44)   Pre Evacuate Collection Set: 0.17ms
[2026-04-03T01:30:16.434+0600][21.744s][info][gc,phases      ] GC(44)   Merge Heap Roots: 0.14ms
[2026-04-03T01:30:16.434+0600][21.744s][info][gc,phases      ] GC(44)   Evacuate Collection Set: 0.89ms
[2026-04-03T01:30:16.434+0600][21.744s][info][gc,phases      ] GC(44)   Post Evacuate Collection Set: 0.52ms
[2026-04-03T01:30:16.435+0600][21.744s][info][gc,phases      ] GC(44)   Other: 0.09ms
[2026-04-03T01:30:16.435+0600][21.744s][info][gc,heap        ] GC(44) Eden regions: 52->0(63)
[2026-04-03T01:30:16.435+0600][21.744s][info][gc,heap        ] GC(44) Survivor regions: 1->1(7)
[2026-04-03T01:30:16.435+0600][21.744s][info][gc,heap        ] GC(44) Old regions: 12->12
[2026-04-03T01:30:16.435+0600][21.744s][info][gc,heap        ] GC(44) Humongous regions: 0->0
[2026-04-03T01:30:16.435+0600][21.744s][info][gc,metaspace   ] GC(44) Metaspace: 54936K(55616K)->54936K(55616K) NonClass: 46438K(46848K)->46438K(46848K) Class: 8498K(8768K)->8498K(8768K)
[2026-04-03T01:30:16.435+0600][21.744s][info][gc             ] GC(44) Pause Young (Normal) (G1 Evacuation Pause) 124M->20M(214M) 2.091ms
[2026-04-03T01:30:16.435+0600][21.744s][info][gc,cpu         ] GC(44) User=0.02s Sys=0.00s Real=0.00s
[2026-04-03T01:30:16.603+0600][21.912s][info][gc,start       ] GC(45) Pause Young (Normal) (G1 Evacuation Pause)
[2026-04-03T01:30:16.603+0600][21.913s][info][gc,task        ] GC(45) Using 10 workers of 10 for evacuation
[2026-04-03T01:30:16.605+0600][21.914s][info][gc,phases      ] GC(45)   Pre Evacuate Collection Set: 0.18ms
[2026-04-03T01:30:16.605+0600][21.914s][info][gc,phases      ] GC(45)   Merge Heap Roots: 0.12ms
[2026-04-03T01:30:16.605+0600][21.914s][info][gc,phases      ] GC(45)   Evacuate Collection Set: 0.73ms
[2026-04-03T01:30:16.605+0600][21.914s][info][gc,phases      ] GC(45)   Post Evacuate Collection Set: 0.33ms
[2026-04-03T01:30:16.605+0600][21.914s][info][gc,phases      ] GC(45)   Other: 0.10ms
[2026-04-03T01:30:16.605+0600][21.914s][info][gc,heap        ] GC(45) Eden regions: 63->0(63)
[2026-04-03T01:30:16.605+0600][21.914s][info][gc,heap        ] GC(45) Survivor regions: 1->1(8)
[2026-04-03T01:30:16.605+0600][21.914s][info][gc,heap        ] GC(45) Old regions: 12->12
[2026-04-03T01:30:16.605+0600][21.914s][info][gc,heap        ] GC(45) Humongous regions: 0->0
[2026-04-03T01:30:16.605+0600][21.914s][info][gc,metaspace   ] GC(45) Metaspace: 54936K(55616K)->54936K(55616K) NonClass: 46438K(46848K)->46438K(46848K) Class: 8498K(8768K)->8498K(8768K)
[2026-04-03T01:30:16.605+0600][21.914s][info][gc             ] GC(45) Pause Young (Normal) (G1 Evacuation Pause) 146M->20M(214M) 1.741ms
[2026-04-03T01:30:16.605+0600][21.914s][info][gc,cpu         ] GC(45) User=0.01s Sys=0.00s Real=0.00s
[2026-04-03T01:30:16.771+0600][22.080s][info][gc,start       ] GC(46) Pause Young (Normal) (G1 Evacuation Pause)
[2026-04-03T01:30:16.771+0600][22.080s][info][gc,task        ] GC(46) Using 10 workers of 10 for evacuation
[2026-04-03T01:30:16.773+0600][22.082s][info][gc,phases      ] GC(46)   Pre Evacuate Collection Set: 0.18ms
[2026-04-03T01:30:16.773+0600][22.082s][info][gc,phases      ] GC(46)   Merge Heap Roots: 0.12ms
[2026-04-03T01:30:16.773+0600][22.082s][info][gc,phases      ] GC(46)   Evacuate Collection Set: 0.85ms
[2026-04-03T01:30:16.773+0600][22.082s][info][gc,phases      ] GC(46)   Post Evacuate Collection Set: 0.34ms
[2026-04-03T01:30:16.773+0600][22.082s][info][gc,phases      ] GC(46)   Other: 0.10ms
[2026-04-03T01:30:16.773+0600][22.082s][info][gc,heap        ] GC(46) Eden regions: 63->0(63)
[2026-04-03T01:30:16.773+0600][22.082s][info][gc,heap        ] GC(46) Survivor regions: 1->1(8)
[2026-04-03T01:30:16.773+0600][22.082s][info][gc,heap        ] GC(46) Old regions: 12->12
[2026-04-03T01:30:16.773+0600][22.082s][info][gc,heap        ] GC(46) Humongous regions: 0->0
[2026-04-03T01:30:16.773+0600][22.082s][info][gc,metaspace   ] GC(46) Metaspace: 54936K(55616K)->54936K(55616K) NonClass: 46438K(46848K)->46438K(46848K) Class: 8498K(8768K)->8498K(8768K)
[2026-04-03T01:30:16.773+0600][22.082s][info][gc             ] GC(46) Pause Young (Normal) (G1 Evacuation Pause) 146M->20M(214M) 1.915ms
[2026-04-03T01:30:16.773+0600][22.082s][info][gc,cpu         ] GC(46) User=0.01s Sys=0.00s Real=0.00s
[2026-04-03T01:30:16.936+0600][22.245s][info][gc,start       ] GC(47) Pause Young (Normal) (G1 Evacuation Pause)
[2026-04-03T01:30:16.936+0600][22.245s][info][gc,task        ] GC(47) Using 10 workers of 10 for evacuation
[2026-04-03T01:30:16.937+0600][22.247s][info][gc,phases      ] GC(47)   Pre Evacuate Collection Set: 0.17ms
[2026-04-03T01:30:16.937+0600][22.247s][info][gc,phases      ] GC(47)   Merge Heap Roots: 0.13ms
[2026-04-03T01:30:16.937+0600][22.247s][info][gc,phases      ] GC(47)   Evacuate Collection Set: 0.78ms
[2026-04-03T01:30:16.937+0600][22.247s][info][gc,phases      ] GC(47)   Post Evacuate Collection Set: 0.39ms
[2026-04-03T01:30:16.937+0600][22.247s][info][gc,phases      ] GC(47)   Other: 0.10ms
[2026-04-03T01:30:16.938+0600][22.247s][info][gc,heap        ] GC(47) Eden regions: 63->0(63)
[2026-04-03T01:30:16.938+0600][22.247s][info][gc,heap        ] GC(47) Survivor regions: 1->1(8)
[2026-04-03T01:30:16.938+0600][22.247s][info][gc,heap        ] GC(47) Old regions: 12->12
[2026-04-03T01:30:16.938+0600][22.247s][info][gc,heap        ] GC(47) Humongous regions: 0->0
[2026-04-03T01:30:16.938+0600][22.247s][info][gc,metaspace   ] GC(47) Metaspace: 54936K(55616K)->54936K(55616K) NonClass: 46438K(46848K)->46438K(46848K) Class: 8498K(8768K)->8498K(8768K)
[2026-04-03T01:30:16.938+0600][22.247s][info][gc             ] GC(47) Pause Young (Normal) (G1 Evacuation Pause) 146M->20M(214M) 1.890ms
[2026-04-03T01:30:16.938+0600][22.247s][info][gc,cpu         ] GC(47) User=0.01s Sys=0.00s Real=0.00s
[2026-04-03T01:30:17.098+0600][22.407s][info][gc,start       ] GC(48) Pause Young (Normal) (G1 Evacuation Pause)
[2026-04-03T01:30:17.098+0600][22.407s][info][gc,task        ] GC(48) Using 10 workers of 10 for evacuation
[2026-04-03T01:30:17.100+0600][22.409s][info][gc,phases      ] GC(48)   Pre Evacuate Collection Set: 0.20ms
[2026-04-03T01:30:17.100+0600][22.409s][info][gc,phases      ] GC(48)   Merge Heap Roots: 0.14ms
[2026-04-03T01:30:17.100+0600][22.409s][info][gc,phases      ] GC(48)   Evacuate Collection Set: 0.82ms
[2026-04-03T01:30:17.100+0600][22.409s][info][gc,phases      ] GC(48)   Post Evacuate Collection Set: 0.55ms
[2026-04-03T01:30:17.100+0600][22.409s][info][gc,phases      ] GC(48)   Other: 0.11ms
[2026-04-03T01:30:17.100+0600][22.409s][info][gc,heap        ] GC(48) Eden regions: 63->0(63)
[2026-04-03T01:30:17.100+0600][22.409s][info][gc,heap        ] GC(48) Survivor regions: 1->1(8)
[2026-04-03T01:30:17.100+0600][22.409s][info][gc,heap        ] GC(48) Old regions: 12->12
[2026-04-03T01:30:17.100+0600][22.409s][info][gc,heap        ] GC(48) Humongous regions: 0->0
[2026-04-03T01:30:17.100+0600][22.409s][info][gc,metaspace   ] GC(48) Metaspace: 54936K(55616K)->54936K(55616K) NonClass: 46438K(46848K)->46438K(46848K) Class: 8498K(8768K)->8498K(8768K)
[2026-04-03T01:30:17.100+0600][22.409s][info][gc             ] GC(48) Pause Young (Normal) (G1 Evacuation Pause) 146M->20M(214M) 2.212ms
[2026-04-03T01:30:17.100+0600][22.409s][info][gc,cpu         ] GC(48) User=0.01s Sys=0.00s Real=0.01s
[2026-04-03T01:30:17.264+0600][22.573s][info][gc,start       ] GC(49) Pause Young (Normal) (G1 Evacuation Pause)
[2026-04-03T01:30:17.264+0600][22.573s][info][gc,task        ] GC(49) Using 10 workers of 10 for evacuation
[2026-04-03T01:30:17.266+0600][22.575s][info][gc,phases      ] GC(49)   Pre Evacuate Collection Set: 0.22ms
[2026-04-03T01:30:17.266+0600][22.575s][info][gc,phases      ] GC(49)   Merge Heap Roots: 0.16ms
[2026-04-03T01:30:17.266+0600][22.575s][info][gc,phases      ] GC(49)   Evacuate Collection Set: 0.95ms
[2026-04-03T01:30:17.266+0600][22.575s][info][gc,phases      ] GC(49)   Post Evacuate Collection Set: 0.51ms
[2026-04-03T01:30:17.266+0600][22.575s][info][gc,phases      ] GC(49)   Other: 0.12ms
[2026-04-03T01:30:17.266+0600][22.575s][info][gc,heap        ] GC(49) Eden regions: 63->0(63)
[2026-04-03T01:30:17.266+0600][22.575s][info][gc,heap        ] GC(49) Survivor regions: 1->1(8)
[2026-04-03T01:30:17.266+0600][22.575s][info][gc,heap        ] GC(49) Old regions: 12->12
[2026-04-03T01:30:17.266+0600][22.575s][info][gc,heap        ] GC(49) Humongous regions: 0->0
[2026-04-03T01:30:17.266+0600][22.575s][info][gc,metaspace   ] GC(49) Metaspace: 54938K(55616K)->54938K(55616K) NonClass: 46439K(46848K)->46439K(46848K) Class: 8498K(8768K)->8498K(8768K)
[2026-04-03T01:30:17.266+0600][22.575s][info][gc             ] GC(49) Pause Young (Normal) (G1 Evacuation Pause) 146M->20M(214M) 2.615ms
[2026-04-03T01:30:17.266+0600][22.575s][info][gc,cpu         ] GC(49) User=0.01s Sys=0.00s Real=0.00s
[2026-04-03T01:30:17.431+0600][22.741s][info][gc,start       ] GC(50) Pause Young (Normal) (G1 Evacuation Pause)
[2026-04-03T01:30:17.431+0600][22.741s][info][gc,task        ] GC(50) Using 10 workers of 10 for evacuation
[2026-04-03T01:30:17.433+0600][22.742s][info][gc,phases      ] GC(50)   Pre Evacuate Collection Set: 0.19ms
[2026-04-03T01:30:17.433+0600][22.742s][info][gc,phases      ] GC(50)   Merge Heap Roots: 0.15ms
[2026-04-03T01:30:17.433+0600][22.742s][info][gc,phases      ] GC(50)   Evacuate Collection Set: 0.76ms
[2026-04-03T01:30:17.433+0600][22.742s][info][gc,phases      ] GC(50)   Post Evacuate Collection Set: 0.39ms
[2026-04-03T01:30:17.433+0600][22.742s][info][gc,phases      ] GC(50)   Other: 0.10ms
[2026-04-03T01:30:17.433+0600][22.742s][info][gc,heap        ] GC(50) Eden regions: 63->0(63)
[2026-04-03T01:30:17.433+0600][22.742s][info][gc,heap        ] GC(50) Survivor regions: 1->1(8)
[2026-04-03T01:30:17.433+0600][22.742s][info][gc,heap        ] GC(50) Old regions: 12->12
[2026-04-03T01:30:17.433+0600][22.742s][info][gc,heap        ] GC(50) Humongous regions: 0->0
[2026-04-03T01:30:17.433+0600][22.742s][info][gc,metaspace   ] GC(50) Metaspace: 54938K(55616K)->54938K(55616K) NonClass: 46439K(46848K)->46439K(46848K) Class: 8498K(8768K)->8498K(8768K)
[2026-04-03T01:30:17.433+0600][22.742s][info][gc             ] GC(50) Pause Young (Normal) (G1 Evacuation Pause) 146M->20M(214M) 1.889ms
[2026-04-03T01:30:17.433+0600][22.742s][info][gc,cpu         ] GC(50) User=0.01s Sys=0.00s Real=0.00s
[2026-04-03T01:30:17.611+0600][22.920s][info][gc,start       ] GC(51) Pause Young (Normal) (G1 Evacuation Pause)
[2026-04-03T01:30:17.611+0600][22.920s][info][gc,task        ] GC(51) Using 10 workers of 10 for evacuation
[2026-04-03T01:30:17.613+0600][22.922s][info][gc,phases      ] GC(51)   Pre Evacuate Collection Set: 0.16ms
[2026-04-03T01:30:17.613+0600][22.922s][info][gc,phases      ] GC(51)   Merge Heap Roots: 0.12ms
[2026-04-03T01:30:17.613+0600][22.922s][info][gc,phases      ] GC(51)   Evacuate Collection Set: 0.85ms
[2026-04-03T01:30:17.613+0600][22.922s][info][gc,phases      ] GC(51)   Post Evacuate Collection Set: 0.34ms
[2026-04-03T01:30:17.613+0600][22.922s][info][gc,phases      ] GC(51)   Other: 0.09ms
[2026-04-03T01:30:17.613+0600][22.922s][info][gc,heap        ] GC(51) Eden regions: 63->0(63)
[2026-04-03T01:30:17.613+0600][22.922s][info][gc,heap        ] GC(51) Survivor regions: 1->1(8)
[2026-04-03T01:30:17.613+0600][22.922s][info][gc,heap        ] GC(51) Old regions: 12->12
[2026-04-03T01:30:17.613+0600][22.922s][info][gc,heap        ] GC(51) Humongous regions: 0->0
[2026-04-03T01:30:17.613+0600][22.922s][info][gc,metaspace   ] GC(51) Metaspace: 54938K(55616K)->54938K(55616K) NonClass: 46439K(46848K)->46439K(46848K) Class: 8498K(8768K)->8498K(8768K)
[2026-04-03T01:30:17.613+0600][22.922s][info][gc             ] GC(51) Pause Young (Normal) (G1 Evacuation Pause) 146M->20M(214M) 1.822ms
[2026-04-03T01:30:17.613+0600][22.922s][info][gc,cpu         ] GC(51) User=0.01s Sys=0.00s Real=0.00s
[2026-04-03T01:30:17.786+0600][23.095s][info][gc,start       ] GC(52) Pause Young (Normal) (G1 Evacuation Pause)
[2026-04-03T01:30:17.786+0600][23.095s][info][gc,task        ] GC(52) Using 10 workers of 10 for evacuation
[2026-04-03T01:30:17.787+0600][23.097s][info][gc,phases      ] GC(52)   Pre Evacuate Collection Set: 0.18ms
[2026-04-03T01:30:17.787+0600][23.097s][info][gc,phases      ] GC(52)   Merge Heap Roots: 0.11ms
[2026-04-03T01:30:17.787+0600][23.097s][info][gc,phases      ] GC(52)   Evacuate Collection Set: 0.79ms
[2026-04-03T01:30:17.787+0600][23.097s][info][gc,phases      ] GC(52)   Post Evacuate Collection Set: 0.38ms
[2026-04-03T01:30:17.787+0600][23.097s][info][gc,phases      ] GC(52)   Other: 0.11ms
[2026-04-03T01:30:17.787+0600][23.097s][info][gc,heap        ] GC(52) Eden regions: 63->0(63)
[2026-04-03T01:30:17.787+0600][23.097s][info][gc,heap        ] GC(52) Survivor regions: 1->1(8)
[2026-04-03T01:30:17.787+0600][23.097s][info][gc,heap        ] GC(52) Old regions: 12->12
[2026-04-03T01:30:17.787+0600][23.097s][info][gc,heap        ] GC(52) Humongous regions: 0->0
[2026-04-03T01:30:17.787+0600][23.097s][info][gc,metaspace   ] GC(52) Metaspace: 54938K(55616K)->54938K(55616K) NonClass: 46439K(46848K)->46439K(46848K) Class: 8498K(8768K)->8498K(8768K)
[2026-04-03T01:30:17.788+0600][23.097s][info][gc             ] GC(52) Pause Young (Normal) (G1 Evacuation Pause) 146M->20M(214M) 1.900ms
[2026-04-03T01:30:17.788+0600][23.097s][info][gc,cpu         ] GC(52) User=0.01s Sys=0.00s Real=0.00s
[2026-04-03T01:30:17.949+0600][23.258s][info][gc,start       ] GC(53) Pause Young (Normal) (G1 Evacuation Pause)
[2026-04-03T01:30:17.949+0600][23.259s][info][gc,task        ] GC(53) Using 10 workers of 10 for evacuation
[2026-04-03T01:30:17.951+0600][23.260s][info][gc,phases      ] GC(53)   Pre Evacuate Collection Set: 0.16ms
[2026-04-03T01:30:17.951+0600][23.260s][info][gc,phases      ] GC(53)   Merge Heap Roots: 0.12ms
[2026-04-03T01:30:17.951+0600][23.260s][info][gc,phases      ] GC(53)   Evacuate Collection Set: 0.75ms
[2026-04-03T01:30:17.951+0600][23.260s][info][gc,phases      ] GC(53)   Post Evacuate Collection Set: 0.34ms
[2026-04-03T01:30:17.951+0600][23.260s][info][gc,phases      ] GC(53)   Other: 0.09ms
[2026-04-03T01:30:17.951+0600][23.260s][info][gc,heap        ] GC(53) Eden regions: 63->0(63)
[2026-04-03T01:30:17.951+0600][23.260s][info][gc,heap        ] GC(53) Survivor regions: 1->1(8)
[2026-04-03T01:30:17.951+0600][23.260s][info][gc,heap        ] GC(53) Old regions: 12->12
[2026-04-03T01:30:17.951+0600][23.260s][info][gc,heap        ] GC(53) Humongous regions: 0->0
[2026-04-03T01:30:17.951+0600][23.260s][info][gc,metaspace   ] GC(53) Metaspace: 54938K(55616K)->54938K(55616K) NonClass: 46439K(46848K)->46439K(46848K) Class: 8498K(8768K)->8498K(8768K)
[2026-04-03T01:30:17.951+0600][23.260s][info][gc             ] GC(53) Pause Young (Normal) (G1 Evacuation Pause) 146M->20M(214M) 1.724ms
[2026-04-03T01:30:17.951+0600][23.260s][info][gc,cpu         ] GC(53) User=0.00s Sys=0.00s Real=0.01s
[2026-04-03T01:30:18.109+0600][23.419s][info][gc,start       ] GC(54) Pause Young (Normal) (G1 Evacuation Pause)
[2026-04-03T01:30:18.110+0600][23.419s][info][gc,task        ] GC(54) Using 10 workers of 10 for evacuation
[2026-04-03T01:30:18.111+0600][23.420s][info][gc,phases      ] GC(54)   Pre Evacuate Collection Set: 0.18ms
[2026-04-03T01:30:18.111+0600][23.420s][info][gc,phases      ] GC(54)   Merge Heap Roots: 0.12ms
[2026-04-03T01:30:18.111+0600][23.420s][info][gc,phases      ] GC(54)   Evacuate Collection Set: 0.72ms
[2026-04-03T01:30:18.111+0600][23.420s][info][gc,phases      ] GC(54)   Post Evacuate Collection Set: 0.35ms
[2026-04-03T01:30:18.111+0600][23.420s][info][gc,phases      ] GC(54)   Other: 0.09ms
[2026-04-03T01:30:18.111+0600][23.420s][info][gc,heap        ] GC(54) Eden regions: 63->0(63)
[2026-04-03T01:30:18.111+0600][23.420s][info][gc,heap        ] GC(54) Survivor regions: 1->1(8)
[2026-04-03T01:30:18.111+0600][23.420s][info][gc,heap        ] GC(54) Old regions: 12->12
[2026-04-03T01:30:18.111+0600][23.420s][info][gc,heap        ] GC(54) Humongous regions: 0->0
[2026-04-03T01:30:18.111+0600][23.420s][info][gc,metaspace   ] GC(54) Metaspace: 54938K(55616K)->54938K(55616K) NonClass: 46439K(46848K)->46439K(46848K) Class: 8498K(8768K)->8498K(8768K)
[2026-04-03T01:30:18.111+0600][23.420s][info][gc             ] GC(54) Pause Young (Normal) (G1 Evacuation Pause) 146M->20M(214M) 1.727ms
[2026-04-03T01:30:18.111+0600][23.420s][info][gc,cpu         ] GC(54) User=0.01s Sys=0.00s Real=0.01s
[2026-04-03T01:30:18.281+0600][23.590s][info][gc,start       ] GC(55) Pause Young (Normal) (G1 Evacuation Pause)
[2026-04-03T01:30:18.281+0600][23.590s][info][gc,task        ] GC(55) Using 10 workers of 10 for evacuation
[2026-04-03T01:30:18.282+0600][23.592s][info][gc,phases      ] GC(55)   Pre Evacuate Collection Set: 0.19ms
[2026-04-03T01:30:18.283+0600][23.592s][info][gc,phases      ] GC(55)   Merge Heap Roots: 0.17ms
[2026-04-03T01:30:18.283+0600][23.592s][info][gc,phases      ] GC(55)   Evacuate Collection Set: 0.95ms
[2026-04-03T01:30:18.283+0600][23.592s][info][gc,phases      ] GC(55)   Post Evacuate Collection Set: 0.35ms
[2026-04-03T01:30:18.283+0600][23.592s][info][gc,phases      ] GC(55)   Other: 0.10ms
[2026-04-03T01:30:18.283+0600][23.592s][info][gc,heap        ] GC(55) Eden regions: 63->0(63)
[2026-04-03T01:30:18.283+0600][23.592s][info][gc,heap        ] GC(55) Survivor regions: 1->1(8)
[2026-04-03T01:30:18.283+0600][23.592s][info][gc,heap        ] GC(55) Old regions: 12->12
[2026-04-03T01:30:18.283+0600][23.592s][info][gc,heap        ] GC(55) Humongous regions: 0->0
[2026-04-03T01:30:18.283+0600][23.592s][info][gc,metaspace   ] GC(55) Metaspace: 54941K(55616K)->54941K(55616K) NonClass: 46443K(46848K)->46443K(46848K) Class: 8498K(8768K)->8498K(8768K)
[2026-04-03T01:30:18.283+0600][23.592s][info][gc             ] GC(55) Pause Young (Normal) (G1 Evacuation Pause) 146M->20M(214M) 2.068ms
[2026-04-03T01:30:18.283+0600][23.592s][info][gc,cpu         ] GC(55) User=0.01s Sys=0.00s Real=0.00s
[2026-04-03T01:30:18.445+0600][23.754s][info][gc,start       ] GC(56) Pause Young (Normal) (G1 Evacuation Pause)
[2026-04-03T01:30:18.445+0600][23.755s][info][gc,task        ] GC(56) Using 10 workers of 10 for evacuation
[2026-04-03T01:30:18.447+0600][23.756s][info][gc,phases      ] GC(56)   Pre Evacuate Collection Set: 0.17ms
[2026-04-03T01:30:18.447+0600][23.756s][info][gc,phases      ] GC(56)   Merge Heap Roots: 0.13ms
[2026-04-03T01:30:18.447+0600][23.756s][info][gc,phases      ] GC(56)   Evacuate Collection Set: 0.82ms
[2026-04-03T01:30:18.447+0600][23.756s][info][gc,phases      ] GC(56)   Post Evacuate Collection Set: 0.35ms
[2026-04-03T01:30:18.447+0600][23.756s][info][gc,phases      ] GC(56)   Other: 0.09ms
[2026-04-03T01:30:18.447+0600][23.756s][info][gc,heap        ] GC(56) Eden regions: 63->0(63)
[2026-04-03T01:30:18.447+0600][23.756s][info][gc,heap        ] GC(56) Survivor regions: 1->1(8)
[2026-04-03T01:30:18.447+0600][23.756s][info][gc,heap        ] GC(56) Old regions: 12->12
[2026-04-03T01:30:18.447+0600][23.756s][info][gc,heap        ] GC(56) Humongous regions: 0->0
[2026-04-03T01:30:18.447+0600][23.756s][info][gc,metaspace   ] GC(56) Metaspace: 54941K(55616K)->54941K(55616K) NonClass: 46443K(46848K)->46443K(46848K) Class: 8498K(8768K)->8498K(8768K)
[2026-04-03T01:30:18.447+0600][23.756s][info][gc             ] GC(56) Pause Young (Normal) (G1 Evacuation Pause) 146M->20M(214M) 1.853ms
[2026-04-03T01:30:18.447+0600][23.756s][info][gc,cpu         ] GC(56) User=0.01s Sys=0.00s Real=0.00s
[2026-04-03T01:30:18.611+0600][23.920s][info][gc,start       ] GC(57) Pause Young (Normal) (G1 Evacuation Pause)
[2026-04-03T01:30:18.611+0600][23.920s][info][gc,task        ] GC(57) Using 10 workers of 10 for evacuation
[2026-04-03T01:30:18.613+0600][23.922s][info][gc,phases      ] GC(57)   Pre Evacuate Collection Set: 0.19ms
[2026-04-03T01:30:18.613+0600][23.922s][info][gc,phases      ] GC(57)   Merge Heap Roots: 0.14ms
[2026-04-03T01:30:18.613+0600][23.922s][info][gc,phases      ] GC(57)   Evacuate Collection Set: 0.76ms
[2026-04-03T01:30:18.613+0600][23.922s][info][gc,phases      ] GC(57)   Post Evacuate Collection Set: 0.39ms
[2026-04-03T01:30:18.613+0600][23.922s][info][gc,phases      ] GC(57)   Other: 0.10ms
[2026-04-03T01:30:18.613+0600][23.922s][info][gc,heap        ] GC(57) Eden regions: 63->0(63)
[2026-04-03T01:30:18.613+0600][23.922s][info][gc,heap        ] GC(57) Survivor regions: 1->1(8)
[2026-04-03T01:30:18.613+0600][23.922s][info][gc,heap        ] GC(57) Old regions: 12->12
[2026-04-03T01:30:18.613+0600][23.922s][info][gc,heap        ] GC(57) Humongous regions: 0->0
[2026-04-03T01:30:18.613+0600][23.922s][info][gc,metaspace   ] GC(57) Metaspace: 54941K(55616K)->54941K(55616K) NonClass: 46443K(46848K)->46443K(46848K) Class: 8498K(8768K)->8498K(8768K)
[2026-04-03T01:30:18.613+0600][23.922s][info][gc             ] GC(57) Pause Young (Normal) (G1 Evacuation Pause) 146M->20M(214M) 2.123ms
[2026-04-03T01:30:18.613+0600][23.922s][info][gc,cpu         ] GC(57) User=0.01s Sys=0.00s Real=0.00s
[2026-04-03T01:30:18.778+0600][24.087s][info][gc,start       ] GC(58) Pause Young (Normal) (G1 Evacuation Pause)
[2026-04-03T01:30:18.778+0600][24.088s][info][gc,task        ] GC(58) Using 10 workers of 10 for evacuation
[2026-04-03T01:30:18.780+0600][24.089s][info][gc,phases      ] GC(58)   Pre Evacuate Collection Set: 0.18ms
[2026-04-03T01:30:18.780+0600][24.089s][info][gc,phases      ] GC(58)   Merge Heap Roots: 0.13ms
[2026-04-03T01:30:18.780+0600][24.090s][info][gc,phases      ] GC(58)   Evacuate Collection Set: 0.85ms
[2026-04-03T01:30:18.780+0600][24.090s][info][gc,phases      ] GC(58)   Post Evacuate Collection Set: 0.61ms
[2026-04-03T01:30:18.780+0600][24.090s][info][gc,phases      ] GC(58)   Other: 0.10ms
[2026-04-03T01:30:18.780+0600][24.090s][info][gc,heap        ] GC(58) Eden regions: 63->0(63)
[2026-04-03T01:30:18.780+0600][24.090s][info][gc,heap        ] GC(58) Survivor regions: 1->1(8)
[2026-04-03T01:30:18.780+0600][24.090s][info][gc,heap        ] GC(58) Old regions: 12->12
[2026-04-03T01:30:18.780+0600][24.090s][info][gc,heap        ] GC(58) Humongous regions: 0->0
[2026-04-03T01:30:18.780+0600][24.090s][info][gc,metaspace   ] GC(58) Metaspace: 54941K(55616K)->54941K(55616K) NonClass: 46443K(46848K)->46443K(46848K) Class: 8498K(8768K)->8498K(8768K)
[2026-04-03T01:30:18.780+0600][24.090s][info][gc             ] GC(58) Pause Young (Normal) (G1 Evacuation Pause) 146M->20M(214M) 2.200ms
[2026-04-03T01:30:18.780+0600][24.090s][info][gc,cpu         ] GC(58) User=0.01s Sys=0.00s Real=0.01s
[2026-04-03T01:30:18.939+0600][24.248s][info][gc,start       ] GC(59) Pause Young (Normal) (G1 Evacuation Pause)
[2026-04-03T01:30:18.939+0600][24.248s][info][gc,task        ] GC(59) Using 10 workers of 10 for evacuation
[2026-04-03T01:30:18.940+0600][24.250s][info][gc,phases      ] GC(59)   Pre Evacuate Collection Set: 0.23ms
[2026-04-03T01:30:18.940+0600][24.250s][info][gc,phases      ] GC(59)   Merge Heap Roots: 0.14ms
[2026-04-03T01:30:18.940+0600][24.250s][info][gc,phases      ] GC(59)   Evacuate Collection Set: 0.86ms
[2026-04-03T01:30:18.940+0600][24.250s][info][gc,phases      ] GC(59)   Post Evacuate Collection Set: 0.38ms
[2026-04-03T01:30:18.940+0600][24.250s][info][gc,phases      ] GC(59)   Other: 0.11ms
[2026-04-03T01:30:18.940+0600][24.250s][info][gc,heap        ] GC(59) Eden regions: 63->0(63)
[2026-04-03T01:30:18.940+0600][24.250s][info][gc,heap        ] GC(59) Survivor regions: 1->1(8)
[2026-04-03T01:30:18.940+0600][24.250s][info][gc,heap        ] GC(59) Old regions: 12->12
[2026-04-03T01:30:18.940+0600][24.250s][info][gc,heap        ] GC(59) Humongous regions: 0->0
[2026-04-03T01:30:18.941+0600][24.250s][info][gc,metaspace   ] GC(59) Metaspace: 54941K(55616K)->54941K(55616K) NonClass: 46443K(46848K)->46443K(46848K) Class: 8498K(8768K)->8498K(8768K)
[2026-04-03T01:30:18.941+0600][24.250s][info][gc             ] GC(59) Pause Young (Normal) (G1 Evacuation Pause) 146M->20M(214M) 1.984ms
[2026-04-03T01:30:18.941+0600][24.250s][info][gc,cpu         ] GC(59) User=0.01s Sys=0.00s Real=0.01s
[2026-04-03T01:30:19.096+0600][24.405s][info][gc,start       ] GC(60) Pause Young (Normal) (G1 Evacuation Pause)
[2026-04-03T01:30:19.096+0600][24.405s][info][gc,task        ] GC(60) Using 10 workers of 10 for evacuation
[2026-04-03T01:30:19.098+0600][24.407s][info][gc,phases      ] GC(60)   Pre Evacuate Collection Set: 0.19ms
[2026-04-03T01:30:19.119+0600][24.429s][info][gc,phases      ] GC(60)   Merge Heap Roots: 0.14ms
[2026-04-03T01:30:19.119+0600][24.429s][info][gc,phases      ] GC(60)   Evacuate Collection Set: 0.77ms
[2026-04-03T01:30:19.120+0600][24.429s][info][gc,phases      ] GC(60)   Post Evacuate Collection Set: 0.55ms
[2026-04-03T01:30:19.120+0600][24.429s][info][gc,phases      ] GC(60)   Other: 0.13ms
[2026-04-03T01:30:19.120+0600][24.429s][info][gc,heap        ] GC(60) Eden regions: 63->0(63)
[2026-04-03T01:30:19.120+0600][24.429s][info][gc,heap        ] GC(60) Survivor regions: 1->1(8)
[2026-04-03T01:30:19.120+0600][24.429s][info][gc,heap        ] GC(60) Old regions: 12->12
[2026-04-03T01:30:19.120+0600][24.429s][info][gc,heap        ] GC(60) Humongous regions: 0->0
[2026-04-03T01:30:19.120+0600][24.429s][info][gc,metaspace   ] GC(60) Metaspace: 54941K(55616K)->54941K(55616K) NonClass: 46443K(46848K)->46443K(46848K) Class: 8498K(8768K)->8498K(8768K)
[2026-04-03T01:30:19.120+0600][24.429s][info][gc             ] GC(60) Pause Young (Normal) (G1 Evacuation Pause) 146M->20M(214M) 23.671ms
[2026-04-03T01:30:19.120+0600][24.429s][info][gc,cpu         ] GC(60) User=0.01s Sys=0.00s Real=0.03s
[2026-04-03T01:30:19.294+0600][24.604s][info][gc,start       ] GC(61) Pause Young (Normal) (G1 Evacuation Pause)
[2026-04-03T01:30:19.295+0600][24.604s][info][gc,task        ] GC(61) Using 10 workers of 10 for evacuation
[2026-04-03T01:30:19.296+0600][24.605s][info][gc,phases      ] GC(61)   Pre Evacuate Collection Set: 0.21ms
[2026-04-03T01:30:19.296+0600][24.605s][info][gc,phases      ] GC(61)   Merge Heap Roots: 0.14ms
[2026-04-03T01:30:19.296+0600][24.605s][info][gc,phases      ] GC(61)   Evacuate Collection Set: 0.83ms
[2026-04-03T01:30:19.296+0600][24.605s][info][gc,phases      ] GC(61)   Post Evacuate Collection Set: 0.36ms
[2026-04-03T01:30:19.296+0600][24.605s][info][gc,phases      ] GC(61)   Other: 0.10ms
[2026-04-03T01:30:19.296+0600][24.605s][info][gc,heap        ] GC(61) Eden regions: 63->0(63)
[2026-04-03T01:30:19.296+0600][24.606s][info][gc,heap        ] GC(61) Survivor regions: 1->1(8)
[2026-04-03T01:30:19.296+0600][24.606s][info][gc,heap        ] GC(61) Old regions: 12->12
[2026-04-03T01:30:19.296+0600][24.606s][info][gc,heap        ] GC(61) Humongous regions: 0->0
[2026-04-03T01:30:19.296+0600][24.606s][info][gc,metaspace   ] GC(61) Metaspace: 54941K(55616K)->54941K(55616K) NonClass: 46443K(46848K)->46443K(46848K) Class: 8498K(8768K)->8498K(8768K)
[2026-04-03T01:30:19.296+0600][24.606s][info][gc             ] GC(61) Pause Young (Normal) (G1 Evacuation Pause) 146M->20M(214M) 1.934ms
[2026-04-03T01:30:19.296+0600][24.606s][info][gc,cpu         ] GC(61) User=0.01s Sys=0.00s Real=0.00s
[2026-04-03T01:30:19.474+0600][24.783s][info][gc,start       ] GC(62) Pause Young (Normal) (G1 Evacuation Pause)
[2026-04-03T01:30:19.474+0600][24.783s][info][gc,task        ] GC(62) Using 10 workers of 10 for evacuation
[2026-04-03T01:30:19.476+0600][24.785s][info][gc,phases      ] GC(62)   Pre Evacuate Collection Set: 0.20ms
[2026-04-03T01:30:19.476+0600][24.785s][info][gc,phases      ] GC(62)   Merge Heap Roots: 0.13ms
[2026-04-03T01:30:19.476+0600][24.785s][info][gc,phases      ] GC(62)   Evacuate Collection Set: 0.80ms
[2026-04-03T01:30:19.476+0600][24.785s][info][gc,phases      ] GC(62)   Post Evacuate Collection Set: 0.35ms
[2026-04-03T01:30:19.476+0600][24.785s][info][gc,phases      ] GC(62)   Other: 0.21ms
[2026-04-03T01:30:19.476+0600][24.785s][info][gc,heap        ] GC(62) Eden regions: 63->0(63)
[2026-04-03T01:30:19.476+0600][24.785s][info][gc,heap        ] GC(62) Survivor regions: 1->1(8)
[2026-04-03T01:30:19.476+0600][24.785s][info][gc,heap        ] GC(62) Old regions: 12->12
[2026-04-03T01:30:19.476+0600][24.785s][info][gc,heap        ] GC(62) Humongous regions: 0->0
[2026-04-03T01:30:19.476+0600][24.785s][info][gc,metaspace   ] GC(62) Metaspace: 54942K(55616K)->54942K(55616K) NonClass: 46443K(46848K)->46443K(46848K) Class: 8498K(8768K)->8498K(8768K)
[2026-04-03T01:30:19.476+0600][24.785s][info][gc             ] GC(62) Pause Young (Normal) (G1 Evacuation Pause) 146M->20M(214M) 2.010ms
[2026-04-03T01:30:19.476+0600][24.785s][info][gc,cpu         ] GC(62) User=0.01s Sys=0.00s Real=0.00s
[2026-04-03T01:30:19.633+0600][24.943s][info][gc,start       ] GC(63) Pause Young (Normal) (G1 Evacuation Pause)
[2026-04-03T01:30:19.633+0600][24.943s][info][gc,task        ] GC(63) Using 10 workers of 10 for evacuation
[2026-04-03T01:30:19.635+0600][24.944s][info][gc,phases      ] GC(63)   Pre Evacuate Collection Set: 0.17ms
[2026-04-03T01:30:19.635+0600][24.944s][info][gc,phases      ] GC(63)   Merge Heap Roots: 0.13ms
[2026-04-03T01:30:19.635+0600][24.944s][info][gc,phases      ] GC(63)   Evacuate Collection Set: 0.66ms
[2026-04-03T01:30:19.635+0600][24.944s][info][gc,phases      ] GC(63)   Post Evacuate Collection Set: 0.31ms
[2026-04-03T01:30:19.635+0600][24.944s][info][gc,phases      ] GC(63)   Other: 0.09ms
[2026-04-03T01:30:19.635+0600][24.944s][info][gc,heap        ] GC(63) Eden regions: 63->0(63)
[2026-04-03T01:30:19.635+0600][24.944s][info][gc,heap        ] GC(63) Survivor regions: 1->1(8)
[2026-04-03T01:30:19.635+0600][24.944s][info][gc,heap        ] GC(63) Old regions: 12->12
[2026-04-03T01:30:19.635+0600][24.944s][info][gc,heap        ] GC(63) Humongous regions: 0->0
[2026-04-03T01:30:19.635+0600][24.944s][info][gc,metaspace   ] GC(63) Metaspace: 54942K(55616K)->54942K(55616K) NonClass: 46443K(46848K)->46443K(46848K) Class: 8498K(8768K)->8498K(8768K)
[2026-04-03T01:30:19.635+0600][24.944s][info][gc             ] GC(63) Pause Young (Normal) (G1 Evacuation Pause) 146M->20M(214M) 1.615ms
[2026-04-03T01:30:19.635+0600][24.944s][info][gc,cpu         ] GC(63) User=0.01s Sys=0.00s Real=0.00s
[2026-04-03T01:30:19.797+0600][25.106s][info][gc,start       ] GC(64) Pause Young (Normal) (G1 Evacuation Pause)
[2026-04-03T01:30:19.797+0600][25.106s][info][gc,task        ] GC(64) Using 10 workers of 10 for evacuation
[2026-04-03T01:30:19.798+0600][25.108s][info][gc,phases      ] GC(64)   Pre Evacuate Collection Set: 0.19ms
[2026-04-03T01:30:19.798+0600][25.108s][info][gc,phases      ] GC(64)   Merge Heap Roots: 0.16ms
[2026-04-03T01:30:19.799+0600][25.108s][info][gc,phases      ] GC(64)   Evacuate Collection Set: 0.73ms
[2026-04-03T01:30:19.799+0600][25.108s][info][gc,phases      ] GC(64)   Post Evacuate Collection Set: 0.43ms
[2026-04-03T01:30:19.799+0600][25.108s][info][gc,phases      ] GC(64)   Other: 0.12ms
[2026-04-03T01:30:19.799+0600][25.108s][info][gc,heap        ] GC(64) Eden regions: 63->0(63)
[2026-04-03T01:30:19.799+0600][25.108s][info][gc,heap        ] GC(64) Survivor regions: 1->1(8)
[2026-04-03T01:30:19.799+0600][25.108s][info][gc,heap        ] GC(64) Old regions: 12->12
[2026-04-03T01:30:19.799+0600][25.108s][info][gc,heap        ] GC(64) Humongous regions: 0->0
[2026-04-03T01:30:19.799+0600][25.108s][info][gc,metaspace   ] GC(64) Metaspace: 54942K(55616K)->54942K(55616K) NonClass: 46443K(46848K)->46443K(46848K) Class: 8498K(8768K)->8498K(8768K)
[2026-04-03T01:30:19.799+0600][25.108s][info][gc             ] GC(64) Pause Young (Normal) (G1 Evacuation Pause) 146M->20M(214M) 1.911ms
[2026-04-03T01:30:19.799+0600][25.108s][info][gc,cpu         ] GC(64) User=0.01s Sys=0.00s Real=0.00s
[2026-04-03T01:30:19.956+0600][25.265s][info][gc,start       ] GC(65) Pause Young (Normal) (G1 Evacuation Pause)
[2026-04-03T01:30:19.956+0600][25.265s][info][gc,task        ] GC(65) Using 10 workers of 10 for evacuation
[2026-04-03T01:30:19.958+0600][25.267s][info][gc,phases      ] GC(65)   Pre Evacuate Collection Set: 0.18ms
[2026-04-03T01:30:19.958+0600][25.267s][info][gc,phases      ] GC(65)   Merge Heap Roots: 0.15ms
[2026-04-03T01:30:19.958+0600][25.267s][info][gc,phases      ] GC(65)   Evacuate Collection Set: 0.81ms
[2026-04-03T01:30:19.958+0600][25.267s][info][gc,phases      ] GC(65)   Post Evacuate Collection Set: 0.44ms
[2026-04-03T01:30:19.958+0600][25.267s][info][gc,phases      ] GC(65)   Other: 0.11ms
[2026-04-03T01:30:19.958+0600][25.267s][info][gc,heap        ] GC(65) Eden regions: 63->0(63)
[2026-04-03T01:30:19.958+0600][25.267s][info][gc,heap        ] GC(65) Survivor regions: 1->1(8)
[2026-04-03T01:30:19.958+0600][25.267s][info][gc,heap        ] GC(65) Old regions: 12->12
[2026-04-03T01:30:19.958+0600][25.267s][info][gc,heap        ] GC(65) Humongous regions: 0->0
[2026-04-03T01:30:19.958+0600][25.267s][info][gc,metaspace   ] GC(65) Metaspace: 54942K(55616K)->54942K(55616K) NonClass: 46443K(46848K)->46443K(46848K) Class: 8498K(8768K)->8498K(8768K)
[2026-04-03T01:30:19.958+0600][25.267s][info][gc             ] GC(65) Pause Young (Normal) (G1 Evacuation Pause) 146M->20M(214M) 2.093ms
[2026-04-03T01:30:19.958+0600][25.267s][info][gc,cpu         ] GC(65) User=0.01s Sys=0.00s Real=0.00s
[2026-04-03T01:30:20.286+0600][25.595s][info][gc,start       ] GC(66) Pause Full (System.gc())
[2026-04-03T01:30:20.286+0600][25.595s][info][gc,task        ] GC(66) Using 7 workers of 10 for full compaction
[2026-04-03T01:30:20.286+0600][25.595s][info][gc,phases,start] GC(66) Phase 1: Mark live objects
[2026-04-03T01:30:20.316+0600][25.625s][info][gc,phases      ] GC(66) Phase 1: Mark live objects 29.641ms
[2026-04-03T01:30:20.316+0600][25.625s][info][gc,phases,start] GC(66) Phase 2: Prepare compaction
[2026-04-03T01:30:20.318+0600][25.628s][info][gc,phases      ] GC(66) Phase 2: Prepare compaction 2.532ms
[2026-04-03T01:30:20.318+0600][25.628s][info][gc,phases,start] GC(66) Phase 3: Adjust pointers
[2026-04-03T01:30:20.335+0600][25.644s][info][gc,phases      ] GC(66) Phase 3: Adjust pointers 16.612ms
[2026-04-03T01:30:20.335+0600][25.644s][info][gc,phases,start] GC(66) Phase 4: Compact heap
[2026-04-03T01:30:20.338+0600][25.647s][info][gc,phases      ] GC(66) Phase 4: Compact heap 2.678ms
[2026-04-03T01:30:20.338+0600][25.647s][info][gc,phases,start] GC(66) Phase 5: Reset Metadata
[2026-04-03T01:30:20.341+0600][25.650s][info][gc,phases      ] GC(66) Phase 5: Reset Metadata 3.326ms
[2026-04-03T01:30:20.354+0600][25.663s][info][gc,heap        ] GC(66) Eden regions: 62->0(24)
[2026-04-03T01:30:20.354+0600][25.663s][info][gc,heap        ] GC(66) Survivor regions: 1->0(8)
[2026-04-03T01:30:20.354+0600][25.663s][info][gc,heap        ] GC(66) Old regions: 12->12
[2026-04-03T01:30:20.354+0600][25.663s][info][gc,heap        ] GC(66) Humongous regions: 0->0
[2026-04-03T01:30:20.354+0600][25.663s][info][gc,metaspace   ] GC(66) Metaspace: 55262K(55936K)->54876K(55936K) NonClass: 46702K(47104K)->46434K(47104K) Class: 8559K(8832K)->8442K(8832K)
[2026-04-03T01:30:20.354+0600][25.663s][info][gc             ] GC(66) Pause Full (System.gc()) 143M->18M(80M) 68.554ms
[2026-04-03T01:30:20.354+0600][25.663s][info][gc,cpu         ] GC(66) User=0.41s Sys=0.02s Real=0.07s
[2026-04-03T01:30:20.698+0600][26.007s][info][gc,start       ] GC(67) Pause Young (Normal) (G1 Evacuation Pause)
[2026-04-03T01:30:20.698+0600][26.007s][info][gc,task        ] GC(67) Using 10 workers of 10 for evacuation
[2026-04-03T01:30:20.701+0600][26.010s][info][gc,phases      ] GC(67)   Pre Evacuate Collection Set: 0.33ms
[2026-04-03T01:30:20.701+0600][26.010s][info][gc,phases      ] GC(67)   Merge Heap Roots: 0.15ms
[2026-04-03T01:30:20.701+0600][26.010s][info][gc,phases      ] GC(67)   Evacuate Collection Set: 1.60ms
[2026-04-03T01:30:20.701+0600][26.010s][info][gc,phases      ] GC(67)   Post Evacuate Collection Set: 0.78ms
[2026-04-03T01:30:20.701+0600][26.010s][info][gc,phases      ] GC(67)   Other: 0.11ms
[2026-04-03T01:30:20.701+0600][26.010s][info][gc,heap        ] GC(67) Eden regions: 24->0(36)
[2026-04-03T01:30:20.701+0600][26.010s][info][gc,heap        ] GC(67) Survivor regions: 0->1(3)
[2026-04-03T01:30:20.701+0600][26.010s][info][gc,heap        ] GC(67) Old regions: 12->12
[2026-04-03T01:30:20.701+0600][26.010s][info][gc,heap        ] GC(67) Humongous regions: 0->0
[2026-04-03T01:30:20.701+0600][26.010s][info][gc,metaspace   ] GC(67) Metaspace: 54903K(55936K)->54903K(55936K) NonClass: 46451K(47104K)->46451K(47104K) Class: 8451K(8832K)->8451K(8832K)
[2026-04-03T01:30:20.701+0600][26.010s][info][gc             ] GC(67) Pause Young (Normal) (G1 Evacuation Pause) 66M->19M(124M) 3.275ms
[2026-04-03T01:30:20.701+0600][26.010s][info][gc,cpu         ] GC(67) User=0.01s Sys=0.00s Real=0.01s
[2026-04-03T01:30:21.091+0600][26.400s][info][gc,start       ] GC(68) Pause Young (Normal) (G1 Evacuation Pause)
[2026-04-03T01:30:21.091+0600][26.400s][info][gc,task        ] GC(68) Using 10 workers of 10 for evacuation
[2026-04-03T01:30:21.094+0600][26.403s][info][gc,phases      ] GC(68)   Pre Evacuate Collection Set: 0.25ms
[2026-04-03T01:30:21.094+0600][26.403s][info][gc,phases      ] GC(68)   Merge Heap Roots: 0.15ms
[2026-04-03T01:30:21.094+0600][26.403s][info][gc,phases      ] GC(68)   Evacuate Collection Set: 2.04ms
[2026-04-03T01:30:21.094+0600][26.403s][info][gc,phases      ] GC(68)   Post Evacuate Collection Set: 0.52ms
[2026-04-03T01:30:21.094+0600][26.403s][info][gc,phases      ] GC(68)   Other: 0.11ms
[2026-04-03T01:30:21.094+0600][26.403s][info][gc,heap        ] GC(68) Eden regions: 36->0(36)
[2026-04-03T01:30:21.094+0600][26.403s][info][gc,heap        ] GC(68) Survivor regions: 1->1(5)
[2026-04-03T01:30:21.094+0600][26.403s][info][gc,heap        ] GC(68) Old regions: 12->12
[2026-04-03T01:30:21.094+0600][26.403s][info][gc,heap        ] GC(68) Humongous regions: 0->0
[2026-04-03T01:30:21.094+0600][26.403s][info][gc,metaspace   ] GC(68) Metaspace: 54903K(55936K)->54903K(55936K) NonClass: 46451K(47104K)->46451K(47104K) Class: 8451K(8832K)->8451K(8832K)
[2026-04-03T01:30:21.094+0600][26.403s][info][gc             ] GC(68) Pause Young (Normal) (G1 Evacuation Pause) 91M->19M(124M) 3.405ms
[2026-04-03T01:30:21.094+0600][26.403s][info][gc,cpu         ] GC(68) User=0.02s Sys=0.00s Real=0.00s
[2026-04-03T01:30:21.428+0600][26.737s][info][gc,start       ] GC(69) Pause Young (Normal) (G1 Evacuation Pause)
[2026-04-03T01:30:21.428+0600][26.737s][info][gc,task        ] GC(69) Using 10 workers of 10 for evacuation
[2026-04-03T01:30:21.430+0600][26.740s][info][gc,phases      ] GC(69)   Pre Evacuate Collection Set: 0.22ms
[2026-04-03T01:30:21.431+0600][26.740s][info][gc,phases      ] GC(69)   Merge Heap Roots: 0.13ms
[2026-04-03T01:30:21.431+0600][26.740s][info][gc,phases      ] GC(69)   Evacuate Collection Set: 1.76ms
[2026-04-03T01:30:21.431+0600][26.740s][info][gc,phases      ] GC(69)   Post Evacuate Collection Set: 0.44ms
[2026-04-03T01:30:21.431+0600][26.740s][info][gc,phases      ] GC(69)   Other: 0.10ms
[2026-04-03T01:30:21.431+0600][26.740s][info][gc,heap        ] GC(69) Eden regions: 36->0(36)
[2026-04-03T01:30:21.431+0600][26.740s][info][gc,heap        ] GC(69) Survivor regions: 1->1(5)
[2026-04-03T01:30:21.431+0600][26.740s][info][gc,heap        ] GC(69) Old regions: 12->12
[2026-04-03T01:30:21.431+0600][26.740s][info][gc,heap        ] GC(69) Humongous regions: 0->0
[2026-04-03T01:30:21.431+0600][26.740s][info][gc,metaspace   ] GC(69) Metaspace: 54903K(55936K)->54903K(55936K) NonClass: 46451K(47104K)->46451K(47104K) Class: 8451K(8832K)->8451K(8832K)
[2026-04-03T01:30:21.431+0600][26.740s][info][gc             ] GC(69) Pause Young (Normal) (G1 Evacuation Pause) 91M->19M(124M) 2.979ms
[2026-04-03T01:30:21.431+0600][26.740s][info][gc,cpu         ] GC(69) User=0.03s Sys=0.00s Real=0.01s
[2026-04-03T01:30:21.725+0600][27.034s][info][gc,start       ] GC(70) Pause Young (Normal) (G1 Evacuation Pause)
[2026-04-03T01:30:21.725+0600][27.035s][info][gc,task        ] GC(70) Using 10 workers of 10 for evacuation
[2026-04-03T01:30:21.728+0600][27.037s][info][gc,phases      ] GC(70)   Pre Evacuate Collection Set: 0.24ms
[2026-04-03T01:30:21.728+0600][27.037s][info][gc,phases      ] GC(70)   Merge Heap Roots: 0.16ms
[2026-04-03T01:30:21.728+0600][27.037s][info][gc,phases      ] GC(70)   Evacuate Collection Set: 1.68ms
[2026-04-03T01:30:21.728+0600][27.037s][info][gc,phases      ] GC(70)   Post Evacuate Collection Set: 0.46ms
[2026-04-03T01:30:21.728+0600][27.037s][info][gc,phases      ] GC(70)   Other: 0.11ms
[2026-04-03T01:30:21.728+0600][27.037s][info][gc,heap        ] GC(70) Eden regions: 36->0(36)
[2026-04-03T01:30:21.728+0600][27.037s][info][gc,heap        ] GC(70) Survivor regions: 1->1(5)
[2026-04-03T01:30:21.728+0600][27.037s][info][gc,heap        ] GC(70) Old regions: 12->12
[2026-04-03T01:30:21.728+0600][27.037s][info][gc,heap        ] GC(70) Humongous regions: 0->0
[2026-04-03T01:30:21.728+0600][27.037s][info][gc,metaspace   ] GC(70) Metaspace: 54903K(55936K)->54903K(55936K) NonClass: 46451K(47104K)->46451K(47104K) Class: 8451K(8832K)->8451K(8832K)
[2026-04-03T01:30:21.728+0600][27.037s][info][gc             ] GC(70) Pause Young (Normal) (G1 Evacuation Pause) 91M->19M(124M) 3.009ms
[2026-04-03T01:30:21.728+0600][27.038s][info][gc,cpu         ] GC(70) User=0.02s Sys=0.00s Real=0.00s
[2026-04-03T01:30:21.989+0600][27.298s][info][gc,start       ] GC(71) Pause Young (Normal) (G1 Evacuation Pause)
[2026-04-03T01:30:21.989+0600][27.298s][info][gc,task        ] GC(71) Using 10 workers of 10 for evacuation
[2026-04-03T01:30:21.994+0600][27.303s][info][gc,phases      ] GC(71)   Pre Evacuate Collection Set: 0.31ms
[2026-04-03T01:30:21.994+0600][27.303s][info][gc,phases      ] GC(71)   Merge Heap Roots: 0.16ms
[2026-04-03T01:30:21.994+0600][27.303s][info][gc,phases      ] GC(71)   Evacuate Collection Set: 3.45ms
[2026-04-03T01:30:21.994+0600][27.303s][info][gc,phases      ] GC(71)   Post Evacuate Collection Set: 0.56ms
[2026-04-03T01:30:21.994+0600][27.303s][info][gc,phases      ] GC(71)   Other: 0.13ms
[2026-04-03T01:30:21.994+0600][27.303s][info][gc,heap        ] GC(71) Eden regions: 36->0(36)
[2026-04-03T01:30:21.994+0600][27.303s][info][gc,heap        ] GC(71) Survivor regions: 1->1(5)
[2026-04-03T01:30:21.994+0600][27.303s][info][gc,heap        ] GC(71) Old regions: 12->12
[2026-04-03T01:30:21.994+0600][27.303s][info][gc,heap        ] GC(71) Humongous regions: 0->0
[2026-04-03T01:30:21.994+0600][27.303s][info][gc,metaspace   ] GC(71) Metaspace: 54903K(55936K)->54903K(55936K) NonClass: 46451K(47104K)->46451K(47104K) Class: 8451K(8832K)->8451K(8832K)
[2026-04-03T01:30:21.994+0600][27.303s][info][gc             ] GC(71) Pause Young (Normal) (G1 Evacuation Pause) 91M->19M(124M) 5.017ms
[2026-04-03T01:30:21.994+0600][27.303s][info][gc,cpu         ] GC(71) User=0.03s Sys=0.00s Real=0.01s
[2026-04-03T01:30:22.300+0600][27.609s][info][gc,start       ] GC(72) Pause Young (Normal) (G1 Evacuation Pause)
[2026-04-03T01:30:22.300+0600][27.609s][info][gc,task        ] GC(72) Using 10 workers of 10 for evacuation
[2026-04-03T01:30:22.303+0600][27.612s][info][gc,phases      ] GC(72)   Pre Evacuate Collection Set: 0.25ms
[2026-04-03T01:30:22.303+0600][27.612s][info][gc,phases      ] GC(72)   Merge Heap Roots: 0.15ms
[2026-04-03T01:30:22.303+0600][27.612s][info][gc,phases      ] GC(72)   Evacuate Collection Set: 1.64ms
[2026-04-03T01:30:22.303+0600][27.612s][info][gc,phases      ] GC(72)   Post Evacuate Collection Set: 0.46ms
[2026-04-03T01:30:22.303+0600][27.612s][info][gc,phases      ] GC(72)   Other: 0.12ms
[2026-04-03T01:30:22.303+0600][27.612s][info][gc,heap        ] GC(72) Eden regions: 36->0(36)
[2026-04-03T01:30:22.303+0600][27.612s][info][gc,heap        ] GC(72) Survivor regions: 1->1(5)
[2026-04-03T01:30:22.303+0600][27.612s][info][gc,heap        ] GC(72) Old regions: 12->12
[2026-04-03T01:30:22.303+0600][27.612s][info][gc,heap        ] GC(72) Humongous regions: 0->0
[2026-04-03T01:30:22.303+0600][27.612s][info][gc,metaspace   ] GC(72) Metaspace: 54903K(55936K)->54903K(55936K) NonClass: 46451K(47104K)->46451K(47104K) Class: 8451K(8832K)->8451K(8832K)
[2026-04-03T01:30:22.303+0600][27.612s][info][gc             ] GC(72) Pause Young (Normal) (G1 Evacuation Pause) 91M->19M(124M) 2.995ms
[2026-04-03T01:30:22.303+0600][27.612s][info][gc,cpu         ] GC(72) User=0.02s Sys=0.01s Real=0.00s
[2026-04-03T01:30:22.621+0600][27.930s][info][gc,start       ] GC(73) Pause Young (Normal) (G1 Evacuation Pause)
[2026-04-03T01:30:22.621+0600][27.930s][info][gc,task        ] GC(73) Using 10 workers of 10 for evacuation
[2026-04-03T01:30:22.623+0600][27.933s][info][gc,phases      ] GC(73)   Pre Evacuate Collection Set: 0.21ms
[2026-04-03T01:30:22.624+0600][27.933s][info][gc,phases      ] GC(73)   Merge Heap Roots: 0.13ms
[2026-04-03T01:30:22.624+0600][27.933s][info][gc,phases      ] GC(73)   Evacuate Collection Set: 1.50ms
[2026-04-03T01:30:22.624+0600][27.933s][info][gc,phases      ] GC(73)   Post Evacuate Collection Set: 0.51ms
[2026-04-03T01:30:22.624+0600][27.933s][info][gc,phases      ] GC(73)   Other: 0.09ms
[2026-04-03T01:30:22.624+0600][27.933s][info][gc,heap        ] GC(73) Eden regions: 36->0(36)
[2026-04-03T01:30:22.624+0600][27.933s][info][gc,heap        ] GC(73) Survivor regions: 1->1(5)
[2026-04-03T01:30:22.624+0600][27.933s][info][gc,heap        ] GC(73) Old regions: 12->12
[2026-04-03T01:30:22.624+0600][27.933s][info][gc,heap        ] GC(73) Humongous regions: 0->0
[2026-04-03T01:30:22.624+0600][27.933s][info][gc,metaspace   ] GC(73) Metaspace: 54903K(55936K)->54903K(55936K) NonClass: 46451K(47104K)->46451K(47104K) Class: 8451K(8832K)->8451K(8832K)
[2026-04-03T01:30:22.624+0600][27.933s][info][gc             ] GC(73) Pause Young (Normal) (G1 Evacuation Pause) 91M->19M(124M) 2.793ms
[2026-04-03T01:30:22.624+0600][27.933s][info][gc,cpu         ] GC(73) User=0.02s Sys=0.00s Real=0.00s
[2026-04-03T01:30:22.900+0600][28.209s][info][gc,start       ] GC(74) Pause Young (Normal) (G1 Evacuation Pause)
[2026-04-03T01:30:22.900+0600][28.210s][info][gc,task        ] GC(74) Using 10 workers of 10 for evacuation
[2026-04-03T01:30:22.905+0600][28.215s][info][gc,phases      ] GC(74)   Pre Evacuate Collection Set: 0.23ms
[2026-04-03T01:30:22.906+0600][28.215s][info][gc,phases      ] GC(74)   Merge Heap Roots: 0.16ms
[2026-04-03T01:30:22.906+0600][28.215s][info][gc,phases      ] GC(74)   Evacuate Collection Set: 3.83ms
[2026-04-03T01:30:22.906+0600][28.215s][info][gc,phases      ] GC(74)   Post Evacuate Collection Set: 0.70ms
[2026-04-03T01:30:22.906+0600][28.215s][info][gc,phases      ] GC(74)   Other: 0.18ms
[2026-04-03T01:30:22.906+0600][28.215s][info][gc,heap        ] GC(74) Eden regions: 36->0(36)
[2026-04-03T01:30:22.906+0600][28.215s][info][gc,heap        ] GC(74) Survivor regions: 1->1(5)
[2026-04-03T01:30:22.906+0600][28.215s][info][gc,heap        ] GC(74) Old regions: 12->12
[2026-04-03T01:30:22.906+0600][28.215s][info][gc,heap        ] GC(74) Humongous regions: 0->0
[2026-04-03T01:30:22.906+0600][28.215s][info][gc,metaspace   ] GC(74) Metaspace: 54903K(55936K)->54903K(55936K) NonClass: 46451K(47104K)->46451K(47104K) Class: 8451K(8832K)->8451K(8832K)
[2026-04-03T01:30:22.906+0600][28.215s][info][gc             ] GC(74) Pause Young (Normal) (G1 Evacuation Pause) 91M->19M(124M) 5.535ms
[2026-04-03T01:30:22.906+0600][28.215s][info][gc,cpu         ] GC(74) User=0.02s Sys=0.00s Real=0.00s
[2026-04-03T01:30:23.158+0600][28.467s][info][gc,start       ] GC(75) Pause Young (Normal) (G1 Evacuation Pause)
[2026-04-03T01:30:23.158+0600][28.468s][info][gc,task        ] GC(75) Using 10 workers of 10 for evacuation
[2026-04-03T01:30:23.161+0600][28.470s][info][gc,phases      ] GC(75)   Pre Evacuate Collection Set: 0.22ms
[2026-04-03T01:30:23.161+0600][28.470s][info][gc,phases      ] GC(75)   Merge Heap Roots: 0.18ms
[2026-04-03T01:30:23.161+0600][28.470s][info][gc,phases      ] GC(75)   Evacuate Collection Set: 1.62ms
[2026-04-03T01:30:23.161+0600][28.470s][info][gc,phases      ] GC(75)   Post Evacuate Collection Set: 0.66ms
[2026-04-03T01:30:23.161+0600][28.470s][info][gc,phases      ] GC(75)   Other: 0.12ms
[2026-04-03T01:30:23.161+0600][28.470s][info][gc,heap        ] GC(75) Eden regions: 36->0(36)
[2026-04-03T01:30:23.161+0600][28.470s][info][gc,heap        ] GC(75) Survivor regions: 1->1(5)
[2026-04-03T01:30:23.161+0600][28.471s][info][gc,heap        ] GC(75) Old regions: 12->12
[2026-04-03T01:30:23.161+0600][28.471s][info][gc,heap        ] GC(75) Humongous regions: 0->0
[2026-04-03T01:30:23.161+0600][28.471s][info][gc,metaspace   ] GC(75) Metaspace: 54903K(55936K)->54903K(55936K) NonClass: 46451K(47104K)->46451K(47104K) Class: 8451K(8832K)->8451K(8832K)
[2026-04-03T01:30:23.161+0600][28.471s][info][gc             ] GC(75) Pause Young (Normal) (G1 Evacuation Pause) 91M->19M(124M) 3.180ms
[2026-04-03T01:30:23.161+0600][28.471s][info][gc,cpu         ] GC(75) User=0.01s Sys=0.01s Real=0.01s
[2026-04-03T01:30:23.422+0600][28.732s][info][gc,start       ] GC(76) Pause Young (Normal) (G1 Evacuation Pause)
[2026-04-03T01:30:23.423+0600][28.732s][info][gc,task        ] GC(76) Using 10 workers of 10 for evacuation
[2026-04-03T01:30:23.425+0600][28.734s][info][gc,phases      ] GC(76)   Pre Evacuate Collection Set: 0.22ms
[2026-04-03T01:30:23.425+0600][28.734s][info][gc,phases      ] GC(76)   Merge Heap Roots: 0.11ms
[2026-04-03T01:30:23.425+0600][28.734s][info][gc,phases      ] GC(76)   Evacuate Collection Set: 1.52ms
[2026-04-03T01:30:23.425+0600][28.734s][info][gc,phases      ] GC(76)   Post Evacuate Collection Set: 0.46ms
[2026-04-03T01:30:23.425+0600][28.734s][info][gc,phases      ] GC(76)   Other: 0.14ms
[2026-04-03T01:30:23.425+0600][28.734s][info][gc,heap        ] GC(76) Eden regions: 36->0(36)
[2026-04-03T01:30:23.425+0600][28.734s][info][gc,heap        ] GC(76) Survivor regions: 1->1(5)
[2026-04-03T01:30:23.425+0600][28.734s][info][gc,heap        ] GC(76) Old regions: 12->12
[2026-04-03T01:30:23.425+0600][28.734s][info][gc,heap        ] GC(76) Humongous regions: 0->0
[2026-04-03T01:30:23.425+0600][28.734s][info][gc,metaspace   ] GC(76) Metaspace: 54903K(55936K)->54903K(55936K) NonClass: 46451K(47104K)->46451K(47104K) Class: 8451K(8832K)->8451K(8832K)
[2026-04-03T01:30:23.425+0600][28.734s][info][gc             ] GC(76) Pause Young (Normal) (G1 Evacuation Pause) 91M->19M(124M) 2.754ms
[2026-04-03T01:30:23.425+0600][28.734s][info][gc,cpu         ] GC(76) User=0.02s Sys=0.00s Real=0.00s
[2026-04-03T01:30:23.663+0600][28.972s][info][gc,start       ] GC(77) Pause Young (Normal) (G1 Evacuation Pause)
[2026-04-03T01:30:23.663+0600][28.972s][info][gc,task        ] GC(77) Using 10 workers of 10 for evacuation
[2026-04-03T01:30:23.665+0600][28.975s][info][gc,phases      ] GC(77)   Pre Evacuate Collection Set: 0.22ms
[2026-04-03T01:30:23.665+0600][28.975s][info][gc,phases      ] GC(77)   Merge Heap Roots: 0.13ms
[2026-04-03T01:30:23.665+0600][28.975s][info][gc,phases      ] GC(77)   Evacuate Collection Set: 1.67ms
[2026-04-03T01:30:23.665+0600][28.975s][info][gc,phases      ] GC(77)   Post Evacuate Collection Set: 0.53ms
[2026-04-03T01:30:23.665+0600][28.975s][info][gc,phases      ] GC(77)   Other: 0.10ms
[2026-04-03T01:30:23.666+0600][28.975s][info][gc,heap        ] GC(77) Eden regions: 36->0(36)
[2026-04-03T01:30:23.666+0600][28.975s][info][gc,heap        ] GC(77) Survivor regions: 1->1(5)
[2026-04-03T01:30:23.666+0600][28.975s][info][gc,heap        ] GC(77) Old regions: 12->12
[2026-04-03T01:30:23.666+0600][28.975s][info][gc,heap        ] GC(77) Humongous regions: 0->0
[2026-04-03T01:30:23.666+0600][28.975s][info][gc,metaspace   ] GC(77) Metaspace: 54903K(55936K)->54903K(55936K) NonClass: 46451K(47104K)->46451K(47104K) Class: 8451K(8832K)->8451K(8832K)
[2026-04-03T01:30:23.666+0600][28.975s][info][gc             ] GC(77) Pause Young (Normal) (G1 Evacuation Pause) 91M->19M(124M) 2.984ms
[2026-04-03T01:30:23.666+0600][28.975s][info][gc,cpu         ] GC(77) User=0.02s Sys=0.00s Real=0.00s
[2026-04-03T01:30:23.901+0600][29.210s][info][gc,start       ] GC(78) Pause Young (Normal) (G1 Evacuation Pause)
[2026-04-03T01:30:23.901+0600][29.210s][info][gc,task        ] GC(78) Using 10 workers of 10 for evacuation
[2026-04-03T01:30:23.904+0600][29.213s][info][gc,phases      ] GC(78)   Pre Evacuate Collection Set: 0.23ms
[2026-04-03T01:30:23.904+0600][29.214s][info][gc,phases      ] GC(78)   Merge Heap Roots: 0.13ms
[2026-04-03T01:30:23.904+0600][29.214s][info][gc,phases      ] GC(78)   Evacuate Collection Set: 1.72ms
[2026-04-03T01:30:23.904+0600][29.214s][info][gc,phases      ] GC(78)   Post Evacuate Collection Set: 0.80ms
[2026-04-03T01:30:23.904+0600][29.214s][info][gc,phases      ] GC(78)   Other: 0.13ms
[2026-04-03T01:30:23.904+0600][29.214s][info][gc,heap        ] GC(78) Eden regions: 36->0(44)
[2026-04-03T01:30:23.904+0600][29.214s][info][gc,heap        ] GC(78) Survivor regions: 1->1(5)
[2026-04-03T01:30:23.904+0600][29.214s][info][gc,heap        ] GC(78) Old regions: 12->12
[2026-04-03T01:30:23.904+0600][29.214s][info][gc,heap        ] GC(78) Humongous regions: 0->0
[2026-04-03T01:30:23.904+0600][29.214s][info][gc,metaspace   ] GC(78) Metaspace: 54903K(55936K)->54903K(55936K) NonClass: 46451K(47104K)->46451K(47104K) Class: 8451K(8832K)->8451K(8832K)
[2026-04-03T01:30:23.905+0600][29.214s][info][gc             ] GC(78) Pause Young (Normal) (G1 Evacuation Pause) 91M->19M(150M) 3.428ms
[2026-04-03T01:30:23.905+0600][29.214s][info][gc,cpu         ] GC(78) User=0.02s Sys=0.00s Real=0.00s
[2026-04-03T01:30:24.179+0600][29.488s][info][gc,start       ] GC(79) Pause Young (Normal) (G1 Evacuation Pause)
[2026-04-03T01:30:24.179+0600][29.489s][info][gc,task        ] GC(79) Using 10 workers of 10 for evacuation
[2026-04-03T01:30:24.182+0600][29.491s][info][gc,phases      ] GC(79)   Pre Evacuate Collection Set: 0.20ms
[2026-04-03T01:30:24.182+0600][29.491s][info][gc,phases      ] GC(79)   Merge Heap Roots: 0.15ms
[2026-04-03T01:30:24.182+0600][29.491s][info][gc,phases      ] GC(79)   Evacuate Collection Set: 1.53ms
[2026-04-03T01:30:24.182+0600][29.491s][info][gc,phases      ] GC(79)   Post Evacuate Collection Set: 0.49ms
[2026-04-03T01:30:24.182+0600][29.491s][info][gc,phases      ] GC(79)   Other: 0.10ms
[2026-04-03T01:30:24.182+0600][29.491s][info][gc,heap        ] GC(79) Eden regions: 44->0(44)
[2026-04-03T01:30:24.182+0600][29.491s][info][gc,heap        ] GC(79) Survivor regions: 1->1(6)
[2026-04-03T01:30:24.182+0600][29.491s][info][gc,heap        ] GC(79) Old regions: 12->12
[2026-04-03T01:30:24.182+0600][29.491s][info][gc,heap        ] GC(79) Humongous regions: 0->0
[2026-04-03T01:30:24.182+0600][29.491s][info][gc,metaspace   ] GC(79) Metaspace: 54903K(55936K)->54903K(55936K) NonClass: 46451K(47104K)->46451K(47104K) Class: 8451K(8832K)->8451K(8832K)
[2026-04-03T01:30:24.182+0600][29.491s][info][gc             ] GC(79) Pause Young (Normal) (G1 Evacuation Pause) 107M->19M(150M) 2.787ms
[2026-04-03T01:30:24.182+0600][29.491s][info][gc,cpu         ] GC(79) User=0.03s Sys=0.00s Real=0.01s
[2026-04-03T01:30:24.454+0600][29.763s][info][gc,start       ] GC(80) Pause Young (Normal) (G1 Evacuation Pause)
[2026-04-03T01:30:24.454+0600][29.763s][info][gc,task        ] GC(80) Using 10 workers of 10 for evacuation
[2026-04-03T01:30:24.457+0600][29.766s][info][gc,phases      ] GC(80)   Pre Evacuate Collection Set: 0.29ms
[2026-04-03T01:30:24.457+0600][29.766s][info][gc,phases      ] GC(80)   Merge Heap Roots: 0.13ms
[2026-04-03T01:30:24.457+0600][29.766s][info][gc,phases      ] GC(80)   Evacuate Collection Set: 1.69ms
[2026-04-03T01:30:24.457+0600][29.766s][info][gc,phases      ] GC(80)   Post Evacuate Collection Set: 0.50ms
[2026-04-03T01:30:24.457+0600][29.766s][info][gc,phases      ] GC(80)   Other: 0.10ms
[2026-04-03T01:30:24.457+0600][29.766s][info][gc,heap        ] GC(80) Eden regions: 44->0(44)
[2026-04-03T01:30:24.457+0600][29.766s][info][gc,heap        ] GC(80) Survivor regions: 1->1(6)
[2026-04-03T01:30:24.457+0600][29.766s][info][gc,heap        ] GC(80) Old regions: 12->12
[2026-04-03T01:30:24.457+0600][29.766s][info][gc,heap        ] GC(80) Humongous regions: 0->0
[2026-04-03T01:30:24.457+0600][29.766s][info][gc,metaspace   ] GC(80) Metaspace: 55006K(55936K)->55006K(55936K) NonClass: 46516K(47104K)->46516K(47104K) Class: 8489K(8832K)->8489K(8832K)
[2026-04-03T01:30:24.457+0600][29.766s][info][gc             ] GC(80) Pause Young (Normal) (G1 Evacuation Pause) 107M->19M(150M) 3.029ms
[2026-04-03T01:30:24.457+0600][29.766s][info][gc,cpu         ] GC(80) User=0.02s Sys=0.00s Real=0.00s
[2026-04-03T01:30:24.739+0600][30.048s][info][gc,start       ] GC(81) Pause Young (Normal) (G1 Evacuation Pause)
[2026-04-03T01:30:24.739+0600][30.048s][info][gc,task        ] GC(81) Using 10 workers of 10 for evacuation
[2026-04-03T01:30:24.742+0600][30.051s][info][gc,phases      ] GC(81)   Pre Evacuate Collection Set: 0.21ms
[2026-04-03T01:30:24.742+0600][30.051s][info][gc,phases      ] GC(81)   Merge Heap Roots: 0.12ms
[2026-04-03T01:30:24.742+0600][30.051s][info][gc,phases      ] GC(81)   Evacuate Collection Set: 1.63ms
[2026-04-03T01:30:24.742+0600][30.051s][info][gc,phases      ] GC(81)   Post Evacuate Collection Set: 0.50ms
[2026-04-03T01:30:24.742+0600][30.051s][info][gc,phases      ] GC(81)   Other: 0.10ms
[2026-04-03T01:30:24.742+0600][30.051s][info][gc,heap        ] GC(81) Eden regions: 44->0(44)
[2026-04-03T01:30:24.742+0600][30.051s][info][gc,heap        ] GC(81) Survivor regions: 1->1(6)
[2026-04-03T01:30:24.742+0600][30.051s][info][gc,heap        ] GC(81) Old regions: 12->12
[2026-04-03T01:30:24.742+0600][30.051s][info][gc,heap        ] GC(81) Humongous regions: 0->0
[2026-04-03T01:30:24.742+0600][30.051s][info][gc,metaspace   ] GC(81) Metaspace: 55006K(55936K)->55006K(55936K) NonClass: 46516K(47104K)->46516K(47104K) Class: 8489K(8832K)->8489K(8832K)
[2026-04-03T01:30:24.742+0600][30.051s][info][gc             ] GC(81) Pause Young (Normal) (G1 Evacuation Pause) 107M->19M(150M) 3.149ms
[2026-04-03T01:30:24.742+0600][30.051s][info][gc,cpu         ] GC(81) User=0.03s Sys=0.00s Real=0.01s
[2026-04-03T01:30:25.012+0600][30.321s][info][gc,start       ] GC(82) Pause Young (Normal) (G1 Evacuation Pause)
[2026-04-03T01:30:25.012+0600][30.321s][info][gc,task        ] GC(82) Using 10 workers of 10 for evacuation
[2026-04-03T01:30:25.015+0600][30.324s][info][gc,phases      ] GC(82)   Pre Evacuate Collection Set: 0.31ms
[2026-04-03T01:30:25.015+0600][30.324s][info][gc,phases      ] GC(82)   Merge Heap Roots: 0.15ms
[2026-04-03T01:30:25.015+0600][30.324s][info][gc,phases      ] GC(82)   Evacuate Collection Set: 1.85ms
[2026-04-03T01:30:25.015+0600][30.324s][info][gc,phases      ] GC(82)   Post Evacuate Collection Set: 0.77ms
[2026-04-03T01:30:25.015+0600][30.324s][info][gc,phases      ] GC(82)   Other: 0.16ms
[2026-04-03T01:30:25.015+0600][30.324s][info][gc,heap        ] GC(82) Eden regions: 44->0(44)
[2026-04-03T01:30:25.015+0600][30.324s][info][gc,heap        ] GC(82) Survivor regions: 1->1(6)
[2026-04-03T01:30:25.015+0600][30.324s][info][gc,heap        ] GC(82) Old regions: 12->13
[2026-04-03T01:30:25.015+0600][30.324s][info][gc,heap        ] GC(82) Humongous regions: 0->0
[2026-04-03T01:30:25.015+0600][30.324s][info][gc,metaspace   ] GC(82) Metaspace: 55006K(55936K)->55006K(55936K) NonClass: 46516K(47104K)->46516K(47104K) Class: 8489K(8832K)->8489K(8832K)
[2026-04-03T01:30:25.015+0600][30.324s][info][gc             ] GC(82) Pause Young (Normal) (G1 Evacuation Pause) 107M->19M(150M) 3.575ms
[2026-04-03T01:30:25.015+0600][30.324s][info][gc,cpu         ] GC(82) User=0.03s Sys=0.00s Real=0.00s
[2026-04-03T01:30:25.280+0600][30.590s][info][gc,start       ] GC(83) Pause Young (Normal) (G1 Evacuation Pause)
[2026-04-03T01:30:25.280+0600][30.590s][info][gc,task        ] GC(83) Using 10 workers of 10 for evacuation
[2026-04-03T01:30:25.283+0600][30.592s][info][gc,phases      ] GC(83)   Pre Evacuate Collection Set: 0.24ms
[2026-04-03T01:30:25.283+0600][30.592s][info][gc,phases      ] GC(83)   Merge Heap Roots: 0.14ms
[2026-04-03T01:30:25.283+0600][30.592s][info][gc,phases      ] GC(83)   Evacuate Collection Set: 1.17ms
[2026-04-03T01:30:25.283+0600][30.592s][info][gc,phases      ] GC(83)   Post Evacuate Collection Set: 0.54ms
[2026-04-03T01:30:25.283+0600][30.592s][info][gc,phases      ] GC(83)   Other: 0.12ms
[2026-04-03T01:30:25.283+0600][30.592s][info][gc,heap        ] GC(83) Eden regions: 44->0(44)
[2026-04-03T01:30:25.283+0600][30.592s][info][gc,heap        ] GC(83) Survivor regions: 1->1(6)
[2026-04-03T01:30:25.283+0600][30.592s][info][gc,heap        ] GC(83) Old regions: 13->13
[2026-04-03T01:30:25.283+0600][30.592s][info][gc,heap        ] GC(83) Humongous regions: 0->0
[2026-04-03T01:30:25.283+0600][30.592s][info][gc,metaspace   ] GC(83) Metaspace: 55006K(55936K)->55006K(55936K) NonClass: 46516K(47104K)->46516K(47104K) Class: 8489K(8832K)->8489K(8832K)
[2026-04-03T01:30:25.283+0600][30.592s][info][gc             ] GC(83) Pause Young (Normal) (G1 Evacuation Pause) 107M->19M(150M) 2.557ms
[2026-04-03T01:30:25.283+0600][30.592s][info][gc,cpu         ] GC(83) User=0.02s Sys=0.01s Real=0.00s
[2026-04-03T01:30:25.536+0600][30.845s][info][gc,start       ] GC(84) Pause Young (Normal) (G1 Evacuation Pause)
[2026-04-03T01:30:25.536+0600][30.845s][info][gc,task        ] GC(84) Using 10 workers of 10 for evacuation
[2026-04-03T01:30:25.538+0600][30.847s][info][gc,phases      ] GC(84)   Pre Evacuate Collection Set: 0.37ms
[2026-04-03T01:30:25.538+0600][30.847s][info][gc,phases      ] GC(84)   Merge Heap Roots: 0.14ms
[2026-04-03T01:30:25.538+0600][30.847s][info][gc,phases      ] GC(84)   Evacuate Collection Set: 1.07ms
[2026-04-03T01:30:25.538+0600][30.847s][info][gc,phases      ] GC(84)   Post Evacuate Collection Set: 0.45ms
[2026-04-03T01:30:25.538+0600][30.847s][info][gc,phases      ] GC(84)   Other: 0.11ms
[2026-04-03T01:30:25.538+0600][30.847s][info][gc,heap        ] GC(84) Eden regions: 44->0(44)
[2026-04-03T01:30:25.538+0600][30.847s][info][gc,heap        ] GC(84) Survivor regions: 1->1(6)
[2026-04-03T01:30:25.538+0600][30.847s][info][gc,heap        ] GC(84) Old regions: 13->13
[2026-04-03T01:30:25.538+0600][30.847s][info][gc,heap        ] GC(84) Humongous regions: 0->0
[2026-04-03T01:30:25.538+0600][30.847s][info][gc,metaspace   ] GC(84) Metaspace: 55014K(55936K)->55014K(55936K) NonClass: 46524K(47104K)->46524K(47104K) Class: 8489K(8832K)->8489K(8832K)
[2026-04-03T01:30:25.538+0600][30.847s][info][gc             ] GC(84) Pause Young (Normal) (G1 Evacuation Pause) 107M->19M(150M) 2.463ms
[2026-04-03T01:30:25.538+0600][30.847s][info][gc,cpu         ] GC(84) User=0.02s Sys=0.00s Real=0.00s
[2026-04-03T01:30:25.775+0600][31.084s][info][gc,start       ] GC(85) Pause Young (Normal) (G1 Evacuation Pause)
[2026-04-03T01:30:25.775+0600][31.084s][info][gc,task        ] GC(85) Using 10 workers of 10 for evacuation
[2026-04-03T01:30:25.777+0600][31.086s][info][gc,phases      ] GC(85)   Pre Evacuate Collection Set: 0.18ms
[2026-04-03T01:30:25.777+0600][31.086s][info][gc,phases      ] GC(85)   Merge Heap Roots: 0.12ms
[2026-04-03T01:30:25.777+0600][31.086s][info][gc,phases      ] GC(85)   Evacuate Collection Set: 0.94ms
[2026-04-03T01:30:25.777+0600][31.086s][info][gc,phases      ] GC(85)   Post Evacuate Collection Set: 0.43ms
[2026-04-03T01:30:25.777+0600][31.086s][info][gc,phases      ] GC(85)   Other: 0.09ms
[2026-04-03T01:30:25.777+0600][31.086s][info][gc,heap        ] GC(85) Eden regions: 44->0(44)
[2026-04-03T01:30:25.777+0600][31.086s][info][gc,heap        ] GC(85) Survivor regions: 1->1(6)
[2026-04-03T01:30:25.777+0600][31.086s][info][gc,heap        ] GC(85) Old regions: 13->13
[2026-04-03T01:30:25.777+0600][31.086s][info][gc,heap        ] GC(85) Humongous regions: 0->0
[2026-04-03T01:30:25.777+0600][31.086s][info][gc,metaspace   ] GC(85) Metaspace: 55014K(55936K)->55014K(55936K) NonClass: 46524K(47104K)->46524K(47104K) Class: 8489K(8832K)->8489K(8832K)
[2026-04-03T01:30:25.777+0600][31.086s][info][gc             ] GC(85) Pause Young (Normal) (G1 Evacuation Pause) 107M->19M(150M) 2.068ms
[2026-04-03T01:30:25.777+0600][31.086s][info][gc,cpu         ] GC(85) User=0.02s Sys=0.00s Real=0.00s
[2026-04-03T01:30:25.972+0600][31.281s][info][gc,start       ] GC(86) Pause Young (Normal) (G1 Evacuation Pause)
[2026-04-03T01:30:25.972+0600][31.281s][info][gc,task        ] GC(86) Using 10 workers of 10 for evacuation
[2026-04-03T01:30:25.974+0600][31.283s][info][gc,phases      ] GC(86)   Pre Evacuate Collection Set: 0.32ms
[2026-04-03T01:30:25.974+0600][31.283s][info][gc,phases      ] GC(86)   Merge Heap Roots: 0.17ms
[2026-04-03T01:30:25.974+0600][31.283s][info][gc,phases      ] GC(86)   Evacuate Collection Set: 0.96ms
[2026-04-03T01:30:25.974+0600][31.283s][info][gc,phases      ] GC(86)   Post Evacuate Collection Set: 0.47ms
[2026-04-03T01:30:25.974+0600][31.283s][info][gc,phases      ] GC(86)   Other: 0.18ms
[2026-04-03T01:30:25.974+0600][31.283s][info][gc,heap        ] GC(86) Eden regions: 44->0(44)
[2026-04-03T01:30:25.974+0600][31.283s][info][gc,heap        ] GC(86) Survivor regions: 1->1(6)
[2026-04-03T01:30:25.974+0600][31.283s][info][gc,heap        ] GC(86) Old regions: 13->13
[2026-04-03T01:30:25.974+0600][31.283s][info][gc,heap        ] GC(86) Humongous regions: 0->0
[2026-04-03T01:30:25.974+0600][31.283s][info][gc,metaspace   ] GC(86) Metaspace: 55014K(55936K)->55014K(55936K) NonClass: 46524K(47104K)->46524K(47104K) Class: 8489K(8832K)->8489K(8832K)
[2026-04-03T01:30:25.974+0600][31.283s][info][gc             ] GC(86) Pause Young (Normal) (G1 Evacuation Pause) 107M->19M(150M) 2.544ms
[2026-04-03T01:30:25.974+0600][31.283s][info][gc,cpu         ] GC(86) User=0.02s Sys=0.00s Real=0.00s
[2026-04-03T01:30:26.179+0600][31.488s][info][gc,start       ] GC(87) Pause Young (Normal) (G1 Evacuation Pause)
[2026-04-03T01:30:26.179+0600][31.488s][info][gc,task        ] GC(87) Using 10 workers of 10 for evacuation
[2026-04-03T01:30:26.182+0600][31.491s][info][gc,phases      ] GC(87)   Pre Evacuate Collection Set: 0.18ms
[2026-04-03T01:30:26.182+0600][31.491s][info][gc,phases      ] GC(87)   Merge Heap Roots: 0.13ms
[2026-04-03T01:30:26.182+0600][31.491s][info][gc,phases      ] GC(87)   Evacuate Collection Set: 2.37ms
[2026-04-03T01:30:26.182+0600][31.491s][info][gc,phases      ] GC(87)   Post Evacuate Collection Set: 0.51ms
[2026-04-03T01:30:26.182+0600][31.491s][info][gc,phases      ] GC(87)   Other: 0.10ms
[2026-04-03T01:30:26.182+0600][31.492s][info][gc,heap        ] GC(87) Eden regions: 44->0(44)
[2026-04-03T01:30:26.182+0600][31.492s][info][gc,heap        ] GC(87) Survivor regions: 1->1(6)
[2026-04-03T01:30:26.182+0600][31.492s][info][gc,heap        ] GC(87) Old regions: 13->13
[2026-04-03T01:30:26.182+0600][31.492s][info][gc,heap        ] GC(87) Humongous regions: 0->0
[2026-04-03T01:30:26.182+0600][31.492s][info][gc,metaspace   ] GC(87) Metaspace: 55014K(55936K)->55014K(55936K) NonClass: 46524K(47104K)->46524K(47104K) Class: 8489K(8832K)->8489K(8832K)
[2026-04-03T01:30:26.182+0600][31.492s][info][gc             ] GC(87) Pause Young (Normal) (G1 Evacuation Pause) 107M->19M(150M) 3.580ms
[2026-04-03T01:30:26.182+0600][31.492s][info][gc,cpu         ] GC(87) User=0.02s Sys=0.00s Real=0.01s
[2026-04-03T01:30:26.389+0600][31.698s][info][gc,start       ] GC(88) Pause Young (Normal) (G1 Evacuation Pause)
[2026-04-03T01:30:26.389+0600][31.699s][info][gc,task        ] GC(88) Using 10 workers of 10 for evacuation
[2026-04-03T01:30:26.391+0600][31.701s][info][gc,phases      ] GC(88)   Pre Evacuate Collection Set: 0.20ms
[2026-04-03T01:30:26.391+0600][31.701s][info][gc,phases      ] GC(88)   Merge Heap Roots: 0.13ms
[2026-04-03T01:30:26.392+0600][31.701s][info][gc,phases      ] GC(88)   Evacuate Collection Set: 0.95ms
[2026-04-03T01:30:26.392+0600][31.701s][info][gc,phases      ] GC(88)   Post Evacuate Collection Set: 0.66ms
[2026-04-03T01:30:26.392+0600][31.701s][info][gc,phases      ] GC(88)   Other: 0.11ms
[2026-04-03T01:30:26.392+0600][31.701s][info][gc,heap        ] GC(88) Eden regions: 44->0(53)
[2026-04-03T01:30:26.392+0600][31.701s][info][gc,heap        ] GC(88) Survivor regions: 1->1(6)
[2026-04-03T01:30:26.392+0600][31.701s][info][gc,heap        ] GC(88) Old regions: 13->13
[2026-04-03T01:30:26.392+0600][31.701s][info][gc,heap        ] GC(88) Humongous regions: 0->0
[2026-04-03T01:30:26.392+0600][31.701s][info][gc,metaspace   ] GC(88) Metaspace: 55014K(55936K)->55014K(55936K) NonClass: 46524K(47104K)->46524K(47104K) Class: 8489K(8832K)->8489K(8832K)
[2026-04-03T01:30:26.392+0600][31.701s][info][gc             ] GC(88) Pause Young (Normal) (G1 Evacuation Pause) 107M->19M(180M) 2.384ms
[2026-04-03T01:30:26.392+0600][31.701s][info][gc,cpu         ] GC(88) User=0.01s Sys=0.00s Real=0.01s
[2026-04-03T01:30:26.584+0600][31.893s][info][gc,start       ] GC(89) Pause Young (Normal) (G1 Evacuation Pause)
[2026-04-03T01:30:26.584+0600][31.893s][info][gc,task        ] GC(89) Using 10 workers of 10 for evacuation
[2026-04-03T01:30:26.586+0600][31.895s][info][gc,phases      ] GC(89)   Pre Evacuate Collection Set: 0.31ms
[2026-04-03T01:30:26.586+0600][31.895s][info][gc,phases      ] GC(89)   Merge Heap Roots: 0.10ms
[2026-04-03T01:30:26.586+0600][31.895s][info][gc,phases      ] GC(89)   Evacuate Collection Set: 0.79ms
[2026-04-03T01:30:26.586+0600][31.895s][info][gc,phases      ] GC(89)   Post Evacuate Collection Set: 0.38ms
[2026-04-03T01:30:26.586+0600][31.895s][info][gc,phases      ] GC(89)   Other: 0.11ms
[2026-04-03T01:30:26.586+0600][31.895s][info][gc,heap        ] GC(89) Eden regions: 53->0(53)
[2026-04-03T01:30:26.586+0600][31.895s][info][gc,heap        ] GC(89) Survivor regions: 1->1(7)
[2026-04-03T01:30:26.586+0600][31.895s][info][gc,heap        ] GC(89) Old regions: 13->13
[2026-04-03T01:30:26.586+0600][31.895s][info][gc,heap        ] GC(89) Humongous regions: 0->0
[2026-04-03T01:30:26.586+0600][31.895s][info][gc,metaspace   ] GC(89) Metaspace: 55014K(55936K)->55014K(55936K) NonClass: 46524K(47104K)->46524K(47104K) Class: 8489K(8832K)->8489K(8832K)
[2026-04-03T01:30:26.586+0600][31.895s][info][gc             ] GC(89) Pause Young (Normal) (G1 Evacuation Pause) 125M->19M(180M) 2.087ms
[2026-04-03T01:30:26.586+0600][31.895s][info][gc,cpu         ] GC(89) User=0.01s Sys=0.00s Real=0.00s
[2026-04-03T01:30:26.737+0600][32.046s][info][gc,start       ] GC(90) Pause Young (Normal) (G1 Evacuation Pause)
[2026-04-03T01:30:26.737+0600][32.046s][info][gc,task        ] GC(90) Using 10 workers of 10 for evacuation
[2026-04-03T01:30:26.739+0600][32.048s][info][gc,phases      ] GC(90)   Pre Evacuate Collection Set: 0.20ms
[2026-04-03T01:30:26.739+0600][32.048s][info][gc,phases      ] GC(90)   Merge Heap Roots: 0.13ms
[2026-04-03T01:30:26.739+0600][32.048s][info][gc,phases      ] GC(90)   Evacuate Collection Set: 0.97ms
[2026-04-03T01:30:26.739+0600][32.048s][info][gc,phases      ] GC(90)   Post Evacuate Collection Set: 0.43ms
[2026-04-03T01:30:26.739+0600][32.048s][info][gc,phases      ] GC(90)   Other: 0.18ms
[2026-04-03T01:30:26.739+0600][32.048s][info][gc,heap        ] GC(90) Eden regions: 53->0(53)
[2026-04-03T01:30:26.739+0600][32.048s][info][gc,heap        ] GC(90) Survivor regions: 1->1(7)
[2026-04-03T01:30:26.739+0600][32.048s][info][gc,heap        ] GC(90) Old regions: 13->13
[2026-04-03T01:30:26.739+0600][32.048s][info][gc,heap        ] GC(90) Humongous regions: 0->0
[2026-04-03T01:30:26.739+0600][32.048s][info][gc,metaspace   ] GC(90) Metaspace: 55014K(55936K)->55014K(55936K) NonClass: 46524K(47104K)->46524K(47104K) Class: 8489K(8832K)->8489K(8832K)
[2026-04-03T01:30:26.739+0600][32.048s][info][gc             ] GC(90) Pause Young (Normal) (G1 Evacuation Pause) 125M->19M(180M) 2.273ms
[2026-04-03T01:30:26.739+0600][32.048s][info][gc,cpu         ] GC(90) User=0.01s Sys=0.00s Real=0.00s
[2026-04-03T01:30:26.894+0600][32.203s][info][gc,start       ] GC(91) Pause Young (Normal) (G1 Evacuation Pause)
[2026-04-03T01:30:26.894+0600][32.203s][info][gc,task        ] GC(91) Using 10 workers of 10 for evacuation
[2026-04-03T01:30:26.896+0600][32.206s][info][gc,phases      ] GC(91)   Pre Evacuate Collection Set: 0.22ms
[2026-04-03T01:30:26.896+0600][32.206s][info][gc,phases      ] GC(91)   Merge Heap Roots: 0.16ms
[2026-04-03T01:30:26.896+0600][32.206s][info][gc,phases      ] GC(91)   Evacuate Collection Set: 1.00ms
[2026-04-03T01:30:26.896+0600][32.206s][info][gc,phases      ] GC(91)   Post Evacuate Collection Set: 0.62ms
[2026-04-03T01:30:26.896+0600][32.206s][info][gc,phases      ] GC(91)   Other: 0.15ms
[2026-04-03T01:30:26.896+0600][32.206s][info][gc,heap        ] GC(91) Eden regions: 53->0(53)
[2026-04-03T01:30:26.896+0600][32.206s][info][gc,heap        ] GC(91) Survivor regions: 1->1(7)
[2026-04-03T01:30:26.896+0600][32.206s][info][gc,heap        ] GC(91) Old regions: 13->13
[2026-04-03T01:30:26.896+0600][32.206s][info][gc,heap        ] GC(91) Humongous regions: 0->0
[2026-04-03T01:30:26.897+0600][32.206s][info][gc,metaspace   ] GC(91) Metaspace: 55014K(55936K)->55014K(55936K) NonClass: 46524K(47104K)->46524K(47104K) Class: 8489K(8832K)->8489K(8832K)
[2026-04-03T01:30:26.897+0600][32.206s][info][gc             ] GC(91) Pause Young (Normal) (G1 Evacuation Pause) 125M->19M(180M) 2.504ms
[2026-04-03T01:30:26.897+0600][32.206s][info][gc,cpu         ] GC(91) User=0.01s Sys=0.00s Real=0.00s
[2026-04-03T01:30:27.041+0600][32.350s][info][gc,start       ] GC(92) Pause Young (Normal) (G1 Evacuation Pause)
[2026-04-03T01:30:27.041+0600][32.351s][info][gc,task        ] GC(92) Using 10 workers of 10 for evacuation
[2026-04-03T01:30:27.043+0600][32.352s][info][gc,phases      ] GC(92)   Pre Evacuate Collection Set: 0.18ms
[2026-04-03T01:30:27.043+0600][32.353s][info][gc,phases      ] GC(92)   Merge Heap Roots: 0.13ms
[2026-04-03T01:30:27.043+0600][32.353s][info][gc,phases      ] GC(92)   Evacuate Collection Set: 0.92ms
[2026-04-03T01:30:27.043+0600][32.353s][info][gc,phases      ] GC(92)   Post Evacuate Collection Set: 0.58ms
[2026-04-03T01:30:27.043+0600][32.353s][info][gc,phases      ] GC(92)   Other: 0.14ms
[2026-04-03T01:30:27.043+0600][32.353s][info][gc,heap        ] GC(92) Eden regions: 53->0(53)
[2026-04-03T01:30:27.043+0600][32.353s][info][gc,heap        ] GC(92) Survivor regions: 1->1(7)
[2026-04-03T01:30:27.043+0600][32.353s][info][gc,heap        ] GC(92) Old regions: 13->13
[2026-04-03T01:30:27.043+0600][32.353s][info][gc,heap        ] GC(92) Humongous regions: 0->0
[2026-04-03T01:30:27.043+0600][32.353s][info][gc,metaspace   ] GC(92) Metaspace: 55014K(55936K)->55014K(55936K) NonClass: 46524K(47104K)->46524K(47104K) Class: 8489K(8832K)->8489K(8832K)
[2026-04-03T01:30:27.043+0600][32.353s][info][gc             ] GC(92) Pause Young (Normal) (G1 Evacuation Pause) 125M->19M(180M) 2.291ms
[2026-04-03T01:30:27.043+0600][32.353s][info][gc,cpu         ] GC(92) User=0.01s Sys=0.00s Real=0.00s
[2026-04-03T01:30:27.190+0600][32.499s][info][gc,start       ] GC(93) Pause Young (Normal) (G1 Evacuation Pause)
[2026-04-03T01:30:27.190+0600][32.499s][info][gc,task        ] GC(93) Using 10 workers of 10 for evacuation
[2026-04-03T01:30:27.192+0600][32.501s][info][gc,phases      ] GC(93)   Pre Evacuate Collection Set: 0.17ms
[2026-04-03T01:30:27.192+0600][32.501s][info][gc,phases      ] GC(93)   Merge Heap Roots: 0.13ms
[2026-04-03T01:30:27.192+0600][32.501s][info][gc,phases      ] GC(93)   Evacuate Collection Set: 0.89ms
[2026-04-03T01:30:27.192+0600][32.501s][info][gc,phases      ] GC(93)   Post Evacuate Collection Set: 0.42ms
[2026-04-03T01:30:27.192+0600][32.501s][info][gc,phases      ] GC(93)   Other: 0.10ms
[2026-04-03T01:30:27.192+0600][32.501s][info][gc,heap        ] GC(93) Eden regions: 53->0(53)
[2026-04-03T01:30:27.192+0600][32.501s][info][gc,heap        ] GC(93) Survivor regions: 1->1(7)
[2026-04-03T01:30:27.192+0600][32.501s][info][gc,heap        ] GC(93) Old regions: 13->13
[2026-04-03T01:30:27.192+0600][32.501s][info][gc,heap        ] GC(93) Humongous regions: 0->0
[2026-04-03T01:30:27.192+0600][32.501s][info][gc,metaspace   ] GC(93) Metaspace: 55014K(55936K)->55014K(55936K) NonClass: 46524K(47104K)->46524K(47104K) Class: 8489K(8832K)->8489K(8832K)
[2026-04-03T01:30:27.192+0600][32.501s][info][gc             ] GC(93) Pause Young (Normal) (G1 Evacuation Pause) 125M->19M(180M) 1.992ms
[2026-04-03T01:30:27.192+0600][32.501s][info][gc,cpu         ] GC(93) User=0.02s Sys=0.00s Real=0.00s
[2026-04-03T01:30:27.342+0600][32.651s][info][gc,start       ] GC(94) Pause Young (Normal) (G1 Evacuation Pause)
[2026-04-03T01:30:27.342+0600][32.651s][info][gc,task        ] GC(94) Using 10 workers of 10 for evacuation
[2026-04-03T01:30:27.344+0600][32.653s][info][gc,phases      ] GC(94)   Pre Evacuate Collection Set: 0.21ms
[2026-04-03T01:30:27.344+0600][32.653s][info][gc,phases      ] GC(94)   Merge Heap Roots: 0.12ms
[2026-04-03T01:30:27.344+0600][32.653s][info][gc,phases      ] GC(94)   Evacuate Collection Set: 0.96ms
[2026-04-03T01:30:27.344+0600][32.653s][info][gc,phases      ] GC(94)   Post Evacuate Collection Set: 0.75ms
[2026-04-03T01:30:27.344+0600][32.654s][info][gc,phases      ] GC(94)   Other: 0.12ms
[2026-04-03T01:30:27.344+0600][32.654s][info][gc,heap        ] GC(94) Eden regions: 53->0(63)
[2026-04-03T01:30:27.344+0600][32.654s][info][gc,heap        ] GC(94) Survivor regions: 1->1(7)
[2026-04-03T01:30:27.344+0600][32.654s][info][gc,heap        ] GC(94) Old regions: 13->13
[2026-04-03T01:30:27.344+0600][32.654s][info][gc,heap        ] GC(94) Humongous regions: 0->0
[2026-04-03T01:30:27.344+0600][32.654s][info][gc,metaspace   ] GC(94) Metaspace: 55014K(55936K)->55014K(55936K) NonClass: 46524K(47104K)->46524K(47104K) Class: 8489K(8832K)->8489K(8832K)
[2026-04-03T01:30:27.344+0600][32.654s][info][gc             ] GC(94) Pause Young (Normal) (G1 Evacuation Pause) 125M->19M(216M) 2.521ms
[2026-04-03T01:30:27.344+0600][32.654s][info][gc,cpu         ] GC(94) User=0.01s Sys=0.00s Real=0.00s
[2026-04-03T01:30:27.531+0600][32.840s][info][gc,start       ] GC(95) Pause Young (Normal) (G1 Evacuation Pause)
[2026-04-03T01:30:27.531+0600][32.840s][info][gc,task        ] GC(95) Using 10 workers of 10 for evacuation
[2026-04-03T01:30:27.533+0600][32.842s][info][gc,phases      ] GC(95)   Pre Evacuate Collection Set: 0.17ms
[2026-04-03T01:30:27.533+0600][32.842s][info][gc,phases      ] GC(95)   Merge Heap Roots: 0.11ms
[2026-04-03T01:30:27.533+0600][32.842s][info][gc,phases      ] GC(95)   Evacuate Collection Set: 0.86ms
[2026-04-03T01:30:27.533+0600][32.842s][info][gc,phases      ] GC(95)   Post Evacuate Collection Set: 0.32ms
[2026-04-03T01:30:27.533+0600][32.842s][info][gc,phases      ] GC(95)   Other: 0.09ms
[2026-04-03T01:30:27.533+0600][32.842s][info][gc,heap        ] GC(95) Eden regions: 63->0(63)
[2026-04-03T01:30:27.533+0600][32.842s][info][gc,heap        ] GC(95) Survivor regions: 1->1(8)
[2026-04-03T01:30:27.533+0600][32.842s][info][gc,heap        ] GC(95) Old regions: 13->13
[2026-04-03T01:30:27.533+0600][32.842s][info][gc,heap        ] GC(95) Humongous regions: 0->0
[2026-04-03T01:30:27.533+0600][32.842s][info][gc,metaspace   ] GC(95) Metaspace: 55014K(55936K)->55014K(55936K) NonClass: 46524K(47104K)->46524K(47104K) Class: 8489K(8832K)->8489K(8832K)
[2026-04-03T01:30:27.533+0600][32.842s][info][gc             ] GC(95) Pause Young (Normal) (G1 Evacuation Pause) 145M->19M(216M) 1.836ms
[2026-04-03T01:30:27.533+0600][32.842s][info][gc,cpu         ] GC(95) User=0.01s Sys=0.00s Real=0.00s
[2026-04-03T01:30:27.704+0600][33.014s][info][gc,start       ] GC(96) Pause Young (Normal) (G1 Evacuation Pause)
[2026-04-03T01:30:27.705+0600][33.014s][info][gc,task        ] GC(96) Using 10 workers of 10 for evacuation
[2026-04-03T01:30:27.707+0600][33.016s][info][gc,phases      ] GC(96)   Pre Evacuate Collection Set: 0.24ms
[2026-04-03T01:30:27.707+0600][33.016s][info][gc,phases      ] GC(96)   Merge Heap Roots: 0.15ms
[2026-04-03T01:30:27.707+0600][33.016s][info][gc,phases      ] GC(96)   Evacuate Collection Set: 1.56ms
[2026-04-03T01:30:27.707+0600][33.016s][info][gc,phases      ] GC(96)   Post Evacuate Collection Set: 0.47ms
[2026-04-03T01:30:27.707+0600][33.016s][info][gc,phases      ] GC(96)   Other: 0.10ms
[2026-04-03T01:30:27.707+0600][33.016s][info][gc,heap        ] GC(96) Eden regions: 63->0(63)
[2026-04-03T01:30:27.707+0600][33.016s][info][gc,heap        ] GC(96) Survivor regions: 1->1(8)
[2026-04-03T01:30:27.707+0600][33.016s][info][gc,heap        ] GC(96) Old regions: 13->13
[2026-04-03T01:30:27.707+0600][33.016s][info][gc,heap        ] GC(96) Humongous regions: 0->0
[2026-04-03T01:30:27.707+0600][33.016s][info][gc,metaspace   ] GC(96) Metaspace: 55014K(55936K)->55014K(55936K) NonClass: 46524K(47104K)->46524K(47104K) Class: 8489K(8832K)->8489K(8832K)
[2026-04-03T01:30:27.707+0600][33.016s][info][gc             ] GC(96) Pause Young (Normal) (G1 Evacuation Pause) 145M->19M(216M) 2.820ms
[2026-04-03T01:30:27.707+0600][33.016s][info][gc,cpu         ] GC(96) User=0.01s Sys=0.00s Real=0.00s
[2026-04-03T01:30:27.880+0600][33.189s][info][gc,start       ] GC(97) Pause Young (Normal) (G1 Evacuation Pause)
[2026-04-03T01:30:27.880+0600][33.190s][info][gc,task        ] GC(97) Using 10 workers of 10 for evacuation
[2026-04-03T01:30:27.882+0600][33.191s][info][gc,phases      ] GC(97)   Pre Evacuate Collection Set: 0.21ms
[2026-04-03T01:30:27.882+0600][33.192s][info][gc,phases      ] GC(97)   Merge Heap Roots: 0.14ms
[2026-04-03T01:30:27.882+0600][33.192s][info][gc,phases      ] GC(97)   Evacuate Collection Set: 0.83ms
[2026-04-03T01:30:27.882+0600][33.192s][info][gc,phases      ] GC(97)   Post Evacuate Collection Set: 0.60ms
[2026-04-03T01:30:27.882+0600][33.192s][info][gc,phases      ] GC(97)   Other: 0.16ms
[2026-04-03T01:30:27.882+0600][33.192s][info][gc,heap        ] GC(97) Eden regions: 63->0(63)
[2026-04-03T01:30:27.882+0600][33.192s][info][gc,heap        ] GC(97) Survivor regions: 1->1(8)
[2026-04-03T01:30:27.882+0600][33.192s][info][gc,heap        ] GC(97) Old regions: 13->13
[2026-04-03T01:30:27.882+0600][33.192s][info][gc,heap        ] GC(97) Humongous regions: 0->0
[2026-04-03T01:30:27.882+0600][33.192s][info][gc,metaspace   ] GC(97) Metaspace: 55014K(55936K)->55014K(55936K) NonClass: 46524K(47104K)->46524K(47104K) Class: 8489K(8832K)->8489K(8832K)
[2026-04-03T01:30:27.882+0600][33.192s][info][gc             ] GC(97) Pause Young (Normal) (G1 Evacuation Pause) 145M->19M(216M) 2.292ms
[2026-04-03T01:30:27.882+0600][33.192s][info][gc,cpu         ] GC(97) User=0.01s Sys=0.00s Real=0.00s
[2026-04-03T01:30:28.063+0600][33.372s][info][gc,start       ] GC(98) Pause Young (Normal) (G1 Evacuation Pause)
[2026-04-03T01:30:28.063+0600][33.373s][info][gc,task        ] GC(98) Using 10 workers of 10 for evacuation
[2026-04-03T01:30:28.065+0600][33.374s][info][gc,phases      ] GC(98)   Pre Evacuate Collection Set: 0.20ms
[2026-04-03T01:30:28.065+0600][33.374s][info][gc,phases      ] GC(98)   Merge Heap Roots: 0.12ms
[2026-04-03T01:30:28.065+0600][33.374s][info][gc,phases      ] GC(98)   Evacuate Collection Set: 0.93ms
[2026-04-03T01:30:28.065+0600][33.374s][info][gc,phases      ] GC(98)   Post Evacuate Collection Set: 0.38ms
[2026-04-03T01:30:28.065+0600][33.374s][info][gc,phases      ] GC(98)   Other: 0.10ms
[2026-04-03T01:30:28.065+0600][33.374s][info][gc,heap        ] GC(98) Eden regions: 63->0(63)
[2026-04-03T01:30:28.065+0600][33.374s][info][gc,heap        ] GC(98) Survivor regions: 1->1(8)
[2026-04-03T01:30:28.065+0600][33.374s][info][gc,heap        ] GC(98) Old regions: 13->13
[2026-04-03T01:30:28.065+0600][33.374s][info][gc,heap        ] GC(98) Humongous regions: 0->0
[2026-04-03T01:30:28.065+0600][33.374s][info][gc,metaspace   ] GC(98) Metaspace: 55014K(55936K)->55014K(55936K) NonClass: 46524K(47104K)->46524K(47104K) Class: 8489K(8832K)->8489K(8832K)
[2026-04-03T01:30:28.065+0600][33.374s][info][gc             ] GC(98) Pause Young (Normal) (G1 Evacuation Pause) 145M->19M(216M) 2.031ms
[2026-04-03T01:30:28.065+0600][33.374s][info][gc,cpu         ] GC(98) User=0.02s Sys=0.00s Real=0.00s
[2026-04-03T01:30:28.248+0600][33.558s][info][gc,start       ] GC(99) Pause Young (Normal) (G1 Evacuation Pause)
[2026-04-03T01:30:28.249+0600][33.558s][info][gc,task        ] GC(99) Using 10 workers of 10 for evacuation
[2026-04-03T01:30:28.250+0600][33.559s][info][gc,phases      ] GC(99)   Pre Evacuate Collection Set: 0.18ms
[2026-04-03T01:30:28.250+0600][33.559s][info][gc,phases      ] GC(99)   Merge Heap Roots: 0.12ms
[2026-04-03T01:30:28.250+0600][33.559s][info][gc,phases      ] GC(99)   Evacuate Collection Set: 0.83ms
[2026-04-03T01:30:28.250+0600][33.559s][info][gc,phases      ] GC(99)   Post Evacuate Collection Set: 0.39ms
[2026-04-03T01:30:28.250+0600][33.560s][info][gc,phases      ] GC(99)   Other: 0.09ms
[2026-04-03T01:30:28.250+0600][33.560s][info][gc,heap        ] GC(99) Eden regions: 63->0(63)
[2026-04-03T01:30:28.250+0600][33.560s][info][gc,heap        ] GC(99) Survivor regions: 1->1(8)
[2026-04-03T01:30:28.250+0600][33.560s][info][gc,heap        ] GC(99) Old regions: 13->13
[2026-04-03T01:30:28.250+0600][33.560s][info][gc,heap        ] GC(99) Humongous regions: 0->0
[2026-04-03T01:30:28.250+0600][33.560s][info][gc,metaspace   ] GC(99) Metaspace: 55014K(55936K)->55014K(55936K) NonClass: 46524K(47104K)->46524K(47104K) Class: 8489K(8832K)->8489K(8832K)
[2026-04-03T01:30:28.250+0600][33.560s][info][gc             ] GC(99) Pause Young (Normal) (G1 Evacuation Pause) 145M->19M(216M) 1.896ms
[2026-04-03T01:30:28.250+0600][33.560s][info][gc,cpu         ] GC(99) User=0.01s Sys=0.00s Real=0.01s
[2026-04-03T01:30:28.425+0600][33.734s][info][gc,start       ] GC(100) Pause Young (Normal) (G1 Evacuation Pause)
[2026-04-03T01:30:28.425+0600][33.734s][info][gc,task        ] GC(100) Using 10 workers of 10 for evacuation
[2026-04-03T01:30:28.427+0600][33.736s][info][gc,phases      ] GC(100)   Pre Evacuate Collection Set: 0.21ms
[2026-04-03T01:30:28.427+0600][33.736s][info][gc,phases      ] GC(100)   Merge Heap Roots: 0.14ms
[2026-04-03T01:30:28.427+0600][33.736s][info][gc,phases      ] GC(100)   Evacuate Collection Set: 0.88ms
[2026-04-03T01:30:28.427+0600][33.736s][info][gc,phases      ] GC(100)   Post Evacuate Collection Set: 0.44ms
[2026-04-03T01:30:28.427+0600][33.736s][info][gc,phases      ] GC(100)   Other: 0.12ms
[2026-04-03T01:30:28.427+0600][33.736s][info][gc,heap        ] GC(100) Eden regions: 63->0(63)
[2026-04-03T01:30:28.427+0600][33.736s][info][gc,heap        ] GC(100) Survivor regions: 1->1(8)
[2026-04-03T01:30:28.427+0600][33.736s][info][gc,heap        ] GC(100) Old regions: 13->13
[2026-04-03T01:30:28.427+0600][33.736s][info][gc,heap        ] GC(100) Humongous regions: 0->0
[2026-04-03T01:30:28.427+0600][33.736s][info][gc,metaspace   ] GC(100) Metaspace: 55014K(55936K)->55014K(55936K) NonClass: 46524K(47104K)->46524K(47104K) Class: 8489K(8832K)->8489K(8832K)
[2026-04-03T01:30:28.427+0600][33.736s][info][gc             ] GC(100) Pause Young (Normal) (G1 Evacuation Pause) 145M->19M(216M) 2.187ms
[2026-04-03T01:30:28.427+0600][33.736s][info][gc,cpu         ] GC(100) User=0.01s Sys=0.00s Real=0.00s
[2026-04-03T01:30:28.617+0600][33.926s][info][gc,start       ] GC(101) Pause Young (Normal) (G1 Evacuation Pause)
[2026-04-03T01:30:28.617+0600][33.927s][info][gc,task        ] GC(101) Using 10 workers of 10 for evacuation
[2026-04-03T01:30:28.619+0600][33.928s][info][gc,phases      ] GC(101)   Pre Evacuate Collection Set: 0.19ms
[2026-04-03T01:30:28.619+0600][33.928s][info][gc,phases      ] GC(101)   Merge Heap Roots: 0.12ms
[2026-04-03T01:30:28.619+0600][33.928s][info][gc,phases      ] GC(101)   Evacuate Collection Set: 0.78ms
[2026-04-03T01:30:28.619+0600][33.928s][info][gc,phases      ] GC(101)   Post Evacuate Collection Set: 0.41ms
[2026-04-03T01:30:28.619+0600][33.928s][info][gc,phases      ] GC(101)   Other: 0.10ms
[2026-04-03T01:30:28.619+0600][33.928s][info][gc,heap        ] GC(101) Eden regions: 63->0(63)
[2026-04-03T01:30:28.619+0600][33.928s][info][gc,heap        ] GC(101) Survivor regions: 1->1(8)
[2026-04-03T01:30:28.619+0600][33.928s][info][gc,heap        ] GC(101) Old regions: 13->13
[2026-04-03T01:30:28.619+0600][33.928s][info][gc,heap        ] GC(101) Humongous regions: 0->0
[2026-04-03T01:30:28.619+0600][33.928s][info][gc,metaspace   ] GC(101) Metaspace: 55014K(55936K)->55014K(55936K) NonClass: 46524K(47104K)->46524K(47104K) Class: 8489K(8832K)->8489K(8832K)
[2026-04-03T01:30:28.619+0600][33.928s][info][gc             ] GC(101) Pause Young (Normal) (G1 Evacuation Pause) 145M->19M(216M) 1.915ms
[2026-04-03T01:30:28.619+0600][33.928s][info][gc,cpu         ] GC(101) User=0.01s Sys=0.01s Real=0.00s
[2026-04-03T01:30:28.797+0600][34.106s][info][gc,start       ] GC(102) Pause Young (Normal) (G1 Evacuation Pause)
[2026-04-03T01:30:28.797+0600][34.106s][info][gc,task        ] GC(102) Using 10 workers of 10 for evacuation
[2026-04-03T01:30:28.798+0600][34.108s][info][gc,phases      ] GC(102)   Pre Evacuate Collection Set: 0.16ms
[2026-04-03T01:30:28.798+0600][34.108s][info][gc,phases      ] GC(102)   Merge Heap Roots: 0.11ms
[2026-04-03T01:30:28.798+0600][34.108s][info][gc,phases      ] GC(102)   Evacuate Collection Set: 0.75ms
[2026-04-03T01:30:28.798+0600][34.108s][info][gc,phases      ] GC(102)   Post Evacuate Collection Set: 0.35ms
[2026-04-03T01:30:28.798+0600][34.108s][info][gc,phases      ] GC(102)   Other: 0.09ms
[2026-04-03T01:30:28.798+0600][34.108s][info][gc,heap        ] GC(102) Eden regions: 63->0(63)
[2026-04-03T01:30:28.798+0600][34.108s][info][gc,heap        ] GC(102) Survivor regions: 1->1(8)
[2026-04-03T01:30:28.798+0600][34.108s][info][gc,heap        ] GC(102) Old regions: 13->13
[2026-04-03T01:30:28.798+0600][34.108s][info][gc,heap        ] GC(102) Humongous regions: 0->0
[2026-04-03T01:30:28.799+0600][34.108s][info][gc,metaspace   ] GC(102) Metaspace: 55014K(55936K)->55014K(55936K) NonClass: 46524K(47104K)->46524K(47104K) Class: 8489K(8832K)->8489K(8832K)
[2026-04-03T01:30:28.799+0600][34.108s][info][gc             ] GC(102) Pause Young (Normal) (G1 Evacuation Pause) 145M->19M(216M) 1.720ms
[2026-04-03T01:30:28.799+0600][34.108s][info][gc,cpu         ] GC(102) User=0.01s Sys=0.00s Real=0.00s
[2026-04-03T01:30:28.969+0600][34.278s][info][gc,start       ] GC(103) Pause Young (Normal) (G1 Evacuation Pause)
[2026-04-03T01:30:28.969+0600][34.279s][info][gc,task        ] GC(103) Using 10 workers of 10 for evacuation
[2026-04-03T01:30:28.971+0600][34.280s][info][gc,phases      ] GC(103)   Pre Evacuate Collection Set: 0.16ms
[2026-04-03T01:30:28.971+0600][34.280s][info][gc,phases      ] GC(103)   Merge Heap Roots: 0.11ms
[2026-04-03T01:30:28.971+0600][34.280s][info][gc,phases      ] GC(103)   Evacuate Collection Set: 0.76ms
[2026-04-03T01:30:28.971+0600][34.280s][info][gc,phases      ] GC(103)   Post Evacuate Collection Set: 0.33ms
[2026-04-03T01:30:28.971+0600][34.280s][info][gc,phases      ] GC(103)   Other: 0.09ms
[2026-04-03T01:30:28.971+0600][34.280s][info][gc,heap        ] GC(103) Eden regions: 63->0(63)
[2026-04-03T01:30:28.971+0600][34.280s][info][gc,heap        ] GC(103) Survivor regions: 1->1(8)
[2026-04-03T01:30:28.971+0600][34.280s][info][gc,heap        ] GC(103) Old regions: 13->13
[2026-04-03T01:30:28.971+0600][34.280s][info][gc,heap        ] GC(103) Humongous regions: 0->0
[2026-04-03T01:30:28.971+0600][34.280s][info][gc,metaspace   ] GC(103) Metaspace: 55014K(55936K)->55014K(55936K) NonClass: 46524K(47104K)->46524K(47104K) Class: 8489K(8832K)->8489K(8832K)
[2026-04-03T01:30:28.971+0600][34.280s][info][gc             ] GC(103) Pause Young (Normal) (G1 Evacuation Pause) 145M->19M(216M) 1.715ms
[2026-04-03T01:30:28.971+0600][34.280s][info][gc,cpu         ] GC(103) User=0.01s Sys=0.00s Real=0.01s
[2026-04-03T01:30:29.144+0600][34.454s][info][gc,start       ] GC(104) Pause Young (Normal) (G1 Evacuation Pause)
[2026-04-03T01:30:29.145+0600][34.454s][info][gc,task        ] GC(104) Using 10 workers of 10 for evacuation
[2026-04-03T01:30:29.146+0600][34.455s][info][gc,phases      ] GC(104)   Pre Evacuate Collection Set: 0.21ms
[2026-04-03T01:30:29.146+0600][34.455s][info][gc,phases      ] GC(104)   Merge Heap Roots: 0.14ms
[2026-04-03T01:30:29.146+0600][34.456s][info][gc,phases      ] GC(104)   Evacuate Collection Set: 0.82ms
[2026-04-03T01:30:29.146+0600][34.456s][info][gc,phases      ] GC(104)   Post Evacuate Collection Set: 0.43ms
[2026-04-03T01:30:29.146+0600][34.456s][info][gc,phases      ] GC(104)   Other: 0.10ms
[2026-04-03T01:30:29.146+0600][34.456s][info][gc,heap        ] GC(104) Eden regions: 63->0(63)
[2026-04-03T01:30:29.146+0600][34.456s][info][gc,heap        ] GC(104) Survivor regions: 1->1(8)
[2026-04-03T01:30:29.146+0600][34.456s][info][gc,heap        ] GC(104) Old regions: 13->13
[2026-04-03T01:30:29.146+0600][34.456s][info][gc,heap        ] GC(104) Humongous regions: 0->0
[2026-04-03T01:30:29.146+0600][34.456s][info][gc,metaspace   ] GC(104) Metaspace: 55014K(55936K)->55014K(55936K) NonClass: 46524K(47104K)->46524K(47104K) Class: 8489K(8832K)->8489K(8832K)
[2026-04-03T01:30:29.146+0600][34.456s][info][gc             ] GC(104) Pause Young (Normal) (G1 Evacuation Pause) 145M->19M(216M) 1.977ms
[2026-04-03T01:30:29.146+0600][34.456s][info][gc,cpu         ] GC(104) User=0.00s Sys=0.01s Real=0.00s
[2026-04-03T01:30:29.323+0600][34.632s][info][gc,start       ] GC(105) Pause Young (Normal) (G1 Evacuation Pause)
[2026-04-03T01:30:29.323+0600][34.632s][info][gc,task        ] GC(105) Using 10 workers of 10 for evacuation
[2026-04-03T01:30:29.324+0600][34.634s][info][gc,phases      ] GC(105)   Pre Evacuate Collection Set: 0.19ms
[2026-04-03T01:30:29.325+0600][34.634s][info][gc,phases      ] GC(105)   Merge Heap Roots: 0.13ms
[2026-04-03T01:30:29.325+0600][34.634s][info][gc,phases      ] GC(105)   Evacuate Collection Set: 0.84ms
[2026-04-03T01:30:29.325+0600][34.634s][info][gc,phases      ] GC(105)   Post Evacuate Collection Set: 0.47ms
[2026-04-03T01:30:29.325+0600][34.634s][info][gc,phases      ] GC(105)   Other: 0.11ms
[2026-04-03T01:30:29.325+0600][34.634s][info][gc,heap        ] GC(105) Eden regions: 63->0(63)
[2026-04-03T01:30:29.325+0600][34.634s][info][gc,heap        ] GC(105) Survivor regions: 1->1(8)
[2026-04-03T01:30:29.325+0600][34.634s][info][gc,heap        ] GC(105) Old regions: 13->13
[2026-04-03T01:30:29.325+0600][34.634s][info][gc,heap        ] GC(105) Humongous regions: 0->0
[2026-04-03T01:30:29.325+0600][34.634s][info][gc,metaspace   ] GC(105) Metaspace: 55014K(55936K)->55014K(55936K) NonClass: 46524K(47104K)->46524K(47104K) Class: 8489K(8832K)->8489K(8832K)
[2026-04-03T01:30:29.325+0600][34.634s][info][gc             ] GC(105) Pause Young (Normal) (G1 Evacuation Pause) 145M->19M(216M) 2.121ms
[2026-04-03T01:30:29.325+0600][34.634s][info][gc,cpu         ] GC(105) User=0.01s Sys=0.00s Real=0.00s
[2026-04-03T01:30:29.500+0600][34.809s][info][gc,start       ] GC(106) Pause Young (Normal) (G1 Evacuation Pause)
[2026-04-03T01:30:29.500+0600][34.809s][info][gc,task        ] GC(106) Using 10 workers of 10 for evacuation
[2026-04-03T01:30:29.501+0600][34.811s][info][gc,phases      ] GC(106)   Pre Evacuate Collection Set: 0.19ms
[2026-04-03T01:30:29.501+0600][34.811s][info][gc,phases      ] GC(106)   Merge Heap Roots: 0.12ms
[2026-04-03T01:30:29.501+0600][34.811s][info][gc,phases      ] GC(106)   Evacuate Collection Set: 0.79ms
[2026-04-03T01:30:29.501+0600][34.811s][info][gc,phases      ] GC(106)   Post Evacuate Collection Set: 0.34ms
[2026-04-03T01:30:29.501+0600][34.811s][info][gc,phases      ] GC(106)   Other: 0.12ms
[2026-04-03T01:30:29.501+0600][34.811s][info][gc,heap        ] GC(106) Eden regions: 63->0(63)
[2026-04-03T01:30:29.501+0600][34.811s][info][gc,heap        ] GC(106) Survivor regions: 1->1(8)
[2026-04-03T01:30:29.501+0600][34.811s][info][gc,heap        ] GC(106) Old regions: 13->13
[2026-04-03T01:30:29.501+0600][34.811s][info][gc,heap        ] GC(106) Humongous regions: 0->0
[2026-04-03T01:30:29.501+0600][34.811s][info][gc,metaspace   ] GC(106) Metaspace: 55014K(55936K)->55014K(55936K) NonClass: 46524K(47104K)->46524K(47104K) Class: 8489K(8832K)->8489K(8832K)
[2026-04-03T01:30:29.502+0600][34.811s][info][gc             ] GC(106) Pause Young (Normal) (G1 Evacuation Pause) 145M->19M(216M) 1.948ms
[2026-04-03T01:30:29.502+0600][34.811s][info][gc,cpu         ] GC(106) User=0.01s Sys=0.00s Real=0.01s
[2026-04-03T01:30:29.672+0600][34.981s][info][gc,start       ] GC(107) Pause Young (Normal) (G1 Evacuation Pause)
[2026-04-03T01:30:29.672+0600][34.981s][info][gc,task        ] GC(107) Using 10 workers of 10 for evacuation
[2026-04-03T01:30:29.674+0600][34.983s][info][gc,phases      ] GC(107)   Pre Evacuate Collection Set: 0.20ms
[2026-04-03T01:30:29.674+0600][34.983s][info][gc,phases      ] GC(107)   Merge Heap Roots: 0.14ms
[2026-04-03T01:30:29.674+0600][34.983s][info][gc,phases      ] GC(107)   Evacuate Collection Set: 0.77ms
[2026-04-03T01:30:29.674+0600][34.983s][info][gc,phases      ] GC(107)   Post Evacuate Collection Set: 0.35ms
[2026-04-03T01:30:29.674+0600][34.983s][info][gc,phases      ] GC(107)   Other: 0.17ms
[2026-04-03T01:30:29.674+0600][34.983s][info][gc,heap        ] GC(107) Eden regions: 63->0(63)
[2026-04-03T01:30:29.674+0600][34.983s][info][gc,heap        ] GC(107) Survivor regions: 1->1(8)
[2026-04-03T01:30:29.674+0600][34.983s][info][gc,heap        ] GC(107) Old regions: 13->13
[2026-04-03T01:30:29.674+0600][34.983s][info][gc,heap        ] GC(107) Humongous regions: 0->0
[2026-04-03T01:30:29.674+0600][34.983s][info][gc,metaspace   ] GC(107) Metaspace: 55014K(55936K)->55014K(55936K) NonClass: 46525K(47104K)->46525K(47104K) Class: 8489K(8832K)->8489K(8832K)
[2026-04-03T01:30:29.674+0600][34.983s][info][gc             ] GC(107) Pause Young (Normal) (G1 Evacuation Pause) 145M->19M(216M) 1.981ms
[2026-04-03T01:30:29.674+0600][34.983s][info][gc,cpu         ] GC(107) User=0.01s Sys=0.00s Real=0.00s
[2026-04-03T01:30:29.868+0600][35.177s][info][gc,start       ] GC(108) Pause Young (Normal) (G1 Evacuation Pause)
[2026-04-03T01:30:29.868+0600][35.177s][info][gc,task        ] GC(108) Using 10 workers of 10 for evacuation
[2026-04-03T01:30:29.869+0600][35.179s][info][gc,phases      ] GC(108)   Pre Evacuate Collection Set: 0.21ms
[2026-04-03T01:30:29.869+0600][35.179s][info][gc,phases      ] GC(108)   Merge Heap Roots: 0.13ms
[2026-04-03T01:30:29.869+0600][35.179s][info][gc,phases      ] GC(108)   Evacuate Collection Set: 0.86ms
[2026-04-03T01:30:29.869+0600][35.179s][info][gc,phases      ] GC(108)   Post Evacuate Collection Set: 0.35ms
[2026-04-03T01:30:29.869+0600][35.179s][info][gc,phases      ] GC(108)   Other: 0.10ms
[2026-04-03T01:30:29.869+0600][35.179s][info][gc,heap        ] GC(108) Eden regions: 63->0(63)
[2026-04-03T01:30:29.870+0600][35.179s][info][gc,heap        ] GC(108) Survivor regions: 1->1(8)
[2026-04-03T01:30:29.870+0600][35.179s][info][gc,heap        ] GC(108) Old regions: 13->13
[2026-04-03T01:30:29.870+0600][35.179s][info][gc,heap        ] GC(108) Humongous regions: 0->0
[2026-04-03T01:30:29.870+0600][35.179s][info][gc,metaspace   ] GC(108) Metaspace: 55014K(55936K)->55014K(55936K) NonClass: 46525K(47104K)->46525K(47104K) Class: 8489K(8832K)->8489K(8832K)
[2026-04-03T01:30:29.870+0600][35.179s][info][gc             ] GC(108) Pause Young (Normal) (G1 Evacuation Pause) 145M->19M(216M) 1.984ms
[2026-04-03T01:30:29.870+0600][35.179s][info][gc,cpu         ] GC(108) User=0.01s Sys=0.01s Real=0.00s
[2026-04-03T01:30:30.038+0600][35.348s][info][gc,start       ] GC(109) Pause Young (Normal) (G1 Evacuation Pause)
[2026-04-03T01:30:30.038+0600][35.348s][info][gc,task        ] GC(109) Using 10 workers of 10 for evacuation
[2026-04-03T01:30:30.040+0600][35.349s][info][gc,phases      ] GC(109)   Pre Evacuate Collection Set: 0.20ms
[2026-04-03T01:30:30.040+0600][35.349s][info][gc,phases      ] GC(109)   Merge Heap Roots: 0.12ms
[2026-04-03T01:30:30.040+0600][35.349s][info][gc,phases      ] GC(109)   Evacuate Collection Set: 0.78ms
[2026-04-03T01:30:30.040+0600][35.349s][info][gc,phases      ] GC(109)   Post Evacuate Collection Set: 0.37ms
[2026-04-03T01:30:30.040+0600][35.349s][info][gc,phases      ] GC(109)   Other: 0.10ms
[2026-04-03T01:30:30.040+0600][35.349s][info][gc,heap        ] GC(109) Eden regions: 63->0(63)
[2026-04-03T01:30:30.040+0600][35.349s][info][gc,heap        ] GC(109) Survivor regions: 1->1(8)
[2026-04-03T01:30:30.040+0600][35.349s][info][gc,heap        ] GC(109) Old regions: 13->13
[2026-04-03T01:30:30.040+0600][35.349s][info][gc,heap        ] GC(109) Humongous regions: 0->0
[2026-04-03T01:30:30.040+0600][35.349s][info][gc,metaspace   ] GC(109) Metaspace: 55014K(55936K)->55014K(55936K) NonClass: 46525K(47104K)->46525K(47104K) Class: 8489K(8832K)->8489K(8832K)
[2026-04-03T01:30:30.040+0600][35.349s][info][gc             ] GC(109) Pause Young (Normal) (G1 Evacuation Pause) 145M->19M(216M) 1.849ms
[2026-04-03T01:30:30.040+0600][35.350s][info][gc,cpu         ] GC(109) User=0.01s Sys=0.00s Real=0.01s
[2026-04-03T01:30:30.210+0600][35.520s][info][gc,start       ] GC(110) Pause Young (Normal) (G1 Evacuation Pause)
[2026-04-03T01:30:30.211+0600][35.520s][info][gc,task        ] GC(110) Using 10 workers of 10 for evacuation
[2026-04-03T01:30:30.213+0600][35.522s][info][gc,phases      ] GC(110)   Pre Evacuate Collection Set: 0.19ms
[2026-04-03T01:30:30.213+0600][35.522s][info][gc,phases      ] GC(110)   Merge Heap Roots: 0.12ms
[2026-04-03T01:30:30.213+0600][35.522s][info][gc,phases      ] GC(110)   Evacuate Collection Set: 0.91ms
[2026-04-03T01:30:30.213+0600][35.522s][info][gc,phases      ] GC(110)   Post Evacuate Collection Set: 0.67ms
[2026-04-03T01:30:30.213+0600][35.522s][info][gc,phases      ] GC(110)   Other: 0.11ms
[2026-04-03T01:30:30.213+0600][35.522s][info][gc,heap        ] GC(110) Eden regions: 63->0(63)
[2026-04-03T01:30:30.213+0600][35.522s][info][gc,heap        ] GC(110) Survivor regions: 1->1(8)
[2026-04-03T01:30:30.213+0600][35.522s][info][gc,heap        ] GC(110) Old regions: 13->13
[2026-04-03T01:30:30.213+0600][35.522s][info][gc,heap        ] GC(110) Humongous regions: 0->0
[2026-04-03T01:30:30.213+0600][35.522s][info][gc,metaspace   ] GC(110) Metaspace: 55014K(55936K)->55014K(55936K) NonClass: 46525K(47104K)->46525K(47104K) Class: 8489K(8832K)->8489K(8832K)
[2026-04-03T01:30:30.213+0600][35.522s][info][gc             ] GC(110) Pause Young (Normal) (G1 Evacuation Pause) 145M->19M(216M) 2.332ms
[2026-04-03T01:30:30.213+0600][35.522s][info][gc,cpu         ] GC(110) User=0.01s Sys=0.00s Real=0.00s
[2026-04-03T01:30:30.391+0600][35.701s][info][gc,start       ] GC(111) Pause Young (Normal) (G1 Evacuation Pause)
[2026-04-03T01:30:30.392+0600][35.701s][info][gc,task        ] GC(111) Using 10 workers of 10 for evacuation
[2026-04-03T01:30:30.393+0600][35.703s][info][gc,phases      ] GC(111)   Pre Evacuate Collection Set: 0.24ms
[2026-04-03T01:30:30.393+0600][35.703s][info][gc,phases      ] GC(111)   Merge Heap Roots: 0.13ms
[2026-04-03T01:30:30.393+0600][35.703s][info][gc,phases      ] GC(111)   Evacuate Collection Set: 0.84ms
[2026-04-03T01:30:30.393+0600][35.703s][info][gc,phases      ] GC(111)   Post Evacuate Collection Set: 0.39ms
[2026-04-03T01:30:30.393+0600][35.703s][info][gc,phases      ] GC(111)   Other: 0.10ms
[2026-04-03T01:30:30.393+0600][35.703s][info][gc,heap        ] GC(111) Eden regions: 63->0(63)
[2026-04-03T01:30:30.393+0600][35.703s][info][gc,heap        ] GC(111) Survivor regions: 1->1(8)
[2026-04-03T01:30:30.393+0600][35.703s][info][gc,heap        ] GC(111) Old regions: 13->13
[2026-04-03T01:30:30.393+0600][35.703s][info][gc,heap        ] GC(111) Humongous regions: 0->0
[2026-04-03T01:30:30.393+0600][35.703s][info][gc,metaspace   ] GC(111) Metaspace: 55017K(55936K)->55017K(55936K) NonClass: 46528K(47104K)->46528K(47104K) Class: 8489K(8832K)->8489K(8832K)
[2026-04-03T01:30:30.393+0600][35.703s][info][gc             ] GC(111) Pause Young (Normal) (G1 Evacuation Pause) 145M->19M(216M) 2.001ms
[2026-04-03T01:30:30.393+0600][35.703s][info][gc,cpu         ] GC(111) User=0.01s Sys=0.00s Real=0.00s
[2026-04-03T01:30:30.567+0600][35.876s][info][gc,start       ] GC(112) Pause Young (Normal) (G1 Evacuation Pause)
[2026-04-03T01:30:30.567+0600][35.876s][info][gc,task        ] GC(112) Using 10 workers of 10 for evacuation
[2026-04-03T01:30:30.569+0600][35.878s][info][gc,phases      ] GC(112)   Pre Evacuate Collection Set: 0.19ms
[2026-04-03T01:30:30.569+0600][35.878s][info][gc,phases      ] GC(112)   Merge Heap Roots: 0.12ms
[2026-04-03T01:30:30.569+0600][35.878s][info][gc,phases      ] GC(112)   Evacuate Collection Set: 0.83ms
[2026-04-03T01:30:30.569+0600][35.878s][info][gc,phases      ] GC(112)   Post Evacuate Collection Set: 0.37ms
[2026-04-03T01:30:30.569+0600][35.878s][info][gc,phases      ] GC(112)   Other: 0.10ms
[2026-04-03T01:30:30.569+0600][35.878s][info][gc,heap        ] GC(112) Eden regions: 63->0(63)
[2026-04-03T01:30:30.569+0600][35.878s][info][gc,heap        ] GC(112) Survivor regions: 1->1(8)
[2026-04-03T01:30:30.569+0600][35.878s][info][gc,heap        ] GC(112) Old regions: 13->13
[2026-04-03T01:30:30.569+0600][35.878s][info][gc,heap        ] GC(112) Humongous regions: 0->0
[2026-04-03T01:30:30.569+0600][35.878s][info][gc,metaspace   ] GC(112) Metaspace: 55023K(55936K)->55023K(55936K) NonClass: 46533K(47104K)->46533K(47104K) Class: 8489K(8832K)->8489K(8832K)
[2026-04-03T01:30:30.569+0600][35.878s][info][gc             ] GC(112) Pause Young (Normal) (G1 Evacuation Pause) 145M->19M(216M) 1.901ms
[2026-04-03T01:30:30.569+0600][35.878s][info][gc,cpu         ] GC(112) User=0.01s Sys=0.00s Real=0.00s
[2026-04-03T01:30:30.739+0600][36.048s][info][gc,start       ] GC(113) Pause Young (Normal) (G1 Evacuation Pause)
[2026-04-03T01:30:30.739+0600][36.048s][info][gc,task        ] GC(113) Using 10 workers of 10 for evacuation
[2026-04-03T01:30:30.741+0600][36.050s][info][gc,phases      ] GC(113)   Pre Evacuate Collection Set: 0.18ms
[2026-04-03T01:30:30.741+0600][36.050s][info][gc,phases      ] GC(113)   Merge Heap Roots: 0.13ms
[2026-04-03T01:30:30.741+0600][36.050s][info][gc,phases      ] GC(113)   Evacuate Collection Set: 0.98ms
[2026-04-03T01:30:30.741+0600][36.050s][info][gc,phases      ] GC(113)   Post Evacuate Collection Set: 0.41ms
[2026-04-03T01:30:30.741+0600][36.050s][info][gc,phases      ] GC(113)   Other: 0.11ms
[2026-04-03T01:30:30.741+0600][36.050s][info][gc,heap        ] GC(113) Eden regions: 63->0(63)
[2026-04-03T01:30:30.741+0600][36.050s][info][gc,heap        ] GC(113) Survivor regions: 1->1(8)
[2026-04-03T01:30:30.741+0600][36.050s][info][gc,heap        ] GC(113) Old regions: 13->13
[2026-04-03T01:30:30.741+0600][36.050s][info][gc,heap        ] GC(113) Humongous regions: 0->0
[2026-04-03T01:30:30.741+0600][36.050s][info][gc,metaspace   ] GC(113) Metaspace: 55023K(55936K)->55023K(55936K) NonClass: 46533K(47104K)->46533K(47104K) Class: 8489K(8832K)->8489K(8832K)
[2026-04-03T01:30:30.741+0600][36.050s][info][gc             ] GC(113) Pause Young (Normal) (G1 Evacuation Pause) 145M->19M(216M) 2.134ms
[2026-04-03T01:30:30.741+0600][36.050s][info][gc,cpu         ] GC(113) User=0.02s Sys=0.00s Real=0.01s
[2026-04-03T01:30:30.911+0600][36.221s][info][gc,start       ] GC(114) Pause Young (Normal) (G1 Evacuation Pause)
[2026-04-03T01:30:30.912+0600][36.221s][info][gc,task        ] GC(114) Using 10 workers of 10 for evacuation
[2026-04-03T01:30:30.913+0600][36.222s][info][gc,phases      ] GC(114)   Pre Evacuate Collection Set: 0.23ms
[2026-04-03T01:30:30.913+0600][36.222s][info][gc,phases      ] GC(114)   Merge Heap Roots: 0.12ms
[2026-04-03T01:30:30.913+0600][36.222s][info][gc,phases      ] GC(114)   Evacuate Collection Set: 0.81ms
[2026-04-03T01:30:30.913+0600][36.222s][info][gc,phases      ] GC(114)   Post Evacuate Collection Set: 0.34ms
[2026-04-03T01:30:30.913+0600][36.222s][info][gc,phases      ] GC(114)   Other: 0.09ms
[2026-04-03T01:30:30.913+0600][36.222s][info][gc,heap        ] GC(114) Eden regions: 63->0(63)
[2026-04-03T01:30:30.913+0600][36.222s][info][gc,heap        ] GC(114) Survivor regions: 1->1(8)
[2026-04-03T01:30:30.913+0600][36.222s][info][gc,heap        ] GC(114) Old regions: 13->13
[2026-04-03T01:30:30.913+0600][36.222s][info][gc,heap        ] GC(114) Humongous regions: 0->0
[2026-04-03T01:30:30.913+0600][36.223s][info][gc,metaspace   ] GC(114) Metaspace: 55023K(55936K)->55023K(55936K) NonClass: 46533K(47104K)->46533K(47104K) Class: 8489K(8832K)->8489K(8832K)
[2026-04-03T01:30:30.913+0600][36.223s][info][gc             ] GC(114) Pause Young (Normal) (G1 Evacuation Pause) 145M->19M(216M) 1.874ms
[2026-04-03T01:30:30.913+0600][36.223s][info][gc,cpu         ] GC(114) User=0.01s Sys=0.00s Real=0.00s
[2026-04-03T01:30:31.080+0600][36.389s][info][gc,start       ] GC(115) Pause Young (Normal) (G1 Evacuation Pause)
[2026-04-03T01:30:31.080+0600][36.389s][info][gc,task        ] GC(115) Using 10 workers of 10 for evacuation
[2026-04-03T01:30:31.082+0600][36.391s][info][gc,phases      ] GC(115)   Pre Evacuate Collection Set: 0.21ms
[2026-04-03T01:30:31.082+0600][36.391s][info][gc,phases      ] GC(115)   Merge Heap Roots: 0.18ms
[2026-04-03T01:30:31.082+0600][36.391s][info][gc,phases      ] GC(115)   Evacuate Collection Set: 0.88ms
[2026-04-03T01:30:31.082+0600][36.391s][info][gc,phases      ] GC(115)   Post Evacuate Collection Set: 0.39ms
[2026-04-03T01:30:31.082+0600][36.391s][info][gc,phases      ] GC(115)   Other: 0.10ms
[2026-04-03T01:30:31.082+0600][36.391s][info][gc,heap        ] GC(115) Eden regions: 63->0(63)
[2026-04-03T01:30:31.082+0600][36.391s][info][gc,heap        ] GC(115) Survivor regions: 1->1(8)
[2026-04-03T01:30:31.082+0600][36.391s][info][gc,heap        ] GC(115) Old regions: 13->13
[2026-04-03T01:30:31.082+0600][36.391s][info][gc,heap        ] GC(115) Humongous regions: 0->0
[2026-04-03T01:30:31.082+0600][36.391s][info][gc,metaspace   ] GC(115) Metaspace: 55023K(55936K)->55023K(55936K) NonClass: 46533K(47104K)->46533K(47104K) Class: 8489K(8832K)->8489K(8832K)
[2026-04-03T01:30:31.082+0600][36.391s][info][gc             ] GC(115) Pause Young (Normal) (G1 Evacuation Pause) 145M->19M(216M) 2.059ms
[2026-04-03T01:30:31.082+0600][36.391s][info][gc,cpu         ] GC(115) User=0.01s Sys=0.00s Real=0.00s
[2026-04-03T01:30:31.256+0600][36.565s][info][gc,start       ] GC(116) Pause Young (Normal) (G1 Evacuation Pause)
[2026-04-03T01:30:31.256+0600][36.566s][info][gc,task        ] GC(116) Using 10 workers of 10 for evacuation
[2026-04-03T01:30:31.258+0600][36.567s][info][gc,phases      ] GC(116)   Pre Evacuate Collection Set: 0.18ms
[2026-04-03T01:30:31.258+0600][36.567s][info][gc,phases      ] GC(116)   Merge Heap Roots: 0.10ms
[2026-04-03T01:30:31.258+0600][36.567s][info][gc,phases      ] GC(116)   Evacuate Collection Set: 0.78ms
[2026-04-03T01:30:31.258+0600][36.567s][info][gc,phases      ] GC(116)   Post Evacuate Collection Set: 0.39ms
[2026-04-03T01:30:31.258+0600][36.567s][info][gc,phases      ] GC(116)   Other: 0.09ms
[2026-04-03T01:30:31.258+0600][36.567s][info][gc,heap        ] GC(116) Eden regions: 63->0(63)
[2026-04-03T01:30:31.258+0600][36.567s][info][gc,heap        ] GC(116) Survivor regions: 1->1(8)
[2026-04-03T01:30:31.258+0600][36.567s][info][gc,heap        ] GC(116) Old regions: 13->13
[2026-04-03T01:30:31.258+0600][36.567s][info][gc,heap        ] GC(116) Humongous regions: 0->0
[2026-04-03T01:30:31.258+0600][36.567s][info][gc,metaspace   ] GC(116) Metaspace: 55024K(55936K)->55024K(55936K) NonClass: 46534K(47104K)->46534K(47104K) Class: 8490K(8832K)->8490K(8832K)
[2026-04-03T01:30:31.258+0600][36.567s][info][gc             ] GC(116) Pause Young (Normal) (G1 Evacuation Pause) 145M->19M(216M) 1.837ms
[2026-04-03T01:30:31.258+0600][36.567s][info][gc,cpu         ] GC(116) User=0.00s Sys=0.00s Real=0.00s
[2026-04-03T01:30:31.438+0600][36.747s][info][gc,start       ] GC(117) Pause Young (Normal) (G1 Evacuation Pause)
[2026-04-03T01:30:31.438+0600][36.747s][info][gc,task        ] GC(117) Using 10 workers of 10 for evacuation
[2026-04-03T01:30:31.440+0600][36.749s][info][gc,phases      ] GC(117)   Pre Evacuate Collection Set: 0.20ms
[2026-04-03T01:30:31.440+0600][36.749s][info][gc,phases      ] GC(117)   Merge Heap Roots: 0.13ms
[2026-04-03T01:30:31.440+0600][36.749s][info][gc,phases      ] GC(117)   Evacuate Collection Set: 0.88ms
[2026-04-03T01:30:31.440+0600][36.749s][info][gc,phases      ] GC(117)   Post Evacuate Collection Set: 0.58ms
[2026-04-03T01:30:31.440+0600][36.749s][info][gc,phases      ] GC(117)   Other: 0.11ms
[2026-04-03T01:30:31.440+0600][36.749s][info][gc,heap        ] GC(117) Eden regions: 63->0(63)
[2026-04-03T01:30:31.440+0600][36.749s][info][gc,heap        ] GC(117) Survivor regions: 1->1(8)
[2026-04-03T01:30:31.440+0600][36.749s][info][gc,heap        ] GC(117) Old regions: 13->13
[2026-04-03T01:30:31.440+0600][36.749s][info][gc,heap        ] GC(117) Humongous regions: 0->0
[2026-04-03T01:30:31.440+0600][36.749s][info][gc,metaspace   ] GC(117) Metaspace: 55024K(55936K)->55024K(55936K) NonClass: 46534K(47104K)->46534K(47104K) Class: 8490K(8832K)->8490K(8832K)
[2026-04-03T01:30:31.440+0600][36.749s][info][gc             ] GC(117) Pause Young (Normal) (G1 Evacuation Pause) 145M->19M(216M) 2.245ms
[2026-04-03T01:30:31.440+0600][36.749s][info][gc,cpu         ] GC(117) User=0.01s Sys=0.00s Real=0.01s
[2026-04-03T01:30:31.623+0600][36.932s][info][gc,start       ] GC(118) Pause Young (Normal) (G1 Evacuation Pause)
[2026-04-03T01:30:31.623+0600][36.932s][info][gc,task        ] GC(118) Using 10 workers of 10 for evacuation
[2026-04-03T01:30:31.625+0600][36.934s][info][gc,phases      ] GC(118)   Pre Evacuate Collection Set: 0.19ms
[2026-04-03T01:30:31.625+0600][36.934s][info][gc,phases      ] GC(118)   Merge Heap Roots: 0.11ms
[2026-04-03T01:30:31.625+0600][36.934s][info][gc,phases      ] GC(118)   Evacuate Collection Set: 0.79ms
[2026-04-03T01:30:31.625+0600][36.934s][info][gc,phases      ] GC(118)   Post Evacuate Collection Set: 0.63ms
[2026-04-03T01:30:31.625+0600][36.934s][info][gc,phases      ] GC(118)   Other: 0.18ms
[2026-04-03T01:30:31.625+0600][36.934s][info][gc,heap        ] GC(118) Eden regions: 63->0(77)
[2026-04-03T01:30:31.625+0600][36.934s][info][gc,heap        ] GC(118) Survivor regions: 1->1(8)
[2026-04-03T01:30:31.625+0600][36.934s][info][gc,heap        ] GC(118) Old regions: 13->13
[2026-04-03T01:30:31.625+0600][36.934s][info][gc,heap        ] GC(118) Humongous regions: 0->0
[2026-04-03T01:30:31.625+0600][36.934s][info][gc,metaspace   ] GC(118) Metaspace: 55024K(55936K)->55024K(55936K) NonClass: 46534K(47104K)->46534K(47104K) Class: 8490K(8832K)->8490K(8832K)
[2026-04-03T01:30:31.625+0600][36.934s][info][gc             ] GC(118) Pause Young (Normal) (G1 Evacuation Pause) 145M->19M(260M) 2.260ms
[2026-04-03T01:30:31.625+0600][36.934s][info][gc,cpu         ] GC(118) User=0.01s Sys=0.00s Real=0.00s
[2026-04-03T01:30:31.862+0600][37.171s][info][gc,start       ] GC(119) Pause Young (Normal) (G1 Evacuation Pause)
[2026-04-03T01:30:31.862+0600][37.172s][info][gc,task        ] GC(119) Using 10 workers of 10 for evacuation
[2026-04-03T01:30:31.864+0600][37.173s][info][gc,phases      ] GC(119)   Pre Evacuate Collection Set: 0.24ms
[2026-04-03T01:30:31.864+0600][37.173s][info][gc,phases      ] GC(119)   Merge Heap Roots: 0.15ms
[2026-04-03T01:30:31.864+0600][37.173s][info][gc,phases      ] GC(119)   Evacuate Collection Set: 0.83ms
[2026-04-03T01:30:31.864+0600][37.173s][info][gc,phases      ] GC(119)   Post Evacuate Collection Set: 0.49ms
[2026-04-03T01:30:31.864+0600][37.173s][info][gc,phases      ] GC(119)   Other: 0.12ms
[2026-04-03T01:30:31.864+0600][37.174s][info][gc,heap        ] GC(119) Eden regions: 77->0(77)
[2026-04-03T01:30:31.864+0600][37.174s][info][gc,heap        ] GC(119) Survivor regions: 1->1(10)
[2026-04-03T01:30:31.864+0600][37.174s][info][gc,heap        ] GC(119) Old regions: 13->13
[2026-04-03T01:30:31.864+0600][37.174s][info][gc,heap        ] GC(119) Humongous regions: 0->0
[2026-04-03T01:30:31.864+0600][37.174s][info][gc,metaspace   ] GC(119) Metaspace: 55030K(55936K)->55030K(55936K) NonClass: 46540K(47104K)->46540K(47104K) Class: 8490K(8832K)->8490K(8832K)
[2026-04-03T01:30:31.864+0600][37.174s][info][gc             ] GC(119) Pause Young (Normal) (G1 Evacuation Pause) 173M->19M(260M) 2.175ms
[2026-04-03T01:30:31.864+0600][37.174s][info][gc,cpu         ] GC(119) User=0.01s Sys=0.00s Real=0.00s
[2026-04-03T01:30:32.062+0600][37.371s][info][gc,start       ] GC(120) Pause Full (System.gc())
[2026-04-03T01:30:32.062+0600][37.371s][info][gc,task        ] GC(120) Using 8 workers of 10 for full compaction
[2026-04-03T01:30:32.062+0600][37.371s][info][gc,phases,start] GC(120) Phase 1: Mark live objects
[2026-04-03T01:30:32.088+0600][37.398s][info][gc,phases      ] GC(120) Phase 1: Mark live objects 26.176ms
[2026-04-03T01:30:32.088+0600][37.398s][info][gc,phases,start] GC(120) Phase 2: Prepare compaction
[2026-04-03T01:30:32.090+0600][37.399s][info][gc,phases      ] GC(120) Phase 2: Prepare compaction 1.733ms
[2026-04-03T01:30:32.090+0600][37.400s][info][gc,phases,start] GC(120) Phase 3: Adjust pointers
[2026-04-03T01:30:32.102+0600][37.411s][info][gc,phases      ] GC(120) Phase 3: Adjust pointers 11.737ms
[2026-04-03T01:30:32.102+0600][37.411s][info][gc,phases,start] GC(120) Phase 4: Compact heap
[2026-04-03T01:30:32.104+0600][37.413s][info][gc,phases      ] GC(120) Phase 4: Compact heap 1.526ms
[2026-04-03T01:30:32.104+0600][37.413s][info][gc,phases,start] GC(120) Phase 5: Reset Metadata
[2026-04-03T01:30:32.106+0600][37.416s][info][gc,phases      ] GC(120) Phase 5: Reset Metadata 2.705ms
[2026-04-03T01:30:32.114+0600][37.423s][info][gc,heap        ] GC(120) Eden regions: 38->0(28)
[2026-04-03T01:30:32.114+0600][37.423s][info][gc,heap        ] GC(120) Survivor regions: 1->0(10)
[2026-04-03T01:30:32.114+0600][37.423s][info][gc,heap        ] GC(120) Old regions: 13->14
[2026-04-03T01:30:32.114+0600][37.423s][info][gc,heap        ] GC(120) Humongous regions: 0->0
[2026-04-03T01:30:32.114+0600][37.423s][info][gc,metaspace   ] GC(120) Metaspace: 55072K(55936K)->55059K(55936K) NonClass: 46581K(47104K)->46572K(47104K) Class: 8491K(8832K)->8486K(8832K)
[2026-04-03T01:30:32.114+0600][37.424s][info][gc             ] GC(120) Pause Full (System.gc()) 94M->18M(94M) 52.324ms
[2026-04-03T01:30:32.114+0600][37.424s][info][gc,cpu         ] GC(120) User=0.22s Sys=0.02s Real=0.05s
[2026-04-03T01:30:32.258+0600][37.567s][info][gc,start       ] GC(121) Pause Young (Normal) (G1 Evacuation Pause)
[2026-04-03T01:30:32.258+0600][37.567s][info][gc,task        ] GC(121) Using 10 workers of 10 for evacuation
[2026-04-03T01:30:32.260+0600][37.569s][info][gc,phases      ] GC(121)   Pre Evacuate Collection Set: 0.20ms
[2026-04-03T01:30:32.260+0600][37.569s][info][gc,phases      ] GC(121)   Merge Heap Roots: 0.14ms
[2026-04-03T01:30:32.260+0600][37.569s][info][gc,phases      ] GC(121)   Evacuate Collection Set: 1.52ms
[2026-04-03T01:30:32.260+0600][37.570s][info][gc,phases      ] GC(121)   Post Evacuate Collection Set: 0.43ms
[2026-04-03T01:30:32.260+0600][37.570s][info][gc,phases      ] GC(121)   Other: 0.08ms
[2026-04-03T01:30:32.260+0600][37.570s][info][gc,heap        ] GC(121) Eden regions: 28->0(27)
[2026-04-03T01:30:32.260+0600][37.570s][info][gc,heap        ] GC(121) Survivor regions: 0->1(4)
[2026-04-03T01:30:32.260+0600][37.570s][info][gc,heap        ] GC(121) Old regions: 14->14
[2026-04-03T01:30:32.260+0600][37.570s][info][gc,heap        ] GC(121) Humongous regions: 0->0
[2026-04-03T01:30:32.260+0600][37.570s][info][gc,metaspace   ] GC(121) Metaspace: 55120K(55936K)->55120K(55936K) NonClass: 46633K(47104K)->46633K(47104K) Class: 8486K(8832K)->8486K(8832K)
[2026-04-03T01:30:32.260+0600][37.570s][info][gc             ] GC(121) Pause Young (Normal) (G1 Evacuation Pause) 74M->19M(94M) 2.673ms
[2026-04-03T01:30:32.260+0600][37.570s][info][gc,cpu         ] GC(121) User=0.02s Sys=0.00s Real=0.01s
[2026-04-03T01:30:32.351+0600][37.660s][info][gc,start       ] GC(122) Pause Young (Normal) (G1 Evacuation Pause)
[2026-04-03T01:30:32.351+0600][37.660s][info][gc,task        ] GC(122) Using 10 workers of 10 for evacuation
[2026-04-03T01:30:32.353+0600][37.662s][info][gc,phases      ] GC(122)   Pre Evacuate Collection Set: 0.17ms
[2026-04-03T01:30:32.353+0600][37.662s][info][gc,phases      ] GC(122)   Merge Heap Roots: 0.11ms
[2026-04-03T01:30:32.353+0600][37.662s][info][gc,phases      ] GC(122)   Evacuate Collection Set: 1.15ms
[2026-04-03T01:30:32.353+0600][37.662s][info][gc,phases      ] GC(122)   Post Evacuate Collection Set: 0.43ms
[2026-04-03T01:30:32.353+0600][37.662s][info][gc,phases      ] GC(122)   Other: 0.09ms
[2026-04-03T01:30:32.353+0600][37.662s][info][gc,heap        ] GC(122) Eden regions: 27->0(27)
[2026-04-03T01:30:32.353+0600][37.662s][info][gc,heap        ] GC(122) Survivor regions: 1->1(4)
[2026-04-03T01:30:32.353+0600][37.662s][info][gc,heap        ] GC(122) Old regions: 14->14
[2026-04-03T01:30:32.353+0600][37.662s][info][gc,heap        ] GC(122) Humongous regions: 0->0
[2026-04-03T01:30:32.353+0600][37.662s][info][gc,metaspace   ] GC(122) Metaspace: 55120K(55936K)->55120K(55936K) NonClass: 46633K(47104K)->46633K(47104K) Class: 8486K(8832K)->8486K(8832K)
[2026-04-03T01:30:32.353+0600][37.662s][info][gc             ] GC(122) Pause Young (Normal) (G1 Evacuation Pause) 73M->19M(94M) 2.210ms
[2026-04-03T01:30:32.353+0600][37.662s][info][gc,cpu         ] GC(122) User=0.02s Sys=0.00s Real=0.00s
[2026-04-03T01:30:32.449+0600][37.758s][info][gc,start       ] GC(123) Pause Young (Normal) (G1 Evacuation Pause)
[2026-04-03T01:30:32.449+0600][37.758s][info][gc,task        ] GC(123) Using 10 workers of 10 for evacuation
[2026-04-03T01:30:32.451+0600][37.760s][info][gc,phases      ] GC(123)   Pre Evacuate Collection Set: 0.16ms
[2026-04-03T01:30:32.451+0600][37.760s][info][gc,phases      ] GC(123)   Merge Heap Roots: 0.12ms
[2026-04-03T01:30:32.451+0600][37.760s][info][gc,phases      ] GC(123)   Evacuate Collection Set: 1.26ms
[2026-04-03T01:30:32.451+0600][37.760s][info][gc,phases      ] GC(123)   Post Evacuate Collection Set: 0.39ms
[2026-04-03T01:30:32.451+0600][37.760s][info][gc,phases      ] GC(123)   Other: 0.09ms
[2026-04-03T01:30:32.451+0600][37.760s][info][gc,heap        ] GC(123) Eden regions: 27->0(27)
[2026-04-03T01:30:32.451+0600][37.760s][info][gc,heap        ] GC(123) Survivor regions: 1->1(4)
[2026-04-03T01:30:32.451+0600][37.760s][info][gc,heap        ] GC(123) Old regions: 14->14
[2026-04-03T01:30:32.451+0600][37.760s][info][gc,heap        ] GC(123) Humongous regions: 0->0
[2026-04-03T01:30:32.451+0600][37.760s][info][gc,metaspace   ] GC(123) Metaspace: 55120K(55936K)->55120K(55936K) NonClass: 46633K(47104K)->46633K(47104K) Class: 8486K(8832K)->8486K(8832K)
[2026-04-03T01:30:32.451+0600][37.760s][info][gc             ] GC(123) Pause Young (Normal) (G1 Evacuation Pause) 73M->19M(94M) 2.300ms
[2026-04-03T01:30:32.451+0600][37.760s][info][gc,cpu         ] GC(123) User=0.01s Sys=0.00s Real=0.01s
[2026-04-03T01:30:32.538+0600][37.847s][info][gc,start       ] GC(124) Pause Young (Normal) (G1 Evacuation Pause)
[2026-04-03T01:30:32.538+0600][37.847s][info][gc,task        ] GC(124) Using 10 workers of 10 for evacuation
[2026-04-03T01:30:32.540+0600][37.850s][info][gc,phases      ] GC(124)   Pre Evacuate Collection Set: 0.22ms
[2026-04-03T01:30:32.541+0600][37.850s][info][gc,phases      ] GC(124)   Merge Heap Roots: 0.11ms
[2026-04-03T01:30:32.541+0600][37.850s][info][gc,phases      ] GC(124)   Evacuate Collection Set: 1.42ms
[2026-04-03T01:30:32.541+0600][37.850s][info][gc,phases      ] GC(124)   Post Evacuate Collection Set: 0.84ms
[2026-04-03T01:30:32.541+0600][37.850s][info][gc,phases      ] GC(124)   Other: 0.12ms
[2026-04-03T01:30:32.541+0600][37.850s][info][gc,heap        ] GC(124) Eden regions: 27->0(48)
[2026-04-03T01:30:32.541+0600][37.850s][info][gc,heap        ] GC(124) Survivor regions: 1->1(4)
[2026-04-03T01:30:32.541+0600][37.850s][info][gc,heap        ] GC(124) Old regions: 14->14
[2026-04-03T01:30:32.541+0600][37.850s][info][gc,heap        ] GC(124) Humongous regions: 0->0
[2026-04-03T01:30:32.541+0600][37.850s][info][gc,metaspace   ] GC(124) Metaspace: 55120K(55936K)->55120K(55936K) NonClass: 46633K(47104K)->46633K(47104K) Class: 8486K(8832K)->8486K(8832K)
[2026-04-03T01:30:32.541+0600][37.850s][info][gc             ] GC(124) Pause Young (Normal) (G1 Evacuation Pause) 73M->19M(164M) 3.127ms
[2026-04-03T01:30:32.541+0600][37.850s][info][gc,cpu         ] GC(124) User=0.01s Sys=0.00s Real=0.01s
[2026-04-03T01:30:32.708+0600][38.017s][info][gc,start       ] GC(125) Pause Young (Normal) (G1 Evacuation Pause)
[2026-04-03T01:30:32.708+0600][38.017s][info][gc,task        ] GC(125) Using 10 workers of 10 for evacuation
[2026-04-03T01:30:32.710+0600][38.020s][info][gc,phases      ] GC(125)   Pre Evacuate Collection Set: 0.28ms
[2026-04-03T01:30:32.710+0600][38.020s][info][gc,phases      ] GC(125)   Merge Heap Roots: 0.15ms
[2026-04-03T01:30:32.710+0600][38.020s][info][gc,phases      ] GC(125)   Evacuate Collection Set: 1.26ms
[2026-04-03T01:30:32.710+0600][38.020s][info][gc,phases      ] GC(125)   Post Evacuate Collection Set: 0.41ms
[2026-04-03T01:30:32.710+0600][38.020s][info][gc,phases      ] GC(125)   Other: 0.10ms
[2026-04-03T01:30:32.710+0600][38.020s][info][gc,heap        ] GC(125) Eden regions: 48->0(48)
[2026-04-03T01:30:32.710+0600][38.020s][info][gc,heap        ] GC(125) Survivor regions: 1->1(7)
[2026-04-03T01:30:32.710+0600][38.020s][info][gc,heap        ] GC(125) Old regions: 14->14
[2026-04-03T01:30:32.710+0600][38.020s][info][gc,heap        ] GC(125) Humongous regions: 0->0
[2026-04-03T01:30:32.710+0600][38.020s][info][gc,metaspace   ] GC(125) Metaspace: 55120K(55936K)->55120K(55936K) NonClass: 46633K(47104K)->46633K(47104K) Class: 8486K(8832K)->8486K(8832K)
[2026-04-03T01:30:32.710+0600][38.020s][info][gc             ] GC(125) Pause Young (Normal) (G1 Evacuation Pause) 115M->19M(164M) 2.497ms
[2026-04-03T01:30:32.710+0600][38.020s][info][gc,cpu         ] GC(125) User=0.02s Sys=0.00s Real=0.01s
[2026-04-03T01:30:32.836+0600][38.145s][info][gc,start       ] GC(126) Pause Young (Normal) (G1 Evacuation Pause)
[2026-04-03T01:30:32.836+0600][38.145s][info][gc,task        ] GC(126) Using 10 workers of 10 for evacuation
[2026-04-03T01:30:32.838+0600][38.148s][info][gc,phases      ] GC(126)   Pre Evacuate Collection Set: 0.17ms
[2026-04-03T01:30:32.839+0600][38.148s][info][gc,phases      ] GC(126)   Merge Heap Roots: 0.13ms
[2026-04-03T01:30:32.839+0600][38.148s][info][gc,phases      ] GC(126)   Evacuate Collection Set: 1.27ms
[2026-04-03T01:30:32.839+0600][38.148s][info][gc,phases      ] GC(126)   Post Evacuate Collection Set: 0.55ms
[2026-04-03T01:30:32.839+0600][38.148s][info][gc,phases      ] GC(126)   Other: 0.11ms
[2026-04-03T01:30:32.839+0600][38.148s][info][gc,heap        ] GC(126) Eden regions: 48->0(48)
[2026-04-03T01:30:32.839+0600][38.148s][info][gc,heap        ] GC(126) Survivor regions: 1->1(7)
[2026-04-03T01:30:32.839+0600][38.148s][info][gc,heap        ] GC(126) Old regions: 14->14
[2026-04-03T01:30:32.839+0600][38.148s][info][gc,heap        ] GC(126) Humongous regions: 0->0
[2026-04-03T01:30:32.839+0600][38.148s][info][gc,metaspace   ] GC(126) Metaspace: 55120K(55936K)->55120K(55936K) NonClass: 46633K(47104K)->46633K(47104K) Class: 8486K(8832K)->8486K(8832K)
[2026-04-03T01:30:32.839+0600][38.148s][info][gc             ] GC(126) Pause Young (Normal) (G1 Evacuation Pause) 115M->19M(164M) 2.840ms
[2026-04-03T01:30:32.839+0600][38.148s][info][gc,cpu         ] GC(126) User=0.01s Sys=0.01s Real=0.00s
[2026-04-03T01:30:32.963+0600][38.272s][info][gc,start       ] GC(127) Pause Young (Normal) (G1 Evacuation Pause)
[2026-04-03T01:30:32.963+0600][38.272s][info][gc,task        ] GC(127) Using 10 workers of 10 for evacuation
[2026-04-03T01:30:32.965+0600][38.274s][info][gc,phases      ] GC(127)   Pre Evacuate Collection Set: 0.17ms
[2026-04-03T01:30:32.965+0600][38.274s][info][gc,phases      ] GC(127)   Merge Heap Roots: 0.13ms
[2026-04-03T01:30:32.965+0600][38.274s][info][gc,phases      ] GC(127)   Evacuate Collection Set: 1.15ms
[2026-04-03T01:30:32.965+0600][38.274s][info][gc,phases      ] GC(127)   Post Evacuate Collection Set: 0.38ms
[2026-04-03T01:30:32.965+0600][38.274s][info][gc,phases      ] GC(127)   Other: 0.10ms
[2026-04-03T01:30:32.965+0600][38.275s][info][gc,heap        ] GC(127) Eden regions: 48->0(48)
[2026-04-03T01:30:32.965+0600][38.275s][info][gc,heap        ] GC(127) Survivor regions: 1->1(7)
[2026-04-03T01:30:32.965+0600][38.275s][info][gc,heap        ] GC(127) Old regions: 14->14
[2026-04-03T01:30:32.965+0600][38.275s][info][gc,heap        ] GC(127) Humongous regions: 0->0
[2026-04-03T01:30:32.965+0600][38.275s][info][gc,metaspace   ] GC(127) Metaspace: 55120K(55936K)->55120K(55936K) NonClass: 46633K(47104K)->46633K(47104K) Class: 8486K(8832K)->8486K(8832K)
[2026-04-03T01:30:32.965+0600][38.275s][info][gc             ] GC(127) Pause Young (Normal) (G1 Evacuation Pause) 115M->19M(164M) 2.217ms
[2026-04-03T01:30:32.965+0600][38.275s][info][gc,cpu         ] GC(127) User=0.02s Sys=0.00s Real=0.00s
[2026-04-03T01:30:33.102+0600][38.412s][info][gc,start       ] GC(128) Pause Young (Normal) (G1 Evacuation Pause)
[2026-04-03T01:30:33.102+0600][38.412s][info][gc,task        ] GC(128) Using 10 workers of 10 for evacuation
[2026-04-03T01:30:33.105+0600][38.414s][info][gc,phases      ] GC(128)   Pre Evacuate Collection Set: 0.17ms
[2026-04-03T01:30:33.105+0600][38.414s][info][gc,phases      ] GC(128)   Merge Heap Roots: 0.12ms
[2026-04-03T01:30:33.105+0600][38.414s][info][gc,phases      ] GC(128)   Evacuate Collection Set: 1.19ms
[2026-04-03T01:30:33.105+0600][38.414s][info][gc,phases      ] GC(128)   Post Evacuate Collection Set: 0.54ms
[2026-04-03T01:30:33.105+0600][38.414s][info][gc,phases      ] GC(128)   Other: 0.09ms
[2026-04-03T01:30:33.105+0600][38.414s][info][gc,heap        ] GC(128) Eden regions: 48->0(58)
[2026-04-03T01:30:33.105+0600][38.414s][info][gc,heap        ] GC(128) Survivor regions: 1->1(7)
[2026-04-03T01:30:33.105+0600][38.414s][info][gc,heap        ] GC(128) Old regions: 14->14
[2026-04-03T01:30:33.105+0600][38.414s][info][gc,heap        ] GC(128) Humongous regions: 0->0
[2026-04-03T01:30:33.105+0600][38.414s][info][gc,metaspace   ] GC(128) Metaspace: 55120K(55936K)->55120K(55936K) NonClass: 46633K(47104K)->46633K(47104K) Class: 8486K(8832K)->8486K(8832K)
[2026-04-03T01:30:33.105+0600][38.414s][info][gc             ] GC(128) Pause Young (Normal) (G1 Evacuation Pause) 115M->19M(198M) 2.396ms
[2026-04-03T01:30:33.105+0600][38.414s][info][gc,cpu         ] GC(128) User=0.02s Sys=0.00s Real=0.00s
[2026-04-03T01:30:33.296+0600][38.605s][info][gc,start       ] GC(129) Pause Young (Normal) (G1 Evacuation Pause)
[2026-04-03T01:30:33.296+0600][38.605s][info][gc,task        ] GC(129) Using 10 workers of 10 for evacuation
[2026-04-03T01:30:33.298+0600][38.607s][info][gc,phases      ] GC(129)   Pre Evacuate Collection Set: 0.22ms
[2026-04-03T01:30:33.298+0600][38.607s][info][gc,phases      ] GC(129)   Merge Heap Roots: 0.14ms
[2026-04-03T01:30:33.298+0600][38.607s][info][gc,phases      ] GC(129)   Evacuate Collection Set: 1.27ms
[2026-04-03T01:30:33.298+0600][38.607s][info][gc,phases      ] GC(129)   Post Evacuate Collection Set: 0.47ms
[2026-04-03T01:30:33.298+0600][38.607s][info][gc,phases      ] GC(129)   Other: 0.10ms
[2026-04-03T01:30:33.298+0600][38.607s][info][gc,heap        ] GC(129) Eden regions: 58->0(58)
[2026-04-03T01:30:33.298+0600][38.607s][info][gc,heap        ] GC(129) Survivor regions: 1->1(8)
[2026-04-03T01:30:33.298+0600][38.607s][info][gc,heap        ] GC(129) Old regions: 14->14
[2026-04-03T01:30:33.298+0600][38.607s][info][gc,heap        ] GC(129) Humongous regions: 0->0
[2026-04-03T01:30:33.298+0600][38.607s][info][gc,metaspace   ] GC(129) Metaspace: 55120K(55936K)->55120K(55936K) NonClass: 46633K(47104K)->46633K(47104K) Class: 8486K(8832K)->8486K(8832K)
[2026-04-03T01:30:33.298+0600][38.608s][info][gc             ] GC(129) Pause Young (Normal) (G1 Evacuation Pause) 135M->19M(198M) 2.527ms
[2026-04-03T01:30:33.298+0600][38.608s][info][gc,cpu         ] GC(129) User=0.02s Sys=0.00s Real=0.00s
[2026-04-03T01:30:33.467+0600][38.776s][info][gc,start       ] GC(130) Pause Young (Normal) (G1 Evacuation Pause)
[2026-04-03T01:30:33.467+0600][38.776s][info][gc,task        ] GC(130) Using 10 workers of 10 for evacuation
[2026-04-03T01:30:33.469+0600][38.778s][info][gc,phases      ] GC(130)   Pre Evacuate Collection Set: 0.18ms
[2026-04-03T01:30:33.469+0600][38.778s][info][gc,phases      ] GC(130)   Merge Heap Roots: 0.12ms
[2026-04-03T01:30:33.469+0600][38.778s][info][gc,phases      ] GC(130)   Evacuate Collection Set: 1.20ms
[2026-04-03T01:30:33.469+0600][38.778s][info][gc,phases      ] GC(130)   Post Evacuate Collection Set: 0.42ms
[2026-04-03T01:30:33.469+0600][38.778s][info][gc,phases      ] GC(130)   Other: 0.20ms
[2026-04-03T01:30:33.469+0600][38.778s][info][gc,heap        ] GC(130) Eden regions: 58->0(58)
[2026-04-03T01:30:33.469+0600][38.778s][info][gc,heap        ] GC(130) Survivor regions: 1->1(8)
[2026-04-03T01:30:33.469+0600][38.778s][info][gc,heap        ] GC(130) Old regions: 14->14
[2026-04-03T01:30:33.469+0600][38.778s][info][gc,heap        ] GC(130) Humongous regions: 0->0
[2026-04-03T01:30:33.469+0600][38.778s][info][gc,metaspace   ] GC(130) Metaspace: 55120K(55936K)->55120K(55936K) NonClass: 46633K(47104K)->46633K(47104K) Class: 8486K(8832K)->8486K(8832K)
[2026-04-03T01:30:33.469+0600][38.778s][info][gc             ] GC(130) Pause Young (Normal) (G1 Evacuation Pause) 135M->19M(198M) 2.441ms
[2026-04-03T01:30:33.469+0600][38.778s][info][gc,cpu         ] GC(130) User=0.01s Sys=0.00s Real=0.00s
[2026-04-03T01:30:33.619+0600][38.929s][info][gc,start       ] GC(131) Pause Young (Normal) (G1 Evacuation Pause)
[2026-04-03T01:30:33.620+0600][38.929s][info][gc,task        ] GC(131) Using 10 workers of 10 for evacuation
[2026-04-03T01:30:33.622+0600][38.931s][info][gc,phases      ] GC(131)   Pre Evacuate Collection Set: 0.18ms
[2026-04-03T01:30:33.622+0600][38.931s][info][gc,phases      ] GC(131)   Merge Heap Roots: 0.13ms
[2026-04-03T01:30:33.622+0600][38.931s][info][gc,phases      ] GC(131)   Evacuate Collection Set: 1.21ms
[2026-04-03T01:30:33.622+0600][38.931s][info][gc,phases      ] GC(131)   Post Evacuate Collection Set: 0.38ms
[2026-04-03T01:30:33.622+0600][38.931s][info][gc,phases      ] GC(131)   Other: 0.10ms
[2026-04-03T01:30:33.622+0600][38.931s][info][gc,heap        ] GC(131) Eden regions: 58->0(58)
[2026-04-03T01:30:33.622+0600][38.931s][info][gc,heap        ] GC(131) Survivor regions: 1->1(8)
[2026-04-03T01:30:33.622+0600][38.931s][info][gc,heap        ] GC(131) Old regions: 14->14
[2026-04-03T01:30:33.622+0600][38.931s][info][gc,heap        ] GC(131) Humongous regions: 0->0
[2026-04-03T01:30:33.622+0600][38.931s][info][gc,metaspace   ] GC(131) Metaspace: 55120K(55936K)->55120K(55936K) NonClass: 46633K(47104K)->46633K(47104K) Class: 8486K(8832K)->8486K(8832K)
[2026-04-03T01:30:33.622+0600][38.931s][info][gc             ] GC(131) Pause Young (Normal) (G1 Evacuation Pause) 135M->19M(198M) 2.300ms
[2026-04-03T01:30:33.622+0600][38.931s][info][gc,cpu         ] GC(131) User=0.01s Sys=0.00s Real=0.01s
[2026-04-03T01:30:33.777+0600][39.086s][info][gc,start       ] GC(132) Pause Young (Normal) (G1 Evacuation Pause)
[2026-04-03T01:30:33.777+0600][39.086s][info][gc,task        ] GC(132) Using 10 workers of 10 for evacuation
[2026-04-03T01:30:33.779+0600][39.088s][info][gc,phases      ] GC(132)   Pre Evacuate Collection Set: 0.18ms
[2026-04-03T01:30:33.779+0600][39.088s][info][gc,phases      ] GC(132)   Merge Heap Roots: 0.13ms
[2026-04-03T01:30:33.779+0600][39.088s][info][gc,phases      ] GC(132)   Evacuate Collection Set: 1.19ms
[2026-04-03T01:30:33.779+0600][39.088s][info][gc,phases      ] GC(132)   Post Evacuate Collection Set: 0.59ms
[2026-04-03T01:30:33.779+0600][39.088s][info][gc,phases      ] GC(132)   Other: 0.10ms
[2026-04-03T01:30:33.779+0600][39.088s][info][gc,heap        ] GC(132) Eden regions: 58->0(70)
[2026-04-03T01:30:33.779+0600][39.088s][info][gc,heap        ] GC(132) Survivor regions: 1->1(8)
[2026-04-03T01:30:33.779+0600][39.088s][info][gc,heap        ] GC(132) Old regions: 14->14
[2026-04-03T01:30:33.779+0600][39.089s][info][gc,heap        ] GC(132) Humongous regions: 0->0
[2026-04-03T01:30:33.779+0600][39.089s][info][gc,metaspace   ] GC(132) Metaspace: 55120K(55936K)->55120K(55936K) NonClass: 46633K(47104K)->46633K(47104K) Class: 8486K(8832K)->8486K(8832K)
[2026-04-03T01:30:33.779+0600][39.089s][info][gc             ] GC(132) Pause Young (Normal) (G1 Evacuation Pause) 135M->19M(238M) 2.489ms
[2026-04-03T01:30:33.779+0600][39.089s][info][gc,cpu         ] GC(132) User=0.02s Sys=0.00s Real=0.00s
[2026-04-03T01:30:33.974+0600][39.283s][info][gc,start       ] GC(133) Pause Young (Normal) (G1 Evacuation Pause)
[2026-04-03T01:30:33.974+0600][39.284s][info][gc,task        ] GC(133) Using 10 workers of 10 for evacuation
[2026-04-03T01:30:33.976+0600][39.285s][info][gc,phases      ] GC(133)   Pre Evacuate Collection Set: 0.17ms
[2026-04-03T01:30:33.976+0600][39.286s][info][gc,phases      ] GC(133)   Merge Heap Roots: 0.12ms
[2026-04-03T01:30:33.976+0600][39.286s][info][gc,phases      ] GC(133)   Evacuate Collection Set: 1.18ms
[2026-04-03T01:30:33.976+0600][39.286s][info][gc,phases      ] GC(133)   Post Evacuate Collection Set: 0.37ms
[2026-04-03T01:30:33.976+0600][39.286s][info][gc,phases      ] GC(133)   Other: 0.09ms
[2026-04-03T01:30:33.976+0600][39.286s][info][gc,heap        ] GC(133) Eden regions: 70->0(70)
[2026-04-03T01:30:33.976+0600][39.286s][info][gc,heap        ] GC(133) Survivor regions: 1->1(9)
[2026-04-03T01:30:33.976+0600][39.286s][info][gc,heap        ] GC(133) Old regions: 14->14
[2026-04-03T01:30:33.976+0600][39.286s][info][gc,heap        ] GC(133) Humongous regions: 0->0
[2026-04-03T01:30:33.976+0600][39.286s][info][gc,metaspace   ] GC(133) Metaspace: 55120K(55936K)->55120K(55936K) NonClass: 46633K(47104K)->46633K(47104K) Class: 8486K(8832K)->8486K(8832K)
[2026-04-03T01:30:33.976+0600][39.286s][info][gc             ] GC(133) Pause Young (Normal) (G1 Evacuation Pause) 159M->19M(238M) 2.218ms
[2026-04-03T01:30:33.976+0600][39.286s][info][gc,cpu         ] GC(133) User=0.01s Sys=0.00s Real=0.00s
[2026-04-03T01:30:34.156+0600][39.466s][info][gc,start       ] GC(134) Pause Young (Normal) (G1 Evacuation Pause)
[2026-04-03T01:30:34.156+0600][39.466s][info][gc,task        ] GC(134) Using 10 workers of 10 for evacuation
[2026-04-03T01:30:34.159+0600][39.468s][info][gc,phases      ] GC(134)   Pre Evacuate Collection Set: 0.20ms
[2026-04-03T01:30:34.159+0600][39.468s][info][gc,phases      ] GC(134)   Merge Heap Roots: 0.15ms
[2026-04-03T01:30:34.159+0600][39.468s][info][gc,phases      ] GC(134)   Evacuate Collection Set: 1.25ms
[2026-04-03T01:30:34.159+0600][39.468s][info][gc,phases      ] GC(134)   Post Evacuate Collection Set: 0.43ms
[2026-04-03T01:30:34.159+0600][39.468s][info][gc,phases      ] GC(134)   Other: 0.09ms
[2026-04-03T01:30:34.159+0600][39.468s][info][gc,heap        ] GC(134) Eden regions: 70->0(70)
[2026-04-03T01:30:34.159+0600][39.468s][info][gc,heap        ] GC(134) Survivor regions: 1->1(9)
[2026-04-03T01:30:34.159+0600][39.468s][info][gc,heap        ] GC(134) Old regions: 14->14
[2026-04-03T01:30:34.159+0600][39.468s][info][gc,heap        ] GC(134) Humongous regions: 0->0
[2026-04-03T01:30:34.159+0600][39.468s][info][gc,metaspace   ] GC(134) Metaspace: 55120K(55936K)->55120K(55936K) NonClass: 46633K(47104K)->46633K(47104K) Class: 8486K(8832K)->8486K(8832K)
[2026-04-03T01:30:34.159+0600][39.468s][info][gc             ] GC(134) Pause Young (Normal) (G1 Evacuation Pause) 159M->19M(238M) 2.464ms
[2026-04-03T01:30:34.159+0600][39.468s][info][gc,cpu         ] GC(134) User=0.01s Sys=0.00s Real=0.00s
[2026-04-03T01:30:34.343+0600][39.652s][info][gc,start       ] GC(135) Pause Young (Normal) (G1 Evacuation Pause)
[2026-04-03T01:30:34.343+0600][39.652s][info][gc,task        ] GC(135) Using 10 workers of 10 for evacuation
[2026-04-03T01:30:34.345+0600][39.654s][info][gc,phases      ] GC(135)   Pre Evacuate Collection Set: 0.22ms
[2026-04-03T01:30:34.345+0600][39.655s][info][gc,phases      ] GC(135)   Merge Heap Roots: 0.15ms
[2026-04-03T01:30:34.345+0600][39.655s][info][gc,phases      ] GC(135)   Evacuate Collection Set: 1.45ms
[2026-04-03T01:30:34.345+0600][39.655s][info][gc,phases      ] GC(135)   Post Evacuate Collection Set: 0.70ms
[2026-04-03T01:30:34.345+0600][39.655s][info][gc,phases      ] GC(135)   Other: 0.09ms
[2026-04-03T01:30:34.345+0600][39.655s][info][gc,heap        ] GC(135) Eden regions: 70->0(70)
[2026-04-03T01:30:34.345+0600][39.655s][info][gc,heap        ] GC(135) Survivor regions: 1->1(9)
[2026-04-03T01:30:34.345+0600][39.655s][info][gc,heap        ] GC(135) Old regions: 14->14
[2026-04-03T01:30:34.345+0600][39.655s][info][gc,heap        ] GC(135) Humongous regions: 0->0
[2026-04-03T01:30:34.345+0600][39.655s][info][gc,metaspace   ] GC(135) Metaspace: 55120K(55936K)->55120K(55936K) NonClass: 46633K(47104K)->46633K(47104K) Class: 8486K(8832K)->8486K(8832K)
[2026-04-03T01:30:34.345+0600][39.655s][info][gc             ] GC(135) Pause Young (Normal) (G1 Evacuation Pause) 159M->19M(238M) 2.903ms
[2026-04-03T01:30:34.345+0600][39.655s][info][gc,cpu         ] GC(135) User=0.02s Sys=0.00s Real=0.00s
[2026-04-03T01:30:34.533+0600][39.842s][info][gc,start       ] GC(136) Pause Young (Normal) (G1 Evacuation Pause)
[2026-04-03T01:30:34.533+0600][39.842s][info][gc,task        ] GC(136) Using 10 workers of 10 for evacuation
[2026-04-03T01:30:34.535+0600][39.844s][info][gc,phases      ] GC(136)   Pre Evacuate Collection Set: 0.18ms
[2026-04-03T01:30:34.535+0600][39.844s][info][gc,phases      ] GC(136)   Merge Heap Roots: 0.13ms
[2026-04-03T01:30:34.535+0600][39.844s][info][gc,phases      ] GC(136)   Evacuate Collection Set: 1.28ms
[2026-04-03T01:30:34.535+0600][39.844s][info][gc,phases      ] GC(136)   Post Evacuate Collection Set: 0.33ms
[2026-04-03T01:30:34.535+0600][39.845s][info][gc,phases      ] GC(136)   Other: 0.09ms
[2026-04-03T01:30:34.535+0600][39.845s][info][gc,heap        ] GC(136) Eden regions: 70->0(70)
[2026-04-03T01:30:34.535+0600][39.845s][info][gc,heap        ] GC(136) Survivor regions: 1->1(9)
[2026-04-03T01:30:34.535+0600][39.845s][info][gc,heap        ] GC(136) Old regions: 14->15
[2026-04-03T01:30:34.535+0600][39.845s][info][gc,heap        ] GC(136) Humongous regions: 0->0
[2026-04-03T01:30:34.535+0600][39.845s][info][gc,metaspace   ] GC(136) Metaspace: 55120K(55936K)->55120K(55936K) NonClass: 46633K(47104K)->46633K(47104K) Class: 8486K(8832K)->8486K(8832K)
[2026-04-03T01:30:34.535+0600][39.845s][info][gc             ] GC(136) Pause Young (Normal) (G1 Evacuation Pause) 159M->19M(238M) 2.350ms
[2026-04-03T01:30:34.535+0600][39.845s][info][gc,cpu         ] GC(136) User=0.02s Sys=0.00s Real=0.00s
[2026-04-03T01:30:34.723+0600][40.032s][info][gc,start       ] GC(137) Pause Young (Normal) (G1 Evacuation Pause)
[2026-04-03T01:30:34.723+0600][40.032s][info][gc,task        ] GC(137) Using 10 workers of 10 for evacuation
[2026-04-03T01:30:34.725+0600][40.035s][info][gc,phases      ] GC(137)   Pre Evacuate Collection Set: 0.21ms
[2026-04-03T01:30:34.725+0600][40.035s][info][gc,phases      ] GC(137)   Merge Heap Roots: 0.14ms
[2026-04-03T01:30:34.725+0600][40.035s][info][gc,phases      ] GC(137)   Evacuate Collection Set: 0.87ms
[2026-04-03T01:30:34.725+0600][40.035s][info][gc,phases      ] GC(137)   Post Evacuate Collection Set: 0.86ms
[2026-04-03T01:30:34.725+0600][40.035s][info][gc,phases      ] GC(137)   Other: 0.11ms
[2026-04-03T01:30:34.725+0600][40.035s][info][gc,heap        ] GC(137) Eden regions: 70->0(84)
[2026-04-03T01:30:34.725+0600][40.035s][info][gc,heap        ] GC(137) Survivor regions: 1->1(9)
[2026-04-03T01:30:34.725+0600][40.035s][info][gc,heap        ] GC(137) Old regions: 15->15
[2026-04-03T01:30:34.725+0600][40.035s][info][gc,heap        ] GC(137) Humongous regions: 0->0
[2026-04-03T01:30:34.725+0600][40.035s][info][gc,metaspace   ] GC(137) Metaspace: 55120K(55936K)->55120K(55936K) NonClass: 46633K(47104K)->46633K(47104K) Class: 8486K(8832K)->8486K(8832K)
[2026-04-03T01:30:34.726+0600][40.035s][info][gc             ] GC(137) Pause Young (Normal) (G1 Evacuation Pause) 159M->19M(286M) 2.574ms
[2026-04-03T01:30:34.726+0600][40.035s][info][gc,cpu         ] GC(137) User=0.01s Sys=0.00s Real=0.00s
[2026-04-03T01:30:34.980+0600][40.290s][info][gc,start       ] GC(138) Pause Young (Normal) (G1 Evacuation Pause)
[2026-04-03T01:30:34.980+0600][40.290s][info][gc,task        ] GC(138) Using 10 workers of 10 for evacuation
[2026-04-03T01:30:34.982+0600][40.291s][info][gc,phases      ] GC(138)   Pre Evacuate Collection Set: 0.18ms
[2026-04-03T01:30:34.982+0600][40.291s][info][gc,phases      ] GC(138)   Merge Heap Roots: 0.15ms
[2026-04-03T01:30:34.982+0600][40.291s][info][gc,phases      ] GC(138)   Evacuate Collection Set: 0.74ms
[2026-04-03T01:30:34.982+0600][40.291s][info][gc,phases      ] GC(138)   Post Evacuate Collection Set: 0.39ms
[2026-04-03T01:30:34.982+0600][40.291s][info][gc,phases      ] GC(138)   Other: 0.11ms
[2026-04-03T01:30:34.982+0600][40.291s][info][gc,heap        ] GC(138) Eden regions: 84->0(84)
[2026-04-03T01:30:34.982+0600][40.291s][info][gc,heap        ] GC(138) Survivor regions: 1->1(11)
[2026-04-03T01:30:34.982+0600][40.291s][info][gc,heap        ] GC(138) Old regions: 15->15
[2026-04-03T01:30:34.982+0600][40.291s][info][gc,heap        ] GC(138) Humongous regions: 0->0
[2026-04-03T01:30:34.982+0600][40.291s][info][gc,metaspace   ] GC(138) Metaspace: 55120K(55936K)->55120K(55936K) NonClass: 46633K(47104K)->46633K(47104K) Class: 8486K(8832K)->8486K(8832K)
[2026-04-03T01:30:34.982+0600][40.291s][info][gc             ] GC(138) Pause Young (Normal) (G1 Evacuation Pause) 187M->19M(286M) 1.859ms
[2026-04-03T01:30:34.982+0600][40.291s][info][gc,cpu         ] GC(138) User=0.01s Sys=0.00s Real=0.00s
[2026-04-03T01:30:35.209+0600][40.518s][info][gc,start       ] GC(139) Pause Young (Normal) (G1 Evacuation Pause)
[2026-04-03T01:30:35.209+0600][40.518s][info][gc,task        ] GC(139) Using 10 workers of 10 for evacuation
[2026-04-03T01:30:35.211+0600][40.520s][info][gc,phases      ] GC(139)   Pre Evacuate Collection Set: 0.18ms
[2026-04-03T01:30:35.211+0600][40.520s][info][gc,phases      ] GC(139)   Merge Heap Roots: 0.13ms
[2026-04-03T01:30:35.211+0600][40.520s][info][gc,phases      ] GC(139)   Evacuate Collection Set: 0.74ms
[2026-04-03T01:30:35.211+0600][40.520s][info][gc,phases      ] GC(139)   Post Evacuate Collection Set: 0.34ms
[2026-04-03T01:30:35.211+0600][40.520s][info][gc,phases      ] GC(139)   Other: 0.12ms
[2026-04-03T01:30:35.211+0600][40.520s][info][gc,heap        ] GC(139) Eden regions: 84->0(84)
[2026-04-03T01:30:35.211+0600][40.520s][info][gc,heap        ] GC(139) Survivor regions: 1->1(11)
[2026-04-03T01:30:35.211+0600][40.520s][info][gc,heap        ] GC(139) Old regions: 15->15
[2026-04-03T01:30:35.211+0600][40.520s][info][gc,heap        ] GC(139) Humongous regions: 0->0
[2026-04-03T01:30:35.211+0600][40.520s][info][gc,metaspace   ] GC(139) Metaspace: 55120K(55936K)->55120K(55936K) NonClass: 46633K(47104K)->46633K(47104K) Class: 8486K(8832K)->8486K(8832K)
[2026-04-03T01:30:35.211+0600][40.520s][info][gc             ] GC(139) Pause Young (Normal) (G1 Evacuation Pause) 187M->19M(286M) 1.811ms
[2026-04-03T01:30:35.211+0600][40.520s][info][gc,cpu         ] GC(139) User=0.01s Sys=0.00s Real=0.01s
[2026-04-03T01:30:35.437+0600][40.746s][info][gc,start       ] GC(140) Pause Young (Normal) (G1 Evacuation Pause)
[2026-04-03T01:30:35.437+0600][40.746s][info][gc,task        ] GC(140) Using 10 workers of 10 for evacuation
[2026-04-03T01:30:35.439+0600][40.748s][info][gc,phases      ] GC(140)   Pre Evacuate Collection Set: 0.20ms
[2026-04-03T01:30:35.439+0600][40.748s][info][gc,phases      ] GC(140)   Merge Heap Roots: 0.16ms
[2026-04-03T01:30:35.439+0600][40.748s][info][gc,phases      ] GC(140)   Evacuate Collection Set: 0.84ms
[2026-04-03T01:30:35.439+0600][40.748s][info][gc,phases      ] GC(140)   Post Evacuate Collection Set: 0.49ms
[2026-04-03T01:30:35.439+0600][40.748s][info][gc,phases      ] GC(140)   Other: 0.10ms
[2026-04-03T01:30:35.439+0600][40.748s][info][gc,heap        ] GC(140) Eden regions: 84->0(84)
[2026-04-03T01:30:35.439+0600][40.748s][info][gc,heap        ] GC(140) Survivor regions: 1->1(11)
[2026-04-03T01:30:35.439+0600][40.748s][info][gc,heap        ] GC(140) Old regions: 15->15
[2026-04-03T01:30:35.439+0600][40.748s][info][gc,heap        ] GC(140) Humongous regions: 0->0
[2026-04-03T01:30:35.439+0600][40.748s][info][gc,metaspace   ] GC(140) Metaspace: 55120K(55936K)->55120K(55936K) NonClass: 46633K(47104K)->46633K(47104K) Class: 8486K(8832K)->8486K(8832K)
[2026-04-03T01:30:35.439+0600][40.748s][info][gc             ] GC(140) Pause Young (Normal) (G1 Evacuation Pause) 187M->19M(286M) 2.129ms
[2026-04-03T01:30:35.439+0600][40.748s][info][gc,cpu         ] GC(140) User=0.01s Sys=0.00s Real=0.00s
[2026-04-03T01:30:35.666+0600][40.975s][info][gc,start       ] GC(141) Pause Young (Normal) (G1 Evacuation Pause)
[2026-04-03T01:30:35.666+0600][40.975s][info][gc,task        ] GC(141) Using 10 workers of 10 for evacuation
[2026-04-03T01:30:35.667+0600][40.977s][info][gc,phases      ] GC(141)   Pre Evacuate Collection Set: 0.25ms
[2026-04-03T01:30:35.667+0600][40.977s][info][gc,phases      ] GC(141)   Merge Heap Roots: 0.14ms
[2026-04-03T01:30:35.667+0600][40.977s][info][gc,phases      ] GC(141)   Evacuate Collection Set: 0.77ms
[2026-04-03T01:30:35.667+0600][40.977s][info][gc,phases      ] GC(141)   Post Evacuate Collection Set: 0.35ms
[2026-04-03T01:30:35.668+0600][40.977s][info][gc,phases      ] GC(141)   Other: 0.16ms
[2026-04-03T01:30:35.668+0600][40.977s][info][gc,heap        ] GC(141) Eden regions: 84->0(84)
[2026-04-03T01:30:35.668+0600][40.977s][info][gc,heap        ] GC(141) Survivor regions: 1->1(11)
[2026-04-03T01:30:35.668+0600][40.977s][info][gc,heap        ] GC(141) Old regions: 15->15
[2026-04-03T01:30:35.668+0600][40.977s][info][gc,heap        ] GC(141) Humongous regions: 0->0
[2026-04-03T01:30:35.668+0600][40.977s][info][gc,metaspace   ] GC(141) Metaspace: 55122K(55936K)->55122K(55936K) NonClass: 46636K(47104K)->46636K(47104K) Class: 8486K(8832K)->8486K(8832K)
[2026-04-03T01:30:35.668+0600][40.977s][info][gc             ] GC(141) Pause Young (Normal) (G1 Evacuation Pause) 187M->19M(286M) 2.012ms
[2026-04-03T01:30:35.668+0600][40.977s][info][gc,cpu         ] GC(141) User=0.01s Sys=0.00s Real=0.00s
[2026-04-03T01:30:35.890+0600][41.200s][info][gc,start       ] GC(142) Pause Young (Normal) (G1 Evacuation Pause)
[2026-04-03T01:30:35.890+0600][41.200s][info][gc,task        ] GC(142) Using 10 workers of 10 for evacuation
[2026-04-03T01:30:35.892+0600][41.201s][info][gc,phases      ] GC(142)   Pre Evacuate Collection Set: 0.18ms
[2026-04-03T01:30:35.892+0600][41.201s][info][gc,phases      ] GC(142)   Merge Heap Roots: 0.14ms
[2026-04-03T01:30:35.892+0600][41.201s][info][gc,phases      ] GC(142)   Evacuate Collection Set: 0.75ms
[2026-04-03T01:30:35.892+0600][41.201s][info][gc,phases      ] GC(142)   Post Evacuate Collection Set: 0.36ms
[2026-04-03T01:30:35.892+0600][41.201s][info][gc,phases      ] GC(142)   Other: 0.09ms
[2026-04-03T01:30:35.892+0600][41.201s][info][gc,heap        ] GC(142) Eden regions: 84->0(84)
[2026-04-03T01:30:35.892+0600][41.201s][info][gc,heap        ] GC(142) Survivor regions: 1->1(11)
[2026-04-03T01:30:35.892+0600][41.201s][info][gc,heap        ] GC(142) Old regions: 15->15
[2026-04-03T01:30:35.892+0600][41.201s][info][gc,heap        ] GC(142) Humongous regions: 0->0
[2026-04-03T01:30:35.892+0600][41.201s][info][gc,metaspace   ] GC(142) Metaspace: 55122K(55936K)->55122K(55936K) NonClass: 46636K(47104K)->46636K(47104K) Class: 8486K(8832K)->8486K(8832K)
[2026-04-03T01:30:35.892+0600][41.201s][info][gc             ] GC(142) Pause Young (Normal) (G1 Evacuation Pause) 187M->19M(286M) 1.858ms
[2026-04-03T01:30:35.892+0600][41.201s][info][gc,cpu         ] GC(142) User=0.01s Sys=0.00s Real=0.00s
[2026-04-03T01:30:36.110+0600][41.419s][info][gc,start       ] GC(143) Pause Young (Normal) (G1 Evacuation Pause)
[2026-04-03T01:30:36.110+0600][41.420s][info][gc,task        ] GC(143) Using 10 workers of 10 for evacuation
[2026-04-03T01:30:36.112+0600][41.421s][info][gc,phases      ] GC(143)   Pre Evacuate Collection Set: 0.20ms
[2026-04-03T01:30:36.112+0600][41.421s][info][gc,phases      ] GC(143)   Merge Heap Roots: 0.13ms
[2026-04-03T01:30:36.112+0600][41.421s][info][gc,phases      ] GC(143)   Evacuate Collection Set: 0.81ms
[2026-04-03T01:30:36.112+0600][41.422s][info][gc,phases      ] GC(143)   Post Evacuate Collection Set: 0.58ms
[2026-04-03T01:30:36.112+0600][41.422s][info][gc,phases      ] GC(143)   Other: 0.11ms
[2026-04-03T01:30:36.112+0600][41.422s][info][gc,heap        ] GC(143) Eden regions: 84->0(84)
[2026-04-03T01:30:36.112+0600][41.422s][info][gc,heap        ] GC(143) Survivor regions: 1->1(11)
[2026-04-03T01:30:36.112+0600][41.422s][info][gc,heap        ] GC(143) Old regions: 15->15
[2026-04-03T01:30:36.112+0600][41.422s][info][gc,heap        ] GC(143) Humongous regions: 0->0
[2026-04-03T01:30:36.112+0600][41.422s][info][gc,metaspace   ] GC(143) Metaspace: 55122K(55936K)->55122K(55936K) NonClass: 46636K(47104K)->46636K(47104K) Class: 8486K(8832K)->8486K(8832K)
[2026-04-03T01:30:36.112+0600][41.422s][info][gc             ] GC(143) Pause Young (Normal) (G1 Evacuation Pause) 187M->19M(286M) 2.186ms
[2026-04-03T01:30:36.112+0600][41.422s][info][gc,cpu         ] GC(143) User=0.00s Sys=0.00s Real=0.00s
[2026-04-03T01:30:36.332+0600][41.641s][info][gc,start       ] GC(144) Pause Young (Normal) (G1 Evacuation Pause)
[2026-04-03T01:30:36.332+0600][41.642s][info][gc,task        ] GC(144) Using 10 workers of 10 for evacuation
[2026-04-03T01:30:36.334+0600][41.643s][info][gc,phases      ] GC(144)   Pre Evacuate Collection Set: 0.22ms
[2026-04-03T01:30:36.334+0600][41.643s][info][gc,phases      ] GC(144)   Merge Heap Roots: 0.18ms
[2026-04-03T01:30:36.334+0600][41.643s][info][gc,phases      ] GC(144)   Evacuate Collection Set: 0.80ms
[2026-04-03T01:30:36.334+0600][41.643s][info][gc,phases      ] GC(144)   Post Evacuate Collection Set: 0.38ms
[2026-04-03T01:30:36.334+0600][41.643s][info][gc,phases      ] GC(144)   Other: 0.09ms
[2026-04-03T01:30:36.334+0600][41.643s][info][gc,heap        ] GC(144) Eden regions: 84->0(84)
[2026-04-03T01:30:36.334+0600][41.643s][info][gc,heap        ] GC(144) Survivor regions: 1->1(11)
[2026-04-03T01:30:36.334+0600][41.643s][info][gc,heap        ] GC(144) Old regions: 15->15
[2026-04-03T01:30:36.334+0600][41.643s][info][gc,heap        ] GC(144) Humongous regions: 0->0
[2026-04-03T01:30:36.334+0600][41.643s][info][gc,metaspace   ] GC(144) Metaspace: 55122K(55936K)->55122K(55936K) NonClass: 46636K(47104K)->46636K(47104K) Class: 8486K(8832K)->8486K(8832K)
[2026-04-03T01:30:36.334+0600][41.643s][info][gc             ] GC(144) Pause Young (Normal) (G1 Evacuation Pause) 187M->19M(286M) 1.937ms
[2026-04-03T01:30:36.334+0600][41.643s][info][gc,cpu         ] GC(144) User=0.01s Sys=0.00s Real=0.00s
[2026-04-03T01:30:36.571+0600][41.881s][info][gc,start       ] GC(145) Pause Young (Normal) (G1 Evacuation Pause)
[2026-04-03T01:30:36.571+0600][41.881s][info][gc,task        ] GC(145) Using 10 workers of 10 for evacuation
[2026-04-03T01:30:36.573+0600][41.883s][info][gc,phases      ] GC(145)   Pre Evacuate Collection Set: 0.27ms
[2026-04-03T01:30:36.573+0600][41.883s][info][gc,phases      ] GC(145)   Merge Heap Roots: 0.19ms
[2026-04-03T01:30:36.573+0600][41.883s][info][gc,phases      ] GC(145)   Evacuate Collection Set: 0.82ms
[2026-04-03T01:30:36.573+0600][41.883s][info][gc,phases      ] GC(145)   Post Evacuate Collection Set: 0.40ms
[2026-04-03T01:30:36.573+0600][41.883s][info][gc,phases      ] GC(145)   Other: 0.12ms
[2026-04-03T01:30:36.573+0600][41.883s][info][gc,heap        ] GC(145) Eden regions: 84->0(84)
[2026-04-03T01:30:36.573+0600][41.883s][info][gc,heap        ] GC(145) Survivor regions: 1->1(11)
[2026-04-03T01:30:36.573+0600][41.883s][info][gc,heap        ] GC(145) Old regions: 15->15
[2026-04-03T01:30:36.573+0600][41.883s][info][gc,heap        ] GC(145) Humongous regions: 0->0
[2026-04-03T01:30:36.574+0600][41.883s][info][gc,metaspace   ] GC(145) Metaspace: 55122K(55936K)->55122K(55936K) NonClass: 46636K(47104K)->46636K(47104K) Class: 8486K(8832K)->8486K(8832K)
[2026-04-03T01:30:36.574+0600][41.883s][info][gc             ] GC(145) Pause Young (Normal) (G1 Evacuation Pause) 187M->19M(286M) 2.217ms
[2026-04-03T01:30:36.574+0600][41.883s][info][gc,cpu         ] GC(145) User=0.01s Sys=0.00s Real=0.00s
[2026-04-03T01:30:36.810+0600][42.119s][info][gc,start       ] GC(146) Pause Young (Normal) (G1 Evacuation Pause)
[2026-04-03T01:30:36.810+0600][42.120s][info][gc,task        ] GC(146) Using 10 workers of 10 for evacuation
[2026-04-03T01:30:36.812+0600][42.121s][info][gc,phases      ] GC(146)   Pre Evacuate Collection Set: 0.19ms
[2026-04-03T01:30:36.812+0600][42.121s][info][gc,phases      ] GC(146)   Merge Heap Roots: 0.15ms
[2026-04-03T01:30:36.812+0600][42.121s][info][gc,phases      ] GC(146)   Evacuate Collection Set: 0.77ms
[2026-04-03T01:30:36.812+0600][42.121s][info][gc,phases      ] GC(146)   Post Evacuate Collection Set: 0.36ms
[2026-04-03T01:30:36.812+0600][42.121s][info][gc,phases      ] GC(146)   Other: 0.09ms
[2026-04-03T01:30:36.812+0600][42.121s][info][gc,heap        ] GC(146) Eden regions: 84->0(84)
[2026-04-03T01:30:36.812+0600][42.121s][info][gc,heap        ] GC(146) Survivor regions: 1->1(11)
[2026-04-03T01:30:36.812+0600][42.121s][info][gc,heap        ] GC(146) Old regions: 15->15
[2026-04-03T01:30:36.812+0600][42.121s][info][gc,heap        ] GC(146) Humongous regions: 0->0
[2026-04-03T01:30:36.812+0600][42.121s][info][gc,metaspace   ] GC(146) Metaspace: 55122K(55936K)->55122K(55936K) NonClass: 46636K(47104K)->46636K(47104K) Class: 8486K(8832K)->8486K(8832K)
[2026-04-03T01:30:36.812+0600][42.121s][info][gc             ] GC(146) Pause Young (Normal) (G1 Evacuation Pause) 187M->19M(286M) 1.861ms
[2026-04-03T01:30:36.812+0600][42.121s][info][gc,cpu         ] GC(146) User=0.01s Sys=0.00s Real=0.00s
[2026-04-03T01:30:37.029+0600][42.338s][info][gc,start       ] GC(147) Pause Young (Normal) (G1 Evacuation Pause)
[2026-04-03T01:30:37.029+0600][42.338s][info][gc,task        ] GC(147) Using 10 workers of 10 for evacuation
[2026-04-03T01:30:37.031+0600][42.340s][info][gc,phases      ] GC(147)   Pre Evacuate Collection Set: 0.19ms
[2026-04-03T01:30:37.031+0600][42.340s][info][gc,phases      ] GC(147)   Merge Heap Roots: 0.13ms
[2026-04-03T01:30:37.031+0600][42.340s][info][gc,phases      ] GC(147)   Evacuate Collection Set: 0.74ms
[2026-04-03T01:30:37.031+0600][42.340s][info][gc,phases      ] GC(147)   Post Evacuate Collection Set: 0.37ms
[2026-04-03T01:30:37.031+0600][42.340s][info][gc,phases      ] GC(147)   Other: 0.09ms
[2026-04-03T01:30:37.031+0600][42.340s][info][gc,heap        ] GC(147) Eden regions: 84->0(84)
[2026-04-03T01:30:37.031+0600][42.340s][info][gc,heap        ] GC(147) Survivor regions: 1->1(11)
[2026-04-03T01:30:37.031+0600][42.340s][info][gc,heap        ] GC(147) Old regions: 15->15
[2026-04-03T01:30:37.031+0600][42.340s][info][gc,heap        ] GC(147) Humongous regions: 0->0
[2026-04-03T01:30:37.031+0600][42.340s][info][gc,metaspace   ] GC(147) Metaspace: 55122K(55936K)->55122K(55936K) NonClass: 46636K(47104K)->46636K(47104K) Class: 8486K(8832K)->8486K(8832K)
[2026-04-03T01:30:37.031+0600][42.340s][info][gc             ] GC(147) Pause Young (Normal) (G1 Evacuation Pause) 187M->19M(286M) 1.792ms
[2026-04-03T01:30:37.031+0600][42.340s][info][gc,cpu         ] GC(147) User=0.01s Sys=0.00s Real=0.01s
[2026-04-03T01:30:37.254+0600][42.563s][info][gc,start       ] GC(148) Pause Young (Normal) (G1 Evacuation Pause)
[2026-04-03T01:30:37.254+0600][42.563s][info][gc,task        ] GC(148) Using 10 workers of 10 for evacuation
[2026-04-03T01:30:37.255+0600][42.565s][info][gc,phases      ] GC(148)   Pre Evacuate Collection Set: 0.20ms
[2026-04-03T01:30:37.255+0600][42.565s][info][gc,phases      ] GC(148)   Merge Heap Roots: 0.13ms
[2026-04-03T01:30:37.255+0600][42.565s][info][gc,phases      ] GC(148)   Evacuate Collection Set: 0.78ms
[2026-04-03T01:30:37.255+0600][42.565s][info][gc,phases      ] GC(148)   Post Evacuate Collection Set: 0.35ms
[2026-04-03T01:30:37.255+0600][42.565s][info][gc,phases      ] GC(148)   Other: 0.09ms
[2026-04-03T01:30:37.255+0600][42.565s][info][gc,heap        ] GC(148) Eden regions: 84->0(84)
[2026-04-03T01:30:37.256+0600][42.565s][info][gc,heap        ] GC(148) Survivor regions: 1->1(11)
[2026-04-03T01:30:37.256+0600][42.565s][info][gc,heap        ] GC(148) Old regions: 15->15
[2026-04-03T01:30:37.256+0600][42.565s][info][gc,heap        ] GC(148) Humongous regions: 0->0
[2026-04-03T01:30:37.256+0600][42.565s][info][gc,metaspace   ] GC(148) Metaspace: 55130K(55936K)->55130K(55936K) NonClass: 46643K(47104K)->46643K(47104K) Class: 8486K(8832K)->8486K(8832K)
[2026-04-03T01:30:37.256+0600][42.565s][info][gc             ] GC(148) Pause Young (Normal) (G1 Evacuation Pause) 187M->19M(286M) 1.823ms
[2026-04-03T01:30:37.256+0600][42.565s][info][gc,cpu         ] GC(148) User=0.01s Sys=0.00s Real=0.00s
[2026-04-03T01:30:37.479+0600][42.788s][info][gc,start       ] GC(149) Pause Young (Normal) (G1 Evacuation Pause)
[2026-04-03T01:30:37.479+0600][42.788s][info][gc,task        ] GC(149) Using 10 workers of 10 for evacuation
[2026-04-03T01:30:37.481+0600][42.790s][info][gc,phases      ] GC(149)   Pre Evacuate Collection Set: 0.19ms
[2026-04-03T01:30:37.481+0600][42.790s][info][gc,phases      ] GC(149)   Merge Heap Roots: 0.13ms
[2026-04-03T01:30:37.481+0600][42.790s][info][gc,phases      ] GC(149)   Evacuate Collection Set: 0.77ms
[2026-04-03T01:30:37.481+0600][42.790s][info][gc,phases      ] GC(149)   Post Evacuate Collection Set: 0.35ms
[2026-04-03T01:30:37.481+0600][42.790s][info][gc,phases      ] GC(149)   Other: 0.11ms
[2026-04-03T01:30:37.481+0600][42.790s][info][gc,heap        ] GC(149) Eden regions: 84->0(84)
[2026-04-03T01:30:37.481+0600][42.790s][info][gc,heap        ] GC(149) Survivor regions: 1->1(11)
[2026-04-03T01:30:37.481+0600][42.790s][info][gc,heap        ] GC(149) Old regions: 15->15
[2026-04-03T01:30:37.481+0600][42.790s][info][gc,heap        ] GC(149) Humongous regions: 0->0
[2026-04-03T01:30:37.481+0600][42.790s][info][gc,metaspace   ] GC(149) Metaspace: 55130K(55936K)->55130K(55936K) NonClass: 46643K(47104K)->46643K(47104K) Class: 8486K(8832K)->8486K(8832K)
[2026-04-03T01:30:37.481+0600][42.790s][info][gc             ] GC(149) Pause Young (Normal) (G1 Evacuation Pause) 187M->19M(286M) 1.852ms
[2026-04-03T01:30:37.481+0600][42.790s][info][gc,cpu         ] GC(149) User=0.01s Sys=0.00s Real=0.01s
[2026-04-03T01:30:37.698+0600][43.007s][info][gc,start       ] GC(150) Pause Young (Normal) (G1 Evacuation Pause)
[2026-04-03T01:30:37.698+0600][43.007s][info][gc,task        ] GC(150) Using 10 workers of 10 for evacuation
[2026-04-03T01:30:37.699+0600][43.009s][info][gc,phases      ] GC(150)   Pre Evacuate Collection Set: 0.19ms
[2026-04-03T01:30:37.699+0600][43.009s][info][gc,phases      ] GC(150)   Merge Heap Roots: 0.15ms
[2026-04-03T01:30:37.699+0600][43.009s][info][gc,phases      ] GC(150)   Evacuate Collection Set: 0.79ms
[2026-04-03T01:30:37.699+0600][43.009s][info][gc,phases      ] GC(150)   Post Evacuate Collection Set: 0.36ms
[2026-04-03T01:30:37.699+0600][43.009s][info][gc,phases      ] GC(150)   Other: 0.10ms
[2026-04-03T01:30:37.699+0600][43.009s][info][gc,heap        ] GC(150) Eden regions: 84->0(84)
[2026-04-03T01:30:37.699+0600][43.009s][info][gc,heap        ] GC(150) Survivor regions: 1->1(11)
[2026-04-03T01:30:37.699+0600][43.009s][info][gc,heap        ] GC(150) Old regions: 15->15
[2026-04-03T01:30:37.700+0600][43.009s][info][gc,heap        ] GC(150) Humongous regions: 0->0
[2026-04-03T01:30:37.700+0600][43.009s][info][gc,metaspace   ] GC(150) Metaspace: 55130K(55936K)->55130K(55936K) NonClass: 46643K(47104K)->46643K(47104K) Class: 8486K(8832K)->8486K(8832K)
[2026-04-03T01:30:37.700+0600][43.009s][info][gc             ] GC(150) Pause Young (Normal) (G1 Evacuation Pause) 187M->19M(286M) 1.971ms
[2026-04-03T01:30:37.700+0600][43.009s][info][gc,cpu         ] GC(150) User=0.01s Sys=0.00s Real=0.00s
[2026-04-03T01:30:37.917+0600][43.226s][info][gc,start       ] GC(151) Pause Young (Normal) (G1 Evacuation Pause)
[2026-04-03T01:30:37.917+0600][43.227s][info][gc,task        ] GC(151) Using 10 workers of 10 for evacuation
[2026-04-03T01:30:37.919+0600][43.228s][info][gc,phases      ] GC(151)   Pre Evacuate Collection Set: 0.21ms
[2026-04-03T01:30:37.919+0600][43.228s][info][gc,phases      ] GC(151)   Merge Heap Roots: 0.14ms
[2026-04-03T01:30:37.919+0600][43.228s][info][gc,phases      ] GC(151)   Evacuate Collection Set: 0.82ms
[2026-04-03T01:30:37.919+0600][43.228s][info][gc,phases      ] GC(151)   Post Evacuate Collection Set: 0.37ms
[2026-04-03T01:30:37.919+0600][43.228s][info][gc,phases      ] GC(151)   Other: 0.11ms
[2026-04-03T01:30:37.919+0600][43.228s][info][gc,heap        ] GC(151) Eden regions: 84->0(84)
[2026-04-03T01:30:37.919+0600][43.228s][info][gc,heap        ] GC(151) Survivor regions: 1->1(11)
[2026-04-03T01:30:37.919+0600][43.228s][info][gc,heap        ] GC(151) Old regions: 15->15
[2026-04-03T01:30:37.919+0600][43.228s][info][gc,heap        ] GC(151) Humongous regions: 0->0
[2026-04-03T01:30:37.919+0600][43.228s][info][gc,metaspace   ] GC(151) Metaspace: 55130K(55936K)->55130K(55936K) NonClass: 46643K(47104K)->46643K(47104K) Class: 8486K(8832K)->8486K(8832K)
[2026-04-03T01:30:37.919+0600][43.228s][info][gc             ] GC(151) Pause Young (Normal) (G1 Evacuation Pause) 187M->19M(286M) 1.948ms
[2026-04-03T01:30:37.919+0600][43.228s][info][gc,cpu         ] GC(151) User=0.01s Sys=0.00s Real=0.00s
[2026-04-03T01:30:38.134+0600][43.443s][info][gc,start       ] GC(152) Pause Young (Normal) (G1 Evacuation Pause)
[2026-04-03T01:30:38.134+0600][43.443s][info][gc,task        ] GC(152) Using 10 workers of 10 for evacuation
[2026-04-03T01:30:38.136+0600][43.445s][info][gc,phases      ] GC(152)   Pre Evacuate Collection Set: 0.19ms
[2026-04-03T01:30:38.136+0600][43.445s][info][gc,phases      ] GC(152)   Merge Heap Roots: 0.13ms
[2026-04-03T01:30:38.136+0600][43.445s][info][gc,phases      ] GC(152)   Evacuate Collection Set: 0.81ms
[2026-04-03T01:30:38.136+0600][43.445s][info][gc,phases      ] GC(152)   Post Evacuate Collection Set: 0.38ms
[2026-04-03T01:30:38.136+0600][43.445s][info][gc,phases      ] GC(152)   Other: 0.10ms
[2026-04-03T01:30:38.136+0600][43.445s][info][gc,heap        ] GC(152) Eden regions: 84->0(84)
[2026-04-03T01:30:38.136+0600][43.445s][info][gc,heap        ] GC(152) Survivor regions: 1->1(11)
[2026-04-03T01:30:38.136+0600][43.445s][info][gc,heap        ] GC(152) Old regions: 15->15
[2026-04-03T01:30:38.136+0600][43.445s][info][gc,heap        ] GC(152) Humongous regions: 0->0
[2026-04-03T01:30:38.136+0600][43.445s][info][gc,metaspace   ] GC(152) Metaspace: 55130K(55936K)->55130K(55936K) NonClass: 46643K(47104K)->46643K(47104K) Class: 8486K(8832K)->8486K(8832K)
[2026-04-03T01:30:38.136+0600][43.445s][info][gc             ] GC(152) Pause Young (Normal) (G1 Evacuation Pause) 187M->19M(286M) 1.894ms
[2026-04-03T01:30:38.136+0600][43.445s][info][gc,cpu         ] GC(152) User=0.01s Sys=0.00s Real=0.00s
[2026-04-03T01:30:38.378+0600][43.688s][info][gc,start       ] GC(153) Pause Young (Normal) (G1 Evacuation Pause)
[2026-04-03T01:30:38.379+0600][43.688s][info][gc,task        ] GC(153) Using 10 workers of 10 for evacuation
[2026-04-03T01:30:38.381+0600][43.690s][info][gc,phases      ] GC(153)   Pre Evacuate Collection Set: 0.58ms
[2026-04-03T01:30:38.381+0600][43.690s][info][gc,phases      ] GC(153)   Merge Heap Roots: 0.16ms
[2026-04-03T01:30:38.381+0600][43.690s][info][gc,phases      ] GC(153)   Evacuate Collection Set: 0.88ms
[2026-04-03T01:30:38.381+0600][43.690s][info][gc,phases      ] GC(153)   Post Evacuate Collection Set: 0.50ms
[2026-04-03T01:30:38.381+0600][43.690s][info][gc,phases      ] GC(153)   Other: 0.13ms
[2026-04-03T01:30:38.381+0600][43.690s][info][gc,heap        ] GC(153) Eden regions: 84->0(84)
[2026-04-03T01:30:38.381+0600][43.690s][info][gc,heap        ] GC(153) Survivor regions: 1->1(11)
[2026-04-03T01:30:38.381+0600][43.690s][info][gc,heap        ] GC(153) Old regions: 15->15
[2026-04-03T01:30:38.381+0600][43.690s][info][gc,heap        ] GC(153) Humongous regions: 0->0
[2026-04-03T01:30:38.381+0600][43.690s][info][gc,metaspace   ] GC(153) Metaspace: 55130K(55936K)->55130K(55936K) NonClass: 46643K(47104K)->46643K(47104K) Class: 8486K(8832K)->8486K(8832K)
[2026-04-03T01:30:38.381+0600][43.690s][info][gc             ] GC(153) Pause Young (Normal) (G1 Evacuation Pause) 187M->19M(286M) 2.658ms
[2026-04-03T01:30:38.381+0600][43.690s][info][gc,cpu         ] GC(153) User=0.01s Sys=0.00s Real=0.01s
[2026-04-03T01:30:38.638+0600][43.947s][info][gc,start       ] GC(154) Pause Young (Normal) (G1 Evacuation Pause)
[2026-04-03T01:30:38.638+0600][43.947s][info][gc,task        ] GC(154) Using 10 workers of 10 for evacuation
[2026-04-03T01:30:38.640+0600][43.949s][info][gc,phases      ] GC(154)   Pre Evacuate Collection Set: 0.17ms
[2026-04-03T01:30:38.640+0600][43.949s][info][gc,phases      ] GC(154)   Merge Heap Roots: 0.12ms
[2026-04-03T01:30:38.640+0600][43.949s][info][gc,phases      ] GC(154)   Evacuate Collection Set: 0.88ms
[2026-04-03T01:30:38.640+0600][43.949s][info][gc,phases      ] GC(154)   Post Evacuate Collection Set: 0.38ms
[2026-04-03T01:30:38.640+0600][43.949s][info][gc,phases      ] GC(154)   Other: 0.10ms
[2026-04-03T01:30:38.640+0600][43.949s][info][gc,heap        ] GC(154) Eden regions: 84->0(84)
[2026-04-03T01:30:38.640+0600][43.949s][info][gc,heap        ] GC(154) Survivor regions: 1->1(11)
[2026-04-03T01:30:38.640+0600][43.949s][info][gc,heap        ] GC(154) Old regions: 15->15
[2026-04-03T01:30:38.640+0600][43.949s][info][gc,heap        ] GC(154) Humongous regions: 0->0
[2026-04-03T01:30:38.640+0600][43.949s][info][gc,metaspace   ] GC(154) Metaspace: 55131K(55936K)->55131K(55936K) NonClass: 46644K(47104K)->46644K(47104K) Class: 8486K(8832K)->8486K(8832K)
[2026-04-03T01:30:38.640+0600][43.949s][info][gc             ] GC(154) Pause Young (Normal) (G1 Evacuation Pause) 187M->19M(286M) 1.976ms
[2026-04-03T01:30:38.640+0600][43.949s][info][gc,cpu         ] GC(154) User=0.01s Sys=0.00s Real=0.01s
[2026-04-03T01:30:38.875+0600][44.185s][info][gc,start       ] GC(155) Pause Young (Normal) (G1 Evacuation Pause)
[2026-04-03T01:30:38.875+0600][44.185s][info][gc,task        ] GC(155) Using 10 workers of 10 for evacuation
[2026-04-03T01:30:38.877+0600][44.186s][info][gc,phases      ] GC(155)   Pre Evacuate Collection Set: 0.21ms
[2026-04-03T01:30:38.877+0600][44.187s][info][gc,phases      ] GC(155)   Merge Heap Roots: 0.12ms
[2026-04-03T01:30:38.877+0600][44.187s][info][gc,phases      ] GC(155)   Evacuate Collection Set: 1.01ms
[2026-04-03T01:30:38.877+0600][44.187s][info][gc,phases      ] GC(155)   Post Evacuate Collection Set: 0.35ms
[2026-04-03T01:30:38.877+0600][44.187s][info][gc,phases      ] GC(155)   Other: 0.10ms
[2026-04-03T01:30:38.877+0600][44.187s][info][gc,heap        ] GC(155) Eden regions: 84->0(84)
[2026-04-03T01:30:38.877+0600][44.187s][info][gc,heap        ] GC(155) Survivor regions: 1->1(11)
[2026-04-03T01:30:38.877+0600][44.187s][info][gc,heap        ] GC(155) Old regions: 15->15
[2026-04-03T01:30:38.877+0600][44.187s][info][gc,heap        ] GC(155) Humongous regions: 0->0
[2026-04-03T01:30:38.877+0600][44.187s][info][gc,metaspace   ] GC(155) Metaspace: 55131K(55936K)->55131K(55936K) NonClass: 46644K(47104K)->46644K(47104K) Class: 8486K(8832K)->8486K(8832K)
[2026-04-03T01:30:38.877+0600][44.187s][info][gc             ] GC(155) Pause Young (Normal) (G1 Evacuation Pause) 187M->19M(286M) 2.072ms
[2026-04-03T01:30:38.877+0600][44.187s][info][gc,cpu         ] GC(155) User=0.01s Sys=0.00s Real=0.00s
[2026-04-03T01:30:39.097+0600][44.406s][info][gc,start       ] GC(156) Pause Young (Normal) (G1 Evacuation Pause)
[2026-04-03T01:30:39.097+0600][44.406s][info][gc,task        ] GC(156) Using 10 workers of 10 for evacuation
[2026-04-03T01:30:39.099+0600][44.408s][info][gc,phases      ] GC(156)   Pre Evacuate Collection Set: 0.19ms
[2026-04-03T01:30:39.120+0600][44.430s][info][gc,phases      ] GC(156)   Merge Heap Roots: 0.13ms
[2026-04-03T01:30:39.120+0600][44.430s][info][gc,phases      ] GC(156)   Evacuate Collection Set: 0.82ms
[2026-04-03T01:30:39.120+0600][44.430s][info][gc,phases      ] GC(156)   Post Evacuate Collection Set: 0.36ms
[2026-04-03T01:30:39.120+0600][44.430s][info][gc,phases      ] GC(156)   Other: 0.09ms
[2026-04-03T01:30:39.120+0600][44.430s][info][gc,heap        ] GC(156) Eden regions: 84->0(84)
[2026-04-03T01:30:39.120+0600][44.430s][info][gc,heap        ] GC(156) Survivor regions: 1->1(11)
[2026-04-03T01:30:39.120+0600][44.430s][info][gc,heap        ] GC(156) Old regions: 15->15
[2026-04-03T01:30:39.120+0600][44.430s][info][gc,heap        ] GC(156) Humongous regions: 0->0
[2026-04-03T01:30:39.120+0600][44.430s][info][gc,metaspace   ] GC(156) Metaspace: 55131K(55936K)->55131K(55936K) NonClass: 46644K(47104K)->46644K(47104K) Class: 8486K(8832K)->8486K(8832K)
[2026-04-03T01:30:39.121+0600][44.430s][info][gc             ] GC(156) Pause Young (Normal) (G1 Evacuation Pause) 187M->19M(286M) 23.522ms
[2026-04-03T01:30:39.121+0600][44.430s][info][gc,cpu         ] GC(156) User=0.01s Sys=0.00s Real=0.03s
[2026-04-03T01:30:39.336+0600][44.645s][info][gc,start       ] GC(157) Pause Young (Normal) (G1 Evacuation Pause)
[2026-04-03T01:30:39.336+0600][44.646s][info][gc,task        ] GC(157) Using 10 workers of 10 for evacuation
[2026-04-03T01:30:39.338+0600][44.647s][info][gc,phases      ] GC(157)   Pre Evacuate Collection Set: 0.19ms
[2026-04-03T01:30:39.338+0600][44.647s][info][gc,phases      ] GC(157)   Merge Heap Roots: 0.12ms
[2026-04-03T01:30:39.338+0600][44.647s][info][gc,phases      ] GC(157)   Evacuate Collection Set: 0.89ms
[2026-04-03T01:30:39.338+0600][44.647s][info][gc,phases      ] GC(157)   Post Evacuate Collection Set: 0.51ms
[2026-04-03T01:30:39.338+0600][44.647s][info][gc,phases      ] GC(157)   Other: 0.12ms
[2026-04-03T01:30:39.338+0600][44.647s][info][gc,heap        ] GC(157) Eden regions: 84->0(84)
[2026-04-03T01:30:39.338+0600][44.647s][info][gc,heap        ] GC(157) Survivor regions: 1->1(11)
[2026-04-03T01:30:39.338+0600][44.647s][info][gc,heap        ] GC(157) Old regions: 15->15
[2026-04-03T01:30:39.338+0600][44.648s][info][gc,heap        ] GC(157) Humongous regions: 0->0
[2026-04-03T01:30:39.338+0600][44.648s][info][gc,metaspace   ] GC(157) Metaspace: 55131K(55936K)->55131K(55936K) NonClass: 46644K(47104K)->46644K(47104K) Class: 8486K(8832K)->8486K(8832K)
[2026-04-03T01:30:39.338+0600][44.648s][info][gc             ] GC(157) Pause Young (Normal) (G1 Evacuation Pause) 187M->19M(286M) 2.111ms
[2026-04-03T01:30:39.338+0600][44.648s][info][gc,cpu         ] GC(157) User=0.01s Sys=0.00s Real=0.00s
[2026-04-03T01:30:39.565+0600][44.874s][info][gc,start       ] GC(158) Pause Young (Normal) (G1 Evacuation Pause)
[2026-04-03T01:30:39.565+0600][44.874s][info][gc,task        ] GC(158) Using 10 workers of 10 for evacuation
[2026-04-03T01:30:39.566+0600][44.876s][info][gc,phases      ] GC(158)   Pre Evacuate Collection Set: 0.19ms
[2026-04-03T01:30:39.567+0600][44.876s][info][gc,phases      ] GC(158)   Merge Heap Roots: 0.16ms
[2026-04-03T01:30:39.567+0600][44.876s][info][gc,phases      ] GC(158)   Evacuate Collection Set: 0.76ms
[2026-04-03T01:30:39.567+0600][44.876s][info][gc,phases      ] GC(158)   Post Evacuate Collection Set: 0.41ms
[2026-04-03T01:30:39.567+0600][44.876s][info][gc,phases      ] GC(158)   Other: 0.11ms
[2026-04-03T01:30:39.567+0600][44.876s][info][gc,heap        ] GC(158) Eden regions: 84->0(84)
[2026-04-03T01:30:39.567+0600][44.876s][info][gc,heap        ] GC(158) Survivor regions: 1->1(11)
[2026-04-03T01:30:39.567+0600][44.876s][info][gc,heap        ] GC(158) Old regions: 15->15
[2026-04-03T01:30:39.567+0600][44.876s][info][gc,heap        ] GC(158) Humongous regions: 0->0
[2026-04-03T01:30:39.567+0600][44.876s][info][gc,metaspace   ] GC(158) Metaspace: 55131K(55936K)->55131K(55936K) NonClass: 46644K(47104K)->46644K(47104K) Class: 8486K(8832K)->8486K(8832K)
[2026-04-03T01:30:39.567+0600][44.876s][info][gc             ] GC(158) Pause Young (Normal) (G1 Evacuation Pause) 187M->19M(286M) 1.922ms
[2026-04-03T01:30:39.567+0600][44.876s][info][gc,cpu         ] GC(158) User=0.01s Sys=0.00s Real=0.00s
[2026-04-03T01:30:39.790+0600][45.099s][info][gc,start       ] GC(159) Pause Young (Normal) (G1 Evacuation Pause)
[2026-04-03T01:30:39.790+0600][45.099s][info][gc,task        ] GC(159) Using 10 workers of 10 for evacuation
[2026-04-03T01:30:39.792+0600][45.101s][info][gc,phases      ] GC(159)   Pre Evacuate Collection Set: 0.18ms
[2026-04-03T01:30:39.792+0600][45.101s][info][gc,phases      ] GC(159)   Merge Heap Roots: 0.16ms
[2026-04-03T01:30:39.792+0600][45.101s][info][gc,phases      ] GC(159)   Evacuate Collection Set: 0.82ms
[2026-04-03T01:30:39.792+0600][45.101s][info][gc,phases      ] GC(159)   Post Evacuate Collection Set: 0.58ms
[2026-04-03T01:30:39.792+0600][45.101s][info][gc,phases      ] GC(159)   Other: 0.10ms
[2026-04-03T01:30:39.792+0600][45.101s][info][gc,heap        ] GC(159) Eden regions: 84->0(84)
[2026-04-03T01:30:39.792+0600][45.101s][info][gc,heap        ] GC(159) Survivor regions: 1->1(11)
[2026-04-03T01:30:39.792+0600][45.101s][info][gc,heap        ] GC(159) Old regions: 15->15
[2026-04-03T01:30:39.792+0600][45.101s][info][gc,heap        ] GC(159) Humongous regions: 0->0
[2026-04-03T01:30:39.792+0600][45.101s][info][gc,metaspace   ] GC(159) Metaspace: 55131K(55936K)->55131K(55936K) NonClass: 46644K(47104K)->46644K(47104K) Class: 8486K(8832K)->8486K(8832K)
[2026-04-03T01:30:39.792+0600][45.101s][info][gc             ] GC(159) Pause Young (Normal) (G1 Evacuation Pause) 187M->19M(286M) 2.199ms
[2026-04-03T01:30:39.792+0600][45.101s][info][gc,cpu         ] GC(159) User=0.01s Sys=0.00s Real=0.00s
[2026-04-03T01:30:40.095+0600][45.405s][info][gc,heap,exit   ] Heap
[2026-04-03T01:30:40.095+0600][45.405s][info][gc,heap,exit   ]  garbage-first heap   total 292864K, used 155245K [0x000000070ae00000, 0x0000000800000000)
[2026-04-03T01:30:40.095+0600][45.405s][info][gc,heap,exit   ]   region size 2048K, 67 young (137216K), 1 survivors (2048K)
[2026-04-03T01:30:40.095+0600][45.405s][info][gc,heap,exit   ]  Metaspace       used 55531K, committed 56128K, reserved 1114112K
[2026-04-03T01:30:40.095+0600][45.405s][info][gc,heap,exit   ]   class space    used 8617K, committed 8960K, reserved 1048576K
