[2026-04-03T01:33:40.842+0600][0.008s][info][gc] Heuristics ergonomically sets -XX:+ExplicitGCInvokesConcurrent
[2026-04-03T01:33:40.842+0600][0.008s][info][gc] Heuristics ergonomically sets -XX:+ShenandoahImplicitGCInvokesConcurrent
[2026-04-03T01:33:40.843+0600][0.009s][info][gc] Using Shenandoah
[2026-04-03T01:33:40.844+0600][0.010s][info][gc,ergo] Pacer for Idle. Initial: 80302K, Alloc Tax Rate: 1.0x
[2026-04-03T01:33:40.845+0600][0.010s][info][gc,init] Version: 21.0.10+7-Ubuntu-124.04 (release)
[2026-04-03T01:33:40.845+0600][0.011s][info][gc,init] CPUs: 12 total, 12 available
[2026-04-03T01:33:40.845+0600][0.011s][info][gc,init] Memory: 15683M
[2026-04-03T01:33:40.845+0600][0.011s][info][gc,init] Large Page Support: Disabled
[2026-04-03T01:33:40.845+0600][0.011s][info][gc,init] NUMA Support: Disabled
[2026-04-03T01:33:40.845+0600][0.011s][info][gc,init] Compressed Oops: Enabled (Zero based)
[2026-04-03T01:33:40.845+0600][0.011s][info][gc,init] Heap Min Capacity: 7M
[2026-04-03T01:33:40.845+0600][0.011s][info][gc,init] Heap Initial Capacity: 246M
[2026-04-03T01:33:40.845+0600][0.011s][info][gc,init] Heap Max Capacity: 3921M
[2026-04-03T01:33:40.845+0600][0.011s][info][gc,init] Pre-touch: Disabled
[2026-04-03T01:33:40.845+0600][0.011s][info][gc,init] Mode: Snapshot-At-The-Beginning (SATB)
[2026-04-03T01:33:40.845+0600][0.011s][info][gc,init] Heuristics: Adaptive
[2026-04-03T01:33:40.845+0600][0.011s][info][gc,init] Heap Region Count: 3921
[2026-04-03T01:33:40.845+0600][0.011s][info][gc,init] Heap Region Size: 1M
[2026-04-03T01:33:40.845+0600][0.011s][info][gc,init] TLAB Size Max: 1M
[2026-04-03T01:33:40.845+0600][0.011s][info][gc,init] Humongous Object Threshold: 1M
[2026-04-03T01:33:40.845+0600][0.011s][info][gc,init] Parallel Workers: 6
[2026-04-03T01:33:40.845+0600][0.011s][info][gc,init] Concurrent Workers: 3
[2026-04-03T01:33:40.864+0600][0.029s][info][gc,metaspace] CDS archive(s) mapped at: [0x00007d1b97000000-0x00007d1b97c9c000-0x00007d1b97c9c000), size 13221888, SharedBaseAddress: 0x00007d1b97000000, ArchiveRelocationMode: 1.
[2026-04-03T01:33:40.864+0600][0.030s][info][gc,metaspace] Compressed class space mapped at: 0x00007d1b98000000-0x00007d1bd8000000, reserved size: 1073741824
[2026-04-03T01:33:40.864+0600][0.030s][info][gc,metaspace] Narrow klass base: 0x00007d1b97000000, Narrow klass shift: 0, Narrow klass range: 0x100000000
[2026-04-03T01:33:43.397+0600][2.562s][info][gc          ] Trigger: Metadata GC Threshold
[2026-04-03T01:33:43.397+0600][2.563s][info][gc,ergo     ] Free: 3320M, Max: 1024K regular, 3320M humongous, Frag: 0% external, 0% internal; Reserve: 197M, Max: 1024K
[2026-04-03T01:33:43.397+0600][2.563s][info][gc,start    ] GC(0) Concurrent reset
[2026-04-03T01:33:43.398+0600][2.563s][info][gc,task     ] GC(0) Using 3 of 6 workers for concurrent reset
[2026-04-03T01:33:43.398+0600][2.563s][info][gc,ergo     ] GC(0) Pacer for Reset. Non-Taxable: 3921M
[2026-04-03T01:33:43.398+0600][2.564s][info][gc          ] GC(0) Concurrent reset 1.280ms
[2026-04-03T01:33:43.398+0600][2.564s][info][gc,start    ] GC(0) Pause Init Mark (unload classes)
[2026-04-03T01:33:43.399+0600][2.565s][info][gc,task     ] GC(0) Using 6 of 6 workers for init marking
[2026-04-03T01:33:43.399+0600][2.565s][info][gc,ergo     ] GC(0) Pacer for Mark. Expected Live: 392M, Free: 3320M, Non-Taxable: 332M, Alloc Tax Rate: 0.1x
[2026-04-03T01:33:43.399+0600][2.565s][info][gc          ] GC(0) Pause Init Mark (unload classes) 0.895ms
[2026-04-03T01:33:43.399+0600][2.565s][info][gc,start    ] GC(0) Concurrent marking roots
[2026-04-03T01:33:43.399+0600][2.565s][info][gc,task     ] GC(0) Using 3 of 6 workers for concurrent marking roots
[2026-04-03T01:33:43.401+0600][2.567s][info][gc          ] GC(0) Concurrent marking roots 1.278ms
[2026-04-03T01:33:43.401+0600][2.567s][info][gc,start    ] GC(0) Concurrent marking (unload classes)
[2026-04-03T01:33:43.401+0600][2.567s][info][gc,task     ] GC(0) Using 3 of 6 workers for concurrent marking
[2026-04-03T01:33:43.411+0600][2.577s][info][gc          ] GC(0) Concurrent marking (unload classes) 10.663ms
[2026-04-03T01:33:43.412+0600][2.578s][info][gc,start    ] GC(0) Pause Final Mark (unload classes)
[2026-04-03T01:33:43.412+0600][2.578s][info][gc,task     ] GC(0) Using 6 of 6 workers for final marking
[2026-04-03T01:33:43.412+0600][2.578s][info][gc,ergo     ] GC(0) Adaptive CSet Selection. Target Free: 555M, Actual Free: 3516M, Max CSet: 163M, Min Garbage: 0B
[2026-04-03T01:33:43.412+0600][2.578s][info][gc,ergo     ] GC(0) Collectable Garbage: 396M (99%), Immediate: 0B (0%), CSet: 396M (99%)
[2026-04-03T01:33:43.412+0600][2.578s][info][gc,ergo     ] GC(0) Pacer for Evacuation. Used CSet: 403M, Free: 3319M, Non-Taxable: 331M, Alloc Tax Rate: 1.1x
[2026-04-03T01:33:43.412+0600][2.578s][info][gc          ] GC(0) Pause Final Mark (unload classes) 0.607ms
[2026-04-03T01:33:43.413+0600][2.578s][info][gc,start    ] GC(0) Concurrent thread roots
[2026-04-03T01:33:43.413+0600][2.578s][info][gc,task     ] GC(0) Using 3 of 6 workers for Concurrent thread roots
[2026-04-03T01:33:43.413+0600][2.579s][info][gc          ] GC(0) Concurrent thread roots 0.427ms
[2026-04-03T01:33:43.413+0600][2.579s][info][gc,start    ] GC(0) Concurrent weak references
[2026-04-03T01:33:43.413+0600][2.579s][info][gc,task     ] GC(0) Using 3 of 6 workers for concurrent weak references
[2026-04-03T01:33:43.414+0600][2.580s][info][gc,ref      ] GC(0) Encountered references: Soft: 3375, Weak: 1328, Final: 0, Phantom: 251
[2026-04-03T01:33:43.414+0600][2.580s][info][gc,ref      ] GC(0) Discovered  references: Soft: 0, Weak: 1029, Final: 0, Phantom: 163
[2026-04-03T01:33:43.414+0600][2.580s][info][gc,ref      ] GC(0) Enqueued    references: Soft: 0, Weak: 397, Final: 0, Phantom: 1
[2026-04-03T01:33:43.414+0600][2.580s][info][gc          ] GC(0) Concurrent weak references 0.761ms
[2026-04-03T01:33:43.414+0600][2.580s][info][gc,start    ] GC(0) Concurrent weak roots
[2026-04-03T01:33:43.414+0600][2.580s][info][gc,task     ] GC(0) Using 3 of 6 workers for concurrent weak root
[2026-04-03T01:33:43.415+0600][2.581s][info][gc          ] GC(0) Concurrent weak roots 1.345ms
[2026-04-03T01:33:43.415+0600][2.581s][info][gc,start    ] GC(0) Concurrent cleanup
[2026-04-03T01:33:43.416+0600][2.582s][info][gc          ] GC(0) Concurrent cleanup 406M->406M(407M) 0.666ms
[2026-04-03T01:33:43.416+0600][2.582s][info][gc,ergo     ] GC(0) Free: 3318M, Max: 1024K regular, 3318M humongous, Frag: 0% external, 0% internal; Reserve: 196M, Max: 1024K
[2026-04-03T01:33:43.416+0600][2.582s][info][gc,start    ] GC(0) Concurrent class unloading
[2026-04-03T01:33:43.416+0600][2.582s][info][gc,task     ] GC(0) Using 3 of 6 workers for concurrent class unloading
[2026-04-03T01:33:43.418+0600][2.584s][info][gc          ] GC(0) Concurrent class unloading 2.158ms
[2026-04-03T01:33:43.418+0600][2.584s][info][gc,start    ] GC(0) Concurrent strong roots
[2026-04-03T01:33:43.418+0600][2.584s][info][gc,task     ] GC(0) Using 3 of 6 workers for concurrent strong root
[2026-04-03T01:33:43.420+0600][2.586s][info][gc          ] GC(0) Concurrent strong roots 1.711ms
[2026-04-03T01:33:43.420+0600][2.586s][info][gc,start    ] GC(0) Concurrent evacuation
[2026-04-03T01:33:43.420+0600][2.586s][info][gc,task     ] GC(0) Using 3 of 6 workers for concurrent evacuation
[2026-04-03T01:33:43.427+0600][2.593s][info][gc          ] GC(0) Concurrent evacuation 6.930ms
[2026-04-03T01:33:43.427+0600][2.593s][info][gc,start    ] GC(0) Pause Init Update Refs
[2026-04-03T01:33:43.427+0600][2.593s][info][gc,ergo     ] GC(0) Pacer for Update Refs. Used: 414M, Free: 3317M, Non-Taxable: 331M, Alloc Tax Rate: 1.1x
[2026-04-03T01:33:43.427+0600][2.593s][info][gc          ] GC(0) Pause Init Update Refs 0.067ms
[2026-04-03T01:33:43.427+0600][2.593s][info][gc,start    ] GC(0) Concurrent update references
[2026-04-03T01:33:43.427+0600][2.593s][info][gc,task     ] GC(0) Using 3 of 6 workers for concurrent reference update
[2026-04-03T01:33:43.432+0600][2.598s][info][gc          ] GC(0) Concurrent update references 5.280ms
[2026-04-03T01:33:43.433+0600][2.598s][info][gc,start    ] GC(0) Concurrent update thread roots
[2026-04-03T01:33:43.433+0600][2.599s][info][gc          ] GC(0) Concurrent update thread roots 0.931ms
[2026-04-03T01:33:43.434+0600][2.599s][info][gc,start    ] GC(0) Pause Final Update Refs
[2026-04-03T01:33:43.434+0600][2.600s][info][gc,task     ] GC(0) Using 6 of 6 workers for final reference update
[2026-04-03T01:33:43.434+0600][2.600s][info][gc          ] GC(0) Pause Final Update Refs 0.236ms
[2026-04-03T01:33:43.434+0600][2.600s][info][gc,start    ] GC(0) Concurrent cleanup
[2026-04-03T01:33:43.435+0600][2.601s][info][gc          ] GC(0) Concurrent cleanup 414M->11M(415M) 0.769ms
[2026-04-03T01:33:43.435+0600][2.601s][info][gc,ergo     ] Free: 3712M, Max: 1024K regular, 3309M humongous, Frag: 11% external, 0% internal; Reserve: 197M, Max: 1024K
[2026-04-03T01:33:43.435+0600][2.601s][info][gc,stats    ] 
[2026-04-03T01:33:43.435+0600][2.601s][info][gc,stats    ] All times are wall-clock times, except per-root-class counters, that are sum over
[2026-04-03T01:33:43.435+0600][2.601s][info][gc,stats    ] all workers. Dividing the <total> over the root stage time estimates parallelism.
[2026-04-03T01:33:43.435+0600][2.601s][info][gc,stats    ] 
[2026-04-03T01:33:43.435+0600][2.601s][info][gc,stats    ] Concurrent Reset                   1317 us
[2026-04-03T01:33:43.435+0600][2.601s][info][gc,stats    ] Pause Init Mark (G)                1297 us
[2026-04-03T01:33:43.435+0600][2.601s][info][gc,stats    ] Pause Init Mark (N)                 913 us
[2026-04-03T01:33:43.435+0600][2.601s][info][gc,stats    ]   Update Region States               43 us
[2026-04-03T01:33:43.435+0600][2.601s][info][gc,stats    ] Concurrent Mark Roots              1340 us, parallelism: 1.66x
[2026-04-03T01:33:43.435+0600][2.601s][info][gc,stats    ]   CMR: <total>                     2224 us
[2026-04-03T01:33:43.435+0600][2.601s][info][gc,stats    ]   CMR: Thread Roots                1292 us, workers (us): 349, 943,   0, ---, ---, ---, 
[2026-04-03T01:33:43.435+0600][2.601s][info][gc,stats    ]   CMR: VM Strong Roots              287 us, workers (us): 163, 121,   3, ---, ---, ---, 
[2026-04-03T01:33:43.435+0600][2.601s][info][gc,stats    ]   CMR: CLDG Roots                   645 us, workers (us): ---, ---, 645, ---, ---, ---, 
[2026-04-03T01:33:43.435+0600][2.601s][info][gc,stats    ] Concurrent Marking                10760 us
[2026-04-03T01:33:43.435+0600][2.601s][info][gc,stats    ] Pause Final Mark (G)               1044 us
[2026-04-03T01:33:43.435+0600][2.601s][info][gc,stats    ] Pause Final Mark (N)                619 us
[2026-04-03T01:33:43.435+0600][2.601s][info][gc,stats    ]   Finish Mark                       143 us
[2026-04-03T01:33:43.435+0600][2.601s][info][gc,stats    ]   Update Region States               53 us
[2026-04-03T01:33:43.435+0600][2.601s][info][gc,stats    ]   Choose Collection Set             235 us
[2026-04-03T01:33:43.435+0600][2.601s][info][gc,stats    ]   Rebuild Free Set                   31 us
[2026-04-03T01:33:43.435+0600][2.601s][info][gc,stats    ] Concurrent Thread Roots             472 us, parallelism: 1.02x
[2026-04-03T01:33:43.435+0600][2.601s][info][gc,stats    ]   CTR: <total>                      484 us
[2026-04-03T01:33:43.435+0600][2.601s][info][gc,stats    ]   CTR: Thread Roots                 484 us, workers (us): 257, 147,  81, ---, ---, ---, 
[2026-04-03T01:33:43.435+0600][2.601s][info][gc,stats    ] Concurrent Weak References          771 us, parallelism: 0.66x
[2026-04-03T01:33:43.435+0600][2.601s][info][gc,stats    ]   CWRF: <total>                     509 us
[2026-04-03T01:33:43.435+0600][2.601s][info][gc,stats    ]   CWRF: Weak References             509 us, workers (us): 399,  52,  58, ---, ---, ---, 
[2026-04-03T01:33:43.435+0600][2.601s][info][gc,stats    ] Concurrent Weak Roots              1393 us
[2026-04-03T01:33:43.435+0600][2.601s][info][gc,stats    ]   Roots                            1149 us, parallelism: 2.46x
[2026-04-03T01:33:43.435+0600][2.601s][info][gc,stats    ]     CWR: <total>                   2824 us
[2026-04-03T01:33:43.435+0600][2.601s][info][gc,stats    ]     CWR: Code Cache Roots          1255 us, workers (us): 437, 420, 398, ---, ---, ---, 
[2026-04-03T01:33:43.435+0600][2.601s][info][gc,stats    ]     CWR: VM Weak Roots             1559 us, workers (us): 532, 517, 511, ---, ---, ---, 
[2026-04-03T01:33:43.435+0600][2.601s][info][gc,stats    ]     CWR: CLDG Roots                  10 us, workers (us):  10, ---, ---, ---, ---, ---, 
[2026-04-03T01:33:43.435+0600][2.601s][info][gc,stats    ]   Rendezvous                        175 us
[2026-04-03T01:33:43.435+0600][2.601s][info][gc,stats    ] Concurrent Cleanup                  682 us
[2026-04-03T01:33:43.435+0600][2.601s][info][gc,stats    ] Concurrent Class Unloading         2209 us
[2026-04-03T01:33:43.435+0600][2.601s][info][gc,stats    ]   Unlink Stale                     1638 us
[2026-04-03T01:33:43.435+0600][2.601s][info][gc,stats    ]     System Dictionary                19 us
[2026-04-03T01:33:43.435+0600][2.601s][info][gc,stats    ]     Weak Class Links                  0 us
[2026-04-03T01:33:43.435+0600][2.601s][info][gc,stats    ]     Code Roots                     1615 us
[2026-04-03T01:33:43.435+0600][2.601s][info][gc,stats    ]   Rendezvous                        121 us
[2026-04-03T01:33:43.435+0600][2.601s][info][gc,stats    ]   Purge Unlinked                    378 us
[2026-04-03T01:33:43.435+0600][2.601s][info][gc,stats    ]     Code Roots                      371 us
[2026-04-03T01:33:43.435+0600][2.601s][info][gc,stats    ]     CLDG                              7 us
[2026-04-03T01:33:43.435+0600][2.601s][info][gc,stats    ]     Exception Caches                  0 us
[2026-04-03T01:33:43.435+0600][2.601s][info][gc,stats    ] Concurrent Strong Roots            1762 us, parallelism: 0.89x
[2026-04-03T01:33:43.435+0600][2.601s][info][gc,stats    ]   CSR: <total>                     1576 us
[2026-04-03T01:33:43.435+0600][2.601s][info][gc,stats    ]   CSR: VM Strong Roots               25 us, workers (us):  21,   4,   0, ---, ---, ---, 
[2026-04-03T01:33:43.435+0600][2.601s][info][gc,stats    ]   CSR: CLDG Roots                  1551 us, workers (us): 1551, ---, ---, ---, ---, ---, 
[2026-04-03T01:33:43.435+0600][2.601s][info][gc,stats    ] Concurrent Evacuation              7011 us
[2026-04-03T01:33:43.435+0600][2.601s][info][gc,stats    ] Pause Init Update Refs (G)          301 us
[2026-04-03T01:33:43.435+0600][2.601s][info][gc,stats    ] Pause Init Update Refs (N)           77 us
[2026-04-03T01:33:43.435+0600][2.601s][info][gc,stats    ]   Manage GCLABs                       7 us
[2026-04-03T01:33:43.435+0600][2.601s][info][gc,stats    ] Concurrent Update Refs             5356 us
[2026-04-03T01:33:43.435+0600][2.601s][info][gc,stats    ] Concurrent Update Thread Roots     1002 us
[2026-04-03T01:33:43.435+0600][2.601s][info][gc,stats    ] Pause Final Update Refs (G)         466 us
[2026-04-03T01:33:43.435+0600][2.601s][info][gc,stats    ] Pause Final Update Refs (N)         256 us
[2026-04-03T01:33:43.435+0600][2.601s][info][gc,stats    ]   Update Region States               76 us
[2026-04-03T01:33:43.435+0600][2.601s][info][gc,stats    ]   Trash Collection Set               11 us
[2026-04-03T01:33:43.435+0600][2.601s][info][gc,stats    ]   Rebuild Free Set                   34 us
[2026-04-03T01:33:43.435+0600][2.601s][info][gc,stats    ] Concurrent Cleanup                  788 us
[2026-04-03T01:33:43.435+0600][2.601s][info][gc,stats    ] 
[2026-04-03T01:33:43.435+0600][2.601s][info][gc,stats    ] Allocation pacing accrued:
[2026-04-03T01:33:43.435+0600][2.601s][info][gc,stats    ]       0 of  2591 ms (  0.0%): <total>
[2026-04-03T01:33:43.435+0600][2.601s][info][gc,stats    ]       0 of  2591 ms (  0.0%): <average total>
[2026-04-03T01:33:43.435+0600][2.601s][info][gc,stats    ] 
[2026-04-03T01:33:43.435+0600][2.601s][info][gc,metaspace] Metaspace: 21255K(21568K)->21477K(21760K) NonClass: 18558K(18752K)->18755K(18880K) Class: 2697K(2816K)->2722K(2880K)
[2026-04-03T01:33:43.435+0600][2.601s][info][gc,ergo     ] Pacer for Idle. Initial: 80302K, Alloc Tax Rate: 1.0x
[2026-04-03T01:33:44.459+0600][3.625s][info][gc          ] Trigger: Explicit GC request (System.gc())
[2026-04-03T01:33:44.459+0600][3.625s][info][gc,ergo     ] Free: 3602M, Max: 1024K regular, 3309M humongous, Frag: 9% external, 0% internal; Reserve: 197M, Max: 1024K
[2026-04-03T01:33:44.459+0600][3.625s][info][gc,start    ] GC(1) Concurrent reset
[2026-04-03T01:33:44.459+0600][3.625s][info][gc,task     ] GC(1) Using 3 of 6 workers for concurrent reset
[2026-04-03T01:33:44.459+0600][3.625s][info][gc,ergo     ] GC(1) Pacer for Reset. Non-Taxable: 3921M
[2026-04-03T01:33:44.470+0600][3.636s][info][gc          ] GC(1) Concurrent reset 11.044ms
[2026-04-03T01:33:44.470+0600][3.636s][info][gc,start    ] GC(1) Pause Init Mark (unload classes)
[2026-04-03T01:33:44.471+0600][3.636s][info][gc,task     ] GC(1) Using 6 of 6 workers for init marking
[2026-04-03T01:33:44.471+0600][3.636s][info][gc,ref      ] GC(1) Clearing All SoftReferences
[2026-04-03T01:33:44.471+0600][3.637s][info][gc,ergo     ] GC(1) Pacer for Mark. Expected Live: 6936K, Free: 3602M, Non-Taxable: 360M, Alloc Tax Rate: 0.0x
[2026-04-03T01:33:44.471+0600][3.637s][info][gc          ] GC(1) Pause Init Mark (unload classes) 0.157ms
[2026-04-03T01:33:44.471+0600][3.637s][info][gc,start    ] GC(1) Concurrent marking roots
[2026-04-03T01:33:44.471+0600][3.637s][info][gc,task     ] GC(1) Using 3 of 6 workers for concurrent marking roots
[2026-04-03T01:33:44.472+0600][3.638s][info][gc          ] GC(1) Concurrent marking roots 1.218ms
[2026-04-03T01:33:44.472+0600][3.638s][info][gc,start    ] GC(1) Concurrent marking (unload classes)
[2026-04-03T01:33:44.472+0600][3.638s][info][gc,task     ] GC(1) Using 3 of 6 workers for concurrent marking
[2026-04-03T01:33:44.483+0600][3.649s][info][gc          ] GC(1) Concurrent marking (unload classes) 10.688ms
[2026-04-03T01:33:44.483+0600][3.649s][info][gc,start    ] GC(1) Pause Final Mark (unload classes)
[2026-04-03T01:33:44.483+0600][3.649s][info][gc,task     ] GC(1) Using 6 of 6 workers for final marking
[2026-04-03T01:33:44.483+0600][3.649s][info][gc,ergo     ] GC(1) Adaptive CSet Selection. Target Free: 555M, Actual Free: 3795M, Max CSet: 163M, Min Garbage: 0B
[2026-04-03T01:33:44.483+0600][3.649s][info][gc,ergo     ] GC(1) Collectable Garbage: 111M (99%), Immediate: 0B (0%), CSet: 111M (99%)
[2026-04-03T01:33:44.484+0600][3.649s][info][gc,ergo     ] GC(1) Pacer for Evacuation. Used CSet: 117M, Free: 3598M, Non-Taxable: 359M, Alloc Tax Rate: 1.1x
[2026-04-03T01:33:44.484+0600][3.649s][info][gc          ] GC(1) Pause Final Mark (unload classes) 0.623ms
[2026-04-03T01:33:44.484+0600][3.650s][info][gc,start    ] GC(1) Concurrent thread roots
[2026-04-03T01:33:44.484+0600][3.650s][info][gc,task     ] GC(1) Using 3 of 6 workers for Concurrent thread roots
[2026-04-03T01:33:44.484+0600][3.650s][info][gc          ] GC(1) Concurrent thread roots 0.615ms
[2026-04-03T01:33:44.484+0600][3.650s][info][gc,start    ] GC(1) Concurrent weak references
[2026-04-03T01:33:44.484+0600][3.650s][info][gc,task     ] GC(1) Using 3 of 6 workers for concurrent weak references
[2026-04-03T01:33:44.485+0600][3.651s][info][gc,ref      ] GC(1) Encountered references: Soft: 3588, Weak: 2689, Final: 49, Phantom: 290
[2026-04-03T01:33:44.485+0600][3.651s][info][gc,ref      ] GC(1) Discovered  references: Soft: 2611, Weak: 770, Final: 0, Phantom: 286
[2026-04-03T01:33:44.485+0600][3.651s][info][gc,ref      ] GC(1) Enqueued    references: Soft: 1236, Weak: 613, Final: 0, Phantom: 1
[2026-04-03T01:33:44.485+0600][3.651s][info][gc          ] GC(1) Concurrent weak references 0.585ms
[2026-04-03T01:33:44.485+0600][3.651s][info][gc,start    ] GC(1) Concurrent weak roots
[2026-04-03T01:33:44.485+0600][3.651s][info][gc,task     ] GC(1) Using 3 of 6 workers for concurrent weak root
[2026-04-03T01:33:44.486+0600][3.652s][info][gc          ] GC(1) Concurrent weak roots 1.450ms
[2026-04-03T01:33:44.486+0600][3.652s][info][gc,start    ] GC(1) Concurrent cleanup
[2026-04-03T01:33:44.487+0600][3.653s][info][gc          ] GC(1) Concurrent cleanup 127M->127M(416M) 0.643ms
[2026-04-03T01:33:44.487+0600][3.653s][info][gc,ergo     ] GC(1) Free: 3597M, Max: 1024K regular, 3309M humongous, Frag: 9% external, 0% internal; Reserve: 196M, Max: 1024K
[2026-04-03T01:33:44.487+0600][3.653s][info][gc,start    ] GC(1) Concurrent class unloading
[2026-04-03T01:33:44.487+0600][3.653s][info][gc,task     ] GC(1) Using 3 of 6 workers for concurrent class unloading
[2026-04-03T01:33:44.496+0600][3.662s][info][gc          ] GC(1) Concurrent class unloading 8.455ms
[2026-04-03T01:33:44.496+0600][3.662s][info][gc,start    ] GC(1) Concurrent strong roots
[2026-04-03T01:33:44.496+0600][3.662s][info][gc,task     ] GC(1) Using 3 of 6 workers for concurrent strong root
[2026-04-03T01:33:44.498+0600][3.664s][info][gc          ] GC(1) Concurrent strong roots 2.190ms
[2026-04-03T01:33:44.498+0600][3.664s][info][gc,start    ] GC(1) Concurrent evacuation
[2026-04-03T01:33:44.498+0600][3.664s][info][gc,task     ] GC(1) Using 3 of 6 workers for concurrent evacuation
[2026-04-03T01:33:44.504+0600][3.670s][info][gc          ] GC(1) Concurrent evacuation 5.906ms
[2026-04-03T01:33:44.504+0600][3.670s][info][gc,start    ] GC(1) Pause Init Update Refs
[2026-04-03T01:33:44.504+0600][3.670s][info][gc,ergo     ] GC(1) Pacer for Update Refs. Used: 136M, Free: 3597M, Non-Taxable: 359M, Alloc Tax Rate: 1.1x
[2026-04-03T01:33:44.504+0600][3.670s][info][gc          ] GC(1) Pause Init Update Refs 0.089ms
[2026-04-03T01:33:44.505+0600][3.670s][info][gc,start    ] GC(1) Concurrent update references
[2026-04-03T01:33:44.505+0600][3.670s][info][gc,task     ] GC(1) Using 3 of 6 workers for concurrent reference update
[2026-04-03T01:33:44.511+0600][3.677s][info][gc          ] GC(1) Concurrent update references 6.439ms
[2026-04-03T01:33:44.511+0600][3.677s][info][gc,start    ] GC(1) Concurrent update thread roots
[2026-04-03T01:33:44.512+0600][3.678s][info][gc          ] GC(1) Concurrent update thread roots 0.821ms
[2026-04-03T01:33:44.512+0600][3.678s][info][gc,start    ] GC(1) Pause Final Update Refs
[2026-04-03T01:33:44.512+0600][3.678s][info][gc,task     ] GC(1) Using 6 of 6 workers for final reference update
[2026-04-03T01:33:44.512+0600][3.678s][info][gc          ] GC(1) Pause Final Update Refs 0.246ms
[2026-04-03T01:33:44.513+0600][3.678s][info][gc,start    ] GC(1) Concurrent cleanup
[2026-04-03T01:33:44.513+0600][3.679s][info][gc          ] GC(1) Concurrent cleanup 137M->19M(425M) 0.767ms
[2026-04-03T01:33:44.513+0600][3.679s][info][gc,ergo     ] Free: 3704M, Max: 1024K regular, 3593M humongous, Frag: 3% external, 0% internal; Reserve: 197M, Max: 1024K
[2026-04-03T01:33:44.513+0600][3.679s][info][gc,stats    ] 
[2026-04-03T01:33:44.513+0600][3.679s][info][gc,stats    ] All times are wall-clock times, except per-root-class counters, that are sum over
[2026-04-03T01:33:44.513+0600][3.679s][info][gc,stats    ] all workers. Dividing the <total> over the root stage time estimates parallelism.
[2026-04-03T01:33:44.513+0600][3.679s][info][gc,stats    ] 
[2026-04-03T01:33:44.514+0600][3.679s][info][gc,stats    ] Concurrent Reset                  11126 us
[2026-04-03T01:33:44.514+0600][3.679s][info][gc,stats    ] Pause Init Mark (G)                 336 us
[2026-04-03T01:33:44.514+0600][3.679s][info][gc,stats    ] Pause Init Mark (N)                 166 us
[2026-04-03T01:33:44.514+0600][3.679s][info][gc,stats    ]   Update Region States               44 us
[2026-04-03T01:33:44.514+0600][3.679s][info][gc,stats    ] Concurrent Mark Roots              1272 us, parallelism: 1.63x
[2026-04-03T01:33:44.514+0600][3.679s][info][gc,stats    ]   CMR: <total>                     2078 us
[2026-04-03T01:33:44.514+0600][3.679s][info][gc,stats    ]   CMR: Thread Roots                1562 us, workers (us): 355, 533, 674, ---, ---, ---, 
[2026-04-03T01:33:44.514+0600][3.679s][info][gc,stats    ]   CMR: VM Strong Roots              300 us, workers (us):  98, 119,  82, ---, ---, ---, 
[2026-04-03T01:33:44.514+0600][3.680s][info][gc,stats    ]   CMR: CLDG Roots                   217 us, workers (us): 217, ---, ---, ---, ---, ---, 
[2026-04-03T01:33:44.514+0600][3.680s][info][gc,stats    ] Concurrent Marking                10781 us
[2026-04-03T01:33:44.514+0600][3.680s][info][gc,stats    ] Pause Final Mark (G)               1015 us
[2026-04-03T01:33:44.514+0600][3.680s][info][gc,stats    ] Pause Final Mark (N)                638 us
[2026-04-03T01:33:44.514+0600][3.680s][info][gc,stats    ]   Finish Mark                       276 us
[2026-04-03T01:33:44.514+0600][3.680s][info][gc,stats    ]   Update Region States               54 us
[2026-04-03T01:33:44.514+0600][3.680s][info][gc,stats    ]   Choose Collection Set             151 us
[2026-04-03T01:33:44.514+0600][3.680s][info][gc,stats    ]   Rebuild Free Set                   37 us
[2026-04-03T01:33:44.514+0600][3.680s][info][gc,stats    ] Concurrent Thread Roots             637 us, parallelism: 1.20x
[2026-04-03T01:33:44.514+0600][3.680s][info][gc,stats    ]   CTR: <total>                      767 us
[2026-04-03T01:33:44.514+0600][3.680s][info][gc,stats    ]   CTR: Thread Roots                 767 us, workers (us): 193, 420, 154, ---, ---, ---, 
[2026-04-03T01:33:44.514+0600][3.680s][info][gc,stats    ] Concurrent Weak References          592 us, parallelism: 1.74x
[2026-04-03T01:33:44.514+0600][3.680s][info][gc,stats    ]   CWRF: <total>                    1031 us
[2026-04-03T01:33:44.514+0600][3.680s][info][gc,stats    ]   CWRF: Weak References            1031 us, workers (us): 118, 492, 421, ---, ---, ---, 
[2026-04-03T01:33:44.514+0600][3.680s][info][gc,stats    ] Concurrent Weak Roots              1522 us
[2026-04-03T01:33:44.514+0600][3.680s][info][gc,stats    ]   Roots                            1269 us, parallelism: 2.60x
[2026-04-03T01:33:44.514+0600][3.680s][info][gc,stats    ]     CWR: <total>                   3299 us
[2026-04-03T01:33:44.514+0600][3.680s][info][gc,stats    ]     CWR: Code Cache Roots          1095 us, workers (us): 383, 332, 380, ---, ---, ---, 
[2026-04-03T01:33:44.514+0600][3.680s][info][gc,stats    ]     CWR: VM Weak Roots             2176 us, workers (us): 731, 728, 717, ---, ---, ---, 
[2026-04-03T01:33:44.514+0600][3.680s][info][gc,stats    ]     CWR: CLDG Roots                  28 us, workers (us): ---,  28, ---, ---, ---, ---, 
[2026-04-03T01:33:44.514+0600][3.680s][info][gc,stats    ]   Rendezvous                        162 us
[2026-04-03T01:33:44.514+0600][3.680s][info][gc,stats    ] Concurrent Cleanup                  658 us
[2026-04-03T01:33:44.514+0600][3.680s][info][gc,stats    ] Concurrent Class Unloading         8552 us
[2026-04-03T01:33:44.514+0600][3.680s][info][gc,stats    ]   Unlink Stale                     7683 us
[2026-04-03T01:33:44.514+0600][3.680s][info][gc,stats    ]     System Dictionary               168 us
[2026-04-03T01:33:44.514+0600][3.680s][info][gc,stats    ]     Weak Class Links               4927 us
[2026-04-03T01:33:44.514+0600][3.680s][info][gc,stats    ]     Code Roots                     2584 us
[2026-04-03T01:33:44.514+0600][3.680s][info][gc,stats    ]   Rendezvous                        274 us
[2026-04-03T01:33:44.514+0600][3.680s][info][gc,stats    ]   Purge Unlinked                    472 us
[2026-04-03T01:33:44.514+0600][3.680s][info][gc,stats    ]     Code Roots                      369 us
[2026-04-03T01:33:44.514+0600][3.680s][info][gc,stats    ]     CLDG                            103 us
[2026-04-03T01:33:44.514+0600][3.680s][info][gc,stats    ]     Exception Caches                  0 us
[2026-04-03T01:33:44.514+0600][3.680s][info][gc,stats    ] Concurrent Strong Roots            2255 us, parallelism: 0.92x
[2026-04-03T01:33:44.514+0600][3.680s][info][gc,stats    ]   CSR: <total>                     2067 us
[2026-04-03T01:33:44.514+0600][3.680s][info][gc,stats    ]   CSR: VM Strong Roots               82 us, workers (us):  39,  42,   0, ---, ---, ---, 
[2026-04-03T01:33:44.514+0600][3.680s][info][gc,stats    ]   CSR: CLDG Roots                  1985 us, workers (us): 1985, ---, ---, ---, ---, ---, 
[2026-04-03T01:33:44.514+0600][3.680s][info][gc,stats    ] Concurrent Evacuation              5993 us
[2026-04-03T01:33:44.514+0600][3.680s][info][gc,stats    ] Pause Init Update Refs (G)          495 us
[2026-04-03T01:33:44.514+0600][3.680s][info][gc,stats    ] Pause Init Update Refs (N)          106 us
[2026-04-03T01:33:44.514+0600][3.680s][info][gc,stats    ]   Manage GCLABs                      14 us
[2026-04-03T01:33:44.514+0600][3.680s][info][gc,stats    ] Concurrent Update Refs             6490 us
[2026-04-03T01:33:44.514+0600][3.680s][info][gc,stats    ] Concurrent Update Thread Roots      899 us
[2026-04-03T01:33:44.514+0600][3.680s][info][gc,stats    ] Pause Final Update Refs (G)         631 us
[2026-04-03T01:33:44.514+0600][3.680s][info][gc,stats    ] Pause Final Update Refs (N)         265 us
[2026-04-03T01:33:44.514+0600][3.680s][info][gc,stats    ]   Update Region States              101 us
[2026-04-03T01:33:44.514+0600][3.680s][info][gc,stats    ]   Trash Collection Set               15 us
[2026-04-03T01:33:44.514+0600][3.680s][info][gc,stats    ]   Rebuild Free Set                   48 us
[2026-04-03T01:33:44.514+0600][3.680s][info][gc,stats    ] Concurrent Cleanup                  809 us
[2026-04-03T01:33:44.514+0600][3.680s][info][gc,stats    ] 
[2026-04-03T01:33:44.514+0600][3.680s][info][gc,stats    ] Allocation pacing accrued:
[2026-04-03T01:33:44.514+0600][3.680s][info][gc,stats    ]       0 of  1079 ms (  0.0%): <total>
[2026-04-03T01:33:44.514+0600][3.680s][info][gc,stats    ]       0 of  1079 ms (  0.0%): <average total>
[2026-04-03T01:33:44.514+0600][3.680s][info][gc,stats    ] 
[2026-04-03T01:33:44.514+0600][3.680s][info][gc,metaspace] Metaspace: 34806K(35200K)->34981K(35328K) NonClass: 30130K(30336K)->30277K(30464K) Class: 4675K(4864K)->4703K(4864K)
[2026-04-03T01:33:44.514+0600][3.680s][info][gc,ergo     ] Pacer for Idle. Initial: 80302K, Alloc Tax Rate: 1.0x
[2026-04-03T01:33:44.514+0600][3.680s][info][gc,start    ] Concurrent uncommit
[2026-04-03T01:33:44.584+0600][3.750s][info][gc          ] Concurrent uncommit 20M->30M(31M) 69.297ms
[2026-04-03T01:33:58.174+0600][17.339s][info][gc          ] Trigger: Learning 2 of 5. Free (2744M) is below initial threshold (2744M)
[2026-04-03T01:33:58.174+0600][17.340s][info][gc,ergo     ] Free: 2744M, Max: 1024K regular, 2744M humongous, Frag: 0% external, 0% internal; Reserve: 197M, Max: 1024K
[2026-04-03T01:33:58.174+0600][17.340s][info][gc,start    ] GC(2) Concurrent reset
[2026-04-03T01:33:58.174+0600][17.340s][info][gc,task     ] GC(2) Using 3 of 6 workers for concurrent reset
[2026-04-03T01:33:58.174+0600][17.340s][info][gc,ergo     ] GC(2) Pacer for Reset. Non-Taxable: 3921M
[2026-04-03T01:33:58.180+0600][17.346s][info][gc          ] GC(2) Concurrent reset 5.903ms
[2026-04-03T01:33:58.182+0600][17.348s][info][gc,start    ] GC(2) Pause Init Mark (unload classes)
[2026-04-03T01:33:58.182+0600][17.348s][info][gc,task     ] GC(2) Using 6 of 6 workers for init marking
[2026-04-03T01:33:58.182+0600][17.348s][info][gc,ergo     ] GC(2) Pacer for Mark. Expected Live: 8787K, Free: 2742M, Non-Taxable: 274M, Alloc Tax Rate: 0.0x
[2026-04-03T01:33:58.182+0600][17.348s][info][gc          ] GC(2) Pause Init Mark (unload classes) 0.252ms
[2026-04-03T01:33:58.185+0600][17.351s][info][gc,start    ] GC(2) Concurrent marking roots
[2026-04-03T01:33:58.185+0600][17.351s][info][gc,task     ] GC(2) Using 3 of 6 workers for concurrent marking roots
[2026-04-03T01:33:58.189+0600][17.355s][info][gc          ] GC(2) Concurrent marking roots 4.132ms
[2026-04-03T01:33:58.189+0600][17.355s][info][gc,start    ] GC(2) Concurrent marking (unload classes)
[2026-04-03T01:33:58.189+0600][17.355s][info][gc,task     ] GC(2) Using 3 of 6 workers for concurrent marking
[2026-04-03T01:33:58.259+0600][17.424s][info][gc          ] GC(2) Concurrent marking (unload classes) 69.387ms
[2026-04-03T01:33:58.259+0600][17.425s][info][gc,start    ] GC(2) Pause Final Mark (unload classes)
[2026-04-03T01:33:58.259+0600][17.425s][info][gc,task     ] GC(2) Using 6 of 6 workers for final marking
[2026-04-03T01:33:58.259+0600][17.425s][info][gc,ergo     ] GC(2) Adaptive CSet Selection. Target Free: 555M, Actual Free: 3361M, Max CSet: 163M, Min Garbage: 0B
[2026-04-03T01:33:58.259+0600][17.425s][info][gc,ergo     ] GC(2) Collectable Garbage: 962M (99%), Immediate: 459M (47%), CSet: 503M (52%)
[2026-04-03T01:33:58.260+0600][17.425s][info][gc,ergo     ] GC(2) Pacer for Evacuation. Used CSet: 512M, Free: 3164M, Non-Taxable: 316M, Alloc Tax Rate: 1.1x
[2026-04-03T01:33:58.260+0600][17.425s][info][gc          ] GC(2) Pause Final Mark (unload classes) 0.690ms
[2026-04-03T01:33:58.260+0600][17.426s][info][gc,start    ] GC(2) Concurrent thread roots
[2026-04-03T01:33:58.260+0600][17.426s][info][gc,task     ] GC(2) Using 3 of 6 workers for Concurrent thread roots
[2026-04-03T01:33:58.264+0600][17.429s][info][gc          ] GC(2) Concurrent thread roots 3.565ms
[2026-04-03T01:33:58.264+0600][17.430s][info][gc,start    ] GC(2) Concurrent weak references
[2026-04-03T01:33:58.264+0600][17.430s][info][gc,task     ] GC(2) Using 3 of 6 workers for concurrent weak references
[2026-04-03T01:33:58.266+0600][17.432s][info][gc,ref      ] GC(2) Encountered references: Soft: 2589, Weak: 7824, Final: 73, Phantom: 351
[2026-04-03T01:33:58.267+0600][17.433s][info][gc,ref      ] GC(2) Discovered  references: Soft: 0, Weak: 3568, Final: 16, Phantom: 342
[2026-04-03T01:33:58.267+0600][17.433s][info][gc,ref      ] GC(2) Enqueued    references: Soft: 0, Weak: 2889, Final: 0, Phantom: 0
[2026-04-03T01:33:58.267+0600][17.433s][info][gc          ] GC(2) Concurrent weak references 2.956ms
[2026-04-03T01:33:58.267+0600][17.433s][info][gc,start    ] GC(2) Concurrent weak roots
[2026-04-03T01:33:58.267+0600][17.433s][info][gc,task     ] GC(2) Using 3 of 6 workers for concurrent weak root
[2026-04-03T01:33:58.284+0600][17.450s][info][gc          ] GC(2) Concurrent weak roots 17.333ms
[2026-04-03T01:33:58.284+0600][17.450s][info][gc,start    ] GC(2) Concurrent cleanup
[2026-04-03T01:33:58.285+0600][17.450s][info][gc          ] GC(2) Concurrent cleanup 1039M->580M(1040M) 0.370ms
[2026-04-03T01:33:58.285+0600][17.451s][info][gc,ergo     ] GC(2) Free: 3145M, Max: 1024K regular, 2686M humongous, Frag: 15% external, 0% internal; Reserve: 195M, Max: 1024K
[2026-04-03T01:33:58.285+0600][17.451s][info][gc,start    ] GC(2) Concurrent class unloading
[2026-04-03T01:33:58.285+0600][17.451s][info][gc,task     ] GC(2) Using 3 of 6 workers for concurrent class unloading
[2026-04-03T01:33:58.407+0600][17.573s][info][gc          ] GC(2) Concurrent class unloading 121.822ms
[2026-04-03T01:33:58.407+0600][17.573s][info][gc,start    ] GC(2) Concurrent strong roots
[2026-04-03T01:33:58.407+0600][17.573s][info][gc,task     ] GC(2) Using 3 of 6 workers for concurrent strong root
[2026-04-03T01:33:58.410+0600][17.576s][info][gc          ] GC(2) Concurrent strong roots 2.789ms
[2026-04-03T01:33:58.410+0600][17.576s][info][gc,start    ] GC(2) Concurrent evacuation
[2026-04-03T01:33:58.410+0600][17.576s][info][gc,task     ] GC(2) Using 3 of 6 workers for concurrent evacuation
[2026-04-03T01:33:58.446+0600][17.612s][info][gc          ] GC(2) Concurrent evacuation 36.126ms
[2026-04-03T01:33:58.447+0600][17.612s][info][gc,start    ] GC(2) Pause Init Update Refs
[2026-04-03T01:33:58.447+0600][17.613s][info][gc,ergo     ] GC(2) Pacer for Update Refs. Used: 602M, Free: 3132M, Non-Taxable: 313M, Alloc Tax Rate: 1.1x
[2026-04-03T01:33:58.447+0600][17.613s][info][gc          ] GC(2) Pause Init Update Refs 0.107ms
[2026-04-03T01:33:58.448+0600][17.614s][info][gc,start    ] GC(2) Concurrent update references
[2026-04-03T01:33:58.448+0600][17.614s][info][gc,task     ] GC(2) Using 3 of 6 workers for concurrent reference update
[2026-04-03T01:33:58.491+0600][17.657s][info][gc          ] GC(2) Concurrent update references 42.618ms
[2026-04-03T01:33:58.493+0600][17.658s][info][gc,start    ] GC(2) Concurrent update thread roots
[2026-04-03T01:33:58.495+0600][17.661s][info][gc          ] GC(2) Concurrent update thread roots 2.357ms
[2026-04-03T01:33:58.495+0600][17.661s][info][gc,start    ] GC(2) Pause Final Update Refs
[2026-04-03T01:33:58.495+0600][17.661s][info][gc,task     ] GC(2) Using 6 of 6 workers for final reference update
[2026-04-03T01:33:58.495+0600][17.661s][info][gc          ] GC(2) Pause Final Update Refs 0.193ms
[2026-04-03T01:33:58.496+0600][17.662s][info][gc,start    ] GC(2) Concurrent cleanup
[2026-04-03T01:33:58.497+0600][17.663s][info][gc          ] GC(2) Concurrent cleanup 604M->91M(1049M) 0.894ms
[2026-04-03T01:33:58.497+0600][17.663s][info][gc,ergo     ] Free: 3632M, Max: 1024K regular, 2679M humongous, Frag: 27% external, 0% internal; Reserve: 197M, Max: 1024K
[2026-04-03T01:33:58.497+0600][17.663s][info][gc,stats    ] 
[2026-04-03T01:33:58.497+0600][17.663s][info][gc,stats    ] All times are wall-clock times, except per-root-class counters, that are sum over
[2026-04-03T01:33:58.497+0600][17.663s][info][gc,stats    ] all workers. Dividing the <total> over the root stage time estimates parallelism.
[2026-04-03T01:33:58.497+0600][17.663s][info][gc,stats    ] 
[2026-04-03T01:33:58.497+0600][17.663s][info][gc,stats    ] Concurrent Reset                   6028 us
[2026-04-03T01:33:58.497+0600][17.663s][info][gc,stats    ] Pause Init Mark (G)                4686 us
[2026-04-03T01:33:58.497+0600][17.663s][info][gc,stats    ] Pause Init Mark (N)                 269 us
[2026-04-03T01:33:58.497+0600][17.663s][info][gc,stats    ]   Update Region States               75 us
[2026-04-03T01:33:58.497+0600][17.663s][info][gc,stats    ] Concurrent Mark Roots              4240 us, parallelism: 0.87x
[2026-04-03T01:33:58.497+0600][17.663s][info][gc,stats    ]   CMR: <total>                     3708 us
[2026-04-03T01:33:58.497+0600][17.663s][info][gc,stats    ]   CMR: Thread Roots                3119 us, workers (us): 914, 2093, 112, ---, ---, ---, 
[2026-04-03T01:33:58.497+0600][17.663s][info][gc,stats    ]   CMR: VM Strong Roots              118 us, workers (us): 117,   1,   1, ---, ---, ---, 
[2026-04-03T01:33:58.497+0600][17.663s][info][gc,stats    ]   CMR: CLDG Roots                   471 us, workers (us): 471, ---, ---, ---, ---, ---, 
[2026-04-03T01:33:58.497+0600][17.663s][info][gc,stats    ] Concurrent Marking                69544 us
[2026-04-03T01:33:58.498+0600][17.663s][info][gc,stats    ] Pause Final Mark (G)               1285 us
[2026-04-03T01:33:58.498+0600][17.663s][info][gc,stats    ] Pause Final Mark (N)                704 us
[2026-04-03T01:33:58.498+0600][17.663s][info][gc,stats    ]   Finish Mark                       179 us
[2026-04-03T01:33:58.498+0600][17.663s][info][gc,stats    ]   Update Region States              106 us
[2026-04-03T01:33:58.498+0600][17.663s][info][gc,stats    ]   Choose Collection Set             261 us
[2026-04-03T01:33:58.498+0600][17.663s][info][gc,stats    ]   Rebuild Free Set                   58 us
[2026-04-03T01:33:58.498+0600][17.663s][info][gc,stats    ] Concurrent Thread Roots            3710 us, parallelism: 1.57x
[2026-04-03T01:33:58.498+0600][17.663s][info][gc,stats    ]   CTR: <total>                     5841 us
[2026-04-03T01:33:58.498+0600][17.663s][info][gc,stats    ]   CTR: Thread Roots                5841 us, workers (us): 3410, 2430,   0, ---, ---, ---, 
[2026-04-03T01:33:58.498+0600][17.664s][info][gc,stats    ] Concurrent Weak References         2995 us, parallelism: 0.90x
[2026-04-03T01:33:58.498+0600][17.664s][info][gc,stats    ]   CWRF: <total>                    2695 us
[2026-04-03T01:33:58.498+0600][17.664s][info][gc,stats    ]   CWRF: Weak References            2695 us, workers (us): 2349, 346,   0, ---, ---, ---, 
[2026-04-03T01:33:58.498+0600][17.664s][info][gc,stats    ] Concurrent Weak Roots             17477 us
[2026-04-03T01:33:58.498+0600][17.664s][info][gc,stats    ]   Roots                           11529 us, parallelism: 2.31x
[2026-04-03T01:33:58.498+0600][17.664s][info][gc,stats    ]     CWR: <total>                  26633 us
[2026-04-03T01:33:58.498+0600][17.664s][info][gc,stats    ]     CWR: Code Cache Roots         13121 us, workers (us): 358, 7300, 5462, ---, ---, ---, 
[2026-04-03T01:33:58.498+0600][17.664s][info][gc,stats    ]     CWR: VM Weak Roots            13390 us, workers (us): 8355, 3930, 1105, ---, ---, ---, 
[2026-04-03T01:33:58.498+0600][17.664s][info][gc,stats    ]     CWR: CLDG Roots                 123 us, workers (us): ---, ---, 123, ---, ---, ---, 
[2026-04-03T01:33:58.498+0600][17.664s][info][gc,stats    ]   Rendezvous                       5753 us
[2026-04-03T01:33:58.498+0600][17.664s][info][gc,stats    ] Concurrent Cleanup                  433 us
[2026-04-03T01:33:58.498+0600][17.664s][info][gc,stats    ] Concurrent Class Unloading       122101 us
[2026-04-03T01:33:58.498+0600][17.664s][info][gc,stats    ]   Unlink Stale                    87522 us
[2026-04-03T01:33:58.498+0600][17.664s][info][gc,stats    ]     System Dictionary               846 us
[2026-04-03T01:33:58.498+0600][17.664s][info][gc,stats    ]     Weak Class Links              49357 us
[2026-04-03T01:33:58.498+0600][17.664s][info][gc,stats    ]     Code Roots                    37309 us
[2026-04-03T01:33:58.498+0600][17.664s][info][gc,stats    ]   Rendezvous                       1932 us
[2026-04-03T01:33:58.498+0600][17.664s][info][gc,stats    ]   Purge Unlinked                  32305 us
[2026-04-03T01:33:58.498+0600][17.664s][info][gc,stats    ]     Code Roots                    31155 us
[2026-04-03T01:33:58.498+0600][17.664s][info][gc,stats    ]     CLDG                           1148 us
[2026-04-03T01:33:58.498+0600][17.664s][info][gc,stats    ]     Exception Caches                  0 us
[2026-04-03T01:33:58.498+0600][17.664s][info][gc,stats    ] Concurrent Strong Roots            3200 us, parallelism: 0.81x
[2026-04-03T01:33:58.498+0600][17.664s][info][gc,stats    ]   CSR: <total>                     2579 us
[2026-04-03T01:33:58.498+0600][17.664s][info][gc,stats    ]   CSR: VM Strong Roots               30 us, workers (us):  30,   1,   0, ---, ---, ---, 
[2026-04-03T01:33:58.498+0600][17.664s][info][gc,stats    ]   CSR: CLDG Roots                  2549 us, workers (us): 2549, ---, ---, ---, ---, ---, 
[2026-04-03T01:33:58.498+0600][17.664s][info][gc,stats    ] Concurrent Evacuation             36245 us
[2026-04-03T01:33:58.498+0600][17.664s][info][gc,stats    ] Pause Init Update Refs (G)         1797 us
[2026-04-03T01:33:58.498+0600][17.664s][info][gc,stats    ] Pause Init Update Refs (N)          120 us
[2026-04-03T01:33:58.498+0600][17.664s][info][gc,stats    ]   Manage GCLABs                      24 us
[2026-04-03T01:33:58.498+0600][17.664s][info][gc,stats    ] Concurrent Update Refs            44392 us
[2026-04-03T01:33:58.498+0600][17.664s][info][gc,stats    ] Concurrent Update Thread Roots     2469 us
[2026-04-03T01:33:58.498+0600][17.664s][info][gc,stats    ] Pause Final Update Refs (G)        1224 us
[2026-04-03T01:33:58.498+0600][17.664s][info][gc,stats    ] Pause Final Update Refs (N)         241 us
[2026-04-03T01:33:58.498+0600][17.664s][info][gc,stats    ]   Update Region States               76 us
[2026-04-03T01:33:58.498+0600][17.664s][info][gc,stats    ]   Trash Collection Set               20 us
[2026-04-03T01:33:58.498+0600][17.664s][info][gc,stats    ]   Rebuild Free Set                   51 us
[2026-04-03T01:33:58.498+0600][17.664s][info][gc,stats    ] Concurrent Cleanup                  978 us
[2026-04-03T01:33:58.498+0600][17.664s][info][gc,stats    ] 
[2026-04-03T01:33:58.498+0600][17.664s][info][gc,stats    ] Allocation pacing accrued:
[2026-04-03T01:33:58.498+0600][17.664s][info][gc,stats    ]       0 of 13984 ms (  0.0%): <total>
[2026-04-03T01:33:58.498+0600][17.664s][info][gc,stats    ]       0 of 13984 ms (  0.0%): <average total>
[2026-04-03T01:33:58.498+0600][17.664s][info][gc,stats    ] 
[2026-04-03T01:33:58.498+0600][17.664s][info][gc,metaspace] Metaspace: 55103K(55744K)->54653K(55744K) NonClass: 46535K(46912K)->46221K(46912K) Class: 8568K(8832K)->8431K(8832K)
[2026-04-03T01:33:58.498+0600][17.664s][info][gc,ergo     ] Pacer for Idle. Initial: 80302K, Alloc Tax Rate: 1.0x
[2026-04-03T01:34:03.048+0600][22.214s][info][gc          ] Trigger: Learning 3 of 5. Free (2744M) is below initial threshold (2744M)
[2026-04-03T01:34:03.049+0600][22.215s][info][gc,ergo     ] Free: 2744M, Max: 1024K regular, 2679M humongous, Frag: 3% external, 0% internal; Reserve: 197M, Max: 1024K
[2026-04-03T01:34:03.049+0600][22.215s][info][gc,start    ] GC(3) Concurrent reset
[2026-04-03T01:34:03.049+0600][22.215s][info][gc,task     ] GC(3) Using 3 of 6 workers for concurrent reset
[2026-04-03T01:34:03.049+0600][22.215s][info][gc,ergo     ] GC(3) Pacer for Reset. Non-Taxable: 3921M
[2026-04-03T01:34:03.082+0600][22.248s][info][gc          ] GC(3) Concurrent reset 33.198ms
[2026-04-03T01:34:03.083+0600][22.249s][info][gc,start    ] GC(3) Pause Init Mark (unload classes)
[2026-04-03T01:34:03.083+0600][22.249s][info][gc,task     ] GC(3) Using 6 of 6 workers for init marking
[2026-04-03T01:34:03.083+0600][22.249s][info][gc,ergo     ] GC(3) Pacer for Mark. Expected Live: 12074K, Free: 2736M, Non-Taxable: 273M, Alloc Tax Rate: 0.0x
[2026-04-03T01:34:03.083+0600][22.249s][info][gc          ] GC(3) Pause Init Mark (unload classes) 0.211ms
[2026-04-03T01:34:03.085+0600][22.251s][info][gc,start    ] GC(3) Concurrent marking roots
[2026-04-03T01:34:03.085+0600][22.251s][info][gc,task     ] GC(3) Using 3 of 6 workers for concurrent marking roots
[2026-04-03T01:34:03.087+0600][22.253s][info][gc          ] GC(3) Concurrent marking roots 2.336ms
[2026-04-03T01:34:03.087+0600][22.253s][info][gc,start    ] GC(3) Concurrent marking (unload classes)
[2026-04-03T01:34:03.087+0600][22.253s][info][gc,task     ] GC(3) Using 3 of 6 workers for concurrent marking
[2026-04-03T01:34:03.127+0600][22.293s][info][gc          ] GC(3) Concurrent marking (unload classes) 39.350ms
[2026-04-03T01:34:03.127+0600][22.293s][info][gc,start    ] GC(3) Pause Final Mark (unload classes)
[2026-04-03T01:34:03.127+0600][22.293s][info][gc,task     ] GC(3) Using 6 of 6 workers for final marking
[2026-04-03T01:34:03.127+0600][22.293s][info][gc,ergo     ] GC(3) Adaptive CSet Selection. Target Free: 555M, Actual Free: 3674M, Max CSet: 163M, Min Garbage: 0B
[2026-04-03T01:34:03.127+0600][22.293s][info][gc,ergo     ] GC(3) Collectable Garbage: 968M (99%), Immediate: 777M (80%), CSet: 190M (19%)
[2026-04-03T01:34:03.128+0600][22.293s][info][gc,ergo     ] GC(3) Pacer for Evacuation. Used CSet: 193M, Free: 3478M, Non-Taxable: 347M, Alloc Tax Rate: 1.1x
[2026-04-03T01:34:03.128+0600][22.294s][info][gc          ] GC(3) Pause Final Mark (unload classes) 0.670ms
[2026-04-03T01:34:03.130+0600][22.296s][info][gc,start    ] GC(3) Concurrent thread roots
[2026-04-03T01:34:03.130+0600][22.296s][info][gc,task     ] GC(3) Using 3 of 6 workers for Concurrent thread roots
[2026-04-03T01:34:03.132+0600][22.298s][info][gc          ] GC(3) Concurrent thread roots 2.179ms
[2026-04-03T01:34:03.132+0600][22.298s][info][gc,start    ] GC(3) Concurrent weak references
[2026-04-03T01:34:03.132+0600][22.298s][info][gc,task     ] GC(3) Using 3 of 6 workers for concurrent weak references
[2026-04-03T01:34:03.132+0600][22.298s][info][gc,ref      ] GC(3) Encountered references: Soft: 2589, Weak: 4935, Final: 73, Phantom: 351
[2026-04-03T01:34:03.133+0600][22.298s][info][gc,ref      ] GC(3) Discovered  references: Soft: 0, Weak: 568, Final: 9, Phantom: 342
[2026-04-03T01:34:03.133+0600][22.298s][info][gc,ref      ] GC(3) Enqueued    references: Soft: 0, Weak: 0, Final: 0, Phantom: 0
[2026-04-03T01:34:03.133+0600][22.299s][info][gc          ] GC(3) Concurrent weak references 0.573ms
[2026-04-03T01:34:03.133+0600][22.299s][info][gc,start    ] GC(3) Concurrent weak roots
[2026-04-03T01:34:03.133+0600][22.299s][info][gc,task     ] GC(3) Using 3 of 6 workers for concurrent weak root
[2026-04-03T01:34:03.136+0600][22.302s][info][gc          ] GC(3) Concurrent weak roots 3.335ms
[2026-04-03T01:34:03.136+0600][22.302s][info][gc,start    ] GC(3) Concurrent cleanup
[2026-04-03T01:34:03.137+0600][22.302s][info][gc          ] GC(3) Concurrent cleanup 1042M->265M(1049M) 0.483ms
[2026-04-03T01:34:03.137+0600][22.303s][info][gc,ergo     ] GC(3) Free: 3460M, Max: 1024K regular, 2681M humongous, Frag: 23% external, 0% internal; Reserve: 195M, Max: 1024K
[2026-04-03T01:34:03.137+0600][22.303s][info][gc,start    ] GC(3) Concurrent class unloading
[2026-04-03T01:34:03.137+0600][22.303s][info][gc,task     ] GC(3) Using 3 of 6 workers for concurrent class unloading
[2026-04-03T01:34:03.190+0600][22.356s][info][gc          ] GC(3) Concurrent class unloading 53.219ms
[2026-04-03T01:34:03.190+0600][22.356s][info][gc,start    ] GC(3) Concurrent strong roots
[2026-04-03T01:34:03.190+0600][22.356s][info][gc,task     ] GC(3) Using 3 of 6 workers for concurrent strong root
[2026-04-03T01:34:03.195+0600][22.361s][info][gc          ] GC(3) Concurrent strong roots 4.678ms
[2026-04-03T01:34:03.195+0600][22.361s][info][gc,start    ] GC(3) Concurrent evacuation
[2026-04-03T01:34:03.195+0600][22.361s][info][gc,task     ] GC(3) Using 3 of 6 workers for concurrent evacuation
[2026-04-03T01:34:03.201+0600][22.367s][info][gc          ] GC(3) Concurrent evacuation 5.963ms
[2026-04-03T01:34:03.202+0600][22.368s][info][gc,start    ] GC(3) Pause Init Update Refs
[2026-04-03T01:34:03.202+0600][22.368s][info][gc,ergo     ] GC(3) Pacer for Update Refs. Used: 283M, Free: 3444M, Non-Taxable: 344M, Alloc Tax Rate: 1.1x
[2026-04-03T01:34:03.202+0600][22.368s][info][gc          ] GC(3) Pause Init Update Refs 0.152ms
[2026-04-03T01:34:03.204+0600][22.370s][info][gc,start    ] GC(3) Concurrent update references
[2026-04-03T01:34:03.204+0600][22.370s][info][gc,task     ] GC(3) Using 3 of 6 workers for concurrent reference update
[2026-04-03T01:34:03.227+0600][22.393s][info][gc          ] GC(3) Concurrent update references 22.801ms
[2026-04-03T01:34:03.227+0600][22.393s][info][gc,start    ] GC(3) Concurrent update thread roots
[2026-04-03T01:34:03.228+0600][22.394s][info][gc          ] GC(3) Concurrent update thread roots 0.818ms
[2026-04-03T01:34:03.228+0600][22.394s][info][gc,start    ] GC(3) Pause Final Update Refs
[2026-04-03T01:34:03.228+0600][22.394s][info][gc,task     ] GC(3) Using 6 of 6 workers for final reference update
[2026-04-03T01:34:03.228+0600][22.394s][info][gc          ] GC(3) Pause Final Update Refs 0.200ms
[2026-04-03T01:34:03.230+0600][22.396s][info][gc,start    ] GC(3) Concurrent cleanup
[2026-04-03T01:34:03.231+0600][22.397s][info][gc          ] GC(3) Concurrent cleanup 284M->91M(1049M) 1.173ms
[2026-04-03T01:34:03.231+0600][22.397s][info][gc,ergo     ] Free: 3632M, Max: 1024K regular, 2739M humongous, Frag: 25% external, 0% internal; Reserve: 197M, Max: 1024K
[2026-04-03T01:34:03.231+0600][22.397s][info][gc,stats    ] 
[2026-04-03T01:34:03.231+0600][22.397s][info][gc,stats    ] All times are wall-clock times, except per-root-class counters, that are sum over
[2026-04-03T01:34:03.231+0600][22.397s][info][gc,stats    ] all workers. Dividing the <total> over the root stage time estimates parallelism.
[2026-04-03T01:34:03.231+0600][22.397s][info][gc,stats    ] 
[2026-04-03T01:34:03.231+0600][22.397s][info][gc,stats    ] Concurrent Reset                  33321 us
[2026-04-03T01:34:03.231+0600][22.397s][info][gc,stats    ] Pause Init Mark (G)                2723 us
[2026-04-03T01:34:03.231+0600][22.397s][info][gc,stats    ] Pause Init Mark (N)                 228 us
[2026-04-03T01:34:03.231+0600][22.397s][info][gc,stats    ]   Update Region States               60 us
[2026-04-03T01:34:03.231+0600][22.397s][info][gc,stats    ] Concurrent Mark Roots              2431 us, parallelism: 0.93x
[2026-04-03T01:34:03.231+0600][22.397s][info][gc,stats    ]   CMR: <total>                     2259 us
[2026-04-03T01:34:03.231+0600][22.397s][info][gc,stats    ]   CMR: Thread Roots                2014 us, workers (us): 603, 1411,   0, ---, ---, ---, 
[2026-04-03T01:34:03.231+0600][22.397s][info][gc,stats    ]   CMR: VM Strong Roots               26 us, workers (us):  25,   1,   0, ---, ---, ---, 
[2026-04-03T01:34:03.231+0600][22.397s][info][gc,stats    ]   CMR: CLDG Roots                   219 us, workers (us): 219, ---, ---, ---, ---, ---, 
[2026-04-03T01:34:03.231+0600][22.397s][info][gc,stats    ] Concurrent Marking                39516 us
[2026-04-03T01:34:03.231+0600][22.397s][info][gc,stats    ] Pause Final Mark (G)               2979 us
[2026-04-03T01:34:03.231+0600][22.397s][info][gc,stats    ] Pause Final Mark (N)                692 us
[2026-04-03T01:34:03.231+0600][22.397s][info][gc,stats    ]   Finish Mark                       186 us
[2026-04-03T01:34:03.231+0600][22.397s][info][gc,stats    ]   Update Region States               76 us
[2026-04-03T01:34:03.231+0600][22.397s][info][gc,stats    ]   Choose Collection Set             180 us
[2026-04-03T01:34:03.232+0600][22.397s][info][gc,stats    ]   Rebuild Free Set                   65 us
[2026-04-03T01:34:03.232+0600][22.397s][info][gc,stats    ] Concurrent Thread Roots            2284 us, parallelism: 0.36x
[2026-04-03T01:34:03.232+0600][22.397s][info][gc,stats    ]   CTR: <total>                      819 us
[2026-04-03T01:34:03.232+0600][22.397s][info][gc,stats    ]   CTR: Thread Roots                 819 us, workers (us): 819,   0,   0, ---, ---, ---, 
[2026-04-03T01:34:03.232+0600][22.397s][info][gc,stats    ] Concurrent Weak References          593 us, parallelism: 0.41x
[2026-04-03T01:34:03.232+0600][22.397s][info][gc,stats    ]   CWRF: <total>                     243 us
[2026-04-03T01:34:03.232+0600][22.397s][info][gc,stats    ]   CWRF: Weak References             243 us, workers (us): 243,   0,   0, ---, ---, ---, 
[2026-04-03T01:34:03.232+0600][22.397s][info][gc,stats    ] Concurrent Weak Roots              3435 us
[2026-04-03T01:34:03.232+0600][22.398s][info][gc,stats    ]   Roots                            3010 us, parallelism: 2.24x
[2026-04-03T01:34:03.232+0600][22.398s][info][gc,stats    ]     CWR: <total>                   6756 us
[2026-04-03T01:34:03.232+0600][22.398s][info][gc,stats    ]     CWR: Code Cache Roots          4542 us, workers (us): 1553, 1499, 1490, ---, ---, ---, 
[2026-04-03T01:34:03.232+0600][22.398s][info][gc,stats    ]     CWR: VM Weak Roots             2170 us, workers (us): 1243, 900,  27, ---, ---, ---, 
[2026-04-03T01:34:03.232+0600][22.398s][info][gc,stats    ]     CWR: CLDG Roots                  44 us, workers (us): ---, ---,  44, ---, ---, ---, 
[2026-04-03T01:34:03.232+0600][22.398s][info][gc,stats    ]   Rendezvous                        282 us
[2026-04-03T01:34:03.232+0600][22.398s][info][gc,stats    ] Concurrent Cleanup                  523 us
[2026-04-03T01:34:03.232+0600][22.398s][info][gc,stats    ] Concurrent Class Unloading        53384 us
[2026-04-03T01:34:03.232+0600][22.398s][info][gc,stats    ]   Unlink Stale                    26657 us
[2026-04-03T01:34:03.232+0600][22.398s][info][gc,stats    ]     System Dictionary               555 us
[2026-04-03T01:34:03.232+0600][22.398s][info][gc,stats    ]     Weak Class Links                  1 us
[2026-04-03T01:34:03.232+0600][22.398s][info][gc,stats    ]     Code Roots                    26095 us
[2026-04-03T01:34:03.232+0600][22.398s][info][gc,stats    ]   Rendezvous                       2778 us
[2026-04-03T01:34:03.232+0600][22.398s][info][gc,stats    ]   Purge Unlinked                  23684 us
[2026-04-03T01:34:03.232+0600][22.398s][info][gc,stats    ]     Code Roots                    23599 us
[2026-04-03T01:34:03.232+0600][22.398s][info][gc,stats    ]     CLDG                             83 us
[2026-04-03T01:34:03.232+0600][22.398s][info][gc,stats    ]     Exception Caches                  0 us
[2026-04-03T01:34:03.232+0600][22.398s][info][gc,stats    ] Concurrent Strong Roots            4811 us, parallelism: 0.18x
[2026-04-03T01:34:03.232+0600][22.398s][info][gc,stats    ]   CSR: <total>                      873 us
[2026-04-03T01:34:03.232+0600][22.398s][info][gc,stats    ]   CSR: VM Strong Roots               57 us, workers (us):  56,   0,   0, ---, ---, ---, 
[2026-04-03T01:34:03.232+0600][22.398s][info][gc,stats    ]   CSR: CLDG Roots                   816 us, workers (us): 816, ---, ---, ---, ---, ---, 
[2026-04-03T01:34:03.232+0600][22.398s][info][gc,stats    ] Concurrent Evacuation              6092 us
[2026-04-03T01:34:03.232+0600][22.398s][info][gc,stats    ] Pause Init Update Refs (G)         2933 us
[2026-04-03T01:34:03.232+0600][22.398s][info][gc,stats    ] Pause Init Update Refs (N)          170 us
[2026-04-03T01:34:03.232+0600][22.398s][info][gc,stats    ]   Manage GCLABs                      26 us
[2026-04-03T01:34:03.232+0600][22.398s][info][gc,stats    ] Concurrent Update Refs            22926 us
[2026-04-03T01:34:03.232+0600][22.398s][info][gc,stats    ] Concurrent Update Thread Roots      936 us
[2026-04-03T01:34:03.232+0600][22.398s][info][gc,stats    ] Pause Final Update Refs (G)        2040 us
[2026-04-03T01:34:03.232+0600][22.398s][info][gc,stats    ] Pause Final Update Refs (N)         232 us
[2026-04-03T01:34:03.232+0600][22.398s][info][gc,stats    ]   Update Region States               77 us
[2026-04-03T01:34:03.232+0600][22.398s][info][gc,stats    ]   Trash Collection Set               17 us
[2026-04-03T01:34:03.232+0600][22.398s][info][gc,stats    ]   Rebuild Free Set                   46 us
[2026-04-03T01:34:03.232+0600][22.398s][info][gc,stats    ] Concurrent Cleanup                 1258 us
[2026-04-03T01:34:03.232+0600][22.398s][info][gc,stats    ] 
[2026-04-03T01:34:03.232+0600][22.398s][info][gc,stats    ] Allocation pacing accrued:
[2026-04-03T01:34:03.232+0600][22.398s][info][gc,stats    ]       0 of  4734 ms (  0.0%): <total>
[2026-04-03T01:34:03.232+0600][22.398s][info][gc,stats    ]       0 of  4734 ms (  0.0%): <average total>
[2026-04-03T01:34:03.232+0600][22.398s][info][gc,stats    ] 
[2026-04-03T01:34:03.232+0600][22.398s][info][gc,metaspace] Metaspace: 54672K(55744K)->54676K(55744K) NonClass: 46238K(46912K)->46241K(46912K) Class: 8433K(8832K)->8435K(8832K)
[2026-04-03T01:34:03.232+0600][22.398s][info][gc,ergo     ] Pacer for Idle. Initial: 80302K, Alloc Tax Rate: 1.0x
[2026-04-03T01:34:05.981+0600][25.147s][info][gc          ] Trigger: Learning 4 of 5. Free (2744M) is below initial threshold (2744M)
[2026-04-03T01:34:05.981+0600][25.147s][info][gc,ergo     ] Free: 2744M, Max: 1024K regular, 2739M humongous, Frag: 1% external, 0% internal; Reserve: 197M, Max: 1024K
[2026-04-03T01:34:05.981+0600][25.147s][info][gc,start    ] GC(4) Concurrent reset
[2026-04-03T01:34:05.981+0600][25.147s][info][gc,task     ] GC(4) Using 3 of 6 workers for concurrent reset
[2026-04-03T01:34:05.981+0600][25.147s][info][gc,ergo     ] GC(4) Pacer for Reset. Non-Taxable: 3921M
[2026-04-03T01:34:05.988+0600][25.154s][info][gc          ] GC(4) Concurrent reset 6.841ms
[2026-04-03T01:34:05.989+0600][25.155s][info][gc,start    ] GC(4) Pause Init Mark (unload classes)
[2026-04-03T01:34:05.989+0600][25.155s][info][gc,task     ] GC(4) Using 6 of 6 workers for init marking
[2026-04-03T01:34:05.989+0600][25.155s][info][gc,ergo     ] GC(4) Pacer for Mark. Expected Live: 13723K, Free: 2742M, Non-Taxable: 274M, Alloc Tax Rate: 0.0x
[2026-04-03T01:34:05.989+0600][25.155s][info][gc          ] GC(4) Pause Init Mark (unload classes) 0.140ms
[2026-04-03T01:34:05.990+0600][25.156s][info][gc,start    ] GC(4) Concurrent marking roots
[2026-04-03T01:34:05.990+0600][25.156s][info][gc,task     ] GC(4) Using 3 of 6 workers for concurrent marking roots
[2026-04-03T01:34:05.991+0600][25.157s][info][gc          ] GC(4) Concurrent marking roots 0.941ms
[2026-04-03T01:34:05.991+0600][25.157s][info][gc,start    ] GC(4) Concurrent marking (unload classes)
[2026-04-03T01:34:05.991+0600][25.157s][info][gc,task     ] GC(4) Using 3 of 6 workers for concurrent marking
[2026-04-03T01:34:06.029+0600][25.195s][info][gc          ] GC(4) Concurrent marking (unload classes) 38.033ms
[2026-04-03T01:34:06.030+0600][25.196s][info][gc,start    ] GC(4) Pause Final Mark (unload classes)
[2026-04-03T01:34:06.030+0600][25.196s][info][gc,task     ] GC(4) Using 6 of 6 workers for final marking
[2026-04-03T01:34:06.030+0600][25.196s][info][gc,ergo     ] GC(4) Adaptive CSet Selection. Target Free: 555M, Actual Free: 3689M, Max CSet: 163M, Min Garbage: 0B
[2026-04-03T01:34:06.030+0600][25.196s][info][gc,ergo     ] GC(4) Collectable Garbage: 961M (99%), Immediate: 786M (81%), CSet: 175M (18%)
[2026-04-03T01:34:06.030+0600][25.196s][info][gc,ergo     ] GC(4) Pacer for Evacuation. Used CSet: 178M, Free: 3492M, Non-Taxable: 349M, Alloc Tax Rate: 1.1x
[2026-04-03T01:34:06.030+0600][25.196s][info][gc          ] GC(4) Pause Final Mark (unload classes) 0.518ms
[2026-04-03T01:34:06.032+0600][25.198s][info][gc,start    ] GC(4) Concurrent thread roots
[2026-04-03T01:34:06.032+0600][25.198s][info][gc,task     ] GC(4) Using 3 of 6 workers for Concurrent thread roots
[2026-04-03T01:34:06.033+0600][25.199s][info][gc          ] GC(4) Concurrent thread roots 1.065ms
[2026-04-03T01:34:06.033+0600][25.199s][info][gc,start    ] GC(4) Concurrent weak references
[2026-04-03T01:34:06.033+0600][25.199s][info][gc,task     ] GC(4) Using 3 of 6 workers for concurrent weak references
[2026-04-03T01:34:06.034+0600][25.200s][info][gc,ref      ] GC(4) Encountered references: Soft: 2589, Weak: 4935, Final: 73, Phantom: 351
[2026-04-03T01:34:06.034+0600][25.200s][info][gc,ref      ] GC(4) Discovered  references: Soft: 0, Weak: 609, Final: 0, Phantom: 345
[2026-04-03T01:34:06.034+0600][25.200s][info][gc,ref      ] GC(4) Enqueued    references: Soft: 0, Weak: 0, Final: 0, Phantom: 0
[2026-04-03T01:34:06.034+0600][25.200s][info][gc          ] GC(4) Concurrent weak references 0.482ms
[2026-04-03T01:34:06.034+0600][25.200s][info][gc,start    ] GC(4) Concurrent weak roots
[2026-04-03T01:34:06.034+0600][25.200s][info][gc,task     ] GC(4) Using 3 of 6 workers for concurrent weak root
[2026-04-03T01:34:06.038+0600][25.204s][info][gc          ] GC(4) Concurrent weak roots 3.842ms
[2026-04-03T01:34:06.038+0600][25.204s][info][gc,start    ] GC(4) Concurrent cleanup
[2026-04-03T01:34:06.040+0600][25.206s][info][gc          ] GC(4) Concurrent cleanup 1037M->252M(1049M) 1.993ms
[2026-04-03T01:34:06.040+0600][25.206s][info][gc,ergo     ] GC(4) Free: 3473M, Max: 1024K regular, 2688M humongous, Frag: 23% external, 0% internal; Reserve: 195M, Max: 1024K
[2026-04-03T01:34:06.040+0600][25.206s][info][gc,start    ] GC(4) Concurrent class unloading
[2026-04-03T01:34:06.040+0600][25.206s][info][gc,task     ] GC(4) Using 3 of 6 workers for concurrent class unloading
[2026-04-03T01:34:06.065+0600][25.231s][info][gc          ] GC(4) Concurrent class unloading 24.620ms
[2026-04-03T01:34:06.065+0600][25.231s][info][gc,start    ] GC(4) Concurrent strong roots
[2026-04-03T01:34:06.065+0600][25.231s][info][gc,task     ] GC(4) Using 3 of 6 workers for concurrent strong root
[2026-04-03T01:34:06.067+0600][25.233s][info][gc          ] GC(4) Concurrent strong roots 1.447ms
[2026-04-03T01:34:06.067+0600][25.233s][info][gc,start    ] GC(4) Concurrent evacuation
[2026-04-03T01:34:06.067+0600][25.233s][info][gc,task     ] GC(4) Using 3 of 6 workers for concurrent evacuation
[2026-04-03T01:34:06.069+0600][25.235s][info][gc          ] GC(4) Concurrent evacuation 2.533ms
[2026-04-03T01:34:06.070+0600][25.236s][info][gc,start    ] GC(4) Pause Init Update Refs
[2026-04-03T01:34:06.070+0600][25.236s][info][gc,ergo     ] GC(4) Pacer for Update Refs. Used: 267M, Free: 3459M, Non-Taxable: 345M, Alloc Tax Rate: 1.1x
[2026-04-03T01:34:06.070+0600][25.236s][info][gc          ] GC(4) Pause Init Update Refs 0.082ms
[2026-04-03T01:34:06.071+0600][25.237s][info][gc,start    ] GC(4) Concurrent update references
[2026-04-03T01:34:06.071+0600][25.237s][info][gc,task     ] GC(4) Using 3 of 6 workers for concurrent reference update
[2026-04-03T01:34:06.101+0600][25.267s][info][gc          ] GC(4) Concurrent update references 29.815ms
[2026-04-03T01:34:06.101+0600][25.267s][info][gc,start    ] GC(4) Concurrent update thread roots
[2026-04-03T01:34:06.102+0600][25.268s][info][gc          ] GC(4) Concurrent update thread roots 0.873ms
[2026-04-03T01:34:06.102+0600][25.268s][info][gc,start    ] GC(4) Pause Final Update Refs
[2026-04-03T01:34:06.102+0600][25.268s][info][gc,task     ] GC(4) Using 6 of 6 workers for final reference update
[2026-04-03T01:34:06.103+0600][25.269s][info][gc          ] GC(4) Pause Final Update Refs 0.189ms
[2026-04-03T01:34:06.103+0600][25.269s][info][gc,start    ] GC(4) Concurrent cleanup
[2026-04-03T01:34:06.104+0600][25.270s][info][gc          ] GC(4) Concurrent cleanup 270M->92M(1049M) 0.878ms
[2026-04-03T01:34:06.104+0600][25.270s][info][gc,ergo     ] Free: 3631M, Max: 1024K regular, 2688M humongous, Frag: 26% external, 0% internal; Reserve: 197M, Max: 1024K
[2026-04-03T01:34:06.105+0600][25.270s][info][gc,stats    ] 
[2026-04-03T01:34:06.105+0600][25.270s][info][gc,stats    ] All times are wall-clock times, except per-root-class counters, that are sum over
[2026-04-03T01:34:06.105+0600][25.271s][info][gc,stats    ] all workers. Dividing the <total> over the root stage time estimates parallelism.
[2026-04-03T01:34:06.105+0600][25.271s][info][gc,stats    ] 
[2026-04-03T01:34:06.105+0600][25.271s][info][gc,stats    ] Concurrent Reset                   6950 us
[2026-04-03T01:34:06.105+0600][25.271s][info][gc,stats    ] Pause Init Mark (G)                1471 us
[2026-04-03T01:34:06.105+0600][25.271s][info][gc,stats    ] Pause Init Mark (N)                 150 us
[2026-04-03T01:34:06.105+0600][25.271s][info][gc,stats    ]   Update Region States               41 us
[2026-04-03T01:34:06.105+0600][25.271s][info][gc,stats    ] Concurrent Mark Roots              1032 us, parallelism: 0.74x
[2026-04-03T01:34:06.105+0600][25.271s][info][gc,stats    ]   CMR: <total>                      765 us
[2026-04-03T01:34:06.105+0600][25.271s][info][gc,stats    ]   CMR: Thread Roots                 556 us, workers (us): 368, 187,   0, ---, ---, ---, 
[2026-04-03T01:34:06.105+0600][25.271s][info][gc,stats    ]   CMR: VM Strong Roots               22 us, workers (us):  21,   1,   0, ---, ---, ---, 
[2026-04-03T01:34:06.105+0600][25.271s][info][gc,stats    ]   CMR: CLDG Roots                   187 us, workers (us): 187, ---, ---, ---, ---, ---, 
[2026-04-03T01:34:06.105+0600][25.271s][info][gc,stats    ] Concurrent Marking                38637 us
[2026-04-03T01:34:06.105+0600][25.271s][info][gc,stats    ] Pause Final Mark (G)               2964 us
[2026-04-03T01:34:06.105+0600][25.271s][info][gc,stats    ] Pause Final Mark (N)                531 us
[2026-04-03T01:34:06.105+0600][25.271s][info][gc,stats    ]   Finish Mark                       164 us
[2026-04-03T01:34:06.105+0600][25.271s][info][gc,stats    ]   Update Region States               66 us
[2026-04-03T01:34:06.105+0600][25.271s][info][gc,stats    ]   Choose Collection Set             140 us
[2026-04-03T01:34:06.105+0600][25.271s][info][gc,stats    ]   Rebuild Free Set                   47 us
[2026-04-03T01:34:06.105+0600][25.271s][info][gc,stats    ] Concurrent Thread Roots            1123 us, parallelism: 0.84x
[2026-04-03T01:34:06.105+0600][25.271s][info][gc,stats    ]   CTR: <total>                      947 us
[2026-04-03T01:34:06.105+0600][25.271s][info][gc,stats    ]   CTR: Thread Roots                 947 us, workers (us): 722, 148,  77, ---, ---, ---, 
[2026-04-03T01:34:06.105+0600][25.271s][info][gc,stats    ] Concurrent Weak References          501 us, parallelism: 0.52x
[2026-04-03T01:34:06.105+0600][25.271s][info][gc,stats    ]   CWRF: <total>                     262 us
[2026-04-03T01:34:06.105+0600][25.271s][info][gc,stats    ]   CWRF: Weak References             262 us, workers (us): 262,   0,   0, ---, ---, ---, 
[2026-04-03T01:34:06.105+0600][25.271s][info][gc,stats    ] Concurrent Weak Roots              3924 us
[2026-04-03T01:34:06.105+0600][25.271s][info][gc,stats    ]   Roots                            2737 us, parallelism: 2.82x
[2026-04-03T01:34:06.105+0600][25.271s][info][gc,stats    ]     CWR: <total>                   7720 us
[2026-04-03T01:34:06.106+0600][25.271s][info][gc,stats    ]     CWR: Code Cache Roots          5154 us, workers (us): 1713, 1676, 1765, ---, ---, ---, 
[2026-04-03T01:34:06.106+0600][25.272s][info][gc,stats    ]     CWR: VM Weak Roots             2528 us, workers (us): 845, 841, 842, ---, ---, ---, 
[2026-04-03T01:34:06.106+0600][25.272s][info][gc,stats    ]     CWR: CLDG Roots                  38 us, workers (us): ---,  38, ---, ---, ---, ---, 
[2026-04-03T01:34:06.106+0600][25.272s][info][gc,stats    ]   Rendezvous                       1067 us
[2026-04-03T01:34:06.106+0600][25.272s][info][gc,stats    ] Concurrent Cleanup                 2093 us
[2026-04-03T01:34:06.106+0600][25.272s][info][gc,stats    ] Concurrent Class Unloading        25038 us
[2026-04-03T01:34:06.106+0600][25.272s][info][gc,stats    ]   Unlink Stale                    16362 us
[2026-04-03T01:34:06.106+0600][25.272s][info][gc,stats    ]     System Dictionary                54 us
[2026-04-03T01:34:06.106+0600][25.272s][info][gc,stats    ]     Weak Class Links                  1 us
[2026-04-03T01:34:06.106+0600][25.272s][info][gc,stats    ]     Code Roots                    16305 us
[2026-04-03T01:34:06.106+0600][25.272s][info][gc,stats    ]   Rendezvous                       2488 us
[2026-04-03T01:34:06.106+0600][25.272s][info][gc,stats    ]   Purge Unlinked                   5722 us
[2026-04-03T01:34:06.106+0600][25.272s][info][gc,stats    ]     Code Roots                     5582 us
[2026-04-03T01:34:06.106+0600][25.272s][info][gc,stats    ]     CLDG                            138 us
[2026-04-03T01:34:06.106+0600][25.272s][info][gc,stats    ]     Exception Caches                  1 us
[2026-04-03T01:34:06.106+0600][25.272s][info][gc,stats    ] Concurrent Strong Roots            1552 us, parallelism: 0.52x
[2026-04-03T01:34:06.106+0600][25.272s][info][gc,stats    ]   CSR: <total>                      802 us
[2026-04-03T01:34:06.106+0600][25.272s][info][gc,stats    ]   CSR: VM Strong Roots               26 us, workers (us):  25,   1,   0, ---, ---, ---, 
[2026-04-03T01:34:06.106+0600][25.272s][info][gc,stats    ]   CSR: CLDG Roots                   777 us, workers (us): 777, ---, ---, ---, ---, ---, 
[2026-04-03T01:34:06.106+0600][25.272s][info][gc,stats    ] Concurrent Evacuation              2636 us
[2026-04-03T01:34:06.106+0600][25.272s][info][gc,stats    ] Pause Init Update Refs (G)         1745 us
[2026-04-03T01:34:06.106+0600][25.272s][info][gc,stats    ] Pause Init Update Refs (N)           95 us
[2026-04-03T01:34:06.106+0600][25.272s][info][gc,stats    ]   Manage GCLABs                      14 us
[2026-04-03T01:34:06.106+0600][25.272s][info][gc,stats    ] Concurrent Update Refs            29944 us
[2026-04-03T01:34:06.106+0600][25.272s][info][gc,stats    ] Concurrent Update Thread Roots     1206 us
[2026-04-03T01:34:06.106+0600][25.272s][info][gc,stats    ] Pause Final Update Refs (G)        1175 us
[2026-04-03T01:34:06.106+0600][25.272s][info][gc,stats    ] Pause Final Update Refs (N)         203 us
[2026-04-03T01:34:06.106+0600][25.272s][info][gc,stats    ]   Update Region States               69 us
[2026-04-03T01:34:06.106+0600][25.272s][info][gc,stats    ]   Trash Collection Set               13 us
[2026-04-03T01:34:06.106+0600][25.272s][info][gc,stats    ]   Rebuild Free Set                   51 us
[2026-04-03T01:34:06.106+0600][25.272s][info][gc,stats    ] Concurrent Cleanup                  936 us
[2026-04-03T01:34:06.106+0600][25.272s][info][gc,stats    ] 
[2026-04-03T01:34:06.106+0600][25.272s][info][gc,stats    ] Allocation pacing accrued:
[2026-04-03T01:34:06.106+0600][25.272s][info][gc,stats    ]       0 of  2874 ms (  0.0%): <total>
[2026-04-03T01:34:06.106+0600][25.272s][info][gc,stats    ]       0 of  2874 ms (  0.0%): <average total>
[2026-04-03T01:34:06.106+0600][25.272s][info][gc,stats    ] 
[2026-04-03T01:34:06.106+0600][25.272s][info][gc,metaspace] Metaspace: 54676K(55744K)->54676K(55744K) NonClass: 46241K(46912K)->46241K(46912K) Class: 8435K(8832K)->8435K(8832K)
[2026-04-03T01:34:06.106+0600][25.272s][info][gc,ergo     ] Pacer for Idle. Initial: 80302K, Alloc Tax Rate: 1.0x
[2026-04-03T01:34:07.618+0600][26.784s][info][gc          ] Trigger: Learning 5 of 5. Free (2744M) is below initial threshold (2744M)
[2026-04-03T01:34:07.618+0600][26.784s][info][gc,ergo     ] Free: 2744M, Max: 1024K regular, 2688M humongous, Frag: 3% external, 0% internal; Reserve: 197M, Max: 1024K
[2026-04-03T01:34:07.619+0600][26.784s][info][gc,start    ] GC(5) Concurrent reset
[2026-04-03T01:34:07.619+0600][26.784s][info][gc,task     ] GC(5) Using 3 of 6 workers for concurrent reset
[2026-04-03T01:34:07.619+0600][26.784s][info][gc,ergo     ] GC(5) Pacer for Reset. Non-Taxable: 3921M
[2026-04-03T01:34:07.625+0600][26.791s][info][gc          ] GC(5) Concurrent reset 6.480ms
[2026-04-03T01:34:07.625+0600][26.791s][info][gc,start    ] GC(5) Pause Init Mark (unload classes)
[2026-04-03T01:34:07.625+0600][26.791s][info][gc,task     ] GC(5) Using 6 of 6 workers for init marking
[2026-04-03T01:34:07.625+0600][26.791s][info][gc,ergo     ] GC(5) Pacer for Mark. Expected Live: 14717K, Free: 2740M, Non-Taxable: 274M, Alloc Tax Rate: 0.0x
[2026-04-03T01:34:07.625+0600][26.791s][info][gc          ] GC(5) Pause Init Mark (unload classes) 0.181ms
[2026-04-03T01:34:07.626+0600][26.792s][info][gc,start    ] GC(5) Concurrent marking roots
[2026-04-03T01:34:07.626+0600][26.792s][info][gc,task     ] GC(5) Using 3 of 6 workers for concurrent marking roots
[2026-04-03T01:34:07.627+0600][26.793s][info][gc          ] GC(5) Concurrent marking roots 0.549ms
[2026-04-03T01:34:07.627+0600][26.793s][info][gc,start    ] GC(5) Concurrent marking (unload classes)
[2026-04-03T01:34:07.627+0600][26.793s][info][gc,task     ] GC(5) Using 3 of 6 workers for concurrent marking
[2026-04-03T01:34:07.649+0600][26.815s][info][gc          ] GC(5) Concurrent marking (unload classes) 22.242ms
[2026-04-03T01:34:07.649+0600][26.815s][info][gc,start    ] GC(5) Pause Final Mark (unload classes)
[2026-04-03T01:34:07.650+0600][26.815s][info][gc,task     ] GC(5) Using 6 of 6 workers for final marking
[2026-04-03T01:34:07.650+0600][26.816s][info][gc,ergo     ] GC(5) Adaptive CSet Selection. Target Free: 555M, Actual Free: 3762M, Max CSet: 163M, Min Garbage: 0B
[2026-04-03T01:34:07.650+0600][26.816s][info][gc,ergo     ] GC(5) Collectable Garbage: 963M (99%), Immediate: 862M (89%), CSet: 101M (10%)
[2026-04-03T01:34:07.650+0600][26.816s][info][gc,ergo     ] GC(5) Pacer for Evacuation. Used CSet: 103M, Free: 3565M, Non-Taxable: 356M, Alloc Tax Rate: 1.1x
[2026-04-03T01:34:07.650+0600][26.816s][info][gc          ] GC(5) Pause Final Mark (unload classes) 0.741ms
[2026-04-03T01:34:07.651+0600][26.816s][info][gc,start    ] GC(5) Concurrent thread roots
[2026-04-03T01:34:07.651+0600][26.817s][info][gc,task     ] GC(5) Using 3 of 6 workers for Concurrent thread roots
[2026-04-03T01:34:07.651+0600][26.817s][info][gc          ] GC(5) Concurrent thread roots 0.944ms
[2026-04-03T01:34:07.652+0600][26.817s][info][gc,start    ] GC(5) Concurrent weak references
[2026-04-03T01:34:07.652+0600][26.817s][info][gc,task     ] GC(5) Using 3 of 6 workers for concurrent weak references
[2026-04-03T01:34:07.652+0600][26.818s][info][gc,ref      ] GC(5) Encountered references: Soft: 2589, Weak: 4935, Final: 73, Phantom: 351
[2026-04-03T01:34:07.653+0600][26.818s][info][gc,ref      ] GC(5) Discovered  references: Soft: 0, Weak: 629, Final: 0, Phantom: 240
[2026-04-03T01:34:07.653+0600][26.818s][info][gc,ref      ] GC(5) Enqueued    references: Soft: 0, Weak: 0, Final: 0, Phantom: 0
[2026-04-03T01:34:07.653+0600][26.819s][info][gc          ] GC(5) Concurrent weak references 1.044ms
[2026-04-03T01:34:07.653+0600][26.819s][info][gc,start    ] GC(5) Concurrent weak roots
[2026-04-03T01:34:07.653+0600][26.819s][info][gc,task     ] GC(5) Using 3 of 6 workers for concurrent weak root
[2026-04-03T01:34:07.657+0600][26.823s][info][gc          ] GC(5) Concurrent weak roots 4.083ms
[2026-04-03T01:34:07.657+0600][26.823s][info][gc,start    ] GC(5) Concurrent cleanup
[2026-04-03T01:34:07.659+0600][26.825s][info][gc          ] GC(5) Concurrent cleanup 1043M->185M(1049M) 2.058ms
[2026-04-03T01:34:07.659+0600][26.825s][info][gc,ergo     ] GC(5) Free: 3540M, Max: 1024K regular, 2682M humongous, Frag: 25% external, 0% internal; Reserve: 195M, Max: 1024K
[2026-04-03T01:34:07.659+0600][26.825s][info][gc,start    ] GC(5) Concurrent class unloading
[2026-04-03T01:34:07.659+0600][26.825s][info][gc,task     ] GC(5) Using 3 of 6 workers for concurrent class unloading
[2026-04-03T01:34:07.673+0600][26.839s][info][gc          ] GC(5) Concurrent class unloading 14.073ms
[2026-04-03T01:34:07.673+0600][26.839s][info][gc,start    ] GC(5) Concurrent strong roots
[2026-04-03T01:34:07.673+0600][26.839s][info][gc,task     ] GC(5) Using 3 of 6 workers for concurrent strong root
[2026-04-03T01:34:07.675+0600][26.841s][info][gc          ] GC(5) Concurrent strong roots 1.574ms
[2026-04-03T01:34:07.675+0600][26.841s][info][gc,start    ] GC(5) Concurrent evacuation
[2026-04-03T01:34:07.675+0600][26.841s][info][gc,task     ] GC(5) Using 3 of 6 workers for concurrent evacuation
[2026-04-03T01:34:07.678+0600][26.843s][info][gc          ] GC(5) Concurrent evacuation 2.601ms
[2026-04-03T01:34:07.678+0600][26.844s][info][gc,start    ] GC(5) Pause Init Update Refs
[2026-04-03T01:34:07.678+0600][26.844s][info][gc,ergo     ] GC(5) Pacer for Update Refs. Used: 196M, Free: 3530M, Non-Taxable: 353M, Alloc Tax Rate: 1.1x
[2026-04-03T01:34:07.678+0600][26.844s][info][gc          ] GC(5) Pause Init Update Refs 0.100ms
[2026-04-03T01:34:07.678+0600][26.844s][info][gc,start    ] GC(5) Concurrent update references
[2026-04-03T01:34:07.678+0600][26.844s][info][gc,task     ] GC(5) Using 3 of 6 workers for concurrent reference update
[2026-04-03T01:34:07.709+0600][26.875s][info][gc          ] GC(5) Concurrent update references 30.873ms
[2026-04-03T01:34:07.709+0600][26.875s][info][gc,start    ] GC(5) Concurrent update thread roots
[2026-04-03T01:34:07.710+0600][26.876s][info][gc          ] GC(5) Concurrent update thread roots 0.443ms
[2026-04-03T01:34:07.710+0600][26.876s][info][gc,start    ] GC(5) Pause Final Update Refs
[2026-04-03T01:34:07.710+0600][26.876s][info][gc,task     ] GC(5) Using 6 of 6 workers for final reference update
[2026-04-03T01:34:07.711+0600][26.876s][info][gc          ] GC(5) Pause Final Update Refs 0.198ms
[2026-04-03T01:34:07.711+0600][26.877s][info][gc,start    ] GC(5) Concurrent cleanup
[2026-04-03T01:34:07.712+0600][26.878s][info][gc          ] GC(5) Concurrent cleanup 198M->94M(1049M) 0.827ms
[2026-04-03T01:34:07.713+0600][26.878s][info][gc,ergo     ] Free: 3629M, Max: 1024K regular, 2681M humongous, Frag: 27% external, 0% internal; Reserve: 197M, Max: 1024K
[2026-04-03T01:34:07.713+0600][26.879s][info][gc,stats    ] 
[2026-04-03T01:34:07.713+0600][26.879s][info][gc,stats    ] All times are wall-clock times, except per-root-class counters, that are sum over
[2026-04-03T01:34:07.713+0600][26.879s][info][gc,stats    ] all workers. Dividing the <total> over the root stage time estimates parallelism.
[2026-04-03T01:34:07.713+0600][26.879s][info][gc,stats    ] 
[2026-04-03T01:34:07.713+0600][26.879s][info][gc,stats    ] Concurrent Reset                   6593 us
[2026-04-03T01:34:07.713+0600][26.879s][info][gc,stats    ] Pause Init Mark (G)                1001 us
[2026-04-03T01:34:07.713+0600][26.879s][info][gc,stats    ] Pause Init Mark (N)                 192 us
[2026-04-03T01:34:07.713+0600][26.879s][info][gc,stats    ]   Update Region States               45 us
[2026-04-03T01:34:07.713+0600][26.879s][info][gc,stats    ] Concurrent Mark Roots               634 us, parallelism: 1.48x
[2026-04-03T01:34:07.713+0600][26.879s][info][gc,stats    ]   CMR: <total>                      936 us
[2026-04-03T01:34:07.713+0600][26.879s][info][gc,stats    ]   CMR: Thread Roots                 542 us, workers (us): 152,  99, 290, ---, ---, ---, 
[2026-04-03T01:34:07.713+0600][26.879s][info][gc,stats    ]   CMR: VM Strong Roots              204 us, workers (us): 188,  15,   1, ---, ---, ---, 
[2026-04-03T01:34:07.713+0600][26.879s][info][gc,stats    ]   CMR: CLDG Roots                   190 us, workers (us): ---, 190, ---, ---, ---, ---, 
[2026-04-03T01:34:07.713+0600][26.879s][info][gc,stats    ] Concurrent Marking                22351 us
[2026-04-03T01:34:07.713+0600][26.879s][info][gc,stats    ] Pause Final Mark (G)               1427 us
[2026-04-03T01:34:07.713+0600][26.879s][info][gc,stats    ] Pause Final Mark (N)                757 us
[2026-04-03T01:34:07.713+0600][26.879s][info][gc,stats    ]   Finish Mark                       288 us
[2026-04-03T01:34:07.713+0600][26.879s][info][gc,stats    ]   Update Region States               75 us
[2026-04-03T01:34:07.713+0600][26.879s][info][gc,stats    ]   Choose Collection Set             180 us
[2026-04-03T01:34:07.713+0600][26.879s][info][gc,stats    ]   Rebuild Free Set                   41 us
[2026-04-03T01:34:07.713+0600][26.879s][info][gc,stats    ] Concurrent Thread Roots            1024 us, parallelism: 0.57x
[2026-04-03T01:34:07.713+0600][26.879s][info][gc,stats    ]   CTR: <total>                      585 us
[2026-04-03T01:34:07.713+0600][26.879s][info][gc,stats    ]   CTR: Thread Roots                 585 us, workers (us): 585,   0,   0, ---, ---, ---, 
[2026-04-03T01:34:07.713+0600][26.879s][info][gc,stats    ] Concurrent Weak References         1061 us, parallelism: 0.30x
[2026-04-03T01:34:07.713+0600][26.879s][info][gc,stats    ]   CWRF: <total>                     316 us
[2026-04-03T01:34:07.713+0600][26.879s][info][gc,stats    ]   CWRF: Weak References             316 us, workers (us): 106, 138,  71, ---, ---, ---, 
[2026-04-03T01:34:07.713+0600][26.879s][info][gc,stats    ] Concurrent Weak Roots              4174 us
[2026-04-03T01:34:07.713+0600][26.879s][info][gc,stats    ]   Roots                            3883 us, parallelism: 2.87x
[2026-04-03T01:34:07.713+0600][26.879s][info][gc,stats    ]     CWR: <total>                  11143 us
[2026-04-03T01:34:07.713+0600][26.879s][info][gc,stats    ]     CWR: Code Cache Roots          5594 us, workers (us): 737, 2458, 2399, ---, ---, ---, 
[2026-04-03T01:34:07.713+0600][26.879s][info][gc,stats    ]     CWR: VM Weak Roots             5504 us, workers (us): 2968, 1272, 1264, ---, ---, ---, 
[2026-04-03T01:34:07.713+0600][26.879s][info][gc,stats    ]     CWR: CLDG Roots                  45 us, workers (us): ---, ---,  45, ---, ---, ---, 
[2026-04-03T01:34:07.713+0600][26.879s][info][gc,stats    ]   Rendezvous                        149 us
[2026-04-03T01:34:07.713+0600][26.879s][info][gc,stats    ] Concurrent Cleanup                 2145 us
[2026-04-03T01:34:07.713+0600][26.879s][info][gc,stats    ] Concurrent Class Unloading        14180 us
[2026-04-03T01:34:07.713+0600][26.879s][info][gc,stats    ]   Unlink Stale                    10626 us
[2026-04-03T01:34:07.713+0600][26.879s][info][gc,stats    ]     System Dictionary                50 us
[2026-04-03T01:34:07.713+0600][26.879s][info][gc,stats    ]     Weak Class Links                  0 us
[2026-04-03T01:34:07.713+0600][26.879s][info][gc,stats    ]     Code Roots                    10572 us
[2026-04-03T01:34:07.713+0600][26.879s][info][gc,stats    ]   Rendezvous                        436 us
[2026-04-03T01:34:07.713+0600][26.879s][info][gc,stats    ]   Purge Unlinked                   2964 us
[2026-04-03T01:34:07.713+0600][26.879s][info][gc,stats    ]     Code Roots                     2934 us
[2026-04-03T01:34:07.713+0600][26.879s][info][gc,stats    ]     CLDG                             28 us
[2026-04-03T01:34:07.713+0600][26.879s][info][gc,stats    ]     Exception Caches                  1 us
[2026-04-03T01:34:07.713+0600][26.879s][info][gc,stats    ] Concurrent Strong Roots            1661 us, parallelism: 0.37x
[2026-04-03T01:34:07.713+0600][26.879s][info][gc,stats    ]   CSR: <total>                      620 us
[2026-04-03T01:34:07.713+0600][26.879s][info][gc,stats    ]   CSR: VM Strong Roots               27 us, workers (us):  24,   1,   2, ---, ---, ---, 
[2026-04-03T01:34:07.713+0600][26.879s][info][gc,stats    ]   CSR: CLDG Roots                   593 us, workers (us): 593, ---, ---, ---, ---, ---, 
[2026-04-03T01:34:07.713+0600][26.879s][info][gc,stats    ] Concurrent Evacuation              2688 us
[2026-04-03T01:34:07.713+0600][26.879s][info][gc,stats    ] Pause Init Update Refs (G)          777 us
[2026-04-03T01:34:07.713+0600][26.879s][info][gc,stats    ] Pause Init Update Refs (N)          112 us
[2026-04-03T01:34:07.713+0600][26.879s][info][gc,stats    ]   Manage GCLABs                      16 us
[2026-04-03T01:34:07.714+0600][26.879s][info][gc,stats    ] Concurrent Update Refs            30979 us
[2026-04-03T01:34:07.714+0600][26.879s][info][gc,stats    ] Concurrent Update Thread Roots      796 us
[2026-04-03T01:34:07.714+0600][26.880s][info][gc,stats    ] Pause Final Update Refs (G)        1033 us
[2026-04-03T01:34:07.714+0600][26.880s][info][gc,stats    ] Pause Final Update Refs (N)         214 us
[2026-04-03T01:34:07.714+0600][26.880s][info][gc,stats    ]   Update Region States               71 us
[2026-04-03T01:34:07.714+0600][26.880s][info][gc,stats    ]   Trash Collection Set               14 us
[2026-04-03T01:34:07.714+0600][26.880s][info][gc,stats    ]   Rebuild Free Set                   41 us
[2026-04-03T01:34:07.714+0600][26.880s][info][gc,stats    ] Concurrent Cleanup                  894 us
[2026-04-03T01:34:07.714+0600][26.880s][info][gc,stats    ] 
[2026-04-03T01:34:07.714+0600][26.880s][info][gc,stats    ] Allocation pacing accrued:
[2026-04-03T01:34:07.714+0600][26.880s][info][gc,stats    ]       0 of  1608 ms (  0.0%): <total>
[2026-04-03T01:34:07.714+0600][26.880s][info][gc,stats    ]       0 of  1608 ms (  0.0%): <average total>
[2026-04-03T01:34:07.714+0600][26.880s][info][gc,stats    ] 
[2026-04-03T01:34:07.714+0600][26.880s][info][gc,metaspace] Metaspace: 54679K(55744K)->54679K(55744K) NonClass: 46241K(46912K)->46241K(46912K) Class: 8438K(8832K)->8438K(8832K)
[2026-04-03T01:34:07.714+0600][26.880s][info][gc,ergo     ] Pacer for Idle. Initial: 80302K, Alloc Tax Rate: 1.0x
[2026-04-03T01:34:10.907+0600][30.073s][info][gc          ] Trigger: Explicit GC request (System.gc())
[2026-04-03T01:34:10.907+0600][30.073s][info][gc,ergo     ] Free: 1659M, Max: 1024K regular, 1658M humongous, Frag: 0% external, 0% internal; Reserve: 197M, Max: 1024K
[2026-04-03T01:34:10.907+0600][30.073s][info][gc,start    ] GC(6) Concurrent reset
[2026-04-03T01:34:10.907+0600][30.073s][info][gc,task     ] GC(6) Using 3 of 6 workers for concurrent reset
[2026-04-03T01:34:10.907+0600][30.073s][info][gc,ergo     ] GC(6) Pacer for Reset. Non-Taxable: 3921M
[2026-04-03T01:34:10.910+0600][30.076s][info][gc          ] GC(6) Concurrent reset 3.083ms
[2026-04-03T01:34:10.911+0600][30.077s][info][gc,start    ] GC(6) Pause Init Mark (unload classes)
[2026-04-03T01:34:10.911+0600][30.077s][info][gc,task     ] GC(6) Using 6 of 6 workers for init marking
[2026-04-03T01:34:10.911+0600][30.077s][info][gc,ref      ] GC(6) Clearing All SoftReferences
[2026-04-03T01:34:10.911+0600][30.077s][info][gc,ergo     ] GC(6) Pacer for Mark. Expected Live: 17070K, Free: 1659M, Non-Taxable: 165M, Alloc Tax Rate: 0.0x
[2026-04-03T01:34:10.911+0600][30.077s][info][gc          ] GC(6) Pause Init Mark (unload classes) 0.169ms
[2026-04-03T01:34:10.911+0600][30.077s][info][gc,start    ] GC(6) Concurrent marking roots
[2026-04-03T01:34:10.911+0600][30.077s][info][gc,task     ] GC(6) Using 3 of 6 workers for concurrent marking roots
[2026-04-03T01:34:10.914+0600][30.080s][info][gc          ] GC(6) Concurrent marking roots 2.538ms
[2026-04-03T01:34:10.914+0600][30.080s][info][gc,start    ] GC(6) Concurrent marking (unload classes)
[2026-04-03T01:34:10.914+0600][30.080s][info][gc,task     ] GC(6) Using 3 of 6 workers for concurrent marking
[2026-04-03T01:34:10.936+0600][30.102s][info][gc          ] GC(6) Concurrent marking (unload classes) 22.261ms
[2026-04-03T01:34:10.937+0600][30.102s][info][gc,start    ] GC(6) Pause Final Mark (unload classes)
[2026-04-03T01:34:10.937+0600][30.103s][info][gc,task     ] GC(6) Using 6 of 6 workers for final marking
[2026-04-03T01:34:10.937+0600][30.103s][info][gc,ergo     ] GC(6) Collectable Garbage: 1969M (96%), Immediate: 1969M (96%), CSet: 0B (0%)
[2026-04-03T01:34:10.937+0600][30.103s][info][gc          ] GC(6) Pause Final Mark (unload classes) 0.583ms
[2026-04-03T01:34:10.937+0600][30.103s][info][gc,start    ] GC(6) Concurrent weak references
[2026-04-03T01:34:10.937+0600][30.103s][info][gc,task     ] GC(6) Using 3 of 6 workers for concurrent weak references
[2026-04-03T01:34:10.938+0600][30.104s][info][gc,ref      ] GC(6) Encountered references: Soft: 2595, Weak: 4785, Final: 73, Phantom: 351
[2026-04-03T01:34:10.938+0600][30.104s][info][gc,ref      ] GC(6) Discovered  references: Soft: 2455, Weak: 443, Final: 0, Phantom: 346
[2026-04-03T01:34:10.938+0600][30.104s][info][gc,ref      ] GC(6) Enqueued    references: Soft: 150, Weak: 135, Final: 0, Phantom: 0
[2026-04-03T01:34:10.938+0600][30.104s][info][gc          ] GC(6) Concurrent weak references 0.738ms
[2026-04-03T01:34:10.938+0600][30.104s][info][gc,start    ] GC(6) Concurrent weak roots
[2026-04-03T01:34:10.938+0600][30.104s][info][gc,task     ] GC(6) Using 3 of 6 workers for concurrent weak root
[2026-04-03T01:34:10.945+0600][30.111s][info][gc          ] GC(6) Concurrent weak roots 6.859ms
[2026-04-03T01:34:10.945+0600][30.111s][info][gc,start    ] GC(6) Concurrent cleanup
[2026-04-03T01:34:10.947+0600][30.113s][info][gc          ] GC(6) Concurrent cleanup 2068M->99M(2073M) 2.070ms
[2026-04-03T01:34:10.947+0600][30.113s][info][gc,ergo     ] GC(6) Free: 3624M, Max: 1024K regular, 1654M humongous, Frag: 55% external, 0% internal; Reserve: 197M, Max: 1024K
[2026-04-03T01:34:10.947+0600][30.113s][info][gc,start    ] GC(6) Concurrent class unloading
[2026-04-03T01:34:10.947+0600][30.113s][info][gc,task     ] GC(6) Using 3 of 6 workers for concurrent class unloading
[2026-04-03T01:34:10.959+0600][30.125s][info][gc          ] GC(6) Concurrent class unloading 12.058ms
[2026-04-03T01:34:10.960+0600][30.126s][info][gc,start    ] GC(6) Pause Final Roots
[2026-04-03T01:34:10.960+0600][30.126s][info][gc          ] GC(6) Pause Final Roots 0.095ms
[2026-04-03T01:34:10.960+0600][30.126s][info][gc,ergo     ] Free: 3623M, Max: 1024K regular, 1654M humongous, Frag: 55% external, 0% internal; Reserve: 197M, Max: 1024K
[2026-04-03T01:34:10.960+0600][30.126s][info][gc,stats    ] 
[2026-04-03T01:34:10.960+0600][30.126s][info][gc,stats    ] All times are wall-clock times, except per-root-class counters, that are sum over
[2026-04-03T01:34:10.960+0600][30.126s][info][gc,stats    ] all workers. Dividing the <total> over the root stage time estimates parallelism.
[2026-04-03T01:34:10.960+0600][30.126s][info][gc,stats    ] 
[2026-04-03T01:34:10.960+0600][30.126s][info][gc,stats    ] Concurrent Reset                   3178 us
[2026-04-03T01:34:10.960+0600][30.126s][info][gc,stats    ] Pause Init Mark (G)                1260 us
[2026-04-03T01:34:10.960+0600][30.126s][info][gc,stats    ] Pause Init Mark (N)                 181 us
[2026-04-03T01:34:10.960+0600][30.126s][info][gc,stats    ]   Update Region States               55 us
[2026-04-03T01:34:10.960+0600][30.126s][info][gc,stats    ] Concurrent Mark Roots              2612 us, parallelism: 0.97x
[2026-04-03T01:34:10.960+0600][30.126s][info][gc,stats    ]   CMR: <total>                     2535 us
[2026-04-03T01:34:10.960+0600][30.126s][info][gc,stats    ]   CMR: Thread Roots                2177 us, workers (us): 2004, 172,   0, ---, ---, ---, 
[2026-04-03T01:34:10.960+0600][30.126s][info][gc,stats    ]   CMR: VM Strong Roots              192 us, workers (us): 191,   1,   0, ---, ---, ---, 
[2026-04-03T01:34:10.960+0600][30.126s][info][gc,stats    ]   CMR: CLDG Roots                   166 us, workers (us): 166, ---, ---, ---, ---, ---, 
[2026-04-03T01:34:10.960+0600][30.126s][info][gc,stats    ] Concurrent Marking                22373 us
[2026-04-03T01:34:10.960+0600][30.126s][info][gc,stats    ] Pause Final Mark (G)                787 us
[2026-04-03T01:34:10.960+0600][30.126s][info][gc,stats    ] Pause Final Mark (N)                599 us
[2026-04-03T01:34:10.960+0600][30.126s][info][gc,stats    ]   Finish Mark                       272 us
[2026-04-03T01:34:10.960+0600][30.126s][info][gc,stats    ]   Update Region States               66 us
[2026-04-03T01:34:10.960+0600][30.126s][info][gc,stats    ]   Choose Collection Set              97 us
[2026-04-03T01:34:10.960+0600][30.126s][info][gc,stats    ]   Rebuild Free Set                   46 us
[2026-04-03T01:34:10.960+0600][30.126s][info][gc,stats    ] Concurrent Weak References          752 us, parallelism: 0.74x
[2026-04-03T01:34:10.960+0600][30.126s][info][gc,stats    ]   CWRF: <total>                     558 us
[2026-04-03T01:34:10.960+0600][30.126s][info][gc,stats    ]   CWRF: Weak References             558 us, workers (us): 558,   0,   0, ---, ---, ---, 
[2026-04-03T01:34:10.960+0600][30.126s][info][gc,stats    ] Concurrent Weak Roots              6992 us
[2026-04-03T01:34:10.960+0600][30.126s][info][gc,stats    ]   Roots                            4325 us, parallelism: 2.56x
[2026-04-03T01:34:10.960+0600][30.126s][info][gc,stats    ]     CWR: <total>                  11076 us
[2026-04-03T01:34:10.960+0600][30.126s][info][gc,stats    ]     CWR: Code Cache Roots          8763 us, workers (us): 2419, 2994, 3350, ---, ---, ---, 
[2026-04-03T01:34:10.960+0600][30.126s][info][gc,stats    ]     CWR: VM Weak Roots             2271 us, workers (us): 1426, 603, 241, ---, ---, ---, 
[2026-04-03T01:34:10.960+0600][30.126s][info][gc,stats    ]     CWR: CLDG Roots                  42 us, workers (us): ---,  42, ---, ---, ---, ---, 
[2026-04-03T01:34:10.960+0600][30.126s][info][gc,stats    ]   Rendezvous                       2472 us
[2026-04-03T01:34:10.961+0600][30.126s][info][gc,stats    ] Concurrent Cleanup                 2175 us
[2026-04-03T01:34:10.961+0600][30.126s][info][gc,stats    ] Concurrent Class Unloading        12181 us
[2026-04-03T01:34:10.961+0600][30.126s][info][gc,stats    ]   Unlink Stale                     9247 us
[2026-04-03T01:34:10.961+0600][30.126s][info][gc,stats    ]     System Dictionary                62 us
[2026-04-03T01:34:10.961+0600][30.126s][info][gc,stats    ]     Weak Class Links                  1 us
[2026-04-03T01:34:10.961+0600][30.126s][info][gc,stats    ]     Code Roots                     9179 us
[2026-04-03T01:34:10.961+0600][30.126s][info][gc,stats    ]   Rendezvous                        230 us
[2026-04-03T01:34:10.961+0600][30.127s][info][gc,stats    ]   Purge Unlinked                   2527 us
[2026-04-03T01:34:10.961+0600][30.127s][info][gc,stats    ]     Code Roots                     2482 us
[2026-04-03T01:34:10.961+0600][30.127s][info][gc,stats    ]     CLDG                             44 us
[2026-04-03T01:34:10.961+0600][30.127s][info][gc,stats    ]     Exception Caches                  1 us
[2026-04-03T01:34:10.961+0600][30.127s][info][gc,stats    ] Pause Final Roots (G)               439 us
[2026-04-03T01:34:10.961+0600][30.127s][info][gc,stats    ] Pause Final Roots (N)               138 us
[2026-04-03T01:34:10.961+0600][30.127s][info][gc,stats    ] 
[2026-04-03T01:34:10.961+0600][30.127s][info][gc,stats    ] Allocation pacing accrued:
[2026-04-03T01:34:10.961+0600][30.127s][info][gc,stats    ]       0 of  3247 ms (  0.0%): <total>
[2026-04-03T01:34:10.961+0600][30.127s][info][gc,stats    ]       0 of  3247 ms (  0.0%): <average total>
[2026-04-03T01:34:10.961+0600][30.127s][info][gc,stats    ] 
[2026-04-03T01:34:10.961+0600][30.127s][info][gc,metaspace] Metaspace: 54967K(55808K)->55038K(55808K) NonClass: 46472K(46976K)->46534K(46976K) Class: 8495K(8832K)->8503K(8832K)
[2026-04-03T01:34:10.961+0600][30.127s][info][gc,ergo     ] Pacer for Idle. Initial: 80302K, Alloc Tax Rate: 1.0x
[2026-04-03T01:34:10.961+0600][30.127s][info][gc,start    ] Concurrent uncommit
[2026-04-03T01:34:11.430+0600][30.596s][info][gc          ] Concurrent uncommit 100M->160M(163M) 469.401ms
[2026-04-03T01:34:15.058+0600][34.224s][info][gc          ] Trigger: Learning 2 of 5. Free (2744M) is below initial threshold (2744M)
[2026-04-03T01:34:15.059+0600][34.225s][info][gc,ergo     ] Free: 2744M, Max: 1024K regular, 1654M humongous, Frag: 40% external, 0% internal; Reserve: 197M, Max: 1024K
[2026-04-03T01:34:15.059+0600][34.225s][info][gc,start    ] GC(7) Concurrent reset
[2026-04-03T01:34:15.059+0600][34.225s][info][gc,task     ] GC(7) Using 3 of 6 workers for concurrent reset
[2026-04-03T01:34:15.059+0600][34.225s][info][gc,ergo     ] GC(7) Pacer for Reset. Non-Taxable: 3921M
[2026-04-03T01:34:15.062+0600][34.228s][info][gc          ] GC(7) Concurrent reset 3.395ms
[2026-04-03T01:34:15.063+0600][34.229s][info][gc,start    ] GC(7) Pause Init Mark (unload classes)
[2026-04-03T01:34:15.063+0600][34.229s][info][gc,task     ] GC(7) Using 6 of 6 workers for init marking
[2026-04-03T01:34:15.063+0600][34.229s][info][gc,ergo     ] GC(7) Pacer for Mark. Expected Live: 18418K, Free: 2742M, Non-Taxable: 274M, Alloc Tax Rate: 0.0x
[2026-04-03T01:34:15.063+0600][34.229s][info][gc          ] GC(7) Pause Init Mark (unload classes) 0.234ms
[2026-04-03T01:34:15.064+0600][34.230s][info][gc,start    ] GC(7) Concurrent marking roots
[2026-04-03T01:34:15.064+0600][34.230s][info][gc,task     ] GC(7) Using 3 of 6 workers for concurrent marking roots
[2026-04-03T01:34:15.065+0600][34.231s][info][gc          ] GC(7) Concurrent marking roots 1.525ms
[2026-04-03T01:34:15.065+0600][34.231s][info][gc,start    ] GC(7) Concurrent marking (unload classes)
[2026-04-03T01:34:15.066+0600][34.231s][info][gc,task     ] GC(7) Using 3 of 6 workers for concurrent marking
[2026-04-03T01:34:15.111+0600][34.277s][info][gc          ] GC(7) Concurrent marking (unload classes) 45.488ms
[2026-04-03T01:34:15.112+0600][34.277s][info][gc,start    ] GC(7) Pause Final Mark (unload classes)
[2026-04-03T01:34:15.112+0600][34.277s][info][gc,task     ] GC(7) Using 6 of 6 workers for final marking
[2026-04-03T01:34:15.112+0600][34.278s][info][gc,ergo     ] GC(7) Adaptive CSet Selection. Target Free: 555M, Actual Free: 3687M, Max CSet: 163M, Min Garbage: 0B
[2026-04-03T01:34:15.112+0600][34.278s][info][gc,ergo     ] GC(7) Collectable Garbage: 961M (99%), Immediate: 775M (80%), CSet: 186M (19%)
[2026-04-03T01:34:15.112+0600][34.278s][info][gc,ergo     ] GC(7) Pacer for Evacuation. Used CSet: 190M, Free: 3491M, Non-Taxable: 349M, Alloc Tax Rate: 1.1x
[2026-04-03T01:34:15.112+0600][34.278s][info][gc          ] GC(7) Pause Final Mark (unload classes) 0.513ms
[2026-04-03T01:34:15.114+0600][34.280s][info][gc,start    ] GC(7) Concurrent thread roots
[2026-04-03T01:34:15.114+0600][34.280s][info][gc,task     ] GC(7) Using 3 of 6 workers for Concurrent thread roots
[2026-04-03T01:34:15.122+0600][34.288s][info][gc          ] GC(7) Concurrent thread roots 7.673ms
[2026-04-03T01:34:15.122+0600][34.288s][info][gc,start    ] GC(7) Concurrent weak references
[2026-04-03T01:34:15.122+0600][34.288s][info][gc,task     ] GC(7) Using 3 of 6 workers for concurrent weak references
[2026-04-03T01:34:15.123+0600][34.289s][info][gc,ref      ] GC(7) Encountered references: Soft: 2510, Weak: 5380, Final: 73, Phantom: 351
[2026-04-03T01:34:15.123+0600][34.289s][info][gc,ref      ] GC(7) Discovered  references: Soft: 0, Weak: 544, Final: 0, Phantom: 175
[2026-04-03T01:34:15.123+0600][34.289s][info][gc,ref      ] GC(7) Enqueued    references: Soft: 0, Weak: 10, Final: 0, Phantom: 0
[2026-04-03T01:34:15.123+0600][34.289s][info][gc          ] GC(7) Concurrent weak references 0.700ms
[2026-04-03T01:34:15.123+0600][34.289s][info][gc,start    ] GC(7) Concurrent weak roots
[2026-04-03T01:34:15.123+0600][34.289s][info][gc,task     ] GC(7) Using 3 of 6 workers for concurrent weak root
[2026-04-03T01:34:15.130+0600][34.295s][info][gc          ] GC(7) Concurrent weak roots 6.574ms
[2026-04-03T01:34:15.130+0600][34.296s][info][gc,start    ] GC(7) Concurrent cleanup
[2026-04-03T01:34:15.131+0600][34.297s][info][gc          ] GC(7) Concurrent cleanup 1032M->257M(1036M) 1.028ms
[2026-04-03T01:34:15.131+0600][34.297s][info][gc,ergo     ] GC(7) Free: 3468M, Max: 1024K regular, 1654M humongous, Frag: 53% external, 0% internal; Reserve: 194M, Max: 1024K
[2026-04-03T01:34:15.131+0600][34.297s][info][gc,start    ] GC(7) Concurrent class unloading
[2026-04-03T01:34:15.131+0600][34.297s][info][gc,task     ] GC(7) Using 3 of 6 workers for concurrent class unloading
[2026-04-03T01:34:15.192+0600][34.358s][info][gc          ] GC(7) Concurrent class unloading 61.329ms
[2026-04-03T01:34:15.192+0600][34.358s][info][gc,start    ] GC(7) Concurrent strong roots
[2026-04-03T01:34:15.192+0600][34.358s][info][gc,task     ] GC(7) Using 3 of 6 workers for concurrent strong root
[2026-04-03T01:34:15.195+0600][34.360s][info][gc          ] GC(7) Concurrent strong roots 2.282ms
[2026-04-03T01:34:15.195+0600][34.361s][info][gc,start    ] GC(7) Concurrent evacuation
[2026-04-03T01:34:15.195+0600][34.361s][info][gc,task     ] GC(7) Using 3 of 6 workers for concurrent evacuation
[2026-04-03T01:34:15.206+0600][34.372s][info][gc          ] GC(7) Concurrent evacuation 11.407ms
[2026-04-03T01:34:15.206+0600][34.372s][info][gc,start    ] GC(7) Pause Init Update Refs
[2026-04-03T01:34:15.206+0600][34.372s][info][gc,ergo     ] GC(7) Pacer for Update Refs. Used: 264M, Free: 3464M, Non-Taxable: 346M, Alloc Tax Rate: 1.1x
[2026-04-03T01:34:15.207+0600][34.372s][info][gc          ] GC(7) Pause Init Update Refs 0.123ms
[2026-04-03T01:34:15.207+0600][34.373s][info][gc,start    ] GC(7) Concurrent update references
[2026-04-03T01:34:15.207+0600][34.373s][info][gc,task     ] GC(7) Using 3 of 6 workers for concurrent reference update
[2026-04-03T01:34:15.240+0600][34.406s][info][gc          ] GC(7) Concurrent update references 33.384ms
[2026-04-03T01:34:15.241+0600][34.406s][info][gc,start    ] GC(7) Concurrent update thread roots
[2026-04-03T01:34:15.246+0600][34.412s][info][gc          ] GC(7) Concurrent update thread roots 5.471ms
[2026-04-03T01:34:15.246+0600][34.412s][info][gc,start    ] GC(7) Pause Final Update Refs
[2026-04-03T01:34:15.246+0600][34.412s][info][gc,task     ] GC(7) Using 6 of 6 workers for final reference update
[2026-04-03T01:34:15.247+0600][34.413s][info][gc          ] GC(7) Pause Final Update Refs 0.209ms
[2026-04-03T01:34:15.248+0600][34.414s][info][gc,start    ] GC(7) Concurrent cleanup
[2026-04-03T01:34:15.249+0600][34.415s][info][gc          ] GC(7) Concurrent cleanup 267M->77M(1039M) 0.878ms
[2026-04-03T01:34:15.249+0600][34.415s][info][gc,ergo     ] Free: 3646M, Max: 1024K regular, 2766M humongous, Frag: 25% external, 0% internal; Reserve: 197M, Max: 1024K
[2026-04-03T01:34:15.249+0600][34.415s][info][gc,stats    ] 
[2026-04-03T01:34:15.249+0600][34.415s][info][gc,stats    ] All times are wall-clock times, except per-root-class counters, that are sum over
[2026-04-03T01:34:15.249+0600][34.415s][info][gc,stats    ] all workers. Dividing the <total> over the root stage time estimates parallelism.
[2026-04-03T01:34:15.249+0600][34.415s][info][gc,stats    ] 
[2026-04-03T01:34:15.249+0600][34.415s][info][gc,stats    ] Concurrent Reset                   3501 us
[2026-04-03T01:34:15.249+0600][34.415s][info][gc,stats    ] Pause Init Mark (G)                1512 us
[2026-04-03T01:34:15.249+0600][34.415s][info][gc,stats    ] Pause Init Mark (N)                 256 us
[2026-04-03T01:34:15.249+0600][34.415s][info][gc,stats    ]   Update Region States               77 us
[2026-04-03T01:34:15.249+0600][34.415s][info][gc,stats    ] Concurrent Mark Roots              1608 us, parallelism: 1.31x
[2026-04-03T01:34:15.249+0600][34.415s][info][gc,stats    ]   CMR: <total>                     2107 us
[2026-04-03T01:34:15.249+0600][34.415s][info][gc,stats    ]   CMR: Thread Roots                1870 us, workers (us): 925, 495, 449, ---, ---, ---, 
[2026-04-03T01:34:15.249+0600][34.415s][info][gc,stats    ]   CMR: VM Strong Roots               64 us, workers (us):  61,   1,   1, ---, ---, ---, 
[2026-04-03T01:34:15.249+0600][34.415s][info][gc,stats    ]   CMR: CLDG Roots                   173 us, workers (us): 173, ---, ---, ---, ---, ---, 
[2026-04-03T01:34:15.249+0600][34.415s][info][gc,stats    ] Concurrent Marking                45599 us
[2026-04-03T01:34:15.249+0600][34.415s][info][gc,stats    ] Pause Final Mark (G)               3299 us
[2026-04-03T01:34:15.249+0600][34.415s][info][gc,stats    ] Pause Final Mark (N)                526 us
[2026-04-03T01:34:15.249+0600][34.415s][info][gc,stats    ]   Finish Mark                       170 us
[2026-04-03T01:34:15.249+0600][34.415s][info][gc,stats    ]   Update Region States               69 us
[2026-04-03T01:34:15.249+0600][34.415s][info][gc,stats    ]   Choose Collection Set             133 us
[2026-04-03T01:34:15.249+0600][34.415s][info][gc,stats    ]   Rebuild Free Set                   49 us
[2026-04-03T01:34:15.249+0600][34.415s][info][gc,stats    ] Concurrent Thread Roots            7810 us, parallelism: 0.56x
[2026-04-03T01:34:15.249+0600][34.415s][info][gc,stats    ]   CTR: <total>                     4355 us
[2026-04-03T01:34:15.249+0600][34.415s][info][gc,stats    ]   CTR: Thread Roots                4355 us, workers (us): 1462, 2168, 725, ---, ---, ---, 
[2026-04-03T01:34:15.249+0600][34.415s][info][gc,stats    ] Concurrent Weak References          727 us, parallelism: 0.42x
[2026-04-03T01:34:15.249+0600][34.415s][info][gc,stats    ]   CWRF: <total>                     308 us
[2026-04-03T01:34:15.249+0600][34.415s][info][gc,stats    ]   CWRF: Weak References             308 us, workers (us): 308,   0,   0, ---, ---, ---, 
[2026-04-03T01:34:15.249+0600][34.415s][info][gc,stats    ] Concurrent Weak Roots              6674 us
[2026-04-03T01:34:15.249+0600][34.415s][info][gc,stats    ]   Roots                            6422 us, parallelism: 1.96x
[2026-04-03T01:34:15.249+0600][34.415s][info][gc,stats    ]     CWR: <total>                  12558 us
[2026-04-03T01:34:15.249+0600][34.415s][info][gc,stats    ]     CWR: Code Cache Roots          5115 us, workers (us):   1, 2610, 2504, ---, ---, ---, 
[2026-04-03T01:34:15.249+0600][34.415s][info][gc,stats    ]     CWR: VM Weak Roots             7393 us, workers (us): 6311, 633, 449, ---, ---, ---, 
[2026-04-03T01:34:15.249+0600][34.415s][info][gc,stats    ]     CWR: CLDG Roots                  50 us, workers (us): ---, ---,  50, ---, ---, ---, 
[2026-04-03T01:34:15.249+0600][34.415s][info][gc,stats    ]   Rendezvous                        119 us
[2026-04-03T01:34:15.249+0600][34.415s][info][gc,stats    ] Concurrent Cleanup                 1122 us
[2026-04-03T01:34:15.249+0600][34.415s][info][gc,stats    ] Concurrent Class Unloading        61448 us
[2026-04-03T01:34:15.249+0600][34.415s][info][gc,stats    ]   Unlink Stale                    55278 us
[2026-04-03T01:34:15.249+0600][34.415s][info][gc,stats    ]     System Dictionary               186 us
[2026-04-03T01:34:15.249+0600][34.415s][info][gc,stats    ]     Weak Class Links              27489 us
[2026-04-03T01:34:15.250+0600][34.415s][info][gc,stats    ]     Code Roots                    27598 us
[2026-04-03T01:34:15.250+0600][34.415s][info][gc,stats    ]   Rendezvous                        301 us
[2026-04-03T01:34:15.250+0600][34.415s][info][gc,stats    ]   Purge Unlinked                   5716 us
[2026-04-03T01:34:15.250+0600][34.415s][info][gc,stats    ]     Code Roots                     5554 us
[2026-04-03T01:34:15.250+0600][34.415s][info][gc,stats    ]     CLDG                            160 us
[2026-04-03T01:34:15.250+0600][34.415s][info][gc,stats    ]     Exception Caches                  1 us
[2026-04-03T01:34:15.250+0600][34.415s][info][gc,stats    ] Concurrent Strong Roots            2381 us, parallelism: 0.46x
[2026-04-03T01:34:15.250+0600][34.416s][info][gc,stats    ]   CSR: <total>                     1107 us
[2026-04-03T01:34:15.250+0600][34.416s][info][gc,stats    ]   CSR: VM Strong Roots               63 us, workers (us):  61,   1,   0, ---, ---, ---, 
[2026-04-03T01:34:15.250+0600][34.416s][info][gc,stats    ]   CSR: CLDG Roots                  1044 us, workers (us): 1044, ---, ---, ---, ---, ---, 
[2026-04-03T01:34:15.250+0600][34.416s][info][gc,stats    ] Concurrent Evacuation             11520 us
[2026-04-03T01:34:15.250+0600][34.416s][info][gc,stats    ] Pause Init Update Refs (G)          886 us
[2026-04-03T01:34:15.250+0600][34.416s][info][gc,stats    ] Pause Init Update Refs (N)          141 us
[2026-04-03T01:34:15.250+0600][34.416s][info][gc,stats    ]   Manage GCLABs                      27 us
[2026-04-03T01:34:15.250+0600][34.416s][info][gc,stats    ] Concurrent Update Refs            33502 us
[2026-04-03T01:34:15.250+0600][34.416s][info][gc,stats    ] Concurrent Update Thread Roots     5583 us
[2026-04-03T01:34:15.250+0600][34.416s][info][gc,stats    ] Pause Final Update Refs (G)        1705 us
[2026-04-03T01:34:15.250+0600][34.416s][info][gc,stats    ] Pause Final Update Refs (N)         239 us
[2026-04-03T01:34:15.250+0600][34.416s][info][gc,stats    ]   Update Region States               71 us
[2026-04-03T01:34:15.250+0600][34.416s][info][gc,stats    ]   Trash Collection Set               12 us
[2026-04-03T01:34:15.250+0600][34.416s][info][gc,stats    ]   Rebuild Free Set                   45 us
[2026-04-03T01:34:15.250+0600][34.416s][info][gc,stats    ] Concurrent Cleanup                  959 us
[2026-04-03T01:34:15.250+0600][34.416s][info][gc,stats    ] 
[2026-04-03T01:34:15.250+0600][34.416s][info][gc,stats    ] Allocation pacing accrued:
[2026-04-03T01:34:15.250+0600][34.416s][info][gc,stats    ]       0 of  4289 ms (  0.0%): <total>
[2026-04-03T01:34:15.250+0600][34.416s][info][gc,stats    ]       0 of  4289 ms (  0.0%): <average total>
[2026-04-03T01:34:15.250+0600][34.416s][info][gc,stats    ] 
[2026-04-03T01:34:15.250+0600][34.416s][info][gc,metaspace] Metaspace: 55062K(55808K)->55052K(55808K) NonClass: 46558K(46976K)->46551K(46976K) Class: 8504K(8832K)->8501K(8832K)
[2026-04-03T01:34:15.250+0600][34.416s][info][gc,ergo     ] Pacer for Idle. Initial: 80302K, Alloc Tax Rate: 1.0x
[2026-04-03T01:34:17.304+0600][36.470s][info][gc          ] Trigger: Learning 3 of 5. Free (2743M) is below initial threshold (2744M)
[2026-04-03T01:34:17.305+0600][36.471s][info][gc,ergo     ] Free: 2743M, Max: 1024K regular, 2741M humongous, Frag: 0% external, 0% internal; Reserve: 197M, Max: 1024K
[2026-04-03T01:34:17.305+0600][36.471s][info][gc,start    ] GC(8) Concurrent reset
[2026-04-03T01:34:17.305+0600][36.471s][info][gc,task     ] GC(8) Using 3 of 6 workers for concurrent reset
[2026-04-03T01:34:17.305+0600][36.471s][info][gc,ergo     ] GC(8) Pacer for Reset. Non-Taxable: 3921M
[2026-04-03T01:34:17.314+0600][36.480s][info][gc          ] GC(8) Concurrent reset 9.507ms
[2026-04-03T01:34:17.315+0600][36.481s][info][gc,start    ] GC(8) Pause Init Mark (unload classes)
[2026-04-03T01:34:17.315+0600][36.481s][info][gc,task     ] GC(8) Using 6 of 6 workers for init marking
[2026-04-03T01:34:17.315+0600][36.481s][info][gc,ergo     ] GC(8) Pacer for Mark. Expected Live: 18378K, Free: 2740M, Non-Taxable: 274M, Alloc Tax Rate: 0.0x
[2026-04-03T01:34:17.315+0600][36.481s][info][gc          ] GC(8) Pause Init Mark (unload classes) 0.138ms
[2026-04-03T01:34:17.315+0600][36.481s][info][gc,start    ] GC(8) Concurrent marking roots
[2026-04-03T01:34:17.315+0600][36.481s][info][gc,task     ] GC(8) Using 3 of 6 workers for concurrent marking roots
[2026-04-03T01:34:17.317+0600][36.483s][info][gc          ] GC(8) Concurrent marking roots 1.576ms
[2026-04-03T01:34:17.317+0600][36.483s][info][gc,start    ] GC(8) Concurrent marking (unload classes)
[2026-04-03T01:34:17.317+0600][36.483s][info][gc,task     ] GC(8) Using 3 of 6 workers for concurrent marking
[2026-04-03T01:34:17.354+0600][36.520s][info][gc          ] GC(8) Concurrent marking (unload classes) 37.278ms
[2026-04-03T01:34:17.355+0600][36.521s][info][gc,start    ] GC(8) Pause Final Mark (unload classes)
[2026-04-03T01:34:17.355+0600][36.521s][info][gc,task     ] GC(8) Using 6 of 6 workers for final marking
[2026-04-03T01:34:17.355+0600][36.521s][info][gc,ergo     ] GC(8) Adaptive CSet Selection. Target Free: 555M, Actual Free: 3769M, Max CSet: 163M, Min Garbage: 0B
[2026-04-03T01:34:17.355+0600][36.521s][info][gc,ergo     ] GC(8) Collectable Garbage: 962M (99%), Immediate: 859M (89%), CSet: 103M (10%)
[2026-04-03T01:34:17.355+0600][36.521s][info][gc,ergo     ] GC(8) Pacer for Evacuation. Used CSet: 106M, Free: 3574M, Non-Taxable: 357M, Alloc Tax Rate: 1.1x
[2026-04-03T01:34:17.355+0600][36.521s][info][gc          ] GC(8) Pause Final Mark (unload classes) 0.555ms
[2026-04-03T01:34:17.355+0600][36.521s][info][gc,start    ] GC(8) Concurrent thread roots
[2026-04-03T01:34:17.355+0600][36.521s][info][gc,task     ] GC(8) Using 3 of 6 workers for Concurrent thread roots
[2026-04-03T01:34:17.356+0600][36.522s][info][gc          ] GC(8) Concurrent thread roots 0.963ms
[2026-04-03T01:34:17.357+0600][36.523s][info][gc,start    ] GC(8) Concurrent weak references
[2026-04-03T01:34:17.357+0600][36.523s][info][gc,task     ] GC(8) Using 3 of 6 workers for concurrent weak references
[2026-04-03T01:34:17.358+0600][36.524s][info][gc,ref      ] GC(8) Encountered references: Soft: 2510, Weak: 5365, Final: 73, Phantom: 351
[2026-04-03T01:34:17.358+0600][36.524s][info][gc,ref      ] GC(8) Discovered  references: Soft: 0, Weak: 763, Final: 3, Phantom: 174
[2026-04-03T01:34:17.358+0600][36.524s][info][gc,ref      ] GC(8) Enqueued    references: Soft: 0, Weak: 2, Final: 0, Phantom: 0
[2026-04-03T01:34:17.358+0600][36.524s][info][gc          ] GC(8) Concurrent weak references 1.508ms
[2026-04-03T01:34:17.358+0600][36.524s][info][gc,start    ] GC(8) Concurrent weak roots
[2026-04-03T01:34:17.358+0600][36.524s][info][gc,task     ] GC(8) Using 3 of 6 workers for concurrent weak root
[2026-04-03T01:34:17.362+0600][36.528s][info][gc          ] GC(8) Concurrent weak roots 3.662ms
[2026-04-03T01:34:17.362+0600][36.528s][info][gc,start    ] GC(8) Concurrent cleanup
[2026-04-03T01:34:17.363+0600][36.529s][info][gc          ] GC(8) Concurrent cleanup 1033M->174M(1116M) 0.923ms
[2026-04-03T01:34:17.363+0600][36.529s][info][gc,ergo     ] GC(8) Free: 3551M, Max: 1024K regular, 2690M humongous, Frag: 25% external, 0% internal; Reserve: 195M, Max: 1024K
[2026-04-03T01:34:17.363+0600][36.529s][info][gc,start    ] GC(8) Concurrent class unloading
[2026-04-03T01:34:17.363+0600][36.529s][info][gc,task     ] GC(8) Using 3 of 6 workers for concurrent class unloading
[2026-04-03T01:34:17.381+0600][36.547s][info][gc          ] GC(8) Concurrent class unloading 18.361ms
[2026-04-03T01:34:17.382+0600][36.547s][info][gc,start    ] GC(8) Concurrent strong roots
[2026-04-03T01:34:17.382+0600][36.547s][info][gc,task     ] GC(8) Using 3 of 6 workers for concurrent strong root
[2026-04-03T01:34:17.382+0600][36.548s][info][gc          ] GC(8) Concurrent strong roots 0.957ms
[2026-04-03T01:34:17.383+0600][36.548s][info][gc,start    ] GC(8) Concurrent evacuation
[2026-04-03T01:34:17.383+0600][36.549s][info][gc,task     ] GC(8) Using 3 of 6 workers for concurrent evacuation
[2026-04-03T01:34:17.389+0600][36.555s][info][gc          ] GC(8) Concurrent evacuation 6.203ms
[2026-04-03T01:34:17.389+0600][36.555s][info][gc,start    ] GC(8) Pause Init Update Refs
[2026-04-03T01:34:17.389+0600][36.555s][info][gc,ergo     ] GC(8) Pacer for Update Refs. Used: 179M, Free: 3548M, Non-Taxable: 354M, Alloc Tax Rate: 1.1x
[2026-04-03T01:34:17.389+0600][36.555s][info][gc          ] GC(8) Pause Init Update Refs 0.145ms
[2026-04-03T01:34:17.389+0600][36.555s][info][gc,start    ] GC(8) Concurrent update references
[2026-04-03T01:34:17.389+0600][36.555s][info][gc,task     ] GC(8) Using 3 of 6 workers for concurrent reference update
[2026-04-03T01:34:17.409+0600][36.575s][info][gc          ] GC(8) Concurrent update references 19.269ms
[2026-04-03T01:34:17.409+0600][36.575s][info][gc,start    ] GC(8) Concurrent update thread roots
[2026-04-03T01:34:17.409+0600][36.575s][info][gc          ] GC(8) Concurrent update thread roots 0.532ms
[2026-04-03T01:34:17.410+0600][36.575s][info][gc,start    ] GC(8) Pause Final Update Refs
[2026-04-03T01:34:17.410+0600][36.576s][info][gc,task     ] GC(8) Using 6 of 6 workers for final reference update
[2026-04-03T01:34:17.410+0600][36.576s][info][gc          ] GC(8) Pause Final Update Refs 0.296ms
[2026-04-03T01:34:17.410+0600][36.576s][info][gc,start    ] GC(8) Concurrent cleanup
[2026-04-03T01:34:17.411+0600][36.577s][info][gc          ] GC(8) Concurrent cleanup 179M->74M(1116M) 0.786ms
[2026-04-03T01:34:17.411+0600][36.577s][info][gc,ergo     ] Free: 3649M, Max: 1024K regular, 2690M humongous, Frag: 27% external, 0% internal; Reserve: 197M, Max: 1024K
[2026-04-03T01:34:17.411+0600][36.577s][info][gc,stats    ] 
[2026-04-03T01:34:17.411+0600][36.577s][info][gc,stats    ] All times are wall-clock times, except per-root-class counters, that are sum over
[2026-04-03T01:34:17.411+0600][36.577s][info][gc,stats    ] all workers. Dividing the <total> over the root stage time estimates parallelism.
[2026-04-03T01:34:17.411+0600][36.577s][info][gc,stats    ] 
[2026-04-03T01:34:17.411+0600][36.577s][info][gc,stats    ] Concurrent Reset                   9605 us
[2026-04-03T01:34:17.411+0600][36.577s][info][gc,stats    ] Pause Init Mark (G)                 911 us
[2026-04-03T01:34:17.411+0600][36.577s][info][gc,stats    ] Pause Init Mark (N)                 148 us
[2026-04-03T01:34:17.411+0600][36.577s][info][gc,stats    ]   Update Region States               63 us
[2026-04-03T01:34:17.411+0600][36.577s][info][gc,stats    ] Concurrent Mark Roots              1651 us, parallelism: 1.33x
[2026-04-03T01:34:17.411+0600][36.577s][info][gc,stats    ]   CMR: <total>                     2189 us
[2026-04-03T01:34:17.411+0600][36.577s][info][gc,stats    ]   CMR: Thread Roots                1628 us, workers (us): 742, 803,  84, ---, ---, ---, 
[2026-04-03T01:34:17.411+0600][36.577s][info][gc,stats    ]   CMR: VM Strong Roots              384 us, workers (us): 188, 196,   0, ---, ---, ---, 
[2026-04-03T01:34:17.411+0600][36.577s][info][gc,stats    ]   CMR: CLDG Roots                   177 us, workers (us): 177, ---, ---, ---, ---, ---, 
[2026-04-03T01:34:17.411+0600][36.577s][info][gc,stats    ] Concurrent Marking                37385 us
[2026-04-03T01:34:17.411+0600][36.577s][info][gc,stats    ] Pause Final Mark (G)                958 us
[2026-04-03T01:34:17.411+0600][36.577s][info][gc,stats    ] Pause Final Mark (N)                573 us
[2026-04-03T01:34:17.411+0600][36.577s][info][gc,stats    ]   Finish Mark                       149 us
[2026-04-03T01:34:17.411+0600][36.577s][info][gc,stats    ]   Update Region States               66 us
[2026-04-03T01:34:17.411+0600][36.577s][info][gc,stats    ]   Choose Collection Set             140 us
[2026-04-03T01:34:17.411+0600][36.577s][info][gc,stats    ]   Rebuild Free Set                   38 us
[2026-04-03T01:34:17.411+0600][36.577s][info][gc,stats    ] Concurrent Thread Roots            1259 us, parallelism: 1.84x
[2026-04-03T01:34:17.411+0600][36.577s][info][gc,stats    ]   CTR: <total>                     2315 us
[2026-04-03T01:34:17.411+0600][36.577s][info][gc,stats    ]   CTR: Thread Roots                2315 us, workers (us): 827, 753, 735, ---, ---, ---, 
[2026-04-03T01:34:17.411+0600][36.577s][info][gc,stats    ] Concurrent Weak References         1560 us, parallelism: 0.71x
[2026-04-03T01:34:17.411+0600][36.577s][info][gc,stats    ]   CWRF: <total>                    1111 us
[2026-04-03T01:34:17.411+0600][36.577s][info][gc,stats    ]   CWRF: Weak References            1111 us, workers (us): 1111,   1,   0, ---, ---, ---, 
[2026-04-03T01:34:17.411+0600][36.577s][info][gc,stats    ] Concurrent Weak Roots              3764 us
[2026-04-03T01:34:17.411+0600][36.577s][info][gc,stats    ]   Roots                            3396 us, parallelism: 2.85x
[2026-04-03T01:34:17.411+0600][36.577s][info][gc,stats    ]     CWR: <total>                   9662 us
[2026-04-03T01:34:17.411+0600][36.577s][info][gc,stats    ]     CWR: Code Cache Roots          5774 us, workers (us): 1677, 2048, 2049, ---, ---, ---, 
[2026-04-03T01:34:17.411+0600][36.577s][info][gc,stats    ]     CWR: VM Weak Roots             3851 us, workers (us): 1514, 1170, 1167, ---, ---, ---, 
[2026-04-03T01:34:17.411+0600][36.577s][info][gc,stats    ]     CWR: CLDG Roots                  38 us, workers (us): ---,  38, ---, ---, ---, ---, 
[2026-04-03T01:34:17.411+0600][36.577s][info][gc,stats    ]   Rendezvous                        219 us
[2026-04-03T01:34:17.411+0600][36.577s][info][gc,stats    ] Concurrent Cleanup                  983 us
[2026-04-03T01:34:17.411+0600][36.577s][info][gc,stats    ] Concurrent Class Unloading        18483 us
[2026-04-03T01:34:17.411+0600][36.577s][info][gc,stats    ]   Unlink Stale                    13849 us
[2026-04-03T01:34:17.411+0600][36.577s][info][gc,stats    ]     System Dictionary                46 us
[2026-04-03T01:34:17.411+0600][36.577s][info][gc,stats    ]     Weak Class Links                  1 us
[2026-04-03T01:34:17.411+0600][36.577s][info][gc,stats    ]     Code Roots                    13797 us
[2026-04-03T01:34:17.411+0600][36.577s][info][gc,stats    ]   Rendezvous                        604 us
[2026-04-03T01:34:17.411+0600][36.577s][info][gc,stats    ]   Purge Unlinked                   3856 us
[2026-04-03T01:34:17.411+0600][36.577s][info][gc,stats    ]     Code Roots                     3799 us
[2026-04-03T01:34:17.411+0600][36.577s][info][gc,stats    ]     CLDG                             55 us
[2026-04-03T01:34:17.411+0600][36.577s][info][gc,stats    ]     Exception Caches                  1 us
[2026-04-03T01:34:17.412+0600][36.577s][info][gc,stats    ] Concurrent Strong Roots            1040 us, parallelism: 0.74x
[2026-04-03T01:34:17.412+0600][36.577s][info][gc,stats    ]   CSR: <total>                      774 us
[2026-04-03T01:34:17.412+0600][36.577s][info][gc,stats    ]   CSR: VM Strong Roots               42 us, workers (us):  16,  16,  10, ---, ---, ---, 
[2026-04-03T01:34:17.412+0600][36.577s][info][gc,stats    ]   CSR: CLDG Roots                   732 us, workers (us): ---, ---, 732, ---, ---, ---, 
[2026-04-03T01:34:17.412+0600][36.577s][info][gc,stats    ] Concurrent Evacuation              6290 us
[2026-04-03T01:34:17.412+0600][36.577s][info][gc,stats    ] Pause Init Update Refs (G)          481 us
[2026-04-03T01:34:17.412+0600][36.577s][info][gc,stats    ] Pause Init Update Refs (N)          163 us
[2026-04-03T01:34:17.412+0600][36.578s][info][gc,stats    ]   Manage GCLABs                      23 us
[2026-04-03T01:34:17.412+0600][36.578s][info][gc,stats    ] Concurrent Update Refs            19406 us
[2026-04-03T01:34:17.412+0600][36.578s][info][gc,stats    ] Concurrent Update Thread Roots      637 us
[2026-04-03T01:34:17.412+0600][36.578s][info][gc,stats    ] Pause Final Update Refs (G)         554 us
[2026-04-03T01:34:17.412+0600][36.578s][info][gc,stats    ] Pause Final Update Refs (N)         317 us
[2026-04-03T01:34:17.412+0600][36.578s][info][gc,stats    ]   Update Region States               91 us
[2026-04-03T01:34:17.412+0600][36.578s][info][gc,stats    ]   Trash Collection Set               19 us
[2026-04-03T01:34:17.412+0600][36.578s][info][gc,stats    ]   Rebuild Free Set                   93 us
[2026-04-03T01:34:17.412+0600][36.578s][info][gc,stats    ] Concurrent Cleanup                  843 us
[2026-04-03T01:34:17.412+0600][36.578s][info][gc,stats    ] 
[2026-04-03T01:34:17.412+0600][36.578s][info][gc,stats    ] Allocation pacing accrued:
[2026-04-03T01:34:17.412+0600][36.578s][info][gc,stats    ]       0 of  2162 ms (  0.0%): <total>
[2026-04-03T01:34:17.412+0600][36.578s][info][gc,stats    ]       0 of  2162 ms (  0.0%): <average total>
[2026-04-03T01:34:17.412+0600][36.578s][info][gc,stats    ] 
[2026-04-03T01:34:17.412+0600][36.578s][info][gc,metaspace] Metaspace: 55057K(55808K)->55057K(55808K) NonClass: 46556K(46976K)->46556K(46976K) Class: 8501K(8832K)->8501K(8832K)
[2026-04-03T01:34:17.412+0600][36.578s][info][gc,ergo     ] Pacer for Idle. Initial: 80302K, Alloc Tax Rate: 1.0x
[2026-04-03T01:34:18.563+0600][37.729s][info][gc          ] Trigger: Learning 4 of 5. Free (2744M) is below initial threshold (2744M)
[2026-04-03T01:34:18.563+0600][37.729s][info][gc,ergo     ] Free: 2744M, Max: 1024K regular, 2690M humongous, Frag: 2% external, 0% internal; Reserve: 197M, Max: 1024K
[2026-04-03T01:34:18.563+0600][37.729s][info][gc,start    ] GC(9) Concurrent reset
[2026-04-03T01:34:18.563+0600][37.729s][info][gc,task     ] GC(9) Using 3 of 6 workers for concurrent reset
[2026-04-03T01:34:18.563+0600][37.729s][info][gc,ergo     ] GC(9) Pacer for Reset. Non-Taxable: 3921M
[2026-04-03T01:34:18.569+0600][37.735s][info][gc          ] GC(9) Concurrent reset 6.009ms
[2026-04-03T01:34:18.569+0600][37.735s][info][gc,start    ] GC(9) Pause Init Mark (unload classes)
[2026-04-03T01:34:18.569+0600][37.735s][info][gc,task     ] GC(9) Using 6 of 6 workers for init marking
[2026-04-03T01:34:18.569+0600][37.735s][info][gc,ergo     ] GC(9) Pacer for Mark. Expected Live: 18332K, Free: 2741M, Non-Taxable: 274M, Alloc Tax Rate: 0.0x
[2026-04-03T01:34:18.569+0600][37.735s][info][gc          ] GC(9) Pause Init Mark (unload classes) 0.115ms
[2026-04-03T01:34:18.569+0600][37.735s][info][gc,start    ] GC(9) Concurrent marking roots
[2026-04-03T01:34:18.569+0600][37.735s][info][gc,task     ] GC(9) Using 3 of 6 workers for concurrent marking roots
[2026-04-03T01:34:18.570+0600][37.736s][info][gc          ] GC(9) Concurrent marking roots 0.753ms
[2026-04-03T01:34:18.570+0600][37.736s][info][gc,start    ] GC(9) Concurrent marking (unload classes)
[2026-04-03T01:34:18.570+0600][37.736s][info][gc,task     ] GC(9) Using 3 of 6 workers for concurrent marking
[2026-04-03T01:34:18.591+0600][37.757s][info][gc          ] GC(9) Concurrent marking (unload classes) 20.897ms
[2026-04-03T01:34:18.592+0600][37.758s][info][gc,start    ] GC(9) Pause Final Mark (unload classes)
[2026-04-03T01:34:18.592+0600][37.758s][info][gc,task     ] GC(9) Using 6 of 6 workers for final marking
[2026-04-03T01:34:18.592+0600][37.758s][info][gc,ergo     ] GC(9) Collectable Garbage: 891M (92%), Immediate: 891M (92%), CSet: 0B (0%)
[2026-04-03T01:34:18.592+0600][37.758s][info][gc          ] GC(9) Pause Final Mark (unload classes) 0.476ms
[2026-04-03T01:34:18.593+0600][37.759s][info][gc,start    ] GC(9) Concurrent weak references
[2026-04-03T01:34:18.593+0600][37.759s][info][gc,task     ] GC(9) Using 3 of 6 workers for concurrent weak references
[2026-04-03T01:34:18.593+0600][37.759s][info][gc,ref      ] GC(9) Encountered references: Soft: 2510, Weak: 5363, Final: 73, Phantom: 351
[2026-04-03T01:34:18.593+0600][37.759s][info][gc,ref      ] GC(9) Discovered  references: Soft: 0, Weak: 526, Final: 2, Phantom: 174
[2026-04-03T01:34:18.593+0600][37.759s][info][gc,ref      ] GC(9) Enqueued    references: Soft: 0, Weak: 0, Final: 0, Phantom: 0
[2026-04-03T01:34:18.593+0600][37.759s][info][gc          ] GC(9) Concurrent weak references 0.569ms
[2026-04-03T01:34:18.593+0600][37.759s][info][gc,start    ] GC(9) Concurrent weak roots
[2026-04-03T01:34:18.593+0600][37.759s][info][gc,task     ] GC(9) Using 3 of 6 workers for concurrent weak root
[2026-04-03T01:34:18.596+0600][37.762s][info][gc          ] GC(9) Concurrent weak roots 2.408ms
[2026-04-03T01:34:18.596+0600][37.762s][info][gc,start    ] GC(9) Concurrent cleanup
[2026-04-03T01:34:18.597+0600][37.763s][info][gc          ] GC(9) Concurrent cleanup 1008M->116M(1116M) 1.230ms
[2026-04-03T01:34:18.597+0600][37.763s][info][gc,ergo     ] GC(9) Free: 3607M, Max: 1024K regular, 2763M humongous, Frag: 24% external, 0% internal; Reserve: 197M, Max: 1024K
[2026-04-03T01:34:18.597+0600][37.763s][info][gc,start    ] GC(9) Concurrent class unloading
[2026-04-03T01:34:18.597+0600][37.763s][info][gc,task     ] GC(9) Using 3 of 6 workers for concurrent class unloading
[2026-04-03T01:34:18.606+0600][37.772s][info][gc          ] GC(9) Concurrent class unloading 8.452ms
[2026-04-03T01:34:18.606+0600][37.772s][info][gc,start    ] GC(9) Pause Final Roots
[2026-04-03T01:34:18.606+0600][37.772s][info][gc          ] GC(9) Pause Final Roots 0.040ms
[2026-04-03T01:34:18.607+0600][37.773s][info][gc,ergo     ] Free: 3605M, Max: 1024K regular, 2763M humongous, Frag: 24% external, 0% internal; Reserve: 197M, Max: 1024K
[2026-04-03T01:34:18.607+0600][37.773s][info][gc,stats    ] 
[2026-04-03T01:34:18.607+0600][37.773s][info][gc,stats    ] All times are wall-clock times, except per-root-class counters, that are sum over
[2026-04-03T01:34:18.607+0600][37.773s][info][gc,stats    ] all workers. Dividing the <total> over the root stage time estimates parallelism.
[2026-04-03T01:34:18.607+0600][37.773s][info][gc,stats    ] 
[2026-04-03T01:34:18.607+0600][37.773s][info][gc,stats    ] Concurrent Reset                   6095 us
[2026-04-03T01:34:18.607+0600][37.773s][info][gc,stats    ] Pause Init Mark (G)                 416 us
[2026-04-03T01:34:18.607+0600][37.773s][info][gc,stats    ] Pause Init Mark (N)                 125 us
[2026-04-03T01:34:18.607+0600][37.773s][info][gc,stats    ]   Update Region States               35 us
[2026-04-03T01:34:18.607+0600][37.773s][info][gc,stats    ] Concurrent Mark Roots               848 us, parallelism: 1.44x
[2026-04-03T01:34:18.607+0600][37.773s][info][gc,stats    ]   CMR: <total>                     1219 us
[2026-04-03T01:34:18.607+0600][37.773s][info][gc,stats    ]   CMR: Thread Roots                 978 us, workers (us): 290, 450, 239, ---, ---, ---, 
[2026-04-03T01:34:18.607+0600][37.773s][info][gc,stats    ]   CMR: VM Strong Roots               32 us, workers (us):  29,   2,   1, ---, ---, ---, 
[2026-04-03T01:34:18.607+0600][37.773s][info][gc,stats    ]   CMR: CLDG Roots                   209 us, workers (us): 209, ---, ---, ---, ---, ---, 
[2026-04-03T01:34:18.607+0600][37.773s][info][gc,stats    ] Concurrent Marking                21010 us
[2026-04-03T01:34:18.607+0600][37.773s][info][gc,stats    ] Pause Final Mark (G)               1398 us
[2026-04-03T01:34:18.607+0600][37.773s][info][gc,stats    ] Pause Final Mark (N)                494 us
[2026-04-03T01:34:18.607+0600][37.773s][info][gc,stats    ]   Finish Mark                       148 us
[2026-04-03T01:34:18.607+0600][37.773s][info][gc,stats    ]   Update Region States               74 us
[2026-04-03T01:34:18.607+0600][37.773s][info][gc,stats    ]   Choose Collection Set             108 us
[2026-04-03T01:34:18.607+0600][37.773s][info][gc,stats    ]   Rebuild Free Set                   41 us
[2026-04-03T01:34:18.607+0600][37.773s][info][gc,stats    ] Concurrent Weak References          585 us, parallelism: 0.14x
[2026-04-03T01:34:18.607+0600][37.773s][info][gc,stats    ]   CWRF: <total>                      84 us
[2026-04-03T01:34:18.607+0600][37.773s][info][gc,stats    ]   CWRF: Weak References              84 us, workers (us):  83,   0,   0, ---, ---, ---, 
[2026-04-03T01:34:18.607+0600][37.773s][info][gc,stats    ] Concurrent Weak Roots              2498 us
[2026-04-03T01:34:18.607+0600][37.773s][info][gc,stats    ]   Roots                            2188 us, parallelism: 2.82x
[2026-04-03T01:34:18.607+0600][37.773s][info][gc,stats    ]     CWR: <total>                   6160 us
[2026-04-03T01:34:18.607+0600][37.773s][info][gc,stats    ]     CWR: Code Cache Roots          4977 us, workers (us): 1635, 1683, 1658, ---, ---, ---, 
[2026-04-03T01:34:18.607+0600][37.773s][info][gc,stats    ]     CWR: VM Weak Roots             1145 us, workers (us): 386, 384, 376, ---, ---, ---, 
[2026-04-03T01:34:18.607+0600][37.773s][info][gc,stats    ]     CWR: CLDG Roots                  38 us, workers (us):  38, ---, ---, ---, ---, ---, 
[2026-04-03T01:34:18.607+0600][37.773s][info][gc,stats    ]   Rendezvous                        190 us
[2026-04-03T01:34:18.607+0600][37.773s][info][gc,stats    ] Concurrent Cleanup                 1292 us
[2026-04-03T01:34:18.607+0600][37.773s][info][gc,stats    ] Concurrent Class Unloading         8559 us
[2026-04-03T01:34:18.607+0600][37.773s][info][gc,stats    ]   Unlink Stale                     7752 us
[2026-04-03T01:34:18.607+0600][37.773s][info][gc,stats    ]     System Dictionary                52 us
[2026-04-03T01:34:18.607+0600][37.773s][info][gc,stats    ]     Weak Class Links                  0 us
[2026-04-03T01:34:18.607+0600][37.773s][info][gc,stats    ]     Code Roots                     7697 us
[2026-04-03T01:34:18.607+0600][37.773s][info][gc,stats    ]   Rendezvous                        273 us
[2026-04-03T01:34:18.607+0600][37.773s][info][gc,stats    ]   Purge Unlinked                    387 us
[2026-04-03T01:34:18.607+0600][37.773s][info][gc,stats    ]     Code Roots                      375 us
[2026-04-03T01:34:18.607+0600][37.773s][info][gc,stats    ]     CLDG                             11 us
[2026-04-03T01:34:18.607+0600][37.773s][info][gc,stats    ]     Exception Caches                  1 us
[2026-04-03T01:34:18.607+0600][37.773s][info][gc,stats    ] Pause Final Roots (G)               744 us
[2026-04-03T01:34:18.607+0600][37.773s][info][gc,stats    ] Pause Final Roots (N)                53 us
[2026-04-03T01:34:18.607+0600][37.773s][info][gc,stats    ] 
[2026-04-03T01:34:18.607+0600][37.773s][info][gc,stats    ] Allocation pacing accrued:
[2026-04-03T01:34:18.607+0600][37.773s][info][gc,stats    ]       0 of  1196 ms (  0.0%): <total>
[2026-04-03T01:34:18.607+0600][37.773s][info][gc,stats    ]       0 of  1196 ms (  0.0%): <average total>
[2026-04-03T01:34:18.607+0600][37.773s][info][gc,stats    ] 
[2026-04-03T01:34:18.607+0600][37.773s][info][gc,metaspace] Metaspace: 55057K(55808K)->55057K(55808K) NonClass: 46556K(46976K)->46556K(46976K) Class: 8501K(8832K)->8501K(8832K)
[2026-04-03T01:34:18.607+0600][37.773s][info][gc,ergo     ] Pacer for Idle. Initial: 80302K, Alloc Tax Rate: 1.0x
[2026-04-03T01:34:19.694+0600][38.860s][info][gc          ] Trigger: Learning 5 of 5. Free (2744M) is below initial threshold (2744M)
[2026-04-03T01:34:19.694+0600][38.860s][info][gc,ergo     ] Free: 2743M, Max: 1024K regular, 2742M humongous, Frag: 0% external, 0% internal; Reserve: 197M, Max: 1024K
[2026-04-03T01:34:19.694+0600][38.860s][info][gc,start    ] GC(10) Concurrent reset
[2026-04-03T01:34:19.694+0600][38.860s][info][gc,task     ] GC(10) Using 3 of 6 workers for concurrent reset
[2026-04-03T01:34:19.694+0600][38.860s][info][gc,ergo     ] GC(10) Pacer for Reset. Non-Taxable: 3921M
[2026-04-03T01:34:19.696+0600][38.862s][info][gc          ] GC(10) Concurrent reset 1.634ms
[2026-04-03T01:34:19.697+0600][38.863s][info][gc,start    ] GC(10) Pause Init Mark (unload classes)
[2026-04-03T01:34:19.697+0600][38.863s][info][gc,task     ] GC(10) Using 6 of 6 workers for init marking
[2026-04-03T01:34:19.697+0600][38.863s][info][gc,ergo     ] GC(10) Pacer for Mark. Expected Live: 18283K, Free: 2742M, Non-Taxable: 274M, Alloc Tax Rate: 0.0x
[2026-04-03T01:34:19.697+0600][38.863s][info][gc          ] GC(10) Pause Init Mark (unload classes) 0.121ms
[2026-04-03T01:34:19.697+0600][38.863s][info][gc,start    ] GC(10) Concurrent marking roots
[2026-04-03T01:34:19.698+0600][38.863s][info][gc,task     ] GC(10) Using 3 of 6 workers for concurrent marking roots
[2026-04-03T01:34:19.698+0600][38.864s][info][gc          ] GC(10) Concurrent marking roots 0.875ms
[2026-04-03T01:34:19.698+0600][38.864s][info][gc,start    ] GC(10) Concurrent marking (unload classes)
[2026-04-03T01:34:19.698+0600][38.864s][info][gc,task     ] GC(10) Using 3 of 6 workers for concurrent marking
[2026-04-03T01:34:19.721+0600][38.887s][info][gc          ] GC(10) Concurrent marking (unload classes) 22.839ms
[2026-04-03T01:34:19.721+0600][38.887s][info][gc,start    ] GC(10) Pause Final Mark (unload classes)
[2026-04-03T01:34:19.722+0600][38.887s][info][gc,task     ] GC(10) Using 6 of 6 workers for final marking
[2026-04-03T01:34:19.722+0600][38.888s][info][gc,ergo     ] GC(10) Adaptive CSet Selection. Target Free: 555M, Actual Free: 3778M, Max CSet: 163M, Min Garbage: 0B
[2026-04-03T01:34:19.722+0600][38.888s][info][gc,ergo     ] GC(10) Collectable Garbage: 960M (99%), Immediate: 865M (89%), CSet: 98222K (9%)
[2026-04-03T01:34:19.722+0600][38.888s][info][gc,ergo     ] GC(10) Pacer for Evacuation. Used CSet: 100352K, Free: 3582M, Non-Taxable: 358M, Alloc Tax Rate: 1.1x
[2026-04-03T01:34:19.722+0600][38.888s][info][gc          ] GC(10) Pause Final Mark (unload classes) 0.500ms
[2026-04-03T01:34:19.723+0600][38.889s][info][gc,start    ] GC(10) Concurrent thread roots
[2026-04-03T01:34:19.723+0600][38.889s][info][gc,task     ] GC(10) Using 3 of 6 workers for Concurrent thread roots
[2026-04-03T01:34:19.724+0600][38.890s][info][gc          ] GC(10) Concurrent thread roots 0.781ms
[2026-04-03T01:34:19.724+0600][38.890s][info][gc,start    ] GC(10) Concurrent weak references
[2026-04-03T01:34:19.724+0600][38.890s][info][gc,task     ] GC(10) Using 3 of 6 workers for concurrent weak references
[2026-04-03T01:34:19.724+0600][38.890s][info][gc,ref      ] GC(10) Encountered references: Soft: 2510, Weak: 5363, Final: 73, Phantom: 351
[2026-04-03T01:34:19.724+0600][38.890s][info][gc,ref      ] GC(10) Discovered  references: Soft: 0, Weak: 499, Final: 0, Phantom: 239
[2026-04-03T01:34:19.724+0600][38.890s][info][gc,ref      ] GC(10) Enqueued    references: Soft: 0, Weak: 0, Final: 0, Phantom: 0
[2026-04-03T01:34:19.724+0600][38.890s][info][gc          ] GC(10) Concurrent weak references 0.557ms
[2026-04-03T01:34:19.725+0600][38.890s][info][gc,start    ] GC(10) Concurrent weak roots
[2026-04-03T01:34:19.725+0600][38.890s][info][gc,task     ] GC(10) Using 3 of 6 workers for concurrent weak root
[2026-04-03T01:34:19.728+0600][38.894s][info][gc          ] GC(10) Concurrent weak roots 3.810ms
[2026-04-03T01:34:19.728+0600][38.894s][info][gc,start    ] GC(10) Concurrent cleanup
[2026-04-03T01:34:19.729+0600][38.895s][info][gc          ] GC(10) Concurrent cleanup 1031M->166M(1116M) 0.935ms
[2026-04-03T01:34:19.729+0600][38.895s][info][gc,ergo     ] GC(10) Free: 3558M, Max: 1024K regular, 2692M humongous, Frag: 25% external, 0% internal; Reserve: 195M, Max: 1024K
[2026-04-03T01:34:19.730+0600][38.895s][info][gc,start    ] GC(10) Concurrent class unloading
[2026-04-03T01:34:19.730+0600][38.895s][info][gc,task     ] GC(10) Using 3 of 6 workers for concurrent class unloading
[2026-04-03T01:34:19.741+0600][38.907s][info][gc          ] GC(10) Concurrent class unloading 11.830ms
[2026-04-03T01:34:19.742+0600][38.907s][info][gc,start    ] GC(10) Concurrent strong roots
[2026-04-03T01:34:19.742+0600][38.907s][info][gc,task     ] GC(10) Using 3 of 6 workers for concurrent strong root
[2026-04-03T01:34:19.743+0600][38.908s][info][gc          ] GC(10) Concurrent strong roots 1.044ms
[2026-04-03T01:34:19.743+0600][38.909s][info][gc,start    ] GC(10) Concurrent evacuation
[2026-04-03T01:34:19.743+0600][38.909s][info][gc,task     ] GC(10) Using 3 of 6 workers for concurrent evacuation
[2026-04-03T01:34:19.744+0600][38.910s][info][gc          ] GC(10) Concurrent evacuation 1.826ms
[2026-04-03T01:34:19.745+0600][38.911s][info][gc,start    ] GC(10) Pause Init Update Refs
[2026-04-03T01:34:19.745+0600][38.911s][info][gc,ergo     ] GC(10) Pacer for Update Refs. Used: 169M, Free: 3557M, Non-Taxable: 355M, Alloc Tax Rate: 1.1x
[2026-04-03T01:34:19.745+0600][38.911s][info][gc          ] GC(10) Pause Init Update Refs 0.087ms
[2026-04-03T01:34:19.745+0600][38.911s][info][gc,start    ] GC(10) Concurrent update references
[2026-04-03T01:34:19.745+0600][38.911s][info][gc,task     ] GC(10) Using 3 of 6 workers for concurrent reference update
[2026-04-03T01:34:19.764+0600][38.930s][info][gc          ] GC(10) Concurrent update references 19.518ms
[2026-04-03T01:34:19.765+0600][38.930s][info][gc,start    ] GC(10) Concurrent update thread roots
[2026-04-03T01:34:19.765+0600][38.931s][info][gc          ] GC(10) Concurrent update thread roots 0.499ms
[2026-04-03T01:34:19.765+0600][38.931s][info][gc,start    ] GC(10) Pause Final Update Refs
[2026-04-03T01:34:19.765+0600][38.931s][info][gc,task     ] GC(10) Using 6 of 6 workers for final reference update
[2026-04-03T01:34:19.765+0600][38.931s][info][gc          ] GC(10) Pause Final Update Refs 0.231ms
[2026-04-03T01:34:19.766+0600][38.932s][info][gc,start    ] GC(10) Concurrent cleanup
[2026-04-03T01:34:19.767+0600][38.933s][info][gc          ] GC(10) Concurrent cleanup 170M->72M(1116M) 1.160ms
[2026-04-03T01:34:19.767+0600][38.933s][info][gc,ergo     ] Free: 3650M, Max: 1024K regular, 2691M humongous, Frag: 27% external, 0% internal; Reserve: 197M, Max: 1024K
[2026-04-03T01:34:19.767+0600][38.933s][info][gc,stats    ] 
[2026-04-03T01:34:19.767+0600][38.933s][info][gc,stats    ] All times are wall-clock times, except per-root-class counters, that are sum over
[2026-04-03T01:34:19.767+0600][38.933s][info][gc,stats    ] all workers. Dividing the <total> over the root stage time estimates parallelism.
[2026-04-03T01:34:19.767+0600][38.933s][info][gc,stats    ] 
[2026-04-03T01:34:19.767+0600][38.933s][info][gc,stats    ] Concurrent Reset                   1711 us
[2026-04-03T01:34:19.768+0600][38.933s][info][gc,stats    ] Pause Init Mark (G)                1286 us
[2026-04-03T01:34:19.768+0600][38.933s][info][gc,stats    ] Pause Init Mark (N)                 131 us
[2026-04-03T01:34:19.768+0600][38.933s][info][gc,stats    ]   Update Region States               38 us
[2026-04-03T01:34:19.768+0600][38.933s][info][gc,stats    ] Concurrent Mark Roots               936 us, parallelism: 0.62x
[2026-04-03T01:34:19.768+0600][38.933s][info][gc,stats    ]   CMR: <total>                      580 us
[2026-04-03T01:34:19.768+0600][38.933s][info][gc,stats    ]   CMR: Thread Roots                 415 us, workers (us): 415,   0,   0, ---, ---, ---, 
[2026-04-03T01:34:19.768+0600][38.934s][info][gc,stats    ]   CMR: VM Strong Roots               24 us, workers (us):  23,   0,   0, ---, ---, ---, 
[2026-04-03T01:34:19.768+0600][38.934s][info][gc,stats    ]   CMR: CLDG Roots                   141 us, workers (us): 141, ---, ---, ---, ---, ---, 
[2026-04-03T01:34:19.768+0600][38.934s][info][gc,stats    ] Concurrent Marking                22942 us
[2026-04-03T01:34:19.768+0600][38.934s][info][gc,stats    ] Pause Final Mark (G)               1713 us
[2026-04-03T01:34:19.768+0600][38.934s][info][gc,stats    ] Pause Final Mark (N)                515 us
[2026-04-03T01:34:19.768+0600][38.934s][info][gc,stats    ]   Finish Mark                       143 us
[2026-04-03T01:34:19.768+0600][38.934s][info][gc,stats    ]   Update Region States               74 us
[2026-04-03T01:34:19.768+0600][38.934s][info][gc,stats    ]   Choose Collection Set             116 us
[2026-04-03T01:34:19.768+0600][38.934s][info][gc,stats    ]   Rebuild Free Set                   44 us
[2026-04-03T01:34:19.768+0600][38.934s][info][gc,stats    ] Concurrent Thread Roots             883 us, parallelism: 0.86x
[2026-04-03T01:34:19.768+0600][38.934s][info][gc,stats    ]   CTR: <total>                      760 us
[2026-04-03T01:34:19.768+0600][38.934s][info][gc,stats    ]   CTR: Thread Roots                 760 us, workers (us): 542, 217,   0, ---, ---, ---, 
[2026-04-03T01:34:19.768+0600][38.934s][info][gc,stats    ] Concurrent Weak References          574 us, parallelism: 0.19x
[2026-04-03T01:34:19.768+0600][38.934s][info][gc,stats    ]   CWRF: <total>                     111 us
[2026-04-03T01:34:19.768+0600][38.934s][info][gc,stats    ]   CWRF: Weak References             111 us, workers (us):  76,  34,   1, ---, ---, ---, 
[2026-04-03T01:34:19.768+0600][38.934s][info][gc,stats    ] Concurrent Weak Roots              3915 us
[2026-04-03T01:34:19.768+0600][38.934s][info][gc,stats    ]   Roots                            2947 us, parallelism: 2.38x
[2026-04-03T01:34:19.768+0600][38.934s][info][gc,stats    ]     CWR: <total>                   7001 us
[2026-04-03T01:34:19.768+0600][38.934s][info][gc,stats    ]     CWR: Code Cache Roots          5485 us, workers (us): 2000, 2030, 1455, ---, ---, ---, 
[2026-04-03T01:34:19.768+0600][38.934s][info][gc,stats    ]     CWR: VM Weak Roots             1483 us, workers (us): 742, 739,   2, ---, ---, ---, 
[2026-04-03T01:34:19.768+0600][38.934s][info][gc,stats    ]     CWR: CLDG Roots                  33 us, workers (us): ---,  33, ---, ---, ---, ---, 
[2026-04-03T01:34:19.768+0600][38.934s][info][gc,stats    ]   Rendezvous                        822 us
[2026-04-03T01:34:19.768+0600][38.934s][info][gc,stats    ] Concurrent Cleanup                 1004 us
[2026-04-03T01:34:19.768+0600][38.934s][info][gc,stats    ] Concurrent Class Unloading        11939 us
[2026-04-03T01:34:19.768+0600][38.934s][info][gc,stats    ]   Unlink Stale                    11172 us
[2026-04-03T01:34:19.768+0600][38.934s][info][gc,stats    ]     System Dictionary                47 us
[2026-04-03T01:34:19.768+0600][38.934s][info][gc,stats    ]     Weak Class Links                  0 us
[2026-04-03T01:34:19.768+0600][38.934s][info][gc,stats    ]     Code Roots                    11120 us
[2026-04-03T01:34:19.768+0600][38.934s][info][gc,stats    ]   Rendezvous                        187 us
[2026-04-03T01:34:19.768+0600][38.934s][info][gc,stats    ]   Purge Unlinked                    430 us
[2026-04-03T01:34:19.768+0600][38.934s][info][gc,stats    ]     Code Roots                      418 us
[2026-04-03T01:34:19.768+0600][38.934s][info][gc,stats    ]     CLDG                             10 us
[2026-04-03T01:34:19.768+0600][38.934s][info][gc,stats    ]     Exception Caches                  1 us
[2026-04-03T01:34:19.768+0600][38.934s][info][gc,stats    ] Concurrent Strong Roots            1146 us, parallelism: 0.74x
[2026-04-03T01:34:19.768+0600][38.934s][info][gc,stats    ]   CSR: <total>                      847 us
[2026-04-03T01:34:19.768+0600][38.934s][info][gc,stats    ]   CSR: VM Strong Roots               42 us, workers (us):  16,  11,  14, ---, ---, ---, 
[2026-04-03T01:34:19.768+0600][38.934s][info][gc,stats    ]   CSR: CLDG Roots                   806 us, workers (us): ---, 806, ---, ---, ---, ---, 
[2026-04-03T01:34:19.768+0600][38.934s][info][gc,stats    ] Concurrent Evacuation              1908 us
[2026-04-03T01:34:19.768+0600][38.934s][info][gc,stats    ] Pause Init Update Refs (G)          348 us
[2026-04-03T01:34:19.768+0600][38.934s][info][gc,stats    ] Pause Init Update Refs (N)          101 us
[2026-04-03T01:34:19.768+0600][38.934s][info][gc,stats    ]   Manage GCLABs                      15 us
[2026-04-03T01:34:19.768+0600][38.934s][info][gc,stats    ] Concurrent Update Refs            19630 us
[2026-04-03T01:34:19.768+0600][38.934s][info][gc,stats    ] Concurrent Update Thread Roots      602 us
[2026-04-03T01:34:19.769+0600][38.934s][info][gc,stats    ] Pause Final Update Refs (G)         903 us
[2026-04-03T01:34:19.769+0600][38.934s][info][gc,stats    ] Pause Final Update Refs (N)         273 us
[2026-04-03T01:34:19.769+0600][38.934s][info][gc,stats    ]   Update Region States               76 us
[2026-04-03T01:34:19.769+0600][38.934s][info][gc,stats    ]   Trash Collection Set               15 us
[2026-04-03T01:34:19.769+0600][38.934s][info][gc,stats    ]   Rebuild Free Set                   43 us
[2026-04-03T01:34:19.769+0600][38.934s][info][gc,stats    ] Concurrent Cleanup                 1233 us
[2026-04-03T01:34:19.769+0600][38.934s][info][gc,stats    ] 
[2026-04-03T01:34:19.769+0600][38.935s][info][gc,stats    ] Allocation pacing accrued:
[2026-04-03T01:34:19.769+0600][38.935s][info][gc,stats    ]       0 of  1161 ms (  0.0%): <total>
[2026-04-03T01:34:19.769+0600][38.935s][info][gc,stats    ]       0 of  1161 ms (  0.0%): <average total>
[2026-04-03T01:34:19.769+0600][38.935s][info][gc,stats    ] 
[2026-04-03T01:34:19.769+0600][38.935s][info][gc,metaspace] Metaspace: 55057K(55808K)->55057K(55808K) NonClass: 46556K(46976K)->46556K(46976K) Class: 8501K(8832K)->8501K(8832K)
[2026-04-03T01:34:19.769+0600][38.935s][info][gc,ergo     ] Pacer for Idle. Initial: 80302K, Alloc Tax Rate: 1.0x
[2026-04-03T01:34:22.652+0600][41.818s][info][gc          ] Trigger: Explicit GC request (System.gc())
[2026-04-03T01:34:22.652+0600][41.818s][info][gc,ergo     ] Free: 1776M, Max: 1024K regular, 1774M humongous, Frag: 0% external, 0% internal; Reserve: 197M, Max: 1024K
[2026-04-03T01:34:22.652+0600][41.818s][info][gc,start    ] GC(11) Concurrent reset
[2026-04-03T01:34:22.652+0600][41.818s][info][gc,task     ] GC(11) Using 3 of 6 workers for concurrent reset
[2026-04-03T01:34:22.652+0600][41.818s][info][gc,ergo     ] GC(11) Pacer for Reset. Non-Taxable: 3921M
[2026-04-03T01:34:22.654+0600][41.820s][info][gc          ] GC(11) Concurrent reset 2.024ms
[2026-04-03T01:34:22.657+0600][41.823s][info][gc,start    ] GC(11) Pause Init Mark (unload classes)
[2026-04-03T01:34:22.657+0600][41.823s][info][gc,task     ] GC(11) Using 6 of 6 workers for init marking
[2026-04-03T01:34:22.657+0600][41.823s][info][gc,ref      ] GC(11) Clearing All SoftReferences
[2026-04-03T01:34:22.657+0600][41.823s][info][gc,ergo     ] GC(11) Pacer for Mark. Expected Live: 18230K, Free: 1776M, Non-Taxable: 177M, Alloc Tax Rate: 0.0x
[2026-04-03T01:34:22.657+0600][41.823s][info][gc          ] GC(11) Pause Init Mark (unload classes) 0.168ms
[2026-04-03T01:34:22.657+0600][41.823s][info][gc,start    ] GC(11) Concurrent marking roots
[2026-04-03T01:34:22.657+0600][41.823s][info][gc,task     ] GC(11) Using 3 of 6 workers for concurrent marking roots
[2026-04-03T01:34:22.660+0600][41.826s][info][gc          ] GC(11) Concurrent marking roots 2.538ms
[2026-04-03T01:34:22.660+0600][41.826s][info][gc,start    ] GC(11) Concurrent marking (unload classes)
[2026-04-03T01:34:22.660+0600][41.826s][info][gc,task     ] GC(11) Using 3 of 6 workers for concurrent marking
[2026-04-03T01:34:22.676+0600][41.842s][info][gc          ] GC(11) Concurrent marking (unload classes) 15.919ms
[2026-04-03T01:34:22.676+0600][41.842s][info][gc,start    ] GC(11) Pause Final Mark (unload classes)
[2026-04-03T01:34:22.676+0600][41.842s][info][gc,task     ] GC(11) Using 6 of 6 workers for final marking
[2026-04-03T01:34:22.676+0600][41.842s][info][gc,ergo     ] GC(11) Collectable Garbage: 1801M (93%), Immediate: 1801M (93%), CSet: 0B (0%)
[2026-04-03T01:34:22.677+0600][41.842s][info][gc          ] GC(11) Pause Final Mark (unload classes) 0.432ms
[2026-04-03T01:34:22.677+0600][41.843s][info][gc,start    ] GC(11) Concurrent weak references
[2026-04-03T01:34:22.677+0600][41.843s][info][gc,task     ] GC(11) Using 3 of 6 workers for concurrent weak references
[2026-04-03T01:34:22.677+0600][41.843s][info][gc,ref      ] GC(11) Encountered references: Soft: 2510, Weak: 5189, Final: 73, Phantom: 351
[2026-04-03T01:34:22.677+0600][41.843s][info][gc,ref      ] GC(11) Discovered  references: Soft: 2185, Weak: 692, Final: 0, Phantom: 346
[2026-04-03T01:34:22.677+0600][41.843s][info][gc,ref      ] GC(11) Enqueued    references: Soft: 87, Weak: 61, Final: 0, Phantom: 0
[2026-04-03T01:34:22.677+0600][41.843s][info][gc          ] GC(11) Concurrent weak references 0.576ms
[2026-04-03T01:34:22.677+0600][41.843s][info][gc,start    ] GC(11) Concurrent weak roots
[2026-04-03T01:34:22.677+0600][41.843s][info][gc,task     ] GC(11) Using 3 of 6 workers for concurrent weak root
[2026-04-03T01:34:22.679+0600][41.845s][info][gc          ] GC(11) Concurrent weak roots 1.845ms
[2026-04-03T01:34:22.679+0600][41.845s][info][gc,start    ] GC(11) Concurrent cleanup
[2026-04-03T01:34:22.680+0600][41.846s][info][gc          ] GC(11) Concurrent cleanup 1948M->147M(2010M) 0.852ms
[2026-04-03T01:34:22.680+0600][41.846s][info][gc,ergo     ] GC(11) Free: 3576M, Max: 1024K regular, 1772M humongous, Frag: 51% external, 0% internal; Reserve: 197M, Max: 1024K
[2026-04-03T01:34:22.680+0600][41.846s][info][gc,start    ] GC(11) Concurrent class unloading
[2026-04-03T01:34:22.680+0600][41.846s][info][gc,task     ] GC(11) Using 3 of 6 workers for concurrent class unloading
[2026-04-03T01:34:22.687+0600][41.853s][info][gc          ] GC(11) Concurrent class unloading 7.060ms
[2026-04-03T01:34:22.687+0600][41.853s][info][gc,start    ] GC(11) Pause Final Roots
[2026-04-03T01:34:22.687+0600][41.853s][info][gc          ] GC(11) Pause Final Roots 0.040ms
[2026-04-03T01:34:22.688+0600][41.854s][info][gc,ergo     ] Free: 3576M, Max: 1024K regular, 1772M humongous, Frag: 51% external, 0% internal; Reserve: 197M, Max: 1024K
[2026-04-03T01:34:22.688+0600][41.854s][info][gc,stats    ] 
[2026-04-03T01:34:22.688+0600][41.854s][info][gc,stats    ] All times are wall-clock times, except per-root-class counters, that are sum over
[2026-04-03T01:34:22.688+0600][41.854s][info][gc,stats    ] all workers. Dividing the <total> over the root stage time estimates parallelism.
[2026-04-03T01:34:22.688+0600][41.854s][info][gc,stats    ] 
[2026-04-03T01:34:22.688+0600][41.854s][info][gc,stats    ] Concurrent Reset                   2109 us
[2026-04-03T01:34:22.688+0600][41.854s][info][gc,stats    ] Pause Init Mark (G)                3127 us
[2026-04-03T01:34:22.688+0600][41.854s][info][gc,stats    ] Pause Init Mark (N)                 178 us
[2026-04-03T01:34:22.688+0600][41.854s][info][gc,stats    ]   Update Region States               49 us
[2026-04-03T01:34:22.688+0600][41.854s][info][gc,stats    ] Concurrent Mark Roots              2617 us, parallelism: 0.87x
[2026-04-03T01:34:22.688+0600][41.854s][info][gc,stats    ]   CMR: <total>                     2288 us
[2026-04-03T01:34:22.688+0600][41.854s][info][gc,stats    ]   CMR: Thread Roots                2030 us, workers (us): 2029,   0,   0, ---, ---, ---, 
[2026-04-03T01:34:22.688+0600][41.854s][info][gc,stats    ]   CMR: VM Strong Roots               45 us, workers (us):  44,   0,   0, ---, ---, ---, 
[2026-04-03T01:34:22.688+0600][41.854s][info][gc,stats    ]   CMR: CLDG Roots                   214 us, workers (us): 214, ---, ---, ---, ---, ---, 
[2026-04-03T01:34:22.688+0600][41.854s][info][gc,stats    ] Concurrent Marking                15998 us
[2026-04-03T01:34:22.688+0600][41.854s][info][gc,stats    ] Pause Final Mark (G)                714 us
[2026-04-03T01:34:22.688+0600][41.854s][info][gc,stats    ] Pause Final Mark (N)                463 us
[2026-04-03T01:34:22.688+0600][41.854s][info][gc,stats    ]   Finish Mark                       165 us
[2026-04-03T01:34:22.688+0600][41.854s][info][gc,stats    ]   Update Region States               88 us
[2026-04-03T01:34:22.688+0600][41.854s][info][gc,stats    ]   Choose Collection Set              74 us
[2026-04-03T01:34:22.688+0600][41.854s][info][gc,stats    ]   Rebuild Free Set                   42 us
[2026-04-03T01:34:22.688+0600][41.854s][info][gc,stats    ] Concurrent Weak References          587 us, parallelism: 0.79x
[2026-04-03T01:34:22.688+0600][41.854s][info][gc,stats    ]   CWRF: <total>                     462 us
[2026-04-03T01:34:22.688+0600][41.854s][info][gc,stats    ]   CWRF: Weak References             462 us, workers (us):  82, 314,  66, ---, ---, ---, 
[2026-04-03T01:34:22.688+0600][41.854s][info][gc,stats    ] Concurrent Weak Roots              1904 us
[2026-04-03T01:34:22.688+0600][41.854s][info][gc,stats    ]   Roots                            1611 us, parallelism: 2.68x
[2026-04-03T01:34:22.688+0600][41.854s][info][gc,stats    ]     CWR: <total>                   4325 us
[2026-04-03T01:34:22.688+0600][41.854s][info][gc,stats    ]     CWR: Code Cache Roots          3506 us, workers (us): 1202, 1216, 1088, ---, ---, ---, 
[2026-04-03T01:34:22.688+0600][41.854s][info][gc,stats    ]     CWR: VM Weak Roots              776 us, workers (us): 288, 258, 230, ---, ---, ---, 
[2026-04-03T01:34:22.688+0600][41.854s][info][gc,stats    ]     CWR: CLDG Roots                  43 us, workers (us): ---, ---,  43, ---, ---, ---, 
[2026-04-03T01:34:22.688+0600][41.854s][info][gc,stats    ]   Rendezvous                        213 us
[2026-04-03T01:34:22.688+0600][41.854s][info][gc,stats    ] Concurrent Cleanup                  867 us
[2026-04-03T01:34:22.688+0600][41.854s][info][gc,stats    ] Concurrent Class Unloading         7133 us
[2026-04-03T01:34:22.688+0600][41.854s][info][gc,stats    ]   Unlink Stale                     6024 us
[2026-04-03T01:34:22.688+0600][41.854s][info][gc,stats    ]     System Dictionary                32 us
[2026-04-03T01:34:22.688+0600][41.854s][info][gc,stats    ]     Weak Class Links                  0 us
[2026-04-03T01:34:22.688+0600][41.854s][info][gc,stats    ]     Code Roots                     5988 us
[2026-04-03T01:34:22.688+0600][41.854s][info][gc,stats    ]   Rendezvous                        260 us
[2026-04-03T01:34:22.688+0600][41.854s][info][gc,stats    ]   Purge Unlinked                    753 us
[2026-04-03T01:34:22.688+0600][41.854s][info][gc,stats    ]     Code Roots                      743 us
[2026-04-03T01:34:22.688+0600][41.854s][info][gc,stats    ]     CLDG                              9 us
[2026-04-03T01:34:22.688+0600][41.854s][info][gc,stats    ]     Exception Caches                  0 us
[2026-04-03T01:34:22.688+0600][41.854s][info][gc,stats    ] Pause Final Roots (G)               359 us
[2026-04-03T01:34:22.688+0600][41.854s][info][gc,stats    ] Pause Final Roots (N)                59 us
[2026-04-03T01:34:22.688+0600][41.854s][info][gc,stats    ] 
[2026-04-03T01:34:22.688+0600][41.854s][info][gc,stats    ] Allocation pacing accrued:
[2026-04-03T01:34:22.688+0600][41.854s][info][gc,stats    ]       0 of  2920 ms (  0.0%): <total>
[2026-04-03T01:34:22.688+0600][41.854s][info][gc,stats    ]       0 of  2920 ms (  0.0%): <average total>
[2026-04-03T01:34:22.688+0600][41.854s][info][gc,stats    ] 
[2026-04-03T01:34:22.688+0600][41.854s][info][gc,metaspace] Metaspace: 55127K(55808K)->55137K(55808K) NonClass: 46625K(46976K)->46635K(46976K) Class: 8502K(8832K)->8502K(8832K)
[2026-04-03T01:34:22.688+0600][41.854s][info][gc,ergo     ] Pacer for Idle. Initial: 80302K, Alloc Tax Rate: 1.0x
[2026-04-03T01:34:22.688+0600][41.854s][info][gc,start    ] Concurrent uncommit
[2026-04-03T01:34:23.048+0600][42.214s][info][gc          ] Concurrent uncommit 147M->252M(256M) 359.639ms
[2026-04-03T01:34:24.230+0600][43.396s][info][gc          ] Trigger: Learning 2 of 5. Free (2743M) is below initial threshold (2744M)
[2026-04-03T01:34:24.230+0600][43.396s][info][gc,ergo     ] Free: 2743M, Max: 1024K regular, 1772M humongous, Frag: 36% external, 0% internal; Reserve: 197M, Max: 1024K
[2026-04-03T01:34:24.230+0600][43.396s][info][gc,start    ] GC(12) Concurrent reset
[2026-04-03T01:34:24.230+0600][43.396s][info][gc,task     ] GC(12) Using 3 of 6 workers for concurrent reset
[2026-04-03T01:34:24.230+0600][43.396s][info][gc,ergo     ] GC(12) Pacer for Reset. Non-Taxable: 3921M
[2026-04-03T01:34:24.234+0600][43.400s][info][gc          ] GC(12) Concurrent reset 4.085ms
[2026-04-03T01:34:24.235+0600][43.401s][info][gc,start    ] GC(12) Pause Init Mark (unload classes)
[2026-04-03T01:34:24.235+0600][43.401s][info][gc,task     ] GC(12) Using 6 of 6 workers for init marking
[2026-04-03T01:34:24.235+0600][43.401s][info][gc,ergo     ] GC(12) Pacer for Mark. Expected Live: 18310K, Free: 2740M, Non-Taxable: 274M, Alloc Tax Rate: 0.0x
[2026-04-03T01:34:24.235+0600][43.401s][info][gc          ] GC(12) Pause Init Mark (unload classes) 0.167ms
[2026-04-03T01:34:24.236+0600][43.402s][info][gc,start    ] GC(12) Concurrent marking roots
[2026-04-03T01:34:24.236+0600][43.402s][info][gc,task     ] GC(12) Using 3 of 6 workers for concurrent marking roots
[2026-04-03T01:34:24.236+0600][43.402s][info][gc          ] GC(12) Concurrent marking roots 0.765ms
[2026-04-03T01:34:24.236+0600][43.402s][info][gc,start    ] GC(12) Concurrent marking (unload classes)
[2026-04-03T01:34:24.236+0600][43.402s][info][gc,task     ] GC(12) Using 3 of 6 workers for concurrent marking
[2026-04-03T01:34:24.262+0600][43.428s][info][gc          ] GC(12) Concurrent marking (unload classes) 25.625ms
[2026-04-03T01:34:24.262+0600][43.428s][info][gc,start    ] GC(12) Pause Final Mark (unload classes)
[2026-04-03T01:34:24.262+0600][43.428s][info][gc,task     ] GC(12) Using 6 of 6 workers for final marking
[2026-04-03T01:34:24.263+0600][43.429s][info][gc,ergo     ] GC(12) Adaptive CSet Selection. Target Free: 555M, Actual Free: 3638M, Max CSet: 163M, Min Garbage: 0B
[2026-04-03T01:34:24.263+0600][43.429s][info][gc,ergo     ] GC(12) Collectable Garbage: 963M (99%), Immediate: 730M (75%), CSet: 233M (24%)
[2026-04-03T01:34:24.263+0600][43.429s][info][gc,ergo     ] GC(12) Pacer for Evacuation. Used CSet: 237M, Free: 3444M, Non-Taxable: 344M, Alloc Tax Rate: 1.1x
[2026-04-03T01:34:24.263+0600][43.429s][info][gc          ] GC(12) Pause Final Mark (unload classes) 0.547ms
[2026-04-03T01:34:24.263+0600][43.429s][info][gc,start    ] GC(12) Concurrent thread roots
[2026-04-03T01:34:24.263+0600][43.429s][info][gc,task     ] GC(12) Using 3 of 6 workers for Concurrent thread roots
[2026-04-03T01:34:24.265+0600][43.431s][info][gc          ] GC(12) Concurrent thread roots 1.851ms
[2026-04-03T01:34:24.265+0600][43.431s][info][gc,start    ] GC(12) Concurrent weak references
[2026-04-03T01:34:24.265+0600][43.431s][info][gc,task     ] GC(12) Using 3 of 6 workers for concurrent weak references
[2026-04-03T01:34:24.266+0600][43.432s][info][gc,ref      ] GC(12) Encountered references: Soft: 2466, Weak: 5433, Final: 73, Phantom: 431
[2026-04-03T01:34:24.266+0600][43.432s][info][gc,ref      ] GC(12) Discovered  references: Soft: 0, Weak: 1639, Final: 70, Phantom: 174
[2026-04-03T01:34:24.266+0600][43.432s][info][gc,ref      ] GC(12) Enqueued    references: Soft: 0, Weak: 2, Final: 0, Phantom: 0
[2026-04-03T01:34:24.266+0600][43.432s][info][gc          ] GC(12) Concurrent weak references 1.227ms
[2026-04-03T01:34:24.266+0600][43.432s][info][gc,start    ] GC(12) Concurrent weak roots
[2026-04-03T01:34:24.266+0600][43.432s][info][gc,task     ] GC(12) Using 3 of 6 workers for concurrent weak root
[2026-04-03T01:34:24.273+0600][43.439s][info][gc          ] GC(12) Concurrent weak roots 6.827ms
[2026-04-03T01:34:24.274+0600][43.440s][info][gc,start    ] GC(12) Concurrent cleanup
[2026-04-03T01:34:24.275+0600][43.441s][info][gc          ] GC(12) Concurrent cleanup 1035M->305M(1040M) 0.954ms
[2026-04-03T01:34:24.275+0600][43.441s][info][gc,ergo     ] GC(12) Free: 3420M, Max: 1024K regular, 1772M humongous, Frag: 49% external, 0% internal; Reserve: 194M, Max: 1024K
[2026-04-03T01:34:24.275+0600][43.441s][info][gc,start    ] GC(12) Concurrent class unloading
[2026-04-03T01:34:24.275+0600][43.441s][info][gc,task     ] GC(12) Using 3 of 6 workers for concurrent class unloading
[2026-04-03T01:34:24.287+0600][43.453s][info][gc          ] GC(12) Concurrent class unloading 11.750ms
[2026-04-03T01:34:24.287+0600][43.453s][info][gc,start    ] GC(12) Concurrent strong roots
[2026-04-03T01:34:24.287+0600][43.453s][info][gc,task     ] GC(12) Using 3 of 6 workers for concurrent strong root
[2026-04-03T01:34:24.288+0600][43.454s][info][gc          ] GC(12) Concurrent strong roots 1.266ms
[2026-04-03T01:34:24.288+0600][43.454s][info][gc,start    ] GC(12) Concurrent evacuation
[2026-04-03T01:34:24.288+0600][43.454s][info][gc,task     ] GC(12) Using 3 of 6 workers for concurrent evacuation
[2026-04-03T01:34:24.296+0600][43.462s][info][gc          ] GC(12) Concurrent evacuation 7.615ms
[2026-04-03T01:34:24.296+0600][43.462s][info][gc,start    ] GC(12) Pause Init Update Refs
[2026-04-03T01:34:24.296+0600][43.462s][info][gc,ergo     ] GC(12) Pacer for Update Refs. Used: 310M, Free: 3418M, Non-Taxable: 341M, Alloc Tax Rate: 1.1x
[2026-04-03T01:34:24.296+0600][43.462s][info][gc          ] GC(12) Pause Init Update Refs 0.090ms
[2026-04-03T01:34:24.297+0600][43.462s][info][gc,start    ] GC(12) Concurrent update references
[2026-04-03T01:34:24.297+0600][43.462s][info][gc,task     ] GC(12) Using 3 of 6 workers for concurrent reference update
[2026-04-03T01:34:24.319+0600][43.485s][info][gc          ] GC(12) Concurrent update references 22.284ms
[2026-04-03T01:34:24.319+0600][43.485s][info][gc,start    ] GC(12) Concurrent update thread roots
[2026-04-03T01:34:24.320+0600][43.485s][info][gc          ] GC(12) Concurrent update thread roots 0.577ms
[2026-04-03T01:34:24.320+0600][43.486s][info][gc,start    ] GC(12) Pause Final Update Refs
[2026-04-03T01:34:24.320+0600][43.486s][info][gc,task     ] GC(12) Using 6 of 6 workers for final reference update
[2026-04-03T01:34:24.320+0600][43.486s][info][gc          ] GC(12) Pause Final Update Refs 0.202ms
[2026-04-03T01:34:24.321+0600][43.487s][info][gc,start    ] GC(12) Concurrent cleanup
[2026-04-03T01:34:24.322+0600][43.488s][info][gc          ] GC(12) Concurrent cleanup 310M->74M(1042M) 1.206ms
[2026-04-03T01:34:24.322+0600][43.488s][info][gc,ergo     ] Free: 3649M, Max: 1024K regular, 1772M humongous, Frag: 52% external, 0% internal; Reserve: 197M, Max: 1024K
[2026-04-03T01:34:24.322+0600][43.488s][info][gc,stats    ] 
[2026-04-03T01:34:24.322+0600][43.488s][info][gc,stats    ] All times are wall-clock times, except per-root-class counters, that are sum over
[2026-04-03T01:34:24.322+0600][43.488s][info][gc,stats    ] all workers. Dividing the <total> over the root stage time estimates parallelism.
[2026-04-03T01:34:24.322+0600][43.488s][info][gc,stats    ] 
[2026-04-03T01:34:24.322+0600][43.488s][info][gc,stats    ] Concurrent Reset                   4174 us
[2026-04-03T01:34:24.322+0600][43.488s][info][gc,stats    ] Pause Init Mark (G)                1143 us
[2026-04-03T01:34:24.322+0600][43.488s][info][gc,stats    ] Pause Init Mark (N)                 180 us
[2026-04-03T01:34:24.322+0600][43.488s][info][gc,stats    ]   Update Region States               66 us
[2026-04-03T01:34:24.322+0600][43.488s][info][gc,stats    ] Concurrent Mark Roots               843 us, parallelism: 1.43x
[2026-04-03T01:34:24.322+0600][43.488s][info][gc,stats    ]   CMR: <total>                     1209 us
[2026-04-03T01:34:24.323+0600][43.488s][info][gc,stats    ]   CMR: Thread Roots                1015 us, workers (us): 420, 323, 273, ---, ---, ---, 
[2026-04-03T01:34:24.323+0600][43.488s][info][gc,stats    ]   CMR: VM Strong Roots               52 us, workers (us):  40,  11,   0, ---, ---, ---, 
[2026-04-03T01:34:24.323+0600][43.488s][info][gc,stats    ]   CMR: CLDG Roots                   143 us, workers (us): ---, 143, ---, ---, ---, ---, 
[2026-04-03T01:34:24.323+0600][43.488s][info][gc,stats    ] Concurrent Marking                25726 us
[2026-04-03T01:34:24.323+0600][43.488s][info][gc,stats    ] Pause Final Mark (G)                862 us
[2026-04-03T01:34:24.323+0600][43.488s][info][gc,stats    ] Pause Final Mark (N)                561 us
[2026-04-03T01:34:24.323+0600][43.488s][info][gc,stats    ]   Finish Mark                       131 us
[2026-04-03T01:34:24.323+0600][43.489s][info][gc,stats    ]   Update Region States               65 us
[2026-04-03T01:34:24.323+0600][43.489s][info][gc,stats    ]   Choose Collection Set             171 us
[2026-04-03T01:34:24.323+0600][43.489s][info][gc,stats    ]   Rebuild Free Set                   52 us
[2026-04-03T01:34:24.323+0600][43.489s][info][gc,stats    ] Concurrent Thread Roots            1923 us, parallelism: 2.26x
[2026-04-03T01:34:24.323+0600][43.489s][info][gc,stats    ]   CTR: <total>                     4338 us
[2026-04-03T01:34:24.323+0600][43.489s][info][gc,stats    ]   CTR: Thread Roots                4338 us, workers (us): 1473, 1564, 1300, ---, ---, ---, 
[2026-04-03T01:34:24.323+0600][43.489s][info][gc,stats    ] Concurrent Weak References         1244 us, parallelism: 1.09x
[2026-04-03T01:34:24.323+0600][43.489s][info][gc,stats    ]   CWRF: <total>                    1351 us
[2026-04-03T01:34:24.323+0600][43.489s][info][gc,stats    ]   CWRF: Weak References            1351 us, workers (us): 992, 358,   1, ---, ---, ---, 
[2026-04-03T01:34:24.323+0600][43.489s][info][gc,stats    ] Concurrent Weak Roots              7571 us
[2026-04-03T01:34:24.323+0600][43.489s][info][gc,stats    ]   Roots                            6635 us, parallelism: 2.40x
[2026-04-03T01:34:24.323+0600][43.489s][info][gc,stats    ]     CWR: <total>                  15919 us
[2026-04-03T01:34:24.323+0600][43.489s][info][gc,stats    ]     CWR: Code Cache Roots          6994 us, workers (us):   2, 3364, 3628, ---, ---, ---, 
[2026-04-03T01:34:24.323+0600][43.489s][info][gc,stats    ]     CWR: VM Weak Roots             8886 us, workers (us): 6431, 2050, 404, ---, ---, ---, 
[2026-04-03T01:34:24.323+0600][43.489s][info][gc,stats    ]     CWR: CLDG Roots                  40 us, workers (us): ---, ---,  40, ---, ---, ---, 
[2026-04-03T01:34:24.323+0600][43.489s][info][gc,stats    ]   Rendezvous                        160 us
[2026-04-03T01:34:24.323+0600][43.489s][info][gc,stats    ] Concurrent Cleanup                 1032 us
[2026-04-03T01:34:24.323+0600][43.489s][info][gc,stats    ] Concurrent Class Unloading        11870 us
[2026-04-03T01:34:24.323+0600][43.489s][info][gc,stats    ]   Unlink Stale                     9386 us
[2026-04-03T01:34:24.323+0600][43.489s][info][gc,stats    ]     System Dictionary                49 us
[2026-04-03T01:34:24.323+0600][43.489s][info][gc,stats    ]     Weak Class Links                  1 us
[2026-04-03T01:34:24.323+0600][43.489s][info][gc,stats    ]     Code Roots                     9333 us
[2026-04-03T01:34:24.323+0600][43.489s][info][gc,stats    ]   Rendezvous                       1174 us
[2026-04-03T01:34:24.323+0600][43.489s][info][gc,stats    ]   Purge Unlinked                   1127 us
[2026-04-03T01:34:24.323+0600][43.489s][info][gc,stats    ]     Code Roots                     1098 us
[2026-04-03T01:34:24.323+0600][43.489s][info][gc,stats    ]     CLDG                             27 us
[2026-04-03T01:34:24.323+0600][43.489s][info][gc,stats    ]     Exception Caches                  1 us
[2026-04-03T01:34:24.323+0600][43.489s][info][gc,stats    ] Concurrent Strong Roots            1343 us, parallelism: 0.80x
[2026-04-03T01:34:24.323+0600][43.489s][info][gc,stats    ]   CSR: <total>                     1079 us
[2026-04-03T01:34:24.323+0600][43.489s][info][gc,stats    ]   CSR: VM Strong Roots               58 us, workers (us):  56,   2,   0, ---, ---, ---, 
[2026-04-03T01:34:24.323+0600][43.489s][info][gc,stats    ]   CSR: CLDG Roots                  1021 us, workers (us): 1021, ---, ---, ---, ---, ---, 
[2026-04-03T01:34:24.323+0600][43.489s][info][gc,stats    ] Concurrent Evacuation              7716 us
[2026-04-03T01:34:24.323+0600][43.489s][info][gc,stats    ] Pause Init Update Refs (G)          642 us
[2026-04-03T01:34:24.323+0600][43.489s][info][gc,stats    ] Pause Init Update Refs (N)          102 us
[2026-04-03T01:34:24.323+0600][43.489s][info][gc,stats    ]   Manage GCLABs                      24 us
[2026-04-03T01:34:24.323+0600][43.489s][info][gc,stats    ] Concurrent Update Refs            22409 us
[2026-04-03T01:34:24.323+0600][43.489s][info][gc,stats    ] Concurrent Update Thread Roots      684 us
[2026-04-03T01:34:24.323+0600][43.489s][info][gc,stats    ] Pause Final Update Refs (G)        1357 us
[2026-04-03T01:34:24.323+0600][43.489s][info][gc,stats    ] Pause Final Update Refs (N)         216 us
[2026-04-03T01:34:24.323+0600][43.489s][info][gc,stats    ]   Update Region States               71 us
[2026-04-03T01:34:24.323+0600][43.489s][info][gc,stats    ]   Trash Collection Set               14 us
[2026-04-03T01:34:24.323+0600][43.489s][info][gc,stats    ]   Rebuild Free Set                   49 us
[2026-04-03T01:34:24.323+0600][43.489s][info][gc,stats    ] Concurrent Cleanup                 1270 us
[2026-04-03T01:34:24.323+0600][43.489s][info][gc,stats    ] Pacing                           967951 us
[2026-04-03T01:34:24.323+0600][43.489s][info][gc,stats    ] 
[2026-04-03T01:34:24.323+0600][43.489s][info][gc,stats    ] Allocation pacing accrued:
[2026-04-03T01:34:24.323+0600][43.489s][info][gc,stats    ]      11 of  1635 ms (  0.7%): finagle/netty4-2-6
[2026-04-03T01:34:24.323+0600][43.489s][info][gc,stats    ]      11 of  1635 ms (  0.7%): finagle/netty4-2-12
[2026-04-03T01:34:24.323+0600][43.489s][info][gc,stats    ]      11 of  1635 ms (  0.7%): finagle/netty4-2-11
[2026-04-03T01:34:24.323+0600][43.489s][info][gc,stats    ]      11 of  1635 ms (  0.7%): finagle/netty4-2-3
[2026-04-03T01:34:24.323+0600][43.489s][info][gc,stats    ]      18 of  1635 ms (  1.1%): finagle/netty4-2-2
[2026-04-03T01:34:24.323+0600][43.489s][info][gc,stats    ]      11 of  1635 ms (  0.7%): finagle/netty4-2-5
[2026-04-03T01:34:24.323+0600][43.489s][info][gc,stats    ]      11 of  1635 ms (  0.7%): finagle/netty4-2-7
[2026-04-03T01:34:24.323+0600][43.489s][info][gc,stats    ]      11 of  1635 ms (  0.7%): finagle/netty4-2-1
[2026-04-03T01:34:24.323+0600][43.489s][info][gc,stats    ]      11 of  1635 ms (  0.7%): finagle/netty4-2-4
[2026-04-03T01:34:24.323+0600][43.489s][info][gc,stats    ]      11 of  1635 ms (  0.7%): finagle/netty4-2-9
[2026-04-03T01:34:24.323+0600][43.489s][info][gc,stats    ]      11 of  1635 ms (  0.7%): finagle/netty4-2-13
[2026-04-03T01:34:24.323+0600][43.489s][info][gc,stats    ]      11 of  1635 ms (  0.7%): finagle/netty4-2-14
[2026-04-03T01:34:24.323+0600][43.489s][info][gc,stats    ]      11 of  1635 ms (  0.7%): finagle/netty4-2-15
[2026-04-03T01:34:24.323+0600][43.489s][info][gc,stats    ]      11 of  1635 ms (  0.7%): finagle/netty4-2-16
[2026-04-03T01:34:24.323+0600][43.489s][info][gc,stats    ]      11 of  1635 ms (  0.7%): finagle/netty4-2-17
[2026-04-03T01:34:24.323+0600][43.489s][info][gc,stats    ]      22 of  1635 ms (  1.4%): finagle/netty4-2-18
[2026-04-03T01:34:24.323+0600][43.489s][info][gc,stats    ]      11 of  1635 ms (  0.7%): finagle/netty4-2-19
[2026-04-03T01:34:24.323+0600][43.489s][info][gc,stats    ]      22 of  1635 ms (  1.4%): finagle/netty4-2-20
[2026-04-03T01:34:24.323+0600][43.489s][info][gc,stats    ]      22 of  1635 ms (  1.4%): finagle/netty4-2-21
[2026-04-03T01:34:24.323+0600][43.489s][info][gc,stats    ]      11 of  1635 ms (  0.7%): finagle/netty4-2-22
[2026-04-03T01:34:24.323+0600][43.489s][info][gc,stats    ]      11 of  1635 ms (  0.7%): finagle/netty4-2-23
[2026-04-03T01:34:24.323+0600][43.489s][info][gc,stats    ]      11 of  1635 ms (  0.7%): finagle/netty4-2-24
[2026-04-03T01:34:24.323+0600][43.489s][info][gc,stats    ]      56 of  1635 ms (  3.4%): finagle-http-worker-0
[2026-04-03T01:34:24.323+0600][43.489s][info][gc,stats    ]      56 of  1635 ms (  3.4%): finagle-http-worker-1
[2026-04-03T01:34:24.324+0600][43.489s][info][gc,stats    ]      56 of  1635 ms (  3.4%): finagle-http-worker-2
[2026-04-03T01:34:24.324+0600][43.489s][info][gc,stats    ]      60 of  1635 ms (  3.7%): finagle-http-worker-3
[2026-04-03T01:34:24.324+0600][43.489s][info][gc,stats    ]      62 of  1635 ms (  3.8%): finagle-http-worker-4
[2026-04-03T01:34:24.324+0600][43.489s][info][gc,stats    ]      61 of  1635 ms (  3.7%): finagle-http-worker-5
[2026-04-03T01:34:24.324+0600][43.489s][info][gc,stats    ]      56 of  1635 ms (  3.4%): finagle-http-worker-6
[2026-04-03T01:34:24.324+0600][43.489s][info][gc,stats    ]      56 of  1635 ms (  3.4%): finagle-http-worker-7
[2026-04-03T01:34:24.324+0600][43.489s][info][gc,stats    ]      56 of  1635 ms (  3.4%): finagle-http-worker-8
[2026-04-03T01:34:24.324+0600][43.490s][info][gc,stats    ]      56 of  1635 ms (  3.4%): finagle-http-worker-9
[2026-04-03T01:34:24.324+0600][43.490s][info][gc,stats    ]      56 of  1635 ms (  3.4%): finagle-http-worker-10
[2026-04-03T01:34:24.324+0600][43.490s][info][gc,stats    ]      54 of  1635 ms (  3.3%): finagle-http-worker-11
[2026-04-03T01:34:24.324+0600][43.490s][info][gc,stats    ]     968 of  1635 ms ( 59.2%): <total>
[2026-04-03T01:34:24.324+0600][43.490s][info][gc,stats    ]      16 of  1635 ms (  1.0%): <average total>
[2026-04-03T01:34:24.324+0600][43.490s][info][gc,stats    ]      28 of  1635 ms (  1.7%): <average non-zero>
[2026-04-03T01:34:24.324+0600][43.490s][info][gc,stats    ] 
[2026-04-03T01:34:24.324+0600][43.490s][info][gc,metaspace] Metaspace: 55183K(55872K)->55183K(55872K) NonClass: 46681K(47040K)->46681K(47040K) Class: 8502K(8832K)->8502K(8832K)
[2026-04-03T01:34:24.324+0600][43.490s][info][gc,ergo     ] Pacer for Idle. Initial: 80302K, Alloc Tax Rate: 1.0x
[2026-04-03T01:34:25.464+0600][44.630s][info][gc          ] Trigger: Learning 3 of 5. Free (2742M) is below initial threshold (2744M)
[2026-04-03T01:34:25.465+0600][44.631s][info][gc,ergo     ] Free: 2742M, Max: 1024K regular, 1772M humongous, Frag: 36% external, 0% internal; Reserve: 197M, Max: 1024K
[2026-04-03T01:34:25.465+0600][44.631s][info][gc,start    ] GC(13) Concurrent reset
[2026-04-03T01:34:25.465+0600][44.631s][info][gc,task     ] GC(13) Using 3 of 6 workers for concurrent reset
[2026-04-03T01:34:25.465+0600][44.631s][info][gc,ergo     ] GC(13) Pacer for Reset. Non-Taxable: 3921M
[2026-04-03T01:34:25.471+0600][44.637s][info][gc          ] GC(13) Concurrent reset 6.144ms
[2026-04-03T01:34:25.471+0600][44.637s][info][gc,start    ] GC(13) Pause Init Mark (unload classes)
[2026-04-03T01:34:25.471+0600][44.637s][info][gc,task     ] GC(13) Using 6 of 6 workers for init marking
[2026-04-03T01:34:25.471+0600][44.637s][info][gc,ergo     ] GC(13) Pacer for Mark. Expected Live: 18374K, Free: 2741M, Non-Taxable: 274M, Alloc Tax Rate: 0.0x
[2026-04-03T01:34:25.471+0600][44.637s][info][gc          ] GC(13) Pause Init Mark (unload classes) 0.150ms
[2026-04-03T01:34:25.472+0600][44.638s][info][gc,start    ] GC(13) Concurrent marking roots
[2026-04-03T01:34:25.472+0600][44.638s][info][gc,task     ] GC(13) Using 3 of 6 workers for concurrent marking roots
[2026-04-03T01:34:25.473+0600][44.639s][info][gc          ] GC(13) Concurrent marking roots 1.225ms
[2026-04-03T01:34:25.473+0600][44.639s][info][gc,start    ] GC(13) Concurrent marking (unload classes)
[2026-04-03T01:34:25.473+0600][44.639s][info][gc,task     ] GC(13) Using 3 of 6 workers for concurrent marking
[2026-04-03T01:34:25.496+0600][44.662s][info][gc          ] GC(13) Concurrent marking (unload classes) 22.672ms
[2026-04-03T01:34:25.496+0600][44.662s][info][gc,start    ] GC(13) Pause Final Mark (unload classes)
[2026-04-03T01:34:25.496+0600][44.662s][info][gc,task     ] GC(13) Using 6 of 6 workers for final marking
[2026-04-03T01:34:25.496+0600][44.662s][info][gc,ergo     ] GC(13) Collectable Garbage: 897M (92%), Immediate: 897M (92%), CSet: 0B (0%)
[2026-04-03T01:34:25.496+0600][44.662s][info][gc          ] GC(13) Pause Final Mark (unload classes) 0.365ms
[2026-04-03T01:34:25.497+0600][44.663s][info][gc,start    ] GC(13) Concurrent weak references
[2026-04-03T01:34:25.497+0600][44.663s][info][gc,task     ] GC(13) Using 3 of 6 workers for concurrent weak references
[2026-04-03T01:34:25.498+0600][44.663s][info][gc,ref      ] GC(13) Encountered references: Soft: 2466, Weak: 5431, Final: 73, Phantom: 351
[2026-04-03T01:34:25.498+0600][44.664s][info][gc,ref      ] GC(13) Discovered  references: Soft: 0, Weak: 544, Final: 0, Phantom: 345
[2026-04-03T01:34:25.498+0600][44.664s][info][gc,ref      ] GC(13) Enqueued    references: Soft: 0, Weak: 0, Final: 0, Phantom: 0
[2026-04-03T01:34:25.498+0600][44.664s][info][gc          ] GC(13) Concurrent weak references 0.797ms
[2026-04-03T01:34:25.498+0600][44.664s][info][gc,start    ] GC(13) Concurrent weak roots
[2026-04-03T01:34:25.498+0600][44.664s][info][gc,task     ] GC(13) Using 3 of 6 workers for concurrent weak root
[2026-04-03T01:34:25.502+0600][44.668s][info][gc          ] GC(13) Concurrent weak roots 4.723ms
[2026-04-03T01:34:25.503+0600][44.668s][info][gc,start    ] GC(13) Concurrent cleanup
[2026-04-03T01:34:25.503+0600][44.669s][info][gc          ] GC(13) Concurrent cleanup 1009M->112M(1113M) 0.877ms
[2026-04-03T01:34:25.504+0600][44.669s][info][gc,ergo     ] GC(13) Free: 3611M, Max: 1024K regular, 1772M humongous, Frag: 51% external, 0% internal; Reserve: 197M, Max: 1024K
[2026-04-03T01:34:25.504+0600][44.670s][info][gc,start    ] GC(13) Concurrent class unloading
[2026-04-03T01:34:25.504+0600][44.670s][info][gc,task     ] GC(13) Using 3 of 6 workers for concurrent class unloading
[2026-04-03T01:34:25.513+0600][44.679s][info][gc          ] GC(13) Concurrent class unloading 9.403ms
[2026-04-03T01:34:25.513+0600][44.679s][info][gc,start    ] GC(13) Pause Final Roots
[2026-04-03T01:34:25.513+0600][44.679s][info][gc          ] GC(13) Pause Final Roots 0.062ms
[2026-04-03T01:34:25.514+0600][44.679s][info][gc,ergo     ] Free: 3610M, Max: 1024K regular, 1772M humongous, Frag: 51% external, 0% internal; Reserve: 197M, Max: 1024K
[2026-04-03T01:34:25.514+0600][44.680s][info][gc,stats    ] 
[2026-04-03T01:34:25.514+0600][44.680s][info][gc,stats    ] All times are wall-clock times, except per-root-class counters, that are sum over
[2026-04-03T01:34:25.514+0600][44.680s][info][gc,stats    ] all workers. Dividing the <total> over the root stage time estimates parallelism.
[2026-04-03T01:34:25.514+0600][44.680s][info][gc,stats    ] 
[2026-04-03T01:34:25.514+0600][44.680s][info][gc,stats    ] Concurrent Reset                   6241 us
[2026-04-03T01:34:25.514+0600][44.680s][info][gc,stats    ] Pause Init Mark (G)                 746 us
[2026-04-03T01:34:25.514+0600][44.680s][info][gc,stats    ] Pause Init Mark (N)                 161 us
[2026-04-03T01:34:25.514+0600][44.680s][info][gc,stats    ]   Update Region States               47 us
[2026-04-03T01:34:25.514+0600][44.680s][info][gc,stats    ] Concurrent Mark Roots              1291 us, parallelism: 1.43x
[2026-04-03T01:34:25.514+0600][44.680s][info][gc,stats    ]   CMR: <total>                     1845 us
[2026-04-03T01:34:25.514+0600][44.680s][info][gc,stats    ]   CMR: Thread Roots                1490 us, workers (us): 660, 830,   0, ---, ---, ---, 
[2026-04-03T01:34:25.514+0600][44.680s][info][gc,stats    ]   CMR: VM Strong Roots              145 us, workers (us): 143,   1,   0, ---, ---, ---, 
[2026-04-03T01:34:25.514+0600][44.680s][info][gc,stats    ]   CMR: CLDG Roots                   210 us, workers (us): 210, ---, ---, ---, ---, ---, 
[2026-04-03T01:34:25.514+0600][44.680s][info][gc,stats    ] Concurrent Marking                22768 us
[2026-04-03T01:34:25.514+0600][44.680s][info][gc,stats    ] Pause Final Mark (G)               1107 us
[2026-04-03T01:34:25.514+0600][44.680s][info][gc,stats    ] Pause Final Mark (N)                378 us
[2026-04-03T01:34:25.514+0600][44.680s][info][gc,stats    ]   Finish Mark                       143 us
[2026-04-03T01:34:25.514+0600][44.680s][info][gc,stats    ]   Update Region States               56 us
[2026-04-03T01:34:25.514+0600][44.680s][info][gc,stats    ]   Choose Collection Set              79 us
[2026-04-03T01:34:25.514+0600][44.680s][info][gc,stats    ]   Rebuild Free Set                   43 us
[2026-04-03T01:34:25.514+0600][44.680s][info][gc,stats    ] Concurrent Weak References          822 us, parallelism: 0.15x
[2026-04-03T01:34:25.514+0600][44.680s][info][gc,stats    ]   CWRF: <total>                     126 us
[2026-04-03T01:34:25.514+0600][44.680s][info][gc,stats    ]   CWRF: Weak References             126 us, workers (us):  52,  72,   2, ---, ---, ---, 
[2026-04-03T01:34:25.514+0600][44.680s][info][gc,stats    ] Concurrent Weak Roots              4824 us
[2026-04-03T01:34:25.514+0600][44.680s][info][gc,stats    ]   Roots                            3890 us, parallelism: 2.74x
[2026-04-03T01:34:25.514+0600][44.680s][info][gc,stats    ]     CWR: <total>                  10676 us
[2026-04-03T01:34:25.514+0600][44.680s][info][gc,stats    ]     CWR: Code Cache Roots          5982 us, workers (us): 3015,   2, 2965, ---, ---, ---, 
[2026-04-03T01:34:25.514+0600][44.680s][info][gc,stats    ]     CWR: VM Weak Roots             4658 us, workers (us): 687, 3575, 396, ---, ---, ---, 
[2026-04-03T01:34:25.514+0600][44.680s][info][gc,stats    ]     CWR: CLDG Roots                  35 us, workers (us): ---, ---,  35, ---, ---, ---, 
[2026-04-03T01:34:25.514+0600][44.680s][info][gc,stats    ]   Rendezvous                        790 us
[2026-04-03T01:34:25.514+0600][44.680s][info][gc,stats    ] Concurrent Cleanup                  940 us
[2026-04-03T01:34:25.514+0600][44.680s][info][gc,stats    ] Concurrent Class Unloading         9513 us
[2026-04-03T01:34:25.514+0600][44.680s][info][gc,stats    ]   Unlink Stale                     8589 us
[2026-04-03T01:34:25.514+0600][44.680s][info][gc,stats    ]     System Dictionary                46 us
[2026-04-03T01:34:25.514+0600][44.680s][info][gc,stats    ]     Weak Class Links                  0 us
[2026-04-03T01:34:25.514+0600][44.680s][info][gc,stats    ]     Code Roots                     8540 us
[2026-04-03T01:34:25.514+0600][44.680s][info][gc,stats    ]   Rendezvous                        431 us
[2026-04-03T01:34:25.514+0600][44.680s][info][gc,stats    ]   Purge Unlinked                    340 us
[2026-04-03T01:34:25.514+0600][44.680s][info][gc,stats    ]     Code Roots                      318 us
[2026-04-03T01:34:25.514+0600][44.680s][info][gc,stats    ]     CLDG                             21 us
[2026-04-03T01:34:25.514+0600][44.680s][info][gc,stats    ]     Exception Caches                  1 us
[2026-04-03T01:34:25.514+0600][44.680s][info][gc,stats    ] Pause Final Roots (G)               315 us
[2026-04-03T01:34:25.514+0600][44.680s][info][gc,stats    ] Pause Final Roots (N)                78 us
[2026-04-03T01:34:25.514+0600][44.680s][info][gc,stats    ] 
[2026-04-03T01:34:25.514+0600][44.680s][info][gc,stats    ] Allocation pacing accrued:
[2026-04-03T01:34:25.514+0600][44.680s][info][gc,stats    ]       0 of  1191 ms (  0.0%): <total>
[2026-04-03T01:34:25.514+0600][44.680s][info][gc,stats    ]       0 of  1191 ms (  0.0%): <average total>
[2026-04-03T01:34:25.514+0600][44.680s][info][gc,stats    ] 
[2026-04-03T01:34:25.514+0600][44.680s][info][gc,metaspace] Metaspace: 55183K(55872K)->55183K(55872K) NonClass: 46681K(47040K)->46681K(47040K) Class: 8502K(8832K)->8502K(8832K)
[2026-04-03T01:34:25.514+0600][44.680s][info][gc,ergo     ] Pacer for Idle. Initial: 80302K, Alloc Tax Rate: 1.0x
[2026-04-03T01:34:26.626+0600][45.792s][info][gc          ] Trigger: Learning 4 of 5. Free (2744M) is below initial threshold (2744M)
[2026-04-03T01:34:26.626+0600][45.792s][info][gc,ergo     ] Free: 2744M, Max: 1024K regular, 1772M humongous, Frag: 36% external, 0% internal; Reserve: 197M, Max: 1024K
[2026-04-03T01:34:26.626+0600][45.792s][info][gc,start    ] GC(14) Concurrent reset
[2026-04-03T01:34:26.626+0600][45.792s][info][gc,task     ] GC(14) Using 3 of 6 workers for concurrent reset
[2026-04-03T01:34:26.626+0600][45.792s][info][gc,ergo     ] GC(14) Pacer for Reset. Non-Taxable: 3921M
[2026-04-03T01:34:26.627+0600][45.793s][info][gc          ] GC(14) Concurrent reset 1.502ms
[2026-04-03T01:34:26.628+0600][45.794s][info][gc,start    ] GC(14) Pause Init Mark (unload classes)
[2026-04-03T01:34:26.628+0600][45.794s][info][gc,task     ] GC(14) Using 6 of 6 workers for init marking
[2026-04-03T01:34:26.628+0600][45.794s][info][gc,ergo     ] GC(14) Pacer for Mark. Expected Live: 18447K, Free: 2742M, Non-Taxable: 274M, Alloc Tax Rate: 0.0x
[2026-04-03T01:34:26.628+0600][45.794s][info][gc          ] GC(14) Pause Init Mark (unload classes) 0.154ms
[2026-04-03T01:34:26.628+0600][45.794s][info][gc,start    ] GC(14) Concurrent marking roots
[2026-04-03T01:34:26.628+0600][45.794s][info][gc,task     ] GC(14) Using 3 of 6 workers for concurrent marking roots
[2026-04-03T01:34:26.629+0600][45.795s][info][gc          ] GC(14) Concurrent marking roots 1.264ms
[2026-04-03T01:34:26.630+0600][45.796s][info][gc,start    ] GC(14) Concurrent marking (unload classes)
[2026-04-03T01:34:26.630+0600][45.796s][info][gc,task     ] GC(14) Using 3 of 6 workers for concurrent marking
[2026-04-03T01:34:26.657+0600][45.823s][info][gc          ] GC(14) Concurrent marking (unload classes) 27.151ms
[2026-04-03T01:34:26.657+0600][45.823s][info][gc,start    ] GC(14) Pause Final Mark (unload classes)
[2026-04-03T01:34:26.658+0600][45.823s][info][gc,task     ] GC(14) Using 6 of 6 workers for final marking
[2026-04-03T01:34:26.658+0600][45.824s][info][gc,ergo     ] GC(14) Adaptive CSet Selection. Target Free: 555M, Actual Free: 3777M, Max CSet: 163M, Min Garbage: 0B
[2026-04-03T01:34:26.658+0600][45.824s][info][gc,ergo     ] GC(14) Collectable Garbage: 960M (99%), Immediate: 868M (90%), CSet: 94820K (9%)
[2026-04-03T01:34:26.658+0600][45.824s][info][gc,ergo     ] GC(14) Pacer for Evacuation. Used CSet: 97279K, Free: 3584M, Non-Taxable: 358M, Alloc Tax Rate: 1.1x
[2026-04-03T01:34:26.658+0600][45.824s][info][gc          ] GC(14) Pause Final Mark (unload classes) 0.595ms
[2026-04-03T01:34:26.658+0600][45.824s][info][gc,start    ] GC(14) Concurrent thread roots
[2026-04-03T01:34:26.659+0600][45.824s][info][gc,task     ] GC(14) Using 3 of 6 workers for Concurrent thread roots
[2026-04-03T01:34:26.660+0600][45.826s][info][gc          ] GC(14) Concurrent thread roots 1.236ms
[2026-04-03T01:34:26.660+0600][45.826s][info][gc,start    ] GC(14) Concurrent weak references
[2026-04-03T01:34:26.660+0600][45.826s][info][gc,task     ] GC(14) Using 3 of 6 workers for concurrent weak references
[2026-04-03T01:34:26.660+0600][45.826s][info][gc,ref      ] GC(14) Encountered references: Soft: 2466, Weak: 5415, Final: 73, Phantom: 351
[2026-04-03T01:34:26.660+0600][45.826s][info][gc,ref      ] GC(14) Discovered  references: Soft: 0, Weak: 588, Final: 0, Phantom: 341
[2026-04-03T01:34:26.660+0600][45.826s][info][gc,ref      ] GC(14) Enqueued    references: Soft: 0, Weak: 24, Final: 0, Phantom: 0
[2026-04-03T01:34:26.661+0600][45.827s][info][gc          ] GC(14) Concurrent weak references 0.863ms
[2026-04-03T01:34:26.661+0600][45.827s][info][gc,start    ] GC(14) Concurrent weak roots
[2026-04-03T01:34:26.661+0600][45.827s][info][gc,task     ] GC(14) Using 3 of 6 workers for concurrent weak root
[2026-04-03T01:34:26.668+0600][45.834s][info][gc          ] GC(14) Concurrent weak roots 7.309ms
[2026-04-03T01:34:26.668+0600][45.834s][info][gc,start    ] GC(14) Concurrent cleanup
[2026-04-03T01:34:26.669+0600][45.835s][info][gc          ] GC(14) Concurrent cleanup 1032M->164M(1135M) 0.924ms
[2026-04-03T01:34:26.669+0600][45.835s][info][gc,ergo     ] GC(14) Free: 3560M, Max: 1024K regular, 1772M humongous, Frag: 51% external, 0% internal; Reserve: 195M, Max: 1024K
[2026-04-03T01:34:26.669+0600][45.835s][info][gc,start    ] GC(14) Concurrent class unloading
[2026-04-03T01:34:26.669+0600][45.835s][info][gc,task     ] GC(14) Using 3 of 6 workers for concurrent class unloading
[2026-04-03T01:34:26.680+0600][45.846s][info][gc          ] GC(14) Concurrent class unloading 10.429ms
[2026-04-03T01:34:26.680+0600][45.846s][info][gc,start    ] GC(14) Concurrent strong roots
[2026-04-03T01:34:26.680+0600][45.846s][info][gc,task     ] GC(14) Using 3 of 6 workers for concurrent strong root
[2026-04-03T01:34:26.681+0600][45.847s][info][gc          ] GC(14) Concurrent strong roots 0.896ms
[2026-04-03T01:34:26.681+0600][45.847s][info][gc,start    ] GC(14) Concurrent evacuation
[2026-04-03T01:34:26.681+0600][45.847s][info][gc,task     ] GC(14) Using 3 of 6 workers for concurrent evacuation
[2026-04-03T01:34:26.683+0600][45.849s][info][gc          ] GC(14) Concurrent evacuation 2.411ms
[2026-04-03T01:34:26.684+0600][45.850s][info][gc,start    ] GC(14) Pause Init Update Refs
[2026-04-03T01:34:26.684+0600][45.850s][info][gc,ergo     ] GC(14) Pacer for Update Refs. Used: 168M, Free: 3559M, Non-Taxable: 355M, Alloc Tax Rate: 1.1x
[2026-04-03T01:34:26.684+0600][45.850s][info][gc          ] GC(14) Pause Init Update Refs 0.110ms
[2026-04-03T01:34:26.684+0600][45.850s][info][gc,start    ] GC(14) Concurrent update references
[2026-04-03T01:34:26.684+0600][45.850s][info][gc,task     ] GC(14) Using 3 of 6 workers for concurrent reference update
[2026-04-03T01:34:26.705+0600][45.871s][info][gc          ] GC(14) Concurrent update references 20.720ms
[2026-04-03T01:34:26.705+0600][45.871s][info][gc,start    ] GC(14) Concurrent update thread roots
[2026-04-03T01:34:26.706+0600][45.872s][info][gc          ] GC(14) Concurrent update thread roots 0.794ms
[2026-04-03T01:34:26.707+0600][45.873s][info][gc,start    ] GC(14) Pause Final Update Refs
[2026-04-03T01:34:26.707+0600][45.873s][info][gc,task     ] GC(14) Using 6 of 6 workers for final reference update
[2026-04-03T01:34:26.707+0600][45.873s][info][gc          ] GC(14) Pause Final Update Refs 0.219ms
[2026-04-03T01:34:26.707+0600][45.873s][info][gc,start    ] GC(14) Concurrent cleanup
[2026-04-03T01:34:26.709+0600][45.875s][info][gc          ] GC(14) Concurrent cleanup 169M->74M(1135M) 0.817ms
[2026-04-03T01:34:26.709+0600][45.875s][info][gc,ergo     ] Free: 3649M, Max: 1024K regular, 1772M humongous, Frag: 52% external, 0% internal; Reserve: 197M, Max: 1024K
[2026-04-03T01:34:26.709+0600][45.875s][info][gc,stats    ] 
[2026-04-03T01:34:26.709+0600][45.875s][info][gc,stats    ] All times are wall-clock times, except per-root-class counters, that are sum over
[2026-04-03T01:34:26.709+0600][45.875s][info][gc,stats    ] all workers. Dividing the <total> over the root stage time estimates parallelism.
[2026-04-03T01:34:26.709+0600][45.875s][info][gc,stats    ] 
[2026-04-03T01:34:26.709+0600][45.875s][info][gc,stats    ] Concurrent Reset                   1580 us
[2026-04-03T01:34:26.709+0600][45.875s][info][gc,stats    ] Pause Init Mark (G)                 416 us
[2026-04-03T01:34:26.709+0600][45.875s][info][gc,stats    ] Pause Init Mark (N)                 184 us
[2026-04-03T01:34:26.709+0600][45.875s][info][gc,stats    ]   Update Region States               34 us
[2026-04-03T01:34:26.709+0600][45.875s][info][gc,stats    ] Concurrent Mark Roots              2164 us, parallelism: 0.85x
[2026-04-03T01:34:26.709+0600][45.875s][info][gc,stats    ]   CMR: <total>                     1844 us
[2026-04-03T01:34:26.709+0600][45.875s][info][gc,stats    ]   CMR: Thread Roots                1664 us, workers (us): 360, 1056, 248, ---, ---, ---, 
[2026-04-03T01:34:26.709+0600][45.875s][info][gc,stats    ]   CMR: VM Strong Roots               23 us, workers (us):  21,   1,   1, ---, ---, ---, 
[2026-04-03T01:34:26.709+0600][45.875s][info][gc,stats    ]   CMR: CLDG Roots                   157 us, workers (us): 157, ---, ---, ---, ---, ---, 
[2026-04-03T01:34:26.709+0600][45.875s][info][gc,stats    ] Concurrent Marking                27262 us
[2026-04-03T01:34:26.709+0600][45.875s][info][gc,stats    ] Pause Final Mark (G)               1119 us
[2026-04-03T01:34:26.709+0600][45.875s][info][gc,stats    ] Pause Final Mark (N)                612 us
[2026-04-03T01:34:26.709+0600][45.875s][info][gc,stats    ]   Finish Mark                       130 us
[2026-04-03T01:34:26.709+0600][45.875s][info][gc,stats    ]   Update Region States               97 us
[2026-04-03T01:34:26.709+0600][45.875s][info][gc,stats    ]   Choose Collection Set             192 us
[2026-04-03T01:34:26.709+0600][45.875s][info][gc,stats    ]   Rebuild Free Set                   39 us
[2026-04-03T01:34:26.709+0600][45.875s][info][gc,stats    ] Concurrent Thread Roots            1334 us, parallelism: 1.92x
[2026-04-03T01:34:26.709+0600][45.875s][info][gc,stats    ]   CTR: <total>                     2564 us
[2026-04-03T01:34:26.709+0600][45.875s][info][gc,stats    ]   CTR: Thread Roots                2564 us, workers (us): 818, 822, 924, ---, ---, ---, 
[2026-04-03T01:34:26.709+0600][45.875s][info][gc,stats    ] Concurrent Weak References          885 us, parallelism: 0.26x
[2026-04-03T01:34:26.709+0600][45.875s][info][gc,stats    ]   CWRF: <total>                     234 us
[2026-04-03T01:34:26.709+0600][45.875s][info][gc,stats    ]   CWRF: Weak References             234 us, workers (us):  99, 134,   0, ---, ---, ---, 
[2026-04-03T01:34:26.709+0600][45.875s][info][gc,stats    ] Concurrent Weak Roots              7406 us
[2026-04-03T01:34:26.709+0600][45.875s][info][gc,stats    ]   Roots                            7054 us, parallelism: 1.42x
[2026-04-03T01:34:26.709+0600][45.875s][info][gc,stats    ]     CWR: <total>                   9992 us
[2026-04-03T01:34:26.709+0600][45.875s][info][gc,stats    ]     CWR: Code Cache Roots          8574 us, workers (us): 5248, 3326,   0, ---, ---, ---, 
[2026-04-03T01:34:26.710+0600][45.875s][info][gc,stats    ]     CWR: VM Weak Roots             1376 us, workers (us): 1371,   2,   3, ---, ---, ---, 
[2026-04-03T01:34:26.710+0600][45.875s][info][gc,stats    ]     CWR: CLDG Roots                  41 us, workers (us):  41, ---, ---, ---, ---, ---, 
[2026-04-03T01:34:26.710+0600][45.875s][info][gc,stats    ]   Rendezvous                        188 us
[2026-04-03T01:34:26.710+0600][45.875s][info][gc,stats    ] Concurrent Cleanup                 1004 us
[2026-04-03T01:34:26.710+0600][45.875s][info][gc,stats    ] Concurrent Class Unloading        10575 us
[2026-04-03T01:34:26.710+0600][45.875s][info][gc,stats    ]   Unlink Stale                    10042 us
[2026-04-03T01:34:26.710+0600][45.875s][info][gc,stats    ]     System Dictionary                55 us
[2026-04-03T01:34:26.710+0600][45.876s][info][gc,stats    ]     Weak Class Links                  1 us
[2026-04-03T01:34:26.710+0600][45.876s][info][gc,stats    ]     Code Roots                     9982 us
[2026-04-03T01:34:26.710+0600][45.876s][info][gc,stats    ]   Rendezvous                        195 us
[2026-04-03T01:34:26.710+0600][45.876s][info][gc,stats    ]   Purge Unlinked                    151 us
[2026-04-03T01:34:26.710+0600][45.876s][info][gc,stats    ]     Code Roots                       98 us
[2026-04-03T01:34:26.710+0600][45.876s][info][gc,stats    ]     CLDG                             51 us
[2026-04-03T01:34:26.710+0600][45.876s][info][gc,stats    ]     Exception Caches                  0 us
[2026-04-03T01:34:26.710+0600][45.876s][info][gc,stats    ] Concurrent Strong Roots             997 us, parallelism: 0.72x
[2026-04-03T01:34:26.710+0600][45.876s][info][gc,stats    ]   CSR: <total>                      714 us
[2026-04-03T01:34:26.710+0600][45.876s][info][gc,stats    ]   CSR: VM Strong Roots               39 us, workers (us):  17,  14,   9, ---, ---, ---, 
[2026-04-03T01:34:26.710+0600][45.876s][info][gc,stats    ]   CSR: CLDG Roots                   675 us, workers (us): 675, ---, ---, ---, ---, ---, 
[2026-04-03T01:34:26.710+0600][45.876s][info][gc,stats    ] Concurrent Evacuation              2551 us
[2026-04-03T01:34:26.710+0600][45.876s][info][gc,stats    ] Pause Init Update Refs (G)          944 us
[2026-04-03T01:34:26.710+0600][45.876s][info][gc,stats    ] Pause Init Update Refs (N)          127 us
[2026-04-03T01:34:26.710+0600][45.876s][info][gc,stats    ]   Manage GCLABs                      20 us
[2026-04-03T01:34:26.710+0600][45.876s][info][gc,stats    ] Concurrent Update Refs            21192 us
[2026-04-03T01:34:26.710+0600][45.876s][info][gc,stats    ] Concurrent Update Thread Roots      888 us
[2026-04-03T01:34:26.710+0600][45.876s][info][gc,stats    ] Pause Final Update Refs (G)        1077 us
[2026-04-03T01:34:26.710+0600][45.876s][info][gc,stats    ] Pause Final Update Refs (N)         237 us
[2026-04-03T01:34:26.710+0600][45.876s][info][gc,stats    ]   Update Region States               69 us
[2026-04-03T01:34:26.710+0600][45.876s][info][gc,stats    ]   Trash Collection Set                9 us
[2026-04-03T01:34:26.710+0600][45.876s][info][gc,stats    ]   Rebuild Free Set                   46 us
[2026-04-03T01:34:26.710+0600][45.876s][info][gc,stats    ] Concurrent Cleanup                 1483 us
[2026-04-03T01:34:26.710+0600][45.876s][info][gc,stats    ] 
[2026-04-03T01:34:26.710+0600][45.876s][info][gc,stats    ] Allocation pacing accrued:
[2026-04-03T01:34:26.710+0600][45.876s][info][gc,stats    ]       0 of  1196 ms (  0.0%): <total>
[2026-04-03T01:34:26.710+0600][45.876s][info][gc,stats    ]       0 of  1196 ms (  0.0%): <average total>
[2026-04-03T01:34:26.710+0600][45.876s][info][gc,stats    ] 
[2026-04-03T01:34:26.710+0600][45.876s][info][gc,metaspace] Metaspace: 55185K(55872K)->55185K(55872K) NonClass: 46683K(47040K)->46683K(47040K) Class: 8502K(8832K)->8502K(8832K)
[2026-04-03T01:34:26.710+0600][45.876s][info][gc,ergo     ] Pacer for Idle. Initial: 80302K, Alloc Tax Rate: 1.0x
[2026-04-03T01:34:27.860+0600][47.026s][info][gc          ] Trigger: Learning 5 of 5. Free (2743M) is below initial threshold (2744M)
[2026-04-03T01:34:27.860+0600][47.026s][info][gc,ergo     ] Free: 2742M, Max: 1024K regular, 1772M humongous, Frag: 36% external, 0% internal; Reserve: 197M, Max: 1024K
[2026-04-03T01:34:27.861+0600][47.026s][info][gc,start    ] GC(15) Concurrent reset
[2026-04-03T01:34:27.861+0600][47.026s][info][gc,task     ] GC(15) Using 3 of 6 workers for concurrent reset
[2026-04-03T01:34:27.861+0600][47.026s][info][gc,ergo     ] GC(15) Pacer for Reset. Non-Taxable: 3921M
[2026-04-03T01:34:27.865+0600][47.031s][info][gc          ] GC(15) Concurrent reset 4.572ms
[2026-04-03T01:34:27.865+0600][47.031s][info][gc,start    ] GC(15) Pause Init Mark (unload classes)
[2026-04-03T01:34:27.865+0600][47.031s][info][gc,task     ] GC(15) Using 6 of 6 workers for init marking
[2026-04-03T01:34:27.866+0600][47.031s][info][gc,ergo     ] GC(15) Pacer for Mark. Expected Live: 18443K, Free: 2742M, Non-Taxable: 274M, Alloc Tax Rate: 0.0x
[2026-04-03T01:34:27.866+0600][47.031s][info][gc          ] GC(15) Pause Init Mark (unload classes) 0.204ms
[2026-04-03T01:34:27.866+0600][47.032s][info][gc,start    ] GC(15) Concurrent marking roots
[2026-04-03T01:34:27.866+0600][47.032s][info][gc,task     ] GC(15) Using 3 of 6 workers for concurrent marking roots
[2026-04-03T01:34:27.867+0600][47.033s][info][gc          ] GC(15) Concurrent marking roots 0.780ms
[2026-04-03T01:34:27.867+0600][47.033s][info][gc,start    ] GC(15) Concurrent marking (unload classes)
[2026-04-03T01:34:27.867+0600][47.033s][info][gc,task     ] GC(15) Using 3 of 6 workers for concurrent marking
[2026-04-03T01:34:27.890+0600][47.056s][info][gc          ] GC(15) Concurrent marking (unload classes) 23.404ms
[2026-04-03T01:34:27.891+0600][47.056s][info][gc,start    ] GC(15) Pause Final Mark (unload classes)
[2026-04-03T01:34:27.891+0600][47.057s][info][gc,task     ] GC(15) Using 6 of 6 workers for final marking
[2026-04-03T01:34:27.891+0600][47.057s][info][gc,ergo     ] GC(15) Adaptive CSet Selection. Target Free: 555M, Actual Free: 3784M, Max CSet: 163M, Min Garbage: 0B
[2026-04-03T01:34:27.891+0600][47.057s][info][gc,ergo     ] GC(15) Collectable Garbage: 961M (99%), Immediate: 876M (90%), CSet: 86620K (8%)
[2026-04-03T01:34:27.891+0600][47.057s][info][gc,ergo     ] GC(15) Pacer for Evacuation. Used CSet: 89399K, Free: 3591M, Non-Taxable: 359M, Alloc Tax Rate: 1.1x
[2026-04-03T01:34:27.891+0600][47.057s][info][gc          ] GC(15) Pause Final Mark (unload classes) 0.407ms
[2026-04-03T01:34:27.892+0600][47.058s][info][gc,start    ] GC(15) Concurrent thread roots
[2026-04-03T01:34:27.892+0600][47.058s][info][gc,task     ] GC(15) Using 3 of 6 workers for Concurrent thread roots
[2026-04-03T01:34:27.892+0600][47.058s][info][gc          ] GC(15) Concurrent thread roots 0.737ms
[2026-04-03T01:34:27.892+0600][47.058s][info][gc,start    ] GC(15) Concurrent weak references
[2026-04-03T01:34:27.892+0600][47.058s][info][gc,task     ] GC(15) Using 3 of 6 workers for concurrent weak references
[2026-04-03T01:34:27.893+0600][47.059s][info][gc,ref      ] GC(15) Encountered references: Soft: 2466, Weak: 5391, Final: 73, Phantom: 351
[2026-04-03T01:34:27.893+0600][47.059s][info][gc,ref      ] GC(15) Discovered  references: Soft: 0, Weak: 1377, Final: 23, Phantom: 172
[2026-04-03T01:34:27.893+0600][47.059s][info][gc,ref      ] GC(15) Enqueued    references: Soft: 0, Weak: 0, Final: 0, Phantom: 0
[2026-04-03T01:34:27.893+0600][47.059s][info][gc          ] GC(15) Concurrent weak references 0.995ms
[2026-04-03T01:34:27.893+0600][47.059s][info][gc,start    ] GC(15) Concurrent weak roots
[2026-04-03T01:34:27.893+0600][47.059s][info][gc,task     ] GC(15) Using 3 of 6 workers for concurrent weak root
[2026-04-03T01:34:27.897+0600][47.063s][info][gc          ] GC(15) Concurrent weak roots 3.191ms
[2026-04-03T01:34:27.897+0600][47.063s][info][gc,start    ] GC(15) Concurrent cleanup
[2026-04-03T01:34:27.898+0600][47.064s][info][gc          ] GC(15) Concurrent cleanup 1033M->156M(1136M) 0.894ms
[2026-04-03T01:34:27.898+0600][47.064s][info][gc,ergo     ] GC(15) Free: 3567M, Max: 1024K regular, 1772M humongous, Frag: 51% external, 0% internal; Reserve: 195M, Max: 1024K
[2026-04-03T01:34:27.898+0600][47.064s][info][gc,start    ] GC(15) Concurrent class unloading
[2026-04-03T01:34:27.898+0600][47.064s][info][gc,task     ] GC(15) Using 3 of 6 workers for concurrent class unloading
[2026-04-03T01:34:27.910+0600][47.076s][info][gc          ] GC(15) Concurrent class unloading 12.506ms
[2026-04-03T01:34:27.910+0600][47.076s][info][gc,start    ] GC(15) Concurrent strong roots
[2026-04-03T01:34:27.910+0600][47.076s][info][gc,task     ] GC(15) Using 3 of 6 workers for concurrent strong root
[2026-04-03T01:34:27.911+0600][47.077s][info][gc          ] GC(15) Concurrent strong roots 1.020ms
[2026-04-03T01:34:27.912+0600][47.077s][info][gc,start    ] GC(15) Concurrent evacuation
[2026-04-03T01:34:27.912+0600][47.078s][info][gc,task     ] GC(15) Using 3 of 6 workers for concurrent evacuation
[2026-04-03T01:34:27.915+0600][47.081s][info][gc          ] GC(15) Concurrent evacuation 3.076ms
[2026-04-03T01:34:27.915+0600][47.081s][info][gc,start    ] GC(15) Pause Init Update Refs
[2026-04-03T01:34:27.915+0600][47.081s][info][gc,ergo     ] GC(15) Pacer for Update Refs. Used: 160M, Free: 3567M, Non-Taxable: 356M, Alloc Tax Rate: 1.1x
[2026-04-03T01:34:27.915+0600][47.081s][info][gc          ] GC(15) Pause Init Update Refs 0.109ms
[2026-04-03T01:34:27.917+0600][47.083s][info][gc,start    ] GC(15) Concurrent update references
[2026-04-03T01:34:27.917+0600][47.083s][info][gc,task     ] GC(15) Using 3 of 6 workers for concurrent reference update
[2026-04-03T01:34:27.942+0600][47.107s][info][gc          ] GC(15) Concurrent update references 24.821ms
[2026-04-03T01:34:27.942+0600][47.108s][info][gc,start    ] GC(15) Concurrent update thread roots
[2026-04-03T01:34:27.943+0600][47.109s][info][gc          ] GC(15) Concurrent update thread roots 1.083ms
[2026-04-03T01:34:27.943+0600][47.109s][info][gc,start    ] GC(15) Pause Final Update Refs
[2026-04-03T01:34:27.943+0600][47.109s][info][gc,task     ] GC(15) Using 6 of 6 workers for final reference update
[2026-04-03T01:34:27.943+0600][47.109s][info][gc          ] GC(15) Pause Final Update Refs 0.237ms
[2026-04-03T01:34:27.943+0600][47.109s][info][gc,start    ] GC(15) Concurrent cleanup
[2026-04-03T01:34:27.944+0600][47.110s][info][gc          ] GC(15) Concurrent cleanup 161M->74M(1136M) 0.376ms
[2026-04-03T01:34:27.944+0600][47.110s][info][gc,ergo     ] Free: 3649M, Max: 1024K regular, 1772M humongous, Frag: 52% external, 0% internal; Reserve: 197M, Max: 1024K
[2026-04-03T01:34:27.944+0600][47.110s][info][gc,stats    ] 
[2026-04-03T01:34:27.944+0600][47.110s][info][gc,stats    ] All times are wall-clock times, except per-root-class counters, that are sum over
[2026-04-03T01:34:27.944+0600][47.110s][info][gc,stats    ] all workers. Dividing the <total> over the root stage time estimates parallelism.
[2026-04-03T01:34:27.944+0600][47.110s][info][gc,stats    ] 
[2026-04-03T01:34:27.944+0600][47.110s][info][gc,stats    ] Concurrent Reset                   4664 us
[2026-04-03T01:34:27.944+0600][47.110s][info][gc,stats    ] Pause Init Mark (G)                 902 us
[2026-04-03T01:34:27.944+0600][47.110s][info][gc,stats    ] Pause Init Mark (N)                 219 us
[2026-04-03T01:34:27.944+0600][47.110s][info][gc,stats    ]   Update Region States               65 us
[2026-04-03T01:34:27.944+0600][47.110s][info][gc,stats    ] Concurrent Mark Roots               858 us, parallelism: 1.26x
[2026-04-03T01:34:27.944+0600][47.110s][info][gc,stats    ]   CMR: <total>                     1081 us
[2026-04-03T01:34:27.944+0600][47.110s][info][gc,stats    ]   CMR: Thread Roots                 836 us, workers (us): 477, 235, 125, ---, ---, ---, 
[2026-04-03T01:34:27.944+0600][47.110s][info][gc,stats    ]   CMR: VM Strong Roots               39 us, workers (us):  23,  15,   1, ---, ---, ---, 
[2026-04-03T01:34:27.944+0600][47.110s][info][gc,stats    ]   CMR: CLDG Roots                   205 us, workers (us): ---, 205, ---, ---, ---, ---, 
[2026-04-03T01:34:27.944+0600][47.110s][info][gc,stats    ] Concurrent Marking                23497 us
[2026-04-03T01:34:27.944+0600][47.110s][info][gc,stats    ] Pause Final Mark (G)               1217 us
[2026-04-03T01:34:27.944+0600][47.110s][info][gc,stats    ] Pause Final Mark (N)                421 us
[2026-04-03T01:34:27.944+0600][47.110s][info][gc,stats    ]   Finish Mark                       137 us
[2026-04-03T01:34:27.944+0600][47.110s][info][gc,stats    ]   Update Region States               58 us
[2026-04-03T01:34:27.944+0600][47.110s][info][gc,stats    ]   Choose Collection Set             112 us
[2026-04-03T01:34:27.944+0600][47.110s][info][gc,stats    ]   Rebuild Free Set                   40 us
[2026-04-03T01:34:27.944+0600][47.110s][info][gc,stats    ] Concurrent Thread Roots             786 us, parallelism: 1.06x
[2026-04-03T01:34:27.944+0600][47.110s][info][gc,stats    ]   CTR: <total>                      834 us
[2026-04-03T01:34:27.944+0600][47.110s][info][gc,stats    ]   CTR: Thread Roots                 834 us, workers (us): 527, 289,  18, ---, ---, ---, 
[2026-04-03T01:34:27.944+0600][47.110s][info][gc,stats    ] Concurrent Weak References         1008 us, parallelism: 0.85x
[2026-04-03T01:34:27.944+0600][47.110s][info][gc,stats    ]   CWRF: <total>                     854 us
[2026-04-03T01:34:27.944+0600][47.110s][info][gc,stats    ]   CWRF: Weak References             854 us, workers (us): 767,  87,   0, ---, ---, ---, 
[2026-04-03T01:34:27.944+0600][47.110s][info][gc,stats    ] Concurrent Weak Roots              3298 us
[2026-04-03T01:34:27.944+0600][47.110s][info][gc,stats    ]   Roots                            2693 us, parallelism: 2.81x
[2026-04-03T01:34:27.944+0600][47.110s][info][gc,stats    ]     CWR: <total>                   7574 us
[2026-04-03T01:34:27.944+0600][47.110s][info][gc,stats    ]     CWR: Code Cache Roots          5570 us, workers (us): 1823, 1853, 1894, ---, ---, ---, 
[2026-04-03T01:34:27.944+0600][47.110s][info][gc,stats    ]     CWR: VM Weak Roots             1960 us, workers (us): 658, 656, 646, ---, ---, ---, 
[2026-04-03T01:34:27.944+0600][47.110s][info][gc,stats    ]     CWR: CLDG Roots                  45 us, workers (us): ---,  45, ---, ---, ---, ---, 
[2026-04-03T01:34:27.944+0600][47.110s][info][gc,stats    ]   Rendezvous                        466 us
[2026-04-03T01:34:27.944+0600][47.110s][info][gc,stats    ] Concurrent Cleanup                  991 us
[2026-04-03T01:34:27.944+0600][47.110s][info][gc,stats    ] Concurrent Class Unloading        12605 us
[2026-04-03T01:34:27.944+0600][47.110s][info][gc,stats    ]   Unlink Stale                    11966 us
[2026-04-03T01:34:27.944+0600][47.110s][info][gc,stats    ]     System Dictionary                55 us
[2026-04-03T01:34:27.944+0600][47.110s][info][gc,stats    ]     Weak Class Links                  0 us
[2026-04-03T01:34:27.944+0600][47.110s][info][gc,stats    ]     Code Roots                    11904 us
[2026-04-03T01:34:27.944+0600][47.110s][info][gc,stats    ]   Rendezvous                        174 us
[2026-04-03T01:34:27.944+0600][47.110s][info][gc,stats    ]   Purge Unlinked                    323 us
[2026-04-03T01:34:27.945+0600][47.110s][info][gc,stats    ]     Code Roots                      293 us
[2026-04-03T01:34:27.945+0600][47.110s][info][gc,stats    ]     CLDG                             28 us
[2026-04-03T01:34:27.945+0600][47.110s][info][gc,stats    ]     Exception Caches                  1 us
[2026-04-03T01:34:27.945+0600][47.110s][info][gc,stats    ] Concurrent Strong Roots            1106 us, parallelism: 0.78x
[2026-04-03T01:34:27.945+0600][47.110s][info][gc,stats    ]   CSR: <total>                      864 us
[2026-04-03T01:34:27.945+0600][47.111s][info][gc,stats    ]   CSR: VM Strong Roots               29 us, workers (us):  27,   2,   0, ---, ---, ---, 
[2026-04-03T01:34:27.945+0600][47.111s][info][gc,stats    ]   CSR: CLDG Roots                   835 us, workers (us): 835, ---, ---, ---, ---, ---, 
[2026-04-03T01:34:27.945+0600][47.111s][info][gc,stats    ] Concurrent Evacuation              3190 us
[2026-04-03T01:34:27.945+0600][47.111s][info][gc,stats    ] Pause Init Update Refs (G)         1903 us
[2026-04-03T01:34:27.945+0600][47.111s][info][gc,stats    ] Pause Init Update Refs (N)          123 us
[2026-04-03T01:34:27.945+0600][47.111s][info][gc,stats    ]   Manage GCLABs                      19 us
[2026-04-03T01:34:27.945+0600][47.111s][info][gc,stats    ] Concurrent Update Refs            24945 us
[2026-04-03T01:34:27.945+0600][47.111s][info][gc,stats    ] Concurrent Update Thread Roots     1174 us
[2026-04-03T01:34:27.945+0600][47.111s][info][gc,stats    ] Pause Final Update Refs (G)         547 us
[2026-04-03T01:34:27.945+0600][47.111s][info][gc,stats    ] Pause Final Update Refs (N)         253 us
[2026-04-03T01:34:27.945+0600][47.111s][info][gc,stats    ]   Update Region States               69 us
[2026-04-03T01:34:27.945+0600][47.111s][info][gc,stats    ]   Trash Collection Set                9 us
[2026-04-03T01:34:27.945+0600][47.111s][info][gc,stats    ]   Rebuild Free Set                   46 us
[2026-04-03T01:34:27.945+0600][47.111s][info][gc,stats    ] Concurrent Cleanup                  426 us
[2026-04-03T01:34:27.945+0600][47.111s][info][gc,stats    ] 
[2026-04-03T01:34:27.945+0600][47.111s][info][gc,stats    ] Allocation pacing accrued:
[2026-04-03T01:34:27.945+0600][47.111s][info][gc,stats    ]       0 of  1235 ms (  0.0%): <total>
[2026-04-03T01:34:27.945+0600][47.111s][info][gc,stats    ]       0 of  1235 ms (  0.0%): <average total>
[2026-04-03T01:34:27.945+0600][47.111s][info][gc,stats    ] 
[2026-04-03T01:34:27.945+0600][47.111s][info][gc,metaspace] Metaspace: 55190K(55872K)->55190K(55872K) NonClass: 46688K(47040K)->46688K(47040K) Class: 8502K(8832K)->8502K(8832K)
[2026-04-03T01:34:27.945+0600][47.111s][info][gc,ergo     ] Pacer for Idle. Initial: 80302K, Alloc Tax Rate: 1.0x
[2026-04-03T01:34:30.636+0600][49.802s][info][gc          ] Cancelling GC: Stopping VM
[2026-04-03T01:34:30.637+0600][49.803s][info][gc,heap,exit] Heap
[2026-04-03T01:34:30.637+0600][49.803s][info][gc,heap,exit] Shenandoah Heap
[2026-04-03T01:34:30.637+0600][49.803s][info][gc,heap,exit]  3921M max, 3921M soft max, 1989M committed, 1980M used
[2026-04-03T01:34:30.637+0600][49.803s][info][gc,heap,exit]  3921 x 1024K regions
[2026-04-03T01:34:30.637+0600][49.803s][info][gc,heap,exit] Status: cancelled
[2026-04-03T01:34:30.637+0600][49.803s][info][gc,heap,exit] Reserved region:
[2026-04-03T01:34:30.637+0600][49.803s][info][gc,heap,exit]  - [0x000000070af00000, 0x0000000800000000) 
[2026-04-03T01:34:30.637+0600][49.803s][info][gc,heap,exit] Collection set:
[2026-04-03T01:34:30.637+0600][49.803s][info][gc,heap,exit]  - map (vanilla): 0x00000000000170af
[2026-04-03T01:34:30.637+0600][49.803s][info][gc,heap,exit]  - map (biased):  0x0000000000010000
[2026-04-03T01:34:30.637+0600][49.803s][info][gc,heap,exit] 
[2026-04-03T01:34:30.637+0600][49.803s][info][gc,heap,exit]  Metaspace       used 55596K, committed 56128K, reserved 1114112K
[2026-04-03T01:34:30.637+0600][49.803s][info][gc,heap,exit]   class space    used 8633K, committed 8960K, reserved 1048576K
[2026-04-03T01:34:30.637+0600][49.803s][info][gc,stats    ] 
[2026-04-03T01:34:30.637+0600][49.803s][info][gc,stats    ] GC STATISTICS:
[2026-04-03T01:34:30.637+0600][49.803s][info][gc,stats    ]   "(G)" (gross) pauses include VM time: time to notify and block threads, do the pre-
[2026-04-03T01:34:30.637+0600][49.803s][info][gc,stats    ]         and post-safepoint housekeeping. Use -Xlog:safepoint+stats to dissect.
[2026-04-03T01:34:30.637+0600][49.803s][info][gc,stats    ]   "(N)" (net) pauses are the times spent in the actual GC code.
[2026-04-03T01:34:30.637+0600][49.803s][info][gc,stats    ]   "a" is average time for each phase, look at levels to see if average makes sense.
[2026-04-03T01:34:30.637+0600][49.803s][info][gc,stats    ]   "lvls" are quantiles: 0% (minimum), 25%, 50% (median), 75%, 100% (maximum).
[2026-04-03T01:34:30.637+0600][49.803s][info][gc,stats    ] 
[2026-04-03T01:34:30.637+0600][49.803s][info][gc,stats    ]   All times are wall-clock times, except per-root-class counters, that are sum over
[2026-04-03T01:34:30.637+0600][49.803s][info][gc,stats    ]   all workers. Dividing the <total> over the root stage time estimates parallelism.
[2026-04-03T01:34:30.637+0600][49.803s][info][gc,stats    ] 
[2026-04-03T01:34:30.637+0600][49.803s][info][gc,stats    ]   Pacing delays are measured from entering the pacing code till exiting it. Therefore,
[2026-04-03T01:34:30.637+0600][49.803s][info][gc,stats    ]   observed pacing delays may be higher than the threshold when paced thread spent more
[2026-04-03T01:34:30.637+0600][49.803s][info][gc,stats    ]   time in the pacing code. It usually happens when thread is de-scheduled while paced,
[2026-04-03T01:34:30.637+0600][49.803s][info][gc,stats    ]   OS takes longer to unblock the thread, or JVM experiences an STW pause.
[2026-04-03T01:34:30.637+0600][49.803s][info][gc,stats    ] 
[2026-04-03T01:34:30.637+0600][49.803s][info][gc,stats    ]   Higher delay would prevent application outpacing the GC, but it will hide the GC latencies
[2026-04-03T01:34:30.637+0600][49.803s][info][gc,stats    ]   from the STW pause times. Pacing affects the individual threads, and so it would also be
[2026-04-03T01:34:30.637+0600][49.803s][info][gc,stats    ]   invisible to the usual profiling tools, but would add up to end-to-end application latency.
[2026-04-03T01:34:30.637+0600][49.803s][info][gc,stats    ]   Raise max pacing delay with care.
[2026-04-03T01:34:30.637+0600][49.803s][info][gc,stats    ] 
[2026-04-03T01:34:30.637+0600][49.803s][info][gc,stats    ] Concurrent Reset               =    0.108 s (a =     6762 us) (n =    16) (lvls, us =     1309,     2090,     4648,     6582,    33321)
[2026-04-03T01:34:30.638+0600][49.803s][info][gc,stats    ] Pause Init Mark (G)            =    0.023 s (a =     1452 us) (n =    16) (lvls, us =      336,      746,     1133,     1465,     4686)
[2026-04-03T01:34:30.638+0600][49.803s][info][gc,stats    ] Pause Init Mark (N)            =    0.004 s (a =      230 us) (n =    16) (lvls, us =      125,      148,      180,      219,      913)
[2026-04-03T01:34:30.638+0600][49.803s][info][gc,stats    ]   Update Region States         =    0.001 s (a =       52 us) (n =    16) (lvls, us =       34,       40,       47,       63,       77)
[2026-04-03T01:34:30.638+0600][49.803s][info][gc,stats    ] Concurrent Mark Roots          =    0.026 s (a =     1649 us) (n =    16) (lvls, us =      633,      857,     1289,     2148,     4240)
[2026-04-03T01:34:30.638+0600][49.803s][info][gc,stats    ]   CMR: <total>                 =    0.029 s (a =     1804 us) (n =    16) (lvls, us =      580,     1074,     1836,     2207,     3708)
[2026-04-03T01:34:30.638+0600][49.803s][info][gc,stats    ]   CMR: Thread Roots            =    0.023 s (a =     1449 us) (n =    16) (lvls, us =      414,      836,     1484,     1855,     3119)
[2026-04-03T01:34:30.638+0600][49.803s][info][gc,stats    ]   CMR: VM Strong Roots         =    0.002 s (a =      122 us) (n =    16) (lvls, us =       22,       26,       52,      191,      384)
[2026-04-03T01:34:30.638+0600][49.804s][info][gc,stats    ]   CMR: CLDG Roots              =    0.004 s (a =      233 us) (n =    16) (lvls, us =      141,      164,      189,      213,      645)
[2026-04-03T01:34:30.638+0600][49.804s][info][gc,stats    ] Concurrent Marking             =    0.456 s (a =    28509 us) (n =    16) (lvls, us =    10742,    20898,    22852,    37305,    69544)
[2026-04-03T01:34:30.638+0600][49.804s][info][gc,stats    ] Pause Final Mark (G)           =    0.024 s (a =     1493 us) (n =    16) (lvls, us =      713,      957,     1113,     1426,     3299)
[2026-04-03T01:34:30.638+0600][49.804s][info][gc,stats    ] Pause Final Mark (N)           =    0.009 s (a =      568 us) (n =    16) (lvls, us =      377,      494,      561,      619,      757)
[2026-04-03T01:34:30.638+0600][49.804s][info][gc,stats    ]   Finish Mark                  =    0.003 s (a =      177 us) (n =    16) (lvls, us =      129,      143,      148,      178,      288)
[2026-04-03T01:34:30.638+0600][49.804s][info][gc,stats    ]   Update Region States         =    0.001 s (a =       71 us) (n =    16) (lvls, us =       53,       58,       66,       74,      106)
[2026-04-03T01:34:30.638+0600][49.804s][info][gc,stats    ]   Choose Collection Set        =    0.002 s (a =      148 us) (n =    16) (lvls, us =       73,      107,      139,      180,      261)
[2026-04-03T01:34:30.638+0600][49.804s][info][gc,stats    ]   Rebuild Free Set             =    0.001 s (a =       45 us) (n =    16) (lvls, us =       31,       39,       42,       47,       65)
[2026-04-03T01:34:30.638+0600][49.804s][info][gc,stats    ] Concurrent Thread Roots        =    0.023 s (a =     1937 us) (n =    12) (lvls, us =      471,      785,     1113,     1914,     7810)
[2026-04-03T01:34:30.638+0600][49.804s][info][gc,stats    ]   CTR: <total>                 =    0.025 s (a =     2051 us) (n =    12) (lvls, us =      482,      760,      832,     2559,     5841)
[2026-04-03T01:34:30.638+0600][49.804s][info][gc,stats    ]   CTR: Thread Roots            =    0.025 s (a =     2051 us) (n =    12) (lvls, us =      482,      760,      832,     2559,     5841)
[2026-04-03T01:34:30.638+0600][49.804s][info][gc,stats    ] Concurrent Weak References     =    0.015 s (a =      954 us) (n =    16) (lvls, us =      500,      586,      752,      996,     2995)
[2026-04-03T01:34:30.638+0600][49.804s][info][gc,stats    ]   CWRF: <total>                =    0.010 s (a =      641 us) (n =    16) (lvls, us =       83,      232,      314,      854,     2695)
[2026-04-03T01:34:30.638+0600][49.804s][info][gc,stats    ]   CWRF: Weak References        =    0.010 s (a =      641 us) (n =    16) (lvls, us =       83,      232,      314,      854,     2695)
[2026-04-03T01:34:30.638+0600][49.804s][info][gc,stats    ] Concurrent Weak Roots          =    0.081 s (a =     5048 us) (n =    16) (lvls, us =     1387,     2480,     3906,     6660,    17477)
[2026-04-03T01:34:30.638+0600][49.804s][info][gc,stats    ]   Roots                        =    0.065 s (a =     4046 us) (n =    16) (lvls, us =     1133,     2188,     3008,     4316,    11529)
[2026-04-03T01:34:30.638+0600][49.804s][info][gc,stats    ]     CWR: <total>               =    0.153 s (a =     9582 us) (n =    16) (lvls, us =     2812,     6152,     7715,    10938,    26633)
[2026-04-03T01:34:30.638+0600][49.804s][info][gc,stats    ]     CWR: Code Cache Roots      =    0.092 s (a =     5719 us) (n =    16) (lvls, us =     1094,     4531,     5469,     5977,    13121)
[2026-04-03T01:34:30.638+0600][49.804s][info][gc,stats    ]     CWR: VM Weak Roots         =    0.061 s (a =     3820 us) (n =    16) (lvls, us =      775,     1465,     2168,     4648,    13390)
[2026-04-03T01:34:30.638+0600][49.804s][info][gc,stats    ]     CWR: CLDG Roots            =    0.001 s (a =       43 us) (n =    16) (lvls, us =       10,       35,       40,       44,      123)
[2026-04-03T01:34:30.638+0600][49.804s][info][gc,stats    ]   Rendezvous                   =    0.013 s (a =      827 us) (n =    16) (lvls, us =      117,      160,      213,      789,     5753)
[2026-04-03T01:34:30.638+0600][49.804s][info][gc,stats    ] Concurrent Cleanup             =    0.018 s (a =     1121 us) (n =    16) (lvls, us =      432,      680,      990,     1113,     2175)
[2026-04-03T01:34:30.638+0600][49.804s][info][gc,stats    ] Concurrent Class Unloading     =    0.390 s (a =    24361 us) (n =    16) (lvls, us =     2207,     8555,    11914,    18359,   122101)
[2026-04-03T01:34:30.638+0600][49.804s][info][gc,stats    ]   Unlink Stale                 =    0.294 s (a =    18362 us) (n =    16) (lvls, us =     1621,     7734,     9961,    13672,    87522)
[2026-04-03T01:34:30.638+0600][49.804s][info][gc,stats    ]     System Dictionary          =    0.002 s (a =      145 us) (n =    16) (lvls, us =       19,       46,       52,       62,      846)
[2026-04-03T01:34:30.638+0600][49.804s][info][gc,stats    ]     Weak Class Links           =    0.082 s (a =     5111 us) (n =    16) (lvls, us =        0,        0,        1,        1,    49357)
[2026-04-03T01:34:30.638+0600][49.804s][info][gc,stats    ]     Code Roots                 =    0.210 s (a =    13101 us) (n =    16) (lvls, us =     1602,     7695,     9980,    13672,    37309)
[2026-04-03T01:34:30.638+0600][49.804s][info][gc,stats    ]   Rendezvous                   =    0.012 s (a =      741 us) (n =    16) (lvls, us =      121,      193,      273,      604,     2778)
[2026-04-03T01:34:30.638+0600][49.804s][info][gc,stats    ]   Purge Unlinked               =    0.081 s (a =     5071 us) (n =    16) (lvls, us =      150,      377,      752,     3848,    32305)
[2026-04-03T01:34:30.638+0600][49.804s][info][gc,stats    ]     Code Roots                 =    0.079 s (a =     4949 us) (n =    16) (lvls, us =       98,      367,      742,     3789,    31155)
[2026-04-03T01:34:30.638+0600][49.804s][info][gc,stats    ]     CLDG                       =    0.002 s (a =      120 us) (n =    16) (lvls, us =        7,       11,       28,       83,     1148)
[2026-04-03T01:34:30.638+0600][49.804s][info][gc,stats    ]     Exception Caches           =    0.000 s (a =        1 us) (n =    16) (lvls, us =        0,        0,        1,        1,        1)
[2026-04-03T01:34:30.638+0600][49.804s][info][gc,stats    ] Concurrent Strong Roots        =    0.023 s (a =     1938 us) (n =    12) (lvls, us =      996,     1094,     1543,     2246,     4811)
[2026-04-03T01:34:30.638+0600][49.804s][info][gc,stats    ]   CSR: <total>                 =    0.014 s (a =     1159 us) (n =    12) (lvls, us =      619,      773,      863,     1094,     2579)
[2026-04-03T01:34:30.638+0600][49.804s][info][gc,stats    ]   CSR: VM Strong Roots         =    0.001 s (a =       43 us) (n =    12) (lvls, us =       25,       27,       39,       57,       82)
[2026-04-03T01:34:30.638+0600][49.804s][info][gc,stats    ]   CSR: CLDG Roots              =    0.013 s (a =     1115 us) (n =    12) (lvls, us =      592,      730,      814,     1035,     2549)
[2026-04-03T01:34:30.638+0600][49.804s][info][gc,stats    ] Concurrent Evacuation          =    0.094 s (a =     7820 us) (n =    12) (lvls, us =     1895,     2617,     5977,     6992,    36245)
[2026-04-03T01:34:30.638+0600][49.804s][info][gc,stats    ] Pause Final Roots (G)          =    0.002 s (a =      464 us) (n =     4) (lvls, us =      314,      314,      357,      438,      744)
[2026-04-03T01:34:30.638+0600][49.804s][info][gc,stats    ] Pause Final Roots (N)          =    0.000 s (a =       82 us) (n =     4) (lvls, us =       53,       53,       59,       78,      138)
[2026-04-03T01:34:30.638+0600][49.804s][info][gc,stats    ] Pause Init Update Refs (G)     =    0.013 s (a =     1104 us) (n =    12) (lvls, us =      299,      480,      775,     1738,     2933)
[2026-04-03T01:34:30.638+0600][49.804s][info][gc,stats    ] Pause Init Update Refs (N)     =    0.001 s (a =      120 us) (n =    12) (lvls, us =       76,      100,      111,      125,      170)
[2026-04-03T01:34:30.638+0600][49.804s][info][gc,stats    ]   Manage GCLABs                =    0.000 s (a =       19 us) (n =    12) (lvls, us =        7,       14,       19,       24,       27)
[2026-04-03T01:34:30.638+0600][49.804s][info][gc,stats    ] Concurrent Update Refs         =    0.281 s (a =    23431 us) (n =    12) (lvls, us =     5352,    19336,    22266,    29883,    44392)
[2026-04-03T01:34:30.638+0600][49.804s][info][gc,stats    ] Concurrent Update Thread Roots =    0.017 s (a =     1406 us) (n =    12) (lvls, us =      602,      684,      898,     1172,     5583)
[2026-04-03T01:34:30.638+0600][49.804s][info][gc,stats    ] Pause Final Update Refs (G)    =    0.013 s (a =     1059 us) (n =    12) (lvls, us =      465,      553,     1016,     1211,     2040)
[2026-04-03T01:34:30.638+0600][49.804s][info][gc,stats    ] Pause Final Update Refs (N)    =    0.003 s (a =      246 us) (n =    12) (lvls, us =      201,      215,      238,      254,      317)
[2026-04-03T01:34:30.638+0600][49.804s][info][gc,stats    ]   Update Region States         =    0.001 s (a =       76 us) (n =    12) (lvls, us =       69,       69,       71,       76,      101)
[2026-04-03T01:34:30.638+0600][49.804s][info][gc,stats    ]   Trash Collection Set         =    0.000 s (a =       14 us) (n =    12) (lvls, us =        9,       11,       13,       15,       20)
[2026-04-03T01:34:30.638+0600][49.804s][info][gc,stats    ]   Rebuild Free Set             =    0.001 s (a =       49 us) (n =    12) (lvls, us =       34,       43,       46,       49,       93)
[2026-04-03T01:34:30.638+0600][49.804s][info][gc,stats    ] Concurrent Cleanup             =    0.012 s (a =      990 us) (n =    12) (lvls, us =      424,      809,      936,     1230,     1483)
[2026-04-03T01:34:30.638+0600][49.804s][info][gc,stats    ] Concurrent Uncommit            =    0.899 s (a =   299551 us) (n =     3) (lvls, us =    69336,    69336,    69336,   359375,   469551)
[2026-04-03T01:34:30.638+0600][49.804s][info][gc,stats    ] Pacing                         =    0.968 s (a =    60497 us) (n =    16) (lvls, us =        0,        0,        0,        0,   967951)
[2026-04-03T01:34:30.638+0600][49.804s][info][gc,stats    ] 
[2026-04-03T01:34:30.638+0600][49.804s][info][gc,stats    ] 
[2026-04-03T01:34:30.638+0600][49.804s][info][gc,stats    ] Under allocation pressure, concurrent cycles may cancel, and either continue cycle
[2026-04-03T01:34:30.638+0600][49.804s][info][gc,stats    ] under stop-the-world pause or result in stop-the-world Full GC. Increase heap size,
[2026-04-03T01:34:30.638+0600][49.804s][info][gc,stats    ] tune GC heuristics, set more aggressive pacing delay, or lower allocation rate
[2026-04-03T01:34:30.638+0600][49.804s][info][gc,stats    ] to avoid Degenerated and Full GC cycles.
[2026-04-03T01:34:30.638+0600][49.804s][info][gc,stats    ] 
[2026-04-03T01:34:30.638+0600][49.804s][info][gc,stats    ]    16 successful concurrent GCs
[2026-04-03T01:34:30.638+0600][49.804s][info][gc,stats    ]       3 invoked explicitly
[2026-04-03T01:34:30.638+0600][49.804s][info][gc,stats    ]       0 invoked implicitly
[2026-04-03T01:34:30.638+0600][49.804s][info][gc,stats    ] 
[2026-04-03T01:34:30.638+0600][49.804s][info][gc,stats    ]     0 Degenerated GCs
[2026-04-03T01:34:30.638+0600][49.804s][info][gc,stats    ]       0 caused by allocation failure
[2026-04-03T01:34:30.638+0600][49.804s][info][gc,stats    ]       0 upgraded to Full GC
[2026-04-03T01:34:30.638+0600][49.804s][info][gc,stats    ] 
[2026-04-03T01:34:30.638+0600][49.804s][info][gc,stats    ]     0 Full GCs
[2026-04-03T01:34:30.638+0600][49.804s][info][gc,stats    ]       0 invoked explicitly
[2026-04-03T01:34:30.638+0600][49.804s][info][gc,stats    ]       0 invoked implicitly
[2026-04-03T01:34:30.638+0600][49.804s][info][gc,stats    ]       0 caused by allocation failure
[2026-04-03T01:34:30.638+0600][49.804s][info][gc,stats    ]       0 upgraded from Degenerated GC
[2026-04-03T01:34:30.638+0600][49.804s][info][gc,stats    ] 
[2026-04-03T01:34:30.638+0600][49.804s][info][gc,stats    ] 
