[2026-04-03T01:30:40.526+0600][0.007s][info][gc,init] Initializing The Z Garbage Collector
[2026-04-03T01:30:40.526+0600][0.007s][info][gc,init] Version: 21.0.10+7-Ubuntu-124.04 (release)
[2026-04-03T01:30:40.526+0600][0.007s][info][gc,init] NUMA Support: Disabled
[2026-04-03T01:30:40.526+0600][0.007s][info][gc,init] CPUs: 12 total, 12 available
[2026-04-03T01:30:40.526+0600][0.007s][info][gc,init] Memory: 15683M
[2026-04-03T01:30:40.526+0600][0.007s][info][gc,init] Large Page Support: Disabled
[2026-04-03T01:30:40.526+0600][0.007s][info][gc,init] Address Space Type: Contiguous/Unrestricted/Complete
[2026-04-03T01:30:40.526+0600][0.007s][info][gc,init] Address Space Size: 62752M
[2026-04-03T01:30:40.526+0600][0.007s][info][gc,init] Heap Backing File: /memfd:java_heap
[2026-04-03T01:30:40.526+0600][0.007s][info][gc,init] Heap Backing Filesystem: tmpfs (0x1021994)
[2026-04-03T01:30:40.527+0600][0.008s][info][gc,init] Min Capacity: 8M
[2026-04-03T01:30:40.527+0600][0.008s][info][gc,init] Initial Capacity: 246M
[2026-04-03T01:30:40.527+0600][0.008s][info][gc,init] Max Capacity: 3922M
[2026-04-03T01:30:40.527+0600][0.008s][info][gc,init] Soft Max Capacity: 3529M
[2026-04-03T01:30:40.527+0600][0.008s][info][gc,init] Medium Page Size: 32M
[2026-04-03T01:30:40.527+0600][0.008s][info][gc,init] Pre-touch: Disabled
[2026-04-03T01:30:40.527+0600][0.008s][info][gc,init] Available space on backing filesystem: N/A
[2026-04-03T01:30:40.528+0600][0.009s][info][gc,init] Uncommit: Enabled
[2026-04-03T01:30:40.528+0600][0.009s][info][gc,init] Uncommit Delay: 300s
[2026-04-03T01:30:40.528+0600][0.009s][info][gc,init] GC Workers for Old Generation: 3 (dynamic)
[2026-04-03T01:30:40.529+0600][0.010s][info][gc,init] GC Workers for Young Generation: 3 (dynamic)
[2026-04-03T01:30:40.644+0600][0.125s][info][gc,init] GC Workers Max: 3 (dynamic)
[2026-04-03T01:30:40.645+0600][0.126s][info][gc,init] Runtime Workers: 8
[2026-04-03T01:30:40.647+0600][0.127s][info][gc     ] Using The Z Garbage Collector
[2026-04-03T01:30:40.659+0600][0.140s][info][gc,metaspace] CDS archive(s) mapped at: [0x00007bdc0b000000-0x00007bdc0bc9c000-0x00007bdc0bc9c000), size 13221888, SharedBaseAddress: 0x00007bdc0b000000, ArchiveRelocationMode: 1.
[2026-04-03T01:30:40.659+0600][0.140s][info][gc,metaspace] Compressed class space mapped at: 0x00007bdc0c000000-0x00007bdc4c000000, reserved size: 1073741824
[2026-04-03T01:30:40.659+0600][0.140s][info][gc,metaspace] Narrow klass base: 0x00007bdc0b000000, Narrow klass shift: 0, Narrow klass range: 0x100000000
[2026-04-03T01:30:42.398+0600][1.879s][info][gc          ] GC(0) Major Collection (Warmup)
[2026-04-03T01:30:42.398+0600][1.879s][info][gc,task     ] GC(0) Using 3 Workers for Young Generation
[2026-04-03T01:30:42.398+0600][1.879s][info][gc,task     ] GC(0) Using 2 Workers for Old Generation
[2026-04-03T01:30:42.398+0600][1.879s][info][gc,phases   ] GC(0) Y: Young Generation
[2026-04-03T01:30:42.399+0600][1.879s][info][gc,phases   ] GC(0) Y: Pause Mark Start (Major) 0.025ms
[2026-04-03T01:30:42.410+0600][1.891s][info][gc,phases   ] GC(0) Y: Concurrent Mark 11.252ms
[2026-04-03T01:30:42.411+0600][1.891s][info][gc,phases   ] GC(0) Y: Pause Mark End 0.026ms
[2026-04-03T01:30:42.411+0600][1.891s][info][gc,phases   ] GC(0) Y: Concurrent Mark Free 0.002ms
[2026-04-03T01:30:42.411+0600][1.891s][info][gc,phases   ] GC(0) Y: Concurrent Reset Relocation Set 0.000ms
[2026-04-03T01:30:42.417+0600][1.898s][info][gc,reloc    ] GC(0) Y: Using tenuring threshold: 1 (Computed)
[2026-04-03T01:30:42.419+0600][1.899s][info][gc,phases   ] GC(0) Y: Concurrent Select Relocation Set 7.873ms
[2026-04-03T01:30:42.419+0600][1.900s][info][gc,phases   ] GC(0) Y: Pause Relocate Start 0.021ms
[2026-04-03T01:30:42.428+0600][1.909s][info][gc,phases   ] GC(0) Y: Concurrent Relocate 8.794ms
[2026-04-03T01:30:42.428+0600][1.909s][info][gc,alloc    ] GC(0) Y:                         Mark Start        Mark End      Relocate Start    Relocate End   
[2026-04-03T01:30:42.428+0600][1.909s][info][gc,alloc    ] GC(0) Y: Allocation Stalls:          0                0                0                0         
[2026-04-03T01:30:42.428+0600][1.909s][info][gc,load     ] GC(0) Y: Load: 10.34 (86%) / 5.96 (50%) / 5.58 (46%)
[2026-04-03T01:30:42.428+0600][1.909s][info][gc,mmu      ] GC(0) Y: MMU: 2ms/98.7%, 5ms/99.5%, 10ms/99.5%, 20ms/99.7%, 50ms/99.9%, 100ms/99.9%
[2026-04-03T01:30:42.428+0600][1.909s][info][gc,marking  ] GC(0) Y: Mark: 2 stripe(s), 4 proactive flush(es), 1 terminate flush(es), 0 completion(s), 0 continuation(s) 
[2026-04-03T01:30:42.428+0600][1.909s][info][gc,marking  ] GC(0) Y: Mark Stack Usage: 32M
[2026-04-03T01:30:42.428+0600][1.909s][info][gc,nmethod  ] GC(0) Y: NMethods: 1310 registered, 0 unregistered
[2026-04-03T01:30:42.428+0600][1.909s][info][gc,metaspace] GC(0) Y: Metaspace: 11M used, 11M committed, 1088M reserved
[2026-04-03T01:30:42.428+0600][1.909s][info][gc,reloc    ] GC(0) Y:                        Candidates     Selected     In-Place         Size        Empty    Relocated 
[2026-04-03T01:30:42.428+0600][1.909s][info][gc,reloc    ] GC(0) Y: Small Pages:                  177          173            0         354M           0M           4M 
[2026-04-03T01:30:42.428+0600][1.909s][info][gc,reloc    ] GC(0) Y: Medium Pages:                   0            0            0           0M           0M           0M 
[2026-04-03T01:30:42.428+0600][1.909s][info][gc,reloc    ] GC(0) Y: Large Pages:                    0            0            0           0M           0M           0M 
[2026-04-03T01:30:42.428+0600][1.909s][info][gc,reloc    ] GC(0) Y: Forwarding Usage: 2M
[2026-04-03T01:30:42.428+0600][1.909s][info][gc,reloc    ] GC(0) Y: Age Table:
[2026-04-03T01:30:42.428+0600][1.909s][info][gc,reloc    ] GC(0) Y:                    Live             Garbage             Small              Medium             Large        
[2026-04-03T01:30:42.428+0600][1.909s][info][gc,reloc    ] GC(0) Y: Eden               6M (0%)          347M (9%)         177 / 173            0 / 0              0 / 0        
[2026-04-03T01:30:42.428+0600][1.909s][info][gc,heap     ] GC(0) Y: Min Capacity: 8M(0%)
[2026-04-03T01:30:42.428+0600][1.909s][info][gc,heap     ] GC(0) Y: Max Capacity: 3922M(100%)
[2026-04-03T01:30:42.428+0600][1.909s][info][gc,heap     ] GC(0) Y: Soft Max Capacity: 3529M(90%)
[2026-04-03T01:30:42.428+0600][1.909s][info][gc,heap     ] GC(0) Y: Heap Statistics:
[2026-04-03T01:30:42.428+0600][1.909s][info][gc,heap     ] GC(0) Y:                Mark Start          Mark End        Relocate Start      Relocate End           High               Low         
[2026-04-03T01:30:42.428+0600][1.909s][info][gc,heap     ] GC(0) Y:  Capacity:      354M (9%)          358M (9%)          362M (9%)          370M (9%)          370M (9%)          354M (9%)     
[2026-04-03T01:30:42.428+0600][1.909s][info][gc,heap     ] GC(0) Y:      Free:     3568M (91%)        3564M (91%)        3560M (91%)        3902M (99%)        3902M (99%)        3552M (91%)    
[2026-04-03T01:30:42.428+0600][1.909s][info][gc,heap     ] GC(0) Y:      Used:      354M (9%)          358M (9%)          362M (9%)           20M (1%)          370M (9%)           20M (1%)     
[2026-04-03T01:30:42.428+0600][1.909s][info][gc,heap     ] GC(0) Y: Young Generation Statistics:
[2026-04-03T01:30:42.428+0600][1.909s][info][gc,heap     ] GC(0) Y:                Mark Start          Mark End        Relocate Start      Relocate End    
[2026-04-03T01:30:42.428+0600][1.909s][info][gc,heap     ] GC(0) Y:      Used:      354M (9%)          358M (9%)          362M (9%)           20M (1%)     
[2026-04-03T01:30:42.428+0600][1.909s][info][gc,heap     ] GC(0) Y:      Live:         -                 6M (0%)            6M (0%)            6M (0%)     
[2026-04-03T01:30:42.428+0600][1.909s][info][gc,heap     ] GC(0) Y:   Garbage:         -               347M (9%)          347M (9%)            0M (0%)     
[2026-04-03T01:30:42.428+0600][1.909s][info][gc,heap     ] GC(0) Y: Allocated:         -                 4M (0%)            8M (0%)           13M (0%)     
[2026-04-03T01:30:42.428+0600][1.909s][info][gc,heap     ] GC(0) Y: Reclaimed:         -                  -                 0M (0%)          347M (9%)     
[2026-04-03T01:30:42.428+0600][1.909s][info][gc,heap     ] GC(0) Y:  Promoted:         -                  -                 0M (0%)            0M (0%)     
[2026-04-03T01:30:42.428+0600][1.909s][info][gc,heap     ] GC(0) Y: Compacted:         -                  -                  -                 6M (0%)     
[2026-04-03T01:30:42.428+0600][1.909s][info][gc,phases   ] GC(0) Y: Young Generation 354M(9%)->20M(1%) 0.030s
[2026-04-03T01:30:42.428+0600][1.909s][info][gc,phases   ] GC(0) O: Old Generation
[2026-04-03T01:30:42.429+0600][1.910s][info][gc,phases   ] GC(0) O: Concurrent Mark 1.073ms
[2026-04-03T01:30:42.430+0600][1.911s][info][gc,phases   ] GC(0) O: Pause Mark End 0.105ms
[2026-04-03T01:30:42.430+0600][1.911s][info][gc,phases   ] GC(0) O: Concurrent Mark Free 0.034ms
[2026-04-03T01:30:42.433+0600][1.914s][info][gc,phases   ] GC(0) O: Concurrent Process Non-Strong 3.420ms
[2026-04-03T01:30:42.434+0600][1.914s][info][gc,phases   ] GC(0) O: Concurrent Reset Relocation Set 0.001ms
[2026-04-03T01:30:42.435+0600][1.916s][info][gc,phases   ] GC(0) O: Concurrent Select Relocation Set 1.646ms
[2026-04-03T01:30:42.435+0600][1.916s][info][gc,task     ] GC(0) O: Using 3 Workers for Old Generation
[2026-04-03T01:30:42.450+0600][1.931s][info][gc,task     ] GC(0) O: Using 2 Workers for Old Generation
[2026-04-03T01:30:42.450+0600][1.931s][info][gc,phases   ] GC(0) O: Concurrent Remap Roots 14.958ms
[2026-04-03T01:30:42.451+0600][1.931s][info][gc,phases   ] GC(0) O: Pause Relocate Start 0.023ms
[2026-04-03T01:30:42.451+0600][1.932s][info][gc,phases   ] GC(0) O: Concurrent Relocate 0.287ms
[2026-04-03T01:30:42.451+0600][1.932s][info][gc,alloc    ] GC(0) O:                         Mark Start        Mark End      Relocate Start    Relocate End   
[2026-04-03T01:30:42.451+0600][1.932s][info][gc,alloc    ] GC(0) O: Allocation Stalls:          0                0                0                0         
[2026-04-03T01:30:42.451+0600][1.932s][info][gc,load     ] GC(0) O: Load: 10.34 (86%) / 5.96 (50%) / 5.58 (46%)
[2026-04-03T01:30:42.451+0600][1.932s][info][gc,mmu      ] GC(0) O: MMU: 2ms/94.8%, 5ms/97.9%, 10ms/99.0%, 20ms/99.2%, 50ms/99.6%, 100ms/99.8%
[2026-04-03T01:30:42.451+0600][1.932s][info][gc,marking  ] GC(0) O: Mark: 2 stripe(s), 1 proactive flush(es), 1 terminate flush(es), 0 completion(s), 0 continuation(s) 
[2026-04-03T01:30:42.451+0600][1.932s][info][gc,marking  ] GC(0) O: Mark Stack Usage: 0M
[2026-04-03T01:30:42.451+0600][1.932s][info][gc,nmethod  ] GC(0) O: NMethods: 1164 registered, 154 unregistered
[2026-04-03T01:30:42.451+0600][1.932s][info][gc,metaspace] GC(0) O: Metaspace: 11M used, 11M committed, 1088M reserved
[2026-04-03T01:30:42.451+0600][1.932s][info][gc,ref      ] GC(0) O:                       Encountered   Discovered     Enqueued 
[2026-04-03T01:30:42.451+0600][1.932s][info][gc,ref      ] GC(0) O: Soft References:              218            0            0 
[2026-04-03T01:30:42.451+0600][1.932s][info][gc,ref      ] GC(0) O: Weak References:              920            0            0 
[2026-04-03T01:30:42.451+0600][1.932s][info][gc,ref      ] GC(0) O: Final References:               0            0            0 
[2026-04-03T01:30:42.451+0600][1.932s][info][gc,ref      ] GC(0) O: Phantom References:           187            0            0 
[2026-04-03T01:30:42.451+0600][1.932s][info][gc,heap     ] GC(0) O: Min Capacity: 8M(0%)
[2026-04-03T01:30:42.451+0600][1.932s][info][gc,heap     ] GC(0) O: Max Capacity: 3922M(100%)
[2026-04-03T01:30:42.451+0600][1.932s][info][gc,heap     ] GC(0) O: Soft Max Capacity: 3529M(90%)
[2026-04-03T01:30:42.451+0600][1.932s][info][gc,heap     ] GC(0) O: Heap Statistics:
[2026-04-03T01:30:42.451+0600][1.932s][info][gc,heap     ] GC(0) O:                Mark Start          Mark End        Relocate Start      Relocate End           High               Low         
[2026-04-03T01:30:42.451+0600][1.932s][info][gc,heap     ] GC(0) O:  Capacity:      354M (9%)          370M (9%)          370M (9%)          370M (9%)          370M (9%)          354M (9%)     
[2026-04-03T01:30:42.451+0600][1.932s][info][gc,heap     ] GC(0) O:      Free:     3568M (91%)        3902M (99%)        3894M (99%)        3894M (99%)        3902M (99%)        3552M (91%)    
[2026-04-03T01:30:42.451+0600][1.932s][info][gc,heap     ] GC(0) O:      Used:      354M (9%)           20M (1%)           28M (1%)           28M (1%)          370M (9%)           20M (1%)     
[2026-04-03T01:30:42.451+0600][1.932s][info][gc,heap     ] GC(0) O: Old Generation Statistics:
[2026-04-03T01:30:42.451+0600][1.932s][info][gc,heap     ] GC(0) O:                Mark Start          Mark End        Relocate Start      Relocate End    
[2026-04-03T01:30:42.451+0600][1.932s][info][gc,heap     ] GC(0) O:      Used:        0M (0%)            0M (0%)            0M (0%)            0M (0%)     
[2026-04-03T01:30:42.451+0600][1.932s][info][gc,heap     ] GC(0) O:      Live:         -                 0M (0%)            0M (0%)            0M (0%)     
[2026-04-03T01:30:42.451+0600][1.932s][info][gc,heap     ] GC(0) O:   Garbage:         -                 0M (0%)            0M (0%)            0M (0%)     
[2026-04-03T01:30:42.451+0600][1.932s][info][gc,heap     ] GC(0) O: Allocated:         -                 0M (0%)            0M (0%)            0M (0%)     
[2026-04-03T01:30:42.451+0600][1.932s][info][gc,heap     ] GC(0) O: Reclaimed:         -                  -                 0M (0%)            0M (0%)     
[2026-04-03T01:30:42.452+0600][1.932s][info][gc,heap     ] GC(0) O: Compacted:         -                  -                  -                 0M (0%)     
[2026-04-03T01:30:42.452+0600][1.932s][info][gc,phases   ] GC(0) O: Old Generation 20M(1%)->28M(1%) 0.023s
[2026-04-03T01:30:42.452+0600][1.932s][info][gc          ] GC(0) Major Collection (Warmup) 354M(9%)->28M(1%) 0.054s
[2026-04-03T01:30:43.140+0600][2.621s][info][gc          ] GC(1) Major Collection (Metadata GC Threshold)
[2026-04-03T01:30:43.141+0600][2.621s][info][gc,task     ] GC(1) Using 1 Workers for Young Generation
[2026-04-03T01:30:43.141+0600][2.621s][info][gc,task     ] GC(1) Using 1 Workers for Old Generation
[2026-04-03T01:30:43.141+0600][2.621s][info][gc,phases   ] GC(1) Y: Young Generation
[2026-04-03T01:30:43.141+0600][2.622s][info][gc,phases   ] GC(1) Y: Pause Mark Start (Major) 0.021ms
[2026-04-03T01:30:43.173+0600][2.654s][info][gc,phases   ] GC(1) Y: Concurrent Mark 31.712ms
[2026-04-03T01:30:43.173+0600][2.654s][info][gc,phases   ] GC(1) Y: Pause Mark End 0.021ms
[2026-04-03T01:30:43.173+0600][2.654s][info][gc,phases   ] GC(1) Y: Concurrent Mark Free 0.001ms
[2026-04-03T01:30:43.173+0600][2.654s][info][gc,phases   ] GC(1) Y: Concurrent Reset Relocation Set 0.015ms
[2026-04-03T01:30:43.178+0600][2.659s][info][gc,reloc    ] GC(1) Y: Using tenuring threshold: 2 (Computed)
[2026-04-03T01:30:43.178+0600][2.659s][info][gc,phases   ] GC(1) Y: Concurrent Select Relocation Set 5.078ms
[2026-04-03T01:30:43.178+0600][2.659s][info][gc,phases   ] GC(1) Y: Pause Relocate Start 0.015ms
[2026-04-03T01:30:43.186+0600][2.667s][info][gc,phases   ] GC(1) Y: Concurrent Relocate 8.041ms
[2026-04-03T01:30:43.187+0600][2.667s][info][gc,alloc    ] GC(1) Y:                         Mark Start        Mark End      Relocate Start    Relocate End   
[2026-04-03T01:30:43.187+0600][2.667s][info][gc,alloc    ] GC(1) Y: Allocation Stalls:          0                0                0                0         
[2026-04-03T01:30:43.187+0600][2.667s][info][gc,load     ] GC(1) Y: Load: 10.34 (86%) / 5.96 (50%) / 5.58 (46%)
[2026-04-03T01:30:43.187+0600][2.667s][info][gc,mmu      ] GC(1) Y: MMU: 2ms/94.8%, 5ms/97.9%, 10ms/99.0%, 20ms/99.2%, 50ms/99.6%, 100ms/99.8%
[2026-04-03T01:30:43.187+0600][2.667s][info][gc,marking  ] GC(1) Y: Mark: 1 stripe(s), 2 proactive flush(es), 1 terminate flush(es), 0 completion(s), 0 continuation(s) 
[2026-04-03T01:30:43.187+0600][2.667s][info][gc,marking  ] GC(1) Y: Mark Stack Usage: 32M
[2026-04-03T01:30:43.187+0600][2.667s][info][gc,nmethod  ] GC(1) Y: NMethods: 1536 registered, 0 unregistered
[2026-04-03T01:30:43.187+0600][2.667s][info][gc,metaspace] GC(1) Y: Metaspace: 21M used, 21M committed, 1088M reserved
[2026-04-03T01:30:43.187+0600][2.667s][info][gc,reloc    ] GC(1) Y:                        Candidates     Selected     In-Place         Size        Empty    Relocated 
[2026-04-03T01:30:43.187+0600][2.667s][info][gc,reloc    ] GC(1) Y: Small Pages:                  108          103            0         216M           0M           3M 
[2026-04-03T01:30:43.187+0600][2.667s][info][gc,reloc    ] GC(1) Y: Medium Pages:                   0            0            0           0M           0M           0M 
[2026-04-03T01:30:43.187+0600][2.667s][info][gc,reloc    ] GC(1) Y: Large Pages:                    0            0            0           0M           0M           0M 
[2026-04-03T01:30:43.187+0600][2.667s][info][gc,reloc    ] GC(1) Y: Forwarding Usage: 1M
[2026-04-03T01:30:43.187+0600][2.667s][info][gc,reloc    ] GC(1) Y: Age Table:
[2026-04-03T01:30:43.187+0600][2.667s][info][gc,reloc    ] GC(1) Y:                    Live             Garbage             Small              Medium             Large        
[2026-04-03T01:30:43.187+0600][2.667s][info][gc,reloc    ] GC(1) Y: Eden               1M (0%)          204M (5%)         103 / 101            0 / 0              0 / 0        
[2026-04-03T01:30:43.187+0600][2.667s][info][gc,reloc    ] GC(1) Y: Survivor 1         6M (0%)            3M (0%)           5 / 2              0 / 0              0 / 0        
[2026-04-03T01:30:43.187+0600][2.667s][info][gc,heap     ] GC(1) Y: Min Capacity: 8M(0%)
[2026-04-03T01:30:43.187+0600][2.668s][info][gc,heap     ] GC(1) Y: Max Capacity: 3922M(100%)
[2026-04-03T01:30:43.187+0600][2.668s][info][gc,heap     ] GC(1) Y: Soft Max Capacity: 3529M(90%)
[2026-04-03T01:30:43.187+0600][2.668s][info][gc,heap     ] GC(1) Y: Heap Statistics:
[2026-04-03T01:30:43.187+0600][2.668s][info][gc,heap     ] GC(1) Y:                Mark Start          Mark End        Relocate Start      Relocate End           High               Low         
[2026-04-03T01:30:43.187+0600][2.668s][info][gc,heap     ] GC(1) Y:  Capacity:      370M (9%)          370M (9%)          370M (9%)          370M (9%)          370M (9%)          370M (9%)     
[2026-04-03T01:30:43.187+0600][2.668s][info][gc,heap     ] GC(1) Y:      Free:     3706M (94%)        3702M (94%)        3702M (94%)        3900M (99%)        3900M (99%)        3696M (94%)    
[2026-04-03T01:30:43.187+0600][2.668s][info][gc,heap     ] GC(1) Y:      Used:      216M (6%)          220M (6%)          220M (6%)           22M (1%)          226M (6%)           22M (1%)     
[2026-04-03T01:30:43.187+0600][2.668s][info][gc,heap     ] GC(1) Y: Young Generation Statistics:
[2026-04-03T01:30:43.187+0600][2.668s][info][gc,heap     ] GC(1) Y:                Mark Start          Mark End        Relocate Start      Relocate End    
[2026-04-03T01:30:43.187+0600][2.668s][info][gc,heap     ] GC(1) Y:      Used:      216M (6%)          220M (6%)          220M (6%)           22M (1%)     
[2026-04-03T01:30:43.187+0600][2.668s][info][gc,heap     ] GC(1) Y:      Live:         -                 8M (0%)            8M (0%)            8M (0%)     
[2026-04-03T01:30:43.187+0600][2.668s][info][gc,heap     ] GC(1) Y:   Garbage:         -               207M (5%)          207M (5%)            0M (0%)     
[2026-04-03T01:30:43.187+0600][2.668s][info][gc,heap     ] GC(1) Y: Allocated:         -                 4M (0%)            4M (0%)           12M (0%)     
[2026-04-03T01:30:43.187+0600][2.668s][info][gc,heap     ] GC(1) Y: Reclaimed:         -                  -                 0M (0%)          206M (5%)     
[2026-04-03T01:30:43.187+0600][2.668s][info][gc,heap     ] GC(1) Y:  Promoted:         -                  -                 0M (0%)            0M (0%)     
[2026-04-03T01:30:43.187+0600][2.668s][info][gc,heap     ] GC(1) Y: Compacted:         -                  -                  -                 5M (0%)     
[2026-04-03T01:30:43.187+0600][2.668s][info][gc,phases   ] GC(1) Y: Young Generation 216M(6%)->22M(1%) 0.046s
[2026-04-03T01:30:43.187+0600][2.668s][info][gc,phases   ] GC(1) O: Old Generation
[2026-04-03T01:30:43.188+0600][2.669s][info][gc,phases   ] GC(1) O: Concurrent Mark 1.412ms
[2026-04-03T01:30:43.189+0600][2.669s][info][gc,phases   ] GC(1) O: Pause Mark End 0.021ms
[2026-04-03T01:30:43.189+0600][2.669s][info][gc,phases   ] GC(1) O: Concurrent Mark Free 0.001ms
[2026-04-03T01:30:43.194+0600][2.675s][info][gc,phases   ] GC(1) O: Concurrent Process Non-Strong 5.409ms
[2026-04-03T01:30:43.194+0600][2.675s][info][gc,phases   ] GC(1) O: Concurrent Reset Relocation Set 0.001ms
[2026-04-03T01:30:43.199+0600][2.680s][info][gc,phases   ] GC(1) O: Concurrent Select Relocation Set 4.704ms
[2026-04-03T01:30:43.199+0600][2.680s][info][gc,task     ] GC(1) O: Using 2 Workers for Old Generation
[2026-04-03T01:30:43.220+0600][2.701s][info][gc,task     ] GC(1) O: Using 1 Workers for Old Generation
[2026-04-03T01:30:43.220+0600][2.701s][info][gc,phases   ] GC(1) O: Concurrent Remap Roots 21.582ms
[2026-04-03T01:30:43.221+0600][2.701s][info][gc,phases   ] GC(1) O: Pause Relocate Start 0.020ms
[2026-04-03T01:30:43.221+0600][2.702s][info][gc,phases   ] GC(1) O: Concurrent Relocate 0.259ms
[2026-04-03T01:30:43.221+0600][2.702s][info][gc,alloc    ] GC(1) O:                         Mark Start        Mark End      Relocate Start    Relocate End   
[2026-04-03T01:30:43.221+0600][2.702s][info][gc,alloc    ] GC(1) O: Allocation Stalls:          0                0                0                0         
[2026-04-03T01:30:43.221+0600][2.702s][info][gc,load     ] GC(1) O: Load: 10.34 (86%) / 5.96 (50%) / 5.58 (46%)
[2026-04-03T01:30:43.221+0600][2.702s][info][gc,mmu      ] GC(1) O: MMU: 2ms/94.8%, 5ms/97.9%, 10ms/99.0%, 20ms/99.2%, 50ms/99.6%, 100ms/99.8%
[2026-04-03T01:30:43.221+0600][2.702s][info][gc,marking  ] GC(1) O: Mark: 1 stripe(s), 1 proactive flush(es), 1 terminate flush(es), 0 completion(s), 0 continuation(s) 
[2026-04-03T01:30:43.221+0600][2.702s][info][gc,marking  ] GC(1) O: Mark Stack Usage: 0M
[2026-04-03T01:30:43.221+0600][2.702s][info][gc,nmethod  ] GC(1) O: NMethods: 1490 registered, 58 unregistered
[2026-04-03T01:30:43.221+0600][2.702s][info][gc,metaspace] GC(1) O: Metaspace: 21M used, 21M committed, 1088M reserved
[2026-04-03T01:30:43.221+0600][2.702s][info][gc,ref      ] GC(1) O:                       Encountered   Discovered     Enqueued 
[2026-04-03T01:30:43.221+0600][2.702s][info][gc,ref      ] GC(1) O: Soft References:             3376            0            0 
[2026-04-03T01:30:43.221+0600][2.702s][info][gc,ref      ] GC(1) O: Weak References:             1337            0            0 
[2026-04-03T01:30:43.221+0600][2.702s][info][gc,ref      ] GC(1) O: Final References:               0            0            0 
[2026-04-03T01:30:43.221+0600][2.702s][info][gc,ref      ] GC(1) O: Phantom References:           251            0            0 
[2026-04-03T01:30:43.221+0600][2.702s][info][gc,heap     ] GC(1) O: Min Capacity: 8M(0%)
[2026-04-03T01:30:43.221+0600][2.702s][info][gc,heap     ] GC(1) O: Max Capacity: 3922M(100%)
[2026-04-03T01:30:43.221+0600][2.702s][info][gc,heap     ] GC(1) O: Soft Max Capacity: 3529M(90%)
[2026-04-03T01:30:43.221+0600][2.702s][info][gc,heap     ] GC(1) O: Heap Statistics:
[2026-04-03T01:30:43.221+0600][2.702s][info][gc,heap     ] GC(1) O:                Mark Start          Mark End        Relocate Start      Relocate End           High               Low         
[2026-04-03T01:30:43.221+0600][2.702s][info][gc,heap     ] GC(1) O:  Capacity:      370M (9%)          370M (9%)          370M (9%)          370M (9%)          370M (9%)          370M (9%)     
[2026-04-03T01:30:43.221+0600][2.702s][info][gc,heap     ] GC(1) O:      Free:     3706M (94%)        3900M (99%)        3888M (99%)        3888M (99%)        3900M (99%)        3696M (94%)    
[2026-04-03T01:30:43.221+0600][2.702s][info][gc,heap     ] GC(1) O:      Used:      216M (6%)           22M (1%)           34M (1%)           34M (1%)          226M (6%)           22M (1%)     
[2026-04-03T01:30:43.221+0600][2.702s][info][gc,heap     ] GC(1) O: Old Generation Statistics:
[2026-04-03T01:30:43.221+0600][2.702s][info][gc,heap     ] GC(1) O:                Mark Start          Mark End        Relocate Start      Relocate End    
[2026-04-03T01:30:43.221+0600][2.702s][info][gc,heap     ] GC(1) O:      Used:        0M (0%)            0M (0%)            0M (0%)            0M (0%)     
[2026-04-03T01:30:43.221+0600][2.702s][info][gc,heap     ] GC(1) O:      Live:         -                 0M (0%)            0M (0%)            0M (0%)     
[2026-04-03T01:30:43.221+0600][2.702s][info][gc,heap     ] GC(1) O:   Garbage:         -                 0M (0%)            0M (0%)            0M (0%)     
[2026-04-03T01:30:43.222+0600][2.702s][info][gc,heap     ] GC(1) O: Allocated:         -                 0M (0%)            0M (0%)            0M (0%)     
[2026-04-03T01:30:43.222+0600][2.702s][info][gc,heap     ] GC(1) O: Reclaimed:         -                  -                 0M (0%)            0M (0%)     
[2026-04-03T01:30:43.222+0600][2.702s][info][gc,heap     ] GC(1) O: Compacted:         -                  -                  -                 0M (0%)     
[2026-04-03T01:30:43.222+0600][2.702s][info][gc,phases   ] GC(1) O: Old Generation 22M(1%)->34M(1%) 0.034s
[2026-04-03T01:30:43.222+0600][2.702s][info][gc          ] GC(1) Major Collection (Metadata GC Threshold) 216M(6%)->34M(1%) 0.081s
[2026-04-03T01:30:44.143+0600][3.624s][info][gc          ] GC(2) Major Collection (System.gc())
[2026-04-03T01:30:44.143+0600][3.624s][info][gc,task     ] GC(2) Using 3 Workers for Young Generation
[2026-04-03T01:30:44.143+0600][3.624s][info][gc,task     ] GC(2) Using 3 Workers for Old Generation
[2026-04-03T01:30:44.143+0600][3.624s][info][gc,phases   ] GC(2) Y: Young Generation (Promote All)
[2026-04-03T01:30:44.143+0600][3.624s][info][gc,phases   ] GC(2) Y: Pause Mark Start 0.018ms
[2026-04-03T01:30:44.166+0600][3.646s][info][gc,phases   ] GC(2) Y: Concurrent Mark 22.057ms
[2026-04-03T01:30:44.166+0600][3.647s][info][gc,phases   ] GC(2) Y: Pause Mark End 0.047ms
[2026-04-03T01:30:44.166+0600][3.647s][info][gc,phases   ] GC(2) Y: Concurrent Mark Free 0.001ms
[2026-04-03T01:30:44.166+0600][3.647s][info][gc,phases   ] GC(2) Y: Concurrent Reset Relocation Set 0.050ms
[2026-04-03T01:30:44.170+0600][3.651s][info][gc,reloc    ] GC(2) Y: Using tenuring threshold: 0 (Promote All)
[2026-04-03T01:30:44.177+0600][3.658s][info][gc,phases   ] GC(2) Y: Concurrent Select Relocation Set 11.319ms
[2026-04-03T01:30:44.178+0600][3.658s][info][gc,phases   ] GC(2) Y: Pause Relocate Start 0.019ms
[2026-04-03T01:30:44.192+0600][3.673s][info][gc,phases   ] GC(2) Y: Concurrent Relocate 14.696ms
[2026-04-03T01:30:44.193+0600][3.673s][info][gc,alloc    ] GC(2) Y:                         Mark Start        Mark End      Relocate Start    Relocate End   
[2026-04-03T01:30:44.193+0600][3.673s][info][gc,alloc    ] GC(2) Y: Allocation Stalls:          0                0                0                0         
[2026-04-03T01:30:44.193+0600][3.673s][info][gc,load     ] GC(2) Y: Load: 9.59 (80%) / 5.87 (49%) / 5.55 (46%)
[2026-04-03T01:30:44.193+0600][3.673s][info][gc,mmu      ] GC(2) Y: MMU: 2ms/94.8%, 5ms/97.9%, 10ms/99.0%, 20ms/99.2%, 50ms/99.6%, 100ms/99.8%
[2026-04-03T01:30:44.193+0600][3.673s][info][gc,marking  ] GC(2) Y: Mark: 2 stripe(s), 2 proactive flush(es), 1 terminate flush(es), 0 completion(s), 0 continuation(s) 
[2026-04-03T01:30:44.193+0600][3.673s][info][gc,marking  ] GC(2) Y: Mark Stack Usage: 32M
[2026-04-03T01:30:44.193+0600][3.673s][info][gc,nmethod  ] GC(2) Y: NMethods: 2365 registered, 58 unregistered
[2026-04-03T01:30:44.193+0600][3.673s][info][gc,metaspace] GC(2) Y: Metaspace: 34M used, 34M committed, 1088M reserved
[2026-04-03T01:30:44.193+0600][3.673s][info][gc,reloc    ] GC(2) Y:                        Candidates     Selected     In-Place         Size        Empty    Relocated 
[2026-04-03T01:30:44.193+0600][3.673s][info][gc,reloc    ] GC(2) Y: Small Pages:                   78           69            0         156M           0M           4M 
[2026-04-03T01:30:44.193+0600][3.673s][info][gc,reloc    ] GC(2) Y: Medium Pages:                   0            0            0           0M           0M           0M 
[2026-04-03T01:30:44.193+0600][3.673s][info][gc,reloc    ] GC(2) Y: Large Pages:                    0            0            0           0M           0M           0M 
[2026-04-03T01:30:44.193+0600][3.673s][info][gc,reloc    ] GC(2) Y: Forwarding Usage: 1M
[2026-04-03T01:30:44.193+0600][3.673s][info][gc,reloc    ] GC(2) Y: Age Table:
[2026-04-03T01:30:44.193+0600][3.673s][info][gc,reloc    ] GC(2) Y:                    Live             Garbage             Small              Medium             Large        
[2026-04-03T01:30:44.193+0600][3.673s][info][gc,reloc    ] GC(2) Y: Eden               5M (0%)          132M (3%)          69 / 66             0 / 0              0 / 0        
[2026-04-03T01:30:44.193+0600][3.673s][info][gc,reloc    ] GC(2) Y: Survivor 1         1M (0%)            2M (0%)           2 / 1              0 / 0              0 / 0        
[2026-04-03T01:30:44.193+0600][3.674s][info][gc,reloc    ] GC(2) Y: Survivor 2         6M (0%)            7M (0%)           7 / 2              0 / 0              0 / 0        
[2026-04-03T01:30:44.193+0600][3.674s][info][gc,heap     ] GC(2) Y: Min Capacity: 8M(0%)
[2026-04-03T01:30:44.193+0600][3.674s][info][gc,heap     ] GC(2) Y: Max Capacity: 3922M(100%)
[2026-04-03T01:30:44.193+0600][3.674s][info][gc,heap     ] GC(2) Y: Soft Max Capacity: 3529M(90%)
[2026-04-03T01:30:44.193+0600][3.674s][info][gc,heap     ] GC(2) Y: Heap Statistics:
[2026-04-03T01:30:44.193+0600][3.674s][info][gc,heap     ] GC(2) Y:                Mark Start          Mark End        Relocate Start      Relocate End           High               Low         
[2026-04-03T01:30:44.193+0600][3.674s][info][gc,heap     ] GC(2) Y:  Capacity:      370M (9%)          370M (9%)          370M (9%)          370M (9%)          370M (9%)          370M (9%)     
[2026-04-03T01:30:44.193+0600][3.674s][info][gc,heap     ] GC(2) Y:      Free:     3766M (96%)        3762M (96%)        3762M (96%)        3876M (99%)        3876M (99%)        3754M (96%)    
[2026-04-03T01:30:44.193+0600][3.674s][info][gc,heap     ] GC(2) Y:      Used:      156M (4%)          160M (4%)          160M (4%)           46M (1%)          168M (4%)           46M (1%)     
[2026-04-03T01:30:44.193+0600][3.674s][info][gc,heap     ] GC(2) Y: Young Generation Statistics:
[2026-04-03T01:30:44.193+0600][3.674s][info][gc,heap     ] GC(2) Y:                Mark Start          Mark End        Relocate Start      Relocate End    
[2026-04-03T01:30:44.193+0600][3.674s][info][gc,heap     ] GC(2) Y:      Used:      156M (4%)          160M (4%)          148M (4%)           16M (0%)     
[2026-04-03T01:30:44.193+0600][3.674s][info][gc,heap     ] GC(2) Y:      Live:         -                13M (0%)            4M (0%)            0M (0%)     
[2026-04-03T01:30:44.193+0600][3.674s][info][gc,heap     ] GC(2) Y:   Garbage:         -               142M (4%)          139M (4%)            0M (0%)     
[2026-04-03T01:30:44.193+0600][3.674s][info][gc,heap     ] GC(2) Y: Allocated:         -                 4M (0%)            4M (0%)           16M (0%)     
[2026-04-03T01:30:44.193+0600][3.674s][info][gc,heap     ] GC(2) Y: Reclaimed:         -                  -                 2M (0%)          142M (4%)     
[2026-04-03T01:30:44.193+0600][3.674s][info][gc,heap     ] GC(2) Y:  Promoted:         -                  -                 9M (0%)           13M (0%)     
[2026-04-03T01:30:44.193+0600][3.674s][info][gc,heap     ] GC(2) Y: Compacted:         -                  -                  -                 0M (0%)     
[2026-04-03T01:30:44.193+0600][3.674s][info][gc,phases   ] GC(2) Y: Young Generation (Promote All) 156M(4%)->46M(1%) 0.049s
[2026-04-03T01:30:44.193+0600][3.674s][info][gc,phases   ] GC(2) Y: Young Generation (Collect Roots)
[2026-04-03T01:30:44.193+0600][3.674s][info][gc,phases   ] GC(2) Y: Pause Mark Start (Major) 0.028ms
[2026-04-03T01:30:44.202+0600][3.683s][info][gc,phases   ] GC(2) Y: Concurrent Mark 8.775ms
[2026-04-03T01:30:44.202+0600][3.683s][info][gc,phases   ] GC(2) Y: Pause Mark End 0.020ms
[2026-04-03T01:30:44.202+0600][3.683s][info][gc,phases   ] GC(2) Y: Concurrent Mark Free 0.003ms
[2026-04-03T01:30:44.203+0600][3.683s][info][gc,phases   ] GC(2) Y: Concurrent Reset Relocation Set 0.027ms
[2026-04-03T01:30:44.204+0600][3.685s][info][gc,reloc    ] GC(2) Y: Using tenuring threshold: 1 (Computed)
[2026-04-03T01:30:44.205+0600][3.686s][info][gc,phases   ] GC(2) Y: Concurrent Select Relocation Set 2.192ms
[2026-04-03T01:30:44.205+0600][3.686s][info][gc,phases   ] GC(2) Y: Pause Relocate Start 0.018ms
[2026-04-03T01:30:44.206+0600][3.687s][info][gc,phases   ] GC(2) Y: Concurrent Relocate 1.173ms
[2026-04-03T01:30:44.206+0600][3.687s][info][gc,alloc    ] GC(2) Y:                         Mark Start        Mark End      Relocate Start    Relocate End   
[2026-04-03T01:30:44.206+0600][3.687s][info][gc,alloc    ] GC(2) Y: Allocation Stalls:          0                0                0                0         
[2026-04-03T01:30:44.206+0600][3.687s][info][gc,load     ] GC(2) Y: Load: 9.59 (80%) / 5.87 (49%) / 5.55 (46%)
[2026-04-03T01:30:44.206+0600][3.687s][info][gc,mmu      ] GC(2) Y: MMU: 2ms/94.8%, 5ms/97.9%, 10ms/99.0%, 20ms/99.2%, 50ms/99.6%, 100ms/99.8%
[2026-04-03T01:30:44.206+0600][3.687s][info][gc,marking  ] GC(2) Y: Mark: 2 stripe(s), 2 proactive flush(es), 1 terminate flush(es), 0 completion(s), 0 continuation(s) 
[2026-04-03T01:30:44.206+0600][3.687s][info][gc,marking  ] GC(2) Y: Mark Stack Usage: 32M
[2026-04-03T01:30:44.206+0600][3.687s][info][gc,nmethod  ] GC(2) Y: NMethods: 2375 registered, 58 unregistered
[2026-04-03T01:30:44.206+0600][3.687s][info][gc,metaspace] GC(2) Y: Metaspace: 34M used, 34M committed, 1088M reserved
[2026-04-03T01:30:44.206+0600][3.687s][info][gc,reloc    ] GC(2) Y:                        Candidates     Selected     In-Place         Size        Empty    Relocated 
[2026-04-03T01:30:44.206+0600][3.687s][info][gc,reloc    ] GC(2) Y: Small Pages:                    8            7            0          16M           0M           0M 
[2026-04-03T01:30:44.206+0600][3.687s][info][gc,reloc    ] GC(2) Y: Medium Pages:                   0            0            0           0M           0M           0M 
[2026-04-03T01:30:44.206+0600][3.687s][info][gc,reloc    ] GC(2) Y: Large Pages:                    0            0            0           0M           0M           0M 
[2026-04-03T01:30:44.206+0600][3.687s][info][gc,reloc    ] GC(2) Y: Forwarding Usage: 0M
[2026-04-03T01:30:44.206+0600][3.687s][info][gc,reloc    ] GC(2) Y: Age Table:
[2026-04-03T01:30:44.206+0600][3.687s][info][gc,reloc    ] GC(2) Y:                    Live             Garbage             Small              Medium             Large        
[2026-04-03T01:30:44.206+0600][3.687s][info][gc,reloc    ] GC(2) Y: Eden               0M (0%)           15M (0%)           8 / 7              0 / 0              0 / 0        
[2026-04-03T01:30:44.206+0600][3.687s][info][gc,heap     ] GC(2) Y: Min Capacity: 8M(0%)
[2026-04-03T01:30:44.206+0600][3.687s][info][gc,heap     ] GC(2) Y: Max Capacity: 3922M(100%)
[2026-04-03T01:30:44.206+0600][3.687s][info][gc,heap     ] GC(2) Y: Soft Max Capacity: 3529M(90%)
[2026-04-03T01:30:44.206+0600][3.687s][info][gc,heap     ] GC(2) Y: Heap Statistics:
[2026-04-03T01:30:44.207+0600][3.687s][info][gc,heap     ] GC(2) Y:                Mark Start          Mark End        Relocate Start      Relocate End           High               Low         
[2026-04-03T01:30:44.207+0600][3.687s][info][gc,heap     ] GC(2) Y:  Capacity:      370M (9%)          370M (9%)          370M (9%)          370M (9%)          370M (9%)          370M (9%)     
[2026-04-03T01:30:44.207+0600][3.687s][info][gc,heap     ] GC(2) Y:      Free:     3876M (99%)        3854M (98%)        3854M (98%)        3858M (98%)        3876M (99%)        3848M (98%)    
[2026-04-03T01:30:44.207+0600][3.687s][info][gc,heap     ] GC(2) Y:      Used:       46M (1%)           68M (2%)           68M (2%)           64M (2%)           74M (2%)           46M (1%)     
[2026-04-03T01:30:44.207+0600][3.687s][info][gc,heap     ] GC(2) Y: Young Generation Statistics:
[2026-04-03T01:30:44.207+0600][3.687s][info][gc,heap     ] GC(2) Y:                Mark Start          Mark End        Relocate Start      Relocate End    
[2026-04-03T01:30:44.207+0600][3.687s][info][gc,heap     ] GC(2) Y:      Used:       16M (0%)           38M (1%)           38M (1%)           34M (1%)     
[2026-04-03T01:30:44.207+0600][3.687s][info][gc,heap     ] GC(2) Y:      Live:         -                 0M (0%)            0M (0%)            0M (0%)     
[2026-04-03T01:30:44.207+0600][3.687s][info][gc,heap     ] GC(2) Y:   Garbage:         -                15M (0%)           15M (0%)            0M (0%)     
[2026-04-03T01:30:44.207+0600][3.687s][info][gc,heap     ] GC(2) Y: Allocated:         -                22M (1%)           22M (1%)           33M (1%)     
[2026-04-03T01:30:44.207+0600][3.687s][info][gc,heap     ] GC(2) Y: Reclaimed:         -                  -                 0M (0%)           15M (0%)     
[2026-04-03T01:30:44.207+0600][3.687s][info][gc,heap     ] GC(2) Y:  Promoted:         -                  -                 0M (0%)            0M (0%)     
[2026-04-03T01:30:44.207+0600][3.687s][info][gc,heap     ] GC(2) Y: Compacted:         -                  -                  -                 0M (0%)     
[2026-04-03T01:30:44.207+0600][3.687s][info][gc,phases   ] GC(2) Y: Young Generation (Collect Roots) 46M(1%)->64M(2%) 0.013s
[2026-04-03T01:30:44.207+0600][3.687s][info][gc,phases   ] GC(2) O: Old Generation
[2026-04-03T01:30:44.225+0600][3.706s][info][gc,phases   ] GC(2) O: Concurrent Mark 18.693ms
[2026-04-03T01:30:44.225+0600][3.706s][info][gc,phases   ] GC(2) O: Pause Mark End 0.025ms
[2026-04-03T01:30:44.226+0600][3.706s][info][gc,phases   ] GC(2) O: Concurrent Mark Free 0.002ms
[2026-04-03T01:30:44.229+0600][3.710s][info][gc,phases   ] GC(2) O: Concurrent Process Non-Strong 3.730ms
[2026-04-03T01:30:44.229+0600][3.710s][info][gc,phases   ] GC(2) O: Concurrent Reset Relocation Set 0.001ms
[2026-04-03T01:30:44.233+0600][3.713s][info][gc,phases   ] GC(2) O: Concurrent Select Relocation Set 3.372ms
[2026-04-03T01:30:44.233+0600][3.714s][info][gc,task     ] GC(2) O: Using 3 Workers for Old Generation
[2026-04-03T01:30:44.250+0600][3.731s][info][gc,task     ] GC(2) O: Using 3 Workers for Old Generation
[2026-04-03T01:30:44.250+0600][3.731s][info][gc,phases   ] GC(2) O: Concurrent Remap Roots 17.449ms
[2026-04-03T01:30:44.250+0600][3.731s][info][gc,phases   ] GC(2) O: Pause Relocate Start 0.021ms
[2026-04-03T01:30:44.258+0600][3.739s][info][gc,phases   ] GC(2) O: Concurrent Relocate 7.692ms
[2026-04-03T01:30:44.258+0600][3.739s][info][gc,alloc    ] GC(2) O:                         Mark Start        Mark End      Relocate Start    Relocate End   
[2026-04-03T01:30:44.258+0600][3.739s][info][gc,alloc    ] GC(2) O: Allocation Stalls:          0                0                0                0         
[2026-04-03T01:30:44.258+0600][3.739s][info][gc,load     ] GC(2) O: Load: 9.59 (80%) / 5.87 (49%) / 5.55 (46%)
[2026-04-03T01:30:44.258+0600][3.739s][info][gc,mmu      ] GC(2) O: MMU: 2ms/94.8%, 5ms/97.9%, 10ms/99.0%, 20ms/99.2%, 50ms/99.6%, 100ms/99.8%
[2026-04-03T01:30:44.258+0600][3.739s][info][gc,marking  ] GC(2) O: Mark: 2 stripe(s), 2 proactive flush(es), 1 terminate flush(es), 0 completion(s), 0 continuation(s) 
[2026-04-03T01:30:44.258+0600][3.739s][info][gc,marking  ] GC(2) O: Mark Stack Usage: 32M
[2026-04-03T01:30:44.258+0600][3.739s][info][gc,nmethod  ] GC(2) O: NMethods: 2264 registered, 183 unregistered
[2026-04-03T01:30:44.258+0600][3.739s][info][gc,metaspace] GC(2) O: Metaspace: 35M used, 35M committed, 1088M reserved
[2026-04-03T01:30:44.258+0600][3.739s][info][gc,ref      ] GC(2) O:                       Encountered   Discovered     Enqueued 
[2026-04-03T01:30:44.258+0600][3.739s][info][gc,ref      ] GC(2) O: Soft References:             3630            0            0 
[2026-04-03T01:30:44.258+0600][3.739s][info][gc,ref      ] GC(2) O: Weak References:             3188         2459          939 
[2026-04-03T01:30:44.258+0600][3.739s][info][gc,ref      ] GC(2) O: Final References:              49            0            0 
[2026-04-03T01:30:44.258+0600][3.739s][info][gc,ref      ] GC(2) O: Phantom References:           291          237            2 
[2026-04-03T01:30:44.258+0600][3.739s][info][gc,reloc    ] GC(2) O:                        Candidates     Selected     In-Place         Size        Empty    Relocated 
[2026-04-03T01:30:44.258+0600][3.739s][info][gc,reloc    ] GC(2) O: Small Pages:                   15            6            0          30M           2M           2M 
[2026-04-03T01:30:44.258+0600][3.739s][info][gc,reloc    ] GC(2) O: Medium Pages:                   0            0            0           0M           0M           0M 
[2026-04-03T01:30:44.258+0600][3.739s][info][gc,reloc    ] GC(2) O: Large Pages:                    0            0            0           0M           0M           0M 
[2026-04-03T01:30:44.258+0600][3.739s][info][gc,reloc    ] GC(2) O: Forwarding Usage: 2M
[2026-04-03T01:30:44.258+0600][3.739s][info][gc,heap     ] GC(2) O: Min Capacity: 8M(0%)
[2026-04-03T01:30:44.258+0600][3.739s][info][gc,heap     ] GC(2) O: Max Capacity: 3922M(100%)
[2026-04-03T01:30:44.258+0600][3.739s][info][gc,heap     ] GC(2) O: Soft Max Capacity: 3529M(90%)
[2026-04-03T01:30:44.258+0600][3.739s][info][gc,heap     ] GC(2) O: Heap Statistics:
[2026-04-03T01:30:44.258+0600][3.739s][info][gc,heap     ] GC(2) O:                Mark Start          Mark End        Relocate Start      Relocate End           High               Low         
[2026-04-03T01:30:44.258+0600][3.739s][info][gc,heap     ] GC(2) O:  Capacity:      370M (9%)          370M (9%)          370M (9%)          370M (9%)          370M (9%)          370M (9%)     
[2026-04-03T01:30:44.259+0600][3.739s][info][gc,heap     ] GC(2) O:      Free:     3876M (99%)        3858M (98%)        3858M (98%)        3862M (98%)        3876M (99%)        3848M (98%)    
[2026-04-03T01:30:44.259+0600][3.739s][info][gc,heap     ] GC(2) O:      Used:       46M (1%)           64M (2%)           64M (2%)           60M (2%)           74M (2%)           46M (1%)     
[2026-04-03T01:30:44.259+0600][3.739s][info][gc,heap     ] GC(2) O: Old Generation Statistics:
[2026-04-03T01:30:44.259+0600][3.739s][info][gc,heap     ] GC(2) O:                Mark Start          Mark End        Relocate Start      Relocate End    
[2026-04-03T01:30:44.259+0600][3.739s][info][gc,heap     ] GC(2) O:      Used:       30M (1%)           30M (1%)           28M (1%)           24M (1%)     
[2026-04-03T01:30:44.259+0600][3.739s][info][gc,heap     ] GC(2) O:      Live:         -                13M (0%)           13M (0%)           13M (0%)     
[2026-04-03T01:30:44.259+0600][3.739s][info][gc,heap     ] GC(2) O:   Garbage:         -                16M (0%)           14M (0%)            1M (0%)     
[2026-04-03T01:30:44.259+0600][3.739s][info][gc,heap     ] GC(2) O: Allocated:         -                 0M (0%)            0M (0%)            9M (0%)     
[2026-04-03T01:30:44.259+0600][3.739s][info][gc,heap     ] GC(2) O: Reclaimed:         -                  -                 2M (0%)           15M (0%)     
[2026-04-03T01:30:44.259+0600][3.739s][info][gc,heap     ] GC(2) O: Compacted:         -                  -                  -                 6M (0%)     
[2026-04-03T01:30:44.259+0600][3.739s][info][gc,phases   ] GC(2) O: Old Generation 64M(2%)->60M(2%) 0.052s
[2026-04-03T01:30:44.259+0600][3.739s][info][gc          ] GC(2) Major Collection (System.gc()) 156M(4%)->60M(2%) 0.115s
[2026-04-03T01:30:51.915+0600][11.396s][info][gc          ] GC(3) Major Collection (Warmup)
[2026-04-03T01:30:51.915+0600][11.396s][info][gc,task     ] GC(3) Using 3 Workers for Young Generation
[2026-04-03T01:30:51.916+0600][11.396s][info][gc,task     ] GC(3) Using 1 Workers for Old Generation
[2026-04-03T01:30:51.916+0600][11.397s][info][gc,phases   ] GC(3) Y: Young Generation
[2026-04-03T01:30:51.917+0600][11.398s][info][gc,phases   ] GC(3) Y: Pause Mark Start (Major) 0.042ms
[2026-04-03T01:30:51.987+0600][11.467s][info][gc,phases   ] GC(3) Y: Concurrent Mark 65.880ms
[2026-04-03T01:30:51.987+0600][11.468s][info][gc,phases   ] GC(3) Y: Pause Mark End 0.030ms
[2026-04-03T01:30:51.988+0600][11.469s][info][gc,phases   ] GC(3) Y: Concurrent Mark Free 0.002ms
[2026-04-03T01:30:51.988+0600][11.469s][info][gc,phases   ] GC(3) Y: Concurrent Reset Relocation Set 0.003ms
[2026-04-03T01:30:51.995+0600][11.476s][info][gc,reloc    ] GC(3) Y: Using tenuring threshold: 2 (Computed)
[2026-04-03T01:30:52.001+0600][11.482s][info][gc,phases   ] GC(3) Y: Concurrent Select Relocation Set 12.546ms
[2026-04-03T01:30:52.001+0600][11.482s][info][gc,phases   ] GC(3) Y: Pause Relocate Start 0.026ms
[2026-04-03T01:30:52.027+0600][11.508s][info][gc,phases   ] GC(3) Y: Concurrent Relocate 25.518ms
[2026-04-03T01:30:52.027+0600][11.508s][info][gc,alloc    ] GC(3) Y:                         Mark Start        Mark End      Relocate Start    Relocate End   
[2026-04-03T01:30:52.027+0600][11.508s][info][gc,alloc    ] GC(3) Y: Allocation Stalls:          0                0                0                0         
[2026-04-03T01:30:52.028+0600][11.508s][info][gc,load     ] GC(3) Y: Load: 10.82 (90%) / 6.19 (52%) / 5.66 (47%)
[2026-04-03T01:30:52.028+0600][11.508s][info][gc,mmu      ] GC(3) Y: MMU: 2ms/94.8%, 5ms/97.9%, 10ms/99.0%, 20ms/99.2%, 50ms/99.6%, 100ms/99.8%
[2026-04-03T01:30:52.028+0600][11.508s][info][gc,marking  ] GC(3) Y: Mark: 2 stripe(s), 2 proactive flush(es), 1 terminate flush(es), 0 completion(s), 0 continuation(s) 
[2026-04-03T01:30:52.028+0600][11.508s][info][gc,marking  ] GC(3) Y: Mark Stack Usage: 32M
[2026-04-03T01:30:52.028+0600][11.508s][info][gc,nmethod  ] GC(3) Y: NMethods: 7331 registered, 0 unregistered
[2026-04-03T01:30:52.028+0600][11.508s][info][gc,metaspace] GC(3) Y: Metaspace: 53M used, 54M committed, 1088M reserved
[2026-04-03T01:30:52.028+0600][11.508s][info][gc,reloc    ] GC(3) Y:                        Candidates     Selected     In-Place         Size        Empty    Relocated 
[2026-04-03T01:30:52.028+0600][11.508s][info][gc,reloc    ] GC(3) Y: Small Pages:                  341          234            0         682M         200M           9M 
[2026-04-03T01:30:52.028+0600][11.508s][info][gc,reloc    ] GC(3) Y: Medium Pages:                   0            0            0           0M           0M           0M 
[2026-04-03T01:30:52.028+0600][11.508s][info][gc,reloc    ] GC(3) Y: Large Pages:                    0            0            0           0M           0M           0M 
[2026-04-03T01:30:52.028+0600][11.508s][info][gc,reloc    ] GC(3) Y: Forwarding Usage: 2M
[2026-04-03T01:30:52.028+0600][11.508s][info][gc,reloc    ] GC(3) Y: Age Table:
[2026-04-03T01:30:52.028+0600][11.508s][info][gc,reloc    ] GC(3) Y:                    Live             Garbage             Small              Medium             Large        
[2026-04-03T01:30:52.028+0600][11.508s][info][gc,reloc    ] GC(3) Y: Eden              11M (0%)          660M (17%)        336 / 230            0 / 0              0 / 0        
[2026-04-03T01:30:52.028+0600][11.508s][info][gc,reloc    ] GC(3) Y: Survivor 1         0M (0%)            9M (0%)           5 / 4              0 / 0              0 / 0        
[2026-04-03T01:30:52.028+0600][11.508s][info][gc,heap     ] GC(3) Y: Min Capacity: 8M(0%)
[2026-04-03T01:30:52.028+0600][11.509s][info][gc,heap     ] GC(3) Y: Max Capacity: 3922M(100%)
[2026-04-03T01:30:52.028+0600][11.509s][info][gc,heap     ] GC(3) Y: Soft Max Capacity: 3529M(90%)
[2026-04-03T01:30:52.028+0600][11.509s][info][gc,heap     ] GC(3) Y: Heap Statistics:
[2026-04-03T01:30:52.028+0600][11.509s][info][gc,heap     ] GC(3) Y:                Mark Start          Mark End        Relocate Start      Relocate End           High               Low         
[2026-04-03T01:30:52.028+0600][11.509s][info][gc,heap     ] GC(3) Y:  Capacity:      706M (18%)         746M (19%)         746M (19%)         746M (19%)         746M (19%)         706M (18%)    
[2026-04-03T01:30:52.028+0600][11.509s][info][gc,heap     ] GC(3) Y:      Free:     3216M (82%)        3192M (81%)        3392M (86%)        3818M (97%)        3818M (97%)        3176M (81%)    
[2026-04-03T01:30:52.028+0600][11.509s][info][gc,heap     ] GC(3) Y:      Used:      706M (18%)         730M (19%)         530M (14%)         104M (3%)          746M (19%)         104M (3%)     
[2026-04-03T01:30:52.028+0600][11.509s][info][gc,heap     ] GC(3) Y: Young Generation Statistics:
[2026-04-03T01:30:52.028+0600][11.509s][info][gc,heap     ] GC(3) Y:                Mark Start          Mark End        Relocate Start      Relocate End    
[2026-04-03T01:30:52.028+0600][11.509s][info][gc,heap     ] GC(3) Y:      Used:      682M (17%)         706M (18%)         506M (13%)          80M (2%)     
[2026-04-03T01:30:52.028+0600][11.509s][info][gc,heap     ] GC(3) Y:      Live:         -                11M (0%)           11M (0%)           11M (0%)     
[2026-04-03T01:30:52.028+0600][11.509s][info][gc,heap     ] GC(3) Y:   Garbage:         -               670M (17%)         470M (12%)           0M (0%)     
[2026-04-03T01:30:52.028+0600][11.509s][info][gc,heap     ] GC(3) Y: Allocated:         -                24M (1%)           24M (1%)           68M (2%)     
[2026-04-03T01:30:52.028+0600][11.509s][info][gc,heap     ] GC(3) Y: Reclaimed:         -                  -               200M (5%)          670M (17%)    
[2026-04-03T01:30:52.028+0600][11.509s][info][gc,heap     ] GC(3) Y:  Promoted:         -                  -                 0M (0%)            0M (0%)     
[2026-04-03T01:30:52.028+0600][11.509s][info][gc,heap     ] GC(3) Y: Compacted:         -                  -                  -                11M (0%)     
[2026-04-03T01:30:52.028+0600][11.509s][info][gc,phases   ] GC(3) Y: Young Generation 706M(18%)->104M(3%) 0.112s
[2026-04-03T01:30:52.028+0600][11.509s][info][gc,phases   ] GC(3) O: Old Generation
[2026-04-03T01:30:52.180+0600][11.661s][info][gc,phases   ] GC(3) O: Concurrent Mark 151.739ms
[2026-04-03T01:30:52.180+0600][11.661s][info][gc,phases   ] GC(3) O: Pause Mark End 0.033ms
[2026-04-03T01:30:52.180+0600][11.661s][info][gc,phases   ] GC(3) O: Concurrent Mark Free 0.001ms
[2026-04-03T01:30:52.244+0600][11.725s][info][gc,phases   ] GC(3) O: Concurrent Process Non-Strong 64.217ms
[2026-04-03T01:30:52.244+0600][11.725s][info][gc,phases   ] GC(3) O: Concurrent Reset Relocation Set 0.003ms
[2026-04-03T01:30:52.248+0600][11.729s][info][gc,phases   ] GC(3) O: Concurrent Select Relocation Set 3.510ms
[2026-04-03T01:30:52.248+0600][11.729s][info][gc,task     ] GC(3) O: Using 3 Workers for Old Generation
[2026-04-03T01:30:52.310+0600][11.791s][info][gc,task     ] GC(3) O: Using 1 Workers for Old Generation
[2026-04-03T01:30:52.310+0600][11.791s][info][gc,phases   ] GC(3) O: Concurrent Remap Roots 61.905ms
[2026-04-03T01:30:52.311+0600][11.791s][info][gc,phases   ] GC(3) O: Pause Relocate Start 0.024ms
[2026-04-03T01:30:52.320+0600][11.801s][info][gc,phases   ] GC(3) O: Concurrent Relocate 8.945ms
[2026-04-03T01:30:52.320+0600][11.801s][info][gc,alloc    ] GC(3) O:                         Mark Start        Mark End      Relocate Start    Relocate End   
[2026-04-03T01:30:52.320+0600][11.801s][info][gc,alloc    ] GC(3) O: Allocation Stalls:          0                0                0                0         
[2026-04-03T01:30:52.320+0600][11.801s][info][gc,load     ] GC(3) O: Load: 10.82 (90%) / 6.19 (52%) / 5.66 (47%)
[2026-04-03T01:30:52.320+0600][11.801s][info][gc,mmu      ] GC(3) O: MMU: 2ms/94.8%, 5ms/97.9%, 10ms/99.0%, 20ms/99.2%, 50ms/99.6%, 100ms/99.8%
[2026-04-03T01:30:52.320+0600][11.801s][info][gc,marking  ] GC(3) O: Mark: 1 stripe(s), 2 proactive flush(es), 1 terminate flush(es), 0 completion(s), 0 continuation(s) 
[2026-04-03T01:30:52.320+0600][11.801s][info][gc,marking  ] GC(3) O: Mark Stack Usage: 32M
[2026-04-03T01:30:52.320+0600][11.801s][info][gc,nmethod  ] GC(3) O: NMethods: 6398 registered, 972 unregistered
[2026-04-03T01:30:52.320+0600][11.801s][info][gc,metaspace] GC(3) O: Metaspace: 53M used, 54M committed, 1088M reserved
[2026-04-03T01:30:52.320+0600][11.801s][info][gc,ref      ] GC(3) O:                       Encountered   Discovered     Enqueued 
[2026-04-03T01:30:52.320+0600][11.801s][info][gc,ref      ] GC(3) O: Soft References:             3813            0            0 
[2026-04-03T01:30:52.320+0600][11.801s][info][gc,ref      ] GC(3) O: Weak References:             7859         1517            2 
[2026-04-03T01:30:52.320+0600][11.801s][info][gc,ref      ] GC(3) O: Final References:              73            0            0 
[2026-04-03T01:30:52.320+0600][11.801s][info][gc,ref      ] GC(3) O: Phantom References:           349          116            0 
[2026-04-03T01:30:52.320+0600][11.801s][info][gc,reloc    ] GC(3) O:                        Candidates     Selected     In-Place         Size        Empty    Relocated 
[2026-04-03T01:30:52.320+0600][11.801s][info][gc,reloc    ] GC(3) O: Small Pages:                   12            4            0          24M           0M           1M 
[2026-04-03T01:30:52.320+0600][11.801s][info][gc,reloc    ] GC(3) O: Medium Pages:                   0            0            0           0M           0M           0M 
[2026-04-03T01:30:52.320+0600][11.801s][info][gc,reloc    ] GC(3) O: Large Pages:                    0            0            0           0M           0M           0M 
[2026-04-03T01:30:52.320+0600][11.801s][info][gc,reloc    ] GC(3) O: Forwarding Usage: 0M
[2026-04-03T01:30:52.320+0600][11.801s][info][gc,heap     ] GC(3) O: Min Capacity: 8M(0%)
[2026-04-03T01:30:52.320+0600][11.801s][info][gc,heap     ] GC(3) O: Max Capacity: 3922M(100%)
[2026-04-03T01:30:52.320+0600][11.801s][info][gc,heap     ] GC(3) O: Soft Max Capacity: 3529M(90%)
[2026-04-03T01:30:52.320+0600][11.801s][info][gc,heap     ] GC(3) O: Heap Statistics:
[2026-04-03T01:30:52.320+0600][11.801s][info][gc,heap     ] GC(3) O:                Mark Start          Mark End        Relocate Start      Relocate End           High               Low         
[2026-04-03T01:30:52.320+0600][11.801s][info][gc,heap     ] GC(3) O:  Capacity:      706M (18%)         746M (19%)         746M (19%)         746M (19%)         746M (19%)         706M (18%)    
[2026-04-03T01:30:52.320+0600][11.801s][info][gc,heap     ] GC(3) O:      Free:     3216M (82%)        3800M (97%)        3774M (96%)        3762M (96%)        3818M (97%)        3176M (81%)    
[2026-04-03T01:30:52.320+0600][11.801s][info][gc,heap     ] GC(3) O:      Used:      706M (18%)         122M (3%)          148M (4%)          160M (4%)          746M (19%)         104M (3%)     
[2026-04-03T01:30:52.320+0600][11.801s][info][gc,heap     ] GC(3) O: Old Generation Statistics:
[2026-04-03T01:30:52.320+0600][11.801s][info][gc,heap     ] GC(3) O:                Mark Start          Mark End        Relocate Start      Relocate End    
[2026-04-03T01:30:52.320+0600][11.801s][info][gc,heap     ] GC(3) O:      Used:       24M (1%)           24M (1%)           24M (1%)           36M (1%)     
[2026-04-03T01:30:52.320+0600][11.801s][info][gc,heap     ] GC(3) O:      Live:         -                13M (0%)           13M (0%)           13M (0%)     
[2026-04-03T01:30:52.320+0600][11.801s][info][gc,heap     ] GC(3) O:   Garbage:         -                10M (0%)           10M (0%)            1M (0%)     
[2026-04-03T01:30:52.320+0600][11.801s][info][gc,heap     ] GC(3) O: Allocated:         -                 0M (0%)            0M (0%)           20M (1%)     
[2026-04-03T01:30:52.320+0600][11.801s][info][gc,heap     ] GC(3) O: Reclaimed:         -                  -                 0M (0%)            8M (0%)     
[2026-04-03T01:30:52.320+0600][11.801s][info][gc,heap     ] GC(3) O: Compacted:         -                  -                  -                 1M (0%)     
[2026-04-03T01:30:52.320+0600][11.801s][info][gc,phases   ] GC(3) O: Old Generation 104M(3%)->160M(4%) 0.292s
[2026-04-03T01:30:52.320+0600][11.801s][info][gc          ] GC(3) Major Collection (Warmup) 706M(18%)->160M(4%) 0.406s
[2026-04-03T01:30:56.396+0600][15.877s][info][gc          ] GC(4) Major Collection (Warmup)
[2026-04-03T01:30:56.396+0600][15.877s][info][gc,task     ] GC(4) Using 3 Workers for Young Generation
[2026-04-03T01:30:56.396+0600][15.877s][info][gc,task     ] GC(4) Using 1 Workers for Old Generation
[2026-04-03T01:30:56.396+0600][15.877s][info][gc,phases   ] GC(4) Y: Young Generation
[2026-04-03T01:30:56.397+0600][15.878s][info][gc,phases   ] GC(4) Y: Pause Mark Start (Major) 0.025ms
[2026-04-03T01:30:56.451+0600][15.931s][info][gc,phases   ] GC(4) Y: Concurrent Mark 48.742ms
[2026-04-03T01:30:56.451+0600][15.932s][info][gc,phases   ] GC(4) Y: Pause Mark End 0.035ms
[2026-04-03T01:30:56.452+0600][15.933s][info][gc,phases   ] GC(4) Y: Concurrent Mark Free 0.004ms
[2026-04-03T01:30:56.452+0600][15.933s][info][gc,phases   ] GC(4) Y: Concurrent Reset Relocation Set 0.032ms
[2026-04-03T01:30:56.456+0600][15.937s][info][gc,reloc    ] GC(4) Y: Using tenuring threshold: 1 (Computed)
[2026-04-03T01:30:56.480+0600][15.961s][info][gc,phases   ] GC(4) Y: Concurrent Select Relocation Set 27.704ms
[2026-04-03T01:30:56.481+0600][15.962s][info][gc,phases   ] GC(4) Y: Pause Relocate Start 0.024ms
[2026-04-03T01:30:56.520+0600][16.000s][info][gc,phases   ] GC(4) Y: Concurrent Relocate 37.390ms
[2026-04-03T01:30:56.520+0600][16.000s][info][gc,alloc    ] GC(4) Y:                         Mark Start        Mark End      Relocate Start    Relocate End   
[2026-04-03T01:30:56.520+0600][16.000s][info][gc,alloc    ] GC(4) Y: Allocation Stalls:          0                0                0                0         
[2026-04-03T01:30:56.520+0600][16.000s][info][gc,load     ] GC(4) Y: Load: 12.04 (100%) / 6.52 (54%) / 5.77 (48%)
[2026-04-03T01:30:56.520+0600][16.000s][info][gc,mmu      ] GC(4) Y: MMU: 2ms/94.8%, 5ms/97.9%, 10ms/99.0%, 20ms/99.2%, 50ms/99.6%, 100ms/99.8%
[2026-04-03T01:30:56.520+0600][16.000s][info][gc,marking  ] GC(4) Y: Mark: 2 stripe(s), 2 proactive flush(es), 1 terminate flush(es), 0 completion(s), 0 continuation(s) 
[2026-04-03T01:30:56.520+0600][16.000s][info][gc,marking  ] GC(4) Y: Mark Stack Usage: 32M
[2026-04-03T01:30:56.520+0600][16.000s][info][gc,nmethod  ] GC(4) Y: NMethods: 6914 registered, 972 unregistered
[2026-04-03T01:30:56.520+0600][16.001s][info][gc,metaspace] GC(4) Y: Metaspace: 53M used, 54M committed, 1088M reserved
[2026-04-03T01:30:56.520+0600][16.001s][info][gc,reloc    ] GC(4) Y:                        Candidates     Selected     In-Place         Size        Empty    Relocated 
[2026-04-03T01:30:56.520+0600][16.001s][info][gc,reloc    ] GC(4) Y: Small Pages:                  513          168            0        1026M         676M           1M 
[2026-04-03T01:30:56.520+0600][16.001s][info][gc,reloc    ] GC(4) Y: Medium Pages:                   0            0            0           0M           0M           0M 
[2026-04-03T01:30:56.520+0600][16.001s][info][gc,reloc    ] GC(4) Y: Large Pages:                    0            0            0           0M           0M           0M 
[2026-04-03T01:30:56.520+0600][16.001s][info][gc,reloc    ] GC(4) Y: Forwarding Usage: 0M
[2026-04-03T01:30:56.520+0600][16.001s][info][gc,reloc    ] GC(4) Y: Age Table:
[2026-04-03T01:30:56.520+0600][16.001s][info][gc,reloc    ] GC(4) Y:                    Live             Garbage             Small              Medium             Large        
[2026-04-03T01:30:56.520+0600][16.001s][info][gc,reloc    ] GC(4) Y: Eden               0M (0%)          979M (25%)        490 / 151            0 / 0              0 / 0        
[2026-04-03T01:30:56.520+0600][16.001s][info][gc,reloc    ] GC(4) Y: Survivor 1        11M (0%)           24M (1%)          18 / 12             0 / 0              0 / 0        
[2026-04-03T01:30:56.520+0600][16.001s][info][gc,reloc    ] GC(4) Y: Survivor 2         0M (0%)            9M (0%)           5 / 5              0 / 0              0 / 0        
[2026-04-03T01:30:56.520+0600][16.001s][info][gc,heap     ] GC(4) Y: Min Capacity: 8M(0%)
[2026-04-03T01:30:56.520+0600][16.001s][info][gc,heap     ] GC(4) Y: Max Capacity: 3922M(100%)
[2026-04-03T01:30:56.520+0600][16.001s][info][gc,heap     ] GC(4) Y: Soft Max Capacity: 3529M(90%)
[2026-04-03T01:30:56.520+0600][16.001s][info][gc,heap     ] GC(4) Y: Heap Statistics:
[2026-04-03T01:30:56.520+0600][16.001s][info][gc,heap     ] GC(4) Y:                Mark Start          Mark End        Relocate Start      Relocate End           High               Low         
[2026-04-03T01:30:56.521+0600][16.001s][info][gc,heap     ] GC(4) Y:  Capacity:     1062M (27%)        1102M (28%)        1102M (28%)        1102M (28%)        1102M (28%)        1062M (27%)    
[2026-04-03T01:30:56.521+0600][16.001s][info][gc,heap     ] GC(4) Y:      Free:     2860M (73%)        2834M (72%)        3502M (89%)        3774M (96%)        3780M (96%)        2820M (72%)    
[2026-04-03T01:30:56.521+0600][16.001s][info][gc,heap     ] GC(4) Y:      Used:     1062M (27%)        1088M (28%)         420M (11%)         148M (4%)         1102M (28%)         142M (4%)     
[2026-04-03T01:30:56.521+0600][16.001s][info][gc,heap     ] GC(4) Y: Young Generation Statistics:
[2026-04-03T01:30:56.521+0600][16.001s][info][gc,heap     ] GC(4) Y:                Mark Start          Mark End        Relocate Start      Relocate End    
[2026-04-03T01:30:56.521+0600][16.001s][info][gc,heap     ] GC(4) Y:      Used:     1026M (26%)        1052M (27%)         372M (9%)           70M (2%)     
[2026-04-03T01:30:56.521+0600][16.001s][info][gc,heap     ] GC(4) Y:      Live:         -                11M (0%)            1M (0%)            0M (0%)     
[2026-04-03T01:30:56.521+0600][16.001s][info][gc,heap     ] GC(4) Y:   Garbage:         -              1014M (26%)         336M (9%)            0M (0%)     
[2026-04-03T01:30:56.521+0600][16.001s][info][gc,heap     ] GC(4) Y: Allocated:         -                26M (1%)           34M (1%)           69M (2%)     
[2026-04-03T01:30:56.521+0600][16.001s][info][gc,heap     ] GC(4) Y: Reclaimed:         -                  -               677M (17%)        1014M (26%)    
[2026-04-03T01:30:56.521+0600][16.001s][info][gc,heap     ] GC(4) Y:  Promoted:         -                  -                10M (0%)           11M (0%)     
[2026-04-03T01:30:56.521+0600][16.001s][info][gc,heap     ] GC(4) Y: Compacted:         -                  -                  -                 0M (0%)     
[2026-04-03T01:30:56.521+0600][16.001s][info][gc,phases   ] GC(4) Y: Young Generation 1062M(27%)->148M(4%) 0.123s
[2026-04-03T01:30:56.521+0600][16.001s][info][gc,phases   ] GC(4) O: Old Generation
[2026-04-03T01:30:56.610+0600][16.090s][info][gc,phases   ] GC(4) O: Concurrent Mark 89.000ms
[2026-04-03T01:30:56.610+0600][16.091s][info][gc,phases   ] GC(4) O: Pause Mark End 0.040ms
[2026-04-03T01:30:56.611+0600][16.091s][info][gc,phases   ] GC(4) O: Concurrent Mark Free 0.002ms
[2026-04-03T01:30:56.667+0600][16.147s][info][gc,phases   ] GC(4) O: Concurrent Process Non-Strong 55.888ms
[2026-04-03T01:30:56.667+0600][16.148s][info][gc,phases   ] GC(4) O: Concurrent Reset Relocation Set 0.004ms
[2026-04-03T01:30:56.671+0600][16.152s][info][gc,phases   ] GC(4) O: Concurrent Select Relocation Set 4.380ms
[2026-04-03T01:30:56.672+0600][16.153s][info][gc,task     ] GC(4) O: Using 3 Workers for Old Generation
[2026-04-03T01:30:56.714+0600][16.195s][info][gc,task     ] GC(4) O: Using 1 Workers for Old Generation
[2026-04-03T01:30:56.714+0600][16.195s][info][gc,phases   ] GC(4) O: Concurrent Remap Roots 42.464ms
[2026-04-03T01:30:56.715+0600][16.195s][info][gc,phases   ] GC(4) O: Pause Relocate Start 0.024ms
[2026-04-03T01:30:56.719+0600][16.200s][info][gc,phases   ] GC(4) O: Concurrent Relocate 3.051ms
[2026-04-03T01:30:56.719+0600][16.200s][info][gc,alloc    ] GC(4) O:                         Mark Start        Mark End      Relocate Start    Relocate End   
[2026-04-03T01:30:56.719+0600][16.200s][info][gc,alloc    ] GC(4) O: Allocation Stalls:          0                0                0                0         
[2026-04-03T01:30:56.719+0600][16.200s][info][gc,load     ] GC(4) O: Load: 12.04 (100%) / 6.52 (54%) / 5.77 (48%)
[2026-04-03T01:30:56.719+0600][16.200s][info][gc,mmu      ] GC(4) O: MMU: 2ms/94.8%, 5ms/97.9%, 10ms/99.0%, 20ms/99.2%, 50ms/99.6%, 100ms/99.8%
[2026-04-03T01:30:56.719+0600][16.200s][info][gc,marking  ] GC(4) O: Mark: 1 stripe(s), 2 proactive flush(es), 1 terminate flush(es), 0 completion(s), 0 continuation(s) 
[2026-04-03T01:30:56.719+0600][16.200s][info][gc,marking  ] GC(4) O: Mark Stack Usage: 32M
[2026-04-03T01:30:56.719+0600][16.200s][info][gc,nmethod  ] GC(4) O: NMethods: 6395 registered, 1498 unregistered
[2026-04-03T01:30:56.719+0600][16.200s][info][gc,metaspace] GC(4) O: Metaspace: 53M used, 54M committed, 1088M reserved
[2026-04-03T01:30:56.719+0600][16.200s][info][gc,ref      ] GC(4) O:                       Encountered   Discovered     Enqueued 
[2026-04-03T01:30:56.719+0600][16.200s][info][gc,ref      ] GC(4) O: Soft References:             3813            0            0 
[2026-04-03T01:30:56.719+0600][16.200s][info][gc,ref      ] GC(4) O: Weak References:             7857         1364            0 
[2026-04-03T01:30:56.719+0600][16.200s][info][gc,ref      ] GC(4) O: Final References:              73            0            0 
[2026-04-03T01:30:56.719+0600][16.200s][info][gc,ref      ] GC(4) O: Phantom References:           349          115            0 
[2026-04-03T01:30:56.719+0600][16.200s][info][gc,reloc    ] GC(4) O:                        Candidates     Selected     In-Place         Size        Empty    Relocated 
[2026-04-03T01:30:56.719+0600][16.200s][info][gc,reloc    ] GC(4) O: Small Pages:                   18           10            0          36M           0M           1M 
[2026-04-03T01:30:56.719+0600][16.200s][info][gc,reloc    ] GC(4) O: Medium Pages:                   0            0            0           0M           0M           0M 
[2026-04-03T01:30:56.719+0600][16.200s][info][gc,reloc    ] GC(4) O: Large Pages:                    0            0            0           0M           0M           0M 
[2026-04-03T01:30:56.719+0600][16.200s][info][gc,reloc    ] GC(4) O: Forwarding Usage: 0M
[2026-04-03T01:30:56.719+0600][16.200s][info][gc,heap     ] GC(4) O: Min Capacity: 8M(0%)
[2026-04-03T01:30:56.719+0600][16.200s][info][gc,heap     ] GC(4) O: Max Capacity: 3922M(100%)
[2026-04-03T01:30:56.719+0600][16.200s][info][gc,heap     ] GC(4) O: Soft Max Capacity: 3529M(90%)
[2026-04-03T01:30:56.719+0600][16.200s][info][gc,heap     ] GC(4) O: Heap Statistics:
[2026-04-03T01:30:56.719+0600][16.200s][info][gc,heap     ] GC(4) O:                Mark Start          Mark End        Relocate Start      Relocate End           High               Low         
[2026-04-03T01:30:56.719+0600][16.200s][info][gc,heap     ] GC(4) O:  Capacity:     1062M (27%)        1102M (28%)        1102M (28%)        1102M (28%)        1102M (28%)        1062M (27%)    
[2026-04-03T01:30:56.719+0600][16.200s][info][gc,heap     ] GC(4) O:      Free:     2860M (73%)        3744M (95%)        3712M (95%)        3730M (95%)        3780M (96%)        2820M (72%)    
[2026-04-03T01:30:56.720+0600][16.200s][info][gc,heap     ] GC(4) O:      Used:     1062M (27%)         178M (5%)          210M (5%)          192M (5%)         1102M (28%)         142M (4%)     
[2026-04-03T01:30:56.720+0600][16.200s][info][gc,heap     ] GC(4) O: Old Generation Statistics:
[2026-04-03T01:30:56.720+0600][16.200s][info][gc,heap     ] GC(4) O:                Mark Start          Mark End        Relocate Start      Relocate End    
[2026-04-03T01:30:56.720+0600][16.200s][info][gc,heap     ] GC(4) O:      Used:       36M (1%)           78M (2%)           78M (2%)           58M (1%)     
[2026-04-03T01:30:56.720+0600][16.200s][info][gc,heap     ] GC(4) O:      Live:         -                13M (0%)           13M (0%)           13M (0%)     
[2026-04-03T01:30:56.720+0600][16.200s][info][gc,heap     ] GC(4) O:   Garbage:         -                22M (1%)           22M (1%)            1M (0%)     
[2026-04-03T01:30:56.720+0600][16.200s][info][gc,heap     ] GC(4) O: Allocated:         -                42M (1%)           42M (1%)           42M (1%)     
[2026-04-03T01:30:56.720+0600][16.200s][info][gc,heap     ] GC(4) O: Reclaimed:         -                  -                 0M (0%)           20M (1%)     
[2026-04-03T01:30:56.720+0600][16.200s][info][gc,heap     ] GC(4) O: Compacted:         -                  -                  -                 1M (0%)     
[2026-04-03T01:30:56.720+0600][16.200s][info][gc,phases   ] GC(4) O: Old Generation 148M(4%)->192M(5%) 0.198s
[2026-04-03T01:30:56.720+0600][16.200s][info][gc          ] GC(4) Major Collection (Warmup) 1062M(27%)->192M(5%) 0.324s
[2026-04-03T01:31:00.221+0600][19.701s][info][gc          ] GC(5) Minor Collection (Allocation Rate)
[2026-04-03T01:31:00.221+0600][19.702s][info][gc,task     ] GC(5) Using 1 Workers for Young Generation
[2026-04-03T01:31:00.221+0600][19.702s][info][gc,phases   ] GC(5) y: Young Generation
[2026-04-03T01:31:00.222+0600][19.703s][info][gc,phases   ] GC(5) y: Pause Mark Start 0.028ms
[2026-04-03T01:31:00.255+0600][19.736s][info][gc,phases   ] GC(5) y: Concurrent Mark 29.566ms
[2026-04-03T01:31:00.256+0600][19.737s][info][gc,phases   ] GC(5) y: Pause Mark End 0.029ms
[2026-04-03T01:31:00.257+0600][19.738s][info][gc,phases   ] GC(5) y: Concurrent Mark Free 0.003ms
[2026-04-03T01:31:00.257+0600][19.738s][info][gc,phases   ] GC(5) y: Concurrent Reset Relocation Set 0.032ms
[2026-04-03T01:31:00.261+0600][19.742s][info][gc,reloc    ] GC(5) y: Using tenuring threshold: 2 (Computed)
[2026-04-03T01:31:00.261+0600][19.742s][info][gc,phases   ] GC(5) y: Concurrent Select Relocation Set 4.362ms
[2026-04-03T01:31:00.262+0600][19.742s][info][gc,phases   ] GC(5) y: Pause Relocate Start 0.037ms
[2026-04-03T01:31:00.265+0600][19.746s][info][gc,phases   ] GC(5) y: Concurrent Relocate 2.918ms
[2026-04-03T01:31:00.265+0600][19.746s][info][gc,alloc    ] GC(5) y:                         Mark Start        Mark End      Relocate Start    Relocate End   
[2026-04-03T01:31:00.265+0600][19.746s][info][gc,alloc    ] GC(5) y: Allocation Stalls:          0                0                0                0         
[2026-04-03T01:31:00.265+0600][19.746s][info][gc,load     ] GC(5) y: Load: 12.44 (104%) / 6.70 (56%) / 5.83 (49%)
[2026-04-03T01:31:00.265+0600][19.746s][info][gc,mmu      ] GC(5) y: MMU: 2ms/94.8%, 5ms/97.9%, 10ms/99.0%, 20ms/99.2%, 50ms/99.6%, 100ms/99.8%
[2026-04-03T01:31:00.265+0600][19.746s][info][gc,marking  ] GC(5) y: Mark: 1 stripe(s), 2 proactive flush(es), 1 terminate flush(es), 0 completion(s), 0 continuation(s) 
[2026-04-03T01:31:00.265+0600][19.746s][info][gc,marking  ] GC(5) y: Mark Stack Usage: 32M
[2026-04-03T01:31:00.265+0600][19.746s][info][gc,nmethod  ] GC(5) y: NMethods: 6700 registered, 1498 unregistered
[2026-04-03T01:31:00.265+0600][19.746s][info][gc,metaspace] GC(5) y: Metaspace: 53M used, 54M committed, 1088M reserved
[2026-04-03T01:31:00.265+0600][19.746s][info][gc,reloc    ] GC(5) y:                        Candidates     Selected     In-Place         Size        Empty    Relocated 
[2026-04-03T01:31:00.265+0600][19.746s][info][gc,reloc    ] GC(5) y: Small Pages:                 1220          146            0        2440M        2146M           0M 
[2026-04-03T01:31:00.265+0600][19.746s][info][gc,reloc    ] GC(5) y: Medium Pages:                   0            0            0           0M           0M           0M 
[2026-04-03T01:31:00.265+0600][19.746s][info][gc,reloc    ] GC(5) y: Large Pages:                    0            0            0           0M           0M           0M 
[2026-04-03T01:31:00.265+0600][19.746s][info][gc,reloc    ] GC(5) y: Forwarding Usage: 0M
[2026-04-03T01:31:00.265+0600][19.746s][info][gc,reloc    ] GC(5) y: Age Table:
[2026-04-03T01:31:00.265+0600][19.746s][info][gc,reloc    ] GC(5) y:                    Live             Garbage             Small              Medium             Large        
[2026-04-03T01:31:00.265+0600][19.746s][info][gc,reloc    ] GC(5) y: Eden               0M (0%)         2413M (62%)       1207 / 144            0 / 0              0 / 0        
[2026-04-03T01:31:00.265+0600][19.746s][info][gc,reloc    ] GC(5) y: Survivor 1         0M (0%)           25M (1%)          13 / 2              0 / 0              0 / 0        
[2026-04-03T01:31:00.265+0600][19.746s][info][gc,heap     ] GC(5) y: Min Capacity: 8M(0%)
[2026-04-03T01:31:00.265+0600][19.746s][info][gc,heap     ] GC(5) y: Max Capacity: 3922M(100%)
[2026-04-03T01:31:00.265+0600][19.746s][info][gc,heap     ] GC(5) y: Soft Max Capacity: 3529M(90%)
[2026-04-03T01:31:00.265+0600][19.746s][info][gc,heap     ] GC(5) y: Heap Statistics:
[2026-04-03T01:31:00.265+0600][19.746s][info][gc,heap     ] GC(5) y:                Mark Start          Mark End        Relocate Start      Relocate End           High               Low         
[2026-04-03T01:31:00.265+0600][19.746s][info][gc,heap     ] GC(5) y:  Capacity:     2498M (64%)        2534M (65%)        2534M (65%)        2534M (65%)        2534M (65%)        2498M (64%)    
[2026-04-03T01:31:00.265+0600][19.746s][info][gc,heap     ] GC(5) y:      Free:     1424M (36%)        1398M (36%)        3536M (90%)        3800M (97%)        3802M (97%)        1388M (35%)    
[2026-04-03T01:31:00.265+0600][19.746s][info][gc,heap     ] GC(5) y:      Used:     2498M (64%)        2524M (64%)         386M (10%)         122M (3%)         2534M (65%)         120M (3%)     
[2026-04-03T01:31:00.265+0600][19.746s][info][gc,heap     ] GC(5) y: Young Generation Statistics:
[2026-04-03T01:31:00.265+0600][19.746s][info][gc,heap     ] GC(5) y:                Mark Start          Mark End        Relocate Start      Relocate End    
[2026-04-03T01:31:00.265+0600][19.746s][info][gc,heap     ] GC(5) y:      Used:     2440M (62%)        2466M (63%)         328M (8%)           64M (2%)     
[2026-04-03T01:31:00.265+0600][19.746s][info][gc,heap     ] GC(5) y:      Live:         -                 0M (0%)            0M (0%)            0M (0%)     
[2026-04-03T01:31:00.265+0600][19.746s][info][gc,heap     ] GC(5) y:   Garbage:         -              2439M (62%)         293M (7%)            0M (0%)     
[2026-04-03T01:31:00.265+0600][19.746s][info][gc,heap     ] GC(5) y: Allocated:         -                26M (1%)           34M (1%)           63M (2%)     
[2026-04-03T01:31:00.265+0600][19.746s][info][gc,heap     ] GC(5) y: Reclaimed:         -                  -              2146M (55%)        2439M (62%)    
[2026-04-03T01:31:00.265+0600][19.746s][info][gc,heap     ] GC(5) y:  Promoted:         -                  -                 0M (0%)            0M (0%)     
[2026-04-03T01:31:00.265+0600][19.746s][info][gc,heap     ] GC(5) y: Compacted:         -                  -                  -                 0M (0%)     
[2026-04-03T01:31:00.265+0600][19.746s][info][gc,phases   ] GC(5) y: Young Generation 2496M(64%)->122M(3%) 0.044s
[2026-04-03T01:31:00.266+0600][19.746s][info][gc          ] GC(5) Minor Collection (Allocation Rate) 2496M(64%)->122M(3%) 0.045s
[2026-04-03T01:31:01.708+0600][21.189s][info][gc          ] GC(6) Minor Collection (Allocation Rate)
[2026-04-03T01:31:01.708+0600][21.189s][info][gc,task     ] GC(6) Using 1 Workers for Young Generation
[2026-04-03T01:31:01.708+0600][21.189s][info][gc,phases   ] GC(6) y: Young Generation
[2026-04-03T01:31:01.709+0600][21.189s][info][gc,phases   ] GC(6) y: Pause Mark Start 0.022ms
[2026-04-03T01:31:01.732+0600][21.212s][info][gc,phases   ] GC(6) y: Concurrent Mark 22.677ms
[2026-04-03T01:31:01.732+0600][21.213s][info][gc,phases   ] GC(6) y: Pause Mark End 0.027ms
[2026-04-03T01:31:01.732+0600][21.213s][info][gc,phases   ] GC(6) y: Concurrent Mark Free 0.002ms
[2026-04-03T01:31:01.732+0600][21.213s][info][gc,phases   ] GC(6) y: Concurrent Reset Relocation Set 0.016ms
[2026-04-03T01:31:01.736+0600][21.216s][info][gc,reloc    ] GC(6) y: Using tenuring threshold: 3 (Computed)
[2026-04-03T01:31:01.736+0600][21.217s][info][gc,phases   ] GC(6) y: Concurrent Select Relocation Set 3.981ms
[2026-04-03T01:31:01.736+0600][21.217s][info][gc,phases   ] GC(6) y: Pause Relocate Start 0.020ms
[2026-04-03T01:31:01.739+0600][21.220s][info][gc,phases   ] GC(6) y: Concurrent Relocate 2.695ms
[2026-04-03T01:31:01.740+0600][21.220s][info][gc,alloc    ] GC(6) y:                         Mark Start        Mark End      Relocate Start    Relocate End   
[2026-04-03T01:31:01.740+0600][21.220s][info][gc,alloc    ] GC(6) y: Allocation Stalls:          0                0                0                0         
[2026-04-03T01:31:01.740+0600][21.220s][info][gc,load     ] GC(6) y: Load: 12.44 (104%) / 6.70 (56%) / 5.83 (49%)
[2026-04-03T01:31:01.740+0600][21.220s][info][gc,mmu      ] GC(6) y: MMU: 2ms/94.8%, 5ms/97.9%, 10ms/99.0%, 20ms/99.2%, 50ms/99.6%, 100ms/99.8%
[2026-04-03T01:31:01.740+0600][21.220s][info][gc,marking  ] GC(6) y: Mark: 1 stripe(s), 2 proactive flush(es), 1 terminate flush(es), 0 completion(s), 0 continuation(s) 
[2026-04-03T01:31:01.740+0600][21.220s][info][gc,marking  ] GC(6) y: Mark Stack Usage: 32M
[2026-04-03T01:31:01.740+0600][21.220s][info][gc,nmethod  ] GC(6) y: NMethods: 6722 registered, 1498 unregistered
[2026-04-03T01:31:01.740+0600][21.220s][info][gc,metaspace] GC(6) y: Metaspace: 53M used, 54M committed, 1088M reserved
[2026-04-03T01:31:01.740+0600][21.221s][info][gc,reloc    ] GC(6) y:                        Candidates     Selected     In-Place         Size        Empty    Relocated 
[2026-04-03T01:31:01.740+0600][21.221s][info][gc,reloc    ] GC(6) y: Small Pages:                  819           61            0        1638M        1514M           0M 
[2026-04-03T01:31:01.740+0600][21.221s][info][gc,reloc    ] GC(6) y: Medium Pages:                   0            0            0           0M           0M           0M 
[2026-04-03T01:31:01.740+0600][21.221s][info][gc,reloc    ] GC(6) y: Large Pages:                    0            0            0           0M           0M           0M 
[2026-04-03T01:31:01.740+0600][21.221s][info][gc,reloc    ] GC(6) y: Forwarding Usage: 0M
[2026-04-03T01:31:01.740+0600][21.221s][info][gc,reloc    ] GC(6) y: Age Table:
[2026-04-03T01:31:01.740+0600][21.221s][info][gc,reloc    ] GC(6) y:                    Live             Garbage             Small              Medium             Large        
[2026-04-03T01:31:01.740+0600][21.221s][info][gc,reloc    ] GC(6) y: Eden               0M (0%)         1609M (41%)        805 / 56             0 / 0              0 / 0        
[2026-04-03T01:31:01.740+0600][21.221s][info][gc,reloc    ] GC(6) y: Survivor 1         0M (0%)           23M (1%)          12 / 3              0 / 0              0 / 0        
[2026-04-03T01:31:01.740+0600][21.221s][info][gc,reloc    ] GC(6) y: Survivor 2         0M (0%)            3M (0%)           2 / 2              0 / 0              0 / 0        
[2026-04-03T01:31:01.740+0600][21.221s][info][gc,heap     ] GC(6) y: Min Capacity: 8M(0%)
[2026-04-03T01:31:01.740+0600][21.221s][info][gc,heap     ] GC(6) y: Max Capacity: 3922M(100%)
[2026-04-03T01:31:01.740+0600][21.221s][info][gc,heap     ] GC(6) y: Soft Max Capacity: 3529M(90%)
[2026-04-03T01:31:01.740+0600][21.221s][info][gc,heap     ] GC(6) y: Heap Statistics:
[2026-04-03T01:31:01.740+0600][21.221s][info][gc,heap     ] GC(6) y:                Mark Start          Mark End        Relocate Start      Relocate End           High               Low         
[2026-04-03T01:31:01.740+0600][21.221s][info][gc,heap     ] GC(6) y:  Capacity:     2534M (65%)        2534M (65%)        2534M (65%)        2534M (65%)        2534M (65%)        2534M (65%)    
[2026-04-03T01:31:01.740+0600][21.221s][info][gc,heap     ] GC(6) y:      Free:     2226M (57%)        2192M (56%)        3702M (94%)        3806M (97%)        3806M (97%)        2192M (56%)    
[2026-04-03T01:31:01.740+0600][21.221s][info][gc,heap     ] GC(6) y:      Used:     1696M (43%)        1730M (44%)         220M (6%)          116M (3%)         1730M (44%)         116M (3%)     
[2026-04-03T01:31:01.740+0600][21.221s][info][gc,heap     ] GC(6) y: Young Generation Statistics:
[2026-04-03T01:31:01.740+0600][21.221s][info][gc,heap     ] GC(6) y:                Mark Start          Mark End        Relocate Start      Relocate End    
[2026-04-03T01:31:01.740+0600][21.221s][info][gc,heap     ] GC(6) y:      Used:     1638M (42%)        1672M (43%)         162M (4%)           58M (1%)     
[2026-04-03T01:31:01.740+0600][21.221s][info][gc,heap     ] GC(6) y:      Live:         -                 0M (0%)            0M (0%)            0M (0%)     
[2026-04-03T01:31:01.740+0600][21.221s][info][gc,heap     ] GC(6) y:   Garbage:         -              1637M (42%)         123M (3%)            0M (0%)     
[2026-04-03T01:31:01.740+0600][21.221s][info][gc,heap     ] GC(6) y: Allocated:         -                34M (1%)           38M (1%)           57M (1%)     
[2026-04-03T01:31:01.740+0600][21.221s][info][gc,heap     ] GC(6) y: Reclaimed:         -                  -              1514M (39%)        1637M (42%)    
[2026-04-03T01:31:01.740+0600][21.221s][info][gc,heap     ] GC(6) y:  Promoted:         -                  -                 0M (0%)            0M (0%)     
[2026-04-03T01:31:01.740+0600][21.221s][info][gc,heap     ] GC(6) y: Compacted:         -                  -                  -                 0M (0%)     
[2026-04-03T01:31:01.740+0600][21.221s][info][gc,phases   ] GC(6) y: Young Generation 1696M(43%)->116M(3%) 0.031s
[2026-04-03T01:31:01.740+0600][21.221s][info][gc          ] GC(6) Minor Collection (Allocation Rate) 1696M(43%)->118M(3%) 0.032s
[2026-04-03T01:31:03.859+0600][23.340s][info][gc          ] GC(7) Major Collection (System.gc())
[2026-04-03T01:31:03.859+0600][23.340s][info][gc,task     ] GC(7) Using 3 Workers for Young Generation
[2026-04-03T01:31:03.859+0600][23.340s][info][gc,task     ] GC(7) Using 3 Workers for Old Generation
[2026-04-03T01:31:03.859+0600][23.340s][info][gc,phases   ] GC(7) Y: Young Generation (Promote All)
[2026-04-03T01:31:03.859+0600][23.340s][info][gc,phases   ] GC(7) Y: Pause Mark Start 0.033ms
[2026-04-03T01:31:03.875+0600][23.356s][info][gc,phases   ] GC(7) Y: Concurrent Mark 15.186ms
[2026-04-03T01:31:03.875+0600][23.356s][info][gc,phases   ] GC(7) Y: Pause Mark End 0.032ms
[2026-04-03T01:31:03.876+0600][23.357s][info][gc,phases   ] GC(7) Y: Concurrent Mark Free 0.002ms
[2026-04-03T01:31:03.876+0600][23.357s][info][gc,phases   ] GC(7) Y: Concurrent Reset Relocation Set 0.008ms
[2026-04-03T01:31:03.883+0600][23.364s][info][gc,reloc    ] GC(7) Y: Using tenuring threshold: 0 (Promote All)
[2026-04-03T01:31:03.887+0600][23.368s][info][gc,phases   ] GC(7) Y: Concurrent Select Relocation Set 10.996ms
[2026-04-03T01:31:03.888+0600][23.368s][info][gc,phases   ] GC(7) Y: Pause Relocate Start 0.027ms
[2026-04-03T01:31:03.892+0600][23.373s][info][gc,phases   ] GC(7) Y: Concurrent Relocate 4.390ms
[2026-04-03T01:31:03.892+0600][23.373s][info][gc,alloc    ] GC(7) Y:                         Mark Start        Mark End      Relocate Start    Relocate End   
[2026-04-03T01:31:03.892+0600][23.373s][info][gc,alloc    ] GC(7) Y: Allocation Stalls:          0                0                0                0         
[2026-04-03T01:31:03.892+0600][23.373s][info][gc,load     ] GC(7) Y: Load: 12.44 (104%) / 6.70 (56%) / 5.83 (49%)
[2026-04-03T01:31:03.892+0600][23.373s][info][gc,mmu      ] GC(7) Y: MMU: 2ms/94.8%, 5ms/97.9%, 10ms/99.0%, 20ms/99.2%, 50ms/99.6%, 100ms/99.8%
[2026-04-03T01:31:03.892+0600][23.373s][info][gc,marking  ] GC(7) Y: Mark: 2 stripe(s), 2 proactive flush(es), 1 terminate flush(es), 0 completion(s), 0 continuation(s) 
[2026-04-03T01:31:03.892+0600][23.373s][info][gc,marking  ] GC(7) Y: Mark Stack Usage: 32M
[2026-04-03T01:31:03.893+0600][23.373s][info][gc,nmethod  ] GC(7) Y: NMethods: 6981 registered, 1498 unregistered
[2026-04-03T01:31:03.893+0600][23.373s][info][gc,metaspace] GC(7) Y: Metaspace: 54M used, 54M committed, 1088M reserved
[2026-04-03T01:31:03.893+0600][23.373s][info][gc,reloc    ] GC(7) Y:                        Candidates     Selected     In-Place         Size        Empty    Relocated 
[2026-04-03T01:31:03.893+0600][23.373s][info][gc,reloc    ] GC(7) Y: Small Pages:                 1160           94            0        2320M        2130M           0M 
[2026-04-03T01:31:03.893+0600][23.373s][info][gc,reloc    ] GC(7) Y: Medium Pages:                   0            0            0           0M           0M           0M 
[2026-04-03T01:31:03.893+0600][23.373s][info][gc,reloc    ] GC(7) Y: Large Pages:                    0            0            0           0M           0M           0M 
[2026-04-03T01:31:03.893+0600][23.373s][info][gc,reloc    ] GC(7) Y: Forwarding Usage: 0M
[2026-04-03T01:31:03.893+0600][23.373s][info][gc,reloc    ] GC(7) Y: Age Table:
[2026-04-03T01:31:03.893+0600][23.373s][info][gc,reloc    ] GC(7) Y:                    Live             Garbage             Small              Medium             Large        
[2026-04-03T01:31:03.893+0600][23.373s][info][gc,reloc    ] GC(7) Y: Eden               0M (0%)         2303M (59%)       1152 / 88             0 / 0              0 / 0        
[2026-04-03T01:31:03.893+0600][23.373s][info][gc,reloc    ] GC(7) Y: Survivor 1         0M (0%)            7M (0%)           4 / 3              0 / 0              0 / 0        
[2026-04-03T01:31:03.893+0600][23.373s][info][gc,reloc    ] GC(7) Y: Survivor 2         0M (0%)            3M (0%)           2 / 1              0 / 0              0 / 0        
[2026-04-03T01:31:03.893+0600][23.373s][info][gc,reloc    ] GC(7) Y: Survivor 3         0M (0%)            3M (0%)           2 / 2              0 / 0              0 / 0        
[2026-04-03T01:31:03.893+0600][23.374s][info][gc,heap     ] GC(7) Y: Min Capacity: 8M(0%)
[2026-04-03T01:31:03.893+0600][23.374s][info][gc,heap     ] GC(7) Y: Max Capacity: 3922M(100%)
[2026-04-03T01:31:03.893+0600][23.374s][info][gc,heap     ] GC(7) Y: Soft Max Capacity: 3529M(90%)
[2026-04-03T01:31:03.893+0600][23.374s][info][gc,heap     ] GC(7) Y: Heap Statistics:
[2026-04-03T01:31:03.893+0600][23.374s][info][gc,heap     ] GC(7) Y:                Mark Start          Mark End        Relocate Start      Relocate End           High               Low         
[2026-04-03T01:31:03.893+0600][23.374s][info][gc,heap     ] GC(7) Y:  Capacity:     2534M (65%)        2534M (65%)        2534M (65%)        2534M (65%)        2534M (65%)        2534M (65%)    
[2026-04-03T01:31:03.893+0600][23.374s][info][gc,heap     ] GC(7) Y:      Free:     1544M (39%)        1526M (39%)        3656M (93%)        3842M (98%)        3842M (98%)        1526M (39%)    
[2026-04-03T01:31:03.893+0600][23.374s][info][gc,heap     ] GC(7) Y:      Used:     2378M (61%)        2396M (61%)         266M (7%)           80M (2%)         2396M (61%)          80M (2%)     
[2026-04-03T01:31:03.893+0600][23.374s][info][gc,heap     ] GC(7) Y: Young Generation Statistics:
[2026-04-03T01:31:03.893+0600][23.374s][info][gc,heap     ] GC(7) Y:                Mark Start          Mark End        Relocate Start      Relocate End    
[2026-04-03T01:31:03.893+0600][23.374s][info][gc,heap     ] GC(7) Y:      Used:     2320M (59%)        2338M (60%)         208M (5%)           18M (0%)     
[2026-04-03T01:31:03.893+0600][23.374s][info][gc,heap     ] GC(7) Y:      Live:         -                 0M (0%)            0M (0%)            0M (0%)     
[2026-04-03T01:31:03.893+0600][23.374s][info][gc,heap     ] GC(7) Y:   Garbage:         -              2319M (59%)         189M (5%)            0M (0%)     
[2026-04-03T01:31:03.893+0600][23.374s][info][gc,heap     ] GC(7) Y: Allocated:         -                18M (0%)           18M (0%)           18M (0%)     
[2026-04-03T01:31:03.893+0600][23.374s][info][gc,heap     ] GC(7) Y: Reclaimed:         -                  -              2130M (54%)        2319M (59%)    
[2026-04-03T01:31:03.893+0600][23.374s][info][gc,heap     ] GC(7) Y:  Promoted:         -                  -                 0M (0%)            0M (0%)     
[2026-04-03T01:31:03.893+0600][23.374s][info][gc,heap     ] GC(7) Y: Compacted:         -                  -                  -                 0M (0%)     
[2026-04-03T01:31:03.893+0600][23.374s][info][gc,phases   ] GC(7) Y: Young Generation (Promote All) 2378M(61%)->80M(2%) 0.033s
[2026-04-03T01:31:03.893+0600][23.374s][info][gc,phases   ] GC(7) Y: Young Generation (Collect Roots)
[2026-04-03T01:31:03.893+0600][23.374s][info][gc,phases   ] GC(7) Y: Pause Mark Start (Major) 0.037ms
[2026-04-03T01:31:03.905+0600][23.386s][info][gc,phases   ] GC(7) Y: Concurrent Mark 11.443ms
[2026-04-03T01:31:03.905+0600][23.386s][info][gc,phases   ] GC(7) Y: Pause Mark End 0.027ms
[2026-04-03T01:31:03.905+0600][23.386s][info][gc,phases   ] GC(7) Y: Concurrent Mark Free 0.002ms
[2026-04-03T01:31:03.905+0600][23.386s][info][gc,phases   ] GC(7) Y: Concurrent Reset Relocation Set 0.020ms
[2026-04-03T01:31:03.909+0600][23.390s][info][gc,reloc    ] GC(7) Y: Using tenuring threshold: 1 (Computed)
[2026-04-03T01:31:03.909+0600][23.390s][info][gc,phases   ] GC(7) Y: Concurrent Select Relocation Set 3.868ms
[2026-04-03T01:31:03.909+0600][23.390s][info][gc,phases   ] GC(7) Y: Pause Relocate Start 0.020ms
[2026-04-03T01:31:03.910+0600][23.391s][info][gc,phases   ] GC(7) Y: Concurrent Relocate 0.691ms
[2026-04-03T01:31:03.910+0600][23.391s][info][gc,alloc    ] GC(7) Y:                         Mark Start        Mark End      Relocate Start    Relocate End   
[2026-04-03T01:31:03.910+0600][23.391s][info][gc,alloc    ] GC(7) Y: Allocation Stalls:          0                0                0                0         
[2026-04-03T01:31:03.910+0600][23.391s][info][gc,load     ] GC(7) Y: Load: 12.44 (104%) / 6.70 (56%) / 5.83 (49%)
[2026-04-03T01:31:03.910+0600][23.391s][info][gc,mmu      ] GC(7) Y: MMU: 2ms/94.8%, 5ms/97.9%, 10ms/99.0%, 20ms/99.2%, 50ms/99.6%, 100ms/99.8%
[2026-04-03T01:31:03.910+0600][23.391s][info][gc,marking  ] GC(7) Y: Mark: 2 stripe(s), 2 proactive flush(es), 1 terminate flush(es), 0 completion(s), 0 continuation(s) 
[2026-04-03T01:31:03.910+0600][23.391s][info][gc,marking  ] GC(7) Y: Mark Stack Usage: 32M
[2026-04-03T01:31:03.910+0600][23.391s][info][gc,nmethod  ] GC(7) Y: NMethods: 6994 registered, 1498 unregistered
[2026-04-03T01:31:03.910+0600][23.391s][info][gc,metaspace] GC(7) Y: Metaspace: 54M used, 54M committed, 1088M reserved
[2026-04-03T01:31:03.910+0600][23.391s][info][gc,reloc    ] GC(7) Y:                        Candidates     Selected     In-Place         Size        Empty    Relocated 
[2026-04-03T01:31:03.910+0600][23.391s][info][gc,reloc    ] GC(7) Y: Small Pages:                    9            8            0          18M           0M           0M 
[2026-04-03T01:31:03.910+0600][23.391s][info][gc,reloc    ] GC(7) Y: Medium Pages:                   0            0            0           0M           0M           0M 
[2026-04-03T01:31:03.910+0600][23.391s][info][gc,reloc    ] GC(7) Y: Large Pages:                    0            0            0           0M           0M           0M 
[2026-04-03T01:31:03.910+0600][23.391s][info][gc,reloc    ] GC(7) Y: Forwarding Usage: 0M
[2026-04-03T01:31:03.910+0600][23.391s][info][gc,reloc    ] GC(7) Y: Age Table:
[2026-04-03T01:31:03.910+0600][23.391s][info][gc,reloc    ] GC(7) Y:                    Live             Garbage             Small              Medium             Large        
[2026-04-03T01:31:03.910+0600][23.391s][info][gc,reloc    ] GC(7) Y: Eden               0M (0%)           17M (0%)           9 / 8              0 / 0              0 / 0        
[2026-04-03T01:31:03.910+0600][23.391s][info][gc,heap     ] GC(7) Y: Min Capacity: 8M(0%)
[2026-04-03T01:31:03.910+0600][23.391s][info][gc,heap     ] GC(7) Y: Max Capacity: 3922M(100%)
[2026-04-03T01:31:03.910+0600][23.391s][info][gc,heap     ] GC(7) Y: Soft Max Capacity: 3529M(90%)
[2026-04-03T01:31:03.910+0600][23.391s][info][gc,heap     ] GC(7) Y: Heap Statistics:
[2026-04-03T01:31:03.910+0600][23.391s][info][gc,heap     ] GC(7) Y:                Mark Start          Mark End        Relocate Start      Relocate End           High               Low         
[2026-04-03T01:31:03.910+0600][23.391s][info][gc,heap     ] GC(7) Y:  Capacity:     2534M (65%)        2534M (65%)        2534M (65%)        2534M (65%)        2534M (65%)        2534M (65%)    
[2026-04-03T01:31:03.910+0600][23.391s][info][gc,heap     ] GC(7) Y:      Free:     3842M (98%)        3840M (98%)        3840M (98%)        3852M (98%)        3852M (98%)        3834M (98%)    
[2026-04-03T01:31:03.910+0600][23.391s][info][gc,heap     ] GC(7) Y:      Used:       80M (2%)           82M (2%)           82M (2%)           70M (2%)           88M (2%)           70M (2%)     
[2026-04-03T01:31:03.910+0600][23.391s][info][gc,heap     ] GC(7) Y: Young Generation Statistics:
[2026-04-03T01:31:03.910+0600][23.391s][info][gc,heap     ] GC(7) Y:                Mark Start          Mark End        Relocate Start      Relocate End    
[2026-04-03T01:31:03.910+0600][23.391s][info][gc,heap     ] GC(7) Y:      Used:       18M (0%)           20M (1%)           20M (1%)            8M (0%)     
[2026-04-03T01:31:03.910+0600][23.391s][info][gc,heap     ] GC(7) Y:      Live:         -                 0M (0%)            0M (0%)            0M (0%)     
[2026-04-03T01:31:03.910+0600][23.391s][info][gc,heap     ] GC(7) Y:   Garbage:         -                17M (0%)           17M (0%)            0M (0%)     
[2026-04-03T01:31:03.910+0600][23.391s][info][gc,heap     ] GC(7) Y: Allocated:         -                 2M (0%)            2M (0%)            7M (0%)     
[2026-04-03T01:31:03.910+0600][23.391s][info][gc,heap     ] GC(7) Y: Reclaimed:         -                  -                 0M (0%)           17M (0%)     
[2026-04-03T01:31:03.910+0600][23.391s][info][gc,heap     ] GC(7) Y:  Promoted:         -                  -                 0M (0%)            0M (0%)     
[2026-04-03T01:31:03.910+0600][23.391s][info][gc,heap     ] GC(7) Y: Compacted:         -                  -                  -                 0M (0%)     
[2026-04-03T01:31:03.910+0600][23.391s][info][gc,phases   ] GC(7) Y: Young Generation (Collect Roots) 80M(2%)->70M(2%) 0.017s
[2026-04-03T01:31:03.910+0600][23.391s][info][gc,phases   ] GC(7) O: Old Generation
[2026-04-03T01:31:03.942+0600][23.423s][info][gc,phases   ] GC(7) O: Concurrent Mark 31.614ms
[2026-04-03T01:31:03.942+0600][23.423s][info][gc,phases   ] GC(7) O: Pause Mark End 0.034ms
[2026-04-03T01:31:03.943+0600][23.423s][info][gc,phases   ] GC(7) O: Concurrent Mark Free 0.002ms
[2026-04-03T01:31:03.967+0600][23.448s][info][gc,phases   ] GC(7) O: Concurrent Process Non-Strong 24.348ms
[2026-04-03T01:31:03.967+0600][23.448s][info][gc,phases   ] GC(7) O: Concurrent Reset Relocation Set 0.003ms
[2026-04-03T01:31:03.971+0600][23.452s][info][gc,phases   ] GC(7) O: Concurrent Select Relocation Set 4.219ms
[2026-04-03T01:31:03.971+0600][23.452s][info][gc,task     ] GC(7) O: Using 3 Workers for Old Generation
[2026-04-03T01:31:03.991+0600][23.472s][info][gc,task     ] GC(7) O: Using 3 Workers for Old Generation
[2026-04-03T01:31:03.991+0600][23.472s][info][gc,phases   ] GC(7) O: Concurrent Remap Roots 19.744ms
[2026-04-03T01:31:03.991+0600][23.472s][info][gc,phases   ] GC(7) O: Pause Relocate Start 0.131ms
[2026-04-03T01:31:03.996+0600][23.477s][info][gc,phases   ] GC(7) O: Concurrent Relocate 4.599ms
[2026-04-03T01:31:03.996+0600][23.477s][info][gc,alloc    ] GC(7) O:                         Mark Start        Mark End      Relocate Start    Relocate End   
[2026-04-03T01:31:03.996+0600][23.477s][info][gc,alloc    ] GC(7) O: Allocation Stalls:          0                0                0                0         
[2026-04-03T01:31:03.996+0600][23.477s][info][gc,load     ] GC(7) O: Load: 12.44 (104%) / 6.70 (56%) / 5.83 (49%)
[2026-04-03T01:31:03.996+0600][23.477s][info][gc,mmu      ] GC(7) O: MMU: 2ms/93.5%, 5ms/97.4%, 10ms/98.7%, 20ms/99.2%, 50ms/99.6%, 100ms/99.8%
[2026-04-03T01:31:03.996+0600][23.477s][info][gc,marking  ] GC(7) O: Mark: 2 stripe(s), 2 proactive flush(es), 1 terminate flush(es), 0 completion(s), 0 continuation(s) 
[2026-04-03T01:31:03.996+0600][23.477s][info][gc,marking  ] GC(7) O: Mark Stack Usage: 32M
[2026-04-03T01:31:03.996+0600][23.477s][info][gc,nmethod  ] GC(7) O: NMethods: 6637 registered, 1889 unregistered
[2026-04-03T01:31:03.997+0600][23.477s][info][gc,metaspace] GC(7) O: Metaspace: 53M used, 54M committed, 1088M reserved
[2026-04-03T01:31:03.997+0600][23.477s][info][gc,ref      ] GC(7) O:                       Encountered   Discovered     Enqueued 
[2026-04-03T01:31:03.997+0600][23.477s][info][gc,ref      ] GC(7) O: Soft References:             3819            0            0 
[2026-04-03T01:31:03.997+0600][23.477s][info][gc,ref      ] GC(7) O: Weak References:             7862         5597         2997 
[2026-04-03T01:31:03.997+0600][23.477s][info][gc,ref      ] GC(7) O: Final References:              73            0            0 
[2026-04-03T01:31:03.997+0600][23.477s][info][gc,ref      ] GC(7) O: Phantom References:           349          317            0 
[2026-04-03T01:31:03.997+0600][23.477s][info][gc,reloc    ] GC(7) O:                        Candidates     Selected     In-Place         Size        Empty    Relocated 
[2026-04-03T01:31:03.997+0600][23.477s][info][gc,reloc    ] GC(7) O: Small Pages:                   31           17            0          62M           0M           2M 
[2026-04-03T01:31:03.997+0600][23.477s][info][gc,reloc    ] GC(7) O: Medium Pages:                   0            0            0           0M           0M           0M 
[2026-04-03T01:31:03.997+0600][23.477s][info][gc,reloc    ] GC(7) O: Large Pages:                    0            0            0           0M           0M           0M 
[2026-04-03T01:31:03.997+0600][23.477s][info][gc,reloc    ] GC(7) O: Forwarding Usage: 1M
[2026-04-03T01:31:03.997+0600][23.477s][info][gc,heap     ] GC(7) O: Min Capacity: 8M(0%)
[2026-04-03T01:31:03.997+0600][23.477s][info][gc,heap     ] GC(7) O: Max Capacity: 3922M(100%)
[2026-04-03T01:31:03.997+0600][23.477s][info][gc,heap     ] GC(7) O: Soft Max Capacity: 3529M(90%)
[2026-04-03T01:31:03.997+0600][23.477s][info][gc,heap     ] GC(7) O: Heap Statistics:
[2026-04-03T01:31:03.997+0600][23.477s][info][gc,heap     ] GC(7) O:                Mark Start          Mark End        Relocate Start      Relocate End           High               Low         
[2026-04-03T01:31:03.997+0600][23.477s][info][gc,heap     ] GC(7) O:  Capacity:     2534M (65%)        2534M (65%)        2534M (65%)        2534M (65%)        2534M (65%)        2534M (65%)    
[2026-04-03T01:31:03.997+0600][23.477s][info][gc,heap     ] GC(7) O:      Free:     3842M (98%)        3852M (98%)        3852M (98%)        3884M (99%)        3884M (99%)        3834M (98%)    
[2026-04-03T01:31:03.997+0600][23.477s][info][gc,heap     ] GC(7) O:      Used:       80M (2%)           70M (2%)           70M (2%)           38M (1%)           88M (2%)           38M (1%)     
[2026-04-03T01:31:03.997+0600][23.478s][info][gc,heap     ] GC(7) O: Old Generation Statistics:
[2026-04-03T01:31:03.997+0600][23.478s][info][gc,heap     ] GC(7) O:                Mark Start          Mark End        Relocate Start      Relocate End    
[2026-04-03T01:31:03.997+0600][23.478s][info][gc,heap     ] GC(7) O:      Used:       62M (2%)           62M (2%)           62M (2%)           30M (1%)     
[2026-04-03T01:31:03.997+0600][23.478s][info][gc,heap     ] GC(7) O:      Live:         -                24M (1%)           24M (1%)           24M (1%)     
[2026-04-03T01:31:03.997+0600][23.478s][info][gc,heap     ] GC(7) O:   Garbage:         -                37M (1%)           37M (1%)            3M (0%)     
[2026-04-03T01:31:03.997+0600][23.478s][info][gc,heap     ] GC(7) O: Allocated:         -                 0M (0%)            0M (0%)            2M (0%)     
[2026-04-03T01:31:03.997+0600][23.478s][info][gc,heap     ] GC(7) O: Reclaimed:         -                  -                 0M (0%)           34M (1%)     
[2026-04-03T01:31:03.997+0600][23.478s][info][gc,heap     ] GC(7) O: Compacted:         -                  -                  -                 5M (0%)     
[2026-04-03T01:31:03.997+0600][23.478s][info][gc,phases   ] GC(7) O: Old Generation 70M(2%)->38M(1%) 0.086s
[2026-04-03T01:31:03.997+0600][23.478s][info][gc          ] GC(7) Major Collection (System.gc()) 2378M(61%)->38M(1%) 0.138s
[2026-04-03T01:31:09.587+0600][29.068s][info][gc          ] GC(8) Minor Collection (Allocation Rate)
[2026-04-03T01:31:09.587+0600][29.068s][info][gc,task     ] GC(8) Using 1 Workers for Young Generation
[2026-04-03T01:31:09.587+0600][29.068s][info][gc,phases   ] GC(8) y: Young Generation
[2026-04-03T01:31:09.587+0600][29.068s][info][gc,phases   ] GC(8) y: Pause Mark Start 0.030ms
[2026-04-03T01:31:09.631+0600][29.112s][info][gc,phases   ] GC(8) y: Concurrent Mark 43.944ms
[2026-04-03T01:31:09.632+0600][29.112s][info][gc,phases   ] GC(8) y: Pause Mark End 0.071ms
[2026-04-03T01:31:09.632+0600][29.113s][info][gc,phases   ] GC(8) y: Concurrent Mark Free 0.002ms
[2026-04-03T01:31:09.632+0600][29.113s][info][gc,phases   ] GC(8) y: Concurrent Reset Relocation Set 0.004ms
[2026-04-03T01:31:09.635+0600][29.116s][info][gc,reloc    ] GC(8) y: Using tenuring threshold: 2 (Computed)
[2026-04-03T01:31:09.637+0600][29.118s][info][gc,phases   ] GC(8) y: Concurrent Select Relocation Set 5.187ms
[2026-04-03T01:31:09.638+0600][29.118s][info][gc,phases   ] GC(8) y: Pause Relocate Start 0.023ms
[2026-04-03T01:31:09.644+0600][29.125s][info][gc,phases   ] GC(8) y: Concurrent Relocate 6.551ms
[2026-04-03T01:31:09.645+0600][29.125s][info][gc,alloc    ] GC(8) y:                         Mark Start        Mark End      Relocate Start    Relocate End   
[2026-04-03T01:31:09.645+0600][29.125s][info][gc,alloc    ] GC(8) y: Allocation Stalls:          0                0                0                0         
[2026-04-03T01:31:09.645+0600][29.125s][info][gc,load     ] GC(8) y: Load: 13.57 (113%) / 7.13 (59%) / 5.98 (50%)
[2026-04-03T01:31:09.645+0600][29.125s][info][gc,mmu      ] GC(8) y: MMU: 2ms/93.5%, 5ms/97.4%, 10ms/98.7%, 20ms/99.2%, 50ms/99.6%, 100ms/99.8%
[2026-04-03T01:31:09.645+0600][29.125s][info][gc,marking  ] GC(8) y: Mark: 1 stripe(s), 2 proactive flush(es), 1 terminate flush(es), 0 completion(s), 0 continuation(s) 
[2026-04-03T01:31:09.645+0600][29.125s][info][gc,marking  ] GC(8) y: Mark Stack Usage: 32M
[2026-04-03T01:31:09.645+0600][29.125s][info][gc,nmethod  ] GC(8) y: NMethods: 7131 registered, 1889 unregistered
[2026-04-03T01:31:09.645+0600][29.125s][info][gc,metaspace] GC(8) y: Metaspace: 53M used, 54M committed, 1088M reserved
[2026-04-03T01:31:09.645+0600][29.125s][info][gc,reloc    ] GC(8) y:                        Candidates     Selected     In-Place         Size        Empty    Relocated 
[2026-04-03T01:31:09.645+0600][29.125s][info][gc,reloc    ] GC(8) y: Small Pages:                 1620          143            0        3240M        2952M           1M 
[2026-04-03T01:31:09.645+0600][29.125s][info][gc,reloc    ] GC(8) y: Medium Pages:                   0            0            0           0M           0M           0M 
[2026-04-03T01:31:09.645+0600][29.125s][info][gc,reloc    ] GC(8) y: Large Pages:                    0            0            0           0M           0M           0M 
[2026-04-03T01:31:09.645+0600][29.126s][info][gc,reloc    ] GC(8) y: Forwarding Usage: 0M
[2026-04-03T01:31:09.645+0600][29.126s][info][gc,reloc    ] GC(8) y: Age Table:
[2026-04-03T01:31:09.645+0600][29.126s][info][gc,reloc    ] GC(8) y:                    Live             Garbage             Small              Medium             Large        
[2026-04-03T01:31:09.645+0600][29.126s][info][gc,reloc    ] GC(8) y: Eden               1M (0%)         3232M (82%)       1617 / 140            0 / 0              0 / 0        
[2026-04-03T01:31:09.645+0600][29.126s][info][gc,reloc    ] GC(8) y: Survivor 1         0M (0%)            5M (0%)           3 / 3              0 / 0              0 / 0        
[2026-04-03T01:31:09.645+0600][29.126s][info][gc,heap     ] GC(8) y: Min Capacity: 8M(0%)
[2026-04-03T01:31:09.645+0600][29.126s][info][gc,heap     ] GC(8) y: Max Capacity: 3922M(100%)
[2026-04-03T01:31:09.645+0600][29.126s][info][gc,heap     ] GC(8) y: Soft Max Capacity: 3529M(90%)
[2026-04-03T01:31:09.645+0600][29.126s][info][gc,heap     ] GC(8) y: Heap Statistics:
[2026-04-03T01:31:09.645+0600][29.126s][info][gc,heap     ] GC(8) y:                Mark Start          Mark End        Relocate Start      Relocate End           High               Low         
[2026-04-03T01:31:09.645+0600][29.126s][info][gc,heap     ] GC(8) y:  Capacity:     3270M (83%)        3304M (84%)        3304M (84%)        3304M (84%)        3304M (84%)        3270M (83%)    
[2026-04-03T01:31:09.645+0600][29.126s][info][gc,heap     ] GC(8) y:      Free:      652M (17%)         620M (16%)        3560M (91%)        3796M (97%)        3796M (97%)         618M (16%)    
[2026-04-03T01:31:09.645+0600][29.126s][info][gc,heap     ] GC(8) y:      Used:     3270M (83%)        3302M (84%)         362M (9%)          126M (3%)         3304M (84%)         126M (3%)     
[2026-04-03T01:31:09.645+0600][29.126s][info][gc,heap     ] GC(8) y: Young Generation Statistics:
[2026-04-03T01:31:09.645+0600][29.126s][info][gc,heap     ] GC(8) y:                Mark Start          Mark End        Relocate Start      Relocate End    
[2026-04-03T01:31:09.645+0600][29.126s][info][gc,heap     ] GC(8) y:      Used:     3240M (83%)        3272M (83%)         332M (8%)           96M (2%)     
[2026-04-03T01:31:09.645+0600][29.126s][info][gc,heap     ] GC(8) y:      Live:         -                 1M (0%)            1M (0%)            1M (0%)     
[2026-04-03T01:31:09.645+0600][29.126s][info][gc,heap     ] GC(8) y:   Garbage:         -              3238M (83%)         286M (7%)            0M (0%)     
[2026-04-03T01:31:09.645+0600][29.126s][info][gc,heap     ] GC(8) y: Allocated:         -                32M (1%)           44M (1%)           94M (2%)     
[2026-04-03T01:31:09.645+0600][29.126s][info][gc,heap     ] GC(8) y: Reclaimed:         -                  -              2952M (75%)        3238M (83%)    
[2026-04-03T01:31:09.645+0600][29.126s][info][gc,heap     ] GC(8) y:  Promoted:         -                  -                 0M (0%)            0M (0%)     
[2026-04-03T01:31:09.645+0600][29.126s][info][gc,heap     ] GC(8) y: Compacted:         -                  -                  -                 1M (0%)     
[2026-04-03T01:31:09.645+0600][29.126s][info][gc,phases   ] GC(8) y: Young Generation 3270M(83%)->126M(3%) 0.058s
[2026-04-03T01:31:09.645+0600][29.126s][info][gc          ] GC(8) Minor Collection (Allocation Rate) 3270M(83%)->126M(3%) 0.058s
[2026-04-03T01:31:12.541+0600][32.022s][info][gc          ] GC(9) Minor Collection (Allocation Rate)
[2026-04-03T01:31:12.541+0600][32.022s][info][gc,task     ] GC(9) Using 1 Workers for Young Generation
[2026-04-03T01:31:12.541+0600][32.022s][info][gc,phases   ] GC(9) y: Young Generation
[2026-04-03T01:31:12.542+0600][32.022s][info][gc,phases   ] GC(9) y: Pause Mark Start 0.034ms
[2026-04-03T01:31:12.582+0600][32.063s][info][gc,phases   ] GC(9) y: Concurrent Mark 39.615ms
[2026-04-03T01:31:12.582+0600][32.063s][info][gc,phases   ] GC(9) y: Pause Mark End 0.029ms
[2026-04-03T01:31:12.583+0600][32.064s][info][gc,phases   ] GC(9) y: Concurrent Mark Free 0.002ms
[2026-04-03T01:31:12.583+0600][32.064s][info][gc,phases   ] GC(9) y: Concurrent Reset Relocation Set 0.016ms
[2026-04-03T01:31:12.588+0600][32.068s][info][gc,reloc    ] GC(9) y: Using tenuring threshold: 3 (Computed)
[2026-04-03T01:31:12.588+0600][32.069s][info][gc,phases   ] GC(9) y: Concurrent Select Relocation Set 4.777ms
[2026-04-03T01:31:12.588+0600][32.069s][info][gc,phases   ] GC(9) y: Pause Relocate Start 0.024ms
[2026-04-03T01:31:12.594+0600][32.075s][info][gc,phases   ] GC(9) y: Concurrent Relocate 4.983ms
[2026-04-03T01:31:12.594+0600][32.075s][info][gc,alloc    ] GC(9) y:                         Mark Start        Mark End      Relocate Start    Relocate End   
[2026-04-03T01:31:12.594+0600][32.075s][info][gc,alloc    ] GC(9) y: Allocation Stalls:          0                0                0                0         
[2026-04-03T01:31:12.594+0600][32.075s][info][gc,load     ] GC(9) y: Load: 13.57 (113%) / 7.13 (59%) / 5.98 (50%)
[2026-04-03T01:31:12.594+0600][32.075s][info][gc,mmu      ] GC(9) y: MMU: 2ms/93.5%, 5ms/97.4%, 10ms/98.7%, 20ms/99.2%, 50ms/99.6%, 100ms/99.8%
[2026-04-03T01:31:12.594+0600][32.075s][info][gc,marking  ] GC(9) y: Mark: 1 stripe(s), 2 proactive flush(es), 1 terminate flush(es), 0 completion(s), 0 continuation(s) 
[2026-04-03T01:31:12.594+0600][32.075s][info][gc,marking  ] GC(9) y: Mark Stack Usage: 32M
[2026-04-03T01:31:12.594+0600][32.075s][info][gc,nmethod  ] GC(9) y: NMethods: 7151 registered, 1889 unregistered
[2026-04-03T01:31:12.594+0600][32.075s][info][gc,metaspace] GC(9) y: Metaspace: 53M used, 54M committed, 1088M reserved
[2026-04-03T01:31:12.594+0600][32.075s][info][gc,reloc    ] GC(9) y:                        Candidates     Selected     In-Place         Size        Empty    Relocated 
[2026-04-03T01:31:12.594+0600][32.075s][info][gc,reloc    ] GC(9) y: Small Pages:                 1614           99            0        3228M        3028M           1M 
[2026-04-03T01:31:12.594+0600][32.075s][info][gc,reloc    ] GC(9) y: Medium Pages:                   0            0            0           0M           0M           0M 
[2026-04-03T01:31:12.594+0600][32.075s][info][gc,reloc    ] GC(9) y: Large Pages:                    0            0            0           0M           0M           0M 
[2026-04-03T01:31:12.594+0600][32.075s][info][gc,reloc    ] GC(9) y: Forwarding Usage: 0M
[2026-04-03T01:31:12.594+0600][32.075s][info][gc,reloc    ] GC(9) y: Age Table:
[2026-04-03T01:31:12.594+0600][32.075s][info][gc,reloc    ] GC(9) y:                    Live             Garbage             Small              Medium             Large        
[2026-04-03T01:31:12.594+0600][32.075s][info][gc,reloc    ] GC(9) y: Eden               0M (0%)         3177M (81%)       1589 / 74             0 / 0              0 / 0        
[2026-04-03T01:31:12.594+0600][32.075s][info][gc,reloc    ] GC(9) y: Survivor 1         0M (0%)           25M (1%)          13 / 13             0 / 0              0 / 0        
[2026-04-03T01:31:12.594+0600][32.075s][info][gc,reloc    ] GC(9) y: Survivor 2         0M (0%)           23M (1%)          12 / 12             0 / 0              0 / 0        
[2026-04-03T01:31:12.594+0600][32.075s][info][gc,heap     ] GC(9) y: Min Capacity: 8M(0%)
[2026-04-03T01:31:12.594+0600][32.075s][info][gc,heap     ] GC(9) y: Max Capacity: 3922M(100%)
[2026-04-03T01:31:12.594+0600][32.075s][info][gc,heap     ] GC(9) y: Soft Max Capacity: 3529M(90%)
[2026-04-03T01:31:12.594+0600][32.075s][info][gc,heap     ] GC(9) y: Heap Statistics:
[2026-04-03T01:31:12.594+0600][32.075s][info][gc,heap     ] GC(9) y:                Mark Start          Mark End        Relocate Start      Relocate End           High               Low         
[2026-04-03T01:31:12.594+0600][32.075s][info][gc,heap     ] GC(9) y:  Capacity:     3304M (84%)        3310M (84%)        3310M (84%)        3310M (84%)        3310M (84%)        3304M (84%)    
[2026-04-03T01:31:12.594+0600][32.075s][info][gc,heap     ] GC(9) y:      Free:      664M (17%)         612M (16%)        3638M (93%)        3776M (96%)        3776M (96%)         612M (16%)    
[2026-04-03T01:31:12.594+0600][32.075s][info][gc,heap     ] GC(9) y:      Used:     3258M (83%)        3310M (84%)         284M (7%)          146M (4%)         3310M (84%)         146M (4%)     
[2026-04-03T01:31:12.595+0600][32.075s][info][gc,heap     ] GC(9) y: Young Generation Statistics:
[2026-04-03T01:31:12.595+0600][32.075s][info][gc,heap     ] GC(9) y:                Mark Start          Mark End        Relocate Start      Relocate End    
[2026-04-03T01:31:12.595+0600][32.075s][info][gc,heap     ] GC(9) y:      Used:     3228M (82%)        3280M (84%)         254M (6%)          116M (3%)     
[2026-04-03T01:31:12.595+0600][32.075s][info][gc,heap     ] GC(9) y:      Live:         -                 1M (0%)            1M (0%)            1M (0%)     
[2026-04-03T01:31:12.595+0600][32.075s][info][gc,heap     ] GC(9) y:   Garbage:         -              3226M (82%)         198M (5%)            0M (0%)     
[2026-04-03T01:31:12.595+0600][32.075s][info][gc,heap     ] GC(9) y: Allocated:         -                52M (1%)           54M (1%)          114M (3%)     
[2026-04-03T01:31:12.595+0600][32.075s][info][gc,heap     ] GC(9) y: Reclaimed:         -                  -              3028M (77%)        3226M (82%)    
[2026-04-03T01:31:12.595+0600][32.075s][info][gc,heap     ] GC(9) y:  Promoted:         -                  -                 0M (0%)            0M (0%)     
[2026-04-03T01:31:12.595+0600][32.075s][info][gc,heap     ] GC(9) y: Compacted:         -                  -                  -                 1M (0%)     
[2026-04-03T01:31:12.595+0600][32.075s][info][gc,phases   ] GC(9) y: Young Generation 3258M(83%)->146M(4%) 0.053s
[2026-04-03T01:31:12.595+0600][32.075s][info][gc          ] GC(9) Minor Collection (Allocation Rate) 3258M(83%)->146M(4%) 0.053s
[2026-04-03T01:31:13.749+0600][33.230s][info][gc          ] GC(10) Major Collection (System.gc())
[2026-04-03T01:31:13.749+0600][33.230s][info][gc,task     ] GC(10) Using 3 Workers for Young Generation
[2026-04-03T01:31:13.749+0600][33.230s][info][gc,task     ] GC(10) Using 3 Workers for Old Generation
[2026-04-03T01:31:13.749+0600][33.230s][info][gc,phases   ] GC(10) Y: Young Generation (Promote All)
[2026-04-03T01:31:13.750+0600][33.231s][info][gc,phases   ] GC(10) Y: Pause Mark Start 0.016ms
[2026-04-03T01:31:13.770+0600][33.251s][info][gc,phases   ] GC(10) Y: Concurrent Mark 17.316ms
[2026-04-03T01:31:13.770+0600][33.251s][info][gc,phases   ] GC(10) Y: Pause Mark End 0.022ms
[2026-04-03T01:31:13.770+0600][33.251s][info][gc,phases   ] GC(10) Y: Concurrent Mark Free 0.002ms
[2026-04-03T01:31:13.770+0600][33.251s][info][gc,phases   ] GC(10) Y: Concurrent Reset Relocation Set 0.011ms
[2026-04-03T01:31:13.773+0600][33.254s][info][gc,reloc    ] GC(10) Y: Using tenuring threshold: 0 (Promote All)
[2026-04-03T01:31:13.775+0600][33.256s][info][gc,phases   ] GC(10) Y: Concurrent Select Relocation Set 4.303ms
[2026-04-03T01:31:13.775+0600][33.256s][info][gc,phases   ] GC(10) Y: Pause Relocate Start 0.019ms
[2026-04-03T01:31:13.780+0600][33.260s][info][gc,phases   ] GC(10) Y: Concurrent Relocate 4.665ms
[2026-04-03T01:31:13.780+0600][33.261s][info][gc,alloc    ] GC(10) Y:                         Mark Start        Mark End      Relocate Start    Relocate End   
[2026-04-03T01:31:13.780+0600][33.261s][info][gc,alloc    ] GC(10) Y: Allocation Stalls:          0                0                0                0         
[2026-04-03T01:31:13.780+0600][33.261s][info][gc,load     ] GC(10) Y: Load: 13.57 (113%) / 7.13 (59%) / 5.98 (50%)
[2026-04-03T01:31:13.780+0600][33.261s][info][gc,mmu      ] GC(10) Y: MMU: 2ms/93.5%, 5ms/97.4%, 10ms/98.7%, 20ms/99.2%, 50ms/99.6%, 100ms/99.8%
[2026-04-03T01:31:13.780+0600][33.261s][info][gc,marking  ] GC(10) Y: Mark: 2 stripe(s), 3 proactive flush(es), 1 terminate flush(es), 0 completion(s), 0 continuation(s) 
[2026-04-03T01:31:13.780+0600][33.261s][info][gc,marking  ] GC(10) Y: Mark Stack Usage: 32M
[2026-04-03T01:31:13.780+0600][33.261s][info][gc,nmethod  ] GC(10) Y: NMethods: 7301 registered, 1889 unregistered
[2026-04-03T01:31:13.780+0600][33.261s][info][gc,metaspace] GC(10) Y: Metaspace: 53M used, 54M committed, 1088M reserved
[2026-04-03T01:31:13.780+0600][33.261s][info][gc,reloc    ] GC(10) Y:                        Candidates     Selected     In-Place         Size        Empty    Relocated 
[2026-04-03T01:31:13.780+0600][33.261s][info][gc,reloc    ] GC(10) Y: Small Pages:                  700          104            0        1400M        1190M           1M 
[2026-04-03T01:31:13.780+0600][33.261s][info][gc,reloc    ] GC(10) Y: Medium Pages:                   0            0            0           0M           0M           0M 
[2026-04-03T01:31:13.780+0600][33.261s][info][gc,reloc    ] GC(10) Y: Large Pages:                    0            0            0           0M           0M           0M 
[2026-04-03T01:31:13.780+0600][33.261s][info][gc,reloc    ] GC(10) Y: Forwarding Usage: 0M
[2026-04-03T01:31:13.780+0600][33.261s][info][gc,reloc    ] GC(10) Y: Age Table:
[2026-04-03T01:31:13.780+0600][33.261s][info][gc,reloc    ] GC(10) Y:                    Live             Garbage             Small              Medium             Large        
[2026-04-03T01:31:13.780+0600][33.261s][info][gc,reloc    ] GC(10) Y: Eden               0M (0%)         1341M (34%)        671 / 78             0 / 0              0 / 0        
[2026-04-03T01:31:13.780+0600][33.261s][info][gc,reloc    ] GC(10) Y: Survivor 1         0M (0%)            9M (0%)           5 / 4              0 / 0              0 / 0        
[2026-04-03T01:31:13.780+0600][33.261s][info][gc,reloc    ] GC(10) Y: Survivor 2         0M (0%)           25M (1%)          13 / 13             0 / 0              0 / 0        
[2026-04-03T01:31:13.780+0600][33.261s][info][gc,reloc    ] GC(10) Y: Survivor 3         0M (0%)           21M (1%)          11 / 9              0 / 0              0 / 0        
[2026-04-03T01:31:13.780+0600][33.261s][info][gc,heap     ] GC(10) Y: Min Capacity: 8M(0%)
[2026-04-03T01:31:13.780+0600][33.261s][info][gc,heap     ] GC(10) Y: Max Capacity: 3922M(100%)
[2026-04-03T01:31:13.780+0600][33.261s][info][gc,heap     ] GC(10) Y: Soft Max Capacity: 3529M(90%)
[2026-04-03T01:31:13.780+0600][33.261s][info][gc,heap     ] GC(10) Y: Heap Statistics:
[2026-04-03T01:31:13.780+0600][33.261s][info][gc,heap     ] GC(10) Y:                Mark Start          Mark End        Relocate Start      Relocate End           High               Low         
[2026-04-03T01:31:13.780+0600][33.261s][info][gc,heap     ] GC(10) Y:  Capacity:     3310M (84%)        3310M (84%)        3310M (84%)        3310M (84%)        3310M (84%)        3310M (84%)    
[2026-04-03T01:31:13.780+0600][33.261s][info][gc,heap     ] GC(10) Y:      Free:     2492M (64%)        2470M (63%)        3660M (93%)        3864M (99%)        3864M (99%)        2470M (63%)    
[2026-04-03T01:31:13.780+0600][33.261s][info][gc,heap     ] GC(10) Y:      Used:     1430M (36%)        1452M (37%)         262M (7%)           58M (1%)         1452M (37%)          58M (1%)     
[2026-04-03T01:31:13.780+0600][33.261s][info][gc,heap     ] GC(10) Y: Young Generation Statistics:
[2026-04-03T01:31:13.780+0600][33.261s][info][gc,heap     ] GC(10) Y:                Mark Start          Mark End        Relocate Start      Relocate End    
[2026-04-03T01:31:13.780+0600][33.261s][info][gc,heap     ] GC(10) Y:      Used:     1400M (36%)        1422M (36%)         232M (6%)           22M (1%)     
[2026-04-03T01:31:13.780+0600][33.261s][info][gc,heap     ] GC(10) Y:      Live:         -                 1M (0%)            1M (0%)            0M (0%)     
[2026-04-03T01:31:13.780+0600][33.261s][info][gc,heap     ] GC(10) Y:   Garbage:         -              1398M (36%)         208M (5%)            0M (0%)     
[2026-04-03T01:31:13.780+0600][33.261s][info][gc,heap     ] GC(10) Y: Allocated:         -                22M (1%)           22M (1%)           22M (1%)     
[2026-04-03T01:31:13.780+0600][33.261s][info][gc,heap     ] GC(10) Y: Reclaimed:         -                  -              1190M (30%)        1398M (36%)    
[2026-04-03T01:31:13.780+0600][33.261s][info][gc,heap     ] GC(10) Y:  Promoted:         -                  -                 0M (0%)            1M (0%)     
[2026-04-03T01:31:13.780+0600][33.261s][info][gc,heap     ] GC(10) Y: Compacted:         -                  -                  -                 0M (0%)     
[2026-04-03T01:31:13.780+0600][33.261s][info][gc,phases   ] GC(10) Y: Young Generation (Promote All) 1430M(36%)->58M(1%) 0.030s
[2026-04-03T01:31:13.780+0600][33.261s][info][gc,phases   ] GC(10) Y: Young Generation (Collect Roots)
[2026-04-03T01:31:13.780+0600][33.261s][info][gc,phases   ] GC(10) Y: Pause Mark Start (Major) 0.024ms
[2026-04-03T01:31:13.790+0600][33.270s][info][gc,phases   ] GC(10) Y: Concurrent Mark 9.220ms
[2026-04-03T01:31:13.790+0600][33.271s][info][gc,phases   ] GC(10) Y: Pause Mark End 0.021ms
[2026-04-03T01:31:13.790+0600][33.271s][info][gc,phases   ] GC(10) Y: Concurrent Mark Free 0.002ms
[2026-04-03T01:31:13.790+0600][33.271s][info][gc,phases   ] GC(10) Y: Concurrent Reset Relocation Set 0.015ms
[2026-04-03T01:31:13.792+0600][33.272s][info][gc,reloc    ] GC(10) Y: Using tenuring threshold: 1 (Computed)
[2026-04-03T01:31:13.792+0600][33.273s][info][gc,phases   ] GC(10) Y: Concurrent Select Relocation Set 2.272ms
[2026-04-03T01:31:13.793+0600][33.273s][info][gc,phases   ] GC(10) Y: Pause Relocate Start 0.013ms
[2026-04-03T01:31:13.793+0600][33.274s][info][gc,phases   ] GC(10) Y: Concurrent Relocate 0.477ms
[2026-04-03T01:31:13.793+0600][33.274s][info][gc,alloc    ] GC(10) Y:                         Mark Start        Mark End      Relocate Start    Relocate End   
[2026-04-03T01:31:13.793+0600][33.274s][info][gc,alloc    ] GC(10) Y: Allocation Stalls:          0                0                0                0         
[2026-04-03T01:31:13.793+0600][33.274s][info][gc,load     ] GC(10) Y: Load: 13.57 (113%) / 7.13 (59%) / 5.98 (50%)
[2026-04-03T01:31:13.793+0600][33.274s][info][gc,mmu      ] GC(10) Y: MMU: 2ms/93.5%, 5ms/97.4%, 10ms/98.7%, 20ms/99.2%, 50ms/99.6%, 100ms/99.8%
[2026-04-03T01:31:13.793+0600][33.274s][info][gc,marking  ] GC(10) Y: Mark: 2 stripe(s), 2 proactive flush(es), 1 terminate flush(es), 0 completion(s), 0 continuation(s) 
[2026-04-03T01:31:13.793+0600][33.274s][info][gc,marking  ] GC(10) Y: Mark Stack Usage: 32M
[2026-04-03T01:31:13.793+0600][33.274s][info][gc,nmethod  ] GC(10) Y: NMethods: 7309 registered, 1889 unregistered
[2026-04-03T01:31:13.793+0600][33.274s][info][gc,metaspace] GC(10) Y: Metaspace: 53M used, 54M committed, 1088M reserved
[2026-04-03T01:31:13.793+0600][33.274s][info][gc,reloc    ] GC(10) Y:                        Candidates     Selected     In-Place         Size        Empty    Relocated 
[2026-04-03T01:31:13.793+0600][33.274s][info][gc,reloc    ] GC(10) Y: Small Pages:                   11           10            0          22M           0M           0M 
[2026-04-03T01:31:13.793+0600][33.274s][info][gc,reloc    ] GC(10) Y: Medium Pages:                   0            0            0           0M           0M           0M 
[2026-04-03T01:31:13.793+0600][33.274s][info][gc,reloc    ] GC(10) Y: Large Pages:                    0            0            0           0M           0M           0M 
[2026-04-03T01:31:13.793+0600][33.274s][info][gc,reloc    ] GC(10) Y: Forwarding Usage: 0M
[2026-04-03T01:31:13.793+0600][33.274s][info][gc,reloc    ] GC(10) Y: Age Table:
[2026-04-03T01:31:13.793+0600][33.274s][info][gc,reloc    ] GC(10) Y:                    Live             Garbage             Small              Medium             Large        
[2026-04-03T01:31:13.793+0600][33.274s][info][gc,reloc    ] GC(10) Y: Eden               0M (0%)           21M (1%)          11 / 10             0 / 0              0 / 0        
[2026-04-03T01:31:13.793+0600][33.274s][info][gc,heap     ] GC(10) Y: Min Capacity: 8M(0%)
[2026-04-03T01:31:13.793+0600][33.274s][info][gc,heap     ] GC(10) Y: Max Capacity: 3922M(100%)
[2026-04-03T01:31:13.793+0600][33.274s][info][gc,heap     ] GC(10) Y: Soft Max Capacity: 3529M(90%)
[2026-04-03T01:31:13.793+0600][33.274s][info][gc,heap     ] GC(10) Y: Heap Statistics:
[2026-04-03T01:31:13.793+0600][33.274s][info][gc,heap     ] GC(10) Y:                Mark Start          Mark End        Relocate Start      Relocate End           High               Low         
[2026-04-03T01:31:13.793+0600][33.274s][info][gc,heap     ] GC(10) Y:  Capacity:     3310M (84%)        3310M (84%)        3310M (84%)        3310M (84%)        3310M (84%)        3310M (84%)    
[2026-04-03T01:31:13.793+0600][33.274s][info][gc,heap     ] GC(10) Y:      Free:     3864M (99%)        3864M (99%)        3864M (99%)        3880M (99%)        3880M (99%)        3860M (98%)    
[2026-04-03T01:31:13.793+0600][33.274s][info][gc,heap     ] GC(10) Y:      Used:       58M (1%)           58M (1%)           58M (1%)           42M (1%)           62M (2%)           42M (1%)     
[2026-04-03T01:31:13.793+0600][33.274s][info][gc,heap     ] GC(10) Y: Young Generation Statistics:
[2026-04-03T01:31:13.793+0600][33.274s][info][gc,heap     ] GC(10) Y:                Mark Start          Mark End        Relocate Start      Relocate End    
[2026-04-03T01:31:13.793+0600][33.274s][info][gc,heap     ] GC(10) Y:      Used:       22M (1%)           22M (1%)           22M (1%)            6M (0%)     
[2026-04-03T01:31:13.793+0600][33.274s][info][gc,heap     ] GC(10) Y:      Live:         -                 0M (0%)            0M (0%)            0M (0%)     
[2026-04-03T01:31:13.793+0600][33.274s][info][gc,heap     ] GC(10) Y:   Garbage:         -                21M (1%)           21M (1%)            0M (0%)     
[2026-04-03T01:31:13.793+0600][33.274s][info][gc,heap     ] GC(10) Y: Allocated:         -                 0M (0%)            0M (0%)            5M (0%)     
[2026-04-03T01:31:13.793+0600][33.274s][info][gc,heap     ] GC(10) Y: Reclaimed:         -                  -                 0M (0%)           21M (1%)     
[2026-04-03T01:31:13.793+0600][33.274s][info][gc,heap     ] GC(10) Y:  Promoted:         -                  -                 0M (0%)            0M (0%)     
[2026-04-03T01:31:13.793+0600][33.274s][info][gc,heap     ] GC(10) Y: Compacted:         -                  -                  -                 0M (0%)     
[2026-04-03T01:31:13.793+0600][33.274s][info][gc,phases   ] GC(10) Y: Young Generation (Collect Roots) 58M(1%)->42M(1%) 0.013s
[2026-04-03T01:31:13.793+0600][33.274s][info][gc,phases   ] GC(10) O: Old Generation
[2026-04-03T01:31:13.820+0600][33.301s][info][gc,phases   ] GC(10) O: Concurrent Mark 26.541ms
[2026-04-03T01:31:13.820+0600][33.301s][info][gc,phases   ] GC(10) O: Pause Mark End 0.021ms
[2026-04-03T01:31:13.820+0600][33.301s][info][gc,phases   ] GC(10) O: Concurrent Mark Free 0.002ms
[2026-04-03T01:31:13.830+0600][33.311s][info][gc,phases   ] GC(10) O: Concurrent Process Non-Strong 9.822ms
[2026-04-03T01:31:13.830+0600][33.311s][info][gc,phases   ] GC(10) O: Concurrent Reset Relocation Set 0.007ms
[2026-04-03T01:31:13.832+0600][33.313s][info][gc,phases   ] GC(10) O: Concurrent Select Relocation Set 1.712ms
[2026-04-03T01:31:13.832+0600][33.313s][info][gc,task     ] GC(10) O: Using 3 Workers for Old Generation
[2026-04-03T01:31:13.849+0600][33.330s][info][gc,task     ] GC(10) O: Using 3 Workers for Old Generation
[2026-04-03T01:31:13.849+0600][33.330s][info][gc,phases   ] GC(10) O: Concurrent Remap Roots 17.126ms
[2026-04-03T01:31:13.849+0600][33.330s][info][gc,phases   ] GC(10) O: Pause Relocate Start 0.021ms
[2026-04-03T01:31:13.852+0600][33.333s][info][gc,phases   ] GC(10) O: Concurrent Relocate 2.703ms
[2026-04-03T01:31:13.852+0600][33.333s][info][gc,alloc    ] GC(10) O:                         Mark Start        Mark End      Relocate Start    Relocate End   
[2026-04-03T01:31:13.852+0600][33.333s][info][gc,alloc    ] GC(10) O: Allocation Stalls:          0                0                0                0         
[2026-04-03T01:31:13.852+0600][33.333s][info][gc,load     ] GC(10) O: Load: 13.57 (113%) / 7.13 (59%) / 5.98 (50%)
[2026-04-03T01:31:13.852+0600][33.333s][info][gc,mmu      ] GC(10) O: MMU: 2ms/93.5%, 5ms/97.4%, 10ms/98.7%, 20ms/99.2%, 50ms/99.6%, 100ms/99.8%
[2026-04-03T01:31:13.852+0600][33.333s][info][gc,marking  ] GC(10) O: Mark: 2 stripe(s), 2 proactive flush(es), 1 terminate flush(es), 0 completion(s), 0 continuation(s) 
[2026-04-03T01:31:13.852+0600][33.333s][info][gc,marking  ] GC(10) O: Mark Stack Usage: 32M
[2026-04-03T01:31:13.852+0600][33.333s][info][gc,nmethod  ] GC(10) O: NMethods: 6814 registered, 2393 unregistered
[2026-04-03T01:31:13.852+0600][33.333s][info][gc,metaspace] GC(10) O: Metaspace: 53M used, 54M committed, 1088M reserved
[2026-04-03T01:31:13.852+0600][33.333s][info][gc,ref      ] GC(10) O:                       Encountered   Discovered     Enqueued 
[2026-04-03T01:31:13.852+0600][33.333s][info][gc,ref      ] GC(10) O: Soft References:             3826            0            0 
[2026-04-03T01:31:13.852+0600][33.333s][info][gc,ref      ] GC(10) O: Weak References:             5173         2232          143 
[2026-04-03T01:31:13.852+0600][33.333s][info][gc,ref      ] GC(10) O: Final References:              73            0            0 
[2026-04-03T01:31:13.852+0600][33.333s][info][gc,ref      ] GC(10) O: Phantom References:           349          320            0 
[2026-04-03T01:31:13.852+0600][33.333s][info][gc,reloc    ] GC(10) O:                        Candidates     Selected     In-Place         Size        Empty    Relocated 
[2026-04-03T01:31:13.852+0600][33.333s][info][gc,reloc    ] GC(10) O: Small Pages:                   18            4            0          36M           0M           2M 
[2026-04-03T01:31:13.852+0600][33.333s][info][gc,reloc    ] GC(10) O: Medium Pages:                   0            0            0           0M           0M           0M 
[2026-04-03T01:31:13.852+0600][33.333s][info][gc,reloc    ] GC(10) O: Large Pages:                    0            0            0           0M           0M           0M 
[2026-04-03T01:31:13.852+0600][33.333s][info][gc,reloc    ] GC(10) O: Forwarding Usage: 0M
[2026-04-03T01:31:13.852+0600][33.333s][info][gc,heap     ] GC(10) O: Min Capacity: 8M(0%)
[2026-04-03T01:31:13.852+0600][33.333s][info][gc,heap     ] GC(10) O: Max Capacity: 3922M(100%)
[2026-04-03T01:31:13.852+0600][33.333s][info][gc,heap     ] GC(10) O: Soft Max Capacity: 3529M(90%)
[2026-04-03T01:31:13.852+0600][33.333s][info][gc,heap     ] GC(10) O: Heap Statistics:
[2026-04-03T01:31:13.852+0600][33.333s][info][gc,heap     ] GC(10) O:                Mark Start          Mark End        Relocate Start      Relocate End           High               Low         
[2026-04-03T01:31:13.852+0600][33.333s][info][gc,heap     ] GC(10) O:  Capacity:     3310M (84%)        3310M (84%)        3310M (84%)        3310M (84%)        3310M (84%)        3310M (84%)    
[2026-04-03T01:31:13.852+0600][33.333s][info][gc,heap     ] GC(10) O:      Free:     3864M (99%)        3878M (99%)        3878M (99%)        3884M (99%)        3884M (99%)        3860M (98%)    
[2026-04-03T01:31:13.852+0600][33.333s][info][gc,heap     ] GC(10) O:      Used:       58M (1%)           44M (1%)           44M (1%)           38M (1%)           62M (2%)           38M (1%)     
[2026-04-03T01:31:13.852+0600][33.333s][info][gc,heap     ] GC(10) O: Old Generation Statistics:
[2026-04-03T01:31:13.852+0600][33.333s][info][gc,heap     ] GC(10) O:                Mark Start          Mark End        Relocate Start      Relocate End    
[2026-04-03T01:31:13.853+0600][33.333s][info][gc,heap     ] GC(10) O:      Used:       36M (1%)           36M (1%)           36M (1%)           30M (1%)     
[2026-04-03T01:31:13.853+0600][33.333s][info][gc,heap     ] GC(10) O:      Live:         -                23M (1%)           23M (1%)           23M (1%)     
[2026-04-03T01:31:13.853+0600][33.333s][info][gc,heap     ] GC(10) O:   Garbage:         -                12M (0%)           12M (0%)            3M (0%)     
[2026-04-03T01:31:13.853+0600][33.333s][info][gc,heap     ] GC(10) O: Allocated:         -                 0M (0%)            0M (0%)            2M (0%)     
[2026-04-03T01:31:13.853+0600][33.333s][info][gc,heap     ] GC(10) O: Reclaimed:         -                  -                 0M (0%)            8M (0%)     
[2026-04-03T01:31:13.853+0600][33.333s][info][gc,heap     ] GC(10) O: Compacted:         -                  -                  -                 3M (0%)     
[2026-04-03T01:31:13.853+0600][33.333s][info][gc,phases   ] GC(10) O: Old Generation 42M(1%)->38M(1%) 0.059s
[2026-04-03T01:31:13.853+0600][33.333s][info][gc          ] GC(10) Major Collection (System.gc()) 1430M(36%)->38M(1%) 0.103s
[2026-04-03T01:31:16.922+0600][36.402s][info][gc          ] GC(11) Minor Collection (High Usage)
[2026-04-03T01:31:16.922+0600][36.403s][info][gc,task     ] GC(11) Using 1 Workers for Young Generation
[2026-04-03T01:31:16.922+0600][36.403s][info][gc,phases   ] GC(11) y: Young Generation
[2026-04-03T01:31:16.922+0600][36.403s][info][gc,phases   ] GC(11) y: Pause Mark Start 0.033ms
[2026-04-03T01:31:16.953+0600][36.433s][info][gc,phases   ] GC(11) y: Concurrent Mark 30.343ms
[2026-04-03T01:31:16.953+0600][36.434s][info][gc,phases   ] GC(11) y: Pause Mark End 0.030ms
[2026-04-03T01:31:16.953+0600][36.434s][info][gc,phases   ] GC(11) y: Concurrent Mark Free 0.002ms
[2026-04-03T01:31:16.953+0600][36.434s][info][gc,phases   ] GC(11) y: Concurrent Reset Relocation Set 0.005ms
[2026-04-03T01:31:16.957+0600][36.437s][info][gc,reloc    ] GC(11) y: Using tenuring threshold: 2 (Computed)
[2026-04-03T01:31:16.957+0600][36.438s][info][gc,phases   ] GC(11) y: Concurrent Select Relocation Set 3.634ms
[2026-04-03T01:31:16.957+0600][36.438s][info][gc,phases   ] GC(11) y: Pause Relocate Start 0.024ms
[2026-04-03T01:31:16.963+0600][36.444s][info][gc,phases   ] GC(11) y: Concurrent Relocate 5.699ms
[2026-04-03T01:31:16.963+0600][36.444s][info][gc,alloc    ] GC(11) y:                         Mark Start        Mark End      Relocate Start    Relocate End   
[2026-04-03T01:31:16.963+0600][36.444s][info][gc,alloc    ] GC(11) y: Allocation Stalls:          0                0                0                0         
[2026-04-03T01:31:16.963+0600][36.444s][info][gc,load     ] GC(11) y: Load: 13.93 (116%) / 7.31 (61%) / 6.05 (50%)
[2026-04-03T01:31:16.963+0600][36.444s][info][gc,mmu      ] GC(11) y: MMU: 2ms/93.5%, 5ms/97.4%, 10ms/98.7%, 20ms/99.2%, 50ms/99.6%, 100ms/99.8%
[2026-04-03T01:31:16.963+0600][36.444s][info][gc,marking  ] GC(11) y: Mark: 1 stripe(s), 2 proactive flush(es), 1 terminate flush(es), 0 completion(s), 0 continuation(s) 
[2026-04-03T01:31:16.963+0600][36.444s][info][gc,marking  ] GC(11) y: Mark Stack Usage: 32M
[2026-04-03T01:31:16.963+0600][36.444s][info][gc,nmethod  ] GC(11) y: NMethods: 6947 registered, 2393 unregistered
[2026-04-03T01:31:16.963+0600][36.444s][info][gc,metaspace] GC(11) y: Metaspace: 53M used, 54M committed, 1088M reserved
[2026-04-03T01:31:16.963+0600][36.444s][info][gc,reloc    ] GC(11) y:                        Candidates     Selected     In-Place         Size        Empty    Relocated 
[2026-04-03T01:31:16.963+0600][36.444s][info][gc,reloc    ] GC(11) y: Small Pages:                 1643          105            0        3286M        3074M           1M 
[2026-04-03T01:31:16.963+0600][36.444s][info][gc,reloc    ] GC(11) y: Medium Pages:                   0            0            0           0M           0M           0M 
[2026-04-03T01:31:16.964+0600][36.444s][info][gc,reloc    ] GC(11) y: Large Pages:                    0            0            0           0M           0M           0M 
[2026-04-03T01:31:16.964+0600][36.444s][info][gc,reloc    ] GC(11) y: Forwarding Usage: 0M
[2026-04-03T01:31:16.964+0600][36.444s][info][gc,reloc    ] GC(11) y: Age Table:
[2026-04-03T01:31:16.964+0600][36.444s][info][gc,reloc    ] GC(11) y:                    Live             Garbage             Small              Medium             Large        
[2026-04-03T01:31:16.964+0600][36.444s][info][gc,reloc    ] GC(11) y: Eden               1M (0%)         3278M (84%)       1640 / 102            0 / 0              0 / 0        
[2026-04-03T01:31:16.964+0600][36.444s][info][gc,reloc    ] GC(11) y: Survivor 1         0M (0%)            5M (0%)           3 / 3              0 / 0              0 / 0        
[2026-04-03T01:31:16.964+0600][36.444s][info][gc,heap     ] GC(11) y: Min Capacity: 8M(0%)
[2026-04-03T01:31:16.964+0600][36.444s][info][gc,heap     ] GC(11) y: Max Capacity: 3922M(100%)
[2026-04-03T01:31:16.964+0600][36.444s][info][gc,heap     ] GC(11) y: Soft Max Capacity: 3529M(90%)
[2026-04-03T01:31:16.964+0600][36.444s][info][gc,heap     ] GC(11) y: Heap Statistics:
[2026-04-03T01:31:16.964+0600][36.444s][info][gc,heap     ] GC(11) y:                Mark Start          Mark End        Relocate Start      Relocate End           High               Low         
[2026-04-03T01:31:16.964+0600][36.444s][info][gc,heap     ] GC(11) y:  Capacity:     3316M (85%)        3352M (85%)        3352M (85%)        3352M (85%)        3352M (85%)        3316M (85%)    
[2026-04-03T01:31:16.964+0600][36.444s][info][gc,heap     ] GC(11) y:      Free:      606M (15%)         576M (15%)        3650M (93%)        3810M (97%)        3810M (97%)         570M (15%)    
[2026-04-03T01:31:16.964+0600][36.444s][info][gc,heap     ] GC(11) y:      Used:     3316M (85%)        3346M (85%)         272M (7%)          112M (3%)         3352M (85%)         112M (3%)     
[2026-04-03T01:31:16.964+0600][36.444s][info][gc,heap     ] GC(11) y: Young Generation Statistics:
[2026-04-03T01:31:16.964+0600][36.444s][info][gc,heap     ] GC(11) y:                Mark Start          Mark End        Relocate Start      Relocate End    
[2026-04-03T01:31:16.964+0600][36.444s][info][gc,heap     ] GC(11) y:      Used:     3286M (84%)        3316M (85%)         242M (6%)           82M (2%)     
[2026-04-03T01:31:16.964+0600][36.444s][info][gc,heap     ] GC(11) y:      Live:         -                 1M (0%)            1M (0%)            1M (0%)     
[2026-04-03T01:31:16.964+0600][36.445s][info][gc,heap     ] GC(11) y:   Garbage:         -              3284M (84%)         210M (5%)            0M (0%)     
[2026-04-03T01:31:16.964+0600][36.445s][info][gc,heap     ] GC(11) y: Allocated:         -                30M (1%)           30M (1%)           80M (2%)     
[2026-04-03T01:31:16.964+0600][36.445s][info][gc,heap     ] GC(11) y: Reclaimed:         -                  -              3074M (78%)        3284M (84%)    
[2026-04-03T01:31:16.964+0600][36.445s][info][gc,heap     ] GC(11) y:  Promoted:         -                  -                 0M (0%)            0M (0%)     
[2026-04-03T01:31:16.964+0600][36.445s][info][gc,heap     ] GC(11) y: Compacted:         -                  -                  -                 1M (0%)     
[2026-04-03T01:31:16.964+0600][36.445s][info][gc,phases   ] GC(11) y: Young Generation 3316M(85%)->112M(3%) 0.041s
[2026-04-03T01:31:16.964+0600][36.445s][info][gc          ] GC(11) Minor Collection (High Usage) 3316M(85%)->112M(3%) 0.042s
[2026-04-03T01:31:19.986+0600][39.467s][info][gc          ] GC(12) Minor Collection (High Usage)
[2026-04-03T01:31:19.987+0600][39.468s][info][gc,task     ] GC(12) Using 1 Workers for Young Generation
[2026-04-03T01:31:19.987+0600][39.468s][info][gc,phases   ] GC(12) y: Young Generation
[2026-04-03T01:31:19.987+0600][39.468s][info][gc,phases   ] GC(12) y: Pause Mark Start 0.029ms
[2026-04-03T01:31:20.024+0600][39.505s][info][gc,phases   ] GC(12) y: Concurrent Mark 36.242ms
[2026-04-03T01:31:20.025+0600][39.505s][info][gc,phases   ] GC(12) y: Pause Mark End 0.028ms
[2026-04-03T01:31:20.025+0600][39.506s][info][gc,phases   ] GC(12) y: Concurrent Mark Free 0.001ms
[2026-04-03T01:31:20.025+0600][39.506s][info][gc,phases   ] GC(12) y: Concurrent Reset Relocation Set 0.012ms
[2026-04-03T01:31:20.029+0600][39.509s][info][gc,reloc    ] GC(12) y: Using tenuring threshold: 3 (Computed)
[2026-04-03T01:31:20.029+0600][39.510s][info][gc,phases   ] GC(12) y: Concurrent Select Relocation Set 4.128ms
[2026-04-03T01:31:20.029+0600][39.510s][info][gc,phases   ] GC(12) y: Pause Relocate Start 0.021ms
[2026-04-03T01:31:20.035+0600][39.515s][info][gc,phases   ] GC(12) y: Concurrent Relocate 4.997ms
[2026-04-03T01:31:20.035+0600][39.515s][info][gc,alloc    ] GC(12) y:                         Mark Start        Mark End      Relocate Start    Relocate End   
[2026-04-03T01:31:20.035+0600][39.516s][info][gc,alloc    ] GC(12) y: Allocation Stalls:          0                0                0                0         
[2026-04-03T01:31:20.035+0600][39.516s][info][gc,load     ] GC(12) y: Load: 14.25 (119%) / 7.49 (62%) / 6.11 (51%)
[2026-04-03T01:31:20.035+0600][39.516s][info][gc,mmu      ] GC(12) y: MMU: 2ms/93.5%, 5ms/97.4%, 10ms/98.7%, 20ms/99.2%, 50ms/99.6%, 100ms/99.8%
[2026-04-03T01:31:20.035+0600][39.516s][info][gc,marking  ] GC(12) y: Mark: 1 stripe(s), 2 proactive flush(es), 1 terminate flush(es), 0 completion(s), 0 continuation(s) 
[2026-04-03T01:31:20.035+0600][39.516s][info][gc,marking  ] GC(12) y: Mark Stack Usage: 32M
[2026-04-03T01:31:20.035+0600][39.516s][info][gc,nmethod  ] GC(12) y: NMethods: 6980 registered, 2393 unregistered
[2026-04-03T01:31:20.035+0600][39.516s][info][gc,metaspace] GC(12) y: Metaspace: 54M used, 54M committed, 1088M reserved
[2026-04-03T01:31:20.035+0600][39.516s][info][gc,reloc    ] GC(12) y:                        Candidates     Selected     In-Place         Size        Empty    Relocated 
[2026-04-03T01:31:20.035+0600][39.516s][info][gc,reloc    ] GC(12) y: Small Pages:                 1650          119            0        3300M        3060M           1M 
[2026-04-03T01:31:20.035+0600][39.516s][info][gc,reloc    ] GC(12) y: Medium Pages:                   0            0            0           0M           0M           0M 
[2026-04-03T01:31:20.035+0600][39.516s][info][gc,reloc    ] GC(12) y: Large Pages:                    0            0            0           0M           0M           0M 
[2026-04-03T01:31:20.035+0600][39.516s][info][gc,reloc    ] GC(12) y: Forwarding Usage: 0M
[2026-04-03T01:31:20.035+0600][39.516s][info][gc,reloc    ] GC(12) y: Age Table:
[2026-04-03T01:31:20.035+0600][39.516s][info][gc,reloc    ] GC(12) y:                    Live             Garbage             Small              Medium             Large        
[2026-04-03T01:31:20.035+0600][39.516s][info][gc,reloc    ] GC(12) y: Eden               0M (0%)         3247M (83%)       1624 / 93             0 / 0              0 / 0        
[2026-04-03T01:31:20.035+0600][39.516s][info][gc,reloc    ] GC(12) y: Survivor 1         0M (0%)           25M (1%)          13 / 13             0 / 0              0 / 0        
[2026-04-03T01:31:20.035+0600][39.516s][info][gc,reloc    ] GC(12) y: Survivor 2         0M (0%)           25M (1%)          13 / 13             0 / 0              0 / 0        
[2026-04-03T01:31:20.035+0600][39.516s][info][gc,heap     ] GC(12) y: Min Capacity: 8M(0%)
[2026-04-03T01:31:20.035+0600][39.516s][info][gc,heap     ] GC(12) y: Max Capacity: 3922M(100%)
[2026-04-03T01:31:20.035+0600][39.516s][info][gc,heap     ] GC(12) y: Soft Max Capacity: 3529M(90%)
[2026-04-03T01:31:20.035+0600][39.516s][info][gc,heap     ] GC(12) y: Heap Statistics:
[2026-04-03T01:31:20.035+0600][39.516s][info][gc,heap     ] GC(12) y:                Mark Start          Mark End        Relocate Start      Relocate End           High               Low         
[2026-04-03T01:31:20.035+0600][39.516s][info][gc,heap     ] GC(12) y:  Capacity:     3352M (85%)        3376M (86%)        3376M (86%)        3376M (86%)        3376M (86%)        3352M (85%)    
[2026-04-03T01:31:20.035+0600][39.516s][info][gc,heap     ] GC(12) y:      Free:      592M (15%)         546M (14%)        3602M (92%)        3786M (97%)        3786M (97%)         546M (14%)    
[2026-04-03T01:31:20.035+0600][39.516s][info][gc,heap     ] GC(12) y:      Used:     3330M (85%)        3376M (86%)         320M (8%)          136M (3%)         3376M (86%)         136M (3%)     
[2026-04-03T01:31:20.035+0600][39.516s][info][gc,heap     ] GC(12) y: Young Generation Statistics:
[2026-04-03T01:31:20.035+0600][39.516s][info][gc,heap     ] GC(12) y:                Mark Start          Mark End        Relocate Start      Relocate End    
[2026-04-03T01:31:20.035+0600][39.516s][info][gc,heap     ] GC(12) y:      Used:     3300M (84%)        3346M (85%)         290M (7%)          106M (3%)     
[2026-04-03T01:31:20.035+0600][39.516s][info][gc,heap     ] GC(12) y:      Live:         -                 1M (0%)            1M (0%)            1M (0%)     
[2026-04-03T01:31:20.035+0600][39.516s][info][gc,heap     ] GC(12) y:   Garbage:         -              3298M (84%)         238M (6%)            0M (0%)     
[2026-04-03T01:31:20.035+0600][39.516s][info][gc,heap     ] GC(12) y: Allocated:         -                46M (1%)           50M (1%)          104M (3%)     
[2026-04-03T01:31:20.035+0600][39.516s][info][gc,heap     ] GC(12) y: Reclaimed:         -                  -              3060M (78%)        3298M (84%)    
[2026-04-03T01:31:20.035+0600][39.516s][info][gc,heap     ] GC(12) y:  Promoted:         -                  -                 0M (0%)            0M (0%)     
[2026-04-03T01:31:20.035+0600][39.516s][info][gc,heap     ] GC(12) y: Compacted:         -                  -                  -                 1M (0%)     
[2026-04-03T01:31:20.035+0600][39.516s][info][gc,phases   ] GC(12) y: Young Generation 3328M(85%)->136M(3%) 0.048s
[2026-04-03T01:31:20.035+0600][39.516s][info][gc          ] GC(12) Minor Collection (High Usage) 3328M(85%)->136M(3%) 0.049s
[2026-04-03T01:31:21.157+0600][40.637s][info][gc,exit     ] Stopping ZGC
[2026-04-03T01:31:21.157+0600][40.638s][info][gc,stats    ] === Garbage Collection Statistics =======================================================================================================================
[2026-04-03T01:31:21.157+0600][40.638s][info][gc,stats    ]                                                              Last 10s              Last 10m              Last 10h                Total
[2026-04-03T01:31:21.157+0600][40.638s][info][gc,stats    ]                                                              Avg / Max             Avg / Max             Avg / Max             Avg / Max
[2026-04-03T01:31:21.157+0600][40.638s][info][gc,stats    ]        Contention: Mark Segment Reset Contention                     0 / 3                 6 / 196               6 / 196               6 / 196         ops/s
[2026-04-03T01:31:21.157+0600][40.638s][info][gc,stats    ]        Contention: Mark SeqNum Reset Contention                      0 / 1                 0 / 8                 0 / 8                 0 / 8           ops/s
[2026-04-03T01:31:21.157+0600][40.638s][info][gc,stats    ]          Critical: Allocation Stall                                  0 / 0                 0 / 0                 0 / 0                 0 / 0           ops/s
[2026-04-03T01:31:21.157+0600][40.638s][info][gc,stats    ]          Critical: Allocation Stall                              0.000 / 0.000         0.000 / 0.000         0.000 / 0.000         0.000 / 0.000       ms
[2026-04-03T01:31:21.157+0600][40.638s][info][gc,stats    ]          Critical: JNI Critical Stall                                0 / 0                 0 / 1                 0 / 1                 0 / 1           ops/s
[2026-04-03T01:31:21.157+0600][40.638s][info][gc,stats    ]          Critical: JNI Critical Stall                            0.000 / 0.000         0.169 / 0.169         0.169 / 0.169         0.169 / 0.169       ms
[2026-04-03T01:31:21.157+0600][40.638s][info][gc,stats    ]          Critical: Relocation Stall                                  0 / 0                 0 / 0                 0 / 0                 0 / 0           ops/s
[2026-04-03T01:31:21.157+0600][40.638s][info][gc,stats    ]          Critical: Relocation Stall                              0.000 / 0.000         0.000 / 0.000         0.000 / 0.000         0.000 / 0.000       ms
[2026-04-03T01:31:21.157+0600][40.638s][info][gc,stats    ]  Major Collection: Major Collection                            103.363 / 103.363     174.423 / 405.720     174.423 / 405.720     174.423 / 405.720     ms
[2026-04-03T01:31:21.157+0600][40.638s][info][gc,stats    ]            Memory: Allocation Rate                                1087 / 1156            614 / 1162            614 / 1162            614 / 1162        MB/s
[2026-04-03T01:31:21.157+0600][40.638s][info][gc,stats    ]            Memory: Defragment                                        0 / 0                 0 / 0                 0 / 0                 0 / 0           ops/s
[2026-04-03T01:31:21.157+0600][40.638s][info][gc,stats    ]            Memory: Out Of Memory                                     0 / 0                 0 / 0                 0 / 0                 0 / 0           ops/s
[2026-04-03T01:31:21.157+0600][40.638s][info][gc,stats    ]            Memory: Page Cache Flush                                  0 / 0                 0 / 0                 0 / 0                 0 / 0           MB/s
[2026-04-03T01:31:21.157+0600][40.638s][info][gc,stats    ]            Memory: Page Cache Hit L1                               541 / 578             266 / 581             266 / 581             266 / 581         ops/s
[2026-04-03T01:31:21.157+0600][40.638s][info][gc,stats    ]            Memory: Page Cache Hit L2                                 0 / 0                 0 / 0                 0 / 0                 0 / 0           ops/s
[2026-04-03T01:31:21.157+0600][40.638s][info][gc,stats    ]            Memory: Page Cache Hit L3                                 0 / 0                 3 / 109               3 / 109               3 / 109         ops/s
[2026-04-03T01:31:21.157+0600][40.638s][info][gc,stats    ]            Memory: Page Cache Miss                                   3 / 21               39 / 392              39 / 392              39 / 392         ops/s
[2026-04-03T01:31:21.157+0600][40.638s][info][gc,stats    ]            Memory: Uncommit                                          0 / 0                 0 / 0                 0 / 0                 0 / 0           MB/s
[2026-04-03T01:31:21.157+0600][40.638s][info][gc,stats    ]            Memory: Undo Object Allocation Failed                     0 / 0                 0 / 0                 0 / 0                 0 / 0           ops/s
[2026-04-03T01:31:21.157+0600][40.638s][info][gc,stats    ]            Memory: Undo Object Allocation Succeeded                  0 / 0                 1 / 38                1 / 38                1 / 38          ops/s
[2026-04-03T01:31:21.157+0600][40.638s][info][gc,stats    ]            Memory: Undo Page Allocation                              1 / 9                 5 / 65                5 / 65                5 / 65          ops/s
[2026-04-03T01:31:21.157+0600][40.638s][info][gc,stats    ]  Minor Collection: Minor Collection                             48.165 / 53.483       46.583 / 58.321       46.583 / 58.321       46.583 / 58.321      ms
[2026-04-03T01:31:21.157+0600][40.638s][info][gc,stats    ]    Old Generation: Old Generation                               58.749 / 58.749      106.292 / 291.918     106.292 / 291.918     106.292 / 291.918     ms
[2026-04-03T01:31:21.157+0600][40.638s][info][gc,stats    ]         Old Pause: Pause Mark End                                0.021 / 0.021         0.040 / 0.105         0.040 / 0.105         0.040 / 0.105       ms
[2026-04-03T01:31:21.157+0600][40.638s][info][gc,stats    ]         Old Pause: Pause Relocate Start                          0.021 / 0.021         0.038 / 0.131         0.038 / 0.131         0.038 / 0.131       ms
[2026-04-03T01:31:21.157+0600][40.638s][info][gc,stats    ]         Old Phase: Concurrent Mark                              26.541 / 26.541       45.724 / 151.739      45.724 / 151.739      45.724 / 151.739     ms
[2026-04-03T01:31:21.157+0600][40.638s][info][gc,stats    ]         Old Phase: Concurrent Mark Continue                      0.000 / 0.000         0.000 / 0.000         0.000 / 0.000         0.000 / 0.000       ms
[2026-04-03T01:31:21.157+0600][40.638s][info][gc,stats    ]         Old Phase: Concurrent Mark Free                          0.002 / 0.002         0.006 / 0.034         0.006 / 0.034         0.006 / 0.034       ms
[2026-04-03T01:31:21.157+0600][40.638s][info][gc,stats    ]         Old Phase: Concurrent Process Non-Strong                 9.822 / 9.822        23.834 / 64.217       23.834 / 64.217       23.834 / 64.217      ms
[2026-04-03T01:31:21.157+0600][40.638s][info][gc,stats    ]         Old Phase: Concurrent Relocate                           2.703 / 2.703         3.934 / 8.945         3.934 / 8.945         3.934 / 8.945       ms
[2026-04-03T01:31:21.157+0600][40.638s][info][gc,stats    ]         Old Phase: Concurrent Remap Roots                       17.126 / 17.126       27.890 / 61.905       27.890 / 61.905       27.890 / 61.905      ms
[2026-04-03T01:31:21.157+0600][40.638s][info][gc,stats    ]         Old Phase: Concurrent Reset Relocation Set               0.007 / 0.007         0.003 / 0.007         0.003 / 0.007         0.003 / 0.007       ms
[2026-04-03T01:31:21.157+0600][40.638s][info][gc,stats    ]         Old Phase: Concurrent Select Relocation Set              1.712 / 1.712         3.363 / 4.704         3.363 / 4.704         3.363 / 4.704       ms
[2026-04-03T01:31:21.157+0600][40.638s][info][gc,stats    ]      Old Subphase: Concurrent Classes Purge                      0.898 / 0.898         0.965 / 2.410         0.965 / 2.410         0.965 / 2.410       ms
[2026-04-03T01:31:21.158+0600][40.638s][info][gc,stats    ]      Old Subphase: Concurrent Classes Unlink                     7.434 / 7.434        20.081 / 53.833       20.081 / 53.833       20.081 / 53.833      ms
[2026-04-03T01:31:21.158+0600][40.638s][info][gc,stats    ]      Old Subphase: Concurrent Mark Follow                       25.965 / 25.965       44.885 / 149.206      44.885 / 149.206      44.885 / 149.206     ms
[2026-04-03T01:31:21.158+0600][40.638s][info][gc,stats    ]      Old Subphase: Concurrent Mark Root Colored                  0.093 / 0.101         0.111 / 0.264         0.111 / 0.264         0.111 / 0.264       ms
[2026-04-03T01:31:21.158+0600][40.638s][info][gc,stats    ]      Old Subphase: Concurrent Mark Root Uncolored                0.280 / 0.286         0.262 / 0.499         0.262 / 0.499         0.262 / 0.499       ms
[2026-04-03T01:31:21.158+0600][40.638s][info][gc,stats    ]      Old Subphase: Concurrent Mark Roots                         0.571 / 0.571         0.832 / 2.521         0.832 / 2.521         0.832 / 2.521       ms
[2026-04-03T01:31:21.158+0600][40.638s][info][gc,stats    ]      Old Subphase: Concurrent References Enqueue                 0.006 / 0.006         0.006 / 0.018         0.006 / 0.018         0.006 / 0.018       ms
[2026-04-03T01:31:21.158+0600][40.638s][info][gc,stats    ]      Old Subphase: Concurrent References Process                 0.443 / 0.443         0.593 / 1.603         0.593 / 1.603         0.593 / 1.603       ms
[2026-04-03T01:31:21.158+0600][40.638s][info][gc,stats    ]      Old Subphase: Concurrent Remap Remembered                  11.689 / 11.776       21.983 / 49.381       21.983 / 49.381       21.983 / 49.381      ms
[2026-04-03T01:31:21.158+0600][40.638s][info][gc,stats    ]      Old Subphase: Concurrent Remap Roots Colored                2.535 / 2.540         1.959 / 4.968         1.959 / 4.968         1.959 / 4.968       ms
[2026-04-03T01:31:21.158+0600][40.638s][info][gc,stats    ]      Old Subphase: Concurrent Remap Roots Uncolored              2.432 / 2.436         3.355 / 14.050        3.355 / 14.050        3.355 / 14.050      ms
[2026-04-03T01:31:21.158+0600][40.638s][info][gc,stats    ]      Old Subphase: Concurrent Roots ClassLoaderDataGraph         1.223 / 2.381         1.146 / 4.516         1.146 / 4.516         1.146 / 4.516       ms
[2026-04-03T01:31:21.158+0600][40.638s][info][gc,stats    ]      Old Subphase: Concurrent Roots CodeCache                    2.419 / 2.423         3.342 / 14.045        3.342 / 14.045        3.342 / 14.045      ms
[2026-04-03T01:31:21.158+0600][40.638s][info][gc,stats    ]      Old Subphase: Concurrent Roots JavaThreads                  0.102 / 0.285         0.093 / 0.497         0.093 / 0.497         0.093 / 0.497       ms
[2026-04-03T01:31:21.158+0600][40.638s][info][gc,stats    ]      Old Subphase: Concurrent Roots OopStorageSet                0.016 / 0.032         0.026 / 0.126         0.026 / 0.126         0.026 / 0.126       ms
[2026-04-03T01:31:21.158+0600][40.638s][info][gc,stats    ]      Old Subphase: Concurrent Weak Roots OopStorageSet           0.302 / 0.456         0.583 / 5.864         0.583 / 5.864         0.583 / 5.864       ms
[2026-04-03T01:31:21.158+0600][40.638s][info][gc,stats    ]            System: Java Threads                                     60 / 61               46 / 61               46 / 61               46 / 61          threads
[2026-04-03T01:31:21.158+0600][40.638s][info][gc,stats    ]  Young Generation: Young Generation                              0.000 / 0.000        77.687 / 123.419      77.687 / 123.419      77.687 / 123.419     ms
[2026-04-03T01:31:21.158+0600][40.638s][info][gc,stats    ]  Young Generation: Young Generation                             47.412 / 52.862       45.846 / 57.625       45.846 / 57.625       45.846 / 57.625      ms
[2026-04-03T01:31:21.158+0600][40.638s][info][gc,stats    ]  Young Generation: Young Generation (Collect Roots)             12.854 / 12.854       14.414 / 17.022       14.414 / 17.022       14.414 / 17.022      ms
[2026-04-03T01:31:21.158+0600][40.638s][info][gc,stats    ]  Young Generation: Young Generation (Promote All)               30.420 / 30.420       37.724 / 49.269       37.724 / 49.269       37.724 / 49.269      ms
[2026-04-03T01:31:21.158+0600][40.638s][info][gc,stats    ]       Young Pause: Pause Mark End                                0.026 / 0.030         0.031 / 0.071         0.031 / 0.071         0.031 / 0.071       ms
[2026-04-03T01:31:21.158+0600][40.639s][info][gc,stats    ]       Young Pause: Pause Mark Start                              0.028 / 0.034         0.027 / 0.034         0.027 / 0.034         0.027 / 0.034       ms
[2026-04-03T01:31:21.158+0600][40.639s][info][gc,stats    ]       Young Pause: Pause Mark Start (Major)                      0.024 / 0.024         0.029 / 0.042         0.029 / 0.042         0.029 / 0.042       ms
[2026-04-03T01:31:21.158+0600][40.639s][info][gc,stats    ]       Young Pause: Pause Relocate Start                          0.020 / 0.024         0.022 / 0.037         0.022 / 0.037         0.022 / 0.037       ms
[2026-04-03T01:31:21.158+0600][40.639s][info][gc,stats    ]       Young Phase: Concurrent Mark                              26.547 / 39.615       27.748 / 65.880       27.748 / 65.880       27.748 / 65.880      ms
[2026-04-03T01:31:21.158+0600][40.639s][info][gc,stats    ]       Young Phase: Concurrent Mark Continue                      0.000 / 0.000         0.000 / 0.000         0.000 / 0.000         0.000 / 0.000       ms
[2026-04-03T01:31:21.158+0600][40.639s][info][gc,stats    ]       Young Phase: Concurrent Mark Free                          0.002 / 0.002         0.002 / 0.004         0.002 / 0.004         0.002 / 0.004       ms
[2026-04-03T01:31:21.158+0600][40.639s][info][gc,stats    ]       Young Phase: Concurrent Relocate                           4.164 / 5.699         8.355 / 37.390        8.355 / 37.390        8.355 / 37.390      ms
[2026-04-03T01:31:21.158+0600][40.639s][info][gc,stats    ]       Young Phase: Concurrent Reset Relocation Set               0.012 / 0.016         0.017 / 0.050         0.017 / 0.050         0.017 / 0.050       ms
[2026-04-03T01:31:21.158+0600][40.639s][info][gc,stats    ]       Young Phase: Concurrent Select Relocation Set              3.823 / 4.777         7.139 / 27.704        7.139 / 27.704        7.139 / 27.704      ms
[2026-04-03T01:31:21.158+0600][40.639s][info][gc,stats    ]    Young Subphase: Concurrent Mark Follow                       15.183 / 24.383       17.297 / 50.961       17.297 / 50.961       17.297 / 50.961      ms
[2026-04-03T01:31:21.158+0600][40.639s][info][gc,stats    ]    Young Subphase: Concurrent Mark Root Colored                  2.746 / 5.128         4.126 / 10.691        4.126 / 10.691        4.126 / 10.691      ms
[2026-04-03T01:31:21.158+0600][40.639s][info][gc,stats    ]    Young Subphase: Concurrent Mark Root Uncolored                6.337 / 12.351        4.510 / 13.907        4.510 / 13.907        4.510 / 13.907      ms
[2026-04-03T01:31:21.158+0600][40.639s][info][gc,stats    ]    Young Subphase: Concurrent Mark Roots                        11.356 / 15.223       10.443 / 20.428       10.443 / 20.428       10.443 / 20.428      ms
[2026-04-03T01:31:21.158+0600][40.639s][info][gc,stats    ]    Young Subphase: Concurrent Relocate Remset FP                 0.038 / 0.056         2.143 / 27.062        2.143 / 27.062        2.143 / 27.062      ms
[2026-04-03T01:31:21.158+0600][40.639s][info][gc,stats    ]    Young Subphase: Concurrent Roots ClassLoaderDataGraph         1.985 / 3.405         2.982 / 7.092         2.982 / 7.092         2.982 / 7.092       ms
[2026-04-03T01:31:21.158+0600][40.639s][info][gc,stats    ]    Young Subphase: Concurrent Roots CodeCache                    5.956 / 11.920        4.045 / 12.945        4.045 / 12.945        4.045 / 12.945      ms
[2026-04-03T01:31:21.158+0600][40.639s][info][gc,stats    ]    Young Subphase: Concurrent Roots JavaThreads                  0.214 / 0.735         0.245 / 1.827         0.245 / 1.827         0.245 / 1.827       ms
[2026-04-03T01:31:21.158+0600][40.639s][info][gc,stats    ]    Young Subphase: Concurrent Roots OopStorageSet                0.034 / 0.054         0.044 / 0.088         0.044 / 0.088         0.044 / 0.088       ms
[2026-04-03T01:31:21.158+0600][40.639s][info][gc,stats    ]    Young Subphase: Concurrent Weak Roots OopStorageSet           1.231 / 2.120         1.354 / 3.999         1.354 / 3.999         1.354 / 3.999       ms
[2026-04-03T01:31:21.158+0600][40.639s][info][gc,stats    ] =========================================================================================================================================================
[2026-04-03T01:31:21.158+0600][40.639s][info][gc,heap,exit] Heap
[2026-04-03T01:31:21.158+0600][40.639s][info][gc,heap,exit]  ZHeap           used 1322M, capacity 3376M, max capacity 3922M
[2026-04-03T01:31:21.158+0600][40.639s][info][gc,heap,exit]  Metaspace       used 55746K, committed 56320K, reserved 1114112K
[2026-04-03T01:31:21.158+0600][40.639s][info][gc,heap,exit]   class space    used 8689K, committed 9024K, reserved 1048576K
