[2026-04-03T01:18:35.983+0600][0.004s][info][gc,init] CardTable entry size: 512
[2026-04-03T01:18:35.984+0600][0.005s][info][gc     ] Using G1
[2026-04-03T01:18:35.986+0600][0.008s][info][gc,init] Version: 21.0.10+7-Ubuntu-124.04 (release)
[2026-04-03T01:18:35.986+0600][0.008s][info][gc,init] CPUs: 12 total, 12 available
[2026-04-03T01:18:35.986+0600][0.008s][info][gc,init] Memory: 15683M
[2026-04-03T01:18:35.986+0600][0.008s][info][gc,init] Large Page Support: Disabled
[2026-04-03T01:18:35.986+0600][0.008s][info][gc,init] NUMA Support: Disabled
[2026-04-03T01:18:35.986+0600][0.008s][info][gc,init] Compressed Oops: Enabled (Zero based)
[2026-04-03T01:18:35.986+0600][0.008s][info][gc,init] Heap Region Size: 2M
[2026-04-03T01:18:35.986+0600][0.008s][info][gc,init] Heap Min Capacity: 8M
[2026-04-03T01:18:35.986+0600][0.008s][info][gc,init] Heap Initial Capacity: 246M
[2026-04-03T01:18:35.986+0600][0.008s][info][gc,init] Heap Max Capacity: 3922M
[2026-04-03T01:18:35.986+0600][0.008s][info][gc,init] Pre-touch: Disabled
[2026-04-03T01:18:35.986+0600][0.008s][info][gc,init] Parallel Workers: 10
[2026-04-03T01:18:35.986+0600][0.008s][info][gc,init] Concurrent Workers: 3
[2026-04-03T01:18:35.986+0600][0.008s][info][gc,init] Concurrent Refinement Workers: 10
[2026-04-03T01:18:35.987+0600][0.008s][info][gc,init] Periodic GC: Disabled
[2026-04-03T01:18:36.000+0600][0.021s][info][gc,metaspace] CDS archive(s) mapped at: [0x000074215b000000-0x000074215bc9c000-0x000074215bc9c000), size 13221888, SharedBaseAddress: 0x000074215b000000, ArchiveRelocationMode: 1.
[2026-04-03T01:18:36.000+0600][0.021s][info][gc,metaspace] Compressed class space mapped at: 0x000074215c000000-0x000074219c000000, reserved size: 1073741824
[2026-04-03T01:18:36.000+0600][0.021s][info][gc,metaspace] Narrow klass base: 0x000074215b000000, Narrow klass shift: 0, Narrow klass range: 0x100000000
[2026-04-03T01:18:36.305+0600][0.327s][info][gc,start    ] GC(0) Pause Young (Normal) (G1 Evacuation Pause)
[2026-04-03T01:18:36.306+0600][0.328s][info][gc,task     ] GC(0) Using 5 workers of 10 for evacuation
[2026-04-03T01:18:36.309+0600][0.330s][info][gc,phases   ] GC(0)   Pre Evacuate Collection Set: 0.14ms
[2026-04-03T01:18:36.309+0600][0.330s][info][gc,phases   ] GC(0)   Merge Heap Roots: 0.16ms
[2026-04-03T01:18:36.309+0600][0.330s][info][gc,phases   ] GC(0)   Evacuate Collection Set: 1.57ms
[2026-04-03T01:18:36.309+0600][0.330s][info][gc,phases   ] GC(0)   Post Evacuate Collection Set: 0.50ms
[2026-04-03T01:18:36.309+0600][0.330s][info][gc,phases   ] GC(0)   Other: 0.98ms
[2026-04-03T01:18:36.309+0600][0.330s][info][gc,heap     ] GC(0) Eden regions: 6->0(5)
[2026-04-03T01:18:36.309+0600][0.330s][info][gc,heap     ] GC(0) Survivor regions: 0->1(1)
[2026-04-03T01:18:36.309+0600][0.330s][info][gc,heap     ] GC(0) Old regions: 1->1
[2026-04-03T01:18:36.309+0600][0.330s][info][gc,heap     ] GC(0) Humongous regions: 0->0
[2026-04-03T01:18:36.309+0600][0.330s][info][gc,metaspace] GC(0) Metaspace: 2836K(3008K)->2836K(3008K) NonClass: 2552K(2624K)->2552K(2624K) Class: 284K(384K)->284K(384K)
[2026-04-03T01:18:36.309+0600][0.330s][info][gc          ] GC(0) Pause Young (Normal) (G1 Evacuation Pause) 13M->2M(248M) 3.651ms
[2026-04-03T01:18:36.309+0600][0.330s][info][gc,cpu      ] GC(0) User=0.00s Sys=0.00s Real=0.00s
[2026-04-03T01:18:36.345+0600][0.366s][info][gc,start    ] GC(1) Pause Young (Normal) (G1 Evacuation Pause)
[2026-04-03T01:18:36.345+0600][0.366s][info][gc,task     ] GC(1) Using 5 workers of 10 for evacuation
[2026-04-03T01:18:36.348+0600][0.369s][info][gc,phases   ] GC(1)   Pre Evacuate Collection Set: 0.57ms
[2026-04-03T01:18:36.348+0600][0.369s][info][gc,phases   ] GC(1)   Merge Heap Roots: 0.12ms
[2026-04-03T01:18:36.348+0600][0.369s][info][gc,phases   ] GC(1)   Evacuate Collection Set: 1.67ms
[2026-04-03T01:18:36.348+0600][0.369s][info][gc,phases   ] GC(1)   Post Evacuate Collection Set: 0.81ms
[2026-04-03T01:18:36.348+0600][0.369s][info][gc,phases   ] GC(1)   Other: 0.07ms
[2026-04-03T01:18:36.348+0600][0.369s][info][gc,heap     ] GC(1) Eden regions: 5->0(9)
[2026-04-03T01:18:36.348+0600][0.369s][info][gc,heap     ] GC(1) Survivor regions: 1->1(1)
[2026-04-03T01:18:36.348+0600][0.369s][info][gc,heap     ] GC(1) Old regions: 1->2
[2026-04-03T01:18:36.348+0600][0.369s][info][gc,heap     ] GC(1) Humongous regions: 0->0
[2026-04-03T01:18:36.348+0600][0.369s][info][gc,metaspace] GC(1) Metaspace: 2915K(3136K)->2915K(3136K) NonClass: 2629K(2752K)->2629K(2752K) Class: 285K(384K)->285K(384K)
[2026-04-03T01:18:36.348+0600][0.370s][info][gc          ] GC(1) Pause Young (Normal) (G1 Evacuation Pause) 12M->2M(248M) 3.470ms
[2026-04-03T01:18:36.348+0600][0.370s][info][gc,cpu      ] GC(1) User=0.00s Sys=0.00s Real=0.00s
[2026-04-03T01:18:36.391+0600][0.412s][info][gc,start    ] GC(2) Pause Young (Normal) (G1 Evacuation Pause)
[2026-04-03T01:18:36.391+0600][0.412s][info][gc,task     ] GC(2) Using 5 workers of 10 for evacuation
[2026-04-03T01:18:36.392+0600][0.413s][info][gc,phases   ] GC(2)   Pre Evacuate Collection Set: 0.27ms
[2026-04-03T01:18:36.392+0600][0.414s][info][gc,phases   ] GC(2)   Merge Heap Roots: 0.11ms
[2026-04-03T01:18:36.392+0600][0.414s][info][gc,phases   ] GC(2)   Evacuate Collection Set: 0.33ms
[2026-04-03T01:18:36.392+0600][0.414s][info][gc,phases   ] GC(2)   Post Evacuate Collection Set: 0.35ms
[2026-04-03T01:18:36.392+0600][0.414s][info][gc,phases   ] GC(2)   Other: 0.08ms
[2026-04-03T01:18:36.392+0600][0.414s][info][gc,heap     ] GC(2) Eden regions: 9->0(72)
[2026-04-03T01:18:36.392+0600][0.414s][info][gc,heap     ] GC(2) Survivor regions: 1->1(2)
[2026-04-03T01:18:36.392+0600][0.414s][info][gc,heap     ] GC(2) Old regions: 2->2
[2026-04-03T01:18:36.392+0600][0.414s][info][gc,heap     ] GC(2) Humongous regions: 0->0
[2026-04-03T01:18:36.392+0600][0.414s][info][gc,metaspace] GC(2) Metaspace: 3066K(3264K)->3066K(3264K) NonClass: 2780K(2880K)->2780K(2880K) Class: 285K(384K)->285K(384K)
[2026-04-03T01:18:36.392+0600][0.414s][info][gc          ] GC(2) Pause Young (Normal) (G1 Evacuation Pause) 20M->2M(248M) 1.424ms
[2026-04-03T01:18:36.392+0600][0.414s][info][gc,cpu      ] GC(2) User=0.01s Sys=0.00s Real=0.00s
[2026-04-03T01:18:39.157+0600][3.178s][info][gc,start    ] GC(3) Pause Full (System.gc())
[2026-04-03T01:18:39.157+0600][3.178s][info][gc,task     ] GC(3) Using 5 workers of 10 for full compaction
[2026-04-03T01:18:39.157+0600][3.179s][info][gc,phases,start] GC(3) Phase 1: Mark live objects
[2026-04-03T01:18:39.178+0600][3.200s][info][gc,phases      ] GC(3) Phase 1: Mark live objects 20.933ms
[2026-04-03T01:18:39.178+0600][3.200s][info][gc,phases,start] GC(3) Phase 2: Prepare compaction
[2026-04-03T01:18:39.183+0600][3.204s][info][gc,phases      ] GC(3) Phase 2: Prepare compaction 4.213ms
[2026-04-03T01:18:39.183+0600][3.204s][info][gc,phases,start] GC(3) Phase 3: Adjust pointers
[2026-04-03T01:18:39.192+0600][3.213s][info][gc,phases      ] GC(3) Phase 3: Adjust pointers 9.311ms
[2026-04-03T01:18:39.192+0600][3.213s][info][gc,phases,start] GC(3) Phase 4: Compact heap
[2026-04-03T01:18:39.200+0600][3.221s][info][gc,phases      ] GC(3) Phase 4: Compact heap 7.925ms
[2026-04-03T01:18:39.200+0600][3.221s][info][gc,phases,start] GC(3) Phase 5: Reset Metadata
[2026-04-03T01:18:39.201+0600][3.222s][info][gc,phases      ] GC(3) Phase 5: Reset Metadata 0.692ms
[2026-04-03T01:18:39.208+0600][3.229s][info][gc,heap        ] GC(3) Eden regions: 67->0(14)
[2026-04-03T01:18:39.208+0600][3.229s][info][gc,heap        ] GC(3) Survivor regions: 1->0(2)
[2026-04-03T01:18:39.208+0600][3.230s][info][gc,heap        ] GC(3) Old regions: 2->7
[2026-04-03T01:18:39.208+0600][3.230s][info][gc,heap        ] GC(3) Humongous regions: 0->0
[2026-04-03T01:18:39.208+0600][3.230s][info][gc,metaspace   ] GC(3) Metaspace: 15387K(15744K)->15387K(15744K) NonClass: 13850K(14016K)->13850K(14016K) Class: 1537K(1728K)->1537K(1728K)
[2026-04-03T01:18:39.208+0600][3.230s][info][gc             ] GC(3) Pause Full (System.gc()) 135M->9M(48M) 51.703ms
[2026-04-03T01:18:39.208+0600][3.230s][info][gc,cpu         ] GC(3) User=0.22s Sys=0.03s Real=0.05s
[2026-04-03T01:18:39.872+0600][3.893s][info][gc,start       ] GC(4) Pause Young (Normal) (G1 Evacuation Pause)
[2026-04-03T01:18:39.872+0600][3.893s][info][gc,task        ] GC(4) Using 10 workers of 10 for evacuation
[2026-04-03T01:18:39.880+0600][3.901s][info][gc,phases      ] GC(4)   Pre Evacuate Collection Set: 0.38ms
[2026-04-03T01:18:39.880+0600][3.901s][info][gc,phases      ] GC(4)   Merge Heap Roots: 0.17ms
[2026-04-03T01:18:39.880+0600][3.901s][info][gc,phases      ] GC(4)   Evacuate Collection Set: 6.77ms
[2026-04-03T01:18:39.880+0600][3.901s][info][gc,phases      ] GC(4)   Post Evacuate Collection Set: 0.63ms
[2026-04-03T01:18:39.880+0600][3.901s][info][gc,phases      ] GC(4)   Other: 0.14ms
[2026-04-03T01:18:39.880+0600][3.901s][info][gc,heap        ] GC(4) Eden regions: 14->0(9)
[2026-04-03T01:18:39.880+0600][3.901s][info][gc,heap        ] GC(4) Survivor regions: 0->2(2)
[2026-04-03T01:18:39.880+0600][3.901s][info][gc,heap        ] GC(4) Old regions: 7->8
[2026-04-03T01:18:39.880+0600][3.901s][info][gc,heap        ] GC(4) Humongous regions: 0->0
[2026-04-03T01:18:39.880+0600][3.901s][info][gc,metaspace   ] GC(4) Metaspace: 21123K(21568K)->21123K(21568K) NonClass: 19023K(19264K)->19023K(19264K) Class: 2100K(2304K)->2100K(2304K)
[2026-04-03T01:18:39.880+0600][3.901s][info][gc             ] GC(4) Pause Young (Normal) (G1 Evacuation Pause) 37M->13M(48M) 8.508ms
[2026-04-03T01:18:39.880+0600][3.901s][info][gc,cpu         ] GC(4) User=0.05s Sys=0.00s Real=0.01s
[2026-04-03T01:18:40.137+0600][4.158s][info][gc,start       ] GC(5) Pause Young (Normal) (G1 Evacuation Pause)
[2026-04-03T01:18:40.137+0600][4.158s][info][gc,task        ] GC(5) Using 10 workers of 10 for evacuation
[2026-04-03T01:18:40.142+0600][4.163s][info][gc,phases      ] GC(5)   Pre Evacuate Collection Set: 0.25ms
[2026-04-03T01:18:40.142+0600][4.163s][info][gc,phases      ] GC(5)   Merge Heap Roots: 0.32ms
[2026-04-03T01:18:40.142+0600][4.163s][info][gc,phases      ] GC(5)   Evacuate Collection Set: 3.78ms
[2026-04-03T01:18:40.142+0600][4.163s][info][gc,phases      ] GC(5)   Post Evacuate Collection Set: 0.59ms
[2026-04-03T01:18:40.142+0600][4.163s][info][gc,phases      ] GC(5)   Other: 0.09ms
[2026-04-03T01:18:40.142+0600][4.163s][info][gc,heap        ] GC(5) Eden regions: 9->0(9)
[2026-04-03T01:18:40.142+0600][4.163s][info][gc,heap        ] GC(5) Survivor regions: 2->1(2)
[2026-04-03T01:18:40.142+0600][4.163s][info][gc,heap        ] GC(5) Old regions: 8->10
[2026-04-03T01:18:40.142+0600][4.163s][info][gc,heap        ] GC(5) Humongous regions: 0->0
[2026-04-03T01:18:40.142+0600][4.163s][info][gc,metaspace   ] GC(5) Metaspace: 23922K(24384K)->23922K(24384K) NonClass: 21580K(21824K)->21580K(21824K) Class: 2342K(2560K)->2342K(2560K)
[2026-04-03T01:18:40.142+0600][4.163s][info][gc             ] GC(5) Pause Young (Normal) (G1 Evacuation Pause) 31M->15M(48M) 5.336ms
[2026-04-03T01:18:40.142+0600][4.163s][info][gc,cpu         ] GC(5) User=0.02s Sys=0.00s Real=0.01s
[2026-04-03T01:18:40.242+0600][4.263s][info][gc,start       ] GC(6) Pause Young (Normal) (G1 Evacuation Pause)
[2026-04-03T01:18:40.242+0600][4.263s][info][gc,task        ] GC(6) Using 10 workers of 10 for evacuation
[2026-04-03T01:18:40.244+0600][4.266s][info][gc,phases      ] GC(6)   Pre Evacuate Collection Set: 0.38ms
[2026-04-03T01:18:40.244+0600][4.266s][info][gc,phases      ] GC(6)   Merge Heap Roots: 0.08ms
[2026-04-03T01:18:40.244+0600][4.266s][info][gc,phases      ] GC(6)   Evacuate Collection Set: 1.16ms
[2026-04-03T01:18:40.244+0600][4.266s][info][gc,phases      ] GC(6)   Post Evacuate Collection Set: 0.61ms
[2026-04-03T01:18:40.244+0600][4.266s][info][gc,phases      ] GC(6)   Other: 0.07ms
[2026-04-03T01:18:40.244+0600][4.266s][info][gc,heap        ] GC(6) Eden regions: 9->0(43)
[2026-04-03T01:18:40.244+0600][4.266s][info][gc,heap        ] GC(6) Survivor regions: 1->1(2)
[2026-04-03T01:18:40.244+0600][4.266s][info][gc,heap        ] GC(6) Old regions: 10->10
[2026-04-03T01:18:40.244+0600][4.266s][info][gc,heap        ] GC(6) Humongous regions: 0->0
[2026-04-03T01:18:40.244+0600][4.266s][info][gc,metaspace   ] GC(6) Metaspace: 23947K(24384K)->23947K(24384K) NonClass: 21605K(21824K)->21605K(21824K) Class: 2342K(2560K)->2342K(2560K)
[2026-04-03T01:18:40.244+0600][4.266s][info][gc             ] GC(6) Pause Young (Normal) (G1 Evacuation Pause) 33M->15M(148M) 2.521ms
[2026-04-03T01:18:40.244+0600][4.266s][info][gc,cpu         ] GC(6) User=0.01s Sys=0.00s Real=0.00s
[2026-04-03T01:18:40.658+0600][4.679s][info][gc,start       ] GC(7) Pause Young (Concurrent Start) (Metadata GC Threshold)
[2026-04-03T01:18:40.658+0600][4.679s][info][gc,task        ] GC(7) Using 10 workers of 10 for evacuation
[2026-04-03T01:18:40.660+0600][4.681s][info][gc,phases      ] GC(7)   Pre Evacuate Collection Set: 0.21ms
[2026-04-03T01:18:40.660+0600][4.681s][info][gc,phases      ] GC(7)   Merge Heap Roots: 0.06ms
[2026-04-03T01:18:40.660+0600][4.681s][info][gc,phases      ] GC(7)   Evacuate Collection Set: 1.20ms
[2026-04-03T01:18:40.660+0600][4.681s][info][gc,phases      ] GC(7)   Post Evacuate Collection Set: 0.31ms
[2026-04-03T01:18:40.660+0600][4.681s][info][gc,phases      ] GC(7)   Other: 0.09ms
[2026-04-03T01:18:40.660+0600][4.681s][info][gc,heap        ] GC(7) Eden regions: 28->0(43)
[2026-04-03T01:18:40.660+0600][4.681s][info][gc,heap        ] GC(7) Survivor regions: 1->1(6)
[2026-04-03T01:18:40.660+0600][4.681s][info][gc,heap        ] GC(7) Old regions: 10->10
[2026-04-03T01:18:40.660+0600][4.681s][info][gc,heap        ] GC(7) Humongous regions: 0->0
[2026-04-03T01:18:40.660+0600][4.681s][info][gc,metaspace   ] GC(7) Metaspace: 25774K(26240K)->25774K(26240K) NonClass: 23284K(23552K)->23284K(23552K) Class: 2489K(2688K)->2489K(2688K)
[2026-04-03T01:18:40.660+0600][4.681s][info][gc             ] GC(7) Pause Young (Concurrent Start) (Metadata GC Threshold) 70M->14M(148M) 2.028ms
[2026-04-03T01:18:40.660+0600][4.681s][info][gc,cpu         ] GC(7) User=0.01s Sys=0.00s Real=0.01s
[2026-04-03T01:18:40.660+0600][4.681s][info][gc             ] GC(8) Concurrent Mark Cycle
[2026-04-03T01:18:40.660+0600][4.681s][info][gc,marking     ] GC(8) Concurrent Scan Root Regions
[2026-04-03T01:18:40.662+0600][4.683s][info][gc,marking     ] GC(8) Concurrent Scan Root Regions 1.323ms
[2026-04-03T01:18:40.662+0600][4.683s][info][gc,marking     ] GC(8) Concurrent Mark
[2026-04-03T01:18:40.662+0600][4.683s][info][gc,marking     ] GC(8) Concurrent Mark From Roots
[2026-04-03T01:18:40.662+0600][4.683s][info][gc,task        ] GC(8) Using 3 workers of 3 for marking
[2026-04-03T01:18:40.674+0600][4.695s][info][gc,marking     ] GC(8) Concurrent Mark From Roots 12.204ms
[2026-04-03T01:18:40.674+0600][4.695s][info][gc,marking     ] GC(8) Concurrent Preclean
[2026-04-03T01:18:40.674+0600][4.695s][info][gc,marking     ] GC(8) Concurrent Preclean 0.136ms
[2026-04-03T01:18:40.674+0600][4.695s][info][gc,start       ] GC(8) Pause Remark
[2026-04-03T01:18:40.678+0600][4.699s][info][gc             ] GC(8) Pause Remark 15M->15M(74M) 3.875ms
[2026-04-03T01:18:40.678+0600][4.699s][info][gc,cpu         ] GC(8) User=0.03s Sys=0.00s Real=0.00s
[2026-04-03T01:18:40.678+0600][4.699s][info][gc,marking     ] GC(8) Concurrent Mark 16.614ms
[2026-04-03T01:18:40.678+0600][4.700s][info][gc,marking     ] GC(8) Concurrent Rebuild Remembered Sets and Scrub Regions
[2026-04-03T01:18:40.689+0600][4.710s][info][gc,marking     ] GC(8) Concurrent Rebuild Remembered Sets and Scrub Regions 10.599ms
[2026-04-03T01:18:40.689+0600][4.710s][info][gc,start       ] GC(8) Pause Cleanup
[2026-04-03T01:18:40.690+0600][4.711s][info][gc             ] GC(8) Pause Cleanup 15M->15M(74M) 0.380ms
[2026-04-03T01:18:40.690+0600][4.711s][info][gc,cpu         ] GC(8) User=0.00s Sys=0.00s Real=0.00s
[2026-04-03T01:18:40.690+0600][4.711s][info][gc,marking     ] GC(8) Concurrent Clear Claimed Marks
[2026-04-03T01:18:40.690+0600][4.711s][info][gc,marking     ] GC(8) Concurrent Clear Claimed Marks 0.117ms
[2026-04-03T01:18:40.690+0600][4.711s][info][gc,marking     ] GC(8) Concurrent Cleanup for Next Mark
[2026-04-03T01:18:40.691+0600][4.712s][info][gc,marking     ] GC(8) Concurrent Cleanup for Next Mark 0.647ms
[2026-04-03T01:18:40.691+0600][4.712s][info][gc             ] GC(8) Concurrent Mark Cycle 30.536ms
[2026-04-03T01:18:41.875+0600][5.896s][info][gc,start       ] GC(9) Pause Young (Prepare Mixed) (G1 Evacuation Pause)
[2026-04-03T01:18:41.875+0600][5.896s][info][gc,task        ] GC(9) Using 10 workers of 10 for evacuation
[2026-04-03T01:18:41.880+0600][5.901s][info][gc,phases      ] GC(9)   Pre Evacuate Collection Set: 0.36ms
[2026-04-03T01:18:41.880+0600][5.901s][info][gc,phases      ] GC(9)   Merge Heap Roots: 0.19ms
[2026-04-03T01:18:41.880+0600][5.901s][info][gc,phases      ] GC(9)   Evacuate Collection Set: 3.69ms
[2026-04-03T01:18:41.880+0600][5.901s][info][gc,phases      ] GC(9)   Post Evacuate Collection Set: 0.85ms
[2026-04-03T01:18:41.880+0600][5.901s][info][gc,phases      ] GC(9)   Other: 0.15ms
[2026-04-03T01:18:41.880+0600][5.901s][info][gc,heap        ] GC(9) Eden regions: 26->0(21)
[2026-04-03T01:18:41.880+0600][5.901s][info][gc,heap        ] GC(9) Survivor regions: 1->2(6)
[2026-04-03T01:18:41.880+0600][5.901s][info][gc,heap        ] GC(9) Old regions: 10->10
[2026-04-03T01:18:41.880+0600][5.901s][info][gc,heap        ] GC(9) Humongous regions: 0->0
[2026-04-03T01:18:41.880+0600][5.901s][info][gc,metaspace   ] GC(9) Metaspace: 29130K(29696K)->29130K(29696K) NonClass: 26386K(26688K)->26386K(26688K) Class: 2744K(3008K)->2744K(3008K)
[2026-04-03T01:18:41.880+0600][5.901s][info][gc             ] GC(9) Pause Young (Prepare Mixed) (G1 Evacuation Pause) 66M->16M(78M) 5.591ms
[2026-04-03T01:18:41.880+0600][5.901s][info][gc,cpu         ] GC(9) User=0.04s Sys=0.00s Real=0.01s
[2026-04-03T01:18:42.500+0600][6.521s][info][gc,start       ] GC(10) Pause Young (Mixed) (G1 Evacuation Pause)
[2026-04-03T01:18:42.500+0600][6.521s][info][gc,task        ] GC(10) Using 10 workers of 10 for evacuation
[2026-04-03T01:18:42.506+0600][6.528s][info][gc,phases      ] GC(10)   Pre Evacuate Collection Set: 0.40ms
[2026-04-03T01:18:42.506+0600][6.528s][info][gc,phases      ] GC(10)   Merge Heap Roots: 0.22ms
[2026-04-03T01:18:42.506+0600][6.528s][info][gc,phases      ] GC(10)   Evacuate Collection Set: 5.10ms
[2026-04-03T01:18:42.507+0600][6.528s][info][gc,phases      ] GC(10)   Post Evacuate Collection Set: 0.95ms
[2026-04-03T01:18:42.507+0600][6.528s][info][gc,phases      ] GC(10)   Other: 0.11ms
[2026-04-03T01:18:42.507+0600][6.528s][info][gc,heap        ] GC(10) Eden regions: 21->0(21)
[2026-04-03T01:18:42.507+0600][6.528s][info][gc,heap        ] GC(10) Survivor regions: 2->2(3)
[2026-04-03T01:18:42.507+0600][6.528s][info][gc,heap        ] GC(10) Old regions: 10->9
[2026-04-03T01:18:42.507+0600][6.528s][info][gc,heap        ] GC(10) Humongous regions: 0->0
[2026-04-03T01:18:42.507+0600][6.528s][info][gc,metaspace   ] GC(10) Metaspace: 29943K(30592K)->29943K(30592K) NonClass: 27139K(27520K)->27139K(27520K) Class: 2803K(3072K)->2803K(3072K)
[2026-04-03T01:18:42.507+0600][6.528s][info][gc             ] GC(10) Pause Young (Mixed) (G1 Evacuation Pause) 58M->17M(78M) 7.098ms
[2026-04-03T01:18:42.507+0600][6.528s][info][gc,cpu         ] GC(10) User=0.05s Sys=0.01s Real=0.01s
[2026-04-03T01:18:43.410+0600][7.432s][info][gc,start       ] GC(11) Pause Young (Normal) (G1 Evacuation Pause)
[2026-04-03T01:18:43.411+0600][7.432s][info][gc,task        ] GC(11) Using 10 workers of 10 for evacuation
[2026-04-03T01:18:43.419+0600][7.440s][info][gc,phases      ] GC(11)   Pre Evacuate Collection Set: 0.28ms
[2026-04-03T01:18:43.419+0600][7.440s][info][gc,phases      ] GC(11)   Merge Heap Roots: 0.16ms
[2026-04-03T01:18:43.419+0600][7.440s][info][gc,phases      ] GC(11)   Evacuate Collection Set: 6.31ms
[2026-04-03T01:18:43.419+0600][7.440s][info][gc,phases      ] GC(11)   Post Evacuate Collection Set: 1.15ms
[2026-04-03T01:18:43.419+0600][7.440s][info][gc,phases      ] GC(11)   Other: 0.14ms
[2026-04-03T01:18:43.419+0600][7.440s][info][gc,heap        ] GC(11) Eden regions: 21->0(21)
[2026-04-03T01:18:43.419+0600][7.440s][info][gc,heap        ] GC(11) Survivor regions: 2->2(3)
[2026-04-03T01:18:43.419+0600][7.440s][info][gc,heap        ] GC(11) Old regions: 9->9
[2026-04-03T01:18:43.419+0600][7.440s][info][gc,heap        ] GC(11) Humongous regions: 0->0
[2026-04-03T01:18:43.419+0600][7.440s][info][gc,metaspace   ] GC(11) Metaspace: 30810K(31424K)->30810K(31424K) NonClass: 27956K(28288K)->27956K(28288K) Class: 2854K(3136K)->2854K(3136K)
[2026-04-03T01:18:43.419+0600][7.440s][info][gc             ] GC(11) Pause Young (Normal) (G1 Evacuation Pause) 59M->17M(78M) 8.585ms
[2026-04-03T01:18:43.419+0600][7.440s][info][gc,cpu         ] GC(11) User=0.05s Sys=0.00s Real=0.00s
[2026-04-03T01:18:43.940+0600][7.961s][info][gc,start       ] GC(12) Pause Young (Normal) (G1 Evacuation Pause)
[2026-04-03T01:18:43.940+0600][7.962s][info][gc,task        ] GC(12) Using 10 workers of 10 for evacuation
[2026-04-03T01:18:43.944+0600][7.966s][info][gc,phases      ] GC(12)   Pre Evacuate Collection Set: 0.28ms
[2026-04-03T01:18:43.945+0600][7.966s][info][gc,phases      ] GC(12)   Merge Heap Roots: 0.27ms
[2026-04-03T01:18:43.945+0600][7.966s][info][gc,phases      ] GC(12)   Evacuate Collection Set: 2.68ms
[2026-04-03T01:18:43.945+0600][7.966s][info][gc,phases      ] GC(12)   Post Evacuate Collection Set: 0.74ms
[2026-04-03T01:18:43.945+0600][7.966s][info][gc,phases      ] GC(12)   Other: 0.12ms
[2026-04-03T01:18:43.945+0600][7.966s][info][gc,heap        ] GC(12) Eden regions: 21->0(21)
[2026-04-03T01:18:43.945+0600][7.966s][info][gc,heap        ] GC(12) Survivor regions: 2->2(3)
[2026-04-03T01:18:43.945+0600][7.966s][info][gc,heap        ] GC(12) Old regions: 9->9
[2026-04-03T01:18:43.945+0600][7.966s][info][gc,heap        ] GC(12) Humongous regions: 0->0
[2026-04-03T01:18:43.945+0600][7.966s][info][gc,metaspace   ] GC(12) Metaspace: 31643K(32384K)->31643K(32384K) NonClass: 28708K(29120K)->28708K(29120K) Class: 2935K(3264K)->2935K(3264K)
[2026-04-03T01:18:43.945+0600][7.966s][info][gc             ] GC(12) Pause Young (Normal) (G1 Evacuation Pause) 59M->16M(78M) 4.422ms
[2026-04-03T01:18:43.945+0600][7.966s][info][gc,cpu         ] GC(12) User=0.03s Sys=0.00s Real=0.00s
[2026-04-03T01:18:44.476+0600][8.497s][info][gc,start       ] GC(13) Pause Young (Normal) (G1 Evacuation Pause)
[2026-04-03T01:18:44.476+0600][8.497s][info][gc,task        ] GC(13) Using 10 workers of 10 for evacuation
[2026-04-03T01:18:44.483+0600][8.504s][info][gc,phases      ] GC(13)   Pre Evacuate Collection Set: 0.46ms
[2026-04-03T01:18:44.483+0600][8.504s][info][gc,phases      ] GC(13)   Merge Heap Roots: 0.24ms
[2026-04-03T01:18:44.483+0600][8.504s][info][gc,phases      ] GC(13)   Evacuate Collection Set: 4.97ms
[2026-04-03T01:18:44.483+0600][8.504s][info][gc,phases      ] GC(13)   Post Evacuate Collection Set: 0.76ms
[2026-04-03T01:18:44.483+0600][8.504s][info][gc,phases      ] GC(13)   Other: 0.13ms
[2026-04-03T01:18:44.483+0600][8.504s][info][gc,heap        ] GC(13) Eden regions: 21->0(21)
[2026-04-03T01:18:44.483+0600][8.504s][info][gc,heap        ] GC(13) Survivor regions: 2->2(3)
[2026-04-03T01:18:44.483+0600][8.504s][info][gc,heap        ] GC(13) Old regions: 9->9
[2026-04-03T01:18:44.483+0600][8.504s][info][gc,heap        ] GC(13) Humongous regions: 0->0
[2026-04-03T01:18:44.483+0600][8.504s][info][gc,metaspace   ] GC(13) Metaspace: 32127K(32960K)->32127K(32960K) NonClass: 29165K(29632K)->29165K(29632K) Class: 2962K(3328K)->2962K(3328K)
[2026-04-03T01:18:44.483+0600][8.504s][info][gc             ] GC(13) Pause Young (Normal) (G1 Evacuation Pause) 58M->17M(78M) 6.948ms
[2026-04-03T01:18:44.483+0600][8.504s][info][gc,cpu         ] GC(13) User=0.04s Sys=0.00s Real=0.01s
[2026-04-03T01:18:45.127+0600][9.148s][info][gc,start       ] GC(14) Pause Young (Normal) (G1 Evacuation Pause)
[2026-04-03T01:18:45.127+0600][9.148s][info][gc,task        ] GC(14) Using 10 workers of 10 for evacuation
[2026-04-03T01:18:45.132+0600][9.153s][info][gc,phases      ] GC(14)   Pre Evacuate Collection Set: 0.35ms
[2026-04-03T01:18:45.132+0600][9.153s][info][gc,phases      ] GC(14)   Merge Heap Roots: 0.16ms
[2026-04-03T01:18:45.132+0600][9.153s][info][gc,phases      ] GC(14)   Evacuate Collection Set: 2.98ms
[2026-04-03T01:18:45.132+0600][9.153s][info][gc,phases      ] GC(14)   Post Evacuate Collection Set: 1.01ms
[2026-04-03T01:18:45.132+0600][9.153s][info][gc,phases      ] GC(14)   Other: 0.11ms
[2026-04-03T01:18:45.132+0600][9.153s][info][gc,heap        ] GC(14) Eden regions: 21->0(27)
[2026-04-03T01:18:45.132+0600][9.153s][info][gc,heap        ] GC(14) Survivor regions: 2->1(3)
[2026-04-03T01:18:45.132+0600][9.153s][info][gc,heap        ] GC(14) Old regions: 9->10
[2026-04-03T01:18:45.132+0600][9.153s][info][gc,heap        ] GC(14) Humongous regions: 0->0
[2026-04-03T01:18:45.132+0600][9.153s][info][gc,metaspace   ] GC(14) Metaspace: 32889K(33728K)->32889K(33728K) NonClass: 29911K(30400K)->29911K(30400K) Class: 2977K(3328K)->2977K(3328K)
[2026-04-03T01:18:45.132+0600][9.153s][info][gc             ] GC(14) Pause Young (Normal) (G1 Evacuation Pause) 59M->17M(94M) 4.961ms
[2026-04-03T01:18:45.132+0600][9.153s][info][gc,cpu         ] GC(14) User=0.03s Sys=0.01s Real=0.01s
[2026-04-03T01:18:45.641+0600][9.663s][info][gc,start       ] GC(15) Pause Young (Normal) (G1 Evacuation Pause)
[2026-04-03T01:18:45.642+0600][9.663s][info][gc,task        ] GC(15) Using 10 workers of 10 for evacuation
[2026-04-03T01:18:45.645+0600][9.666s][info][gc,phases      ] GC(15)   Pre Evacuate Collection Set: 0.31ms
[2026-04-03T01:18:45.645+0600][9.666s][info][gc,phases      ] GC(15)   Merge Heap Roots: 0.14ms
[2026-04-03T01:18:45.645+0600][9.666s][info][gc,phases      ] GC(15)   Evacuate Collection Set: 2.29ms
[2026-04-03T01:18:45.645+0600][9.666s][info][gc,phases      ] GC(15)   Post Evacuate Collection Set: 0.61ms
[2026-04-03T01:18:45.645+0600][9.666s][info][gc,phases      ] GC(15)   Other: 0.11ms
[2026-04-03T01:18:45.645+0600][9.666s][info][gc,heap        ] GC(15) Eden regions: 27->0(27)
[2026-04-03T01:18:45.645+0600][9.666s][info][gc,heap        ] GC(15) Survivor regions: 1->1(4)
[2026-04-03T01:18:45.645+0600][9.666s][info][gc,heap        ] GC(15) Old regions: 10->10
[2026-04-03T01:18:45.645+0600][9.666s][info][gc,heap        ] GC(15) Humongous regions: 0->0
[2026-04-03T01:18:45.645+0600][9.666s][info][gc,metaspace   ] GC(15) Metaspace: 33119K(33920K)->33119K(33920K) NonClass: 30139K(30592K)->30139K(30592K) Class: 2980K(3328K)->2980K(3328K)
[2026-04-03T01:18:45.645+0600][9.666s][info][gc             ] GC(15) Pause Young (Normal) (G1 Evacuation Pause) 71M->17M(94M) 3.796ms
[2026-04-03T01:18:45.645+0600][9.666s][info][gc,cpu         ] GC(15) User=0.03s Sys=0.00s Real=0.00s
[2026-04-03T01:18:46.103+0600][10.124s][info][gc,start       ] GC(16) Pause Young (Normal) (G1 Evacuation Pause)
[2026-04-03T01:18:46.103+0600][10.124s][info][gc,task        ] GC(16) Using 10 workers of 10 for evacuation
[2026-04-03T01:18:46.107+0600][10.128s][info][gc,phases      ] GC(16)   Pre Evacuate Collection Set: 0.22ms
[2026-04-03T01:18:46.107+0600][10.128s][info][gc,phases      ] GC(16)   Merge Heap Roots: 0.15ms
[2026-04-03T01:18:46.107+0600][10.128s][info][gc,phases      ] GC(16)   Evacuate Collection Set: 2.53ms
[2026-04-03T01:18:46.107+0600][10.128s][info][gc,phases      ] GC(16)   Post Evacuate Collection Set: 0.58ms
[2026-04-03T01:18:46.107+0600][10.128s][info][gc,phases      ] GC(16)   Other: 0.10ms
[2026-04-03T01:18:46.107+0600][10.128s][info][gc,heap        ] GC(16) Eden regions: 27->0(27)
[2026-04-03T01:18:46.107+0600][10.128s][info][gc,heap        ] GC(16) Survivor regions: 1->1(4)
[2026-04-03T01:18:46.107+0600][10.128s][info][gc,heap        ] GC(16) Old regions: 10->10
[2026-04-03T01:18:46.107+0600][10.128s][info][gc,heap        ] GC(16) Humongous regions: 0->0
[2026-04-03T01:18:46.107+0600][10.128s][info][gc,metaspace   ] GC(16) Metaspace: 33263K(34048K)->33263K(34048K) NonClass: 30282K(30720K)->30282K(30720K) Class: 2981K(3328K)->2981K(3328K)
[2026-04-03T01:18:46.107+0600][10.128s][info][gc             ] GC(16) Pause Young (Normal) (G1 Evacuation Pause) 71M->17M(94M) 3.940ms
[2026-04-03T01:18:46.107+0600][10.128s][info][gc,cpu         ] GC(16) User=0.03s Sys=0.00s Real=0.00s
[2026-04-03T01:18:46.582+0600][10.604s][info][gc,start       ] GC(17) Pause Young (Normal) (G1 Evacuation Pause)
[2026-04-03T01:18:46.582+0600][10.604s][info][gc,task        ] GC(17) Using 10 workers of 10 for evacuation
[2026-04-03T01:18:46.586+0600][10.607s][info][gc,phases      ] GC(17)   Pre Evacuate Collection Set: 0.24ms
[2026-04-03T01:18:46.586+0600][10.607s][info][gc,phases      ] GC(17)   Merge Heap Roots: 0.15ms
[2026-04-03T01:18:46.586+0600][10.607s][info][gc,phases      ] GC(17)   Evacuate Collection Set: 2.28ms
[2026-04-03T01:18:46.586+0600][10.607s][info][gc,phases      ] GC(17)   Post Evacuate Collection Set: 0.76ms
[2026-04-03T01:18:46.586+0600][10.607s][info][gc,phases      ] GC(17)   Other: 0.13ms
[2026-04-03T01:18:46.586+0600][10.607s][info][gc,heap        ] GC(17) Eden regions: 27->0(27)
[2026-04-03T01:18:46.586+0600][10.607s][info][gc,heap        ] GC(17) Survivor regions: 1->1(4)
[2026-04-03T01:18:46.586+0600][10.607s][info][gc,heap        ] GC(17) Old regions: 10->10
[2026-04-03T01:18:46.586+0600][10.607s][info][gc,heap        ] GC(17) Humongous regions: 0->0
[2026-04-03T01:18:46.586+0600][10.607s][info][gc,metaspace   ] GC(17) Metaspace: 33323K(34112K)->33323K(34112K) NonClass: 30339K(30784K)->30339K(30784K) Class: 2984K(3328K)->2984K(3328K)
[2026-04-03T01:18:46.586+0600][10.607s][info][gc             ] GC(17) Pause Young (Normal) (G1 Evacuation Pause) 71M->17M(94M) 3.892ms
[2026-04-03T01:18:46.586+0600][10.607s][info][gc,cpu         ] GC(17) User=0.02s Sys=0.01s Real=0.00s
[2026-04-03T01:18:46.971+0600][10.992s][info][gc,start       ] GC(18) Pause Young (Normal) (G1 Evacuation Pause)
[2026-04-03T01:18:46.971+0600][10.992s][info][gc,task        ] GC(18) Using 10 workers of 10 for evacuation
[2026-04-03T01:18:46.974+0600][10.995s][info][gc,phases      ] GC(18)   Pre Evacuate Collection Set: 0.21ms
[2026-04-03T01:18:46.974+0600][10.995s][info][gc,phases      ] GC(18)   Merge Heap Roots: 0.10ms
[2026-04-03T01:18:46.974+0600][10.995s][info][gc,phases      ] GC(18)   Evacuate Collection Set: 1.98ms
[2026-04-03T01:18:46.974+0600][10.995s][info][gc,phases      ] GC(18)   Post Evacuate Collection Set: 0.56ms
[2026-04-03T01:18:46.974+0600][10.995s][info][gc,phases      ] GC(18)   Other: 0.13ms
[2026-04-03T01:18:46.974+0600][10.995s][info][gc,heap        ] GC(18) Eden regions: 27->0(27)
[2026-04-03T01:18:46.974+0600][10.995s][info][gc,heap        ] GC(18) Survivor regions: 1->1(4)
[2026-04-03T01:18:46.974+0600][10.995s][info][gc,heap        ] GC(18) Old regions: 10->10
[2026-04-03T01:18:46.974+0600][10.995s][info][gc,heap        ] GC(18) Humongous regions: 0->0
[2026-04-03T01:18:46.974+0600][10.995s][info][gc,metaspace   ] GC(18) Metaspace: 33490K(34304K)->33490K(34304K) NonClass: 30506K(30976K)->30506K(30976K) Class: 2984K(3328K)->2984K(3328K)
[2026-04-03T01:18:46.974+0600][10.995s][info][gc             ] GC(18) Pause Young (Normal) (G1 Evacuation Pause) 71M->17M(94M) 3.300ms
[2026-04-03T01:18:46.974+0600][10.995s][info][gc,cpu         ] GC(18) User=0.03s Sys=0.00s Real=0.00s
[2026-04-03T01:18:47.312+0600][11.333s][info][gc,start       ] GC(19) Pause Young (Normal) (G1 Evacuation Pause)
[2026-04-03T01:18:47.312+0600][11.333s][info][gc,task        ] GC(19) Using 10 workers of 10 for evacuation
[2026-04-03T01:18:47.316+0600][11.337s][info][gc,phases      ] GC(19)   Pre Evacuate Collection Set: 0.26ms
[2026-04-03T01:18:47.316+0600][11.337s][info][gc,phases      ] GC(19)   Merge Heap Roots: 0.18ms
[2026-04-03T01:18:47.316+0600][11.337s][info][gc,phases      ] GC(19)   Evacuate Collection Set: 2.38ms
[2026-04-03T01:18:47.316+0600][11.337s][info][gc,phases      ] GC(19)   Post Evacuate Collection Set: 0.66ms
[2026-04-03T01:18:47.316+0600][11.337s][info][gc,phases      ] GC(19)   Other: 0.10ms
[2026-04-03T01:18:47.316+0600][11.337s][info][gc,heap        ] GC(19) Eden regions: 27->0(27)
[2026-04-03T01:18:47.316+0600][11.337s][info][gc,heap        ] GC(19) Survivor regions: 1->1(4)
[2026-04-03T01:18:47.316+0600][11.337s][info][gc,heap        ] GC(19) Old regions: 10->10
[2026-04-03T01:18:47.316+0600][11.337s][info][gc,heap        ] GC(19) Humongous regions: 0->0
[2026-04-03T01:18:47.316+0600][11.337s][info][gc,metaspace   ] GC(19) Metaspace: 33628K(34432K)->33628K(34432K) NonClass: 30644K(31104K)->30644K(31104K) Class: 2984K(3328K)->2984K(3328K)
[2026-04-03T01:18:47.316+0600][11.337s][info][gc             ] GC(19) Pause Young (Normal) (G1 Evacuation Pause) 71M->17M(94M) 3.905ms
[2026-04-03T01:18:47.316+0600][11.337s][info][gc,cpu         ] GC(19) User=0.03s Sys=0.01s Real=0.00s
[2026-04-03T01:18:47.646+0600][11.667s][info][gc,start       ] GC(20) Pause Young (Normal) (G1 Evacuation Pause)
[2026-04-03T01:18:47.646+0600][11.667s][info][gc,task        ] GC(20) Using 10 workers of 10 for evacuation
[2026-04-03T01:18:47.650+0600][11.671s][info][gc,phases      ] GC(20)   Pre Evacuate Collection Set: 0.22ms
[2026-04-03T01:18:47.650+0600][11.671s][info][gc,phases      ] GC(20)   Merge Heap Roots: 0.18ms
[2026-04-03T01:18:47.650+0600][11.671s][info][gc,phases      ] GC(20)   Evacuate Collection Set: 2.59ms
[2026-04-03T01:18:47.650+0600][11.671s][info][gc,phases      ] GC(20)   Post Evacuate Collection Set: 0.82ms
[2026-04-03T01:18:47.650+0600][11.671s][info][gc,phases      ] GC(20)   Other: 0.11ms
[2026-04-03T01:18:47.650+0600][11.671s][info][gc,heap        ] GC(20) Eden regions: 27->0(27)
[2026-04-03T01:18:47.650+0600][11.671s][info][gc,heap        ] GC(20) Survivor regions: 1->1(4)
[2026-04-03T01:18:47.650+0600][11.671s][info][gc,heap        ] GC(20) Old regions: 10->10
[2026-04-03T01:18:47.650+0600][11.671s][info][gc,heap        ] GC(20) Humongous regions: 0->0
[2026-04-03T01:18:47.650+0600][11.671s][info][gc,metaspace   ] GC(20) Metaspace: 33746K(34560K)->33746K(34560K) NonClass: 30759K(31232K)->30759K(31232K) Class: 2987K(3328K)->2987K(3328K)
[2026-04-03T01:18:47.650+0600][11.671s][info][gc             ] GC(20) Pause Young (Normal) (G1 Evacuation Pause) 71M->17M(94M) 4.340ms
[2026-04-03T01:18:47.650+0600][11.672s][info][gc,cpu         ] GC(20) User=0.03s Sys=0.00s Real=0.01s
[2026-04-03T01:18:47.940+0600][11.961s][info][gc,start       ] GC(21) Pause Young (Normal) (GCLocker Initiated GC)
[2026-04-03T01:18:47.940+0600][11.961s][info][gc,task        ] GC(21) Using 10 workers of 10 for evacuation
[2026-04-03T01:18:47.945+0600][11.966s][info][gc,phases      ] GC(21)   Pre Evacuate Collection Set: 0.25ms
[2026-04-03T01:18:47.945+0600][11.966s][info][gc,phases      ] GC(21)   Merge Heap Roots: 0.17ms
[2026-04-03T01:18:47.945+0600][11.966s][info][gc,phases      ] GC(21)   Evacuate Collection Set: 3.18ms
[2026-04-03T01:18:47.945+0600][11.966s][info][gc,phases      ] GC(21)   Post Evacuate Collection Set: 0.90ms
[2026-04-03T01:18:47.945+0600][11.966s][info][gc,phases      ] GC(21)   Other: 0.13ms
[2026-04-03T01:18:47.945+0600][11.966s][info][gc,heap        ] GC(21) Eden regions: 27->0(27)
[2026-04-03T01:18:47.945+0600][11.966s][info][gc,heap        ] GC(21) Survivor regions: 1->1(4)
[2026-04-03T01:18:47.945+0600][11.966s][info][gc,heap        ] GC(21) Old regions: 10->10
[2026-04-03T01:18:47.945+0600][11.966s][info][gc,heap        ] GC(21) Humongous regions: 0->0
[2026-04-03T01:18:47.945+0600][11.966s][info][gc,metaspace   ] GC(21) Metaspace: 33827K(34624K)->33827K(34624K) NonClass: 30840K(31296K)->30840K(31296K) Class: 2987K(3328K)->2987K(3328K)
[2026-04-03T01:18:47.945+0600][11.966s][info][gc             ] GC(21) Pause Young (Normal) (GCLocker Initiated GC) 71M->17M(94M) 5.050ms
[2026-04-03T01:18:47.945+0600][11.966s][info][gc,cpu         ] GC(21) User=0.03s Sys=0.00s Real=0.00s
[2026-04-03T01:18:48.221+0600][12.242s][info][gc,start       ] GC(22) Pause Young (Normal) (G1 Evacuation Pause)
[2026-04-03T01:18:48.221+0600][12.242s][info][gc,task        ] GC(22) Using 10 workers of 10 for evacuation
[2026-04-03T01:18:48.226+0600][12.247s][info][gc,phases      ] GC(22)   Pre Evacuate Collection Set: 0.27ms
[2026-04-03T01:18:48.226+0600][12.247s][info][gc,phases      ] GC(22)   Merge Heap Roots: 0.61ms
[2026-04-03T01:18:48.226+0600][12.247s][info][gc,phases      ] GC(22)   Evacuate Collection Set: 2.68ms
[2026-04-03T01:18:48.226+0600][12.247s][info][gc,phases      ] GC(22)   Post Evacuate Collection Set: 0.90ms
[2026-04-03T01:18:48.226+0600][12.247s][info][gc,phases      ] GC(22)   Other: 0.14ms
[2026-04-03T01:18:48.226+0600][12.247s][info][gc,heap        ] GC(22) Eden regions: 27->0(27)
[2026-04-03T01:18:48.226+0600][12.247s][info][gc,heap        ] GC(22) Survivor regions: 1->1(4)
[2026-04-03T01:18:48.226+0600][12.247s][info][gc,heap        ] GC(22) Old regions: 10->10
[2026-04-03T01:18:48.226+0600][12.247s][info][gc,heap        ] GC(22) Humongous regions: 0->0
[2026-04-03T01:18:48.226+0600][12.247s][info][gc,metaspace   ] GC(22) Metaspace: 33887K(34752K)->33887K(34752K) NonClass: 30899K(31424K)->30899K(31424K) Class: 2987K(3328K)->2987K(3328K)
[2026-04-03T01:18:48.226+0600][12.247s][info][gc             ] GC(22) Pause Young (Normal) (G1 Evacuation Pause) 71M->17M(94M) 5.106ms
[2026-04-03T01:18:48.226+0600][12.247s][info][gc,cpu         ] GC(22) User=0.03s Sys=0.00s Real=0.00s
[2026-04-03T01:18:48.475+0600][12.496s][info][gc,start       ] GC(23) Pause Young (Normal) (G1 Evacuation Pause)
[2026-04-03T01:18:48.475+0600][12.496s][info][gc,task        ] GC(23) Using 10 workers of 10 for evacuation
[2026-04-03T01:18:48.480+0600][12.501s][info][gc,phases      ] GC(23)   Pre Evacuate Collection Set: 0.32ms
[2026-04-03T01:18:48.480+0600][12.501s][info][gc,phases      ] GC(23)   Merge Heap Roots: 0.17ms
[2026-04-03T01:18:48.480+0600][12.501s][info][gc,phases      ] GC(23)   Evacuate Collection Set: 2.79ms
[2026-04-03T01:18:48.480+0600][12.501s][info][gc,phases      ] GC(23)   Post Evacuate Collection Set: 0.88ms
[2026-04-03T01:18:48.480+0600][12.501s][info][gc,phases      ] GC(23)   Other: 0.11ms
[2026-04-03T01:18:48.480+0600][12.501s][info][gc,heap        ] GC(23) Eden regions: 27->0(33)
[2026-04-03T01:18:48.480+0600][12.501s][info][gc,heap        ] GC(23) Survivor regions: 1->1(4)
[2026-04-03T01:18:48.480+0600][12.501s][info][gc,heap        ] GC(23) Old regions: 10->10
[2026-04-03T01:18:48.480+0600][12.501s][info][gc,heap        ] GC(23) Humongous regions: 0->0
[2026-04-03T01:18:48.480+0600][12.501s][info][gc,metaspace   ] GC(23) Metaspace: 33969K(34752K)->33969K(34752K) NonClass: 30981K(31424K)->30981K(31424K) Class: 2987K(3328K)->2987K(3328K)
[2026-04-03T01:18:48.480+0600][12.501s][info][gc             ] GC(23) Pause Young (Normal) (G1 Evacuation Pause) 71M->17M(114M) 4.615ms
[2026-04-03T01:18:48.480+0600][12.501s][info][gc,cpu         ] GC(23) User=0.04s Sys=0.00s Real=0.01s
[2026-04-03T01:18:48.755+0600][12.777s][info][gc,start       ] GC(24) Pause Young (Normal) (G1 Evacuation Pause)
[2026-04-03T01:18:48.756+0600][12.777s][info][gc,task        ] GC(24) Using 10 workers of 10 for evacuation
[2026-04-03T01:18:48.759+0600][12.780s][info][gc,phases      ] GC(24)   Pre Evacuate Collection Set: 0.18ms
[2026-04-03T01:18:48.759+0600][12.780s][info][gc,phases      ] GC(24)   Merge Heap Roots: 0.12ms
[2026-04-03T01:18:48.759+0600][12.780s][info][gc,phases      ] GC(24)   Evacuate Collection Set: 2.03ms
[2026-04-03T01:18:48.759+0600][12.780s][info][gc,phases      ] GC(24)   Post Evacuate Collection Set: 0.62ms
[2026-04-03T01:18:48.759+0600][12.780s][info][gc,phases      ] GC(24)   Other: 0.09ms
[2026-04-03T01:18:48.759+0600][12.780s][info][gc,heap        ] GC(24) Eden regions: 33->0(33)
[2026-04-03T01:18:48.759+0600][12.780s][info][gc,heap        ] GC(24) Survivor regions: 1->1(5)
[2026-04-03T01:18:48.759+0600][12.780s][info][gc,heap        ] GC(24) Old regions: 10->10
[2026-04-03T01:18:48.759+0600][12.780s][info][gc,heap        ] GC(24) Humongous regions: 0->0
[2026-04-03T01:18:48.759+0600][12.780s][info][gc,metaspace   ] GC(24) Metaspace: 34020K(34816K)->34020K(34816K) NonClass: 31032K(31488K)->31032K(31488K) Class: 2987K(3328K)->2987K(3328K)
[2026-04-03T01:18:48.759+0600][12.780s][info][gc             ] GC(24) Pause Young (Normal) (G1 Evacuation Pause) 83M->17M(114M) 3.349ms
[2026-04-03T01:18:48.759+0600][12.780s][info][gc,cpu         ] GC(24) User=0.03s Sys=0.00s Real=0.00s
[2026-04-03T01:18:49.066+0600][13.087s][info][gc,start       ] GC(25) Pause Young (Normal) (G1 Evacuation Pause)
[2026-04-03T01:18:49.066+0600][13.087s][info][gc,task        ] GC(25) Using 10 workers of 10 for evacuation
[2026-04-03T01:18:49.072+0600][13.093s][info][gc,phases      ] GC(25)   Pre Evacuate Collection Set: 0.21ms
[2026-04-03T01:18:49.072+0600][13.093s][info][gc,phases      ] GC(25)   Merge Heap Roots: 0.22ms
[2026-04-03T01:18:49.072+0600][13.093s][info][gc,phases      ] GC(25)   Evacuate Collection Set: 4.35ms
[2026-04-03T01:18:49.072+0600][13.093s][info][gc,phases      ] GC(25)   Post Evacuate Collection Set: 1.03ms
[2026-04-03T01:18:49.072+0600][13.094s][info][gc,phases      ] GC(25)   Other: 0.12ms
[2026-04-03T01:18:49.072+0600][13.094s][info][gc,heap        ] GC(25) Eden regions: 33->0(33)
[2026-04-03T01:18:49.072+0600][13.094s][info][gc,heap        ] GC(25) Survivor regions: 1->1(5)
[2026-04-03T01:18:49.072+0600][13.094s][info][gc,heap        ] GC(25) Old regions: 10->10
[2026-04-03T01:18:49.072+0600][13.094s][info][gc,heap        ] GC(25) Humongous regions: 0->0
[2026-04-03T01:18:49.072+0600][13.094s][info][gc,metaspace   ] GC(25) Metaspace: 34051K(34880K)->34051K(34880K) NonClass: 31064K(31552K)->31064K(31552K) Class: 2987K(3328K)->2987K(3328K)
[2026-04-03T01:18:49.072+0600][13.094s][info][gc             ] GC(25) Pause Young (Normal) (G1 Evacuation Pause) 83M->17M(114M) 6.309ms
[2026-04-03T01:18:49.072+0600][13.094s][info][gc,cpu         ] GC(25) User=0.04s Sys=0.00s Real=0.01s
[2026-04-03T01:18:49.410+0600][13.432s][info][gc,start       ] GC(26) Pause Young (Normal) (G1 Evacuation Pause)
[2026-04-03T01:18:49.411+0600][13.432s][info][gc,task        ] GC(26) Using 10 workers of 10 for evacuation
[2026-04-03T01:18:49.415+0600][13.436s][info][gc,phases      ] GC(26)   Pre Evacuate Collection Set: 0.26ms
[2026-04-03T01:18:49.415+0600][13.436s][info][gc,phases      ] GC(26)   Merge Heap Roots: 0.13ms
[2026-04-03T01:18:49.415+0600][13.436s][info][gc,phases      ] GC(26)   Evacuate Collection Set: 2.99ms
[2026-04-03T01:18:49.415+0600][13.436s][info][gc,phases      ] GC(26)   Post Evacuate Collection Set: 0.67ms
[2026-04-03T01:18:49.415+0600][13.436s][info][gc,phases      ] GC(26)   Other: 0.11ms
[2026-04-03T01:18:49.415+0600][13.436s][info][gc,heap        ] GC(26) Eden regions: 33->0(33)
[2026-04-03T01:18:49.415+0600][13.436s][info][gc,heap        ] GC(26) Survivor regions: 1->1(5)
[2026-04-03T01:18:49.415+0600][13.436s][info][gc,heap        ] GC(26) Old regions: 10->10
[2026-04-03T01:18:49.415+0600][13.436s][info][gc,heap        ] GC(26) Humongous regions: 0->0
[2026-04-03T01:18:49.415+0600][13.436s][info][gc,metaspace   ] GC(26) Metaspace: 34200K(35008K)->34200K(35008K) NonClass: 31211K(31680K)->31211K(31680K) Class: 2988K(3328K)->2988K(3328K)
[2026-04-03T01:18:49.415+0600][13.436s][info][gc             ] GC(26) Pause Young (Normal) (G1 Evacuation Pause) 83M->17M(114M) 4.471ms
[2026-04-03T01:18:49.415+0600][13.436s][info][gc,cpu         ] GC(26) User=0.03s Sys=0.01s Real=0.00s
[2026-04-03T01:18:49.767+0600][13.789s][info][gc,start       ] GC(27) Pause Young (Normal) (G1 Evacuation Pause)
[2026-04-03T01:18:49.768+0600][13.789s][info][gc,task        ] GC(27) Using 10 workers of 10 for evacuation
[2026-04-03T01:18:49.775+0600][13.797s][info][gc,phases      ] GC(27)   Pre Evacuate Collection Set: 0.33ms
[2026-04-03T01:18:49.776+0600][13.797s][info][gc,phases      ] GC(27)   Merge Heap Roots: 0.23ms
[2026-04-03T01:18:49.776+0600][13.797s][info][gc,phases      ] GC(27)   Evacuate Collection Set: 6.23ms
[2026-04-03T01:18:49.776+0600][13.797s][info][gc,phases      ] GC(27)   Post Evacuate Collection Set: 1.00ms
[2026-04-03T01:18:49.776+0600][13.797s][info][gc,phases      ] GC(27)   Other: 0.18ms
[2026-04-03T01:18:49.776+0600][13.797s][info][gc,heap        ] GC(27) Eden regions: 33->0(40)
[2026-04-03T01:18:49.776+0600][13.797s][info][gc,heap        ] GC(27) Survivor regions: 1->1(5)
[2026-04-03T01:18:49.776+0600][13.797s][info][gc,heap        ] GC(27) Old regions: 10->10
[2026-04-03T01:18:49.776+0600][13.797s][info][gc,heap        ] GC(27) Humongous regions: 0->0
[2026-04-03T01:18:49.776+0600][13.797s][info][gc,metaspace   ] GC(27) Metaspace: 34223K(35072K)->34223K(35072K) NonClass: 31234K(31744K)->31234K(31744K) Class: 2988K(3328K)->2988K(3328K)
[2026-04-03T01:18:49.776+0600][13.797s][info][gc             ] GC(27) Pause Young (Normal) (G1 Evacuation Pause) 83M->17M(138M) 8.490ms
[2026-04-03T01:18:49.776+0600][13.797s][info][gc,cpu         ] GC(27) User=0.05s Sys=0.00s Real=0.01s
[2026-04-03T01:18:50.101+0600][14.122s][info][gc,start       ] GC(28) Pause Young (Normal) (G1 Evacuation Pause)
[2026-04-03T01:18:50.101+0600][14.122s][info][gc,task        ] GC(28) Using 10 workers of 10 for evacuation
[2026-04-03T01:18:50.104+0600][14.125s][info][gc,phases      ] GC(28)   Pre Evacuate Collection Set: 0.30ms
[2026-04-03T01:18:50.104+0600][14.125s][info][gc,phases      ] GC(28)   Merge Heap Roots: 0.14ms
[2026-04-03T01:18:50.104+0600][14.125s][info][gc,phases      ] GC(28)   Evacuate Collection Set: 1.64ms
[2026-04-03T01:18:50.104+0600][14.125s][info][gc,phases      ] GC(28)   Post Evacuate Collection Set: 0.67ms
[2026-04-03T01:18:50.104+0600][14.125s][info][gc,phases      ] GC(28)   Other: 0.13ms
[2026-04-03T01:18:50.104+0600][14.125s][info][gc,heap        ] GC(28) Eden regions: 40->0(40)
[2026-04-03T01:18:50.104+0600][14.125s][info][gc,heap        ] GC(28) Survivor regions: 1->1(6)
[2026-04-03T01:18:50.104+0600][14.125s][info][gc,heap        ] GC(28) Old regions: 10->11
[2026-04-03T01:18:50.104+0600][14.125s][info][gc,heap        ] GC(28) Humongous regions: 0->0
[2026-04-03T01:18:50.104+0600][14.125s][info][gc,metaspace   ] GC(28) Metaspace: 34238K(35072K)->34238K(35072K) NonClass: 31249K(31744K)->31249K(31744K) Class: 2988K(3328K)->2988K(3328K)
[2026-04-03T01:18:50.104+0600][14.125s][info][gc             ] GC(28) Pause Young (Normal) (G1 Evacuation Pause) 97M->17M(138M) 3.285ms
[2026-04-03T01:18:50.104+0600][14.125s][info][gc,cpu         ] GC(28) User=0.02s Sys=0.00s Real=0.00s
[2026-04-03T01:18:50.412+0600][14.433s][info][gc,start       ] GC(29) Pause Young (Normal) (G1 Evacuation Pause)
[2026-04-03T01:18:50.412+0600][14.433s][info][gc,task        ] GC(29) Using 10 workers of 10 for evacuation
[2026-04-03T01:18:50.417+0600][14.438s][info][gc,phases      ] GC(29)   Pre Evacuate Collection Set: 0.48ms
[2026-04-03T01:18:50.417+0600][14.438s][info][gc,phases      ] GC(29)   Merge Heap Roots: 0.22ms
[2026-04-03T01:18:50.417+0600][14.438s][info][gc,phases      ] GC(29)   Evacuate Collection Set: 3.45ms
[2026-04-03T01:18:50.417+0600][14.438s][info][gc,phases      ] GC(29)   Post Evacuate Collection Set: 0.83ms
[2026-04-03T01:18:50.417+0600][14.438s][info][gc,phases      ] GC(29)   Other: 0.17ms
[2026-04-03T01:18:50.417+0600][14.438s][info][gc,heap        ] GC(29) Eden regions: 40->0(40)
[2026-04-03T01:18:50.417+0600][14.439s][info][gc,heap        ] GC(29) Survivor regions: 1->1(6)
[2026-04-03T01:18:50.417+0600][14.439s][info][gc,heap        ] GC(29) Old regions: 11->11
[2026-04-03T01:18:50.417+0600][14.439s][info][gc,heap        ] GC(29) Humongous regions: 0->0
[2026-04-03T01:18:50.417+0600][14.439s][info][gc,metaspace   ] GC(29) Metaspace: 34255K(35072K)->34255K(35072K) NonClass: 31266K(31744K)->31266K(31744K) Class: 2988K(3328K)->2988K(3328K)
[2026-04-03T01:18:50.417+0600][14.439s][info][gc             ] GC(29) Pause Young (Normal) (G1 Evacuation Pause) 97M->17M(138M) 5.750ms
[2026-04-03T01:18:50.417+0600][14.439s][info][gc,cpu         ] GC(29) User=0.03s Sys=0.00s Real=0.00s
[2026-04-03T01:18:50.734+0600][14.755s][info][gc,start       ] GC(30) Pause Young (Normal) (G1 Evacuation Pause)
[2026-04-03T01:18:50.734+0600][14.755s][info][gc,task        ] GC(30) Using 10 workers of 10 for evacuation
[2026-04-03T01:18:50.737+0600][14.759s][info][gc,phases      ] GC(30)   Pre Evacuate Collection Set: 0.28ms
[2026-04-03T01:18:50.737+0600][14.759s][info][gc,phases      ] GC(30)   Merge Heap Roots: 0.17ms
[2026-04-03T01:18:50.737+0600][14.759s][info][gc,phases      ] GC(30)   Evacuate Collection Set: 2.05ms
[2026-04-03T01:18:50.737+0600][14.759s][info][gc,phases      ] GC(30)   Post Evacuate Collection Set: 0.86ms
[2026-04-03T01:18:50.738+0600][14.759s][info][gc,phases      ] GC(30)   Other: 0.14ms
[2026-04-03T01:18:50.738+0600][14.759s][info][gc,heap        ] GC(30) Eden regions: 40->0(40)
[2026-04-03T01:18:50.738+0600][14.759s][info][gc,heap        ] GC(30) Survivor regions: 1->1(6)
[2026-04-03T01:18:50.738+0600][14.759s][info][gc,heap        ] GC(30) Old regions: 11->11
[2026-04-03T01:18:50.738+0600][14.759s][info][gc,heap        ] GC(30) Humongous regions: 0->0
[2026-04-03T01:18:50.738+0600][14.759s][info][gc,metaspace   ] GC(30) Metaspace: 34344K(35136K)->34344K(35136K) NonClass: 31355K(31808K)->31355K(31808K) Class: 2988K(3328K)->2988K(3328K)
[2026-04-03T01:18:50.738+0600][14.759s][info][gc             ] GC(30) Pause Young (Normal) (G1 Evacuation Pause) 97M->17M(138M) 3.967ms
[2026-04-03T01:18:50.738+0600][14.759s][info][gc,cpu         ] GC(30) User=0.02s Sys=0.00s Real=0.00s
[2026-04-03T01:18:51.089+0600][15.110s][info][gc,start       ] GC(31) Pause Young (Normal) (G1 Evacuation Pause)
[2026-04-03T01:18:51.089+0600][15.110s][info][gc,task        ] GC(31) Using 10 workers of 10 for evacuation
[2026-04-03T01:18:51.092+0600][15.113s][info][gc,phases      ] GC(31)   Pre Evacuate Collection Set: 0.40ms
[2026-04-03T01:18:51.092+0600][15.113s][info][gc,phases      ] GC(31)   Merge Heap Roots: 0.20ms
[2026-04-03T01:18:51.092+0600][15.113s][info][gc,phases      ] GC(31)   Evacuate Collection Set: 1.76ms
[2026-04-03T01:18:51.092+0600][15.113s][info][gc,phases      ] GC(31)   Post Evacuate Collection Set: 0.92ms
[2026-04-03T01:18:51.092+0600][15.113s][info][gc,phases      ] GC(31)   Other: 0.20ms
[2026-04-03T01:18:51.092+0600][15.114s][info][gc,heap        ] GC(31) Eden regions: 40->0(40)
[2026-04-03T01:18:51.092+0600][15.114s][info][gc,heap        ] GC(31) Survivor regions: 1->1(6)
[2026-04-03T01:18:51.092+0600][15.114s][info][gc,heap        ] GC(31) Old regions: 11->11
[2026-04-03T01:18:51.092+0600][15.114s][info][gc,heap        ] GC(31) Humongous regions: 0->0
[2026-04-03T01:18:51.092+0600][15.114s][info][gc,metaspace   ] GC(31) Metaspace: 34419K(35264K)->34419K(35264K) NonClass: 31431K(31936K)->31431K(31936K) Class: 2988K(3328K)->2988K(3328K)
[2026-04-03T01:18:51.092+0600][15.114s][info][gc             ] GC(31) Pause Young (Normal) (G1 Evacuation Pause) 97M->17M(138M) 3.948ms
[2026-04-03T01:18:51.093+0600][15.114s][info][gc,cpu         ] GC(31) User=0.03s Sys=0.00s Real=0.01s
[2026-04-03T01:18:51.471+0600][15.492s][info][gc,start       ] GC(32) Pause Young (Normal) (G1 Evacuation Pause)
[2026-04-03T01:18:51.471+0600][15.492s][info][gc,task        ] GC(32) Using 10 workers of 10 for evacuation
[2026-04-03T01:18:51.474+0600][15.496s][info][gc,phases      ] GC(32)   Pre Evacuate Collection Set: 0.42ms
[2026-04-03T01:18:51.474+0600][15.496s][info][gc,phases      ] GC(32)   Merge Heap Roots: 0.21ms
[2026-04-03T01:18:51.474+0600][15.496s][info][gc,phases      ] GC(32)   Evacuate Collection Set: 1.73ms
[2026-04-03T01:18:51.474+0600][15.496s][info][gc,phases      ] GC(32)   Post Evacuate Collection Set: 1.03ms
[2026-04-03T01:18:51.475+0600][15.496s][info][gc,phases      ] GC(32)   Other: 0.13ms
[2026-04-03T01:18:51.475+0600][15.496s][info][gc,heap        ] GC(32) Eden regions: 40->0(40)
[2026-04-03T01:18:51.475+0600][15.496s][info][gc,heap        ] GC(32) Survivor regions: 1->1(6)
[2026-04-03T01:18:51.475+0600][15.496s][info][gc,heap        ] GC(32) Old regions: 11->11
[2026-04-03T01:18:51.475+0600][15.496s][info][gc,heap        ] GC(32) Humongous regions: 0->0
[2026-04-03T01:18:51.475+0600][15.496s][info][gc,metaspace   ] GC(32) Metaspace: 34422K(35264K)->34422K(35264K) NonClass: 31433K(31936K)->31433K(31936K) Class: 2988K(3328K)->2988K(3328K)
[2026-04-03T01:18:51.475+0600][15.496s][info][gc             ] GC(32) Pause Young (Normal) (G1 Evacuation Pause) 97M->17M(138M) 3.962ms
[2026-04-03T01:18:51.475+0600][15.496s][info][gc,cpu         ] GC(32) User=0.02s Sys=0.00s Real=0.00s
[2026-04-03T01:18:51.791+0600][15.812s][info][gc,start       ] GC(33) Pause Young (Normal) (G1 Evacuation Pause)
[2026-04-03T01:18:51.791+0600][15.812s][info][gc,task        ] GC(33) Using 10 workers of 10 for evacuation
[2026-04-03T01:18:51.794+0600][15.815s][info][gc,phases      ] GC(33)   Pre Evacuate Collection Set: 0.36ms
[2026-04-03T01:18:51.794+0600][15.815s][info][gc,phases      ] GC(33)   Merge Heap Roots: 0.23ms
[2026-04-03T01:18:51.794+0600][15.815s][info][gc,phases      ] GC(33)   Evacuate Collection Set: 1.19ms
[2026-04-03T01:18:51.794+0600][15.815s][info][gc,phases      ] GC(33)   Post Evacuate Collection Set: 0.62ms
[2026-04-03T01:18:51.794+0600][15.815s][info][gc,phases      ] GC(33)   Other: 0.19ms
[2026-04-03T01:18:51.794+0600][15.815s][info][gc,heap        ] GC(33) Eden regions: 40->0(40)
[2026-04-03T01:18:51.794+0600][15.815s][info][gc,heap        ] GC(33) Survivor regions: 1->1(6)
[2026-04-03T01:18:51.794+0600][15.815s][info][gc,heap        ] GC(33) Old regions: 11->11
[2026-04-03T01:18:51.794+0600][15.815s][info][gc,heap        ] GC(33) Humongous regions: 0->0
[2026-04-03T01:18:51.794+0600][15.815s][info][gc,metaspace   ] GC(33) Metaspace: 34422K(35264K)->34422K(35264K) NonClass: 31433K(31936K)->31433K(31936K) Class: 2988K(3328K)->2988K(3328K)
[2026-04-03T01:18:51.794+0600][15.815s][info][gc             ] GC(33) Pause Young (Normal) (G1 Evacuation Pause) 97M->17M(138M) 3.046ms
[2026-04-03T01:18:51.794+0600][15.815s][info][gc,cpu         ] GC(33) User=0.02s Sys=0.01s Real=0.00s
[2026-04-03T01:18:52.097+0600][16.118s][info][gc,start       ] GC(34) Pause Young (Normal) (G1 Evacuation Pause)
[2026-04-03T01:18:52.097+0600][16.118s][info][gc,task        ] GC(34) Using 10 workers of 10 for evacuation
[2026-04-03T01:18:52.100+0600][16.121s][info][gc,phases      ] GC(34)   Pre Evacuate Collection Set: 0.23ms
[2026-04-03T01:18:52.100+0600][16.121s][info][gc,phases      ] GC(34)   Merge Heap Roots: 0.15ms
[2026-04-03T01:18:52.100+0600][16.121s][info][gc,phases      ] GC(34)   Evacuate Collection Set: 1.48ms
[2026-04-03T01:18:52.100+0600][16.121s][info][gc,phases      ] GC(34)   Post Evacuate Collection Set: 0.70ms
[2026-04-03T01:18:52.100+0600][16.121s][info][gc,phases      ] GC(34)   Other: 0.13ms
[2026-04-03T01:18:52.100+0600][16.121s][info][gc,heap        ] GC(34) Eden regions: 40->0(40)
[2026-04-03T01:18:52.100+0600][16.121s][info][gc,heap        ] GC(34) Survivor regions: 1->1(6)
[2026-04-03T01:18:52.100+0600][16.121s][info][gc,heap        ] GC(34) Old regions: 11->11
[2026-04-03T01:18:52.100+0600][16.121s][info][gc,heap        ] GC(34) Humongous regions: 0->0
[2026-04-03T01:18:52.100+0600][16.121s][info][gc,metaspace   ] GC(34) Metaspace: 34519K(35392K)->34519K(35392K) NonClass: 31530K(32064K)->31530K(32064K) Class: 2988K(3328K)->2988K(3328K)
[2026-04-03T01:18:52.100+0600][16.121s][info][gc             ] GC(34) Pause Young (Normal) (G1 Evacuation Pause) 97M->17M(138M) 3.043ms
[2026-04-03T01:18:52.100+0600][16.121s][info][gc,cpu         ] GC(34) User=0.02s Sys=0.00s Real=0.01s
[2026-04-03T01:18:52.375+0600][16.396s][info][gc,start       ] GC(35) Pause Young (Normal) (G1 Evacuation Pause)
[2026-04-03T01:18:52.375+0600][16.396s][info][gc,task        ] GC(35) Using 10 workers of 10 for evacuation
[2026-04-03T01:18:52.376+0600][16.398s][info][gc,phases      ] GC(35)   Pre Evacuate Collection Set: 0.19ms
[2026-04-03T01:18:52.377+0600][16.398s][info][gc,phases      ] GC(35)   Merge Heap Roots: 0.13ms
[2026-04-03T01:18:52.377+0600][16.398s][info][gc,phases      ] GC(35)   Evacuate Collection Set: 0.89ms
[2026-04-03T01:18:52.377+0600][16.398s][info][gc,phases      ] GC(35)   Post Evacuate Collection Set: 0.48ms
[2026-04-03T01:18:52.377+0600][16.398s][info][gc,phases      ] GC(35)   Other: 0.11ms
[2026-04-03T01:18:52.377+0600][16.398s][info][gc,heap        ] GC(35) Eden regions: 40->0(40)
[2026-04-03T01:18:52.377+0600][16.398s][info][gc,heap        ] GC(35) Survivor regions: 1->1(6)
[2026-04-03T01:18:52.377+0600][16.398s][info][gc,heap        ] GC(35) Old regions: 11->11
[2026-04-03T01:18:52.377+0600][16.398s][info][gc,heap        ] GC(35) Humongous regions: 0->0
[2026-04-03T01:18:52.377+0600][16.398s][info][gc,metaspace   ] GC(35) Metaspace: 34558K(35392K)->34558K(35392K) NonClass: 31569K(32064K)->31569K(32064K) Class: 2989K(3328K)->2989K(3328K)
[2026-04-03T01:18:52.377+0600][16.398s][info][gc             ] GC(35) Pause Young (Normal) (G1 Evacuation Pause) 97M->17M(138M) 2.075ms
[2026-04-03T01:18:52.377+0600][16.398s][info][gc,cpu         ] GC(35) User=0.01s Sys=0.00s Real=0.00s
[2026-04-03T01:18:52.623+0600][16.645s][info][gc,start       ] GC(36) Pause Young (Normal) (G1 Evacuation Pause)
[2026-04-03T01:18:52.624+0600][16.645s][info][gc,task        ] GC(36) Using 10 workers of 10 for evacuation
[2026-04-03T01:18:52.627+0600][16.648s][info][gc,phases      ] GC(36)   Pre Evacuate Collection Set: 0.27ms
[2026-04-03T01:18:52.627+0600][16.648s][info][gc,phases      ] GC(36)   Merge Heap Roots: 0.16ms
[2026-04-03T01:18:52.627+0600][16.648s][info][gc,phases      ] GC(36)   Evacuate Collection Set: 1.68ms
[2026-04-03T01:18:52.627+0600][16.648s][info][gc,phases      ] GC(36)   Post Evacuate Collection Set: 0.89ms
[2026-04-03T01:18:52.627+0600][16.648s][info][gc,phases      ] GC(36)   Other: 0.19ms
[2026-04-03T01:18:52.627+0600][16.648s][info][gc,heap        ] GC(36) Eden regions: 40->0(40)
[2026-04-03T01:18:52.627+0600][16.648s][info][gc,heap        ] GC(36) Survivor regions: 1->1(6)
[2026-04-03T01:18:52.627+0600][16.648s][info][gc,heap        ] GC(36) Old regions: 11->11
[2026-04-03T01:18:52.627+0600][16.648s][info][gc,heap        ] GC(36) Humongous regions: 0->0
[2026-04-03T01:18:52.627+0600][16.648s][info][gc,metaspace   ] GC(36) Metaspace: 34558K(35392K)->34558K(35392K) NonClass: 31569K(32064K)->31569K(32064K) Class: 2989K(3328K)->2989K(3328K)
[2026-04-03T01:18:52.627+0600][16.648s][info][gc             ] GC(36) Pause Young (Normal) (G1 Evacuation Pause) 97M->17M(138M) 3.640ms
[2026-04-03T01:18:52.627+0600][16.648s][info][gc,cpu         ] GC(36) User=0.02s Sys=0.00s Real=0.00s
[2026-04-03T01:18:52.887+0600][16.908s][info][gc,start       ] GC(37) Pause Young (Normal) (G1 Evacuation Pause)
[2026-04-03T01:18:52.887+0600][16.909s][info][gc,task        ] GC(37) Using 10 workers of 10 for evacuation
[2026-04-03T01:18:52.890+0600][16.911s][info][gc,phases      ] GC(37)   Pre Evacuate Collection Set: 0.21ms
[2026-04-03T01:18:52.890+0600][16.911s][info][gc,phases      ] GC(37)   Merge Heap Roots: 0.15ms
[2026-04-03T01:18:52.890+0600][16.911s][info][gc,phases      ] GC(37)   Evacuate Collection Set: 1.14ms
[2026-04-03T01:18:52.890+0600][16.911s][info][gc,phases      ] GC(37)   Post Evacuate Collection Set: 0.75ms
[2026-04-03T01:18:52.890+0600][16.911s][info][gc,phases      ] GC(37)   Other: 0.10ms
[2026-04-03T01:18:52.890+0600][16.911s][info][gc,heap        ] GC(37) Eden regions: 40->0(48)
[2026-04-03T01:18:52.890+0600][16.911s][info][gc,heap        ] GC(37) Survivor regions: 1->1(6)
[2026-04-03T01:18:52.890+0600][16.911s][info][gc,heap        ] GC(37) Old regions: 11->11
[2026-04-03T01:18:52.890+0600][16.911s][info][gc,heap        ] GC(37) Humongous regions: 0->0
[2026-04-03T01:18:52.890+0600][16.911s][info][gc,metaspace   ] GC(37) Metaspace: 34558K(35392K)->34558K(35392K) NonClass: 31569K(32064K)->31569K(32064K) Class: 2989K(3328K)->2989K(3328K)
[2026-04-03T01:18:52.890+0600][16.911s][info][gc             ] GC(37) Pause Young (Normal) (G1 Evacuation Pause) 97M->17M(166M) 2.718ms
[2026-04-03T01:18:52.890+0600][16.911s][info][gc,cpu         ] GC(37) User=0.01s Sys=0.00s Real=0.01s
[2026-04-03T01:18:53.249+0600][17.270s][info][gc,start       ] GC(38) Pause Young (Normal) (G1 Evacuation Pause)
[2026-04-03T01:18:53.249+0600][17.270s][info][gc,task        ] GC(38) Using 10 workers of 10 for evacuation
[2026-04-03T01:18:53.252+0600][17.273s][info][gc,phases      ] GC(38)   Pre Evacuate Collection Set: 0.34ms
[2026-04-03T01:18:53.252+0600][17.273s][info][gc,phases      ] GC(38)   Merge Heap Roots: 0.28ms
[2026-04-03T01:18:53.252+0600][17.273s][info][gc,phases      ] GC(38)   Evacuate Collection Set: 1.22ms
[2026-04-03T01:18:53.252+0600][17.273s][info][gc,phases      ] GC(38)   Post Evacuate Collection Set: 0.89ms
[2026-04-03T01:18:53.252+0600][17.273s][info][gc,phases      ] GC(38)   Other: 0.25ms
[2026-04-03T01:18:53.252+0600][17.273s][info][gc,heap        ] GC(38) Eden regions: 48->0(48)
[2026-04-03T01:18:53.252+0600][17.273s][info][gc,heap        ] GC(38) Survivor regions: 1->1(7)
[2026-04-03T01:18:53.252+0600][17.273s][info][gc,heap        ] GC(38) Old regions: 11->11
[2026-04-03T01:18:53.252+0600][17.273s][info][gc,heap        ] GC(38) Humongous regions: 0->0
[2026-04-03T01:18:53.252+0600][17.274s][info][gc,metaspace   ] GC(38) Metaspace: 34592K(35392K)->34592K(35392K) NonClass: 31603K(32064K)->31603K(32064K) Class: 2989K(3328K)->2989K(3328K)
[2026-04-03T01:18:53.252+0600][17.274s][info][gc             ] GC(38) Pause Young (Normal) (G1 Evacuation Pause) 113M->17M(166M) 3.471ms
[2026-04-03T01:18:53.252+0600][17.274s][info][gc,cpu         ] GC(38) User=0.01s Sys=0.00s Real=0.01s
[2026-04-03T01:18:53.563+0600][17.584s][info][gc,start       ] GC(39) Pause Young (Normal) (G1 Evacuation Pause)
[2026-04-03T01:18:53.563+0600][17.584s][info][gc,task        ] GC(39) Using 10 workers of 10 for evacuation
[2026-04-03T01:18:53.568+0600][17.589s][info][gc,phases      ] GC(39)   Pre Evacuate Collection Set: 0.39ms
[2026-04-03T01:18:53.568+0600][17.589s][info][gc,phases      ] GC(39)   Merge Heap Roots: 0.20ms
[2026-04-03T01:18:53.568+0600][17.589s][info][gc,phases      ] GC(39)   Evacuate Collection Set: 2.90ms
[2026-04-03T01:18:53.568+0600][17.589s][info][gc,phases      ] GC(39)   Post Evacuate Collection Set: 0.85ms
[2026-04-03T01:18:53.568+0600][17.589s][info][gc,phases      ] GC(39)   Other: 0.12ms
[2026-04-03T01:18:53.568+0600][17.589s][info][gc,heap        ] GC(39) Eden regions: 48->0(48)
[2026-04-03T01:18:53.568+0600][17.589s][info][gc,heap        ] GC(39) Survivor regions: 1->1(7)
[2026-04-03T01:18:53.568+0600][17.589s][info][gc,heap        ] GC(39) Old regions: 11->11
[2026-04-03T01:18:53.568+0600][17.589s][info][gc,heap        ] GC(39) Humongous regions: 0->0
[2026-04-03T01:18:53.568+0600][17.589s][info][gc,metaspace   ] GC(39) Metaspace: 34608K(35392K)->34608K(35392K) NonClass: 31618K(32064K)->31618K(32064K) Class: 2989K(3328K)->2989K(3328K)
[2026-04-03T01:18:53.568+0600][17.589s][info][gc             ] GC(39) Pause Young (Normal) (G1 Evacuation Pause) 113M->17M(166M) 4.866ms
[2026-04-03T01:18:53.568+0600][17.589s][info][gc,cpu         ] GC(39) User=0.02s Sys=0.00s Real=0.00s
[2026-04-03T01:18:53.843+0600][17.864s][info][gc,start       ] GC(40) Pause Young (Normal) (G1 Evacuation Pause)
[2026-04-03T01:18:53.843+0600][17.864s][info][gc,task        ] GC(40) Using 10 workers of 10 for evacuation
[2026-04-03T01:18:53.845+0600][17.866s][info][gc,phases      ] GC(40)   Pre Evacuate Collection Set: 0.25ms
[2026-04-03T01:18:53.845+0600][17.866s][info][gc,phases      ] GC(40)   Merge Heap Roots: 0.14ms
[2026-04-03T01:18:53.845+0600][17.866s][info][gc,phases      ] GC(40)   Evacuate Collection Set: 0.62ms
[2026-04-03T01:18:53.845+0600][17.866s][info][gc,phases      ] GC(40)   Post Evacuate Collection Set: 0.52ms
[2026-04-03T01:18:53.845+0600][17.866s][info][gc,phases      ] GC(40)   Other: 0.11ms
[2026-04-03T01:18:53.845+0600][17.866s][info][gc,heap        ] GC(40) Eden regions: 48->0(48)
[2026-04-03T01:18:53.845+0600][17.866s][info][gc,heap        ] GC(40) Survivor regions: 1->1(7)
[2026-04-03T01:18:53.845+0600][17.866s][info][gc,heap        ] GC(40) Old regions: 11->11
[2026-04-03T01:18:53.845+0600][17.866s][info][gc,heap        ] GC(40) Humongous regions: 0->0
[2026-04-03T01:18:53.845+0600][17.866s][info][gc,metaspace   ] GC(40) Metaspace: 34608K(35392K)->34608K(35392K) NonClass: 31618K(32064K)->31618K(32064K) Class: 2989K(3328K)->2989K(3328K)
[2026-04-03T01:18:53.845+0600][17.866s][info][gc             ] GC(40) Pause Young (Normal) (G1 Evacuation Pause) 113M->17M(166M) 1.967ms
[2026-04-03T01:18:53.845+0600][17.866s][info][gc,cpu         ] GC(40) User=0.00s Sys=0.00s Real=0.00s
[2026-04-03T01:18:54.135+0600][18.157s][info][gc,start       ] GC(41) Pause Young (Normal) (G1 Evacuation Pause)
[2026-04-03T01:18:54.136+0600][18.157s][info][gc,task        ] GC(41) Using 10 workers of 10 for evacuation
[2026-04-03T01:18:54.138+0600][18.159s][info][gc,phases      ] GC(41)   Pre Evacuate Collection Set: 0.39ms
[2026-04-03T01:18:54.138+0600][18.159s][info][gc,phases      ] GC(41)   Merge Heap Roots: 0.20ms
[2026-04-03T01:18:54.138+0600][18.159s][info][gc,phases      ] GC(41)   Evacuate Collection Set: 0.84ms
[2026-04-03T01:18:54.138+0600][18.159s][info][gc,phases      ] GC(41)   Post Evacuate Collection Set: 0.66ms
[2026-04-03T01:18:54.138+0600][18.159s][info][gc,phases      ] GC(41)   Other: 0.16ms
[2026-04-03T01:18:54.138+0600][18.159s][info][gc,heap        ] GC(41) Eden regions: 48->0(48)
[2026-04-03T01:18:54.138+0600][18.159s][info][gc,heap        ] GC(41) Survivor regions: 1->1(7)
[2026-04-03T01:18:54.138+0600][18.159s][info][gc,heap        ] GC(41) Old regions: 11->11
[2026-04-03T01:18:54.138+0600][18.159s][info][gc,heap        ] GC(41) Humongous regions: 0->0
[2026-04-03T01:18:54.138+0600][18.159s][info][gc,metaspace   ] GC(41) Metaspace: 34608K(35392K)->34608K(35392K) NonClass: 31618K(32064K)->31618K(32064K) Class: 2989K(3328K)->2989K(3328K)
[2026-04-03T01:18:54.138+0600][18.159s][info][gc             ] GC(41) Pause Young (Normal) (G1 Evacuation Pause) 113M->17M(166M) 2.701ms
[2026-04-03T01:18:54.138+0600][18.159s][info][gc,cpu         ] GC(41) User=0.01s Sys=0.01s Real=0.00s
[2026-04-03T01:18:54.499+0600][18.520s][info][gc,start       ] GC(42) Pause Young (Normal) (G1 Evacuation Pause)
[2026-04-03T01:18:54.499+0600][18.521s][info][gc,task        ] GC(42) Using 10 workers of 10 for evacuation
[2026-04-03T01:18:54.502+0600][18.523s][info][gc,phases      ] GC(42)   Pre Evacuate Collection Set: 0.32ms
[2026-04-03T01:18:54.502+0600][18.523s][info][gc,phases      ] GC(42)   Merge Heap Roots: 0.25ms
[2026-04-03T01:18:54.502+0600][18.523s][info][gc,phases      ] GC(42)   Evacuate Collection Set: 0.97ms
[2026-04-03T01:18:54.502+0600][18.523s][info][gc,phases      ] GC(42)   Post Evacuate Collection Set: 0.57ms
[2026-04-03T01:18:54.502+0600][18.523s][info][gc,phases      ] GC(42)   Other: 0.14ms
[2026-04-03T01:18:54.502+0600][18.523s][info][gc,heap        ] GC(42) Eden regions: 48->0(48)
[2026-04-03T01:18:54.502+0600][18.523s][info][gc,heap        ] GC(42) Survivor regions: 1->1(7)
[2026-04-03T01:18:54.502+0600][18.523s][info][gc,heap        ] GC(42) Old regions: 11->11
[2026-04-03T01:18:54.502+0600][18.523s][info][gc,heap        ] GC(42) Humongous regions: 0->0
[2026-04-03T01:18:54.502+0600][18.523s][info][gc,metaspace   ] GC(42) Metaspace: 34627K(35456K)->34627K(35456K) NonClass: 31637K(32128K)->31637K(32128K) Class: 2990K(3328K)->2990K(3328K)
[2026-04-03T01:18:54.502+0600][18.523s][info][gc             ] GC(42) Pause Young (Normal) (G1 Evacuation Pause) 113M->17M(166M) 2.873ms
[2026-04-03T01:18:54.502+0600][18.523s][info][gc,cpu         ] GC(42) User=0.01s Sys=0.00s Real=0.01s
[2026-04-03T01:18:54.981+0600][19.002s][info][gc,start       ] GC(43) Pause Young (Normal) (G1 Evacuation Pause)
[2026-04-03T01:18:54.981+0600][19.003s][info][gc,task        ] GC(43) Using 10 workers of 10 for evacuation
[2026-04-03T01:18:54.983+0600][19.004s][info][gc,phases      ] GC(43)   Pre Evacuate Collection Set: 0.22ms
[2026-04-03T01:18:54.983+0600][19.004s][info][gc,phases      ] GC(43)   Merge Heap Roots: 0.17ms
[2026-04-03T01:18:54.983+0600][19.004s][info][gc,phases      ] GC(43)   Evacuate Collection Set: 0.85ms
[2026-04-03T01:18:54.983+0600][19.004s][info][gc,phases      ] GC(43)   Post Evacuate Collection Set: 0.53ms
[2026-04-03T01:18:54.983+0600][19.004s][info][gc,phases      ] GC(43)   Other: 0.10ms
[2026-04-03T01:18:54.983+0600][19.005s][info][gc,heap        ] GC(43) Eden regions: 48->0(48)
[2026-04-03T01:18:54.983+0600][19.005s][info][gc,heap        ] GC(43) Survivor regions: 1->1(7)
[2026-04-03T01:18:54.983+0600][19.005s][info][gc,heap        ] GC(43) Old regions: 11->11
[2026-04-03T01:18:54.983+0600][19.005s][info][gc,heap        ] GC(43) Humongous regions: 0->0
[2026-04-03T01:18:54.983+0600][19.005s][info][gc,metaspace   ] GC(43) Metaspace: 34627K(35456K)->34627K(35456K) NonClass: 31637K(32128K)->31637K(32128K) Class: 2990K(3328K)->2990K(3328K)
[2026-04-03T01:18:54.983+0600][19.005s][info][gc             ] GC(43) Pause Young (Normal) (G1 Evacuation Pause) 113M->17M(166M) 2.165ms
[2026-04-03T01:18:54.983+0600][19.005s][info][gc,cpu         ] GC(43) User=0.01s Sys=0.00s Real=0.00s
[2026-04-03T01:18:55.257+0600][19.278s][info][gc,start       ] GC(44) Pause Young (Normal) (G1 Evacuation Pause)
[2026-04-03T01:18:55.257+0600][19.279s][info][gc,task        ] GC(44) Using 10 workers of 10 for evacuation
[2026-04-03T01:18:55.259+0600][19.280s][info][gc,phases      ] GC(44)   Pre Evacuate Collection Set: 0.23ms
[2026-04-03T01:18:55.259+0600][19.280s][info][gc,phases      ] GC(44)   Merge Heap Roots: 0.20ms
[2026-04-03T01:18:55.259+0600][19.280s][info][gc,phases      ] GC(44)   Evacuate Collection Set: 0.84ms
[2026-04-03T01:18:55.259+0600][19.280s][info][gc,phases      ] GC(44)   Post Evacuate Collection Set: 0.55ms
[2026-04-03T01:18:55.259+0600][19.280s][info][gc,phases      ] GC(44)   Other: 0.10ms
[2026-04-03T01:18:55.259+0600][19.281s][info][gc,heap        ] GC(44) Eden regions: 48->0(48)
[2026-04-03T01:18:55.259+0600][19.281s][info][gc,heap        ] GC(44) Survivor regions: 1->1(7)
[2026-04-03T01:18:55.259+0600][19.281s][info][gc,heap        ] GC(44) Old regions: 11->11
[2026-04-03T01:18:55.259+0600][19.281s][info][gc,heap        ] GC(44) Humongous regions: 0->0
[2026-04-03T01:18:55.259+0600][19.281s][info][gc,metaspace   ] GC(44) Metaspace: 34627K(35456K)->34627K(35456K) NonClass: 31637K(32128K)->31637K(32128K) Class: 2990K(3328K)->2990K(3328K)
[2026-04-03T01:18:55.259+0600][19.281s][info][gc             ] GC(44) Pause Young (Normal) (G1 Evacuation Pause) 113M->17M(166M) 2.211ms
[2026-04-03T01:18:55.259+0600][19.281s][info][gc,cpu         ] GC(44) User=0.01s Sys=0.00s Real=0.00s
[2026-04-03T01:18:55.525+0600][19.546s][info][gc,start       ] GC(45) Pause Young (Normal) (G1 Evacuation Pause)
[2026-04-03T01:18:55.525+0600][19.546s][info][gc,task        ] GC(45) Using 10 workers of 10 for evacuation
[2026-04-03T01:18:55.527+0600][19.548s][info][gc,phases      ] GC(45)   Pre Evacuate Collection Set: 0.24ms
[2026-04-03T01:18:55.527+0600][19.548s][info][gc,phases      ] GC(45)   Merge Heap Roots: 0.12ms
[2026-04-03T01:18:55.527+0600][19.548s][info][gc,phases      ] GC(45)   Evacuate Collection Set: 0.87ms
[2026-04-03T01:18:55.527+0600][19.548s][info][gc,phases      ] GC(45)   Post Evacuate Collection Set: 0.63ms
[2026-04-03T01:18:55.527+0600][19.548s][info][gc,phases      ] GC(45)   Other: 0.12ms
[2026-04-03T01:18:55.527+0600][19.548s][info][gc,heap        ] GC(45) Eden regions: 48->0(48)
[2026-04-03T01:18:55.527+0600][19.548s][info][gc,heap        ] GC(45) Survivor regions: 1->1(7)
[2026-04-03T01:18:55.527+0600][19.548s][info][gc,heap        ] GC(45) Old regions: 11->11
[2026-04-03T01:18:55.527+0600][19.548s][info][gc,heap        ] GC(45) Humongous regions: 0->0
[2026-04-03T01:18:55.527+0600][19.548s][info][gc,metaspace   ] GC(45) Metaspace: 34630K(35456K)->34630K(35456K) NonClass: 31639K(32128K)->31639K(32128K) Class: 2990K(3328K)->2990K(3328K)
[2026-04-03T01:18:55.527+0600][19.548s][info][gc             ] GC(45) Pause Young (Normal) (G1 Evacuation Pause) 113M->17M(166M) 2.323ms
[2026-04-03T01:18:55.527+0600][19.548s][info][gc,cpu         ] GC(45) User=0.01s Sys=0.01s Real=0.00s
[2026-04-03T01:18:55.803+0600][19.825s][info][gc,start       ] GC(46) Pause Young (Normal) (G1 Evacuation Pause)
[2026-04-03T01:18:55.803+0600][19.825s][info][gc,task        ] GC(46) Using 10 workers of 10 for evacuation
[2026-04-03T01:18:55.805+0600][19.826s][info][gc,phases      ] GC(46)   Pre Evacuate Collection Set: 0.17ms
[2026-04-03T01:18:55.805+0600][19.826s][info][gc,phases      ] GC(46)   Merge Heap Roots: 0.14ms
[2026-04-03T01:18:55.805+0600][19.826s][info][gc,phases      ] GC(46)   Evacuate Collection Set: 0.64ms
[2026-04-03T01:18:55.805+0600][19.826s][info][gc,phases      ] GC(46)   Post Evacuate Collection Set: 0.41ms
[2026-04-03T01:18:55.805+0600][19.826s][info][gc,phases      ] GC(46)   Other: 0.09ms
[2026-04-03T01:18:55.805+0600][19.826s][info][gc,heap        ] GC(46) Eden regions: 48->0(48)
[2026-04-03T01:18:55.805+0600][19.826s][info][gc,heap        ] GC(46) Survivor regions: 1->1(7)
[2026-04-03T01:18:55.805+0600][19.826s][info][gc,heap        ] GC(46) Old regions: 11->11
[2026-04-03T01:18:55.805+0600][19.826s][info][gc,heap        ] GC(46) Humongous regions: 0->0
[2026-04-03T01:18:55.805+0600][19.826s][info][gc,metaspace   ] GC(46) Metaspace: 34632K(35456K)->34632K(35456K) NonClass: 31642K(32128K)->31642K(32128K) Class: 2990K(3328K)->2990K(3328K)
[2026-04-03T01:18:55.805+0600][19.826s][info][gc             ] GC(46) Pause Young (Normal) (G1 Evacuation Pause) 113M->17M(166M) 1.732ms
[2026-04-03T01:18:55.805+0600][19.826s][info][gc,cpu         ] GC(46) User=0.01s Sys=0.01s Real=0.00s
[2026-04-03T01:18:56.036+0600][20.057s][info][gc,start       ] GC(47) Pause Young (Normal) (G1 Evacuation Pause)
[2026-04-03T01:18:56.036+0600][20.058s][info][gc,task        ] GC(47) Using 10 workers of 10 for evacuation
[2026-04-03T01:18:56.038+0600][20.059s][info][gc,phases      ] GC(47)   Pre Evacuate Collection Set: 0.22ms
[2026-04-03T01:18:56.038+0600][20.060s][info][gc,phases      ] GC(47)   Merge Heap Roots: 0.21ms
[2026-04-03T01:18:56.038+0600][20.060s][info][gc,phases      ] GC(47)   Evacuate Collection Set: 0.88ms
[2026-04-03T01:18:56.038+0600][20.060s][info][gc,phases      ] GC(47)   Post Evacuate Collection Set: 0.49ms
[2026-04-03T01:18:56.038+0600][20.060s][info][gc,phases      ] GC(47)   Other: 0.11ms
[2026-04-03T01:18:56.038+0600][20.060s][info][gc,heap        ] GC(47) Eden regions: 48->0(48)
[2026-04-03T01:18:56.038+0600][20.060s][info][gc,heap        ] GC(47) Survivor regions: 1->1(7)
[2026-04-03T01:18:56.038+0600][20.060s][info][gc,heap        ] GC(47) Old regions: 11->11
[2026-04-03T01:18:56.038+0600][20.060s][info][gc,heap        ] GC(47) Humongous regions: 0->0
[2026-04-03T01:18:56.038+0600][20.060s][info][gc,metaspace   ] GC(47) Metaspace: 34632K(35456K)->34632K(35456K) NonClass: 31642K(32128K)->31642K(32128K) Class: 2990K(3328K)->2990K(3328K)
[2026-04-03T01:18:56.038+0600][20.060s][info][gc             ] GC(47) Pause Young (Normal) (G1 Evacuation Pause) 113M->17M(166M) 2.221ms
[2026-04-03T01:18:56.039+0600][20.060s][info][gc,cpu         ] GC(47) User=0.01s Sys=0.00s Real=0.00s
[2026-04-03T01:18:56.267+0600][20.288s][info][gc,start       ] GC(48) Pause Young (Normal) (G1 Evacuation Pause)
[2026-04-03T01:18:56.267+0600][20.288s][info][gc,task        ] GC(48) Using 10 workers of 10 for evacuation
[2026-04-03T01:18:56.268+0600][20.289s][info][gc,phases      ] GC(48)   Pre Evacuate Collection Set: 0.20ms
[2026-04-03T01:18:56.268+0600][20.289s][info][gc,phases      ] GC(48)   Merge Heap Roots: 0.10ms
[2026-04-03T01:18:56.268+0600][20.289s][info][gc,phases      ] GC(48)   Evacuate Collection Set: 0.65ms
[2026-04-03T01:18:56.268+0600][20.289s][info][gc,phases      ] GC(48)   Post Evacuate Collection Set: 0.51ms
[2026-04-03T01:18:56.268+0600][20.289s][info][gc,phases      ] GC(48)   Other: 0.09ms
[2026-04-03T01:18:56.268+0600][20.289s][info][gc,heap        ] GC(48) Eden regions: 48->0(48)
[2026-04-03T01:18:56.268+0600][20.289s][info][gc,heap        ] GC(48) Survivor regions: 1->1(7)
[2026-04-03T01:18:56.268+0600][20.290s][info][gc,heap        ] GC(48) Old regions: 11->11
[2026-04-03T01:18:56.268+0600][20.290s][info][gc,heap        ] GC(48) Humongous regions: 0->0
[2026-04-03T01:18:56.268+0600][20.290s][info][gc,metaspace   ] GC(48) Metaspace: 34632K(35456K)->34632K(35456K) NonClass: 31642K(32128K)->31642K(32128K) Class: 2990K(3328K)->2990K(3328K)
[2026-04-03T01:18:56.268+0600][20.290s][info][gc             ] GC(48) Pause Young (Normal) (G1 Evacuation Pause) 113M->17M(166M) 1.837ms
[2026-04-03T01:18:56.268+0600][20.290s][info][gc,cpu         ] GC(48) User=0.01s Sys=0.00s Real=0.00s
[2026-04-03T01:18:56.502+0600][20.523s][info][gc,start       ] GC(49) Pause Young (Normal) (G1 Evacuation Pause)
[2026-04-03T01:18:56.502+0600][20.523s][info][gc,task        ] GC(49) Using 10 workers of 10 for evacuation
[2026-04-03T01:18:56.504+0600][20.525s][info][gc,phases      ] GC(49)   Pre Evacuate Collection Set: 0.19ms
[2026-04-03T01:18:56.504+0600][20.525s][info][gc,phases      ] GC(49)   Merge Heap Roots: 0.14ms
[2026-04-03T01:18:56.504+0600][20.525s][info][gc,phases      ] GC(49)   Evacuate Collection Set: 0.72ms
[2026-04-03T01:18:56.504+0600][20.525s][info][gc,phases      ] GC(49)   Post Evacuate Collection Set: 0.44ms
[2026-04-03T01:18:56.504+0600][20.525s][info][gc,phases      ] GC(49)   Other: 0.09ms
[2026-04-03T01:18:56.504+0600][20.525s][info][gc,heap        ] GC(49) Eden regions: 48->0(48)
[2026-04-03T01:18:56.504+0600][20.525s][info][gc,heap        ] GC(49) Survivor regions: 1->1(7)
[2026-04-03T01:18:56.504+0600][20.525s][info][gc,heap        ] GC(49) Old regions: 11->11
[2026-04-03T01:18:56.504+0600][20.525s][info][gc,heap        ] GC(49) Humongous regions: 0->0
[2026-04-03T01:18:56.504+0600][20.525s][info][gc,metaspace   ] GC(49) Metaspace: 34636K(35456K)->34636K(35456K) NonClass: 31646K(32128K)->31646K(32128K) Class: 2990K(3328K)->2990K(3328K)
[2026-04-03T01:18:56.504+0600][20.525s][info][gc             ] GC(49) Pause Young (Normal) (G1 Evacuation Pause) 113M->17M(166M) 1.887ms
[2026-04-03T01:18:56.504+0600][20.525s][info][gc,cpu         ] GC(49) User=0.01s Sys=0.00s Real=0.00s
[2026-04-03T01:18:56.739+0600][20.760s][info][gc,start       ] GC(50) Pause Young (Normal) (G1 Evacuation Pause)
[2026-04-03T01:18:56.739+0600][20.761s][info][gc,task        ] GC(50) Using 10 workers of 10 for evacuation
[2026-04-03T01:18:56.741+0600][20.763s][info][gc,phases      ] GC(50)   Pre Evacuate Collection Set: 0.31ms
[2026-04-03T01:18:56.741+0600][20.763s][info][gc,phases      ] GC(50)   Merge Heap Roots: 0.15ms
[2026-04-03T01:18:56.741+0600][20.763s][info][gc,phases      ] GC(50)   Evacuate Collection Set: 0.75ms
[2026-04-03T01:18:56.741+0600][20.763s][info][gc,phases      ] GC(50)   Post Evacuate Collection Set: 0.62ms
[2026-04-03T01:18:56.741+0600][20.763s][info][gc,phases      ] GC(50)   Other: 0.13ms
[2026-04-03T01:18:56.741+0600][20.763s][info][gc,heap        ] GC(50) Eden regions: 48->0(48)
[2026-04-03T01:18:56.741+0600][20.763s][info][gc,heap        ] GC(50) Survivor regions: 1->1(7)
[2026-04-03T01:18:56.742+0600][20.763s][info][gc,heap        ] GC(50) Old regions: 11->11
[2026-04-03T01:18:56.742+0600][20.763s][info][gc,heap        ] GC(50) Humongous regions: 0->0
[2026-04-03T01:18:56.742+0600][20.763s][info][gc,metaspace   ] GC(50) Metaspace: 34636K(35456K)->34636K(35456K) NonClass: 31646K(32128K)->31646K(32128K) Class: 2990K(3328K)->2990K(3328K)
[2026-04-03T01:18:56.742+0600][20.763s][info][gc             ] GC(50) Pause Young (Normal) (G1 Evacuation Pause) 113M->17M(166M) 2.364ms
[2026-04-03T01:18:56.742+0600][20.763s][info][gc,cpu         ] GC(50) User=0.01s Sys=0.00s Real=0.01s
[2026-04-03T01:18:56.997+0600][21.018s][info][gc,start       ] GC(51) Pause Young (Normal) (G1 Evacuation Pause)
[2026-04-03T01:18:56.997+0600][21.018s][info][gc,task        ] GC(51) Using 10 workers of 10 for evacuation
[2026-04-03T01:18:56.999+0600][21.020s][info][gc,phases      ] GC(51)   Pre Evacuate Collection Set: 0.24ms
[2026-04-03T01:18:56.999+0600][21.020s][info][gc,phases      ] GC(51)   Merge Heap Roots: 0.13ms
[2026-04-03T01:18:56.999+0600][21.020s][info][gc,phases      ] GC(51)   Evacuate Collection Set: 1.13ms
[2026-04-03T01:18:56.999+0600][21.020s][info][gc,phases      ] GC(51)   Post Evacuate Collection Set: 0.54ms
[2026-04-03T01:18:56.999+0600][21.020s][info][gc,phases      ] GC(51)   Other: 0.11ms
[2026-04-03T01:18:56.999+0600][21.020s][info][gc,heap        ] GC(51) Eden regions: 48->0(48)
[2026-04-03T01:18:56.999+0600][21.020s][info][gc,heap        ] GC(51) Survivor regions: 1->1(7)
[2026-04-03T01:18:56.999+0600][21.020s][info][gc,heap        ] GC(51) Old regions: 11->11
[2026-04-03T01:18:56.999+0600][21.020s][info][gc,heap        ] GC(51) Humongous regions: 0->0
[2026-04-03T01:18:56.999+0600][21.020s][info][gc,metaspace   ] GC(51) Metaspace: 34636K(35456K)->34636K(35456K) NonClass: 31646K(32128K)->31646K(32128K) Class: 2990K(3328K)->2990K(3328K)
[2026-04-03T01:18:56.999+0600][21.020s][info][gc             ] GC(51) Pause Young (Normal) (G1 Evacuation Pause) 113M->17M(166M) 2.451ms
[2026-04-03T01:18:56.999+0600][21.020s][info][gc,cpu         ] GC(51) User=0.01s Sys=0.00s Real=0.00s
[2026-04-03T01:18:57.224+0600][21.245s][info][gc,start       ] GC(52) Pause Young (Normal) (G1 Evacuation Pause)
[2026-04-03T01:18:57.224+0600][21.245s][info][gc,task        ] GC(52) Using 10 workers of 10 for evacuation
[2026-04-03T01:18:57.225+0600][21.247s][info][gc,phases      ] GC(52)   Pre Evacuate Collection Set: 0.18ms
[2026-04-03T01:18:57.225+0600][21.247s][info][gc,phases      ] GC(52)   Merge Heap Roots: 0.11ms
[2026-04-03T01:18:57.225+0600][21.247s][info][gc,phases      ] GC(52)   Evacuate Collection Set: 0.65ms
[2026-04-03T01:18:57.225+0600][21.247s][info][gc,phases      ] GC(52)   Post Evacuate Collection Set: 0.40ms
[2026-04-03T01:18:57.226+0600][21.247s][info][gc,phases      ] GC(52)   Other: 0.09ms
[2026-04-03T01:18:57.226+0600][21.247s][info][gc,heap        ] GC(52) Eden regions: 48->0(48)
[2026-04-03T01:18:57.226+0600][21.247s][info][gc,heap        ] GC(52) Survivor regions: 1->1(7)
[2026-04-03T01:18:57.226+0600][21.247s][info][gc,heap        ] GC(52) Old regions: 11->11
[2026-04-03T01:18:57.226+0600][21.247s][info][gc,heap        ] GC(52) Humongous regions: 0->0
[2026-04-03T01:18:57.226+0600][21.247s][info][gc,metaspace   ] GC(52) Metaspace: 34636K(35456K)->34636K(35456K) NonClass: 31646K(32128K)->31646K(32128K) Class: 2990K(3328K)->2990K(3328K)
[2026-04-03T01:18:57.226+0600][21.247s][info][gc             ] GC(52) Pause Young (Normal) (G1 Evacuation Pause) 113M->17M(166M) 1.720ms
[2026-04-03T01:18:57.226+0600][21.247s][info][gc,cpu         ] GC(52) User=0.01s Sys=0.00s Real=0.00s
[2026-04-03T01:18:57.442+0600][21.463s][info][gc,start       ] GC(53) Pause Young (Normal) (G1 Evacuation Pause)
[2026-04-03T01:18:57.442+0600][21.463s][info][gc,task        ] GC(53) Using 10 workers of 10 for evacuation
[2026-04-03T01:18:57.444+0600][21.465s][info][gc,phases      ] GC(53)   Pre Evacuate Collection Set: 0.17ms
[2026-04-03T01:18:57.444+0600][21.465s][info][gc,phases      ] GC(53)   Merge Heap Roots: 0.11ms
[2026-04-03T01:18:57.444+0600][21.465s][info][gc,phases      ] GC(53)   Evacuate Collection Set: 0.75ms
[2026-04-03T01:18:57.444+0600][21.465s][info][gc,phases      ] GC(53)   Post Evacuate Collection Set: 0.45ms
[2026-04-03T01:18:57.444+0600][21.465s][info][gc,phases      ] GC(53)   Other: 0.09ms
[2026-04-03T01:18:57.444+0600][21.465s][info][gc,heap        ] GC(53) Eden regions: 48->0(48)
[2026-04-03T01:18:57.444+0600][21.465s][info][gc,heap        ] GC(53) Survivor regions: 1->1(7)
[2026-04-03T01:18:57.444+0600][21.465s][info][gc,heap        ] GC(53) Old regions: 11->11
[2026-04-03T01:18:57.444+0600][21.465s][info][gc,heap        ] GC(53) Humongous regions: 0->0
[2026-04-03T01:18:57.444+0600][21.465s][info][gc,metaspace   ] GC(53) Metaspace: 34636K(35456K)->34636K(35456K) NonClass: 31646K(32128K)->31646K(32128K) Class: 2990K(3328K)->2990K(3328K)
[2026-04-03T01:18:57.444+0600][21.465s][info][gc             ] GC(53) Pause Young (Normal) (G1 Evacuation Pause) 113M->17M(166M) 1.854ms
[2026-04-03T01:18:57.444+0600][21.465s][info][gc,cpu         ] GC(53) User=0.01s Sys=0.00s Real=0.00s
[2026-04-03T01:18:57.661+0600][21.683s][info][gc,start       ] GC(54) Pause Young (Normal) (G1 Evacuation Pause)
[2026-04-03T01:18:57.662+0600][21.683s][info][gc,task        ] GC(54) Using 10 workers of 10 for evacuation
[2026-04-03T01:18:57.663+0600][21.684s][info][gc,phases      ] GC(54)   Pre Evacuate Collection Set: 0.16ms
[2026-04-03T01:18:57.663+0600][21.684s][info][gc,phases      ] GC(54)   Merge Heap Roots: 0.11ms
[2026-04-03T01:18:57.663+0600][21.684s][info][gc,phases      ] GC(54)   Evacuate Collection Set: 0.47ms
[2026-04-03T01:18:57.663+0600][21.684s][info][gc,phases      ] GC(54)   Post Evacuate Collection Set: 0.35ms
[2026-04-03T01:18:57.663+0600][21.684s][info][gc,phases      ] GC(54)   Other: 0.10ms
[2026-04-03T01:18:57.663+0600][21.684s][info][gc,heap        ] GC(54) Eden regions: 48->0(48)
[2026-04-03T01:18:57.663+0600][21.684s][info][gc,heap        ] GC(54) Survivor regions: 1->1(7)
[2026-04-03T01:18:57.663+0600][21.684s][info][gc,heap        ] GC(54) Old regions: 11->11
[2026-04-03T01:18:57.663+0600][21.684s][info][gc,heap        ] GC(54) Humongous regions: 0->0
[2026-04-03T01:18:57.663+0600][21.684s][info][gc,metaspace   ] GC(54) Metaspace: 34637K(35456K)->34637K(35456K) NonClass: 31646K(32128K)->31646K(32128K) Class: 2990K(3328K)->2990K(3328K)
[2026-04-03T01:18:57.663+0600][21.684s][info][gc             ] GC(54) Pause Young (Normal) (G1 Evacuation Pause) 113M->17M(166M) 1.495ms
[2026-04-03T01:18:57.663+0600][21.684s][info][gc,cpu         ] GC(54) User=0.00s Sys=0.00s Real=0.00s
[2026-04-03T01:18:57.878+0600][21.899s][info][gc,start       ] GC(55) Pause Young (Normal) (G1 Evacuation Pause)
[2026-04-03T01:18:57.878+0600][21.899s][info][gc,task        ] GC(55) Using 10 workers of 10 for evacuation
[2026-04-03T01:18:57.879+0600][21.901s][info][gc,phases      ] GC(55)   Pre Evacuate Collection Set: 0.22ms
[2026-04-03T01:18:57.879+0600][21.901s][info][gc,phases      ] GC(55)   Merge Heap Roots: 0.14ms
[2026-04-03T01:18:57.880+0600][21.901s][info][gc,phases      ] GC(55)   Evacuate Collection Set: 0.62ms
[2026-04-03T01:18:57.880+0600][21.901s][info][gc,phases      ] GC(55)   Post Evacuate Collection Set: 0.39ms
[2026-04-03T01:18:57.880+0600][21.901s][info][gc,phases      ] GC(55)   Other: 0.11ms
[2026-04-03T01:18:57.880+0600][21.901s][info][gc,heap        ] GC(55) Eden regions: 48->0(48)
[2026-04-03T01:18:57.880+0600][21.901s][info][gc,heap        ] GC(55) Survivor regions: 1->1(7)
[2026-04-03T01:18:57.880+0600][21.901s][info][gc,heap        ] GC(55) Old regions: 11->11
[2026-04-03T01:18:57.880+0600][21.901s][info][gc,heap        ] GC(55) Humongous regions: 0->0
[2026-04-03T01:18:57.880+0600][21.901s][info][gc,metaspace   ] GC(55) Metaspace: 34637K(35456K)->34637K(35456K) NonClass: 31646K(32128K)->31646K(32128K) Class: 2990K(3328K)->2990K(3328K)
[2026-04-03T01:18:57.880+0600][21.901s][info][gc             ] GC(55) Pause Young (Normal) (G1 Evacuation Pause) 113M->17M(166M) 1.783ms
[2026-04-03T01:18:57.880+0600][21.901s][info][gc,cpu         ] GC(55) User=0.01s Sys=0.00s Real=0.00s
[2026-04-03T01:18:58.114+0600][22.135s][info][gc,start       ] GC(56) Pause Young (Normal) (G1 Evacuation Pause)
[2026-04-03T01:18:58.114+0600][22.135s][info][gc,task        ] GC(56) Using 10 workers of 10 for evacuation
[2026-04-03T01:18:58.115+0600][22.137s][info][gc,phases      ] GC(56)   Pre Evacuate Collection Set: 0.14ms
[2026-04-03T01:18:58.115+0600][22.137s][info][gc,phases      ] GC(56)   Merge Heap Roots: 0.10ms
[2026-04-03T01:18:58.115+0600][22.137s][info][gc,phases      ] GC(56)   Evacuate Collection Set: 0.46ms
[2026-04-03T01:18:58.115+0600][22.137s][info][gc,phases      ] GC(56)   Post Evacuate Collection Set: 0.30ms
[2026-04-03T01:18:58.115+0600][22.137s][info][gc,phases      ] GC(56)   Other: 0.08ms
[2026-04-03T01:18:58.115+0600][22.137s][info][gc,heap        ] GC(56) Eden regions: 48->0(48)
[2026-04-03T01:18:58.115+0600][22.137s][info][gc,heap        ] GC(56) Survivor regions: 1->1(7)
[2026-04-03T01:18:58.115+0600][22.137s][info][gc,heap        ] GC(56) Old regions: 11->11
[2026-04-03T01:18:58.115+0600][22.137s][info][gc,heap        ] GC(56) Humongous regions: 0->0
[2026-04-03T01:18:58.115+0600][22.137s][info][gc,metaspace   ] GC(56) Metaspace: 34637K(35456K)->34637K(35456K) NonClass: 31646K(32128K)->31646K(32128K) Class: 2990K(3328K)->2990K(3328K)
[2026-04-03T01:18:58.115+0600][22.137s][info][gc             ] GC(56) Pause Young (Normal) (G1 Evacuation Pause) 113M->17M(166M) 1.287ms
[2026-04-03T01:18:58.115+0600][22.137s][info][gc,cpu         ] GC(56) User=0.01s Sys=0.00s Real=0.00s
[2026-04-03T01:18:58.370+0600][22.392s][info][gc,start       ] GC(57) Pause Young (Normal) (G1 Evacuation Pause)
[2026-04-03T01:18:58.371+0600][22.392s][info][gc,task        ] GC(57) Using 10 workers of 10 for evacuation
[2026-04-03T01:18:58.372+0600][22.394s][info][gc,phases      ] GC(57)   Pre Evacuate Collection Set: 0.29ms
[2026-04-03T01:18:58.372+0600][22.394s][info][gc,phases      ] GC(57)   Merge Heap Roots: 0.21ms
[2026-04-03T01:18:58.372+0600][22.394s][info][gc,phases      ] GC(57)   Evacuate Collection Set: 0.65ms
[2026-04-03T01:18:58.372+0600][22.394s][info][gc,phases      ] GC(57)   Post Evacuate Collection Set: 0.54ms
[2026-04-03T01:18:58.372+0600][22.394s][info][gc,phases      ] GC(57)   Other: 0.12ms
[2026-04-03T01:18:58.373+0600][22.394s][info][gc,heap        ] GC(57) Eden regions: 48->0(48)
[2026-04-03T01:18:58.373+0600][22.394s][info][gc,heap        ] GC(57) Survivor regions: 1->1(7)
[2026-04-03T01:18:58.373+0600][22.394s][info][gc,heap        ] GC(57) Old regions: 11->11
[2026-04-03T01:18:58.373+0600][22.394s][info][gc,heap        ] GC(57) Humongous regions: 0->0
[2026-04-03T01:18:58.373+0600][22.394s][info][gc,metaspace   ] GC(57) Metaspace: 34641K(35456K)->34641K(35456K) NonClass: 31651K(32128K)->31651K(32128K) Class: 2990K(3328K)->2990K(3328K)
[2026-04-03T01:18:58.373+0600][22.394s][info][gc             ] GC(57) Pause Young (Normal) (G1 Evacuation Pause) 113M->17M(166M) 2.144ms
[2026-04-03T01:18:58.373+0600][22.394s][info][gc,cpu         ] GC(57) User=0.01s Sys=0.01s Real=0.00s
[2026-04-03T01:18:58.590+0600][22.611s][info][gc,start       ] GC(58) Pause Young (Normal) (G1 Evacuation Pause)
[2026-04-03T01:18:58.590+0600][22.611s][info][gc,task        ] GC(58) Using 10 workers of 10 for evacuation
[2026-04-03T01:18:58.591+0600][22.613s][info][gc,phases      ] GC(58)   Pre Evacuate Collection Set: 0.16ms
[2026-04-03T01:18:58.592+0600][22.613s][info][gc,phases      ] GC(58)   Merge Heap Roots: 0.11ms
[2026-04-03T01:18:58.592+0600][22.613s][info][gc,phases      ] GC(58)   Evacuate Collection Set: 0.53ms
[2026-04-03T01:18:58.592+0600][22.613s][info][gc,phases      ] GC(58)   Post Evacuate Collection Set: 0.36ms
[2026-04-03T01:18:58.592+0600][22.613s][info][gc,phases      ] GC(58)   Other: 0.08ms
[2026-04-03T01:18:58.592+0600][22.613s][info][gc,heap        ] GC(58) Eden regions: 48->0(48)
[2026-04-03T01:18:58.592+0600][22.613s][info][gc,heap        ] GC(58) Survivor regions: 1->1(7)
[2026-04-03T01:18:58.592+0600][22.613s][info][gc,heap        ] GC(58) Old regions: 11->11
[2026-04-03T01:18:58.592+0600][22.613s][info][gc,heap        ] GC(58) Humongous regions: 0->0
[2026-04-03T01:18:58.592+0600][22.613s][info][gc,metaspace   ] GC(58) Metaspace: 34641K(35456K)->34641K(35456K) NonClass: 31651K(32128K)->31651K(32128K) Class: 2990K(3328K)->2990K(3328K)
[2026-04-03T01:18:58.592+0600][22.613s][info][gc             ] GC(58) Pause Young (Normal) (G1 Evacuation Pause) 113M->17M(166M) 1.469ms
[2026-04-03T01:18:58.592+0600][22.613s][info][gc,cpu         ] GC(58) User=0.00s Sys=0.00s Real=0.00s
[2026-04-03T01:18:58.809+0600][22.830s][info][gc,start       ] GC(59) Pause Young (Normal) (G1 Evacuation Pause)
[2026-04-03T01:18:58.809+0600][22.830s][info][gc,task        ] GC(59) Using 10 workers of 10 for evacuation
[2026-04-03T01:18:58.810+0600][22.832s][info][gc,phases      ] GC(59)   Pre Evacuate Collection Set: 0.19ms
[2026-04-03T01:18:58.810+0600][22.832s][info][gc,phases      ] GC(59)   Merge Heap Roots: 0.12ms
[2026-04-03T01:18:58.810+0600][22.832s][info][gc,phases      ] GC(59)   Evacuate Collection Set: 0.60ms
[2026-04-03T01:18:58.810+0600][22.832s][info][gc,phases      ] GC(59)   Post Evacuate Collection Set: 0.41ms
[2026-04-03T01:18:58.810+0600][22.832s][info][gc,phases      ] GC(59)   Other: 0.09ms
[2026-04-03T01:18:58.810+0600][22.832s][info][gc,heap        ] GC(59) Eden regions: 48->0(48)
[2026-04-03T01:18:58.810+0600][22.832s][info][gc,heap        ] GC(59) Survivor regions: 1->1(7)
[2026-04-03T01:18:58.810+0600][22.832s][info][gc,heap        ] GC(59) Old regions: 11->11
[2026-04-03T01:18:58.811+0600][22.832s][info][gc,heap        ] GC(59) Humongous regions: 0->0
[2026-04-03T01:18:58.811+0600][22.832s][info][gc,metaspace   ] GC(59) Metaspace: 34644K(35456K)->34644K(35456K) NonClass: 31653K(32128K)->31653K(32128K) Class: 2990K(3328K)->2990K(3328K)
[2026-04-03T01:18:58.811+0600][22.832s][info][gc             ] GC(59) Pause Young (Normal) (G1 Evacuation Pause) 113M->17M(166M) 1.674ms
[2026-04-03T01:18:58.811+0600][22.832s][info][gc,cpu         ] GC(59) User=0.01s Sys=0.00s Real=0.01s
[2026-04-03T01:18:59.049+0600][23.070s][info][gc,start       ] GC(60) Pause Young (Normal) (G1 Evacuation Pause)
[2026-04-03T01:18:59.049+0600][23.070s][info][gc,task        ] GC(60) Using 10 workers of 10 for evacuation
[2026-04-03T01:18:59.051+0600][23.072s][info][gc,phases      ] GC(60)   Pre Evacuate Collection Set: 0.17ms
[2026-04-03T01:18:59.051+0600][23.072s][info][gc,phases      ] GC(60)   Merge Heap Roots: 0.12ms
[2026-04-03T01:18:59.051+0600][23.072s][info][gc,phases      ] GC(60)   Evacuate Collection Set: 1.14ms
[2026-04-03T01:18:59.051+0600][23.072s][info][gc,phases      ] GC(60)   Post Evacuate Collection Set: 0.40ms
[2026-04-03T01:18:59.051+0600][23.072s][info][gc,phases      ] GC(60)   Other: 0.11ms
[2026-04-03T01:18:59.051+0600][23.072s][info][gc,heap        ] GC(60) Eden regions: 48->0(48)
[2026-04-03T01:18:59.051+0600][23.072s][info][gc,heap        ] GC(60) Survivor regions: 1->1(7)
[2026-04-03T01:18:59.051+0600][23.072s][info][gc,heap        ] GC(60) Old regions: 11->11
[2026-04-03T01:18:59.051+0600][23.072s][info][gc,heap        ] GC(60) Humongous regions: 0->0
[2026-04-03T01:18:59.051+0600][23.072s][info][gc,metaspace   ] GC(60) Metaspace: 34651K(35456K)->34651K(35456K) NonClass: 31660K(32128K)->31660K(32128K) Class: 2991K(3328K)->2991K(3328K)
[2026-04-03T01:18:59.051+0600][23.072s][info][gc             ] GC(60) Pause Young (Normal) (G1 Evacuation Pause) 113M->17M(166M) 2.194ms
[2026-04-03T01:18:59.051+0600][23.072s][info][gc,cpu         ] GC(60) User=0.01s Sys=0.00s Real=0.01s
[2026-04-03T01:18:59.255+0600][23.276s][info][gc,start       ] GC(61) Pause Young (Normal) (G1 Evacuation Pause)
[2026-04-03T01:18:59.255+0600][23.276s][info][gc,task        ] GC(61) Using 10 workers of 10 for evacuation
[2026-04-03T01:18:59.256+0600][23.277s][info][gc,phases      ] GC(61)   Pre Evacuate Collection Set: 0.13ms
[2026-04-03T01:18:59.256+0600][23.277s][info][gc,phases      ] GC(61)   Merge Heap Roots: 0.08ms
[2026-04-03T01:18:59.256+0600][23.277s][info][gc,phases      ] GC(61)   Evacuate Collection Set: 0.45ms
[2026-04-03T01:18:59.256+0600][23.277s][info][gc,phases      ] GC(61)   Post Evacuate Collection Set: 0.29ms
[2026-04-03T01:18:59.256+0600][23.277s][info][gc,phases      ] GC(61)   Other: 0.06ms
[2026-04-03T01:18:59.256+0600][23.277s][info][gc,heap        ] GC(61) Eden regions: 48->0(48)
[2026-04-03T01:18:59.256+0600][23.277s][info][gc,heap        ] GC(61) Survivor regions: 1->1(7)
[2026-04-03T01:18:59.256+0600][23.277s][info][gc,heap        ] GC(61) Old regions: 11->11
[2026-04-03T01:18:59.256+0600][23.277s][info][gc,heap        ] GC(61) Humongous regions: 0->0
[2026-04-03T01:18:59.256+0600][23.277s][info][gc,metaspace   ] GC(61) Metaspace: 34652K(35456K)->34652K(35456K) NonClass: 31661K(32128K)->31661K(32128K) Class: 2991K(3328K)->2991K(3328K)
[2026-04-03T01:18:59.256+0600][23.277s][info][gc             ] GC(61) Pause Young (Normal) (G1 Evacuation Pause) 113M->17M(166M) 1.247ms
[2026-04-03T01:18:59.256+0600][23.277s][info][gc,cpu         ] GC(61) User=0.00s Sys=0.01s Real=0.00s
[2026-04-03T01:18:59.481+0600][23.502s][info][gc,start       ] GC(62) Pause Young (Normal) (G1 Evacuation Pause)
[2026-04-03T01:18:59.481+0600][23.502s][info][gc,task        ] GC(62) Using 10 workers of 10 for evacuation
[2026-04-03T01:18:59.484+0600][23.505s][info][gc,phases      ] GC(62)   Pre Evacuate Collection Set: 0.24ms
[2026-04-03T01:18:59.484+0600][23.505s][info][gc,phases      ] GC(62)   Merge Heap Roots: 0.17ms
[2026-04-03T01:18:59.484+0600][23.505s][info][gc,phases      ] GC(62)   Evacuate Collection Set: 1.53ms
[2026-04-03T01:18:59.484+0600][23.505s][info][gc,phases      ] GC(62)   Post Evacuate Collection Set: 1.27ms
[2026-04-03T01:18:59.484+0600][23.505s][info][gc,phases      ] GC(62)   Other: 0.12ms
[2026-04-03T01:18:59.484+0600][23.505s][info][gc,heap        ] GC(62) Eden regions: 48->0(48)
[2026-04-03T01:18:59.484+0600][23.505s][info][gc,heap        ] GC(62) Survivor regions: 1->1(7)
[2026-04-03T01:18:59.484+0600][23.505s][info][gc,heap        ] GC(62) Old regions: 11->11
[2026-04-03T01:18:59.484+0600][23.505s][info][gc,heap        ] GC(62) Humongous regions: 0->0
[2026-04-03T01:18:59.484+0600][23.505s][info][gc,metaspace   ] GC(62) Metaspace: 34656K(35520K)->34656K(35520K) NonClass: 31665K(32192K)->31665K(32192K) Class: 2991K(3328K)->2991K(3328K)
[2026-04-03T01:18:59.484+0600][23.506s][info][gc             ] GC(62) Pause Young (Normal) (G1 Evacuation Pause) 113M->17M(166M) 3.859ms
[2026-04-03T01:18:59.484+0600][23.506s][info][gc,cpu         ] GC(62) User=0.00s Sys=0.00s Real=0.00s
[2026-04-03T01:18:59.741+0600][23.762s][info][gc,start       ] GC(63) Pause Young (Normal) (G1 Evacuation Pause)
[2026-04-03T01:18:59.741+0600][23.762s][info][gc,task        ] GC(63) Using 10 workers of 10 for evacuation
[2026-04-03T01:18:59.743+0600][23.764s][info][gc,phases      ] GC(63)   Pre Evacuate Collection Set: 0.24ms
[2026-04-03T01:18:59.743+0600][23.764s][info][gc,phases      ] GC(63)   Merge Heap Roots: 0.22ms
[2026-04-03T01:18:59.743+0600][23.764s][info][gc,phases      ] GC(63)   Evacuate Collection Set: 0.76ms
[2026-04-03T01:18:59.743+0600][23.764s][info][gc,phases      ] GC(63)   Post Evacuate Collection Set: 0.56ms
[2026-04-03T01:18:59.743+0600][23.764s][info][gc,phases      ] GC(63)   Other: 0.13ms
[2026-04-03T01:18:59.743+0600][23.764s][info][gc,heap        ] GC(63) Eden regions: 48->0(48)
[2026-04-03T01:18:59.743+0600][23.764s][info][gc,heap        ] GC(63) Survivor regions: 1->1(7)
[2026-04-03T01:18:59.743+0600][23.764s][info][gc,heap        ] GC(63) Old regions: 11->11
[2026-04-03T01:18:59.743+0600][23.764s][info][gc,heap        ] GC(63) Humongous regions: 0->0
[2026-04-03T01:18:59.743+0600][23.764s][info][gc,metaspace   ] GC(63) Metaspace: 34656K(35520K)->34656K(35520K) NonClass: 31665K(32192K)->31665K(32192K) Class: 2991K(3328K)->2991K(3328K)
[2026-04-03T01:18:59.743+0600][23.764s][info][gc             ] GC(63) Pause Young (Normal) (G1 Evacuation Pause) 113M->17M(166M) 2.341ms
[2026-04-03T01:18:59.743+0600][23.764s][info][gc,cpu         ] GC(63) User=0.01s Sys=0.00s Real=0.00s
[2026-04-03T01:18:59.965+0600][23.986s][info][gc,start       ] GC(64) Pause Young (Normal) (G1 Evacuation Pause)
[2026-04-03T01:18:59.965+0600][23.986s][info][gc,task        ] GC(64) Using 10 workers of 10 for evacuation
[2026-04-03T01:18:59.966+0600][23.987s][info][gc,phases      ] GC(64)   Pre Evacuate Collection Set: 0.19ms
[2026-04-03T01:18:59.966+0600][23.987s][info][gc,phases      ] GC(64)   Merge Heap Roots: 0.13ms
[2026-04-03T01:18:59.966+0600][23.988s][info][gc,phases      ] GC(64)   Evacuate Collection Set: 0.61ms
[2026-04-03T01:18:59.966+0600][23.988s][info][gc,phases      ] GC(64)   Post Evacuate Collection Set: 0.43ms
[2026-04-03T01:18:59.966+0600][23.988s][info][gc,phases      ] GC(64)   Other: 0.11ms
[2026-04-03T01:18:59.966+0600][23.988s][info][gc,heap        ] GC(64) Eden regions: 48->0(48)
[2026-04-03T01:18:59.966+0600][23.988s][info][gc,heap        ] GC(64) Survivor regions: 1->1(7)
[2026-04-03T01:18:59.966+0600][23.988s][info][gc,heap        ] GC(64) Old regions: 11->11
[2026-04-03T01:18:59.966+0600][23.988s][info][gc,heap        ] GC(64) Humongous regions: 0->0
[2026-04-03T01:18:59.966+0600][23.988s][info][gc,metaspace   ] GC(64) Metaspace: 34656K(35520K)->34656K(35520K) NonClass: 31665K(32192K)->31665K(32192K) Class: 2991K(3328K)->2991K(3328K)
[2026-04-03T01:18:59.966+0600][23.988s][info][gc             ] GC(64) Pause Young (Normal) (G1 Evacuation Pause) 113M->17M(166M) 1.834ms
[2026-04-03T01:18:59.967+0600][23.988s][info][gc,cpu         ] GC(64) User=0.00s Sys=0.00s Real=0.00s
[2026-04-03T01:19:00.193+0600][24.214s][info][gc,start       ] GC(65) Pause Young (Normal) (G1 Evacuation Pause)
[2026-04-03T01:19:00.193+0600][24.215s][info][gc,task        ] GC(65) Using 10 workers of 10 for evacuation
[2026-04-03T01:19:00.195+0600][24.216s][info][gc,phases      ] GC(65)   Pre Evacuate Collection Set: 0.16ms
[2026-04-03T01:19:00.195+0600][24.216s][info][gc,phases      ] GC(65)   Merge Heap Roots: 0.13ms
[2026-04-03T01:19:00.195+0600][24.216s][info][gc,phases      ] GC(65)   Evacuate Collection Set: 0.56ms
[2026-04-03T01:19:00.195+0600][24.216s][info][gc,phases      ] GC(65)   Post Evacuate Collection Set: 0.33ms
[2026-04-03T01:19:00.195+0600][24.216s][info][gc,phases      ] GC(65)   Other: 0.08ms
[2026-04-03T01:19:00.195+0600][24.216s][info][gc,heap        ] GC(65) Eden regions: 48->0(48)
[2026-04-03T01:19:00.195+0600][24.216s][info][gc,heap        ] GC(65) Survivor regions: 1->1(7)
[2026-04-03T01:19:00.195+0600][24.216s][info][gc,heap        ] GC(65) Old regions: 11->11
[2026-04-03T01:19:00.195+0600][24.216s][info][gc,heap        ] GC(65) Humongous regions: 0->0
[2026-04-03T01:19:00.195+0600][24.216s][info][gc,metaspace   ] GC(65) Metaspace: 34660K(35520K)->34660K(35520K) NonClass: 31669K(32192K)->31669K(32192K) Class: 2991K(3328K)->2991K(3328K)
[2026-04-03T01:19:00.195+0600][24.216s][info][gc             ] GC(65) Pause Young (Normal) (G1 Evacuation Pause) 113M->17M(166M) 1.565ms
[2026-04-03T01:19:00.195+0600][24.216s][info][gc,cpu         ] GC(65) User=0.01s Sys=0.00s Real=0.00s
[2026-04-03T01:19:00.409+0600][24.430s][info][gc,start       ] GC(66) Pause Young (Normal) (G1 Evacuation Pause)
[2026-04-03T01:19:00.409+0600][24.430s][info][gc,task        ] GC(66) Using 10 workers of 10 for evacuation
[2026-04-03T01:19:00.410+0600][24.431s][info][gc,phases      ] GC(66)   Pre Evacuate Collection Set: 0.17ms
[2026-04-03T01:19:00.410+0600][24.431s][info][gc,phases      ] GC(66)   Merge Heap Roots: 0.10ms
[2026-04-03T01:19:00.410+0600][24.431s][info][gc,phases      ] GC(66)   Evacuate Collection Set: 0.58ms
[2026-04-03T01:19:00.410+0600][24.431s][info][gc,phases      ] GC(66)   Post Evacuate Collection Set: 0.38ms
[2026-04-03T01:19:00.410+0600][24.431s][info][gc,phases      ] GC(66)   Other: 0.09ms
[2026-04-03T01:19:00.410+0600][24.431s][info][gc,heap        ] GC(66) Eden regions: 48->0(48)
[2026-04-03T01:19:00.410+0600][24.431s][info][gc,heap        ] GC(66) Survivor regions: 1->1(7)
[2026-04-03T01:19:00.410+0600][24.431s][info][gc,heap        ] GC(66) Old regions: 11->11
[2026-04-03T01:19:00.410+0600][24.431s][info][gc,heap        ] GC(66) Humongous regions: 0->0
[2026-04-03T01:19:00.410+0600][24.431s][info][gc,metaspace   ] GC(66) Metaspace: 34660K(35520K)->34660K(35520K) NonClass: 31669K(32192K)->31669K(32192K) Class: 2991K(3328K)->2991K(3328K)
[2026-04-03T01:19:00.410+0600][24.431s][info][gc             ] GC(66) Pause Young (Normal) (G1 Evacuation Pause) 113M->17M(166M) 1.537ms
[2026-04-03T01:19:00.410+0600][24.431s][info][gc,cpu         ] GC(66) User=0.01s Sys=0.00s Real=0.01s
[2026-04-03T01:19:00.661+0600][24.682s][info][gc,start       ] GC(67) Pause Young (Normal) (G1 Evacuation Pause)
[2026-04-03T01:19:00.661+0600][24.682s][info][gc,task        ] GC(67) Using 10 workers of 10 for evacuation
[2026-04-03T01:19:00.663+0600][24.685s][info][gc,phases      ] GC(67)   Pre Evacuate Collection Set: 0.21ms
[2026-04-03T01:19:00.663+0600][24.685s][info][gc,phases      ] GC(67)   Merge Heap Roots: 0.19ms
[2026-04-03T01:19:00.663+0600][24.685s][info][gc,phases      ] GC(67)   Evacuate Collection Set: 0.87ms
[2026-04-03T01:19:00.663+0600][24.685s][info][gc,phases      ] GC(67)   Post Evacuate Collection Set: 0.72ms
[2026-04-03T01:19:00.663+0600][24.685s][info][gc,phases      ] GC(67)   Other: 0.13ms
[2026-04-03T01:19:00.664+0600][24.685s][info][gc,heap        ] GC(67) Eden regions: 48->0(48)
[2026-04-03T01:19:00.664+0600][24.685s][info][gc,heap        ] GC(67) Survivor regions: 1->1(7)
[2026-04-03T01:19:00.664+0600][24.685s][info][gc,heap        ] GC(67) Old regions: 11->11
[2026-04-03T01:19:00.664+0600][24.685s][info][gc,heap        ] GC(67) Humongous regions: 0->0
[2026-04-03T01:19:00.664+0600][24.685s][info][gc,metaspace   ] GC(67) Metaspace: 34661K(35520K)->34661K(35520K) NonClass: 31670K(32192K)->31670K(32192K) Class: 2991K(3328K)->2991K(3328K)
[2026-04-03T01:19:00.664+0600][24.685s][info][gc             ] GC(67) Pause Young (Normal) (G1 Evacuation Pause) 113M->17M(166M) 2.569ms
[2026-04-03T01:19:00.664+0600][24.685s][info][gc,cpu         ] GC(67) User=0.01s Sys=0.00s Real=0.00s
[2026-04-03T01:19:00.922+0600][24.943s][info][gc,start       ] GC(68) Pause Young (Normal) (G1 Evacuation Pause)
[2026-04-03T01:19:00.922+0600][24.944s][info][gc,task        ] GC(68) Using 10 workers of 10 for evacuation
[2026-04-03T01:19:00.925+0600][24.946s][info][gc,phases      ] GC(68)   Pre Evacuate Collection Set: 0.24ms
[2026-04-03T01:19:00.925+0600][24.946s][info][gc,phases      ] GC(68)   Merge Heap Roots: 0.16ms
[2026-04-03T01:19:00.925+0600][24.946s][info][gc,phases      ] GC(68)   Evacuate Collection Set: 1.24ms
[2026-04-03T01:19:00.925+0600][24.946s][info][gc,phases      ] GC(68)   Post Evacuate Collection Set: 0.55ms
[2026-04-03T01:19:00.925+0600][24.946s][info][gc,phases      ] GC(68)   Other: 0.11ms
[2026-04-03T01:19:00.925+0600][24.946s][info][gc,heap        ] GC(68) Eden regions: 48->0(48)
[2026-04-03T01:19:00.925+0600][24.946s][info][gc,heap        ] GC(68) Survivor regions: 1->1(7)
[2026-04-03T01:19:00.925+0600][24.946s][info][gc,heap        ] GC(68) Old regions: 11->11
[2026-04-03T01:19:00.925+0600][24.946s][info][gc,heap        ] GC(68) Humongous regions: 0->0
[2026-04-03T01:19:00.925+0600][24.946s][info][gc,metaspace   ] GC(68) Metaspace: 34662K(35520K)->34662K(35520K) NonClass: 31670K(32192K)->31670K(32192K) Class: 2991K(3328K)->2991K(3328K)
[2026-04-03T01:19:00.925+0600][24.946s][info][gc             ] GC(68) Pause Young (Normal) (G1 Evacuation Pause) 113M->17M(166M) 2.697ms
[2026-04-03T01:19:00.925+0600][24.946s][info][gc,cpu         ] GC(68) User=0.00s Sys=0.00s Real=0.00s
[2026-04-03T01:19:01.170+0600][25.191s][info][gc,start       ] GC(69) Pause Young (Normal) (G1 Evacuation Pause)
[2026-04-03T01:19:01.170+0600][25.191s][info][gc,task        ] GC(69) Using 10 workers of 10 for evacuation
[2026-04-03T01:19:01.172+0600][25.193s][info][gc,phases      ] GC(69)   Pre Evacuate Collection Set: 0.23ms
[2026-04-03T01:19:01.172+0600][25.193s][info][gc,phases      ] GC(69)   Merge Heap Roots: 0.13ms
[2026-04-03T01:19:01.172+0600][25.193s][info][gc,phases      ] GC(69)   Evacuate Collection Set: 0.58ms
[2026-04-03T01:19:01.172+0600][25.193s][info][gc,phases      ] GC(69)   Post Evacuate Collection Set: 0.53ms
[2026-04-03T01:19:01.172+0600][25.193s][info][gc,phases      ] GC(69)   Other: 0.12ms
[2026-04-03T01:19:01.172+0600][25.193s][info][gc,heap        ] GC(69) Eden regions: 48->0(48)
[2026-04-03T01:19:01.172+0600][25.193s][info][gc,heap        ] GC(69) Survivor regions: 1->1(7)
[2026-04-03T01:19:01.172+0600][25.193s][info][gc,heap        ] GC(69) Old regions: 11->11
[2026-04-03T01:19:01.172+0600][25.193s][info][gc,heap        ] GC(69) Humongous regions: 0->0
[2026-04-03T01:19:01.172+0600][25.193s][info][gc,metaspace   ] GC(69) Metaspace: 34666K(35520K)->34666K(35520K) NonClass: 31674K(32192K)->31674K(32192K) Class: 2991K(3328K)->2991K(3328K)
[2026-04-03T01:19:01.172+0600][25.193s][info][gc             ] GC(69) Pause Young (Normal) (G1 Evacuation Pause) 113M->17M(166M) 1.966ms
[2026-04-03T01:19:01.172+0600][25.193s][info][gc,cpu         ] GC(69) User=0.01s Sys=0.00s Real=0.00s
[2026-04-03T01:19:01.385+0600][25.406s][info][gc,start       ] GC(70) Pause Young (Normal) (G1 Evacuation Pause)
[2026-04-03T01:19:01.385+0600][25.406s][info][gc,task        ] GC(70) Using 10 workers of 10 for evacuation
[2026-04-03T01:19:01.386+0600][25.407s][info][gc,phases      ] GC(70)   Pre Evacuate Collection Set: 0.18ms
[2026-04-03T01:19:01.386+0600][25.408s][info][gc,phases      ] GC(70)   Merge Heap Roots: 0.12ms
[2026-04-03T01:19:01.386+0600][25.408s][info][gc,phases      ] GC(70)   Evacuate Collection Set: 0.53ms
[2026-04-03T01:19:01.386+0600][25.408s][info][gc,phases      ] GC(70)   Post Evacuate Collection Set: 0.41ms
[2026-04-03T01:19:01.386+0600][25.408s][info][gc,phases      ] GC(70)   Other: 0.10ms
[2026-04-03T01:19:01.386+0600][25.408s][info][gc,heap        ] GC(70) Eden regions: 48->0(48)
[2026-04-03T01:19:01.386+0600][25.408s][info][gc,heap        ] GC(70) Survivor regions: 1->1(7)
[2026-04-03T01:19:01.386+0600][25.408s][info][gc,heap        ] GC(70) Old regions: 11->11
[2026-04-03T01:19:01.386+0600][25.408s][info][gc,heap        ] GC(70) Humongous regions: 0->0
[2026-04-03T01:19:01.386+0600][25.408s][info][gc,metaspace   ] GC(70) Metaspace: 34666K(35520K)->34666K(35520K) NonClass: 31674K(32192K)->31674K(32192K) Class: 2991K(3328K)->2991K(3328K)
[2026-04-03T01:19:01.387+0600][25.408s][info][gc             ] GC(70) Pause Young (Normal) (G1 Evacuation Pause) 113M->17M(166M) 1.657ms
[2026-04-03T01:19:01.387+0600][25.408s][info][gc,cpu         ] GC(70) User=0.01s Sys=0.00s Real=0.00s
[2026-04-03T01:19:01.607+0600][25.628s][info][gc,start       ] GC(71) Pause Young (Normal) (G1 Evacuation Pause)
[2026-04-03T01:19:01.607+0600][25.628s][info][gc,task        ] GC(71) Using 10 workers of 10 for evacuation
[2026-04-03T01:19:01.609+0600][25.630s][info][gc,phases      ] GC(71)   Pre Evacuate Collection Set: 0.20ms
[2026-04-03T01:19:01.609+0600][25.630s][info][gc,phases      ] GC(71)   Merge Heap Roots: 0.11ms
[2026-04-03T01:19:01.609+0600][25.630s][info][gc,phases      ] GC(71)   Evacuate Collection Set: 0.81ms
[2026-04-03T01:19:01.609+0600][25.630s][info][gc,phases      ] GC(71)   Post Evacuate Collection Set: 0.48ms
[2026-04-03T01:19:01.609+0600][25.630s][info][gc,phases      ] GC(71)   Other: 0.11ms
[2026-04-03T01:19:01.609+0600][25.630s][info][gc,heap        ] GC(71) Eden regions: 48->0(48)
[2026-04-03T01:19:01.609+0600][25.630s][info][gc,heap        ] GC(71) Survivor regions: 1->1(7)
[2026-04-03T01:19:01.609+0600][25.630s][info][gc,heap        ] GC(71) Old regions: 11->11
[2026-04-03T01:19:01.609+0600][25.630s][info][gc,heap        ] GC(71) Humongous regions: 0->0
[2026-04-03T01:19:01.609+0600][25.630s][info][gc,metaspace   ] GC(71) Metaspace: 34666K(35520K)->34666K(35520K) NonClass: 31674K(32192K)->31674K(32192K) Class: 2991K(3328K)->2991K(3328K)
[2026-04-03T01:19:01.609+0600][25.630s][info][gc             ] GC(71) Pause Young (Normal) (G1 Evacuation Pause) 113M->17M(166M) 2.072ms
[2026-04-03T01:19:01.609+0600][25.630s][info][gc,cpu         ] GC(71) User=0.01s Sys=0.00s Real=0.00s
[2026-04-03T01:19:01.888+0600][25.910s][info][gc,start       ] GC(72) Pause Young (Normal) (G1 Evacuation Pause)
[2026-04-03T01:19:01.889+0600][25.910s][info][gc,task        ] GC(72) Using 10 workers of 10 for evacuation
[2026-04-03T01:19:01.892+0600][25.913s][info][gc,phases      ] GC(72)   Pre Evacuate Collection Set: 0.27ms
[2026-04-03T01:19:01.892+0600][25.913s][info][gc,phases      ] GC(72)   Merge Heap Roots: 0.20ms
[2026-04-03T01:19:01.892+0600][25.913s][info][gc,phases      ] GC(72)   Evacuate Collection Set: 2.03ms
[2026-04-03T01:19:01.892+0600][25.913s][info][gc,phases      ] GC(72)   Post Evacuate Collection Set: 0.47ms
[2026-04-03T01:19:01.892+0600][25.913s][info][gc,phases      ] GC(72)   Other: 0.14ms
[2026-04-03T01:19:01.892+0600][25.913s][info][gc,heap        ] GC(72) Eden regions: 48->0(48)
[2026-04-03T01:19:01.892+0600][25.913s][info][gc,heap        ] GC(72) Survivor regions: 1->1(7)
[2026-04-03T01:19:01.892+0600][25.913s][info][gc,heap        ] GC(72) Old regions: 11->11
[2026-04-03T01:19:01.892+0600][25.913s][info][gc,heap        ] GC(72) Humongous regions: 0->0
[2026-04-03T01:19:01.892+0600][25.913s][info][gc,metaspace   ] GC(72) Metaspace: 34666K(35520K)->34666K(35520K) NonClass: 31674K(32192K)->31674K(32192K) Class: 2991K(3328K)->2991K(3328K)
[2026-04-03T01:19:01.892+0600][25.913s][info][gc             ] GC(72) Pause Young (Normal) (G1 Evacuation Pause) 113M->17M(166M) 3.474ms
[2026-04-03T01:19:01.892+0600][25.913s][info][gc,cpu         ] GC(72) User=0.01s Sys=0.01s Real=0.01s
[2026-04-03T01:19:02.125+0600][26.146s][info][gc,start       ] GC(73) Pause Young (Normal) (G1 Evacuation Pause)
[2026-04-03T01:19:02.125+0600][26.146s][info][gc,task        ] GC(73) Using 10 workers of 10 for evacuation
[2026-04-03T01:19:02.126+0600][26.148s][info][gc,phases      ] GC(73)   Pre Evacuate Collection Set: 0.16ms
[2026-04-03T01:19:02.126+0600][26.148s][info][gc,phases      ] GC(73)   Merge Heap Roots: 0.12ms
[2026-04-03T01:19:02.127+0600][26.148s][info][gc,phases      ] GC(73)   Evacuate Collection Set: 0.50ms
[2026-04-03T01:19:02.127+0600][26.148s][info][gc,phases      ] GC(73)   Post Evacuate Collection Set: 0.45ms
[2026-04-03T01:19:02.127+0600][26.148s][info][gc,phases      ] GC(73)   Other: 0.09ms
[2026-04-03T01:19:02.127+0600][26.148s][info][gc,heap        ] GC(73) Eden regions: 48->0(48)
[2026-04-03T01:19:02.127+0600][26.148s][info][gc,heap        ] GC(73) Survivor regions: 1->1(7)
[2026-04-03T01:19:02.127+0600][26.148s][info][gc,heap        ] GC(73) Old regions: 11->11
[2026-04-03T01:19:02.127+0600][26.148s][info][gc,heap        ] GC(73) Humongous regions: 0->0
[2026-04-03T01:19:02.127+0600][26.148s][info][gc,metaspace   ] GC(73) Metaspace: 34666K(35520K)->34666K(35520K) NonClass: 31674K(32192K)->31674K(32192K) Class: 2991K(3328K)->2991K(3328K)
[2026-04-03T01:19:02.127+0600][26.148s][info][gc             ] GC(73) Pause Young (Normal) (G1 Evacuation Pause) 113M->17M(166M) 1.619ms
[2026-04-03T01:19:02.127+0600][26.148s][info][gc,cpu         ] GC(73) User=0.00s Sys=0.00s Real=0.00s
[2026-04-03T01:19:02.343+0600][26.364s][info][gc,start       ] GC(74) Pause Young (Normal) (G1 Evacuation Pause)
[2026-04-03T01:19:02.343+0600][26.365s][info][gc,task        ] GC(74) Using 10 workers of 10 for evacuation
[2026-04-03T01:19:02.345+0600][26.366s][info][gc,phases      ] GC(74)   Pre Evacuate Collection Set: 0.17ms
[2026-04-03T01:19:02.345+0600][26.366s][info][gc,phases      ] GC(74)   Merge Heap Roots: 0.11ms
[2026-04-03T01:19:02.345+0600][26.366s][info][gc,phases      ] GC(74)   Evacuate Collection Set: 0.51ms
[2026-04-03T01:19:02.345+0600][26.366s][info][gc,phases      ] GC(74)   Post Evacuate Collection Set: 0.35ms
[2026-04-03T01:19:02.345+0600][26.366s][info][gc,phases      ] GC(74)   Other: 0.09ms
[2026-04-03T01:19:02.345+0600][26.366s][info][gc,heap        ] GC(74) Eden regions: 48->0(48)
[2026-04-03T01:19:02.345+0600][26.366s][info][gc,heap        ] GC(74) Survivor regions: 1->1(7)
[2026-04-03T01:19:02.345+0600][26.366s][info][gc,heap        ] GC(74) Old regions: 11->11
[2026-04-03T01:19:02.345+0600][26.366s][info][gc,heap        ] GC(74) Humongous regions: 0->0
[2026-04-03T01:19:02.345+0600][26.366s][info][gc,metaspace   ] GC(74) Metaspace: 34666K(35520K)->34666K(35520K) NonClass: 31674K(32192K)->31674K(32192K) Class: 2991K(3328K)->2991K(3328K)
[2026-04-03T01:19:02.345+0600][26.366s][info][gc             ] GC(74) Pause Young (Normal) (G1 Evacuation Pause) 113M->17M(166M) 1.543ms
[2026-04-03T01:19:02.345+0600][26.366s][info][gc,cpu         ] GC(74) User=0.01s Sys=0.00s Real=0.00s
[2026-04-03T01:19:02.730+0600][26.751s][info][gc,heap,exit   ] Heap
[2026-04-03T01:19:02.730+0600][26.752s][info][gc,heap,exit   ]  garbage-first heap   total 169984K, used 96162K [0x000000070ae00000, 0x0000000800000000)
[2026-04-03T01:19:02.730+0600][26.752s][info][gc,heap,exit   ]   region size 2048K, 40 young (81920K), 1 survivors (2048K)
[2026-04-03T01:19:02.730+0600][26.752s][info][gc,heap,exit   ]  Metaspace       used 34823K, committed 35648K, reserved 1114112K
[2026-04-03T01:19:02.730+0600][26.752s][info][gc,heap,exit   ]   class space    used 3003K, committed 3328K, reserved 1048576K
