[2026-04-03T01:16:57.101+0600][0.005s][info][gc,init] CardTable entry size: 512
[2026-04-03T01:16:57.101+0600][0.005s][info][gc     ] Using G1
[2026-04-03T01:16:57.104+0600][0.009s][info][gc,init] Version: 21.0.10+7-Ubuntu-124.04 (release)
[2026-04-03T01:16:57.105+0600][0.009s][info][gc,init] CPUs: 12 total, 12 available
[2026-04-03T01:16:57.105+0600][0.009s][info][gc,init] Memory: 15683M
[2026-04-03T01:16:57.105+0600][0.009s][info][gc,init] Large Page Support: Disabled
[2026-04-03T01:16:57.105+0600][0.009s][info][gc,init] NUMA Support: Disabled
[2026-04-03T01:16:57.105+0600][0.009s][info][gc,init] Compressed Oops: Enabled (Zero based)
[2026-04-03T01:16:57.105+0600][0.009s][info][gc,init] Heap Region Size: 2M
[2026-04-03T01:16:57.105+0600][0.009s][info][gc,init] Heap Min Capacity: 8M
[2026-04-03T01:16:57.105+0600][0.009s][info][gc,init] Heap Initial Capacity: 246M
[2026-04-03T01:16:57.105+0600][0.009s][info][gc,init] Heap Max Capacity: 3922M
[2026-04-03T01:16:57.105+0600][0.009s][info][gc,init] Pre-touch: Disabled
[2026-04-03T01:16:57.105+0600][0.009s][info][gc,init] Parallel Workers: 10
[2026-04-03T01:16:57.105+0600][0.009s][info][gc,init] Concurrent Workers: 2
[2026-04-03T01:16:57.105+0600][0.009s][info][gc,init] Concurrent Refinement Workers: 10
[2026-04-03T01:16:57.105+0600][0.009s][info][gc,init] Periodic GC: Disabled
[2026-04-03T01:16:57.120+0600][0.024s][info][gc,metaspace] CDS archive(s) mapped at: [0x0000782463000000-0x0000782463c9c000-0x0000782463c9c000), size 13221888, SharedBaseAddress: 0x0000782463000000, ArchiveRelocationMode: 1.
[2026-04-03T01:16:57.120+0600][0.024s][info][gc,metaspace] Compressed class space mapped at: 0x0000782464000000-0x00007824a4000000, reserved size: 1073741824
[2026-04-03T01:16:57.120+0600][0.024s][info][gc,metaspace] Narrow klass base: 0x0000782463000000, Narrow klass shift: 0, Narrow klass range: 0x100000000
[2026-04-03T01:16:57.597+0600][0.502s][info][gc,start    ] GC(0) Pause Young (Normal) (G1 Evacuation Pause)
[2026-04-03T01:16:57.599+0600][0.503s][info][gc,task     ] GC(0) Using 5 workers of 10 for evacuation
[2026-04-03T01:16:57.602+0600][0.506s][info][gc,phases   ] GC(0)   Pre Evacuate Collection Set: 0.21ms
[2026-04-03T01:16:57.602+0600][0.506s][info][gc,phases   ] GC(0)   Merge Heap Roots: 0.19ms
[2026-04-03T01:16:57.602+0600][0.506s][info][gc,phases   ] GC(0)   Evacuate Collection Set: 2.29ms
[2026-04-03T01:16:57.602+0600][0.506s][info][gc,phases   ] GC(0)   Post Evacuate Collection Set: 0.65ms
[2026-04-03T01:16:57.602+0600][0.506s][info][gc,phases   ] GC(0)   Other: 1.06ms
[2026-04-03T01:16:57.602+0600][0.506s][info][gc,heap     ] GC(0) Eden regions: 11->0(25)
[2026-04-03T01:16:57.602+0600][0.506s][info][gc,heap     ] GC(0) Survivor regions: 0->1(2)
[2026-04-03T01:16:57.602+0600][0.506s][info][gc,heap     ] GC(0) Old regions: 1->1
[2026-04-03T01:16:57.602+0600][0.506s][info][gc,heap     ] GC(0) Humongous regions: 0->0
[2026-04-03T01:16:57.602+0600][0.506s][info][gc,metaspace] GC(0) Metaspace: 2914K(3136K)->2914K(3136K) NonClass: 2628K(2752K)->2628K(2752K) Class: 285K(384K)->285K(384K)
[2026-04-03T01:16:57.602+0600][0.506s][info][gc          ] GC(0) Pause Young (Normal) (G1 Evacuation Pause) 22M->2M(248M) 4.829ms
[2026-04-03T01:16:57.602+0600][0.506s][info][gc,cpu      ] GC(0) User=0.01s Sys=0.00s Real=0.01s
[2026-04-03T01:16:59.111+0600][2.015s][info][gc,start    ] GC(1) Pause Young (Normal) (G1 Evacuation Pause)
[2026-04-03T01:16:59.111+0600][2.015s][info][gc,task     ] GC(1) Using 5 workers of 10 for evacuation
[2026-04-03T01:16:59.119+0600][2.024s][info][gc,phases   ] GC(1)   Pre Evacuate Collection Set: 0.24ms
[2026-04-03T01:16:59.119+0600][2.024s][info][gc,phases   ] GC(1)   Merge Heap Roots: 0.09ms
[2026-04-03T01:16:59.120+0600][2.024s][info][gc,phases   ] GC(1)   Evacuate Collection Set: 6.18ms
[2026-04-03T01:16:59.120+0600][2.024s][info][gc,phases   ] GC(1)   Post Evacuate Collection Set: 1.85ms
[2026-04-03T01:16:59.120+0600][2.024s][info][gc,phases   ] GC(1)   Other: 0.11ms
[2026-04-03T01:16:59.120+0600][2.024s][info][gc,heap     ] GC(1) Eden regions: 25->0(70)
[2026-04-03T01:16:59.120+0600][2.024s][info][gc,heap     ] GC(1) Survivor regions: 1->3(4)
[2026-04-03T01:16:59.120+0600][2.024s][info][gc,heap     ] GC(1) Old regions: 1->1
[2026-04-03T01:16:59.120+0600][2.024s][info][gc,heap     ] GC(1) Humongous regions: 0->0
[2026-04-03T01:16:59.120+0600][2.024s][info][gc,metaspace] GC(1) Metaspace: 10348K(10688K)->10348K(10688K) NonClass: 9329K(9472K)->9329K(9472K) Class: 1018K(1216K)->1018K(1216K)
[2026-04-03T01:16:59.120+0600][2.024s][info][gc          ] GC(1) Pause Young (Normal) (G1 Evacuation Pause) 52M->6M(248M) 8.807ms
[2026-04-03T01:16:59.120+0600][2.024s][info][gc,cpu      ] GC(1) User=0.04s Sys=0.01s Real=0.01s
[2026-04-03T01:17:00.314+0600][3.219s][info][gc,start    ] GC(2) Pause Full (System.gc())
[2026-04-03T01:17:00.315+0600][3.219s][info][gc,task     ] GC(2) Using 5 workers of 10 for full compaction
[2026-04-03T01:17:00.315+0600][3.219s][info][gc,phases,start] GC(2) Phase 1: Mark live objects
[2026-04-03T01:17:00.330+0600][3.234s][info][gc,phases      ] GC(2) Phase 1: Mark live objects 14.998ms
[2026-04-03T01:17:00.330+0600][3.234s][info][gc,phases,start] GC(2) Phase 2: Prepare compaction
[2026-04-03T01:17:00.332+0600][3.236s][info][gc,phases      ] GC(2) Phase 2: Prepare compaction 2.272ms
[2026-04-03T01:17:00.332+0600][3.236s][info][gc,phases,start] GC(2) Phase 3: Adjust pointers
[2026-04-03T01:17:00.341+0600][3.245s][info][gc,phases      ] GC(2) Phase 3: Adjust pointers 8.233ms
[2026-04-03T01:17:00.341+0600][3.245s][info][gc,phases,start] GC(2) Phase 4: Compact heap
[2026-04-03T01:17:00.346+0600][3.250s][info][gc,phases      ] GC(2) Phase 4: Compact heap 5.124ms
[2026-04-03T01:17:00.346+0600][3.250s][info][gc,phases,start] GC(2) Phase 5: Reset Metadata
[2026-04-03T01:17:00.348+0600][3.252s][info][gc,phases      ] GC(2) Phase 5: Reset Metadata 1.767ms
[2026-04-03T01:17:00.355+0600][3.259s][info][gc,heap        ] GC(2) Eden regions: 49->0(11)
[2026-04-03T01:17:00.355+0600][3.259s][info][gc,heap        ] GC(2) Survivor regions: 3->0(4)
[2026-04-03T01:17:00.355+0600][3.259s][info][gc,heap        ] GC(2) Old regions: 1->7
[2026-04-03T01:17:00.355+0600][3.259s][info][gc,heap        ] GC(2) Humongous regions: 0->0
[2026-04-03T01:17:00.355+0600][3.259s][info][gc,metaspace   ] GC(2) Metaspace: 15365K(15744K)->15365K(15744K) NonClass: 13828K(14016K)->13828K(14016K) Class: 1537K(1728K)->1537K(1728K)
[2026-04-03T01:17:00.355+0600][3.259s][info][gc             ] GC(2) Pause Full (System.gc()) 104M->9M(48M) 40.834ms
[2026-04-03T01:17:00.355+0600][3.259s][info][gc,cpu         ] GC(2) User=0.15s Sys=0.02s Real=0.04s
[2026-04-03T01:17:00.895+0600][3.799s][info][gc,start       ] GC(3) Pause Young (Normal) (G1 Evacuation Pause)
[2026-04-03T01:17:00.895+0600][3.799s][info][gc,task        ] GC(3) Using 10 workers of 10 for evacuation
[2026-04-03T01:17:00.902+0600][3.806s][info][gc,phases      ] GC(3)   Pre Evacuate Collection Set: 0.41ms
[2026-04-03T01:17:00.902+0600][3.806s][info][gc,phases      ] GC(3)   Merge Heap Roots: 0.13ms
[2026-04-03T01:17:00.902+0600][3.806s][info][gc,phases      ] GC(3)   Evacuate Collection Set: 5.74ms
[2026-04-03T01:17:00.902+0600][3.807s][info][gc,phases      ] GC(3)   Post Evacuate Collection Set: 0.64ms
[2026-04-03T01:17:00.902+0600][3.807s][info][gc,phases      ] GC(3)   Other: 0.11ms
[2026-04-03T01:17:00.902+0600][3.807s][info][gc,heap        ] GC(3) Eden regions: 11->0(9)
[2026-04-03T01:17:00.902+0600][3.807s][info][gc,heap        ] GC(3) Survivor regions: 0->2(2)
[2026-04-03T01:17:00.902+0600][3.807s][info][gc,heap        ] GC(3) Old regions: 7->8
[2026-04-03T01:17:00.902+0600][3.807s][info][gc,heap        ] GC(3) Humongous regions: 0->0
[2026-04-03T01:17:00.902+0600][3.807s][info][gc,metaspace   ] GC(3) Metaspace: 20375K(20864K)->20375K(20864K) NonClass: 18301K(18560K)->18301K(18560K) Class: 2074K(2304K)->2074K(2304K)
[2026-04-03T01:17:00.902+0600][3.807s][info][gc             ] GC(3) Pause Young (Normal) (G1 Evacuation Pause) 31M->13M(48M) 7.336ms
[2026-04-03T01:17:00.902+0600][3.807s][info][gc,cpu         ] GC(3) User=0.06s Sys=0.01s Real=0.01s
[2026-04-03T01:17:01.156+0600][4.060s][info][gc,start       ] GC(4) Pause Young (Normal) (G1 Evacuation Pause)
[2026-04-03T01:17:01.156+0600][4.060s][info][gc,task        ] GC(4) Using 10 workers of 10 for evacuation
[2026-04-03T01:17:01.159+0600][4.063s][info][gc,phases      ] GC(4)   Pre Evacuate Collection Set: 0.35ms
[2026-04-03T01:17:01.159+0600][4.063s][info][gc,phases      ] GC(4)   Merge Heap Roots: 0.06ms
[2026-04-03T01:17:01.159+0600][4.063s][info][gc,phases      ] GC(4)   Evacuate Collection Set: 2.11ms
[2026-04-03T01:17:01.159+0600][4.063s][info][gc,phases      ] GC(4)   Post Evacuate Collection Set: 0.33ms
[2026-04-03T01:17:01.159+0600][4.063s][info][gc,phases      ] GC(4)   Other: 0.07ms
[2026-04-03T01:17:01.159+0600][4.063s][info][gc,heap        ] GC(4) Eden regions: 9->0(10)
[2026-04-03T01:17:01.159+0600][4.063s][info][gc,heap        ] GC(4) Survivor regions: 2->1(2)
[2026-04-03T01:17:01.159+0600][4.063s][info][gc,heap        ] GC(4) Old regions: 8->9
[2026-04-03T01:17:01.159+0600][4.063s][info][gc,heap        ] GC(4) Humongous regions: 0->0
[2026-04-03T01:17:01.159+0600][4.063s][info][gc,metaspace   ] GC(4) Metaspace: 23838K(24256K)->23838K(24256K) NonClass: 21498K(21696K)->21498K(21696K) Class: 2339K(2560K)->2339K(2560K)
[2026-04-03T01:17:01.159+0600][4.063s][info][gc             ] GC(4) Pause Young (Normal) (G1 Evacuation Pause) 31M->14M(48M) 3.130ms
[2026-04-03T01:17:01.159+0600][4.063s][info][gc,cpu         ] GC(4) User=0.02s Sys=0.00s Real=0.00s
[2026-04-03T01:17:01.259+0600][4.163s][info][gc,start       ] GC(5) Pause Young (Normal) (G1 Evacuation Pause)
[2026-04-03T01:17:01.259+0600][4.164s][info][gc,task        ] GC(5) Using 10 workers of 10 for evacuation
[2026-04-03T01:17:01.261+0600][4.166s][info][gc,phases      ] GC(5)   Pre Evacuate Collection Set: 0.25ms
[2026-04-03T01:17:01.262+0600][4.166s][info][gc,phases      ] GC(5)   Merge Heap Roots: 0.11ms
[2026-04-03T01:17:01.262+0600][4.166s][info][gc,phases      ] GC(5)   Evacuate Collection Set: 0.92ms
[2026-04-03T01:17:01.262+0600][4.166s][info][gc,phases      ] GC(5)   Post Evacuate Collection Set: 0.75ms
[2026-04-03T01:17:01.262+0600][4.166s][info][gc,phases      ] GC(5)   Other: 0.07ms
[2026-04-03T01:17:01.262+0600][4.166s][info][gc,heap        ] GC(5) Eden regions: 10->0(10)
[2026-04-03T01:17:01.262+0600][4.166s][info][gc,heap        ] GC(5) Survivor regions: 1->1(2)
[2026-04-03T01:17:01.262+0600][4.166s][info][gc,heap        ] GC(5) Old regions: 9->9
[2026-04-03T01:17:01.262+0600][4.166s][info][gc,heap        ] GC(5) Humongous regions: 0->0
[2026-04-03T01:17:01.262+0600][4.166s][info][gc,metaspace   ] GC(5) Metaspace: 23937K(24384K)->23937K(24384K) NonClass: 21595K(21824K)->21595K(21824K) Class: 2342K(2560K)->2342K(2560K)
[2026-04-03T01:17:01.262+0600][4.166s][info][gc             ] GC(5) Pause Young (Normal) (G1 Evacuation Pause) 34M->15M(48M) 2.322ms
[2026-04-03T01:17:01.262+0600][4.166s][info][gc,cpu         ] GC(5) User=0.01s Sys=0.00s Real=0.01s
[2026-04-03T01:17:01.339+0600][4.244s][info][gc,start       ] GC(6) Pause Young (Normal) (G1 Evacuation Pause)
[2026-04-03T01:17:01.339+0600][4.244s][info][gc,task        ] GC(6) Using 10 workers of 10 for evacuation
[2026-04-03T01:17:01.341+0600][4.246s][info][gc,phases      ] GC(6)   Pre Evacuate Collection Set: 0.15ms
[2026-04-03T01:17:01.341+0600][4.246s][info][gc,phases      ] GC(6)   Merge Heap Roots: 0.08ms
[2026-04-03T01:17:01.341+0600][4.246s][info][gc,phases      ] GC(6)   Evacuate Collection Set: 0.81ms
[2026-04-03T01:17:01.341+0600][4.246s][info][gc,phases      ] GC(6)   Post Evacuate Collection Set: 0.81ms
[2026-04-03T01:17:01.341+0600][4.246s][info][gc,phases      ] GC(6)   Other: 0.07ms
[2026-04-03T01:17:01.341+0600][4.246s][info][gc,heap        ] GC(6) Eden regions: 10->0(43)
[2026-04-03T01:17:01.342+0600][4.246s][info][gc,heap        ] GC(6) Survivor regions: 1->1(2)
[2026-04-03T01:17:01.342+0600][4.246s][info][gc,heap        ] GC(6) Old regions: 9->9
[2026-04-03T01:17:01.342+0600][4.246s][info][gc,heap        ] GC(6) Humongous regions: 0->0
[2026-04-03T01:17:01.342+0600][4.246s][info][gc,metaspace   ] GC(6) Metaspace: 23979K(24448K)->23979K(24448K) NonClass: 21637K(21888K)->21637K(21888K) Class: 2342K(2560K)->2342K(2560K)
[2026-04-03T01:17:01.342+0600][4.246s][info][gc             ] GC(6) Pause Young (Normal) (G1 Evacuation Pause) 35M->14M(148M) 2.163ms
[2026-04-03T01:17:01.342+0600][4.246s][info][gc,cpu         ] GC(6) User=0.02s Sys=0.00s Real=0.01s
[2026-04-03T01:17:01.628+0600][4.532s][info][gc,start       ] GC(7) Pause Young (Concurrent Start) (Metadata GC Threshold)
[2026-04-03T01:17:01.628+0600][4.532s][info][gc,task        ] GC(7) Using 10 workers of 10 for evacuation
[2026-04-03T01:17:01.630+0600][4.534s][info][gc,phases      ] GC(7)   Pre Evacuate Collection Set: 0.31ms
[2026-04-03T01:17:01.630+0600][4.534s][info][gc,phases      ] GC(7)   Merge Heap Roots: 0.08ms
[2026-04-03T01:17:01.630+0600][4.534s][info][gc,phases      ] GC(7)   Evacuate Collection Set: 1.21ms
[2026-04-03T01:17:01.630+0600][4.534s][info][gc,phases      ] GC(7)   Post Evacuate Collection Set: 0.30ms
[2026-04-03T01:17:01.630+0600][4.534s][info][gc,phases      ] GC(7)   Other: 0.10ms
[2026-04-03T01:17:01.630+0600][4.534s][info][gc,heap        ] GC(7) Eden regions: 20->0(43)
[2026-04-03T01:17:01.630+0600][4.534s][info][gc,heap        ] GC(7) Survivor regions: 1->1(6)
[2026-04-03T01:17:01.630+0600][4.534s][info][gc,heap        ] GC(7) Old regions: 9->9
[2026-04-03T01:17:01.630+0600][4.534s][info][gc,heap        ] GC(7) Humongous regions: 0->0
[2026-04-03T01:17:01.630+0600][4.534s][info][gc,metaspace   ] GC(7) Metaspace: 25807K(26240K)->25807K(26240K) NonClass: 23313K(23488K)->23313K(23488K) Class: 2494K(2752K)->2494K(2752K)
[2026-04-03T01:17:01.630+0600][4.534s][info][gc             ] GC(7) Pause Young (Concurrent Start) (Metadata GC Threshold) 53M->14M(148M) 2.237ms
[2026-04-03T01:17:01.630+0600][4.534s][info][gc,cpu         ] GC(7) User=0.01s Sys=0.01s Real=0.01s
[2026-04-03T01:17:01.630+0600][4.534s][info][gc             ] GC(8) Concurrent Mark Cycle
[2026-04-03T01:17:01.630+0600][4.534s][info][gc,marking     ] GC(8) Concurrent Scan Root Regions
[2026-04-03T01:17:01.631+0600][4.535s][info][gc,marking     ] GC(8) Concurrent Scan Root Regions 1.299ms
[2026-04-03T01:17:01.631+0600][4.535s][info][gc,marking     ] GC(8) Concurrent Mark
[2026-04-03T01:17:01.631+0600][4.535s][info][gc,marking     ] GC(8) Concurrent Mark From Roots
[2026-04-03T01:17:01.632+0600][4.536s][info][gc,task        ] GC(8) Using 2 workers of 2 for marking
[2026-04-03T01:17:01.647+0600][4.551s][info][gc,marking     ] GC(8) Concurrent Mark From Roots 15.516ms
[2026-04-03T01:17:01.647+0600][4.551s][info][gc,marking     ] GC(8) Concurrent Preclean
[2026-04-03T01:17:01.647+0600][4.551s][info][gc,marking     ] GC(8) Concurrent Preclean 0.048ms
[2026-04-03T01:17:01.647+0600][4.551s][info][gc,start       ] GC(8) Pause Remark
[2026-04-03T01:17:01.652+0600][4.556s][info][gc             ] GC(8) Pause Remark 15M->15M(68M) 4.307ms
[2026-04-03T01:17:01.652+0600][4.556s][info][gc,cpu         ] GC(8) User=0.02s Sys=0.00s Real=0.01s
[2026-04-03T01:17:01.652+0600][4.556s][info][gc,marking     ] GC(8) Concurrent Mark 20.521ms
[2026-04-03T01:17:01.652+0600][4.556s][info][gc,marking     ] GC(8) Concurrent Rebuild Remembered Sets and Scrub Regions
[2026-04-03T01:17:01.662+0600][4.566s][info][gc,marking     ] GC(8) Concurrent Rebuild Remembered Sets and Scrub Regions 10.292ms
[2026-04-03T01:17:01.662+0600][4.567s][info][gc,start       ] GC(8) Pause Cleanup
[2026-04-03T01:17:01.663+0600][4.567s][info][gc             ] GC(8) Pause Cleanup 16M->16M(68M) 0.167ms
[2026-04-03T01:17:01.663+0600][4.567s][info][gc,cpu         ] GC(8) User=0.00s Sys=0.00s Real=0.00s
[2026-04-03T01:17:01.663+0600][4.567s][info][gc,marking     ] GC(8) Concurrent Clear Claimed Marks
[2026-04-03T01:17:01.663+0600][4.567s][info][gc,marking     ] GC(8) Concurrent Clear Claimed Marks 0.082ms
[2026-04-03T01:17:01.663+0600][4.567s][info][gc,marking     ] GC(8) Concurrent Cleanup for Next Mark
[2026-04-03T01:17:01.663+0600][4.567s][info][gc,marking     ] GC(8) Concurrent Cleanup for Next Mark 0.497ms
[2026-04-03T01:17:01.663+0600][4.567s][info][gc             ] GC(8) Concurrent Mark Cycle 33.313ms
[2026-04-03T01:17:02.678+0600][5.583s][info][gc,start       ] GC(9) Pause Young (Prepare Mixed) (G1 Evacuation Pause)
[2026-04-03T01:17:02.679+0600][5.583s][info][gc,task        ] GC(9) Using 10 workers of 10 for evacuation
[2026-04-03T01:17:02.684+0600][5.589s][info][gc,phases      ] GC(9)   Pre Evacuate Collection Set: 0.39ms
[2026-04-03T01:17:02.684+0600][5.589s][info][gc,phases      ] GC(9)   Merge Heap Roots: 0.17ms
[2026-04-03T01:17:02.684+0600][5.589s][info][gc,phases      ] GC(9)   Evacuate Collection Set: 4.17ms
[2026-04-03T01:17:02.684+0600][5.589s][info][gc,phases      ] GC(9)   Post Evacuate Collection Set: 0.97ms
[2026-04-03T01:17:02.685+0600][5.589s][info][gc,phases      ] GC(9)   Other: 0.12ms
[2026-04-03T01:17:02.685+0600][5.589s][info][gc,heap        ] GC(9) Eden regions: 24->0(19)
[2026-04-03T01:17:02.685+0600][5.589s][info][gc,heap        ] GC(9) Survivor regions: 1->2(6)
[2026-04-03T01:17:02.685+0600][5.589s][info][gc,heap        ] GC(9) Old regions: 9->9
[2026-04-03T01:17:02.685+0600][5.589s][info][gc,heap        ] GC(9) Humongous regions: 0->0
[2026-04-03T01:17:02.685+0600][5.589s][info][gc,metaspace   ] GC(9) Metaspace: 29015K(29568K)->29015K(29568K) NonClass: 26269K(26560K)->26269K(26560K) Class: 2745K(3008K)->2745K(3008K)
[2026-04-03T01:17:02.685+0600][5.589s][info][gc             ] GC(9) Pause Young (Prepare Mixed) (G1 Evacuation Pause) 62M->16M(72M) 6.152ms
[2026-04-03T01:17:02.685+0600][5.589s][info][gc,cpu         ] GC(9) User=0.05s Sys=0.00s Real=0.01s
[2026-04-03T01:17:03.212+0600][6.116s][info][gc,start       ] GC(10) Pause Young (Mixed) (G1 Evacuation Pause)
[2026-04-03T01:17:03.212+0600][6.116s][info][gc,task        ] GC(10) Using 10 workers of 10 for evacuation
[2026-04-03T01:17:03.216+0600][6.120s][info][gc,phases      ] GC(10)   Pre Evacuate Collection Set: 0.29ms
[2026-04-03T01:17:03.216+0600][6.120s][info][gc,phases      ] GC(10)   Merge Heap Roots: 0.11ms
[2026-04-03T01:17:03.216+0600][6.120s][info][gc,phases      ] GC(10)   Evacuate Collection Set: 2.79ms
[2026-04-03T01:17:03.216+0600][6.120s][info][gc,phases      ] GC(10)   Post Evacuate Collection Set: 0.68ms
[2026-04-03T01:17:03.216+0600][6.120s][info][gc,phases      ] GC(10)   Other: 0.10ms
[2026-04-03T01:17:03.216+0600][6.120s][info][gc,heap        ] GC(10) Eden regions: 19->0(19)
[2026-04-03T01:17:03.216+0600][6.120s][info][gc,heap        ] GC(10) Survivor regions: 2->2(3)
[2026-04-03T01:17:03.216+0600][6.120s][info][gc,heap        ] GC(10) Old regions: 9->9
[2026-04-03T01:17:03.216+0600][6.120s][info][gc,heap        ] GC(10) Humongous regions: 0->0
[2026-04-03T01:17:03.216+0600][6.120s][info][gc,metaspace   ] GC(10) Metaspace: 29858K(30464K)->29858K(30464K) NonClass: 27058K(27392K)->27058K(27392K) Class: 2799K(3072K)->2799K(3072K)
[2026-04-03T01:17:03.216+0600][6.120s][info][gc             ] GC(10) Pause Young (Mixed) (G1 Evacuation Pause) 54M->15M(72M) 4.253ms
[2026-04-03T01:17:03.216+0600][6.120s][info][gc,cpu         ] GC(10) User=0.03s Sys=0.01s Real=0.00s
[2026-04-03T01:17:03.797+0600][6.701s][info][gc,start       ] GC(11) Pause Young (Normal) (G1 Evacuation Pause)
[2026-04-03T01:17:03.797+0600][6.701s][info][gc,task        ] GC(11) Using 10 workers of 10 for evacuation
[2026-04-03T01:17:03.801+0600][6.706s][info][gc,phases      ] GC(11)   Pre Evacuate Collection Set: 0.35ms
[2026-04-03T01:17:03.801+0600][6.706s][info][gc,phases      ] GC(11)   Merge Heap Roots: 0.22ms
[2026-04-03T01:17:03.801+0600][6.706s][info][gc,phases      ] GC(11)   Evacuate Collection Set: 3.09ms
[2026-04-03T01:17:03.801+0600][6.706s][info][gc,phases      ] GC(11)   Post Evacuate Collection Set: 0.84ms
[2026-04-03T01:17:03.801+0600][6.706s][info][gc,phases      ] GC(11)   Other: 0.12ms
[2026-04-03T01:17:03.801+0600][6.706s][info][gc,heap        ] GC(11) Eden regions: 19->0(19)
[2026-04-03T01:17:03.801+0600][6.706s][info][gc,heap        ] GC(11) Survivor regions: 2->2(3)
[2026-04-03T01:17:03.801+0600][6.706s][info][gc,heap        ] GC(11) Old regions: 9->9
[2026-04-03T01:17:03.802+0600][6.706s][info][gc,heap        ] GC(11) Humongous regions: 0->0
[2026-04-03T01:17:03.802+0600][6.706s][info][gc,metaspace   ] GC(11) Metaspace: 30633K(31232K)->30633K(31232K) NonClass: 27780K(28096K)->27780K(28096K) Class: 2852K(3136K)->2852K(3136K)
[2026-04-03T01:17:03.802+0600][6.706s][info][gc             ] GC(11) Pause Young (Normal) (G1 Evacuation Pause) 53M->16M(72M) 4.968ms
[2026-04-03T01:17:03.802+0600][6.706s][info][gc,cpu         ] GC(11) User=0.04s Sys=0.00s Real=0.01s
[2026-04-03T01:17:04.214+0600][7.118s][info][gc,start       ] GC(12) Pause Young (Normal) (G1 Evacuation Pause)
[2026-04-03T01:17:04.214+0600][7.118s][info][gc,task        ] GC(12) Using 10 workers of 10 for evacuation
[2026-04-03T01:17:04.218+0600][7.122s][info][gc,phases      ] GC(12)   Pre Evacuate Collection Set: 0.18ms
[2026-04-03T01:17:04.218+0600][7.122s][info][gc,phases      ] GC(12)   Merge Heap Roots: 0.11ms
[2026-04-03T01:17:04.218+0600][7.122s][info][gc,phases      ] GC(12)   Evacuate Collection Set: 2.91ms
[2026-04-03T01:17:04.218+0600][7.123s][info][gc,phases      ] GC(12)   Post Evacuate Collection Set: 0.71ms
[2026-04-03T01:17:04.218+0600][7.123s][info][gc,phases      ] GC(12)   Other: 0.10ms
[2026-04-03T01:17:04.218+0600][7.123s][info][gc,heap        ] GC(12) Eden regions: 19->0(19)
[2026-04-03T01:17:04.218+0600][7.123s][info][gc,heap        ] GC(12) Survivor regions: 2->2(3)
[2026-04-03T01:17:04.218+0600][7.123s][info][gc,heap        ] GC(12) Old regions: 9->9
[2026-04-03T01:17:04.218+0600][7.123s][info][gc,heap        ] GC(12) Humongous regions: 0->0
[2026-04-03T01:17:04.218+0600][7.123s][info][gc,metaspace   ] GC(12) Metaspace: 31196K(31872K)->31196K(31872K) NonClass: 28333K(28736K)->28333K(28736K) Class: 2863K(3136K)->2863K(3136K)
[2026-04-03T01:17:04.218+0600][7.123s][info][gc             ] GC(12) Pause Young (Normal) (G1 Evacuation Pause) 54M->16M(72M) 4.311ms
[2026-04-03T01:17:04.218+0600][7.123s][info][gc,cpu         ] GC(12) User=0.04s Sys=0.00s Real=0.00s
[2026-04-03T01:17:04.634+0600][7.538s][info][gc,start       ] GC(13) Pause Young (Normal) (G1 Evacuation Pause)
[2026-04-03T01:17:04.634+0600][7.538s][info][gc,task        ] GC(13) Using 10 workers of 10 for evacuation
[2026-04-03T01:17:04.641+0600][7.545s][info][gc,phases      ] GC(13)   Pre Evacuate Collection Set: 0.21ms
[2026-04-03T01:17:04.641+0600][7.545s][info][gc,phases      ] GC(13)   Merge Heap Roots: 0.15ms
[2026-04-03T01:17:04.641+0600][7.545s][info][gc,phases      ] GC(13)   Evacuate Collection Set: 5.12ms
[2026-04-03T01:17:04.641+0600][7.545s][info][gc,phases      ] GC(13)   Post Evacuate Collection Set: 1.22ms
[2026-04-03T01:17:04.641+0600][7.545s][info][gc,phases      ] GC(13)   Other: 0.13ms
[2026-04-03T01:17:04.641+0600][7.545s][info][gc,heap        ] GC(13) Eden regions: 19->0(19)
[2026-04-03T01:17:04.641+0600][7.545s][info][gc,heap        ] GC(13) Survivor regions: 2->2(3)
[2026-04-03T01:17:04.641+0600][7.545s][info][gc,heap        ] GC(13) Old regions: 9->9
[2026-04-03T01:17:04.641+0600][7.545s][info][gc,heap        ] GC(13) Humongous regions: 0->0
[2026-04-03T01:17:04.641+0600][7.545s][info][gc,metaspace   ] GC(13) Metaspace: 31875K(32704K)->31875K(32704K) NonClass: 28916K(29376K)->28916K(29376K) Class: 2958K(3328K)->2958K(3328K)
[2026-04-03T01:17:04.641+0600][7.545s][info][gc             ] GC(13) Pause Young (Normal) (G1 Evacuation Pause) 54M->16M(72M) 7.177ms
[2026-04-03T01:17:04.641+0600][7.545s][info][gc,cpu         ] GC(13) User=0.06s Sys=0.01s Real=0.01s
[2026-04-03T01:17:05.063+0600][7.967s][info][gc,start       ] GC(14) Pause Young (Normal) (G1 Evacuation Pause)
[2026-04-03T01:17:05.063+0600][7.967s][info][gc,task        ] GC(14) Using 10 workers of 10 for evacuation
[2026-04-03T01:17:05.069+0600][7.973s][info][gc,phases      ] GC(14)   Pre Evacuate Collection Set: 0.21ms
[2026-04-03T01:17:05.069+0600][7.974s][info][gc,phases      ] GC(14)   Merge Heap Roots: 0.11ms
[2026-04-03T01:17:05.069+0600][7.974s][info][gc,phases      ] GC(14)   Evacuate Collection Set: 4.58ms
[2026-04-03T01:17:05.069+0600][7.974s][info][gc,phases      ] GC(14)   Post Evacuate Collection Set: 1.17ms
[2026-04-03T01:17:05.069+0600][7.974s][info][gc,phases      ] GC(14)   Other: 0.10ms
[2026-04-03T01:17:05.069+0600][7.974s][info][gc,heap        ] GC(14) Eden regions: 19->0(19)
[2026-04-03T01:17:05.070+0600][7.974s][info][gc,heap        ] GC(14) Survivor regions: 2->2(3)
[2026-04-03T01:17:05.070+0600][7.974s][info][gc,heap        ] GC(14) Old regions: 9->9
[2026-04-03T01:17:05.070+0600][7.974s][info][gc,heap        ] GC(14) Humongous regions: 0->0
[2026-04-03T01:17:05.070+0600][7.974s][info][gc,metaspace   ] GC(14) Metaspace: 32392K(33216K)->32392K(33216K) NonClass: 29425K(29888K)->29425K(29888K) Class: 2967K(3328K)->2967K(3328K)
[2026-04-03T01:17:05.070+0600][7.974s][info][gc             ] GC(14) Pause Young (Normal) (G1 Evacuation Pause) 54M->17M(72M) 6.515ms
[2026-04-03T01:17:05.070+0600][7.974s][info][gc,cpu         ] GC(14) User=0.04s Sys=0.00s Real=0.00s
[2026-04-03T01:17:05.568+0600][8.472s][info][gc,start       ] GC(15) Pause Young (Normal) (G1 Evacuation Pause)
[2026-04-03T01:17:05.568+0600][8.472s][info][gc,task        ] GC(15) Using 10 workers of 10 for evacuation
[2026-04-03T01:17:05.576+0600][8.480s][info][gc,phases      ] GC(15)   Pre Evacuate Collection Set: 0.40ms
[2026-04-03T01:17:05.576+0600][8.480s][info][gc,phases      ] GC(15)   Merge Heap Roots: 0.13ms
[2026-04-03T01:17:05.576+0600][8.480s][info][gc,phases      ] GC(15)   Evacuate Collection Set: 6.64ms
[2026-04-03T01:17:05.576+0600][8.480s][info][gc,phases      ] GC(15)   Post Evacuate Collection Set: 1.01ms
[2026-04-03T01:17:05.576+0600][8.480s][info][gc,phases      ] GC(15)   Other: 0.12ms
[2026-04-03T01:17:05.576+0600][8.480s][info][gc,heap        ] GC(15) Eden regions: 19->0(24)
[2026-04-03T01:17:05.576+0600][8.480s][info][gc,heap        ] GC(15) Survivor regions: 2->2(3)
[2026-04-03T01:17:05.576+0600][8.480s][info][gc,heap        ] GC(15) Old regions: 9->9
[2026-04-03T01:17:05.576+0600][8.480s][info][gc,heap        ] GC(15) Humongous regions: 0->0
[2026-04-03T01:17:05.576+0600][8.480s][info][gc,metaspace   ] GC(15) Metaspace: 32984K(33792K)->32984K(33792K) NonClass: 30007K(30464K)->30007K(30464K) Class: 2977K(3328K)->2977K(3328K)
[2026-04-03T01:17:05.576+0600][8.480s][info][gc             ] GC(15) Pause Young (Normal) (G1 Evacuation Pause) 55M->17M(88M) 8.619ms
[2026-04-03T01:17:05.576+0600][8.480s][info][gc,cpu         ] GC(15) User=0.05s Sys=0.01s Real=0.01s
[2026-04-03T01:17:06.053+0600][8.957s][info][gc,start       ] GC(16) Pause Young (Normal) (G1 Evacuation Pause)
[2026-04-03T01:17:06.053+0600][8.957s][info][gc,task        ] GC(16) Using 10 workers of 10 for evacuation
[2026-04-03T01:17:06.058+0600][8.962s][info][gc,phases      ] GC(16)   Pre Evacuate Collection Set: 0.33ms
[2026-04-03T01:17:06.058+0600][8.963s][info][gc,phases      ] GC(16)   Merge Heap Roots: 0.25ms
[2026-04-03T01:17:06.058+0600][8.963s][info][gc,phases      ] GC(16)   Evacuate Collection Set: 3.70ms
[2026-04-03T01:17:06.058+0600][8.963s][info][gc,phases      ] GC(16)   Post Evacuate Collection Set: 0.85ms
[2026-04-03T01:17:06.058+0600][8.963s][info][gc,phases      ] GC(16)   Other: 0.13ms
[2026-04-03T01:17:06.058+0600][8.963s][info][gc,heap        ] GC(16) Eden regions: 24->0(24)
[2026-04-03T01:17:06.058+0600][8.963s][info][gc,heap        ] GC(16) Survivor regions: 2->2(4)
[2026-04-03T01:17:06.058+0600][8.963s][info][gc,heap        ] GC(16) Old regions: 9->9
[2026-04-03T01:17:06.059+0600][8.963s][info][gc,heap        ] GC(16) Humongous regions: 0->0
[2026-04-03T01:17:06.059+0600][8.963s][info][gc,metaspace   ] GC(16) Metaspace: 33179K(33984K)->33179K(33984K) NonClass: 30200K(30656K)->30200K(30656K) Class: 2978K(3328K)->2978K(3328K)
[2026-04-03T01:17:06.059+0600][8.963s][info][gc             ] GC(16) Pause Young (Normal) (G1 Evacuation Pause) 65M->17M(88M) 5.635ms
[2026-04-03T01:17:06.059+0600][8.963s][info][gc,cpu         ] GC(16) User=0.05s Sys=0.01s Real=0.00s
[2026-04-03T01:17:06.439+0600][9.343s][info][gc,start       ] GC(17) Pause Young (Normal) (G1 Evacuation Pause)
[2026-04-03T01:17:06.439+0600][9.343s][info][gc,task        ] GC(17) Using 10 workers of 10 for evacuation
[2026-04-03T01:17:06.444+0600][9.349s][info][gc,phases      ] GC(17)   Pre Evacuate Collection Set: 0.28ms
[2026-04-03T01:17:06.445+0600][9.349s][info][gc,phases      ] GC(17)   Merge Heap Roots: 0.20ms
[2026-04-03T01:17:06.445+0600][9.349s][info][gc,phases      ] GC(17)   Evacuate Collection Set: 3.37ms
[2026-04-03T01:17:06.445+0600][9.349s][info][gc,phases      ] GC(17)   Post Evacuate Collection Set: 1.09ms
[2026-04-03T01:17:06.445+0600][9.349s][info][gc,phases      ] GC(17)   Other: 0.18ms
[2026-04-03T01:17:06.445+0600][9.349s][info][gc,heap        ] GC(17) Eden regions: 24->0(24)
[2026-04-03T01:17:06.445+0600][9.349s][info][gc,heap        ] GC(17) Survivor regions: 2->2(4)
[2026-04-03T01:17:06.445+0600][9.349s][info][gc,heap        ] GC(17) Old regions: 9->9
[2026-04-03T01:17:06.445+0600][9.349s][info][gc,heap        ] GC(17) Humongous regions: 0->0
[2026-04-03T01:17:06.445+0600][9.349s][info][gc,metaspace   ] GC(17) Metaspace: 33280K(34112K)->33280K(34112K) NonClass: 30300K(30784K)->30300K(30784K) Class: 2979K(3328K)->2979K(3328K)
[2026-04-03T01:17:06.445+0600][9.349s][info][gc             ] GC(17) Pause Young (Normal) (G1 Evacuation Pause) 65M->17M(88M) 5.569ms
[2026-04-03T01:17:06.445+0600][9.349s][info][gc,cpu         ] GC(17) User=0.05s Sys=0.00s Real=0.01s
[2026-04-03T01:17:06.789+0600][9.693s][info][gc,start       ] GC(18) Pause Young (Normal) (G1 Evacuation Pause)
[2026-04-03T01:17:06.789+0600][9.694s][info][gc,task        ] GC(18) Using 10 workers of 10 for evacuation
[2026-04-03T01:17:06.794+0600][9.698s][info][gc,phases      ] GC(18)   Pre Evacuate Collection Set: 0.23ms
[2026-04-03T01:17:06.794+0600][9.698s][info][gc,phases      ] GC(18)   Merge Heap Roots: 0.24ms
[2026-04-03T01:17:06.794+0600][9.698s][info][gc,phases      ] GC(18)   Evacuate Collection Set: 2.94ms
[2026-04-03T01:17:06.794+0600][9.698s][info][gc,phases      ] GC(18)   Post Evacuate Collection Set: 0.85ms
[2026-04-03T01:17:06.794+0600][9.698s][info][gc,phases      ] GC(18)   Other: 0.12ms
[2026-04-03T01:17:06.794+0600][9.698s][info][gc,heap        ] GC(18) Eden regions: 24->0(24)
[2026-04-03T01:17:06.794+0600][9.698s][info][gc,heap        ] GC(18) Survivor regions: 2->2(4)
[2026-04-03T01:17:06.794+0600][9.698s][info][gc,heap        ] GC(18) Old regions: 9->9
[2026-04-03T01:17:06.794+0600][9.698s][info][gc,heap        ] GC(18) Humongous regions: 0->0
[2026-04-03T01:17:06.794+0600][9.698s][info][gc,metaspace   ] GC(18) Metaspace: 33310K(34112K)->33310K(34112K) NonClass: 30327K(30784K)->30327K(30784K) Class: 2982K(3328K)->2982K(3328K)
[2026-04-03T01:17:06.794+0600][9.698s][info][gc             ] GC(18) Pause Young (Normal) (G1 Evacuation Pause) 65M->17M(88M) 4.751ms
[2026-04-03T01:17:06.794+0600][9.698s][info][gc,cpu         ] GC(18) User=0.04s Sys=0.01s Real=0.01s
[2026-04-03T01:17:07.176+0600][10.081s][info][gc,start       ] GC(19) Pause Young (Normal) (G1 Evacuation Pause)
[2026-04-03T01:17:07.177+0600][10.081s][info][gc,task        ] GC(19) Using 10 workers of 10 for evacuation
[2026-04-03T01:17:07.183+0600][10.087s][info][gc,phases      ] GC(19)   Pre Evacuate Collection Set: 0.28ms
[2026-04-03T01:17:07.183+0600][10.088s][info][gc,phases      ] GC(19)   Merge Heap Roots: 0.20ms
[2026-04-03T01:17:07.183+0600][10.088s][info][gc,phases      ] GC(19)   Evacuate Collection Set: 4.75ms
[2026-04-03T01:17:07.183+0600][10.088s][info][gc,phases      ] GC(19)   Post Evacuate Collection Set: 1.35ms
[2026-04-03T01:17:07.183+0600][10.088s][info][gc,phases      ] GC(19)   Other: 0.13ms
[2026-04-03T01:17:07.183+0600][10.088s][info][gc,heap        ] GC(19) Eden regions: 24->0(29)
[2026-04-03T01:17:07.183+0600][10.088s][info][gc,heap        ] GC(19) Survivor regions: 2->2(4)
[2026-04-03T01:17:07.183+0600][10.088s][info][gc,heap        ] GC(19) Old regions: 9->9
[2026-04-03T01:17:07.183+0600][10.088s][info][gc,heap        ] GC(19) Humongous regions: 0->0
[2026-04-03T01:17:07.184+0600][10.088s][info][gc,metaspace   ] GC(19) Metaspace: 33418K(34176K)->33418K(34176K) NonClass: 30434K(30848K)->30434K(30848K) Class: 2983K(3328K)->2983K(3328K)
[2026-04-03T01:17:07.184+0600][10.088s][info][gc             ] GC(19) Pause Young (Normal) (G1 Evacuation Pause) 65M->17M(106M) 7.170ms
[2026-04-03T01:17:07.184+0600][10.088s][info][gc,cpu         ] GC(19) User=0.04s Sys=0.00s Real=0.01s
[2026-04-03T01:17:07.740+0600][10.644s][info][gc,start       ] GC(20) Pause Young (Normal) (G1 Evacuation Pause)
[2026-04-03T01:17:07.740+0600][10.644s][info][gc,task        ] GC(20) Using 10 workers of 10 for evacuation
[2026-04-03T01:17:07.747+0600][10.651s][info][gc,phases      ] GC(20)   Pre Evacuate Collection Set: 0.43ms
[2026-04-03T01:17:07.747+0600][10.651s][info][gc,phases      ] GC(20)   Merge Heap Roots: 0.23ms
[2026-04-03T01:17:07.747+0600][10.651s][info][gc,phases      ] GC(20)   Evacuate Collection Set: 4.65ms
[2026-04-03T01:17:07.747+0600][10.651s][info][gc,phases      ] GC(20)   Post Evacuate Collection Set: 1.34ms
[2026-04-03T01:17:07.747+0600][10.651s][info][gc,phases      ] GC(20)   Other: 0.23ms
[2026-04-03T01:17:07.747+0600][10.651s][info][gc,heap        ] GC(20) Eden regions: 29->0(29)
[2026-04-03T01:17:07.747+0600][10.651s][info][gc,heap        ] GC(20) Survivor regions: 2->2(4)
[2026-04-03T01:17:07.747+0600][10.651s][info][gc,heap        ] GC(20) Old regions: 9->9
[2026-04-03T01:17:07.747+0600][10.651s][info][gc,heap        ] GC(20) Humongous regions: 0->0
[2026-04-03T01:17:07.747+0600][10.651s][info][gc,metaspace   ] GC(20) Metaspace: 33625K(34432K)->33625K(34432K) NonClass: 30642K(31104K)->30642K(31104K) Class: 2983K(3328K)->2983K(3328K)
[2026-04-03T01:17:07.747+0600][10.651s][info][gc             ] GC(20) Pause Young (Normal) (G1 Evacuation Pause) 75M->17M(106M) 7.375ms
[2026-04-03T01:17:07.747+0600][10.651s][info][gc,cpu         ] GC(20) User=0.06s Sys=0.01s Real=0.00s
[2026-04-03T01:17:08.144+0600][11.048s][info][gc,start       ] GC(21) Pause Young (Normal) (G1 Evacuation Pause)
[2026-04-03T01:17:08.166+0600][11.070s][info][gc,task        ] GC(21) Using 10 workers of 10 for evacuation
[2026-04-03T01:17:08.171+0600][11.075s][info][gc,phases      ] GC(21)   Pre Evacuate Collection Set: 0.61ms
[2026-04-03T01:17:08.171+0600][11.075s][info][gc,phases      ] GC(21)   Merge Heap Roots: 0.10ms
[2026-04-03T01:17:08.171+0600][11.075s][info][gc,phases      ] GC(21)   Evacuate Collection Set: 3.01ms
[2026-04-03T01:17:08.171+0600][11.075s][info][gc,phases      ] GC(21)   Post Evacuate Collection Set: 0.84ms
[2026-04-03T01:17:08.171+0600][11.075s][info][gc,phases      ] GC(21)   Other: 0.15ms
[2026-04-03T01:17:08.171+0600][11.075s][info][gc,heap        ] GC(21) Eden regions: 29->0(29)
[2026-04-03T01:17:08.171+0600][11.075s][info][gc,heap        ] GC(21) Survivor regions: 2->2(4)
[2026-04-03T01:17:08.171+0600][11.075s][info][gc,heap        ] GC(21) Old regions: 9->9
[2026-04-03T01:17:08.171+0600][11.075s][info][gc,heap        ] GC(21) Humongous regions: 0->0
[2026-04-03T01:17:08.171+0600][11.075s][info][gc,metaspace   ] GC(21) Metaspace: 33766K(34560K)->33766K(34560K) NonClass: 30779K(31232K)->30779K(31232K) Class: 2986K(3328K)->2986K(3328K)
[2026-04-03T01:17:08.171+0600][11.075s][info][gc             ] GC(21) Pause Young (Normal) (G1 Evacuation Pause) 75M->17M(106M) 27.024ms
[2026-04-03T01:17:08.171+0600][11.075s][info][gc,cpu         ] GC(21) User=0.06s Sys=0.00s Real=0.03s
[2026-04-03T01:17:08.532+0600][11.436s][info][gc,start       ] GC(22) Pause Young (Normal) (G1 Evacuation Pause)
[2026-04-03T01:17:08.532+0600][11.436s][info][gc,task        ] GC(22) Using 10 workers of 10 for evacuation
[2026-04-03T01:17:08.544+0600][11.448s][info][gc,phases      ] GC(22)   Pre Evacuate Collection Set: 0.32ms
[2026-04-03T01:17:08.544+0600][11.448s][info][gc,phases      ] GC(22)   Merge Heap Roots: 0.22ms
[2026-04-03T01:17:08.544+0600][11.448s][info][gc,phases      ] GC(22)   Evacuate Collection Set: 9.35ms
[2026-04-03T01:17:08.544+0600][11.448s][info][gc,phases      ] GC(22)   Post Evacuate Collection Set: 1.80ms
[2026-04-03T01:17:08.544+0600][11.448s][info][gc,phases      ] GC(22)   Other: 0.14ms
[2026-04-03T01:17:08.544+0600][11.448s][info][gc,heap        ] GC(22) Eden regions: 29->0(29)
[2026-04-03T01:17:08.544+0600][11.448s][info][gc,heap        ] GC(22) Survivor regions: 2->2(4)
[2026-04-03T01:17:08.544+0600][11.448s][info][gc,heap        ] GC(22) Old regions: 9->9
[2026-04-03T01:17:08.544+0600][11.448s][info][gc,heap        ] GC(22) Humongous regions: 0->0
[2026-04-03T01:17:08.544+0600][11.448s][info][gc,metaspace   ] GC(22) Metaspace: 33851K(34688K)->33851K(34688K) NonClass: 30864K(31360K)->30864K(31360K) Class: 2986K(3328K)->2986K(3328K)
[2026-04-03T01:17:08.544+0600][11.448s][info][gc             ] GC(22) Pause Young (Normal) (G1 Evacuation Pause) 75M->17M(106M) 12.271ms
[2026-04-03T01:17:08.544+0600][11.449s][info][gc,cpu         ] GC(22) User=0.05s Sys=0.00s Real=0.01s
[2026-04-03T01:17:08.958+0600][11.862s][info][gc,start       ] GC(23) Pause Young (Normal) (G1 Evacuation Pause)
[2026-04-03T01:17:08.958+0600][11.863s][info][gc,task        ] GC(23) Using 10 workers of 10 for evacuation
[2026-04-03T01:17:08.963+0600][11.867s][info][gc,phases      ] GC(23)   Pre Evacuate Collection Set: 0.28ms
[2026-04-03T01:17:08.963+0600][11.867s][info][gc,phases      ] GC(23)   Merge Heap Roots: 0.16ms
[2026-04-03T01:17:08.963+0600][11.867s][info][gc,phases      ] GC(23)   Evacuate Collection Set: 3.06ms
[2026-04-03T01:17:08.963+0600][11.867s][info][gc,phases      ] GC(23)   Post Evacuate Collection Set: 1.06ms
[2026-04-03T01:17:08.963+0600][11.867s][info][gc,phases      ] GC(23)   Other: 0.10ms
[2026-04-03T01:17:08.963+0600][11.867s][info][gc,heap        ] GC(23) Eden regions: 29->0(36)
[2026-04-03T01:17:08.963+0600][11.867s][info][gc,heap        ] GC(23) Survivor regions: 2->2(4)
[2026-04-03T01:17:08.963+0600][11.867s][info][gc,heap        ] GC(23) Old regions: 9->9
[2026-04-03T01:17:08.963+0600][11.867s][info][gc,heap        ] GC(23) Humongous regions: 0->0
[2026-04-03T01:17:08.963+0600][11.867s][info][gc,metaspace   ] GC(23) Metaspace: 33893K(34688K)->33893K(34688K) NonClass: 30906K(31360K)->30906K(31360K) Class: 2986K(3328K)->2986K(3328K)
[2026-04-03T01:17:08.963+0600][11.867s][info][gc             ] GC(23) Pause Young (Normal) (G1 Evacuation Pause) 75M->17M(128M) 4.960ms
[2026-04-03T01:17:08.963+0600][11.867s][info][gc,cpu         ] GC(23) User=0.03s Sys=0.00s Real=0.01s
[2026-04-03T01:17:09.279+0600][12.183s][info][gc,start       ] GC(24) Pause Young (Normal) (G1 Evacuation Pause)
[2026-04-03T01:17:09.279+0600][12.184s][info][gc,task        ] GC(24) Using 10 workers of 10 for evacuation
[2026-04-03T01:17:09.284+0600][12.188s][info][gc,phases      ] GC(24)   Pre Evacuate Collection Set: 0.18ms
[2026-04-03T01:17:09.284+0600][12.188s][info][gc,phases      ] GC(24)   Merge Heap Roots: 0.14ms
[2026-04-03T01:17:09.284+0600][12.188s][info][gc,phases      ] GC(24)   Evacuate Collection Set: 2.93ms
[2026-04-03T01:17:09.284+0600][12.188s][info][gc,phases      ] GC(24)   Post Evacuate Collection Set: 0.73ms
[2026-04-03T01:17:09.284+0600][12.188s][info][gc,phases      ] GC(24)   Other: 0.09ms
[2026-04-03T01:17:09.284+0600][12.188s][info][gc,heap        ] GC(24) Eden regions: 36->0(37)
[2026-04-03T01:17:09.284+0600][12.188s][info][gc,heap        ] GC(24) Survivor regions: 2->1(5)
[2026-04-03T01:17:09.284+0600][12.188s][info][gc,heap        ] GC(24) Old regions: 9->10
[2026-04-03T01:17:09.284+0600][12.188s][info][gc,heap        ] GC(24) Humongous regions: 0->0
[2026-04-03T01:17:09.284+0600][12.188s][info][gc,metaspace   ] GC(24) Metaspace: 34022K(34816K)->34022K(34816K) NonClass: 31036K(31488K)->31036K(31488K) Class: 2986K(3328K)->2986K(3328K)
[2026-04-03T01:17:09.284+0600][12.188s][info][gc             ] GC(24) Pause Young (Normal) (G1 Evacuation Pause) 89M->17M(128M) 4.333ms
[2026-04-03T01:17:09.284+0600][12.188s][info][gc,cpu         ] GC(24) User=0.03s Sys=0.01s Real=0.01s
[2026-04-03T01:17:09.563+0600][12.467s][info][gc,start       ] GC(25) Pause Young (Normal) (G1 Evacuation Pause)
[2026-04-03T01:17:09.563+0600][12.467s][info][gc,task        ] GC(25) Using 10 workers of 10 for evacuation
[2026-04-03T01:17:09.567+0600][12.471s][info][gc,phases      ] GC(25)   Pre Evacuate Collection Set: 0.21ms
[2026-04-03T01:17:09.567+0600][12.471s][info][gc,phases      ] GC(25)   Merge Heap Roots: 0.13ms
[2026-04-03T01:17:09.567+0600][12.471s][info][gc,phases      ] GC(25)   Evacuate Collection Set: 2.39ms
[2026-04-03T01:17:09.567+0600][12.471s][info][gc,phases      ] GC(25)   Post Evacuate Collection Set: 0.85ms
[2026-04-03T01:17:09.567+0600][12.471s][info][gc,phases      ] GC(25)   Other: 0.10ms
[2026-04-03T01:17:09.567+0600][12.471s][info][gc,heap        ] GC(25) Eden regions: 37->0(37)
[2026-04-03T01:17:09.567+0600][12.471s][info][gc,heap        ] GC(25) Survivor regions: 1->1(5)
[2026-04-03T01:17:09.567+0600][12.471s][info][gc,heap        ] GC(25) Old regions: 10->10
[2026-04-03T01:17:09.567+0600][12.471s][info][gc,heap        ] GC(25) Humongous regions: 0->0
[2026-04-03T01:17:09.567+0600][12.471s][info][gc,metaspace   ] GC(25) Metaspace: 34078K(34880K)->34078K(34880K) NonClass: 31091K(31552K)->31091K(31552K) Class: 2986K(3328K)->2986K(3328K)
[2026-04-03T01:17:09.567+0600][12.471s][info][gc             ] GC(25) Pause Young (Normal) (G1 Evacuation Pause) 91M->17M(128M) 4.197ms
[2026-04-03T01:17:09.567+0600][12.471s][info][gc,cpu         ] GC(25) User=0.03s Sys=0.01s Real=0.00s
[2026-04-03T01:17:09.881+0600][12.785s][info][gc,start       ] GC(26) Pause Young (Normal) (G1 Evacuation Pause)
[2026-04-03T01:17:09.881+0600][12.785s][info][gc,task        ] GC(26) Using 10 workers of 10 for evacuation
[2026-04-03T01:17:09.886+0600][12.790s][info][gc,phases      ] GC(26)   Pre Evacuate Collection Set: 0.20ms
[2026-04-03T01:17:09.886+0600][12.790s][info][gc,phases      ] GC(26)   Merge Heap Roots: 0.15ms
[2026-04-03T01:17:09.886+0600][12.790s][info][gc,phases      ] GC(26)   Evacuate Collection Set: 3.10ms
[2026-04-03T01:17:09.886+0600][12.790s][info][gc,phases      ] GC(26)   Post Evacuate Collection Set: 0.91ms
[2026-04-03T01:17:09.886+0600][12.790s][info][gc,phases      ] GC(26)   Other: 0.10ms
[2026-04-03T01:17:09.886+0600][12.790s][info][gc,heap        ] GC(26) Eden regions: 37->0(37)
[2026-04-03T01:17:09.886+0600][12.790s][info][gc,heap        ] GC(26) Survivor regions: 1->1(5)
[2026-04-03T01:17:09.886+0600][12.790s][info][gc,heap        ] GC(26) Old regions: 10->10
[2026-04-03T01:17:09.886+0600][12.790s][info][gc,heap        ] GC(26) Humongous regions: 0->0
[2026-04-03T01:17:09.886+0600][12.790s][info][gc,metaspace   ] GC(26) Metaspace: 34156K(34944K)->34156K(34944K) NonClass: 31170K(31616K)->31170K(31616K) Class: 2986K(3328K)->2986K(3328K)
[2026-04-03T01:17:09.886+0600][12.790s][info][gc             ] GC(26) Pause Young (Normal) (G1 Evacuation Pause) 91M->17M(128M) 4.821ms
[2026-04-03T01:17:09.886+0600][12.790s][info][gc,cpu         ] GC(26) User=0.04s Sys=0.00s Real=0.00s
[2026-04-03T01:17:10.192+0600][13.096s][info][gc,start       ] GC(27) Pause Young (Normal) (G1 Evacuation Pause)
[2026-04-03T01:17:10.192+0600][13.096s][info][gc,task        ] GC(27) Using 10 workers of 10 for evacuation
[2026-04-03T01:17:10.195+0600][13.099s][info][gc,phases      ] GC(27)   Pre Evacuate Collection Set: 0.20ms
[2026-04-03T01:17:10.195+0600][13.099s][info][gc,phases      ] GC(27)   Merge Heap Roots: 0.14ms
[2026-04-03T01:17:10.195+0600][13.099s][info][gc,phases      ] GC(27)   Evacuate Collection Set: 2.10ms
[2026-04-03T01:17:10.195+0600][13.099s][info][gc,phases      ] GC(27)   Post Evacuate Collection Set: 0.82ms
[2026-04-03T01:17:10.195+0600][13.099s][info][gc,phases      ] GC(27)   Other: 0.10ms
[2026-04-03T01:17:10.195+0600][13.099s][info][gc,heap        ] GC(27) Eden regions: 37->0(45)
[2026-04-03T01:17:10.195+0600][13.099s][info][gc,heap        ] GC(27) Survivor regions: 1->1(5)
[2026-04-03T01:17:10.195+0600][13.099s][info][gc,heap        ] GC(27) Old regions: 10->10
[2026-04-03T01:17:10.195+0600][13.099s][info][gc,heap        ] GC(27) Humongous regions: 0->0
[2026-04-03T01:17:10.195+0600][13.099s][info][gc,metaspace   ] GC(27) Metaspace: 34210K(35008K)->34210K(35008K) NonClass: 31224K(31680K)->31224K(31680K) Class: 2986K(3328K)->2986K(3328K)
[2026-04-03T01:17:10.195+0600][13.100s][info][gc             ] GC(27) Pause Young (Normal) (G1 Evacuation Pause) 91M->17M(154M) 3.662ms
[2026-04-03T01:17:10.195+0600][13.100s][info][gc,cpu         ] GC(27) User=0.02s Sys=0.00s Real=0.00s
[2026-04-03T01:17:10.559+0600][13.463s][info][gc,start       ] GC(28) Pause Young (Normal) (G1 Evacuation Pause)
[2026-04-03T01:17:10.559+0600][13.463s][info][gc,task        ] GC(28) Using 10 workers of 10 for evacuation
[2026-04-03T01:17:10.563+0600][13.467s][info][gc,phases      ] GC(28)   Pre Evacuate Collection Set: 0.33ms
[2026-04-03T01:17:10.563+0600][13.467s][info][gc,phases      ] GC(28)   Merge Heap Roots: 0.22ms
[2026-04-03T01:17:10.563+0600][13.467s][info][gc,phases      ] GC(28)   Evacuate Collection Set: 2.42ms
[2026-04-03T01:17:10.563+0600][13.467s][info][gc,phases      ] GC(28)   Post Evacuate Collection Set: 0.75ms
[2026-04-03T01:17:10.563+0600][13.467s][info][gc,phases      ] GC(28)   Other: 0.13ms
[2026-04-03T01:17:10.563+0600][13.467s][info][gc,heap        ] GC(28) Eden regions: 45->0(45)
[2026-04-03T01:17:10.563+0600][13.467s][info][gc,heap        ] GC(28) Survivor regions: 1->1(6)
[2026-04-03T01:17:10.563+0600][13.467s][info][gc,heap        ] GC(28) Old regions: 10->10
[2026-04-03T01:17:10.563+0600][13.467s][info][gc,heap        ] GC(28) Humongous regions: 0->0
[2026-04-03T01:17:10.563+0600][13.467s][info][gc,metaspace   ] GC(28) Metaspace: 34228K(35008K)->34228K(35008K) NonClass: 31240K(31680K)->31240K(31680K) Class: 2987K(3328K)->2987K(3328K)
[2026-04-03T01:17:10.563+0600][13.467s][info][gc             ] GC(28) Pause Young (Normal) (G1 Evacuation Pause) 107M->17M(154M) 4.175ms
[2026-04-03T01:17:10.563+0600][13.467s][info][gc,cpu         ] GC(28) User=0.03s Sys=0.00s Real=0.01s
[2026-04-03T01:17:10.943+0600][13.847s][info][gc,start       ] GC(29) Pause Young (Normal) (G1 Evacuation Pause)
[2026-04-03T01:17:10.943+0600][13.847s][info][gc,task        ] GC(29) Using 10 workers of 10 for evacuation
[2026-04-03T01:17:10.946+0600][13.850s][info][gc,phases      ] GC(29)   Pre Evacuate Collection Set: 0.36ms
[2026-04-03T01:17:10.946+0600][13.850s][info][gc,phases      ] GC(29)   Merge Heap Roots: 0.20ms
[2026-04-03T01:17:10.946+0600][13.850s][info][gc,phases      ] GC(29)   Evacuate Collection Set: 1.87ms
[2026-04-03T01:17:10.946+0600][13.850s][info][gc,phases      ] GC(29)   Post Evacuate Collection Set: 0.73ms
[2026-04-03T01:17:10.946+0600][13.850s][info][gc,phases      ] GC(29)   Other: 0.16ms
[2026-04-03T01:17:10.946+0600][13.850s][info][gc,heap        ] GC(29) Eden regions: 45->0(45)
[2026-04-03T01:17:10.946+0600][13.850s][info][gc,heap        ] GC(29) Survivor regions: 1->1(6)
[2026-04-03T01:17:10.946+0600][13.850s][info][gc,heap        ] GC(29) Old regions: 10->10
[2026-04-03T01:17:10.946+0600][13.850s][info][gc,heap        ] GC(29) Humongous regions: 0->0
[2026-04-03T01:17:10.946+0600][13.850s][info][gc,metaspace   ] GC(29) Metaspace: 34238K(35008K)->34238K(35008K) NonClass: 31250K(31680K)->31250K(31680K) Class: 2987K(3328K)->2987K(3328K)
[2026-04-03T01:17:10.946+0600][13.850s][info][gc             ] GC(29) Pause Young (Normal) (G1 Evacuation Pause) 107M->17M(154M) 3.665ms
[2026-04-03T01:17:10.946+0600][13.850s][info][gc,cpu         ] GC(29) User=0.02s Sys=0.00s Real=0.00s
[2026-04-03T01:17:11.306+0600][14.211s][info][gc,start       ] GC(30) Pause Young (Normal) (G1 Evacuation Pause)
[2026-04-03T01:17:11.307+0600][14.211s][info][gc,task        ] GC(30) Using 10 workers of 10 for evacuation
[2026-04-03T01:17:11.309+0600][14.214s][info][gc,phases      ] GC(30)   Pre Evacuate Collection Set: 0.27ms
[2026-04-03T01:17:11.309+0600][14.214s][info][gc,phases      ] GC(30)   Merge Heap Roots: 0.12ms
[2026-04-03T01:17:11.309+0600][14.214s][info][gc,phases      ] GC(30)   Evacuate Collection Set: 1.60ms
[2026-04-03T01:17:11.309+0600][14.214s][info][gc,phases      ] GC(30)   Post Evacuate Collection Set: 0.71ms
[2026-04-03T01:17:11.309+0600][14.214s][info][gc,phases      ] GC(30)   Other: 0.10ms
[2026-04-03T01:17:11.309+0600][14.214s][info][gc,heap        ] GC(30) Eden regions: 45->0(45)
[2026-04-03T01:17:11.309+0600][14.214s][info][gc,heap        ] GC(30) Survivor regions: 1->1(6)
[2026-04-03T01:17:11.310+0600][14.214s][info][gc,heap        ] GC(30) Old regions: 10->10
[2026-04-03T01:17:11.310+0600][14.214s][info][gc,heap        ] GC(30) Humongous regions: 0->0
[2026-04-03T01:17:11.310+0600][14.214s][info][gc,metaspace   ] GC(30) Metaspace: 34386K(35200K)->34386K(35200K) NonClass: 31398K(31872K)->31398K(31872K) Class: 2987K(3328K)->2987K(3328K)
[2026-04-03T01:17:11.310+0600][14.214s][info][gc             ] GC(30) Pause Young (Normal) (G1 Evacuation Pause) 107M->17M(154M) 3.124ms
[2026-04-03T01:17:11.310+0600][14.214s][info][gc,cpu         ] GC(30) User=0.03s Sys=0.01s Real=0.00s
[2026-04-03T01:17:11.636+0600][14.541s][info][gc,start       ] GC(31) Pause Young (Normal) (G1 Evacuation Pause)
[2026-04-03T01:17:11.637+0600][14.541s][info][gc,task        ] GC(31) Using 10 workers of 10 for evacuation
[2026-04-03T01:17:11.639+0600][14.544s][info][gc,phases      ] GC(31)   Pre Evacuate Collection Set: 0.25ms
[2026-04-03T01:17:11.639+0600][14.544s][info][gc,phases      ] GC(31)   Merge Heap Roots: 0.13ms
[2026-04-03T01:17:11.639+0600][14.544s][info][gc,phases      ] GC(31)   Evacuate Collection Set: 1.60ms
[2026-04-03T01:17:11.639+0600][14.544s][info][gc,phases      ] GC(31)   Post Evacuate Collection Set: 0.68ms
[2026-04-03T01:17:11.639+0600][14.544s][info][gc,phases      ] GC(31)   Other: 0.09ms
[2026-04-03T01:17:11.639+0600][14.544s][info][gc,heap        ] GC(31) Eden regions: 45->0(45)
[2026-04-03T01:17:11.639+0600][14.544s][info][gc,heap        ] GC(31) Survivor regions: 1->1(6)
[2026-04-03T01:17:11.639+0600][14.544s][info][gc,heap        ] GC(31) Old regions: 10->10
[2026-04-03T01:17:11.639+0600][14.544s][info][gc,heap        ] GC(31) Humongous regions: 0->0
[2026-04-03T01:17:11.639+0600][14.544s][info][gc,metaspace   ] GC(31) Metaspace: 34405K(35264K)->34405K(35264K) NonClass: 31417K(31936K)->31417K(31936K) Class: 2987K(3328K)->2987K(3328K)
[2026-04-03T01:17:11.640+0600][14.544s][info][gc             ] GC(31) Pause Young (Normal) (G1 Evacuation Pause) 107M->17M(154M) 3.031ms
[2026-04-03T01:17:11.640+0600][14.544s][info][gc,cpu         ] GC(31) User=0.02s Sys=0.00s Real=0.00s
[2026-04-03T01:17:11.966+0600][14.870s][info][gc,start       ] GC(32) Pause Young (Normal) (G1 Evacuation Pause)
[2026-04-03T01:17:11.966+0600][14.870s][info][gc,task        ] GC(32) Using 10 workers of 10 for evacuation
[2026-04-03T01:17:11.969+0600][14.873s][info][gc,phases      ] GC(32)   Pre Evacuate Collection Set: 0.34ms
[2026-04-03T01:17:11.969+0600][14.873s][info][gc,phases      ] GC(32)   Merge Heap Roots: 0.16ms
[2026-04-03T01:17:11.969+0600][14.873s][info][gc,phases      ] GC(32)   Evacuate Collection Set: 1.43ms
[2026-04-03T01:17:11.969+0600][14.873s][info][gc,phases      ] GC(32)   Post Evacuate Collection Set: 0.71ms
[2026-04-03T01:17:11.969+0600][14.873s][info][gc,phases      ] GC(32)   Other: 0.12ms
[2026-04-03T01:17:11.969+0600][14.873s][info][gc,heap        ] GC(32) Eden regions: 45->0(45)
[2026-04-03T01:17:11.969+0600][14.873s][info][gc,heap        ] GC(32) Survivor regions: 1->1(6)
[2026-04-03T01:17:11.969+0600][14.873s][info][gc,heap        ] GC(32) Old regions: 10->10
[2026-04-03T01:17:11.969+0600][14.873s][info][gc,heap        ] GC(32) Humongous regions: 0->0
[2026-04-03T01:17:11.969+0600][14.873s][info][gc,metaspace   ] GC(32) Metaspace: 34408K(35264K)->34408K(35264K) NonClass: 31420K(31936K)->31420K(31936K) Class: 2987K(3328K)->2987K(3328K)
[2026-04-03T01:17:11.969+0600][14.873s][info][gc             ] GC(32) Pause Young (Normal) (G1 Evacuation Pause) 107M->17M(154M) 3.166ms
[2026-04-03T01:17:11.969+0600][14.873s][info][gc,cpu         ] GC(32) User=0.02s Sys=0.00s Real=0.00s
[2026-04-03T01:17:12.293+0600][15.197s][info][gc,start       ] GC(33) Pause Young (Normal) (G1 Evacuation Pause)
[2026-04-03T01:17:12.293+0600][15.197s][info][gc,task        ] GC(33) Using 10 workers of 10 for evacuation
[2026-04-03T01:17:12.296+0600][15.200s][info][gc,phases      ] GC(33)   Pre Evacuate Collection Set: 0.33ms
[2026-04-03T01:17:12.296+0600][15.200s][info][gc,phases      ] GC(33)   Merge Heap Roots: 0.16ms
[2026-04-03T01:17:12.296+0600][15.200s][info][gc,phases      ] GC(33)   Evacuate Collection Set: 1.51ms
[2026-04-03T01:17:12.296+0600][15.200s][info][gc,phases      ] GC(33)   Post Evacuate Collection Set: 0.73ms
[2026-04-03T01:17:12.296+0600][15.200s][info][gc,phases      ] GC(33)   Other: 0.13ms
[2026-04-03T01:17:12.296+0600][15.200s][info][gc,heap        ] GC(33) Eden regions: 45->0(45)
[2026-04-03T01:17:12.296+0600][15.200s][info][gc,heap        ] GC(33) Survivor regions: 1->1(6)
[2026-04-03T01:17:12.296+0600][15.200s][info][gc,heap        ] GC(33) Old regions: 10->10
[2026-04-03T01:17:12.296+0600][15.200s][info][gc,heap        ] GC(33) Humongous regions: 0->0
[2026-04-03T01:17:12.296+0600][15.200s][info][gc,metaspace   ] GC(33) Metaspace: 34409K(35264K)->34409K(35264K) NonClass: 31421K(31936K)->31421K(31936K) Class: 2987K(3328K)->2987K(3328K)
[2026-04-03T01:17:12.296+0600][15.200s][info][gc             ] GC(33) Pause Young (Normal) (G1 Evacuation Pause) 107M->17M(154M) 3.298ms
[2026-04-03T01:17:12.296+0600][15.200s][info][gc,cpu         ] GC(33) User=0.02s Sys=0.00s Real=0.00s
[2026-04-03T01:17:12.635+0600][15.539s][info][gc,start       ] GC(34) Pause Young (Normal) (G1 Evacuation Pause)
[2026-04-03T01:17:12.635+0600][15.539s][info][gc,task        ] GC(34) Using 10 workers of 10 for evacuation
[2026-04-03T01:17:12.637+0600][15.541s][info][gc,phases      ] GC(34)   Pre Evacuate Collection Set: 0.22ms
[2026-04-03T01:17:12.637+0600][15.541s][info][gc,phases      ] GC(34)   Merge Heap Roots: 0.18ms
[2026-04-03T01:17:12.637+0600][15.541s][info][gc,phases      ] GC(34)   Evacuate Collection Set: 1.36ms
[2026-04-03T01:17:12.637+0600][15.541s][info][gc,phases      ] GC(34)   Post Evacuate Collection Set: 0.55ms
[2026-04-03T01:17:12.637+0600][15.541s][info][gc,phases      ] GC(34)   Other: 0.10ms
[2026-04-03T01:17:12.637+0600][15.541s][info][gc,heap        ] GC(34) Eden regions: 45->0(45)
[2026-04-03T01:17:12.637+0600][15.541s][info][gc,heap        ] GC(34) Survivor regions: 1->1(6)
[2026-04-03T01:17:12.637+0600][15.541s][info][gc,heap        ] GC(34) Old regions: 10->10
[2026-04-03T01:17:12.637+0600][15.541s][info][gc,heap        ] GC(34) Humongous regions: 0->0
[2026-04-03T01:17:12.637+0600][15.541s][info][gc,metaspace   ] GC(34) Metaspace: 34564K(35392K)->34564K(35392K) NonClass: 31576K(32064K)->31576K(32064K) Class: 2987K(3328K)->2987K(3328K)
[2026-04-03T01:17:12.637+0600][15.541s][info][gc             ] GC(34) Pause Young (Normal) (G1 Evacuation Pause) 107M->17M(154M) 2.764ms
[2026-04-03T01:17:12.637+0600][15.542s][info][gc,cpu         ] GC(34) User=0.02s Sys=0.00s Real=0.00s
[2026-04-03T01:17:12.951+0600][15.855s][info][gc,start       ] GC(35) Pause Young (Normal) (G1 Evacuation Pause)
[2026-04-03T01:17:12.951+0600][15.855s][info][gc,task        ] GC(35) Using 10 workers of 10 for evacuation
[2026-04-03T01:17:12.953+0600][15.857s][info][gc,phases      ] GC(35)   Pre Evacuate Collection Set: 0.26ms
[2026-04-03T01:17:12.953+0600][15.857s][info][gc,phases      ] GC(35)   Merge Heap Roots: 0.14ms
[2026-04-03T01:17:12.953+0600][15.857s][info][gc,phases      ] GC(35)   Evacuate Collection Set: 1.14ms
[2026-04-03T01:17:12.953+0600][15.857s][info][gc,phases      ] GC(35)   Post Evacuate Collection Set: 0.59ms
[2026-04-03T01:17:12.953+0600][15.857s][info][gc,phases      ] GC(35)   Other: 0.11ms
[2026-04-03T01:17:12.953+0600][15.857s][info][gc,heap        ] GC(35) Eden regions: 45->0(45)
[2026-04-03T01:17:12.953+0600][15.857s][info][gc,heap        ] GC(35) Survivor regions: 1->1(6)
[2026-04-03T01:17:12.953+0600][15.857s][info][gc,heap        ] GC(35) Old regions: 10->10
[2026-04-03T01:17:12.953+0600][15.857s][info][gc,heap        ] GC(35) Humongous regions: 0->0
[2026-04-03T01:17:12.953+0600][15.857s][info][gc,metaspace   ] GC(35) Metaspace: 34565K(35392K)->34565K(35392K) NonClass: 31577K(32064K)->31577K(32064K) Class: 2987K(3328K)->2987K(3328K)
[2026-04-03T01:17:12.953+0600][15.857s][info][gc             ] GC(35) Pause Young (Normal) (G1 Evacuation Pause) 107M->17M(154M) 2.644ms
[2026-04-03T01:17:12.953+0600][15.857s][info][gc,cpu         ] GC(35) User=0.01s Sys=0.01s Real=0.00s
[2026-04-03T01:17:13.239+0600][16.144s][info][gc,start       ] GC(36) Pause Young (Normal) (G1 Evacuation Pause)
[2026-04-03T01:17:13.240+0600][16.144s][info][gc,task        ] GC(36) Using 10 workers of 10 for evacuation
[2026-04-03T01:17:13.242+0600][16.146s][info][gc,phases      ] GC(36)   Pre Evacuate Collection Set: 0.30ms
[2026-04-03T01:17:13.242+0600][16.146s][info][gc,phases      ] GC(36)   Merge Heap Roots: 0.15ms
[2026-04-03T01:17:13.242+0600][16.146s][info][gc,phases      ] GC(36)   Evacuate Collection Set: 1.18ms
[2026-04-03T01:17:13.242+0600][16.146s][info][gc,phases      ] GC(36)   Post Evacuate Collection Set: 0.61ms
[2026-04-03T01:17:13.242+0600][16.146s][info][gc,phases      ] GC(36)   Other: 0.11ms
[2026-04-03T01:17:13.242+0600][16.146s][info][gc,heap        ] GC(36) Eden regions: 45->0(45)
[2026-04-03T01:17:13.242+0600][16.146s][info][gc,heap        ] GC(36) Survivor regions: 1->1(6)
[2026-04-03T01:17:13.242+0600][16.146s][info][gc,heap        ] GC(36) Old regions: 10->10
[2026-04-03T01:17:13.242+0600][16.146s][info][gc,heap        ] GC(36) Humongous regions: 0->0
[2026-04-03T01:17:13.242+0600][16.146s][info][gc,metaspace   ] GC(36) Metaspace: 34565K(35392K)->34565K(35392K) NonClass: 31577K(32064K)->31577K(32064K) Class: 2987K(3328K)->2987K(3328K)
[2026-04-03T01:17:13.242+0600][16.146s][info][gc             ] GC(36) Pause Young (Normal) (G1 Evacuation Pause) 107M->17M(154M) 2.714ms
[2026-04-03T01:17:13.242+0600][16.146s][info][gc,cpu         ] GC(36) User=0.02s Sys=0.00s Real=0.01s
[2026-04-03T01:17:13.530+0600][16.434s][info][gc,start       ] GC(37) Pause Young (Normal) (G1 Evacuation Pause)
[2026-04-03T01:17:13.530+0600][16.435s][info][gc,task        ] GC(37) Using 10 workers of 10 for evacuation
[2026-04-03T01:17:13.532+0600][16.436s][info][gc,phases      ] GC(37)   Pre Evacuate Collection Set: 0.22ms
[2026-04-03T01:17:13.532+0600][16.436s][info][gc,phases      ] GC(37)   Merge Heap Roots: 0.16ms
[2026-04-03T01:17:13.532+0600][16.436s][info][gc,phases      ] GC(37)   Evacuate Collection Set: 0.76ms
[2026-04-03T01:17:13.532+0600][16.436s][info][gc,phases      ] GC(37)   Post Evacuate Collection Set: 0.52ms
[2026-04-03T01:17:13.532+0600][16.436s][info][gc,phases      ] GC(37)   Other: 0.11ms
[2026-04-03T01:17:13.532+0600][16.436s][info][gc,heap        ] GC(37) Eden regions: 45->0(45)
[2026-04-03T01:17:13.532+0600][16.436s][info][gc,heap        ] GC(37) Survivor regions: 1->1(6)
[2026-04-03T01:17:13.532+0600][16.436s][info][gc,heap        ] GC(37) Old regions: 10->10
[2026-04-03T01:17:13.532+0600][16.436s][info][gc,heap        ] GC(37) Humongous regions: 0->0
[2026-04-03T01:17:13.532+0600][16.436s][info][gc,metaspace   ] GC(37) Metaspace: 34590K(35456K)->34590K(35456K) NonClass: 31602K(32128K)->31602K(32128K) Class: 2988K(3328K)->2988K(3328K)
[2026-04-03T01:17:13.532+0600][16.436s][info][gc             ] GC(37) Pause Young (Normal) (G1 Evacuation Pause) 107M->17M(154M) 2.085ms
[2026-04-03T01:17:13.532+0600][16.437s][info][gc,cpu         ] GC(37) User=0.02s Sys=0.00s Real=0.00s
[2026-04-03T01:17:13.817+0600][16.721s][info][gc,start       ] GC(38) Pause Young (Normal) (G1 Evacuation Pause)
[2026-04-03T01:17:13.817+0600][16.721s][info][gc,task        ] GC(38) Using 10 workers of 10 for evacuation
[2026-04-03T01:17:13.819+0600][16.723s][info][gc,phases      ] GC(38)   Pre Evacuate Collection Set: 0.25ms
[2026-04-03T01:17:13.819+0600][16.723s][info][gc,phases      ] GC(38)   Merge Heap Roots: 0.19ms
[2026-04-03T01:17:13.819+0600][16.723s][info][gc,phases      ] GC(38)   Evacuate Collection Set: 0.98ms
[2026-04-03T01:17:13.819+0600][16.723s][info][gc,phases      ] GC(38)   Post Evacuate Collection Set: 0.55ms
[2026-04-03T01:17:13.819+0600][16.723s][info][gc,phases      ] GC(38)   Other: 0.12ms
[2026-04-03T01:17:13.819+0600][16.723s][info][gc,heap        ] GC(38) Eden regions: 45->0(45)
[2026-04-03T01:17:13.819+0600][16.723s][info][gc,heap        ] GC(38) Survivor regions: 1->1(6)
[2026-04-03T01:17:13.819+0600][16.723s][info][gc,heap        ] GC(38) Old regions: 10->11
[2026-04-03T01:17:13.819+0600][16.724s][info][gc,heap        ] GC(38) Humongous regions: 0->0
[2026-04-03T01:17:13.819+0600][16.724s][info][gc,metaspace   ] GC(38) Metaspace: 34625K(35456K)->34625K(35456K) NonClass: 31636K(32128K)->31636K(32128K) Class: 2988K(3328K)->2988K(3328K)
[2026-04-03T01:17:13.819+0600][16.724s][info][gc             ] GC(38) Pause Young (Normal) (G1 Evacuation Pause) 107M->17M(154M) 2.521ms
[2026-04-03T01:17:13.819+0600][16.724s][info][gc,cpu         ] GC(38) User=0.02s Sys=0.00s Real=0.00s
[2026-04-03T01:17:14.090+0600][16.994s][info][gc,start       ] GC(39) Pause Young (Normal) (G1 Evacuation Pause)
[2026-04-03T01:17:14.090+0600][16.994s][info][gc,task        ] GC(39) Using 10 workers of 10 for evacuation
[2026-04-03T01:17:14.092+0600][16.996s][info][gc,phases      ] GC(39)   Pre Evacuate Collection Set: 0.22ms
[2026-04-03T01:17:14.092+0600][16.996s][info][gc,phases      ] GC(39)   Merge Heap Roots: 0.12ms
[2026-04-03T01:17:14.092+0600][16.996s][info][gc,phases      ] GC(39)   Evacuate Collection Set: 0.97ms
[2026-04-03T01:17:14.092+0600][16.996s][info][gc,phases      ] GC(39)   Post Evacuate Collection Set: 0.56ms
[2026-04-03T01:17:14.092+0600][16.996s][info][gc,phases      ] GC(39)   Other: 0.13ms
[2026-04-03T01:17:14.092+0600][16.996s][info][gc,heap        ] GC(39) Eden regions: 45->0(45)
[2026-04-03T01:17:14.092+0600][16.996s][info][gc,heap        ] GC(39) Survivor regions: 1->1(6)
[2026-04-03T01:17:14.092+0600][16.996s][info][gc,heap        ] GC(39) Old regions: 11->11
[2026-04-03T01:17:14.092+0600][16.996s][info][gc,heap        ] GC(39) Humongous regions: 0->0
[2026-04-03T01:17:14.092+0600][16.996s][info][gc,metaspace   ] GC(39) Metaspace: 34626K(35456K)->34626K(35456K) NonClass: 31637K(32128K)->31637K(32128K) Class: 2988K(3328K)->2988K(3328K)
[2026-04-03T01:17:14.092+0600][16.996s][info][gc             ] GC(39) Pause Young (Normal) (G1 Evacuation Pause) 107M->17M(154M) 2.405ms
[2026-04-03T01:17:14.092+0600][16.996s][info][gc,cpu         ] GC(39) User=0.01s Sys=0.00s Real=0.01s
[2026-04-03T01:17:14.388+0600][17.292s][info][gc,start       ] GC(40) Pause Young (Normal) (G1 Evacuation Pause)
[2026-04-03T01:17:14.388+0600][17.292s][info][gc,task        ] GC(40) Using 10 workers of 10 for evacuation
[2026-04-03T01:17:14.390+0600][17.294s][info][gc,phases      ] GC(40)   Pre Evacuate Collection Set: 0.30ms
[2026-04-03T01:17:14.390+0600][17.294s][info][gc,phases      ] GC(40)   Merge Heap Roots: 0.17ms
[2026-04-03T01:17:14.390+0600][17.294s][info][gc,phases      ] GC(40)   Evacuate Collection Set: 0.92ms
[2026-04-03T01:17:14.390+0600][17.294s][info][gc,phases      ] GC(40)   Post Evacuate Collection Set: 0.62ms
[2026-04-03T01:17:14.390+0600][17.294s][info][gc,phases      ] GC(40)   Other: 0.14ms
[2026-04-03T01:17:14.390+0600][17.295s][info][gc,heap        ] GC(40) Eden regions: 45->0(45)
[2026-04-03T01:17:14.390+0600][17.295s][info][gc,heap        ] GC(40) Survivor regions: 1->1(6)
[2026-04-03T01:17:14.390+0600][17.295s][info][gc,heap        ] GC(40) Old regions: 11->11
[2026-04-03T01:17:14.390+0600][17.295s][info][gc,heap        ] GC(40) Humongous regions: 0->0
[2026-04-03T01:17:14.390+0600][17.295s][info][gc,metaspace   ] GC(40) Metaspace: 34632K(35456K)->34632K(35456K) NonClass: 31643K(32128K)->31643K(32128K) Class: 2989K(3328K)->2989K(3328K)
[2026-04-03T01:17:14.390+0600][17.295s][info][gc             ] GC(40) Pause Young (Normal) (G1 Evacuation Pause) 107M->17M(154M) 2.552ms
[2026-04-03T01:17:14.391+0600][17.295s][info][gc,cpu         ] GC(40) User=0.02s Sys=0.00s Real=0.01s
[2026-04-03T01:17:14.634+0600][17.538s][info][gc,start       ] GC(41) Pause Young (Normal) (G1 Evacuation Pause)
[2026-04-03T01:17:14.634+0600][17.538s][info][gc,task        ] GC(41) Using 10 workers of 10 for evacuation
[2026-04-03T01:17:14.636+0600][17.540s][info][gc,phases      ] GC(41)   Pre Evacuate Collection Set: 0.23ms
[2026-04-03T01:17:14.636+0600][17.540s][info][gc,phases      ] GC(41)   Merge Heap Roots: 0.16ms
[2026-04-03T01:17:14.636+0600][17.540s][info][gc,phases      ] GC(41)   Evacuate Collection Set: 0.76ms
[2026-04-03T01:17:14.636+0600][17.540s][info][gc,phases      ] GC(41)   Post Evacuate Collection Set: 0.53ms
[2026-04-03T01:17:14.636+0600][17.540s][info][gc,phases      ] GC(41)   Other: 0.16ms
[2026-04-03T01:17:14.636+0600][17.540s][info][gc,heap        ] GC(41) Eden regions: 45->0(45)
[2026-04-03T01:17:14.636+0600][17.540s][info][gc,heap        ] GC(41) Survivor regions: 1->1(6)
[2026-04-03T01:17:14.636+0600][17.540s][info][gc,heap        ] GC(41) Old regions: 11->11
[2026-04-03T01:17:14.636+0600][17.540s][info][gc,heap        ] GC(41) Humongous regions: 0->0
[2026-04-03T01:17:14.636+0600][17.540s][info][gc,metaspace   ] GC(41) Metaspace: 34635K(35456K)->34635K(35456K) NonClass: 31646K(32128K)->31646K(32128K) Class: 2989K(3328K)->2989K(3328K)
[2026-04-03T01:17:14.636+0600][17.540s][info][gc             ] GC(41) Pause Young (Normal) (G1 Evacuation Pause) 107M->17M(154M) 2.451ms
[2026-04-03T01:17:14.636+0600][17.540s][info][gc,cpu         ] GC(41) User=0.02s Sys=0.00s Real=0.00s
[2026-04-03T01:17:14.881+0600][17.785s][info][gc,start       ] GC(42) Pause Young (Normal) (G1 Evacuation Pause)
[2026-04-03T01:17:14.881+0600][17.785s][info][gc,task        ] GC(42) Using 10 workers of 10 for evacuation
[2026-04-03T01:17:14.883+0600][17.787s][info][gc,phases      ] GC(42)   Pre Evacuate Collection Set: 0.29ms
[2026-04-03T01:17:14.883+0600][17.787s][info][gc,phases      ] GC(42)   Merge Heap Roots: 0.12ms
[2026-04-03T01:17:14.883+0600][17.787s][info][gc,phases      ] GC(42)   Evacuate Collection Set: 0.87ms
[2026-04-03T01:17:14.883+0600][17.787s][info][gc,phases      ] GC(42)   Post Evacuate Collection Set: 0.52ms
[2026-04-03T01:17:14.883+0600][17.787s][info][gc,phases      ] GC(42)   Other: 0.11ms
[2026-04-03T01:17:14.883+0600][17.787s][info][gc,heap        ] GC(42) Eden regions: 45->0(45)
[2026-04-03T01:17:14.883+0600][17.787s][info][gc,heap        ] GC(42) Survivor regions: 1->1(6)
[2026-04-03T01:17:14.883+0600][17.787s][info][gc,heap        ] GC(42) Old regions: 11->11
[2026-04-03T01:17:14.883+0600][17.787s][info][gc,heap        ] GC(42) Humongous regions: 0->0
[2026-04-03T01:17:14.883+0600][17.787s][info][gc,metaspace   ] GC(42) Metaspace: 34635K(35456K)->34635K(35456K) NonClass: 31646K(32128K)->31646K(32128K) Class: 2989K(3328K)->2989K(3328K)
[2026-04-03T01:17:14.883+0600][17.787s][info][gc             ] GC(42) Pause Young (Normal) (G1 Evacuation Pause) 107M->17M(154M) 2.267ms
[2026-04-03T01:17:14.883+0600][17.787s][info][gc,cpu         ] GC(42) User=0.01s Sys=0.00s Real=0.00s
[2026-04-03T01:17:15.141+0600][18.045s][info][gc,start       ] GC(43) Pause Young (Normal) (G1 Evacuation Pause)
[2026-04-03T01:17:15.141+0600][18.046s][info][gc,task        ] GC(43) Using 10 workers of 10 for evacuation
[2026-04-03T01:17:15.143+0600][18.047s][info][gc,phases      ] GC(43)   Pre Evacuate Collection Set: 0.22ms
[2026-04-03T01:17:15.143+0600][18.047s][info][gc,phases      ] GC(43)   Merge Heap Roots: 0.14ms
[2026-04-03T01:17:15.143+0600][18.047s][info][gc,phases      ] GC(43)   Evacuate Collection Set: 0.62ms
[2026-04-03T01:17:15.143+0600][18.047s][info][gc,phases      ] GC(43)   Post Evacuate Collection Set: 0.58ms
[2026-04-03T01:17:15.143+0600][18.047s][info][gc,phases      ] GC(43)   Other: 0.11ms
[2026-04-03T01:17:15.143+0600][18.047s][info][gc,heap        ] GC(43) Eden regions: 45->0(45)
[2026-04-03T01:17:15.143+0600][18.047s][info][gc,heap        ] GC(43) Survivor regions: 1->1(6)
[2026-04-03T01:17:15.143+0600][18.047s][info][gc,heap        ] GC(43) Old regions: 11->11
[2026-04-03T01:17:15.143+0600][18.047s][info][gc,heap        ] GC(43) Humongous regions: 0->0
[2026-04-03T01:17:15.143+0600][18.047s][info][gc,metaspace   ] GC(43) Metaspace: 34635K(35456K)->34635K(35456K) NonClass: 31646K(32128K)->31646K(32128K) Class: 2989K(3328K)->2989K(3328K)
[2026-04-03T01:17:15.143+0600][18.047s][info][gc             ] GC(43) Pause Young (Normal) (G1 Evacuation Pause) 107M->17M(154M) 2.019ms
[2026-04-03T01:17:15.143+0600][18.048s][info][gc,cpu         ] GC(43) User=0.01s Sys=0.00s Real=0.00s
[2026-04-03T01:17:15.376+0600][18.280s][info][gc,start       ] GC(44) Pause Young (Normal) (G1 Evacuation Pause)
[2026-04-03T01:17:15.376+0600][18.280s][info][gc,task        ] GC(44) Using 10 workers of 10 for evacuation
[2026-04-03T01:17:15.378+0600][18.282s][info][gc,phases      ] GC(44)   Pre Evacuate Collection Set: 0.35ms
[2026-04-03T01:17:15.378+0600][18.282s][info][gc,phases      ] GC(44)   Merge Heap Roots: 0.19ms
[2026-04-03T01:17:15.378+0600][18.282s][info][gc,phases      ] GC(44)   Evacuate Collection Set: 0.77ms
[2026-04-03T01:17:15.378+0600][18.282s][info][gc,phases      ] GC(44)   Post Evacuate Collection Set: 0.52ms
[2026-04-03T01:17:15.378+0600][18.282s][info][gc,phases      ] GC(44)   Other: 0.11ms
[2026-04-03T01:17:15.378+0600][18.282s][info][gc,heap        ] GC(44) Eden regions: 45->0(45)
[2026-04-03T01:17:15.378+0600][18.282s][info][gc,heap        ] GC(44) Survivor regions: 1->1(6)
[2026-04-03T01:17:15.378+0600][18.282s][info][gc,heap        ] GC(44) Old regions: 11->11
[2026-04-03T01:17:15.378+0600][18.282s][info][gc,heap        ] GC(44) Humongous regions: 0->0
[2026-04-03T01:17:15.378+0600][18.282s][info][gc,metaspace   ] GC(44) Metaspace: 34635K(35456K)->34635K(35456K) NonClass: 31646K(32128K)->31646K(32128K) Class: 2989K(3328K)->2989K(3328K)
[2026-04-03T01:17:15.378+0600][18.282s][info][gc             ] GC(44) Pause Young (Normal) (G1 Evacuation Pause) 107M->17M(154M) 2.339ms
[2026-04-03T01:17:15.378+0600][18.282s][info][gc,cpu         ] GC(44) User=0.02s Sys=0.00s Real=0.00s
[2026-04-03T01:17:15.621+0600][18.525s][info][gc,start       ] GC(45) Pause Young (Normal) (G1 Evacuation Pause)
[2026-04-03T01:17:15.621+0600][18.525s][info][gc,task        ] GC(45) Using 10 workers of 10 for evacuation
[2026-04-03T01:17:15.625+0600][18.529s][info][gc,phases      ] GC(45)   Pre Evacuate Collection Set: 0.25ms
[2026-04-03T01:17:15.625+0600][18.529s][info][gc,phases      ] GC(45)   Merge Heap Roots: 0.21ms
[2026-04-03T01:17:15.625+0600][18.529s][info][gc,phases      ] GC(45)   Evacuate Collection Set: 2.41ms
[2026-04-03T01:17:15.625+0600][18.529s][info][gc,phases      ] GC(45)   Post Evacuate Collection Set: 0.54ms
[2026-04-03T01:17:15.625+0600][18.529s][info][gc,phases      ] GC(45)   Other: 0.12ms
[2026-04-03T01:17:15.625+0600][18.529s][info][gc,heap        ] GC(45) Eden regions: 45->0(45)
[2026-04-03T01:17:15.625+0600][18.529s][info][gc,heap        ] GC(45) Survivor regions: 1->1(6)
[2026-04-03T01:17:15.625+0600][18.529s][info][gc,heap        ] GC(45) Old regions: 11->11
[2026-04-03T01:17:15.625+0600][18.529s][info][gc,heap        ] GC(45) Humongous regions: 0->0
[2026-04-03T01:17:15.625+0600][18.529s][info][gc,metaspace   ] GC(45) Metaspace: 34639K(35456K)->34639K(35456K) NonClass: 31650K(32128K)->31650K(32128K) Class: 2989K(3328K)->2989K(3328K)
[2026-04-03T01:17:15.625+0600][18.529s][info][gc             ] GC(45) Pause Young (Normal) (G1 Evacuation Pause) 107M->17M(154M) 3.902ms
[2026-04-03T01:17:15.625+0600][18.529s][info][gc,cpu         ] GC(45) User=0.01s Sys=0.00s Real=0.00s
[2026-04-03T01:17:15.866+0600][18.770s][info][gc,start       ] GC(46) Pause Young (Normal) (G1 Evacuation Pause)
[2026-04-03T01:17:15.866+0600][18.771s][info][gc,task        ] GC(46) Using 10 workers of 10 for evacuation
[2026-04-03T01:17:15.868+0600][18.772s][info][gc,phases      ] GC(46)   Pre Evacuate Collection Set: 0.27ms
[2026-04-03T01:17:15.868+0600][18.773s][info][gc,phases      ] GC(46)   Merge Heap Roots: 0.16ms
[2026-04-03T01:17:15.868+0600][18.773s][info][gc,phases      ] GC(46)   Evacuate Collection Set: 0.85ms
[2026-04-03T01:17:15.868+0600][18.773s][info][gc,phases      ] GC(46)   Post Evacuate Collection Set: 0.56ms
[2026-04-03T01:17:15.868+0600][18.773s][info][gc,phases      ] GC(46)   Other: 0.13ms
[2026-04-03T01:17:15.868+0600][18.773s][info][gc,heap        ] GC(46) Eden regions: 45->0(45)
[2026-04-03T01:17:15.868+0600][18.773s][info][gc,heap        ] GC(46) Survivor regions: 1->1(6)
[2026-04-03T01:17:15.869+0600][18.773s][info][gc,heap        ] GC(46) Old regions: 11->11
[2026-04-03T01:17:15.869+0600][18.773s][info][gc,heap        ] GC(46) Humongous regions: 0->0
[2026-04-03T01:17:15.869+0600][18.773s][info][gc,metaspace   ] GC(46) Metaspace: 34639K(35456K)->34639K(35456K) NonClass: 31650K(32128K)->31650K(32128K) Class: 2989K(3328K)->2989K(3328K)
[2026-04-03T01:17:15.869+0600][18.773s][info][gc             ] GC(46) Pause Young (Normal) (G1 Evacuation Pause) 107M->17M(154M) 2.384ms
[2026-04-03T01:17:15.869+0600][18.773s][info][gc,cpu         ] GC(46) User=0.01s Sys=0.00s Real=0.00s
[2026-04-03T01:17:16.106+0600][19.010s][info][gc,start       ] GC(47) Pause Young (Normal) (G1 Evacuation Pause)
[2026-04-03T01:17:16.106+0600][19.011s][info][gc,task        ] GC(47) Using 10 workers of 10 for evacuation
[2026-04-03T01:17:16.108+0600][19.012s][info][gc,phases      ] GC(47)   Pre Evacuate Collection Set: 0.21ms
[2026-04-03T01:17:16.108+0600][19.012s][info][gc,phases      ] GC(47)   Merge Heap Roots: 0.14ms
[2026-04-03T01:17:16.108+0600][19.012s][info][gc,phases      ] GC(47)   Evacuate Collection Set: 0.74ms
[2026-04-03T01:17:16.108+0600][19.012s][info][gc,phases      ] GC(47)   Post Evacuate Collection Set: 0.51ms
[2026-04-03T01:17:16.108+0600][19.012s][info][gc,phases      ] GC(47)   Other: 0.09ms
[2026-04-03T01:17:16.108+0600][19.012s][info][gc,heap        ] GC(47) Eden regions: 45->0(45)
[2026-04-03T01:17:16.108+0600][19.012s][info][gc,heap        ] GC(47) Survivor regions: 1->1(6)
[2026-04-03T01:17:16.108+0600][19.012s][info][gc,heap        ] GC(47) Old regions: 11->11
[2026-04-03T01:17:16.108+0600][19.012s][info][gc,heap        ] GC(47) Humongous regions: 0->0
[2026-04-03T01:17:16.108+0600][19.012s][info][gc,metaspace   ] GC(47) Metaspace: 34639K(35456K)->34639K(35456K) NonClass: 31650K(32128K)->31650K(32128K) Class: 2989K(3328K)->2989K(3328K)
[2026-04-03T01:17:16.108+0600][19.012s][info][gc             ] GC(47) Pause Young (Normal) (G1 Evacuation Pause) 107M->17M(154M) 1.961ms
[2026-04-03T01:17:16.108+0600][19.012s][info][gc,cpu         ] GC(47) User=0.02s Sys=0.00s Real=0.00s
[2026-04-03T01:17:16.325+0600][19.229s][info][gc,start       ] GC(48) Pause Young (Normal) (G1 Evacuation Pause)
[2026-04-03T01:17:16.325+0600][19.230s][info][gc,task        ] GC(48) Using 10 workers of 10 for evacuation
[2026-04-03T01:17:16.327+0600][19.231s][info][gc,phases      ] GC(48)   Pre Evacuate Collection Set: 0.15ms
[2026-04-03T01:17:16.327+0600][19.231s][info][gc,phases      ] GC(48)   Merge Heap Roots: 0.11ms
[2026-04-03T01:17:16.327+0600][19.231s][info][gc,phases      ] GC(48)   Evacuate Collection Set: 0.50ms
[2026-04-03T01:17:16.327+0600][19.231s][info][gc,phases      ] GC(48)   Post Evacuate Collection Set: 0.37ms
[2026-04-03T01:17:16.327+0600][19.231s][info][gc,phases      ] GC(48)   Other: 0.10ms
[2026-04-03T01:17:16.327+0600][19.231s][info][gc,heap        ] GC(48) Eden regions: 45->0(45)
[2026-04-03T01:17:16.327+0600][19.231s][info][gc,heap        ] GC(48) Survivor regions: 1->1(6)
[2026-04-03T01:17:16.327+0600][19.231s][info][gc,heap        ] GC(48) Old regions: 11->11
[2026-04-03T01:17:16.327+0600][19.231s][info][gc,heap        ] GC(48) Humongous regions: 0->0
[2026-04-03T01:17:16.327+0600][19.231s][info][gc,metaspace   ] GC(48) Metaspace: 34639K(35456K)->34639K(35456K) NonClass: 31650K(32128K)->31650K(32128K) Class: 2989K(3328K)->2989K(3328K)
[2026-04-03T01:17:16.327+0600][19.231s][info][gc             ] GC(48) Pause Young (Normal) (G1 Evacuation Pause) 107M->17M(154M) 1.591ms
[2026-04-03T01:17:16.327+0600][19.231s][info][gc,cpu         ] GC(48) User=0.01s Sys=0.00s Real=0.00s
[2026-04-03T01:17:16.555+0600][19.459s][info][gc,start       ] GC(49) Pause Young (Normal) (G1 Evacuation Pause)
[2026-04-03T01:17:16.555+0600][19.459s][info][gc,task        ] GC(49) Using 10 workers of 10 for evacuation
[2026-04-03T01:17:16.558+0600][19.462s][info][gc,phases      ] GC(49)   Pre Evacuate Collection Set: 0.50ms
[2026-04-03T01:17:16.558+0600][19.463s][info][gc,phases      ] GC(49)   Merge Heap Roots: 0.13ms
[2026-04-03T01:17:16.558+0600][19.463s][info][gc,phases      ] GC(49)   Evacuate Collection Set: 1.94ms
[2026-04-03T01:17:16.558+0600][19.463s][info][gc,phases      ] GC(49)   Post Evacuate Collection Set: 0.63ms
[2026-04-03T01:17:16.558+0600][19.463s][info][gc,phases      ] GC(49)   Other: 0.12ms
[2026-04-03T01:17:16.558+0600][19.463s][info][gc,heap        ] GC(49) Eden regions: 45->0(45)
[2026-04-03T01:17:16.558+0600][19.463s][info][gc,heap        ] GC(49) Survivor regions: 1->1(6)
[2026-04-03T01:17:16.558+0600][19.463s][info][gc,heap        ] GC(49) Old regions: 11->11
[2026-04-03T01:17:16.558+0600][19.463s][info][gc,heap        ] GC(49) Humongous regions: 0->0
[2026-04-03T01:17:16.558+0600][19.463s][info][gc,metaspace   ] GC(49) Metaspace: 34639K(35456K)->34639K(35456K) NonClass: 31650K(32128K)->31650K(32128K) Class: 2989K(3328K)->2989K(3328K)
[2026-04-03T01:17:16.559+0600][19.463s][info][gc             ] GC(49) Pause Young (Normal) (G1 Evacuation Pause) 107M->17M(154M) 3.694ms
[2026-04-03T01:17:16.559+0600][19.463s][info][gc,cpu         ] GC(49) User=0.01s Sys=0.00s Real=0.00s
[2026-04-03T01:17:16.773+0600][19.678s][info][gc,start       ] GC(50) Pause Young (Normal) (G1 Evacuation Pause)
[2026-04-03T01:17:16.774+0600][19.678s][info][gc,task        ] GC(50) Using 10 workers of 10 for evacuation
[2026-04-03T01:17:16.776+0600][19.680s][info][gc,phases      ] GC(50)   Pre Evacuate Collection Set: 0.32ms
[2026-04-03T01:17:16.776+0600][19.680s][info][gc,phases      ] GC(50)   Merge Heap Roots: 0.24ms
[2026-04-03T01:17:16.776+0600][19.680s][info][gc,phases      ] GC(50)   Evacuate Collection Set: 0.86ms
[2026-04-03T01:17:16.776+0600][19.680s][info][gc,phases      ] GC(50)   Post Evacuate Collection Set: 0.76ms
[2026-04-03T01:17:16.776+0600][19.680s][info][gc,phases      ] GC(50)   Other: 0.15ms
[2026-04-03T01:17:16.776+0600][19.680s][info][gc,heap        ] GC(50) Eden regions: 45->0(45)
[2026-04-03T01:17:16.776+0600][19.680s][info][gc,heap        ] GC(50) Survivor regions: 1->1(6)
[2026-04-03T01:17:16.776+0600][19.680s][info][gc,heap        ] GC(50) Old regions: 11->11
[2026-04-03T01:17:16.776+0600][19.680s][info][gc,heap        ] GC(50) Humongous regions: 0->0
[2026-04-03T01:17:16.776+0600][19.680s][info][gc,metaspace   ] GC(50) Metaspace: 34639K(35456K)->34639K(35456K) NonClass: 31650K(32128K)->31650K(32128K) Class: 2989K(3328K)->2989K(3328K)
[2026-04-03T01:17:16.776+0600][19.680s][info][gc             ] GC(50) Pause Young (Normal) (G1 Evacuation Pause) 107M->17M(154M) 2.733ms
[2026-04-03T01:17:16.776+0600][19.680s][info][gc,cpu         ] GC(50) User=0.01s Sys=0.00s Real=0.00s
[2026-04-03T01:17:16.986+0600][19.891s][info][gc,start       ] GC(51) Pause Young (Normal) (G1 Evacuation Pause)
[2026-04-03T01:17:16.986+0600][19.891s][info][gc,task        ] GC(51) Using 10 workers of 10 for evacuation
[2026-04-03T01:17:16.988+0600][19.892s][info][gc,phases      ] GC(51)   Pre Evacuate Collection Set: 0.22ms
[2026-04-03T01:17:16.988+0600][19.892s][info][gc,phases      ] GC(51)   Merge Heap Roots: 0.15ms
[2026-04-03T01:17:16.988+0600][19.892s][info][gc,phases      ] GC(51)   Evacuate Collection Set: 0.84ms
[2026-04-03T01:17:16.988+0600][19.893s][info][gc,phases      ] GC(51)   Post Evacuate Collection Set: 0.48ms
[2026-04-03T01:17:16.988+0600][19.893s][info][gc,phases      ] GC(51)   Other: 0.11ms
[2026-04-03T01:17:16.988+0600][19.893s][info][gc,heap        ] GC(51) Eden regions: 45->0(45)
[2026-04-03T01:17:16.988+0600][19.893s][info][gc,heap        ] GC(51) Survivor regions: 1->1(6)
[2026-04-03T01:17:16.988+0600][19.893s][info][gc,heap        ] GC(51) Old regions: 11->11
[2026-04-03T01:17:16.988+0600][19.893s][info][gc,heap        ] GC(51) Humongous regions: 0->0
[2026-04-03T01:17:16.988+0600][19.893s][info][gc,metaspace   ] GC(51) Metaspace: 34639K(35456K)->34639K(35456K) NonClass: 31650K(32128K)->31650K(32128K) Class: 2989K(3328K)->2989K(3328K)
[2026-04-03T01:17:16.988+0600][19.893s][info][gc             ] GC(51) Pause Young (Normal) (G1 Evacuation Pause) 107M->17M(154M) 2.130ms
[2026-04-03T01:17:16.989+0600][19.893s][info][gc,cpu         ] GC(51) User=0.01s Sys=0.00s Real=0.00s
[2026-04-03T01:17:17.205+0600][20.109s][info][gc,start       ] GC(52) Pause Young (Normal) (G1 Evacuation Pause)
[2026-04-03T01:17:17.205+0600][20.109s][info][gc,task        ] GC(52) Using 10 workers of 10 for evacuation
[2026-04-03T01:17:17.207+0600][20.111s][info][gc,phases      ] GC(52)   Pre Evacuate Collection Set: 0.16ms
[2026-04-03T01:17:17.207+0600][20.111s][info][gc,phases      ] GC(52)   Merge Heap Roots: 0.10ms
[2026-04-03T01:17:17.207+0600][20.111s][info][gc,phases      ] GC(52)   Evacuate Collection Set: 0.52ms
[2026-04-03T01:17:17.207+0600][20.111s][info][gc,phases      ] GC(52)   Post Evacuate Collection Set: 0.34ms
[2026-04-03T01:17:17.207+0600][20.111s][info][gc,phases      ] GC(52)   Other: 0.08ms
[2026-04-03T01:17:17.207+0600][20.111s][info][gc,heap        ] GC(52) Eden regions: 45->0(45)
[2026-04-03T01:17:17.207+0600][20.111s][info][gc,heap        ] GC(52) Survivor regions: 1->1(6)
[2026-04-03T01:17:17.207+0600][20.111s][info][gc,heap        ] GC(52) Old regions: 11->11
[2026-04-03T01:17:17.207+0600][20.111s][info][gc,heap        ] GC(52) Humongous regions: 0->0
[2026-04-03T01:17:17.207+0600][20.111s][info][gc,metaspace   ] GC(52) Metaspace: 34639K(35456K)->34639K(35456K) NonClass: 31650K(32128K)->31650K(32128K) Class: 2989K(3328K)->2989K(3328K)
[2026-04-03T01:17:17.207+0600][20.111s][info][gc             ] GC(52) Pause Young (Normal) (G1 Evacuation Pause) 107M->17M(154M) 1.467ms
[2026-04-03T01:17:17.207+0600][20.111s][info][gc,cpu         ] GC(52) User=0.01s Sys=0.01s Real=0.00s
[2026-04-03T01:17:17.403+0600][20.307s][info][gc,start       ] GC(53) Pause Young (Normal) (G1 Evacuation Pause)
[2026-04-03T01:17:17.403+0600][20.307s][info][gc,task        ] GC(53) Using 10 workers of 10 for evacuation
[2026-04-03T01:17:17.404+0600][20.308s][info][gc,phases      ] GC(53)   Pre Evacuate Collection Set: 0.13ms
[2026-04-03T01:17:17.404+0600][20.308s][info][gc,phases      ] GC(53)   Merge Heap Roots: 0.08ms
[2026-04-03T01:17:17.404+0600][20.308s][info][gc,phases      ] GC(53)   Evacuate Collection Set: 0.43ms
[2026-04-03T01:17:17.404+0600][20.308s][info][gc,phases      ] GC(53)   Post Evacuate Collection Set: 0.28ms
[2026-04-03T01:17:17.404+0600][20.308s][info][gc,phases      ] GC(53)   Other: 0.07ms
[2026-04-03T01:17:17.404+0600][20.308s][info][gc,heap        ] GC(53) Eden regions: 45->0(45)
[2026-04-03T01:17:17.404+0600][20.308s][info][gc,heap        ] GC(53) Survivor regions: 1->1(6)
[2026-04-03T01:17:17.404+0600][20.308s][info][gc,heap        ] GC(53) Old regions: 11->11
[2026-04-03T01:17:17.404+0600][20.308s][info][gc,heap        ] GC(53) Humongous regions: 0->0
[2026-04-03T01:17:17.404+0600][20.308s][info][gc,metaspace   ] GC(53) Metaspace: 34640K(35456K)->34640K(35456K) NonClass: 31650K(32128K)->31650K(32128K) Class: 2989K(3328K)->2989K(3328K)
[2026-04-03T01:17:17.404+0600][20.308s][info][gc             ] GC(53) Pause Young (Normal) (G1 Evacuation Pause) 107M->17M(154M) 1.194ms
[2026-04-03T01:17:17.404+0600][20.308s][info][gc,cpu         ] GC(53) User=0.00s Sys=0.00s Real=0.00s
[2026-04-03T01:17:17.616+0600][20.520s][info][gc,start       ] GC(54) Pause Young (Normal) (G1 Evacuation Pause)
[2026-04-03T01:17:17.616+0600][20.520s][info][gc,task        ] GC(54) Using 10 workers of 10 for evacuation
[2026-04-03T01:17:17.618+0600][20.522s][info][gc,phases      ] GC(54)   Pre Evacuate Collection Set: 0.20ms
[2026-04-03T01:17:17.618+0600][20.522s][info][gc,phases      ] GC(54)   Merge Heap Roots: 0.14ms
[2026-04-03T01:17:17.618+0600][20.522s][info][gc,phases      ] GC(54)   Evacuate Collection Set: 0.68ms
[2026-04-03T01:17:17.618+0600][20.522s][info][gc,phases      ] GC(54)   Post Evacuate Collection Set: 0.51ms
[2026-04-03T01:17:17.618+0600][20.522s][info][gc,phases      ] GC(54)   Other: 0.11ms
[2026-04-03T01:17:17.618+0600][20.522s][info][gc,heap        ] GC(54) Eden regions: 45->0(45)
[2026-04-03T01:17:17.618+0600][20.522s][info][gc,heap        ] GC(54) Survivor regions: 1->1(6)
[2026-04-03T01:17:17.618+0600][20.522s][info][gc,heap        ] GC(54) Old regions: 11->11
[2026-04-03T01:17:17.618+0600][20.522s][info][gc,heap        ] GC(54) Humongous regions: 0->0
[2026-04-03T01:17:17.618+0600][20.522s][info][gc,metaspace   ] GC(54) Metaspace: 34640K(35456K)->34640K(35456K) NonClass: 31651K(32128K)->31651K(32128K) Class: 2989K(3328K)->2989K(3328K)
[2026-04-03T01:17:17.618+0600][20.522s][info][gc             ] GC(54) Pause Young (Normal) (G1 Evacuation Pause) 107M->17M(154M) 2.071ms
[2026-04-03T01:17:17.618+0600][20.522s][info][gc,cpu         ] GC(54) User=0.01s Sys=0.00s Real=0.00s
[2026-04-03T01:17:17.845+0600][20.749s][info][gc,start       ] GC(55) Pause Young (Normal) (G1 Evacuation Pause)
[2026-04-03T01:17:17.845+0600][20.749s][info][gc,task        ] GC(55) Using 10 workers of 10 for evacuation
[2026-04-03T01:17:17.847+0600][20.751s][info][gc,phases      ] GC(55)   Pre Evacuate Collection Set: 0.24ms
[2026-04-03T01:17:17.847+0600][20.751s][info][gc,phases      ] GC(55)   Merge Heap Roots: 0.12ms
[2026-04-03T01:17:17.847+0600][20.751s][info][gc,phases      ] GC(55)   Evacuate Collection Set: 0.63ms
[2026-04-03T01:17:17.847+0600][20.751s][info][gc,phases      ] GC(55)   Post Evacuate Collection Set: 0.60ms
[2026-04-03T01:17:17.847+0600][20.751s][info][gc,phases      ] GC(55)   Other: 0.10ms
[2026-04-03T01:17:17.847+0600][20.751s][info][gc,heap        ] GC(55) Eden regions: 45->0(45)
[2026-04-03T01:17:17.847+0600][20.751s][info][gc,heap        ] GC(55) Survivor regions: 1->1(6)
[2026-04-03T01:17:17.847+0600][20.751s][info][gc,heap        ] GC(55) Old regions: 11->11
[2026-04-03T01:17:17.847+0600][20.751s][info][gc,heap        ] GC(55) Humongous regions: 0->0
[2026-04-03T01:17:17.847+0600][20.751s][info][gc,metaspace   ] GC(55) Metaspace: 34640K(35456K)->34640K(35456K) NonClass: 31651K(32128K)->31651K(32128K) Class: 2989K(3328K)->2989K(3328K)
[2026-04-03T01:17:17.847+0600][20.751s][info][gc             ] GC(55) Pause Young (Normal) (G1 Evacuation Pause) 107M->17M(154M) 2.017ms
[2026-04-03T01:17:17.847+0600][20.751s][info][gc,cpu         ] GC(55) User=0.01s Sys=0.01s Real=0.00s
[2026-04-03T01:17:18.055+0600][20.959s][info][gc,start       ] GC(56) Pause Young (Normal) (G1 Evacuation Pause)
[2026-04-03T01:17:18.055+0600][20.959s][info][gc,task        ] GC(56) Using 10 workers of 10 for evacuation
[2026-04-03T01:17:18.056+0600][20.960s][info][gc,phases      ] GC(56)   Pre Evacuate Collection Set: 0.22ms
[2026-04-03T01:17:18.056+0600][20.961s][info][gc,phases      ] GC(56)   Merge Heap Roots: 0.15ms
[2026-04-03T01:17:18.056+0600][20.961s][info][gc,phases      ] GC(56)   Evacuate Collection Set: 0.64ms
[2026-04-03T01:17:18.056+0600][20.961s][info][gc,phases      ] GC(56)   Post Evacuate Collection Set: 0.47ms
[2026-04-03T01:17:18.056+0600][20.961s][info][gc,phases      ] GC(56)   Other: 0.15ms
[2026-04-03T01:17:18.056+0600][20.961s][info][gc,heap        ] GC(56) Eden regions: 45->0(45)
[2026-04-03T01:17:18.056+0600][20.961s][info][gc,heap        ] GC(56) Survivor regions: 1->1(6)
[2026-04-03T01:17:18.056+0600][20.961s][info][gc,heap        ] GC(56) Old regions: 11->11
[2026-04-03T01:17:18.056+0600][20.961s][info][gc,heap        ] GC(56) Humongous regions: 0->0
[2026-04-03T01:17:18.056+0600][20.961s][info][gc,metaspace   ] GC(56) Metaspace: 34640K(35456K)->34640K(35456K) NonClass: 31651K(32128K)->31651K(32128K) Class: 2989K(3328K)->2989K(3328K)
[2026-04-03T01:17:18.057+0600][20.961s][info][gc             ] GC(56) Pause Young (Normal) (G1 Evacuation Pause) 107M->17M(154M) 2.003ms
[2026-04-03T01:17:18.057+0600][20.961s][info][gc,cpu         ] GC(56) User=0.00s Sys=0.00s Real=0.00s
[2026-04-03T01:17:18.259+0600][21.163s][info][gc,start       ] GC(57) Pause Young (Normal) (G1 Evacuation Pause)
[2026-04-03T01:17:18.259+0600][21.163s][info][gc,task        ] GC(57) Using 10 workers of 10 for evacuation
[2026-04-03T01:17:18.260+0600][21.165s][info][gc,phases      ] GC(57)   Pre Evacuate Collection Set: 0.18ms
[2026-04-03T01:17:18.261+0600][21.165s][info][gc,phases      ] GC(57)   Merge Heap Roots: 0.12ms
[2026-04-03T01:17:18.261+0600][21.165s][info][gc,phases      ] GC(57)   Evacuate Collection Set: 0.46ms
[2026-04-03T01:17:18.261+0600][21.165s][info][gc,phases      ] GC(57)   Post Evacuate Collection Set: 0.44ms
[2026-04-03T01:17:18.261+0600][21.165s][info][gc,phases      ] GC(57)   Other: 0.09ms
[2026-04-03T01:17:18.261+0600][21.165s][info][gc,heap        ] GC(57) Eden regions: 45->0(45)
[2026-04-03T01:17:18.261+0600][21.165s][info][gc,heap        ] GC(57) Survivor regions: 1->1(6)
[2026-04-03T01:17:18.261+0600][21.165s][info][gc,heap        ] GC(57) Old regions: 11->11
[2026-04-03T01:17:18.261+0600][21.165s][info][gc,heap        ] GC(57) Humongous regions: 0->0
[2026-04-03T01:17:18.261+0600][21.165s][info][gc,metaspace   ] GC(57) Metaspace: 34640K(35456K)->34640K(35456K) NonClass: 31651K(32128K)->31651K(32128K) Class: 2989K(3328K)->2989K(3328K)
[2026-04-03T01:17:18.261+0600][21.165s][info][gc             ] GC(57) Pause Young (Normal) (G1 Evacuation Pause) 107M->17M(154M) 1.622ms
[2026-04-03T01:17:18.261+0600][21.165s][info][gc,cpu         ] GC(57) User=0.01s Sys=0.00s Real=0.01s
[2026-04-03T01:17:18.461+0600][21.365s][info][gc,start       ] GC(58) Pause Young (Normal) (G1 Evacuation Pause)
[2026-04-03T01:17:18.461+0600][21.365s][info][gc,task        ] GC(58) Using 10 workers of 10 for evacuation
[2026-04-03T01:17:18.463+0600][21.367s][info][gc,phases      ] GC(58)   Pre Evacuate Collection Set: 0.22ms
[2026-04-03T01:17:18.463+0600][21.367s][info][gc,phases      ] GC(58)   Merge Heap Roots: 0.13ms
[2026-04-03T01:17:18.463+0600][21.367s][info][gc,phases      ] GC(58)   Evacuate Collection Set: 0.67ms
[2026-04-03T01:17:18.463+0600][21.367s][info][gc,phases      ] GC(58)   Post Evacuate Collection Set: 0.56ms
[2026-04-03T01:17:18.463+0600][21.367s][info][gc,phases      ] GC(58)   Other: 0.13ms
[2026-04-03T01:17:18.463+0600][21.367s][info][gc,heap        ] GC(58) Eden regions: 45->0(45)
[2026-04-03T01:17:18.463+0600][21.367s][info][gc,heap        ] GC(58) Survivor regions: 1->1(6)
[2026-04-03T01:17:18.463+0600][21.367s][info][gc,heap        ] GC(58) Old regions: 11->11
[2026-04-03T01:17:18.463+0600][21.367s][info][gc,heap        ] GC(58) Humongous regions: 0->0
[2026-04-03T01:17:18.463+0600][21.367s][info][gc,metaspace   ] GC(58) Metaspace: 34643K(35456K)->34643K(35456K) NonClass: 31654K(32128K)->31654K(32128K) Class: 2989K(3328K)->2989K(3328K)
[2026-04-03T01:17:18.463+0600][21.367s][info][gc             ] GC(58) Pause Young (Normal) (G1 Evacuation Pause) 107M->17M(154M) 2.060ms
[2026-04-03T01:17:18.463+0600][21.367s][info][gc,cpu         ] GC(58) User=0.01s Sys=0.00s Real=0.00s
[2026-04-03T01:17:18.657+0600][21.561s][info][gc,start       ] GC(59) Pause Young (Normal) (G1 Evacuation Pause)
[2026-04-03T01:17:18.657+0600][21.561s][info][gc,task        ] GC(59) Using 10 workers of 10 for evacuation
[2026-04-03T01:17:18.658+0600][21.562s][info][gc,phases      ] GC(59)   Pre Evacuate Collection Set: 0.24ms
[2026-04-03T01:17:18.658+0600][21.562s][info][gc,phases      ] GC(59)   Merge Heap Roots: 0.13ms
[2026-04-03T01:17:18.658+0600][21.562s][info][gc,phases      ] GC(59)   Evacuate Collection Set: 0.50ms
[2026-04-03T01:17:18.658+0600][21.562s][info][gc,phases      ] GC(59)   Post Evacuate Collection Set: 0.47ms
[2026-04-03T01:17:18.658+0600][21.562s][info][gc,phases      ] GC(59)   Other: 0.11ms
[2026-04-03T01:17:18.658+0600][21.562s][info][gc,heap        ] GC(59) Eden regions: 45->0(45)
[2026-04-03T01:17:18.658+0600][21.562s][info][gc,heap        ] GC(59) Survivor regions: 1->1(6)
[2026-04-03T01:17:18.658+0600][21.562s][info][gc,heap        ] GC(59) Old regions: 11->11
[2026-04-03T01:17:18.658+0600][21.562s][info][gc,heap        ] GC(59) Humongous regions: 0->0
[2026-04-03T01:17:18.658+0600][21.562s][info][gc,metaspace   ] GC(59) Metaspace: 34643K(35456K)->34643K(35456K) NonClass: 31654K(32128K)->31654K(32128K) Class: 2989K(3328K)->2989K(3328K)
[2026-04-03T01:17:18.658+0600][21.562s][info][gc             ] GC(59) Pause Young (Normal) (G1 Evacuation Pause) 107M->17M(154M) 1.781ms
[2026-04-03T01:17:18.658+0600][21.562s][info][gc,cpu         ] GC(59) User=0.00s Sys=0.00s Real=0.00s
[2026-04-03T01:17:18.853+0600][21.757s][info][gc,start       ] GC(60) Pause Young (Normal) (G1 Evacuation Pause)
[2026-04-03T01:17:18.853+0600][21.757s][info][gc,task        ] GC(60) Using 10 workers of 10 for evacuation
[2026-04-03T01:17:18.855+0600][21.759s][info][gc,phases      ] GC(60)   Pre Evacuate Collection Set: 0.23ms
[2026-04-03T01:17:18.855+0600][21.759s][info][gc,phases      ] GC(60)   Merge Heap Roots: 0.17ms
[2026-04-03T01:17:18.855+0600][21.759s][info][gc,phases      ] GC(60)   Evacuate Collection Set: 0.70ms
[2026-04-03T01:17:18.855+0600][21.759s][info][gc,phases      ] GC(60)   Post Evacuate Collection Set: 0.41ms
[2026-04-03T01:17:18.855+0600][21.759s][info][gc,phases      ] GC(60)   Other: 0.16ms
[2026-04-03T01:17:18.855+0600][21.759s][info][gc,heap        ] GC(60) Eden regions: 45->0(45)
[2026-04-03T01:17:18.855+0600][21.759s][info][gc,heap        ] GC(60) Survivor regions: 1->1(6)
[2026-04-03T01:17:18.855+0600][21.759s][info][gc,heap        ] GC(60) Old regions: 11->11
[2026-04-03T01:17:18.855+0600][21.759s][info][gc,heap        ] GC(60) Humongous regions: 0->0
[2026-04-03T01:17:18.855+0600][21.759s][info][gc,metaspace   ] GC(60) Metaspace: 34647K(35456K)->34647K(35456K) NonClass: 31657K(32128K)->31657K(32128K) Class: 2989K(3328K)->2989K(3328K)
[2026-04-03T01:17:18.855+0600][21.759s][info][gc             ] GC(60) Pause Young (Normal) (G1 Evacuation Pause) 107M->17M(154M) 2.018ms
[2026-04-03T01:17:18.855+0600][21.759s][info][gc,cpu         ] GC(60) User=0.01s Sys=0.00s Real=0.00s
[2026-04-03T01:17:19.054+0600][21.958s][info][gc,start       ] GC(61) Pause Young (Normal) (G1 Evacuation Pause)
[2026-04-03T01:17:19.054+0600][21.958s][info][gc,task        ] GC(61) Using 10 workers of 10 for evacuation
[2026-04-03T01:17:19.056+0600][21.960s][info][gc,phases      ] GC(61)   Pre Evacuate Collection Set: 0.31ms
[2026-04-03T01:17:19.056+0600][21.960s][info][gc,phases      ] GC(61)   Merge Heap Roots: 0.16ms
[2026-04-03T01:17:19.056+0600][21.960s][info][gc,phases      ] GC(61)   Evacuate Collection Set: 0.82ms
[2026-04-03T01:17:19.056+0600][21.960s][info][gc,phases      ] GC(61)   Post Evacuate Collection Set: 0.53ms
[2026-04-03T01:17:19.056+0600][21.960s][info][gc,phases      ] GC(61)   Other: 0.13ms
[2026-04-03T01:17:19.056+0600][21.960s][info][gc,heap        ] GC(61) Eden regions: 45->0(45)
[2026-04-03T01:17:19.056+0600][21.960s][info][gc,heap        ] GC(61) Survivor regions: 1->1(6)
[2026-04-03T01:17:19.056+0600][21.960s][info][gc,heap        ] GC(61) Old regions: 11->11
[2026-04-03T01:17:19.056+0600][21.960s][info][gc,heap        ] GC(61) Humongous regions: 0->0
[2026-04-03T01:17:19.056+0600][21.960s][info][gc,metaspace   ] GC(61) Metaspace: 34654K(35456K)->34654K(35456K) NonClass: 31664K(32128K)->31664K(32128K) Class: 2990K(3328K)->2990K(3328K)
[2026-04-03T01:17:19.056+0600][21.960s][info][gc             ] GC(61) Pause Young (Normal) (G1 Evacuation Pause) 107M->17M(154M) 2.357ms
[2026-04-03T01:17:19.056+0600][21.960s][info][gc,cpu         ] GC(61) User=0.01s Sys=0.00s Real=0.00s
[2026-04-03T01:17:19.290+0600][22.194s][info][gc,start       ] GC(62) Pause Young (Normal) (G1 Evacuation Pause)
[2026-04-03T01:17:19.290+0600][22.194s][info][gc,task        ] GC(62) Using 10 workers of 10 for evacuation
[2026-04-03T01:17:19.293+0600][22.197s][info][gc,phases      ] GC(62)   Pre Evacuate Collection Set: 0.27ms
[2026-04-03T01:17:19.293+0600][22.197s][info][gc,phases      ] GC(62)   Merge Heap Roots: 0.16ms
[2026-04-03T01:17:19.293+0600][22.197s][info][gc,phases      ] GC(62)   Evacuate Collection Set: 1.64ms
[2026-04-03T01:17:19.293+0600][22.197s][info][gc,phases      ] GC(62)   Post Evacuate Collection Set: 0.75ms
[2026-04-03T01:17:19.293+0600][22.197s][info][gc,phases      ] GC(62)   Other: 0.14ms
[2026-04-03T01:17:19.293+0600][22.197s][info][gc,heap        ] GC(62) Eden regions: 45->0(45)
[2026-04-03T01:17:19.293+0600][22.197s][info][gc,heap        ] GC(62) Survivor regions: 1->1(6)
[2026-04-03T01:17:19.293+0600][22.197s][info][gc,heap        ] GC(62) Old regions: 11->11
[2026-04-03T01:17:19.293+0600][22.197s][info][gc,heap        ] GC(62) Humongous regions: 0->0
[2026-04-03T01:17:19.293+0600][22.197s][info][gc,metaspace   ] GC(62) Metaspace: 34657K(35456K)->34657K(35456K) NonClass: 31666K(32128K)->31666K(32128K) Class: 2990K(3328K)->2990K(3328K)
[2026-04-03T01:17:19.293+0600][22.197s][info][gc             ] GC(62) Pause Young (Normal) (G1 Evacuation Pause) 107M->17M(154M) 3.433ms
[2026-04-03T01:17:19.293+0600][22.197s][info][gc,cpu         ] GC(62) User=0.01s Sys=0.00s Real=0.00s
[2026-04-03T01:17:19.539+0600][22.443s][info][gc,start       ] GC(63) Pause Young (Normal) (G1 Evacuation Pause)
[2026-04-03T01:17:19.539+0600][22.443s][info][gc,task        ] GC(63) Using 10 workers of 10 for evacuation
[2026-04-03T01:17:19.541+0600][22.445s][info][gc,phases      ] GC(63)   Pre Evacuate Collection Set: 0.23ms
[2026-04-03T01:17:19.541+0600][22.445s][info][gc,phases      ] GC(63)   Merge Heap Roots: 0.14ms
[2026-04-03T01:17:19.541+0600][22.445s][info][gc,phases      ] GC(63)   Evacuate Collection Set: 0.79ms
[2026-04-03T01:17:19.541+0600][22.445s][info][gc,phases      ] GC(63)   Post Evacuate Collection Set: 0.60ms
[2026-04-03T01:17:19.541+0600][22.445s][info][gc,phases      ] GC(63)   Other: 0.14ms
[2026-04-03T01:17:19.541+0600][22.445s][info][gc,heap        ] GC(63) Eden regions: 45->0(45)
[2026-04-03T01:17:19.541+0600][22.445s][info][gc,heap        ] GC(63) Survivor regions: 1->1(6)
[2026-04-03T01:17:19.541+0600][22.445s][info][gc,heap        ] GC(63) Old regions: 11->11
[2026-04-03T01:17:19.541+0600][22.445s][info][gc,heap        ] GC(63) Humongous regions: 0->0
[2026-04-03T01:17:19.541+0600][22.445s][info][gc,metaspace   ] GC(63) Metaspace: 34661K(35456K)->34661K(35456K) NonClass: 31670K(32128K)->31670K(32128K) Class: 2990K(3328K)->2990K(3328K)
[2026-04-03T01:17:19.541+0600][22.445s][info][gc             ] GC(63) Pause Young (Normal) (G1 Evacuation Pause) 107M->17M(154M) 2.329ms
[2026-04-03T01:17:19.541+0600][22.445s][info][gc,cpu         ] GC(63) User=0.01s Sys=0.00s Real=0.01s
[2026-04-03T01:17:19.785+0600][22.689s][info][gc,start       ] GC(64) Pause Young (Normal) (G1 Evacuation Pause)
[2026-04-03T01:17:19.785+0600][22.689s][info][gc,task        ] GC(64) Using 10 workers of 10 for evacuation
[2026-04-03T01:17:19.791+0600][22.695s][info][gc,phases      ] GC(64)   Pre Evacuate Collection Set: 0.20ms
[2026-04-03T01:17:19.791+0600][22.695s][info][gc,phases      ] GC(64)   Merge Heap Roots: 0.14ms
[2026-04-03T01:17:19.791+0600][22.695s][info][gc,phases      ] GC(64)   Evacuate Collection Set: 4.39ms
[2026-04-03T01:17:19.791+0600][22.695s][info][gc,phases      ] GC(64)   Post Evacuate Collection Set: 0.72ms
[2026-04-03T01:17:19.791+0600][22.695s][info][gc,phases      ] GC(64)   Other: 0.11ms
[2026-04-03T01:17:19.791+0600][22.695s][info][gc,heap        ] GC(64) Eden regions: 45->0(45)
[2026-04-03T01:17:19.791+0600][22.695s][info][gc,heap        ] GC(64) Survivor regions: 1->1(6)
[2026-04-03T01:17:19.791+0600][22.695s][info][gc,heap        ] GC(64) Old regions: 11->11
[2026-04-03T01:17:19.791+0600][22.695s][info][gc,heap        ] GC(64) Humongous regions: 0->0
[2026-04-03T01:17:19.791+0600][22.695s][info][gc,metaspace   ] GC(64) Metaspace: 34661K(35456K)->34661K(35456K) NonClass: 31670K(32128K)->31670K(32128K) Class: 2990K(3328K)->2990K(3328K)
[2026-04-03T01:17:19.791+0600][22.695s][info][gc             ] GC(64) Pause Young (Normal) (G1 Evacuation Pause) 107M->17M(154M) 5.980ms
[2026-04-03T01:17:19.791+0600][22.695s][info][gc,cpu         ] GC(64) User=0.02s Sys=0.00s Real=0.01s
[2026-04-03T01:17:20.031+0600][22.935s][info][gc,start       ] GC(65) Pause Young (Normal) (G1 Evacuation Pause)
[2026-04-03T01:17:20.031+0600][22.935s][info][gc,task        ] GC(65) Using 10 workers of 10 for evacuation
[2026-04-03T01:17:20.033+0600][22.937s][info][gc,phases      ] GC(65)   Pre Evacuate Collection Set: 0.23ms
[2026-04-03T01:17:20.033+0600][22.937s][info][gc,phases      ] GC(65)   Merge Heap Roots: 0.11ms
[2026-04-03T01:17:20.033+0600][22.937s][info][gc,phases      ] GC(65)   Evacuate Collection Set: 0.55ms
[2026-04-03T01:17:20.033+0600][22.937s][info][gc,phases      ] GC(65)   Post Evacuate Collection Set: 0.47ms
[2026-04-03T01:17:20.033+0600][22.937s][info][gc,phases      ] GC(65)   Other: 0.09ms
[2026-04-03T01:17:20.033+0600][22.937s][info][gc,heap        ] GC(65) Eden regions: 45->0(45)
[2026-04-03T01:17:20.033+0600][22.937s][info][gc,heap        ] GC(65) Survivor regions: 1->1(6)
[2026-04-03T01:17:20.033+0600][22.937s][info][gc,heap        ] GC(65) Old regions: 11->11
[2026-04-03T01:17:20.033+0600][22.937s][info][gc,heap        ] GC(65) Humongous regions: 0->0
[2026-04-03T01:17:20.033+0600][22.937s][info][gc,metaspace   ] GC(65) Metaspace: 34661K(35456K)->34661K(35456K) NonClass: 31670K(32128K)->31670K(32128K) Class: 2990K(3328K)->2990K(3328K)
[2026-04-03T01:17:20.033+0600][22.937s][info][gc             ] GC(65) Pause Young (Normal) (G1 Evacuation Pause) 107M->17M(154M) 1.786ms
[2026-04-03T01:17:20.033+0600][22.937s][info][gc,cpu         ] GC(65) User=0.01s Sys=0.00s Real=0.00s
[2026-04-03T01:17:20.268+0600][23.172s][info][gc,start       ] GC(66) Pause Young (Normal) (G1 Evacuation Pause)
[2026-04-03T01:17:20.268+0600][23.172s][info][gc,task        ] GC(66) Using 10 workers of 10 for evacuation
[2026-04-03T01:17:20.269+0600][23.173s][info][gc,phases      ] GC(66)   Pre Evacuate Collection Set: 0.18ms
[2026-04-03T01:17:20.269+0600][23.173s][info][gc,phases      ] GC(66)   Merge Heap Roots: 0.12ms
[2026-04-03T01:17:20.269+0600][23.173s][info][gc,phases      ] GC(66)   Evacuate Collection Set: 0.61ms
[2026-04-03T01:17:20.269+0600][23.173s][info][gc,phases      ] GC(66)   Post Evacuate Collection Set: 0.44ms
[2026-04-03T01:17:20.269+0600][23.173s][info][gc,phases      ] GC(66)   Other: 0.11ms
[2026-04-03T01:17:20.269+0600][23.173s][info][gc,heap        ] GC(66) Eden regions: 45->0(45)
[2026-04-03T01:17:20.269+0600][23.173s][info][gc,heap        ] GC(66) Survivor regions: 1->1(6)
[2026-04-03T01:17:20.269+0600][23.174s][info][gc,heap        ] GC(66) Old regions: 11->11
[2026-04-03T01:17:20.269+0600][23.174s][info][gc,heap        ] GC(66) Humongous regions: 0->0
[2026-04-03T01:17:20.269+0600][23.174s][info][gc,metaspace   ] GC(66) Metaspace: 34661K(35456K)->34661K(35456K) NonClass: 31670K(32128K)->31670K(32128K) Class: 2990K(3328K)->2990K(3328K)
[2026-04-03T01:17:20.269+0600][23.174s][info][gc             ] GC(66) Pause Young (Normal) (G1 Evacuation Pause) 107M->17M(154M) 1.799ms
[2026-04-03T01:17:20.269+0600][23.174s][info][gc,cpu         ] GC(66) User=0.00s Sys=0.00s Real=0.00s
[2026-04-03T01:17:20.497+0600][23.401s][info][gc,start       ] GC(67) Pause Young (Normal) (G1 Evacuation Pause)
[2026-04-03T01:17:20.497+0600][23.401s][info][gc,task        ] GC(67) Using 10 workers of 10 for evacuation
[2026-04-03T01:17:20.499+0600][23.403s][info][gc,phases      ] GC(67)   Pre Evacuate Collection Set: 0.20ms
[2026-04-03T01:17:20.499+0600][23.403s][info][gc,phases      ] GC(67)   Merge Heap Roots: 0.15ms
[2026-04-03T01:17:20.499+0600][23.403s][info][gc,phases      ] GC(67)   Evacuate Collection Set: 0.75ms
[2026-04-03T01:17:20.499+0600][23.403s][info][gc,phases      ] GC(67)   Post Evacuate Collection Set: 0.61ms
[2026-04-03T01:17:20.499+0600][23.403s][info][gc,phases      ] GC(67)   Other: 0.12ms
[2026-04-03T01:17:20.499+0600][23.403s][info][gc,heap        ] GC(67) Eden regions: 45->0(45)
[2026-04-03T01:17:20.499+0600][23.403s][info][gc,heap        ] GC(67) Survivor regions: 1->1(6)
[2026-04-03T01:17:20.499+0600][23.403s][info][gc,heap        ] GC(67) Old regions: 11->11
[2026-04-03T01:17:20.499+0600][23.403s][info][gc,heap        ] GC(67) Humongous regions: 0->0
[2026-04-03T01:17:20.499+0600][23.403s][info][gc,metaspace   ] GC(67) Metaspace: 34665K(35456K)->34665K(35456K) NonClass: 31675K(32128K)->31675K(32128K) Class: 2990K(3328K)->2990K(3328K)
[2026-04-03T01:17:20.499+0600][23.403s][info][gc             ] GC(67) Pause Young (Normal) (G1 Evacuation Pause) 107M->17M(154M) 2.152ms
[2026-04-03T01:17:20.499+0600][23.403s][info][gc,cpu         ] GC(67) User=0.01s Sys=0.00s Real=0.00s
[2026-04-03T01:17:20.712+0600][23.616s][info][gc,start       ] GC(68) Pause Young (Normal) (G1 Evacuation Pause)
[2026-04-03T01:17:20.712+0600][23.616s][info][gc,task        ] GC(68) Using 10 workers of 10 for evacuation
[2026-04-03T01:17:20.713+0600][23.617s][info][gc,phases      ] GC(68)   Pre Evacuate Collection Set: 0.31ms
[2026-04-03T01:17:20.713+0600][23.618s][info][gc,phases      ] GC(68)   Merge Heap Roots: 0.15ms
[2026-04-03T01:17:20.713+0600][23.618s][info][gc,phases      ] GC(68)   Evacuate Collection Set: 0.66ms
[2026-04-03T01:17:20.713+0600][23.618s][info][gc,phases      ] GC(68)   Post Evacuate Collection Set: 0.42ms
[2026-04-03T01:17:20.713+0600][23.618s][info][gc,phases      ] GC(68)   Other: 0.14ms
[2026-04-03T01:17:20.713+0600][23.618s][info][gc,heap        ] GC(68) Eden regions: 45->0(45)
[2026-04-03T01:17:20.713+0600][23.618s][info][gc,heap        ] GC(68) Survivor regions: 1->1(6)
[2026-04-03T01:17:20.713+0600][23.618s][info][gc,heap        ] GC(68) Old regions: 11->11
[2026-04-03T01:17:20.713+0600][23.618s][info][gc,heap        ] GC(68) Humongous regions: 0->0
[2026-04-03T01:17:20.714+0600][23.618s][info][gc,metaspace   ] GC(68) Metaspace: 34665K(35456K)->34665K(35456K) NonClass: 31675K(32128K)->31675K(32128K) Class: 2990K(3328K)->2990K(3328K)
[2026-04-03T01:17:20.714+0600][23.618s][info][gc             ] GC(68) Pause Young (Normal) (G1 Evacuation Pause) 107M->17M(154M) 1.992ms
[2026-04-03T01:17:20.714+0600][23.618s][info][gc,cpu         ] GC(68) User=0.01s Sys=0.00s Real=0.00s
[2026-04-03T01:17:20.930+0600][23.834s][info][gc,start       ] GC(69) Pause Young (Normal) (G1 Evacuation Pause)
[2026-04-03T01:17:20.930+0600][23.834s][info][gc,task        ] GC(69) Using 10 workers of 10 for evacuation
[2026-04-03T01:17:20.931+0600][23.836s][info][gc,phases      ] GC(69)   Pre Evacuate Collection Set: 0.20ms
[2026-04-03T01:17:20.932+0600][23.836s][info][gc,phases      ] GC(69)   Merge Heap Roots: 0.14ms
[2026-04-03T01:17:20.932+0600][23.836s][info][gc,phases      ] GC(69)   Evacuate Collection Set: 0.55ms
[2026-04-03T01:17:20.932+0600][23.836s][info][gc,phases      ] GC(69)   Post Evacuate Collection Set: 0.45ms
[2026-04-03T01:17:20.932+0600][23.836s][info][gc,phases      ] GC(69)   Other: 0.11ms
[2026-04-03T01:17:20.932+0600][23.836s][info][gc,heap        ] GC(69) Eden regions: 45->0(45)
[2026-04-03T01:17:20.932+0600][23.836s][info][gc,heap        ] GC(69) Survivor regions: 1->1(6)
[2026-04-03T01:17:20.932+0600][23.836s][info][gc,heap        ] GC(69) Old regions: 11->11
[2026-04-03T01:17:20.932+0600][23.836s][info][gc,heap        ] GC(69) Humongous regions: 0->0
[2026-04-03T01:17:20.932+0600][23.836s][info][gc,metaspace   ] GC(69) Metaspace: 34666K(35456K)->34666K(35456K) NonClass: 31675K(32128K)->31675K(32128K) Class: 2990K(3328K)->2990K(3328K)
[2026-04-03T01:17:20.932+0600][23.836s][info][gc             ] GC(69) Pause Young (Normal) (G1 Evacuation Pause) 107M->17M(154M) 1.780ms
[2026-04-03T01:17:20.932+0600][23.836s][info][gc,cpu         ] GC(69) User=0.01s Sys=0.00s Real=0.00s
[2026-04-03T01:17:21.148+0600][24.052s][info][gc,start       ] GC(70) Pause Young (Normal) (G1 Evacuation Pause)
[2026-04-03T01:17:21.148+0600][24.052s][info][gc,task        ] GC(70) Using 10 workers of 10 for evacuation
[2026-04-03T01:17:21.150+0600][24.054s][info][gc,phases      ] GC(70)   Pre Evacuate Collection Set: 0.19ms
[2026-04-03T01:17:21.150+0600][24.054s][info][gc,phases      ] GC(70)   Merge Heap Roots: 0.12ms
[2026-04-03T01:17:21.150+0600][24.054s][info][gc,phases      ] GC(70)   Evacuate Collection Set: 0.62ms
[2026-04-03T01:17:21.150+0600][24.054s][info][gc,phases      ] GC(70)   Post Evacuate Collection Set: 0.40ms
[2026-04-03T01:17:21.150+0600][24.054s][info][gc,phases      ] GC(70)   Other: 0.09ms
[2026-04-03T01:17:21.150+0600][24.054s][info][gc,heap        ] GC(70) Eden regions: 45->0(45)
[2026-04-03T01:17:21.150+0600][24.054s][info][gc,heap        ] GC(70) Survivor regions: 1->1(6)
[2026-04-03T01:17:21.150+0600][24.054s][info][gc,heap        ] GC(70) Old regions: 11->11
[2026-04-03T01:17:21.150+0600][24.054s][info][gc,heap        ] GC(70) Humongous regions: 0->0
[2026-04-03T01:17:21.150+0600][24.054s][info][gc,metaspace   ] GC(70) Metaspace: 34666K(35456K)->34666K(35456K) NonClass: 31675K(32128K)->31675K(32128K) Class: 2990K(3328K)->2990K(3328K)
[2026-04-03T01:17:21.150+0600][24.054s][info][gc             ] GC(70) Pause Young (Normal) (G1 Evacuation Pause) 107M->17M(154M) 1.717ms
[2026-04-03T01:17:21.150+0600][24.054s][info][gc,cpu         ] GC(70) User=0.01s Sys=0.00s Real=0.01s
[2026-04-03T01:17:21.367+0600][24.271s][info][gc,start       ] GC(71) Pause Young (Normal) (G1 Evacuation Pause)
[2026-04-03T01:17:21.367+0600][24.271s][info][gc,task        ] GC(71) Using 10 workers of 10 for evacuation
[2026-04-03T01:17:21.368+0600][24.272s][info][gc,phases      ] GC(71)   Pre Evacuate Collection Set: 0.21ms
[2026-04-03T01:17:21.368+0600][24.272s][info][gc,phases      ] GC(71)   Merge Heap Roots: 0.13ms
[2026-04-03T01:17:21.368+0600][24.272s][info][gc,phases      ] GC(71)   Evacuate Collection Set: 0.54ms
[2026-04-03T01:17:21.368+0600][24.272s][info][gc,phases      ] GC(71)   Post Evacuate Collection Set: 0.41ms
[2026-04-03T01:17:21.368+0600][24.272s][info][gc,phases      ] GC(71)   Other: 0.11ms
[2026-04-03T01:17:21.368+0600][24.272s][info][gc,heap        ] GC(71) Eden regions: 45->0(45)
[2026-04-03T01:17:21.368+0600][24.272s][info][gc,heap        ] GC(71) Survivor regions: 1->1(6)
[2026-04-03T01:17:21.368+0600][24.272s][info][gc,heap        ] GC(71) Old regions: 11->11
[2026-04-03T01:17:21.368+0600][24.272s][info][gc,heap        ] GC(71) Humongous regions: 0->0
[2026-04-03T01:17:21.368+0600][24.272s][info][gc,metaspace   ] GC(71) Metaspace: 34669K(35456K)->34669K(35456K) NonClass: 31679K(32128K)->31679K(32128K) Class: 2990K(3328K)->2990K(3328K)
[2026-04-03T01:17:21.368+0600][24.272s][info][gc             ] GC(71) Pause Young (Normal) (G1 Evacuation Pause) 107M->17M(154M) 1.780ms
[2026-04-03T01:17:21.368+0600][24.273s][info][gc,cpu         ] GC(71) User=0.01s Sys=0.00s Real=0.00s
[2026-04-03T01:17:21.573+0600][24.477s][info][gc,start       ] GC(72) Pause Young (Normal) (G1 Evacuation Pause)
[2026-04-03T01:17:21.573+0600][24.477s][info][gc,task        ] GC(72) Using 10 workers of 10 for evacuation
[2026-04-03T01:17:21.575+0600][24.479s][info][gc,phases      ] GC(72)   Pre Evacuate Collection Set: 0.17ms
[2026-04-03T01:17:21.575+0600][24.479s][info][gc,phases      ] GC(72)   Merge Heap Roots: 0.12ms
[2026-04-03T01:17:21.575+0600][24.479s][info][gc,phases      ] GC(72)   Evacuate Collection Set: 0.79ms
[2026-04-03T01:17:21.575+0600][24.479s][info][gc,phases      ] GC(72)   Post Evacuate Collection Set: 0.45ms
[2026-04-03T01:17:21.575+0600][24.479s][info][gc,phases      ] GC(72)   Other: 0.09ms
[2026-04-03T01:17:21.575+0600][24.479s][info][gc,heap        ] GC(72) Eden regions: 45->0(45)
[2026-04-03T01:17:21.575+0600][24.479s][info][gc,heap        ] GC(72) Survivor regions: 1->1(6)
[2026-04-03T01:17:21.575+0600][24.479s][info][gc,heap        ] GC(72) Old regions: 11->11
[2026-04-03T01:17:21.575+0600][24.479s][info][gc,heap        ] GC(72) Humongous regions: 0->0
[2026-04-03T01:17:21.575+0600][24.479s][info][gc,metaspace   ] GC(72) Metaspace: 34671K(35456K)->34671K(35456K) NonClass: 31680K(32128K)->31680K(32128K) Class: 2990K(3328K)->2990K(3328K)
[2026-04-03T01:17:21.575+0600][24.479s][info][gc             ] GC(72) Pause Young (Normal) (G1 Evacuation Pause) 107M->17M(154M) 1.868ms
[2026-04-03T01:17:21.575+0600][24.479s][info][gc,cpu         ] GC(72) User=0.00s Sys=0.00s Real=0.00s
[2026-04-03T01:17:21.785+0600][24.690s][info][gc,start       ] GC(73) Pause Young (Normal) (G1 Evacuation Pause)
[2026-04-03T01:17:21.786+0600][24.690s][info][gc,task        ] GC(73) Using 10 workers of 10 for evacuation
[2026-04-03T01:17:21.787+0600][24.691s][info][gc,phases      ] GC(73)   Pre Evacuate Collection Set: 0.18ms
[2026-04-03T01:17:21.787+0600][24.691s][info][gc,phases      ] GC(73)   Merge Heap Roots: 0.09ms
[2026-04-03T01:17:21.787+0600][24.691s][info][gc,phases      ] GC(73)   Evacuate Collection Set: 0.55ms
[2026-04-03T01:17:21.787+0600][24.691s][info][gc,phases      ] GC(73)   Post Evacuate Collection Set: 0.37ms
[2026-04-03T01:17:21.787+0600][24.691s][info][gc,phases      ] GC(73)   Other: 0.09ms
[2026-04-03T01:17:21.787+0600][24.691s][info][gc,heap        ] GC(73) Eden regions: 45->0(45)
[2026-04-03T01:17:21.787+0600][24.691s][info][gc,heap        ] GC(73) Survivor regions: 1->1(6)
[2026-04-03T01:17:21.787+0600][24.691s][info][gc,heap        ] GC(73) Old regions: 11->11
[2026-04-03T01:17:21.787+0600][24.691s][info][gc,heap        ] GC(73) Humongous regions: 0->0
[2026-04-03T01:17:21.787+0600][24.691s][info][gc,metaspace   ] GC(73) Metaspace: 34671K(35456K)->34671K(35456K) NonClass: 31680K(32128K)->31680K(32128K) Class: 2990K(3328K)->2990K(3328K)
[2026-04-03T01:17:21.787+0600][24.691s][info][gc             ] GC(73) Pause Young (Normal) (G1 Evacuation Pause) 107M->17M(154M) 1.536ms
[2026-04-03T01:17:21.787+0600][24.691s][info][gc,cpu         ] GC(73) User=0.01s Sys=0.00s Real=0.00s
[2026-04-03T01:17:21.987+0600][24.891s][info][gc,start       ] GC(74) Pause Young (Normal) (G1 Evacuation Pause)
[2026-04-03T01:17:21.987+0600][24.891s][info][gc,task        ] GC(74) Using 10 workers of 10 for evacuation
[2026-04-03T01:17:21.988+0600][24.893s][info][gc,phases      ] GC(74)   Pre Evacuate Collection Set: 0.16ms
[2026-04-03T01:17:21.988+0600][24.893s][info][gc,phases      ] GC(74)   Merge Heap Roots: 0.10ms
[2026-04-03T01:17:21.988+0600][24.893s][info][gc,phases      ] GC(74)   Evacuate Collection Set: 0.58ms
[2026-04-03T01:17:21.988+0600][24.893s][info][gc,phases      ] GC(74)   Post Evacuate Collection Set: 0.34ms
[2026-04-03T01:17:21.989+0600][24.893s][info][gc,phases      ] GC(74)   Other: 0.08ms
[2026-04-03T01:17:21.989+0600][24.893s][info][gc,heap        ] GC(74) Eden regions: 45->0(45)
[2026-04-03T01:17:21.989+0600][24.893s][info][gc,heap        ] GC(74) Survivor regions: 1->1(6)
[2026-04-03T01:17:21.989+0600][24.893s][info][gc,heap        ] GC(74) Old regions: 11->11
[2026-04-03T01:17:21.989+0600][24.893s][info][gc,heap        ] GC(74) Humongous regions: 0->0
[2026-04-03T01:17:21.989+0600][24.893s][info][gc,metaspace   ] GC(74) Metaspace: 34671K(35456K)->34671K(35456K) NonClass: 31680K(32128K)->31680K(32128K) Class: 2990K(3328K)->2990K(3328K)
[2026-04-03T01:17:21.989+0600][24.893s][info][gc             ] GC(74) Pause Young (Normal) (G1 Evacuation Pause) 107M->17M(154M) 1.475ms
[2026-04-03T01:17:21.989+0600][24.893s][info][gc,cpu         ] GC(74) User=0.01s Sys=0.00s Real=0.00s
[2026-04-03T01:17:22.187+0600][25.091s][info][gc,start       ] GC(75) Pause Young (Normal) (G1 Evacuation Pause)
[2026-04-03T01:17:22.187+0600][25.091s][info][gc,task        ] GC(75) Using 10 workers of 10 for evacuation
[2026-04-03T01:17:22.188+0600][25.093s][info][gc,phases      ] GC(75)   Pre Evacuate Collection Set: 0.23ms
[2026-04-03T01:17:22.188+0600][25.093s][info][gc,phases      ] GC(75)   Merge Heap Roots: 0.11ms
[2026-04-03T01:17:22.188+0600][25.093s][info][gc,phases      ] GC(75)   Evacuate Collection Set: 0.47ms
[2026-04-03T01:17:22.188+0600][25.093s][info][gc,phases      ] GC(75)   Post Evacuate Collection Set: 0.32ms
[2026-04-03T01:17:22.188+0600][25.093s][info][gc,phases      ] GC(75)   Other: 0.08ms
[2026-04-03T01:17:22.188+0600][25.093s][info][gc,heap        ] GC(75) Eden regions: 45->0(45)
[2026-04-03T01:17:22.188+0600][25.093s][info][gc,heap        ] GC(75) Survivor regions: 1->1(6)
[2026-04-03T01:17:22.188+0600][25.093s][info][gc,heap        ] GC(75) Old regions: 11->11
[2026-04-03T01:17:22.188+0600][25.093s][info][gc,heap        ] GC(75) Humongous regions: 0->0
[2026-04-03T01:17:22.189+0600][25.093s][info][gc,metaspace   ] GC(75) Metaspace: 34671K(35456K)->34671K(35456K) NonClass: 31680K(32128K)->31680K(32128K) Class: 2990K(3328K)->2990K(3328K)
[2026-04-03T01:17:22.189+0600][25.093s][info][gc             ] GC(75) Pause Young (Normal) (G1 Evacuation Pause) 107M->17M(154M) 1.429ms
[2026-04-03T01:17:22.189+0600][25.093s][info][gc,cpu         ] GC(75) User=0.01s Sys=0.00s Real=0.00s
[2026-04-03T01:17:22.393+0600][25.297s][info][gc,start       ] GC(76) Pause Young (Normal) (G1 Evacuation Pause)
[2026-04-03T01:17:22.393+0600][25.297s][info][gc,task        ] GC(76) Using 10 workers of 10 for evacuation
[2026-04-03T01:17:22.394+0600][25.298s][info][gc,phases      ] GC(76)   Pre Evacuate Collection Set: 0.14ms
[2026-04-03T01:17:22.394+0600][25.298s][info][gc,phases      ] GC(76)   Merge Heap Roots: 0.10ms
[2026-04-03T01:17:22.394+0600][25.298s][info][gc,phases      ] GC(76)   Evacuate Collection Set: 0.51ms
[2026-04-03T01:17:22.394+0600][25.298s][info][gc,phases      ] GC(76)   Post Evacuate Collection Set: 0.36ms
[2026-04-03T01:17:22.394+0600][25.298s][info][gc,phases      ] GC(76)   Other: 0.08ms
[2026-04-03T01:17:22.394+0600][25.298s][info][gc,heap        ] GC(76) Eden regions: 45->0(45)
[2026-04-03T01:17:22.394+0600][25.298s][info][gc,heap        ] GC(76) Survivor regions: 1->1(6)
[2026-04-03T01:17:22.394+0600][25.298s][info][gc,heap        ] GC(76) Old regions: 11->11
[2026-04-03T01:17:22.394+0600][25.298s][info][gc,heap        ] GC(76) Humongous regions: 0->0
[2026-04-03T01:17:22.394+0600][25.298s][info][gc,metaspace   ] GC(76) Metaspace: 34671K(35456K)->34671K(35456K) NonClass: 31680K(32128K)->31680K(32128K) Class: 2990K(3328K)->2990K(3328K)
[2026-04-03T01:17:22.394+0600][25.298s][info][gc             ] GC(76) Pause Young (Normal) (G1 Evacuation Pause) 107M->17M(154M) 1.451ms
[2026-04-03T01:17:22.394+0600][25.298s][info][gc,cpu         ] GC(76) User=0.00s Sys=0.00s Real=0.00s
[2026-04-03T01:17:22.748+0600][25.652s][info][gc,heap,exit   ] Heap
[2026-04-03T01:17:22.748+0600][25.652s][info][gc,heap,exit   ]  garbage-first heap   total 157696K, used 61896K [0x000000070ae00000, 0x0000000800000000)
[2026-04-03T01:17:22.748+0600][25.652s][info][gc,heap,exit   ]   region size 2048K, 23 young (47104K), 1 survivors (2048K)
[2026-04-03T01:17:22.748+0600][25.652s][info][gc,heap,exit   ]  Metaspace       used 34826K, committed 35712K, reserved 1114112K
[2026-04-03T01:17:22.748+0600][25.652s][info][gc,heap,exit   ]   class space    used 3002K, committed 3328K, reserved 1048576K
