[2026-04-03T01:18:12.445+0600][0.004s][info][gc,init] CardTable entry size: 512
[2026-04-03T01:18:12.445+0600][0.005s][info][gc     ] Using G1
[2026-04-03T01:18:12.448+0600][0.007s][info][gc,init] Version: 21.0.10+7-Ubuntu-124.04 (release)
[2026-04-03T01:18:12.448+0600][0.007s][info][gc,init] CPUs: 12 total, 12 available
[2026-04-03T01:18:12.448+0600][0.007s][info][gc,init] Memory: 15683M
[2026-04-03T01:18:12.448+0600][0.007s][info][gc,init] Large Page Support: Disabled
[2026-04-03T01:18:12.448+0600][0.007s][info][gc,init] NUMA Support: Disabled
[2026-04-03T01:18:12.448+0600][0.007s][info][gc,init] Compressed Oops: Enabled (Zero based)
[2026-04-03T01:18:12.448+0600][0.007s][info][gc,init] Heap Region Size: 2M
[2026-04-03T01:18:12.448+0600][0.007s][info][gc,init] Heap Min Capacity: 8M
[2026-04-03T01:18:12.448+0600][0.007s][info][gc,init] Heap Initial Capacity: 246M
[2026-04-03T01:18:12.448+0600][0.007s][info][gc,init] Heap Max Capacity: 3922M
[2026-04-03T01:18:12.448+0600][0.007s][info][gc,init] Pre-touch: Disabled
[2026-04-03T01:18:12.448+0600][0.007s][info][gc,init] Parallel Workers: 10
[2026-04-03T01:18:12.448+0600][0.007s][info][gc,init] Concurrent Workers: 3
[2026-04-03T01:18:12.448+0600][0.007s][info][gc,init] Concurrent Refinement Workers: 10
[2026-04-03T01:18:12.448+0600][0.007s][info][gc,init] Periodic GC: Disabled
[2026-04-03T01:18:12.460+0600][0.020s][info][gc,metaspace] CDS archive(s) mapped at: [0x0000774b77000000-0x0000774b77c9c000-0x0000774b77c9c000), size 13221888, SharedBaseAddress: 0x0000774b77000000, ArchiveRelocationMode: 1.
[2026-04-03T01:18:12.460+0600][0.020s][info][gc,metaspace] Compressed class space mapped at: 0x0000774b78000000-0x0000774bb8000000, reserved size: 1073741824
[2026-04-03T01:18:12.460+0600][0.020s][info][gc,metaspace] Narrow klass base: 0x0000774b77000000, Narrow klass shift: 0, Narrow klass range: 0x100000000
[2026-04-03T01:18:12.874+0600][0.433s][info][gc,start    ] GC(0) Pause Young (Normal) (G1 Evacuation Pause)
[2026-04-03T01:18:12.875+0600][0.435s][info][gc,task     ] GC(0) Using 5 workers of 10 for evacuation
[2026-04-03T01:18:12.879+0600][0.438s][info][gc,phases   ] GC(0)   Pre Evacuate Collection Set: 0.18ms
[2026-04-03T01:18:12.879+0600][0.438s][info][gc,phases   ] GC(0)   Merge Heap Roots: 0.19ms
[2026-04-03T01:18:12.879+0600][0.438s][info][gc,phases   ] GC(0)   Evacuate Collection Set: 2.39ms
[2026-04-03T01:18:12.879+0600][0.438s][info][gc,phases   ] GC(0)   Post Evacuate Collection Set: 0.57ms
[2026-04-03T01:18:12.879+0600][0.438s][info][gc,phases   ] GC(0)   Other: 1.19ms
[2026-04-03T01:18:12.879+0600][0.438s][info][gc,heap     ] GC(0) Eden regions: 11->0(25)
[2026-04-03T01:18:12.879+0600][0.438s][info][gc,heap     ] GC(0) Survivor regions: 0->1(2)
[2026-04-03T01:18:12.879+0600][0.438s][info][gc,heap     ] GC(0) Old regions: 1->1
[2026-04-03T01:18:12.879+0600][0.438s][info][gc,heap     ] GC(0) Humongous regions: 0->0
[2026-04-03T01:18:12.879+0600][0.438s][info][gc,metaspace] GC(0) Metaspace: 2912K(3136K)->2912K(3136K) NonClass: 2626K(2752K)->2626K(2752K) Class: 285K(384K)->285K(384K)
[2026-04-03T01:18:12.879+0600][0.438s][info][gc          ] GC(0) Pause Young (Normal) (G1 Evacuation Pause) 22M->2M(248M) 4.905ms
[2026-04-03T01:18:12.879+0600][0.438s][info][gc,cpu      ] GC(0) User=0.01s Sys=0.00s Real=0.00s
[2026-04-03T01:18:13.867+0600][1.427s][info][gc,start    ] GC(1) Pause Young (Normal) (G1 Evacuation Pause)
[2026-04-03T01:18:13.867+0600][1.427s][info][gc,task     ] GC(1) Using 5 workers of 10 for evacuation
[2026-04-03T01:18:13.876+0600][1.436s][info][gc,phases   ] GC(1)   Pre Evacuate Collection Set: 0.19ms
[2026-04-03T01:18:13.876+0600][1.436s][info][gc,phases   ] GC(1)   Merge Heap Roots: 0.07ms
[2026-04-03T01:18:13.876+0600][1.436s][info][gc,phases   ] GC(1)   Evacuate Collection Set: 6.95ms
[2026-04-03T01:18:13.876+0600][1.436s][info][gc,phases   ] GC(1)   Post Evacuate Collection Set: 1.55ms
[2026-04-03T01:18:13.876+0600][1.436s][info][gc,phases   ] GC(1)   Other: 0.11ms
[2026-04-03T01:18:13.876+0600][1.436s][info][gc,heap     ] GC(1) Eden regions: 25->0(70)
[2026-04-03T01:18:13.877+0600][1.436s][info][gc,heap     ] GC(1) Survivor regions: 1->3(4)
[2026-04-03T01:18:13.877+0600][1.436s][info][gc,heap     ] GC(1) Old regions: 1->1
[2026-04-03T01:18:13.877+0600][1.436s][info][gc,heap     ] GC(1) Humongous regions: 0->0
[2026-04-03T01:18:13.877+0600][1.436s][info][gc,metaspace] GC(1) Metaspace: 10320K(10688K)->10320K(10688K) NonClass: 9302K(9472K)->9302K(9472K) Class: 1018K(1216K)->1018K(1216K)
[2026-04-03T01:18:13.877+0600][1.436s][info][gc          ] GC(1) Pause Young (Normal) (G1 Evacuation Pause) 52M->6M(248M) 9.190ms
[2026-04-03T01:18:13.877+0600][1.436s][info][gc,cpu      ] GC(1) User=0.05s Sys=0.02s Real=0.01s
[2026-04-03T01:18:15.050+0600][2.609s][info][gc,start    ] GC(2) Pause Full (System.gc())
[2026-04-03T01:18:15.050+0600][2.609s][info][gc,task     ] GC(2) Using 5 workers of 10 for full compaction
[2026-04-03T01:18:15.050+0600][2.609s][info][gc,phases,start] GC(2) Phase 1: Mark live objects
[2026-04-03T01:18:15.061+0600][2.620s][info][gc,phases      ] GC(2) Phase 1: Mark live objects 10.419ms
[2026-04-03T01:18:15.061+0600][2.620s][info][gc,phases,start] GC(2) Phase 2: Prepare compaction
[2026-04-03T01:18:15.063+0600][2.622s][info][gc,phases      ] GC(2) Phase 2: Prepare compaction 2.221ms
[2026-04-03T01:18:15.063+0600][2.622s][info][gc,phases,start] GC(2) Phase 3: Adjust pointers
[2026-04-03T01:18:15.068+0600][2.628s][info][gc,phases      ] GC(2) Phase 3: Adjust pointers 5.339ms
[2026-04-03T01:18:15.068+0600][2.628s][info][gc,phases,start] GC(2) Phase 4: Compact heap
[2026-04-03T01:18:15.072+0600][2.632s][info][gc,phases      ] GC(2) Phase 4: Compact heap 4.135ms
[2026-04-03T01:18:15.072+0600][2.632s][info][gc,phases,start] GC(2) Phase 5: Reset Metadata
[2026-04-03T01:18:15.074+0600][2.633s][info][gc,phases      ] GC(2) Phase 5: Reset Metadata 1.377ms
[2026-04-03T01:18:15.078+0600][2.638s][info][gc,heap        ] GC(2) Eden regions: 49->0(11)
[2026-04-03T01:18:15.078+0600][2.638s][info][gc,heap        ] GC(2) Survivor regions: 3->0(4)
[2026-04-03T01:18:15.078+0600][2.638s][info][gc,heap        ] GC(2) Old regions: 1->7
[2026-04-03T01:18:15.078+0600][2.638s][info][gc,heap        ] GC(2) Humongous regions: 0->0
[2026-04-03T01:18:15.078+0600][2.638s][info][gc,metaspace   ] GC(2) Metaspace: 15358K(15744K)->15358K(15744K) NonClass: 13821K(14016K)->13821K(14016K) Class: 1537K(1728K)->1537K(1728K)
[2026-04-03T01:18:15.078+0600][2.638s][info][gc             ] GC(2) Pause Full (System.gc()) 104M->9M(48M) 28.754ms
[2026-04-03T01:18:15.078+0600][2.638s][info][gc,cpu         ] GC(2) User=0.08s Sys=0.01s Real=0.03s
[2026-04-03T01:18:15.561+0600][3.121s][info][gc,start       ] GC(3) Pause Young (Normal) (G1 Evacuation Pause)
[2026-04-03T01:18:15.562+0600][3.121s][info][gc,task        ] GC(3) Using 10 workers of 10 for evacuation
[2026-04-03T01:18:15.568+0600][3.128s][info][gc,phases      ] GC(3)   Pre Evacuate Collection Set: 0.23ms
[2026-04-03T01:18:15.568+0600][3.128s][info][gc,phases      ] GC(3)   Merge Heap Roots: 0.10ms
[2026-04-03T01:18:15.568+0600][3.128s][info][gc,phases      ] GC(3)   Evacuate Collection Set: 5.44ms
[2026-04-03T01:18:15.568+0600][3.128s][info][gc,phases      ] GC(3)   Post Evacuate Collection Set: 0.75ms
[2026-04-03T01:18:15.568+0600][3.128s][info][gc,phases      ] GC(3)   Other: 0.11ms
[2026-04-03T01:18:15.568+0600][3.128s][info][gc,heap        ] GC(3) Eden regions: 11->0(9)
[2026-04-03T01:18:15.568+0600][3.128s][info][gc,heap        ] GC(3) Survivor regions: 0->2(2)
[2026-04-03T01:18:15.568+0600][3.128s][info][gc,heap        ] GC(3) Old regions: 7->8
[2026-04-03T01:18:15.568+0600][3.128s][info][gc,heap        ] GC(3) Humongous regions: 0->0
[2026-04-03T01:18:15.568+0600][3.128s][info][gc,metaspace   ] GC(3) Metaspace: 20396K(20864K)->20396K(20864K) NonClass: 18321K(18560K)->18321K(18560K) Class: 2075K(2304K)->2075K(2304K)
[2026-04-03T01:18:15.568+0600][3.128s][info][gc             ] GC(3) Pause Young (Normal) (G1 Evacuation Pause) 31M->13M(48M) 6.963ms
[2026-04-03T01:18:15.568+0600][3.128s][info][gc,cpu         ] GC(3) User=0.06s Sys=0.00s Real=0.00s
[2026-04-03T01:18:15.797+0600][3.357s][info][gc,start       ] GC(4) Pause Young (Normal) (G1 Evacuation Pause)
[2026-04-03T01:18:15.797+0600][3.357s][info][gc,task        ] GC(4) Using 10 workers of 10 for evacuation
[2026-04-03T01:18:15.802+0600][3.361s][info][gc,phases      ] GC(4)   Pre Evacuate Collection Set: 0.32ms
[2026-04-03T01:18:15.802+0600][3.361s][info][gc,phases      ] GC(4)   Merge Heap Roots: 0.09ms
[2026-04-03T01:18:15.802+0600][3.361s][info][gc,phases      ] GC(4)   Evacuate Collection Set: 3.20ms
[2026-04-03T01:18:15.802+0600][3.361s][info][gc,phases      ] GC(4)   Post Evacuate Collection Set: 0.55ms
[2026-04-03T01:18:15.802+0600][3.361s][info][gc,phases      ] GC(4)   Other: 0.16ms
[2026-04-03T01:18:15.802+0600][3.361s][info][gc,heap        ] GC(4) Eden regions: 9->0(10)
[2026-04-03T01:18:15.802+0600][3.361s][info][gc,heap        ] GC(4) Survivor regions: 2->1(2)
[2026-04-03T01:18:15.802+0600][3.361s][info][gc,heap        ] GC(4) Old regions: 8->9
[2026-04-03T01:18:15.802+0600][3.361s][info][gc,heap        ] GC(4) Humongous regions: 0->0
[2026-04-03T01:18:15.802+0600][3.361s][info][gc,metaspace   ] GC(4) Metaspace: 23848K(24320K)->23848K(24320K) NonClass: 21508K(21760K)->21508K(21760K) Class: 2339K(2560K)->2339K(2560K)
[2026-04-03T01:18:15.802+0600][3.361s][info][gc             ] GC(4) Pause Young (Normal) (G1 Evacuation Pause) 31M->14M(48M) 4.666ms
[2026-04-03T01:18:15.802+0600][3.361s][info][gc,cpu         ] GC(4) User=0.03s Sys=0.01s Real=0.01s
[2026-04-03T01:18:15.927+0600][3.487s][info][gc,start       ] GC(5) Pause Young (Normal) (G1 Evacuation Pause)
[2026-04-03T01:18:15.928+0600][3.487s][info][gc,task        ] GC(5) Using 10 workers of 10 for evacuation
[2026-04-03T01:18:15.930+0600][3.490s][info][gc,phases      ] GC(5)   Pre Evacuate Collection Set: 0.31ms
[2026-04-03T01:18:15.931+0600][3.490s][info][gc,phases      ] GC(5)   Merge Heap Roots: 0.14ms
[2026-04-03T01:18:15.931+0600][3.490s][info][gc,phases      ] GC(5)   Evacuate Collection Set: 1.50ms
[2026-04-03T01:18:15.931+0600][3.490s][info][gc,phases      ] GC(5)   Post Evacuate Collection Set: 0.78ms
[2026-04-03T01:18:15.931+0600][3.490s][info][gc,phases      ] GC(5)   Other: 0.20ms
[2026-04-03T01:18:15.931+0600][3.490s][info][gc,heap        ] GC(5) Eden regions: 10->0(10)
[2026-04-03T01:18:15.931+0600][3.490s][info][gc,heap        ] GC(5) Survivor regions: 1->1(2)
[2026-04-03T01:18:15.931+0600][3.490s][info][gc,heap        ] GC(5) Old regions: 9->9
[2026-04-03T01:18:15.931+0600][3.490s][info][gc,heap        ] GC(5) Humongous regions: 0->0
[2026-04-03T01:18:15.931+0600][3.490s][info][gc,metaspace   ] GC(5) Metaspace: 23954K(24384K)->23954K(24384K) NonClass: 21612K(21824K)->21612K(21824K) Class: 2342K(2560K)->2342K(2560K)
[2026-04-03T01:18:15.931+0600][3.490s][info][gc             ] GC(5) Pause Young (Normal) (G1 Evacuation Pause) 34M->15M(48M) 3.324ms
[2026-04-03T01:18:15.931+0600][3.490s][info][gc,cpu         ] GC(5) User=0.02s Sys=0.00s Real=0.01s
[2026-04-03T01:18:16.038+0600][3.597s][info][gc,start       ] GC(6) Pause Young (Normal) (G1 Evacuation Pause)
[2026-04-03T01:18:16.038+0600][3.597s][info][gc,task        ] GC(6) Using 10 workers of 10 for evacuation
[2026-04-03T01:18:16.040+0600][3.600s][info][gc,phases      ] GC(6)   Pre Evacuate Collection Set: 0.19ms
[2026-04-03T01:18:16.040+0600][3.600s][info][gc,phases      ] GC(6)   Merge Heap Roots: 0.08ms
[2026-04-03T01:18:16.040+0600][3.600s][info][gc,phases      ] GC(6)   Evacuate Collection Set: 1.09ms
[2026-04-03T01:18:16.040+0600][3.600s][info][gc,phases      ] GC(6)   Post Evacuate Collection Set: 0.84ms
[2026-04-03T01:18:16.040+0600][3.600s][info][gc,phases      ] GC(6)   Other: 0.09ms
[2026-04-03T01:18:16.040+0600][3.600s][info][gc,heap        ] GC(6) Eden regions: 10->0(43)
[2026-04-03T01:18:16.040+0600][3.600s][info][gc,heap        ] GC(6) Survivor regions: 1->1(2)
[2026-04-03T01:18:16.040+0600][3.600s][info][gc,heap        ] GC(6) Old regions: 9->9
[2026-04-03T01:18:16.041+0600][3.600s][info][gc,heap        ] GC(6) Humongous regions: 0->0
[2026-04-03T01:18:16.041+0600][3.600s][info][gc,metaspace   ] GC(6) Metaspace: 23995K(24448K)->23995K(24448K) NonClass: 21653K(21888K)->21653K(21888K) Class: 2342K(2560K)->2342K(2560K)
[2026-04-03T01:18:16.041+0600][3.600s][info][gc             ] GC(6) Pause Young (Normal) (G1 Evacuation Pause) 35M->14M(148M) 2.517ms
[2026-04-03T01:18:16.041+0600][3.600s][info][gc,cpu         ] GC(6) User=0.01s Sys=0.00s Real=0.01s
[2026-04-03T01:18:16.344+0600][3.903s][info][gc,start       ] GC(7) Pause Young (Concurrent Start) (Metadata GC Threshold)
[2026-04-03T01:18:16.344+0600][3.903s][info][gc,task        ] GC(7) Using 10 workers of 10 for evacuation
[2026-04-03T01:18:16.346+0600][3.906s][info][gc,phases      ] GC(7)   Pre Evacuate Collection Set: 0.39ms
[2026-04-03T01:18:16.346+0600][3.906s][info][gc,phases      ] GC(7)   Merge Heap Roots: 0.07ms
[2026-04-03T01:18:16.346+0600][3.906s][info][gc,phases      ] GC(7)   Evacuate Collection Set: 1.29ms
[2026-04-03T01:18:16.346+0600][3.906s][info][gc,phases      ] GC(7)   Post Evacuate Collection Set: 0.51ms
[2026-04-03T01:18:16.346+0600][3.906s][info][gc,phases      ] GC(7)   Other: 0.12ms
[2026-04-03T01:18:16.347+0600][3.906s][info][gc,heap        ] GC(7) Eden regions: 20->0(43)
[2026-04-03T01:18:16.347+0600][3.906s][info][gc,heap        ] GC(7) Survivor regions: 1->1(6)
[2026-04-03T01:18:16.347+0600][3.906s][info][gc,heap        ] GC(7) Old regions: 9->9
[2026-04-03T01:18:16.347+0600][3.906s][info][gc,heap        ] GC(7) Humongous regions: 0->0
[2026-04-03T01:18:16.347+0600][3.906s][info][gc,metaspace   ] GC(7) Metaspace: 25806K(26240K)->25806K(26240K) NonClass: 23316K(23552K)->23316K(23552K) Class: 2489K(2688K)->2489K(2688K)
[2026-04-03T01:18:16.347+0600][3.906s][info][gc             ] GC(7) Pause Young (Concurrent Start) (Metadata GC Threshold) 53M->14M(148M) 2.606ms
[2026-04-03T01:18:16.347+0600][3.906s][info][gc             ] GC(8) Concurrent Mark Cycle
[2026-04-03T01:18:16.347+0600][3.906s][info][gc,marking     ] GC(8) Concurrent Scan Root Regions
[2026-04-03T01:18:16.347+0600][3.906s][info][gc,cpu         ] GC(7) User=0.01s Sys=0.00s Real=0.00s
[2026-04-03T01:18:16.348+0600][3.907s][info][gc,marking     ] GC(8) Concurrent Scan Root Regions 1.375ms
[2026-04-03T01:18:16.348+0600][3.907s][info][gc,marking     ] GC(8) Concurrent Mark
[2026-04-03T01:18:16.348+0600][3.907s][info][gc,marking     ] GC(8) Concurrent Mark From Roots
[2026-04-03T01:18:16.348+0600][3.908s][info][gc,task        ] GC(8) Using 3 workers of 3 for marking
[2026-04-03T01:18:16.358+0600][3.917s][info][gc,marking     ] GC(8) Concurrent Mark From Roots 9.971ms
[2026-04-03T01:18:16.358+0600][3.917s][info][gc,marking     ] GC(8) Concurrent Preclean
[2026-04-03T01:18:16.358+0600][3.917s][info][gc,marking     ] GC(8) Concurrent Preclean 0.059ms
[2026-04-03T01:18:16.358+0600][3.918s][info][gc,start       ] GC(8) Pause Remark
[2026-04-03T01:18:16.362+0600][3.922s][info][gc             ] GC(8) Pause Remark 15M->15M(68M) 4.207ms
[2026-04-03T01:18:16.363+0600][3.922s][info][gc,cpu         ] GC(8) User=0.03s Sys=0.00s Real=0.01s
[2026-04-03T01:18:16.363+0600][3.922s][info][gc,marking     ] GC(8) Concurrent Mark 14.556ms
[2026-04-03T01:18:16.363+0600][3.922s][info][gc,marking     ] GC(8) Concurrent Rebuild Remembered Sets and Scrub Regions
[2026-04-03T01:18:16.371+0600][3.931s][info][gc,marking     ] GC(8) Concurrent Rebuild Remembered Sets and Scrub Regions 8.817ms
[2026-04-03T01:18:16.372+0600][3.931s][info][gc,start       ] GC(8) Pause Cleanup
[2026-04-03T01:18:16.372+0600][3.931s][info][gc             ] GC(8) Pause Cleanup 16M->16M(68M) 0.201ms
[2026-04-03T01:18:16.372+0600][3.931s][info][gc,cpu         ] GC(8) User=0.00s Sys=0.00s Real=0.00s
[2026-04-03T01:18:16.372+0600][3.931s][info][gc,marking     ] GC(8) Concurrent Clear Claimed Marks
[2026-04-03T01:18:16.372+0600][3.931s][info][gc,marking     ] GC(8) Concurrent Clear Claimed Marks 0.079ms
[2026-04-03T01:18:16.372+0600][3.931s][info][gc,marking     ] GC(8) Concurrent Cleanup for Next Mark
[2026-04-03T01:18:16.372+0600][3.932s][info][gc,marking     ] GC(8) Concurrent Cleanup for Next Mark 0.415ms
[2026-04-03T01:18:16.373+0600][3.932s][info][gc             ] GC(8) Concurrent Mark Cycle 25.915ms
[2026-04-03T01:18:17.303+0600][4.862s][info][gc,start       ] GC(9) Pause Young (Prepare Mixed) (G1 Evacuation Pause)
[2026-04-03T01:18:17.303+0600][4.862s][info][gc,task        ] GC(9) Using 10 workers of 10 for evacuation
[2026-04-03T01:18:17.308+0600][4.868s][info][gc,phases      ] GC(9)   Pre Evacuate Collection Set: 0.34ms
[2026-04-03T01:18:17.308+0600][4.868s][info][gc,phases      ] GC(9)   Merge Heap Roots: 0.21ms
[2026-04-03T01:18:17.308+0600][4.868s][info][gc,phases      ] GC(9)   Evacuate Collection Set: 4.01ms
[2026-04-03T01:18:17.308+0600][4.868s][info][gc,phases      ] GC(9)   Post Evacuate Collection Set: 0.94ms
[2026-04-03T01:18:17.308+0600][4.868s][info][gc,phases      ] GC(9)   Other: 0.17ms
[2026-04-03T01:18:17.308+0600][4.868s][info][gc,heap        ] GC(9) Eden regions: 24->0(19)
[2026-04-03T01:18:17.308+0600][4.868s][info][gc,heap        ] GC(9) Survivor regions: 1->2(6)
[2026-04-03T01:18:17.308+0600][4.868s][info][gc,heap        ] GC(9) Old regions: 9->9
[2026-04-03T01:18:17.308+0600][4.868s][info][gc,heap        ] GC(9) Humongous regions: 0->0
[2026-04-03T01:18:17.308+0600][4.868s][info][gc,metaspace   ] GC(9) Metaspace: 28900K(29376K)->28900K(29376K) NonClass: 26169K(26432K)->26169K(26432K) Class: 2731K(2944K)->2731K(2944K)
[2026-04-03T01:18:17.309+0600][4.868s][info][gc             ] GC(9) Pause Young (Prepare Mixed) (G1 Evacuation Pause) 62M->15M(72M) 6.009ms
[2026-04-03T01:18:17.309+0600][4.868s][info][gc,cpu         ] GC(9) User=0.03s Sys=0.01s Real=0.00s
[2026-04-03T01:18:17.798+0600][5.358s][info][gc,start       ] GC(10) Pause Young (Mixed) (G1 Evacuation Pause)
[2026-04-03T01:18:17.798+0600][5.358s][info][gc,task        ] GC(10) Using 10 workers of 10 for evacuation
[2026-04-03T01:18:17.803+0600][5.362s][info][gc,phases      ] GC(10)   Pre Evacuate Collection Set: 0.18ms
[2026-04-03T01:18:17.803+0600][5.362s][info][gc,phases      ] GC(10)   Merge Heap Roots: 0.15ms
[2026-04-03T01:18:17.803+0600][5.362s][info][gc,phases      ] GC(10)   Evacuate Collection Set: 2.99ms
[2026-04-03T01:18:17.803+0600][5.362s][info][gc,phases      ] GC(10)   Post Evacuate Collection Set: 0.73ms
[2026-04-03T01:18:17.803+0600][5.362s][info][gc,phases      ] GC(10)   Other: 0.10ms
[2026-04-03T01:18:17.803+0600][5.362s][info][gc,heap        ] GC(10) Eden regions: 19->0(20)
[2026-04-03T01:18:17.803+0600][5.362s][info][gc,heap        ] GC(10) Survivor regions: 2->1(3)
[2026-04-03T01:18:17.803+0600][5.362s][info][gc,heap        ] GC(10) Old regions: 9->9
[2026-04-03T01:18:17.803+0600][5.362s][info][gc,heap        ] GC(10) Humongous regions: 0->0
[2026-04-03T01:18:17.803+0600][5.362s][info][gc,metaspace   ] GC(10) Metaspace: 29618K(30272K)->29618K(30272K) NonClass: 26855K(27200K)->26855K(27200K) Class: 2763K(3072K)->2763K(3072K)
[2026-04-03T01:18:17.803+0600][5.362s][info][gc             ] GC(10) Pause Young (Mixed) (G1 Evacuation Pause) 53M->15M(72M) 4.576ms
[2026-04-03T01:18:17.803+0600][5.362s][info][gc,cpu         ] GC(10) User=0.04s Sys=0.00s Real=0.01s
[2026-04-03T01:18:18.459+0600][6.018s][info][gc,start       ] GC(11) Pause Young (Normal) (G1 Evacuation Pause)
[2026-04-03T01:18:18.459+0600][6.018s][info][gc,task        ] GC(11) Using 10 workers of 10 for evacuation
[2026-04-03T01:18:18.464+0600][6.024s][info][gc,phases      ] GC(11)   Pre Evacuate Collection Set: 0.34ms
[2026-04-03T01:18:18.464+0600][6.024s][info][gc,phases      ] GC(11)   Merge Heap Roots: 0.20ms
[2026-04-03T01:18:18.464+0600][6.024s][info][gc,phases      ] GC(11)   Evacuate Collection Set: 3.64ms
[2026-04-03T01:18:18.464+0600][6.024s][info][gc,phases      ] GC(11)   Post Evacuate Collection Set: 0.90ms
[2026-04-03T01:18:18.464+0600][6.024s][info][gc,phases      ] GC(11)   Other: 0.16ms
[2026-04-03T01:18:18.464+0600][6.024s][info][gc,heap        ] GC(11) Eden regions: 20->0(19)
[2026-04-03T01:18:18.464+0600][6.024s][info][gc,heap        ] GC(11) Survivor regions: 1->2(3)
[2026-04-03T01:18:18.464+0600][6.024s][info][gc,heap        ] GC(11) Old regions: 9->9
[2026-04-03T01:18:18.464+0600][6.024s][info][gc,heap        ] GC(11) Humongous regions: 0->0
[2026-04-03T01:18:18.464+0600][6.024s][info][gc,metaspace   ] GC(11) Metaspace: 30718K(31360K)->30718K(31360K) NonClass: 27866K(28224K)->27866K(28224K) Class: 2851K(3136K)->2851K(3136K)
[2026-04-03T01:18:18.464+0600][6.024s][info][gc             ] GC(11) Pause Young (Normal) (G1 Evacuation Pause) 55M->16M(72M) 5.686ms
[2026-04-03T01:18:18.464+0600][6.024s][info][gc,cpu         ] GC(11) User=0.04s Sys=0.00s Real=0.01s
[2026-04-03T01:18:18.987+0600][6.547s][info][gc,start       ] GC(12) Pause Young (Normal) (G1 Evacuation Pause)
[2026-04-03T01:18:18.988+0600][6.547s][info][gc,task        ] GC(12) Using 10 workers of 10 for evacuation
[2026-04-03T01:18:18.992+0600][6.551s][info][gc,phases      ] GC(12)   Pre Evacuate Collection Set: 0.31ms
[2026-04-03T01:18:18.992+0600][6.551s][info][gc,phases      ] GC(12)   Merge Heap Roots: 0.14ms
[2026-04-03T01:18:18.992+0600][6.551s][info][gc,phases      ] GC(12)   Evacuate Collection Set: 2.86ms
[2026-04-03T01:18:18.992+0600][6.551s][info][gc,phases      ] GC(12)   Post Evacuate Collection Set: 0.66ms
[2026-04-03T01:18:18.992+0600][6.551s][info][gc,phases      ] GC(12)   Other: 0.13ms
[2026-04-03T01:18:18.992+0600][6.551s][info][gc,heap        ] GC(12) Eden regions: 19->0(19)
[2026-04-03T01:18:18.992+0600][6.551s][info][gc,heap        ] GC(12) Survivor regions: 2->2(3)
[2026-04-03T01:18:18.992+0600][6.551s][info][gc,heap        ] GC(12) Old regions: 9->9
[2026-04-03T01:18:18.992+0600][6.551s][info][gc,heap        ] GC(12) Humongous regions: 0->0
[2026-04-03T01:18:18.992+0600][6.551s][info][gc,metaspace   ] GC(12) Metaspace: 31271K(31872K)->31271K(31872K) NonClass: 28410K(28736K)->28410K(28736K) Class: 2861K(3136K)->2861K(3136K)
[2026-04-03T01:18:18.992+0600][6.551s][info][gc             ] GC(12) Pause Young (Normal) (G1 Evacuation Pause) 54M->16M(72M) 4.483ms
[2026-04-03T01:18:18.992+0600][6.551s][info][gc,cpu         ] GC(12) User=0.04s Sys=0.00s Real=0.01s
[2026-04-03T01:18:19.467+0600][7.026s][info][gc,start       ] GC(13) Pause Young (Normal) (G1 Evacuation Pause)
[2026-04-03T01:18:19.467+0600][7.027s][info][gc,task        ] GC(13) Using 10 workers of 10 for evacuation
[2026-04-03T01:18:19.473+0600][7.032s][info][gc,phases      ] GC(13)   Pre Evacuate Collection Set: 0.31ms
[2026-04-03T01:18:19.473+0600][7.032s][info][gc,phases      ] GC(13)   Merge Heap Roots: 0.18ms
[2026-04-03T01:18:19.473+0600][7.032s][info][gc,phases      ] GC(13)   Evacuate Collection Set: 3.99ms
[2026-04-03T01:18:19.473+0600][7.032s][info][gc,phases      ] GC(13)   Post Evacuate Collection Set: 0.90ms
[2026-04-03T01:18:19.473+0600][7.032s][info][gc,phases      ] GC(13)   Other: 0.17ms
[2026-04-03T01:18:19.473+0600][7.032s][info][gc,heap        ] GC(13) Eden regions: 19->0(19)
[2026-04-03T01:18:19.473+0600][7.032s][info][gc,heap        ] GC(13) Survivor regions: 2->2(3)
[2026-04-03T01:18:19.473+0600][7.032s][info][gc,heap        ] GC(13) Old regions: 9->9
[2026-04-03T01:18:19.473+0600][7.032s][info][gc,heap        ] GC(13) Humongous regions: 0->0
[2026-04-03T01:18:19.473+0600][7.032s][info][gc,metaspace   ] GC(13) Metaspace: 31949K(32768K)->31949K(32768K) NonClass: 28988K(29440K)->28988K(29440K) Class: 2960K(3328K)->2960K(3328K)
[2026-04-03T01:18:19.473+0600][7.032s][info][gc             ] GC(13) Pause Young (Normal) (G1 Evacuation Pause) 54M->16M(72M) 5.994ms
[2026-04-03T01:18:19.473+0600][7.032s][info][gc,cpu         ] GC(13) User=0.03s Sys=0.01s Real=0.01s
[2026-04-03T01:18:19.944+0600][7.503s][info][gc,start       ] GC(14) Pause Young (Normal) (G1 Evacuation Pause)
[2026-04-03T01:18:19.944+0600][7.503s][info][gc,task        ] GC(14) Using 10 workers of 10 for evacuation
[2026-04-03T01:18:19.948+0600][7.508s][info][gc,phases      ] GC(14)   Pre Evacuate Collection Set: 0.20ms
[2026-04-03T01:18:19.948+0600][7.508s][info][gc,phases      ] GC(14)   Merge Heap Roots: 0.20ms
[2026-04-03T01:18:19.948+0600][7.508s][info][gc,phases      ] GC(14)   Evacuate Collection Set: 2.92ms
[2026-04-03T01:18:19.948+0600][7.508s][info][gc,phases      ] GC(14)   Post Evacuate Collection Set: 0.93ms
[2026-04-03T01:18:19.948+0600][7.508s][info][gc,phases      ] GC(14)   Other: 0.14ms
[2026-04-03T01:18:19.948+0600][7.508s][info][gc,heap        ] GC(14) Eden regions: 19->0(19)
[2026-04-03T01:18:19.949+0600][7.508s][info][gc,heap        ] GC(14) Survivor regions: 2->2(3)
[2026-04-03T01:18:19.949+0600][7.508s][info][gc,heap        ] GC(14) Old regions: 9->9
[2026-04-03T01:18:19.949+0600][7.508s][info][gc,heap        ] GC(14) Humongous regions: 0->0
[2026-04-03T01:18:19.949+0600][7.508s][info][gc,metaspace   ] GC(14) Metaspace: 32549K(33408K)->32549K(33408K) NonClass: 29578K(30080K)->29578K(30080K) Class: 2971K(3328K)->2971K(3328K)
[2026-04-03T01:18:19.949+0600][7.508s][info][gc             ] GC(14) Pause Young (Normal) (G1 Evacuation Pause) 54M->17M(72M) 4.762ms
[2026-04-03T01:18:19.949+0600][7.508s][info][gc,cpu         ] GC(14) User=0.03s Sys=0.00s Real=0.00s
[2026-04-03T01:18:20.356+0600][7.915s][info][gc,start       ] GC(15) Pause Young (Normal) (G1 Evacuation Pause)
[2026-04-03T01:18:20.356+0600][7.916s][info][gc,task        ] GC(15) Using 10 workers of 10 for evacuation
[2026-04-03T01:18:20.361+0600][7.920s][info][gc,phases      ] GC(15)   Pre Evacuate Collection Set: 0.17ms
[2026-04-03T01:18:20.361+0600][7.920s][info][gc,phases      ] GC(15)   Merge Heap Roots: 0.13ms
[2026-04-03T01:18:20.361+0600][7.920s][info][gc,phases      ] GC(15)   Evacuate Collection Set: 3.14ms
[2026-04-03T01:18:20.361+0600][7.920s][info][gc,phases      ] GC(15)   Post Evacuate Collection Set: 0.86ms
[2026-04-03T01:18:20.361+0600][7.920s][info][gc,phases      ] GC(15)   Other: 0.10ms
[2026-04-03T01:18:20.361+0600][7.920s][info][gc,heap        ] GC(15) Eden regions: 19->0(19)
[2026-04-03T01:18:20.361+0600][7.920s][info][gc,heap        ] GC(15) Survivor regions: 2->2(3)
[2026-04-03T01:18:20.361+0600][7.920s][info][gc,heap        ] GC(15) Old regions: 9->9
[2026-04-03T01:18:20.361+0600][7.920s][info][gc,heap        ] GC(15) Humongous regions: 0->0
[2026-04-03T01:18:20.361+0600][7.920s][info][gc,metaspace   ] GC(15) Metaspace: 33001K(33792K)->33001K(33792K) NonClass: 30019K(30464K)->30019K(30464K) Class: 2981K(3328K)->2981K(3328K)
[2026-04-03T01:18:20.361+0600][7.920s][info][gc             ] GC(15) Pause Young (Normal) (G1 Evacuation Pause) 55M->17M(72M) 4.762ms
[2026-04-03T01:18:20.361+0600][7.920s][info][gc,cpu         ] GC(15) User=0.03s Sys=0.00s Real=0.01s
[2026-04-03T01:18:20.697+0600][8.256s][info][gc,start       ] GC(16) Pause Young (Normal) (G1 Evacuation Pause)
[2026-04-03T01:18:20.697+0600][8.257s][info][gc,task        ] GC(16) Using 10 workers of 10 for evacuation
[2026-04-03T01:18:20.702+0600][8.261s][info][gc,phases      ] GC(16)   Pre Evacuate Collection Set: 0.24ms
[2026-04-03T01:18:20.702+0600][8.261s][info][gc,phases      ] GC(16)   Merge Heap Roots: 0.17ms
[2026-04-03T01:18:20.702+0600][8.261s][info][gc,phases      ] GC(16)   Evacuate Collection Set: 3.27ms
[2026-04-03T01:18:20.702+0600][8.261s][info][gc,phases      ] GC(16)   Post Evacuate Collection Set: 0.82ms
[2026-04-03T01:18:20.702+0600][8.261s][info][gc,phases      ] GC(16)   Other: 0.11ms
[2026-04-03T01:18:20.702+0600][8.261s][info][gc,heap        ] GC(16) Eden regions: 19->0(24)
[2026-04-03T01:18:20.702+0600][8.261s][info][gc,heap        ] GC(16) Survivor regions: 2->2(3)
[2026-04-03T01:18:20.702+0600][8.261s][info][gc,heap        ] GC(16) Old regions: 9->9
[2026-04-03T01:18:20.702+0600][8.261s][info][gc,heap        ] GC(16) Humongous regions: 0->0
[2026-04-03T01:18:20.702+0600][8.261s][info][gc,metaspace   ] GC(16) Metaspace: 33116K(33920K)->33116K(33920K) NonClass: 30133K(30592K)->30133K(30592K) Class: 2982K(3328K)->2982K(3328K)
[2026-04-03T01:18:20.702+0600][8.261s][info][gc             ] GC(16) Pause Young (Normal) (G1 Evacuation Pause) 55M->17M(88M) 4.930ms
[2026-04-03T01:18:20.702+0600][8.261s][info][gc,cpu         ] GC(16) User=0.04s Sys=0.01s Real=0.01s
[2026-04-03T01:18:21.088+0600][8.647s][info][gc,start       ] GC(17) Pause Young (Normal) (G1 Evacuation Pause)
[2026-04-03T01:18:21.088+0600][8.647s][info][gc,task        ] GC(17) Using 10 workers of 10 for evacuation
[2026-04-03T01:18:21.092+0600][8.652s][info][gc,phases      ] GC(17)   Pre Evacuate Collection Set: 0.26ms
[2026-04-03T01:18:21.093+0600][8.652s][info][gc,phases      ] GC(17)   Merge Heap Roots: 0.15ms
[2026-04-03T01:18:21.093+0600][8.652s][info][gc,phases      ] GC(17)   Evacuate Collection Set: 3.24ms
[2026-04-03T01:18:21.093+0600][8.652s][info][gc,phases      ] GC(17)   Post Evacuate Collection Set: 0.89ms
[2026-04-03T01:18:21.093+0600][8.652s][info][gc,phases      ] GC(17)   Other: 0.16ms
[2026-04-03T01:18:21.093+0600][8.652s][info][gc,heap        ] GC(17) Eden regions: 24->0(24)
[2026-04-03T01:18:21.093+0600][8.652s][info][gc,heap        ] GC(17) Survivor regions: 2->2(4)
[2026-04-03T01:18:21.093+0600][8.652s][info][gc,heap        ] GC(17) Old regions: 9->9
[2026-04-03T01:18:21.093+0600][8.652s][info][gc,heap        ] GC(17) Humongous regions: 0->0
[2026-04-03T01:18:21.093+0600][8.652s][info][gc,metaspace   ] GC(17) Metaspace: 33247K(34048K)->33247K(34048K) NonClass: 30263K(30720K)->30263K(30720K) Class: 2983K(3328K)->2983K(3328K)
[2026-04-03T01:18:21.093+0600][8.652s][info][gc             ] GC(17) Pause Young (Normal) (G1 Evacuation Pause) 65M->16M(88M) 5.103ms
[2026-04-03T01:18:21.093+0600][8.652s][info][gc,cpu         ] GC(17) User=0.03s Sys=0.00s Real=0.01s
[2026-04-03T01:18:21.434+0600][8.993s][info][gc,start       ] GC(18) Pause Young (Normal) (G1 Evacuation Pause)
[2026-04-03T01:18:21.434+0600][8.993s][info][gc,task        ] GC(18) Using 10 workers of 10 for evacuation
[2026-04-03T01:18:21.438+0600][8.998s][info][gc,phases      ] GC(18)   Pre Evacuate Collection Set: 0.21ms
[2026-04-03T01:18:21.439+0600][8.998s][info][gc,phases      ] GC(18)   Merge Heap Roots: 0.12ms
[2026-04-03T01:18:21.439+0600][8.998s][info][gc,phases      ] GC(18)   Evacuate Collection Set: 3.11ms
[2026-04-03T01:18:21.439+0600][8.998s][info][gc,phases      ] GC(18)   Post Evacuate Collection Set: 0.78ms
[2026-04-03T01:18:21.439+0600][8.998s][info][gc,phases      ] GC(18)   Other: 0.10ms
[2026-04-03T01:18:21.439+0600][8.998s][info][gc,heap        ] GC(18) Eden regions: 24->0(24)
[2026-04-03T01:18:21.439+0600][8.998s][info][gc,heap        ] GC(18) Survivor regions: 2->2(4)
[2026-04-03T01:18:21.439+0600][8.998s][info][gc,heap        ] GC(18) Old regions: 9->9
[2026-04-03T01:18:21.439+0600][8.998s][info][gc,heap        ] GC(18) Humongous regions: 0->0
[2026-04-03T01:18:21.439+0600][8.998s][info][gc,metaspace   ] GC(18) Metaspace: 33303K(34112K)->33303K(34112K) NonClass: 30315K(30784K)->30315K(30784K) Class: 2987K(3328K)->2987K(3328K)
[2026-04-03T01:18:21.439+0600][8.998s][info][gc             ] GC(18) Pause Young (Normal) (G1 Evacuation Pause) 64M->17M(88M) 4.632ms
[2026-04-03T01:18:21.439+0600][8.998s][info][gc,cpu         ] GC(18) User=0.04s Sys=0.00s Real=0.00s
[2026-04-03T01:18:21.731+0600][9.290s][info][gc,start       ] GC(19) Pause Young (Normal) (G1 Evacuation Pause)
[2026-04-03T01:18:21.731+0600][9.290s][info][gc,task        ] GC(19) Using 10 workers of 10 for evacuation
[2026-04-03T01:18:21.735+0600][9.294s][info][gc,phases      ] GC(19)   Pre Evacuate Collection Set: 0.22ms
[2026-04-03T01:18:21.735+0600][9.294s][info][gc,phases      ] GC(19)   Merge Heap Roots: 0.13ms
[2026-04-03T01:18:21.735+0600][9.295s][info][gc,phases      ] GC(19)   Evacuate Collection Set: 3.10ms
[2026-04-03T01:18:21.735+0600][9.295s][info][gc,phases      ] GC(19)   Post Evacuate Collection Set: 0.71ms
[2026-04-03T01:18:21.735+0600][9.295s][info][gc,phases      ] GC(19)   Other: 0.10ms
[2026-04-03T01:18:21.735+0600][9.295s][info][gc,heap        ] GC(19) Eden regions: 24->0(24)
[2026-04-03T01:18:21.735+0600][9.295s][info][gc,heap        ] GC(19) Survivor regions: 2->2(4)
[2026-04-03T01:18:21.735+0600][9.295s][info][gc,heap        ] GC(19) Old regions: 9->9
[2026-04-03T01:18:21.735+0600][9.295s][info][gc,heap        ] GC(19) Humongous regions: 0->0
[2026-04-03T01:18:21.735+0600][9.295s][info][gc,metaspace   ] GC(19) Metaspace: 33390K(34240K)->33390K(34240K) NonClass: 30403K(30912K)->30403K(30912K) Class: 2987K(3328K)->2987K(3328K)
[2026-04-03T01:18:21.735+0600][9.295s][info][gc             ] GC(19) Pause Young (Normal) (G1 Evacuation Pause) 65M->17M(88M) 4.570ms
[2026-04-03T01:18:21.735+0600][9.295s][info][gc,cpu         ] GC(19) User=0.04s Sys=0.00s Real=0.00s
[2026-04-03T01:18:22.012+0600][9.571s][info][gc,start       ] GC(20) Pause Young (Normal) (G1 Evacuation Pause)
[2026-04-03T01:18:22.012+0600][9.572s][info][gc,task        ] GC(20) Using 10 workers of 10 for evacuation
[2026-04-03T01:18:22.017+0600][9.577s][info][gc,phases      ] GC(20)   Pre Evacuate Collection Set: 0.23ms
[2026-04-03T01:18:22.018+0600][9.577s][info][gc,phases      ] GC(20)   Merge Heap Roots: 0.15ms
[2026-04-03T01:18:22.018+0600][9.577s][info][gc,phases      ] GC(20)   Evacuate Collection Set: 3.75ms
[2026-04-03T01:18:22.018+0600][9.577s][info][gc,phases      ] GC(20)   Post Evacuate Collection Set: 1.04ms
[2026-04-03T01:18:22.018+0600][9.577s][info][gc,phases      ] GC(20)   Other: 0.12ms
[2026-04-03T01:18:22.018+0600][9.577s][info][gc,heap        ] GC(20) Eden regions: 24->0(29)
[2026-04-03T01:18:22.018+0600][9.577s][info][gc,heap        ] GC(20) Survivor regions: 2->2(4)
[2026-04-03T01:18:22.018+0600][9.577s][info][gc,heap        ] GC(20) Old regions: 9->9
[2026-04-03T01:18:22.018+0600][9.577s][info][gc,heap        ] GC(20) Humongous regions: 0->0
[2026-04-03T01:18:22.018+0600][9.577s][info][gc,metaspace   ] GC(20) Metaspace: 33545K(34368K)->33545K(34368K) NonClass: 30558K(31040K)->30558K(31040K) Class: 2987K(3328K)->2987K(3328K)
[2026-04-03T01:18:22.018+0600][9.577s][info][gc             ] GC(20) Pause Young (Normal) (G1 Evacuation Pause) 65M->17M(106M) 5.606ms
[2026-04-03T01:18:22.018+0600][9.577s][info][gc,cpu         ] GC(20) User=0.03s Sys=0.00s Real=0.00s
[2026-04-03T01:18:22.322+0600][9.882s][info][gc,start       ] GC(21) Pause Young (Normal) (G1 Evacuation Pause)
[2026-04-03T01:18:22.323+0600][9.882s][info][gc,task        ] GC(21) Using 10 workers of 10 for evacuation
[2026-04-03T01:18:22.327+0600][9.886s][info][gc,phases      ] GC(21)   Pre Evacuate Collection Set: 0.18ms
[2026-04-03T01:18:22.327+0600][9.886s][info][gc,phases      ] GC(21)   Merge Heap Roots: 0.12ms
[2026-04-03T01:18:22.327+0600][9.886s][info][gc,phases      ] GC(21)   Evacuate Collection Set: 2.96ms
[2026-04-03T01:18:22.327+0600][9.886s][info][gc,phases      ] GC(21)   Post Evacuate Collection Set: 0.85ms
[2026-04-03T01:18:22.327+0600][9.886s][info][gc,phases      ] GC(21)   Other: 0.12ms
[2026-04-03T01:18:22.327+0600][9.886s][info][gc,heap        ] GC(21) Eden regions: 29->0(29)
[2026-04-03T01:18:22.327+0600][9.886s][info][gc,heap        ] GC(21) Survivor regions: 2->2(4)
[2026-04-03T01:18:22.327+0600][9.886s][info][gc,heap        ] GC(21) Old regions: 9->9
[2026-04-03T01:18:22.327+0600][9.886s][info][gc,heap        ] GC(21) Humongous regions: 0->0
[2026-04-03T01:18:22.327+0600][9.886s][info][gc,metaspace   ] GC(21) Metaspace: 33672K(34496K)->33672K(34496K) NonClass: 30683K(31168K)->30683K(31168K) Class: 2989K(3328K)->2989K(3328K)
[2026-04-03T01:18:22.327+0600][9.886s][info][gc             ] GC(21) Pause Young (Normal) (G1 Evacuation Pause) 75M->17M(106M) 4.522ms
[2026-04-03T01:18:22.327+0600][9.886s][info][gc,cpu         ] GC(21) User=0.03s Sys=0.01s Real=0.00s
[2026-04-03T01:18:22.640+0600][10.199s][info][gc,start       ] GC(22) Pause Young (Normal) (G1 Evacuation Pause)
[2026-04-03T01:18:22.640+0600][10.199s][info][gc,task        ] GC(22) Using 10 workers of 10 for evacuation
[2026-04-03T01:18:22.645+0600][10.204s][info][gc,phases      ] GC(22)   Pre Evacuate Collection Set: 0.22ms
[2026-04-03T01:18:22.645+0600][10.204s][info][gc,phases      ] GC(22)   Merge Heap Roots: 0.15ms
[2026-04-03T01:18:22.645+0600][10.204s][info][gc,phases      ] GC(22)   Evacuate Collection Set: 3.36ms
[2026-04-03T01:18:22.645+0600][10.204s][info][gc,phases      ] GC(22)   Post Evacuate Collection Set: 0.77ms
[2026-04-03T01:18:22.645+0600][10.204s][info][gc,phases      ] GC(22)   Other: 0.11ms
[2026-04-03T01:18:22.645+0600][10.204s][info][gc,heap        ] GC(22) Eden regions: 29->0(29)
[2026-04-03T01:18:22.645+0600][10.204s][info][gc,heap        ] GC(22) Survivor regions: 2->2(4)
[2026-04-03T01:18:22.645+0600][10.204s][info][gc,heap        ] GC(22) Old regions: 9->9
[2026-04-03T01:18:22.645+0600][10.204s][info][gc,heap        ] GC(22) Humongous regions: 0->0
[2026-04-03T01:18:22.645+0600][10.204s][info][gc,metaspace   ] GC(22) Metaspace: 33795K(34560K)->33795K(34560K) NonClass: 30804K(31232K)->30804K(31232K) Class: 2990K(3328K)->2990K(3328K)
[2026-04-03T01:18:22.645+0600][10.204s][info][gc             ] GC(22) Pause Young (Normal) (G1 Evacuation Pause) 75M->17M(106M) 4.948ms
[2026-04-03T01:18:22.645+0600][10.204s][info][gc,cpu         ] GC(22) User=0.04s Sys=0.00s Real=0.00s
[2026-04-03T01:18:22.930+0600][10.489s][info][gc,start       ] GC(23) Pause Young (Normal) (G1 Evacuation Pause)
[2026-04-03T01:18:22.930+0600][10.490s][info][gc,task        ] GC(23) Using 10 workers of 10 for evacuation
[2026-04-03T01:18:22.934+0600][10.494s][info][gc,phases      ] GC(23)   Pre Evacuate Collection Set: 0.19ms
[2026-04-03T01:18:22.934+0600][10.494s][info][gc,phases      ] GC(23)   Merge Heap Roots: 0.13ms
[2026-04-03T01:18:22.934+0600][10.494s][info][gc,phases      ] GC(23)   Evacuate Collection Set: 2.67ms
[2026-04-03T01:18:22.934+0600][10.494s][info][gc,phases      ] GC(23)   Post Evacuate Collection Set: 0.90ms
[2026-04-03T01:18:22.934+0600][10.494s][info][gc,phases      ] GC(23)   Other: 0.10ms
[2026-04-03T01:18:22.934+0600][10.494s][info][gc,heap        ] GC(23) Eden regions: 29->0(29)
[2026-04-03T01:18:22.934+0600][10.494s][info][gc,heap        ] GC(23) Survivor regions: 2->2(4)
[2026-04-03T01:18:22.934+0600][10.494s][info][gc,heap        ] GC(23) Old regions: 9->9
[2026-04-03T01:18:22.934+0600][10.494s][info][gc,heap        ] GC(23) Humongous regions: 0->0
[2026-04-03T01:18:22.934+0600][10.494s][info][gc,metaspace   ] GC(23) Metaspace: 33869K(34688K)->33869K(34688K) NonClass: 30878K(31360K)->30878K(31360K) Class: 2990K(3328K)->2990K(3328K)
[2026-04-03T01:18:22.934+0600][10.494s][info][gc             ] GC(23) Pause Young (Normal) (G1 Evacuation Pause) 75M->17M(106M) 4.350ms
[2026-04-03T01:18:22.935+0600][10.494s][info][gc,cpu         ] GC(23) User=0.04s Sys=0.00s Real=0.00s
[2026-04-03T01:18:23.182+0600][10.741s][info][gc,start       ] GC(24) Pause Young (Normal) (G1 Evacuation Pause)
[2026-04-03T01:18:23.182+0600][10.741s][info][gc,task        ] GC(24) Using 10 workers of 10 for evacuation
[2026-04-03T01:18:23.186+0600][10.745s][info][gc,phases      ] GC(24)   Pre Evacuate Collection Set: 0.24ms
[2026-04-03T01:18:23.186+0600][10.745s][info][gc,phases      ] GC(24)   Merge Heap Roots: 0.11ms
[2026-04-03T01:18:23.186+0600][10.745s][info][gc,phases      ] GC(24)   Evacuate Collection Set: 2.55ms
[2026-04-03T01:18:23.186+0600][10.745s][info][gc,phases      ] GC(24)   Post Evacuate Collection Set: 0.86ms
[2026-04-03T01:18:23.186+0600][10.745s][info][gc,phases      ] GC(24)   Other: 0.09ms
[2026-04-03T01:18:23.186+0600][10.745s][info][gc,heap        ] GC(24) Eden regions: 29->0(37)
[2026-04-03T01:18:23.186+0600][10.745s][info][gc,heap        ] GC(24) Survivor regions: 2->1(4)
[2026-04-03T01:18:23.186+0600][10.745s][info][gc,heap        ] GC(24) Old regions: 9->10
[2026-04-03T01:18:23.186+0600][10.745s][info][gc,heap        ] GC(24) Humongous regions: 0->0
[2026-04-03T01:18:23.186+0600][10.745s][info][gc,metaspace   ] GC(24) Metaspace: 33954K(34752K)->33954K(34752K) NonClass: 30963K(31424K)->30963K(31424K) Class: 2990K(3328K)->2990K(3328K)
[2026-04-03T01:18:23.186+0600][10.745s][info][gc             ] GC(24) Pause Young (Normal) (G1 Evacuation Pause) 75M->17M(128M) 4.142ms
[2026-04-03T01:18:23.186+0600][10.745s][info][gc,cpu         ] GC(24) User=0.04s Sys=0.00s Real=0.00s
[2026-04-03T01:18:23.475+0600][11.035s][info][gc,start       ] GC(25) Pause Young (Normal) (G1 Evacuation Pause)
[2026-04-03T01:18:23.476+0600][11.035s][info][gc,task        ] GC(25) Using 10 workers of 10 for evacuation
[2026-04-03T01:18:23.479+0600][11.039s][info][gc,phases      ] GC(25)   Pre Evacuate Collection Set: 0.24ms
[2026-04-03T01:18:23.479+0600][11.039s][info][gc,phases      ] GC(25)   Merge Heap Roots: 0.13ms
[2026-04-03T01:18:23.479+0600][11.039s][info][gc,phases      ] GC(25)   Evacuate Collection Set: 2.35ms
[2026-04-03T01:18:23.479+0600][11.039s][info][gc,phases      ] GC(25)   Post Evacuate Collection Set: 0.85ms
[2026-04-03T01:18:23.479+0600][11.039s][info][gc,phases      ] GC(25)   Other: 0.13ms
[2026-04-03T01:18:23.479+0600][11.039s][info][gc,heap        ] GC(25) Eden regions: 37->0(37)
[2026-04-03T01:18:23.479+0600][11.039s][info][gc,heap        ] GC(25) Survivor regions: 1->1(5)
[2026-04-03T01:18:23.479+0600][11.039s][info][gc,heap        ] GC(25) Old regions: 10->10
[2026-04-03T01:18:23.479+0600][11.039s][info][gc,heap        ] GC(25) Humongous regions: 0->0
[2026-04-03T01:18:23.479+0600][11.039s][info][gc,metaspace   ] GC(25) Metaspace: 34063K(34880K)->34063K(34880K) NonClass: 31072K(31552K)->31072K(31552K) Class: 2990K(3328K)->2990K(3328K)
[2026-04-03T01:18:23.479+0600][11.039s][info][gc             ] GC(25) Pause Young (Normal) (G1 Evacuation Pause) 91M->17M(128M) 4.027ms
[2026-04-03T01:18:23.480+0600][11.039s][info][gc,cpu         ] GC(25) User=0.03s Sys=0.00s Real=0.00s
[2026-04-03T01:18:23.806+0600][11.365s][info][gc,start       ] GC(26) Pause Young (Normal) (G1 Evacuation Pause)
[2026-04-03T01:18:23.806+0600][11.365s][info][gc,task        ] GC(26) Using 10 workers of 10 for evacuation
[2026-04-03T01:18:23.810+0600][11.370s][info][gc,phases      ] GC(26)   Pre Evacuate Collection Set: 0.27ms
[2026-04-03T01:18:23.810+0600][11.370s][info][gc,phases      ] GC(26)   Merge Heap Roots: 0.19ms
[2026-04-03T01:18:23.810+0600][11.370s][info][gc,phases      ] GC(26)   Evacuate Collection Set: 2.88ms
[2026-04-03T01:18:23.810+0600][11.370s][info][gc,phases      ] GC(26)   Post Evacuate Collection Set: 0.78ms
[2026-04-03T01:18:23.810+0600][11.370s][info][gc,phases      ] GC(26)   Other: 0.12ms
[2026-04-03T01:18:23.810+0600][11.370s][info][gc,heap        ] GC(26) Eden regions: 37->0(37)
[2026-04-03T01:18:23.810+0600][11.370s][info][gc,heap        ] GC(26) Survivor regions: 1->1(5)
[2026-04-03T01:18:23.810+0600][11.370s][info][gc,heap        ] GC(26) Old regions: 10->10
[2026-04-03T01:18:23.810+0600][11.370s][info][gc,heap        ] GC(26) Humongous regions: 0->0
[2026-04-03T01:18:23.810+0600][11.370s][info][gc,metaspace   ] GC(26) Metaspace: 34088K(34880K)->34088K(34880K) NonClass: 31097K(31552K)->31097K(31552K) Class: 2990K(3328K)->2990K(3328K)
[2026-04-03T01:18:23.810+0600][11.370s][info][gc             ] GC(26) Pause Young (Normal) (G1 Evacuation Pause) 91M->17M(128M) 4.544ms
[2026-04-03T01:18:23.810+0600][11.370s][info][gc,cpu         ] GC(26) User=0.04s Sys=0.00s Real=0.01s
[2026-04-03T01:18:24.138+0600][11.697s][info][gc,start       ] GC(27) Pause Young (Normal) (G1 Evacuation Pause)
[2026-04-03T01:18:24.138+0600][11.697s][info][gc,task        ] GC(27) Using 10 workers of 10 for evacuation
[2026-04-03T01:18:24.141+0600][11.701s][info][gc,phases      ] GC(27)   Pre Evacuate Collection Set: 0.22ms
[2026-04-03T01:18:24.141+0600][11.701s][info][gc,phases      ] GC(27)   Merge Heap Roots: 0.16ms
[2026-04-03T01:18:24.141+0600][11.701s][info][gc,phases      ] GC(27)   Evacuate Collection Set: 2.03ms
[2026-04-03T01:18:24.141+0600][11.701s][info][gc,phases      ] GC(27)   Post Evacuate Collection Set: 0.82ms
[2026-04-03T01:18:24.141+0600][11.701s][info][gc,phases      ] GC(27)   Other: 0.11ms
[2026-04-03T01:18:24.141+0600][11.701s][info][gc,heap        ] GC(27) Eden regions: 37->0(37)
[2026-04-03T01:18:24.141+0600][11.701s][info][gc,heap        ] GC(27) Survivor regions: 1->1(5)
[2026-04-03T01:18:24.141+0600][11.701s][info][gc,heap        ] GC(27) Old regions: 10->10
[2026-04-03T01:18:24.141+0600][11.701s][info][gc,heap        ] GC(27) Humongous regions: 0->0
[2026-04-03T01:18:24.141+0600][11.701s][info][gc,metaspace   ] GC(27) Metaspace: 34230K(35072K)->34230K(35072K) NonClass: 31239K(31744K)->31239K(31744K) Class: 2990K(3328K)->2990K(3328K)
[2026-04-03T01:18:24.141+0600][11.701s][info][gc             ] GC(27) Pause Young (Normal) (G1 Evacuation Pause) 91M->17M(128M) 3.704ms
[2026-04-03T01:18:24.142+0600][11.701s][info][gc,cpu         ] GC(27) User=0.03s Sys=0.00s Real=0.01s
[2026-04-03T01:18:24.440+0600][11.999s][info][gc,start       ] GC(28) Pause Young (Normal) (G1 Evacuation Pause)
[2026-04-03T01:18:24.440+0600][11.999s][info][gc,task        ] GC(28) Using 10 workers of 10 for evacuation
[2026-04-03T01:18:24.445+0600][12.004s][info][gc,phases      ] GC(28)   Pre Evacuate Collection Set: 0.24ms
[2026-04-03T01:18:24.445+0600][12.004s][info][gc,phases      ] GC(28)   Merge Heap Roots: 0.14ms
[2026-04-03T01:18:24.445+0600][12.004s][info][gc,phases      ] GC(28)   Evacuate Collection Set: 3.43ms
[2026-04-03T01:18:24.445+0600][12.004s][info][gc,phases      ] GC(28)   Post Evacuate Collection Set: 0.77ms
[2026-04-03T01:18:24.445+0600][12.004s][info][gc,phases      ] GC(28)   Other: 0.13ms
[2026-04-03T01:18:24.445+0600][12.004s][info][gc,heap        ] GC(28) Eden regions: 37->0(37)
[2026-04-03T01:18:24.445+0600][12.004s][info][gc,heap        ] GC(28) Survivor regions: 1->1(5)
[2026-04-03T01:18:24.445+0600][12.004s][info][gc,heap        ] GC(28) Old regions: 10->10
[2026-04-03T01:18:24.445+0600][12.004s][info][gc,heap        ] GC(28) Humongous regions: 0->0
[2026-04-03T01:18:24.445+0600][12.004s][info][gc,metaspace   ] GC(28) Metaspace: 34257K(35072K)->34257K(35072K) NonClass: 31266K(31744K)->31266K(31744K) Class: 2990K(3328K)->2990K(3328K)
[2026-04-03T01:18:24.445+0600][12.004s][info][gc             ] GC(28) Pause Young (Normal) (G1 Evacuation Pause) 91M->17M(128M) 5.133ms
[2026-04-03T01:18:24.445+0600][12.004s][info][gc,cpu         ] GC(28) User=0.03s Sys=0.01s Real=0.00s
[2026-04-03T01:18:24.763+0600][12.322s][info][gc,start       ] GC(29) Pause Young (Normal) (G1 Evacuation Pause)
[2026-04-03T01:18:24.763+0600][12.323s][info][gc,task        ] GC(29) Using 10 workers of 10 for evacuation
[2026-04-03T01:18:24.766+0600][12.325s][info][gc,phases      ] GC(29)   Pre Evacuate Collection Set: 0.30ms
[2026-04-03T01:18:24.766+0600][12.326s][info][gc,phases      ] GC(29)   Merge Heap Roots: 0.17ms
[2026-04-03T01:18:24.766+0600][12.326s][info][gc,phases      ] GC(29)   Evacuate Collection Set: 1.41ms
[2026-04-03T01:18:24.766+0600][12.326s][info][gc,phases      ] GC(29)   Post Evacuate Collection Set: 0.89ms
[2026-04-03T01:18:24.766+0600][12.326s][info][gc,phases      ] GC(29)   Other: 0.13ms
[2026-04-03T01:18:24.766+0600][12.326s][info][gc,heap        ] GC(29) Eden regions: 37->0(45)
[2026-04-03T01:18:24.766+0600][12.326s][info][gc,heap        ] GC(29) Survivor regions: 1->1(5)
[2026-04-03T01:18:24.766+0600][12.326s][info][gc,heap        ] GC(29) Old regions: 10->10
[2026-04-03T01:18:24.766+0600][12.326s][info][gc,heap        ] GC(29) Humongous regions: 0->0
[2026-04-03T01:18:24.766+0600][12.326s][info][gc,metaspace   ] GC(29) Metaspace: 34261K(35072K)->34261K(35072K) NonClass: 31270K(31744K)->31270K(31744K) Class: 2990K(3328K)->2990K(3328K)
[2026-04-03T01:18:24.766+0600][12.326s][info][gc             ] GC(29) Pause Young (Normal) (G1 Evacuation Pause) 91M->17M(154M) 3.255ms
[2026-04-03T01:18:24.766+0600][12.326s][info][gc,cpu         ] GC(29) User=0.02s Sys=0.00s Real=0.00s
[2026-04-03T01:18:25.116+0600][12.675s][info][gc,start       ] GC(30) Pause Young (Normal) (G1 Evacuation Pause)
[2026-04-03T01:18:25.116+0600][12.676s][info][gc,task        ] GC(30) Using 10 workers of 10 for evacuation
[2026-04-03T01:18:25.120+0600][12.679s][info][gc,phases      ] GC(30)   Pre Evacuate Collection Set: 0.22ms
[2026-04-03T01:18:25.120+0600][12.679s][info][gc,phases      ] GC(30)   Merge Heap Roots: 0.13ms
[2026-04-03T01:18:25.120+0600][12.679s][info][gc,phases      ] GC(30)   Evacuate Collection Set: 2.23ms
[2026-04-03T01:18:25.120+0600][12.679s][info][gc,phases      ] GC(30)   Post Evacuate Collection Set: 1.06ms
[2026-04-03T01:18:25.120+0600][12.679s][info][gc,phases      ] GC(30)   Other: 0.13ms
[2026-04-03T01:18:25.120+0600][12.679s][info][gc,heap        ] GC(30) Eden regions: 45->0(45)
[2026-04-03T01:18:25.120+0600][12.679s][info][gc,heap        ] GC(30) Survivor regions: 1->1(6)
[2026-04-03T01:18:25.120+0600][12.680s][info][gc,heap        ] GC(30) Old regions: 10->10
[2026-04-03T01:18:25.120+0600][12.680s][info][gc,heap        ] GC(30) Humongous regions: 0->0
[2026-04-03T01:18:25.120+0600][12.680s][info][gc,metaspace   ] GC(30) Metaspace: 34265K(35072K)->34265K(35072K) NonClass: 31273K(31744K)->31273K(31744K) Class: 2991K(3328K)->2991K(3328K)
[2026-04-03T01:18:25.120+0600][12.680s][info][gc             ] GC(30) Pause Young (Normal) (G1 Evacuation Pause) 107M->17M(154M) 4.169ms
[2026-04-03T01:18:25.120+0600][12.680s][info][gc,cpu         ] GC(30) User=0.02s Sys=0.01s Real=0.01s
[2026-04-03T01:18:25.434+0600][12.993s][info][gc,start       ] GC(31) Pause Young (Normal) (G1 Evacuation Pause)
[2026-04-03T01:18:25.434+0600][12.993s][info][gc,task        ] GC(31) Using 10 workers of 10 for evacuation
[2026-04-03T01:18:25.436+0600][12.996s][info][gc,phases      ] GC(31)   Pre Evacuate Collection Set: 0.23ms
[2026-04-03T01:18:25.437+0600][12.996s][info][gc,phases      ] GC(31)   Merge Heap Roots: 0.15ms
[2026-04-03T01:18:25.437+0600][12.996s][info][gc,phases      ] GC(31)   Evacuate Collection Set: 1.53ms
[2026-04-03T01:18:25.437+0600][12.996s][info][gc,phases      ] GC(31)   Post Evacuate Collection Set: 0.58ms
[2026-04-03T01:18:25.437+0600][12.996s][info][gc,phases      ] GC(31)   Other: 0.12ms
[2026-04-03T01:18:25.437+0600][12.996s][info][gc,heap        ] GC(31) Eden regions: 45->0(45)
[2026-04-03T01:18:25.437+0600][12.996s][info][gc,heap        ] GC(31) Survivor regions: 1->1(6)
[2026-04-03T01:18:25.437+0600][12.996s][info][gc,heap        ] GC(31) Old regions: 10->10
[2026-04-03T01:18:25.437+0600][12.996s][info][gc,heap        ] GC(31) Humongous regions: 0->0
[2026-04-03T01:18:25.437+0600][12.996s][info][gc,metaspace   ] GC(31) Metaspace: 34388K(35200K)->34388K(35200K) NonClass: 31396K(31872K)->31396K(31872K) Class: 2991K(3328K)->2991K(3328K)
[2026-04-03T01:18:25.437+0600][12.996s][info][gc             ] GC(31) Pause Young (Normal) (G1 Evacuation Pause) 107M->17M(154M) 2.950ms
[2026-04-03T01:18:25.437+0600][12.996s][info][gc,cpu         ] GC(31) User=0.02s Sys=0.00s Real=0.00s
[2026-04-03T01:18:25.752+0600][13.311s][info][gc,start       ] GC(32) Pause Young (Normal) (G1 Evacuation Pause)
[2026-04-03T01:18:25.752+0600][13.311s][info][gc,task        ] GC(32) Using 10 workers of 10 for evacuation
[2026-04-03T01:18:25.754+0600][13.314s][info][gc,phases      ] GC(32)   Pre Evacuate Collection Set: 0.22ms
[2026-04-03T01:18:25.754+0600][13.314s][info][gc,phases      ] GC(32)   Merge Heap Roots: 0.15ms
[2026-04-03T01:18:25.755+0600][13.314s][info][gc,phases      ] GC(32)   Evacuate Collection Set: 1.05ms
[2026-04-03T01:18:25.755+0600][13.314s][info][gc,phases      ] GC(32)   Post Evacuate Collection Set: 0.80ms
[2026-04-03T01:18:25.755+0600][13.314s][info][gc,phases      ] GC(32)   Other: 0.11ms
[2026-04-03T01:18:25.755+0600][13.314s][info][gc,heap        ] GC(32) Eden regions: 45->0(45)
[2026-04-03T01:18:25.755+0600][13.314s][info][gc,heap        ] GC(32) Survivor regions: 1->1(6)
[2026-04-03T01:18:25.755+0600][13.314s][info][gc,heap        ] GC(32) Old regions: 10->10
[2026-04-03T01:18:25.755+0600][13.314s][info][gc,heap        ] GC(32) Humongous regions: 0->0
[2026-04-03T01:18:25.755+0600][13.314s][info][gc,metaspace   ] GC(32) Metaspace: 34397K(35200K)->34397K(35200K) NonClass: 31405K(31872K)->31405K(31872K) Class: 2991K(3328K)->2991K(3328K)
[2026-04-03T01:18:25.755+0600][13.314s][info][gc             ] GC(32) Pause Young (Normal) (G1 Evacuation Pause) 107M->17M(154M) 2.665ms
[2026-04-03T01:18:25.755+0600][13.314s][info][gc,cpu         ] GC(32) User=0.01s Sys=0.00s Real=0.00s
[2026-04-03T01:18:26.092+0600][13.652s][info][gc,start       ] GC(33) Pause Young (Normal) (G1 Evacuation Pause)
[2026-04-03T01:18:26.092+0600][13.652s][info][gc,task        ] GC(33) Using 10 workers of 10 for evacuation
[2026-04-03T01:18:26.096+0600][13.655s][info][gc,phases      ] GC(33)   Pre Evacuate Collection Set: 0.25ms
[2026-04-03T01:18:26.096+0600][13.655s][info][gc,phases      ] GC(33)   Merge Heap Roots: 0.12ms
[2026-04-03T01:18:26.096+0600][13.655s][info][gc,phases      ] GC(33)   Evacuate Collection Set: 2.29ms
[2026-04-03T01:18:26.096+0600][13.655s][info][gc,phases      ] GC(33)   Post Evacuate Collection Set: 0.74ms
[2026-04-03T01:18:26.096+0600][13.655s][info][gc,phases      ] GC(33)   Other: 0.11ms
[2026-04-03T01:18:26.096+0600][13.655s][info][gc,heap        ] GC(33) Eden regions: 45->0(45)
[2026-04-03T01:18:26.096+0600][13.655s][info][gc,heap        ] GC(33) Survivor regions: 1->1(6)
[2026-04-03T01:18:26.096+0600][13.655s][info][gc,heap        ] GC(33) Old regions: 10->10
[2026-04-03T01:18:26.096+0600][13.655s][info][gc,heap        ] GC(33) Humongous regions: 0->0
[2026-04-03T01:18:26.096+0600][13.655s][info][gc,metaspace   ] GC(33) Metaspace: 34397K(35200K)->34397K(35200K) NonClass: 31405K(31872K)->31405K(31872K) Class: 2991K(3328K)->2991K(3328K)
[2026-04-03T01:18:26.096+0600][13.656s][info][gc             ] GC(33) Pause Young (Normal) (G1 Evacuation Pause) 107M->17M(154M) 3.888ms
[2026-04-03T01:18:26.096+0600][13.656s][info][gc,cpu         ] GC(33) User=0.01s Sys=0.00s Real=0.00s
[2026-04-03T01:18:26.418+0600][13.978s][info][gc,start       ] GC(34) Pause Young (Normal) (G1 Evacuation Pause)
[2026-04-03T01:18:26.418+0600][13.978s][info][gc,task        ] GC(34) Using 10 workers of 10 for evacuation
[2026-04-03T01:18:26.420+0600][13.980s][info][gc,phases      ] GC(34)   Pre Evacuate Collection Set: 0.17ms
[2026-04-03T01:18:26.420+0600][13.980s][info][gc,phases      ] GC(34)   Merge Heap Roots: 0.15ms
[2026-04-03T01:18:26.420+0600][13.980s][info][gc,phases      ] GC(34)   Evacuate Collection Set: 1.02ms
[2026-04-03T01:18:26.420+0600][13.980s][info][gc,phases      ] GC(34)   Post Evacuate Collection Set: 0.47ms
[2026-04-03T01:18:26.420+0600][13.980s][info][gc,phases      ] GC(34)   Other: 0.09ms
[2026-04-03T01:18:26.420+0600][13.980s][info][gc,heap        ] GC(34) Eden regions: 45->0(45)
[2026-04-03T01:18:26.420+0600][13.980s][info][gc,heap        ] GC(34) Survivor regions: 1->1(6)
[2026-04-03T01:18:26.420+0600][13.980s][info][gc,heap        ] GC(34) Old regions: 10->10
[2026-04-03T01:18:26.420+0600][13.980s][info][gc,heap        ] GC(34) Humongous regions: 0->0
[2026-04-03T01:18:26.420+0600][13.980s][info][gc,metaspace   ] GC(34) Metaspace: 34464K(35264K)->34464K(35264K) NonClass: 31472K(31936K)->31472K(31936K) Class: 2991K(3328K)->2991K(3328K)
[2026-04-03T01:18:26.420+0600][13.980s][info][gc             ] GC(34) Pause Young (Normal) (G1 Evacuation Pause) 107M->17M(154M) 2.174ms
[2026-04-03T01:18:26.420+0600][13.980s][info][gc,cpu         ] GC(34) User=0.01s Sys=0.00s Real=0.01s
[2026-04-03T01:18:26.699+0600][14.258s][info][gc,start       ] GC(35) Pause Young (Normal) (G1 Evacuation Pause)
[2026-04-03T01:18:26.699+0600][14.258s][info][gc,task        ] GC(35) Using 10 workers of 10 for evacuation
[2026-04-03T01:18:26.701+0600][14.260s][info][gc,phases      ] GC(35)   Pre Evacuate Collection Set: 0.18ms
[2026-04-03T01:18:26.701+0600][14.260s][info][gc,phases      ] GC(35)   Merge Heap Roots: 0.12ms
[2026-04-03T01:18:26.701+0600][14.260s][info][gc,phases      ] GC(35)   Evacuate Collection Set: 1.21ms
[2026-04-03T01:18:26.701+0600][14.260s][info][gc,phases      ] GC(35)   Post Evacuate Collection Set: 0.53ms
[2026-04-03T01:18:26.701+0600][14.260s][info][gc,phases      ] GC(35)   Other: 0.10ms
[2026-04-03T01:18:26.701+0600][14.260s][info][gc,heap        ] GC(35) Eden regions: 45->0(45)
[2026-04-03T01:18:26.701+0600][14.260s][info][gc,heap        ] GC(35) Survivor regions: 1->1(6)
[2026-04-03T01:18:26.701+0600][14.260s][info][gc,heap        ] GC(35) Old regions: 10->10
[2026-04-03T01:18:26.701+0600][14.260s][info][gc,heap        ] GC(35) Humongous regions: 0->0
[2026-04-03T01:18:26.701+0600][14.260s][info][gc,metaspace   ] GC(35) Metaspace: 34610K(35392K)->34610K(35392K) NonClass: 31618K(32064K)->31618K(32064K) Class: 2991K(3328K)->2991K(3328K)
[2026-04-03T01:18:26.701+0600][14.261s][info][gc             ] GC(35) Pause Young (Normal) (G1 Evacuation Pause) 107M->17M(154M) 2.412ms
[2026-04-03T01:18:26.701+0600][14.261s][info][gc,cpu         ] GC(35) User=0.02s Sys=0.00s Real=0.01s
[2026-04-03T01:18:26.956+0600][14.516s][info][gc,start       ] GC(36) Pause Young (Normal) (G1 Evacuation Pause)
[2026-04-03T01:18:26.956+0600][14.516s][info][gc,task        ] GC(36) Using 10 workers of 10 for evacuation
[2026-04-03T01:18:26.959+0600][14.518s][info][gc,phases      ] GC(36)   Pre Evacuate Collection Set: 0.17ms
[2026-04-03T01:18:26.959+0600][14.518s][info][gc,phases      ] GC(36)   Merge Heap Roots: 0.12ms
[2026-04-03T01:18:26.959+0600][14.518s][info][gc,phases      ] GC(36)   Evacuate Collection Set: 1.39ms
[2026-04-03T01:18:26.959+0600][14.518s][info][gc,phases      ] GC(36)   Post Evacuate Collection Set: 0.44ms
[2026-04-03T01:18:26.959+0600][14.518s][info][gc,phases      ] GC(36)   Other: 0.09ms
[2026-04-03T01:18:26.959+0600][14.518s][info][gc,heap        ] GC(36) Eden regions: 45->0(45)
[2026-04-03T01:18:26.959+0600][14.518s][info][gc,heap        ] GC(36) Survivor regions: 1->1(6)
[2026-04-03T01:18:26.959+0600][14.518s][info][gc,heap        ] GC(36) Old regions: 10->10
[2026-04-03T01:18:26.959+0600][14.518s][info][gc,heap        ] GC(36) Humongous regions: 0->0
[2026-04-03T01:18:26.959+0600][14.518s][info][gc,metaspace   ] GC(36) Metaspace: 34611K(35392K)->34611K(35392K) NonClass: 31618K(32064K)->31618K(32064K) Class: 2992K(3328K)->2992K(3328K)
[2026-04-03T01:18:26.959+0600][14.518s][info][gc             ] GC(36) Pause Young (Normal) (G1 Evacuation Pause) 107M->17M(154M) 2.490ms
[2026-04-03T01:18:26.959+0600][14.518s][info][gc,cpu         ] GC(36) User=0.02s Sys=0.00s Real=0.00s
[2026-04-03T01:18:27.218+0600][14.778s][info][gc,start       ] GC(37) Pause Young (Normal) (G1 Evacuation Pause)
[2026-04-03T01:18:27.219+0600][14.778s][info][gc,task        ] GC(37) Using 10 workers of 10 for evacuation
[2026-04-03T01:18:27.221+0600][14.780s][info][gc,phases      ] GC(37)   Pre Evacuate Collection Set: 0.22ms
[2026-04-03T01:18:27.221+0600][14.780s][info][gc,phases      ] GC(37)   Merge Heap Roots: 0.14ms
[2026-04-03T01:18:27.221+0600][14.780s][info][gc,phases      ] GC(37)   Evacuate Collection Set: 1.04ms
[2026-04-03T01:18:27.221+0600][14.780s][info][gc,phases      ] GC(37)   Post Evacuate Collection Set: 0.50ms
[2026-04-03T01:18:27.221+0600][14.780s][info][gc,phases      ] GC(37)   Other: 0.10ms
[2026-04-03T01:18:27.221+0600][14.780s][info][gc,heap        ] GC(37) Eden regions: 45->0(45)
[2026-04-03T01:18:27.221+0600][14.780s][info][gc,heap        ] GC(37) Survivor regions: 1->1(6)
[2026-04-03T01:18:27.221+0600][14.780s][info][gc,heap        ] GC(37) Old regions: 10->10
[2026-04-03T01:18:27.221+0600][14.780s][info][gc,heap        ] GC(37) Humongous regions: 0->0
[2026-04-03T01:18:27.221+0600][14.780s][info][gc,metaspace   ] GC(37) Metaspace: 34611K(35392K)->34611K(35392K) NonClass: 31618K(32064K)->31618K(32064K) Class: 2992K(3328K)->2992K(3328K)
[2026-04-03T01:18:27.221+0600][14.780s][info][gc             ] GC(37) Pause Young (Normal) (G1 Evacuation Pause) 107M->17M(154M) 2.340ms
[2026-04-03T01:18:27.221+0600][14.780s][info][gc,cpu         ] GC(37) User=0.01s Sys=0.00s Real=0.01s
[2026-04-03T01:18:27.501+0600][15.061s][info][gc,start       ] GC(38) Pause Young (Normal) (G1 Evacuation Pause)
[2026-04-03T01:18:27.501+0600][15.061s][info][gc,task        ] GC(38) Using 10 workers of 10 for evacuation
[2026-04-03T01:18:27.503+0600][15.062s][info][gc,phases      ] GC(38)   Pre Evacuate Collection Set: 0.18ms
[2026-04-03T01:18:27.503+0600][15.062s][info][gc,phases      ] GC(38)   Merge Heap Roots: 0.14ms
[2026-04-03T01:18:27.503+0600][15.062s][info][gc,phases      ] GC(38)   Evacuate Collection Set: 0.67ms
[2026-04-03T01:18:27.503+0600][15.062s][info][gc,phases      ] GC(38)   Post Evacuate Collection Set: 0.40ms
[2026-04-03T01:18:27.503+0600][15.062s][info][gc,phases      ] GC(38)   Other: 0.09ms
[2026-04-03T01:18:27.503+0600][15.062s][info][gc,heap        ] GC(38) Eden regions: 45->0(45)
[2026-04-03T01:18:27.503+0600][15.062s][info][gc,heap        ] GC(38) Survivor regions: 1->1(6)
[2026-04-03T01:18:27.503+0600][15.062s][info][gc,heap        ] GC(38) Old regions: 10->10
[2026-04-03T01:18:27.503+0600][15.062s][info][gc,heap        ] GC(38) Humongous regions: 0->0
[2026-04-03T01:18:27.503+0600][15.062s][info][gc,metaspace   ] GC(38) Metaspace: 34640K(35456K)->34640K(35456K) NonClass: 31647K(32128K)->31647K(32128K) Class: 2992K(3328K)->2992K(3328K)
[2026-04-03T01:18:27.503+0600][15.062s][info][gc             ] GC(38) Pause Young (Normal) (G1 Evacuation Pause) 107M->17M(154M) 1.767ms
[2026-04-03T01:18:27.503+0600][15.062s][info][gc,cpu         ] GC(38) User=0.01s Sys=0.00s Real=0.00s
[2026-04-03T01:18:27.767+0600][15.326s][info][gc,start       ] GC(39) Pause Young (Normal) (G1 Evacuation Pause)
[2026-04-03T01:18:27.767+0600][15.326s][info][gc,task        ] GC(39) Using 10 workers of 10 for evacuation
[2026-04-03T01:18:27.768+0600][15.328s][info][gc,phases      ] GC(39)   Pre Evacuate Collection Set: 0.18ms
[2026-04-03T01:18:27.768+0600][15.328s][info][gc,phases      ] GC(39)   Merge Heap Roots: 0.13ms
[2026-04-03T01:18:27.768+0600][15.328s][info][gc,phases      ] GC(39)   Evacuate Collection Set: 0.67ms
[2026-04-03T01:18:27.768+0600][15.328s][info][gc,phases      ] GC(39)   Post Evacuate Collection Set: 0.53ms
[2026-04-03T01:18:27.768+0600][15.328s][info][gc,phases      ] GC(39)   Other: 0.12ms
[2026-04-03T01:18:27.768+0600][15.328s][info][gc,heap        ] GC(39) Eden regions: 45->0(45)
[2026-04-03T01:18:27.768+0600][15.328s][info][gc,heap        ] GC(39) Survivor regions: 1->1(6)
[2026-04-03T01:18:27.768+0600][15.328s][info][gc,heap        ] GC(39) Old regions: 10->10
[2026-04-03T01:18:27.768+0600][15.328s][info][gc,heap        ] GC(39) Humongous regions: 0->0
[2026-04-03T01:18:27.769+0600][15.328s][info][gc,metaspace   ] GC(39) Metaspace: 34646K(35520K)->34646K(35520K) NonClass: 31653K(32192K)->31653K(32192K) Class: 2993K(3328K)->2993K(3328K)
[2026-04-03T01:18:27.769+0600][15.328s][info][gc             ] GC(39) Pause Young (Normal) (G1 Evacuation Pause) 107M->17M(154M) 1.913ms
[2026-04-03T01:18:27.769+0600][15.328s][info][gc,cpu         ] GC(39) User=0.01s Sys=0.00s Real=0.00s
[2026-04-03T01:18:28.038+0600][15.598s][info][gc,start       ] GC(40) Pause Young (Normal) (G1 Evacuation Pause)
[2026-04-03T01:18:28.038+0600][15.598s][info][gc,task        ] GC(40) Using 10 workers of 10 for evacuation
[2026-04-03T01:18:28.040+0600][15.600s][info][gc,phases      ] GC(40)   Pre Evacuate Collection Set: 0.18ms
[2026-04-03T01:18:28.040+0600][15.600s][info][gc,phases      ] GC(40)   Merge Heap Roots: 0.13ms
[2026-04-03T01:18:28.040+0600][15.600s][info][gc,phases      ] GC(40)   Evacuate Collection Set: 1.19ms
[2026-04-03T01:18:28.040+0600][15.600s][info][gc,phases      ] GC(40)   Post Evacuate Collection Set: 0.50ms
[2026-04-03T01:18:28.040+0600][15.600s][info][gc,phases      ] GC(40)   Other: 0.09ms
[2026-04-03T01:18:28.041+0600][15.600s][info][gc,heap        ] GC(40) Eden regions: 45->0(45)
[2026-04-03T01:18:28.041+0600][15.600s][info][gc,heap        ] GC(40) Survivor regions: 1->1(6)
[2026-04-03T01:18:28.041+0600][15.600s][info][gc,heap        ] GC(40) Old regions: 10->10
[2026-04-03T01:18:28.041+0600][15.600s][info][gc,heap        ] GC(40) Humongous regions: 0->0
[2026-04-03T01:18:28.041+0600][15.600s][info][gc,metaspace   ] GC(40) Metaspace: 34650K(35520K)->34650K(35520K) NonClass: 31657K(32192K)->31657K(32192K) Class: 2993K(3328K)->2993K(3328K)
[2026-04-03T01:18:28.041+0600][15.600s][info][gc             ] GC(40) Pause Young (Normal) (G1 Evacuation Pause) 107M->17M(154M) 2.376ms
[2026-04-03T01:18:28.041+0600][15.600s][info][gc,cpu         ] GC(40) User=0.01s Sys=0.00s Real=0.01s
[2026-04-03T01:18:28.289+0600][15.848s][info][gc,start       ] GC(41) Pause Young (Normal) (G1 Evacuation Pause)
[2026-04-03T01:18:28.289+0600][15.848s][info][gc,task        ] GC(41) Using 10 workers of 10 for evacuation
[2026-04-03T01:18:28.291+0600][15.850s][info][gc,phases      ] GC(41)   Pre Evacuate Collection Set: 0.23ms
[2026-04-03T01:18:28.291+0600][15.850s][info][gc,phases      ] GC(41)   Merge Heap Roots: 0.12ms
[2026-04-03T01:18:28.291+0600][15.850s][info][gc,phases      ] GC(41)   Evacuate Collection Set: 0.80ms
[2026-04-03T01:18:28.291+0600][15.850s][info][gc,phases      ] GC(41)   Post Evacuate Collection Set: 0.62ms
[2026-04-03T01:18:28.291+0600][15.850s][info][gc,phases      ] GC(41)   Other: 0.12ms
[2026-04-03T01:18:28.291+0600][15.850s][info][gc,heap        ] GC(41) Eden regions: 45->0(45)
[2026-04-03T01:18:28.291+0600][15.850s][info][gc,heap        ] GC(41) Survivor regions: 1->1(6)
[2026-04-03T01:18:28.291+0600][15.850s][info][gc,heap        ] GC(41) Old regions: 10->10
[2026-04-03T01:18:28.291+0600][15.850s][info][gc,heap        ] GC(41) Humongous regions: 0->0
[2026-04-03T01:18:28.291+0600][15.850s][info][gc,metaspace   ] GC(41) Metaspace: 34650K(35520K)->34650K(35520K) NonClass: 31657K(32192K)->31657K(32192K) Class: 2993K(3328K)->2993K(3328K)
[2026-04-03T01:18:28.291+0600][15.850s][info][gc             ] GC(41) Pause Young (Normal) (G1 Evacuation Pause) 107M->17M(154M) 2.338ms
[2026-04-03T01:18:28.291+0600][15.850s][info][gc,cpu         ] GC(41) User=0.01s Sys=0.00s Real=0.01s
[2026-04-03T01:18:28.539+0600][16.098s][info][gc,start       ] GC(42) Pause Young (Normal) (G1 Evacuation Pause)
[2026-04-03T01:18:28.539+0600][16.099s][info][gc,task        ] GC(42) Using 10 workers of 10 for evacuation
[2026-04-03T01:18:28.541+0600][16.101s][info][gc,phases      ] GC(42)   Pre Evacuate Collection Set: 0.24ms
[2026-04-03T01:18:28.541+0600][16.101s][info][gc,phases      ] GC(42)   Merge Heap Roots: 0.16ms
[2026-04-03T01:18:28.541+0600][16.101s][info][gc,phases      ] GC(42)   Evacuate Collection Set: 0.94ms
[2026-04-03T01:18:28.541+0600][16.101s][info][gc,phases      ] GC(42)   Post Evacuate Collection Set: 0.59ms
[2026-04-03T01:18:28.541+0600][16.101s][info][gc,phases      ] GC(42)   Other: 0.12ms
[2026-04-03T01:18:28.541+0600][16.101s][info][gc,heap        ] GC(42) Eden regions: 45->0(45)
[2026-04-03T01:18:28.541+0600][16.101s][info][gc,heap        ] GC(42) Survivor regions: 1->1(6)
[2026-04-03T01:18:28.541+0600][16.101s][info][gc,heap        ] GC(42) Old regions: 10->10
[2026-04-03T01:18:28.541+0600][16.101s][info][gc,heap        ] GC(42) Humongous regions: 0->0
[2026-04-03T01:18:28.542+0600][16.101s][info][gc,metaspace   ] GC(42) Metaspace: 34658K(35520K)->34658K(35520K) NonClass: 31665K(32192K)->31665K(32192K) Class: 2993K(3328K)->2993K(3328K)
[2026-04-03T01:18:28.542+0600][16.101s][info][gc             ] GC(42) Pause Young (Normal) (G1 Evacuation Pause) 107M->17M(154M) 2.420ms
[2026-04-03T01:18:28.542+0600][16.101s][info][gc,cpu         ] GC(42) User=0.01s Sys=0.00s Real=0.01s
[2026-04-03T01:18:28.761+0600][16.320s][info][gc,start       ] GC(43) Pause Young (Normal) (G1 Evacuation Pause)
[2026-04-03T01:18:28.761+0600][16.321s][info][gc,task        ] GC(43) Using 10 workers of 10 for evacuation
[2026-04-03T01:18:28.763+0600][16.322s][info][gc,phases      ] GC(43)   Pre Evacuate Collection Set: 0.26ms
[2026-04-03T01:18:28.763+0600][16.322s][info][gc,phases      ] GC(43)   Merge Heap Roots: 0.11ms
[2026-04-03T01:18:28.763+0600][16.322s][info][gc,phases      ] GC(43)   Evacuate Collection Set: 0.65ms
[2026-04-03T01:18:28.763+0600][16.322s][info][gc,phases      ] GC(43)   Post Evacuate Collection Set: 0.45ms
[2026-04-03T01:18:28.763+0600][16.322s][info][gc,phases      ] GC(43)   Other: 0.10ms
[2026-04-03T01:18:28.763+0600][16.322s][info][gc,heap        ] GC(43) Eden regions: 45->0(45)
[2026-04-03T01:18:28.763+0600][16.322s][info][gc,heap        ] GC(43) Survivor regions: 1->1(6)
[2026-04-03T01:18:28.763+0600][16.322s][info][gc,heap        ] GC(43) Old regions: 10->10
[2026-04-03T01:18:28.763+0600][16.322s][info][gc,heap        ] GC(43) Humongous regions: 0->0
[2026-04-03T01:18:28.763+0600][16.322s][info][gc,metaspace   ] GC(43) Metaspace: 34660K(35520K)->34660K(35520K) NonClass: 31666K(32192K)->31666K(32192K) Class: 2993K(3328K)->2993K(3328K)
[2026-04-03T01:18:28.763+0600][16.322s][info][gc             ] GC(43) Pause Young (Normal) (G1 Evacuation Pause) 107M->17M(154M) 1.865ms
[2026-04-03T01:18:28.763+0600][16.322s][info][gc,cpu         ] GC(43) User=0.01s Sys=0.00s Real=0.00s
[2026-04-03T01:18:28.994+0600][16.553s][info][gc,start       ] GC(44) Pause Young (Normal) (G1 Evacuation Pause)
[2026-04-03T01:18:28.994+0600][16.553s][info][gc,task        ] GC(44) Using 10 workers of 10 for evacuation
[2026-04-03T01:18:28.996+0600][16.555s][info][gc,phases      ] GC(44)   Pre Evacuate Collection Set: 0.25ms
[2026-04-03T01:18:28.996+0600][16.555s][info][gc,phases      ] GC(44)   Merge Heap Roots: 0.15ms
[2026-04-03T01:18:28.996+0600][16.555s][info][gc,phases      ] GC(44)   Evacuate Collection Set: 0.73ms
[2026-04-03T01:18:28.996+0600][16.555s][info][gc,phases      ] GC(44)   Post Evacuate Collection Set: 0.51ms
[2026-04-03T01:18:28.996+0600][16.555s][info][gc,phases      ] GC(44)   Other: 0.14ms
[2026-04-03T01:18:28.996+0600][16.555s][info][gc,heap        ] GC(44) Eden regions: 45->0(45)
[2026-04-03T01:18:28.996+0600][16.555s][info][gc,heap        ] GC(44) Survivor regions: 1->1(6)
[2026-04-03T01:18:28.996+0600][16.555s][info][gc,heap        ] GC(44) Old regions: 10->10
[2026-04-03T01:18:28.996+0600][16.555s][info][gc,heap        ] GC(44) Humongous regions: 0->0
[2026-04-03T01:18:28.996+0600][16.555s][info][gc,metaspace   ] GC(44) Metaspace: 34660K(35520K)->34660K(35520K) NonClass: 31666K(32192K)->31666K(32192K) Class: 2993K(3328K)->2993K(3328K)
[2026-04-03T01:18:28.996+0600][16.555s][info][gc             ] GC(44) Pause Young (Normal) (G1 Evacuation Pause) 107M->17M(154M) 2.232ms
[2026-04-03T01:18:28.996+0600][16.555s][info][gc,cpu         ] GC(44) User=0.02s Sys=0.00s Real=0.00s
[2026-04-03T01:18:29.243+0600][16.803s][info][gc,start       ] GC(45) Pause Young (Normal) (G1 Evacuation Pause)
[2026-04-03T01:18:29.244+0600][16.803s][info][gc,task        ] GC(45) Using 10 workers of 10 for evacuation
[2026-04-03T01:18:29.246+0600][16.805s][info][gc,phases      ] GC(45)   Pre Evacuate Collection Set: 0.27ms
[2026-04-03T01:18:29.246+0600][16.805s][info][gc,phases      ] GC(45)   Merge Heap Roots: 0.17ms
[2026-04-03T01:18:29.246+0600][16.805s][info][gc,phases      ] GC(45)   Evacuate Collection Set: 0.93ms
[2026-04-03T01:18:29.246+0600][16.805s][info][gc,phases      ] GC(45)   Post Evacuate Collection Set: 0.66ms
[2026-04-03T01:18:29.246+0600][16.805s][info][gc,phases      ] GC(45)   Other: 0.15ms
[2026-04-03T01:18:29.246+0600][16.805s][info][gc,heap        ] GC(45) Eden regions: 45->0(45)
[2026-04-03T01:18:29.246+0600][16.805s][info][gc,heap        ] GC(45) Survivor regions: 1->1(6)
[2026-04-03T01:18:29.246+0600][16.805s][info][gc,heap        ] GC(45) Old regions: 10->10
[2026-04-03T01:18:29.246+0600][16.805s][info][gc,heap        ] GC(45) Humongous regions: 0->0
[2026-04-03T01:18:29.246+0600][16.805s][info][gc,metaspace   ] GC(45) Metaspace: 34660K(35520K)->34660K(35520K) NonClass: 31666K(32192K)->31666K(32192K) Class: 2993K(3328K)->2993K(3328K)
[2026-04-03T01:18:29.246+0600][16.805s][info][gc             ] GC(45) Pause Young (Normal) (G1 Evacuation Pause) 107M->17M(154M) 2.597ms
[2026-04-03T01:18:29.246+0600][16.805s][info][gc,cpu         ] GC(45) User=0.02s Sys=0.01s Real=0.00s
[2026-04-03T01:18:29.481+0600][17.040s][info][gc,start       ] GC(46) Pause Young (Normal) (G1 Evacuation Pause)
[2026-04-03T01:18:29.481+0600][17.040s][info][gc,task        ] GC(46) Using 10 workers of 10 for evacuation
[2026-04-03T01:18:29.484+0600][17.043s][info][gc,phases      ] GC(46)   Pre Evacuate Collection Set: 0.27ms
[2026-04-03T01:18:29.484+0600][17.043s][info][gc,phases      ] GC(46)   Merge Heap Roots: 0.15ms
[2026-04-03T01:18:29.484+0600][17.044s][info][gc,phases      ] GC(46)   Evacuate Collection Set: 2.04ms
[2026-04-03T01:18:29.484+0600][17.044s][info][gc,phases      ] GC(46)   Post Evacuate Collection Set: 0.52ms
[2026-04-03T01:18:29.484+0600][17.044s][info][gc,phases      ] GC(46)   Other: 0.13ms
[2026-04-03T01:18:29.484+0600][17.044s][info][gc,heap        ] GC(46) Eden regions: 45->0(45)
[2026-04-03T01:18:29.484+0600][17.044s][info][gc,heap        ] GC(46) Survivor regions: 1->1(6)
[2026-04-03T01:18:29.484+0600][17.044s][info][gc,heap        ] GC(46) Old regions: 10->11
[2026-04-03T01:18:29.484+0600][17.044s][info][gc,heap        ] GC(46) Humongous regions: 0->0
[2026-04-03T01:18:29.484+0600][17.044s][info][gc,metaspace   ] GC(46) Metaspace: 34665K(35520K)->34665K(35520K) NonClass: 31671K(32192K)->31671K(32192K) Class: 2993K(3328K)->2993K(3328K)
[2026-04-03T01:18:29.484+0600][17.044s][info][gc             ] GC(46) Pause Young (Normal) (G1 Evacuation Pause) 107M->17M(154M) 3.522ms
[2026-04-03T01:18:29.484+0600][17.044s][info][gc,cpu         ] GC(46) User=0.02s Sys=0.00s Real=0.00s
[2026-04-03T01:18:29.723+0600][17.283s][info][gc,start       ] GC(47) Pause Young (Normal) (G1 Evacuation Pause)
[2026-04-03T01:18:29.723+0600][17.283s][info][gc,task        ] GC(47) Using 10 workers of 10 for evacuation
[2026-04-03T01:18:29.725+0600][17.284s][info][gc,phases      ] GC(47)   Pre Evacuate Collection Set: 0.19ms
[2026-04-03T01:18:29.725+0600][17.284s][info][gc,phases      ] GC(47)   Merge Heap Roots: 0.15ms
[2026-04-03T01:18:29.725+0600][17.284s][info][gc,phases      ] GC(47)   Evacuate Collection Set: 0.83ms
[2026-04-03T01:18:29.725+0600][17.284s][info][gc,phases      ] GC(47)   Post Evacuate Collection Set: 0.49ms
[2026-04-03T01:18:29.725+0600][17.284s][info][gc,phases      ] GC(47)   Other: 0.09ms
[2026-04-03T01:18:29.725+0600][17.284s][info][gc,heap        ] GC(47) Eden regions: 45->0(45)
[2026-04-03T01:18:29.725+0600][17.284s][info][gc,heap        ] GC(47) Survivor regions: 1->1(6)
[2026-04-03T01:18:29.725+0600][17.284s][info][gc,heap        ] GC(47) Old regions: 11->11
[2026-04-03T01:18:29.725+0600][17.285s][info][gc,heap        ] GC(47) Humongous regions: 0->0
[2026-04-03T01:18:29.725+0600][17.285s][info][gc,metaspace   ] GC(47) Metaspace: 34665K(35520K)->34665K(35520K) NonClass: 31671K(32192K)->31671K(32192K) Class: 2993K(3328K)->2993K(3328K)
[2026-04-03T01:18:29.725+0600][17.285s][info][gc             ] GC(47) Pause Young (Normal) (G1 Evacuation Pause) 107M->17M(154M) 2.025ms
[2026-04-03T01:18:29.725+0600][17.285s][info][gc,cpu         ] GC(47) User=0.01s Sys=0.00s Real=0.00s
[2026-04-03T01:18:29.945+0600][17.504s][info][gc,start       ] GC(48) Pause Young (Normal) (G1 Evacuation Pause)
[2026-04-03T01:18:29.945+0600][17.504s][info][gc,task        ] GC(48) Using 10 workers of 10 for evacuation
[2026-04-03T01:18:29.946+0600][17.506s][info][gc,phases      ] GC(48)   Pre Evacuate Collection Set: 0.19ms
[2026-04-03T01:18:29.947+0600][17.506s][info][gc,phases      ] GC(48)   Merge Heap Roots: 0.13ms
[2026-04-03T01:18:29.947+0600][17.506s][info][gc,phases      ] GC(48)   Evacuate Collection Set: 0.63ms
[2026-04-03T01:18:29.947+0600][17.506s][info][gc,phases      ] GC(48)   Post Evacuate Collection Set: 0.40ms
[2026-04-03T01:18:29.947+0600][17.506s][info][gc,phases      ] GC(48)   Other: 0.10ms
[2026-04-03T01:18:29.947+0600][17.506s][info][gc,heap        ] GC(48) Eden regions: 45->0(45)
[2026-04-03T01:18:29.947+0600][17.506s][info][gc,heap        ] GC(48) Survivor regions: 1->1(6)
[2026-04-03T01:18:29.947+0600][17.506s][info][gc,heap        ] GC(48) Old regions: 11->11
[2026-04-03T01:18:29.947+0600][17.506s][info][gc,heap        ] GC(48) Humongous regions: 0->0
[2026-04-03T01:18:29.947+0600][17.506s][info][gc,metaspace   ] GC(48) Metaspace: 34665K(35520K)->34665K(35520K) NonClass: 31672K(32192K)->31672K(32192K) Class: 2993K(3328K)->2993K(3328K)
[2026-04-03T01:18:29.947+0600][17.506s][info][gc             ] GC(48) Pause Young (Normal) (G1 Evacuation Pause) 107M->17M(154M) 1.780ms
[2026-04-03T01:18:29.947+0600][17.506s][info][gc,cpu         ] GC(48) User=0.02s Sys=0.00s Real=0.00s
[2026-04-03T01:18:30.157+0600][17.716s][info][gc,start       ] GC(49) Pause Young (Normal) (G1 Evacuation Pause)
[2026-04-03T01:18:30.157+0600][17.717s][info][gc,task        ] GC(49) Using 10 workers of 10 for evacuation
[2026-04-03T01:18:30.159+0600][17.718s][info][gc,phases      ] GC(49)   Pre Evacuate Collection Set: 0.26ms
[2026-04-03T01:18:30.159+0600][17.718s][info][gc,phases      ] GC(49)   Merge Heap Roots: 0.11ms
[2026-04-03T01:18:30.159+0600][17.718s][info][gc,phases      ] GC(49)   Evacuate Collection Set: 0.61ms
[2026-04-03T01:18:30.159+0600][17.718s][info][gc,phases      ] GC(49)   Post Evacuate Collection Set: 0.44ms
[2026-04-03T01:18:30.159+0600][17.718s][info][gc,phases      ] GC(49)   Other: 0.11ms
[2026-04-03T01:18:30.159+0600][17.718s][info][gc,heap        ] GC(49) Eden regions: 45->0(45)
[2026-04-03T01:18:30.159+0600][17.718s][info][gc,heap        ] GC(49) Survivor regions: 1->1(6)
[2026-04-03T01:18:30.159+0600][17.718s][info][gc,heap        ] GC(49) Old regions: 11->11
[2026-04-03T01:18:30.159+0600][17.718s][info][gc,heap        ] GC(49) Humongous regions: 0->0
[2026-04-03T01:18:30.159+0600][17.718s][info][gc,metaspace   ] GC(49) Metaspace: 34665K(35520K)->34665K(35520K) NonClass: 31672K(32192K)->31672K(32192K) Class: 2993K(3328K)->2993K(3328K)
[2026-04-03T01:18:30.159+0600][17.718s][info][gc             ] GC(49) Pause Young (Normal) (G1 Evacuation Pause) 107M->17M(154M) 1.891ms
[2026-04-03T01:18:30.159+0600][17.718s][info][gc,cpu         ] GC(49) User=0.01s Sys=0.00s Real=0.00s
[2026-04-03T01:18:30.378+0600][17.938s][info][gc,start       ] GC(50) Pause Young (Normal) (G1 Evacuation Pause)
[2026-04-03T01:18:30.379+0600][17.938s][info][gc,task        ] GC(50) Using 10 workers of 10 for evacuation
[2026-04-03T01:18:30.380+0600][17.939s][info][gc,phases      ] GC(50)   Pre Evacuate Collection Set: 0.20ms
[2026-04-03T01:18:30.380+0600][17.939s][info][gc,phases      ] GC(50)   Merge Heap Roots: 0.21ms
[2026-04-03T01:18:30.380+0600][17.939s][info][gc,phases      ] GC(50)   Evacuate Collection Set: 0.48ms
[2026-04-03T01:18:30.380+0600][17.939s][info][gc,phases      ] GC(50)   Post Evacuate Collection Set: 0.39ms
[2026-04-03T01:18:30.380+0600][17.939s][info][gc,phases      ] GC(50)   Other: 0.09ms
[2026-04-03T01:18:30.380+0600][17.939s][info][gc,heap        ] GC(50) Eden regions: 45->0(45)
[2026-04-03T01:18:30.380+0600][17.939s][info][gc,heap        ] GC(50) Survivor regions: 1->1(6)
[2026-04-03T01:18:30.380+0600][17.939s][info][gc,heap        ] GC(50) Old regions: 11->11
[2026-04-03T01:18:30.380+0600][17.939s][info][gc,heap        ] GC(50) Humongous regions: 0->0
[2026-04-03T01:18:30.380+0600][17.939s][info][gc,metaspace   ] GC(50) Metaspace: 34665K(35520K)->34665K(35520K) NonClass: 31672K(32192K)->31672K(32192K) Class: 2993K(3328K)->2993K(3328K)
[2026-04-03T01:18:30.380+0600][17.939s][info][gc             ] GC(50) Pause Young (Normal) (G1 Evacuation Pause) 107M->17M(154M) 1.644ms
[2026-04-03T01:18:30.380+0600][17.939s][info][gc,cpu         ] GC(50) User=0.01s Sys=0.00s Real=0.01s
[2026-04-03T01:18:30.577+0600][18.136s][info][gc,start       ] GC(51) Pause Young (Normal) (GCLocker Initiated GC)
[2026-04-03T01:18:30.577+0600][18.136s][info][gc,task        ] GC(51) Using 10 workers of 10 for evacuation
[2026-04-03T01:18:30.578+0600][18.138s][info][gc,phases      ] GC(51)   Pre Evacuate Collection Set: 0.16ms
[2026-04-03T01:18:30.578+0600][18.138s][info][gc,phases      ] GC(51)   Merge Heap Roots: 0.10ms
[2026-04-03T01:18:30.579+0600][18.138s][info][gc,phases      ] GC(51)   Evacuate Collection Set: 0.57ms
[2026-04-03T01:18:30.579+0600][18.138s][info][gc,phases      ] GC(51)   Post Evacuate Collection Set: 0.55ms
[2026-04-03T01:18:30.579+0600][18.138s][info][gc,phases      ] GC(51)   Other: 0.09ms
[2026-04-03T01:18:30.579+0600][18.138s][info][gc,heap        ] GC(51) Eden regions: 46->0(45)
[2026-04-03T01:18:30.579+0600][18.138s][info][gc,heap        ] GC(51) Survivor regions: 1->1(6)
[2026-04-03T01:18:30.579+0600][18.138s][info][gc,heap        ] GC(51) Old regions: 11->11
[2026-04-03T01:18:30.579+0600][18.138s][info][gc,heap        ] GC(51) Humongous regions: 0->0
[2026-04-03T01:18:30.579+0600][18.138s][info][gc,metaspace   ] GC(51) Metaspace: 34665K(35520K)->34665K(35520K) NonClass: 31672K(32192K)->31672K(32192K) Class: 2993K(3328K)->2993K(3328K)
[2026-04-03T01:18:30.579+0600][18.138s][info][gc             ] GC(51) Pause Young (Normal) (GCLocker Initiated GC) 107M->17M(154M) 1.731ms
[2026-04-03T01:18:30.579+0600][18.138s][info][gc,cpu         ] GC(51) User=0.01s Sys=0.00s Real=0.00s
[2026-04-03T01:18:30.787+0600][18.347s][info][gc,start       ] GC(52) Pause Young (Normal) (G1 Evacuation Pause)
[2026-04-03T01:18:30.787+0600][18.347s][info][gc,task        ] GC(52) Using 10 workers of 10 for evacuation
[2026-04-03T01:18:30.789+0600][18.348s][info][gc,phases      ] GC(52)   Pre Evacuate Collection Set: 0.20ms
[2026-04-03T01:18:30.789+0600][18.348s][info][gc,phases      ] GC(52)   Merge Heap Roots: 0.12ms
[2026-04-03T01:18:30.789+0600][18.348s][info][gc,phases      ] GC(52)   Evacuate Collection Set: 0.57ms
[2026-04-03T01:18:30.789+0600][18.348s][info][gc,phases      ] GC(52)   Post Evacuate Collection Set: 0.44ms
[2026-04-03T01:18:30.789+0600][18.348s][info][gc,phases      ] GC(52)   Other: 0.11ms
[2026-04-03T01:18:30.789+0600][18.348s][info][gc,heap        ] GC(52) Eden regions: 45->0(45)
[2026-04-03T01:18:30.789+0600][18.348s][info][gc,heap        ] GC(52) Survivor regions: 1->1(6)
[2026-04-03T01:18:30.789+0600][18.348s][info][gc,heap        ] GC(52) Old regions: 11->11
[2026-04-03T01:18:30.789+0600][18.348s][info][gc,heap        ] GC(52) Humongous regions: 0->0
[2026-04-03T01:18:30.789+0600][18.348s][info][gc,metaspace   ] GC(52) Metaspace: 34665K(35520K)->34665K(35520K) NonClass: 31672K(32192K)->31672K(32192K) Class: 2993K(3328K)->2993K(3328K)
[2026-04-03T01:18:30.789+0600][18.348s][info][gc             ] GC(52) Pause Young (Normal) (G1 Evacuation Pause) 107M->17M(154M) 1.791ms
[2026-04-03T01:18:30.789+0600][18.348s][info][gc,cpu         ] GC(52) User=0.01s Sys=0.00s Real=0.00s
[2026-04-03T01:18:31.004+0600][18.563s][info][gc,start       ] GC(53) Pause Young (Normal) (G1 Evacuation Pause)
[2026-04-03T01:18:31.004+0600][18.564s][info][gc,task        ] GC(53) Using 10 workers of 10 for evacuation
[2026-04-03T01:18:31.006+0600][18.565s][info][gc,phases      ] GC(53)   Pre Evacuate Collection Set: 0.21ms
[2026-04-03T01:18:31.006+0600][18.565s][info][gc,phases      ] GC(53)   Merge Heap Roots: 0.10ms
[2026-04-03T01:18:31.006+0600][18.565s][info][gc,phases      ] GC(53)   Evacuate Collection Set: 0.59ms
[2026-04-03T01:18:31.006+0600][18.565s][info][gc,phases      ] GC(53)   Post Evacuate Collection Set: 0.40ms
[2026-04-03T01:18:31.006+0600][18.565s][info][gc,phases      ] GC(53)   Other: 0.11ms
[2026-04-03T01:18:31.006+0600][18.565s][info][gc,heap        ] GC(53) Eden regions: 45->0(45)
[2026-04-03T01:18:31.006+0600][18.565s][info][gc,heap        ] GC(53) Survivor regions: 1->1(6)
[2026-04-03T01:18:31.006+0600][18.565s][info][gc,heap        ] GC(53) Old regions: 11->11
[2026-04-03T01:18:31.006+0600][18.565s][info][gc,heap        ] GC(53) Humongous regions: 0->0
[2026-04-03T01:18:31.006+0600][18.565s][info][gc,metaspace   ] GC(53) Metaspace: 34665K(35520K)->34665K(35520K) NonClass: 31672K(32192K)->31672K(32192K) Class: 2993K(3328K)->2993K(3328K)
[2026-04-03T01:18:31.006+0600][18.565s][info][gc             ] GC(53) Pause Young (Normal) (G1 Evacuation Pause) 107M->17M(154M) 1.727ms
[2026-04-03T01:18:31.006+0600][18.565s][info][gc,cpu         ] GC(53) User=0.01s Sys=0.00s Real=0.00s
[2026-04-03T01:18:31.215+0600][18.774s][info][gc,start       ] GC(54) Pause Young (Normal) (G1 Evacuation Pause)
[2026-04-03T01:18:31.215+0600][18.774s][info][gc,task        ] GC(54) Using 10 workers of 10 for evacuation
[2026-04-03T01:18:31.216+0600][18.775s][info][gc,phases      ] GC(54)   Pre Evacuate Collection Set: 0.16ms
[2026-04-03T01:18:31.216+0600][18.776s][info][gc,phases      ] GC(54)   Merge Heap Roots: 0.11ms
[2026-04-03T01:18:31.216+0600][18.776s][info][gc,phases      ] GC(54)   Evacuate Collection Set: 0.60ms
[2026-04-03T01:18:31.216+0600][18.776s][info][gc,phases      ] GC(54)   Post Evacuate Collection Set: 0.38ms
[2026-04-03T01:18:31.216+0600][18.776s][info][gc,phases      ] GC(54)   Other: 0.20ms
[2026-04-03T01:18:31.216+0600][18.776s][info][gc,heap        ] GC(54) Eden regions: 45->0(45)
[2026-04-03T01:18:31.216+0600][18.776s][info][gc,heap        ] GC(54) Survivor regions: 1->1(6)
[2026-04-03T01:18:31.216+0600][18.776s][info][gc,heap        ] GC(54) Old regions: 11->11
[2026-04-03T01:18:31.216+0600][18.776s][info][gc,heap        ] GC(54) Humongous regions: 0->0
[2026-04-03T01:18:31.216+0600][18.776s][info][gc,metaspace   ] GC(54) Metaspace: 34665K(35520K)->34665K(35520K) NonClass: 31672K(32192K)->31672K(32192K) Class: 2993K(3328K)->2993K(3328K)
[2026-04-03T01:18:31.216+0600][18.776s][info][gc             ] GC(54) Pause Young (Normal) (G1 Evacuation Pause) 107M->17M(154M) 1.742ms
[2026-04-03T01:18:31.216+0600][18.776s][info][gc,cpu         ] GC(54) User=0.01s Sys=0.00s Real=0.00s
[2026-04-03T01:18:31.422+0600][18.981s][info][gc,start       ] GC(55) Pause Young (Normal) (G1 Evacuation Pause)
[2026-04-03T01:18:31.422+0600][18.981s][info][gc,task        ] GC(55) Using 10 workers of 10 for evacuation
[2026-04-03T01:18:31.423+0600][18.982s][info][gc,phases      ] GC(55)   Pre Evacuate Collection Set: 0.15ms
[2026-04-03T01:18:31.423+0600][18.982s][info][gc,phases      ] GC(55)   Merge Heap Roots: 0.09ms
[2026-04-03T01:18:31.423+0600][18.982s][info][gc,phases      ] GC(55)   Evacuate Collection Set: 0.45ms
[2026-04-03T01:18:31.423+0600][18.982s][info][gc,phases      ] GC(55)   Post Evacuate Collection Set: 0.37ms
[2026-04-03T01:18:31.423+0600][18.982s][info][gc,phases      ] GC(55)   Other: 0.07ms
[2026-04-03T01:18:31.423+0600][18.982s][info][gc,heap        ] GC(55) Eden regions: 45->0(45)
[2026-04-03T01:18:31.423+0600][18.982s][info][gc,heap        ] GC(55) Survivor regions: 1->1(6)
[2026-04-03T01:18:31.423+0600][18.982s][info][gc,heap        ] GC(55) Old regions: 11->11
[2026-04-03T01:18:31.423+0600][18.983s][info][gc,heap        ] GC(55) Humongous regions: 0->0
[2026-04-03T01:18:31.423+0600][18.983s][info][gc,metaspace   ] GC(55) Metaspace: 34666K(35520K)->34666K(35520K) NonClass: 31672K(32192K)->31672K(32192K) Class: 2993K(3328K)->2993K(3328K)
[2026-04-03T01:18:31.423+0600][18.983s][info][gc             ] GC(55) Pause Young (Normal) (G1 Evacuation Pause) 107M->17M(154M) 1.334ms
[2026-04-03T01:18:31.423+0600][18.983s][info][gc,cpu         ] GC(55) User=0.00s Sys=0.00s Real=0.00s
[2026-04-03T01:18:31.620+0600][19.180s][info][gc,start       ] GC(56) Pause Young (Normal) (G1 Evacuation Pause)
[2026-04-03T01:18:31.620+0600][19.180s][info][gc,task        ] GC(56) Using 10 workers of 10 for evacuation
[2026-04-03T01:18:31.622+0600][19.181s][info][gc,phases      ] GC(56)   Pre Evacuate Collection Set: 0.15ms
[2026-04-03T01:18:31.622+0600][19.181s][info][gc,phases      ] GC(56)   Merge Heap Roots: 0.09ms
[2026-04-03T01:18:31.622+0600][19.181s][info][gc,phases      ] GC(56)   Evacuate Collection Set: 0.46ms
[2026-04-03T01:18:31.622+0600][19.181s][info][gc,phases      ] GC(56)   Post Evacuate Collection Set: 0.32ms
[2026-04-03T01:18:31.622+0600][19.181s][info][gc,phases      ] GC(56)   Other: 0.07ms
[2026-04-03T01:18:31.622+0600][19.181s][info][gc,heap        ] GC(56) Eden regions: 45->0(45)
[2026-04-03T01:18:31.622+0600][19.181s][info][gc,heap        ] GC(56) Survivor regions: 1->1(6)
[2026-04-03T01:18:31.622+0600][19.181s][info][gc,heap        ] GC(56) Old regions: 11->11
[2026-04-03T01:18:31.622+0600][19.181s][info][gc,heap        ] GC(56) Humongous regions: 0->0
[2026-04-03T01:18:31.622+0600][19.181s][info][gc,metaspace   ] GC(56) Metaspace: 34667K(35520K)->34667K(35520K) NonClass: 31673K(32192K)->31673K(32192K) Class: 2993K(3328K)->2993K(3328K)
[2026-04-03T01:18:31.622+0600][19.181s][info][gc             ] GC(56) Pause Young (Normal) (G1 Evacuation Pause) 107M->17M(154M) 1.306ms
[2026-04-03T01:18:31.622+0600][19.181s][info][gc,cpu         ] GC(56) User=0.01s Sys=0.01s Real=0.00s
[2026-04-03T01:18:31.812+0600][19.371s][info][gc,start       ] GC(57) Pause Young (Normal) (G1 Evacuation Pause)
[2026-04-03T01:18:31.812+0600][19.371s][info][gc,task        ] GC(57) Using 10 workers of 10 for evacuation
[2026-04-03T01:18:31.813+0600][19.373s][info][gc,phases      ] GC(57)   Pre Evacuate Collection Set: 0.18ms
[2026-04-03T01:18:31.813+0600][19.373s][info][gc,phases      ] GC(57)   Merge Heap Roots: 0.11ms
[2026-04-03T01:18:31.813+0600][19.373s][info][gc,phases      ] GC(57)   Evacuate Collection Set: 0.62ms
[2026-04-03T01:18:31.813+0600][19.373s][info][gc,phases      ] GC(57)   Post Evacuate Collection Set: 0.38ms
[2026-04-03T01:18:31.813+0600][19.373s][info][gc,phases      ] GC(57)   Other: 0.09ms
[2026-04-03T01:18:31.813+0600][19.373s][info][gc,heap        ] GC(57) Eden regions: 45->0(45)
[2026-04-03T01:18:31.813+0600][19.373s][info][gc,heap        ] GC(57) Survivor regions: 1->1(6)
[2026-04-03T01:18:31.813+0600][19.373s][info][gc,heap        ] GC(57) Old regions: 11->11
[2026-04-03T01:18:31.813+0600][19.373s][info][gc,heap        ] GC(57) Humongous regions: 0->0
[2026-04-03T01:18:31.813+0600][19.373s][info][gc,metaspace   ] GC(57) Metaspace: 34668K(35520K)->34668K(35520K) NonClass: 31674K(32192K)->31674K(32192K) Class: 2993K(3328K)->2993K(3328K)
[2026-04-03T01:18:31.814+0600][19.373s][info][gc             ] GC(57) Pause Young (Normal) (G1 Evacuation Pause) 107M->17M(154M) 1.671ms
[2026-04-03T01:18:31.814+0600][19.373s][info][gc,cpu         ] GC(57) User=0.01s Sys=0.00s Real=0.00s
[2026-04-03T01:18:32.001+0600][19.560s][info][gc,start       ] GC(58) Pause Young (Normal) (G1 Evacuation Pause)
[2026-04-03T01:18:32.001+0600][19.560s][info][gc,task        ] GC(58) Using 10 workers of 10 for evacuation
[2026-04-03T01:18:32.002+0600][19.562s][info][gc,phases      ] GC(58)   Pre Evacuate Collection Set: 0.16ms
[2026-04-03T01:18:32.002+0600][19.562s][info][gc,phases      ] GC(58)   Merge Heap Roots: 0.10ms
[2026-04-03T01:18:32.002+0600][19.562s][info][gc,phases      ] GC(58)   Evacuate Collection Set: 0.45ms
[2026-04-03T01:18:32.002+0600][19.562s][info][gc,phases      ] GC(58)   Post Evacuate Collection Set: 0.44ms
[2026-04-03T01:18:32.002+0600][19.562s][info][gc,phases      ] GC(58)   Other: 0.09ms
[2026-04-03T01:18:32.002+0600][19.562s][info][gc,heap        ] GC(58) Eden regions: 45->0(45)
[2026-04-03T01:18:32.002+0600][19.562s][info][gc,heap        ] GC(58) Survivor regions: 1->1(6)
[2026-04-03T01:18:32.002+0600][19.562s][info][gc,heap        ] GC(58) Old regions: 11->11
[2026-04-03T01:18:32.002+0600][19.562s][info][gc,heap        ] GC(58) Humongous regions: 0->0
[2026-04-03T01:18:32.002+0600][19.562s][info][gc,metaspace   ] GC(58) Metaspace: 34668K(35520K)->34668K(35520K) NonClass: 31674K(32192K)->31674K(32192K) Class: 2993K(3328K)->2993K(3328K)
[2026-04-03T01:18:32.002+0600][19.562s][info][gc             ] GC(58) Pause Young (Normal) (G1 Evacuation Pause) 107M->17M(154M) 1.509ms
[2026-04-03T01:18:32.002+0600][19.562s][info][gc,cpu         ] GC(58) User=0.00s Sys=0.00s Real=0.00s
[2026-04-03T01:18:32.191+0600][19.751s][info][gc,start       ] GC(59) Pause Young (Normal) (G1 Evacuation Pause)
[2026-04-03T01:18:32.191+0600][19.751s][info][gc,task        ] GC(59) Using 10 workers of 10 for evacuation
[2026-04-03T01:18:32.193+0600][19.752s][info][gc,phases      ] GC(59)   Pre Evacuate Collection Set: 0.14ms
[2026-04-03T01:18:32.193+0600][19.752s][info][gc,phases      ] GC(59)   Merge Heap Roots: 0.10ms
[2026-04-03T01:18:32.193+0600][19.752s][info][gc,phases      ] GC(59)   Evacuate Collection Set: 0.42ms
[2026-04-03T01:18:32.193+0600][19.752s][info][gc,phases      ] GC(59)   Post Evacuate Collection Set: 0.31ms
[2026-04-03T01:18:32.193+0600][19.752s][info][gc,phases      ] GC(59)   Other: 0.08ms
[2026-04-03T01:18:32.193+0600][19.752s][info][gc,heap        ] GC(59) Eden regions: 45->0(45)
[2026-04-03T01:18:32.193+0600][19.752s][info][gc,heap        ] GC(59) Survivor regions: 1->1(6)
[2026-04-03T01:18:32.193+0600][19.752s][info][gc,heap        ] GC(59) Old regions: 11->11
[2026-04-03T01:18:32.193+0600][19.752s][info][gc,heap        ] GC(59) Humongous regions: 0->0
[2026-04-03T01:18:32.193+0600][19.752s][info][gc,metaspace   ] GC(59) Metaspace: 34671K(35520K)->34671K(35520K) NonClass: 31677K(32192K)->31677K(32192K) Class: 2993K(3328K)->2993K(3328K)
[2026-04-03T01:18:32.193+0600][19.752s][info][gc             ] GC(59) Pause Young (Normal) (G1 Evacuation Pause) 107M->17M(154M) 1.263ms
[2026-04-03T01:18:32.193+0600][19.752s][info][gc,cpu         ] GC(59) User=0.01s Sys=0.00s Real=0.00s
[2026-04-03T01:18:32.386+0600][19.946s][info][gc,start       ] GC(60) Pause Young (Normal) (G1 Evacuation Pause)
[2026-04-03T01:18:32.386+0600][19.946s][info][gc,task        ] GC(60) Using 10 workers of 10 for evacuation
[2026-04-03T01:18:32.388+0600][19.947s][info][gc,phases      ] GC(60)   Pre Evacuate Collection Set: 0.21ms
[2026-04-03T01:18:32.388+0600][19.947s][info][gc,phases      ] GC(60)   Merge Heap Roots: 0.13ms
[2026-04-03T01:18:32.388+0600][19.947s][info][gc,phases      ] GC(60)   Evacuate Collection Set: 0.63ms
[2026-04-03T01:18:32.388+0600][19.947s][info][gc,phases      ] GC(60)   Post Evacuate Collection Set: 0.49ms
[2026-04-03T01:18:32.388+0600][19.947s][info][gc,phases      ] GC(60)   Other: 0.18ms
[2026-04-03T01:18:32.388+0600][19.947s][info][gc,heap        ] GC(60) Eden regions: 45->0(45)
[2026-04-03T01:18:32.388+0600][19.947s][info][gc,heap        ] GC(60) Survivor regions: 1->1(6)
[2026-04-03T01:18:32.388+0600][19.947s][info][gc,heap        ] GC(60) Old regions: 11->11
[2026-04-03T01:18:32.388+0600][19.947s][info][gc,heap        ] GC(60) Humongous regions: 0->0
[2026-04-03T01:18:32.388+0600][19.947s][info][gc,metaspace   ] GC(60) Metaspace: 34671K(35520K)->34671K(35520K) NonClass: 31677K(32192K)->31677K(32192K) Class: 2993K(3328K)->2993K(3328K)
[2026-04-03T01:18:32.388+0600][19.947s][info][gc             ] GC(60) Pause Young (Normal) (G1 Evacuation Pause) 107M->17M(154M) 1.962ms
[2026-04-03T01:18:32.388+0600][19.948s][info][gc,cpu         ] GC(60) User=0.01s Sys=0.01s Real=0.00s
[2026-04-03T01:18:32.581+0600][20.141s][info][gc,start       ] GC(61) Pause Young (Normal) (G1 Evacuation Pause)
[2026-04-03T01:18:32.582+0600][20.141s][info][gc,task        ] GC(61) Using 10 workers of 10 for evacuation
[2026-04-03T01:18:32.583+0600][20.142s][info][gc,phases      ] GC(61)   Pre Evacuate Collection Set: 0.17ms
[2026-04-03T01:18:32.605+0600][20.164s][info][gc,phases      ] GC(61)   Merge Heap Roots: 0.10ms
[2026-04-03T01:18:32.605+0600][20.164s][info][gc,phases      ] GC(61)   Evacuate Collection Set: 0.49ms
[2026-04-03T01:18:32.605+0600][20.164s][info][gc,phases      ] GC(61)   Post Evacuate Collection Set: 0.32ms
[2026-04-03T01:18:32.605+0600][20.164s][info][gc,phases      ] GC(61)   Other: 0.10ms
[2026-04-03T01:18:32.605+0600][20.164s][info][gc,heap        ] GC(61) Eden regions: 45->0(45)
[2026-04-03T01:18:32.605+0600][20.164s][info][gc,heap        ] GC(61) Survivor regions: 1->1(6)
[2026-04-03T01:18:32.605+0600][20.164s][info][gc,heap        ] GC(61) Old regions: 11->11
[2026-04-03T01:18:32.605+0600][20.164s][info][gc,heap        ] GC(61) Humongous regions: 0->0
[2026-04-03T01:18:32.605+0600][20.164s][info][gc,metaspace   ] GC(61) Metaspace: 34681K(35520K)->34681K(35520K) NonClass: 31686K(32192K)->31686K(32192K) Class: 2994K(3328K)->2994K(3328K)
[2026-04-03T01:18:32.605+0600][20.164s][info][gc             ] GC(61) Pause Young (Normal) (G1 Evacuation Pause) 107M->17M(154M) 23.698ms
[2026-04-03T01:18:32.605+0600][20.165s][info][gc,cpu         ] GC(61) User=0.01s Sys=0.00s Real=0.02s
[2026-04-03T01:18:32.805+0600][20.364s][info][gc,start       ] GC(62) Pause Young (Normal) (G1 Evacuation Pause)
[2026-04-03T01:18:32.805+0600][20.364s][info][gc,task        ] GC(62) Using 10 workers of 10 for evacuation
[2026-04-03T01:18:32.806+0600][20.366s][info][gc,phases      ] GC(62)   Pre Evacuate Collection Set: 0.17ms
[2026-04-03T01:18:32.806+0600][20.366s][info][gc,phases      ] GC(62)   Merge Heap Roots: 0.11ms
[2026-04-03T01:18:32.806+0600][20.366s][info][gc,phases      ] GC(62)   Evacuate Collection Set: 0.54ms
[2026-04-03T01:18:32.806+0600][20.366s][info][gc,phases      ] GC(62)   Post Evacuate Collection Set: 0.36ms
[2026-04-03T01:18:32.806+0600][20.366s][info][gc,phases      ] GC(62)   Other: 0.10ms
[2026-04-03T01:18:32.807+0600][20.366s][info][gc,heap        ] GC(62) Eden regions: 45->0(45)
[2026-04-03T01:18:32.807+0600][20.366s][info][gc,heap        ] GC(62) Survivor regions: 1->1(6)
[2026-04-03T01:18:32.807+0600][20.366s][info][gc,heap        ] GC(62) Old regions: 11->11
[2026-04-03T01:18:32.807+0600][20.366s][info][gc,heap        ] GC(62) Humongous regions: 0->0
[2026-04-03T01:18:32.807+0600][20.366s][info][gc,metaspace   ] GC(62) Metaspace: 34681K(35520K)->34681K(35520K) NonClass: 31686K(32192K)->31686K(32192K) Class: 2994K(3328K)->2994K(3328K)
[2026-04-03T01:18:32.807+0600][20.366s][info][gc             ] GC(62) Pause Young (Normal) (G1 Evacuation Pause) 107M->17M(154M) 1.594ms
[2026-04-03T01:18:32.807+0600][20.366s][info][gc,cpu         ] GC(62) User=0.01s Sys=0.00s Real=0.00s
[2026-04-03T01:18:32.996+0600][20.555s][info][gc,start       ] GC(63) Pause Young (Normal) (G1 Evacuation Pause)
[2026-04-03T01:18:32.996+0600][20.555s][info][gc,task        ] GC(63) Using 10 workers of 10 for evacuation
[2026-04-03T01:18:32.997+0600][20.556s][info][gc,phases      ] GC(63)   Pre Evacuate Collection Set: 0.16ms
[2026-04-03T01:18:32.997+0600][20.556s][info][gc,phases      ] GC(63)   Merge Heap Roots: 0.10ms
[2026-04-03T01:18:32.997+0600][20.556s][info][gc,phases      ] GC(63)   Evacuate Collection Set: 0.48ms
[2026-04-03T01:18:32.997+0600][20.556s][info][gc,phases      ] GC(63)   Post Evacuate Collection Set: 0.34ms
[2026-04-03T01:18:32.997+0600][20.556s][info][gc,phases      ] GC(63)   Other: 0.10ms
[2026-04-03T01:18:32.997+0600][20.556s][info][gc,heap        ] GC(63) Eden regions: 45->0(45)
[2026-04-03T01:18:32.997+0600][20.556s][info][gc,heap        ] GC(63) Survivor regions: 1->1(6)
[2026-04-03T01:18:32.997+0600][20.556s][info][gc,heap        ] GC(63) Old regions: 11->11
[2026-04-03T01:18:32.997+0600][20.556s][info][gc,heap        ] GC(63) Humongous regions: 0->0
[2026-04-03T01:18:32.997+0600][20.556s][info][gc,metaspace   ] GC(63) Metaspace: 34681K(35520K)->34681K(35520K) NonClass: 31686K(32192K)->31686K(32192K) Class: 2994K(3328K)->2994K(3328K)
[2026-04-03T01:18:32.997+0600][20.556s][info][gc             ] GC(63) Pause Young (Normal) (G1 Evacuation Pause) 107M->17M(154M) 1.454ms
[2026-04-03T01:18:32.997+0600][20.556s][info][gc,cpu         ] GC(63) User=0.01s Sys=0.01s Real=0.00s
[2026-04-03T01:18:33.187+0600][20.747s][info][gc,start       ] GC(64) Pause Young (Normal) (G1 Evacuation Pause)
[2026-04-03T01:18:33.188+0600][20.747s][info][gc,task        ] GC(64) Using 10 workers of 10 for evacuation
[2026-04-03T01:18:33.189+0600][20.748s][info][gc,phases      ] GC(64)   Pre Evacuate Collection Set: 0.16ms
[2026-04-03T01:18:33.189+0600][20.748s][info][gc,phases      ] GC(64)   Merge Heap Roots: 0.11ms
[2026-04-03T01:18:33.189+0600][20.748s][info][gc,phases      ] GC(64)   Evacuate Collection Set: 0.51ms
[2026-04-03T01:18:33.189+0600][20.748s][info][gc,phases      ] GC(64)   Post Evacuate Collection Set: 0.32ms
[2026-04-03T01:18:33.189+0600][20.748s][info][gc,phases      ] GC(64)   Other: 0.09ms
[2026-04-03T01:18:33.189+0600][20.748s][info][gc,heap        ] GC(64) Eden regions: 45->0(45)
[2026-04-03T01:18:33.189+0600][20.748s][info][gc,heap        ] GC(64) Survivor regions: 1->1(6)
[2026-04-03T01:18:33.189+0600][20.748s][info][gc,heap        ] GC(64) Old regions: 11->11
[2026-04-03T01:18:33.189+0600][20.748s][info][gc,heap        ] GC(64) Humongous regions: 0->0
[2026-04-03T01:18:33.189+0600][20.748s][info][gc,metaspace   ] GC(64) Metaspace: 34684K(35520K)->34684K(35520K) NonClass: 31689K(32192K)->31689K(32192K) Class: 2994K(3328K)->2994K(3328K)
[2026-04-03T01:18:33.189+0600][20.748s][info][gc             ] GC(64) Pause Young (Normal) (G1 Evacuation Pause) 107M->17M(154M) 1.457ms
[2026-04-03T01:18:33.189+0600][20.748s][info][gc,cpu         ] GC(64) User=0.01s Sys=0.00s Real=0.00s
[2026-04-03T01:18:33.377+0600][20.936s][info][gc,start       ] GC(65) Pause Young (Normal) (G1 Evacuation Pause)
[2026-04-03T01:18:33.377+0600][20.936s][info][gc,task        ] GC(65) Using 10 workers of 10 for evacuation
[2026-04-03T01:18:33.379+0600][20.938s][info][gc,phases      ] GC(65)   Pre Evacuate Collection Set: 0.17ms
[2026-04-03T01:18:33.379+0600][20.938s][info][gc,phases      ] GC(65)   Merge Heap Roots: 0.10ms
[2026-04-03T01:18:33.379+0600][20.938s][info][gc,phases      ] GC(65)   Evacuate Collection Set: 0.88ms
[2026-04-03T01:18:33.379+0600][20.938s][info][gc,phases      ] GC(65)   Post Evacuate Collection Set: 0.39ms
[2026-04-03T01:18:33.379+0600][20.938s][info][gc,phases      ] GC(65)   Other: 0.09ms
[2026-04-03T01:18:33.379+0600][20.938s][info][gc,heap        ] GC(65) Eden regions: 45->0(45)
[2026-04-03T01:18:33.379+0600][20.938s][info][gc,heap        ] GC(65) Survivor regions: 1->1(6)
[2026-04-03T01:18:33.379+0600][20.938s][info][gc,heap        ] GC(65) Old regions: 11->11
[2026-04-03T01:18:33.379+0600][20.938s][info][gc,heap        ] GC(65) Humongous regions: 0->0
[2026-04-03T01:18:33.379+0600][20.938s][info][gc,metaspace   ] GC(65) Metaspace: 34684K(35520K)->34684K(35520K) NonClass: 31689K(32192K)->31689K(32192K) Class: 2994K(3328K)->2994K(3328K)
[2026-04-03T01:18:33.379+0600][20.938s][info][gc             ] GC(65) Pause Young (Normal) (G1 Evacuation Pause) 107M->17M(154M) 1.927ms
[2026-04-03T01:18:33.379+0600][20.938s][info][gc,cpu         ] GC(65) User=0.00s Sys=0.00s Real=0.00s
[2026-04-03T01:18:33.565+0600][21.124s][info][gc,start       ] GC(66) Pause Young (Normal) (G1 Evacuation Pause)
[2026-04-03T01:18:33.565+0600][21.124s][info][gc,task        ] GC(66) Using 10 workers of 10 for evacuation
[2026-04-03T01:18:33.566+0600][21.126s][info][gc,phases      ] GC(66)   Pre Evacuate Collection Set: 0.17ms
[2026-04-03T01:18:33.566+0600][21.126s][info][gc,phases      ] GC(66)   Merge Heap Roots: 0.09ms
[2026-04-03T01:18:33.566+0600][21.126s][info][gc,phases      ] GC(66)   Evacuate Collection Set: 0.56ms
[2026-04-03T01:18:33.566+0600][21.126s][info][gc,phases      ] GC(66)   Post Evacuate Collection Set: 0.37ms
[2026-04-03T01:18:33.566+0600][21.126s][info][gc,phases      ] GC(66)   Other: 0.10ms
[2026-04-03T01:18:33.566+0600][21.126s][info][gc,heap        ] GC(66) Eden regions: 45->0(45)
[2026-04-03T01:18:33.566+0600][21.126s][info][gc,heap        ] GC(66) Survivor regions: 1->1(6)
[2026-04-03T01:18:33.566+0600][21.126s][info][gc,heap        ] GC(66) Old regions: 11->11
[2026-04-03T01:18:33.566+0600][21.126s][info][gc,heap        ] GC(66) Humongous regions: 0->0
[2026-04-03T01:18:33.566+0600][21.126s][info][gc,metaspace   ] GC(66) Metaspace: 34684K(35520K)->34684K(35520K) NonClass: 31689K(32192K)->31689K(32192K) Class: 2994K(3328K)->2994K(3328K)
[2026-04-03T01:18:33.566+0600][21.126s][info][gc             ] GC(66) Pause Young (Normal) (G1 Evacuation Pause) 107M->17M(154M) 1.558ms
[2026-04-03T01:18:33.566+0600][21.126s][info][gc,cpu         ] GC(66) User=0.00s Sys=0.01s Real=0.00s
[2026-04-03T01:18:33.757+0600][21.316s][info][gc,start       ] GC(67) Pause Young (Normal) (G1 Evacuation Pause)
[2026-04-03T01:18:33.757+0600][21.316s][info][gc,task        ] GC(67) Using 10 workers of 10 for evacuation
[2026-04-03T01:18:33.758+0600][21.318s][info][gc,phases      ] GC(67)   Pre Evacuate Collection Set: 0.18ms
[2026-04-03T01:18:33.758+0600][21.318s][info][gc,phases      ] GC(67)   Merge Heap Roots: 0.11ms
[2026-04-03T01:18:33.758+0600][21.318s][info][gc,phases      ] GC(67)   Evacuate Collection Set: 0.53ms
[2026-04-03T01:18:33.758+0600][21.318s][info][gc,phases      ] GC(67)   Post Evacuate Collection Set: 0.37ms
[2026-04-03T01:18:33.758+0600][21.318s][info][gc,phases      ] GC(67)   Other: 0.15ms
[2026-04-03T01:18:33.758+0600][21.318s][info][gc,heap        ] GC(67) Eden regions: 45->0(45)
[2026-04-03T01:18:33.758+0600][21.318s][info][gc,heap        ] GC(67) Survivor regions: 1->1(6)
[2026-04-03T01:18:33.758+0600][21.318s][info][gc,heap        ] GC(67) Old regions: 11->11
[2026-04-03T01:18:33.758+0600][21.318s][info][gc,heap        ] GC(67) Humongous regions: 0->0
[2026-04-03T01:18:33.758+0600][21.318s][info][gc,metaspace   ] GC(67) Metaspace: 34685K(35520K)->34685K(35520K) NonClass: 31691K(32192K)->31691K(32192K) Class: 2994K(3328K)->2994K(3328K)
[2026-04-03T01:18:33.758+0600][21.318s][info][gc             ] GC(67) Pause Young (Normal) (G1 Evacuation Pause) 107M->17M(154M) 1.613ms
[2026-04-03T01:18:33.759+0600][21.318s][info][gc,cpu         ] GC(67) User=0.01s Sys=0.00s Real=0.00s
[2026-04-03T01:18:33.945+0600][21.504s][info][gc,start       ] GC(68) Pause Young (Normal) (G1 Evacuation Pause)
[2026-04-03T01:18:33.945+0600][21.505s][info][gc,task        ] GC(68) Using 10 workers of 10 for evacuation
[2026-04-03T01:18:33.947+0600][21.506s][info][gc,phases      ] GC(68)   Pre Evacuate Collection Set: 0.28ms
[2026-04-03T01:18:33.947+0600][21.506s][info][gc,phases      ] GC(68)   Merge Heap Roots: 0.17ms
[2026-04-03T01:18:33.947+0600][21.506s][info][gc,phases      ] GC(68)   Evacuate Collection Set: 0.55ms
[2026-04-03T01:18:33.947+0600][21.506s][info][gc,phases      ] GC(68)   Post Evacuate Collection Set: 0.36ms
[2026-04-03T01:18:33.947+0600][21.506s][info][gc,phases      ] GC(68)   Other: 0.15ms
[2026-04-03T01:18:33.947+0600][21.506s][info][gc,heap        ] GC(68) Eden regions: 45->0(45)
[2026-04-03T01:18:33.947+0600][21.506s][info][gc,heap        ] GC(68) Survivor regions: 1->1(6)
[2026-04-03T01:18:33.947+0600][21.506s][info][gc,heap        ] GC(68) Old regions: 11->11
[2026-04-03T01:18:33.947+0600][21.506s][info][gc,heap        ] GC(68) Humongous regions: 0->0
[2026-04-03T01:18:33.947+0600][21.506s][info][gc,metaspace   ] GC(68) Metaspace: 34685K(35520K)->34685K(35520K) NonClass: 31691K(32192K)->31691K(32192K) Class: 2994K(3328K)->2994K(3328K)
[2026-04-03T01:18:33.947+0600][21.506s][info][gc             ] GC(68) Pause Young (Normal) (G1 Evacuation Pause) 107M->17M(154M) 1.825ms
[2026-04-03T01:18:33.947+0600][21.506s][info][gc,cpu         ] GC(68) User=0.01s Sys=0.00s Real=0.00s
[2026-04-03T01:18:34.135+0600][21.695s][info][gc,start       ] GC(69) Pause Young (Normal) (G1 Evacuation Pause)
[2026-04-03T01:18:34.136+0600][21.695s][info][gc,task        ] GC(69) Using 10 workers of 10 for evacuation
[2026-04-03T01:18:34.137+0600][21.696s][info][gc,phases      ] GC(69)   Pre Evacuate Collection Set: 0.17ms
[2026-04-03T01:18:34.137+0600][21.696s][info][gc,phases      ] GC(69)   Merge Heap Roots: 0.11ms
[2026-04-03T01:18:34.137+0600][21.696s][info][gc,phases      ] GC(69)   Evacuate Collection Set: 0.59ms
[2026-04-03T01:18:34.137+0600][21.696s][info][gc,phases      ] GC(69)   Post Evacuate Collection Set: 0.30ms
[2026-04-03T01:18:34.137+0600][21.696s][info][gc,phases      ] GC(69)   Other: 0.08ms
[2026-04-03T01:18:34.137+0600][21.696s][info][gc,heap        ] GC(69) Eden regions: 45->0(45)
[2026-04-03T01:18:34.137+0600][21.696s][info][gc,heap        ] GC(69) Survivor regions: 1->1(6)
[2026-04-03T01:18:34.137+0600][21.696s][info][gc,heap        ] GC(69) Old regions: 11->11
[2026-04-03T01:18:34.137+0600][21.696s][info][gc,heap        ] GC(69) Humongous regions: 0->0
[2026-04-03T01:18:34.137+0600][21.696s][info][gc,metaspace   ] GC(69) Metaspace: 34685K(35520K)->34685K(35520K) NonClass: 31691K(32192K)->31691K(32192K) Class: 2994K(3328K)->2994K(3328K)
[2026-04-03T01:18:34.137+0600][21.696s][info][gc             ] GC(69) Pause Young (Normal) (G1 Evacuation Pause) 107M->17M(154M) 1.495ms
[2026-04-03T01:18:34.137+0600][21.696s][info][gc,cpu         ] GC(69) User=0.01s Sys=0.00s Real=0.00s
[2026-04-03T01:18:34.329+0600][21.889s][info][gc,start       ] GC(70) Pause Young (Normal) (G1 Evacuation Pause)
[2026-04-03T01:18:34.330+0600][21.889s][info][gc,task        ] GC(70) Using 10 workers of 10 for evacuation
[2026-04-03T01:18:34.331+0600][21.891s][info][gc,phases      ] GC(70)   Pre Evacuate Collection Set: 0.32ms
[2026-04-03T01:18:34.331+0600][21.891s][info][gc,phases      ] GC(70)   Merge Heap Roots: 0.17ms
[2026-04-03T01:18:34.331+0600][21.891s][info][gc,phases      ] GC(70)   Evacuate Collection Set: 0.68ms
[2026-04-03T01:18:34.331+0600][21.891s][info][gc,phases      ] GC(70)   Post Evacuate Collection Set: 0.46ms
[2026-04-03T01:18:34.331+0600][21.891s][info][gc,phases      ] GC(70)   Other: 0.11ms
[2026-04-03T01:18:34.331+0600][21.891s][info][gc,heap        ] GC(70) Eden regions: 45->0(45)
[2026-04-03T01:18:34.331+0600][21.891s][info][gc,heap        ] GC(70) Survivor regions: 1->1(6)
[2026-04-03T01:18:34.331+0600][21.891s][info][gc,heap        ] GC(70) Old regions: 11->11
[2026-04-03T01:18:34.331+0600][21.891s][info][gc,heap        ] GC(70) Humongous regions: 0->0
[2026-04-03T01:18:34.331+0600][21.891s][info][gc,metaspace   ] GC(70) Metaspace: 34685K(35520K)->34685K(35520K) NonClass: 31691K(32192K)->31691K(32192K) Class: 2994K(3328K)->2994K(3328K)
[2026-04-03T01:18:34.332+0600][21.891s][info][gc             ] GC(70) Pause Young (Normal) (G1 Evacuation Pause) 107M->17M(154M) 2.059ms
[2026-04-03T01:18:34.332+0600][21.891s][info][gc,cpu         ] GC(70) User=0.01s Sys=0.00s Real=0.01s
[2026-04-03T01:18:34.521+0600][22.080s][info][gc,start       ] GC(71) Pause Young (Normal) (G1 Evacuation Pause)
[2026-04-03T01:18:34.521+0600][22.080s][info][gc,task        ] GC(71) Using 10 workers of 10 for evacuation
[2026-04-03T01:18:34.522+0600][22.082s][info][gc,phases      ] GC(71)   Pre Evacuate Collection Set: 0.16ms
[2026-04-03T01:18:34.522+0600][22.082s][info][gc,phases      ] GC(71)   Merge Heap Roots: 0.11ms
[2026-04-03T01:18:34.522+0600][22.082s][info][gc,phases      ] GC(71)   Evacuate Collection Set: 0.55ms
[2026-04-03T01:18:34.522+0600][22.082s][info][gc,phases      ] GC(71)   Post Evacuate Collection Set: 0.49ms
[2026-04-03T01:18:34.522+0600][22.082s][info][gc,phases      ] GC(71)   Other: 0.18ms
[2026-04-03T01:18:34.522+0600][22.082s][info][gc,heap        ] GC(71) Eden regions: 45->0(45)
[2026-04-03T01:18:34.522+0600][22.082s][info][gc,heap        ] GC(71) Survivor regions: 1->1(6)
[2026-04-03T01:18:34.522+0600][22.082s][info][gc,heap        ] GC(71) Old regions: 11->11
[2026-04-03T01:18:34.522+0600][22.082s][info][gc,heap        ] GC(71) Humongous regions: 0->0
[2026-04-03T01:18:34.522+0600][22.082s][info][gc,metaspace   ] GC(71) Metaspace: 34685K(35520K)->34685K(35520K) NonClass: 31691K(32192K)->31691K(32192K) Class: 2994K(3328K)->2994K(3328K)
[2026-04-03T01:18:34.522+0600][22.082s][info][gc             ] GC(71) Pause Young (Normal) (G1 Evacuation Pause) 107M->17M(154M) 1.811ms
[2026-04-03T01:18:34.522+0600][22.082s][info][gc,cpu         ] GC(71) User=0.00s Sys=0.00s Real=0.00s
[2026-04-03T01:18:34.714+0600][22.273s][info][gc,start       ] GC(72) Pause Young (Normal) (G1 Evacuation Pause)
[2026-04-03T01:18:34.714+0600][22.273s][info][gc,task        ] GC(72) Using 10 workers of 10 for evacuation
[2026-04-03T01:18:34.715+0600][22.275s][info][gc,phases      ] GC(72)   Pre Evacuate Collection Set: 0.18ms
[2026-04-03T01:18:34.715+0600][22.275s][info][gc,phases      ] GC(72)   Merge Heap Roots: 0.10ms
[2026-04-03T01:18:34.715+0600][22.275s][info][gc,phases      ] GC(72)   Evacuate Collection Set: 0.54ms
[2026-04-03T01:18:34.715+0600][22.275s][info][gc,phases      ] GC(72)   Post Evacuate Collection Set: 0.34ms
[2026-04-03T01:18:34.715+0600][22.275s][info][gc,phases      ] GC(72)   Other: 0.10ms
[2026-04-03T01:18:34.715+0600][22.275s][info][gc,heap        ] GC(72) Eden regions: 45->0(45)
[2026-04-03T01:18:34.715+0600][22.275s][info][gc,heap        ] GC(72) Survivor regions: 1->1(6)
[2026-04-03T01:18:34.715+0600][22.275s][info][gc,heap        ] GC(72) Old regions: 11->11
[2026-04-03T01:18:34.715+0600][22.275s][info][gc,heap        ] GC(72) Humongous regions: 0->0
[2026-04-03T01:18:34.715+0600][22.275s][info][gc,metaspace   ] GC(72) Metaspace: 34685K(35520K)->34685K(35520K) NonClass: 31691K(32192K)->31691K(32192K) Class: 2994K(3328K)->2994K(3328K)
[2026-04-03T01:18:34.715+0600][22.275s][info][gc             ] GC(72) Pause Young (Normal) (G1 Evacuation Pause) 107M->17M(154M) 1.550ms
[2026-04-03T01:18:34.716+0600][22.275s][info][gc,cpu         ] GC(72) User=0.01s Sys=0.00s Real=0.00s
[2026-04-03T01:18:34.906+0600][22.465s][info][gc,start       ] GC(73) Pause Young (Normal) (G1 Evacuation Pause)
[2026-04-03T01:18:34.906+0600][22.465s][info][gc,task        ] GC(73) Using 10 workers of 10 for evacuation
[2026-04-03T01:18:34.907+0600][22.467s][info][gc,phases      ] GC(73)   Pre Evacuate Collection Set: 0.15ms
[2026-04-03T01:18:34.907+0600][22.467s][info][gc,phases      ] GC(73)   Merge Heap Roots: 0.10ms
[2026-04-03T01:18:34.907+0600][22.467s][info][gc,phases      ] GC(73)   Evacuate Collection Set: 0.49ms
[2026-04-03T01:18:34.907+0600][22.467s][info][gc,phases      ] GC(73)   Post Evacuate Collection Set: 0.45ms
[2026-04-03T01:18:34.907+0600][22.467s][info][gc,phases      ] GC(73)   Other: 0.09ms
[2026-04-03T01:18:34.907+0600][22.467s][info][gc,heap        ] GC(73) Eden regions: 45->0(45)
[2026-04-03T01:18:34.907+0600][22.467s][info][gc,heap        ] GC(73) Survivor regions: 1->1(6)
[2026-04-03T01:18:34.907+0600][22.467s][info][gc,heap        ] GC(73) Old regions: 11->11
[2026-04-03T01:18:34.907+0600][22.467s][info][gc,heap        ] GC(73) Humongous regions: 0->0
[2026-04-03T01:18:34.907+0600][22.467s][info][gc,metaspace   ] GC(73) Metaspace: 34685K(35520K)->34685K(35520K) NonClass: 31691K(32192K)->31691K(32192K) Class: 2994K(3328K)->2994K(3328K)
[2026-04-03T01:18:34.907+0600][22.467s][info][gc             ] GC(73) Pause Young (Normal) (G1 Evacuation Pause) 107M->17M(154M) 1.597ms
[2026-04-03T01:18:34.907+0600][22.467s][info][gc,cpu         ] GC(73) User=0.01s Sys=0.00s Real=0.00s
[2026-04-03T01:18:35.091+0600][22.650s][info][gc,start       ] GC(74) Pause Young (Normal) (G1 Evacuation Pause)
[2026-04-03T01:18:35.091+0600][22.650s][info][gc,task        ] GC(74) Using 10 workers of 10 for evacuation
[2026-04-03T01:18:35.092+0600][22.651s][info][gc,phases      ] GC(74)   Pre Evacuate Collection Set: 0.16ms
[2026-04-03T01:18:35.092+0600][22.651s][info][gc,phases      ] GC(74)   Merge Heap Roots: 0.08ms
[2026-04-03T01:18:35.092+0600][22.651s][info][gc,phases      ] GC(74)   Evacuate Collection Set: 0.36ms
[2026-04-03T01:18:35.092+0600][22.651s][info][gc,phases      ] GC(74)   Post Evacuate Collection Set: 0.38ms
[2026-04-03T01:18:35.092+0600][22.651s][info][gc,phases      ] GC(74)   Other: 0.07ms
[2026-04-03T01:18:35.092+0600][22.651s][info][gc,heap        ] GC(74) Eden regions: 45->0(45)
[2026-04-03T01:18:35.092+0600][22.651s][info][gc,heap        ] GC(74) Survivor regions: 1->1(6)
[2026-04-03T01:18:35.092+0600][22.651s][info][gc,heap        ] GC(74) Old regions: 11->11
[2026-04-03T01:18:35.092+0600][22.651s][info][gc,heap        ] GC(74) Humongous regions: 0->0
[2026-04-03T01:18:35.092+0600][22.651s][info][gc,metaspace   ] GC(74) Metaspace: 34686K(35520K)->34686K(35520K) NonClass: 31691K(32192K)->31691K(32192K) Class: 2994K(3328K)->2994K(3328K)
[2026-04-03T01:18:35.092+0600][22.651s][info][gc             ] GC(74) Pause Young (Normal) (G1 Evacuation Pause) 107M->17M(154M) 1.246ms
[2026-04-03T01:18:35.092+0600][22.651s][info][gc,cpu         ] GC(74) User=0.01s Sys=0.00s Real=0.00s
[2026-04-03T01:18:35.279+0600][22.838s][info][gc,start       ] GC(75) Pause Young (Normal) (G1 Evacuation Pause)
[2026-04-03T01:18:35.279+0600][22.838s][info][gc,task        ] GC(75) Using 10 workers of 10 for evacuation
[2026-04-03T01:18:35.280+0600][22.839s][info][gc,phases      ] GC(75)   Pre Evacuate Collection Set: 0.13ms
[2026-04-03T01:18:35.280+0600][22.839s][info][gc,phases      ] GC(75)   Merge Heap Roots: 0.08ms
[2026-04-03T01:18:35.280+0600][22.839s][info][gc,phases      ] GC(75)   Evacuate Collection Set: 0.44ms
[2026-04-03T01:18:35.280+0600][22.839s][info][gc,phases      ] GC(75)   Post Evacuate Collection Set: 0.36ms
[2026-04-03T01:18:35.280+0600][22.839s][info][gc,phases      ] GC(75)   Other: 0.07ms
[2026-04-03T01:18:35.280+0600][22.839s][info][gc,heap        ] GC(75) Eden regions: 45->0(45)
[2026-04-03T01:18:35.280+0600][22.839s][info][gc,heap        ] GC(75) Survivor regions: 1->1(6)
[2026-04-03T01:18:35.280+0600][22.839s][info][gc,heap        ] GC(75) Old regions: 11->11
[2026-04-03T01:18:35.280+0600][22.839s][info][gc,heap        ] GC(75) Humongous regions: 0->0
[2026-04-03T01:18:35.280+0600][22.839s][info][gc,metaspace   ] GC(75) Metaspace: 34690K(35520K)->34690K(35520K) NonClass: 31695K(32192K)->31695K(32192K) Class: 2994K(3328K)->2994K(3328K)
[2026-04-03T01:18:35.280+0600][22.839s][info][gc             ] GC(75) Pause Young (Normal) (G1 Evacuation Pause) 107M->17M(154M) 1.285ms
[2026-04-03T01:18:35.280+0600][22.839s][info][gc,cpu         ] GC(75) User=0.01s Sys=0.00s Real=0.01s
[2026-04-03T01:18:35.473+0600][23.032s][info][gc,start       ] GC(76) Pause Young (Normal) (G1 Evacuation Pause)
[2026-04-03T01:18:35.473+0600][23.032s][info][gc,task        ] GC(76) Using 10 workers of 10 for evacuation
[2026-04-03T01:18:35.474+0600][23.033s][info][gc,phases      ] GC(76)   Pre Evacuate Collection Set: 0.15ms
[2026-04-03T01:18:35.474+0600][23.033s][info][gc,phases      ] GC(76)   Merge Heap Roots: 0.08ms
[2026-04-03T01:18:35.474+0600][23.033s][info][gc,phases      ] GC(76)   Evacuate Collection Set: 0.37ms
[2026-04-03T01:18:35.474+0600][23.033s][info][gc,phases      ] GC(76)   Post Evacuate Collection Set: 0.29ms
[2026-04-03T01:18:35.474+0600][23.033s][info][gc,phases      ] GC(76)   Other: 0.07ms
[2026-04-03T01:18:35.474+0600][23.033s][info][gc,heap        ] GC(76) Eden regions: 45->0(45)
[2026-04-03T01:18:35.474+0600][23.033s][info][gc,heap        ] GC(76) Survivor regions: 1->1(6)
[2026-04-03T01:18:35.474+0600][23.033s][info][gc,heap        ] GC(76) Old regions: 11->11
[2026-04-03T01:18:35.474+0600][23.033s][info][gc,heap        ] GC(76) Humongous regions: 0->0
[2026-04-03T01:18:35.474+0600][23.033s][info][gc,metaspace   ] GC(76) Metaspace: 34690K(35520K)->34690K(35520K) NonClass: 31695K(32192K)->31695K(32192K) Class: 2994K(3328K)->2994K(3328K)
[2026-04-03T01:18:35.474+0600][23.033s][info][gc             ] GC(76) Pause Young (Normal) (G1 Evacuation Pause) 107M->17M(154M) 1.161ms
[2026-04-03T01:18:35.474+0600][23.033s][info][gc,cpu         ] GC(76) User=0.01s Sys=0.00s Real=0.00s
[2026-04-03T01:18:35.660+0600][23.219s][info][gc,start       ] GC(77) Pause Young (Normal) (G1 Evacuation Pause)
[2026-04-03T01:18:35.660+0600][23.219s][info][gc,task        ] GC(77) Using 10 workers of 10 for evacuation
[2026-04-03T01:18:35.661+0600][23.220s][info][gc,phases      ] GC(77)   Pre Evacuate Collection Set: 0.25ms
[2026-04-03T01:18:35.661+0600][23.220s][info][gc,phases      ] GC(77)   Merge Heap Roots: 0.08ms
[2026-04-03T01:18:35.661+0600][23.220s][info][gc,phases      ] GC(77)   Evacuate Collection Set: 0.44ms
[2026-04-03T01:18:35.661+0600][23.220s][info][gc,phases      ] GC(77)   Post Evacuate Collection Set: 0.32ms
[2026-04-03T01:18:35.661+0600][23.220s][info][gc,phases      ] GC(77)   Other: 0.08ms
[2026-04-03T01:18:35.661+0600][23.220s][info][gc,heap        ] GC(77) Eden regions: 45->0(45)
[2026-04-03T01:18:35.661+0600][23.220s][info][gc,heap        ] GC(77) Survivor regions: 1->1(6)
[2026-04-03T01:18:35.661+0600][23.220s][info][gc,heap        ] GC(77) Old regions: 11->11
[2026-04-03T01:18:35.661+0600][23.220s][info][gc,heap        ] GC(77) Humongous regions: 0->0
[2026-04-03T01:18:35.661+0600][23.220s][info][gc,metaspace   ] GC(77) Metaspace: 34690K(35520K)->34690K(35520K) NonClass: 31695K(32192K)->31695K(32192K) Class: 2995K(3328K)->2995K(3328K)
[2026-04-03T01:18:35.661+0600][23.220s][info][gc             ] GC(77) Pause Young (Normal) (G1 Evacuation Pause) 107M->17M(154M) 1.384ms
[2026-04-03T01:18:35.661+0600][23.220s][info][gc,cpu         ] GC(77) User=0.00s Sys=0.01s Real=0.00s
[2026-04-03T01:18:35.919+0600][23.479s][info][gc,heap,exit   ] Heap
[2026-04-03T01:18:35.920+0600][23.479s][info][gc,heap,exit   ]  garbage-first heap   total 157696K, used 58530K [0x000000070ae00000, 0x0000000800000000)
[2026-04-03T01:18:35.920+0600][23.479s][info][gc,heap,exit   ]   region size 2048K, 21 young (43008K), 1 survivors (2048K)
[2026-04-03T01:18:35.920+0600][23.479s][info][gc,heap,exit   ]  Metaspace       used 34849K, committed 35648K, reserved 1114112K
[2026-04-03T01:18:35.920+0600][23.479s][info][gc,heap,exit   ]   class space    used 3006K, committed 3328K, reserved 1048576K
