[2026-04-03T01:17:22.814+0600][0.007s][info][gc,init] Initializing The Z Garbage Collector
[2026-04-03T01:17:22.814+0600][0.007s][info][gc,init] Version: 21.0.10+7-Ubuntu-124.04 (release)
[2026-04-03T01:17:22.814+0600][0.007s][info][gc,init] NUMA Support: Disabled
[2026-04-03T01:17:22.814+0600][0.007s][info][gc,init] CPUs: 12 total, 12 available
[2026-04-03T01:17:22.814+0600][0.007s][info][gc,init] Memory: 15683M
[2026-04-03T01:17:22.814+0600][0.007s][info][gc,init] Large Page Support: Disabled
[2026-04-03T01:17:22.814+0600][0.007s][info][gc,init] Address Space Type: Contiguous/Unrestricted/Complete
[2026-04-03T01:17:22.814+0600][0.007s][info][gc,init] Address Space Size: 62752M
[2026-04-03T01:17:22.814+0600][0.007s][info][gc,init] Heap Backing File: /memfd:java_heap
[2026-04-03T01:17:22.814+0600][0.007s][info][gc,init] Heap Backing Filesystem: tmpfs (0x1021994)
[2026-04-03T01:17:22.815+0600][0.008s][info][gc,init] Min Capacity: 8M
[2026-04-03T01:17:22.815+0600][0.008s][info][gc,init] Initial Capacity: 246M
[2026-04-03T01:17:22.815+0600][0.008s][info][gc,init] Max Capacity: 3922M
[2026-04-03T01:17:22.815+0600][0.008s][info][gc,init] Soft Max Capacity: 3529M
[2026-04-03T01:17:22.815+0600][0.008s][info][gc,init] Medium Page Size: 32M
[2026-04-03T01:17:22.815+0600][0.008s][info][gc,init] Pre-touch: Disabled
[2026-04-03T01:17:22.815+0600][0.008s][info][gc,init] Available space on backing filesystem: N/A
[2026-04-03T01:17:22.816+0600][0.009s][info][gc,init] Uncommit: Enabled
[2026-04-03T01:17:22.816+0600][0.009s][info][gc,init] Uncommit Delay: 300s
[2026-04-03T01:17:22.817+0600][0.009s][info][gc,init] GC Workers for Old Generation: 3 (dynamic)
[2026-04-03T01:17:22.817+0600][0.010s][info][gc,init] GC Workers for Young Generation: 3 (dynamic)
[2026-04-03T01:17:22.932+0600][0.125s][info][gc,init] GC Workers Max: 3 (dynamic)
[2026-04-03T01:17:22.933+0600][0.125s][info][gc,init] Runtime Workers: 8
[2026-04-03T01:17:22.934+0600][0.126s][info][gc     ] Using The Z Garbage Collector
[2026-04-03T01:17:22.944+0600][0.137s][info][gc,metaspace] CDS archive(s) mapped at: [0x000077150b000000-0x000077150bc9c000-0x000077150bc9c000), size 13221888, SharedBaseAddress: 0x000077150b000000, ArchiveRelocationMode: 1.
[2026-04-03T01:17:22.944+0600][0.137s][info][gc,metaspace] Compressed class space mapped at: 0x000077150c000000-0x000077154c000000, reserved size: 1073741824
[2026-04-03T01:17:22.944+0600][0.137s][info][gc,metaspace] Narrow klass base: 0x000077150b000000, Narrow klass shift: 0, Narrow klass range: 0x100000000
[2026-04-03T01:17:26.604+0600][3.796s][info][gc          ] GC(0) Major Collection (System.gc())
[2026-04-03T01:17:26.604+0600][3.796s][info][gc,task     ] GC(0) Using 3 Workers for Young Generation
[2026-04-03T01:17:26.604+0600][3.796s][info][gc,task     ] GC(0) Using 3 Workers for Old Generation
[2026-04-03T01:17:26.604+0600][3.796s][info][gc,phases   ] GC(0) Y: Young Generation (Promote All)
[2026-04-03T01:17:26.604+0600][3.797s][info][gc,phases   ] GC(0) Y: Pause Mark Start 0.025ms
[2026-04-03T01:17:26.629+0600][3.821s][info][gc,phases   ] GC(0) Y: Concurrent Mark 24.290ms
[2026-04-03T01:17:26.629+0600][3.821s][info][gc,phases   ] GC(0) Y: Pause Mark End 0.031ms
[2026-04-03T01:17:26.629+0600][3.821s][info][gc,phases   ] GC(0) Y: Concurrent Mark Free 0.001ms
[2026-04-03T01:17:26.629+0600][3.821s][info][gc,phases   ] GC(0) Y: Concurrent Reset Relocation Set 0.001ms
[2026-04-03T01:17:26.638+0600][3.830s][info][gc,reloc    ] GC(0) Y: Using tenuring threshold: 0 (Promote All)
[2026-04-03T01:17:26.648+0600][3.840s][info][gc,phases   ] GC(0) Y: Concurrent Select Relocation Set 18.732ms
[2026-04-03T01:17:26.648+0600][3.840s][info][gc,phases   ] GC(0) Y: Pause Relocate Start 0.028ms
[2026-04-03T01:17:26.672+0600][3.864s][info][gc,phases   ] GC(0) Y: Concurrent Relocate 23.564ms
[2026-04-03T01:17:26.672+0600][3.864s][info][gc,alloc    ] GC(0) Y:                         Mark Start        Mark End      Relocate Start    Relocate End   
[2026-04-03T01:17:26.672+0600][3.864s][info][gc,alloc    ] GC(0) Y: Allocation Stalls:          0                0                0                0         
[2026-04-03T01:17:26.672+0600][3.864s][info][gc,load     ] GC(0) Y: Load: 13.92 (116%) / 10.03 (84%) / 6.62 (55%)
[2026-04-03T01:17:26.672+0600][3.864s][info][gc,mmu      ] GC(0) Y: MMU: 2ms/98.4%, 5ms/99.4%, 10ms/99.7%, 20ms/99.7%, 50ms/99.8%, 100ms/99.9%
[2026-04-03T01:17:26.672+0600][3.864s][info][gc,marking  ] GC(0) Y: Mark: 2 stripe(s), 7 proactive flush(es), 1 terminate flush(es), 0 completion(s), 0 continuation(s) 
[2026-04-03T01:17:26.672+0600][3.864s][info][gc,marking  ] GC(0) Y: Mark Stack Usage: 32M
[2026-04-03T01:17:26.672+0600][3.864s][info][gc,nmethod  ] GC(0) Y: NMethods: 3206 registered, 0 unregistered
[2026-04-03T01:17:26.672+0600][3.864s][info][gc,metaspace] GC(0) Y: Metaspace: 15M used, 15M committed, 1088M reserved
[2026-04-03T01:17:26.672+0600][3.864s][info][gc,reloc    ] GC(0) Y:                        Candidates     Selected     In-Place         Size        Empty    Relocated 
[2026-04-03T01:17:26.672+0600][3.864s][info][gc,reloc    ] GC(0) Y: Small Pages:                   98           91            0         196M           0M           9M 
[2026-04-03T01:17:26.672+0600][3.864s][info][gc,reloc    ] GC(0) Y: Medium Pages:                   0            0            0           0M           0M           0M 
[2026-04-03T01:17:26.672+0600][3.864s][info][gc,reloc    ] GC(0) Y: Large Pages:                    0            0            0           0M           0M           0M 
[2026-04-03T01:17:26.672+0600][3.864s][info][gc,reloc    ] GC(0) Y: Forwarding Usage: 4M
[2026-04-03T01:17:26.672+0600][3.864s][info][gc,reloc    ] GC(0) Y: Age Table:
[2026-04-03T01:17:26.672+0600][3.864s][info][gc,reloc    ] GC(0) Y:                    Live             Garbage             Small              Medium             Large        
[2026-04-03T01:17:26.672+0600][3.864s][info][gc,reloc    ] GC(0) Y: Eden              12M (0%)          183M (5%)          98 / 91             0 / 0              0 / 0        
[2026-04-03T01:17:26.672+0600][3.864s][info][gc,heap     ] GC(0) Y: Min Capacity: 8M(0%)
[2026-04-03T01:17:26.672+0600][3.864s][info][gc,heap     ] GC(0) Y: Max Capacity: 3922M(100%)
[2026-04-03T01:17:26.672+0600][3.864s][info][gc,heap     ] GC(0) Y: Soft Max Capacity: 3529M(90%)
[2026-04-03T01:17:26.672+0600][3.864s][info][gc,heap     ] GC(0) Y: Heap Statistics:
[2026-04-03T01:17:26.672+0600][3.864s][info][gc,heap     ] GC(0) Y:                Mark Start          Mark End        Relocate Start      Relocate End           High               Low         
[2026-04-03T01:17:26.672+0600][3.864s][info][gc,heap     ] GC(0) Y:  Capacity:      246M (6%)          246M (6%)          246M (6%)          246M (6%)          246M (6%)          246M (6%)     
[2026-04-03T01:17:26.672+0600][3.864s][info][gc,heap     ] GC(0) Y:      Free:     3726M (95%)        3726M (95%)        3726M (95%)        3904M (100%)       3904M (100%)       3720M (95%)    
[2026-04-03T01:17:26.672+0600][3.864s][info][gc,heap     ] GC(0) Y:      Used:      196M (5%)          196M (5%)          196M (5%)           18M (0%)          202M (5%)           18M (0%)     
[2026-04-03T01:17:26.672+0600][3.864s][info][gc,heap     ] GC(0) Y: Young Generation Statistics:
[2026-04-03T01:17:26.672+0600][3.864s][info][gc,heap     ] GC(0) Y:                Mark Start          Mark End        Relocate Start      Relocate End    
[2026-04-03T01:17:26.672+0600][3.864s][info][gc,heap     ] GC(0) Y:      Used:      196M (5%)          196M (5%)          196M (5%)            0M (0%)     
[2026-04-03T01:17:26.672+0600][3.864s][info][gc,heap     ] GC(0) Y:      Live:         -                12M (0%)           12M (0%)            0M (0%)     
[2026-04-03T01:17:26.672+0600][3.864s][info][gc,heap     ] GC(0) Y:   Garbage:         -               183M (5%)          183M (5%)            0M (0%)     
[2026-04-03T01:17:26.672+0600][3.864s][info][gc,heap     ] GC(0) Y: Allocated:         -                 0M (0%)            0M (0%)            0M (0%)     
[2026-04-03T01:17:26.672+0600][3.864s][info][gc,heap     ] GC(0) Y: Reclaimed:         -                  -                 0M (0%)          183M (5%)     
[2026-04-03T01:17:26.672+0600][3.864s][info][gc,heap     ] GC(0) Y:  Promoted:         -                  -                 0M (0%)           12M (0%)     
[2026-04-03T01:17:26.672+0600][3.864s][info][gc,heap     ] GC(0) Y: Compacted:         -                  -                  -                 0M (0%)     
[2026-04-03T01:17:26.672+0600][3.864s][info][gc,phases   ] GC(0) Y: Young Generation (Promote All) 196M(5%)->18M(0%) 0.068s
[2026-04-03T01:17:26.672+0600][3.865s][info][gc,phases   ] GC(0) Y: Young Generation (Collect Roots)
[2026-04-03T01:17:26.672+0600][3.865s][info][gc,phases   ] GC(0) Y: Pause Mark Start (Major) 0.027ms
[2026-04-03T01:17:26.686+0600][3.879s][info][gc,phases   ] GC(0) Y: Concurrent Mark 13.922ms
[2026-04-03T01:17:26.686+0600][3.879s][info][gc,phases   ] GC(0) Y: Pause Mark End 0.028ms
[2026-04-03T01:17:26.687+0600][3.879s][info][gc,phases   ] GC(0) Y: Concurrent Mark Free 0.187ms
[2026-04-03T01:17:26.687+0600][3.879s][info][gc,phases   ] GC(0) Y: Concurrent Reset Relocation Set 0.014ms
[2026-04-03T01:17:26.689+0600][3.881s][info][gc,reloc    ] GC(0) Y: Using tenuring threshold: 0 (Computed)
[2026-04-03T01:17:26.689+0600][3.881s][info][gc,phases   ] GC(0) Y: Concurrent Select Relocation Set 2.090ms
[2026-04-03T01:17:26.689+0600][3.881s][info][gc,phases   ] GC(0) Y: Pause Relocate Start 0.021ms
[2026-04-03T01:17:26.689+0600][3.882s][info][gc,phases   ] GC(0) Y: Concurrent Relocate 0.094ms
[2026-04-03T01:17:26.689+0600][3.882s][info][gc,alloc    ] GC(0) Y:                         Mark Start        Mark End      Relocate Start    Relocate End   
[2026-04-03T01:17:26.689+0600][3.882s][info][gc,alloc    ] GC(0) Y: Allocation Stalls:          0                0                0                0         
[2026-04-03T01:17:26.689+0600][3.882s][info][gc,load     ] GC(0) Y: Load: 13.92 (116%) / 10.03 (84%) / 6.62 (55%)
[2026-04-03T01:17:26.689+0600][3.882s][info][gc,mmu      ] GC(0) Y: MMU: 2ms/98.4%, 5ms/99.0%, 10ms/99.5%, 20ms/99.6%, 50ms/99.8%, 100ms/99.8%
[2026-04-03T01:17:26.689+0600][3.882s][info][gc,marking  ] GC(0) Y: Mark: 2 stripe(s), 1 proactive flush(es), 1 terminate flush(es), 0 completion(s), 0 continuation(s) 
[2026-04-03T01:17:26.689+0600][3.882s][info][gc,marking  ] GC(0) Y: Mark Stack Usage: 0M
[2026-04-03T01:17:26.689+0600][3.882s][info][gc,nmethod  ] GC(0) Y: NMethods: 3206 registered, 0 unregistered
[2026-04-03T01:17:26.689+0600][3.882s][info][gc,metaspace] GC(0) Y: Metaspace: 15M used, 15M committed, 1088M reserved
[2026-04-03T01:17:26.689+0600][3.882s][info][gc,heap     ] GC(0) Y: Min Capacity: 8M(0%)
[2026-04-03T01:17:26.689+0600][3.882s][info][gc,heap     ] GC(0) Y: Max Capacity: 3922M(100%)
[2026-04-03T01:17:26.689+0600][3.882s][info][gc,heap     ] GC(0) Y: Soft Max Capacity: 3529M(90%)
[2026-04-03T01:17:26.689+0600][3.882s][info][gc,heap     ] GC(0) Y: Heap Statistics:
[2026-04-03T01:17:26.689+0600][3.882s][info][gc,heap     ] GC(0) Y:                Mark Start          Mark End        Relocate Start      Relocate End           High               Low         
[2026-04-03T01:17:26.689+0600][3.882s][info][gc,heap     ] GC(0) Y:  Capacity:      246M (6%)          246M (6%)          246M (6%)          246M (6%)          246M (6%)          246M (6%)     
[2026-04-03T01:17:26.689+0600][3.882s][info][gc,heap     ] GC(0) Y:      Free:     3904M (100%)       3904M (100%)       3904M (100%)       3904M (100%)       3904M (100%)       3904M (100%)   
[2026-04-03T01:17:26.689+0600][3.882s][info][gc,heap     ] GC(0) Y:      Used:       18M (0%)           18M (0%)           18M (0%)           18M (0%)           18M (0%)           18M (0%)     
[2026-04-03T01:17:26.689+0600][3.882s][info][gc,heap     ] GC(0) Y: Young Generation Statistics:
[2026-04-03T01:17:26.689+0600][3.882s][info][gc,heap     ] GC(0) Y:                Mark Start          Mark End        Relocate Start      Relocate End    
[2026-04-03T01:17:26.689+0600][3.882s][info][gc,heap     ] GC(0) Y:      Used:        0M (0%)            0M (0%)            0M (0%)            0M (0%)     
[2026-04-03T01:17:26.689+0600][3.882s][info][gc,heap     ] GC(0) Y:      Live:         -                 0M (0%)            0M (0%)            0M (0%)     
[2026-04-03T01:17:26.689+0600][3.882s][info][gc,heap     ] GC(0) Y:   Garbage:         -                 0M (0%)            0M (0%)            0M (0%)     
[2026-04-03T01:17:26.689+0600][3.882s][info][gc,heap     ] GC(0) Y: Allocated:         -                 0M (0%)            0M (0%)            0M (0%)     
[2026-04-03T01:17:26.689+0600][3.882s][info][gc,heap     ] GC(0) Y: Reclaimed:         -                  -                 0M (0%)            0M (0%)     
[2026-04-03T01:17:26.689+0600][3.882s][info][gc,heap     ] GC(0) Y:  Promoted:         -                  -                 0M (0%)            0M (0%)     
[2026-04-03T01:17:26.689+0600][3.882s][info][gc,heap     ] GC(0) Y: Compacted:         -                  -                  -                 0M (0%)     
[2026-04-03T01:17:26.689+0600][3.882s][info][gc,phases   ] GC(0) Y: Young Generation (Collect Roots) 18M(0%)->18M(0%) 0.017s
[2026-04-03T01:17:26.689+0600][3.882s][info][gc,phases   ] GC(0) O: Old Generation
[2026-04-03T01:17:26.706+0600][3.899s][info][gc,phases   ] GC(0) O: Concurrent Mark 17.155ms
[2026-04-03T01:17:26.707+0600][3.899s][info][gc,phases   ] GC(0) O: Pause Mark End 0.028ms
[2026-04-03T01:17:26.707+0600][3.899s][info][gc,phases   ] GC(0) O: Concurrent Mark Free 0.002ms
[2026-04-03T01:17:26.714+0600][3.907s][info][gc,phases   ] GC(0) O: Concurrent Process Non-Strong 7.497ms
[2026-04-03T01:17:26.714+0600][3.907s][info][gc,phases   ] GC(0) O: Concurrent Reset Relocation Set 0.001ms
[2026-04-03T01:17:26.717+0600][3.910s][info][gc,phases   ] GC(0) O: Concurrent Select Relocation Set 2.809ms
[2026-04-03T01:17:26.717+0600][3.910s][info][gc,task     ] GC(0) O: Using 3 Workers for Old Generation
[2026-04-03T01:17:26.734+0600][3.927s][info][gc,task     ] GC(0) O: Using 3 Workers for Old Generation
[2026-04-03T01:17:26.734+0600][3.927s][info][gc,phases   ] GC(0) O: Concurrent Remap Roots 17.091ms
[2026-04-03T01:17:26.734+0600][3.927s][info][gc,phases   ] GC(0) O: Pause Relocate Start 0.023ms
[2026-04-03T01:17:26.736+0600][3.929s][info][gc,phases   ] GC(0) O: Concurrent Relocate 1.736ms
[2026-04-03T01:17:26.736+0600][3.929s][info][gc,alloc    ] GC(0) O:                         Mark Start        Mark End      Relocate Start    Relocate End   
[2026-04-03T01:17:26.736+0600][3.929s][info][gc,alloc    ] GC(0) O: Allocation Stalls:          0                0                0                0         
[2026-04-03T01:17:26.736+0600][3.929s][info][gc,load     ] GC(0) O: Load: 13.92 (116%) / 10.03 (84%) / 6.62 (55%)
[2026-04-03T01:17:26.736+0600][3.929s][info][gc,mmu      ] GC(0) O: MMU: 2ms/98.4%, 5ms/99.0%, 10ms/99.5%, 20ms/99.6%, 50ms/99.8%, 100ms/99.8%
[2026-04-03T01:17:26.736+0600][3.929s][info][gc,marking  ] GC(0) O: Mark: 2 stripe(s), 2 proactive flush(es), 1 terminate flush(es), 0 completion(s), 0 continuation(s) 
[2026-04-03T01:17:26.736+0600][3.929s][info][gc,marking  ] GC(0) O: Mark Stack Usage: 32M
[2026-04-03T01:17:26.736+0600][3.929s][info][gc,nmethod  ] GC(0) O: NMethods: 2701 registered, 512 unregistered
[2026-04-03T01:17:26.736+0600][3.929s][info][gc,metaspace] GC(0) O: Metaspace: 15M used, 15M committed, 1088M reserved
[2026-04-03T01:17:26.736+0600][3.929s][info][gc,ref      ] GC(0) O:                       Encountered   Discovered     Enqueued 
[2026-04-03T01:17:26.736+0600][3.929s][info][gc,ref      ] GC(0) O: Soft References:             3843            0            0 
[2026-04-03T01:17:26.736+0600][3.929s][info][gc,ref      ] GC(0) O: Weak References:             2608         1612          776 
[2026-04-03T01:17:26.736+0600][3.929s][info][gc,ref      ] GC(0) O: Final References:               3            1            0 
[2026-04-03T01:17:26.736+0600][3.929s][info][gc,ref      ] GC(0) O: Phantom References:           241          101            2 
[2026-04-03T01:17:26.736+0600][3.929s][info][gc,reloc    ] GC(0) O:                        Candidates     Selected     In-Place         Size        Empty    Relocated 
[2026-04-03T01:17:26.737+0600][3.929s][info][gc,reloc    ] GC(0) O: Small Pages:                    9            2            0          18M           0M           0M 
[2026-04-03T01:17:26.737+0600][3.929s][info][gc,reloc    ] GC(0) O: Medium Pages:                   0            0            0           0M           0M           0M 
[2026-04-03T01:17:26.737+0600][3.929s][info][gc,reloc    ] GC(0) O: Large Pages:                    0            0            0           0M           0M           0M 
[2026-04-03T01:17:26.737+0600][3.929s][info][gc,reloc    ] GC(0) O: Forwarding Usage: 0M
[2026-04-03T01:17:26.737+0600][3.929s][info][gc,heap     ] GC(0) O: Min Capacity: 8M(0%)
[2026-04-03T01:17:26.737+0600][3.929s][info][gc,heap     ] GC(0) O: Max Capacity: 3922M(100%)
[2026-04-03T01:17:26.737+0600][3.929s][info][gc,heap     ] GC(0) O: Soft Max Capacity: 3529M(90%)
[2026-04-03T01:17:26.737+0600][3.929s][info][gc,heap     ] GC(0) O: Heap Statistics:
[2026-04-03T01:17:26.737+0600][3.929s][info][gc,heap     ] GC(0) O:                Mark Start          Mark End        Relocate Start      Relocate End           High               Low         
[2026-04-03T01:17:26.737+0600][3.929s][info][gc,heap     ] GC(0) O:  Capacity:      246M (6%)          246M (6%)          246M (6%)          246M (6%)          246M (6%)          246M (6%)     
[2026-04-03T01:17:26.737+0600][3.929s][info][gc,heap     ] GC(0) O:      Free:     3904M (100%)       3904M (100%)       3900M (99%)        3900M (99%)        3904M (100%)       3894M (99%)    
[2026-04-03T01:17:26.737+0600][3.929s][info][gc,heap     ] GC(0) O:      Used:       18M (0%)           18M (0%)           22M (1%)           22M (1%)           28M (1%)           18M (0%)     
[2026-04-03T01:17:26.737+0600][3.929s][info][gc,heap     ] GC(0) O: Old Generation Statistics:
[2026-04-03T01:17:26.737+0600][3.929s][info][gc,heap     ] GC(0) O:                Mark Start          Mark End        Relocate Start      Relocate End    
[2026-04-03T01:17:26.737+0600][3.929s][info][gc,heap     ] GC(0) O:      Used:       18M (0%)           18M (0%)           18M (0%)           18M (0%)     
[2026-04-03T01:17:26.737+0600][3.929s][info][gc,heap     ] GC(0) O:      Live:         -                11M (0%)           11M (0%)           11M (0%)     
[2026-04-03T01:17:26.737+0600][3.929s][info][gc,heap     ] GC(0) O:   Garbage:         -                 6M (0%)            6M (0%)            0M (0%)     
[2026-04-03T01:17:26.737+0600][3.929s][info][gc,heap     ] GC(0) O: Allocated:         -                 0M (0%)            0M (0%)            5M (0%)     
[2026-04-03T01:17:26.737+0600][3.929s][info][gc,heap     ] GC(0) O: Reclaimed:         -                  -                 0M (0%)            5M (0%)     
[2026-04-03T01:17:26.737+0600][3.929s][info][gc,heap     ] GC(0) O: Compacted:         -                  -                  -                 0M (0%)     
[2026-04-03T01:17:26.737+0600][3.929s][info][gc,phases   ] GC(0) O: Old Generation 18M(0%)->22M(1%) 0.047s
[2026-04-03T01:17:26.737+0600][3.929s][info][gc          ] GC(0) Major Collection (System.gc()) 196M(5%)->22M(1%) 0.133s
[2026-04-03T01:17:28.017+0600][5.209s][info][gc          ] GC(1) Major Collection (Metadata GC Threshold)
[2026-04-03T01:17:28.017+0600][5.209s][info][gc,task     ] GC(1) Using 1 Workers for Young Generation
[2026-04-03T01:17:28.017+0600][5.209s][info][gc,task     ] GC(1) Using 1 Workers for Old Generation
[2026-04-03T01:17:28.017+0600][5.209s][info][gc,phases   ] GC(1) Y: Young Generation
[2026-04-03T01:17:28.017+0600][5.210s][info][gc,phases   ] GC(1) Y: Pause Mark Start (Major) 0.031ms
[2026-04-03T01:17:28.102+0600][5.295s][info][gc,phases   ] GC(1) Y: Concurrent Mark 85.233ms
[2026-04-03T01:17:28.103+0600][5.296s][info][gc,phases   ] GC(1) Y: Pause Mark End 0.039ms
[2026-04-03T01:17:28.103+0600][5.296s][info][gc,phases   ] GC(1) Y: Concurrent Mark Free 0.004ms
[2026-04-03T01:17:28.103+0600][5.296s][info][gc,phases   ] GC(1) Y: Concurrent Reset Relocation Set 0.001ms
[2026-04-03T01:17:28.109+0600][5.302s][info][gc,reloc    ] GC(1) Y: Using tenuring threshold: 1 (Computed)
[2026-04-03T01:17:28.119+0600][5.312s][info][gc,phases   ] GC(1) Y: Concurrent Select Relocation Set 16.079ms
[2026-04-03T01:17:28.121+0600][5.313s][info][gc,phases   ] GC(1) Y: Pause Relocate Start 0.018ms
[2026-04-03T01:17:28.150+0600][5.343s][info][gc,phases   ] GC(1) Y: Concurrent Relocate 29.219ms
[2026-04-03T01:17:28.150+0600][5.343s][info][gc,alloc    ] GC(1) Y:                         Mark Start        Mark End      Relocate Start    Relocate End   
[2026-04-03T01:17:28.150+0600][5.343s][info][gc,alloc    ] GC(1) Y: Allocation Stalls:          0                0                0                0         
[2026-04-03T01:17:28.150+0600][5.343s][info][gc,load     ] GC(1) Y: Load: 13.92 (116%) / 10.03 (84%) / 6.62 (55%)
[2026-04-03T01:17:28.150+0600][5.343s][info][gc,mmu      ] GC(1) Y: MMU: 2ms/98.1%, 5ms/99.0%, 10ms/99.5%, 20ms/99.6%, 50ms/99.8%, 100ms/99.8%
[2026-04-03T01:17:28.150+0600][5.343s][info][gc,marking  ] GC(1) Y: Mark: 1 stripe(s), 2 proactive flush(es), 1 terminate flush(es), 0 completion(s), 0 continuation(s) 
[2026-04-03T01:17:28.150+0600][5.343s][info][gc,marking  ] GC(1) Y: Mark Stack Usage: 32M
[2026-04-03T01:17:28.150+0600][5.343s][info][gc,nmethod  ] GC(1) Y: NMethods: 3524 registered, 512 unregistered
[2026-04-03T01:17:28.150+0600][5.343s][info][gc,metaspace] GC(1) Y: Metaspace: 25M used, 26M committed, 1088M reserved
[2026-04-03T01:17:28.150+0600][5.343s][info][gc,reloc    ] GC(1) Y:                        Candidates     Selected     In-Place         Size        Empty    Relocated 
[2026-04-03T01:17:28.150+0600][5.343s][info][gc,reloc    ] GC(1) Y: Small Pages:                   71           59            0         142M           0M          15M 
[2026-04-03T01:17:28.150+0600][5.343s][info][gc,reloc    ] GC(1) Y: Medium Pages:                   1            0            0          32M           0M           0M 
[2026-04-03T01:17:28.150+0600][5.343s][info][gc,reloc    ] GC(1) Y: Large Pages:                    0            0            0           0M           0M           0M 
[2026-04-03T01:17:28.150+0600][5.343s][info][gc,reloc    ] GC(1) Y: Forwarding Usage: 8M
[2026-04-03T01:17:28.150+0600][5.343s][info][gc,reloc    ] GC(1) Y: Age Table:
[2026-04-03T01:17:28.150+0600][5.343s][info][gc,reloc    ] GC(1) Y:                    Live             Garbage             Small              Medium             Large        
[2026-04-03T01:17:28.150+0600][5.343s][info][gc,reloc    ] GC(1) Y: Eden              20M (1%)          153M (4%)          71 / 59             1 / 0              0 / 0        
[2026-04-03T01:17:28.150+0600][5.343s][info][gc,heap     ] GC(1) Y: Min Capacity: 8M(0%)
[2026-04-03T01:17:28.150+0600][5.343s][info][gc,heap     ] GC(1) Y: Max Capacity: 3922M(100%)
[2026-04-03T01:17:28.150+0600][5.343s][info][gc,heap     ] GC(1) Y: Soft Max Capacity: 3529M(90%)
[2026-04-03T01:17:28.150+0600][5.343s][info][gc,heap     ] GC(1) Y: Heap Statistics:
[2026-04-03T01:17:28.150+0600][5.343s][info][gc,heap     ] GC(1) Y:                Mark Start          Mark End        Relocate Start      Relocate End           High               Low         
[2026-04-03T01:17:28.150+0600][5.343s][info][gc,heap     ] GC(1) Y:  Capacity:      246M (6%)          246M (6%)          246M (6%)          246M (6%)          246M (6%)          246M (6%)     
[2026-04-03T01:17:28.150+0600][5.343s][info][gc,heap     ] GC(1) Y:      Free:     3730M (95%)        3724M (95%)        3724M (95%)        3840M (98%)        3840M (98%)        3720M (95%)    
[2026-04-03T01:17:28.150+0600][5.343s][info][gc,heap     ] GC(1) Y:      Used:      192M (5%)          198M (5%)          198M (5%)           82M (2%)          202M (5%)           82M (2%)     
[2026-04-03T01:17:28.150+0600][5.343s][info][gc,heap     ] GC(1) Y: Young Generation Statistics:
[2026-04-03T01:17:28.150+0600][5.343s][info][gc,heap     ] GC(1) Y:                Mark Start          Mark End        Relocate Start      Relocate End    
[2026-04-03T01:17:28.150+0600][5.343s][info][gc,heap     ] GC(1) Y:      Used:      174M (4%)          180M (5%)          180M (5%)           64M (2%)     
[2026-04-03T01:17:28.150+0600][5.343s][info][gc,heap     ] GC(1) Y:      Live:         -                20M (1%)           20M (1%)           20M (1%)     
[2026-04-03T01:17:28.150+0600][5.343s][info][gc,heap     ] GC(1) Y:   Garbage:         -               153M (4%)          153M (4%)           32M (1%)     
[2026-04-03T01:17:28.150+0600][5.343s][info][gc,heap     ] GC(1) Y: Allocated:         -                 6M (0%)            6M (0%)           10M (0%)     
[2026-04-03T01:17:28.150+0600][5.343s][info][gc,heap     ] GC(1) Y: Reclaimed:         -                  -                 0M (0%)          120M (3%)     
[2026-04-03T01:17:28.150+0600][5.343s][info][gc,heap     ] GC(1) Y:  Promoted:         -                  -                 0M (0%)            0M (0%)     
[2026-04-03T01:17:28.150+0600][5.343s][info][gc,heap     ] GC(1) Y: Compacted:         -                  -                  -                19M (0%)     
[2026-04-03T01:17:28.150+0600][5.343s][info][gc,phases   ] GC(1) Y: Young Generation 192M(5%)->82M(2%) 0.133s
[2026-04-03T01:17:28.150+0600][5.343s][info][gc,phases   ] GC(1) O: Old Generation
[2026-04-03T01:17:28.185+0600][5.377s][info][gc,phases   ] GC(1) O: Concurrent Mark 34.161ms
[2026-04-03T01:17:28.185+0600][5.377s][info][gc,phases   ] GC(1) O: Pause Mark End 0.018ms
[2026-04-03T01:17:28.185+0600][5.377s][info][gc,phases   ] GC(1) O: Concurrent Mark Free 0.001ms
[2026-04-03T01:17:28.199+0600][5.391s][info][gc,phases   ] GC(1) O: Concurrent Process Non-Strong 13.923ms
[2026-04-03T01:17:28.199+0600][5.391s][info][gc,phases   ] GC(1) O: Concurrent Reset Relocation Set 0.002ms
[2026-04-03T01:17:28.202+0600][5.395s][info][gc,phases   ] GC(1) O: Concurrent Select Relocation Set 3.455ms
[2026-04-03T01:17:28.202+0600][5.395s][info][gc,task     ] GC(1) O: Using 2 Workers for Old Generation
[2026-04-03T01:17:28.223+0600][5.416s][info][gc,task     ] GC(1) O: Using 1 Workers for Old Generation
[2026-04-03T01:17:28.223+0600][5.416s][info][gc,phases   ] GC(1) O: Concurrent Remap Roots 20.813ms
[2026-04-03T01:17:28.224+0600][5.416s][info][gc,phases   ] GC(1) O: Pause Relocate Start 0.018ms
[2026-04-03T01:17:28.226+0600][5.418s][info][gc,phases   ] GC(1) O: Concurrent Relocate 2.081ms
[2026-04-03T01:17:28.226+0600][5.418s][info][gc,alloc    ] GC(1) O:                         Mark Start        Mark End      Relocate Start    Relocate End   
[2026-04-03T01:17:28.226+0600][5.418s][info][gc,alloc    ] GC(1) O: Allocation Stalls:          0                0                0                0         
[2026-04-03T01:17:28.226+0600][5.418s][info][gc,load     ] GC(1) O: Load: 13.92 (116%) / 10.03 (84%) / 6.62 (55%)
[2026-04-03T01:17:28.226+0600][5.418s][info][gc,mmu      ] GC(1) O: MMU: 2ms/98.1%, 5ms/99.0%, 10ms/99.5%, 20ms/99.6%, 50ms/99.8%, 100ms/99.8%
[2026-04-03T01:17:28.226+0600][5.418s][info][gc,marking  ] GC(1) O: Mark: 1 stripe(s), 2 proactive flush(es), 1 terminate flush(es), 0 completion(s), 0 continuation(s) 
[2026-04-03T01:17:28.226+0600][5.418s][info][gc,marking  ] GC(1) O: Mark Stack Usage: 32M
[2026-04-03T01:17:28.226+0600][5.418s][info][gc,nmethod  ] GC(1) O: NMethods: 3422 registered, 697 unregistered
[2026-04-03T01:17:28.226+0600][5.418s][info][gc,metaspace] GC(1) O: Metaspace: 26M used, 26M committed, 1088M reserved
[2026-04-03T01:17:28.226+0600][5.418s][info][gc,ref      ] GC(1) O:                       Encountered   Discovered     Enqueued 
[2026-04-03T01:17:28.226+0600][5.418s][info][gc,ref      ] GC(1) O: Soft References:             4024            0            0 
[2026-04-03T01:17:28.226+0600][5.418s][info][gc,ref      ] GC(1) O: Weak References:             2362          686            0 
[2026-04-03T01:17:28.226+0600][5.418s][info][gc,ref      ] GC(1) O: Final References:               3            1            0 
[2026-04-03T01:17:28.226+0600][5.418s][info][gc,ref      ] GC(1) O: Phantom References:           284          101            2 
[2026-04-03T01:17:28.226+0600][5.418s][info][gc,reloc    ] GC(1) O:                        Candidates     Selected     In-Place         Size        Empty    Relocated 
[2026-04-03T01:17:28.226+0600][5.418s][info][gc,reloc    ] GC(1) O: Small Pages:                    9            2            0          18M           0M           0M 
[2026-04-03T01:17:28.226+0600][5.418s][info][gc,reloc    ] GC(1) O: Medium Pages:                   0            0            0           0M           0M           0M 
[2026-04-03T01:17:28.226+0600][5.418s][info][gc,reloc    ] GC(1) O: Large Pages:                    0            0            0           0M           0M           0M 
[2026-04-03T01:17:28.226+0600][5.418s][info][gc,reloc    ] GC(1) O: Forwarding Usage: 0M
[2026-04-03T01:17:28.226+0600][5.418s][info][gc,heap     ] GC(1) O: Min Capacity: 8M(0%)
[2026-04-03T01:17:28.226+0600][5.418s][info][gc,heap     ] GC(1) O: Max Capacity: 3922M(100%)
[2026-04-03T01:17:28.226+0600][5.418s][info][gc,heap     ] GC(1) O: Soft Max Capacity: 3529M(90%)
[2026-04-03T01:17:28.226+0600][5.418s][info][gc,heap     ] GC(1) O: Heap Statistics:
[2026-04-03T01:17:28.226+0600][5.418s][info][gc,heap     ] GC(1) O:                Mark Start          Mark End        Relocate Start      Relocate End           High               Low         
[2026-04-03T01:17:28.226+0600][5.418s][info][gc,heap     ] GC(1) O:  Capacity:      246M (6%)          246M (6%)          246M (6%)          246M (6%)          246M (6%)          246M (6%)     
[2026-04-03T01:17:28.226+0600][5.418s][info][gc,heap     ] GC(1) O:      Free:     3730M (95%)        3840M (98%)        3836M (98%)        3836M (98%)        3840M (98%)        3720M (95%)    
[2026-04-03T01:17:28.226+0600][5.418s][info][gc,heap     ] GC(1) O:      Used:      192M (5%)           82M (2%)           86M (2%)           86M (2%)          202M (5%)           82M (2%)     
[2026-04-03T01:17:28.226+0600][5.418s][info][gc,heap     ] GC(1) O: Old Generation Statistics:
[2026-04-03T01:17:28.226+0600][5.418s][info][gc,heap     ] GC(1) O:                Mark Start          Mark End        Relocate Start      Relocate End    
[2026-04-03T01:17:28.226+0600][5.418s][info][gc,heap     ] GC(1) O:      Used:       18M (0%)           18M (0%)           18M (0%)           18M (0%)     
[2026-04-03T01:17:28.226+0600][5.418s][info][gc,heap     ] GC(1) O:      Live:         -                11M (0%)           11M (0%)           11M (0%)     
[2026-04-03T01:17:28.226+0600][5.418s][info][gc,heap     ] GC(1) O:   Garbage:         -                 6M (0%)            6M (0%)            1M (0%)     
[2026-04-03T01:17:28.226+0600][5.418s][info][gc,heap     ] GC(1) O: Allocated:         -                 0M (0%)            0M (0%)            5M (0%)     
[2026-04-03T01:17:28.226+0600][5.418s][info][gc,heap     ] GC(1) O: Reclaimed:         -                  -                 0M (0%)            5M (0%)     
[2026-04-03T01:17:28.226+0600][5.418s][info][gc,heap     ] GC(1) O: Compacted:         -                  -                  -                 0M (0%)     
[2026-04-03T01:17:28.226+0600][5.418s][info][gc,phases   ] GC(1) O: Old Generation 82M(2%)->86M(2%) 0.075s
[2026-04-03T01:17:28.226+0600][5.419s][info][gc          ] GC(1) Major Collection (Metadata GC Threshold) 192M(5%)->86M(2%) 0.209s
[2026-04-03T01:17:31.872+0600][9.065s][info][gc          ] GC(2) Major Collection (Warmup)
[2026-04-03T01:17:31.872+0600][9.065s][info][gc,task     ] GC(2) Using 3 Workers for Young Generation
[2026-04-03T01:17:31.872+0600][9.065s][info][gc,task     ] GC(2) Using 2 Workers for Old Generation
[2026-04-03T01:17:31.872+0600][9.065s][info][gc,phases   ] GC(2) Y: Young Generation
[2026-04-03T01:17:31.873+0600][9.066s][info][gc,phases   ] GC(2) Y: Pause Mark Start (Major) 0.025ms
[2026-04-03T01:17:31.941+0600][9.134s][info][gc,phases   ] GC(2) Y: Concurrent Mark 67.945ms
[2026-04-03T01:17:31.941+0600][9.134s][info][gc,phases   ] GC(2) Y: Pause Mark End 0.030ms
[2026-04-03T01:17:31.941+0600][9.134s][info][gc,phases   ] GC(2) Y: Concurrent Mark Free 0.003ms
[2026-04-03T01:17:31.942+0600][9.134s][info][gc,phases   ] GC(2) Y: Concurrent Reset Relocation Set 0.023ms
[2026-04-03T01:17:31.945+0600][9.137s][info][gc,reloc    ] GC(2) Y: Using tenuring threshold: 2 (Computed)
[2026-04-03T01:17:31.946+0600][9.138s][info][gc,phases   ] GC(2) Y: Concurrent Select Relocation Set 4.060ms
[2026-04-03T01:17:31.946+0600][9.138s][info][gc,phases   ] GC(2) Y: Pause Relocate Start 0.029ms
[2026-04-03T01:17:31.961+0600][9.153s][info][gc,phases   ] GC(2) Y: Concurrent Relocate 14.496ms
[2026-04-03T01:17:31.961+0600][9.153s][info][gc,alloc    ] GC(2) Y:                         Mark Start        Mark End      Relocate Start    Relocate End   
[2026-04-03T01:17:31.961+0600][9.153s][info][gc,alloc    ] GC(2) Y: Allocation Stalls:          0                0                0                0         
[2026-04-03T01:17:31.961+0600][9.153s][info][gc,load     ] GC(2) Y: Load: 13.04 (109%) / 9.91 (83%) / 6.60 (55%)
[2026-04-03T01:17:31.961+0600][9.153s][info][gc,mmu      ] GC(2) Y: MMU: 2ms/98.1%, 5ms/98.8%, 10ms/99.4%, 20ms/99.6%, 50ms/99.8%, 100ms/99.8%
[2026-04-03T01:17:31.961+0600][9.153s][info][gc,marking  ] GC(2) Y: Mark: 2 stripe(s), 2 proactive flush(es), 1 terminate flush(es), 0 completion(s), 0 continuation(s) 
[2026-04-03T01:17:31.961+0600][9.153s][info][gc,marking  ] GC(2) Y: Mark Stack Usage: 32M
[2026-04-03T01:17:31.961+0600][9.153s][info][gc,nmethod  ] GC(2) Y: NMethods: 6443 registered, 0 unregistered
[2026-04-03T01:17:31.961+0600][9.153s][info][gc,metaspace] GC(2) Y: Metaspace: 32M used, 32M committed, 1088M reserved
[2026-04-03T01:17:31.961+0600][9.153s][info][gc,reloc    ] GC(2) Y:                        Candidates     Selected     In-Place         Size        Empty    Relocated 
[2026-04-03T01:17:31.961+0600][9.153s][info][gc,reloc    ] GC(2) Y: Small Pages:                  152          137            0         304M           0M           8M 
[2026-04-03T01:17:31.961+0600][9.153s][info][gc,reloc    ] GC(2) Y: Medium Pages:                   1            0            0          32M           0M           0M 
[2026-04-03T01:17:31.961+0600][9.153s][info][gc,reloc    ] GC(2) Y: Large Pages:                    0            0            0           0M           0M           0M 
[2026-04-03T01:17:31.961+0600][9.153s][info][gc,reloc    ] GC(2) Y: Forwarding Usage: 3M
[2026-04-03T01:17:31.961+0600][9.153s][info][gc,reloc    ] GC(2) Y: Age Table:
[2026-04-03T01:17:31.961+0600][9.153s][info][gc,reloc    ] GC(2) Y:                    Live             Garbage             Small              Medium             Large        
[2026-04-03T01:17:31.961+0600][9.153s][info][gc,reloc    ] GC(2) Y: Eden               8M (0%)          271M (7%)         140 / 135            0 / 0              0 / 0        
[2026-04-03T01:17:31.961+0600][9.153s][info][gc,reloc    ] GC(2) Y: Survivor 1        20M (1%)           35M (1%)          12 / 2              1 / 0              0 / 0        
[2026-04-03T01:17:31.961+0600][9.153s][info][gc,heap     ] GC(2) Y: Min Capacity: 8M(0%)
[2026-04-03T01:17:31.961+0600][9.153s][info][gc,heap     ] GC(2) Y: Max Capacity: 3922M(100%)
[2026-04-03T01:17:31.961+0600][9.153s][info][gc,heap     ] GC(2) Y: Soft Max Capacity: 3529M(90%)
[2026-04-03T01:17:31.961+0600][9.153s][info][gc,heap     ] GC(2) Y: Heap Statistics:
[2026-04-03T01:17:31.961+0600][9.153s][info][gc,heap     ] GC(2) Y:                Mark Start          Mark End        Relocate Start      Relocate End           High               Low         
[2026-04-03T01:17:31.961+0600][9.153s][info][gc,heap     ] GC(2) Y:  Capacity:      354M (9%)          380M (10%)         380M (10%)         384M (10%)         384M (10%)         354M (9%)     
[2026-04-03T01:17:31.961+0600][9.153s][info][gc,heap     ] GC(2) Y:      Free:     3568M (91%)        3548M (90%)        3546M (90%)        3808M (97%)        3808M (97%)        3538M (90%)    
[2026-04-03T01:17:31.961+0600][9.153s][info][gc,heap     ] GC(2) Y:      Used:      354M (9%)          374M (10%)         376M (10%)         114M (3%)          384M (10%)         114M (3%)     
[2026-04-03T01:17:31.961+0600][9.154s][info][gc,heap     ] GC(2) Y: Young Generation Statistics:
[2026-04-03T01:17:31.961+0600][9.154s][info][gc,heap     ] GC(2) Y:                Mark Start          Mark End        Relocate Start      Relocate End    
[2026-04-03T01:17:31.961+0600][9.154s][info][gc,heap     ] GC(2) Y:      Used:      336M (9%)          356M (9%)          358M (9%)           96M (2%)     
[2026-04-03T01:17:31.961+0600][9.154s][info][gc,heap     ] GC(2) Y:      Live:         -                28M (1%)           28M (1%)           28M (1%)     
[2026-04-03T01:17:31.961+0600][9.154s][info][gc,heap     ] GC(2) Y:   Garbage:         -               307M (8%)          307M (8%)           31M (1%)     
[2026-04-03T01:17:31.961+0600][9.154s][info][gc,heap     ] GC(2) Y: Allocated:         -                20M (1%)           22M (1%)           36M (1%)     
[2026-04-03T01:17:31.961+0600][9.154s][info][gc,heap     ] GC(2) Y: Reclaimed:         -                  -                 0M (0%)          276M (7%)     
[2026-04-03T01:17:31.961+0600][9.154s][info][gc,heap     ] GC(2) Y:  Promoted:         -                  -                 0M (0%)            0M (0%)     
[2026-04-03T01:17:31.961+0600][9.154s][info][gc,heap     ] GC(2) Y: Compacted:         -                  -                  -                 9M (0%)     
[2026-04-03T01:17:31.961+0600][9.154s][info][gc,phases   ] GC(2) Y: Young Generation 354M(9%)->114M(3%) 0.089s
[2026-04-03T01:17:31.961+0600][9.154s][info][gc,phases   ] GC(2) O: Old Generation
[2026-04-03T01:17:31.990+0600][9.183s][info][gc,phases   ] GC(2) O: Concurrent Mark 28.909ms
[2026-04-03T01:17:31.990+0600][9.183s][info][gc,phases   ] GC(2) O: Pause Mark End 0.050ms
[2026-04-03T01:17:31.990+0600][9.183s][info][gc,phases   ] GC(2) O: Concurrent Mark Free 0.003ms
[2026-04-03T01:17:32.011+0600][9.203s][info][gc,phases   ] GC(2) O: Concurrent Process Non-Strong 20.393ms
[2026-04-03T01:17:32.011+0600][9.203s][info][gc,phases   ] GC(2) O: Concurrent Reset Relocation Set 0.002ms
[2026-04-03T01:17:32.013+0600][9.206s][info][gc,phases   ] GC(2) O: Concurrent Select Relocation Set 2.227ms
[2026-04-03T01:17:32.013+0600][9.206s][info][gc,task     ] GC(2) O: Using 3 Workers for Old Generation
[2026-04-03T01:17:32.035+0600][9.227s][info][gc,task     ] GC(2) O: Using 2 Workers for Old Generation
[2026-04-03T01:17:32.035+0600][9.227s][info][gc,phases   ] GC(2) O: Concurrent Remap Roots 21.475ms
[2026-04-03T01:17:32.035+0600][9.227s][info][gc,phases   ] GC(2) O: Pause Relocate Start 0.029ms
[2026-04-03T01:17:32.037+0600][9.230s][info][gc,phases   ] GC(2) O: Concurrent Relocate 2.294ms
[2026-04-03T01:17:32.037+0600][9.230s][info][gc,alloc    ] GC(2) O:                         Mark Start        Mark End      Relocate Start    Relocate End   
[2026-04-03T01:17:32.037+0600][9.230s][info][gc,alloc    ] GC(2) O: Allocation Stalls:          0                0                0                0         
[2026-04-03T01:17:32.037+0600][9.230s][info][gc,load     ] GC(2) O: Load: 13.04 (109%) / 9.91 (83%) / 6.60 (55%)
[2026-04-03T01:17:32.037+0600][9.230s][info][gc,mmu      ] GC(2) O: MMU: 2ms/97.5%, 5ms/98.8%, 10ms/99.4%, 20ms/99.6%, 50ms/99.8%, 100ms/99.8%
[2026-04-03T01:17:32.037+0600][9.230s][info][gc,marking  ] GC(2) O: Mark: 2 stripe(s), 2 proactive flush(es), 1 terminate flush(es), 0 completion(s), 0 continuation(s) 
[2026-04-03T01:17:32.037+0600][9.230s][info][gc,marking  ] GC(2) O: Mark Stack Usage: 32M
[2026-04-03T01:17:32.037+0600][9.230s][info][gc,nmethod  ] GC(2) O: NMethods: 6001 registered, 470 unregistered
[2026-04-03T01:17:32.038+0600][9.230s][info][gc,metaspace] GC(2) O: Metaspace: 32M used, 32M committed, 1088M reserved
[2026-04-03T01:17:32.038+0600][9.230s][info][gc,ref      ] GC(2) O:                       Encountered   Discovered     Enqueued 
[2026-04-03T01:17:32.038+0600][9.230s][info][gc,ref      ] GC(2) O: Soft References:             4633            0            0 
[2026-04-03T01:17:32.038+0600][9.230s][info][gc,ref      ] GC(2) O: Weak References:             4700          535            0 
[2026-04-03T01:17:32.038+0600][9.230s][info][gc,ref      ] GC(2) O: Final References:               3            1            0 
[2026-04-03T01:17:32.038+0600][9.230s][info][gc,ref      ] GC(2) O: Phantom References:           291          131            0 
[2026-04-03T01:17:32.038+0600][9.230s][info][gc,reloc    ] GC(2) O:                        Candidates     Selected     In-Place         Size        Empty    Relocated 
[2026-04-03T01:17:32.038+0600][9.230s][info][gc,reloc    ] GC(2) O: Small Pages:                    9            2            0          18M           0M           0M 
[2026-04-03T01:17:32.038+0600][9.230s][info][gc,reloc    ] GC(2) O: Medium Pages:                   0            0            0           0M           0M           0M 
[2026-04-03T01:17:32.038+0600][9.230s][info][gc,reloc    ] GC(2) O: Large Pages:                    0            0            0           0M           0M           0M 
[2026-04-03T01:17:32.038+0600][9.230s][info][gc,reloc    ] GC(2) O: Forwarding Usage: 0M
[2026-04-03T01:17:32.038+0600][9.230s][info][gc,heap     ] GC(2) O: Min Capacity: 8M(0%)
[2026-04-03T01:17:32.038+0600][9.230s][info][gc,heap     ] GC(2) O: Max Capacity: 3922M(100%)
[2026-04-03T01:17:32.038+0600][9.230s][info][gc,heap     ] GC(2) O: Soft Max Capacity: 3529M(90%)
[2026-04-03T01:17:32.038+0600][9.230s][info][gc,heap     ] GC(2) O: Heap Statistics:
[2026-04-03T01:17:32.038+0600][9.230s][info][gc,heap     ] GC(2) O:                Mark Start          Mark End        Relocate Start      Relocate End           High               Low         
[2026-04-03T01:17:32.038+0600][9.230s][info][gc,heap     ] GC(2) O:  Capacity:      354M (9%)          384M (10%)         384M (10%)         384M (10%)         384M (10%)         354M (9%)     
[2026-04-03T01:17:32.038+0600][9.230s][info][gc,heap     ] GC(2) O:      Free:     3568M (91%)        3804M (97%)        3800M (97%)        3800M (97%)        3808M (97%)        3538M (90%)    
[2026-04-03T01:17:32.038+0600][9.230s][info][gc,heap     ] GC(2) O:      Used:      354M (9%)          118M (3%)          122M (3%)          122M (3%)          384M (10%)         114M (3%)     
[2026-04-03T01:17:32.038+0600][9.230s][info][gc,heap     ] GC(2) O: Old Generation Statistics:
[2026-04-03T01:17:32.038+0600][9.230s][info][gc,heap     ] GC(2) O:                Mark Start          Mark End        Relocate Start      Relocate End    
[2026-04-03T01:17:32.038+0600][9.230s][info][gc,heap     ] GC(2) O:      Used:       18M (0%)           18M (0%)           18M (0%)           18M (0%)     
[2026-04-03T01:17:32.038+0600][9.230s][info][gc,heap     ] GC(2) O:      Live:         -                11M (0%)           11M (0%)           11M (0%)     
[2026-04-03T01:17:32.038+0600][9.230s][info][gc,heap     ] GC(2) O:   Garbage:         -                 6M (0%)            6M (0%)            1M (0%)     
[2026-04-03T01:17:32.038+0600][9.230s][info][gc,heap     ] GC(2) O: Allocated:         -                 0M (0%)            0M (0%)            5M (0%)     
[2026-04-03T01:17:32.038+0600][9.230s][info][gc,heap     ] GC(2) O: Reclaimed:         -                  -                 0M (0%)            5M (0%)     
[2026-04-03T01:17:32.038+0600][9.230s][info][gc,heap     ] GC(2) O: Compacted:         -                  -                  -                 0M (0%)     
[2026-04-03T01:17:32.038+0600][9.230s][info][gc,phases   ] GC(2) O: Old Generation 114M(3%)->122M(3%) 0.076s
[2026-04-03T01:17:32.038+0600][9.230s][info][gc          ] GC(2) Major Collection (Warmup) 354M(9%)->122M(3%) 0.166s
[2026-04-03T01:17:35.316+0600][12.508s][info][gc          ] GC(3) Major Collection (Warmup)
[2026-04-03T01:17:35.316+0600][12.508s][info][gc,task     ] GC(3) Using 3 Workers for Young Generation
[2026-04-03T01:17:35.316+0600][12.508s][info][gc,task     ] GC(3) Using 1 Workers for Old Generation
[2026-04-03T01:17:35.316+0600][12.509s][info][gc,phases   ] GC(3) Y: Young Generation
[2026-04-03T01:17:35.316+0600][12.509s][info][gc,phases   ] GC(3) Y: Pause Mark Start (Major) 0.029ms
[2026-04-03T01:17:35.394+0600][12.586s][info][gc,phases   ] GC(3) Y: Concurrent Mark 77.069ms
[2026-04-03T01:17:35.395+0600][12.587s][info][gc,phases   ] GC(3) Y: Pause Mark End 0.066ms
[2026-04-03T01:17:35.395+0600][12.588s][info][gc,phases   ] GC(3) Y: Concurrent Mark Free 0.003ms
[2026-04-03T01:17:35.395+0600][12.588s][info][gc,phases   ] GC(3) Y: Concurrent Reset Relocation Set 0.028ms
[2026-04-03T01:17:35.398+0600][12.591s][info][gc,reloc    ] GC(3) Y: Using tenuring threshold: 1 (Computed)
[2026-04-03T01:17:35.422+0600][12.615s][info][gc,phases   ] GC(3) Y: Concurrent Select Relocation Set 26.826ms
[2026-04-03T01:17:35.422+0600][12.615s][info][gc,phases   ] GC(3) Y: Pause Relocate Start 0.030ms
[2026-04-03T01:17:35.458+0600][12.651s][info][gc,phases   ] GC(3) Y: Concurrent Relocate 35.746ms
[2026-04-03T01:17:35.458+0600][12.651s][info][gc,alloc    ] GC(3) Y:                         Mark Start        Mark End      Relocate Start    Relocate End   
[2026-04-03T01:17:35.458+0600][12.651s][info][gc,alloc    ] GC(3) Y: Allocation Stalls:          0                0                0                0         
[2026-04-03T01:17:35.458+0600][12.651s][info][gc,load     ] GC(3) Y: Load: 12.72 (106%) / 9.90 (82%) / 6.61 (55%)
[2026-04-03T01:17:35.458+0600][12.651s][info][gc,mmu      ] GC(3) Y: MMU: 2ms/96.7%, 5ms/98.7%, 10ms/99.3%, 20ms/99.6%, 50ms/99.8%, 100ms/99.8%
[2026-04-03T01:17:35.458+0600][12.651s][info][gc,marking  ] GC(3) Y: Mark: 2 stripe(s), 2 proactive flush(es), 1 terminate flush(es), 0 completion(s), 0 continuation(s) 
[2026-04-03T01:17:35.458+0600][12.651s][info][gc,marking  ] GC(3) Y: Mark Stack Usage: 32M
[2026-04-03T01:17:35.458+0600][12.651s][info][gc,nmethod  ] GC(3) Y: NMethods: 7876 registered, 470 unregistered
[2026-04-03T01:17:35.458+0600][12.651s][info][gc,metaspace] GC(3) Y: Metaspace: 33M used, 34M committed, 1088M reserved
[2026-04-03T01:17:35.458+0600][12.651s][info][gc,reloc    ] GC(3) Y:                        Candidates     Selected     In-Place         Size        Empty    Relocated 
[2026-04-03T01:17:35.458+0600][12.651s][info][gc,reloc    ] GC(3) Y: Small Pages:                  329          147            0         658M         334M           2M 
[2026-04-03T01:17:35.458+0600][12.651s][info][gc,reloc    ] GC(3) Y: Medium Pages:                   1            0            0          32M           0M           0M 
[2026-04-03T01:17:35.458+0600][12.651s][info][gc,reloc    ] GC(3) Y: Large Pages:                    0            0            0           0M           0M           0M 
[2026-04-03T01:17:35.458+0600][12.651s][info][gc,reloc    ] GC(3) Y: Forwarding Usage: 0M
[2026-04-03T01:17:35.458+0600][12.651s][info][gc,reloc    ] GC(3) Y: Age Table:
[2026-04-03T01:17:35.459+0600][12.651s][info][gc,reloc    ] GC(3) Y:                    Live             Garbage             Small              Medium             Large        
[2026-04-03T01:17:35.459+0600][12.651s][info][gc,reloc    ] GC(3) Y: Eden               0M (0%)          615M (16%)        308 / 140            0 / 0              0 / 0        
[2026-04-03T01:17:35.459+0600][12.651s][info][gc,reloc    ] GC(3) Y: Survivor 1         7M (0%)            6M (0%)           7 / 4              0 / 0              0 / 0        
[2026-04-03T01:17:35.459+0600][12.651s][info][gc,reloc    ] GC(3) Y: Survivor 2        20M (1%)           39M (1%)          14 / 3              1 / 0              0 / 0        
[2026-04-03T01:17:35.459+0600][12.651s][info][gc,heap     ] GC(3) Y: Min Capacity: 8M(0%)
[2026-04-03T01:17:35.459+0600][12.651s][info][gc,heap     ] GC(3) Y: Max Capacity: 3922M(100%)
[2026-04-03T01:17:35.459+0600][12.651s][info][gc,heap     ] GC(3) Y: Soft Max Capacity: 3529M(90%)
[2026-04-03T01:17:35.459+0600][12.651s][info][gc,heap     ] GC(3) Y: Heap Statistics:
[2026-04-03T01:17:35.459+0600][12.651s][info][gc,heap     ] GC(3) Y:                Mark Start          Mark End        Relocate Start      Relocate End           High               Low         
[2026-04-03T01:17:35.459+0600][12.651s][info][gc,heap     ] GC(3) Y:  Capacity:      708M (18%)         738M (19%)         738M (19%)         738M (19%)         738M (19%)         708M (18%)    
[2026-04-03T01:17:35.459+0600][12.651s][info][gc,heap     ] GC(3) Y:      Free:     3214M (82%)        3188M (81%)        3522M (90%)        3778M (96%)        3780M (96%)        3184M (81%)    
[2026-04-03T01:17:35.459+0600][12.651s][info][gc,heap     ] GC(3) Y:      Used:      708M (18%)         734M (19%)         400M (10%)         144M (4%)          738M (19%)         142M (4%)     
[2026-04-03T01:17:35.459+0600][12.651s][info][gc,heap     ] GC(3) Y: Young Generation Statistics:
[2026-04-03T01:17:35.459+0600][12.651s][info][gc,heap     ] GC(3) Y:                Mark Start          Mark End        Relocate Start      Relocate End    
[2026-04-03T01:17:35.459+0600][12.651s][info][gc,heap     ] GC(3) Y:      Used:      690M (18%)         716M (18%)         324M (8%)           56M (1%)     
[2026-04-03T01:17:35.459+0600][12.651s][info][gc,heap     ] GC(3) Y:      Live:         -                27M (1%)            2M (0%)            0M (0%)     
[2026-04-03T01:17:35.459+0600][12.651s][info][gc,heap     ] GC(3) Y:   Garbage:         -               662M (17%)         295M (8%)            0M (0%)     
[2026-04-03T01:17:35.459+0600][12.651s][info][gc,heap     ] GC(3) Y: Allocated:         -                26M (1%)           26M (1%)           55M (1%)     
[2026-04-03T01:17:35.459+0600][12.651s][info][gc,heap     ] GC(3) Y: Reclaimed:         -                  -               366M (9%)          662M (17%)    
[2026-04-03T01:17:35.459+0600][12.651s][info][gc,heap     ] GC(3) Y:  Promoted:         -                  -                25M (1%)           27M (1%)     
[2026-04-03T01:17:35.459+0600][12.651s][info][gc,heap     ] GC(3) Y: Compacted:         -                  -                  -                 0M (0%)     
[2026-04-03T01:17:35.459+0600][12.651s][info][gc,phases   ] GC(3) Y: Young Generation 708M(18%)->144M(4%) 0.142s
[2026-04-03T01:17:35.459+0600][12.651s][info][gc,phases   ] GC(3) O: Old Generation
[2026-04-03T01:17:35.536+0600][12.729s][info][gc,phases   ] GC(3) O: Concurrent Mark 77.077ms
[2026-04-03T01:17:35.536+0600][12.729s][info][gc,phases   ] GC(3) O: Pause Mark End 0.039ms
[2026-04-03T01:17:35.537+0600][12.729s][info][gc,phases   ] GC(3) O: Concurrent Mark Free 0.004ms
[2026-04-03T01:17:35.593+0600][12.786s][info][gc,phases   ] GC(3) O: Concurrent Process Non-Strong 56.202ms
[2026-04-03T01:17:35.593+0600][12.786s][info][gc,phases   ] GC(3) O: Concurrent Reset Relocation Set 0.004ms
[2026-04-03T01:17:35.601+0600][12.793s][info][gc,phases   ] GC(3) O: Concurrent Select Relocation Set 7.587ms
[2026-04-03T01:17:35.601+0600][12.794s][info][gc,task     ] GC(3) O: Using 3 Workers for Old Generation
[2026-04-03T01:17:35.630+0600][12.822s][info][gc,task     ] GC(3) O: Using 1 Workers for Old Generation
[2026-04-03T01:17:35.630+0600][12.823s][info][gc,phases   ] GC(3) O: Concurrent Remap Roots 28.971ms
[2026-04-03T01:17:35.630+0600][12.823s][info][gc,phases   ] GC(3) O: Pause Relocate Start 0.025ms
[2026-04-03T01:17:35.634+0600][12.826s][info][gc,phases   ] GC(3) O: Concurrent Relocate 2.640ms
[2026-04-03T01:17:35.634+0600][12.826s][info][gc,alloc    ] GC(3) O:                         Mark Start        Mark End      Relocate Start    Relocate End   
[2026-04-03T01:17:35.634+0600][12.826s][info][gc,alloc    ] GC(3) O: Allocation Stalls:          0                0                0                0         
[2026-04-03T01:17:35.634+0600][12.826s][info][gc,load     ] GC(3) O: Load: 12.72 (106%) / 9.90 (82%) / 6.61 (55%)
[2026-04-03T01:17:35.634+0600][12.826s][info][gc,mmu      ] GC(3) O: MMU: 2ms/96.7%, 5ms/98.7%, 10ms/99.3%, 20ms/99.6%, 50ms/99.8%, 100ms/99.8%
[2026-04-03T01:17:35.634+0600][12.826s][info][gc,marking  ] GC(3) O: Mark: 1 stripe(s), 2 proactive flush(es), 1 terminate flush(es), 0 completion(s), 0 continuation(s) 
[2026-04-03T01:17:35.634+0600][12.826s][info][gc,marking  ] GC(3) O: Mark Stack Usage: 32M
[2026-04-03T01:17:35.634+0600][12.826s][info][gc,nmethod  ] GC(3) O: NMethods: 7420 registered, 945 unregistered
[2026-04-03T01:17:35.634+0600][12.826s][info][gc,metaspace] GC(3) O: Metaspace: 33M used, 34M committed, 1088M reserved
[2026-04-03T01:17:35.634+0600][12.826s][info][gc,ref      ] GC(3) O:                       Encountered   Discovered     Enqueued 
[2026-04-03T01:17:35.634+0600][12.826s][info][gc,ref      ] GC(3) O: Soft References:             4665            0            0 
[2026-04-03T01:17:35.634+0600][12.826s][info][gc,ref      ] GC(3) O: Weak References:             4856          677            0 
[2026-04-03T01:17:35.634+0600][12.826s][info][gc,ref      ] GC(3) O: Final References:               3            1            0 
[2026-04-03T01:17:35.634+0600][12.826s][info][gc,ref      ] GC(3) O: Phantom References:           292           98            0 
[2026-04-03T01:17:35.634+0600][12.826s][info][gc,reloc    ] GC(3) O:                        Candidates     Selected     In-Place         Size        Empty    Relocated 
[2026-04-03T01:17:35.634+0600][12.826s][info][gc,reloc    ] GC(3) O: Small Pages:                    9            2            0          18M           0M           0M 
[2026-04-03T01:17:35.634+0600][12.826s][info][gc,reloc    ] GC(3) O: Medium Pages:                   0            0            0           0M           0M           0M 
[2026-04-03T01:17:35.634+0600][12.826s][info][gc,reloc    ] GC(3) O: Large Pages:                    0            0            0           0M           0M           0M 
[2026-04-03T01:17:35.634+0600][12.826s][info][gc,reloc    ] GC(3) O: Forwarding Usage: 0M
[2026-04-03T01:17:35.634+0600][12.826s][info][gc,heap     ] GC(3) O: Min Capacity: 8M(0%)
[2026-04-03T01:17:35.634+0600][12.826s][info][gc,heap     ] GC(3) O: Max Capacity: 3922M(100%)
[2026-04-03T01:17:35.634+0600][12.827s][info][gc,heap     ] GC(3) O: Soft Max Capacity: 3529M(90%)
[2026-04-03T01:17:35.634+0600][12.827s][info][gc,heap     ] GC(3) O: Heap Statistics:
[2026-04-03T01:17:35.634+0600][12.827s][info][gc,heap     ] GC(3) O:                Mark Start          Mark End        Relocate Start      Relocate End           High               Low         
[2026-04-03T01:17:35.634+0600][12.827s][info][gc,heap     ] GC(3) O:  Capacity:      708M (18%)         738M (19%)         738M (19%)         738M (19%)         738M (19%)         708M (18%)    
[2026-04-03T01:17:35.634+0600][12.827s][info][gc,heap     ] GC(3) O:      Free:     3214M (82%)        3760M (96%)        3736M (95%)        3720M (95%)        3780M (96%)        3184M (81%)    
[2026-04-03T01:17:35.634+0600][12.827s][info][gc,heap     ] GC(3) O:      Used:      708M (18%)         162M (4%)          186M (5%)          202M (5%)          738M (19%)         142M (4%)     
[2026-04-03T01:17:35.634+0600][12.827s][info][gc,heap     ] GC(3) O: Old Generation Statistics:
[2026-04-03T01:17:35.634+0600][12.827s][info][gc,heap     ] GC(3) O:                Mark Start          Mark End        Relocate Start      Relocate End    
[2026-04-03T01:17:35.634+0600][12.827s][info][gc,heap     ] GC(3) O:      Used:       18M (0%)           88M (2%)           88M (2%)          100M (3%)     
[2026-04-03T01:17:35.634+0600][12.827s][info][gc,heap     ] GC(3) O:      Live:         -                11M (0%)           11M (0%)           11M (0%)     
[2026-04-03T01:17:35.634+0600][12.827s][info][gc,heap     ] GC(3) O:   Garbage:         -                 6M (0%)            6M (0%)            1M (0%)     
[2026-04-03T01:17:35.634+0600][12.827s][info][gc,heap     ] GC(3) O: Allocated:         -                70M (2%)           70M (2%)           87M (2%)     
[2026-04-03T01:17:35.634+0600][12.827s][info][gc,heap     ] GC(3) O: Reclaimed:         -                  -                 0M (0%)            5M (0%)     
[2026-04-03T01:17:35.634+0600][12.827s][info][gc,heap     ] GC(3) O: Compacted:         -                  -                  -                 0M (0%)     
[2026-04-03T01:17:35.634+0600][12.827s][info][gc,phases   ] GC(3) O: Old Generation 144M(4%)->202M(5%) 0.175s
[2026-04-03T01:17:35.634+0600][12.827s][info][gc          ] GC(3) Major Collection (Warmup) 708M(18%)->202M(5%) 0.318s
[2026-04-03T01:17:38.622+0600][15.814s][info][gc          ] GC(4) Major Collection (Warmup)
[2026-04-03T01:17:38.622+0600][15.814s][info][gc,task     ] GC(4) Using 3 Workers for Young Generation
[2026-04-03T01:17:38.622+0600][15.814s][info][gc,task     ] GC(4) Using 1 Workers for Old Generation
[2026-04-03T01:17:38.622+0600][15.814s][info][gc,phases   ] GC(4) Y: Young Generation
[2026-04-03T01:17:38.622+0600][15.814s][info][gc,phases   ] GC(4) Y: Pause Mark Start (Major) 0.025ms
[2026-04-03T01:17:38.652+0600][15.844s][info][gc,phases   ] GC(4) Y: Concurrent Mark 29.404ms
[2026-04-03T01:17:38.652+0600][15.844s][info][gc,phases   ] GC(4) Y: Pause Mark End 0.026ms
[2026-04-03T01:17:38.652+0600][15.844s][info][gc,phases   ] GC(4) Y: Concurrent Mark Free 0.001ms
[2026-04-03T01:17:38.652+0600][15.845s][info][gc,phases   ] GC(4) Y: Concurrent Reset Relocation Set 0.070ms
[2026-04-03T01:17:38.655+0600][15.847s][info][gc,reloc    ] GC(4) Y: Using tenuring threshold: 2 (Computed)
[2026-04-03T01:17:38.655+0600][15.848s][info][gc,phases   ] GC(4) Y: Concurrent Select Relocation Set 3.135ms
[2026-04-03T01:17:38.655+0600][15.848s][info][gc,phases   ] GC(4) Y: Pause Relocate Start 0.020ms
[2026-04-03T01:17:38.659+0600][15.852s][info][gc,phases   ] GC(4) Y: Concurrent Relocate 2.606ms
[2026-04-03T01:17:38.659+0600][15.852s][info][gc,alloc    ] GC(4) Y:                         Mark Start        Mark End      Relocate Start    Relocate End   
[2026-04-03T01:17:38.659+0600][15.852s][info][gc,alloc    ] GC(4) Y: Allocation Stalls:          0                0                0                0         
[2026-04-03T01:17:38.659+0600][15.852s][info][gc,load     ] GC(4) Y: Load: 12.72 (106%) / 9.90 (82%) / 6.61 (55%)
[2026-04-03T01:17:38.659+0600][15.852s][info][gc,mmu      ] GC(4) Y: MMU: 2ms/96.7%, 5ms/98.7%, 10ms/99.3%, 20ms/99.6%, 50ms/99.8%, 100ms/99.8%
[2026-04-03T01:17:38.659+0600][15.852s][info][gc,marking  ] GC(4) Y: Mark: 2 stripe(s), 3 proactive flush(es), 1 terminate flush(es), 0 completion(s), 0 continuation(s) 
[2026-04-03T01:17:38.659+0600][15.852s][info][gc,marking  ] GC(4) Y: Mark Stack Usage: 32M
[2026-04-03T01:17:38.659+0600][15.852s][info][gc,nmethod  ] GC(4) Y: NMethods: 8195 registered, 945 unregistered
[2026-04-03T01:17:38.659+0600][15.852s][info][gc,metaspace] GC(4) Y: Metaspace: 33M used, 34M committed, 1088M reserved
[2026-04-03T01:17:38.659+0600][15.852s][info][gc,reloc    ] GC(4) Y:                        Candidates     Selected     In-Place         Size        Empty    Relocated 
[2026-04-03T01:17:38.659+0600][15.852s][info][gc,reloc    ] GC(4) Y: Small Pages:                  482           97            0         964M         768M           0M 
[2026-04-03T01:17:38.659+0600][15.852s][info][gc,reloc    ] GC(4) Y: Medium Pages:                   0            0            0           0M           0M           0M 
[2026-04-03T01:17:38.659+0600][15.852s][info][gc,reloc    ] GC(4) Y: Large Pages:                    0            0            0           0M           0M           0M 
[2026-04-03T01:17:38.659+0600][15.852s][info][gc,reloc    ] GC(4) Y: Forwarding Usage: 0M
[2026-04-03T01:17:38.659+0600][15.852s][info][gc,reloc    ] GC(4) Y: Age Table:
[2026-04-03T01:17:38.659+0600][15.852s][info][gc,reloc    ] GC(4) Y:                    Live             Garbage             Small              Medium             Large        
[2026-04-03T01:17:38.659+0600][15.852s][info][gc,reloc    ] GC(4) Y: Eden               0M (0%)          941M (24%)        471 / 90             0 / 0              0 / 0        
[2026-04-03T01:17:38.659+0600][15.852s][info][gc,reloc    ] GC(4) Y: Survivor 1         0M (0%)           21M (1%)          11 / 7              0 / 0              0 / 0        
[2026-04-03T01:17:38.659+0600][15.852s][info][gc,heap     ] GC(4) Y: Min Capacity: 8M(0%)
[2026-04-03T01:17:38.659+0600][15.852s][info][gc,heap     ] GC(4) Y: Max Capacity: 3922M(100%)
[2026-04-03T01:17:38.659+0600][15.852s][info][gc,heap     ] GC(4) Y: Soft Max Capacity: 3529M(90%)
[2026-04-03T01:17:38.659+0600][15.852s][info][gc,heap     ] GC(4) Y: Heap Statistics:
[2026-04-03T01:17:38.659+0600][15.852s][info][gc,heap     ] GC(4) Y:                Mark Start          Mark End        Relocate Start      Relocate End           High               Low         
[2026-04-03T01:17:38.659+0600][15.852s][info][gc,heap     ] GC(4) Y:  Capacity:     1064M (27%)        1098M (28%)        1098M (28%)        1098M (28%)        1098M (28%)        1064M (27%)    
[2026-04-03T01:17:38.659+0600][15.852s][info][gc,heap     ] GC(4) Y:      Free:     2858M (73%)        2834M (72%)        3602M (92%)        3752M (96%)        3752M (96%)        2824M (72%)    
[2026-04-03T01:17:38.659+0600][15.852s][info][gc,heap     ] GC(4) Y:      Used:     1064M (27%)        1088M (28%)         320M (8%)          170M (4%)         1098M (28%)         170M (4%)     
[2026-04-03T01:17:38.659+0600][15.852s][info][gc,heap     ] GC(4) Y: Young Generation Statistics:
[2026-04-03T01:17:38.659+0600][15.852s][info][gc,heap     ] GC(4) Y:                Mark Start          Mark End        Relocate Start      Relocate End    
[2026-04-03T01:17:38.659+0600][15.852s][info][gc,heap     ] GC(4) Y:      Used:      964M (25%)         988M (25%)         220M (6%)           70M (2%)     
[2026-04-03T01:17:38.659+0600][15.852s][info][gc,heap     ] GC(4) Y:      Live:         -                 0M (0%)            0M (0%)            0M (0%)     
[2026-04-03T01:17:38.660+0600][15.852s][info][gc,heap     ] GC(4) Y:   Garbage:         -               963M (25%)         195M (5%)            0M (0%)     
[2026-04-03T01:17:38.660+0600][15.852s][info][gc,heap     ] GC(4) Y: Allocated:         -                24M (1%)           24M (1%)           69M (2%)     
[2026-04-03T01:17:38.660+0600][15.852s][info][gc,heap     ] GC(4) Y: Reclaimed:         -                  -               768M (20%)         963M (25%)    
[2026-04-03T01:17:38.660+0600][15.852s][info][gc,heap     ] GC(4) Y:  Promoted:         -                  -                 0M (0%)            0M (0%)     
[2026-04-03T01:17:38.660+0600][15.852s][info][gc,heap     ] GC(4) Y: Compacted:         -                  -                  -                 0M (0%)     
[2026-04-03T01:17:38.660+0600][15.852s][info][gc,phases   ] GC(4) Y: Young Generation 1064M(27%)->170M(4%) 0.037s
[2026-04-03T01:17:38.660+0600][15.852s][info][gc,phases   ] GC(4) O: Old Generation
[2026-04-03T01:17:38.751+0600][15.943s][info][gc,phases   ] GC(4) O: Concurrent Mark 90.897ms
[2026-04-03T01:17:38.751+0600][15.943s][info][gc,phases   ] GC(4) O: Pause Mark End 0.028ms
[2026-04-03T01:17:38.751+0600][15.943s][info][gc,phases   ] GC(4) O: Concurrent Mark Free 0.001ms
[2026-04-03T01:17:38.813+0600][16.005s][info][gc,phases   ] GC(4) O: Concurrent Process Non-Strong 61.897ms
[2026-04-03T01:17:38.813+0600][16.005s][info][gc,phases   ] GC(4) O: Concurrent Reset Relocation Set 0.002ms
[2026-04-03T01:17:38.816+0600][16.009s][info][gc,phases   ] GC(4) O: Concurrent Select Relocation Set 3.124ms
[2026-04-03T01:17:38.816+0600][16.009s][info][gc,task     ] GC(4) O: Using 3 Workers for Old Generation
[2026-04-03T01:17:38.841+0600][16.034s][info][gc,task     ] GC(4) O: Using 1 Workers for Old Generation
[2026-04-03T01:17:38.842+0600][16.034s][info][gc,phases   ] GC(4) O: Concurrent Remap Roots 25.483ms
[2026-04-03T01:17:38.842+0600][16.034s][info][gc,phases   ] GC(4) O: Pause Relocate Start 0.050ms
[2026-04-03T01:17:38.862+0600][16.055s][info][gc,phases   ] GC(4) O: Concurrent Relocate 20.237ms
[2026-04-03T01:17:38.862+0600][16.055s][info][gc,alloc    ] GC(4) O:                         Mark Start        Mark End      Relocate Start    Relocate End   
[2026-04-03T01:17:38.862+0600][16.055s][info][gc,alloc    ] GC(4) O: Allocation Stalls:          0                0                0                0         
[2026-04-03T01:17:38.862+0600][16.055s][info][gc,load     ] GC(4) O: Load: 12.72 (106%) / 9.90 (82%) / 6.61 (55%)
[2026-04-03T01:17:38.862+0600][16.055s][info][gc,mmu      ] GC(4) O: MMU: 2ms/96.7%, 5ms/98.7%, 10ms/99.3%, 20ms/99.6%, 50ms/99.8%, 100ms/99.8%
[2026-04-03T01:17:38.862+0600][16.055s][info][gc,marking  ] GC(4) O: Mark: 1 stripe(s), 2 proactive flush(es), 1 terminate flush(es), 0 completion(s), 0 continuation(s) 
[2026-04-03T01:17:38.862+0600][16.055s][info][gc,marking  ] GC(4) O: Mark Stack Usage: 32M
[2026-04-03T01:17:38.862+0600][16.055s][info][gc,nmethod  ] GC(4) O: NMethods: 7838 registered, 1323 unregistered
[2026-04-03T01:17:38.863+0600][16.055s][info][gc,metaspace] GC(4) O: Metaspace: 33M used, 34M committed, 1088M reserved
[2026-04-03T01:17:38.863+0600][16.055s][info][gc,ref      ] GC(4) O:                       Encountered   Discovered     Enqueued 
[2026-04-03T01:17:38.863+0600][16.055s][info][gc,ref      ] GC(4) O: Soft References:             4639            0            0 
[2026-04-03T01:17:38.863+0600][16.055s][info][gc,ref      ] GC(4) O: Weak References:             4858         2913         1334 
[2026-04-03T01:17:38.863+0600][16.055s][info][gc,ref      ] GC(4) O: Final References:               3            1            0 
[2026-04-03T01:17:38.863+0600][16.055s][info][gc,ref      ] GC(4) O: Phantom References:           286          172            1 
[2026-04-03T01:17:38.863+0600][16.055s][info][gc,reloc    ] GC(4) O:                        Candidates     Selected     In-Place         Size        Empty    Relocated 
[2026-04-03T01:17:38.863+0600][16.055s][info][gc,reloc    ] GC(4) O: Small Pages:                   34           20            0          68M           6M           4M 
[2026-04-03T01:17:38.863+0600][16.055s][info][gc,reloc    ] GC(4) O: Medium Pages:                   1            0            0          32M           0M           0M 
[2026-04-03T01:17:38.863+0600][16.055s][info][gc,reloc    ] GC(4) O: Large Pages:                    0            0            0           0M           0M           0M 
[2026-04-03T01:17:38.863+0600][16.055s][info][gc,reloc    ] GC(4) O: Forwarding Usage: 1M
[2026-04-03T01:17:38.863+0600][16.055s][info][gc,heap     ] GC(4) O: Min Capacity: 8M(0%)
[2026-04-03T01:17:38.863+0600][16.055s][info][gc,heap     ] GC(4) O: Max Capacity: 3922M(100%)
[2026-04-03T01:17:38.863+0600][16.055s][info][gc,heap     ] GC(4) O: Soft Max Capacity: 3529M(90%)
[2026-04-03T01:17:38.863+0600][16.055s][info][gc,heap     ] GC(4) O: Heap Statistics:
[2026-04-03T01:17:38.863+0600][16.055s][info][gc,heap     ] GC(4) O:                Mark Start          Mark End        Relocate Start      Relocate End           High               Low         
[2026-04-03T01:17:38.863+0600][16.055s][info][gc,heap     ] GC(4) O:  Capacity:     1064M (27%)        1098M (28%)        1098M (28%)        1098M (28%)        1098M (28%)        1064M (27%)    
[2026-04-03T01:17:38.863+0600][16.055s][info][gc,heap     ] GC(4) O:      Free:     2858M (73%)        3718M (95%)        3692M (94%)        3706M (94%)        3752M (96%)        2824M (72%)    
[2026-04-03T01:17:38.863+0600][16.055s][info][gc,heap     ] GC(4) O:      Used:     1064M (27%)         204M (5%)          230M (6%)          216M (6%)         1098M (28%)         170M (4%)     
[2026-04-03T01:17:38.863+0600][16.055s][info][gc,heap     ] GC(4) O: Old Generation Statistics:
[2026-04-03T01:17:38.863+0600][16.055s][info][gc,heap     ] GC(4) O:                Mark Start          Mark End        Relocate Start      Relocate End    
[2026-04-03T01:17:38.863+0600][16.055s][info][gc,heap     ] GC(4) O:      Used:      100M (3%)          100M (3%)           94M (2%)           74M (2%)     
[2026-04-03T01:17:38.863+0600][16.055s][info][gc,heap     ] GC(4) O:      Live:         -                19M (0%)           19M (0%)           19M (0%)     
[2026-04-03T01:17:38.863+0600][16.055s][info][gc,heap     ] GC(4) O:   Garbage:         -                80M (2%)           74M (2%)           33M (1%)     
[2026-04-03T01:17:38.863+0600][16.055s][info][gc,heap     ] GC(4) O: Allocated:         -                 0M (0%)            0M (0%)           21M (1%)     
[2026-04-03T01:17:38.863+0600][16.055s][info][gc,heap     ] GC(4) O: Reclaimed:         -                  -                 6M (0%)           47M (1%)     
[2026-04-03T01:17:38.863+0600][16.055s][info][gc,heap     ] GC(4) O: Compacted:         -                  -                  -                 6M (0%)     
[2026-04-03T01:17:38.863+0600][16.055s][info][gc,phases   ] GC(4) O: Old Generation 170M(4%)->216M(6%) 0.203s
[2026-04-03T01:17:38.863+0600][16.055s][info][gc          ] GC(4) Major Collection (Warmup) 1064M(27%)->216M(6%) 0.241s
[2026-04-03T01:17:45.590+0600][22.782s][info][gc          ] GC(5) Minor Collection (Allocation Rate)
[2026-04-03T01:17:45.590+0600][22.782s][info][gc,task     ] GC(5) Using 1 Workers for Young Generation
[2026-04-03T01:17:45.590+0600][22.782s][info][gc,phases   ] GC(5) y: Young Generation
[2026-04-03T01:17:45.591+0600][22.783s][info][gc,phases   ] GC(5) y: Pause Mark Start 0.030ms
[2026-04-03T01:17:45.621+0600][22.814s][info][gc,phases   ] GC(5) y: Concurrent Mark 27.644ms
[2026-04-03T01:17:45.622+0600][22.814s][info][gc,phases   ] GC(5) y: Pause Mark End 0.033ms
[2026-04-03T01:17:45.622+0600][22.814s][info][gc,phases   ] GC(5) y: Concurrent Mark Free 0.003ms
[2026-04-03T01:17:45.622+0600][22.814s][info][gc,phases   ] GC(5) y: Concurrent Reset Relocation Set 0.017ms
[2026-04-03T01:17:45.625+0600][22.818s][info][gc,reloc    ] GC(5) y: Using tenuring threshold: 1 (Computed)
[2026-04-03T01:17:45.627+0600][22.819s][info][gc,phases   ] GC(5) y: Concurrent Select Relocation Set 5.032ms
[2026-04-03T01:17:45.627+0600][22.820s][info][gc,phases   ] GC(5) y: Pause Relocate Start 0.023ms
[2026-04-03T01:17:45.630+0600][22.823s][info][gc,phases   ] GC(5) y: Concurrent Relocate 2.903ms
[2026-04-03T01:17:45.630+0600][22.823s][info][gc,alloc    ] GC(5) y:                         Mark Start        Mark End      Relocate Start    Relocate End   
[2026-04-03T01:17:45.630+0600][22.823s][info][gc,alloc    ] GC(5) y: Allocation Stalls:          0                0                0                0         
[2026-04-03T01:17:45.630+0600][22.823s][info][gc,load     ] GC(5) y: Load: 11.46 (96%) / 9.72 (81%) / 6.59 (55%)
[2026-04-03T01:17:45.630+0600][22.823s][info][gc,mmu      ] GC(5) y: MMU: 2ms/96.7%, 5ms/98.7%, 10ms/99.3%, 20ms/99.6%, 50ms/99.8%, 100ms/99.8%
[2026-04-03T01:17:45.630+0600][22.823s][info][gc,marking  ] GC(5) y: Mark: 1 stripe(s), 2 proactive flush(es), 1 terminate flush(es), 0 completion(s), 0 continuation(s) 
[2026-04-03T01:17:45.630+0600][22.823s][info][gc,marking  ] GC(5) y: Mark Stack Usage: 32M
[2026-04-03T01:17:45.630+0600][22.823s][info][gc,nmethod  ] GC(5) y: NMethods: 8486 registered, 1323 unregistered
[2026-04-03T01:17:45.630+0600][22.823s][info][gc,metaspace] GC(5) y: Metaspace: 33M used, 34M committed, 1088M reserved
[2026-04-03T01:17:45.630+0600][22.823s][info][gc,reloc    ] GC(5) y:                        Candidates     Selected     In-Place         Size        Empty    Relocated 
[2026-04-03T01:17:45.630+0600][22.823s][info][gc,reloc    ] GC(5) y: Small Pages:                 1412          130            0        2824M        2562M           0M 
[2026-04-03T01:17:45.630+0600][22.823s][info][gc,reloc    ] GC(5) y: Medium Pages:                   0            0            0           0M           0M           0M 
[2026-04-03T01:17:45.630+0600][22.823s][info][gc,reloc    ] GC(5) y: Large Pages:                    0            0            0           0M           0M           0M 
[2026-04-03T01:17:45.630+0600][22.823s][info][gc,reloc    ] GC(5) y: Forwarding Usage: 0M
[2026-04-03T01:17:45.630+0600][22.823s][info][gc,reloc    ] GC(5) y: Age Table:
[2026-04-03T01:17:45.630+0600][22.823s][info][gc,reloc    ] GC(5) y:                    Live             Garbage             Small              Medium             Large        
[2026-04-03T01:17:45.630+0600][22.823s][info][gc,reloc    ] GC(5) y: Eden               0M (0%)         2777M (71%)       1389 / 116            0 / 0              0 / 0        
[2026-04-03T01:17:45.630+0600][22.823s][info][gc,reloc    ] GC(5) y: Survivor 1         0M (0%)           23M (1%)          12 / 3              0 / 0              0 / 0        
[2026-04-03T01:17:45.630+0600][22.823s][info][gc,reloc    ] GC(5) y: Survivor 2         0M (0%)           21M (1%)          11 / 11             0 / 0              0 / 0        
[2026-04-03T01:17:45.631+0600][22.823s][info][gc,heap     ] GC(5) y: Min Capacity: 8M(0%)
[2026-04-03T01:17:45.631+0600][22.823s][info][gc,heap     ] GC(5) y: Max Capacity: 3922M(100%)
[2026-04-03T01:17:45.631+0600][22.823s][info][gc,heap     ] GC(5) y: Soft Max Capacity: 3529M(90%)
[2026-04-03T01:17:45.631+0600][22.823s][info][gc,heap     ] GC(5) y: Heap Statistics:
[2026-04-03T01:17:45.631+0600][22.823s][info][gc,heap     ] GC(5) y:                Mark Start          Mark End        Relocate Start      Relocate End           High               Low         
[2026-04-03T01:17:45.631+0600][22.823s][info][gc,heap     ] GC(5) y:  Capacity:     2898M (74%)        2934M (75%)        2934M (75%)        2934M (75%)        2934M (75%)        2898M (74%)    
[2026-04-03T01:17:45.631+0600][22.823s][info][gc,heap     ] GC(5) y:      Free:     1024M (26%)        1000M (25%)        3562M (91%)        3800M (97%)        3800M (97%)         988M (25%)    
[2026-04-03T01:17:45.631+0600][22.823s][info][gc,heap     ] GC(5) y:      Used:     2898M (74%)        2922M (75%)         360M (9%)          122M (3%)         2934M (75%)         122M (3%)     
[2026-04-03T01:17:45.631+0600][22.823s][info][gc,heap     ] GC(5) y: Young Generation Statistics:
[2026-04-03T01:17:45.631+0600][22.823s][info][gc,heap     ] GC(5) y:                Mark Start          Mark End        Relocate Start      Relocate End    
[2026-04-03T01:17:45.631+0600][22.823s][info][gc,heap     ] GC(5) y:      Used:     2824M (72%)        2848M (73%)         286M (7%)           46M (1%)     
[2026-04-03T01:17:45.631+0600][22.823s][info][gc,heap     ] GC(5) y:      Live:         -                 0M (0%)            0M (0%)            0M (0%)     
[2026-04-03T01:17:45.631+0600][22.823s][info][gc,heap     ] GC(5) y:   Garbage:         -              2823M (72%)         261M (7%)            0M (0%)     
[2026-04-03T01:17:45.631+0600][22.823s][info][gc,heap     ] GC(5) y: Allocated:         -                24M (1%)           24M (1%)           45M (1%)     
[2026-04-03T01:17:45.631+0600][22.823s][info][gc,heap     ] GC(5) y: Reclaimed:         -                  -              2562M (65%)        2823M (72%)    
[2026-04-03T01:17:45.631+0600][22.823s][info][gc,heap     ] GC(5) y:  Promoted:         -                  -                 0M (0%)            0M (0%)     
[2026-04-03T01:17:45.631+0600][22.823s][info][gc,heap     ] GC(5) y: Compacted:         -                  -                  -                 0M (0%)     
[2026-04-03T01:17:45.631+0600][22.823s][info][gc,phases   ] GC(5) y: Young Generation 2898M(74%)->122M(3%) 0.040s
[2026-04-03T01:17:45.631+0600][22.823s][info][gc          ] GC(5) Minor Collection (Allocation Rate) 2898M(74%)->122M(3%) 0.041s
[2026-04-03T01:17:48.495+0600][25.687s][info][gc,exit     ] Stopping ZGC
[2026-04-03T01:17:48.495+0600][25.687s][info][gc,stats    ] === Garbage Collection Statistics =======================================================================================================================
[2026-04-03T01:17:48.495+0600][25.687s][info][gc,stats    ]                                                              Last 10s              Last 10m              Last 10h                Total
[2026-04-03T01:17:48.495+0600][25.687s][info][gc,stats    ]                                                              Avg / Max             Avg / Max             Avg / Max             Avg / Max
[2026-04-03T01:17:48.495+0600][25.687s][info][gc,stats    ]        Contention: Mark Segment Reset Contention                     0 / 4                 3 / 71                3 / 71                3 / 71          ops/s
[2026-04-03T01:17:48.495+0600][25.687s][info][gc,stats    ]        Contention: Mark SeqNum Reset Contention                      0 / 0                 0 / 0                 0 / 0                 0 / 0           ops/s
[2026-04-03T01:17:48.495+0600][25.687s][info][gc,stats    ]          Critical: Allocation Stall                                  0 / 0                 0 / 0                 0 / 0                 0 / 0           ops/s
[2026-04-03T01:17:48.495+0600][25.687s][info][gc,stats    ]          Critical: Allocation Stall                              0.000 / 0.000         0.000 / 0.000         0.000 / 0.000         0.000 / 0.000       ms
[2026-04-03T01:17:48.495+0600][25.687s][info][gc,stats    ]          Critical: JNI Critical Stall                                0 / 2                 0 / 2                 0 / 2                 0 / 2           ops/s
[2026-04-03T01:17:48.495+0600][25.687s][info][gc,stats    ]          Critical: JNI Critical Stall                            0.497 / 0.659         0.497 / 0.659         0.497 / 0.659         0.497 / 0.659       ms
[2026-04-03T01:17:48.495+0600][25.687s][info][gc,stats    ]          Critical: Relocation Stall                                  0 / 0                 0 / 0                 0 / 0                 0 / 0           ops/s
[2026-04-03T01:17:48.495+0600][25.687s][info][gc,stats    ]          Critical: Relocation Stall                              0.000 / 0.000         0.000 / 0.000         0.000 / 0.000         0.000 / 0.000       ms
[2026-04-03T01:17:48.495+0600][25.688s][info][gc,stats    ]  Major Collection: Major Collection                            241.246 / 241.246     213.535 / 318.355     213.535 / 318.355     213.535 / 318.355     ms
[2026-04-03T01:17:48.495+0600][25.688s][info][gc,stats    ]            Memory: Allocation Rate                                 431 / 498             256 / 498             256 / 498             256 / 498         MB/s
[2026-04-03T01:17:48.495+0600][25.688s][info][gc,stats    ]            Memory: Defragment                                        0 / 0                 0 / 0                 0 / 0                 0 / 0           ops/s
[2026-04-03T01:17:48.495+0600][25.688s][info][gc,stats    ]            Memory: Out Of Memory                                     0 / 0                 0 / 0                 0 / 0                 0 / 0           ops/s
[2026-04-03T01:17:48.495+0600][25.688s][info][gc,stats    ]            Memory: Page Cache Flush                                  0 / 0                 0 / 0                 0 / 0                 0 / 0           MB/s
[2026-04-03T01:17:48.495+0600][25.688s][info][gc,stats    ]            Memory: Page Cache Hit L1                               112 / 244              71 / 244              71 / 244              71 / 244         ops/s
[2026-04-03T01:17:48.495+0600][25.688s][info][gc,stats    ]            Memory: Page Cache Hit L2                                 0 / 0                 0 / 0                 0 / 0                 0 / 0           ops/s
[2026-04-03T01:17:48.495+0600][25.688s][info][gc,stats    ]            Memory: Page Cache Hit L3                                 0 / 0                 4 / 36                4 / 36                4 / 36          ops/s
[2026-04-03T01:17:48.495+0600][25.688s][info][gc,stats    ]            Memory: Page Cache Miss                                 103 / 211              53 / 211              53 / 211              53 / 211         ops/s
[2026-04-03T01:17:48.495+0600][25.688s][info][gc,stats    ]            Memory: Uncommit                                          0 / 0                 0 / 0                 0 / 0                 0 / 0           MB/s
[2026-04-03T01:17:48.495+0600][25.688s][info][gc,stats    ]            Memory: Undo Object Allocation Failed                     0 / 0                 0 / 0                 0 / 0                 0 / 0           ops/s
[2026-04-03T01:17:48.495+0600][25.688s][info][gc,stats    ]            Memory: Undo Object Allocation Succeeded                  0 / 9                 0 / 9                 0 / 9                 0 / 9           ops/s
[2026-04-03T01:17:48.495+0600][25.688s][info][gc,stats    ]            Memory: Undo Page Allocation                              6 / 16                3 / 16                3 / 16                3 / 16          ops/s
[2026-04-03T01:17:48.495+0600][25.688s][info][gc,stats    ]  Minor Collection: Minor Collection                             41.139 / 41.139       41.139 / 41.139       41.139 / 41.139       41.139 / 41.139      ms
[2026-04-03T01:17:48.495+0600][25.688s][info][gc,stats    ]    Old Generation: Old Generation                              202.778 / 202.778     115.252 / 202.778     115.252 / 202.778     115.252 / 202.778     ms
[2026-04-03T01:17:48.495+0600][25.688s][info][gc,stats    ]         Old Pause: Pause Mark End                                0.028 / 0.028         0.033 / 0.050         0.033 / 0.050         0.033 / 0.050       ms
[2026-04-03T01:17:48.495+0600][25.688s][info][gc,stats    ]         Old Pause: Pause Relocate Start                          0.050 / 0.050         0.029 / 0.050         0.029 / 0.050         0.029 / 0.050       ms
[2026-04-03T01:17:48.495+0600][25.688s][info][gc,stats    ]         Old Phase: Concurrent Mark                              90.897 / 90.897       49.640 / 90.897       49.640 / 90.897       49.640 / 90.897      ms
[2026-04-03T01:17:48.495+0600][25.688s][info][gc,stats    ]         Old Phase: Concurrent Mark Continue                      0.000 / 0.000         0.000 / 0.000         0.000 / 0.000         0.000 / 0.000       ms
[2026-04-03T01:17:48.495+0600][25.688s][info][gc,stats    ]         Old Phase: Concurrent Mark Free                          0.001 / 0.001         0.002 / 0.004         0.002 / 0.004         0.002 / 0.004       ms
[2026-04-03T01:17:48.495+0600][25.688s][info][gc,stats    ]         Old Phase: Concurrent Process Non-Strong                61.897 / 61.897       31.982 / 61.897       31.982 / 61.897       31.982 / 61.897      ms
[2026-04-03T01:17:48.495+0600][25.688s][info][gc,stats    ]         Old Phase: Concurrent Relocate                          20.237 / 20.237        5.797 / 20.237        5.797 / 20.237        5.797 / 20.237      ms
[2026-04-03T01:17:48.495+0600][25.688s][info][gc,stats    ]         Old Phase: Concurrent Remap Roots                       25.483 / 25.483       22.767 / 28.971       22.767 / 28.971       22.767 / 28.971      ms
[2026-04-03T01:17:48.495+0600][25.688s][info][gc,stats    ]         Old Phase: Concurrent Reset Relocation Set               0.002 / 0.002         0.002 / 0.004         0.002 / 0.004         0.002 / 0.004       ms
[2026-04-03T01:17:48.495+0600][25.688s][info][gc,stats    ]         Old Phase: Concurrent Select Relocation Set              3.124 / 3.124         3.840 / 7.587         3.840 / 7.587         3.840 / 7.587       ms
[2026-04-03T01:17:48.495+0600][25.688s][info][gc,stats    ]      Old Subphase: Concurrent Classes Purge                      1.566 / 1.566         1.014 / 1.566         1.014 / 1.566         1.014 / 1.566       ms
[2026-04-03T01:17:48.495+0600][25.688s][info][gc,stats    ]      Old Subphase: Concurrent Classes Unlink                    55.237 / 55.237       27.263 / 55.237       27.263 / 55.237       27.263 / 55.237      ms
[2026-04-03T01:17:48.495+0600][25.688s][info][gc,stats    ]      Old Subphase: Concurrent Mark Follow                       90.227 / 90.227       48.739 / 90.227       48.739 / 90.227       48.739 / 90.227      ms
[2026-04-03T01:17:48.495+0600][25.688s][info][gc,stats    ]      Old Subphase: Concurrent Mark Root Colored                  0.230 / 0.230         0.188 / 0.297         0.188 / 0.297         0.188 / 0.297       ms
[2026-04-03T01:17:48.495+0600][25.688s][info][gc,stats    ]      Old Subphase: Concurrent Mark Root Uncolored                0.339 / 0.339         0.425 / 0.985         0.425 / 0.985         0.425 / 0.985       ms
[2026-04-03T01:17:48.495+0600][25.688s][info][gc,stats    ]      Old Subphase: Concurrent Mark Roots                         0.660 / 0.660         0.892 / 1.420         0.892 / 1.420         0.892 / 1.420       ms
[2026-04-03T01:17:48.495+0600][25.688s][info][gc,stats    ]      Old Subphase: Concurrent References Enqueue                 0.013 / 0.013         0.006 / 0.013         0.006 / 0.013         0.006 / 0.013       ms
[2026-04-03T01:17:48.495+0600][25.688s][info][gc,stats    ]      Old Subphase: Concurrent References Process                 2.131 / 2.131         0.779 / 2.131         0.779 / 2.131         0.779 / 2.131       ms
[2026-04-03T01:17:48.495+0600][25.688s][info][gc,stats    ]      Old Subphase: Concurrent Remap Remembered                  18.794 / 18.857       18.365 / 22.425       18.365 / 22.425       18.365 / 22.425      ms
[2026-04-03T01:17:48.495+0600][25.688s][info][gc,stats    ]      Old Subphase: Concurrent Remap Roots Colored                2.238 / 2.341         1.431 / 2.341         1.431 / 2.341         1.431 / 2.341       ms
[2026-04-03T01:17:48.495+0600][25.688s][info][gc,stats    ]      Old Subphase: Concurrent Remap Roots Uncolored              4.065 / 4.071         2.839 / 4.335         2.839 / 4.335         2.839 / 4.335       ms
[2026-04-03T01:17:48.495+0600][25.688s][info][gc,stats    ]      Old Subphase: Concurrent Roots ClassLoaderDataGraph         1.512 / 1.972         0.808 / 1.972         0.808 / 1.972         0.808 / 1.972       ms
[2026-04-03T01:17:48.495+0600][25.688s][info][gc,stats    ]      Old Subphase: Concurrent Roots CodeCache                    4.043 / 4.048         2.822 / 4.310         2.822 / 4.310         2.822 / 4.310       ms
[2026-04-03T01:17:48.495+0600][25.688s][info][gc,stats    ]      Old Subphase: Concurrent Roots JavaThreads                  0.085 / 0.337         0.138 / 0.983         0.138 / 0.983         0.138 / 0.983       ms
[2026-04-03T01:17:48.495+0600][25.688s][info][gc,stats    ]      Old Subphase: Concurrent Roots OopStorageSet                0.029 / 0.076         0.028 / 0.109         0.028 / 0.109         0.028 / 0.109       ms
[2026-04-03T01:17:48.495+0600][25.688s][info][gc,stats    ]      Old Subphase: Concurrent Weak Roots OopStorageSet           0.828 / 2.537         0.648 / 2.742         0.648 / 2.742         0.648 / 2.742       ms
[2026-04-03T01:17:48.495+0600][25.688s][info][gc,stats    ]            System: Java Threads                                     40 / 41               36 / 41               36 / 41               36 / 41          threads
[2026-04-03T01:17:48.495+0600][25.688s][info][gc,stats    ]  Young Generation: Young Generation                             37.406 / 37.406      100.382 / 142.302     100.382 / 142.302     100.382 / 142.302     ms
[2026-04-03T01:17:48.495+0600][25.688s][info][gc,stats    ]  Young Generation: Young Generation                             40.449 / 40.449       40.449 / 40.449       40.449 / 40.449       40.449 / 40.449      ms
[2026-04-03T01:17:48.495+0600][25.688s][info][gc,stats    ]  Young Generation: Young Generation (Collect Roots)              0.000 / 0.000        17.063 / 17.063       17.063 / 17.063       17.063 / 17.063      ms
[2026-04-03T01:17:48.495+0600][25.688s][info][gc,stats    ]  Young Generation: Young Generation (Promote All)                0.000 / 0.000        67.760 / 67.760       67.760 / 67.760       67.760 / 67.760      ms
[2026-04-03T01:17:48.495+0600][25.688s][info][gc,stats    ]       Young Pause: Pause Mark End                                0.029 / 0.033         0.036 / 0.066         0.036 / 0.066         0.036 / 0.066       ms
[2026-04-03T01:17:48.495+0600][25.688s][info][gc,stats    ]       Young Pause: Pause Mark Start                              0.030 / 0.030         0.028 / 0.030         0.028 / 0.030         0.028 / 0.030       ms
[2026-04-03T01:17:48.495+0600][25.688s][info][gc,stats    ]       Young Pause: Pause Mark Start (Major)                      0.025 / 0.025         0.027 / 0.031         0.027 / 0.031         0.027 / 0.031       ms
[2026-04-03T01:17:48.495+0600][25.688s][info][gc,stats    ]       Young Pause: Pause Relocate Start                          0.022 / 0.023         0.024 / 0.030         0.024 / 0.030         0.024 / 0.030       ms
[2026-04-03T01:17:48.495+0600][25.688s][info][gc,stats    ]       Young Phase: Concurrent Mark                              28.524 / 29.404       46.501 / 85.233       46.501 / 85.233       46.501 / 85.233      ms
[2026-04-03T01:17:48.495+0600][25.688s][info][gc,stats    ]       Young Phase: Concurrent Mark Continue                      0.000 / 0.000         0.000 / 0.000         0.000 / 0.000         0.000 / 0.000       ms
[2026-04-03T01:17:48.495+0600][25.688s][info][gc,stats    ]       Young Phase: Concurrent Mark Free                          0.002 / 0.003         0.029 / 0.187         0.029 / 0.187         0.029 / 0.187       ms
[2026-04-03T01:17:48.495+0600][25.688s][info][gc,stats    ]       Young Phase: Concurrent Relocate                           2.754 / 2.903        15.518 / 35.746       15.518 / 35.746       15.518 / 35.746      ms
[2026-04-03T01:17:48.495+0600][25.688s][info][gc,stats    ]       Young Phase: Concurrent Reset Relocation Set               0.043 / 0.070         0.022 / 0.070         0.022 / 0.070         0.022 / 0.070       ms
[2026-04-03T01:17:48.495+0600][25.688s][info][gc,stats    ]       Young Phase: Concurrent Select Relocation Set              4.084 / 5.032        10.851 / 26.826       10.851 / 26.826       10.851 / 26.826      ms
[2026-04-03T01:17:48.495+0600][25.688s][info][gc,stats    ]    Young Subphase: Concurrent Mark Follow                       12.197 / 17.539       35.833 / 73.811       35.833 / 73.811       35.833 / 73.811      ms
[2026-04-03T01:17:48.495+0600][25.688s][info][gc,stats    ]    Young Subphase: Concurrent Mark Root Colored                  3.746 / 4.701         3.828 / 6.190         3.828 / 6.190         3.828 / 6.190       ms
[2026-04-03T01:17:48.495+0600][25.688s][info][gc,stats    ]    Young Subphase: Concurrent Mark Root Uncolored                7.307 / 16.611        4.613 / 16.611        4.613 / 16.611        4.613 / 16.611      ms
[2026-04-03T01:17:48.495+0600][25.688s][info][gc,stats    ]    Young Subphase: Concurrent Mark Roots                        16.319 / 20.779       10.660 / 20.779       10.660 / 20.779       10.660 / 20.779      ms
[2026-04-03T01:17:48.495+0600][25.688s][info][gc,stats    ]    Young Subphase: Concurrent Relocate Remset FP                 0.495 / 0.841         3.753 / 25.035        3.753 / 25.035        3.753 / 25.035      ms
[2026-04-03T01:17:48.495+0600][25.688s][info][gc,stats    ]    Young Subphase: Concurrent Roots ClassLoaderDataGraph         2.285 / 3.527         2.282 / 3.742         2.282 / 3.742         2.282 / 3.742       ms
[2026-04-03T01:17:48.495+0600][25.688s][info][gc,stats    ]    Young Subphase: Concurrent Roots CodeCache                    6.973 / 16.148        3.855 / 16.148        3.855 / 16.148        3.855 / 16.148      ms
[2026-04-03T01:17:48.495+0600][25.688s][info][gc,stats    ]    Young Subphase: Concurrent Roots JavaThreads                  0.200 / 0.459         0.394 / 5.135         0.394 / 5.135         0.394 / 5.135       ms
[2026-04-03T01:17:48.495+0600][25.688s][info][gc,stats    ]    Young Subphase: Concurrent Roots OopStorageSet                0.023 / 0.032         0.073 / 0.181         0.073 / 0.181         0.073 / 0.181       ms
[2026-04-03T01:17:48.495+0600][25.688s][info][gc,stats    ]    Young Subphase: Concurrent Weak Roots OopStorageSet           1.436 / 3.315         1.479 / 3.315         1.479 / 3.315         1.479 / 3.315       ms
[2026-04-03T01:17:48.495+0600][25.688s][info][gc,stats    ] =========================================================================================================================================================
[2026-04-03T01:17:48.496+0600][25.688s][info][gc,heap,exit] Heap
[2026-04-03T01:17:48.496+0600][25.688s][info][gc,heap,exit]  ZHeap           used 1406M, capacity 2966M, max capacity 3922M
[2026-04-03T01:17:48.496+0600][25.688s][info][gc,heap,exit]  Metaspace       used 34621K, committed 35712K, reserved 1114112K
[2026-04-03T01:17:48.496+0600][25.688s][info][gc,heap,exit]   class space    used 2927K, committed 3392K, reserved 1048576K
