[2026-04-03T01:17:48.971+0600][0.006s][info][gc,init] Initializing The Z Garbage Collector
[2026-04-03T01:17:48.971+0600][0.006s][info][gc,init] Version: 21.0.10+7-Ubuntu-124.04 (release)
[2026-04-03T01:17:48.971+0600][0.006s][info][gc,init] Using legacy single-generation mode
[2026-04-03T01:17:48.971+0600][0.006s][info][gc,init] NUMA Support: Disabled
[2026-04-03T01:17:48.971+0600][0.006s][info][gc,init] CPUs: 12 total, 12 available
[2026-04-03T01:17:48.971+0600][0.006s][info][gc,init] Memory: 15683M
[2026-04-03T01:17:48.971+0600][0.006s][info][gc,init] Large Page Support: Disabled
[2026-04-03T01:17:48.971+0600][0.006s][info][gc,init] GC Workers: 3 (dynamic)
[2026-04-03T01:17:48.972+0600][0.007s][info][gc,init] Address Space Type: Contiguous/Unrestricted/Complete
[2026-04-03T01:17:48.972+0600][0.007s][info][gc,init] Address Space Size: 62752M x 3 = 188256M
[2026-04-03T01:17:48.972+0600][0.007s][info][gc,init] Heap Backing File: /memfd:java_heap
[2026-04-03T01:17:48.972+0600][0.007s][info][gc,init] Heap Backing Filesystem: tmpfs (0x1021994)
[2026-04-03T01:17:48.973+0600][0.008s][info][gc,init] Min Capacity: 8M
[2026-04-03T01:17:48.973+0600][0.008s][info][gc,init] Initial Capacity: 246M
[2026-04-03T01:17:48.973+0600][0.008s][info][gc,init] Max Capacity: 3922M
[2026-04-03T01:17:48.973+0600][0.008s][info][gc,init] Medium Page Size: 32M
[2026-04-03T01:17:48.973+0600][0.008s][info][gc,init] Pre-touch: Disabled
[2026-04-03T01:17:48.973+0600][0.008s][info][gc,init] Available space on backing filesystem: N/A
[2026-04-03T01:17:48.974+0600][0.009s][info][gc,init] Uncommit: Enabled
[2026-04-03T01:17:48.974+0600][0.009s][info][gc,init] Uncommit Delay: 300s
[2026-04-03T01:17:49.089+0600][0.124s][info][gc,init] Runtime Workers: 8
[2026-04-03T01:17:49.091+0600][0.126s][info][gc     ] Using The Z Garbage Collector
[2026-04-03T01:17:49.104+0600][0.139s][info][gc,metaspace] CDS archive(s) mapped at: [0x00007e85c7000000-0x00007e85c7c9c000-0x00007e85c7c9c000), size 13221888, SharedBaseAddress: 0x00007e85c7000000, ArchiveRelocationMode: 1.
[2026-04-03T01:17:49.105+0600][0.139s][info][gc,metaspace] Compressed class space mapped at: 0x00007e85c8000000-0x00007e8608000000, reserved size: 1073741824
[2026-04-03T01:17:49.105+0600][0.139s][info][gc,metaspace] Narrow klass base: 0x00007e85c7000000, Narrow klass shift: 0, Narrow klass range: 0x100000000
[2026-04-03T01:17:51.600+0600][2.635s][info][gc,start    ] GC(0) Garbage Collection (System.gc())
[2026-04-03T01:17:51.600+0600][2.635s][info][gc,task     ] GC(0) Using 3 workers
[2026-04-03T01:17:51.601+0600][2.635s][info][gc,phases   ] GC(0) Pause Mark Start 0.009ms
[2026-04-03T01:17:51.620+0600][2.655s][info][gc,phases   ] GC(0) Concurrent Mark 19.735ms
[2026-04-03T01:17:51.621+0600][2.655s][info][gc,phases   ] GC(0) Pause Mark End 0.019ms
[2026-04-03T01:17:51.621+0600][2.655s][info][gc,phases   ] GC(0) Concurrent Mark Free 0.001ms
[2026-04-03T01:17:51.625+0600][2.660s][info][gc,phases   ] GC(0) Concurrent Process Non-Strong References 4.547ms
[2026-04-03T01:17:51.625+0600][2.660s][info][gc,phases   ] GC(0) Concurrent Reset Relocation Set 0.001ms
[2026-04-03T01:17:51.635+0600][2.670s][info][gc,phases   ] GC(0) Concurrent Select Relocation Set 9.734ms
[2026-04-03T01:17:51.635+0600][2.670s][info][gc,phases   ] GC(0) Pause Relocate Start 0.011ms
[2026-04-03T01:17:51.643+0600][2.678s][info][gc,phases   ] GC(0) Concurrent Relocate 7.504ms
[2026-04-03T01:17:51.643+0600][2.678s][info][gc,load     ] GC(0) Load: 10.71/9.59/6.56
[2026-04-03T01:17:51.643+0600][2.678s][info][gc,mmu      ] GC(0) MMU: 2ms/99.1%, 5ms/99.6%, 10ms/99.8%, 20ms/99.9%, 50ms/99.9%, 100ms/100.0%
[2026-04-03T01:17:51.643+0600][2.678s][info][gc,marking  ] GC(0) Mark: 2 stripe(s), 3 proactive flush(es), 1 terminate flush(es), 0 completion(s), 0 continuation(s) 
[2026-04-03T01:17:51.643+0600][2.678s][info][gc,marking  ] GC(0) Mark Stack Usage: 32M
[2026-04-03T01:17:51.643+0600][2.678s][info][gc,nmethod  ] GC(0) NMethods: 2724 registered, 510 unregistered
[2026-04-03T01:17:51.643+0600][2.678s][info][gc,metaspace] GC(0) Metaspace: 15M used, 15M committed, 1088M reserved
[2026-04-03T01:17:51.643+0600][2.678s][info][gc,ref      ] GC(0) Soft: 3845 encountered, 0 discovered, 0 enqueued
[2026-04-03T01:17:51.643+0600][2.678s][info][gc,ref      ] GC(0) Weak: 2605 encountered, 1145 discovered, 776 enqueued
[2026-04-03T01:17:51.643+0600][2.678s][info][gc,ref      ] GC(0) Final: 3 encountered, 0 discovered, 0 enqueued
[2026-04-03T01:17:51.643+0600][2.678s][info][gc,ref      ] GC(0) Phantom: 240 encountered, 130 discovered, 2 enqueued
[2026-04-03T01:17:51.643+0600][2.678s][info][gc,reloc    ] GC(0) Small Pages: 94 / 188M, Empty: 0M, Relocated: 11M, In-Place: 0
[2026-04-03T01:17:51.643+0600][2.678s][info][gc,reloc    ] GC(0) Medium Pages: 0 / 0M, Empty: 0M, Relocated: 0M, In-Place: 0
[2026-04-03T01:17:51.643+0600][2.678s][info][gc,reloc    ] GC(0) Large Pages: 0 / 0M, Empty: 0M, Relocated: 0M, In-Place: 0
[2026-04-03T01:17:51.643+0600][2.678s][info][gc,reloc    ] GC(0) Forwarding Usage: 3M
[2026-04-03T01:17:51.643+0600][2.678s][info][gc,heap     ] GC(0) Min Capacity: 8M(0%)
[2026-04-03T01:17:51.643+0600][2.678s][info][gc,heap     ] GC(0) Max Capacity: 3922M(100%)
[2026-04-03T01:17:51.643+0600][2.678s][info][gc,heap     ] GC(0) Soft Max Capacity: 3922M(100%)
[2026-04-03T01:17:51.643+0600][2.678s][info][gc,heap     ] GC(0)                Mark Start          Mark End        Relocate Start      Relocate End           High               Low         
[2026-04-03T01:17:51.643+0600][2.678s][info][gc,heap     ] GC(0)  Capacity:      246M (6%)          246M (6%)          246M (6%)          246M (6%)          246M (6%)          246M (6%)     
[2026-04-03T01:17:51.643+0600][2.678s][info][gc,heap     ] GC(0)      Free:     3734M (95%)        3734M (95%)        3730M (95%)        3902M (99%)        3902M (99%)        3724M (95%)    
[2026-04-03T01:17:51.643+0600][2.678s][info][gc,heap     ] GC(0)      Used:      188M (5%)          188M (5%)          192M (5%)           20M (1%)          198M (5%)           20M (1%)     
[2026-04-03T01:17:51.643+0600][2.678s][info][gc,heap     ] GC(0)      Live:         -                11M (0%)           11M (0%)           11M (0%)             -                  -          
[2026-04-03T01:17:51.643+0600][2.678s][info][gc,heap     ] GC(0) Allocated:         -                 0M (0%)            4M (0%)            5M (0%)             -                  -          
[2026-04-03T01:17:51.643+0600][2.678s][info][gc,heap     ] GC(0)   Garbage:         -               176M (4%)          176M (4%)            2M (0%)             -                  -          
[2026-04-03T01:17:51.643+0600][2.678s][info][gc,heap     ] GC(0) Reclaimed:         -                  -                 0M (0%)          173M (4%)             -                  -          
[2026-04-03T01:17:51.643+0600][2.678s][info][gc          ] GC(0) Garbage Collection (System.gc()) 188M(5%)->20M(1%)
[2026-04-03T01:17:52.747+0600][3.782s][info][gc,start    ] GC(1) Garbage Collection (Metadata GC Threshold)
[2026-04-03T01:17:52.747+0600][3.782s][info][gc,task     ] GC(1) Using 3 workers
[2026-04-03T01:17:52.748+0600][3.782s][info][gc,phases   ] GC(1) Pause Mark Start 0.017ms
[2026-04-03T01:17:52.783+0600][3.818s][info][gc,phases   ] GC(1) Concurrent Mark 35.730ms
[2026-04-03T01:17:52.784+0600][3.819s][info][gc,phases   ] GC(1) Pause Mark End 0.030ms
[2026-04-03T01:17:52.784+0600][3.819s][info][gc,phases   ] GC(1) Concurrent Mark Free 0.004ms
[2026-04-03T01:17:52.792+0600][3.827s][info][gc,phases   ] GC(1) Concurrent Process Non-Strong References 8.309ms
[2026-04-03T01:17:52.792+0600][3.827s][info][gc,phases   ] GC(1) Concurrent Reset Relocation Set 0.011ms
[2026-04-03T01:17:52.796+0600][3.831s][info][gc,phases   ] GC(1) Concurrent Select Relocation Set 3.872ms
[2026-04-03T01:17:52.797+0600][3.831s][info][gc,phases   ] GC(1) Pause Relocate Start 0.017ms
[2026-04-03T01:17:52.800+0600][3.835s][info][gc,phases   ] GC(1) Concurrent Relocate 3.146ms
[2026-04-03T01:17:52.800+0600][3.835s][info][gc,load     ] GC(1) Load: 10.71/9.59/6.56
[2026-04-03T01:17:52.800+0600][3.835s][info][gc,mmu      ] GC(1) MMU: 2ms/98.5%, 5ms/99.4%, 10ms/99.7%, 20ms/99.8%, 50ms/99.9%, 100ms/99.9%
[2026-04-03T01:17:52.800+0600][3.835s][info][gc,marking  ] GC(1) Mark: 2 stripe(s), 2 proactive flush(es), 1 terminate flush(es), 0 completion(s), 0 continuation(s) 
[2026-04-03T01:17:52.800+0600][3.835s][info][gc,marking  ] GC(1) Mark Stack Usage: 32M
[2026-04-03T01:17:52.800+0600][3.835s][info][gc,nmethod  ] GC(1) NMethods: 3252 registered, 694 unregistered
[2026-04-03T01:17:52.800+0600][3.835s][info][gc,metaspace] GC(1) Metaspace: 25M used, 25M committed, 1088M reserved
[2026-04-03T01:17:52.800+0600][3.835s][info][gc,ref      ] GC(1) Soft: 4000 encountered, 0 discovered, 0 enqueued
[2026-04-03T01:17:52.800+0600][3.835s][info][gc,ref      ] GC(1) Weak: 2358 encountered, 663 discovered, 160 enqueued
[2026-04-03T01:17:52.800+0600][3.835s][info][gc,ref      ] GC(1) Final: 3 encountered, 2 discovered, 0 enqueued
[2026-04-03T01:17:52.800+0600][3.835s][info][gc,ref      ] GC(1) Phantom: 283 encountered, 214 discovered, 3 enqueued
[2026-04-03T01:17:52.800+0600][3.835s][info][gc,reloc    ] GC(1) Small Pages: 81 / 162M, Empty: 34M, Relocated: 4M, In-Place: 0
[2026-04-03T01:17:52.800+0600][3.835s][info][gc,reloc    ] GC(1) Medium Pages: 1 / 32M, Empty: 0M, Relocated: 0M, In-Place: 0
[2026-04-03T01:17:52.800+0600][3.835s][info][gc,reloc    ] GC(1) Large Pages: 0 / 0M, Empty: 0M, Relocated: 0M, In-Place: 0
[2026-04-03T01:17:52.800+0600][3.835s][info][gc,reloc    ] GC(1) Forwarding Usage: 1M
[2026-04-03T01:17:52.800+0600][3.835s][info][gc,heap     ] GC(1) Min Capacity: 8M(0%)
[2026-04-03T01:17:52.800+0600][3.835s][info][gc,heap     ] GC(1) Max Capacity: 3922M(100%)
[2026-04-03T01:17:52.800+0600][3.835s][info][gc,heap     ] GC(1) Soft Max Capacity: 3922M(100%)
[2026-04-03T01:17:52.800+0600][3.835s][info][gc,heap     ] GC(1)                Mark Start          Mark End        Relocate Start      Relocate End           High               Low         
[2026-04-03T01:17:52.800+0600][3.835s][info][gc,heap     ] GC(1)  Capacity:      246M (6%)          246M (6%)          246M (6%)          246M (6%)          246M (6%)          246M (6%)     
[2026-04-03T01:17:52.800+0600][3.835s][info][gc,heap     ] GC(1)      Free:     3728M (95%)        3724M (95%)        3756M (96%)        3864M (99%)        3864M (99%)        3722M (95%)    
[2026-04-03T01:17:52.800+0600][3.835s][info][gc,heap     ] GC(1)      Used:      194M (5%)          198M (5%)          166M (4%)           58M (1%)          200M (5%)           58M (1%)     
[2026-04-03T01:17:52.800+0600][3.835s][info][gc,heap     ] GC(1)      Live:         -                17M (0%)           17M (0%)           17M (0%)             -                  -          
[2026-04-03T01:17:52.800+0600][3.835s][info][gc,heap     ] GC(1) Allocated:         -                 4M (0%)            6M (0%)            5M (0%)             -                  -          
[2026-04-03T01:17:52.800+0600][3.835s][info][gc,heap     ] GC(1)   Garbage:         -               176M (5%)          142M (4%)           34M (1%)             -                  -          
[2026-04-03T01:17:52.800+0600][3.835s][info][gc,heap     ] GC(1) Reclaimed:         -                  -                34M (1%)          141M (4%)             -                  -          
[2026-04-03T01:17:52.800+0600][3.835s][info][gc          ] GC(1) Garbage Collection (Metadata GC Threshold) 194M(5%)->58M(1%)
[2026-04-03T01:17:57.017+0600][8.051s][info][gc,start    ] GC(2) Garbage Collection (Warmup)
[2026-04-03T01:17:57.017+0600][8.052s][info][gc,task     ] GC(2) Using 3 workers
[2026-04-03T01:17:57.017+0600][8.052s][info][gc,phases   ] GC(2) Pause Mark Start 0.021ms
[2026-04-03T01:17:57.062+0600][8.097s][info][gc,phases   ] GC(2) Concurrent Mark 44.110ms
[2026-04-03T01:17:57.063+0600][8.097s][info][gc,phases   ] GC(2) Pause Mark End 0.031ms
[2026-04-03T01:17:57.063+0600][8.098s][info][gc,phases   ] GC(2) Concurrent Mark Free 0.002ms
[2026-04-03T01:17:57.113+0600][8.148s][info][gc,phases   ] GC(2) Concurrent Process Non-Strong References 50.380ms
[2026-04-03T01:17:57.113+0600][8.148s][info][gc,phases   ] GC(2) Concurrent Reset Relocation Set 0.009ms
[2026-04-03T01:17:57.119+0600][8.154s][info][gc,phases   ] GC(2) Concurrent Select Relocation Set 5.745ms
[2026-04-03T01:17:57.119+0600][8.154s][info][gc,phases   ] GC(2) Pause Relocate Start 0.017ms
[2026-04-03T01:17:57.129+0600][8.164s][info][gc,phases   ] GC(2) Concurrent Relocate 9.551ms
[2026-04-03T01:17:57.130+0600][8.164s][info][gc,load     ] GC(2) Load: 10.49/9.57/6.57
[2026-04-03T01:17:57.130+0600][8.164s][info][gc,mmu      ] GC(2) MMU: 2ms/98.5%, 5ms/99.4%, 10ms/99.7%, 20ms/99.8%, 50ms/99.9%, 100ms/99.9%
[2026-04-03T01:17:57.130+0600][8.164s][info][gc,marking  ] GC(2) Mark: 2 stripe(s), 2 proactive flush(es), 1 terminate flush(es), 0 completion(s), 0 continuation(s) 
[2026-04-03T01:17:57.130+0600][8.164s][info][gc,marking  ] GC(2) Mark Stack Usage: 32M
[2026-04-03T01:17:57.130+0600][8.164s][info][gc,nmethod  ] GC(2) NMethods: 6296 registered, 689 unregistered
[2026-04-03T01:17:57.130+0600][8.164s][info][gc,metaspace] GC(2) Metaspace: 32M used, 33M committed, 1088M reserved
[2026-04-03T01:17:57.130+0600][8.164s][info][gc,ref      ] GC(2) Soft: 4643 encountered, 0 discovered, 0 enqueued
[2026-04-03T01:17:57.130+0600][8.164s][info][gc,ref      ] GC(2) Weak: 4724 encountered, 1684 discovered, 1310 enqueued
[2026-04-03T01:17:57.130+0600][8.164s][info][gc,ref      ] GC(2) Final: 3 encountered, 1 discovered, 0 enqueued
[2026-04-03T01:17:57.130+0600][8.165s][info][gc,ref      ] GC(2) Phantom: 290 encountered, 186 discovered, 0 enqueued
[2026-04-03T01:17:57.130+0600][8.165s][info][gc,reloc    ] GC(2) Small Pages: 186 / 372M, Empty: 2M, Relocated: 3M, In-Place: 0
[2026-04-03T01:17:57.130+0600][8.165s][info][gc,reloc    ] GC(2) Medium Pages: 1 / 32M, Empty: 0M, Relocated: 0M, In-Place: 0
[2026-04-03T01:17:57.130+0600][8.165s][info][gc,reloc    ] GC(2) Large Pages: 0 / 0M, Empty: 0M, Relocated: 0M, In-Place: 0
[2026-04-03T01:17:57.130+0600][8.165s][info][gc,reloc    ] GC(2) Forwarding Usage: 1M
[2026-04-03T01:17:57.130+0600][8.165s][info][gc,heap     ] GC(2) Min Capacity: 8M(0%)
[2026-04-03T01:17:57.130+0600][8.165s][info][gc,heap     ] GC(2) Max Capacity: 3922M(100%)
[2026-04-03T01:17:57.130+0600][8.165s][info][gc,heap     ] GC(2) Soft Max Capacity: 3922M(100%)
[2026-04-03T01:17:57.130+0600][8.165s][info][gc,heap     ] GC(2)                Mark Start          Mark End        Relocate Start      Relocate End           High               Low         
[2026-04-03T01:17:57.130+0600][8.165s][info][gc,heap     ] GC(2)  Capacity:      404M (10%)         434M (11%)         434M (11%)         434M (11%)         434M (11%)         404M (10%)    
[2026-04-03T01:17:57.130+0600][8.165s][info][gc,heap     ] GC(2)      Free:     3518M (90%)        3494M (89%)        3496M (89%)        3840M (98%)        3840M (98%)        3488M (89%)    
[2026-04-03T01:17:57.130+0600][8.165s][info][gc,heap     ] GC(2)      Used:      404M (10%)         428M (11%)         426M (11%)          82M (2%)          434M (11%)          82M (2%)     
[2026-04-03T01:17:57.130+0600][8.165s][info][gc,heap     ] GC(2)      Live:         -                19M (1%)           19M (1%)           19M (1%)             -                  -          
[2026-04-03T01:17:57.130+0600][8.165s][info][gc,heap     ] GC(2) Allocated:         -                24M (1%)           24M (1%)           25M (1%)             -                  -          
[2026-04-03T01:17:57.130+0600][8.165s][info][gc,heap     ] GC(2)   Garbage:         -               384M (10%)         382M (10%)          36M (1%)             -                  -          
[2026-04-03T01:17:57.130+0600][8.165s][info][gc,heap     ] GC(2) Reclaimed:         -                  -                 2M (0%)          347M (9%)             -                  -          
[2026-04-03T01:17:57.130+0600][8.165s][info][gc          ] GC(2) Garbage Collection (Warmup) 404M(10%)->82M(2%)
[2026-04-03T01:17:59.117+0600][10.152s][info][gc,stats    ] === Garbage Collection Statistics =======================================================================================================================
[2026-04-03T01:17:59.117+0600][10.152s][info][gc,stats    ]                                                              Last 10s              Last 10m              Last 10h                Total
[2026-04-03T01:17:59.117+0600][10.152s][info][gc,stats    ]                                                              Avg / Max             Avg / Max             Avg / Max             Avg / Max
[2026-04-03T01:17:59.117+0600][10.152s][info][gc,stats    ]   Collector: Garbage Collection Cycle                     69.371 / 112.910      69.371 / 112.910      69.371 / 112.910      69.371 / 112.910     ms
[2026-04-03T01:17:59.117+0600][10.152s][info][gc,stats    ]  Contention: Mark Segment Reset Contention                     0 / 3                 0 / 3                 0 / 3                 0 / 3           ops/s
[2026-04-03T01:17:59.117+0600][10.152s][info][gc,stats    ]  Contention: Mark SeqNum Reset Contention                      0 / 0                 0 / 0                 0 / 0                 0 / 0           ops/s
[2026-04-03T01:17:59.117+0600][10.152s][info][gc,stats    ]    Critical: Allocation Stall                                  0 / 0                 0 / 0                 0 / 0                 0 / 0           ops/s
[2026-04-03T01:17:59.117+0600][10.152s][info][gc,stats    ]    Critical: Allocation Stall                              0.000 / 0.000         0.000 / 0.000         0.000 / 0.000         0.000 / 0.000       ms
[2026-04-03T01:17:59.117+0600][10.152s][info][gc,stats    ]    Critical: GC Locker Stall                                   0 / 0                 0 / 0                 0 / 0                 0 / 0           ops/s
[2026-04-03T01:17:59.117+0600][10.152s][info][gc,stats    ]    Critical: GC Locker Stall                               0.000 / 0.000         0.000 / 0.000         0.000 / 0.000         0.000 / 0.000       ms
[2026-04-03T01:17:59.117+0600][10.152s][info][gc,stats    ]    Critical: Relocation Stall                                  0 / 0                 0 / 0                 0 / 0                 0 / 0           ops/s
[2026-04-03T01:17:59.117+0600][10.152s][info][gc,stats    ]    Critical: Relocation Stall                              0.000 / 0.000         0.000 / 0.000         0.000 / 0.000         0.000 / 0.000       ms
[2026-04-03T01:17:59.117+0600][10.152s][info][gc,stats    ]      Memory: Allocation Rate                                 111 / 204             111 / 204             111 / 204             111 / 204         MB/s
[2026-04-03T01:17:59.117+0600][10.152s][info][gc,stats    ]      Memory: Defragment                                        0 / 0                 0 / 0                 0 / 0                 0 / 0           ops/s
[2026-04-03T01:17:59.117+0600][10.152s][info][gc,stats    ]      Memory: Out Of Memory                                     0 / 0                 0 / 0                 0 / 0                 0 / 0           ops/s
[2026-04-03T01:17:59.117+0600][10.152s][info][gc,stats    ]      Memory: Page Cache Flush                                  0 / 0                 0 / 0                 0 / 0                 0 / 0           MB/s
[2026-04-03T01:17:59.117+0600][10.152s][info][gc,stats    ]      Memory: Page Cache Hit L1                                35 / 95               35 / 95               35 / 95               35 / 95          ops/s
[2026-04-03T01:17:59.117+0600][10.152s][info][gc,stats    ]      Memory: Page Cache Hit L2                                 0 / 0                 0 / 0                 0 / 0                 0 / 0           ops/s
[2026-04-03T01:17:59.117+0600][10.152s][info][gc,stats    ]      Memory: Page Cache Hit L3                                10 / 38               10 / 38               10 / 38               10 / 38          ops/s
[2026-04-03T01:17:59.117+0600][10.152s][info][gc,stats    ]      Memory: Page Cache Miss                                  10 / 63               10 / 63               10 / 63               10 / 63          ops/s
[2026-04-03T01:17:59.117+0600][10.152s][info][gc,stats    ]      Memory: Uncommit                                          0 / 0                 0 / 0                 0 / 0                 0 / 0           MB/s
[2026-04-03T01:17:59.117+0600][10.152s][info][gc,stats    ]      Memory: Undo Object Allocation Failed                     0 / 0                 0 / 0                 0 / 0                 0 / 0           ops/s
[2026-04-03T01:17:59.117+0600][10.152s][info][gc,stats    ]      Memory: Undo Object Allocation Succeeded                  0 / 3                 0 / 3                 0 / 3                 0 / 3           ops/s
[2026-04-03T01:17:59.117+0600][10.152s][info][gc,stats    ]      Memory: Undo Page Allocation                              0 / 4                 0 / 4                 0 / 4                 0 / 4           ops/s
[2026-04-03T01:17:59.117+0600][10.152s][info][gc,stats    ]       Phase: Concurrent Mark                              33.192 / 44.110       33.192 / 44.110       33.192 / 44.110       33.192 / 44.110      ms
[2026-04-03T01:17:59.117+0600][10.152s][info][gc,stats    ]       Phase: Concurrent Mark Continue                      0.000 / 0.000         0.000 / 0.000         0.000 / 0.000         0.000 / 0.000       ms
[2026-04-03T01:17:59.117+0600][10.152s][info][gc,stats    ]       Phase: Concurrent Mark Free                          0.002 / 0.004         0.002 / 0.004         0.002 / 0.004         0.002 / 0.004       ms
[2026-04-03T01:17:59.117+0600][10.152s][info][gc,stats    ]       Phase: Concurrent Process Non-Strong References     21.079 / 50.380       21.079 / 50.380       21.079 / 50.380       21.079 / 50.380      ms
[2026-04-03T01:17:59.117+0600][10.152s][info][gc,stats    ]       Phase: Concurrent Relocate                           6.734 / 9.551         6.734 / 9.551         6.734 / 9.551         6.734 / 9.551       ms
[2026-04-03T01:17:59.117+0600][10.152s][info][gc,stats    ]       Phase: Concurrent Reset Relocation Set               0.007 / 0.011         0.007 / 0.011         0.007 / 0.011         0.007 / 0.011       ms
[2026-04-03T01:17:59.117+0600][10.152s][info][gc,stats    ]       Phase: Concurrent Select Relocation Set              6.450 / 9.734         6.450 / 9.734         6.450 / 9.734         6.450 / 9.734       ms
[2026-04-03T01:17:59.117+0600][10.152s][info][gc,stats    ]       Phase: Pause Mark End                                0.026 / 0.031         0.026 / 0.031         0.026 / 0.031         0.026 / 0.031       ms
[2026-04-03T01:17:59.117+0600][10.152s][info][gc,stats    ]       Phase: Pause Mark Start                              0.016 / 0.021         0.016 / 0.021         0.016 / 0.021         0.016 / 0.021       ms
[2026-04-03T01:17:59.117+0600][10.152s][info][gc,stats    ]       Phase: Pause Relocate Start                          0.015 / 0.017         0.015 / 0.017         0.015 / 0.017         0.015 / 0.017       ms
[2026-04-03T01:17:59.117+0600][10.152s][info][gc,stats    ]    Subphase: Concurrent Classes Purge                      1.310 / 2.819         1.310 / 2.819         1.310 / 2.819         1.310 / 2.819       ms
[2026-04-03T01:17:59.117+0600][10.152s][info][gc,stats    ]    Subphase: Concurrent Classes Unlink                    15.480 / 38.317       15.480 / 38.317       15.480 / 38.317       15.480 / 38.317      ms
[2026-04-03T01:17:59.117+0600][10.152s][info][gc,stats    ]    Subphase: Concurrent Mark                              30.074 / 40.976       30.074 / 40.976       30.074 / 40.976       30.074 / 40.976      ms
[2026-04-03T01:17:59.117+0600][10.152s][info][gc,stats    ]    Subphase: Concurrent Mark Try Flush                     0.173 / 0.343         0.173 / 0.343         0.173 / 0.343         0.173 / 0.343       ms
[2026-04-03T01:17:59.117+0600][10.152s][info][gc,stats    ]    Subphase: Concurrent Mark Try Terminate                 0.727 / 1.188         0.727 / 1.188         0.727 / 1.188         0.727 / 1.188       ms
[2026-04-03T01:17:59.117+0600][10.152s][info][gc,stats    ]    Subphase: Concurrent References Enqueue                 0.009 / 0.017         0.009 / 0.017         0.009 / 0.017         0.009 / 0.017       ms
[2026-04-03T01:17:59.117+0600][10.152s][info][gc,stats    ]    Subphase: Concurrent References Process                 0.386 / 0.539         0.386 / 0.539         0.386 / 0.539         0.386 / 0.539       ms
[2026-04-03T01:17:59.117+0600][10.152s][info][gc,stats    ]    Subphase: Concurrent Roots ClassLoaderDataGraph         0.308 / 0.864         0.308 / 0.864         0.308 / 0.864         0.308 / 0.864       ms
[2026-04-03T01:17:59.117+0600][10.152s][info][gc,stats    ]    Subphase: Concurrent Roots CodeCache                    0.000 / 0.000         0.000 / 0.000         0.000 / 0.000         0.000 / 0.000       ms
[2026-04-03T01:17:59.117+0600][10.152s][info][gc,stats    ]    Subphase: Concurrent Roots JavaThreads                  1.611 / 3.056         1.611 / 3.056         1.611 / 3.056         1.611 / 3.056       ms
[2026-04-03T01:17:59.118+0600][10.152s][info][gc,stats    ]    Subphase: Concurrent Roots OopStorageSet                0.085 / 0.152         0.085 / 0.152         0.085 / 0.152         0.085 / 0.152       ms
[2026-04-03T01:17:59.118+0600][10.152s][info][gc,stats    ]    Subphase: Concurrent Weak Roots OopStorageSet           1.293 / 1.976         1.293 / 1.976         1.293 / 1.976         1.293 / 1.976       ms
[2026-04-03T01:17:59.118+0600][10.152s][info][gc,stats    ]    Subphase: Pause Mark Try Complete                       0.000 / 0.000         0.000 / 0.000         0.000 / 0.000         0.000 / 0.000       ms
[2026-04-03T01:17:59.118+0600][10.152s][info][gc,stats    ]      System: Java Threads                                     35 / 41               35 / 41               35 / 41               35 / 41          threads
[2026-04-03T01:17:59.118+0600][10.152s][info][gc,stats    ] =========================================================================================================================================================
[2026-04-03T01:18:00.517+0600][11.552s][info][gc,start    ] GC(3) Garbage Collection (Warmup)
[2026-04-03T01:18:00.517+0600][11.552s][info][gc,task     ] GC(3) Using 3 workers
[2026-04-03T01:18:00.518+0600][11.552s][info][gc,phases   ] GC(3) Pause Mark Start 0.021ms
[2026-04-03T01:18:00.556+0600][11.591s][info][gc,phases   ] GC(3) Concurrent Mark 35.759ms
[2026-04-03T01:18:00.556+0600][11.591s][info][gc,phases   ] GC(3) Pause Mark End 0.034ms
[2026-04-03T01:18:00.557+0600][11.592s][info][gc,phases   ] GC(3) Concurrent Mark Free 0.004ms
[2026-04-03T01:18:00.578+0600][11.613s][info][gc,phases   ] GC(3) Concurrent Process Non-Strong References 20.990ms
[2026-04-03T01:18:00.578+0600][11.613s][info][gc,phases   ] GC(3) Concurrent Reset Relocation Set 0.026ms
[2026-04-03T01:18:00.583+0600][11.618s][info][gc,phases   ] GC(3) Concurrent Select Relocation Set 5.221ms
[2026-04-03T01:18:00.584+0600][11.618s][info][gc,phases   ] GC(3) Pause Relocate Start 0.021ms
[2026-04-03T01:18:00.589+0600][11.623s][info][gc,phases   ] GC(3) Concurrent Relocate 4.879ms
[2026-04-03T01:18:00.589+0600][11.624s][info][gc,load     ] GC(3) Load: 10.29/9.54/6.58
[2026-04-03T01:18:00.589+0600][11.624s][info][gc,mmu      ] GC(3) MMU: 2ms/98.3%, 5ms/99.3%, 10ms/99.7%, 20ms/99.8%, 50ms/99.9%, 100ms/99.9%
[2026-04-03T01:18:00.589+0600][11.624s][info][gc,marking  ] GC(3) Mark: 2 stripe(s), 2 proactive flush(es), 1 terminate flush(es), 0 completion(s), 0 continuation(s) 
[2026-04-03T01:18:00.589+0600][11.624s][info][gc,marking  ] GC(3) Mark Stack Usage: 32M
[2026-04-03T01:18:00.589+0600][11.624s][info][gc,nmethod  ] GC(3) NMethods: 7554 registered, 1231 unregistered
[2026-04-03T01:18:00.589+0600][11.624s][info][gc,metaspace] GC(3) Metaspace: 33M used, 34M committed, 1088M reserved
[2026-04-03T01:18:00.589+0600][11.624s][info][gc,ref      ] GC(3) Soft: 4643 encountered, 0 discovered, 0 enqueued
[2026-04-03T01:18:00.589+0600][11.624s][info][gc,ref      ] GC(3) Weak: 3423 encountered, 610 discovered, 6 enqueued
[2026-04-03T01:18:00.589+0600][11.624s][info][gc,ref      ] GC(3) Final: 3 encountered, 3 discovered, 0 enqueued
[2026-04-03T01:18:00.589+0600][11.624s][info][gc,ref      ] GC(3) Phantom: 290 encountered, 180 discovered, 0 enqueued
[2026-04-03T01:18:00.589+0600][11.624s][info][gc,reloc    ] GC(3) Small Pages: 385 / 770M, Empty: 506M, Relocated: 3M, In-Place: 0
[2026-04-03T01:18:00.589+0600][11.624s][info][gc,reloc    ] GC(3) Medium Pages: 1 / 32M, Empty: 0M, Relocated: 0M, In-Place: 0
[2026-04-03T01:18:00.589+0600][11.624s][info][gc,reloc    ] GC(3) Large Pages: 0 / 0M, Empty: 0M, Relocated: 0M, In-Place: 0
[2026-04-03T01:18:00.589+0600][11.624s][info][gc,reloc    ] GC(3) Forwarding Usage: 1M
[2026-04-03T01:18:00.589+0600][11.624s][info][gc,heap     ] GC(3) Min Capacity: 8M(0%)
[2026-04-03T01:18:00.589+0600][11.624s][info][gc,heap     ] GC(3) Max Capacity: 3922M(100%)
[2026-04-03T01:18:00.589+0600][11.624s][info][gc,heap     ] GC(3) Soft Max Capacity: 3922M(100%)
[2026-04-03T01:18:00.589+0600][11.624s][info][gc,heap     ] GC(3)                Mark Start          Mark End        Relocate Start      Relocate End           High               Low         
[2026-04-03T01:18:00.589+0600][11.624s][info][gc,heap     ] GC(3)  Capacity:      802M (20%)         832M (21%)         832M (21%)         832M (21%)         832M (21%)         802M (20%)    
[2026-04-03T01:18:00.589+0600][11.624s][info][gc,heap     ] GC(3)      Free:     3120M (80%)        3098M (79%)        3600M (92%)        3838M (98%)        3838M (98%)        3090M (79%)    
[2026-04-03T01:18:00.589+0600][11.624s][info][gc,heap     ] GC(3)      Used:      802M (20%)         824M (21%)         322M (8%)           84M (2%)          832M (21%)          84M (2%)     
[2026-04-03T01:18:00.589+0600][11.624s][info][gc,heap     ] GC(3)      Live:         -                19M (1%)           19M (1%)           19M (1%)             -                  -          
[2026-04-03T01:18:00.589+0600][11.624s][info][gc,heap     ] GC(3) Allocated:         -                22M (1%)           26M (1%)           27M (1%)             -                  -          
[2026-04-03T01:18:00.589+0600][11.624s][info][gc,heap     ] GC(3)   Garbage:         -               782M (20%)         276M (7%)           36M (1%)             -                  -          
[2026-04-03T01:18:00.589+0600][11.624s][info][gc,heap     ] GC(3) Reclaimed:         -                  -               506M (13%)         745M (19%)            -                  -          
[2026-04-03T01:18:00.589+0600][11.624s][info][gc          ] GC(3) Garbage Collection (Warmup) 802M(20%)->84M(2%)
[2026-04-03T01:18:03.817+0600][14.852s][info][gc,start    ] GC(4) Garbage Collection (Warmup)
[2026-04-03T01:18:03.817+0600][14.852s][info][gc,task     ] GC(4) Using 3 workers
[2026-04-03T01:18:03.818+0600][14.853s][info][gc,phases   ] GC(4) Pause Mark Start 0.018ms
[2026-04-03T01:18:03.851+0600][14.886s][info][gc,phases   ] GC(4) Concurrent Mark 31.026ms
[2026-04-03T01:18:03.851+0600][14.886s][info][gc,phases   ] GC(4) Pause Mark End 0.030ms
[2026-04-03T01:18:03.851+0600][14.886s][info][gc,phases   ] GC(4) Concurrent Mark Free 0.003ms
[2026-04-03T01:18:03.871+0600][14.906s][info][gc,phases   ] GC(4) Concurrent Process Non-Strong References 19.986ms
[2026-04-03T01:18:03.872+0600][14.906s][info][gc,phases   ] GC(4) Concurrent Reset Relocation Set 0.017ms
[2026-04-03T01:18:03.876+0600][14.911s][info][gc,phases   ] GC(4) Concurrent Select Relocation Set 4.936ms
[2026-04-03T01:18:03.877+0600][14.912s][info][gc,phases   ] GC(4) Pause Relocate Start 0.020ms
[2026-04-03T01:18:03.883+0600][14.917s][info][gc,phases   ] GC(4) Concurrent Relocate 5.614ms
[2026-04-03T01:18:03.883+0600][14.918s][info][gc,load     ] GC(4) Load: 10.29/9.54/6.58
[2026-04-03T01:18:03.883+0600][14.918s][info][gc,mmu      ] GC(4) MMU: 2ms/98.3%, 5ms/99.3%, 10ms/99.7%, 20ms/99.8%, 50ms/99.9%, 100ms/99.9%
[2026-04-03T01:18:03.883+0600][14.918s][info][gc,marking  ] GC(4) Mark: 2 stripe(s), 2 proactive flush(es), 1 terminate flush(es), 0 completion(s), 0 continuation(s) 
[2026-04-03T01:18:03.883+0600][14.918s][info][gc,marking  ] GC(4) Mark Stack Usage: 32M
[2026-04-03T01:18:03.883+0600][14.918s][info][gc,nmethod  ] GC(4) NMethods: 7886 registered, 1630 unregistered
[2026-04-03T01:18:03.883+0600][14.918s][info][gc,metaspace] GC(4) Metaspace: 33M used, 34M committed, 1088M reserved
[2026-04-03T01:18:03.883+0600][14.918s][info][gc,ref      ] GC(4) Soft: 4643 encountered, 0 discovered, 0 enqueued
[2026-04-03T01:18:03.883+0600][14.918s][info][gc,ref      ] GC(4) Weak: 3420 encountered, 293 discovered, 2 enqueued
[2026-04-03T01:18:03.883+0600][14.918s][info][gc,ref      ] GC(4) Final: 3 encountered, 0 discovered, 0 enqueued
[2026-04-03T01:18:03.883+0600][14.918s][info][gc,ref      ] GC(4) Phantom: 284 encountered, 185 discovered, 0 enqueued
[2026-04-03T01:18:03.883+0600][14.918s][info][gc,reloc    ] GC(4) Small Pages: 590 / 1180M, Empty: 974M, Relocated: 3M, In-Place: 0
[2026-04-03T01:18:03.883+0600][14.918s][info][gc,reloc    ] GC(4) Medium Pages: 1 / 32M, Empty: 0M, Relocated: 0M, In-Place: 0
[2026-04-03T01:18:03.883+0600][14.918s][info][gc,reloc    ] GC(4) Large Pages: 0 / 0M, Empty: 0M, Relocated: 0M, In-Place: 0
[2026-04-03T01:18:03.883+0600][14.918s][info][gc,reloc    ] GC(4) Forwarding Usage: 1M
[2026-04-03T01:18:03.883+0600][14.918s][info][gc,heap     ] GC(4) Min Capacity: 8M(0%)
[2026-04-03T01:18:03.883+0600][14.918s][info][gc,heap     ] GC(4) Max Capacity: 3922M(100%)
[2026-04-03T01:18:03.883+0600][14.918s][info][gc,heap     ] GC(4) Soft Max Capacity: 3922M(100%)
[2026-04-03T01:18:03.883+0600][14.918s][info][gc,heap     ] GC(4)                Mark Start          Mark End        Relocate Start      Relocate End           High               Low         
[2026-04-03T01:18:03.883+0600][14.918s][info][gc,heap     ] GC(4)  Capacity:     1214M (31%)        1244M (32%)        1244M (32%)        1244M (32%)        1244M (32%)        1214M (31%)    
[2026-04-03T01:18:03.883+0600][14.918s][info][gc,heap     ] GC(4)      Free:     2710M (69%)        2686M (68%)        3656M (93%)        3836M (98%)        3836M (98%)        2678M (68%)    
[2026-04-03T01:18:03.883+0600][14.918s][info][gc,heap     ] GC(4)      Used:     1212M (31%)        1236M (32%)         266M (7%)           86M (2%)         1244M (32%)          86M (2%)     
[2026-04-03T01:18:03.883+0600][14.918s][info][gc,heap     ] GC(4)      Live:         -                19M (1%)           19M (1%)           19M (1%)             -                  -          
[2026-04-03T01:18:03.883+0600][14.918s][info][gc,heap     ] GC(4) Allocated:         -                24M (1%)           28M (1%)           31M (1%)             -                  -          
[2026-04-03T01:18:03.883+0600][14.918s][info][gc,heap     ] GC(4)   Garbage:         -              1192M (30%)         218M (6%)           34M (1%)             -                  -          
[2026-04-03T01:18:03.883+0600][14.918s][info][gc,heap     ] GC(4) Reclaimed:         -                  -               974M (25%)        1157M (30%)            -                  -          
[2026-04-03T01:18:03.883+0600][14.918s][info][gc          ] GC(4) Garbage Collection (Warmup) 1212M(31%)->86M(2%)
[2026-04-03T01:18:09.117+0600][20.152s][info][gc,stats    ] === Garbage Collection Statistics =======================================================================================================================
[2026-04-03T01:18:09.117+0600][20.152s][info][gc,stats    ]                                                              Last 10s              Last 10m              Last 10h                Total
[2026-04-03T01:18:09.117+0600][20.152s][info][gc,stats    ]                                                              Avg / Max             Avg / Max             Avg / Max             Avg / Max
[2026-04-03T01:18:09.117+0600][20.152s][info][gc,stats    ]   Collector: Garbage Collection Cycle                     68.559 / 71.696       69.046 / 112.910      69.046 / 112.910      69.046 / 112.910     ms
[2026-04-03T01:18:09.117+0600][20.152s][info][gc,stats    ]  Contention: Mark Segment Reset Contention                     0 / 0                 0 / 3                 0 / 3                 0 / 3           ops/s
[2026-04-03T01:18:09.117+0600][20.152s][info][gc,stats    ]  Contention: Mark SeqNum Reset Contention                      0 / 0                 0 / 0                 0 / 0                 0 / 0           ops/s
[2026-04-03T01:18:09.117+0600][20.152s][info][gc,stats    ]    Critical: Allocation Stall                                  0 / 0                 0 / 0                 0 / 0                 0 / 0           ops/s
[2026-04-03T01:18:09.117+0600][20.152s][info][gc,stats    ]    Critical: Allocation Stall                              0.000 / 0.000         0.000 / 0.000         0.000 / 0.000         0.000 / 0.000       ms
[2026-04-03T01:18:09.117+0600][20.152s][info][gc,stats    ]    Critical: GC Locker Stall                                   0 / 0                 0 / 0                 0 / 0                 0 / 0           ops/s
[2026-04-03T01:18:09.117+0600][20.152s][info][gc,stats    ]    Critical: GC Locker Stall                               0.000 / 0.000         0.000 / 0.000         0.000 / 0.000         0.000 / 0.000       ms
[2026-04-03T01:18:09.117+0600][20.152s][info][gc,stats    ]    Critical: Relocation Stall                                  0 / 0                 0 / 0                 0 / 0                 0 / 0           ops/s
[2026-04-03T01:18:09.117+0600][20.152s][info][gc,stats    ]    Critical: Relocation Stall                              0.000 / 0.000         0.000 / 0.000         0.000 / 0.000         0.000 / 0.000       ms
[2026-04-03T01:18:09.117+0600][20.152s][info][gc,stats    ]      Memory: Allocation Rate                                 395 / 490             253 / 490             253 / 490             253 / 490         MB/s
[2026-04-03T01:18:09.117+0600][20.152s][info][gc,stats    ]      Memory: Defragment                                        0 / 0                 0 / 0                 0 / 0                 0 / 0           ops/s
[2026-04-03T01:18:09.117+0600][20.152s][info][gc,stats    ]      Memory: Out Of Memory                                     0 / 0                 0 / 0                 0 / 0                 0 / 0           ops/s
[2026-04-03T01:18:09.117+0600][20.152s][info][gc,stats    ]      Memory: Page Cache Flush                                  0 / 0                 0 / 0                 0 / 0                 0 / 0           MB/s
[2026-04-03T01:18:09.117+0600][20.152s][info][gc,stats    ]      Memory: Page Cache Hit L1                               101 / 220              68 / 220              68 / 220              68 / 220         ops/s
[2026-04-03T01:18:09.117+0600][20.152s][info][gc,stats    ]      Memory: Page Cache Hit L2                                 0 / 0                 0 / 0                 0 / 0                 0 / 0           ops/s
[2026-04-03T01:18:09.117+0600][20.152s][info][gc,stats    ]      Memory: Page Cache Hit L3                                 0 / 0                 5 / 38                5 / 38                5 / 38          ops/s
[2026-04-03T01:18:09.117+0600][20.152s][info][gc,stats    ]      Memory: Page Cache Miss                                  96 / 225              53 / 225              53 / 225              53 / 225         ops/s
[2026-04-03T01:18:09.117+0600][20.152s][info][gc,stats    ]      Memory: Uncommit                                          0 / 0                 0 / 0                 0 / 0                 0 / 0           MB/s
[2026-04-03T01:18:09.117+0600][20.152s][info][gc,stats    ]      Memory: Undo Object Allocation Failed                     0 / 0                 0 / 0                 0 / 0                 0 / 0           ops/s
[2026-04-03T01:18:09.117+0600][20.152s][info][gc,stats    ]      Memory: Undo Object Allocation Succeeded                  0 / 5                 0 / 5                 0 / 5                 0 / 5           ops/s
[2026-04-03T01:18:09.117+0600][20.152s][info][gc,stats    ]      Memory: Undo Page Allocation                              5 / 20                3 / 20                3 / 20                3 / 20          ops/s
[2026-04-03T01:18:09.117+0600][20.152s][info][gc,stats    ]       Phase: Concurrent Mark                              33.392 / 35.759       33.272 / 44.110       33.272 / 44.110       33.272 / 44.110      ms
[2026-04-03T01:18:09.117+0600][20.152s][info][gc,stats    ]       Phase: Concurrent Mark Continue                      0.000 / 0.000         0.000 / 0.000         0.000 / 0.000         0.000 / 0.000       ms
[2026-04-03T01:18:09.117+0600][20.152s][info][gc,stats    ]       Phase: Concurrent Mark Free                          0.004 / 0.004         0.003 / 0.004         0.003 / 0.004         0.003 / 0.004       ms
[2026-04-03T01:18:09.117+0600][20.152s][info][gc,stats    ]       Phase: Concurrent Process Non-Strong References     20.488 / 20.990       20.842 / 50.380       20.842 / 50.380       20.842 / 50.380      ms
[2026-04-03T01:18:09.117+0600][20.152s][info][gc,stats    ]       Phase: Concurrent Relocate                           5.246 / 5.614         6.139 / 9.551         6.139 / 9.551         6.139 / 9.551       ms
[2026-04-03T01:18:09.117+0600][20.152s][info][gc,stats    ]       Phase: Concurrent Reset Relocation Set               0.021 / 0.026         0.013 / 0.026         0.013 / 0.026         0.013 / 0.026       ms
[2026-04-03T01:18:09.117+0600][20.152s][info][gc,stats    ]       Phase: Concurrent Select Relocation Set              5.079 / 5.221         5.902 / 9.734         5.902 / 9.734         5.902 / 9.734       ms
[2026-04-03T01:18:09.117+0600][20.152s][info][gc,stats    ]       Phase: Pause Mark End                                0.032 / 0.034         0.029 / 0.034         0.029 / 0.034         0.029 / 0.034       ms
[2026-04-03T01:18:09.117+0600][20.152s][info][gc,stats    ]       Phase: Pause Mark Start                              0.020 / 0.021         0.017 / 0.021         0.017 / 0.021         0.017 / 0.021       ms
[2026-04-03T01:18:09.117+0600][20.152s][info][gc,stats    ]       Phase: Pause Relocate Start                          0.020 / 0.021         0.017 / 0.021         0.017 / 0.021         0.017 / 0.021       ms
[2026-04-03T01:18:09.117+0600][20.152s][info][gc,stats    ]    Subphase: Concurrent Classes Purge                      1.443 / 1.542         1.363 / 2.819         1.363 / 2.819         1.363 / 2.819       ms
[2026-04-03T01:18:09.117+0600][20.152s][info][gc,stats    ]    Subphase: Concurrent Classes Unlink                    16.629 / 17.108       15.940 / 38.317       15.940 / 38.317       15.940 / 38.317      ms
[2026-04-03T01:18:09.117+0600][20.152s][info][gc,stats    ]    Subphase: Concurrent Mark                              31.186 / 34.320       30.518 / 40.976       30.518 / 40.976       30.518 / 40.976      ms
[2026-04-03T01:18:09.117+0600][20.152s][info][gc,stats    ]    Subphase: Concurrent Mark Try Flush                     0.443 / 1.013         0.274 / 1.013         0.274 / 1.013         0.274 / 1.013       ms
[2026-04-03T01:18:09.117+0600][20.152s][info][gc,stats    ]    Subphase: Concurrent Mark Try Terminate                 0.871 / 1.535         0.784 / 1.535         0.784 / 1.535         0.784 / 1.535       ms
[2026-04-03T01:18:09.117+0600][20.152s][info][gc,stats    ]    Subphase: Concurrent References Enqueue                 0.013 / 0.019         0.011 / 0.019         0.011 / 0.019         0.011 / 0.019       ms
[2026-04-03T01:18:09.117+0600][20.152s][info][gc,stats    ]    Subphase: Concurrent References Process                 0.359 / 0.424         0.375 / 0.539         0.375 / 0.539         0.375 / 0.539       ms
[2026-04-03T01:18:09.117+0600][20.152s][info][gc,stats    ]    Subphase: Concurrent Roots ClassLoaderDataGraph         0.325 / 0.703         0.315 / 0.864         0.315 / 0.864         0.315 / 0.864       ms
[2026-04-03T01:18:09.117+0600][20.152s][info][gc,stats    ]    Subphase: Concurrent Roots CodeCache                    0.000 / 0.000         0.000 / 0.000         0.000 / 0.000         0.000 / 0.000       ms
[2026-04-03T01:18:09.117+0600][20.152s][info][gc,stats    ]    Subphase: Concurrent Roots JavaThreads                  0.534 / 0.913         1.226 / 3.056         1.226 / 3.056         1.226 / 3.056       ms
[2026-04-03T01:18:09.117+0600][20.152s][info][gc,stats    ]    Subphase: Concurrent Roots OopStorageSet                0.061 / 0.081         0.075 / 0.152         0.075 / 0.152         0.075 / 0.152       ms
[2026-04-03T01:18:09.117+0600][20.152s][info][gc,stats    ]    Subphase: Concurrent Weak Roots OopStorageSet           1.127 / 1.529         1.222 / 1.976         1.222 / 1.976         1.222 / 1.976       ms
[2026-04-03T01:18:09.117+0600][20.152s][info][gc,stats    ]    Subphase: Pause Mark Try Complete                       0.000 / 0.000         0.000 / 0.000         0.000 / 0.000         0.000 / 0.000       ms
[2026-04-03T01:18:09.117+0600][20.152s][info][gc,stats    ]      System: Java Threads                                     41 / 41               37 / 41               37 / 41               37 / 41          threads
[2026-04-03T01:18:09.117+0600][20.152s][info][gc,stats    ] =========================================================================================================================================================
[2026-04-03T01:18:09.317+0600][20.352s][info][gc,start    ] GC(5) Garbage Collection (Proactive)
[2026-04-03T01:18:09.317+0600][20.352s][info][gc,task     ] GC(5) Using 3 workers
[2026-04-03T01:18:09.317+0600][20.352s][info][gc,phases   ] GC(5) Pause Mark Start 0.014ms
[2026-04-03T01:18:09.349+0600][20.384s][info][gc,phases   ] GC(5) Concurrent Mark 31.888ms
[2026-04-03T01:18:09.349+0600][20.384s][info][gc,phases   ] GC(5) Pause Mark End 0.029ms
[2026-04-03T01:18:09.349+0600][20.384s][info][gc,phases   ] GC(5) Concurrent Mark Free 0.002ms
[2026-04-03T01:18:09.368+0600][20.403s][info][gc,phases   ] GC(5) Concurrent Process Non-Strong References 18.819ms
[2026-04-03T01:18:09.368+0600][20.403s][info][gc,phases   ] GC(5) Concurrent Reset Relocation Set 0.012ms
[2026-04-03T01:18:09.372+0600][20.407s][info][gc,phases   ] GC(5) Concurrent Select Relocation Set 3.640ms
[2026-04-03T01:18:09.372+0600][20.407s][info][gc,phases   ] GC(5) Pause Relocate Start 0.019ms
[2026-04-03T01:18:09.375+0600][20.410s][info][gc,phases   ] GC(5) Concurrent Relocate 2.836ms
[2026-04-03T01:18:09.375+0600][20.410s][info][gc,load     ] GC(5) Load: 9.68/9.44/6.58
[2026-04-03T01:18:09.375+0600][20.410s][info][gc,mmu      ] GC(5) MMU: 2ms/98.3%, 5ms/99.3%, 10ms/99.7%, 20ms/99.8%, 50ms/99.9%, 100ms/99.9%
[2026-04-03T01:18:09.375+0600][20.410s][info][gc,marking  ] GC(5) Mark: 2 stripe(s), 2 proactive flush(es), 1 terminate flush(es), 0 completion(s), 0 continuation(s) 
[2026-04-03T01:18:09.375+0600][20.410s][info][gc,marking  ] GC(5) Mark Stack Usage: 32M
[2026-04-03T01:18:09.375+0600][20.410s][info][gc,nmethod  ] GC(5) NMethods: 7962 registered, 1961 unregistered
[2026-04-03T01:18:09.375+0600][20.410s][info][gc,metaspace] GC(5) Metaspace: 33M used, 34M committed, 1088M reserved
[2026-04-03T01:18:09.375+0600][20.410s][info][gc,ref      ] GC(5) Soft: 4643 encountered, 0 discovered, 0 enqueued
[2026-04-03T01:18:09.375+0600][20.410s][info][gc,ref      ] GC(5) Weak: 3418 encountered, 1121 discovered, 0 enqueued
[2026-04-03T01:18:09.375+0600][20.410s][info][gc,ref      ] GC(5) Final: 3 encountered, 3 discovered, 0 enqueued
[2026-04-03T01:18:09.375+0600][20.410s][info][gc,ref      ] GC(5) Phantom: 282 encountered, 221 discovered, 0 enqueued
[2026-04-03T01:18:09.375+0600][20.410s][info][gc,reloc    ] GC(5) Small Pages: 1224 / 2448M, Empty: 2242M, Relocated: 1M, In-Place: 0
[2026-04-03T01:18:09.375+0600][20.410s][info][gc,reloc    ] GC(5) Medium Pages: 1 / 32M, Empty: 0M, Relocated: 0M, In-Place: 0
[2026-04-03T01:18:09.375+0600][20.410s][info][gc,reloc    ] GC(5) Large Pages: 0 / 0M, Empty: 0M, Relocated: 0M, In-Place: 0
[2026-04-03T01:18:09.375+0600][20.410s][info][gc,reloc    ] GC(5) Forwarding Usage: 0M
[2026-04-03T01:18:09.375+0600][20.410s][info][gc,heap     ] GC(5) Min Capacity: 8M(0%)
[2026-04-03T01:18:09.375+0600][20.410s][info][gc,heap     ] GC(5) Max Capacity: 3922M(100%)
[2026-04-03T01:18:09.376+0600][20.410s][info][gc,heap     ] GC(5) Soft Max Capacity: 3922M(100%)
[2026-04-03T01:18:09.376+0600][20.410s][info][gc,heap     ] GC(5)                Mark Start          Mark End        Relocate Start      Relocate End           High               Low         
[2026-04-03T01:18:09.376+0600][20.410s][info][gc,heap     ] GC(5)  Capacity:     2480M (63%)        2506M (64%)        2510M (64%)        2510M (64%)        2510M (64%)        2480M (63%)    
[2026-04-03T01:18:09.376+0600][20.410s][info][gc,heap     ] GC(5)      Free:     1442M (37%)        1418M (36%)        3654M (93%)        3832M (98%)        3832M (98%)        1412M (36%)    
[2026-04-03T01:18:09.376+0600][20.410s][info][gc,heap     ] GC(5)      Used:     2480M (63%)        2504M (64%)         268M (7%)           90M (2%)         2510M (64%)          90M (2%)     
[2026-04-03T01:18:09.376+0600][20.410s][info][gc,heap     ] GC(5)      Live:         -                19M (1%)           19M (1%)           19M (1%)             -                  -          
[2026-04-03T01:18:09.376+0600][20.410s][info][gc,heap     ] GC(5) Allocated:         -                24M (1%)           30M (1%)           31M (1%)             -                  -          
[2026-04-03T01:18:09.376+0600][20.410s][info][gc,heap     ] GC(5)   Garbage:         -              2460M (63%)         218M (6%)           38M (1%)             -                  -          
[2026-04-03T01:18:09.376+0600][20.410s][info][gc,heap     ] GC(5) Reclaimed:         -                  -              2242M (57%)        2421M (62%)            -                  -          
[2026-04-03T01:18:09.376+0600][20.410s][info][gc          ] GC(5) Garbage Collection (Proactive) 2480M(63%)->90M(2%)
[2026-04-03T01:18:12.019+0600][23.054s][info][gc,heap,exit] Heap
[2026-04-03T01:18:12.019+0600][23.054s][info][gc,heap,exit]  ZHeap           used 1326M, capacity 2542M, max capacity 3922M
[2026-04-03T01:18:12.019+0600][23.054s][info][gc,heap,exit]  Metaspace       used 34616K, committed 35456K, reserved 1114112K
[2026-04-03T01:18:12.020+0600][23.054s][info][gc,heap,exit]   class space    used 2932K, committed 3392K, reserved 1048576K
