[2026-04-03T06:38:38.111+0600][0.006s][info][gc,init] CardTable entry size: 512
[2026-04-03T06:38:38.111+0600][0.006s][info][gc     ] Using G1
[2026-04-03T06:38:38.115+0600][0.010s][info][gc,init] Version: 21.0.10+7-Ubuntu-124.04 (release)
[2026-04-03T06:38:38.115+0600][0.010s][info][gc,init] CPUs: 12 total, 12 available
[2026-04-03T06:38:38.115+0600][0.010s][info][gc,init] Memory: 15683M
[2026-04-03T06:38:38.115+0600][0.010s][info][gc,init] Large Page Support: Disabled
[2026-04-03T06:38:38.115+0600][0.010s][info][gc,init] NUMA Support: Disabled
[2026-04-03T06:38:38.115+0600][0.010s][info][gc,init] Compressed Oops: Enabled (Zero based)
[2026-04-03T06:38:38.115+0600][0.010s][info][gc,init] Heap Region Size: 2M
[2026-04-03T06:38:38.115+0600][0.010s][info][gc,init] Heap Min Capacity: 8M
[2026-04-03T06:38:38.115+0600][0.010s][info][gc,init] Heap Initial Capacity: 246M
[2026-04-03T06:38:38.115+0600][0.010s][info][gc,init] Heap Max Capacity: 3922M
[2026-04-03T06:38:38.115+0600][0.010s][info][gc,init] Pre-touch: Disabled
[2026-04-03T06:38:38.115+0600][0.010s][info][gc,init] Parallel Workers: 10
[2026-04-03T06:38:38.115+0600][0.010s][info][gc,init] Concurrent Workers: 3
[2026-04-03T06:38:38.115+0600][0.010s][info][gc,init] Concurrent Refinement Workers: 10
[2026-04-03T06:38:38.115+0600][0.010s][info][gc,init] Periodic GC: Disabled
[2026-04-03T06:38:38.135+0600][0.030s][info][gc,metaspace] CDS archive(s) mapped at: [0x00007c2b73000000-0x00007c2b73c9c000-0x00007c2b73c9c000), size 13221888, SharedBaseAddress: 0x00007c2b73000000, ArchiveRelocationMode: 1.
[2026-04-03T06:38:38.135+0600][0.030s][info][gc,metaspace] Compressed class space mapped at: 0x00007c2b74000000-0x00007c2bb4000000, reserved size: 1073741824
[2026-04-03T06:38:38.135+0600][0.030s][info][gc,metaspace] Narrow klass base: 0x00007c2b73000000, Narrow klass shift: 0, Narrow klass range: 0x100000000
[2026-04-03T06:38:38.488+0600][0.383s][info][gc,start    ] GC(0) Pause Young (Normal) (G1 Evacuation Pause)
[2026-04-03T06:38:38.489+0600][0.384s][info][gc,task     ] GC(0) Using 5 workers of 10 for evacuation
[2026-04-03T06:38:38.492+0600][0.387s][info][gc,phases   ] GC(0)   Pre Evacuate Collection Set: 0.26ms
[2026-04-03T06:38:38.492+0600][0.387s][info][gc,phases   ] GC(0)   Merge Heap Roots: 0.12ms
[2026-04-03T06:38:38.492+0600][0.387s][info][gc,phases   ] GC(0)   Evacuate Collection Set: 1.51ms
[2026-04-03T06:38:38.492+0600][0.387s][info][gc,phases   ] GC(0)   Post Evacuate Collection Set: 0.49ms
[2026-04-03T06:38:38.492+0600][0.387s][info][gc,phases   ] GC(0)   Other: 1.20ms
[2026-04-03T06:38:38.492+0600][0.387s][info][gc,heap     ] GC(0) Eden regions: 11->0(25)
[2026-04-03T06:38:38.492+0600][0.387s][info][gc,heap     ] GC(0) Survivor regions: 0->1(2)
[2026-04-03T06:38:38.492+0600][0.387s][info][gc,heap     ] GC(0) Old regions: 1->1
[2026-04-03T06:38:38.492+0600][0.387s][info][gc,heap     ] GC(0) Humongous regions: 0->0
[2026-04-03T06:38:38.492+0600][0.387s][info][gc,metaspace] GC(0) Metaspace: 2914K(3136K)->2914K(3136K) NonClass: 2628K(2752K)->2628K(2752K) Class: 285K(384K)->285K(384K)
[2026-04-03T06:38:38.492+0600][0.387s][info][gc          ] GC(0) Pause Young (Normal) (G1 Evacuation Pause) 22M->2M(248M) 3.904ms
[2026-04-03T06:38:38.492+0600][0.387s][info][gc,cpu      ] GC(0) User=0.01s Sys=0.01s Real=0.00s
[2026-04-03T06:38:39.470+0600][1.364s][info][gc,start    ] GC(1) Pause Young (Normal) (G1 Evacuation Pause)
[2026-04-03T06:38:39.470+0600][1.364s][info][gc,task     ] GC(1) Using 5 workers of 10 for evacuation
[2026-04-03T06:38:39.479+0600][1.374s][info][gc,phases   ] GC(1)   Pre Evacuate Collection Set: 0.38ms
[2026-04-03T06:38:39.480+0600][1.374s][info][gc,phases   ] GC(1)   Merge Heap Roots: 0.17ms
[2026-04-03T06:38:39.480+0600][1.374s][info][gc,phases   ] GC(1)   Evacuate Collection Set: 6.82ms
[2026-04-03T06:38:39.480+0600][1.374s][info][gc,phases   ] GC(1)   Post Evacuate Collection Set: 2.26ms
[2026-04-03T06:38:39.480+0600][1.374s][info][gc,phases   ] GC(1)   Other: 0.15ms
[2026-04-03T06:38:39.480+0600][1.374s][info][gc,heap     ] GC(1) Eden regions: 25->0(70)
[2026-04-03T06:38:39.480+0600][1.374s][info][gc,heap     ] GC(1) Survivor regions: 1->3(4)
[2026-04-03T06:38:39.480+0600][1.374s][info][gc,heap     ] GC(1) Old regions: 1->1
[2026-04-03T06:38:39.480+0600][1.374s][info][gc,heap     ] GC(1) Humongous regions: 0->0
[2026-04-03T06:38:39.480+0600][1.374s][info][gc,metaspace] GC(1) Metaspace: 10319K(10688K)->10319K(10688K) NonClass: 9301K(9472K)->9301K(9472K) Class: 1018K(1216K)->1018K(1216K)
[2026-04-03T06:38:39.480+0600][1.375s][info][gc          ] GC(1) Pause Young (Normal) (G1 Evacuation Pause) 52M->6M(248M) 10.172ms
[2026-04-03T06:38:39.480+0600][1.375s][info][gc,cpu      ] GC(1) User=0.04s Sys=0.01s Real=0.01s
[2026-04-03T06:38:40.673+0600][2.567s][info][gc,start    ] GC(2) Pause Full (System.gc())
[2026-04-03T06:38:40.673+0600][2.567s][info][gc,task     ] GC(2) Using 5 workers of 10 for full compaction
[2026-04-03T06:38:40.673+0600][2.568s][info][gc,phases,start] GC(2) Phase 1: Mark live objects
[2026-04-03T06:38:40.685+0600][2.580s][info][gc,phases      ] GC(2) Phase 1: Mark live objects 12.038ms
[2026-04-03T06:38:40.685+0600][2.580s][info][gc,phases,start] GC(2) Phase 2: Prepare compaction
[2026-04-03T06:38:40.687+0600][2.582s][info][gc,phases      ] GC(2) Phase 2: Prepare compaction 2.233ms
[2026-04-03T06:38:40.687+0600][2.582s][info][gc,phases,start] GC(2) Phase 3: Adjust pointers
[2026-04-03T06:38:40.693+0600][2.588s][info][gc,phases      ] GC(2) Phase 3: Adjust pointers 5.709ms
[2026-04-03T06:38:40.693+0600][2.588s][info][gc,phases,start] GC(2) Phase 4: Compact heap
[2026-04-03T06:38:40.696+0600][2.591s][info][gc,phases      ] GC(2) Phase 4: Compact heap 3.310ms
[2026-04-03T06:38:40.696+0600][2.591s][info][gc,phases,start] GC(2) Phase 5: Reset Metadata
[2026-04-03T06:38:40.698+0600][2.592s][info][gc,phases      ] GC(2) Phase 5: Reset Metadata 1.167ms
[2026-04-03T06:38:40.702+0600][2.597s][info][gc,heap        ] GC(2) Eden regions: 50->0(11)
[2026-04-03T06:38:40.702+0600][2.597s][info][gc,heap        ] GC(2) Survivor regions: 3->0(4)
[2026-04-03T06:38:40.702+0600][2.597s][info][gc,heap        ] GC(2) Old regions: 1->7
[2026-04-03T06:38:40.702+0600][2.597s][info][gc,heap        ] GC(2) Humongous regions: 0->0
[2026-04-03T06:38:40.702+0600][2.597s][info][gc,metaspace   ] GC(2) Metaspace: 15363K(15744K)->15363K(15744K) NonClass: 13825K(14016K)->13825K(14016K) Class: 1537K(1728K)->1537K(1728K)
[2026-04-03T06:38:40.702+0600][2.597s][info][gc             ] GC(2) Pause Full (System.gc()) 105M->9M(48M) 29.582ms
[2026-04-03T06:38:40.702+0600][2.597s][info][gc,cpu         ] GC(2) User=0.09s Sys=0.02s Real=0.03s
[2026-04-03T06:38:41.189+0600][3.084s][info][gc,start       ] GC(3) Pause Young (Normal) (G1 Evacuation Pause)
[2026-04-03T06:38:41.189+0600][3.084s][info][gc,task        ] GC(3) Using 10 workers of 10 for evacuation
[2026-04-03T06:38:41.195+0600][3.090s][info][gc,phases      ] GC(3)   Pre Evacuate Collection Set: 0.25ms
[2026-04-03T06:38:41.195+0600][3.090s][info][gc,phases      ] GC(3)   Merge Heap Roots: 0.10ms
[2026-04-03T06:38:41.195+0600][3.090s][info][gc,phases      ] GC(3)   Evacuate Collection Set: 4.82ms
[2026-04-03T06:38:41.195+0600][3.090s][info][gc,phases      ] GC(3)   Post Evacuate Collection Set: 0.44ms
[2026-04-03T06:38:41.195+0600][3.090s][info][gc,phases      ] GC(3)   Other: 0.09ms
[2026-04-03T06:38:41.195+0600][3.090s][info][gc,heap        ] GC(3) Eden regions: 11->0(9)
[2026-04-03T06:38:41.195+0600][3.090s][info][gc,heap        ] GC(3) Survivor regions: 0->2(2)
[2026-04-03T06:38:41.195+0600][3.090s][info][gc,heap        ] GC(3) Old regions: 7->8
[2026-04-03T06:38:41.195+0600][3.090s][info][gc,heap        ] GC(3) Humongous regions: 0->0
[2026-04-03T06:38:41.195+0600][3.090s][info][gc,metaspace   ] GC(3) Metaspace: 20403K(20864K)->20403K(20864K) NonClass: 18328K(18560K)->18328K(18560K) Class: 2075K(2304K)->2075K(2304K)
[2026-04-03T06:38:41.195+0600][3.090s][info][gc             ] GC(3) Pause Young (Normal) (G1 Evacuation Pause) 31M->13M(48M) 6.091ms
[2026-04-03T06:38:41.195+0600][3.090s][info][gc,cpu         ] GC(3) User=0.04s Sys=0.01s Real=0.01s
[2026-04-03T06:38:41.432+0600][3.326s][info][gc,start       ] GC(4) Pause Young (Normal) (G1 Evacuation Pause)
[2026-04-03T06:38:41.432+0600][3.326s][info][gc,task        ] GC(4) Using 10 workers of 10 for evacuation
[2026-04-03T06:38:41.434+0600][3.329s][info][gc,phases      ] GC(4)   Pre Evacuate Collection Set: 0.15ms
[2026-04-03T06:38:41.434+0600][3.329s][info][gc,phases      ] GC(4)   Merge Heap Roots: 0.16ms
[2026-04-03T06:38:41.434+0600][3.329s][info][gc,phases      ] GC(4)   Evacuate Collection Set: 1.94ms
[2026-04-03T06:38:41.434+0600][3.329s][info][gc,phases      ] GC(4)   Post Evacuate Collection Set: 0.42ms
[2026-04-03T06:38:41.434+0600][3.329s][info][gc,phases      ] GC(4)   Other: 0.07ms
[2026-04-03T06:38:41.434+0600][3.329s][info][gc,heap        ] GC(4) Eden regions: 9->0(9)
[2026-04-03T06:38:41.434+0600][3.329s][info][gc,heap        ] GC(4) Survivor regions: 2->1(2)
[2026-04-03T06:38:41.434+0600][3.329s][info][gc,heap        ] GC(4) Old regions: 8->10
[2026-04-03T06:38:41.434+0600][3.329s][info][gc,heap        ] GC(4) Humongous regions: 0->0
[2026-04-03T06:38:41.434+0600][3.329s][info][gc,metaspace   ] GC(4) Metaspace: 23865K(24320K)->23865K(24320K) NonClass: 21525K(21760K)->21525K(21760K) Class: 2339K(2560K)->2339K(2560K)
[2026-04-03T06:38:41.435+0600][3.329s][info][gc             ] GC(4) Pause Young (Normal) (G1 Evacuation Pause) 31M->15M(48M) 2.963ms
[2026-04-03T06:38:41.435+0600][3.329s][info][gc,cpu         ] GC(4) User=0.01s Sys=0.01s Real=0.01s
[2026-04-03T06:38:41.520+0600][3.415s][info][gc,start       ] GC(5) Pause Young (Normal) (G1 Evacuation Pause)
[2026-04-03T06:38:41.520+0600][3.415s][info][gc,task        ] GC(5) Using 10 workers of 10 for evacuation
[2026-04-03T06:38:41.522+0600][3.417s][info][gc,phases      ] GC(5)   Pre Evacuate Collection Set: 0.27ms
[2026-04-03T06:38:41.522+0600][3.417s][info][gc,phases      ] GC(5)   Merge Heap Roots: 0.23ms
[2026-04-03T06:38:41.522+0600][3.417s][info][gc,phases      ] GC(5)   Evacuate Collection Set: 1.16ms
[2026-04-03T06:38:41.522+0600][3.417s][info][gc,phases      ] GC(5)   Post Evacuate Collection Set: 0.57ms
[2026-04-03T06:38:41.522+0600][3.417s][info][gc,phases      ] GC(5)   Other: 0.08ms
[2026-04-03T06:38:41.522+0600][3.417s][info][gc,heap        ] GC(5) Eden regions: 9->0(8)
[2026-04-03T06:38:41.522+0600][3.417s][info][gc,heap        ] GC(5) Survivor regions: 1->2(2)
[2026-04-03T06:38:41.522+0600][3.417s][info][gc,heap        ] GC(5) Old regions: 10->10
[2026-04-03T06:38:41.522+0600][3.417s][info][gc,heap        ] GC(5) Humongous regions: 0->0
[2026-04-03T06:38:41.522+0600][3.417s][info][gc,metaspace   ] GC(5) Metaspace: 23962K(24448K)->23962K(24448K) NonClass: 21619K(21888K)->21619K(21888K) Class: 2342K(2560K)->2342K(2560K)
[2026-04-03T06:38:41.523+0600][3.417s][info][gc             ] GC(5) Pause Young (Normal) (G1 Evacuation Pause) 33M->15M(48M) 2.808ms
[2026-04-03T06:38:41.523+0600][3.417s][info][gc,cpu         ] GC(5) User=0.01s Sys=0.00s Real=0.00s
[2026-04-03T06:38:41.582+0600][3.477s][info][gc,start       ] GC(6) Pause Young (Normal) (G1 Evacuation Pause)
[2026-04-03T06:38:41.583+0600][3.477s][info][gc,task        ] GC(6) Using 10 workers of 10 for evacuation
[2026-04-03T06:38:41.585+0600][3.479s][info][gc,phases      ] GC(6)   Pre Evacuate Collection Set: 0.26ms
[2026-04-03T06:38:41.585+0600][3.479s][info][gc,phases      ] GC(6)   Merge Heap Roots: 0.06ms
[2026-04-03T06:38:41.585+0600][3.479s][info][gc,phases      ] GC(6)   Evacuate Collection Set: 1.05ms
[2026-04-03T06:38:41.585+0600][3.479s][info][gc,phases      ] GC(6)   Post Evacuate Collection Set: 0.55ms
[2026-04-03T06:38:41.585+0600][3.479s][info][gc,phases      ] GC(6)   Other: 0.07ms
[2026-04-03T06:38:41.585+0600][3.479s][info][gc,heap        ] GC(6) Eden regions: 8->0(43)
[2026-04-03T06:38:41.585+0600][3.479s][info][gc,heap        ] GC(6) Survivor regions: 2->1(2)
[2026-04-03T06:38:41.585+0600][3.479s][info][gc,heap        ] GC(6) Old regions: 10->10
[2026-04-03T06:38:41.585+0600][3.479s][info][gc,heap        ] GC(6) Humongous regions: 0->0
[2026-04-03T06:38:41.585+0600][3.479s][info][gc,metaspace   ] GC(6) Metaspace: 23996K(24448K)->23996K(24448K) NonClass: 21654K(21888K)->21654K(21888K) Class: 2342K(2560K)->2342K(2560K)
[2026-04-03T06:38:41.585+0600][3.479s][info][gc             ] GC(6) Pause Young (Normal) (G1 Evacuation Pause) 31M->15M(148M) 2.210ms
[2026-04-03T06:38:41.585+0600][3.480s][info][gc,cpu         ] GC(6) User=0.01s Sys=0.00s Real=0.01s
[2026-04-03T06:38:41.874+0600][3.769s][info][gc,start       ] GC(7) Pause Young (Concurrent Start) (Metadata GC Threshold)
[2026-04-03T06:38:41.875+0600][3.769s][info][gc,task        ] GC(7) Using 10 workers of 10 for evacuation
[2026-04-03T06:38:41.877+0600][3.771s][info][gc,phases      ] GC(7)   Pre Evacuate Collection Set: 0.30ms
[2026-04-03T06:38:41.877+0600][3.771s][info][gc,phases      ] GC(7)   Merge Heap Roots: 0.06ms
[2026-04-03T06:38:41.877+0600][3.771s][info][gc,phases      ] GC(7)   Evacuate Collection Set: 1.26ms
[2026-04-03T06:38:41.877+0600][3.771s][info][gc,phases      ] GC(7)   Post Evacuate Collection Set: 0.31ms
[2026-04-03T06:38:41.877+0600][3.771s][info][gc,phases      ] GC(7)   Other: 0.08ms
[2026-04-03T06:38:41.877+0600][3.771s][info][gc,heap        ] GC(7) Eden regions: 23->0(43)
[2026-04-03T06:38:41.877+0600][3.771s][info][gc,heap        ] GC(7) Survivor regions: 1->1(6)
[2026-04-03T06:38:41.877+0600][3.771s][info][gc,heap        ] GC(7) Old regions: 10->10
[2026-04-03T06:38:41.877+0600][3.771s][info][gc,heap        ] GC(7) Humongous regions: 0->0
[2026-04-03T06:38:41.877+0600][3.771s][info][gc,metaspace   ] GC(7) Metaspace: 25815K(26240K)->25815K(26240K) NonClass: 23325K(23552K)->23325K(23552K) Class: 2489K(2688K)->2489K(2688K)
[2026-04-03T06:38:41.877+0600][3.771s][info][gc             ] GC(7) Pause Young (Concurrent Start) (Metadata GC Threshold) 59M->14M(148M) 2.214ms
[2026-04-03T06:38:41.877+0600][3.771s][info][gc,cpu         ] GC(7) User=0.01s Sys=0.00s Real=0.00s
[2026-04-03T06:38:41.877+0600][3.772s][info][gc             ] GC(8) Concurrent Mark Cycle
[2026-04-03T06:38:41.877+0600][3.772s][info][gc,marking     ] GC(8) Concurrent Scan Root Regions
[2026-04-03T06:38:41.878+0600][3.773s][info][gc,marking     ] GC(8) Concurrent Scan Root Regions 1.326ms
[2026-04-03T06:38:41.878+0600][3.773s][info][gc,marking     ] GC(8) Concurrent Mark
[2026-04-03T06:38:41.878+0600][3.773s][info][gc,marking     ] GC(8) Concurrent Mark From Roots
[2026-04-03T06:38:41.879+0600][3.773s][info][gc,task        ] GC(8) Using 3 workers of 3 for marking
[2026-04-03T06:38:41.889+0600][3.784s][info][gc,marking     ] GC(8) Concurrent Mark From Roots 10.918ms
[2026-04-03T06:38:41.889+0600][3.784s][info][gc,marking     ] GC(8) Concurrent Preclean
[2026-04-03T06:38:41.889+0600][3.784s][info][gc,marking     ] GC(8) Concurrent Preclean 0.072ms
[2026-04-03T06:38:41.889+0600][3.784s][info][gc,start       ] GC(8) Pause Remark
[2026-04-03T06:38:41.893+0600][3.788s][info][gc             ] GC(8) Pause Remark 15M->15M(74M) 3.450ms
[2026-04-03T06:38:41.893+0600][3.788s][info][gc,cpu         ] GC(8) User=0.02s Sys=0.00s Real=0.00s
[2026-04-03T06:38:41.893+0600][3.788s][info][gc,marking     ] GC(8) Concurrent Mark 14.856ms
[2026-04-03T06:38:41.893+0600][3.788s][info][gc,marking     ] GC(8) Concurrent Rebuild Remembered Sets and Scrub Regions
[2026-04-03T06:38:41.901+0600][3.796s][info][gc,marking     ] GC(8) Concurrent Rebuild Remembered Sets and Scrub Regions 7.829ms
[2026-04-03T06:38:41.901+0600][3.796s][info][gc,start       ] GC(8) Pause Cleanup
[2026-04-03T06:38:41.902+0600][3.796s][info][gc             ] GC(8) Pause Cleanup 16M->16M(74M) 0.282ms
[2026-04-03T06:38:41.902+0600][3.796s][info][gc,cpu         ] GC(8) User=0.00s Sys=0.00s Real=0.00s
[2026-04-03T06:38:41.902+0600][3.796s][info][gc,marking     ] GC(8) Concurrent Clear Claimed Marks
[2026-04-03T06:38:41.902+0600][3.797s][info][gc,marking     ] GC(8) Concurrent Clear Claimed Marks 0.097ms
[2026-04-03T06:38:41.902+0600][3.797s][info][gc,marking     ] GC(8) Concurrent Cleanup for Next Mark
[2026-04-03T06:38:41.902+0600][3.797s][info][gc,marking     ] GC(8) Concurrent Cleanup for Next Mark 0.557ms
[2026-04-03T06:38:41.902+0600][3.797s][info][gc             ] GC(8) Concurrent Mark Cycle 25.706ms
[2026-04-03T06:38:42.816+0600][4.710s][info][gc,start       ] GC(9) Pause Young (Prepare Mixed) (G1 Evacuation Pause)
[2026-04-03T06:38:42.816+0600][4.710s][info][gc,task        ] GC(9) Using 10 workers of 10 for evacuation
[2026-04-03T06:38:42.820+0600][4.715s][info][gc,phases      ] GC(9)   Pre Evacuate Collection Set: 0.28ms
[2026-04-03T06:38:42.820+0600][4.715s][info][gc,phases      ] GC(9)   Merge Heap Roots: 0.20ms
[2026-04-03T06:38:42.820+0600][4.715s][info][gc,phases      ] GC(9)   Evacuate Collection Set: 3.35ms
[2026-04-03T06:38:42.820+0600][4.715s][info][gc,phases      ] GC(9)   Post Evacuate Collection Set: 0.64ms
[2026-04-03T06:38:42.820+0600][4.715s][info][gc,phases      ] GC(9)   Other: 0.12ms
[2026-04-03T06:38:42.820+0600][4.715s][info][gc,heap        ] GC(9) Eden regions: 26->0(21)
[2026-04-03T06:38:42.820+0600][4.715s][info][gc,heap        ] GC(9) Survivor regions: 1->2(6)
[2026-04-03T06:38:42.820+0600][4.715s][info][gc,heap        ] GC(9) Old regions: 10->10
[2026-04-03T06:38:42.820+0600][4.715s][info][gc,heap        ] GC(9) Humongous regions: 0->0
[2026-04-03T06:38:42.820+0600][4.715s][info][gc,metaspace   ] GC(9) Metaspace: 29096K(29696K)->29096K(29696K) NonClass: 26350K(26688K)->26350K(26688K) Class: 2745K(3008K)->2745K(3008K)
[2026-04-03T06:38:42.821+0600][4.715s][info][gc             ] GC(9) Pause Young (Prepare Mixed) (G1 Evacuation Pause) 66M->15M(78M) 4.965ms
[2026-04-03T06:38:42.821+0600][4.715s][info][gc,cpu         ] GC(9) User=0.02s Sys=0.01s Real=0.00s
[2026-04-03T06:38:43.365+0600][5.260s][info][gc,start       ] GC(10) Pause Young (Mixed) (G1 Evacuation Pause)
[2026-04-03T06:38:43.365+0600][5.260s][info][gc,task        ] GC(10) Using 10 workers of 10 for evacuation
[2026-04-03T06:38:43.371+0600][5.266s][info][gc,phases      ] GC(10)   Pre Evacuate Collection Set: 0.32ms
[2026-04-03T06:38:43.371+0600][5.266s][info][gc,phases      ] GC(10)   Merge Heap Roots: 0.19ms
[2026-04-03T06:38:43.371+0600][5.266s][info][gc,phases      ] GC(10)   Evacuate Collection Set: 3.76ms
[2026-04-03T06:38:43.371+0600][5.266s][info][gc,phases      ] GC(10)   Post Evacuate Collection Set: 1.03ms
[2026-04-03T06:38:43.371+0600][5.266s][info][gc,phases      ] GC(10)   Other: 0.13ms
[2026-04-03T06:38:43.371+0600][5.266s][info][gc,heap        ] GC(10) Eden regions: 21->0(21)
[2026-04-03T06:38:43.371+0600][5.266s][info][gc,heap        ] GC(10) Survivor regions: 2->2(3)
[2026-04-03T06:38:43.371+0600][5.266s][info][gc,heap        ] GC(10) Old regions: 10->9
[2026-04-03T06:38:43.371+0600][5.266s][info][gc,heap        ] GC(10) Humongous regions: 0->0
[2026-04-03T06:38:43.371+0600][5.266s][info][gc,metaspace   ] GC(10) Metaspace: 29964K(30592K)->29964K(30592K) NonClass: 27159K(27520K)->27159K(27520K) Class: 2804K(3072K)->2804K(3072K)
[2026-04-03T06:38:43.371+0600][5.266s][info][gc             ] GC(10) Pause Young (Mixed) (G1 Evacuation Pause) 57M->16M(78M) 5.843ms
[2026-04-03T06:38:43.371+0600][5.266s][info][gc,cpu         ] GC(10) User=0.03s Sys=0.00s Real=0.00s
[2026-04-03T06:38:44.006+0600][5.901s][info][gc,start       ] GC(11) Pause Young (Normal) (G1 Evacuation Pause)
[2026-04-03T06:38:44.006+0600][5.901s][info][gc,task        ] GC(11) Using 10 workers of 10 for evacuation
[2026-04-03T06:38:44.010+0600][5.905s][info][gc,phases      ] GC(11)   Pre Evacuate Collection Set: 0.32ms
[2026-04-03T06:38:44.010+0600][5.905s][info][gc,phases      ] GC(11)   Merge Heap Roots: 0.13ms
[2026-04-03T06:38:44.010+0600][5.905s][info][gc,phases      ] GC(11)   Evacuate Collection Set: 2.54ms
[2026-04-03T06:38:44.010+0600][5.905s][info][gc,phases      ] GC(11)   Post Evacuate Collection Set: 0.83ms
[2026-04-03T06:38:44.010+0600][5.905s][info][gc,phases      ] GC(11)   Other: 0.12ms
[2026-04-03T06:38:44.010+0600][5.905s][info][gc,heap        ] GC(11) Eden regions: 21->0(21)
[2026-04-03T06:38:44.010+0600][5.905s][info][gc,heap        ] GC(11) Survivor regions: 2->2(3)
[2026-04-03T06:38:44.010+0600][5.905s][info][gc,heap        ] GC(11) Old regions: 9->9
[2026-04-03T06:38:44.010+0600][5.905s][info][gc,heap        ] GC(11) Humongous regions: 0->0
[2026-04-03T06:38:44.010+0600][5.905s][info][gc,metaspace   ] GC(11) Metaspace: 30853K(31488K)->30853K(31488K) NonClass: 27998K(28352K)->27998K(28352K) Class: 2855K(3136K)->2855K(3136K)
[2026-04-03T06:38:44.011+0600][5.905s][info][gc             ] GC(11) Pause Young (Normal) (G1 Evacuation Pause) 58M->16M(78M) 4.307ms
[2026-04-03T06:38:44.011+0600][5.905s][info][gc,cpu         ] GC(11) User=0.04s Sys=0.00s Real=0.00s
[2026-04-03T06:38:44.539+0600][6.434s][info][gc,start       ] GC(12) Pause Young (Normal) (G1 Evacuation Pause)
[2026-04-03T06:38:44.539+0600][6.434s][info][gc,task        ] GC(12) Using 10 workers of 10 for evacuation
[2026-04-03T06:38:44.548+0600][6.443s][info][gc,phases      ] GC(12)   Pre Evacuate Collection Set: 0.24ms
[2026-04-03T06:38:44.548+0600][6.443s][info][gc,phases      ] GC(12)   Merge Heap Roots: 0.93ms
[2026-04-03T06:38:44.548+0600][6.443s][info][gc,phases      ] GC(12)   Evacuate Collection Set: 5.95ms
[2026-04-03T06:38:44.548+0600][6.443s][info][gc,phases      ] GC(12)   Post Evacuate Collection Set: 1.01ms
[2026-04-03T06:38:44.548+0600][6.443s][info][gc,phases      ] GC(12)   Other: 0.14ms
[2026-04-03T06:38:44.548+0600][6.443s][info][gc,heap        ] GC(12) Eden regions: 21->0(21)
[2026-04-03T06:38:44.548+0600][6.443s][info][gc,heap        ] GC(12) Survivor regions: 2->2(3)
[2026-04-03T06:38:44.548+0600][6.443s][info][gc,heap        ] GC(12) Old regions: 9->9
[2026-04-03T06:38:44.548+0600][6.443s][info][gc,heap        ] GC(12) Humongous regions: 0->0
[2026-04-03T06:38:44.548+0600][6.443s][info][gc,metaspace   ] GC(12) Metaspace: 31596K(32384K)->31596K(32384K) NonClass: 28668K(29120K)->28668K(29120K) Class: 2927K(3264K)->2927K(3264K)
[2026-04-03T06:38:44.548+0600][6.443s][info][gc             ] GC(12) Pause Young (Normal) (G1 Evacuation Pause) 58M->16M(78M) 8.671ms
[2026-04-03T06:38:44.548+0600][6.443s][info][gc,cpu         ] GC(12) User=0.05s Sys=0.00s Real=0.01s
[2026-04-03T06:38:45.012+0600][6.907s][info][gc,start       ] GC(13) Pause Young (Normal) (G1 Evacuation Pause)
[2026-04-03T06:38:45.013+0600][6.907s][info][gc,task        ] GC(13) Using 10 workers of 10 for evacuation
[2026-04-03T06:38:45.017+0600][6.912s][info][gc,phases      ] GC(13)   Pre Evacuate Collection Set: 0.30ms
[2026-04-03T06:38:45.017+0600][6.912s][info][gc,phases      ] GC(13)   Merge Heap Roots: 0.16ms
[2026-04-03T06:38:45.017+0600][6.912s][info][gc,phases      ] GC(13)   Evacuate Collection Set: 3.31ms
[2026-04-03T06:38:45.017+0600][6.912s][info][gc,phases      ] GC(13)   Post Evacuate Collection Set: 0.74ms
[2026-04-03T06:38:45.017+0600][6.912s][info][gc,phases      ] GC(13)   Other: 0.15ms
[2026-04-03T06:38:45.017+0600][6.912s][info][gc,heap        ] GC(13) Eden regions: 21->0(21)
[2026-04-03T06:38:45.017+0600][6.912s][info][gc,heap        ] GC(13) Survivor regions: 2->2(3)
[2026-04-03T06:38:45.017+0600][6.912s][info][gc,heap        ] GC(13) Old regions: 9->9
[2026-04-03T06:38:45.017+0600][6.912s][info][gc,heap        ] GC(13) Humongous regions: 0->0
[2026-04-03T06:38:45.017+0600][6.912s][info][gc,metaspace   ] GC(13) Metaspace: 32114K(32960K)->32114K(32960K) NonClass: 29157K(29632K)->29157K(29632K) Class: 2956K(3328K)->2956K(3328K)
[2026-04-03T06:38:45.017+0600][6.912s][info][gc             ] GC(13) Pause Young (Normal) (G1 Evacuation Pause) 58M->17M(78M) 4.990ms
[2026-04-03T06:38:45.017+0600][6.912s][info][gc,cpu         ] GC(13) User=0.04s Sys=0.00s Real=0.01s
[2026-04-03T06:38:45.461+0600][7.356s][info][gc,start       ] GC(14) Pause Young (Normal) (G1 Evacuation Pause)
[2026-04-03T06:38:45.461+0600][7.356s][info][gc,task        ] GC(14) Using 10 workers of 10 for evacuation
[2026-04-03T06:38:45.465+0600][7.360s][info][gc,phases      ] GC(14)   Pre Evacuate Collection Set: 0.30ms
[2026-04-03T06:38:45.465+0600][7.360s][info][gc,phases      ] GC(14)   Merge Heap Roots: 0.11ms
[2026-04-03T06:38:45.465+0600][7.360s][info][gc,phases      ] GC(14)   Evacuate Collection Set: 2.54ms
[2026-04-03T06:38:45.465+0600][7.360s][info][gc,phases      ] GC(14)   Post Evacuate Collection Set: 0.81ms
[2026-04-03T06:38:45.465+0600][7.360s][info][gc,phases      ] GC(14)   Other: 0.13ms
[2026-04-03T06:38:45.465+0600][7.360s][info][gc,heap        ] GC(14) Eden regions: 21->0(21)
[2026-04-03T06:38:45.465+0600][7.360s][info][gc,heap        ] GC(14) Survivor regions: 2->2(3)
[2026-04-03T06:38:45.465+0600][7.360s][info][gc,heap        ] GC(14) Old regions: 9->9
[2026-04-03T06:38:45.465+0600][7.360s][info][gc,heap        ] GC(14) Humongous regions: 0->0
[2026-04-03T06:38:45.465+0600][7.360s][info][gc,metaspace   ] GC(14) Metaspace: 32850K(33664K)->32850K(33664K) NonClass: 29880K(30336K)->29880K(30336K) Class: 2970K(3328K)->2970K(3328K)
[2026-04-03T06:38:45.465+0600][7.360s][info][gc             ] GC(14) Pause Young (Normal) (G1 Evacuation Pause) 59M->17M(78M) 4.239ms
[2026-04-03T06:38:45.465+0600][7.360s][info][gc,cpu         ] GC(14) User=0.03s Sys=0.00s Real=0.01s
[2026-04-03T06:38:45.798+0600][7.693s][info][gc,start       ] GC(15) Pause Young (Normal) (G1 Evacuation Pause)
[2026-04-03T06:38:45.798+0600][7.693s][info][gc,task        ] GC(15) Using 10 workers of 10 for evacuation
[2026-04-03T06:38:45.805+0600][7.699s][info][gc,phases      ] GC(15)   Pre Evacuate Collection Set: 0.25ms
[2026-04-03T06:38:45.805+0600][7.700s][info][gc,phases      ] GC(15)   Merge Heap Roots: 0.21ms
[2026-04-03T06:38:45.805+0600][7.700s][info][gc,phases      ] GC(15)   Evacuate Collection Set: 4.71ms
[2026-04-03T06:38:45.805+0600][7.700s][info][gc,phases      ] GC(15)   Post Evacuate Collection Set: 0.97ms
[2026-04-03T06:38:45.805+0600][7.700s][info][gc,phases      ] GC(15)   Other: 0.14ms
[2026-04-03T06:38:45.805+0600][7.700s][info][gc,heap        ] GC(15) Eden regions: 21->0(21)
[2026-04-03T06:38:45.805+0600][7.700s][info][gc,heap        ] GC(15) Survivor regions: 2->2(3)
[2026-04-03T06:38:45.805+0600][7.700s][info][gc,heap        ] GC(15) Old regions: 9->9
[2026-04-03T06:38:45.805+0600][7.700s][info][gc,heap        ] GC(15) Humongous regions: 0->0
[2026-04-03T06:38:45.805+0600][7.700s][info][gc,metaspace   ] GC(15) Metaspace: 33067K(33856K)->33067K(33856K) NonClass: 30094K(30528K)->30094K(30528K) Class: 2972K(3328K)->2972K(3328K)
[2026-04-03T06:38:45.805+0600][7.700s][info][gc             ] GC(15) Pause Young (Normal) (G1 Evacuation Pause) 59M->17M(78M) 6.784ms
[2026-04-03T06:38:45.805+0600][7.700s][info][gc,cpu         ] GC(15) User=0.05s Sys=0.00s Real=0.01s
[2026-04-03T06:38:46.102+0600][7.997s][info][gc,start       ] GC(16) Pause Young (Normal) (G1 Evacuation Pause)
[2026-04-03T06:38:46.102+0600][7.997s][info][gc,task        ] GC(16) Using 10 workers of 10 for evacuation
[2026-04-03T06:38:46.106+0600][8.001s][info][gc,phases      ] GC(16)   Pre Evacuate Collection Set: 0.18ms
[2026-04-03T06:38:46.106+0600][8.001s][info][gc,phases      ] GC(16)   Merge Heap Roots: 0.14ms
[2026-04-03T06:38:46.106+0600][8.001s][info][gc,phases      ] GC(16)   Evacuate Collection Set: 3.14ms
[2026-04-03T06:38:46.106+0600][8.001s][info][gc,phases      ] GC(16)   Post Evacuate Collection Set: 0.76ms
[2026-04-03T06:38:46.106+0600][8.001s][info][gc,phases      ] GC(16)   Other: 0.10ms
[2026-04-03T06:38:46.106+0600][8.001s][info][gc,heap        ] GC(16) Eden regions: 21->0(26)
[2026-04-03T06:38:46.106+0600][8.001s][info][gc,heap        ] GC(16) Survivor regions: 2->2(3)
[2026-04-03T06:38:46.106+0600][8.001s][info][gc,heap        ] GC(16) Old regions: 9->9
[2026-04-03T06:38:46.106+0600][8.001s][info][gc,heap        ] GC(16) Humongous regions: 0->0
[2026-04-03T06:38:46.106+0600][8.001s][info][gc,metaspace   ] GC(16) Metaspace: 33164K(33984K)->33164K(33984K) NonClass: 30190K(30656K)->30190K(30656K) Class: 2974K(3328K)->2974K(3328K)
[2026-04-03T06:38:46.106+0600][8.001s][info][gc             ] GC(16) Pause Young (Normal) (G1 Evacuation Pause) 59M->17M(94M) 4.648ms
[2026-04-03T06:38:46.106+0600][8.001s][info][gc,cpu         ] GC(16) User=0.02s Sys=0.01s Real=0.01s
[2026-04-03T06:38:46.454+0600][8.349s][info][gc,start       ] GC(17) Pause Young (Normal) (G1 Evacuation Pause)
[2026-04-03T06:38:46.455+0600][8.349s][info][gc,task        ] GC(17) Using 10 workers of 10 for evacuation
[2026-04-03T06:38:46.458+0600][8.353s][info][gc,phases      ] GC(17)   Pre Evacuate Collection Set: 0.29ms
[2026-04-03T06:38:46.459+0600][8.353s][info][gc,phases      ] GC(17)   Merge Heap Roots: 0.13ms
[2026-04-03T06:38:46.459+0600][8.353s][info][gc,phases      ] GC(17)   Evacuate Collection Set: 2.70ms
[2026-04-03T06:38:46.459+0600][8.353s][info][gc,phases      ] GC(17)   Post Evacuate Collection Set: 0.61ms
[2026-04-03T06:38:46.459+0600][8.353s][info][gc,phases      ] GC(17)   Other: 0.13ms
[2026-04-03T06:38:46.459+0600][8.353s][info][gc,heap        ] GC(17) Eden regions: 26->0(26)
[2026-04-03T06:38:46.459+0600][8.353s][info][gc,heap        ] GC(17) Survivor regions: 2->2(4)
[2026-04-03T06:38:46.459+0600][8.353s][info][gc,heap        ] GC(17) Old regions: 9->9
[2026-04-03T06:38:46.459+0600][8.353s][info][gc,heap        ] GC(17) Humongous regions: 0->0
[2026-04-03T06:38:46.459+0600][8.353s][info][gc,metaspace   ] GC(17) Metaspace: 33257K(34048K)->33257K(34048K) NonClass: 30282K(30720K)->30282K(30720K) Class: 2975K(3328K)->2975K(3328K)
[2026-04-03T06:38:46.459+0600][8.353s][info][gc             ] GC(17) Pause Young (Normal) (G1 Evacuation Pause) 69M->17M(94M) 4.189ms
[2026-04-03T06:38:46.459+0600][8.353s][info][gc,cpu         ] GC(17) User=0.03s Sys=0.01s Real=0.00s
[2026-04-03T06:38:46.776+0600][8.671s][info][gc,start       ] GC(18) Pause Young (Normal) (G1 Evacuation Pause)
[2026-04-03T06:38:46.777+0600][8.671s][info][gc,task        ] GC(18) Using 10 workers of 10 for evacuation
[2026-04-03T06:38:46.781+0600][8.676s][info][gc,phases      ] GC(18)   Pre Evacuate Collection Set: 0.20ms
[2026-04-03T06:38:46.781+0600][8.676s][info][gc,phases      ] GC(18)   Merge Heap Roots: 0.23ms
[2026-04-03T06:38:46.781+0600][8.676s][info][gc,phases      ] GC(18)   Evacuate Collection Set: 2.71ms
[2026-04-03T06:38:46.781+0600][8.676s][info][gc,phases      ] GC(18)   Post Evacuate Collection Set: 1.03ms
[2026-04-03T06:38:46.781+0600][8.676s][info][gc,phases      ] GC(18)   Other: 0.11ms
[2026-04-03T06:38:46.781+0600][8.676s][info][gc,heap        ] GC(18) Eden regions: 26->0(26)
[2026-04-03T06:38:46.781+0600][8.676s][info][gc,heap        ] GC(18) Survivor regions: 2->2(4)
[2026-04-03T06:38:46.781+0600][8.676s][info][gc,heap        ] GC(18) Old regions: 9->9
[2026-04-03T06:38:46.781+0600][8.676s][info][gc,heap        ] GC(18) Humongous regions: 0->0
[2026-04-03T06:38:46.781+0600][8.676s][info][gc,metaspace   ] GC(18) Metaspace: 33341K(34176K)->33341K(34176K) NonClass: 30364K(30848K)->30364K(30848K) Class: 2977K(3328K)->2977K(3328K)
[2026-04-03T06:38:46.781+0600][8.676s][info][gc             ] GC(18) Pause Young (Normal) (G1 Evacuation Pause) 69M->17M(94M) 4.684ms
[2026-04-03T06:38:46.781+0600][8.676s][info][gc,cpu         ] GC(18) User=0.04s Sys=0.00s Real=0.00s
[2026-04-03T06:38:47.088+0600][8.982s][info][gc,start       ] GC(19) Pause Young (Normal) (G1 Evacuation Pause)
[2026-04-03T06:38:47.088+0600][8.982s][info][gc,task        ] GC(19) Using 10 workers of 10 for evacuation
[2026-04-03T06:38:47.091+0600][8.986s][info][gc,phases      ] GC(19)   Pre Evacuate Collection Set: 0.19ms
[2026-04-03T06:38:47.091+0600][8.986s][info][gc,phases      ] GC(19)   Merge Heap Roots: 0.13ms
[2026-04-03T06:38:47.091+0600][8.986s][info][gc,phases      ] GC(19)   Evacuate Collection Set: 2.39ms
[2026-04-03T06:38:47.091+0600][8.986s][info][gc,phases      ] GC(19)   Post Evacuate Collection Set: 0.65ms
[2026-04-03T06:38:47.091+0600][8.986s][info][gc,phases      ] GC(19)   Other: 0.10ms
[2026-04-03T06:38:47.091+0600][8.986s][info][gc,heap        ] GC(19) Eden regions: 26->0(26)
[2026-04-03T06:38:47.091+0600][8.986s][info][gc,heap        ] GC(19) Survivor regions: 2->2(4)
[2026-04-03T06:38:47.091+0600][8.986s][info][gc,heap        ] GC(19) Old regions: 9->9
[2026-04-03T06:38:47.091+0600][8.986s][info][gc,heap        ] GC(19) Humongous regions: 0->0
[2026-04-03T06:38:47.091+0600][8.986s][info][gc,metaspace   ] GC(19) Metaspace: 33480K(34304K)->33480K(34304K) NonClass: 30502K(30976K)->30502K(30976K) Class: 2977K(3328K)->2977K(3328K)
[2026-04-03T06:38:47.091+0600][8.986s][info][gc             ] GC(19) Pause Young (Normal) (G1 Evacuation Pause) 69M->17M(94M) 3.864ms
[2026-04-03T06:38:47.091+0600][8.986s][info][gc,cpu         ] GC(19) User=0.03s Sys=0.00s Real=0.00s
[2026-04-03T06:38:47.370+0600][9.265s][info][gc,start       ] GC(20) Pause Young (Normal) (G1 Evacuation Pause)
[2026-04-03T06:38:47.370+0600][9.265s][info][gc,task        ] GC(20) Using 10 workers of 10 for evacuation
[2026-04-03T06:38:47.374+0600][9.269s][info][gc,phases      ] GC(20)   Pre Evacuate Collection Set: 0.21ms
[2026-04-03T06:38:47.374+0600][9.269s][info][gc,phases      ] GC(20)   Merge Heap Roots: 0.15ms
[2026-04-03T06:38:47.374+0600][9.269s][info][gc,phases      ] GC(20)   Evacuate Collection Set: 2.62ms
[2026-04-03T06:38:47.374+0600][9.269s][info][gc,phases      ] GC(20)   Post Evacuate Collection Set: 0.91ms
[2026-04-03T06:38:47.374+0600][9.269s][info][gc,phases      ] GC(20)   Other: 0.13ms
[2026-04-03T06:38:47.374+0600][9.269s][info][gc,heap        ] GC(20) Eden regions: 26->0(32)
[2026-04-03T06:38:47.374+0600][9.269s][info][gc,heap        ] GC(20) Survivor regions: 2->2(4)
[2026-04-03T06:38:47.374+0600][9.269s][info][gc,heap        ] GC(20) Old regions: 9->9
[2026-04-03T06:38:47.374+0600][9.269s][info][gc,heap        ] GC(20) Humongous regions: 0->0
[2026-04-03T06:38:47.374+0600][9.269s][info][gc,metaspace   ] GC(20) Metaspace: 33578K(34368K)->33578K(34368K) NonClass: 30599K(31040K)->30599K(31040K) Class: 2979K(3328K)->2979K(3328K)
[2026-04-03T06:38:47.374+0600][9.269s][info][gc             ] GC(20) Pause Young (Normal) (G1 Evacuation Pause) 69M->17M(114M) 4.479ms
[2026-04-03T06:38:47.374+0600][9.269s][info][gc,cpu         ] GC(20) User=0.03s Sys=0.00s Real=0.01s
[2026-04-03T06:38:47.673+0600][9.568s][info][gc,start       ] GC(21) Pause Young (Normal) (G1 Evacuation Pause)
[2026-04-03T06:38:47.673+0600][9.568s][info][gc,task        ] GC(21) Using 10 workers of 10 for evacuation
[2026-04-03T06:38:47.677+0600][9.572s][info][gc,phases      ] GC(21)   Pre Evacuate Collection Set: 0.23ms
[2026-04-03T06:38:47.677+0600][9.572s][info][gc,phases      ] GC(21)   Merge Heap Roots: 0.13ms
[2026-04-03T06:38:47.677+0600][9.572s][info][gc,phases      ] GC(21)   Evacuate Collection Set: 2.89ms
[2026-04-03T06:38:47.677+0600][9.572s][info][gc,phases      ] GC(21)   Post Evacuate Collection Set: 0.72ms
[2026-04-03T06:38:47.677+0600][9.572s][info][gc,phases      ] GC(21)   Other: 0.11ms
[2026-04-03T06:38:47.677+0600][9.572s][info][gc,heap        ] GC(21) Eden regions: 32->0(32)
[2026-04-03T06:38:47.677+0600][9.572s][info][gc,heap        ] GC(21) Survivor regions: 2->2(5)
[2026-04-03T06:38:47.677+0600][9.572s][info][gc,heap        ] GC(21) Old regions: 9->9
[2026-04-03T06:38:47.677+0600][9.572s][info][gc,heap        ] GC(21) Humongous regions: 0->0
[2026-04-03T06:38:47.677+0600][9.572s][info][gc,metaspace   ] GC(21) Metaspace: 33734K(34496K)->33734K(34496K) NonClass: 30753K(31168K)->30753K(31168K) Class: 2980K(3328K)->2980K(3328K)
[2026-04-03T06:38:47.677+0600][9.572s][info][gc             ] GC(21) Pause Young (Normal) (G1 Evacuation Pause) 81M->17M(114M) 4.442ms
[2026-04-03T06:38:47.677+0600][9.572s][info][gc,cpu         ] GC(21) User=0.03s Sys=0.00s Real=0.01s
[2026-04-03T06:38:47.972+0600][9.866s][info][gc,start       ] GC(22) Pause Young (Normal) (G1 Evacuation Pause)
[2026-04-03T06:38:47.972+0600][9.866s][info][gc,task        ] GC(22) Using 10 workers of 10 for evacuation
[2026-04-03T06:38:47.976+0600][9.871s][info][gc,phases      ] GC(22)   Pre Evacuate Collection Set: 0.25ms
[2026-04-03T06:38:47.976+0600][9.871s][info][gc,phases      ] GC(22)   Merge Heap Roots: 0.13ms
[2026-04-03T06:38:47.976+0600][9.871s][info][gc,phases      ] GC(22)   Evacuate Collection Set: 3.43ms
[2026-04-03T06:38:47.976+0600][9.871s][info][gc,phases      ] GC(22)   Post Evacuate Collection Set: 0.76ms
[2026-04-03T06:38:47.977+0600][9.871s][info][gc,phases      ] GC(22)   Other: 0.12ms
[2026-04-03T06:38:47.977+0600][9.871s][info][gc,heap        ] GC(22) Eden regions: 32->0(32)
[2026-04-03T06:38:47.977+0600][9.871s][info][gc,heap        ] GC(22) Survivor regions: 2->2(5)
[2026-04-03T06:38:47.977+0600][9.871s][info][gc,heap        ] GC(22) Old regions: 9->9
[2026-04-03T06:38:47.977+0600][9.871s][info][gc,heap        ] GC(22) Humongous regions: 0->0
[2026-04-03T06:38:47.977+0600][9.871s][info][gc,metaspace   ] GC(22) Metaspace: 33820K(34624K)->33820K(34624K) NonClass: 30839K(31296K)->30839K(31296K) Class: 2980K(3328K)->2980K(3328K)
[2026-04-03T06:38:47.977+0600][9.871s][info][gc             ] GC(22) Pause Young (Normal) (G1 Evacuation Pause) 81M->17M(114M) 5.117ms
[2026-04-03T06:38:47.977+0600][9.872s][info][gc,cpu         ] GC(22) User=0.03s Sys=0.00s Real=0.01s
[2026-04-03T06:38:48.228+0600][10.123s][info][gc,start       ] GC(23) Pause Young (Normal) (G1 Evacuation Pause)
[2026-04-03T06:38:48.229+0600][10.123s][info][gc,task        ] GC(23) Using 10 workers of 10 for evacuation
[2026-04-03T06:38:48.232+0600][10.127s][info][gc,phases      ] GC(23)   Pre Evacuate Collection Set: 0.18ms
[2026-04-03T06:38:48.232+0600][10.127s][info][gc,phases      ] GC(23)   Merge Heap Roots: 0.12ms
[2026-04-03T06:38:48.232+0600][10.127s][info][gc,phases      ] GC(23)   Evacuate Collection Set: 2.52ms
[2026-04-03T06:38:48.232+0600][10.127s][info][gc,phases      ] GC(23)   Post Evacuate Collection Set: 0.74ms
[2026-04-03T06:38:48.232+0600][10.127s][info][gc,phases      ] GC(23)   Other: 0.10ms
[2026-04-03T06:38:48.232+0600][10.127s][info][gc,heap        ] GC(23) Eden regions: 32->0(32)
[2026-04-03T06:38:48.232+0600][10.127s][info][gc,heap        ] GC(23) Survivor regions: 2->2(5)
[2026-04-03T06:38:48.232+0600][10.127s][info][gc,heap        ] GC(23) Old regions: 9->9
[2026-04-03T06:38:48.232+0600][10.127s][info][gc,heap        ] GC(23) Humongous regions: 0->0
[2026-04-03T06:38:48.232+0600][10.127s][info][gc,metaspace   ] GC(23) Metaspace: 33916K(34752K)->33916K(34752K) NonClass: 30935K(31424K)->30935K(31424K) Class: 2980K(3328K)->2980K(3328K)
[2026-04-03T06:38:48.232+0600][10.127s][info][gc             ] GC(23) Pause Young (Normal) (G1 Evacuation Pause) 81M->17M(114M) 4.078ms
[2026-04-03T06:38:48.232+0600][10.127s][info][gc,cpu         ] GC(23) User=0.03s Sys=0.01s Real=0.00s
[2026-04-03T06:38:48.459+0600][10.353s][info][gc,start       ] GC(24) Pause Young (Normal) (G1 Evacuation Pause)
[2026-04-03T06:38:48.459+0600][10.354s][info][gc,task        ] GC(24) Using 10 workers of 10 for evacuation
[2026-04-03T06:38:48.463+0600][10.358s][info][gc,phases      ] GC(24)   Pre Evacuate Collection Set: 0.22ms
[2026-04-03T06:38:48.463+0600][10.358s][info][gc,phases      ] GC(24)   Merge Heap Roots: 0.16ms
[2026-04-03T06:38:48.463+0600][10.358s][info][gc,phases      ] GC(24)   Evacuate Collection Set: 2.89ms
[2026-04-03T06:38:48.463+0600][10.358s][info][gc,phases      ] GC(24)   Post Evacuate Collection Set: 1.14ms
[2026-04-03T06:38:48.463+0600][10.358s][info][gc,phases      ] GC(24)   Other: 0.11ms
[2026-04-03T06:38:48.463+0600][10.358s][info][gc,heap        ] GC(24) Eden regions: 32->0(40)
[2026-04-03T06:38:48.463+0600][10.358s][info][gc,heap        ] GC(24) Survivor regions: 2->1(5)
[2026-04-03T06:38:48.463+0600][10.358s][info][gc,heap        ] GC(24) Old regions: 9->10
[2026-04-03T06:38:48.463+0600][10.358s][info][gc,heap        ] GC(24) Humongous regions: 0->0
[2026-04-03T06:38:48.463+0600][10.358s][info][gc,metaspace   ] GC(24) Metaspace: 33991K(34816K)->33991K(34816K) NonClass: 31010K(31488K)->31010K(31488K) Class: 2980K(3328K)->2980K(3328K)
[2026-04-03T06:38:48.464+0600][10.358s][info][gc             ] GC(24) Pause Young (Normal) (G1 Evacuation Pause) 81M->17M(138M) 4.850ms
[2026-04-03T06:38:48.464+0600][10.358s][info][gc,cpu         ] GC(24) User=0.04s Sys=0.00s Real=0.01s
[2026-04-03T06:38:48.750+0600][10.644s][info][gc,start       ] GC(25) Pause Young (Normal) (G1 Evacuation Pause)
[2026-04-03T06:38:48.750+0600][10.645s][info][gc,task        ] GC(25) Using 10 workers of 10 for evacuation
[2026-04-03T06:38:48.754+0600][10.648s][info][gc,phases      ] GC(25)   Pre Evacuate Collection Set: 0.20ms
[2026-04-03T06:38:48.754+0600][10.648s][info][gc,phases      ] GC(25)   Merge Heap Roots: 0.12ms
[2026-04-03T06:38:48.754+0600][10.648s][info][gc,phases      ] GC(25)   Evacuate Collection Set: 2.56ms
[2026-04-03T06:38:48.754+0600][10.648s][info][gc,phases      ] GC(25)   Post Evacuate Collection Set: 0.75ms
[2026-04-03T06:38:48.754+0600][10.648s][info][gc,phases      ] GC(25)   Other: 0.12ms
[2026-04-03T06:38:48.754+0600][10.648s][info][gc,heap        ] GC(25) Eden regions: 40->0(40)
[2026-04-03T06:38:48.754+0600][10.648s][info][gc,heap        ] GC(25) Survivor regions: 1->1(6)
[2026-04-03T06:38:48.754+0600][10.648s][info][gc,heap        ] GC(25) Old regions: 10->10
[2026-04-03T06:38:48.754+0600][10.648s][info][gc,heap        ] GC(25) Humongous regions: 0->0
[2026-04-03T06:38:48.754+0600][10.648s][info][gc,metaspace   ] GC(25) Metaspace: 34029K(34816K)->34029K(34816K) NonClass: 31049K(31488K)->31049K(31488K) Class: 2980K(3328K)->2980K(3328K)
[2026-04-03T06:38:48.754+0600][10.649s][info][gc             ] GC(25) Pause Young (Normal) (G1 Evacuation Pause) 97M->17M(138M) 4.119ms
[2026-04-03T06:38:48.754+0600][10.649s][info][gc,cpu         ] GC(25) User=0.03s Sys=0.00s Real=0.01s
[2026-04-03T06:38:49.046+0600][10.941s][info][gc,start       ] GC(26) Pause Young (Normal) (G1 Evacuation Pause)
[2026-04-03T06:38:49.046+0600][10.941s][info][gc,task        ] GC(26) Using 10 workers of 10 for evacuation
[2026-04-03T06:38:49.050+0600][10.945s][info][gc,phases      ] GC(26)   Pre Evacuate Collection Set: 0.20ms
[2026-04-03T06:38:49.050+0600][10.945s][info][gc,phases      ] GC(26)   Merge Heap Roots: 0.13ms
[2026-04-03T06:38:49.050+0600][10.945s][info][gc,phases      ] GC(26)   Evacuate Collection Set: 2.49ms
[2026-04-03T06:38:49.050+0600][10.945s][info][gc,phases      ] GC(26)   Post Evacuate Collection Set: 0.63ms
[2026-04-03T06:38:49.050+0600][10.945s][info][gc,phases      ] GC(26)   Other: 0.11ms
[2026-04-03T06:38:49.050+0600][10.945s][info][gc,heap        ] GC(26) Eden regions: 40->0(40)
[2026-04-03T06:38:49.050+0600][10.945s][info][gc,heap        ] GC(26) Survivor regions: 1->1(6)
[2026-04-03T06:38:49.050+0600][10.945s][info][gc,heap        ] GC(26) Old regions: 10->10
[2026-04-03T06:38:49.050+0600][10.945s][info][gc,heap        ] GC(26) Humongous regions: 0->0
[2026-04-03T06:38:49.050+0600][10.945s][info][gc,metaspace   ] GC(26) Metaspace: 34170K(34944K)->34170K(34944K) NonClass: 31189K(31616K)->31189K(31616K) Class: 2980K(3328K)->2980K(3328K)
[2026-04-03T06:38:49.050+0600][10.945s][info][gc             ] GC(26) Pause Young (Normal) (G1 Evacuation Pause) 97M->17M(138M) 3.905ms
[2026-04-03T06:38:49.050+0600][10.945s][info][gc,cpu         ] GC(26) User=0.03s Sys=0.00s Real=0.00s
[2026-04-03T06:38:49.324+0600][11.219s][info][gc,start       ] GC(27) Pause Young (Normal) (G1 Evacuation Pause)
[2026-04-03T06:38:49.324+0600][11.219s][info][gc,task        ] GC(27) Using 10 workers of 10 for evacuation
[2026-04-03T06:38:49.327+0600][11.222s][info][gc,phases      ] GC(27)   Pre Evacuate Collection Set: 0.20ms
[2026-04-03T06:38:49.327+0600][11.222s][info][gc,phases      ] GC(27)   Merge Heap Roots: 0.14ms
[2026-04-03T06:38:49.327+0600][11.222s][info][gc,phases      ] GC(27)   Evacuate Collection Set: 1.75ms
[2026-04-03T06:38:49.327+0600][11.222s][info][gc,phases      ] GC(27)   Post Evacuate Collection Set: 0.62ms
[2026-04-03T06:38:49.327+0600][11.222s][info][gc,phases      ] GC(27)   Other: 0.11ms
[2026-04-03T06:38:49.327+0600][11.222s][info][gc,heap        ] GC(27) Eden regions: 40->0(40)
[2026-04-03T06:38:49.327+0600][11.222s][info][gc,heap        ] GC(27) Survivor regions: 1->1(6)
[2026-04-03T06:38:49.327+0600][11.222s][info][gc,heap        ] GC(27) Old regions: 10->10
[2026-04-03T06:38:49.327+0600][11.222s][info][gc,heap        ] GC(27) Humongous regions: 0->0
[2026-04-03T06:38:49.327+0600][11.222s][info][gc,metaspace   ] GC(27) Metaspace: 34199K(34944K)->34199K(34944K) NonClass: 31218K(31616K)->31218K(31616K) Class: 2980K(3328K)->2980K(3328K)
[2026-04-03T06:38:49.327+0600][11.222s][info][gc             ] GC(27) Pause Young (Normal) (G1 Evacuation Pause) 97M->17M(138M) 3.226ms
[2026-04-03T06:38:49.327+0600][11.222s][info][gc,cpu         ] GC(27) User=0.02s Sys=0.00s Real=0.00s
[2026-04-03T06:38:49.622+0600][11.517s][info][gc,start       ] GC(28) Pause Young (Normal) (G1 Evacuation Pause)
[2026-04-03T06:38:49.622+0600][11.517s][info][gc,task        ] GC(28) Using 10 workers of 10 for evacuation
[2026-04-03T06:38:49.625+0600][11.520s][info][gc,phases      ] GC(28)   Pre Evacuate Collection Set: 0.26ms
[2026-04-03T06:38:49.625+0600][11.520s][info][gc,phases      ] GC(28)   Merge Heap Roots: 0.14ms
[2026-04-03T06:38:49.625+0600][11.520s][info][gc,phases      ] GC(28)   Evacuate Collection Set: 1.74ms
[2026-04-03T06:38:49.625+0600][11.520s][info][gc,phases      ] GC(28)   Post Evacuate Collection Set: 0.71ms
[2026-04-03T06:38:49.625+0600][11.520s][info][gc,phases      ] GC(28)   Other: 0.15ms
[2026-04-03T06:38:49.625+0600][11.520s][info][gc,heap        ] GC(28) Eden regions: 40->0(40)
[2026-04-03T06:38:49.625+0600][11.520s][info][gc,heap        ] GC(28) Survivor regions: 1->1(6)
[2026-04-03T06:38:49.625+0600][11.520s][info][gc,heap        ] GC(28) Old regions: 10->10
[2026-04-03T06:38:49.625+0600][11.520s][info][gc,heap        ] GC(28) Humongous regions: 0->0
[2026-04-03T06:38:49.625+0600][11.520s][info][gc,metaspace   ] GC(28) Metaspace: 34204K(34944K)->34204K(34944K) NonClass: 31223K(31616K)->31223K(31616K) Class: 2980K(3328K)->2980K(3328K)
[2026-04-03T06:38:49.626+0600][11.520s][info][gc             ] GC(28) Pause Young (Normal) (G1 Evacuation Pause) 97M->17M(138M) 3.467ms
[2026-04-03T06:38:49.626+0600][11.520s][info][gc,cpu         ] GC(28) User=0.02s Sys=0.00s Real=0.01s
[2026-04-03T06:38:49.909+0600][11.803s][info][gc,start       ] GC(29) Pause Young (Normal) (G1 Evacuation Pause)
[2026-04-03T06:38:49.909+0600][11.804s][info][gc,task        ] GC(29) Using 10 workers of 10 for evacuation
[2026-04-03T06:38:49.911+0600][11.806s][info][gc,phases      ] GC(29)   Pre Evacuate Collection Set: 0.24ms
[2026-04-03T06:38:49.911+0600][11.806s][info][gc,phases      ] GC(29)   Merge Heap Roots: 0.14ms
[2026-04-03T06:38:49.911+0600][11.806s][info][gc,phases      ] GC(29)   Evacuate Collection Set: 1.38ms
[2026-04-03T06:38:49.911+0600][11.806s][info][gc,phases      ] GC(29)   Post Evacuate Collection Set: 0.52ms
[2026-04-03T06:38:49.911+0600][11.806s][info][gc,phases      ] GC(29)   Other: 0.13ms
[2026-04-03T06:38:49.911+0600][11.806s][info][gc,heap        ] GC(29) Eden regions: 40->0(40)
[2026-04-03T06:38:49.911+0600][11.806s][info][gc,heap        ] GC(29) Survivor regions: 1->1(6)
[2026-04-03T06:38:49.911+0600][11.806s][info][gc,heap        ] GC(29) Old regions: 10->10
[2026-04-03T06:38:49.911+0600][11.806s][info][gc,heap        ] GC(29) Humongous regions: 0->0
[2026-04-03T06:38:49.911+0600][11.806s][info][gc,metaspace   ] GC(29) Metaspace: 34216K(35008K)->34216K(35008K) NonClass: 31235K(31680K)->31235K(31680K) Class: 2980K(3328K)->2980K(3328K)
[2026-04-03T06:38:49.911+0600][11.806s][info][gc             ] GC(29) Pause Young (Normal) (G1 Evacuation Pause) 97M->17M(138M) 2.800ms
[2026-04-03T06:38:49.911+0600][11.806s][info][gc,cpu         ] GC(29) User=0.02s Sys=0.00s Real=0.00s
[2026-04-03T06:38:50.204+0600][12.099s][info][gc,start       ] GC(30) Pause Young (Normal) (G1 Evacuation Pause)
[2026-04-03T06:38:50.204+0600][12.099s][info][gc,task        ] GC(30) Using 10 workers of 10 for evacuation
[2026-04-03T06:38:50.207+0600][12.102s][info][gc,phases      ] GC(30)   Pre Evacuate Collection Set: 0.34ms
[2026-04-03T06:38:50.207+0600][12.102s][info][gc,phases      ] GC(30)   Merge Heap Roots: 0.15ms
[2026-04-03T06:38:50.207+0600][12.102s][info][gc,phases      ] GC(30)   Evacuate Collection Set: 1.39ms
[2026-04-03T06:38:50.207+0600][12.102s][info][gc,phases      ] GC(30)   Post Evacuate Collection Set: 0.66ms
[2026-04-03T06:38:50.207+0600][12.102s][info][gc,phases      ] GC(30)   Other: 0.12ms
[2026-04-03T06:38:50.207+0600][12.102s][info][gc,heap        ] GC(30) Eden regions: 40->0(40)
[2026-04-03T06:38:50.207+0600][12.102s][info][gc,heap        ] GC(30) Survivor regions: 1->1(6)
[2026-04-03T06:38:50.207+0600][12.102s][info][gc,heap        ] GC(30) Old regions: 10->10
[2026-04-03T06:38:50.207+0600][12.102s][info][gc,heap        ] GC(30) Humongous regions: 0->0
[2026-04-03T06:38:50.207+0600][12.102s][info][gc,metaspace   ] GC(30) Metaspace: 34390K(35200K)->34390K(35200K) NonClass: 31410K(31872K)->31410K(31872K) Class: 2980K(3328K)->2980K(3328K)
[2026-04-03T06:38:50.207+0600][12.102s][info][gc             ] GC(30) Pause Young (Normal) (G1 Evacuation Pause) 97M->17M(138M) 3.183ms
[2026-04-03T06:38:50.207+0600][12.102s][info][gc,cpu         ] GC(30) User=0.03s Sys=0.00s Real=0.00s
[2026-04-03T06:38:50.463+0600][12.358s][info][gc,start       ] GC(31) Pause Young (Normal) (G1 Evacuation Pause)
[2026-04-03T06:38:50.464+0600][12.358s][info][gc,task        ] GC(31) Using 10 workers of 10 for evacuation
[2026-04-03T06:38:50.466+0600][12.361s][info][gc,phases      ] GC(31)   Pre Evacuate Collection Set: 0.27ms
[2026-04-03T06:38:50.466+0600][12.361s][info][gc,phases      ] GC(31)   Merge Heap Roots: 0.14ms
[2026-04-03T06:38:50.466+0600][12.361s][info][gc,phases      ] GC(31)   Evacuate Collection Set: 1.20ms
[2026-04-03T06:38:50.466+0600][12.361s][info][gc,phases      ] GC(31)   Post Evacuate Collection Set: 0.77ms
[2026-04-03T06:38:50.466+0600][12.361s][info][gc,phases      ] GC(31)   Other: 0.11ms
[2026-04-03T06:38:50.466+0600][12.361s][info][gc,heap        ] GC(31) Eden regions: 40->0(40)
[2026-04-03T06:38:50.466+0600][12.361s][info][gc,heap        ] GC(31) Survivor regions: 1->1(6)
[2026-04-03T06:38:50.466+0600][12.361s][info][gc,heap        ] GC(31) Old regions: 10->10
[2026-04-03T06:38:50.466+0600][12.361s][info][gc,heap        ] GC(31) Humongous regions: 0->0
[2026-04-03T06:38:50.466+0600][12.361s][info][gc,metaspace   ] GC(31) Metaspace: 34395K(35200K)->34395K(35200K) NonClass: 31415K(31872K)->31415K(31872K) Class: 2980K(3328K)->2980K(3328K)
[2026-04-03T06:38:50.466+0600][12.361s][info][gc             ] GC(31) Pause Young (Normal) (G1 Evacuation Pause) 97M->17M(138M) 3.006ms
[2026-04-03T06:38:50.466+0600][12.361s][info][gc,cpu         ] GC(31) User=0.01s Sys=0.01s Real=0.00s
[2026-04-03T06:38:50.732+0600][12.627s][info][gc,start       ] GC(32) Pause Young (Normal) (G1 Evacuation Pause)
[2026-04-03T06:38:50.732+0600][12.627s][info][gc,task        ] GC(32) Using 10 workers of 10 for evacuation
[2026-04-03T06:38:50.735+0600][12.630s][info][gc,phases      ] GC(32)   Pre Evacuate Collection Set: 0.22ms
[2026-04-03T06:38:50.735+0600][12.630s][info][gc,phases      ] GC(32)   Merge Heap Roots: 0.18ms
[2026-04-03T06:38:50.735+0600][12.630s][info][gc,phases      ] GC(32)   Evacuate Collection Set: 1.19ms
[2026-04-03T06:38:50.735+0600][12.630s][info][gc,phases      ] GC(32)   Post Evacuate Collection Set: 0.71ms
[2026-04-03T06:38:50.735+0600][12.630s][info][gc,phases      ] GC(32)   Other: 0.12ms
[2026-04-03T06:38:50.735+0600][12.630s][info][gc,heap        ] GC(32) Eden regions: 40->0(40)
[2026-04-03T06:38:50.735+0600][12.630s][info][gc,heap        ] GC(32) Survivor regions: 1->1(6)
[2026-04-03T06:38:50.735+0600][12.630s][info][gc,heap        ] GC(32) Old regions: 10->10
[2026-04-03T06:38:50.735+0600][12.630s][info][gc,heap        ] GC(32) Humongous regions: 0->0
[2026-04-03T06:38:50.735+0600][12.630s][info][gc,metaspace   ] GC(32) Metaspace: 34400K(35200K)->34400K(35200K) NonClass: 31419K(31872K)->31419K(31872K) Class: 2981K(3328K)->2981K(3328K)
[2026-04-03T06:38:50.735+0600][12.630s][info][gc             ] GC(32) Pause Young (Normal) (G1 Evacuation Pause) 97M->17M(138M) 2.814ms
[2026-04-03T06:38:50.735+0600][12.630s][info][gc,cpu         ] GC(32) User=0.02s Sys=0.00s Real=0.01s
[2026-04-03T06:38:50.994+0600][12.889s][info][gc,start       ] GC(33) Pause Young (Normal) (G1 Evacuation Pause)
[2026-04-03T06:38:50.994+0600][12.889s][info][gc,task        ] GC(33) Using 10 workers of 10 for evacuation
[2026-04-03T06:38:50.997+0600][12.892s][info][gc,phases      ] GC(33)   Pre Evacuate Collection Set: 0.38ms
[2026-04-03T06:38:50.997+0600][12.892s][info][gc,phases      ] GC(33)   Merge Heap Roots: 0.15ms
[2026-04-03T06:38:50.997+0600][12.892s][info][gc,phases      ] GC(33)   Evacuate Collection Set: 1.47ms
[2026-04-03T06:38:50.997+0600][12.892s][info][gc,phases      ] GC(33)   Post Evacuate Collection Set: 0.60ms
[2026-04-03T06:38:50.997+0600][12.892s][info][gc,phases      ] GC(33)   Other: 0.11ms
[2026-04-03T06:38:50.997+0600][12.892s][info][gc,heap        ] GC(33) Eden regions: 40->0(40)
[2026-04-03T06:38:50.997+0600][12.892s][info][gc,heap        ] GC(33) Survivor regions: 1->1(6)
[2026-04-03T06:38:50.997+0600][12.892s][info][gc,heap        ] GC(33) Old regions: 10->10
[2026-04-03T06:38:50.997+0600][12.892s][info][gc,heap        ] GC(33) Humongous regions: 0->0
[2026-04-03T06:38:50.997+0600][12.892s][info][gc,metaspace   ] GC(33) Metaspace: 34403K(35200K)->34403K(35200K) NonClass: 31421K(31872K)->31421K(31872K) Class: 2981K(3328K)->2981K(3328K)
[2026-04-03T06:38:50.997+0600][12.892s][info][gc             ] GC(33) Pause Young (Normal) (G1 Evacuation Pause) 97M->17M(138M) 3.099ms
[2026-04-03T06:38:50.997+0600][12.892s][info][gc,cpu         ] GC(33) User=0.01s Sys=0.00s Real=0.00s
[2026-04-03T06:38:51.273+0600][13.168s][info][gc,start       ] GC(34) Pause Young (Normal) (G1 Evacuation Pause)
[2026-04-03T06:38:51.273+0600][13.168s][info][gc,task        ] GC(34) Using 10 workers of 10 for evacuation
[2026-04-03T06:38:51.276+0600][13.171s][info][gc,phases      ] GC(34)   Pre Evacuate Collection Set: 0.24ms
[2026-04-03T06:38:51.276+0600][13.171s][info][gc,phases      ] GC(34)   Merge Heap Roots: 0.16ms
[2026-04-03T06:38:51.276+0600][13.171s][info][gc,phases      ] GC(34)   Evacuate Collection Set: 1.18ms
[2026-04-03T06:38:51.276+0600][13.171s][info][gc,phases      ] GC(34)   Post Evacuate Collection Set: 1.03ms
[2026-04-03T06:38:51.276+0600][13.171s][info][gc,phases      ] GC(34)   Other: 0.13ms
[2026-04-03T06:38:51.276+0600][13.171s][info][gc,heap        ] GC(34) Eden regions: 40->0(48)
[2026-04-03T06:38:51.276+0600][13.171s][info][gc,heap        ] GC(34) Survivor regions: 1->1(6)
[2026-04-03T06:38:51.276+0600][13.171s][info][gc,heap        ] GC(34) Old regions: 10->10
[2026-04-03T06:38:51.276+0600][13.171s][info][gc,heap        ] GC(34) Humongous regions: 0->0
[2026-04-03T06:38:51.276+0600][13.171s][info][gc,metaspace   ] GC(34) Metaspace: 34594K(35456K)->34594K(35456K) NonClass: 31612K(32128K)->31612K(32128K) Class: 2982K(3328K)->2982K(3328K)
[2026-04-03T06:38:51.276+0600][13.171s][info][gc             ] GC(34) Pause Young (Normal) (G1 Evacuation Pause) 97M->17M(166M) 3.274ms
[2026-04-03T06:38:51.276+0600][13.171s][info][gc,cpu         ] GC(34) User=0.02s Sys=0.00s Real=0.01s
[2026-04-03T06:38:51.582+0600][13.477s][info][gc,start       ] GC(35) Pause Young (Normal) (G1 Evacuation Pause)
[2026-04-03T06:38:51.582+0600][13.477s][info][gc,task        ] GC(35) Using 10 workers of 10 for evacuation
[2026-04-03T06:38:51.584+0600][13.479s][info][gc,phases      ] GC(35)   Pre Evacuate Collection Set: 0.32ms
[2026-04-03T06:38:51.584+0600][13.479s][info][gc,phases      ] GC(35)   Merge Heap Roots: 0.15ms
[2026-04-03T06:38:51.584+0600][13.479s][info][gc,phases      ] GC(35)   Evacuate Collection Set: 1.23ms
[2026-04-03T06:38:51.584+0600][13.479s][info][gc,phases      ] GC(35)   Post Evacuate Collection Set: 0.56ms
[2026-04-03T06:38:51.584+0600][13.479s][info][gc,phases      ] GC(35)   Other: 0.16ms
[2026-04-03T06:38:51.584+0600][13.479s][info][gc,heap        ] GC(35) Eden regions: 48->0(48)
[2026-04-03T06:38:51.584+0600][13.479s][info][gc,heap        ] GC(35) Survivor regions: 1->1(7)
[2026-04-03T06:38:51.584+0600][13.479s][info][gc,heap        ] GC(35) Old regions: 10->10
[2026-04-03T06:38:51.584+0600][13.479s][info][gc,heap        ] GC(35) Humongous regions: 0->0
[2026-04-03T06:38:51.584+0600][13.479s][info][gc,metaspace   ] GC(35) Metaspace: 34594K(35456K)->34594K(35456K) NonClass: 31612K(32128K)->31612K(32128K) Class: 2982K(3328K)->2982K(3328K)
[2026-04-03T06:38:51.585+0600][13.479s][info][gc             ] GC(35) Pause Young (Normal) (G1 Evacuation Pause) 113M->17M(166M) 2.761ms
[2026-04-03T06:38:51.585+0600][13.479s][info][gc,cpu         ] GC(35) User=0.02s Sys=0.00s Real=0.01s
[2026-04-03T06:38:51.864+0600][13.758s][info][gc,start       ] GC(36) Pause Young (Normal) (G1 Evacuation Pause)
[2026-04-03T06:38:51.864+0600][13.759s][info][gc,task        ] GC(36) Using 10 workers of 10 for evacuation
[2026-04-03T06:38:51.866+0600][13.761s][info][gc,phases      ] GC(36)   Pre Evacuate Collection Set: 0.20ms
[2026-04-03T06:38:51.866+0600][13.761s][info][gc,phases      ] GC(36)   Merge Heap Roots: 0.15ms
[2026-04-03T06:38:51.866+0600][13.761s][info][gc,phases      ] GC(36)   Evacuate Collection Set: 1.01ms
[2026-04-03T06:38:51.866+0600][13.761s][info][gc,phases      ] GC(36)   Post Evacuate Collection Set: 0.49ms
[2026-04-03T06:38:51.866+0600][13.761s][info][gc,phases      ] GC(36)   Other: 0.10ms
[2026-04-03T06:38:51.866+0600][13.761s][info][gc,heap        ] GC(36) Eden regions: 48->0(48)
[2026-04-03T06:38:51.866+0600][13.761s][info][gc,heap        ] GC(36) Survivor regions: 1->1(7)
[2026-04-03T06:38:51.866+0600][13.761s][info][gc,heap        ] GC(36) Old regions: 10->10
[2026-04-03T06:38:51.866+0600][13.761s][info][gc,heap        ] GC(36) Humongous regions: 0->0
[2026-04-03T06:38:51.866+0600][13.761s][info][gc,metaspace   ] GC(36) Metaspace: 34594K(35456K)->34594K(35456K) NonClass: 31612K(32128K)->31612K(32128K) Class: 2982K(3328K)->2982K(3328K)
[2026-04-03T06:38:51.866+0600][13.761s][info][gc             ] GC(36) Pause Young (Normal) (G1 Evacuation Pause) 113M->17M(166M) 2.297ms
[2026-04-03T06:38:51.866+0600][13.761s][info][gc,cpu         ] GC(36) User=0.02s Sys=0.00s Real=0.00s
[2026-04-03T06:38:52.143+0600][14.038s][info][gc,start       ] GC(37) Pause Young (Normal) (G1 Evacuation Pause)
[2026-04-03T06:38:52.143+0600][14.038s][info][gc,task        ] GC(37) Using 10 workers of 10 for evacuation
[2026-04-03T06:38:52.145+0600][14.040s][info][gc,phases      ] GC(37)   Pre Evacuate Collection Set: 0.17ms
[2026-04-03T06:38:52.145+0600][14.040s][info][gc,phases      ] GC(37)   Merge Heap Roots: 0.13ms
[2026-04-03T06:38:52.145+0600][14.040s][info][gc,phases      ] GC(37)   Evacuate Collection Set: 0.95ms
[2026-04-03T06:38:52.145+0600][14.040s][info][gc,phases      ] GC(37)   Post Evacuate Collection Set: 0.45ms
[2026-04-03T06:38:52.145+0600][14.040s][info][gc,phases      ] GC(37)   Other: 0.09ms
[2026-04-03T06:38:52.145+0600][14.040s][info][gc,heap        ] GC(37) Eden regions: 48->0(48)
[2026-04-03T06:38:52.145+0600][14.040s][info][gc,heap        ] GC(37) Survivor regions: 1->1(7)
[2026-04-03T06:38:52.145+0600][14.040s][info][gc,heap        ] GC(37) Old regions: 10->10
[2026-04-03T06:38:52.145+0600][14.040s][info][gc,heap        ] GC(37) Humongous regions: 0->0
[2026-04-03T06:38:52.145+0600][14.040s][info][gc,metaspace   ] GC(37) Metaspace: 34606K(35456K)->34606K(35456K) NonClass: 31623K(32128K)->31623K(32128K) Class: 2982K(3328K)->2982K(3328K)
[2026-04-03T06:38:52.145+0600][14.040s][info][gc             ] GC(37) Pause Young (Normal) (G1 Evacuation Pause) 113M->17M(166M) 2.145ms
[2026-04-03T06:38:52.145+0600][14.040s][info][gc,cpu         ] GC(37) User=0.01s Sys=0.00s Real=0.00s
[2026-04-03T06:38:52.432+0600][14.326s][info][gc,start       ] GC(38) Pause Young (Normal) (G1 Evacuation Pause)
[2026-04-03T06:38:52.432+0600][14.327s][info][gc,task        ] GC(38) Using 10 workers of 10 for evacuation
[2026-04-03T06:38:52.433+0600][14.328s][info][gc,phases      ] GC(38)   Pre Evacuate Collection Set: 0.18ms
[2026-04-03T06:38:52.433+0600][14.328s][info][gc,phases      ] GC(38)   Merge Heap Roots: 0.14ms
[2026-04-03T06:38:52.433+0600][14.328s][info][gc,phases      ] GC(38)   Evacuate Collection Set: 0.61ms
[2026-04-03T06:38:52.433+0600][14.328s][info][gc,phases      ] GC(38)   Post Evacuate Collection Set: 0.47ms
[2026-04-03T06:38:52.433+0600][14.328s][info][gc,phases      ] GC(38)   Other: 0.11ms
[2026-04-03T06:38:52.433+0600][14.328s][info][gc,heap        ] GC(38) Eden regions: 48->0(48)
[2026-04-03T06:38:52.433+0600][14.328s][info][gc,heap        ] GC(38) Survivor regions: 1->1(7)
[2026-04-03T06:38:52.433+0600][14.328s][info][gc,heap        ] GC(38) Old regions: 10->10
[2026-04-03T06:38:52.433+0600][14.328s][info][gc,heap        ] GC(38) Humongous regions: 0->0
[2026-04-03T06:38:52.433+0600][14.328s][info][gc,metaspace   ] GC(38) Metaspace: 34630K(35456K)->34630K(35456K) NonClass: 31646K(32128K)->31646K(32128K) Class: 2983K(3328K)->2983K(3328K)
[2026-04-03T06:38:52.434+0600][14.328s][info][gc             ] GC(38) Pause Young (Normal) (G1 Evacuation Pause) 113M->17M(166M) 1.924ms
[2026-04-03T06:38:52.434+0600][14.328s][info][gc,cpu         ] GC(38) User=0.02s Sys=0.00s Real=0.01s
[2026-04-03T06:38:52.693+0600][14.588s][info][gc,start       ] GC(39) Pause Young (Normal) (G1 Evacuation Pause)
[2026-04-03T06:38:52.694+0600][14.588s][info][gc,task        ] GC(39) Using 10 workers of 10 for evacuation
[2026-04-03T06:38:52.695+0600][14.590s][info][gc,phases      ] GC(39)   Pre Evacuate Collection Set: 0.24ms
[2026-04-03T06:38:52.695+0600][14.590s][info][gc,phases      ] GC(39)   Merge Heap Roots: 0.13ms
[2026-04-03T06:38:52.695+0600][14.590s][info][gc,phases      ] GC(39)   Evacuate Collection Set: 0.69ms
[2026-04-03T06:38:52.695+0600][14.590s][info][gc,phases      ] GC(39)   Post Evacuate Collection Set: 0.43ms
[2026-04-03T06:38:52.695+0600][14.590s][info][gc,phases      ] GC(39)   Other: 0.10ms
[2026-04-03T06:38:52.695+0600][14.590s][info][gc,heap        ] GC(39) Eden regions: 48->0(48)
[2026-04-03T06:38:52.695+0600][14.590s][info][gc,heap        ] GC(39) Survivor regions: 1->1(7)
[2026-04-03T06:38:52.695+0600][14.590s][info][gc,heap        ] GC(39) Old regions: 10->10
[2026-04-03T06:38:52.695+0600][14.590s][info][gc,heap        ] GC(39) Humongous regions: 0->0
[2026-04-03T06:38:52.695+0600][14.590s][info][gc,metaspace   ] GC(39) Metaspace: 34633K(35456K)->34633K(35456K) NonClass: 31650K(32128K)->31650K(32128K) Class: 2983K(3328K)->2983K(3328K)
[2026-04-03T06:38:52.695+0600][14.590s][info][gc             ] GC(39) Pause Young (Normal) (G1 Evacuation Pause) 113M->17M(166M) 1.897ms
[2026-04-03T06:38:52.695+0600][14.590s][info][gc,cpu         ] GC(39) User=0.02s Sys=0.00s Real=0.00s
[2026-04-03T06:38:52.964+0600][14.858s][info][gc,start       ] GC(40) Pause Young (Normal) (G1 Evacuation Pause)
[2026-04-03T06:38:52.964+0600][14.858s][info][gc,task        ] GC(40) Using 10 workers of 10 for evacuation
[2026-04-03T06:38:52.965+0600][14.860s][info][gc,phases      ] GC(40)   Pre Evacuate Collection Set: 0.18ms
[2026-04-03T06:38:52.965+0600][14.860s][info][gc,phases      ] GC(40)   Merge Heap Roots: 0.12ms
[2026-04-03T06:38:52.965+0600][14.860s][info][gc,phases      ] GC(40)   Evacuate Collection Set: 0.63ms
[2026-04-03T06:38:52.965+0600][14.860s][info][gc,phases      ] GC(40)   Post Evacuate Collection Set: 0.49ms
[2026-04-03T06:38:52.965+0600][14.860s][info][gc,phases      ] GC(40)   Other: 0.10ms
[2026-04-03T06:38:52.965+0600][14.860s][info][gc,heap        ] GC(40) Eden regions: 48->0(48)
[2026-04-03T06:38:52.965+0600][14.860s][info][gc,heap        ] GC(40) Survivor regions: 1->1(7)
[2026-04-03T06:38:52.965+0600][14.860s][info][gc,heap        ] GC(40) Old regions: 10->11
[2026-04-03T06:38:52.965+0600][14.860s][info][gc,heap        ] GC(40) Humongous regions: 0->0
[2026-04-03T06:38:52.965+0600][14.860s][info][gc,metaspace   ] GC(40) Metaspace: 34636K(35456K)->34636K(35456K) NonClass: 31652K(32128K)->31652K(32128K) Class: 2983K(3328K)->2983K(3328K)
[2026-04-03T06:38:52.965+0600][14.860s][info][gc             ] GC(40) Pause Young (Normal) (G1 Evacuation Pause) 113M->17M(166M) 1.846ms
[2026-04-03T06:38:52.965+0600][14.860s][info][gc,cpu         ] GC(40) User=0.01s Sys=0.00s Real=0.00s
[2026-04-03T06:38:53.224+0600][15.118s][info][gc,start       ] GC(41) Pause Young (Normal) (G1 Evacuation Pause)
[2026-04-03T06:38:53.224+0600][15.119s][info][gc,task        ] GC(41) Using 10 workers of 10 for evacuation
[2026-04-03T06:38:53.225+0600][15.120s][info][gc,phases      ] GC(41)   Pre Evacuate Collection Set: 0.23ms
[2026-04-03T06:38:53.225+0600][15.120s][info][gc,phases      ] GC(41)   Merge Heap Roots: 0.11ms
[2026-04-03T06:38:53.225+0600][15.120s][info][gc,phases      ] GC(41)   Evacuate Collection Set: 0.67ms
[2026-04-03T06:38:53.225+0600][15.120s][info][gc,phases      ] GC(41)   Post Evacuate Collection Set: 0.37ms
[2026-04-03T06:38:53.225+0600][15.120s][info][gc,phases      ] GC(41)   Other: 0.08ms
[2026-04-03T06:38:53.225+0600][15.120s][info][gc,heap        ] GC(41) Eden regions: 48->0(48)
[2026-04-03T06:38:53.225+0600][15.120s][info][gc,heap        ] GC(41) Survivor regions: 1->1(7)
[2026-04-03T06:38:53.225+0600][15.120s][info][gc,heap        ] GC(41) Old regions: 11->11
[2026-04-03T06:38:53.225+0600][15.120s][info][gc,heap        ] GC(41) Humongous regions: 0->0
[2026-04-03T06:38:53.225+0600][15.120s][info][gc,metaspace   ] GC(41) Metaspace: 34638K(35456K)->34638K(35456K) NonClass: 31655K(32128K)->31655K(32128K) Class: 2983K(3328K)->2983K(3328K)
[2026-04-03T06:38:53.225+0600][15.120s][info][gc             ] GC(41) Pause Young (Normal) (G1 Evacuation Pause) 113M->17M(166M) 1.775ms
[2026-04-03T06:38:53.225+0600][15.120s][info][gc,cpu         ] GC(41) User=0.01s Sys=0.00s Real=0.00s
[2026-04-03T06:38:53.469+0600][15.364s][info][gc,start       ] GC(42) Pause Young (Normal) (G1 Evacuation Pause)
[2026-04-03T06:38:53.469+0600][15.364s][info][gc,task        ] GC(42) Using 10 workers of 10 for evacuation
[2026-04-03T06:38:53.471+0600][15.365s][info][gc,phases      ] GC(42)   Pre Evacuate Collection Set: 0.20ms
[2026-04-03T06:38:53.471+0600][15.365s][info][gc,phases      ] GC(42)   Merge Heap Roots: 0.14ms
[2026-04-03T06:38:53.471+0600][15.365s][info][gc,phases      ] GC(42)   Evacuate Collection Set: 0.60ms
[2026-04-03T06:38:53.471+0600][15.365s][info][gc,phases      ] GC(42)   Post Evacuate Collection Set: 0.45ms
[2026-04-03T06:38:53.471+0600][15.365s][info][gc,phases      ] GC(42)   Other: 0.10ms
[2026-04-03T06:38:53.471+0600][15.365s][info][gc,heap        ] GC(42) Eden regions: 48->0(48)
[2026-04-03T06:38:53.471+0600][15.365s][info][gc,heap        ] GC(42) Survivor regions: 1->1(7)
[2026-04-03T06:38:53.471+0600][15.365s][info][gc,heap        ] GC(42) Old regions: 11->11
[2026-04-03T06:38:53.471+0600][15.365s][info][gc,heap        ] GC(42) Humongous regions: 0->0
[2026-04-03T06:38:53.471+0600][15.365s][info][gc,metaspace   ] GC(42) Metaspace: 34638K(35456K)->34638K(35456K) NonClass: 31655K(32128K)->31655K(32128K) Class: 2983K(3328K)->2983K(3328K)
[2026-04-03T06:38:53.471+0600][15.366s][info][gc             ] GC(42) Pause Young (Normal) (G1 Evacuation Pause) 113M->17M(166M) 1.863ms
[2026-04-03T06:38:53.471+0600][15.366s][info][gc,cpu         ] GC(42) User=0.01s Sys=0.00s Real=0.00s
[2026-04-03T06:38:53.710+0600][15.605s][info][gc,start       ] GC(43) Pause Young (Normal) (G1 Evacuation Pause)
[2026-04-03T06:38:53.710+0600][15.605s][info][gc,task        ] GC(43) Using 10 workers of 10 for evacuation
[2026-04-03T06:38:53.712+0600][15.606s][info][gc,phases      ] GC(43)   Pre Evacuate Collection Set: 0.17ms
[2026-04-03T06:38:53.712+0600][15.606s][info][gc,phases      ] GC(43)   Merge Heap Roots: 0.18ms
[2026-04-03T06:38:53.712+0600][15.606s][info][gc,phases      ] GC(43)   Evacuate Collection Set: 0.62ms
[2026-04-03T06:38:53.712+0600][15.606s][info][gc,phases      ] GC(43)   Post Evacuate Collection Set: 0.54ms
[2026-04-03T06:38:53.712+0600][15.606s][info][gc,phases      ] GC(43)   Other: 0.10ms
[2026-04-03T06:38:53.712+0600][15.606s][info][gc,heap        ] GC(43) Eden regions: 48->0(48)
[2026-04-03T06:38:53.712+0600][15.606s][info][gc,heap        ] GC(43) Survivor regions: 1->1(7)
[2026-04-03T06:38:53.712+0600][15.606s][info][gc,heap        ] GC(43) Old regions: 11->11
[2026-04-03T06:38:53.712+0600][15.606s][info][gc,heap        ] GC(43) Humongous regions: 0->0
[2026-04-03T06:38:53.712+0600][15.606s][info][gc,metaspace   ] GC(43) Metaspace: 34638K(35456K)->34638K(35456K) NonClass: 31655K(32128K)->31655K(32128K) Class: 2983K(3328K)->2983K(3328K)
[2026-04-03T06:38:53.712+0600][15.607s][info][gc             ] GC(43) Pause Young (Normal) (G1 Evacuation Pause) 113M->17M(166M) 1.948ms
[2026-04-03T06:38:53.712+0600][15.607s][info][gc,cpu         ] GC(43) User=0.01s Sys=0.01s Real=0.00s
[2026-04-03T06:38:53.951+0600][15.846s][info][gc,start       ] GC(44) Pause Young (Normal) (G1 Evacuation Pause)
[2026-04-03T06:38:53.951+0600][15.846s][info][gc,task        ] GC(44) Using 10 workers of 10 for evacuation
[2026-04-03T06:38:53.954+0600][15.848s][info][gc,phases      ] GC(44)   Pre Evacuate Collection Set: 0.24ms
[2026-04-03T06:38:53.954+0600][15.848s][info][gc,phases      ] GC(44)   Merge Heap Roots: 0.18ms
[2026-04-03T06:38:53.954+0600][15.849s][info][gc,phases      ] GC(44)   Evacuate Collection Set: 1.24ms
[2026-04-03T06:38:53.954+0600][15.849s][info][gc,phases      ] GC(44)   Post Evacuate Collection Set: 0.72ms
[2026-04-03T06:38:53.954+0600][15.849s][info][gc,phases      ] GC(44)   Other: 0.13ms
[2026-04-03T06:38:53.954+0600][15.849s][info][gc,heap        ] GC(44) Eden regions: 48->0(48)
[2026-04-03T06:38:53.954+0600][15.849s][info][gc,heap        ] GC(44) Survivor regions: 1->1(7)
[2026-04-03T06:38:53.954+0600][15.849s][info][gc,heap        ] GC(44) Old regions: 11->11
[2026-04-03T06:38:53.954+0600][15.849s][info][gc,heap        ] GC(44) Humongous regions: 0->0
[2026-04-03T06:38:53.954+0600][15.849s][info][gc,metaspace   ] GC(44) Metaspace: 34638K(35456K)->34638K(35456K) NonClass: 31655K(32128K)->31655K(32128K) Class: 2983K(3328K)->2983K(3328K)
[2026-04-03T06:38:53.954+0600][15.849s][info][gc             ] GC(44) Pause Young (Normal) (G1 Evacuation Pause) 113M->17M(166M) 2.967ms
[2026-04-03T06:38:53.954+0600][15.849s][info][gc,cpu         ] GC(44) User=0.01s Sys=0.00s Real=0.01s
[2026-04-03T06:38:54.198+0600][16.093s][info][gc,start       ] GC(45) Pause Young (Normal) (G1 Evacuation Pause)
[2026-04-03T06:38:54.199+0600][16.093s][info][gc,task        ] GC(45) Using 10 workers of 10 for evacuation
[2026-04-03T06:38:54.201+0600][16.096s][info][gc,phases      ] GC(45)   Pre Evacuate Collection Set: 0.27ms
[2026-04-03T06:38:54.201+0600][16.096s][info][gc,phases      ] GC(45)   Merge Heap Roots: 0.14ms
[2026-04-03T06:38:54.201+0600][16.096s][info][gc,phases      ] GC(45)   Evacuate Collection Set: 1.21ms
[2026-04-03T06:38:54.201+0600][16.096s][info][gc,phases      ] GC(45)   Post Evacuate Collection Set: 0.49ms
[2026-04-03T06:38:54.201+0600][16.096s][info][gc,phases      ] GC(45)   Other: 0.11ms
[2026-04-03T06:38:54.201+0600][16.096s][info][gc,heap        ] GC(45) Eden regions: 48->0(48)
[2026-04-03T06:38:54.201+0600][16.096s][info][gc,heap        ] GC(45) Survivor regions: 1->1(7)
[2026-04-03T06:38:54.201+0600][16.096s][info][gc,heap        ] GC(45) Old regions: 11->11
[2026-04-03T06:38:54.201+0600][16.096s][info][gc,heap        ] GC(45) Humongous regions: 0->0
[2026-04-03T06:38:54.201+0600][16.096s][info][gc,metaspace   ] GC(45) Metaspace: 34640K(35456K)->34640K(35456K) NonClass: 31657K(32128K)->31657K(32128K) Class: 2983K(3328K)->2983K(3328K)
[2026-04-03T06:38:54.201+0600][16.096s][info][gc             ] GC(45) Pause Young (Normal) (G1 Evacuation Pause) 113M->17M(166M) 2.583ms
[2026-04-03T06:38:54.201+0600][16.096s][info][gc,cpu         ] GC(45) User=0.02s Sys=0.00s Real=0.00s
[2026-04-03T06:38:54.439+0600][16.333s][info][gc,start       ] GC(46) Pause Young (Normal) (G1 Evacuation Pause)
[2026-04-03T06:38:54.439+0600][16.334s][info][gc,task        ] GC(46) Using 10 workers of 10 for evacuation
[2026-04-03T06:38:54.440+0600][16.335s][info][gc,phases      ] GC(46)   Pre Evacuate Collection Set: 0.17ms
[2026-04-03T06:38:54.440+0600][16.335s][info][gc,phases      ] GC(46)   Merge Heap Roots: 0.13ms
[2026-04-03T06:38:54.441+0600][16.335s][info][gc,phases      ] GC(46)   Evacuate Collection Set: 0.72ms
[2026-04-03T06:38:54.441+0600][16.335s][info][gc,phases      ] GC(46)   Post Evacuate Collection Set: 0.47ms
[2026-04-03T06:38:54.441+0600][16.335s][info][gc,phases      ] GC(46)   Other: 0.09ms
[2026-04-03T06:38:54.441+0600][16.335s][info][gc,heap        ] GC(46) Eden regions: 48->0(48)
[2026-04-03T06:38:54.441+0600][16.335s][info][gc,heap        ] GC(46) Survivor regions: 1->1(7)
[2026-04-03T06:38:54.441+0600][16.335s][info][gc,heap        ] GC(46) Old regions: 11->11
[2026-04-03T06:38:54.441+0600][16.335s][info][gc,heap        ] GC(46) Humongous regions: 0->0
[2026-04-03T06:38:54.441+0600][16.335s][info][gc,metaspace   ] GC(46) Metaspace: 34642K(35456K)->34642K(35456K) NonClass: 31658K(32128K)->31658K(32128K) Class: 2983K(3328K)->2983K(3328K)
[2026-04-03T06:38:54.441+0600][16.336s][info][gc             ] GC(46) Pause Young (Normal) (G1 Evacuation Pause) 113M->17M(166M) 2.005ms
[2026-04-03T06:38:54.441+0600][16.336s][info][gc,cpu         ] GC(46) User=0.01s Sys=0.00s Real=0.00s
[2026-04-03T06:38:54.681+0600][16.576s][info][gc,start       ] GC(47) Pause Young (Normal) (G1 Evacuation Pause)
[2026-04-03T06:38:54.681+0600][16.576s][info][gc,task        ] GC(47) Using 10 workers of 10 for evacuation
[2026-04-03T06:38:54.683+0600][16.578s][info][gc,phases      ] GC(47)   Pre Evacuate Collection Set: 0.19ms
[2026-04-03T06:38:54.683+0600][16.578s][info][gc,phases      ] GC(47)   Merge Heap Roots: 0.14ms
[2026-04-03T06:38:54.683+0600][16.578s][info][gc,phases      ] GC(47)   Evacuate Collection Set: 0.75ms
[2026-04-03T06:38:54.683+0600][16.578s][info][gc,phases      ] GC(47)   Post Evacuate Collection Set: 0.52ms
[2026-04-03T06:38:54.683+0600][16.578s][info][gc,phases      ] GC(47)   Other: 0.13ms
[2026-04-03T06:38:54.683+0600][16.578s][info][gc,heap        ] GC(47) Eden regions: 48->0(48)
[2026-04-03T06:38:54.683+0600][16.578s][info][gc,heap        ] GC(47) Survivor regions: 1->1(7)
[2026-04-03T06:38:54.683+0600][16.578s][info][gc,heap        ] GC(47) Old regions: 11->11
[2026-04-03T06:38:54.683+0600][16.578s][info][gc,heap        ] GC(47) Humongous regions: 0->0
[2026-04-03T06:38:54.683+0600][16.578s][info][gc,metaspace   ] GC(47) Metaspace: 34642K(35456K)->34642K(35456K) NonClass: 31658K(32128K)->31658K(32128K) Class: 2983K(3328K)->2983K(3328K)
[2026-04-03T06:38:54.683+0600][16.578s][info][gc             ] GC(47) Pause Young (Normal) (G1 Evacuation Pause) 113M->17M(166M) 2.234ms
[2026-04-03T06:38:54.683+0600][16.578s][info][gc,cpu         ] GC(47) User=0.01s Sys=0.00s Real=0.01s
[2026-04-03T06:38:54.925+0600][16.820s][info][gc,start       ] GC(48) Pause Young (Normal) (G1 Evacuation Pause)
[2026-04-03T06:38:54.925+0600][16.820s][info][gc,task        ] GC(48) Using 10 workers of 10 for evacuation
[2026-04-03T06:38:54.926+0600][16.821s][info][gc,phases      ] GC(48)   Pre Evacuate Collection Set: 0.16ms
[2026-04-03T06:38:54.926+0600][16.821s][info][gc,phases      ] GC(48)   Merge Heap Roots: 0.15ms
[2026-04-03T06:38:54.926+0600][16.821s][info][gc,phases      ] GC(48)   Evacuate Collection Set: 0.58ms
[2026-04-03T06:38:54.926+0600][16.821s][info][gc,phases      ] GC(48)   Post Evacuate Collection Set: 0.36ms
[2026-04-03T06:38:54.926+0600][16.821s][info][gc,phases      ] GC(48)   Other: 0.08ms
[2026-04-03T06:38:54.926+0600][16.821s][info][gc,heap        ] GC(48) Eden regions: 48->0(48)
[2026-04-03T06:38:54.926+0600][16.821s][info][gc,heap        ] GC(48) Survivor regions: 1->1(7)
[2026-04-03T06:38:54.926+0600][16.821s][info][gc,heap        ] GC(48) Old regions: 11->11
[2026-04-03T06:38:54.926+0600][16.821s][info][gc,heap        ] GC(48) Humongous regions: 0->0
[2026-04-03T06:38:54.926+0600][16.821s][info][gc,metaspace   ] GC(48) Metaspace: 34642K(35456K)->34642K(35456K) NonClass: 31658K(32128K)->31658K(32128K) Class: 2983K(3328K)->2983K(3328K)
[2026-04-03T06:38:54.926+0600][16.821s][info][gc             ] GC(48) Pause Young (Normal) (G1 Evacuation Pause) 113M->17M(166M) 1.622ms
[2026-04-03T06:38:54.926+0600][16.821s][info][gc,cpu         ] GC(48) User=0.01s Sys=0.00s Real=0.00s
[2026-04-03T06:38:55.148+0600][17.043s][info][gc,start       ] GC(49) Pause Young (Normal) (G1 Evacuation Pause)
[2026-04-03T06:38:55.148+0600][17.043s][info][gc,task        ] GC(49) Using 10 workers of 10 for evacuation
[2026-04-03T06:38:55.150+0600][17.045s][info][gc,phases      ] GC(49)   Pre Evacuate Collection Set: 0.16ms
[2026-04-03T06:38:55.150+0600][17.045s][info][gc,phases      ] GC(49)   Merge Heap Roots: 0.10ms
[2026-04-03T06:38:55.150+0600][17.045s][info][gc,phases      ] GC(49)   Evacuate Collection Set: 0.49ms
[2026-04-03T06:38:55.150+0600][17.045s][info][gc,phases      ] GC(49)   Post Evacuate Collection Set: 0.64ms
[2026-04-03T06:38:55.150+0600][17.045s][info][gc,phases      ] GC(49)   Other: 0.10ms
[2026-04-03T06:38:55.150+0600][17.045s][info][gc,heap        ] GC(49) Eden regions: 48->0(48)
[2026-04-03T06:38:55.150+0600][17.045s][info][gc,heap        ] GC(49) Survivor regions: 1->1(7)
[2026-04-03T06:38:55.150+0600][17.045s][info][gc,heap        ] GC(49) Old regions: 11->11
[2026-04-03T06:38:55.150+0600][17.045s][info][gc,heap        ] GC(49) Humongous regions: 0->0
[2026-04-03T06:38:55.150+0600][17.045s][info][gc,metaspace   ] GC(49) Metaspace: 34642K(35456K)->34642K(35456K) NonClass: 31658K(32128K)->31658K(32128K) Class: 2983K(3328K)->2983K(3328K)
[2026-04-03T06:38:55.150+0600][17.045s][info][gc             ] GC(49) Pause Young (Normal) (G1 Evacuation Pause) 113M->17M(166M) 1.864ms
[2026-04-03T06:38:55.150+0600][17.045s][info][gc,cpu         ] GC(49) User=0.01s Sys=0.00s Real=0.00s
[2026-04-03T06:38:55.368+0600][17.263s][info][gc,start       ] GC(50) Pause Young (Normal) (G1 Evacuation Pause)
[2026-04-03T06:38:55.368+0600][17.263s][info][gc,task        ] GC(50) Using 10 workers of 10 for evacuation
[2026-04-03T06:38:55.370+0600][17.265s][info][gc,phases      ] GC(50)   Pre Evacuate Collection Set: 0.24ms
[2026-04-03T06:38:55.370+0600][17.265s][info][gc,phases      ] GC(50)   Merge Heap Roots: 0.19ms
[2026-04-03T06:38:55.370+0600][17.265s][info][gc,phases      ] GC(50)   Evacuate Collection Set: 0.66ms
[2026-04-03T06:38:55.370+0600][17.265s][info][gc,phases      ] GC(50)   Post Evacuate Collection Set: 0.50ms
[2026-04-03T06:38:55.370+0600][17.265s][info][gc,phases      ] GC(50)   Other: 0.11ms
[2026-04-03T06:38:55.370+0600][17.265s][info][gc,heap        ] GC(50) Eden regions: 48->0(48)
[2026-04-03T06:38:55.370+0600][17.265s][info][gc,heap        ] GC(50) Survivor regions: 1->1(7)
[2026-04-03T06:38:55.370+0600][17.265s][info][gc,heap        ] GC(50) Old regions: 11->11
[2026-04-03T06:38:55.370+0600][17.265s][info][gc,heap        ] GC(50) Humongous regions: 0->0
[2026-04-03T06:38:55.370+0600][17.265s][info][gc,metaspace   ] GC(50) Metaspace: 34642K(35456K)->34642K(35456K) NonClass: 31658K(32128K)->31658K(32128K) Class: 2983K(3328K)->2983K(3328K)
[2026-04-03T06:38:55.370+0600][17.265s][info][gc             ] GC(50) Pause Young (Normal) (G1 Evacuation Pause) 113M->17M(166M) 2.148ms
[2026-04-03T06:38:55.370+0600][17.265s][info][gc,cpu         ] GC(50) User=0.01s Sys=0.00s Real=0.00s
[2026-04-03T06:38:55.584+0600][17.479s][info][gc,start       ] GC(51) Pause Young (Normal) (G1 Evacuation Pause)
[2026-04-03T06:38:55.584+0600][17.479s][info][gc,task        ] GC(51) Using 10 workers of 10 for evacuation
[2026-04-03T06:38:55.586+0600][17.481s][info][gc,phases      ] GC(51)   Pre Evacuate Collection Set: 0.17ms
[2026-04-03T06:38:55.586+0600][17.481s][info][gc,phases      ] GC(51)   Merge Heap Roots: 0.14ms
[2026-04-03T06:38:55.586+0600][17.481s][info][gc,phases      ] GC(51)   Evacuate Collection Set: 0.78ms
[2026-04-03T06:38:55.586+0600][17.481s][info][gc,phases      ] GC(51)   Post Evacuate Collection Set: 0.65ms
[2026-04-03T06:38:55.586+0600][17.481s][info][gc,phases      ] GC(51)   Other: 0.10ms
[2026-04-03T06:38:55.586+0600][17.481s][info][gc,heap        ] GC(51) Eden regions: 48->0(48)
[2026-04-03T06:38:55.586+0600][17.481s][info][gc,heap        ] GC(51) Survivor regions: 1->1(7)
[2026-04-03T06:38:55.586+0600][17.481s][info][gc,heap        ] GC(51) Old regions: 11->11
[2026-04-03T06:38:55.586+0600][17.481s][info][gc,heap        ] GC(51) Humongous regions: 0->0
[2026-04-03T06:38:55.586+0600][17.481s][info][gc,metaspace   ] GC(51) Metaspace: 34642K(35456K)->34642K(35456K) NonClass: 31658K(32128K)->31658K(32128K) Class: 2983K(3328K)->2983K(3328K)
[2026-04-03T06:38:55.586+0600][17.481s][info][gc             ] GC(51) Pause Young (Normal) (G1 Evacuation Pause) 113M->17M(166M) 2.265ms
[2026-04-03T06:38:55.586+0600][17.481s][info][gc,cpu         ] GC(51) User=0.02s Sys=0.01s Real=0.00s
[2026-04-03T06:38:55.808+0600][17.702s][info][gc,start       ] GC(52) Pause Young (Normal) (G1 Evacuation Pause)
[2026-04-03T06:38:55.808+0600][17.703s][info][gc,task        ] GC(52) Using 10 workers of 10 for evacuation
[2026-04-03T06:38:55.809+0600][17.704s][info][gc,phases      ] GC(52)   Pre Evacuate Collection Set: 0.20ms
[2026-04-03T06:38:55.809+0600][17.704s][info][gc,phases      ] GC(52)   Merge Heap Roots: 0.12ms
[2026-04-03T06:38:55.810+0600][17.704s][info][gc,phases      ] GC(52)   Evacuate Collection Set: 0.62ms
[2026-04-03T06:38:55.810+0600][17.704s][info][gc,phases      ] GC(52)   Post Evacuate Collection Set: 0.55ms
[2026-04-03T06:38:55.810+0600][17.704s][info][gc,phases      ] GC(52)   Other: 0.14ms
[2026-04-03T06:38:55.810+0600][17.704s][info][gc,heap        ] GC(52) Eden regions: 48->0(48)
[2026-04-03T06:38:55.810+0600][17.704s][info][gc,heap        ] GC(52) Survivor regions: 1->1(7)
[2026-04-03T06:38:55.810+0600][17.704s][info][gc,heap        ] GC(52) Old regions: 11->11
[2026-04-03T06:38:55.810+0600][17.704s][info][gc,heap        ] GC(52) Humongous regions: 0->0
[2026-04-03T06:38:55.810+0600][17.704s][info][gc,metaspace   ] GC(52) Metaspace: 34642K(35456K)->34642K(35456K) NonClass: 31658K(32128K)->31658K(32128K) Class: 2983K(3328K)->2983K(3328K)
[2026-04-03T06:38:55.810+0600][17.704s][info][gc             ] GC(52) Pause Young (Normal) (G1 Evacuation Pause) 113M->17M(166M) 2.011ms
[2026-04-03T06:38:55.810+0600][17.704s][info][gc,cpu         ] GC(52) User=0.01s Sys=0.00s Real=0.00s
[2026-04-03T06:38:56.039+0600][17.934s][info][gc,start       ] GC(53) Pause Young (Normal) (G1 Evacuation Pause)
[2026-04-03T06:38:56.039+0600][17.934s][info][gc,task        ] GC(53) Using 10 workers of 10 for evacuation
[2026-04-03T06:38:56.041+0600][17.935s][info][gc,phases      ] GC(53)   Pre Evacuate Collection Set: 0.24ms
[2026-04-03T06:38:56.041+0600][17.936s][info][gc,phases      ] GC(53)   Merge Heap Roots: 0.12ms
[2026-04-03T06:38:56.041+0600][17.936s][info][gc,phases      ] GC(53)   Evacuate Collection Set: 0.59ms
[2026-04-03T06:38:56.041+0600][17.936s][info][gc,phases      ] GC(53)   Post Evacuate Collection Set: 0.50ms
[2026-04-03T06:38:56.041+0600][17.936s][info][gc,phases      ] GC(53)   Other: 0.12ms
[2026-04-03T06:38:56.041+0600][17.936s][info][gc,heap        ] GC(53) Eden regions: 48->0(48)
[2026-04-03T06:38:56.041+0600][17.936s][info][gc,heap        ] GC(53) Survivor regions: 1->1(7)
[2026-04-03T06:38:56.041+0600][17.936s][info][gc,heap        ] GC(53) Old regions: 11->11
[2026-04-03T06:38:56.041+0600][17.936s][info][gc,heap        ] GC(53) Humongous regions: 0->0
[2026-04-03T06:38:56.041+0600][17.936s][info][gc,metaspace   ] GC(53) Metaspace: 34642K(35456K)->34642K(35456K) NonClass: 31659K(32128K)->31659K(32128K) Class: 2983K(3328K)->2983K(3328K)
[2026-04-03T06:38:56.041+0600][17.936s][info][gc             ] GC(53) Pause Young (Normal) (G1 Evacuation Pause) 113M->17M(166M) 1.933ms
[2026-04-03T06:38:56.041+0600][17.936s][info][gc,cpu         ] GC(53) User=0.01s Sys=0.00s Real=0.00s
[2026-04-03T06:38:56.257+0600][18.151s][info][gc,start       ] GC(54) Pause Young (Normal) (G1 Evacuation Pause)
[2026-04-03T06:38:56.257+0600][18.152s][info][gc,task        ] GC(54) Using 10 workers of 10 for evacuation
[2026-04-03T06:38:56.259+0600][18.153s][info][gc,phases      ] GC(54)   Pre Evacuate Collection Set: 0.21ms
[2026-04-03T06:38:56.259+0600][18.153s][info][gc,phases      ] GC(54)   Merge Heap Roots: 0.15ms
[2026-04-03T06:38:56.259+0600][18.154s][info][gc,phases      ] GC(54)   Evacuate Collection Set: 0.76ms
[2026-04-03T06:38:56.259+0600][18.154s][info][gc,phases      ] GC(54)   Post Evacuate Collection Set: 0.53ms
[2026-04-03T06:38:56.259+0600][18.154s][info][gc,phases      ] GC(54)   Other: 0.12ms
[2026-04-03T06:38:56.259+0600][18.154s][info][gc,heap        ] GC(54) Eden regions: 48->0(48)
[2026-04-03T06:38:56.259+0600][18.154s][info][gc,heap        ] GC(54) Survivor regions: 1->1(7)
[2026-04-03T06:38:56.259+0600][18.154s][info][gc,heap        ] GC(54) Old regions: 11->11
[2026-04-03T06:38:56.259+0600][18.154s][info][gc,heap        ] GC(54) Humongous regions: 0->0
[2026-04-03T06:38:56.259+0600][18.154s][info][gc,metaspace   ] GC(54) Metaspace: 34643K(35456K)->34643K(35456K) NonClass: 31660K(32128K)->31660K(32128K) Class: 2983K(3328K)->2983K(3328K)
[2026-04-03T06:38:56.259+0600][18.154s][info][gc             ] GC(54) Pause Young (Normal) (G1 Evacuation Pause) 113M->17M(166M) 2.233ms
[2026-04-03T06:38:56.259+0600][18.154s][info][gc,cpu         ] GC(54) User=0.02s Sys=0.00s Real=0.00s
[2026-04-03T06:38:56.483+0600][18.378s][info][gc,start       ] GC(55) Pause Young (Normal) (G1 Evacuation Pause)
[2026-04-03T06:38:56.483+0600][18.378s][info][gc,task        ] GC(55) Using 10 workers of 10 for evacuation
[2026-04-03T06:38:56.485+0600][18.379s][info][gc,phases      ] GC(55)   Pre Evacuate Collection Set: 0.19ms
[2026-04-03T06:38:56.485+0600][18.379s][info][gc,phases      ] GC(55)   Merge Heap Roots: 0.10ms
[2026-04-03T06:38:56.485+0600][18.379s][info][gc,phases      ] GC(55)   Evacuate Collection Set: 0.49ms
[2026-04-03T06:38:56.485+0600][18.379s][info][gc,phases      ] GC(55)   Post Evacuate Collection Set: 0.36ms
[2026-04-03T06:38:56.485+0600][18.380s][info][gc,phases      ] GC(55)   Other: 0.10ms
[2026-04-03T06:38:56.485+0600][18.380s][info][gc,heap        ] GC(55) Eden regions: 48->0(48)
[2026-04-03T06:38:56.485+0600][18.380s][info][gc,heap        ] GC(55) Survivor regions: 1->1(7)
[2026-04-03T06:38:56.485+0600][18.380s][info][gc,heap        ] GC(55) Old regions: 11->11
[2026-04-03T06:38:56.485+0600][18.380s][info][gc,heap        ] GC(55) Humongous regions: 0->0
[2026-04-03T06:38:56.485+0600][18.380s][info][gc,metaspace   ] GC(55) Metaspace: 34643K(35456K)->34643K(35456K) NonClass: 31660K(32128K)->31660K(32128K) Class: 2983K(3328K)->2983K(3328K)
[2026-04-03T06:38:56.485+0600][18.380s][info][gc             ] GC(55) Pause Young (Normal) (G1 Evacuation Pause) 113M->17M(166M) 1.594ms
[2026-04-03T06:38:56.485+0600][18.380s][info][gc,cpu         ] GC(55) User=0.00s Sys=0.00s Real=0.01s
[2026-04-03T06:38:56.699+0600][18.594s][info][gc,start       ] GC(56) Pause Young (Normal) (G1 Evacuation Pause)
[2026-04-03T06:38:56.699+0600][18.594s][info][gc,task        ] GC(56) Using 10 workers of 10 for evacuation
[2026-04-03T06:38:56.701+0600][18.596s][info][gc,phases      ] GC(56)   Pre Evacuate Collection Set: 0.16ms
[2026-04-03T06:38:56.701+0600][18.596s][info][gc,phases      ] GC(56)   Merge Heap Roots: 0.14ms
[2026-04-03T06:38:56.701+0600][18.596s][info][gc,phases      ] GC(56)   Evacuate Collection Set: 1.18ms
[2026-04-03T06:38:56.701+0600][18.596s][info][gc,phases      ] GC(56)   Post Evacuate Collection Set: 0.40ms
[2026-04-03T06:38:56.701+0600][18.596s][info][gc,phases      ] GC(56)   Other: 0.09ms
[2026-04-03T06:38:56.701+0600][18.596s][info][gc,heap        ] GC(56) Eden regions: 48->0(48)
[2026-04-03T06:38:56.701+0600][18.596s][info][gc,heap        ] GC(56) Survivor regions: 1->1(7)
[2026-04-03T06:38:56.701+0600][18.596s][info][gc,heap        ] GC(56) Old regions: 11->11
[2026-04-03T06:38:56.701+0600][18.596s][info][gc,heap        ] GC(56) Humongous regions: 0->0
[2026-04-03T06:38:56.701+0600][18.596s][info][gc,metaspace   ] GC(56) Metaspace: 34646K(35456K)->34646K(35456K) NonClass: 31663K(32128K)->31663K(32128K) Class: 2983K(3328K)->2983K(3328K)
[2026-04-03T06:38:56.701+0600][18.596s][info][gc             ] GC(56) Pause Young (Normal) (G1 Evacuation Pause) 113M->17M(166M) 2.274ms
[2026-04-03T06:38:56.701+0600][18.596s][info][gc,cpu         ] GC(56) User=0.01s Sys=0.00s Real=0.00s
[2026-04-03T06:38:56.918+0600][18.812s][info][gc,start       ] GC(57) Pause Young (Normal) (G1 Evacuation Pause)
[2026-04-03T06:38:56.918+0600][18.813s][info][gc,task        ] GC(57) Using 10 workers of 10 for evacuation
[2026-04-03T06:38:56.919+0600][18.814s][info][gc,phases      ] GC(57)   Pre Evacuate Collection Set: 0.17ms
[2026-04-03T06:38:56.919+0600][18.814s][info][gc,phases      ] GC(57)   Merge Heap Roots: 0.12ms
[2026-04-03T06:38:56.919+0600][18.814s][info][gc,phases      ] GC(57)   Evacuate Collection Set: 0.45ms
[2026-04-03T06:38:56.919+0600][18.814s][info][gc,phases      ] GC(57)   Post Evacuate Collection Set: 0.36ms
[2026-04-03T06:38:56.919+0600][18.814s][info][gc,phases      ] GC(57)   Other: 0.10ms
[2026-04-03T06:38:56.919+0600][18.814s][info][gc,heap        ] GC(57) Eden regions: 48->0(48)
[2026-04-03T06:38:56.919+0600][18.814s][info][gc,heap        ] GC(57) Survivor regions: 1->1(7)
[2026-04-03T06:38:56.919+0600][18.814s][info][gc,heap        ] GC(57) Old regions: 11->11
[2026-04-03T06:38:56.919+0600][18.814s][info][gc,heap        ] GC(57) Humongous regions: 0->0
[2026-04-03T06:38:56.919+0600][18.814s][info][gc,metaspace   ] GC(57) Metaspace: 34646K(35456K)->34646K(35456K) NonClass: 31663K(32128K)->31663K(32128K) Class: 2983K(3328K)->2983K(3328K)
[2026-04-03T06:38:56.919+0600][18.814s][info][gc             ] GC(57) Pause Young (Normal) (G1 Evacuation Pause) 113M->17M(166M) 1.635ms
[2026-04-03T06:38:56.919+0600][18.814s][info][gc,cpu         ] GC(57) User=0.01s Sys=0.00s Real=0.00s
[2026-04-03T06:38:57.139+0600][19.034s][info][gc,start       ] GC(58) Pause Young (Normal) (G1 Evacuation Pause)
[2026-04-03T06:38:57.139+0600][19.034s][info][gc,task        ] GC(58) Using 10 workers of 10 for evacuation
[2026-04-03T06:38:57.140+0600][19.035s][info][gc,phases      ] GC(58)   Pre Evacuate Collection Set: 0.16ms
[2026-04-03T06:38:57.140+0600][19.035s][info][gc,phases      ] GC(58)   Merge Heap Roots: 0.11ms
[2026-04-03T06:38:57.140+0600][19.035s][info][gc,phases      ] GC(58)   Evacuate Collection Set: 0.44ms
[2026-04-03T06:38:57.140+0600][19.035s][info][gc,phases      ] GC(58)   Post Evacuate Collection Set: 0.36ms
[2026-04-03T06:38:57.140+0600][19.035s][info][gc,phases      ] GC(58)   Other: 0.10ms
[2026-04-03T06:38:57.140+0600][19.035s][info][gc,heap        ] GC(58) Eden regions: 48->0(48)
[2026-04-03T06:38:57.140+0600][19.035s][info][gc,heap        ] GC(58) Survivor regions: 1->1(7)
[2026-04-03T06:38:57.140+0600][19.035s][info][gc,heap        ] GC(58) Old regions: 11->11
[2026-04-03T06:38:57.140+0600][19.035s][info][gc,heap        ] GC(58) Humongous regions: 0->0
[2026-04-03T06:38:57.140+0600][19.035s][info][gc,metaspace   ] GC(58) Metaspace: 34649K(35456K)->34649K(35456K) NonClass: 31666K(32128K)->31666K(32128K) Class: 2983K(3328K)->2983K(3328K)
[2026-04-03T06:38:57.140+0600][19.035s][info][gc             ] GC(58) Pause Young (Normal) (G1 Evacuation Pause) 113M->17M(166M) 1.484ms
[2026-04-03T06:38:57.140+0600][19.035s][info][gc,cpu         ] GC(58) User=0.00s Sys=0.01s Real=0.00s
[2026-04-03T06:38:57.349+0600][19.244s][info][gc,start       ] GC(59) Pause Young (Normal) (G1 Evacuation Pause)
[2026-04-03T06:38:57.349+0600][19.244s][info][gc,task        ] GC(59) Using 10 workers of 10 for evacuation
[2026-04-03T06:38:57.350+0600][19.245s][info][gc,phases      ] GC(59)   Pre Evacuate Collection Set: 0.16ms
[2026-04-03T06:38:57.350+0600][19.245s][info][gc,phases      ] GC(59)   Merge Heap Roots: 0.12ms
[2026-04-03T06:38:57.351+0600][19.245s][info][gc,phases      ] GC(59)   Evacuate Collection Set: 0.42ms
[2026-04-03T06:38:57.351+0600][19.245s][info][gc,phases      ] GC(59)   Post Evacuate Collection Set: 0.46ms
[2026-04-03T06:38:57.351+0600][19.245s][info][gc,phases      ] GC(59)   Other: 0.11ms
[2026-04-03T06:38:57.351+0600][19.245s][info][gc,heap        ] GC(59) Eden regions: 48->0(48)
[2026-04-03T06:38:57.351+0600][19.245s][info][gc,heap        ] GC(59) Survivor regions: 1->1(7)
[2026-04-03T06:38:57.351+0600][19.245s][info][gc,heap        ] GC(59) Old regions: 11->11
[2026-04-03T06:38:57.351+0600][19.245s][info][gc,heap        ] GC(59) Humongous regions: 0->0
[2026-04-03T06:38:57.351+0600][19.245s][info][gc,metaspace   ] GC(59) Metaspace: 34657K(35456K)->34657K(35456K) NonClass: 31673K(32128K)->31673K(32128K) Class: 2983K(3328K)->2983K(3328K)
[2026-04-03T06:38:57.351+0600][19.245s][info][gc             ] GC(59) Pause Young (Normal) (G1 Evacuation Pause) 113M->17M(166M) 1.598ms
[2026-04-03T06:38:57.351+0600][19.245s][info][gc,cpu         ] GC(59) User=0.01s Sys=0.00s Real=0.00s
[2026-04-03T06:38:57.554+0600][19.448s][info][gc,start       ] GC(60) Pause Young (Normal) (G1 Evacuation Pause)
[2026-04-03T06:38:57.554+0600][19.448s][info][gc,task        ] GC(60) Using 10 workers of 10 for evacuation
[2026-04-03T06:38:57.555+0600][19.450s][info][gc,phases      ] GC(60)   Pre Evacuate Collection Set: 0.19ms
[2026-04-03T06:38:57.555+0600][19.450s][info][gc,phases      ] GC(60)   Merge Heap Roots: 0.14ms
[2026-04-03T06:38:57.555+0600][19.450s][info][gc,phases      ] GC(60)   Evacuate Collection Set: 0.54ms
[2026-04-03T06:38:57.555+0600][19.450s][info][gc,phases      ] GC(60)   Post Evacuate Collection Set: 0.38ms
[2026-04-03T06:38:57.555+0600][19.450s][info][gc,phases      ] GC(60)   Other: 0.14ms
[2026-04-03T06:38:57.555+0600][19.450s][info][gc,heap        ] GC(60) Eden regions: 48->0(48)
[2026-04-03T06:38:57.555+0600][19.450s][info][gc,heap        ] GC(60) Survivor regions: 1->1(7)
[2026-04-03T06:38:57.555+0600][19.450s][info][gc,heap        ] GC(60) Old regions: 11->11
[2026-04-03T06:38:57.555+0600][19.450s][info][gc,heap        ] GC(60) Humongous regions: 0->0
[2026-04-03T06:38:57.555+0600][19.450s][info][gc,metaspace   ] GC(60) Metaspace: 34657K(35456K)->34657K(35456K) NonClass: 31673K(32128K)->31673K(32128K) Class: 2983K(3328K)->2983K(3328K)
[2026-04-03T06:38:57.555+0600][19.450s][info][gc             ] GC(60) Pause Young (Normal) (G1 Evacuation Pause) 113M->17M(166M) 1.756ms
[2026-04-03T06:38:57.555+0600][19.450s][info][gc,cpu         ] GC(60) User=0.01s Sys=0.00s Real=0.00s
[2026-04-03T06:38:57.758+0600][19.653s][info][gc,start       ] GC(61) Pause Young (Normal) (G1 Evacuation Pause)
[2026-04-03T06:38:57.758+0600][19.653s][info][gc,task        ] GC(61) Using 10 workers of 10 for evacuation
[2026-04-03T06:38:57.761+0600][19.656s][info][gc,phases      ] GC(61)   Pre Evacuate Collection Set: 0.48ms
[2026-04-03T06:38:57.761+0600][19.656s][info][gc,phases      ] GC(61)   Merge Heap Roots: 0.36ms
[2026-04-03T06:38:57.761+0600][19.656s][info][gc,phases      ] GC(61)   Evacuate Collection Set: 0.80ms
[2026-04-03T06:38:57.761+0600][19.656s][info][gc,phases      ] GC(61)   Post Evacuate Collection Set: 1.01ms
[2026-04-03T06:38:57.761+0600][19.656s][info][gc,phases      ] GC(61)   Other: 0.24ms
[2026-04-03T06:38:57.761+0600][19.656s][info][gc,heap        ] GC(61) Eden regions: 48->0(48)
[2026-04-03T06:38:57.761+0600][19.656s][info][gc,heap        ] GC(61) Survivor regions: 1->1(7)
[2026-04-03T06:38:57.761+0600][19.656s][info][gc,heap        ] GC(61) Old regions: 11->11
[2026-04-03T06:38:57.762+0600][19.656s][info][gc,heap        ] GC(61) Humongous regions: 0->0
[2026-04-03T06:38:57.762+0600][19.656s][info][gc,metaspace   ] GC(61) Metaspace: 34661K(35456K)->34661K(35456K) NonClass: 31677K(32128K)->31677K(32128K) Class: 2983K(3328K)->2983K(3328K)
[2026-04-03T06:38:57.762+0600][19.656s][info][gc             ] GC(61) Pause Young (Normal) (G1 Evacuation Pause) 113M->17M(166M) 3.399ms
[2026-04-03T06:38:57.762+0600][19.656s][info][gc,cpu         ] GC(61) User=0.00s Sys=0.01s Real=0.00s
[2026-04-03T06:38:57.981+0600][19.876s][info][gc,start       ] GC(62) Pause Young (Normal) (G1 Evacuation Pause)
[2026-04-03T06:38:57.981+0600][19.876s][info][gc,task        ] GC(62) Using 10 workers of 10 for evacuation
[2026-04-03T06:38:57.983+0600][19.877s][info][gc,phases      ] GC(62)   Pre Evacuate Collection Set: 0.23ms
[2026-04-03T06:38:57.983+0600][19.878s][info][gc,phases      ] GC(62)   Merge Heap Roots: 0.16ms
[2026-04-03T06:38:57.983+0600][19.878s][info][gc,phases      ] GC(62)   Evacuate Collection Set: 0.68ms
[2026-04-03T06:38:57.983+0600][19.878s][info][gc,phases      ] GC(62)   Post Evacuate Collection Set: 0.49ms
[2026-04-03T06:38:57.983+0600][19.878s][info][gc,phases      ] GC(62)   Other: 0.12ms
[2026-04-03T06:38:57.983+0600][19.878s][info][gc,heap        ] GC(62) Eden regions: 48->0(48)
[2026-04-03T06:38:57.983+0600][19.878s][info][gc,heap        ] GC(62) Survivor regions: 1->1(7)
[2026-04-03T06:38:57.983+0600][19.878s][info][gc,heap        ] GC(62) Old regions: 11->11
[2026-04-03T06:38:57.983+0600][19.878s][info][gc,heap        ] GC(62) Humongous regions: 0->0
[2026-04-03T06:38:57.983+0600][19.878s][info][gc,metaspace   ] GC(62) Metaspace: 34662K(35456K)->34662K(35456K) NonClass: 31677K(32128K)->31677K(32128K) Class: 2984K(3328K)->2984K(3328K)
[2026-04-03T06:38:57.983+0600][19.878s][info][gc             ] GC(62) Pause Young (Normal) (G1 Evacuation Pause) 113M->17M(166M) 2.144ms
[2026-04-03T06:38:57.983+0600][19.878s][info][gc,cpu         ] GC(62) User=0.01s Sys=0.00s Real=0.00s
[2026-04-03T06:38:58.205+0600][20.100s][info][gc,start       ] GC(63) Pause Young (Normal) (G1 Evacuation Pause)
[2026-04-03T06:38:58.205+0600][20.100s][info][gc,task        ] GC(63) Using 10 workers of 10 for evacuation
[2026-04-03T06:38:58.206+0600][20.101s][info][gc,phases      ] GC(63)   Pre Evacuate Collection Set: 0.21ms
[2026-04-03T06:38:58.206+0600][20.101s][info][gc,phases      ] GC(63)   Merge Heap Roots: 0.15ms
[2026-04-03T06:38:58.206+0600][20.101s][info][gc,phases      ] GC(63)   Evacuate Collection Set: 0.49ms
[2026-04-03T06:38:58.206+0600][20.101s][info][gc,phases      ] GC(63)   Post Evacuate Collection Set: 0.41ms
[2026-04-03T06:38:58.206+0600][20.101s][info][gc,phases      ] GC(63)   Other: 0.11ms
[2026-04-03T06:38:58.206+0600][20.101s][info][gc,heap        ] GC(63) Eden regions: 48->0(48)
[2026-04-03T06:38:58.207+0600][20.101s][info][gc,heap        ] GC(63) Survivor regions: 1->1(7)
[2026-04-03T06:38:58.207+0600][20.101s][info][gc,heap        ] GC(63) Old regions: 11->11
[2026-04-03T06:38:58.207+0600][20.101s][info][gc,heap        ] GC(63) Humongous regions: 0->0
[2026-04-03T06:38:58.207+0600][20.101s][info][gc,metaspace   ] GC(63) Metaspace: 34662K(35456K)->34662K(35456K) NonClass: 31677K(32128K)->31677K(32128K) Class: 2984K(3328K)->2984K(3328K)
[2026-04-03T06:38:58.207+0600][20.101s][info][gc             ] GC(63) Pause Young (Normal) (G1 Evacuation Pause) 113M->17M(166M) 1.720ms
[2026-04-03T06:38:58.207+0600][20.101s][info][gc,cpu         ] GC(63) User=0.01s Sys=0.01s Real=0.00s
[2026-04-03T06:38:58.407+0600][20.302s][info][gc,start       ] GC(64) Pause Young (Normal) (G1 Evacuation Pause)
[2026-04-03T06:38:58.407+0600][20.302s][info][gc,task        ] GC(64) Using 10 workers of 10 for evacuation
[2026-04-03T06:38:58.409+0600][20.304s][info][gc,phases      ] GC(64)   Pre Evacuate Collection Set: 0.20ms
[2026-04-03T06:38:58.409+0600][20.304s][info][gc,phases      ] GC(64)   Merge Heap Roots: 0.10ms
[2026-04-03T06:38:58.409+0600][20.304s][info][gc,phases      ] GC(64)   Evacuate Collection Set: 0.54ms
[2026-04-03T06:38:58.409+0600][20.304s][info][gc,phases      ] GC(64)   Post Evacuate Collection Set: 0.38ms
[2026-04-03T06:38:58.409+0600][20.304s][info][gc,phases      ] GC(64)   Other: 0.10ms
[2026-04-03T06:38:58.409+0600][20.304s][info][gc,heap        ] GC(64) Eden regions: 48->0(48)
[2026-04-03T06:38:58.409+0600][20.304s][info][gc,heap        ] GC(64) Survivor regions: 1->1(7)
[2026-04-03T06:38:58.409+0600][20.304s][info][gc,heap        ] GC(64) Old regions: 11->11
[2026-04-03T06:38:58.409+0600][20.304s][info][gc,heap        ] GC(64) Humongous regions: 0->0
[2026-04-03T06:38:58.409+0600][20.304s][info][gc,metaspace   ] GC(64) Metaspace: 34662K(35456K)->34662K(35456K) NonClass: 31677K(32128K)->31677K(32128K) Class: 2984K(3328K)->2984K(3328K)
[2026-04-03T06:38:58.409+0600][20.304s][info][gc             ] GC(64) Pause Young (Normal) (G1 Evacuation Pause) 113M->17M(166M) 1.681ms
[2026-04-03T06:38:58.409+0600][20.304s][info][gc,cpu         ] GC(64) User=0.00s Sys=0.00s Real=0.00s
[2026-04-03T06:38:58.609+0600][20.504s][info][gc,start       ] GC(65) Pause Young (Normal) (G1 Evacuation Pause)
[2026-04-03T06:38:58.609+0600][20.504s][info][gc,task        ] GC(65) Using 10 workers of 10 for evacuation
[2026-04-03T06:38:58.610+0600][20.505s][info][gc,phases      ] GC(65)   Pre Evacuate Collection Set: 0.16ms
[2026-04-03T06:38:58.611+0600][20.505s][info][gc,phases      ] GC(65)   Merge Heap Roots: 0.11ms
[2026-04-03T06:38:58.611+0600][20.505s][info][gc,phases      ] GC(65)   Evacuate Collection Set: 0.51ms
[2026-04-03T06:38:58.611+0600][20.505s][info][gc,phases      ] GC(65)   Post Evacuate Collection Set: 0.38ms
[2026-04-03T06:38:58.611+0600][20.505s][info][gc,phases      ] GC(65)   Other: 0.11ms
[2026-04-03T06:38:58.611+0600][20.505s][info][gc,heap        ] GC(65) Eden regions: 48->0(48)
[2026-04-03T06:38:58.611+0600][20.505s][info][gc,heap        ] GC(65) Survivor regions: 1->1(7)
[2026-04-03T06:38:58.611+0600][20.505s][info][gc,heap        ] GC(65) Old regions: 11->11
[2026-04-03T06:38:58.611+0600][20.505s][info][gc,heap        ] GC(65) Humongous regions: 0->0
[2026-04-03T06:38:58.611+0600][20.505s][info][gc,metaspace   ] GC(65) Metaspace: 34662K(35456K)->34662K(35456K) NonClass: 31677K(32128K)->31677K(32128K) Class: 2984K(3328K)->2984K(3328K)
[2026-04-03T06:38:58.611+0600][20.506s][info][gc             ] GC(65) Pause Young (Normal) (G1 Evacuation Pause) 113M->17M(166M) 1.658ms
[2026-04-03T06:38:58.611+0600][20.506s][info][gc,cpu         ] GC(65) User=0.00s Sys=0.00s Real=0.00s
[2026-04-03T06:38:58.817+0600][20.711s][info][gc,start       ] GC(66) Pause Young (Normal) (G1 Evacuation Pause)
[2026-04-03T06:38:58.817+0600][20.712s][info][gc,task        ] GC(66) Using 10 workers of 10 for evacuation
[2026-04-03T06:38:58.818+0600][20.713s][info][gc,phases      ] GC(66)   Pre Evacuate Collection Set: 0.22ms
[2026-04-03T06:38:58.818+0600][20.713s][info][gc,phases      ] GC(66)   Merge Heap Roots: 0.18ms
[2026-04-03T06:38:58.818+0600][20.713s][info][gc,phases      ] GC(66)   Evacuate Collection Set: 0.63ms
[2026-04-03T06:38:58.818+0600][20.713s][info][gc,phases      ] GC(66)   Post Evacuate Collection Set: 0.42ms
[2026-04-03T06:38:58.818+0600][20.713s][info][gc,phases      ] GC(66)   Other: 0.13ms
[2026-04-03T06:38:58.818+0600][20.713s][info][gc,heap        ] GC(66) Eden regions: 48->0(48)
[2026-04-03T06:38:58.818+0600][20.713s][info][gc,heap        ] GC(66) Survivor regions: 1->1(7)
[2026-04-03T06:38:58.818+0600][20.713s][info][gc,heap        ] GC(66) Old regions: 11->11
[2026-04-03T06:38:58.818+0600][20.713s][info][gc,heap        ] GC(66) Humongous regions: 0->0
[2026-04-03T06:38:58.819+0600][20.713s][info][gc,metaspace   ] GC(66) Metaspace: 34662K(35456K)->34662K(35456K) NonClass: 31677K(32128K)->31677K(32128K) Class: 2984K(3328K)->2984K(3328K)
[2026-04-03T06:38:58.819+0600][20.713s][info][gc             ] GC(66) Pause Young (Normal) (G1 Evacuation Pause) 113M->17M(166M) 1.959ms
[2026-04-03T06:38:58.819+0600][20.713s][info][gc,cpu         ] GC(66) User=0.01s Sys=0.00s Real=0.00s
[2026-04-03T06:38:59.023+0600][20.918s][info][gc,start       ] GC(67) Pause Young (Normal) (G1 Evacuation Pause)
[2026-04-03T06:38:59.024+0600][20.918s][info][gc,task        ] GC(67) Using 10 workers of 10 for evacuation
[2026-04-03T06:38:59.025+0600][20.920s][info][gc,phases      ] GC(67)   Pre Evacuate Collection Set: 0.18ms
[2026-04-03T06:38:59.025+0600][20.920s][info][gc,phases      ] GC(67)   Merge Heap Roots: 0.12ms
[2026-04-03T06:38:59.025+0600][20.920s][info][gc,phases      ] GC(67)   Evacuate Collection Set: 0.58ms
[2026-04-03T06:38:59.025+0600][20.920s][info][gc,phases      ] GC(67)   Post Evacuate Collection Set: 0.35ms
[2026-04-03T06:38:59.025+0600][20.920s][info][gc,phases      ] GC(67)   Other: 0.10ms
[2026-04-03T06:38:59.025+0600][20.920s][info][gc,heap        ] GC(67) Eden regions: 48->0(48)
[2026-04-03T06:38:59.025+0600][20.920s][info][gc,heap        ] GC(67) Survivor regions: 1->1(7)
[2026-04-03T06:38:59.025+0600][20.920s][info][gc,heap        ] GC(67) Old regions: 11->11
[2026-04-03T06:38:59.025+0600][20.920s][info][gc,heap        ] GC(67) Humongous regions: 0->0
[2026-04-03T06:38:59.025+0600][20.920s][info][gc,metaspace   ] GC(67) Metaspace: 34662K(35456K)->34662K(35456K) NonClass: 31677K(32128K)->31677K(32128K) Class: 2984K(3328K)->2984K(3328K)
[2026-04-03T06:38:59.025+0600][20.920s][info][gc             ] GC(67) Pause Young (Normal) (G1 Evacuation Pause) 113M->17M(166M) 1.674ms
[2026-04-03T06:38:59.025+0600][20.920s][info][gc,cpu         ] GC(67) User=0.01s Sys=0.00s Real=0.00s
[2026-04-03T06:38:59.225+0600][21.120s][info][gc,start       ] GC(68) Pause Young (Normal) (G1 Evacuation Pause)
[2026-04-03T06:38:59.226+0600][21.120s][info][gc,task        ] GC(68) Using 10 workers of 10 for evacuation
[2026-04-03T06:38:59.227+0600][21.122s][info][gc,phases      ] GC(68)   Pre Evacuate Collection Set: 0.17ms
[2026-04-03T06:38:59.227+0600][21.122s][info][gc,phases      ] GC(68)   Merge Heap Roots: 0.12ms
[2026-04-03T06:38:59.227+0600][21.122s][info][gc,phases      ] GC(68)   Evacuate Collection Set: 0.49ms
[2026-04-03T06:38:59.227+0600][21.122s][info][gc,phases      ] GC(68)   Post Evacuate Collection Set: 0.39ms
[2026-04-03T06:38:59.227+0600][21.122s][info][gc,phases      ] GC(68)   Other: 0.09ms
[2026-04-03T06:38:59.227+0600][21.122s][info][gc,heap        ] GC(68) Eden regions: 48->0(48)
[2026-04-03T06:38:59.227+0600][21.122s][info][gc,heap        ] GC(68) Survivor regions: 1->1(7)
[2026-04-03T06:38:59.227+0600][21.122s][info][gc,heap        ] GC(68) Old regions: 11->11
[2026-04-03T06:38:59.227+0600][21.122s][info][gc,heap        ] GC(68) Humongous regions: 0->0
[2026-04-03T06:38:59.227+0600][21.122s][info][gc,metaspace   ] GC(68) Metaspace: 34662K(35456K)->34662K(35456K) NonClass: 31677K(32128K)->31677K(32128K) Class: 2984K(3328K)->2984K(3328K)
[2026-04-03T06:38:59.227+0600][21.122s][info][gc             ] GC(68) Pause Young (Normal) (G1 Evacuation Pause) 113M->17M(166M) 1.643ms
[2026-04-03T06:38:59.227+0600][21.122s][info][gc,cpu         ] GC(68) User=0.01s Sys=0.01s Real=0.00s
[2026-04-03T06:38:59.424+0600][21.319s][info][gc,start       ] GC(69) Pause Young (Normal) (G1 Evacuation Pause)
[2026-04-03T06:38:59.424+0600][21.319s][info][gc,task        ] GC(69) Using 10 workers of 10 for evacuation
[2026-04-03T06:38:59.425+0600][21.320s][info][gc,phases      ] GC(69)   Pre Evacuate Collection Set: 0.15ms
[2026-04-03T06:38:59.425+0600][21.320s][info][gc,phases      ] GC(69)   Merge Heap Roots: 0.09ms
[2026-04-03T06:38:59.426+0600][21.320s][info][gc,phases      ] GC(69)   Evacuate Collection Set: 0.48ms
[2026-04-03T06:38:59.426+0600][21.320s][info][gc,phases      ] GC(69)   Post Evacuate Collection Set: 0.29ms
[2026-04-03T06:38:59.426+0600][21.320s][info][gc,phases      ] GC(69)   Other: 0.08ms
[2026-04-03T06:38:59.426+0600][21.320s][info][gc,heap        ] GC(69) Eden regions: 48->0(48)
[2026-04-03T06:38:59.426+0600][21.320s][info][gc,heap        ] GC(69) Survivor regions: 1->1(7)
[2026-04-03T06:38:59.426+0600][21.320s][info][gc,heap        ] GC(69) Old regions: 11->11
[2026-04-03T06:38:59.426+0600][21.320s][info][gc,heap        ] GC(69) Humongous regions: 0->0
[2026-04-03T06:38:59.426+0600][21.320s][info][gc,metaspace   ] GC(69) Metaspace: 34664K(35456K)->34664K(35456K) NonClass: 31679K(32128K)->31679K(32128K) Class: 2984K(3328K)->2984K(3328K)
[2026-04-03T06:38:59.426+0600][21.320s][info][gc             ] GC(69) Pause Young (Normal) (G1 Evacuation Pause) 113M->17M(166M) 1.338ms
[2026-04-03T06:38:59.426+0600][21.320s][info][gc,cpu         ] GC(69) User=0.01s Sys=0.01s Real=0.00s
[2026-04-03T06:38:59.627+0600][21.522s][info][gc,start       ] GC(70) Pause Young (Normal) (G1 Evacuation Pause)
[2026-04-03T06:38:59.627+0600][21.522s][info][gc,task        ] GC(70) Using 10 workers of 10 for evacuation
[2026-04-03T06:38:59.629+0600][21.523s][info][gc,phases      ] GC(70)   Pre Evacuate Collection Set: 0.18ms
[2026-04-03T06:38:59.629+0600][21.524s][info][gc,phases      ] GC(70)   Merge Heap Roots: 0.13ms
[2026-04-03T06:38:59.629+0600][21.524s][info][gc,phases      ] GC(70)   Evacuate Collection Set: 0.48ms
[2026-04-03T06:38:59.629+0600][21.524s][info][gc,phases      ] GC(70)   Post Evacuate Collection Set: 0.31ms
[2026-04-03T06:38:59.629+0600][21.524s][info][gc,phases      ] GC(70)   Other: 0.09ms
[2026-04-03T06:38:59.629+0600][21.524s][info][gc,heap        ] GC(70) Eden regions: 48->0(48)
[2026-04-03T06:38:59.629+0600][21.524s][info][gc,heap        ] GC(70) Survivor regions: 1->1(7)
[2026-04-03T06:38:59.629+0600][21.524s][info][gc,heap        ] GC(70) Old regions: 11->11
[2026-04-03T06:38:59.629+0600][21.524s][info][gc,heap        ] GC(70) Humongous regions: 0->0
[2026-04-03T06:38:59.629+0600][21.524s][info][gc,metaspace   ] GC(70) Metaspace: 34664K(35456K)->34664K(35456K) NonClass: 31679K(32128K)->31679K(32128K) Class: 2984K(3328K)->2984K(3328K)
[2026-04-03T06:38:59.629+0600][21.524s][info][gc             ] GC(70) Pause Young (Normal) (G1 Evacuation Pause) 113M->17M(166M) 1.475ms
[2026-04-03T06:38:59.629+0600][21.524s][info][gc,cpu         ] GC(70) User=0.01s Sys=0.00s Real=0.00s
[2026-04-03T06:38:59.825+0600][21.720s][info][gc,start       ] GC(71) Pause Young (Normal) (G1 Evacuation Pause)
[2026-04-03T06:38:59.826+0600][21.720s][info][gc,task        ] GC(71) Using 10 workers of 10 for evacuation
[2026-04-03T06:38:59.826+0600][21.721s][info][gc,phases      ] GC(71)   Pre Evacuate Collection Set: 0.14ms
[2026-04-03T06:38:59.826+0600][21.721s][info][gc,phases      ] GC(71)   Merge Heap Roots: 0.08ms
[2026-04-03T06:38:59.826+0600][21.721s][info][gc,phases      ] GC(71)   Evacuate Collection Set: 0.37ms
[2026-04-03T06:38:59.827+0600][21.721s][info][gc,phases      ] GC(71)   Post Evacuate Collection Set: 0.28ms
[2026-04-03T06:38:59.827+0600][21.721s][info][gc,phases      ] GC(71)   Other: 0.07ms
[2026-04-03T06:38:59.827+0600][21.721s][info][gc,heap        ] GC(71) Eden regions: 48->0(48)
[2026-04-03T06:38:59.827+0600][21.721s][info][gc,heap        ] GC(71) Survivor regions: 1->1(7)
[2026-04-03T06:38:59.827+0600][21.721s][info][gc,heap        ] GC(71) Old regions: 11->11
[2026-04-03T06:38:59.827+0600][21.721s][info][gc,heap        ] GC(71) Humongous regions: 0->0
[2026-04-03T06:38:59.827+0600][21.721s][info][gc,metaspace   ] GC(71) Metaspace: 34664K(35456K)->34664K(35456K) NonClass: 31679K(32128K)->31679K(32128K) Class: 2984K(3328K)->2984K(3328K)
[2026-04-03T06:38:59.827+0600][21.721s][info][gc             ] GC(71) Pause Young (Normal) (G1 Evacuation Pause) 113M->17M(166M) 1.136ms
[2026-04-03T06:38:59.827+0600][21.721s][info][gc,cpu         ] GC(71) User=0.00s Sys=0.00s Real=0.00s
[2026-04-03T06:39:00.034+0600][21.928s][info][gc,start       ] GC(72) Pause Young (Normal) (G1 Evacuation Pause)
[2026-04-03T06:39:00.034+0600][21.928s][info][gc,task        ] GC(72) Using 10 workers of 10 for evacuation
[2026-04-03T06:39:00.035+0600][21.930s][info][gc,phases      ] GC(72)   Pre Evacuate Collection Set: 0.24ms
[2026-04-03T06:39:00.035+0600][21.930s][info][gc,phases      ] GC(72)   Merge Heap Roots: 0.09ms
[2026-04-03T06:39:00.035+0600][21.930s][info][gc,phases      ] GC(72)   Evacuate Collection Set: 0.53ms
[2026-04-03T06:39:00.035+0600][21.930s][info][gc,phases      ] GC(72)   Post Evacuate Collection Set: 0.34ms
[2026-04-03T06:39:00.035+0600][21.930s][info][gc,phases      ] GC(72)   Other: 0.10ms
[2026-04-03T06:39:00.035+0600][21.930s][info][gc,heap        ] GC(72) Eden regions: 48->0(48)
[2026-04-03T06:39:00.035+0600][21.930s][info][gc,heap        ] GC(72) Survivor regions: 1->1(7)
[2026-04-03T06:39:00.035+0600][21.930s][info][gc,heap        ] GC(72) Old regions: 11->11
[2026-04-03T06:39:00.035+0600][21.930s][info][gc,heap        ] GC(72) Humongous regions: 0->0
[2026-04-03T06:39:00.035+0600][21.930s][info][gc,metaspace   ] GC(72) Metaspace: 34664K(35456K)->34664K(35456K) NonClass: 31679K(32128K)->31679K(32128K) Class: 2984K(3328K)->2984K(3328K)
[2026-04-03T06:39:00.035+0600][21.930s][info][gc             ] GC(72) Pause Young (Normal) (G1 Evacuation Pause) 113M->17M(166M) 1.613ms
[2026-04-03T06:39:00.035+0600][21.930s][info][gc,cpu         ] GC(72) User=0.00s Sys=0.00s Real=0.00s
[2026-04-03T06:39:00.233+0600][22.128s][info][gc,start       ] GC(73) Pause Young (Normal) (G1 Evacuation Pause)
[2026-04-03T06:39:00.233+0600][22.128s][info][gc,task        ] GC(73) Using 10 workers of 10 for evacuation
[2026-04-03T06:39:00.235+0600][22.129s][info][gc,phases      ] GC(73)   Pre Evacuate Collection Set: 0.16ms
[2026-04-03T06:39:00.235+0600][22.129s][info][gc,phases      ] GC(73)   Merge Heap Roots: 0.10ms
[2026-04-03T06:39:00.235+0600][22.129s][info][gc,phases      ] GC(73)   Evacuate Collection Set: 0.54ms
[2026-04-03T06:39:00.235+0600][22.129s][info][gc,phases      ] GC(73)   Post Evacuate Collection Set: 0.36ms
[2026-04-03T06:39:00.235+0600][22.129s][info][gc,phases      ] GC(73)   Other: 0.08ms
[2026-04-03T06:39:00.235+0600][22.130s][info][gc,heap        ] GC(73) Eden regions: 48->0(48)
[2026-04-03T06:39:00.235+0600][22.130s][info][gc,heap        ] GC(73) Survivor regions: 1->1(7)
[2026-04-03T06:39:00.235+0600][22.130s][info][gc,heap        ] GC(73) Old regions: 11->11
[2026-04-03T06:39:00.235+0600][22.130s][info][gc,heap        ] GC(73) Humongous regions: 0->0
[2026-04-03T06:39:00.235+0600][22.130s][info][gc,metaspace   ] GC(73) Metaspace: 34664K(35456K)->34664K(35456K) NonClass: 31679K(32128K)->31679K(32128K) Class: 2984K(3328K)->2984K(3328K)
[2026-04-03T06:39:00.235+0600][22.130s][info][gc             ] GC(73) Pause Young (Normal) (G1 Evacuation Pause) 113M->17M(166M) 1.542ms
[2026-04-03T06:39:00.235+0600][22.130s][info][gc,cpu         ] GC(73) User=0.00s Sys=0.00s Real=0.00s
[2026-04-03T06:39:00.600+0600][22.495s][info][gc,heap,exit   ] Heap
[2026-04-03T06:39:00.600+0600][22.495s][info][gc,heap,exit   ]  garbage-first heap   total 169984K, used 107175K [0x000000070ae00000, 0x0000000800000000)
[2026-04-03T06:39:00.600+0600][22.495s][info][gc,heap,exit   ]   region size 2048K, 45 young (92160K), 1 survivors (2048K)
[2026-04-03T06:39:00.600+0600][22.495s][info][gc,heap,exit   ]  Metaspace       used 34824K, committed 35584K, reserved 1114112K
[2026-04-03T06:39:00.600+0600][22.495s][info][gc,heap,exit   ]   class space    used 2996K, committed 3328K, reserved 1048576K
