[2026-04-03T06:38:15.695+0600][0.007s][info][gc,init] Initializing The Z Garbage Collector
[2026-04-03T06:38:15.695+0600][0.007s][info][gc,init] Version: 21.0.10+7-Ubuntu-124.04 (release)
[2026-04-03T06:38:15.695+0600][0.007s][info][gc,init] NUMA Support: Disabled
[2026-04-03T06:38:15.695+0600][0.007s][info][gc,init] CPUs: 12 total, 12 available
[2026-04-03T06:38:15.695+0600][0.008s][info][gc,init] Memory: 15683M
[2026-04-03T06:38:15.695+0600][0.008s][info][gc,init] Large Page Support: Disabled
[2026-04-03T06:38:15.695+0600][0.008s][info][gc,init] Address Space Type: Contiguous/Unrestricted/Complete
[2026-04-03T06:38:15.695+0600][0.008s][info][gc,init] Address Space Size: 62752M
[2026-04-03T06:38:15.696+0600][0.008s][info][gc,init] Heap Backing File: /memfd:java_heap
[2026-04-03T06:38:15.696+0600][0.008s][info][gc,init] Heap Backing Filesystem: tmpfs (0x1021994)
[2026-04-03T06:38:15.696+0600][0.009s][info][gc,init] Min Capacity: 8M
[2026-04-03T06:38:15.696+0600][0.009s][info][gc,init] Initial Capacity: 246M
[2026-04-03T06:38:15.696+0600][0.009s][info][gc,init] Max Capacity: 3922M
[2026-04-03T06:38:15.696+0600][0.009s][info][gc,init] Soft Max Capacity: 3529M
[2026-04-03T06:38:15.696+0600][0.009s][info][gc,init] Medium Page Size: 32M
[2026-04-03T06:38:15.696+0600][0.009s][info][gc,init] Pre-touch: Disabled
[2026-04-03T06:38:15.697+0600][0.009s][info][gc,init] Available space on backing filesystem: N/A
[2026-04-03T06:38:15.698+0600][0.010s][info][gc,init] Uncommit: Enabled
[2026-04-03T06:38:15.698+0600][0.010s][info][gc,init] Uncommit Delay: 300s
[2026-04-03T06:38:15.698+0600][0.010s][info][gc,init] GC Workers for Old Generation: 3 (dynamic)
[2026-04-03T06:38:15.699+0600][0.011s][info][gc,init] GC Workers for Young Generation: 3 (dynamic)
[2026-04-03T06:38:15.788+0600][0.101s][info][gc,init] GC Workers Max: 3 (dynamic)
[2026-04-03T06:38:15.789+0600][0.101s][info][gc,init] Runtime Workers: 8
[2026-04-03T06:38:15.790+0600][0.102s][info][gc     ] Using The Z Garbage Collector
[2026-04-03T06:38:15.801+0600][0.113s][info][gc,metaspace] CDS archive(s) mapped at: [0x00007a80af000000-0x00007a80afc9c000-0x00007a80afc9c000), size 13221888, SharedBaseAddress: 0x00007a80af000000, ArchiveRelocationMode: 1.
[2026-04-03T06:38:15.801+0600][0.113s][info][gc,metaspace] Compressed class space mapped at: 0x00007a80b0000000-0x00007a80f0000000, reserved size: 1073741824
[2026-04-03T06:38:15.801+0600][0.113s][info][gc,metaspace] Narrow klass base: 0x00007a80af000000, Narrow klass shift: 0, Narrow klass range: 0x100000000
[2026-04-03T06:38:18.361+0600][2.673s][info][gc          ] GC(0) Major Collection (System.gc())
[2026-04-03T06:38:18.361+0600][2.673s][info][gc,task     ] GC(0) Using 3 Workers for Young Generation
[2026-04-03T06:38:18.361+0600][2.673s][info][gc,task     ] GC(0) Using 3 Workers for Old Generation
[2026-04-03T06:38:18.361+0600][2.673s][info][gc,phases   ] GC(0) Y: Young Generation (Promote All)
[2026-04-03T06:38:18.361+0600][2.673s][info][gc,phases   ] GC(0) Y: Pause Mark Start 0.020ms
[2026-04-03T06:38:18.379+0600][2.691s][info][gc,phases   ] GC(0) Y: Concurrent Mark 18.008ms
[2026-04-03T06:38:18.379+0600][2.691s][info][gc,phases   ] GC(0) Y: Pause Mark End 0.025ms
[2026-04-03T06:38:18.379+0600][2.691s][info][gc,phases   ] GC(0) Y: Concurrent Mark Free 0.001ms
[2026-04-03T06:38:18.379+0600][2.692s][info][gc,phases   ] GC(0) Y: Concurrent Reset Relocation Set 0.000ms
[2026-04-03T06:38:18.386+0600][2.698s][info][gc,reloc    ] GC(0) Y: Using tenuring threshold: 0 (Promote All)
[2026-04-03T06:38:18.393+0600][2.705s][info][gc,phases   ] GC(0) Y: Concurrent Select Relocation Set 13.625ms
[2026-04-03T06:38:18.393+0600][2.705s][info][gc,phases   ] GC(0) Y: Pause Relocate Start 0.016ms
[2026-04-03T06:38:18.410+0600][2.722s][info][gc,phases   ] GC(0) Y: Concurrent Relocate 16.937ms
[2026-04-03T06:38:18.410+0600][2.722s][info][gc,alloc    ] GC(0) Y:                         Mark Start        Mark End      Relocate Start    Relocate End   
[2026-04-03T06:38:18.410+0600][2.722s][info][gc,alloc    ] GC(0) Y: Allocation Stalls:          0                0                0                0         
[2026-04-03T06:38:18.410+0600][2.722s][info][gc,load     ] GC(0) Y: Load: 11.33 (94%) / 7.94 (66%) / 5.71 (48%)
[2026-04-03T06:38:18.410+0600][2.722s][info][gc,mmu      ] GC(0) Y: MMU: 2ms/98.8%, 5ms/99.5%, 10ms/99.8%, 20ms/99.8%, 50ms/99.9%, 100ms/99.9%
[2026-04-03T06:38:18.410+0600][2.722s][info][gc,marking  ] GC(0) Y: Mark: 2 stripe(s), 2 proactive flush(es), 1 terminate flush(es), 0 completion(s), 0 continuation(s) 
[2026-04-03T06:38:18.410+0600][2.722s][info][gc,marking  ] GC(0) Y: Mark Stack Usage: 32M
[2026-04-03T06:38:18.410+0600][2.722s][info][gc,nmethod  ] GC(0) Y: NMethods: 3208 registered, 0 unregistered
[2026-04-03T06:38:18.410+0600][2.722s][info][gc,metaspace] GC(0) Y: Metaspace: 15M used, 15M committed, 1088M reserved
[2026-04-03T06:38:18.410+0600][2.722s][info][gc,reloc    ] GC(0) Y:                        Candidates     Selected     In-Place         Size        Empty    Relocated 
[2026-04-03T06:38:18.410+0600][2.722s][info][gc,reloc    ] GC(0) Y: Small Pages:                   96           89            0         192M           0M           9M 
[2026-04-03T06:38:18.410+0600][2.722s][info][gc,reloc    ] GC(0) Y: Medium Pages:                   0            0            0           0M           0M           0M 
[2026-04-03T06:38:18.410+0600][2.722s][info][gc,reloc    ] GC(0) Y: Large Pages:                    0            0            0           0M           0M           0M 
[2026-04-03T06:38:18.410+0600][2.723s][info][gc,reloc    ] GC(0) Y: Forwarding Usage: 4M
[2026-04-03T06:38:18.410+0600][2.723s][info][gc,reloc    ] GC(0) Y: Age Table:
[2026-04-03T06:38:18.410+0600][2.723s][info][gc,reloc    ] GC(0) Y:                    Live             Garbage             Small              Medium             Large        
[2026-04-03T06:38:18.410+0600][2.723s][info][gc,reloc    ] GC(0) Y: Eden              12M (0%)          179M (5%)          96 / 89             0 / 0              0 / 0        
[2026-04-03T06:38:18.410+0600][2.723s][info][gc,heap     ] GC(0) Y: Min Capacity: 8M(0%)
[2026-04-03T06:38:18.410+0600][2.723s][info][gc,heap     ] GC(0) Y: Max Capacity: 3922M(100%)
[2026-04-03T06:38:18.410+0600][2.723s][info][gc,heap     ] GC(0) Y: Soft Max Capacity: 3529M(90%)
[2026-04-03T06:38:18.410+0600][2.723s][info][gc,heap     ] GC(0) Y: Heap Statistics:
[2026-04-03T06:38:18.410+0600][2.723s][info][gc,heap     ] GC(0) Y:                Mark Start          Mark End        Relocate Start      Relocate End           High               Low         
[2026-04-03T06:38:18.410+0600][2.723s][info][gc,heap     ] GC(0) Y:  Capacity:      246M (6%)          246M (6%)          246M (6%)          246M (6%)          246M (6%)          246M (6%)     
[2026-04-03T06:38:18.410+0600][2.723s][info][gc,heap     ] GC(0) Y:      Free:     3730M (95%)        3730M (95%)        3730M (95%)        3906M (100%)       3906M (100%)       3726M (95%)    
[2026-04-03T06:38:18.410+0600][2.723s][info][gc,heap     ] GC(0) Y:      Used:      192M (5%)          192M (5%)          192M (5%)           16M (0%)          196M (5%)           16M (0%)     
[2026-04-03T06:38:18.410+0600][2.723s][info][gc,heap     ] GC(0) Y: Young Generation Statistics:
[2026-04-03T06:38:18.410+0600][2.723s][info][gc,heap     ] GC(0) Y:                Mark Start          Mark End        Relocate Start      Relocate End    
[2026-04-03T06:38:18.410+0600][2.723s][info][gc,heap     ] GC(0) Y:      Used:      192M (5%)          192M (5%)          192M (5%)            0M (0%)     
[2026-04-03T06:38:18.410+0600][2.723s][info][gc,heap     ] GC(0) Y:      Live:         -                12M (0%)           12M (0%)            0M (0%)     
[2026-04-03T06:38:18.410+0600][2.723s][info][gc,heap     ] GC(0) Y:   Garbage:         -               179M (5%)          179M (5%)            0M (0%)     
[2026-04-03T06:38:18.410+0600][2.723s][info][gc,heap     ] GC(0) Y: Allocated:         -                 0M (0%)            0M (0%)            0M (0%)     
[2026-04-03T06:38:18.410+0600][2.723s][info][gc,heap     ] GC(0) Y: Reclaimed:         -                  -                 0M (0%)          179M (5%)     
[2026-04-03T06:38:18.410+0600][2.723s][info][gc,heap     ] GC(0) Y:  Promoted:         -                  -                 0M (0%)           12M (0%)     
[2026-04-03T06:38:18.410+0600][2.723s][info][gc,heap     ] GC(0) Y: Compacted:         -                  -                  -                 0M (0%)     
[2026-04-03T06:38:18.410+0600][2.723s][info][gc,phases   ] GC(0) Y: Young Generation (Promote All) 192M(5%)->16M(0%) 0.050s
[2026-04-03T06:38:18.411+0600][2.723s][info][gc,phases   ] GC(0) Y: Young Generation (Collect Roots)
[2026-04-03T06:38:18.411+0600][2.723s][info][gc,phases   ] GC(0) Y: Pause Mark Start (Major) 0.017ms
[2026-04-03T06:38:18.419+0600][2.731s][info][gc,phases   ] GC(0) Y: Concurrent Mark 8.415ms
[2026-04-03T06:38:18.419+0600][2.731s][info][gc,phases   ] GC(0) Y: Pause Mark End 0.020ms
[2026-04-03T06:38:18.419+0600][2.732s][info][gc,phases   ] GC(0) Y: Concurrent Mark Free 0.179ms
[2026-04-03T06:38:18.419+0600][2.732s][info][gc,phases   ] GC(0) Y: Concurrent Reset Relocation Set 0.017ms
[2026-04-03T06:38:18.421+0600][2.733s][info][gc,reloc    ] GC(0) Y: Using tenuring threshold: 0 (Computed)
[2026-04-03T06:38:18.421+0600][2.733s][info][gc,phases   ] GC(0) Y: Concurrent Select Relocation Set 1.484ms
[2026-04-03T06:38:18.421+0600][2.733s][info][gc,phases   ] GC(0) Y: Pause Relocate Start 0.016ms
[2026-04-03T06:38:18.421+0600][2.733s][info][gc,phases   ] GC(0) Y: Concurrent Relocate 0.056ms
[2026-04-03T06:38:18.421+0600][2.733s][info][gc,alloc    ] GC(0) Y:                         Mark Start        Mark End      Relocate Start    Relocate End   
[2026-04-03T06:38:18.421+0600][2.733s][info][gc,alloc    ] GC(0) Y: Allocation Stalls:          0                0                0                0         
[2026-04-03T06:38:18.421+0600][2.733s][info][gc,load     ] GC(0) Y: Load: 11.33 (94%) / 7.94 (66%) / 5.71 (48%)
[2026-04-03T06:38:18.421+0600][2.733s][info][gc,mmu      ] GC(0) Y: MMU: 2ms/98.2%, 5ms/99.3%, 10ms/99.6%, 20ms/99.7%, 50ms/99.8%, 100ms/99.9%
[2026-04-03T06:38:18.421+0600][2.733s][info][gc,marking  ] GC(0) Y: Mark: 2 stripe(s), 1 proactive flush(es), 1 terminate flush(es), 0 completion(s), 0 continuation(s) 
[2026-04-03T06:38:18.421+0600][2.733s][info][gc,marking  ] GC(0) Y: Mark Stack Usage: 0M
[2026-04-03T06:38:18.421+0600][2.733s][info][gc,nmethod  ] GC(0) Y: NMethods: 3208 registered, 0 unregistered
[2026-04-03T06:38:18.421+0600][2.733s][info][gc,metaspace] GC(0) Y: Metaspace: 15M used, 15M committed, 1088M reserved
[2026-04-03T06:38:18.421+0600][2.733s][info][gc,heap     ] GC(0) Y: Min Capacity: 8M(0%)
[2026-04-03T06:38:18.421+0600][2.733s][info][gc,heap     ] GC(0) Y: Max Capacity: 3922M(100%)
[2026-04-03T06:38:18.421+0600][2.733s][info][gc,heap     ] GC(0) Y: Soft Max Capacity: 3529M(90%)
[2026-04-03T06:38:18.421+0600][2.733s][info][gc,heap     ] GC(0) Y: Heap Statistics:
[2026-04-03T06:38:18.421+0600][2.733s][info][gc,heap     ] GC(0) Y:                Mark Start          Mark End        Relocate Start      Relocate End           High               Low         
[2026-04-03T06:38:18.421+0600][2.733s][info][gc,heap     ] GC(0) Y:  Capacity:      246M (6%)          246M (6%)          246M (6%)          246M (6%)          246M (6%)          246M (6%)     
[2026-04-03T06:38:18.421+0600][2.733s][info][gc,heap     ] GC(0) Y:      Free:     3906M (100%)       3906M (100%)       3906M (100%)       3906M (100%)       3906M (100%)       3906M (100%)   
[2026-04-03T06:38:18.421+0600][2.733s][info][gc,heap     ] GC(0) Y:      Used:       16M (0%)           16M (0%)           16M (0%)           16M (0%)           16M (0%)           16M (0%)     
[2026-04-03T06:38:18.421+0600][2.733s][info][gc,heap     ] GC(0) Y: Young Generation Statistics:
[2026-04-03T06:38:18.421+0600][2.733s][info][gc,heap     ] GC(0) Y:                Mark Start          Mark End        Relocate Start      Relocate End    
[2026-04-03T06:38:18.421+0600][2.733s][info][gc,heap     ] GC(0) Y:      Used:        0M (0%)            0M (0%)            0M (0%)            0M (0%)     
[2026-04-03T06:38:18.421+0600][2.733s][info][gc,heap     ] GC(0) Y:      Live:         -                 0M (0%)            0M (0%)            0M (0%)     
[2026-04-03T06:38:18.421+0600][2.733s][info][gc,heap     ] GC(0) Y:   Garbage:         -                 0M (0%)            0M (0%)            0M (0%)     
[2026-04-03T06:38:18.421+0600][2.733s][info][gc,heap     ] GC(0) Y: Allocated:         -                 0M (0%)            0M (0%)            0M (0%)     
[2026-04-03T06:38:18.421+0600][2.733s][info][gc,heap     ] GC(0) Y: Reclaimed:         -                  -                 0M (0%)            0M (0%)     
[2026-04-03T06:38:18.421+0600][2.734s][info][gc,heap     ] GC(0) Y:  Promoted:         -                  -                 0M (0%)            0M (0%)     
[2026-04-03T06:38:18.421+0600][2.734s][info][gc,heap     ] GC(0) Y: Compacted:         -                  -                  -                 0M (0%)     
[2026-04-03T06:38:18.421+0600][2.734s][info][gc,phases   ] GC(0) Y: Young Generation (Collect Roots) 16M(0%)->16M(0%) 0.011s
[2026-04-03T06:38:18.421+0600][2.734s][info][gc,phases   ] GC(0) O: Old Generation
[2026-04-03T06:38:18.435+0600][2.747s][info][gc,phases   ] GC(0) O: Concurrent Mark 13.335ms
[2026-04-03T06:38:18.435+0600][2.747s][info][gc,phases   ] GC(0) O: Pause Mark End 0.023ms
[2026-04-03T06:38:18.435+0600][2.747s][info][gc,phases   ] GC(0) O: Concurrent Mark Free 0.002ms
[2026-04-03T06:38:18.440+0600][2.752s][info][gc,phases   ] GC(0) O: Concurrent Process Non-Strong 4.359ms
[2026-04-03T06:38:18.440+0600][2.752s][info][gc,phases   ] GC(0) O: Concurrent Reset Relocation Set 0.001ms
[2026-04-03T06:38:18.441+0600][2.753s][info][gc,phases   ] GC(0) O: Concurrent Select Relocation Set 1.411ms
[2026-04-03T06:38:18.441+0600][2.753s][info][gc,task     ] GC(0) O: Using 3 Workers for Old Generation
[2026-04-03T06:38:18.454+0600][2.766s][info][gc,task     ] GC(0) O: Using 3 Workers for Old Generation
[2026-04-03T06:38:18.454+0600][2.766s][info][gc,phases   ] GC(0) O: Concurrent Remap Roots 12.740ms
[2026-04-03T06:38:18.454+0600][2.766s][info][gc,phases   ] GC(0) O: Pause Relocate Start 0.017ms
[2026-04-03T06:38:18.455+0600][2.767s][info][gc,phases   ] GC(0) O: Concurrent Relocate 0.662ms
[2026-04-03T06:38:18.455+0600][2.767s][info][gc,alloc    ] GC(0) O:                         Mark Start        Mark End      Relocate Start    Relocate End   
[2026-04-03T06:38:18.455+0600][2.767s][info][gc,alloc    ] GC(0) O: Allocation Stalls:          0                0                0                0         
[2026-04-03T06:38:18.455+0600][2.767s][info][gc,load     ] GC(0) O: Load: 11.33 (94%) / 7.94 (66%) / 5.71 (48%)
[2026-04-03T06:38:18.455+0600][2.767s][info][gc,mmu      ] GC(0) O: MMU: 2ms/98.2%, 5ms/99.3%, 10ms/99.6%, 20ms/99.7%, 50ms/99.8%, 100ms/99.8%
[2026-04-03T06:38:18.455+0600][2.767s][info][gc,marking  ] GC(0) O: Mark: 2 stripe(s), 3 proactive flush(es), 1 terminate flush(es), 0 completion(s), 0 continuation(s) 
[2026-04-03T06:38:18.455+0600][2.767s][info][gc,marking  ] GC(0) O: Mark Stack Usage: 32M
[2026-04-03T06:38:18.455+0600][2.767s][info][gc,nmethod  ] GC(0) O: NMethods: 2712 registered, 505 unregistered
[2026-04-03T06:38:18.455+0600][2.767s][info][gc,metaspace] GC(0) O: Metaspace: 15M used, 15M committed, 1088M reserved
[2026-04-03T06:38:18.455+0600][2.767s][info][gc,ref      ] GC(0) O:                       Encountered   Discovered     Enqueued 
[2026-04-03T06:38:18.455+0600][2.767s][info][gc,ref      ] GC(0) O: Soft References:             3843            0            0 
[2026-04-03T06:38:18.455+0600][2.767s][info][gc,ref      ] GC(0) O: Weak References:             2608         1544          776 
[2026-04-03T06:38:18.455+0600][2.767s][info][gc,ref      ] GC(0) O: Final References:               3            2            0 
[2026-04-03T06:38:18.455+0600][2.767s][info][gc,ref      ] GC(0) O: Phantom References:           240          147            2 
[2026-04-03T06:38:18.455+0600][2.767s][info][gc,reloc    ] GC(0) O:                        Candidates     Selected     In-Place         Size        Empty    Relocated 
[2026-04-03T06:38:18.455+0600][2.767s][info][gc,reloc    ] GC(0) O: Small Pages:                    8            1            0          16M           0M           0M 
[2026-04-03T06:38:18.455+0600][2.767s][info][gc,reloc    ] GC(0) O: Medium Pages:                   0            0            0           0M           0M           0M 
[2026-04-03T06:38:18.455+0600][2.767s][info][gc,reloc    ] GC(0) O: Large Pages:                    0            0            0           0M           0M           0M 
[2026-04-03T06:38:18.455+0600][2.767s][info][gc,reloc    ] GC(0) O: Forwarding Usage: 0M
[2026-04-03T06:38:18.455+0600][2.767s][info][gc,heap     ] GC(0) O: Min Capacity: 8M(0%)
[2026-04-03T06:38:18.455+0600][2.767s][info][gc,heap     ] GC(0) O: Max Capacity: 3922M(100%)
[2026-04-03T06:38:18.455+0600][2.767s][info][gc,heap     ] GC(0) O: Soft Max Capacity: 3529M(90%)
[2026-04-03T06:38:18.455+0600][2.767s][info][gc,heap     ] GC(0) O: Heap Statistics:
[2026-04-03T06:38:18.455+0600][2.767s][info][gc,heap     ] GC(0) O:                Mark Start          Mark End        Relocate Start      Relocate End           High               Low         
[2026-04-03T06:38:18.455+0600][2.767s][info][gc,heap     ] GC(0) O:  Capacity:      246M (6%)          246M (6%)          246M (6%)          246M (6%)          246M (6%)          246M (6%)     
[2026-04-03T06:38:18.455+0600][2.767s][info][gc,heap     ] GC(0) O:      Free:     3906M (100%)       3906M (100%)       3902M (99%)        3902M (99%)        3906M (100%)       3898M (99%)    
[2026-04-03T06:38:18.455+0600][2.767s][info][gc,heap     ] GC(0) O:      Used:       16M (0%)           16M (0%)           20M (1%)           20M (1%)           24M (1%)           16M (0%)     
[2026-04-03T06:38:18.455+0600][2.767s][info][gc,heap     ] GC(0) O: Old Generation Statistics:
[2026-04-03T06:38:18.455+0600][2.767s][info][gc,heap     ] GC(0) O:                Mark Start          Mark End        Relocate Start      Relocate End    
[2026-04-03T06:38:18.455+0600][2.767s][info][gc,heap     ] GC(0) O:      Used:       16M (0%)           16M (0%)           16M (0%)           16M (0%)     
[2026-04-03T06:38:18.455+0600][2.767s][info][gc,heap     ] GC(0) O:      Live:         -                11M (0%)           11M (0%)           11M (0%)     
[2026-04-03T06:38:18.455+0600][2.767s][info][gc,heap     ] GC(0) O:   Garbage:         -                 4M (0%)            4M (0%)            0M (0%)     
[2026-04-03T06:38:18.455+0600][2.767s][info][gc,heap     ] GC(0) O: Allocated:         -                 0M (0%)            0M (0%)            3M (0%)     
[2026-04-03T06:38:18.455+0600][2.767s][info][gc,heap     ] GC(0) O: Reclaimed:         -                  -                 0M (0%)            3M (0%)     
[2026-04-03T06:38:18.455+0600][2.767s][info][gc,heap     ] GC(0) O: Compacted:         -                  -                  -                 0M (0%)     
[2026-04-03T06:38:18.455+0600][2.767s][info][gc,phases   ] GC(0) O: Old Generation 16M(0%)->20M(1%) 0.033s
[2026-04-03T06:38:18.455+0600][2.767s][info][gc          ] GC(0) Major Collection (System.gc()) 192M(5%)->20M(1%) 0.095s
[2026-04-03T06:38:19.491+0600][3.803s][info][gc          ] GC(1) Major Collection (Metadata GC Threshold)
[2026-04-03T06:38:19.491+0600][3.803s][info][gc,task     ] GC(1) Using 1 Workers for Young Generation
[2026-04-03T06:38:19.491+0600][3.803s][info][gc,task     ] GC(1) Using 1 Workers for Old Generation
[2026-04-03T06:38:19.491+0600][3.803s][info][gc,phases   ] GC(1) Y: Young Generation
[2026-04-03T06:38:19.491+0600][3.804s][info][gc,phases   ] GC(1) Y: Pause Mark Start (Major) 0.021ms
[2026-04-03T06:38:19.548+0600][3.860s][info][gc,phases   ] GC(1) Y: Concurrent Mark 56.372ms
[2026-04-03T06:38:19.548+0600][3.860s][info][gc,phases   ] GC(1) Y: Pause Mark End 0.038ms
[2026-04-03T06:38:19.548+0600][3.861s][info][gc,phases   ] GC(1) Y: Concurrent Mark Free 0.001ms
[2026-04-03T06:38:19.548+0600][3.861s][info][gc,phases   ] GC(1) Y: Concurrent Reset Relocation Set 0.001ms
[2026-04-03T06:38:19.553+0600][3.865s][info][gc,reloc    ] GC(1) Y: Using tenuring threshold: 1 (Computed)
[2026-04-03T06:38:19.560+0600][3.872s][info][gc,phases   ] GC(1) Y: Concurrent Select Relocation Set 11.146ms
[2026-04-03T06:38:19.560+0600][3.872s][info][gc,phases   ] GC(1) Y: Pause Relocate Start 0.014ms
[2026-04-03T06:38:19.592+0600][3.904s][info][gc,phases   ] GC(1) Y: Concurrent Relocate 31.799ms
[2026-04-03T06:38:19.592+0600][3.904s][info][gc,alloc    ] GC(1) Y:                         Mark Start        Mark End      Relocate Start    Relocate End   
[2026-04-03T06:38:19.592+0600][3.904s][info][gc,alloc    ] GC(1) Y: Allocation Stalls:          0                0                0                0         
[2026-04-03T06:38:19.592+0600][3.904s][info][gc,load     ] GC(1) Y: Load: 11.33 (94%) / 7.94 (66%) / 5.71 (48%)
[2026-04-03T06:38:19.592+0600][3.904s][info][gc,mmu      ] GC(1) Y: MMU: 2ms/98.1%, 5ms/99.2%, 10ms/99.6%, 20ms/99.7%, 50ms/99.8%, 100ms/99.8%
[2026-04-03T06:38:19.592+0600][3.904s][info][gc,marking  ] GC(1) Y: Mark: 1 stripe(s), 2 proactive flush(es), 1 terminate flush(es), 0 completion(s), 0 continuation(s) 
[2026-04-03T06:38:19.592+0600][3.904s][info][gc,marking  ] GC(1) Y: Mark Stack Usage: 32M
[2026-04-03T06:38:19.592+0600][3.904s][info][gc,nmethod  ] GC(1) Y: NMethods: 3527 registered, 505 unregistered
[2026-04-03T06:38:19.592+0600][3.904s][info][gc,metaspace] GC(1) Y: Metaspace: 25M used, 26M committed, 1088M reserved
[2026-04-03T06:38:19.592+0600][3.904s][info][gc,reloc    ] GC(1) Y:                        Candidates     Selected     In-Place         Size        Empty    Relocated 
[2026-04-03T06:38:19.592+0600][3.904s][info][gc,reloc    ] GC(1) Y: Small Pages:                   71           59            0         142M           0M          15M 
[2026-04-03T06:38:19.592+0600][3.904s][info][gc,reloc    ] GC(1) Y: Medium Pages:                   1            0            0          32M           0M           0M 
[2026-04-03T06:38:19.592+0600][3.904s][info][gc,reloc    ] GC(1) Y: Large Pages:                    0            0            0           0M           0M           0M 
[2026-04-03T06:38:19.592+0600][3.904s][info][gc,reloc    ] GC(1) Y: Forwarding Usage: 7M
[2026-04-03T06:38:19.592+0600][3.904s][info][gc,reloc    ] GC(1) Y: Age Table:
[2026-04-03T06:38:19.592+0600][3.904s][info][gc,reloc    ] GC(1) Y:                    Live             Garbage             Small              Medium             Large        
[2026-04-03T06:38:19.592+0600][3.904s][info][gc,reloc    ] GC(1) Y: Eden              20M (1%)          153M (4%)          71 / 59             1 / 0              0 / 0        
[2026-04-03T06:38:19.592+0600][3.904s][info][gc,heap     ] GC(1) Y: Min Capacity: 8M(0%)
[2026-04-03T06:38:19.592+0600][3.904s][info][gc,heap     ] GC(1) Y: Max Capacity: 3922M(100%)
[2026-04-03T06:38:19.592+0600][3.904s][info][gc,heap     ] GC(1) Y: Soft Max Capacity: 3529M(90%)
[2026-04-03T06:38:19.592+0600][3.904s][info][gc,heap     ] GC(1) Y: Heap Statistics:
[2026-04-03T06:38:19.592+0600][3.904s][info][gc,heap     ] GC(1) Y:                Mark Start          Mark End        Relocate Start      Relocate End           High               Low         
[2026-04-03T06:38:19.592+0600][3.904s][info][gc,heap     ] GC(1) Y:  Capacity:      246M (6%)          246M (6%)          246M (6%)          246M (6%)          246M (6%)          246M (6%)     
[2026-04-03T06:38:19.592+0600][3.904s][info][gc,heap     ] GC(1) Y:      Free:     3732M (95%)        3726M (95%)        3726M (95%)        3842M (98%)        3842M (98%)        3722M (95%)    
[2026-04-03T06:38:19.592+0600][3.904s][info][gc,heap     ] GC(1) Y:      Used:      190M (5%)          196M (5%)          196M (5%)           80M (2%)          200M (5%)           80M (2%)     
[2026-04-03T06:38:19.592+0600][3.904s][info][gc,heap     ] GC(1) Y: Young Generation Statistics:
[2026-04-03T06:38:19.592+0600][3.904s][info][gc,heap     ] GC(1) Y:                Mark Start          Mark End        Relocate Start      Relocate End    
[2026-04-03T06:38:19.592+0600][3.904s][info][gc,heap     ] GC(1) Y:      Used:      174M (4%)          180M (5%)          180M (5%)           64M (2%)     
[2026-04-03T06:38:19.592+0600][3.904s][info][gc,heap     ] GC(1) Y:      Live:         -                20M (1%)           20M (1%)           20M (1%)     
[2026-04-03T06:38:19.592+0600][3.904s][info][gc,heap     ] GC(1) Y:   Garbage:         -               153M (4%)          153M (4%)           32M (1%)     
[2026-04-03T06:38:19.592+0600][3.904s][info][gc,heap     ] GC(1) Y: Allocated:         -                 6M (0%)            6M (0%)           10M (0%)     
[2026-04-03T06:38:19.592+0600][3.904s][info][gc,heap     ] GC(1) Y: Reclaimed:         -                  -                 0M (0%)          120M (3%)     
[2026-04-03T06:38:19.592+0600][3.904s][info][gc,heap     ] GC(1) Y:  Promoted:         -                  -                 0M (0%)            0M (0%)     
[2026-04-03T06:38:19.592+0600][3.904s][info][gc,heap     ] GC(1) Y: Compacted:         -                  -                  -                19M (0%)     
[2026-04-03T06:38:19.592+0600][3.904s][info][gc,phases   ] GC(1) Y: Young Generation 190M(5%)->80M(2%) 0.101s
[2026-04-03T06:38:19.592+0600][3.904s][info][gc,phases   ] GC(1) O: Old Generation
[2026-04-03T06:38:19.626+0600][3.938s][info][gc,phases   ] GC(1) O: Concurrent Mark 33.484ms
[2026-04-03T06:38:19.626+0600][3.938s][info][gc,phases   ] GC(1) O: Pause Mark End 0.016ms
[2026-04-03T06:38:19.626+0600][3.938s][info][gc,phases   ] GC(1) O: Concurrent Mark Free 0.001ms
[2026-04-03T06:38:19.636+0600][3.949s][info][gc,phases   ] GC(1) O: Concurrent Process Non-Strong 10.336ms
[2026-04-03T06:38:19.636+0600][3.949s][info][gc,phases   ] GC(1) O: Concurrent Reset Relocation Set 0.002ms
[2026-04-03T06:38:19.638+0600][3.950s][info][gc,phases   ] GC(1) O: Concurrent Select Relocation Set 1.584ms
[2026-04-03T06:38:19.638+0600][3.950s][info][gc,task     ] GC(1) O: Using 2 Workers for Old Generation
[2026-04-03T06:38:19.660+0600][3.972s][info][gc,task     ] GC(1) O: Using 1 Workers for Old Generation
[2026-04-03T06:38:19.660+0600][3.972s][info][gc,phases   ] GC(1) O: Concurrent Remap Roots 21.556ms
[2026-04-03T06:38:19.660+0600][3.972s][info][gc,phases   ] GC(1) O: Pause Relocate Start 0.028ms
[2026-04-03T06:38:19.662+0600][3.974s][info][gc,phases   ] GC(1) O: Concurrent Relocate 1.653ms
[2026-04-03T06:38:19.662+0600][3.974s][info][gc,alloc    ] GC(1) O:                         Mark Start        Mark End      Relocate Start    Relocate End   
[2026-04-03T06:38:19.662+0600][3.974s][info][gc,alloc    ] GC(1) O: Allocation Stalls:          0                0                0                0         
[2026-04-03T06:38:19.662+0600][3.974s][info][gc,load     ] GC(1) O: Load: 11.33 (94%) / 7.94 (66%) / 5.71 (48%)
[2026-04-03T06:38:19.662+0600][3.974s][info][gc,mmu      ] GC(1) O: MMU: 2ms/98.1%, 5ms/99.2%, 10ms/99.6%, 20ms/99.7%, 50ms/99.8%, 100ms/99.8%
[2026-04-03T06:38:19.662+0600][3.974s][info][gc,marking  ] GC(1) O: Mark: 1 stripe(s), 2 proactive flush(es), 1 terminate flush(es), 0 completion(s), 0 continuation(s) 
[2026-04-03T06:38:19.662+0600][3.974s][info][gc,marking  ] GC(1) O: Mark Stack Usage: 32M
[2026-04-03T06:38:19.662+0600][3.974s][info][gc,nmethod  ] GC(1) O: NMethods: 3419 registered, 692 unregistered
[2026-04-03T06:38:19.662+0600][3.974s][info][gc,metaspace] GC(1) O: Metaspace: 26M used, 26M committed, 1088M reserved
[2026-04-03T06:38:19.662+0600][3.974s][info][gc,ref      ] GC(1) O:                       Encountered   Discovered     Enqueued 
[2026-04-03T06:38:19.662+0600][3.974s][info][gc,ref      ] GC(1) O: Soft References:             4024            0            0 
[2026-04-03T06:38:19.662+0600][3.974s][info][gc,ref      ] GC(1) O: Weak References:             2362          758            0 
[2026-04-03T06:38:19.662+0600][3.974s][info][gc,ref      ] GC(1) O: Final References:               3            1            0 
[2026-04-03T06:38:19.662+0600][3.974s][info][gc,ref      ] GC(1) O: Phantom References:           283          100            2 
[2026-04-03T06:38:19.662+0600][3.974s][info][gc,reloc    ] GC(1) O:                        Candidates     Selected     In-Place         Size        Empty    Relocated 
[2026-04-03T06:38:19.662+0600][3.974s][info][gc,reloc    ] GC(1) O: Small Pages:                    8            1            0          16M           0M           0M 
[2026-04-03T06:38:19.662+0600][3.974s][info][gc,reloc    ] GC(1) O: Medium Pages:                   0            0            0           0M           0M           0M 
[2026-04-03T06:38:19.662+0600][3.974s][info][gc,reloc    ] GC(1) O: Large Pages:                    0            0            0           0M           0M           0M 
[2026-04-03T06:38:19.662+0600][3.974s][info][gc,reloc    ] GC(1) O: Forwarding Usage: 0M
[2026-04-03T06:38:19.662+0600][3.974s][info][gc,heap     ] GC(1) O: Min Capacity: 8M(0%)
[2026-04-03T06:38:19.662+0600][3.974s][info][gc,heap     ] GC(1) O: Max Capacity: 3922M(100%)
[2026-04-03T06:38:19.662+0600][3.974s][info][gc,heap     ] GC(1) O: Soft Max Capacity: 3529M(90%)
[2026-04-03T06:38:19.662+0600][3.974s][info][gc,heap     ] GC(1) O: Heap Statistics:
[2026-04-03T06:38:19.662+0600][3.974s][info][gc,heap     ] GC(1) O:                Mark Start          Mark End        Relocate Start      Relocate End           High               Low         
[2026-04-03T06:38:19.662+0600][3.974s][info][gc,heap     ] GC(1) O:  Capacity:      246M (6%)          246M (6%)          246M (6%)          246M (6%)          246M (6%)          246M (6%)     
[2026-04-03T06:38:19.662+0600][3.974s][info][gc,heap     ] GC(1) O:      Free:     3732M (95%)        3840M (98%)        3838M (98%)        3838M (98%)        3842M (98%)        3722M (95%)    
[2026-04-03T06:38:19.662+0600][3.974s][info][gc,heap     ] GC(1) O:      Used:      190M (5%)           82M (2%)           84M (2%)           84M (2%)          200M (5%)           80M (2%)     
[2026-04-03T06:38:19.662+0600][3.974s][info][gc,heap     ] GC(1) O: Old Generation Statistics:
[2026-04-03T06:38:19.662+0600][3.974s][info][gc,heap     ] GC(1) O:                Mark Start          Mark End        Relocate Start      Relocate End    
[2026-04-03T06:38:19.662+0600][3.974s][info][gc,heap     ] GC(1) O:      Used:       16M (0%)           16M (0%)           16M (0%)           16M (0%)     
[2026-04-03T06:38:19.662+0600][3.974s][info][gc,heap     ] GC(1) O:      Live:         -                11M (0%)           11M (0%)           11M (0%)     
[2026-04-03T06:38:19.662+0600][3.974s][info][gc,heap     ] GC(1) O:   Garbage:         -                 4M (0%)            4M (0%)            0M (0%)     
[2026-04-03T06:38:19.662+0600][3.974s][info][gc,heap     ] GC(1) O: Allocated:         -                 0M (0%)            0M (0%)            3M (0%)     
[2026-04-03T06:38:19.662+0600][3.974s][info][gc,heap     ] GC(1) O: Reclaimed:         -                  -                 0M (0%)            3M (0%)     
[2026-04-03T06:38:19.662+0600][3.974s][info][gc,heap     ] GC(1) O: Compacted:         -                  -                  -                 0M (0%)     
[2026-04-03T06:38:19.662+0600][3.974s][info][gc,phases   ] GC(1) O: Old Generation 80M(2%)->84M(2%) 0.069s
[2026-04-03T06:38:19.662+0600][3.974s][info][gc          ] GC(1) Major Collection (Metadata GC Threshold) 190M(5%)->84M(2%) 0.171s
[2026-04-03T06:38:23.016+0600][7.328s][info][gc          ] GC(2) Major Collection (Warmup)
[2026-04-03T06:38:23.016+0600][7.328s][info][gc,task     ] GC(2) Using 3 Workers for Young Generation
[2026-04-03T06:38:23.016+0600][7.328s][info][gc,task     ] GC(2) Using 2 Workers for Old Generation
[2026-04-03T06:38:23.016+0600][7.328s][info][gc,phases   ] GC(2) Y: Young Generation
[2026-04-03T06:38:23.016+0600][7.328s][info][gc,phases   ] GC(2) Y: Pause Mark Start (Major) 0.029ms
[2026-04-03T06:38:23.109+0600][7.421s][info][gc,phases   ] GC(2) Y: Concurrent Mark 92.291ms
[2026-04-03T06:38:23.122+0600][7.434s][info][gc,phases   ] GC(2) Y: Pause Mark End 0.034ms
[2026-04-03T06:38:23.122+0600][7.434s][info][gc,phases   ] GC(2) Y: Concurrent Mark Free 0.005ms
[2026-04-03T06:38:23.122+0600][7.434s][info][gc,phases   ] GC(2) Y: Concurrent Reset Relocation Set 0.016ms
[2026-04-03T06:38:23.128+0600][7.440s][info][gc,reloc    ] GC(2) Y: Using tenuring threshold: 2 (Computed)
[2026-04-03T06:38:23.129+0600][7.441s][info][gc,phases   ] GC(2) Y: Concurrent Select Relocation Set 6.905ms
[2026-04-03T06:38:23.129+0600][7.441s][info][gc,phases   ] GC(2) Y: Pause Relocate Start 0.030ms
[2026-04-03T06:38:23.143+0600][7.455s][info][gc,phases   ] GC(2) Y: Concurrent Relocate 13.703ms
[2026-04-03T06:38:23.143+0600][7.456s][info][gc,alloc    ] GC(2) Y:                         Mark Start        Mark End      Relocate Start    Relocate End   
[2026-04-03T06:38:23.143+0600][7.456s][info][gc,alloc    ] GC(2) Y: Allocation Stalls:          0                0                0                0         
[2026-04-03T06:38:23.143+0600][7.456s][info][gc,load     ] GC(2) Y: Load: 11.14 (93%) / 7.96 (66%) / 5.73 (48%)
[2026-04-03T06:38:23.143+0600][7.456s][info][gc,mmu      ] GC(2) Y: MMU: 2ms/98.1%, 5ms/99.2%, 10ms/99.4%, 20ms/99.7%, 50ms/99.8%, 100ms/99.8%
[2026-04-03T06:38:23.144+0600][7.456s][info][gc,marking  ] GC(2) Y: Mark: 2 stripe(s), 2 proactive flush(es), 1 terminate flush(es), 0 completion(s), 0 continuation(s) 
[2026-04-03T06:38:23.144+0600][7.456s][info][gc,marking  ] GC(2) Y: Mark Stack Usage: 32M
[2026-04-03T06:38:23.144+0600][7.456s][info][gc,nmethod  ] GC(2) Y: NMethods: 6462 registered, 0 unregistered
[2026-04-03T06:38:23.144+0600][7.456s][info][gc,metaspace] GC(2) Y: Metaspace: 32M used, 32M committed, 1088M reserved
[2026-04-03T06:38:23.144+0600][7.456s][info][gc,reloc    ] GC(2) Y:                        Candidates     Selected     In-Place         Size        Empty    Relocated 
[2026-04-03T06:38:23.144+0600][7.456s][info][gc,reloc    ] GC(2) Y: Small Pages:                  153          138            0         306M           0M           8M 
[2026-04-03T06:38:23.144+0600][7.456s][info][gc,reloc    ] GC(2) Y: Medium Pages:                   1            0            0          32M           0M           0M 
[2026-04-03T06:38:23.144+0600][7.456s][info][gc,reloc    ] GC(2) Y: Large Pages:                    0            0            0           0M           0M           0M 
[2026-04-03T06:38:23.144+0600][7.456s][info][gc,reloc    ] GC(2) Y: Forwarding Usage: 3M
[2026-04-03T06:38:23.144+0600][7.456s][info][gc,reloc    ] GC(2) Y: Age Table:
[2026-04-03T06:38:23.144+0600][7.456s][info][gc,reloc    ] GC(2) Y:                    Live             Garbage             Small              Medium             Large        
[2026-04-03T06:38:23.144+0600][7.456s][info][gc,reloc    ] GC(2) Y: Eden               8M (0%)          273M (7%)         141 / 136            0 / 0              0 / 0        
[2026-04-03T06:38:23.144+0600][7.456s][info][gc,reloc    ] GC(2) Y: Survivor 1        20M (1%)           35M (1%)          12 / 2              1 / 0              0 / 0        
[2026-04-03T06:38:23.144+0600][7.456s][info][gc,heap     ] GC(2) Y: Min Capacity: 8M(0%)
[2026-04-03T06:38:23.144+0600][7.456s][info][gc,heap     ] GC(2) Y: Max Capacity: 3922M(100%)
[2026-04-03T06:38:23.144+0600][7.456s][info][gc,heap     ] GC(2) Y: Soft Max Capacity: 3529M(90%)
[2026-04-03T06:38:23.144+0600][7.456s][info][gc,heap     ] GC(2) Y: Heap Statistics:
[2026-04-03T06:38:23.144+0600][7.456s][info][gc,heap     ] GC(2) Y:                Mark Start          Mark End        Relocate Start      Relocate End           High               Low         
[2026-04-03T06:38:23.144+0600][7.456s][info][gc,heap     ] GC(2) Y:  Capacity:      354M (9%)          392M (10%)         392M (10%)         392M (10%)         392M (10%)         354M (9%)     
[2026-04-03T06:38:23.144+0600][7.456s][info][gc,heap     ] GC(2) Y:      Free:     3568M (91%)        3542M (90%)        3542M (90%)        3808M (97%)        3808M (97%)        3530M (90%)    
[2026-04-03T06:38:23.144+0600][7.456s][info][gc,heap     ] GC(2) Y:      Used:      354M (9%)          380M (10%)         380M (10%)         114M (3%)          392M (10%)         114M (3%)     
[2026-04-03T06:38:23.144+0600][7.456s][info][gc,heap     ] GC(2) Y: Young Generation Statistics:
[2026-04-03T06:38:23.144+0600][7.456s][info][gc,heap     ] GC(2) Y:                Mark Start          Mark End        Relocate Start      Relocate End    
[2026-04-03T06:38:23.144+0600][7.456s][info][gc,heap     ] GC(2) Y:      Used:      338M (9%)          364M (9%)          364M (9%)           98M (2%)     
[2026-04-03T06:38:23.144+0600][7.456s][info][gc,heap     ] GC(2) Y:      Live:         -                28M (1%)           28M (1%)           28M (1%)     
[2026-04-03T06:38:23.144+0600][7.456s][info][gc,heap     ] GC(2) Y:   Garbage:         -               309M (8%)          309M (8%)           31M (1%)     
[2026-04-03T06:38:23.144+0600][7.456s][info][gc,heap     ] GC(2) Y: Allocated:         -                26M (1%)           26M (1%)           38M (1%)     
[2026-04-03T06:38:23.144+0600][7.456s][info][gc,heap     ] GC(2) Y: Reclaimed:         -                  -                 0M (0%)          278M (7%)     
[2026-04-03T06:38:23.144+0600][7.456s][info][gc,heap     ] GC(2) Y:  Promoted:         -                  -                 0M (0%)            0M (0%)     
[2026-04-03T06:38:23.144+0600][7.456s][info][gc,heap     ] GC(2) Y: Compacted:         -                  -                  -                 9M (0%)     
[2026-04-03T06:38:23.144+0600][7.456s][info][gc,phases   ] GC(2) Y: Young Generation 354M(9%)->114M(3%) 0.128s
[2026-04-03T06:38:23.144+0600][7.456s][info][gc,phases   ] GC(2) O: Old Generation
[2026-04-03T06:38:23.177+0600][7.489s][info][gc,phases   ] GC(2) O: Concurrent Mark 32.732ms
[2026-04-03T06:38:23.177+0600][7.489s][info][gc,phases   ] GC(2) O: Pause Mark End 0.035ms
[2026-04-03T06:38:23.177+0600][7.489s][info][gc,phases   ] GC(2) O: Concurrent Mark Free 0.003ms
[2026-04-03T06:38:23.195+0600][7.508s][info][gc,phases   ] GC(2) O: Concurrent Process Non-Strong 18.307ms
[2026-04-03T06:38:23.196+0600][7.508s][info][gc,phases   ] GC(2) O: Concurrent Reset Relocation Set 0.003ms
[2026-04-03T06:38:23.202+0600][7.514s][info][gc,phases   ] GC(2) O: Concurrent Select Relocation Set 6.403ms
[2026-04-03T06:38:23.202+0600][7.514s][info][gc,task     ] GC(2) O: Using 3 Workers for Old Generation
[2026-04-03T06:38:23.223+0600][7.535s][info][gc,task     ] GC(2) O: Using 2 Workers for Old Generation
[2026-04-03T06:38:23.223+0600][7.535s][info][gc,phases   ] GC(2) O: Concurrent Remap Roots 21.284ms
[2026-04-03T06:38:23.224+0600][7.536s][info][gc,phases   ] GC(2) O: Pause Relocate Start 0.033ms
[2026-04-03T06:38:23.226+0600][7.538s][info][gc,phases   ] GC(2) O: Concurrent Relocate 1.838ms
[2026-04-03T06:38:23.226+0600][7.538s][info][gc,alloc    ] GC(2) O:                         Mark Start        Mark End      Relocate Start    Relocate End   
[2026-04-03T06:38:23.226+0600][7.538s][info][gc,alloc    ] GC(2) O: Allocation Stalls:          0                0                0                0         
[2026-04-03T06:38:23.226+0600][7.538s][info][gc,load     ] GC(2) O: Load: 11.14 (93%) / 7.96 (66%) / 5.73 (48%)
[2026-04-03T06:38:23.226+0600][7.538s][info][gc,mmu      ] GC(2) O: MMU: 2ms/98.1%, 5ms/99.2%, 10ms/99.4%, 20ms/99.7%, 50ms/99.8%, 100ms/99.8%
[2026-04-03T06:38:23.226+0600][7.538s][info][gc,marking  ] GC(2) O: Mark: 2 stripe(s), 2 proactive flush(es), 1 terminate flush(es), 0 completion(s), 0 continuation(s) 
[2026-04-03T06:38:23.226+0600][7.538s][info][gc,marking  ] GC(2) O: Mark Stack Usage: 32M
[2026-04-03T06:38:23.226+0600][7.538s][info][gc,nmethod  ] GC(2) O: NMethods: 5989 registered, 511 unregistered
[2026-04-03T06:38:23.226+0600][7.538s][info][gc,metaspace] GC(2) O: Metaspace: 32M used, 32M committed, 1088M reserved
[2026-04-03T06:38:23.226+0600][7.538s][info][gc,ref      ] GC(2) O:                       Encountered   Discovered     Enqueued 
[2026-04-03T06:38:23.226+0600][7.538s][info][gc,ref      ] GC(2) O: Soft References:             4635            0            0 
[2026-04-03T06:38:23.226+0600][7.538s][info][gc,ref      ] GC(2) O: Weak References:             4735          525            0 
[2026-04-03T06:38:23.226+0600][7.538s][info][gc,ref      ] GC(2) O: Final References:               3            1            0 
[2026-04-03T06:38:23.226+0600][7.538s][info][gc,ref      ] GC(2) O: Phantom References:           290          147            0 
[2026-04-03T06:38:23.226+0600][7.538s][info][gc,reloc    ] GC(2) O:                        Candidates     Selected     In-Place         Size        Empty    Relocated 
[2026-04-03T06:38:23.226+0600][7.538s][info][gc,reloc    ] GC(2) O: Small Pages:                    8            1            0          16M           0M           0M 
[2026-04-03T06:38:23.226+0600][7.538s][info][gc,reloc    ] GC(2) O: Medium Pages:                   0            0            0           0M           0M           0M 
[2026-04-03T06:38:23.226+0600][7.538s][info][gc,reloc    ] GC(2) O: Large Pages:                    0            0            0           0M           0M           0M 
[2026-04-03T06:38:23.226+0600][7.538s][info][gc,reloc    ] GC(2) O: Forwarding Usage: 0M
[2026-04-03T06:38:23.226+0600][7.538s][info][gc,heap     ] GC(2) O: Min Capacity: 8M(0%)
[2026-04-03T06:38:23.226+0600][7.538s][info][gc,heap     ] GC(2) O: Max Capacity: 3922M(100%)
[2026-04-03T06:38:23.226+0600][7.538s][info][gc,heap     ] GC(2) O: Soft Max Capacity: 3529M(90%)
[2026-04-03T06:38:23.226+0600][7.538s][info][gc,heap     ] GC(2) O: Heap Statistics:
[2026-04-03T06:38:23.226+0600][7.538s][info][gc,heap     ] GC(2) O:                Mark Start          Mark End        Relocate Start      Relocate End           High               Low         
[2026-04-03T06:38:23.226+0600][7.538s][info][gc,heap     ] GC(2) O:  Capacity:      354M (9%)          392M (10%)         392M (10%)         392M (10%)         392M (10%)         354M (9%)     
[2026-04-03T06:38:23.226+0600][7.538s][info][gc,heap     ] GC(2) O:      Free:     3568M (91%)        3804M (97%)        3800M (97%)        3798M (97%)        3808M (97%)        3530M (90%)    
[2026-04-03T06:38:23.226+0600][7.538s][info][gc,heap     ] GC(2) O:      Used:      354M (9%)          118M (3%)          122M (3%)          124M (3%)          392M (10%)         114M (3%)     
[2026-04-03T06:38:23.226+0600][7.538s][info][gc,heap     ] GC(2) O: Old Generation Statistics:
[2026-04-03T06:38:23.226+0600][7.538s][info][gc,heap     ] GC(2) O:                Mark Start          Mark End        Relocate Start      Relocate End    
[2026-04-03T06:38:23.226+0600][7.538s][info][gc,heap     ] GC(2) O:      Used:       16M (0%)           16M (0%)           16M (0%)           18M (0%)     
[2026-04-03T06:38:23.226+0600][7.538s][info][gc,heap     ] GC(2) O:      Live:         -                11M (0%)           11M (0%)           11M (0%)     
[2026-04-03T06:38:23.226+0600][7.538s][info][gc,heap     ] GC(2) O:   Garbage:         -                 4M (0%)            4M (0%)            0M (0%)     
[2026-04-03T06:38:23.226+0600][7.538s][info][gc,heap     ] GC(2) O: Allocated:         -                 0M (0%)            0M (0%)            5M (0%)     
[2026-04-03T06:38:23.226+0600][7.538s][info][gc,heap     ] GC(2) O: Reclaimed:         -                  -                 0M (0%)            3M (0%)     
[2026-04-03T06:38:23.226+0600][7.538s][info][gc,heap     ] GC(2) O: Compacted:         -                  -                  -                 0M (0%)     
[2026-04-03T06:38:23.226+0600][7.538s][info][gc,phases   ] GC(2) O: Old Generation 114M(3%)->124M(3%) 0.082s
[2026-04-03T06:38:23.226+0600][7.539s][info][gc          ] GC(2) Major Collection (Warmup) 354M(9%)->124M(3%) 0.211s
[2026-04-03T06:38:25.977+0600][10.289s][info][gc          ] GC(3) Major Collection (Warmup)
[2026-04-03T06:38:25.977+0600][10.289s][info][gc,task     ] GC(3) Using 3 Workers for Young Generation
[2026-04-03T06:38:25.977+0600][10.289s][info][gc,task     ] GC(3) Using 1 Workers for Old Generation
[2026-04-03T06:38:25.977+0600][10.289s][info][gc,phases   ] GC(3) Y: Young Generation
[2026-04-03T06:38:25.978+0600][10.290s][info][gc,phases   ] GC(3) Y: Pause Mark Start (Major) 0.035ms
[2026-04-03T06:38:26.056+0600][10.368s][info][gc,phases   ] GC(3) Y: Concurrent Mark 74.655ms
[2026-04-03T06:38:26.056+0600][10.368s][info][gc,phases   ] GC(3) Y: Pause Mark End 0.031ms
[2026-04-03T06:38:26.057+0600][10.369s][info][gc,phases   ] GC(3) Y: Concurrent Mark Free 0.003ms
[2026-04-03T06:38:26.057+0600][10.369s][info][gc,phases   ] GC(3) Y: Concurrent Reset Relocation Set 0.031ms
[2026-04-03T06:38:26.065+0600][10.377s][info][gc,reloc    ] GC(3) Y: Using tenuring threshold: 1 (Computed)
[2026-04-03T06:38:26.085+0600][10.397s][info][gc,phases   ] GC(3) Y: Concurrent Select Relocation Set 28.146ms
[2026-04-03T06:38:26.085+0600][10.398s][info][gc,phases   ] GC(3) Y: Pause Relocate Start 0.030ms
[2026-04-03T06:38:26.119+0600][10.431s][info][gc,phases   ] GC(3) Y: Concurrent Relocate 32.898ms
[2026-04-03T06:38:26.119+0600][10.431s][info][gc,alloc    ] GC(3) Y:                         Mark Start        Mark End      Relocate Start    Relocate End   
[2026-04-03T06:38:26.119+0600][10.431s][info][gc,alloc    ] GC(3) Y: Allocation Stalls:          0                0                0                0         
[2026-04-03T06:38:26.119+0600][10.431s][info][gc,load     ] GC(3) Y: Load: 11.14 (93%) / 7.96 (66%) / 5.73 (48%)
[2026-04-03T06:38:26.119+0600][10.431s][info][gc,mmu      ] GC(3) Y: MMU: 2ms/98.1%, 5ms/99.2%, 10ms/99.4%, 20ms/99.7%, 50ms/99.8%, 100ms/99.8%
[2026-04-03T06:38:26.119+0600][10.431s][info][gc,marking  ] GC(3) Y: Mark: 2 stripe(s), 3 proactive flush(es), 1 terminate flush(es), 0 completion(s), 0 continuation(s) 
[2026-04-03T06:38:26.119+0600][10.431s][info][gc,marking  ] GC(3) Y: Mark Stack Usage: 32M
[2026-04-03T06:38:26.119+0600][10.431s][info][gc,nmethod  ] GC(3) Y: NMethods: 7920 registered, 511 unregistered
[2026-04-03T06:38:26.119+0600][10.431s][info][gc,metaspace] GC(3) Y: Metaspace: 33M used, 34M committed, 1088M reserved
[2026-04-03T06:38:26.119+0600][10.431s][info][gc,reloc    ] GC(3) Y:                        Candidates     Selected     In-Place         Size        Empty    Relocated 
[2026-04-03T06:38:26.119+0600][10.431s][info][gc,reloc    ] GC(3) Y: Small Pages:                  328          135            0         656M         356M           2M 
[2026-04-03T06:38:26.119+0600][10.431s][info][gc,reloc    ] GC(3) Y: Medium Pages:                   1            0            0          32M           0M           0M 
[2026-04-03T06:38:26.119+0600][10.431s][info][gc,reloc    ] GC(3) Y: Large Pages:                    0            0            0           0M           0M           0M 
[2026-04-03T06:38:26.119+0600][10.431s][info][gc,reloc    ] GC(3) Y: Forwarding Usage: 0M
[2026-04-03T06:38:26.119+0600][10.431s][info][gc,reloc    ] GC(3) Y: Age Table:
[2026-04-03T06:38:26.119+0600][10.431s][info][gc,reloc    ] GC(3) Y:                    Live             Garbage             Small              Medium             Large        
[2026-04-03T06:38:26.119+0600][10.431s][info][gc,reloc    ] GC(3) Y: Eden               0M (0%)          615M (16%)        308 / 129            0 / 0              0 / 0        
[2026-04-03T06:38:26.119+0600][10.431s][info][gc,reloc    ] GC(3) Y: Survivor 1         7M (0%)            8M (0%)           8 / 4              0 / 0              0 / 0        
[2026-04-03T06:38:26.119+0600][10.431s][info][gc,reloc    ] GC(3) Y: Survivor 2        20M (1%)           35M (1%)          12 / 2              1 / 0              0 / 0        
[2026-04-03T06:38:26.119+0600][10.431s][info][gc,heap     ] GC(3) Y: Min Capacity: 8M(0%)
[2026-04-03T06:38:26.119+0600][10.431s][info][gc,heap     ] GC(3) Y: Max Capacity: 3922M(100%)
[2026-04-03T06:38:26.119+0600][10.431s][info][gc,heap     ] GC(3) Y: Soft Max Capacity: 3529M(90%)
[2026-04-03T06:38:26.119+0600][10.431s][info][gc,heap     ] GC(3) Y: Heap Statistics:
[2026-04-03T06:38:26.119+0600][10.431s][info][gc,heap     ] GC(3) Y:                Mark Start          Mark End        Relocate Start      Relocate End           High               Low         
[2026-04-03T06:38:26.119+0600][10.431s][info][gc,heap     ] GC(3) Y:  Capacity:      706M (18%)         742M (19%)         742M (19%)         742M (19%)         742M (19%)         706M (18%)    
[2026-04-03T06:38:26.119+0600][10.431s][info][gc,heap     ] GC(3) Y:      Free:     3216M (82%)        3186M (81%)        3540M (90%)        3768M (96%)        3772M (96%)        3180M (81%)    
[2026-04-03T06:38:26.119+0600][10.431s][info][gc,heap     ] GC(3) Y:      Used:      706M (18%)         736M (19%)         382M (10%)         154M (4%)          742M (19%)         150M (4%)     
[2026-04-03T06:38:26.119+0600][10.431s][info][gc,heap     ] GC(3) Y: Young Generation Statistics:
[2026-04-03T06:38:26.119+0600][10.431s][info][gc,heap     ] GC(3) Y:                Mark Start          Mark End        Relocate Start      Relocate End    
[2026-04-03T06:38:26.119+0600][10.431s][info][gc,heap     ] GC(3) Y:      Used:      688M (18%)         718M (18%)         306M (8%)           62M (2%)     
[2026-04-03T06:38:26.119+0600][10.431s][info][gc,heap     ] GC(3) Y:      Live:         -                28M (1%)            2M (0%)            0M (0%)     
[2026-04-03T06:38:26.119+0600][10.431s][info][gc,heap     ] GC(3) Y:   Garbage:         -               659M (17%)         271M (7%)            0M (0%)     
[2026-04-03T06:38:26.119+0600][10.431s][info][gc,heap     ] GC(3) Y: Allocated:         -                30M (1%)           32M (1%)           61M (2%)     
[2026-04-03T06:38:26.119+0600][10.431s][info][gc,heap     ] GC(3) Y: Reclaimed:         -                  -               388M (10%)         659M (17%)    
[2026-04-03T06:38:26.119+0600][10.431s][info][gc,heap     ] GC(3) Y:  Promoted:         -                  -                25M (1%)           27M (1%)     
[2026-04-03T06:38:26.119+0600][10.431s][info][gc,heap     ] GC(3) Y: Compacted:         -                  -                  -                 0M (0%)     
[2026-04-03T06:38:26.119+0600][10.432s][info][gc,phases   ] GC(3) Y: Young Generation 706M(18%)->154M(4%) 0.142s
[2026-04-03T06:38:26.120+0600][10.432s][info][gc,phases   ] GC(3) O: Old Generation
[2026-04-03T06:38:26.190+0600][10.502s][info][gc,phases   ] GC(3) O: Concurrent Mark 70.060ms
[2026-04-03T06:38:26.190+0600][10.502s][info][gc,phases   ] GC(3) O: Pause Mark End 0.045ms
[2026-04-03T06:38:26.191+0600][10.503s][info][gc,phases   ] GC(3) O: Concurrent Mark Free 0.001ms
[2026-04-03T06:38:26.241+0600][10.553s][info][gc,phases   ] GC(3) O: Concurrent Process Non-Strong 50.010ms
[2026-04-03T06:38:26.241+0600][10.553s][info][gc,phases   ] GC(3) O: Concurrent Reset Relocation Set 0.003ms
[2026-04-03T06:38:26.248+0600][10.560s][info][gc,phases   ] GC(3) O: Concurrent Select Relocation Set 6.955ms
[2026-04-03T06:38:26.248+0600][10.560s][info][gc,task     ] GC(3) O: Using 3 Workers for Old Generation
[2026-04-03T06:38:26.278+0600][10.590s][info][gc,task     ] GC(3) O: Using 1 Workers for Old Generation
[2026-04-03T06:38:26.278+0600][10.590s][info][gc,phases   ] GC(3) O: Concurrent Remap Roots 30.077ms
[2026-04-03T06:38:26.278+0600][10.591s][info][gc,phases   ] GC(3) O: Pause Relocate Start 0.031ms
[2026-04-03T06:38:26.281+0600][10.593s][info][gc,phases   ] GC(3) O: Concurrent Relocate 2.082ms
[2026-04-03T06:38:26.281+0600][10.593s][info][gc,alloc    ] GC(3) O:                         Mark Start        Mark End      Relocate Start    Relocate End   
[2026-04-03T06:38:26.281+0600][10.593s][info][gc,alloc    ] GC(3) O: Allocation Stalls:          0                0                0                0         
[2026-04-03T06:38:26.281+0600][10.593s][info][gc,load     ] GC(3) O: Load: 11.14 (93%) / 7.96 (66%) / 5.73 (48%)
[2026-04-03T06:38:26.281+0600][10.593s][info][gc,mmu      ] GC(3) O: MMU: 2ms/97.8%, 5ms/99.1%, 10ms/99.4%, 20ms/99.7%, 50ms/99.8%, 100ms/99.8%
[2026-04-03T06:38:26.281+0600][10.593s][info][gc,marking  ] GC(3) O: Mark: 1 stripe(s), 2 proactive flush(es), 1 terminate flush(es), 0 completion(s), 0 continuation(s) 
[2026-04-03T06:38:26.281+0600][10.593s][info][gc,marking  ] GC(3) O: Mark Stack Usage: 32M
[2026-04-03T06:38:26.281+0600][10.593s][info][gc,nmethod  ] GC(3) O: NMethods: 7382 registered, 1080 unregistered
[2026-04-03T06:38:26.281+0600][10.593s][info][gc,metaspace] GC(3) O: Metaspace: 33M used, 34M committed, 1088M reserved
[2026-04-03T06:38:26.281+0600][10.593s][info][gc,ref      ] GC(3) O:                       Encountered   Discovered     Enqueued 
[2026-04-03T06:38:26.281+0600][10.593s][info][gc,ref      ] GC(3) O: Soft References:             4665            0            0 
[2026-04-03T06:38:26.281+0600][10.593s][info][gc,ref      ] GC(3) O: Weak References:             4855          704            0 
[2026-04-03T06:38:26.281+0600][10.593s][info][gc,ref      ] GC(3) O: Final References:               3            2            0 
[2026-04-03T06:38:26.281+0600][10.593s][info][gc,ref      ] GC(3) O: Phantom References:           290           97            0 
[2026-04-03T06:38:26.281+0600][10.593s][info][gc,reloc    ] GC(3) O:                        Candidates     Selected     In-Place         Size        Empty    Relocated 
[2026-04-03T06:38:26.281+0600][10.593s][info][gc,reloc    ] GC(3) O: Small Pages:                    9            2            0          18M           0M           0M 
[2026-04-03T06:38:26.281+0600][10.593s][info][gc,reloc    ] GC(3) O: Medium Pages:                   0            0            0           0M           0M           0M 
[2026-04-03T06:38:26.281+0600][10.593s][info][gc,reloc    ] GC(3) O: Large Pages:                    0            0            0           0M           0M           0M 
[2026-04-03T06:38:26.281+0600][10.593s][info][gc,reloc    ] GC(3) O: Forwarding Usage: 0M
[2026-04-03T06:38:26.281+0600][10.593s][info][gc,heap     ] GC(3) O: Min Capacity: 8M(0%)
[2026-04-03T06:38:26.281+0600][10.593s][info][gc,heap     ] GC(3) O: Max Capacity: 3922M(100%)
[2026-04-03T06:38:26.281+0600][10.593s][info][gc,heap     ] GC(3) O: Soft Max Capacity: 3529M(90%)
[2026-04-03T06:38:26.281+0600][10.593s][info][gc,heap     ] GC(3) O: Heap Statistics:
[2026-04-03T06:38:26.281+0600][10.593s][info][gc,heap     ] GC(3) O:                Mark Start          Mark End        Relocate Start      Relocate End           High               Low         
[2026-04-03T06:38:26.281+0600][10.593s][info][gc,heap     ] GC(3) O:  Capacity:      706M (18%)         742M (19%)         742M (19%)         742M (19%)         742M (19%)         706M (18%)    
[2026-04-03T06:38:26.281+0600][10.593s][info][gc,heap     ] GC(3) O:      Free:     3216M (82%)        3750M (96%)        3726M (95%)        3726M (95%)        3772M (96%)        3180M (81%)    
[2026-04-03T06:38:26.281+0600][10.593s][info][gc,heap     ] GC(3) O:      Used:      706M (18%)         172M (4%)          196M (5%)          196M (5%)          742M (19%)         150M (4%)     
[2026-04-03T06:38:26.281+0600][10.593s][info][gc,heap     ] GC(3) O: Old Generation Statistics:
[2026-04-03T06:38:26.281+0600][10.593s][info][gc,heap     ] GC(3) O:                Mark Start          Mark End        Relocate Start      Relocate End    
[2026-04-03T06:38:26.281+0600][10.593s][info][gc,heap     ] GC(3) O:      Used:       18M (0%)           92M (2%)           92M (2%)           92M (2%)     
[2026-04-03T06:38:26.281+0600][10.593s][info][gc,heap     ] GC(3) O:      Live:         -                11M (0%)           11M (0%)           11M (0%)     
[2026-04-03T06:38:26.281+0600][10.593s][info][gc,heap     ] GC(3) O:   Garbage:         -                 6M (0%)            6M (0%)            0M (0%)     
[2026-04-03T06:38:26.281+0600][10.593s][info][gc,heap     ] GC(3) O: Allocated:         -                74M (2%)           74M (2%)           79M (2%)     
[2026-04-03T06:38:26.281+0600][10.593s][info][gc,heap     ] GC(3) O: Reclaimed:         -                  -                 0M (0%)            5M (0%)     
[2026-04-03T06:38:26.281+0600][10.593s][info][gc,heap     ] GC(3) O: Compacted:         -                  -                  -                 0M (0%)     
[2026-04-03T06:38:26.281+0600][10.593s][info][gc,phases   ] GC(3) O: Old Generation 154M(4%)->196M(5%) 0.161s
[2026-04-03T06:38:26.281+0600][10.594s][info][gc          ] GC(3) Major Collection (Warmup) 706M(18%)->196M(5%) 0.304s
[2026-04-03T06:38:28.851+0600][13.163s][info][gc          ] GC(4) Major Collection (Warmup)
[2026-04-03T06:38:28.851+0600][13.163s][info][gc,task     ] GC(4) Using 3 Workers for Young Generation
[2026-04-03T06:38:28.851+0600][13.164s][info][gc,task     ] GC(4) Using 1 Workers for Old Generation
[2026-04-03T06:38:28.851+0600][13.164s][info][gc,phases   ] GC(4) Y: Young Generation
[2026-04-03T06:38:28.852+0600][13.164s][info][gc,phases   ] GC(4) Y: Pause Mark Start (Major) 0.031ms
[2026-04-03T06:38:28.876+0600][13.188s][info][gc,phases   ] GC(4) Y: Concurrent Mark 23.489ms
[2026-04-03T06:38:28.876+0600][13.188s][info][gc,phases   ] GC(4) Y: Pause Mark End 0.035ms
[2026-04-03T06:38:28.876+0600][13.188s][info][gc,phases   ] GC(4) Y: Concurrent Mark Free 0.003ms
[2026-04-03T06:38:28.876+0600][13.188s][info][gc,phases   ] GC(4) Y: Concurrent Reset Relocation Set 0.054ms
[2026-04-03T06:38:28.879+0600][13.191s][info][gc,reloc    ] GC(4) Y: Using tenuring threshold: 2 (Computed)
[2026-04-03T06:38:28.879+0600][13.191s][info][gc,phases   ] GC(4) Y: Concurrent Select Relocation Set 2.813ms
[2026-04-03T06:38:28.879+0600][13.191s][info][gc,phases   ] GC(4) Y: Pause Relocate Start 0.026ms
[2026-04-03T06:38:28.880+0600][13.192s][info][gc,phases   ] GC(4) Y: Concurrent Relocate 1.057ms
[2026-04-03T06:38:28.880+0600][13.193s][info][gc,alloc    ] GC(4) Y:                         Mark Start        Mark End      Relocate Start    Relocate End   
[2026-04-03T06:38:28.880+0600][13.193s][info][gc,alloc    ] GC(4) Y: Allocation Stalls:          0                0                0                0         
[2026-04-03T06:38:28.880+0600][13.193s][info][gc,load     ] GC(4) Y: Load: 11.53 (96%) / 8.09 (67%) / 5.79 (48%)
[2026-04-03T06:38:28.880+0600][13.193s][info][gc,mmu      ] GC(4) Y: MMU: 2ms/97.8%, 5ms/98.8%, 10ms/99.4%, 20ms/99.7%, 50ms/99.8%, 100ms/99.8%
[2026-04-03T06:38:28.880+0600][13.193s][info][gc,marking  ] GC(4) Y: Mark: 2 stripe(s), 3 proactive flush(es), 1 terminate flush(es), 0 completion(s), 0 continuation(s) 
[2026-04-03T06:38:28.880+0600][13.193s][info][gc,marking  ] GC(4) Y: Mark Stack Usage: 32M
[2026-04-03T06:38:28.880+0600][13.193s][info][gc,nmethod  ] GC(4) Y: NMethods: 8087 registered, 1080 unregistered
[2026-04-03T06:38:28.880+0600][13.193s][info][gc,metaspace] GC(4) Y: Metaspace: 33M used, 34M committed, 1088M reserved
[2026-04-03T06:38:28.880+0600][13.193s][info][gc,reloc    ] GC(4) Y:                        Candidates     Selected     In-Place         Size        Empty    Relocated 
[2026-04-03T06:38:28.880+0600][13.193s][info][gc,reloc    ] GC(4) Y: Small Pages:                  484           92            0         968M         782M           0M 
[2026-04-03T06:38:28.880+0600][13.193s][info][gc,reloc    ] GC(4) Y: Medium Pages:                   0            0            0           0M           0M           0M 
[2026-04-03T06:38:28.881+0600][13.193s][info][gc,reloc    ] GC(4) Y: Large Pages:                    0            0            0           0M           0M           0M 
[2026-04-03T06:38:28.881+0600][13.193s][info][gc,reloc    ] GC(4) Y: Forwarding Usage: 0M
[2026-04-03T06:38:28.881+0600][13.193s][info][gc,reloc    ] GC(4) Y: Age Table:
[2026-04-03T06:38:28.881+0600][13.193s][info][gc,reloc    ] GC(4) Y:                    Live             Garbage             Small              Medium             Large        
[2026-04-03T06:38:28.881+0600][13.193s][info][gc,reloc    ] GC(4) Y: Eden               0M (0%)          945M (24%)        473 / 82             0 / 0              0 / 0        
[2026-04-03T06:38:28.881+0600][13.193s][info][gc,reloc    ] GC(4) Y: Survivor 1         0M (0%)           21M (1%)          11 / 10             0 / 0              0 / 0        
[2026-04-03T06:38:28.881+0600][13.193s][info][gc,heap     ] GC(4) Y: Min Capacity: 8M(0%)
[2026-04-03T06:38:28.881+0600][13.193s][info][gc,heap     ] GC(4) Y: Max Capacity: 3922M(100%)
[2026-04-03T06:38:28.881+0600][13.193s][info][gc,heap     ] GC(4) Y: Soft Max Capacity: 3529M(90%)
[2026-04-03T06:38:28.881+0600][13.193s][info][gc,heap     ] GC(4) Y: Heap Statistics:
[2026-04-03T06:38:28.881+0600][13.193s][info][gc,heap     ] GC(4) Y:                Mark Start          Mark End        Relocate Start      Relocate End           High               Low         
[2026-04-03T06:38:28.881+0600][13.193s][info][gc,heap     ] GC(4) Y:  Capacity:     1060M (27%)        1090M (28%)        1090M (28%)        1090M (28%)        1090M (28%)        1060M (27%)    
[2026-04-03T06:38:28.881+0600][13.193s][info][gc,heap     ] GC(4) Y:      Free:     2862M (73%)        2840M (72%)        3622M (92%)        3774M (96%)        3774M (96%)        2832M (72%)    
[2026-04-03T06:38:28.881+0600][13.193s][info][gc,heap     ] GC(4) Y:      Used:     1060M (27%)        1082M (28%)         300M (8%)          148M (4%)         1090M (28%)         148M (4%)     
[2026-04-03T06:38:28.881+0600][13.193s][info][gc,heap     ] GC(4) Y: Young Generation Statistics:
[2026-04-03T06:38:28.881+0600][13.193s][info][gc,heap     ] GC(4) Y:                Mark Start          Mark End        Relocate Start      Relocate End    
[2026-04-03T06:38:28.881+0600][13.193s][info][gc,heap     ] GC(4) Y:      Used:      968M (25%)         990M (25%)         208M (5%)           56M (1%)     
[2026-04-03T06:38:28.881+0600][13.193s][info][gc,heap     ] GC(4) Y:      Live:         -                 0M (0%)            0M (0%)            0M (0%)     
[2026-04-03T06:38:28.881+0600][13.193s][info][gc,heap     ] GC(4) Y:   Garbage:         -               967M (25%)         185M (5%)            0M (0%)     
[2026-04-03T06:38:28.881+0600][13.193s][info][gc,heap     ] GC(4) Y: Allocated:         -                22M (1%)           22M (1%)           55M (1%)     
[2026-04-03T06:38:28.881+0600][13.193s][info][gc,heap     ] GC(4) Y: Reclaimed:         -                  -               782M (20%)         967M (25%)    
[2026-04-03T06:38:28.881+0600][13.193s][info][gc,heap     ] GC(4) Y:  Promoted:         -                  -                 0M (0%)            0M (0%)     
[2026-04-03T06:38:28.881+0600][13.193s][info][gc,heap     ] GC(4) Y: Compacted:         -                  -                  -                 0M (0%)     
[2026-04-03T06:38:28.881+0600][13.193s][info][gc,phases   ] GC(4) Y: Young Generation 1060M(27%)->148M(4%) 0.029s
[2026-04-03T06:38:28.881+0600][13.193s][info][gc,phases   ] GC(4) O: Old Generation
[2026-04-03T06:38:28.978+0600][13.290s][info][gc,phases   ] GC(4) O: Concurrent Mark 96.791ms
[2026-04-03T06:38:28.978+0600][13.290s][info][gc,phases   ] GC(4) O: Pause Mark End 0.037ms
[2026-04-03T06:38:28.978+0600][13.290s][info][gc,phases   ] GC(4) O: Concurrent Mark Free 0.003ms
[2026-04-03T06:38:29.050+0600][13.362s][info][gc,phases   ] GC(4) O: Concurrent Process Non-Strong 71.946ms
[2026-04-03T06:38:29.050+0600][13.362s][info][gc,phases   ] GC(4) O: Concurrent Reset Relocation Set 0.003ms
[2026-04-03T06:38:29.053+0600][13.366s][info][gc,phases   ] GC(4) O: Concurrent Select Relocation Set 3.216ms
[2026-04-03T06:38:29.054+0600][13.366s][info][gc,task     ] GC(4) O: Using 3 Workers for Old Generation
[2026-04-03T06:38:29.081+0600][13.393s][info][gc,task     ] GC(4) O: Using 1 Workers for Old Generation
[2026-04-03T06:38:29.081+0600][13.394s][info][gc,phases   ] GC(4) O: Concurrent Remap Roots 27.823ms
[2026-04-03T06:38:29.082+0600][13.394s][info][gc,phases   ] GC(4) O: Pause Relocate Start 0.026ms
[2026-04-03T06:38:29.095+0600][13.407s][info][gc,phases   ] GC(4) O: Concurrent Relocate 13.323ms
[2026-04-03T06:38:29.095+0600][13.407s][info][gc,alloc    ] GC(4) O:                         Mark Start        Mark End      Relocate Start    Relocate End   
[2026-04-03T06:38:29.095+0600][13.407s][info][gc,alloc    ] GC(4) O: Allocation Stalls:          0                0                0                0         
[2026-04-03T06:38:29.095+0600][13.407s][info][gc,load     ] GC(4) O: Load: 11.53 (96%) / 8.09 (67%) / 5.79 (48%)
[2026-04-03T06:38:29.095+0600][13.407s][info][gc,mmu      ] GC(4) O: MMU: 2ms/97.8%, 5ms/98.8%, 10ms/99.4%, 20ms/99.7%, 50ms/99.8%, 100ms/99.8%
[2026-04-03T06:38:29.095+0600][13.407s][info][gc,marking  ] GC(4) O: Mark: 1 stripe(s), 2 proactive flush(es), 1 terminate flush(es), 0 completion(s), 0 continuation(s) 
[2026-04-03T06:38:29.095+0600][13.408s][info][gc,marking  ] GC(4) O: Mark Stack Usage: 32M
[2026-04-03T06:38:29.095+0600][13.408s][info][gc,nmethod  ] GC(4) O: NMethods: 7792 registered, 1405 unregistered
[2026-04-03T06:38:29.095+0600][13.408s][info][gc,metaspace] GC(4) O: Metaspace: 33M used, 34M committed, 1088M reserved
[2026-04-03T06:38:29.095+0600][13.408s][info][gc,ref      ] GC(4) O:                       Encountered   Discovered     Enqueued 
[2026-04-03T06:38:29.095+0600][13.408s][info][gc,ref      ] GC(4) O: Soft References:             4639            0            0 
[2026-04-03T06:38:29.095+0600][13.408s][info][gc,ref      ] GC(4) O: Weak References:             4857         2841         1367 
[2026-04-03T06:38:29.095+0600][13.408s][info][gc,ref      ] GC(4) O: Final References:               3            1            0 
[2026-04-03T06:38:29.095+0600][13.408s][info][gc,ref      ] GC(4) O: Phantom References:           283          185            1 
[2026-04-03T06:38:29.095+0600][13.408s][info][gc,reloc    ] GC(4) O:                        Candidates     Selected     In-Place         Size        Empty    Relocated 
[2026-04-03T06:38:29.095+0600][13.408s][info][gc,reloc    ] GC(4) O: Small Pages:                   30           19            0          60M           0M           3M 
[2026-04-03T06:38:29.096+0600][13.408s][info][gc,reloc    ] GC(4) O: Medium Pages:                   1            0            0          32M           0M           0M 
[2026-04-03T06:38:29.096+0600][13.408s][info][gc,reloc    ] GC(4) O: Large Pages:                    0            0            0           0M           0M           0M 
[2026-04-03T06:38:29.096+0600][13.408s][info][gc,reloc    ] GC(4) O: Forwarding Usage: 1M
[2026-04-03T06:38:29.096+0600][13.408s][info][gc,heap     ] GC(4) O: Min Capacity: 8M(0%)
[2026-04-03T06:38:29.096+0600][13.408s][info][gc,heap     ] GC(4) O: Max Capacity: 3922M(100%)
[2026-04-03T06:38:29.096+0600][13.408s][info][gc,heap     ] GC(4) O: Soft Max Capacity: 3529M(90%)
[2026-04-03T06:38:29.096+0600][13.408s][info][gc,heap     ] GC(4) O: Heap Statistics:
[2026-04-03T06:38:29.096+0600][13.408s][info][gc,heap     ] GC(4) O:                Mark Start          Mark End        Relocate Start      Relocate End           High               Low         
[2026-04-03T06:38:29.096+0600][13.408s][info][gc,heap     ] GC(4) O:  Capacity:     1060M (27%)        1090M (28%)        1090M (28%)        1090M (28%)        1090M (28%)        1060M (27%)    
[2026-04-03T06:38:29.096+0600][13.408s][info][gc,heap     ] GC(4) O:      Free:     2862M (73%)        3742M (95%)        3704M (94%)        3718M (95%)        3774M (96%)        2832M (72%)    
[2026-04-03T06:38:29.096+0600][13.408s][info][gc,heap     ] GC(4) O:      Used:     1060M (27%)         180M (5%)          218M (6%)          204M (5%)         1090M (28%)         148M (4%)     
[2026-04-03T06:38:29.096+0600][13.408s][info][gc,heap     ] GC(4) O: Old Generation Statistics:
[2026-04-03T06:38:29.096+0600][13.408s][info][gc,heap     ] GC(4) O:                Mark Start          Mark End        Relocate Start      Relocate End    
[2026-04-03T06:38:29.096+0600][13.408s][info][gc,heap     ] GC(4) O:      Used:       92M (2%)           92M (2%)           92M (2%)           74M (2%)     
[2026-04-03T06:38:29.096+0600][13.408s][info][gc,heap     ] GC(4) O:      Live:         -                19M (0%)           19M (0%)           19M (0%)     
[2026-04-03T06:38:29.096+0600][13.408s][info][gc,heap     ] GC(4) O:   Garbage:         -                72M (2%)           72M (2%)           33M (1%)     
[2026-04-03T06:38:29.096+0600][13.408s][info][gc,heap     ] GC(4) O: Allocated:         -                 0M (0%)            0M (0%)           21M (1%)     
[2026-04-03T06:38:29.096+0600][13.408s][info][gc,heap     ] GC(4) O: Reclaimed:         -                  -                 0M (0%)           39M (1%)     
[2026-04-03T06:38:29.096+0600][13.408s][info][gc,heap     ] GC(4) O: Compacted:         -                  -                  -                 4M (0%)     
[2026-04-03T06:38:29.096+0600][13.408s][info][gc,phases   ] GC(4) O: Old Generation 148M(4%)->204M(5%) 0.214s
[2026-04-03T06:38:29.096+0600][13.408s][info][gc          ] GC(4) Major Collection (Warmup) 1060M(27%)->204M(5%) 0.245s
[2026-04-03T06:38:34.591+0600][18.903s][info][gc          ] GC(5) Minor Collection (Allocation Rate)
[2026-04-03T06:38:34.591+0600][18.903s][info][gc,task     ] GC(5) Using 1 Workers for Young Generation
[2026-04-03T06:38:34.591+0600][18.903s][info][gc,phases   ] GC(5) y: Young Generation
[2026-04-03T06:38:34.591+0600][18.903s][info][gc,phases   ] GC(5) y: Pause Mark Start 0.023ms
[2026-04-03T06:38:34.609+0600][18.921s][info][gc,phases   ] GC(5) y: Concurrent Mark 18.046ms
[2026-04-03T06:38:34.609+0600][18.922s][info][gc,phases   ] GC(5) y: Pause Mark End 0.022ms
[2026-04-03T06:38:34.610+0600][18.922s][info][gc,phases   ] GC(5) y: Concurrent Mark Free 0.002ms
[2026-04-03T06:38:34.610+0600][18.922s][info][gc,phases   ] GC(5) y: Concurrent Reset Relocation Set 0.010ms
[2026-04-03T06:38:34.612+0600][18.925s][info][gc,reloc    ] GC(5) y: Using tenuring threshold: 2 (Computed)
[2026-04-03T06:38:34.613+0600][18.925s][info][gc,phases   ] GC(5) y: Concurrent Select Relocation Set 3.353ms
[2026-04-03T06:38:34.613+0600][18.925s][info][gc,phases   ] GC(5) y: Pause Relocate Start 0.032ms
[2026-04-03T06:38:34.615+0600][18.928s][info][gc,phases   ] GC(5) y: Concurrent Relocate 1.988ms
[2026-04-03T06:38:34.616+0600][18.928s][info][gc,alloc    ] GC(5) y:                         Mark Start        Mark End      Relocate Start    Relocate End   
[2026-04-03T06:38:34.616+0600][18.928s][info][gc,alloc    ] GC(5) y: Allocation Stalls:          0                0                0                0         
[2026-04-03T06:38:34.616+0600][18.928s][info][gc,load     ] GC(5) y: Load: 11.25 (94%) / 8.09 (67%) / 5.80 (48%)
[2026-04-03T06:38:34.616+0600][18.928s][info][gc,mmu      ] GC(5) y: MMU: 2ms/97.8%, 5ms/98.8%, 10ms/99.4%, 20ms/99.7%, 50ms/99.8%, 100ms/99.8%
[2026-04-03T06:38:34.616+0600][18.928s][info][gc,marking  ] GC(5) y: Mark: 1 stripe(s), 2 proactive flush(es), 1 terminate flush(es), 0 completion(s), 0 continuation(s) 
[2026-04-03T06:38:34.616+0600][18.928s][info][gc,marking  ] GC(5) y: Mark Stack Usage: 32M
[2026-04-03T06:38:34.616+0600][18.928s][info][gc,nmethod  ] GC(5) y: NMethods: 8422 registered, 1405 unregistered
[2026-04-03T06:38:34.616+0600][18.928s][info][gc,metaspace] GC(5) y: Metaspace: 33M used, 34M committed, 1088M reserved
[2026-04-03T06:38:34.616+0600][18.928s][info][gc,reloc    ] GC(5) y:                        Candidates     Selected     In-Place         Size        Empty    Relocated 
[2026-04-03T06:38:34.616+0600][18.928s][info][gc,reloc    ] GC(5) y: Small Pages:                 1330          126            0        2660M        2406M           0M 
[2026-04-03T06:38:34.616+0600][18.928s][info][gc,reloc    ] GC(5) y: Medium Pages:                   0            0            0           0M           0M           0M 
[2026-04-03T06:38:34.616+0600][18.928s][info][gc,reloc    ] GC(5) y: Large Pages:                    0            0            0           0M           0M           0M 
[2026-04-03T06:38:34.616+0600][18.928s][info][gc,reloc    ] GC(5) y: Forwarding Usage: 0M
[2026-04-03T06:38:34.616+0600][18.928s][info][gc,reloc    ] GC(5) y: Age Table:
[2026-04-03T06:38:34.616+0600][18.928s][info][gc,reloc    ] GC(5) y:                    Live             Garbage             Small              Medium             Large        
[2026-04-03T06:38:34.616+0600][18.928s][info][gc,reloc    ] GC(5) y: Eden               0M (0%)         2629M (67%)       1315 / 116            0 / 0              0 / 0        
[2026-04-03T06:38:34.616+0600][18.928s][info][gc,reloc    ] GC(5) y: Survivor 1         0M (0%)           15M (0%)           8 / 3              0 / 0              0 / 0        
[2026-04-03T06:38:34.616+0600][18.928s][info][gc,reloc    ] GC(5) y: Survivor 2         0M (0%)           13M (0%)           7 / 7              0 / 0              0 / 0        
[2026-04-03T06:38:34.616+0600][18.928s][info][gc,heap     ] GC(5) y: Min Capacity: 8M(0%)
[2026-04-03T06:38:34.616+0600][18.928s][info][gc,heap     ] GC(5) y: Max Capacity: 3922M(100%)
[2026-04-03T06:38:34.616+0600][18.928s][info][gc,heap     ] GC(5) y: Soft Max Capacity: 3529M(90%)
[2026-04-03T06:38:34.616+0600][18.928s][info][gc,heap     ] GC(5) y: Heap Statistics:
[2026-04-03T06:38:34.616+0600][18.928s][info][gc,heap     ] GC(5) y:                Mark Start          Mark End        Relocate Start      Relocate End           High               Low         
[2026-04-03T06:38:34.616+0600][18.928s][info][gc,heap     ] GC(5) y:  Capacity:     2734M (70%)        2768M (71%)        2768M (71%)        2768M (71%)        2768M (71%)        2734M (70%)    
[2026-04-03T06:38:34.616+0600][18.928s][info][gc,heap     ] GC(5) y:      Free:     1188M (30%)        1164M (30%)        3570M (91%)        3792M (97%)        3792M (97%)        1154M (29%)    
[2026-04-03T06:38:34.616+0600][18.928s][info][gc,heap     ] GC(5) y:      Used:     2734M (70%)        2758M (70%)         352M (9%)          130M (3%)         2768M (71%)         130M (3%)     
[2026-04-03T06:38:34.616+0600][18.928s][info][gc,heap     ] GC(5) y: Young Generation Statistics:
[2026-04-03T06:38:34.616+0600][18.928s][info][gc,heap     ] GC(5) y:                Mark Start          Mark End        Relocate Start      Relocate End    
[2026-04-03T06:38:34.616+0600][18.928s][info][gc,heap     ] GC(5) y:      Used:     2660M (68%)        2684M (68%)         278M (7%)           54M (1%)     
[2026-04-03T06:38:34.616+0600][18.928s][info][gc,heap     ] GC(5) y:      Live:         -                 0M (0%)            0M (0%)            0M (0%)     
[2026-04-03T06:38:34.616+0600][18.928s][info][gc,heap     ] GC(5) y:   Garbage:         -              2659M (68%)         253M (6%)            0M (0%)     
[2026-04-03T06:38:34.616+0600][18.928s][info][gc,heap     ] GC(5) y: Allocated:         -                24M (1%)           24M (1%)           53M (1%)     
[2026-04-03T06:38:34.616+0600][18.928s][info][gc,heap     ] GC(5) y: Reclaimed:         -                  -              2406M (61%)        2659M (68%)    
[2026-04-03T06:38:34.616+0600][18.928s][info][gc,heap     ] GC(5) y:  Promoted:         -                  -                 0M (0%)            0M (0%)     
[2026-04-03T06:38:34.616+0600][18.928s][info][gc,heap     ] GC(5) y: Compacted:         -                  -                  -                 0M (0%)     
[2026-04-03T06:38:34.616+0600][18.928s][info][gc,phases   ] GC(5) y: Young Generation 2734M(70%)->130M(3%) 0.025s
[2026-04-03T06:38:34.616+0600][18.928s][info][gc          ] GC(5) Minor Collection (Allocation Rate) 2734M(70%)->130M(3%) 0.025s
[2026-04-03T06:38:37.595+0600][21.907s][info][gc,exit     ] Stopping ZGC
[2026-04-03T06:38:37.596+0600][21.908s][info][gc,stats    ] === Garbage Collection Statistics =======================================================================================================================
[2026-04-03T06:38:37.596+0600][21.908s][info][gc,stats    ]                                                              Last 10s              Last 10m              Last 10h                Total
[2026-04-03T06:38:37.596+0600][21.908s][info][gc,stats    ]                                                              Avg / Max             Avg / Max             Avg / Max             Avg / Max
[2026-04-03T06:38:37.596+0600][21.908s][info][gc,stats    ]        Contention: Mark Segment Reset Contention                     0 / 3                 7 / 73                7 / 73                7 / 73          ops/s
[2026-04-03T06:38:37.596+0600][21.908s][info][gc,stats    ]        Contention: Mark SeqNum Reset Contention                      0 / 1                 0 / 2                 0 / 2                 0 / 2           ops/s
[2026-04-03T06:38:37.596+0600][21.908s][info][gc,stats    ]          Critical: Allocation Stall                                  0 / 0                 0 / 0                 0 / 0                 0 / 0           ops/s
[2026-04-03T06:38:37.596+0600][21.908s][info][gc,stats    ]          Critical: Allocation Stall                              0.000 / 0.000         0.000 / 0.000         0.000 / 0.000         0.000 / 0.000       ms
[2026-04-03T06:38:37.596+0600][21.908s][info][gc,stats    ]          Critical: JNI Critical Stall                                0 / 1                 0 / 1                 0 / 1                 0 / 1           ops/s
[2026-04-03T06:38:37.596+0600][21.908s][info][gc,stats    ]          Critical: JNI Critical Stall                            0.441 / 0.441         0.542 / 0.643         0.542 / 0.643         0.542 / 0.643       ms
[2026-04-03T06:38:37.596+0600][21.908s][info][gc,stats    ]          Critical: Relocation Stall                                  0 / 0                 0 / 0                 0 / 0                 0 / 0           ops/s
[2026-04-03T06:38:37.596+0600][21.908s][info][gc,stats    ]          Critical: Relocation Stall                              0.000 / 0.000         0.000 / 0.000         0.000 / 0.000         0.000 / 0.000       ms
[2026-04-03T06:38:37.596+0600][21.908s][info][gc,stats    ]  Major Collection: Major Collection                            244.571 / 244.571     205.019 / 304.477     205.019 / 304.477     205.019 / 304.477     ms
[2026-04-03T06:38:37.596+0600][21.908s][info][gc,stats    ]            Memory: Allocation Rate                                 467 / 572             298 / 572             298 / 572             298 / 572         MB/s
[2026-04-03T06:38:37.596+0600][21.908s][info][gc,stats    ]            Memory: Defragment                                        0 / 0                 0 / 0                 0 / 0                 0 / 0           ops/s
[2026-04-03T06:38:37.596+0600][21.908s][info][gc,stats    ]            Memory: Out Of Memory                                     0 / 0                 0 / 0                 0 / 0                 0 / 0           ops/s
[2026-04-03T06:38:37.596+0600][21.908s][info][gc,stats    ]            Memory: Page Cache Flush                                  0 / 0                 0 / 0                 0 / 0                 0 / 0           MB/s
[2026-04-03T06:38:37.596+0600][21.908s][info][gc,stats    ]            Memory: Page Cache Hit L1                               133 / 265              85 / 265              85 / 265              85 / 265         ops/s
[2026-04-03T06:38:37.596+0600][21.908s][info][gc,stats    ]            Memory: Page Cache Hit L2                                 0 / 0                 0 / 0                 0 / 0                 0 / 0           ops/s
[2026-04-03T06:38:37.596+0600][21.908s][info][gc,stats    ]            Memory: Page Cache Hit L3                                 0 / 0                 5 / 40                5 / 40                5 / 40          ops/s
[2026-04-03T06:38:37.596+0600][21.908s][info][gc,stats    ]            Memory: Page Cache Miss                                 101 / 236              60 / 236              60 / 236              60 / 236         ops/s
[2026-04-03T06:38:37.596+0600][21.908s][info][gc,stats    ]            Memory: Uncommit                                          0 / 0                 0 / 0                 0 / 0                 0 / 0           MB/s
[2026-04-03T06:38:37.596+0600][21.908s][info][gc,stats    ]            Memory: Undo Object Allocation Failed                     0 / 0                 0 / 0                 0 / 0                 0 / 0           ops/s
[2026-04-03T06:38:37.596+0600][21.908s][info][gc,stats    ]            Memory: Undo Object Allocation Succeeded                  0 / 5                 0 / 5                 0 / 5                 0 / 5           ops/s
[2026-04-03T06:38:37.596+0600][21.908s][info][gc,stats    ]            Memory: Undo Page Allocation                              5 / 23                3 / 23                3 / 23                3 / 23          ops/s
[2026-04-03T06:38:37.596+0600][21.908s][info][gc,stats    ]  Minor Collection: Minor Collection                             25.049 / 25.049       25.049 / 25.049       25.049 / 25.049       25.049 / 25.049      ms
[2026-04-03T06:38:37.596+0600][21.908s][info][gc,stats    ]    Old Generation: Old Generation                              214.334 / 214.334     112.018 / 214.334     112.018 / 214.334     112.018 / 214.334     ms
[2026-04-03T06:38:37.596+0600][21.908s][info][gc,stats    ]         Old Pause: Pause Mark End                                0.037 / 0.037         0.031 / 0.045         0.031 / 0.045         0.031 / 0.045       ms
[2026-04-03T06:38:37.596+0600][21.908s][info][gc,stats    ]         Old Pause: Pause Relocate Start                          0.026 / 0.026         0.027 / 0.033         0.027 / 0.033         0.027 / 0.033       ms
[2026-04-03T06:38:37.596+0600][21.908s][info][gc,stats    ]         Old Phase: Concurrent Mark                              96.791 / 96.791       49.281 / 96.791       49.281 / 96.791       49.281 / 96.791      ms
[2026-04-03T06:38:37.596+0600][21.908s][info][gc,stats    ]         Old Phase: Concurrent Mark Continue                      0.000 / 0.000         0.000 / 0.000         0.000 / 0.000         0.000 / 0.000       ms
[2026-04-03T06:38:37.596+0600][21.908s][info][gc,stats    ]         Old Phase: Concurrent Mark Free                          0.003 / 0.003         0.002 / 0.003         0.002 / 0.003         0.002 / 0.003       ms
[2026-04-03T06:38:37.596+0600][21.908s][info][gc,stats    ]         Old Phase: Concurrent Process Non-Strong                71.946 / 71.946       30.992 / 71.946       30.992 / 71.946       30.992 / 71.946      ms
[2026-04-03T06:38:37.596+0600][21.908s][info][gc,stats    ]         Old Phase: Concurrent Relocate                          13.323 / 13.323        3.912 / 13.323        3.912 / 13.323        3.912 / 13.323      ms
[2026-04-03T06:38:37.596+0600][21.908s][info][gc,stats    ]         Old Phase: Concurrent Remap Roots                       27.823 / 27.823       22.696 / 30.077       22.696 / 30.077       22.696 / 30.077      ms
[2026-04-03T06:38:37.596+0600][21.908s][info][gc,stats    ]         Old Phase: Concurrent Reset Relocation Set               0.003 / 0.003         0.002 / 0.003         0.002 / 0.003         0.002 / 0.003       ms
[2026-04-03T06:38:37.596+0600][21.908s][info][gc,stats    ]         Old Phase: Concurrent Select Relocation Set              3.216 / 3.216         3.914 / 6.955         3.914 / 6.955         3.914 / 6.955       ms
[2026-04-03T06:38:37.596+0600][21.908s][info][gc,stats    ]      Old Subphase: Concurrent Classes Purge                      1.238 / 1.238         1.006 / 1.853         1.006 / 1.853         1.006 / 1.853       ms
[2026-04-03T06:38:37.596+0600][21.908s][info][gc,stats    ]      Old Subphase: Concurrent Classes Unlink                    66.657 / 66.657       27.430 / 66.657       27.430 / 66.657       27.430 / 66.657      ms
[2026-04-03T06:38:37.596+0600][21.908s][info][gc,stats    ]      Old Subphase: Concurrent Mark Follow                       95.492 / 95.492       48.307 / 95.492       48.307 / 95.492       48.307 / 95.492      ms
[2026-04-03T06:38:37.596+0600][21.908s][info][gc,stats    ]      Old Subphase: Concurrent Mark Root Colored                  0.198 / 0.198         0.167 / 0.260         0.167 / 0.260         0.167 / 0.260       ms
[2026-04-03T06:38:37.596+0600][21.908s][info][gc,stats    ]      Old Subphase: Concurrent Mark Root Uncolored                0.473 / 0.473         0.464 / 0.816         0.464 / 0.816         0.464 / 0.816       ms
[2026-04-03T06:38:37.596+0600][21.908s][info][gc,stats    ]      Old Subphase: Concurrent Mark Roots                         1.290 / 1.290         0.965 / 1.290         0.965 / 1.290         0.965 / 1.290       ms
[2026-04-03T06:38:37.596+0600][21.908s][info][gc,stats    ]      Old Subphase: Concurrent References Enqueue                 0.012 / 0.012         0.005 / 0.012         0.005 / 0.012         0.005 / 0.012       ms
[2026-04-03T06:38:37.596+0600][21.908s][info][gc,stats    ]      Old Subphase: Concurrent References Process                 1.125 / 1.125         0.419 / 1.125         0.419 / 1.125         0.419 / 1.125       ms
[2026-04-03T06:38:37.596+0600][21.908s][info][gc,stats    ]      Old Subphase: Concurrent Remap Remembered                  21.137 / 21.209       18.116 / 22.985       18.116 / 22.985       18.116 / 22.985      ms
[2026-04-03T06:38:37.596+0600][21.908s][info][gc,stats    ]      Old Subphase: Concurrent Remap Roots Colored                1.705 / 2.602         1.325 / 2.602         1.325 / 2.602         1.325 / 2.602       ms
[2026-04-03T06:38:37.596+0600][21.908s][info][gc,stats    ]      Old Subphase: Concurrent Remap Roots Uncolored              4.489 / 4.979         2.768 / 4.979         2.768 / 4.979         2.768 / 4.979       ms
[2026-04-03T06:38:37.596+0600][21.908s][info][gc,stats    ]      Old Subphase: Concurrent Roots ClassLoaderDataGraph         1.134 / 2.383         0.751 / 2.383         0.751 / 2.383         0.751 / 2.383       ms
[2026-04-03T06:38:37.596+0600][21.908s][info][gc,stats    ]      Old Subphase: Concurrent Roots CodeCache                    4.475 / 4.946         2.754 / 4.946         2.754 / 4.946         2.754 / 4.946       ms
[2026-04-03T06:38:37.596+0600][21.908s][info][gc,stats    ]      Old Subphase: Concurrent Roots JavaThreads                  0.181 / 0.472         0.149 / 0.815         0.149 / 0.815         0.149 / 0.815       ms
[2026-04-03T06:38:37.596+0600][21.908s][info][gc,stats    ]      Old Subphase: Concurrent Roots OopStorageSet                0.033 / 0.059         0.024 / 0.083         0.024 / 0.083         0.024 / 0.083       ms
[2026-04-03T06:38:37.596+0600][21.908s][info][gc,stats    ]      Old Subphase: Concurrent Weak Roots OopStorageSet           0.800 / 2.522         0.614 / 2.680         0.614 / 2.680         0.614 / 2.680       ms
[2026-04-03T06:38:37.596+0600][21.908s][info][gc,stats    ]            System: Java Threads                                     40 / 41               36 / 41               36 / 41               36 / 41          threads
[2026-04-03T06:38:37.596+0600][21.908s][info][gc,stats    ]  Young Generation: Young Generation                             28.952 / 28.952       99.749 / 141.708      99.749 / 141.708      99.749 / 141.708     ms
[2026-04-03T06:38:37.596+0600][21.908s][info][gc,stats    ]  Young Generation: Young Generation                             24.607 / 24.607       24.607 / 24.607       24.607 / 24.607       24.607 / 24.607      ms
[2026-04-03T06:38:37.596+0600][21.908s][info][gc,stats    ]  Young Generation: Young Generation (Collect Roots)              0.000 / 0.000        10.594 / 10.594       10.594 / 10.594       10.594 / 10.594      ms
[2026-04-03T06:38:37.596+0600][21.908s][info][gc,stats    ]  Young Generation: Young Generation (Promote All)                0.000 / 0.000        49.582 / 49.582       49.582 / 49.582       49.582 / 49.582      ms
[2026-04-03T06:38:37.596+0600][21.908s][info][gc,stats    ]       Young Pause: Pause Mark End                                0.028 / 0.035         0.029 / 0.038         0.029 / 0.038         0.029 / 0.038       ms
[2026-04-03T06:38:37.596+0600][21.908s][info][gc,stats    ]       Young Pause: Pause Mark Start                              0.023 / 0.023         0.021 / 0.023         0.021 / 0.023         0.021 / 0.023       ms
[2026-04-03T06:38:37.596+0600][21.908s][info][gc,stats    ]       Young Pause: Pause Mark Start (Major)                      0.031 / 0.031         0.027 / 0.035         0.027 / 0.035         0.027 / 0.035       ms
[2026-04-03T06:38:37.596+0600][21.908s][info][gc,stats    ]       Young Pause: Pause Relocate Start                          0.029 / 0.032         0.023 / 0.032         0.023 / 0.032         0.023 / 0.032       ms
[2026-04-03T06:38:37.596+0600][21.908s][info][gc,stats    ]       Young Phase: Concurrent Mark                              20.767 / 23.489       41.611 / 92.291       41.611 / 92.291       41.611 / 92.291      ms
[2026-04-03T06:38:37.596+0600][21.908s][info][gc,stats    ]       Young Phase: Concurrent Mark Continue                      0.000 / 0.000         0.000 / 0.000         0.000 / 0.000         0.000 / 0.000       ms
[2026-04-03T06:38:37.596+0600][21.908s][info][gc,stats    ]       Young Phase: Concurrent Mark Free                          0.003 / 0.003         0.028 / 0.179         0.028 / 0.179         0.028 / 0.179       ms
[2026-04-03T06:38:37.596+0600][21.908s][info][gc,stats    ]       Young Phase: Concurrent Relocate                           1.522 / 1.988        14.063 / 32.898       14.063 / 32.898       14.063 / 32.898      ms
[2026-04-03T06:38:37.596+0600][21.908s][info][gc,stats    ]       Young Phase: Concurrent Reset Relocation Set               0.032 / 0.054         0.019 / 0.054         0.019 / 0.054         0.019 / 0.054       ms
[2026-04-03T06:38:37.596+0600][21.908s][info][gc,stats    ]       Young Phase: Concurrent Select Relocation Set              3.083 / 3.353         9.639 / 28.146        9.639 / 28.146        9.639 / 28.146      ms
[2026-04-03T06:38:37.596+0600][21.908s][info][gc,stats    ]    Young Subphase: Concurrent Mark Follow                        7.165 / 10.204       32.972 / 84.055       32.972 / 84.055       32.972 / 84.055      ms
[2026-04-03T06:38:37.596+0600][21.908s][info][gc,stats    ]    Young Subphase: Concurrent Mark Root Colored                  2.244 / 5.219         3.107 / 5.219         3.107 / 5.219         3.107 / 5.219       ms
[2026-04-03T06:38:37.596+0600][21.908s][info][gc,stats    ]    Young Subphase: Concurrent Mark Root Uncolored                7.756 / 10.575        4.099 / 10.575        4.099 / 10.575        4.099 / 10.575      ms
[2026-04-03T06:38:37.596+0600][21.908s][info][gc,stats    ]    Young Subphase: Concurrent Mark Roots                        13.593 / 13.912        8.631 / 13.912        8.631 / 13.912        8.631 / 13.912      ms
[2026-04-03T06:38:37.596+0600][21.908s][info][gc,stats    ]    Young Subphase: Concurrent Relocate Remset FP                 0.024 / 0.028         2.950 / 20.447        2.950 / 20.447        2.950 / 20.447      ms
[2026-04-03T06:38:37.596+0600][21.908s][info][gc,stats    ]    Young Subphase: Concurrent Roots ClassLoaderDataGraph         1.287 / 2.603         2.139 / 3.285         2.139 / 3.285         2.139 / 3.285       ms
[2026-04-03T06:38:37.596+0600][21.908s][info][gc,stats    ]    Young Subphase: Concurrent Roots CodeCache                    7.401 / 9.929         3.546 / 9.929         3.546 / 9.929         3.546 / 9.929       ms
[2026-04-03T06:38:37.596+0600][21.909s][info][gc,stats    ]    Young Subphase: Concurrent Roots JavaThreads                  0.243 / 0.763         0.298 / 3.303         0.298 / 3.303         0.298 / 3.303       ms
[2026-04-03T06:38:37.596+0600][21.909s][info][gc,stats    ]    Young Subphase: Concurrent Roots OopStorageSet                0.031 / 0.041         0.065 / 0.149         0.065 / 0.149         0.065 / 0.149       ms
[2026-04-03T06:38:37.596+0600][21.909s][info][gc,stats    ]    Young Subphase: Concurrent Weak Roots OopStorageSet           2.519 / 2.568         1.178 / 2.568         1.178 / 2.568         1.178 / 2.568       ms
[2026-04-03T06:38:37.596+0600][21.909s][info][gc,stats    ] =========================================================================================================================================================
[2026-04-03T06:38:37.597+0600][21.909s][info][gc,heap,exit] Heap
[2026-04-03T06:38:37.597+0600][21.909s][info][gc,heap,exit]  ZHeap           used 1594M, capacity 2800M, max capacity 3922M
[2026-04-03T06:38:37.597+0600][21.909s][info][gc,heap,exit]  Metaspace       used 34623K, committed 35648K, reserved 1114112K
[2026-04-03T06:38:37.597+0600][21.909s][info][gc,heap,exit]   class space    used 2927K, committed 3392K, reserved 1048576K
