[2026-04-03T01:13:55.331+0600][0.004s][info][gc,init] CardTable entry size: 512
[2026-04-03T01:13:55.331+0600][0.005s][info][gc     ] Using G1
[2026-04-03T01:13:55.335+0600][0.008s][info][gc,init] Version: 21.0.10+7-Ubuntu-124.04 (release)
[2026-04-03T01:13:55.335+0600][0.008s][info][gc,init] CPUs: 12 total, 12 available
[2026-04-03T01:13:55.335+0600][0.008s][info][gc,init] Memory: 15683M
[2026-04-03T01:13:55.335+0600][0.008s][info][gc,init] Large Page Support: Disabled
[2026-04-03T01:13:55.335+0600][0.008s][info][gc,init] NUMA Support: Disabled
[2026-04-03T01:13:55.335+0600][0.008s][info][gc,init] Compressed Oops: Enabled (Zero based)
[2026-04-03T01:13:55.335+0600][0.008s][info][gc,init] Heap Region Size: 2M
[2026-04-03T01:13:55.335+0600][0.008s][info][gc,init] Heap Min Capacity: 8M
[2026-04-03T01:13:55.335+0600][0.008s][info][gc,init] Heap Initial Capacity: 246M
[2026-04-03T01:13:55.335+0600][0.008s][info][gc,init] Heap Max Capacity: 3922M
[2026-04-03T01:13:55.335+0600][0.008s][info][gc,init] Pre-touch: Disabled
[2026-04-03T01:13:55.335+0600][0.008s][info][gc,init] Parallel Workers: 10
[2026-04-03T01:13:55.335+0600][0.008s][info][gc,init] Concurrent Workers: 2
[2026-04-03T01:13:55.335+0600][0.008s][info][gc,init] Concurrent Refinement Workers: 10
[2026-04-03T01:13:55.335+0600][0.008s][info][gc,init] Periodic GC: Disabled
[2026-04-03T01:13:55.348+0600][0.021s][info][gc,metaspace] CDS archive(s) mapped at: [0x0000706193000000-0x0000706193c9c000-0x0000706193c9c000), size 13221888, SharedBaseAddress: 0x0000706193000000, ArchiveRelocationMode: 1.
[2026-04-03T01:13:55.348+0600][0.021s][info][gc,metaspace] Compressed class space mapped at: 0x0000706194000000-0x00007061d4000000, reserved size: 1073741824
[2026-04-03T01:13:55.348+0600][0.021s][info][gc,metaspace] Narrow klass base: 0x0000706193000000, Narrow klass shift: 0, Narrow klass range: 0x100000000
[2026-04-03T01:13:55.767+0600][0.441s][info][gc,start    ] GC(0) Pause Young (Normal) (G1 Evacuation Pause)
[2026-04-03T01:13:55.768+0600][0.442s][info][gc,task     ] GC(0) Using 5 workers of 10 for evacuation
[2026-04-03T01:13:55.771+0600][0.444s][info][gc,phases   ] GC(0)   Pre Evacuate Collection Set: 0.13ms
[2026-04-03T01:13:55.771+0600][0.444s][info][gc,phases   ] GC(0)   Merge Heap Roots: 0.21ms
[2026-04-03T01:13:55.771+0600][0.444s][info][gc,phases   ] GC(0)   Evacuate Collection Set: 1.71ms
[2026-04-03T01:13:55.771+0600][0.444s][info][gc,phases   ] GC(0)   Post Evacuate Collection Set: 0.44ms
[2026-04-03T01:13:55.771+0600][0.444s][info][gc,phases   ] GC(0)   Other: 0.95ms
[2026-04-03T01:13:55.771+0600][0.444s][info][gc,heap     ] GC(0) Eden regions: 11->0(25)
[2026-04-03T01:13:55.771+0600][0.444s][info][gc,heap     ] GC(0) Survivor regions: 0->1(2)
[2026-04-03T01:13:55.771+0600][0.444s][info][gc,heap     ] GC(0) Old regions: 1->1
[2026-04-03T01:13:55.771+0600][0.444s][info][gc,heap     ] GC(0) Humongous regions: 5->5
[2026-04-03T01:13:55.771+0600][0.444s][info][gc,metaspace] GC(0) Metaspace: 4157K(4416K)->4157K(4416K) NonClass: 3738K(3904K)->3738K(3904K) Class: 419K(512K)->419K(512K)
[2026-04-03T01:13:55.771+0600][0.444s][info][gc          ] GC(0) Pause Young (Normal) (G1 Evacuation Pause) 33M->12M(248M) 3.691ms
[2026-04-03T01:13:55.771+0600][0.444s][info][gc,cpu      ] GC(0) User=0.00s Sys=0.01s Real=0.01s
[2026-04-03T01:13:55.793+0600][0.466s][info][gc,start    ] GC(1) Pause Full (System.gc())
[2026-04-03T01:13:55.793+0600][0.466s][info][gc,task     ] GC(1) Using 5 workers of 10 for full compaction
[2026-04-03T01:13:55.793+0600][0.466s][info][gc,phases,start] GC(1) Phase 1: Mark live objects
[2026-04-03T01:13:55.796+0600][0.469s][info][gc,phases      ] GC(1) Phase 1: Mark live objects 2.890ms
[2026-04-03T01:13:55.796+0600][0.469s][info][gc,phases,start] GC(1) Phase 2: Prepare compaction
[2026-04-03T01:13:55.797+0600][0.470s][info][gc,phases      ] GC(1) Phase 2: Prepare compaction 1.271ms
[2026-04-03T01:13:55.797+0600][0.470s][info][gc,phases,start] GC(1) Phase 3: Adjust pointers
[2026-04-03T01:13:55.799+0600][0.472s][info][gc,phases      ] GC(1) Phase 3: Adjust pointers 1.773ms
[2026-04-03T01:13:55.799+0600][0.472s][info][gc,phases,start] GC(1) Phase 4: Compact heap
[2026-04-03T01:13:55.801+0600][0.474s][info][gc,phases      ] GC(1) Phase 4: Compact heap 1.593ms
[2026-04-03T01:13:55.801+0600][0.474s][info][gc,phases,start] GC(1) Phase 5: Reset Metadata
[2026-04-03T01:13:55.801+0600][0.474s][info][gc,phases      ] GC(1) Phase 5: Reset Metadata 0.216ms
[2026-04-03T01:13:55.803+0600][0.476s][info][gc,heap        ] GC(1) Eden regions: 7->0(13)
[2026-04-03T01:13:55.803+0600][0.476s][info][gc,heap        ] GC(1) Survivor regions: 1->0(2)
[2026-04-03T01:13:55.803+0600][0.476s][info][gc,heap        ] GC(1) Old regions: 1->3
[2026-04-03T01:13:55.803+0600][0.476s][info][gc,heap        ] GC(1) Humongous regions: 8->6
[2026-04-03T01:13:55.803+0600][0.476s][info][gc,metaspace   ] GC(1) Metaspace: 4163K(4416K)->4163K(4416K) NonClass: 3743K(3904K)->3743K(3904K) Class: 420K(512K)->420K(512K)
[2026-04-03T01:13:55.803+0600][0.476s][info][gc             ] GC(1) Pause Full (System.gc()) 32M->14M(60M) 10.653ms
[2026-04-03T01:13:55.803+0600][0.477s][info][gc,cpu         ] GC(1) User=0.02s Sys=0.01s Real=0.01s
[2026-04-03T01:13:56.155+0600][0.829s][info][gc,start       ] GC(2) Pause Young (Normal) (G1 Evacuation Pause)
[2026-04-03T01:13:56.157+0600][0.830s][info][gc,task        ] GC(2) Using 10 workers of 10 for evacuation
[2026-04-03T01:13:56.161+0600][0.834s][info][gc,phases      ] GC(2)   Pre Evacuate Collection Set: 0.18ms
[2026-04-03T01:13:56.161+0600][0.834s][info][gc,phases      ] GC(2)   Merge Heap Roots: 0.11ms
[2026-04-03T01:13:56.161+0600][0.834s][info][gc,phases      ] GC(2)   Evacuate Collection Set: 3.14ms
[2026-04-03T01:13:56.161+0600][0.834s][info][gc,phases      ] GC(2)   Post Evacuate Collection Set: 0.40ms
[2026-04-03T01:13:56.161+0600][0.834s][info][gc,phases      ] GC(2)   Other: 1.75ms
[2026-04-03T01:13:56.161+0600][0.834s][info][gc,heap        ] GC(2) Eden regions: 13->0(11)
[2026-04-03T01:13:56.161+0600][0.834s][info][gc,heap        ] GC(2) Survivor regions: 0->2(2)
[2026-04-03T01:13:56.161+0600][0.834s][info][gc,heap        ] GC(2) Old regions: 3->4
[2026-04-03T01:13:56.161+0600][0.834s][info][gc,heap        ] GC(2) Humongous regions: 6->6
[2026-04-03T01:13:56.161+0600][0.834s][info][gc,metaspace   ] GC(2) Metaspace: 6173K(6400K)->6173K(6400K) NonClass: 5567K(5696K)->5567K(5696K) Class: 606K(704K)->606K(704K)
[2026-04-03T01:13:56.161+0600][0.834s][info][gc             ] GC(2) Pause Young (Normal) (G1 Evacuation Pause) 40M->20M(60M) 5.934ms
[2026-04-03T01:13:56.161+0600][0.834s][info][gc,cpu         ] GC(2) User=0.04s Sys=0.00s Real=0.01s
[2026-04-03T01:13:56.242+0600][0.915s][info][gc,start       ] GC(3) Pause Young (Normal) (G1 Evacuation Pause)
[2026-04-03T01:13:56.242+0600][0.915s][info][gc,task        ] GC(3) Using 10 workers of 10 for evacuation
[2026-04-03T01:13:56.245+0600][0.918s][info][gc,phases      ] GC(3)   Pre Evacuate Collection Set: 0.26ms
[2026-04-03T01:13:56.245+0600][0.918s][info][gc,phases      ] GC(3)   Merge Heap Roots: 0.12ms
[2026-04-03T01:13:56.245+0600][0.918s][info][gc,phases      ] GC(3)   Evacuate Collection Set: 2.20ms
[2026-04-03T01:13:56.245+0600][0.918s][info][gc,phases      ] GC(3)   Post Evacuate Collection Set: 0.36ms
[2026-04-03T01:13:56.245+0600][0.918s][info][gc,phases      ] GC(3)   Other: 0.11ms
[2026-04-03T01:13:56.245+0600][0.918s][info][gc,heap        ] GC(3) Eden regions: 11->0(12)
[2026-04-03T01:13:56.245+0600][0.918s][info][gc,heap        ] GC(3) Survivor regions: 2->1(2)
[2026-04-03T01:13:56.245+0600][0.918s][info][gc,heap        ] GC(3) Old regions: 4->6
[2026-04-03T01:13:56.245+0600][0.918s][info][gc,heap        ] GC(3) Humongous regions: 6->6
[2026-04-03T01:13:56.245+0600][0.918s][info][gc,metaspace   ] GC(3) Metaspace: 6202K(6464K)->6202K(6464K) NonClass: 5596K(5760K)->5596K(5760K) Class: 606K(704K)->606K(704K)
[2026-04-03T01:13:56.245+0600][0.918s][info][gc             ] GC(3) Pause Young (Normal) (G1 Evacuation Pause) 42M->21M(60M) 3.312ms
[2026-04-03T01:13:56.245+0600][0.918s][info][gc,cpu         ] GC(3) User=0.02s Sys=0.01s Real=0.00s
[2026-04-03T01:13:56.295+0600][0.968s][info][gc,start       ] GC(4) Pause Young (Normal) (G1 Evacuation Pause)
[2026-04-03T01:13:56.295+0600][0.968s][info][gc,task        ] GC(4) Using 10 workers of 10 for evacuation
[2026-04-03T01:13:56.297+0600][0.970s][info][gc,phases      ] GC(4)   Pre Evacuate Collection Set: 0.23ms
[2026-04-03T01:13:56.297+0600][0.970s][info][gc,phases      ] GC(4)   Merge Heap Roots: 0.12ms
[2026-04-03T01:13:56.297+0600][0.970s][info][gc,phases      ] GC(4)   Evacuate Collection Set: 0.85ms
[2026-04-03T01:13:56.297+0600][0.970s][info][gc,phases      ] GC(4)   Post Evacuate Collection Set: 0.27ms
[2026-04-03T01:13:56.297+0600][0.970s][info][gc,phases      ] GC(4)   Other: 0.14ms
[2026-04-03T01:13:56.297+0600][0.970s][info][gc,heap        ] GC(4) Eden regions: 12->0(13)
[2026-04-03T01:13:56.297+0600][0.970s][info][gc,heap        ] GC(4) Survivor regions: 1->1(2)
[2026-04-03T01:13:56.297+0600][0.970s][info][gc,heap        ] GC(4) Old regions: 6->6
[2026-04-03T01:13:56.297+0600][0.970s][info][gc,heap        ] GC(4) Humongous regions: 6->6
[2026-04-03T01:13:56.297+0600][0.970s][info][gc,metaspace   ] GC(4) Metaspace: 6202K(6464K)->6202K(6464K) NonClass: 5596K(5760K)->5596K(5760K) Class: 606K(704K)->606K(704K)
[2026-04-03T01:13:56.297+0600][0.970s][info][gc             ] GC(4) Pause Young (Normal) (G1 Evacuation Pause) 45M->20M(60M) 1.975ms
[2026-04-03T01:13:56.297+0600][0.970s][info][gc,cpu         ] GC(4) User=0.00s Sys=0.00s Real=0.00s
[2026-04-03T01:13:56.360+0600][1.033s][info][gc,start       ] GC(5) Pause Young (Normal) (G1 Evacuation Pause)
[2026-04-03T01:13:56.360+0600][1.033s][info][gc,task        ] GC(5) Using 10 workers of 10 for evacuation
[2026-04-03T01:13:56.363+0600][1.037s][info][gc,phases      ] GC(5)   Pre Evacuate Collection Set: 0.22ms
[2026-04-03T01:13:56.363+0600][1.037s][info][gc,phases      ] GC(5)   Merge Heap Roots: 0.14ms
[2026-04-03T01:13:56.364+0600][1.037s][info][gc,phases      ] GC(5)   Evacuate Collection Set: 2.20ms
[2026-04-03T01:13:56.364+0600][1.037s][info][gc,phases      ] GC(5)   Post Evacuate Collection Set: 0.79ms
[2026-04-03T01:13:56.364+0600][1.037s][info][gc,phases      ] GC(5)   Other: 0.12ms
[2026-04-03T01:13:56.364+0600][1.037s][info][gc,heap        ] GC(5) Eden regions: 13->0(45)
[2026-04-03T01:13:56.364+0600][1.037s][info][gc,heap        ] GC(5) Survivor regions: 1->1(2)
[2026-04-03T01:13:56.364+0600][1.037s][info][gc,heap        ] GC(5) Old regions: 6->6
[2026-04-03T01:13:56.364+0600][1.037s][info][gc,heap        ] GC(5) Humongous regions: 6->6
[2026-04-03T01:13:56.364+0600][1.037s][info][gc,metaspace   ] GC(5) Metaspace: 6202K(6464K)->6202K(6464K) NonClass: 5596K(5760K)->5596K(5760K) Class: 606K(704K)->606K(704K)
[2026-04-03T01:13:56.364+0600][1.037s][info][gc             ] GC(5) Pause Young (Normal) (G1 Evacuation Pause) 46M->21M(154M) 3.838ms
[2026-04-03T01:13:56.364+0600][1.037s][info][gc,cpu         ] GC(5) User=0.02s Sys=0.00s Real=0.00s
[2026-04-03T01:13:56.486+0600][1.159s][info][gc,start       ] GC(6) Pause Young (Normal) (G1 Evacuation Pause)
[2026-04-03T01:13:56.486+0600][1.159s][info][gc,task        ] GC(6) Using 10 workers of 10 for evacuation
[2026-04-03T01:13:56.492+0600][1.166s][info][gc,phases      ] GC(6)   Pre Evacuate Collection Set: 0.24ms
[2026-04-03T01:13:56.492+0600][1.166s][info][gc,phases      ] GC(6)   Merge Heap Roots: 0.19ms
[2026-04-03T01:13:56.492+0600][1.166s][info][gc,phases      ] GC(6)   Evacuate Collection Set: 4.85ms
[2026-04-03T01:13:56.492+0600][1.166s][info][gc,phases      ] GC(6)   Post Evacuate Collection Set: 0.65ms
[2026-04-03T01:13:56.492+0600][1.166s][info][gc,phases      ] GC(6)   Other: 0.13ms
[2026-04-03T01:13:56.492+0600][1.166s][info][gc,heap        ] GC(6) Eden regions: 45->0(44)
[2026-04-03T01:13:56.492+0600][1.166s][info][gc,heap        ] GC(6) Survivor regions: 1->2(6)
[2026-04-03T01:13:56.492+0600][1.166s][info][gc,heap        ] GC(6) Old regions: 6->6
[2026-04-03T01:13:56.492+0600][1.166s][info][gc,heap        ] GC(6) Humongous regions: 6->6
[2026-04-03T01:13:56.492+0600][1.166s][info][gc,metaspace   ] GC(6) Metaspace: 6220K(6464K)->6220K(6464K) NonClass: 5614K(5760K)->5614K(5760K) Class: 606K(704K)->606K(704K)
[2026-04-03T01:13:56.493+0600][1.166s][info][gc             ] GC(6) Pause Young (Normal) (G1 Evacuation Pause) 111M->24M(154M) 6.466ms
[2026-04-03T01:13:56.493+0600][1.166s][info][gc,cpu         ] GC(6) User=0.04s Sys=0.00s Real=0.01s
[2026-04-03T01:13:56.596+0600][1.270s][info][gc,start       ] GC(7) Pause Young (Normal) (G1 Evacuation Pause)
[2026-04-03T01:13:56.596+0600][1.270s][info][gc,task        ] GC(7) Using 10 workers of 10 for evacuation
[2026-04-03T01:13:56.601+0600][1.274s][info][gc,phases      ] GC(7)   Pre Evacuate Collection Set: 0.28ms
[2026-04-03T01:13:56.601+0600][1.274s][info][gc,phases      ] GC(7)   Merge Heap Roots: 0.20ms
[2026-04-03T01:13:56.601+0600][1.274s][info][gc,phases      ] GC(7)   Evacuate Collection Set: 3.39ms
[2026-04-03T01:13:56.601+0600][1.274s][info][gc,phases      ] GC(7)   Post Evacuate Collection Set: 0.39ms
[2026-04-03T01:13:56.601+0600][1.274s][info][gc,phases      ] GC(7)   Other: 0.12ms
[2026-04-03T01:13:56.601+0600][1.274s][info][gc,heap        ] GC(7) Eden regions: 44->0(43)
[2026-04-03T01:13:56.601+0600][1.274s][info][gc,heap        ] GC(7) Survivor regions: 2->3(6)
[2026-04-03T01:13:56.601+0600][1.274s][info][gc,heap        ] GC(7) Old regions: 6->6
[2026-04-03T01:13:56.601+0600][1.274s][info][gc,heap        ] GC(7) Humongous regions: 6->6
[2026-04-03T01:13:56.601+0600][1.274s][info][gc,metaspace   ] GC(7) Metaspace: 6220K(6464K)->6220K(6464K) NonClass: 5614K(5760K)->5614K(5760K) Class: 606K(704K)->606K(704K)
[2026-04-03T01:13:56.601+0600][1.274s][info][gc             ] GC(7) Pause Young (Normal) (G1 Evacuation Pause) 112M->25M(154M) 4.718ms
[2026-04-03T01:13:56.601+0600][1.274s][info][gc,cpu         ] GC(7) User=0.03s Sys=0.00s Real=0.01s
[2026-04-03T01:13:56.697+0600][1.370s][info][gc,start       ] GC(8) Pause Young (Normal) (G1 Evacuation Pause)
[2026-04-03T01:13:56.697+0600][1.370s][info][gc,task        ] GC(8) Using 10 workers of 10 for evacuation
[2026-04-03T01:13:56.702+0600][1.375s][info][gc,phases      ] GC(8)   Pre Evacuate Collection Set: 0.32ms
[2026-04-03T01:13:56.702+0600][1.375s][info][gc,phases      ] GC(8)   Merge Heap Roots: 0.22ms
[2026-04-03T01:13:56.702+0600][1.375s][info][gc,phases      ] GC(8)   Evacuate Collection Set: 3.92ms
[2026-04-03T01:13:56.702+0600][1.375s][info][gc,phases      ] GC(8)   Post Evacuate Collection Set: 0.39ms
[2026-04-03T01:13:56.702+0600][1.375s][info][gc,phases      ] GC(8)   Other: 0.15ms
[2026-04-03T01:13:56.702+0600][1.375s][info][gc,heap        ] GC(8) Eden regions: 43->0(43)
[2026-04-03T01:13:56.702+0600][1.375s][info][gc,heap        ] GC(8) Survivor regions: 3->3(6)
[2026-04-03T01:13:56.702+0600][1.375s][info][gc,heap        ] GC(8) Old regions: 6->6
[2026-04-03T01:13:56.702+0600][1.375s][info][gc,heap        ] GC(8) Humongous regions: 6->6
[2026-04-03T01:13:56.702+0600][1.375s][info][gc,metaspace   ] GC(8) Metaspace: 6220K(6464K)->6220K(6464K) NonClass: 5614K(5760K)->5614K(5760K) Class: 606K(704K)->606K(704K)
[2026-04-03T01:13:56.702+0600][1.375s][info][gc             ] GC(8) Pause Young (Normal) (G1 Evacuation Pause) 111M->26M(154M) 5.340ms
[2026-04-03T01:13:56.702+0600][1.376s][info][gc,cpu         ] GC(8) User=0.03s Sys=0.00s Real=0.01s
[2026-04-03T01:13:57.196+0600][1.869s][info][gc,start       ] GC(9) Pause Young (Normal) (G1 Evacuation Pause)
[2026-04-03T01:13:57.196+0600][1.870s][info][gc,task        ] GC(9) Using 10 workers of 10 for evacuation
[2026-04-03T01:13:57.201+0600][1.874s][info][gc,phases      ] GC(9)   Pre Evacuate Collection Set: 0.26ms
[2026-04-03T01:13:57.201+0600][1.875s][info][gc,phases      ] GC(9)   Merge Heap Roots: 0.21ms
[2026-04-03T01:13:57.201+0600][1.875s][info][gc,phases      ] GC(9)   Evacuate Collection Set: 3.55ms
[2026-04-03T01:13:57.201+0600][1.875s][info][gc,phases      ] GC(9)   Post Evacuate Collection Set: 0.80ms
[2026-04-03T01:13:57.201+0600][1.875s][info][gc,phases      ] GC(9)   Other: 0.13ms
[2026-04-03T01:13:57.201+0600][1.875s][info][gc,heap        ] GC(9) Eden regions: 43->0(65)
[2026-04-03T01:13:57.201+0600][1.875s][info][gc,heap        ] GC(9) Survivor regions: 3->3(6)
[2026-04-03T01:13:57.201+0600][1.875s][info][gc,heap        ] GC(9) Old regions: 6->6
[2026-04-03T01:13:57.201+0600][1.875s][info][gc,heap        ] GC(9) Humongous regions: 6->6
[2026-04-03T01:13:57.201+0600][1.875s][info][gc,metaspace   ] GC(9) Metaspace: 6222K(6464K)->6222K(6464K) NonClass: 5614K(5760K)->5614K(5760K) Class: 607K(704K)->607K(704K)
[2026-04-03T01:13:57.201+0600][1.875s][info][gc             ] GC(9) Pause Young (Normal) (G1 Evacuation Pause) 112M->26M(228M) 5.370ms
[2026-04-03T01:13:57.202+0600][1.875s][info][gc,cpu         ] GC(9) User=0.03s Sys=0.00s Real=0.01s
[2026-04-03T01:13:57.381+0600][2.054s][info][gc,start       ] GC(10) Pause Young (Normal) (G1 Evacuation Pause)
[2026-04-03T01:13:57.381+0600][2.054s][info][gc,task        ] GC(10) Using 10 workers of 10 for evacuation
[2026-04-03T01:13:57.387+0600][2.060s][info][gc,phases      ] GC(10)   Pre Evacuate Collection Set: 0.23ms
[2026-04-03T01:13:57.387+0600][2.060s][info][gc,phases      ] GC(10)   Merge Heap Roots: 0.16ms
[2026-04-03T01:13:57.387+0600][2.060s][info][gc,phases      ] GC(10)   Evacuate Collection Set: 4.78ms
[2026-04-03T01:13:57.387+0600][2.060s][info][gc,phases      ] GC(10)   Post Evacuate Collection Set: 0.43ms
[2026-04-03T01:13:57.387+0600][2.060s][info][gc,phases      ] GC(10)   Other: 0.12ms
[2026-04-03T01:13:57.387+0600][2.060s][info][gc,heap        ] GC(10) Eden regions: 65->0(65)
[2026-04-03T01:13:57.387+0600][2.060s][info][gc,heap        ] GC(10) Survivor regions: 3->3(9)
[2026-04-03T01:13:57.387+0600][2.060s][info][gc,heap        ] GC(10) Old regions: 6->6
[2026-04-03T01:13:57.387+0600][2.060s][info][gc,heap        ] GC(10) Humongous regions: 6->6
[2026-04-03T01:13:57.387+0600][2.060s][info][gc,metaspace   ] GC(10) Metaspace: 6222K(6464K)->6222K(6464K) NonClass: 5614K(5760K)->5614K(5760K) Class: 607K(704K)->607K(704K)
[2026-04-03T01:13:57.387+0600][2.060s][info][gc             ] GC(10) Pause Young (Normal) (G1 Evacuation Pause) 156M->26M(228M) 6.011ms
[2026-04-03T01:13:57.387+0600][2.060s][info][gc,cpu         ] GC(10) User=0.03s Sys=0.00s Real=0.00s
[2026-04-03T01:13:57.489+0600][2.162s][info][gc,start       ] GC(11) Pause Young (Normal) (G1 Evacuation Pause)
[2026-04-03T01:13:57.489+0600][2.162s][info][gc,task        ] GC(11) Using 10 workers of 10 for evacuation
[2026-04-03T01:13:57.495+0600][2.168s][info][gc,phases      ] GC(11)   Pre Evacuate Collection Set: 0.24ms
[2026-04-03T01:13:57.495+0600][2.168s][info][gc,phases      ] GC(11)   Merge Heap Roots: 0.20ms
[2026-04-03T01:13:57.495+0600][2.168s][info][gc,phases      ] GC(11)   Evacuate Collection Set: 4.65ms
[2026-04-03T01:13:57.495+0600][2.168s][info][gc,phases      ] GC(11)   Post Evacuate Collection Set: 0.76ms
[2026-04-03T01:13:57.495+0600][2.168s][info][gc,phases      ] GC(11)   Other: 0.12ms
[2026-04-03T01:13:57.495+0600][2.168s][info][gc,heap        ] GC(11) Eden regions: 65->0(65)
[2026-04-03T01:13:57.495+0600][2.168s][info][gc,heap        ] GC(11) Survivor regions: 3->3(9)
[2026-04-03T01:13:57.495+0600][2.168s][info][gc,heap        ] GC(11) Old regions: 6->6
[2026-04-03T01:13:57.495+0600][2.168s][info][gc,heap        ] GC(11) Humongous regions: 6->6
[2026-04-03T01:13:57.495+0600][2.168s][info][gc,metaspace   ] GC(11) Metaspace: 6222K(6464K)->6222K(6464K) NonClass: 5614K(5760K)->5614K(5760K) Class: 607K(704K)->607K(704K)
[2026-04-03T01:13:57.495+0600][2.168s][info][gc             ] GC(11) Pause Young (Normal) (G1 Evacuation Pause) 156M->26M(228M) 6.365ms
[2026-04-03T01:13:57.495+0600][2.168s][info][gc,cpu         ] GC(11) User=0.03s Sys=0.00s Real=0.01s
[2026-04-03T01:13:57.591+0600][2.264s][info][gc,start       ] GC(12) Pause Young (Normal) (G1 Evacuation Pause)
[2026-04-03T01:13:57.591+0600][2.264s][info][gc,task        ] GC(12) Using 10 workers of 10 for evacuation
[2026-04-03T01:13:57.594+0600][2.267s][info][gc,phases      ] GC(12)   Pre Evacuate Collection Set: 0.41ms
[2026-04-03T01:13:57.594+0600][2.267s][info][gc,phases      ] GC(12)   Merge Heap Roots: 0.12ms
[2026-04-03T01:13:57.594+0600][2.267s][info][gc,phases      ] GC(12)   Evacuate Collection Set: 2.19ms
[2026-04-03T01:13:57.594+0600][2.267s][info][gc,phases      ] GC(12)   Post Evacuate Collection Set: 0.49ms
[2026-04-03T01:13:57.594+0600][2.267s][info][gc,phases      ] GC(12)   Other: 0.10ms
[2026-04-03T01:13:57.594+0600][2.267s][info][gc,heap        ] GC(12) Eden regions: 65->0(65)
[2026-04-03T01:13:57.594+0600][2.267s][info][gc,heap        ] GC(12) Survivor regions: 3->3(9)
[2026-04-03T01:13:57.594+0600][2.267s][info][gc,heap        ] GC(12) Old regions: 6->6
[2026-04-03T01:13:57.594+0600][2.267s][info][gc,heap        ] GC(12) Humongous regions: 6->6
[2026-04-03T01:13:57.594+0600][2.267s][info][gc,metaspace   ] GC(12) Metaspace: 6222K(6464K)->6222K(6464K) NonClass: 5614K(5760K)->5614K(5760K) Class: 607K(704K)->607K(704K)
[2026-04-03T01:13:57.594+0600][2.268s][info][gc             ] GC(12) Pause Young (Normal) (G1 Evacuation Pause) 156M->26M(228M) 3.636ms
[2026-04-03T01:13:57.594+0600][2.268s][info][gc,cpu         ] GC(12) User=0.02s Sys=0.00s Real=0.00s
[2026-04-03T01:13:57.671+0600][2.344s][info][gc,start       ] GC(13) Pause Young (Normal) (G1 Evacuation Pause)
[2026-04-03T01:13:57.671+0600][2.344s][info][gc,task        ] GC(13) Using 10 workers of 10 for evacuation
[2026-04-03T01:13:57.675+0600][2.349s][info][gc,phases      ] GC(13)   Pre Evacuate Collection Set: 0.27ms
[2026-04-03T01:13:57.675+0600][2.349s][info][gc,phases      ] GC(13)   Merge Heap Roots: 0.12ms
[2026-04-03T01:13:57.675+0600][2.349s][info][gc,phases      ] GC(13)   Evacuate Collection Set: 2.71ms
[2026-04-03T01:13:57.675+0600][2.349s][info][gc,phases      ] GC(13)   Post Evacuate Collection Set: 0.90ms
[2026-04-03T01:13:57.675+0600][2.349s][info][gc,phases      ] GC(13)   Other: 0.11ms
[2026-04-03T01:13:57.675+0600][2.349s][info][gc,heap        ] GC(13) Eden regions: 65->0(65)
[2026-04-03T01:13:57.675+0600][2.349s][info][gc,heap        ] GC(13) Survivor regions: 3->3(9)
[2026-04-03T01:13:57.675+0600][2.349s][info][gc,heap        ] GC(13) Old regions: 6->6
[2026-04-03T01:13:57.675+0600][2.349s][info][gc,heap        ] GC(13) Humongous regions: 6->6
[2026-04-03T01:13:57.675+0600][2.349s][info][gc,metaspace   ] GC(13) Metaspace: 6222K(6464K)->6222K(6464K) NonClass: 5614K(5760K)->5614K(5760K) Class: 607K(704K)->607K(704K)
[2026-04-03T01:13:57.676+0600][2.349s][info][gc             ] GC(13) Pause Young (Normal) (G1 Evacuation Pause) 156M->26M(228M) 4.383ms
[2026-04-03T01:13:57.676+0600][2.349s][info][gc,cpu         ] GC(13) User=0.03s Sys=0.00s Real=0.00s
[2026-04-03T01:13:58.042+0600][2.715s][info][gc,start       ] GC(14) Pause Young (Normal) (G1 Evacuation Pause)
[2026-04-03T01:13:58.042+0600][2.715s][info][gc,task        ] GC(14) Using 10 workers of 10 for evacuation
[2026-04-03T01:13:58.047+0600][2.720s][info][gc,phases      ] GC(14)   Pre Evacuate Collection Set: 0.34ms
[2026-04-03T01:13:58.047+0600][2.721s][info][gc,phases      ] GC(14)   Merge Heap Roots: 0.22ms
[2026-04-03T01:13:58.047+0600][2.721s][info][gc,phases      ] GC(14)   Evacuate Collection Set: 3.68ms
[2026-04-03T01:13:58.047+0600][2.721s][info][gc,phases      ] GC(14)   Post Evacuate Collection Set: 1.05ms
[2026-04-03T01:13:58.047+0600][2.721s][info][gc,phases      ] GC(14)   Other: 0.13ms
[2026-04-03T01:13:58.047+0600][2.721s][info][gc,heap        ] GC(14) Eden regions: 65->0(93)
[2026-04-03T01:13:58.047+0600][2.721s][info][gc,heap        ] GC(14) Survivor regions: 3->4(9)
[2026-04-03T01:13:58.047+0600][2.721s][info][gc,heap        ] GC(14) Old regions: 6->6
[2026-04-03T01:13:58.047+0600][2.721s][info][gc,heap        ] GC(14) Humongous regions: 6->6
[2026-04-03T01:13:58.047+0600][2.721s][info][gc,metaspace   ] GC(14) Metaspace: 6222K(6464K)->6222K(6464K) NonClass: 5615K(5760K)->5615K(5760K) Class: 607K(704K)->607K(704K)
[2026-04-03T01:13:58.047+0600][2.721s][info][gc             ] GC(14) Pause Young (Normal) (G1 Evacuation Pause) 156M->27M(324M) 5.828ms
[2026-04-03T01:13:58.048+0600][2.721s][info][gc,cpu         ] GC(14) User=0.03s Sys=0.00s Real=0.00s
[2026-04-03T01:13:58.218+0600][2.891s][info][gc,start       ] GC(15) Pause Young (Normal) (G1 Evacuation Pause)
[2026-04-03T01:13:58.218+0600][2.892s][info][gc,task        ] GC(15) Using 10 workers of 10 for evacuation
[2026-04-03T01:13:58.224+0600][2.897s][info][gc,phases      ] GC(15)   Pre Evacuate Collection Set: 0.30ms
[2026-04-03T01:13:58.224+0600][2.897s][info][gc,phases      ] GC(15)   Merge Heap Roots: 0.22ms
[2026-04-03T01:13:58.224+0600][2.897s][info][gc,phases      ] GC(15)   Evacuate Collection Set: 4.14ms
[2026-04-03T01:13:58.224+0600][2.897s][info][gc,phases      ] GC(15)   Post Evacuate Collection Set: 0.51ms
[2026-04-03T01:13:58.224+0600][2.897s][info][gc,phases      ] GC(15)   Other: 0.19ms
[2026-04-03T01:13:58.224+0600][2.897s][info][gc,heap        ] GC(15) Eden regions: 93->0(93)
[2026-04-03T01:13:58.224+0600][2.897s][info][gc,heap        ] GC(15) Survivor regions: 4->4(13)
[2026-04-03T01:13:58.224+0600][2.897s][info][gc,heap        ] GC(15) Old regions: 6->6
[2026-04-03T01:13:58.224+0600][2.897s][info][gc,heap        ] GC(15) Humongous regions: 6->6
[2026-04-03T01:13:58.224+0600][2.897s][info][gc,metaspace   ] GC(15) Metaspace: 6222K(6464K)->6222K(6464K) NonClass: 5615K(5760K)->5615K(5760K) Class: 607K(704K)->607K(704K)
[2026-04-03T01:13:58.224+0600][2.897s][info][gc             ] GC(15) Pause Young (Normal) (G1 Evacuation Pause) 213M->26M(324M) 5.735ms
[2026-04-03T01:13:58.224+0600][2.897s][info][gc,cpu         ] GC(15) User=0.03s Sys=0.00s Real=0.01s
[2026-04-03T01:13:58.350+0600][3.024s][info][gc,start       ] GC(16) Pause Young (Normal) (G1 Evacuation Pause)
[2026-04-03T01:13:58.350+0600][3.024s][info][gc,task        ] GC(16) Using 10 workers of 10 for evacuation
[2026-04-03T01:13:58.355+0600][3.028s][info][gc,phases      ] GC(16)   Pre Evacuate Collection Set: 0.26ms
[2026-04-03T01:13:58.355+0600][3.028s][info][gc,phases      ] GC(16)   Merge Heap Roots: 0.21ms
[2026-04-03T01:13:58.355+0600][3.029s][info][gc,phases      ] GC(16)   Evacuate Collection Set: 3.52ms
[2026-04-03T01:13:58.355+0600][3.029s][info][gc,phases      ] GC(16)   Post Evacuate Collection Set: 0.62ms
[2026-04-03T01:13:58.355+0600][3.029s][info][gc,phases      ] GC(16)   Other: 0.13ms
[2026-04-03T01:13:58.355+0600][3.029s][info][gc,heap        ] GC(16) Eden regions: 93->0(93)
[2026-04-03T01:13:58.355+0600][3.029s][info][gc,heap        ] GC(16) Survivor regions: 4->4(13)
[2026-04-03T01:13:58.355+0600][3.029s][info][gc,heap        ] GC(16) Old regions: 6->6
[2026-04-03T01:13:58.355+0600][3.029s][info][gc,heap        ] GC(16) Humongous regions: 6->6
[2026-04-03T01:13:58.355+0600][3.029s][info][gc,metaspace   ] GC(16) Metaspace: 6222K(6464K)->6222K(6464K) NonClass: 5615K(5760K)->5615K(5760K) Class: 607K(704K)->607K(704K)
[2026-04-03T01:13:58.355+0600][3.029s][info][gc             ] GC(16) Pause Young (Normal) (G1 Evacuation Pause) 212M->26M(324M) 5.078ms
[2026-04-03T01:13:58.355+0600][3.029s][info][gc,cpu         ] GC(16) User=0.03s Sys=0.00s Real=0.00s
[2026-04-03T01:13:58.685+0600][3.358s][info][gc,start       ] GC(17) Pause Young (Normal) (G1 Evacuation Pause)
[2026-04-03T01:13:58.685+0600][3.358s][info][gc,task        ] GC(17) Using 10 workers of 10 for evacuation
[2026-04-03T01:13:58.691+0600][3.365s][info][gc,phases      ] GC(17)   Pre Evacuate Collection Set: 0.26ms
[2026-04-03T01:13:58.692+0600][3.365s][info][gc,phases      ] GC(17)   Merge Heap Roots: 0.17ms
[2026-04-03T01:13:58.692+0600][3.365s][info][gc,phases      ] GC(17)   Evacuate Collection Set: 5.10ms
[2026-04-03T01:13:58.692+0600][3.365s][info][gc,phases      ] GC(17)   Post Evacuate Collection Set: 0.68ms
[2026-04-03T01:13:58.692+0600][3.365s][info][gc,phases      ] GC(17)   Other: 0.13ms
[2026-04-03T01:13:58.692+0600][3.365s][info][gc,heap        ] GC(17) Eden regions: 93->0(93)
[2026-04-03T01:13:58.692+0600][3.365s][info][gc,heap        ] GC(17) Survivor regions: 4->4(13)
[2026-04-03T01:13:58.692+0600][3.365s][info][gc,heap        ] GC(17) Old regions: 6->6
[2026-04-03T01:13:58.692+0600][3.365s][info][gc,heap        ] GC(17) Humongous regions: 6->6
[2026-04-03T01:13:58.692+0600][3.365s][info][gc,metaspace   ] GC(17) Metaspace: 6222K(6464K)->6222K(6464K) NonClass: 5615K(5760K)->5615K(5760K) Class: 607K(704K)->607K(704K)
[2026-04-03T01:13:58.692+0600][3.365s][info][gc             ] GC(17) Pause Young (Normal) (G1 Evacuation Pause) 212M->26M(324M) 6.760ms
[2026-04-03T01:13:58.692+0600][3.365s][info][gc,cpu         ] GC(17) User=0.03s Sys=0.00s Real=0.01s
[2026-04-03T01:13:58.860+0600][3.534s][info][gc,start       ] GC(18) Pause Young (Normal) (G1 Evacuation Pause)
[2026-04-03T01:13:58.861+0600][3.534s][info][gc,task        ] GC(18) Using 10 workers of 10 for evacuation
[2026-04-03T01:13:58.867+0600][3.540s][info][gc,phases      ] GC(18)   Pre Evacuate Collection Set: 0.29ms
[2026-04-03T01:13:58.867+0600][3.540s][info][gc,phases      ] GC(18)   Merge Heap Roots: 0.21ms
[2026-04-03T01:13:58.867+0600][3.540s][info][gc,phases      ] GC(18)   Evacuate Collection Set: 4.69ms
[2026-04-03T01:13:58.867+0600][3.540s][info][gc,phases      ] GC(18)   Post Evacuate Collection Set: 1.10ms
[2026-04-03T01:13:58.867+0600][3.540s][info][gc,phases      ] GC(18)   Other: 0.16ms
[2026-04-03T01:13:58.867+0600][3.540s][info][gc,heap        ] GC(18) Eden regions: 93->0(114)
[2026-04-03T01:13:58.867+0600][3.540s][info][gc,heap        ] GC(18) Survivor regions: 4->3(13)
[2026-04-03T01:13:58.867+0600][3.540s][info][gc,heap        ] GC(18) Old regions: 6->6
[2026-04-03T01:13:58.867+0600][3.540s][info][gc,heap        ] GC(18) Humongous regions: 6->6
[2026-04-03T01:13:58.867+0600][3.540s][info][gc,metaspace   ] GC(18) Metaspace: 6222K(6464K)->6222K(6464K) NonClass: 5615K(5760K)->5615K(5760K) Class: 607K(704K)->607K(704K)
[2026-04-03T01:13:58.867+0600][3.540s][info][gc             ] GC(18) Pause Young (Normal) (G1 Evacuation Pause) 212M->26M(390M) 6.813ms
[2026-04-03T01:13:58.867+0600][3.541s][info][gc,cpu         ] GC(18) User=0.03s Sys=0.00s Real=0.00s
[2026-04-03T01:13:59.409+0600][4.082s][info][gc,start       ] GC(19) Pause Young (Normal) (G1 Evacuation Pause)
[2026-04-03T01:13:59.409+0600][4.082s][info][gc,task        ] GC(19) Using 10 workers of 10 for evacuation
[2026-04-03T01:13:59.415+0600][4.088s][info][gc,phases      ] GC(19)   Pre Evacuate Collection Set: 0.33ms
[2026-04-03T01:13:59.415+0600][4.088s][info][gc,phases      ] GC(19)   Merge Heap Roots: 0.23ms
[2026-04-03T01:13:59.415+0600][4.088s][info][gc,phases      ] GC(19)   Evacuate Collection Set: 4.62ms
[2026-04-03T01:13:59.415+0600][4.088s][info][gc,phases      ] GC(19)   Post Evacuate Collection Set: 0.66ms
[2026-04-03T01:13:59.415+0600][4.088s][info][gc,phases      ] GC(19)   Other: 0.17ms
[2026-04-03T01:13:59.415+0600][4.088s][info][gc,heap        ] GC(19) Eden regions: 114->0(114)
[2026-04-03T01:13:59.415+0600][4.088s][info][gc,heap        ] GC(19) Survivor regions: 3->3(15)
[2026-04-03T01:13:59.415+0600][4.088s][info][gc,heap        ] GC(19) Old regions: 6->7
[2026-04-03T01:13:59.415+0600][4.088s][info][gc,heap        ] GC(19) Humongous regions: 6->6
[2026-04-03T01:13:59.415+0600][4.088s][info][gc,metaspace   ] GC(19) Metaspace: 6223K(6464K)->6223K(6464K) NonClass: 5616K(5760K)->5616K(5760K) Class: 607K(704K)->607K(704K)
[2026-04-03T01:13:59.415+0600][4.088s][info][gc             ] GC(19) Pause Young (Normal) (G1 Evacuation Pause) 254M->26M(390M) 6.397ms
[2026-04-03T01:13:59.415+0600][4.088s][info][gc,cpu         ] GC(19) User=0.03s Sys=0.00s Real=0.01s
[2026-04-03T01:13:59.604+0600][4.278s][info][gc,start       ] GC(20) Pause Young (Normal) (G1 Evacuation Pause)
[2026-04-03T01:13:59.605+0600][4.278s][info][gc,task        ] GC(20) Using 10 workers of 10 for evacuation
[2026-04-03T01:13:59.608+0600][4.281s][info][gc,phases      ] GC(20)   Pre Evacuate Collection Set: 0.21ms
[2026-04-03T01:13:59.608+0600][4.281s][info][gc,phases      ] GC(20)   Merge Heap Roots: 0.15ms
[2026-04-03T01:13:59.608+0600][4.281s][info][gc,phases      ] GC(20)   Evacuate Collection Set: 2.47ms
[2026-04-03T01:13:59.608+0600][4.281s][info][gc,phases      ] GC(20)   Post Evacuate Collection Set: 0.44ms
[2026-04-03T01:13:59.608+0600][4.281s][info][gc,phases      ] GC(20)   Other: 0.10ms
[2026-04-03T01:13:59.608+0600][4.281s][info][gc,heap        ] GC(20) Eden regions: 114->0(114)
[2026-04-03T01:13:59.608+0600][4.281s][info][gc,heap        ] GC(20) Survivor regions: 3->3(15)
[2026-04-03T01:13:59.608+0600][4.281s][info][gc,heap        ] GC(20) Old regions: 7->7
[2026-04-03T01:13:59.608+0600][4.281s][info][gc,heap        ] GC(20) Humongous regions: 6->6
[2026-04-03T01:13:59.608+0600][4.281s][info][gc,metaspace   ] GC(20) Metaspace: 6223K(6464K)->6223K(6464K) NonClass: 5616K(5760K)->5616K(5760K) Class: 607K(704K)->607K(704K)
[2026-04-03T01:13:59.608+0600][4.281s][info][gc             ] GC(20) Pause Young (Normal) (G1 Evacuation Pause) 254M->26M(390M) 3.664ms
[2026-04-03T01:13:59.608+0600][4.281s][info][gc,cpu         ] GC(20) User=0.03s Sys=0.00s Real=0.00s
[2026-04-03T01:13:59.781+0600][4.454s][info][gc,start       ] GC(21) Pause Young (Normal) (G1 Evacuation Pause)
[2026-04-03T01:13:59.781+0600][4.454s][info][gc,task        ] GC(21) Using 10 workers of 10 for evacuation
[2026-04-03T01:13:59.785+0600][4.458s][info][gc,phases      ] GC(21)   Pre Evacuate Collection Set: 0.27ms
[2026-04-03T01:13:59.785+0600][4.458s][info][gc,phases      ] GC(21)   Merge Heap Roots: 0.17ms
[2026-04-03T01:13:59.785+0600][4.458s][info][gc,phases      ] GC(21)   Evacuate Collection Set: 2.62ms
[2026-04-03T01:13:59.785+0600][4.458s][info][gc,phases      ] GC(21)   Post Evacuate Collection Set: 0.35ms
[2026-04-03T01:13:59.785+0600][4.458s][info][gc,phases      ] GC(21)   Other: 0.12ms
[2026-04-03T01:13:59.785+0600][4.458s][info][gc,heap        ] GC(21) Eden regions: 114->0(114)
[2026-04-03T01:13:59.785+0600][4.458s][info][gc,heap        ] GC(21) Survivor regions: 3->3(15)
[2026-04-03T01:13:59.785+0600][4.458s][info][gc,heap        ] GC(21) Old regions: 7->7
[2026-04-03T01:13:59.785+0600][4.458s][info][gc,heap        ] GC(21) Humongous regions: 6->6
[2026-04-03T01:13:59.785+0600][4.458s][info][gc,metaspace   ] GC(21) Metaspace: 6223K(6464K)->6223K(6464K) NonClass: 5616K(5760K)->5616K(5760K) Class: 607K(704K)->607K(704K)
[2026-04-03T01:13:59.785+0600][4.458s][info][gc             ] GC(21) Pause Young (Normal) (G1 Evacuation Pause) 254M->26M(390M) 3.855ms
[2026-04-03T01:13:59.785+0600][4.458s][info][gc,cpu         ] GC(21) User=0.02s Sys=0.00s Real=0.00s
[2026-04-03T01:13:59.952+0600][4.625s][info][gc,start       ] GC(22) Pause Young (Normal) (G1 Evacuation Pause)
[2026-04-03T01:13:59.952+0600][4.625s][info][gc,task        ] GC(22) Using 10 workers of 10 for evacuation
[2026-04-03T01:13:59.955+0600][4.628s][info][gc,phases      ] GC(22)   Pre Evacuate Collection Set: 0.28ms
[2026-04-03T01:13:59.955+0600][4.628s][info][gc,phases      ] GC(22)   Merge Heap Roots: 0.10ms
[2026-04-03T01:13:59.955+0600][4.628s][info][gc,phases      ] GC(22)   Evacuate Collection Set: 2.12ms
[2026-04-03T01:13:59.955+0600][4.628s][info][gc,phases      ] GC(22)   Post Evacuate Collection Set: 0.57ms
[2026-04-03T01:13:59.955+0600][4.629s][info][gc,phases      ] GC(22)   Other: 0.10ms
[2026-04-03T01:13:59.955+0600][4.629s][info][gc,heap        ] GC(22) Eden regions: 114->0(114)
[2026-04-03T01:13:59.955+0600][4.629s][info][gc,heap        ] GC(22) Survivor regions: 3->3(15)
[2026-04-03T01:13:59.955+0600][4.629s][info][gc,heap        ] GC(22) Old regions: 7->7
[2026-04-03T01:13:59.955+0600][4.629s][info][gc,heap        ] GC(22) Humongous regions: 6->6
[2026-04-03T01:13:59.955+0600][4.629s][info][gc,metaspace   ] GC(22) Metaspace: 6223K(6464K)->6223K(6464K) NonClass: 5616K(5760K)->5616K(5760K) Class: 607K(704K)->607K(704K)
[2026-04-03T01:13:59.955+0600][4.629s][info][gc             ] GC(22) Pause Young (Normal) (G1 Evacuation Pause) 254M->26M(390M) 3.495ms
[2026-04-03T01:13:59.955+0600][4.629s][info][gc,cpu         ] GC(22) User=0.02s Sys=0.00s Real=0.00s
[2026-04-03T01:14:00.100+0600][4.773s][info][gc,start       ] GC(23) Pause Young (Normal) (G1 Evacuation Pause)
[2026-04-03T01:14:00.100+0600][4.773s][info][gc,task        ] GC(23) Using 10 workers of 10 for evacuation
[2026-04-03T01:14:00.103+0600][4.777s][info][gc,phases      ] GC(23)   Pre Evacuate Collection Set: 0.25ms
[2026-04-03T01:14:00.103+0600][4.777s][info][gc,phases      ] GC(23)   Merge Heap Roots: 0.16ms
[2026-04-03T01:14:00.103+0600][4.777s][info][gc,phases      ] GC(23)   Evacuate Collection Set: 1.88ms
[2026-04-03T01:14:00.103+0600][4.777s][info][gc,phases      ] GC(23)   Post Evacuate Collection Set: 0.89ms
[2026-04-03T01:14:00.103+0600][4.777s][info][gc,phases      ] GC(23)   Other: 0.11ms
[2026-04-03T01:14:00.104+0600][4.777s][info][gc,heap        ] GC(23) Eden regions: 114->0(137)
[2026-04-03T01:14:00.104+0600][4.777s][info][gc,heap        ] GC(23) Survivor regions: 3->3(15)
[2026-04-03T01:14:00.104+0600][4.777s][info][gc,heap        ] GC(23) Old regions: 7->7
[2026-04-03T01:14:00.104+0600][4.777s][info][gc,heap        ] GC(23) Humongous regions: 6->6
[2026-04-03T01:14:00.104+0600][4.777s][info][gc,metaspace   ] GC(23) Metaspace: 6223K(6464K)->6223K(6464K) NonClass: 5616K(5760K)->5616K(5760K) Class: 607K(704K)->607K(704K)
[2026-04-03T01:14:00.104+0600][4.777s][info][gc             ] GC(23) Pause Young (Normal) (G1 Evacuation Pause) 254M->26M(468M) 3.600ms
[2026-04-03T01:14:00.104+0600][4.777s][info][gc,cpu         ] GC(23) User=0.01s Sys=0.00s Real=0.00s
[2026-04-03T01:14:00.309+0600][4.982s][info][gc,start       ] GC(24) Pause Young (Normal) (G1 Evacuation Pause)
[2026-04-03T01:14:00.309+0600][4.982s][info][gc,task        ] GC(24) Using 10 workers of 10 for evacuation
[2026-04-03T01:14:00.312+0600][4.985s][info][gc,phases      ] GC(24)   Pre Evacuate Collection Set: 0.29ms
[2026-04-03T01:14:00.312+0600][4.985s][info][gc,phases      ] GC(24)   Merge Heap Roots: 0.18ms
[2026-04-03T01:14:00.312+0600][4.985s][info][gc,phases      ] GC(24)   Evacuate Collection Set: 1.62ms
[2026-04-03T01:14:00.312+0600][4.985s][info][gc,phases      ] GC(24)   Post Evacuate Collection Set: 0.54ms
[2026-04-03T01:14:00.312+0600][4.985s][info][gc,phases      ] GC(24)   Other: 0.19ms
[2026-04-03T01:14:00.312+0600][4.985s][info][gc,heap        ] GC(24) Eden regions: 137->0(137)
[2026-04-03T01:14:00.312+0600][4.985s][info][gc,heap        ] GC(24) Survivor regions: 3->3(18)
[2026-04-03T01:14:00.312+0600][4.985s][info][gc,heap        ] GC(24) Old regions: 7->7
[2026-04-03T01:14:00.312+0600][4.985s][info][gc,heap        ] GC(24) Humongous regions: 6->6
[2026-04-03T01:14:00.312+0600][4.985s][info][gc,metaspace   ] GC(24) Metaspace: 6223K(6464K)->6223K(6464K) NonClass: 5616K(5760K)->5616K(5760K) Class: 607K(704K)->607K(704K)
[2026-04-03T01:14:00.312+0600][4.985s][info][gc             ] GC(24) Pause Young (Normal) (G1 Evacuation Pause) 300M->26M(468M) 3.169ms
[2026-04-03T01:14:00.312+0600][4.985s][info][gc,cpu         ] GC(24) User=0.02s Sys=0.00s Real=0.01s
[2026-04-03T01:14:00.520+0600][5.193s][info][gc,start       ] GC(25) Pause Young (Normal) (G1 Evacuation Pause)
[2026-04-03T01:14:00.520+0600][5.193s][info][gc,task        ] GC(25) Using 10 workers of 10 for evacuation
[2026-04-03T01:14:00.523+0600][5.196s][info][gc,phases      ] GC(25)   Pre Evacuate Collection Set: 0.27ms
[2026-04-03T01:14:00.523+0600][5.196s][info][gc,phases      ] GC(25)   Merge Heap Roots: 0.16ms
[2026-04-03T01:14:00.523+0600][5.196s][info][gc,phases      ] GC(25)   Evacuate Collection Set: 1.68ms
[2026-04-03T01:14:00.523+0600][5.196s][info][gc,phases      ] GC(25)   Post Evacuate Collection Set: 0.46ms
[2026-04-03T01:14:00.523+0600][5.196s][info][gc,phases      ] GC(25)   Other: 0.11ms
[2026-04-03T01:14:00.523+0600][5.196s][info][gc,heap        ] GC(25) Eden regions: 137->0(137)
[2026-04-03T01:14:00.523+0600][5.196s][info][gc,heap        ] GC(25) Survivor regions: 3->3(18)
[2026-04-03T01:14:00.523+0600][5.196s][info][gc,heap        ] GC(25) Old regions: 7->7
[2026-04-03T01:14:00.523+0600][5.196s][info][gc,heap        ] GC(25) Humongous regions: 6->6
[2026-04-03T01:14:00.523+0600][5.196s][info][gc,metaspace   ] GC(25) Metaspace: 6224K(6464K)->6224K(6464K) NonClass: 5617K(5760K)->5617K(5760K) Class: 607K(704K)->607K(704K)
[2026-04-03T01:14:00.523+0600][5.196s][info][gc             ] GC(25) Pause Young (Normal) (G1 Evacuation Pause) 300M->26M(468M) 2.991ms
[2026-04-03T01:14:00.523+0600][5.196s][info][gc,cpu         ] GC(25) User=0.02s Sys=0.00s Real=0.00s
[2026-04-03T01:14:00.770+0600][5.443s][info][gc,start       ] GC(26) Pause Young (Normal) (G1 Evacuation Pause)
[2026-04-03T01:14:00.770+0600][5.443s][info][gc,task        ] GC(26) Using 10 workers of 10 for evacuation
[2026-04-03T01:14:00.773+0600][5.446s][info][gc,phases      ] GC(26)   Pre Evacuate Collection Set: 0.25ms
[2026-04-03T01:14:00.773+0600][5.446s][info][gc,phases      ] GC(26)   Merge Heap Roots: 0.12ms
[2026-04-03T01:14:00.773+0600][5.446s][info][gc,phases      ] GC(26)   Evacuate Collection Set: 1.82ms
[2026-04-03T01:14:00.773+0600][5.446s][info][gc,phases      ] GC(26)   Post Evacuate Collection Set: 0.39ms
[2026-04-03T01:14:00.773+0600][5.446s][info][gc,phases      ] GC(26)   Other: 0.13ms
[2026-04-03T01:14:00.773+0600][5.446s][info][gc,heap        ] GC(26) Eden regions: 137->0(137)
[2026-04-03T01:14:00.773+0600][5.446s][info][gc,heap        ] GC(26) Survivor regions: 3->3(18)
[2026-04-03T01:14:00.773+0600][5.446s][info][gc,heap        ] GC(26) Old regions: 7->7
[2026-04-03T01:14:00.773+0600][5.446s][info][gc,heap        ] GC(26) Humongous regions: 6->6
[2026-04-03T01:14:00.773+0600][5.446s][info][gc,metaspace   ] GC(26) Metaspace: 6224K(6464K)->6224K(6464K) NonClass: 5617K(5760K)->5617K(5760K) Class: 607K(704K)->607K(704K)
[2026-04-03T01:14:00.773+0600][5.446s][info][gc             ] GC(26) Pause Young (Normal) (G1 Evacuation Pause) 300M->26M(468M) 2.988ms
[2026-04-03T01:14:00.773+0600][5.446s][info][gc,cpu         ] GC(26) User=0.02s Sys=0.00s Real=0.00s
[2026-04-03T01:14:01.010+0600][5.683s][info][gc,start       ] GC(27) Pause Young (Normal) (G1 Evacuation Pause)
[2026-04-03T01:14:01.010+0600][5.683s][info][gc,task        ] GC(27) Using 10 workers of 10 for evacuation
[2026-04-03T01:14:01.014+0600][5.687s][info][gc,phases      ] GC(27)   Pre Evacuate Collection Set: 0.21ms
[2026-04-03T01:14:01.014+0600][5.687s][info][gc,phases      ] GC(27)   Merge Heap Roots: 0.16ms
[2026-04-03T01:14:01.014+0600][5.687s][info][gc,phases      ] GC(27)   Evacuate Collection Set: 2.49ms
[2026-04-03T01:14:01.014+0600][5.687s][info][gc,phases      ] GC(27)   Post Evacuate Collection Set: 0.58ms
[2026-04-03T01:14:01.014+0600][5.687s][info][gc,phases      ] GC(27)   Other: 0.11ms
[2026-04-03T01:14:01.014+0600][5.687s][info][gc,heap        ] GC(27) Eden regions: 137->0(137)
[2026-04-03T01:14:01.014+0600][5.687s][info][gc,heap        ] GC(27) Survivor regions: 3->3(18)
[2026-04-03T01:14:01.014+0600][5.687s][info][gc,heap        ] GC(27) Old regions: 7->7
[2026-04-03T01:14:01.014+0600][5.687s][info][gc,heap        ] GC(27) Humongous regions: 6->6
[2026-04-03T01:14:01.014+0600][5.687s][info][gc,metaspace   ] GC(27) Metaspace: 6224K(6464K)->6224K(6464K) NonClass: 5617K(5760K)->5617K(5760K) Class: 607K(704K)->607K(704K)
[2026-04-03T01:14:01.014+0600][5.687s][info][gc             ] GC(27) Pause Young (Normal) (G1 Evacuation Pause) 300M->26M(468M) 3.866ms
[2026-04-03T01:14:01.014+0600][5.687s][info][gc,cpu         ] GC(27) User=0.02s Sys=0.01s Real=0.00s
[2026-04-03T01:14:01.282+0600][5.955s][info][gc,start       ] GC(28) Pause Young (Normal) (G1 Evacuation Pause)
[2026-04-03T01:14:01.282+0600][5.955s][info][gc,task        ] GC(28) Using 10 workers of 10 for evacuation
[2026-04-03T01:14:01.285+0600][5.958s][info][gc,phases      ] GC(28)   Pre Evacuate Collection Set: 0.43ms
[2026-04-03T01:14:01.285+0600][5.958s][info][gc,phases      ] GC(28)   Merge Heap Roots: 0.22ms
[2026-04-03T01:14:01.285+0600][5.958s][info][gc,phases      ] GC(28)   Evacuate Collection Set: 1.81ms
[2026-04-03T01:14:01.285+0600][5.958s][info][gc,phases      ] GC(28)   Post Evacuate Collection Set: 0.61ms
[2026-04-03T01:14:01.285+0600][5.958s][info][gc,phases      ] GC(28)   Other: 0.12ms
[2026-04-03T01:14:01.285+0600][5.958s][info][gc,heap        ] GC(28) Eden regions: 137->0(137)
[2026-04-03T01:14:01.285+0600][5.959s][info][gc,heap        ] GC(28) Survivor regions: 3->3(18)
[2026-04-03T01:14:01.285+0600][5.959s][info][gc,heap        ] GC(28) Old regions: 7->7
[2026-04-03T01:14:01.285+0600][5.959s][info][gc,heap        ] GC(28) Humongous regions: 6->6
[2026-04-03T01:14:01.285+0600][5.959s][info][gc,metaspace   ] GC(28) Metaspace: 6225K(6464K)->6225K(6464K) NonClass: 5617K(5760K)->5617K(5760K) Class: 607K(704K)->607K(704K)
[2026-04-03T01:14:01.285+0600][5.959s][info][gc             ] GC(28) Pause Young (Normal) (G1 Evacuation Pause) 300M->26M(468M) 3.648ms
[2026-04-03T01:14:01.285+0600][5.959s][info][gc,cpu         ] GC(28) User=0.02s Sys=0.00s Real=0.00s
[2026-04-03T01:14:01.565+0600][6.239s][info][gc,start       ] GC(29) Pause Young (Normal) (G1 Evacuation Pause)
[2026-04-03T01:14:01.566+0600][6.239s][info][gc,task        ] GC(29) Using 10 workers of 10 for evacuation
[2026-04-03T01:14:01.570+0600][6.244s][info][gc,phases      ] GC(29)   Pre Evacuate Collection Set: 0.25ms
[2026-04-03T01:14:01.570+0600][6.244s][info][gc,phases      ] GC(29)   Merge Heap Roots: 0.23ms
[2026-04-03T01:14:01.570+0600][6.244s][info][gc,phases      ] GC(29)   Evacuate Collection Set: 3.58ms
[2026-04-03T01:14:01.570+0600][6.244s][info][gc,phases      ] GC(29)   Post Evacuate Collection Set: 0.54ms
[2026-04-03T01:14:01.570+0600][6.244s][info][gc,phases      ] GC(29)   Other: 0.17ms
[2026-04-03T01:14:01.570+0600][6.244s][info][gc,heap        ] GC(29) Eden regions: 137->0(137)
[2026-04-03T01:14:01.571+0600][6.244s][info][gc,heap        ] GC(29) Survivor regions: 3->3(18)
[2026-04-03T01:14:01.571+0600][6.244s][info][gc,heap        ] GC(29) Old regions: 7->7
[2026-04-03T01:14:01.571+0600][6.244s][info][gc,heap        ] GC(29) Humongous regions: 6->6
[2026-04-03T01:14:01.571+0600][6.244s][info][gc,metaspace   ] GC(29) Metaspace: 6238K(6464K)->6238K(6464K) NonClass: 5630K(5760K)->5630K(5760K) Class: 607K(704K)->607K(704K)
[2026-04-03T01:14:01.571+0600][6.244s][info][gc             ] GC(29) Pause Young (Normal) (G1 Evacuation Pause) 300M->26M(468M) 5.130ms
[2026-04-03T01:14:01.571+0600][6.244s][info][gc,cpu         ] GC(29) User=0.02s Sys=0.00s Real=0.01s
[2026-04-03T01:14:02.035+0600][6.708s][info][gc,start       ] GC(30) Pause Young (Normal) (G1 Evacuation Pause)
[2026-04-03T01:14:02.035+0600][6.708s][info][gc,task        ] GC(30) Using 10 workers of 10 for evacuation
[2026-04-03T01:14:02.038+0600][6.712s][info][gc,phases      ] GC(30)   Pre Evacuate Collection Set: 0.39ms
[2026-04-03T01:14:02.038+0600][6.712s][info][gc,phases      ] GC(30)   Merge Heap Roots: 0.18ms
[2026-04-03T01:14:02.038+0600][6.712s][info][gc,phases      ] GC(30)   Evacuate Collection Set: 2.09ms
[2026-04-03T01:14:02.038+0600][6.712s][info][gc,phases      ] GC(30)   Post Evacuate Collection Set: 0.64ms
[2026-04-03T01:14:02.038+0600][6.712s][info][gc,phases      ] GC(30)   Other: 0.11ms
[2026-04-03T01:14:02.039+0600][6.712s][info][gc,heap        ] GC(30) Eden regions: 137->0(137)
[2026-04-03T01:14:02.039+0600][6.712s][info][gc,heap        ] GC(30) Survivor regions: 3->3(18)
[2026-04-03T01:14:02.039+0600][6.712s][info][gc,heap        ] GC(30) Old regions: 7->7
[2026-04-03T01:14:02.039+0600][6.712s][info][gc,heap        ] GC(30) Humongous regions: 6->6
[2026-04-03T01:14:02.039+0600][6.712s][info][gc,metaspace   ] GC(30) Metaspace: 6238K(6464K)->6238K(6464K) NonClass: 5630K(5760K)->5630K(5760K) Class: 607K(704K)->607K(704K)
[2026-04-03T01:14:02.039+0600][6.712s][info][gc             ] GC(30) Pause Young (Normal) (G1 Evacuation Pause) 300M->26M(468M) 3.716ms
[2026-04-03T01:14:02.039+0600][6.712s][info][gc,cpu         ] GC(30) User=0.02s Sys=0.00s Real=0.00s
[2026-04-03T01:14:02.278+0600][6.951s][info][gc,start       ] GC(31) Pause Young (Normal) (G1 Evacuation Pause)
[2026-04-03T01:14:02.278+0600][6.952s][info][gc,task        ] GC(31) Using 10 workers of 10 for evacuation
[2026-04-03T01:14:02.283+0600][6.956s][info][gc,phases      ] GC(31)   Pre Evacuate Collection Set: 0.29ms
[2026-04-03T01:14:02.283+0600][6.956s][info][gc,phases      ] GC(31)   Merge Heap Roots: 0.31ms
[2026-04-03T01:14:02.283+0600][6.956s][info][gc,phases      ] GC(31)   Evacuate Collection Set: 2.80ms
[2026-04-03T01:14:02.283+0600][6.956s][info][gc,phases      ] GC(31)   Post Evacuate Collection Set: 0.63ms
[2026-04-03T01:14:02.283+0600][6.956s][info][gc,phases      ] GC(31)   Other: 0.11ms
[2026-04-03T01:14:02.283+0600][6.956s][info][gc,heap        ] GC(31) Eden regions: 137->0(137)
[2026-04-03T01:14:02.283+0600][6.956s][info][gc,heap        ] GC(31) Survivor regions: 3->3(18)
[2026-04-03T01:14:02.283+0600][6.956s][info][gc,heap        ] GC(31) Old regions: 7->7
[2026-04-03T01:14:02.283+0600][6.956s][info][gc,heap        ] GC(31) Humongous regions: 6->6
[2026-04-03T01:14:02.283+0600][6.956s][info][gc,metaspace   ] GC(31) Metaspace: 6238K(6464K)->6238K(6464K) NonClass: 5630K(5760K)->5630K(5760K) Class: 607K(704K)->607K(704K)
[2026-04-03T01:14:02.283+0600][6.956s][info][gc             ] GC(31) Pause Young (Normal) (G1 Evacuation Pause) 300M->26M(468M) 4.519ms
[2026-04-03T01:14:02.283+0600][6.956s][info][gc,cpu         ] GC(31) User=0.02s Sys=0.00s Real=0.01s
[2026-04-03T01:14:02.507+0600][7.180s][info][gc,start       ] GC(32) Pause Young (Normal) (G1 Evacuation Pause)
[2026-04-03T01:14:02.507+0600][7.180s][info][gc,task        ] GC(32) Using 10 workers of 10 for evacuation
[2026-04-03T01:14:02.513+0600][7.186s][info][gc,phases      ] GC(32)   Pre Evacuate Collection Set: 0.34ms
[2026-04-03T01:14:02.513+0600][7.186s][info][gc,phases      ] GC(32)   Merge Heap Roots: 0.22ms
[2026-04-03T01:14:02.513+0600][7.186s][info][gc,phases      ] GC(32)   Evacuate Collection Set: 4.47ms
[2026-04-03T01:14:02.513+0600][7.186s][info][gc,phases      ] GC(32)   Post Evacuate Collection Set: 0.60ms
[2026-04-03T01:14:02.513+0600][7.186s][info][gc,phases      ] GC(32)   Other: 0.16ms
[2026-04-03T01:14:02.513+0600][7.186s][info][gc,heap        ] GC(32) Eden regions: 137->0(137)
[2026-04-03T01:14:02.513+0600][7.186s][info][gc,heap        ] GC(32) Survivor regions: 3->3(18)
[2026-04-03T01:14:02.513+0600][7.186s][info][gc,heap        ] GC(32) Old regions: 7->7
[2026-04-03T01:14:02.513+0600][7.186s][info][gc,heap        ] GC(32) Humongous regions: 6->6
[2026-04-03T01:14:02.513+0600][7.186s][info][gc,metaspace   ] GC(32) Metaspace: 6238K(6464K)->6238K(6464K) NonClass: 5630K(5760K)->5630K(5760K) Class: 607K(704K)->607K(704K)
[2026-04-03T01:14:02.513+0600][7.186s][info][gc             ] GC(32) Pause Young (Normal) (G1 Evacuation Pause) 300M->26M(468M) 6.114ms
[2026-04-03T01:14:02.513+0600][7.186s][info][gc,cpu         ] GC(32) User=0.02s Sys=0.00s Real=0.01s
[2026-04-03T01:14:02.688+0600][7.362s][info][gc,start       ] GC(33) Pause Young (Normal) (G1 Evacuation Pause)
[2026-04-03T01:14:02.689+0600][7.362s][info][gc,task        ] GC(33) Using 10 workers of 10 for evacuation
[2026-04-03T01:14:02.691+0600][7.365s][info][gc,phases      ] GC(33)   Pre Evacuate Collection Set: 0.34ms
[2026-04-03T01:14:02.691+0600][7.365s][info][gc,phases      ] GC(33)   Merge Heap Roots: 0.18ms
[2026-04-03T01:14:02.691+0600][7.365s][info][gc,phases      ] GC(33)   Evacuate Collection Set: 1.53ms
[2026-04-03T01:14:02.691+0600][7.365s][info][gc,phases      ] GC(33)   Post Evacuate Collection Set: 0.62ms
[2026-04-03T01:14:02.691+0600][7.365s][info][gc,phases      ] GC(33)   Other: 0.11ms
[2026-04-03T01:14:02.691+0600][7.365s][info][gc,heap        ] GC(33) Eden regions: 137->0(137)
[2026-04-03T01:14:02.691+0600][7.365s][info][gc,heap        ] GC(33) Survivor regions: 3->3(18)
[2026-04-03T01:14:02.691+0600][7.365s][info][gc,heap        ] GC(33) Old regions: 7->7
[2026-04-03T01:14:02.691+0600][7.365s][info][gc,heap        ] GC(33) Humongous regions: 6->6
[2026-04-03T01:14:02.691+0600][7.365s][info][gc,metaspace   ] GC(33) Metaspace: 6238K(6464K)->6238K(6464K) NonClass: 5630K(5760K)->5630K(5760K) Class: 607K(704K)->607K(704K)
[2026-04-03T01:14:02.691+0600][7.365s][info][gc             ] GC(33) Pause Young (Normal) (G1 Evacuation Pause) 300M->26M(468M) 3.045ms
[2026-04-03T01:14:02.692+0600][7.365s][info][gc,cpu         ] GC(33) User=0.01s Sys=0.01s Real=0.01s
[2026-04-03T01:14:02.884+0600][7.557s][info][gc,start       ] GC(34) Pause Young (Normal) (G1 Evacuation Pause)
[2026-04-03T01:14:02.884+0600][7.557s][info][gc,task        ] GC(34) Using 10 workers of 10 for evacuation
[2026-04-03T01:14:02.887+0600][7.560s][info][gc,phases      ] GC(34)   Pre Evacuate Collection Set: 0.27ms
[2026-04-03T01:14:02.887+0600][7.561s][info][gc,phases      ] GC(34)   Merge Heap Roots: 0.16ms
[2026-04-03T01:14:02.887+0600][7.561s][info][gc,phases      ] GC(34)   Evacuate Collection Set: 1.96ms
[2026-04-03T01:14:02.887+0600][7.561s][info][gc,phases      ] GC(34)   Post Evacuate Collection Set: 0.68ms
[2026-04-03T01:14:02.887+0600][7.561s][info][gc,phases      ] GC(34)   Other: 0.13ms
[2026-04-03T01:14:02.887+0600][7.561s][info][gc,heap        ] GC(34) Eden regions: 137->0(137)
[2026-04-03T01:14:02.887+0600][7.561s][info][gc,heap        ] GC(34) Survivor regions: 3->3(18)
[2026-04-03T01:14:02.887+0600][7.561s][info][gc,heap        ] GC(34) Old regions: 7->7
[2026-04-03T01:14:02.887+0600][7.561s][info][gc,heap        ] GC(34) Humongous regions: 6->6
[2026-04-03T01:14:02.887+0600][7.561s][info][gc,metaspace   ] GC(34) Metaspace: 6238K(6464K)->6238K(6464K) NonClass: 5630K(5760K)->5630K(5760K) Class: 607K(704K)->607K(704K)
[2026-04-03T01:14:02.887+0600][7.561s][info][gc             ] GC(34) Pause Young (Normal) (G1 Evacuation Pause) 300M->27M(468M) 3.522ms
[2026-04-03T01:14:02.887+0600][7.561s][info][gc,cpu         ] GC(34) User=0.02s Sys=0.00s Real=0.00s
[2026-04-03T01:14:03.054+0600][7.727s][info][gc,start       ] GC(35) Pause Young (Normal) (G1 Evacuation Pause)
[2026-04-03T01:14:03.054+0600][7.727s][info][gc,task        ] GC(35) Using 10 workers of 10 for evacuation
[2026-04-03T01:14:03.058+0600][7.731s][info][gc,phases      ] GC(35)   Pre Evacuate Collection Set: 0.39ms
[2026-04-03T01:14:03.058+0600][7.731s][info][gc,phases      ] GC(35)   Merge Heap Roots: 0.23ms
[2026-04-03T01:14:03.058+0600][7.731s][info][gc,phases      ] GC(35)   Evacuate Collection Set: 2.69ms
[2026-04-03T01:14:03.058+0600][7.731s][info][gc,phases      ] GC(35)   Post Evacuate Collection Set: 0.76ms
[2026-04-03T01:14:03.058+0600][7.731s][info][gc,phases      ] GC(35)   Other: 0.15ms
[2026-04-03T01:14:03.058+0600][7.731s][info][gc,heap        ] GC(35) Eden regions: 137->0(137)
[2026-04-03T01:14:03.058+0600][7.731s][info][gc,heap        ] GC(35) Survivor regions: 3->3(18)
[2026-04-03T01:14:03.058+0600][7.731s][info][gc,heap        ] GC(35) Old regions: 7->7
[2026-04-03T01:14:03.058+0600][7.731s][info][gc,heap        ] GC(35) Humongous regions: 6->6
[2026-04-03T01:14:03.058+0600][7.731s][info][gc,metaspace   ] GC(35) Metaspace: 6238K(6464K)->6238K(6464K) NonClass: 5630K(5760K)->5630K(5760K) Class: 607K(704K)->607K(704K)
[2026-04-03T01:14:03.058+0600][7.731s][info][gc             ] GC(35) Pause Young (Normal) (G1 Evacuation Pause) 301M->26M(468M) 4.527ms
[2026-04-03T01:14:03.058+0600][7.731s][info][gc,cpu         ] GC(35) User=0.02s Sys=0.00s Real=0.00s
[2026-04-03T01:14:03.223+0600][7.896s][info][gc,start       ] GC(36) Pause Young (Normal) (G1 Evacuation Pause)
[2026-04-03T01:14:03.223+0600][7.896s][info][gc,task        ] GC(36) Using 10 workers of 10 for evacuation
[2026-04-03T01:14:03.227+0600][7.901s][info][gc,phases      ] GC(36)   Pre Evacuate Collection Set: 0.30ms
[2026-04-03T01:14:03.228+0600][7.901s][info][gc,phases      ] GC(36)   Merge Heap Roots: 0.14ms
[2026-04-03T01:14:03.228+0600][7.901s][info][gc,phases      ] GC(36)   Evacuate Collection Set: 3.32ms
[2026-04-03T01:14:03.228+0600][7.901s][info][gc,phases      ] GC(36)   Post Evacuate Collection Set: 0.68ms
[2026-04-03T01:14:03.228+0600][7.901s][info][gc,phases      ] GC(36)   Other: 0.11ms
[2026-04-03T01:14:03.228+0600][7.901s][info][gc,heap        ] GC(36) Eden regions: 137->0(137)
[2026-04-03T01:14:03.228+0600][7.901s][info][gc,heap        ] GC(36) Survivor regions: 3->3(18)
[2026-04-03T01:14:03.228+0600][7.901s][info][gc,heap        ] GC(36) Old regions: 7->7
[2026-04-03T01:14:03.228+0600][7.901s][info][gc,heap        ] GC(36) Humongous regions: 6->6
[2026-04-03T01:14:03.228+0600][7.901s][info][gc,metaspace   ] GC(36) Metaspace: 6238K(6464K)->6238K(6464K) NonClass: 5630K(5760K)->5630K(5760K) Class: 607K(704K)->607K(704K)
[2026-04-03T01:14:03.228+0600][7.901s][info][gc             ] GC(36) Pause Young (Normal) (G1 Evacuation Pause) 300M->26M(468M) 4.895ms
[2026-04-03T01:14:03.228+0600][7.901s][info][gc,cpu         ] GC(36) User=0.02s Sys=0.00s Real=0.00s
[2026-04-03T01:14:03.385+0600][8.058s][info][gc,start       ] GC(37) Pause Young (Normal) (G1 Evacuation Pause)
[2026-04-03T01:14:03.385+0600][8.058s][info][gc,task        ] GC(37) Using 10 workers of 10 for evacuation
[2026-04-03T01:14:03.389+0600][8.062s][info][gc,phases      ] GC(37)   Pre Evacuate Collection Set: 0.39ms
[2026-04-03T01:14:03.389+0600][8.062s][info][gc,phases      ] GC(37)   Merge Heap Roots: 0.25ms
[2026-04-03T01:14:03.389+0600][8.062s][info][gc,phases      ] GC(37)   Evacuate Collection Set: 2.07ms
[2026-04-03T01:14:03.389+0600][8.062s][info][gc,phases      ] GC(37)   Post Evacuate Collection Set: 0.83ms
[2026-04-03T01:14:03.389+0600][8.062s][info][gc,phases      ] GC(37)   Other: 0.14ms
[2026-04-03T01:14:03.389+0600][8.062s][info][gc,heap        ] GC(37) Eden regions: 137->0(137)
[2026-04-03T01:14:03.389+0600][8.062s][info][gc,heap        ] GC(37) Survivor regions: 3->3(18)
[2026-04-03T01:14:03.389+0600][8.062s][info][gc,heap        ] GC(37) Old regions: 7->7
[2026-04-03T01:14:03.389+0600][8.062s][info][gc,heap        ] GC(37) Humongous regions: 6->6
[2026-04-03T01:14:03.389+0600][8.062s][info][gc,metaspace   ] GC(37) Metaspace: 6238K(6464K)->6238K(6464K) NonClass: 5630K(5760K)->5630K(5760K) Class: 607K(704K)->607K(704K)
[2026-04-03T01:14:03.389+0600][8.062s][info][gc             ] GC(37) Pause Young (Normal) (G1 Evacuation Pause) 300M->26M(468M) 4.164ms
[2026-04-03T01:14:03.389+0600][8.062s][info][gc,cpu         ] GC(37) User=0.02s Sys=0.00s Real=0.00s
[2026-04-03T01:14:03.578+0600][8.251s][info][gc,start       ] GC(38) Pause Young (Normal) (G1 Evacuation Pause)
[2026-04-03T01:14:03.578+0600][8.251s][info][gc,task        ] GC(38) Using 10 workers of 10 for evacuation
[2026-04-03T01:14:03.582+0600][8.255s][info][gc,phases      ] GC(38)   Pre Evacuate Collection Set: 0.39ms
[2026-04-03T01:14:03.582+0600][8.255s][info][gc,phases      ] GC(38)   Merge Heap Roots: 0.22ms
[2026-04-03T01:14:03.582+0600][8.255s][info][gc,phases      ] GC(38)   Evacuate Collection Set: 1.90ms
[2026-04-03T01:14:03.582+0600][8.255s][info][gc,phases      ] GC(38)   Post Evacuate Collection Set: 0.73ms
[2026-04-03T01:14:03.582+0600][8.255s][info][gc,phases      ] GC(38)   Other: 0.15ms
[2026-04-03T01:14:03.582+0600][8.255s][info][gc,heap        ] GC(38) Eden regions: 137->0(137)
[2026-04-03T01:14:03.582+0600][8.255s][info][gc,heap        ] GC(38) Survivor regions: 3->3(18)
[2026-04-03T01:14:03.582+0600][8.255s][info][gc,heap        ] GC(38) Old regions: 7->7
[2026-04-03T01:14:03.582+0600][8.255s][info][gc,heap        ] GC(38) Humongous regions: 6->6
[2026-04-03T01:14:03.582+0600][8.255s][info][gc,metaspace   ] GC(38) Metaspace: 6238K(6464K)->6238K(6464K) NonClass: 5630K(5760K)->5630K(5760K) Class: 607K(704K)->607K(704K)
[2026-04-03T01:14:03.582+0600][8.255s][info][gc             ] GC(38) Pause Young (Normal) (G1 Evacuation Pause) 300M->26M(468M) 3.817ms
[2026-04-03T01:14:03.582+0600][8.255s][info][gc,cpu         ] GC(38) User=0.02s Sys=0.00s Real=0.01s
[2026-04-03T01:14:03.750+0600][8.423s][info][gc,start       ] GC(39) Pause Young (Normal) (G1 Evacuation Pause)
[2026-04-03T01:14:03.750+0600][8.424s][info][gc,task        ] GC(39) Using 10 workers of 10 for evacuation
[2026-04-03T01:14:03.753+0600][8.426s][info][gc,phases      ] GC(39)   Pre Evacuate Collection Set: 0.22ms
[2026-04-03T01:14:03.753+0600][8.426s][info][gc,phases      ] GC(39)   Merge Heap Roots: 0.12ms
[2026-04-03T01:14:03.753+0600][8.426s][info][gc,phases      ] GC(39)   Evacuate Collection Set: 1.50ms
[2026-04-03T01:14:03.753+0600][8.426s][info][gc,phases      ] GC(39)   Post Evacuate Collection Set: 0.83ms
[2026-04-03T01:14:03.753+0600][8.426s][info][gc,phases      ] GC(39)   Other: 0.09ms
[2026-04-03T01:14:03.753+0600][8.426s][info][gc,heap        ] GC(39) Eden regions: 137->0(137)
[2026-04-03T01:14:03.753+0600][8.426s][info][gc,heap        ] GC(39) Survivor regions: 3->3(18)
[2026-04-03T01:14:03.753+0600][8.426s][info][gc,heap        ] GC(39) Old regions: 7->7
[2026-04-03T01:14:03.753+0600][8.426s][info][gc,heap        ] GC(39) Humongous regions: 6->6
[2026-04-03T01:14:03.753+0600][8.426s][info][gc,metaspace   ] GC(39) Metaspace: 6238K(6464K)->6238K(6464K) NonClass: 5630K(5760K)->5630K(5760K) Class: 607K(704K)->607K(704K)
[2026-04-03T01:14:03.753+0600][8.426s][info][gc             ] GC(39) Pause Young (Normal) (G1 Evacuation Pause) 300M->26M(468M) 3.069ms
[2026-04-03T01:14:03.753+0600][8.426s][info][gc,cpu         ] GC(39) User=0.01s Sys=0.00s Real=0.00s
[2026-04-03T01:14:03.933+0600][8.606s][info][gc,start       ] GC(40) Pause Young (Normal) (G1 Evacuation Pause)
[2026-04-03T01:14:03.933+0600][8.606s][info][gc,task        ] GC(40) Using 10 workers of 10 for evacuation
[2026-04-03T01:14:03.937+0600][8.610s][info][gc,phases      ] GC(40)   Pre Evacuate Collection Set: 0.41ms
[2026-04-03T01:14:03.937+0600][8.610s][info][gc,phases      ] GC(40)   Merge Heap Roots: 0.24ms
[2026-04-03T01:14:03.937+0600][8.610s][info][gc,phases      ] GC(40)   Evacuate Collection Set: 1.95ms
[2026-04-03T01:14:03.937+0600][8.610s][info][gc,phases      ] GC(40)   Post Evacuate Collection Set: 0.72ms
[2026-04-03T01:14:03.937+0600][8.610s][info][gc,phases      ] GC(40)   Other: 0.10ms
[2026-04-03T01:14:03.937+0600][8.610s][info][gc,heap        ] GC(40) Eden regions: 137->0(137)
[2026-04-03T01:14:03.937+0600][8.610s][info][gc,heap        ] GC(40) Survivor regions: 3->3(18)
[2026-04-03T01:14:03.937+0600][8.610s][info][gc,heap        ] GC(40) Old regions: 7->7
[2026-04-03T01:14:03.937+0600][8.610s][info][gc,heap        ] GC(40) Humongous regions: 6->6
[2026-04-03T01:14:03.937+0600][8.610s][info][gc,metaspace   ] GC(40) Metaspace: 6238K(6464K)->6238K(6464K) NonClass: 5630K(5760K)->5630K(5760K) Class: 607K(704K)->607K(704K)
[2026-04-03T01:14:03.937+0600][8.610s][info][gc             ] GC(40) Pause Young (Normal) (G1 Evacuation Pause) 300M->26M(468M) 3.719ms
[2026-04-03T01:14:03.937+0600][8.610s][info][gc,cpu         ] GC(40) User=0.02s Sys=0.01s Real=0.00s
[2026-04-03T01:14:04.117+0600][8.791s][info][gc,start       ] GC(41) Pause Young (Normal) (G1 Evacuation Pause)
[2026-04-03T01:14:04.117+0600][8.791s][info][gc,task        ] GC(41) Using 10 workers of 10 for evacuation
[2026-04-03T01:14:04.121+0600][8.795s][info][gc,phases      ] GC(41)   Pre Evacuate Collection Set: 0.23ms
[2026-04-03T01:14:04.121+0600][8.795s][info][gc,phases      ] GC(41)   Merge Heap Roots: 0.31ms
[2026-04-03T01:14:04.121+0600][8.795s][info][gc,phases      ] GC(41)   Evacuate Collection Set: 1.91ms
[2026-04-03T01:14:04.121+0600][8.795s][info][gc,phases      ] GC(41)   Post Evacuate Collection Set: 1.33ms
[2026-04-03T01:14:04.121+0600][8.795s][info][gc,phases      ] GC(41)   Other: 0.14ms
[2026-04-03T01:14:04.121+0600][8.795s][info][gc,heap        ] GC(41) Eden regions: 137->0(165)
[2026-04-03T01:14:04.121+0600][8.795s][info][gc,heap        ] GC(41) Survivor regions: 3->3(18)
[2026-04-03T01:14:04.121+0600][8.795s][info][gc,heap        ] GC(41) Old regions: 7->7
[2026-04-03T01:14:04.121+0600][8.795s][info][gc,heap        ] GC(41) Humongous regions: 6->6
[2026-04-03T01:14:04.121+0600][8.795s][info][gc,metaspace   ] GC(41) Metaspace: 6238K(6464K)->6238K(6464K) NonClass: 5630K(5760K)->5630K(5760K) Class: 607K(704K)->607K(704K)
[2026-04-03T01:14:04.121+0600][8.795s][info][gc             ] GC(41) Pause Young (Normal) (G1 Evacuation Pause) 300M->26M(562M) 4.207ms
[2026-04-03T01:14:04.122+0600][8.795s][info][gc,cpu         ] GC(41) User=0.02s Sys=0.00s Real=0.01s
[2026-04-03T01:14:04.327+0600][9.000s][info][gc,start       ] GC(42) Pause Young (Normal) (G1 Evacuation Pause)
[2026-04-03T01:14:04.327+0600][9.000s][info][gc,task        ] GC(42) Using 10 workers of 10 for evacuation
[2026-04-03T01:14:04.330+0600][9.004s][info][gc,phases      ] GC(42)   Pre Evacuate Collection Set: 0.46ms
[2026-04-03T01:14:04.330+0600][9.004s][info][gc,phases      ] GC(42)   Merge Heap Roots: 0.19ms
[2026-04-03T01:14:04.330+0600][9.004s][info][gc,phases      ] GC(42)   Evacuate Collection Set: 1.68ms
[2026-04-03T01:14:04.330+0600][9.004s][info][gc,phases      ] GC(42)   Post Evacuate Collection Set: 0.74ms
[2026-04-03T01:14:04.330+0600][9.004s][info][gc,phases      ] GC(42)   Other: 0.18ms
[2026-04-03T01:14:04.330+0600][9.004s][info][gc,heap        ] GC(42) Eden regions: 165->0(165)
[2026-04-03T01:14:04.330+0600][9.004s][info][gc,heap        ] GC(42) Survivor regions: 3->3(21)
[2026-04-03T01:14:04.330+0600][9.004s][info][gc,heap        ] GC(42) Old regions: 7->7
[2026-04-03T01:14:04.330+0600][9.004s][info][gc,heap        ] GC(42) Humongous regions: 6->6
[2026-04-03T01:14:04.330+0600][9.004s][info][gc,metaspace   ] GC(42) Metaspace: 6238K(6464K)->6238K(6464K) NonClass: 5630K(5760K)->5630K(5760K) Class: 607K(704K)->607K(704K)
[2026-04-03T01:14:04.330+0600][9.004s][info][gc             ] GC(42) Pause Young (Normal) (G1 Evacuation Pause) 356M->26M(562M) 3.561ms
[2026-04-03T01:14:04.331+0600][9.004s][info][gc,cpu         ] GC(42) User=0.02s Sys=0.00s Real=0.01s
[2026-04-03T01:14:04.543+0600][9.216s][info][gc,start       ] GC(43) Pause Young (Normal) (G1 Evacuation Pause)
[2026-04-03T01:14:04.543+0600][9.216s][info][gc,task        ] GC(43) Using 10 workers of 10 for evacuation
[2026-04-03T01:14:04.547+0600][9.220s][info][gc,phases      ] GC(43)   Pre Evacuate Collection Set: 0.62ms
[2026-04-03T01:14:04.547+0600][9.220s][info][gc,phases      ] GC(43)   Merge Heap Roots: 0.23ms
[2026-04-03T01:14:04.547+0600][9.220s][info][gc,phases      ] GC(43)   Evacuate Collection Set: 1.60ms
[2026-04-03T01:14:04.547+0600][9.220s][info][gc,phases      ] GC(43)   Post Evacuate Collection Set: 0.91ms
[2026-04-03T01:14:04.547+0600][9.220s][info][gc,phases      ] GC(43)   Other: 0.15ms
[2026-04-03T01:14:04.547+0600][9.220s][info][gc,heap        ] GC(43) Eden regions: 165->0(166)
[2026-04-03T01:14:04.547+0600][9.220s][info][gc,heap        ] GC(43) Survivor regions: 3->2(21)
[2026-04-03T01:14:04.547+0600][9.220s][info][gc,heap        ] GC(43) Old regions: 7->7
[2026-04-03T01:14:04.547+0600][9.220s][info][gc,heap        ] GC(43) Humongous regions: 6->6
[2026-04-03T01:14:04.547+0600][9.220s][info][gc,metaspace   ] GC(43) Metaspace: 6238K(6464K)->6238K(6464K) NonClass: 5630K(5760K)->5630K(5760K) Class: 607K(704K)->607K(704K)
[2026-04-03T01:14:04.547+0600][9.220s][info][gc             ] GC(43) Pause Young (Normal) (G1 Evacuation Pause) 356M->26M(562M) 3.981ms
[2026-04-03T01:14:04.547+0600][9.220s][info][gc,cpu         ] GC(43) User=0.01s Sys=0.00s Real=0.00s
[2026-04-03T01:14:04.823+0600][9.496s][info][gc,start       ] GC(44) Pause Young (Normal) (G1 Evacuation Pause)
[2026-04-03T01:14:04.823+0600][9.496s][info][gc,task        ] GC(44) Using 10 workers of 10 for evacuation
[2026-04-03T01:14:04.827+0600][9.500s][info][gc,phases      ] GC(44)   Pre Evacuate Collection Set: 0.48ms
[2026-04-03T01:14:04.827+0600][9.500s][info][gc,phases      ] GC(44)   Merge Heap Roots: 0.33ms
[2026-04-03T01:14:04.827+0600][9.500s][info][gc,phases      ] GC(44)   Evacuate Collection Set: 1.76ms
[2026-04-03T01:14:04.827+0600][9.500s][info][gc,phases      ] GC(44)   Post Evacuate Collection Set: 1.07ms
[2026-04-03T01:14:04.827+0600][9.500s][info][gc,phases      ] GC(44)   Other: 0.16ms
[2026-04-03T01:14:04.827+0600][9.500s][info][gc,heap        ] GC(44) Eden regions: 166->0(165)
[2026-04-03T01:14:04.827+0600][9.500s][info][gc,heap        ] GC(44) Survivor regions: 2->3(21)
[2026-04-03T01:14:04.827+0600][9.500s][info][gc,heap        ] GC(44) Old regions: 7->7
[2026-04-03T01:14:04.827+0600][9.500s][info][gc,heap        ] GC(44) Humongous regions: 6->6
[2026-04-03T01:14:04.827+0600][9.500s][info][gc,metaspace   ] GC(44) Metaspace: 6238K(6464K)->6238K(6464K) NonClass: 5630K(5760K)->5630K(5760K) Class: 607K(704K)->607K(704K)
[2026-04-03T01:14:04.827+0600][9.500s][info][gc             ] GC(44) Pause Young (Normal) (G1 Evacuation Pause) 358M->26M(562M) 4.216ms
[2026-04-03T01:14:04.827+0600][9.500s][info][gc,cpu         ] GC(44) User=0.02s Sys=0.00s Real=0.00s
[2026-04-03T01:14:05.108+0600][9.781s][info][gc,start       ] GC(45) Pause Young (Normal) (G1 Evacuation Pause)
[2026-04-03T01:14:05.108+0600][9.781s][info][gc,task        ] GC(45) Using 10 workers of 10 for evacuation
[2026-04-03T01:14:05.111+0600][9.784s][info][gc,phases      ] GC(45)   Pre Evacuate Collection Set: 0.27ms
[2026-04-03T01:14:05.111+0600][9.784s][info][gc,phases      ] GC(45)   Merge Heap Roots: 0.12ms
[2026-04-03T01:14:05.111+0600][9.784s][info][gc,phases      ] GC(45)   Evacuate Collection Set: 1.60ms
[2026-04-03T01:14:05.111+0600][9.784s][info][gc,phases      ] GC(45)   Post Evacuate Collection Set: 0.70ms
[2026-04-03T01:14:05.111+0600][9.784s][info][gc,phases      ] GC(45)   Other: 0.13ms
[2026-04-03T01:14:05.111+0600][9.784s][info][gc,heap        ] GC(45) Eden regions: 165->0(165)
[2026-04-03T01:14:05.111+0600][9.784s][info][gc,heap        ] GC(45) Survivor regions: 3->3(21)
[2026-04-03T01:14:05.111+0600][9.784s][info][gc,heap        ] GC(45) Old regions: 7->7
[2026-04-03T01:14:05.111+0600][9.784s][info][gc,heap        ] GC(45) Humongous regions: 6->6
[2026-04-03T01:14:05.111+0600][9.784s][info][gc,metaspace   ] GC(45) Metaspace: 6238K(6464K)->6238K(6464K) NonClass: 5630K(5760K)->5630K(5760K) Class: 607K(704K)->607K(704K)
[2026-04-03T01:14:05.111+0600][9.784s][info][gc             ] GC(45) Pause Young (Normal) (G1 Evacuation Pause) 356M->26M(562M) 3.145ms
[2026-04-03T01:14:05.111+0600][9.784s][info][gc,cpu         ] GC(45) User=0.02s Sys=0.00s Real=0.01s
[2026-04-03T01:14:05.526+0600][10.199s][info][gc,start       ] GC(46) Pause Young (Normal) (G1 Evacuation Pause)
[2026-04-03T01:14:05.526+0600][10.199s][info][gc,task        ] GC(46) Using 10 workers of 10 for evacuation
[2026-04-03T01:14:05.532+0600][10.205s][info][gc,phases      ] GC(46)   Pre Evacuate Collection Set: 0.35ms
[2026-04-03T01:14:05.532+0600][10.205s][info][gc,phases      ] GC(46)   Merge Heap Roots: 0.26ms
[2026-04-03T01:14:05.532+0600][10.205s][info][gc,phases      ] GC(46)   Evacuate Collection Set: 4.38ms
[2026-04-03T01:14:05.532+0600][10.205s][info][gc,phases      ] GC(46)   Post Evacuate Collection Set: 0.76ms
[2026-04-03T01:14:05.532+0600][10.205s][info][gc,phases      ] GC(46)   Other: 0.15ms
[2026-04-03T01:14:05.532+0600][10.205s][info][gc,heap        ] GC(46) Eden regions: 165->0(165)
[2026-04-03T01:14:05.532+0600][10.205s][info][gc,heap        ] GC(46) Survivor regions: 3->3(21)
[2026-04-03T01:14:05.532+0600][10.205s][info][gc,heap        ] GC(46) Old regions: 7->7
[2026-04-03T01:14:05.532+0600][10.205s][info][gc,heap        ] GC(46) Humongous regions: 6->6
[2026-04-03T01:14:05.532+0600][10.205s][info][gc,metaspace   ] GC(46) Metaspace: 6243K(6464K)->6243K(6464K) NonClass: 5636K(5760K)->5636K(5760K) Class: 607K(704K)->607K(704K)
[2026-04-03T01:14:05.532+0600][10.205s][info][gc             ] GC(46) Pause Young (Normal) (G1 Evacuation Pause) 356M->26M(562M) 6.313ms
[2026-04-03T01:14:05.532+0600][10.206s][info][gc,cpu         ] GC(46) User=0.02s Sys=0.01s Real=0.01s
[2026-04-03T01:14:05.816+0600][10.489s][info][gc,start       ] GC(47) Pause Young (Normal) (G1 Evacuation Pause)
[2026-04-03T01:14:05.816+0600][10.489s][info][gc,task        ] GC(47) Using 10 workers of 10 for evacuation
[2026-04-03T01:14:05.819+0600][10.492s][info][gc,phases      ] GC(47)   Pre Evacuate Collection Set: 0.29ms
[2026-04-03T01:14:05.819+0600][10.492s][info][gc,phases      ] GC(47)   Merge Heap Roots: 0.13ms
[2026-04-03T01:14:05.819+0600][10.492s][info][gc,phases      ] GC(47)   Evacuate Collection Set: 1.58ms
[2026-04-03T01:14:05.819+0600][10.492s][info][gc,phases      ] GC(47)   Post Evacuate Collection Set: 0.62ms
[2026-04-03T01:14:05.819+0600][10.492s][info][gc,phases      ] GC(47)   Other: 0.24ms
[2026-04-03T01:14:05.819+0600][10.492s][info][gc,heap        ] GC(47) Eden regions: 165->0(165)
[2026-04-03T01:14:05.819+0600][10.492s][info][gc,heap        ] GC(47) Survivor regions: 3->3(21)
[2026-04-03T01:14:05.819+0600][10.492s][info][gc,heap        ] GC(47) Old regions: 7->7
[2026-04-03T01:14:05.819+0600][10.492s][info][gc,heap        ] GC(47) Humongous regions: 6->6
[2026-04-03T01:14:05.819+0600][10.492s][info][gc,metaspace   ] GC(47) Metaspace: 6243K(6464K)->6243K(6464K) NonClass: 5636K(5760K)->5636K(5760K) Class: 607K(704K)->607K(704K)
[2026-04-03T01:14:05.819+0600][10.492s][info][gc             ] GC(47) Pause Young (Normal) (G1 Evacuation Pause) 356M->26M(562M) 3.222ms
[2026-04-03T01:14:05.819+0600][10.492s][info][gc,cpu         ] GC(47) User=0.02s Sys=0.00s Real=0.00s
[2026-04-03T01:14:06.045+0600][10.718s][info][gc,start       ] GC(48) Pause Young (Normal) (G1 Evacuation Pause)
[2026-04-03T01:14:06.045+0600][10.718s][info][gc,task        ] GC(48) Using 10 workers of 10 for evacuation
[2026-04-03T01:14:06.048+0600][10.721s][info][gc,phases      ] GC(48)   Pre Evacuate Collection Set: 0.27ms
[2026-04-03T01:14:06.048+0600][10.721s][info][gc,phases      ] GC(48)   Merge Heap Roots: 0.17ms
[2026-04-03T01:14:06.048+0600][10.721s][info][gc,phases      ] GC(48)   Evacuate Collection Set: 1.62ms
[2026-04-03T01:14:06.048+0600][10.721s][info][gc,phases      ] GC(48)   Post Evacuate Collection Set: 0.56ms
[2026-04-03T01:14:06.048+0600][10.721s][info][gc,phases      ] GC(48)   Other: 0.12ms
[2026-04-03T01:14:06.048+0600][10.721s][info][gc,heap        ] GC(48) Eden regions: 165->0(165)
[2026-04-03T01:14:06.048+0600][10.721s][info][gc,heap        ] GC(48) Survivor regions: 3->3(21)
[2026-04-03T01:14:06.048+0600][10.721s][info][gc,heap        ] GC(48) Old regions: 7->7
[2026-04-03T01:14:06.048+0600][10.721s][info][gc,heap        ] GC(48) Humongous regions: 6->6
[2026-04-03T01:14:06.048+0600][10.721s][info][gc,metaspace   ] GC(48) Metaspace: 6243K(6464K)->6243K(6464K) NonClass: 5636K(5760K)->5636K(5760K) Class: 607K(704K)->607K(704K)
[2026-04-03T01:14:06.048+0600][10.721s][info][gc             ] GC(48) Pause Young (Normal) (G1 Evacuation Pause) 356M->26M(562M) 3.098ms
[2026-04-03T01:14:06.048+0600][10.721s][info][gc,cpu         ] GC(48) User=0.02s Sys=0.00s Real=0.00s
[2026-04-03T01:14:06.294+0600][10.968s][info][gc,start       ] GC(49) Pause Young (Normal) (G1 Evacuation Pause)
[2026-04-03T01:14:06.295+0600][10.968s][info][gc,task        ] GC(49) Using 10 workers of 10 for evacuation
[2026-04-03T01:14:06.297+0600][10.970s][info][gc,phases      ] GC(49)   Pre Evacuate Collection Set: 0.27ms
[2026-04-03T01:14:06.297+0600][10.971s][info][gc,phases      ] GC(49)   Merge Heap Roots: 0.17ms
[2026-04-03T01:14:06.297+0600][10.971s][info][gc,phases      ] GC(49)   Evacuate Collection Set: 1.40ms
[2026-04-03T01:14:06.297+0600][10.971s][info][gc,phases      ] GC(49)   Post Evacuate Collection Set: 0.62ms
[2026-04-03T01:14:06.297+0600][10.971s][info][gc,phases      ] GC(49)   Other: 0.21ms
[2026-04-03T01:14:06.297+0600][10.971s][info][gc,heap        ] GC(49) Eden regions: 165->0(165)
[2026-04-03T01:14:06.297+0600][10.971s][info][gc,heap        ] GC(49) Survivor regions: 3->3(21)
[2026-04-03T01:14:06.297+0600][10.971s][info][gc,heap        ] GC(49) Old regions: 7->7
[2026-04-03T01:14:06.297+0600][10.971s][info][gc,heap        ] GC(49) Humongous regions: 6->6
[2026-04-03T01:14:06.297+0600][10.971s][info][gc,metaspace   ] GC(49) Metaspace: 6243K(6464K)->6243K(6464K) NonClass: 5636K(5760K)->5636K(5760K) Class: 607K(704K)->607K(704K)
[2026-04-03T01:14:06.297+0600][10.971s][info][gc             ] GC(49) Pause Young (Normal) (G1 Evacuation Pause) 356M->26M(562M) 3.008ms
[2026-04-03T01:14:06.297+0600][10.971s][info][gc,cpu         ] GC(49) User=0.01s Sys=0.00s Real=0.00s
[2026-04-03T01:14:06.522+0600][11.195s][info][gc,start       ] GC(50) Pause Young (Normal) (G1 Evacuation Pause)
[2026-04-03T01:14:06.522+0600][11.195s][info][gc,task        ] GC(50) Using 10 workers of 10 for evacuation
[2026-04-03T01:14:06.525+0600][11.198s][info][gc,phases      ] GC(50)   Pre Evacuate Collection Set: 0.42ms
[2026-04-03T01:14:06.525+0600][11.198s][info][gc,phases      ] GC(50)   Merge Heap Roots: 0.11ms
[2026-04-03T01:14:06.525+0600][11.198s][info][gc,phases      ] GC(50)   Evacuate Collection Set: 1.58ms
[2026-04-03T01:14:06.525+0600][11.198s][info][gc,phases      ] GC(50)   Post Evacuate Collection Set: 0.65ms
[2026-04-03T01:14:06.525+0600][11.198s][info][gc,phases      ] GC(50)   Other: 0.09ms
[2026-04-03T01:14:06.525+0600][11.198s][info][gc,heap        ] GC(50) Eden regions: 165->0(165)
[2026-04-03T01:14:06.525+0600][11.198s][info][gc,heap        ] GC(50) Survivor regions: 3->3(21)
[2026-04-03T01:14:06.525+0600][11.198s][info][gc,heap        ] GC(50) Old regions: 7->7
[2026-04-03T01:14:06.525+0600][11.198s][info][gc,heap        ] GC(50) Humongous regions: 6->6
[2026-04-03T01:14:06.525+0600][11.198s][info][gc,metaspace   ] GC(50) Metaspace: 6243K(6464K)->6243K(6464K) NonClass: 5636K(5760K)->5636K(5760K) Class: 607K(704K)->607K(704K)
[2026-04-03T01:14:06.525+0600][11.198s][info][gc             ] GC(50) Pause Young (Normal) (G1 Evacuation Pause) 356M->26M(562M) 3.204ms
[2026-04-03T01:14:06.525+0600][11.198s][info][gc,cpu         ] GC(50) User=0.02s Sys=0.00s Real=0.00s
[2026-04-03T01:14:06.770+0600][11.443s][info][gc,start       ] GC(51) Pause Young (Normal) (G1 Evacuation Pause)
[2026-04-03T01:14:06.770+0600][11.443s][info][gc,task        ] GC(51) Using 10 workers of 10 for evacuation
[2026-04-03T01:14:06.773+0600][11.446s][info][gc,phases      ] GC(51)   Pre Evacuate Collection Set: 0.53ms
[2026-04-03T01:14:06.773+0600][11.446s][info][gc,phases      ] GC(51)   Merge Heap Roots: 0.16ms
[2026-04-03T01:14:06.773+0600][11.446s][info][gc,phases      ] GC(51)   Evacuate Collection Set: 1.45ms
[2026-04-03T01:14:06.773+0600][11.446s][info][gc,phases      ] GC(51)   Post Evacuate Collection Set: 0.55ms
[2026-04-03T01:14:06.773+0600][11.446s][info][gc,phases      ] GC(51)   Other: 0.10ms
[2026-04-03T01:14:06.773+0600][11.446s][info][gc,heap        ] GC(51) Eden regions: 165->0(165)
[2026-04-03T01:14:06.773+0600][11.446s][info][gc,heap        ] GC(51) Survivor regions: 3->3(21)
[2026-04-03T01:14:06.773+0600][11.446s][info][gc,heap        ] GC(51) Old regions: 7->7
[2026-04-03T01:14:06.773+0600][11.446s][info][gc,heap        ] GC(51) Humongous regions: 6->6
[2026-04-03T01:14:06.773+0600][11.446s][info][gc,metaspace   ] GC(51) Metaspace: 6243K(6464K)->6243K(6464K) NonClass: 5636K(5760K)->5636K(5760K) Class: 607K(704K)->607K(704K)
[2026-04-03T01:14:06.773+0600][11.446s][info][gc             ] GC(51) Pause Young (Normal) (G1 Evacuation Pause) 356M->26M(562M) 3.083ms
[2026-04-03T01:14:06.773+0600][11.446s][info][gc,cpu         ] GC(51) User=0.01s Sys=0.00s Real=0.00s
[2026-04-03T01:14:07.049+0600][11.722s][info][gc,start       ] GC(52) Pause Young (Normal) (G1 Evacuation Pause)
[2026-04-03T01:14:07.049+0600][11.723s][info][gc,task        ] GC(52) Using 10 workers of 10 for evacuation
[2026-04-03T01:14:07.052+0600][11.726s][info][gc,phases      ] GC(52)   Pre Evacuate Collection Set: 0.24ms
[2026-04-03T01:14:07.052+0600][11.726s][info][gc,phases      ] GC(52)   Merge Heap Roots: 0.27ms
[2026-04-03T01:14:07.052+0600][11.726s][info][gc,phases      ] GC(52)   Evacuate Collection Set: 1.59ms
[2026-04-03T01:14:07.052+0600][11.726s][info][gc,phases      ] GC(52)   Post Evacuate Collection Set: 0.85ms
[2026-04-03T01:14:07.052+0600][11.726s][info][gc,phases      ] GC(52)   Other: 0.10ms
[2026-04-03T01:14:07.052+0600][11.726s][info][gc,heap        ] GC(52) Eden regions: 165->0(165)
[2026-04-03T01:14:07.052+0600][11.726s][info][gc,heap        ] GC(52) Survivor regions: 3->3(21)
[2026-04-03T01:14:07.052+0600][11.726s][info][gc,heap        ] GC(52) Old regions: 7->7
[2026-04-03T01:14:07.053+0600][11.726s][info][gc,heap        ] GC(52) Humongous regions: 6->6
[2026-04-03T01:14:07.053+0600][11.726s][info][gc,metaspace   ] GC(52) Metaspace: 6243K(6464K)->6243K(6464K) NonClass: 5636K(5760K)->5636K(5760K) Class: 607K(704K)->607K(704K)
[2026-04-03T01:14:07.053+0600][11.726s][info][gc             ] GC(52) Pause Young (Normal) (G1 Evacuation Pause) 356M->26M(562M) 3.369ms
[2026-04-03T01:14:07.053+0600][11.726s][info][gc,cpu         ] GC(52) User=0.02s Sys=0.00s Real=0.01s
[2026-04-03T01:14:07.520+0600][12.193s][info][gc,start       ] GC(53) Pause Young (Normal) (G1 Evacuation Pause)
[2026-04-03T01:14:07.520+0600][12.193s][info][gc,task        ] GC(53) Using 10 workers of 10 for evacuation
[2026-04-03T01:14:07.523+0600][12.196s][info][gc,phases      ] GC(53)   Pre Evacuate Collection Set: 0.24ms
[2026-04-03T01:14:07.523+0600][12.196s][info][gc,phases      ] GC(53)   Merge Heap Roots: 0.14ms
[2026-04-03T01:14:07.523+0600][12.196s][info][gc,phases      ] GC(53)   Evacuate Collection Set: 1.68ms
[2026-04-03T01:14:07.523+0600][12.196s][info][gc,phases      ] GC(53)   Post Evacuate Collection Set: 0.47ms
[2026-04-03T01:14:07.523+0600][12.196s][info][gc,phases      ] GC(53)   Other: 0.10ms
[2026-04-03T01:14:07.523+0600][12.196s][info][gc,heap        ] GC(53) Eden regions: 165->0(165)
[2026-04-03T01:14:07.523+0600][12.196s][info][gc,heap        ] GC(53) Survivor regions: 3->3(21)
[2026-04-03T01:14:07.523+0600][12.196s][info][gc,heap        ] GC(53) Old regions: 7->7
[2026-04-03T01:14:07.523+0600][12.196s][info][gc,heap        ] GC(53) Humongous regions: 6->6
[2026-04-03T01:14:07.523+0600][12.196s][info][gc,metaspace   ] GC(53) Metaspace: 6243K(6464K)->6243K(6464K) NonClass: 5636K(5760K)->5636K(5760K) Class: 607K(704K)->607K(704K)
[2026-04-03T01:14:07.523+0600][12.196s][info][gc             ] GC(53) Pause Young (Normal) (G1 Evacuation Pause) 356M->26M(562M) 3.016ms
[2026-04-03T01:14:07.523+0600][12.196s][info][gc,cpu         ] GC(53) User=0.02s Sys=0.00s Real=0.00s
[2026-04-03T01:14:07.757+0600][12.430s][info][gc,start       ] GC(54) Pause Young (Normal) (G1 Evacuation Pause)
[2026-04-03T01:14:07.757+0600][12.430s][info][gc,task        ] GC(54) Using 10 workers of 10 for evacuation
[2026-04-03T01:14:07.759+0600][12.432s][info][gc,phases      ] GC(54)   Pre Evacuate Collection Set: 0.23ms
[2026-04-03T01:14:07.759+0600][12.432s][info][gc,phases      ] GC(54)   Merge Heap Roots: 0.11ms
[2026-04-03T01:14:07.759+0600][12.432s][info][gc,phases      ] GC(54)   Evacuate Collection Set: 1.44ms
[2026-04-03T01:14:07.759+0600][12.432s][info][gc,phases      ] GC(54)   Post Evacuate Collection Set: 0.40ms
[2026-04-03T01:14:07.759+0600][12.432s][info][gc,phases      ] GC(54)   Other: 0.26ms
[2026-04-03T01:14:07.759+0600][12.432s][info][gc,heap        ] GC(54) Eden regions: 165->0(165)
[2026-04-03T01:14:07.759+0600][12.432s][info][gc,heap        ] GC(54) Survivor regions: 3->3(21)
[2026-04-03T01:14:07.759+0600][12.432s][info][gc,heap        ] GC(54) Old regions: 7->7
[2026-04-03T01:14:07.759+0600][12.432s][info][gc,heap        ] GC(54) Humongous regions: 6->6
[2026-04-03T01:14:07.759+0600][12.432s][info][gc,metaspace   ] GC(54) Metaspace: 6243K(6464K)->6243K(6464K) NonClass: 5636K(5760K)->5636K(5760K) Class: 607K(704K)->607K(704K)
[2026-04-03T01:14:07.759+0600][12.433s][info][gc             ] GC(54) Pause Young (Normal) (G1 Evacuation Pause) 356M->26M(562M) 2.708ms
[2026-04-03T01:14:07.759+0600][12.433s][info][gc,cpu         ] GC(54) User=0.02s Sys=0.00s Real=0.00s
[2026-04-03T01:14:07.991+0600][12.665s][info][gc,start       ] GC(55) Pause Young (Normal) (G1 Evacuation Pause)
[2026-04-03T01:14:07.991+0600][12.665s][info][gc,task        ] GC(55) Using 10 workers of 10 for evacuation
[2026-04-03T01:14:07.994+0600][12.667s][info][gc,phases      ] GC(55)   Pre Evacuate Collection Set: 0.20ms
[2026-04-03T01:14:07.994+0600][12.667s][info][gc,phases      ] GC(55)   Merge Heap Roots: 0.12ms
[2026-04-03T01:14:07.994+0600][12.667s][info][gc,phases      ] GC(55)   Evacuate Collection Set: 1.48ms
[2026-04-03T01:14:07.994+0600][12.667s][info][gc,phases      ] GC(55)   Post Evacuate Collection Set: 0.41ms
[2026-04-03T01:14:07.994+0600][12.667s][info][gc,phases      ] GC(55)   Other: 0.09ms
[2026-04-03T01:14:07.994+0600][12.667s][info][gc,heap        ] GC(55) Eden regions: 165->0(165)
[2026-04-03T01:14:07.994+0600][12.667s][info][gc,heap        ] GC(55) Survivor regions: 3->3(21)
[2026-04-03T01:14:07.994+0600][12.667s][info][gc,heap        ] GC(55) Old regions: 7->7
[2026-04-03T01:14:07.994+0600][12.667s][info][gc,heap        ] GC(55) Humongous regions: 6->6
[2026-04-03T01:14:07.994+0600][12.667s][info][gc,metaspace   ] GC(55) Metaspace: 6243K(6464K)->6243K(6464K) NonClass: 5636K(5760K)->5636K(5760K) Class: 607K(704K)->607K(704K)
[2026-04-03T01:14:07.994+0600][12.667s][info][gc             ] GC(55) Pause Young (Normal) (G1 Evacuation Pause) 356M->26M(562M) 2.584ms
[2026-04-03T01:14:07.994+0600][12.667s][info][gc,cpu         ] GC(55) User=0.02s Sys=0.00s Real=0.00s
[2026-04-03T01:14:08.209+0600][12.883s][info][gc,start       ] GC(56) Pause Young (Normal) (G1 Evacuation Pause)
[2026-04-03T01:14:08.209+0600][12.883s][info][gc,task        ] GC(56) Using 10 workers of 10 for evacuation
[2026-04-03T01:14:08.213+0600][12.886s][info][gc,phases      ] GC(56)   Pre Evacuate Collection Set: 0.34ms
[2026-04-03T01:14:08.213+0600][12.886s][info][gc,phases      ] GC(56)   Merge Heap Roots: 0.25ms
[2026-04-03T01:14:08.213+0600][12.886s][info][gc,phases      ] GC(56)   Evacuate Collection Set: 1.86ms
[2026-04-03T01:14:08.213+0600][12.886s][info][gc,phases      ] GC(56)   Post Evacuate Collection Set: 0.89ms
[2026-04-03T01:14:08.213+0600][12.886s][info][gc,phases      ] GC(56)   Other: 0.11ms
[2026-04-03T01:14:08.213+0600][12.886s][info][gc,heap        ] GC(56) Eden regions: 165->0(165)
[2026-04-03T01:14:08.213+0600][12.886s][info][gc,heap        ] GC(56) Survivor regions: 3->3(21)
[2026-04-03T01:14:08.213+0600][12.886s][info][gc,heap        ] GC(56) Old regions: 7->7
[2026-04-03T01:14:08.213+0600][12.886s][info][gc,heap        ] GC(56) Humongous regions: 6->6
[2026-04-03T01:14:08.213+0600][12.886s][info][gc,metaspace   ] GC(56) Metaspace: 6243K(6464K)->6243K(6464K) NonClass: 5636K(5760K)->5636K(5760K) Class: 607K(704K)->607K(704K)
[2026-04-03T01:14:08.213+0600][12.886s][info][gc             ] GC(56) Pause Young (Normal) (G1 Evacuation Pause) 356M->26M(562M) 3.800ms
[2026-04-03T01:14:08.213+0600][12.886s][info][gc,cpu         ] GC(56) User=0.01s Sys=0.01s Real=0.01s
[2026-04-03T01:14:08.446+0600][13.119s][info][gc,start       ] GC(57) Pause Young (Normal) (G1 Evacuation Pause)
[2026-04-03T01:14:08.446+0600][13.119s][info][gc,task        ] GC(57) Using 10 workers of 10 for evacuation
[2026-04-03T01:14:08.449+0600][13.122s][info][gc,phases      ] GC(57)   Pre Evacuate Collection Set: 0.46ms
[2026-04-03T01:14:08.449+0600][13.122s][info][gc,phases      ] GC(57)   Merge Heap Roots: 0.14ms
[2026-04-03T01:14:08.449+0600][13.122s][info][gc,phases      ] GC(57)   Evacuate Collection Set: 1.37ms
[2026-04-03T01:14:08.449+0600][13.122s][info][gc,phases      ] GC(57)   Post Evacuate Collection Set: 0.49ms
[2026-04-03T01:14:08.449+0600][13.122s][info][gc,phases      ] GC(57)   Other: 0.10ms
[2026-04-03T01:14:08.449+0600][13.122s][info][gc,heap        ] GC(57) Eden regions: 165->0(165)
[2026-04-03T01:14:08.449+0600][13.122s][info][gc,heap        ] GC(57) Survivor regions: 3->3(21)
[2026-04-03T01:14:08.449+0600][13.122s][info][gc,heap        ] GC(57) Old regions: 7->7
[2026-04-03T01:14:08.449+0600][13.122s][info][gc,heap        ] GC(57) Humongous regions: 6->6
[2026-04-03T01:14:08.449+0600][13.122s][info][gc,metaspace   ] GC(57) Metaspace: 6243K(6464K)->6243K(6464K) NonClass: 5636K(5760K)->5636K(5760K) Class: 607K(704K)->607K(704K)
[2026-04-03T01:14:08.449+0600][13.122s][info][gc             ] GC(57) Pause Young (Normal) (G1 Evacuation Pause) 356M->26M(562M) 2.829ms
[2026-04-03T01:14:08.449+0600][13.122s][info][gc,cpu         ] GC(57) User=0.02s Sys=0.00s Real=0.00s
[2026-04-03T01:14:08.635+0600][13.308s][info][gc,start       ] GC(58) Pause Young (Normal) (G1 Evacuation Pause)
[2026-04-03T01:14:08.635+0600][13.308s][info][gc,task        ] GC(58) Using 10 workers of 10 for evacuation
[2026-04-03T01:14:08.638+0600][13.311s][info][gc,phases      ] GC(58)   Pre Evacuate Collection Set: 0.36ms
[2026-04-03T01:14:08.638+0600][13.311s][info][gc,phases      ] GC(58)   Merge Heap Roots: 0.17ms
[2026-04-03T01:14:08.638+0600][13.311s][info][gc,phases      ] GC(58)   Evacuate Collection Set: 1.70ms
[2026-04-03T01:14:08.638+0600][13.311s][info][gc,phases      ] GC(58)   Post Evacuate Collection Set: 0.49ms
[2026-04-03T01:14:08.638+0600][13.311s][info][gc,phases      ] GC(58)   Other: 0.11ms
[2026-04-03T01:14:08.638+0600][13.311s][info][gc,heap        ] GC(58) Eden regions: 165->0(165)
[2026-04-03T01:14:08.638+0600][13.311s][info][gc,heap        ] GC(58) Survivor regions: 3->3(21)
[2026-04-03T01:14:08.638+0600][13.311s][info][gc,heap        ] GC(58) Old regions: 7->7
[2026-04-03T01:14:08.638+0600][13.311s][info][gc,heap        ] GC(58) Humongous regions: 6->6
[2026-04-03T01:14:08.638+0600][13.311s][info][gc,metaspace   ] GC(58) Metaspace: 6243K(6464K)->6243K(6464K) NonClass: 5636K(5760K)->5636K(5760K) Class: 607K(704K)->607K(704K)
[2026-04-03T01:14:08.638+0600][13.311s][info][gc             ] GC(58) Pause Young (Normal) (G1 Evacuation Pause) 356M->26M(562M) 3.183ms
[2026-04-03T01:14:08.638+0600][13.311s][info][gc,cpu         ] GC(58) User=0.01s Sys=0.00s Real=0.00s
[2026-04-03T01:14:08.812+0600][13.485s][info][gc,start       ] GC(59) Pause Young (Normal) (G1 Evacuation Pause)
[2026-04-03T01:14:08.812+0600][13.485s][info][gc,task        ] GC(59) Using 10 workers of 10 for evacuation
[2026-04-03T01:14:08.815+0600][13.488s][info][gc,phases      ] GC(59)   Pre Evacuate Collection Set: 0.47ms
[2026-04-03T01:14:08.815+0600][13.488s][info][gc,phases      ] GC(59)   Merge Heap Roots: 0.20ms
[2026-04-03T01:14:08.815+0600][13.488s][info][gc,phases      ] GC(59)   Evacuate Collection Set: 1.56ms
[2026-04-03T01:14:08.815+0600][13.488s][info][gc,phases      ] GC(59)   Post Evacuate Collection Set: 0.52ms
[2026-04-03T01:14:08.815+0600][13.488s][info][gc,phases      ] GC(59)   Other: 0.13ms
[2026-04-03T01:14:08.815+0600][13.488s][info][gc,heap        ] GC(59) Eden regions: 165->0(166)
[2026-04-03T01:14:08.815+0600][13.488s][info][gc,heap        ] GC(59) Survivor regions: 3->2(21)
[2026-04-03T01:14:08.815+0600][13.488s][info][gc,heap        ] GC(59) Old regions: 7->7
[2026-04-03T01:14:08.815+0600][13.488s][info][gc,heap        ] GC(59) Humongous regions: 6->6
[2026-04-03T01:14:08.815+0600][13.488s][info][gc,metaspace   ] GC(59) Metaspace: 6243K(6464K)->6243K(6464K) NonClass: 5636K(5760K)->5636K(5760K) Class: 607K(704K)->607K(704K)
[2026-04-03T01:14:08.815+0600][13.488s][info][gc             ] GC(59) Pause Young (Normal) (G1 Evacuation Pause) 356M->26M(562M) 3.243ms
[2026-04-03T01:14:08.815+0600][13.488s][info][gc,cpu         ] GC(59) User=0.02s Sys=0.00s Real=0.00s
[2026-04-03T01:14:08.982+0600][13.655s][info][gc,start       ] GC(60) Pause Young (Normal) (G1 Evacuation Pause)
[2026-04-03T01:14:08.982+0600][13.656s][info][gc,task        ] GC(60) Using 10 workers of 10 for evacuation
[2026-04-03T01:14:08.985+0600][13.659s][info][gc,phases      ] GC(60)   Pre Evacuate Collection Set: 0.37ms
[2026-04-03T01:14:08.985+0600][13.659s][info][gc,phases      ] GC(60)   Merge Heap Roots: 0.20ms
[2026-04-03T01:14:08.985+0600][13.659s][info][gc,phases      ] GC(60)   Evacuate Collection Set: 1.50ms
[2026-04-03T01:14:08.985+0600][13.659s][info][gc,phases      ] GC(60)   Post Evacuate Collection Set: 0.72ms
[2026-04-03T01:14:08.985+0600][13.659s][info][gc,phases      ] GC(60)   Other: 0.13ms
[2026-04-03T01:14:08.985+0600][13.659s][info][gc,heap        ] GC(60) Eden regions: 166->0(165)
[2026-04-03T01:14:08.985+0600][13.659s][info][gc,heap        ] GC(60) Survivor regions: 2->3(21)
[2026-04-03T01:14:08.985+0600][13.659s][info][gc,heap        ] GC(60) Old regions: 7->7
[2026-04-03T01:14:08.985+0600][13.659s][info][gc,heap        ] GC(60) Humongous regions: 6->6
[2026-04-03T01:14:08.986+0600][13.659s][info][gc,metaspace   ] GC(60) Metaspace: 6243K(6464K)->6243K(6464K) NonClass: 5636K(5760K)->5636K(5760K) Class: 607K(704K)->607K(704K)
[2026-04-03T01:14:08.986+0600][13.659s][info][gc             ] GC(60) Pause Young (Normal) (G1 Evacuation Pause) 358M->26M(562M) 3.300ms
[2026-04-03T01:14:08.986+0600][13.659s][info][gc,cpu         ] GC(60) User=0.02s Sys=0.00s Real=0.00s
[2026-04-03T01:14:09.196+0600][13.870s][info][gc,start       ] GC(61) Pause Young (Normal) (G1 Evacuation Pause)
[2026-04-03T01:14:09.197+0600][13.870s][info][gc,task        ] GC(61) Using 10 workers of 10 for evacuation
[2026-04-03T01:14:09.203+0600][13.876s][info][gc,phases      ] GC(61)   Pre Evacuate Collection Set: 0.37ms
[2026-04-03T01:14:09.203+0600][13.876s][info][gc,phases      ] GC(61)   Merge Heap Roots: 0.27ms
[2026-04-03T01:14:09.203+0600][13.876s][info][gc,phases      ] GC(61)   Evacuate Collection Set: 4.82ms
[2026-04-03T01:14:09.203+0600][13.876s][info][gc,phases      ] GC(61)   Post Evacuate Collection Set: 0.90ms
[2026-04-03T01:14:09.203+0600][13.876s][info][gc,phases      ] GC(61)   Other: 0.16ms
[2026-04-03T01:14:09.203+0600][13.877s][info][gc,heap        ] GC(61) Eden regions: 165->0(165)
[2026-04-03T01:14:09.203+0600][13.877s][info][gc,heap        ] GC(61) Survivor regions: 3->3(21)
[2026-04-03T01:14:09.203+0600][13.877s][info][gc,heap        ] GC(61) Old regions: 7->7
[2026-04-03T01:14:09.203+0600][13.877s][info][gc,heap        ] GC(61) Humongous regions: 6->6
[2026-04-03T01:14:09.203+0600][13.877s][info][gc,metaspace   ] GC(61) Metaspace: 6243K(6464K)->6243K(6464K) NonClass: 5636K(5760K)->5636K(5760K) Class: 607K(704K)->607K(704K)
[2026-04-03T01:14:09.203+0600][13.877s][info][gc             ] GC(61) Pause Young (Normal) (G1 Evacuation Pause) 356M->26M(562M) 7.006ms
[2026-04-03T01:14:09.203+0600][13.877s][info][gc,cpu         ] GC(61) User=0.02s Sys=0.00s Real=0.01s
[2026-04-03T01:14:09.544+0600][14.217s][info][gc,start       ] GC(62) Pause Young (Normal) (G1 Evacuation Pause)
[2026-04-03T01:14:09.544+0600][14.217s][info][gc,task        ] GC(62) Using 10 workers of 10 for evacuation
[2026-04-03T01:14:09.550+0600][14.223s][info][gc,phases      ] GC(62)   Pre Evacuate Collection Set: 0.28ms
[2026-04-03T01:14:09.550+0600][14.223s][info][gc,phases      ] GC(62)   Merge Heap Roots: 0.17ms
[2026-04-03T01:14:09.550+0600][14.223s][info][gc,phases      ] GC(62)   Evacuate Collection Set: 4.16ms
[2026-04-03T01:14:09.550+0600][14.223s][info][gc,phases      ] GC(62)   Post Evacuate Collection Set: 0.60ms
[2026-04-03T01:14:09.550+0600][14.223s][info][gc,phases      ] GC(62)   Other: 0.12ms
[2026-04-03T01:14:09.550+0600][14.223s][info][gc,heap        ] GC(62) Eden regions: 165->0(165)
[2026-04-03T01:14:09.550+0600][14.223s][info][gc,heap        ] GC(62) Survivor regions: 3->3(21)
[2026-04-03T01:14:09.550+0600][14.223s][info][gc,heap        ] GC(62) Old regions: 7->7
[2026-04-03T01:14:09.550+0600][14.223s][info][gc,heap        ] GC(62) Humongous regions: 6->6
[2026-04-03T01:14:09.550+0600][14.223s][info][gc,metaspace   ] GC(62) Metaspace: 6243K(6464K)->6243K(6464K) NonClass: 5636K(5760K)->5636K(5760K) Class: 607K(704K)->607K(704K)
[2026-04-03T01:14:09.550+0600][14.223s][info][gc             ] GC(62) Pause Young (Normal) (G1 Evacuation Pause) 356M->27M(562M) 5.654ms
[2026-04-03T01:14:09.550+0600][14.223s][info][gc,cpu         ] GC(62) User=0.01s Sys=0.01s Real=0.01s
[2026-04-03T01:14:09.820+0600][14.493s][info][gc,start       ] GC(63) Pause Young (Normal) (G1 Evacuation Pause)
[2026-04-03T01:14:09.820+0600][14.493s][info][gc,task        ] GC(63) Using 10 workers of 10 for evacuation
[2026-04-03T01:14:09.822+0600][14.496s][info][gc,phases      ] GC(63)   Pre Evacuate Collection Set: 0.23ms
[2026-04-03T01:14:09.822+0600][14.496s][info][gc,phases      ] GC(63)   Merge Heap Roots: 0.15ms
[2026-04-03T01:14:09.823+0600][14.496s][info][gc,phases      ] GC(63)   Evacuate Collection Set: 1.38ms
[2026-04-03T01:14:09.823+0600][14.496s][info][gc,phases      ] GC(63)   Post Evacuate Collection Set: 0.76ms
[2026-04-03T01:14:09.823+0600][14.496s][info][gc,phases      ] GC(63)   Other: 0.10ms
[2026-04-03T01:14:09.823+0600][14.496s][info][gc,heap        ] GC(63) Eden regions: 165->0(165)
[2026-04-03T01:14:09.823+0600][14.496s][info][gc,heap        ] GC(63) Survivor regions: 3->3(21)
[2026-04-03T01:14:09.823+0600][14.496s][info][gc,heap        ] GC(63) Old regions: 7->7
[2026-04-03T01:14:09.823+0600][14.496s][info][gc,heap        ] GC(63) Humongous regions: 6->6
[2026-04-03T01:14:09.823+0600][14.496s][info][gc,metaspace   ] GC(63) Metaspace: 6243K(6464K)->6243K(6464K) NonClass: 5636K(5760K)->5636K(5760K) Class: 607K(704K)->607K(704K)
[2026-04-03T01:14:09.823+0600][14.496s][info][gc             ] GC(63) Pause Young (Normal) (G1 Evacuation Pause) 357M->26M(562M) 2.938ms
[2026-04-03T01:14:09.823+0600][14.496s][info][gc,cpu         ] GC(63) User=0.01s Sys=0.00s Real=0.01s
[2026-04-03T01:14:10.027+0600][14.700s][info][gc,start       ] GC(64) Pause Young (Normal) (G1 Evacuation Pause)
[2026-04-03T01:14:10.027+0600][14.700s][info][gc,task        ] GC(64) Using 10 workers of 10 for evacuation
[2026-04-03T01:14:10.030+0600][14.703s][info][gc,phases      ] GC(64)   Pre Evacuate Collection Set: 0.47ms
[2026-04-03T01:14:10.030+0600][14.703s][info][gc,phases      ] GC(64)   Merge Heap Roots: 0.16ms
[2026-04-03T01:14:10.030+0600][14.703s][info][gc,phases      ] GC(64)   Evacuate Collection Set: 1.65ms
[2026-04-03T01:14:10.030+0600][14.703s][info][gc,phases      ] GC(64)   Post Evacuate Collection Set: 0.40ms
[2026-04-03T01:14:10.030+0600][14.703s][info][gc,phases      ] GC(64)   Other: 0.12ms
[2026-04-03T01:14:10.030+0600][14.703s][info][gc,heap        ] GC(64) Eden regions: 165->0(165)
[2026-04-03T01:14:10.030+0600][14.703s][info][gc,heap        ] GC(64) Survivor regions: 3->3(21)
[2026-04-03T01:14:10.030+0600][14.703s][info][gc,heap        ] GC(64) Old regions: 7->7
[2026-04-03T01:14:10.030+0600][14.703s][info][gc,heap        ] GC(64) Humongous regions: 6->6
[2026-04-03T01:14:10.030+0600][14.703s][info][gc,metaspace   ] GC(64) Metaspace: 6243K(6464K)->6243K(6464K) NonClass: 5636K(5760K)->5636K(5760K) Class: 607K(704K)->607K(704K)
[2026-04-03T01:14:10.030+0600][14.703s][info][gc             ] GC(64) Pause Young (Normal) (G1 Evacuation Pause) 356M->26M(562M) 3.039ms
[2026-04-03T01:14:10.030+0600][14.703s][info][gc,cpu         ] GC(64) User=0.01s Sys=0.01s Real=0.01s
[2026-04-03T01:14:10.256+0600][14.929s][info][gc,start       ] GC(65) Pause Young (Normal) (G1 Evacuation Pause)
[2026-04-03T01:14:10.256+0600][14.929s][info][gc,task        ] GC(65) Using 10 workers of 10 for evacuation
[2026-04-03T01:14:10.259+0600][14.933s][info][gc,phases      ] GC(65)   Pre Evacuate Collection Set: 0.33ms
[2026-04-03T01:14:10.259+0600][14.933s][info][gc,phases      ] GC(65)   Merge Heap Roots: 0.20ms
[2026-04-03T01:14:10.259+0600][14.933s][info][gc,phases      ] GC(65)   Evacuate Collection Set: 2.21ms
[2026-04-03T01:14:10.259+0600][14.933s][info][gc,phases      ] GC(65)   Post Evacuate Collection Set: 0.57ms
[2026-04-03T01:14:10.259+0600][14.933s][info][gc,phases      ] GC(65)   Other: 0.12ms
[2026-04-03T01:14:10.259+0600][14.933s][info][gc,heap        ] GC(65) Eden regions: 165->0(166)
[2026-04-03T01:14:10.259+0600][14.933s][info][gc,heap        ] GC(65) Survivor regions: 3->2(21)
[2026-04-03T01:14:10.260+0600][14.933s][info][gc,heap        ] GC(65) Old regions: 7->7
[2026-04-03T01:14:10.260+0600][14.933s][info][gc,heap        ] GC(65) Humongous regions: 6->6
[2026-04-03T01:14:10.260+0600][14.933s][info][gc,metaspace   ] GC(65) Metaspace: 6243K(6464K)->6243K(6464K) NonClass: 5636K(5760K)->5636K(5760K) Class: 607K(704K)->607K(704K)
[2026-04-03T01:14:10.260+0600][14.933s][info][gc             ] GC(65) Pause Young (Normal) (G1 Evacuation Pause) 356M->26M(562M) 3.774ms
[2026-04-03T01:14:10.260+0600][14.933s][info][gc,cpu         ] GC(65) User=0.01s Sys=0.00s Real=0.00s
[2026-04-03T01:14:10.485+0600][15.158s][info][gc,start       ] GC(66) Pause Young (Normal) (G1 Evacuation Pause)
[2026-04-03T01:14:10.485+0600][15.158s][info][gc,task        ] GC(66) Using 10 workers of 10 for evacuation
[2026-04-03T01:14:10.488+0600][15.161s][info][gc,phases      ] GC(66)   Pre Evacuate Collection Set: 0.24ms
[2026-04-03T01:14:10.488+0600][15.161s][info][gc,phases      ] GC(66)   Merge Heap Roots: 0.22ms
[2026-04-03T01:14:10.488+0600][15.161s][info][gc,phases      ] GC(66)   Evacuate Collection Set: 1.45ms
[2026-04-03T01:14:10.488+0600][15.161s][info][gc,phases      ] GC(66)   Post Evacuate Collection Set: 0.82ms
[2026-04-03T01:14:10.488+0600][15.161s][info][gc,phases      ] GC(66)   Other: 0.10ms
[2026-04-03T01:14:10.488+0600][15.161s][info][gc,heap        ] GC(66) Eden regions: 166->0(165)
[2026-04-03T01:14:10.488+0600][15.161s][info][gc,heap        ] GC(66) Survivor regions: 2->3(21)
[2026-04-03T01:14:10.488+0600][15.161s][info][gc,heap        ] GC(66) Old regions: 7->7
[2026-04-03T01:14:10.488+0600][15.161s][info][gc,heap        ] GC(66) Humongous regions: 6->6
[2026-04-03T01:14:10.488+0600][15.161s][info][gc,metaspace   ] GC(66) Metaspace: 6243K(6464K)->6243K(6464K) NonClass: 5636K(5760K)->5636K(5760K) Class: 607K(704K)->607K(704K)
[2026-04-03T01:14:10.488+0600][15.161s][info][gc             ] GC(66) Pause Young (Normal) (G1 Evacuation Pause) 358M->26M(562M) 3.122ms
[2026-04-03T01:14:10.488+0600][15.161s][info][gc,cpu         ] GC(66) User=0.01s Sys=0.00s Real=0.00s
[2026-04-03T01:14:10.704+0600][15.377s][info][gc,start       ] GC(67) Pause Young (Normal) (G1 Evacuation Pause)
[2026-04-03T01:14:10.704+0600][15.377s][info][gc,task        ] GC(67) Using 10 workers of 10 for evacuation
[2026-04-03T01:14:10.707+0600][15.380s][info][gc,phases      ] GC(67)   Pre Evacuate Collection Set: 0.21ms
[2026-04-03T01:14:10.707+0600][15.380s][info][gc,phases      ] GC(67)   Merge Heap Roots: 0.21ms
[2026-04-03T01:14:10.707+0600][15.380s][info][gc,phases      ] GC(67)   Evacuate Collection Set: 1.87ms
[2026-04-03T01:14:10.707+0600][15.380s][info][gc,phases      ] GC(67)   Post Evacuate Collection Set: 0.67ms
[2026-04-03T01:14:10.707+0600][15.380s][info][gc,phases      ] GC(67)   Other: 0.10ms
[2026-04-03T01:14:10.707+0600][15.380s][info][gc,heap        ] GC(67) Eden regions: 165->0(165)
[2026-04-03T01:14:10.707+0600][15.380s][info][gc,heap        ] GC(67) Survivor regions: 3->3(21)
[2026-04-03T01:14:10.707+0600][15.380s][info][gc,heap        ] GC(67) Old regions: 7->7
[2026-04-03T01:14:10.707+0600][15.381s][info][gc,heap        ] GC(67) Humongous regions: 6->6
[2026-04-03T01:14:10.707+0600][15.381s][info][gc,metaspace   ] GC(67) Metaspace: 6243K(6464K)->6243K(6464K) NonClass: 5636K(5760K)->5636K(5760K) Class: 607K(704K)->607K(704K)
[2026-04-03T01:14:10.707+0600][15.381s][info][gc             ] GC(67) Pause Young (Normal) (G1 Evacuation Pause) 356M->26M(562M) 3.351ms
[2026-04-03T01:14:10.707+0600][15.381s][info][gc,cpu         ] GC(67) User=0.01s Sys=0.00s Real=0.00s
[2026-04-03T01:14:10.936+0600][15.609s][info][gc,start       ] GC(68) Pause Young (Normal) (G1 Evacuation Pause)
[2026-04-03T01:14:10.936+0600][15.609s][info][gc,task        ] GC(68) Using 10 workers of 10 for evacuation
[2026-04-03T01:14:10.939+0600][15.612s][info][gc,phases      ] GC(68)   Pre Evacuate Collection Set: 0.32ms
[2026-04-03T01:14:10.939+0600][15.612s][info][gc,phases      ] GC(68)   Merge Heap Roots: 0.17ms
[2026-04-03T01:14:10.939+0600][15.612s][info][gc,phases      ] GC(68)   Evacuate Collection Set: 1.55ms
[2026-04-03T01:14:10.939+0600][15.612s][info][gc,phases      ] GC(68)   Post Evacuate Collection Set: 0.44ms
[2026-04-03T01:14:10.939+0600][15.612s][info][gc,phases      ] GC(68)   Other: 0.10ms
[2026-04-03T01:14:10.939+0600][15.612s][info][gc,heap        ] GC(68) Eden regions: 165->0(165)
[2026-04-03T01:14:10.939+0600][15.612s][info][gc,heap        ] GC(68) Survivor regions: 3->3(21)
[2026-04-03T01:14:10.939+0600][15.612s][info][gc,heap        ] GC(68) Old regions: 7->7
[2026-04-03T01:14:10.939+0600][15.612s][info][gc,heap        ] GC(68) Humongous regions: 6->6
[2026-04-03T01:14:10.939+0600][15.612s][info][gc,metaspace   ] GC(68) Metaspace: 6243K(6464K)->6243K(6464K) NonClass: 5636K(5760K)->5636K(5760K) Class: 607K(704K)->607K(704K)
[2026-04-03T01:14:10.939+0600][15.612s][info][gc             ] GC(68) Pause Young (Normal) (G1 Evacuation Pause) 356M->26M(562M) 2.899ms
[2026-04-03T01:14:10.939+0600][15.612s][info][gc,cpu         ] GC(68) User=0.02s Sys=0.00s Real=0.00s
[2026-04-03T01:14:11.152+0600][15.825s][info][gc,start       ] GC(69) Pause Young (Normal) (G1 Evacuation Pause)
[2026-04-03T01:14:11.152+0600][15.825s][info][gc,task        ] GC(69) Using 10 workers of 10 for evacuation
[2026-04-03T01:14:11.155+0600][15.828s][info][gc,phases      ] GC(69)   Pre Evacuate Collection Set: 0.28ms
[2026-04-03T01:14:11.155+0600][15.828s][info][gc,phases      ] GC(69)   Merge Heap Roots: 0.11ms
[2026-04-03T01:14:11.155+0600][15.828s][info][gc,phases      ] GC(69)   Evacuate Collection Set: 1.46ms
[2026-04-03T01:14:11.155+0600][15.828s][info][gc,phases      ] GC(69)   Post Evacuate Collection Set: 0.61ms
[2026-04-03T01:14:11.155+0600][15.828s][info][gc,phases      ] GC(69)   Other: 0.11ms
[2026-04-03T01:14:11.155+0600][15.828s][info][gc,heap        ] GC(69) Eden regions: 165->0(165)
[2026-04-03T01:14:11.155+0600][15.828s][info][gc,heap        ] GC(69) Survivor regions: 3->3(21)
[2026-04-03T01:14:11.155+0600][15.828s][info][gc,heap        ] GC(69) Old regions: 7->7
[2026-04-03T01:14:11.155+0600][15.828s][info][gc,heap        ] GC(69) Humongous regions: 6->6
[2026-04-03T01:14:11.155+0600][15.828s][info][gc,metaspace   ] GC(69) Metaspace: 6243K(6464K)->6243K(6464K) NonClass: 5636K(5760K)->5636K(5760K) Class: 607K(704K)->607K(704K)
[2026-04-03T01:14:11.155+0600][15.828s][info][gc             ] GC(69) Pause Young (Normal) (G1 Evacuation Pause) 356M->26M(562M) 2.910ms
[2026-04-03T01:14:11.155+0600][15.828s][info][gc,cpu         ] GC(69) User=0.02s Sys=0.00s Real=0.00s
[2026-04-03T01:14:11.387+0600][16.060s][info][gc,start       ] GC(70) Pause Young (Normal) (G1 Evacuation Pause)
[2026-04-03T01:14:11.387+0600][16.060s][info][gc,task        ] GC(70) Using 10 workers of 10 for evacuation
[2026-04-03T01:14:11.390+0600][16.064s][info][gc,phases      ] GC(70)   Pre Evacuate Collection Set: 0.46ms
[2026-04-03T01:14:11.390+0600][16.064s][info][gc,phases      ] GC(70)   Merge Heap Roots: 0.18ms
[2026-04-03T01:14:11.390+0600][16.064s][info][gc,phases      ] GC(70)   Evacuate Collection Set: 1.84ms
[2026-04-03T01:14:11.390+0600][16.064s][info][gc,phases      ] GC(70)   Post Evacuate Collection Set: 0.62ms
[2026-04-03T01:14:11.390+0600][16.064s][info][gc,phases      ] GC(70)   Other: 0.12ms
[2026-04-03T01:14:11.390+0600][16.064s][info][gc,heap        ] GC(70) Eden regions: 165->0(165)
[2026-04-03T01:14:11.390+0600][16.064s][info][gc,heap        ] GC(70) Survivor regions: 3->3(21)
[2026-04-03T01:14:11.390+0600][16.064s][info][gc,heap        ] GC(70) Old regions: 7->7
[2026-04-03T01:14:11.390+0600][16.064s][info][gc,heap        ] GC(70) Humongous regions: 6->6
[2026-04-03T01:14:11.390+0600][16.064s][info][gc,metaspace   ] GC(70) Metaspace: 6243K(6464K)->6243K(6464K) NonClass: 5636K(5760K)->5636K(5760K) Class: 607K(704K)->607K(704K)
[2026-04-03T01:14:11.391+0600][16.064s][info][gc             ] GC(70) Pause Young (Normal) (G1 Evacuation Pause) 356M->26M(562M) 3.559ms
[2026-04-03T01:14:11.391+0600][16.064s][info][gc,cpu         ] GC(70) User=0.02s Sys=0.00s Real=0.01s
[2026-04-03T01:14:11.601+0600][16.274s][info][gc,start       ] GC(71) Pause Young (Normal) (G1 Evacuation Pause)
[2026-04-03T01:14:11.601+0600][16.274s][info][gc,task        ] GC(71) Using 10 workers of 10 for evacuation
[2026-04-03T01:14:11.604+0600][16.277s][info][gc,phases      ] GC(71)   Pre Evacuate Collection Set: 0.31ms
[2026-04-03T01:14:11.604+0600][16.277s][info][gc,phases      ] GC(71)   Merge Heap Roots: 0.12ms
[2026-04-03T01:14:11.604+0600][16.277s][info][gc,phases      ] GC(71)   Evacuate Collection Set: 1.26ms
[2026-04-03T01:14:11.604+0600][16.277s][info][gc,phases      ] GC(71)   Post Evacuate Collection Set: 0.71ms
[2026-04-03T01:14:11.604+0600][16.277s][info][gc,phases      ] GC(71)   Other: 0.10ms
[2026-04-03T01:14:11.604+0600][16.277s][info][gc,heap        ] GC(71) Eden regions: 165->0(166)
[2026-04-03T01:14:11.604+0600][16.277s][info][gc,heap        ] GC(71) Survivor regions: 3->2(21)
[2026-04-03T01:14:11.604+0600][16.277s][info][gc,heap        ] GC(71) Old regions: 7->7
[2026-04-03T01:14:11.604+0600][16.277s][info][gc,heap        ] GC(71) Humongous regions: 6->6
[2026-04-03T01:14:11.604+0600][16.277s][info][gc,metaspace   ] GC(71) Metaspace: 6243K(6464K)->6243K(6464K) NonClass: 5636K(5760K)->5636K(5760K) Class: 607K(704K)->607K(704K)
[2026-04-03T01:14:11.604+0600][16.277s][info][gc             ] GC(71) Pause Young (Normal) (G1 Evacuation Pause) 356M->26M(562M) 2.883ms
[2026-04-03T01:14:11.604+0600][16.277s][info][gc,cpu         ] GC(71) User=0.01s Sys=0.00s Real=0.00s
[2026-04-03T01:14:11.767+0600][16.440s][info][gc,start       ] GC(72) Pause Young (Normal) (G1 Evacuation Pause)
[2026-04-03T01:14:11.767+0600][16.440s][info][gc,task        ] GC(72) Using 10 workers of 10 for evacuation
[2026-04-03T01:14:11.770+0600][16.443s][info][gc,phases      ] GC(72)   Pre Evacuate Collection Set: 0.36ms
[2026-04-03T01:14:11.770+0600][16.443s][info][gc,phases      ] GC(72)   Merge Heap Roots: 0.32ms
[2026-04-03T01:14:11.770+0600][16.443s][info][gc,phases      ] GC(72)   Evacuate Collection Set: 1.39ms
[2026-04-03T01:14:11.770+0600][16.443s][info][gc,phases      ] GC(72)   Post Evacuate Collection Set: 0.63ms
[2026-04-03T01:14:11.770+0600][16.443s][info][gc,phases      ] GC(72)   Other: 0.15ms
[2026-04-03T01:14:11.770+0600][16.443s][info][gc,heap        ] GC(72) Eden regions: 166->0(165)
[2026-04-03T01:14:11.770+0600][16.443s][info][gc,heap        ] GC(72) Survivor regions: 2->3(21)
[2026-04-03T01:14:11.770+0600][16.443s][info][gc,heap        ] GC(72) Old regions: 7->7
[2026-04-03T01:14:11.770+0600][16.443s][info][gc,heap        ] GC(72) Humongous regions: 6->6
[2026-04-03T01:14:11.770+0600][16.444s][info][gc,metaspace   ] GC(72) Metaspace: 6243K(6464K)->6243K(6464K) NonClass: 5636K(5760K)->5636K(5760K) Class: 607K(704K)->607K(704K)
[2026-04-03T01:14:11.770+0600][16.444s][info][gc             ] GC(72) Pause Young (Normal) (G1 Evacuation Pause) 358M->26M(562M) 3.213ms
[2026-04-03T01:14:11.770+0600][16.444s][info][gc,cpu         ] GC(72) User=0.02s Sys=0.00s Real=0.01s
[2026-04-03T01:14:11.935+0600][16.608s][info][gc,heap,exit   ] Heap
[2026-04-03T01:14:11.935+0600][16.608s][info][gc,heap,exit   ]  garbage-first heap   total 575488K, used 249135K [0x000000070ae00000, 0x0000000800000000)
[2026-04-03T01:14:11.935+0600][16.608s][info][gc,heap,exit   ]   region size 2048K, 112 young (229376K), 3 survivors (6144K)
[2026-04-03T01:14:11.935+0600][16.608s][info][gc,heap,exit   ]  Metaspace       used 6348K, committed 6528K, reserved 1114112K
[2026-04-03T01:14:11.935+0600][16.608s][info][gc,heap,exit   ]   class space    used 615K, committed 704K, reserved 1048576K
