[2026-04-03T01:14:47.924+0600][0.006s][info][gc,init] CardTable entry size: 512
[2026-04-03T01:14:47.925+0600][0.006s][info][gc     ] Using G1
[2026-04-03T01:14:47.929+0600][0.011s][info][gc,init] Version: 21.0.10+7-Ubuntu-124.04 (release)
[2026-04-03T01:14:47.929+0600][0.011s][info][gc,init] CPUs: 12 total, 12 available
[2026-04-03T01:14:47.929+0600][0.011s][info][gc,init] Memory: 15683M
[2026-04-03T01:14:47.929+0600][0.011s][info][gc,init] Large Page Support: Disabled
[2026-04-03T01:14:47.929+0600][0.011s][info][gc,init] NUMA Support: Disabled
[2026-04-03T01:14:47.929+0600][0.011s][info][gc,init] Compressed Oops: Enabled (Zero based)
[2026-04-03T01:14:47.929+0600][0.011s][info][gc,init] Heap Region Size: 2M
[2026-04-03T01:14:47.929+0600][0.011s][info][gc,init] Heap Min Capacity: 8M
[2026-04-03T01:14:47.929+0600][0.011s][info][gc,init] Heap Initial Capacity: 246M
[2026-04-03T01:14:47.929+0600][0.011s][info][gc,init] Heap Max Capacity: 3922M
[2026-04-03T01:14:47.929+0600][0.011s][info][gc,init] Pre-touch: Disabled
[2026-04-03T01:14:47.929+0600][0.011s][info][gc,init] Parallel Workers: 10
[2026-04-03T01:14:47.929+0600][0.011s][info][gc,init] Concurrent Workers: 3
[2026-04-03T01:14:47.929+0600][0.011s][info][gc,init] Concurrent Refinement Workers: 10
[2026-04-03T01:14:47.929+0600][0.011s][info][gc,init] Periodic GC: Disabled
[2026-04-03T01:14:47.947+0600][0.029s][info][gc,metaspace] CDS archive(s) mapped at: [0x00007841cb000000-0x00007841cbc9c000-0x00007841cbc9c000), size 13221888, SharedBaseAddress: 0x00007841cb000000, ArchiveRelocationMode: 1.
[2026-04-03T01:14:47.947+0600][0.029s][info][gc,metaspace] Compressed class space mapped at: 0x00007841cc000000-0x000078420c000000, reserved size: 1073741824
[2026-04-03T01:14:47.947+0600][0.029s][info][gc,metaspace] Narrow klass base: 0x00007841cb000000, Narrow klass shift: 0, Narrow klass range: 0x100000000
[2026-04-03T01:14:48.412+0600][0.494s][info][gc,start    ] GC(0) Pause Young (Normal) (G1 Evacuation Pause)
[2026-04-03T01:14:48.413+0600][0.495s][info][gc,task     ] GC(0) Using 5 workers of 10 for evacuation
[2026-04-03T01:14:48.415+0600][0.497s][info][gc,phases   ] GC(0)   Pre Evacuate Collection Set: 0.15ms
[2026-04-03T01:14:48.416+0600][0.497s][info][gc,phases   ] GC(0)   Merge Heap Roots: 0.15ms
[2026-04-03T01:14:48.416+0600][0.497s][info][gc,phases   ] GC(0)   Evacuate Collection Set: 1.80ms
[2026-04-03T01:14:48.416+0600][0.497s][info][gc,phases   ] GC(0)   Post Evacuate Collection Set: 0.41ms
[2026-04-03T01:14:48.416+0600][0.497s][info][gc,phases   ] GC(0)   Other: 0.89ms
[2026-04-03T01:14:48.416+0600][0.498s][info][gc,heap     ] GC(0) Eden regions: 11->0(24)
[2026-04-03T01:14:48.416+0600][0.498s][info][gc,heap     ] GC(0) Survivor regions: 0->1(2)
[2026-04-03T01:14:48.416+0600][0.498s][info][gc,heap     ] GC(0) Old regions: 1->1
[2026-04-03T01:14:48.416+0600][0.498s][info][gc,heap     ] GC(0) Humongous regions: 5->5
[2026-04-03T01:14:48.416+0600][0.498s][info][gc,metaspace] GC(0) Metaspace: 4152K(4416K)->4152K(4416K) NonClass: 3733K(3904K)->3733K(3904K) Class: 419K(512K)->419K(512K)
[2026-04-03T01:14:48.416+0600][0.498s][info][gc          ] GC(0) Pause Young (Normal) (G1 Evacuation Pause) 33M->13M(248M) 3.685ms
[2026-04-03T01:14:48.416+0600][0.498s][info][gc,cpu      ] GC(0) User=0.01s Sys=0.01s Real=0.00s
[2026-04-03T01:14:48.440+0600][0.522s][info][gc,start    ] GC(1) Pause Full (System.gc())
[2026-04-03T01:14:48.440+0600][0.522s][info][gc,task     ] GC(1) Using 5 workers of 10 for full compaction
[2026-04-03T01:14:48.441+0600][0.523s][info][gc,phases,start] GC(1) Phase 1: Mark live objects
[2026-04-03T01:14:48.444+0600][0.526s][info][gc,phases      ] GC(1) Phase 1: Mark live objects 3.061ms
[2026-04-03T01:14:48.444+0600][0.526s][info][gc,phases,start] GC(1) Phase 2: Prepare compaction
[2026-04-03T01:14:48.445+0600][0.527s][info][gc,phases      ] GC(1) Phase 2: Prepare compaction 1.422ms
[2026-04-03T01:14:48.445+0600][0.527s][info][gc,phases,start] GC(1) Phase 3: Adjust pointers
[2026-04-03T01:14:48.447+0600][0.529s][info][gc,phases      ] GC(1) Phase 3: Adjust pointers 1.672ms
[2026-04-03T01:14:48.447+0600][0.529s][info][gc,phases,start] GC(1) Phase 4: Compact heap
[2026-04-03T01:14:48.449+0600][0.531s][info][gc,phases      ] GC(1) Phase 4: Compact heap 1.772ms
[2026-04-03T01:14:48.449+0600][0.531s][info][gc,phases,start] GC(1) Phase 5: Reset Metadata
[2026-04-03T01:14:48.449+0600][0.531s][info][gc,phases      ] GC(1) Phase 5: Reset Metadata 0.253ms
[2026-04-03T01:14:48.451+0600][0.533s][info][gc,heap        ] GC(1) Eden regions: 7->0(13)
[2026-04-03T01:14:48.451+0600][0.533s][info][gc,heap        ] GC(1) Survivor regions: 1->0(2)
[2026-04-03T01:14:48.451+0600][0.533s][info][gc,heap        ] GC(1) Old regions: 1->3
[2026-04-03T01:14:48.451+0600][0.533s][info][gc,heap        ] GC(1) Humongous regions: 8->6
[2026-04-03T01:14:48.451+0600][0.533s][info][gc,metaspace   ] GC(1) Metaspace: 4159K(4416K)->4159K(4416K) NonClass: 3738K(3904K)->3738K(3904K) Class: 420K(512K)->420K(512K)
[2026-04-03T01:14:48.451+0600][0.533s][info][gc             ] GC(1) Pause Full (System.gc()) 32M->14M(60M) 11.053ms
[2026-04-03T01:14:48.451+0600][0.533s][info][gc,cpu         ] GC(1) User=0.01s Sys=0.02s Real=0.01s
[2026-04-03T01:14:48.769+0600][0.851s][info][gc,start       ] GC(2) Pause Young (Normal) (G1 Evacuation Pause)
[2026-04-03T01:14:48.770+0600][0.852s][info][gc,task        ] GC(2) Using 10 workers of 10 for evacuation
[2026-04-03T01:14:48.774+0600][0.856s][info][gc,phases      ] GC(2)   Pre Evacuate Collection Set: 0.29ms
[2026-04-03T01:14:48.774+0600][0.856s][info][gc,phases      ] GC(2)   Merge Heap Roots: 0.09ms
[2026-04-03T01:14:48.774+0600][0.856s][info][gc,phases      ] GC(2)   Evacuate Collection Set: 3.07ms
[2026-04-03T01:14:48.774+0600][0.856s][info][gc,phases      ] GC(2)   Post Evacuate Collection Set: 0.36ms
[2026-04-03T01:14:48.774+0600][0.856s][info][gc,phases      ] GC(2)   Other: 1.60ms
[2026-04-03T01:14:48.774+0600][0.856s][info][gc,heap        ] GC(2) Eden regions: 13->0(11)
[2026-04-03T01:14:48.774+0600][0.856s][info][gc,heap        ] GC(2) Survivor regions: 0->2(2)
[2026-04-03T01:14:48.774+0600][0.856s][info][gc,heap        ] GC(2) Old regions: 3->4
[2026-04-03T01:14:48.774+0600][0.856s][info][gc,heap        ] GC(2) Humongous regions: 6->6
[2026-04-03T01:14:48.774+0600][0.856s][info][gc,metaspace   ] GC(2) Metaspace: 6165K(6400K)->6165K(6400K) NonClass: 5559K(5696K)->5559K(5696K) Class: 606K(704K)->606K(704K)
[2026-04-03T01:14:48.774+0600][0.856s][info][gc             ] GC(2) Pause Young (Normal) (G1 Evacuation Pause) 40M->20M(60M) 5.656ms
[2026-04-03T01:14:48.774+0600][0.856s][info][gc,cpu         ] GC(2) User=0.03s Sys=0.00s Real=0.01s
[2026-04-03T01:14:48.872+0600][0.954s][info][gc,start       ] GC(3) Pause Young (Normal) (G1 Evacuation Pause)
[2026-04-03T01:14:48.872+0600][0.954s][info][gc,task        ] GC(3) Using 10 workers of 10 for evacuation
[2026-04-03T01:14:48.875+0600][0.957s][info][gc,phases      ] GC(3)   Pre Evacuate Collection Set: 0.35ms
[2026-04-03T01:14:48.875+0600][0.957s][info][gc,phases      ] GC(3)   Merge Heap Roots: 0.10ms
[2026-04-03T01:14:48.875+0600][0.957s][info][gc,phases      ] GC(3)   Evacuate Collection Set: 2.23ms
[2026-04-03T01:14:48.875+0600][0.957s][info][gc,phases      ] GC(3)   Post Evacuate Collection Set: 0.48ms
[2026-04-03T01:14:48.875+0600][0.957s][info][gc,phases      ] GC(3)   Other: 0.14ms
[2026-04-03T01:14:48.875+0600][0.957s][info][gc,heap        ] GC(3) Eden regions: 11->0(12)
[2026-04-03T01:14:48.875+0600][0.957s][info][gc,heap        ] GC(3) Survivor regions: 2->1(2)
[2026-04-03T01:14:48.875+0600][0.957s][info][gc,heap        ] GC(3) Old regions: 4->6
[2026-04-03T01:14:48.875+0600][0.957s][info][gc,heap        ] GC(3) Humongous regions: 6->6
[2026-04-03T01:14:48.875+0600][0.957s][info][gc,metaspace   ] GC(3) Metaspace: 6194K(6464K)->6194K(6464K) NonClass: 5588K(5760K)->5588K(5760K) Class: 606K(704K)->606K(704K)
[2026-04-03T01:14:48.876+0600][0.957s][info][gc             ] GC(3) Pause Young (Normal) (G1 Evacuation Pause) 42M->20M(60M) 3.627ms
[2026-04-03T01:14:48.876+0600][0.957s][info][gc,cpu         ] GC(3) User=0.00s Sys=0.02s Real=0.00s
[2026-04-03T01:14:48.929+0600][1.011s][info][gc,start       ] GC(4) Pause Young (Normal) (G1 Evacuation Pause)
[2026-04-03T01:14:48.930+0600][1.012s][info][gc,task        ] GC(4) Using 10 workers of 10 for evacuation
[2026-04-03T01:14:48.931+0600][1.013s][info][gc,phases      ] GC(4)   Pre Evacuate Collection Set: 0.30ms
[2026-04-03T01:14:48.931+0600][1.013s][info][gc,phases      ] GC(4)   Merge Heap Roots: 0.14ms
[2026-04-03T01:14:48.932+0600][1.013s][info][gc,phases      ] GC(4)   Evacuate Collection Set: 0.96ms
[2026-04-03T01:14:48.932+0600][1.013s][info][gc,phases      ] GC(4)   Post Evacuate Collection Set: 0.31ms
[2026-04-03T01:14:48.932+0600][1.013s][info][gc,phases      ] GC(4)   Other: 0.11ms
[2026-04-03T01:14:48.932+0600][1.013s][info][gc,heap        ] GC(4) Eden regions: 12->0(13)
[2026-04-03T01:14:48.932+0600][1.014s][info][gc,heap        ] GC(4) Survivor regions: 1->1(2)
[2026-04-03T01:14:48.932+0600][1.014s][info][gc,heap        ] GC(4) Old regions: 6->6
[2026-04-03T01:14:48.932+0600][1.014s][info][gc,heap        ] GC(4) Humongous regions: 6->6
[2026-04-03T01:14:48.932+0600][1.014s][info][gc,metaspace   ] GC(4) Metaspace: 6194K(6464K)->6194K(6464K) NonClass: 5588K(5760K)->5588K(5760K) Class: 606K(704K)->606K(704K)
[2026-04-03T01:14:48.932+0600][1.014s][info][gc             ] GC(4) Pause Young (Normal) (G1 Evacuation Pause) 44M->20M(60M) 2.139ms
[2026-04-03T01:14:48.932+0600][1.014s][info][gc,cpu         ] GC(4) User=0.01s Sys=0.00s Real=0.01s
[2026-04-03T01:14:48.964+0600][1.046s][info][gc,start       ] GC(5) Pause Young (Normal) (G1 Evacuation Pause)
[2026-04-03T01:14:48.964+0600][1.046s][info][gc,task        ] GC(5) Using 10 workers of 10 for evacuation
[2026-04-03T01:14:48.966+0600][1.048s][info][gc,phases      ] GC(5)   Pre Evacuate Collection Set: 0.18ms
[2026-04-03T01:14:48.966+0600][1.048s][info][gc,phases      ] GC(5)   Merge Heap Roots: 0.11ms
[2026-04-03T01:14:48.966+0600][1.048s][info][gc,phases      ] GC(5)   Evacuate Collection Set: 1.36ms
[2026-04-03T01:14:48.966+0600][1.048s][info][gc,phases      ] GC(5)   Post Evacuate Collection Set: 0.59ms
[2026-04-03T01:14:48.966+0600][1.048s][info][gc,phases      ] GC(5)   Other: 0.08ms
[2026-04-03T01:14:48.966+0600][1.048s][info][gc,heap        ] GC(5) Eden regions: 13->0(45)
[2026-04-03T01:14:48.966+0600][1.048s][info][gc,heap        ] GC(5) Survivor regions: 1->1(2)
[2026-04-03T01:14:48.966+0600][1.048s][info][gc,heap        ] GC(5) Old regions: 6->6
[2026-04-03T01:14:48.966+0600][1.048s][info][gc,heap        ] GC(5) Humongous regions: 6->6
[2026-04-03T01:14:48.966+0600][1.048s][info][gc,metaspace   ] GC(5) Metaspace: 6194K(6464K)->6194K(6464K) NonClass: 5588K(5760K)->5588K(5760K) Class: 606K(704K)->606K(704K)
[2026-04-03T01:14:48.966+0600][1.048s][info][gc             ] GC(5) Pause Young (Normal) (G1 Evacuation Pause) 46M->21M(154M) 2.557ms
[2026-04-03T01:14:48.966+0600][1.048s][info][gc,cpu         ] GC(5) User=0.02s Sys=0.00s Real=0.00s
[2026-04-03T01:14:49.071+0600][1.153s][info][gc,start       ] GC(6) Pause Young (Normal) (G1 Evacuation Pause)
[2026-04-03T01:14:49.071+0600][1.153s][info][gc,task        ] GC(6) Using 10 workers of 10 for evacuation
[2026-04-03T01:14:49.074+0600][1.156s][info][gc,phases      ] GC(6)   Pre Evacuate Collection Set: 0.17ms
[2026-04-03T01:14:49.074+0600][1.156s][info][gc,phases      ] GC(6)   Merge Heap Roots: 0.10ms
[2026-04-03T01:14:49.074+0600][1.156s][info][gc,phases      ] GC(6)   Evacuate Collection Set: 2.41ms
[2026-04-03T01:14:49.074+0600][1.156s][info][gc,phases      ] GC(6)   Post Evacuate Collection Set: 0.26ms
[2026-04-03T01:14:49.074+0600][1.156s][info][gc,phases      ] GC(6)   Other: 0.09ms
[2026-04-03T01:14:49.074+0600][1.156s][info][gc,heap        ] GC(6) Eden regions: 45->0(44)
[2026-04-03T01:14:49.074+0600][1.156s][info][gc,heap        ] GC(6) Survivor regions: 1->2(6)
[2026-04-03T01:14:49.074+0600][1.156s][info][gc,heap        ] GC(6) Old regions: 6->6
[2026-04-03T01:14:49.074+0600][1.156s][info][gc,heap        ] GC(6) Humongous regions: 6->6
[2026-04-03T01:14:49.074+0600][1.156s][info][gc,metaspace   ] GC(6) Metaspace: 6212K(6464K)->6212K(6464K) NonClass: 5605K(5760K)->5605K(5760K) Class: 606K(704K)->606K(704K)
[2026-04-03T01:14:49.074+0600][1.156s][info][gc             ] GC(6) Pause Young (Normal) (G1 Evacuation Pause) 111M->24M(154M) 3.274ms
[2026-04-03T01:14:49.074+0600][1.156s][info][gc,cpu         ] GC(6) User=0.03s Sys=0.00s Real=0.00s
[2026-04-03T01:14:49.158+0600][1.240s][info][gc,start       ] GC(7) Pause Young (Normal) (G1 Evacuation Pause)
[2026-04-03T01:14:49.158+0600][1.240s][info][gc,task        ] GC(7) Using 10 workers of 10 for evacuation
[2026-04-03T01:14:49.161+0600][1.243s][info][gc,phases      ] GC(7)   Pre Evacuate Collection Set: 0.14ms
[2026-04-03T01:14:49.161+0600][1.243s][info][gc,phases      ] GC(7)   Merge Heap Roots: 0.18ms
[2026-04-03T01:14:49.161+0600][1.243s][info][gc,phases      ] GC(7)   Evacuate Collection Set: 2.33ms
[2026-04-03T01:14:49.161+0600][1.243s][info][gc,phases      ] GC(7)   Post Evacuate Collection Set: 0.36ms
[2026-04-03T01:14:49.161+0600][1.243s][info][gc,phases      ] GC(7)   Other: 0.09ms
[2026-04-03T01:14:49.161+0600][1.243s][info][gc,heap        ] GC(7) Eden regions: 44->0(43)
[2026-04-03T01:14:49.161+0600][1.243s][info][gc,heap        ] GC(7) Survivor regions: 2->3(6)
[2026-04-03T01:14:49.161+0600][1.243s][info][gc,heap        ] GC(7) Old regions: 6->6
[2026-04-03T01:14:49.161+0600][1.243s][info][gc,heap        ] GC(7) Humongous regions: 6->6
[2026-04-03T01:14:49.161+0600][1.243s][info][gc,metaspace   ] GC(7) Metaspace: 6212K(6464K)->6212K(6464K) NonClass: 5605K(5760K)->5605K(5760K) Class: 606K(704K)->606K(704K)
[2026-04-03T01:14:49.161+0600][1.243s][info][gc             ] GC(7) Pause Young (Normal) (G1 Evacuation Pause) 112M->25M(154M) 3.346ms
[2026-04-03T01:14:49.161+0600][1.243s][info][gc,cpu         ] GC(7) User=0.03s Sys=0.00s Real=0.01s
[2026-04-03T01:14:49.250+0600][1.332s][info][gc,start       ] GC(8) Pause Young (Normal) (G1 Evacuation Pause)
[2026-04-03T01:14:49.250+0600][1.332s][info][gc,task        ] GC(8) Using 10 workers of 10 for evacuation
[2026-04-03T01:14:49.254+0600][1.336s][info][gc,phases      ] GC(8)   Pre Evacuate Collection Set: 0.22ms
[2026-04-03T01:14:49.254+0600][1.336s][info][gc,phases      ] GC(8)   Merge Heap Roots: 0.15ms
[2026-04-03T01:14:49.254+0600][1.336s][info][gc,phases      ] GC(8)   Evacuate Collection Set: 2.64ms
[2026-04-03T01:14:49.254+0600][1.336s][info][gc,phases      ] GC(8)   Post Evacuate Collection Set: 0.32ms
[2026-04-03T01:14:49.254+0600][1.336s][info][gc,phases      ] GC(8)   Other: 0.13ms
[2026-04-03T01:14:49.254+0600][1.336s][info][gc,heap        ] GC(8) Eden regions: 43->0(43)
[2026-04-03T01:14:49.254+0600][1.336s][info][gc,heap        ] GC(8) Survivor regions: 3->3(6)
[2026-04-03T01:14:49.254+0600][1.336s][info][gc,heap        ] GC(8) Old regions: 6->6
[2026-04-03T01:14:49.254+0600][1.336s][info][gc,heap        ] GC(8) Humongous regions: 6->6
[2026-04-03T01:14:49.254+0600][1.336s][info][gc,metaspace   ] GC(8) Metaspace: 6212K(6464K)->6212K(6464K) NonClass: 5605K(5760K)->5605K(5760K) Class: 606K(704K)->606K(704K)
[2026-04-03T01:14:49.254+0600][1.336s][info][gc             ] GC(8) Pause Young (Normal) (G1 Evacuation Pause) 111M->26M(154M) 3.780ms
[2026-04-03T01:14:49.254+0600][1.336s][info][gc,cpu         ] GC(8) User=0.03s Sys=0.00s Real=0.00s
[2026-04-03T01:14:49.537+0600][1.619s][info][gc,start       ] GC(9) Pause Young (Normal) (G1 Evacuation Pause)
[2026-04-03T01:14:49.537+0600][1.619s][info][gc,task        ] GC(9) Using 10 workers of 10 for evacuation
[2026-04-03T01:14:49.541+0600][1.623s][info][gc,phases      ] GC(9)   Pre Evacuate Collection Set: 0.30ms
[2026-04-03T01:14:49.541+0600][1.623s][info][gc,phases      ] GC(9)   Merge Heap Roots: 0.18ms
[2026-04-03T01:14:49.541+0600][1.623s][info][gc,phases      ] GC(9)   Evacuate Collection Set: 2.64ms
[2026-04-03T01:14:49.541+0600][1.623s][info][gc,phases      ] GC(9)   Post Evacuate Collection Set: 0.63ms
[2026-04-03T01:14:49.541+0600][1.623s][info][gc,phases      ] GC(9)   Other: 0.10ms
[2026-04-03T01:14:49.541+0600][1.623s][info][gc,heap        ] GC(9) Eden regions: 43->0(62)
[2026-04-03T01:14:49.541+0600][1.623s][info][gc,heap        ] GC(9) Survivor regions: 3->3(6)
[2026-04-03T01:14:49.541+0600][1.623s][info][gc,heap        ] GC(9) Old regions: 6->6
[2026-04-03T01:14:49.541+0600][1.623s][info][gc,heap        ] GC(9) Humongous regions: 6->6
[2026-04-03T01:14:49.541+0600][1.623s][info][gc,metaspace   ] GC(9) Metaspace: 6213K(6464K)->6213K(6464K) NonClass: 5606K(5760K)->5606K(5760K) Class: 607K(704K)->607K(704K)
[2026-04-03T01:14:49.541+0600][1.623s][info][gc             ] GC(9) Pause Young (Normal) (G1 Evacuation Pause) 112M->26M(218M) 4.161ms
[2026-04-03T01:14:49.541+0600][1.623s][info][gc,cpu         ] GC(9) User=0.03s Sys=0.00s Real=0.01s
[2026-04-03T01:14:49.664+0600][1.746s][info][gc,start       ] GC(10) Pause Young (Normal) (G1 Evacuation Pause)
[2026-04-03T01:14:49.664+0600][1.746s][info][gc,task        ] GC(10) Using 10 workers of 10 for evacuation
[2026-04-03T01:14:49.668+0600][1.750s][info][gc,phases      ] GC(10)   Pre Evacuate Collection Set: 0.27ms
[2026-04-03T01:14:49.668+0600][1.750s][info][gc,phases      ] GC(10)   Merge Heap Roots: 0.13ms
[2026-04-03T01:14:49.668+0600][1.750s][info][gc,phases      ] GC(10)   Evacuate Collection Set: 2.98ms
[2026-04-03T01:14:49.668+0600][1.750s][info][gc,phases      ] GC(10)   Post Evacuate Collection Set: 0.41ms
[2026-04-03T01:14:49.668+0600][1.750s][info][gc,phases      ] GC(10)   Other: 0.11ms
[2026-04-03T01:14:49.668+0600][1.750s][info][gc,heap        ] GC(10) Eden regions: 62->0(62)
[2026-04-03T01:14:49.668+0600][1.750s][info][gc,heap        ] GC(10) Survivor regions: 3->3(9)
[2026-04-03T01:14:49.668+0600][1.750s][info][gc,heap        ] GC(10) Old regions: 6->6
[2026-04-03T01:14:49.668+0600][1.750s][info][gc,heap        ] GC(10) Humongous regions: 6->6
[2026-04-03T01:14:49.668+0600][1.750s][info][gc,metaspace   ] GC(10) Metaspace: 6213K(6464K)->6213K(6464K) NonClass: 5606K(5760K)->5606K(5760K) Class: 607K(704K)->607K(704K)
[2026-04-03T01:14:49.668+0600][1.750s][info][gc             ] GC(10) Pause Young (Normal) (G1 Evacuation Pause) 150M->26M(218M) 4.205ms
[2026-04-03T01:14:49.668+0600][1.750s][info][gc,cpu         ] GC(10) User=0.03s Sys=0.00s Real=0.00s
[2026-04-03T01:14:49.765+0600][1.847s][info][gc,start       ] GC(11) Pause Young (Normal) (G1 Evacuation Pause)
[2026-04-03T01:14:49.765+0600][1.847s][info][gc,task        ] GC(11) Using 10 workers of 10 for evacuation
[2026-04-03T01:14:49.768+0600][1.850s][info][gc,phases      ] GC(11)   Pre Evacuate Collection Set: 0.18ms
[2026-04-03T01:14:49.768+0600][1.850s][info][gc,phases      ] GC(11)   Merge Heap Roots: 0.10ms
[2026-04-03T01:14:49.768+0600][1.850s][info][gc,phases      ] GC(11)   Evacuate Collection Set: 2.34ms
[2026-04-03T01:14:49.768+0600][1.850s][info][gc,phases      ] GC(11)   Post Evacuate Collection Set: 0.49ms
[2026-04-03T01:14:49.768+0600][1.850s][info][gc,phases      ] GC(11)   Other: 0.09ms
[2026-04-03T01:14:49.768+0600][1.850s][info][gc,heap        ] GC(11) Eden regions: 62->0(62)
[2026-04-03T01:14:49.768+0600][1.850s][info][gc,heap        ] GC(11) Survivor regions: 3->3(9)
[2026-04-03T01:14:49.768+0600][1.850s][info][gc,heap        ] GC(11) Old regions: 6->6
[2026-04-03T01:14:49.768+0600][1.850s][info][gc,heap        ] GC(11) Humongous regions: 6->6
[2026-04-03T01:14:49.768+0600][1.850s][info][gc,metaspace   ] GC(11) Metaspace: 6213K(6464K)->6213K(6464K) NonClass: 5606K(5760K)->5606K(5760K) Class: 607K(704K)->607K(704K)
[2026-04-03T01:14:49.768+0600][1.850s][info][gc             ] GC(11) Pause Young (Normal) (G1 Evacuation Pause) 150M->26M(218M) 3.646ms
[2026-04-03T01:14:49.768+0600][1.850s][info][gc,cpu         ] GC(11) User=0.03s Sys=0.01s Real=0.00s
[2026-04-03T01:14:49.864+0600][1.946s][info][gc,start       ] GC(12) Pause Young (Normal) (G1 Evacuation Pause)
[2026-04-03T01:14:49.864+0600][1.946s][info][gc,task        ] GC(12) Using 10 workers of 10 for evacuation
[2026-04-03T01:14:49.867+0600][1.949s][info][gc,phases      ] GC(12)   Pre Evacuate Collection Set: 0.35ms
[2026-04-03T01:14:49.867+0600][1.949s][info][gc,phases      ] GC(12)   Merge Heap Roots: 0.17ms
[2026-04-03T01:14:49.867+0600][1.949s][info][gc,phases      ] GC(12)   Evacuate Collection Set: 2.14ms
[2026-04-03T01:14:49.867+0600][1.949s][info][gc,phases      ] GC(12)   Post Evacuate Collection Set: 0.32ms
[2026-04-03T01:14:49.867+0600][1.949s][info][gc,phases      ] GC(12)   Other: 0.13ms
[2026-04-03T01:14:49.867+0600][1.949s][info][gc,heap        ] GC(12) Eden regions: 62->0(62)
[2026-04-03T01:14:49.867+0600][1.949s][info][gc,heap        ] GC(12) Survivor regions: 3->3(9)
[2026-04-03T01:14:49.867+0600][1.949s][info][gc,heap        ] GC(12) Old regions: 6->6
[2026-04-03T01:14:49.867+0600][1.949s][info][gc,heap        ] GC(12) Humongous regions: 6->6
[2026-04-03T01:14:49.867+0600][1.949s][info][gc,metaspace   ] GC(12) Metaspace: 6213K(6464K)->6213K(6464K) NonClass: 5606K(5760K)->5606K(5760K) Class: 607K(704K)->607K(704K)
[2026-04-03T01:14:49.867+0600][1.949s][info][gc             ] GC(12) Pause Young (Normal) (G1 Evacuation Pause) 150M->26M(218M) 3.392ms
[2026-04-03T01:14:49.867+0600][1.949s][info][gc,cpu         ] GC(12) User=0.02s Sys=0.00s Real=0.00s
[2026-04-03T01:14:49.960+0600][2.042s][info][gc,start       ] GC(13) Pause Young (Normal) (G1 Evacuation Pause)
[2026-04-03T01:14:49.961+0600][2.042s][info][gc,task        ] GC(13) Using 10 workers of 10 for evacuation
[2026-04-03T01:14:49.965+0600][2.047s][info][gc,phases      ] GC(13)   Pre Evacuate Collection Set: 0.38ms
[2026-04-03T01:14:49.965+0600][2.047s][info][gc,phases      ] GC(13)   Merge Heap Roots: 0.22ms
[2026-04-03T01:14:49.965+0600][2.047s][info][gc,phases      ] GC(13)   Evacuate Collection Set: 2.42ms
[2026-04-03T01:14:49.965+0600][2.047s][info][gc,phases      ] GC(13)   Post Evacuate Collection Set: 0.98ms
[2026-04-03T01:14:49.965+0600][2.047s][info][gc,phases      ] GC(13)   Other: 0.10ms
[2026-04-03T01:14:49.965+0600][2.047s][info][gc,heap        ] GC(13) Eden regions: 62->0(75)
[2026-04-03T01:14:49.965+0600][2.047s][info][gc,heap        ] GC(13) Survivor regions: 3->4(9)
[2026-04-03T01:14:49.965+0600][2.047s][info][gc,heap        ] GC(13) Old regions: 6->6
[2026-04-03T01:14:49.965+0600][2.047s][info][gc,heap        ] GC(13) Humongous regions: 6->6
[2026-04-03T01:14:49.965+0600][2.047s][info][gc,metaspace   ] GC(13) Metaspace: 6213K(6464K)->6213K(6464K) NonClass: 5606K(5760K)->5606K(5760K) Class: 607K(704K)->607K(704K)
[2026-04-03T01:14:49.965+0600][2.047s][info][gc             ] GC(13) Pause Young (Normal) (G1 Evacuation Pause) 150M->26M(266M) 4.412ms
[2026-04-03T01:14:49.965+0600][2.047s][info][gc,cpu         ] GC(13) User=0.02s Sys=0.00s Real=0.00s
[2026-04-03T01:14:50.263+0600][2.345s][info][gc,start       ] GC(14) Pause Young (Normal) (G1 Evacuation Pause)
[2026-04-03T01:14:50.263+0600][2.345s][info][gc,task        ] GC(14) Using 10 workers of 10 for evacuation
[2026-04-03T01:14:50.266+0600][2.348s][info][gc,phases      ] GC(14)   Pre Evacuate Collection Set: 0.17ms
[2026-04-03T01:14:50.266+0600][2.348s][info][gc,phases      ] GC(14)   Merge Heap Roots: 0.12ms
[2026-04-03T01:14:50.266+0600][2.348s][info][gc,phases      ] GC(14)   Evacuate Collection Set: 2.17ms
[2026-04-03T01:14:50.266+0600][2.348s][info][gc,phases      ] GC(14)   Post Evacuate Collection Set: 0.39ms
[2026-04-03T01:14:50.266+0600][2.348s][info][gc,phases      ] GC(14)   Other: 0.12ms
[2026-04-03T01:14:50.266+0600][2.348s][info][gc,heap        ] GC(14) Eden regions: 75->0(76)
[2026-04-03T01:14:50.266+0600][2.348s][info][gc,heap        ] GC(14) Survivor regions: 4->3(10)
[2026-04-03T01:14:50.266+0600][2.348s][info][gc,heap        ] GC(14) Old regions: 6->6
[2026-04-03T01:14:50.266+0600][2.348s][info][gc,heap        ] GC(14) Humongous regions: 6->6
[2026-04-03T01:14:50.266+0600][2.348s][info][gc,metaspace   ] GC(14) Metaspace: 6214K(6464K)->6214K(6464K) NonClass: 5606K(5760K)->5606K(5760K) Class: 607K(704K)->607K(704K)
[2026-04-03T01:14:50.266+0600][2.348s][info][gc             ] GC(14) Pause Young (Normal) (G1 Evacuation Pause) 176M->26M(266M) 3.231ms
[2026-04-03T01:14:50.267+0600][2.348s][info][gc,cpu         ] GC(14) User=0.03s Sys=0.00s Real=0.00s
[2026-04-03T01:14:50.390+0600][2.472s][info][gc,start       ] GC(15) Pause Young (Normal) (G1 Evacuation Pause)
[2026-04-03T01:14:50.390+0600][2.472s][info][gc,task        ] GC(15) Using 10 workers of 10 for evacuation
[2026-04-03T01:14:50.394+0600][2.476s][info][gc,phases      ] GC(15)   Pre Evacuate Collection Set: 0.27ms
[2026-04-03T01:14:50.394+0600][2.476s][info][gc,phases      ] GC(15)   Merge Heap Roots: 0.16ms
[2026-04-03T01:14:50.394+0600][2.476s][info][gc,phases      ] GC(15)   Evacuate Collection Set: 3.19ms
[2026-04-03T01:14:50.394+0600][2.476s][info][gc,phases      ] GC(15)   Post Evacuate Collection Set: 0.46ms
[2026-04-03T01:14:50.394+0600][2.476s][info][gc,phases      ] GC(15)   Other: 0.11ms
[2026-04-03T01:14:50.394+0600][2.476s][info][gc,heap        ] GC(15) Eden regions: 76->0(75)
[2026-04-03T01:14:50.394+0600][2.476s][info][gc,heap        ] GC(15) Survivor regions: 3->4(10)
[2026-04-03T01:14:50.394+0600][2.476s][info][gc,heap        ] GC(15) Old regions: 6->6
[2026-04-03T01:14:50.394+0600][2.476s][info][gc,heap        ] GC(15) Humongous regions: 6->6
[2026-04-03T01:14:50.394+0600][2.476s][info][gc,metaspace   ] GC(15) Metaspace: 6214K(6464K)->6214K(6464K) NonClass: 5606K(5760K)->5606K(5760K) Class: 607K(704K)->607K(704K)
[2026-04-03T01:14:50.395+0600][2.476s][info][gc             ] GC(15) Pause Young (Normal) (G1 Evacuation Pause) 178M->26M(266M) 4.474ms
[2026-04-03T01:14:50.395+0600][2.477s][info][gc,cpu         ] GC(15) User=0.03s Sys=0.00s Real=0.00s
[2026-04-03T01:14:50.506+0600][2.588s][info][gc,start       ] GC(16) Pause Young (Normal) (G1 Evacuation Pause)
[2026-04-03T01:14:50.506+0600][2.588s][info][gc,task        ] GC(16) Using 10 workers of 10 for evacuation
[2026-04-03T01:14:50.509+0600][2.591s][info][gc,phases      ] GC(16)   Pre Evacuate Collection Set: 0.44ms
[2026-04-03T01:14:50.509+0600][2.591s][info][gc,phases      ] GC(16)   Merge Heap Roots: 0.12ms
[2026-04-03T01:14:50.509+0600][2.591s][info][gc,phases      ] GC(16)   Evacuate Collection Set: 2.05ms
[2026-04-03T01:14:50.509+0600][2.591s][info][gc,phases      ] GC(16)   Post Evacuate Collection Set: 0.41ms
[2026-04-03T01:14:50.509+0600][2.591s][info][gc,phases      ] GC(16)   Other: 0.09ms
[2026-04-03T01:14:50.509+0600][2.591s][info][gc,heap        ] GC(16) Eden regions: 75->0(76)
[2026-04-03T01:14:50.509+0600][2.591s][info][gc,heap        ] GC(16) Survivor regions: 4->3(10)
[2026-04-03T01:14:50.509+0600][2.591s][info][gc,heap        ] GC(16) Old regions: 6->6
[2026-04-03T01:14:50.509+0600][2.591s][info][gc,heap        ] GC(16) Humongous regions: 6->6
[2026-04-03T01:14:50.509+0600][2.591s][info][gc,metaspace   ] GC(16) Metaspace: 6214K(6464K)->6214K(6464K) NonClass: 5606K(5760K)->5606K(5760K) Class: 607K(704K)->607K(704K)
[2026-04-03T01:14:50.509+0600][2.591s][info][gc             ] GC(16) Pause Young (Normal) (G1 Evacuation Pause) 176M->26M(266M) 3.398ms
[2026-04-03T01:14:50.509+0600][2.591s][info][gc,cpu         ] GC(16) User=0.03s Sys=0.00s Real=0.00s
[2026-04-03T01:14:50.618+0600][2.700s][info][gc,start       ] GC(17) Pause Young (Normal) (G1 Evacuation Pause)
[2026-04-03T01:14:50.618+0600][2.700s][info][gc,task        ] GC(17) Using 10 workers of 10 for evacuation
[2026-04-03T01:14:50.622+0600][2.704s][info][gc,phases      ] GC(17)   Pre Evacuate Collection Set: 0.26ms
[2026-04-03T01:14:50.623+0600][2.705s][info][gc,phases      ] GC(17)   Merge Heap Roots: 0.18ms
[2026-04-03T01:14:50.623+0600][2.705s][info][gc,phases      ] GC(17)   Evacuate Collection Set: 3.26ms
[2026-04-03T01:14:50.623+0600][2.705s][info][gc,phases      ] GC(17)   Post Evacuate Collection Set: 0.86ms
[2026-04-03T01:14:50.623+0600][2.705s][info][gc,phases      ] GC(17)   Other: 0.15ms
[2026-04-03T01:14:50.623+0600][2.705s][info][gc,heap        ] GC(17) Eden regions: 76->0(76)
[2026-04-03T01:14:50.623+0600][2.705s][info][gc,heap        ] GC(17) Survivor regions: 3->3(10)
[2026-04-03T01:14:50.623+0600][2.705s][info][gc,heap        ] GC(17) Old regions: 6->6
[2026-04-03T01:14:50.623+0600][2.705s][info][gc,heap        ] GC(17) Humongous regions: 6->6
[2026-04-03T01:14:50.623+0600][2.705s][info][gc,metaspace   ] GC(17) Metaspace: 6214K(6464K)->6214K(6464K) NonClass: 5606K(5760K)->5606K(5760K) Class: 607K(704K)->607K(704K)
[2026-04-03T01:14:50.623+0600][2.705s][info][gc             ] GC(17) Pause Young (Normal) (G1 Evacuation Pause) 178M->26M(266M) 5.331ms
[2026-04-03T01:14:50.623+0600][2.705s][info][gc,cpu         ] GC(17) User=0.03s Sys=0.00s Real=0.01s
[2026-04-03T01:14:50.818+0600][2.900s][info][gc,start       ] GC(18) Pause Young (Normal) (G1 Evacuation Pause)
[2026-04-03T01:14:50.818+0600][2.900s][info][gc,task        ] GC(18) Using 10 workers of 10 for evacuation
[2026-04-03T01:14:50.822+0600][2.904s][info][gc,phases      ] GC(18)   Pre Evacuate Collection Set: 0.17ms
[2026-04-03T01:14:50.822+0600][2.904s][info][gc,phases      ] GC(18)   Merge Heap Roots: 0.11ms
[2026-04-03T01:14:50.822+0600][2.904s][info][gc,phases      ] GC(18)   Evacuate Collection Set: 2.35ms
[2026-04-03T01:14:50.822+0600][2.904s][info][gc,phases      ] GC(18)   Post Evacuate Collection Set: 0.76ms
[2026-04-03T01:14:50.822+0600][2.904s][info][gc,phases      ] GC(18)   Other: 0.09ms
[2026-04-03T01:14:50.822+0600][2.904s][info][gc,heap        ] GC(18) Eden regions: 76->0(103)
[2026-04-03T01:14:50.822+0600][2.904s][info][gc,heap        ] GC(18) Survivor regions: 3->3(10)
[2026-04-03T01:14:50.822+0600][2.904s][info][gc,heap        ] GC(18) Old regions: 6->6
[2026-04-03T01:14:50.822+0600][2.904s][info][gc,heap        ] GC(18) Humongous regions: 6->6
[2026-04-03T01:14:50.822+0600][2.904s][info][gc,metaspace   ] GC(18) Metaspace: 6214K(6464K)->6214K(6464K) NonClass: 5606K(5760K)->5606K(5760K) Class: 607K(704K)->607K(704K)
[2026-04-03T01:14:50.822+0600][2.904s][info][gc             ] GC(18) Pause Young (Normal) (G1 Evacuation Pause) 178M->26M(354M) 3.754ms
[2026-04-03T01:14:50.822+0600][2.904s][info][gc,cpu         ] GC(18) User=0.02s Sys=0.00s Real=0.01s
[2026-04-03T01:14:51.000+0600][3.082s][info][gc,start       ] GC(19) Pause Young (Normal) (G1 Evacuation Pause)
[2026-04-03T01:14:51.000+0600][3.082s][info][gc,task        ] GC(19) Using 10 workers of 10 for evacuation
[2026-04-03T01:14:51.004+0600][3.086s][info][gc,phases      ] GC(19)   Pre Evacuate Collection Set: 0.21ms
[2026-04-03T01:14:51.004+0600][3.086s][info][gc,phases      ] GC(19)   Merge Heap Roots: 0.16ms
[2026-04-03T01:14:51.004+0600][3.086s][info][gc,phases      ] GC(19)   Evacuate Collection Set: 3.25ms
[2026-04-03T01:14:51.004+0600][3.086s][info][gc,phases      ] GC(19)   Post Evacuate Collection Set: 0.72ms
[2026-04-03T01:14:51.004+0600][3.086s][info][gc,phases      ] GC(19)   Other: 0.16ms
[2026-04-03T01:14:51.004+0600][3.086s][info][gc,heap        ] GC(19) Eden regions: 103->0(103)
[2026-04-03T01:14:51.004+0600][3.086s][info][gc,heap        ] GC(19) Survivor regions: 3->3(14)
[2026-04-03T01:14:51.004+0600][3.086s][info][gc,heap        ] GC(19) Old regions: 6->7
[2026-04-03T01:14:51.004+0600][3.086s][info][gc,heap        ] GC(19) Humongous regions: 6->6
[2026-04-03T01:14:51.004+0600][3.086s][info][gc,metaspace   ] GC(19) Metaspace: 6215K(6464K)->6215K(6464K) NonClass: 5607K(5760K)->5607K(5760K) Class: 607K(704K)->607K(704K)
[2026-04-03T01:14:51.004+0600][3.086s][info][gc             ] GC(19) Pause Young (Normal) (G1 Evacuation Pause) 232M->26M(354M) 4.860ms
[2026-04-03T01:14:51.005+0600][3.086s][info][gc,cpu         ] GC(19) User=0.03s Sys=0.00s Real=0.01s
[2026-04-03T01:14:51.416+0600][3.498s][info][gc,start       ] GC(20) Pause Young (Normal) (G1 Evacuation Pause)
[2026-04-03T01:14:51.416+0600][3.498s][info][gc,task        ] GC(20) Using 10 workers of 10 for evacuation
[2026-04-03T01:14:51.420+0600][3.502s][info][gc,phases      ] GC(20)   Pre Evacuate Collection Set: 0.22ms
[2026-04-03T01:14:51.420+0600][3.502s][info][gc,phases      ] GC(20)   Merge Heap Roots: 0.21ms
[2026-04-03T01:14:51.420+0600][3.502s][info][gc,phases      ] GC(20)   Evacuate Collection Set: 2.48ms
[2026-04-03T01:14:51.420+0600][3.502s][info][gc,phases      ] GC(20)   Post Evacuate Collection Set: 0.41ms
[2026-04-03T01:14:51.420+0600][3.502s][info][gc,phases      ] GC(20)   Other: 0.12ms
[2026-04-03T01:14:51.420+0600][3.502s][info][gc,heap        ] GC(20) Eden regions: 103->0(103)
[2026-04-03T01:14:51.420+0600][3.502s][info][gc,heap        ] GC(20) Survivor regions: 3->3(14)
[2026-04-03T01:14:51.420+0600][3.502s][info][gc,heap        ] GC(20) Old regions: 7->7
[2026-04-03T01:14:51.420+0600][3.502s][info][gc,heap        ] GC(20) Humongous regions: 6->6
[2026-04-03T01:14:51.420+0600][3.502s][info][gc,metaspace   ] GC(20) Metaspace: 6215K(6464K)->6215K(6464K) NonClass: 5607K(5760K)->5607K(5760K) Class: 607K(704K)->607K(704K)
[2026-04-03T01:14:51.420+0600][3.502s][info][gc             ] GC(20) Pause Young (Normal) (G1 Evacuation Pause) 232M->26M(354M) 3.775ms
[2026-04-03T01:14:51.420+0600][3.502s][info][gc,cpu         ] GC(20) User=0.02s Sys=0.00s Real=0.01s
[2026-04-03T01:14:51.599+0600][3.681s][info][gc,start       ] GC(21) Pause Young (Normal) (G1 Evacuation Pause)
[2026-04-03T01:14:51.600+0600][3.682s][info][gc,task        ] GC(21) Using 10 workers of 10 for evacuation
[2026-04-03T01:14:51.603+0600][3.685s][info][gc,phases      ] GC(21)   Pre Evacuate Collection Set: 0.31ms
[2026-04-03T01:14:51.603+0600][3.685s][info][gc,phases      ] GC(21)   Merge Heap Roots: 0.37ms
[2026-04-03T01:14:51.603+0600][3.685s][info][gc,phases      ] GC(21)   Evacuate Collection Set: 2.15ms
[2026-04-03T01:14:51.603+0600][3.685s][info][gc,phases      ] GC(21)   Post Evacuate Collection Set: 0.55ms
[2026-04-03T01:14:51.603+0600][3.685s][info][gc,phases      ] GC(21)   Other: 0.17ms
[2026-04-03T01:14:51.603+0600][3.685s][info][gc,heap        ] GC(21) Eden regions: 103->0(103)
[2026-04-03T01:14:51.603+0600][3.685s][info][gc,heap        ] GC(21) Survivor regions: 3->3(14)
[2026-04-03T01:14:51.603+0600][3.685s][info][gc,heap        ] GC(21) Old regions: 7->7
[2026-04-03T01:14:51.603+0600][3.685s][info][gc,heap        ] GC(21) Humongous regions: 6->6
[2026-04-03T01:14:51.603+0600][3.685s][info][gc,metaspace   ] GC(21) Metaspace: 6215K(6464K)->6215K(6464K) NonClass: 5607K(5760K)->5607K(5760K) Class: 607K(704K)->607K(704K)
[2026-04-03T01:14:51.603+0600][3.685s][info][gc             ] GC(21) Pause Young (Normal) (G1 Evacuation Pause) 232M->26M(354M) 3.846ms
[2026-04-03T01:14:51.603+0600][3.685s][info][gc,cpu         ] GC(21) User=0.02s Sys=0.01s Real=0.01s
[2026-04-03T01:14:51.764+0600][3.846s][info][gc,start       ] GC(22) Pause Young (Normal) (G1 Evacuation Pause)
[2026-04-03T01:14:51.764+0600][3.846s][info][gc,task        ] GC(22) Using 10 workers of 10 for evacuation
[2026-04-03T01:14:51.767+0600][3.849s][info][gc,phases      ] GC(22)   Pre Evacuate Collection Set: 0.23ms
[2026-04-03T01:14:51.767+0600][3.849s][info][gc,phases      ] GC(22)   Merge Heap Roots: 0.10ms
[2026-04-03T01:14:51.767+0600][3.849s][info][gc,phases      ] GC(22)   Evacuate Collection Set: 1.81ms
[2026-04-03T01:14:51.767+0600][3.849s][info][gc,phases      ] GC(22)   Post Evacuate Collection Set: 0.39ms
[2026-04-03T01:14:51.767+0600][3.849s][info][gc,phases      ] GC(22)   Other: 0.09ms
[2026-04-03T01:14:51.767+0600][3.849s][info][gc,heap        ] GC(22) Eden regions: 103->0(103)
[2026-04-03T01:14:51.767+0600][3.849s][info][gc,heap        ] GC(22) Survivor regions: 3->3(14)
[2026-04-03T01:14:51.767+0600][3.849s][info][gc,heap        ] GC(22) Old regions: 7->7
[2026-04-03T01:14:51.767+0600][3.849s][info][gc,heap        ] GC(22) Humongous regions: 6->6
[2026-04-03T01:14:51.767+0600][3.849s][info][gc,metaspace   ] GC(22) Metaspace: 6215K(6464K)->6215K(6464K) NonClass: 5607K(5760K)->5607K(5760K) Class: 607K(704K)->607K(704K)
[2026-04-03T01:14:51.767+0600][3.849s][info][gc             ] GC(22) Pause Young (Normal) (G1 Evacuation Pause) 232M->26M(354M) 2.912ms
[2026-04-03T01:14:51.767+0600][3.849s][info][gc,cpu         ] GC(22) User=0.02s Sys=0.00s Real=0.00s
[2026-04-03T01:14:51.922+0600][4.004s][info][gc,start       ] GC(23) Pause Young (Normal) (G1 Evacuation Pause)
[2026-04-03T01:14:51.922+0600][4.004s][info][gc,task        ] GC(23) Using 10 workers of 10 for evacuation
[2026-04-03T01:14:51.926+0600][4.008s][info][gc,phases      ] GC(23)   Pre Evacuate Collection Set: 0.33ms
[2026-04-03T01:14:51.926+0600][4.008s][info][gc,phases      ] GC(23)   Merge Heap Roots: 0.14ms
[2026-04-03T01:14:51.926+0600][4.008s][info][gc,phases      ] GC(23)   Evacuate Collection Set: 1.68ms
[2026-04-03T01:14:51.926+0600][4.008s][info][gc,phases      ] GC(23)   Post Evacuate Collection Set: 0.98ms
[2026-04-03T01:14:51.926+0600][4.008s][info][gc,phases      ] GC(23)   Other: 0.09ms
[2026-04-03T01:14:51.926+0600][4.008s][info][gc,heap        ] GC(23) Eden regions: 103->0(124)
[2026-04-03T01:14:51.926+0600][4.008s][info][gc,heap        ] GC(23) Survivor regions: 3->3(14)
[2026-04-03T01:14:51.926+0600][4.008s][info][gc,heap        ] GC(23) Old regions: 7->7
[2026-04-03T01:14:51.926+0600][4.008s][info][gc,heap        ] GC(23) Humongous regions: 6->6
[2026-04-03T01:14:51.926+0600][4.008s][info][gc,metaspace   ] GC(23) Metaspace: 6215K(6464K)->6215K(6464K) NonClass: 5607K(5760K)->5607K(5760K) Class: 607K(704K)->607K(704K)
[2026-04-03T01:14:51.926+0600][4.008s][info][gc             ] GC(23) Pause Young (Normal) (G1 Evacuation Pause) 232M->26M(426M) 3.537ms
[2026-04-03T01:14:51.926+0600][4.008s][info][gc,cpu         ] GC(23) User=0.02s Sys=0.00s Real=0.00s
[2026-04-03T01:14:52.116+0600][4.198s][info][gc,start       ] GC(24) Pause Young (Normal) (G1 Evacuation Pause)
[2026-04-03T01:14:52.116+0600][4.198s][info][gc,task        ] GC(24) Using 10 workers of 10 for evacuation
[2026-04-03T01:14:52.119+0600][4.201s][info][gc,phases      ] GC(24)   Pre Evacuate Collection Set: 0.37ms
[2026-04-03T01:14:52.119+0600][4.201s][info][gc,phases      ] GC(24)   Merge Heap Roots: 0.16ms
[2026-04-03T01:14:52.119+0600][4.201s][info][gc,phases      ] GC(24)   Evacuate Collection Set: 1.57ms
[2026-04-03T01:14:52.119+0600][4.201s][info][gc,phases      ] GC(24)   Post Evacuate Collection Set: 0.61ms
[2026-04-03T01:14:52.119+0600][4.201s][info][gc,phases      ] GC(24)   Other: 0.18ms
[2026-04-03T01:14:52.119+0600][4.201s][info][gc,heap        ] GC(24) Eden regions: 124->0(124)
[2026-04-03T01:14:52.119+0600][4.201s][info][gc,heap        ] GC(24) Survivor regions: 3->3(16)
[2026-04-03T01:14:52.119+0600][4.201s][info][gc,heap        ] GC(24) Old regions: 7->7
[2026-04-03T01:14:52.119+0600][4.201s][info][gc,heap        ] GC(24) Humongous regions: 6->6
[2026-04-03T01:14:52.119+0600][4.201s][info][gc,metaspace   ] GC(24) Metaspace: 6215K(6464K)->6215K(6464K) NonClass: 5607K(5760K)->5607K(5760K) Class: 607K(704K)->607K(704K)
[2026-04-03T01:14:52.119+0600][4.201s][info][gc             ] GC(24) Pause Young (Normal) (G1 Evacuation Pause) 274M->26M(426M) 3.205ms
[2026-04-03T01:14:52.119+0600][4.201s][info][gc,cpu         ] GC(24) User=0.01s Sys=0.00s Real=0.00s
[2026-04-03T01:14:52.324+0600][4.405s][info][gc,start       ] GC(25) Pause Young (Normal) (G1 Evacuation Pause)
[2026-04-03T01:14:52.324+0600][4.406s][info][gc,task        ] GC(25) Using 10 workers of 10 for evacuation
[2026-04-03T01:14:52.326+0600][4.408s][info][gc,phases      ] GC(25)   Pre Evacuate Collection Set: 0.23ms
[2026-04-03T01:14:52.326+0600][4.408s][info][gc,phases      ] GC(25)   Merge Heap Roots: 0.13ms
[2026-04-03T01:14:52.326+0600][4.408s][info][gc,phases      ] GC(25)   Evacuate Collection Set: 1.31ms
[2026-04-03T01:14:52.326+0600][4.408s][info][gc,phases      ] GC(25)   Post Evacuate Collection Set: 0.42ms
[2026-04-03T01:14:52.326+0600][4.408s][info][gc,phases      ] GC(25)   Other: 0.10ms
[2026-04-03T01:14:52.326+0600][4.408s][info][gc,heap        ] GC(25) Eden regions: 124->0(124)
[2026-04-03T01:14:52.326+0600][4.408s][info][gc,heap        ] GC(25) Survivor regions: 3->3(16)
[2026-04-03T01:14:52.326+0600][4.408s][info][gc,heap        ] GC(25) Old regions: 7->7
[2026-04-03T01:14:52.326+0600][4.408s][info][gc,heap        ] GC(25) Humongous regions: 6->6
[2026-04-03T01:14:52.326+0600][4.408s][info][gc,metaspace   ] GC(25) Metaspace: 6215K(6464K)->6215K(6464K) NonClass: 5607K(5760K)->5607K(5760K) Class: 607K(704K)->607K(704K)
[2026-04-03T01:14:52.326+0600][4.408s][info][gc             ] GC(25) Pause Young (Normal) (G1 Evacuation Pause) 274M->26M(426M) 2.486ms
[2026-04-03T01:14:52.326+0600][4.408s][info][gc,cpu         ] GC(25) User=0.01s Sys=0.00s Real=0.00s
[2026-04-03T01:14:52.524+0600][4.606s][info][gc,start       ] GC(26) Pause Young (Normal) (G1 Evacuation Pause)
[2026-04-03T01:14:52.524+0600][4.606s][info][gc,task        ] GC(26) Using 10 workers of 10 for evacuation
[2026-04-03T01:14:52.527+0600][4.609s][info][gc,phases      ] GC(26)   Pre Evacuate Collection Set: 0.40ms
[2026-04-03T01:14:52.527+0600][4.609s][info][gc,phases      ] GC(26)   Merge Heap Roots: 0.12ms
[2026-04-03T01:14:52.527+0600][4.609s][info][gc,phases      ] GC(26)   Evacuate Collection Set: 1.64ms
[2026-04-03T01:14:52.527+0600][4.609s][info][gc,phases      ] GC(26)   Post Evacuate Collection Set: 0.53ms
[2026-04-03T01:14:52.527+0600][4.609s][info][gc,phases      ] GC(26)   Other: 0.26ms
[2026-04-03T01:14:52.527+0600][4.609s][info][gc,heap        ] GC(26) Eden regions: 124->0(124)
[2026-04-03T01:14:52.527+0600][4.609s][info][gc,heap        ] GC(26) Survivor regions: 3->3(16)
[2026-04-03T01:14:52.527+0600][4.609s][info][gc,heap        ] GC(26) Old regions: 7->7
[2026-04-03T01:14:52.527+0600][4.609s][info][gc,heap        ] GC(26) Humongous regions: 6->6
[2026-04-03T01:14:52.527+0600][4.609s][info][gc,metaspace   ] GC(26) Metaspace: 6216K(6464K)->6216K(6464K) NonClass: 5608K(5760K)->5608K(5760K) Class: 607K(704K)->607K(704K)
[2026-04-03T01:14:52.527+0600][4.609s][info][gc             ] GC(26) Pause Young (Normal) (G1 Evacuation Pause) 274M->26M(426M) 3.252ms
[2026-04-03T01:14:52.527+0600][4.609s][info][gc,cpu         ] GC(26) User=0.02s Sys=0.01s Real=0.00s
[2026-04-03T01:14:52.761+0600][4.843s][info][gc,start       ] GC(27) Pause Young (Normal) (G1 Evacuation Pause)
[2026-04-03T01:14:52.761+0600][4.843s][info][gc,task        ] GC(27) Using 10 workers of 10 for evacuation
[2026-04-03T01:14:52.763+0600][4.845s][info][gc,phases      ] GC(27)   Pre Evacuate Collection Set: 0.30ms
[2026-04-03T01:14:52.763+0600][4.845s][info][gc,phases      ] GC(27)   Merge Heap Roots: 0.13ms
[2026-04-03T01:14:52.763+0600][4.845s][info][gc,phases      ] GC(27)   Evacuate Collection Set: 1.27ms
[2026-04-03T01:14:52.763+0600][4.845s][info][gc,phases      ] GC(27)   Post Evacuate Collection Set: 0.61ms
[2026-04-03T01:14:52.763+0600][4.845s][info][gc,phases      ] GC(27)   Other: 0.09ms
[2026-04-03T01:14:52.763+0600][4.845s][info][gc,heap        ] GC(27) Eden regions: 124->0(124)
[2026-04-03T01:14:52.763+0600][4.845s][info][gc,heap        ] GC(27) Survivor regions: 3->3(16)
[2026-04-03T01:14:52.763+0600][4.845s][info][gc,heap        ] GC(27) Old regions: 7->7
[2026-04-03T01:14:52.763+0600][4.845s][info][gc,heap        ] GC(27) Humongous regions: 6->6
[2026-04-03T01:14:52.763+0600][4.845s][info][gc,metaspace   ] GC(27) Metaspace: 6216K(6464K)->6216K(6464K) NonClass: 5608K(5760K)->5608K(5760K) Class: 607K(704K)->607K(704K)
[2026-04-03T01:14:52.763+0600][4.845s][info][gc             ] GC(27) Pause Young (Normal) (G1 Evacuation Pause) 274M->26M(426M) 2.668ms
[2026-04-03T01:14:52.763+0600][4.845s][info][gc,cpu         ] GC(27) User=0.02s Sys=0.00s Real=0.00s
[2026-04-03T01:14:53.013+0600][5.095s][info][gc,start       ] GC(28) Pause Young (Normal) (G1 Evacuation Pause)
[2026-04-03T01:14:53.013+0600][5.095s][info][gc,task        ] GC(28) Using 10 workers of 10 for evacuation
[2026-04-03T01:14:53.016+0600][5.098s][info][gc,phases      ] GC(28)   Pre Evacuate Collection Set: 0.20ms
[2026-04-03T01:14:53.016+0600][5.098s][info][gc,phases      ] GC(28)   Merge Heap Roots: 0.14ms
[2026-04-03T01:14:53.016+0600][5.098s][info][gc,phases      ] GC(28)   Evacuate Collection Set: 1.86ms
[2026-04-03T01:14:53.016+0600][5.098s][info][gc,phases      ] GC(28)   Post Evacuate Collection Set: 0.42ms
[2026-04-03T01:14:53.016+0600][5.098s][info][gc,phases      ] GC(28)   Other: 0.11ms
[2026-04-03T01:14:53.016+0600][5.098s][info][gc,heap        ] GC(28) Eden regions: 124->0(124)
[2026-04-03T01:14:53.016+0600][5.098s][info][gc,heap        ] GC(28) Survivor regions: 3->3(16)
[2026-04-03T01:14:53.016+0600][5.098s][info][gc,heap        ] GC(28) Old regions: 7->7
[2026-04-03T01:14:53.016+0600][5.098s][info][gc,heap        ] GC(28) Humongous regions: 6->6
[2026-04-03T01:14:53.016+0600][5.098s][info][gc,metaspace   ] GC(28) Metaspace: 6216K(6464K)->6216K(6464K) NonClass: 5608K(5760K)->5608K(5760K) Class: 607K(704K)->607K(704K)
[2026-04-03T01:14:53.016+0600][5.098s][info][gc             ] GC(28) Pause Young (Normal) (G1 Evacuation Pause) 274M->26M(426M) 3.079ms
[2026-04-03T01:14:53.016+0600][5.098s][info][gc,cpu         ] GC(28) User=0.02s Sys=0.00s Real=0.00s
[2026-04-03T01:14:53.276+0600][5.358s][info][gc,start       ] GC(29) Pause Young (Normal) (G1 Evacuation Pause)
[2026-04-03T01:14:53.276+0600][5.358s][info][gc,task        ] GC(29) Using 10 workers of 10 for evacuation
[2026-04-03T01:14:53.278+0600][5.360s][info][gc,phases      ] GC(29)   Pre Evacuate Collection Set: 0.21ms
[2026-04-03T01:14:53.278+0600][5.360s][info][gc,phases      ] GC(29)   Merge Heap Roots: 0.12ms
[2026-04-03T01:14:53.278+0600][5.360s][info][gc,phases      ] GC(29)   Evacuate Collection Set: 1.65ms
[2026-04-03T01:14:53.278+0600][5.360s][info][gc,phases      ] GC(29)   Post Evacuate Collection Set: 0.37ms
[2026-04-03T01:14:53.279+0600][5.360s][info][gc,phases      ] GC(29)   Other: 0.08ms
[2026-04-03T01:14:53.279+0600][5.360s][info][gc,heap        ] GC(29) Eden regions: 124->0(124)
[2026-04-03T01:14:53.279+0600][5.360s][info][gc,heap        ] GC(29) Survivor regions: 3->3(16)
[2026-04-03T01:14:53.279+0600][5.360s][info][gc,heap        ] GC(29) Old regions: 7->7
[2026-04-03T01:14:53.279+0600][5.360s][info][gc,heap        ] GC(29) Humongous regions: 6->6
[2026-04-03T01:14:53.279+0600][5.360s][info][gc,metaspace   ] GC(29) Metaspace: 6216K(6464K)->6216K(6464K) NonClass: 5609K(5760K)->5609K(5760K) Class: 607K(704K)->607K(704K)
[2026-04-03T01:14:53.279+0600][5.361s][info][gc             ] GC(29) Pause Young (Normal) (G1 Evacuation Pause) 274M->26M(426M) 2.662ms
[2026-04-03T01:14:53.279+0600][5.361s][info][gc,cpu         ] GC(29) User=0.01s Sys=0.00s Real=0.00s
[2026-04-03T01:14:53.545+0600][5.627s][info][gc,start       ] GC(30) Pause Young (Normal) (G1 Evacuation Pause)
[2026-04-03T01:14:53.545+0600][5.627s][info][gc,task        ] GC(30) Using 10 workers of 10 for evacuation
[2026-04-03T01:14:53.548+0600][5.629s][info][gc,phases      ] GC(30)   Pre Evacuate Collection Set: 0.21ms
[2026-04-03T01:14:53.548+0600][5.630s][info][gc,phases      ] GC(30)   Merge Heap Roots: 0.14ms
[2026-04-03T01:14:53.548+0600][5.630s][info][gc,phases      ] GC(30)   Evacuate Collection Set: 1.45ms
[2026-04-03T01:14:53.548+0600][5.630s][info][gc,phases      ] GC(30)   Post Evacuate Collection Set: 0.66ms
[2026-04-03T01:14:53.548+0600][5.630s][info][gc,phases      ] GC(30)   Other: 0.09ms
[2026-04-03T01:14:53.548+0600][5.630s][info][gc,heap        ] GC(30) Eden regions: 124->0(124)
[2026-04-03T01:14:53.548+0600][5.630s][info][gc,heap        ] GC(30) Survivor regions: 3->3(16)
[2026-04-03T01:14:53.548+0600][5.630s][info][gc,heap        ] GC(30) Old regions: 7->7
[2026-04-03T01:14:53.548+0600][5.630s][info][gc,heap        ] GC(30) Humongous regions: 6->6
[2026-04-03T01:14:53.548+0600][5.630s][info][gc,metaspace   ] GC(30) Metaspace: 6217K(6464K)->6217K(6464K) NonClass: 5609K(5760K)->5609K(5760K) Class: 607K(704K)->607K(704K)
[2026-04-03T01:14:53.548+0600][5.630s][info][gc             ] GC(30) Pause Young (Normal) (G1 Evacuation Pause) 274M->26M(426M) 2.789ms
[2026-04-03T01:14:53.548+0600][5.630s][info][gc,cpu         ] GC(30) User=0.01s Sys=0.00s Real=0.00s
[2026-04-03T01:14:53.891+0600][5.973s][info][gc,start       ] GC(31) Pause Young (Normal) (G1 Evacuation Pause)
[2026-04-03T01:14:53.891+0600][5.973s][info][gc,task        ] GC(31) Using 10 workers of 10 for evacuation
[2026-04-03T01:14:53.894+0600][5.975s][info][gc,phases      ] GC(31)   Pre Evacuate Collection Set: 0.27ms
[2026-04-03T01:14:53.894+0600][5.976s][info][gc,phases      ] GC(31)   Merge Heap Roots: 0.13ms
[2026-04-03T01:14:53.894+0600][5.976s][info][gc,phases      ] GC(31)   Evacuate Collection Set: 1.62ms
[2026-04-03T01:14:53.894+0600][5.976s][info][gc,phases      ] GC(31)   Post Evacuate Collection Set: 0.50ms
[2026-04-03T01:14:53.894+0600][5.976s][info][gc,phases      ] GC(31)   Other: 0.09ms
[2026-04-03T01:14:53.894+0600][5.976s][info][gc,heap        ] GC(31) Eden regions: 124->0(124)
[2026-04-03T01:14:53.894+0600][5.976s][info][gc,heap        ] GC(31) Survivor regions: 3->3(16)
[2026-04-03T01:14:53.894+0600][5.976s][info][gc,heap        ] GC(31) Old regions: 7->7
[2026-04-03T01:14:53.894+0600][5.976s][info][gc,heap        ] GC(31) Humongous regions: 6->6
[2026-04-03T01:14:53.894+0600][5.976s][info][gc,metaspace   ] GC(31) Metaspace: 6230K(6464K)->6230K(6464K) NonClass: 5622K(5760K)->5622K(5760K) Class: 607K(704K)->607K(704K)
[2026-04-03T01:14:53.894+0600][5.976s][info][gc             ] GC(31) Pause Young (Normal) (G1 Evacuation Pause) 274M->26M(426M) 2.931ms
[2026-04-03T01:14:53.894+0600][5.976s][info][gc,cpu         ] GC(31) User=0.02s Sys=0.00s Real=0.00s
[2026-04-03T01:14:54.130+0600][6.212s][info][gc,start       ] GC(32) Pause Young (Normal) (G1 Evacuation Pause)
[2026-04-03T01:14:54.130+0600][6.212s][info][gc,task        ] GC(32) Using 10 workers of 10 for evacuation
[2026-04-03T01:14:54.133+0600][6.215s][info][gc,phases      ] GC(32)   Pre Evacuate Collection Set: 0.35ms
[2026-04-03T01:14:54.133+0600][6.215s][info][gc,phases      ] GC(32)   Merge Heap Roots: 0.14ms
[2026-04-03T01:14:54.133+0600][6.215s][info][gc,phases      ] GC(32)   Evacuate Collection Set: 1.42ms
[2026-04-03T01:14:54.133+0600][6.215s][info][gc,phases      ] GC(32)   Post Evacuate Collection Set: 0.51ms
[2026-04-03T01:14:54.133+0600][6.215s][info][gc,phases      ] GC(32)   Other: 0.09ms
[2026-04-03T01:14:54.133+0600][6.215s][info][gc,heap        ] GC(32) Eden regions: 124->0(124)
[2026-04-03T01:14:54.133+0600][6.215s][info][gc,heap        ] GC(32) Survivor regions: 3->3(16)
[2026-04-03T01:14:54.133+0600][6.215s][info][gc,heap        ] GC(32) Old regions: 7->7
[2026-04-03T01:14:54.133+0600][6.215s][info][gc,heap        ] GC(32) Humongous regions: 6->6
[2026-04-03T01:14:54.133+0600][6.215s][info][gc,metaspace   ] GC(32) Metaspace: 6230K(6464K)->6230K(6464K) NonClass: 5622K(5760K)->5622K(5760K) Class: 607K(704K)->607K(704K)
[2026-04-03T01:14:54.133+0600][6.215s][info][gc             ] GC(32) Pause Young (Normal) (G1 Evacuation Pause) 274M->26M(426M) 2.802ms
[2026-04-03T01:14:54.133+0600][6.215s][info][gc,cpu         ] GC(32) User=0.02s Sys=0.00s Real=0.00s
[2026-04-03T01:14:54.337+0600][6.419s][info][gc,start       ] GC(33) Pause Young (Normal) (G1 Evacuation Pause)
[2026-04-03T01:14:54.337+0600][6.419s][info][gc,task        ] GC(33) Using 10 workers of 10 for evacuation
[2026-04-03T01:14:54.340+0600][6.421s][info][gc,phases      ] GC(33)   Pre Evacuate Collection Set: 0.20ms
[2026-04-03T01:14:54.340+0600][6.422s][info][gc,phases      ] GC(33)   Merge Heap Roots: 0.09ms
[2026-04-03T01:14:54.340+0600][6.422s][info][gc,phases      ] GC(33)   Evacuate Collection Set: 1.30ms
[2026-04-03T01:14:54.340+0600][6.422s][info][gc,phases      ] GC(33)   Post Evacuate Collection Set: 0.50ms
[2026-04-03T01:14:54.340+0600][6.422s][info][gc,phases      ] GC(33)   Other: 0.09ms
[2026-04-03T01:14:54.340+0600][6.422s][info][gc,heap        ] GC(33) Eden regions: 124->0(124)
[2026-04-03T01:14:54.340+0600][6.422s][info][gc,heap        ] GC(33) Survivor regions: 3->3(16)
[2026-04-03T01:14:54.340+0600][6.422s][info][gc,heap        ] GC(33) Old regions: 7->7
[2026-04-03T01:14:54.340+0600][6.422s][info][gc,heap        ] GC(33) Humongous regions: 6->6
[2026-04-03T01:14:54.340+0600][6.422s][info][gc,metaspace   ] GC(33) Metaspace: 6230K(6464K)->6230K(6464K) NonClass: 5622K(5760K)->5622K(5760K) Class: 607K(704K)->607K(704K)
[2026-04-03T01:14:54.340+0600][6.422s][info][gc             ] GC(33) Pause Young (Normal) (G1 Evacuation Pause) 274M->26M(426M) 2.401ms
[2026-04-03T01:14:54.340+0600][6.422s][info][gc,cpu         ] GC(33) User=0.01s Sys=0.00s Real=0.01s
[2026-04-03T01:14:54.523+0600][6.605s][info][gc,start       ] GC(34) Pause Young (Normal) (G1 Evacuation Pause)
[2026-04-03T01:14:54.523+0600][6.605s][info][gc,task        ] GC(34) Using 10 workers of 10 for evacuation
[2026-04-03T01:14:54.525+0600][6.607s][info][gc,phases      ] GC(34)   Pre Evacuate Collection Set: 0.33ms
[2026-04-03T01:14:54.525+0600][6.607s][info][gc,phases      ] GC(34)   Merge Heap Roots: 0.12ms
[2026-04-03T01:14:54.525+0600][6.607s][info][gc,phases      ] GC(34)   Evacuate Collection Set: 1.39ms
[2026-04-03T01:14:54.525+0600][6.607s][info][gc,phases      ] GC(34)   Post Evacuate Collection Set: 0.37ms
[2026-04-03T01:14:54.525+0600][6.607s][info][gc,phases      ] GC(34)   Other: 0.13ms
[2026-04-03T01:14:54.525+0600][6.607s][info][gc,heap        ] GC(34) Eden regions: 124->0(124)
[2026-04-03T01:14:54.525+0600][6.607s][info][gc,heap        ] GC(34) Survivor regions: 3->3(16)
[2026-04-03T01:14:54.525+0600][6.607s][info][gc,heap        ] GC(34) Old regions: 7->7
[2026-04-03T01:14:54.526+0600][6.607s][info][gc,heap        ] GC(34) Humongous regions: 6->6
[2026-04-03T01:14:54.526+0600][6.607s][info][gc,metaspace   ] GC(34) Metaspace: 6230K(6464K)->6230K(6464K) NonClass: 5622K(5760K)->5622K(5760K) Class: 607K(704K)->607K(704K)
[2026-04-03T01:14:54.526+0600][6.607s][info][gc             ] GC(34) Pause Young (Normal) (G1 Evacuation Pause) 274M->26M(426M) 2.886ms
[2026-04-03T01:14:54.526+0600][6.608s][info][gc,cpu         ] GC(34) User=0.01s Sys=0.00s Real=0.00s
[2026-04-03T01:14:54.705+0600][6.787s][info][gc,start       ] GC(35) Pause Young (Normal) (G1 Evacuation Pause)
[2026-04-03T01:14:54.705+0600][6.787s][info][gc,task        ] GC(35) Using 10 workers of 10 for evacuation
[2026-04-03T01:14:54.708+0600][6.790s][info][gc,phases      ] GC(35)   Pre Evacuate Collection Set: 0.39ms
[2026-04-03T01:14:54.708+0600][6.790s][info][gc,phases      ] GC(35)   Merge Heap Roots: 0.12ms
[2026-04-03T01:14:54.708+0600][6.790s][info][gc,phases      ] GC(35)   Evacuate Collection Set: 1.47ms
[2026-04-03T01:14:54.708+0600][6.790s][info][gc,phases      ] GC(35)   Post Evacuate Collection Set: 0.61ms
[2026-04-03T01:14:54.708+0600][6.790s][info][gc,phases      ] GC(35)   Other: 0.10ms
[2026-04-03T01:14:54.708+0600][6.790s][info][gc,heap        ] GC(35) Eden regions: 124->0(124)
[2026-04-03T01:14:54.708+0600][6.790s][info][gc,heap        ] GC(35) Survivor regions: 3->3(16)
[2026-04-03T01:14:54.708+0600][6.790s][info][gc,heap        ] GC(35) Old regions: 7->7
[2026-04-03T01:14:54.708+0600][6.790s][info][gc,heap        ] GC(35) Humongous regions: 6->6
[2026-04-03T01:14:54.708+0600][6.790s][info][gc,metaspace   ] GC(35) Metaspace: 6230K(6464K)->6230K(6464K) NonClass: 5622K(5760K)->5622K(5760K) Class: 607K(704K)->607K(704K)
[2026-04-03T01:14:54.708+0600][6.790s][info][gc             ] GC(35) Pause Young (Normal) (G1 Evacuation Pause) 274M->26M(426M) 3.085ms
[2026-04-03T01:14:54.708+0600][6.790s][info][gc,cpu         ] GC(35) User=0.01s Sys=0.00s Real=0.00s
[2026-04-03T01:14:54.908+0600][6.989s][info][gc,start       ] GC(36) Pause Young (Normal) (G1 Evacuation Pause)
[2026-04-03T01:14:54.908+0600][6.990s][info][gc,task        ] GC(36) Using 10 workers of 10 for evacuation
[2026-04-03T01:14:54.910+0600][6.992s][info][gc,phases      ] GC(36)   Pre Evacuate Collection Set: 0.40ms
[2026-04-03T01:14:54.910+0600][6.992s][info][gc,phases      ] GC(36)   Merge Heap Roots: 0.17ms
[2026-04-03T01:14:54.910+0600][6.992s][info][gc,phases      ] GC(36)   Evacuate Collection Set: 1.61ms
[2026-04-03T01:14:54.910+0600][6.992s][info][gc,phases      ] GC(36)   Post Evacuate Collection Set: 0.42ms
[2026-04-03T01:14:54.910+0600][6.992s][info][gc,phases      ] GC(36)   Other: 0.12ms
[2026-04-03T01:14:54.910+0600][6.992s][info][gc,heap        ] GC(36) Eden regions: 124->0(124)
[2026-04-03T01:14:54.911+0600][6.992s][info][gc,heap        ] GC(36) Survivor regions: 3->3(16)
[2026-04-03T01:14:54.911+0600][6.992s][info][gc,heap        ] GC(36) Old regions: 7->7
[2026-04-03T01:14:54.911+0600][6.992s][info][gc,heap        ] GC(36) Humongous regions: 6->6
[2026-04-03T01:14:54.911+0600][6.992s][info][gc,metaspace   ] GC(36) Metaspace: 6230K(6464K)->6230K(6464K) NonClass: 5622K(5760K)->5622K(5760K) Class: 607K(704K)->607K(704K)
[2026-04-03T01:14:54.911+0600][6.993s][info][gc             ] GC(36) Pause Young (Normal) (G1 Evacuation Pause) 274M->26M(426M) 3.045ms
[2026-04-03T01:14:54.911+0600][6.993s][info][gc,cpu         ] GC(36) User=0.02s Sys=0.00s Real=0.01s
[2026-04-03T01:14:55.070+0600][7.152s][info][gc,start       ] GC(37) Pause Young (Normal) (G1 Evacuation Pause)
[2026-04-03T01:14:55.070+0600][7.152s][info][gc,task        ] GC(37) Using 10 workers of 10 for evacuation
[2026-04-03T01:14:55.072+0600][7.154s][info][gc,phases      ] GC(37)   Pre Evacuate Collection Set: 0.29ms
[2026-04-03T01:14:55.072+0600][7.154s][info][gc,phases      ] GC(37)   Merge Heap Roots: 0.10ms
[2026-04-03T01:14:55.072+0600][7.154s][info][gc,phases      ] GC(37)   Evacuate Collection Set: 1.33ms
[2026-04-03T01:14:55.072+0600][7.154s][info][gc,phases      ] GC(37)   Post Evacuate Collection Set: 0.60ms
[2026-04-03T01:14:55.072+0600][7.154s][info][gc,phases      ] GC(37)   Other: 0.14ms
[2026-04-03T01:14:55.072+0600][7.154s][info][gc,heap        ] GC(37) Eden regions: 124->0(124)
[2026-04-03T01:14:55.072+0600][7.154s][info][gc,heap        ] GC(37) Survivor regions: 3->3(16)
[2026-04-03T01:14:55.072+0600][7.154s][info][gc,heap        ] GC(37) Old regions: 7->7
[2026-04-03T01:14:55.072+0600][7.154s][info][gc,heap        ] GC(37) Humongous regions: 6->6
[2026-04-03T01:14:55.072+0600][7.154s][info][gc,metaspace   ] GC(37) Metaspace: 6230K(6464K)->6230K(6464K) NonClass: 5622K(5760K)->5622K(5760K) Class: 607K(704K)->607K(704K)
[2026-04-03T01:14:55.072+0600][7.154s][info][gc             ] GC(37) Pause Young (Normal) (G1 Evacuation Pause) 274M->26M(426M) 2.719ms
[2026-04-03T01:14:55.072+0600][7.154s][info][gc,cpu         ] GC(37) User=0.02s Sys=0.00s Real=0.01s
[2026-04-03T01:14:55.213+0600][7.295s][info][gc,start       ] GC(38) Pause Young (Normal) (G1 Evacuation Pause)
[2026-04-03T01:14:55.213+0600][7.295s][info][gc,task        ] GC(38) Using 10 workers of 10 for evacuation
[2026-04-03T01:14:55.216+0600][7.297s][info][gc,phases      ] GC(38)   Pre Evacuate Collection Set: 0.24ms
[2026-04-03T01:14:55.216+0600][7.297s][info][gc,phases      ] GC(38)   Merge Heap Roots: 0.09ms
[2026-04-03T01:14:55.216+0600][7.297s][info][gc,phases      ] GC(38)   Evacuate Collection Set: 1.49ms
[2026-04-03T01:14:55.216+0600][7.298s][info][gc,phases      ] GC(38)   Post Evacuate Collection Set: 0.60ms
[2026-04-03T01:14:55.216+0600][7.298s][info][gc,phases      ] GC(38)   Other: 0.08ms
[2026-04-03T01:14:55.216+0600][7.298s][info][gc,heap        ] GC(38) Eden regions: 124->0(124)
[2026-04-03T01:14:55.216+0600][7.298s][info][gc,heap        ] GC(38) Survivor regions: 3->3(16)
[2026-04-03T01:14:55.216+0600][7.298s][info][gc,heap        ] GC(38) Old regions: 7->7
[2026-04-03T01:14:55.216+0600][7.298s][info][gc,heap        ] GC(38) Humongous regions: 6->6
[2026-04-03T01:14:55.216+0600][7.298s][info][gc,metaspace   ] GC(38) Metaspace: 6230K(6464K)->6230K(6464K) NonClass: 5622K(5760K)->5622K(5760K) Class: 607K(704K)->607K(704K)
[2026-04-03T01:14:55.216+0600][7.298s][info][gc             ] GC(38) Pause Young (Normal) (G1 Evacuation Pause) 274M->26M(426M) 2.746ms
[2026-04-03T01:14:55.216+0600][7.298s][info][gc,cpu         ] GC(38) User=0.02s Sys=0.00s Real=0.00s
[2026-04-03T01:14:55.370+0600][7.452s][info][gc,start       ] GC(39) Pause Young (Normal) (G1 Evacuation Pause)
[2026-04-03T01:14:55.370+0600][7.452s][info][gc,task        ] GC(39) Using 10 workers of 10 for evacuation
[2026-04-03T01:14:55.372+0600][7.454s][info][gc,phases      ] GC(39)   Pre Evacuate Collection Set: 0.19ms
[2026-04-03T01:14:55.372+0600][7.454s][info][gc,phases      ] GC(39)   Merge Heap Roots: 0.10ms
[2026-04-03T01:14:55.372+0600][7.454s][info][gc,phases      ] GC(39)   Evacuate Collection Set: 1.41ms
[2026-04-03T01:14:55.372+0600][7.454s][info][gc,phases      ] GC(39)   Post Evacuate Collection Set: 0.36ms
[2026-04-03T01:14:55.372+0600][7.454s][info][gc,phases      ] GC(39)   Other: 0.08ms
[2026-04-03T01:14:55.372+0600][7.454s][info][gc,heap        ] GC(39) Eden regions: 124->0(124)
[2026-04-03T01:14:55.372+0600][7.454s][info][gc,heap        ] GC(39) Survivor regions: 3->3(16)
[2026-04-03T01:14:55.372+0600][7.454s][info][gc,heap        ] GC(39) Old regions: 7->7
[2026-04-03T01:14:55.372+0600][7.454s][info][gc,heap        ] GC(39) Humongous regions: 6->6
[2026-04-03T01:14:55.372+0600][7.454s][info][gc,metaspace   ] GC(39) Metaspace: 6230K(6464K)->6230K(6464K) NonClass: 5622K(5760K)->5622K(5760K) Class: 607K(704K)->607K(704K)
[2026-04-03T01:14:55.372+0600][7.454s][info][gc             ] GC(39) Pause Young (Normal) (G1 Evacuation Pause) 274M->26M(426M) 2.396ms
[2026-04-03T01:14:55.372+0600][7.454s][info][gc,cpu         ] GC(39) User=0.02s Sys=0.00s Real=0.00s
[2026-04-03T01:14:55.556+0600][7.638s][info][gc,start       ] GC(40) Pause Young (Normal) (G1 Evacuation Pause)
[2026-04-03T01:14:55.556+0600][7.638s][info][gc,task        ] GC(40) Using 10 workers of 10 for evacuation
[2026-04-03T01:14:55.558+0600][7.640s][info][gc,phases      ] GC(40)   Pre Evacuate Collection Set: 0.21ms
[2026-04-03T01:14:55.558+0600][7.640s][info][gc,phases      ] GC(40)   Merge Heap Roots: 0.09ms
[2026-04-03T01:14:55.558+0600][7.640s][info][gc,phases      ] GC(40)   Evacuate Collection Set: 1.31ms
[2026-04-03T01:14:55.558+0600][7.640s][info][gc,phases      ] GC(40)   Post Evacuate Collection Set: 0.38ms
[2026-04-03T01:14:55.558+0600][7.640s][info][gc,phases      ] GC(40)   Other: 0.08ms
[2026-04-03T01:14:55.558+0600][7.640s][info][gc,heap        ] GC(40) Eden regions: 124->0(124)
[2026-04-03T01:14:55.558+0600][7.640s][info][gc,heap        ] GC(40) Survivor regions: 3->3(16)
[2026-04-03T01:14:55.558+0600][7.640s][info][gc,heap        ] GC(40) Old regions: 7->7
[2026-04-03T01:14:55.558+0600][7.640s][info][gc,heap        ] GC(40) Humongous regions: 6->6
[2026-04-03T01:14:55.558+0600][7.640s][info][gc,metaspace   ] GC(40) Metaspace: 6230K(6464K)->6230K(6464K) NonClass: 5622K(5760K)->5622K(5760K) Class: 607K(704K)->607K(704K)
[2026-04-03T01:14:55.558+0600][7.640s][info][gc             ] GC(40) Pause Young (Normal) (G1 Evacuation Pause) 274M->26M(426M) 2.271ms
[2026-04-03T01:14:55.558+0600][7.640s][info][gc,cpu         ] GC(40) User=0.01s Sys=0.00s Real=0.00s
[2026-04-03T01:14:55.760+0600][7.842s][info][gc,start       ] GC(41) Pause Young (Normal) (G1 Evacuation Pause)
[2026-04-03T01:14:55.760+0600][7.842s][info][gc,task        ] GC(41) Using 10 workers of 10 for evacuation
[2026-04-03T01:14:55.762+0600][7.844s][info][gc,phases      ] GC(41)   Pre Evacuate Collection Set: 0.21ms
[2026-04-03T01:14:55.762+0600][7.844s][info][gc,phases      ] GC(41)   Merge Heap Roots: 0.12ms
[2026-04-03T01:14:55.762+0600][7.844s][info][gc,phases      ] GC(41)   Evacuate Collection Set: 1.35ms
[2026-04-03T01:14:55.762+0600][7.844s][info][gc,phases      ] GC(41)   Post Evacuate Collection Set: 0.37ms
[2026-04-03T01:14:55.762+0600][7.844s][info][gc,phases      ] GC(41)   Other: 0.09ms
[2026-04-03T01:14:55.762+0600][7.844s][info][gc,heap        ] GC(41) Eden regions: 124->0(124)
[2026-04-03T01:14:55.762+0600][7.844s][info][gc,heap        ] GC(41) Survivor regions: 3->3(16)
[2026-04-03T01:14:55.762+0600][7.844s][info][gc,heap        ] GC(41) Old regions: 7->7
[2026-04-03T01:14:55.762+0600][7.844s][info][gc,heap        ] GC(41) Humongous regions: 6->6
[2026-04-03T01:14:55.762+0600][7.844s][info][gc,metaspace   ] GC(41) Metaspace: 6230K(6464K)->6230K(6464K) NonClass: 5622K(5760K)->5622K(5760K) Class: 607K(704K)->607K(704K)
[2026-04-03T01:14:55.762+0600][7.844s][info][gc             ] GC(41) Pause Young (Normal) (G1 Evacuation Pause) 274M->26M(426M) 2.369ms
[2026-04-03T01:14:55.762+0600][7.844s][info][gc,cpu         ] GC(41) User=0.01s Sys=0.00s Real=0.00s
[2026-04-03T01:14:55.971+0600][8.053s][info][gc,start       ] GC(42) Pause Young (Normal) (G1 Evacuation Pause)
[2026-04-03T01:14:55.971+0600][8.053s][info][gc,task        ] GC(42) Using 10 workers of 10 for evacuation
[2026-04-03T01:14:55.974+0600][8.056s][info][gc,phases      ] GC(42)   Pre Evacuate Collection Set: 0.31ms
[2026-04-03T01:14:55.974+0600][8.056s][info][gc,phases      ] GC(42)   Merge Heap Roots: 0.14ms
[2026-04-03T01:14:55.974+0600][8.056s][info][gc,phases      ] GC(42)   Evacuate Collection Set: 1.55ms
[2026-04-03T01:14:55.974+0600][8.056s][info][gc,phases      ] GC(42)   Post Evacuate Collection Set: 0.44ms
[2026-04-03T01:14:55.974+0600][8.056s][info][gc,phases      ] GC(42)   Other: 0.10ms
[2026-04-03T01:14:55.974+0600][8.056s][info][gc,heap        ] GC(42) Eden regions: 124->0(124)
[2026-04-03T01:14:55.974+0600][8.056s][info][gc,heap        ] GC(42) Survivor regions: 3->3(16)
[2026-04-03T01:14:55.974+0600][8.056s][info][gc,heap        ] GC(42) Old regions: 7->7
[2026-04-03T01:14:55.974+0600][8.056s][info][gc,heap        ] GC(42) Humongous regions: 6->6
[2026-04-03T01:14:55.974+0600][8.056s][info][gc,metaspace   ] GC(42) Metaspace: 6230K(6464K)->6230K(6464K) NonClass: 5622K(5760K)->5622K(5760K) Class: 607K(704K)->607K(704K)
[2026-04-03T01:14:55.974+0600][8.056s][info][gc             ] GC(42) Pause Young (Normal) (G1 Evacuation Pause) 274M->26M(426M) 2.949ms
[2026-04-03T01:14:55.974+0600][8.056s][info][gc,cpu         ] GC(42) User=0.02s Sys=0.00s Real=0.00s
[2026-04-03T01:14:56.184+0600][8.266s][info][gc,start       ] GC(43) Pause Young (Normal) (G1 Evacuation Pause)
[2026-04-03T01:14:56.184+0600][8.266s][info][gc,task        ] GC(43) Using 10 workers of 10 for evacuation
[2026-04-03T01:14:56.187+0600][8.269s][info][gc,phases      ] GC(43)   Pre Evacuate Collection Set: 0.33ms
[2026-04-03T01:14:56.187+0600][8.269s][info][gc,phases      ] GC(43)   Merge Heap Roots: 0.12ms
[2026-04-03T01:14:56.187+0600][8.269s][info][gc,phases      ] GC(43)   Evacuate Collection Set: 1.42ms
[2026-04-03T01:14:56.187+0600][8.269s][info][gc,phases      ] GC(43)   Post Evacuate Collection Set: 0.72ms
[2026-04-03T01:14:56.187+0600][8.269s][info][gc,phases      ] GC(43)   Other: 0.10ms
[2026-04-03T01:14:56.187+0600][8.269s][info][gc,heap        ] GC(43) Eden regions: 124->0(124)
[2026-04-03T01:14:56.187+0600][8.269s][info][gc,heap        ] GC(43) Survivor regions: 3->3(16)
[2026-04-03T01:14:56.187+0600][8.269s][info][gc,heap        ] GC(43) Old regions: 7->7
[2026-04-03T01:14:56.187+0600][8.269s][info][gc,heap        ] GC(43) Humongous regions: 6->6
[2026-04-03T01:14:56.187+0600][8.269s][info][gc,metaspace   ] GC(43) Metaspace: 6230K(6464K)->6230K(6464K) NonClass: 5622K(5760K)->5622K(5760K) Class: 607K(704K)->607K(704K)
[2026-04-03T01:14:56.187+0600][8.269s][info][gc             ] GC(43) Pause Young (Normal) (G1 Evacuation Pause) 274M->26M(426M) 3.153ms
[2026-04-03T01:14:56.187+0600][8.269s][info][gc,cpu         ] GC(43) User=0.02s Sys=0.00s Real=0.00s
[2026-04-03T01:14:56.398+0600][8.480s][info][gc,start       ] GC(44) Pause Young (Normal) (G1 Evacuation Pause)
[2026-04-03T01:14:56.398+0600][8.480s][info][gc,task        ] GC(44) Using 10 workers of 10 for evacuation
[2026-04-03T01:14:56.401+0600][8.483s][info][gc,phases      ] GC(44)   Pre Evacuate Collection Set: 0.40ms
[2026-04-03T01:14:56.401+0600][8.483s][info][gc,phases      ] GC(44)   Merge Heap Roots: 0.18ms
[2026-04-03T01:14:56.401+0600][8.483s][info][gc,phases      ] GC(44)   Evacuate Collection Set: 1.73ms
[2026-04-03T01:14:56.401+0600][8.483s][info][gc,phases      ] GC(44)   Post Evacuate Collection Set: 0.41ms
[2026-04-03T01:14:56.401+0600][8.483s][info][gc,phases      ] GC(44)   Other: 0.11ms
[2026-04-03T01:14:56.401+0600][8.483s][info][gc,heap        ] GC(44) Eden regions: 124->0(124)
[2026-04-03T01:14:56.401+0600][8.483s][info][gc,heap        ] GC(44) Survivor regions: 3->3(16)
[2026-04-03T01:14:56.401+0600][8.483s][info][gc,heap        ] GC(44) Old regions: 7->7
[2026-04-03T01:14:56.401+0600][8.483s][info][gc,heap        ] GC(44) Humongous regions: 6->6
[2026-04-03T01:14:56.401+0600][8.483s][info][gc,metaspace   ] GC(44) Metaspace: 6230K(6464K)->6230K(6464K) NonClass: 5622K(5760K)->5622K(5760K) Class: 607K(704K)->607K(704K)
[2026-04-03T01:14:56.401+0600][8.483s][info][gc             ] GC(44) Pause Young (Normal) (G1 Evacuation Pause) 274M->26M(426M) 3.150ms
[2026-04-03T01:14:56.401+0600][8.483s][info][gc,cpu         ] GC(44) User=0.02s Sys=0.00s Real=0.01s
[2026-04-03T01:14:56.618+0600][8.700s][info][gc,start       ] GC(45) Pause Young (Normal) (G1 Evacuation Pause)
[2026-04-03T01:14:56.619+0600][8.701s][info][gc,task        ] GC(45) Using 10 workers of 10 for evacuation
[2026-04-03T01:14:56.622+0600][8.704s][info][gc,phases      ] GC(45)   Pre Evacuate Collection Set: 0.27ms
[2026-04-03T01:14:56.622+0600][8.704s][info][gc,phases      ] GC(45)   Merge Heap Roots: 0.11ms
[2026-04-03T01:14:56.622+0600][8.704s][info][gc,phases      ] GC(45)   Evacuate Collection Set: 2.19ms
[2026-04-03T01:14:56.622+0600][8.704s][info][gc,phases      ] GC(45)   Post Evacuate Collection Set: 0.49ms
[2026-04-03T01:14:56.622+0600][8.704s][info][gc,phases      ] GC(45)   Other: 0.25ms
[2026-04-03T01:14:56.622+0600][8.704s][info][gc,heap        ] GC(45) Eden regions: 124->0(124)
[2026-04-03T01:14:56.622+0600][8.704s][info][gc,heap        ] GC(45) Survivor regions: 3->3(16)
[2026-04-03T01:14:56.622+0600][8.704s][info][gc,heap        ] GC(45) Old regions: 7->7
[2026-04-03T01:14:56.622+0600][8.704s][info][gc,heap        ] GC(45) Humongous regions: 6->6
[2026-04-03T01:14:56.622+0600][8.704s][info][gc,metaspace   ] GC(45) Metaspace: 6230K(6464K)->6230K(6464K) NonClass: 5622K(5760K)->5622K(5760K) Class: 607K(704K)->607K(704K)
[2026-04-03T01:14:56.622+0600][8.704s][info][gc             ] GC(45) Pause Young (Normal) (G1 Evacuation Pause) 274M->26M(426M) 3.611ms
[2026-04-03T01:14:56.622+0600][8.704s][info][gc,cpu         ] GC(45) User=0.02s Sys=0.00s Real=0.01s
[2026-04-03T01:14:56.792+0600][8.874s][info][gc,start       ] GC(46) Pause Young (Normal) (G1 Evacuation Pause)
[2026-04-03T01:14:56.792+0600][8.874s][info][gc,task        ] GC(46) Using 10 workers of 10 for evacuation
[2026-04-03T01:14:56.794+0600][8.876s][info][gc,phases      ] GC(46)   Pre Evacuate Collection Set: 0.21ms
[2026-04-03T01:14:56.794+0600][8.876s][info][gc,phases      ] GC(46)   Merge Heap Roots: 0.11ms
[2026-04-03T01:14:56.794+0600][8.876s][info][gc,phases      ] GC(46)   Evacuate Collection Set: 1.26ms
[2026-04-03T01:14:56.794+0600][8.876s][info][gc,phases      ] GC(46)   Post Evacuate Collection Set: 0.50ms
[2026-04-03T01:14:56.794+0600][8.876s][info][gc,phases      ] GC(46)   Other: 0.09ms
[2026-04-03T01:14:56.794+0600][8.876s][info][gc,heap        ] GC(46) Eden regions: 124->0(124)
[2026-04-03T01:14:56.794+0600][8.876s][info][gc,heap        ] GC(46) Survivor regions: 3->3(16)
[2026-04-03T01:14:56.794+0600][8.876s][info][gc,heap        ] GC(46) Old regions: 7->7
[2026-04-03T01:14:56.794+0600][8.876s][info][gc,heap        ] GC(46) Humongous regions: 6->6
[2026-04-03T01:14:56.794+0600][8.876s][info][gc,metaspace   ] GC(46) Metaspace: 6230K(6464K)->6230K(6464K) NonClass: 5622K(5760K)->5622K(5760K) Class: 607K(704K)->607K(704K)
[2026-04-03T01:14:56.794+0600][8.876s][info][gc             ] GC(46) Pause Young (Normal) (G1 Evacuation Pause) 274M->26M(426M) 2.399ms
[2026-04-03T01:14:56.794+0600][8.876s][info][gc,cpu         ] GC(46) User=0.01s Sys=0.00s Real=0.00s
[2026-04-03T01:14:57.000+0600][9.082s][info][gc,start       ] GC(47) Pause Young (Normal) (G1 Evacuation Pause)
[2026-04-03T01:14:57.000+0600][9.082s][info][gc,task        ] GC(47) Using 10 workers of 10 for evacuation
[2026-04-03T01:14:57.003+0600][9.085s][info][gc,phases      ] GC(47)   Pre Evacuate Collection Set: 0.19ms
[2026-04-03T01:14:57.003+0600][9.085s][info][gc,phases      ] GC(47)   Merge Heap Roots: 0.12ms
[2026-04-03T01:14:57.003+0600][9.085s][info][gc,phases      ] GC(47)   Evacuate Collection Set: 1.51ms
[2026-04-03T01:14:57.003+0600][9.085s][info][gc,phases      ] GC(47)   Post Evacuate Collection Set: 0.56ms
[2026-04-03T01:14:57.003+0600][9.085s][info][gc,phases      ] GC(47)   Other: 0.08ms
[2026-04-03T01:14:57.003+0600][9.085s][info][gc,heap        ] GC(47) Eden regions: 124->0(124)
[2026-04-03T01:14:57.003+0600][9.085s][info][gc,heap        ] GC(47) Survivor regions: 3->3(16)
[2026-04-03T01:14:57.003+0600][9.085s][info][gc,heap        ] GC(47) Old regions: 7->7
[2026-04-03T01:14:57.003+0600][9.085s][info][gc,heap        ] GC(47) Humongous regions: 6->6
[2026-04-03T01:14:57.003+0600][9.085s][info][gc,metaspace   ] GC(47) Metaspace: 6230K(6464K)->6230K(6464K) NonClass: 5622K(5760K)->5622K(5760K) Class: 607K(704K)->607K(704K)
[2026-04-03T01:14:57.003+0600][9.085s][info][gc             ] GC(47) Pause Young (Normal) (G1 Evacuation Pause) 274M->26M(426M) 2.770ms
[2026-04-03T01:14:57.003+0600][9.085s][info][gc,cpu         ] GC(47) User=0.01s Sys=0.00s Real=0.00s
[2026-04-03T01:14:57.236+0600][9.318s][info][gc,start       ] GC(48) Pause Young (Normal) (G1 Evacuation Pause)
[2026-04-03T01:14:57.236+0600][9.318s][info][gc,task        ] GC(48) Using 10 workers of 10 for evacuation
[2026-04-03T01:14:57.239+0600][9.321s][info][gc,phases      ] GC(48)   Pre Evacuate Collection Set: 0.39ms
[2026-04-03T01:14:57.239+0600][9.321s][info][gc,phases      ] GC(48)   Merge Heap Roots: 0.12ms
[2026-04-03T01:14:57.239+0600][9.321s][info][gc,phases      ] GC(48)   Evacuate Collection Set: 1.69ms
[2026-04-03T01:14:57.239+0600][9.321s][info][gc,phases      ] GC(48)   Post Evacuate Collection Set: 0.63ms
[2026-04-03T01:14:57.239+0600][9.321s][info][gc,phases      ] GC(48)   Other: 0.12ms
[2026-04-03T01:14:57.239+0600][9.321s][info][gc,heap        ] GC(48) Eden regions: 124->0(124)
[2026-04-03T01:14:57.239+0600][9.321s][info][gc,heap        ] GC(48) Survivor regions: 3->3(16)
[2026-04-03T01:14:57.239+0600][9.321s][info][gc,heap        ] GC(48) Old regions: 7->7
[2026-04-03T01:14:57.239+0600][9.321s][info][gc,heap        ] GC(48) Humongous regions: 6->6
[2026-04-03T01:14:57.239+0600][9.321s][info][gc,metaspace   ] GC(48) Metaspace: 6230K(6464K)->6230K(6464K) NonClass: 5622K(5760K)->5622K(5760K) Class: 607K(704K)->607K(704K)
[2026-04-03T01:14:57.239+0600][9.321s][info][gc             ] GC(48) Pause Young (Normal) (G1 Evacuation Pause) 274M->26M(426M) 3.361ms
[2026-04-03T01:14:57.239+0600][9.321s][info][gc,cpu         ] GC(48) User=0.02s Sys=0.00s Real=0.00s
[2026-04-03T01:14:57.484+0600][9.566s][info][gc,start       ] GC(49) Pause Young (Normal) (G1 Evacuation Pause)
[2026-04-03T01:14:57.484+0600][9.566s][info][gc,task        ] GC(49) Using 10 workers of 10 for evacuation
[2026-04-03T01:14:57.486+0600][9.568s][info][gc,phases      ] GC(49)   Pre Evacuate Collection Set: 0.28ms
[2026-04-03T01:14:57.487+0600][9.568s][info][gc,phases      ] GC(49)   Merge Heap Roots: 0.13ms
[2026-04-03T01:14:57.487+0600][9.568s][info][gc,phases      ] GC(49)   Evacuate Collection Set: 1.61ms
[2026-04-03T01:14:57.487+0600][9.569s][info][gc,phases      ] GC(49)   Post Evacuate Collection Set: 0.43ms
[2026-04-03T01:14:57.487+0600][9.569s][info][gc,phases      ] GC(49)   Other: 0.09ms
[2026-04-03T01:14:57.487+0600][9.569s][info][gc,heap        ] GC(49) Eden regions: 124->0(124)
[2026-04-03T01:14:57.487+0600][9.569s][info][gc,heap        ] GC(49) Survivor regions: 3->3(16)
[2026-04-03T01:14:57.487+0600][9.569s][info][gc,heap        ] GC(49) Old regions: 7->7
[2026-04-03T01:14:57.487+0600][9.569s][info][gc,heap        ] GC(49) Humongous regions: 6->6
[2026-04-03T01:14:57.487+0600][9.569s][info][gc,metaspace   ] GC(49) Metaspace: 6230K(6464K)->6230K(6464K) NonClass: 5622K(5760K)->5622K(5760K) Class: 607K(704K)->607K(704K)
[2026-04-03T01:14:57.487+0600][9.569s][info][gc             ] GC(49) Pause Young (Normal) (G1 Evacuation Pause) 274M->26M(426M) 2.798ms
[2026-04-03T01:14:57.487+0600][9.569s][info][gc,cpu         ] GC(49) User=0.02s Sys=0.00s Real=0.00s
[2026-04-03T01:14:57.714+0600][9.796s][info][gc,start       ] GC(50) Pause Young (Normal) (G1 Evacuation Pause)
[2026-04-03T01:14:57.715+0600][9.796s][info][gc,task        ] GC(50) Using 10 workers of 10 for evacuation
[2026-04-03T01:14:57.717+0600][9.799s][info][gc,phases      ] GC(50)   Pre Evacuate Collection Set: 0.21ms
[2026-04-03T01:14:57.717+0600][9.799s][info][gc,phases      ] GC(50)   Merge Heap Roots: 0.08ms
[2026-04-03T01:14:57.717+0600][9.799s][info][gc,phases      ] GC(50)   Evacuate Collection Set: 2.05ms
[2026-04-03T01:14:57.717+0600][9.799s][info][gc,phases      ] GC(50)   Post Evacuate Collection Set: 0.46ms
[2026-04-03T01:14:57.718+0600][9.799s][info][gc,phases      ] GC(50)   Other: 0.09ms
[2026-04-03T01:14:57.718+0600][9.799s][info][gc,heap        ] GC(50) Eden regions: 124->0(124)
[2026-04-03T01:14:57.718+0600][9.799s][info][gc,heap        ] GC(50) Survivor regions: 3->3(16)
[2026-04-03T01:14:57.718+0600][9.800s][info][gc,heap        ] GC(50) Old regions: 7->7
[2026-04-03T01:14:57.718+0600][9.800s][info][gc,heap        ] GC(50) Humongous regions: 6->6
[2026-04-03T01:14:57.718+0600][9.800s][info][gc,metaspace   ] GC(50) Metaspace: 6230K(6464K)->6230K(6464K) NonClass: 5622K(5760K)->5622K(5760K) Class: 607K(704K)->607K(704K)
[2026-04-03T01:14:57.718+0600][9.800s][info][gc             ] GC(50) Pause Young (Normal) (G1 Evacuation Pause) 274M->26M(426M) 3.189ms
[2026-04-03T01:14:57.718+0600][9.800s][info][gc,cpu         ] GC(50) User=0.01s Sys=0.00s Real=0.00s
[2026-04-03T01:14:58.184+0600][10.266s][info][gc,start       ] GC(51) Pause Young (Normal) (G1 Evacuation Pause)
[2026-04-03T01:14:58.184+0600][10.266s][info][gc,task        ] GC(51) Using 10 workers of 10 for evacuation
[2026-04-03T01:14:58.186+0600][10.268s][info][gc,phases      ] GC(51)   Pre Evacuate Collection Set: 0.19ms
[2026-04-03T01:14:58.186+0600][10.268s][info][gc,phases      ] GC(51)   Merge Heap Roots: 0.12ms
[2026-04-03T01:14:58.186+0600][10.268s][info][gc,phases      ] GC(51)   Evacuate Collection Set: 1.58ms
[2026-04-03T01:14:58.186+0600][10.268s][info][gc,phases      ] GC(51)   Post Evacuate Collection Set: 0.37ms
[2026-04-03T01:14:58.186+0600][10.268s][info][gc,phases      ] GC(51)   Other: 0.10ms
[2026-04-03T01:14:58.186+0600][10.268s][info][gc,heap        ] GC(51) Eden regions: 124->0(124)
[2026-04-03T01:14:58.187+0600][10.268s][info][gc,heap        ] GC(51) Survivor regions: 3->3(16)
[2026-04-03T01:14:58.187+0600][10.268s][info][gc,heap        ] GC(51) Old regions: 7->7
[2026-04-03T01:14:58.187+0600][10.268s][info][gc,heap        ] GC(51) Humongous regions: 6->6
[2026-04-03T01:14:58.187+0600][10.268s][info][gc,metaspace   ] GC(51) Metaspace: 6235K(6464K)->6235K(6464K) NonClass: 5628K(5760K)->5628K(5760K) Class: 607K(704K)->607K(704K)
[2026-04-03T01:14:58.187+0600][10.269s][info][gc             ] GC(51) Pause Young (Normal) (G1 Evacuation Pause) 274M->26M(426M) 2.682ms
[2026-04-03T01:14:58.187+0600][10.269s][info][gc,cpu         ] GC(51) User=0.02s Sys=0.00s Real=0.00s
[2026-04-03T01:14:58.454+0600][10.536s][info][gc,start       ] GC(52) Pause Young (Normal) (G1 Evacuation Pause)
[2026-04-03T01:14:58.454+0600][10.536s][info][gc,task        ] GC(52) Using 10 workers of 10 for evacuation
[2026-04-03T01:14:58.456+0600][10.538s][info][gc,phases      ] GC(52)   Pre Evacuate Collection Set: 0.27ms
[2026-04-03T01:14:58.456+0600][10.538s][info][gc,phases      ] GC(52)   Merge Heap Roots: 0.11ms
[2026-04-03T01:14:58.456+0600][10.538s][info][gc,phases      ] GC(52)   Evacuate Collection Set: 1.41ms
[2026-04-03T01:14:58.456+0600][10.538s][info][gc,phases      ] GC(52)   Post Evacuate Collection Set: 0.40ms
[2026-04-03T01:14:58.456+0600][10.538s][info][gc,phases      ] GC(52)   Other: 0.08ms
[2026-04-03T01:14:58.456+0600][10.538s][info][gc,heap        ] GC(52) Eden regions: 124->0(124)
[2026-04-03T01:14:58.456+0600][10.538s][info][gc,heap        ] GC(52) Survivor regions: 3->3(16)
[2026-04-03T01:14:58.456+0600][10.538s][info][gc,heap        ] GC(52) Old regions: 7->7
[2026-04-03T01:14:58.456+0600][10.538s][info][gc,heap        ] GC(52) Humongous regions: 6->6
[2026-04-03T01:14:58.456+0600][10.538s][info][gc,metaspace   ] GC(52) Metaspace: 6235K(6464K)->6235K(6464K) NonClass: 5628K(5760K)->5628K(5760K) Class: 607K(704K)->607K(704K)
[2026-04-03T01:14:58.456+0600][10.538s][info][gc             ] GC(52) Pause Young (Normal) (G1 Evacuation Pause) 274M->26M(426M) 2.505ms
[2026-04-03T01:14:58.457+0600][10.538s][info][gc,cpu         ] GC(52) User=0.02s Sys=0.00s Real=0.00s
[2026-04-03T01:14:58.676+0600][10.758s][info][gc,start       ] GC(53) Pause Young (Normal) (G1 Evacuation Pause)
[2026-04-03T01:14:58.676+0600][10.758s][info][gc,task        ] GC(53) Using 10 workers of 10 for evacuation
[2026-04-03T01:14:58.679+0600][10.760s][info][gc,phases      ] GC(53)   Pre Evacuate Collection Set: 0.28ms
[2026-04-03T01:14:58.679+0600][10.761s][info][gc,phases      ] GC(53)   Merge Heap Roots: 0.10ms
[2026-04-03T01:14:58.679+0600][10.761s][info][gc,phases      ] GC(53)   Evacuate Collection Set: 1.45ms
[2026-04-03T01:14:58.679+0600][10.761s][info][gc,phases      ] GC(53)   Post Evacuate Collection Set: 0.53ms
[2026-04-03T01:14:58.679+0600][10.761s][info][gc,phases      ] GC(53)   Other: 0.09ms
[2026-04-03T01:14:58.679+0600][10.761s][info][gc,heap        ] GC(53) Eden regions: 124->0(124)
[2026-04-03T01:14:58.679+0600][10.761s][info][gc,heap        ] GC(53) Survivor regions: 3->3(16)
[2026-04-03T01:14:58.679+0600][10.761s][info][gc,heap        ] GC(53) Old regions: 7->7
[2026-04-03T01:14:58.679+0600][10.761s][info][gc,heap        ] GC(53) Humongous regions: 6->6
[2026-04-03T01:14:58.679+0600][10.761s][info][gc,metaspace   ] GC(53) Metaspace: 6235K(6464K)->6235K(6464K) NonClass: 5628K(5760K)->5628K(5760K) Class: 607K(704K)->607K(704K)
[2026-04-03T01:14:58.679+0600][10.761s][info][gc             ] GC(53) Pause Young (Normal) (G1 Evacuation Pause) 274M->26M(426M) 2.765ms
[2026-04-03T01:14:58.679+0600][10.761s][info][gc,cpu         ] GC(53) User=0.01s Sys=0.00s Real=0.00s
[2026-04-03T01:14:58.880+0600][10.962s][info][gc,start       ] GC(54) Pause Young (Normal) (G1 Evacuation Pause)
[2026-04-03T01:14:58.880+0600][10.962s][info][gc,task        ] GC(54) Using 10 workers of 10 for evacuation
[2026-04-03T01:14:58.882+0600][10.964s][info][gc,phases      ] GC(54)   Pre Evacuate Collection Set: 0.21ms
[2026-04-03T01:14:58.882+0600][10.964s][info][gc,phases      ] GC(54)   Merge Heap Roots: 0.15ms
[2026-04-03T01:14:58.882+0600][10.964s][info][gc,phases      ] GC(54)   Evacuate Collection Set: 1.61ms
[2026-04-03T01:14:58.882+0600][10.964s][info][gc,phases      ] GC(54)   Post Evacuate Collection Set: 0.49ms
[2026-04-03T01:14:58.883+0600][10.964s][info][gc,phases      ] GC(54)   Other: 0.09ms
[2026-04-03T01:14:58.883+0600][10.964s][info][gc,heap        ] GC(54) Eden regions: 124->0(124)
[2026-04-03T01:14:58.883+0600][10.964s][info][gc,heap        ] GC(54) Survivor regions: 3->3(16)
[2026-04-03T01:14:58.883+0600][10.964s][info][gc,heap        ] GC(54) Old regions: 7->7
[2026-04-03T01:14:58.883+0600][10.964s][info][gc,heap        ] GC(54) Humongous regions: 6->6
[2026-04-03T01:14:58.883+0600][10.964s][info][gc,metaspace   ] GC(54) Metaspace: 6235K(6464K)->6235K(6464K) NonClass: 5628K(5760K)->5628K(5760K) Class: 607K(704K)->607K(704K)
[2026-04-03T01:14:58.883+0600][10.965s][info][gc             ] GC(54) Pause Young (Normal) (G1 Evacuation Pause) 274M->26M(426M) 2.848ms
[2026-04-03T01:14:58.883+0600][10.965s][info][gc,cpu         ] GC(54) User=0.02s Sys=0.00s Real=0.00s
[2026-04-03T01:14:59.093+0600][11.174s][info][gc,start       ] GC(55) Pause Young (Normal) (G1 Evacuation Pause)
[2026-04-03T01:14:59.093+0600][11.175s][info][gc,task        ] GC(55) Using 10 workers of 10 for evacuation
[2026-04-03T01:14:59.096+0600][11.178s][info][gc,phases      ] GC(55)   Pre Evacuate Collection Set: 0.39ms
[2026-04-03T01:14:59.096+0600][11.178s][info][gc,phases      ] GC(55)   Merge Heap Roots: 0.23ms
[2026-04-03T01:14:59.096+0600][11.178s][info][gc,phases      ] GC(55)   Evacuate Collection Set: 1.48ms
[2026-04-03T01:14:59.096+0600][11.178s][info][gc,phases      ] GC(55)   Post Evacuate Collection Set: 0.74ms
[2026-04-03T01:14:59.096+0600][11.178s][info][gc,phases      ] GC(55)   Other: 0.12ms
[2026-04-03T01:14:59.096+0600][11.178s][info][gc,heap        ] GC(55) Eden regions: 124->0(124)
[2026-04-03T01:14:59.096+0600][11.178s][info][gc,heap        ] GC(55) Survivor regions: 3->3(16)
[2026-04-03T01:14:59.096+0600][11.178s][info][gc,heap        ] GC(55) Old regions: 7->7
[2026-04-03T01:14:59.096+0600][11.178s][info][gc,heap        ] GC(55) Humongous regions: 6->6
[2026-04-03T01:14:59.096+0600][11.178s][info][gc,metaspace   ] GC(55) Metaspace: 6235K(6464K)->6235K(6464K) NonClass: 5628K(5760K)->5628K(5760K) Class: 607K(704K)->607K(704K)
[2026-04-03T01:14:59.096+0600][11.178s][info][gc             ] GC(55) Pause Young (Normal) (G1 Evacuation Pause) 274M->26M(426M) 3.298ms
[2026-04-03T01:14:59.096+0600][11.178s][info][gc,cpu         ] GC(55) User=0.01s Sys=0.00s Real=0.00s
[2026-04-03T01:14:59.317+0600][11.399s][info][gc,start       ] GC(56) Pause Young (Normal) (G1 Evacuation Pause)
[2026-04-03T01:14:59.317+0600][11.399s][info][gc,task        ] GC(56) Using 10 workers of 10 for evacuation
[2026-04-03T01:14:59.320+0600][11.402s][info][gc,phases      ] GC(56)   Pre Evacuate Collection Set: 0.33ms
[2026-04-03T01:14:59.320+0600][11.402s][info][gc,phases      ] GC(56)   Merge Heap Roots: 0.13ms
[2026-04-03T01:14:59.320+0600][11.402s][info][gc,phases      ] GC(56)   Evacuate Collection Set: 1.40ms
[2026-04-03T01:14:59.320+0600][11.402s][info][gc,phases      ] GC(56)   Post Evacuate Collection Set: 0.35ms
[2026-04-03T01:14:59.320+0600][11.402s][info][gc,phases      ] GC(56)   Other: 0.09ms
[2026-04-03T01:14:59.320+0600][11.402s][info][gc,heap        ] GC(56) Eden regions: 124->0(124)
[2026-04-03T01:14:59.320+0600][11.402s][info][gc,heap        ] GC(56) Survivor regions: 3->3(16)
[2026-04-03T01:14:59.320+0600][11.402s][info][gc,heap        ] GC(56) Old regions: 7->7
[2026-04-03T01:14:59.320+0600][11.402s][info][gc,heap        ] GC(56) Humongous regions: 6->6
[2026-04-03T01:14:59.320+0600][11.402s][info][gc,metaspace   ] GC(56) Metaspace: 6235K(6464K)->6235K(6464K) NonClass: 5628K(5760K)->5628K(5760K) Class: 607K(704K)->607K(704K)
[2026-04-03T01:14:59.320+0600][11.402s][info][gc             ] GC(56) Pause Young (Normal) (G1 Evacuation Pause) 274M->26M(426M) 2.656ms
[2026-04-03T01:14:59.320+0600][11.402s][info][gc,cpu         ] GC(56) User=0.02s Sys=0.00s Real=0.01s
[2026-04-03T01:14:59.542+0600][11.624s][info][gc,start       ] GC(57) Pause Young (Normal) (G1 Evacuation Pause)
[2026-04-03T01:14:59.542+0600][11.624s][info][gc,task        ] GC(57) Using 10 workers of 10 for evacuation
[2026-04-03T01:14:59.544+0600][11.626s][info][gc,phases      ] GC(57)   Pre Evacuate Collection Set: 0.34ms
[2026-04-03T01:14:59.544+0600][11.626s][info][gc,phases      ] GC(57)   Merge Heap Roots: 0.09ms
[2026-04-03T01:14:59.544+0600][11.626s][info][gc,phases      ] GC(57)   Evacuate Collection Set: 1.13ms
[2026-04-03T01:14:59.544+0600][11.626s][info][gc,phases      ] GC(57)   Post Evacuate Collection Set: 0.37ms
[2026-04-03T01:14:59.544+0600][11.626s][info][gc,phases      ] GC(57)   Other: 0.09ms
[2026-04-03T01:14:59.544+0600][11.626s][info][gc,heap        ] GC(57) Eden regions: 124->0(125)
[2026-04-03T01:14:59.544+0600][11.626s][info][gc,heap        ] GC(57) Survivor regions: 3->2(16)
[2026-04-03T01:14:59.544+0600][11.626s][info][gc,heap        ] GC(57) Old regions: 7->7
[2026-04-03T01:14:59.544+0600][11.626s][info][gc,heap        ] GC(57) Humongous regions: 6->6
[2026-04-03T01:14:59.544+0600][11.626s][info][gc,metaspace   ] GC(57) Metaspace: 6235K(6464K)->6235K(6464K) NonClass: 5628K(5760K)->5628K(5760K) Class: 607K(704K)->607K(704K)
[2026-04-03T01:14:59.544+0600][11.626s][info][gc             ] GC(57) Pause Young (Normal) (G1 Evacuation Pause) 274M->26M(426M) 2.234ms
[2026-04-03T01:14:59.544+0600][11.626s][info][gc,cpu         ] GC(57) User=0.02s Sys=0.00s Real=0.00s
[2026-04-03T01:14:59.762+0600][11.844s][info][gc,start       ] GC(58) Pause Young (Normal) (G1 Evacuation Pause)
[2026-04-03T01:14:59.762+0600][11.844s][info][gc,task        ] GC(58) Using 10 workers of 10 for evacuation
[2026-04-03T01:14:59.764+0600][11.846s][info][gc,phases      ] GC(58)   Pre Evacuate Collection Set: 0.26ms
[2026-04-03T01:14:59.764+0600][11.846s][info][gc,phases      ] GC(58)   Merge Heap Roots: 0.14ms
[2026-04-03T01:14:59.764+0600][11.846s][info][gc,phases      ] GC(58)   Evacuate Collection Set: 1.23ms
[2026-04-03T01:14:59.764+0600][11.846s][info][gc,phases      ] GC(58)   Post Evacuate Collection Set: 0.55ms
[2026-04-03T01:14:59.764+0600][11.846s][info][gc,phases      ] GC(58)   Other: 0.33ms
[2026-04-03T01:14:59.764+0600][11.846s][info][gc,heap        ] GC(58) Eden regions: 125->0(124)
[2026-04-03T01:14:59.764+0600][11.846s][info][gc,heap        ] GC(58) Survivor regions: 2->3(16)
[2026-04-03T01:14:59.764+0600][11.846s][info][gc,heap        ] GC(58) Old regions: 7->7
[2026-04-03T01:14:59.764+0600][11.846s][info][gc,heap        ] GC(58) Humongous regions: 6->6
[2026-04-03T01:14:59.764+0600][11.846s][info][gc,metaspace   ] GC(58) Metaspace: 6235K(6464K)->6235K(6464K) NonClass: 5628K(5760K)->5628K(5760K) Class: 607K(704K)->607K(704K)
[2026-04-03T01:14:59.764+0600][11.846s][info][gc             ] GC(58) Pause Young (Normal) (G1 Evacuation Pause) 276M->26M(426M) 2.829ms
[2026-04-03T01:14:59.764+0600][11.846s][info][gc,cpu         ] GC(58) User=0.02s Sys=0.00s Real=0.00s
[2026-04-03T01:14:59.991+0600][12.073s][info][gc,start       ] GC(59) Pause Young (Normal) (G1 Evacuation Pause)
[2026-04-03T01:14:59.991+0600][12.073s][info][gc,task        ] GC(59) Using 10 workers of 10 for evacuation
[2026-04-03T01:14:59.994+0600][12.076s][info][gc,phases      ] GC(59)   Pre Evacuate Collection Set: 0.25ms
[2026-04-03T01:14:59.994+0600][12.076s][info][gc,phases      ] GC(59)   Merge Heap Roots: 0.27ms
[2026-04-03T01:14:59.994+0600][12.076s][info][gc,phases      ] GC(59)   Evacuate Collection Set: 1.63ms
[2026-04-03T01:14:59.994+0600][12.076s][info][gc,phases      ] GC(59)   Post Evacuate Collection Set: 0.69ms
[2026-04-03T01:14:59.994+0600][12.076s][info][gc,phases      ] GC(59)   Other: 0.12ms
[2026-04-03T01:14:59.994+0600][12.076s][info][gc,heap        ] GC(59) Eden regions: 124->0(124)
[2026-04-03T01:14:59.994+0600][12.076s][info][gc,heap        ] GC(59) Survivor regions: 3->3(16)
[2026-04-03T01:14:59.994+0600][12.076s][info][gc,heap        ] GC(59) Old regions: 7->7
[2026-04-03T01:14:59.994+0600][12.076s][info][gc,heap        ] GC(59) Humongous regions: 6->6
[2026-04-03T01:14:59.994+0600][12.076s][info][gc,metaspace   ] GC(59) Metaspace: 6235K(6464K)->6235K(6464K) NonClass: 5628K(5760K)->5628K(5760K) Class: 607K(704K)->607K(704K)
[2026-04-03T01:14:59.994+0600][12.076s][info][gc             ] GC(59) Pause Young (Normal) (G1 Evacuation Pause) 274M->26M(426M) 3.293ms
[2026-04-03T01:14:59.994+0600][12.076s][info][gc,cpu         ] GC(59) User=0.02s Sys=0.00s Real=0.00s
[2026-04-03T01:15:00.408+0600][12.490s][info][gc,start       ] GC(60) Pause Young (Normal) (G1 Evacuation Pause)
[2026-04-03T01:15:00.409+0600][12.490s][info][gc,task        ] GC(60) Using 10 workers of 10 for evacuation
[2026-04-03T01:15:00.411+0600][12.493s][info][gc,phases      ] GC(60)   Pre Evacuate Collection Set: 0.32ms
[2026-04-03T01:15:00.411+0600][12.493s][info][gc,phases      ] GC(60)   Merge Heap Roots: 0.12ms
[2026-04-03T01:15:00.411+0600][12.493s][info][gc,phases      ] GC(60)   Evacuate Collection Set: 1.47ms
[2026-04-03T01:15:00.411+0600][12.493s][info][gc,phases      ] GC(60)   Post Evacuate Collection Set: 0.47ms
[2026-04-03T01:15:00.411+0600][12.493s][info][gc,phases      ] GC(60)   Other: 0.11ms
[2026-04-03T01:15:00.411+0600][12.493s][info][gc,heap        ] GC(60) Eden regions: 124->0(124)
[2026-04-03T01:15:00.411+0600][12.493s][info][gc,heap        ] GC(60) Survivor regions: 3->3(16)
[2026-04-03T01:15:00.411+0600][12.493s][info][gc,heap        ] GC(60) Old regions: 7->7
[2026-04-03T01:15:00.411+0600][12.493s][info][gc,heap        ] GC(60) Humongous regions: 6->6
[2026-04-03T01:15:00.411+0600][12.493s][info][gc,metaspace   ] GC(60) Metaspace: 6235K(6464K)->6235K(6464K) NonClass: 5628K(5760K)->5628K(5760K) Class: 607K(704K)->607K(704K)
[2026-04-03T01:15:00.411+0600][12.493s][info][gc             ] GC(60) Pause Young (Normal) (G1 Evacuation Pause) 274M->26M(426M) 2.756ms
[2026-04-03T01:15:00.411+0600][12.493s][info][gc,cpu         ] GC(60) User=0.02s Sys=0.00s Real=0.01s
[2026-04-03T01:15:00.621+0600][12.703s][info][gc,start       ] GC(61) Pause Young (Normal) (G1 Evacuation Pause)
[2026-04-03T01:15:00.621+0600][12.703s][info][gc,task        ] GC(61) Using 10 workers of 10 for evacuation
[2026-04-03T01:15:00.624+0600][12.706s][info][gc,phases      ] GC(61)   Pre Evacuate Collection Set: 0.41ms
[2026-04-03T01:15:00.624+0600][12.706s][info][gc,phases      ] GC(61)   Merge Heap Roots: 0.12ms
[2026-04-03T01:15:00.624+0600][12.706s][info][gc,phases      ] GC(61)   Evacuate Collection Set: 1.47ms
[2026-04-03T01:15:00.624+0600][12.706s][info][gc,phases      ] GC(61)   Post Evacuate Collection Set: 0.62ms
[2026-04-03T01:15:00.624+0600][12.706s][info][gc,phases      ] GC(61)   Other: 0.10ms
[2026-04-03T01:15:00.624+0600][12.706s][info][gc,heap        ] GC(61) Eden regions: 124->0(124)
[2026-04-03T01:15:00.624+0600][12.706s][info][gc,heap        ] GC(61) Survivor regions: 3->3(16)
[2026-04-03T01:15:00.624+0600][12.706s][info][gc,heap        ] GC(61) Old regions: 7->7
[2026-04-03T01:15:00.624+0600][12.706s][info][gc,heap        ] GC(61) Humongous regions: 6->6
[2026-04-03T01:15:00.624+0600][12.706s][info][gc,metaspace   ] GC(61) Metaspace: 6235K(6464K)->6235K(6464K) NonClass: 5628K(5760K)->5628K(5760K) Class: 607K(704K)->607K(704K)
[2026-04-03T01:15:00.624+0600][12.706s][info][gc             ] GC(61) Pause Young (Normal) (G1 Evacuation Pause) 274M->26M(426M) 3.204ms
[2026-04-03T01:15:00.624+0600][12.706s][info][gc,cpu         ] GC(61) User=0.01s Sys=0.00s Real=0.00s
[2026-04-03T01:15:00.817+0600][12.899s][info][gc,start       ] GC(62) Pause Young (Normal) (G1 Evacuation Pause)
[2026-04-03T01:15:00.817+0600][12.899s][info][gc,task        ] GC(62) Using 10 workers of 10 for evacuation
[2026-04-03T01:15:00.820+0600][12.902s][info][gc,phases      ] GC(62)   Pre Evacuate Collection Set: 0.46ms
[2026-04-03T01:15:00.820+0600][12.902s][info][gc,phases      ] GC(62)   Merge Heap Roots: 0.11ms
[2026-04-03T01:15:00.820+0600][12.902s][info][gc,phases      ] GC(62)   Evacuate Collection Set: 1.26ms
[2026-04-03T01:15:00.820+0600][12.902s][info][gc,phases      ] GC(62)   Post Evacuate Collection Set: 0.57ms
[2026-04-03T01:15:00.820+0600][12.902s][info][gc,phases      ] GC(62)   Other: 0.27ms
[2026-04-03T01:15:00.820+0600][12.902s][info][gc,heap        ] GC(62) Eden regions: 124->0(124)
[2026-04-03T01:15:00.820+0600][12.902s][info][gc,heap        ] GC(62) Survivor regions: 3->3(16)
[2026-04-03T01:15:00.820+0600][12.902s][info][gc,heap        ] GC(62) Old regions: 7->7
[2026-04-03T01:15:00.820+0600][12.902s][info][gc,heap        ] GC(62) Humongous regions: 6->6
[2026-04-03T01:15:00.820+0600][12.902s][info][gc,metaspace   ] GC(62) Metaspace: 6235K(6464K)->6235K(6464K) NonClass: 5628K(5760K)->5628K(5760K) Class: 607K(704K)->607K(704K)
[2026-04-03T01:15:00.820+0600][12.902s][info][gc             ] GC(62) Pause Young (Normal) (G1 Evacuation Pause) 274M->26M(426M) 2.969ms
[2026-04-03T01:15:00.820+0600][12.902s][info][gc,cpu         ] GC(62) User=0.01s Sys=0.00s Real=0.01s
[2026-04-03T01:15:01.006+0600][13.088s][info][gc,start       ] GC(63) Pause Young (Normal) (G1 Evacuation Pause)
[2026-04-03T01:15:01.006+0600][13.088s][info][gc,task        ] GC(63) Using 10 workers of 10 for evacuation
[2026-04-03T01:15:01.009+0600][13.091s][info][gc,phases      ] GC(63)   Pre Evacuate Collection Set: 0.28ms
[2026-04-03T01:15:01.009+0600][13.091s][info][gc,phases      ] GC(63)   Merge Heap Roots: 0.09ms
[2026-04-03T01:15:01.009+0600][13.091s][info][gc,phases      ] GC(63)   Evacuate Collection Set: 1.64ms
[2026-04-03T01:15:01.009+0600][13.091s][info][gc,phases      ] GC(63)   Post Evacuate Collection Set: 0.58ms
[2026-04-03T01:15:01.009+0600][13.091s][info][gc,phases      ] GC(63)   Other: 0.11ms
[2026-04-03T01:15:01.009+0600][13.091s][info][gc,heap        ] GC(63) Eden regions: 124->0(124)
[2026-04-03T01:15:01.009+0600][13.091s][info][gc,heap        ] GC(63) Survivor regions: 3->3(16)
[2026-04-03T01:15:01.009+0600][13.091s][info][gc,heap        ] GC(63) Old regions: 7->7
[2026-04-03T01:15:01.009+0600][13.091s][info][gc,heap        ] GC(63) Humongous regions: 6->6
[2026-04-03T01:15:01.009+0600][13.091s][info][gc,metaspace   ] GC(63) Metaspace: 6235K(6464K)->6235K(6464K) NonClass: 5628K(5760K)->5628K(5760K) Class: 607K(704K)->607K(704K)
[2026-04-03T01:15:01.009+0600][13.091s][info][gc             ] GC(63) Pause Young (Normal) (G1 Evacuation Pause) 274M->26M(426M) 2.948ms
[2026-04-03T01:15:01.009+0600][13.091s][info][gc,cpu         ] GC(63) User=0.02s Sys=0.00s Real=0.00s
[2026-04-03T01:15:01.191+0600][13.273s][info][gc,start       ] GC(64) Pause Young (Normal) (G1 Evacuation Pause)
[2026-04-03T01:15:01.192+0600][13.274s][info][gc,task        ] GC(64) Using 10 workers of 10 for evacuation
[2026-04-03T01:15:01.194+0600][13.276s][info][gc,phases      ] GC(64)   Pre Evacuate Collection Set: 0.25ms
[2026-04-03T01:15:01.194+0600][13.276s][info][gc,phases      ] GC(64)   Merge Heap Roots: 0.12ms
[2026-04-03T01:15:01.194+0600][13.276s][info][gc,phases      ] GC(64)   Evacuate Collection Set: 1.36ms
[2026-04-03T01:15:01.194+0600][13.276s][info][gc,phases      ] GC(64)   Post Evacuate Collection Set: 0.42ms
[2026-04-03T01:15:01.194+0600][13.276s][info][gc,phases      ] GC(64)   Other: 0.13ms
[2026-04-03T01:15:01.194+0600][13.276s][info][gc,heap        ] GC(64) Eden regions: 124->0(124)
[2026-04-03T01:15:01.194+0600][13.276s][info][gc,heap        ] GC(64) Survivor regions: 3->3(16)
[2026-04-03T01:15:01.194+0600][13.276s][info][gc,heap        ] GC(64) Old regions: 7->7
[2026-04-03T01:15:01.194+0600][13.276s][info][gc,heap        ] GC(64) Humongous regions: 6->6
[2026-04-03T01:15:01.194+0600][13.276s][info][gc,metaspace   ] GC(64) Metaspace: 6235K(6464K)->6235K(6464K) NonClass: 5628K(5760K)->5628K(5760K) Class: 607K(704K)->607K(704K)
[2026-04-03T01:15:01.194+0600][13.276s][info][gc             ] GC(64) Pause Young (Normal) (G1 Evacuation Pause) 274M->26M(426M) 2.567ms
[2026-04-03T01:15:01.194+0600][13.276s][info][gc,cpu         ] GC(64) User=0.01s Sys=0.00s Real=0.00s
[2026-04-03T01:15:01.390+0600][13.472s][info][gc,start       ] GC(65) Pause Young (Normal) (G1 Evacuation Pause)
[2026-04-03T01:15:01.390+0600][13.472s][info][gc,task        ] GC(65) Using 10 workers of 10 for evacuation
[2026-04-03T01:15:01.393+0600][13.475s][info][gc,phases      ] GC(65)   Pre Evacuate Collection Set: 0.25ms
[2026-04-03T01:15:01.393+0600][13.475s][info][gc,phases      ] GC(65)   Merge Heap Roots: 0.16ms
[2026-04-03T01:15:01.393+0600][13.475s][info][gc,phases      ] GC(65)   Evacuate Collection Set: 1.36ms
[2026-04-03T01:15:01.393+0600][13.475s][info][gc,phases      ] GC(65)   Post Evacuate Collection Set: 0.86ms
[2026-04-03T01:15:01.393+0600][13.475s][info][gc,phases      ] GC(65)   Other: 0.09ms
[2026-04-03T01:15:01.393+0600][13.475s][info][gc,heap        ] GC(65) Eden regions: 124->0(124)
[2026-04-03T01:15:01.393+0600][13.475s][info][gc,heap        ] GC(65) Survivor regions: 3->3(16)
[2026-04-03T01:15:01.393+0600][13.475s][info][gc,heap        ] GC(65) Old regions: 7->7
[2026-04-03T01:15:01.393+0600][13.475s][info][gc,heap        ] GC(65) Humongous regions: 6->6
[2026-04-03T01:15:01.393+0600][13.475s][info][gc,metaspace   ] GC(65) Metaspace: 6235K(6464K)->6235K(6464K) NonClass: 5628K(5760K)->5628K(5760K) Class: 607K(704K)->607K(704K)
[2026-04-03T01:15:01.393+0600][13.475s][info][gc             ] GC(65) Pause Young (Normal) (G1 Evacuation Pause) 274M->26M(426M) 3.029ms
[2026-04-03T01:15:01.393+0600][13.475s][info][gc,cpu         ] GC(65) User=0.01s Sys=0.00s Real=0.00s
[2026-04-03T01:15:01.548+0600][13.630s][info][gc,start       ] GC(66) Pause Young (Normal) (G1 Evacuation Pause)
[2026-04-03T01:15:01.548+0600][13.630s][info][gc,task        ] GC(66) Using 10 workers of 10 for evacuation
[2026-04-03T01:15:01.551+0600][13.633s][info][gc,phases      ] GC(66)   Pre Evacuate Collection Set: 0.28ms
[2026-04-03T01:15:01.551+0600][13.633s][info][gc,phases      ] GC(66)   Merge Heap Roots: 0.18ms
[2026-04-03T01:15:01.551+0600][13.633s][info][gc,phases      ] GC(66)   Evacuate Collection Set: 1.96ms
[2026-04-03T01:15:01.551+0600][13.633s][info][gc,phases      ] GC(66)   Post Evacuate Collection Set: 0.64ms
[2026-04-03T01:15:01.551+0600][13.633s][info][gc,phases      ] GC(66)   Other: 0.14ms
[2026-04-03T01:15:01.551+0600][13.633s][info][gc,heap        ] GC(66) Eden regions: 124->0(124)
[2026-04-03T01:15:01.551+0600][13.633s][info][gc,heap        ] GC(66) Survivor regions: 3->3(16)
[2026-04-03T01:15:01.551+0600][13.633s][info][gc,heap        ] GC(66) Old regions: 7->7
[2026-04-03T01:15:01.551+0600][13.633s][info][gc,heap        ] GC(66) Humongous regions: 6->6
[2026-04-03T01:15:01.551+0600][13.633s][info][gc,metaspace   ] GC(66) Metaspace: 6235K(6464K)->6235K(6464K) NonClass: 5628K(5760K)->5628K(5760K) Class: 607K(704K)->607K(704K)
[2026-04-03T01:15:01.551+0600][13.633s][info][gc             ] GC(66) Pause Young (Normal) (G1 Evacuation Pause) 274M->26M(426M) 3.523ms
[2026-04-03T01:15:01.551+0600][13.633s][info][gc,cpu         ] GC(66) User=0.02s Sys=0.00s Real=0.01s
[2026-04-03T01:15:01.758+0600][13.840s][info][gc,start       ] GC(67) Pause Young (Normal) (G1 Evacuation Pause)
[2026-04-03T01:15:01.758+0600][13.840s][info][gc,task        ] GC(67) Using 10 workers of 10 for evacuation
[2026-04-03T01:15:01.760+0600][13.842s][info][gc,phases      ] GC(67)   Pre Evacuate Collection Set: 0.25ms
[2026-04-03T01:15:01.760+0600][13.842s][info][gc,phases      ] GC(67)   Merge Heap Roots: 0.14ms
[2026-04-03T01:15:01.760+0600][13.842s][info][gc,phases      ] GC(67)   Evacuate Collection Set: 1.43ms
[2026-04-03T01:15:01.761+0600][13.842s][info][gc,phases      ] GC(67)   Post Evacuate Collection Set: 0.39ms
[2026-04-03T01:15:01.761+0600][13.842s][info][gc,phases      ] GC(67)   Other: 0.09ms
[2026-04-03T01:15:01.761+0600][13.842s][info][gc,heap        ] GC(67) Eden regions: 124->0(124)
[2026-04-03T01:15:01.761+0600][13.842s][info][gc,heap        ] GC(67) Survivor regions: 3->3(16)
[2026-04-03T01:15:01.761+0600][13.842s][info][gc,heap        ] GC(67) Old regions: 7->7
[2026-04-03T01:15:01.761+0600][13.842s][info][gc,heap        ] GC(67) Humongous regions: 6->6
[2026-04-03T01:15:01.761+0600][13.842s][info][gc,metaspace   ] GC(67) Metaspace: 6235K(6464K)->6235K(6464K) NonClass: 5628K(5760K)->5628K(5760K) Class: 607K(704K)->607K(704K)
[2026-04-03T01:15:01.761+0600][13.843s][info][gc             ] GC(67) Pause Young (Normal) (G1 Evacuation Pause) 274M->26M(426M) 2.553ms
[2026-04-03T01:15:01.761+0600][13.843s][info][gc,cpu         ] GC(67) User=0.01s Sys=0.00s Real=0.01s
[2026-04-03T01:15:01.933+0600][14.015s][info][gc,start       ] GC(68) Pause Young (Normal) (G1 Evacuation Pause)
[2026-04-03T01:15:01.933+0600][14.015s][info][gc,task        ] GC(68) Using 10 workers of 10 for evacuation
[2026-04-03T01:15:01.935+0600][14.017s][info][gc,phases      ] GC(68)   Pre Evacuate Collection Set: 0.38ms
[2026-04-03T01:15:01.935+0600][14.017s][info][gc,phases      ] GC(68)   Merge Heap Roots: 0.09ms
[2026-04-03T01:15:01.935+0600][14.017s][info][gc,phases      ] GC(68)   Evacuate Collection Set: 1.20ms
[2026-04-03T01:15:01.935+0600][14.017s][info][gc,phases      ] GC(68)   Post Evacuate Collection Set: 0.58ms
[2026-04-03T01:15:01.935+0600][14.017s][info][gc,phases      ] GC(68)   Other: 0.10ms
[2026-04-03T01:15:01.935+0600][14.017s][info][gc,heap        ] GC(68) Eden regions: 124->0(124)
[2026-04-03T01:15:01.935+0600][14.017s][info][gc,heap        ] GC(68) Survivor regions: 3->3(16)
[2026-04-03T01:15:01.935+0600][14.017s][info][gc,heap        ] GC(68) Old regions: 7->7
[2026-04-03T01:15:01.935+0600][14.017s][info][gc,heap        ] GC(68) Humongous regions: 6->6
[2026-04-03T01:15:01.935+0600][14.017s][info][gc,metaspace   ] GC(68) Metaspace: 6235K(6464K)->6235K(6464K) NonClass: 5628K(5760K)->5628K(5760K) Class: 607K(704K)->607K(704K)
[2026-04-03T01:15:01.935+0600][14.017s][info][gc             ] GC(68) Pause Young (Normal) (G1 Evacuation Pause) 274M->26M(426M) 2.634ms
[2026-04-03T01:15:01.935+0600][14.017s][info][gc,cpu         ] GC(68) User=0.02s Sys=0.00s Real=0.00s
[2026-04-03T01:15:02.116+0600][14.198s][info][gc,start       ] GC(69) Pause Young (Normal) (G1 Evacuation Pause)
[2026-04-03T01:15:02.116+0600][14.198s][info][gc,task        ] GC(69) Using 10 workers of 10 for evacuation
[2026-04-03T01:15:02.119+0600][14.201s][info][gc,phases      ] GC(69)   Pre Evacuate Collection Set: 0.21ms
[2026-04-03T01:15:02.119+0600][14.201s][info][gc,phases      ] GC(69)   Merge Heap Roots: 0.11ms
[2026-04-03T01:15:02.119+0600][14.201s][info][gc,phases      ] GC(69)   Evacuate Collection Set: 1.67ms
[2026-04-03T01:15:02.119+0600][14.201s][info][gc,phases      ] GC(69)   Post Evacuate Collection Set: 0.49ms
[2026-04-03T01:15:02.119+0600][14.201s][info][gc,phases      ] GC(69)   Other: 0.09ms
[2026-04-03T01:15:02.119+0600][14.201s][info][gc,heap        ] GC(69) Eden regions: 124->0(124)
[2026-04-03T01:15:02.119+0600][14.201s][info][gc,heap        ] GC(69) Survivor regions: 3->3(16)
[2026-04-03T01:15:02.119+0600][14.201s][info][gc,heap        ] GC(69) Old regions: 7->7
[2026-04-03T01:15:02.119+0600][14.201s][info][gc,heap        ] GC(69) Humongous regions: 6->6
[2026-04-03T01:15:02.119+0600][14.201s][info][gc,metaspace   ] GC(69) Metaspace: 6235K(6464K)->6235K(6464K) NonClass: 5628K(5760K)->5628K(5760K) Class: 607K(704K)->607K(704K)
[2026-04-03T01:15:02.119+0600][14.201s][info][gc             ] GC(69) Pause Young (Normal) (G1 Evacuation Pause) 274M->26M(426M) 2.875ms
[2026-04-03T01:15:02.119+0600][14.201s][info][gc,cpu         ] GC(69) User=0.01s Sys=0.00s Real=0.00s
[2026-04-03T01:15:02.294+0600][14.376s][info][gc,start       ] GC(70) Pause Young (Normal) (G1 Evacuation Pause)
[2026-04-03T01:15:02.294+0600][14.376s][info][gc,task        ] GC(70) Using 10 workers of 10 for evacuation
[2026-04-03T01:15:02.296+0600][14.378s][info][gc,phases      ] GC(70)   Pre Evacuate Collection Set: 0.19ms
[2026-04-03T01:15:02.296+0600][14.378s][info][gc,phases      ] GC(70)   Merge Heap Roots: 0.14ms
[2026-04-03T01:15:02.297+0600][14.378s][info][gc,phases      ] GC(70)   Evacuate Collection Set: 1.73ms
[2026-04-03T01:15:02.297+0600][14.378s][info][gc,phases      ] GC(70)   Post Evacuate Collection Set: 0.49ms
[2026-04-03T01:15:02.297+0600][14.378s][info][gc,phases      ] GC(70)   Other: 0.10ms
[2026-04-03T01:15:02.297+0600][14.378s][info][gc,heap        ] GC(70) Eden regions: 124->0(124)
[2026-04-03T01:15:02.297+0600][14.379s][info][gc,heap        ] GC(70) Survivor regions: 3->3(16)
[2026-04-03T01:15:02.297+0600][14.379s][info][gc,heap        ] GC(70) Old regions: 7->7
[2026-04-03T01:15:02.297+0600][14.379s][info][gc,heap        ] GC(70) Humongous regions: 6->6
[2026-04-03T01:15:02.297+0600][14.379s][info][gc,metaspace   ] GC(70) Metaspace: 6235K(6464K)->6235K(6464K) NonClass: 5628K(5760K)->5628K(5760K) Class: 607K(704K)->607K(704K)
[2026-04-03T01:15:02.297+0600][14.379s][info][gc             ] GC(70) Pause Young (Normal) (G1 Evacuation Pause) 274M->26M(426M) 3.002ms
[2026-04-03T01:15:02.297+0600][14.379s][info][gc,cpu         ] GC(70) User=0.02s Sys=0.00s Real=0.00s
[2026-04-03T01:15:02.485+0600][14.567s][info][gc,start       ] GC(71) Pause Young (Normal) (G1 Evacuation Pause)
[2026-04-03T01:15:02.485+0600][14.567s][info][gc,task        ] GC(71) Using 10 workers of 10 for evacuation
[2026-04-03T01:15:02.488+0600][14.570s][info][gc,phases      ] GC(71)   Pre Evacuate Collection Set: 0.29ms
[2026-04-03T01:15:02.488+0600][14.570s][info][gc,phases      ] GC(71)   Merge Heap Roots: 0.19ms
[2026-04-03T01:15:02.488+0600][14.570s][info][gc,phases      ] GC(71)   Evacuate Collection Set: 1.44ms
[2026-04-03T01:15:02.488+0600][14.570s][info][gc,phases      ] GC(71)   Post Evacuate Collection Set: 0.61ms
[2026-04-03T01:15:02.488+0600][14.570s][info][gc,phases      ] GC(71)   Other: 0.11ms
[2026-04-03T01:15:02.488+0600][14.570s][info][gc,heap        ] GC(71) Eden regions: 124->0(124)
[2026-04-03T01:15:02.488+0600][14.570s][info][gc,heap        ] GC(71) Survivor regions: 3->3(16)
[2026-04-03T01:15:02.488+0600][14.570s][info][gc,heap        ] GC(71) Old regions: 7->7
[2026-04-03T01:15:02.488+0600][14.570s][info][gc,heap        ] GC(71) Humongous regions: 6->6
[2026-04-03T01:15:02.488+0600][14.570s][info][gc,metaspace   ] GC(71) Metaspace: 6235K(6464K)->6235K(6464K) NonClass: 5628K(5760K)->5628K(5760K) Class: 607K(704K)->607K(704K)
[2026-04-03T01:15:02.488+0600][14.570s][info][gc             ] GC(71) Pause Young (Normal) (G1 Evacuation Pause) 274M->26M(426M) 2.981ms
[2026-04-03T01:15:02.488+0600][14.570s][info][gc,cpu         ] GC(71) User=0.01s Sys=0.00s Real=0.00s
[2026-04-03T01:15:02.687+0600][14.769s][info][gc,start       ] GC(72) Pause Young (Normal) (G1 Evacuation Pause)
[2026-04-03T01:15:02.687+0600][14.769s][info][gc,task        ] GC(72) Using 10 workers of 10 for evacuation
[2026-04-03T01:15:02.689+0600][14.771s][info][gc,phases      ] GC(72)   Pre Evacuate Collection Set: 0.34ms
[2026-04-03T01:15:02.690+0600][14.772s][info][gc,phases      ] GC(72)   Merge Heap Roots: 0.15ms
[2026-04-03T01:15:02.690+0600][14.772s][info][gc,phases      ] GC(72)   Evacuate Collection Set: 1.31ms
[2026-04-03T01:15:02.690+0600][14.772s][info][gc,phases      ] GC(72)   Post Evacuate Collection Set: 0.58ms
[2026-04-03T01:15:02.690+0600][14.772s][info][gc,phases      ] GC(72)   Other: 0.09ms
[2026-04-03T01:15:02.690+0600][14.772s][info][gc,heap        ] GC(72) Eden regions: 124->0(124)
[2026-04-03T01:15:02.690+0600][14.772s][info][gc,heap        ] GC(72) Survivor regions: 3->3(16)
[2026-04-03T01:15:02.690+0600][14.772s][info][gc,heap        ] GC(72) Old regions: 7->7
[2026-04-03T01:15:02.690+0600][14.772s][info][gc,heap        ] GC(72) Humongous regions: 6->6
[2026-04-03T01:15:02.690+0600][14.772s][info][gc,metaspace   ] GC(72) Metaspace: 6235K(6464K)->6235K(6464K) NonClass: 5628K(5760K)->5628K(5760K) Class: 607K(704K)->607K(704K)
[2026-04-03T01:15:02.690+0600][14.772s][info][gc             ] GC(72) Pause Young (Normal) (G1 Evacuation Pause) 274M->26M(426M) 3.043ms
[2026-04-03T01:15:02.690+0600][14.772s][info][gc,cpu         ] GC(72) User=0.02s Sys=0.00s Real=0.01s
[2026-04-03T01:15:02.880+0600][14.962s][info][gc,start       ] GC(73) Pause Young (Normal) (G1 Evacuation Pause)
[2026-04-03T01:15:02.880+0600][14.962s][info][gc,task        ] GC(73) Using 10 workers of 10 for evacuation
[2026-04-03T01:15:02.883+0600][14.965s][info][gc,phases      ] GC(73)   Pre Evacuate Collection Set: 0.44ms
[2026-04-03T01:15:02.883+0600][14.965s][info][gc,phases      ] GC(73)   Merge Heap Roots: 0.13ms
[2026-04-03T01:15:02.883+0600][14.965s][info][gc,phases      ] GC(73)   Evacuate Collection Set: 1.54ms
[2026-04-03T01:15:02.883+0600][14.965s][info][gc,phases      ] GC(73)   Post Evacuate Collection Set: 0.59ms
[2026-04-03T01:15:02.883+0600][14.965s][info][gc,phases      ] GC(73)   Other: 0.12ms
[2026-04-03T01:15:02.883+0600][14.965s][info][gc,heap        ] GC(73) Eden regions: 124->0(124)
[2026-04-03T01:15:02.883+0600][14.965s][info][gc,heap        ] GC(73) Survivor regions: 3->3(16)
[2026-04-03T01:15:02.883+0600][14.965s][info][gc,heap        ] GC(73) Old regions: 7->7
[2026-04-03T01:15:02.883+0600][14.965s][info][gc,heap        ] GC(73) Humongous regions: 6->6
[2026-04-03T01:15:02.883+0600][14.965s][info][gc,metaspace   ] GC(73) Metaspace: 6235K(6464K)->6235K(6464K) NonClass: 5628K(5760K)->5628K(5760K) Class: 607K(704K)->607K(704K)
[2026-04-03T01:15:02.883+0600][14.965s][info][gc             ] GC(73) Pause Young (Normal) (G1 Evacuation Pause) 274M->26M(426M) 3.139ms
[2026-04-03T01:15:02.883+0600][14.965s][info][gc,cpu         ] GC(73) User=0.02s Sys=0.00s Real=0.00s
[2026-04-03T01:15:03.087+0600][15.169s][info][gc,start       ] GC(74) Pause Young (Normal) (G1 Evacuation Pause)
[2026-04-03T01:15:03.087+0600][15.169s][info][gc,task        ] GC(74) Using 10 workers of 10 for evacuation
[2026-04-03T01:15:03.090+0600][15.172s][info][gc,phases      ] GC(74)   Pre Evacuate Collection Set: 0.19ms
[2026-04-03T01:15:03.090+0600][15.172s][info][gc,phases      ] GC(74)   Merge Heap Roots: 0.09ms
[2026-04-03T01:15:03.090+0600][15.172s][info][gc,phases      ] GC(74)   Evacuate Collection Set: 1.52ms
[2026-04-03T01:15:03.090+0600][15.172s][info][gc,phases      ] GC(74)   Post Evacuate Collection Set: 0.86ms
[2026-04-03T01:15:03.090+0600][15.172s][info][gc,phases      ] GC(74)   Other: 0.15ms
[2026-04-03T01:15:03.090+0600][15.172s][info][gc,heap        ] GC(74) Eden regions: 124->0(124)
[2026-04-03T01:15:03.090+0600][15.172s][info][gc,heap        ] GC(74) Survivor regions: 3->3(16)
[2026-04-03T01:15:03.090+0600][15.172s][info][gc,heap        ] GC(74) Old regions: 7->7
[2026-04-03T01:15:03.090+0600][15.172s][info][gc,heap        ] GC(74) Humongous regions: 6->6
[2026-04-03T01:15:03.090+0600][15.172s][info][gc,metaspace   ] GC(74) Metaspace: 6235K(6464K)->6235K(6464K) NonClass: 5628K(5760K)->5628K(5760K) Class: 607K(704K)->607K(704K)
[2026-04-03T01:15:03.090+0600][15.172s][info][gc             ] GC(74) Pause Young (Normal) (G1 Evacuation Pause) 274M->26M(426M) 3.070ms
[2026-04-03T01:15:03.090+0600][15.172s][info][gc,cpu         ] GC(74) User=0.01s Sys=0.00s Real=0.01s
[2026-04-03T01:15:03.306+0600][15.388s][info][gc,start       ] GC(75) Pause Young (Normal) (G1 Evacuation Pause)
[2026-04-03T01:15:03.306+0600][15.388s][info][gc,task        ] GC(75) Using 10 workers of 10 for evacuation
[2026-04-03T01:15:03.308+0600][15.390s][info][gc,phases      ] GC(75)   Pre Evacuate Collection Set: 0.24ms
[2026-04-03T01:15:03.308+0600][15.390s][info][gc,phases      ] GC(75)   Merge Heap Roots: 0.11ms
[2026-04-03T01:15:03.308+0600][15.390s][info][gc,phases      ] GC(75)   Evacuate Collection Set: 1.35ms
[2026-04-03T01:15:03.308+0600][15.390s][info][gc,phases      ] GC(75)   Post Evacuate Collection Set: 0.45ms
[2026-04-03T01:15:03.308+0600][15.390s][info][gc,phases      ] GC(75)   Other: 0.11ms
[2026-04-03T01:15:03.308+0600][15.390s][info][gc,heap        ] GC(75) Eden regions: 124->0(124)
[2026-04-03T01:15:03.308+0600][15.390s][info][gc,heap        ] GC(75) Survivor regions: 3->3(16)
[2026-04-03T01:15:03.308+0600][15.390s][info][gc,heap        ] GC(75) Old regions: 7->7
[2026-04-03T01:15:03.308+0600][15.390s][info][gc,heap        ] GC(75) Humongous regions: 6->6
[2026-04-03T01:15:03.308+0600][15.390s][info][gc,metaspace   ] GC(75) Metaspace: 6235K(6464K)->6235K(6464K) NonClass: 5628K(5760K)->5628K(5760K) Class: 607K(704K)->607K(704K)
[2026-04-03T01:15:03.308+0600][15.390s][info][gc             ] GC(75) Pause Young (Normal) (G1 Evacuation Pause) 274M->26M(426M) 2.512ms
[2026-04-03T01:15:03.308+0600][15.390s][info][gc,cpu         ] GC(75) User=0.02s Sys=0.00s Real=0.00s
[2026-04-03T01:15:03.513+0600][15.595s][info][gc,start       ] GC(76) Pause Young (Normal) (G1 Evacuation Pause)
[2026-04-03T01:15:03.513+0600][15.595s][info][gc,task        ] GC(76) Using 10 workers of 10 for evacuation
[2026-04-03T01:15:03.515+0600][15.597s][info][gc,phases      ] GC(76)   Pre Evacuate Collection Set: 0.33ms
[2026-04-03T01:15:03.515+0600][15.597s][info][gc,phases      ] GC(76)   Merge Heap Roots: 0.14ms
[2026-04-03T01:15:03.515+0600][15.597s][info][gc,phases      ] GC(76)   Evacuate Collection Set: 1.20ms
[2026-04-03T01:15:03.515+0600][15.597s][info][gc,phases      ] GC(76)   Post Evacuate Collection Set: 0.57ms
[2026-04-03T01:15:03.515+0600][15.597s][info][gc,phases      ] GC(76)   Other: 0.08ms
[2026-04-03T01:15:03.515+0600][15.597s][info][gc,heap        ] GC(76) Eden regions: 124->0(124)
[2026-04-03T01:15:03.515+0600][15.597s][info][gc,heap        ] GC(76) Survivor regions: 3->3(16)
[2026-04-03T01:15:03.515+0600][15.597s][info][gc,heap        ] GC(76) Old regions: 7->7
[2026-04-03T01:15:03.515+0600][15.597s][info][gc,heap        ] GC(76) Humongous regions: 6->6
[2026-04-03T01:15:03.515+0600][15.597s][info][gc,metaspace   ] GC(76) Metaspace: 6235K(6464K)->6235K(6464K) NonClass: 5628K(5760K)->5628K(5760K) Class: 607K(704K)->607K(704K)
[2026-04-03T01:15:03.516+0600][15.597s][info][gc             ] GC(76) Pause Young (Normal) (G1 Evacuation Pause) 274M->26M(426M) 2.572ms
[2026-04-03T01:15:03.516+0600][15.597s][info][gc,cpu         ] GC(76) User=0.01s Sys=0.00s Real=0.00s
[2026-04-03T01:15:03.681+0600][15.763s][info][gc,start       ] GC(77) Pause Young (Normal) (G1 Evacuation Pause)
[2026-04-03T01:15:03.681+0600][15.763s][info][gc,task        ] GC(77) Using 10 workers of 10 for evacuation
[2026-04-03T01:15:03.684+0600][15.766s][info][gc,phases      ] GC(77)   Pre Evacuate Collection Set: 0.24ms
[2026-04-03T01:15:03.684+0600][15.766s][info][gc,phases      ] GC(77)   Merge Heap Roots: 0.11ms
[2026-04-03T01:15:03.684+0600][15.766s][info][gc,phases      ] GC(77)   Evacuate Collection Set: 1.29ms
[2026-04-03T01:15:03.684+0600][15.766s][info][gc,phases      ] GC(77)   Post Evacuate Collection Set: 0.64ms
[2026-04-03T01:15:03.684+0600][15.766s][info][gc,phases      ] GC(77)   Other: 0.08ms
[2026-04-03T01:15:03.684+0600][15.766s][info][gc,heap        ] GC(77) Eden regions: 124->0(124)
[2026-04-03T01:15:03.684+0600][15.766s][info][gc,heap        ] GC(77) Survivor regions: 3->3(16)
[2026-04-03T01:15:03.684+0600][15.766s][info][gc,heap        ] GC(77) Old regions: 7->7
[2026-04-03T01:15:03.684+0600][15.766s][info][gc,heap        ] GC(77) Humongous regions: 6->6
[2026-04-03T01:15:03.684+0600][15.766s][info][gc,metaspace   ] GC(77) Metaspace: 6235K(6464K)->6235K(6464K) NonClass: 5628K(5760K)->5628K(5760K) Class: 607K(704K)->607K(704K)
[2026-04-03T01:15:03.684+0600][15.766s][info][gc             ] GC(77) Pause Young (Normal) (G1 Evacuation Pause) 274M->26M(426M) 2.630ms
[2026-04-03T01:15:03.684+0600][15.766s][info][gc,cpu         ] GC(77) User=0.02s Sys=0.00s Real=0.00s
[2026-04-03T01:15:03.851+0600][15.933s][info][gc,start       ] GC(78) Pause Young (Normal) (G1 Evacuation Pause)
[2026-04-03T01:15:03.851+0600][15.933s][info][gc,task        ] GC(78) Using 10 workers of 10 for evacuation
[2026-04-03T01:15:03.853+0600][15.935s][info][gc,phases      ] GC(78)   Pre Evacuate Collection Set: 0.21ms
[2026-04-03T01:15:03.853+0600][15.935s][info][gc,phases      ] GC(78)   Merge Heap Roots: 0.09ms
[2026-04-03T01:15:03.853+0600][15.935s][info][gc,phases      ] GC(78)   Evacuate Collection Set: 1.08ms
[2026-04-03T01:15:03.853+0600][15.935s][info][gc,phases      ] GC(78)   Post Evacuate Collection Set: 0.32ms
[2026-04-03T01:15:03.853+0600][15.935s][info][gc,phases      ] GC(78)   Other: 0.09ms
[2026-04-03T01:15:03.853+0600][15.935s][info][gc,heap        ] GC(78) Eden regions: 124->0(124)
[2026-04-03T01:15:03.853+0600][15.935s][info][gc,heap        ] GC(78) Survivor regions: 3->3(16)
[2026-04-03T01:15:03.853+0600][15.935s][info][gc,heap        ] GC(78) Old regions: 7->7
[2026-04-03T01:15:03.853+0600][15.935s][info][gc,heap        ] GC(78) Humongous regions: 6->6
[2026-04-03T01:15:03.853+0600][15.935s][info][gc,metaspace   ] GC(78) Metaspace: 6235K(6464K)->6235K(6464K) NonClass: 5628K(5760K)->5628K(5760K) Class: 607K(704K)->607K(704K)
[2026-04-03T01:15:03.853+0600][15.935s][info][gc             ] GC(78) Pause Young (Normal) (G1 Evacuation Pause) 274M->26M(426M) 2.055ms
[2026-04-03T01:15:03.853+0600][15.935s][info][gc,cpu         ] GC(78) User=0.01s Sys=0.01s Real=0.00s
[2026-04-03T01:15:04.060+0600][16.142s][info][gc,start       ] GC(79) Pause Young (Normal) (G1 Evacuation Pause)
[2026-04-03T01:15:04.060+0600][16.142s][info][gc,task        ] GC(79) Using 10 workers of 10 for evacuation
[2026-04-03T01:15:04.062+0600][16.144s][info][gc,phases      ] GC(79)   Pre Evacuate Collection Set: 0.21ms
[2026-04-03T01:15:04.062+0600][16.144s][info][gc,phases      ] GC(79)   Merge Heap Roots: 0.10ms
[2026-04-03T01:15:04.062+0600][16.144s][info][gc,phases      ] GC(79)   Evacuate Collection Set: 1.16ms
[2026-04-03T01:15:04.062+0600][16.144s][info][gc,phases      ] GC(79)   Post Evacuate Collection Set: 0.37ms
[2026-04-03T01:15:04.062+0600][16.144s][info][gc,phases      ] GC(79)   Other: 0.08ms
[2026-04-03T01:15:04.062+0600][16.144s][info][gc,heap        ] GC(79) Eden regions: 124->0(124)
[2026-04-03T01:15:04.062+0600][16.144s][info][gc,heap        ] GC(79) Survivor regions: 3->3(16)
[2026-04-03T01:15:04.062+0600][16.144s][info][gc,heap        ] GC(79) Old regions: 7->7
[2026-04-03T01:15:04.062+0600][16.144s][info][gc,heap        ] GC(79) Humongous regions: 6->6
[2026-04-03T01:15:04.062+0600][16.144s][info][gc,metaspace   ] GC(79) Metaspace: 6235K(6464K)->6235K(6464K) NonClass: 5628K(5760K)->5628K(5760K) Class: 607K(704K)->607K(704K)
[2026-04-03T01:15:04.062+0600][16.144s][info][gc             ] GC(79) Pause Young (Normal) (G1 Evacuation Pause) 274M->26M(426M) 2.213ms
[2026-04-03T01:15:04.062+0600][16.144s][info][gc,cpu         ] GC(79) User=0.01s Sys=0.00s Real=0.00s
[2026-04-03T01:15:04.276+0600][16.358s][info][gc,start       ] GC(80) Pause Young (Normal) (G1 Evacuation Pause)
[2026-04-03T01:15:04.276+0600][16.358s][info][gc,task        ] GC(80) Using 10 workers of 10 for evacuation
[2026-04-03T01:15:04.278+0600][16.360s][info][gc,phases      ] GC(80)   Pre Evacuate Collection Set: 0.21ms
[2026-04-03T01:15:04.278+0600][16.360s][info][gc,phases      ] GC(80)   Merge Heap Roots: 0.11ms
[2026-04-03T01:15:04.278+0600][16.360s][info][gc,phases      ] GC(80)   Evacuate Collection Set: 1.48ms
[2026-04-03T01:15:04.278+0600][16.360s][info][gc,phases      ] GC(80)   Post Evacuate Collection Set: 0.49ms
[2026-04-03T01:15:04.278+0600][16.360s][info][gc,phases      ] GC(80)   Other: 0.08ms
[2026-04-03T01:15:04.278+0600][16.360s][info][gc,heap        ] GC(80) Eden regions: 124->0(124)
[2026-04-03T01:15:04.278+0600][16.360s][info][gc,heap        ] GC(80) Survivor regions: 3->3(16)
[2026-04-03T01:15:04.278+0600][16.360s][info][gc,heap        ] GC(80) Old regions: 7->7
[2026-04-03T01:15:04.278+0600][16.360s][info][gc,heap        ] GC(80) Humongous regions: 6->6
[2026-04-03T01:15:04.278+0600][16.360s][info][gc,metaspace   ] GC(80) Metaspace: 6235K(6464K)->6235K(6464K) NonClass: 5628K(5760K)->5628K(5760K) Class: 607K(704K)->607K(704K)
[2026-04-03T01:15:04.279+0600][16.360s][info][gc             ] GC(80) Pause Young (Normal) (G1 Evacuation Pause) 274M->26M(426M) 2.659ms
[2026-04-03T01:15:04.279+0600][16.360s][info][gc,cpu         ] GC(80) User=0.02s Sys=0.01s Real=0.00s
[2026-04-03T01:15:04.474+0600][16.556s][info][gc,start       ] GC(81) Pause Young (Normal) (G1 Evacuation Pause)
[2026-04-03T01:15:04.474+0600][16.556s][info][gc,task        ] GC(81) Using 10 workers of 10 for evacuation
[2026-04-03T01:15:04.476+0600][16.558s][info][gc,phases      ] GC(81)   Pre Evacuate Collection Set: 0.20ms
[2026-04-03T01:15:04.477+0600][16.558s][info][gc,phases      ] GC(81)   Merge Heap Roots: 0.09ms
[2026-04-03T01:15:04.477+0600][16.558s][info][gc,phases      ] GC(81)   Evacuate Collection Set: 1.36ms
[2026-04-03T01:15:04.477+0600][16.558s][info][gc,phases      ] GC(81)   Post Evacuate Collection Set: 0.42ms
[2026-04-03T01:15:04.477+0600][16.558s][info][gc,phases      ] GC(81)   Other: 0.08ms
[2026-04-03T01:15:04.477+0600][16.559s][info][gc,heap        ] GC(81) Eden regions: 124->0(124)
[2026-04-03T01:15:04.477+0600][16.559s][info][gc,heap        ] GC(81) Survivor regions: 3->3(16)
[2026-04-03T01:15:04.477+0600][16.559s][info][gc,heap        ] GC(81) Old regions: 7->7
[2026-04-03T01:15:04.477+0600][16.559s][info][gc,heap        ] GC(81) Humongous regions: 6->6
[2026-04-03T01:15:04.477+0600][16.559s][info][gc,metaspace   ] GC(81) Metaspace: 6235K(6464K)->6235K(6464K) NonClass: 5628K(5760K)->5628K(5760K) Class: 607K(704K)->607K(704K)
[2026-04-03T01:15:04.477+0600][16.559s][info][gc             ] GC(81) Pause Young (Normal) (G1 Evacuation Pause) 274M->26M(426M) 2.373ms
[2026-04-03T01:15:04.477+0600][16.559s][info][gc,cpu         ] GC(81) User=0.02s Sys=0.00s Real=0.00s
[2026-04-03T01:15:04.676+0600][16.758s][info][gc,start       ] GC(82) Pause Young (Normal) (G1 Evacuation Pause)
[2026-04-03T01:15:04.676+0600][16.758s][info][gc,task        ] GC(82) Using 10 workers of 10 for evacuation
[2026-04-03T01:15:04.679+0600][16.761s][info][gc,phases      ] GC(82)   Pre Evacuate Collection Set: 0.20ms
[2026-04-03T01:15:04.679+0600][16.761s][info][gc,phases      ] GC(82)   Merge Heap Roots: 0.13ms
[2026-04-03T01:15:04.679+0600][16.761s][info][gc,phases      ] GC(82)   Evacuate Collection Set: 1.57ms
[2026-04-03T01:15:04.679+0600][16.761s][info][gc,phases      ] GC(82)   Post Evacuate Collection Set: 0.62ms
[2026-04-03T01:15:04.679+0600][16.761s][info][gc,phases      ] GC(82)   Other: 0.09ms
[2026-04-03T01:15:04.679+0600][16.761s][info][gc,heap        ] GC(82) Eden regions: 124->0(125)
[2026-04-03T01:15:04.679+0600][16.761s][info][gc,heap        ] GC(82) Survivor regions: 3->2(16)
[2026-04-03T01:15:04.679+0600][16.761s][info][gc,heap        ] GC(82) Old regions: 7->7
[2026-04-03T01:15:04.679+0600][16.761s][info][gc,heap        ] GC(82) Humongous regions: 6->6
[2026-04-03T01:15:04.679+0600][16.761s][info][gc,metaspace   ] GC(82) Metaspace: 6235K(6464K)->6235K(6464K) NonClass: 5628K(5760K)->5628K(5760K) Class: 607K(704K)->607K(704K)
[2026-04-03T01:15:04.679+0600][16.761s][info][gc             ] GC(82) Pause Young (Normal) (G1 Evacuation Pause) 274M->26M(426M) 2.944ms
[2026-04-03T01:15:04.679+0600][16.761s][info][gc,cpu         ] GC(82) User=0.02s Sys=0.00s Real=0.00s
[2026-04-03T01:15:04.886+0600][16.968s][info][gc,start       ] GC(83) Pause Young (Normal) (G1 Evacuation Pause)
[2026-04-03T01:15:04.886+0600][16.968s][info][gc,task        ] GC(83) Using 10 workers of 10 for evacuation
[2026-04-03T01:15:04.889+0600][16.971s][info][gc,phases      ] GC(83)   Pre Evacuate Collection Set: 0.37ms
[2026-04-03T01:15:04.889+0600][16.971s][info][gc,phases      ] GC(83)   Merge Heap Roots: 0.30ms
[2026-04-03T01:15:04.889+0600][16.971s][info][gc,phases      ] GC(83)   Evacuate Collection Set: 1.46ms
[2026-04-03T01:15:04.889+0600][16.971s][info][gc,phases      ] GC(83)   Post Evacuate Collection Set: 0.46ms
[2026-04-03T01:15:04.889+0600][16.971s][info][gc,phases      ] GC(83)   Other: 0.10ms
[2026-04-03T01:15:04.889+0600][16.971s][info][gc,heap        ] GC(83) Eden regions: 125->0(124)
[2026-04-03T01:15:04.889+0600][16.971s][info][gc,heap        ] GC(83) Survivor regions: 2->3(16)
[2026-04-03T01:15:04.889+0600][16.971s][info][gc,heap        ] GC(83) Old regions: 7->7
[2026-04-03T01:15:04.889+0600][16.971s][info][gc,heap        ] GC(83) Humongous regions: 6->6
[2026-04-03T01:15:04.889+0600][16.971s][info][gc,metaspace   ] GC(83) Metaspace: 6235K(6464K)->6235K(6464K) NonClass: 5628K(5760K)->5628K(5760K) Class: 607K(704K)->607K(704K)
[2026-04-03T01:15:04.889+0600][16.971s][info][gc             ] GC(83) Pause Young (Normal) (G1 Evacuation Pause) 276M->26M(426M) 2.931ms
[2026-04-03T01:15:04.889+0600][16.971s][info][gc,cpu         ] GC(83) User=0.02s Sys=0.00s Real=0.00s
[2026-04-03T01:15:05.070+0600][17.152s][info][gc,start       ] GC(84) Pause Young (Normal) (G1 Evacuation Pause)
[2026-04-03T01:15:05.070+0600][17.152s][info][gc,task        ] GC(84) Using 10 workers of 10 for evacuation
[2026-04-03T01:15:05.072+0600][17.154s][info][gc,phases      ] GC(84)   Pre Evacuate Collection Set: 0.20ms
[2026-04-03T01:15:05.072+0600][17.154s][info][gc,phases      ] GC(84)   Merge Heap Roots: 0.12ms
[2026-04-03T01:15:05.072+0600][17.154s][info][gc,phases      ] GC(84)   Evacuate Collection Set: 1.34ms
[2026-04-03T01:15:05.072+0600][17.154s][info][gc,phases      ] GC(84)   Post Evacuate Collection Set: 0.41ms
[2026-04-03T01:15:05.072+0600][17.154s][info][gc,phases      ] GC(84)   Other: 0.08ms
[2026-04-03T01:15:05.072+0600][17.154s][info][gc,heap        ] GC(84) Eden regions: 124->0(124)
[2026-04-03T01:15:05.072+0600][17.154s][info][gc,heap        ] GC(84) Survivor regions: 3->3(16)
[2026-04-03T01:15:05.072+0600][17.154s][info][gc,heap        ] GC(84) Old regions: 7->7
[2026-04-03T01:15:05.072+0600][17.154s][info][gc,heap        ] GC(84) Humongous regions: 6->6
[2026-04-03T01:15:05.072+0600][17.154s][info][gc,metaspace   ] GC(84) Metaspace: 6235K(6464K)->6235K(6464K) NonClass: 5628K(5760K)->5628K(5760K) Class: 607K(704K)->607K(704K)
[2026-04-03T01:15:05.072+0600][17.154s][info][gc             ] GC(84) Pause Young (Normal) (G1 Evacuation Pause) 274M->26M(426M) 2.392ms
[2026-04-03T01:15:05.072+0600][17.154s][info][gc,cpu         ] GC(84) User=0.02s Sys=0.00s Real=0.00s
[2026-04-03T01:15:05.237+0600][17.319s][info][gc,start       ] GC(85) Pause Young (Normal) (G1 Evacuation Pause)
[2026-04-03T01:15:05.237+0600][17.319s][info][gc,task        ] GC(85) Using 10 workers of 10 for evacuation
[2026-04-03T01:15:05.239+0600][17.321s][info][gc,phases      ] GC(85)   Pre Evacuate Collection Set: 0.23ms
[2026-04-03T01:15:05.239+0600][17.321s][info][gc,phases      ] GC(85)   Merge Heap Roots: 0.24ms
[2026-04-03T01:15:05.239+0600][17.321s][info][gc,phases      ] GC(85)   Evacuate Collection Set: 1.30ms
[2026-04-03T01:15:05.239+0600][17.321s][info][gc,phases      ] GC(85)   Post Evacuate Collection Set: 0.53ms
[2026-04-03T01:15:05.239+0600][17.321s][info][gc,phases      ] GC(85)   Other: 0.10ms
[2026-04-03T01:15:05.239+0600][17.321s][info][gc,heap        ] GC(85) Eden regions: 124->0(124)
[2026-04-03T01:15:05.239+0600][17.321s][info][gc,heap        ] GC(85) Survivor regions: 3->3(16)
[2026-04-03T01:15:05.239+0600][17.321s][info][gc,heap        ] GC(85) Old regions: 7->7
[2026-04-03T01:15:05.239+0600][17.321s][info][gc,heap        ] GC(85) Humongous regions: 6->6
[2026-04-03T01:15:05.240+0600][17.321s][info][gc,metaspace   ] GC(85) Metaspace: 6235K(6464K)->6235K(6464K) NonClass: 5628K(5760K)->5628K(5760K) Class: 607K(704K)->607K(704K)
[2026-04-03T01:15:05.240+0600][17.322s][info][gc             ] GC(85) Pause Young (Normal) (G1 Evacuation Pause) 274M->26M(426M) 2.693ms
[2026-04-03T01:15:05.240+0600][17.322s][info][gc,cpu         ] GC(85) User=0.02s Sys=0.00s Real=0.00s
[2026-04-03T01:15:05.417+0600][17.499s][info][gc,start       ] GC(86) Pause Young (Normal) (G1 Evacuation Pause)
[2026-04-03T01:15:05.417+0600][17.499s][info][gc,task        ] GC(86) Using 10 workers of 10 for evacuation
[2026-04-03T01:15:05.418+0600][17.500s][info][gc,phases      ] GC(86)   Pre Evacuate Collection Set: 0.14ms
[2026-04-03T01:15:05.418+0600][17.500s][info][gc,phases      ] GC(86)   Merge Heap Roots: 0.06ms
[2026-04-03T01:15:05.418+0600][17.500s][info][gc,phases      ] GC(86)   Evacuate Collection Set: 0.53ms
[2026-04-03T01:15:05.418+0600][17.500s][info][gc,phases      ] GC(86)   Post Evacuate Collection Set: 0.29ms
[2026-04-03T01:15:05.418+0600][17.500s][info][gc,phases      ] GC(86)   Other: 0.06ms
[2026-04-03T01:15:05.418+0600][17.500s][info][gc,heap        ] GC(86) Eden regions: 124->0(126)
[2026-04-03T01:15:05.418+0600][17.500s][info][gc,heap        ] GC(86) Survivor regions: 3->1(16)
[2026-04-03T01:15:05.418+0600][17.500s][info][gc,heap        ] GC(86) Old regions: 7->7
[2026-04-03T01:15:05.418+0600][17.500s][info][gc,heap        ] GC(86) Humongous regions: 6->6
[2026-04-03T01:15:05.418+0600][17.500s][info][gc,metaspace   ] GC(86) Metaspace: 6235K(6464K)->6235K(6464K) NonClass: 5628K(5760K)->5628K(5760K) Class: 607K(704K)->607K(704K)
[2026-04-03T01:15:05.418+0600][17.500s][info][gc             ] GC(86) Pause Young (Normal) (G1 Evacuation Pause) 274M->23M(426M) 1.257ms
[2026-04-03T01:15:05.418+0600][17.500s][info][gc,cpu         ] GC(86) User=0.01s Sys=0.00s Real=0.00s
[2026-04-03T01:15:05.476+0600][17.558s][info][gc,heap,exit   ] Heap
[2026-04-03T01:15:05.476+0600][17.558s][info][gc,heap,exit   ]  garbage-first heap   total 436224K, used 41937K [0x000000070ae00000, 0x0000000800000000)
[2026-04-03T01:15:05.476+0600][17.558s][info][gc,heap,exit   ]   region size 2048K, 10 young (20480K), 1 survivors (2048K)
[2026-04-03T01:15:05.476+0600][17.558s][info][gc,heap,exit   ]  Metaspace       used 6339K, committed 6528K, reserved 1114112K
[2026-04-03T01:15:05.476+0600][17.558s][info][gc,heap,exit   ]   class space    used 615K, committed 704K, reserved 1048576K
