[2026-04-03T01:15:05.560+0600][0.004s][info][gc,init] CardTable entry size: 512
[2026-04-03T01:15:05.560+0600][0.004s][info][gc     ] Using G1
[2026-04-03T01:15:05.562+0600][0.007s][info][gc,init] Version: 21.0.10+7-Ubuntu-124.04 (release)
[2026-04-03T01:15:05.562+0600][0.007s][info][gc,init] CPUs: 12 total, 12 available
[2026-04-03T01:15:05.562+0600][0.007s][info][gc,init] Memory: 15683M
[2026-04-03T01:15:05.562+0600][0.007s][info][gc,init] Large Page Support: Disabled
[2026-04-03T01:15:05.562+0600][0.007s][info][gc,init] NUMA Support: Disabled
[2026-04-03T01:15:05.562+0600][0.007s][info][gc,init] Compressed Oops: Enabled (Zero based)
[2026-04-03T01:15:05.562+0600][0.007s][info][gc,init] Heap Region Size: 2M
[2026-04-03T01:15:05.562+0600][0.007s][info][gc,init] Heap Min Capacity: 8M
[2026-04-03T01:15:05.562+0600][0.007s][info][gc,init] Heap Initial Capacity: 246M
[2026-04-03T01:15:05.562+0600][0.007s][info][gc,init] Heap Max Capacity: 3922M
[2026-04-03T01:15:05.562+0600][0.007s][info][gc,init] Pre-touch: Disabled
[2026-04-03T01:15:05.562+0600][0.007s][info][gc,init] Parallel Workers: 10
[2026-04-03T01:15:05.562+0600][0.007s][info][gc,init] Concurrent Workers: 3
[2026-04-03T01:15:05.562+0600][0.007s][info][gc,init] Concurrent Refinement Workers: 10
[2026-04-03T01:15:05.562+0600][0.007s][info][gc,init] Periodic GC: Disabled
[2026-04-03T01:15:05.579+0600][0.023s][info][gc,metaspace] CDS archive(s) mapped at: [0x000076d89b000000-0x000076d89bc9c000-0x000076d89bc9c000), size 13221888, SharedBaseAddress: 0x000076d89b000000, ArchiveRelocationMode: 1.
[2026-04-03T01:15:05.579+0600][0.023s][info][gc,metaspace] Compressed class space mapped at: 0x000076d89c000000-0x000076d8dc000000, reserved size: 1073741824
[2026-04-03T01:15:05.579+0600][0.023s][info][gc,metaspace] Narrow klass base: 0x000076d89b000000, Narrow klass shift: 0, Narrow klass range: 0x100000000
[2026-04-03T01:15:06.091+0600][0.536s][info][gc,start    ] GC(0) Pause Young (Normal) (G1 Evacuation Pause)
[2026-04-03T01:15:06.092+0600][0.537s][info][gc,task     ] GC(0) Using 5 workers of 10 for evacuation
[2026-04-03T01:15:06.095+0600][0.540s][info][gc,phases   ] GC(0)   Pre Evacuate Collection Set: 0.14ms
[2026-04-03T01:15:06.095+0600][0.540s][info][gc,phases   ] GC(0)   Merge Heap Roots: 0.24ms
[2026-04-03T01:15:06.095+0600][0.540s][info][gc,phases   ] GC(0)   Evacuate Collection Set: 1.87ms
[2026-04-03T01:15:06.095+0600][0.540s][info][gc,phases   ] GC(0)   Post Evacuate Collection Set: 0.44ms
[2026-04-03T01:15:06.095+0600][0.540s][info][gc,phases   ] GC(0)   Other: 0.95ms
[2026-04-03T01:15:06.095+0600][0.540s][info][gc,heap     ] GC(0) Eden regions: 6->0(5)
[2026-04-03T01:15:06.095+0600][0.540s][info][gc,heap     ] GC(0) Survivor regions: 0->1(1)
[2026-04-03T01:15:06.095+0600][0.540s][info][gc,heap     ] GC(0) Old regions: 1->1
[2026-04-03T01:15:06.095+0600][0.540s][info][gc,heap     ] GC(0) Humongous regions: 5->5
[2026-04-03T01:15:06.095+0600][0.540s][info][gc,metaspace] GC(0) Metaspace: 4147K(4416K)->4147K(4416K) NonClass: 3728K(3904K)->3728K(3904K) Class: 419K(512K)->419K(512K)
[2026-04-03T01:15:06.095+0600][0.540s][info][gc          ] GC(0) Pause Young (Normal) (G1 Evacuation Pause) 23M->13M(248M) 3.981ms
[2026-04-03T01:15:06.095+0600][0.540s][info][gc,cpu      ] GC(0) User=0.01s Sys=0.00s Real=0.00s
[2026-04-03T01:15:06.111+0600][0.556s][info][gc,start    ] GC(1) Pause Young (Normal) (G1 Evacuation Pause)
[2026-04-03T01:15:06.111+0600][0.556s][info][gc,task     ] GC(1) Using 5 workers of 10 for evacuation
[2026-04-03T01:15:06.114+0600][0.558s][info][gc,phases   ] GC(1)   Pre Evacuate Collection Set: 0.29ms
[2026-04-03T01:15:06.114+0600][0.558s][info][gc,phases   ] GC(1)   Merge Heap Roots: 0.16ms
[2026-04-03T01:15:06.114+0600][0.558s][info][gc,phases   ] GC(1)   Evacuate Collection Set: 1.63ms
[2026-04-03T01:15:06.114+0600][0.558s][info][gc,phases   ] GC(1)   Post Evacuate Collection Set: 0.43ms
[2026-04-03T01:15:06.114+0600][0.558s][info][gc,phases   ] GC(1)   Other: 0.07ms
[2026-04-03T01:15:06.114+0600][0.558s][info][gc,heap     ] GC(1) Eden regions: 5->0(9)
[2026-04-03T01:15:06.114+0600][0.558s][info][gc,heap     ] GC(1) Survivor regions: 1->1(1)
[2026-04-03T01:15:06.114+0600][0.558s][info][gc,heap     ] GC(1) Old regions: 1->2
[2026-04-03T01:15:06.114+0600][0.558s][info][gc,heap     ] GC(1) Humongous regions: 5->5
[2026-04-03T01:15:06.114+0600][0.558s][info][gc,metaspace] GC(1) Metaspace: 4149K(4416K)->4149K(4416K) NonClass: 3729K(3904K)->3729K(3904K) Class: 419K(512K)->419K(512K)
[2026-04-03T01:15:06.114+0600][0.559s][info][gc          ] GC(1) Pause Young (Normal) (G1 Evacuation Pause) 23M->13M(248M) 2.825ms
[2026-04-03T01:15:06.114+0600][0.559s][info][gc,cpu      ] GC(1) User=0.01s Sys=0.00s Real=0.00s
[2026-04-03T01:15:06.134+0600][0.578s][info][gc,start    ] GC(2) Pause Full (System.gc())
[2026-04-03T01:15:06.134+0600][0.578s][info][gc,task     ] GC(2) Using 5 workers of 10 for full compaction
[2026-04-03T01:15:06.134+0600][0.579s][info][gc,phases,start] GC(2) Phase 1: Mark live objects
[2026-04-03T01:15:06.137+0600][0.581s][info][gc,phases      ] GC(2) Phase 1: Mark live objects 2.288ms
[2026-04-03T01:15:06.137+0600][0.581s][info][gc,phases,start] GC(2) Phase 2: Prepare compaction
[2026-04-03T01:15:06.139+0600][0.583s][info][gc,phases      ] GC(2) Phase 2: Prepare compaction 2.088ms
[2026-04-03T01:15:06.139+0600][0.583s][info][gc,phases,start] GC(2) Phase 3: Adjust pointers
[2026-04-03T01:15:06.140+0600][0.585s][info][gc,phases      ] GC(2) Phase 3: Adjust pointers 1.564ms
[2026-04-03T01:15:06.140+0600][0.585s][info][gc,phases,start] GC(2) Phase 4: Compact heap
[2026-04-03T01:15:06.143+0600][0.587s][info][gc,phases      ] GC(2) Phase 4: Compact heap 2.383ms
[2026-04-03T01:15:06.143+0600][0.587s][info][gc,phases,start] GC(2) Phase 5: Reset Metadata
[2026-04-03T01:15:06.143+0600][0.587s][info][gc,phases      ] GC(2) Phase 5: Reset Metadata 0.197ms
[2026-04-03T01:15:06.145+0600][0.590s][info][gc,heap        ] GC(2) Eden regions: 6->0(9)
[2026-04-03T01:15:06.145+0600][0.590s][info][gc,heap        ] GC(2) Survivor regions: 1->0(1)
[2026-04-03T01:15:06.145+0600][0.590s][info][gc,heap        ] GC(2) Old regions: 2->4
[2026-04-03T01:15:06.145+0600][0.590s][info][gc,heap        ] GC(2) Humongous regions: 8->6
[2026-04-03T01:15:06.145+0600][0.590s][info][gc,metaspace   ] GC(2) Metaspace: 4153K(4416K)->4153K(4416K) NonClass: 3733K(3904K)->3733K(3904K) Class: 420K(512K)->420K(512K)
[2026-04-03T01:15:06.145+0600][0.590s][info][gc             ] GC(2) Pause Full (System.gc()) 30M->14M(68M) 11.463ms
[2026-04-03T01:15:06.146+0600][0.590s][info][gc,cpu         ] GC(2) User=0.02s Sys=0.01s Real=0.01s
[2026-04-03T01:15:06.366+0600][0.811s][info][gc,start       ] GC(3) Pause Young (Normal) (G1 Evacuation Pause)
[2026-04-03T01:15:06.367+0600][0.812s][info][gc,task        ] GC(3) Using 10 workers of 10 for evacuation
[2026-04-03T01:15:06.370+0600][0.814s][info][gc,phases      ] GC(3)   Pre Evacuate Collection Set: 0.13ms
[2026-04-03T01:15:06.370+0600][0.814s][info][gc,phases      ] GC(3)   Merge Heap Roots: 0.05ms
[2026-04-03T01:15:06.370+0600][0.814s][info][gc,phases      ] GC(3)   Evacuate Collection Set: 2.35ms
[2026-04-03T01:15:06.370+0600][0.814s][info][gc,phases      ] GC(3)   Post Evacuate Collection Set: 0.29ms
[2026-04-03T01:15:06.370+0600][0.814s][info][gc,phases      ] GC(3)   Other: 0.88ms
[2026-04-03T01:15:06.370+0600][0.815s][info][gc,heap        ] GC(3) Eden regions: 9->0(8)
[2026-04-03T01:15:06.370+0600][0.815s][info][gc,heap        ] GC(3) Survivor regions: 0->2(2)
[2026-04-03T01:15:06.370+0600][0.815s][info][gc,heap        ] GC(3) Old regions: 4->5
[2026-04-03T01:15:06.370+0600][0.815s][info][gc,heap        ] GC(3) Humongous regions: 6->6
[2026-04-03T01:15:06.370+0600][0.815s][info][gc,metaspace   ] GC(3) Metaspace: 6111K(6336K)->6111K(6336K) NonClass: 5505K(5632K)->5505K(5632K) Class: 606K(704K)->606K(704K)
[2026-04-03T01:15:06.370+0600][0.815s][info][gc             ] GC(3) Pause Young (Normal) (G1 Evacuation Pause) 32M->19M(68M) 3.925ms
[2026-04-03T01:15:06.370+0600][0.815s][info][gc,cpu         ] GC(3) User=0.02s Sys=0.01s Real=0.01s
[2026-04-03T01:15:06.534+0600][0.979s][info][gc,start       ] GC(4) Pause Young (Normal) (G1 Evacuation Pause)
[2026-04-03T01:15:06.534+0600][0.979s][info][gc,task        ] GC(4) Using 10 workers of 10 for evacuation
[2026-04-03T01:15:06.537+0600][0.981s][info][gc,phases      ] GC(4)   Pre Evacuate Collection Set: 0.16ms
[2026-04-03T01:15:06.537+0600][0.981s][info][gc,phases      ] GC(4)   Merge Heap Roots: 0.09ms
[2026-04-03T01:15:06.537+0600][0.981s][info][gc,phases      ] GC(4)   Evacuate Collection Set: 2.05ms
[2026-04-03T01:15:06.537+0600][0.981s][info][gc,phases      ] GC(4)   Post Evacuate Collection Set: 0.26ms
[2026-04-03T01:15:06.537+0600][0.981s][info][gc,phases      ] GC(4)   Other: 0.08ms
[2026-04-03T01:15:06.537+0600][0.982s][info][gc,heap        ] GC(4) Eden regions: 8->0(12)
[2026-04-03T01:15:06.537+0600][0.982s][info][gc,heap        ] GC(4) Survivor regions: 2->1(2)
[2026-04-03T01:15:06.537+0600][0.982s][info][gc,heap        ] GC(4) Old regions: 5->7
[2026-04-03T01:15:06.537+0600][0.982s][info][gc,heap        ] GC(4) Humongous regions: 6->6
[2026-04-03T01:15:06.537+0600][0.982s][info][gc,metaspace   ] GC(4) Metaspace: 6180K(6400K)->6180K(6400K) NonClass: 5574K(5696K)->5574K(5696K) Class: 606K(704K)->606K(704K)
[2026-04-03T01:15:06.537+0600][0.982s][info][gc             ] GC(4) Pause Young (Normal) (G1 Evacuation Pause) 35M->20M(68M) 2.910ms
[2026-04-03T01:15:06.537+0600][0.982s][info][gc,cpu         ] GC(4) User=0.02s Sys=0.01s Real=0.00s
[2026-04-03T01:15:06.590+0600][1.034s][info][gc,start       ] GC(5) Pause Young (Normal) (G1 Evacuation Pause)
[2026-04-03T01:15:06.590+0600][1.034s][info][gc,task        ] GC(5) Using 10 workers of 10 for evacuation
[2026-04-03T01:15:06.593+0600][1.037s][info][gc,phases      ] GC(5)   Pre Evacuate Collection Set: 0.21ms
[2026-04-03T01:15:06.593+0600][1.037s][info][gc,phases      ] GC(5)   Merge Heap Roots: 0.11ms
[2026-04-03T01:15:06.593+0600][1.037s][info][gc,phases      ] GC(5)   Evacuate Collection Set: 1.84ms
[2026-04-03T01:15:06.593+0600][1.037s][info][gc,phases      ] GC(5)   Post Evacuate Collection Set: 0.31ms
[2026-04-03T01:15:06.593+0600][1.037s][info][gc,phases      ] GC(5)   Other: 0.10ms
[2026-04-03T01:15:06.593+0600][1.037s][info][gc,heap        ] GC(5) Eden regions: 12->0(16)
[2026-04-03T01:15:06.593+0600][1.037s][info][gc,heap        ] GC(5) Survivor regions: 1->1(2)
[2026-04-03T01:15:06.593+0600][1.037s][info][gc,heap        ] GC(5) Old regions: 7->7
[2026-04-03T01:15:06.593+0600][1.037s][info][gc,heap        ] GC(5) Humongous regions: 6->6
[2026-04-03T01:15:06.593+0600][1.037s][info][gc,metaspace   ] GC(5) Metaspace: 6190K(6464K)->6190K(6464K) NonClass: 5584K(5760K)->5584K(5760K) Class: 606K(704K)->606K(704K)
[2026-04-03T01:15:06.593+0600][1.037s][info][gc             ] GC(5) Pause Young (Normal) (G1 Evacuation Pause) 44M->20M(68M) 2.861ms
[2026-04-03T01:15:06.593+0600][1.037s][info][gc,cpu         ] GC(5) User=0.02s Sys=0.00s Real=0.00s
[2026-04-03T01:15:06.661+0600][1.106s][info][gc,start       ] GC(6) Pause Young (Normal) (G1 Evacuation Pause)
[2026-04-03T01:15:06.661+0600][1.106s][info][gc,task        ] GC(6) Using 10 workers of 10 for evacuation
[2026-04-03T01:15:06.664+0600][1.108s][info][gc,phases      ] GC(6)   Pre Evacuate Collection Set: 0.19ms
[2026-04-03T01:15:06.664+0600][1.108s][info][gc,phases      ] GC(6)   Merge Heap Roots: 0.10ms
[2026-04-03T01:15:06.664+0600][1.108s][info][gc,phases      ] GC(6)   Evacuate Collection Set: 1.73ms
[2026-04-03T01:15:06.664+0600][1.108s][info][gc,phases      ] GC(6)   Post Evacuate Collection Set: 0.65ms
[2026-04-03T01:15:06.664+0600][1.108s][info][gc,phases      ] GC(6)   Other: 0.09ms
[2026-04-03T01:15:06.664+0600][1.109s][info][gc,heap        ] GC(6) Eden regions: 16->0(39)
[2026-04-03T01:15:06.664+0600][1.109s][info][gc,heap        ] GC(6) Survivor regions: 1->1(3)
[2026-04-03T01:15:06.664+0600][1.109s][info][gc,heap        ] GC(6) Old regions: 7->7
[2026-04-03T01:15:06.664+0600][1.109s][info][gc,heap        ] GC(6) Humongous regions: 6->6
[2026-04-03T01:15:06.664+0600][1.109s][info][gc,metaspace   ] GC(6) Metaspace: 6190K(6464K)->6190K(6464K) NonClass: 5584K(5760K)->5584K(5760K) Class: 606K(704K)->606K(704K)
[2026-04-03T01:15:06.664+0600][1.109s][info][gc             ] GC(6) Pause Young (Normal) (G1 Evacuation Pause) 52M->21M(136M) 3.038ms
[2026-04-03T01:15:06.664+0600][1.109s][info][gc,cpu         ] GC(6) User=0.02s Sys=0.00s Real=0.00s
[2026-04-03T01:15:06.760+0600][1.205s][info][gc,start       ] GC(7) Pause Young (Normal) (G1 Evacuation Pause)
[2026-04-03T01:15:06.760+0600][1.205s][info][gc,task        ] GC(7) Using 10 workers of 10 for evacuation
[2026-04-03T01:15:06.763+0600][1.208s][info][gc,phases      ] GC(7)   Pre Evacuate Collection Set: 0.19ms
[2026-04-03T01:15:06.764+0600][1.208s][info][gc,phases      ] GC(7)   Merge Heap Roots: 0.30ms
[2026-04-03T01:15:06.764+0600][1.208s][info][gc,phases      ] GC(7)   Evacuate Collection Set: 2.23ms
[2026-04-03T01:15:06.764+0600][1.208s][info][gc,phases      ] GC(7)   Post Evacuate Collection Set: 0.32ms
[2026-04-03T01:15:06.764+0600][1.208s][info][gc,phases      ] GC(7)   Other: 0.10ms
[2026-04-03T01:15:06.764+0600][1.208s][info][gc,heap        ] GC(7) Eden regions: 39->0(38)
[2026-04-03T01:15:06.764+0600][1.208s][info][gc,heap        ] GC(7) Survivor regions: 1->2(5)
[2026-04-03T01:15:06.764+0600][1.208s][info][gc,heap        ] GC(7) Old regions: 7->7
[2026-04-03T01:15:06.764+0600][1.208s][info][gc,heap        ] GC(7) Humongous regions: 6->6
[2026-04-03T01:15:06.764+0600][1.208s][info][gc,metaspace   ] GC(7) Metaspace: 6208K(6464K)->6208K(6464K) NonClass: 5602K(5760K)->5602K(5760K) Class: 606K(704K)->606K(704K)
[2026-04-03T01:15:06.764+0600][1.208s][info][gc             ] GC(7) Pause Young (Normal) (G1 Evacuation Pause) 99M->23M(136M) 3.389ms
[2026-04-03T01:15:06.764+0600][1.208s][info][gc,cpu         ] GC(7) User=0.02s Sys=0.00s Real=0.00s
[2026-04-03T01:15:06.841+0600][1.285s][info][gc,start       ] GC(8) Pause Young (Normal) (G1 Evacuation Pause)
[2026-04-03T01:15:06.841+0600][1.285s][info][gc,task        ] GC(8) Using 10 workers of 10 for evacuation
[2026-04-03T01:15:06.844+0600][1.289s][info][gc,phases      ] GC(8)   Pre Evacuate Collection Set: 0.21ms
[2026-04-03T01:15:06.844+0600][1.289s][info][gc,phases      ] GC(8)   Merge Heap Roots: 0.13ms
[2026-04-03T01:15:06.844+0600][1.289s][info][gc,phases      ] GC(8)   Evacuate Collection Set: 2.56ms
[2026-04-03T01:15:06.844+0600][1.289s][info][gc,phases      ] GC(8)   Post Evacuate Collection Set: 0.44ms
[2026-04-03T01:15:06.844+0600][1.289s][info][gc,phases      ] GC(8)   Other: 0.11ms
[2026-04-03T01:15:06.844+0600][1.289s][info][gc,heap        ] GC(8) Eden regions: 38->0(37)
[2026-04-03T01:15:06.844+0600][1.289s][info][gc,heap        ] GC(8) Survivor regions: 2->3(5)
[2026-04-03T01:15:06.844+0600][1.289s][info][gc,heap        ] GC(8) Old regions: 7->7
[2026-04-03T01:15:06.844+0600][1.289s][info][gc,heap        ] GC(8) Humongous regions: 6->6
[2026-04-03T01:15:06.844+0600][1.289s][info][gc,metaspace   ] GC(8) Metaspace: 6208K(6464K)->6208K(6464K) NonClass: 5602K(5760K)->5602K(5760K) Class: 606K(704K)->606K(704K)
[2026-04-03T01:15:06.845+0600][1.289s][info][gc             ] GC(8) Pause Young (Normal) (G1 Evacuation Pause) 99M->25M(136M) 3.780ms
[2026-04-03T01:15:06.845+0600][1.289s][info][gc,cpu         ] GC(8) User=0.02s Sys=0.00s Real=0.00s
[2026-04-03T01:15:06.932+0600][1.376s][info][gc,start       ] GC(9) Pause Young (Normal) (G1 Evacuation Pause)
[2026-04-03T01:15:06.932+0600][1.376s][info][gc,task        ] GC(9) Using 10 workers of 10 for evacuation
[2026-04-03T01:15:06.936+0600][1.380s][info][gc,phases      ] GC(9)   Pre Evacuate Collection Set: 0.35ms
[2026-04-03T01:15:06.936+0600][1.381s][info][gc,phases      ] GC(9)   Merge Heap Roots: 0.21ms
[2026-04-03T01:15:06.936+0600][1.381s][info][gc,phases      ] GC(9)   Evacuate Collection Set: 2.97ms
[2026-04-03T01:15:06.936+0600][1.381s][info][gc,phases      ] GC(9)   Post Evacuate Collection Set: 0.56ms
[2026-04-03T01:15:06.936+0600][1.381s][info][gc,phases      ] GC(9)   Other: 0.33ms
[2026-04-03T01:15:06.936+0600][1.381s][info][gc,heap        ] GC(9) Eden regions: 37->0(37)
[2026-04-03T01:15:06.936+0600][1.381s][info][gc,heap        ] GC(9) Survivor regions: 3->3(5)
[2026-04-03T01:15:06.936+0600][1.381s][info][gc,heap        ] GC(9) Old regions: 7->7
[2026-04-03T01:15:06.936+0600][1.381s][info][gc,heap        ] GC(9) Humongous regions: 6->6
[2026-04-03T01:15:06.936+0600][1.381s][info][gc,metaspace   ] GC(9) Metaspace: 6208K(6464K)->6208K(6464K) NonClass: 5602K(5760K)->5602K(5760K) Class: 606K(704K)->606K(704K)
[2026-04-03T01:15:06.936+0600][1.381s][info][gc             ] GC(9) Pause Young (Normal) (G1 Evacuation Pause) 99M->25M(136M) 4.855ms
[2026-04-03T01:15:06.936+0600][1.381s][info][gc,cpu         ] GC(9) User=0.03s Sys=0.00s Real=0.00s
[2026-04-03T01:15:07.018+0600][1.463s][info][gc,start       ] GC(10) Pause Young (Normal) (G1 Evacuation Pause)
[2026-04-03T01:15:07.019+0600][1.463s][info][gc,task        ] GC(10) Using 10 workers of 10 for evacuation
[2026-04-03T01:15:07.022+0600][1.467s][info][gc,phases      ] GC(10)   Pre Evacuate Collection Set: 0.17ms
[2026-04-03T01:15:07.022+0600][1.467s][info][gc,phases      ] GC(10)   Merge Heap Roots: 0.12ms
[2026-04-03T01:15:07.022+0600][1.467s][info][gc,phases      ] GC(10)   Evacuate Collection Set: 2.50ms
[2026-04-03T01:15:07.022+0600][1.467s][info][gc,phases      ] GC(10)   Post Evacuate Collection Set: 0.93ms
[2026-04-03T01:15:07.022+0600][1.467s][info][gc,phases      ] GC(10)   Other: 0.09ms
[2026-04-03T01:15:07.022+0600][1.467s][info][gc,heap        ] GC(10) Eden regions: 37->0(53)
[2026-04-03T01:15:07.022+0600][1.467s][info][gc,heap        ] GC(10) Survivor regions: 3->3(5)
[2026-04-03T01:15:07.022+0600][1.467s][info][gc,heap        ] GC(10) Old regions: 7->7
[2026-04-03T01:15:07.022+0600][1.467s][info][gc,heap        ] GC(10) Humongous regions: 6->6
[2026-04-03T01:15:07.022+0600][1.467s][info][gc,metaspace   ] GC(10) Metaspace: 6208K(6464K)->6208K(6464K) NonClass: 5602K(5760K)->5602K(5760K) Class: 606K(704K)->606K(704K)
[2026-04-03T01:15:07.022+0600][1.467s][info][gc             ] GC(10) Pause Young (Normal) (G1 Evacuation Pause) 99M->25M(188M) 4.045ms
[2026-04-03T01:15:07.023+0600][1.467s][info][gc,cpu         ] GC(10) User=0.04s Sys=0.00s Real=0.01s
[2026-04-03T01:15:07.335+0600][1.780s][info][gc,start       ] GC(11) Pause Young (Normal) (G1 Evacuation Pause)
[2026-04-03T01:15:07.335+0600][1.780s][info][gc,task        ] GC(11) Using 10 workers of 10 for evacuation
[2026-04-03T01:15:07.339+0600][1.783s][info][gc,phases      ] GC(11)   Pre Evacuate Collection Set: 0.28ms
[2026-04-03T01:15:07.339+0600][1.783s][info][gc,phases      ] GC(11)   Merge Heap Roots: 0.11ms
[2026-04-03T01:15:07.339+0600][1.783s][info][gc,phases      ] GC(11)   Evacuate Collection Set: 2.21ms
[2026-04-03T01:15:07.339+0600][1.783s][info][gc,phases      ] GC(11)   Post Evacuate Collection Set: 0.47ms
[2026-04-03T01:15:07.339+0600][1.783s][info][gc,phases      ] GC(11)   Other: 0.09ms
[2026-04-03T01:15:07.339+0600][1.783s][info][gc,heap        ] GC(11) Eden regions: 53->0(52)
[2026-04-03T01:15:07.339+0600][1.783s][info][gc,heap        ] GC(11) Survivor regions: 3->4(7)
[2026-04-03T01:15:07.339+0600][1.783s][info][gc,heap        ] GC(11) Old regions: 7->7
[2026-04-03T01:15:07.339+0600][1.783s][info][gc,heap        ] GC(11) Humongous regions: 6->6
[2026-04-03T01:15:07.339+0600][1.783s][info][gc,metaspace   ] GC(11) Metaspace: 6208K(6464K)->6208K(6464K) NonClass: 5602K(5760K)->5602K(5760K) Class: 606K(704K)->606K(704K)
[2026-04-03T01:15:07.339+0600][1.783s][info][gc             ] GC(11) Pause Young (Normal) (G1 Evacuation Pause) 131M->26M(188M) 3.473ms
[2026-04-03T01:15:07.339+0600][1.783s][info][gc,cpu         ] GC(11) User=0.03s Sys=0.00s Real=0.00s
[2026-04-03T01:15:07.420+0600][1.864s][info][gc,start       ] GC(12) Pause Young (Normal) (G1 Evacuation Pause)
[2026-04-03T01:15:07.420+0600][1.864s][info][gc,task        ] GC(12) Using 10 workers of 10 for evacuation
[2026-04-03T01:15:07.423+0600][1.867s][info][gc,phases      ] GC(12)   Pre Evacuate Collection Set: 0.20ms
[2026-04-03T01:15:07.423+0600][1.867s][info][gc,phases      ] GC(12)   Merge Heap Roots: 0.13ms
[2026-04-03T01:15:07.423+0600][1.867s][info][gc,phases      ] GC(12)   Evacuate Collection Set: 2.21ms
[2026-04-03T01:15:07.423+0600][1.867s][info][gc,phases      ] GC(12)   Post Evacuate Collection Set: 0.51ms
[2026-04-03T01:15:07.423+0600][1.867s][info][gc,phases      ] GC(12)   Other: 0.15ms
[2026-04-03T01:15:07.423+0600][1.868s][info][gc,heap        ] GC(12) Eden regions: 52->0(52)
[2026-04-03T01:15:07.423+0600][1.868s][info][gc,heap        ] GC(12) Survivor regions: 4->4(7)
[2026-04-03T01:15:07.423+0600][1.868s][info][gc,heap        ] GC(12) Old regions: 7->7
[2026-04-03T01:15:07.423+0600][1.868s][info][gc,heap        ] GC(12) Humongous regions: 6->6
[2026-04-03T01:15:07.423+0600][1.868s][info][gc,metaspace   ] GC(12) Metaspace: 6208K(6464K)->6208K(6464K) NonClass: 5602K(5760K)->5602K(5760K) Class: 606K(704K)->606K(704K)
[2026-04-03T01:15:07.423+0600][1.868s][info][gc             ] GC(12) Pause Young (Normal) (G1 Evacuation Pause) 130M->26M(188M) 3.533ms
[2026-04-03T01:15:07.423+0600][1.868s][info][gc,cpu         ] GC(12) User=0.02s Sys=0.01s Real=0.00s
[2026-04-03T01:15:07.493+0600][1.937s][info][gc,start       ] GC(13) Pause Young (Normal) (G1 Evacuation Pause)
[2026-04-03T01:15:07.493+0600][1.937s][info][gc,task        ] GC(13) Using 10 workers of 10 for evacuation
[2026-04-03T01:15:07.496+0600][1.940s][info][gc,phases      ] GC(13)   Pre Evacuate Collection Set: 0.36ms
[2026-04-03T01:15:07.496+0600][1.941s][info][gc,phases      ] GC(13)   Merge Heap Roots: 0.11ms
[2026-04-03T01:15:07.496+0600][1.941s][info][gc,phases      ] GC(13)   Evacuate Collection Set: 2.21ms
[2026-04-03T01:15:07.496+0600][1.941s][info][gc,phases      ] GC(13)   Post Evacuate Collection Set: 0.49ms
[2026-04-03T01:15:07.496+0600][1.941s][info][gc,phases      ] GC(13)   Other: 0.11ms
[2026-04-03T01:15:07.496+0600][1.941s][info][gc,heap        ] GC(13) Eden regions: 52->0(52)
[2026-04-03T01:15:07.496+0600][1.941s][info][gc,heap        ] GC(13) Survivor regions: 4->4(7)
[2026-04-03T01:15:07.496+0600][1.941s][info][gc,heap        ] GC(13) Old regions: 7->7
[2026-04-03T01:15:07.496+0600][1.941s][info][gc,heap        ] GC(13) Humongous regions: 6->6
[2026-04-03T01:15:07.496+0600][1.941s][info][gc,metaspace   ] GC(13) Metaspace: 6208K(6464K)->6208K(6464K) NonClass: 5602K(5760K)->5602K(5760K) Class: 606K(704K)->606K(704K)
[2026-04-03T01:15:07.496+0600][1.941s][info][gc             ] GC(13) Pause Young (Normal) (G1 Evacuation Pause) 130M->26M(188M) 3.574ms
[2026-04-03T01:15:07.496+0600][1.941s][info][gc,cpu         ] GC(13) User=0.03s Sys=0.00s Real=0.00s
[2026-04-03T01:15:07.578+0600][2.022s][info][gc,start       ] GC(14) Pause Young (Normal) (G1 Evacuation Pause)
[2026-04-03T01:15:07.578+0600][2.022s][info][gc,task        ] GC(14) Using 10 workers of 10 for evacuation
[2026-04-03T01:15:07.581+0600][2.025s][info][gc,phases      ] GC(14)   Pre Evacuate Collection Set: 0.18ms
[2026-04-03T01:15:07.581+0600][2.025s][info][gc,phases      ] GC(14)   Merge Heap Roots: 0.09ms
[2026-04-03T01:15:07.581+0600][2.025s][info][gc,phases      ] GC(14)   Evacuate Collection Set: 2.34ms
[2026-04-03T01:15:07.581+0600][2.025s][info][gc,phases      ] GC(14)   Post Evacuate Collection Set: 0.31ms
[2026-04-03T01:15:07.581+0600][2.025s][info][gc,phases      ] GC(14)   Other: 0.09ms
[2026-04-03T01:15:07.581+0600][2.025s][info][gc,heap        ] GC(14) Eden regions: 52->0(52)
[2026-04-03T01:15:07.581+0600][2.025s][info][gc,heap        ] GC(14) Survivor regions: 4->4(7)
[2026-04-03T01:15:07.581+0600][2.025s][info][gc,heap        ] GC(14) Old regions: 7->7
[2026-04-03T01:15:07.581+0600][2.025s][info][gc,heap        ] GC(14) Humongous regions: 6->6
[2026-04-03T01:15:07.581+0600][2.025s][info][gc,metaspace   ] GC(14) Metaspace: 6209K(6464K)->6209K(6464K) NonClass: 5602K(5760K)->5602K(5760K) Class: 607K(704K)->607K(704K)
[2026-04-03T01:15:07.581+0600][2.025s][info][gc             ] GC(14) Pause Young (Normal) (G1 Evacuation Pause) 130M->26M(188M) 3.258ms
[2026-04-03T01:15:07.581+0600][2.025s][info][gc,cpu         ] GC(14) User=0.03s Sys=0.00s Real=0.01s
[2026-04-03T01:15:07.656+0600][2.101s][info][gc,start       ] GC(15) Pause Young (Normal) (G1 Evacuation Pause)
[2026-04-03T01:15:07.656+0600][2.101s][info][gc,task        ] GC(15) Using 10 workers of 10 for evacuation
[2026-04-03T01:15:07.660+0600][2.104s][info][gc,phases      ] GC(15)   Pre Evacuate Collection Set: 0.27ms
[2026-04-03T01:15:07.660+0600][2.104s][info][gc,phases      ] GC(15)   Merge Heap Roots: 0.19ms
[2026-04-03T01:15:07.660+0600][2.104s][info][gc,phases      ] GC(15)   Evacuate Collection Set: 2.40ms
[2026-04-03T01:15:07.660+0600][2.104s][info][gc,phases      ] GC(15)   Post Evacuate Collection Set: 0.66ms
[2026-04-03T01:15:07.660+0600][2.104s][info][gc,phases      ] GC(15)   Other: 0.15ms
[2026-04-03T01:15:07.660+0600][2.104s][info][gc,heap        ] GC(15) Eden regions: 52->0(74)
[2026-04-03T01:15:07.660+0600][2.104s][info][gc,heap        ] GC(15) Survivor regions: 4->4(7)
[2026-04-03T01:15:07.660+0600][2.104s][info][gc,heap        ] GC(15) Old regions: 7->7
[2026-04-03T01:15:07.660+0600][2.104s][info][gc,heap        ] GC(15) Humongous regions: 6->6
[2026-04-03T01:15:07.660+0600][2.104s][info][gc,metaspace   ] GC(15) Metaspace: 6210K(6464K)->6210K(6464K) NonClass: 5602K(5760K)->5602K(5760K) Class: 607K(704K)->607K(704K)
[2026-04-03T01:15:07.660+0600][2.105s][info][gc             ] GC(15) Pause Young (Normal) (G1 Evacuation Pause) 130M->26M(262M) 4.006ms
[2026-04-03T01:15:07.660+0600][2.105s][info][gc,cpu         ] GC(15) User=0.02s Sys=0.00s Real=0.01s
[2026-04-03T01:15:08.003+0600][2.447s][info][gc,start       ] GC(16) Pause Young (Normal) (G1 Evacuation Pause)
[2026-04-03T01:15:08.003+0600][2.447s][info][gc,task        ] GC(16) Using 10 workers of 10 for evacuation
[2026-04-03T01:15:08.006+0600][2.451s][info][gc,phases      ] GC(16)   Pre Evacuate Collection Set: 0.24ms
[2026-04-03T01:15:08.006+0600][2.451s][info][gc,phases      ] GC(16)   Merge Heap Roots: 0.11ms
[2026-04-03T01:15:08.006+0600][2.451s][info][gc,phases      ] GC(16)   Evacuate Collection Set: 2.16ms
[2026-04-03T01:15:08.006+0600][2.451s][info][gc,phases      ] GC(16)   Post Evacuate Collection Set: 0.63ms
[2026-04-03T01:15:08.006+0600][2.451s][info][gc,phases      ] GC(16)   Other: 0.10ms
[2026-04-03T01:15:08.006+0600][2.451s][info][gc,heap        ] GC(16) Eden regions: 74->0(74)
[2026-04-03T01:15:08.006+0600][2.451s][info][gc,heap        ] GC(16) Survivor regions: 4->4(10)
[2026-04-03T01:15:08.006+0600][2.451s][info][gc,heap        ] GC(16) Old regions: 7->7
[2026-04-03T01:15:08.006+0600][2.451s][info][gc,heap        ] GC(16) Humongous regions: 6->6
[2026-04-03T01:15:08.006+0600][2.451s][info][gc,metaspace   ] GC(16) Metaspace: 6211K(6464K)->6211K(6464K) NonClass: 5603K(5760K)->5603K(5760K) Class: 607K(704K)->607K(704K)
[2026-04-03T01:15:08.006+0600][2.451s][info][gc             ] GC(16) Pause Young (Normal) (G1 Evacuation Pause) 174M->26M(262M) 3.494ms
[2026-04-03T01:15:08.007+0600][2.451s][info][gc,cpu         ] GC(16) User=0.02s Sys=0.00s Real=0.00s
[2026-04-03T01:15:08.124+0600][2.569s][info][gc,start       ] GC(17) Pause Young (Normal) (G1 Evacuation Pause)
[2026-04-03T01:15:08.125+0600][2.569s][info][gc,task        ] GC(17) Using 10 workers of 10 for evacuation
[2026-04-03T01:15:08.128+0600][2.572s][info][gc,phases      ] GC(17)   Pre Evacuate Collection Set: 0.24ms
[2026-04-03T01:15:08.128+0600][2.573s][info][gc,phases      ] GC(17)   Merge Heap Roots: 0.18ms
[2026-04-03T01:15:08.128+0600][2.573s][info][gc,phases      ] GC(17)   Evacuate Collection Set: 2.72ms
[2026-04-03T01:15:08.128+0600][2.573s][info][gc,phases      ] GC(17)   Post Evacuate Collection Set: 0.42ms
[2026-04-03T01:15:08.128+0600][2.573s][info][gc,phases      ] GC(17)   Other: 0.09ms
[2026-04-03T01:15:08.128+0600][2.573s][info][gc,heap        ] GC(17) Eden regions: 74->0(74)
[2026-04-03T01:15:08.128+0600][2.573s][info][gc,heap        ] GC(17) Survivor regions: 4->4(10)
[2026-04-03T01:15:08.128+0600][2.573s][info][gc,heap        ] GC(17) Old regions: 7->7
[2026-04-03T01:15:08.128+0600][2.573s][info][gc,heap        ] GC(17) Humongous regions: 6->6
[2026-04-03T01:15:08.128+0600][2.573s][info][gc,metaspace   ] GC(17) Metaspace: 6211K(6464K)->6211K(6464K) NonClass: 5603K(5760K)->5603K(5760K) Class: 607K(704K)->607K(704K)
[2026-04-03T01:15:08.128+0600][2.573s][info][gc             ] GC(17) Pause Young (Normal) (G1 Evacuation Pause) 174M->26M(262M) 3.909ms
[2026-04-03T01:15:08.128+0600][2.573s][info][gc,cpu         ] GC(17) User=0.03s Sys=0.01s Real=0.00s
[2026-04-03T01:15:08.257+0600][2.702s][info][gc,start       ] GC(18) Pause Young (Normal) (G1 Evacuation Pause)
[2026-04-03T01:15:08.257+0600][2.702s][info][gc,task        ] GC(18) Using 10 workers of 10 for evacuation
[2026-04-03T01:15:08.261+0600][2.705s][info][gc,phases      ] GC(18)   Pre Evacuate Collection Set: 0.16ms
[2026-04-03T01:15:08.261+0600][2.705s][info][gc,phases      ] GC(18)   Merge Heap Roots: 0.11ms
[2026-04-03T01:15:08.261+0600][2.705s][info][gc,phases      ] GC(18)   Evacuate Collection Set: 2.52ms
[2026-04-03T01:15:08.261+0600][2.705s][info][gc,phases      ] GC(18)   Post Evacuate Collection Set: 0.41ms
[2026-04-03T01:15:08.261+0600][2.705s][info][gc,phases      ] GC(18)   Other: 0.09ms
[2026-04-03T01:15:08.261+0600][2.705s][info][gc,heap        ] GC(18) Eden regions: 74->0(74)
[2026-04-03T01:15:08.261+0600][2.705s][info][gc,heap        ] GC(18) Survivor regions: 4->4(10)
[2026-04-03T01:15:08.261+0600][2.705s][info][gc,heap        ] GC(18) Old regions: 7->7
[2026-04-03T01:15:08.261+0600][2.705s][info][gc,heap        ] GC(18) Humongous regions: 6->6
[2026-04-03T01:15:08.261+0600][2.705s][info][gc,metaspace   ] GC(18) Metaspace: 6211K(6464K)->6211K(6464K) NonClass: 5603K(5760K)->5603K(5760K) Class: 607K(704K)->607K(704K)
[2026-04-03T01:15:08.261+0600][2.705s][info][gc             ] GC(18) Pause Young (Normal) (G1 Evacuation Pause) 174M->26M(262M) 3.583ms
[2026-04-03T01:15:08.261+0600][2.705s][info][gc,cpu         ] GC(18) User=0.02s Sys=0.00s Real=0.01s
[2026-04-03T01:15:08.370+0600][2.814s][info][gc,start       ] GC(19) Pause Young (Normal) (G1 Evacuation Pause)
[2026-04-03T01:15:08.370+0600][2.814s][info][gc,task        ] GC(19) Using 10 workers of 10 for evacuation
[2026-04-03T01:15:08.374+0600][2.818s][info][gc,phases      ] GC(19)   Pre Evacuate Collection Set: 0.26ms
[2026-04-03T01:15:08.374+0600][2.818s][info][gc,phases      ] GC(19)   Merge Heap Roots: 0.16ms
[2026-04-03T01:15:08.374+0600][2.818s][info][gc,phases      ] GC(19)   Evacuate Collection Set: 2.57ms
[2026-04-03T01:15:08.374+0600][2.818s][info][gc,phases      ] GC(19)   Post Evacuate Collection Set: 0.54ms
[2026-04-03T01:15:08.374+0600][2.818s][info][gc,phases      ] GC(19)   Other: 0.12ms
[2026-04-03T01:15:08.374+0600][2.818s][info][gc,heap        ] GC(19) Eden regions: 74->0(74)
[2026-04-03T01:15:08.374+0600][2.818s][info][gc,heap        ] GC(19) Survivor regions: 4->4(10)
[2026-04-03T01:15:08.374+0600][2.818s][info][gc,heap        ] GC(19) Old regions: 7->7
[2026-04-03T01:15:08.374+0600][2.818s][info][gc,heap        ] GC(19) Humongous regions: 6->6
[2026-04-03T01:15:08.374+0600][2.818s][info][gc,metaspace   ] GC(19) Metaspace: 6211K(6464K)->6211K(6464K) NonClass: 5603K(5760K)->5603K(5760K) Class: 607K(704K)->607K(704K)
[2026-04-03T01:15:08.374+0600][2.818s][info][gc             ] GC(19) Pause Young (Normal) (G1 Evacuation Pause) 174M->26M(262M) 4.168ms
[2026-04-03T01:15:08.374+0600][2.818s][info][gc,cpu         ] GC(19) User=0.03s Sys=0.00s Real=0.01s
[2026-04-03T01:15:08.664+0600][3.108s][info][gc,start       ] GC(20) Pause Young (Normal) (G1 Evacuation Pause)
[2026-04-03T01:15:08.664+0600][3.108s][info][gc,task        ] GC(20) Using 10 workers of 10 for evacuation
[2026-04-03T01:15:08.669+0600][3.113s][info][gc,phases      ] GC(20)   Pre Evacuate Collection Set: 0.21ms
[2026-04-03T01:15:08.669+0600][3.113s][info][gc,phases      ] GC(20)   Merge Heap Roots: 0.11ms
[2026-04-03T01:15:08.669+0600][3.113s][info][gc,phases      ] GC(20)   Evacuate Collection Set: 3.54ms
[2026-04-03T01:15:08.669+0600][3.113s][info][gc,phases      ] GC(20)   Post Evacuate Collection Set: 1.01ms
[2026-04-03T01:15:08.669+0600][3.113s][info][gc,phases      ] GC(20)   Other: 0.11ms
[2026-04-03T01:15:08.669+0600][3.113s][info][gc,heap        ] GC(20) Eden regions: 74->0(99)
[2026-04-03T01:15:08.669+0600][3.113s][info][gc,heap        ] GC(20) Survivor regions: 4->3(10)
[2026-04-03T01:15:08.669+0600][3.113s][info][gc,heap        ] GC(20) Old regions: 7->7
[2026-04-03T01:15:08.669+0600][3.113s][info][gc,heap        ] GC(20) Humongous regions: 6->6
[2026-04-03T01:15:08.669+0600][3.114s][info][gc,metaspace   ] GC(20) Metaspace: 6211K(6464K)->6211K(6464K) NonClass: 5603K(5760K)->5603K(5760K) Class: 607K(704K)->607K(704K)
[2026-04-03T01:15:08.669+0600][3.114s][info][gc             ] GC(20) Pause Young (Normal) (G1 Evacuation Pause) 174M->26M(340M) 5.345ms
[2026-04-03T01:15:08.669+0600][3.114s][info][gc,cpu         ] GC(20) User=0.03s Sys=0.00s Real=0.00s
[2026-04-03T01:15:08.867+0600][3.311s][info][gc,start       ] GC(21) Pause Young (Normal) (G1 Evacuation Pause)
[2026-04-03T01:15:08.867+0600][3.311s][info][gc,task        ] GC(21) Using 10 workers of 10 for evacuation
[2026-04-03T01:15:08.871+0600][3.315s][info][gc,phases      ] GC(21)   Pre Evacuate Collection Set: 0.41ms
[2026-04-03T01:15:08.871+0600][3.315s][info][gc,phases      ] GC(21)   Merge Heap Roots: 0.15ms
[2026-04-03T01:15:08.871+0600][3.315s][info][gc,phases      ] GC(21)   Evacuate Collection Set: 2.43ms
[2026-04-03T01:15:08.871+0600][3.315s][info][gc,phases      ] GC(21)   Post Evacuate Collection Set: 0.58ms
[2026-04-03T01:15:08.871+0600][3.315s][info][gc,phases      ] GC(21)   Other: 0.18ms
[2026-04-03T01:15:08.871+0600][3.315s][info][gc,heap        ] GC(21) Eden regions: 99->0(99)
[2026-04-03T01:15:08.871+0600][3.315s][info][gc,heap        ] GC(21) Survivor regions: 3->3(13)
[2026-04-03T01:15:08.871+0600][3.315s][info][gc,heap        ] GC(21) Old regions: 7->8
[2026-04-03T01:15:08.871+0600][3.315s][info][gc,heap        ] GC(21) Humongous regions: 6->6
[2026-04-03T01:15:08.871+0600][3.315s][info][gc,metaspace   ] GC(21) Metaspace: 6211K(6464K)->6211K(6464K) NonClass: 5603K(5760K)->5603K(5760K) Class: 607K(704K)->607K(704K)
[2026-04-03T01:15:08.871+0600][3.315s][info][gc             ] GC(21) Pause Young (Normal) (G1 Evacuation Pause) 224M->26M(340M) 4.081ms
[2026-04-03T01:15:08.871+0600][3.315s][info][gc,cpu         ] GC(21) User=0.03s Sys=0.00s Real=0.01s
[2026-04-03T01:15:09.037+0600][3.481s][info][gc,start       ] GC(22) Pause Young (Normal) (G1 Evacuation Pause)
[2026-04-03T01:15:09.037+0600][3.482s][info][gc,task        ] GC(22) Using 10 workers of 10 for evacuation
[2026-04-03T01:15:09.041+0600][3.485s][info][gc,phases      ] GC(22)   Pre Evacuate Collection Set: 0.35ms
[2026-04-03T01:15:09.041+0600][3.485s][info][gc,phases      ] GC(22)   Merge Heap Roots: 0.29ms
[2026-04-03T01:15:09.041+0600][3.485s][info][gc,phases      ] GC(22)   Evacuate Collection Set: 2.22ms
[2026-04-03T01:15:09.041+0600][3.485s][info][gc,phases      ] GC(22)   Post Evacuate Collection Set: 0.69ms
[2026-04-03T01:15:09.041+0600][3.485s][info][gc,phases      ] GC(22)   Other: 0.11ms
[2026-04-03T01:15:09.041+0600][3.485s][info][gc,heap        ] GC(22) Eden regions: 99->0(99)
[2026-04-03T01:15:09.041+0600][3.485s][info][gc,heap        ] GC(22) Survivor regions: 3->3(13)
[2026-04-03T01:15:09.041+0600][3.485s][info][gc,heap        ] GC(22) Old regions: 8->8
[2026-04-03T01:15:09.041+0600][3.485s][info][gc,heap        ] GC(22) Humongous regions: 6->6
[2026-04-03T01:15:09.041+0600][3.485s][info][gc,metaspace   ] GC(22) Metaspace: 6211K(6464K)->6211K(6464K) NonClass: 5604K(5760K)->5604K(5760K) Class: 607K(704K)->607K(704K)
[2026-04-03T01:15:09.041+0600][3.485s][info][gc             ] GC(22) Pause Young (Normal) (G1 Evacuation Pause) 224M->26M(340M) 3.959ms
[2026-04-03T01:15:09.041+0600][3.485s][info][gc,cpu         ] GC(22) User=0.02s Sys=0.00s Real=0.01s
[2026-04-03T01:15:09.319+0600][3.763s][info][gc,start       ] GC(23) Pause Young (Normal) (G1 Evacuation Pause)
[2026-04-03T01:15:09.319+0600][3.763s][info][gc,task        ] GC(23) Using 10 workers of 10 for evacuation
[2026-04-03T01:15:09.322+0600][3.766s][info][gc,phases      ] GC(23)   Pre Evacuate Collection Set: 0.20ms
[2026-04-03T01:15:09.322+0600][3.766s][info][gc,phases      ] GC(23)   Merge Heap Roots: 0.10ms
[2026-04-03T01:15:09.322+0600][3.766s][info][gc,phases      ] GC(23)   Evacuate Collection Set: 1.81ms
[2026-04-03T01:15:09.322+0600][3.766s][info][gc,phases      ] GC(23)   Post Evacuate Collection Set: 0.56ms
[2026-04-03T01:15:09.322+0600][3.766s][info][gc,phases      ] GC(23)   Other: 0.12ms
[2026-04-03T01:15:09.322+0600][3.766s][info][gc,heap        ] GC(23) Eden regions: 99->0(99)
[2026-04-03T01:15:09.322+0600][3.766s][info][gc,heap        ] GC(23) Survivor regions: 3->3(13)
[2026-04-03T01:15:09.322+0600][3.766s][info][gc,heap        ] GC(23) Old regions: 8->8
[2026-04-03T01:15:09.322+0600][3.766s][info][gc,heap        ] GC(23) Humongous regions: 6->6
[2026-04-03T01:15:09.322+0600][3.766s][info][gc,metaspace   ] GC(23) Metaspace: 6212K(6464K)->6212K(6464K) NonClass: 5604K(5760K)->5604K(5760K) Class: 607K(704K)->607K(704K)
[2026-04-03T01:15:09.322+0600][3.766s][info][gc             ] GC(23) Pause Young (Normal) (G1 Evacuation Pause) 224M->26M(340M) 3.103ms
[2026-04-03T01:15:09.322+0600][3.766s][info][gc,cpu         ] GC(23) User=0.02s Sys=0.00s Real=0.01s
[2026-04-03T01:15:09.472+0600][3.917s][info][gc,start       ] GC(24) Pause Young (Normal) (G1 Evacuation Pause)
[2026-04-03T01:15:09.472+0600][3.917s][info][gc,task        ] GC(24) Using 10 workers of 10 for evacuation
[2026-04-03T01:15:09.475+0600][3.919s][info][gc,phases      ] GC(24)   Pre Evacuate Collection Set: 0.32ms
[2026-04-03T01:15:09.475+0600][3.919s][info][gc,phases      ] GC(24)   Merge Heap Roots: 0.13ms
[2026-04-03T01:15:09.475+0600][3.919s][info][gc,phases      ] GC(24)   Evacuate Collection Set: 1.43ms
[2026-04-03T01:15:09.475+0600][3.919s][info][gc,phases      ] GC(24)   Post Evacuate Collection Set: 0.59ms
[2026-04-03T01:15:09.475+0600][3.919s][info][gc,phases      ] GC(24)   Other: 0.14ms
[2026-04-03T01:15:09.475+0600][3.919s][info][gc,heap        ] GC(24) Eden regions: 99->0(99)
[2026-04-03T01:15:09.475+0600][3.919s][info][gc,heap        ] GC(24) Survivor regions: 3->3(13)
[2026-04-03T01:15:09.475+0600][3.919s][info][gc,heap        ] GC(24) Old regions: 8->8
[2026-04-03T01:15:09.475+0600][3.919s][info][gc,heap        ] GC(24) Humongous regions: 6->6
[2026-04-03T01:15:09.475+0600][3.919s][info][gc,metaspace   ] GC(24) Metaspace: 6212K(6464K)->6212K(6464K) NonClass: 5604K(5760K)->5604K(5760K) Class: 607K(704K)->607K(704K)
[2026-04-03T01:15:09.475+0600][3.919s][info][gc             ] GC(24) Pause Young (Normal) (G1 Evacuation Pause) 224M->26M(340M) 2.856ms
[2026-04-03T01:15:09.475+0600][3.919s][info][gc,cpu         ] GC(24) User=0.01s Sys=0.00s Real=0.00s
[2026-04-03T01:15:09.621+0600][4.065s][info][gc,start       ] GC(25) Pause Young (Normal) (G1 Evacuation Pause)
[2026-04-03T01:15:09.621+0600][4.066s][info][gc,task        ] GC(25) Using 10 workers of 10 for evacuation
[2026-04-03T01:15:09.624+0600][4.068s][info][gc,phases      ] GC(25)   Pre Evacuate Collection Set: 0.19ms
[2026-04-03T01:15:09.624+0600][4.068s][info][gc,phases      ] GC(25)   Merge Heap Roots: 0.09ms
[2026-04-03T01:15:09.624+0600][4.068s][info][gc,phases      ] GC(25)   Evacuate Collection Set: 1.57ms
[2026-04-03T01:15:09.624+0600][4.068s][info][gc,phases      ] GC(25)   Post Evacuate Collection Set: 0.75ms
[2026-04-03T01:15:09.624+0600][4.068s][info][gc,phases      ] GC(25)   Other: 0.08ms
[2026-04-03T01:15:09.624+0600][4.068s][info][gc,heap        ] GC(25) Eden regions: 99->0(119)
[2026-04-03T01:15:09.624+0600][4.068s][info][gc,heap        ] GC(25) Survivor regions: 3->3(13)
[2026-04-03T01:15:09.624+0600][4.068s][info][gc,heap        ] GC(25) Old regions: 8->8
[2026-04-03T01:15:09.624+0600][4.068s][info][gc,heap        ] GC(25) Humongous regions: 6->6
[2026-04-03T01:15:09.624+0600][4.068s][info][gc,metaspace   ] GC(25) Metaspace: 6212K(6464K)->6212K(6464K) NonClass: 5604K(5760K)->5604K(5760K) Class: 607K(704K)->607K(704K)
[2026-04-03T01:15:09.624+0600][4.068s][info][gc             ] GC(25) Pause Young (Normal) (G1 Evacuation Pause) 224M->26M(408M) 2.940ms
[2026-04-03T01:15:09.624+0600][4.068s][info][gc,cpu         ] GC(25) User=0.02s Sys=0.00s Real=0.00s
[2026-04-03T01:15:09.794+0600][4.238s][info][gc,start       ] GC(26) Pause Young (Normal) (G1 Evacuation Pause)
[2026-04-03T01:15:09.794+0600][4.238s][info][gc,task        ] GC(26) Using 10 workers of 10 for evacuation
[2026-04-03T01:15:09.796+0600][4.241s][info][gc,phases      ] GC(26)   Pre Evacuate Collection Set: 0.23ms
[2026-04-03T01:15:09.796+0600][4.241s][info][gc,phases      ] GC(26)   Merge Heap Roots: 0.11ms
[2026-04-03T01:15:09.796+0600][4.241s][info][gc,phases      ] GC(26)   Evacuate Collection Set: 1.38ms
[2026-04-03T01:15:09.796+0600][4.241s][info][gc,phases      ] GC(26)   Post Evacuate Collection Set: 0.57ms
[2026-04-03T01:15:09.796+0600][4.241s][info][gc,phases      ] GC(26)   Other: 0.15ms
[2026-04-03T01:15:09.796+0600][4.241s][info][gc,heap        ] GC(26) Eden regions: 119->0(119)
[2026-04-03T01:15:09.796+0600][4.241s][info][gc,heap        ] GC(26) Survivor regions: 3->3(16)
[2026-04-03T01:15:09.796+0600][4.241s][info][gc,heap        ] GC(26) Old regions: 8->8
[2026-04-03T01:15:09.796+0600][4.241s][info][gc,heap        ] GC(26) Humongous regions: 6->6
[2026-04-03T01:15:09.796+0600][4.241s][info][gc,metaspace   ] GC(26) Metaspace: 6212K(6464K)->6212K(6464K) NonClass: 5604K(5760K)->5604K(5760K) Class: 607K(704K)->607K(704K)
[2026-04-03T01:15:09.796+0600][4.241s][info][gc             ] GC(26) Pause Young (Normal) (G1 Evacuation Pause) 264M->26M(408M) 2.714ms
[2026-04-03T01:15:09.797+0600][4.241s][info][gc,cpu         ] GC(26) User=0.02s Sys=0.00s Real=0.00s
[2026-04-03T01:15:09.963+0600][4.407s][info][gc,start       ] GC(27) Pause Young (Normal) (G1 Evacuation Pause)
[2026-04-03T01:15:09.963+0600][4.407s][info][gc,task        ] GC(27) Using 10 workers of 10 for evacuation
[2026-04-03T01:15:09.966+0600][4.410s][info][gc,phases      ] GC(27)   Pre Evacuate Collection Set: 0.25ms
[2026-04-03T01:15:09.966+0600][4.410s][info][gc,phases      ] GC(27)   Merge Heap Roots: 0.14ms
[2026-04-03T01:15:09.966+0600][4.410s][info][gc,phases      ] GC(27)   Evacuate Collection Set: 1.45ms
[2026-04-03T01:15:09.966+0600][4.410s][info][gc,phases      ] GC(27)   Post Evacuate Collection Set: 0.63ms
[2026-04-03T01:15:09.966+0600][4.410s][info][gc,phases      ] GC(27)   Other: 0.09ms
[2026-04-03T01:15:09.966+0600][4.410s][info][gc,heap        ] GC(27) Eden regions: 119->0(119)
[2026-04-03T01:15:09.966+0600][4.410s][info][gc,heap        ] GC(27) Survivor regions: 3->3(16)
[2026-04-03T01:15:09.966+0600][4.410s][info][gc,heap        ] GC(27) Old regions: 8->8
[2026-04-03T01:15:09.966+0600][4.410s][info][gc,heap        ] GC(27) Humongous regions: 6->6
[2026-04-03T01:15:09.966+0600][4.410s][info][gc,metaspace   ] GC(27) Metaspace: 6212K(6464K)->6212K(6464K) NonClass: 5604K(5760K)->5604K(5760K) Class: 607K(704K)->607K(704K)
[2026-04-03T01:15:09.966+0600][4.410s][info][gc             ] GC(27) Pause Young (Normal) (G1 Evacuation Pause) 264M->26M(408M) 2.884ms
[2026-04-03T01:15:09.966+0600][4.410s][info][gc,cpu         ] GC(27) User=0.02s Sys=0.00s Real=0.00s
[2026-04-03T01:15:10.142+0600][4.587s][info][gc,start       ] GC(28) Pause Young (Normal) (G1 Evacuation Pause)
[2026-04-03T01:15:10.142+0600][4.587s][info][gc,task        ] GC(28) Using 10 workers of 10 for evacuation
[2026-04-03T01:15:10.145+0600][4.589s][info][gc,phases      ] GC(28)   Pre Evacuate Collection Set: 0.30ms
[2026-04-03T01:15:10.145+0600][4.589s][info][gc,phases      ] GC(28)   Merge Heap Roots: 0.16ms
[2026-04-03T01:15:10.145+0600][4.589s][info][gc,phases      ] GC(28)   Evacuate Collection Set: 1.33ms
[2026-04-03T01:15:10.145+0600][4.589s][info][gc,phases      ] GC(28)   Post Evacuate Collection Set: 0.63ms
[2026-04-03T01:15:10.145+0600][4.589s][info][gc,phases      ] GC(28)   Other: 0.09ms
[2026-04-03T01:15:10.145+0600][4.589s][info][gc,heap        ] GC(28) Eden regions: 119->0(119)
[2026-04-03T01:15:10.145+0600][4.589s][info][gc,heap        ] GC(28) Survivor regions: 3->3(16)
[2026-04-03T01:15:10.145+0600][4.589s][info][gc,heap        ] GC(28) Old regions: 8->8
[2026-04-03T01:15:10.145+0600][4.589s][info][gc,heap        ] GC(28) Humongous regions: 6->6
[2026-04-03T01:15:10.145+0600][4.589s][info][gc,metaspace   ] GC(28) Metaspace: 6212K(6464K)->6212K(6464K) NonClass: 5604K(5760K)->5604K(5760K) Class: 607K(704K)->607K(704K)
[2026-04-03T01:15:10.145+0600][4.589s][info][gc             ] GC(28) Pause Young (Normal) (G1 Evacuation Pause) 264M->26M(408M) 2.772ms
[2026-04-03T01:15:10.145+0600][4.589s][info][gc,cpu         ] GC(28) User=0.01s Sys=0.00s Real=0.00s
[2026-04-03T01:15:10.352+0600][4.797s][info][gc,start       ] GC(29) Pause Young (Normal) (G1 Evacuation Pause)
[2026-04-03T01:15:10.352+0600][4.797s][info][gc,task        ] GC(29) Using 10 workers of 10 for evacuation
[2026-04-03T01:15:10.355+0600][4.799s][info][gc,phases      ] GC(29)   Pre Evacuate Collection Set: 0.47ms
[2026-04-03T01:15:10.355+0600][4.799s][info][gc,phases      ] GC(29)   Merge Heap Roots: 0.12ms
[2026-04-03T01:15:10.355+0600][4.799s][info][gc,phases      ] GC(29)   Evacuate Collection Set: 1.34ms
[2026-04-03T01:15:10.355+0600][4.799s][info][gc,phases      ] GC(29)   Post Evacuate Collection Set: 0.53ms
[2026-04-03T01:15:10.355+0600][4.799s][info][gc,phases      ] GC(29)   Other: 0.09ms
[2026-04-03T01:15:10.355+0600][4.799s][info][gc,heap        ] GC(29) Eden regions: 119->0(119)
[2026-04-03T01:15:10.355+0600][4.799s][info][gc,heap        ] GC(29) Survivor regions: 3->3(16)
[2026-04-03T01:15:10.355+0600][4.799s][info][gc,heap        ] GC(29) Old regions: 8->8
[2026-04-03T01:15:10.355+0600][4.799s][info][gc,heap        ] GC(29) Humongous regions: 6->6
[2026-04-03T01:15:10.355+0600][4.799s][info][gc,metaspace   ] GC(29) Metaspace: 6213K(6464K)->6213K(6464K) NonClass: 5605K(5760K)->5605K(5760K) Class: 607K(704K)->607K(704K)
[2026-04-03T01:15:10.355+0600][4.799s][info][gc             ] GC(29) Pause Young (Normal) (G1 Evacuation Pause) 264M->26M(408M) 2.832ms
[2026-04-03T01:15:10.355+0600][4.799s][info][gc,cpu         ] GC(29) User=0.01s Sys=0.00s Real=0.00s
[2026-04-03T01:15:10.557+0600][5.001s][info][gc,start       ] GC(30) Pause Young (Normal) (G1 Evacuation Pause)
[2026-04-03T01:15:10.557+0600][5.001s][info][gc,task        ] GC(30) Using 10 workers of 10 for evacuation
[2026-04-03T01:15:10.559+0600][5.004s][info][gc,phases      ] GC(30)   Pre Evacuate Collection Set: 0.20ms
[2026-04-03T01:15:10.559+0600][5.004s][info][gc,phases      ] GC(30)   Merge Heap Roots: 0.15ms
[2026-04-03T01:15:10.559+0600][5.004s][info][gc,phases      ] GC(30)   Evacuate Collection Set: 1.38ms
[2026-04-03T01:15:10.560+0600][5.004s][info][gc,phases      ] GC(30)   Post Evacuate Collection Set: 0.56ms
[2026-04-03T01:15:10.560+0600][5.004s][info][gc,phases      ] GC(30)   Other: 0.10ms
[2026-04-03T01:15:10.560+0600][5.004s][info][gc,heap        ] GC(30) Eden regions: 119->0(119)
[2026-04-03T01:15:10.560+0600][5.004s][info][gc,heap        ] GC(30) Survivor regions: 3->3(16)
[2026-04-03T01:15:10.560+0600][5.004s][info][gc,heap        ] GC(30) Old regions: 8->8
[2026-04-03T01:15:10.560+0600][5.004s][info][gc,heap        ] GC(30) Humongous regions: 6->6
[2026-04-03T01:15:10.560+0600][5.004s][info][gc,metaspace   ] GC(30) Metaspace: 6213K(6464K)->6213K(6464K) NonClass: 5605K(5760K)->5605K(5760K) Class: 607K(704K)->607K(704K)
[2026-04-03T01:15:10.560+0600][5.004s][info][gc             ] GC(30) Pause Young (Normal) (G1 Evacuation Pause) 264M->26M(408M) 2.658ms
[2026-04-03T01:15:10.560+0600][5.004s][info][gc,cpu         ] GC(30) User=0.01s Sys=0.00s Real=0.00s
[2026-04-03T01:15:10.758+0600][5.202s][info][gc,start       ] GC(31) Pause Young (Normal) (G1 Evacuation Pause)
[2026-04-03T01:15:10.758+0600][5.202s][info][gc,task        ] GC(31) Using 10 workers of 10 for evacuation
[2026-04-03T01:15:10.760+0600][5.205s][info][gc,phases      ] GC(31)   Pre Evacuate Collection Set: 0.32ms
[2026-04-03T01:15:10.761+0600][5.205s][info][gc,phases      ] GC(31)   Merge Heap Roots: 0.08ms
[2026-04-03T01:15:10.761+0600][5.205s][info][gc,phases      ] GC(31)   Evacuate Collection Set: 1.42ms
[2026-04-03T01:15:10.761+0600][5.205s][info][gc,phases      ] GC(31)   Post Evacuate Collection Set: 0.51ms
[2026-04-03T01:15:10.761+0600][5.205s][info][gc,phases      ] GC(31)   Other: 0.10ms
[2026-04-03T01:15:10.761+0600][5.205s][info][gc,heap        ] GC(31) Eden regions: 119->0(119)
[2026-04-03T01:15:10.761+0600][5.205s][info][gc,heap        ] GC(31) Survivor regions: 3->3(16)
[2026-04-03T01:15:10.761+0600][5.205s][info][gc,heap        ] GC(31) Old regions: 8->8
[2026-04-03T01:15:10.761+0600][5.205s][info][gc,heap        ] GC(31) Humongous regions: 6->6
[2026-04-03T01:15:10.761+0600][5.205s][info][gc,metaspace   ] GC(31) Metaspace: 6213K(6464K)->6213K(6464K) NonClass: 5605K(5760K)->5605K(5760K) Class: 607K(704K)->607K(704K)
[2026-04-03T01:15:10.761+0600][5.205s][info][gc             ] GC(31) Pause Young (Normal) (G1 Evacuation Pause) 264M->26M(408M) 2.750ms
[2026-04-03T01:15:10.761+0600][5.205s][info][gc,cpu         ] GC(31) User=0.02s Sys=0.00s Real=0.01s
[2026-04-03T01:15:10.969+0600][5.413s][info][gc,start       ] GC(32) Pause Young (Normal) (G1 Evacuation Pause)
[2026-04-03T01:15:10.969+0600][5.413s][info][gc,task        ] GC(32) Using 10 workers of 10 for evacuation
[2026-04-03T01:15:10.972+0600][5.416s][info][gc,phases      ] GC(32)   Pre Evacuate Collection Set: 0.35ms
[2026-04-03T01:15:10.972+0600][5.416s][info][gc,phases      ] GC(32)   Merge Heap Roots: 0.17ms
[2026-04-03T01:15:10.972+0600][5.416s][info][gc,phases      ] GC(32)   Evacuate Collection Set: 1.44ms
[2026-04-03T01:15:10.972+0600][5.416s][info][gc,phases      ] GC(32)   Post Evacuate Collection Set: 0.76ms
[2026-04-03T01:15:10.972+0600][5.416s][info][gc,phases      ] GC(32)   Other: 0.11ms
[2026-04-03T01:15:10.972+0600][5.416s][info][gc,heap        ] GC(32) Eden regions: 119->0(119)
[2026-04-03T01:15:10.972+0600][5.416s][info][gc,heap        ] GC(32) Survivor regions: 3->3(16)
[2026-04-03T01:15:10.972+0600][5.416s][info][gc,heap        ] GC(32) Old regions: 8->8
[2026-04-03T01:15:10.972+0600][5.416s][info][gc,heap        ] GC(32) Humongous regions: 6->6
[2026-04-03T01:15:10.972+0600][5.416s][info][gc,metaspace   ] GC(32) Metaspace: 6213K(6464K)->6213K(6464K) NonClass: 5606K(5760K)->5606K(5760K) Class: 607K(704K)->607K(704K)
[2026-04-03T01:15:10.972+0600][5.416s][info][gc             ] GC(32) Pause Young (Normal) (G1 Evacuation Pause) 264M->26M(408M) 3.122ms
[2026-04-03T01:15:10.972+0600][5.416s][info][gc,cpu         ] GC(32) User=0.02s Sys=0.01s Real=0.01s
[2026-04-03T01:15:11.186+0600][5.630s][info][gc,start       ] GC(33) Pause Young (Normal) (G1 Evacuation Pause)
[2026-04-03T01:15:11.186+0600][5.630s][info][gc,task        ] GC(33) Using 10 workers of 10 for evacuation
[2026-04-03T01:15:11.189+0600][5.633s][info][gc,phases      ] GC(33)   Pre Evacuate Collection Set: 0.35ms
[2026-04-03T01:15:11.189+0600][5.633s][info][gc,phases      ] GC(33)   Merge Heap Roots: 0.17ms
[2026-04-03T01:15:11.189+0600][5.633s][info][gc,phases      ] GC(33)   Evacuate Collection Set: 1.49ms
[2026-04-03T01:15:11.189+0600][5.633s][info][gc,phases      ] GC(33)   Post Evacuate Collection Set: 0.52ms
[2026-04-03T01:15:11.189+0600][5.633s][info][gc,phases      ] GC(33)   Other: 0.08ms
[2026-04-03T01:15:11.189+0600][5.633s][info][gc,heap        ] GC(33) Eden regions: 119->0(119)
[2026-04-03T01:15:11.189+0600][5.633s][info][gc,heap        ] GC(33) Survivor regions: 3->3(16)
[2026-04-03T01:15:11.189+0600][5.633s][info][gc,heap        ] GC(33) Old regions: 8->8
[2026-04-03T01:15:11.189+0600][5.633s][info][gc,heap        ] GC(33) Humongous regions: 6->6
[2026-04-03T01:15:11.189+0600][5.633s][info][gc,metaspace   ] GC(33) Metaspace: 6226K(6464K)->6226K(6464K) NonClass: 5619K(5760K)->5619K(5760K) Class: 607K(704K)->607K(704K)
[2026-04-03T01:15:11.189+0600][5.633s][info][gc             ] GC(33) Pause Young (Normal) (G1 Evacuation Pause) 264M->26M(408M) 2.856ms
[2026-04-03T01:15:11.189+0600][5.633s][info][gc,cpu         ] GC(33) User=0.01s Sys=0.00s Real=0.00s
[2026-04-03T01:15:11.550+0600][5.994s][info][gc,start       ] GC(34) Pause Young (Normal) (G1 Evacuation Pause)
[2026-04-03T01:15:11.550+0600][5.994s][info][gc,task        ] GC(34) Using 10 workers of 10 for evacuation
[2026-04-03T01:15:11.553+0600][5.997s][info][gc,phases      ] GC(34)   Pre Evacuate Collection Set: 0.28ms
[2026-04-03T01:15:11.553+0600][5.997s][info][gc,phases      ] GC(34)   Merge Heap Roots: 0.17ms
[2026-04-03T01:15:11.553+0600][5.997s][info][gc,phases      ] GC(34)   Evacuate Collection Set: 1.49ms
[2026-04-03T01:15:11.553+0600][5.997s][info][gc,phases      ] GC(34)   Post Evacuate Collection Set: 0.71ms
[2026-04-03T01:15:11.553+0600][5.997s][info][gc,phases      ] GC(34)   Other: 0.17ms
[2026-04-03T01:15:11.553+0600][5.997s][info][gc,heap        ] GC(34) Eden regions: 119->0(119)
[2026-04-03T01:15:11.553+0600][5.997s][info][gc,heap        ] GC(34) Survivor regions: 3->3(16)
[2026-04-03T01:15:11.553+0600][5.997s][info][gc,heap        ] GC(34) Old regions: 8->8
[2026-04-03T01:15:11.553+0600][5.997s][info][gc,heap        ] GC(34) Humongous regions: 6->6
[2026-04-03T01:15:11.553+0600][5.997s][info][gc,metaspace   ] GC(34) Metaspace: 6226K(6464K)->6226K(6464K) NonClass: 5619K(5760K)->5619K(5760K) Class: 607K(704K)->607K(704K)
[2026-04-03T01:15:11.553+0600][5.997s][info][gc             ] GC(34) Pause Young (Normal) (G1 Evacuation Pause) 264M->26M(408M) 3.233ms
[2026-04-03T01:15:11.553+0600][5.997s][info][gc,cpu         ] GC(34) User=0.02s Sys=0.00s Real=0.01s
[2026-04-03T01:15:11.747+0600][6.191s][info][gc,start       ] GC(35) Pause Young (Normal) (G1 Evacuation Pause)
[2026-04-03T01:15:11.747+0600][6.191s][info][gc,task        ] GC(35) Using 10 workers of 10 for evacuation
[2026-04-03T01:15:11.749+0600][6.194s][info][gc,phases      ] GC(35)   Pre Evacuate Collection Set: 0.20ms
[2026-04-03T01:15:11.749+0600][6.194s][info][gc,phases      ] GC(35)   Merge Heap Roots: 0.13ms
[2026-04-03T01:15:11.749+0600][6.194s][info][gc,phases      ] GC(35)   Evacuate Collection Set: 1.44ms
[2026-04-03T01:15:11.749+0600][6.194s][info][gc,phases      ] GC(35)   Post Evacuate Collection Set: 0.55ms
[2026-04-03T01:15:11.749+0600][6.194s][info][gc,phases      ] GC(35)   Other: 0.09ms
[2026-04-03T01:15:11.750+0600][6.194s][info][gc,heap        ] GC(35) Eden regions: 119->0(119)
[2026-04-03T01:15:11.750+0600][6.194s][info][gc,heap        ] GC(35) Survivor regions: 3->3(16)
[2026-04-03T01:15:11.750+0600][6.194s][info][gc,heap        ] GC(35) Old regions: 8->8
[2026-04-03T01:15:11.750+0600][6.194s][info][gc,heap        ] GC(35) Humongous regions: 6->6
[2026-04-03T01:15:11.750+0600][6.194s][info][gc,metaspace   ] GC(35) Metaspace: 6226K(6464K)->6226K(6464K) NonClass: 5619K(5760K)->5619K(5760K) Class: 607K(704K)->607K(704K)
[2026-04-03T01:15:11.750+0600][6.194s][info][gc             ] GC(35) Pause Young (Normal) (G1 Evacuation Pause) 264M->26M(408M) 2.644ms
[2026-04-03T01:15:11.750+0600][6.194s][info][gc,cpu         ] GC(35) User=0.01s Sys=0.00s Real=0.00s
[2026-04-03T01:15:11.944+0600][6.388s][info][gc,start       ] GC(36) Pause Young (Normal) (G1 Evacuation Pause)
[2026-04-03T01:15:11.944+0600][6.388s][info][gc,task        ] GC(36) Using 10 workers of 10 for evacuation
[2026-04-03T01:15:11.947+0600][6.391s][info][gc,phases      ] GC(36)   Pre Evacuate Collection Set: 0.20ms
[2026-04-03T01:15:11.947+0600][6.391s][info][gc,phases      ] GC(36)   Merge Heap Roots: 0.14ms
[2026-04-03T01:15:11.947+0600][6.391s][info][gc,phases      ] GC(36)   Evacuate Collection Set: 2.09ms
[2026-04-03T01:15:11.947+0600][6.391s][info][gc,phases      ] GC(36)   Post Evacuate Collection Set: 0.50ms
[2026-04-03T01:15:11.947+0600][6.391s][info][gc,phases      ] GC(36)   Other: 0.09ms
[2026-04-03T01:15:11.947+0600][6.391s][info][gc,heap        ] GC(36) Eden regions: 119->0(119)
[2026-04-03T01:15:11.947+0600][6.391s][info][gc,heap        ] GC(36) Survivor regions: 3->3(16)
[2026-04-03T01:15:11.947+0600][6.391s][info][gc,heap        ] GC(36) Old regions: 8->8
[2026-04-03T01:15:11.947+0600][6.391s][info][gc,heap        ] GC(36) Humongous regions: 6->6
[2026-04-03T01:15:11.947+0600][6.391s][info][gc,metaspace   ] GC(36) Metaspace: 6226K(6464K)->6226K(6464K) NonClass: 5619K(5760K)->5619K(5760K) Class: 607K(704K)->607K(704K)
[2026-04-03T01:15:11.947+0600][6.391s][info][gc             ] GC(36) Pause Young (Normal) (G1 Evacuation Pause) 264M->26M(408M) 3.283ms
[2026-04-03T01:15:11.947+0600][6.391s][info][gc,cpu         ] GC(36) User=0.01s Sys=0.01s Real=0.00s
[2026-04-03T01:15:12.137+0600][6.581s][info][gc,start       ] GC(37) Pause Young (Normal) (G1 Evacuation Pause)
[2026-04-03T01:15:12.137+0600][6.581s][info][gc,task        ] GC(37) Using 10 workers of 10 for evacuation
[2026-04-03T01:15:12.139+0600][6.584s][info][gc,phases      ] GC(37)   Pre Evacuate Collection Set: 0.41ms
[2026-04-03T01:15:12.140+0600][6.584s][info][gc,phases      ] GC(37)   Merge Heap Roots: 0.09ms
[2026-04-03T01:15:12.140+0600][6.584s][info][gc,phases      ] GC(37)   Evacuate Collection Set: 1.44ms
[2026-04-03T01:15:12.140+0600][6.584s][info][gc,phases      ] GC(37)   Post Evacuate Collection Set: 0.45ms
[2026-04-03T01:15:12.140+0600][6.584s][info][gc,phases      ] GC(37)   Other: 0.10ms
[2026-04-03T01:15:12.140+0600][6.584s][info][gc,heap        ] GC(37) Eden regions: 119->0(119)
[2026-04-03T01:15:12.140+0600][6.584s][info][gc,heap        ] GC(37) Survivor regions: 3->3(16)
[2026-04-03T01:15:12.140+0600][6.584s][info][gc,heap        ] GC(37) Old regions: 8->8
[2026-04-03T01:15:12.140+0600][6.584s][info][gc,heap        ] GC(37) Humongous regions: 6->6
[2026-04-03T01:15:12.140+0600][6.584s][info][gc,metaspace   ] GC(37) Metaspace: 6226K(6464K)->6226K(6464K) NonClass: 5619K(5760K)->5619K(5760K) Class: 607K(704K)->607K(704K)
[2026-04-03T01:15:12.140+0600][6.584s][info][gc             ] GC(37) Pause Young (Normal) (G1 Evacuation Pause) 264M->26M(408M) 2.742ms
[2026-04-03T01:15:12.140+0600][6.584s][info][gc,cpu         ] GC(37) User=0.02s Sys=0.00s Real=0.00s
[2026-04-03T01:15:12.309+0600][6.753s][info][gc,start       ] GC(38) Pause Young (Normal) (G1 Evacuation Pause)
[2026-04-03T01:15:12.309+0600][6.753s][info][gc,task        ] GC(38) Using 10 workers of 10 for evacuation
[2026-04-03T01:15:12.312+0600][6.756s][info][gc,phases      ] GC(38)   Pre Evacuate Collection Set: 0.19ms
[2026-04-03T01:15:12.312+0600][6.756s][info][gc,phases      ] GC(38)   Merge Heap Roots: 0.17ms
[2026-04-03T01:15:12.312+0600][6.756s][info][gc,phases      ] GC(38)   Evacuate Collection Set: 1.66ms
[2026-04-03T01:15:12.312+0600][6.756s][info][gc,phases      ] GC(38)   Post Evacuate Collection Set: 0.56ms
[2026-04-03T01:15:12.312+0600][6.756s][info][gc,phases      ] GC(38)   Other: 0.10ms
[2026-04-03T01:15:12.312+0600][6.756s][info][gc,heap        ] GC(38) Eden regions: 119->0(119)
[2026-04-03T01:15:12.312+0600][6.756s][info][gc,heap        ] GC(38) Survivor regions: 3->3(16)
[2026-04-03T01:15:12.312+0600][6.756s][info][gc,heap        ] GC(38) Old regions: 8->8
[2026-04-03T01:15:12.312+0600][6.756s][info][gc,heap        ] GC(38) Humongous regions: 6->6
[2026-04-03T01:15:12.312+0600][6.756s][info][gc,metaspace   ] GC(38) Metaspace: 6226K(6464K)->6226K(6464K) NonClass: 5619K(5760K)->5619K(5760K) Class: 607K(704K)->607K(704K)
[2026-04-03T01:15:12.312+0600][6.756s][info][gc             ] GC(38) Pause Young (Normal) (G1 Evacuation Pause) 264M->26M(408M) 3.056ms
[2026-04-03T01:15:12.312+0600][6.756s][info][gc,cpu         ] GC(38) User=0.02s Sys=0.00s Real=0.01s
[2026-04-03T01:15:12.474+0600][6.918s][info][gc,start       ] GC(39) Pause Young (Normal) (G1 Evacuation Pause)
[2026-04-03T01:15:12.474+0600][6.918s][info][gc,task        ] GC(39) Using 10 workers of 10 for evacuation
[2026-04-03T01:15:12.477+0600][6.921s][info][gc,phases      ] GC(39)   Pre Evacuate Collection Set: 0.40ms
[2026-04-03T01:15:12.477+0600][6.921s][info][gc,phases      ] GC(39)   Merge Heap Roots: 0.21ms
[2026-04-03T01:15:12.477+0600][6.921s][info][gc,phases      ] GC(39)   Evacuate Collection Set: 1.60ms
[2026-04-03T01:15:12.477+0600][6.921s][info][gc,phases      ] GC(39)   Post Evacuate Collection Set: 0.53ms
[2026-04-03T01:15:12.477+0600][6.921s][info][gc,phases      ] GC(39)   Other: 0.15ms
[2026-04-03T01:15:12.477+0600][6.921s][info][gc,heap        ] GC(39) Eden regions: 119->0(119)
[2026-04-03T01:15:12.477+0600][6.921s][info][gc,heap        ] GC(39) Survivor regions: 3->3(16)
[2026-04-03T01:15:12.477+0600][6.921s][info][gc,heap        ] GC(39) Old regions: 8->8
[2026-04-03T01:15:12.477+0600][6.921s][info][gc,heap        ] GC(39) Humongous regions: 6->6
[2026-04-03T01:15:12.477+0600][6.921s][info][gc,metaspace   ] GC(39) Metaspace: 6226K(6464K)->6226K(6464K) NonClass: 5619K(5760K)->5619K(5760K) Class: 607K(704K)->607K(704K)
[2026-04-03T01:15:12.477+0600][6.921s][info][gc             ] GC(39) Pause Young (Normal) (G1 Evacuation Pause) 264M->26M(408M) 3.311ms
[2026-04-03T01:15:12.477+0600][6.921s][info][gc,cpu         ] GC(39) User=0.01s Sys=0.00s Real=0.00s
[2026-04-03T01:15:12.630+0600][7.074s][info][gc,start       ] GC(40) Pause Young (Normal) (G1 Evacuation Pause)
[2026-04-03T01:15:12.630+0600][7.074s][info][gc,task        ] GC(40) Using 10 workers of 10 for evacuation
[2026-04-03T01:15:12.633+0600][7.077s][info][gc,phases      ] GC(40)   Pre Evacuate Collection Set: 0.34ms
[2026-04-03T01:15:12.633+0600][7.077s][info][gc,phases      ] GC(40)   Merge Heap Roots: 0.12ms
[2026-04-03T01:15:12.633+0600][7.077s][info][gc,phases      ] GC(40)   Evacuate Collection Set: 1.35ms
[2026-04-03T01:15:12.633+0600][7.077s][info][gc,phases      ] GC(40)   Post Evacuate Collection Set: 0.62ms
[2026-04-03T01:15:12.633+0600][7.077s][info][gc,phases      ] GC(40)   Other: 0.10ms
[2026-04-03T01:15:12.633+0600][7.077s][info][gc,heap        ] GC(40) Eden regions: 119->0(119)
[2026-04-03T01:15:12.633+0600][7.077s][info][gc,heap        ] GC(40) Survivor regions: 3->3(16)
[2026-04-03T01:15:12.633+0600][7.077s][info][gc,heap        ] GC(40) Old regions: 8->8
[2026-04-03T01:15:12.633+0600][7.077s][info][gc,heap        ] GC(40) Humongous regions: 6->6
[2026-04-03T01:15:12.633+0600][7.077s][info][gc,metaspace   ] GC(40) Metaspace: 6226K(6464K)->6226K(6464K) NonClass: 5619K(5760K)->5619K(5760K) Class: 607K(704K)->607K(704K)
[2026-04-03T01:15:12.633+0600][7.077s][info][gc             ] GC(40) Pause Young (Normal) (G1 Evacuation Pause) 264M->27M(408M) 2.999ms
[2026-04-03T01:15:12.633+0600][7.077s][info][gc,cpu         ] GC(40) User=0.02s Sys=0.00s Real=0.00s
[2026-04-03T01:15:12.774+0600][7.218s][info][gc,start       ] GC(41) Pause Young (Normal) (G1 Evacuation Pause)
[2026-04-03T01:15:12.774+0600][7.218s][info][gc,task        ] GC(41) Using 10 workers of 10 for evacuation
[2026-04-03T01:15:12.777+0600][7.221s][info][gc,phases      ] GC(41)   Pre Evacuate Collection Set: 0.28ms
[2026-04-03T01:15:12.777+0600][7.221s][info][gc,phases      ] GC(41)   Merge Heap Roots: 0.18ms
[2026-04-03T01:15:12.777+0600][7.221s][info][gc,phases      ] GC(41)   Evacuate Collection Set: 1.32ms
[2026-04-03T01:15:12.777+0600][7.221s][info][gc,phases      ] GC(41)   Post Evacuate Collection Set: 0.72ms
[2026-04-03T01:15:12.777+0600][7.221s][info][gc,phases      ] GC(41)   Other: 0.12ms
[2026-04-03T01:15:12.777+0600][7.221s][info][gc,heap        ] GC(41) Eden regions: 119->0(119)
[2026-04-03T01:15:12.777+0600][7.221s][info][gc,heap        ] GC(41) Survivor regions: 3->3(16)
[2026-04-03T01:15:12.777+0600][7.221s][info][gc,heap        ] GC(41) Old regions: 8->8
[2026-04-03T01:15:12.777+0600][7.221s][info][gc,heap        ] GC(41) Humongous regions: 6->6
[2026-04-03T01:15:12.777+0600][7.221s][info][gc,metaspace   ] GC(41) Metaspace: 6226K(6464K)->6226K(6464K) NonClass: 5619K(5760K)->5619K(5760K) Class: 607K(704K)->607K(704K)
[2026-04-03T01:15:12.777+0600][7.221s][info][gc             ] GC(41) Pause Young (Normal) (G1 Evacuation Pause) 265M->26M(408M) 3.067ms
[2026-04-03T01:15:12.777+0600][7.221s][info][gc,cpu         ] GC(41) User=0.02s Sys=0.00s Real=0.00s
[2026-04-03T01:15:12.917+0600][7.361s][info][gc,start       ] GC(42) Pause Young (Normal) (G1 Evacuation Pause)
[2026-04-03T01:15:12.917+0600][7.361s][info][gc,task        ] GC(42) Using 10 workers of 10 for evacuation
[2026-04-03T01:15:12.919+0600][7.364s][info][gc,phases      ] GC(42)   Pre Evacuate Collection Set: 0.42ms
[2026-04-03T01:15:12.919+0600][7.364s][info][gc,phases      ] GC(42)   Merge Heap Roots: 0.15ms
[2026-04-03T01:15:12.919+0600][7.364s][info][gc,phases      ] GC(42)   Evacuate Collection Set: 1.42ms
[2026-04-03T01:15:12.919+0600][7.364s][info][gc,phases      ] GC(42)   Post Evacuate Collection Set: 0.51ms
[2026-04-03T01:15:12.919+0600][7.364s][info][gc,phases      ] GC(42)   Other: 0.13ms
[2026-04-03T01:15:12.919+0600][7.364s][info][gc,heap        ] GC(42) Eden regions: 119->0(119)
[2026-04-03T01:15:12.919+0600][7.364s][info][gc,heap        ] GC(42) Survivor regions: 3->3(16)
[2026-04-03T01:15:12.919+0600][7.364s][info][gc,heap        ] GC(42) Old regions: 8->8
[2026-04-03T01:15:12.919+0600][7.364s][info][gc,heap        ] GC(42) Humongous regions: 6->6
[2026-04-03T01:15:12.919+0600][7.364s][info][gc,metaspace   ] GC(42) Metaspace: 6226K(6464K)->6226K(6464K) NonClass: 5619K(5760K)->5619K(5760K) Class: 607K(704K)->607K(704K)
[2026-04-03T01:15:12.920+0600][7.364s][info][gc             ] GC(42) Pause Young (Normal) (G1 Evacuation Pause) 264M->26M(408M) 3.004ms
[2026-04-03T01:15:12.920+0600][7.364s][info][gc,cpu         ] GC(42) User=0.01s Sys=0.01s Real=0.00s
[2026-04-03T01:15:13.073+0600][7.517s][info][gc,start       ] GC(43) Pause Young (Normal) (G1 Evacuation Pause)
[2026-04-03T01:15:13.073+0600][7.517s][info][gc,task        ] GC(43) Using 10 workers of 10 for evacuation
[2026-04-03T01:15:13.075+0600][7.520s][info][gc,phases      ] GC(43)   Pre Evacuate Collection Set: 0.38ms
[2026-04-03T01:15:13.075+0600][7.520s][info][gc,phases      ] GC(43)   Merge Heap Roots: 0.08ms
[2026-04-03T01:15:13.075+0600][7.520s][info][gc,phases      ] GC(43)   Evacuate Collection Set: 1.32ms
[2026-04-03T01:15:13.075+0600][7.520s][info][gc,phases      ] GC(43)   Post Evacuate Collection Set: 0.57ms
[2026-04-03T01:15:13.076+0600][7.520s][info][gc,phases      ] GC(43)   Other: 0.09ms
[2026-04-03T01:15:13.076+0600][7.520s][info][gc,heap        ] GC(43) Eden regions: 119->0(119)
[2026-04-03T01:15:13.076+0600][7.520s][info][gc,heap        ] GC(43) Survivor regions: 3->3(16)
[2026-04-03T01:15:13.076+0600][7.520s][info][gc,heap        ] GC(43) Old regions: 8->8
[2026-04-03T01:15:13.076+0600][7.520s][info][gc,heap        ] GC(43) Humongous regions: 6->6
[2026-04-03T01:15:13.076+0600][7.520s][info][gc,metaspace   ] GC(43) Metaspace: 6226K(6464K)->6226K(6464K) NonClass: 5619K(5760K)->5619K(5760K) Class: 607K(704K)->607K(704K)
[2026-04-03T01:15:13.076+0600][7.520s][info][gc             ] GC(43) Pause Young (Normal) (G1 Evacuation Pause) 264M->26M(408M) 2.695ms
[2026-04-03T01:15:13.076+0600][7.520s][info][gc,cpu         ] GC(43) User=0.01s Sys=0.00s Real=0.00s
[2026-04-03T01:15:13.245+0600][7.689s][info][gc,start       ] GC(44) Pause Young (Normal) (G1 Evacuation Pause)
[2026-04-03T01:15:13.245+0600][7.689s][info][gc,task        ] GC(44) Using 10 workers of 10 for evacuation
[2026-04-03T01:15:13.247+0600][7.691s][info][gc,phases      ] GC(44)   Pre Evacuate Collection Set: 0.19ms
[2026-04-03T01:15:13.247+0600][7.691s][info][gc,phases      ] GC(44)   Merge Heap Roots: 0.11ms
[2026-04-03T01:15:13.247+0600][7.691s][info][gc,phases      ] GC(44)   Evacuate Collection Set: 1.31ms
[2026-04-03T01:15:13.247+0600][7.691s][info][gc,phases      ] GC(44)   Post Evacuate Collection Set: 0.32ms
[2026-04-03T01:15:13.247+0600][7.691s][info][gc,phases      ] GC(44)   Other: 0.08ms
[2026-04-03T01:15:13.247+0600][7.691s][info][gc,heap        ] GC(44) Eden regions: 119->0(119)
[2026-04-03T01:15:13.247+0600][7.691s][info][gc,heap        ] GC(44) Survivor regions: 3->3(16)
[2026-04-03T01:15:13.247+0600][7.691s][info][gc,heap        ] GC(44) Old regions: 8->8
[2026-04-03T01:15:13.247+0600][7.691s][info][gc,heap        ] GC(44) Humongous regions: 6->6
[2026-04-03T01:15:13.247+0600][7.691s][info][gc,metaspace   ] GC(44) Metaspace: 6226K(6464K)->6226K(6464K) NonClass: 5619K(5760K)->5619K(5760K) Class: 607K(704K)->607K(704K)
[2026-04-03T01:15:13.247+0600][7.691s][info][gc             ] GC(44) Pause Young (Normal) (G1 Evacuation Pause) 264M->26M(408M) 2.214ms
[2026-04-03T01:15:13.247+0600][7.691s][info][gc,cpu         ] GC(44) User=0.01s Sys=0.00s Real=0.00s
[2026-04-03T01:15:13.407+0600][7.851s][info][gc,start       ] GC(45) Pause Young (Normal) (G1 Evacuation Pause)
[2026-04-03T01:15:13.407+0600][7.851s][info][gc,task        ] GC(45) Using 10 workers of 10 for evacuation
[2026-04-03T01:15:13.409+0600][7.854s][info][gc,phases      ] GC(45)   Pre Evacuate Collection Set: 0.22ms
[2026-04-03T01:15:13.409+0600][7.854s][info][gc,phases      ] GC(45)   Merge Heap Roots: 0.12ms
[2026-04-03T01:15:13.409+0600][7.854s][info][gc,phases      ] GC(45)   Evacuate Collection Set: 1.39ms
[2026-04-03T01:15:13.409+0600][7.854s][info][gc,phases      ] GC(45)   Post Evacuate Collection Set: 0.60ms
[2026-04-03T01:15:13.409+0600][7.854s][info][gc,phases      ] GC(45)   Other: 0.17ms
[2026-04-03T01:15:13.409+0600][7.854s][info][gc,heap        ] GC(45) Eden regions: 119->0(119)
[2026-04-03T01:15:13.409+0600][7.854s][info][gc,heap        ] GC(45) Survivor regions: 3->3(16)
[2026-04-03T01:15:13.409+0600][7.854s][info][gc,heap        ] GC(45) Old regions: 8->8
[2026-04-03T01:15:13.409+0600][7.854s][info][gc,heap        ] GC(45) Humongous regions: 6->6
[2026-04-03T01:15:13.409+0600][7.854s][info][gc,metaspace   ] GC(45) Metaspace: 6226K(6464K)->6226K(6464K) NonClass: 5619K(5760K)->5619K(5760K) Class: 607K(704K)->607K(704K)
[2026-04-03T01:15:13.409+0600][7.854s][info][gc             ] GC(45) Pause Young (Normal) (G1 Evacuation Pause) 264M->26M(408M) 2.867ms
[2026-04-03T01:15:13.410+0600][7.854s][info][gc,cpu         ] GC(45) User=0.01s Sys=0.01s Real=0.00s
[2026-04-03T01:15:13.571+0600][8.015s][info][gc,start       ] GC(46) Pause Young (Normal) (G1 Evacuation Pause)
[2026-04-03T01:15:13.571+0600][8.015s][info][gc,task        ] GC(46) Using 10 workers of 10 for evacuation
[2026-04-03T01:15:13.573+0600][8.018s][info][gc,phases      ] GC(46)   Pre Evacuate Collection Set: 0.26ms
[2026-04-03T01:15:13.573+0600][8.018s][info][gc,phases      ] GC(46)   Merge Heap Roots: 0.15ms
[2026-04-03T01:15:13.573+0600][8.018s][info][gc,phases      ] GC(46)   Evacuate Collection Set: 1.38ms
[2026-04-03T01:15:13.573+0600][8.018s][info][gc,phases      ] GC(46)   Post Evacuate Collection Set: 0.47ms
[2026-04-03T01:15:13.573+0600][8.018s][info][gc,phases      ] GC(46)   Other: 0.08ms
[2026-04-03T01:15:13.573+0600][8.018s][info][gc,heap        ] GC(46) Eden regions: 119->0(119)
[2026-04-03T01:15:13.573+0600][8.018s][info][gc,heap        ] GC(46) Survivor regions: 3->3(16)
[2026-04-03T01:15:13.573+0600][8.018s][info][gc,heap        ] GC(46) Old regions: 8->8
[2026-04-03T01:15:13.573+0600][8.018s][info][gc,heap        ] GC(46) Humongous regions: 6->6
[2026-04-03T01:15:13.573+0600][8.018s][info][gc,metaspace   ] GC(46) Metaspace: 6226K(6464K)->6226K(6464K) NonClass: 5619K(5760K)->5619K(5760K) Class: 607K(704K)->607K(704K)
[2026-04-03T01:15:13.573+0600][8.018s][info][gc             ] GC(46) Pause Young (Normal) (G1 Evacuation Pause) 264M->26M(408M) 2.568ms
[2026-04-03T01:15:13.573+0600][8.018s][info][gc,cpu         ] GC(46) User=0.00s Sys=0.01s Real=0.00s
[2026-04-03T01:15:13.763+0600][8.208s][info][gc,start       ] GC(47) Pause Young (Normal) (G1 Evacuation Pause)
[2026-04-03T01:15:13.763+0600][8.208s][info][gc,task        ] GC(47) Using 10 workers of 10 for evacuation
[2026-04-03T01:15:13.766+0600][8.211s][info][gc,phases      ] GC(47)   Pre Evacuate Collection Set: 0.24ms
[2026-04-03T01:15:13.766+0600][8.211s][info][gc,phases      ] GC(47)   Merge Heap Roots: 0.19ms
[2026-04-03T01:15:13.766+0600][8.211s][info][gc,phases      ] GC(47)   Evacuate Collection Set: 1.53ms
[2026-04-03T01:15:13.766+0600][8.211s][info][gc,phases      ] GC(47)   Post Evacuate Collection Set: 0.71ms
[2026-04-03T01:15:13.766+0600][8.211s][info][gc,phases      ] GC(47)   Other: 0.10ms
[2026-04-03T01:15:13.766+0600][8.211s][info][gc,heap        ] GC(47) Eden regions: 119->0(119)
[2026-04-03T01:15:13.766+0600][8.211s][info][gc,heap        ] GC(47) Survivor regions: 3->3(16)
[2026-04-03T01:15:13.766+0600][8.211s][info][gc,heap        ] GC(47) Old regions: 8->8
[2026-04-03T01:15:13.766+0600][8.211s][info][gc,heap        ] GC(47) Humongous regions: 6->6
[2026-04-03T01:15:13.766+0600][8.211s][info][gc,metaspace   ] GC(47) Metaspace: 6226K(6464K)->6226K(6464K) NonClass: 5619K(5760K)->5619K(5760K) Class: 607K(704K)->607K(704K)
[2026-04-03T01:15:13.766+0600][8.211s][info][gc             ] GC(47) Pause Young (Normal) (G1 Evacuation Pause) 264M->26M(408M) 3.079ms
[2026-04-03T01:15:13.766+0600][8.211s][info][gc,cpu         ] GC(47) User=0.02s Sys=0.00s Real=0.00s
[2026-04-03T01:15:13.932+0600][8.376s][info][gc,start       ] GC(48) Pause Young (Normal) (G1 Evacuation Pause)
[2026-04-03T01:15:13.932+0600][8.376s][info][gc,task        ] GC(48) Using 10 workers of 10 for evacuation
[2026-04-03T01:15:13.935+0600][8.379s][info][gc,phases      ] GC(48)   Pre Evacuate Collection Set: 0.32ms
[2026-04-03T01:15:13.935+0600][8.379s][info][gc,phases      ] GC(48)   Merge Heap Roots: 0.11ms
[2026-04-03T01:15:13.935+0600][8.379s][info][gc,phases      ] GC(48)   Evacuate Collection Set: 1.50ms
[2026-04-03T01:15:13.935+0600][8.379s][info][gc,phases      ] GC(48)   Post Evacuate Collection Set: 0.58ms
[2026-04-03T01:15:13.935+0600][8.379s][info][gc,phases      ] GC(48)   Other: 0.12ms
[2026-04-03T01:15:13.935+0600][8.379s][info][gc,heap        ] GC(48) Eden regions: 119->0(119)
[2026-04-03T01:15:13.935+0600][8.379s][info][gc,heap        ] GC(48) Survivor regions: 3->3(16)
[2026-04-03T01:15:13.935+0600][8.379s][info][gc,heap        ] GC(48) Old regions: 8->8
[2026-04-03T01:15:13.935+0600][8.379s][info][gc,heap        ] GC(48) Humongous regions: 6->6
[2026-04-03T01:15:13.935+0600][8.379s][info][gc,metaspace   ] GC(48) Metaspace: 6226K(6464K)->6226K(6464K) NonClass: 5619K(5760K)->5619K(5760K) Class: 607K(704K)->607K(704K)
[2026-04-03T01:15:13.935+0600][8.379s][info][gc             ] GC(48) Pause Young (Normal) (G1 Evacuation Pause) 264M->27M(408M) 2.943ms
[2026-04-03T01:15:13.935+0600][8.379s][info][gc,cpu         ] GC(48) User=0.02s Sys=0.00s Real=0.00s
[2026-04-03T01:15:14.102+0600][8.547s][info][gc,start       ] GC(49) Pause Young (Normal) (G1 Evacuation Pause)
[2026-04-03T01:15:14.102+0600][8.547s][info][gc,task        ] GC(49) Using 10 workers of 10 for evacuation
[2026-04-03T01:15:14.105+0600][8.549s][info][gc,phases      ] GC(49)   Pre Evacuate Collection Set: 0.25ms
[2026-04-03T01:15:14.105+0600][8.549s][info][gc,phases      ] GC(49)   Merge Heap Roots: 0.17ms
[2026-04-03T01:15:14.105+0600][8.549s][info][gc,phases      ] GC(49)   Evacuate Collection Set: 1.27ms
[2026-04-03T01:15:14.105+0600][8.549s][info][gc,phases      ] GC(49)   Post Evacuate Collection Set: 0.42ms
[2026-04-03T01:15:14.105+0600][8.549s][info][gc,phases      ] GC(49)   Other: 0.07ms
[2026-04-03T01:15:14.105+0600][8.549s][info][gc,heap        ] GC(49) Eden regions: 119->0(119)
[2026-04-03T01:15:14.105+0600][8.549s][info][gc,heap        ] GC(49) Survivor regions: 3->3(16)
[2026-04-03T01:15:14.105+0600][8.549s][info][gc,heap        ] GC(49) Old regions: 8->8
[2026-04-03T01:15:14.105+0600][8.549s][info][gc,heap        ] GC(49) Humongous regions: 6->6
[2026-04-03T01:15:14.105+0600][8.549s][info][gc,metaspace   ] GC(49) Metaspace: 6226K(6464K)->6226K(6464K) NonClass: 5619K(5760K)->5619K(5760K) Class: 607K(704K)->607K(704K)
[2026-04-03T01:15:14.105+0600][8.549s][info][gc             ] GC(49) Pause Young (Normal) (G1 Evacuation Pause) 265M->26M(408M) 2.376ms
[2026-04-03T01:15:14.105+0600][8.549s][info][gc,cpu         ] GC(49) User=0.02s Sys=0.00s Real=0.00s
[2026-04-03T01:15:14.306+0600][8.750s][info][gc,start       ] GC(50) Pause Young (Normal) (G1 Evacuation Pause)
[2026-04-03T01:15:14.306+0600][8.750s][info][gc,task        ] GC(50) Using 10 workers of 10 for evacuation
[2026-04-03T01:15:14.309+0600][8.753s][info][gc,phases      ] GC(50)   Pre Evacuate Collection Set: 0.31ms
[2026-04-03T01:15:14.309+0600][8.753s][info][gc,phases      ] GC(50)   Merge Heap Roots: 0.24ms
[2026-04-03T01:15:14.309+0600][8.753s][info][gc,phases      ] GC(50)   Evacuate Collection Set: 1.41ms
[2026-04-03T01:15:14.309+0600][8.753s][info][gc,phases      ] GC(50)   Post Evacuate Collection Set: 0.67ms
[2026-04-03T01:15:14.309+0600][8.753s][info][gc,phases      ] GC(50)   Other: 0.12ms
[2026-04-03T01:15:14.309+0600][8.753s][info][gc,heap        ] GC(50) Eden regions: 119->0(120)
[2026-04-03T01:15:14.309+0600][8.753s][info][gc,heap        ] GC(50) Survivor regions: 3->2(16)
[2026-04-03T01:15:14.309+0600][8.753s][info][gc,heap        ] GC(50) Old regions: 8->8
[2026-04-03T01:15:14.309+0600][8.753s][info][gc,heap        ] GC(50) Humongous regions: 6->6
[2026-04-03T01:15:14.309+0600][8.753s][info][gc,metaspace   ] GC(50) Metaspace: 6226K(6464K)->6226K(6464K) NonClass: 5619K(5760K)->5619K(5760K) Class: 607K(704K)->607K(704K)
[2026-04-03T01:15:14.309+0600][8.753s][info][gc             ] GC(50) Pause Young (Normal) (G1 Evacuation Pause) 264M->26M(408M) 3.180ms
[2026-04-03T01:15:14.309+0600][8.753s][info][gc,cpu         ] GC(50) User=0.01s Sys=0.01s Real=0.00s
[2026-04-03T01:15:14.540+0600][8.984s][info][gc,start       ] GC(51) Pause Young (Normal) (G1 Evacuation Pause)
[2026-04-03T01:15:14.540+0600][8.984s][info][gc,task        ] GC(51) Using 10 workers of 10 for evacuation
[2026-04-03T01:15:14.543+0600][8.987s][info][gc,phases      ] GC(51)   Pre Evacuate Collection Set: 0.36ms
[2026-04-03T01:15:14.543+0600][8.987s][info][gc,phases      ] GC(51)   Merge Heap Roots: 0.14ms
[2026-04-03T01:15:14.543+0600][8.987s][info][gc,phases      ] GC(51)   Evacuate Collection Set: 1.60ms
[2026-04-03T01:15:14.543+0600][8.987s][info][gc,phases      ] GC(51)   Post Evacuate Collection Set: 0.61ms
[2026-04-03T01:15:14.543+0600][8.987s][info][gc,phases      ] GC(51)   Other: 0.10ms
[2026-04-03T01:15:14.543+0600][8.987s][info][gc,heap        ] GC(51) Eden regions: 120->0(119)
[2026-04-03T01:15:14.543+0600][8.987s][info][gc,heap        ] GC(51) Survivor regions: 2->3(16)
[2026-04-03T01:15:14.543+0600][8.987s][info][gc,heap        ] GC(51) Old regions: 8->8
[2026-04-03T01:15:14.543+0600][8.987s][info][gc,heap        ] GC(51) Humongous regions: 6->6
[2026-04-03T01:15:14.543+0600][8.987s][info][gc,metaspace   ] GC(51) Metaspace: 6226K(6464K)->6226K(6464K) NonClass: 5619K(5760K)->5619K(5760K) Class: 607K(704K)->607K(704K)
[2026-04-03T01:15:14.543+0600][8.987s][info][gc             ] GC(51) Pause Young (Normal) (G1 Evacuation Pause) 266M->26M(408M) 3.113ms
[2026-04-03T01:15:14.543+0600][8.987s][info][gc,cpu         ] GC(51) User=0.02s Sys=0.00s Real=0.00s
[2026-04-03T01:15:14.773+0600][9.217s][info][gc,start       ] GC(52) Pause Young (Normal) (G1 Evacuation Pause)
[2026-04-03T01:15:14.773+0600][9.217s][info][gc,task        ] GC(52) Using 10 workers of 10 for evacuation
[2026-04-03T01:15:14.775+0600][9.220s][info][gc,phases      ] GC(52)   Pre Evacuate Collection Set: 0.19ms
[2026-04-03T01:15:14.775+0600][9.220s][info][gc,phases      ] GC(52)   Merge Heap Roots: 0.12ms
[2026-04-03T01:15:14.775+0600][9.220s][info][gc,phases      ] GC(52)   Evacuate Collection Set: 1.37ms
[2026-04-03T01:15:14.775+0600][9.220s][info][gc,phases      ] GC(52)   Post Evacuate Collection Set: 0.38ms
[2026-04-03T01:15:14.775+0600][9.220s][info][gc,phases      ] GC(52)   Other: 0.08ms
[2026-04-03T01:15:14.775+0600][9.220s][info][gc,heap        ] GC(52) Eden regions: 119->0(119)
[2026-04-03T01:15:14.775+0600][9.220s][info][gc,heap        ] GC(52) Survivor regions: 3->3(16)
[2026-04-03T01:15:14.775+0600][9.220s][info][gc,heap        ] GC(52) Old regions: 8->8
[2026-04-03T01:15:14.775+0600][9.220s][info][gc,heap        ] GC(52) Humongous regions: 6->6
[2026-04-03T01:15:14.775+0600][9.220s][info][gc,metaspace   ] GC(52) Metaspace: 6226K(6464K)->6226K(6464K) NonClass: 5619K(5760K)->5619K(5760K) Class: 607K(704K)->607K(704K)
[2026-04-03T01:15:14.775+0600][9.220s][info][gc             ] GC(52) Pause Young (Normal) (G1 Evacuation Pause) 264M->26M(408M) 2.361ms
[2026-04-03T01:15:14.775+0600][9.220s][info][gc,cpu         ] GC(52) User=0.00s Sys=0.01s Real=0.00s
[2026-04-03T01:15:14.983+0600][9.427s][info][gc,start       ] GC(53) Pause Young (Normal) (G1 Evacuation Pause)
[2026-04-03T01:15:14.983+0600][9.427s][info][gc,task        ] GC(53) Using 10 workers of 10 for evacuation
[2026-04-03T01:15:14.985+0600][9.429s][info][gc,phases      ] GC(53)   Pre Evacuate Collection Set: 0.24ms
[2026-04-03T01:15:14.985+0600][9.429s][info][gc,phases      ] GC(53)   Merge Heap Roots: 0.11ms
[2026-04-03T01:15:14.985+0600][9.429s][info][gc,phases      ] GC(53)   Evacuate Collection Set: 1.41ms
[2026-04-03T01:15:14.985+0600][9.429s][info][gc,phases      ] GC(53)   Post Evacuate Collection Set: 0.40ms
[2026-04-03T01:15:14.985+0600][9.429s][info][gc,phases      ] GC(53)   Other: 0.10ms
[2026-04-03T01:15:14.985+0600][9.429s][info][gc,heap        ] GC(53) Eden regions: 119->0(119)
[2026-04-03T01:15:14.985+0600][9.429s][info][gc,heap        ] GC(53) Survivor regions: 3->3(16)
[2026-04-03T01:15:14.985+0600][9.429s][info][gc,heap        ] GC(53) Old regions: 8->8
[2026-04-03T01:15:14.985+0600][9.429s][info][gc,heap        ] GC(53) Humongous regions: 6->6
[2026-04-03T01:15:14.985+0600][9.429s][info][gc,metaspace   ] GC(53) Metaspace: 6226K(6464K)->6226K(6464K) NonClass: 5619K(5760K)->5619K(5760K) Class: 607K(704K)->607K(704K)
[2026-04-03T01:15:14.985+0600][9.429s][info][gc             ] GC(53) Pause Young (Normal) (G1 Evacuation Pause) 264M->26M(408M) 2.511ms
[2026-04-03T01:15:14.985+0600][9.429s][info][gc,cpu         ] GC(53) User=0.02s Sys=0.00s Real=0.00s
[2026-04-03T01:15:15.313+0600][9.758s][info][gc,start       ] GC(54) Pause Young (Normal) (G1 Evacuation Pause)
[2026-04-03T01:15:15.313+0600][9.758s][info][gc,task        ] GC(54) Using 10 workers of 10 for evacuation
[2026-04-03T01:15:15.316+0600][9.761s][info][gc,phases      ] GC(54)   Pre Evacuate Collection Set: 0.34ms
[2026-04-03T01:15:15.316+0600][9.761s][info][gc,phases      ] GC(54)   Merge Heap Roots: 0.19ms
[2026-04-03T01:15:15.316+0600][9.761s][info][gc,phases      ] GC(54)   Evacuate Collection Set: 1.95ms
[2026-04-03T01:15:15.316+0600][9.761s][info][gc,phases      ] GC(54)   Post Evacuate Collection Set: 0.41ms
[2026-04-03T01:15:15.316+0600][9.761s][info][gc,phases      ] GC(54)   Other: 0.11ms
[2026-04-03T01:15:15.316+0600][9.761s][info][gc,heap        ] GC(54) Eden regions: 119->0(119)
[2026-04-03T01:15:15.316+0600][9.761s][info][gc,heap        ] GC(54) Survivor regions: 3->3(16)
[2026-04-03T01:15:15.316+0600][9.761s][info][gc,heap        ] GC(54) Old regions: 8->8
[2026-04-03T01:15:15.316+0600][9.761s][info][gc,heap        ] GC(54) Humongous regions: 6->6
[2026-04-03T01:15:15.316+0600][9.761s][info][gc,metaspace   ] GC(54) Metaspace: 6226K(6464K)->6226K(6464K) NonClass: 5619K(5760K)->5619K(5760K) Class: 607K(704K)->607K(704K)
[2026-04-03T01:15:15.317+0600][9.761s][info][gc             ] GC(54) Pause Young (Normal) (G1 Evacuation Pause) 264M->26M(408M) 3.282ms
[2026-04-03T01:15:15.317+0600][9.761s][info][gc,cpu         ] GC(54) User=0.02s Sys=0.00s Real=0.00s
[2026-04-03T01:15:15.551+0600][9.996s][info][gc,start       ] GC(55) Pause Young (Normal) (G1 Evacuation Pause)
[2026-04-03T01:15:15.551+0600][9.996s][info][gc,task        ] GC(55) Using 10 workers of 10 for evacuation
[2026-04-03T01:15:15.554+0600][9.998s][info][gc,phases      ] GC(55)   Pre Evacuate Collection Set: 0.23ms
[2026-04-03T01:15:15.554+0600][9.998s][info][gc,phases      ] GC(55)   Merge Heap Roots: 0.17ms
[2026-04-03T01:15:15.554+0600][9.998s][info][gc,phases      ] GC(55)   Evacuate Collection Set: 1.55ms
[2026-04-03T01:15:15.554+0600][9.998s][info][gc,phases      ] GC(55)   Post Evacuate Collection Set: 0.52ms
[2026-04-03T01:15:15.554+0600][9.998s][info][gc,phases      ] GC(55)   Other: 0.11ms
[2026-04-03T01:15:15.554+0600][9.998s][info][gc,heap        ] GC(55) Eden regions: 119->0(119)
[2026-04-03T01:15:15.554+0600][9.998s][info][gc,heap        ] GC(55) Survivor regions: 3->3(16)
[2026-04-03T01:15:15.554+0600][9.998s][info][gc,heap        ] GC(55) Old regions: 8->8
[2026-04-03T01:15:15.554+0600][9.998s][info][gc,heap        ] GC(55) Humongous regions: 6->6
[2026-04-03T01:15:15.554+0600][9.998s][info][gc,metaspace   ] GC(55) Metaspace: 6232K(6464K)->6232K(6464K) NonClass: 5624K(5760K)->5624K(5760K) Class: 607K(704K)->607K(704K)
[2026-04-03T01:15:15.554+0600][9.998s][info][gc             ] GC(55) Pause Young (Normal) (G1 Evacuation Pause) 264M->26M(408M) 2.899ms
[2026-04-03T01:15:15.554+0600][9.998s][info][gc,cpu         ] GC(55) User=0.02s Sys=0.00s Real=0.00s
[2026-04-03T01:15:15.764+0600][10.208s][info][gc,start       ] GC(56) Pause Young (Normal) (G1 Evacuation Pause)
[2026-04-03T01:15:15.764+0600][10.208s][info][gc,task        ] GC(56) Using 10 workers of 10 for evacuation
[2026-04-03T01:15:15.766+0600][10.211s][info][gc,phases      ] GC(56)   Pre Evacuate Collection Set: 0.29ms
[2026-04-03T01:15:15.766+0600][10.211s][info][gc,phases      ] GC(56)   Merge Heap Roots: 0.08ms
[2026-04-03T01:15:15.766+0600][10.211s][info][gc,phases      ] GC(56)   Evacuate Collection Set: 1.31ms
[2026-04-03T01:15:15.766+0600][10.211s][info][gc,phases      ] GC(56)   Post Evacuate Collection Set: 0.35ms
[2026-04-03T01:15:15.766+0600][10.211s][info][gc,phases      ] GC(56)   Other: 0.08ms
[2026-04-03T01:15:15.766+0600][10.211s][info][gc,heap        ] GC(56) Eden regions: 119->0(119)
[2026-04-03T01:15:15.766+0600][10.211s][info][gc,heap        ] GC(56) Survivor regions: 3->3(16)
[2026-04-03T01:15:15.766+0600][10.211s][info][gc,heap        ] GC(56) Old regions: 8->8
[2026-04-03T01:15:15.766+0600][10.211s][info][gc,heap        ] GC(56) Humongous regions: 6->6
[2026-04-03T01:15:15.766+0600][10.211s][info][gc,metaspace   ] GC(56) Metaspace: 6232K(6464K)->6232K(6464K) NonClass: 5624K(5760K)->5624K(5760K) Class: 607K(704K)->607K(704K)
[2026-04-03T01:15:15.766+0600][10.211s][info][gc             ] GC(56) Pause Young (Normal) (G1 Evacuation Pause) 264M->26M(408M) 2.380ms
[2026-04-03T01:15:15.766+0600][10.211s][info][gc,cpu         ] GC(56) User=0.02s Sys=0.00s Real=0.00s
[2026-04-03T01:15:15.951+0600][10.395s][info][gc,start       ] GC(57) Pause Young (Normal) (G1 Evacuation Pause)
[2026-04-03T01:15:15.951+0600][10.395s][info][gc,task        ] GC(57) Using 10 workers of 10 for evacuation
[2026-04-03T01:15:15.954+0600][10.398s][info][gc,phases      ] GC(57)   Pre Evacuate Collection Set: 0.32ms
[2026-04-03T01:15:15.954+0600][10.398s][info][gc,phases      ] GC(57)   Merge Heap Roots: 0.13ms
[2026-04-03T01:15:15.954+0600][10.398s][info][gc,phases      ] GC(57)   Evacuate Collection Set: 1.50ms
[2026-04-03T01:15:15.954+0600][10.398s][info][gc,phases      ] GC(57)   Post Evacuate Collection Set: 0.47ms
[2026-04-03T01:15:15.954+0600][10.398s][info][gc,phases      ] GC(57)   Other: 0.10ms
[2026-04-03T01:15:15.954+0600][10.398s][info][gc,heap        ] GC(57) Eden regions: 119->0(119)
[2026-04-03T01:15:15.954+0600][10.398s][info][gc,heap        ] GC(57) Survivor regions: 3->3(16)
[2026-04-03T01:15:15.954+0600][10.398s][info][gc,heap        ] GC(57) Old regions: 8->8
[2026-04-03T01:15:15.954+0600][10.398s][info][gc,heap        ] GC(57) Humongous regions: 6->6
[2026-04-03T01:15:15.954+0600][10.398s][info][gc,metaspace   ] GC(57) Metaspace: 6232K(6464K)->6232K(6464K) NonClass: 5624K(5760K)->5624K(5760K) Class: 607K(704K)->607K(704K)
[2026-04-03T01:15:15.954+0600][10.398s][info][gc             ] GC(57) Pause Young (Normal) (G1 Evacuation Pause) 264M->26M(408M) 2.989ms
[2026-04-03T01:15:15.954+0600][10.398s][info][gc,cpu         ] GC(57) User=0.02s Sys=0.00s Real=0.00s
[2026-04-03T01:15:16.191+0600][10.635s][info][gc,start       ] GC(58) Pause Young (Normal) (G1 Evacuation Pause)
[2026-04-03T01:15:16.191+0600][10.636s][info][gc,task        ] GC(58) Using 10 workers of 10 for evacuation
[2026-04-03T01:15:16.195+0600][10.640s][info][gc,phases      ] GC(58)   Pre Evacuate Collection Set: 0.34ms
[2026-04-03T01:15:16.195+0600][10.640s][info][gc,phases      ] GC(58)   Merge Heap Roots: 0.27ms
[2026-04-03T01:15:16.195+0600][10.640s][info][gc,phases      ] GC(58)   Evacuate Collection Set: 2.87ms
[2026-04-03T01:15:16.195+0600][10.640s][info][gc,phases      ] GC(58)   Post Evacuate Collection Set: 0.58ms
[2026-04-03T01:15:16.195+0600][10.640s][info][gc,phases      ] GC(58)   Other: 0.13ms
[2026-04-03T01:15:16.196+0600][10.640s][info][gc,heap        ] GC(58) Eden regions: 119->0(119)
[2026-04-03T01:15:16.196+0600][10.640s][info][gc,heap        ] GC(58) Survivor regions: 3->3(16)
[2026-04-03T01:15:16.196+0600][10.640s][info][gc,heap        ] GC(58) Old regions: 8->8
[2026-04-03T01:15:16.196+0600][10.640s][info][gc,heap        ] GC(58) Humongous regions: 6->6
[2026-04-03T01:15:16.196+0600][10.640s][info][gc,metaspace   ] GC(58) Metaspace: 6232K(6464K)->6232K(6464K) NonClass: 5624K(5760K)->5624K(5760K) Class: 607K(704K)->607K(704K)
[2026-04-03T01:15:16.196+0600][10.640s][info][gc             ] GC(58) Pause Young (Normal) (G1 Evacuation Pause) 264M->26M(408M) 4.515ms
[2026-04-03T01:15:16.196+0600][10.640s][info][gc,cpu         ] GC(58) User=0.02s Sys=0.00s Real=0.00s
[2026-04-03T01:15:16.446+0600][10.890s][info][gc,start       ] GC(59) Pause Young (Normal) (G1 Evacuation Pause)
[2026-04-03T01:15:16.446+0600][10.890s][info][gc,task        ] GC(59) Using 10 workers of 10 for evacuation
[2026-04-03T01:15:16.449+0600][10.893s][info][gc,phases      ] GC(59)   Pre Evacuate Collection Set: 0.41ms
[2026-04-03T01:15:16.449+0600][10.893s][info][gc,phases      ] GC(59)   Merge Heap Roots: 0.14ms
[2026-04-03T01:15:16.449+0600][10.893s][info][gc,phases      ] GC(59)   Evacuate Collection Set: 1.69ms
[2026-04-03T01:15:16.449+0600][10.893s][info][gc,phases      ] GC(59)   Post Evacuate Collection Set: 0.37ms
[2026-04-03T01:15:16.449+0600][10.893s][info][gc,phases      ] GC(59)   Other: 0.09ms
[2026-04-03T01:15:16.449+0600][10.893s][info][gc,heap        ] GC(59) Eden regions: 119->0(119)
[2026-04-03T01:15:16.449+0600][10.893s][info][gc,heap        ] GC(59) Survivor regions: 3->3(16)
[2026-04-03T01:15:16.449+0600][10.893s][info][gc,heap        ] GC(59) Old regions: 8->8
[2026-04-03T01:15:16.449+0600][10.893s][info][gc,heap        ] GC(59) Humongous regions: 6->6
[2026-04-03T01:15:16.449+0600][10.893s][info][gc,metaspace   ] GC(59) Metaspace: 6232K(6464K)->6232K(6464K) NonClass: 5624K(5760K)->5624K(5760K) Class: 607K(704K)->607K(704K)
[2026-04-03T01:15:16.449+0600][10.893s][info][gc             ] GC(59) Pause Young (Normal) (G1 Evacuation Pause) 264M->26M(408M) 2.978ms
[2026-04-03T01:15:16.449+0600][10.893s][info][gc,cpu         ] GC(59) User=0.02s Sys=0.00s Real=0.00s
[2026-04-03T01:15:16.697+0600][11.141s][info][gc,start       ] GC(60) Pause Young (Normal) (G1 Evacuation Pause)
[2026-04-03T01:15:16.697+0600][11.141s][info][gc,task        ] GC(60) Using 10 workers of 10 for evacuation
[2026-04-03T01:15:16.700+0600][11.144s][info][gc,phases      ] GC(60)   Pre Evacuate Collection Set: 0.38ms
[2026-04-03T01:15:16.700+0600][11.144s][info][gc,phases      ] GC(60)   Merge Heap Roots: 0.16ms
[2026-04-03T01:15:16.700+0600][11.144s][info][gc,phases      ] GC(60)   Evacuate Collection Set: 1.49ms
[2026-04-03T01:15:16.700+0600][11.144s][info][gc,phases      ] GC(60)   Post Evacuate Collection Set: 0.77ms
[2026-04-03T01:15:16.700+0600][11.144s][info][gc,phases      ] GC(60)   Other: 0.10ms
[2026-04-03T01:15:16.700+0600][11.144s][info][gc,heap        ] GC(60) Eden regions: 119->0(119)
[2026-04-03T01:15:16.700+0600][11.144s][info][gc,heap        ] GC(60) Survivor regions: 3->3(16)
[2026-04-03T01:15:16.700+0600][11.144s][info][gc,heap        ] GC(60) Old regions: 8->8
[2026-04-03T01:15:16.700+0600][11.144s][info][gc,heap        ] GC(60) Humongous regions: 6->6
[2026-04-03T01:15:16.700+0600][11.144s][info][gc,metaspace   ] GC(60) Metaspace: 6232K(6464K)->6232K(6464K) NonClass: 5624K(5760K)->5624K(5760K) Class: 607K(704K)->607K(704K)
[2026-04-03T01:15:16.700+0600][11.144s][info][gc             ] GC(60) Pause Young (Normal) (G1 Evacuation Pause) 264M->26M(408M) 3.226ms
[2026-04-03T01:15:16.700+0600][11.144s][info][gc,cpu         ] GC(60) User=0.02s Sys=0.00s Real=0.01s
[2026-04-03T01:15:16.936+0600][11.380s][info][gc,start       ] GC(61) Pause Young (Normal) (G1 Evacuation Pause)
[2026-04-03T01:15:16.936+0600][11.380s][info][gc,task        ] GC(61) Using 10 workers of 10 for evacuation
[2026-04-03T01:15:16.939+0600][11.384s][info][gc,phases      ] GC(61)   Pre Evacuate Collection Set: 0.40ms
[2026-04-03T01:15:16.939+0600][11.384s][info][gc,phases      ] GC(61)   Merge Heap Roots: 0.22ms
[2026-04-03T01:15:16.939+0600][11.384s][info][gc,phases      ] GC(61)   Evacuate Collection Set: 1.63ms
[2026-04-03T01:15:16.939+0600][11.384s][info][gc,phases      ] GC(61)   Post Evacuate Collection Set: 0.70ms
[2026-04-03T01:15:16.939+0600][11.384s][info][gc,phases      ] GC(61)   Other: 0.13ms
[2026-04-03T01:15:16.939+0600][11.384s][info][gc,heap        ] GC(61) Eden regions: 119->0(119)
[2026-04-03T01:15:16.939+0600][11.384s][info][gc,heap        ] GC(61) Survivor regions: 3->3(16)
[2026-04-03T01:15:16.939+0600][11.384s][info][gc,heap        ] GC(61) Old regions: 8->8
[2026-04-03T01:15:16.939+0600][11.384s][info][gc,heap        ] GC(61) Humongous regions: 6->6
[2026-04-03T01:15:16.939+0600][11.384s][info][gc,metaspace   ] GC(61) Metaspace: 6232K(6464K)->6232K(6464K) NonClass: 5624K(5760K)->5624K(5760K) Class: 607K(704K)->607K(704K)
[2026-04-03T01:15:16.939+0600][11.384s][info][gc             ] GC(61) Pause Young (Normal) (G1 Evacuation Pause) 264M->26M(408M) 3.491ms
[2026-04-03T01:15:16.940+0600][11.384s][info][gc,cpu         ] GC(61) User=0.01s Sys=0.00s Real=0.00s
[2026-04-03T01:15:17.169+0600][11.614s][info][gc,start       ] GC(62) Pause Young (Normal) (G1 Evacuation Pause)
[2026-04-03T01:15:17.170+0600][11.614s][info][gc,task        ] GC(62) Using 10 workers of 10 for evacuation
[2026-04-03T01:15:17.172+0600][11.617s][info][gc,phases      ] GC(62)   Pre Evacuate Collection Set: 0.35ms
[2026-04-03T01:15:17.173+0600][11.617s][info][gc,phases      ] GC(62)   Merge Heap Roots: 0.17ms
[2026-04-03T01:15:17.173+0600][11.617s][info][gc,phases      ] GC(62)   Evacuate Collection Set: 1.56ms
[2026-04-03T01:15:17.173+0600][11.617s][info][gc,phases      ] GC(62)   Post Evacuate Collection Set: 0.71ms
[2026-04-03T01:15:17.173+0600][11.617s][info][gc,phases      ] GC(62)   Other: 0.11ms
[2026-04-03T01:15:17.173+0600][11.617s][info][gc,heap        ] GC(62) Eden regions: 119->0(119)
[2026-04-03T01:15:17.173+0600][11.617s][info][gc,heap        ] GC(62) Survivor regions: 3->3(16)
[2026-04-03T01:15:17.173+0600][11.617s][info][gc,heap        ] GC(62) Old regions: 8->8
[2026-04-03T01:15:17.173+0600][11.617s][info][gc,heap        ] GC(62) Humongous regions: 6->6
[2026-04-03T01:15:17.173+0600][11.617s][info][gc,metaspace   ] GC(62) Metaspace: 6232K(6464K)->6232K(6464K) NonClass: 5624K(5760K)->5624K(5760K) Class: 607K(704K)->607K(704K)
[2026-04-03T01:15:17.173+0600][11.617s][info][gc             ] GC(62) Pause Young (Normal) (G1 Evacuation Pause) 264M->26M(408M) 3.243ms
[2026-04-03T01:15:17.173+0600][11.617s][info][gc,cpu         ] GC(62) User=0.01s Sys=0.00s Real=0.01s
[2026-04-03T01:15:17.381+0600][11.825s][info][gc,start       ] GC(63) Pause Young (Normal) (G1 Evacuation Pause)
[2026-04-03T01:15:17.381+0600][11.825s][info][gc,task        ] GC(63) Using 10 workers of 10 for evacuation
[2026-04-03T01:15:17.384+0600][11.828s][info][gc,phases      ] GC(63)   Pre Evacuate Collection Set: 0.43ms
[2026-04-03T01:15:17.384+0600][11.828s][info][gc,phases      ] GC(63)   Merge Heap Roots: 0.17ms
[2026-04-03T01:15:17.384+0600][11.828s][info][gc,phases      ] GC(63)   Evacuate Collection Set: 1.46ms
[2026-04-03T01:15:17.384+0600][11.828s][info][gc,phases      ] GC(63)   Post Evacuate Collection Set: 0.43ms
[2026-04-03T01:15:17.384+0600][11.828s][info][gc,phases      ] GC(63)   Other: 0.12ms
[2026-04-03T01:15:17.384+0600][11.828s][info][gc,heap        ] GC(63) Eden regions: 119->0(119)
[2026-04-03T01:15:17.384+0600][11.828s][info][gc,heap        ] GC(63) Survivor regions: 3->3(16)
[2026-04-03T01:15:17.384+0600][11.828s][info][gc,heap        ] GC(63) Old regions: 8->8
[2026-04-03T01:15:17.384+0600][11.828s][info][gc,heap        ] GC(63) Humongous regions: 6->6
[2026-04-03T01:15:17.384+0600][11.828s][info][gc,metaspace   ] GC(63) Metaspace: 6232K(6464K)->6232K(6464K) NonClass: 5624K(5760K)->5624K(5760K) Class: 607K(704K)->607K(704K)
[2026-04-03T01:15:17.384+0600][11.828s][info][gc             ] GC(63) Pause Young (Normal) (G1 Evacuation Pause) 264M->26M(408M) 2.984ms
[2026-04-03T01:15:17.384+0600][11.828s][info][gc,cpu         ] GC(63) User=0.02s Sys=0.00s Real=0.00s
[2026-04-03T01:15:17.771+0600][12.215s][info][gc,start       ] GC(64) Pause Young (Normal) (G1 Evacuation Pause)
[2026-04-03T01:15:17.771+0600][12.215s][info][gc,task        ] GC(64) Using 10 workers of 10 for evacuation
[2026-04-03T01:15:17.774+0600][12.218s][info][gc,phases      ] GC(64)   Pre Evacuate Collection Set: 0.49ms
[2026-04-03T01:15:17.774+0600][12.218s][info][gc,phases      ] GC(64)   Merge Heap Roots: 0.13ms
[2026-04-03T01:15:17.774+0600][12.218s][info][gc,phases      ] GC(64)   Evacuate Collection Set: 1.62ms
[2026-04-03T01:15:17.774+0600][12.218s][info][gc,phases      ] GC(64)   Post Evacuate Collection Set: 0.47ms
[2026-04-03T01:15:17.774+0600][12.218s][info][gc,phases      ] GC(64)   Other: 0.14ms
[2026-04-03T01:15:17.774+0600][12.218s][info][gc,heap        ] GC(64) Eden regions: 119->0(119)
[2026-04-03T01:15:17.774+0600][12.218s][info][gc,heap        ] GC(64) Survivor regions: 3->3(16)
[2026-04-03T01:15:17.774+0600][12.218s][info][gc,heap        ] GC(64) Old regions: 8->8
[2026-04-03T01:15:17.774+0600][12.218s][info][gc,heap        ] GC(64) Humongous regions: 6->6
[2026-04-03T01:15:17.774+0600][12.218s][info][gc,metaspace   ] GC(64) Metaspace: 6232K(6464K)->6232K(6464K) NonClass: 5624K(5760K)->5624K(5760K) Class: 607K(704K)->607K(704K)
[2026-04-03T01:15:17.774+0600][12.218s][info][gc             ] GC(64) Pause Young (Normal) (G1 Evacuation Pause) 264M->26M(408M) 3.175ms
[2026-04-03T01:15:17.774+0600][12.218s][info][gc,cpu         ] GC(64) User=0.02s Sys=0.00s Real=0.00s
[2026-04-03T01:15:17.970+0600][12.415s][info][gc,start       ] GC(65) Pause Young (Normal) (G1 Evacuation Pause)
[2026-04-03T01:15:17.970+0600][12.415s][info][gc,task        ] GC(65) Using 10 workers of 10 for evacuation
[2026-04-03T01:15:17.973+0600][12.417s][info][gc,phases      ] GC(65)   Pre Evacuate Collection Set: 0.27ms
[2026-04-03T01:15:17.973+0600][12.418s][info][gc,phases      ] GC(65)   Merge Heap Roots: 0.18ms
[2026-04-03T01:15:17.973+0600][12.418s][info][gc,phases      ] GC(65)   Evacuate Collection Set: 1.78ms
[2026-04-03T01:15:17.973+0600][12.418s][info][gc,phases      ] GC(65)   Post Evacuate Collection Set: 0.50ms
[2026-04-03T01:15:17.973+0600][12.418s][info][gc,phases      ] GC(65)   Other: 0.10ms
[2026-04-03T01:15:17.973+0600][12.418s][info][gc,heap        ] GC(65) Eden regions: 119->0(119)
[2026-04-03T01:15:17.973+0600][12.418s][info][gc,heap        ] GC(65) Survivor regions: 3->3(16)
[2026-04-03T01:15:17.973+0600][12.418s][info][gc,heap        ] GC(65) Old regions: 8->8
[2026-04-03T01:15:17.973+0600][12.418s][info][gc,heap        ] GC(65) Humongous regions: 6->6
[2026-04-03T01:15:17.973+0600][12.418s][info][gc,metaspace   ] GC(65) Metaspace: 6232K(6464K)->6232K(6464K) NonClass: 5624K(5760K)->5624K(5760K) Class: 607K(704K)->607K(704K)
[2026-04-03T01:15:17.973+0600][12.418s][info][gc             ] GC(65) Pause Young (Normal) (G1 Evacuation Pause) 264M->26M(408M) 3.176ms
[2026-04-03T01:15:17.973+0600][12.418s][info][gc,cpu         ] GC(65) User=0.01s Sys=0.00s Real=0.00s
[2026-04-03T01:15:18.193+0600][12.637s][info][gc,start       ] GC(66) Pause Young (Normal) (G1 Evacuation Pause)
[2026-04-03T01:15:18.193+0600][12.637s][info][gc,task        ] GC(66) Using 10 workers of 10 for evacuation
[2026-04-03T01:15:18.196+0600][12.640s][info][gc,phases      ] GC(66)   Pre Evacuate Collection Set: 0.33ms
[2026-04-03T01:15:18.196+0600][12.641s][info][gc,phases      ] GC(66)   Merge Heap Roots: 0.16ms
[2026-04-03T01:15:18.196+0600][12.641s][info][gc,phases      ] GC(66)   Evacuate Collection Set: 1.96ms
[2026-04-03T01:15:18.196+0600][12.641s][info][gc,phases      ] GC(66)   Post Evacuate Collection Set: 0.61ms
[2026-04-03T01:15:18.196+0600][12.641s][info][gc,phases      ] GC(66)   Other: 0.09ms
[2026-04-03T01:15:18.196+0600][12.641s][info][gc,heap        ] GC(66) Eden regions: 119->0(119)
[2026-04-03T01:15:18.196+0600][12.641s][info][gc,heap        ] GC(66) Survivor regions: 3->3(16)
[2026-04-03T01:15:18.196+0600][12.641s][info][gc,heap        ] GC(66) Old regions: 8->8
[2026-04-03T01:15:18.196+0600][12.641s][info][gc,heap        ] GC(66) Humongous regions: 6->6
[2026-04-03T01:15:18.196+0600][12.641s][info][gc,metaspace   ] GC(66) Metaspace: 6232K(6464K)->6232K(6464K) NonClass: 5624K(5760K)->5624K(5760K) Class: 607K(704K)->607K(704K)
[2026-04-03T01:15:18.196+0600][12.641s][info][gc             ] GC(66) Pause Young (Normal) (G1 Evacuation Pause) 264M->26M(408M) 3.448ms
[2026-04-03T01:15:18.196+0600][12.641s][info][gc,cpu         ] GC(66) User=0.02s Sys=0.00s Real=0.00s
[2026-04-03T01:15:18.398+0600][12.843s][info][gc,start       ] GC(67) Pause Young (Normal) (G1 Evacuation Pause)
[2026-04-03T01:15:18.398+0600][12.843s][info][gc,task        ] GC(67) Using 10 workers of 10 for evacuation
[2026-04-03T01:15:18.401+0600][12.845s][info][gc,phases      ] GC(67)   Pre Evacuate Collection Set: 0.24ms
[2026-04-03T01:15:18.401+0600][12.845s][info][gc,phases      ] GC(67)   Merge Heap Roots: 0.20ms
[2026-04-03T01:15:18.401+0600][12.845s][info][gc,phases      ] GC(67)   Evacuate Collection Set: 1.29ms
[2026-04-03T01:15:18.401+0600][12.845s][info][gc,phases      ] GC(67)   Post Evacuate Collection Set: 0.38ms
[2026-04-03T01:15:18.401+0600][12.845s][info][gc,phases      ] GC(67)   Other: 0.08ms
[2026-04-03T01:15:18.401+0600][12.845s][info][gc,heap        ] GC(67) Eden regions: 119->0(119)
[2026-04-03T01:15:18.401+0600][12.845s][info][gc,heap        ] GC(67) Survivor regions: 3->3(16)
[2026-04-03T01:15:18.401+0600][12.845s][info][gc,heap        ] GC(67) Old regions: 8->8
[2026-04-03T01:15:18.401+0600][12.845s][info][gc,heap        ] GC(67) Humongous regions: 6->6
[2026-04-03T01:15:18.401+0600][12.845s][info][gc,metaspace   ] GC(67) Metaspace: 6232K(6464K)->6232K(6464K) NonClass: 5624K(5760K)->5624K(5760K) Class: 607K(704K)->607K(704K)
[2026-04-03T01:15:18.401+0600][12.845s][info][gc             ] GC(67) Pause Young (Normal) (G1 Evacuation Pause) 264M->26M(408M) 2.508ms
[2026-04-03T01:15:18.401+0600][12.845s][info][gc,cpu         ] GC(67) User=0.01s Sys=0.00s Real=0.01s
[2026-04-03T01:15:18.593+0600][13.037s][info][gc,start       ] GC(68) Pause Young (Normal) (G1 Evacuation Pause)
[2026-04-03T01:15:18.593+0600][13.037s][info][gc,task        ] GC(68) Using 10 workers of 10 for evacuation
[2026-04-03T01:15:18.596+0600][13.040s][info][gc,phases      ] GC(68)   Pre Evacuate Collection Set: 0.28ms
[2026-04-03T01:15:18.596+0600][13.040s][info][gc,phases      ] GC(68)   Merge Heap Roots: 0.10ms
[2026-04-03T01:15:18.596+0600][13.040s][info][gc,phases      ] GC(68)   Evacuate Collection Set: 1.73ms
[2026-04-03T01:15:18.596+0600][13.040s][info][gc,phases      ] GC(68)   Post Evacuate Collection Set: 0.44ms
[2026-04-03T01:15:18.596+0600][13.040s][info][gc,phases      ] GC(68)   Other: 0.12ms
[2026-04-03T01:15:18.596+0600][13.040s][info][gc,heap        ] GC(68) Eden regions: 119->0(119)
[2026-04-03T01:15:18.596+0600][13.040s][info][gc,heap        ] GC(68) Survivor regions: 3->3(16)
[2026-04-03T01:15:18.596+0600][13.040s][info][gc,heap        ] GC(68) Old regions: 8->8
[2026-04-03T01:15:18.596+0600][13.040s][info][gc,heap        ] GC(68) Humongous regions: 6->6
[2026-04-03T01:15:18.596+0600][13.040s][info][gc,metaspace   ] GC(68) Metaspace: 6232K(6464K)->6232K(6464K) NonClass: 5624K(5760K)->5624K(5760K) Class: 607K(704K)->607K(704K)
[2026-04-03T01:15:18.596+0600][13.040s][info][gc             ] GC(68) Pause Young (Normal) (G1 Evacuation Pause) 264M->26M(408M) 2.955ms
[2026-04-03T01:15:18.596+0600][13.040s][info][gc,cpu         ] GC(68) User=0.02s Sys=0.00s Real=0.00s
[2026-04-03T01:15:18.800+0600][13.244s][info][gc,start       ] GC(69) Pause Young (Normal) (G1 Evacuation Pause)
[2026-04-03T01:15:18.800+0600][13.244s][info][gc,task        ] GC(69) Using 10 workers of 10 for evacuation
[2026-04-03T01:15:18.802+0600][13.247s][info][gc,phases      ] GC(69)   Pre Evacuate Collection Set: 0.22ms
[2026-04-03T01:15:18.802+0600][13.247s][info][gc,phases      ] GC(69)   Merge Heap Roots: 0.12ms
[2026-04-03T01:15:18.802+0600][13.247s][info][gc,phases      ] GC(69)   Evacuate Collection Set: 1.33ms
[2026-04-03T01:15:18.802+0600][13.247s][info][gc,phases      ] GC(69)   Post Evacuate Collection Set: 0.55ms
[2026-04-03T01:15:18.802+0600][13.247s][info][gc,phases      ] GC(69)   Other: 0.12ms
[2026-04-03T01:15:18.802+0600][13.247s][info][gc,heap        ] GC(69) Eden regions: 119->0(119)
[2026-04-03T01:15:18.802+0600][13.247s][info][gc,heap        ] GC(69) Survivor regions: 3->3(16)
[2026-04-03T01:15:18.802+0600][13.247s][info][gc,heap        ] GC(69) Old regions: 8->8
[2026-04-03T01:15:18.802+0600][13.247s][info][gc,heap        ] GC(69) Humongous regions: 6->6
[2026-04-03T01:15:18.802+0600][13.247s][info][gc,metaspace   ] GC(69) Metaspace: 6232K(6464K)->6232K(6464K) NonClass: 5624K(5760K)->5624K(5760K) Class: 607K(704K)->607K(704K)
[2026-04-03T01:15:18.802+0600][13.247s][info][gc             ] GC(69) Pause Young (Normal) (G1 Evacuation Pause) 264M->26M(408M) 2.616ms
[2026-04-03T01:15:18.802+0600][13.247s][info][gc,cpu         ] GC(69) User=0.02s Sys=0.00s Real=0.00s
[2026-04-03T01:15:19.001+0600][13.445s][info][gc,start       ] GC(70) Pause Young (Normal) (G1 Evacuation Pause)
[2026-04-03T01:15:19.001+0600][13.445s][info][gc,task        ] GC(70) Using 10 workers of 10 for evacuation
[2026-04-03T01:15:19.004+0600][13.448s][info][gc,phases      ] GC(70)   Pre Evacuate Collection Set: 0.23ms
[2026-04-03T01:15:19.004+0600][13.448s][info][gc,phases      ] GC(70)   Merge Heap Roots: 0.11ms
[2026-04-03T01:15:19.004+0600][13.448s][info][gc,phases      ] GC(70)   Evacuate Collection Set: 1.79ms
[2026-04-03T01:15:19.004+0600][13.448s][info][gc,phases      ] GC(70)   Post Evacuate Collection Set: 0.39ms
[2026-04-03T01:15:19.004+0600][13.448s][info][gc,phases      ] GC(70)   Other: 0.09ms
[2026-04-03T01:15:19.004+0600][13.448s][info][gc,heap        ] GC(70) Eden regions: 119->0(119)
[2026-04-03T01:15:19.004+0600][13.448s][info][gc,heap        ] GC(70) Survivor regions: 3->3(16)
[2026-04-03T01:15:19.004+0600][13.448s][info][gc,heap        ] GC(70) Old regions: 8->8
[2026-04-03T01:15:19.004+0600][13.448s][info][gc,heap        ] GC(70) Humongous regions: 6->6
[2026-04-03T01:15:19.004+0600][13.448s][info][gc,metaspace   ] GC(70) Metaspace: 6232K(6464K)->6232K(6464K) NonClass: 5624K(5760K)->5624K(5760K) Class: 607K(704K)->607K(704K)
[2026-04-03T01:15:19.004+0600][13.448s][info][gc             ] GC(70) Pause Young (Normal) (G1 Evacuation Pause) 264M->26M(408M) 2.886ms
[2026-04-03T01:15:19.004+0600][13.448s][info][gc,cpu         ] GC(70) User=0.03s Sys=0.00s Real=0.00s
[2026-04-03T01:15:19.200+0600][13.644s][info][gc,start       ] GC(71) Pause Young (Normal) (G1 Evacuation Pause)
[2026-04-03T01:15:19.200+0600][13.644s][info][gc,task        ] GC(71) Using 10 workers of 10 for evacuation
[2026-04-03T01:15:19.202+0600][13.646s][info][gc,phases      ] GC(71)   Pre Evacuate Collection Set: 0.18ms
[2026-04-03T01:15:19.202+0600][13.646s][info][gc,phases      ] GC(71)   Merge Heap Roots: 0.10ms
[2026-04-03T01:15:19.202+0600][13.646s][info][gc,phases      ] GC(71)   Evacuate Collection Set: 1.42ms
[2026-04-03T01:15:19.202+0600][13.646s][info][gc,phases      ] GC(71)   Post Evacuate Collection Set: 0.33ms
[2026-04-03T01:15:19.202+0600][13.646s][info][gc,phases      ] GC(71)   Other: 0.08ms
[2026-04-03T01:15:19.202+0600][13.646s][info][gc,heap        ] GC(71) Eden regions: 119->0(119)
[2026-04-03T01:15:19.202+0600][13.646s][info][gc,heap        ] GC(71) Survivor regions: 3->3(16)
[2026-04-03T01:15:19.202+0600][13.646s][info][gc,heap        ] GC(71) Old regions: 8->8
[2026-04-03T01:15:19.202+0600][13.646s][info][gc,heap        ] GC(71) Humongous regions: 6->6
[2026-04-03T01:15:19.202+0600][13.646s][info][gc,metaspace   ] GC(71) Metaspace: 6232K(6464K)->6232K(6464K) NonClass: 5624K(5760K)->5624K(5760K) Class: 607K(704K)->607K(704K)
[2026-04-03T01:15:19.202+0600][13.646s][info][gc             ] GC(71) Pause Young (Normal) (G1 Evacuation Pause) 264M->26M(408M) 2.354ms
[2026-04-03T01:15:19.202+0600][13.646s][info][gc,cpu         ] GC(71) User=0.01s Sys=0.00s Real=0.00s
[2026-04-03T01:15:19.395+0600][13.839s][info][gc,start       ] GC(72) Pause Young (Normal) (G1 Evacuation Pause)
[2026-04-03T01:15:19.395+0600][13.839s][info][gc,task        ] GC(72) Using 10 workers of 10 for evacuation
[2026-04-03T01:15:19.398+0600][13.842s][info][gc,phases      ] GC(72)   Pre Evacuate Collection Set: 0.21ms
[2026-04-03T01:15:19.398+0600][13.842s][info][gc,phases      ] GC(72)   Merge Heap Roots: 0.10ms
[2026-04-03T01:15:19.398+0600][13.842s][info][gc,phases      ] GC(72)   Evacuate Collection Set: 1.54ms
[2026-04-03T01:15:19.398+0600][13.842s][info][gc,phases      ] GC(72)   Post Evacuate Collection Set: 0.57ms
[2026-04-03T01:15:19.398+0600][13.842s][info][gc,phases      ] GC(72)   Other: 0.09ms
[2026-04-03T01:15:19.398+0600][13.842s][info][gc,heap        ] GC(72) Eden regions: 119->0(119)
[2026-04-03T01:15:19.398+0600][13.842s][info][gc,heap        ] GC(72) Survivor regions: 3->3(16)
[2026-04-03T01:15:19.398+0600][13.842s][info][gc,heap        ] GC(72) Old regions: 8->8
[2026-04-03T01:15:19.398+0600][13.842s][info][gc,heap        ] GC(72) Humongous regions: 6->6
[2026-04-03T01:15:19.398+0600][13.842s][info][gc,metaspace   ] GC(72) Metaspace: 6232K(6464K)->6232K(6464K) NonClass: 5624K(5760K)->5624K(5760K) Class: 607K(704K)->607K(704K)
[2026-04-03T01:15:19.398+0600][13.842s][info][gc             ] GC(72) Pause Young (Normal) (G1 Evacuation Pause) 264M->26M(408M) 2.860ms
[2026-04-03T01:15:19.398+0600][13.842s][info][gc,cpu         ] GC(72) User=0.01s Sys=0.00s Real=0.00s
[2026-04-03T01:15:19.583+0600][14.027s][info][gc,start       ] GC(73) Pause Young (Normal) (G1 Evacuation Pause)
[2026-04-03T01:15:19.583+0600][14.028s][info][gc,task        ] GC(73) Using 10 workers of 10 for evacuation
[2026-04-03T01:15:19.586+0600][14.031s][info][gc,phases      ] GC(73)   Pre Evacuate Collection Set: 0.39ms
[2026-04-03T01:15:19.586+0600][14.031s][info][gc,phases      ] GC(73)   Merge Heap Roots: 0.31ms
[2026-04-03T01:15:19.586+0600][14.031s][info][gc,phases      ] GC(73)   Evacuate Collection Set: 1.67ms
[2026-04-03T01:15:19.586+0600][14.031s][info][gc,phases      ] GC(73)   Post Evacuate Collection Set: 0.63ms
[2026-04-03T01:15:19.586+0600][14.031s][info][gc,phases      ] GC(73)   Other: 0.11ms
[2026-04-03T01:15:19.586+0600][14.031s][info][gc,heap        ] GC(73) Eden regions: 119->0(119)
[2026-04-03T01:15:19.586+0600][14.031s][info][gc,heap        ] GC(73) Survivor regions: 3->3(16)
[2026-04-03T01:15:19.586+0600][14.031s][info][gc,heap        ] GC(73) Old regions: 8->8
[2026-04-03T01:15:19.586+0600][14.031s][info][gc,heap        ] GC(73) Humongous regions: 6->6
[2026-04-03T01:15:19.586+0600][14.031s][info][gc,metaspace   ] GC(73) Metaspace: 6232K(6464K)->6232K(6464K) NonClass: 5624K(5760K)->5624K(5760K) Class: 607K(704K)->607K(704K)
[2026-04-03T01:15:19.586+0600][14.031s][info][gc             ] GC(73) Pause Young (Normal) (G1 Evacuation Pause) 264M->26M(408M) 3.368ms
[2026-04-03T01:15:19.587+0600][14.031s][info][gc,cpu         ] GC(73) User=0.02s Sys=0.00s Real=0.00s
[2026-04-03T01:15:19.761+0600][14.205s][info][gc,start       ] GC(74) Pause Young (Normal) (G1 Evacuation Pause)
[2026-04-03T01:15:19.761+0600][14.205s][info][gc,task        ] GC(74) Using 10 workers of 10 for evacuation
[2026-04-03T01:15:19.764+0600][14.208s][info][gc,phases      ] GC(74)   Pre Evacuate Collection Set: 0.22ms
[2026-04-03T01:15:19.764+0600][14.208s][info][gc,phases      ] GC(74)   Merge Heap Roots: 0.09ms
[2026-04-03T01:15:19.764+0600][14.208s][info][gc,phases      ] GC(74)   Evacuate Collection Set: 1.49ms
[2026-04-03T01:15:19.764+0600][14.208s][info][gc,phases      ] GC(74)   Post Evacuate Collection Set: 0.54ms
[2026-04-03T01:15:19.764+0600][14.208s][info][gc,phases      ] GC(74)   Other: 0.11ms
[2026-04-03T01:15:19.764+0600][14.208s][info][gc,heap        ] GC(74) Eden regions: 119->0(119)
[2026-04-03T01:15:19.764+0600][14.208s][info][gc,heap        ] GC(74) Survivor regions: 3->3(16)
[2026-04-03T01:15:19.764+0600][14.208s][info][gc,heap        ] GC(74) Old regions: 8->8
[2026-04-03T01:15:19.764+0600][14.208s][info][gc,heap        ] GC(74) Humongous regions: 6->6
[2026-04-03T01:15:19.764+0600][14.208s][info][gc,metaspace   ] GC(74) Metaspace: 6232K(6464K)->6232K(6464K) NonClass: 5624K(5760K)->5624K(5760K) Class: 607K(704K)->607K(704K)
[2026-04-03T01:15:19.764+0600][14.208s][info][gc             ] GC(74) Pause Young (Normal) (G1 Evacuation Pause) 264M->26M(408M) 2.822ms
[2026-04-03T01:15:19.764+0600][14.208s][info][gc,cpu         ] GC(74) User=0.01s Sys=0.00s Real=0.00s
[2026-04-03T01:15:19.932+0600][14.376s][info][gc,start       ] GC(75) Pause Young (Normal) (G1 Evacuation Pause)
[2026-04-03T01:15:19.932+0600][14.376s][info][gc,task        ] GC(75) Using 10 workers of 10 for evacuation
[2026-04-03T01:15:19.934+0600][14.379s][info][gc,phases      ] GC(75)   Pre Evacuate Collection Set: 0.36ms
[2026-04-03T01:15:19.934+0600][14.379s][info][gc,phases      ] GC(75)   Merge Heap Roots: 0.10ms
[2026-04-03T01:15:19.934+0600][14.379s][info][gc,phases      ] GC(75)   Evacuate Collection Set: 1.34ms
[2026-04-03T01:15:19.934+0600][14.379s][info][gc,phases      ] GC(75)   Post Evacuate Collection Set: 0.40ms
[2026-04-03T01:15:19.934+0600][14.379s][info][gc,phases      ] GC(75)   Other: 0.09ms
[2026-04-03T01:15:19.934+0600][14.379s][info][gc,heap        ] GC(75) Eden regions: 119->0(119)
[2026-04-03T01:15:19.934+0600][14.379s][info][gc,heap        ] GC(75) Survivor regions: 3->3(16)
[2026-04-03T01:15:19.934+0600][14.379s][info][gc,heap        ] GC(75) Old regions: 8->8
[2026-04-03T01:15:19.934+0600][14.379s][info][gc,heap        ] GC(75) Humongous regions: 6->6
[2026-04-03T01:15:19.934+0600][14.379s][info][gc,metaspace   ] GC(75) Metaspace: 6232K(6464K)->6232K(6464K) NonClass: 5624K(5760K)->5624K(5760K) Class: 607K(704K)->607K(704K)
[2026-04-03T01:15:19.934+0600][14.379s][info][gc             ] GC(75) Pause Young (Normal) (G1 Evacuation Pause) 264M->26M(408M) 2.536ms
[2026-04-03T01:15:19.934+0600][14.379s][info][gc,cpu         ] GC(75) User=0.01s Sys=0.01s Real=0.00s
[2026-04-03T01:15:20.139+0600][14.584s][info][gc,start       ] GC(76) Pause Young (Normal) (G1 Evacuation Pause)
[2026-04-03T01:15:20.140+0600][14.584s][info][gc,task        ] GC(76) Using 10 workers of 10 for evacuation
[2026-04-03T01:15:20.143+0600][14.587s][info][gc,phases      ] GC(76)   Pre Evacuate Collection Set: 0.38ms
[2026-04-03T01:15:20.143+0600][14.587s][info][gc,phases      ] GC(76)   Merge Heap Roots: 0.11ms
[2026-04-03T01:15:20.143+0600][14.587s][info][gc,phases      ] GC(76)   Evacuate Collection Set: 1.89ms
[2026-04-03T01:15:20.143+0600][14.587s][info][gc,phases      ] GC(76)   Post Evacuate Collection Set: 0.74ms
[2026-04-03T01:15:20.143+0600][14.587s][info][gc,phases      ] GC(76)   Other: 0.12ms
[2026-04-03T01:15:20.143+0600][14.587s][info][gc,heap        ] GC(76) Eden regions: 119->0(119)
[2026-04-03T01:15:20.143+0600][14.587s][info][gc,heap        ] GC(76) Survivor regions: 3->3(16)
[2026-04-03T01:15:20.143+0600][14.587s][info][gc,heap        ] GC(76) Old regions: 8->8
[2026-04-03T01:15:20.143+0600][14.587s][info][gc,heap        ] GC(76) Humongous regions: 6->6
[2026-04-03T01:15:20.143+0600][14.587s][info][gc,metaspace   ] GC(76) Metaspace: 6232K(6464K)->6232K(6464K) NonClass: 5624K(5760K)->5624K(5760K) Class: 607K(704K)->607K(704K)
[2026-04-03T01:15:20.143+0600][14.587s][info][gc             ] GC(76) Pause Young (Normal) (G1 Evacuation Pause) 264M->26M(408M) 3.570ms
[2026-04-03T01:15:20.143+0600][14.587s][info][gc,cpu         ] GC(76) User=0.02s Sys=0.00s Real=0.01s
[2026-04-03T01:15:20.370+0600][14.814s][info][gc,start       ] GC(77) Pause Young (Normal) (G1 Evacuation Pause)
[2026-04-03T01:15:20.370+0600][14.814s][info][gc,task        ] GC(77) Using 10 workers of 10 for evacuation
[2026-04-03T01:15:20.373+0600][14.818s][info][gc,phases      ] GC(77)   Pre Evacuate Collection Set: 0.24ms
[2026-04-03T01:15:20.373+0600][14.818s][info][gc,phases      ] GC(77)   Merge Heap Roots: 0.15ms
[2026-04-03T01:15:20.373+0600][14.818s][info][gc,phases      ] GC(77)   Evacuate Collection Set: 2.21ms
[2026-04-03T01:15:20.373+0600][14.818s][info][gc,phases      ] GC(77)   Post Evacuate Collection Set: 0.59ms
[2026-04-03T01:15:20.373+0600][14.818s][info][gc,phases      ] GC(77)   Other: 0.13ms
[2026-04-03T01:15:20.373+0600][14.818s][info][gc,heap        ] GC(77) Eden regions: 119->0(119)
[2026-04-03T01:15:20.373+0600][14.818s][info][gc,heap        ] GC(77) Survivor regions: 3->3(16)
[2026-04-03T01:15:20.373+0600][14.818s][info][gc,heap        ] GC(77) Old regions: 8->8
[2026-04-03T01:15:20.374+0600][14.818s][info][gc,heap        ] GC(77) Humongous regions: 6->6
[2026-04-03T01:15:20.374+0600][14.818s][info][gc,metaspace   ] GC(77) Metaspace: 6232K(6464K)->6232K(6464K) NonClass: 5624K(5760K)->5624K(5760K) Class: 607K(704K)->607K(704K)
[2026-04-03T01:15:20.374+0600][14.818s][info][gc             ] GC(77) Pause Young (Normal) (G1 Evacuation Pause) 264M->26M(408M) 3.742ms
[2026-04-03T01:15:20.374+0600][14.818s][info][gc,cpu         ] GC(77) User=0.02s Sys=0.00s Real=0.00s
[2026-04-03T01:15:20.656+0600][15.100s][info][gc,start       ] GC(78) Pause Young (Normal) (G1 Evacuation Pause)
[2026-04-03T01:15:20.656+0600][15.100s][info][gc,task        ] GC(78) Using 10 workers of 10 for evacuation
[2026-04-03T01:15:20.659+0600][15.103s][info][gc,phases      ] GC(78)   Pre Evacuate Collection Set: 0.24ms
[2026-04-03T01:15:20.659+0600][15.103s][info][gc,phases      ] GC(78)   Merge Heap Roots: 0.17ms
[2026-04-03T01:15:20.659+0600][15.103s][info][gc,phases      ] GC(78)   Evacuate Collection Set: 1.84ms
[2026-04-03T01:15:20.659+0600][15.103s][info][gc,phases      ] GC(78)   Post Evacuate Collection Set: 0.50ms
[2026-04-03T01:15:20.659+0600][15.103s][info][gc,phases      ] GC(78)   Other: 0.11ms
[2026-04-03T01:15:20.659+0600][15.103s][info][gc,heap        ] GC(78) Eden regions: 119->0(119)
[2026-04-03T01:15:20.659+0600][15.103s][info][gc,heap        ] GC(78) Survivor regions: 3->3(16)
[2026-04-03T01:15:20.659+0600][15.103s][info][gc,heap        ] GC(78) Old regions: 8->8
[2026-04-03T01:15:20.659+0600][15.103s][info][gc,heap        ] GC(78) Humongous regions: 6->6
[2026-04-03T01:15:20.659+0600][15.103s][info][gc,metaspace   ] GC(78) Metaspace: 6232K(6464K)->6232K(6464K) NonClass: 5624K(5760K)->5624K(5760K) Class: 607K(704K)->607K(704K)
[2026-04-03T01:15:20.659+0600][15.103s][info][gc             ] GC(78) Pause Young (Normal) (G1 Evacuation Pause) 264M->26M(408M) 3.154ms
[2026-04-03T01:15:20.659+0600][15.103s][info][gc,cpu         ] GC(78) User=0.01s Sys=0.00s Real=0.00s
[2026-04-03T01:15:20.977+0600][15.421s][info][gc,start       ] GC(79) Pause Young (Normal) (G1 Evacuation Pause)
[2026-04-03T01:15:20.977+0600][15.421s][info][gc,task        ] GC(79) Using 10 workers of 10 for evacuation
[2026-04-03T01:15:20.981+0600][15.425s][info][gc,phases      ] GC(79)   Pre Evacuate Collection Set: 0.31ms
[2026-04-03T01:15:20.981+0600][15.425s][info][gc,phases      ] GC(79)   Merge Heap Roots: 0.19ms
[2026-04-03T01:15:20.981+0600][15.425s][info][gc,phases      ] GC(79)   Evacuate Collection Set: 2.63ms
[2026-04-03T01:15:20.981+0600][15.425s][info][gc,phases      ] GC(79)   Post Evacuate Collection Set: 0.53ms
[2026-04-03T01:15:20.981+0600][15.425s][info][gc,phases      ] GC(79)   Other: 0.13ms
[2026-04-03T01:15:20.981+0600][15.425s][info][gc,heap        ] GC(79) Eden regions: 119->0(119)
[2026-04-03T01:15:20.981+0600][15.425s][info][gc,heap        ] GC(79) Survivor regions: 3->3(16)
[2026-04-03T01:15:20.981+0600][15.425s][info][gc,heap        ] GC(79) Old regions: 8->8
[2026-04-03T01:15:20.981+0600][15.425s][info][gc,heap        ] GC(79) Humongous regions: 6->6
[2026-04-03T01:15:20.981+0600][15.425s][info][gc,metaspace   ] GC(79) Metaspace: 6232K(6464K)->6232K(6464K) NonClass: 5624K(5760K)->5624K(5760K) Class: 607K(704K)->607K(704K)
[2026-04-03T01:15:20.981+0600][15.425s][info][gc             ] GC(79) Pause Young (Normal) (G1 Evacuation Pause) 264M->26M(408M) 4.165ms
[2026-04-03T01:15:20.981+0600][15.425s][info][gc,cpu         ] GC(79) User=0.02s Sys=0.00s Real=0.01s
[2026-04-03T01:15:21.267+0600][15.712s][info][gc,start       ] GC(80) Pause Young (Normal) (G1 Evacuation Pause)
[2026-04-03T01:15:21.268+0600][15.712s][info][gc,task        ] GC(80) Using 10 workers of 10 for evacuation
[2026-04-03T01:15:21.270+0600][15.715s][info][gc,phases      ] GC(80)   Pre Evacuate Collection Set: 0.24ms
[2026-04-03T01:15:21.270+0600][15.715s][info][gc,phases      ] GC(80)   Merge Heap Roots: 0.12ms
[2026-04-03T01:15:21.270+0600][15.715s][info][gc,phases      ] GC(80)   Evacuate Collection Set: 1.87ms
[2026-04-03T01:15:21.270+0600][15.715s][info][gc,phases      ] GC(80)   Post Evacuate Collection Set: 0.38ms
[2026-04-03T01:15:21.270+0600][15.715s][info][gc,phases      ] GC(80)   Other: 0.12ms
[2026-04-03T01:15:21.270+0600][15.715s][info][gc,heap        ] GC(80) Eden regions: 119->0(119)
[2026-04-03T01:15:21.270+0600][15.715s][info][gc,heap        ] GC(80) Survivor regions: 3->3(16)
[2026-04-03T01:15:21.270+0600][15.715s][info][gc,heap        ] GC(80) Old regions: 8->8
[2026-04-03T01:15:21.270+0600][15.715s][info][gc,heap        ] GC(80) Humongous regions: 6->6
[2026-04-03T01:15:21.270+0600][15.715s][info][gc,metaspace   ] GC(80) Metaspace: 6232K(6464K)->6232K(6464K) NonClass: 5624K(5760K)->5624K(5760K) Class: 607K(704K)->607K(704K)
[2026-04-03T01:15:21.271+0600][15.715s][info][gc             ] GC(80) Pause Young (Normal) (G1 Evacuation Pause) 264M->26M(408M) 3.064ms
[2026-04-03T01:15:21.271+0600][15.715s][info][gc,cpu         ] GC(80) User=0.01s Sys=0.00s Real=0.01s
[2026-04-03T01:15:21.460+0600][15.904s][info][gc,start       ] GC(81) Pause Young (Normal) (G1 Evacuation Pause)
[2026-04-03T01:15:21.460+0600][15.904s][info][gc,task        ] GC(81) Using 10 workers of 10 for evacuation
[2026-04-03T01:15:21.462+0600][15.907s][info][gc,phases      ] GC(81)   Pre Evacuate Collection Set: 0.20ms
[2026-04-03T01:15:21.462+0600][15.907s][info][gc,phases      ] GC(81)   Merge Heap Roots: 0.16ms
[2026-04-03T01:15:21.462+0600][15.907s][info][gc,phases      ] GC(81)   Evacuate Collection Set: 1.36ms
[2026-04-03T01:15:21.462+0600][15.907s][info][gc,phases      ] GC(81)   Post Evacuate Collection Set: 0.66ms
[2026-04-03T01:15:21.462+0600][15.907s][info][gc,phases      ] GC(81)   Other: 0.11ms
[2026-04-03T01:15:21.462+0600][15.907s][info][gc,heap        ] GC(81) Eden regions: 119->0(119)
[2026-04-03T01:15:21.462+0600][15.907s][info][gc,heap        ] GC(81) Survivor regions: 3->3(16)
[2026-04-03T01:15:21.462+0600][15.907s][info][gc,heap        ] GC(81) Old regions: 8->8
[2026-04-03T01:15:21.462+0600][15.907s][info][gc,heap        ] GC(81) Humongous regions: 6->6
[2026-04-03T01:15:21.462+0600][15.907s][info][gc,metaspace   ] GC(81) Metaspace: 6232K(6464K)->6232K(6464K) NonClass: 5624K(5760K)->5624K(5760K) Class: 607K(704K)->607K(704K)
[2026-04-03T01:15:21.462+0600][15.907s][info][gc             ] GC(81) Pause Young (Normal) (G1 Evacuation Pause) 264M->26M(408M) 2.793ms
[2026-04-03T01:15:21.462+0600][15.907s][info][gc,cpu         ] GC(81) User=0.01s Sys=0.00s Real=0.01s
[2026-04-03T01:15:21.633+0600][16.078s][info][gc,start       ] GC(82) Pause Young (Normal) (G1 Evacuation Pause)
[2026-04-03T01:15:21.634+0600][16.078s][info][gc,task        ] GC(82) Using 10 workers of 10 for evacuation
[2026-04-03T01:15:21.636+0600][16.080s][info][gc,phases      ] GC(82)   Pre Evacuate Collection Set: 0.30ms
[2026-04-03T01:15:21.636+0600][16.080s][info][gc,phases      ] GC(82)   Merge Heap Roots: 0.13ms
[2026-04-03T01:15:21.636+0600][16.080s][info][gc,phases      ] GC(82)   Evacuate Collection Set: 1.22ms
[2026-04-03T01:15:21.636+0600][16.080s][info][gc,phases      ] GC(82)   Post Evacuate Collection Set: 0.60ms
[2026-04-03T01:15:21.636+0600][16.080s][info][gc,phases      ] GC(82)   Other: 0.09ms
[2026-04-03T01:15:21.636+0600][16.080s][info][gc,heap        ] GC(82) Eden regions: 119->0(119)
[2026-04-03T01:15:21.636+0600][16.080s][info][gc,heap        ] GC(82) Survivor regions: 3->3(16)
[2026-04-03T01:15:21.636+0600][16.080s][info][gc,heap        ] GC(82) Old regions: 8->8
[2026-04-03T01:15:21.636+0600][16.080s][info][gc,heap        ] GC(82) Humongous regions: 6->6
[2026-04-03T01:15:21.636+0600][16.080s][info][gc,metaspace   ] GC(82) Metaspace: 6232K(6464K)->6232K(6464K) NonClass: 5624K(5760K)->5624K(5760K) Class: 607K(704K)->607K(704K)
[2026-04-03T01:15:21.636+0600][16.080s][info][gc             ] GC(82) Pause Young (Normal) (G1 Evacuation Pause) 264M->26M(408M) 2.598ms
[2026-04-03T01:15:21.636+0600][16.080s][info][gc,cpu         ] GC(82) User=0.01s Sys=0.01s Real=0.00s
[2026-04-03T01:15:21.813+0600][16.258s][info][gc,start       ] GC(83) Pause Young (Normal) (G1 Evacuation Pause)
[2026-04-03T01:15:21.814+0600][16.258s][info][gc,task        ] GC(83) Using 10 workers of 10 for evacuation
[2026-04-03T01:15:21.816+0600][16.260s][info][gc,phases      ] GC(83)   Pre Evacuate Collection Set: 0.30ms
[2026-04-03T01:15:21.816+0600][16.260s][info][gc,phases      ] GC(83)   Merge Heap Roots: 0.12ms
[2026-04-03T01:15:21.816+0600][16.260s][info][gc,phases      ] GC(83)   Evacuate Collection Set: 1.11ms
[2026-04-03T01:15:21.816+0600][16.260s][info][gc,phases      ] GC(83)   Post Evacuate Collection Set: 0.51ms
[2026-04-03T01:15:21.816+0600][16.260s][info][gc,phases      ] GC(83)   Other: 0.09ms
[2026-04-03T01:15:21.816+0600][16.260s][info][gc,heap        ] GC(83) Eden regions: 119->0(119)
[2026-04-03T01:15:21.816+0600][16.260s][info][gc,heap        ] GC(83) Survivor regions: 3->3(16)
[2026-04-03T01:15:21.816+0600][16.260s][info][gc,heap        ] GC(83) Old regions: 8->8
[2026-04-03T01:15:21.816+0600][16.260s][info][gc,heap        ] GC(83) Humongous regions: 6->6
[2026-04-03T01:15:21.816+0600][16.260s][info][gc,metaspace   ] GC(83) Metaspace: 6232K(6464K)->6232K(6464K) NonClass: 5624K(5760K)->5624K(5760K) Class: 607K(704K)->607K(704K)
[2026-04-03T01:15:21.816+0600][16.260s][info][gc             ] GC(83) Pause Young (Normal) (G1 Evacuation Pause) 264M->26M(408M) 2.455ms
[2026-04-03T01:15:21.816+0600][16.260s][info][gc,cpu         ] GC(83) User=0.01s Sys=0.00s Real=0.00s
[2026-04-03T01:15:22.017+0600][16.461s][info][gc,start       ] GC(84) Pause Young (Normal) (G1 Evacuation Pause)
[2026-04-03T01:15:22.017+0600][16.461s][info][gc,task        ] GC(84) Using 10 workers of 10 for evacuation
[2026-04-03T01:15:22.019+0600][16.464s][info][gc,phases      ] GC(84)   Pre Evacuate Collection Set: 0.39ms
[2026-04-03T01:15:22.019+0600][16.464s][info][gc,phases      ] GC(84)   Merge Heap Roots: 0.09ms
[2026-04-03T01:15:22.019+0600][16.464s][info][gc,phases      ] GC(84)   Evacuate Collection Set: 1.34ms
[2026-04-03T01:15:22.019+0600][16.464s][info][gc,phases      ] GC(84)   Post Evacuate Collection Set: 0.45ms
[2026-04-03T01:15:22.019+0600][16.464s][info][gc,phases      ] GC(84)   Other: 0.09ms
[2026-04-03T01:15:22.019+0600][16.464s][info][gc,heap        ] GC(84) Eden regions: 119->0(120)
[2026-04-03T01:15:22.019+0600][16.464s][info][gc,heap        ] GC(84) Survivor regions: 3->2(16)
[2026-04-03T01:15:22.019+0600][16.464s][info][gc,heap        ] GC(84) Old regions: 8->8
[2026-04-03T01:15:22.019+0600][16.464s][info][gc,heap        ] GC(84) Humongous regions: 6->6
[2026-04-03T01:15:22.019+0600][16.464s][info][gc,metaspace   ] GC(84) Metaspace: 6232K(6464K)->6232K(6464K) NonClass: 5624K(5760K)->5624K(5760K) Class: 607K(704K)->607K(704K)
[2026-04-03T01:15:22.020+0600][16.464s][info][gc             ] GC(84) Pause Young (Normal) (G1 Evacuation Pause) 264M->26M(408M) 2.607ms
[2026-04-03T01:15:22.020+0600][16.464s][info][gc,cpu         ] GC(84) User=0.01s Sys=0.00s Real=0.00s
[2026-04-03T01:15:22.223+0600][16.667s][info][gc,start       ] GC(85) Pause Young (Normal) (G1 Evacuation Pause)
[2026-04-03T01:15:22.223+0600][16.667s][info][gc,task        ] GC(85) Using 10 workers of 10 for evacuation
[2026-04-03T01:15:22.226+0600][16.670s][info][gc,phases      ] GC(85)   Pre Evacuate Collection Set: 0.29ms
[2026-04-03T01:15:22.226+0600][16.670s][info][gc,phases      ] GC(85)   Merge Heap Roots: 0.29ms
[2026-04-03T01:15:22.226+0600][16.670s][info][gc,phases      ] GC(85)   Evacuate Collection Set: 1.39ms
[2026-04-03T01:15:22.226+0600][16.670s][info][gc,phases      ] GC(85)   Post Evacuate Collection Set: 0.65ms
[2026-04-03T01:15:22.226+0600][16.670s][info][gc,phases      ] GC(85)   Other: 0.13ms
[2026-04-03T01:15:22.226+0600][16.670s][info][gc,heap        ] GC(85) Eden regions: 120->0(119)
[2026-04-03T01:15:22.226+0600][16.670s][info][gc,heap        ] GC(85) Survivor regions: 2->3(16)
[2026-04-03T01:15:22.226+0600][16.670s][info][gc,heap        ] GC(85) Old regions: 8->8
[2026-04-03T01:15:22.226+0600][16.670s][info][gc,heap        ] GC(85) Humongous regions: 6->6
[2026-04-03T01:15:22.226+0600][16.670s][info][gc,metaspace   ] GC(85) Metaspace: 6232K(6464K)->6232K(6464K) NonClass: 5624K(5760K)->5624K(5760K) Class: 607K(704K)->607K(704K)
[2026-04-03T01:15:22.226+0600][16.670s][info][gc             ] GC(85) Pause Young (Normal) (G1 Evacuation Pause) 266M->26M(408M) 3.090ms
[2026-04-03T01:15:22.226+0600][16.670s][info][gc,cpu         ] GC(85) User=0.02s Sys=0.00s Real=0.00s
[2026-04-03T01:15:22.408+0600][16.852s][info][gc,start       ] GC(86) Pause Young (Normal) (G1 Evacuation Pause)
[2026-04-03T01:15:22.408+0600][16.852s][info][gc,task        ] GC(86) Using 10 workers of 10 for evacuation
[2026-04-03T01:15:22.410+0600][16.855s][info][gc,phases      ] GC(86)   Pre Evacuate Collection Set: 0.38ms
[2026-04-03T01:15:22.410+0600][16.855s][info][gc,phases      ] GC(86)   Merge Heap Roots: 0.12ms
[2026-04-03T01:15:22.410+0600][16.855s][info][gc,phases      ] GC(86)   Evacuate Collection Set: 1.35ms
[2026-04-03T01:15:22.410+0600][16.855s][info][gc,phases      ] GC(86)   Post Evacuate Collection Set: 0.44ms
[2026-04-03T01:15:22.410+0600][16.855s][info][gc,phases      ] GC(86)   Other: 0.12ms
[2026-04-03T01:15:22.410+0600][16.855s][info][gc,heap        ] GC(86) Eden regions: 119->0(119)
[2026-04-03T01:15:22.411+0600][16.855s][info][gc,heap        ] GC(86) Survivor regions: 3->3(16)
[2026-04-03T01:15:22.411+0600][16.855s][info][gc,heap        ] GC(86) Old regions: 8->8
[2026-04-03T01:15:22.411+0600][16.855s][info][gc,heap        ] GC(86) Humongous regions: 6->6
[2026-04-03T01:15:22.411+0600][16.855s][info][gc,metaspace   ] GC(86) Metaspace: 6232K(6464K)->6232K(6464K) NonClass: 5624K(5760K)->5624K(5760K) Class: 607K(704K)->607K(704K)
[2026-04-03T01:15:22.411+0600][16.855s][info][gc             ] GC(86) Pause Young (Normal) (G1 Evacuation Pause) 264M->26M(408M) 2.660ms
[2026-04-03T01:15:22.411+0600][16.855s][info][gc,cpu         ] GC(86) User=0.02s Sys=0.00s Real=0.01s
[2026-04-03T01:15:22.614+0600][17.058s][info][gc,start       ] GC(87) Pause Young (Normal) (G1 Evacuation Pause)
[2026-04-03T01:15:22.614+0600][17.058s][info][gc,task        ] GC(87) Using 10 workers of 10 for evacuation
[2026-04-03T01:15:22.616+0600][17.061s][info][gc,phases      ] GC(87)   Pre Evacuate Collection Set: 0.21ms
[2026-04-03T01:15:22.616+0600][17.061s][info][gc,phases      ] GC(87)   Merge Heap Roots: 0.13ms
[2026-04-03T01:15:22.616+0600][17.061s][info][gc,phases      ] GC(87)   Evacuate Collection Set: 1.35ms
[2026-04-03T01:15:22.616+0600][17.061s][info][gc,phases      ] GC(87)   Post Evacuate Collection Set: 0.49ms
[2026-04-03T01:15:22.616+0600][17.061s][info][gc,phases      ] GC(87)   Other: 0.10ms
[2026-04-03T01:15:22.616+0600][17.061s][info][gc,heap        ] GC(87) Eden regions: 119->0(119)
[2026-04-03T01:15:22.616+0600][17.061s][info][gc,heap        ] GC(87) Survivor regions: 3->3(16)
[2026-04-03T01:15:22.616+0600][17.061s][info][gc,heap        ] GC(87) Old regions: 8->8
[2026-04-03T01:15:22.616+0600][17.061s][info][gc,heap        ] GC(87) Humongous regions: 6->6
[2026-04-03T01:15:22.616+0600][17.061s][info][gc,metaspace   ] GC(87) Metaspace: 6232K(6464K)->6232K(6464K) NonClass: 5624K(5760K)->5624K(5760K) Class: 607K(704K)->607K(704K)
[2026-04-03T01:15:22.616+0600][17.061s][info][gc             ] GC(87) Pause Young (Normal) (G1 Evacuation Pause) 264M->26M(408M) 2.526ms
[2026-04-03T01:15:22.616+0600][17.061s][info][gc,cpu         ] GC(87) User=0.01s Sys=0.00s Real=0.00s
[2026-04-03T01:15:22.801+0600][17.245s][info][gc,start       ] GC(88) Pause Young (Normal) (G1 Evacuation Pause)
[2026-04-03T01:15:22.801+0600][17.245s][info][gc,task        ] GC(88) Using 10 workers of 10 for evacuation
[2026-04-03T01:15:22.804+0600][17.248s][info][gc,phases      ] GC(88)   Pre Evacuate Collection Set: 0.37ms
[2026-04-03T01:15:22.804+0600][17.248s][info][gc,phases      ] GC(88)   Merge Heap Roots: 0.15ms
[2026-04-03T01:15:22.804+0600][17.248s][info][gc,phases      ] GC(88)   Evacuate Collection Set: 1.20ms
[2026-04-03T01:15:22.804+0600][17.248s][info][gc,phases      ] GC(88)   Post Evacuate Collection Set: 0.79ms
[2026-04-03T01:15:22.804+0600][17.248s][info][gc,phases      ] GC(88)   Other: 0.17ms
[2026-04-03T01:15:22.804+0600][17.248s][info][gc,heap        ] GC(88) Eden regions: 119->0(119)
[2026-04-03T01:15:22.804+0600][17.248s][info][gc,heap        ] GC(88) Survivor regions: 3->3(16)
[2026-04-03T01:15:22.804+0600][17.248s][info][gc,heap        ] GC(88) Old regions: 8->8
[2026-04-03T01:15:22.804+0600][17.248s][info][gc,heap        ] GC(88) Humongous regions: 6->6
[2026-04-03T01:15:22.804+0600][17.248s][info][gc,metaspace   ] GC(88) Metaspace: 6232K(6464K)->6232K(6464K) NonClass: 5624K(5760K)->5624K(5760K) Class: 607K(704K)->607K(704K)
[2026-04-03T01:15:22.804+0600][17.248s][info][gc             ] GC(88) Pause Young (Normal) (G1 Evacuation Pause) 264M->26M(408M) 3.050ms
[2026-04-03T01:15:22.804+0600][17.248s][info][gc,cpu         ] GC(88) User=0.02s Sys=0.00s Real=0.00s
[2026-04-03T01:15:22.994+0600][17.438s][info][gc,start       ] GC(89) Pause Young (Normal) (G1 Evacuation Pause)
[2026-04-03T01:15:22.994+0600][17.438s][info][gc,task        ] GC(89) Using 10 workers of 10 for evacuation
[2026-04-03T01:15:22.997+0600][17.441s][info][gc,phases      ] GC(89)   Pre Evacuate Collection Set: 0.34ms
[2026-04-03T01:15:22.997+0600][17.441s][info][gc,phases      ] GC(89)   Merge Heap Roots: 0.09ms
[2026-04-03T01:15:22.997+0600][17.441s][info][gc,phases      ] GC(89)   Evacuate Collection Set: 1.44ms
[2026-04-03T01:15:22.997+0600][17.441s][info][gc,phases      ] GC(89)   Post Evacuate Collection Set: 0.46ms
[2026-04-03T01:15:22.997+0600][17.441s][info][gc,phases      ] GC(89)   Other: 0.08ms
[2026-04-03T01:15:22.997+0600][17.441s][info][gc,heap        ] GC(89) Eden regions: 119->0(119)
[2026-04-03T01:15:22.997+0600][17.441s][info][gc,heap        ] GC(89) Survivor regions: 3->3(16)
[2026-04-03T01:15:22.997+0600][17.441s][info][gc,heap        ] GC(89) Old regions: 8->8
[2026-04-03T01:15:22.997+0600][17.441s][info][gc,heap        ] GC(89) Humongous regions: 6->6
[2026-04-03T01:15:22.997+0600][17.441s][info][gc,metaspace   ] GC(89) Metaspace: 6232K(6464K)->6232K(6464K) NonClass: 5624K(5760K)->5624K(5760K) Class: 607K(704K)->607K(704K)
[2026-04-03T01:15:22.997+0600][17.441s][info][gc             ] GC(89) Pause Young (Normal) (G1 Evacuation Pause) 264M->26M(408M) 2.659ms
[2026-04-03T01:15:22.997+0600][17.441s][info][gc,cpu         ] GC(89) User=0.02s Sys=0.00s Real=0.00s
[2026-04-03T01:15:23.172+0600][17.616s][info][gc,start       ] GC(90) Pause Young (Normal) (G1 Evacuation Pause)
[2026-04-03T01:15:23.172+0600][17.616s][info][gc,task        ] GC(90) Using 10 workers of 10 for evacuation
[2026-04-03T01:15:23.174+0600][17.618s][info][gc,phases      ] GC(90)   Pre Evacuate Collection Set: 0.17ms
[2026-04-03T01:15:23.174+0600][17.618s][info][gc,phases      ] GC(90)   Merge Heap Roots: 0.11ms
[2026-04-03T01:15:23.174+0600][17.618s][info][gc,phases      ] GC(90)   Evacuate Collection Set: 1.12ms
[2026-04-03T01:15:23.174+0600][17.618s][info][gc,phases      ] GC(90)   Post Evacuate Collection Set: 0.36ms
[2026-04-03T01:15:23.174+0600][17.618s][info][gc,phases      ] GC(90)   Other: 0.08ms
[2026-04-03T01:15:23.174+0600][17.618s][info][gc,heap        ] GC(90) Eden regions: 119->0(119)
[2026-04-03T01:15:23.174+0600][17.618s][info][gc,heap        ] GC(90) Survivor regions: 3->3(16)
[2026-04-03T01:15:23.174+0600][17.618s][info][gc,heap        ] GC(90) Old regions: 8->8
[2026-04-03T01:15:23.174+0600][17.618s][info][gc,heap        ] GC(90) Humongous regions: 6->6
[2026-04-03T01:15:23.174+0600][17.618s][info][gc,metaspace   ] GC(90) Metaspace: 6232K(6464K)->6232K(6464K) NonClass: 5624K(5760K)->5624K(5760K) Class: 607K(704K)->607K(704K)
[2026-04-03T01:15:23.174+0600][17.618s][info][gc             ] GC(90) Pause Young (Normal) (G1 Evacuation Pause) 264M->26M(408M) 2.044ms
[2026-04-03T01:15:23.174+0600][17.618s][info][gc,cpu         ] GC(90) User=0.01s Sys=0.00s Real=0.00s
[2026-04-03T01:15:23.391+0600][17.836s][info][gc,heap,exit   ] Heap
[2026-04-03T01:15:23.392+0600][17.836s][info][gc,heap,exit   ]  garbage-first heap   total 417792K, used 246073K [0x000000070ae00000, 0x0000000800000000)
[2026-04-03T01:15:23.392+0600][17.836s][info][gc,heap,exit   ]   region size 2048K, 110 young (225280K), 3 survivors (6144K)
[2026-04-03T01:15:23.392+0600][17.836s][info][gc,heap,exit   ]  Metaspace       used 6336K, committed 6528K, reserved 1114112K
[2026-04-03T01:15:23.392+0600][17.836s][info][gc,heap,exit   ]   class space    used 615K, committed 704K, reserved 1048576K
