[2026-04-03T01:14:28.664+0600][0.005s][info][gc,init] Initializing The Z Garbage Collector
[2026-04-03T01:14:28.664+0600][0.005s][info][gc,init] Version: 21.0.10+7-Ubuntu-124.04 (release)
[2026-04-03T01:14:28.664+0600][0.005s][info][gc,init] Using legacy single-generation mode
[2026-04-03T01:14:28.664+0600][0.005s][info][gc,init] NUMA Support: Disabled
[2026-04-03T01:14:28.664+0600][0.005s][info][gc,init] CPUs: 12 total, 12 available
[2026-04-03T01:14:28.664+0600][0.005s][info][gc,init] Memory: 15683M
[2026-04-03T01:14:28.664+0600][0.005s][info][gc,init] Large Page Support: Disabled
[2026-04-03T01:14:28.664+0600][0.005s][info][gc,init] GC Workers: 3 (dynamic)
[2026-04-03T01:14:28.665+0600][0.006s][info][gc,init] Address Space Type: Contiguous/Unrestricted/Complete
[2026-04-03T01:14:28.665+0600][0.006s][info][gc,init] Address Space Size: 62752M x 3 = 188256M
[2026-04-03T01:14:28.665+0600][0.006s][info][gc,init] Heap Backing File: /memfd:java_heap
[2026-04-03T01:14:28.665+0600][0.006s][info][gc,init] Heap Backing Filesystem: tmpfs (0x1021994)
[2026-04-03T01:14:28.665+0600][0.006s][info][gc,init] Min Capacity: 8M
[2026-04-03T01:14:28.665+0600][0.006s][info][gc,init] Initial Capacity: 246M
[2026-04-03T01:14:28.665+0600][0.006s][info][gc,init] Max Capacity: 3922M
[2026-04-03T01:14:28.665+0600][0.006s][info][gc,init] Medium Page Size: 32M
[2026-04-03T01:14:28.665+0600][0.006s][info][gc,init] Pre-touch: Disabled
[2026-04-03T01:14:28.665+0600][0.006s][info][gc,init] Available space on backing filesystem: N/A
[2026-04-03T01:14:28.666+0600][0.007s][info][gc,init] Uncommit: Enabled
[2026-04-03T01:14:28.666+0600][0.007s][info][gc,init] Uncommit Delay: 300s
[2026-04-03T01:14:28.776+0600][0.116s][info][gc,init] Runtime Workers: 8
[2026-04-03T01:14:28.778+0600][0.118s][info][gc     ] Using The Z Garbage Collector
[2026-04-03T01:14:28.791+0600][0.132s][info][gc,metaspace] CDS archive(s) mapped at: [0x0000764023000000-0x0000764023c9c000-0x0000764023c9c000), size 13221888, SharedBaseAddress: 0x0000764023000000, ArchiveRelocationMode: 1.
[2026-04-03T01:14:28.791+0600][0.132s][info][gc,metaspace] Compressed class space mapped at: 0x0000764024000000-0x0000764064000000, reserved size: 1073741824
[2026-04-03T01:14:28.791+0600][0.132s][info][gc,metaspace] Narrow klass base: 0x0000764023000000, Narrow klass shift: 0, Narrow klass range: 0x100000000
[2026-04-03T01:14:29.290+0600][0.630s][info][gc,start    ] GC(0) Garbage Collection (System.gc())
[2026-04-03T01:14:29.290+0600][0.630s][info][gc,task     ] GC(0) Using 3 workers
[2026-04-03T01:14:29.290+0600][0.630s][info][gc,phases   ] GC(0) Pause Mark Start 0.009ms
[2026-04-03T01:14:29.294+0600][0.635s][info][gc,phases   ] GC(0) Concurrent Mark 4.523ms
[2026-04-03T01:14:29.295+0600][0.635s][info][gc,phases   ] GC(0) Pause Mark End 0.012ms
[2026-04-03T01:14:29.295+0600][0.635s][info][gc,phases   ] GC(0) Concurrent Mark Free 0.001ms
[2026-04-03T01:14:29.296+0600][0.636s][info][gc,phases   ] GC(0) Concurrent Process Non-Strong References 0.959ms
[2026-04-03T01:14:29.296+0600][0.636s][info][gc,phases   ] GC(0) Concurrent Reset Relocation Set 0.001ms
[2026-04-03T01:14:29.303+0600][0.644s][info][gc,phases   ] GC(0) Concurrent Select Relocation Set 7.564ms
[2026-04-03T01:14:29.303+0600][0.644s][info][gc,phases   ] GC(0) Pause Relocate Start 0.007ms
[2026-04-03T01:14:29.306+0600][0.646s][info][gc,phases   ] GC(0) Concurrent Relocate 2.351ms
[2026-04-03T01:14:29.306+0600][0.646s][info][gc,load     ] GC(0) Load: 7.35/6.40/4.96
[2026-04-03T01:14:29.306+0600][0.646s][info][gc,mmu      ] GC(0) MMU: 2ms/99.4%, 5ms/99.6%, 10ms/99.8%, 20ms/99.9%, 50ms/99.9%, 100ms/100.0%
[2026-04-03T01:14:29.306+0600][0.646s][info][gc,marking  ] GC(0) Mark: 2 stripe(s), 1 proactive flush(es), 1 terminate flush(es), 0 completion(s), 0 continuation(s) 
[2026-04-03T01:14:29.306+0600][0.646s][info][gc,marking  ] GC(0) Mark Stack Usage: 32M
[2026-04-03T01:14:29.306+0600][0.646s][info][gc,nmethod  ] GC(0) NMethods: 716 registered, 82 unregistered
[2026-04-03T01:14:29.306+0600][0.646s][info][gc,metaspace] GC(0) Metaspace: 4M used, 4M committed, 1088M reserved
[2026-04-03T01:14:29.306+0600][0.647s][info][gc,ref      ] GC(0) Soft: 208 encountered, 0 discovered, 0 enqueued
[2026-04-03T01:14:29.306+0600][0.647s][info][gc,ref      ] GC(0) Weak: 652 encountered, 258 discovered, 147 enqueued
[2026-04-03T01:14:29.306+0600][0.647s][info][gc,ref      ] GC(0) Final: 9 encountered, 9 discovered, 0 enqueued
[2026-04-03T01:14:29.306+0600][0.647s][info][gc,ref      ] GC(0) Phantom: 26 encountered, 22 discovered, 1 enqueued
[2026-04-03T01:14:29.306+0600][0.647s][info][gc,reloc    ] GC(0) Small Pages: 21 / 42M, Empty: 18M, Relocated: 2M, In-Place: 0
[2026-04-03T01:14:29.306+0600][0.647s][info][gc,reloc    ] GC(0) Medium Pages: 1 / 32M, Empty: 32M, Relocated: 0M, In-Place: 0
[2026-04-03T01:14:29.306+0600][0.647s][info][gc,reloc    ] GC(0) Large Pages: 2 / 12M, Empty: 0M, Relocated: 0M, In-Place: 0
[2026-04-03T01:14:29.306+0600][0.647s][info][gc,reloc    ] GC(0) Forwarding Usage: 0M
[2026-04-03T01:14:29.306+0600][0.647s][info][gc,heap     ] GC(0) Min Capacity: 8M(0%)
[2026-04-03T01:14:29.306+0600][0.647s][info][gc,heap     ] GC(0) Max Capacity: 3922M(100%)
[2026-04-03T01:14:29.306+0600][0.647s][info][gc,heap     ] GC(0) Soft Max Capacity: 3922M(100%)
[2026-04-03T01:14:29.306+0600][0.647s][info][gc,heap     ] GC(0)                Mark Start          Mark End        Relocate Start      Relocate End           High               Low         
[2026-04-03T01:14:29.306+0600][0.647s][info][gc,heap     ] GC(0)  Capacity:      246M (6%)          246M (6%)          246M (6%)          246M (6%)          246M (6%)          246M (6%)     
[2026-04-03T01:14:29.306+0600][0.647s][info][gc,heap     ] GC(0)      Free:     3836M (98%)        3836M (98%)        3884M (99%)        3902M (99%)        3902M (99%)        3834M (98%)    
[2026-04-03T01:14:29.306+0600][0.647s][info][gc,heap     ] GC(0)      Used:       86M (2%)           86M (2%)           38M (1%)           20M (1%)           88M (2%)           20M (1%)     
[2026-04-03T01:14:29.306+0600][0.647s][info][gc,heap     ] GC(0)      Live:         -                14M (0%)           14M (0%)           14M (0%)             -                  -          
[2026-04-03T01:14:29.306+0600][0.647s][info][gc,heap     ] GC(0) Allocated:         -                 0M (0%)            2M (0%)            2M (0%)             -                  -          
[2026-04-03T01:14:29.306+0600][0.647s][info][gc,heap     ] GC(0)   Garbage:         -                71M (2%)           21M (1%)            3M (0%)             -                  -          
[2026-04-03T01:14:29.306+0600][0.647s][info][gc,heap     ] GC(0) Reclaimed:         -                  -                50M (1%)           68M (2%)             -                  -          
[2026-04-03T01:14:29.306+0600][0.647s][info][gc          ] GC(0) Garbage Collection (System.gc()) 86M(2%)->20M(1%)
[2026-04-03T01:14:30.208+0600][1.548s][info][gc,start    ] GC(1) Garbage Collection (Warmup)
[2026-04-03T01:14:30.208+0600][1.548s][info][gc,task     ] GC(1) Using 3 workers
[2026-04-03T01:14:30.208+0600][1.549s][info][gc,phases   ] GC(1) Pause Mark Start 0.013ms
[2026-04-03T01:14:30.244+0600][1.585s][info][gc,phases   ] GC(1) Concurrent Mark 32.508ms
[2026-04-03T01:14:30.245+0600][1.585s][info][gc,phases   ] GC(1) Pause Mark End 0.037ms
[2026-04-03T01:14:30.245+0600][1.585s][info][gc,phases   ] GC(1) Concurrent Mark Free 0.001ms
[2026-04-03T01:14:30.252+0600][1.593s][info][gc,phases   ] GC(1) Concurrent Process Non-Strong References 7.526ms
[2026-04-03T01:14:30.252+0600][1.593s][info][gc,phases   ] GC(1) Concurrent Reset Relocation Set 0.002ms
[2026-04-03T01:14:30.261+0600][1.602s][info][gc,phases   ] GC(1) Concurrent Select Relocation Set 8.839ms
[2026-04-03T01:14:30.261+0600][1.602s][info][gc,phases   ] GC(1) Pause Relocate Start 0.040ms
[2026-04-03T01:14:30.284+0600][1.625s][info][gc,phases   ] GC(1) Concurrent Relocate 19.365ms
[2026-04-03T01:14:30.284+0600][1.625s][info][gc,load     ] GC(1) Load: 7.35/6.40/4.96
[2026-04-03T01:14:30.284+0600][1.625s][info][gc,mmu      ] GC(1) MMU: 2ms/98.0%, 5ms/99.2%, 10ms/99.6%, 20ms/99.6%, 50ms/99.8%, 100ms/99.9%
[2026-04-03T01:14:30.284+0600][1.625s][info][gc,marking  ] GC(1) Mark: 2 stripe(s), 2 proactive flush(es), 1 terminate flush(es), 0 completion(s), 0 continuation(s) 
[2026-04-03T01:14:30.284+0600][1.625s][info][gc,marking  ] GC(1) Mark Stack Usage: 32M
[2026-04-03T01:14:30.284+0600][1.625s][info][gc,nmethod  ] GC(1) NMethods: 1090 registered, 229 unregistered
[2026-04-03T01:14:30.284+0600][1.625s][info][gc,metaspace] GC(1) Metaspace: 6M used, 6M committed, 1088M reserved
[2026-04-03T01:14:30.284+0600][1.625s][info][gc,ref      ] GC(1) Soft: 262 encountered, 0 discovered, 0 enqueued
[2026-04-03T01:14:30.284+0600][1.625s][info][gc,ref      ] GC(1) Weak: 566 encountered, 365 discovered, 29 enqueued
[2026-04-03T01:14:30.284+0600][1.625s][info][gc,ref      ] GC(1) Final: 9 encountered, 0 discovered, 0 enqueued
[2026-04-03T01:14:30.284+0600][1.625s][info][gc,ref      ] GC(1) Phantom: 27 encountered, 17 discovered, 4 enqueued
[2026-04-03T01:14:30.284+0600][1.625s][info][gc,reloc    ] GC(1) Small Pages: 213 / 426M, Empty: 288M, Relocated: 9M, In-Place: 0
[2026-04-03T01:14:30.284+0600][1.625s][info][gc,reloc    ] GC(1) Medium Pages: 0 / 0M, Empty: 0M, Relocated: 0M, In-Place: 0
[2026-04-03T01:14:30.284+0600][1.625s][info][gc,reloc    ] GC(1) Large Pages: 2 / 12M, Empty: 0M, Relocated: 0M, In-Place: 0
[2026-04-03T01:14:30.284+0600][1.625s][info][gc,reloc    ] GC(1) Forwarding Usage: 4M
[2026-04-03T01:14:30.284+0600][1.625s][info][gc,heap     ] GC(1) Min Capacity: 8M(0%)
[2026-04-03T01:14:30.284+0600][1.625s][info][gc,heap     ] GC(1) Max Capacity: 3922M(100%)
[2026-04-03T01:14:30.284+0600][1.625s][info][gc,heap     ] GC(1) Soft Max Capacity: 3922M(100%)
[2026-04-03T01:14:30.284+0600][1.625s][info][gc,heap     ] GC(1)                Mark Start          Mark End        Relocate Start      Relocate End           High               Low         
[2026-04-03T01:14:30.284+0600][1.625s][info][gc,heap     ] GC(1)  Capacity:      438M (11%)         464M (12%)         464M (12%)         464M (12%)         464M (12%)         438M (11%)    
[2026-04-03T01:14:30.284+0600][1.625s][info][gc,heap     ] GC(1)      Free:     3484M (89%)        3462M (88%)        3748M (96%)        3872M (99%)        3872M (99%)        3458M (88%)    
[2026-04-03T01:14:30.284+0600][1.625s][info][gc,heap     ] GC(1)      Used:      438M (11%)         460M (12%)         174M (4%)           50M (1%)          464M (12%)          50M (1%)     
[2026-04-03T01:14:30.284+0600][1.625s][info][gc,heap     ] GC(1)      Live:         -                21M (1%)           21M (1%)           21M (1%)             -                  -          
[2026-04-03T01:14:30.284+0600][1.625s][info][gc,heap     ] GC(1) Allocated:         -                22M (1%)           24M (1%)           23M (1%)             -                  -          
[2026-04-03T01:14:30.284+0600][1.625s][info][gc,heap     ] GC(1)   Garbage:         -               416M (11%)         128M (3%)            4M (0%)             -                  -          
[2026-04-03T01:14:30.284+0600][1.625s][info][gc,heap     ] GC(1) Reclaimed:         -                  -               288M (7%)          411M (10%)            -                  -          
[2026-04-03T01:14:30.284+0600][1.625s][info][gc          ] GC(1) Garbage Collection (Warmup) 438M(11%)->50M(1%)
[2026-04-03T01:14:31.504+0600][2.845s][info][gc,start    ] GC(2) Garbage Collection (Warmup)
[2026-04-03T01:14:31.504+0600][2.845s][info][gc,task     ] GC(2) Using 3 workers
[2026-04-03T01:14:31.505+0600][2.846s][info][gc,phases   ] GC(2) Pause Mark Start 0.012ms
[2026-04-03T01:14:31.548+0600][2.888s][info][gc,phases   ] GC(2) Concurrent Mark 42.519ms
[2026-04-03T01:14:31.548+0600][2.889s][info][gc,phases   ] GC(2) Pause Mark End 0.023ms
[2026-04-03T01:14:31.552+0600][2.892s][info][gc,phases   ] GC(2) Concurrent Mark Free 0.002ms
[2026-04-03T01:14:31.559+0600][2.900s][info][gc,phases   ] GC(2) Concurrent Process Non-Strong References 7.666ms
[2026-04-03T01:14:31.559+0600][2.900s][info][gc,phases   ] GC(2) Concurrent Reset Relocation Set 0.007ms
[2026-04-03T01:14:31.564+0600][2.904s][info][gc,phases   ] GC(2) Concurrent Select Relocation Set 4.127ms
[2026-04-03T01:14:31.564+0600][2.905s][info][gc,phases   ] GC(2) Pause Relocate Start 0.014ms
[2026-04-03T01:14:31.585+0600][2.926s][info][gc,phases   ] GC(2) Concurrent Relocate 17.102ms
[2026-04-03T01:14:31.585+0600][2.926s][info][gc,load     ] GC(2) Load: 7.35/6.40/4.96
[2026-04-03T01:14:31.585+0600][2.926s][info][gc,mmu      ] GC(2) MMU: 2ms/98.0%, 5ms/99.2%, 10ms/99.6%, 20ms/99.6%, 50ms/99.8%, 100ms/99.9%
[2026-04-03T01:14:31.585+0600][2.926s][info][gc,marking  ] GC(2) Mark: 2 stripe(s), 3 proactive flush(es), 1 terminate flush(es), 0 completion(s), 0 continuation(s) 
[2026-04-03T01:14:31.585+0600][2.926s][info][gc,marking  ] GC(2) Mark Stack Usage: 32M
[2026-04-03T01:14:31.585+0600][2.926s][info][gc,nmethod  ] GC(2) NMethods: 1096 registered, 261 unregistered
[2026-04-03T01:14:31.585+0600][2.926s][info][gc,metaspace] GC(2) Metaspace: 6M used, 6M committed, 1088M reserved
[2026-04-03T01:14:31.585+0600][2.926s][info][gc,ref      ] GC(2) Soft: 262 encountered, 0 discovered, 0 enqueued
[2026-04-03T01:14:31.585+0600][2.926s][info][gc,ref      ] GC(2) Weak: 537 encountered, 253 discovered, 0 enqueued
[2026-04-03T01:14:31.585+0600][2.926s][info][gc,ref      ] GC(2) Final: 9 encountered, 0 discovered, 0 enqueued
[2026-04-03T01:14:31.585+0600][2.926s][info][gc,ref      ] GC(2) Phantom: 21 encountered, 12 discovered, 0 enqueued
[2026-04-03T01:14:31.585+0600][2.926s][info][gc,reloc    ] GC(2) Small Pages: 420 / 840M, Empty: 696M, Relocated: 8M, In-Place: 0
[2026-04-03T01:14:31.585+0600][2.926s][info][gc,reloc    ] GC(2) Medium Pages: 0 / 0M, Empty: 0M, Relocated: 0M, In-Place: 0
[2026-04-03T01:14:31.585+0600][2.926s][info][gc,reloc    ] GC(2) Large Pages: 2 / 12M, Empty: 0M, Relocated: 0M, In-Place: 0
[2026-04-03T01:14:31.585+0600][2.926s][info][gc,reloc    ] GC(2) Forwarding Usage: 3M
[2026-04-03T01:14:31.585+0600][2.926s][info][gc,heap     ] GC(2) Min Capacity: 8M(0%)
[2026-04-03T01:14:31.585+0600][2.926s][info][gc,heap     ] GC(2) Max Capacity: 3922M(100%)
[2026-04-03T01:14:31.585+0600][2.926s][info][gc,heap     ] GC(2) Soft Max Capacity: 3922M(100%)
[2026-04-03T01:14:31.585+0600][2.926s][info][gc,heap     ] GC(2)                Mark Start          Mark End        Relocate Start      Relocate End           High               Low         
[2026-04-03T01:14:31.585+0600][2.926s][info][gc,heap     ] GC(2)  Capacity:      852M (22%)         896M (23%)         908M (23%)         908M (23%)         908M (23%)         852M (22%)    
[2026-04-03T01:14:31.585+0600][2.926s][info][gc,heap     ] GC(2)      Free:     3070M (78%)        3026M (77%)        3710M (95%)        3816M (97%)        3820M (97%)        3014M (77%)    
[2026-04-03T01:14:31.585+0600][2.926s][info][gc,heap     ] GC(2)      Used:      852M (22%)         896M (23%)         212M (5%)          106M (3%)          908M (23%)         102M (3%)     
[2026-04-03T01:14:31.585+0600][2.926s][info][gc,heap     ] GC(2)      Live:         -                21M (1%)           21M (1%)           21M (1%)             -                  -          
[2026-04-03T01:14:31.585+0600][2.926s][info][gc,heap     ] GC(2) Allocated:         -                44M (1%)           56M (1%)           80M (2%)             -                  -          
[2026-04-03T01:14:31.585+0600][2.926s][info][gc,heap     ] GC(2)   Garbage:         -               830M (21%)         134M (3%)            3M (0%)             -                  -          
[2026-04-03T01:14:31.585+0600][2.926s][info][gc,heap     ] GC(2) Reclaimed:         -                  -               696M (18%)         826M (21%)            -                  -          
[2026-04-03T01:14:31.585+0600][2.926s][info][gc          ] GC(2) Garbage Collection (Warmup) 852M(22%)->106M(3%)
[2026-04-03T01:14:32.904+0600][4.245s][info][gc,start    ] GC(3) Garbage Collection (Warmup)
[2026-04-03T01:14:32.904+0600][4.245s][info][gc,task     ] GC(3) Using 3 workers
[2026-04-03T01:14:32.906+0600][4.247s][info][gc,phases   ] GC(3) Pause Mark Start 0.018ms
[2026-04-03T01:14:32.954+0600][4.294s][info][gc,phases   ] GC(3) Concurrent Mark 44.001ms
[2026-04-03T01:14:32.954+0600][4.295s][info][gc,phases   ] GC(3) Pause Mark End 0.023ms
[2026-04-03T01:14:32.955+0600][4.295s][info][gc,phases   ] GC(3) Concurrent Mark Free 0.001ms
[2026-04-03T01:14:32.958+0600][4.299s][info][gc,phases   ] GC(3) Concurrent Process Non-Strong References 3.257ms
[2026-04-03T01:14:32.958+0600][4.299s][info][gc,phases   ] GC(3) Concurrent Reset Relocation Set 0.009ms
[2026-04-03T01:14:32.963+0600][4.303s][info][gc,phases   ] GC(3) Concurrent Select Relocation Set 4.778ms
[2026-04-03T01:14:32.963+0600][4.304s][info][gc,phases   ] GC(3) Pause Relocate Start 0.018ms
[2026-04-03T01:14:32.977+0600][4.318s][info][gc,phases   ] GC(3) Concurrent Relocate 12.252ms
[2026-04-03T01:14:32.977+0600][4.318s][info][gc,load     ] GC(3) Load: 7.35/6.40/4.96
[2026-04-03T01:14:32.977+0600][4.318s][info][gc,mmu      ] GC(3) MMU: 2ms/98.0%, 5ms/99.2%, 10ms/99.6%, 20ms/99.6%, 50ms/99.8%, 100ms/99.9%
[2026-04-03T01:14:32.977+0600][4.318s][info][gc,marking  ] GC(3) Mark: 2 stripe(s), 2 proactive flush(es), 1 terminate flush(es), 0 completion(s), 0 continuation(s) 
[2026-04-03T01:14:32.977+0600][4.318s][info][gc,marking  ] GC(3) Mark Stack Usage: 32M
[2026-04-03T01:14:32.977+0600][4.318s][info][gc,nmethod  ] GC(3) NMethods: 1105 registered, 283 unregistered
[2026-04-03T01:14:32.977+0600][4.318s][info][gc,metaspace] GC(3) Metaspace: 6M used, 6M committed, 1088M reserved
[2026-04-03T01:14:32.977+0600][4.318s][info][gc,ref      ] GC(3) Soft: 262 encountered, 0 discovered, 0 enqueued
[2026-04-03T01:14:32.977+0600][4.318s][info][gc,ref      ] GC(3) Weak: 537 encountered, 261 discovered, 0 enqueued
[2026-04-03T01:14:32.977+0600][4.318s][info][gc,ref      ] GC(3) Final: 9 encountered, 0 discovered, 0 enqueued
[2026-04-03T01:14:32.977+0600][4.318s][info][gc,ref      ] GC(3) Phantom: 21 encountered, 14 discovered, 0 enqueued
[2026-04-03T01:14:32.977+0600][4.318s][info][gc,reloc    ] GC(3) Small Pages: 616 / 1232M, Empty: 964M, Relocated: 5M, In-Place: 0
[2026-04-03T01:14:32.977+0600][4.318s][info][gc,reloc    ] GC(3) Medium Pages: 0 / 0M, Empty: 0M, Relocated: 0M, In-Place: 0
[2026-04-03T01:14:32.977+0600][4.318s][info][gc,reloc    ] GC(3) Large Pages: 2 / 12M, Empty: 0M, Relocated: 0M, In-Place: 0
[2026-04-03T01:14:32.977+0600][4.318s][info][gc,reloc    ] GC(3) Forwarding Usage: 2M
[2026-04-03T01:14:32.977+0600][4.318s][info][gc,heap     ] GC(3) Min Capacity: 8M(0%)
[2026-04-03T01:14:32.977+0600][4.318s][info][gc,heap     ] GC(3) Max Capacity: 3922M(100%)
[2026-04-03T01:14:32.977+0600][4.318s][info][gc,heap     ] GC(3) Soft Max Capacity: 3922M(100%)
[2026-04-03T01:14:32.977+0600][4.318s][info][gc,heap     ] GC(3)                Mark Start          Mark End        Relocate Start      Relocate End           High               Low         
[2026-04-03T01:14:32.977+0600][4.318s][info][gc,heap     ] GC(3)  Capacity:     1244M (32%)        1286M (33%)        1286M (33%)        1286M (33%)        1286M (33%)        1244M (32%)    
[2026-04-03T01:14:32.977+0600][4.318s][info][gc,heap     ] GC(3)      Free:     2678M (68%)        2636M (67%)        3598M (92%)        3836M (98%)        3836M (98%)        2636M (67%)    
[2026-04-03T01:14:32.977+0600][4.318s][info][gc,heap     ] GC(3)      Used:     1244M (32%)        1286M (33%)         324M (8%)           86M (2%)         1286M (33%)          86M (2%)     
[2026-04-03T01:14:32.977+0600][4.318s][info][gc,heap     ] GC(3)      Live:         -                21M (1%)           21M (1%)           21M (1%)             -                  -          
[2026-04-03T01:14:32.977+0600][4.318s][info][gc,heap     ] GC(3) Allocated:         -                42M (1%)           44M (1%)           58M (2%)             -                  -          
[2026-04-03T01:14:32.977+0600][4.318s][info][gc,heap     ] GC(3)   Garbage:         -              1222M (31%)         258M (7%)            5M (0%)             -                  -          
[2026-04-03T01:14:32.977+0600][4.318s][info][gc,heap     ] GC(3) Reclaimed:         -                  -               964M (25%)        1216M (31%)            -                  -          
[2026-04-03T01:14:32.977+0600][4.318s][info][gc          ] GC(3) Garbage Collection (Warmup) 1244M(32%)->86M(2%)
[2026-04-03T01:14:36.505+0600][7.845s][info][gc,start    ] GC(4) Garbage Collection (Allocation Rate)
[2026-04-03T01:14:36.505+0600][7.846s][info][gc,task     ] GC(4) Using 1 workers
[2026-04-03T01:14:36.507+0600][7.848s][info][gc,phases   ] GC(4) Pause Mark Start 0.015ms
[2026-04-03T01:14:36.630+0600][7.971s][info][gc,phases   ] GC(4) Concurrent Mark 119.163ms
[2026-04-03T01:14:36.630+0600][7.971s][info][gc,phases   ] GC(4) Pause Mark End 0.024ms
[2026-04-03T01:14:36.630+0600][7.971s][info][gc,phases   ] GC(4) Concurrent Mark Free 0.002ms
[2026-04-03T01:14:36.639+0600][7.979s][info][gc,phases   ] GC(4) Concurrent Process Non-Strong References 8.391ms
[2026-04-03T01:14:36.639+0600][7.979s][info][gc,phases   ] GC(4) Concurrent Reset Relocation Set 0.013ms
[2026-04-03T01:14:36.643+0600][7.984s][info][gc,phases   ] GC(4) Concurrent Select Relocation Set 4.423ms
[2026-04-03T01:14:36.643+0600][7.984s][info][gc,phases   ] GC(4) Pause Relocate Start 0.014ms
[2026-04-03T01:14:36.663+0600][8.004s][info][gc,phases   ] GC(4) Concurrent Relocate 19.614ms
[2026-04-03T01:14:36.663+0600][8.004s][info][gc,load     ] GC(4) Load: 7.96/6.54/5.02
[2026-04-03T01:14:36.663+0600][8.004s][info][gc,mmu      ] GC(4) MMU: 2ms/98.0%, 5ms/99.2%, 10ms/99.6%, 20ms/99.6%, 50ms/99.8%, 100ms/99.9%
[2026-04-03T01:14:36.663+0600][8.004s][info][gc,marking  ] GC(4) Mark: 1 stripe(s), 2 proactive flush(es), 1 terminate flush(es), 0 completion(s), 0 continuation(s) 
[2026-04-03T01:14:36.663+0600][8.004s][info][gc,marking  ] GC(4) Mark Stack Usage: 32M
[2026-04-03T01:14:36.663+0600][8.004s][info][gc,nmethod  ] GC(4) NMethods: 1129 registered, 302 unregistered
[2026-04-03T01:14:36.663+0600][8.004s][info][gc,metaspace] GC(4) Metaspace: 6M used, 6M committed, 1088M reserved
[2026-04-03T01:14:36.663+0600][8.004s][info][gc,ref      ] GC(4) Soft: 262 encountered, 0 discovered, 0 enqueued
[2026-04-03T01:14:36.663+0600][8.004s][info][gc,ref      ] GC(4) Weak: 537 encountered, 227 discovered, 0 enqueued
[2026-04-03T01:14:36.663+0600][8.004s][info][gc,ref      ] GC(4) Final: 9 encountered, 7 discovered, 0 enqueued
[2026-04-03T01:14:36.663+0600][8.004s][info][gc,ref      ] GC(4) Phantom: 21 encountered, 12 discovered, 0 enqueued
[2026-04-03T01:14:36.663+0600][8.004s][info][gc,reloc    ] GC(4) Small Pages: 1727 / 3454M, Empty: 2972M, Relocated: 6M, In-Place: 0
[2026-04-03T01:14:36.663+0600][8.004s][info][gc,reloc    ] GC(4) Medium Pages: 0 / 0M, Empty: 0M, Relocated: 0M, In-Place: 0
[2026-04-03T01:14:36.663+0600][8.004s][info][gc,reloc    ] GC(4) Large Pages: 2 / 12M, Empty: 0M, Relocated: 0M, In-Place: 0
[2026-04-03T01:14:36.663+0600][8.004s][info][gc,reloc    ] GC(4) Forwarding Usage: 2M
[2026-04-03T01:14:36.663+0600][8.004s][info][gc,heap     ] GC(4) Min Capacity: 8M(0%)
[2026-04-03T01:14:36.663+0600][8.004s][info][gc,heap     ] GC(4) Max Capacity: 3922M(100%)
[2026-04-03T01:14:36.663+0600][8.004s][info][gc,heap     ] GC(4) Soft Max Capacity: 3922M(100%)
[2026-04-03T01:14:36.663+0600][8.004s][info][gc,heap     ] GC(4)                Mark Start          Mark End        Relocate Start      Relocate End           High               Low         
[2026-04-03T01:14:36.663+0600][8.004s][info][gc,heap     ] GC(4)  Capacity:     3466M (88%)        3584M (91%)        3586M (91%)        3586M (91%)        3586M (91%)        3466M (88%)    
[2026-04-03T01:14:36.663+0600][8.004s][info][gc,heap     ] GC(4)      Free:      456M (12%)         338M (9%)         3304M (84%)        3754M (96%)        3756M (96%)         336M (9%)     
[2026-04-03T01:14:36.663+0600][8.004s][info][gc,heap     ] GC(4)      Used:     3466M (88%)        3584M (91%)         618M (16%)         168M (4%)         3586M (91%)         166M (4%)     
[2026-04-03T01:14:36.663+0600][8.004s][info][gc,heap     ] GC(4)      Live:         -                22M (1%)           22M (1%)           22M (1%)             -                  -          
[2026-04-03T01:14:36.663+0600][8.004s][info][gc,heap     ] GC(4) Allocated:         -               118M (3%)          124M (3%)          143M (4%)             -                  -          
[2026-04-03T01:14:36.663+0600][8.004s][info][gc,heap     ] GC(4)   Garbage:         -              3443M (88%)         471M (12%)           2M (0%)             -                  -          
[2026-04-03T01:14:36.663+0600][8.004s][info][gc,heap     ] GC(4) Reclaimed:         -                  -              2972M (76%)        3441M (88%)            -                  -          
[2026-04-03T01:14:36.663+0600][8.004s][info][gc          ] GC(4) Garbage Collection (Allocation Rate) 3466M(88%)->168M(4%)
[2026-04-03T01:14:38.805+0600][10.146s][info][gc,stats    ] === Garbage Collection Statistics =======================================================================================================================
[2026-04-03T01:14:38.805+0600][10.146s][info][gc,stats    ]                                                              Last 10s              Last 10m              Last 10h                Total
[2026-04-03T01:14:38.805+0600][10.146s][info][gc,stats    ]                                                              Avg / Max             Avg / Max             Avg / Max             Avg / Max
[2026-04-03T01:14:38.805+0600][10.146s][info][gc,stats    ]   Collector: Garbage Collection Cycle                     80.959 / 158.286      80.959 / 158.286      80.959 / 158.286      80.959 / 158.286     ms
[2026-04-03T01:14:38.805+0600][10.146s][info][gc,stats    ]  Contention: Mark Segment Reset Contention                     3 / 12                3 / 12                3 / 12                3 / 12          ops/s
[2026-04-03T01:14:38.805+0600][10.146s][info][gc,stats    ]  Contention: Mark SeqNum Reset Contention                      0 / 0                 0 / 0                 0 / 0                 0 / 0           ops/s
[2026-04-03T01:14:38.805+0600][10.146s][info][gc,stats    ]    Critical: Allocation Stall                                  0 / 0                 0 / 0                 0 / 0                 0 / 0           ops/s
[2026-04-03T01:14:38.805+0600][10.146s][info][gc,stats    ]    Critical: Allocation Stall                              0.000 / 0.000         0.000 / 0.000         0.000 / 0.000         0.000 / 0.000       ms
[2026-04-03T01:14:38.805+0600][10.146s][info][gc,stats    ]    Critical: GC Locker Stall                                   0 / 0                 0 / 0                 0 / 0                 0 / 0           ops/s
[2026-04-03T01:14:38.805+0600][10.146s][info][gc,stats    ]    Critical: GC Locker Stall                               0.000 / 0.000         0.000 / 0.000         0.000 / 0.000         0.000 / 0.000       ms
[2026-04-03T01:14:38.805+0600][10.146s][info][gc,stats    ]    Critical: Relocation Stall                                  0 / 0                 0 / 0                 0 / 0                 0 / 0           ops/s
[2026-04-03T01:14:38.805+0600][10.146s][info][gc,stats    ]    Critical: Relocation Stall                              0.000 / 0.000         0.000 / 0.000         0.000 / 0.000         0.000 / 0.000       ms
[2026-04-03T01:14:38.805+0600][10.146s][info][gc,stats    ]      Memory: Allocation Rate                                 884 / 1266            884 / 1266            884 / 1266            884 / 1266        MB/s
[2026-04-03T01:14:38.805+0600][10.146s][info][gc,stats    ]      Memory: Defragment                                        0 / 0                 0 / 0                 0 / 0                 0 / 0           ops/s
[2026-04-03T01:14:38.805+0600][10.146s][info][gc,stats    ]      Memory: Out Of Memory                                     0 / 0                 0 / 0                 0 / 0                 0 / 0           ops/s
[2026-04-03T01:14:38.805+0600][10.146s][info][gc,stats    ]      Memory: Page Cache Flush                                  0 / 0                 0 / 0                 0 / 0                 0 / 0           MB/s
[2026-04-03T01:14:38.805+0600][10.146s][info][gc,stats    ]      Memory: Page Cache Hit L1                               263 / 633             263 / 633             263 / 633             263 / 633         ops/s
[2026-04-03T01:14:38.805+0600][10.146s][info][gc,stats    ]      Memory: Page Cache Hit L2                                 0 / 0                 0 / 0                 0 / 0                 0 / 0           ops/s
[2026-04-03T01:14:38.805+0600][10.146s][info][gc,stats    ]      Memory: Page Cache Hit L3                                11 / 64               11 / 64               11 / 64               11 / 64          ops/s
[2026-04-03T01:14:38.805+0600][10.146s][info][gc,stats    ]      Memory: Page Cache Miss                                 167 / 404             167 / 404             167 / 404             167 / 404         ops/s
[2026-04-03T01:14:38.805+0600][10.146s][info][gc,stats    ]      Memory: Uncommit                                          0 / 0                 0 / 0                 0 / 0                 0 / 0           MB/s
[2026-04-03T01:14:38.805+0600][10.146s][info][gc,stats    ]      Memory: Undo Object Allocation Failed                     0 / 0                 0 / 0                 0 / 0                 0 / 0           ops/s
[2026-04-03T01:14:38.805+0600][10.146s][info][gc,stats    ]      Memory: Undo Object Allocation Succeeded                 13 / 48               13 / 48               13 / 48               13 / 48          ops/s
[2026-04-03T01:14:38.805+0600][10.146s][info][gc,stats    ]      Memory: Undo Page Allocation                              1 / 5                 1 / 5                 1 / 5                 1 / 5           ops/s
[2026-04-03T01:14:38.805+0600][10.146s][info][gc,stats    ]       Phase: Concurrent Mark                              48.543 / 119.163      48.543 / 119.163      48.543 / 119.163      48.543 / 119.163     ms
[2026-04-03T01:14:38.805+0600][10.146s][info][gc,stats    ]       Phase: Concurrent Mark Continue                      0.000 / 0.000         0.000 / 0.000         0.000 / 0.000         0.000 / 0.000       ms
[2026-04-03T01:14:38.805+0600][10.146s][info][gc,stats    ]       Phase: Concurrent Mark Free                          0.001 / 0.002         0.001 / 0.002         0.001 / 0.002         0.001 / 0.002       ms
[2026-04-03T01:14:38.805+0600][10.146s][info][gc,stats    ]       Phase: Concurrent Process Non-Strong References      5.560 / 8.391         5.560 / 8.391         5.560 / 8.391         5.560 / 8.391       ms
[2026-04-03T01:14:38.805+0600][10.146s][info][gc,stats    ]       Phase: Concurrent Relocate                          14.137 / 19.614       14.137 / 19.614       14.137 / 19.614       14.137 / 19.614      ms
[2026-04-03T01:14:38.805+0600][10.146s][info][gc,stats    ]       Phase: Concurrent Reset Relocation Set               0.006 / 0.013         0.006 / 0.013         0.006 / 0.013         0.006 / 0.013       ms
[2026-04-03T01:14:38.805+0600][10.146s][info][gc,stats    ]       Phase: Concurrent Select Relocation Set              5.946 / 8.839         5.946 / 8.839         5.946 / 8.839         5.946 / 8.839       ms
[2026-04-03T01:14:38.805+0600][10.146s][info][gc,stats    ]       Phase: Pause Mark End                                0.024 / 0.037         0.024 / 0.037         0.024 / 0.037         0.024 / 0.037       ms
[2026-04-03T01:14:38.805+0600][10.146s][info][gc,stats    ]       Phase: Pause Mark Start                              0.013 / 0.018         0.013 / 0.018         0.013 / 0.018         0.013 / 0.018       ms
[2026-04-03T01:14:38.805+0600][10.146s][info][gc,stats    ]       Phase: Pause Relocate Start                          0.018 / 0.040         0.018 / 0.040         0.018 / 0.040         0.018 / 0.040       ms
[2026-04-03T01:14:38.805+0600][10.146s][info][gc,stats    ]    Subphase: Concurrent Classes Purge                      0.120 / 0.256         0.120 / 0.256         0.120 / 0.256         0.120 / 0.256       ms
[2026-04-03T01:14:38.805+0600][10.146s][info][gc,stats    ]    Subphase: Concurrent Classes Unlink                     2.415 / 3.520         2.415 / 3.520         2.415 / 3.520         2.415 / 3.520       ms
[2026-04-03T01:14:38.806+0600][10.146s][info][gc,stats    ]    Subphase: Concurrent Mark                              35.294 / 117.911      35.294 / 117.911      35.294 / 117.911      35.294 / 117.911     ms
[2026-04-03T01:14:38.806+0600][10.146s][info][gc,stats    ]    Subphase: Concurrent Mark Try Flush                     3.366 / 8.980         3.366 / 8.980         3.366 / 8.980         3.366 / 8.980       ms
[2026-04-03T01:14:38.806+0600][10.146s][info][gc,stats    ]    Subphase: Concurrent Mark Try Terminate                 1.109 / 3.396         1.109 / 3.396         1.109 / 3.396         1.109 / 3.396       ms
[2026-04-03T01:14:38.806+0600][10.146s][info][gc,stats    ]    Subphase: Concurrent References Enqueue                 0.004 / 0.012         0.004 / 0.012         0.004 / 0.012         0.004 / 0.012       ms
[2026-04-03T01:14:38.806+0600][10.146s][info][gc,stats    ]    Subphase: Concurrent References Process                 0.127 / 0.207         0.127 / 0.207         0.127 / 0.207         0.127 / 0.207       ms
[2026-04-03T01:14:38.806+0600][10.146s][info][gc,stats    ]    Subphase: Concurrent Roots ClassLoaderDataGraph         0.639 / 4.001         0.639 / 4.001         0.639 / 4.001         0.639 / 4.001       ms
[2026-04-03T01:14:38.806+0600][10.146s][info][gc,stats    ]    Subphase: Concurrent Roots CodeCache                    0.000 / 0.000         0.000 / 0.000         0.000 / 0.000         0.000 / 0.000       ms
[2026-04-03T01:14:38.806+0600][10.146s][info][gc,stats    ]    Subphase: Concurrent Roots JavaThreads                  0.347 / 0.823         0.347 / 0.823         0.347 / 0.823         0.347 / 0.823       ms
[2026-04-03T01:14:38.806+0600][10.146s][info][gc,stats    ]    Subphase: Concurrent Roots OopStorageSet                0.806 / 4.358         0.806 / 4.358         0.806 / 4.358         0.806 / 4.358       ms
[2026-04-03T01:14:38.806+0600][10.146s][info][gc,stats    ]    Subphase: Concurrent Weak Roots OopStorageSet           0.587 / 1.753         0.587 / 1.753         0.587 / 1.753         0.587 / 1.753       ms
[2026-04-03T01:14:38.806+0600][10.146s][info][gc,stats    ]    Subphase: Pause Mark Try Complete                       0.000 / 0.000         0.000 / 0.000         0.000 / 0.000         0.000 / 0.000       ms
[2026-04-03T01:14:38.806+0600][10.146s][info][gc,stats    ]      System: Java Threads                                     21 / 25               21 / 25               21 / 25               21 / 25          threads
[2026-04-03T01:14:38.806+0600][10.146s][info][gc,stats    ] =========================================================================================================================================================
[2026-04-03T01:14:39.404+0600][10.745s][info][gc,start    ] GC(5) Garbage Collection (Allocation Rate)
[2026-04-03T01:14:39.404+0600][10.745s][info][gc,task     ] GC(5) Using 1 workers
[2026-04-03T01:14:39.404+0600][10.745s][info][gc,phases   ] GC(5) Pause Mark Start 0.013ms
[2026-04-03T01:14:39.464+0600][10.805s][info][gc,phases   ] GC(5) Concurrent Mark 59.940ms
[2026-04-03T01:14:39.465+0600][10.805s][info][gc,phases   ] GC(5) Pause Mark End 0.023ms
[2026-04-03T01:14:39.465+0600][10.806s][info][gc,phases   ] GC(5) Concurrent Mark Free 0.001ms
[2026-04-03T01:14:39.470+0600][10.810s][info][gc,phases   ] GC(5) Concurrent Process Non-Strong References 4.668ms
[2026-04-03T01:14:39.470+0600][10.810s][info][gc,phases   ] GC(5) Concurrent Reset Relocation Set 0.022ms
[2026-04-03T01:14:39.477+0600][10.817s][info][gc,phases   ] GC(5) Concurrent Select Relocation Set 6.985ms
[2026-04-03T01:14:39.477+0600][10.818s][info][gc,phases   ] GC(5) Pause Relocate Start 0.013ms
[2026-04-03T01:14:39.508+0600][10.848s][info][gc,phases   ] GC(5) Concurrent Relocate 30.612ms
[2026-04-03T01:14:39.508+0600][10.849s][info][gc,load     ] GC(5) Load: 8.28/6.63/5.06
[2026-04-03T01:14:39.508+0600][10.849s][info][gc,mmu      ] GC(5) MMU: 2ms/98.0%, 5ms/99.2%, 10ms/99.6%, 20ms/99.6%, 50ms/99.8%, 100ms/99.9%
[2026-04-03T01:14:39.508+0600][10.849s][info][gc,marking  ] GC(5) Mark: 1 stripe(s), 2 proactive flush(es), 1 terminate flush(es), 0 completion(s), 0 continuation(s) 
[2026-04-03T01:14:39.508+0600][10.849s][info][gc,marking  ] GC(5) Mark Stack Usage: 32M
[2026-04-03T01:14:39.508+0600][10.849s][info][gc,nmethod  ] GC(5) NMethods: 1129 registered, 304 unregistered
[2026-04-03T01:14:39.508+0600][10.849s][info][gc,metaspace] GC(5) Metaspace: 6M used, 6M committed, 1088M reserved
[2026-04-03T01:14:39.508+0600][10.849s][info][gc,ref      ] GC(5) Soft: 262 encountered, 0 discovered, 0 enqueued
[2026-04-03T01:14:39.508+0600][10.849s][info][gc,ref      ] GC(5) Weak: 537 encountered, 227 discovered, 0 enqueued
[2026-04-03T01:14:39.508+0600][10.849s][info][gc,ref      ] GC(5) Final: 9 encountered, 7 discovered, 0 enqueued
[2026-04-03T01:14:39.508+0600][10.849s][info][gc,ref      ] GC(5) Phantom: 21 encountered, 12 discovered, 0 enqueued
[2026-04-03T01:14:39.508+0600][10.849s][info][gc,reloc    ] GC(5) Small Pages: 1695 / 3390M, Empty: 3112M, Relocated: 6M, In-Place: 0
[2026-04-03T01:14:39.508+0600][10.849s][info][gc,reloc    ] GC(5) Medium Pages: 0 / 0M, Empty: 0M, Relocated: 0M, In-Place: 0
[2026-04-03T01:14:39.508+0600][10.849s][info][gc,reloc    ] GC(5) Large Pages: 2 / 12M, Empty: 0M, Relocated: 0M, In-Place: 0
[2026-04-03T01:14:39.508+0600][10.849s][info][gc,reloc    ] GC(5) Forwarding Usage: 2M
[2026-04-03T01:14:39.508+0600][10.849s][info][gc,heap     ] GC(5) Min Capacity: 8M(0%)
[2026-04-03T01:14:39.508+0600][10.849s][info][gc,heap     ] GC(5) Max Capacity: 3922M(100%)
[2026-04-03T01:14:39.508+0600][10.849s][info][gc,heap     ] GC(5) Soft Max Capacity: 3922M(100%)
[2026-04-03T01:14:39.508+0600][10.849s][info][gc,heap     ] GC(5)                Mark Start          Mark End        Relocate Start      Relocate End           High               Low         
[2026-04-03T01:14:39.508+0600][10.849s][info][gc,heap     ] GC(5)  Capacity:     3586M (91%)        3586M (91%)        3586M (91%)        3586M (91%)        3586M (91%)        3586M (91%)    
[2026-04-03T01:14:39.508+0600][10.849s][info][gc,heap     ] GC(5)      Free:      520M (13%)         454M (12%)        3558M (91%)        3784M (96%)        3792M (97%)         454M (12%)    
[2026-04-03T01:14:39.508+0600][10.849s][info][gc,heap     ] GC(5)      Used:     3402M (87%)        3468M (88%)         364M (9%)          138M (4%)         3468M (88%)         130M (3%)     
[2026-04-03T01:14:39.508+0600][10.849s][info][gc,heap     ] GC(5)      Live:         -                21M (1%)           21M (1%)           21M (1%)             -                  -          
[2026-04-03T01:14:39.508+0600][10.849s][info][gc,heap     ] GC(5) Allocated:         -                66M (2%)           74M (2%)          114M (3%)             -                  -          
[2026-04-03T01:14:39.508+0600][10.849s][info][gc,heap     ] GC(5)   Garbage:         -              3380M (86%)         268M (7%)            1M (0%)             -                  -          
[2026-04-03T01:14:39.508+0600][10.849s][info][gc,heap     ] GC(5) Reclaimed:         -                  -              3112M (79%)        3378M (86%)            -                  -          
[2026-04-03T01:14:39.508+0600][10.849s][info][gc          ] GC(5) Garbage Collection (Allocation Rate) 3402M(87%)->138M(4%)
[2026-04-03T01:14:42.404+0600][13.744s][info][gc,start    ] GC(6) Garbage Collection (Allocation Rate)
[2026-04-03T01:14:42.404+0600][13.744s][info][gc,task     ] GC(6) Using 1 workers
[2026-04-03T01:14:42.404+0600][13.745s][info][gc,phases   ] GC(6) Pause Mark Start 0.012ms
[2026-04-03T01:14:42.515+0600][13.856s][info][gc,phases   ] GC(6) Concurrent Mark 111.519ms
[2026-04-03T01:14:42.516+0600][13.856s][info][gc,phases   ] GC(6) Pause Mark End 0.032ms
[2026-04-03T01:14:42.516+0600][13.857s][info][gc,phases   ] GC(6) Concurrent Mark Free 0.002ms
[2026-04-03T01:14:42.528+0600][13.869s][info][gc,phases   ] GC(6) Concurrent Process Non-Strong References 12.181ms
[2026-04-03T01:14:42.528+0600][13.869s][info][gc,phases   ] GC(6) Concurrent Reset Relocation Set 0.013ms
[2026-04-03T01:14:42.533+0600][13.873s][info][gc,phases   ] GC(6) Concurrent Select Relocation Set 4.500ms
[2026-04-03T01:14:42.533+0600][13.874s][info][gc,phases   ] GC(6) Pause Relocate Start 0.015ms
[2026-04-03T01:14:42.586+0600][13.926s][info][gc,phases   ] GC(6) Concurrent Relocate 49.468ms
[2026-04-03T01:14:42.586+0600][13.926s][info][gc,load     ] GC(6) Load: 8.28/6.63/5.06
[2026-04-03T01:14:42.586+0600][13.926s][info][gc,mmu      ] GC(6) MMU: 2ms/98.0%, 5ms/99.2%, 10ms/99.6%, 20ms/99.6%, 50ms/99.8%, 100ms/99.9%
[2026-04-03T01:14:42.586+0600][13.926s][info][gc,marking  ] GC(6) Mark: 1 stripe(s), 2 proactive flush(es), 1 terminate flush(es), 0 completion(s), 0 continuation(s) 
[2026-04-03T01:14:42.586+0600][13.926s][info][gc,marking  ] GC(6) Mark Stack Usage: 32M
[2026-04-03T01:14:42.586+0600][13.926s][info][gc,nmethod  ] GC(6) NMethods: 1137 registered, 24 unregistered
[2026-04-03T01:14:42.586+0600][13.926s][info][gc,metaspace] GC(6) Metaspace: 6M used, 6M committed, 1088M reserved
[2026-04-03T01:14:42.586+0600][13.926s][info][gc,ref      ] GC(6) Soft: 262 encountered, 0 discovered, 0 enqueued
[2026-04-03T01:14:42.586+0600][13.926s][info][gc,ref      ] GC(6) Weak: 537 encountered, 227 discovered, 0 enqueued
[2026-04-03T01:14:42.586+0600][13.926s][info][gc,ref      ] GC(6) Final: 9 encountered, 7 discovered, 0 enqueued
[2026-04-03T01:14:42.586+0600][13.926s][info][gc,ref      ] GC(6) Phantom: 21 encountered, 12 discovered, 0 enqueued
[2026-04-03T01:14:42.586+0600][13.926s][info][gc,reloc    ] GC(6) Small Pages: 1735 / 3470M, Empty: 3198M, Relocated: 6M, In-Place: 0
[2026-04-03T01:14:42.586+0600][13.926s][info][gc,reloc    ] GC(6) Medium Pages: 0 / 0M, Empty: 0M, Relocated: 0M, In-Place: 0
[2026-04-03T01:14:42.586+0600][13.926s][info][gc,reloc    ] GC(6) Large Pages: 2 / 12M, Empty: 0M, Relocated: 0M, In-Place: 0
[2026-04-03T01:14:42.586+0600][13.926s][info][gc,reloc    ] GC(6) Forwarding Usage: 2M
[2026-04-03T01:14:42.586+0600][13.926s][info][gc,heap     ] GC(6) Min Capacity: 8M(0%)
[2026-04-03T01:14:42.586+0600][13.926s][info][gc,heap     ] GC(6) Max Capacity: 3922M(100%)
[2026-04-03T01:14:42.586+0600][13.926s][info][gc,heap     ] GC(6) Soft Max Capacity: 3922M(100%)
[2026-04-03T01:14:42.586+0600][13.926s][info][gc,heap     ] GC(6)                Mark Start          Mark End        Relocate Start      Relocate End           High               Low         
[2026-04-03T01:14:42.586+0600][13.926s][info][gc,heap     ] GC(6)  Capacity:     3586M (91%)        3626M (92%)        3636M (93%)        3636M (93%)        3636M (93%)        3586M (91%)    
[2026-04-03T01:14:42.586+0600][13.927s][info][gc,heap     ] GC(6)      Free:      440M (11%)         296M (8%)         3478M (89%)        3694M (94%)        3702M (94%)         286M (7%)     
[2026-04-03T01:14:42.586+0600][13.927s][info][gc,heap     ] GC(6)      Used:     3482M (89%)        3626M (92%)         444M (11%)         228M (6%)         3636M (93%)         220M (6%)     
[2026-04-03T01:14:42.586+0600][13.927s][info][gc,heap     ] GC(6)      Live:         -                21M (1%)           21M (1%)           21M (1%)             -                  -          
[2026-04-03T01:14:42.586+0600][13.927s][info][gc,heap     ] GC(6) Allocated:         -               144M (4%)          160M (4%)          203M (5%)             -                  -          
[2026-04-03T01:14:42.586+0600][13.927s][info][gc,heap     ] GC(6)   Garbage:         -              3460M (88%)         262M (7%)            2M (0%)             -                  -          
[2026-04-03T01:14:42.586+0600][13.927s][info][gc,heap     ] GC(6) Reclaimed:         -                  -              3198M (82%)        3457M (88%)            -                  -          
[2026-04-03T01:14:42.586+0600][13.927s][info][gc          ] GC(6) Garbage Collection (Allocation Rate) 3482M(89%)->228M(6%)
[2026-04-03T01:14:45.404+0600][16.745s][info][gc,start    ] GC(7) Garbage Collection (Allocation Rate)
[2026-04-03T01:14:45.404+0600][16.745s][info][gc,task     ] GC(7) Using 1 workers
[2026-04-03T01:14:45.404+0600][16.745s][info][gc,phases   ] GC(7) Pause Mark Start 0.013ms
[2026-04-03T01:14:45.490+0600][16.831s][info][gc,phases   ] GC(7) Concurrent Mark 82.121ms
[2026-04-03T01:14:45.490+0600][16.831s][info][gc,phases   ] GC(7) Pause Mark End 0.027ms
[2026-04-03T01:14:45.494+0600][16.834s][info][gc,phases   ] GC(7) Concurrent Mark Free 0.003ms
[2026-04-03T01:14:45.503+0600][16.844s][info][gc,phases   ] GC(7) Concurrent Process Non-Strong References 9.153ms
[2026-04-03T01:14:45.503+0600][16.844s][info][gc,phases   ] GC(7) Concurrent Reset Relocation Set 0.016ms
[2026-04-03T01:14:45.510+0600][16.851s][info][gc,phases   ] GC(7) Concurrent Select Relocation Set 7.095ms
[2026-04-03T01:14:45.510+0600][16.851s][info][gc,phases   ] GC(7) Pause Relocate Start 0.016ms
[2026-04-03T01:14:45.535+0600][16.876s][info][gc,phases   ] GC(7) Concurrent Relocate 18.184ms
[2026-04-03T01:14:45.535+0600][16.876s][info][gc,load     ] GC(7) Load: 8.58/6.72/5.09
[2026-04-03T01:14:45.535+0600][16.876s][info][gc,mmu      ] GC(7) MMU: 2ms/98.0%, 5ms/99.2%, 10ms/99.6%, 20ms/99.6%, 50ms/99.8%, 100ms/99.9%
[2026-04-03T01:14:45.535+0600][16.876s][info][gc,marking  ] GC(7) Mark: 1 stripe(s), 2 proactive flush(es), 1 terminate flush(es), 0 completion(s), 0 continuation(s) 
[2026-04-03T01:14:45.535+0600][16.876s][info][gc,marking  ] GC(7) Mark Stack Usage: 32M
[2026-04-03T01:14:45.535+0600][16.876s][info][gc,nmethod  ] GC(7) NMethods: 1137 registered, 28 unregistered
[2026-04-03T01:14:45.535+0600][16.876s][info][gc,metaspace] GC(7) Metaspace: 6M used, 6M committed, 1088M reserved
[2026-04-03T01:14:45.535+0600][16.876s][info][gc,ref      ] GC(7) Soft: 262 encountered, 0 discovered, 0 enqueued
[2026-04-03T01:14:45.535+0600][16.876s][info][gc,ref      ] GC(7) Weak: 537 encountered, 227 discovered, 0 enqueued
[2026-04-03T01:14:45.535+0600][16.876s][info][gc,ref      ] GC(7) Final: 9 encountered, 7 discovered, 0 enqueued
[2026-04-03T01:14:45.535+0600][16.876s][info][gc,ref      ] GC(7) Phantom: 21 encountered, 12 discovered, 0 enqueued
[2026-04-03T01:14:45.535+0600][16.876s][info][gc,reloc    ] GC(7) Small Pages: 1699 / 3398M, Empty: 3258M, Relocated: 4M, In-Place: 0
[2026-04-03T01:14:45.535+0600][16.876s][info][gc,reloc    ] GC(7) Medium Pages: 0 / 0M, Empty: 0M, Relocated: 0M, In-Place: 0
[2026-04-03T01:14:45.535+0600][16.876s][info][gc,reloc    ] GC(7) Large Pages: 2 / 12M, Empty: 0M, Relocated: 0M, In-Place: 0
[2026-04-03T01:14:45.535+0600][16.876s][info][gc,reloc    ] GC(7) Forwarding Usage: 2M
[2026-04-03T01:14:45.535+0600][16.876s][info][gc,heap     ] GC(7) Min Capacity: 8M(0%)
[2026-04-03T01:14:45.535+0600][16.876s][info][gc,heap     ] GC(7) Max Capacity: 3922M(100%)
[2026-04-03T01:14:45.535+0600][16.876s][info][gc,heap     ] GC(7) Soft Max Capacity: 3922M(100%)
[2026-04-03T01:14:45.535+0600][16.876s][info][gc,heap     ] GC(7)                Mark Start          Mark End        Relocate Start      Relocate End           High               Low         
[2026-04-03T01:14:45.535+0600][16.876s][info][gc,heap     ] GC(7)  Capacity:     3636M (93%)        3636M (93%)        3636M (93%)        3636M (93%)        3636M (93%)        3636M (93%)    
[2026-04-03T01:14:45.535+0600][16.876s][info][gc,heap     ] GC(7)      Free:      512M (13%)         420M (11%)        3660M (93%)        3762M (96%)        3762M (96%)         410M (10%)    
[2026-04-03T01:14:45.535+0600][16.876s][info][gc,heap     ] GC(7)      Used:     3410M (87%)        3502M (89%)         262M (7%)          160M (4%)         3512M (90%)         160M (4%)     
[2026-04-03T01:14:45.535+0600][16.876s][info][gc,heap     ] GC(7)      Live:         -                22M (1%)           22M (1%)           22M (1%)             -                  -          
[2026-04-03T01:14:45.535+0600][16.876s][info][gc,heap     ] GC(7) Allocated:         -                92M (2%)          110M (3%)          133M (3%)             -                  -          
[2026-04-03T01:14:45.535+0600][16.876s][info][gc,heap     ] GC(7)   Garbage:         -              3387M (86%)         129M (3%)            4M (0%)             -                  -          
[2026-04-03T01:14:45.535+0600][16.876s][info][gc,heap     ] GC(7) Reclaimed:         -                  -              3258M (83%)        3383M (86%)            -                  -          
[2026-04-03T01:14:45.535+0600][16.876s][info][gc          ] GC(7) Garbage Collection (Allocation Rate) 3410M(87%)->160M(4%)
[2026-04-03T01:14:47.388+0600][18.728s][info][gc,heap,exit] Heap
[2026-04-03T01:14:47.388+0600][18.728s][info][gc,heap,exit]  ZHeap           used 2550M, capacity 3636M, max capacity 3922M
[2026-04-03T01:14:47.388+0600][18.728s][info][gc,heap,exit]  Metaspace       used 6362K, committed 6528K, reserved 1114112K
[2026-04-03T01:14:47.388+0600][18.728s][info][gc,heap,exit]   class space    used 615K, committed 704K, reserved 1048576K
