[2026-04-03T02:48:02.454+0600][0.004s][info][gc,init] CardTable entry size: 512
[2026-04-03T02:48:02.454+0600][0.004s][info][gc     ] Using G1
[2026-04-03T02:48:02.458+0600][0.007s][info][gc,init] Version: 21.0.10+7-Ubuntu-124.04 (release)
[2026-04-03T02:48:02.458+0600][0.007s][info][gc,init] CPUs: 12 total, 12 available
[2026-04-03T02:48:02.458+0600][0.007s][info][gc,init] Memory: 15683M
[2026-04-03T02:48:02.458+0600][0.007s][info][gc,init] Large Page Support: Disabled
[2026-04-03T02:48:02.458+0600][0.007s][info][gc,init] NUMA Support: Disabled
[2026-04-03T02:48:02.458+0600][0.007s][info][gc,init] Compressed Oops: Enabled (32-bit)
[2026-04-03T02:48:02.458+0600][0.007s][info][gc,init] Heap Region Size: 1M
[2026-04-03T02:48:02.458+0600][0.007s][info][gc,init] Heap Min Capacity: 8M
[2026-04-03T02:48:02.458+0600][0.007s][info][gc,init] Heap Initial Capacity: 246M
[2026-04-03T02:48:02.458+0600][0.007s][info][gc,init] Heap Max Capacity: 2000M
[2026-04-03T02:48:02.458+0600][0.007s][info][gc,init] Pre-touch: Disabled
[2026-04-03T02:48:02.458+0600][0.007s][info][gc,init] Parallel Workers: 10
[2026-04-03T02:48:02.458+0600][0.007s][info][gc,init] Concurrent Workers: 3
[2026-04-03T02:48:02.458+0600][0.007s][info][gc,init] Concurrent Refinement Workers: 10
[2026-04-03T02:48:02.458+0600][0.007s][info][gc,init] Periodic GC: Disabled
[2026-04-03T02:48:02.467+0600][0.017s][info][gc,metaspace] CDS archive(s) mapped at: [0x000073f0bf000000-0x000073f0bfc9c000-0x000073f0bfc9c000), size 13221888, SharedBaseAddress: 0x000073f0bf000000, ArchiveRelocationMode: 1.
[2026-04-03T02:48:02.468+0600][0.017s][info][gc,metaspace] Compressed class space mapped at: 0x000073f0c0000000-0x000073f100000000, reserved size: 1073741824
[2026-04-03T02:48:02.468+0600][0.017s][info][gc,metaspace] Narrow klass base: 0x000073f0bf000000, Narrow klass shift: 0, Narrow klass range: 0x100000000
[2026-04-03T02:48:02.818+0600][0.368s][info][gc,start    ] GC(0) Pause Young (Normal) (G1 Evacuation Pause)
[2026-04-03T02:48:02.819+0600][0.369s][info][gc,task     ] GC(0) Using 5 workers of 10 for evacuation
[2026-04-03T02:48:02.822+0600][0.372s][info][gc,phases   ] GC(0)   Pre Evacuate Collection Set: 0.14ms
[2026-04-03T02:48:02.822+0600][0.372s][info][gc,phases   ] GC(0)   Merge Heap Roots: 0.24ms
[2026-04-03T02:48:02.822+0600][0.372s][info][gc,phases   ] GC(0)   Evacuate Collection Set: 1.91ms
[2026-04-03T02:48:02.822+0600][0.372s][info][gc,phases   ] GC(0)   Post Evacuate Collection Set: 0.31ms
[2026-04-03T02:48:02.822+0600][0.372s][info][gc,phases   ] GC(0)   Other: 1.01ms
[2026-04-03T02:48:02.822+0600][0.372s][info][gc,heap     ] GC(0) Eden regions: 23->0(46)
[2026-04-03T02:48:02.822+0600][0.372s][info][gc,heap     ] GC(0) Survivor regions: 0->3(3)
[2026-04-03T02:48:02.822+0600][0.372s][info][gc,heap     ] GC(0) Old regions: 2->2
[2026-04-03T02:48:02.822+0600][0.372s][info][gc,heap     ] GC(0) Humongous regions: 0->0
[2026-04-03T02:48:02.822+0600][0.372s][info][gc,metaspace] GC(0) Metaspace: 2598K(2752K)->2598K(2752K) NonClass: 2364K(2432K)->2364K(2432K) Class: 233K(320K)->233K(320K)
[2026-04-03T02:48:02.822+0600][0.372s][info][gc          ] GC(0) Pause Young (Normal) (G1 Evacuation Pause) 24M->3M(248M) 3.942ms
[2026-04-03T02:48:02.822+0600][0.372s][info][gc,cpu      ] GC(0) User=0.02s Sys=0.00s Real=0.01s
[2026-04-03T02:48:02.960+0600][0.510s][info][gc,start    ] GC(1) Pause Young (Normal) (G1 Evacuation Pause)
[2026-04-03T02:48:02.960+0600][0.510s][info][gc,task     ] GC(1) Using 5 workers of 10 for evacuation
[2026-04-03T02:48:02.963+0600][0.512s][info][gc,phases   ] GC(1)   Pre Evacuate Collection Set: 0.26ms
[2026-04-03T02:48:02.963+0600][0.512s][info][gc,phases   ] GC(1)   Merge Heap Roots: 0.11ms
[2026-04-03T02:48:02.963+0600][0.512s][info][gc,phases   ] GC(1)   Evacuate Collection Set: 1.63ms
[2026-04-03T02:48:02.963+0600][0.512s][info][gc,phases   ] GC(1)   Post Evacuate Collection Set: 0.45ms
[2026-04-03T02:48:02.963+0600][0.512s][info][gc,phases   ] GC(1)   Other: 0.10ms
[2026-04-03T02:48:02.963+0600][0.512s][info][gc,heap     ] GC(1) Eden regions: 46->0(144)
[2026-04-03T02:48:02.963+0600][0.512s][info][gc,heap     ] GC(1) Survivor regions: 3->3(7)
[2026-04-03T02:48:02.963+0600][0.512s][info][gc,heap     ] GC(1) Old regions: 2->2
[2026-04-03T02:48:02.963+0600][0.513s][info][gc,heap     ] GC(1) Humongous regions: 0->0
[2026-04-03T02:48:02.963+0600][0.513s][info][gc,metaspace] GC(1) Metaspace: 3955K(4096K)->3955K(4096K) NonClass: 3507K(3584K)->3507K(3584K) Class: 448K(512K)->448K(512K)
[2026-04-03T02:48:02.963+0600][0.513s][info][gc          ] GC(1) Pause Young (Normal) (G1 Evacuation Pause) 49M->3M(248M) 2.831ms
[2026-04-03T02:48:02.963+0600][0.513s][info][gc,cpu      ] GC(1) User=0.01s Sys=0.01s Real=0.00s
[2026-04-03T02:48:03.494+0600][1.044s][info][gc,start    ] GC(2) Pause Young (Normal) (G1 Evacuation Pause)
[2026-04-03T02:48:03.494+0600][1.044s][info][gc,task     ] GC(2) Using 5 workers of 10 for evacuation
[2026-04-03T02:48:03.498+0600][1.048s][info][gc,phases   ] GC(2)   Pre Evacuate Collection Set: 0.31ms
[2026-04-03T02:48:03.498+0600][1.048s][info][gc,phases   ] GC(2)   Merge Heap Roots: 0.13ms
[2026-04-03T02:48:03.498+0600][1.048s][info][gc,phases   ] GC(2)   Evacuate Collection Set: 2.41ms
[2026-04-03T02:48:03.498+0600][1.048s][info][gc,phases   ] GC(2)   Post Evacuate Collection Set: 0.73ms
[2026-04-03T02:48:03.498+0600][1.048s][info][gc,phases   ] GC(2)   Other: 0.10ms
[2026-04-03T02:48:03.498+0600][1.048s][info][gc,heap     ] GC(2) Eden regions: 144->0(143)
[2026-04-03T02:48:03.498+0600][1.048s][info][gc,heap     ] GC(2) Survivor regions: 3->4(19)
[2026-04-03T02:48:03.498+0600][1.048s][info][gc,heap     ] GC(2) Old regions: 2->2
[2026-04-03T02:48:03.498+0600][1.048s][info][gc,heap     ] GC(2) Humongous regions: 0->0
[2026-04-03T02:48:03.498+0600][1.048s][info][gc,metaspace] GC(2) Metaspace: 10142K(10368K)->10142K(10368K) NonClass: 8878K(9024K)->8878K(9024K) Class: 1264K(1344K)->1264K(1344K)
[2026-04-03T02:48:03.498+0600][1.048s][info][gc          ] GC(2) Pause Young (Normal) (G1 Evacuation Pause) 147M->4M(248M) 3.931ms
[2026-04-03T02:48:03.498+0600][1.048s][info][gc,cpu      ] GC(2) User=0.01s Sys=0.00s Real=0.00s
[2026-04-03T02:48:06.160+0600][3.710s][info][gc,start    ] GC(3) Pause Young (Normal) (G1 Evacuation Pause)
[2026-04-03T02:48:06.160+0600][3.710s][info][gc,task     ] GC(3) Using 5 workers of 10 for evacuation
[2026-04-03T02:48:06.167+0600][3.716s][info][gc,phases   ] GC(3)   Pre Evacuate Collection Set: 0.24ms
[2026-04-03T02:48:06.167+0600][3.716s][info][gc,phases   ] GC(3)   Merge Heap Roots: 0.09ms
[2026-04-03T02:48:06.167+0600][3.716s][info][gc,phases   ] GC(3)   Evacuate Collection Set: 5.10ms
[2026-04-03T02:48:06.167+0600][3.716s][info][gc,phases   ] GC(3)   Post Evacuate Collection Set: 0.86ms
[2026-04-03T02:48:06.167+0600][3.716s][info][gc,phases   ] GC(3)   Other: 0.08ms
[2026-04-03T02:48:06.167+0600][3.716s][info][gc,heap     ] GC(3) Eden regions: 143->0(134)
[2026-04-03T02:48:06.167+0600][3.716s][info][gc,heap     ] GC(3) Survivor regions: 4->13(19)
[2026-04-03T02:48:06.167+0600][3.716s][info][gc,heap     ] GC(3) Old regions: 2->2
[2026-04-03T02:48:06.167+0600][3.716s][info][gc,heap     ] GC(3) Humongous regions: 7->7
[2026-04-03T02:48:06.167+0600][3.716s][info][gc,metaspace] GC(3) Metaspace: 18952K(19264K)->18952K(19264K) NonClass: 16542K(16704K)->16542K(16704K) Class: 2409K(2560K)->2409K(2560K)
[2026-04-03T02:48:06.167+0600][3.717s][info][gc          ] GC(3) Pause Young (Normal) (G1 Evacuation Pause) 154M->20M(248M) 6.639ms
[2026-04-03T02:48:06.167+0600][3.717s][info][gc,cpu      ] GC(3) User=0.03s Sys=0.01s Real=0.00s
[2026-04-03T02:48:06.342+0600][3.892s][info][gc,start    ] GC(4) Pause Young (Concurrent Start) (Metadata GC Threshold)
[2026-04-03T02:48:06.342+0600][3.892s][info][gc,task     ] GC(4) Using 5 workers of 10 for evacuation
[2026-04-03T02:48:06.348+0600][3.897s][info][gc,phases   ] GC(4)   Pre Evacuate Collection Set: 0.29ms
[2026-04-03T02:48:06.348+0600][3.897s][info][gc,phases   ] GC(4)   Merge Heap Roots: 0.06ms
[2026-04-03T02:48:06.348+0600][3.897s][info][gc,phases   ] GC(4)   Evacuate Collection Set: 4.11ms
[2026-04-03T02:48:06.348+0600][3.897s][info][gc,phases   ] GC(4)   Post Evacuate Collection Set: 0.90ms
[2026-04-03T02:48:06.348+0600][3.897s][info][gc,phases   ] GC(4)   Other: 0.15ms
[2026-04-03T02:48:06.348+0600][3.897s][info][gc,heap     ] GC(4) Eden regions: 6->0(135)
[2026-04-03T02:48:06.348+0600][3.897s][info][gc,heap     ] GC(4) Survivor regions: 13->12(19)
[2026-04-03T02:48:06.348+0600][3.897s][info][gc,heap     ] GC(4) Old regions: 2->6
[2026-04-03T02:48:06.348+0600][3.897s][info][gc,heap     ] GC(4) Humongous regions: 7->7
[2026-04-03T02:48:06.348+0600][3.897s][info][gc,metaspace] GC(4) Metaspace: 21213K(21504K)->21213K(21504K) NonClass: 18581K(18688K)->18581K(18688K) Class: 2632K(2816K)->2632K(2816K)
[2026-04-03T02:48:06.348+0600][3.898s][info][gc          ] GC(4) Pause Young (Concurrent Start) (Metadata GC Threshold) 26M->22M(248M) 5.760ms
[2026-04-03T02:48:06.348+0600][3.898s][info][gc,cpu      ] GC(4) User=0.02s Sys=0.00s Real=0.00s
[2026-04-03T02:48:06.348+0600][3.898s][info][gc          ] GC(5) Concurrent Mark Cycle
[2026-04-03T02:48:06.348+0600][3.898s][info][gc,marking  ] GC(5) Concurrent Scan Root Regions
[2026-04-03T02:48:06.351+0600][3.900s][info][gc,marking  ] GC(5) Concurrent Scan Root Regions 2.505ms
[2026-04-03T02:48:06.351+0600][3.900s][info][gc,marking  ] GC(5) Concurrent Mark
[2026-04-03T02:48:06.351+0600][3.900s][info][gc,marking  ] GC(5) Concurrent Mark From Roots
[2026-04-03T02:48:06.351+0600][3.900s][info][gc,task     ] GC(5) Using 3 workers of 3 for marking
[2026-04-03T02:48:06.353+0600][3.903s][info][gc,marking  ] GC(5) Concurrent Mark From Roots 2.814ms
[2026-04-03T02:48:06.353+0600][3.903s][info][gc,marking  ] GC(5) Concurrent Preclean
[2026-04-03T02:48:06.353+0600][3.903s][info][gc,marking  ] GC(5) Concurrent Preclean 0.020ms
[2026-04-03T02:48:06.354+0600][3.903s][info][gc,start    ] GC(5) Pause Remark
[2026-04-03T02:48:06.357+0600][3.907s][info][gc          ] GC(5) Pause Remark 23M->23M(84M) 3.274ms
[2026-04-03T02:48:06.357+0600][3.907s][info][gc,cpu      ] GC(5) User=0.01s Sys=0.00s Real=0.00s
[2026-04-03T02:48:06.357+0600][3.907s][info][gc,marking  ] GC(5) Concurrent Mark 6.473ms
[2026-04-03T02:48:06.357+0600][3.907s][info][gc,marking  ] GC(5) Concurrent Rebuild Remembered Sets and Scrub Regions
[2026-04-03T02:48:06.359+0600][3.908s][info][gc,marking  ] GC(5) Concurrent Rebuild Remembered Sets and Scrub Regions 1.609ms
[2026-04-03T02:48:06.370+0600][3.920s][info][gc,start    ] GC(5) Pause Cleanup
[2026-04-03T02:48:06.370+0600][3.920s][info][gc          ] GC(5) Pause Cleanup 23M->23M(84M) 0.272ms
[2026-04-03T02:48:06.370+0600][3.920s][info][gc,cpu      ] GC(5) User=0.00s Sys=0.00s Real=0.00s
[2026-04-03T02:48:06.370+0600][3.920s][info][gc,marking  ] GC(5) Concurrent Clear Claimed Marks
[2026-04-03T02:48:06.370+0600][3.920s][info][gc,marking  ] GC(5) Concurrent Clear Claimed Marks 0.044ms
[2026-04-03T02:48:06.370+0600][3.920s][info][gc,marking  ] GC(5) Concurrent Cleanup for Next Mark
[2026-04-03T02:48:06.371+0600][3.921s][info][gc,marking  ] GC(5) Concurrent Cleanup for Next Mark 0.797ms
[2026-04-03T02:48:06.371+0600][3.921s][info][gc          ] GC(5) Concurrent Mark Cycle 23.222ms
[2026-04-03T02:48:07.721+0600][5.271s][info][gc,start    ] GC(6) Pause Young (Prepare Mixed) (G1 Evacuation Pause)
[2026-04-03T02:48:07.721+0600][5.271s][info][gc,task     ] GC(6) Using 3 workers of 10 for evacuation
[2026-04-03T02:48:07.733+0600][5.282s][info][gc,phases   ] GC(6)   Pre Evacuate Collection Set: 0.20ms
[2026-04-03T02:48:07.733+0600][5.282s][info][gc,phases   ] GC(6)   Merge Heap Roots: 0.15ms
[2026-04-03T02:48:07.733+0600][5.282s][info][gc,phases   ] GC(6)   Evacuate Collection Set: 9.48ms
[2026-04-03T02:48:07.733+0600][5.282s][info][gc,phases   ] GC(6)   Post Evacuate Collection Set: 1.18ms
[2026-04-03T02:48:07.733+0600][5.282s][info][gc,phases   ] GC(6)   Other: 0.08ms
[2026-04-03T02:48:07.733+0600][5.282s][info][gc,heap     ] GC(6) Eden regions: 55->0(58)
[2026-04-03T02:48:07.733+0600][5.282s][info][gc,heap     ] GC(6) Survivor regions: 12->3(19)
[2026-04-03T02:48:07.733+0600][5.282s][info][gc,heap     ] GC(6) Old regions: 6->17
[2026-04-03T02:48:07.733+0600][5.282s][info][gc,heap     ] GC(6) Humongous regions: 15->7
[2026-04-03T02:48:07.733+0600][5.282s][info][gc,metaspace] GC(6) Metaspace: 28820K(29184K)->28820K(29184K) NonClass: 25229K(25408K)->25229K(25408K) Class: 3591K(3776K)->3591K(3776K)
[2026-04-03T02:48:07.733+0600][5.282s][info][gc          ] GC(6) Pause Young (Prepare Mixed) (G1 Evacuation Pause) 85M->24M(102M) 11.357ms
[2026-04-03T02:48:07.733+0600][5.282s][info][gc,cpu      ] GC(6) User=0.03s Sys=0.01s Real=0.01s
[2026-04-03T02:48:09.210+0600][6.760s][info][gc,start    ] GC(7) Pause Young (Mixed) (Metadata GC Threshold)
[2026-04-03T02:48:09.211+0600][6.760s][info][gc,task     ] GC(7) Using 2 workers of 10 for evacuation
[2026-04-03T02:48:09.218+0600][6.768s][info][gc,phases   ] GC(7)   Pre Evacuate Collection Set: 0.19ms
[2026-04-03T02:48:09.218+0600][6.768s][info][gc,phases   ] GC(7)   Merge Heap Roots: 0.08ms
[2026-04-03T02:48:09.218+0600][6.768s][info][gc,phases   ] GC(7)   Evacuate Collection Set: 6.57ms
[2026-04-03T02:48:09.218+0600][6.768s][info][gc,phases   ] GC(7)   Post Evacuate Collection Set: 0.74ms
[2026-04-03T02:48:09.218+0600][6.768s][info][gc,phases   ] GC(7)   Other: 0.13ms
[2026-04-03T02:48:09.218+0600][6.768s][info][gc,heap     ] GC(7) Eden regions: 51->0(56)
[2026-04-03T02:48:09.218+0600][6.768s][info][gc,heap     ] GC(7) Survivor regions: 3->5(8)
[2026-04-03T02:48:09.218+0600][6.768s][info][gc,heap     ] GC(7) Old regions: 17->16
[2026-04-03T02:48:09.218+0600][6.768s][info][gc,heap     ] GC(7) Humongous regions: 19->7
[2026-04-03T02:48:09.218+0600][6.768s][info][gc,metaspace] GC(7) Metaspace: 35829K(36160K)->35829K(36160K) NonClass: 31370K(31552K)->31370K(31552K) Class: 4458K(4608K)->4458K(4608K)
[2026-04-03T02:48:09.218+0600][6.768s][info][gc          ] GC(7) Pause Young (Mixed) (Metadata GC Threshold) 87M->26M(102M) 7.955ms
[2026-04-03T02:48:09.218+0600][6.768s][info][gc,cpu      ] GC(7) User=0.01s Sys=0.00s Real=0.00s
[2026-04-03T02:48:09.240+0600][6.790s][info][gc,start    ] GC(8) Pause Young (Concurrent Start) (Metadata GC Threshold)
[2026-04-03T02:48:09.240+0600][6.790s][info][gc,task     ] GC(8) Using 2 workers of 10 for evacuation
[2026-04-03T02:48:09.249+0600][6.799s][info][gc,phases   ] GC(8)   Pre Evacuate Collection Set: 0.35ms
[2026-04-03T02:48:09.249+0600][6.799s][info][gc,phases   ] GC(8)   Merge Heap Roots: 0.07ms
[2026-04-03T02:48:09.249+0600][6.799s][info][gc,phases   ] GC(8)   Evacuate Collection Set: 7.10ms
[2026-04-03T02:48:09.249+0600][6.799s][info][gc,phases   ] GC(8)   Post Evacuate Collection Set: 1.10ms
[2026-04-03T02:48:09.249+0600][6.799s][info][gc,phases   ] GC(8)   Other: 0.20ms
[2026-04-03T02:48:09.249+0600][6.799s][info][gc,heap     ] GC(8) Eden regions: 4->0(57)
[2026-04-03T02:48:09.249+0600][6.799s][info][gc,heap     ] GC(8) Survivor regions: 5->4(8)
[2026-04-03T02:48:09.249+0600][6.799s][info][gc,heap     ] GC(8) Old regions: 16->17
[2026-04-03T02:48:09.249+0600][6.799s][info][gc,heap     ] GC(8) Humongous regions: 7->7
[2026-04-03T02:48:09.249+0600][6.799s][info][gc,metaspace] GC(8) Metaspace: 36124K(36480K)->36124K(36480K) NonClass: 31630K(31808K)->31630K(31808K) Class: 4494K(4672K)->4494K(4672K)
[2026-04-03T02:48:09.249+0600][6.799s][info][gc          ] GC(8) Pause Young (Concurrent Start) (Metadata GC Threshold) 30M->26M(102M) 9.010ms
[2026-04-03T02:48:09.249+0600][6.799s][info][gc,cpu      ] GC(8) User=0.01s Sys=0.00s Real=0.00s
[2026-04-03T02:48:09.249+0600][6.799s][info][gc          ] GC(9) Concurrent Mark Cycle
[2026-04-03T02:48:09.249+0600][6.799s][info][gc,marking  ] GC(9) Concurrent Scan Root Regions
[2026-04-03T02:48:09.251+0600][6.801s][info][gc,marking  ] GC(9) Concurrent Scan Root Regions 2.165ms
[2026-04-03T02:48:09.251+0600][6.801s][info][gc,marking  ] GC(9) Concurrent Mark
[2026-04-03T02:48:09.251+0600][6.801s][info][gc,marking  ] GC(9) Concurrent Mark From Roots
[2026-04-03T02:48:09.251+0600][6.801s][info][gc,task     ] GC(9) Using 3 workers of 3 for marking
[2026-04-03T02:48:09.257+0600][6.807s][info][gc,marking  ] GC(9) Concurrent Mark From Roots 5.902ms
[2026-04-03T02:48:09.257+0600][6.807s][info][gc,marking  ] GC(9) Concurrent Preclean
[2026-04-03T02:48:09.257+0600][6.807s][info][gc,marking  ] GC(9) Concurrent Preclean 0.051ms
[2026-04-03T02:48:09.258+0600][6.808s][info][gc,start    ] GC(9) Pause Remark
[2026-04-03T02:48:09.263+0600][6.813s][info][gc          ] GC(9) Pause Remark 27M->27M(94M) 5.421ms
[2026-04-03T02:48:09.263+0600][6.813s][info][gc,cpu      ] GC(9) User=0.01s Sys=0.00s Real=0.01s
[2026-04-03T02:48:09.264+0600][6.813s][info][gc,marking  ] GC(9) Concurrent Mark 12.194ms
[2026-04-03T02:48:09.264+0600][6.813s][info][gc,marking  ] GC(9) Concurrent Rebuild Remembered Sets and Scrub Regions
[2026-04-03T02:48:09.266+0600][6.816s][info][gc,marking  ] GC(9) Concurrent Rebuild Remembered Sets and Scrub Regions 2.565ms
[2026-04-03T02:48:09.266+0600][6.816s][info][gc,start    ] GC(9) Pause Cleanup
[2026-04-03T02:48:09.267+0600][6.816s][info][gc          ] GC(9) Pause Cleanup 27M->27M(94M) 0.283ms
[2026-04-03T02:48:09.267+0600][6.816s][info][gc,cpu      ] GC(9) User=0.00s Sys=0.00s Real=0.00s
[2026-04-03T02:48:09.267+0600][6.817s][info][gc,marking  ] GC(9) Concurrent Clear Claimed Marks
[2026-04-03T02:48:09.267+0600][6.817s][info][gc,marking  ] GC(9) Concurrent Clear Claimed Marks 0.049ms
[2026-04-03T02:48:09.267+0600][6.817s][info][gc,marking  ] GC(9) Concurrent Cleanup for Next Mark
[2026-04-03T02:48:09.267+0600][6.817s][info][gc,marking  ] GC(9) Concurrent Cleanup for Next Mark 0.329ms
[2026-04-03T02:48:09.267+0600][6.817s][info][gc          ] GC(9) Concurrent Mark Cycle 18.163ms
[2026-04-03T02:48:10.822+0600][8.371s][info][gc,start    ] GC(10) Pause Young (Prepare Mixed) (G1 Evacuation Pause)
[2026-04-03T02:48:10.822+0600][8.372s][info][gc,task     ] GC(10) Using 2 workers of 10 for evacuation
[2026-04-03T02:48:10.834+0600][8.384s][info][gc,phases   ] GC(10)   Pre Evacuate Collection Set: 0.28ms
[2026-04-03T02:48:10.834+0600][8.384s][info][gc,phases   ] GC(10)   Merge Heap Roots: 0.25ms
[2026-04-03T02:48:10.834+0600][8.384s][info][gc,phases   ] GC(10)   Evacuate Collection Set: 10.44ms
[2026-04-03T02:48:10.834+0600][8.384s][info][gc,phases   ] GC(10)   Post Evacuate Collection Set: 1.07ms
[2026-04-03T02:48:10.834+0600][8.384s][info][gc,phases   ] GC(10)   Other: 0.09ms
[2026-04-03T02:48:10.834+0600][8.384s][info][gc,heap     ] GC(10) Eden regions: 53->0(54)
[2026-04-03T02:48:10.834+0600][8.384s][info][gc,heap     ] GC(10) Survivor regions: 4->6(8)
[2026-04-03T02:48:10.834+0600][8.384s][info][gc,heap     ] GC(10) Old regions: 17->17
[2026-04-03T02:48:10.834+0600][8.384s][info][gc,heap     ] GC(10) Humongous regions: 20->8
[2026-04-03T02:48:10.834+0600][8.384s][info][gc,metaspace] GC(10) Metaspace: 42888K(43328K)->42888K(43328K) NonClass: 37559K(37824K)->37559K(37824K) Class: 5328K(5504K)->5328K(5504K)
[2026-04-03T02:48:10.834+0600][8.384s][info][gc          ] GC(10) Pause Young (Prepare Mixed) (G1 Evacuation Pause) 92M->29M(100M) 12.396ms
[2026-04-03T02:48:10.834+0600][8.384s][info][gc,cpu      ] GC(10) User=0.03s Sys=0.01s Real=0.01s
[2026-04-03T02:48:12.522+0600][10.072s][info][gc,start    ] GC(11) Pause Young (Mixed) (G1 Evacuation Pause)
[2026-04-03T02:48:12.522+0600][10.072s][info][gc,task     ] GC(11) Using 2 workers of 10 for evacuation
[2026-04-03T02:48:12.535+0600][10.085s][info][gc,phases   ] GC(11)   Pre Evacuate Collection Set: 0.27ms
[2026-04-03T02:48:12.535+0600][10.085s][info][gc,phases   ] GC(11)   Merge Heap Roots: 0.16ms
[2026-04-03T02:48:12.535+0600][10.085s][info][gc,phases   ] GC(11)   Evacuate Collection Set: 11.88ms
[2026-04-03T02:48:12.535+0600][10.085s][info][gc,phases   ] GC(11)   Post Evacuate Collection Set: 0.67ms
[2026-04-03T02:48:12.535+0600][10.085s][info][gc,phases   ] GC(11)   Other: 0.09ms
[2026-04-03T02:48:12.535+0600][10.085s][info][gc,heap     ] GC(11) Eden regions: 54->0(57)
[2026-04-03T02:48:12.535+0600][10.085s][info][gc,heap     ] GC(11) Survivor regions: 6->7(8)
[2026-04-03T02:48:12.535+0600][10.085s][info][gc,heap     ] GC(11) Old regions: 17->18
[2026-04-03T02:48:12.535+0600][10.085s][info][gc,heap     ] GC(11) Humongous regions: 22->8
[2026-04-03T02:48:12.535+0600][10.085s][info][gc,metaspace] GC(11) Metaspace: 50427K(50880K)->50427K(50880K) NonClass: 44171K(44416K)->44171K(44416K) Class: 6255K(6464K)->6255K(6464K)
[2026-04-03T02:48:12.535+0600][10.085s][info][gc          ] GC(11) Pause Young (Mixed) (G1 Evacuation Pause) 97M->31M(108M) 13.333ms
[2026-04-03T02:48:12.535+0600][10.085s][info][gc,cpu      ] GC(11) User=0.03s Sys=0.00s Real=0.01s
[2026-04-03T02:48:13.127+0600][10.677s][info][gc,start    ] GC(12) Pause Young (Concurrent Start) (Metadata GC Threshold)
[2026-04-03T02:48:13.128+0600][10.677s][info][gc,task     ] GC(12) Using 2 workers of 10 for evacuation
[2026-04-03T02:48:13.140+0600][10.690s][info][gc,phases   ] GC(12)   Pre Evacuate Collection Set: 0.44ms
[2026-04-03T02:48:13.140+0600][10.690s][info][gc,phases   ] GC(12)   Merge Heap Roots: 0.10ms
[2026-04-03T02:48:13.140+0600][10.690s][info][gc,phases   ] GC(12)   Evacuate Collection Set: 11.11ms
[2026-04-03T02:48:13.140+0600][10.690s][info][gc,phases   ] GC(12)   Post Evacuate Collection Set: 0.80ms
[2026-04-03T02:48:13.140+0600][10.690s][info][gc,phases   ] GC(12)   Other: 0.17ms
[2026-04-03T02:48:13.140+0600][10.690s][info][gc,heap     ] GC(12) Eden regions: 50->0(56)
[2026-04-03T02:48:13.140+0600][10.690s][info][gc,heap     ] GC(12) Survivor regions: 7->6(8)
[2026-04-03T02:48:13.140+0600][10.690s][info][gc,heap     ] GC(12) Old regions: 18->22
[2026-04-03T02:48:13.140+0600][10.690s][info][gc,heap     ] GC(12) Humongous regions: 8->8
[2026-04-03T02:48:13.140+0600][10.690s][info][gc,metaspace] GC(12) Metaspace: 60632K(61056K)->60632K(61056K) NonClass: 53215K(53440K)->53215K(53440K) Class: 7417K(7616K)->7417K(7616K)
[2026-04-03T02:48:13.140+0600][10.690s][info][gc          ] GC(12) Pause Young (Concurrent Start) (Metadata GC Threshold) 81M->34M(108M) 12.891ms
[2026-04-03T02:48:13.140+0600][10.690s][info][gc,cpu      ] GC(12) User=0.04s Sys=0.00s Real=0.02s
[2026-04-03T02:48:13.140+0600][10.690s][info][gc          ] GC(13) Concurrent Mark Cycle
[2026-04-03T02:48:13.140+0600][10.690s][info][gc,marking  ] GC(13) Concurrent Scan Root Regions
[2026-04-03T02:48:13.144+0600][10.694s][info][gc,marking  ] GC(13) Concurrent Scan Root Regions 3.409ms
[2026-04-03T02:48:13.144+0600][10.694s][info][gc,marking  ] GC(13) Concurrent Mark
[2026-04-03T02:48:13.144+0600][10.694s][info][gc,marking  ] GC(13) Concurrent Mark From Roots
[2026-04-03T02:48:13.144+0600][10.694s][info][gc,task     ] GC(13) Using 3 workers of 3 for marking
[2026-04-03T02:48:13.154+0600][10.703s][info][gc,marking  ] GC(13) Concurrent Mark From Roots 9.788ms
[2026-04-03T02:48:13.154+0600][10.704s][info][gc,marking  ] GC(13) Concurrent Preclean
[2026-04-03T02:48:13.154+0600][10.704s][info][gc,marking  ] GC(13) Concurrent Preclean 0.065ms
[2026-04-03T02:48:13.154+0600][10.704s][info][gc,start    ] GC(13) Pause Remark
[2026-04-03T02:48:13.162+0600][10.712s][info][gc          ] GC(13) Pause Remark 34M->34M(108M) 8.061ms
[2026-04-03T02:48:13.162+0600][10.712s][info][gc,cpu      ] GC(13) User=0.02s Sys=0.00s Real=0.01s
[2026-04-03T02:48:13.162+0600][10.712s][info][gc,marking  ] GC(13) Concurrent Mark 18.494ms
[2026-04-03T02:48:13.162+0600][10.712s][info][gc,marking  ] GC(13) Concurrent Rebuild Remembered Sets and Scrub Regions
[2026-04-03T02:48:13.169+0600][10.719s][info][gc,marking  ] GC(13) Concurrent Rebuild Remembered Sets and Scrub Regions 6.307ms
[2026-04-03T02:48:13.169+0600][10.719s][info][gc,start    ] GC(13) Pause Cleanup
[2026-04-03T02:48:13.169+0600][10.719s][info][gc          ] GC(13) Pause Cleanup 35M->35M(108M) 0.257ms
[2026-04-03T02:48:13.169+0600][10.719s][info][gc,cpu      ] GC(13) User=0.00s Sys=0.00s Real=0.00s
[2026-04-03T02:48:13.169+0600][10.719s][info][gc,marking  ] GC(13) Concurrent Clear Claimed Marks
[2026-04-03T02:48:13.170+0600][10.719s][info][gc,marking  ] GC(13) Concurrent Clear Claimed Marks 0.087ms
[2026-04-03T02:48:13.170+0600][10.719s][info][gc,marking  ] GC(13) Concurrent Cleanup for Next Mark
[2026-04-03T02:48:13.170+0600][10.720s][info][gc,marking  ] GC(13) Concurrent Cleanup for Next Mark 0.465ms
[2026-04-03T02:48:13.170+0600][10.720s][info][gc          ] GC(13) Concurrent Mark Cycle 29.673ms
[2026-04-03T02:48:13.652+0600][11.201s][info][gc,start    ] GC(14) Pause Young (Prepare Mixed) (G1 Evacuation Pause)
[2026-04-03T02:48:13.652+0600][11.201s][info][gc,task     ] GC(14) Using 2 workers of 10 for evacuation
[2026-04-03T02:48:13.663+0600][11.213s][info][gc,phases   ] GC(14)   Pre Evacuate Collection Set: 0.34ms
[2026-04-03T02:48:13.663+0600][11.213s][info][gc,phases   ] GC(14)   Merge Heap Roots: 0.22ms
[2026-04-03T02:48:13.663+0600][11.213s][info][gc,phases   ] GC(14)   Evacuate Collection Set: 9.81ms
[2026-04-03T02:48:13.663+0600][11.213s][info][gc,phases   ] GC(14)   Post Evacuate Collection Set: 1.10ms
[2026-04-03T02:48:13.663+0600][11.213s][info][gc,phases   ] GC(14)   Other: 0.08ms
[2026-04-03T02:48:13.663+0600][11.213s][info][gc,heap     ] GC(14) Eden regions: 56->0(56)
[2026-04-03T02:48:13.663+0600][11.213s][info][gc,heap     ] GC(14) Survivor regions: 6->5(8)
[2026-04-03T02:48:13.663+0600][11.213s][info][gc,heap     ] GC(14) Old regions: 22->25
[2026-04-03T02:48:13.663+0600][11.213s][info][gc,heap     ] GC(14) Humongous regions: 8->8
[2026-04-03T02:48:13.663+0600][11.213s][info][gc,metaspace] GC(14) Metaspace: 63400K(63872K)->63400K(63872K) NonClass: 55603K(55872K)->55603K(55872K) Class: 7796K(8000K)->7796K(8000K)
[2026-04-03T02:48:13.663+0600][11.213s][info][gc          ] GC(14) Pause Young (Prepare Mixed) (G1 Evacuation Pause) 90M->36M(108M) 11.770ms
[2026-04-03T02:48:13.664+0600][11.213s][info][gc,cpu      ] GC(14) User=0.02s Sys=0.00s Real=0.01s
[2026-04-03T02:48:14.129+0600][11.679s][info][gc,start    ] GC(15) Pause Young (Mixed) (G1 Evacuation Pause)
[2026-04-03T02:48:14.129+0600][11.679s][info][gc,task     ] GC(15) Using 2 workers of 10 for evacuation
[2026-04-03T02:48:14.140+0600][11.690s][info][gc,phases   ] GC(15)   Pre Evacuate Collection Set: 0.29ms
[2026-04-03T02:48:14.140+0600][11.690s][info][gc,phases   ] GC(15)   Merge Heap Roots: 0.15ms
[2026-04-03T02:48:14.140+0600][11.690s][info][gc,phases   ] GC(15)   Evacuate Collection Set: 9.08ms
[2026-04-03T02:48:14.140+0600][11.690s][info][gc,phases   ] GC(15)   Post Evacuate Collection Set: 1.38ms
[2026-04-03T02:48:14.140+0600][11.690s][info][gc,phases   ] GC(15)   Other: 0.08ms
[2026-04-03T02:48:14.140+0600][11.690s][info][gc,heap     ] GC(15) Eden regions: 56->0(73)
[2026-04-03T02:48:14.140+0600][11.690s][info][gc,heap     ] GC(15) Survivor regions: 5->5(8)
[2026-04-03T02:48:14.140+0600][11.690s][info][gc,heap     ] GC(15) Old regions: 25->27
[2026-04-03T02:48:14.140+0600][11.690s][info][gc,heap     ] GC(15) Humongous regions: 8->8
[2026-04-03T02:48:14.140+0600][11.690s][info][gc,metaspace] GC(15) Metaspace: 69889K(70400K)->69889K(70400K) NonClass: 61341K(61632K)->61341K(61632K) Class: 8547K(8768K)->8547K(8768K)
[2026-04-03T02:48:14.141+0600][11.690s][info][gc          ] GC(15) Pause Young (Mixed) (G1 Evacuation Pause) 92M->39M(141M) 11.187ms
[2026-04-03T02:48:14.141+0600][11.690s][info][gc,cpu      ] GC(15) User=0.02s Sys=0.00s Real=0.02s
[2026-04-03T02:48:14.879+0600][12.429s][info][gc,start    ] GC(16) Pause Young (Normal) (G1 Evacuation Pause)
[2026-04-03T02:48:14.880+0600][12.429s][info][gc,task     ] GC(16) Using 3 workers of 10 for evacuation
[2026-04-03T02:48:14.887+0600][12.437s][info][gc,phases   ] GC(16)   Pre Evacuate Collection Set: 0.34ms
[2026-04-03T02:48:14.888+0600][12.437s][info][gc,phases   ] GC(16)   Merge Heap Roots: 0.09ms
[2026-04-03T02:48:14.888+0600][12.437s][info][gc,phases   ] GC(16)   Evacuate Collection Set: 6.30ms
[2026-04-03T02:48:14.888+0600][12.437s][info][gc,phases   ] GC(16)   Post Evacuate Collection Set: 1.14ms
[2026-04-03T02:48:14.888+0600][12.437s][info][gc,phases   ] GC(16)   Other: 0.08ms
[2026-04-03T02:48:14.888+0600][12.437s][info][gc,heap     ] GC(16) Eden regions: 73->0(74)
[2026-04-03T02:48:14.888+0600][12.437s][info][gc,heap     ] GC(16) Survivor regions: 5->8(10)
[2026-04-03T02:48:14.888+0600][12.437s][info][gc,heap     ] GC(16) Old regions: 27->27
[2026-04-03T02:48:14.888+0600][12.437s][info][gc,heap     ] GC(16) Humongous regions: 9->8
[2026-04-03T02:48:14.888+0600][12.437s][info][gc,metaspace] GC(16) Metaspace: 82077K(82560K)->82077K(82560K) NonClass: 72033K(72320K)->72033K(72320K) Class: 10044K(10240K)->10044K(10240K)
[2026-04-03T02:48:14.888+0600][12.437s][info][gc          ] GC(16) Pause Young (Normal) (G1 Evacuation Pause) 113M->42M(141M) 8.184ms
[2026-04-03T02:48:14.888+0600][12.437s][info][gc,cpu      ] GC(16) User=0.02s Sys=0.00s Real=0.01s
[2026-04-03T02:48:15.898+0600][13.447s][info][gc,start    ] GC(17) Pause Young (Normal) (G1 Evacuation Pause)
[2026-04-03T02:48:15.898+0600][13.447s][info][gc,task     ] GC(17) Using 3 workers of 10 for evacuation
[2026-04-03T02:48:15.915+0600][13.465s][info][gc,phases   ] GC(17)   Pre Evacuate Collection Set: 0.24ms
[2026-04-03T02:48:15.915+0600][13.465s][info][gc,phases   ] GC(17)   Merge Heap Roots: 0.19ms
[2026-04-03T02:48:15.915+0600][13.465s][info][gc,phases   ] GC(17)   Evacuate Collection Set: 16.00ms
[2026-04-03T02:48:15.915+0600][13.465s][info][gc,phases   ] GC(17)   Post Evacuate Collection Set: 1.05ms
[2026-04-03T02:48:15.915+0600][13.465s][info][gc,phases   ] GC(17)   Other: 0.09ms
[2026-04-03T02:48:15.915+0600][13.465s][info][gc,heap     ] GC(17) Eden regions: 74->0(70)
[2026-04-03T02:48:15.915+0600][13.465s][info][gc,heap     ] GC(17) Survivor regions: 8->11(11)
[2026-04-03T02:48:15.915+0600][13.465s][info][gc,heap     ] GC(17) Old regions: 27->30
[2026-04-03T02:48:15.915+0600][13.465s][info][gc,heap     ] GC(17) Humongous regions: 8->8
[2026-04-03T02:48:15.915+0600][13.465s][info][gc,metaspace] GC(17) Metaspace: 95658K(96256K)->95658K(96256K) NonClass: 83845K(84160K)->83845K(84160K) Class: 11813K(12096K)->11813K(12096K)
[2026-04-03T02:48:15.915+0600][13.465s][info][gc          ] GC(17) Pause Young (Normal) (G1 Evacuation Pause) 116M->48M(141M) 17.843ms
[2026-04-03T02:48:15.915+0600][13.465s][info][gc,cpu      ] GC(17) User=0.07s Sys=0.00s Real=0.02s
[2026-04-03T02:48:16.222+0600][13.771s][info][gc,start    ] GC(18) Pause Young (Concurrent Start) (G1 Humongous Allocation)
[2026-04-03T02:48:16.222+0600][13.772s][info][gc,task     ] GC(18) Using 3 workers of 10 for evacuation
[2026-04-03T02:48:16.235+0600][13.784s][info][gc,phases   ] GC(18)   Pre Evacuate Collection Set: 0.23ms
[2026-04-03T02:48:16.235+0600][13.784s][info][gc,phases   ] GC(18)   Merge Heap Roots: 0.16ms
[2026-04-03T02:48:16.235+0600][13.784s][info][gc,phases   ] GC(18)   Evacuate Collection Set: 11.60ms
[2026-04-03T02:48:16.235+0600][13.784s][info][gc,phases   ] GC(18)   Post Evacuate Collection Set: 0.64ms
[2026-04-03T02:48:16.235+0600][13.785s][info][gc,phases   ] GC(18)   Other: 0.22ms
[2026-04-03T02:48:16.235+0600][13.785s][info][gc,heap     ] GC(18) Eden regions: 21->0(63)
[2026-04-03T02:48:16.235+0600][13.785s][info][gc,heap     ] GC(18) Survivor regions: 11->7(11)
[2026-04-03T02:48:16.235+0600][13.785s][info][gc,heap     ] GC(18) Old regions: 30->35
[2026-04-03T02:48:16.235+0600][13.785s][info][gc,heap     ] GC(18) Humongous regions: 8->8
[2026-04-03T02:48:16.235+0600][13.785s][info][gc,metaspace] GC(18) Metaspace: 100128K(100736K)->100128K(100736K) NonClass: 87672K(88000K)->87672K(88000K) Class: 12456K(12736K)->12456K(12736K)
[2026-04-03T02:48:16.235+0600][13.785s][info][gc          ] GC(18) Pause Young (Concurrent Start) (G1 Humongous Allocation) 68M->49M(141M) 13.157ms
[2026-04-03T02:48:16.235+0600][13.785s][info][gc          ] GC(19) Concurrent Mark Cycle
[2026-04-03T02:48:16.235+0600][13.785s][info][gc,marking  ] GC(19) Concurrent Scan Root Regions
[2026-04-03T02:48:16.235+0600][13.785s][info][gc,cpu      ] GC(18) User=0.04s Sys=0.00s Real=0.01s
[2026-04-03T02:48:16.240+0600][13.790s][info][gc,marking  ] GC(19) Concurrent Scan Root Regions 4.826ms
[2026-04-03T02:48:16.240+0600][13.790s][info][gc,marking  ] GC(19) Concurrent Mark
[2026-04-03T02:48:16.240+0600][13.790s][info][gc,marking  ] GC(19) Concurrent Mark From Roots
[2026-04-03T02:48:16.240+0600][13.790s][info][gc,task     ] GC(19) Using 3 workers of 3 for marking
[2026-04-03T02:48:16.256+0600][13.806s][info][gc,marking  ] GC(19) Concurrent Mark From Roots 16.344ms
[2026-04-03T02:48:16.256+0600][13.806s][info][gc,marking  ] GC(19) Concurrent Preclean
[2026-04-03T02:48:16.257+0600][13.806s][info][gc,marking  ] GC(19) Concurrent Preclean 0.247ms
[2026-04-03T02:48:16.257+0600][13.807s][info][gc,start    ] GC(19) Pause Remark
[2026-04-03T02:48:16.265+0600][13.815s][info][gc          ] GC(19) Pause Remark 53M->53M(141M) 7.906ms
[2026-04-03T02:48:16.265+0600][13.815s][info][gc,cpu      ] GC(19) User=0.02s Sys=0.00s Real=0.01s
[2026-04-03T02:48:16.265+0600][13.815s][info][gc,marking  ] GC(19) Concurrent Mark 25.112ms
[2026-04-03T02:48:16.265+0600][13.815s][info][gc,marking  ] GC(19) Concurrent Rebuild Remembered Sets and Scrub Regions
[2026-04-03T02:48:16.277+0600][13.826s][info][gc,marking  ] GC(19) Concurrent Rebuild Remembered Sets and Scrub Regions 11.496ms
[2026-04-03T02:48:16.277+0600][13.827s][info][gc,start    ] GC(19) Pause Cleanup
[2026-04-03T02:48:16.277+0600][13.827s][info][gc          ] GC(19) Pause Cleanup 54M->54M(141M) 0.384ms
[2026-04-03T02:48:16.277+0600][13.827s][info][gc,cpu      ] GC(19) User=0.00s Sys=0.00s Real=0.00s
[2026-04-03T02:48:16.277+0600][13.827s][info][gc,marking  ] GC(19) Concurrent Clear Claimed Marks
[2026-04-03T02:48:16.278+0600][13.827s][info][gc,marking  ] GC(19) Concurrent Clear Claimed Marks 0.107ms
[2026-04-03T02:48:16.278+0600][13.827s][info][gc,marking  ] GC(19) Concurrent Cleanup for Next Mark
[2026-04-03T02:48:16.278+0600][13.828s][info][gc,marking  ] GC(19) Concurrent Cleanup for Next Mark 0.582ms
[2026-04-03T02:48:16.278+0600][13.828s][info][gc          ] GC(19) Concurrent Mark Cycle 43.253ms
[2026-04-03T02:48:16.961+0600][14.510s][info][gc,start    ] GC(20) Pause Young (Prepare Mixed) (G1 Evacuation Pause)
[2026-04-03T02:48:16.961+0600][14.510s][info][gc,task     ] GC(20) Using 3 workers of 10 for evacuation
[2026-04-03T02:48:16.972+0600][14.522s][info][gc,phases   ] GC(20)   Pre Evacuate Collection Set: 0.23ms
[2026-04-03T02:48:16.972+0600][14.522s][info][gc,phases   ] GC(20)   Merge Heap Roots: 0.22ms
[2026-04-03T02:48:16.972+0600][14.522s][info][gc,phases   ] GC(20)   Evacuate Collection Set: 10.07ms
[2026-04-03T02:48:16.972+0600][14.522s][info][gc,phases   ] GC(20)   Post Evacuate Collection Set: 0.86ms
[2026-04-03T02:48:16.972+0600][14.522s][info][gc,phases   ] GC(20)   Other: 0.08ms
[2026-04-03T02:48:16.972+0600][14.522s][info][gc,heap     ] GC(20) Eden regions: 63->0(61)
[2026-04-03T02:48:16.972+0600][14.522s][info][gc,heap     ] GC(20) Survivor regions: 7->7(9)
[2026-04-03T02:48:16.972+0600][14.522s][info][gc,heap     ] GC(20) Old regions: 35->40
[2026-04-03T02:48:16.972+0600][14.522s][info][gc,heap     ] GC(20) Humongous regions: 11->8
[2026-04-03T02:48:16.972+0600][14.522s][info][gc,metaspace] GC(20) Metaspace: 106310K(106944K)->106310K(106944K) NonClass: 92946K(93312K)->92946K(93312K) Class: 13364K(13632K)->13364K(13632K)
[2026-04-03T02:48:16.972+0600][14.522s][info][gc          ] GC(20) Pause Young (Prepare Mixed) (G1 Evacuation Pause) 115M->54M(141M) 11.686ms
[2026-04-03T02:48:16.972+0600][14.522s][info][gc,cpu      ] GC(20) User=0.03s Sys=0.00s Real=0.01s
[2026-04-03T02:48:18.212+0600][15.761s][info][gc,start    ] GC(21) Pause Young (Mixed) (G1 Evacuation Pause)
[2026-04-03T02:48:18.212+0600][15.762s][info][gc,task     ] GC(21) Using 4 workers of 10 for evacuation
[2026-04-03T02:48:18.229+0600][15.779s][info][gc,phases   ] GC(21)   Pre Evacuate Collection Set: 0.42ms
[2026-04-03T02:48:18.230+0600][15.779s][info][gc,phases   ] GC(21)   Merge Heap Roots: 0.17ms
[2026-04-03T02:48:18.230+0600][15.779s][info][gc,phases   ] GC(21)   Evacuate Collection Set: 15.25ms
[2026-04-03T02:48:18.230+0600][15.779s][info][gc,phases   ] GC(21)   Post Evacuate Collection Set: 1.44ms
[2026-04-03T02:48:18.230+0600][15.779s][info][gc,phases   ] GC(21)   Other: 0.24ms
[2026-04-03T02:48:18.230+0600][15.779s][info][gc,heap     ] GC(21) Eden regions: 61->0(84)
[2026-04-03T02:48:18.230+0600][15.779s][info][gc,heap     ] GC(21) Survivor regions: 7->8(9)
[2026-04-03T02:48:18.230+0600][15.779s][info][gc,heap     ] GC(21) Old regions: 40->45
[2026-04-03T02:48:18.230+0600][15.779s][info][gc,heap     ] GC(21) Humongous regions: 75->64
[2026-04-03T02:48:18.230+0600][15.779s][info][gc,metaspace] GC(21) Metaspace: 112890K(114240K)->112890K(114240K) NonClass: 98301K(99072K)->98301K(99072K) Class: 14588K(15168K)->14588K(15168K)
[2026-04-03T02:48:18.230+0600][15.779s][info][gc          ] GC(21) Pause Young (Mixed) (G1 Evacuation Pause) 182M->116M(238M) 17.880ms
[2026-04-03T02:48:18.230+0600][15.779s][info][gc,cpu      ] GC(21) User=0.09s Sys=0.01s Real=0.01s
[2026-04-03T02:48:18.975+0600][16.524s][info][gc,start    ] GC(22) Pause Young (Concurrent Start) (G1 Humongous Allocation)
[2026-04-03T02:48:18.975+0600][16.524s][info][gc,task     ] GC(22) Using 5 workers of 10 for evacuation
[2026-04-03T02:48:18.983+0600][16.532s][info][gc,phases   ] GC(22)   Pre Evacuate Collection Set: 0.43ms
[2026-04-03T02:48:18.983+0600][16.533s][info][gc,phases   ] GC(22)   Merge Heap Roots: 0.19ms
[2026-04-03T02:48:18.983+0600][16.533s][info][gc,phases   ] GC(22)   Evacuate Collection Set: 6.32ms
[2026-04-03T02:48:18.983+0600][16.533s][info][gc,phases   ] GC(22)   Post Evacuate Collection Set: 0.93ms
[2026-04-03T02:48:18.983+0600][16.533s][info][gc,phases   ] GC(22)   Other: 0.23ms
[2026-04-03T02:48:18.983+0600][16.533s][info][gc,heap     ] GC(22) Eden regions: 45->0(104)
[2026-04-03T02:48:18.983+0600][16.533s][info][gc,heap     ] GC(22) Survivor regions: 8->4(12)
[2026-04-03T02:48:18.983+0600][16.533s][info][gc,heap     ] GC(22) Old regions: 45->48
[2026-04-03T02:48:18.983+0600][16.533s][info][gc,heap     ] GC(22) Humongous regions: 87->42
[2026-04-03T02:48:18.983+0600][16.533s][info][gc,metaspace] GC(22) Metaspace: 116183K(117632K)->116183K(117632K) NonClass: 100946K(101760K)->100946K(101760K) Class: 15237K(15872K)->15237K(15872K)
[2026-04-03T02:48:18.983+0600][16.533s][info][gc          ] GC(22) Pause Young (Concurrent Start) (G1 Humongous Allocation) 183M->93M(238M) 8.436ms
[2026-04-03T02:48:18.983+0600][16.533s][info][gc,cpu      ] GC(22) User=0.05s Sys=0.00s Real=0.01s
[2026-04-03T02:48:18.983+0600][16.533s][info][gc          ] GC(23) Concurrent Undo Cycle
[2026-04-03T02:48:18.983+0600][16.533s][info][gc,marking  ] GC(23) Concurrent Clear Claimed Marks
[2026-04-03T02:48:18.983+0600][16.533s][info][gc,marking  ] GC(23) Concurrent Clear Claimed Marks 0.331ms
[2026-04-03T02:48:18.983+0600][16.533s][info][gc,marking  ] GC(23) Concurrent Cleanup for Next Mark
[2026-04-03T02:48:18.984+0600][16.533s][info][gc,marking  ] GC(23) Concurrent Cleanup for Next Mark 0.167ms
[2026-04-03T02:48:18.984+0600][16.533s][info][gc          ] GC(23) Concurrent Undo Cycle 0.686ms
[2026-04-03T02:48:19.204+0600][16.754s][info][gc,start    ] GC(24) Pause Young (Concurrent Start) (G1 Humongous Allocation)
[2026-04-03T02:48:19.204+0600][16.754s][info][gc,task     ] GC(24) Using 5 workers of 10 for evacuation
[2026-04-03T02:48:19.210+0600][16.759s][info][gc,phases   ] GC(24)   Pre Evacuate Collection Set: 0.44ms
[2026-04-03T02:48:19.228+0600][16.777s][info][gc,phases   ] GC(24)   Merge Heap Roots: 0.21ms
[2026-04-03T02:48:19.228+0600][16.777s][info][gc,phases   ] GC(24)   Evacuate Collection Set: 4.08ms
[2026-04-03T02:48:19.228+0600][16.777s][info][gc,phases   ] GC(24)   Post Evacuate Collection Set: 0.71ms
[2026-04-03T02:48:19.228+0600][16.777s][info][gc,phases   ] GC(24)   Other: 0.20ms
[2026-04-03T02:48:19.228+0600][16.778s][info][gc,heap     ] GC(24) Eden regions: 17->0(112)
[2026-04-03T02:48:19.228+0600][16.778s][info][gc,heap     ] GC(24) Survivor regions: 4->3(14)
[2026-04-03T02:48:19.228+0600][16.778s][info][gc,heap     ] GC(24) Old regions: 48->48
[2026-04-03T02:48:19.228+0600][16.778s][info][gc,heap     ] GC(24) Humongous regions: 44->40
[2026-04-03T02:48:19.228+0600][16.778s][info][gc,metaspace] GC(24) Metaspace: 116447K(117952K)->116447K(117952K) NonClass: 101193K(102016K)->101193K(102016K) Class: 15253K(15936K)->15253K(15936K)
[2026-04-03T02:48:19.228+0600][16.778s][info][gc          ] GC(24) Pause Young (Concurrent Start) (G1 Humongous Allocation) 111M->90M(238M) 23.927ms
[2026-04-03T02:48:19.228+0600][16.778s][info][gc,cpu      ] GC(24) User=0.08s Sys=0.00s Real=0.02s
[2026-04-03T02:48:19.228+0600][16.778s][info][gc          ] GC(25) Concurrent Undo Cycle
[2026-04-03T02:48:19.228+0600][16.778s][info][gc,marking  ] GC(25) Concurrent Clear Claimed Marks
[2026-04-03T02:48:19.228+0600][16.778s][info][gc,marking  ] GC(25) Concurrent Clear Claimed Marks 0.256ms
[2026-04-03T02:48:19.228+0600][16.778s][info][gc,marking  ] GC(25) Concurrent Cleanup for Next Mark
[2026-04-03T02:48:19.229+0600][16.778s][info][gc,marking  ] GC(25) Concurrent Cleanup for Next Mark 0.159ms
[2026-04-03T02:48:19.229+0600][16.778s][info][gc          ] GC(25) Concurrent Undo Cycle 0.544ms
[2026-04-03T02:48:19.318+0600][16.868s][info][gc,start    ] GC(26) Pause Young (Concurrent Start) (G1 Humongous Allocation)
[2026-04-03T02:48:19.318+0600][16.868s][info][gc,task     ] GC(26) Using 5 workers of 10 for evacuation
[2026-04-03T02:48:19.324+0600][16.873s][info][gc,phases   ] GC(26)   Pre Evacuate Collection Set: 0.35ms
[2026-04-03T02:48:19.324+0600][16.874s][info][gc,phases   ] GC(26)   Merge Heap Roots: 0.09ms
[2026-04-03T02:48:19.324+0600][16.874s][info][gc,phases   ] GC(26)   Evacuate Collection Set: 4.21ms
[2026-04-03T02:48:19.324+0600][16.874s][info][gc,phases   ] GC(26)   Post Evacuate Collection Set: 0.72ms
[2026-04-03T02:48:19.324+0600][16.874s][info][gc,phases   ] GC(26)   Other: 0.14ms
[2026-04-03T02:48:19.324+0600][16.874s][info][gc,heap     ] GC(26) Eden regions: 12->0(105)
[2026-04-03T02:48:19.324+0600][16.874s][info][gc,heap     ] GC(26) Survivor regions: 3->6(15)
[2026-04-03T02:48:19.324+0600][16.874s][info][gc,heap     ] GC(26) Old regions: 48->48
[2026-04-03T02:48:19.324+0600][16.874s][info][gc,heap     ] GC(26) Humongous regions: 45->40
[2026-04-03T02:48:19.324+0600][16.874s][info][gc,metaspace] GC(26) Metaspace: 116796K(118336K)->116796K(118336K) NonClass: 101477K(102336K)->101477K(102336K) Class: 15318K(16000K)->15318K(16000K)
[2026-04-03T02:48:19.324+0600][16.874s][info][gc          ] GC(26) Pause Young (Concurrent Start) (G1 Humongous Allocation) 107M->93M(238M) 5.814ms
[2026-04-03T02:48:19.324+0600][16.874s][info][gc,cpu      ] GC(26) User=0.03s Sys=0.01s Real=0.01s
[2026-04-03T02:48:19.324+0600][16.874s][info][gc          ] GC(27) Concurrent Mark Cycle
[2026-04-03T02:48:19.324+0600][16.874s][info][gc,marking  ] GC(27) Concurrent Scan Root Regions
[2026-04-03T02:48:19.327+0600][16.877s][info][gc,marking  ] GC(27) Concurrent Scan Root Regions 3.335ms
[2026-04-03T02:48:19.328+0600][16.877s][info][gc,marking  ] GC(27) Concurrent Mark
[2026-04-03T02:48:19.328+0600][16.877s][info][gc,marking  ] GC(27) Concurrent Mark From Roots
[2026-04-03T02:48:19.328+0600][16.877s][info][gc,task     ] GC(27) Using 3 workers of 3 for marking
[2026-04-03T02:48:19.379+0600][16.929s][info][gc,marking  ] GC(27) Concurrent Mark From Roots 51.826ms
[2026-04-03T02:48:19.380+0600][16.929s][info][gc,marking  ] GC(27) Concurrent Preclean
[2026-04-03T02:48:19.380+0600][16.930s][info][gc,marking  ] GC(27) Concurrent Preclean 0.585ms
[2026-04-03T02:48:19.380+0600][16.930s][info][gc,start    ] GC(27) Pause Remark
[2026-04-03T02:48:19.402+0600][16.952s][info][gc          ] GC(27) Pause Remark 140M->139M(238M) 21.820ms
[2026-04-03T02:48:19.402+0600][16.952s][info][gc,cpu      ] GC(27) User=0.11s Sys=0.00s Real=0.02s
[2026-04-03T02:48:19.403+0600][16.952s][info][gc,marking  ] GC(27) Concurrent Mark 75.002ms
[2026-04-03T02:48:19.403+0600][16.952s][info][gc,marking  ] GC(27) Concurrent Rebuild Remembered Sets and Scrub Regions
[2026-04-03T02:48:19.425+0600][16.975s][info][gc,marking  ] GC(27) Concurrent Rebuild Remembered Sets and Scrub Regions 22.188ms
[2026-04-03T02:48:19.426+0600][16.976s][info][gc,start    ] GC(27) Pause Cleanup
[2026-04-03T02:48:19.426+0600][16.976s][info][gc          ] GC(27) Pause Cleanup 142M->142M(238M) 0.337ms
[2026-04-03T02:48:19.426+0600][16.976s][info][gc,cpu      ] GC(27) User=0.00s Sys=0.00s Real=0.00s
[2026-04-03T02:48:19.427+0600][16.976s][info][gc,marking  ] GC(27) Concurrent Clear Claimed Marks
[2026-04-03T02:48:19.427+0600][16.977s][info][gc,marking  ] GC(27) Concurrent Clear Claimed Marks 0.287ms
[2026-04-03T02:48:19.427+0600][16.977s][info][gc,marking  ] GC(27) Concurrent Cleanup for Next Mark
[2026-04-03T02:48:19.428+0600][16.978s][info][gc,marking  ] GC(27) Concurrent Cleanup for Next Mark 1.232ms
[2026-04-03T02:48:19.428+0600][16.978s][info][gc          ] GC(27) Concurrent Mark Cycle 104.139ms
[2026-04-03T02:48:19.781+0600][17.331s][info][gc,start    ] GC(28) Pause Young (Prepare Mixed) (G1 Evacuation Pause)
[2026-04-03T02:48:19.781+0600][17.331s][info][gc,task     ] GC(28) Using 5 workers of 10 for evacuation
[2026-04-03T02:48:19.824+0600][17.374s][info][gc,phases   ] GC(28)   Pre Evacuate Collection Set: 0.42ms
[2026-04-03T02:48:19.825+0600][17.374s][info][gc,phases   ] GC(28)   Merge Heap Roots: 0.19ms
[2026-04-03T02:48:19.825+0600][17.374s][info][gc,phases   ] GC(28)   Evacuate Collection Set: 41.62ms
[2026-04-03T02:48:19.825+0600][17.374s][info][gc,phases   ] GC(28)   Post Evacuate Collection Set: 0.98ms
[2026-04-03T02:48:19.825+0600][17.374s][info][gc,phases   ] GC(28)   Other: 0.09ms
[2026-04-03T02:48:19.825+0600][17.374s][info][gc,heap     ] GC(28) Eden regions: 89->0(94)
[2026-04-03T02:48:19.825+0600][17.374s][info][gc,heap     ] GC(28) Survivor regions: 6->14(14)
[2026-04-03T02:48:19.825+0600][17.374s][info][gc,heap     ] GC(28) Old regions: 47->68
[2026-04-03T02:48:19.825+0600][17.374s][info][gc,heap     ] GC(28) Humongous regions: 96->40
[2026-04-03T02:48:19.825+0600][17.374s][info][gc,metaspace] GC(28) Metaspace: 116500K(118528K)->116500K(118528K) NonClass: 101341K(102528K)->101341K(102528K) Class: 15158K(16000K)->15158K(16000K)
[2026-04-03T02:48:19.825+0600][17.374s][info][gc          ] GC(28) Pause Young (Prepare Mixed) (G1 Evacuation Pause) 237M->121M(273M) 43.585ms
[2026-04-03T02:48:19.825+0600][17.374s][info][gc,cpu      ] GC(28) User=0.21s Sys=0.04s Real=0.04s
[2026-04-03T02:48:20.261+0600][17.811s][info][gc,start    ] GC(29) Pause Young (Mixed) (G1 Evacuation Pause)
[2026-04-03T02:48:20.261+0600][17.811s][info][gc,task     ] GC(29) Using 6 workers of 10 for evacuation
[2026-04-03T02:48:20.315+0600][17.864s][info][gc,phases   ] GC(29)   Pre Evacuate Collection Set: 0.36ms
[2026-04-03T02:48:20.315+0600][17.864s][info][gc,phases   ] GC(29)   Merge Heap Roots: 0.18ms
[2026-04-03T02:48:20.315+0600][17.864s][info][gc,phases   ] GC(29)   Evacuate Collection Set: 51.90ms
[2026-04-03T02:48:20.315+0600][17.864s][info][gc,phases   ] GC(29)   Post Evacuate Collection Set: 0.55ms
[2026-04-03T02:48:20.315+0600][17.864s][info][gc,phases   ] GC(29)   Other: 0.12ms
[2026-04-03T02:48:20.315+0600][17.864s][info][gc,heap     ] GC(29) Eden regions: 94->0(64)
[2026-04-03T02:48:20.315+0600][17.864s][info][gc,heap     ] GC(29) Survivor regions: 14->14(14)
[2026-04-03T02:48:20.315+0600][17.864s][info][gc,heap     ] GC(29) Old regions: 68->100
[2026-04-03T02:48:20.315+0600][17.864s][info][gc,heap     ] GC(29) Humongous regions: 94->81
[2026-04-03T02:48:20.315+0600][17.864s][info][gc,metaspace] GC(29) Metaspace: 116638K(118528K)->116638K(118528K) NonClass: 101479K(102528K)->101479K(102528K) Class: 15158K(16000K)->15158K(16000K)
[2026-04-03T02:48:20.315+0600][17.864s][info][gc          ] GC(29) Pause Young (Mixed) (G1 Evacuation Pause) 269M->194M(318M) 53.487ms
[2026-04-03T02:48:20.315+0600][17.864s][info][gc,cpu      ] GC(29) User=0.34s Sys=0.04s Real=0.05s
[2026-04-03T02:48:20.452+0600][18.002s][info][gc,start    ] GC(30) Pause Young (Concurrent Start) (G1 Humongous Allocation)
[2026-04-03T02:48:20.452+0600][18.002s][info][gc,task     ] GC(30) Using 7 workers of 10 for evacuation
[2026-04-03T02:48:20.460+0600][18.010s][info][gc,phases   ] GC(30)   Pre Evacuate Collection Set: 0.32ms
[2026-04-03T02:48:20.460+0600][18.010s][info][gc,phases   ] GC(30)   Merge Heap Roots: 0.11ms
[2026-04-03T02:48:20.460+0600][18.010s][info][gc,phases   ] GC(30)   Evacuate Collection Set: 6.66ms
[2026-04-03T02:48:20.460+0600][18.010s][info][gc,phases   ] GC(30)   Post Evacuate Collection Set: 0.57ms
[2026-04-03T02:48:20.460+0600][18.010s][info][gc,phases   ] GC(30)   Other: 0.15ms
[2026-04-03T02:48:20.460+0600][18.010s][info][gc,heap     ] GC(30) Eden regions: 52->0(69)
[2026-04-03T02:48:20.460+0600][18.010s][info][gc,heap     ] GC(30) Survivor regions: 14->4(10)
[2026-04-03T02:48:20.460+0600][18.010s][info][gc,heap     ] GC(30) Old regions: 100->115
[2026-04-03T02:48:20.460+0600][18.010s][info][gc,heap     ] GC(30) Humongous regions: 81->81
[2026-04-03T02:48:20.460+0600][18.010s][info][gc,metaspace] GC(30) Metaspace: 116642K(118528K)->116642K(118528K) NonClass: 101483K(102528K)->101483K(102528K) Class: 15158K(16000K)->15158K(16000K)
[2026-04-03T02:48:20.460+0600][18.010s][info][gc          ] GC(30) Pause Young (Concurrent Start) (G1 Humongous Allocation) 245M->199M(318M) 8.168ms
[2026-04-03T02:48:20.460+0600][18.010s][info][gc,cpu      ] GC(30) User=0.06s Sys=0.00s Real=0.01s
[2026-04-03T02:48:20.460+0600][18.010s][info][gc          ] GC(31) Concurrent Mark Cycle
[2026-04-03T02:48:20.460+0600][18.010s][info][gc,marking  ] GC(31) Concurrent Scan Root Regions
[2026-04-03T02:48:20.464+0600][18.014s][info][gc,marking  ] GC(31) Concurrent Scan Root Regions 4.031ms
[2026-04-03T02:48:20.464+0600][18.014s][info][gc,marking  ] GC(31) Concurrent Mark
[2026-04-03T02:48:20.464+0600][18.014s][info][gc,marking  ] GC(31) Concurrent Mark From Roots
[2026-04-03T02:48:20.465+0600][18.014s][info][gc,task     ] GC(31) Using 3 workers of 3 for marking
[2026-04-03T02:48:20.567+0600][18.117s][info][gc,marking  ] GC(31) Concurrent Mark From Roots 102.481ms
[2026-04-03T02:48:20.567+0600][18.117s][info][gc,marking  ] GC(31) Concurrent Preclean
[2026-04-03T02:48:20.567+0600][18.117s][info][gc,marking  ] GC(31) Concurrent Preclean 0.294ms
[2026-04-03T02:48:20.568+0600][18.117s][info][gc,start    ] GC(31) Pause Remark
[2026-04-03T02:48:20.587+0600][18.137s][info][gc          ] GC(31) Pause Remark 222M->221M(345M) 19.875ms
[2026-04-03T02:48:20.588+0600][18.137s][info][gc,cpu      ] GC(31) User=0.12s Sys=0.00s Real=0.02s
[2026-04-03T02:48:20.588+0600][18.137s][info][gc,marking  ] GC(31) Concurrent Mark 123.264ms
[2026-04-03T02:48:20.588+0600][18.137s][info][gc,marking  ] GC(31) Concurrent Rebuild Remembered Sets and Scrub Regions
[2026-04-03T02:48:20.653+0600][18.202s][info][gc,marking  ] GC(31) Concurrent Rebuild Remembered Sets and Scrub Regions 64.761ms
[2026-04-03T02:48:20.653+0600][18.203s][info][gc,start    ] GC(31) Pause Cleanup
[2026-04-03T02:48:20.653+0600][18.203s][info][gc          ] GC(31) Pause Cleanup 223M->223M(345M) 0.448ms
[2026-04-03T02:48:20.653+0600][18.203s][info][gc,cpu      ] GC(31) User=0.00s Sys=0.00s Real=0.00s
[2026-04-03T02:48:20.653+0600][18.203s][info][gc,marking  ] GC(31) Concurrent Clear Claimed Marks
[2026-04-03T02:48:20.654+0600][18.203s][info][gc,marking  ] GC(31) Concurrent Clear Claimed Marks 0.249ms
[2026-04-03T02:48:20.654+0600][18.203s][info][gc,marking  ] GC(31) Concurrent Cleanup for Next Mark
[2026-04-03T02:48:20.655+0600][18.205s][info][gc,marking  ] GC(31) Concurrent Cleanup for Next Mark 1.436ms
[2026-04-03T02:48:20.655+0600][18.205s][info][gc          ] GC(31) Concurrent Mark Cycle 194.908ms
[2026-04-03T02:48:21.258+0600][18.808s][info][gc,start    ] GC(32) Pause Young (Prepare Mixed) (G1 Evacuation Pause)
[2026-04-03T02:48:21.258+0600][18.808s][info][gc,task     ] GC(32) Using 8 workers of 10 for evacuation
[2026-04-03T02:48:21.260+0600][18.810s][info][gc,phases   ] GC(32)   Pre Evacuate Collection Set: 0.33ms
[2026-04-03T02:48:21.260+0600][18.810s][info][gc,phases   ] GC(32)   Merge Heap Roots: 0.14ms
[2026-04-03T02:48:21.260+0600][18.810s][info][gc,phases   ] GC(32)   Evacuate Collection Set: 0.88ms
[2026-04-03T02:48:21.260+0600][18.810s][info][gc,phases   ] GC(32)   Post Evacuate Collection Set: 0.46ms
[2026-04-03T02:48:21.260+0600][18.810s][info][gc,phases   ] GC(32)   Other: 0.09ms
[2026-04-03T02:48:21.260+0600][18.810s][info][gc,heap     ] GC(32) Eden regions: 69->0(101)
[2026-04-03T02:48:21.260+0600][18.810s][info][gc,heap     ] GC(32) Survivor regions: 4->2(10)
[2026-04-03T02:48:21.260+0600][18.810s][info][gc,heap     ] GC(32) Old regions: 115->115
[2026-04-03T02:48:21.260+0600][18.810s][info][gc,heap     ] GC(32) Humongous regions: 113->80
[2026-04-03T02:48:21.260+0600][18.810s][info][gc,metaspace] GC(32) Metaspace: 116900K(118656K)->116900K(118656K) NonClass: 101724K(102656K)->101724K(102656K) Class: 15176K(16000K)->15176K(16000K)
[2026-04-03T02:48:21.260+0600][18.810s][info][gc          ] GC(32) Pause Young (Prepare Mixed) (G1 Evacuation Pause) 300M->196M(345M) 2.157ms
[2026-04-03T02:48:21.260+0600][18.810s][info][gc,cpu      ] GC(32) User=0.01s Sys=0.00s Real=0.01s
[2026-04-03T02:48:22.092+0600][19.642s][info][gc,start    ] GC(33) Pause Young (Mixed) (G1 Evacuation Pause)
[2026-04-03T02:48:22.092+0600][19.642s][info][gc,task     ] GC(33) Using 8 workers of 10 for evacuation
[2026-04-03T02:48:22.097+0600][19.647s][info][gc,phases   ] GC(33)   Pre Evacuate Collection Set: 0.36ms
[2026-04-03T02:48:22.097+0600][19.647s][info][gc,phases   ] GC(33)   Merge Heap Roots: 0.20ms
[2026-04-03T02:48:22.097+0600][19.647s][info][gc,phases   ] GC(33)   Evacuate Collection Set: 3.47ms
[2026-04-03T02:48:22.097+0600][19.647s][info][gc,phases   ] GC(33)   Post Evacuate Collection Set: 0.78ms
[2026-04-03T02:48:22.097+0600][19.647s][info][gc,phases   ] GC(33)   Other: 0.10ms
[2026-04-03T02:48:22.097+0600][19.647s][info][gc,heap     ] GC(33) Eden regions: 101->0(115)
[2026-04-03T02:48:22.097+0600][19.647s][info][gc,heap     ] GC(33) Survivor regions: 2->2(13)
[2026-04-03T02:48:22.097+0600][19.647s][info][gc,heap     ] GC(33) Old regions: 115->107
[2026-04-03T02:48:22.097+0600][19.647s][info][gc,heap     ] GC(33) Humongous regions: 103->80
[2026-04-03T02:48:22.097+0600][19.647s][info][gc,metaspace] GC(33) Metaspace: 121394K(122432K)->121394K(122432K) NonClass: 105721K(106304K)->105721K(106304K) Class: 15673K(16128K)->15673K(16128K)
[2026-04-03T02:48:22.097+0600][19.647s][info][gc          ] GC(33) Pause Young (Mixed) (G1 Evacuation Pause) 320M->188M(345M) 5.172ms
[2026-04-03T02:48:22.097+0600][19.647s][info][gc,cpu      ] GC(33) User=0.04s Sys=0.00s Real=0.00s
[2026-04-03T02:48:22.233+0600][19.783s][info][gc,start    ] GC(34) Pause Young (Concurrent Start) (G1 Humongous Allocation)
[2026-04-03T02:48:22.233+0600][19.783s][info][gc,task     ] GC(34) Using 8 workers of 10 for evacuation
[2026-04-03T02:48:22.238+0600][19.788s][info][gc,phases   ] GC(34)   Pre Evacuate Collection Set: 0.59ms
[2026-04-03T02:48:22.238+0600][19.788s][info][gc,phases   ] GC(34)   Merge Heap Roots: 0.18ms
[2026-04-03T02:48:22.238+0600][19.788s][info][gc,phases   ] GC(34)   Evacuate Collection Set: 2.87ms
[2026-04-03T02:48:22.238+0600][19.788s][info][gc,phases   ] GC(34)   Post Evacuate Collection Set: 0.74ms
[2026-04-03T02:48:22.238+0600][19.788s][info][gc,phases   ] GC(34)   Other: 0.27ms
[2026-04-03T02:48:22.238+0600][19.788s][info][gc,heap     ] GC(34) Eden regions: 40->0(121)
[2026-04-03T02:48:22.238+0600][19.788s][info][gc,heap     ] GC(34) Survivor regions: 2->3(15)
[2026-04-03T02:48:22.238+0600][19.788s][info][gc,heap     ] GC(34) Old regions: 107->107
[2026-04-03T02:48:22.238+0600][19.788s][info][gc,heap     ] GC(34) Humongous regions: 80->80
[2026-04-03T02:48:22.238+0600][19.788s][info][gc,metaspace] GC(34) Metaspace: 121417K(122432K)->121417K(122432K) NonClass: 105744K(106304K)->105744K(106304K) Class: 15673K(16128K)->15673K(16128K)
[2026-04-03T02:48:22.238+0600][19.788s][info][gc          ] GC(34) Pause Young (Concurrent Start) (G1 Humongous Allocation) 228M->188M(345M) 4.961ms
[2026-04-03T02:48:22.238+0600][19.788s][info][gc          ] GC(35) Concurrent Mark Cycle
[2026-04-03T02:48:22.238+0600][19.788s][info][gc,cpu      ] GC(34) User=0.04s Sys=0.00s Real=0.00s
[2026-04-03T02:48:22.238+0600][19.788s][info][gc,marking  ] GC(35) Concurrent Scan Root Regions
[2026-04-03T02:48:22.243+0600][19.793s][info][gc,marking  ] GC(35) Concurrent Scan Root Regions 4.606ms
[2026-04-03T02:48:22.243+0600][19.793s][info][gc,marking  ] GC(35) Concurrent Mark
[2026-04-03T02:48:22.243+0600][19.793s][info][gc,marking  ] GC(35) Concurrent Mark From Roots
[2026-04-03T02:48:22.243+0600][19.793s][info][gc,task     ] GC(35) Using 3 workers of 3 for marking
[2026-04-03T02:48:22.318+0600][19.867s][info][gc,marking  ] GC(35) Concurrent Mark From Roots 74.662ms
[2026-04-03T02:48:22.318+0600][19.868s][info][gc,marking  ] GC(35) Concurrent Preclean
[2026-04-03T02:48:22.318+0600][19.868s][info][gc,marking  ] GC(35) Concurrent Preclean 0.339ms
[2026-04-03T02:48:22.318+0600][19.868s][info][gc,start    ] GC(35) Pause Remark
[2026-04-03T02:48:22.326+0600][19.876s][info][gc          ] GC(35) Pause Remark 202M->158M(345M) 7.872ms
[2026-04-03T02:48:22.326+0600][19.876s][info][gc,cpu      ] GC(35) User=0.06s Sys=0.00s Real=0.01s
[2026-04-03T02:48:22.327+0600][19.876s][info][gc,marking  ] GC(35) Concurrent Mark 83.496ms
[2026-04-03T02:48:22.327+0600][19.876s][info][gc,marking  ] GC(35) Concurrent Rebuild Remembered Sets and Scrub Regions
[2026-04-03T02:48:22.366+0600][19.916s][info][gc,marking  ] GC(35) Concurrent Rebuild Remembered Sets and Scrub Regions 39.750ms
[2026-04-03T02:48:22.367+0600][19.916s][info][gc,start    ] GC(35) Pause Cleanup
[2026-04-03T02:48:22.367+0600][19.917s][info][gc          ] GC(35) Pause Cleanup 164M->164M(345M) 0.439ms
[2026-04-03T02:48:22.367+0600][19.917s][info][gc,cpu      ] GC(35) User=0.00s Sys=0.00s Real=0.00s
[2026-04-03T02:48:22.367+0600][19.917s][info][gc,marking  ] GC(35) Concurrent Clear Claimed Marks
[2026-04-03T02:48:22.368+0600][19.917s][info][gc,marking  ] GC(35) Concurrent Clear Claimed Marks 0.420ms
[2026-04-03T02:48:22.368+0600][19.918s][info][gc,marking  ] GC(35) Concurrent Cleanup for Next Mark
[2026-04-03T02:48:22.368+0600][19.918s][info][gc,marking  ] GC(35) Concurrent Cleanup for Next Mark 0.528ms
[2026-04-03T02:48:22.368+0600][19.918s][info][gc          ] GC(35) Concurrent Mark Cycle 130.173ms
[2026-04-03T02:48:22.707+0600][20.257s][info][gc,start    ] GC(36) Pause Young (Prepare Mixed) (G1 Evacuation Pause)
[2026-04-03T02:48:22.707+0600][20.257s][info][gc,task     ] GC(36) Using 8 workers of 10 for evacuation
[2026-04-03T02:48:22.711+0600][20.261s][info][gc,phases   ] GC(36)   Pre Evacuate Collection Set: 0.37ms
[2026-04-03T02:48:22.712+0600][20.261s][info][gc,phases   ] GC(36)   Merge Heap Roots: 0.21ms
[2026-04-03T02:48:22.712+0600][20.261s][info][gc,phases   ] GC(36)   Evacuate Collection Set: 2.71ms
[2026-04-03T02:48:22.712+0600][20.261s][info][gc,phases   ] GC(36)   Post Evacuate Collection Set: 1.02ms
[2026-04-03T02:48:22.712+0600][20.261s][info][gc,phases   ] GC(36)   Other: 0.13ms
[2026-04-03T02:48:22.712+0600][20.261s][info][gc,heap     ] GC(36) Eden regions: 121->0(165)
[2026-04-03T02:48:22.712+0600][20.261s][info][gc,heap     ] GC(36) Survivor regions: 3->4(16)
[2026-04-03T02:48:22.712+0600][20.261s][info][gc,heap     ] GC(36) Old regions: 103->103
[2026-04-03T02:48:22.712+0600][20.261s][info][gc,heap     ] GC(36) Humongous regions: 69->40
[2026-04-03T02:48:22.712+0600][20.261s][info][gc,metaspace] GC(36) Metaspace: 121834K(122944K)->121834K(122944K) NonClass: 106086K(106688K)->106086K(106688K) Class: 15748K(16256K)->15748K(16256K)
[2026-04-03T02:48:22.712+0600][20.261s][info][gc          ] GC(36) Pause Young (Prepare Mixed) (G1 Evacuation Pause) 294M->145M(345M) 4.783ms
[2026-04-03T02:48:22.712+0600][20.261s][info][gc,cpu      ] GC(36) User=0.03s Sys=0.00s Real=0.01s
[2026-04-03T02:48:22.867+0600][20.416s][info][gc,start    ] GC(37) Pause Full (System.gc())
[2026-04-03T02:48:22.867+0600][20.416s][info][gc,task     ] GC(37) Using 8 workers of 10 for full compaction
[2026-04-03T02:48:22.867+0600][20.417s][info][gc,phases,start] GC(37) Phase 1: Mark live objects
[2026-04-03T02:48:22.955+0600][20.505s][info][gc,phases      ] GC(37) Phase 1: Mark live objects 87.727ms
[2026-04-03T02:48:22.955+0600][20.505s][info][gc,phases,start] GC(37) Phase 2: Prepare compaction
[2026-04-03T02:48:22.961+0600][20.511s][info][gc,phases      ] GC(37) Phase 2: Prepare compaction 6.548ms
[2026-04-03T02:48:22.962+0600][20.511s][info][gc,phases,start] GC(37) Phase 3: Adjust pointers
[2026-04-03T02:48:22.978+0600][20.528s][info][gc,phases      ] GC(37) Phase 3: Adjust pointers 16.300ms
[2026-04-03T02:48:22.978+0600][20.528s][info][gc,phases,start] GC(37) Phase 4: Compact heap
[2026-04-03T02:48:22.989+0600][20.538s][info][gc,phases      ] GC(37) Phase 4: Compact heap 10.558ms
[2026-04-03T02:48:22.989+0600][20.538s][info][gc,phases,start] GC(37) Phase 5: Reset Metadata
[2026-04-03T02:48:22.992+0600][20.542s][info][gc,phases      ] GC(37) Phase 5: Reset Metadata 3.316ms
[2026-04-03T02:48:23.002+0600][20.552s][info][gc,heap        ] GC(37) Eden regions: 68->0(159)
[2026-04-03T02:48:23.002+0600][20.552s][info][gc,heap        ] GC(37) Survivor regions: 4->0(16)
[2026-04-03T02:48:23.002+0600][20.552s][info][gc,heap        ] GC(37) Old regions: 103->74
[2026-04-03T02:48:23.002+0600][20.552s][info][gc,heap        ] GC(37) Humongous regions: 55->8
[2026-04-03T02:48:23.002+0600][20.552s][info][gc,metaspace   ] GC(37) Metaspace: 122025K(123136K)->122024K(123136K) NonClass: 106257K(106880K)->106256K(106880K) Class: 15768K(16256K)->15767K(16256K)
[2026-04-03T02:48:23.002+0600][20.552s][info][gc             ] GC(37) Pause Full (System.gc()) 228M->77M(274M) 135.897ms
[2026-04-03T02:48:23.003+0600][20.552s][info][gc,cpu         ] GC(37) User=0.91s Sys=0.04s Real=0.14s
[2026-04-03T02:48:23.035+0600][20.585s][info][gc,start       ] GC(38) Pause Young (Concurrent Start) (G1 Humongous Allocation)
[2026-04-03T02:48:23.035+0600][20.585s][info][gc,task        ] GC(38) Using 7 workers of 10 for evacuation
[2026-04-03T02:48:23.042+0600][20.591s][info][gc,phases      ] GC(38)   Pre Evacuate Collection Set: 0.49ms
[2026-04-03T02:48:23.042+0600][20.592s][info][gc,phases      ] GC(38)   Merge Heap Roots: 0.09ms
[2026-04-03T02:48:23.042+0600][20.592s][info][gc,phases      ] GC(38)   Evacuate Collection Set: 1.84ms
[2026-04-03T02:48:23.042+0600][20.592s][info][gc,phases      ] GC(38)   Post Evacuate Collection Set: 3.87ms
[2026-04-03T02:48:23.042+0600][20.592s][info][gc,phases      ] GC(38)   Other: 0.19ms
[2026-04-03T02:48:23.042+0600][20.592s][info][gc,heap        ] GC(38) Eden regions: 6->0(371)
[2026-04-03T02:48:23.042+0600][20.592s][info][gc,heap        ] GC(38) Survivor regions: 0->1(20)
[2026-04-03T02:48:23.042+0600][20.592s][info][gc,heap        ] GC(38) Old regions: 74->74
[2026-04-03T02:48:23.042+0600][20.592s][info][gc,heap        ] GC(38) Humongous regions: 8->8
[2026-04-03T02:48:23.042+0600][20.592s][info][gc,metaspace   ] GC(38) Metaspace: 122098K(123200K)->122098K(123200K) NonClass: 106324K(106944K)->106324K(106944K) Class: 15774K(16256K)->15774K(16256K)
[2026-04-03T02:48:23.042+0600][20.592s][info][gc             ] GC(38) Pause Young (Concurrent Start) (G1 Humongous Allocation) 83M->78M(620M) 6.765ms
[2026-04-03T02:48:23.042+0600][20.592s][info][gc,cpu         ] GC(38) User=0.01s Sys=0.01s Real=0.01s
[2026-04-03T02:48:23.042+0600][20.592s][info][gc             ] GC(39) Concurrent Undo Cycle
[2026-04-03T02:48:23.042+0600][20.592s][info][gc,marking     ] GC(39) Concurrent Clear Claimed Marks
[2026-04-03T02:48:23.042+0600][20.592s][info][gc,marking     ] GC(39) Concurrent Clear Claimed Marks 0.198ms
[2026-04-03T02:48:23.042+0600][20.592s][info][gc,marking     ] GC(39) Concurrent Cleanup for Next Mark
[2026-04-03T02:48:23.043+0600][20.592s][info][gc,marking     ] GC(39) Concurrent Cleanup for Next Mark 0.237ms
[2026-04-03T02:48:23.043+0600][20.592s][info][gc             ] GC(39) Concurrent Undo Cycle 0.549ms
[2026-04-03T02:48:23.632+0600][21.182s][info][gc,start       ] GC(40) Pause Young (Concurrent Start) (G1 Humongous Allocation)
[2026-04-03T02:48:23.632+0600][21.182s][info][gc,task        ] GC(40) Using 10 workers of 10 for evacuation
[2026-04-03T02:48:23.636+0600][21.186s][info][gc,phases      ] GC(40)   Pre Evacuate Collection Set: 0.45ms
[2026-04-03T02:48:23.636+0600][21.186s][info][gc,phases      ] GC(40)   Merge Heap Roots: 0.14ms
[2026-04-03T02:48:23.636+0600][21.186s][info][gc,phases      ] GC(40)   Evacuate Collection Set: 2.52ms
[2026-04-03T02:48:23.636+0600][21.186s][info][gc,phases      ] GC(40)   Post Evacuate Collection Set: 0.71ms
[2026-04-03T02:48:23.636+0600][21.186s][info][gc,phases      ] GC(40)   Other: 0.28ms
[2026-04-03T02:48:23.636+0600][21.186s][info][gc,heap        ] GC(40) Eden regions: 51->0(368)
[2026-04-03T02:48:23.636+0600][21.186s][info][gc,heap        ] GC(40) Survivor regions: 1->4(47)
[2026-04-03T02:48:23.636+0600][21.186s][info][gc,heap        ] GC(40) Old regions: 74->74
[2026-04-03T02:48:23.636+0600][21.186s][info][gc,heap        ] GC(40) Humongous regions: 80->18
[2026-04-03T02:48:23.636+0600][21.186s][info][gc,metaspace   ] GC(40) Metaspace: 123214K(124416K)->123214K(124416K) NonClass: 107264K(107904K)->107264K(107904K) Class: 15950K(16512K)->15950K(16512K)
[2026-04-03T02:48:23.636+0600][21.186s][info][gc             ] GC(40) Pause Young (Concurrent Start) (G1 Humongous Allocation) 200M->91M(620M) 4.382ms
[2026-04-03T02:48:23.636+0600][21.186s][info][gc,cpu         ] GC(40) User=0.02s Sys=0.00s Real=0.00s
[2026-04-03T02:48:23.636+0600][21.186s][info][gc             ] GC(41) Concurrent Undo Cycle
[2026-04-03T02:48:23.637+0600][21.186s][info][gc,marking     ] GC(41) Concurrent Clear Claimed Marks
[2026-04-03T02:48:23.637+0600][21.187s][info][gc,marking     ] GC(41) Concurrent Clear Claimed Marks 0.267ms
[2026-04-03T02:48:23.637+0600][21.187s][info][gc,marking     ] GC(41) Concurrent Cleanup for Next Mark
[2026-04-03T02:48:23.638+0600][21.187s][info][gc,marking     ] GC(41) Concurrent Cleanup for Next Mark 0.591ms
[2026-04-03T02:48:23.638+0600][21.187s][info][gc             ] GC(41) Concurrent Undo Cycle 1.104ms
[2026-04-03T02:48:23.661+0600][21.211s][info][gc,start       ] GC(42) Pause Young (Concurrent Start) (G1 Humongous Allocation)
[2026-04-03T02:48:23.661+0600][21.211s][info][gc,task        ] GC(42) Using 10 workers of 10 for evacuation
[2026-04-03T02:48:23.665+0600][21.215s][info][gc,phases      ] GC(42)   Pre Evacuate Collection Set: 0.54ms
[2026-04-03T02:48:23.665+0600][21.215s][info][gc,phases      ] GC(42)   Merge Heap Roots: 0.13ms
[2026-04-03T02:48:23.665+0600][21.215s][info][gc,phases      ] GC(42)   Evacuate Collection Set: 2.47ms
[2026-04-03T02:48:23.665+0600][21.215s][info][gc,phases      ] GC(42)   Post Evacuate Collection Set: 0.76ms
[2026-04-03T02:48:23.665+0600][21.215s][info][gc,phases      ] GC(42)   Other: 0.14ms
[2026-04-03T02:48:23.665+0600][21.215s][info][gc,heap        ] GC(42) Eden regions: 11->0(367)
[2026-04-03T02:48:23.665+0600][21.215s][info][gc,heap        ] GC(42) Survivor regions: 4->5(47)
[2026-04-03T02:48:23.665+0600][21.215s][info][gc,heap        ] GC(42) Old regions: 74->74
[2026-04-03T02:48:23.665+0600][21.215s][info][gc,heap        ] GC(42) Humongous regions: 83->23
[2026-04-03T02:48:23.665+0600][21.215s][info][gc,metaspace   ] GC(42) Metaspace: 123219K(124416K)->123219K(124416K) NonClass: 107268K(107904K)->107268K(107904K) Class: 15950K(16512K)->15950K(16512K)
[2026-04-03T02:48:23.665+0600][21.215s][info][gc             ] GC(42) Pause Young (Concurrent Start) (G1 Humongous Allocation) 166M->96M(620M) 4.312ms
[2026-04-03T02:48:23.665+0600][21.215s][info][gc             ] GC(43) Concurrent Undo Cycle
[2026-04-03T02:48:23.665+0600][21.215s][info][gc,cpu         ] GC(42) User=0.02s Sys=0.00s Real=0.00s
[2026-04-03T02:48:23.665+0600][21.215s][info][gc,marking     ] GC(43) Concurrent Clear Claimed Marks
[2026-04-03T02:48:23.666+0600][21.215s][info][gc,marking     ] GC(43) Concurrent Clear Claimed Marks 0.257ms
[2026-04-03T02:48:23.666+0600][21.215s][info][gc,marking     ] GC(43) Concurrent Cleanup for Next Mark
[2026-04-03T02:48:23.666+0600][21.216s][info][gc,marking     ] GC(43) Concurrent Cleanup for Next Mark 0.261ms
[2026-04-03T02:48:23.666+0600][21.216s][info][gc             ] GC(43) Concurrent Undo Cycle 0.716ms
[2026-04-03T02:48:23.669+0600][21.219s][info][gc,start       ] GC(44) Pause Young (Concurrent Start) (G1 Humongous Allocation)
[2026-04-03T02:48:23.669+0600][21.219s][info][gc,task        ] GC(44) Using 10 workers of 10 for evacuation
[2026-04-03T02:48:23.672+0600][21.222s][info][gc,phases      ] GC(44)   Pre Evacuate Collection Set: 0.26ms
[2026-04-03T02:48:23.672+0600][21.222s][info][gc,phases      ] GC(44)   Merge Heap Roots: 0.10ms
[2026-04-03T02:48:23.672+0600][21.222s][info][gc,phases      ] GC(44)   Evacuate Collection Set: 1.93ms
[2026-04-03T02:48:23.672+0600][21.222s][info][gc,phases      ] GC(44)   Post Evacuate Collection Set: 0.59ms
[2026-04-03T02:48:23.672+0600][21.222s][info][gc,phases      ] GC(44)   Other: 0.11ms
[2026-04-03T02:48:23.672+0600][21.222s][info][gc,heap        ] GC(44) Eden regions: 2->0(367)
[2026-04-03T02:48:23.672+0600][21.222s][info][gc,heap        ] GC(44) Survivor regions: 5->5(47)
[2026-04-03T02:48:23.672+0600][21.222s][info][gc,heap        ] GC(44) Old regions: 74->74
[2026-04-03T02:48:23.672+0600][21.222s][info][gc,heap        ] GC(44) Humongous regions: 28->23
[2026-04-03T02:48:23.672+0600][21.222s][info][gc,metaspace   ] GC(44) Metaspace: 123219K(124416K)->123219K(124416K) NonClass: 107268K(107904K)->107268K(107904K) Class: 15950K(16512K)->15950K(16512K)
[2026-04-03T02:48:23.672+0600][21.222s][info][gc             ] GC(44) Pause Young (Concurrent Start) (G1 Humongous Allocation) 103M->96M(620M) 3.235ms
[2026-04-03T02:48:23.672+0600][21.222s][info][gc,cpu         ] GC(44) User=0.01s Sys=0.00s Real=0.01s
[2026-04-03T02:48:23.672+0600][21.222s][info][gc             ] GC(45) Concurrent Mark Cycle
[2026-04-03T02:48:23.672+0600][21.222s][info][gc,marking     ] GC(45) Concurrent Scan Root Regions
[2026-04-03T02:48:23.675+0600][21.225s][info][gc,marking     ] GC(45) Concurrent Scan Root Regions 2.786ms
[2026-04-03T02:48:23.675+0600][21.225s][info][gc,marking     ] GC(45) Concurrent Mark
[2026-04-03T02:48:23.675+0600][21.225s][info][gc,marking     ] GC(45) Concurrent Mark From Roots
[2026-04-03T02:48:23.675+0600][21.225s][info][gc,task        ] GC(45) Using 3 workers of 3 for marking
[2026-04-03T02:48:23.764+0600][21.313s][info][gc,marking     ] GC(45) Concurrent Mark From Roots 88.546ms
[2026-04-03T02:48:23.764+0600][21.314s][info][gc,marking     ] GC(45) Concurrent Preclean
[2026-04-03T02:48:23.764+0600][21.314s][info][gc,marking     ] GC(45) Concurrent Preclean 0.343ms
[2026-04-03T02:48:23.768+0600][21.317s][info][gc,start       ] GC(45) Pause Remark
[2026-04-03T02:48:23.774+0600][21.324s][info][gc             ] GC(45) Pause Remark 325M->325M(620M) 6.540ms
[2026-04-03T02:48:23.774+0600][21.324s][info][gc,cpu         ] GC(45) User=0.05s Sys=0.00s Real=0.01s
[2026-04-03T02:48:23.775+0600][21.324s][info][gc,marking     ] GC(45) Concurrent Mark 99.447ms
[2026-04-03T02:48:23.775+0600][21.324s][info][gc,marking     ] GC(45) Concurrent Rebuild Remembered Sets and Scrub Regions
[2026-04-03T02:48:23.797+0600][21.347s][info][gc,marking     ] GC(45) Concurrent Rebuild Remembered Sets and Scrub Regions 22.203ms
[2026-04-03T02:48:23.797+0600][21.347s][info][gc,start       ] GC(45) Pause Cleanup
[2026-04-03T02:48:23.798+0600][21.347s][info][gc             ] GC(45) Pause Cleanup 333M->333M(620M) 0.372ms
[2026-04-03T02:48:23.798+0600][21.347s][info][gc,cpu         ] GC(45) User=0.01s Sys=0.00s Real=0.00s
[2026-04-03T02:48:23.798+0600][21.348s][info][gc,marking     ] GC(45) Concurrent Clear Claimed Marks
[2026-04-03T02:48:23.798+0600][21.348s][info][gc,marking     ] GC(45) Concurrent Clear Claimed Marks 0.335ms
[2026-04-03T02:48:23.798+0600][21.348s][info][gc,marking     ] GC(45) Concurrent Cleanup for Next Mark
[2026-04-03T02:48:23.801+0600][21.351s][info][gc,marking     ] GC(45) Concurrent Cleanup for Next Mark 2.778ms
[2026-04-03T02:48:23.801+0600][21.351s][info][gc             ] GC(45) Concurrent Mark Cycle 128.904ms
[2026-04-03T02:48:24.496+0600][22.046s][info][gc,start       ] GC(46) Pause Young (Prepare Mixed) (G1 Evacuation Pause)
[2026-04-03T02:48:24.497+0600][22.046s][info][gc,task        ] GC(46) Using 10 workers of 10 for evacuation
[2026-04-03T02:48:24.501+0600][22.051s][info][gc,phases      ] GC(46)   Pre Evacuate Collection Set: 0.45ms
[2026-04-03T02:48:24.501+0600][22.051s][info][gc,phases      ] GC(46)   Merge Heap Roots: 0.14ms
[2026-04-03T02:48:24.501+0600][22.051s][info][gc,phases      ] GC(46)   Evacuate Collection Set: 3.10ms
[2026-04-03T02:48:24.501+0600][22.051s][info][gc,phases      ] GC(46)   Post Evacuate Collection Set: 0.95ms
[2026-04-03T02:48:24.501+0600][22.051s][info][gc,phases      ] GC(46)   Other: 0.11ms
[2026-04-03T02:48:24.502+0600][22.051s][info][gc,heap        ] GC(46) Eden regions: 74->0(427)
[2026-04-03T02:48:24.502+0600][22.051s][info][gc,heap        ] GC(46) Survivor regions: 5->6(47)
[2026-04-03T02:48:24.502+0600][22.051s][info][gc,heap        ] GC(46) Old regions: 74->74
[2026-04-03T02:48:24.502+0600][22.051s][info][gc,heap        ] GC(46) Humongous regions: 564->13
[2026-04-03T02:48:24.502+0600][22.051s][info][gc,metaspace   ] GC(46) Metaspace: 123429K(124736K)->123429K(124736K) NonClass: 107446K(108160K)->107446K(108160K) Class: 15982K(16576K)->15982K(16576K)
[2026-04-03T02:48:24.502+0600][22.051s][info][gc             ] GC(46) Pause Young (Prepare Mixed) (G1 Evacuation Pause) 711M->88M(723M) 5.124ms
[2026-04-03T02:48:24.502+0600][22.051s][info][gc,cpu         ] GC(46) User=0.03s Sys=0.01s Real=0.01s
[2026-04-03T02:48:26.791+0600][24.341s][info][gc,start       ] GC(47) Pause Young (Mixed) (G1 Evacuation Pause)
[2026-04-03T02:48:26.791+0600][24.341s][info][gc,task        ] GC(47) Using 10 workers of 10 for evacuation
[2026-04-03T02:48:26.799+0600][24.349s][info][gc,phases      ] GC(47)   Pre Evacuate Collection Set: 0.39ms
[2026-04-03T02:48:26.799+0600][24.349s][info][gc,phases      ] GC(47)   Merge Heap Roots: 0.37ms
[2026-04-03T02:48:26.799+0600][24.349s][info][gc,phases      ] GC(47)   Evacuate Collection Set: 5.31ms
[2026-04-03T02:48:26.799+0600][24.349s][info][gc,phases      ] GC(47)   Post Evacuate Collection Set: 1.18ms
[2026-04-03T02:48:26.799+0600][24.349s][info][gc,phases      ] GC(47)   Other: 0.20ms
[2026-04-03T02:48:26.799+0600][24.349s][info][gc,heap        ] GC(47) Eden regions: 406->0(441)
[2026-04-03T02:48:26.799+0600][24.349s][info][gc,heap        ] GC(47) Survivor regions: 6->7(55)
[2026-04-03T02:48:26.799+0600][24.349s][info][gc,heap        ] GC(47) Old regions: 74->74
[2026-04-03T02:48:26.799+0600][24.349s][info][gc,heap        ] GC(47) Humongous regions: 254->8
[2026-04-03T02:48:26.799+0600][24.349s][info][gc,metaspace   ] GC(47) Metaspace: 127772K(129216K)->127772K(129216K) NonClass: 111334K(112128K)->111334K(112128K) Class: 16438K(17088K)->16438K(17088K)
[2026-04-03T02:48:26.799+0600][24.349s][info][gc             ] GC(47) Pause Young (Mixed) (G1 Evacuation Pause) 735M->84M(748M) 7.749ms
[2026-04-03T02:48:26.799+0600][24.349s][info][gc,cpu         ] GC(47) User=0.04s Sys=0.02s Real=0.00s
[2026-04-03T02:48:27.073+0600][24.623s][info][gc,start       ] GC(48) Pause Young (Concurrent Start) (G1 Humongous Allocation)
[2026-04-03T02:48:27.073+0600][24.623s][info][gc,task        ] GC(48) Using 10 workers of 10 for evacuation
[2026-04-03T02:48:27.078+0600][24.628s][info][gc,phases      ] GC(48)   Pre Evacuate Collection Set: 0.52ms
[2026-04-03T02:48:27.078+0600][24.628s][info][gc,phases      ] GC(48)   Merge Heap Roots: 0.17ms
[2026-04-03T02:48:27.078+0600][24.628s][info][gc,phases      ] GC(48)   Evacuate Collection Set: 3.24ms
[2026-04-03T02:48:27.078+0600][24.628s][info][gc,phases      ] GC(48)   Post Evacuate Collection Set: 0.78ms
[2026-04-03T02:48:27.078+0600][24.628s][info][gc,phases      ] GC(48)   Other: 0.26ms
[2026-04-03T02:48:27.078+0600][24.628s][info][gc,heap        ] GC(48) Eden regions: 119->0(442)
[2026-04-03T02:48:27.078+0600][24.628s][info][gc,heap        ] GC(48) Survivor regions: 7->6(56)
[2026-04-03T02:48:27.078+0600][24.628s][info][gc,heap        ] GC(48) Old regions: 74->74
[2026-04-03T02:48:27.078+0600][24.628s][info][gc,heap        ] GC(48) Humongous regions: 87->8
[2026-04-03T02:48:27.078+0600][24.628s][info][gc,metaspace   ] GC(48) Metaspace: 127992K(129408K)->127992K(129408K) NonClass: 111545K(112320K)->111545K(112320K) Class: 16446K(17088K)->16446K(17088K)
[2026-04-03T02:48:27.078+0600][24.628s][info][gc             ] GC(48) Pause Young (Concurrent Start) (G1 Humongous Allocation) 281M->83M(748M) 5.260ms
[2026-04-03T02:48:27.079+0600][24.628s][info][gc             ] GC(49) Concurrent Undo Cycle
[2026-04-03T02:48:27.079+0600][24.628s][info][gc,cpu         ] GC(48) User=0.04s Sys=0.00s Real=0.00s
[2026-04-03T02:48:27.079+0600][24.628s][info][gc,marking     ] GC(49) Concurrent Clear Claimed Marks
[2026-04-03T02:48:27.079+0600][24.629s][info][gc,marking     ] GC(49) Concurrent Clear Claimed Marks 0.327ms
[2026-04-03T02:48:27.079+0600][24.629s][info][gc,marking     ] GC(49) Concurrent Cleanup for Next Mark
[2026-04-03T02:48:27.079+0600][24.629s][info][gc,marking     ] GC(49) Concurrent Cleanup for Next Mark 0.445ms
[2026-04-03T02:48:27.080+0600][24.629s][info][gc             ] GC(49) Concurrent Undo Cycle 0.991ms
[2026-04-03T02:48:27.300+0600][24.850s][info][gc,start       ] GC(50) Pause Young (Concurrent Start) (G1 Humongous Allocation)
[2026-04-03T02:48:27.300+0600][24.850s][info][gc,task        ] GC(50) Using 10 workers of 10 for evacuation
[2026-04-03T02:48:27.306+0600][24.856s][info][gc,phases      ] GC(50)   Pre Evacuate Collection Set: 0.51ms
[2026-04-03T02:48:27.306+0600][24.856s][info][gc,phases      ] GC(50)   Merge Heap Roots: 0.27ms
[2026-04-03T02:48:27.306+0600][24.856s][info][gc,phases      ] GC(50)   Evacuate Collection Set: 4.03ms
[2026-04-03T02:48:27.306+0600][24.856s][info][gc,phases      ] GC(50)   Post Evacuate Collection Set: 0.86ms
[2026-04-03T02:48:27.306+0600][24.856s][info][gc,phases      ] GC(50)   Other: 0.17ms
[2026-04-03T02:48:27.306+0600][24.856s][info][gc,heap        ] GC(50) Eden regions: 105->0(440)
[2026-04-03T02:48:27.306+0600][24.856s][info][gc,heap        ] GC(50) Survivor regions: 6->8(56)
[2026-04-03T02:48:27.306+0600][24.856s][info][gc,heap        ] GC(50) Old regions: 74->74
[2026-04-03T02:48:27.306+0600][24.856s][info][gc,heap        ] GC(50) Humongous regions: 76->8
[2026-04-03T02:48:27.306+0600][24.856s][info][gc,metaspace   ] GC(50) Metaspace: 128184K(129664K)->128184K(129664K) NonClass: 111727K(112576K)->111727K(112576K) Class: 16457K(17088K)->16457K(17088K)
[2026-04-03T02:48:27.306+0600][24.856s][info][gc             ] GC(50) Pause Young (Concurrent Start) (G1 Humongous Allocation) 256M->85M(748M) 6.148ms
[2026-04-03T02:48:27.306+0600][24.856s][info][gc             ] GC(51) Concurrent Undo Cycle
[2026-04-03T02:48:27.306+0600][24.856s][info][gc,cpu         ] GC(50) User=0.05s Sys=0.01s Real=0.00s
[2026-04-03T02:48:27.306+0600][24.856s][info][gc,marking     ] GC(51) Concurrent Clear Claimed Marks
[2026-04-03T02:48:27.307+0600][24.856s][info][gc,marking     ] GC(51) Concurrent Clear Claimed Marks 0.334ms
[2026-04-03T02:48:27.307+0600][24.856s][info][gc,marking     ] GC(51) Concurrent Cleanup for Next Mark
[2026-04-03T02:48:27.307+0600][24.857s][info][gc,marking     ] GC(51) Concurrent Cleanup for Next Mark 0.328ms
[2026-04-03T02:48:27.307+0600][24.857s][info][gc             ] GC(51) Concurrent Undo Cycle 0.860ms
[2026-04-03T02:48:27.514+0600][25.064s][info][gc,start       ] GC(52) Pause Young (Concurrent Start) (G1 Humongous Allocation)
[2026-04-03T02:48:27.514+0600][25.064s][info][gc,task        ] GC(52) Using 10 workers of 10 for evacuation
[2026-04-03T02:48:27.521+0600][25.071s][info][gc,phases      ] GC(52)   Pre Evacuate Collection Set: 0.47ms
[2026-04-03T02:48:27.521+0600][25.071s][info][gc,phases      ] GC(52)   Merge Heap Roots: 0.20ms
[2026-04-03T02:48:27.521+0600][25.071s][info][gc,phases      ] GC(52)   Evacuate Collection Set: 4.91ms
[2026-04-03T02:48:27.521+0600][25.071s][info][gc,phases      ] GC(52)   Post Evacuate Collection Set: 1.45ms
[2026-04-03T02:48:27.521+0600][25.071s][info][gc,phases      ] GC(52)   Other: 0.16ms
[2026-04-03T02:48:27.522+0600][25.071s][info][gc,heap        ] GC(52) Eden regions: 104->0(441)
[2026-04-03T02:48:27.522+0600][25.071s][info][gc,heap        ] GC(52) Survivor regions: 8->7(56)
[2026-04-03T02:48:27.522+0600][25.071s][info][gc,heap        ] GC(52) Old regions: 74->74
[2026-04-03T02:48:27.522+0600][25.071s][info][gc,heap        ] GC(52) Humongous regions: 81->8
[2026-04-03T02:48:27.522+0600][25.071s][info][gc,metaspace   ] GC(52) Metaspace: 128275K(129792K)->128275K(129792K) NonClass: 111817K(112640K)->111817K(112640K) Class: 16458K(17152K)->16458K(17152K)
[2026-04-03T02:48:27.522+0600][25.071s][info][gc             ] GC(52) Pause Young (Concurrent Start) (G1 Humongous Allocation) 261M->84M(748M) 7.523ms
[2026-04-03T02:48:27.522+0600][25.071s][info][gc,cpu         ] GC(52) User=0.04s Sys=0.01s Real=0.01s
[2026-04-03T02:48:27.522+0600][25.071s][info][gc             ] GC(53) Concurrent Undo Cycle
[2026-04-03T02:48:27.522+0600][25.072s][info][gc,marking     ] GC(53) Concurrent Clear Claimed Marks
[2026-04-03T02:48:27.522+0600][25.072s][info][gc,marking     ] GC(53) Concurrent Clear Claimed Marks 0.333ms
[2026-04-03T02:48:27.522+0600][25.072s][info][gc,marking     ] GC(53) Concurrent Cleanup for Next Mark
[2026-04-03T02:48:27.523+0600][25.072s][info][gc,marking     ] GC(53) Concurrent Cleanup for Next Mark 0.324ms
[2026-04-03T02:48:27.523+0600][25.072s][info][gc             ] GC(53) Concurrent Undo Cycle 0.903ms
[2026-04-03T02:48:27.750+0600][25.300s][info][gc,start       ] GC(54) Pause Young (Concurrent Start) (G1 Humongous Allocation)
[2026-04-03T02:48:27.750+0600][25.300s][info][gc,task        ] GC(54) Using 10 workers of 10 for evacuation
[2026-04-03T02:48:27.756+0600][25.306s][info][gc,phases      ] GC(54)   Pre Evacuate Collection Set: 0.48ms
[2026-04-03T02:48:27.756+0600][25.306s][info][gc,phases      ] GC(54)   Merge Heap Roots: 0.20ms
[2026-04-03T02:48:27.756+0600][25.306s][info][gc,phases      ] GC(54)   Evacuate Collection Set: 4.20ms
[2026-04-03T02:48:27.756+0600][25.306s][info][gc,phases      ] GC(54)   Post Evacuate Collection Set: 1.14ms
[2026-04-03T02:48:27.756+0600][25.306s][info][gc,phases      ] GC(54)   Other: 0.18ms
[2026-04-03T02:48:27.756+0600][25.306s][info][gc,heap        ] GC(54) Eden regions: 119->0(440)
[2026-04-03T02:48:27.756+0600][25.306s][info][gc,heap        ] GC(54) Survivor regions: 7->8(56)
[2026-04-03T02:48:27.756+0600][25.306s][info][gc,heap        ] GC(54) Old regions: 74->74
[2026-04-03T02:48:27.756+0600][25.306s][info][gc,heap        ] GC(54) Humongous regions: 84->8
[2026-04-03T02:48:27.756+0600][25.306s][info][gc,metaspace   ] GC(54) Metaspace: 128419K(129920K)->128419K(129920K) NonClass: 111959K(112768K)->111959K(112768K) Class: 16460K(17152K)->16460K(17152K)
[2026-04-03T02:48:27.756+0600][25.306s][info][gc             ] GC(54) Pause Young (Concurrent Start) (G1 Humongous Allocation) 279M->85M(748M) 6.526ms
[2026-04-03T02:48:27.756+0600][25.306s][info][gc             ] GC(55) Concurrent Undo Cycle
[2026-04-03T02:48:27.757+0600][25.306s][info][gc,cpu         ] GC(54) User=0.06s Sys=0.00s Real=0.00s
[2026-04-03T02:48:27.757+0600][25.306s][info][gc,marking     ] GC(55) Concurrent Clear Claimed Marks
[2026-04-03T02:48:27.757+0600][25.307s][info][gc,marking     ] GC(55) Concurrent Clear Claimed Marks 0.332ms
[2026-04-03T02:48:27.757+0600][25.307s][info][gc,marking     ] GC(55) Concurrent Cleanup for Next Mark
[2026-04-03T02:48:27.757+0600][25.307s][info][gc,marking     ] GC(55) Concurrent Cleanup for Next Mark 0.298ms
[2026-04-03T02:48:27.757+0600][25.307s][info][gc             ] GC(55) Concurrent Undo Cycle 0.826ms
[2026-04-03T02:48:28.372+0600][25.922s][info][gc,start       ] GC(56) Pause Young (Concurrent Start) (G1 Humongous Allocation)
[2026-04-03T02:48:28.372+0600][25.922s][info][gc,task        ] GC(56) Using 10 workers of 10 for evacuation
[2026-04-03T02:48:28.379+0600][25.929s][info][gc,phases      ] GC(56)   Pre Evacuate Collection Set: 0.54ms
[2026-04-03T02:48:28.379+0600][25.929s][info][gc,phases      ] GC(56)   Merge Heap Roots: 0.28ms
[2026-04-03T02:48:28.379+0600][25.929s][info][gc,phases      ] GC(56)   Evacuate Collection Set: 4.78ms
[2026-04-03T02:48:28.379+0600][25.929s][info][gc,phases      ] GC(56)   Post Evacuate Collection Set: 1.29ms
[2026-04-03T02:48:28.380+0600][25.929s][info][gc,phases      ] GC(56)   Other: 0.17ms
[2026-04-03T02:48:28.380+0600][25.929s][info][gc,heap        ] GC(56) Eden regions: 242->0(440)
[2026-04-03T02:48:28.380+0600][25.929s][info][gc,heap        ] GC(56) Survivor regions: 8->8(56)
[2026-04-03T02:48:28.380+0600][25.929s][info][gc,heap        ] GC(56) Old regions: 74->74
[2026-04-03T02:48:28.380+0600][25.929s][info][gc,heap        ] GC(56) Humongous regions: 87->8
[2026-04-03T02:48:28.380+0600][25.929s][info][gc,metaspace   ] GC(56) Metaspace: 128766K(130240K)->128766K(130240K) NonClass: 112270K(113088K)->112270K(113088K) Class: 16496K(17152K)->16496K(17152K)
[2026-04-03T02:48:28.380+0600][25.929s][info][gc             ] GC(56) Pause Young (Concurrent Start) (G1 Humongous Allocation) 405M->85M(748M) 7.379ms
[2026-04-03T02:48:28.380+0600][25.929s][info][gc             ] GC(57) Concurrent Undo Cycle
[2026-04-03T02:48:28.380+0600][25.929s][info][gc,cpu         ] GC(56) User=0.06s Sys=0.00s Real=0.01s
[2026-04-03T02:48:28.380+0600][25.930s][info][gc,marking     ] GC(57) Concurrent Clear Claimed Marks
[2026-04-03T02:48:28.380+0600][25.930s][info][gc,marking     ] GC(57) Concurrent Clear Claimed Marks 0.281ms
[2026-04-03T02:48:28.380+0600][25.930s][info][gc,marking     ] GC(57) Concurrent Cleanup for Next Mark
[2026-04-03T02:48:28.380+0600][25.930s][info][gc,marking     ] GC(57) Concurrent Cleanup for Next Mark 0.266ms
[2026-04-03T02:48:28.380+0600][25.930s][info][gc             ] GC(57) Concurrent Undo Cycle 0.710ms
[2026-04-03T02:48:28.599+0600][26.148s][info][gc,start       ] GC(58) Pause Young (Concurrent Start) (G1 Humongous Allocation)
[2026-04-03T02:48:28.599+0600][26.148s][info][gc,task        ] GC(58) Using 10 workers of 10 for evacuation
[2026-04-03T02:48:28.605+0600][26.155s][info][gc,phases      ] GC(58)   Pre Evacuate Collection Set: 0.55ms
[2026-04-03T02:48:28.605+0600][26.155s][info][gc,phases      ] GC(58)   Merge Heap Roots: 0.22ms
[2026-04-03T02:48:28.605+0600][26.155s][info][gc,phases      ] GC(58)   Evacuate Collection Set: 4.73ms
[2026-04-03T02:48:28.605+0600][26.155s][info][gc,phases      ] GC(58)   Post Evacuate Collection Set: 0.97ms
[2026-04-03T02:48:28.605+0600][26.155s][info][gc,phases      ] GC(58)   Other: 0.16ms
[2026-04-03T02:48:28.605+0600][26.155s][info][gc,heap        ] GC(58) Eden regions: 107->0(440)
[2026-04-03T02:48:28.605+0600][26.155s][info][gc,heap        ] GC(58) Survivor regions: 8->8(56)
[2026-04-03T02:48:28.605+0600][26.155s][info][gc,heap        ] GC(58) Old regions: 74->74
[2026-04-03T02:48:28.605+0600][26.155s][info][gc,heap        ] GC(58) Humongous regions: 92->10
[2026-04-03T02:48:28.605+0600][26.155s][info][gc,metaspace   ] GC(58) Metaspace: 128919K(130368K)->128919K(130368K) NonClass: 112422K(113216K)->112422K(113216K) Class: 16496K(17152K)->16496K(17152K)
[2026-04-03T02:48:28.606+0600][26.155s][info][gc             ] GC(58) Pause Young (Concurrent Start) (G1 Humongous Allocation) 276M->87M(748M) 6.977ms
[2026-04-03T02:48:28.606+0600][26.155s][info][gc             ] GC(59) Concurrent Undo Cycle
[2026-04-03T02:48:28.606+0600][26.155s][info][gc,cpu         ] GC(58) User=0.06s Sys=0.00s Real=0.01s
[2026-04-03T02:48:28.606+0600][26.155s][info][gc,marking     ] GC(59) Concurrent Clear Claimed Marks
[2026-04-03T02:48:28.606+0600][26.156s][info][gc,marking     ] GC(59) Concurrent Clear Claimed Marks 0.324ms
[2026-04-03T02:48:28.606+0600][26.156s][info][gc,marking     ] GC(59) Concurrent Cleanup for Next Mark
[2026-04-03T02:48:28.606+0600][26.156s][info][gc,marking     ] GC(59) Concurrent Cleanup for Next Mark 0.302ms
[2026-04-03T02:48:28.606+0600][26.156s][info][gc             ] GC(59) Concurrent Undo Cycle 0.868ms
[2026-04-03T02:48:28.809+0600][26.358s][info][gc,start       ] GC(60) Pause Young (Concurrent Start) (G1 Humongous Allocation)
[2026-04-03T02:48:28.809+0600][26.358s][info][gc,task        ] GC(60) Using 10 workers of 10 for evacuation
[2026-04-03T02:48:28.814+0600][26.364s][info][gc,phases      ] GC(60)   Pre Evacuate Collection Set: 0.57ms
[2026-04-03T02:48:28.814+0600][26.364s][info][gc,phases      ] GC(60)   Merge Heap Roots: 0.16ms
[2026-04-03T02:48:28.814+0600][26.364s][info][gc,phases      ] GC(60)   Evacuate Collection Set: 3.64ms
[2026-04-03T02:48:28.814+0600][26.364s][info][gc,phases      ] GC(60)   Post Evacuate Collection Set: 1.12ms
[2026-04-03T02:48:28.814+0600][26.364s][info][gc,phases      ] GC(60)   Other: 0.13ms
[2026-04-03T02:48:28.815+0600][26.364s][info][gc,heap        ] GC(60) Eden regions: 111->0(440)
[2026-04-03T02:48:28.815+0600][26.364s][info][gc,heap        ] GC(60) Survivor regions: 8->8(56)
[2026-04-03T02:48:28.815+0600][26.364s][info][gc,heap        ] GC(60) Old regions: 74->74
[2026-04-03T02:48:28.815+0600][26.364s][info][gc,heap        ] GC(60) Humongous regions: 94->10
[2026-04-03T02:48:28.815+0600][26.364s][info][gc,metaspace   ] GC(60) Metaspace: 129048K(130496K)->129048K(130496K) NonClass: 112551K(113344K)->112551K(113344K) Class: 16497K(17152K)->16497K(17152K)
[2026-04-03T02:48:28.815+0600][26.364s][info][gc             ] GC(60) Pause Young (Concurrent Start) (G1 Humongous Allocation) 282M->87M(748M) 5.981ms
[2026-04-03T02:48:28.815+0600][26.364s][info][gc             ] GC(61) Concurrent Undo Cycle
[2026-04-03T02:48:28.815+0600][26.364s][info][gc,cpu         ] GC(60) User=0.04s Sys=0.00s Real=0.01s
[2026-04-03T02:48:28.815+0600][26.364s][info][gc,marking     ] GC(61) Concurrent Clear Claimed Marks
[2026-04-03T02:48:28.815+0600][26.365s][info][gc,marking     ] GC(61) Concurrent Clear Claimed Marks 0.308ms
[2026-04-03T02:48:28.815+0600][26.365s][info][gc,marking     ] GC(61) Concurrent Cleanup for Next Mark
[2026-04-03T02:48:28.816+0600][26.365s][info][gc,marking     ] GC(61) Concurrent Cleanup for Next Mark 0.466ms
[2026-04-03T02:48:28.816+0600][26.365s][info][gc             ] GC(61) Concurrent Undo Cycle 1.104ms
[2026-04-03T02:48:29.013+0600][26.563s][info][gc,start       ] GC(62) Pause Young (Concurrent Start) (G1 Humongous Allocation)
[2026-04-03T02:48:29.014+0600][26.563s][info][gc,task        ] GC(62) Using 10 workers of 10 for evacuation
[2026-04-03T02:48:29.021+0600][26.571s][info][gc,phases      ] GC(62)   Pre Evacuate Collection Set: 0.52ms
[2026-04-03T02:48:29.021+0600][26.571s][info][gc,phases      ] GC(62)   Merge Heap Roots: 0.19ms
[2026-04-03T02:48:29.021+0600][26.571s][info][gc,phases      ] GC(62)   Evacuate Collection Set: 5.78ms
[2026-04-03T02:48:29.021+0600][26.571s][info][gc,phases      ] GC(62)   Post Evacuate Collection Set: 0.94ms
[2026-04-03T02:48:29.021+0600][26.571s][info][gc,phases      ] GC(62)   Other: 0.19ms
[2026-04-03T02:48:29.021+0600][26.571s][info][gc,heap        ] GC(62) Eden regions: 113->0(440)
[2026-04-03T02:48:29.021+0600][26.571s][info][gc,heap        ] GC(62) Survivor regions: 8->8(56)
[2026-04-03T02:48:29.021+0600][26.571s][info][gc,heap        ] GC(62) Old regions: 74->74
[2026-04-03T02:48:29.021+0600][26.571s][info][gc,heap        ] GC(62) Humongous regions: 96->8
[2026-04-03T02:48:29.021+0600][26.571s][info][gc,metaspace   ] GC(62) Metaspace: 129116K(130560K)->129116K(130560K) NonClass: 112616K(113408K)->112616K(113408K) Class: 16499K(17152K)->16499K(17152K)
[2026-04-03T02:48:29.021+0600][26.571s][info][gc             ] GC(62) Pause Young (Concurrent Start) (G1 Humongous Allocation) 285M->85M(748M) 7.946ms
[2026-04-03T02:48:29.021+0600][26.571s][info][gc             ] GC(63) Concurrent Undo Cycle
[2026-04-03T02:48:29.022+0600][26.571s][info][gc,cpu         ] GC(62) User=0.06s Sys=0.00s Real=0.01s
[2026-04-03T02:48:29.022+0600][26.571s][info][gc,marking     ] GC(63) Concurrent Clear Claimed Marks
[2026-04-03T02:48:29.022+0600][26.572s][info][gc,marking     ] GC(63) Concurrent Clear Claimed Marks 0.386ms
[2026-04-03T02:48:29.022+0600][26.572s][info][gc,marking     ] GC(63) Concurrent Cleanup for Next Mark
[2026-04-03T02:48:29.023+0600][26.573s][info][gc,marking     ] GC(63) Concurrent Cleanup for Next Mark 0.947ms
[2026-04-03T02:48:29.023+0600][26.573s][info][gc             ] GC(63) Concurrent Undo Cycle 1.624ms
[2026-04-03T02:48:29.226+0600][26.775s][info][gc,start       ] GC(64) Pause Young (Concurrent Start) (G1 Humongous Allocation)
[2026-04-03T02:48:29.226+0600][26.775s][info][gc,task        ] GC(64) Using 10 workers of 10 for evacuation
[2026-04-03T02:48:29.231+0600][26.781s][info][gc,phases      ] GC(64)   Pre Evacuate Collection Set: 0.62ms
[2026-04-03T02:48:29.231+0600][26.781s][info][gc,phases      ] GC(64)   Merge Heap Roots: 0.14ms
[2026-04-03T02:48:29.231+0600][26.781s][info][gc,phases      ] GC(64)   Evacuate Collection Set: 2.96ms
[2026-04-03T02:48:29.231+0600][26.781s][info][gc,phases      ] GC(64)   Post Evacuate Collection Set: 1.28ms
[2026-04-03T02:48:29.231+0600][26.781s][info][gc,phases      ] GC(64)   Other: 0.30ms
[2026-04-03T02:48:29.231+0600][26.781s][info][gc,heap        ] GC(64) Eden regions: 117->0(440)
[2026-04-03T02:48:29.231+0600][26.781s][info][gc,heap        ] GC(64) Survivor regions: 8->8(56)
[2026-04-03T02:48:29.231+0600][26.781s][info][gc,heap        ] GC(64) Old regions: 74->74
[2026-04-03T02:48:29.231+0600][26.781s][info][gc,heap        ] GC(64) Humongous regions: 98->8
[2026-04-03T02:48:29.231+0600][26.781s][info][gc,metaspace   ] GC(64) Metaspace: 129238K(130688K)->129238K(130688K) NonClass: 112738K(113536K)->112738K(113536K) Class: 16499K(17152K)->16499K(17152K)
[2026-04-03T02:48:29.231+0600][26.781s][info][gc             ] GC(64) Pause Young (Concurrent Start) (G1 Humongous Allocation) 292M->85M(748M) 5.622ms
[2026-04-03T02:48:29.231+0600][26.781s][info][gc             ] GC(65) Concurrent Undo Cycle
[2026-04-03T02:48:29.231+0600][26.781s][info][gc,cpu         ] GC(64) User=0.04s Sys=0.01s Real=0.01s
[2026-04-03T02:48:29.231+0600][26.781s][info][gc,marking     ] GC(65) Concurrent Clear Claimed Marks
[2026-04-03T02:48:29.232+0600][26.781s][info][gc,marking     ] GC(65) Concurrent Clear Claimed Marks 0.281ms
[2026-04-03T02:48:29.232+0600][26.781s][info][gc,marking     ] GC(65) Concurrent Cleanup for Next Mark
[2026-04-03T02:48:29.232+0600][26.782s][info][gc,marking     ] GC(65) Concurrent Cleanup for Next Mark 0.415ms
[2026-04-03T02:48:29.232+0600][26.782s][info][gc             ] GC(65) Concurrent Undo Cycle 0.863ms
[2026-04-03T02:48:29.543+0600][27.093s][info][gc,start       ] GC(66) Pause Young (Concurrent Start) (G1 Humongous Allocation)
[2026-04-03T02:48:29.543+0600][27.093s][info][gc,task        ] GC(66) Using 10 workers of 10 for evacuation
[2026-04-03T02:48:29.548+0600][27.098s][info][gc,phases      ] GC(66)   Pre Evacuate Collection Set: 0.34ms
[2026-04-03T02:48:29.567+0600][27.117s][info][gc,phases      ] GC(66)   Merge Heap Roots: 0.13ms
[2026-04-03T02:48:29.567+0600][27.117s][info][gc,phases      ] GC(66)   Evacuate Collection Set: 3.31ms
[2026-04-03T02:48:29.567+0600][27.117s][info][gc,phases      ] GC(66)   Post Evacuate Collection Set: 1.16ms
[2026-04-03T02:48:29.567+0600][27.117s][info][gc,phases      ] GC(66)   Other: 0.19ms
[2026-04-03T02:48:29.567+0600][27.117s][info][gc,heap        ] GC(66) Eden regions: 161->0(439)
[2026-04-03T02:48:29.567+0600][27.117s][info][gc,heap        ] GC(66) Survivor regions: 8->9(56)
[2026-04-03T02:48:29.567+0600][27.117s][info][gc,heap        ] GC(66) Old regions: 74->74
[2026-04-03T02:48:29.567+0600][27.117s][info][gc,heap        ] GC(66) Humongous regions: 99->8
[2026-04-03T02:48:29.567+0600][27.117s][info][gc,metaspace   ] GC(66) Metaspace: 129422K(130880K)->129422K(130880K) NonClass: 112910K(113728K)->112910K(113728K) Class: 16512K(17152K)->16512K(17152K)
[2026-04-03T02:48:29.567+0600][27.117s][info][gc             ] GC(66) Pause Young (Concurrent Start) (G1 Humongous Allocation) 336M->86M(748M) 24.001ms
[2026-04-03T02:48:29.567+0600][27.117s][info][gc             ] GC(67) Concurrent Undo Cycle
[2026-04-03T02:48:29.567+0600][27.117s][info][gc,cpu         ] GC(66) User=0.04s Sys=0.00s Real=0.02s
[2026-04-03T02:48:29.568+0600][27.117s][info][gc,marking     ] GC(67) Concurrent Clear Claimed Marks
[2026-04-03T02:48:29.568+0600][27.118s][info][gc,marking     ] GC(67) Concurrent Clear Claimed Marks 0.510ms
[2026-04-03T02:48:29.568+0600][27.118s][info][gc,marking     ] GC(67) Concurrent Cleanup for Next Mark
[2026-04-03T02:48:29.569+0600][27.118s][info][gc,marking     ] GC(67) Concurrent Cleanup for Next Mark 0.519ms
[2026-04-03T02:48:29.569+0600][27.119s][info][gc             ] GC(67) Concurrent Undo Cycle 1.479ms
[2026-04-03T02:48:30.227+0600][27.777s][info][gc,start       ] GC(68) Pause Young (Concurrent Start) (G1 Humongous Allocation)
[2026-04-03T02:48:30.227+0600][27.777s][info][gc,task        ] GC(68) Using 10 workers of 10 for evacuation
[2026-04-03T02:48:30.234+0600][27.783s][info][gc,phases      ] GC(68)   Pre Evacuate Collection Set: 0.43ms
[2026-04-03T02:48:30.234+0600][27.784s][info][gc,phases      ] GC(68)   Merge Heap Roots: 0.25ms
[2026-04-03T02:48:30.234+0600][27.784s][info][gc,phases      ] GC(68)   Evacuate Collection Set: 4.43ms
[2026-04-03T02:48:30.234+0600][27.784s][info][gc,phases      ] GC(68)   Post Evacuate Collection Set: 1.11ms
[2026-04-03T02:48:30.234+0600][27.784s][info][gc,phases      ] GC(68)   Other: 0.31ms
[2026-04-03T02:48:30.234+0600][27.784s][info][gc,heap        ] GC(68) Eden regions: 294->0(440)
[2026-04-03T02:48:30.234+0600][27.784s][info][gc,heap        ] GC(68) Survivor regions: 9->8(56)
[2026-04-03T02:48:30.234+0600][27.784s][info][gc,heap        ] GC(68) Old regions: 74->75
[2026-04-03T02:48:30.234+0600][27.784s][info][gc,heap        ] GC(68) Humongous regions: 105->8
[2026-04-03T02:48:30.234+0600][27.784s][info][gc,metaspace   ] GC(68) Metaspace: 129903K(131392K)->129903K(131392K) NonClass: 113316K(114112K)->113316K(114112K) Class: 16587K(17280K)->16587K(17280K)
[2026-04-03T02:48:30.234+0600][27.784s][info][gc             ] GC(68) Pause Young (Concurrent Start) (G1 Humongous Allocation) 477M->86M(748M) 6.891ms
[2026-04-03T02:48:30.234+0600][27.784s][info][gc             ] GC(69) Concurrent Undo Cycle
[2026-04-03T02:48:30.234+0600][27.784s][info][gc,cpu         ] GC(68) User=0.04s Sys=0.01s Real=0.01s
[2026-04-03T02:48:30.234+0600][27.784s][info][gc,marking     ] GC(69) Concurrent Clear Claimed Marks
[2026-04-03T02:48:30.235+0600][27.784s][info][gc,marking     ] GC(69) Concurrent Clear Claimed Marks 0.335ms
[2026-04-03T02:48:30.235+0600][27.784s][info][gc,marking     ] GC(69) Concurrent Cleanup for Next Mark
[2026-04-03T02:48:30.235+0600][27.785s][info][gc,marking     ] GC(69) Concurrent Cleanup for Next Mark 0.329ms
[2026-04-03T02:48:30.235+0600][27.785s][info][gc             ] GC(69) Concurrent Undo Cycle 0.891ms
[2026-04-03T02:48:30.387+0600][27.937s][info][gc,start       ] GC(70) Pause Young (Concurrent Start) (G1 Humongous Allocation)
[2026-04-03T02:48:30.387+0600][27.937s][info][gc,task        ] GC(70) Using 10 workers of 10 for evacuation
[2026-04-03T02:48:30.394+0600][27.944s][info][gc,phases      ] GC(70)   Pre Evacuate Collection Set: 0.63ms
[2026-04-03T02:48:30.394+0600][27.944s][info][gc,phases      ] GC(70)   Merge Heap Roots: 0.19ms
[2026-04-03T02:48:30.394+0600][27.944s][info][gc,phases      ] GC(70)   Evacuate Collection Set: 3.90ms
[2026-04-03T02:48:30.394+0600][27.944s][info][gc,phases      ] GC(70)   Post Evacuate Collection Set: 1.48ms
[2026-04-03T02:48:30.394+0600][27.944s][info][gc,phases      ] GC(70)   Other: 0.32ms
[2026-04-03T02:48:30.394+0600][27.944s][info][gc,heap        ] GC(70) Eden regions: 53->0(438)
[2026-04-03T02:48:30.394+0600][27.944s][info][gc,heap        ] GC(70) Survivor regions: 8->10(56)
[2026-04-03T02:48:30.394+0600][27.944s][info][gc,heap        ] GC(70) Old regions: 75->75
[2026-04-03T02:48:30.394+0600][27.944s][info][gc,heap        ] GC(70) Humongous regions: 105->13
[2026-04-03T02:48:30.394+0600][27.944s][info][gc,metaspace   ] GC(70) Metaspace: 129948K(131456K)->129948K(131456K) NonClass: 113361K(114176K)->113361K(114176K) Class: 16587K(17280K)->16587K(17280K)
[2026-04-03T02:48:30.394+0600][27.944s][info][gc             ] GC(70) Pause Young (Concurrent Start) (G1 Humongous Allocation) 236M->94M(748M) 6.879ms
[2026-04-03T02:48:30.394+0600][27.944s][info][gc             ] GC(71) Concurrent Undo Cycle
[2026-04-03T02:48:30.394+0600][27.944s][info][gc,cpu         ] GC(70) User=0.05s Sys=0.00s Real=0.01s
[2026-04-03T02:48:30.394+0600][27.944s][info][gc,marking     ] GC(71) Concurrent Clear Claimed Marks
[2026-04-03T02:48:30.395+0600][27.944s][info][gc,marking     ] GC(71) Concurrent Clear Claimed Marks 0.406ms
[2026-04-03T02:48:30.395+0600][27.944s][info][gc,marking     ] GC(71) Concurrent Cleanup for Next Mark
[2026-04-03T02:48:30.396+0600][27.945s][info][gc,marking     ] GC(71) Concurrent Cleanup for Next Mark 0.929ms
[2026-04-03T02:48:30.396+0600][27.945s][info][gc             ] GC(71) Concurrent Undo Cycle 1.587ms
[2026-04-03T02:48:30.404+0600][27.953s][info][gc,start       ] GC(72) Pause Young (Concurrent Start) (G1 Humongous Allocation)
[2026-04-03T02:48:30.404+0600][27.954s][info][gc,task        ] GC(72) Using 10 workers of 10 for evacuation
[2026-04-03T02:48:30.410+0600][27.960s][info][gc,phases      ] GC(72)   Pre Evacuate Collection Set: 0.64ms
[2026-04-03T02:48:30.410+0600][27.960s][info][gc,phases      ] GC(72)   Merge Heap Roots: 0.14ms
[2026-04-03T02:48:30.410+0600][27.960s][info][gc,phases      ] GC(72)   Evacuate Collection Set: 4.13ms
[2026-04-03T02:48:30.410+0600][27.960s][info][gc,phases      ] GC(72)   Post Evacuate Collection Set: 1.04ms
[2026-04-03T02:48:30.410+0600][27.960s][info][gc,phases      ] GC(72)   Other: 0.20ms
[2026-04-03T02:48:30.410+0600][27.960s][info][gc,heap        ] GC(72) Eden regions: 10->0(437)
[2026-04-03T02:48:30.410+0600][27.960s][info][gc,heap        ] GC(72) Survivor regions: 10->11(56)
[2026-04-03T02:48:30.410+0600][27.960s][info][gc,heap        ] GC(72) Old regions: 75->75
[2026-04-03T02:48:30.410+0600][27.960s][info][gc,heap        ] GC(72) Humongous regions: 103->13
[2026-04-03T02:48:30.410+0600][27.960s][info][gc,metaspace   ] GC(72) Metaspace: 129948K(131456K)->129948K(131456K) NonClass: 113361K(114176K)->113361K(114176K) Class: 16587K(17280K)->16587K(17280K)
[2026-04-03T02:48:30.410+0600][27.960s][info][gc             ] GC(72) Pause Young (Concurrent Start) (G1 Humongous Allocation) 194M->94M(748M) 6.501ms
[2026-04-03T02:48:30.410+0600][27.960s][info][gc             ] GC(73) Concurrent Undo Cycle
[2026-04-03T02:48:30.410+0600][27.960s][info][gc,cpu         ] GC(72) User=0.04s Sys=0.01s Real=0.01s
[2026-04-03T02:48:30.410+0600][27.960s][info][gc,marking     ] GC(73) Concurrent Clear Claimed Marks
[2026-04-03T02:48:30.411+0600][27.961s][info][gc,marking     ] GC(73) Concurrent Clear Claimed Marks 0.351ms
[2026-04-03T02:48:30.411+0600][27.961s][info][gc,marking     ] GC(73) Concurrent Cleanup for Next Mark
[2026-04-03T02:48:30.411+0600][27.961s][info][gc,marking     ] GC(73) Concurrent Cleanup for Next Mark 0.365ms
[2026-04-03T02:48:30.411+0600][27.961s][info][gc             ] GC(73) Concurrent Undo Cycle 0.921ms
[2026-04-03T02:48:30.421+0600][27.970s][info][gc,start       ] GC(74) Pause Young (Concurrent Start) (G1 Humongous Allocation)
[2026-04-03T02:48:30.421+0600][27.970s][info][gc,task        ] GC(74) Using 10 workers of 10 for evacuation
[2026-04-03T02:48:30.426+0600][27.976s][info][gc,phases      ] GC(74)   Pre Evacuate Collection Set: 0.59ms
[2026-04-03T02:48:30.426+0600][27.976s][info][gc,phases      ] GC(74)   Merge Heap Roots: 0.10ms
[2026-04-03T02:48:30.426+0600][27.976s][info][gc,phases      ] GC(74)   Evacuate Collection Set: 3.87ms
[2026-04-03T02:48:30.426+0600][27.976s][info][gc,phases      ] GC(74)   Post Evacuate Collection Set: 0.94ms
[2026-04-03T02:48:30.426+0600][27.976s][info][gc,phases      ] GC(74)   Other: 0.22ms
[2026-04-03T02:48:30.427+0600][27.976s][info][gc,heap        ] GC(74) Eden regions: 9->0(437)
[2026-04-03T02:48:30.427+0600][27.976s][info][gc,heap        ] GC(74) Survivor regions: 11->11(56)
[2026-04-03T02:48:30.427+0600][27.976s][info][gc,heap        ] GC(74) Old regions: 75->76
[2026-04-03T02:48:30.427+0600][27.976s][info][gc,heap        ] GC(74) Humongous regions: 108->13
[2026-04-03T02:48:30.427+0600][27.976s][info][gc,metaspace   ] GC(74) Metaspace: 129951K(131456K)->129951K(131456K) NonClass: 113363K(114176K)->113363K(114176K) Class: 16587K(17280K)->16587K(17280K)
[2026-04-03T02:48:30.427+0600][27.976s][info][gc             ] GC(74) Pause Young (Concurrent Start) (G1 Humongous Allocation) 197M->94M(748M) 6.080ms
[2026-04-03T02:48:30.427+0600][27.976s][info][gc             ] GC(75) Concurrent Undo Cycle
[2026-04-03T02:48:30.427+0600][27.976s][info][gc,cpu         ] GC(74) User=0.05s Sys=0.00s Real=0.00s
[2026-04-03T02:48:30.427+0600][27.976s][info][gc,marking     ] GC(75) Concurrent Clear Claimed Marks
[2026-04-03T02:48:30.427+0600][27.977s][info][gc,marking     ] GC(75) Concurrent Clear Claimed Marks 0.315ms
[2026-04-03T02:48:30.427+0600][27.977s][info][gc,marking     ] GC(75) Concurrent Cleanup for Next Mark
[2026-04-03T02:48:30.428+0600][27.977s][info][gc,marking     ] GC(75) Concurrent Cleanup for Next Mark 0.349ms
[2026-04-03T02:48:30.428+0600][27.977s][info][gc             ] GC(75) Concurrent Undo Cycle 0.887ms
[2026-04-03T02:48:30.543+0600][28.093s][info][gc,start       ] GC(76) Pause Young (Concurrent Start) (G1 Humongous Allocation)
[2026-04-03T02:48:30.543+0600][28.093s][info][gc,task        ] GC(76) Using 10 workers of 10 for evacuation
[2026-04-03T02:48:30.549+0600][28.098s][info][gc,phases      ] GC(76)   Pre Evacuate Collection Set: 0.47ms
[2026-04-03T02:48:30.549+0600][28.099s][info][gc,phases      ] GC(76)   Merge Heap Roots: 0.13ms
[2026-04-03T02:48:30.549+0600][28.099s][info][gc,phases      ] GC(76)   Evacuate Collection Set: 3.90ms
[2026-04-03T02:48:30.549+0600][28.099s][info][gc,phases      ] GC(76)   Post Evacuate Collection Set: 1.00ms
[2026-04-03T02:48:30.549+0600][28.099s][info][gc,phases      ] GC(76)   Other: 0.17ms
[2026-04-03T02:48:30.549+0600][28.099s][info][gc,heap        ] GC(76) Eden regions: 35->0(441)
[2026-04-03T02:48:30.549+0600][28.099s][info][gc,heap        ] GC(76) Survivor regions: 11->7(56)
[2026-04-03T02:48:30.549+0600][28.099s][info][gc,heap        ] GC(76) Old regions: 76->78
[2026-04-03T02:48:30.549+0600][28.099s][info][gc,heap        ] GC(76) Humongous regions: 108->8
[2026-04-03T02:48:30.549+0600][28.099s][info][gc,metaspace   ] GC(76) Metaspace: 129989K(131520K)->129989K(131520K) NonClass: 113402K(114240K)->113402K(114240K) Class: 16587K(17280K)->16587K(17280K)
[2026-04-03T02:48:30.549+0600][28.099s][info][gc             ] GC(76) Pause Young (Concurrent Start) (G1 Humongous Allocation) 224M->87M(748M) 5.997ms
[2026-04-03T02:48:30.549+0600][28.099s][info][gc,cpu         ] GC(76) User=0.05s Sys=0.00s Real=0.00s
[2026-04-03T02:48:30.549+0600][28.099s][info][gc             ] GC(77) Concurrent Undo Cycle
[2026-04-03T02:48:30.549+0600][28.099s][info][gc,marking     ] GC(77) Concurrent Clear Claimed Marks
[2026-04-03T02:48:30.550+0600][28.099s][info][gc,marking     ] GC(77) Concurrent Clear Claimed Marks 0.391ms
[2026-04-03T02:48:30.550+0600][28.099s][info][gc,marking     ] GC(77) Concurrent Cleanup for Next Mark
[2026-04-03T02:48:30.550+0600][28.100s][info][gc,marking     ] GC(77) Concurrent Cleanup for Next Mark 0.355ms
[2026-04-03T02:48:30.550+0600][28.100s][info][gc             ] GC(77) Concurrent Undo Cycle 0.995ms
[2026-04-03T02:48:30.602+0600][28.152s][info][gc,start       ] GC(78) Pause Young (Concurrent Start) (G1 Humongous Allocation)
[2026-04-03T02:48:30.602+0600][28.152s][info][gc,task        ] GC(78) Using 10 workers of 10 for evacuation
[2026-04-03T02:48:30.607+0600][28.156s][info][gc,phases      ] GC(78)   Pre Evacuate Collection Set: 0.40ms
[2026-04-03T02:48:30.607+0600][28.157s][info][gc,phases      ] GC(78)   Merge Heap Roots: 0.18ms
[2026-04-03T02:48:30.607+0600][28.157s][info][gc,phases      ] GC(78)   Evacuate Collection Set: 2.67ms
[2026-04-03T02:48:30.607+0600][28.157s][info][gc,phases      ] GC(78)   Post Evacuate Collection Set: 0.96ms
[2026-04-03T02:48:30.607+0600][28.157s][info][gc,phases      ] GC(78)   Other: 0.33ms
[2026-04-03T02:48:30.607+0600][28.157s][info][gc,heap        ] GC(78) Eden regions: 19->0(440)
[2026-04-03T02:48:30.607+0600][28.157s][info][gc,heap        ] GC(78) Survivor regions: 7->8(56)
[2026-04-03T02:48:30.607+0600][28.157s][info][gc,heap        ] GC(78) Old regions: 78->78
[2026-04-03T02:48:30.607+0600][28.157s][info][gc,heap        ] GC(78) Humongous regions: 107->23
[2026-04-03T02:48:30.607+0600][28.157s][info][gc,metaspace   ] GC(78) Metaspace: 129996K(131520K)->129996K(131520K) NonClass: 113409K(114240K)->113409K(114240K) Class: 16587K(17280K)->16587K(17280K)
[2026-04-03T02:48:30.607+0600][28.157s][info][gc             ] GC(78) Pause Young (Concurrent Start) (G1 Humongous Allocation) 205M->104M(748M) 4.849ms
[2026-04-03T02:48:30.607+0600][28.157s][info][gc,cpu         ] GC(78) User=0.03s Sys=0.00s Real=0.00s
[2026-04-03T02:48:30.607+0600][28.157s][info][gc             ] GC(79) Concurrent Undo Cycle
[2026-04-03T02:48:30.607+0600][28.157s][info][gc,marking     ] GC(79) Concurrent Clear Claimed Marks
[2026-04-03T02:48:30.608+0600][28.157s][info][gc,marking     ] GC(79) Concurrent Clear Claimed Marks 0.282ms
[2026-04-03T02:48:30.608+0600][28.157s][info][gc,marking     ] GC(79) Concurrent Cleanup for Next Mark
[2026-04-03T02:48:30.608+0600][28.158s][info][gc,marking     ] GC(79) Concurrent Cleanup for Next Mark 0.334ms
[2026-04-03T02:48:30.608+0600][28.158s][info][gc             ] GC(79) Concurrent Undo Cycle 0.890ms
[2026-04-03T02:48:30.608+0600][28.158s][info][gc,start       ] GC(80) Pause Young (Concurrent Start) (G1 Humongous Allocation)
[2026-04-03T02:48:30.609+0600][28.158s][info][gc,task        ] GC(80) Using 10 workers of 10 for evacuation
[2026-04-03T02:48:30.613+0600][28.163s][info][gc,phases      ] GC(80)   Pre Evacuate Collection Set: 0.42ms
[2026-04-03T02:48:30.613+0600][28.163s][info][gc,phases      ] GC(80)   Merge Heap Roots: 0.19ms
[2026-04-03T02:48:30.613+0600][28.163s][info][gc,phases      ] GC(80)   Evacuate Collection Set: 2.68ms
[2026-04-03T02:48:30.613+0600][28.163s][info][gc,phases      ] GC(80)   Post Evacuate Collection Set: 1.13ms
[2026-04-03T02:48:30.613+0600][28.163s][info][gc,phases      ] GC(80)   Other: 0.24ms
[2026-04-03T02:48:30.613+0600][28.163s][info][gc,heap        ] GC(80) Eden regions: 2->0(438)
[2026-04-03T02:48:30.613+0600][28.163s][info][gc,heap        ] GC(80) Survivor regions: 8->8(56)
[2026-04-03T02:48:30.613+0600][28.163s][info][gc,heap        ] GC(80) Old regions: 78->78
[2026-04-03T02:48:30.613+0600][28.163s][info][gc,heap        ] GC(80) Humongous regions: 28->13
[2026-04-03T02:48:30.613+0600][28.163s][info][gc,metaspace   ] GC(80) Metaspace: 129997K(131520K)->129997K(131520K) NonClass: 113409K(114240K)->113409K(114240K) Class: 16587K(17280K)->16587K(17280K)
[2026-04-03T02:48:30.613+0600][28.163s][info][gc             ] GC(80) Pause Young (Concurrent Start) (G1 Humongous Allocation) 111M->95M(748M) 5.073ms
[2026-04-03T02:48:30.614+0600][28.163s][info][gc             ] GC(81) Concurrent Undo Cycle
[2026-04-03T02:48:30.614+0600][28.163s][info][gc,cpu         ] GC(80) User=0.03s Sys=0.00s Real=0.01s
[2026-04-03T02:48:30.614+0600][28.163s][info][gc,marking     ] GC(81) Concurrent Clear Claimed Marks
[2026-04-03T02:48:30.614+0600][28.164s][info][gc,marking     ] GC(81) Concurrent Clear Claimed Marks 0.434ms
[2026-04-03T02:48:30.614+0600][28.164s][info][gc,marking     ] GC(81) Concurrent Cleanup for Next Mark
[2026-04-03T02:48:30.615+0600][28.165s][info][gc,marking     ] GC(81) Concurrent Cleanup for Next Mark 0.624ms
[2026-04-03T02:48:30.615+0600][28.165s][info][gc             ] GC(81) Concurrent Undo Cycle 1.313ms
[2026-04-03T02:48:30.616+0600][28.166s][info][gc,start       ] GC(82) Pause Young (Concurrent Start) (G1 Humongous Allocation)
[2026-04-03T02:48:30.616+0600][28.166s][info][gc,task        ] GC(82) Using 10 workers of 10 for evacuation
[2026-04-03T02:48:30.625+0600][28.175s][info][gc,phases      ] GC(82)   Pre Evacuate Collection Set: 0.45ms
[2026-04-03T02:48:30.625+0600][28.175s][info][gc,phases      ] GC(82)   Merge Heap Roots: 0.22ms
[2026-04-03T02:48:30.625+0600][28.175s][info][gc,phases      ] GC(82)   Evacuate Collection Set: 2.72ms
[2026-04-03T02:48:30.625+0600][28.175s][info][gc,phases      ] GC(82)   Post Evacuate Collection Set: 5.66ms
[2026-04-03T02:48:30.625+0600][28.175s][info][gc,phases      ] GC(82)   Other: 0.26ms
[2026-04-03T02:48:30.626+0600][28.175s][info][gc,heap        ] GC(82) Eden regions: 2->0(704)
[2026-04-03T02:48:30.626+0600][28.175s][info][gc,heap        ] GC(82) Survivor regions: 8->8(56)
[2026-04-03T02:48:30.626+0600][28.175s][info][gc,heap        ] GC(82) Old regions: 78->78
[2026-04-03T02:48:30.626+0600][28.175s][info][gc,heap        ] GC(82) Humongous regions: 28->18
[2026-04-03T02:48:30.626+0600][28.175s][info][gc,metaspace   ] GC(82) Metaspace: 129997K(131520K)->129997K(131520K) NonClass: 113409K(114240K)->113409K(114240K) Class: 16587K(17280K)->16587K(17280K)
[2026-04-03T02:48:30.626+0600][28.175s][info][gc             ] GC(82) Pause Young (Concurrent Start) (G1 Humongous Allocation) 111M->100M(1249M) 9.605ms
[2026-04-03T02:48:30.626+0600][28.175s][info][gc,cpu         ] GC(82) User=0.03s Sys=0.00s Real=0.01s
[2026-04-03T02:48:30.626+0600][28.175s][info][gc             ] GC(83) Concurrent Undo Cycle
[2026-04-03T02:48:30.626+0600][28.176s][info][gc,marking     ] GC(83) Concurrent Clear Claimed Marks
[2026-04-03T02:48:30.626+0600][28.176s][info][gc,marking     ] GC(83) Concurrent Clear Claimed Marks 0.316ms
[2026-04-03T02:48:30.626+0600][28.176s][info][gc,marking     ] GC(83) Concurrent Cleanup for Next Mark
[2026-04-03T02:48:30.627+0600][28.176s][info][gc,marking     ] GC(83) Concurrent Cleanup for Next Mark 0.323ms
[2026-04-03T02:48:30.627+0600][28.176s][info][gc             ] GC(83) Concurrent Undo Cycle 0.828ms
[2026-04-03T02:48:30.627+0600][28.177s][info][gc,start       ] GC(84) Pause Young (Concurrent Start) (G1 Humongous Allocation)
[2026-04-03T02:48:30.627+0600][28.177s][info][gc,task        ] GC(84) Using 10 workers of 10 for evacuation
[2026-04-03T02:48:30.631+0600][28.181s][info][gc,phases      ] GC(84)   Pre Evacuate Collection Set: 0.37ms
[2026-04-03T02:48:30.631+0600][28.181s][info][gc,phases      ] GC(84)   Merge Heap Roots: 0.11ms
[2026-04-03T02:48:30.631+0600][28.181s][info][gc,phases      ] GC(84)   Evacuate Collection Set: 2.26ms
[2026-04-03T02:48:30.631+0600][28.181s][info][gc,phases      ] GC(84)   Post Evacuate Collection Set: 0.75ms
[2026-04-03T02:48:30.631+0600][28.181s][info][gc,phases      ] GC(84)   Other: 0.18ms
[2026-04-03T02:48:30.631+0600][28.181s][info][gc,heap        ] GC(84) Eden regions: 2->0(737)
[2026-04-03T02:48:30.631+0600][28.181s][info][gc,heap        ] GC(84) Survivor regions: 8->8(89)
[2026-04-03T02:48:30.631+0600][28.181s][info][gc,heap        ] GC(84) Old regions: 78->78
[2026-04-03T02:48:30.631+0600][28.181s][info][gc,heap        ] GC(84) Humongous regions: 28->18
[2026-04-03T02:48:30.631+0600][28.181s][info][gc,metaspace   ] GC(84) Metaspace: 129997K(131520K)->129997K(131520K) NonClass: 113409K(114240K)->113409K(114240K) Class: 16587K(17280K)->16587K(17280K)
[2026-04-03T02:48:30.631+0600][28.181s][info][gc             ] GC(84) Pause Young (Concurrent Start) (G1 Humongous Allocation) 111M->100M(1249M) 3.937ms
[2026-04-03T02:48:30.631+0600][28.181s][info][gc             ] GC(85) Concurrent Mark Cycle
[2026-04-03T02:48:30.632+0600][28.181s][info][gc,marking     ] GC(85) Concurrent Scan Root Regions
[2026-04-03T02:48:30.631+0600][28.181s][info][gc,cpu         ] GC(84) User=0.02s Sys=0.00s Real=0.01s
[2026-04-03T02:48:30.635+0600][28.184s][info][gc,marking     ] GC(85) Concurrent Scan Root Regions 3.020ms
[2026-04-03T02:48:30.635+0600][28.184s][info][gc,marking     ] GC(85) Concurrent Mark
[2026-04-03T02:48:30.635+0600][28.184s][info][gc,marking     ] GC(85) Concurrent Mark From Roots
[2026-04-03T02:48:30.635+0600][28.184s][info][gc,task        ] GC(85) Using 3 workers of 3 for marking
[2026-04-03T02:48:30.721+0600][28.270s][info][gc,marking     ] GC(85) Concurrent Mark From Roots 86.034ms
[2026-04-03T02:48:30.721+0600][28.270s][info][gc,marking     ] GC(85) Concurrent Preclean
[2026-04-03T02:48:30.721+0600][28.271s][info][gc,marking     ] GC(85) Concurrent Preclean 0.355ms
[2026-04-03T02:48:30.722+0600][28.271s][info][gc,start       ] GC(85) Pause Remark
[2026-04-03T02:48:30.749+0600][28.299s][info][gc             ] GC(85) Pause Remark 372M->372M(1070M) 27.849ms
[2026-04-03T02:48:30.750+0600][28.299s][info][gc,cpu         ] GC(85) User=0.21s Sys=0.00s Real=0.02s
[2026-04-03T02:48:30.750+0600][28.300s][info][gc,marking     ] GC(85) Concurrent Mark 115.434ms
[2026-04-03T02:48:30.750+0600][28.300s][info][gc,marking     ] GC(85) Concurrent Rebuild Remembered Sets and Scrub Regions
[2026-04-03T02:48:30.782+0600][28.331s][info][gc,marking     ] GC(85) Concurrent Rebuild Remembered Sets and Scrub Regions 31.445ms
[2026-04-03T02:48:30.782+0600][28.332s][info][gc,start       ] GC(85) Pause Cleanup
[2026-04-03T02:48:30.783+0600][28.332s][info][gc             ] GC(85) Pause Cleanup 390M->390M(1070M) 0.532ms
[2026-04-03T02:48:30.783+0600][28.333s][info][gc,cpu         ] GC(85) User=0.00s Sys=0.01s Real=0.00s
[2026-04-03T02:48:30.783+0600][28.333s][info][gc,marking     ] GC(85) Concurrent Clear Claimed Marks
[2026-04-03T02:48:30.784+0600][28.333s][info][gc,marking     ] GC(85) Concurrent Clear Claimed Marks 0.387ms
[2026-04-03T02:48:30.784+0600][28.333s][info][gc,marking     ] GC(85) Concurrent Cleanup for Next Mark
[2026-04-03T02:48:30.788+0600][28.337s][info][gc,marking     ] GC(85) Concurrent Cleanup for Next Mark 4.129ms
[2026-04-03T02:48:30.788+0600][28.338s][info][gc             ] GC(85) Concurrent Mark Cycle 156.372ms
[2026-04-03T02:48:31.731+0600][29.280s][info][gc,start       ] GC(86) Pause Young (Prepare Mixed) (GCLocker Initiated GC)
[2026-04-03T02:48:31.731+0600][29.281s][info][gc,task        ] GC(86) Using 10 workers of 10 for evacuation
[2026-04-03T02:48:31.739+0600][29.288s][info][gc,phases      ] GC(86)   Pre Evacuate Collection Set: 0.54ms
[2026-04-03T02:48:31.739+0600][29.288s][info][gc,phases      ] GC(86)   Merge Heap Roots: 0.34ms
[2026-04-03T02:48:31.739+0600][29.288s][info][gc,phases      ] GC(86)   Evacuate Collection Set: 5.68ms
[2026-04-03T02:48:31.739+0600][29.288s][info][gc,phases      ] GC(86)   Post Evacuate Collection Set: 1.03ms
[2026-04-03T02:48:31.739+0600][29.288s][info][gc,phases      ] GC(86)   Other: 0.19ms
[2026-04-03T02:48:31.739+0600][29.288s][info][gc,heap        ] GC(86) Eden regions: 491->0(639)
[2026-04-03T02:48:31.739+0600][29.288s][info][gc,heap        ] GC(86) Survivor regions: 8->10(81)
[2026-04-03T02:48:31.739+0600][29.288s][info][gc,heap        ] GC(86) Old regions: 78->80
[2026-04-03T02:48:31.739+0600][29.288s][info][gc,heap        ] GC(86) Humongous regions: 493->8
[2026-04-03T02:48:31.739+0600][29.288s][info][gc,metaspace   ] GC(86) Metaspace: 130055K(131712K)->130055K(131712K) NonClass: 113539K(114432K)->113539K(114432K) Class: 16516K(17280K)->16516K(17280K)
[2026-04-03T02:48:31.739+0600][29.289s][info][gc             ] GC(86) Pause Young (Prepare Mixed) (GCLocker Initiated GC) 1066M->93M(1082M) 8.171ms
[2026-04-03T02:48:31.739+0600][29.289s][info][gc,cpu         ] GC(86) User=0.05s Sys=0.02s Real=0.00s
[2026-04-03T02:48:32.752+0600][30.301s][info][gc,start       ] GC(87) Pause Young (Mixed) (G1 Evacuation Pause)
[2026-04-03T02:48:32.752+0600][30.302s][info][gc,task        ] GC(87) Using 10 workers of 10 for evacuation
[2026-04-03T02:48:32.758+0600][30.308s][info][gc,phases      ] GC(87)   Pre Evacuate Collection Set: 0.48ms
[2026-04-03T02:48:32.758+0600][30.308s][info][gc,phases      ] GC(87)   Merge Heap Roots: 0.43ms
[2026-04-03T02:48:32.758+0600][30.308s][info][gc,phases      ] GC(87)   Evacuate Collection Set: 4.51ms
[2026-04-03T02:48:32.758+0600][30.308s][info][gc,phases      ] GC(87)   Post Evacuate Collection Set: 0.96ms
[2026-04-03T02:48:32.758+0600][30.308s][info][gc,phases      ] GC(87)   Other: 0.19ms
[2026-04-03T02:48:32.759+0600][30.308s][info][gc,heap        ] GC(87) Eden regions: 617->0(645)
[2026-04-03T02:48:32.759+0600][30.308s][info][gc,heap        ] GC(87) Survivor regions: 10->10(82)
[2026-04-03T02:48:32.759+0600][30.308s][info][gc,heap        ] GC(87) Old regions: 80->79
[2026-04-03T02:48:32.759+0600][30.308s][info][gc,heap        ] GC(87) Humongous regions: 375->8
[2026-04-03T02:48:32.759+0600][30.308s][info][gc,metaspace   ] GC(87) Metaspace: 130178K(131712K)->130178K(131712K) NonClass: 113655K(114432K)->113655K(114432K) Class: 16523K(17280K)->16523K(17280K)
[2026-04-03T02:48:32.759+0600][30.308s][info][gc             ] GC(87) Pause Young (Mixed) (G1 Evacuation Pause) 1077M->93M(1092M) 6.905ms
[2026-04-03T02:48:32.759+0600][30.308s][info][gc,cpu         ] GC(87) User=0.05s Sys=0.01s Real=0.00s
[2026-04-03T02:48:32.776+0600][30.326s][info][gc,start       ] GC(88) Pause Young (Concurrent Start) (GCLocker Initiated GC)
[2026-04-03T02:48:32.776+0600][30.326s][info][gc,task        ] GC(88) Using 10 workers of 10 for evacuation
[2026-04-03T02:48:32.782+0600][30.331s][info][gc,phases      ] GC(88)   Pre Evacuate Collection Set: 0.77ms
[2026-04-03T02:48:32.782+0600][30.331s][info][gc,phases      ] GC(88)   Merge Heap Roots: 0.24ms
[2026-04-03T02:48:32.782+0600][30.331s][info][gc,phases      ] GC(88)   Evacuate Collection Set: 3.56ms
[2026-04-03T02:48:32.782+0600][30.331s][info][gc,phases      ] GC(88)   Post Evacuate Collection Set: 0.63ms
[2026-04-03T02:48:32.782+0600][30.331s][info][gc,phases      ] GC(88)   Other: 0.33ms
[2026-04-03T02:48:32.782+0600][30.332s][info][gc,heap        ] GC(88) Eden regions: 26->0(645)
[2026-04-03T02:48:32.782+0600][30.332s][info][gc,heap        ] GC(88) Survivor regions: 10->10(82)
[2026-04-03T02:48:32.782+0600][30.332s][info][gc,heap        ] GC(88) Old regions: 79->79
[2026-04-03T02:48:32.782+0600][30.332s][info][gc,heap        ] GC(88) Humongous regions: 8->8
[2026-04-03T02:48:32.782+0600][30.332s][info][gc,metaspace   ] GC(88) Metaspace: 130181K(131712K)->130181K(131712K) NonClass: 113658K(114432K)->113658K(114432K) Class: 16523K(17280K)->16523K(17280K)
[2026-04-03T02:48:32.782+0600][30.332s][info][gc             ] GC(88) Pause Young (Concurrent Start) (GCLocker Initiated GC) 119M->93M(1092M) 5.908ms
[2026-04-03T02:48:32.782+0600][30.332s][info][gc             ] GC(89) Concurrent Mark Cycle
[2026-04-03T02:48:32.782+0600][30.332s][info][gc,cpu         ] GC(88) User=0.04s Sys=0.00s Real=0.01s
[2026-04-03T02:48:32.782+0600][30.332s][info][gc,marking     ] GC(89) Concurrent Scan Root Regions
[2026-04-03T02:48:32.785+0600][30.335s][info][gc,marking     ] GC(89) Concurrent Scan Root Regions 3.144ms
[2026-04-03T02:48:32.785+0600][30.335s][info][gc,marking     ] GC(89) Concurrent Mark
[2026-04-03T02:48:32.785+0600][30.335s][info][gc,marking     ] GC(89) Concurrent Mark From Roots
[2026-04-03T02:48:32.785+0600][30.335s][info][gc,task        ] GC(89) Using 3 workers of 3 for marking
[2026-04-03T02:48:32.874+0600][30.424s][info][gc,marking     ] GC(89) Concurrent Mark From Roots 88.669ms
[2026-04-03T02:48:32.874+0600][30.424s][info][gc,marking     ] GC(89) Concurrent Preclean
[2026-04-03T02:48:32.874+0600][30.424s][info][gc,marking     ] GC(89) Concurrent Preclean 0.353ms
[2026-04-03T02:48:32.875+0600][30.424s][info][gc,start       ] GC(89) Pause Remark
[2026-04-03T02:48:32.883+0600][30.433s][info][gc             ] GC(89) Pause Remark 169M->169M(447M) 8.226ms
[2026-04-03T02:48:32.883+0600][30.433s][info][gc,cpu         ] GC(89) User=0.06s Sys=0.00s Real=0.01s
[2026-04-03T02:48:32.883+0600][30.433s][info][gc,marking     ] GC(89) Concurrent Mark 97.977ms
[2026-04-03T02:48:32.883+0600][30.433s][info][gc,marking     ] GC(89) Concurrent Rebuild Remembered Sets and Scrub Regions
[2026-04-03T02:48:32.913+0600][30.462s][info][gc,marking     ] GC(89) Concurrent Rebuild Remembered Sets and Scrub Regions 29.395ms
[2026-04-03T02:48:32.913+0600][30.463s][info][gc,start       ] GC(89) Pause Cleanup
[2026-04-03T02:48:32.914+0600][30.463s][info][gc             ] GC(89) Pause Cleanup 196M->196M(447M) 0.446ms
[2026-04-03T02:48:32.914+0600][30.464s][info][gc,cpu         ] GC(89) User=0.00s Sys=0.00s Real=0.00s
[2026-04-03T02:48:32.914+0600][30.464s][info][gc,marking     ] GC(89) Concurrent Clear Claimed Marks
[2026-04-03T02:48:32.914+0600][30.464s][info][gc,marking     ] GC(89) Concurrent Clear Claimed Marks 0.341ms
[2026-04-03T02:48:32.914+0600][30.464s][info][gc,marking     ] GC(89) Concurrent Cleanup for Next Mark
[2026-04-03T02:48:32.916+0600][30.466s][info][gc,marking     ] GC(89) Concurrent Cleanup for Next Mark 1.597ms
[2026-04-03T02:48:32.916+0600][30.466s][info][gc             ] GC(89) Concurrent Mark Cycle 134.023ms
[2026-04-03T02:48:33.186+0600][30.736s][info][gc,start       ] GC(90) Pause Young (Prepare Mixed) (G1 Evacuation Pause)
[2026-04-03T02:48:33.186+0600][30.736s][info][gc,task        ] GC(90) Using 10 workers of 10 for evacuation
[2026-04-03T02:48:33.192+0600][30.741s][info][gc,phases      ] GC(90)   Pre Evacuate Collection Set: 0.33ms
[2026-04-03T02:48:33.192+0600][30.742s][info][gc,phases      ] GC(90)   Merge Heap Roots: 0.21ms
[2026-04-03T02:48:33.192+0600][30.742s][info][gc,phases      ] GC(90)   Evacuate Collection Set: 4.28ms
[2026-04-03T02:48:33.192+0600][30.742s][info][gc,phases      ] GC(90)   Post Evacuate Collection Set: 0.64ms
[2026-04-03T02:48:33.192+0600][30.742s][info][gc,phases      ] GC(90)   Other: 0.11ms
[2026-04-03T02:48:33.192+0600][30.742s][info][gc,heap        ] GC(90) Eden regions: 199->0(275)
[2026-04-03T02:48:33.192+0600][30.742s][info][gc,heap        ] GC(90) Survivor regions: 10->9(34)
[2026-04-03T02:48:33.192+0600][30.742s][info][gc,heap        ] GC(90) Old regions: 79->80
[2026-04-03T02:48:33.192+0600][30.742s][info][gc,heap        ] GC(90) Humongous regions: 176->8
[2026-04-03T02:48:33.192+0600][30.742s][info][gc,metaspace   ] GC(90) Metaspace: 130227K(131776K)->130227K(131776K) NonClass: 113703K(114496K)->113703K(114496K) Class: 16523K(17280K)->16523K(17280K)
[2026-04-03T02:48:33.192+0600][30.742s][info][gc             ] GC(90) Pause Young (Prepare Mixed) (G1 Evacuation Pause) 460M->92M(474M) 5.831ms
[2026-04-03T02:48:33.192+0600][30.742s][info][gc,cpu         ] GC(90) User=0.03s Sys=0.01s Real=0.01s
[2026-04-03T02:48:33.528+0600][31.078s][info][gc,start       ] GC(91) Pause Young (Mixed) (G1 Evacuation Pause)
[2026-04-03T02:48:33.528+0600][31.078s][info][gc,task        ] GC(91) Using 10 workers of 10 for evacuation
[2026-04-03T02:48:33.534+0600][31.084s][info][gc,phases      ] GC(91)   Pre Evacuate Collection Set: 0.46ms
[2026-04-03T02:48:33.534+0600][31.084s][info][gc,phases      ] GC(91)   Merge Heap Roots: 0.29ms
[2026-04-03T02:48:33.534+0600][31.084s][info][gc,phases      ] GC(91)   Evacuate Collection Set: 4.67ms
[2026-04-03T02:48:33.534+0600][31.084s][info][gc,phases      ] GC(91)   Post Evacuate Collection Set: 0.81ms
[2026-04-03T02:48:33.534+0600][31.084s][info][gc,phases      ] GC(91)   Other: 0.13ms
[2026-04-03T02:48:33.534+0600][31.084s][info][gc,heap        ] GC(91) Eden regions: 224->0(287)
[2026-04-03T02:48:33.534+0600][31.084s][info][gc,heap        ] GC(91) Survivor regions: 9->8(37)
[2026-04-03T02:48:33.534+0600][31.084s][info][gc,heap        ] GC(91) Old regions: 80->78
[2026-04-03T02:48:33.534+0600][31.084s][info][gc,heap        ] GC(91) Humongous regions: 171->8
[2026-04-03T02:48:33.534+0600][31.084s][info][gc,metaspace   ] GC(91) Metaspace: 130278K(131776K)->130278K(131776K) NonClass: 113754K(114496K)->113754K(114496K) Class: 16524K(17280K)->16524K(17280K)
[2026-04-03T02:48:33.535+0600][31.084s][info][gc             ] GC(91) Pause Young (Mixed) (G1 Evacuation Pause) 479M->91M(492M) 6.647ms
[2026-04-03T02:48:33.535+0600][31.084s][info][gc,cpu         ] GC(91) User=0.05s Sys=0.00s Real=0.01s
[2026-04-03T02:48:33.542+0600][31.091s][info][gc,start       ] GC(92) Pause Young (Concurrent Start) (G1 Humongous Allocation)
[2026-04-03T02:48:33.542+0600][31.091s][info][gc,task        ] GC(92) Using 10 workers of 10 for evacuation
[2026-04-03T02:48:33.546+0600][31.096s][info][gc,phases      ] GC(92)   Pre Evacuate Collection Set: 0.54ms
[2026-04-03T02:48:33.546+0600][31.096s][info][gc,phases      ] GC(92)   Merge Heap Roots: 0.18ms
[2026-04-03T02:48:33.546+0600][31.096s][info][gc,phases      ] GC(92)   Evacuate Collection Set: 2.81ms
[2026-04-03T02:48:33.546+0600][31.096s][info][gc,phases      ] GC(92)   Post Evacuate Collection Set: 0.85ms
[2026-04-03T02:48:33.546+0600][31.096s][info][gc,phases      ] GC(92)   Other: 0.19ms
[2026-04-03T02:48:33.546+0600][31.096s][info][gc,heap        ] GC(92) Eden regions: 3->0(289)
[2026-04-03T02:48:33.546+0600][31.096s][info][gc,heap        ] GC(92) Survivor regions: 8->6(37)
[2026-04-03T02:48:33.546+0600][31.096s][info][gc,heap        ] GC(92) Old regions: 78->80
[2026-04-03T02:48:33.546+0600][31.096s][info][gc,heap        ] GC(92) Humongous regions: 8->8
[2026-04-03T02:48:33.546+0600][31.096s][info][gc,metaspace   ] GC(92) Metaspace: 130278K(131776K)->130278K(131776K) NonClass: 113754K(114496K)->113754K(114496K) Class: 16524K(17280K)->16524K(17280K)
[2026-04-03T02:48:33.546+0600][31.096s][info][gc             ] GC(92) Pause Young (Concurrent Start) (G1 Humongous Allocation) 94M->91M(492M) 4.852ms
[2026-04-03T02:48:33.546+0600][31.096s][info][gc             ] GC(93) Concurrent Mark Cycle
[2026-04-03T02:48:33.546+0600][31.096s][info][gc,marking     ] GC(93) Concurrent Scan Root Regions
[2026-04-03T02:48:33.546+0600][31.096s][info][gc,cpu         ] GC(92) User=0.03s Sys=0.00s Real=0.00s
[2026-04-03T02:48:33.549+0600][31.099s][info][gc,marking     ] GC(93) Concurrent Scan Root Regions 2.745ms
[2026-04-03T02:48:33.549+0600][31.099s][info][gc,marking     ] GC(93) Concurrent Mark
[2026-04-03T02:48:33.549+0600][31.099s][info][gc,marking     ] GC(93) Concurrent Mark From Roots
[2026-04-03T02:48:33.549+0600][31.099s][info][gc,task        ] GC(93) Using 3 workers of 3 for marking
[2026-04-03T02:48:33.642+0600][31.192s][info][gc,marking     ] GC(93) Concurrent Mark From Roots 92.519ms
[2026-04-03T02:48:33.642+0600][31.192s][info][gc,marking     ] GC(93) Concurrent Preclean
[2026-04-03T02:48:33.642+0600][31.192s][info][gc,marking     ] GC(93) Concurrent Preclean 0.501ms
[2026-04-03T02:48:33.643+0600][31.193s][info][gc,start       ] GC(93) Pause Remark
[2026-04-03T02:48:33.654+0600][31.203s][info][gc             ] GC(93) Pause Remark 152M->152M(400M) 10.916ms
[2026-04-03T02:48:33.654+0600][31.204s][info][gc,cpu         ] GC(93) User=0.06s Sys=0.00s Real=0.01s
[2026-04-03T02:48:33.654+0600][31.204s][info][gc,marking     ] GC(93) Concurrent Mark 104.852ms
[2026-04-03T02:48:33.654+0600][31.204s][info][gc,marking     ] GC(93) Concurrent Rebuild Remembered Sets and Scrub Regions
[2026-04-03T02:48:33.686+0600][31.236s][info][gc,marking     ] GC(93) Concurrent Rebuild Remembered Sets and Scrub Regions 31.727ms
[2026-04-03T02:48:33.686+0600][31.236s][info][gc,start       ] GC(93) Pause Cleanup
[2026-04-03T02:48:33.687+0600][31.236s][info][gc             ] GC(93) Pause Cleanup 165M->165M(400M) 0.329ms
[2026-04-03T02:48:33.687+0600][31.237s][info][gc,cpu         ] GC(93) User=0.00s Sys=0.00s Real=0.00s
[2026-04-03T02:48:33.687+0600][31.237s][info][gc,marking     ] GC(93) Concurrent Clear Claimed Marks
[2026-04-03T02:48:33.687+0600][31.237s][info][gc,marking     ] GC(93) Concurrent Clear Claimed Marks 0.394ms
[2026-04-03T02:48:33.687+0600][31.237s][info][gc,marking     ] GC(93) Concurrent Cleanup for Next Mark
[2026-04-03T02:48:33.688+0600][31.238s][info][gc,marking     ] GC(93) Concurrent Cleanup for Next Mark 0.788ms
[2026-04-03T02:48:33.688+0600][31.238s][info][gc             ] GC(93) Concurrent Mark Cycle 141.798ms
[2026-04-03T02:48:33.948+0600][31.498s][info][gc,start       ] GC(94) Pause Young (Prepare Mixed) (G1 Evacuation Pause)
[2026-04-03T02:48:33.948+0600][31.498s][info][gc,task        ] GC(94) Using 9 workers of 10 for evacuation
[2026-04-03T02:48:33.957+0600][31.506s][info][gc,phases      ] GC(94)   Pre Evacuate Collection Set: 0.40ms
[2026-04-03T02:48:33.957+0600][31.507s][info][gc,phases      ] GC(94)   Merge Heap Roots: 0.30ms
[2026-04-03T02:48:33.957+0600][31.507s][info][gc,phases      ] GC(94)   Evacuate Collection Set: 7.09ms
[2026-04-03T02:48:33.957+0600][31.507s][info][gc,phases      ] GC(94)   Post Evacuate Collection Set: 0.92ms
[2026-04-03T02:48:33.957+0600][31.507s][info][gc,phases      ] GC(94)   Other: 0.11ms
[2026-04-03T02:48:33.957+0600][31.507s][info][gc,heap        ] GC(94) Eden regions: 197->0(237)
[2026-04-03T02:48:33.957+0600][31.507s][info][gc,heap        ] GC(94) Survivor regions: 6->9(30)
[2026-04-03T02:48:33.957+0600][31.507s][info][gc,heap        ] GC(94) Old regions: 80->81
[2026-04-03T02:48:33.957+0600][31.507s][info][gc,heap        ] GC(94) Humongous regions: 117->8
[2026-04-03T02:48:33.957+0600][31.507s][info][gc,metaspace   ] GC(94) Metaspace: 130323K(131840K)->130323K(131840K) NonClass: 113797K(114560K)->113797K(114560K) Class: 16525K(17280K)->16525K(17280K)
[2026-04-03T02:48:33.957+0600][31.507s][info][gc             ] GC(94) Pause Young (Prepare Mixed) (G1 Evacuation Pause) 397M->94M(410M) 9.163ms
[2026-04-03T02:48:33.957+0600][31.507s][info][gc,cpu         ] GC(94) User=0.07s Sys=0.02s Real=0.01s
[2026-04-03T02:48:34.259+0600][31.809s][info][gc,start       ] GC(95) Pause Young (Mixed) (G1 Evacuation Pause)
[2026-04-03T02:48:34.259+0600][31.809s][info][gc,task        ] GC(95) Using 10 workers of 10 for evacuation
[2026-04-03T02:48:34.264+0600][31.814s][info][gc,phases      ] GC(95)   Pre Evacuate Collection Set: 0.31ms
[2026-04-03T02:48:34.264+0600][31.814s][info][gc,phases      ] GC(95)   Merge Heap Roots: 0.18ms
[2026-04-03T02:48:34.264+0600][31.814s][info][gc,phases      ] GC(95)   Evacuate Collection Set: 4.00ms
[2026-04-03T02:48:34.264+0600][31.814s][info][gc,phases      ] GC(95)   Post Evacuate Collection Set: 0.71ms
[2026-04-03T02:48:34.264+0600][31.814s][info][gc,phases      ] GC(95)   Other: 0.13ms
[2026-04-03T02:48:34.264+0600][31.814s][info][gc,heap        ] GC(95) Eden regions: 233->0(276)
[2026-04-03T02:48:34.264+0600][31.814s][info][gc,heap        ] GC(95) Survivor regions: 9->9(31)
[2026-04-03T02:48:34.264+0600][31.814s][info][gc,heap        ] GC(95) Old regions: 81->81
[2026-04-03T02:48:34.264+0600][31.814s][info][gc,heap        ] GC(95) Humongous regions: 142->23
[2026-04-03T02:48:34.264+0600][31.814s][info][gc,metaspace   ] GC(95) Metaspace: 130354K(131840K)->130354K(131840K) NonClass: 113827K(114560K)->113827K(114560K) Class: 16526K(17280K)->16526K(17280K)
[2026-04-03T02:48:34.265+0600][31.814s][info][gc             ] GC(95) Pause Young (Mixed) (G1 Evacuation Pause) 461M->109M(475M) 5.639ms
[2026-04-03T02:48:34.265+0600][31.814s][info][gc,cpu         ] GC(95) User=0.03s Sys=0.02s Real=0.01s
[2026-04-03T02:48:34.265+0600][31.815s][info][gc,start       ] GC(96) Pause Young (Concurrent Start) (G1 Humongous Allocation)
[2026-04-03T02:48:34.265+0600][31.815s][info][gc,task        ] GC(96) Using 10 workers of 10 for evacuation
[2026-04-03T02:48:34.269+0600][31.818s][info][gc,phases      ] GC(96)   Pre Evacuate Collection Set: 0.29ms
[2026-04-03T02:48:34.269+0600][31.819s][info][gc,phases      ] GC(96)   Merge Heap Roots: 0.12ms
[2026-04-03T02:48:34.269+0600][31.819s][info][gc,phases      ] GC(96)   Evacuate Collection Set: 2.43ms
[2026-04-03T02:48:34.269+0600][31.819s][info][gc,phases      ] GC(96)   Post Evacuate Collection Set: 0.45ms
[2026-04-03T02:48:34.269+0600][31.819s][info][gc,phases      ] GC(96)   Other: 0.11ms
[2026-04-03T02:48:34.269+0600][31.819s][info][gc,heap        ] GC(96) Eden regions: 3->0(277)
[2026-04-03T02:48:34.269+0600][31.819s][info][gc,heap        ] GC(96) Survivor regions: 9->8(36)
[2026-04-03T02:48:34.269+0600][31.819s][info][gc,heap        ] GC(96) Old regions: 81->81
[2026-04-03T02:48:34.269+0600][31.819s][info][gc,heap        ] GC(96) Humongous regions: 23->8
[2026-04-03T02:48:34.269+0600][31.819s][info][gc,metaspace   ] GC(96) Metaspace: 130354K(131840K)->130354K(131840K) NonClass: 113827K(114560K)->113827K(114560K) Class: 16526K(17280K)->16526K(17280K)
[2026-04-03T02:48:34.269+0600][31.819s][info][gc             ] GC(96) Pause Young (Concurrent Start) (G1 Humongous Allocation) 112M->94M(475M) 3.646ms
[2026-04-03T02:48:34.269+0600][31.819s][info][gc             ] GC(97) Concurrent Mark Cycle
[2026-04-03T02:48:34.269+0600][31.819s][info][gc,cpu         ] GC(96) User=0.03s Sys=0.00s Real=0.00s
[2026-04-03T02:48:34.269+0600][31.819s][info][gc,marking     ] GC(97) Concurrent Scan Root Regions
[2026-04-03T02:48:34.272+0600][31.822s][info][gc,marking     ] GC(97) Concurrent Scan Root Regions 3.299ms
[2026-04-03T02:48:34.273+0600][31.822s][info][gc,marking     ] GC(97) Concurrent Mark
[2026-04-03T02:48:34.273+0600][31.822s][info][gc,marking     ] GC(97) Concurrent Mark From Roots
[2026-04-03T02:48:34.273+0600][31.822s][info][gc,task        ] GC(97) Using 3 workers of 3 for marking
[2026-04-03T02:48:34.364+0600][31.913s][info][gc,marking     ] GC(97) Concurrent Mark From Roots 91.198ms
[2026-04-03T02:48:34.364+0600][31.914s][info][gc,marking     ] GC(97) Concurrent Preclean
[2026-04-03T02:48:34.364+0600][31.914s][info][gc,marking     ] GC(97) Concurrent Preclean 0.526ms
[2026-04-03T02:48:34.365+0600][31.915s][info][gc,start       ] GC(97) Pause Remark
[2026-04-03T02:48:34.393+0600][31.942s][info][gc             ] GC(97) Pause Remark 406M->406M(612M) 27.632ms
[2026-04-03T02:48:34.393+0600][31.943s][info][gc,cpu         ] GC(97) User=0.21s Sys=0.00s Real=0.03s
[2026-04-03T02:48:34.394+0600][31.943s][info][gc,marking     ] GC(97) Concurrent Mark 121.076ms
[2026-04-03T02:48:34.394+0600][31.943s][info][gc,marking     ] GC(97) Concurrent Rebuild Remembered Sets and Scrub Regions
[2026-04-03T02:48:34.431+0600][31.981s][info][gc,marking     ] GC(97) Concurrent Rebuild Remembered Sets and Scrub Regions 37.083ms
[2026-04-03T02:48:34.431+0600][31.981s][info][gc,start       ] GC(97) Pause Cleanup
[2026-04-03T02:48:34.432+0600][31.981s][info][gc             ] GC(97) Pause Cleanup 431M->431M(612M) 0.447ms
[2026-04-03T02:48:34.432+0600][31.982s][info][gc,cpu         ] GC(97) User=0.01s Sys=0.00s Real=0.00s
[2026-04-03T02:48:34.432+0600][31.982s][info][gc,marking     ] GC(97) Concurrent Clear Claimed Marks
[2026-04-03T02:48:34.432+0600][31.982s][info][gc,marking     ] GC(97) Concurrent Clear Claimed Marks 0.409ms
[2026-04-03T02:48:34.433+0600][31.982s][info][gc,marking     ] GC(97) Concurrent Cleanup for Next Mark
[2026-04-03T02:48:34.435+0600][31.985s][info][gc,marking     ] GC(97) Concurrent Cleanup for Next Mark 2.341ms
[2026-04-03T02:48:34.435+0600][31.985s][info][gc             ] GC(97) Concurrent Mark Cycle 165.911ms
[2026-04-03T02:48:34.543+0600][32.093s][info][gc,start       ] GC(98) Pause Young (Prepare Mixed) (G1 Evacuation Pause)
[2026-04-03T02:48:34.543+0600][32.093s][info][gc,task        ] GC(98) Using 10 workers of 10 for evacuation
[2026-04-03T02:48:34.549+0600][32.099s][info][gc,phases      ] GC(98)   Pre Evacuate Collection Set: 0.38ms
[2026-04-03T02:48:34.550+0600][32.099s][info][gc,phases      ] GC(98)   Merge Heap Roots: 0.20ms
[2026-04-03T02:48:34.550+0600][32.099s][info][gc,phases      ] GC(98)   Evacuate Collection Set: 4.65ms
[2026-04-03T02:48:34.550+0600][32.099s][info][gc,phases      ] GC(98)   Post Evacuate Collection Set: 0.99ms
[2026-04-03T02:48:34.550+0600][32.099s][info][gc,phases      ] GC(98)   Other: 0.11ms
[2026-04-03T02:48:34.550+0600][32.099s][info][gc,heap        ] GC(98) Eden regions: 76->0(434)
[2026-04-03T02:48:34.550+0600][32.099s][info][gc,heap        ] GC(98) Survivor regions: 8->11(40)
[2026-04-03T02:48:34.550+0600][32.099s][info][gc,heap        ] GC(98) Old regions: 81->81
[2026-04-03T02:48:34.550+0600][32.099s][info][gc,heap        ] GC(98) Humongous regions: 567->23
[2026-04-03T02:48:34.550+0600][32.099s][info][gc,metaspace   ] GC(98) Metaspace: 130353K(131840K)->130353K(131840K) NonClass: 113830K(114560K)->113830K(114560K) Class: 16522K(17280K)->16522K(17280K)
[2026-04-03T02:48:34.550+0600][32.099s][info][gc             ] GC(98) Pause Young (Prepare Mixed) (G1 Evacuation Pause) 729M->112M(743M) 6.704ms
[2026-04-03T02:48:34.573+0600][32.123s][info][gc,cpu         ] GC(98) User=0.04s Sys=0.02s Real=0.03s
[2026-04-03T02:48:35.286+0600][32.836s][info][gc,start       ] GC(99) Pause Young (Mixed) (G1 Evacuation Pause)
[2026-04-03T02:48:35.286+0600][32.836s][info][gc,task        ] GC(99) Using 10 workers of 10 for evacuation
[2026-04-03T02:48:35.294+0600][32.844s][info][gc,phases      ] GC(99)   Pre Evacuate Collection Set: 0.53ms
[2026-04-03T02:48:35.294+0600][32.844s][info][gc,phases      ] GC(99)   Merge Heap Roots: 0.33ms
[2026-04-03T02:48:35.294+0600][32.844s][info][gc,phases      ] GC(99)   Evacuate Collection Set: 5.55ms
[2026-04-03T02:48:35.294+0600][32.844s][info][gc,phases      ] GC(99)   Post Evacuate Collection Set: 1.14ms
[2026-04-03T02:48:35.294+0600][32.844s][info][gc,phases      ] GC(99)   Other: 0.14ms
[2026-04-03T02:48:35.294+0600][32.844s][info][gc,heap        ] GC(99) Eden regions: 379->0(449)
[2026-04-03T02:48:35.294+0600][32.844s][info][gc,heap        ] GC(99) Survivor regions: 11->11(56)
[2026-04-03T02:48:35.294+0600][32.844s][info][gc,heap        ] GC(99) Old regions: 81->81
[2026-04-03T02:48:35.294+0600][32.844s][info][gc,heap        ] GC(99) Humongous regions: 285->8
[2026-04-03T02:48:35.294+0600][32.844s][info][gc,metaspace   ] GC(99) Metaspace: 130414K(131968K)->130414K(131968K) NonClass: 113891K(114688K)->113891K(114688K) Class: 16523K(17280K)->16523K(17280K)
[2026-04-03T02:48:35.294+0600][32.844s][info][gc             ] GC(99) Pause Young (Mixed) (G1 Evacuation Pause) 753M->97M(768M) 8.051ms
[2026-04-03T02:48:35.294+0600][32.844s][info][gc,cpu         ] GC(99) User=0.03s Sys=0.02s Real=0.01s
[2026-04-03T02:48:35.314+0600][32.864s][info][gc,start       ] GC(100) Pause Young (Concurrent Start) (GCLocker Initiated GC)
[2026-04-03T02:48:35.314+0600][32.864s][info][gc,task        ] GC(100) Using 10 workers of 10 for evacuation
[2026-04-03T02:48:35.320+0600][32.870s][info][gc,phases      ] GC(100)   Pre Evacuate Collection Set: 0.48ms
[2026-04-03T02:48:35.320+0600][32.870s][info][gc,phases      ] GC(100)   Merge Heap Roots: 0.27ms
[2026-04-03T02:48:35.320+0600][32.870s][info][gc,phases      ] GC(100)   Evacuate Collection Set: 3.93ms
[2026-04-03T02:48:35.320+0600][32.870s][info][gc,phases      ] GC(100)   Post Evacuate Collection Set: 0.60ms
[2026-04-03T02:48:35.320+0600][32.870s][info][gc,phases      ] GC(100)   Other: 0.27ms
[2026-04-03T02:48:35.320+0600][32.870s][info][gc,heap        ] GC(100) Eden regions: 28->0(449)
[2026-04-03T02:48:35.320+0600][32.870s][info][gc,heap        ] GC(100) Survivor regions: 11->11(58)
[2026-04-03T02:48:35.320+0600][32.870s][info][gc,heap        ] GC(100) Old regions: 81->81
[2026-04-03T02:48:35.320+0600][32.870s][info][gc,heap        ] GC(100) Humongous regions: 8->8
[2026-04-03T02:48:35.320+0600][32.870s][info][gc,metaspace   ] GC(100) Metaspace: 130415K(131968K)->130415K(131968K) NonClass: 113891K(114688K)->113891K(114688K) Class: 16523K(17280K)->16523K(17280K)
[2026-04-03T02:48:35.320+0600][32.870s][info][gc             ] GC(100) Pause Young (Concurrent Start) (GCLocker Initiated GC) 125M->98M(768M) 5.959ms
[2026-04-03T02:48:35.320+0600][32.870s][info][gc             ] GC(101) Concurrent Mark Cycle
[2026-04-03T02:48:35.320+0600][32.870s][info][gc,cpu         ] GC(100) User=0.05s Sys=0.00s Real=0.01s
[2026-04-03T02:48:35.320+0600][32.870s][info][gc,marking     ] GC(101) Concurrent Scan Root Regions
[2026-04-03T02:48:35.324+0600][32.874s][info][gc,marking     ] GC(101) Concurrent Scan Root Regions 3.454ms
[2026-04-03T02:48:35.324+0600][32.874s][info][gc,marking     ] GC(101) Concurrent Mark
[2026-04-03T02:48:35.324+0600][32.874s][info][gc,marking     ] GC(101) Concurrent Mark From Roots
[2026-04-03T02:48:35.324+0600][32.874s][info][gc,task        ] GC(101) Using 3 workers of 3 for marking
[2026-04-03T02:48:35.413+0600][32.963s][info][gc,marking     ] GC(101) Concurrent Mark From Roots 88.967ms
[2026-04-03T02:48:35.413+0600][32.963s][info][gc,marking     ] GC(101) Concurrent Preclean
[2026-04-03T02:48:35.414+0600][32.963s][info][gc,marking     ] GC(101) Concurrent Preclean 0.634ms
[2026-04-03T02:48:35.414+0600][32.964s][info][gc,start       ] GC(101) Pause Remark
[2026-04-03T02:48:35.423+0600][32.973s][info][gc             ] GC(101) Pause Remark 177M->177M(474M) 9.114ms
[2026-04-03T02:48:35.423+0600][32.973s][info][gc,cpu         ] GC(101) User=0.06s Sys=0.00s Real=0.01s
[2026-04-03T02:48:35.423+0600][32.973s][info][gc,marking     ] GC(101) Concurrent Mark 99.619ms
[2026-04-03T02:48:35.424+0600][32.973s][info][gc,marking     ] GC(101) Concurrent Rebuild Remembered Sets and Scrub Regions
[2026-04-03T02:48:35.457+0600][33.007s][info][gc,marking     ] GC(101) Concurrent Rebuild Remembered Sets and Scrub Regions 33.610ms
[2026-04-03T02:48:35.458+0600][33.007s][info][gc,start       ] GC(101) Pause Cleanup
[2026-04-03T02:48:35.458+0600][33.008s][info][gc             ] GC(101) Pause Cleanup 216M->216M(474M) 0.530ms
[2026-04-03T02:48:35.458+0600][33.008s][info][gc,cpu         ] GC(101) User=0.00s Sys=0.00s Real=0.00s
[2026-04-03T02:48:35.458+0600][33.008s][info][gc,marking     ] GC(101) Concurrent Clear Claimed Marks
[2026-04-03T02:48:35.459+0600][33.008s][info][gc,marking     ] GC(101) Concurrent Clear Claimed Marks 0.390ms
[2026-04-03T02:48:35.459+0600][33.009s][info][gc,marking     ] GC(101) Concurrent Cleanup for Next Mark
[2026-04-03T02:48:35.460+0600][33.010s][info][gc,marking     ] GC(101) Concurrent Cleanup for Next Mark 0.953ms
[2026-04-03T02:48:35.460+0600][33.010s][info][gc             ] GC(101) Concurrent Mark Cycle 139.738ms
[2026-04-03T02:48:35.697+0600][33.247s][info][gc,start       ] GC(102) Pause Young (Prepare Mixed) (G1 Evacuation Pause)
[2026-04-03T02:48:35.697+0600][33.247s][info][gc,task        ] GC(102) Using 10 workers of 10 for evacuation
[2026-04-03T02:48:35.706+0600][33.255s][info][gc,phases      ] GC(102)   Pre Evacuate Collection Set: 0.50ms
[2026-04-03T02:48:35.706+0600][33.255s][info][gc,phases      ] GC(102)   Merge Heap Roots: 0.33ms
[2026-04-03T02:48:35.706+0600][33.255s][info][gc,phases      ] GC(102)   Evacuate Collection Set: 6.39ms
[2026-04-03T02:48:35.706+0600][33.255s][info][gc,phases      ] GC(102)   Post Evacuate Collection Set: 0.76ms
[2026-04-03T02:48:35.706+0600][33.255s][info][gc,phases      ] GC(102)   Other: 0.14ms
[2026-04-03T02:48:35.706+0600][33.255s][info][gc,heap        ] GC(102) Eden regions: 206->0(280)
[2026-04-03T02:48:35.706+0600][33.255s][info][gc,heap        ] GC(102) Survivor regions: 11->12(36)
[2026-04-03T02:48:35.706+0600][33.255s][info][gc,heap        ] GC(102) Old regions: 81->82
[2026-04-03T02:48:35.706+0600][33.255s][info][gc,heap        ] GC(102) Humongous regions: 176->8
[2026-04-03T02:48:35.706+0600][33.255s][info][gc,metaspace   ] GC(102) Metaspace: 130420K(131968K)->130420K(131968K) NonClass: 113896K(114688K)->113896K(114688K) Class: 16523K(17280K)->16523K(17280K)
[2026-04-03T02:48:35.706+0600][33.256s][info][gc             ] GC(102) Pause Young (Prepare Mixed) (G1 Evacuation Pause) 472M->98M(487M) 8.456ms
[2026-04-03T02:48:35.706+0600][33.256s][info][gc,cpu         ] GC(102) User=0.06s Sys=0.01s Real=0.01s
[2026-04-03T02:48:36.026+0600][33.576s][info][gc,start       ] GC(103) Pause Young (Mixed) (G1 Evacuation Pause)
[2026-04-03T02:48:36.026+0600][33.576s][info][gc,task        ] GC(103) Using 10 workers of 10 for evacuation
[2026-04-03T02:48:36.034+0600][33.584s][info][gc,phases      ] GC(103)   Pre Evacuate Collection Set: 0.46ms
[2026-04-03T02:48:36.034+0600][33.584s][info][gc,phases      ] GC(103)   Merge Heap Roots: 0.28ms
[2026-04-03T02:48:36.034+0600][33.584s][info][gc,phases      ] GC(103)   Evacuate Collection Set: 5.99ms
[2026-04-03T02:48:36.034+0600][33.584s][info][gc,phases      ] GC(103)   Post Evacuate Collection Set: 0.76ms
[2026-04-03T02:48:36.034+0600][33.584s][info][gc,phases      ] GC(103)   Other: 0.14ms
[2026-04-03T02:48:36.034+0600][33.584s][info][gc,heap        ] GC(103) Eden regions: 217->0(290)
[2026-04-03T02:48:36.034+0600][33.584s][info][gc,heap        ] GC(103) Survivor regions: 12->12(37)
[2026-04-03T02:48:36.034+0600][33.584s][info][gc,heap        ] GC(103) Old regions: 82->80
[2026-04-03T02:48:36.034+0600][33.584s][info][gc,heap        ] GC(103) Humongous regions: 181->8
[2026-04-03T02:48:36.034+0600][33.584s][info][gc,metaspace   ] GC(103) Metaspace: 130444K(131968K)->130444K(131968K) NonClass: 113919K(114688K)->113919K(114688K) Class: 16524K(17280K)->16524K(17280K)
[2026-04-03T02:48:36.034+0600][33.584s][info][gc             ] GC(103) Pause Young (Mixed) (G1 Evacuation Pause) 488M->97M(504M) 7.921ms
[2026-04-03T02:48:36.034+0600][33.584s][info][gc,cpu         ] GC(103) User=0.05s Sys=0.01s Real=0.01s
[2026-04-03T02:48:36.059+0600][33.609s][info][gc,start       ] GC(104) Pause Young (Concurrent Start) (G1 Humongous Allocation)
[2026-04-03T02:48:36.059+0600][33.609s][info][gc,task        ] GC(104) Using 10 workers of 10 for evacuation
[2026-04-03T02:48:36.065+0600][33.615s][info][gc,phases      ] GC(104)   Pre Evacuate Collection Set: 0.45ms
[2026-04-03T02:48:36.065+0600][33.615s][info][gc,phases      ] GC(104)   Merge Heap Roots: 0.20ms
[2026-04-03T02:48:36.065+0600][33.615s][info][gc,phases      ] GC(104)   Evacuate Collection Set: 4.49ms
[2026-04-03T02:48:36.065+0600][33.615s][info][gc,phases      ] GC(104)   Post Evacuate Collection Set: 0.64ms
[2026-04-03T02:48:36.065+0600][33.615s][info][gc,phases      ] GC(104)   Other: 0.17ms
[2026-04-03T02:48:36.065+0600][33.615s][info][gc,heap        ] GC(104) Eden regions: 15->0(291)
[2026-04-03T02:48:36.065+0600][33.615s][info][gc,heap        ] GC(104) Survivor regions: 12->11(38)
[2026-04-03T02:48:36.066+0600][33.615s][info][gc,heap        ] GC(104) Old regions: 80->80
[2026-04-03T02:48:36.066+0600][33.615s][info][gc,heap        ] GC(104) Humongous regions: 8->8
[2026-04-03T02:48:36.066+0600][33.615s][info][gc,metaspace   ] GC(104) Metaspace: 130444K(131968K)->130444K(131968K) NonClass: 113920K(114688K)->113920K(114688K) Class: 16524K(17280K)->16524K(17280K)
[2026-04-03T02:48:36.066+0600][33.615s][info][gc             ] GC(104) Pause Young (Concurrent Start) (G1 Humongous Allocation) 112M->96M(504M) 6.278ms
[2026-04-03T02:48:36.066+0600][33.615s][info][gc             ] GC(105) Concurrent Mark Cycle
[2026-04-03T02:48:36.066+0600][33.615s][info][gc,marking     ] GC(105) Concurrent Scan Root Regions
[2026-04-03T02:48:36.066+0600][33.615s][info][gc,cpu         ] GC(104) User=0.05s Sys=0.00s Real=0.01s
[2026-04-03T02:48:36.070+0600][33.619s][info][gc,marking     ] GC(105) Concurrent Scan Root Regions 3.787ms
[2026-04-03T02:48:36.070+0600][33.619s][info][gc,marking     ] GC(105) Concurrent Mark
[2026-04-03T02:48:36.070+0600][33.619s][info][gc,marking     ] GC(105) Concurrent Mark From Roots
[2026-04-03T02:48:36.070+0600][33.619s][info][gc,task        ] GC(105) Using 3 workers of 3 for marking
[2026-04-03T02:48:36.146+0600][33.696s][info][gc,marking     ] GC(105) Concurrent Mark From Roots 76.294ms
[2026-04-03T02:48:36.146+0600][33.696s][info][gc,marking     ] GC(105) Concurrent Preclean
[2026-04-03T02:48:36.146+0600][33.696s][info][gc,marking     ] GC(105) Concurrent Preclean 0.342ms
[2026-04-03T02:48:36.147+0600][33.696s][info][gc,start       ] GC(105) Pause Remark
[2026-04-03T02:48:36.155+0600][33.705s][info][gc             ] GC(105) Pause Remark 132M->132M(400M) 8.397ms
[2026-04-03T02:48:36.155+0600][33.705s][info][gc,cpu         ] GC(105) User=0.06s Sys=0.00s Real=0.01s
[2026-04-03T02:48:36.155+0600][33.705s][info][gc,marking     ] GC(105) Concurrent Mark 85.805ms
[2026-04-03T02:48:36.155+0600][33.705s][info][gc,marking     ] GC(105) Concurrent Rebuild Remembered Sets and Scrub Regions
[2026-04-03T02:48:36.177+0600][33.727s][info][gc,marking     ] GC(105) Concurrent Rebuild Remembered Sets and Scrub Regions 21.758ms
[2026-04-03T02:48:36.178+0600][33.727s][info][gc,start       ] GC(105) Pause Cleanup
[2026-04-03T02:48:36.178+0600][33.728s][info][gc             ] GC(105) Pause Cleanup 138M->138M(400M) 0.381ms
[2026-04-03T02:48:36.178+0600][33.728s][info][gc,cpu         ] GC(105) User=0.00s Sys=0.00s Real=0.00s
[2026-04-03T02:48:36.178+0600][33.728s][info][gc,marking     ] GC(105) Concurrent Clear Claimed Marks
[2026-04-03T02:48:36.179+0600][33.728s][info][gc,marking     ] GC(105) Concurrent Clear Claimed Marks 0.394ms
[2026-04-03T02:48:36.179+0600][33.728s][info][gc,marking     ] GC(105) Concurrent Cleanup for Next Mark
[2026-04-03T02:48:36.179+0600][33.729s][info][gc,marking     ] GC(105) Concurrent Cleanup for Next Mark 0.526ms
[2026-04-03T02:48:36.179+0600][33.729s][info][gc             ] GC(105) Concurrent Mark Cycle 113.675ms
[2026-04-03T02:48:36.578+0600][34.128s][info][gc,start       ] GC(106) Pause Young (Prepare Mixed) (G1 Evacuation Pause)
[2026-04-03T02:48:36.578+0600][34.128s][info][gc,task        ] GC(106) Using 10 workers of 10 for evacuation
[2026-04-03T02:48:36.584+0600][34.134s][info][gc,phases      ] GC(106)   Pre Evacuate Collection Set: 0.30ms
[2026-04-03T02:48:36.584+0600][34.134s][info][gc,phases      ] GC(106)   Merge Heap Roots: 0.20ms
[2026-04-03T02:48:36.584+0600][34.134s][info][gc,phases      ] GC(106)   Evacuate Collection Set: 4.62ms
[2026-04-03T02:48:36.584+0600][34.134s][info][gc,phases      ] GC(106)   Post Evacuate Collection Set: 0.61ms
[2026-04-03T02:48:36.584+0600][34.134s][info][gc,phases      ] GC(106)   Other: 0.10ms
[2026-04-03T02:48:36.584+0600][34.134s][info][gc,heap        ] GC(106) Eden regions: 231->0(249)
[2026-04-03T02:48:36.584+0600][34.134s][info][gc,heap        ] GC(106) Survivor regions: 11->9(31)
[2026-04-03T02:48:36.584+0600][34.134s][info][gc,heap        ] GC(106) Old regions: 80->82
[2026-04-03T02:48:36.584+0600][34.134s][info][gc,heap        ] GC(106) Humongous regions: 97->8
[2026-04-03T02:48:36.584+0600][34.134s][info][gc,metaspace   ] GC(106) Metaspace: 130508K(131968K)->130508K(131968K) NonClass: 113983K(114688K)->113983K(114688K) Class: 16525K(17280K)->16525K(17280K)
[2026-04-03T02:48:36.584+0600][34.134s][info][gc             ] GC(106) Pause Young (Prepare Mixed) (G1 Evacuation Pause) 416M->96M(430M) 6.121ms
[2026-04-03T02:48:36.584+0600][34.134s][info][gc,cpu         ] GC(106) User=0.04s Sys=0.01s Real=0.01s
[2026-04-03T02:48:36.871+0600][34.420s][info][gc,start       ] GC(107) Pause Young (Mixed) (G1 Evacuation Pause)
[2026-04-03T02:48:36.871+0600][34.420s][info][gc,task        ] GC(107) Using 10 workers of 10 for evacuation
[2026-04-03T02:48:36.877+0600][34.427s][info][gc,phases      ] GC(107)   Pre Evacuate Collection Set: 0.41ms
[2026-04-03T02:48:36.877+0600][34.427s][info][gc,phases      ] GC(107)   Merge Heap Roots: 0.23ms
[2026-04-03T02:48:36.877+0600][34.427s][info][gc,phases      ] GC(107)   Evacuate Collection Set: 4.93ms
[2026-04-03T02:48:36.877+0600][34.427s][info][gc,phases      ] GC(107)   Post Evacuate Collection Set: 0.71ms
[2026-04-03T02:48:36.877+0600][34.427s][info][gc,phases      ] GC(107)   Other: 0.11ms
[2026-04-03T02:48:36.877+0600][34.427s][info][gc,heap        ] GC(107) Eden regions: 195->0(261)
[2026-04-03T02:48:36.877+0600][34.427s][info][gc,heap        ] GC(107) Survivor regions: 9->9(33)
[2026-04-03T02:48:36.877+0600][34.427s][info][gc,heap        ] GC(107) Old regions: 82->82
[2026-04-03T02:48:36.877+0600][34.427s][info][gc,heap        ] GC(107) Humongous regions: 155->8
[2026-04-03T02:48:36.877+0600][34.427s][info][gc,metaspace   ] GC(107) Metaspace: 130518K(131968K)->130518K(131968K) NonClass: 113992K(114688K)->113992K(114688K) Class: 16525K(17280K)->16525K(17280K)
[2026-04-03T02:48:36.877+0600][34.427s][info][gc             ] GC(107) Pause Young (Mixed) (G1 Evacuation Pause) 438M->96M(451M) 6.745ms
[2026-04-03T02:48:36.877+0600][34.427s][info][gc,cpu         ] GC(107) User=0.05s Sys=0.01s Real=0.00s
[2026-04-03T02:48:36.894+0600][34.443s][info][gc,start       ] GC(108) Pause Young (Concurrent Start) (G1 Humongous Allocation)
[2026-04-03T02:48:36.894+0600][34.443s][info][gc,task        ] GC(108) Using 10 workers of 10 for evacuation
[2026-04-03T02:48:36.899+0600][34.448s][info][gc,phases      ] GC(108)   Pre Evacuate Collection Set: 0.65ms
[2026-04-03T02:48:36.899+0600][34.449s][info][gc,phases      ] GC(108)   Merge Heap Roots: 0.20ms
[2026-04-03T02:48:36.899+0600][34.449s][info][gc,phases      ] GC(108)   Evacuate Collection Set: 3.36ms
[2026-04-03T02:48:36.899+0600][34.449s][info][gc,phases      ] GC(108)   Post Evacuate Collection Set: 0.66ms
[2026-04-03T02:48:36.899+0600][34.449s][info][gc,phases      ] GC(108)   Other: 0.24ms
[2026-04-03T02:48:36.899+0600][34.449s][info][gc,heap        ] GC(108) Eden regions: 13->0(261)
[2026-04-03T02:48:36.899+0600][34.449s][info][gc,heap        ] GC(108) Survivor regions: 9->9(34)
[2026-04-03T02:48:36.899+0600][34.449s][info][gc,heap        ] GC(108) Old regions: 82->83
[2026-04-03T02:48:36.899+0600][34.449s][info][gc,heap        ] GC(108) Humongous regions: 8->8
[2026-04-03T02:48:36.899+0600][34.449s][info][gc,metaspace   ] GC(108) Metaspace: 130518K(131968K)->130518K(131968K) NonClass: 113992K(114688K)->113992K(114688K) Class: 16525K(17280K)->16525K(17280K)
[2026-04-03T02:48:36.899+0600][34.449s][info][gc             ] GC(108) Pause Young (Concurrent Start) (G1 Humongous Allocation) 109M->97M(451M) 5.526ms
[2026-04-03T02:48:36.899+0600][34.449s][info][gc             ] GC(109) Concurrent Mark Cycle
[2026-04-03T02:48:36.899+0600][34.449s][info][gc,marking     ] GC(109) Concurrent Scan Root Regions
[2026-04-03T02:48:36.899+0600][34.449s][info][gc,cpu         ] GC(108) User=0.03s Sys=0.00s Real=0.00s
[2026-04-03T02:48:36.902+0600][34.452s][info][gc,marking     ] GC(109) Concurrent Scan Root Regions 2.991ms
[2026-04-03T02:48:36.902+0600][34.452s][info][gc,marking     ] GC(109) Concurrent Mark
[2026-04-03T02:48:36.902+0600][34.452s][info][gc,marking     ] GC(109) Concurrent Mark From Roots
[2026-04-03T02:48:36.902+0600][34.452s][info][gc,task        ] GC(109) Using 3 workers of 3 for marking
[2026-04-03T02:48:36.986+0600][34.536s][info][gc,marking     ] GC(109) Concurrent Mark From Roots 84.173ms
[2026-04-03T02:48:36.987+0600][34.536s][info][gc,marking     ] GC(109) Concurrent Preclean
[2026-04-03T02:48:36.987+0600][34.537s][info][gc,marking     ] GC(109) Concurrent Preclean 0.608ms
[2026-04-03T02:48:36.988+0600][34.537s][info][gc,start       ] GC(109) Pause Remark
[2026-04-03T02:48:36.996+0600][34.546s][info][gc             ] GC(109) Pause Remark 183M->183M(451M) 8.853ms
[2026-04-03T02:48:36.997+0600][34.546s][info][gc,cpu         ] GC(109) User=0.08s Sys=0.00s Real=0.01s
[2026-04-03T02:48:36.997+0600][34.546s][info][gc,marking     ] GC(109) Concurrent Mark 94.456ms
[2026-04-03T02:48:36.997+0600][34.546s][info][gc,marking     ] GC(109) Concurrent Rebuild Remembered Sets and Scrub Regions
[2026-04-03T02:48:37.035+0600][34.585s][info][gc,marking     ] GC(109) Concurrent Rebuild Remembered Sets and Scrub Regions 38.475ms
[2026-04-03T02:48:37.036+0600][34.585s][info][gc,start       ] GC(109) Pause Cleanup
[2026-04-03T02:48:37.036+0600][34.586s][info][gc             ] GC(109) Pause Cleanup 219M->219M(451M) 0.444ms
[2026-04-03T02:48:37.036+0600][34.586s][info][gc,cpu         ] GC(109) User=0.00s Sys=0.00s Real=0.00s
[2026-04-03T02:48:37.036+0600][34.586s][info][gc,marking     ] GC(109) Concurrent Clear Claimed Marks
[2026-04-03T02:48:37.037+0600][34.586s][info][gc,marking     ] GC(109) Concurrent Clear Claimed Marks 0.346ms
[2026-04-03T02:48:37.037+0600][34.586s][info][gc,marking     ] GC(109) Concurrent Cleanup for Next Mark
[2026-04-03T02:48:37.038+0600][34.588s][info][gc,marking     ] GC(109) Concurrent Cleanup for Next Mark 1.182ms
[2026-04-03T02:48:37.038+0600][34.588s][info][gc             ] GC(109) Concurrent Mark Cycle 138.827ms
[2026-04-03T02:48:37.212+0600][34.762s][info][gc,start       ] GC(110) Pause Young (Prepare Mixed) (GCLocker Initiated GC)
[2026-04-03T02:48:37.212+0600][34.762s][info][gc,task        ] GC(110) Using 10 workers of 10 for evacuation
[2026-04-03T02:48:37.220+0600][34.769s][info][gc,phases      ] GC(110)   Pre Evacuate Collection Set: 0.33ms
[2026-04-03T02:48:37.220+0600][34.769s][info][gc,phases      ] GC(110)   Merge Heap Roots: 0.34ms
[2026-04-03T02:48:37.220+0600][34.769s][info][gc,phases      ] GC(110)   Evacuate Collection Set: 5.80ms
[2026-04-03T02:48:37.220+0600][34.769s][info][gc,phases      ] GC(110)   Post Evacuate Collection Set: 1.09ms
[2026-04-03T02:48:37.220+0600][34.769s][info][gc,phases      ] GC(110)   Other: 0.12ms
[2026-04-03T02:48:37.220+0600][34.770s][info][gc,heap        ] GC(110) Eden regions: 204->0(266)
[2026-04-03T02:48:37.220+0600][34.770s][info][gc,heap        ] GC(110) Survivor regions: 9->10(34)
[2026-04-03T02:48:37.220+0600][34.770s][info][gc,heap        ] GC(110) Old regions: 83->83
[2026-04-03T02:48:37.220+0600][34.770s][info][gc,heap        ] GC(110) Humongous regions: 155->8
[2026-04-03T02:48:37.220+0600][34.770s][info][gc,metaspace   ] GC(110) Metaspace: 130534K(131968K)->130534K(131968K) NonClass: 114008K(114688K)->114008K(114688K) Class: 16525K(17280K)->16525K(17280K)
[2026-04-03T02:48:37.220+0600][34.770s][info][gc             ] GC(110) Pause Young (Prepare Mixed) (GCLocker Initiated GC) 448M->98M(461M) 8.019ms
[2026-04-03T02:48:37.220+0600][34.770s][info][gc,cpu         ] GC(110) User=0.04s Sys=0.01s Real=0.01s
[2026-04-03T02:48:37.588+0600][35.138s][info][gc,start       ] GC(111) Pause Young (Mixed) (G1 Evacuation Pause)
[2026-04-03T02:48:37.588+0600][35.138s][info][gc,task        ] GC(111) Using 10 workers of 10 for evacuation
[2026-04-03T02:48:37.596+0600][35.145s][info][gc,phases      ] GC(111)   Pre Evacuate Collection Set: 0.36ms
[2026-04-03T02:48:37.596+0600][35.145s][info][gc,phases      ] GC(111)   Merge Heap Roots: 0.39ms
[2026-04-03T02:48:37.596+0600][35.145s][info][gc,phases      ] GC(111)   Evacuate Collection Set: 5.63ms
[2026-04-03T02:48:37.596+0600][35.145s][info][gc,phases      ] GC(111)   Post Evacuate Collection Set: 1.12ms
[2026-04-03T02:48:37.596+0600][35.145s][info][gc,phases      ] GC(111)   Other: 0.13ms
[2026-04-03T02:48:37.596+0600][35.145s][info][gc,heap        ] GC(111) Eden regions: 221->0(277)
[2026-04-03T02:48:37.596+0600][35.145s][info][gc,heap        ] GC(111) Survivor regions: 10->10(35)
[2026-04-03T02:48:37.596+0600][35.145s][info][gc,heap        ] GC(111) Old regions: 83->82
[2026-04-03T02:48:37.596+0600][35.145s][info][gc,heap        ] GC(111) Humongous regions: 154->8
[2026-04-03T02:48:37.596+0600][35.145s][info][gc,metaspace   ] GC(111) Metaspace: 130551K(132032K)->130551K(132032K) NonClass: 114025K(114752K)->114025K(114752K) Class: 16525K(17280K)->16525K(17280K)
[2026-04-03T02:48:37.596+0600][35.146s][info][gc             ] GC(111) Pause Young (Mixed) (G1 Evacuation Pause) 465M->98M(479M) 8.025ms
[2026-04-03T02:48:37.596+0600][35.146s][info][gc,cpu         ] GC(111) User=0.05s Sys=0.01s Real=0.01s
[2026-04-03T02:48:37.671+0600][35.221s][info][gc,start       ] GC(112) Pause Young (Concurrent Start) (G1 Humongous Allocation)
[2026-04-03T02:48:37.671+0600][35.221s][info][gc,task        ] GC(112) Using 10 workers of 10 for evacuation
[2026-04-03T02:48:37.677+0600][35.227s][info][gc,phases      ] GC(112)   Pre Evacuate Collection Set: 0.48ms
[2026-04-03T02:48:37.677+0600][35.227s][info][gc,phases      ] GC(112)   Merge Heap Roots: 0.26ms
[2026-04-03T02:48:37.677+0600][35.227s][info][gc,phases      ] GC(112)   Evacuate Collection Set: 4.27ms
[2026-04-03T02:48:37.677+0600][35.227s][info][gc,phases      ] GC(112)   Post Evacuate Collection Set: 0.87ms
[2026-04-03T02:48:37.678+0600][35.227s][info][gc,phases      ] GC(112)   Other: 0.23ms
[2026-04-03T02:48:37.678+0600][35.227s][info][gc,heap        ] GC(112) Eden regions: 81->0(276)
[2026-04-03T02:48:37.678+0600][35.227s][info][gc,heap        ] GC(112) Survivor regions: 10->11(36)
[2026-04-03T02:48:37.678+0600][35.227s][info][gc,heap        ] GC(112) Old regions: 82->82
[2026-04-03T02:48:37.678+0600][35.227s][info][gc,heap        ] GC(112) Humongous regions: 8->8
[2026-04-03T02:48:37.678+0600][35.227s][info][gc,metaspace   ] GC(112) Metaspace: 130551K(132032K)->130551K(132032K) NonClass: 114026K(114752K)->114026K(114752K) Class: 16525K(17280K)->16525K(17280K)
[2026-04-03T02:48:37.678+0600][35.227s][info][gc             ] GC(112) Pause Young (Concurrent Start) (G1 Humongous Allocation) 178M->99M(479M) 6.532ms
[2026-04-03T02:48:37.678+0600][35.227s][info][gc             ] GC(113) Concurrent Mark Cycle
[2026-04-03T02:48:37.678+0600][35.227s][info][gc,marking     ] GC(113) Concurrent Scan Root Regions
[2026-04-03T02:48:37.681+0600][35.230s][info][gc,cpu         ] GC(112) User=0.06s Sys=0.00s Real=0.00s
[2026-04-03T02:48:37.682+0600][35.232s][info][gc,marking     ] GC(113) Concurrent Scan Root Regions 4.489ms
[2026-04-03T02:48:37.682+0600][35.232s][info][gc,marking     ] GC(113) Concurrent Mark
[2026-04-03T02:48:37.682+0600][35.232s][info][gc,marking     ] GC(113) Concurrent Mark From Roots
[2026-04-03T02:48:37.682+0600][35.232s][info][gc,task        ] GC(113) Using 3 workers of 3 for marking
[2026-04-03T02:48:37.774+0600][35.323s][info][gc,marking     ] GC(113) Concurrent Mark From Roots 91.307ms
[2026-04-03T02:48:37.774+0600][35.324s][info][gc,marking     ] GC(113) Concurrent Preclean
[2026-04-03T02:48:37.774+0600][35.324s][info][gc,marking     ] GC(113) Concurrent Preclean 0.338ms
[2026-04-03T02:48:37.775+0600][35.324s][info][gc,start       ] GC(113) Pause Remark
[2026-04-03T02:48:37.784+0600][35.334s][info][gc             ] GC(113) Pause Remark 192M->192M(407M) 9.283ms
[2026-04-03T02:48:37.784+0600][35.334s][info][gc,cpu         ] GC(113) User=0.07s Sys=0.00s Real=0.01s
[2026-04-03T02:48:37.784+0600][35.334s][info][gc,marking     ] GC(113) Concurrent Mark 101.830ms
[2026-04-03T02:48:37.784+0600][35.334s][info][gc,marking     ] GC(113) Concurrent Rebuild Remembered Sets and Scrub Regions
[2026-04-03T02:48:37.825+0600][35.374s][info][gc,marking     ] GC(113) Concurrent Rebuild Remembered Sets and Scrub Regions 40.310ms
[2026-04-03T02:48:37.825+0600][35.375s][info][gc,start       ] GC(113) Pause Cleanup
[2026-04-03T02:48:37.826+0600][35.375s][info][gc             ] GC(113) Pause Cleanup 252M->252M(407M) 0.368ms
[2026-04-03T02:48:37.826+0600][35.375s][info][gc,cpu         ] GC(113) User=0.00s Sys=0.00s Real=0.00s
[2026-04-03T02:48:37.826+0600][35.375s][info][gc,marking     ] GC(113) Concurrent Clear Claimed Marks
[2026-04-03T02:48:37.826+0600][35.376s][info][gc,marking     ] GC(113) Concurrent Clear Claimed Marks 0.384ms
[2026-04-03T02:48:37.826+0600][35.376s][info][gc,marking     ] GC(113) Concurrent Cleanup for Next Mark
[2026-04-03T02:48:37.827+0600][35.377s][info][gc,marking     ] GC(113) Concurrent Cleanup for Next Mark 0.990ms
[2026-04-03T02:48:37.827+0600][35.377s][info][gc             ] GC(113) Concurrent Mark Cycle 149.478ms
[2026-04-03T02:48:37.977+0600][35.526s][info][gc,start       ] GC(114) Pause Young (Prepare Mixed) (G1 Evacuation Pause)
[2026-04-03T02:48:37.977+0600][35.527s][info][gc,task        ] GC(114) Using 10 workers of 10 for evacuation
[2026-04-03T02:48:37.983+0600][35.533s][info][gc,phases      ] GC(114)   Pre Evacuate Collection Set: 0.39ms
[2026-04-03T02:48:37.983+0600][35.533s][info][gc,phases      ] GC(114)   Merge Heap Roots: 0.20ms
[2026-04-03T02:48:37.983+0600][35.533s][info][gc,phases      ] GC(114)   Evacuate Collection Set: 4.84ms
[2026-04-03T02:48:37.983+0600][35.533s][info][gc,phases      ] GC(114)   Post Evacuate Collection Set: 0.80ms
[2026-04-03T02:48:37.983+0600][35.533s][info][gc,phases      ] GC(114)   Other: 0.11ms
[2026-04-03T02:48:37.983+0600][35.533s][info][gc,heap        ] GC(114) Eden regions: 167->0(280)
[2026-04-03T02:48:37.983+0600][35.533s][info][gc,heap        ] GC(114) Survivor regions: 11->10(34)
[2026-04-03T02:48:37.983+0600][35.533s][info][gc,heap        ] GC(114) Old regions: 82->84
[2026-04-03T02:48:37.983+0600][35.533s][info][gc,heap        ] GC(114) Humongous regions: 212->23
[2026-04-03T02:48:37.983+0600][35.533s][info][gc,metaspace   ] GC(114) Metaspace: 130568K(132032K)->130568K(132032K) NonClass: 114042K(114752K)->114042K(114752K) Class: 16525K(17280K)->16525K(17280K)
[2026-04-03T02:48:37.983+0600][35.533s][info][gc             ] GC(114) Pause Young (Prepare Mixed) (G1 Evacuation Pause) 470M->115M(484M) 6.697ms
[2026-04-03T02:48:37.984+0600][35.533s][info][gc,cpu         ] GC(114) User=0.04s Sys=0.02s Real=0.01s
[2026-04-03T02:48:38.120+0600][35.670s][info][gc,start       ] GC(115) Pause Young (Mixed) (G1 Evacuation Pause)
[2026-04-03T02:48:38.120+0600][35.670s][info][gc,task        ] GC(115) Using 10 workers of 10 for evacuation
[2026-04-03T02:48:38.128+0600][35.678s][info][gc,phases      ] GC(115)   Pre Evacuate Collection Set: 0.36ms
[2026-04-03T02:48:38.128+0600][35.678s][info][gc,phases      ] GC(115)   Merge Heap Roots: 0.16ms
[2026-04-03T02:48:38.128+0600][35.678s][info][gc,phases      ] GC(115)   Evacuate Collection Set: 5.78ms
[2026-04-03T02:48:38.128+0600][35.678s][info][gc,phases      ] GC(115)   Post Evacuate Collection Set: 0.96ms
[2026-04-03T02:48:38.128+0600][35.678s][info][gc,phases      ] GC(115)   Other: 0.11ms
[2026-04-03T02:48:38.128+0600][35.678s][info][gc,heap        ] GC(115) Eden regions: 68->0(380)
[2026-04-03T02:48:38.128+0600][35.678s][info][gc,heap        ] GC(115) Survivor regions: 10->11(37)
[2026-04-03T02:48:38.128+0600][35.678s][info][gc,heap        ] GC(115) Old regions: 84->84
[2026-04-03T02:48:38.128+0600][35.678s][info][gc,heap        ] GC(115) Humongous regions: 477->28
[2026-04-03T02:48:38.128+0600][35.678s][info][gc,metaspace   ] GC(115) Metaspace: 130579K(132032K)->130579K(132032K) NonClass: 114052K(114752K)->114052K(114752K) Class: 16526K(17280K)->16526K(17280K)
[2026-04-03T02:48:38.128+0600][35.678s][info][gc             ] GC(115) Pause Young (Mixed) (G1 Evacuation Pause) 637M->121M(652M) 7.742ms
[2026-04-03T02:48:38.128+0600][35.678s][info][gc,cpu         ] GC(115) User=0.04s Sys=0.02s Real=0.00s
[2026-04-03T02:48:38.129+0600][35.678s][info][gc,start       ] GC(116) Pause Young (Concurrent Start) (G1 Humongous Allocation)
[2026-04-03T02:48:38.129+0600][35.679s][info][gc,task        ] GC(116) Using 10 workers of 10 for evacuation
[2026-04-03T02:48:38.133+0600][35.682s][info][gc,phases      ] GC(116)   Pre Evacuate Collection Set: 0.31ms
[2026-04-03T02:48:38.133+0600][35.682s][info][gc,phases      ] GC(116)   Merge Heap Roots: 0.11ms
[2026-04-03T02:48:38.133+0600][35.682s][info][gc,phases      ] GC(116)   Evacuate Collection Set: 2.55ms
[2026-04-03T02:48:38.133+0600][35.682s][info][gc,phases      ] GC(116)   Post Evacuate Collection Set: 0.62ms
[2026-04-03T02:48:38.133+0600][35.682s][info][gc,phases      ] GC(116)   Other: 0.15ms
[2026-04-03T02:48:38.133+0600][35.682s][info][gc,heap        ] GC(116) Eden regions: 3->0(380)
[2026-04-03T02:48:38.133+0600][35.682s][info][gc,heap        ] GC(116) Survivor regions: 11->11(49)
[2026-04-03T02:48:38.133+0600][35.682s][info][gc,heap        ] GC(116) Old regions: 84->84
[2026-04-03T02:48:38.133+0600][35.682s][info][gc,heap        ] GC(116) Humongous regions: 28->8
[2026-04-03T02:48:38.133+0600][35.682s][info][gc,metaspace   ] GC(116) Metaspace: 130579K(132032K)->130579K(132032K) NonClass: 114052K(114752K)->114052K(114752K) Class: 16526K(17280K)->16526K(17280K)
[2026-04-03T02:48:38.133+0600][35.682s][info][gc             ] GC(116) Pause Young (Concurrent Start) (G1 Humongous Allocation) 123M->101M(652M) 4.050ms
[2026-04-03T02:48:38.133+0600][35.683s][info][gc             ] GC(117) Concurrent Mark Cycle
[2026-04-03T02:48:38.133+0600][35.683s][info][gc,marking     ] GC(117) Concurrent Scan Root Regions
[2026-04-03T02:48:38.133+0600][35.683s][info][gc,cpu         ] GC(116) User=0.03s Sys=0.00s Real=0.01s
[2026-04-03T02:48:38.136+0600][35.686s][info][gc,marking     ] GC(117) Concurrent Scan Root Regions 3.015ms
[2026-04-03T02:48:38.136+0600][35.686s][info][gc,marking     ] GC(117) Concurrent Mark
[2026-04-03T02:48:38.136+0600][35.686s][info][gc,marking     ] GC(117) Concurrent Mark From Roots
[2026-04-03T02:48:38.136+0600][35.686s][info][gc,task        ] GC(117) Using 3 workers of 3 for marking
[2026-04-03T02:48:38.221+0600][35.771s][info][gc,marking     ] GC(117) Concurrent Mark From Roots 84.999ms
[2026-04-03T02:48:38.221+0600][35.771s][info][gc,marking     ] GC(117) Concurrent Preclean
[2026-04-03T02:48:38.222+0600][35.772s][info][gc,marking     ] GC(117) Concurrent Preclean 0.764ms
[2026-04-03T02:48:38.222+0600][35.772s][info][gc,start       ] GC(117) Pause Remark
[2026-04-03T02:48:38.232+0600][35.782s][info][gc             ] GC(117) Pause Remark 267M->267M(652M) 9.877ms
[2026-04-03T02:48:38.232+0600][35.782s][info][gc,cpu         ] GC(117) User=0.07s Sys=0.01s Real=0.01s
[2026-04-03T02:48:38.233+0600][35.782s][info][gc,marking     ] GC(117) Concurrent Mark 96.557ms
[2026-04-03T02:48:38.233+0600][35.782s][info][gc,marking     ] GC(117) Concurrent Rebuild Remembered Sets and Scrub Regions
[2026-04-03T02:48:38.266+0600][35.816s][info][gc,marking     ] GC(117) Concurrent Rebuild Remembered Sets and Scrub Regions 33.195ms
[2026-04-03T02:48:38.266+0600][35.816s][info][gc,start       ] GC(117) Pause Cleanup
[2026-04-03T02:48:38.267+0600][35.816s][info][gc             ] GC(117) Pause Cleanup 281M->281M(652M) 0.381ms
[2026-04-03T02:48:38.267+0600][35.816s][info][gc,cpu         ] GC(117) User=0.00s Sys=0.00s Real=0.00s
[2026-04-03T02:48:38.267+0600][35.817s][info][gc,marking     ] GC(117) Concurrent Clear Claimed Marks
[2026-04-03T02:48:38.267+0600][35.817s][info][gc,marking     ] GC(117) Concurrent Clear Claimed Marks 0.473ms
[2026-04-03T02:48:38.267+0600][35.817s][info][gc,marking     ] GC(117) Concurrent Cleanup for Next Mark
[2026-04-03T02:48:38.270+0600][35.820s][info][gc,marking     ] GC(117) Concurrent Cleanup for Next Mark 2.848ms
[2026-04-03T02:48:38.270+0600][35.820s][info][gc             ] GC(117) Concurrent Mark Cycle 137.590ms
[2026-04-03T02:48:38.803+0600][36.352s][info][gc,start       ] GC(118) Pause Young (Prepare Mixed) (G1 Evacuation Pause)
[2026-04-03T02:48:38.803+0600][36.352s][info][gc,task        ] GC(118) Using 10 workers of 10 for evacuation
[2026-04-03T02:48:38.810+0600][36.359s][info][gc,phases      ] GC(118)   Pre Evacuate Collection Set: 0.35ms
[2026-04-03T02:48:38.810+0600][36.359s][info][gc,phases      ] GC(118)   Merge Heap Roots: 0.33ms
[2026-04-03T02:48:38.810+0600][36.359s][info][gc,phases      ] GC(118)   Evacuate Collection Set: 5.36ms
[2026-04-03T02:48:38.810+0600][36.360s][info][gc,phases      ] GC(118)   Post Evacuate Collection Set: 0.74ms
[2026-04-03T02:48:38.810+0600][36.360s][info][gc,phases      ] GC(118)   Other: 0.11ms
[2026-04-03T02:48:38.810+0600][36.360s][info][gc,heap        ] GC(118) Eden regions: 320->0(390)
[2026-04-03T02:48:38.810+0600][36.360s][info][gc,heap        ] GC(118) Survivor regions: 11->10(50)
[2026-04-03T02:48:38.810+0600][36.360s][info][gc,heap        ] GC(118) Old regions: 84->85
[2026-04-03T02:48:38.810+0600][36.360s][info][gc,heap        ] GC(118) Humongous regions: 242->8
[2026-04-03T02:48:38.810+0600][36.360s][info][gc,metaspace   ] GC(118) Metaspace: 130629K(132096K)->130629K(132096K) NonClass: 114102K(114816K)->114102K(114816K) Class: 16527K(17280K)->16527K(17280K)
[2026-04-03T02:48:38.810+0600][36.360s][info][gc             ] GC(118) Pause Young (Prepare Mixed) (G1 Evacuation Pause) 655M->101M(668M) 7.231ms
[2026-04-03T02:48:38.810+0600][36.360s][info][gc,cpu         ] GC(118) User=0.04s Sys=0.02s Real=0.01s
[2026-04-03T02:48:39.218+0600][36.768s][info][gc,start       ] GC(119) Pause Young (Mixed) (G1 Evacuation Pause)
[2026-04-03T02:48:39.218+0600][36.768s][info][gc,task        ] GC(119) Using 10 workers of 10 for evacuation
[2026-04-03T02:48:39.225+0600][36.775s][info][gc,phases      ] GC(119)   Pre Evacuate Collection Set: 0.51ms
[2026-04-03T02:48:39.225+0600][36.775s][info][gc,phases      ] GC(119)   Merge Heap Roots: 0.27ms
[2026-04-03T02:48:39.225+0600][36.775s][info][gc,phases      ] GC(119)   Evacuate Collection Set: 5.55ms
[2026-04-03T02:48:39.225+0600][36.775s][info][gc,phases      ] GC(119)   Post Evacuate Collection Set: 0.87ms
[2026-04-03T02:48:39.225+0600][36.775s][info][gc,phases      ] GC(119)   Other: 0.12ms
[2026-04-03T02:48:39.225+0600][36.775s][info][gc,heap        ] GC(119) Eden regions: 313->0(397)
[2026-04-03T02:48:39.225+0600][36.775s][info][gc,heap        ] GC(119) Survivor regions: 10->10(50)
[2026-04-03T02:48:39.226+0600][36.775s][info][gc,heap        ] GC(119) Old regions: 85->84
[2026-04-03T02:48:39.226+0600][36.775s][info][gc,heap        ] GC(119) Humongous regions: 260->8
[2026-04-03T02:48:39.226+0600][36.775s][info][gc,metaspace   ] GC(119) Metaspace: 130676K(132160K)->130676K(132160K) NonClass: 114149K(114880K)->114149K(114880K) Class: 16527K(17280K)->16527K(17280K)
[2026-04-03T02:48:39.226+0600][36.775s][info][gc             ] GC(119) Pause Young (Mixed) (G1 Evacuation Pause) 666M->100M(679M) 7.633ms
[2026-04-03T02:48:39.226+0600][36.775s][info][gc,cpu         ] GC(119) User=0.05s Sys=0.01s Real=0.01s
[2026-04-03T02:48:39.246+0600][36.796s][info][gc,start       ] GC(120) Pause Young (Concurrent Start) (G1 Humongous Allocation)
[2026-04-03T02:48:39.246+0600][36.796s][info][gc,task        ] GC(120) Using 10 workers of 10 for evacuation
[2026-04-03T02:48:39.252+0600][36.802s][info][gc,phases      ] GC(120)   Pre Evacuate Collection Set: 0.58ms
[2026-04-03T02:48:39.252+0600][36.802s][info][gc,phases      ] GC(120)   Merge Heap Roots: 0.22ms
[2026-04-03T02:48:39.252+0600][36.802s][info][gc,phases      ] GC(120)   Evacuate Collection Set: 4.04ms
[2026-04-03T02:48:39.252+0600][36.802s][info][gc,phases      ] GC(120)   Post Evacuate Collection Set: 0.69ms
[2026-04-03T02:48:39.252+0600][36.802s][info][gc,phases      ] GC(120)   Other: 0.19ms
[2026-04-03T02:48:39.252+0600][36.802s][info][gc,heap        ] GC(120) Eden regions: 20->0(397)
[2026-04-03T02:48:39.252+0600][36.802s][info][gc,heap        ] GC(120) Survivor regions: 10->10(51)
[2026-04-03T02:48:39.252+0600][36.802s][info][gc,heap        ] GC(120) Old regions: 84->84
[2026-04-03T02:48:39.252+0600][36.802s][info][gc,heap        ] GC(120) Humongous regions: 8->8
[2026-04-03T02:48:39.252+0600][36.802s][info][gc,metaspace   ] GC(120) Metaspace: 130678K(132160K)->130678K(132160K) NonClass: 114151K(114880K)->114151K(114880K) Class: 16527K(17280K)->16527K(17280K)
[2026-04-03T02:48:39.252+0600][36.802s][info][gc             ] GC(120) Pause Young (Concurrent Start) (G1 Humongous Allocation) 119M->100M(679M) 6.047ms
[2026-04-03T02:48:39.252+0600][36.802s][info][gc             ] GC(121) Concurrent Mark Cycle
[2026-04-03T02:48:39.252+0600][36.802s][info][gc,marking     ] GC(121) Concurrent Scan Root Regions
[2026-04-03T02:48:39.252+0600][36.802s][info][gc,cpu         ] GC(120) User=0.05s Sys=0.00s Real=0.01s
[2026-04-03T02:48:39.256+0600][36.806s][info][gc,marking     ] GC(121) Concurrent Scan Root Regions 3.671ms
[2026-04-03T02:48:39.256+0600][36.806s][info][gc,marking     ] GC(121) Concurrent Mark
[2026-04-03T02:48:39.256+0600][36.806s][info][gc,marking     ] GC(121) Concurrent Mark From Roots
[2026-04-03T02:48:39.256+0600][36.806s][info][gc,task        ] GC(121) Using 3 workers of 3 for marking
[2026-04-03T02:48:39.333+0600][36.883s][info][gc,marking     ] GC(121) Concurrent Mark From Roots 77.313ms
[2026-04-03T02:48:39.333+0600][36.883s][info][gc,marking     ] GC(121) Concurrent Preclean
[2026-04-03T02:48:39.334+0600][36.884s][info][gc,marking     ] GC(121) Concurrent Preclean 0.638ms
[2026-04-03T02:48:39.335+0600][36.884s][info][gc,start       ] GC(121) Pause Remark
[2026-04-03T02:48:39.343+0600][36.893s][info][gc             ] GC(121) Pause Remark 187M->187M(480M) 8.821ms
[2026-04-03T02:48:39.344+0600][36.893s][info][gc,cpu         ] GC(121) User=0.07s Sys=0.01s Real=0.01s
[2026-04-03T02:48:39.344+0600][36.894s][info][gc,marking     ] GC(121) Concurrent Mark 88.008ms
[2026-04-03T02:48:39.344+0600][36.894s][info][gc,marking     ] GC(121) Concurrent Rebuild Remembered Sets and Scrub Regions
[2026-04-03T02:48:39.379+0600][36.928s][info][gc,marking     ] GC(121) Concurrent Rebuild Remembered Sets and Scrub Regions 34.453ms
[2026-04-03T02:48:39.379+0600][36.929s][info][gc,start       ] GC(121) Pause Cleanup
[2026-04-03T02:48:39.380+0600][36.930s][info][gc             ] GC(121) Pause Cleanup 224M->224M(480M) 0.334ms
[2026-04-03T02:48:39.380+0600][36.930s][info][gc,cpu         ] GC(121) User=0.01s Sys=0.00s Real=0.01s
[2026-04-03T02:48:39.380+0600][36.930s][info][gc,marking     ] GC(121) Concurrent Clear Claimed Marks
[2026-04-03T02:48:39.380+0600][36.930s][info][gc,marking     ] GC(121) Concurrent Clear Claimed Marks 0.365ms
[2026-04-03T02:48:39.380+0600][36.930s][info][gc,marking     ] GC(121) Concurrent Cleanup for Next Mark
[2026-04-03T02:48:39.381+0600][36.931s][info][gc,marking     ] GC(121) Concurrent Cleanup for Next Mark 0.874ms
[2026-04-03T02:48:39.381+0600][36.931s][info][gc             ] GC(121) Concurrent Mark Cycle 129.281ms
[2026-04-03T02:48:39.659+0600][37.209s][info][gc,start       ] GC(122) Pause Young (Prepare Mixed) (G1 Evacuation Pause)
[2026-04-03T02:48:39.659+0600][37.209s][info][gc,task        ] GC(122) Using 10 workers of 10 for evacuation
[2026-04-03T02:48:39.663+0600][37.213s][info][gc,phases      ] GC(122)   Pre Evacuate Collection Set: 0.37ms
[2026-04-03T02:48:39.663+0600][37.213s][info][gc,phases      ] GC(122)   Merge Heap Roots: 0.16ms
[2026-04-03T02:48:39.663+0600][37.213s][info][gc,phases      ] GC(122)   Evacuate Collection Set: 2.69ms
[2026-04-03T02:48:39.663+0600][37.213s][info][gc,phases      ] GC(122)   Post Evacuate Collection Set: 0.51ms
[2026-04-03T02:48:39.663+0600][37.213s][info][gc,phases      ] GC(122)   Other: 0.07ms
[2026-04-03T02:48:39.663+0600][37.213s][info][gc,heap        ] GC(122) Eden regions: 205->0(285)
[2026-04-03T02:48:39.663+0600][37.213s][info][gc,heap        ] GC(122) Survivor regions: 10->8(36)
[2026-04-03T02:48:39.663+0600][37.213s][info][gc,heap        ] GC(122) Old regions: 84->85
[2026-04-03T02:48:39.663+0600][37.213s][info][gc,heap        ] GC(122) Humongous regions: 181->8
[2026-04-03T02:48:39.663+0600][37.213s][info][gc,metaspace   ] GC(122) Metaspace: 130711K(132224K)->130711K(132224K) NonClass: 114183K(114944K)->114183K(114944K) Class: 16527K(17280K)->16527K(17280K)
[2026-04-03T02:48:39.663+0600][37.213s][info][gc             ] GC(122) Pause Young (Prepare Mixed) (G1 Evacuation Pause) 478M->99M(489M) 4.013ms
[2026-04-03T02:48:39.663+0600][37.213s][info][gc,cpu         ] GC(122) User=0.02s Sys=0.00s Real=0.01s
[2026-04-03T02:48:40.111+0600][37.661s][info][gc,start       ] GC(123) Pause Young (Mixed) (GCLocker Initiated GC)
[2026-04-03T02:48:40.111+0600][37.661s][info][gc,task        ] GC(123) Using 10 workers of 10 for evacuation
[2026-04-03T02:48:40.118+0600][37.668s][info][gc,phases      ] GC(123)   Pre Evacuate Collection Set: 0.50ms
[2026-04-03T02:48:40.119+0600][37.668s][info][gc,phases      ] GC(123)   Merge Heap Roots: 0.37ms
[2026-04-03T02:48:40.119+0600][37.668s][info][gc,phases      ] GC(123)   Evacuate Collection Set: 5.66ms
[2026-04-03T02:48:40.119+0600][37.668s][info][gc,phases      ] GC(123)   Post Evacuate Collection Set: 0.75ms
[2026-04-03T02:48:40.119+0600][37.668s][info][gc,phases      ] GC(123)   Other: 0.13ms
[2026-04-03T02:48:40.119+0600][37.668s][info][gc,heap        ] GC(123) Eden regions: 278->0(291)
[2026-04-03T02:48:40.119+0600][37.668s][info][gc,heap        ] GC(123) Survivor regions: 8->10(37)
[2026-04-03T02:48:40.119+0600][37.668s][info][gc,heap        ] GC(123) Old regions: 85->84
[2026-04-03T02:48:40.119+0600][37.668s][info][gc,heap        ] GC(123) Humongous regions: 120->8
[2026-04-03T02:48:40.119+0600][37.668s][info][gc,metaspace   ] GC(123) Metaspace: 130719K(132224K)->130719K(132224K) NonClass: 114192K(114944K)->114192K(114944K) Class: 16527K(17280K)->16527K(17280K)
[2026-04-03T02:48:40.119+0600][37.668s][info][gc             ] GC(123) Pause Young (Mixed) (GCLocker Initiated GC) 489M->99M(502M) 7.725ms
[2026-04-03T02:48:40.119+0600][37.668s][info][gc,cpu         ] GC(123) User=0.04s Sys=0.02s Real=0.00s
[2026-04-03T02:48:40.121+0600][37.671s][info][gc,start       ] GC(124) Pause Young (Concurrent Start) (G1 Humongous Allocation)
[2026-04-03T02:48:40.121+0600][37.671s][info][gc,task        ] GC(124) Using 10 workers of 10 for evacuation
[2026-04-03T02:48:40.126+0600][37.676s][info][gc,phases      ] GC(124)   Pre Evacuate Collection Set: 0.51ms
[2026-04-03T02:48:40.126+0600][37.676s][info][gc,phases      ] GC(124)   Merge Heap Roots: 0.18ms
[2026-04-03T02:48:40.126+0600][37.676s][info][gc,phases      ] GC(124)   Evacuate Collection Set: 3.02ms
[2026-04-03T02:48:40.126+0600][37.676s][info][gc,phases      ] GC(124)   Post Evacuate Collection Set: 0.59ms
[2026-04-03T02:48:40.126+0600][37.676s][info][gc,phases      ] GC(124)   Other: 0.26ms
[2026-04-03T02:48:40.126+0600][37.676s][info][gc,heap        ] GC(124) Eden regions: 6->0(286)
[2026-04-03T02:48:40.126+0600][37.676s][info][gc,heap        ] GC(124) Survivor regions: 10->9(38)
[2026-04-03T02:48:40.126+0600][37.676s][info][gc,heap        ] GC(124) Old regions: 84->84
[2026-04-03T02:48:40.126+0600][37.676s][info][gc,heap        ] GC(124) Humongous regions: 8->8
[2026-04-03T02:48:40.126+0600][37.676s][info][gc,metaspace   ] GC(124) Metaspace: 130719K(132224K)->130719K(132224K) NonClass: 114192K(114944K)->114192K(114944K) Class: 16527K(17280K)->16527K(17280K)
[2026-04-03T02:48:40.126+0600][37.676s][info][gc             ] GC(124) Pause Young (Concurrent Start) (G1 Humongous Allocation) 105M->99M(502M) 4.845ms
[2026-04-03T02:48:40.126+0600][37.676s][info][gc             ] GC(125) Concurrent Mark Cycle
[2026-04-03T02:48:40.126+0600][37.676s][info][gc,marking     ] GC(125) Concurrent Scan Root Regions
[2026-04-03T02:48:40.126+0600][37.676s][info][gc,cpu         ] GC(124) User=0.03s Sys=0.00s Real=0.00s
[2026-04-03T02:48:40.129+0600][37.679s][info][gc,marking     ] GC(125) Concurrent Scan Root Regions 3.020ms
[2026-04-03T02:48:40.129+0600][37.679s][info][gc,marking     ] GC(125) Concurrent Mark
[2026-04-03T02:48:40.129+0600][37.679s][info][gc,marking     ] GC(125) Concurrent Mark From Roots
[2026-04-03T02:48:40.129+0600][37.679s][info][gc,task        ] GC(125) Using 3 workers of 3 for marking
[2026-04-03T02:48:40.218+0600][37.768s][info][gc,marking     ] GC(125) Concurrent Mark From Roots 88.757ms
[2026-04-03T02:48:40.218+0600][37.768s][info][gc,marking     ] GC(125) Concurrent Preclean
[2026-04-03T02:48:40.219+0600][37.769s][info][gc,marking     ] GC(125) Concurrent Preclean 0.748ms
[2026-04-03T02:48:40.219+0600][37.769s][info][gc,start       ] GC(125) Pause Remark
[2026-04-03T02:48:40.229+0600][37.778s][info][gc             ] GC(125) Pause Remark 181M->181M(470M) 9.142ms
[2026-04-03T02:48:40.229+0600][37.779s][info][gc,cpu         ] GC(125) User=0.08s Sys=0.01s Real=0.01s
[2026-04-03T02:48:40.231+0600][37.781s][info][gc,marking     ] GC(125) Concurrent Mark 101.987ms
[2026-04-03T02:48:40.231+0600][37.781s][info][gc,marking     ] GC(125) Concurrent Rebuild Remembered Sets and Scrub Regions
[2026-04-03T02:48:40.265+0600][37.815s][info][gc,marking     ] GC(125) Concurrent Rebuild Remembered Sets and Scrub Regions 33.571ms
[2026-04-03T02:48:40.265+0600][37.815s][info][gc,start       ] GC(125) Pause Cleanup
[2026-04-03T02:48:40.266+0600][37.816s][info][gc             ] GC(125) Pause Cleanup 219M->219M(470M) 0.420ms
[2026-04-03T02:48:40.266+0600][37.816s][info][gc,cpu         ] GC(125) User=0.00s Sys=0.00s Real=0.00s
[2026-04-03T02:48:40.266+0600][37.816s][info][gc,marking     ] GC(125) Concurrent Clear Claimed Marks
[2026-04-03T02:48:40.266+0600][37.816s][info][gc,marking     ] GC(125) Concurrent Clear Claimed Marks 0.425ms
[2026-04-03T02:48:40.267+0600][37.816s][info][gc,marking     ] GC(125) Concurrent Cleanup for Next Mark
[2026-04-03T02:48:40.267+0600][37.817s][info][gc,marking     ] GC(125) Concurrent Cleanup for Next Mark 0.827ms
[2026-04-03T02:48:40.267+0600][37.817s][info][gc             ] GC(125) Concurrent Mark Cycle 141.228ms
[2026-04-03T02:48:40.451+0600][38.000s][info][gc,start       ] GC(126) Pause Young (Prepare Mixed) (G1 Evacuation Pause)
[2026-04-03T02:48:40.451+0600][38.001s][info][gc,task        ] GC(126) Using 10 workers of 10 for evacuation
[2026-04-03T02:48:40.458+0600][38.008s][info][gc,phases      ] GC(126)   Pre Evacuate Collection Set: 0.45ms
[2026-04-03T02:48:40.458+0600][38.008s][info][gc,phases      ] GC(126)   Merge Heap Roots: 0.33ms
[2026-04-03T02:48:40.458+0600][38.008s][info][gc,phases      ] GC(126)   Evacuate Collection Set: 5.50ms
[2026-04-03T02:48:40.458+0600][38.008s][info][gc,phases      ] GC(126)   Post Evacuate Collection Set: 0.76ms
[2026-04-03T02:48:40.458+0600][38.008s][info][gc,phases      ] GC(126)   Other: 0.12ms
[2026-04-03T02:48:40.458+0600][38.008s][info][gc,heap        ] GC(126) Eden regions: 203->0(278)
[2026-04-03T02:48:40.458+0600][38.008s][info][gc,heap        ] GC(126) Survivor regions: 9->10(36)
[2026-04-03T02:48:40.458+0600][38.008s][info][gc,heap        ] GC(126) Old regions: 84->85
[2026-04-03T02:48:40.458+0600][38.008s][info][gc,heap        ] GC(126) Humongous regions: 174->8
[2026-04-03T02:48:40.458+0600][38.008s][info][gc,metaspace   ] GC(126) Metaspace: 130736K(132224K)->130736K(132224K) NonClass: 114209K(114944K)->114209K(114944K) Class: 16527K(17280K)->16527K(17280K)
[2026-04-03T02:48:40.458+0600][38.008s][info][gc             ] GC(126) Pause Young (Prepare Mixed) (G1 Evacuation Pause) 468M->100M(481M) 7.543ms
[2026-04-03T02:48:40.458+0600][38.008s][info][gc,cpu         ] GC(126) User=0.04s Sys=0.02s Real=0.00s
[2026-04-03T02:48:40.740+0600][38.290s][info][gc,start       ] GC(127) Pause Young (Mixed) (G1 Evacuation Pause)
[2026-04-03T02:48:40.740+0600][38.290s][info][gc,task        ] GC(127) Using 10 workers of 10 for evacuation
[2026-04-03T02:48:40.747+0600][38.297s][info][gc,phases      ] GC(127)   Pre Evacuate Collection Set: 0.56ms
[2026-04-03T02:48:40.747+0600][38.297s][info][gc,phases      ] GC(127)   Merge Heap Roots: 0.23ms
[2026-04-03T02:48:40.747+0600][38.297s][info][gc,phases      ] GC(127)   Evacuate Collection Set: 5.12ms
[2026-04-03T02:48:40.747+0600][38.297s][info][gc,phases      ] GC(127)   Post Evacuate Collection Set: 0.66ms
[2026-04-03T02:48:40.747+0600][38.297s][info][gc,phases      ] GC(127)   Other: 0.12ms
[2026-04-03T02:48:40.747+0600][38.297s][info][gc,heap        ] GC(127) Eden regions: 229->0(288)
[2026-04-03T02:48:40.747+0600][38.297s][info][gc,heap        ] GC(127) Survivor regions: 10->9(36)
[2026-04-03T02:48:40.747+0600][38.297s][info][gc,heap        ] GC(127) Old regions: 85->84
[2026-04-03T02:48:40.747+0600][38.297s][info][gc,heap        ] GC(127) Humongous regions: 161->8
[2026-04-03T02:48:40.747+0600][38.297s][info][gc,metaspace   ] GC(127) Metaspace: 130758K(132224K)->130758K(132224K) NonClass: 114230K(114944K)->114230K(114944K) Class: 16527K(17280K)->16527K(17280K)
[2026-04-03T02:48:40.747+0600][38.297s][info][gc             ] GC(127) Pause Young (Mixed) (G1 Evacuation Pause) 482M->99M(495M) 7.020ms
[2026-04-03T02:48:40.747+0600][38.297s][info][gc,cpu         ] GC(127) User=0.04s Sys=0.01s Real=0.00s
[2026-04-03T02:48:40.753+0600][38.303s][info][gc,start       ] GC(128) Pause Young (Concurrent Start) (G1 Humongous Allocation)
[2026-04-03T02:48:40.753+0600][38.303s][info][gc,task        ] GC(128) Using 10 workers of 10 for evacuation
[2026-04-03T02:48:40.758+0600][38.307s][info][gc,phases      ] GC(128)   Pre Evacuate Collection Set: 0.42ms
[2026-04-03T02:48:40.758+0600][38.307s][info][gc,phases      ] GC(128)   Merge Heap Roots: 0.16ms
[2026-04-03T02:48:40.758+0600][38.307s][info][gc,phases      ] GC(128)   Evacuate Collection Set: 3.17ms
[2026-04-03T02:48:40.758+0600][38.307s][info][gc,phases      ] GC(128)   Post Evacuate Collection Set: 0.54ms
[2026-04-03T02:48:40.758+0600][38.308s][info][gc,phases      ] GC(128)   Other: 0.12ms
[2026-04-03T02:48:40.758+0600][38.308s][info][gc,heap        ] GC(128) Eden regions: 9->0(288)
[2026-04-03T02:48:40.758+0600][38.308s][info][gc,heap        ] GC(128) Survivor regions: 9->9(38)
[2026-04-03T02:48:40.758+0600][38.308s][info][gc,heap        ] GC(128) Old regions: 84->84
[2026-04-03T02:48:40.758+0600][38.308s][info][gc,heap        ] GC(128) Humongous regions: 8->8
[2026-04-03T02:48:40.758+0600][38.308s][info][gc,metaspace   ] GC(128) Metaspace: 130758K(132224K)->130758K(132224K) NonClass: 114230K(114944K)->114230K(114944K) Class: 16527K(17280K)->16527K(17280K)
[2026-04-03T02:48:40.758+0600][38.308s][info][gc             ] GC(128) Pause Young (Concurrent Start) (G1 Humongous Allocation) 107M->98M(495M) 4.682ms
[2026-04-03T02:48:40.758+0600][38.308s][info][gc             ] GC(129) Concurrent Mark Cycle
[2026-04-03T02:48:40.758+0600][38.308s][info][gc,cpu         ] GC(128) User=0.03s Sys=0.01s Real=0.00s
[2026-04-03T02:48:40.758+0600][38.308s][info][gc,marking     ] GC(129) Concurrent Scan Root Regions
[2026-04-03T02:48:40.761+0600][38.311s][info][gc,marking     ] GC(129) Concurrent Scan Root Regions 3.086ms
[2026-04-03T02:48:40.761+0600][38.311s][info][gc,marking     ] GC(129) Concurrent Mark
[2026-04-03T02:48:40.761+0600][38.311s][info][gc,marking     ] GC(129) Concurrent Mark From Roots
[2026-04-03T02:48:40.761+0600][38.311s][info][gc,task        ] GC(129) Using 3 workers of 3 for marking
[2026-04-03T02:48:40.819+0600][38.369s][info][gc,marking     ] GC(129) Concurrent Mark From Roots 57.757ms
[2026-04-03T02:48:40.819+0600][38.369s][info][gc,marking     ] GC(129) Concurrent Preclean
[2026-04-03T02:48:40.819+0600][38.369s][info][gc,marking     ] GC(129) Concurrent Preclean 0.264ms
[2026-04-03T02:48:40.820+0600][38.370s][info][gc,start       ] GC(129) Pause Remark
[2026-04-03T02:48:40.828+0600][38.377s][info][gc             ] GC(129) Pause Remark 133M->133M(394M) 7.916ms
[2026-04-03T02:48:40.828+0600][38.378s][info][gc,cpu         ] GC(129) User=0.06s Sys=0.01s Real=0.00s
[2026-04-03T02:48:40.828+0600][38.378s][info][gc,marking     ] GC(129) Concurrent Mark 66.909ms
[2026-04-03T02:48:40.828+0600][38.378s][info][gc,marking     ] GC(129) Concurrent Rebuild Remembered Sets and Scrub Regions
[2026-04-03T02:48:40.853+0600][38.403s][info][gc,marking     ] GC(129) Concurrent Rebuild Remembered Sets and Scrub Regions 24.744ms
[2026-04-03T02:48:40.853+0600][38.403s][info][gc,start       ] GC(129) Pause Cleanup
[2026-04-03T02:48:40.854+0600][38.403s][info][gc             ] GC(129) Pause Cleanup 142M->142M(394M) 0.350ms
[2026-04-03T02:48:40.854+0600][38.403s][info][gc,cpu         ] GC(129) User=0.00s Sys=0.00s Real=0.00s
[2026-04-03T02:48:40.854+0600][38.404s][info][gc,marking     ] GC(129) Concurrent Clear Claimed Marks
[2026-04-03T02:48:40.854+0600][38.404s][info][gc,marking     ] GC(129) Concurrent Clear Claimed Marks 0.382ms
[2026-04-03T02:48:40.854+0600][38.404s][info][gc,marking     ] GC(129) Concurrent Cleanup for Next Mark
[2026-04-03T02:48:40.855+0600][38.405s][info][gc,marking     ] GC(129) Concurrent Cleanup for Next Mark 0.663ms
[2026-04-03T02:48:40.855+0600][38.405s][info][gc             ] GC(129) Concurrent Mark Cycle 97.131ms
[2026-04-03T02:48:41.105+0600][38.654s][info][gc,start       ] GC(130) Pause Young (Prepare Mixed) (G1 Evacuation Pause)
[2026-04-03T02:48:41.105+0600][38.654s][info][gc,task        ] GC(130) Using 9 workers of 10 for evacuation
[2026-04-03T02:48:41.110+0600][38.660s][info][gc,phases      ] GC(130)   Pre Evacuate Collection Set: 0.37ms
[2026-04-03T02:48:41.110+0600][38.660s][info][gc,phases      ] GC(130)   Merge Heap Roots: 0.22ms
[2026-04-03T02:48:41.110+0600][38.660s][info][gc,phases      ] GC(130)   Evacuate Collection Set: 3.94ms
[2026-04-03T02:48:41.110+0600][38.660s][info][gc,phases      ] GC(130)   Post Evacuate Collection Set: 0.66ms
[2026-04-03T02:48:41.110+0600][38.660s][info][gc,phases      ] GC(130)   Other: 0.11ms
[2026-04-03T02:48:41.110+0600][38.660s][info][gc,heap        ] GC(130) Eden regions: 208->0(241)
[2026-04-03T02:48:41.110+0600][38.660s][info][gc,heap        ] GC(130) Survivor regions: 9->9(30)
[2026-04-03T02:48:41.110+0600][38.660s][info][gc,heap        ] GC(130) Old regions: 84->85
[2026-04-03T02:48:41.110+0600][38.660s][info][gc,heap        ] GC(130) Humongous regions: 106->8
[2026-04-03T02:48:41.110+0600][38.660s][info][gc,metaspace   ] GC(130) Metaspace: 130793K(132288K)->130793K(132288K) NonClass: 114266K(115008K)->114266K(115008K) Class: 16527K(17280K)->16527K(17280K)
[2026-04-03T02:48:41.110+0600][38.660s][info][gc             ] GC(130) Pause Young (Prepare Mixed) (G1 Evacuation Pause) 404M->99M(417M) 5.607ms
[2026-04-03T02:48:41.110+0600][38.660s][info][gc,cpu         ] GC(130) User=0.03s Sys=0.00s Real=0.01s
[2026-04-03T02:48:41.302+0600][38.851s][info][gc,start       ] GC(131) Pause Young (Mixed) (G1 Evacuation Pause)
[2026-04-03T02:48:41.302+0600][38.852s][info][gc,task        ] GC(131) Using 10 workers of 10 for evacuation
[2026-04-03T02:48:41.308+0600][38.857s][info][gc,phases      ] GC(131)   Pre Evacuate Collection Set: 0.41ms
[2026-04-03T02:48:41.308+0600][38.857s][info][gc,phases      ] GC(131)   Merge Heap Roots: 0.19ms
[2026-04-03T02:48:41.308+0600][38.857s][info][gc,phases      ] GC(131)   Evacuate Collection Set: 4.20ms
[2026-04-03T02:48:41.308+0600][38.857s][info][gc,phases      ] GC(131)   Post Evacuate Collection Set: 0.73ms
[2026-04-03T02:48:41.308+0600][38.857s][info][gc,phases      ] GC(131)   Other: 0.10ms
[2026-04-03T02:48:41.308+0600][38.857s][info][gc,heap        ] GC(131) Eden regions: 147->0(295)
[2026-04-03T02:48:41.308+0600][38.857s][info][gc,heap        ] GC(131) Survivor regions: 9->10(32)
[2026-04-03T02:48:41.308+0600][38.857s][info][gc,heap        ] GC(131) Old regions: 85->85
[2026-04-03T02:48:41.308+0600][38.857s][info][gc,heap        ] GC(131) Humongous regions: 256->13
[2026-04-03T02:48:41.308+0600][38.857s][info][gc,metaspace   ] GC(131) Metaspace: 130794K(132288K)->130794K(132288K) NonClass: 114266K(115008K)->114266K(115008K) Class: 16527K(17280K)->16527K(17280K)
[2026-04-03T02:48:41.308+0600][38.857s][info][gc             ] GC(131) Pause Young (Mixed) (G1 Evacuation Pause) 494M->105M(509M) 5.947ms
[2026-04-03T02:48:41.308+0600][38.858s][info][gc,cpu         ] GC(131) User=0.04s Sys=0.01s Real=0.00s
[2026-04-03T02:48:41.308+0600][38.858s][info][gc,start       ] GC(132) Pause Young (Concurrent Start) (G1 Humongous Allocation)
[2026-04-03T02:48:41.308+0600][38.858s][info][gc,task        ] GC(132) Using 10 workers of 10 for evacuation
[2026-04-03T02:48:41.311+0600][38.861s][info][gc,phases      ] GC(132)   Pre Evacuate Collection Set: 0.32ms
[2026-04-03T02:48:41.312+0600][38.861s][info][gc,phases      ] GC(132)   Merge Heap Roots: 0.09ms
[2026-04-03T02:48:41.312+0600][38.861s][info][gc,phases      ] GC(132)   Evacuate Collection Set: 2.26ms
[2026-04-03T02:48:41.312+0600][38.861s][info][gc,phases      ] GC(132)   Post Evacuate Collection Set: 0.44ms
[2026-04-03T02:48:41.312+0600][38.861s][info][gc,phases      ] GC(132)   Other: 0.12ms
[2026-04-03T02:48:41.312+0600][38.861s][info][gc,heap        ] GC(132) Eden regions: 2->0(295)
[2026-04-03T02:48:41.312+0600][38.861s][info][gc,heap        ] GC(132) Survivor regions: 10->10(39)
[2026-04-03T02:48:41.312+0600][38.861s][info][gc,heap        ] GC(132) Old regions: 85->85
[2026-04-03T02:48:41.312+0600][38.861s][info][gc,heap        ] GC(132) Humongous regions: 13->8
[2026-04-03T02:48:41.312+0600][38.861s][info][gc,metaspace   ] GC(132) Metaspace: 130794K(132288K)->130794K(132288K) NonClass: 114266K(115008K)->114266K(115008K) Class: 16527K(17280K)->16527K(17280K)
[2026-04-03T02:48:41.312+0600][38.861s][info][gc             ] GC(132) Pause Young (Concurrent Start) (G1 Humongous Allocation) 107M->101M(509M) 3.543ms
[2026-04-03T02:48:41.312+0600][38.861s][info][gc             ] GC(133) Concurrent Mark Cycle
[2026-04-03T02:48:41.312+0600][38.861s][info][gc,marking     ] GC(133) Concurrent Scan Root Regions
[2026-04-03T02:48:41.312+0600][38.862s][info][gc,cpu         ] GC(132) User=0.03s Sys=0.00s Real=0.01s
[2026-04-03T02:48:41.314+0600][38.864s][info][gc,marking     ] GC(133) Concurrent Scan Root Regions 2.494ms
[2026-04-03T02:48:41.314+0600][38.864s][info][gc,marking     ] GC(133) Concurrent Mark
[2026-04-03T02:48:41.314+0600][38.864s][info][gc,marking     ] GC(133) Concurrent Mark From Roots
[2026-04-03T02:48:41.314+0600][38.864s][info][gc,task        ] GC(133) Using 3 workers of 3 for marking
[2026-04-03T02:48:41.392+0600][38.942s][info][gc,marking     ] GC(133) Concurrent Mark From Roots 77.703ms
[2026-04-03T02:48:41.392+0600][38.942s][info][gc,marking     ] GC(133) Concurrent Preclean
[2026-04-03T02:48:41.393+0600][38.942s][info][gc,marking     ] GC(133) Concurrent Preclean 0.380ms
[2026-04-03T02:48:41.393+0600][38.943s][info][gc,start       ] GC(133) Pause Remark
[2026-04-03T02:48:41.402+0600][38.951s][info][gc             ] GC(133) Pause Remark 295M->295M(509M) 8.573ms
[2026-04-03T02:48:41.402+0600][38.951s][info][gc,cpu         ] GC(133) User=0.07s Sys=0.00s Real=0.01s
[2026-04-03T02:48:41.402+0600][38.952s][info][gc,marking     ] GC(133) Concurrent Mark 87.693ms
[2026-04-03T02:48:41.402+0600][38.952s][info][gc,marking     ] GC(133) Concurrent Rebuild Remembered Sets and Scrub Regions
[2026-04-03T02:48:41.433+0600][38.983s][info][gc,marking     ] GC(133) Concurrent Rebuild Remembered Sets and Scrub Regions 30.890ms
[2026-04-03T02:48:41.433+0600][38.983s][info][gc,start       ] GC(133) Pause Cleanup
[2026-04-03T02:48:41.434+0600][38.984s][info][gc             ] GC(133) Pause Cleanup 306M->306M(509M) 0.412ms
[2026-04-03T02:48:41.434+0600][38.984s][info][gc,cpu         ] GC(133) User=0.00s Sys=0.00s Real=0.00s
[2026-04-03T02:48:41.434+0600][38.984s][info][gc,marking     ] GC(133) Concurrent Clear Claimed Marks
[2026-04-03T02:48:41.435+0600][38.984s][info][gc,marking     ] GC(133) Concurrent Clear Claimed Marks 0.336ms
[2026-04-03T02:48:41.435+0600][38.984s][info][gc,marking     ] GC(133) Concurrent Cleanup for Next Mark
[2026-04-03T02:48:41.436+0600][38.986s][info][gc,marking     ] GC(133) Concurrent Cleanup for Next Mark 1.332ms
[2026-04-03T02:48:41.436+0600][38.986s][info][gc             ] GC(133) Concurrent Mark Cycle 124.204ms
[2026-04-03T02:48:41.476+0600][39.026s][info][gc,start       ] GC(134) Pause Young (Prepare Mixed) (G1 Evacuation Pause)
[2026-04-03T02:48:41.476+0600][39.026s][info][gc,task        ] GC(134) Using 10 workers of 10 for evacuation
[2026-04-03T02:48:41.481+0600][39.030s][info][gc,phases      ] GC(134)   Pre Evacuate Collection Set: 0.34ms
[2026-04-03T02:48:41.481+0600][39.030s][info][gc,phases      ] GC(134)   Merge Heap Roots: 0.18ms
[2026-04-03T02:48:41.481+0600][39.030s][info][gc,phases      ] GC(134)   Evacuate Collection Set: 3.36ms
[2026-04-03T02:48:41.481+0600][39.030s][info][gc,phases      ] GC(134)   Post Evacuate Collection Set: 0.71ms
[2026-04-03T02:48:41.481+0600][39.030s][info][gc,phases      ] GC(134)   Other: 0.09ms
[2026-04-03T02:48:41.481+0600][39.030s][info][gc,heap        ] GC(134) Eden regions: 67->0(366)
[2026-04-03T02:48:41.481+0600][39.030s][info][gc,heap        ] GC(134) Survivor regions: 10->10(43)
[2026-04-03T02:48:41.481+0600][39.030s][info][gc,heap        ] GC(134) Old regions: 85->86
[2026-04-03T02:48:41.481+0600][39.030s][info][gc,heap        ] GC(134) Humongous regions: 454->18
[2026-04-03T02:48:41.481+0600][39.030s][info][gc,metaspace   ] GC(134) Metaspace: 130800K(132288K)->130800K(132288K) NonClass: 114272K(115008K)->114272K(115008K) Class: 16527K(17280K)->16527K(17280K)
[2026-04-03T02:48:41.481+0600][39.030s][info][gc             ] GC(134) Pause Young (Prepare Mixed) (G1 Evacuation Pause) 614M->111M(627M) 4.963ms
[2026-04-03T02:48:41.481+0600][39.031s][info][gc,cpu         ] GC(134) User=0.02s Sys=0.02s Real=0.01s
[2026-04-03T02:48:42.081+0600][39.631s][info][gc,start       ] GC(135) Pause Young (Mixed) (G1 Evacuation Pause)
[2026-04-03T02:48:42.081+0600][39.631s][info][gc,task        ] GC(135) Using 10 workers of 10 for evacuation
[2026-04-03T02:48:42.087+0600][39.637s][info][gc,phases      ] GC(135)   Pre Evacuate Collection Set: 0.31ms
[2026-04-03T02:48:42.087+0600][39.637s][info][gc,phases      ] GC(135)   Merge Heap Roots: 0.21ms
[2026-04-03T02:48:42.087+0600][39.637s][info][gc,phases      ] GC(135)   Evacuate Collection Set: 5.05ms
[2026-04-03T02:48:42.087+0600][39.637s][info][gc,phases      ] GC(135)   Post Evacuate Collection Set: 0.70ms
[2026-04-03T02:48:42.087+0600][39.637s][info][gc,phases      ] GC(135)   Other: 0.10ms
[2026-04-03T02:48:42.087+0600][39.637s][info][gc,heap        ] GC(135) Eden regions: 322->0(377)
[2026-04-03T02:48:42.087+0600][39.637s][info][gc,heap        ] GC(135) Survivor regions: 10->9(47)
[2026-04-03T02:48:42.087+0600][39.637s][info][gc,heap        ] GC(135) Old regions: 86->85
[2026-04-03T02:48:42.087+0600][39.637s][info][gc,heap        ] GC(135) Humongous regions: 216->8
[2026-04-03T02:48:42.087+0600][39.637s][info][gc,metaspace   ] GC(135) Metaspace: 130817K(132288K)->130817K(132288K) NonClass: 114289K(115008K)->114289K(115008K) Class: 16528K(17280K)->16528K(17280K)
[2026-04-03T02:48:42.088+0600][39.637s][info][gc             ] GC(135) Pause Young (Mixed) (G1 Evacuation Pause) 631M->100M(644M) 6.630ms
[2026-04-03T02:48:42.088+0600][39.637s][info][gc,cpu         ] GC(135) User=0.04s Sys=0.01s Real=0.00s
[2026-04-03T02:48:42.105+0600][39.655s][info][gc,start       ] GC(136) Pause Young (Concurrent Start) (GCLocker Initiated GC)
[2026-04-03T02:48:42.106+0600][39.655s][info][gc,task        ] GC(136) Using 10 workers of 10 for evacuation
[2026-04-03T02:48:42.110+0600][39.660s][info][gc,phases      ] GC(136)   Pre Evacuate Collection Set: 0.47ms
[2026-04-03T02:48:42.110+0600][39.660s][info][gc,phases      ] GC(136)   Merge Heap Roots: 0.18ms
[2026-04-03T02:48:42.110+0600][39.660s][info][gc,phases      ] GC(136)   Evacuate Collection Set: 3.33ms
[2026-04-03T02:48:42.110+0600][39.660s][info][gc,phases      ] GC(136)   Post Evacuate Collection Set: 0.57ms
[2026-04-03T02:48:42.110+0600][39.660s][info][gc,phases      ] GC(136)   Other: 0.22ms
[2026-04-03T02:48:42.110+0600][39.660s][info][gc,heap        ] GC(136) Eden regions: 23->0(376)
[2026-04-03T02:48:42.110+0600][39.660s][info][gc,heap        ] GC(136) Survivor regions: 9->10(49)
[2026-04-03T02:48:42.110+0600][39.660s][info][gc,heap        ] GC(136) Old regions: 85->85
[2026-04-03T02:48:42.110+0600][39.660s][info][gc,heap        ] GC(136) Humongous regions: 8->8
[2026-04-03T02:48:42.110+0600][39.660s][info][gc,metaspace   ] GC(136) Metaspace: 130817K(132288K)->130817K(132288K) NonClass: 114289K(115008K)->114289K(115008K) Class: 16528K(17280K)->16528K(17280K)
[2026-04-03T02:48:42.111+0600][39.660s][info][gc             ] GC(136) Pause Young (Concurrent Start) (GCLocker Initiated GC) 123M->100M(644M) 5.131ms
[2026-04-03T02:48:42.111+0600][39.660s][info][gc             ] GC(137) Concurrent Mark Cycle
[2026-04-03T02:48:42.111+0600][39.660s][info][gc,marking     ] GC(137) Concurrent Scan Root Regions
[2026-04-03T02:48:42.111+0600][39.661s][info][gc,cpu         ] GC(136) User=0.04s Sys=0.00s Real=0.01s
[2026-04-03T02:48:42.114+0600][39.664s][info][gc,marking     ] GC(137) Concurrent Scan Root Regions 3.364ms
[2026-04-03T02:48:42.114+0600][39.664s][info][gc,marking     ] GC(137) Concurrent Mark
[2026-04-03T02:48:42.114+0600][39.664s][info][gc,marking     ] GC(137) Concurrent Mark From Roots
[2026-04-03T02:48:42.114+0600][39.664s][info][gc,task        ] GC(137) Using 3 workers of 3 for marking
[2026-04-03T02:48:42.202+0600][39.752s][info][gc,marking     ] GC(137) Concurrent Mark From Roots 87.918ms
[2026-04-03T02:48:42.202+0600][39.752s][info][gc,marking     ] GC(137) Concurrent Preclean
[2026-04-03T02:48:42.203+0600][39.753s][info][gc,marking     ] GC(137) Concurrent Preclean 0.665ms
[2026-04-03T02:48:42.204+0600][39.753s][info][gc,start       ] GC(137) Pause Remark
[2026-04-03T02:48:42.213+0600][39.763s][info][gc             ] GC(137) Pause Remark 187M->187M(484M) 9.445ms
[2026-04-03T02:48:42.213+0600][39.763s][info][gc,cpu         ] GC(137) User=0.07s Sys=0.00s Real=0.01s
[2026-04-03T02:48:42.213+0600][39.763s][info][gc,marking     ] GC(137) Concurrent Mark 99.139ms
[2026-04-03T02:48:42.213+0600][39.763s][info][gc,marking     ] GC(137) Concurrent Rebuild Remembered Sets and Scrub Regions
[2026-04-03T02:48:42.251+0600][39.801s][info][gc,marking     ] GC(137) Concurrent Rebuild Remembered Sets and Scrub Regions 37.867ms
[2026-04-03T02:48:42.253+0600][39.803s][info][gc,start       ] GC(137) Pause Cleanup
[2026-04-03T02:48:42.254+0600][39.803s][info][gc             ] GC(137) Pause Cleanup 226M->226M(484M) 0.377ms
[2026-04-03T02:48:42.254+0600][39.803s][info][gc,cpu         ] GC(137) User=0.00s Sys=0.00s Real=0.00s
[2026-04-03T02:48:42.254+0600][39.803s][info][gc,marking     ] GC(137) Concurrent Clear Claimed Marks
[2026-04-03T02:48:42.254+0600][39.804s][info][gc,marking     ] GC(137) Concurrent Clear Claimed Marks 0.417ms
[2026-04-03T02:48:42.254+0600][39.804s][info][gc,marking     ] GC(137) Concurrent Cleanup for Next Mark
[2026-04-03T02:48:42.257+0600][39.806s][info][gc,marking     ] GC(137) Concurrent Cleanup for Next Mark 2.437ms
[2026-04-03T02:48:42.257+0600][39.806s][info][gc             ] GC(137) Concurrent Mark Cycle 146.117ms
[2026-04-03T02:48:42.465+0600][40.015s][info][gc,start       ] GC(138) Pause Young (Prepare Mixed) (G1 Evacuation Pause)
[2026-04-03T02:48:42.465+0600][40.015s][info][gc,task        ] GC(138) Using 10 workers of 10 for evacuation
[2026-04-03T02:48:42.473+0600][40.023s][info][gc,phases      ] GC(138)   Pre Evacuate Collection Set: 0.52ms
[2026-04-03T02:48:42.474+0600][40.023s][info][gc,phases      ] GC(138)   Merge Heap Roots: 0.43ms
[2026-04-03T02:48:42.474+0600][40.023s][info][gc,phases      ] GC(138)   Evacuate Collection Set: 6.00ms
[2026-04-03T02:48:42.474+0600][40.023s][info][gc,phases      ] GC(138)   Post Evacuate Collection Set: 0.88ms
[2026-04-03T02:48:42.474+0600][40.023s][info][gc,phases      ] GC(138)   Other: 0.14ms
[2026-04-03T02:48:42.474+0600][40.023s][info][gc,heap        ] GC(138) Eden regions: 213->0(290)
[2026-04-03T02:48:42.474+0600][40.023s][info][gc,heap        ] GC(138) Survivor regions: 10->10(37)
[2026-04-03T02:48:42.474+0600][40.023s][info][gc,heap        ] GC(138) Old regions: 85->86
[2026-04-03T02:48:42.474+0600][40.023s][info][gc,heap        ] GC(138) Humongous regions: 182->10
[2026-04-03T02:48:42.474+0600][40.023s][info][gc,metaspace   ] GC(138) Metaspace: 130817K(132288K)->130817K(132288K) NonClass: 114289K(115008K)->114289K(115008K) Class: 16528K(17280K)->16528K(17280K)
[2026-04-03T02:48:42.474+0600][40.023s][info][gc             ] GC(138) Pause Young (Prepare Mixed) (G1 Evacuation Pause) 487M->103M(501M) 8.318ms
[2026-04-03T02:48:42.474+0600][40.023s][info][gc,cpu         ] GC(138) User=0.06s Sys=0.02s Real=0.01s
[2026-04-03T02:48:42.795+0600][40.345s][info][gc,start       ] GC(139) Pause Young (Mixed) (G1 Evacuation Pause)
[2026-04-03T02:48:42.795+0600][40.345s][info][gc,task        ] GC(139) Using 10 workers of 10 for evacuation
[2026-04-03T02:48:42.800+0600][40.349s][info][gc,phases      ] GC(139)   Pre Evacuate Collection Set: 0.37ms
[2026-04-03T02:48:42.800+0600][40.349s][info][gc,phases      ] GC(139)   Merge Heap Roots: 0.16ms
[2026-04-03T02:48:42.800+0600][40.349s][info][gc,phases      ] GC(139)   Evacuate Collection Set: 3.41ms
[2026-04-03T02:48:42.800+0600][40.349s][info][gc,phases      ] GC(139)   Post Evacuate Collection Set: 0.68ms
[2026-04-03T02:48:42.800+0600][40.349s][info][gc,phases      ] GC(139)   Other: 0.12ms
[2026-04-03T02:48:42.800+0600][40.349s][info][gc,heap        ] GC(139) Eden regions: 229->0(305)
[2026-04-03T02:48:42.800+0600][40.349s][info][gc,heap        ] GC(139) Survivor regions: 10->8(38)
[2026-04-03T02:48:42.800+0600][40.349s][info][gc,heap        ] GC(139) Old regions: 86->85
[2026-04-03T02:48:42.800+0600][40.349s][info][gc,heap        ] GC(139) Humongous regions: 188->8
[2026-04-03T02:48:42.800+0600][40.350s][info][gc,metaspace   ] GC(139) Metaspace: 130820K(132288K)->130820K(132288K) NonClass: 114292K(115008K)->114292K(115008K) Class: 16528K(17280K)->16528K(17280K)
[2026-04-03T02:48:42.800+0600][40.350s][info][gc             ] GC(139) Pause Young (Mixed) (G1 Evacuation Pause) 510M->99M(522M) 4.988ms
[2026-04-03T02:48:42.800+0600][40.350s][info][gc,cpu         ] GC(139) User=0.02s Sys=0.01s Real=0.01s
[2026-04-03T02:48:42.811+0600][40.361s][info][gc,start       ] GC(140) Pause Young (Concurrent Start) (G1 Humongous Allocation)
[2026-04-03T02:48:42.811+0600][40.361s][info][gc,task        ] GC(140) Using 10 workers of 10 for evacuation
[2026-04-03T02:48:42.815+0600][40.364s][info][gc,phases      ] GC(140)   Pre Evacuate Collection Set: 0.31ms
[2026-04-03T02:48:42.815+0600][40.364s][info][gc,phases      ] GC(140)   Merge Heap Roots: 0.15ms
[2026-04-03T02:48:42.815+0600][40.364s][info][gc,phases      ] GC(140)   Evacuate Collection Set: 2.10ms
[2026-04-03T02:48:42.815+0600][40.364s][info][gc,phases      ] GC(140)   Post Evacuate Collection Set: 0.47ms
[2026-04-03T02:48:42.815+0600][40.364s][info][gc,phases      ] GC(140)   Other: 0.12ms
[2026-04-03T02:48:42.815+0600][40.364s][info][gc,heap        ] GC(140) Eden regions: 5->0(306)
[2026-04-03T02:48:42.815+0600][40.364s][info][gc,heap        ] GC(140) Survivor regions: 8->7(40)
[2026-04-03T02:48:42.815+0600][40.364s][info][gc,heap        ] GC(140) Old regions: 85->85
[2026-04-03T02:48:42.815+0600][40.364s][info][gc,heap        ] GC(140) Humongous regions: 8->8
[2026-04-03T02:48:42.815+0600][40.364s][info][gc,metaspace   ] GC(140) Metaspace: 130820K(132288K)->130820K(132288K) NonClass: 114292K(115008K)->114292K(115008K) Class: 16528K(17280K)->16528K(17280K)
[2026-04-03T02:48:42.815+0600][40.365s][info][gc             ] GC(140) Pause Young (Concurrent Start) (G1 Humongous Allocation) 104M->98M(522M) 3.401ms
[2026-04-03T02:48:42.815+0600][40.365s][info][gc             ] GC(141) Concurrent Mark Cycle
[2026-04-03T02:48:42.815+0600][40.365s][info][gc,marking     ] GC(141) Concurrent Scan Root Regions
[2026-04-03T02:48:42.815+0600][40.365s][info][gc,cpu         ] GC(140) User=0.02s Sys=0.01s Real=0.00s
[2026-04-03T02:48:42.817+0600][40.366s][info][gc,marking     ] GC(141) Concurrent Scan Root Regions 1.799ms
[2026-04-03T02:48:42.817+0600][40.366s][info][gc,marking     ] GC(141) Concurrent Mark
[2026-04-03T02:48:42.817+0600][40.366s][info][gc,marking     ] GC(141) Concurrent Mark From Roots
[2026-04-03T02:48:42.817+0600][40.366s][info][gc,task        ] GC(141) Using 3 workers of 3 for marking
[2026-04-03T02:48:42.904+0600][40.454s][info][gc,marking     ] GC(141) Concurrent Mark From Roots 87.249ms
[2026-04-03T02:48:42.904+0600][40.454s][info][gc,marking     ] GC(141) Concurrent Preclean
[2026-04-03T02:48:42.905+0600][40.454s][info][gc,marking     ] GC(141) Concurrent Preclean 0.561ms
[2026-04-03T02:48:42.905+0600][40.455s][info][gc,start       ] GC(141) Pause Remark
[2026-04-03T02:48:42.913+0600][40.463s][info][gc             ] GC(141) Pause Remark 179M->179M(404M) 8.131ms
[2026-04-03T02:48:42.913+0600][40.463s][info][gc,cpu         ] GC(141) User=0.06s Sys=0.00s Real=0.01s
[2026-04-03T02:48:42.914+0600][40.463s][info][gc,marking     ] GC(141) Concurrent Mark 96.859ms
[2026-04-03T02:48:42.914+0600][40.463s][info][gc,marking     ] GC(141) Concurrent Rebuild Remembered Sets and Scrub Regions
[2026-04-03T02:48:42.942+0600][40.492s][info][gc,marking     ] GC(141) Concurrent Rebuild Remembered Sets and Scrub Regions 28.315ms
[2026-04-03T02:48:42.942+0600][40.492s][info][gc,start       ] GC(141) Pause Cleanup
[2026-04-03T02:48:42.943+0600][40.493s][info][gc             ] GC(141) Pause Cleanup 189M->189M(404M) 0.422ms
[2026-04-03T02:48:42.943+0600][40.493s][info][gc,cpu         ] GC(141) User=0.00s Sys=0.01s Real=0.00s
[2026-04-03T02:48:42.943+0600][40.493s][info][gc,marking     ] GC(141) Concurrent Clear Claimed Marks
[2026-04-03T02:48:42.943+0600][40.493s][info][gc,marking     ] GC(141) Concurrent Clear Claimed Marks 0.395ms
[2026-04-03T02:48:42.944+0600][40.493s][info][gc,marking     ] GC(141) Concurrent Cleanup for Next Mark
[2026-04-03T02:48:42.944+0600][40.494s][info][gc,marking     ] GC(141) Concurrent Cleanup for Next Mark 0.910ms
[2026-04-03T02:48:42.945+0600][40.494s][info][gc             ] GC(141) Concurrent Mark Cycle 129.686ms
[2026-04-03T02:48:43.172+0600][40.722s][info][gc,start       ] GC(142) Pause Young (Prepare Mixed) (G1 Evacuation Pause)
[2026-04-03T02:48:43.172+0600][40.722s][info][gc,task        ] GC(142) Using 9 workers of 10 for evacuation
[2026-04-03T02:48:43.181+0600][40.731s][info][gc,phases      ] GC(142)   Pre Evacuate Collection Set: 0.71ms
[2026-04-03T02:48:43.181+0600][40.731s][info][gc,phases      ] GC(142)   Merge Heap Roots: 0.27ms
[2026-04-03T02:48:43.181+0600][40.731s][info][gc,phases      ] GC(142)   Evacuate Collection Set: 6.83ms
[2026-04-03T02:48:43.181+0600][40.731s][info][gc,phases      ] GC(142)   Post Evacuate Collection Set: 0.81ms
[2026-04-03T02:48:43.181+0600][40.731s][info][gc,phases      ] GC(142)   Other: 0.11ms
[2026-04-03T02:48:43.181+0600][40.731s][info][gc,heap        ] GC(142) Eden regions: 216->0(238)
[2026-04-03T02:48:43.181+0600][40.731s][info][gc,heap        ] GC(142) Survivor regions: 7->11(31)
[2026-04-03T02:48:43.181+0600][40.731s][info][gc,heap        ] GC(142) Old regions: 85->86
[2026-04-03T02:48:43.181+0600][40.731s][info][gc,heap        ] GC(142) Humongous regions: 96->8
[2026-04-03T02:48:43.181+0600][40.731s][info][gc,metaspace   ] GC(142) Metaspace: 130940K(132416K)->130940K(132416K) NonClass: 114396K(115136K)->114396K(115136K) Class: 16543K(17280K)->16543K(17280K)
[2026-04-03T02:48:43.181+0600][40.731s][info][gc             ] GC(142) Pause Young (Prepare Mixed) (G1 Evacuation Pause) 402M->103M(416M) 9.027ms
[2026-04-03T02:48:43.181+0600][40.731s][info][gc,cpu         ] GC(142) User=0.04s Sys=0.01s Real=0.01s
[2026-04-03T02:48:43.411+0600][40.960s][info][gc,start       ] GC(143) Pause Young (Mixed) (G1 Evacuation Pause)
[2026-04-03T02:48:43.411+0600][40.960s][info][gc,task        ] GC(143) Using 10 workers of 10 for evacuation
[2026-04-03T02:48:43.416+0600][40.966s][info][gc,phases      ] GC(143)   Pre Evacuate Collection Set: 0.28ms
[2026-04-03T02:48:43.416+0600][40.966s][info][gc,phases      ] GC(143)   Merge Heap Roots: 0.15ms
[2026-04-03T02:48:43.416+0600][40.966s][info][gc,phases      ] GC(143)   Evacuate Collection Set: 4.32ms
[2026-04-03T02:48:43.416+0600][40.966s][info][gc,phases      ] GC(143)   Post Evacuate Collection Set: 0.69ms
[2026-04-03T02:48:43.416+0600][40.966s][info][gc,phases      ] GC(143)   Other: 0.10ms
[2026-04-03T02:48:43.416+0600][40.966s][info][gc,heap        ] GC(143) Eden regions: 187->0(297)
[2026-04-03T02:48:43.416+0600][40.966s][info][gc,heap        ] GC(143) Survivor regions: 11->11(36)
[2026-04-03T02:48:43.416+0600][40.966s][info][gc,heap        ] GC(143) Old regions: 86->86
[2026-04-03T02:48:43.416+0600][40.966s][info][gc,heap        ] GC(143) Humongous regions: 217->23
[2026-04-03T02:48:43.416+0600][40.966s][info][gc,metaspace   ] GC(143) Metaspace: 130943K(132416K)->130943K(132416K) NonClass: 114400K(115136K)->114400K(115136K) Class: 16543K(17280K)->16543K(17280K)
[2026-04-03T02:48:43.417+0600][40.966s][info][gc             ] GC(143) Pause Young (Mixed) (G1 Evacuation Pause) 499M->117M(514M) 5.808ms
[2026-04-03T02:48:43.417+0600][40.966s][info][gc,cpu         ] GC(143) User=0.04s Sys=0.01s Real=0.00s
[2026-04-03T02:48:43.417+0600][40.967s][info][gc,start       ] GC(144) Pause Young (Concurrent Start) (G1 Humongous Allocation)
[2026-04-03T02:48:43.417+0600][40.967s][info][gc,task        ] GC(144) Using 10 workers of 10 for evacuation
[2026-04-03T02:48:43.421+0600][40.970s][info][gc,phases      ] GC(144)   Pre Evacuate Collection Set: 0.31ms
[2026-04-03T02:48:43.421+0600][40.970s][info][gc,phases      ] GC(144)   Merge Heap Roots: 0.09ms
[2026-04-03T02:48:43.421+0600][40.970s][info][gc,phases      ] GC(144)   Evacuate Collection Set: 2.43ms
[2026-04-03T02:48:43.421+0600][40.970s][info][gc,phases      ] GC(144)   Post Evacuate Collection Set: 0.47ms
[2026-04-03T02:48:43.421+0600][40.970s][info][gc,phases      ] GC(144)   Other: 0.11ms
[2026-04-03T02:48:43.421+0600][40.971s][info][gc,heap        ] GC(144) Eden regions: 2->0(298)
[2026-04-03T02:48:43.421+0600][40.971s][info][gc,heap        ] GC(144) Survivor regions: 11->10(39)
[2026-04-03T02:48:43.421+0600][40.971s][info][gc,heap        ] GC(144) Old regions: 86->86
[2026-04-03T02:48:43.421+0600][40.971s][info][gc,heap        ] GC(144) Humongous regions: 23->8
[2026-04-03T02:48:43.421+0600][40.971s][info][gc,metaspace   ] GC(144) Metaspace: 130943K(132416K)->130943K(132416K) NonClass: 114400K(115136K)->114400K(115136K) Class: 16543K(17280K)->16543K(17280K)
[2026-04-03T02:48:43.421+0600][40.971s][info][gc             ] GC(144) Pause Young (Concurrent Start) (G1 Humongous Allocation) 119M->102M(514M) 3.812ms
[2026-04-03T02:48:43.421+0600][40.971s][info][gc             ] GC(145) Concurrent Mark Cycle
[2026-04-03T02:48:43.421+0600][40.971s][info][gc,marking     ] GC(145) Concurrent Scan Root Regions
[2026-04-03T02:48:43.421+0600][40.971s][info][gc,cpu         ] GC(144) User=0.02s Sys=0.00s Real=0.01s
[2026-04-03T02:48:43.423+0600][40.973s][info][gc,marking     ] GC(145) Concurrent Scan Root Regions 2.498ms
[2026-04-03T02:48:43.424+0600][40.973s][info][gc,marking     ] GC(145) Concurrent Mark
[2026-04-03T02:48:43.424+0600][40.973s][info][gc,marking     ] GC(145) Concurrent Mark From Roots
[2026-04-03T02:48:43.424+0600][40.973s][info][gc,task        ] GC(145) Using 3 workers of 3 for marking
[2026-04-03T02:48:43.503+0600][41.052s][info][gc,marking     ] GC(145) Concurrent Mark From Roots 78.994ms
[2026-04-03T02:48:43.503+0600][41.052s][info][gc,marking     ] GC(145) Concurrent Preclean
[2026-04-03T02:48:43.503+0600][41.053s][info][gc,marking     ] GC(145) Concurrent Preclean 0.345ms
[2026-04-03T02:48:43.503+0600][41.053s][info][gc,start       ] GC(145) Pause Remark
[2026-04-03T02:48:43.513+0600][41.062s][info][gc             ] GC(145) Pause Remark 362M->362M(522M) 9.332ms
[2026-04-03T02:48:43.513+0600][41.063s][info][gc,cpu         ] GC(145) User=0.07s Sys=0.00s Real=0.01s
[2026-04-03T02:48:43.513+0600][41.063s][info][gc,marking     ] GC(145) Concurrent Mark 89.560ms
[2026-04-03T02:48:43.513+0600][41.063s][info][gc,marking     ] GC(145) Concurrent Rebuild Remembered Sets and Scrub Regions
[2026-04-03T02:48:43.541+0600][41.090s][info][gc,marking     ] GC(145) Concurrent Rebuild Remembered Sets and Scrub Regions 27.452ms
[2026-04-03T02:48:43.541+0600][41.091s][info][gc,start       ] GC(145) Pause Cleanup
[2026-04-03T02:48:43.542+0600][41.091s][info][gc             ] GC(145) Pause Cleanup 373M->373M(522M) 0.448ms
[2026-04-03T02:48:43.542+0600][41.091s][info][gc,cpu         ] GC(145) User=0.00s Sys=0.00s Real=0.00s
[2026-04-03T02:48:43.542+0600][41.091s][info][gc,marking     ] GC(145) Concurrent Clear Claimed Marks
[2026-04-03T02:48:43.542+0600][41.092s][info][gc,marking     ] GC(145) Concurrent Clear Claimed Marks 0.372ms
[2026-04-03T02:48:43.542+0600][41.092s][info][gc,marking     ] GC(145) Concurrent Cleanup for Next Mark
[2026-04-03T02:48:43.544+0600][41.093s][info][gc,marking     ] GC(145) Concurrent Cleanup for Next Mark 1.558ms
[2026-04-03T02:48:43.544+0600][41.094s][info][gc             ] GC(145) Concurrent Mark Cycle 122.909ms
[2026-04-03T02:48:43.576+0600][41.125s][info][gc,start       ] GC(146) Pause Young (Prepare Mixed) (G1 Evacuation Pause)
[2026-04-03T02:48:43.576+0600][41.125s][info][gc,task        ] GC(146) Using 10 workers of 10 for evacuation
[2026-04-03T02:48:43.580+0600][41.130s][info][gc,phases      ] GC(146)   Pre Evacuate Collection Set: 0.40ms
[2026-04-03T02:48:43.581+0600][41.130s][info][gc,phases      ] GC(146)   Merge Heap Roots: 0.20ms
[2026-04-03T02:48:43.581+0600][41.130s][info][gc,phases      ] GC(146)   Evacuate Collection Set: 3.28ms
[2026-04-03T02:48:43.581+0600][41.130s][info][gc,phases      ] GC(146)   Post Evacuate Collection Set: 0.83ms
[2026-04-03T02:48:43.581+0600][41.130s][info][gc,phases      ] GC(146)   Other: 0.10ms
[2026-04-03T02:48:43.581+0600][41.130s][info][gc,heap        ] GC(146) Eden regions: 69->0(369)
[2026-04-03T02:48:43.581+0600][41.130s][info][gc,heap        ] GC(146) Survivor regions: 10->9(40)
[2026-04-03T02:48:43.581+0600][41.130s][info][gc,heap        ] GC(146) Old regions: 86->86
[2026-04-03T02:48:43.581+0600][41.130s][info][gc,heap        ] GC(146) Humongous regions: 457->18
[2026-04-03T02:48:43.581+0600][41.130s][info][gc,metaspace   ] GC(146) Metaspace: 130959K(132416K)->130959K(132416K) NonClass: 114416K(115136K)->114416K(115136K) Class: 16543K(17280K)->16543K(17280K)
[2026-04-03T02:48:43.581+0600][41.130s][info][gc             ] GC(146) Pause Young (Prepare Mixed) (G1 Evacuation Pause) 620M->110M(631M) 5.084ms
[2026-04-03T02:48:43.581+0600][41.130s][info][gc,cpu         ] GC(146) User=0.02s Sys=0.01s Real=0.01s
[2026-04-03T02:48:44.097+0600][41.647s][info][gc,start       ] GC(147) Pause Young (Mixed) (G1 Evacuation Pause)
[2026-04-03T02:48:44.097+0600][41.647s][info][gc,task        ] GC(147) Using 10 workers of 10 for evacuation
[2026-04-03T02:48:44.103+0600][41.653s][info][gc,phases      ] GC(147)   Pre Evacuate Collection Set: 0.33ms
[2026-04-03T02:48:44.103+0600][41.653s][info][gc,phases      ] GC(147)   Merge Heap Roots: 0.24ms
[2026-04-03T02:48:44.103+0600][41.653s][info][gc,phases      ] GC(147)   Evacuate Collection Set: 4.50ms
[2026-04-03T02:48:44.103+0600][41.653s][info][gc,phases      ] GC(147)   Post Evacuate Collection Set: 0.92ms
[2026-04-03T02:48:44.103+0600][41.653s][info][gc,phases      ] GC(147)   Other: 0.12ms
[2026-04-03T02:48:44.103+0600][41.653s][info][gc,heap        ] GC(147) Eden regions: 299->0(378)
[2026-04-03T02:48:44.103+0600][41.653s][info][gc,heap        ] GC(147) Survivor regions: 9->7(48)
[2026-04-03T02:48:44.103+0600][41.653s][info][gc,heap        ] GC(147) Old regions: 86->85
[2026-04-03T02:48:44.103+0600][41.653s][info][gc,heap        ] GC(147) Humongous regions: 241->10
[2026-04-03T02:48:44.103+0600][41.653s][info][gc,metaspace   ] GC(147) Metaspace: 130987K(132416K)->130987K(132416K) NonClass: 114443K(115136K)->114443K(115136K) Class: 16544K(17280K)->16544K(17280K)
[2026-04-03T02:48:44.104+0600][41.653s][info][gc             ] GC(147) Pause Young (Mixed) (G1 Evacuation Pause) 632M->100M(643M) 6.388ms
[2026-04-03T02:48:44.104+0600][41.653s][info][gc,cpu         ] GC(147) User=0.03s Sys=0.01s Real=0.01s
[2026-04-03T02:48:44.104+0600][41.654s][info][gc,start       ] GC(148) Pause Young (Concurrent Start) (G1 Humongous Allocation)
[2026-04-03T02:48:44.105+0600][41.654s][info][gc,task        ] GC(148) Using 10 workers of 10 for evacuation
[2026-04-03T02:48:44.108+0600][41.658s][info][gc,phases      ] GC(148)   Pre Evacuate Collection Set: 0.30ms
[2026-04-03T02:48:44.108+0600][41.658s][info][gc,phases      ] GC(148)   Merge Heap Roots: 0.10ms
[2026-04-03T02:48:44.108+0600][41.658s][info][gc,phases      ] GC(148)   Evacuate Collection Set: 2.36ms
[2026-04-03T02:48:44.108+0600][41.658s][info][gc,phases      ] GC(148)   Post Evacuate Collection Set: 0.57ms
[2026-04-03T02:48:44.108+0600][41.658s][info][gc,phases      ] GC(148)   Other: 0.11ms
[2026-04-03T02:48:44.108+0600][41.658s][info][gc,heap        ] GC(148) Eden regions: 3->0(378)
[2026-04-03T02:48:44.108+0600][41.658s][info][gc,heap        ] GC(148) Survivor regions: 7->7(49)
[2026-04-03T02:48:44.108+0600][41.658s][info][gc,heap        ] GC(148) Old regions: 85->85
[2026-04-03T02:48:44.108+0600][41.658s][info][gc,heap        ] GC(148) Humongous regions: 10->8
[2026-04-03T02:48:44.108+0600][41.658s][info][gc,metaspace   ] GC(148) Metaspace: 130987K(132416K)->130987K(132416K) NonClass: 114443K(115136K)->114443K(115136K) Class: 16544K(17280K)->16544K(17280K)
[2026-04-03T02:48:44.108+0600][41.658s][info][gc             ] GC(148) Pause Young (Concurrent Start) (G1 Humongous Allocation) 102M->97M(643M) 3.767ms
[2026-04-03T02:48:44.108+0600][41.658s][info][gc             ] GC(149) Concurrent Mark Cycle
[2026-04-03T02:48:44.108+0600][41.658s][info][gc,cpu         ] GC(148) User=0.02s Sys=0.00s Real=0.00s
[2026-04-03T02:48:44.108+0600][41.658s][info][gc,marking     ] GC(149) Concurrent Scan Root Regions
[2026-04-03T02:48:44.111+0600][41.661s][info][gc,marking     ] GC(149) Concurrent Scan Root Regions 2.685ms
[2026-04-03T02:48:44.111+0600][41.661s][info][gc,marking     ] GC(149) Concurrent Mark
[2026-04-03T02:48:44.111+0600][41.661s][info][gc,marking     ] GC(149) Concurrent Mark From Roots
[2026-04-03T02:48:44.111+0600][41.661s][info][gc,task        ] GC(149) Using 3 workers of 3 for marking
[2026-04-03T02:48:44.195+0600][41.745s][info][gc,marking     ] GC(149) Concurrent Mark From Roots 83.642ms
[2026-04-03T02:48:44.195+0600][41.745s][info][gc,marking     ] GC(149) Concurrent Preclean
[2026-04-03T02:48:44.196+0600][41.745s][info][gc,marking     ] GC(149) Concurrent Preclean 0.765ms
[2026-04-03T02:48:44.196+0600][41.746s][info][gc,start       ] GC(149) Pause Remark
[2026-04-03T02:48:44.205+0600][41.755s][info][gc             ] GC(149) Pause Remark 188M->188M(467M) 8.931ms
[2026-04-03T02:48:44.205+0600][41.755s][info][gc,cpu         ] GC(149) User=0.08s Sys=0.00s Real=0.01s
[2026-04-03T02:48:44.205+0600][41.755s][info][gc,marking     ] GC(149) Concurrent Mark 94.265ms
[2026-04-03T02:48:44.205+0600][41.755s][info][gc,marking     ] GC(149) Concurrent Rebuild Remembered Sets and Scrub Regions
[2026-04-03T02:48:44.236+0600][41.786s][info][gc,marking     ] GC(149) Concurrent Rebuild Remembered Sets and Scrub Regions 30.446ms
[2026-04-03T02:48:44.236+0600][41.786s][info][gc,start       ] GC(149) Pause Cleanup
[2026-04-03T02:48:44.237+0600][41.786s][info][gc             ] GC(149) Pause Cleanup 210M->210M(467M) 0.361ms
[2026-04-03T02:48:44.237+0600][41.787s][info][gc,cpu         ] GC(149) User=0.01s Sys=0.00s Real=0.00s
[2026-04-03T02:48:44.237+0600][41.787s][info][gc,marking     ] GC(149) Concurrent Clear Claimed Marks
[2026-04-03T02:48:44.237+0600][41.787s][info][gc,marking     ] GC(149) Concurrent Clear Claimed Marks 0.390ms
[2026-04-03T02:48:44.237+0600][41.787s][info][gc,marking     ] GC(149) Concurrent Cleanup for Next Mark
[2026-04-03T02:48:44.239+0600][41.788s][info][gc,marking     ] GC(149) Concurrent Cleanup for Next Mark 1.224ms
[2026-04-03T02:48:44.239+0600][41.788s][info][gc             ] GC(149) Concurrent Mark Cycle 130.400ms
[2026-04-03T02:48:44.428+0600][41.978s][info][gc,start       ] GC(150) Pause Young (Prepare Mixed) (G1 Evacuation Pause)
[2026-04-03T02:48:44.428+0600][41.978s][info][gc,task        ] GC(150) Using 10 workers of 10 for evacuation
[2026-04-03T02:48:44.434+0600][41.984s][info][gc,phases      ] GC(150)   Pre Evacuate Collection Set: 0.38ms
[2026-04-03T02:48:44.434+0600][41.984s][info][gc,phases      ] GC(150)   Merge Heap Roots: 0.26ms
[2026-04-03T02:48:44.434+0600][41.984s][info][gc,phases      ] GC(150)   Evacuate Collection Set: 4.46ms
[2026-04-03T02:48:44.434+0600][41.984s][info][gc,phases      ] GC(150)   Post Evacuate Collection Set: 0.74ms
[2026-04-03T02:48:44.434+0600][41.984s][info][gc,phases      ] GC(150)   Other: 0.11ms
[2026-04-03T02:48:44.434+0600][41.984s][info][gc,heap        ] GC(150) Eden regions: 205->0(282)
[2026-04-03T02:48:44.434+0600][41.984s][info][gc,heap        ] GC(150) Survivor regions: 7->6(36)
[2026-04-03T02:48:44.434+0600][41.984s][info][gc,heap        ] GC(150) Old regions: 85->86
[2026-04-03T02:48:44.434+0600][41.984s][info][gc,heap        ] GC(150) Humongous regions: 176->10
[2026-04-03T02:48:44.434+0600][41.984s][info][gc,metaspace   ] GC(150) Metaspace: 130989K(132416K)->130989K(132416K) NonClass: 114445K(115136K)->114445K(115136K) Class: 16544K(17280K)->16544K(17280K)
[2026-04-03T02:48:44.434+0600][41.984s][info][gc             ] GC(150) Pause Young (Prepare Mixed) (G1 Evacuation Pause) 470M->100M(480M) 6.251ms
[2026-04-03T02:48:44.434+0600][41.984s][info][gc,cpu         ] GC(150) User=0.03s Sys=0.01s Real=0.01s
[2026-04-03T02:48:44.729+0600][42.278s][info][gc,start       ] GC(151) Pause Young (Mixed) (GCLocker Initiated GC)
[2026-04-03T02:48:44.729+0600][42.279s][info][gc,task        ] GC(151) Using 10 workers of 10 for evacuation
[2026-04-03T02:48:44.736+0600][42.285s][info][gc,phases      ] GC(151)   Pre Evacuate Collection Set: 0.52ms
[2026-04-03T02:48:44.736+0600][42.285s][info][gc,phases      ] GC(151)   Merge Heap Roots: 0.31ms
[2026-04-03T02:48:44.736+0600][42.285s][info][gc,phases      ] GC(151)   Evacuate Collection Set: 4.84ms
[2026-04-03T02:48:44.736+0600][42.285s][info][gc,phases      ] GC(151)   Post Evacuate Collection Set: 0.86ms
[2026-04-03T02:48:44.736+0600][42.285s][info][gc,phases      ] GC(151)   Other: 0.17ms
[2026-04-03T02:48:44.736+0600][42.285s][info][gc,heap        ] GC(151) Eden regions: 218->0(285)
[2026-04-03T02:48:44.736+0600][42.285s][info][gc,heap        ] GC(151) Survivor regions: 6->8(36)
[2026-04-03T02:48:44.736+0600][42.285s][info][gc,heap        ] GC(151) Old regions: 86->85
[2026-04-03T02:48:44.736+0600][42.285s][info][gc,heap        ] GC(151) Humongous regions: 170->8
[2026-04-03T02:48:44.736+0600][42.285s][info][gc,metaspace   ] GC(151) Metaspace: 131007K(132416K)->131007K(132416K) NonClass: 114463K(115136K)->114463K(115136K) Class: 16544K(17280K)->16544K(17280K)
[2026-04-03T02:48:44.736+0600][42.285s][info][gc             ] GC(151) Pause Young (Mixed) (GCLocker Initiated GC) 478M->98M(489M) 7.171ms
[2026-04-03T02:48:44.736+0600][42.286s][info][gc,cpu         ] GC(151) User=0.05s Sys=0.01s Real=0.01s
[2026-04-03T02:48:44.737+0600][42.286s][info][gc,start       ] GC(152) Pause Young (Concurrent Start) (G1 Humongous Allocation)
[2026-04-03T02:48:44.737+0600][42.286s][info][gc,task        ] GC(152) Using 10 workers of 10 for evacuation
[2026-04-03T02:48:44.741+0600][42.290s][info][gc,phases      ] GC(152)   Pre Evacuate Collection Set: 0.27ms
[2026-04-03T02:48:44.741+0600][42.290s][info][gc,phases      ] GC(152)   Merge Heap Roots: 0.10ms
[2026-04-03T02:48:44.741+0600][42.290s][info][gc,phases      ] GC(152)   Evacuate Collection Set: 2.76ms
[2026-04-03T02:48:44.741+0600][42.290s][info][gc,phases      ] GC(152)   Post Evacuate Collection Set: 0.61ms
[2026-04-03T02:48:44.741+0600][42.290s][info][gc,phases      ] GC(152)   Other: 0.10ms
[2026-04-03T02:48:44.741+0600][42.290s][info][gc,heap        ] GC(152) Eden regions: 4->0(281)
[2026-04-03T02:48:44.741+0600][42.290s][info][gc,heap        ] GC(152) Survivor regions: 8->8(37)
[2026-04-03T02:48:44.741+0600][42.290s][info][gc,heap        ] GC(152) Old regions: 85->85
[2026-04-03T02:48:44.741+0600][42.290s][info][gc,heap        ] GC(152) Humongous regions: 8->8
[2026-04-03T02:48:44.741+0600][42.290s][info][gc,metaspace   ] GC(152) Metaspace: 131007K(132416K)->131007K(132416K) NonClass: 114463K(115136K)->114463K(115136K) Class: 16544K(17280K)->16544K(17280K)
[2026-04-03T02:48:44.741+0600][42.290s][info][gc             ] GC(152) Pause Young (Concurrent Start) (G1 Humongous Allocation) 101M->98M(489M) 4.087ms
[2026-04-03T02:48:44.741+0600][42.290s][info][gc             ] GC(153) Concurrent Mark Cycle
[2026-04-03T02:48:44.741+0600][42.291s][info][gc,marking     ] GC(153) Concurrent Scan Root Regions
[2026-04-03T02:48:44.741+0600][42.291s][info][gc,cpu         ] GC(152) User=0.03s Sys=0.00s Real=0.01s
[2026-04-03T02:48:44.744+0600][42.294s][info][gc,marking     ] GC(153) Concurrent Scan Root Regions 3.030ms
[2026-04-03T02:48:44.744+0600][42.294s][info][gc,marking     ] GC(153) Concurrent Mark
[2026-04-03T02:48:44.744+0600][42.294s][info][gc,marking     ] GC(153) Concurrent Mark From Roots
[2026-04-03T02:48:44.744+0600][42.294s][info][gc,task        ] GC(153) Using 3 workers of 3 for marking
[2026-04-03T02:48:44.836+0600][42.386s][info][gc,marking     ] GC(153) Concurrent Mark From Roots 92.159ms
[2026-04-03T02:48:44.836+0600][42.386s][info][gc,marking     ] GC(153) Concurrent Preclean
[2026-04-03T02:48:44.837+0600][42.387s][info][gc,marking     ] GC(153) Concurrent Preclean 0.644ms
[2026-04-03T02:48:44.837+0600][42.387s][info][gc,start       ] GC(153) Pause Remark
[2026-04-03T02:48:44.847+0600][42.396s][info][gc             ] GC(153) Pause Remark 212M->212M(489M) 9.548ms
[2026-04-03T02:48:44.847+0600][42.397s][info][gc,cpu         ] GC(153) User=0.07s Sys=0.01s Real=0.01s
[2026-04-03T02:48:44.847+0600][42.397s][info][gc,marking     ] GC(153) Concurrent Mark 103.197ms
[2026-04-03T02:48:44.847+0600][42.397s][info][gc,marking     ] GC(153) Concurrent Rebuild Remembered Sets and Scrub Regions
[2026-04-03T02:48:44.874+0600][42.424s][info][gc,marking     ] GC(153) Concurrent Rebuild Remembered Sets and Scrub Regions 26.780ms
[2026-04-03T02:48:44.874+0600][42.424s][info][gc,start       ] GC(153) Pause Cleanup
[2026-04-03T02:48:44.875+0600][42.425s][info][gc             ] GC(153) Pause Cleanup 218M->218M(489M) 0.427ms
[2026-04-03T02:48:44.875+0600][42.425s][info][gc,cpu         ] GC(153) User=0.00s Sys=0.00s Real=0.00s
[2026-04-03T02:48:44.875+0600][42.425s][info][gc,marking     ] GC(153) Concurrent Clear Claimed Marks
[2026-04-03T02:48:44.876+0600][42.425s][info][gc,marking     ] GC(153) Concurrent Clear Claimed Marks 0.351ms
[2026-04-03T02:48:44.876+0600][42.425s][info][gc,marking     ] GC(153) Concurrent Cleanup for Next Mark
[2026-04-03T02:48:44.877+0600][42.426s][info][gc,marking     ] GC(153) Concurrent Cleanup for Next Mark 1.048ms
[2026-04-03T02:48:44.877+0600][42.426s][info][gc             ] GC(153) Concurrent Mark Cycle 135.927ms
[2026-04-03T02:48:45.149+0600][42.699s][info][gc,start       ] GC(154) Pause Young (Prepare Mixed) (G1 Evacuation Pause)
[2026-04-03T02:48:45.149+0600][42.699s][info][gc,task        ] GC(154) Using 10 workers of 10 for evacuation
[2026-04-03T02:48:45.156+0600][42.706s][info][gc,phases      ] GC(154)   Pre Evacuate Collection Set: 0.54ms
[2026-04-03T02:48:45.156+0600][42.706s][info][gc,phases      ] GC(154)   Merge Heap Roots: 0.30ms
[2026-04-03T02:48:45.156+0600][42.706s][info][gc,phases      ] GC(154)   Evacuate Collection Set: 4.99ms
[2026-04-03T02:48:45.156+0600][42.706s][info][gc,phases      ] GC(154)   Post Evacuate Collection Set: 0.93ms
[2026-04-03T02:48:45.156+0600][42.706s][info][gc,phases      ] GC(154)   Other: 0.13ms
[2026-04-03T02:48:45.156+0600][42.706s][info][gc,heap        ] GC(154) Eden regions: 244->0(289)
[2026-04-03T02:48:45.156+0600][42.706s][info][gc,heap        ] GC(154) Survivor regions: 8->9(37)
[2026-04-03T02:48:45.156+0600][42.706s][info][gc,heap        ] GC(154) Old regions: 85->85
[2026-04-03T02:48:45.156+0600][42.706s][info][gc,heap        ] GC(154) Humongous regions: 152->8
[2026-04-03T02:48:45.156+0600][42.706s][info][gc,metaspace   ] GC(154) Metaspace: 131021K(132480K)->131021K(132480K) NonClass: 114477K(115200K)->114477K(115200K) Class: 16544K(17280K)->16544K(17280K)
[2026-04-03T02:48:45.156+0600][42.706s][info][gc             ] GC(154) Pause Young (Prepare Mixed) (G1 Evacuation Pause) 486M->99M(498M) 7.202ms
[2026-04-03T02:48:45.156+0600][42.706s][info][gc,cpu         ] GC(154) User=0.03s Sys=0.01s Real=0.01s
[2026-04-03T02:48:45.403+0600][42.953s][info][gc,start       ] GC(155) Pause Young (Mixed) (G1 Evacuation Pause)
[2026-04-03T02:48:45.403+0600][42.953s][info][gc,task        ] GC(155) Using 10 workers of 10 for evacuation
[2026-04-03T02:48:45.409+0600][42.959s][info][gc,phases      ] GC(155)   Pre Evacuate Collection Set: 0.27ms
[2026-04-03T02:48:45.409+0600][42.959s][info][gc,phases      ] GC(155)   Merge Heap Roots: 0.23ms
[2026-04-03T02:48:45.409+0600][42.959s][info][gc,phases      ] GC(155)   Evacuate Collection Set: 4.11ms
[2026-04-03T02:48:45.409+0600][42.959s][info][gc,phases      ] GC(155)   Post Evacuate Collection Set: 0.76ms
[2026-04-03T02:48:45.409+0600][42.959s][info][gc,phases      ] GC(155)   Other: 0.09ms
[2026-04-03T02:48:45.409+0600][42.959s][info][gc,heap        ] GC(155) Eden regions: 222->0(355)
[2026-04-03T02:48:45.409+0600][42.959s][info][gc,heap        ] GC(155) Survivor regions: 9->10(38)
[2026-04-03T02:48:45.409+0600][42.959s][info][gc,heap        ] GC(155) Old regions: 85->84
[2026-04-03T02:48:45.409+0600][42.959s][info][gc,heap        ] GC(155) Humongous regions: 282->18
[2026-04-03T02:48:45.409+0600][42.959s][info][gc,metaspace   ] GC(155) Metaspace: 131022K(132480K)->131022K(132480K) NonClass: 114478K(115200K)->114478K(115200K) Class: 16544K(17280K)->16544K(17280K)
[2026-04-03T02:48:45.409+0600][42.959s][info][gc             ] GC(155) Pause Young (Mixed) (G1 Evacuation Pause) 595M->109M(609M) 5.731ms
[2026-04-03T02:48:45.409+0600][42.959s][info][gc,cpu         ] GC(155) User=0.03s Sys=0.02s Real=0.00s
[2026-04-03T02:48:45.410+0600][42.960s][info][gc,start       ] GC(156) Pause Young (Concurrent Start) (G1 Humongous Allocation)
[2026-04-03T02:48:45.410+0600][42.960s][info][gc,task        ] GC(156) Using 10 workers of 10 for evacuation
[2026-04-03T02:48:45.413+0600][42.963s][info][gc,phases      ] GC(156)   Pre Evacuate Collection Set: 0.27ms
[2026-04-03T02:48:45.413+0600][42.963s][info][gc,phases      ] GC(156)   Merge Heap Roots: 0.08ms
[2026-04-03T02:48:45.413+0600][42.963s][info][gc,phases      ] GC(156)   Evacuate Collection Set: 2.29ms
[2026-04-03T02:48:45.413+0600][42.963s][info][gc,phases      ] GC(156)   Post Evacuate Collection Set: 0.51ms
[2026-04-03T02:48:45.413+0600][42.963s][info][gc,phases      ] GC(156)   Other: 0.08ms
[2026-04-03T02:48:45.413+0600][42.963s][info][gc,heap        ] GC(156) Eden regions: 2->0(355)
[2026-04-03T02:48:45.413+0600][42.963s][info][gc,heap        ] GC(156) Survivor regions: 10->10(46)
[2026-04-03T02:48:45.413+0600][42.963s][info][gc,heap        ] GC(156) Old regions: 84->84
[2026-04-03T02:48:45.413+0600][42.963s][info][gc,heap        ] GC(156) Humongous regions: 18->8
[2026-04-03T02:48:45.413+0600][42.963s][info][gc,metaspace   ] GC(156) Metaspace: 131022K(132480K)->131022K(132480K) NonClass: 114478K(115200K)->114478K(115200K) Class: 16544K(17280K)->16544K(17280K)
[2026-04-03T02:48:45.413+0600][42.963s][info][gc             ] GC(156) Pause Young (Concurrent Start) (G1 Humongous Allocation) 111M->99M(609M) 3.467ms
[2026-04-03T02:48:45.413+0600][42.963s][info][gc             ] GC(157) Concurrent Mark Cycle
[2026-04-03T02:48:45.413+0600][42.963s][info][gc,cpu         ] GC(156) User=0.03s Sys=0.00s Real=0.00s
[2026-04-03T02:48:45.413+0600][42.963s][info][gc,marking     ] GC(157) Concurrent Scan Root Regions
[2026-04-03T02:48:45.416+0600][42.966s][info][gc,marking     ] GC(157) Concurrent Scan Root Regions 2.748ms
[2026-04-03T02:48:45.416+0600][42.966s][info][gc,marking     ] GC(157) Concurrent Mark
[2026-04-03T02:48:45.416+0600][42.966s][info][gc,marking     ] GC(157) Concurrent Mark From Roots
[2026-04-03T02:48:45.416+0600][42.966s][info][gc,task        ] GC(157) Using 3 workers of 3 for marking
[2026-04-03T02:48:45.496+0600][43.046s][info][gc,marking     ] GC(157) Concurrent Mark From Roots 79.692ms
[2026-04-03T02:48:45.496+0600][43.046s][info][gc,marking     ] GC(157) Concurrent Preclean
[2026-04-03T02:48:45.497+0600][43.046s][info][gc,marking     ] GC(157) Concurrent Preclean 0.472ms
[2026-04-03T02:48:45.497+0600][43.046s][info][gc,start       ] GC(157) Pause Remark
[2026-04-03T02:48:45.505+0600][43.055s][info][gc             ] GC(157) Pause Remark 286M->286M(609M) 8.453ms
[2026-04-03T02:48:45.505+0600][43.055s][info][gc,cpu         ] GC(157) User=0.07s Sys=0.00s Real=0.01s
[2026-04-03T02:48:45.506+0600][43.055s][info][gc,marking     ] GC(157) Concurrent Mark 89.219ms
[2026-04-03T02:48:45.506+0600][43.055s][info][gc,marking     ] GC(157) Concurrent Rebuild Remembered Sets and Scrub Regions
[2026-04-03T02:48:45.532+0600][43.081s][info][gc,marking     ] GC(157) Concurrent Rebuild Remembered Sets and Scrub Regions 25.967ms
[2026-04-03T02:48:45.532+0600][43.082s][info][gc,start       ] GC(157) Pause Cleanup
[2026-04-03T02:48:45.532+0600][43.082s][info][gc             ] GC(157) Pause Cleanup 298M->298M(609M) 0.354ms
[2026-04-03T02:48:45.532+0600][43.082s][info][gc,cpu         ] GC(157) User=0.00s Sys=0.00s Real=0.00s
[2026-04-03T02:48:45.532+0600][43.082s][info][gc,marking     ] GC(157) Concurrent Clear Claimed Marks
[2026-04-03T02:48:45.533+0600][43.083s][info][gc,marking     ] GC(157) Concurrent Clear Claimed Marks 0.354ms
[2026-04-03T02:48:45.533+0600][43.083s][info][gc,marking     ] GC(157) Concurrent Cleanup for Next Mark
[2026-04-03T02:48:45.534+0600][43.084s][info][gc,marking     ] GC(157) Concurrent Cleanup for Next Mark 1.395ms
[2026-04-03T02:48:45.534+0600][43.084s][info][gc             ] GC(157) Concurrent Mark Cycle 120.943ms
[2026-04-03T02:48:45.591+0600][43.140s][info][gc,start       ] GC(158) Pause Young (Prepare Mixed) (G1 Evacuation Pause)
[2026-04-03T02:48:45.591+0600][43.140s][info][gc,task        ] GC(158) Using 10 workers of 10 for evacuation
[2026-04-03T02:48:45.594+0600][43.144s][info][gc,phases      ] GC(158)   Pre Evacuate Collection Set: 0.28ms
[2026-04-03T02:48:45.594+0600][43.144s][info][gc,phases      ] GC(158)   Merge Heap Roots: 0.20ms
[2026-04-03T02:48:45.594+0600][43.144s][info][gc,phases      ] GC(158)   Evacuate Collection Set: 2.19ms
[2026-04-03T02:48:45.594+0600][43.144s][info][gc,phases      ] GC(158)   Post Evacuate Collection Set: 0.64ms
[2026-04-03T02:48:45.594+0600][43.144s][info][gc,phases      ] GC(158)   Other: 0.10ms
[2026-04-03T02:48:45.594+0600][43.144s][info][gc,heap        ] GC(158) Eden regions: 71->0(391)
[2026-04-03T02:48:45.594+0600][43.144s][info][gc,heap        ] GC(158) Survivor regions: 10->4(48)
[2026-04-03T02:48:45.594+0600][43.144s][info][gc,heap        ] GC(158) Old regions: 84->84
[2026-04-03T02:48:45.594+0600][43.144s][info][gc,heap        ] GC(158) Humongous regions: 490->8
[2026-04-03T02:48:45.594+0600][43.144s][info][gc,metaspace   ] GC(158) Metaspace: 131040K(132480K)->131040K(132480K) NonClass: 114495K(115200K)->114495K(115200K) Class: 16544K(17280K)->16544K(17280K)
[2026-04-03T02:48:45.594+0600][43.144s][info][gc             ] GC(158) Pause Young (Prepare Mixed) (G1 Evacuation Pause) 652M->94M(659M) 3.706ms
[2026-04-03T02:48:45.594+0600][43.144s][info][gc,cpu         ] GC(158) User=0.02s Sys=0.00s Real=0.00s
[2026-04-03T02:48:46.203+0600][43.752s][info][gc,start       ] GC(159) Pause Young (Mixed) (G1 Evacuation Pause)
[2026-04-03T02:48:46.203+0600][43.752s][info][gc,task        ] GC(159) Using 10 workers of 10 for evacuation
[2026-04-03T02:48:46.208+0600][43.758s][info][gc,phases      ] GC(159)   Pre Evacuate Collection Set: 0.34ms
[2026-04-03T02:48:46.208+0600][43.758s][info][gc,phases      ] GC(159)   Merge Heap Roots: 0.23ms
[2026-04-03T02:48:46.208+0600][43.758s][info][gc,phases      ] GC(159)   Evacuate Collection Set: 4.03ms
[2026-04-03T02:48:46.208+0600][43.758s][info][gc,phases      ] GC(159)   Post Evacuate Collection Set: 0.76ms
[2026-04-03T02:48:46.208+0600][43.758s][info][gc,phases      ] GC(159)   Other: 0.12ms
[2026-04-03T02:48:46.208+0600][43.758s][info][gc,heap        ] GC(159) Eden regions: 371->0(397)
[2026-04-03T02:48:46.208+0600][43.758s][info][gc,heap        ] GC(159) Survivor regions: 4->8(50)
[2026-04-03T02:48:46.208+0600][43.758s][info][gc,heap        ] GC(159) Old regions: 84->84
[2026-04-03T02:48:46.208+0600][43.758s][info][gc,heap        ] GC(159) Humongous regions: 207->8
[2026-04-03T02:48:46.208+0600][43.758s][info][gc,metaspace   ] GC(159) Metaspace: 131075K(132480K)->131075K(132480K) NonClass: 114531K(115200K)->114531K(115200K) Class: 16544K(17280K)->16544K(17280K)
[2026-04-03T02:48:46.208+0600][43.758s][info][gc             ] GC(159) Pause Young (Mixed) (G1 Evacuation Pause) 664M->97M(676M) 5.796ms
[2026-04-03T02:48:46.208+0600][43.758s][info][gc,cpu         ] GC(159) User=0.04s Sys=0.01s Real=0.00s
[2026-04-03T02:48:46.221+0600][43.770s][info][gc,start       ] GC(160) Pause Young (Concurrent Start) (GCLocker Initiated GC)
[2026-04-03T02:48:46.221+0600][43.770s][info][gc,task        ] GC(160) Using 10 workers of 10 for evacuation
[2026-04-03T02:48:46.227+0600][43.776s][info][gc,phases      ] GC(160)   Pre Evacuate Collection Set: 0.77ms
[2026-04-03T02:48:46.227+0600][43.777s][info][gc,phases      ] GC(160)   Merge Heap Roots: 0.34ms
[2026-04-03T02:48:46.227+0600][43.777s][info][gc,phases      ] GC(160)   Evacuate Collection Set: 3.55ms
[2026-04-03T02:48:46.227+0600][43.777s][info][gc,phases      ] GC(160)   Post Evacuate Collection Set: 0.99ms
[2026-04-03T02:48:46.227+0600][43.777s][info][gc,phases      ] GC(160)   Other: 0.25ms
[2026-04-03T02:48:46.227+0600][43.777s][info][gc,heap        ] GC(160) Eden regions: 20->0(397)
[2026-04-03T02:48:46.227+0600][43.777s][info][gc,heap        ] GC(160) Survivor regions: 8->8(51)
[2026-04-03T02:48:46.227+0600][43.777s][info][gc,heap        ] GC(160) Old regions: 84->84
[2026-04-03T02:48:46.227+0600][43.777s][info][gc,heap        ] GC(160) Humongous regions: 8->8
[2026-04-03T02:48:46.227+0600][43.777s][info][gc,metaspace   ] GC(160) Metaspace: 131075K(132480K)->131075K(132480K) NonClass: 114531K(115200K)->114531K(115200K) Class: 16544K(17280K)->16544K(17280K)
[2026-04-03T02:48:46.227+0600][43.777s][info][gc             ] GC(160) Pause Young (Concurrent Start) (GCLocker Initiated GC) 116M->97M(676M) 6.456ms
[2026-04-03T02:48:46.227+0600][43.777s][info][gc             ] GC(161) Concurrent Mark Cycle
[2026-04-03T02:48:46.227+0600][43.777s][info][gc,marking     ] GC(161) Concurrent Scan Root Regions
[2026-04-03T02:48:46.227+0600][43.777s][info][gc,cpu         ] GC(160) User=0.04s Sys=0.00s Real=0.00s
[2026-04-03T02:48:46.230+0600][43.780s][info][gc,marking     ] GC(161) Concurrent Scan Root Regions 3.137ms
[2026-04-03T02:48:46.230+0600][43.780s][info][gc,marking     ] GC(161) Concurrent Mark
[2026-04-03T02:48:46.230+0600][43.780s][info][gc,marking     ] GC(161) Concurrent Mark From Roots
[2026-04-03T02:48:46.230+0600][43.780s][info][gc,task        ] GC(161) Using 3 workers of 3 for marking
[2026-04-03T02:48:46.310+0600][43.859s][info][gc,marking     ] GC(161) Concurrent Mark From Roots 79.334ms
[2026-04-03T02:48:46.310+0600][43.860s][info][gc,marking     ] GC(161) Concurrent Preclean
[2026-04-03T02:48:46.311+0600][43.860s][info][gc,marking     ] GC(161) Concurrent Preclean 0.720ms
[2026-04-03T02:48:46.311+0600][43.861s][info][gc,start       ] GC(161) Pause Remark
[2026-04-03T02:48:46.321+0600][43.871s][info][gc             ] GC(161) Pause Remark 182M->182M(474M) 10.002ms
[2026-04-03T02:48:46.321+0600][43.871s][info][gc,cpu         ] GC(161) User=0.06s Sys=0.01s Real=0.01s
[2026-04-03T02:48:46.322+0600][43.871s][info][gc,marking     ] GC(161) Concurrent Mark 91.115ms
[2026-04-03T02:48:46.322+0600][43.871s][info][gc,marking     ] GC(161) Concurrent Rebuild Remembered Sets and Scrub Regions
[2026-04-03T02:48:46.354+0600][43.904s][info][gc,marking     ] GC(161) Concurrent Rebuild Remembered Sets and Scrub Regions 32.897ms
[2026-04-03T02:48:46.355+0600][43.905s][info][gc,start       ] GC(161) Pause Cleanup
[2026-04-03T02:48:46.355+0600][43.905s][info][gc             ] GC(161) Pause Cleanup 223M->223M(474M) 0.376ms
[2026-04-03T02:48:46.355+0600][43.905s][info][gc,cpu         ] GC(161) User=0.00s Sys=0.00s Real=0.00s
[2026-04-03T02:48:46.356+0600][43.905s][info][gc,marking     ] GC(161) Concurrent Clear Claimed Marks
[2026-04-03T02:48:46.356+0600][43.906s][info][gc,marking     ] GC(161) Concurrent Clear Claimed Marks 0.411ms
[2026-04-03T02:48:46.356+0600][43.906s][info][gc,marking     ] GC(161) Concurrent Cleanup for Next Mark
[2026-04-03T02:48:46.357+0600][43.907s][info][gc,marking     ] GC(161) Concurrent Cleanup for Next Mark 0.993ms
[2026-04-03T02:48:46.357+0600][43.907s][info][gc             ] GC(161) Concurrent Mark Cycle 129.977ms
[2026-04-03T02:48:46.569+0600][44.119s][info][gc,start       ] GC(162) Pause Young (Prepare Mixed) (G1 Evacuation Pause)
[2026-04-03T02:48:46.569+0600][44.119s][info][gc,task        ] GC(162) Using 10 workers of 10 for evacuation
[2026-04-03T02:48:46.577+0600][44.127s][info][gc,phases      ] GC(162)   Pre Evacuate Collection Set: 0.59ms
[2026-04-03T02:48:46.577+0600][44.127s][info][gc,phases      ] GC(162)   Merge Heap Roots: 0.24ms
[2026-04-03T02:48:46.577+0600][44.127s][info][gc,phases      ] GC(162)   Evacuate Collection Set: 5.86ms
[2026-04-03T02:48:46.577+0600][44.127s][info][gc,phases      ] GC(162)   Post Evacuate Collection Set: 0.82ms
[2026-04-03T02:48:46.577+0600][44.127s][info][gc,phases      ] GC(162)   Other: 0.13ms
[2026-04-03T02:48:46.577+0600][44.127s][info][gc,heap        ] GC(162) Eden regions: 206->0(281)
[2026-04-03T02:48:46.577+0600][44.127s][info][gc,heap        ] GC(162) Survivor regions: 8->8(36)
[2026-04-03T02:48:46.577+0600][44.127s][info][gc,heap        ] GC(162) Old regions: 84->85
[2026-04-03T02:48:46.577+0600][44.127s][info][gc,heap        ] GC(162) Humongous regions: 176->8
[2026-04-03T02:48:46.577+0600][44.127s][info][gc,metaspace   ] GC(162) Metaspace: 131078K(132480K)->131078K(132480K) NonClass: 114533K(115200K)->114533K(115200K) Class: 16544K(17280K)->16544K(17280K)
[2026-04-03T02:48:46.577+0600][44.127s][info][gc             ] GC(162) Pause Young (Prepare Mixed) (G1 Evacuation Pause) 471M->98M(483M) 7.969ms
[2026-04-03T02:48:46.577+0600][44.127s][info][gc,cpu         ] GC(162) User=0.04s Sys=0.01s Real=0.01s
[2026-04-03T02:48:46.868+0600][44.418s][info][gc,start       ] GC(163) Pause Young (Mixed) (G1 Evacuation Pause)
[2026-04-03T02:48:46.869+0600][44.418s][info][gc,task        ] GC(163) Using 10 workers of 10 for evacuation
[2026-04-03T02:48:46.875+0600][44.425s][info][gc,phases      ] GC(163)   Pre Evacuate Collection Set: 0.32ms
[2026-04-03T02:48:46.875+0600][44.425s][info][gc,phases      ] GC(163)   Merge Heap Roots: 0.28ms
[2026-04-03T02:48:46.875+0600][44.425s][info][gc,phases      ] GC(163)   Evacuate Collection Set: 5.13ms
[2026-04-03T02:48:46.875+0600][44.425s][info][gc,phases      ] GC(163)   Post Evacuate Collection Set: 0.76ms
[2026-04-03T02:48:46.875+0600][44.425s][info][gc,phases      ] GC(163)   Other: 0.13ms
[2026-04-03T02:48:46.875+0600][44.425s][info][gc,heap        ] GC(163) Eden regions: 233->0(287)
[2026-04-03T02:48:46.875+0600][44.425s][info][gc,heap        ] GC(163) Survivor regions: 8->8(37)
[2026-04-03T02:48:46.875+0600][44.425s][info][gc,heap        ] GC(163) Old regions: 85->83
[2026-04-03T02:48:46.875+0600][44.425s][info][gc,heap        ] GC(163) Humongous regions: 159->8
[2026-04-03T02:48:46.875+0600][44.425s][info][gc,metaspace   ] GC(163) Metaspace: 131088K(132544K)->131088K(132544K) NonClass: 114544K(115264K)->114544K(115264K) Class: 16544K(17280K)->16544K(17280K)
[2026-04-03T02:48:46.875+0600][44.425s][info][gc             ] GC(163) Pause Young (Mixed) (G1 Evacuation Pause) 482M->97M(493M) 6.909ms
[2026-04-03T02:48:46.875+0600][44.425s][info][gc,cpu         ] GC(163) User=0.05s Sys=0.01s Real=0.01s
[2026-04-03T02:48:46.880+0600][44.429s][info][gc,start       ] GC(164) Pause Young (Concurrent Start) (G1 Humongous Allocation)
[2026-04-03T02:48:46.880+0600][44.429s][info][gc,task        ] GC(164) Using 10 workers of 10 for evacuation
[2026-04-03T02:48:46.884+0600][44.434s][info][gc,phases      ] GC(164)   Pre Evacuate Collection Set: 0.34ms
[2026-04-03T02:48:46.884+0600][44.434s][info][gc,phases      ] GC(164)   Merge Heap Roots: 0.11ms
[2026-04-03T02:48:46.884+0600][44.434s][info][gc,phases      ] GC(164)   Evacuate Collection Set: 3.30ms
[2026-04-03T02:48:46.884+0600][44.434s][info][gc,phases      ] GC(164)   Post Evacuate Collection Set: 0.66ms
[2026-04-03T02:48:46.884+0600][44.434s][info][gc,phases      ] GC(164)   Other: 0.17ms
[2026-04-03T02:48:46.884+0600][44.434s][info][gc,heap        ] GC(164) Eden regions: 7->0(287)
[2026-04-03T02:48:46.884+0600][44.434s][info][gc,heap        ] GC(164) Survivor regions: 8->8(37)
[2026-04-03T02:48:46.884+0600][44.434s][info][gc,heap        ] GC(164) Old regions: 83->83
[2026-04-03T02:48:46.884+0600][44.434s][info][gc,heap        ] GC(164) Humongous regions: 8->8
[2026-04-03T02:48:46.884+0600][44.434s][info][gc,metaspace   ] GC(164) Metaspace: 131090K(132544K)->131090K(132544K) NonClass: 114545K(115264K)->114545K(115264K) Class: 16544K(17280K)->16544K(17280K)
[2026-04-03T02:48:46.884+0600][44.434s][info][gc             ] GC(164) Pause Young (Concurrent Start) (G1 Humongous Allocation) 104M->97M(493M) 4.888ms
[2026-04-03T02:48:46.885+0600][44.434s][info][gc             ] GC(165) Concurrent Mark Cycle
[2026-04-03T02:48:46.885+0600][44.434s][info][gc,cpu         ] GC(164) User=0.04s Sys=0.00s Real=0.01s
[2026-04-03T02:48:46.885+0600][44.434s][info][gc,marking     ] GC(165) Concurrent Scan Root Regions
[2026-04-03T02:48:46.887+0600][44.437s][info][gc,marking     ] GC(165) Concurrent Scan Root Regions 2.759ms
[2026-04-03T02:48:46.887+0600][44.437s][info][gc,marking     ] GC(165) Concurrent Mark
[2026-04-03T02:48:46.887+0600][44.437s][info][gc,marking     ] GC(165) Concurrent Mark From Roots
[2026-04-03T02:48:46.887+0600][44.437s][info][gc,task        ] GC(165) Using 3 workers of 3 for marking
[2026-04-03T02:48:46.951+0600][44.501s][info][gc,marking     ] GC(165) Concurrent Mark From Roots 63.827ms
[2026-04-03T02:48:46.951+0600][44.501s][info][gc,marking     ] GC(165) Concurrent Preclean
[2026-04-03T02:48:46.952+0600][44.501s][info][gc,marking     ] GC(165) Concurrent Preclean 0.236ms
[2026-04-03T02:48:46.952+0600][44.502s][info][gc,start       ] GC(165) Pause Remark
[2026-04-03T02:48:46.959+0600][44.509s][info][gc             ] GC(165) Pause Remark 138M->138M(394M) 7.479ms
[2026-04-03T02:48:46.960+0600][44.509s][info][gc,cpu         ] GC(165) User=0.05s Sys=0.00s Real=0.00s
[2026-04-03T02:48:46.960+0600][44.509s][info][gc,marking     ] GC(165) Concurrent Mark 72.207ms
[2026-04-03T02:48:46.960+0600][44.509s][info][gc,marking     ] GC(165) Concurrent Rebuild Remembered Sets and Scrub Regions
[2026-04-03T02:48:46.984+0600][44.533s][info][gc,marking     ] GC(165) Concurrent Rebuild Remembered Sets and Scrub Regions 23.824ms
[2026-04-03T02:48:46.984+0600][44.534s][info][gc,start       ] GC(165) Pause Cleanup
[2026-04-03T02:48:46.984+0600][44.534s][info][gc             ] GC(165) Pause Cleanup 147M->147M(394M) 0.297ms
[2026-04-03T02:48:46.984+0600][44.534s][info][gc,cpu         ] GC(165) User=0.00s Sys=0.00s Real=0.00s
[2026-04-03T02:48:46.984+0600][44.534s][info][gc,marking     ] GC(165) Concurrent Clear Claimed Marks
[2026-04-03T02:48:46.985+0600][44.534s][info][gc,marking     ] GC(165) Concurrent Clear Claimed Marks 0.298ms
[2026-04-03T02:48:46.985+0600][44.534s][info][gc,marking     ] GC(165) Concurrent Cleanup for Next Mark
[2026-04-03T02:48:46.985+0600][44.535s][info][gc,marking     ] GC(165) Concurrent Cleanup for Next Mark 0.408ms
[2026-04-03T02:48:46.985+0600][44.535s][info][gc             ] GC(165) Concurrent Mark Cycle 100.662ms
[2026-04-03T02:48:47.203+0600][44.752s][info][gc,start       ] GC(166) Pause Young (Prepare Mixed) (GCLocker Initiated GC)
[2026-04-03T02:48:47.203+0600][44.752s][info][gc,task        ] GC(166) Using 9 workers of 10 for evacuation
[2026-04-03T02:48:47.210+0600][44.760s][info][gc,phases      ] GC(166)   Pre Evacuate Collection Set: 0.70ms
[2026-04-03T02:48:47.210+0600][44.760s][info][gc,phases      ] GC(166)   Merge Heap Roots: 0.19ms
[2026-04-03T02:48:47.210+0600][44.760s][info][gc,phases      ] GC(166)   Evacuate Collection Set: 5.35ms
[2026-04-03T02:48:47.210+0600][44.760s][info][gc,phases      ] GC(166)   Post Evacuate Collection Set: 0.80ms
[2026-04-03T02:48:47.210+0600][44.760s][info][gc,phases      ] GC(166)   Other: 0.16ms
[2026-04-03T02:48:47.210+0600][44.760s][info][gc,heap        ] GC(166) Eden regions: 208->0(232)
[2026-04-03T02:48:47.210+0600][44.760s][info][gc,heap        ] GC(166) Survivor regions: 8->11(30)
[2026-04-03T02:48:47.210+0600][44.760s][info][gc,heap        ] GC(166) Old regions: 83->84
[2026-04-03T02:48:47.210+0600][44.760s][info][gc,heap        ] GC(166) Humongous regions: 95->8
[2026-04-03T02:48:47.210+0600][44.760s][info][gc,metaspace   ] GC(166) Metaspace: 131102K(132544K)->131102K(132544K) NonClass: 114558K(115264K)->114558K(115264K) Class: 16544K(17280K)->16544K(17280K)
[2026-04-03T02:48:47.210+0600][44.760s][info][gc             ] GC(166) Pause Young (Prepare Mixed) (GCLocker Initiated GC) 392M->100M(406M) 7.497ms
[2026-04-03T02:48:47.210+0600][44.760s][info][gc,cpu         ] GC(166) User=0.04s Sys=0.01s Real=0.01s
[2026-04-03T02:48:47.406+0600][44.956s][info][gc,start       ] GC(167) Pause Young (Mixed) (G1 Evacuation Pause)
[2026-04-03T02:48:47.407+0600][44.956s][info][gc,task        ] GC(167) Using 10 workers of 10 for evacuation
[2026-04-03T02:48:47.412+0600][44.962s][info][gc,phases      ] GC(167)   Pre Evacuate Collection Set: 0.31ms
[2026-04-03T02:48:47.412+0600][44.962s][info][gc,phases      ] GC(167)   Merge Heap Roots: 0.17ms
[2026-04-03T02:48:47.412+0600][44.962s][info][gc,phases      ] GC(167)   Evacuate Collection Set: 4.34ms
[2026-04-03T02:48:47.412+0600][44.962s][info][gc,phases      ] GC(167)   Post Evacuate Collection Set: 0.65ms
[2026-04-03T02:48:47.412+0600][44.962s][info][gc,phases      ] GC(167)   Other: 0.09ms
[2026-04-03T02:48:47.412+0600][44.962s][info][gc,heap        ] GC(167) Eden regions: 152->0(296)
[2026-04-03T02:48:47.412+0600][44.962s][info][gc,heap        ] GC(167) Survivor regions: 11->11(31)
[2026-04-03T02:48:47.412+0600][44.962s][info][gc,heap        ] GC(167) Old regions: 84->83
[2026-04-03T02:48:47.412+0600][44.962s][info][gc,heap        ] GC(167) Humongous regions: 254->13
[2026-04-03T02:48:47.412+0600][44.962s][info][gc,metaspace   ] GC(167) Metaspace: 131104K(132544K)->131104K(132544K) NonClass: 114559K(115264K)->114559K(115264K) Class: 16544K(17280K)->16544K(17280K)
[2026-04-03T02:48:47.412+0600][44.962s][info][gc             ] GC(167) Pause Young (Mixed) (G1 Evacuation Pause) 498M->105M(513M) 5.858ms
[2026-04-03T02:48:47.412+0600][44.962s][info][gc,cpu         ] GC(167) User=0.04s Sys=0.01s Real=0.01s
[2026-04-03T02:48:47.413+0600][44.963s][info][gc,start       ] GC(168) Pause Young (Concurrent Start) (G1 Humongous Allocation)
[2026-04-03T02:48:47.413+0600][44.963s][info][gc,task        ] GC(168) Using 10 workers of 10 for evacuation
[2026-04-03T02:48:47.416+0600][44.966s][info][gc,phases      ] GC(168)   Pre Evacuate Collection Set: 0.34ms
[2026-04-03T02:48:47.416+0600][44.966s][info][gc,phases      ] GC(168)   Merge Heap Roots: 0.08ms
[2026-04-03T02:48:47.416+0600][44.966s][info][gc,phases      ] GC(168)   Evacuate Collection Set: 2.25ms
[2026-04-03T02:48:47.416+0600][44.966s][info][gc,phases      ] GC(168)   Post Evacuate Collection Set: 0.50ms
[2026-04-03T02:48:47.416+0600][44.966s][info][gc,phases      ] GC(168)   Other: 0.09ms
[2026-04-03T02:48:47.416+0600][44.966s][info][gc,heap        ] GC(168) Eden regions: 2->0(297)
[2026-04-03T02:48:47.416+0600][44.966s][info][gc,heap        ] GC(168) Survivor regions: 11->10(39)
[2026-04-03T02:48:47.416+0600][44.966s][info][gc,heap        ] GC(168) Old regions: 83->83
[2026-04-03T02:48:47.416+0600][44.966s][info][gc,heap        ] GC(168) Humongous regions: 13->8
[2026-04-03T02:48:47.416+0600][44.966s][info][gc,metaspace   ] GC(168) Metaspace: 131104K(132544K)->131104K(132544K) NonClass: 114559K(115264K)->114559K(115264K) Class: 16544K(17280K)->16544K(17280K)
[2026-04-03T02:48:47.416+0600][44.966s][info][gc             ] GC(168) Pause Young (Concurrent Start) (G1 Humongous Allocation) 107M->99M(513M) 3.490ms
[2026-04-03T02:48:47.417+0600][44.966s][info][gc             ] GC(169) Concurrent Mark Cycle
[2026-04-03T02:48:47.417+0600][44.966s][info][gc,marking     ] GC(169) Concurrent Scan Root Regions
[2026-04-03T02:48:47.417+0600][44.966s][info][gc,cpu         ] GC(168) User=0.02s Sys=0.00s Real=0.00s
[2026-04-03T02:48:47.419+0600][44.969s][info][gc,marking     ] GC(169) Concurrent Scan Root Regions 2.749ms
[2026-04-03T02:48:47.419+0600][44.969s][info][gc,marking     ] GC(169) Concurrent Mark
[2026-04-03T02:48:47.419+0600][44.969s][info][gc,marking     ] GC(169) Concurrent Mark From Roots
[2026-04-03T02:48:47.419+0600][44.969s][info][gc,task        ] GC(169) Using 3 workers of 3 for marking
[2026-04-03T02:48:47.493+0600][45.043s][info][gc,marking     ] GC(169) Concurrent Mark From Roots 73.562ms
[2026-04-03T02:48:47.493+0600][45.043s][info][gc,marking     ] GC(169) Concurrent Preclean
[2026-04-03T02:48:47.494+0600][45.043s][info][gc,marking     ] GC(169) Concurrent Preclean 0.468ms
[2026-04-03T02:48:47.494+0600][45.044s][info][gc,start       ] GC(169) Pause Remark
[2026-04-03T02:48:47.502+0600][45.052s][info][gc             ] GC(169) Pause Remark 309M->309M(513M) 8.055ms
[2026-04-03T02:48:47.502+0600][45.052s][info][gc,cpu         ] GC(169) User=0.06s Sys=0.00s Real=0.01s
[2026-04-03T02:48:47.502+0600][45.052s][info][gc,marking     ] GC(169) Concurrent Mark 82.896ms
[2026-04-03T02:48:47.502+0600][45.052s][info][gc,marking     ] GC(169) Concurrent Rebuild Remembered Sets and Scrub Regions
[2026-04-03T02:48:47.534+0600][45.084s][info][gc,marking     ] GC(169) Concurrent Rebuild Remembered Sets and Scrub Regions 31.796ms
[2026-04-03T02:48:47.536+0600][45.085s][info][gc,start       ] GC(169) Pause Cleanup
[2026-04-03T02:48:47.536+0600][45.086s][info][gc             ] GC(169) Pause Cleanup 337M->337M(513M) 0.387ms
[2026-04-03T02:48:47.536+0600][45.086s][info][gc,cpu         ] GC(169) User=0.00s Sys=0.00s Real=0.00s
[2026-04-03T02:48:47.536+0600][45.086s][info][gc,marking     ] GC(169) Concurrent Clear Claimed Marks
[2026-04-03T02:48:47.537+0600][45.087s][info][gc,marking     ] GC(169) Concurrent Clear Claimed Marks 0.528ms
[2026-04-03T02:48:47.537+0600][45.087s][info][gc,marking     ] GC(169) Concurrent Cleanup for Next Mark
[2026-04-03T02:48:47.539+0600][45.089s][info][gc,marking     ] GC(169) Concurrent Cleanup for Next Mark 2.079ms
[2026-04-03T02:48:47.539+0600][45.089s][info][gc             ] GC(169) Concurrent Mark Cycle 122.559ms
[2026-04-03T02:48:47.579+0600][45.128s][info][gc,start       ] GC(170) Pause Young (Prepare Mixed) (G1 Evacuation Pause)
[2026-04-03T02:48:47.579+0600][45.128s][info][gc,task        ] GC(170) Using 10 workers of 10 for evacuation
[2026-04-03T02:48:47.585+0600][45.135s][info][gc,phases      ] GC(170)   Pre Evacuate Collection Set: 0.43ms
[2026-04-03T02:48:47.585+0600][45.135s][info][gc,phases      ] GC(170)   Merge Heap Roots: 0.21ms
[2026-04-03T02:48:47.585+0600][45.135s][info][gc,phases      ] GC(170)   Evacuate Collection Set: 4.23ms
[2026-04-03T02:48:47.585+0600][45.135s][info][gc,phases      ] GC(170)   Post Evacuate Collection Set: 1.09ms
[2026-04-03T02:48:47.585+0600][45.135s][info][gc,phases      ] GC(170)   Other: 0.11ms
[2026-04-03T02:48:47.585+0600][45.135s][info][gc,heap        ] GC(170) Eden regions: 68->0(375)
[2026-04-03T02:48:47.585+0600][45.135s][info][gc,heap        ] GC(170) Survivor regions: 10->11(45)
[2026-04-03T02:48:47.585+0600][45.135s][info][gc,heap        ] GC(170) Old regions: 83->83
[2026-04-03T02:48:47.585+0600][45.135s][info][gc,heap        ] GC(170) Humongous regions: 472->23
[2026-04-03T02:48:47.585+0600][45.135s][info][gc,metaspace   ] GC(170) Metaspace: 131110K(132544K)->131110K(132544K) NonClass: 114565K(115264K)->114565K(115264K) Class: 16544K(17280K)->16544K(17280K)
[2026-04-03T02:48:47.585+0600][45.135s][info][gc             ] GC(170) Pause Young (Prepare Mixed) (G1 Evacuation Pause) 631M->115M(644M) 6.422ms
[2026-04-03T02:48:47.585+0600][45.135s][info][gc,cpu         ] GC(170) User=0.04s Sys=0.01s Real=0.01s
[2026-04-03T02:48:48.148+0600][45.698s][info][gc,start       ] GC(171) Pause Young (Mixed) (G1 Evacuation Pause)
[2026-04-03T02:48:48.148+0600][45.698s][info][gc,task        ] GC(171) Using 10 workers of 10 for evacuation
[2026-04-03T02:48:48.157+0600][45.707s][info][gc,phases      ] GC(171)   Pre Evacuate Collection Set: 0.34ms
[2026-04-03T02:48:48.157+0600][45.707s][info][gc,phases      ] GC(171)   Merge Heap Roots: 0.23ms
[2026-04-03T02:48:48.157+0600][45.707s][info][gc,phases      ] GC(171)   Evacuate Collection Set: 7.06ms
[2026-04-03T02:48:48.157+0600][45.707s][info][gc,phases      ] GC(171)   Post Evacuate Collection Set: 0.94ms
[2026-04-03T02:48:48.157+0600][45.707s][info][gc,phases      ] GC(171)   Other: 0.13ms
[2026-04-03T02:48:48.157+0600][45.707s][info][gc,heap        ] GC(171) Eden regions: 332->0(382)
[2026-04-03T02:48:48.157+0600][45.707s][info][gc,heap        ] GC(171) Survivor regions: 11->12(49)
[2026-04-03T02:48:48.157+0600][45.707s][info][gc,heap        ] GC(171) Old regions: 83->83
[2026-04-03T02:48:48.157+0600][45.707s][info][gc,heap        ] GC(171) Humongous regions: 218->8
[2026-04-03T02:48:48.157+0600][45.707s][info][gc,metaspace   ] GC(171) Metaspace: 131162K(132608K)->131162K(132608K) NonClass: 114617K(115328K)->114617K(115328K) Class: 16544K(17280K)->16544K(17280K)
[2026-04-03T02:48:48.157+0600][45.707s][info][gc             ] GC(171) Pause Young (Mixed) (G1 Evacuation Pause) 642M->101M(657M) 9.025ms
[2026-04-03T02:48:48.157+0600][45.707s][info][gc,cpu         ] GC(171) User=0.04s Sys=0.03s Real=0.01s
[2026-04-03T02:48:48.167+0600][45.717s][info][gc,start       ] GC(172) Pause Young (Concurrent Start) (G1 Humongous Allocation)
[2026-04-03T02:48:48.167+0600][45.717s][info][gc,task        ] GC(172) Using 10 workers of 10 for evacuation
[2026-04-03T02:48:48.173+0600][45.723s][info][gc,phases      ] GC(172)   Pre Evacuate Collection Set: 0.72ms
[2026-04-03T02:48:48.173+0600][45.723s][info][gc,phases      ] GC(172)   Merge Heap Roots: 0.17ms
[2026-04-03T02:48:48.173+0600][45.723s][info][gc,phases      ] GC(172)   Evacuate Collection Set: 3.60ms
[2026-04-03T02:48:48.173+0600][45.723s][info][gc,phases      ] GC(172)   Post Evacuate Collection Set: 0.63ms
[2026-04-03T02:48:48.173+0600][45.723s][info][gc,phases      ] GC(172)   Other: 0.23ms
[2026-04-03T02:48:48.173+0600][45.723s][info][gc,heap        ] GC(172) Eden regions: 10->0(382)
[2026-04-03T02:48:48.173+0600][45.723s][info][gc,heap        ] GC(172) Survivor regions: 12->12(50)
[2026-04-03T02:48:48.173+0600][45.723s][info][gc,heap        ] GC(172) Old regions: 83->83
[2026-04-03T02:48:48.173+0600][45.723s][info][gc,heap        ] GC(172) Humongous regions: 8->8
[2026-04-03T02:48:48.173+0600][45.723s][info][gc,metaspace   ] GC(172) Metaspace: 131162K(132608K)->131162K(132608K) NonClass: 114617K(115328K)->114617K(115328K) Class: 16544K(17280K)->16544K(17280K)
[2026-04-03T02:48:48.173+0600][45.723s][info][gc             ] GC(172) Pause Young (Concurrent Start) (G1 Humongous Allocation) 111M->100M(657M) 5.665ms
[2026-04-03T02:48:48.173+0600][45.723s][info][gc             ] GC(173) Concurrent Mark Cycle
[2026-04-03T02:48:48.173+0600][45.723s][info][gc,cpu         ] GC(172) User=0.04s Sys=0.00s Real=0.01s
[2026-04-03T02:48:48.173+0600][45.723s][info][gc,marking     ] GC(173) Concurrent Scan Root Regions
[2026-04-03T02:48:48.177+0600][45.727s][info][gc,marking     ] GC(173) Concurrent Scan Root Regions 3.839ms
[2026-04-03T02:48:48.177+0600][45.727s][info][gc,marking     ] GC(173) Concurrent Mark
[2026-04-03T02:48:48.177+0600][45.727s][info][gc,marking     ] GC(173) Concurrent Mark From Roots
[2026-04-03T02:48:48.177+0600][45.727s][info][gc,task        ] GC(173) Using 3 workers of 3 for marking
[2026-04-03T02:48:48.260+0600][45.810s][info][gc,marking     ] GC(173) Concurrent Mark From Roots 83.235ms
[2026-04-03T02:48:48.261+0600][45.810s][info][gc,marking     ] GC(173) Concurrent Preclean
[2026-04-03T02:48:48.261+0600][45.811s][info][gc,marking     ] GC(173) Concurrent Preclean 0.826ms
[2026-04-03T02:48:48.262+0600][45.811s][info][gc,start       ] GC(173) Pause Remark
[2026-04-03T02:48:48.272+0600][45.821s][info][gc             ] GC(173) Pause Remark 189M->189M(484M) 9.835ms
[2026-04-03T02:48:48.272+0600][45.822s][info][gc,cpu         ] GC(173) User=0.07s Sys=0.00s Real=0.01s
[2026-04-03T02:48:48.272+0600][45.822s][info][gc,marking     ] GC(173) Concurrent Mark 95.001ms
[2026-04-03T02:48:48.272+0600][45.822s][info][gc,marking     ] GC(173) Concurrent Rebuild Remembered Sets and Scrub Regions
[2026-04-03T02:48:48.307+0600][45.857s][info][gc,marking     ] GC(173) Concurrent Rebuild Remembered Sets and Scrub Regions 34.731ms
[2026-04-03T02:48:48.308+0600][45.857s][info][gc,start       ] GC(173) Pause Cleanup
[2026-04-03T02:48:48.308+0600][45.858s][info][gc             ] GC(173) Pause Cleanup 227M->227M(484M) 0.458ms
[2026-04-03T02:48:48.308+0600][45.858s][info][gc,cpu         ] GC(173) User=0.00s Sys=0.00s Real=0.00s
[2026-04-03T02:48:48.308+0600][45.858s][info][gc,marking     ] GC(173) Concurrent Clear Claimed Marks
[2026-04-03T02:48:48.309+0600][45.858s][info][gc,marking     ] GC(173) Concurrent Clear Claimed Marks 0.377ms
[2026-04-03T02:48:48.309+0600][45.858s][info][gc,marking     ] GC(173) Concurrent Cleanup for Next Mark
[2026-04-03T02:48:48.310+0600][45.860s][info][gc,marking     ] GC(173) Concurrent Cleanup for Next Mark 1.404ms
[2026-04-03T02:48:48.310+0600][45.860s][info][gc             ] GC(173) Concurrent Mark Cycle 136.975ms
[2026-04-03T02:48:48.489+0600][46.039s][info][gc,start       ] GC(174) Pause Young (Prepare Mixed) (G1 Evacuation Pause)
[2026-04-03T02:48:48.489+0600][46.039s][info][gc,task        ] GC(174) Using 10 workers of 10 for evacuation
[2026-04-03T02:48:48.497+0600][46.047s][info][gc,phases      ] GC(174)   Pre Evacuate Collection Set: 0.36ms
[2026-04-03T02:48:48.497+0600][46.047s][info][gc,phases      ] GC(174)   Merge Heap Roots: 0.28ms
[2026-04-03T02:48:48.497+0600][46.047s][info][gc,phases      ] GC(174)   Evacuate Collection Set: 6.28ms
[2026-04-03T02:48:48.497+0600][46.047s][info][gc,phases      ] GC(174)   Post Evacuate Collection Set: 0.78ms
[2026-04-03T02:48:48.497+0600][46.047s][info][gc,phases      ] GC(174)   Other: 0.12ms
[2026-04-03T02:48:48.497+0600][46.047s][info][gc,heap        ] GC(174) Eden regions: 213->0(291)
[2026-04-03T02:48:48.497+0600][46.047s][info][gc,heap        ] GC(174) Survivor regions: 12->11(37)
[2026-04-03T02:48:48.497+0600][46.047s][info][gc,heap        ] GC(174) Old regions: 83->84
[2026-04-03T02:48:48.497+0600][46.047s][info][gc,heap        ] GC(174) Humongous regions: 184->10
[2026-04-03T02:48:48.497+0600][46.047s][info][gc,metaspace   ] GC(174) Metaspace: 131165K(132608K)->131165K(132608K) NonClass: 114621K(115328K)->114621K(115328K) Class: 16544K(17280K)->16544K(17280K)
[2026-04-03T02:48:48.497+0600][46.047s][info][gc             ] GC(174) Pause Young (Prepare Mixed) (G1 Evacuation Pause) 489M->102M(504M) 8.131ms
[2026-04-03T02:48:48.497+0600][46.047s][info][gc,cpu         ] GC(174) User=0.05s Sys=0.01s Real=0.01s
[2026-04-03T02:48:48.786+0600][46.336s][info][gc,start       ] GC(175) Pause Young (Mixed) (G1 Evacuation Pause)
[2026-04-03T02:48:48.786+0600][46.336s][info][gc,task        ] GC(175) Using 10 workers of 10 for evacuation
[2026-04-03T02:48:48.791+0600][46.341s][info][gc,phases      ] GC(175)   Pre Evacuate Collection Set: 0.42ms
[2026-04-03T02:48:48.791+0600][46.341s][info][gc,phases      ] GC(175)   Merge Heap Roots: 0.14ms
[2026-04-03T02:48:48.791+0600][46.341s][info][gc,phases      ] GC(175)   Evacuate Collection Set: 3.90ms
[2026-04-03T02:48:48.791+0600][46.341s][info][gc,phases      ] GC(175)   Post Evacuate Collection Set: 0.82ms
[2026-04-03T02:48:48.791+0600][46.341s][info][gc,phases      ] GC(175)   Other: 0.10ms
[2026-04-03T02:48:48.791+0600][46.341s][info][gc,heap        ] GC(175) Eden regions: 227->0(301)
[2026-04-03T02:48:48.791+0600][46.341s][info][gc,heap        ] GC(175) Survivor regions: 11->10(38)
[2026-04-03T02:48:48.791+0600][46.341s][info][gc,heap        ] GC(175) Old regions: 84->83
[2026-04-03T02:48:48.791+0600][46.341s][info][gc,heap        ] GC(175) Humongous regions: 186->8
[2026-04-03T02:48:48.791+0600][46.341s][info][gc,metaspace   ] GC(175) Metaspace: 131175K(132608K)->131175K(132608K) NonClass: 114630K(115328K)->114630K(115328K) Class: 16544K(17280K)->16544K(17280K)
[2026-04-03T02:48:48.792+0600][46.341s][info][gc             ] GC(175) Pause Young (Mixed) (G1 Evacuation Pause) 505M->99M(519M) 5.618ms
[2026-04-03T02:48:48.792+0600][46.341s][info][gc,cpu         ] GC(175) User=0.03s Sys=0.01s Real=0.01s
[2026-04-03T02:48:48.794+0600][46.344s][info][gc,start       ] GC(176) Pause Young (Concurrent Start) (G1 Humongous Allocation)
[2026-04-03T02:48:48.794+0600][46.344s][info][gc,task        ] GC(176) Using 10 workers of 10 for evacuation
[2026-04-03T02:48:48.798+0600][46.347s][info][gc,phases      ] GC(176)   Pre Evacuate Collection Set: 0.31ms
[2026-04-03T02:48:48.798+0600][46.347s][info][gc,phases      ] GC(176)   Merge Heap Roots: 0.11ms
[2026-04-03T02:48:48.798+0600][46.347s][info][gc,phases      ] GC(176)   Evacuate Collection Set: 2.33ms
[2026-04-03T02:48:48.798+0600][46.347s][info][gc,phases      ] GC(176)   Post Evacuate Collection Set: 0.42ms
[2026-04-03T02:48:48.798+0600][46.347s][info][gc,phases      ] GC(176)   Other: 0.09ms
[2026-04-03T02:48:48.798+0600][46.347s][info][gc,heap        ] GC(176) Eden regions: 2->0(301)
[2026-04-03T02:48:48.798+0600][46.347s][info][gc,heap        ] GC(176) Survivor regions: 10->10(39)
[2026-04-03T02:48:48.798+0600][46.347s][info][gc,heap        ] GC(176) Old regions: 83->83
[2026-04-03T02:48:48.798+0600][46.347s][info][gc,heap        ] GC(176) Humongous regions: 8->8
[2026-04-03T02:48:48.798+0600][46.347s][info][gc,metaspace   ] GC(176) Metaspace: 131175K(132608K)->131175K(132608K) NonClass: 114630K(115328K)->114630K(115328K) Class: 16544K(17280K)->16544K(17280K)
[2026-04-03T02:48:48.798+0600][46.347s][info][gc             ] GC(176) Pause Young (Concurrent Start) (G1 Humongous Allocation) 100M->99M(519M) 3.531ms
[2026-04-03T02:48:48.798+0600][46.348s][info][gc             ] GC(177) Concurrent Mark Cycle
[2026-04-03T02:48:48.798+0600][46.348s][info][gc,marking     ] GC(177) Concurrent Scan Root Regions
[2026-04-03T02:48:48.798+0600][46.348s][info][gc,cpu         ] GC(176) User=0.03s Sys=0.00s Real=0.00s
[2026-04-03T02:48:48.801+0600][46.350s][info][gc,marking     ] GC(177) Concurrent Scan Root Regions 2.638ms
[2026-04-03T02:48:48.801+0600][46.350s][info][gc,marking     ] GC(177) Concurrent Mark
[2026-04-03T02:48:48.801+0600][46.350s][info][gc,marking     ] GC(177) Concurrent Mark From Roots
[2026-04-03T02:48:48.801+0600][46.350s][info][gc,task        ] GC(177) Using 3 workers of 3 for marking
[2026-04-03T02:48:48.888+0600][46.438s][info][gc,marking     ] GC(177) Concurrent Mark From Roots 87.520ms
[2026-04-03T02:48:48.888+0600][46.438s][info][gc,marking     ] GC(177) Concurrent Preclean
[2026-04-03T02:48:48.889+0600][46.438s][info][gc,marking     ] GC(177) Concurrent Preclean 0.535ms
[2026-04-03T02:48:48.889+0600][46.439s][info][gc,start       ] GC(177) Pause Remark
[2026-04-03T02:48:48.897+0600][46.447s][info][gc             ] GC(177) Pause Remark 180M->180M(407M) 8.198ms
[2026-04-03T02:48:48.897+0600][46.447s][info][gc,cpu         ] GC(177) User=0.06s Sys=0.00s Real=0.01s
[2026-04-03T02:48:48.897+0600][46.447s][info][gc,marking     ] GC(177) Concurrent Mark 96.894ms
[2026-04-03T02:48:48.898+0600][46.447s][info][gc,marking     ] GC(177) Concurrent Rebuild Remembered Sets and Scrub Regions
[2026-04-03T02:48:48.921+0600][46.471s][info][gc,marking     ] GC(177) Concurrent Rebuild Remembered Sets and Scrub Regions 23.362ms
[2026-04-03T02:48:48.921+0600][46.471s][info][gc,start       ] GC(177) Pause Cleanup
[2026-04-03T02:48:48.922+0600][46.471s][info][gc             ] GC(177) Pause Cleanup 189M->189M(407M) 0.312ms
[2026-04-03T02:48:48.922+0600][46.471s][info][gc,cpu         ] GC(177) User=0.00s Sys=0.00s Real=0.00s
[2026-04-03T02:48:48.922+0600][46.471s][info][gc,marking     ] GC(177) Concurrent Clear Claimed Marks
[2026-04-03T02:48:48.922+0600][46.472s][info][gc,marking     ] GC(177) Concurrent Clear Claimed Marks 0.288ms
[2026-04-03T02:48:48.922+0600][46.472s][info][gc,marking     ] GC(177) Concurrent Cleanup for Next Mark
[2026-04-03T02:48:48.923+0600][46.472s][info][gc,marking     ] GC(177) Concurrent Cleanup for Next Mark 0.707ms
[2026-04-03T02:48:48.923+0600][46.472s][info][gc             ] GC(177) Concurrent Mark Cycle 124.992ms
[2026-04-03T02:48:49.146+0600][46.695s][info][gc,start       ] GC(178) Pause Young (Prepare Mixed) (GCLocker Initiated GC)
[2026-04-03T02:48:49.146+0600][46.696s][info][gc,task        ] GC(178) Using 9 workers of 10 for evacuation
[2026-04-03T02:48:49.154+0600][46.704s][info][gc,phases      ] GC(178)   Pre Evacuate Collection Set: 0.39ms
[2026-04-03T02:48:49.154+0600][46.704s][info][gc,phases      ] GC(178)   Merge Heap Roots: 0.24ms
[2026-04-03T02:48:49.154+0600][46.704s][info][gc,phases      ] GC(178)   Evacuate Collection Set: 6.67ms
[2026-04-03T02:48:49.154+0600][46.704s][info][gc,phases      ] GC(178)   Post Evacuate Collection Set: 0.79ms
[2026-04-03T02:48:49.154+0600][46.704s][info][gc,phases      ] GC(178)   Other: 0.11ms
[2026-04-03T02:48:49.154+0600][46.704s][info][gc,heap        ] GC(178) Eden regions: 218->0(239)
[2026-04-03T02:48:49.154+0600][46.704s][info][gc,heap        ] GC(178) Survivor regions: 10->13(31)
[2026-04-03T02:48:49.154+0600][46.704s][info][gc,heap        ] GC(178) Old regions: 83->84
[2026-04-03T02:48:49.154+0600][46.704s][info][gc,heap        ] GC(178) Humongous regions: 96->8
[2026-04-03T02:48:49.154+0600][46.704s][info][gc,metaspace   ] GC(178) Metaspace: 131207K(132608K)->131207K(132608K) NonClass: 114659K(115328K)->114659K(115328K) Class: 16548K(17280K)->16548K(17280K)
[2026-04-03T02:48:49.154+0600][46.704s][info][gc             ] GC(178) Pause Young (Prepare Mixed) (GCLocker Initiated GC) 405M->102M(421M) 8.660ms
[2026-04-03T02:48:49.154+0600][46.704s][info][gc,cpu         ] GC(178) User=0.06s Sys=0.01s Real=0.01s
[2026-04-03T02:48:49.394+0600][46.943s][info][gc,start       ] GC(179) Pause Young (Mixed) (G1 Evacuation Pause)
[2026-04-03T02:48:49.394+0600][46.944s][info][gc,task        ] GC(179) Using 10 workers of 10 for evacuation
[2026-04-03T02:48:49.401+0600][46.951s][info][gc,phases      ] GC(179)   Pre Evacuate Collection Set: 0.54ms
[2026-04-03T02:48:49.401+0600][46.951s][info][gc,phases      ] GC(179)   Merge Heap Roots: 0.53ms
[2026-04-03T02:48:49.401+0600][46.951s][info][gc,phases      ] GC(179)   Evacuate Collection Set: 5.29ms
[2026-04-03T02:48:49.401+0600][46.951s][info][gc,phases      ] GC(179)   Post Evacuate Collection Set: 0.68ms
[2026-04-03T02:48:49.401+0600][46.951s][info][gc,phases      ] GC(179)   Other: 0.13ms
[2026-04-03T02:48:49.401+0600][46.951s][info][gc,heap        ] GC(179) Eden regions: 226->0(250)
[2026-04-03T02:48:49.401+0600][46.951s][info][gc,heap        ] GC(179) Survivor regions: 13->9(32)
[2026-04-03T02:48:49.401+0600][46.951s][info][gc,heap        ] GC(179) Old regions: 84->85
[2026-04-03T02:48:49.401+0600][46.951s][info][gc,heap        ] GC(179) Humongous regions: 98->8
[2026-04-03T02:48:49.401+0600][46.951s][info][gc,metaspace   ] GC(179) Metaspace: 131207K(132608K)->131207K(132608K) NonClass: 114659K(115328K)->114659K(115328K) Class: 16548K(17280K)->16548K(17280K)
[2026-04-03T02:48:49.401+0600][46.951s][info][gc             ] GC(179) Pause Young (Mixed) (G1 Evacuation Pause) 418M->99M(433M) 7.608ms
[2026-04-03T02:48:49.401+0600][46.951s][info][gc,cpu         ] GC(179) User=0.04s Sys=0.02s Real=0.01s
[2026-04-03T02:48:49.456+0600][47.005s][info][gc,start       ] GC(180) Pause Young (Concurrent Start) (G1 Humongous Allocation)
[2026-04-03T02:48:49.456+0600][47.005s][info][gc,task        ] GC(180) Using 10 workers of 10 for evacuation
[2026-04-03T02:48:49.461+0600][47.011s][info][gc,phases      ] GC(180)   Pre Evacuate Collection Set: 0.50ms
[2026-04-03T02:48:49.461+0600][47.011s][info][gc,phases      ] GC(180)   Merge Heap Roots: 0.18ms
[2026-04-03T02:48:49.461+0600][47.011s][info][gc,phases      ] GC(180)   Evacuate Collection Set: 3.70ms
[2026-04-03T02:48:49.461+0600][47.011s][info][gc,phases      ] GC(180)   Post Evacuate Collection Set: 0.63ms
[2026-04-03T02:48:49.461+0600][47.011s][info][gc,phases      ] GC(180)   Other: 0.19ms
[2026-04-03T02:48:49.461+0600][47.011s][info][gc,heap        ] GC(180) Eden regions: 64->0(248)
[2026-04-03T02:48:49.461+0600][47.011s][info][gc,heap        ] GC(180) Survivor regions: 9->11(33)
[2026-04-03T02:48:49.461+0600][47.011s][info][gc,heap        ] GC(180) Old regions: 85->85
[2026-04-03T02:48:49.461+0600][47.011s][info][gc,heap        ] GC(180) Humongous regions: 8->8
[2026-04-03T02:48:49.461+0600][47.011s][info][gc,metaspace   ] GC(180) Metaspace: 131207K(132608K)->131207K(132608K) NonClass: 114659K(115328K)->114659K(115328K) Class: 16548K(17280K)->16548K(17280K)
[2026-04-03T02:48:49.461+0600][47.011s][info][gc             ] GC(180) Pause Young (Concurrent Start) (G1 Humongous Allocation) 163M->101M(433M) 5.548ms
[2026-04-03T02:48:49.461+0600][47.011s][info][gc             ] GC(181) Concurrent Mark Cycle
[2026-04-03T02:48:49.461+0600][47.011s][info][gc,cpu         ] GC(180) User=0.04s Sys=0.01s Real=0.01s
[2026-04-03T02:48:49.461+0600][47.011s][info][gc,marking     ] GC(181) Concurrent Scan Root Regions
[2026-04-03T02:48:49.469+0600][47.019s][info][gc,marking     ] GC(181) Concurrent Scan Root Regions 7.949ms
[2026-04-03T02:48:49.469+0600][47.019s][info][gc,marking     ] GC(181) Concurrent Mark
[2026-04-03T02:48:49.469+0600][47.019s][info][gc,marking     ] GC(181) Concurrent Mark From Roots
[2026-04-03T02:48:49.469+0600][47.019s][info][gc,task        ] GC(181) Using 3 workers of 3 for marking
[2026-04-03T02:48:49.546+0600][47.096s][info][gc,marking     ] GC(181) Concurrent Mark From Roots 77.098ms
[2026-04-03T02:48:49.547+0600][47.096s][info][gc,marking     ] GC(181) Concurrent Preclean
[2026-04-03T02:48:49.547+0600][47.097s][info][gc,marking     ] GC(181) Concurrent Preclean 0.417ms
[2026-04-03T02:48:49.547+0600][47.097s][info][gc,start       ] GC(181) Pause Remark
[2026-04-03T02:48:49.557+0600][47.107s][info][gc             ] GC(181) Pause Remark 194M->194M(417M) 9.392ms
[2026-04-03T02:48:49.557+0600][47.107s][info][gc,cpu         ] GC(181) User=0.07s Sys=0.00s Real=0.01s
[2026-04-03T02:48:49.558+0600][47.107s][info][gc,marking     ] GC(181) Concurrent Mark 88.166ms
[2026-04-03T02:48:49.581+0600][47.131s][info][gc,marking     ] GC(181) Concurrent Rebuild Remembered Sets and Scrub Regions
[2026-04-03T02:48:49.609+0600][47.159s][info][gc,marking     ] GC(181) Concurrent Rebuild Remembered Sets and Scrub Regions 28.016ms
[2026-04-03T02:48:49.610+0600][47.159s][info][gc,start       ] GC(181) Pause Cleanup
[2026-04-03T02:48:49.610+0600][47.160s][info][gc             ] GC(181) Pause Cleanup 256M->256M(417M) 0.301ms
[2026-04-03T02:48:49.610+0600][47.160s][info][gc,cpu         ] GC(181) User=0.00s Sys=0.00s Real=0.00s
[2026-04-03T02:48:49.610+0600][47.160s][info][gc,marking     ] GC(181) Concurrent Clear Claimed Marks
[2026-04-03T02:48:49.611+0600][47.160s][info][gc,marking     ] GC(181) Concurrent Clear Claimed Marks 0.347ms
[2026-04-03T02:48:49.611+0600][47.160s][info][gc,marking     ] GC(181) Concurrent Cleanup for Next Mark
[2026-04-03T02:48:49.611+0600][47.161s][info][gc,marking     ] GC(181) Concurrent Cleanup for Next Mark 0.725ms
[2026-04-03T02:48:49.611+0600][47.161s][info][gc             ] GC(181) Concurrent Mark Cycle 150.220ms
[2026-04-03T02:48:49.854+0600][47.404s][info][gc,start       ] GC(182) Pause Young (Prepare Mixed) (G1 Evacuation Pause)
[2026-04-03T02:48:49.854+0600][47.404s][info][gc,task        ] GC(182) Using 10 workers of 10 for evacuation
[2026-04-03T02:48:49.862+0600][47.412s][info][gc,phases      ] GC(182)   Pre Evacuate Collection Set: 0.31ms
[2026-04-03T02:48:49.862+0600][47.412s][info][gc,phases      ] GC(182)   Merge Heap Roots: 0.29ms
[2026-04-03T02:48:49.862+0600][47.412s][info][gc,phases      ] GC(182)   Evacuate Collection Set: 6.78ms
[2026-04-03T02:48:49.862+0600][47.412s][info][gc,phases      ] GC(182)   Post Evacuate Collection Set: 0.73ms
[2026-04-03T02:48:49.862+0600][47.412s][info][gc,phases      ] GC(182)   Other: 0.14ms
[2026-04-03T02:48:49.862+0600][47.412s][info][gc,heap        ] GC(182) Eden regions: 187->0(250)
[2026-04-03T02:48:49.862+0600][47.412s][info][gc,heap        ] GC(182) Survivor regions: 11->9(32)
[2026-04-03T02:48:49.862+0600][47.412s][info][gc,heap        ] GC(182) Old regions: 85->86
[2026-04-03T02:48:49.862+0600][47.412s][info][gc,heap        ] GC(182) Humongous regions: 139->8
[2026-04-03T02:48:49.862+0600][47.412s][info][gc,metaspace   ] GC(182) Metaspace: 131504K(133056K)->131504K(133056K) NonClass: 114884K(115712K)->114884K(115712K) Class: 16620K(17344K)->16620K(17344K)
[2026-04-03T02:48:49.862+0600][47.412s][info][gc             ] GC(182) Pause Young (Prepare Mixed) (G1 Evacuation Pause) 419M->100M(432M) 8.579ms
[2026-04-03T02:48:49.863+0600][47.412s][info][gc,cpu         ] GC(182) User=0.05s Sys=0.01s Real=0.01s
[2026-04-03T02:48:49.944+0600][47.494s][info][gc,start       ] GC(183) Pause Full (System.gc())
[2026-04-03T02:48:49.944+0600][47.494s][info][gc,task        ] GC(183) Using 10 workers of 10 for full compaction
[2026-04-03T02:48:49.944+0600][47.494s][info][gc,phases,start] GC(183) Phase 1: Mark live objects
[2026-04-03T02:48:50.032+0600][47.582s][info][gc,phases      ] GC(183) Phase 1: Mark live objects 88.029ms
[2026-04-03T02:48:50.033+0600][47.582s][info][gc,phases,start] GC(183) Phase 2: Prepare compaction
[2026-04-03T02:48:50.034+0600][47.584s][info][gc,phases      ] GC(183) Phase 2: Prepare compaction 1.930ms
[2026-04-03T02:48:50.035+0600][47.584s][info][gc,phases,start] GC(183) Phase 3: Adjust pointers
[2026-04-03T02:48:50.057+0600][47.607s][info][gc,phases      ] GC(183) Phase 3: Adjust pointers 22.538ms
[2026-04-03T02:48:50.057+0600][47.607s][info][gc,phases,start] GC(183) Phase 4: Compact heap
[2026-04-03T02:48:50.059+0600][47.609s][info][gc,phases      ] GC(183) Phase 4: Compact heap 1.993ms
[2026-04-03T02:48:50.059+0600][47.609s][info][gc,phases,start] GC(183) Phase 5: Reset Metadata
[2026-04-03T02:48:50.064+0600][47.614s][info][gc,phases      ] GC(183) Phase 5: Reset Metadata 4.898ms
[2026-04-03T02:48:50.081+0600][47.631s][info][gc,heap        ] GC(183) Eden regions: 70->0(196)
[2026-04-03T02:48:50.081+0600][47.631s][info][gc,heap        ] GC(183) Survivor regions: 9->0(32)
[2026-04-03T02:48:50.081+0600][47.631s][info][gc,heap        ] GC(183) Old regions: 86->90
[2026-04-03T02:48:50.081+0600][47.631s][info][gc,heap        ] GC(183) Humongous regions: 24->8
[2026-04-03T02:48:50.081+0600][47.631s][info][gc,metaspace   ] GC(183) Metaspace: 131543K(133056K)->131436K(133056K) NonClass: 114915K(115712K)->114836K(115712K) Class: 16628K(17344K)->16600K(17344K)
[2026-04-03T02:48:50.081+0600][47.631s][info][gc             ] GC(183) Pause Full (System.gc()) 186M->91M(327M) 136.948ms
[2026-04-03T02:48:50.081+0600][47.631s][info][gc,cpu         ] GC(183) User=0.92s Sys=0.05s Real=0.14s
[2026-04-03T02:48:50.104+0600][47.653s][info][gc,start       ] GC(184) Pause Young (Concurrent Start) (G1 Humongous Allocation)
[2026-04-03T02:48:50.104+0600][47.654s][info][gc,task        ] GC(184) Using 8 workers of 10 for evacuation
[2026-04-03T02:48:50.107+0600][47.657s][info][gc,phases      ] GC(184)   Pre Evacuate Collection Set: 0.53ms
[2026-04-03T02:48:50.108+0600][47.657s][info][gc,phases      ] GC(184)   Merge Heap Roots: 0.26ms
[2026-04-03T02:48:50.108+0600][47.657s][info][gc,phases      ] GC(184)   Evacuate Collection Set: 2.11ms
[2026-04-03T02:48:50.108+0600][47.657s][info][gc,phases      ] GC(184)   Post Evacuate Collection Set: 0.51ms
[2026-04-03T02:48:50.108+0600][47.657s][info][gc,phases      ] GC(184)   Other: 0.15ms
[2026-04-03T02:48:50.108+0600][47.657s][info][gc,heap        ] GC(184) Eden regions: 7->0(194)
[2026-04-03T02:48:50.108+0600][47.657s][info][gc,heap        ] GC(184) Survivor regions: 0->2(25)
[2026-04-03T02:48:50.108+0600][47.657s][info][gc,heap        ] GC(184) Old regions: 90->90
[2026-04-03T02:48:50.108+0600][47.657s][info][gc,heap        ] GC(184) Humongous regions: 8->8
[2026-04-03T02:48:50.108+0600][47.657s][info][gc,metaspace   ] GC(184) Metaspace: 131438K(133056K)->131438K(133056K) NonClass: 114838K(115712K)->114838K(115712K) Class: 16600K(17344K)->16600K(17344K)
[2026-04-03T02:48:50.108+0600][47.657s][info][gc             ] GC(184) Pause Young (Concurrent Start) (G1 Humongous Allocation) 98M->93M(327M) 3.857ms
[2026-04-03T02:48:50.108+0600][47.657s][info][gc             ] GC(185) Concurrent Mark Cycle
[2026-04-03T02:48:50.108+0600][47.657s][info][gc,cpu         ] GC(184) User=0.02s Sys=0.00s Real=0.00s
[2026-04-03T02:48:50.108+0600][47.658s][info][gc,marking     ] GC(185) Concurrent Scan Root Regions
[2026-04-03T02:48:50.110+0600][47.660s][info][gc,marking     ] GC(185) Concurrent Scan Root Regions 2.468ms
[2026-04-03T02:48:50.110+0600][47.660s][info][gc,marking     ] GC(185) Concurrent Mark
[2026-04-03T02:48:50.110+0600][47.660s][info][gc,marking     ] GC(185) Concurrent Mark From Roots
[2026-04-03T02:48:50.110+0600][47.660s][info][gc,task        ] GC(185) Using 3 workers of 3 for marking
[2026-04-03T02:48:50.175+0600][47.725s][info][gc,marking     ] GC(185) Concurrent Mark From Roots 64.736ms
[2026-04-03T02:48:50.175+0600][47.725s][info][gc,marking     ] GC(185) Concurrent Preclean
[2026-04-03T02:48:50.176+0600][47.726s][info][gc,marking     ] GC(185) Concurrent Preclean 0.692ms
[2026-04-03T02:48:50.183+0600][47.733s][info][gc,start       ] GC(185) Pause Remark
[2026-04-03T02:48:50.192+0600][47.741s][info][gc             ] GC(185) Pause Remark 120M->120M(327M) 8.251ms
[2026-04-03T02:48:50.192+0600][47.742s][info][gc,cpu         ] GC(185) User=0.05s Sys=0.01s Real=0.01s
[2026-04-03T02:48:50.192+0600][47.742s][info][gc,marking     ] GC(185) Concurrent Mark 81.655ms
[2026-04-03T02:48:50.192+0600][47.742s][info][gc,marking     ] GC(185) Concurrent Rebuild Remembered Sets and Scrub Regions
[2026-04-03T02:48:50.217+0600][47.767s][info][gc,marking     ] GC(185) Concurrent Rebuild Remembered Sets and Scrub Regions 24.849ms
[2026-04-03T02:48:50.217+0600][47.767s][info][gc,start       ] GC(185) Pause Cleanup
[2026-04-03T02:48:50.218+0600][47.767s][info][gc             ] GC(185) Pause Cleanup 130M->130M(327M) 0.403ms
[2026-04-03T02:48:50.218+0600][47.768s][info][gc,cpu         ] GC(185) User=0.00s Sys=0.00s Real=0.00s
[2026-04-03T02:48:50.218+0600][47.768s][info][gc,marking     ] GC(185) Concurrent Clear Claimed Marks
[2026-04-03T02:48:50.218+0600][47.768s][info][gc,marking     ] GC(185) Concurrent Clear Claimed Marks 0.393ms
[2026-04-03T02:48:50.218+0600][47.768s][info][gc,marking     ] GC(185) Concurrent Cleanup for Next Mark
[2026-04-03T02:48:50.219+0600][47.769s][info][gc,marking     ] GC(185) Concurrent Cleanup for Next Mark 0.679ms
[2026-04-03T02:48:50.219+0600][47.769s][info][gc             ] GC(185) Concurrent Mark Cycle 111.561ms
[2026-04-03T02:48:50.279+0600][47.828s][info][gc,start       ] GC(186) Pause Young (Prepare Mixed) (G1 Evacuation Pause)
[2026-04-03T02:48:50.279+0600][47.829s][info][gc,task        ] GC(186) Using 9 workers of 10 for evacuation
[2026-04-03T02:48:50.282+0600][47.832s][info][gc,phases      ] GC(186)   Pre Evacuate Collection Set: 0.32ms
[2026-04-03T02:48:50.282+0600][47.832s][info][gc,phases      ] GC(186)   Merge Heap Roots: 0.11ms
[2026-04-03T02:48:50.282+0600][47.832s][info][gc,phases      ] GC(186)   Evacuate Collection Set: 2.09ms
[2026-04-03T02:48:50.282+0600][47.832s][info][gc,phases      ] GC(186)   Post Evacuate Collection Set: 0.56ms
[2026-04-03T02:48:50.282+0600][47.832s][info][gc,phases      ] GC(186)   Other: 0.08ms
[2026-04-03T02:48:50.282+0600][47.832s][info][gc,heap        ] GC(186) Eden regions: 55->0(236)
[2026-04-03T02:48:50.282+0600][47.832s][info][gc,heap        ] GC(186) Survivor regions: 2->5(25)
[2026-04-03T02:48:50.282+0600][47.832s][info][gc,heap        ] GC(186) Old regions: 90->90
[2026-04-03T02:48:50.282+0600][47.832s][info][gc,heap        ] GC(186) Humongous regions: 250->23
[2026-04-03T02:48:50.282+0600][47.832s][info][gc,metaspace   ] GC(186) Metaspace: 131438K(133056K)->131438K(133056K) NonClass: 114838K(115712K)->114838K(115712K) Class: 16600K(17344K)->16600K(17344K)
[2026-04-03T02:48:50.282+0600][47.832s][info][gc             ] GC(186) Pause Young (Prepare Mixed) (G1 Evacuation Pause) 390M->111M(402M) 3.386ms
[2026-04-03T02:48:50.282+0600][47.832s][info][gc,cpu         ] GC(186) User=0.01s Sys=0.01s Real=0.01s
[2026-04-03T02:48:50.390+0600][47.939s][info][gc,start       ] GC(187) Pause Young (Mixed) (G1 Evacuation Pause)
[2026-04-03T02:48:50.390+0600][47.939s][info][gc,task        ] GC(187) Using 10 workers of 10 for evacuation
[2026-04-03T02:48:50.395+0600][47.945s][info][gc,phases      ] GC(187)   Pre Evacuate Collection Set: 0.31ms
[2026-04-03T02:48:50.395+0600][47.945s][info][gc,phases      ] GC(187)   Merge Heap Roots: 0.11ms
[2026-04-03T02:48:50.395+0600][47.945s][info][gc,phases      ] GC(187)   Evacuate Collection Set: 2.32ms
[2026-04-03T02:48:50.395+0600][47.945s][info][gc,phases      ] GC(187)   Post Evacuate Collection Set: 2.68ms
[2026-04-03T02:48:50.395+0600][47.945s][info][gc,phases      ] GC(187)   Other: 0.12ms
[2026-04-03T02:48:50.395+0600][47.945s][info][gc,heap        ] GC(187) Eden regions: 60->0(533)
[2026-04-03T02:48:50.395+0600][47.945s][info][gc,heap        ] GC(187) Survivor regions: 5->6(31)
[2026-04-03T02:48:50.395+0600][47.945s][info][gc,heap        ] GC(187) Old regions: 90->89
[2026-04-03T02:48:50.395+0600][47.945s][info][gc,heap        ] GC(187) Humongous regions: 392->23
[2026-04-03T02:48:50.395+0600][47.945s][info][gc,metaspace   ] GC(187) Metaspace: 131440K(133056K)->131440K(133056K) NonClass: 114840K(115712K)->114840K(115712K) Class: 16600K(17344K)->16600K(17344K)
[2026-04-03T02:48:50.395+0600][47.945s][info][gc             ] GC(187) Pause Young (Mixed) (G1 Evacuation Pause) 540M->111M(899M) 5.833ms
[2026-04-03T02:48:50.396+0600][47.945s][info][gc,cpu         ] GC(187) User=0.03s Sys=0.01s Real=0.01s
[2026-04-03T02:48:51.211+0600][48.760s][info][gc,start       ] GC(188) Pause Young (Concurrent Start) (G1 Humongous Allocation)
[2026-04-03T02:48:51.211+0600][48.761s][info][gc,task        ] GC(188) Using 10 workers of 10 for evacuation
[2026-04-03T02:48:51.215+0600][48.764s][info][gc,phases      ] GC(188)   Pre Evacuate Collection Set: 0.53ms
[2026-04-03T02:48:51.215+0600][48.764s][info][gc,phases      ] GC(188)   Merge Heap Roots: 0.29ms
[2026-04-03T02:48:51.215+0600][48.764s][info][gc,phases      ] GC(188)   Evacuate Collection Set: 1.66ms
[2026-04-03T02:48:51.215+0600][48.764s][info][gc,phases      ] GC(188)   Post Evacuate Collection Set: 0.92ms
[2026-04-03T02:48:51.215+0600][48.764s][info][gc,phases      ] GC(188)   Other: 0.20ms
[2026-04-03T02:48:51.215+0600][48.764s][info][gc,heap        ] GC(188) Eden regions: 426->0(534)
[2026-04-03T02:48:51.215+0600][48.764s][info][gc,heap        ] GC(188) Survivor regions: 6->5(68)
[2026-04-03T02:48:51.215+0600][48.764s][info][gc,heap        ] GC(188) Old regions: 89->89
[2026-04-03T02:48:51.215+0600][48.764s][info][gc,heap        ] GC(188) Humongous regions: 367->8
[2026-04-03T02:48:51.215+0600][48.764s][info][gc,metaspace   ] GC(188) Metaspace: 131467K(133056K)->131467K(133056K) NonClass: 114866K(115712K)->114866K(115712K) Class: 16601K(17344K)->16601K(17344K)
[2026-04-03T02:48:51.215+0600][48.764s][info][gc             ] GC(188) Pause Young (Concurrent Start) (G1 Humongous Allocation) 881M->96M(899M) 3.885ms
[2026-04-03T02:48:51.215+0600][48.764s][info][gc             ] GC(189) Concurrent Undo Cycle
[2026-04-03T02:48:51.215+0600][48.764s][info][gc,cpu         ] GC(188) User=0.03s Sys=0.00s Real=0.00s
[2026-04-03T02:48:51.215+0600][48.765s][info][gc,marking     ] GC(189) Concurrent Clear Claimed Marks
[2026-04-03T02:48:51.215+0600][48.765s][info][gc,marking     ] GC(189) Concurrent Clear Claimed Marks 0.249ms
[2026-04-03T02:48:51.215+0600][48.765s][info][gc,marking     ] GC(189) Concurrent Cleanup for Next Mark
[2026-04-03T02:48:51.215+0600][48.765s][info][gc,marking     ] GC(189) Concurrent Cleanup for Next Mark 0.384ms
[2026-04-03T02:48:51.216+0600][48.765s][info][gc             ] GC(189) Concurrent Undo Cycle 0.806ms
[2026-04-03T02:48:51.340+0600][48.890s][info][gc,start       ] GC(190) Pause Young (Concurrent Start) (GCLocker Initiated GC)
[2026-04-03T02:48:51.340+0600][48.890s][info][gc,task        ] GC(190) Using 10 workers of 10 for evacuation
[2026-04-03T02:48:51.345+0600][48.895s][info][gc,phases      ] GC(190)   Pre Evacuate Collection Set: 0.56ms
[2026-04-03T02:48:51.345+0600][48.895s][info][gc,phases      ] GC(190)   Merge Heap Roots: 0.22ms
[2026-04-03T02:48:51.345+0600][48.895s][info][gc,phases      ] GC(190)   Evacuate Collection Set: 3.03ms
[2026-04-03T02:48:51.345+0600][48.895s][info][gc,phases      ] GC(190)   Post Evacuate Collection Set: 0.82ms
[2026-04-03T02:48:51.345+0600][48.895s][info][gc,phases      ] GC(190)   Other: 0.25ms
[2026-04-03T02:48:51.345+0600][48.895s][info][gc,heap        ] GC(190) Eden regions: 99->0(533)
[2026-04-03T02:48:51.345+0600][48.895s][info][gc,heap        ] GC(190) Survivor regions: 5->6(68)
[2026-04-03T02:48:51.345+0600][48.895s][info][gc,heap        ] GC(190) Old regions: 89->89
[2026-04-03T02:48:51.345+0600][48.895s][info][gc,heap        ] GC(190) Humongous regions: 76->8
[2026-04-03T02:48:51.345+0600][48.895s][info][gc,metaspace   ] GC(190) Metaspace: 131467K(133056K)->131467K(133056K) NonClass: 114866K(115712K)->114866K(115712K) Class: 16601K(17344K)->16601K(17344K)
[2026-04-03T02:48:51.345+0600][48.895s][info][gc             ] GC(190) Pause Young (Concurrent Start) (GCLocker Initiated GC) 262M->97M(899M) 5.234ms
[2026-04-03T02:48:51.345+0600][48.895s][info][gc             ] GC(191) Concurrent Mark Cycle
[2026-04-03T02:48:51.346+0600][48.895s][info][gc,cpu         ] GC(190) User=0.04s Sys=0.01s Real=0.00s
[2026-04-03T02:48:51.346+0600][48.895s][info][gc,marking     ] GC(191) Concurrent Scan Root Regions
[2026-04-03T02:48:51.349+0600][48.898s][info][gc,marking     ] GC(191) Concurrent Scan Root Regions 2.991ms
[2026-04-03T02:48:51.349+0600][48.898s][info][gc,marking     ] GC(191) Concurrent Mark
[2026-04-03T02:48:51.349+0600][48.898s][info][gc,marking     ] GC(191) Concurrent Mark From Roots
[2026-04-03T02:48:51.349+0600][48.898s][info][gc,task        ] GC(191) Using 3 workers of 3 for marking
[2026-04-03T02:48:51.428+0600][48.978s][info][gc,marking     ] GC(191) Concurrent Mark From Roots 79.479ms
[2026-04-03T02:48:51.428+0600][48.978s][info][gc,marking     ] GC(191) Concurrent Preclean
[2026-04-03T02:48:51.429+0600][48.979s][info][gc,marking     ] GC(191) Concurrent Preclean 0.714ms
[2026-04-03T02:48:51.429+0600][48.979s][info][gc,start       ] GC(191) Pause Remark
[2026-04-03T02:48:51.439+0600][48.989s][info][gc             ] GC(191) Pause Remark 191M->191M(484M) 9.515ms
[2026-04-03T02:48:51.439+0600][48.989s][info][gc,cpu         ] GC(191) User=0.06s Sys=0.01s Real=0.01s
[2026-04-03T02:48:51.439+0600][48.989s][info][gc,marking     ] GC(191) Concurrent Mark 90.659ms
[2026-04-03T02:48:51.439+0600][48.989s][info][gc,marking     ] GC(191) Concurrent Rebuild Remembered Sets and Scrub Regions
[2026-04-03T02:48:51.475+0600][49.025s][info][gc,marking     ] GC(191) Concurrent Rebuild Remembered Sets and Scrub Regions 35.512ms
[2026-04-03T02:48:51.475+0600][49.025s][info][gc,start       ] GC(191) Pause Cleanup
[2026-04-03T02:48:51.476+0600][49.026s][info][gc             ] GC(191) Pause Cleanup 228M->228M(484M) 0.412ms
[2026-04-03T02:48:51.476+0600][49.026s][info][gc,cpu         ] GC(191) User=0.00s Sys=0.00s Real=0.00s
[2026-04-03T02:48:51.476+0600][49.026s][info][gc,marking     ] GC(191) Concurrent Clear Claimed Marks
[2026-04-03T02:48:51.476+0600][49.026s][info][gc,marking     ] GC(191) Concurrent Clear Claimed Marks 0.405ms
[2026-04-03T02:48:51.477+0600][49.026s][info][gc,marking     ] GC(191) Concurrent Cleanup for Next Mark
[2026-04-03T02:48:51.479+0600][49.029s][info][gc,marking     ] GC(191) Concurrent Cleanup for Next Mark 2.336ms
[2026-04-03T02:48:51.479+0600][49.029s][info][gc             ] GC(191) Concurrent Mark Cycle 133.431ms
[2026-04-03T02:48:51.662+0600][49.212s][info][gc,start       ] GC(192) Pause Young (Prepare Mixed) (G1 Evacuation Pause)
[2026-04-03T02:48:51.662+0600][49.212s][info][gc,task        ] GC(192) Using 10 workers of 10 for evacuation
[2026-04-03T02:48:51.668+0600][49.218s][info][gc,phases      ] GC(192)   Pre Evacuate Collection Set: 0.37ms
[2026-04-03T02:48:51.668+0600][49.218s][info][gc,phases      ] GC(192)   Merge Heap Roots: 0.25ms
[2026-04-03T02:48:51.668+0600][49.218s][info][gc,phases      ] GC(192)   Evacuate Collection Set: 4.28ms
[2026-04-03T02:48:51.668+0600][49.218s][info][gc,phases      ] GC(192)   Post Evacuate Collection Set: 0.70ms
[2026-04-03T02:48:51.668+0600][49.218s][info][gc,phases      ] GC(192)   Other: 0.12ms
[2026-04-03T02:48:51.668+0600][49.218s][info][gc,heap        ] GC(192) Eden regions: 213->0(287)
[2026-04-03T02:48:51.668+0600][49.218s][info][gc,heap        ] GC(192) Survivor regions: 6->7(37)
[2026-04-03T02:48:51.668+0600][49.218s][info][gc,heap        ] GC(192) Old regions: 89->89
[2026-04-03T02:48:51.668+0600][49.218s][info][gc,heap        ] GC(192) Humongous regions: 176->8
[2026-04-03T02:48:51.668+0600][49.218s][info][gc,metaspace   ] GC(192) Metaspace: 131474K(133056K)->131474K(133056K) NonClass: 114872K(115712K)->114872K(115712K) Class: 16601K(17344K)->16601K(17344K)
[2026-04-03T02:48:51.668+0600][49.218s][info][gc             ] GC(192) Pause Young (Prepare Mixed) (G1 Evacuation Pause) 478M->97M(491M) 6.033ms
[2026-04-03T02:48:51.669+0600][49.218s][info][gc,cpu         ] GC(192) User=0.04s Sys=0.01s Real=0.00s
[2026-04-03T02:48:52.129+0600][49.679s][info][gc,start       ] GC(193) Pause Young (Mixed) (G1 Evacuation Pause)
[2026-04-03T02:48:52.129+0600][49.679s][info][gc,task        ] GC(193) Using 10 workers of 10 for evacuation
[2026-04-03T02:48:52.135+0600][49.685s][info][gc,phases      ] GC(193)   Pre Evacuate Collection Set: 0.45ms
[2026-04-03T02:48:52.135+0600][49.685s][info][gc,phases      ] GC(193)   Merge Heap Roots: 0.27ms
[2026-04-03T02:48:52.135+0600][49.685s][info][gc,phases      ] GC(193)   Evacuate Collection Set: 4.23ms
[2026-04-03T02:48:52.135+0600][49.685s][info][gc,phases      ] GC(193)   Post Evacuate Collection Set: 0.67ms
[2026-04-03T02:48:52.135+0600][49.685s][info][gc,phases      ] GC(193)   Other: 0.11ms
[2026-04-03T02:48:52.135+0600][49.685s][info][gc,heap        ] GC(193) Eden regions: 272->0(292)
[2026-04-03T02:48:52.135+0600][49.685s][info][gc,heap        ] GC(193) Survivor regions: 7->7(37)
[2026-04-03T02:48:52.135+0600][49.685s][info][gc,heap        ] GC(193) Old regions: 89->88
[2026-04-03T02:48:52.135+0600][49.685s][info][gc,heap        ] GC(193) Humongous regions: 123->8
[2026-04-03T02:48:52.135+0600][49.685s][info][gc,metaspace   ] GC(193) Metaspace: 131502K(133056K)->131502K(133056K) NonClass: 114900K(115712K)->114900K(115712K) Class: 16601K(17344K)->16601K(17344K)
[2026-04-03T02:48:52.135+0600][49.685s][info][gc             ] GC(193) Pause Young (Mixed) (G1 Evacuation Pause) 484M->98M(499M) 5.997ms
[2026-04-03T02:48:52.135+0600][49.685s][info][gc,cpu         ] GC(193) User=0.04s Sys=0.01s Real=0.01s
[2026-04-03T02:48:52.144+0600][49.694s][info][gc,start       ] GC(194) Pause Young (Concurrent Start) (G1 Humongous Allocation)
[2026-04-03T02:48:52.144+0600][49.694s][info][gc,task        ] GC(194) Using 10 workers of 10 for evacuation
[2026-04-03T02:48:52.148+0600][49.697s][info][gc,phases      ] GC(194)   Pre Evacuate Collection Set: 0.39ms
[2026-04-03T02:48:52.148+0600][49.697s][info][gc,phases      ] GC(194)   Merge Heap Roots: 0.14ms
[2026-04-03T02:48:52.148+0600][49.697s][info][gc,phases      ] GC(194)   Evacuate Collection Set: 2.09ms
[2026-04-03T02:48:52.148+0600][49.697s][info][gc,phases      ] GC(194)   Post Evacuate Collection Set: 0.55ms
[2026-04-03T02:48:52.148+0600][49.697s][info][gc,phases      ] GC(194)   Other: 0.11ms
[2026-04-03T02:48:52.148+0600][49.697s][info][gc,heap        ] GC(194) Eden regions: 13->0(293)
[2026-04-03T02:48:52.148+0600][49.697s][info][gc,heap        ] GC(194) Survivor regions: 7->6(38)
[2026-04-03T02:48:52.148+0600][49.697s][info][gc,heap        ] GC(194) Old regions: 88->88
[2026-04-03T02:48:52.148+0600][49.697s][info][gc,heap        ] GC(194) Humongous regions: 8->8
[2026-04-03T02:48:52.148+0600][49.697s][info][gc,metaspace   ] GC(194) Metaspace: 131502K(133056K)->131502K(133056K) NonClass: 114900K(115712K)->114900K(115712K) Class: 16601K(17344K)->16601K(17344K)
[2026-04-03T02:48:52.148+0600][49.697s][info][gc             ] GC(194) Pause Young (Concurrent Start) (G1 Humongous Allocation) 111M->96M(499M) 3.567ms
[2026-04-03T02:48:52.148+0600][49.698s][info][gc             ] GC(195) Concurrent Mark Cycle
[2026-04-03T02:48:52.148+0600][49.698s][info][gc,cpu         ] GC(194) User=0.02s Sys=0.00s Real=0.00s
[2026-04-03T02:48:52.148+0600][49.698s][info][gc,marking     ] GC(195) Concurrent Scan Root Regions
[2026-04-03T02:48:52.151+0600][49.701s][info][gc,marking     ] GC(195) Concurrent Scan Root Regions 3.198ms
[2026-04-03T02:48:52.151+0600][49.701s][info][gc,marking     ] GC(195) Concurrent Mark
[2026-04-03T02:48:52.151+0600][49.701s][info][gc,marking     ] GC(195) Concurrent Mark From Roots
[2026-04-03T02:48:52.151+0600][49.701s][info][gc,task        ] GC(195) Using 3 workers of 3 for marking
[2026-04-03T02:48:52.240+0600][49.789s][info][gc,marking     ] GC(195) Concurrent Mark From Roots 88.323ms
[2026-04-03T02:48:52.240+0600][49.789s][info][gc,marking     ] GC(195) Concurrent Preclean
[2026-04-03T02:48:52.240+0600][49.790s][info][gc,marking     ] GC(195) Concurrent Preclean 0.289ms
[2026-04-03T02:48:52.240+0600][49.790s][info][gc,start       ] GC(195) Pause Remark
[2026-04-03T02:48:52.249+0600][49.799s][info][gc             ] GC(195) Pause Remark 212M->212M(499M) 8.907ms
[2026-04-03T02:48:52.249+0600][49.799s][info][gc,cpu         ] GC(195) User=0.06s Sys=0.00s Real=0.00s
[2026-04-03T02:48:52.250+0600][49.799s][info][gc,marking     ] GC(195) Concurrent Mark 98.376ms
[2026-04-03T02:48:52.250+0600][49.799s][info][gc,marking     ] GC(195) Concurrent Rebuild Remembered Sets and Scrub Regions
[2026-04-03T02:48:52.283+0600][49.833s][info][gc,marking     ] GC(195) Concurrent Rebuild Remembered Sets and Scrub Regions 33.439ms
[2026-04-03T02:48:52.284+0600][49.833s][info][gc,start       ] GC(195) Pause Cleanup
[2026-04-03T02:48:52.284+0600][49.834s][info][gc             ] GC(195) Pause Cleanup 241M->241M(499M) 0.364ms
[2026-04-03T02:48:52.284+0600][49.834s][info][gc,cpu         ] GC(195) User=0.00s Sys=0.01s Real=0.00s
[2026-04-03T02:48:52.284+0600][49.834s][info][gc,marking     ] GC(195) Concurrent Clear Claimed Marks
[2026-04-03T02:48:52.285+0600][49.835s][info][gc,marking     ] GC(195) Concurrent Clear Claimed Marks 0.459ms
[2026-04-03T02:48:52.285+0600][49.835s][info][gc,marking     ] GC(195) Concurrent Cleanup for Next Mark
[2026-04-03T02:48:52.286+0600][49.836s][info][gc,marking     ] GC(195) Concurrent Cleanup for Next Mark 1.097ms
[2026-04-03T02:48:52.286+0600][49.836s][info][gc             ] GC(195) Concurrent Mark Cycle 138.157ms
[2026-04-03T02:48:52.460+0600][50.010s][info][gc,start       ] GC(196) Pause Young (Prepare Mixed) (G1 Evacuation Pause)
[2026-04-03T02:48:52.460+0600][50.010s][info][gc,task        ] GC(196) Using 10 workers of 10 for evacuation
[2026-04-03T02:48:52.464+0600][50.014s][info][gc,phases      ] GC(196)   Pre Evacuate Collection Set: 0.27ms
[2026-04-03T02:48:52.464+0600][50.014s][info][gc,phases      ] GC(196)   Merge Heap Roots: 0.16ms
[2026-04-03T02:48:52.464+0600][50.014s][info][gc,phases      ] GC(196)   Evacuate Collection Set: 2.64ms
[2026-04-03T02:48:52.464+0600][50.014s][info][gc,phases      ] GC(196)   Post Evacuate Collection Set: 0.61ms
[2026-04-03T02:48:52.464+0600][50.014s][info][gc,phases      ] GC(196)   Other: 0.09ms
[2026-04-03T02:48:52.464+0600][50.014s][info][gc,heap        ] GC(196) Eden regions: 215->0(301)
[2026-04-03T02:48:52.464+0600][50.014s][info][gc,heap        ] GC(196) Survivor regions: 6->6(38)
[2026-04-03T02:48:52.464+0600][50.014s][info][gc,heap        ] GC(196) Old regions: 88->88
[2026-04-03T02:48:52.464+0600][50.014s][info][gc,heap        ] GC(196) Humongous regions: 197->8
[2026-04-03T02:48:52.464+0600][50.014s][info][gc,metaspace   ] GC(196) Metaspace: 131504K(133056K)->131504K(133056K) NonClass: 114902K(115712K)->114902K(115712K) Class: 16601K(17344K)->16601K(17344K)
[2026-04-03T02:48:52.464+0600][50.014s][info][gc             ] GC(196) Pause Young (Prepare Mixed) (G1 Evacuation Pause) 500M->97M(512M) 4.015ms
[2026-04-03T02:48:52.464+0600][50.014s][info][gc,cpu         ] GC(196) User=0.03s Sys=0.00s Real=0.00s
[2026-04-03T02:48:52.752+0600][50.302s][info][gc,start       ] GC(197) Pause Young (Mixed) (G1 Evacuation Pause)
[2026-04-03T02:48:52.752+0600][50.302s][info][gc,task        ] GC(197) Using 10 workers of 10 for evacuation
[2026-04-03T02:48:52.758+0600][50.307s][info][gc,phases      ] GC(197)   Pre Evacuate Collection Set: 0.41ms
[2026-04-03T02:48:52.758+0600][50.307s][info][gc,phases      ] GC(197)   Merge Heap Roots: 0.40ms
[2026-04-03T02:48:52.758+0600][50.307s][info][gc,phases      ] GC(197)   Evacuate Collection Set: 3.91ms
[2026-04-03T02:48:52.758+0600][50.307s][info][gc,phases      ] GC(197)   Post Evacuate Collection Set: 0.71ms
[2026-04-03T02:48:52.758+0600][50.307s][info][gc,phases      ] GC(197)   Other: 0.14ms
[2026-04-03T02:48:52.758+0600][50.307s][info][gc,heap        ] GC(197) Eden regions: 240->0(310)
[2026-04-03T02:48:52.758+0600][50.308s][info][gc,heap        ] GC(197) Survivor regions: 6->6(39)
[2026-04-03T02:48:52.758+0600][50.308s][info][gc,heap        ] GC(197) Old regions: 88->86
[2026-04-03T02:48:52.758+0600][50.308s][info][gc,heap        ] GC(197) Humongous regions: 188->14
[2026-04-03T02:48:52.758+0600][50.308s][info][gc,metaspace   ] GC(197) Metaspace: 131524K(133056K)->131524K(133056K) NonClass: 114922K(115712K)->114922K(115712K) Class: 16602K(17344K)->16602K(17344K)
[2026-04-03T02:48:52.758+0600][50.308s][info][gc             ] GC(197) Pause Young (Mixed) (G1 Evacuation Pause) 517M->102M(528M) 5.927ms
[2026-04-03T02:48:52.758+0600][50.308s][info][gc,cpu         ] GC(197) User=0.02s Sys=0.02s Real=0.00s
[2026-04-03T02:48:52.759+0600][50.308s][info][gc,start       ] GC(198) Pause Young (Concurrent Start) (G1 Humongous Allocation)
[2026-04-03T02:48:52.759+0600][50.308s][info][gc,task        ] GC(198) Using 10 workers of 10 for evacuation
[2026-04-03T02:48:52.763+0600][50.312s][info][gc,phases      ] GC(198)   Pre Evacuate Collection Set: 0.44ms
[2026-04-03T02:48:52.763+0600][50.312s][info][gc,phases      ] GC(198)   Merge Heap Roots: 0.17ms
[2026-04-03T02:48:52.763+0600][50.313s][info][gc,phases      ] GC(198)   Evacuate Collection Set: 2.43ms
[2026-04-03T02:48:52.763+0600][50.313s][info][gc,phases      ] GC(198)   Post Evacuate Collection Set: 0.79ms
[2026-04-03T02:48:52.763+0600][50.313s][info][gc,phases      ] GC(198)   Other: 0.18ms
[2026-04-03T02:48:52.763+0600][50.313s][info][gc,heap        ] GC(198) Eden regions: 2->0(310)
[2026-04-03T02:48:52.763+0600][50.313s][info][gc,heap        ] GC(198) Survivor regions: 6->6(40)
[2026-04-03T02:48:52.763+0600][50.313s][info][gc,heap        ] GC(198) Old regions: 86->86
[2026-04-03T02:48:52.763+0600][50.313s][info][gc,heap        ] GC(198) Humongous regions: 14->10
[2026-04-03T02:48:52.763+0600][50.313s][info][gc,metaspace   ] GC(198) Metaspace: 131524K(133056K)->131524K(133056K) NonClass: 114922K(115712K)->114922K(115712K) Class: 16602K(17344K)->16602K(17344K)
[2026-04-03T02:48:52.763+0600][50.313s][info][gc             ] GC(198) Pause Young (Concurrent Start) (G1 Humongous Allocation) 104M->98M(528M) 4.372ms
[2026-04-03T02:48:52.763+0600][50.313s][info][gc             ] GC(199) Concurrent Mark Cycle
[2026-04-03T02:48:52.763+0600][50.313s][info][gc,cpu         ] GC(198) User=0.02s Sys=0.00s Real=0.01s
[2026-04-03T02:48:52.763+0600][50.313s][info][gc,marking     ] GC(199) Concurrent Scan Root Regions
[2026-04-03T02:48:52.766+0600][50.315s][info][gc,marking     ] GC(199) Concurrent Scan Root Regions 2.497ms
[2026-04-03T02:48:52.766+0600][50.315s][info][gc,marking     ] GC(199) Concurrent Mark
[2026-04-03T02:48:52.766+0600][50.315s][info][gc,marking     ] GC(199) Concurrent Mark From Roots
[2026-04-03T02:48:52.766+0600][50.315s][info][gc,task        ] GC(199) Using 3 workers of 3 for marking
[2026-04-03T02:48:52.837+0600][50.386s][info][gc,marking     ] GC(199) Concurrent Mark From Roots 70.835ms
[2026-04-03T02:48:52.837+0600][50.386s][info][gc,marking     ] GC(199) Concurrent Preclean
[2026-04-03T02:48:52.837+0600][50.387s][info][gc,marking     ] GC(199) Concurrent Preclean 0.634ms
[2026-04-03T02:48:52.838+0600][50.387s][info][gc,start       ] GC(199) Pause Remark
[2026-04-03T02:48:52.846+0600][50.396s][info][gc             ] GC(199) Pause Remark 159M->159M(424M) 8.355ms
[2026-04-03T02:48:52.846+0600][50.396s][info][gc,cpu         ] GC(199) User=0.06s Sys=0.00s Real=0.01s
[2026-04-03T02:48:52.846+0600][50.396s][info][gc,marking     ] GC(199) Concurrent Mark 80.751ms
[2026-04-03T02:48:52.846+0600][50.396s][info][gc,marking     ] GC(199) Concurrent Rebuild Remembered Sets and Scrub Regions
[2026-04-03T02:48:52.882+0600][50.432s][info][gc,marking     ] GC(199) Concurrent Rebuild Remembered Sets and Scrub Regions 35.448ms
[2026-04-03T02:48:52.882+0600][50.432s][info][gc,start       ] GC(199) Pause Cleanup
[2026-04-03T02:48:52.883+0600][50.432s][info][gc             ] GC(199) Pause Cleanup 179M->179M(424M) 0.340ms
[2026-04-03T02:48:52.883+0600][50.432s][info][gc,cpu         ] GC(199) User=0.00s Sys=0.00s Real=0.00s
[2026-04-03T02:48:52.883+0600][50.433s][info][gc,marking     ] GC(199) Concurrent Clear Claimed Marks
[2026-04-03T02:48:52.883+0600][50.433s][info][gc,marking     ] GC(199) Concurrent Clear Claimed Marks 0.392ms
[2026-04-03T02:48:52.883+0600][50.433s][info][gc,marking     ] GC(199) Concurrent Cleanup for Next Mark
[2026-04-03T02:48:52.884+0600][50.434s][info][gc,marking     ] GC(199) Concurrent Cleanup for Next Mark 0.727ms
[2026-04-03T02:48:52.884+0600][50.434s][info][gc             ] GC(199) Concurrent Mark Cycle 121.120ms
[2026-04-03T02:48:53.149+0600][50.698s][info][gc,start       ] GC(200) Pause Young (Prepare Mixed) (G1 Evacuation Pause)
[2026-04-03T02:48:53.149+0600][50.699s][info][gc,task        ] GC(200) Using 10 workers of 10 for evacuation
[2026-04-03T02:48:53.156+0600][50.705s][info][gc,phases      ] GC(200)   Pre Evacuate Collection Set: 0.47ms
[2026-04-03T02:48:53.156+0600][50.705s][info][gc,phases      ] GC(200)   Merge Heap Roots: 0.36ms
[2026-04-03T02:48:53.156+0600][50.705s][info][gc,phases      ] GC(200)   Evacuate Collection Set: 4.73ms
[2026-04-03T02:48:53.156+0600][50.705s][info][gc,phases      ] GC(200)   Post Evacuate Collection Set: 0.99ms
[2026-04-03T02:48:53.156+0600][50.705s][info][gc,phases      ] GC(200)   Other: 0.12ms
[2026-04-03T02:48:53.156+0600][50.705s][info][gc,heap        ] GC(200) Eden regions: 209->0(251)
[2026-04-03T02:48:53.156+0600][50.705s][info][gc,heap        ] GC(200) Survivor regions: 6->8(32)
[2026-04-03T02:48:53.156+0600][50.705s][info][gc,heap        ] GC(200) Old regions: 86->86
[2026-04-03T02:48:53.156+0600][50.705s][info][gc,heap        ] GC(200) Humongous regions: 123->8
[2026-04-03T02:48:53.156+0600][50.706s][info][gc,metaspace   ] GC(200) Metaspace: 131548K(133056K)->131548K(133056K) NonClass: 114944K(115712K)->114944K(115712K) Class: 16603K(17344K)->16603K(17344K)
[2026-04-03T02:48:53.156+0600][50.706s][info][gc             ] GC(200) Pause Young (Prepare Mixed) (G1 Evacuation Pause) 420M->99M(432M) 7.050ms
[2026-04-03T02:48:53.156+0600][50.706s][info][gc,cpu         ] GC(200) User=0.04s Sys=0.01s Real=0.01s
[2026-04-03T02:48:53.418+0600][50.967s][info][gc,start       ] GC(201) Pause Young (Mixed) (G1 Evacuation Pause)
[2026-04-03T02:48:53.418+0600][50.968s][info][gc,task        ] GC(201) Using 10 workers of 10 for evacuation
[2026-04-03T02:48:53.423+0600][50.973s][info][gc,phases      ] GC(201)   Pre Evacuate Collection Set: 0.33ms
[2026-04-03T02:48:53.423+0600][50.973s][info][gc,phases      ] GC(201)   Merge Heap Roots: 0.17ms
[2026-04-03T02:48:53.423+0600][50.973s][info][gc,phases      ] GC(201)   Evacuate Collection Set: 4.17ms
[2026-04-03T02:48:53.423+0600][50.973s][info][gc,phases      ] GC(201)   Post Evacuate Collection Set: 0.67ms
[2026-04-03T02:48:53.423+0600][50.973s][info][gc,phases      ] GC(201)   Other: 0.09ms
[2026-04-03T02:48:53.423+0600][50.973s][info][gc,heap        ] GC(201) Eden regions: 221->0(292)
[2026-04-03T02:48:53.423+0600][50.973s][info][gc,heap        ] GC(201) Survivor regions: 8->9(33)
[2026-04-03T02:48:53.423+0600][50.973s][info][gc,heap        ] GC(201) Old regions: 86->85
[2026-04-03T02:48:53.423+0600][50.973s][info][gc,heap        ] GC(201) Humongous regions: 177->23
[2026-04-03T02:48:53.423+0600][50.973s][info][gc,metaspace   ] GC(201) Metaspace: 131550K(133056K)->131550K(133056K) NonClass: 114946K(115712K)->114946K(115712K) Class: 16603K(17344K)->16603K(17344K)
[2026-04-03T02:48:53.423+0600][50.973s][info][gc             ] GC(201) Pause Young (Mixed) (G1 Evacuation Pause) 489M->114M(502M) 5.675ms
[2026-04-03T02:48:53.424+0600][50.973s][info][gc,cpu         ] GC(201) User=0.03s Sys=0.01s Real=0.01s
[2026-04-03T02:48:53.424+0600][50.974s][info][gc,start       ] GC(202) Pause Young (Concurrent Start) (G1 Humongous Allocation)
[2026-04-03T02:48:53.424+0600][50.974s][info][gc,task        ] GC(202) Using 10 workers of 10 for evacuation
[2026-04-03T02:48:53.427+0600][50.977s][info][gc,phases      ] GC(202)   Pre Evacuate Collection Set: 0.31ms
[2026-04-03T02:48:53.427+0600][50.977s][info][gc,phases      ] GC(202)   Merge Heap Roots: 0.09ms
[2026-04-03T02:48:53.427+0600][50.977s][info][gc,phases      ] GC(202)   Evacuate Collection Set: 1.91ms
[2026-04-03T02:48:53.427+0600][50.977s][info][gc,phases      ] GC(202)   Post Evacuate Collection Set: 0.48ms
[2026-04-03T02:48:53.427+0600][50.977s][info][gc,phases      ] GC(202)   Other: 0.09ms
[2026-04-03T02:48:53.427+0600][50.977s][info][gc,heap        ] GC(202) Eden regions: 3->0(292)
[2026-04-03T02:48:53.427+0600][50.977s][info][gc,heap        ] GC(202) Survivor regions: 9->9(38)
[2026-04-03T02:48:53.427+0600][50.977s][info][gc,heap        ] GC(202) Old regions: 85->85
[2026-04-03T02:48:53.427+0600][50.977s][info][gc,heap        ] GC(202) Humongous regions: 23->8
[2026-04-03T02:48:53.427+0600][50.977s][info][gc,metaspace   ] GC(202) Metaspace: 131550K(133056K)->131550K(133056K) NonClass: 114946K(115712K)->114946K(115712K) Class: 16603K(17344K)->16603K(17344K)
[2026-04-03T02:48:53.427+0600][50.977s][info][gc             ] GC(202) Pause Young (Concurrent Start) (G1 Humongous Allocation) 116M->99M(502M) 3.137ms
[2026-04-03T02:48:53.427+0600][50.977s][info][gc             ] GC(203) Concurrent Undo Cycle
[2026-04-03T02:48:53.427+0600][50.977s][info][gc,marking     ] GC(203) Concurrent Clear Claimed Marks
[2026-04-03T02:48:53.427+0600][50.977s][info][gc,cpu         ] GC(202) User=0.02s Sys=0.00s Real=0.00s
[2026-04-03T02:48:53.428+0600][50.977s][info][gc,marking     ] GC(203) Concurrent Clear Claimed Marks 0.292ms
[2026-04-03T02:48:53.428+0600][50.977s][info][gc,marking     ] GC(203) Concurrent Cleanup for Next Mark
[2026-04-03T02:48:53.428+0600][50.978s][info][gc,marking     ] GC(203) Concurrent Cleanup for Next Mark 0.281ms
[2026-04-03T02:48:53.428+0600][50.978s][info][gc             ] GC(203) Concurrent Undo Cycle 0.727ms
[2026-04-03T02:48:53.429+0600][50.979s][info][gc,start       ] GC(204) Pause Young (Concurrent Start) (G1 Humongous Allocation)
[2026-04-03T02:48:53.429+0600][50.979s][info][gc,task        ] GC(204) Using 10 workers of 10 for evacuation
[2026-04-03T02:48:53.432+0600][50.982s][info][gc,phases      ] GC(204)   Pre Evacuate Collection Set: 0.36ms
[2026-04-03T02:48:53.432+0600][50.982s][info][gc,phases      ] GC(204)   Merge Heap Roots: 0.12ms
[2026-04-03T02:48:53.432+0600][50.982s][info][gc,phases      ] GC(204)   Evacuate Collection Set: 2.14ms
[2026-04-03T02:48:53.432+0600][50.982s][info][gc,phases      ] GC(204)   Post Evacuate Collection Set: 0.46ms
[2026-04-03T02:48:53.432+0600][50.982s][info][gc,phases      ] GC(204)   Other: 0.09ms
[2026-04-03T02:48:53.432+0600][50.982s][info][gc,heap        ] GC(204) Eden regions: 3->0(292)
[2026-04-03T02:48:53.432+0600][50.982s][info][gc,heap        ] GC(204) Survivor regions: 9->9(38)
[2026-04-03T02:48:53.433+0600][50.982s][info][gc,heap        ] GC(204) Old regions: 85->85
[2026-04-03T02:48:53.433+0600][50.982s][info][gc,heap        ] GC(204) Humongous regions: 28->13
[2026-04-03T02:48:53.433+0600][50.982s][info][gc,metaspace   ] GC(204) Metaspace: 131550K(133056K)->131550K(133056K) NonClass: 114946K(115712K)->114946K(115712K) Class: 16603K(17344K)->16603K(17344K)
[2026-04-03T02:48:53.433+0600][50.982s][info][gc             ] GC(204) Pause Young (Concurrent Start) (G1 Humongous Allocation) 121M->104M(502M) 3.378ms
[2026-04-03T02:48:53.433+0600][50.982s][info][gc             ] GC(205) Concurrent Mark Cycle
[2026-04-03T02:48:53.433+0600][50.982s][info][gc,marking     ] GC(205) Concurrent Scan Root Regions
[2026-04-03T02:48:53.433+0600][50.982s][info][gc,cpu         ] GC(204) User=0.02s Sys=0.00s Real=0.01s
[2026-04-03T02:48:53.436+0600][50.985s][info][gc,marking     ] GC(205) Concurrent Scan Root Regions 3.127ms
[2026-04-03T02:48:53.436+0600][50.986s][info][gc,marking     ] GC(205) Concurrent Mark
[2026-04-03T02:48:53.436+0600][50.986s][info][gc,marking     ] GC(205) Concurrent Mark From Roots
[2026-04-03T02:48:53.436+0600][50.986s][info][gc,task        ] GC(205) Using 3 workers of 3 for marking
[2026-04-03T02:48:53.520+0600][51.070s][info][gc,marking     ] GC(205) Concurrent Mark From Roots 83.916ms
[2026-04-03T02:48:53.520+0600][51.070s][info][gc,marking     ] GC(205) Concurrent Preclean
[2026-04-03T02:48:53.520+0600][51.070s][info][gc,marking     ] GC(205) Concurrent Preclean 0.420ms
[2026-04-03T02:48:53.521+0600][51.070s][info][gc,start       ] GC(205) Pause Remark
[2026-04-03T02:48:53.529+0600][51.079s][info][gc             ] GC(205) Pause Remark 384M->384M(560M) 8.090ms
[2026-04-03T02:48:53.529+0600][51.079s][info][gc,cpu         ] GC(205) User=0.05s Sys=0.01s Real=0.00s
[2026-04-03T02:48:53.529+0600][51.079s][info][gc,marking     ] GC(205) Concurrent Mark 93.201ms
[2026-04-03T02:48:53.529+0600][51.079s][info][gc,marking     ] GC(205) Concurrent Rebuild Remembered Sets and Scrub Regions
[2026-04-03T02:48:53.552+0600][51.101s][info][gc,marking     ] GC(205) Concurrent Rebuild Remembered Sets and Scrub Regions 22.438ms
[2026-04-03T02:48:53.552+0600][51.102s][info][gc,start       ] GC(205) Pause Cleanup
[2026-04-03T02:48:53.552+0600][51.102s][info][gc             ] GC(205) Pause Cleanup 393M->393M(560M) 0.343ms
[2026-04-03T02:48:53.552+0600][51.102s][info][gc,cpu         ] GC(205) User=0.00s Sys=0.00s Real=0.00s
[2026-04-03T02:48:53.552+0600][51.102s][info][gc,marking     ] GC(205) Concurrent Clear Claimed Marks
[2026-04-03T02:48:53.553+0600][51.103s][info][gc,marking     ] GC(205) Concurrent Clear Claimed Marks 0.410ms
[2026-04-03T02:48:53.553+0600][51.103s][info][gc,marking     ] GC(205) Concurrent Cleanup for Next Mark
[2026-04-03T02:48:53.554+0600][51.104s][info][gc,marking     ] GC(205) Concurrent Cleanup for Next Mark 1.227ms
[2026-04-03T02:48:53.554+0600][51.104s][info][gc             ] GC(205) Concurrent Mark Cycle 121.665ms
[2026-04-03T02:48:53.615+0600][51.164s][info][gc,start       ] GC(206) Pause Young (Prepare Mixed) (G1 Evacuation Pause)
[2026-04-03T02:48:53.615+0600][51.165s][info][gc,task        ] GC(206) Using 10 workers of 10 for evacuation
[2026-04-03T02:48:53.618+0600][51.168s][info][gc,phases      ] GC(206)   Pre Evacuate Collection Set: 0.26ms
[2026-04-03T02:48:53.618+0600][51.168s][info][gc,phases      ] GC(206)   Merge Heap Roots: 0.18ms
[2026-04-03T02:48:53.618+0600][51.168s][info][gc,phases      ] GC(206)   Evacuate Collection Set: 2.17ms
[2026-04-03T02:48:53.618+0600][51.168s][info][gc,phases      ] GC(206)   Post Evacuate Collection Set: 0.79ms
[2026-04-03T02:48:53.618+0600][51.168s][info][gc,phases      ] GC(206)   Other: 0.08ms
[2026-04-03T02:48:53.618+0600][51.168s][info][gc,heap        ] GC(206) Eden regions: 74->0(438)
[2026-04-03T02:48:53.618+0600][51.168s][info][gc,heap        ] GC(206) Survivor regions: 9->6(42)
[2026-04-03T02:48:53.618+0600][51.168s][info][gc,heap        ] GC(206) Old regions: 85->85
[2026-04-03T02:48:53.618+0600][51.168s][info][gc,heap        ] GC(206) Humongous regions: 566->18
[2026-04-03T02:48:53.618+0600][51.168s][info][gc,metaspace   ] GC(206) Metaspace: 131571K(133056K)->131571K(133056K) NonClass: 114967K(115712K)->114967K(115712K) Class: 16603K(17344K)->16603K(17344K)
[2026-04-03T02:48:53.618+0600][51.168s][info][gc             ] GC(206) Pause Young (Prepare Mixed) (G1 Evacuation Pause) 731M->106M(740M) 3.701ms
[2026-04-03T02:48:53.619+0600][51.168s][info][gc,cpu         ] GC(206) User=0.02s Sys=0.00s Real=0.00s
[2026-04-03T02:48:54.230+0600][51.780s][info][gc,start       ] GC(207) Pause Young (Mixed) (G1 Evacuation Pause)
[2026-04-03T02:48:54.231+0600][51.780s][info][gc,task        ] GC(207) Using 10 workers of 10 for evacuation
[2026-04-03T02:48:54.236+0600][51.786s][info][gc,phases      ] GC(207)   Pre Evacuate Collection Set: 0.27ms
[2026-04-03T02:48:54.236+0600][51.786s][info][gc,phases      ] GC(207)   Merge Heap Roots: 0.26ms
[2026-04-03T02:48:54.236+0600][51.786s][info][gc,phases      ] GC(207)   Evacuate Collection Set: 4.02ms
[2026-04-03T02:48:54.236+0600][51.786s][info][gc,phases      ] GC(207)   Post Evacuate Collection Set: 0.79ms
[2026-04-03T02:48:54.236+0600][51.786s][info][gc,phases      ] GC(207)   Other: 0.13ms
[2026-04-03T02:48:54.236+0600][51.786s][info][gc,heap        ] GC(207) Eden regions: 404->0(446)
[2026-04-03T02:48:54.236+0600][51.786s][info][gc,heap        ] GC(207) Survivor regions: 6->7(56)
[2026-04-03T02:48:54.236+0600][51.786s][info][gc,heap        ] GC(207) Old regions: 85->84
[2026-04-03T02:48:54.236+0600][51.786s][info][gc,heap        ] GC(207) Humongous regions: 252->8
[2026-04-03T02:48:54.236+0600][51.786s][info][gc,metaspace   ] GC(207) Metaspace: 131590K(133056K)->131590K(133056K) NonClass: 114987K(115712K)->114987K(115712K) Class: 16603K(17344K)->16603K(17344K)
[2026-04-03T02:48:54.236+0600][51.786s][info][gc             ] GC(207) Pause Young (Mixed) (G1 Evacuation Pause) 744M->97M(755M) 5.805ms
[2026-04-03T02:48:54.236+0600][51.786s][info][gc,cpu         ] GC(207) User=0.04s Sys=0.01s Real=0.00s
[2026-04-03T02:48:54.253+0600][51.802s][info][gc,start       ] GC(208) Pause Young (Concurrent Start) (G1 Humongous Allocation)
[2026-04-03T02:48:54.253+0600][51.802s][info][gc,task        ] GC(208) Using 10 workers of 10 for evacuation
[2026-04-03T02:48:54.257+0600][51.807s][info][gc,phases      ] GC(208)   Pre Evacuate Collection Set: 0.50ms
[2026-04-03T02:48:54.257+0600][51.807s][info][gc,phases      ] GC(208)   Merge Heap Roots: 0.19ms
[2026-04-03T02:48:54.257+0600][51.807s][info][gc,phases      ] GC(208)   Evacuate Collection Set: 2.80ms
[2026-04-03T02:48:54.257+0600][51.807s][info][gc,phases      ] GC(208)   Post Evacuate Collection Set: 0.57ms
[2026-04-03T02:48:54.257+0600][51.807s][info][gc,phases      ] GC(208)   Other: 0.14ms
[2026-04-03T02:48:54.257+0600][51.807s][info][gc,heap        ] GC(208) Eden regions: 18->0(444)
[2026-04-03T02:48:54.257+0600][51.807s][info][gc,heap        ] GC(208) Survivor regions: 7->9(57)
[2026-04-03T02:48:54.257+0600][51.807s][info][gc,heap        ] GC(208) Old regions: 84->84
[2026-04-03T02:48:54.257+0600][51.807s][info][gc,heap        ] GC(208) Humongous regions: 8->8
[2026-04-03T02:48:54.257+0600][51.807s][info][gc,metaspace   ] GC(208) Metaspace: 131590K(133056K)->131590K(133056K) NonClass: 114987K(115712K)->114987K(115712K) Class: 16603K(17344K)->16603K(17344K)
[2026-04-03T02:48:54.257+0600][51.807s][info][gc             ] GC(208) Pause Young (Concurrent Start) (G1 Humongous Allocation) 115M->99M(755M) 4.491ms
[2026-04-03T02:48:54.257+0600][51.807s][info][gc,cpu         ] GC(208) User=0.04s Sys=0.00s Real=0.00s
[2026-04-03T02:48:54.257+0600][51.807s][info][gc             ] GC(209) Concurrent Mark Cycle
[2026-04-03T02:48:54.257+0600][51.807s][info][gc,marking     ] GC(209) Concurrent Scan Root Regions
[2026-04-03T02:48:54.261+0600][51.811s][info][gc,marking     ] GC(209) Concurrent Scan Root Regions 3.864ms
[2026-04-03T02:48:54.261+0600][51.811s][info][gc,marking     ] GC(209) Concurrent Mark
[2026-04-03T02:48:54.261+0600][51.811s][info][gc,marking     ] GC(209) Concurrent Mark From Roots
[2026-04-03T02:48:54.261+0600][51.811s][info][gc,task        ] GC(209) Using 3 workers of 3 for marking
[2026-04-03T02:48:54.342+0600][51.892s][info][gc,marking     ] GC(209) Concurrent Mark From Roots 80.604ms
[2026-04-03T02:48:54.342+0600][51.892s][info][gc,marking     ] GC(209) Concurrent Preclean
[2026-04-03T02:48:54.342+0600][51.892s][info][gc,marking     ] GC(209) Concurrent Preclean 0.460ms
[2026-04-03T02:48:54.343+0600][51.892s][info][gc,start       ] GC(209) Pause Remark
[2026-04-03T02:48:54.352+0600][51.902s][info][gc             ] GC(209) Pause Remark 197M->197M(477M) 9.172ms
[2026-04-03T02:48:54.352+0600][51.902s][info][gc,cpu         ] GC(209) User=0.08s Sys=0.00s Real=0.01s
[2026-04-03T02:48:54.355+0600][51.904s][info][gc,marking     ] GC(209) Concurrent Mark 93.620ms
[2026-04-03T02:48:54.355+0600][51.905s][info][gc,marking     ] GC(209) Concurrent Rebuild Remembered Sets and Scrub Regions
[2026-04-03T02:48:54.389+0600][51.939s][info][gc,marking     ] GC(209) Concurrent Rebuild Remembered Sets and Scrub Regions 34.598ms
[2026-04-03T02:48:54.390+0600][51.940s][info][gc,start       ] GC(209) Pause Cleanup
[2026-04-03T02:48:54.390+0600][51.940s][info][gc             ] GC(209) Pause Cleanup 244M->244M(477M) 0.389ms
[2026-04-03T02:48:54.390+0600][51.940s][info][gc,cpu         ] GC(209) User=0.00s Sys=0.00s Real=0.00s
[2026-04-03T02:48:54.391+0600][51.940s][info][gc,marking     ] GC(209) Concurrent Clear Claimed Marks
[2026-04-03T02:48:54.391+0600][51.941s][info][gc,marking     ] GC(209) Concurrent Clear Claimed Marks 0.469ms
[2026-04-03T02:48:54.391+0600][51.941s][info][gc,marking     ] GC(209) Concurrent Cleanup for Next Mark
[2026-04-03T02:48:54.392+0600][51.942s][info][gc,marking     ] GC(209) Concurrent Cleanup for Next Mark 0.842ms
[2026-04-03T02:48:54.392+0600][51.942s][info][gc             ] GC(209) Concurrent Mark Cycle 134.919ms
[2026-04-03T02:48:54.571+0600][52.121s][info][gc,start       ] GC(210) Pause Young (Prepare Mixed) (GCLocker Initiated GC)
[2026-04-03T02:48:54.590+0600][52.139s][info][gc,task        ] GC(210) Using 10 workers of 10 for evacuation
[2026-04-03T02:48:54.597+0600][52.147s][info][gc,phases      ] GC(210)   Pre Evacuate Collection Set: 0.72ms
[2026-04-03T02:48:54.597+0600][52.147s][info][gc,phases      ] GC(210)   Merge Heap Roots: 0.52ms
[2026-04-03T02:48:54.597+0600][52.147s][info][gc,phases      ] GC(210)   Evacuate Collection Set: 5.25ms
[2026-04-03T02:48:54.597+0600][52.147s][info][gc,phases      ] GC(210)   Post Evacuate Collection Set: 0.81ms
[2026-04-03T02:48:54.597+0600][52.147s][info][gc,phases      ] GC(210)   Other: 0.24ms
[2026-04-03T02:48:54.597+0600][52.147s][info][gc,heap        ] GC(210) Eden regions: 208->0(283)
[2026-04-03T02:48:54.597+0600][52.147s][info][gc,heap        ] GC(210) Survivor regions: 9->8(36)
[2026-04-03T02:48:54.597+0600][52.147s][info][gc,heap        ] GC(210) Old regions: 84->85
[2026-04-03T02:48:54.597+0600][52.147s][info][gc,heap        ] GC(210) Humongous regions: 176->8
[2026-04-03T02:48:54.597+0600][52.147s][info][gc,metaspace   ] GC(210) Metaspace: 131610K(133120K)->131610K(133120K) NonClass: 115006K(115776K)->115006K(115776K) Class: 16603K(17344K)->16603K(17344K)
[2026-04-03T02:48:54.598+0600][52.147s][info][gc             ] GC(210) Pause Young (Prepare Mixed) (GCLocker Initiated GC) 475M->98M(486M) 26.145ms
[2026-04-03T02:48:54.598+0600][52.147s][info][gc,cpu         ] GC(210) User=0.05s Sys=0.01s Real=0.02s
[2026-04-03T02:48:54.936+0600][52.486s][info][gc,start       ] GC(211) Pause Young (Mixed) (G1 Evacuation Pause)
[2026-04-03T02:48:54.936+0600][52.486s][info][gc,task        ] GC(211) Using 10 workers of 10 for evacuation
[2026-04-03T02:48:54.940+0600][52.490s][info][gc,phases      ] GC(211)   Pre Evacuate Collection Set: 0.27ms
[2026-04-03T02:48:54.940+0600][52.490s][info][gc,phases      ] GC(211)   Merge Heap Roots: 0.17ms
[2026-04-03T02:48:54.940+0600][52.490s][info][gc,phases      ] GC(211)   Evacuate Collection Set: 2.71ms
[2026-04-03T02:48:54.940+0600][52.490s][info][gc,phases      ] GC(211)   Post Evacuate Collection Set: 0.61ms
[2026-04-03T02:48:54.940+0600][52.490s][info][gc,phases      ] GC(211)   Other: 0.08ms
[2026-04-03T02:48:54.940+0600][52.490s][info][gc,heap        ] GC(211) Eden regions: 212->0(289)
[2026-04-03T02:48:54.940+0600][52.490s][info][gc,heap        ] GC(211) Survivor regions: 8->6(37)
[2026-04-03T02:48:54.940+0600][52.490s][info][gc,heap        ] GC(211) Old regions: 85->84
[2026-04-03T02:48:54.940+0600][52.490s][info][gc,heap        ] GC(211) Humongous regions: 181->8
[2026-04-03T02:48:54.940+0600][52.490s][info][gc,metaspace   ] GC(211) Metaspace: 131660K(133120K)->131660K(133120K) NonClass: 115054K(115776K)->115054K(115776K) Class: 16606K(17344K)->16606K(17344K)
[2026-04-03T02:48:54.940+0600][52.490s][info][gc             ] GC(211) Pause Young (Mixed) (G1 Evacuation Pause) 483M->96M(493M) 4.058ms
[2026-04-03T02:48:54.940+0600][52.490s][info][gc,cpu         ] GC(211) User=0.03s Sys=0.00s Real=0.01s
[2026-04-03T02:48:55.181+0600][52.730s][info][gc,start       ] GC(212) Pause Young (Concurrent Start) (G1 Humongous Allocation)
[2026-04-03T02:48:55.181+0600][52.730s][info][gc,task        ] GC(212) Using 10 workers of 10 for evacuation
[2026-04-03T02:48:55.184+0600][52.733s][info][gc,phases      ] GC(212)   Pre Evacuate Collection Set: 0.46ms
[2026-04-03T02:48:55.184+0600][52.734s][info][gc,phases      ] GC(212)   Merge Heap Roots: 0.21ms
[2026-04-03T02:48:55.184+0600][52.734s][info][gc,phases      ] GC(212)   Evacuate Collection Set: 1.58ms
[2026-04-03T02:48:55.184+0600][52.734s][info][gc,phases      ] GC(212)   Post Evacuate Collection Set: 0.56ms
[2026-04-03T02:48:55.184+0600][52.734s][info][gc,phases      ] GC(212)   Other: 0.23ms
[2026-04-03T02:48:55.184+0600][52.734s][info][gc,heap        ] GC(212) Eden regions: 138->0(290)
[2026-04-03T02:48:55.184+0600][52.734s][info][gc,heap        ] GC(212) Survivor regions: 6->5(37)
[2026-04-03T02:48:55.184+0600][52.734s][info][gc,heap        ] GC(212) Old regions: 84->84
[2026-04-03T02:48:55.184+0600][52.734s][info][gc,heap        ] GC(212) Humongous regions: 8->8
[2026-04-03T02:48:55.184+0600][52.734s][info][gc,metaspace   ] GC(212) Metaspace: 131667K(133120K)->131667K(133120K) NonClass: 115060K(115776K)->115060K(115776K) Class: 16607K(17344K)->16607K(17344K)
[2026-04-03T02:48:55.184+0600][52.734s][info][gc             ] GC(212) Pause Young (Concurrent Start) (G1 Humongous Allocation) 234M->96M(493M) 3.293ms
[2026-04-03T02:48:55.184+0600][52.734s][info][gc             ] GC(213) Concurrent Mark Cycle
[2026-04-03T02:48:55.184+0600][52.734s][info][gc,marking     ] GC(213) Concurrent Scan Root Regions
[2026-04-03T02:48:55.184+0600][52.734s][info][gc,cpu         ] GC(212) User=0.02s Sys=0.00s Real=0.00s
[2026-04-03T02:48:55.185+0600][52.735s][info][gc,marking     ] GC(213) Concurrent Scan Root Regions 1.388ms
[2026-04-03T02:48:55.185+0600][52.735s][info][gc,marking     ] GC(213) Concurrent Mark
[2026-04-03T02:48:55.185+0600][52.735s][info][gc,marking     ] GC(213) Concurrent Mark From Roots
[2026-04-03T02:48:55.185+0600][52.735s][info][gc,task        ] GC(213) Using 3 workers of 3 for marking
[2026-04-03T02:48:55.272+0600][52.822s][info][gc,marking     ] GC(213) Concurrent Mark From Roots 86.869ms
[2026-04-03T02:48:55.272+0600][52.822s][info][gc,marking     ] GC(213) Concurrent Preclean
[2026-04-03T02:48:55.273+0600][52.823s][info][gc,marking     ] GC(213) Concurrent Preclean 0.621ms
[2026-04-03T02:48:55.273+0600][52.823s][info][gc,start       ] GC(213) Pause Remark
[2026-04-03T02:48:55.282+0600][52.832s][info][gc             ] GC(213) Pause Remark 200M->200M(480M) 9.071ms
[2026-04-03T02:48:55.283+0600][52.832s][info][gc,cpu         ] GC(213) User=0.07s Sys=0.01s Real=0.01s
[2026-04-03T02:48:55.283+0600][52.832s][info][gc,marking     ] GC(213) Concurrent Mark 97.245ms
[2026-04-03T02:48:55.283+0600][52.833s][info][gc,marking     ] GC(213) Concurrent Rebuild Remembered Sets and Scrub Regions
[2026-04-03T02:48:55.316+0600][52.865s][info][gc,marking     ] GC(213) Concurrent Rebuild Remembered Sets and Scrub Regions 32.819ms
[2026-04-03T02:48:55.316+0600][52.866s][info][gc,start       ] GC(213) Pause Cleanup
[2026-04-03T02:48:55.317+0600][52.866s][info][gc             ] GC(213) Pause Cleanup 237M->237M(480M) 0.437ms
[2026-04-03T02:48:55.317+0600][52.866s][info][gc,cpu         ] GC(213) User=0.00s Sys=0.00s Real=0.00s
[2026-04-03T02:48:55.317+0600][52.867s][info][gc,marking     ] GC(213) Concurrent Clear Claimed Marks
[2026-04-03T02:48:55.318+0600][52.867s][info][gc,marking     ] GC(213) Concurrent Clear Claimed Marks 0.456ms
[2026-04-03T02:48:55.318+0600][52.867s][info][gc,marking     ] GC(213) Concurrent Cleanup for Next Mark
[2026-04-03T02:48:55.318+0600][52.868s][info][gc,marking     ] GC(213) Concurrent Cleanup for Next Mark 0.882ms
[2026-04-03T02:48:55.319+0600][52.868s][info][gc             ] GC(213) Concurrent Mark Cycle 134.569ms
[2026-04-03T02:48:55.479+0600][53.029s][info][gc,start       ] GC(214) Pause Young (Prepare Mixed) (G1 Evacuation Pause)
[2026-04-03T02:48:55.479+0600][53.029s][info][gc,task        ] GC(214) Using 10 workers of 10 for evacuation
[2026-04-03T02:48:55.485+0600][53.035s][info][gc,phases      ] GC(214)   Pre Evacuate Collection Set: 0.52ms
[2026-04-03T02:48:55.485+0600][53.035s][info][gc,phases      ] GC(214)   Merge Heap Roots: 0.30ms
[2026-04-03T02:48:55.485+0600][53.035s][info][gc,phases      ] GC(214)   Evacuate Collection Set: 4.25ms
[2026-04-03T02:48:55.485+0600][53.035s][info][gc,phases      ] GC(214)   Post Evacuate Collection Set: 0.77ms
[2026-04-03T02:48:55.486+0600][53.035s][info][gc,phases      ] GC(214)   Other: 0.13ms
[2026-04-03T02:48:55.486+0600][53.035s][info][gc,heap        ] GC(214) Eden regions: 210->0(285)
[2026-04-03T02:48:55.486+0600][53.035s][info][gc,heap        ] GC(214) Survivor regions: 5->7(36)
[2026-04-03T02:48:55.486+0600][53.035s][info][gc,heap        ] GC(214) Old regions: 84->85
[2026-04-03T02:48:55.486+0600][53.035s][info][gc,heap        ] GC(214) Humongous regions: 181->8
[2026-04-03T02:48:55.486+0600][53.035s][info][gc,metaspace   ] GC(214) Metaspace: 131669K(133120K)->131669K(133120K) NonClass: 115062K(115776K)->115062K(115776K) Class: 16607K(17344K)->16607K(17344K)
[2026-04-03T02:48:55.486+0600][53.035s][info][gc             ] GC(214) Pause Young (Prepare Mixed) (G1 Evacuation Pause) 479M->98M(488M) 6.361ms
[2026-04-03T02:48:55.486+0600][53.035s][info][gc,cpu         ] GC(214) User=0.04s Sys=0.01s Real=0.01s
[2026-04-03T02:48:55.753+0600][53.302s][info][gc,start       ] GC(215) Pause Young (Mixed) (GCLocker Initiated GC)
[2026-04-03T02:48:55.753+0600][53.302s][info][gc,task        ] GC(215) Using 10 workers of 10 for evacuation
[2026-04-03T02:48:55.759+0600][53.309s][info][gc,phases      ] GC(215)   Pre Evacuate Collection Set: 0.48ms
[2026-04-03T02:48:55.759+0600][53.309s][info][gc,phases      ] GC(215)   Merge Heap Roots: 0.19ms
[2026-04-03T02:48:55.759+0600][53.309s][info][gc,phases      ] GC(215)   Evacuate Collection Set: 4.50ms
[2026-04-03T02:48:55.759+0600][53.309s][info][gc,phases      ] GC(215)   Post Evacuate Collection Set: 0.98ms
[2026-04-03T02:48:55.759+0600][53.309s][info][gc,phases      ] GC(215)   Other: 0.27ms
[2026-04-03T02:48:55.759+0600][53.309s][info][gc,heap        ] GC(215) Eden regions: 220->0(289)
[2026-04-03T02:48:55.759+0600][53.309s][info][gc,heap        ] GC(215) Survivor regions: 7->8(37)
[2026-04-03T02:48:55.759+0600][53.309s][info][gc,heap        ] GC(215) Old regions: 85->84
[2026-04-03T02:48:55.759+0600][53.309s][info][gc,heap        ] GC(215) Humongous regions: 176->8
[2026-04-03T02:48:55.759+0600][53.309s][info][gc,metaspace   ] GC(215) Metaspace: 131669K(133120K)->131669K(133120K) NonClass: 115062K(115776K)->115062K(115776K) Class: 16607K(17344K)->16607K(17344K)
[2026-04-03T02:48:55.759+0600][53.309s][info][gc             ] GC(215) Pause Young (Mixed) (GCLocker Initiated GC) 486M->98M(496M) 6.788ms
[2026-04-03T02:48:55.759+0600][53.309s][info][gc,cpu         ] GC(215) User=0.04s Sys=0.02s Real=0.00s
[2026-04-03T02:48:55.770+0600][53.319s][info][gc,start       ] GC(216) Pause Young (Concurrent Start) (GCLocker Initiated GC)
[2026-04-03T02:48:55.770+0600][53.319s][info][gc,task        ] GC(216) Using 10 workers of 10 for evacuation
[2026-04-03T02:48:55.774+0600][53.324s][info][gc,phases      ] GC(216)   Pre Evacuate Collection Set: 0.46ms
[2026-04-03T02:48:55.774+0600][53.324s][info][gc,phases      ] GC(216)   Merge Heap Roots: 0.15ms
[2026-04-03T02:48:55.774+0600][53.324s][info][gc,phases      ] GC(216)   Evacuate Collection Set: 2.93ms
[2026-04-03T02:48:55.774+0600][53.324s][info][gc,phases      ] GC(216)   Post Evacuate Collection Set: 0.63ms
[2026-04-03T02:48:55.774+0600][53.324s][info][gc,phases      ] GC(216)   Other: 0.21ms
[2026-04-03T02:48:55.774+0600][53.324s][info][gc,heap        ] GC(216) Eden regions: 8->0(289)
[2026-04-03T02:48:55.774+0600][53.324s][info][gc,heap        ] GC(216) Survivor regions: 8->8(38)
[2026-04-03T02:48:55.774+0600][53.324s][info][gc,heap        ] GC(216) Old regions: 84->84
[2026-04-03T02:48:55.774+0600][53.324s][info][gc,heap        ] GC(216) Humongous regions: 8->8
[2026-04-03T02:48:55.774+0600][53.324s][info][gc,metaspace   ] GC(216) Metaspace: 131669K(133120K)->131669K(133120K) NonClass: 115062K(115776K)->115062K(115776K) Class: 16607K(17344K)->16607K(17344K)
[2026-04-03T02:48:55.774+0600][53.324s][info][gc             ] GC(216) Pause Young (Concurrent Start) (GCLocker Initiated GC) 105M->98M(496M) 4.701ms
[2026-04-03T02:48:55.774+0600][53.324s][info][gc             ] GC(217) Concurrent Mark Cycle
[2026-04-03T02:48:55.774+0600][53.324s][info][gc,cpu         ] GC(216) User=0.03s Sys=0.00s Real=0.01s
[2026-04-03T02:48:55.774+0600][53.324s][info][gc,marking     ] GC(217) Concurrent Scan Root Regions
[2026-04-03T02:48:55.777+0600][53.327s][info][gc,marking     ] GC(217) Concurrent Scan Root Regions 2.837ms
[2026-04-03T02:48:55.777+0600][53.327s][info][gc,marking     ] GC(217) Concurrent Mark
[2026-04-03T02:48:55.777+0600][53.327s][info][gc,marking     ] GC(217) Concurrent Mark From Roots
[2026-04-03T02:48:55.777+0600][53.327s][info][gc,task        ] GC(217) Using 3 workers of 3 for marking
[2026-04-03T02:48:55.856+0600][53.405s][info][gc,marking     ] GC(217) Concurrent Mark From Roots 78.145ms
[2026-04-03T02:48:55.856+0600][53.405s][info][gc,marking     ] GC(217) Concurrent Preclean
[2026-04-03T02:48:55.856+0600][53.406s][info][gc,marking     ] GC(217) Concurrent Preclean 0.584ms
[2026-04-03T02:48:55.857+0600][53.406s][info][gc,start       ] GC(217) Pause Remark
[2026-04-03T02:48:55.865+0600][53.415s][info][gc             ] GC(217) Pause Remark 182M->182M(474M) 8.791ms
[2026-04-03T02:48:55.866+0600][53.415s][info][gc,cpu         ] GC(217) User=0.06s Sys=0.00s Real=0.01s
[2026-04-03T02:48:55.866+0600][53.416s][info][gc,marking     ] GC(217) Concurrent Mark 88.432ms
[2026-04-03T02:48:55.866+0600][53.416s][info][gc,marking     ] GC(217) Concurrent Rebuild Remembered Sets and Scrub Regions
[2026-04-03T02:48:55.904+0600][53.453s][info][gc,marking     ] GC(217) Concurrent Rebuild Remembered Sets and Scrub Regions 37.658ms
[2026-04-03T02:48:55.904+0600][53.454s][info][gc,start       ] GC(217) Pause Cleanup
[2026-04-03T02:48:55.904+0600][53.454s][info][gc             ] GC(217) Pause Cleanup 215M->215M(474M) 0.373ms
[2026-04-03T02:48:55.905+0600][53.454s][info][gc,cpu         ] GC(217) User=0.00s Sys=0.00s Real=0.00s
[2026-04-03T02:48:55.905+0600][53.454s][info][gc,marking     ] GC(217) Concurrent Clear Claimed Marks
[2026-04-03T02:48:55.905+0600][53.455s][info][gc,marking     ] GC(217) Concurrent Clear Claimed Marks 0.381ms
[2026-04-03T02:48:55.905+0600][53.455s][info][gc,marking     ] GC(217) Concurrent Cleanup for Next Mark
[2026-04-03T02:48:55.906+0600][53.456s][info][gc,marking     ] GC(217) Concurrent Cleanup for Next Mark 1.054ms
[2026-04-03T02:48:55.906+0600][53.456s][info][gc             ] GC(217) Concurrent Mark Cycle 131.824ms
[2026-04-03T02:48:56.165+0600][53.715s][info][gc,start       ] GC(218) Pause Young (Prepare Mixed) (G1 Evacuation Pause)
[2026-04-03T02:48:56.165+0600][53.715s][info][gc,task        ] GC(218) Using 10 workers of 10 for evacuation
[2026-04-03T02:48:56.172+0600][53.722s][info][gc,phases      ] GC(218)   Pre Evacuate Collection Set: 0.35ms
[2026-04-03T02:48:56.172+0600][53.722s][info][gc,phases      ] GC(218)   Merge Heap Roots: 0.33ms
[2026-04-03T02:48:56.172+0600][53.722s][info][gc,phases      ] GC(218)   Evacuate Collection Set: 5.07ms
[2026-04-03T02:48:56.172+0600][53.722s][info][gc,phases      ] GC(218)   Post Evacuate Collection Set: 1.00ms
[2026-04-03T02:48:56.172+0600][53.722s][info][gc,phases      ] GC(218)   Other: 0.12ms
[2026-04-03T02:48:56.172+0600][53.722s][info][gc,heap        ] GC(218) Eden regions: 228->0(282)
[2026-04-03T02:48:56.172+0600][53.722s][info][gc,heap        ] GC(218) Survivor regions: 8->9(36)
[2026-04-03T02:48:56.172+0600][53.722s][info][gc,heap        ] GC(218) Old regions: 84->85
[2026-04-03T02:48:56.172+0600][53.722s][info][gc,heap        ] GC(218) Humongous regions: 156->10
[2026-04-03T02:48:56.172+0600][53.722s][info][gc,metaspace   ] GC(218) Metaspace: 131672K(133120K)->131672K(133120K) NonClass: 115064K(115776K)->115064K(115776K) Class: 16607K(17344K)->16607K(17344K)
[2026-04-03T02:48:56.172+0600][53.722s][info][gc             ] GC(218) Pause Young (Prepare Mixed) (G1 Evacuation Pause) 474M->101M(486M) 7.161ms
[2026-04-03T02:48:56.172+0600][53.722s][info][gc,cpu         ] GC(218) User=0.05s Sys=0.01s Real=0.01s
[2026-04-03T02:48:56.498+0600][54.048s][info][gc,start       ] GC(219) Pause Young (Mixed) (G1 Evacuation Pause)
[2026-04-03T02:48:56.498+0600][54.048s][info][gc,task        ] GC(219) Using 10 workers of 10 for evacuation
[2026-04-03T02:48:56.503+0600][54.053s][info][gc,phases      ] GC(219)   Pre Evacuate Collection Set: 0.26ms
[2026-04-03T02:48:56.503+0600][54.053s][info][gc,phases      ] GC(219)   Merge Heap Roots: 0.20ms
[2026-04-03T02:48:56.503+0600][54.053s][info][gc,phases      ] GC(219)   Evacuate Collection Set: 3.84ms
[2026-04-03T02:48:56.503+0600][54.053s][info][gc,phases      ] GC(219)   Post Evacuate Collection Set: 0.61ms
[2026-04-03T02:48:56.503+0600][54.053s][info][gc,phases      ] GC(219)   Other: 0.12ms
[2026-04-03T02:48:56.503+0600][54.053s][info][gc,heap        ] GC(219) Eden regions: 264->0(312)
[2026-04-03T02:48:56.503+0600][54.053s][info][gc,heap        ] GC(219) Survivor regions: 9->9(37)
[2026-04-03T02:48:56.503+0600][54.053s][info][gc,heap        ] GC(219) Old regions: 85->84
[2026-04-03T02:48:56.503+0600][54.053s][info][gc,heap        ] GC(219) Humongous regions: 168->23
[2026-04-03T02:48:56.503+0600][54.053s][info][gc,metaspace   ] GC(219) Metaspace: 131672K(133120K)->131672K(133120K) NonClass: 115064K(115776K)->115064K(115776K) Class: 16607K(17344K)->16607K(17344K)
[2026-04-03T02:48:56.503+0600][54.053s][info][gc             ] GC(219) Pause Young (Mixed) (G1 Evacuation Pause) 523M->114M(535M) 5.296ms
[2026-04-03T02:48:56.503+0600][54.053s][info][gc,cpu         ] GC(219) User=0.03s Sys=0.01s Real=0.01s
[2026-04-03T02:48:56.504+0600][54.053s][info][gc,start       ] GC(220) Pause Young (Concurrent Start) (G1 Humongous Allocation)
[2026-04-03T02:48:56.504+0600][54.054s][info][gc,task        ] GC(220) Using 10 workers of 10 for evacuation
[2026-04-03T02:48:56.507+0600][54.057s][info][gc,phases      ] GC(220)   Pre Evacuate Collection Set: 0.30ms
[2026-04-03T02:48:56.507+0600][54.057s][info][gc,phases      ] GC(220)   Merge Heap Roots: 0.09ms
[2026-04-03T02:48:56.507+0600][54.057s][info][gc,phases      ] GC(220)   Evacuate Collection Set: 2.48ms
[2026-04-03T02:48:56.507+0600][54.057s][info][gc,phases      ] GC(220)   Post Evacuate Collection Set: 0.58ms
[2026-04-03T02:48:56.507+0600][54.057s][info][gc,phases      ] GC(220)   Other: 0.11ms
[2026-04-03T02:48:56.508+0600][54.057s][info][gc,heap        ] GC(220) Eden regions: 3->0(312)
[2026-04-03T02:48:56.508+0600][54.057s][info][gc,heap        ] GC(220) Survivor regions: 9->9(41)
[2026-04-03T02:48:56.508+0600][54.057s][info][gc,heap        ] GC(220) Old regions: 84->84
[2026-04-03T02:48:56.508+0600][54.057s][info][gc,heap        ] GC(220) Humongous regions: 23->8
[2026-04-03T02:48:56.508+0600][54.057s][info][gc,metaspace   ] GC(220) Metaspace: 131672K(133120K)->131672K(133120K) NonClass: 115064K(115776K)->115064K(115776K) Class: 16607K(17344K)->16607K(17344K)
[2026-04-03T02:48:56.508+0600][54.057s][info][gc             ] GC(220) Pause Young (Concurrent Start) (G1 Humongous Allocation) 116M->99M(535M) 3.808ms
[2026-04-03T02:48:56.508+0600][54.057s][info][gc             ] GC(221) Concurrent Mark Cycle
[2026-04-03T02:48:56.508+0600][54.057s][info][gc,cpu         ] GC(220) User=0.03s Sys=0.01s Real=0.00s
[2026-04-03T02:48:56.508+0600][54.057s][info][gc,marking     ] GC(221) Concurrent Scan Root Regions
[2026-04-03T02:48:56.510+0600][54.060s][info][gc,marking     ] GC(221) Concurrent Scan Root Regions 2.174ms
[2026-04-03T02:48:56.510+0600][54.060s][info][gc,marking     ] GC(221) Concurrent Mark
[2026-04-03T02:48:56.510+0600][54.060s][info][gc,marking     ] GC(221) Concurrent Mark From Roots
[2026-04-03T02:48:56.510+0600][54.060s][info][gc,task        ] GC(221) Using 3 workers of 3 for marking
[2026-04-03T02:48:56.597+0600][54.147s][info][gc,marking     ] GC(221) Concurrent Mark From Roots 87.429ms
[2026-04-03T02:48:56.598+0600][54.147s][info][gc,marking     ] GC(221) Concurrent Preclean
[2026-04-03T02:48:56.598+0600][54.148s][info][gc,marking     ] GC(221) Concurrent Preclean 0.514ms
[2026-04-03T02:48:56.598+0600][54.148s][info][gc,start       ] GC(221) Pause Remark
[2026-04-03T02:48:56.610+0600][54.160s][info][gc             ] GC(221) Pause Remark 430M->430M(634M) 11.491ms
[2026-04-03T02:48:56.610+0600][54.160s][info][gc,cpu         ] GC(221) User=0.08s Sys=0.01s Real=0.02s
[2026-04-03T02:48:56.610+0600][54.160s][info][gc,marking     ] GC(221) Concurrent Mark 100.290ms
[2026-04-03T02:48:56.610+0600][54.160s][info][gc,marking     ] GC(221) Concurrent Rebuild Remembered Sets and Scrub Regions
[2026-04-03T02:48:56.639+0600][54.188s][info][gc,marking     ] GC(221) Concurrent Rebuild Remembered Sets and Scrub Regions 28.348ms
[2026-04-03T02:48:56.639+0600][54.189s][info][gc,start       ] GC(221) Pause Cleanup
[2026-04-03T02:48:56.639+0600][54.189s][info][gc             ] GC(221) Pause Cleanup 436M->436M(634M) 0.332ms
[2026-04-03T02:48:56.639+0600][54.189s][info][gc,cpu         ] GC(221) User=0.00s Sys=0.00s Real=0.00s
[2026-04-03T02:48:56.640+0600][54.189s][info][gc,marking     ] GC(221) Concurrent Clear Claimed Marks
[2026-04-03T02:48:56.640+0600][54.190s][info][gc,marking     ] GC(221) Concurrent Clear Claimed Marks 0.432ms
[2026-04-03T02:48:56.640+0600][54.190s][info][gc,marking     ] GC(221) Concurrent Cleanup for Next Mark
[2026-04-03T02:48:56.642+0600][54.192s][info][gc,marking     ] GC(221) Concurrent Cleanup for Next Mark 2.015ms
[2026-04-03T02:48:56.642+0600][54.192s][info][gc             ] GC(221) Concurrent Mark Cycle 134.580ms
[2026-04-03T02:48:56.733+0600][54.282s][info][gc,start       ] GC(222) Pause Young (Prepare Mixed) (G1 Evacuation Pause)
[2026-04-03T02:48:56.733+0600][54.282s][info][gc,task        ] GC(222) Using 10 workers of 10 for evacuation
[2026-04-03T02:48:56.736+0600][54.286s][info][gc,phases      ] GC(222)   Pre Evacuate Collection Set: 0.33ms
[2026-04-03T02:48:56.736+0600][54.286s][info][gc,phases      ] GC(222)   Merge Heap Roots: 0.21ms
[2026-04-03T02:48:56.736+0600][54.286s][info][gc,phases      ] GC(222)   Evacuate Collection Set: 1.98ms
[2026-04-03T02:48:56.736+0600][54.286s][info][gc,phases      ] GC(222)   Post Evacuate Collection Set: 0.94ms
[2026-04-03T02:48:56.736+0600][54.286s][info][gc,phases      ] GC(222)   Other: 0.08ms
[2026-04-03T02:48:56.736+0600][54.286s][info][gc,heap        ] GC(222) Eden regions: 79->0(477)
[2026-04-03T02:48:56.736+0600][54.286s][info][gc,heap        ] GC(222) Survivor regions: 9->4(45)
[2026-04-03T02:48:56.736+0600][54.286s][info][gc,heap        ] GC(222) Old regions: 84->85
[2026-04-03T02:48:56.736+0600][54.286s][info][gc,heap        ] GC(222) Humongous regions: 625->8
[2026-04-03T02:48:56.736+0600][54.286s][info][gc,metaspace   ] GC(222) Metaspace: 131677K(133120K)->131677K(133120K) NonClass: 115069K(115776K)->115069K(115776K) Class: 16607K(17344K)->16607K(17344K)
[2026-04-03T02:48:56.736+0600][54.286s][info][gc             ] GC(222) Pause Young (Prepare Mixed) (G1 Evacuation Pause) 795M->95M(802M) 3.760ms
[2026-04-03T02:48:56.737+0600][54.286s][info][gc,cpu         ] GC(222) User=0.02s Sys=0.00s Real=0.00s
[2026-04-03T02:48:57.444+0600][54.994s][info][gc,start       ] GC(223) Pause Young (Mixed) (G1 Evacuation Pause)
[2026-04-03T02:48:57.444+0600][54.994s][info][gc,task        ] GC(223) Using 10 workers of 10 for evacuation
[2026-04-03T02:48:57.449+0600][54.999s][info][gc,phases      ] GC(223)   Pre Evacuate Collection Set: 0.48ms
[2026-04-03T02:48:57.449+0600][54.999s][info][gc,phases      ] GC(223)   Merge Heap Roots: 0.26ms
[2026-04-03T02:48:57.449+0600][54.999s][info][gc,phases      ] GC(223)   Evacuate Collection Set: 3.25ms
[2026-04-03T02:48:57.449+0600][54.999s][info][gc,phases      ] GC(223)   Post Evacuate Collection Set: 1.02ms
[2026-04-03T02:48:57.449+0600][54.999s][info][gc,phases      ] GC(223)   Other: 0.14ms
[2026-04-03T02:48:57.449+0600][54.999s][info][gc,heap        ] GC(223) Eden regions: 454->0(485)
[2026-04-03T02:48:57.449+0600][54.999s][info][gc,heap        ] GC(223) Survivor regions: 4->7(61)
[2026-04-03T02:48:57.449+0600][54.999s][info][gc,heap        ] GC(223) Old regions: 85->84
[2026-04-03T02:48:57.449+0600][54.999s][info][gc,heap        ] GC(223) Humongous regions: 270->8
[2026-04-03T02:48:57.449+0600][54.999s][info][gc,metaspace   ] GC(223) Metaspace: 131685K(133184K)->131685K(133184K) NonClass: 115077K(115840K)->115077K(115840K) Class: 16608K(17344K)->16608K(17344K)
[2026-04-03T02:48:57.449+0600][54.999s][info][gc             ] GC(223) Pause Young (Mixed) (G1 Evacuation Pause) 811M->97M(820M) 5.466ms
[2026-04-03T02:48:57.449+0600][54.999s][info][gc,cpu         ] GC(223) User=0.03s Sys=0.01s Real=0.00s
[2026-04-03T02:48:57.468+0600][55.018s][info][gc,start       ] GC(224) Pause Young (Concurrent Start) (GCLocker Initiated GC)
[2026-04-03T02:48:57.468+0600][55.018s][info][gc,task        ] GC(224) Using 10 workers of 10 for evacuation
[2026-04-03T02:48:57.473+0600][55.022s][info][gc,phases      ] GC(224)   Pre Evacuate Collection Set: 0.51ms
[2026-04-03T02:48:57.473+0600][55.023s][info][gc,phases      ] GC(224)   Merge Heap Roots: 0.22ms
[2026-04-03T02:48:57.473+0600][55.023s][info][gc,phases      ] GC(224)   Evacuate Collection Set: 2.98ms
[2026-04-03T02:48:57.473+0600][55.023s][info][gc,phases      ] GC(224)   Post Evacuate Collection Set: 0.64ms
[2026-04-03T02:48:57.473+0600][55.023s][info][gc,phases      ] GC(224)   Other: 0.24ms
[2026-04-03T02:48:57.473+0600][55.023s][info][gc,heap        ] GC(224) Eden regions: 18->0(482)
[2026-04-03T02:48:57.473+0600][55.023s][info][gc,heap        ] GC(224) Survivor regions: 7->10(62)
[2026-04-03T02:48:57.473+0600][55.023s][info][gc,heap        ] GC(224) Old regions: 84->84
[2026-04-03T02:48:57.473+0600][55.023s][info][gc,heap        ] GC(224) Humongous regions: 8->8
[2026-04-03T02:48:57.473+0600][55.023s][info][gc,metaspace   ] GC(224) Metaspace: 131685K(133184K)->131685K(133184K) NonClass: 115077K(115840K)->115077K(115840K) Class: 16608K(17344K)->16608K(17344K)
[2026-04-03T02:48:57.473+0600][55.023s][info][gc             ] GC(224) Pause Young (Concurrent Start) (GCLocker Initiated GC) 115M->100M(820M) 4.904ms
[2026-04-03T02:48:57.473+0600][55.023s][info][gc,cpu         ] GC(224) User=0.03s Sys=0.01s Real=0.01s
[2026-04-03T02:48:57.473+0600][55.023s][info][gc             ] GC(225) Concurrent Mark Cycle
[2026-04-03T02:48:57.473+0600][55.023s][info][gc,marking     ] GC(225) Concurrent Scan Root Regions
[2026-04-03T02:48:57.476+0600][55.026s][info][gc,marking     ] GC(225) Concurrent Scan Root Regions 2.990ms
[2026-04-03T02:48:57.476+0600][55.026s][info][gc,marking     ] GC(225) Concurrent Mark
[2026-04-03T02:48:57.476+0600][55.026s][info][gc,marking     ] GC(225) Concurrent Mark From Roots
[2026-04-03T02:48:57.476+0600][55.026s][info][gc,task        ] GC(225) Using 3 workers of 3 for marking
[2026-04-03T02:48:57.557+0600][55.107s][info][gc,marking     ] GC(225) Concurrent Mark From Roots 80.949ms
[2026-04-03T02:48:57.557+0600][55.107s][info][gc,marking     ] GC(225) Concurrent Preclean
[2026-04-03T02:48:57.558+0600][55.108s][info][gc,marking     ] GC(225) Concurrent Preclean 0.629ms
[2026-04-03T02:48:57.558+0600][55.108s][info][gc,start       ] GC(225) Pause Remark
[2026-04-03T02:48:57.568+0600][55.118s][info][gc             ] GC(225) Pause Remark 192M->192M(480M) 9.828ms
[2026-04-03T02:48:57.568+0600][55.118s][info][gc,cpu         ] GC(225) User=0.07s Sys=0.00s Real=0.01s
[2026-04-03T02:48:57.569+0600][55.118s][info][gc,marking     ] GC(225) Concurrent Mark 92.250ms
[2026-04-03T02:48:57.569+0600][55.118s][info][gc,marking     ] GC(225) Concurrent Rebuild Remembered Sets and Scrub Regions
[2026-04-03T02:48:57.599+0600][55.148s][info][gc,marking     ] GC(225) Concurrent Rebuild Remembered Sets and Scrub Regions 29.942ms
[2026-04-03T02:48:57.599+0600][55.149s][info][gc,start       ] GC(225) Pause Cleanup
[2026-04-03T02:48:57.599+0600][55.149s][info][gc             ] GC(225) Pause Cleanup 226M->226M(480M) 0.277ms
[2026-04-03T02:48:57.599+0600][55.149s][info][gc,cpu         ] GC(225) User=0.00s Sys=0.00s Real=0.00s
[2026-04-03T02:48:57.599+0600][55.149s][info][gc,marking     ] GC(225) Concurrent Clear Claimed Marks
[2026-04-03T02:48:57.600+0600][55.149s][info][gc,marking     ] GC(225) Concurrent Clear Claimed Marks 0.420ms
[2026-04-03T02:48:57.600+0600][55.149s][info][gc,marking     ] GC(225) Concurrent Cleanup for Next Mark
[2026-04-03T02:48:57.601+0600][55.150s][info][gc,marking     ] GC(225) Concurrent Cleanup for Next Mark 1.036ms
[2026-04-03T02:48:57.601+0600][55.151s][info][gc             ] GC(225) Concurrent Mark Cycle 127.720ms
[2026-04-03T02:48:57.789+0600][55.338s][info][gc,start       ] GC(226) Pause Young (Prepare Mixed) (G1 Evacuation Pause)
[2026-04-03T02:48:57.789+0600][55.339s][info][gc,task        ] GC(226) Using 10 workers of 10 for evacuation
[2026-04-03T02:48:57.794+0600][55.344s][info][gc,phases      ] GC(226)   Pre Evacuate Collection Set: 0.32ms
[2026-04-03T02:48:57.794+0600][55.344s][info][gc,phases      ] GC(226)   Merge Heap Roots: 0.22ms
[2026-04-03T02:48:57.794+0600][55.344s][info][gc,phases      ] GC(226)   Evacuate Collection Set: 4.17ms
[2026-04-03T02:48:57.794+0600][55.344s][info][gc,phases      ] GC(226)   Post Evacuate Collection Set: 0.65ms
[2026-04-03T02:48:57.794+0600][55.344s][info][gc,phases      ] GC(226)   Other: 0.11ms
[2026-04-03T02:48:57.794+0600][55.344s][info][gc,heap        ] GC(226) Eden regions: 210->0(285)
[2026-04-03T02:48:57.794+0600][55.344s][info][gc,heap        ] GC(226) Survivor regions: 10->8(36)
[2026-04-03T02:48:57.794+0600][55.344s][info][gc,heap        ] GC(226) Old regions: 84->85
[2026-04-03T02:48:57.794+0600][55.344s][info][gc,heap        ] GC(226) Humongous regions: 176->8
[2026-04-03T02:48:57.794+0600][55.344s][info][gc,metaspace   ] GC(226) Metaspace: 131695K(133184K)->131695K(133184K) NonClass: 115087K(115840K)->115087K(115840K) Class: 16608K(17344K)->16608K(17344K)
[2026-04-03T02:48:57.794+0600][55.344s][info][gc             ] GC(226) Pause Young (Prepare Mixed) (G1 Evacuation Pause) 478M->99M(489M) 5.741ms
[2026-04-03T02:48:57.795+0600][55.344s][info][gc,cpu         ] GC(226) User=0.03s Sys=0.01s Real=0.01s
[2026-04-03T02:48:58.215+0600][55.764s][info][gc,start       ] GC(227) Pause Young (Mixed) (G1 Evacuation Pause)
[2026-04-03T02:48:58.215+0600][55.764s][info][gc,task        ] GC(227) Using 10 workers of 10 for evacuation
[2026-04-03T02:48:58.219+0600][55.769s][info][gc,phases      ] GC(227)   Pre Evacuate Collection Set: 0.36ms
[2026-04-03T02:48:58.219+0600][55.769s][info][gc,phases      ] GC(227)   Merge Heap Roots: 0.20ms
[2026-04-03T02:48:58.219+0600][55.769s][info][gc,phases      ] GC(227)   Evacuate Collection Set: 3.19ms
[2026-04-03T02:48:58.219+0600][55.769s][info][gc,phases      ] GC(227)   Post Evacuate Collection Set: 0.54ms
[2026-04-03T02:48:58.219+0600][55.769s][info][gc,phases      ] GC(227)   Other: 0.09ms
[2026-04-03T02:48:58.219+0600][55.769s][info][gc,heap        ] GC(227) Eden regions: 257->0(291)
[2026-04-03T02:48:58.219+0600][55.769s][info][gc,heap        ] GC(227) Survivor regions: 8->6(37)
[2026-04-03T02:48:58.219+0600][55.769s][info][gc,heap        ] GC(227) Old regions: 85->84
[2026-04-03T02:48:58.219+0600][55.769s][info][gc,heap        ] GC(227) Humongous regions: 139->8
[2026-04-03T02:48:58.219+0600][55.769s][info][gc,metaspace   ] GC(227) Metaspace: 131722K(133184K)->131722K(133184K) NonClass: 115113K(115840K)->115113K(115840K) Class: 16608K(17344K)->16608K(17344K)
[2026-04-03T02:48:58.219+0600][55.769s][info][gc             ] GC(227) Pause Young (Mixed) (G1 Evacuation Pause) 487M->97M(495M) 4.587ms
[2026-04-03T02:48:58.219+0600][55.769s][info][gc,cpu         ] GC(227) User=0.01s Sys=0.01s Real=0.00s
[2026-04-03T02:48:58.299+0600][55.849s][info][gc,start       ] GC(228) Pause Young (Concurrent Start) (G1 Humongous Allocation)
[2026-04-03T02:48:58.299+0600][55.849s][info][gc,task        ] GC(228) Using 10 workers of 10 for evacuation
[2026-04-03T02:48:58.302+0600][55.852s][info][gc,phases      ] GC(228)   Pre Evacuate Collection Set: 0.39ms
[2026-04-03T02:48:58.302+0600][55.852s][info][gc,phases      ] GC(228)   Merge Heap Roots: 0.11ms
[2026-04-03T02:48:58.302+0600][55.852s][info][gc,phases      ] GC(228)   Evacuate Collection Set: 1.34ms
[2026-04-03T02:48:58.302+0600][55.852s][info][gc,phases      ] GC(228)   Post Evacuate Collection Set: 0.54ms
[2026-04-03T02:48:58.302+0600][55.852s][info][gc,phases      ] GC(228)   Other: 0.23ms
[2026-04-03T02:48:58.302+0600][55.852s][info][gc,heap        ] GC(228) Eden regions: 44->0(292)
[2026-04-03T02:48:58.302+0600][55.852s][info][gc,heap        ] GC(228) Survivor regions: 6->5(38)
[2026-04-03T02:48:58.302+0600][55.852s][info][gc,heap        ] GC(228) Old regions: 84->84
[2026-04-03T02:48:58.302+0600][55.852s][info][gc,heap        ] GC(228) Humongous regions: 8->8
[2026-04-03T02:48:58.302+0600][55.852s][info][gc,metaspace   ] GC(228) Metaspace: 131726K(133184K)->131726K(133184K) NonClass: 115117K(115840K)->115117K(115840K) Class: 16608K(17344K)->16608K(17344K)
[2026-04-03T02:48:58.302+0600][55.852s][info][gc             ] GC(228) Pause Young (Concurrent Start) (G1 Humongous Allocation) 141M->96M(495M) 2.837ms
[2026-04-03T02:48:58.302+0600][55.852s][info][gc,cpu         ] GC(228) User=0.02s Sys=0.00s Real=0.01s
[2026-04-03T02:48:58.302+0600][55.852s][info][gc             ] GC(229) Concurrent Mark Cycle
[2026-04-03T02:48:58.302+0600][55.852s][info][gc,marking     ] GC(229) Concurrent Scan Root Regions
[2026-04-03T02:48:58.304+0600][55.854s][info][gc,marking     ] GC(229) Concurrent Scan Root Regions 1.609ms
[2026-04-03T02:48:58.304+0600][55.854s][info][gc,marking     ] GC(229) Concurrent Mark
[2026-04-03T02:48:58.304+0600][55.854s][info][gc,marking     ] GC(229) Concurrent Mark From Roots
[2026-04-03T02:48:58.304+0600][55.854s][info][gc,task        ] GC(229) Using 3 workers of 3 for marking
[2026-04-03T02:48:58.385+0600][55.935s][info][gc,marking     ] GC(229) Concurrent Mark From Roots 81.226ms
[2026-04-03T02:48:58.385+0600][55.935s][info][gc,marking     ] GC(229) Concurrent Preclean
[2026-04-03T02:48:58.386+0600][55.936s][info][gc,marking     ] GC(229) Concurrent Preclean 0.678ms
[2026-04-03T02:48:58.387+0600][55.936s][info][gc,start       ] GC(229) Pause Remark
[2026-04-03T02:48:58.397+0600][55.947s][info][gc             ] GC(229) Pause Remark 200M->200M(480M) 10.377ms
[2026-04-03T02:48:58.397+0600][55.947s][info][gc,cpu         ] GC(229) User=0.07s Sys=0.00s Real=0.01s
[2026-04-03T02:48:58.397+0600][55.947s][info][gc,marking     ] GC(229) Concurrent Mark 93.263ms
[2026-04-03T02:48:58.397+0600][55.947s][info][gc,marking     ] GC(229) Concurrent Rebuild Remembered Sets and Scrub Regions
[2026-04-03T02:48:58.430+0600][55.980s][info][gc,marking     ] GC(229) Concurrent Rebuild Remembered Sets and Scrub Regions 32.497ms
[2026-04-03T02:48:58.430+0600][55.980s][info][gc,start       ] GC(229) Pause Cleanup
[2026-04-03T02:48:58.431+0600][55.980s][info][gc             ] GC(229) Pause Cleanup 234M->234M(480M) 0.359ms
[2026-04-03T02:48:58.431+0600][55.980s][info][gc,cpu         ] GC(229) User=0.00s Sys=0.01s Real=0.00s
[2026-04-03T02:48:58.431+0600][55.981s][info][gc,marking     ] GC(229) Concurrent Clear Claimed Marks
[2026-04-03T02:48:58.431+0600][55.981s][info][gc,marking     ] GC(229) Concurrent Clear Claimed Marks 0.450ms
[2026-04-03T02:48:58.431+0600][55.981s][info][gc,marking     ] GC(229) Concurrent Cleanup for Next Mark
[2026-04-03T02:48:58.432+0600][55.982s][info][gc,marking     ] GC(229) Concurrent Cleanup for Next Mark 0.674ms
[2026-04-03T02:48:58.432+0600][55.982s][info][gc             ] GC(229) Concurrent Mark Cycle 129.769ms
[2026-04-03T02:48:58.592+0600][56.142s][info][gc,start       ] GC(230) Pause Young (Prepare Mixed) (G1 Evacuation Pause)
[2026-04-03T02:48:58.592+0600][56.142s][info][gc,task        ] GC(230) Using 10 workers of 10 for evacuation
[2026-04-03T02:48:58.598+0600][56.148s][info][gc,phases      ] GC(230)   Pre Evacuate Collection Set: 0.38ms
[2026-04-03T02:48:58.598+0600][56.148s][info][gc,phases      ] GC(230)   Merge Heap Roots: 0.23ms
[2026-04-03T02:48:58.598+0600][56.148s][info][gc,phases      ] GC(230)   Evacuate Collection Set: 4.62ms
[2026-04-03T02:48:58.598+0600][56.148s][info][gc,phases      ] GC(230)   Post Evacuate Collection Set: 0.67ms
[2026-04-03T02:48:58.598+0600][56.148s][info][gc,phases      ] GC(230)   Other: 0.10ms
[2026-04-03T02:48:58.598+0600][56.148s][info][gc,heap        ] GC(230) Eden regions: 210->0(285)
[2026-04-03T02:48:58.598+0600][56.148s][info][gc,heap        ] GC(230) Survivor regions: 5->8(36)
[2026-04-03T02:48:58.598+0600][56.148s][info][gc,heap        ] GC(230) Old regions: 84->85
[2026-04-03T02:48:58.599+0600][56.148s][info][gc,heap        ] GC(230) Humongous regions: 181->8
[2026-04-03T02:48:58.599+0600][56.148s][info][gc,metaspace   ] GC(230) Metaspace: 131726K(133184K)->131726K(133184K) NonClass: 115117K(115840K)->115117K(115840K) Class: 16608K(17344K)->16608K(17344K)
[2026-04-03T02:48:58.599+0600][56.148s][info][gc             ] GC(230) Pause Young (Prepare Mixed) (G1 Evacuation Pause) 479M->98M(489M) 6.324ms
[2026-04-03T02:48:58.599+0600][56.148s][info][gc,cpu         ] GC(230) User=0.03s Sys=0.02s Real=0.00s
[2026-04-03T02:48:58.869+0600][56.419s][info][gc,start       ] GC(231) Pause Young (Mixed) (G1 Evacuation Pause)
[2026-04-03T02:48:58.869+0600][56.419s][info][gc,task        ] GC(231) Using 10 workers of 10 for evacuation
[2026-04-03T02:48:58.876+0600][56.425s][info][gc,phases      ] GC(231)   Pre Evacuate Collection Set: 0.53ms
[2026-04-03T02:48:58.876+0600][56.425s][info][gc,phases      ] GC(231)   Merge Heap Roots: 0.19ms
[2026-04-03T02:48:58.876+0600][56.425s][info][gc,phases      ] GC(231)   Evacuate Collection Set: 4.48ms
[2026-04-03T02:48:58.876+0600][56.425s][info][gc,phases      ] GC(231)   Post Evacuate Collection Set: 0.88ms
[2026-04-03T02:48:58.876+0600][56.425s][info][gc,phases      ] GC(231)   Other: 0.10ms
[2026-04-03T02:48:58.876+0600][56.425s][info][gc,heap        ] GC(231) Eden regions: 220->0(290)
[2026-04-03T02:48:58.876+0600][56.425s][info][gc,heap        ] GC(231) Survivor regions: 8->8(37)
[2026-04-03T02:48:58.876+0600][56.425s][info][gc,heap        ] GC(231) Old regions: 85->84
[2026-04-03T02:48:58.876+0600][56.425s][info][gc,heap        ] GC(231) Humongous regions: 176->8
[2026-04-03T02:48:58.876+0600][56.425s][info][gc,metaspace   ] GC(231) Metaspace: 131726K(133184K)->131726K(133184K) NonClass: 115117K(115840K)->115117K(115840K) Class: 16608K(17344K)->16608K(17344K)
[2026-04-03T02:48:58.876+0600][56.425s][info][gc             ] GC(231) Pause Young (Mixed) (G1 Evacuation Pause) 486M->99M(497M) 6.460ms
[2026-04-03T02:48:58.876+0600][56.426s][info][gc,cpu         ] GC(231) User=0.03s Sys=0.01s Real=0.01s
[2026-04-03T02:48:58.891+0600][56.441s][info][gc,start       ] GC(232) Pause Young (Concurrent Start) (GCLocker Initiated GC)
[2026-04-03T02:48:58.892+0600][56.441s][info][gc,task        ] GC(232) Using 10 workers of 10 for evacuation
[2026-04-03T02:48:58.897+0600][56.447s][info][gc,phases      ] GC(232)   Pre Evacuate Collection Set: 0.53ms
[2026-04-03T02:48:58.897+0600][56.447s][info][gc,phases      ] GC(232)   Merge Heap Roots: 0.21ms
[2026-04-03T02:48:58.897+0600][56.447s][info][gc,phases      ] GC(232)   Evacuate Collection Set: 3.38ms
[2026-04-03T02:48:58.897+0600][56.447s][info][gc,phases      ] GC(232)   Post Evacuate Collection Set: 0.90ms
[2026-04-03T02:48:58.897+0600][56.447s][info][gc,phases      ] GC(232)   Other: 0.23ms
[2026-04-03T02:48:58.897+0600][56.447s][info][gc,heap        ] GC(232) Eden regions: 12->0(290)
[2026-04-03T02:48:58.897+0600][56.447s][info][gc,heap        ] GC(232) Survivor regions: 8->8(38)
[2026-04-03T02:48:58.897+0600][56.447s][info][gc,heap        ] GC(232) Old regions: 84->85
[2026-04-03T02:48:58.897+0600][56.447s][info][gc,heap        ] GC(232) Humongous regions: 8->8
[2026-04-03T02:48:58.897+0600][56.447s][info][gc,metaspace   ] GC(232) Metaspace: 131726K(133184K)->131726K(133184K) NonClass: 115117K(115840K)->115117K(115840K) Class: 16608K(17344K)->16608K(17344K)
[2026-04-03T02:48:58.897+0600][56.447s][info][gc             ] GC(232) Pause Young (Concurrent Start) (GCLocker Initiated GC) 111M->99M(497M) 5.600ms
[2026-04-03T02:48:58.897+0600][56.447s][info][gc,cpu         ] GC(232) User=0.04s Sys=0.00s Real=0.00s
[2026-04-03T02:48:58.897+0600][56.447s][info][gc             ] GC(233) Concurrent Mark Cycle
[2026-04-03T02:48:58.897+0600][56.447s][info][gc,marking     ] GC(233) Concurrent Scan Root Regions
[2026-04-03T02:48:58.901+0600][56.451s][info][gc,marking     ] GC(233) Concurrent Scan Root Regions 4.040ms
[2026-04-03T02:48:58.901+0600][56.451s][info][gc,marking     ] GC(233) Concurrent Mark
[2026-04-03T02:48:58.901+0600][56.451s][info][gc,marking     ] GC(233) Concurrent Mark From Roots
[2026-04-03T02:48:58.901+0600][56.451s][info][gc,task        ] GC(233) Using 3 workers of 3 for marking
[2026-04-03T02:48:58.990+0600][56.540s][info][gc,marking     ] GC(233) Concurrent Mark From Roots 88.590ms
[2026-04-03T02:48:58.990+0600][56.540s][info][gc,marking     ] GC(233) Concurrent Preclean
[2026-04-03T02:48:58.991+0600][56.540s][info][gc,marking     ] GC(233) Concurrent Preclean 0.642ms
[2026-04-03T02:48:58.991+0600][56.541s][info][gc,start       ] GC(233) Pause Remark
[2026-04-03T02:48:59.001+0600][56.550s][info][gc             ] GC(233) Pause Remark 197M->197M(477M) 9.579ms
[2026-04-03T02:48:59.001+0600][56.551s][info][gc,cpu         ] GC(233) User=0.07s Sys=0.00s Real=0.01s
[2026-04-03T02:48:59.001+0600][56.551s][info][gc,marking     ] GC(233) Concurrent Mark 99.716ms
[2026-04-03T02:48:59.001+0600][56.551s][info][gc,marking     ] GC(233) Concurrent Rebuild Remembered Sets and Scrub Regions
[2026-04-03T02:48:59.032+0600][56.582s][info][gc,marking     ] GC(233) Concurrent Rebuild Remembered Sets and Scrub Regions 30.686ms
[2026-04-03T02:48:59.032+0600][56.582s][info][gc,start       ] GC(233) Pause Cleanup
[2026-04-03T02:48:59.033+0600][56.582s][info][gc             ] GC(233) Pause Cleanup 230M->230M(477M) 0.280ms
[2026-04-03T02:48:59.033+0600][56.582s][info][gc,cpu         ] GC(233) User=0.00s Sys=0.00s Real=0.00s
[2026-04-03T02:48:59.033+0600][56.582s][info][gc,marking     ] GC(233) Concurrent Clear Claimed Marks
[2026-04-03T02:48:59.033+0600][56.583s][info][gc,marking     ] GC(233) Concurrent Clear Claimed Marks 0.341ms
[2026-04-03T02:48:59.033+0600][56.583s][info][gc,marking     ] GC(233) Concurrent Cleanup for Next Mark
[2026-04-03T02:48:59.034+0600][56.584s][info][gc,marking     ] GC(233) Concurrent Cleanup for Next Mark 0.956ms
[2026-04-03T02:48:59.034+0600][56.584s][info][gc             ] GC(233) Concurrent Mark Cycle 136.954ms
[2026-04-03T02:48:59.266+0600][56.816s][info][gc,start       ] GC(234) Pause Young (Prepare Mixed) (G1 Evacuation Pause)
[2026-04-03T02:48:59.266+0600][56.816s][info][gc,task        ] GC(234) Using 10 workers of 10 for evacuation
[2026-04-03T02:48:59.273+0600][56.823s][info][gc,phases      ] GC(234)   Pre Evacuate Collection Set: 0.70ms
[2026-04-03T02:48:59.273+0600][56.823s][info][gc,phases      ] GC(234)   Merge Heap Roots: 0.40ms
[2026-04-03T02:48:59.273+0600][56.823s][info][gc,phases      ] GC(234)   Evacuate Collection Set: 4.82ms
[2026-04-03T02:48:59.273+0600][56.823s][info][gc,phases      ] GC(234)   Post Evacuate Collection Set: 1.01ms
[2026-04-03T02:48:59.273+0600][56.823s][info][gc,phases      ] GC(234)   Other: 0.12ms
[2026-04-03T02:48:59.273+0600][56.823s][info][gc,heap        ] GC(234) Eden regions: 230->0(282)
[2026-04-03T02:48:59.273+0600][56.823s][info][gc,heap        ] GC(234) Survivor regions: 8->10(36)
[2026-04-03T02:48:59.273+0600][56.823s][info][gc,heap        ] GC(234) Old regions: 85->86
[2026-04-03T02:48:59.274+0600][56.823s][info][gc,heap        ] GC(234) Humongous regions: 154->8
[2026-04-03T02:48:59.274+0600][56.823s][info][gc,metaspace   ] GC(234) Metaspace: 131735K(133184K)->131735K(133184K) NonClass: 115126K(115840K)->115126K(115840K) Class: 16609K(17344K)->16609K(17344K)
[2026-04-03T02:48:59.274+0600][56.823s][info][gc             ] GC(234) Pause Young (Prepare Mixed) (G1 Evacuation Pause) 475M->101M(488M) 7.342ms
[2026-04-03T02:48:59.274+0600][56.823s][info][gc,cpu         ] GC(234) User=0.03s Sys=0.02s Real=0.01s
[2026-04-03T02:48:59.570+0600][57.120s][info][gc,start       ] GC(235) Pause Young (Mixed) (G1 Evacuation Pause)
[2026-04-03T02:48:59.593+0600][57.143s][info][gc,task        ] GC(235) Using 10 workers of 10 for evacuation
[2026-04-03T02:48:59.597+0600][57.147s][info][gc,phases      ] GC(235)   Pre Evacuate Collection Set: 0.35ms
[2026-04-03T02:48:59.598+0600][57.147s][info][gc,phases      ] GC(235)   Merge Heap Roots: 0.17ms
[2026-04-03T02:48:59.598+0600][57.147s][info][gc,phases      ] GC(235)   Evacuate Collection Set: 3.19ms
[2026-04-03T02:48:59.598+0600][57.147s][info][gc,phases      ] GC(235)   Post Evacuate Collection Set: 0.60ms
[2026-04-03T02:48:59.598+0600][57.147s][info][gc,phases      ] GC(235)   Other: 0.10ms
[2026-04-03T02:48:59.598+0600][57.147s][info][gc,heap        ] GC(235) Eden regions: 269->0(346)
[2026-04-03T02:48:59.598+0600][57.147s][info][gc,heap        ] GC(235) Survivor regions: 10->9(41)
[2026-04-03T02:48:59.598+0600][57.147s][info][gc,heap        ] GC(235) Old regions: 86->85
[2026-04-03T02:48:59.598+0600][57.147s][info][gc,heap        ] GC(235) Humongous regions: 218->18
[2026-04-03T02:48:59.598+0600][57.147s][info][gc,metaspace   ] GC(235) Metaspace: 131736K(133184K)->131736K(133184K) NonClass: 115126K(115840K)->115126K(115840K) Class: 16609K(17344K)->16609K(17344K)
[2026-04-03T02:48:59.598+0600][57.147s][info][gc             ] GC(235) Pause Young (Mixed) (G1 Evacuation Pause) 580M->110M(592M) 27.283ms
[2026-04-03T02:48:59.598+0600][57.147s][info][gc,cpu         ] GC(235) User=0.02s Sys=0.02s Real=0.02s
[2026-04-03T02:48:59.598+0600][57.148s][info][gc,start       ] GC(236) Pause Young (Concurrent Start) (G1 Humongous Allocation)
[2026-04-03T02:48:59.598+0600][57.148s][info][gc,task        ] GC(236) Using 10 workers of 10 for evacuation
[2026-04-03T02:48:59.601+0600][57.151s][info][gc,phases      ] GC(236)   Pre Evacuate Collection Set: 0.29ms
[2026-04-03T02:48:59.601+0600][57.151s][info][gc,phases      ] GC(236)   Merge Heap Roots: 0.07ms
[2026-04-03T02:48:59.601+0600][57.151s][info][gc,phases      ] GC(236)   Evacuate Collection Set: 1.92ms
[2026-04-03T02:48:59.601+0600][57.151s][info][gc,phases      ] GC(236)   Post Evacuate Collection Set: 0.44ms
[2026-04-03T02:48:59.601+0600][57.151s][info][gc,phases      ] GC(236)   Other: 0.08ms
[2026-04-03T02:48:59.601+0600][57.151s][info][gc,heap        ] GC(236) Eden regions: 2->0(345)
[2026-04-03T02:48:59.601+0600][57.151s][info][gc,heap        ] GC(236) Survivor regions: 9->10(45)
[2026-04-03T02:48:59.601+0600][57.151s][info][gc,heap        ] GC(236) Old regions: 85->85
[2026-04-03T02:48:59.601+0600][57.151s][info][gc,heap        ] GC(236) Humongous regions: 18->8
[2026-04-03T02:48:59.601+0600][57.151s][info][gc,metaspace   ] GC(236) Metaspace: 131736K(133184K)->131736K(133184K) NonClass: 115126K(115840K)->115126K(115840K) Class: 16609K(17344K)->16609K(17344K)
[2026-04-03T02:48:59.601+0600][57.151s][info][gc             ] GC(236) Pause Young (Concurrent Start) (G1 Humongous Allocation) 112M->101M(592M) 3.041ms
[2026-04-03T02:48:59.601+0600][57.151s][info][gc             ] GC(237) Concurrent Mark Cycle
[2026-04-03T02:48:59.601+0600][57.151s][info][gc,marking     ] GC(237) Concurrent Scan Root Regions
[2026-04-03T02:48:59.601+0600][57.151s][info][gc,cpu         ] GC(236) User=0.02s Sys=0.00s Real=0.01s
[2026-04-03T02:48:59.604+0600][57.153s][info][gc,marking     ] GC(237) Concurrent Scan Root Regions 2.367ms
[2026-04-03T02:48:59.604+0600][57.153s][info][gc,marking     ] GC(237) Concurrent Mark
[2026-04-03T02:48:59.604+0600][57.153s][info][gc,marking     ] GC(237) Concurrent Mark From Roots
[2026-04-03T02:48:59.604+0600][57.153s][info][gc,task        ] GC(237) Using 3 workers of 3 for marking
[2026-04-03T02:48:59.687+0600][57.237s][info][gc,marking     ] GC(237) Concurrent Mark From Roots 83.467ms
[2026-04-03T02:48:59.687+0600][57.237s][info][gc,marking     ] GC(237) Concurrent Preclean
[2026-04-03T02:48:59.687+0600][57.237s][info][gc,marking     ] GC(237) Concurrent Preclean 0.292ms
[2026-04-03T02:48:59.688+0600][57.238s][info][gc,start       ] GC(237) Pause Remark
[2026-04-03T02:48:59.696+0600][57.245s][info][gc             ] GC(237) Pause Remark 382M->382M(592M) 7.726ms
[2026-04-03T02:48:59.696+0600][57.245s][info][gc,cpu         ] GC(237) User=0.05s Sys=0.00s Real=0.01s
[2026-04-03T02:48:59.696+0600][57.246s][info][gc,marking     ] GC(237) Concurrent Mark 92.267ms
[2026-04-03T02:48:59.696+0600][57.246s][info][gc,marking     ] GC(237) Concurrent Rebuild Remembered Sets and Scrub Regions
[2026-04-03T02:48:59.721+0600][57.271s][info][gc,marking     ] GC(237) Concurrent Rebuild Remembered Sets and Scrub Regions 25.471ms
[2026-04-03T02:48:59.724+0600][57.274s][info][gc,start       ] GC(237) Pause Cleanup
[2026-04-03T02:48:59.724+0600][57.274s][info][gc             ] GC(237) Pause Cleanup 513M->513M(592M) 0.357ms
[2026-04-03T02:48:59.724+0600][57.274s][info][gc,cpu         ] GC(237) User=0.00s Sys=0.00s Real=0.00s
[2026-04-03T02:48:59.724+0600][57.274s][info][gc,marking     ] GC(237) Concurrent Clear Claimed Marks
[2026-04-03T02:48:59.725+0600][57.275s][info][gc,marking     ] GC(237) Concurrent Clear Claimed Marks 0.414ms
[2026-04-03T02:48:59.725+0600][57.275s][info][gc,marking     ] GC(237) Concurrent Cleanup for Next Mark
[2026-04-03T02:48:59.727+0600][57.276s][info][gc,marking     ] GC(237) Concurrent Cleanup for Next Mark 1.682ms
[2026-04-03T02:48:59.727+0600][57.276s][info][gc             ] GC(237) Concurrent Mark Cycle 125.443ms
[2026-04-03T02:48:59.772+0600][57.322s][info][gc,start       ] GC(238) Pause Young (Prepare Mixed) (G1 Evacuation Pause)
[2026-04-03T02:48:59.772+0600][57.322s][info][gc,task        ] GC(238) Using 10 workers of 10 for evacuation
[2026-04-03T02:48:59.776+0600][57.326s][info][gc,phases      ] GC(238)   Pre Evacuate Collection Set: 0.26ms
[2026-04-03T02:48:59.776+0600][57.326s][info][gc,phases      ] GC(238)   Merge Heap Roots: 0.18ms
[2026-04-03T02:48:59.776+0600][57.326s][info][gc,phases      ] GC(238)   Evacuate Collection Set: 2.34ms
[2026-04-03T02:48:59.776+0600][57.326s][info][gc,phases      ] GC(238)   Post Evacuate Collection Set: 0.89ms
[2026-04-03T02:48:59.776+0600][57.326s][info][gc,phases      ] GC(238)   Other: 0.08ms
[2026-04-03T02:48:59.776+0600][57.326s][info][gc,heap        ] GC(238) Eden regions: 73->0(438)
[2026-04-03T02:48:59.776+0600][57.326s][info][gc,heap        ] GC(238) Survivor regions: 10->5(52)
[2026-04-03T02:48:59.776+0600][57.326s][info][gc,heap        ] GC(238) Old regions: 85->85
[2026-04-03T02:48:59.776+0600][57.326s][info][gc,heap        ] GC(238) Humongous regions: 566->13
[2026-04-03T02:48:59.776+0600][57.326s][info][gc,metaspace   ] GC(238) Metaspace: 131736K(133184K)->131736K(133184K) NonClass: 115126K(115840K)->115126K(115840K) Class: 16609K(17344K)->16609K(17344K)
[2026-04-03T02:48:59.776+0600][57.326s][info][gc             ] GC(238) Pause Young (Prepare Mixed) (G1 Evacuation Pause) 732M->101M(739M) 3.968ms
[2026-04-03T02:48:59.776+0600][57.326s][info][gc,cpu         ] GC(238) User=0.02s Sys=0.01s Real=0.00s
[2026-04-03T02:49:00.398+0600][57.947s][info][gc,start       ] GC(239) Pause Young (Mixed) (GCLocker Initiated GC)
[2026-04-03T02:49:00.398+0600][57.948s][info][gc,task        ] GC(239) Using 10 workers of 10 for evacuation
[2026-04-03T02:49:00.404+0600][57.954s][info][gc,phases      ] GC(239)   Pre Evacuate Collection Set: 0.39ms
[2026-04-03T02:49:00.404+0600][57.954s][info][gc,phases      ] GC(239)   Merge Heap Roots: 0.33ms
[2026-04-03T02:49:00.404+0600][57.954s][info][gc,phases      ] GC(239)   Evacuate Collection Set: 4.58ms
[2026-04-03T02:49:00.404+0600][57.954s][info][gc,phases      ] GC(239)   Post Evacuate Collection Set: 0.86ms
[2026-04-03T02:49:00.404+0600][57.954s][info][gc,phases      ] GC(239)   Other: 0.12ms
[2026-04-03T02:49:00.404+0600][57.954s][info][gc,heap        ] GC(239) Eden regions: 407->0(441)
[2026-04-03T02:49:00.404+0600][57.954s][info][gc,heap        ] GC(239) Survivor regions: 5->7(56)
[2026-04-03T02:49:00.404+0600][57.954s][info][gc,heap        ] GC(239) Old regions: 85->85
[2026-04-03T02:49:00.404+0600][57.954s][info][gc,heap        ] GC(239) Humongous regions: 242->8
[2026-04-03T02:49:00.404+0600][57.954s][info][gc,metaspace   ] GC(239) Metaspace: 131750K(133184K)->131750K(133184K) NonClass: 115141K(115840K)->115141K(115840K) Class: 16609K(17344K)->16609K(17344K)
[2026-04-03T02:49:00.404+0600][57.954s][info][gc             ] GC(239) Pause Young (Mixed) (GCLocker Initiated GC) 737M->98M(747M) 6.578ms
[2026-04-03T02:49:00.404+0600][57.954s][info][gc,cpu         ] GC(239) User=0.04s Sys=0.01s Real=0.01s
[2026-04-03T02:49:00.413+0600][57.963s][info][gc,start       ] GC(240) Pause Young (Concurrent Start) (G1 Humongous Allocation)
[2026-04-03T02:49:00.413+0600][57.963s][info][gc,task        ] GC(240) Using 10 workers of 10 for evacuation
[2026-04-03T02:49:00.419+0600][57.968s][info][gc,phases      ] GC(240)   Pre Evacuate Collection Set: 0.52ms
[2026-04-03T02:49:00.419+0600][57.968s][info][gc,phases      ] GC(240)   Merge Heap Roots: 0.33ms
[2026-04-03T02:49:00.419+0600][57.968s][info][gc,phases      ] GC(240)   Evacuate Collection Set: 2.99ms
[2026-04-03T02:49:00.419+0600][57.968s][info][gc,phases      ] GC(240)   Post Evacuate Collection Set: 1.11ms
[2026-04-03T02:49:00.419+0600][57.968s][info][gc,phases      ] GC(240)   Other: 0.33ms
[2026-04-03T02:49:00.419+0600][57.969s][info][gc,heap        ] GC(240) Eden regions: 8->0(439)
[2026-04-03T02:49:00.419+0600][57.969s][info][gc,heap        ] GC(240) Survivor regions: 7->9(56)
[2026-04-03T02:49:00.419+0600][57.969s][info][gc,heap        ] GC(240) Old regions: 85->85
[2026-04-03T02:49:00.419+0600][57.969s][info][gc,heap        ] GC(240) Humongous regions: 8->8
[2026-04-03T02:49:00.419+0600][57.969s][info][gc,metaspace   ] GC(240) Metaspace: 131750K(133184K)->131750K(133184K) NonClass: 115141K(115840K)->115141K(115840K) Class: 16609K(17344K)->16609K(17344K)
[2026-04-03T02:49:00.419+0600][57.969s][info][gc             ] GC(240) Pause Young (Concurrent Start) (G1 Humongous Allocation) 106M->100M(747M) 5.635ms
[2026-04-03T02:49:00.419+0600][57.969s][info][gc             ] GC(241) Concurrent Mark Cycle
[2026-04-03T02:49:00.419+0600][57.969s][info][gc,marking     ] GC(241) Concurrent Scan Root Regions
[2026-04-03T02:49:00.419+0600][57.969s][info][gc,cpu         ] GC(240) User=0.04s Sys=0.00s Real=0.00s
[2026-04-03T02:49:00.422+0600][57.972s][info][gc,marking     ] GC(241) Concurrent Scan Root Regions 2.842ms
[2026-04-03T02:49:00.422+0600][57.972s][info][gc,marking     ] GC(241) Concurrent Mark
[2026-04-03T02:49:00.422+0600][57.972s][info][gc,marking     ] GC(241) Concurrent Mark From Roots
[2026-04-03T02:49:00.422+0600][57.972s][info][gc,task        ] GC(241) Using 3 workers of 3 for marking
[2026-04-03T02:49:00.501+0600][58.051s][info][gc,marking     ] GC(241) Concurrent Mark From Roots 78.738ms
[2026-04-03T02:49:00.501+0600][58.051s][info][gc,marking     ] GC(241) Concurrent Preclean
[2026-04-03T02:49:00.502+0600][58.051s][info][gc,marking     ] GC(241) Concurrent Preclean 0.629ms
[2026-04-03T02:49:00.502+0600][58.052s][info][gc,start       ] GC(241) Pause Remark
[2026-04-03T02:49:00.511+0600][58.061s][info][gc             ] GC(241) Pause Remark 191M->191M(480M) 8.952ms
[2026-04-03T02:49:00.511+0600][58.061s][info][gc,cpu         ] GC(241) User=0.08s Sys=0.00s Real=0.01s
[2026-04-03T02:49:00.512+0600][58.061s][info][gc,marking     ] GC(241) Concurrent Mark 89.636ms
[2026-04-03T02:49:00.512+0600][58.061s][info][gc,marking     ] GC(241) Concurrent Rebuild Remembered Sets and Scrub Regions
[2026-04-03T02:49:00.544+0600][58.094s][info][gc,marking     ] GC(241) Concurrent Rebuild Remembered Sets and Scrub Regions 32.627ms
[2026-04-03T02:49:00.545+0600][58.095s][info][gc,start       ] GC(241) Pause Cleanup
[2026-04-03T02:49:00.545+0600][58.095s][info][gc             ] GC(241) Pause Cleanup 227M->227M(480M) 0.373ms
[2026-04-03T02:49:00.546+0600][58.095s][info][gc,cpu         ] GC(241) User=0.00s Sys=0.00s Real=0.00s
[2026-04-03T02:49:00.546+0600][58.095s][info][gc,marking     ] GC(241) Concurrent Clear Claimed Marks
[2026-04-03T02:49:00.546+0600][58.096s][info][gc,marking     ] GC(241) Concurrent Clear Claimed Marks 0.399ms
[2026-04-03T02:49:00.546+0600][58.096s][info][gc,marking     ] GC(241) Concurrent Cleanup for Next Mark
[2026-04-03T02:49:00.547+0600][58.096s][info][gc,marking     ] GC(241) Concurrent Cleanup for Next Mark 0.724ms
[2026-04-03T02:49:00.547+0600][58.097s][info][gc             ] GC(241) Concurrent Mark Cycle 127.805ms
[2026-04-03T02:49:00.717+0600][58.267s][info][gc,start       ] GC(242) Pause Young (Prepare Mixed) (GCLocker Initiated GC)
[2026-04-03T02:49:00.717+0600][58.267s][info][gc,task        ] GC(242) Using 10 workers of 10 for evacuation
[2026-04-03T02:49:00.724+0600][58.274s][info][gc,phases      ] GC(242)   Pre Evacuate Collection Set: 0.74ms
[2026-04-03T02:49:00.724+0600][58.274s][info][gc,phases      ] GC(242)   Merge Heap Roots: 0.38ms
[2026-04-03T02:49:00.724+0600][58.274s][info][gc,phases      ] GC(242)   Evacuate Collection Set: 4.87ms
[2026-04-03T02:49:00.724+0600][58.274s][info][gc,phases      ] GC(242)   Post Evacuate Collection Set: 0.71ms
[2026-04-03T02:49:00.724+0600][58.274s][info][gc,phases      ] GC(242)   Other: 0.13ms
[2026-04-03T02:49:00.724+0600][58.274s][info][gc,heap        ] GC(242) Eden regions: 210->0(285)
[2026-04-03T02:49:00.724+0600][58.274s][info][gc,heap        ] GC(242) Survivor regions: 9->8(36)
[2026-04-03T02:49:00.724+0600][58.274s][info][gc,heap        ] GC(242) Old regions: 85->86
[2026-04-03T02:49:00.724+0600][58.274s][info][gc,heap        ] GC(242) Humongous regions: 176->8
[2026-04-03T02:49:00.724+0600][58.274s][info][gc,metaspace   ] GC(242) Metaspace: 131750K(133184K)->131750K(133184K) NonClass: 115141K(115840K)->115141K(115840K) Class: 16609K(17344K)->16609K(17344K)
[2026-04-03T02:49:00.724+0600][58.274s][info][gc             ] GC(242) Pause Young (Prepare Mixed) (GCLocker Initiated GC) 478M->99M(489M) 7.182ms
[2026-04-03T02:49:00.724+0600][58.274s][info][gc,cpu         ] GC(242) User=0.03s Sys=0.02s Real=0.01s
[2026-04-03T02:49:01.045+0600][58.595s][info][gc,start       ] GC(243) Pause Young (Mixed) (G1 Evacuation Pause)
[2026-04-03T02:49:01.045+0600][58.595s][info][gc,task        ] GC(243) Using 10 workers of 10 for evacuation
[2026-04-03T02:49:01.049+0600][58.599s][info][gc,phases      ] GC(243)   Pre Evacuate Collection Set: 0.44ms
[2026-04-03T02:49:01.049+0600][58.599s][info][gc,phases      ] GC(243)   Merge Heap Roots: 0.18ms
[2026-04-03T02:49:01.049+0600][58.599s][info][gc,phases      ] GC(243)   Evacuate Collection Set: 2.36ms
[2026-04-03T02:49:01.049+0600][58.599s][info][gc,phases      ] GC(243)   Post Evacuate Collection Set: 0.61ms
[2026-04-03T02:49:01.049+0600][58.599s][info][gc,phases      ] GC(243)   Other: 0.08ms
[2026-04-03T02:49:01.049+0600][58.599s][info][gc,heap        ] GC(243) Eden regions: 214->0(291)
[2026-04-03T02:49:01.049+0600][58.599s][info][gc,heap        ] GC(243) Survivor regions: 8->6(37)
[2026-04-03T02:49:01.049+0600][58.599s][info][gc,heap        ] GC(243) Old regions: 86->85
[2026-04-03T02:49:01.049+0600][58.599s][info][gc,heap        ] GC(243) Humongous regions: 181->8
[2026-04-03T02:49:01.049+0600][58.599s][info][gc,metaspace   ] GC(243) Metaspace: 131771K(133248K)->131771K(133248K) NonClass: 115161K(115904K)->115161K(115904K) Class: 16609K(17344K)->16609K(17344K)
[2026-04-03T02:49:01.049+0600][58.599s][info][gc             ] GC(243) Pause Young (Mixed) (G1 Evacuation Pause) 486M->97M(495M) 3.892ms
[2026-04-03T02:49:01.049+0600][58.599s][info][gc,cpu         ] GC(243) User=0.02s Sys=0.01s Real=0.00s
[2026-04-03T02:49:01.300+0600][58.850s][info][gc,start       ] GC(244) Pause Young (Concurrent Start) (G1 Humongous Allocation)
[2026-04-03T02:49:01.300+0600][58.850s][info][gc,task        ] GC(244) Using 10 workers of 10 for evacuation
[2026-04-03T02:49:01.303+0600][58.853s][info][gc,phases      ] GC(244)   Pre Evacuate Collection Set: 0.39ms
[2026-04-03T02:49:01.303+0600][58.853s][info][gc,phases      ] GC(244)   Merge Heap Roots: 0.12ms
[2026-04-03T02:49:01.303+0600][58.853s][info][gc,phases      ] GC(244)   Evacuate Collection Set: 1.42ms
[2026-04-03T02:49:01.303+0600][58.853s][info][gc,phases      ] GC(244)   Post Evacuate Collection Set: 0.72ms
[2026-04-03T02:49:01.303+0600][58.853s][info][gc,phases      ] GC(244)   Other: 0.15ms
[2026-04-03T02:49:01.303+0600][58.853s][info][gc,heap        ] GC(244) Eden regions: 134->0(292)
[2026-04-03T02:49:01.303+0600][58.853s][info][gc,heap        ] GC(244) Survivor regions: 6->5(38)
[2026-04-03T02:49:01.303+0600][58.853s][info][gc,heap        ] GC(244) Old regions: 85->85
[2026-04-03T02:49:01.303+0600][58.853s][info][gc,heap        ] GC(244) Humongous regions: 8->8
[2026-04-03T02:49:01.303+0600][58.853s][info][gc,metaspace   ] GC(244) Metaspace: 131776K(133248K)->131776K(133248K) NonClass: 115167K(115904K)->115167K(115904K) Class: 16609K(17344K)->16609K(17344K)
[2026-04-03T02:49:01.303+0600][58.853s][info][gc             ] GC(244) Pause Young (Concurrent Start) (G1 Humongous Allocation) 231M->97M(495M) 3.090ms
[2026-04-03T02:49:01.304+0600][58.853s][info][gc             ] GC(245) Concurrent Mark Cycle
[2026-04-03T02:49:01.304+0600][58.853s][info][gc,cpu         ] GC(244) User=0.02s Sys=0.00s Real=0.00s
[2026-04-03T02:49:01.304+0600][58.853s][info][gc,marking     ] GC(245) Concurrent Scan Root Regions
[2026-04-03T02:49:01.306+0600][58.855s][info][gc,marking     ] GC(245) Concurrent Scan Root Regions 2.002ms
[2026-04-03T02:49:01.306+0600][58.855s][info][gc,marking     ] GC(245) Concurrent Mark
[2026-04-03T02:49:01.306+0600][58.855s][info][gc,marking     ] GC(245) Concurrent Mark From Roots
[2026-04-03T02:49:01.306+0600][58.855s][info][gc,task        ] GC(245) Using 3 workers of 3 for marking
[2026-04-03T02:49:01.391+0600][58.941s][info][gc,marking     ] GC(245) Concurrent Mark From Roots 85.412ms
[2026-04-03T02:49:01.391+0600][58.941s][info][gc,marking     ] GC(245) Concurrent Preclean
[2026-04-03T02:49:01.392+0600][58.942s][info][gc,marking     ] GC(245) Concurrent Preclean 0.716ms
[2026-04-03T02:49:01.392+0600][58.942s][info][gc,start       ] GC(245) Pause Remark
[2026-04-03T02:49:01.401+0600][58.951s][info][gc             ] GC(245) Pause Remark 203M->203M(484M) 8.983ms
[2026-04-03T02:49:01.402+0600][58.951s][info][gc,cpu         ] GC(245) User=0.07s Sys=0.00s Real=0.01s
[2026-04-03T02:49:01.403+0600][58.952s][info][gc,marking     ] GC(245) Concurrent Mark 97.037ms
[2026-04-03T02:49:01.403+0600][58.953s][info][gc,marking     ] GC(245) Concurrent Rebuild Remembered Sets and Scrub Regions
[2026-04-03T02:49:01.439+0600][58.989s][info][gc,marking     ] GC(245) Concurrent Rebuild Remembered Sets and Scrub Regions 36.659ms
[2026-04-03T02:49:01.440+0600][58.990s][info][gc,start       ] GC(245) Pause Cleanup
[2026-04-03T02:49:01.440+0600][58.990s][info][gc             ] GC(245) Pause Cleanup 253M->253M(484M) 0.363ms
[2026-04-03T02:49:01.441+0600][58.990s][info][gc,cpu         ] GC(245) User=0.00s Sys=0.00s Real=0.00s
[2026-04-03T02:49:01.441+0600][58.990s][info][gc,marking     ] GC(245) Concurrent Clear Claimed Marks
[2026-04-03T02:49:01.441+0600][58.991s][info][gc,marking     ] GC(245) Concurrent Clear Claimed Marks 0.463ms
[2026-04-03T02:49:01.441+0600][58.991s][info][gc,marking     ] GC(245) Concurrent Cleanup for Next Mark
[2026-04-03T02:49:01.442+0600][58.992s][info][gc,marking     ] GC(245) Concurrent Cleanup for Next Mark 0.964ms
[2026-04-03T02:49:01.442+0600][58.992s][info][gc             ] GC(245) Concurrent Mark Cycle 138.569ms
[2026-04-03T02:49:01.591+0600][59.141s][info][gc,start       ] GC(246) Pause Young (Prepare Mixed) (GCLocker Initiated GC)
[2026-04-03T02:49:01.591+0600][59.141s][info][gc,task        ] GC(246) Using 10 workers of 10 for evacuation
[2026-04-03T02:49:01.598+0600][59.148s][info][gc,phases      ] GC(246)   Pre Evacuate Collection Set: 0.51ms
[2026-04-03T02:49:01.598+0600][59.148s][info][gc,phases      ] GC(246)   Merge Heap Roots: 0.29ms
[2026-04-03T02:49:01.598+0600][59.148s][info][gc,phases      ] GC(246)   Evacuate Collection Set: 5.11ms
[2026-04-03T02:49:01.598+0600][59.148s][info][gc,phases      ] GC(246)   Post Evacuate Collection Set: 0.82ms
[2026-04-03T02:49:01.598+0600][59.148s][info][gc,phases      ] GC(246)   Other: 0.19ms
[2026-04-03T02:49:01.598+0600][59.148s][info][gc,heap        ] GC(246) Eden regions: 213->0(287)
[2026-04-03T02:49:01.598+0600][59.148s][info][gc,heap        ] GC(246) Survivor regions: 5->9(37)
[2026-04-03T02:49:01.598+0600][59.148s][info][gc,heap        ] GC(246) Old regions: 85->86
[2026-04-03T02:49:01.598+0600][59.148s][info][gc,heap        ] GC(246) Humongous regions: 181->8
[2026-04-03T02:49:01.598+0600][59.148s][info][gc,metaspace   ] GC(246) Metaspace: 131781K(133248K)->131781K(133248K) NonClass: 115172K(115904K)->115172K(115904K) Class: 16609K(17344K)->16609K(17344K)
[2026-04-03T02:49:01.598+0600][59.148s][info][gc             ] GC(246) Pause Young (Prepare Mixed) (GCLocker Initiated GC) 483M->100M(494M) 7.244ms
[2026-04-03T02:49:01.599+0600][59.148s][info][gc,cpu         ] GC(246) User=0.04s Sys=0.02s Real=0.00s
[2026-04-03T02:49:01.855+0600][59.404s][info][gc,start       ] GC(247) Pause Young (Mixed) (G1 Evacuation Pause)
[2026-04-03T02:49:01.855+0600][59.404s][info][gc,task        ] GC(247) Using 10 workers of 10 for evacuation
[2026-04-03T02:49:01.862+0600][59.411s][info][gc,phases      ] GC(247)   Pre Evacuate Collection Set: 0.43ms
[2026-04-03T02:49:01.862+0600][59.411s][info][gc,phases      ] GC(247)   Merge Heap Roots: 0.26ms
[2026-04-03T02:49:01.862+0600][59.411s][info][gc,phases      ] GC(247)   Evacuate Collection Set: 5.00ms
[2026-04-03T02:49:01.862+0600][59.411s][info][gc,phases      ] GC(247)   Post Evacuate Collection Set: 1.01ms
[2026-04-03T02:49:01.862+0600][59.411s][info][gc,phases      ] GC(247)   Other: 0.13ms
[2026-04-03T02:49:01.862+0600][59.411s][info][gc,heap        ] GC(247) Eden regions: 223->0(298)
[2026-04-03T02:49:01.862+0600][59.411s][info][gc,heap        ] GC(247) Survivor regions: 9->9(37)
[2026-04-03T02:49:01.862+0600][59.411s][info][gc,heap        ] GC(247) Old regions: 86->85
[2026-04-03T02:49:01.862+0600][59.411s][info][gc,heap        ] GC(247) Humongous regions: 184->10
[2026-04-03T02:49:01.862+0600][59.411s][info][gc,metaspace   ] GC(247) Metaspace: 131785K(133312K)->131785K(133312K) NonClass: 115175K(115968K)->115175K(115968K) Class: 16609K(17344K)->16609K(17344K)
[2026-04-03T02:49:01.862+0600][59.412s][info][gc             ] GC(247) Pause Young (Mixed) (G1 Evacuation Pause) 499M->102M(512M) 7.185ms
[2026-04-03T02:49:01.862+0600][59.412s][info][gc,cpu         ] GC(247) User=0.03s Sys=0.03s Real=0.01s
[2026-04-03T02:49:01.867+0600][59.416s][info][gc,start       ] GC(248) Pause Young (Concurrent Start) (G1 Humongous Allocation)
[2026-04-03T02:49:01.867+0600][59.416s][info][gc,task        ] GC(248) Using 10 workers of 10 for evacuation
[2026-04-03T02:49:01.871+0600][59.421s][info][gc,phases      ] GC(248)   Pre Evacuate Collection Set: 0.48ms
[2026-04-03T02:49:01.871+0600][59.421s][info][gc,phases      ] GC(248)   Merge Heap Roots: 0.15ms
[2026-04-03T02:49:01.871+0600][59.421s][info][gc,phases      ] GC(248)   Evacuate Collection Set: 2.71ms
[2026-04-03T02:49:01.871+0600][59.421s][info][gc,phases      ] GC(248)   Post Evacuate Collection Set: 0.65ms
[2026-04-03T02:49:01.871+0600][59.421s][info][gc,phases      ] GC(248)   Other: 0.16ms
[2026-04-03T02:49:01.871+0600][59.421s][info][gc,heap        ] GC(248) Eden regions: 6->0(301)
[2026-04-03T02:49:01.871+0600][59.421s][info][gc,heap        ] GC(248) Survivor regions: 9->6(39)
[2026-04-03T02:49:01.871+0600][59.421s][info][gc,heap        ] GC(248) Old regions: 85->85
[2026-04-03T02:49:01.871+0600][59.421s][info][gc,heap        ] GC(248) Humongous regions: 10->8
[2026-04-03T02:49:01.871+0600][59.421s][info][gc,metaspace   ] GC(248) Metaspace: 131785K(133312K)->131785K(133312K) NonClass: 115175K(115968K)->115175K(115968K) Class: 16609K(17344K)->16609K(17344K)
[2026-04-03T02:49:01.871+0600][59.421s][info][gc             ] GC(248) Pause Young (Concurrent Start) (G1 Humongous Allocation) 107M->97M(512M) 4.426ms
[2026-04-03T02:49:01.871+0600][59.421s][info][gc             ] GC(249) Concurrent Mark Cycle
[2026-04-03T02:49:01.871+0600][59.421s][info][gc,marking     ] GC(249) Concurrent Scan Root Regions
[2026-04-03T02:49:01.871+0600][59.421s][info][gc,cpu         ] GC(248) User=0.03s Sys=0.00s Real=0.01s
[2026-04-03T02:49:01.873+0600][59.423s][info][gc,marking     ] GC(249) Concurrent Scan Root Regions 2.325ms
[2026-04-03T02:49:01.873+0600][59.423s][info][gc,marking     ] GC(249) Concurrent Mark
[2026-04-03T02:49:01.873+0600][59.423s][info][gc,marking     ] GC(249) Concurrent Mark From Roots
[2026-04-03T02:49:01.873+0600][59.423s][info][gc,task        ] GC(249) Using 3 workers of 3 for marking
[2026-04-03T02:49:01.950+0600][59.500s][info][gc,marking     ] GC(249) Concurrent Mark From Roots 76.661ms
[2026-04-03T02:49:01.950+0600][59.500s][info][gc,marking     ] GC(249) Concurrent Preclean
[2026-04-03T02:49:01.951+0600][59.501s][info][gc,marking     ] GC(249) Concurrent Preclean 0.769ms
[2026-04-03T02:49:01.951+0600][59.501s][info][gc,start       ] GC(249) Pause Remark
[2026-04-03T02:49:01.960+0600][59.510s][info][gc             ] GC(249) Pause Remark 187M->187M(450M) 8.977ms
[2026-04-03T02:49:01.961+0600][59.510s][info][gc,cpu         ] GC(249) User=0.07s Sys=0.00s Real=0.01s
[2026-04-03T02:49:01.961+0600][59.511s][info][gc,marking     ] GC(249) Concurrent Mark 87.417ms
[2026-04-03T02:49:01.961+0600][59.511s][info][gc,marking     ] GC(249) Concurrent Rebuild Remembered Sets and Scrub Regions
[2026-04-03T02:49:01.994+0600][59.543s][info][gc,marking     ] GC(249) Concurrent Rebuild Remembered Sets and Scrub Regions 32.515ms
[2026-04-03T02:49:01.994+0600][59.544s][info][gc,start       ] GC(249) Pause Cleanup
[2026-04-03T02:49:01.994+0600][59.544s][info][gc             ] GC(249) Pause Cleanup 228M->228M(450M) 0.392ms
[2026-04-03T02:49:01.994+0600][59.544s][info][gc,cpu         ] GC(249) User=0.00s Sys=0.00s Real=0.00s
[2026-04-03T02:49:01.995+0600][59.544s][info][gc,marking     ] GC(249) Concurrent Clear Claimed Marks
[2026-04-03T02:49:01.995+0600][59.545s][info][gc,marking     ] GC(249) Concurrent Clear Claimed Marks 0.420ms
[2026-04-03T02:49:01.995+0600][59.545s][info][gc,marking     ] GC(249) Concurrent Cleanup for Next Mark
[2026-04-03T02:49:01.996+0600][59.546s][info][gc,marking     ] GC(249) Concurrent Cleanup for Next Mark 0.975ms
[2026-04-03T02:49:01.996+0600][59.546s][info][gc             ] GC(249) Concurrent Mark Cycle 125.015ms
[2026-04-03T02:49:02.203+0600][59.753s][info][gc,start       ] GC(250) Pause Young (Prepare Mixed) (G1 Evacuation Pause)
[2026-04-03T02:49:02.203+0600][59.753s][info][gc,task        ] GC(250) Using 10 workers of 10 for evacuation
[2026-04-03T02:49:02.209+0600][59.759s][info][gc,phases      ] GC(250)   Pre Evacuate Collection Set: 0.38ms
[2026-04-03T02:49:02.209+0600][59.759s][info][gc,phases      ] GC(250)   Merge Heap Roots: 0.32ms
[2026-04-03T02:49:02.209+0600][59.759s][info][gc,phases      ] GC(250)   Evacuate Collection Set: 4.48ms
[2026-04-03T02:49:02.209+0600][59.759s][info][gc,phases      ] GC(250)   Post Evacuate Collection Set: 0.73ms
[2026-04-03T02:49:02.209+0600][59.759s][info][gc,phases      ] GC(250)   Other: 0.10ms
[2026-04-03T02:49:02.209+0600][59.759s][info][gc,heap        ] GC(250) Eden regions: 213->0(267)
[2026-04-03T02:49:02.209+0600][59.759s][info][gc,heap        ] GC(250) Survivor regions: 6->9(34)
[2026-04-03T02:49:02.209+0600][59.759s][info][gc,heap        ] GC(250) Old regions: 85->86
[2026-04-03T02:49:02.209+0600][59.759s][info][gc,heap        ] GC(250) Humongous regions: 146->8
[2026-04-03T02:49:02.209+0600][59.759s][info][gc,metaspace   ] GC(250) Metaspace: 131785K(133312K)->131785K(133312K) NonClass: 115175K(115968K)->115175K(115968K) Class: 16609K(17344K)->16609K(17344K)
[2026-04-03T02:49:02.210+0600][59.759s][info][gc             ] GC(250) Pause Young (Prepare Mixed) (G1 Evacuation Pause) 448M->100M(460M) 6.317ms
[2026-04-03T02:49:02.210+0600][59.759s][info][gc,cpu         ] GC(250) User=0.03s Sys=0.01s Real=0.00s
[2026-04-03T02:49:02.496+0600][60.046s][info][gc,start       ] GC(251) Pause Young (Mixed) (G1 Evacuation Pause)
[2026-04-03T02:49:02.496+0600][60.046s][info][gc,task        ] GC(251) Using 10 workers of 10 for evacuation
[2026-04-03T02:49:02.501+0600][60.051s][info][gc,phases      ] GC(251)   Pre Evacuate Collection Set: 0.32ms
[2026-04-03T02:49:02.501+0600][60.051s][info][gc,phases      ] GC(251)   Merge Heap Roots: 0.22ms
[2026-04-03T02:49:02.501+0600][60.051s][info][gc,phases      ] GC(251)   Evacuate Collection Set: 3.41ms
[2026-04-03T02:49:02.501+0600][60.051s][info][gc,phases      ] GC(251)   Post Evacuate Collection Set: 0.68ms
[2026-04-03T02:49:02.501+0600][60.051s][info][gc,phases      ] GC(251)   Other: 0.09ms
[2026-04-03T02:49:02.501+0600][60.051s][info][gc,heap        ] GC(251) Eden regions: 267->0(288)
[2026-04-03T02:49:02.501+0600][60.051s][info][gc,heap        ] GC(251) Survivor regions: 9->8(35)
[2026-04-03T02:49:02.501+0600][60.051s][info][gc,heap        ] GC(251) Old regions: 86->85
[2026-04-03T02:49:02.501+0600][60.051s][info][gc,heap        ] GC(251) Humongous regions: 123->18
[2026-04-03T02:49:02.501+0600][60.051s][info][gc,metaspace   ] GC(251) Metaspace: 131786K(133312K)->131786K(133312K) NonClass: 115177K(115968K)->115177K(115968K) Class: 16609K(17344K)->16609K(17344K)
[2026-04-03T02:49:02.501+0600][60.051s][info][gc             ] GC(251) Pause Young (Mixed) (G1 Evacuation Pause) 482M->109M(494M) 4.984ms
[2026-04-03T02:49:02.501+0600][60.051s][info][gc,cpu         ] GC(251) User=0.03s Sys=0.01s Real=0.01s
[2026-04-03T02:49:02.502+0600][60.052s][info][gc,start       ] GC(252) Pause Young (Concurrent Start) (G1 Humongous Allocation)
[2026-04-03T02:49:02.502+0600][60.052s][info][gc,task        ] GC(252) Using 10 workers of 10 for evacuation
[2026-04-03T02:49:02.505+0600][60.055s][info][gc,phases      ] GC(252)   Pre Evacuate Collection Set: 0.27ms
[2026-04-03T02:49:02.505+0600][60.055s][info][gc,phases      ] GC(252)   Merge Heap Roots: 0.07ms
[2026-04-03T02:49:02.505+0600][60.055s][info][gc,phases      ] GC(252)   Evacuate Collection Set: 2.24ms
[2026-04-03T02:49:02.505+0600][60.055s][info][gc,phases      ] GC(252)   Post Evacuate Collection Set: 0.46ms
[2026-04-03T02:49:02.505+0600][60.055s][info][gc,phases      ] GC(252)   Other: 0.10ms
[2026-04-03T02:49:02.505+0600][60.055s][info][gc,heap        ] GC(252) Eden regions: 3->0(256)
[2026-04-03T02:49:02.505+0600][60.055s][info][gc,heap        ] GC(252) Survivor regions: 8->8(37)
[2026-04-03T02:49:02.505+0600][60.055s][info][gc,heap        ] GC(252) Old regions: 85->85
[2026-04-03T02:49:02.505+0600][60.055s][info][gc,heap        ] GC(252) Humongous regions: 18->8
[2026-04-03T02:49:02.505+0600][60.055s][info][gc,metaspace   ] GC(252) Metaspace: 131786K(133312K)->131786K(133312K) NonClass: 115177K(115968K)->115177K(115968K) Class: 16609K(17344K)->16609K(17344K)
[2026-04-03T02:49:02.505+0600][60.055s][info][gc             ] GC(252) Pause Young (Concurrent Start) (G1 Humongous Allocation) 111M->100M(494M) 3.417ms
[2026-04-03T02:49:02.506+0600][60.055s][info][gc             ] GC(253) Concurrent Mark Cycle
[2026-04-03T02:49:02.506+0600][60.055s][info][gc,marking     ] GC(253) Concurrent Scan Root Regions
[2026-04-03T02:49:02.506+0600][60.055s][info][gc,cpu         ] GC(252) User=0.02s Sys=0.01s Real=0.00s
[2026-04-03T02:49:02.508+0600][60.057s][info][gc,marking     ] GC(253) Concurrent Scan Root Regions 1.946ms
[2026-04-03T02:49:02.508+0600][60.057s][info][gc,marking     ] GC(253) Concurrent Mark
[2026-04-03T02:49:02.508+0600][60.057s][info][gc,marking     ] GC(253) Concurrent Mark From Roots
[2026-04-03T02:49:02.508+0600][60.057s][info][gc,task        ] GC(253) Using 3 workers of 3 for marking
[2026-04-03T02:49:02.586+0600][60.136s][info][gc,marking     ] GC(253) Concurrent Mark From Roots 78.306ms
[2026-04-03T02:49:02.586+0600][60.136s][info][gc,marking     ] GC(253) Concurrent Preclean
[2026-04-03T02:49:02.587+0600][60.136s][info][gc,marking     ] GC(253) Concurrent Preclean 0.481ms
[2026-04-03T02:49:02.587+0600][60.137s][info][gc,start       ] GC(253) Pause Remark
[2026-04-03T02:49:02.597+0600][60.146s][info][gc             ] GC(253) Pause Remark 478M->478M(709M) 9.632ms
[2026-04-03T02:49:02.597+0600][60.147s][info][gc,cpu         ] GC(253) User=0.05s Sys=0.01s Real=0.01s
[2026-04-03T02:49:02.597+0600][60.147s][info][gc,marking     ] GC(253) Concurrent Mark 89.313ms
[2026-04-03T02:49:02.597+0600][60.147s][info][gc,marking     ] GC(253) Concurrent Rebuild Remembered Sets and Scrub Regions
[2026-04-03T02:49:02.620+0600][60.169s][info][gc,marking     ] GC(253) Concurrent Rebuild Remembered Sets and Scrub Regions 22.503ms
[2026-04-03T02:49:02.620+0600][60.170s][info][gc,start       ] GC(253) Pause Cleanup
[2026-04-03T02:49:02.620+0600][60.170s][info][gc             ] GC(253) Pause Cleanup 483M->483M(709M) 0.362ms
[2026-04-03T02:49:02.620+0600][60.170s][info][gc,cpu         ] GC(253) User=0.00s Sys=0.00s Real=0.00s
[2026-04-03T02:49:02.621+0600][60.170s][info][gc,marking     ] GC(253) Concurrent Clear Claimed Marks
[2026-04-03T02:49:02.621+0600][60.171s][info][gc,marking     ] GC(253) Concurrent Clear Claimed Marks 0.387ms
[2026-04-03T02:49:02.621+0600][60.171s][info][gc,marking     ] GC(253) Concurrent Cleanup for Next Mark
[2026-04-03T02:49:02.623+0600][60.172s][info][gc,marking     ] GC(253) Concurrent Cleanup for Next Mark 1.736ms
[2026-04-03T02:49:02.623+0600][60.172s][info][gc             ] GC(253) Concurrent Mark Cycle 117.197ms
[2026-04-03T02:49:02.716+0600][60.265s][info][gc,start       ] GC(254) Pause Young (Prepare Mixed) (G1 Evacuation Pause)
[2026-04-03T02:49:02.716+0600][60.265s][info][gc,task        ] GC(254) Using 10 workers of 10 for evacuation
[2026-04-03T02:49:02.720+0600][60.270s][info][gc,phases      ] GC(254)   Pre Evacuate Collection Set: 0.36ms
[2026-04-03T02:49:02.720+0600][60.270s][info][gc,phases      ] GC(254)   Merge Heap Roots: 0.22ms
[2026-04-03T02:49:02.720+0600][60.270s][info][gc,phases      ] GC(254)   Evacuate Collection Set: 2.85ms
[2026-04-03T02:49:02.720+0600][60.270s][info][gc,phases      ] GC(254)   Post Evacuate Collection Set: 1.08ms
[2026-04-03T02:49:02.720+0600][60.270s][info][gc,phases      ] GC(254)   Other: 0.09ms
[2026-04-03T02:49:02.720+0600][60.270s][info][gc,heap        ] GC(254) Eden regions: 84->0(506)
[2026-04-03T02:49:02.720+0600][60.270s][info][gc,heap        ] GC(254) Survivor regions: 8->4(33)
[2026-04-03T02:49:02.720+0600][60.270s][info][gc,heap        ] GC(254) Old regions: 85->85
[2026-04-03T02:49:02.720+0600][60.270s][info][gc,heap        ] GC(254) Humongous regions: 670->8
[2026-04-03T02:49:02.720+0600][60.270s][info][gc,metaspace   ] GC(254) Metaspace: 131787K(133312K)->131787K(133312K) NonClass: 115178K(115968K)->115178K(115968K) Class: 16609K(17344K)->16609K(17344K)
[2026-04-03T02:49:02.720+0600][60.270s][info][gc             ] GC(254) Pause Young (Prepare Mixed) (G1 Evacuation Pause) 846M->96M(851M) 4.915ms
[2026-04-03T02:49:02.721+0600][60.270s][info][gc,cpu         ] GC(254) User=0.03s Sys=0.01s Real=0.01s
[2026-04-03T02:49:03.435+0600][60.984s][info][gc,start       ] GC(255) Pause Young (Mixed) (G1 Evacuation Pause)
[2026-04-03T02:49:03.435+0600][60.984s][info][gc,task        ] GC(255) Using 10 workers of 10 for evacuation
[2026-04-03T02:49:03.441+0600][60.991s][info][gc,phases      ] GC(255)   Pre Evacuate Collection Set: 0.31ms
[2026-04-03T02:49:03.441+0600][60.991s][info][gc,phases      ] GC(255)   Merge Heap Roots: 0.32ms
[2026-04-03T02:49:03.441+0600][60.991s][info][gc,phases      ] GC(255)   Evacuate Collection Set: 4.74ms
[2026-04-03T02:49:03.441+0600][60.991s][info][gc,phases      ] GC(255)   Post Evacuate Collection Set: 0.92ms
[2026-04-03T02:49:03.441+0600][60.991s][info][gc,phases      ] GC(255)   Other: 0.13ms
[2026-04-03T02:49:03.441+0600][60.991s][info][gc,heap        ] GC(255) Eden regions: 476->0(511)
[2026-04-03T02:49:03.441+0600][60.991s][info][gc,heap        ] GC(255) Survivor regions: 4->8(64)
[2026-04-03T02:49:03.441+0600][60.991s][info][gc,heap        ] GC(255) Old regions: 85->85
[2026-04-03T02:49:03.441+0600][60.991s][info][gc,heap        ] GC(255) Humongous regions: 291->8
[2026-04-03T02:49:03.441+0600][60.991s][info][gc,metaspace   ] GC(255) Metaspace: 131817K(133312K)->131817K(133312K) NonClass: 115207K(115968K)->115207K(115968K) Class: 16609K(17344K)->16609K(17344K)
[2026-04-03T02:49:03.441+0600][60.991s][info][gc             ] GC(255) Pause Young (Mixed) (G1 Evacuation Pause) 855M->100M(865M) 6.713ms
[2026-04-03T02:49:03.441+0600][60.991s][info][gc,cpu         ] GC(255) User=0.04s Sys=0.01s Real=0.01s
[2026-04-03T02:49:03.453+0600][61.002s][info][gc,start       ] GC(256) Pause Young (Concurrent Start) (GCLocker Initiated GC)
[2026-04-03T02:49:03.453+0600][61.002s][info][gc,task        ] GC(256) Using 10 workers of 10 for evacuation
[2026-04-03T02:49:03.457+0600][61.007s][info][gc,phases      ] GC(256)   Pre Evacuate Collection Set: 0.43ms
[2026-04-03T02:49:03.457+0600][61.007s][info][gc,phases      ] GC(256)   Merge Heap Roots: 0.20ms
[2026-04-03T02:49:03.457+0600][61.007s][info][gc,phases      ] GC(256)   Evacuate Collection Set: 2.83ms
[2026-04-03T02:49:03.457+0600][61.007s][info][gc,phases      ] GC(256)   Post Evacuate Collection Set: 0.84ms
[2026-04-03T02:49:03.457+0600][61.007s][info][gc,phases      ] GC(256)   Other: 0.21ms
[2026-04-03T02:49:03.457+0600][61.007s][info][gc,heap        ] GC(256) Eden regions: 16->0(511)
[2026-04-03T02:49:03.457+0600][61.007s][info][gc,heap        ] GC(256) Survivor regions: 8->8(65)
[2026-04-03T02:49:03.457+0600][61.007s][info][gc,heap        ] GC(256) Old regions: 85->85
[2026-04-03T02:49:03.457+0600][61.007s][info][gc,heap        ] GC(256) Humongous regions: 8->8
[2026-04-03T02:49:03.457+0600][61.007s][info][gc,metaspace   ] GC(256) Metaspace: 131817K(133312K)->131817K(133312K) NonClass: 115207K(115968K)->115207K(115968K) Class: 16609K(17344K)->16609K(17344K)
[2026-04-03T02:49:03.457+0600][61.007s][info][gc             ] GC(256) Pause Young (Concurrent Start) (GCLocker Initiated GC) 116M->99M(865M) 4.850ms
[2026-04-03T02:49:03.458+0600][61.007s][info][gc,cpu         ] GC(256) User=0.03s Sys=0.00s Real=0.00s
[2026-04-03T02:49:03.458+0600][61.007s][info][gc             ] GC(257) Concurrent Mark Cycle
[2026-04-03T02:49:03.458+0600][61.007s][info][gc,marking     ] GC(257) Concurrent Scan Root Regions
[2026-04-03T02:49:03.460+0600][61.010s][info][gc,marking     ] GC(257) Concurrent Scan Root Regions 2.508ms
[2026-04-03T02:49:03.460+0600][61.010s][info][gc,marking     ] GC(257) Concurrent Mark
[2026-04-03T02:49:03.460+0600][61.010s][info][gc,marking     ] GC(257) Concurrent Mark From Roots
[2026-04-03T02:49:03.460+0600][61.010s][info][gc,task        ] GC(257) Using 3 workers of 3 for marking
[2026-04-03T02:49:03.534+0600][61.084s][info][gc,marking     ] GC(257) Concurrent Mark From Roots 74.096ms
[2026-04-03T02:49:03.534+0600][61.084s][info][gc,marking     ] GC(257) Concurrent Preclean
[2026-04-03T02:49:03.535+0600][61.085s][info][gc,marking     ] GC(257) Concurrent Preclean 0.675ms
[2026-04-03T02:49:03.535+0600][61.085s][info][gc,start       ] GC(257) Pause Remark
[2026-04-03T02:49:03.545+0600][61.095s][info][gc             ] GC(257) Pause Remark 186M->186M(477M) 9.335ms
[2026-04-03T02:49:03.545+0600][61.095s][info][gc,cpu         ] GC(257) User=0.06s Sys=0.00s Real=0.01s
[2026-04-03T02:49:03.545+0600][61.095s][info][gc,marking     ] GC(257) Concurrent Mark 84.923ms
[2026-04-03T02:49:03.545+0600][61.095s][info][gc,marking     ] GC(257) Concurrent Rebuild Remembered Sets and Scrub Regions
[2026-04-03T02:49:03.580+0600][61.130s][info][gc,marking     ] GC(257) Concurrent Rebuild Remembered Sets and Scrub Regions 34.663ms
[2026-04-03T02:49:03.580+0600][61.130s][info][gc,start       ] GC(257) Pause Cleanup
[2026-04-03T02:49:03.581+0600][61.130s][info][gc             ] GC(257) Pause Cleanup 228M->228M(477M) 0.371ms
[2026-04-03T02:49:03.581+0600][61.131s][info][gc,cpu         ] GC(257) User=0.00s Sys=0.00s Real=0.00s
[2026-04-03T02:49:03.581+0600][61.131s][info][gc,marking     ] GC(257) Concurrent Clear Claimed Marks
[2026-04-03T02:49:03.582+0600][61.131s][info][gc,marking     ] GC(257) Concurrent Clear Claimed Marks 0.383ms
[2026-04-03T02:49:03.582+0600][61.131s][info][gc,marking     ] GC(257) Concurrent Cleanup for Next Mark
[2026-04-03T02:49:03.583+0600][61.132s][info][gc,marking     ] GC(257) Concurrent Cleanup for Next Mark 0.920ms
[2026-04-03T02:49:03.583+0600][61.132s][info][gc             ] GC(257) Concurrent Mark Cycle 125.024ms
[2026-04-03T02:49:03.779+0600][61.329s][info][gc,start       ] GC(258) Pause Young (Prepare Mixed) (G1 Evacuation Pause)
[2026-04-03T02:49:03.779+0600][61.329s][info][gc,task        ] GC(258) Using 10 workers of 10 for evacuation
[2026-04-03T02:49:03.785+0600][61.335s][info][gc,phases      ] GC(258)   Pre Evacuate Collection Set: 0.37ms
[2026-04-03T02:49:03.785+0600][61.335s][info][gc,phases      ] GC(258)   Merge Heap Roots: 0.18ms
[2026-04-03T02:49:03.785+0600][61.335s][info][gc,phases      ] GC(258)   Evacuate Collection Set: 4.58ms
[2026-04-03T02:49:03.785+0600][61.335s][info][gc,phases      ] GC(258)   Post Evacuate Collection Set: 0.66ms
[2026-04-03T02:49:03.785+0600][61.335s][info][gc,phases      ] GC(258)   Other: 0.11ms
[2026-04-03T02:49:03.785+0600][61.335s][info][gc,heap        ] GC(258) Eden regions: 208->0(283)
[2026-04-03T02:49:03.785+0600][61.335s][info][gc,heap        ] GC(258) Survivor regions: 8->8(36)
[2026-04-03T02:49:03.785+0600][61.335s][info][gc,heap        ] GC(258) Old regions: 85->86
[2026-04-03T02:49:03.785+0600][61.335s][info][gc,heap        ] GC(258) Humongous regions: 176->8
[2026-04-03T02:49:03.785+0600][61.335s][info][gc,metaspace   ] GC(258) Metaspace: 131817K(133312K)->131817K(133312K) NonClass: 115207K(115968K)->115207K(115968K) Class: 16610K(17344K)->16610K(17344K)
[2026-04-03T02:49:03.785+0600][61.335s][info][gc             ] GC(258) Pause Young (Prepare Mixed) (G1 Evacuation Pause) 475M->100M(486M) 6.198ms
[2026-04-03T02:49:03.785+0600][61.335s][info][gc,cpu         ] GC(258) User=0.03s Sys=0.02s Real=0.01s
[2026-04-03T02:49:04.120+0600][61.670s][info][gc,start       ] GC(259) Pause Young (Mixed) (G1 Evacuation Pause)
[2026-04-03T02:49:04.121+0600][61.670s][info][gc,task        ] GC(259) Using 10 workers of 10 for evacuation
[2026-04-03T02:49:04.127+0600][61.677s][info][gc,phases      ] GC(259)   Pre Evacuate Collection Set: 0.44ms
[2026-04-03T02:49:04.127+0600][61.677s][info][gc,phases      ] GC(259)   Merge Heap Roots: 0.27ms
[2026-04-03T02:49:04.127+0600][61.677s][info][gc,phases      ] GC(259)   Evacuate Collection Set: 4.92ms
[2026-04-03T02:49:04.127+0600][61.677s][info][gc,phases      ] GC(259)   Post Evacuate Collection Set: 0.76ms
[2026-04-03T02:49:04.127+0600][61.677s][info][gc,phases      ] GC(259)   Other: 0.12ms
[2026-04-03T02:49:04.127+0600][61.677s][info][gc,heap        ] GC(259) Eden regions: 243->0(290)
[2026-04-03T02:49:04.127+0600][61.677s][info][gc,heap        ] GC(259) Survivor regions: 8->10(37)
[2026-04-03T02:49:04.127+0600][61.677s][info][gc,heap        ] GC(259) Old regions: 86->85
[2026-04-03T02:49:04.127+0600][61.677s][info][gc,heap        ] GC(259) Humongous regions: 154->8
[2026-04-03T02:49:04.127+0600][61.677s][info][gc,metaspace   ] GC(259) Metaspace: 131817K(133312K)->131817K(133312K) NonClass: 115207K(115968K)->115207K(115968K) Class: 16610K(17344K)->16610K(17344K)
[2026-04-03T02:49:04.127+0600][61.677s][info][gc             ] GC(259) Pause Young (Mixed) (G1 Evacuation Pause) 489M->101M(501M) 6.866ms
[2026-04-03T02:49:04.127+0600][61.677s][info][gc,cpu         ] GC(259) User=0.05s Sys=0.00s Real=0.00s
[2026-04-03T02:49:04.190+0600][61.739s][info][gc,start       ] GC(260) Pause Young (Concurrent Start) (G1 Humongous Allocation)
[2026-04-03T02:49:04.190+0600][61.739s][info][gc,task        ] GC(260) Using 10 workers of 10 for evacuation
[2026-04-03T02:49:04.195+0600][61.745s][info][gc,phases      ] GC(260)   Pre Evacuate Collection Set: 0.51ms
[2026-04-03T02:49:04.195+0600][61.745s][info][gc,phases      ] GC(260)   Merge Heap Roots: 0.19ms
[2026-04-03T02:49:04.195+0600][61.745s][info][gc,phases      ] GC(260)   Evacuate Collection Set: 3.50ms
[2026-04-03T02:49:04.195+0600][61.745s][info][gc,phases      ] GC(260)   Post Evacuate Collection Set: 0.80ms
[2026-04-03T02:49:04.195+0600][61.745s][info][gc,phases      ] GC(260)   Other: 0.23ms
[2026-04-03T02:49:04.195+0600][61.745s][info][gc,heap        ] GC(260) Eden regions: 75->0(290)
[2026-04-03T02:49:04.195+0600][61.745s][info][gc,heap        ] GC(260) Survivor regions: 10->10(38)
[2026-04-03T02:49:04.195+0600][61.745s][info][gc,heap        ] GC(260) Old regions: 85->85
[2026-04-03T02:49:04.195+0600][61.745s][info][gc,heap        ] GC(260) Humongous regions: 8->8
[2026-04-03T02:49:04.195+0600][61.745s][info][gc,metaspace   ] GC(260) Metaspace: 131817K(133312K)->131817K(133312K) NonClass: 115207K(115968K)->115207K(115968K) Class: 16610K(17344K)->16610K(17344K)
[2026-04-03T02:49:04.195+0600][61.745s][info][gc             ] GC(260) Pause Young (Concurrent Start) (G1 Humongous Allocation) 176M->102M(501M) 5.621ms
[2026-04-03T02:49:04.195+0600][61.745s][info][gc             ] GC(261) Concurrent Mark Cycle
[2026-04-03T02:49:04.195+0600][61.745s][info][gc,cpu         ] GC(260) User=0.04s Sys=0.00s Real=0.01s
[2026-04-03T02:49:04.195+0600][61.745s][info][gc,marking     ] GC(261) Concurrent Scan Root Regions
[2026-04-03T02:49:04.199+0600][61.749s][info][gc,marking     ] GC(261) Concurrent Scan Root Regions 3.558ms
[2026-04-03T02:49:04.199+0600][61.749s][info][gc,marking     ] GC(261) Concurrent Mark
[2026-04-03T02:49:04.199+0600][61.749s][info][gc,marking     ] GC(261) Concurrent Mark From Roots
[2026-04-03T02:49:04.199+0600][61.749s][info][gc,task        ] GC(261) Using 3 workers of 3 for marking
[2026-04-03T02:49:04.273+0600][61.823s][info][gc,marking     ] GC(261) Concurrent Mark From Roots 74.302ms
[2026-04-03T02:49:04.273+0600][61.823s][info][gc,marking     ] GC(261) Concurrent Preclean
[2026-04-03T02:49:04.274+0600][61.823s][info][gc,marking     ] GC(261) Concurrent Preclean 0.313ms
[2026-04-03T02:49:04.274+0600][61.824s][info][gc,start       ] GC(261) Pause Remark
[2026-04-03T02:49:04.284+0600][61.833s][info][gc             ] GC(261) Pause Remark 192M->192M(414M) 9.543ms
[2026-04-03T02:49:04.284+0600][61.834s][info][gc,cpu         ] GC(261) User=0.07s Sys=0.01s Real=0.01s
[2026-04-03T02:49:04.284+0600][61.834s][info][gc,marking     ] GC(261) Concurrent Mark 85.119ms
[2026-04-03T02:49:04.284+0600][61.834s][info][gc,marking     ] GC(261) Concurrent Rebuild Remembered Sets and Scrub Regions
[2026-04-03T02:49:04.326+0600][61.876s][info][gc,marking     ] GC(261) Concurrent Rebuild Remembered Sets and Scrub Regions 41.748ms
[2026-04-03T02:49:04.326+0600][61.876s][info][gc,start       ] GC(261) Pause Cleanup
[2026-04-03T02:49:04.327+0600][61.877s][info][gc             ] GC(261) Pause Cleanup 255M->255M(414M) 0.472ms
[2026-04-03T02:49:04.327+0600][61.877s][info][gc,cpu         ] GC(261) User=0.00s Sys=0.00s Real=0.00s
[2026-04-03T02:49:04.327+0600][61.877s][info][gc,marking     ] GC(261) Concurrent Clear Claimed Marks
[2026-04-03T02:49:04.328+0600][61.877s][info][gc,marking     ] GC(261) Concurrent Clear Claimed Marks 0.388ms
[2026-04-03T02:49:04.328+0600][61.877s][info][gc,marking     ] GC(261) Concurrent Cleanup for Next Mark
[2026-04-03T02:49:04.328+0600][61.878s][info][gc,marking     ] GC(261) Concurrent Cleanup for Next Mark 0.725ms
[2026-04-03T02:49:04.328+0600][61.878s][info][gc             ] GC(261) Concurrent Mark Cycle 133.052ms
[2026-04-03T02:49:04.442+0600][61.991s][info][gc,start       ] GC(262) Pause Young (Prepare Mixed) (G1 Evacuation Pause)
[2026-04-03T02:49:04.442+0600][61.992s][info][gc,task        ] GC(262) Using 10 workers of 10 for evacuation
[2026-04-03T02:49:04.447+0600][61.996s][info][gc,phases      ] GC(262)   Pre Evacuate Collection Set: 0.41ms
[2026-04-03T02:49:04.447+0600][61.996s][info][gc,phases      ] GC(262)   Merge Heap Roots: 0.14ms
[2026-04-03T02:49:04.447+0600][61.996s][info][gc,phases      ] GC(262)   Evacuate Collection Set: 3.57ms
[2026-04-03T02:49:04.447+0600][61.996s][info][gc,phases      ] GC(262)   Post Evacuate Collection Set: 0.64ms
[2026-04-03T02:49:04.447+0600][61.997s][info][gc,phases      ] GC(262)   Other: 0.13ms
[2026-04-03T02:49:04.447+0600][61.997s][info][gc,heap        ] GC(262) Eden regions: 167->0(299)
[2026-04-03T02:49:04.447+0600][61.997s][info][gc,heap        ] GC(262) Survivor regions: 10->10(31)
[2026-04-03T02:49:04.447+0600][61.997s][info][gc,heap        ] GC(262) Old regions: 85->86
[2026-04-03T02:49:04.447+0600][61.997s][info][gc,heap        ] GC(262) Humongous regions: 242->23
[2026-04-03T02:49:04.447+0600][61.997s][info][gc,metaspace   ] GC(262) Metaspace: 131817K(133312K)->131817K(133312K) NonClass: 115207K(115968K)->115207K(115968K) Class: 16610K(17344K)->16610K(17344K)
[2026-04-03T02:49:04.447+0600][61.997s][info][gc             ] GC(262) Pause Young (Prepare Mixed) (G1 Evacuation Pause) 503M->117M(515M) 5.235ms
[2026-04-03T02:49:04.447+0600][61.997s][info][gc,cpu         ] GC(262) User=0.02s Sys=0.02s Real=0.00s
[2026-04-03T02:49:04.603+0600][62.153s][info][gc,start       ] GC(263) Pause Young (Mixed) (G1 Evacuation Pause)
[2026-04-03T02:49:04.603+0600][62.153s][info][gc,task        ] GC(263) Using 10 workers of 10 for evacuation
[2026-04-03T02:49:04.608+0600][62.157s][info][gc,phases      ] GC(263)   Pre Evacuate Collection Set: 0.62ms
[2026-04-03T02:49:04.608+0600][62.157s][info][gc,phases      ] GC(263)   Merge Heap Roots: 0.29ms
[2026-04-03T02:49:04.608+0600][62.157s][info][gc,phases      ] GC(263)   Evacuate Collection Set: 2.57ms
[2026-04-03T02:49:04.608+0600][62.157s][info][gc,phases      ] GC(263)   Post Evacuate Collection Set: 0.79ms
[2026-04-03T02:49:04.608+0600][62.157s][info][gc,phases      ] GC(263)   Other: 0.12ms
[2026-04-03T02:49:04.608+0600][62.157s][info][gc,heap        ] GC(263) Eden regions: 72->0(423)
[2026-04-03T02:49:04.608+0600][62.157s][info][gc,heap        ] GC(263) Survivor regions: 10->4(44)
[2026-04-03T02:49:04.608+0600][62.157s][info][gc,heap        ] GC(263) Old regions: 86->85
[2026-04-03T02:49:04.608+0600][62.157s][info][gc,heap        ] GC(263) Humongous regions: 540->8
[2026-04-03T02:49:04.608+0600][62.157s][info][gc,metaspace   ] GC(263) Metaspace: 131820K(133312K)->131820K(133312K) NonClass: 115209K(115968K)->115209K(115968K) Class: 16610K(17344K)->16610K(17344K)
[2026-04-03T02:49:04.608+0600][62.157s][info][gc             ] GC(263) Pause Young (Mixed) (G1 Evacuation Pause) 706M->96M(712M) 4.645ms
[2026-04-03T02:49:04.608+0600][62.158s][info][gc,cpu         ] GC(263) User=0.02s Sys=0.01s Real=0.00s
[2026-04-03T02:49:04.695+0600][62.244s][info][gc,start       ] GC(264) Pause Young (Concurrent Start) (G1 Humongous Allocation)
[2026-04-03T02:49:04.695+0600][62.244s][info][gc,task        ] GC(264) Using 10 workers of 10 for evacuation
[2026-04-03T02:49:04.699+0600][62.248s][info][gc,phases      ] GC(264)   Pre Evacuate Collection Set: 0.58ms
[2026-04-03T02:49:04.699+0600][62.248s][info][gc,phases      ] GC(264)   Merge Heap Roots: 0.15ms
[2026-04-03T02:49:04.699+0600][62.248s][info][gc,phases      ] GC(264)   Evacuate Collection Set: 2.28ms
[2026-04-03T02:49:04.699+0600][62.248s][info][gc,phases      ] GC(264)   Post Evacuate Collection Set: 0.68ms
[2026-04-03T02:49:04.699+0600][62.249s][info][gc,phases      ] GC(264)   Other: 0.19ms
[2026-04-03T02:49:04.699+0600][62.249s][info][gc,heap        ] GC(264) Eden regions: 83->0(422)
[2026-04-03T02:49:04.699+0600][62.249s][info][gc,heap        ] GC(264) Survivor regions: 4->5(54)
[2026-04-03T02:49:04.699+0600][62.249s][info][gc,heap        ] GC(264) Old regions: 85->85
[2026-04-03T02:49:04.699+0600][62.249s][info][gc,heap        ] GC(264) Humongous regions: 69->8
[2026-04-03T02:49:04.699+0600][62.249s][info][gc,metaspace   ] GC(264) Metaspace: 131820K(133312K)->131820K(133312K) NonClass: 115210K(115968K)->115210K(115968K) Class: 16610K(17344K)->16610K(17344K)
[2026-04-03T02:49:04.699+0600][62.249s][info][gc             ] GC(264) Pause Young (Concurrent Start) (G1 Humongous Allocation) 239M->96M(712M) 4.277ms
[2026-04-03T02:49:04.699+0600][62.249s][info][gc             ] GC(265) Concurrent Undo Cycle
[2026-04-03T02:49:04.699+0600][62.249s][info][gc,cpu         ] GC(264) User=0.01s Sys=0.01s Real=0.00s
[2026-04-03T02:49:04.699+0600][62.249s][info][gc,marking     ] GC(265) Concurrent Clear Claimed Marks
[2026-04-03T02:49:04.699+0600][62.249s][info][gc,marking     ] GC(265) Concurrent Clear Claimed Marks 0.295ms
[2026-04-03T02:49:04.699+0600][62.249s][info][gc,marking     ] GC(265) Concurrent Cleanup for Next Mark
[2026-04-03T02:49:04.700+0600][62.249s][info][gc,marking     ] GC(265) Concurrent Cleanup for Next Mark 0.279ms
[2026-04-03T02:49:04.700+0600][62.249s][info][gc             ] GC(265) Concurrent Undo Cycle 0.760ms
[2026-04-03T02:49:04.714+0600][62.264s][info][gc,start       ] GC(266) Pause Young (Concurrent Start) (G1 Humongous Allocation)
[2026-04-03T02:49:04.714+0600][62.264s][info][gc,task        ] GC(266) Using 10 workers of 10 for evacuation
[2026-04-03T02:49:04.716+0600][62.266s][info][gc,phases      ] GC(266)   Pre Evacuate Collection Set: 0.35ms
[2026-04-03T02:49:04.716+0600][62.266s][info][gc,phases      ] GC(266)   Merge Heap Roots: 0.09ms
[2026-04-03T02:49:04.716+0600][62.266s][info][gc,phases      ] GC(266)   Evacuate Collection Set: 1.46ms
[2026-04-03T02:49:04.717+0600][62.266s][info][gc,phases      ] GC(266)   Post Evacuate Collection Set: 0.42ms
[2026-04-03T02:49:04.717+0600][62.266s][info][gc,phases      ] GC(266)   Other: 0.09ms
[2026-04-03T02:49:04.717+0600][62.266s][info][gc,heap        ] GC(266) Eden regions: 2->0(422)
[2026-04-03T02:49:04.717+0600][62.266s][info][gc,heap        ] GC(266) Survivor regions: 5->5(54)
[2026-04-03T02:49:04.717+0600][62.266s][info][gc,heap        ] GC(266) Old regions: 85->86
[2026-04-03T02:49:04.717+0600][62.266s][info][gc,heap        ] GC(266) Humongous regions: 10->8
[2026-04-03T02:49:04.717+0600][62.266s][info][gc,metaspace   ] GC(266) Metaspace: 131821K(133312K)->131821K(133312K) NonClass: 115211K(115968K)->115211K(115968K) Class: 16610K(17344K)->16610K(17344K)
[2026-04-03T02:49:04.717+0600][62.266s][info][gc             ] GC(266) Pause Young (Concurrent Start) (G1 Humongous Allocation) 100M->96M(712M) 2.643ms
[2026-04-03T02:49:04.717+0600][62.266s][info][gc             ] GC(267) Concurrent Mark Cycle
[2026-04-03T02:49:04.717+0600][62.266s][info][gc,cpu         ] GC(266) User=0.02s Sys=0.00s Real=0.00s
[2026-04-03T02:49:04.717+0600][62.266s][info][gc,marking     ] GC(267) Concurrent Scan Root Regions
[2026-04-03T02:49:04.718+0600][62.268s][info][gc,marking     ] GC(267) Concurrent Scan Root Regions 1.437ms
[2026-04-03T02:49:04.718+0600][62.268s][info][gc,marking     ] GC(267) Concurrent Mark
[2026-04-03T02:49:04.718+0600][62.268s][info][gc,marking     ] GC(267) Concurrent Mark From Roots
[2026-04-03T02:49:04.718+0600][62.268s][info][gc,task        ] GC(267) Using 3 workers of 3 for marking
[2026-04-03T02:49:04.791+0600][62.341s][info][gc,marking     ] GC(267) Concurrent Mark From Roots 73.092ms
[2026-04-03T02:49:04.791+0600][62.341s][info][gc,marking     ] GC(267) Concurrent Preclean
[2026-04-03T02:49:04.792+0600][62.341s][info][gc,marking     ] GC(267) Concurrent Preclean 0.411ms
[2026-04-03T02:49:04.792+0600][62.342s][info][gc,start       ] GC(267) Pause Remark
[2026-04-03T02:49:04.800+0600][62.349s][info][gc             ] GC(267) Pause Remark 146M->146M(434M) 7.630ms
[2026-04-03T02:49:04.800+0600][62.350s][info][gc,cpu         ] GC(267) User=0.06s Sys=0.00s Real=0.01s
[2026-04-03T02:49:04.800+0600][62.350s][info][gc,marking     ] GC(267) Concurrent Mark 81.809ms
[2026-04-03T02:49:04.800+0600][62.350s][info][gc,marking     ] GC(267) Concurrent Rebuild Remembered Sets and Scrub Regions
[2026-04-03T02:49:04.824+0600][62.374s][info][gc,marking     ] GC(267) Concurrent Rebuild Remembered Sets and Scrub Regions 24.378ms
[2026-04-03T02:49:04.825+0600][62.374s][info][gc,start       ] GC(267) Pause Cleanup
[2026-04-03T02:49:04.825+0600][62.375s][info][gc             ] GC(267) Pause Cleanup 150M->150M(434M) 0.307ms
[2026-04-03T02:49:04.825+0600][62.375s][info][gc,cpu         ] GC(267) User=0.00s Sys=0.00s Real=0.00s
[2026-04-03T02:49:04.825+0600][62.375s][info][gc,marking     ] GC(267) Concurrent Clear Claimed Marks
[2026-04-03T02:49:04.826+0600][62.375s][info][gc,marking     ] GC(267) Concurrent Clear Claimed Marks 0.379ms
[2026-04-03T02:49:04.826+0600][62.375s][info][gc,marking     ] GC(267) Concurrent Cleanup for Next Mark
[2026-04-03T02:49:04.827+0600][62.376s][info][gc,marking     ] GC(267) Concurrent Cleanup for Next Mark 0.832ms
[2026-04-03T02:49:04.827+0600][62.376s][info][gc             ] GC(267) Concurrent Mark Cycle 110.025ms
[2026-04-03T02:49:05.189+0600][62.739s][info][gc,start       ] GC(268) Pause Young (Prepare Mixed) (G1 Evacuation Pause)
[2026-04-03T02:49:05.189+0600][62.739s][info][gc,task        ] GC(268) Using 10 workers of 10 for evacuation
[2026-04-03T02:49:05.195+0600][62.745s][info][gc,phases      ] GC(268)   Pre Evacuate Collection Set: 0.41ms
[2026-04-03T02:49:05.195+0600][62.745s][info][gc,phases      ] GC(268)   Merge Heap Roots: 0.23ms
[2026-04-03T02:49:05.195+0600][62.745s][info][gc,phases      ] GC(268)   Evacuate Collection Set: 4.10ms
[2026-04-03T02:49:05.195+0600][62.745s][info][gc,phases      ] GC(268)   Post Evacuate Collection Set: 0.63ms
[2026-04-03T02:49:05.195+0600][62.745s][info][gc,phases      ] GC(268)   Other: 0.11ms
[2026-04-03T02:49:05.195+0600][62.745s][info][gc,heap        ] GC(268) Eden regions: 241->0(261)
[2026-04-03T02:49:05.195+0600][62.745s][info][gc,heap        ] GC(268) Survivor regions: 5->7(33)
[2026-04-03T02:49:05.195+0600][62.745s][info][gc,heap        ] GC(268) Old regions: 86->87
[2026-04-03T02:49:05.195+0600][62.745s][info][gc,heap        ] GC(268) Humongous regions: 107->8
[2026-04-03T02:49:05.195+0600][62.745s][info][gc,metaspace   ] GC(268) Metaspace: 131836K(133312K)->131836K(133312K) NonClass: 115226K(115968K)->115226K(115968K) Class: 16610K(17344K)->16610K(17344K)
[2026-04-03T02:49:05.195+0600][62.745s][info][gc             ] GC(268) Pause Young (Prepare Mixed) (G1 Evacuation Pause) 436M->99M(447M) 5.826ms
[2026-04-03T02:49:05.195+0600][62.745s][info][gc,cpu         ] GC(268) User=0.02s Sys=0.02s Real=0.01s
[2026-04-03T02:49:05.420+0600][62.970s][info][gc,start       ] GC(269) Pause Young (Mixed) (G1 Evacuation Pause)
[2026-04-03T02:49:05.420+0600][62.970s][info][gc,task        ] GC(269) Using 10 workers of 10 for evacuation
[2026-04-03T02:49:05.426+0600][62.975s][info][gc,phases      ] GC(269)   Pre Evacuate Collection Set: 0.37ms
[2026-04-03T02:49:05.426+0600][62.976s][info][gc,phases      ] GC(269)   Merge Heap Roots: 0.25ms
[2026-04-03T02:49:05.426+0600][62.976s][info][gc,phases      ] GC(269)   Evacuate Collection Set: 4.19ms
[2026-04-03T02:49:05.426+0600][62.976s][info][gc,phases      ] GC(269)   Post Evacuate Collection Set: 0.67ms
[2026-04-03T02:49:05.426+0600][62.976s][info][gc,phases      ] GC(269)   Other: 0.12ms
[2026-04-03T02:49:05.426+0600][62.976s][info][gc,heap        ] GC(269) Eden regions: 198->0(269)
[2026-04-03T02:49:05.426+0600][62.976s][info][gc,heap        ] GC(269) Survivor regions: 7->8(34)
[2026-04-03T02:49:05.426+0600][62.976s][info][gc,heap        ] GC(269) Old regions: 87->86
[2026-04-03T02:49:05.426+0600][62.976s][info][gc,heap        ] GC(269) Humongous regions: 163->14
[2026-04-03T02:49:05.426+0600][62.976s][info][gc,metaspace   ] GC(269) Metaspace: 131836K(133312K)->131836K(133312K) NonClass: 115226K(115968K)->115226K(115968K) Class: 16610K(17344K)->16610K(17344K)
[2026-04-03T02:49:05.426+0600][62.976s][info][gc             ] GC(269) Pause Young (Mixed) (G1 Evacuation Pause) 452M->106M(463M) 5.925ms
[2026-04-03T02:49:05.426+0600][62.976s][info][gc,cpu         ] GC(269) User=0.03s Sys=0.01s Real=0.00s
[2026-04-03T02:49:05.431+0600][62.980s][info][gc,start       ] GC(270) Pause Young (Concurrent Start) (G1 Humongous Allocation)
[2026-04-03T02:49:05.431+0600][62.980s][info][gc,task        ] GC(270) Using 10 workers of 10 for evacuation
[2026-04-03T02:49:05.434+0600][62.984s][info][gc,phases      ] GC(270)   Pre Evacuate Collection Set: 0.41ms
[2026-04-03T02:49:05.434+0600][62.984s][info][gc,phases      ] GC(270)   Merge Heap Roots: 0.13ms
[2026-04-03T02:49:05.434+0600][62.984s][info][gc,phases      ] GC(270)   Evacuate Collection Set: 2.30ms
[2026-04-03T02:49:05.434+0600][62.984s][info][gc,phases      ] GC(270)   Post Evacuate Collection Set: 0.60ms
[2026-04-03T02:49:05.434+0600][62.984s][info][gc,phases      ] GC(270)   Other: 0.12ms
[2026-04-03T02:49:05.434+0600][62.984s][info][gc,heap        ] GC(270) Eden regions: 7->0(271)
[2026-04-03T02:49:05.434+0600][62.984s][info][gc,heap        ] GC(270) Survivor regions: 8->6(35)
[2026-04-03T02:49:05.434+0600][62.984s][info][gc,heap        ] GC(270) Old regions: 86->86
[2026-04-03T02:49:05.434+0600][62.984s][info][gc,heap        ] GC(270) Humongous regions: 14->8
[2026-04-03T02:49:05.434+0600][62.984s][info][gc,metaspace   ] GC(270) Metaspace: 131836K(133312K)->131836K(133312K) NonClass: 115226K(115968K)->115226K(115968K) Class: 16610K(17344K)->16610K(17344K)
[2026-04-03T02:49:05.434+0600][62.984s][info][gc             ] GC(270) Pause Young (Concurrent Start) (G1 Humongous Allocation) 112M->98M(463M) 3.848ms
[2026-04-03T02:49:05.434+0600][62.984s][info][gc             ] GC(271) Concurrent Mark Cycle
[2026-04-03T02:49:05.435+0600][62.984s][info][gc,marking     ] GC(271) Concurrent Scan Root Regions
[2026-04-03T02:49:05.435+0600][62.984s][info][gc,cpu         ] GC(270) User=0.02s Sys=0.00s Real=0.00s
[2026-04-03T02:49:05.437+0600][62.986s][info][gc,marking     ] GC(271) Concurrent Scan Root Regions 2.182ms
[2026-04-03T02:49:05.437+0600][62.986s][info][gc,marking     ] GC(271) Concurrent Mark
[2026-04-03T02:49:05.437+0600][62.986s][info][gc,marking     ] GC(271) Concurrent Mark From Roots
[2026-04-03T02:49:05.437+0600][62.986s][info][gc,task        ] GC(271) Using 3 workers of 3 for marking
[2026-04-03T02:49:05.523+0600][63.073s][info][gc,marking     ] GC(271) Concurrent Mark From Roots 86.323ms
[2026-04-03T02:49:05.523+0600][63.073s][info][gc,marking     ] GC(271) Concurrent Preclean
[2026-04-03T02:49:05.524+0600][63.073s][info][gc,marking     ] GC(271) Concurrent Preclean 0.538ms
[2026-04-03T02:49:05.524+0600][63.074s][info][gc,start       ] GC(271) Pause Remark
[2026-04-03T02:49:05.534+0600][63.083s][info][gc             ] GC(271) Pause Remark 201M->201M(463M) 9.483ms
[2026-04-03T02:49:05.534+0600][63.083s][info][gc,cpu         ] GC(271) User=0.08s Sys=0.00s Real=0.01s
[2026-04-03T02:49:05.534+0600][63.084s][info][gc,marking     ] GC(271) Concurrent Mark 97.095ms
[2026-04-03T02:49:05.534+0600][63.084s][info][gc,marking     ] GC(271) Concurrent Rebuild Remembered Sets and Scrub Regions
[2026-04-03T02:49:05.564+0600][63.114s][info][gc,marking     ] GC(271) Concurrent Rebuild Remembered Sets and Scrub Regions 29.952ms
[2026-04-03T02:49:05.564+0600][63.114s][info][gc,start       ] GC(271) Pause Cleanup
[2026-04-03T02:49:05.565+0600][63.114s][info][gc             ] GC(271) Pause Cleanup 222M->222M(463M) 0.379ms
[2026-04-03T02:49:05.565+0600][63.114s][info][gc,cpu         ] GC(271) User=0.00s Sys=0.00s Real=0.00s
[2026-04-03T02:49:05.565+0600][63.115s][info][gc,marking     ] GC(271) Concurrent Clear Claimed Marks
[2026-04-03T02:49:05.565+0600][63.115s][info][gc,marking     ] GC(271) Concurrent Clear Claimed Marks 0.358ms
[2026-04-03T02:49:05.565+0600][63.115s][info][gc,marking     ] GC(271) Concurrent Cleanup for Next Mark
[2026-04-03T02:49:05.567+0600][63.117s][info][gc,marking     ] GC(271) Concurrent Cleanup for Next Mark 2.163ms
[2026-04-03T02:49:05.567+0600][63.117s][info][gc             ] GC(271) Concurrent Mark Cycle 133.044ms
[2026-04-03T02:49:05.727+0600][63.277s][info][gc,start       ] GC(272) Pause Young (Prepare Mixed) (G1 Evacuation Pause)
[2026-04-03T02:49:05.727+0600][63.277s][info][gc,task        ] GC(272) Using 10 workers of 10 for evacuation
[2026-04-03T02:49:05.733+0600][63.283s][info][gc,phases      ] GC(272)   Pre Evacuate Collection Set: 0.37ms
[2026-04-03T02:49:05.733+0600][63.283s][info][gc,phases      ] GC(272)   Merge Heap Roots: 0.34ms
[2026-04-03T02:49:05.733+0600][63.283s][info][gc,phases      ] GC(272)   Evacuate Collection Set: 4.33ms
[2026-04-03T02:49:05.733+0600][63.283s][info][gc,phases      ] GC(272)   Post Evacuate Collection Set: 0.88ms
[2026-04-03T02:49:05.733+0600][63.283s][info][gc,phases      ] GC(272)   Other: 0.12ms
[2026-04-03T02:49:05.733+0600][63.283s][info][gc,heap        ] GC(272) Eden regions: 208->0(277)
[2026-04-03T02:49:05.733+0600][63.283s][info][gc,heap        ] GC(272) Survivor regions: 6->8(35)
[2026-04-03T02:49:05.733+0600][63.283s][info][gc,heap        ] GC(272) Old regions: 86->86
[2026-04-03T02:49:05.733+0600][63.283s][info][gc,heap        ] GC(272) Humongous regions: 168->8
[2026-04-03T02:49:05.733+0600][63.283s][info][gc,metaspace   ] GC(272) Metaspace: 131836K(133312K)->131836K(133312K) NonClass: 115226K(115968K)->115226K(115968K) Class: 16610K(17344K)->16610K(17344K)
[2026-04-03T02:49:05.733+0600][63.283s][info][gc             ] GC(272) Pause Young (Prepare Mixed) (G1 Evacuation Pause) 466M->100M(476M) 6.307ms
[2026-04-03T02:49:05.734+0600][63.283s][info][gc,cpu         ] GC(272) User=0.03s Sys=0.01s Real=0.01s
[2026-04-03T02:49:06.067+0600][63.617s][info][gc,start       ] GC(273) Pause Young (Mixed) (G1 Evacuation Pause)
[2026-04-03T02:49:06.067+0600][63.617s][info][gc,task        ] GC(273) Using 10 workers of 10 for evacuation
[2026-04-03T02:49:06.075+0600][63.625s][info][gc,phases      ] GC(273)   Pre Evacuate Collection Set: 0.59ms
[2026-04-03T02:49:06.075+0600][63.625s][info][gc,phases      ] GC(273)   Merge Heap Roots: 0.26ms
[2026-04-03T02:49:06.075+0600][63.625s][info][gc,phases      ] GC(273)   Evacuate Collection Set: 5.96ms
[2026-04-03T02:49:06.075+0600][63.625s][info][gc,phases      ] GC(273)   Post Evacuate Collection Set: 0.76ms
[2026-04-03T02:49:06.075+0600][63.625s][info][gc,phases      ] GC(273)   Other: 0.15ms
[2026-04-03T02:49:06.075+0600][63.625s][info][gc,heap        ] GC(273) Eden regions: 249->0(282)
[2026-04-03T02:49:06.075+0600][63.625s][info][gc,heap        ] GC(273) Survivor regions: 8->9(36)
[2026-04-03T02:49:06.075+0600][63.625s][info][gc,heap        ] GC(273) Old regions: 86->85
[2026-04-03T02:49:06.075+0600][63.625s][info][gc,heap        ] GC(273) Humongous regions: 133->8
[2026-04-03T02:49:06.075+0600][63.625s][info][gc,metaspace   ] GC(273) Metaspace: 131845K(133312K)->131845K(133312K) NonClass: 115234K(115968K)->115234K(115968K) Class: 16611K(17344K)->16611K(17344K)
[2026-04-03T02:49:06.075+0600][63.625s][info][gc             ] GC(273) Pause Young (Mixed) (G1 Evacuation Pause) 474M->101M(486M) 8.028ms
[2026-04-03T02:49:06.075+0600][63.625s][info][gc,cpu         ] GC(273) User=0.04s Sys=0.02s Real=0.01s
[2026-04-03T02:49:06.100+0600][63.649s][info][gc,start       ] GC(274) Pause Young (Concurrent Start) (G1 Humongous Allocation)
[2026-04-03T02:49:06.100+0600][63.649s][info][gc,task        ] GC(274) Using 10 workers of 10 for evacuation
[2026-04-03T02:49:06.104+0600][63.654s][info][gc,phases      ] GC(274)   Pre Evacuate Collection Set: 0.47ms
[2026-04-03T02:49:06.104+0600][63.654s][info][gc,phases      ] GC(274)   Merge Heap Roots: 0.18ms
[2026-04-03T02:49:06.104+0600][63.654s][info][gc,phases      ] GC(274)   Evacuate Collection Set: 3.10ms
[2026-04-03T02:49:06.104+0600][63.654s][info][gc,phases      ] GC(274)   Post Evacuate Collection Set: 0.62ms
[2026-04-03T02:49:06.104+0600][63.654s][info][gc,phases      ] GC(274)   Other: 0.18ms
[2026-04-03T02:49:06.104+0600][63.654s][info][gc,heap        ] GC(274) Eden regions: 34->0(281)
[2026-04-03T02:49:06.104+0600][63.654s][info][gc,heap        ] GC(274) Survivor regions: 9->10(37)
[2026-04-03T02:49:06.104+0600][63.654s][info][gc,heap        ] GC(274) Old regions: 85->85
[2026-04-03T02:49:06.104+0600][63.654s][info][gc,heap        ] GC(274) Humongous regions: 8->8
[2026-04-03T02:49:06.104+0600][63.654s][info][gc,metaspace   ] GC(274) Metaspace: 131845K(133312K)->131845K(133312K) NonClass: 115234K(115968K)->115234K(115968K) Class: 16611K(17344K)->16611K(17344K)
[2026-04-03T02:49:06.104+0600][63.654s][info][gc             ] GC(274) Pause Young (Concurrent Start) (G1 Humongous Allocation) 135M->102M(486M) 4.846ms
[2026-04-03T02:49:06.104+0600][63.654s][info][gc             ] GC(275) Concurrent Mark Cycle
[2026-04-03T02:49:06.105+0600][63.654s][info][gc,cpu         ] GC(274) User=0.04s Sys=0.00s Real=0.01s
[2026-04-03T02:49:06.105+0600][63.654s][info][gc,marking     ] GC(275) Concurrent Scan Root Regions
[2026-04-03T02:49:06.108+0600][63.658s][info][gc,marking     ] GC(275) Concurrent Scan Root Regions 3.881ms
[2026-04-03T02:49:06.109+0600][63.658s][info][gc,marking     ] GC(275) Concurrent Mark
[2026-04-03T02:49:06.109+0600][63.658s][info][gc,marking     ] GC(275) Concurrent Mark From Roots
[2026-04-03T02:49:06.109+0600][63.658s][info][gc,task        ] GC(275) Using 3 workers of 3 for marking
[2026-04-03T02:49:06.193+0600][63.742s][info][gc,marking     ] GC(275) Concurrent Mark From Roots 84.078ms
[2026-04-03T02:49:06.193+0600][63.742s][info][gc,marking     ] GC(275) Concurrent Preclean
[2026-04-03T02:49:06.193+0600][63.743s][info][gc,marking     ] GC(275) Concurrent Preclean 0.450ms
[2026-04-03T02:49:06.194+0600][63.743s][info][gc,start       ] GC(275) Pause Remark
[2026-04-03T02:49:06.203+0600][63.753s][info][gc             ] GC(275) Pause Remark 212M->212M(420M) 9.235ms
[2026-04-03T02:49:06.203+0600][63.753s][info][gc,cpu         ] GC(275) User=0.06s Sys=0.00s Real=0.01s
[2026-04-03T02:49:06.203+0600][63.753s][info][gc,marking     ] GC(275) Concurrent Mark 94.684ms
[2026-04-03T02:49:06.203+0600][63.753s][info][gc,marking     ] GC(275) Concurrent Rebuild Remembered Sets and Scrub Regions
[2026-04-03T02:49:06.234+0600][63.784s][info][gc,marking     ] GC(275) Concurrent Rebuild Remembered Sets and Scrub Regions 30.697ms
[2026-04-03T02:49:06.234+0600][63.784s][info][gc,start       ] GC(275) Pause Cleanup
[2026-04-03T02:49:06.235+0600][63.784s][info][gc             ] GC(275) Pause Cleanup 254M->254M(420M) 0.392ms
[2026-04-03T02:49:06.235+0600][63.785s][info][gc,cpu         ] GC(275) User=0.00s Sys=0.00s Real=0.00s
[2026-04-03T02:49:06.235+0600][63.785s][info][gc,marking     ] GC(275) Concurrent Clear Claimed Marks
[2026-04-03T02:49:06.236+0600][63.785s][info][gc,marking     ] GC(275) Concurrent Clear Claimed Marks 0.385ms
[2026-04-03T02:49:06.236+0600][63.785s][info][gc,marking     ] GC(275) Concurrent Cleanup for Next Mark
[2026-04-03T02:49:06.236+0600][63.786s][info][gc,marking     ] GC(275) Concurrent Cleanup for Next Mark 0.650ms
[2026-04-03T02:49:06.236+0600][63.786s][info][gc             ] GC(275) Concurrent Mark Cycle 131.799ms
[2026-04-03T02:49:06.349+0600][63.899s][info][gc,start       ] GC(276) Pause Young (Prepare Mixed) (G1 Evacuation Pause)
[2026-04-03T02:49:06.350+0600][63.899s][info][gc,task        ] GC(276) Using 10 workers of 10 for evacuation
[2026-04-03T02:49:06.355+0600][63.904s][info][gc,phases      ] GC(276)   Pre Evacuate Collection Set: 0.38ms
[2026-04-03T02:49:06.355+0600][63.904s][info][gc,phases      ] GC(276)   Merge Heap Roots: 0.19ms
[2026-04-03T02:49:06.355+0600][63.904s][info][gc,phases      ] GC(276)   Evacuate Collection Set: 3.44ms
[2026-04-03T02:49:06.355+0600][63.904s][info][gc,phases      ] GC(276)   Post Evacuate Collection Set: 0.78ms
[2026-04-03T02:49:06.355+0600][63.904s][info][gc,phases      ] GC(276)   Other: 0.11ms
[2026-04-03T02:49:06.355+0600][63.904s][info][gc,heap        ] GC(276) Eden regions: 168->0(306)
[2026-04-03T02:49:06.355+0600][63.904s][info][gc,heap        ] GC(276) Survivor regions: 10->9(32)
[2026-04-03T02:49:06.355+0600][63.904s][info][gc,heap        ] GC(276) Old regions: 85->86
[2026-04-03T02:49:06.355+0600][63.904s][info][gc,heap        ] GC(276) Humongous regions: 252->23
[2026-04-03T02:49:06.355+0600][63.904s][info][gc,metaspace   ] GC(276) Metaspace: 131847K(133312K)->131847K(133312K) NonClass: 115236K(115968K)->115236K(115968K) Class: 16611K(17344K)->16611K(17344K)
[2026-04-03T02:49:06.355+0600][63.904s][info][gc             ] GC(276) Pause Young (Prepare Mixed) (G1 Evacuation Pause) 514M->116M(525M) 5.246ms
[2026-04-03T02:49:06.355+0600][63.905s][info][gc,cpu         ] GC(276) User=0.03s Sys=0.00s Real=0.01s
[2026-04-03T02:49:06.464+0600][64.014s][info][gc,start       ] GC(277) Pause Young (Mixed) (G1 Evacuation Pause)
[2026-04-03T02:49:06.464+0600][64.014s][info][gc,task        ] GC(277) Using 10 workers of 10 for evacuation
[2026-04-03T02:49:06.469+0600][64.018s][info][gc,phases      ] GC(277)   Pre Evacuate Collection Set: 0.42ms
[2026-04-03T02:49:06.469+0600][64.018s][info][gc,phases      ] GC(277)   Merge Heap Roots: 0.22ms
[2026-04-03T02:49:06.469+0600][64.018s][info][gc,phases      ] GC(277)   Evacuate Collection Set: 2.45ms
[2026-04-03T02:49:06.469+0600][64.018s][info][gc,phases      ] GC(277)   Post Evacuate Collection Set: 1.02ms
[2026-04-03T02:49:06.469+0600][64.018s][info][gc,phases      ] GC(277)   Other: 0.09ms
[2026-04-03T02:49:06.469+0600][64.019s][info][gc,heap        ] GC(277) Eden regions: 71->0(410)
[2026-04-03T02:49:06.469+0600][64.019s][info][gc,heap        ] GC(277) Survivor regions: 9->5(40)
[2026-04-03T02:49:06.469+0600][64.019s][info][gc,heap        ] GC(277) Old regions: 86->85
[2026-04-03T02:49:06.469+0600][64.019s][info][gc,heap        ] GC(277) Humongous regions: 521->8
[2026-04-03T02:49:06.469+0600][64.019s][info][gc,metaspace   ] GC(277) Metaspace: 131851K(133312K)->131851K(133312K) NonClass: 115240K(115968K)->115240K(115968K) Class: 16611K(17344K)->16611K(17344K)
[2026-04-03T02:49:06.469+0600][64.019s][info][gc             ] GC(277) Pause Young (Mixed) (G1 Evacuation Pause) 685M->97M(692M) 4.484ms
[2026-04-03T02:49:06.469+0600][64.019s][info][gc,cpu         ] GC(277) User=0.02s Sys=0.00s Real=0.00s
[2026-04-03T02:49:06.589+0600][64.139s][info][gc,start       ] GC(278) Pause Young (Concurrent Start) (G1 Humongous Allocation)
[2026-04-03T02:49:06.589+0600][64.139s][info][gc,task        ] GC(278) Using 10 workers of 10 for evacuation
[2026-04-03T02:49:06.593+0600][64.142s][info][gc,phases      ] GC(278)   Pre Evacuate Collection Set: 0.56ms
[2026-04-03T02:49:06.593+0600][64.143s][info][gc,phases      ] GC(278)   Merge Heap Roots: 0.22ms
[2026-04-03T02:49:06.593+0600][64.143s][info][gc,phases      ] GC(278)   Evacuate Collection Set: 1.68ms
[2026-04-03T02:49:06.593+0600][64.143s][info][gc,phases      ] GC(278)   Post Evacuate Collection Set: 0.65ms
[2026-04-03T02:49:06.593+0600][64.143s][info][gc,phases      ] GC(278)   Other: 0.30ms
[2026-04-03T02:49:06.593+0600][64.143s][info][gc,heap        ] GC(278) Eden regions: 87->0(410)
[2026-04-03T02:49:06.593+0600][64.143s][info][gc,heap        ] GC(278) Survivor regions: 5->5(52)
[2026-04-03T02:49:06.593+0600][64.143s][info][gc,heap        ] GC(278) Old regions: 85->86
[2026-04-03T02:49:06.593+0600][64.143s][info][gc,heap        ] GC(278) Humongous regions: 85->8
[2026-04-03T02:49:06.593+0600][64.143s][info][gc,metaspace   ] GC(278) Metaspace: 131854K(133312K)->131854K(133312K) NonClass: 115243K(115968K)->115243K(115968K) Class: 16611K(17344K)->16611K(17344K)
[2026-04-03T02:49:06.593+0600][64.143s][info][gc             ] GC(278) Pause Young (Concurrent Start) (G1 Humongous Allocation) 260M->97M(692M) 3.705ms
[2026-04-03T02:49:06.593+0600][64.143s][info][gc             ] GC(279) Concurrent Undo Cycle
[2026-04-03T02:49:06.593+0600][64.143s][info][gc,cpu         ] GC(278) User=0.02s Sys=0.00s Real=0.01s
[2026-04-03T02:49:06.593+0600][64.143s][info][gc,marking     ] GC(279) Concurrent Clear Claimed Marks
[2026-04-03T02:49:06.593+0600][64.143s][info][gc,marking     ] GC(279) Concurrent Clear Claimed Marks 0.251ms
[2026-04-03T02:49:06.593+0600][64.143s][info][gc,marking     ] GC(279) Concurrent Cleanup for Next Mark
[2026-04-03T02:49:06.594+0600][64.143s][info][gc,marking     ] GC(279) Concurrent Cleanup for Next Mark 0.318ms
[2026-04-03T02:49:06.594+0600][64.143s][info][gc             ] GC(279) Concurrent Undo Cycle 0.700ms
[2026-04-03T02:49:06.621+0600][64.170s][info][gc,start       ] GC(280) Pause Young (Concurrent Start) (G1 Humongous Allocation)
[2026-04-03T02:49:06.621+0600][64.171s][info][gc,task        ] GC(280) Using 10 workers of 10 for evacuation
[2026-04-03T02:49:06.625+0600][64.175s][info][gc,phases      ] GC(280)   Pre Evacuate Collection Set: 0.45ms
[2026-04-03T02:49:06.625+0600][64.175s][info][gc,phases      ] GC(280)   Merge Heap Roots: 0.14ms
[2026-04-03T02:49:06.625+0600][64.175s][info][gc,phases      ] GC(280)   Evacuate Collection Set: 2.82ms
[2026-04-03T02:49:06.625+0600][64.175s][info][gc,phases      ] GC(280)   Post Evacuate Collection Set: 0.56ms
[2026-04-03T02:49:06.625+0600][64.175s][info][gc,phases      ] GC(280)   Other: 0.13ms
[2026-04-03T02:49:06.625+0600][64.175s][info][gc,heap        ] GC(280) Eden regions: 11->0(410)
[2026-04-03T02:49:06.625+0600][64.175s][info][gc,heap        ] GC(280) Survivor regions: 5->5(52)
[2026-04-03T02:49:06.625+0600][64.175s][info][gc,heap        ] GC(280) Old regions: 86->86
[2026-04-03T02:49:06.625+0600][64.175s][info][gc,heap        ] GC(280) Humongous regions: 13->8
[2026-04-03T02:49:06.625+0600][64.175s][info][gc,metaspace   ] GC(280) Metaspace: 131862K(133312K)->131862K(133312K) NonClass: 115251K(115968K)->115251K(115968K) Class: 16611K(17344K)->16611K(17344K)
[2026-04-03T02:49:06.625+0600][64.175s][info][gc             ] GC(280) Pause Young (Concurrent Start) (G1 Humongous Allocation) 113M->98M(692M) 4.403ms
[2026-04-03T02:49:06.625+0600][64.175s][info][gc             ] GC(281) Concurrent Mark Cycle
[2026-04-03T02:49:06.625+0600][64.175s][info][gc,marking     ] GC(281) Concurrent Scan Root Regions
[2026-04-03T02:49:06.625+0600][64.175s][info][gc,cpu         ] GC(280) User=0.03s Sys=0.00s Real=0.00s
[2026-04-03T02:49:06.628+0600][64.177s][info][gc,marking     ] GC(281) Concurrent Scan Root Regions 2.288ms
[2026-04-03T02:49:06.628+0600][64.177s][info][gc,marking     ] GC(281) Concurrent Mark
[2026-04-03T02:49:06.628+0600][64.177s][info][gc,marking     ] GC(281) Concurrent Mark From Roots
[2026-04-03T02:49:06.628+0600][64.177s][info][gc,task        ] GC(281) Using 3 workers of 3 for marking
[2026-04-03T02:49:06.691+0600][64.240s][info][gc,marking     ] GC(281) Concurrent Mark From Roots 63.040ms
[2026-04-03T02:49:06.691+0600][64.241s][info][gc,marking     ] GC(281) Concurrent Preclean
[2026-04-03T02:49:06.691+0600][64.241s][info][gc,marking     ] GC(281) Concurrent Preclean 0.278ms
[2026-04-03T02:49:06.692+0600][64.241s][info][gc,start       ] GC(281) Pause Remark
[2026-04-03T02:49:06.699+0600][64.249s][info][gc             ] GC(281) Pause Remark 138M->138M(400M) 7.403ms
[2026-04-03T02:49:06.699+0600][64.249s][info][gc,cpu         ] GC(281) User=0.05s Sys=0.00s Real=0.00s
[2026-04-03T02:49:06.699+0600][64.249s][info][gc,marking     ] GC(281) Concurrent Mark 71.751ms
[2026-04-03T02:49:06.699+0600][64.249s][info][gc,marking     ] GC(281) Concurrent Rebuild Remembered Sets and Scrub Regions
[2026-04-03T02:49:06.723+0600][64.273s][info][gc,marking     ] GC(281) Concurrent Rebuild Remembered Sets and Scrub Regions 23.854ms
[2026-04-03T02:49:06.724+0600][64.273s][info][gc,start       ] GC(281) Pause Cleanup
[2026-04-03T02:49:06.724+0600][64.274s][info][gc             ] GC(281) Pause Cleanup 147M->147M(400M) 0.284ms
[2026-04-03T02:49:06.724+0600][64.274s][info][gc,cpu         ] GC(281) User=0.00s Sys=0.00s Real=0.00s
[2026-04-03T02:49:06.724+0600][64.274s][info][gc,marking     ] GC(281) Concurrent Clear Claimed Marks
[2026-04-03T02:49:06.724+0600][64.274s][info][gc,marking     ] GC(281) Concurrent Clear Claimed Marks 0.305ms
[2026-04-03T02:49:06.724+0600][64.274s][info][gc,marking     ] GC(281) Concurrent Cleanup for Next Mark
[2026-04-03T02:49:06.725+0600][64.275s][info][gc,marking     ] GC(281) Concurrent Cleanup for Next Mark 0.840ms
[2026-04-03T02:49:06.725+0600][64.275s][info][gc             ] GC(281) Concurrent Mark Cycle 100.171ms
[2026-04-03T02:49:07.051+0600][64.600s][info][gc,start       ] GC(282) Pause Young (Prepare Mixed) (G1 Evacuation Pause)
[2026-04-03T02:49:07.051+0600][64.600s][info][gc,task        ] GC(282) Using 9 workers of 10 for evacuation
[2026-04-03T02:49:07.055+0600][64.605s][info][gc,phases      ] GC(282)   Pre Evacuate Collection Set: 0.24ms
[2026-04-03T02:49:07.055+0600][64.605s][info][gc,phases      ] GC(282)   Merge Heap Roots: 0.17ms
[2026-04-03T02:49:07.055+0600][64.605s][info][gc,phases      ] GC(282)   Evacuate Collection Set: 3.10ms
[2026-04-03T02:49:07.055+0600][64.605s][info][gc,phases      ] GC(282)   Post Evacuate Collection Set: 0.58ms
[2026-04-03T02:49:07.055+0600][64.605s][info][gc,phases      ] GC(282)   Other: 0.09ms
[2026-04-03T02:49:07.055+0600][64.605s][info][gc,heap        ] GC(282) Eden regions: 227->0(247)
[2026-04-03T02:49:07.055+0600][64.605s][info][gc,heap        ] GC(282) Survivor regions: 5->6(31)
[2026-04-03T02:49:07.055+0600][64.605s][info][gc,heap        ] GC(282) Old regions: 86->87
[2026-04-03T02:49:07.055+0600][64.605s][info][gc,heap        ] GC(282) Humongous regions: 97->8
[2026-04-03T02:49:07.055+0600][64.605s][info][gc,metaspace   ] GC(282) Metaspace: 131862K(133312K)->131862K(133312K) NonClass: 115251K(115968K)->115251K(115968K) Class: 16611K(17344K)->16611K(17344K)
[2026-04-03T02:49:07.055+0600][64.605s][info][gc             ] GC(282) Pause Young (Prepare Mixed) (G1 Evacuation Pause) 414M->98M(422M) 4.459ms
[2026-04-03T02:49:07.055+0600][64.605s][info][gc,cpu         ] GC(282) User=0.02s Sys=0.01s Real=0.00s
[2026-04-03T02:49:07.275+0600][64.825s][info][gc,start       ] GC(283) Pause Young (Mixed) (G1 Evacuation Pause)
[2026-04-03T02:49:07.275+0600][64.825s][info][gc,task        ] GC(283) Using 10 workers of 10 for evacuation
[2026-04-03T02:49:07.280+0600][64.829s][info][gc,phases      ] GC(283)   Pre Evacuate Collection Set: 0.22ms
[2026-04-03T02:49:07.280+0600][64.829s][info][gc,phases      ] GC(283)   Merge Heap Roots: 0.14ms
[2026-04-03T02:49:07.280+0600][64.829s][info][gc,phases      ] GC(283)   Evacuate Collection Set: 3.60ms
[2026-04-03T02:49:07.280+0600][64.830s][info][gc,phases      ] GC(283)   Post Evacuate Collection Set: 0.52ms
[2026-04-03T02:49:07.280+0600][64.830s][info][gc,phases      ] GC(283)   Other: 0.10ms
[2026-04-03T02:49:07.280+0600][64.830s][info][gc,heap        ] GC(283) Eden regions: 189->0(260)
[2026-04-03T02:49:07.280+0600][64.830s][info][gc,heap        ] GC(283) Survivor regions: 6->7(32)
[2026-04-03T02:49:07.280+0600][64.830s][info][gc,heap        ] GC(283) Old regions: 87->86
[2026-04-03T02:49:07.280+0600][64.830s][info][gc,heap        ] GC(283) Humongous regions: 155->8
[2026-04-03T02:49:07.280+0600][64.830s][info][gc,metaspace   ] GC(283) Metaspace: 131864K(133312K)->131864K(133312K) NonClass: 115253K(115968K)->115253K(115968K) Class: 16611K(17344K)->16611K(17344K)
[2026-04-03T02:49:07.280+0600][64.830s][info][gc             ] GC(283) Pause Young (Mixed) (G1 Evacuation Pause) 434M->99M(445M) 4.854ms
[2026-04-03T02:49:07.280+0600][64.830s][info][gc,cpu         ] GC(283) User=0.03s Sys=0.01s Real=0.01s
[2026-04-03T02:49:07.297+0600][64.847s][info][gc,start       ] GC(284) Pause Young (Concurrent Start) (G1 Humongous Allocation)
[2026-04-03T02:49:07.297+0600][64.847s][info][gc,task        ] GC(284) Using 10 workers of 10 for evacuation
[2026-04-03T02:49:07.301+0600][64.851s][info][gc,phases      ] GC(284)   Pre Evacuate Collection Set: 0.39ms
[2026-04-03T02:49:07.301+0600][64.851s][info][gc,phases      ] GC(284)   Merge Heap Roots: 0.18ms
[2026-04-03T02:49:07.301+0600][64.851s][info][gc,phases      ] GC(284)   Evacuate Collection Set: 2.80ms
[2026-04-03T02:49:07.301+0600][64.851s][info][gc,phases      ] GC(284)   Post Evacuate Collection Set: 0.63ms
[2026-04-03T02:49:07.301+0600][64.851s][info][gc,phases      ] GC(284)   Other: 0.13ms
[2026-04-03T02:49:07.301+0600][64.851s][info][gc,heap        ] GC(284) Eden regions: 17->0(260)
[2026-04-03T02:49:07.301+0600][64.851s][info][gc,heap        ] GC(284) Survivor regions: 7->7(34)
[2026-04-03T02:49:07.301+0600][64.851s][info][gc,heap        ] GC(284) Old regions: 86->86
[2026-04-03T02:49:07.301+0600][64.851s][info][gc,heap        ] GC(284) Humongous regions: 8->8
[2026-04-03T02:49:07.301+0600][64.851s][info][gc,metaspace   ] GC(284) Metaspace: 131864K(133312K)->131864K(133312K) NonClass: 115253K(115968K)->115253K(115968K) Class: 16611K(17344K)->16611K(17344K)
[2026-04-03T02:49:07.302+0600][64.851s][info][gc             ] GC(284) Pause Young (Concurrent Start) (G1 Humongous Allocation) 116M->99M(445M) 4.433ms
[2026-04-03T02:49:07.302+0600][64.851s][info][gc             ] GC(285) Concurrent Mark Cycle
[2026-04-03T02:49:07.302+0600][64.851s][info][gc,cpu         ] GC(284) User=0.03s Sys=0.00s Real=0.01s
[2026-04-03T02:49:07.302+0600][64.851s][info][gc,marking     ] GC(285) Concurrent Scan Root Regions
[2026-04-03T02:49:07.304+0600][64.854s][info][gc,marking     ] GC(285) Concurrent Scan Root Regions 2.707ms
[2026-04-03T02:49:07.305+0600][64.854s][info][gc,marking     ] GC(285) Concurrent Mark
[2026-04-03T02:49:07.305+0600][64.854s][info][gc,marking     ] GC(285) Concurrent Mark From Roots
[2026-04-03T02:49:07.305+0600][64.854s][info][gc,task        ] GC(285) Using 3 workers of 3 for marking
[2026-04-03T02:49:07.383+0600][64.933s][info][gc,marking     ] GC(285) Concurrent Mark From Roots 78.571ms
[2026-04-03T02:49:07.383+0600][64.933s][info][gc,marking     ] GC(285) Concurrent Preclean
[2026-04-03T02:49:07.384+0600][64.933s][info][gc,marking     ] GC(285) Concurrent Preclean 0.556ms
[2026-04-03T02:49:07.384+0600][64.934s][info][gc,start       ] GC(285) Pause Remark
[2026-04-03T02:49:07.392+0600][64.942s][info][gc             ] GC(285) Pause Remark 187M->187M(445M) 8.174ms
[2026-04-03T02:49:07.392+0600][64.942s][info][gc,cpu         ] GC(285) User=0.07s Sys=0.00s Real=0.01s
[2026-04-03T02:49:07.393+0600][64.942s][info][gc,marking     ] GC(285) Concurrent Mark 88.018ms
[2026-04-03T02:49:07.393+0600][64.942s][info][gc,marking     ] GC(285) Concurrent Rebuild Remembered Sets and Scrub Regions
[2026-04-03T02:49:07.427+0600][64.977s][info][gc,marking     ] GC(285) Concurrent Rebuild Remembered Sets and Scrub Regions 34.273ms
[2026-04-03T02:49:07.427+0600][64.977s][info][gc,start       ] GC(285) Pause Cleanup
[2026-04-03T02:49:07.428+0600][64.977s][info][gc             ] GC(285) Pause Cleanup 224M->224M(445M) 0.276ms
[2026-04-03T02:49:07.428+0600][64.977s][info][gc,cpu         ] GC(285) User=0.00s Sys=0.00s Real=0.00s
[2026-04-03T02:49:07.428+0600][64.977s][info][gc,marking     ] GC(285) Concurrent Clear Claimed Marks
[2026-04-03T02:49:07.428+0600][64.978s][info][gc,marking     ] GC(285) Concurrent Clear Claimed Marks 0.419ms
[2026-04-03T02:49:07.428+0600][64.978s][info][gc,marking     ] GC(285) Concurrent Cleanup for Next Mark
[2026-04-03T02:49:07.429+0600][64.979s][info][gc,marking     ] GC(285) Concurrent Cleanup for Next Mark 0.925ms
[2026-04-03T02:49:07.429+0600][64.979s][info][gc             ] GC(285) Concurrent Mark Cycle 127.529ms
[2026-04-03T02:49:07.584+0600][65.133s][info][gc,start       ] GC(286) Pause Young (Prepare Mixed) (G1 Evacuation Pause)
[2026-04-03T02:49:07.584+0600][65.133s][info][gc,task        ] GC(286) Using 10 workers of 10 for evacuation
[2026-04-03T02:49:07.591+0600][65.141s][info][gc,phases      ] GC(286)   Pre Evacuate Collection Set: 0.35ms
[2026-04-03T02:49:07.591+0600][65.141s][info][gc,phases      ] GC(286)   Merge Heap Roots: 0.30ms
[2026-04-03T02:49:07.591+0600][65.141s][info][gc,phases      ] GC(286)   Evacuate Collection Set: 5.68ms
[2026-04-03T02:49:07.591+0600][65.141s][info][gc,phases      ] GC(286)   Post Evacuate Collection Set: 0.76ms
[2026-04-03T02:49:07.591+0600][65.141s][info][gc,phases      ] GC(286)   Other: 0.13ms
[2026-04-03T02:49:07.591+0600][65.141s][info][gc,heap        ] GC(286) Eden regions: 197->0(263)
[2026-04-03T02:49:07.591+0600][65.141s][info][gc,heap        ] GC(286) Survivor regions: 7->9(34)
[2026-04-03T02:49:07.591+0600][65.141s][info][gc,heap        ] GC(286) Old regions: 86->86
[2026-04-03T02:49:07.591+0600][65.141s][info][gc,heap        ] GC(286) Humongous regions: 155->8
[2026-04-03T02:49:07.591+0600][65.141s][info][gc,metaspace   ] GC(286) Metaspace: 131864K(133312K)->131864K(133312K) NonClass: 115253K(115968K)->115253K(115968K) Class: 16611K(17344K)->16611K(17344K)
[2026-04-03T02:49:07.591+0600][65.141s][info][gc             ] GC(286) Pause Young (Prepare Mixed) (G1 Evacuation Pause) 443M->101M(454M) 7.536ms
[2026-04-03T02:49:07.591+0600][65.141s][info][gc,cpu         ] GC(286) User=0.04s Sys=0.01s Real=0.01s
[2026-04-03T02:49:07.910+0600][65.460s][info][gc,start       ] GC(287) Pause Young (Mixed) (G1 Evacuation Pause)
[2026-04-03T02:49:07.910+0600][65.460s][info][gc,task        ] GC(287) Using 10 workers of 10 for evacuation
[2026-04-03T02:49:07.917+0600][65.467s][info][gc,phases      ] GC(287)   Pre Evacuate Collection Set: 0.42ms
[2026-04-03T02:49:07.917+0600][65.467s][info][gc,phases      ] GC(287)   Merge Heap Roots: 0.23ms
[2026-04-03T02:49:07.917+0600][65.467s][info][gc,phases      ] GC(287)   Evacuate Collection Set: 5.00ms
[2026-04-03T02:49:07.917+0600][65.467s][info][gc,phases      ] GC(287)   Post Evacuate Collection Set: 0.75ms
[2026-04-03T02:49:07.917+0600][65.467s][info][gc,phases      ] GC(287)   Other: 0.12ms
[2026-04-03T02:49:07.917+0600][65.467s][info][gc,heap        ] GC(287) Eden regions: 220->0(268)
[2026-04-03T02:49:07.917+0600][65.467s][info][gc,heap        ] GC(287) Survivor regions: 9->11(34)
[2026-04-03T02:49:07.917+0600][65.467s][info][gc,heap        ] GC(287) Old regions: 86->86
[2026-04-03T02:49:07.917+0600][65.467s][info][gc,heap        ] GC(287) Humongous regions: 139->8
[2026-04-03T02:49:07.917+0600][65.467s][info][gc,metaspace   ] GC(287) Metaspace: 131871K(133312K)->131871K(133312K) NonClass: 115260K(115968K)->115260K(115968K) Class: 16611K(17344K)->16611K(17344K)
[2026-04-03T02:49:07.917+0600][65.467s][info][gc             ] GC(287) Pause Young (Mixed) (G1 Evacuation Pause) 452M->103M(466M) 6.791ms
[2026-04-03T02:49:07.917+0600][65.467s][info][gc,cpu         ] GC(287) User=0.04s Sys=0.01s Real=0.00s
[2026-04-03T02:49:07.918+0600][65.467s][info][gc,start       ] GC(288) Pause Young (Concurrent Start) (G1 Humongous Allocation)
[2026-04-03T02:49:07.918+0600][65.467s][info][gc,task        ] GC(288) Using 10 workers of 10 for evacuation
[2026-04-03T02:49:07.921+0600][65.471s][info][gc,phases      ] GC(288)   Pre Evacuate Collection Set: 0.23ms
[2026-04-03T02:49:07.921+0600][65.471s][info][gc,phases      ] GC(288)   Merge Heap Roots: 0.09ms
[2026-04-03T02:49:07.921+0600][65.471s][info][gc,phases      ] GC(288)   Evacuate Collection Set: 2.68ms
[2026-04-03T02:49:07.921+0600][65.471s][info][gc,phases      ] GC(288)   Post Evacuate Collection Set: 0.52ms
[2026-04-03T02:49:07.921+0600][65.471s][info][gc,phases      ] GC(288)   Other: 0.11ms
[2026-04-03T02:49:07.921+0600][65.471s][info][gc,heap        ] GC(288) Eden regions: 2->0(268)
[2026-04-03T02:49:07.921+0600][65.471s][info][gc,heap        ] GC(288) Survivor regions: 11->11(35)
[2026-04-03T02:49:07.921+0600][65.471s][info][gc,heap        ] GC(288) Old regions: 86->86
[2026-04-03T02:49:07.922+0600][65.471s][info][gc,heap        ] GC(288) Humongous regions: 8->8
[2026-04-03T02:49:07.922+0600][65.471s][info][gc,metaspace   ] GC(288) Metaspace: 131871K(133312K)->131871K(133312K) NonClass: 115260K(115968K)->115260K(115968K) Class: 16611K(17344K)->16611K(17344K)
[2026-04-03T02:49:07.922+0600][65.471s][info][gc             ] GC(288) Pause Young (Concurrent Start) (G1 Humongous Allocation) 105M->104M(466M) 3.906ms
[2026-04-03T02:49:07.922+0600][65.471s][info][gc             ] GC(289) Concurrent Mark Cycle
[2026-04-03T02:49:07.922+0600][65.471s][info][gc,cpu         ] GC(288) User=0.02s Sys=0.01s Real=0.01s
[2026-04-03T02:49:07.922+0600][65.471s][info][gc,marking     ] GC(289) Concurrent Scan Root Regions
[2026-04-03T02:49:07.924+0600][65.474s][info][gc,marking     ] GC(289) Concurrent Scan Root Regions 2.379ms
[2026-04-03T02:49:07.924+0600][65.474s][info][gc,marking     ] GC(289) Concurrent Mark
[2026-04-03T02:49:07.924+0600][65.474s][info][gc,marking     ] GC(289) Concurrent Mark From Roots
[2026-04-03T02:49:07.924+0600][65.474s][info][gc,task        ] GC(289) Using 3 workers of 3 for marking
[2026-04-03T02:49:08.012+0600][65.561s][info][gc,marking     ] GC(289) Concurrent Mark From Roots 87.574ms
[2026-04-03T02:49:08.012+0600][65.561s][info][gc,marking     ] GC(289) Concurrent Preclean
[2026-04-03T02:49:08.012+0600][65.562s][info][gc,marking     ] GC(289) Concurrent Preclean 0.570ms
[2026-04-03T02:49:08.013+0600][65.563s][info][gc,start       ] GC(289) Pause Remark
[2026-04-03T02:49:08.022+0600][65.572s][info][gc             ] GC(289) Pause Remark 190M->190M(400M) 9.128ms
[2026-04-03T02:49:08.022+0600][65.572s][info][gc,cpu         ] GC(289) User=0.07s Sys=0.00s Real=0.01s
[2026-04-03T02:49:08.022+0600][65.572s][info][gc,marking     ] GC(289) Concurrent Mark 98.216ms
[2026-04-03T02:49:08.022+0600][65.572s][info][gc,marking     ] GC(289) Concurrent Rebuild Remembered Sets and Scrub Regions
[2026-04-03T02:49:08.057+0600][65.607s][info][gc,marking     ] GC(289) Concurrent Rebuild Remembered Sets and Scrub Regions 34.959ms
[2026-04-03T02:49:08.058+0600][65.608s][info][gc,start       ] GC(289) Pause Cleanup
[2026-04-03T02:49:08.058+0600][65.608s][info][gc             ] GC(289) Pause Cleanup 244M->244M(400M) 0.368ms
[2026-04-03T02:49:08.058+0600][65.608s][info][gc,cpu         ] GC(289) User=0.00s Sys=0.00s Real=0.00s
[2026-04-03T02:49:08.058+0600][65.608s][info][gc,marking     ] GC(289) Concurrent Clear Claimed Marks
[2026-04-03T02:49:08.059+0600][65.609s][info][gc,marking     ] GC(289) Concurrent Clear Claimed Marks 0.464ms
[2026-04-03T02:49:08.059+0600][65.609s][info][gc,marking     ] GC(289) Concurrent Cleanup for Next Mark
[2026-04-03T02:49:08.060+0600][65.609s][info][gc,marking     ] GC(289) Concurrent Cleanup for Next Mark 0.922ms
[2026-04-03T02:49:08.060+0600][65.610s][info][gc             ] GC(289) Concurrent Mark Cycle 138.332ms
[2026-04-03T02:49:08.204+0600][65.753s][info][gc,start       ] GC(290) Pause Young (Prepare Mixed) (G1 Evacuation Pause)
[2026-04-03T02:49:08.204+0600][65.753s][info][gc,task        ] GC(290) Using 9 workers of 10 for evacuation
[2026-04-03T02:49:08.207+0600][65.757s][info][gc,phases      ] GC(290)   Pre Evacuate Collection Set: 0.24ms
[2026-04-03T02:49:08.207+0600][65.757s][info][gc,phases      ] GC(290)   Merge Heap Roots: 0.19ms
[2026-04-03T02:49:08.207+0600][65.757s][info][gc,phases      ] GC(290)   Evacuate Collection Set: 2.74ms
[2026-04-03T02:49:08.207+0600][65.757s][info][gc,phases      ] GC(290)   Post Evacuate Collection Set: 0.49ms
[2026-04-03T02:49:08.207+0600][65.757s][info][gc,phases      ] GC(290)   Other: 0.09ms
[2026-04-03T02:49:08.208+0600][65.757s][info][gc,heap        ] GC(290) Eden regions: 224->0(239)
[2026-04-03T02:49:08.208+0600][65.757s][info][gc,heap        ] GC(290) Survivor regions: 11->7(30)
[2026-04-03T02:49:08.208+0600][65.757s][info][gc,heap        ] GC(290) Old regions: 86->87
[2026-04-03T02:49:08.208+0600][65.757s][info][gc,heap        ] GC(290) Humongous regions: 81->10
[2026-04-03T02:49:08.208+0600][65.757s][info][gc,metaspace   ] GC(290) Metaspace: 131879K(133376K)->131879K(133376K) NonClass: 115266K(116032K)->115266K(116032K) Class: 16613K(17344K)->16613K(17344K)
[2026-04-03T02:49:08.208+0600][65.757s][info][gc             ] GC(290) Pause Young (Prepare Mixed) (G1 Evacuation Pause) 401M->102M(410M) 3.971ms
[2026-04-03T02:49:08.208+0600][65.757s][info][gc,cpu         ] GC(290) User=0.02s Sys=0.00s Real=0.00s
[2026-04-03T02:49:08.278+0600][65.828s][info][gc,start       ] GC(291) Pause Young (Mixed) (G1 Evacuation Pause)
[2026-04-03T02:49:08.278+0600][65.828s][info][gc,task        ] GC(291) Using 10 workers of 10 for evacuation
[2026-04-03T02:49:08.282+0600][65.831s][info][gc,phases      ] GC(291)   Pre Evacuate Collection Set: 0.28ms
[2026-04-03T02:49:08.282+0600][65.831s][info][gc,phases      ] GC(291)   Merge Heap Roots: 0.15ms
[2026-04-03T02:49:08.282+0600][65.831s][info][gc,phases      ] GC(291)   Evacuate Collection Set: 2.19ms
[2026-04-03T02:49:08.282+0600][65.831s][info][gc,phases      ] GC(291)   Post Evacuate Collection Set: 0.73ms
[2026-04-03T02:49:08.282+0600][65.831s][info][gc,phases      ] GC(291)   Other: 0.08ms
[2026-04-03T02:49:08.282+0600][65.831s][info][gc,heap        ] GC(291) Eden regions: 45->0(294)
[2026-04-03T02:49:08.282+0600][65.831s][info][gc,heap        ] GC(291) Survivor regions: 7->4(36)
[2026-04-03T02:49:08.282+0600][65.831s][info][gc,heap        ] GC(291) Old regions: 87->86
[2026-04-03T02:49:08.282+0600][65.831s][info][gc,heap        ] GC(291) Humongous regions: 354->8
[2026-04-03T02:49:08.282+0600][65.831s][info][gc,metaspace   ] GC(291) Metaspace: 131879K(133376K)->131879K(133376K) NonClass: 115266K(116032K)->115266K(116032K) Class: 16613K(17344K)->16613K(17344K)
[2026-04-03T02:49:08.282+0600][65.831s][info][gc             ] GC(291) Pause Young (Mixed) (G1 Evacuation Pause) 491M->96M(498M) 3.670ms
[2026-04-03T02:49:08.282+0600][65.832s][info][gc,cpu         ] GC(291) User=0.02s Sys=0.01s Real=0.01s
[2026-04-03T02:49:08.291+0600][65.841s][info][gc,start       ] GC(292) Pause Young (Concurrent Start) (G1 Humongous Allocation)
[2026-04-03T02:49:08.291+0600][65.841s][info][gc,task        ] GC(292) Using 10 workers of 10 for evacuation
[2026-04-03T02:49:08.295+0600][65.845s][info][gc,phases      ] GC(292)   Pre Evacuate Collection Set: 0.36ms
[2026-04-03T02:49:08.295+0600][65.845s][info][gc,phases      ] GC(292)   Merge Heap Roots: 0.13ms
[2026-04-03T02:49:08.295+0600][65.845s][info][gc,phases      ] GC(292)   Evacuate Collection Set: 2.19ms
[2026-04-03T02:49:08.295+0600][65.845s][info][gc,phases      ] GC(292)   Post Evacuate Collection Set: 0.69ms
[2026-04-03T02:49:08.295+0600][65.845s][info][gc,phases      ] GC(292)   Other: 0.26ms
[2026-04-03T02:49:08.295+0600][65.845s][info][gc,heap        ] GC(292) Eden regions: 22->0(292)
[2026-04-03T02:49:08.295+0600][65.845s][info][gc,heap        ] GC(292) Survivor regions: 4->6(38)
[2026-04-03T02:49:08.295+0600][65.845s][info][gc,heap        ] GC(292) Old regions: 86->86
[2026-04-03T02:49:08.295+0600][65.845s][info][gc,heap        ] GC(292) Humongous regions: 8->8
[2026-04-03T02:49:08.295+0600][65.845s][info][gc,metaspace   ] GC(292) Metaspace: 131879K(133376K)->131879K(133376K) NonClass: 115266K(116032K)->115266K(116032K) Class: 16613K(17344K)->16613K(17344K)
[2026-04-03T02:49:08.295+0600][65.845s][info][gc             ] GC(292) Pause Young (Concurrent Start) (G1 Humongous Allocation) 118M->98M(498M) 4.057ms
[2026-04-03T02:49:08.295+0600][65.845s][info][gc             ] GC(293) Concurrent Mark Cycle
[2026-04-03T02:49:08.295+0600][65.845s][info][gc,marking     ] GC(293) Concurrent Scan Root Regions
[2026-04-03T02:49:08.295+0600][65.845s][info][gc,cpu         ] GC(292) User=0.02s Sys=0.00s Real=0.00s
[2026-04-03T02:49:08.298+0600][65.848s][info][gc,marking     ] GC(293) Concurrent Scan Root Regions 2.913ms
[2026-04-03T02:49:08.298+0600][65.848s][info][gc,marking     ] GC(293) Concurrent Mark
[2026-04-03T02:49:08.298+0600][65.848s][info][gc,marking     ] GC(293) Concurrent Mark From Roots
[2026-04-03T02:49:08.298+0600][65.848s][info][gc,task        ] GC(293) Using 3 workers of 3 for marking
[2026-04-03T02:49:08.369+0600][65.918s][info][gc,marking     ] GC(293) Concurrent Mark From Roots 70.306ms
[2026-04-03T02:49:08.369+0600][65.919s][info][gc,marking     ] GC(293) Concurrent Preclean
[2026-04-03T02:49:08.369+0600][65.919s][info][gc,marking     ] GC(293) Concurrent Preclean 0.467ms
[2026-04-03T02:49:08.370+0600][65.919s][info][gc,start       ] GC(293) Pause Remark
[2026-04-03T02:49:08.381+0600][65.930s][info][gc             ] GC(293) Pause Remark 480M->480M(742M) 10.882ms
[2026-04-03T02:49:08.381+0600][65.931s][info][gc,cpu         ] GC(293) User=0.07s Sys=0.00s Real=0.01s
[2026-04-03T02:49:08.381+0600][65.931s][info][gc,marking     ] GC(293) Concurrent Mark 82.512ms
[2026-04-03T02:49:08.381+0600][65.931s][info][gc,marking     ] GC(293) Concurrent Rebuild Remembered Sets and Scrub Regions
[2026-04-03T02:49:08.411+0600][65.961s][info][gc,marking     ] GC(293) Concurrent Rebuild Remembered Sets and Scrub Regions 30.197ms
[2026-04-03T02:49:08.412+0600][65.961s][info][gc,start       ] GC(293) Pause Cleanup
[2026-04-03T02:49:08.412+0600][65.962s][info][gc             ] GC(293) Pause Cleanup 503M->503M(742M) 0.369ms
[2026-04-03T02:49:08.412+0600][65.962s][info][gc,cpu         ] GC(293) User=0.01s Sys=0.00s Real=0.00s
[2026-04-03T02:49:08.412+0600][65.962s][info][gc,marking     ] GC(293) Concurrent Clear Claimed Marks
[2026-04-03T02:49:08.412+0600][65.962s][info][gc,marking     ] GC(293) Concurrent Clear Claimed Marks 0.368ms
[2026-04-03T02:49:08.413+0600][65.962s][info][gc,marking     ] GC(293) Concurrent Cleanup for Next Mark
[2026-04-03T02:49:08.417+0600][65.967s][info][gc,marking     ] GC(293) Concurrent Cleanup for Next Mark 4.774ms
[2026-04-03T02:49:08.417+0600][65.967s][info][gc             ] GC(293) Concurrent Mark Cycle 122.012ms
[2026-04-03T02:49:08.755+0600][66.305s][info][gc,start       ] GC(294) Pause Young (Prepare Mixed) (G1 Evacuation Pause)
[2026-04-03T02:49:08.755+0600][66.305s][info][gc,task        ] GC(294) Using 10 workers of 10 for evacuation
[2026-04-03T02:49:08.758+0600][66.308s][info][gc,phases      ] GC(294)   Pre Evacuate Collection Set: 0.26ms
[2026-04-03T02:49:08.758+0600][66.308s][info][gc,phases      ] GC(294)   Merge Heap Roots: 0.14ms
[2026-04-03T02:49:08.758+0600][66.308s][info][gc,phases      ] GC(294)   Evacuate Collection Set: 1.90ms
[2026-04-03T02:49:08.758+0600][66.308s][info][gc,phases      ] GC(294)   Post Evacuate Collection Set: 0.68ms
[2026-04-03T02:49:08.758+0600][66.308s][info][gc,phases      ] GC(294)   Other: 0.08ms
[2026-04-03T02:49:08.758+0600][66.308s][info][gc,heap        ] GC(294) Eden regions: 199->0(443)
[2026-04-03T02:49:08.758+0600][66.308s][info][gc,heap        ] GC(294) Survivor regions: 6->5(43)
[2026-04-03T02:49:08.758+0600][66.308s][info][gc,heap        ] GC(294) Old regions: 86->86
[2026-04-03T02:49:08.758+0600][66.308s][info][gc,heap        ] GC(294) Humongous regions: 451->8
[2026-04-03T02:49:08.758+0600][66.308s][info][gc,metaspace   ] GC(294) Metaspace: 131892K(133376K)->131892K(133376K) NonClass: 115279K(116032K)->115279K(116032K) Class: 16613K(17344K)->16613K(17344K)
[2026-04-03T02:49:08.758+0600][66.308s][info][gc             ] GC(294) Pause Young (Prepare Mixed) (G1 Evacuation Pause) 740M->97M(747M) 3.276ms
[2026-04-03T02:49:08.758+0600][66.308s][info][gc,cpu         ] GC(294) User=0.01s Sys=0.01s Real=0.00s
[2026-04-03T02:49:09.266+0600][66.815s][info][gc,start       ] GC(295) Pause Young (Mixed) (G1 Evacuation Pause)
[2026-04-03T02:49:09.266+0600][66.816s][info][gc,task        ] GC(295) Using 10 workers of 10 for evacuation
[2026-04-03T02:49:09.273+0600][66.823s][info][gc,phases      ] GC(295)   Pre Evacuate Collection Set: 0.39ms
[2026-04-03T02:49:09.273+0600][66.823s][info][gc,phases      ] GC(295)   Merge Heap Roots: 0.31ms
[2026-04-03T02:49:09.273+0600][66.823s][info][gc,phases      ] GC(295)   Evacuate Collection Set: 5.25ms
[2026-04-03T02:49:09.273+0600][66.823s][info][gc,phases      ] GC(295)   Post Evacuate Collection Set: 0.92ms
[2026-04-03T02:49:09.273+0600][66.823s][info][gc,phases      ] GC(295)   Other: 0.16ms
[2026-04-03T02:49:09.273+0600][66.823s][info][gc,heap        ] GC(295) Eden regions: 396->0(448)
[2026-04-03T02:49:09.273+0600][66.823s][info][gc,heap        ] GC(295) Survivor regions: 5->8(56)
[2026-04-03T02:49:09.273+0600][66.823s][info][gc,heap        ] GC(295) Old regions: 86->86
[2026-04-03T02:49:09.273+0600][66.823s][info][gc,heap        ] GC(295) Humongous regions: 265->8
[2026-04-03T02:49:09.273+0600][66.823s][info][gc,metaspace   ] GC(295) Metaspace: 131892K(133376K)->131892K(133376K) NonClass: 115279K(116032K)->115279K(116032K) Class: 16613K(17344K)->16613K(17344K)
[2026-04-03T02:49:09.273+0600][66.823s][info][gc             ] GC(295) Pause Young (Mixed) (G1 Evacuation Pause) 750M->100M(761M) 7.354ms
[2026-04-03T02:49:09.273+0600][66.823s][info][gc,cpu         ] GC(295) User=0.04s Sys=0.02s Real=0.01s
[2026-04-03T02:49:09.361+0600][66.911s][info][gc,start       ] GC(296) Pause Young (Concurrent Start) (G1 Humongous Allocation)
[2026-04-03T02:49:09.361+0600][66.911s][info][gc,task        ] GC(296) Using 10 workers of 10 for evacuation
[2026-04-03T02:49:09.366+0600][66.916s][info][gc,phases      ] GC(296)   Pre Evacuate Collection Set: 0.71ms
[2026-04-03T02:49:09.366+0600][66.916s][info][gc,phases      ] GC(296)   Merge Heap Roots: 0.20ms
[2026-04-03T02:49:09.366+0600][66.916s][info][gc,phases      ] GC(296)   Evacuate Collection Set: 2.71ms
[2026-04-03T02:49:09.366+0600][66.916s][info][gc,phases      ] GC(296)   Post Evacuate Collection Set: 0.83ms
[2026-04-03T02:49:09.366+0600][66.916s][info][gc,phases      ] GC(296)   Other: 0.22ms
[2026-04-03T02:49:09.366+0600][66.916s][info][gc,heap        ] GC(296) Eden regions: 71->0(448)
[2026-04-03T02:49:09.366+0600][66.916s][info][gc,heap        ] GC(296) Survivor regions: 8->8(57)
[2026-04-03T02:49:09.366+0600][66.916s][info][gc,heap        ] GC(296) Old regions: 86->86
[2026-04-03T02:49:09.366+0600][66.916s][info][gc,heap        ] GC(296) Humongous regions: 54->8
[2026-04-03T02:49:09.366+0600][66.916s][info][gc,metaspace   ] GC(296) Metaspace: 131892K(133376K)->131892K(133376K) NonClass: 115279K(116032K)->115279K(116032K) Class: 16613K(17344K)->16613K(17344K)
[2026-04-03T02:49:09.366+0600][66.916s][info][gc             ] GC(296) Pause Young (Concurrent Start) (G1 Humongous Allocation) 216M->100M(761M) 4.967ms
[2026-04-03T02:49:09.366+0600][66.916s][info][gc             ] GC(297) Concurrent Undo Cycle
[2026-04-03T02:49:09.366+0600][66.916s][info][gc,cpu         ] GC(296) User=0.04s Sys=0.01s Real=0.00s
[2026-04-03T02:49:09.366+0600][66.916s][info][gc,marking     ] GC(297) Concurrent Clear Claimed Marks
[2026-04-03T02:49:09.367+0600][66.917s][info][gc,marking     ] GC(297) Concurrent Clear Claimed Marks 0.454ms
[2026-04-03T02:49:09.367+0600][66.917s][info][gc,marking     ] GC(297) Concurrent Cleanup for Next Mark
[2026-04-03T02:49:09.367+0600][66.917s][info][gc,marking     ] GC(297) Concurrent Cleanup for Next Mark 0.377ms
[2026-04-03T02:49:09.368+0600][66.917s][info][gc             ] GC(297) Concurrent Undo Cycle 1.119ms
[2026-04-03T02:49:09.435+0600][66.985s][info][gc,start       ] GC(298) Pause Young (Concurrent Start) (G1 Humongous Allocation)
[2026-04-03T02:49:09.435+0600][66.985s][info][gc,task        ] GC(298) Using 10 workers of 10 for evacuation
[2026-04-03T02:49:09.440+0600][66.989s][info][gc,phases      ] GC(298)   Pre Evacuate Collection Set: 0.55ms
[2026-04-03T02:49:09.440+0600][66.990s][info][gc,phases      ] GC(298)   Merge Heap Roots: 0.22ms
[2026-04-03T02:49:09.440+0600][66.990s][info][gc,phases      ] GC(298)   Evacuate Collection Set: 2.84ms
[2026-04-03T02:49:09.440+0600][66.990s][info][gc,phases      ] GC(298)   Post Evacuate Collection Set: 0.58ms
[2026-04-03T02:49:09.440+0600][66.990s][info][gc,phases      ] GC(298)   Other: 0.20ms
[2026-04-03T02:49:09.440+0600][66.990s][info][gc,heap        ] GC(298) Eden regions: 56->0(449)
[2026-04-03T02:49:09.440+0600][66.990s][info][gc,heap        ] GC(298) Survivor regions: 8->7(57)
[2026-04-03T02:49:09.440+0600][66.990s][info][gc,heap        ] GC(298) Old regions: 86->86
[2026-04-03T02:49:09.440+0600][66.990s][info][gc,heap        ] GC(298) Humongous regions: 50->8
[2026-04-03T02:49:09.440+0600][66.990s][info][gc,metaspace   ] GC(298) Metaspace: 131892K(133376K)->131892K(133376K) NonClass: 115279K(116032K)->115279K(116032K) Class: 16613K(17344K)->16613K(17344K)
[2026-04-03T02:49:09.440+0600][66.990s][info][gc             ] GC(298) Pause Young (Concurrent Start) (G1 Humongous Allocation) 198M->99M(761M) 4.707ms
[2026-04-03T02:49:09.440+0600][66.990s][info][gc             ] GC(299) Concurrent Undo Cycle
[2026-04-03T02:49:09.440+0600][66.990s][info][gc,cpu         ] GC(298) User=0.04s Sys=0.00s Real=0.01s
[2026-04-03T02:49:09.440+0600][66.990s][info][gc,marking     ] GC(299) Concurrent Clear Claimed Marks
[2026-04-03T02:49:09.441+0600][66.990s][info][gc,marking     ] GC(299) Concurrent Clear Claimed Marks 0.366ms
[2026-04-03T02:49:09.441+0600][66.990s][info][gc,marking     ] GC(299) Concurrent Cleanup for Next Mark
[2026-04-03T02:49:09.441+0600][66.991s][info][gc,marking     ] GC(299) Concurrent Cleanup for Next Mark 0.407ms
[2026-04-03T02:49:09.441+0600][66.991s][info][gc             ] GC(299) Concurrent Undo Cycle 0.996ms
[2026-04-03T02:49:09.514+0600][67.064s][info][gc,start       ] GC(300) Pause Young (Concurrent Start) (G1 Humongous Allocation)
[2026-04-03T02:49:09.514+0600][67.064s][info][gc,task        ] GC(300) Using 10 workers of 10 for evacuation
[2026-04-03T02:49:09.519+0600][67.069s][info][gc,phases      ] GC(300)   Pre Evacuate Collection Set: 0.52ms
[2026-04-03T02:49:09.519+0600][67.069s][info][gc,phases      ] GC(300)   Merge Heap Roots: 0.16ms
[2026-04-03T02:49:09.519+0600][67.069s][info][gc,phases      ] GC(300)   Evacuate Collection Set: 2.77ms
[2026-04-03T02:49:09.519+0600][67.069s][info][gc,phases      ] GC(300)   Post Evacuate Collection Set: 0.95ms
[2026-04-03T02:49:09.519+0600][67.069s][info][gc,phases      ] GC(300)   Other: 0.32ms
[2026-04-03T02:49:09.519+0600][67.069s][info][gc,heap        ] GC(300) Eden regions: 61->0(450)
[2026-04-03T02:49:09.519+0600][67.069s][info][gc,heap        ] GC(300) Survivor regions: 7->6(57)
[2026-04-03T02:49:09.519+0600][67.069s][info][gc,heap        ] GC(300) Old regions: 86->86
[2026-04-03T02:49:09.519+0600][67.069s][info][gc,heap        ] GC(300) Humongous regions: 56->8
[2026-04-03T02:49:09.519+0600][67.069s][info][gc,metaspace   ] GC(300) Metaspace: 131892K(133376K)->131892K(133376K) NonClass: 115279K(116032K)->115279K(116032K) Class: 16613K(17344K)->16613K(17344K)
[2026-04-03T02:49:09.519+0600][67.069s][info][gc             ] GC(300) Pause Young (Concurrent Start) (G1 Humongous Allocation) 208M->99M(761M) 5.085ms
[2026-04-03T02:49:09.519+0600][67.069s][info][gc             ] GC(301) Concurrent Undo Cycle
[2026-04-03T02:49:09.519+0600][67.069s][info][gc,marking     ] GC(301) Concurrent Clear Claimed Marks
[2026-04-03T02:49:09.519+0600][67.069s][info][gc,cpu         ] GC(300) User=0.03s Sys=0.00s Real=0.00s
[2026-04-03T02:49:09.520+0600][67.070s][info][gc,marking     ] GC(301) Concurrent Clear Claimed Marks 0.350ms
[2026-04-03T02:49:09.520+0600][67.070s][info][gc,marking     ] GC(301) Concurrent Cleanup for Next Mark
[2026-04-03T02:49:09.520+0600][67.070s][info][gc,marking     ] GC(301) Concurrent Cleanup for Next Mark 0.316ms
[2026-04-03T02:49:09.520+0600][67.070s][info][gc             ] GC(301) Concurrent Undo Cycle 0.855ms
[2026-04-03T02:49:09.644+0600][67.194s][info][gc,start       ] GC(302) Pause Young (Concurrent Start) (G1 Humongous Allocation)
[2026-04-03T02:49:09.644+0600][67.194s][info][gc,task        ] GC(302) Using 10 workers of 10 for evacuation
[2026-04-03T02:49:09.648+0600][67.198s][info][gc,phases      ] GC(302)   Pre Evacuate Collection Set: 0.41ms
[2026-04-03T02:49:09.668+0600][67.218s][info][gc,phases      ] GC(302)   Merge Heap Roots: 0.16ms
[2026-04-03T02:49:09.668+0600][67.218s][info][gc,phases      ] GC(302)   Evacuate Collection Set: 1.75ms
[2026-04-03T02:49:09.668+0600][67.218s][info][gc,phases      ] GC(302)   Post Evacuate Collection Set: 1.23ms
[2026-04-03T02:49:09.668+0600][67.218s][info][gc,phases      ] GC(302)   Other: 0.19ms
[2026-04-03T02:49:09.668+0600][67.218s][info][gc,heap        ] GC(302) Eden regions: 95->0(479)
[2026-04-03T02:49:09.668+0600][67.218s][info][gc,heap        ] GC(302) Survivor regions: 6->7(57)
[2026-04-03T02:49:09.668+0600][67.218s][info][gc,heap        ] GC(302) Old regions: 86->86
[2026-04-03T02:49:09.668+0600][67.218s][info][gc,heap        ] GC(302) Humongous regions: 56->8
[2026-04-03T02:49:09.668+0600][67.218s][info][gc,metaspace   ] GC(302) Metaspace: 131893K(133376K)->131893K(133376K) NonClass: 115280K(116032K)->115280K(116032K) Class: 16613K(17344K)->16613K(17344K)
[2026-04-03T02:49:09.668+0600][67.218s][info][gc             ] GC(302) Pause Young (Concurrent Start) (G1 Humongous Allocation) 241M->99M(811M) 24.017ms
[2026-04-03T02:49:09.668+0600][67.218s][info][gc,cpu         ] GC(302) User=0.02s Sys=0.00s Real=0.02s
[2026-04-03T02:49:09.668+0600][67.218s][info][gc             ] GC(303) Concurrent Undo Cycle
[2026-04-03T02:49:09.669+0600][67.218s][info][gc,marking     ] GC(303) Concurrent Clear Claimed Marks
[2026-04-03T02:49:09.669+0600][67.219s][info][gc,marking     ] GC(303) Concurrent Clear Claimed Marks 0.465ms
[2026-04-03T02:49:09.669+0600][67.219s][info][gc,marking     ] GC(303) Concurrent Cleanup for Next Mark
[2026-04-03T02:49:09.670+0600][67.219s][info][gc,marking     ] GC(303) Concurrent Cleanup for Next Mark 0.668ms
[2026-04-03T02:49:09.670+0600][67.220s][info][gc             ] GC(303) Concurrent Undo Cycle 1.476ms
[2026-04-03T02:49:09.898+0600][67.448s][info][gc,start       ] GC(304) Pause Young (Concurrent Start) (G1 Humongous Allocation)
[2026-04-03T02:49:09.899+0600][67.448s][info][gc,task        ] GC(304) Using 10 workers of 10 for evacuation
[2026-04-03T02:49:09.903+0600][67.453s][info][gc,phases      ] GC(304)   Pre Evacuate Collection Set: 0.55ms
[2026-04-03T02:49:09.903+0600][67.453s][info][gc,phases      ] GC(304)   Merge Heap Roots: 0.26ms
[2026-04-03T02:49:09.903+0600][67.453s][info][gc,phases      ] GC(304)   Evacuate Collection Set: 2.97ms
[2026-04-03T02:49:09.903+0600][67.453s][info][gc,phases      ] GC(304)   Post Evacuate Collection Set: 0.75ms
[2026-04-03T02:49:09.903+0600][67.453s][info][gc,phases      ] GC(304)   Other: 0.17ms
[2026-04-03T02:49:09.903+0600][67.453s][info][gc,heap        ] GC(304) Eden regions: 182->0(478)
[2026-04-03T02:49:09.903+0600][67.453s][info][gc,heap        ] GC(304) Survivor regions: 7->8(61)
[2026-04-03T02:49:09.903+0600][67.453s][info][gc,heap        ] GC(304) Old regions: 86->86
[2026-04-03T02:49:09.903+0600][67.453s][info][gc,heap        ] GC(304) Humongous regions: 81->8
[2026-04-03T02:49:09.903+0600][67.453s][info][gc,metaspace   ] GC(304) Metaspace: 131893K(133376K)->131893K(133376K) NonClass: 115280K(116032K)->115280K(116032K) Class: 16613K(17344K)->16613K(17344K)
[2026-04-03T02:49:09.903+0600][67.453s][info][gc             ] GC(304) Pause Young (Concurrent Start) (G1 Humongous Allocation) 353M->100M(811M) 5.004ms
[2026-04-03T02:49:09.903+0600][67.453s][info][gc             ] GC(305) Concurrent Undo Cycle
[2026-04-03T02:49:09.904+0600][67.453s][info][gc,cpu         ] GC(304) User=0.03s Sys=0.01s Real=0.01s
[2026-04-03T02:49:09.904+0600][67.453s][info][gc,marking     ] GC(305) Concurrent Clear Claimed Marks
[2026-04-03T02:49:09.904+0600][67.454s][info][gc,marking     ] GC(305) Concurrent Clear Claimed Marks 0.359ms
[2026-04-03T02:49:09.904+0600][67.454s][info][gc,marking     ] GC(305) Concurrent Cleanup for Next Mark
[2026-04-03T02:49:09.904+0600][67.454s][info][gc,marking     ] GC(305) Concurrent Cleanup for Next Mark 0.367ms
[2026-04-03T02:49:09.904+0600][67.454s][info][gc             ] GC(305) Concurrent Undo Cycle 0.947ms
[2026-04-03T02:49:10.103+0600][67.652s][info][gc,start       ] GC(306) Pause Young (Concurrent Start) (G1 Humongous Allocation)
[2026-04-03T02:49:10.103+0600][67.653s][info][gc,task        ] GC(306) Using 10 workers of 10 for evacuation
[2026-04-03T02:49:10.106+0600][67.656s][info][gc,phases      ] GC(306)   Pre Evacuate Collection Set: 0.52ms
[2026-04-03T02:49:10.106+0600][67.656s][info][gc,phases      ] GC(306)   Merge Heap Roots: 0.17ms
[2026-04-03T02:49:10.106+0600][67.656s][info][gc,phases      ] GC(306)   Evacuate Collection Set: 1.76ms
[2026-04-03T02:49:10.106+0600][67.656s][info][gc,phases      ] GC(306)   Post Evacuate Collection Set: 0.64ms
[2026-04-03T02:49:10.106+0600][67.656s][info][gc,phases      ] GC(306)   Other: 0.16ms
[2026-04-03T02:49:10.106+0600][67.656s][info][gc,heap        ] GC(306) Eden regions: 192->0(480)
[2026-04-03T02:49:10.106+0600][67.656s][info][gc,heap        ] GC(306) Survivor regions: 8->6(61)
[2026-04-03T02:49:10.106+0600][67.656s][info][gc,heap        ] GC(306) Old regions: 86->86
[2026-04-03T02:49:10.106+0600][67.656s][info][gc,heap        ] GC(306) Humongous regions: 85->8
[2026-04-03T02:49:10.106+0600][67.656s][info][gc,metaspace   ] GC(306) Metaspace: 131893K(133376K)->131893K(133376K) NonClass: 115280K(116032K)->115280K(116032K) Class: 16613K(17344K)->16613K(17344K)
[2026-04-03T02:49:10.106+0600][67.656s][info][gc             ] GC(306) Pause Young (Concurrent Start) (G1 Humongous Allocation) 369M->99M(811M) 3.551ms
[2026-04-03T02:49:10.106+0600][67.656s][info][gc             ] GC(307) Concurrent Undo Cycle
[2026-04-03T02:49:10.106+0600][67.656s][info][gc,cpu         ] GC(306) User=0.02s Sys=0.01s Real=0.00s
[2026-04-03T02:49:10.106+0600][67.656s][info][gc,marking     ] GC(307) Concurrent Clear Claimed Marks
[2026-04-03T02:49:10.107+0600][67.656s][info][gc,marking     ] GC(307) Concurrent Clear Claimed Marks 0.246ms
[2026-04-03T02:49:10.107+0600][67.656s][info][gc,marking     ] GC(307) Concurrent Cleanup for Next Mark
[2026-04-03T02:49:10.107+0600][67.657s][info][gc,marking     ] GC(307) Concurrent Cleanup for Next Mark 0.291ms
[2026-04-03T02:49:10.107+0600][67.657s][info][gc             ] GC(307) Concurrent Undo Cycle 0.766ms
[2026-04-03T02:49:10.331+0600][67.881s][info][gc,start       ] GC(308) Pause Young (Concurrent Start) (G1 Humongous Allocation)
[2026-04-03T02:49:10.331+0600][67.881s][info][gc,task        ] GC(308) Using 10 workers of 10 for evacuation
[2026-04-03T02:49:10.336+0600][67.885s][info][gc,phases      ] GC(308)   Pre Evacuate Collection Set: 0.47ms
[2026-04-03T02:49:10.336+0600][67.885s][info][gc,phases      ] GC(308)   Merge Heap Roots: 0.35ms
[2026-04-03T02:49:10.336+0600][67.885s][info][gc,phases      ] GC(308)   Evacuate Collection Set: 2.54ms
[2026-04-03T02:49:10.336+0600][67.885s][info][gc,phases      ] GC(308)   Post Evacuate Collection Set: 0.67ms
[2026-04-03T02:49:10.336+0600][67.885s][info][gc,phases      ] GC(308)   Other: 0.22ms
[2026-04-03T02:49:10.336+0600][67.885s][info][gc,heap        ] GC(308) Eden regions: 218->0(482)
[2026-04-03T02:49:10.336+0600][67.885s][info][gc,heap        ] GC(308) Survivor regions: 6->4(61)
[2026-04-03T02:49:10.336+0600][67.886s][info][gc,heap        ] GC(308) Old regions: 86->86
[2026-04-03T02:49:10.336+0600][67.886s][info][gc,heap        ] GC(308) Humongous regions: 87->10
[2026-04-03T02:49:10.336+0600][67.886s][info][gc,metaspace   ] GC(308) Metaspace: 131899K(133376K)->131899K(133376K) NonClass: 115285K(116032K)->115285K(116032K) Class: 16613K(17344K)->16613K(17344K)
[2026-04-03T02:49:10.336+0600][67.886s][info][gc             ] GC(308) Pause Young (Concurrent Start) (G1 Humongous Allocation) 395M->98M(811M) 4.586ms
[2026-04-03T02:49:10.336+0600][67.886s][info][gc             ] GC(309) Concurrent Undo Cycle
[2026-04-03T02:49:10.336+0600][67.886s][info][gc,marking     ] GC(309) Concurrent Clear Claimed Marks
[2026-04-03T02:49:10.336+0600][67.886s][info][gc,cpu         ] GC(308) User=0.02s Sys=0.01s Real=0.00s
[2026-04-03T02:49:10.336+0600][67.886s][info][gc,marking     ] GC(309) Concurrent Clear Claimed Marks 0.248ms
[2026-04-03T02:49:10.336+0600][67.886s][info][gc,marking     ] GC(309) Concurrent Cleanup for Next Mark
[2026-04-03T02:49:10.337+0600][67.887s][info][gc,marking     ] GC(309) Concurrent Cleanup for Next Mark 0.542ms
[2026-04-03T02:49:10.337+0600][67.887s][info][gc             ] GC(309) Concurrent Undo Cycle 0.995ms
[2026-04-03T02:49:10.338+0600][67.887s][info][gc,start       ] GC(310) Pause Young (Concurrent Start) (G1 Humongous Allocation)
[2026-04-03T02:49:10.338+0600][67.888s][info][gc,task        ] GC(310) Using 10 workers of 10 for evacuation
[2026-04-03T02:49:10.342+0600][67.891s][info][gc,phases      ] GC(310)   Pre Evacuate Collection Set: 0.47ms
[2026-04-03T02:49:10.342+0600][67.891s][info][gc,phases      ] GC(310)   Merge Heap Roots: 0.10ms
[2026-04-03T02:49:10.342+0600][67.891s][info][gc,phases      ] GC(310)   Evacuate Collection Set: 2.37ms
[2026-04-03T02:49:10.342+0600][67.891s][info][gc,phases      ] GC(310)   Post Evacuate Collection Set: 0.56ms
[2026-04-03T02:49:10.342+0600][67.891s][info][gc,phases      ] GC(310)   Other: 0.18ms
[2026-04-03T02:49:10.342+0600][67.891s][info][gc,heap        ] GC(310) Eden regions: 4->0(483)
[2026-04-03T02:49:10.342+0600][67.891s][info][gc,heap        ] GC(310) Survivor regions: 4->3(61)
[2026-04-03T02:49:10.342+0600][67.891s][info][gc,heap        ] GC(310) Old regions: 86->86
[2026-04-03T02:49:10.342+0600][67.891s][info][gc,heap        ] GC(310) Humongous regions: 20->8
[2026-04-03T02:49:10.342+0600][67.891s][info][gc,metaspace   ] GC(310) Metaspace: 131899K(133376K)->131899K(133376K) NonClass: 115285K(116032K)->115285K(116032K) Class: 16613K(17344K)->16613K(17344K)
[2026-04-03T02:49:10.342+0600][67.891s][info][gc             ] GC(310) Pause Young (Concurrent Start) (G1 Humongous Allocation) 112M->96M(811M) 3.943ms
[2026-04-03T02:49:10.342+0600][67.891s][info][gc             ] GC(311) Concurrent Undo Cycle
[2026-04-03T02:49:10.342+0600][67.891s][info][gc,cpu         ] GC(310) User=0.02s Sys=0.00s Real=0.01s
[2026-04-03T02:49:10.342+0600][67.892s][info][gc,marking     ] GC(311) Concurrent Clear Claimed Marks
[2026-04-03T02:49:10.342+0600][67.892s][info][gc,marking     ] GC(311) Concurrent Clear Claimed Marks 0.256ms
[2026-04-03T02:49:10.342+0600][67.892s][info][gc,marking     ] GC(311) Concurrent Cleanup for Next Mark
[2026-04-03T02:49:10.342+0600][67.892s][info][gc,marking     ] GC(311) Concurrent Cleanup for Next Mark 0.293ms
[2026-04-03T02:49:10.342+0600][67.892s][info][gc             ] GC(311) Concurrent Undo Cycle 0.708ms
[2026-04-03T02:49:10.493+0600][68.043s][info][gc,start       ] GC(312) Pause Full (System.gc())
[2026-04-03T02:49:10.493+0600][68.043s][info][gc,task        ] GC(312) Using 10 workers of 10 for full compaction
[2026-04-03T02:49:10.493+0600][68.043s][info][gc,phases,start] GC(312) Phase 1: Mark live objects
[2026-04-03T02:49:10.571+0600][68.121s][info][gc,phases      ] GC(312) Phase 1: Mark live objects 77.659ms
[2026-04-03T02:49:10.571+0600][68.121s][info][gc,phases,start] GC(312) Phase 2: Prepare compaction
[2026-04-03T02:49:10.573+0600][68.123s][info][gc,phases      ] GC(312) Phase 2: Prepare compaction 2.058ms
[2026-04-03T02:49:10.573+0600][68.123s][info][gc,phases,start] GC(312) Phase 3: Adjust pointers
[2026-04-03T02:49:10.596+0600][68.146s][info][gc,phases      ] GC(312) Phase 3: Adjust pointers 22.623ms
[2026-04-03T02:49:10.596+0600][68.146s][info][gc,phases,start] GC(312) Phase 4: Compact heap
[2026-04-03T02:49:10.598+0600][68.147s][info][gc,phases      ] GC(312) Phase 4: Compact heap 1.737ms
[2026-04-03T02:49:10.598+0600][68.148s][info][gc,phases,start] GC(312) Phase 5: Reset Metadata
[2026-04-03T02:49:10.603+0600][68.153s][info][gc,phases      ] GC(312) Phase 5: Reset Metadata 5.034ms
[2026-04-03T02:49:10.620+0600][68.170s][info][gc,heap        ] GC(312) Eden regions: 115->0(194)
[2026-04-03T02:49:10.620+0600][68.170s][info][gc,heap        ] GC(312) Survivor regions: 3->0(61)
[2026-04-03T02:49:10.620+0600][68.170s][info][gc,heap        ] GC(312) Old regions: 86->89
[2026-04-03T02:49:10.620+0600][68.170s][info][gc,heap        ] GC(312) Humongous regions: 73->8
[2026-04-03T02:49:10.620+0600][68.170s][info][gc,metaspace   ] GC(312) Metaspace: 131899K(133376K)->131899K(133376K) NonClass: 115285K(116032K)->115285K(116032K) Class: 16613K(17344K)->16613K(17344K)
[2026-04-03T02:49:10.620+0600][68.170s][info][gc             ] GC(312) Pause Full (System.gc()) 276M->92M(324M) 126.978ms
[2026-04-03T02:49:10.620+0600][68.170s][info][gc,cpu         ] GC(312) User=0.85s Sys=0.06s Real=0.13s
[2026-04-03T02:49:10.634+0600][68.184s][info][gc,start       ] GC(313) Pause Young (Concurrent Start) (G1 Humongous Allocation)
[2026-04-03T02:49:10.635+0600][68.184s][info][gc,task        ] GC(313) Using 8 workers of 10 for evacuation
[2026-04-03T02:49:10.637+0600][68.187s][info][gc,phases      ] GC(313)   Pre Evacuate Collection Set: 0.44ms
[2026-04-03T02:49:10.637+0600][68.187s][info][gc,phases      ] GC(313)   Merge Heap Roots: 0.09ms
[2026-04-03T02:49:10.637+0600][68.187s][info][gc,phases      ] GC(313)   Evacuate Collection Set: 1.25ms
[2026-04-03T02:49:10.637+0600][68.187s][info][gc,phases      ] GC(313)   Post Evacuate Collection Set: 0.67ms
[2026-04-03T02:49:10.637+0600][68.187s][info][gc,phases      ] GC(313)   Other: 0.20ms
[2026-04-03T02:49:10.637+0600][68.187s][info][gc,heap        ] GC(313) Eden regions: 5->0(193)
[2026-04-03T02:49:10.637+0600][68.187s][info][gc,heap        ] GC(313) Survivor regions: 0->1(25)
[2026-04-03T02:49:10.637+0600][68.187s][info][gc,heap        ] GC(313) Old regions: 89->89
[2026-04-03T02:49:10.637+0600][68.187s][info][gc,heap        ] GC(313) Humongous regions: 8->8
[2026-04-03T02:49:10.637+0600][68.187s][info][gc,metaspace   ] GC(313) Metaspace: 131899K(133376K)->131899K(133376K) NonClass: 115285K(116032K)->115285K(116032K) Class: 16613K(17344K)->16613K(17344K)
[2026-04-03T02:49:10.637+0600][68.187s][info][gc             ] GC(313) Pause Young (Concurrent Start) (G1 Humongous Allocation) 96M->92M(324M) 2.950ms
[2026-04-03T02:49:10.637+0600][68.187s][info][gc             ] GC(314) Concurrent Mark Cycle
[2026-04-03T02:49:10.637+0600][68.187s][info][gc,cpu         ] GC(313) User=0.01s Sys=0.00s Real=0.00s
[2026-04-03T02:49:10.638+0600][68.187s][info][gc,marking     ] GC(314) Concurrent Scan Root Regions
[2026-04-03T02:49:10.640+0600][68.189s][info][gc,marking     ] GC(314) Concurrent Scan Root Regions 2.093ms
[2026-04-03T02:49:10.640+0600][68.189s][info][gc,marking     ] GC(314) Concurrent Mark
[2026-04-03T02:49:10.640+0600][68.189s][info][gc,marking     ] GC(314) Concurrent Mark From Roots
[2026-04-03T02:49:10.640+0600][68.189s][info][gc,task        ] GC(314) Using 3 workers of 3 for marking
[2026-04-03T02:49:10.704+0600][68.254s][info][gc,marking     ] GC(314) Concurrent Mark From Roots 64.303ms
[2026-04-03T02:49:10.704+0600][68.254s][info][gc,marking     ] GC(314) Concurrent Preclean
[2026-04-03T02:49:10.705+0600][68.254s][info][gc,marking     ] GC(314) Concurrent Preclean 0.486ms
[2026-04-03T02:49:10.705+0600][68.255s][info][gc,start       ] GC(314) Pause Remark
[2026-04-03T02:49:10.713+0600][68.263s][info][gc             ] GC(314) Pause Remark 121M->121M(324M) 8.459ms
[2026-04-03T02:49:10.714+0600][68.263s][info][gc,cpu         ] GC(314) User=0.05s Sys=0.00s Real=0.01s
[2026-04-03T02:49:10.714+0600][68.264s][info][gc,marking     ] GC(314) Concurrent Mark 74.134ms
[2026-04-03T02:49:10.714+0600][68.264s][info][gc,marking     ] GC(314) Concurrent Rebuild Remembered Sets and Scrub Regions
[2026-04-03T02:49:10.740+0600][68.290s][info][gc,marking     ] GC(314) Concurrent Rebuild Remembered Sets and Scrub Regions 26.081ms
[2026-04-03T02:49:10.752+0600][68.302s][info][gc,start       ] GC(314) Pause Cleanup
[2026-04-03T02:49:10.753+0600][68.302s][info][gc             ] GC(314) Pause Cleanup 131M->131M(324M) 0.278ms
[2026-04-03T02:49:10.753+0600][68.303s][info][gc,cpu         ] GC(314) User=0.00s Sys=0.00s Real=0.00s
[2026-04-03T02:49:10.753+0600][68.303s][info][gc,marking     ] GC(314) Concurrent Clear Claimed Marks
[2026-04-03T02:49:10.753+0600][68.303s][info][gc,marking     ] GC(314) Concurrent Clear Claimed Marks 0.292ms
[2026-04-03T02:49:10.753+0600][68.303s][info][gc,marking     ] GC(314) Concurrent Cleanup for Next Mark
[2026-04-03T02:49:10.754+0600][68.303s][info][gc,marking     ] GC(314) Concurrent Cleanup for Next Mark 0.371ms
[2026-04-03T02:49:10.754+0600][68.303s][info][gc             ] GC(314) Concurrent Mark Cycle 116.231ms
[2026-04-03T02:49:10.814+0600][68.363s][info][gc,start       ] GC(315) Pause Young (Prepare Mixed) (G1 Evacuation Pause)
[2026-04-03T02:49:10.814+0600][68.364s][info][gc,task        ] GC(315) Using 9 workers of 10 for evacuation
[2026-04-03T02:49:10.817+0600][68.367s][info][gc,phases      ] GC(315)   Pre Evacuate Collection Set: 0.26ms
[2026-04-03T02:49:10.817+0600][68.367s][info][gc,phases      ] GC(315)   Merge Heap Roots: 0.13ms
[2026-04-03T02:49:10.817+0600][68.367s][info][gc,phases      ] GC(315)   Evacuate Collection Set: 2.40ms
[2026-04-03T02:49:10.817+0600][68.367s][info][gc,phases      ] GC(315)   Post Evacuate Collection Set: 0.54ms
[2026-04-03T02:49:10.817+0600][68.367s][info][gc,phases      ] GC(315)   Other: 0.09ms
[2026-04-03T02:49:10.817+0600][68.367s][info][gc,heap        ] GC(315) Eden regions: 54->0(225)
[2026-04-03T02:49:10.817+0600][68.367s][info][gc,heap        ] GC(315) Survivor regions: 1->5(25)
[2026-04-03T02:49:10.817+0600][68.367s][info][gc,heap        ] GC(315) Old regions: 89->89
[2026-04-03T02:49:10.817+0600][68.367s][info][gc,heap        ] GC(315) Humongous regions: 235->23
[2026-04-03T02:49:10.817+0600][68.367s][info][gc,metaspace   ] GC(315) Metaspace: 131900K(133376K)->131900K(133376K) NonClass: 115286K(116032K)->115286K(116032K) Class: 16613K(17344K)->16613K(17344K)
[2026-04-03T02:49:10.817+0600][68.367s][info][gc             ] GC(315) Pause Young (Prepare Mixed) (G1 Evacuation Pause) 373M->111M(384M) 3.663ms
[2026-04-03T02:49:10.817+0600][68.367s][info][gc,cpu         ] GC(315) User=0.01s Sys=0.01s Real=0.00s
[2026-04-03T02:49:10.912+0600][68.462s][info][gc,start       ] GC(316) Pause Young (Mixed) (G1 Evacuation Pause)
[2026-04-03T02:49:10.912+0600][68.462s][info][gc,task        ] GC(316) Using 10 workers of 10 for evacuation
[2026-04-03T02:49:10.916+0600][68.466s][info][gc,phases      ] GC(316)   Pre Evacuate Collection Set: 0.30ms
[2026-04-03T02:49:10.916+0600][68.466s][info][gc,phases      ] GC(316)   Merge Heap Roots: 0.12ms
[2026-04-03T02:49:10.916+0600][68.466s][info][gc,phases      ] GC(316)   Evacuate Collection Set: 2.28ms
[2026-04-03T02:49:10.916+0600][68.466s][info][gc,phases      ] GC(316)   Post Evacuate Collection Set: 0.63ms
[2026-04-03T02:49:10.916+0600][68.466s][info][gc,phases      ] GC(316)   Other: 0.08ms
[2026-04-03T02:49:10.916+0600][68.466s][info][gc,heap        ] GC(316) Eden regions: 58->0(283)
[2026-04-03T02:49:10.916+0600][68.466s][info][gc,heap        ] GC(316) Survivor regions: 5->5(29)
[2026-04-03T02:49:10.916+0600][68.466s][info][gc,heap        ] GC(316) Old regions: 89->89
[2026-04-03T02:49:10.916+0600][68.466s][info][gc,heap        ] GC(316) Humongous regions: 322->23
[2026-04-03T02:49:10.916+0600][68.466s][info][gc,metaspace   ] GC(316) Metaspace: 131902K(133376K)->131902K(133376K) NonClass: 115288K(116032K)->115288K(116032K) Class: 16613K(17344K)->16613K(17344K)
[2026-04-03T02:49:10.916+0600][68.466s][info][gc             ] GC(316) Pause Young (Mixed) (G1 Evacuation Pause) 468M->111M(480M) 3.656ms
[2026-04-03T02:49:10.916+0600][68.466s][info][gc,cpu         ] GC(316) User=0.01s Sys=0.01s Real=0.00s
[2026-04-03T02:49:10.917+0600][68.467s][info][gc,start       ] GC(317) Pause Young (Concurrent Start) (G1 Humongous Allocation)
[2026-04-03T02:49:10.917+0600][68.467s][info][gc,task        ] GC(317) Using 10 workers of 10 for evacuation
[2026-04-03T02:49:10.920+0600][68.470s][info][gc,phases      ] GC(317)   Pre Evacuate Collection Set: 0.28ms
[2026-04-03T02:49:10.920+0600][68.470s][info][gc,phases      ] GC(317)   Merge Heap Roots: 0.08ms
[2026-04-03T02:49:10.920+0600][68.470s][info][gc,phases      ] GC(317)   Evacuate Collection Set: 1.69ms
[2026-04-03T02:49:10.920+0600][68.470s][info][gc,phases      ] GC(317)   Post Evacuate Collection Set: 0.44ms
[2026-04-03T02:49:10.920+0600][68.470s][info][gc,phases      ] GC(317)   Other: 0.10ms
[2026-04-03T02:49:10.920+0600][68.470s][info][gc,heap        ] GC(317) Eden regions: 3->0(274)
[2026-04-03T02:49:10.920+0600][68.470s][info][gc,heap        ] GC(317) Survivor regions: 5->5(36)
[2026-04-03T02:49:10.920+0600][68.470s][info][gc,heap        ] GC(317) Old regions: 89->89
[2026-04-03T02:49:10.920+0600][68.470s][info][gc,heap        ] GC(317) Humongous regions: 33->18
[2026-04-03T02:49:10.920+0600][68.470s][info][gc,metaspace   ] GC(317) Metaspace: 131902K(133376K)->131902K(133376K) NonClass: 115288K(116032K)->115288K(116032K) Class: 16613K(17344K)->16613K(17344K)
[2026-04-03T02:49:10.920+0600][68.470s][info][gc             ] GC(317) Pause Young (Concurrent Start) (G1 Humongous Allocation) 123M->106M(480M) 2.768ms
[2026-04-03T02:49:10.920+0600][68.470s][info][gc             ] GC(318) Concurrent Undo Cycle
[2026-04-03T02:49:10.920+0600][68.470s][info][gc,cpu         ] GC(317) User=0.01s Sys=0.01s Real=0.01s
[2026-04-03T02:49:10.920+0600][68.470s][info][gc,marking     ] GC(318) Concurrent Clear Claimed Marks
[2026-04-03T02:49:10.920+0600][68.470s][info][gc,marking     ] GC(318) Concurrent Clear Claimed Marks 0.321ms
[2026-04-03T02:49:10.921+0600][68.470s][info][gc,marking     ] GC(318) Concurrent Cleanup for Next Mark
[2026-04-03T02:49:10.921+0600][68.471s][info][gc,marking     ] GC(318) Concurrent Cleanup for Next Mark 0.292ms
[2026-04-03T02:49:10.921+0600][68.471s][info][gc             ] GC(318) Concurrent Undo Cycle 0.892ms
[2026-04-03T02:49:10.922+0600][68.471s][info][gc,start       ] GC(319) Pause Young (Concurrent Start) (G1 Humongous Allocation)
[2026-04-03T02:49:10.922+0600][68.471s][info][gc,task        ] GC(319) Using 10 workers of 10 for evacuation
[2026-04-03T02:49:10.924+0600][68.474s][info][gc,phases      ] GC(319)   Pre Evacuate Collection Set: 0.36ms
[2026-04-03T02:49:10.924+0600][68.474s][info][gc,phases      ] GC(319)   Merge Heap Roots: 0.10ms
[2026-04-03T02:49:10.924+0600][68.474s][info][gc,phases      ] GC(319)   Evacuate Collection Set: 1.35ms
[2026-04-03T02:49:10.924+0600][68.474s][info][gc,phases      ] GC(319)   Post Evacuate Collection Set: 0.43ms
[2026-04-03T02:49:10.924+0600][68.474s][info][gc,phases      ] GC(319)   Other: 0.08ms
[2026-04-03T02:49:10.924+0600][68.474s][info][gc,heap        ] GC(319) Eden regions: 3->0(270)
[2026-04-03T02:49:10.924+0600][68.474s][info][gc,heap        ] GC(319) Survivor regions: 5->5(35)
[2026-04-03T02:49:10.924+0600][68.474s][info][gc,heap        ] GC(319) Old regions: 89->89
[2026-04-03T02:49:10.924+0600][68.474s][info][gc,heap        ] GC(319) Humongous regions: 38->23
[2026-04-03T02:49:10.924+0600][68.474s][info][gc,metaspace   ] GC(319) Metaspace: 131902K(133376K)->131902K(133376K) NonClass: 115288K(116032K)->115288K(116032K) Class: 16613K(17344K)->16613K(17344K)
[2026-04-03T02:49:10.924+0600][68.474s][info][gc             ] GC(319) Pause Young (Concurrent Start) (G1 Humongous Allocation) 129M->112M(480M) 2.526ms
[2026-04-03T02:49:10.924+0600][68.474s][info][gc             ] GC(320) Concurrent Mark Cycle
[2026-04-03T02:49:10.924+0600][68.474s][info][gc,cpu         ] GC(319) User=0.01s Sys=0.00s Real=0.00s
[2026-04-03T02:49:10.924+0600][68.474s][info][gc,marking     ] GC(320) Concurrent Scan Root Regions
[2026-04-03T02:49:10.927+0600][68.476s][info][gc,marking     ] GC(320) Concurrent Scan Root Regions 2.455ms
[2026-04-03T02:49:10.927+0600][68.477s][info][gc,marking     ] GC(320) Concurrent Mark
[2026-04-03T02:49:10.927+0600][68.477s][info][gc,marking     ] GC(320) Concurrent Mark From Roots
[2026-04-03T02:49:10.927+0600][68.477s][info][gc,task        ] GC(320) Using 3 workers of 3 for marking
[2026-04-03T02:49:11.004+0600][68.554s][info][gc,marking     ] GC(320) Concurrent Mark From Roots 76.992ms
[2026-04-03T02:49:11.004+0600][68.554s][info][gc,marking     ] GC(320) Concurrent Preclean
[2026-04-03T02:49:11.004+0600][68.554s][info][gc,marking     ] GC(320) Concurrent Preclean 0.473ms
[2026-04-03T02:49:11.005+0600][68.555s][info][gc,start       ] GC(320) Pause Remark
[2026-04-03T02:49:11.014+0600][68.563s][info][gc             ] GC(320) Pause Remark 349M->349M(494M) 8.657ms
[2026-04-03T02:49:11.014+0600][68.564s][info][gc,cpu         ] GC(320) User=0.07s Sys=0.01s Real=0.01s
[2026-04-03T02:49:11.014+0600][68.564s][info][gc,marking     ] GC(320) Concurrent Mark 87.124ms
[2026-04-03T02:49:11.014+0600][68.564s][info][gc,marking     ] GC(320) Concurrent Rebuild Remembered Sets and Scrub Regions
[2026-04-03T02:49:11.038+0600][68.587s][info][gc,marking     ] GC(320) Concurrent Rebuild Remembered Sets and Scrub Regions 23.662ms
[2026-04-03T02:49:11.038+0600][68.588s][info][gc,start       ] GC(320) Pause Cleanup
[2026-04-03T02:49:11.038+0600][68.588s][info][gc             ] GC(320) Pause Cleanup 355M->355M(494M) 0.341ms
[2026-04-03T02:49:11.039+0600][68.588s][info][gc,cpu         ] GC(320) User=0.00s Sys=0.00s Real=0.00s
[2026-04-03T02:49:11.039+0600][68.588s][info][gc,marking     ] GC(320) Concurrent Clear Claimed Marks
[2026-04-03T02:49:11.039+0600][68.589s][info][gc,marking     ] GC(320) Concurrent Clear Claimed Marks 0.360ms
[2026-04-03T02:49:11.039+0600][68.589s][info][gc,marking     ] GC(320) Concurrent Cleanup for Next Mark
[2026-04-03T02:49:11.040+0600][68.590s][info][gc,marking     ] GC(320) Concurrent Cleanup for Next Mark 1.394ms
[2026-04-03T02:49:11.040+0600][68.590s][info][gc             ] GC(320) Concurrent Mark Cycle 116.156ms
[2026-04-03T02:49:11.194+0600][68.743s][info][gc,start       ] GC(321) Pause Young (Prepare Mixed) (G1 Evacuation Pause)
[2026-04-03T02:49:11.194+0600][68.744s][info][gc,task        ] GC(321) Using 10 workers of 10 for evacuation
[2026-04-03T02:49:11.197+0600][68.747s][info][gc,phases      ] GC(321)   Pre Evacuate Collection Set: 0.24ms
[2026-04-03T02:49:11.197+0600][68.747s][info][gc,phases      ] GC(321)   Merge Heap Roots: 0.20ms
[2026-04-03T02:49:11.197+0600][68.747s][info][gc,phases      ] GC(321)   Evacuate Collection Set: 2.34ms
[2026-04-03T02:49:11.197+0600][68.747s][info][gc,phases      ] GC(321)   Post Evacuate Collection Set: 0.65ms
[2026-04-03T02:49:11.197+0600][68.747s][info][gc,phases      ] GC(321)   Other: 0.08ms
[2026-04-03T02:49:11.197+0600][68.747s][info][gc,heap        ] GC(321) Eden regions: 125->0(294)
[2026-04-03T02:49:11.198+0600][68.747s][info][gc,heap        ] GC(321) Survivor regions: 5->4(35)
[2026-04-03T02:49:11.198+0600][68.747s][info][gc,heap        ] GC(321) Old regions: 89->89
[2026-04-03T02:49:11.198+0600][68.747s][info][gc,heap        ] GC(321) Humongous regions: 275->8
[2026-04-03T02:49:11.198+0600][68.747s][info][gc,metaspace   ] GC(321) Metaspace: 131908K(133376K)->131908K(133376K) NonClass: 115294K(116032K)->115294K(116032K) Class: 16613K(17344K)->16613K(17344K)
[2026-04-03T02:49:11.198+0600][68.747s][info][gc             ] GC(321) Pause Young (Prepare Mixed) (G1 Evacuation Pause) 489M->95M(498M) 3.749ms
[2026-04-03T02:49:11.198+0600][68.747s][info][gc,cpu         ] GC(321) User=0.01s Sys=0.00s Real=0.00s
[2026-04-03T02:49:11.591+0600][69.141s][info][gc,start       ] GC(322) Pause Young (Mixed) (G1 Evacuation Pause)
[2026-04-03T02:49:11.591+0600][69.141s][info][gc,task        ] GC(322) Using 10 workers of 10 for evacuation
[2026-04-03T02:49:11.595+0600][69.145s][info][gc,phases      ] GC(322)   Pre Evacuate Collection Set: 0.41ms
[2026-04-03T02:49:11.595+0600][69.145s][info][gc,phases      ] GC(322)   Merge Heap Roots: 0.24ms
[2026-04-03T02:49:11.595+0600][69.145s][info][gc,phases      ] GC(322)   Evacuate Collection Set: 2.78ms
[2026-04-03T02:49:11.595+0600][69.145s][info][gc,phases      ] GC(322)   Post Evacuate Collection Set: 0.70ms
[2026-04-03T02:49:11.595+0600][69.145s][info][gc,phases      ] GC(322)   Other: 0.13ms
[2026-04-03T02:49:11.595+0600][69.145s][info][gc,heap        ] GC(322) Eden regions: 283->0(304)
[2026-04-03T02:49:11.595+0600][69.145s][info][gc,heap        ] GC(322) Survivor regions: 4->4(38)
[2026-04-03T02:49:11.595+0600][69.145s][info][gc,heap        ] GC(322) Old regions: 89->88
[2026-04-03T02:49:11.595+0600][69.145s][info][gc,heap        ] GC(322) Humongous regions: 134->8
[2026-04-03T02:49:11.595+0600][69.145s][info][gc,metaspace   ] GC(322) Metaspace: 131912K(133376K)->131912K(133376K) NonClass: 115298K(116032K)->115298K(116032K) Class: 16613K(17344K)->16613K(17344K)
[2026-04-03T02:49:11.596+0600][69.145s][info][gc             ] GC(322) Pause Young (Mixed) (G1 Evacuation Pause) 504M->96M(514M) 4.552ms
[2026-04-03T02:49:11.596+0600][69.145s][info][gc,cpu         ] GC(322) User=0.03s Sys=0.01s Real=0.00s
[2026-04-03T02:49:11.598+0600][69.148s][info][gc,start       ] GC(323) Pause Young (Concurrent Start) (G1 Humongous Allocation)
[2026-04-03T02:49:11.598+0600][69.148s][info][gc,task        ] GC(323) Using 10 workers of 10 for evacuation
[2026-04-03T02:49:11.601+0600][69.151s][info][gc,phases      ] GC(323)   Pre Evacuate Collection Set: 0.32ms
[2026-04-03T02:49:11.601+0600][69.151s][info][gc,phases      ] GC(323)   Merge Heap Roots: 0.11ms
[2026-04-03T02:49:11.601+0600][69.151s][info][gc,phases      ] GC(323)   Evacuate Collection Set: 1.62ms
[2026-04-03T02:49:11.601+0600][69.151s][info][gc,phases      ] GC(323)   Post Evacuate Collection Set: 0.46ms
[2026-04-03T02:49:11.601+0600][69.151s][info][gc,phases      ] GC(323)   Other: 0.12ms
[2026-04-03T02:49:11.601+0600][69.151s][info][gc,heap        ] GC(323) Eden regions: 1->0(304)
[2026-04-03T02:49:11.601+0600][69.151s][info][gc,heap        ] GC(323) Survivor regions: 4->4(39)
[2026-04-03T02:49:11.601+0600][69.151s][info][gc,heap        ] GC(323) Old regions: 88->88
[2026-04-03T02:49:11.601+0600][69.151s][info][gc,heap        ] GC(323) Humongous regions: 8->8
[2026-04-03T02:49:11.601+0600][69.151s][info][gc,metaspace   ] GC(323) Metaspace: 131912K(133376K)->131912K(133376K) NonClass: 115298K(116032K)->115298K(116032K) Class: 16613K(17344K)->16613K(17344K)
[2026-04-03T02:49:11.601+0600][69.151s][info][gc             ] GC(323) Pause Young (Concurrent Start) (G1 Humongous Allocation) 96M->95M(514M) 2.918ms
[2026-04-03T02:49:11.601+0600][69.151s][info][gc             ] GC(324) Concurrent Mark Cycle
[2026-04-03T02:49:11.601+0600][69.151s][info][gc,marking     ] GC(324) Concurrent Scan Root Regions
[2026-04-03T02:49:11.601+0600][69.151s][info][gc,cpu         ] GC(323) User=0.02s Sys=0.00s Real=0.01s
[2026-04-03T02:49:11.603+0600][69.153s][info][gc,marking     ] GC(324) Concurrent Scan Root Regions 1.609ms
[2026-04-03T02:49:11.603+0600][69.153s][info][gc,marking     ] GC(324) Concurrent Mark
[2026-04-03T02:49:11.603+0600][69.153s][info][gc,marking     ] GC(324) Concurrent Mark From Roots
[2026-04-03T02:49:11.603+0600][69.153s][info][gc,task        ] GC(324) Using 3 workers of 3 for marking
[2026-04-03T02:49:11.690+0600][69.239s][info][gc,marking     ] GC(324) Concurrent Mark From Roots 86.670ms
[2026-04-03T02:49:11.690+0600][69.239s][info][gc,marking     ] GC(324) Concurrent Preclean
[2026-04-03T02:49:11.690+0600][69.240s][info][gc,marking     ] GC(324) Concurrent Preclean 0.534ms
[2026-04-03T02:49:11.691+0600][69.240s][info][gc,start       ] GC(324) Pause Remark
[2026-04-03T02:49:11.700+0600][69.249s][info][gc             ] GC(324) Pause Remark 199M->199M(490M) 8.945ms
[2026-04-03T02:49:11.700+0600][69.249s][info][gc,cpu         ] GC(324) User=0.07s Sys=0.00s Real=0.01s
[2026-04-03T02:49:11.700+0600][69.250s][info][gc,marking     ] GC(324) Concurrent Mark 97.060ms
[2026-04-03T02:49:11.700+0600][69.250s][info][gc,marking     ] GC(324) Concurrent Rebuild Remembered Sets and Scrub Regions
[2026-04-03T02:49:11.735+0600][69.284s][info][gc,marking     ] GC(324) Concurrent Rebuild Remembered Sets and Scrub Regions 34.612ms
[2026-04-03T02:49:11.735+0600][69.285s][info][gc,start       ] GC(324) Pause Cleanup
[2026-04-03T02:49:11.735+0600][69.285s][info][gc             ] GC(324) Pause Cleanup 239M->239M(490M) 0.362ms
[2026-04-03T02:49:11.735+0600][69.285s][info][gc,cpu         ] GC(324) User=0.00s Sys=0.00s Real=0.00s
[2026-04-03T02:49:11.736+0600][69.285s][info][gc,marking     ] GC(324) Concurrent Clear Claimed Marks
[2026-04-03T02:49:11.736+0600][69.286s][info][gc,marking     ] GC(324) Concurrent Clear Claimed Marks 0.422ms
[2026-04-03T02:49:11.736+0600][69.286s][info][gc,marking     ] GC(324) Concurrent Cleanup for Next Mark
[2026-04-03T02:49:11.737+0600][69.287s][info][gc,marking     ] GC(324) Concurrent Cleanup for Next Mark 1.015ms
[2026-04-03T02:49:11.737+0600][69.287s][info][gc             ] GC(324) Concurrent Mark Cycle 135.983ms
[2026-04-03T02:49:11.898+0600][69.448s][info][gc,start       ] GC(325) Pause Young (Prepare Mixed) (G1 Evacuation Pause)
[2026-04-03T02:49:11.898+0600][69.448s][info][gc,task        ] GC(325) Using 10 workers of 10 for evacuation
[2026-04-03T02:49:11.904+0600][69.454s][info][gc,phases      ] GC(325)   Pre Evacuate Collection Set: 0.49ms
[2026-04-03T02:49:11.904+0600][69.454s][info][gc,phases      ] GC(325)   Merge Heap Roots: 0.29ms
[2026-04-03T02:49:11.904+0600][69.454s][info][gc,phases      ] GC(325)   Evacuate Collection Set: 4.18ms
[2026-04-03T02:49:11.904+0600][69.454s][info][gc,phases      ] GC(325)   Post Evacuate Collection Set: 0.82ms
[2026-04-03T02:49:11.904+0600][69.454s][info][gc,phases      ] GC(325)   Other: 0.14ms
[2026-04-03T02:49:11.904+0600][69.454s][info][gc,heap        ] GC(325) Eden regions: 222->0(294)
[2026-04-03T02:49:11.904+0600][69.454s][info][gc,heap        ] GC(325) Survivor regions: 4->6(38)
[2026-04-03T02:49:11.904+0600][69.454s][info][gc,heap        ] GC(325) Old regions: 88->88
[2026-04-03T02:49:11.904+0600][69.454s][info][gc,heap        ] GC(325) Humongous regions: 181->8
[2026-04-03T02:49:11.904+0600][69.454s][info][gc,metaspace   ] GC(325) Metaspace: 131912K(133376K)->131912K(133376K) NonClass: 115298K(116032K)->115298K(116032K) Class: 16613K(17344K)->16613K(17344K)
[2026-04-03T02:49:11.904+0600][69.454s][info][gc             ] GC(325) Pause Young (Prepare Mixed) (G1 Evacuation Pause) 490M->97M(501M) 6.289ms
[2026-04-03T02:49:11.905+0600][69.454s][info][gc,cpu         ] GC(325) User=0.03s Sys=0.01s Real=0.01s
[2026-04-03T02:49:12.251+0600][69.801s][info][gc,start       ] GC(326) Pause Young (Mixed) (G1 Evacuation Pause)
[2026-04-03T02:49:12.251+0600][69.801s][info][gc,task        ] GC(326) Using 10 workers of 10 for evacuation
[2026-04-03T02:49:12.255+0600][69.804s][info][gc,phases      ] GC(326)   Pre Evacuate Collection Set: 0.38ms
[2026-04-03T02:49:12.255+0600][69.805s][info][gc,phases      ] GC(326)   Merge Heap Roots: 0.28ms
[2026-04-03T02:49:12.255+0600][69.805s][info][gc,phases      ] GC(326)   Evacuate Collection Set: 1.98ms
[2026-04-03T02:49:12.255+0600][69.805s][info][gc,phases      ] GC(326)   Post Evacuate Collection Set: 0.80ms
[2026-04-03T02:49:12.255+0600][69.805s][info][gc,phases      ] GC(326)   Other: 0.15ms
[2026-04-03T02:49:12.255+0600][69.805s][info][gc,heap        ] GC(326) Eden regions: 226->0(299)
[2026-04-03T02:49:12.255+0600][69.805s][info][gc,heap        ] GC(326) Survivor regions: 6->5(38)
[2026-04-03T02:49:12.255+0600][69.805s][info][gc,heap        ] GC(326) Old regions: 88->88
[2026-04-03T02:49:12.255+0600][69.805s][info][gc,heap        ] GC(326) Humongous regions: 181->8
[2026-04-03T02:49:12.255+0600][69.805s][info][gc,metaspace   ] GC(326) Metaspace: 131912K(133376K)->131912K(133376K) NonClass: 115298K(116032K)->115298K(116032K) Class: 16613K(17344K)->16613K(17344K)
[2026-04-03T02:49:12.255+0600][69.805s][info][gc             ] GC(326) Pause Young (Mixed) (G1 Evacuation Pause) 496M->96M(507M) 3.848ms
[2026-04-03T02:49:12.255+0600][69.805s][info][gc,cpu         ] GC(326) User=0.02s Sys=0.01s Real=0.00s
[2026-04-03T02:49:12.516+0600][70.066s][info][gc,start       ] GC(327) Pause Young (Concurrent Start) (G1 Humongous Allocation)
[2026-04-03T02:49:12.516+0600][70.066s][info][gc,task        ] GC(327) Using 10 workers of 10 for evacuation
[2026-04-03T02:49:12.519+0600][70.068s][info][gc,phases      ] GC(327)   Pre Evacuate Collection Set: 0.36ms
[2026-04-03T02:49:12.519+0600][70.068s][info][gc,phases      ] GC(327)   Merge Heap Roots: 0.14ms
[2026-04-03T02:49:12.519+0600][70.068s][info][gc,phases      ] GC(327)   Evacuate Collection Set: 1.38ms
[2026-04-03T02:49:12.519+0600][70.068s][info][gc,phases      ] GC(327)   Post Evacuate Collection Set: 0.57ms
[2026-04-03T02:49:12.519+0600][70.068s][info][gc,phases      ] GC(327)   Other: 0.13ms
[2026-04-03T02:49:12.519+0600][70.068s][info][gc,heap        ] GC(327) Eden regions: 127->0(300)
[2026-04-03T02:49:12.519+0600][70.068s][info][gc,heap        ] GC(327) Survivor regions: 5->4(38)
[2026-04-03T02:49:12.519+0600][70.068s][info][gc,heap        ] GC(327) Old regions: 88->88
[2026-04-03T02:49:12.519+0600][70.068s][info][gc,heap        ] GC(327) Humongous regions: 8->8
[2026-04-03T02:49:12.519+0600][70.068s][info][gc,metaspace   ] GC(327) Metaspace: 131922K(133376K)->131922K(133376K) NonClass: 115309K(116032K)->115309K(116032K) Class: 16613K(17344K)->16613K(17344K)
[2026-04-03T02:49:12.519+0600][70.068s][info][gc             ] GC(327) Pause Young (Concurrent Start) (G1 Humongous Allocation) 223M->96M(507M) 2.826ms
[2026-04-03T02:49:12.519+0600][70.069s][info][gc             ] GC(328) Concurrent Mark Cycle
[2026-04-03T02:49:12.519+0600][70.069s][info][gc,marking     ] GC(328) Concurrent Scan Root Regions
[2026-04-03T02:49:12.519+0600][70.069s][info][gc,cpu         ] GC(327) User=0.02s Sys=0.00s Real=0.00s
[2026-04-03T02:49:12.520+0600][70.070s][info][gc,marking     ] GC(328) Concurrent Scan Root Regions 1.507ms
[2026-04-03T02:49:12.520+0600][70.070s][info][gc,marking     ] GC(328) Concurrent Mark
[2026-04-03T02:49:12.520+0600][70.070s][info][gc,marking     ] GC(328) Concurrent Mark From Roots
[2026-04-03T02:49:12.520+0600][70.070s][info][gc,task        ] GC(328) Using 3 workers of 3 for marking
[2026-04-03T02:49:12.599+0600][70.149s][info][gc,marking     ] GC(328) Concurrent Mark From Roots 78.962ms
[2026-04-03T02:49:12.599+0600][70.149s][info][gc,marking     ] GC(328) Concurrent Preclean
[2026-04-03T02:49:12.600+0600][70.150s][info][gc,marking     ] GC(328) Concurrent Preclean 0.499ms
[2026-04-03T02:49:12.600+0600][70.150s][info][gc,start       ] GC(328) Pause Remark
[2026-04-03T02:49:12.609+0600][70.159s][info][gc             ] GC(328) Pause Remark 185M->185M(474M) 8.748ms
[2026-04-03T02:49:12.609+0600][70.159s][info][gc,cpu         ] GC(328) User=0.07s Sys=0.00s Real=0.00s
[2026-04-03T02:49:12.609+0600][70.159s][info][gc,marking     ] GC(328) Concurrent Mark 89.036ms
[2026-04-03T02:49:12.610+0600][70.159s][info][gc,marking     ] GC(328) Concurrent Rebuild Remembered Sets and Scrub Regions
[2026-04-03T02:49:12.641+0600][70.191s][info][gc,marking     ] GC(328) Concurrent Rebuild Remembered Sets and Scrub Regions 31.406ms
[2026-04-03T02:49:12.641+0600][70.191s][info][gc,start       ] GC(328) Pause Cleanup
[2026-04-03T02:49:12.642+0600][70.191s][info][gc             ] GC(328) Pause Cleanup 203M->203M(474M) 0.325ms
[2026-04-03T02:49:12.642+0600][70.192s][info][gc,cpu         ] GC(328) User=0.00s Sys=0.00s Real=0.00s
[2026-04-03T02:49:12.642+0600][70.192s][info][gc,marking     ] GC(328) Concurrent Clear Claimed Marks
[2026-04-03T02:49:12.643+0600][70.192s][info][gc,marking     ] GC(328) Concurrent Clear Claimed Marks 0.452ms
[2026-04-03T02:49:12.643+0600][70.192s][info][gc,marking     ] GC(328) Concurrent Cleanup for Next Mark
[2026-04-03T02:49:12.643+0600][70.193s][info][gc,marking     ] GC(328) Concurrent Cleanup for Next Mark 0.900ms
[2026-04-03T02:49:12.644+0600][70.193s][info][gc             ] GC(328) Concurrent Mark Cycle 124.676ms
[2026-04-03T02:49:12.823+0600][70.373s][info][gc,start       ] GC(329) Pause Young (Prepare Mixed) (G1 Evacuation Pause)
[2026-04-03T02:49:12.823+0600][70.373s][info][gc,task        ] GC(329) Using 10 workers of 10 for evacuation
[2026-04-03T02:49:12.829+0600][70.379s][info][gc,phases      ] GC(329)   Pre Evacuate Collection Set: 0.43ms
[2026-04-03T02:49:12.829+0600][70.379s][info][gc,phases      ] GC(329)   Merge Heap Roots: 0.34ms
[2026-04-03T02:49:12.829+0600][70.379s][info][gc,phases      ] GC(329)   Evacuate Collection Set: 4.50ms
[2026-04-03T02:49:12.829+0600][70.379s][info][gc,phases      ] GC(329)   Post Evacuate Collection Set: 0.86ms
[2026-04-03T02:49:12.829+0600][70.379s][info][gc,phases      ] GC(329)   Other: 0.14ms
[2026-04-03T02:49:12.829+0600][70.379s][info][gc,heap        ] GC(329) Eden regions: 206->0(284)
[2026-04-03T02:49:12.829+0600][70.379s][info][gc,heap        ] GC(329) Survivor regions: 4->7(36)
[2026-04-03T02:49:12.829+0600][70.379s][info][gc,heap        ] GC(329) Old regions: 88->88
[2026-04-03T02:49:12.829+0600][70.379s][info][gc,heap        ] GC(329) Humongous regions: 181->8
[2026-04-03T02:49:12.829+0600][70.379s][info][gc,metaspace   ] GC(329) Metaspace: 131922K(133376K)->131922K(133376K) NonClass: 115309K(116032K)->115309K(116032K) Class: 16613K(17344K)->16613K(17344K)
[2026-04-03T02:49:12.830+0600][70.379s][info][gc             ] GC(329) Pause Young (Prepare Mixed) (G1 Evacuation Pause) 475M->98M(486M) 6.629ms
[2026-04-03T02:49:12.830+0600][70.379s][info][gc,cpu         ] GC(329) User=0.03s Sys=0.01s Real=0.00s
[2026-04-03T02:49:13.101+0600][70.650s][info][gc,start       ] GC(330) Pause Young (Mixed) (GCLocker Initiated GC)
[2026-04-03T02:49:13.101+0600][70.650s][info][gc,task        ] GC(330) Using 10 workers of 10 for evacuation
[2026-04-03T02:49:13.108+0600][70.657s][info][gc,phases      ] GC(330)   Pre Evacuate Collection Set: 0.43ms
[2026-04-03T02:49:13.108+0600][70.657s][info][gc,phases      ] GC(330)   Merge Heap Roots: 0.24ms
[2026-04-03T02:49:13.108+0600][70.657s][info][gc,phases      ] GC(330)   Evacuate Collection Set: 4.75ms
[2026-04-03T02:49:13.108+0600][70.657s][info][gc,phases      ] GC(330)   Post Evacuate Collection Set: 1.29ms
[2026-04-03T02:49:13.108+0600][70.657s][info][gc,phases      ] GC(330)   Other: 0.14ms
[2026-04-03T02:49:13.108+0600][70.657s][info][gc,heap        ] GC(330) Eden regions: 220->0(292)
[2026-04-03T02:49:13.108+0600][70.657s][info][gc,heap        ] GC(330) Survivor regions: 7->7(37)
[2026-04-03T02:49:13.108+0600][70.657s][info][gc,heap        ] GC(330) Old regions: 88->88
[2026-04-03T02:49:13.108+0600][70.657s][info][gc,heap        ] GC(330) Humongous regions: 176->8
[2026-04-03T02:49:13.108+0600][70.658s][info][gc,metaspace   ] GC(330) Metaspace: 131923K(133376K)->131923K(133376K) NonClass: 115309K(116032K)->115309K(116032K) Class: 16613K(17344K)->16613K(17344K)
[2026-04-03T02:49:13.108+0600][70.658s][info][gc             ] GC(330) Pause Young (Mixed) (GCLocker Initiated GC) 486M->98M(499M) 7.225ms
[2026-04-03T02:49:13.108+0600][70.658s][info][gc,cpu         ] GC(330) User=0.03s Sys=0.02s Real=0.00s
[2026-04-03T02:49:13.118+0600][70.668s][info][gc,start       ] GC(331) Pause Young (Concurrent Start) (G1 Humongous Allocation)
[2026-04-03T02:49:13.118+0600][70.668s][info][gc,task        ] GC(331) Using 10 workers of 10 for evacuation
[2026-04-03T02:49:13.123+0600][70.673s][info][gc,phases      ] GC(331)   Pre Evacuate Collection Set: 0.54ms
[2026-04-03T02:49:13.123+0600][70.673s][info][gc,phases      ] GC(331)   Merge Heap Roots: 0.18ms
[2026-04-03T02:49:13.123+0600][70.673s][info][gc,phases      ] GC(331)   Evacuate Collection Set: 3.18ms
[2026-04-03T02:49:13.123+0600][70.673s][info][gc,phases      ] GC(331)   Post Evacuate Collection Set: 0.65ms
[2026-04-03T02:49:13.123+0600][70.673s][info][gc,phases      ] GC(331)   Other: 0.16ms
[2026-04-03T02:49:13.123+0600][70.673s][info][gc,heap        ] GC(331) Eden regions: 7->0(292)
[2026-04-03T02:49:13.123+0600][70.673s][info][gc,heap        ] GC(331) Survivor regions: 7->7(38)
[2026-04-03T02:49:13.123+0600][70.673s][info][gc,heap        ] GC(331) Old regions: 88->88
[2026-04-03T02:49:13.123+0600][70.673s][info][gc,heap        ] GC(331) Humongous regions: 8->8
[2026-04-03T02:49:13.123+0600][70.673s][info][gc,metaspace   ] GC(331) Metaspace: 131923K(133376K)->131923K(133376K) NonClass: 115309K(116032K)->115309K(116032K) Class: 16613K(17344K)->16613K(17344K)
[2026-04-03T02:49:13.123+0600][70.673s][info][gc             ] GC(331) Pause Young (Concurrent Start) (G1 Humongous Allocation) 105M->99M(499M) 5.070ms
[2026-04-03T02:49:13.123+0600][70.673s][info][gc,cpu         ] GC(331) User=0.04s Sys=0.00s Real=0.01s
[2026-04-03T02:49:13.123+0600][70.673s][info][gc             ] GC(332) Concurrent Mark Cycle
[2026-04-03T02:49:13.123+0600][70.673s][info][gc,marking     ] GC(332) Concurrent Scan Root Regions
[2026-04-03T02:49:13.126+0600][70.675s][info][gc,marking     ] GC(332) Concurrent Scan Root Regions 2.309ms
[2026-04-03T02:49:13.126+0600][70.675s][info][gc,marking     ] GC(332) Concurrent Mark
[2026-04-03T02:49:13.126+0600][70.675s][info][gc,marking     ] GC(332) Concurrent Mark From Roots
[2026-04-03T02:49:13.126+0600][70.675s][info][gc,task        ] GC(332) Using 3 workers of 3 for marking
[2026-04-03T02:49:13.208+0600][70.758s][info][gc,marking     ] GC(332) Concurrent Mark From Roots 82.704ms
[2026-04-03T02:49:13.209+0600][70.758s][info][gc,marking     ] GC(332) Concurrent Preclean
[2026-04-03T02:49:13.209+0600][70.759s][info][gc,marking     ] GC(332) Concurrent Preclean 0.689ms
[2026-04-03T02:49:13.210+0600][70.759s][info][gc,start       ] GC(332) Pause Remark
[2026-04-03T02:49:13.219+0600][70.769s][info][gc             ] GC(332) Pause Remark 195M->195M(484M) 9.771ms
[2026-04-03T02:49:13.220+0600][70.769s][info][gc,cpu         ] GC(332) User=0.06s Sys=0.00s Real=0.01s
[2026-04-03T02:49:13.220+0600][70.770s][info][gc,marking     ] GC(332) Concurrent Mark 94.387ms
[2026-04-03T02:49:13.220+0600][70.770s][info][gc,marking     ] GC(332) Concurrent Rebuild Remembered Sets and Scrub Regions
[2026-04-03T02:49:13.255+0600][70.805s][info][gc,marking     ] GC(332) Concurrent Rebuild Remembered Sets and Scrub Regions 35.151ms
[2026-04-03T02:49:13.256+0600][70.806s][info][gc,start       ] GC(332) Pause Cleanup
[2026-04-03T02:49:13.256+0600][70.806s][info][gc             ] GC(332) Pause Cleanup 236M->236M(484M) 0.390ms
[2026-04-03T02:49:13.256+0600][70.806s][info][gc,cpu         ] GC(332) User=0.00s Sys=0.00s Real=0.00s
[2026-04-03T02:49:13.257+0600][70.806s][info][gc,marking     ] GC(332) Concurrent Clear Claimed Marks
[2026-04-03T02:49:13.258+0600][70.808s][info][gc,marking     ] GC(332) Concurrent Clear Claimed Marks 1.215ms
[2026-04-03T02:49:13.258+0600][70.808s][info][gc,marking     ] GC(332) Concurrent Cleanup for Next Mark
[2026-04-03T02:49:13.260+0600][70.809s][info][gc,marking     ] GC(332) Concurrent Cleanup for Next Mark 1.566ms
[2026-04-03T02:49:13.260+0600][70.809s][info][gc             ] GC(332) Concurrent Mark Cycle 136.492ms
[2026-04-03T02:49:13.497+0600][71.047s][info][gc,start       ] GC(333) Pause Young (Prepare Mixed) (G1 Evacuation Pause)
[2026-04-03T02:49:13.497+0600][71.047s][info][gc,task        ] GC(333) Using 10 workers of 10 for evacuation
[2026-04-03T02:49:13.504+0600][71.053s][info][gc,phases      ] GC(333)   Pre Evacuate Collection Set: 0.45ms
[2026-04-03T02:49:13.504+0600][71.053s][info][gc,phases      ] GC(333)   Merge Heap Roots: 0.27ms
[2026-04-03T02:49:13.504+0600][71.054s][info][gc,phases      ] GC(333)   Evacuate Collection Set: 4.58ms
[2026-04-03T02:49:13.504+0600][71.054s][info][gc,phases      ] GC(333)   Post Evacuate Collection Set: 0.90ms
[2026-04-03T02:49:13.504+0600][71.054s][info][gc,phases      ] GC(333)   Other: 0.12ms
[2026-04-03T02:49:13.504+0600][71.054s][info][gc,heap        ] GC(333) Eden regions: 235->0(289)
[2026-04-03T02:49:13.504+0600][71.054s][info][gc,heap        ] GC(333) Survivor regions: 7->8(37)
[2026-04-03T02:49:13.504+0600][71.054s][info][gc,heap        ] GC(333) Old regions: 88->88
[2026-04-03T02:49:13.504+0600][71.054s][info][gc,heap        ] GC(333) Humongous regions: 158->8
[2026-04-03T02:49:13.504+0600][71.054s][info][gc,metaspace   ] GC(333) Metaspace: 131926K(133376K)->131926K(133376K) NonClass: 115312K(116032K)->115312K(116032K) Class: 16614K(17344K)->16614K(17344K)
[2026-04-03T02:49:13.504+0600][71.054s][info][gc             ] GC(333) Pause Young (Prepare Mixed) (G1 Evacuation Pause) 484M->99M(496M) 6.692ms
[2026-04-03T02:49:13.504+0600][71.054s][info][gc,cpu         ] GC(333) User=0.04s Sys=0.02s Real=0.01s
[2026-04-03T02:49:13.811+0600][71.361s][info][gc,start       ] GC(334) Pause Young (Mixed) (G1 Evacuation Pause)
[2026-04-03T02:49:13.811+0600][71.361s][info][gc,task        ] GC(334) Using 10 workers of 10 for evacuation
[2026-04-03T02:49:13.815+0600][71.365s][info][gc,phases      ] GC(334)   Pre Evacuate Collection Set: 0.34ms
[2026-04-03T02:49:13.816+0600][71.365s][info][gc,phases      ] GC(334)   Merge Heap Roots: 0.17ms
[2026-04-03T02:49:13.816+0600][71.365s][info][gc,phases      ] GC(334)   Evacuate Collection Set: 3.15ms
[2026-04-03T02:49:13.816+0600][71.365s][info][gc,phases      ] GC(334)   Post Evacuate Collection Set: 0.74ms
[2026-04-03T02:49:13.816+0600][71.365s][info][gc,phases      ] GC(334)   Other: 0.11ms
[2026-04-03T02:49:13.816+0600][71.365s][info][gc,heap        ] GC(334) Eden regions: 261->0(363)
[2026-04-03T02:49:13.816+0600][71.365s][info][gc,heap        ] GC(334) Survivor regions: 8->9(40)
[2026-04-03T02:49:13.816+0600][71.365s][info][gc,heap        ] GC(334) Old regions: 88->88
[2026-04-03T02:49:13.816+0600][71.365s][info][gc,heap        ] GC(334) Humongous regions: 254->18
[2026-04-03T02:49:13.816+0600][71.365s][info][gc,metaspace   ] GC(334) Metaspace: 131928K(133376K)->131928K(133376K) NonClass: 115314K(116032K)->115314K(116032K) Class: 16614K(17344K)->16614K(17344K)
[2026-04-03T02:49:13.816+0600][71.365s][info][gc             ] GC(334) Pause Young (Mixed) (G1 Evacuation Pause) 606M->110M(621M) 4.774ms
[2026-04-03T02:49:13.816+0600][71.365s][info][gc,cpu         ] GC(334) User=0.03s Sys=0.01s Real=0.00s
[2026-04-03T02:49:13.816+0600][71.366s][info][gc,start       ] GC(335) Pause Young (Concurrent Start) (G1 Humongous Allocation)
[2026-04-03T02:49:13.816+0600][71.366s][info][gc,task        ] GC(335) Using 10 workers of 10 for evacuation
[2026-04-03T02:49:13.820+0600][71.370s][info][gc,phases      ] GC(335)   Pre Evacuate Collection Set: 0.40ms
[2026-04-03T02:49:13.820+0600][71.370s][info][gc,phases      ] GC(335)   Merge Heap Roots: 0.11ms
[2026-04-03T02:49:13.820+0600][71.370s][info][gc,phases      ] GC(335)   Evacuate Collection Set: 2.34ms
[2026-04-03T02:49:13.820+0600][71.370s][info][gc,phases      ] GC(335)   Post Evacuate Collection Set: 0.66ms
[2026-04-03T02:49:13.820+0600][71.370s][info][gc,phases      ] GC(335)   Other: 0.20ms
[2026-04-03T02:49:13.820+0600][71.370s][info][gc,heap        ] GC(335) Eden regions: 1->0(364)
[2026-04-03T02:49:13.820+0600][71.370s][info][gc,heap        ] GC(335) Survivor regions: 9->8(47)
[2026-04-03T02:49:13.820+0600][71.370s][info][gc,heap        ] GC(335) Old regions: 88->88
[2026-04-03T02:49:13.820+0600][71.370s][info][gc,heap        ] GC(335) Humongous regions: 18->18
[2026-04-03T02:49:13.820+0600][71.370s][info][gc,metaspace   ] GC(335) Metaspace: 131928K(133376K)->131928K(133376K) NonClass: 115314K(116032K)->115314K(116032K) Class: 16614K(17344K)->16614K(17344K)
[2026-04-03T02:49:13.820+0600][71.370s][info][gc             ] GC(335) Pause Young (Concurrent Start) (G1 Humongous Allocation) 111M->110M(621M) 3.961ms
[2026-04-03T02:49:13.820+0600][71.370s][info][gc             ] GC(336) Concurrent Mark Cycle
[2026-04-03T02:49:13.820+0600][71.370s][info][gc,marking     ] GC(336) Concurrent Scan Root Regions
[2026-04-03T02:49:13.820+0600][71.370s][info][gc,cpu         ] GC(335) User=0.03s Sys=0.00s Real=0.01s
[2026-04-03T02:49:13.823+0600][71.373s][info][gc,marking     ] GC(336) Concurrent Scan Root Regions 2.838ms
[2026-04-03T02:49:13.823+0600][71.373s][info][gc,marking     ] GC(336) Concurrent Mark
[2026-04-03T02:49:13.823+0600][71.373s][info][gc,marking     ] GC(336) Concurrent Mark From Roots
[2026-04-03T02:49:13.823+0600][71.373s][info][gc,task        ] GC(336) Using 3 workers of 3 for marking
[2026-04-03T02:49:13.905+0600][71.455s][info][gc,marking     ] GC(336) Concurrent Mark From Roots 81.732ms
[2026-04-03T02:49:13.905+0600][71.455s][info][gc,marking     ] GC(336) Concurrent Preclean
[2026-04-03T02:49:13.905+0600][71.455s][info][gc,marking     ] GC(336) Concurrent Preclean 0.397ms
[2026-04-03T02:49:13.906+0600][71.455s][info][gc,start       ] GC(336) Pause Remark
[2026-04-03T02:49:13.915+0600][71.464s][info][gc             ] GC(336) Pause Remark 345M->345M(621M) 8.813ms
[2026-04-03T02:49:13.915+0600][71.464s][info][gc,cpu         ] GC(336) User=0.07s Sys=0.00s Real=0.01s
[2026-04-03T02:49:13.915+0600][71.465s][info][gc,marking     ] GC(336) Concurrent Mark 91.872ms
[2026-04-03T02:49:13.915+0600][71.465s][info][gc,marking     ] GC(336) Concurrent Rebuild Remembered Sets and Scrub Regions
[2026-04-03T02:49:13.940+0600][71.489s][info][gc,marking     ] GC(336) Concurrent Rebuild Remembered Sets and Scrub Regions 24.615ms
[2026-04-03T02:49:13.940+0600][71.490s][info][gc,start       ] GC(336) Pause Cleanup
[2026-04-03T02:49:13.941+0600][71.490s][info][gc             ] GC(336) Pause Cleanup 356M->356M(621M) 0.354ms
[2026-04-03T02:49:13.941+0600][71.490s][info][gc,cpu         ] GC(336) User=0.00s Sys=0.00s Real=0.00s
[2026-04-03T02:49:13.941+0600][71.491s][info][gc,marking     ] GC(336) Concurrent Clear Claimed Marks
[2026-04-03T02:49:13.941+0600][71.491s][info][gc,marking     ] GC(336) Concurrent Clear Claimed Marks 0.404ms
[2026-04-03T02:49:13.941+0600][71.491s][info][gc,marking     ] GC(336) Concurrent Cleanup for Next Mark
[2026-04-03T02:49:13.943+0600][71.493s][info][gc,marking     ] GC(336) Concurrent Cleanup for Next Mark 1.700ms
[2026-04-03T02:49:13.943+0600][71.493s][info][gc             ] GC(336) Concurrent Mark Cycle 122.930ms
[2026-04-03T02:49:14.008+0600][71.558s][info][gc,start       ] GC(337) Pause Young (Prepare Mixed) (G1 Evacuation Pause)
[2026-04-03T02:49:14.008+0600][71.558s][info][gc,task        ] GC(337) Using 10 workers of 10 for evacuation
[2026-04-03T02:49:14.012+0600][71.561s][info][gc,phases      ] GC(337)   Pre Evacuate Collection Set: 0.28ms
[2026-04-03T02:49:14.012+0600][71.561s][info][gc,phases      ] GC(337)   Merge Heap Roots: 0.25ms
[2026-04-03T02:49:14.012+0600][71.561s][info][gc,phases      ] GC(337)   Evacuate Collection Set: 1.76ms
[2026-04-03T02:49:14.012+0600][71.561s][info][gc,phases      ] GC(337)   Post Evacuate Collection Set: 0.87ms
[2026-04-03T02:49:14.012+0600][71.561s][info][gc,phases      ] GC(337)   Other: 0.08ms
[2026-04-03T02:49:14.012+0600][71.561s][info][gc,heap        ] GC(337) Eden regions: 73->0(426)
[2026-04-03T02:49:14.012+0600][71.561s][info][gc,heap        ] GC(337) Survivor regions: 8->4(48)
[2026-04-03T02:49:14.012+0600][71.561s][info][gc,heap        ] GC(337) Old regions: 88->88
[2026-04-03T02:49:14.012+0600][71.561s][info][gc,heap        ] GC(337) Humongous regions: 545->8
[2026-04-03T02:49:14.012+0600][71.561s][info][gc,metaspace   ] GC(337) Metaspace: 131931K(133376K)->131931K(133376K) NonClass: 115316K(116032K)->115316K(116032K) Class: 16614K(17344K)->16614K(17344K)
[2026-04-03T02:49:14.012+0600][71.561s][info][gc             ] GC(337) Pause Young (Prepare Mixed) (G1 Evacuation Pause) 710M->96M(718M) 3.520ms
[2026-04-03T02:49:14.012+0600][71.562s][info][gc,cpu         ] GC(337) User=0.03s Sys=0.01s Real=0.01s
[2026-04-03T02:49:14.603+0600][72.153s][info][gc,start       ] GC(338) Pause Young (Mixed) (G1 Evacuation Pause)
[2026-04-03T02:49:14.603+0600][72.153s][info][gc,task        ] GC(338) Using 10 workers of 10 for evacuation
[2026-04-03T02:49:14.609+0600][72.158s][info][gc,phases      ] GC(338)   Pre Evacuate Collection Set: 0.40ms
[2026-04-03T02:49:14.609+0600][72.158s][info][gc,phases      ] GC(338)   Merge Heap Roots: 0.23ms
[2026-04-03T02:49:14.609+0600][72.158s][info][gc,phases      ] GC(338)   Evacuate Collection Set: 4.19ms
[2026-04-03T02:49:14.609+0600][72.158s][info][gc,phases      ] GC(338)   Post Evacuate Collection Set: 0.67ms
[2026-04-03T02:49:14.609+0600][72.158s][info][gc,phases      ] GC(338)   Other: 0.11ms
[2026-04-03T02:49:14.609+0600][72.158s][info][gc,heap        ] GC(338) Eden regions: 403->0(431)
[2026-04-03T02:49:14.609+0600][72.158s][info][gc,heap        ] GC(338) Survivor regions: 4->7(55)
[2026-04-03T02:49:14.609+0600][72.158s][info][gc,heap        ] GC(338) Old regions: 88->88
[2026-04-03T02:49:14.609+0600][72.158s][info][gc,heap        ] GC(338) Humongous regions: 228->8
[2026-04-03T02:49:14.609+0600][72.158s][info][gc,metaspace   ] GC(338) Metaspace: 131940K(133376K)->131940K(133376K) NonClass: 115325K(116032K)->115325K(116032K) Class: 16614K(17344K)->16614K(17344K)
[2026-04-03T02:49:14.609+0600][72.158s][info][gc             ] GC(338) Pause Young (Mixed) (G1 Evacuation Pause) 719M->99M(731M) 5.905ms
[2026-04-03T02:49:14.609+0600][72.159s][info][gc,cpu         ] GC(338) User=0.03s Sys=0.01s Real=0.00s
[2026-04-03T02:49:14.624+0600][72.174s][info][gc,start       ] GC(339) Pause Young (Concurrent Start) (G1 Humongous Allocation)
[2026-04-03T02:49:14.624+0600][72.174s][info][gc,task        ] GC(339) Using 10 workers of 10 for evacuation
[2026-04-03T02:49:14.628+0600][72.178s][info][gc,phases      ] GC(339)   Pre Evacuate Collection Set: 0.65ms
[2026-04-03T02:49:14.628+0600][72.178s][info][gc,phases      ] GC(339)   Merge Heap Roots: 0.17ms
[2026-04-03T02:49:14.628+0600][72.178s][info][gc,phases      ] GC(339)   Evacuate Collection Set: 2.61ms
[2026-04-03T02:49:14.628+0600][72.178s][info][gc,phases      ] GC(339)   Post Evacuate Collection Set: 0.89ms
[2026-04-03T02:49:14.628+0600][72.178s][info][gc,phases      ] GC(339)   Other: 0.13ms
[2026-04-03T02:49:14.629+0600][72.178s][info][gc,heap        ] GC(339) Eden regions: 13->0(429)
[2026-04-03T02:49:14.629+0600][72.178s][info][gc,heap        ] GC(339) Survivor regions: 7->9(55)
[2026-04-03T02:49:14.629+0600][72.178s][info][gc,heap        ] GC(339) Old regions: 88->88
[2026-04-03T02:49:14.629+0600][72.178s][info][gc,heap        ] GC(339) Humongous regions: 8->8
[2026-04-03T02:49:14.629+0600][72.178s][info][gc,metaspace   ] GC(339) Metaspace: 131940K(133376K)->131940K(133376K) NonClass: 115325K(116032K)->115325K(116032K) Class: 16614K(17344K)->16614K(17344K)
[2026-04-03T02:49:14.629+0600][72.178s][info][gc             ] GC(339) Pause Young (Concurrent Start) (G1 Humongous Allocation) 111M->100M(731M) 4.767ms
[2026-04-03T02:49:14.629+0600][72.178s][info][gc             ] GC(340) Concurrent Mark Cycle
[2026-04-03T02:49:14.629+0600][72.178s][info][gc,marking     ] GC(340) Concurrent Scan Root Regions
[2026-04-03T02:49:14.629+0600][72.178s][info][gc,cpu         ] GC(339) User=0.03s Sys=0.00s Real=0.00s
[2026-04-03T02:49:14.632+0600][72.182s][info][gc,marking     ] GC(340) Concurrent Scan Root Regions 3.204ms
[2026-04-03T02:49:14.632+0600][72.182s][info][gc,marking     ] GC(340) Concurrent Mark
[2026-04-03T02:49:14.632+0600][72.182s][info][gc,marking     ] GC(340) Concurrent Mark From Roots
[2026-04-03T02:49:14.632+0600][72.182s][info][gc,task        ] GC(340) Using 3 workers of 3 for marking
[2026-04-03T02:49:14.709+0600][72.259s][info][gc,marking     ] GC(340) Concurrent Mark From Roots 77.121ms
[2026-04-03T02:49:14.709+0600][72.259s][info][gc,marking     ] GC(340) Concurrent Preclean
[2026-04-03T02:49:14.710+0600][72.260s][info][gc,marking     ] GC(340) Concurrent Preclean 0.754ms
[2026-04-03T02:49:14.711+0600][72.260s][info][gc,start       ] GC(340) Pause Remark
[2026-04-03T02:49:14.720+0600][72.269s][info][gc             ] GC(340) Pause Remark 190M->190M(490M) 8.943ms
[2026-04-03T02:49:14.720+0600][72.269s][info][gc,cpu         ] GC(340) User=0.06s Sys=0.00s Real=0.01s
[2026-04-03T02:49:14.720+0600][72.270s][info][gc,marking     ] GC(340) Concurrent Mark 88.060ms
[2026-04-03T02:49:14.720+0600][72.270s][info][gc,marking     ] GC(340) Concurrent Rebuild Remembered Sets and Scrub Regions
[2026-04-03T02:49:14.752+0600][72.302s][info][gc,marking     ] GC(340) Concurrent Rebuild Remembered Sets and Scrub Regions 32.282ms
[2026-04-03T02:49:14.753+0600][72.303s][info][gc,start       ] GC(340) Pause Cleanup
[2026-04-03T02:49:14.753+0600][72.303s][info][gc             ] GC(340) Pause Cleanup 226M->226M(490M) 0.386ms
[2026-04-03T02:49:14.753+0600][72.303s][info][gc,cpu         ] GC(340) User=0.00s Sys=0.00s Real=0.00s
[2026-04-03T02:49:14.754+0600][72.303s][info][gc,marking     ] GC(340) Concurrent Clear Claimed Marks
[2026-04-03T02:49:14.754+0600][72.304s][info][gc,marking     ] GC(340) Concurrent Clear Claimed Marks 0.424ms
[2026-04-03T02:49:14.754+0600][72.304s][info][gc,marking     ] GC(340) Concurrent Cleanup for Next Mark
[2026-04-03T02:49:14.755+0600][72.305s][info][gc,marking     ] GC(340) Concurrent Cleanup for Next Mark 1.289ms
[2026-04-03T02:49:14.755+0600][72.305s][info][gc             ] GC(340) Concurrent Mark Cycle 126.836ms
[2026-04-03T02:49:14.941+0600][72.491s][info][gc,start       ] GC(341) Pause Young (Prepare Mixed) (G1 Evacuation Pause)
[2026-04-03T02:49:14.942+0600][72.491s][info][gc,task        ] GC(341) Using 10 workers of 10 for evacuation
[2026-04-03T02:49:14.949+0600][72.499s][info][gc,phases      ] GC(341)   Pre Evacuate Collection Set: 0.65ms
[2026-04-03T02:49:14.949+0600][72.499s][info][gc,phases      ] GC(341)   Merge Heap Roots: 0.29ms
[2026-04-03T02:49:14.949+0600][72.499s][info][gc,phases      ] GC(341)   Evacuate Collection Set: 5.27ms
[2026-04-03T02:49:14.949+0600][72.499s][info][gc,phases      ] GC(341)   Post Evacuate Collection Set: 1.24ms
[2026-04-03T02:49:14.949+0600][72.499s][info][gc,phases      ] GC(341)   Other: 0.14ms
[2026-04-03T02:49:14.949+0600][72.499s][info][gc,heap        ] GC(341) Eden regions: 217->0(294)
[2026-04-03T02:49:14.949+0600][72.499s][info][gc,heap        ] GC(341) Survivor regions: 9->9(37)
[2026-04-03T02:49:14.949+0600][72.499s][info][gc,heap        ] GC(341) Old regions: 88->89
[2026-04-03T02:49:14.949+0600][72.499s][info][gc,heap        ] GC(341) Humongous regions: 182->8
[2026-04-03T02:49:14.949+0600][72.499s][info][gc,metaspace   ] GC(341) Metaspace: 131940K(133376K)->131940K(133376K) NonClass: 115325K(116032K)->115325K(116032K) Class: 16614K(17344K)->16614K(17344K)
[2026-04-03T02:49:14.949+0600][72.499s][info][gc             ] GC(341) Pause Young (Prepare Mixed) (G1 Evacuation Pause) 491M->101M(506M) 7.999ms
[2026-04-03T02:49:14.950+0600][72.499s][info][gc,cpu         ] GC(341) User=0.04s Sys=0.01s Real=0.00s
[2026-04-03T02:49:15.304+0600][72.854s][info][gc,start       ] GC(342) Pause Young (Mixed) (G1 Evacuation Pause)
[2026-04-03T02:49:15.304+0600][72.854s][info][gc,task        ] GC(342) Using 10 workers of 10 for evacuation
[2026-04-03T02:49:15.308+0600][72.858s][info][gc,phases      ] GC(342)   Pre Evacuate Collection Set: 0.43ms
[2026-04-03T02:49:15.308+0600][72.858s][info][gc,phases      ] GC(342)   Merge Heap Roots: 0.30ms
[2026-04-03T02:49:15.308+0600][72.858s][info][gc,phases      ] GC(342)   Evacuate Collection Set: 2.16ms
[2026-04-03T02:49:15.308+0600][72.858s][info][gc,phases      ] GC(342)   Post Evacuate Collection Set: 0.80ms
[2026-04-03T02:49:15.308+0600][72.858s][info][gc,phases      ] GC(342)   Other: 0.10ms
[2026-04-03T02:49:15.308+0600][72.858s][info][gc,heap        ] GC(342) Eden regions: 233->0(301)
[2026-04-03T02:49:15.308+0600][72.858s][info][gc,heap        ] GC(342) Survivor regions: 9->5(38)
[2026-04-03T02:49:15.308+0600][72.858s][info][gc,heap        ] GC(342) Old regions: 89->88
[2026-04-03T02:49:15.308+0600][72.858s][info][gc,heap        ] GC(342) Humongous regions: 175->8
[2026-04-03T02:49:15.308+0600][72.858s][info][gc,metaspace   ] GC(342) Metaspace: 131948K(133376K)->131948K(133376K) NonClass: 115334K(116032K)->115334K(116032K) Class: 16614K(17344K)->16614K(17344K)
[2026-04-03T02:49:15.308+0600][72.858s][info][gc             ] GC(342) Pause Young (Mixed) (G1 Evacuation Pause) 501M->98M(511M) 4.026ms
[2026-04-03T02:49:15.308+0600][72.858s][info][gc,cpu         ] GC(342) User=0.02s Sys=0.00s Real=0.00s
[2026-04-03T02:49:15.516+0600][73.066s][info][gc,start       ] GC(343) Pause Young (Concurrent Start) (G1 Humongous Allocation)
[2026-04-03T02:49:15.516+0600][73.066s][info][gc,task        ] GC(343) Using 10 workers of 10 for evacuation
[2026-04-03T02:49:15.519+0600][73.069s][info][gc,phases      ] GC(343)   Pre Evacuate Collection Set: 0.60ms
[2026-04-03T02:49:15.519+0600][73.069s][info][gc,phases      ] GC(343)   Merge Heap Roots: 0.20ms
[2026-04-03T02:49:15.519+0600][73.069s][info][gc,phases      ] GC(343)   Evacuate Collection Set: 1.29ms
[2026-04-03T02:49:15.519+0600][73.069s][info][gc,phases      ] GC(343)   Post Evacuate Collection Set: 0.46ms
[2026-04-03T02:49:15.519+0600][73.069s][info][gc,phases      ] GC(343)   Other: 0.22ms
[2026-04-03T02:49:15.519+0600][73.069s][info][gc,heap        ] GC(343) Eden regions: 110->0(301)
[2026-04-03T02:49:15.519+0600][73.069s][info][gc,heap        ] GC(343) Survivor regions: 5->5(39)
[2026-04-03T02:49:15.519+0600][73.069s][info][gc,heap        ] GC(343) Old regions: 88->88
[2026-04-03T02:49:15.519+0600][73.069s][info][gc,heap        ] GC(343) Humongous regions: 8->8
[2026-04-03T02:49:15.519+0600][73.069s][info][gc,metaspace   ] GC(343) Metaspace: 131956K(133440K)->131956K(133440K) NonClass: 115340K(116096K)->115340K(116096K) Class: 16616K(17344K)->16616K(17344K)
[2026-04-03T02:49:15.519+0600][73.069s][info][gc             ] GC(343) Pause Young (Concurrent Start) (G1 Humongous Allocation) 207M->97M(511M) 2.979ms
[2026-04-03T02:49:15.519+0600][73.069s][info][gc             ] GC(344) Concurrent Mark Cycle
[2026-04-03T02:49:15.519+0600][73.069s][info][gc,marking     ] GC(344) Concurrent Scan Root Regions
[2026-04-03T02:49:15.519+0600][73.069s][info][gc,cpu         ] GC(343) User=0.01s Sys=0.00s Real=0.00s
[2026-04-03T02:49:15.521+0600][73.070s][info][gc,marking     ] GC(344) Concurrent Scan Root Regions 1.422ms
[2026-04-03T02:49:15.521+0600][73.070s][info][gc,marking     ] GC(344) Concurrent Mark
[2026-04-03T02:49:15.521+0600][73.070s][info][gc,marking     ] GC(344) Concurrent Mark From Roots
[2026-04-03T02:49:15.521+0600][73.070s][info][gc,task        ] GC(344) Using 3 workers of 3 for marking
[2026-04-03T02:49:15.603+0600][73.153s][info][gc,marking     ] GC(344) Concurrent Mark From Roots 82.824ms
[2026-04-03T02:49:15.604+0600][73.153s][info][gc,marking     ] GC(344) Concurrent Preclean
[2026-04-03T02:49:15.604+0600][73.154s][info][gc,marking     ] GC(344) Concurrent Preclean 0.585ms
[2026-04-03T02:49:15.604+0600][73.154s][info][gc,start       ] GC(344) Pause Remark
[2026-04-03T02:49:15.615+0600][73.165s][info][gc             ] GC(344) Pause Remark 200M->200M(494M) 10.394ms
[2026-04-03T02:49:15.615+0600][73.165s][info][gc,cpu         ] GC(344) User=0.08s Sys=0.00s Real=0.01s
[2026-04-03T02:49:15.615+0600][73.165s][info][gc,marking     ] GC(344) Concurrent Mark 94.707ms
[2026-04-03T02:49:15.615+0600][73.165s][info][gc,marking     ] GC(344) Concurrent Rebuild Remembered Sets and Scrub Regions
[2026-04-03T02:49:15.651+0600][73.201s][info][gc,marking     ] GC(344) Concurrent Rebuild Remembered Sets and Scrub Regions 35.762ms
[2026-04-03T02:49:15.651+0600][73.201s][info][gc,start       ] GC(344) Pause Cleanup
[2026-04-03T02:49:15.652+0600][73.202s][info][gc             ] GC(344) Pause Cleanup 233M->233M(494M) 0.372ms
[2026-04-03T02:49:15.652+0600][73.202s][info][gc,cpu         ] GC(344) User=0.01s Sys=0.00s Real=0.00s
[2026-04-03T02:49:15.652+0600][73.202s][info][gc,marking     ] GC(344) Concurrent Clear Claimed Marks
[2026-04-03T02:49:15.652+0600][73.202s][info][gc,marking     ] GC(344) Concurrent Clear Claimed Marks 0.399ms
[2026-04-03T02:49:15.653+0600][73.202s][info][gc,marking     ] GC(344) Concurrent Cleanup for Next Mark
[2026-04-03T02:49:15.653+0600][73.203s][info][gc,marking     ] GC(344) Concurrent Cleanup for Next Mark 0.833ms
[2026-04-03T02:49:15.653+0600][73.203s][info][gc             ] GC(344) Concurrent Mark Cycle 134.367ms
[2026-04-03T02:49:15.850+0600][73.400s][info][gc,start       ] GC(345) Pause Young (Prepare Mixed) (G1 Evacuation Pause)
[2026-04-03T02:49:15.850+0600][73.400s][info][gc,task        ] GC(345) Using 10 workers of 10 for evacuation
[2026-04-03T02:49:15.857+0600][73.407s][info][gc,phases      ] GC(345)   Pre Evacuate Collection Set: 0.44ms
[2026-04-03T02:49:15.857+0600][73.407s][info][gc,phases      ] GC(345)   Merge Heap Roots: 0.41ms
[2026-04-03T02:49:15.857+0600][73.407s][info][gc,phases      ] GC(345)   Evacuate Collection Set: 5.17ms
[2026-04-03T02:49:15.857+0600][73.407s][info][gc,phases      ] GC(345)   Post Evacuate Collection Set: 0.84ms
[2026-04-03T02:49:15.857+0600][73.407s][info][gc,phases      ] GC(345)   Other: 0.13ms
[2026-04-03T02:49:15.857+0600][73.407s][info][gc,heap        ] GC(345) Eden regions: 220->0(294)
[2026-04-03T02:49:15.857+0600][73.407s][info][gc,heap        ] GC(345) Survivor regions: 5->10(37)
[2026-04-03T02:49:15.857+0600][73.407s][info][gc,heap        ] GC(345) Old regions: 88->89
[2026-04-03T02:49:15.857+0600][73.407s][info][gc,heap        ] GC(345) Humongous regions: 183->8
[2026-04-03T02:49:15.857+0600][73.407s][info][gc,metaspace   ] GC(345) Metaspace: 131956K(133440K)->131956K(133440K) NonClass: 115340K(116096K)->115340K(116096K) Class: 16616K(17344K)->16616K(17344K)
[2026-04-03T02:49:15.858+0600][73.407s][info][gc             ] GC(345) Pause Young (Prepare Mixed) (G1 Evacuation Pause) 492M->102M(507M) 7.380ms
[2026-04-03T02:49:15.858+0600][73.407s][info][gc,cpu         ] GC(345) User=0.04s Sys=0.01s Real=0.00s
[2026-04-03T02:49:16.150+0600][73.700s][info][gc,start       ] GC(346) Pause Young (Mixed) (G1 Evacuation Pause)
[2026-04-03T02:49:16.150+0600][73.700s][info][gc,task        ] GC(346) Using 10 workers of 10 for evacuation
[2026-04-03T02:49:16.156+0600][73.706s][info][gc,phases      ] GC(346)   Pre Evacuate Collection Set: 0.43ms
[2026-04-03T02:49:16.156+0600][73.706s][info][gc,phases      ] GC(346)   Merge Heap Roots: 0.22ms
[2026-04-03T02:49:16.156+0600][73.706s][info][gc,phases      ] GC(346)   Evacuate Collection Set: 4.35ms
[2026-04-03T02:49:16.156+0600][73.706s][info][gc,phases      ] GC(346)   Post Evacuate Collection Set: 0.78ms
[2026-04-03T02:49:16.156+0600][73.706s][info][gc,phases      ] GC(346)   Other: 0.13ms
[2026-04-03T02:49:16.156+0600][73.706s][info][gc,heap        ] GC(346) Eden regions: 228->0(310)
[2026-04-03T02:49:16.156+0600][73.706s][info][gc,heap        ] GC(346) Survivor regions: 10->8(38)
[2026-04-03T02:49:16.156+0600][73.706s][info][gc,heap        ] GC(346) Old regions: 89->88
[2026-04-03T02:49:16.156+0600][73.706s][info][gc,heap        ] GC(346) Humongous regions: 195->8
[2026-04-03T02:49:16.156+0600][73.706s][info][gc,metaspace   ] GC(346) Metaspace: 131956K(133440K)->131956K(133440K) NonClass: 115340K(116096K)->115340K(116096K) Class: 16616K(17344K)->16616K(17344K)
[2026-04-03T02:49:16.156+0600][73.706s][info][gc             ] GC(346) Pause Young (Mixed) (G1 Evacuation Pause) 517M->100M(530M) 6.207ms
[2026-04-03T02:49:16.156+0600][73.706s][info][gc,cpu         ] GC(346) User=0.05s Sys=0.01s Real=0.00s
[2026-04-03T02:49:16.172+0600][73.722s][info][gc,start       ] GC(347) Pause Young (Concurrent Start) (GCLocker Initiated GC)
[2026-04-03T02:49:16.172+0600][73.722s][info][gc,task        ] GC(347) Using 10 workers of 10 for evacuation
[2026-04-03T02:49:16.177+0600][73.726s][info][gc,phases      ] GC(347)   Pre Evacuate Collection Set: 0.39ms
[2026-04-03T02:49:16.177+0600][73.726s][info][gc,phases      ] GC(347)   Merge Heap Roots: 0.18ms
[2026-04-03T02:49:16.177+0600][73.726s][info][gc,phases      ] GC(347)   Evacuate Collection Set: 2.94ms
[2026-04-03T02:49:16.177+0600][73.726s][info][gc,phases      ] GC(347)   Post Evacuate Collection Set: 0.78ms
[2026-04-03T02:49:16.177+0600][73.726s][info][gc,phases      ] GC(347)   Other: 0.13ms
[2026-04-03T02:49:16.177+0600][73.726s][info][gc,heap        ] GC(347) Eden regions: 22->0(310)
[2026-04-03T02:49:16.177+0600][73.726s][info][gc,heap        ] GC(347) Survivor regions: 8->8(40)
[2026-04-03T02:49:16.177+0600][73.726s][info][gc,heap        ] GC(347) Old regions: 88->88
[2026-04-03T02:49:16.177+0600][73.726s][info][gc,heap        ] GC(347) Humongous regions: 8->8
[2026-04-03T02:49:16.177+0600][73.726s][info][gc,metaspace   ] GC(347) Metaspace: 131956K(133440K)->131956K(133440K) NonClass: 115340K(116096K)->115340K(116096K) Class: 16616K(17344K)->16616K(17344K)
[2026-04-03T02:49:16.177+0600][73.726s][info][gc             ] GC(347) Pause Young (Concurrent Start) (GCLocker Initiated GC) 122M->100M(530M) 4.778ms
[2026-04-03T02:49:16.177+0600][73.727s][info][gc,cpu         ] GC(347) User=0.04s Sys=0.00s Real=0.00s
[2026-04-03T02:49:16.177+0600][73.727s][info][gc             ] GC(348) Concurrent Mark Cycle
[2026-04-03T02:49:16.177+0600][73.727s][info][gc,marking     ] GC(348) Concurrent Scan Root Regions
[2026-04-03T02:49:16.180+0600][73.730s][info][gc,marking     ] GC(348) Concurrent Scan Root Regions 2.989ms
[2026-04-03T02:49:16.180+0600][73.730s][info][gc,marking     ] GC(348) Concurrent Mark
[2026-04-03T02:49:16.180+0600][73.730s][info][gc,marking     ] GC(348) Concurrent Mark From Roots
[2026-04-03T02:49:16.180+0600][73.730s][info][gc,task        ] GC(348) Using 3 workers of 3 for marking
[2026-04-03T02:49:16.264+0600][73.814s][info][gc,marking     ] GC(348) Concurrent Mark From Roots 83.677ms
[2026-04-03T02:49:16.264+0600][73.814s][info][gc,marking     ] GC(348) Concurrent Preclean
[2026-04-03T02:49:16.265+0600][73.814s][info][gc,marking     ] GC(348) Concurrent Preclean 0.718ms
[2026-04-03T02:49:16.265+0600][73.815s][info][gc,start       ] GC(348) Pause Remark
[2026-04-03T02:49:16.274+0600][73.824s][info][gc             ] GC(348) Pause Remark 178M->178M(487M) 8.799ms
[2026-04-03T02:49:16.274+0600][73.824s][info][gc,cpu         ] GC(348) User=0.07s Sys=0.00s Real=0.01s
[2026-04-03T02:49:16.275+0600][73.825s][info][gc,marking     ] GC(348) Concurrent Mark 94.701ms
[2026-04-03T02:49:16.275+0600][73.825s][info][gc,marking     ] GC(348) Concurrent Rebuild Remembered Sets and Scrub Regions
[2026-04-03T02:49:16.315+0600][73.865s][info][gc,marking     ] GC(348) Concurrent Rebuild Remembered Sets and Scrub Regions 39.899ms
[2026-04-03T02:49:16.315+0600][73.865s][info][gc,start       ] GC(348) Pause Cleanup
[2026-04-03T02:49:16.315+0600][73.865s][info][gc             ] GC(348) Pause Cleanup 221M->221M(487M) 0.325ms
[2026-04-03T02:49:16.316+0600][73.865s][info][gc,cpu         ] GC(348) User=0.01s Sys=0.00s Real=0.00s
[2026-04-03T02:49:16.316+0600][73.865s][info][gc,marking     ] GC(348) Concurrent Clear Claimed Marks
[2026-04-03T02:49:16.316+0600][73.866s][info][gc,marking     ] GC(348) Concurrent Clear Claimed Marks 0.432ms
[2026-04-03T02:49:16.316+0600][73.866s][info][gc,marking     ] GC(348) Concurrent Cleanup for Next Mark
[2026-04-03T02:49:16.317+0600][73.867s][info][gc,marking     ] GC(348) Concurrent Cleanup for Next Mark 0.777ms
[2026-04-03T02:49:16.317+0600][73.867s][info][gc             ] GC(348) Concurrent Mark Cycle 140.065ms
[2026-04-03T02:49:16.586+0600][74.135s][info][gc,start       ] GC(349) Pause Young (Prepare Mixed) (G1 Evacuation Pause)
[2026-04-03T02:49:16.586+0600][74.136s][info][gc,task        ] GC(349) Using 10 workers of 10 for evacuation
[2026-04-03T02:49:16.592+0600][74.142s][info][gc,phases      ] GC(349)   Pre Evacuate Collection Set: 0.76ms
[2026-04-03T02:49:16.592+0600][74.142s][info][gc,phases      ] GC(349)   Merge Heap Roots: 0.28ms
[2026-04-03T02:49:16.592+0600][74.142s][info][gc,phases      ] GC(349)   Evacuate Collection Set: 4.09ms
[2026-04-03T02:49:16.592+0600][74.142s][info][gc,phases      ] GC(349)   Post Evacuate Collection Set: 0.88ms
[2026-04-03T02:49:16.592+0600][74.142s][info][gc,phases      ] GC(349)   Other: 0.13ms
[2026-04-03T02:49:16.592+0600][74.142s][info][gc,heap        ] GC(349) Eden regions: 237->0(289)
[2026-04-03T02:49:16.592+0600][74.142s][info][gc,heap        ] GC(349) Survivor regions: 8->8(37)
[2026-04-03T02:49:16.592+0600][74.142s][info][gc,heap        ] GC(349) Old regions: 88->89
[2026-04-03T02:49:16.592+0600][74.142s][info][gc,heap        ] GC(349) Humongous regions: 154->8
[2026-04-03T02:49:16.592+0600][74.142s][info][gc,metaspace   ] GC(349) Metaspace: 131984K(133440K)->131984K(133440K) NonClass: 115366K(116096K)->115366K(116096K) Class: 16617K(17344K)->16617K(17344K)
[2026-04-03T02:49:16.592+0600][74.142s][info][gc             ] GC(349) Pause Young (Prepare Mixed) (G1 Evacuation Pause) 483M->101M(496M) 6.538ms
[2026-04-03T02:49:16.592+0600][74.142s][info][gc,cpu         ] GC(349) User=0.03s Sys=0.01s Real=0.01s
[2026-04-03T02:49:16.877+0600][74.427s][info][gc,start       ] GC(350) Pause Young (Mixed) (G1 Evacuation Pause)
[2026-04-03T02:49:16.877+0600][74.427s][info][gc,task        ] GC(350) Using 10 workers of 10 for evacuation
[2026-04-03T02:49:16.882+0600][74.432s][info][gc,phases      ] GC(350)   Pre Evacuate Collection Set: 0.35ms
[2026-04-03T02:49:16.883+0600][74.432s][info][gc,phases      ] GC(350)   Merge Heap Roots: 0.20ms
[2026-04-03T02:49:16.883+0600][74.432s][info][gc,phases      ] GC(350)   Evacuate Collection Set: 3.92ms
[2026-04-03T02:49:16.883+0600][74.432s][info][gc,phases      ] GC(350)   Post Evacuate Collection Set: 0.89ms
[2026-04-03T02:49:16.883+0600][74.432s][info][gc,phases      ] GC(350)   Other: 0.10ms
[2026-04-03T02:49:16.883+0600][74.432s][info][gc,heap        ] GC(350) Eden regions: 232->0(353)
[2026-04-03T02:49:16.883+0600][74.432s][info][gc,heap        ] GC(350) Survivor regions: 8->10(44)
[2026-04-03T02:49:16.883+0600][74.432s][info][gc,heap        ] GC(350) Old regions: 89->88
[2026-04-03T02:49:16.883+0600][74.432s][info][gc,heap        ] GC(350) Humongous regions: 267->18
[2026-04-03T02:49:16.883+0600][74.432s][info][gc,metaspace   ] GC(350) Metaspace: 131987K(133440K)->131987K(133440K) NonClass: 115370K(116096K)->115370K(116096K) Class: 16617K(17344K)->16617K(17344K)
[2026-04-03T02:49:16.883+0600][74.432s][info][gc             ] GC(350) Pause Young (Mixed) (G1 Evacuation Pause) 592M->111M(606M) 5.752ms
[2026-04-03T02:49:16.883+0600][74.432s][info][gc,cpu         ] GC(350) User=0.02s Sys=0.01s Real=0.01s
[2026-04-03T02:49:16.884+0600][74.433s][info][gc,start       ] GC(351) Pause Young (Concurrent Start) (G1 Humongous Allocation)
[2026-04-03T02:49:16.884+0600][74.434s][info][gc,task        ] GC(351) Using 10 workers of 10 for evacuation
[2026-04-03T02:49:16.887+0600][74.437s][info][gc,phases      ] GC(351)   Pre Evacuate Collection Set: 0.34ms
[2026-04-03T02:49:16.887+0600][74.437s][info][gc,phases      ] GC(351)   Merge Heap Roots: 0.10ms
[2026-04-03T02:49:16.887+0600][74.437s][info][gc,phases      ] GC(351)   Evacuate Collection Set: 2.08ms
[2026-04-03T02:49:16.887+0600][74.437s][info][gc,phases      ] GC(351)   Post Evacuate Collection Set: 0.52ms
[2026-04-03T02:49:16.887+0600][74.437s][info][gc,phases      ] GC(351)   Other: 0.10ms
[2026-04-03T02:49:16.887+0600][74.437s][info][gc,heap        ] GC(351) Eden regions: 1->0(354)
[2026-04-03T02:49:16.887+0600][74.437s][info][gc,heap        ] GC(351) Survivor regions: 10->9(46)
[2026-04-03T02:49:16.887+0600][74.437s][info][gc,heap        ] GC(351) Old regions: 88->88
[2026-04-03T02:49:16.887+0600][74.437s][info][gc,heap        ] GC(351) Humongous regions: 23->13
[2026-04-03T02:49:16.887+0600][74.437s][info][gc,metaspace   ] GC(351) Metaspace: 131987K(133440K)->131987K(133440K) NonClass: 115370K(116096K)->115370K(116096K) Class: 16617K(17344K)->16617K(17344K)
[2026-04-03T02:49:16.887+0600][74.437s][info][gc             ] GC(351) Pause Young (Concurrent Start) (G1 Humongous Allocation) 117M->106M(606M) 3.362ms
[2026-04-03T02:49:16.887+0600][74.437s][info][gc             ] GC(352) Concurrent Mark Cycle
[2026-04-03T02:49:16.887+0600][74.437s][info][gc,cpu         ] GC(351) User=0.02s Sys=0.00s Real=0.00s
[2026-04-03T02:49:16.887+0600][74.437s][info][gc,marking     ] GC(352) Concurrent Scan Root Regions
[2026-04-03T02:49:16.892+0600][74.441s][info][gc,marking     ] GC(352) Concurrent Scan Root Regions 4.167ms
[2026-04-03T02:49:16.892+0600][74.441s][info][gc,marking     ] GC(352) Concurrent Mark
[2026-04-03T02:49:16.892+0600][74.441s][info][gc,marking     ] GC(352) Concurrent Mark From Roots
[2026-04-03T02:49:16.892+0600][74.441s][info][gc,task        ] GC(352) Using 3 workers of 3 for marking
[2026-04-03T02:49:16.992+0600][74.542s][info][gc,marking     ] GC(352) Concurrent Mark From Roots 100.439ms
[2026-04-03T02:49:16.992+0600][74.542s][info][gc,marking     ] GC(352) Concurrent Preclean
[2026-04-03T02:49:16.993+0600][74.543s][info][gc,marking     ] GC(352) Concurrent Preclean 0.763ms
[2026-04-03T02:49:16.993+0600][74.543s][info][gc,start       ] GC(352) Pause Remark
[2026-04-03T02:49:17.003+0600][74.553s][info][gc             ] GC(352) Pause Remark 307M->307M(606M) 9.431ms
[2026-04-03T02:49:17.003+0600][74.553s][info][gc,cpu         ] GC(352) User=0.07s Sys=0.00s Real=0.01s
[2026-04-03T02:49:17.003+0600][74.553s][info][gc,marking     ] GC(352) Concurrent Mark 111.549ms
[2026-04-03T02:49:17.003+0600][74.553s][info][gc,marking     ] GC(352) Concurrent Rebuild Remembered Sets and Scrub Regions
[2026-04-03T02:49:17.035+0600][74.585s][info][gc,marking     ] GC(352) Concurrent Rebuild Remembered Sets and Scrub Regions 32.154ms
[2026-04-03T02:49:17.036+0600][74.586s][info][gc,start       ] GC(352) Pause Cleanup
[2026-04-03T02:49:17.037+0600][74.587s][info][gc             ] GC(352) Pause Cleanup 427M->427M(606M) 0.443ms
[2026-04-03T02:49:17.037+0600][74.587s][info][gc,cpu         ] GC(352) User=0.00s Sys=0.00s Real=0.00s
[2026-04-03T02:49:17.037+0600][74.587s][info][gc,marking     ] GC(352) Concurrent Clear Claimed Marks
[2026-04-03T02:49:17.038+0600][74.587s][info][gc,marking     ] GC(352) Concurrent Clear Claimed Marks 0.449ms
[2026-04-03T02:49:17.038+0600][74.587s][info][gc,marking     ] GC(352) Concurrent Cleanup for Next Mark
[2026-04-03T02:49:17.040+0600][74.590s][info][gc,marking     ] GC(352) Concurrent Cleanup for Next Mark 2.378ms
[2026-04-03T02:49:17.040+0600][74.590s][info][gc             ] GC(352) Concurrent Mark Cycle 153.015ms
[2026-04-03T02:49:17.088+0600][74.638s][info][gc,start       ] GC(353) Pause Young (Prepare Mixed) (G1 Evacuation Pause)
[2026-04-03T02:49:17.088+0600][74.638s][info][gc,task        ] GC(353) Using 10 workers of 10 for evacuation
[2026-04-03T02:49:17.093+0600][74.643s][info][gc,phases      ] GC(353)   Pre Evacuate Collection Set: 0.46ms
[2026-04-03T02:49:17.093+0600][74.643s][info][gc,phases      ] GC(353)   Merge Heap Roots: 0.34ms
[2026-04-03T02:49:17.093+0600][74.643s][info][gc,phases      ] GC(353)   Evacuate Collection Set: 3.05ms
[2026-04-03T02:49:17.093+0600][74.643s][info][gc,phases      ] GC(353)   Post Evacuate Collection Set: 0.93ms
[2026-04-03T02:49:17.093+0600][74.643s][info][gc,phases      ] GC(353)   Other: 0.11ms
[2026-04-03T02:49:17.093+0600][74.643s][info][gc,heap        ] GC(353) Eden regions: 72->0(402)
[2026-04-03T02:49:17.093+0600][74.643s][info][gc,heap        ] GC(353) Survivor regions: 9->5(46)
[2026-04-03T02:49:17.093+0600][74.643s][info][gc,heap        ] GC(353) Old regions: 88->88
[2026-04-03T02:49:17.093+0600][74.643s][info][gc,heap        ] GC(353) Humongous regions: 505->8
[2026-04-03T02:49:17.093+0600][74.643s][info][gc,metaspace   ] GC(353) Metaspace: 131987K(133440K)->131987K(133440K) NonClass: 115370K(116096K)->115370K(116096K) Class: 16617K(17344K)->16617K(17344K)
[2026-04-03T02:49:17.093+0600][74.643s][info][gc             ] GC(353) Pause Young (Prepare Mixed) (G1 Evacuation Pause) 670M->96M(679M) 5.248ms
[2026-04-03T02:49:17.093+0600][74.643s][info][gc,cpu         ] GC(353) User=0.02s Sys=0.01s Real=0.01s
[2026-04-03T02:49:17.716+0600][75.266s][info][gc,start       ] GC(354) Pause Young (Mixed) (G1 Evacuation Pause)
[2026-04-03T02:49:17.716+0600][75.266s][info][gc,task        ] GC(354) Using 10 workers of 10 for evacuation
[2026-04-03T02:49:17.723+0600][75.273s][info][gc,phases      ] GC(354)   Pre Evacuate Collection Set: 0.48ms
[2026-04-03T02:49:17.723+0600][75.273s][info][gc,phases      ] GC(354)   Merge Heap Roots: 0.29ms
[2026-04-03T02:49:17.723+0600][75.273s][info][gc,phases      ] GC(354)   Evacuate Collection Set: 4.61ms
[2026-04-03T02:49:17.723+0600][75.273s][info][gc,phases      ] GC(354)   Post Evacuate Collection Set: 0.87ms
[2026-04-03T02:49:17.723+0600][75.273s][info][gc,phases      ] GC(354)   Other: 0.16ms
[2026-04-03T02:49:17.723+0600][75.273s][info][gc,heap        ] GC(354) Eden regions: 379->0(404)
[2026-04-03T02:49:17.723+0600][75.273s][info][gc,heap        ] GC(354) Survivor regions: 5->8(51)
[2026-04-03T02:49:17.723+0600][75.273s][info][gc,heap        ] GC(354) Old regions: 88->87
[2026-04-03T02:49:17.723+0600][75.273s][info][gc,heap        ] GC(354) Humongous regions: 207->8
[2026-04-03T02:49:17.723+0600][75.273s][info][gc,metaspace   ] GC(354) Metaspace: 132004K(133440K)->132004K(133440K) NonClass: 115385K(116096K)->115385K(116096K) Class: 16618K(17344K)->16618K(17344K)
[2026-04-03T02:49:17.723+0600][75.273s][info][gc             ] GC(354) Pause Young (Mixed) (G1 Evacuation Pause) 674M->100M(687M) 6.745ms
[2026-04-03T02:49:17.723+0600][75.273s][info][gc,cpu         ] GC(354) User=0.04s Sys=0.01s Real=0.01s
[2026-04-03T02:49:17.731+0600][75.281s][info][gc,start       ] GC(355) Pause Young (Concurrent Start) (GCLocker Initiated GC)
[2026-04-03T02:49:17.731+0600][75.281s][info][gc,task        ] GC(355) Using 10 workers of 10 for evacuation
[2026-04-03T02:49:17.735+0600][75.285s][info][gc,phases      ] GC(355)   Pre Evacuate Collection Set: 0.52ms
[2026-04-03T02:49:17.735+0600][75.285s][info][gc,phases      ] GC(355)   Merge Heap Roots: 0.20ms
[2026-04-03T02:49:17.735+0600][75.285s][info][gc,phases      ] GC(355)   Evacuate Collection Set: 2.56ms
[2026-04-03T02:49:17.735+0600][75.285s][info][gc,phases      ] GC(355)   Post Evacuate Collection Set: 0.68ms
[2026-04-03T02:49:17.735+0600][75.285s][info][gc,phases      ] GC(355)   Other: 0.29ms
[2026-04-03T02:49:17.735+0600][75.285s][info][gc,heap        ] GC(355) Eden regions: 10->0(405)
[2026-04-03T02:49:17.735+0600][75.285s][info][gc,heap        ] GC(355) Survivor regions: 8->7(52)
[2026-04-03T02:49:17.735+0600][75.285s][info][gc,heap        ] GC(355) Old regions: 87->87
[2026-04-03T02:49:17.735+0600][75.285s][info][gc,heap        ] GC(355) Humongous regions: 8->8
[2026-04-03T02:49:17.735+0600][75.285s][info][gc,metaspace   ] GC(355) Metaspace: 132004K(133440K)->132004K(133440K) NonClass: 115385K(116096K)->115385K(116096K) Class: 16618K(17344K)->16618K(17344K)
[2026-04-03T02:49:17.736+0600][75.285s][info][gc             ] GC(355) Pause Young (Concurrent Start) (GCLocker Initiated GC) 110M->99M(687M) 4.550ms
[2026-04-03T02:49:17.736+0600][75.285s][info][gc             ] GC(356) Concurrent Mark Cycle
[2026-04-03T02:49:17.736+0600][75.285s][info][gc,cpu         ] GC(355) User=0.02s Sys=0.00s Real=0.00s
[2026-04-03T02:49:17.736+0600][75.285s][info][gc,marking     ] GC(356) Concurrent Scan Root Regions
[2026-04-03T02:49:17.739+0600][75.289s][info][gc,marking     ] GC(356) Concurrent Scan Root Regions 3.290ms
[2026-04-03T02:49:17.739+0600][75.289s][info][gc,marking     ] GC(356) Concurrent Mark
[2026-04-03T02:49:17.739+0600][75.289s][info][gc,marking     ] GC(356) Concurrent Mark From Roots
[2026-04-03T02:49:17.739+0600][75.289s][info][gc,task        ] GC(356) Using 3 workers of 3 for marking
[2026-04-03T02:49:17.828+0600][75.378s][info][gc,marking     ] GC(356) Concurrent Mark From Roots 89.066ms
[2026-04-03T02:49:17.828+0600][75.378s][info][gc,marking     ] GC(356) Concurrent Preclean
[2026-04-03T02:49:17.829+0600][75.379s][info][gc,marking     ] GC(356) Concurrent Preclean 0.600ms
[2026-04-03T02:49:17.829+0600][75.379s][info][gc,start       ] GC(356) Pause Remark
[2026-04-03T02:49:17.838+0600][75.388s][info][gc             ] GC(356) Pause Remark 220M->220M(534M) 8.808ms
[2026-04-03T02:49:17.838+0600][75.388s][info][gc,cpu         ] GC(356) User=0.06s Sys=0.00s Real=0.01s
[2026-04-03T02:49:17.838+0600][75.388s][info][gc,marking     ] GC(356) Concurrent Mark 99.146ms
[2026-04-03T02:49:17.838+0600][75.388s][info][gc,marking     ] GC(356) Concurrent Rebuild Remembered Sets and Scrub Regions
[2026-04-03T02:49:17.869+0600][75.419s][info][gc,marking     ] GC(356) Concurrent Rebuild Remembered Sets and Scrub Regions 30.536ms
[2026-04-03T02:49:17.869+0600][75.419s][info][gc,start       ] GC(356) Pause Cleanup
[2026-04-03T02:49:17.870+0600][75.419s][info][gc             ] GC(356) Pause Cleanup 237M->237M(534M) 0.346ms
[2026-04-03T02:49:17.870+0600][75.419s][info][gc,cpu         ] GC(356) User=0.00s Sys=0.00s Real=0.01s
[2026-04-03T02:49:17.870+0600][75.420s][info][gc,marking     ] GC(356) Concurrent Clear Claimed Marks
[2026-04-03T02:49:17.870+0600][75.420s][info][gc,marking     ] GC(356) Concurrent Clear Claimed Marks 0.374ms
[2026-04-03T02:49:17.870+0600][75.420s][info][gc,marking     ] GC(356) Concurrent Cleanup for Next Mark
[2026-04-03T02:49:17.871+0600][75.421s][info][gc,marking     ] GC(356) Concurrent Cleanup for Next Mark 1.242ms
[2026-04-03T02:49:17.872+0600][75.421s][info][gc             ] GC(356) Concurrent Mark Cycle 135.928ms
[2026-04-03T02:49:18.105+0600][75.655s][info][gc,start       ] GC(357) Pause Young (Prepare Mixed) (GCLocker Initiated GC)
[2026-04-03T02:49:18.105+0600][75.655s][info][gc,task        ] GC(357) Using 10 workers of 10 for evacuation
[2026-04-03T02:49:18.112+0600][75.662s][info][gc,phases      ] GC(357)   Pre Evacuate Collection Set: 0.52ms
[2026-04-03T02:49:18.112+0600][75.662s][info][gc,phases      ] GC(357)   Merge Heap Roots: 0.33ms
[2026-04-03T02:49:18.112+0600][75.662s][info][gc,phases      ] GC(357)   Evacuate Collection Set: 4.87ms
[2026-04-03T02:49:18.112+0600][75.662s][info][gc,phases      ] GC(357)   Post Evacuate Collection Set: 0.82ms
[2026-04-03T02:49:18.112+0600][75.662s][info][gc,phases      ] GC(357)   Other: 0.18ms
[2026-04-03T02:49:18.112+0600][75.662s][info][gc,heap        ] GC(357) Eden regions: 243->0(320)
[2026-04-03T02:49:18.112+0600][75.662s][info][gc,heap        ] GC(357) Survivor regions: 7->8(40)
[2026-04-03T02:49:18.112+0600][75.662s][info][gc,heap        ] GC(357) Old regions: 87->88
[2026-04-03T02:49:18.112+0600][75.662s][info][gc,heap        ] GC(357) Humongous regions: 201->8
[2026-04-03T02:49:18.112+0600][75.662s][info][gc,metaspace   ] GC(357) Metaspace: 132017K(133440K)->132017K(133440K) NonClass: 115396K(116096K)->115396K(116096K) Class: 16621K(17344K)->16621K(17344K)
[2026-04-03T02:49:18.112+0600][75.662s][info][gc             ] GC(357) Pause Young (Prepare Mixed) (GCLocker Initiated GC) 535M->100M(547M) 7.036ms
[2026-04-03T02:49:18.112+0600][75.662s][info][gc,cpu         ] GC(357) User=0.04s Sys=0.01s Real=0.01s
[2026-04-03T02:49:18.524+0600][76.074s][info][gc,start       ] GC(358) Pause Young (Mixed) (G1 Evacuation Pause)
[2026-04-03T02:49:18.524+0600][76.074s][info][gc,task        ] GC(358) Using 10 workers of 10 for evacuation
[2026-04-03T02:49:18.527+0600][76.077s][info][gc,phases      ] GC(358)   Pre Evacuate Collection Set: 0.24ms
[2026-04-03T02:49:18.527+0600][76.077s][info][gc,phases      ] GC(358)   Merge Heap Roots: 0.16ms
[2026-04-03T02:49:18.527+0600][76.077s][info][gc,phases      ] GC(358)   Evacuate Collection Set: 1.77ms
[2026-04-03T02:49:18.527+0600][76.077s][info][gc,phases      ] GC(358)   Post Evacuate Collection Set: 0.68ms
[2026-04-03T02:49:18.527+0600][76.077s][info][gc,phases      ] GC(358)   Other: 0.07ms
[2026-04-03T02:49:18.527+0600][76.077s][info][gc,heap        ] GC(358) Eden regions: 274->0(326)
[2026-04-03T02:49:18.527+0600][76.077s][info][gc,heap        ] GC(358) Survivor regions: 8->5(41)
[2026-04-03T02:49:18.527+0600][76.077s][info][gc,heap        ] GC(358) Old regions: 88->87
[2026-04-03T02:49:18.527+0600][76.077s][info][gc,heap        ] GC(358) Humongous regions: 177->8
[2026-04-03T02:49:18.527+0600][76.077s][info][gc,metaspace   ] GC(358) Metaspace: 132023K(133440K)->132023K(133440K) NonClass: 115402K(116096K)->115402K(116096K) Class: 16621K(17344K)->16621K(17344K)
[2026-04-03T02:49:18.528+0600][76.077s][info][gc             ] GC(358) Pause Young (Mixed) (G1 Evacuation Pause) 543M->98M(552M) 3.116ms
[2026-04-03T02:49:18.528+0600][76.077s][info][gc,cpu         ] GC(358) User=0.02s Sys=0.00s Real=0.00s
[2026-04-03T02:49:18.656+0600][76.205s][info][gc,start       ] GC(359) Pause Young (Concurrent Start) (G1 Humongous Allocation)
[2026-04-03T02:49:18.656+0600][76.205s][info][gc,task        ] GC(359) Using 10 workers of 10 for evacuation
[2026-04-03T02:49:18.658+0600][76.208s][info][gc,phases      ] GC(359)   Pre Evacuate Collection Set: 0.35ms
[2026-04-03T02:49:18.658+0600][76.208s][info][gc,phases      ] GC(359)   Merge Heap Roots: 0.13ms
[2026-04-03T02:49:18.658+0600][76.208s][info][gc,phases      ] GC(359)   Evacuate Collection Set: 1.31ms
[2026-04-03T02:49:18.658+0600][76.208s][info][gc,phases      ] GC(359)   Post Evacuate Collection Set: 0.48ms
[2026-04-03T02:49:18.658+0600][76.208s][info][gc,phases      ] GC(359)   Other: 0.09ms
[2026-04-03T02:49:18.658+0600][76.208s][info][gc,heap        ] GC(359) Eden regions: 75->0(326)
[2026-04-03T02:49:18.658+0600][76.208s][info][gc,heap        ] GC(359) Survivor regions: 5->5(42)
[2026-04-03T02:49:18.658+0600][76.208s][info][gc,heap        ] GC(359) Old regions: 87->87
[2026-04-03T02:49:18.658+0600][76.208s][info][gc,heap        ] GC(359) Humongous regions: 8->8
[2026-04-03T02:49:18.658+0600][76.208s][info][gc,metaspace   ] GC(359) Metaspace: 132024K(133440K)->132024K(133440K) NonClass: 115402K(116096K)->115402K(116096K) Class: 16621K(17344K)->16621K(17344K)
[2026-04-03T02:49:18.658+0600][76.208s][info][gc             ] GC(359) Pause Young (Concurrent Start) (G1 Humongous Allocation) 172M->97M(552M) 2.603ms
[2026-04-03T02:49:18.658+0600][76.208s][info][gc             ] GC(360) Concurrent Mark Cycle
[2026-04-03T02:49:18.658+0600][76.208s][info][gc,marking     ] GC(360) Concurrent Scan Root Regions
[2026-04-03T02:49:18.658+0600][76.208s][info][gc,cpu         ] GC(359) User=0.02s Sys=0.00s Real=0.00s
[2026-04-03T02:49:18.660+0600][76.209s][info][gc,marking     ] GC(360) Concurrent Scan Root Regions 1.459ms
[2026-04-03T02:49:18.660+0600][76.209s][info][gc,marking     ] GC(360) Concurrent Mark
[2026-04-03T02:49:18.660+0600][76.209s][info][gc,marking     ] GC(360) Concurrent Mark From Roots
[2026-04-03T02:49:18.660+0600][76.209s][info][gc,task        ] GC(360) Using 3 workers of 3 for marking
[2026-04-03T02:49:18.747+0600][76.297s][info][gc,marking     ] GC(360) Concurrent Mark From Roots 87.446ms
[2026-04-03T02:49:18.747+0600][76.297s][info][gc,marking     ] GC(360) Concurrent Preclean
[2026-04-03T02:49:18.748+0600][76.298s][info][gc,marking     ] GC(360) Concurrent Preclean 0.701ms
[2026-04-03T02:49:18.748+0600][76.298s][info][gc,start       ] GC(360) Pause Remark
[2026-04-03T02:49:18.757+0600][76.307s][info][gc             ] GC(360) Pause Remark 216M->216M(504M) 8.835ms
[2026-04-03T02:49:18.757+0600][76.307s][info][gc,cpu         ] GC(360) User=0.06s Sys=0.00s Real=0.01s
[2026-04-03T02:49:18.757+0600][76.307s][info][gc,marking     ] GC(360) Concurrent Mark 97.724ms
[2026-04-03T02:49:18.757+0600][76.307s][info][gc,marking     ] GC(360) Concurrent Rebuild Remembered Sets and Scrub Regions
[2026-04-03T02:49:18.787+0600][76.337s][info][gc,marking     ] GC(360) Concurrent Rebuild Remembered Sets and Scrub Regions 29.819ms
[2026-04-03T02:49:18.788+0600][76.337s][info][gc,start       ] GC(360) Pause Cleanup
[2026-04-03T02:49:18.788+0600][76.338s][info][gc             ] GC(360) Pause Cleanup 252M->252M(504M) 0.447ms
[2026-04-03T02:49:18.788+0600][76.338s][info][gc,cpu         ] GC(360) User=0.00s Sys=0.01s Real=0.00s
[2026-04-03T02:49:18.789+0600][76.338s][info][gc,marking     ] GC(360) Concurrent Clear Claimed Marks
[2026-04-03T02:49:18.789+0600][76.339s][info][gc,marking     ] GC(360) Concurrent Clear Claimed Marks 0.443ms
[2026-04-03T02:49:18.789+0600][76.339s][info][gc,marking     ] GC(360) Concurrent Cleanup for Next Mark
[2026-04-03T02:49:18.790+0600][76.340s][info][gc,marking     ] GC(360) Concurrent Cleanup for Next Mark 1.220ms
[2026-04-03T02:49:18.790+0600][76.340s][info][gc             ] GC(360) Concurrent Mark Cycle 132.238ms
[2026-04-03T02:49:18.982+0600][76.531s][info][gc,start       ] GC(361) Pause Young (Prepare Mixed) (G1 Evacuation Pause)
[2026-04-03T02:49:18.982+0600][76.531s][info][gc,task        ] GC(361) Using 10 workers of 10 for evacuation
[2026-04-03T02:49:18.986+0600][76.536s][info][gc,phases      ] GC(361)   Pre Evacuate Collection Set: 0.34ms
[2026-04-03T02:49:18.986+0600][76.536s][info][gc,phases      ] GC(361)   Merge Heap Roots: 0.18ms
[2026-04-03T02:49:18.986+0600][76.536s][info][gc,phases      ] GC(361)   Evacuate Collection Set: 3.31ms
[2026-04-03T02:49:18.986+0600][76.536s][info][gc,phases      ] GC(361)   Post Evacuate Collection Set: 0.80ms
[2026-04-03T02:49:18.986+0600][76.536s][info][gc,phases      ] GC(361)   Other: 0.11ms
[2026-04-03T02:49:18.986+0600][76.536s][info][gc,heap        ] GC(361) Eden regions: 227->0(310)
[2026-04-03T02:49:18.987+0600][76.536s][info][gc,heap        ] GC(361) Survivor regions: 5->6(39)
[2026-04-03T02:49:18.987+0600][76.536s][info][gc,heap        ] GC(361) Old regions: 87->88
[2026-04-03T02:49:18.987+0600][76.536s][info][gc,heap        ] GC(361) Humongous regions: 202->8
[2026-04-03T02:49:18.987+0600][76.536s][info][gc,metaspace   ] GC(361) Metaspace: 132024K(133440K)->132024K(133440K) NonClass: 115402K(116096K)->115402K(116096K) Class: 16621K(17344K)->16621K(17344K)
[2026-04-03T02:49:18.987+0600][76.536s][info][gc             ] GC(361) Pause Young (Prepare Mixed) (G1 Evacuation Pause) 518M->99M(528M) 5.033ms
[2026-04-03T02:49:18.987+0600][76.536s][info][gc,cpu         ] GC(361) User=0.02s Sys=0.01s Real=0.00s
[2026-04-03T02:49:19.272+0600][76.821s][info][gc,start       ] GC(362) Pause Young (Mixed) (G1 Evacuation Pause)
[2026-04-03T02:49:19.272+0600][76.821s][info][gc,task        ] GC(362) Using 10 workers of 10 for evacuation
[2026-04-03T02:49:19.278+0600][76.828s][info][gc,phases      ] GC(362)   Pre Evacuate Collection Set: 0.33ms
[2026-04-03T02:49:19.278+0600][76.828s][info][gc,phases      ] GC(362)   Merge Heap Roots: 0.29ms
[2026-04-03T02:49:19.278+0600][76.828s][info][gc,phases      ] GC(362)   Evacuate Collection Set: 4.85ms
[2026-04-03T02:49:19.278+0600][76.828s][info][gc,phases      ] GC(362)   Post Evacuate Collection Set: 0.98ms
[2026-04-03T02:49:19.278+0600][76.828s][info][gc,phases      ] GC(362)   Other: 0.12ms
[2026-04-03T02:49:19.278+0600][76.828s][info][gc,heap        ] GC(362) Eden regions: 252->0(314)
[2026-04-03T02:49:19.278+0600][76.828s][info][gc,heap        ] GC(362) Survivor regions: 6->8(40)
[2026-04-03T02:49:19.278+0600][76.828s][info][gc,heap        ] GC(362) Old regions: 88->87
[2026-04-03T02:49:19.278+0600][76.828s][info][gc,heap        ] GC(362) Humongous regions: 184->10
[2026-04-03T02:49:19.278+0600][76.828s][info][gc,metaspace   ] GC(362) Metaspace: 132024K(133440K)->132024K(133440K) NonClass: 115402K(116096K)->115402K(116096K) Class: 16621K(17344K)->16621K(17344K)
[2026-04-03T02:49:19.278+0600][76.828s][info][gc             ] GC(362) Pause Young (Mixed) (G1 Evacuation Pause) 527M->103M(538M) 6.871ms
[2026-04-03T02:49:19.279+0600][76.828s][info][gc,cpu         ] GC(362) User=0.02s Sys=0.02s Real=0.00s
[2026-04-03T02:49:19.280+0600][76.830s][info][gc,start       ] GC(363) Pause Young (Concurrent Start) (G1 Humongous Allocation)
[2026-04-03T02:49:19.280+0600][76.830s][info][gc,task        ] GC(363) Using 10 workers of 10 for evacuation
[2026-04-03T02:49:19.284+0600][76.834s][info][gc,phases      ] GC(363)   Pre Evacuate Collection Set: 0.32ms
[2026-04-03T02:49:19.284+0600][76.834s][info][gc,phases      ] GC(363)   Merge Heap Roots: 0.12ms
[2026-04-03T02:49:19.284+0600][76.834s][info][gc,phases      ] GC(363)   Evacuate Collection Set: 2.58ms
[2026-04-03T02:49:19.284+0600][76.834s][info][gc,phases      ] GC(363)   Post Evacuate Collection Set: 0.75ms
[2026-04-03T02:49:19.284+0600][76.834s][info][gc,phases      ] GC(363)   Other: 0.15ms
[2026-04-03T02:49:19.284+0600][76.834s][info][gc,heap        ] GC(363) Eden regions: 4->0(316)
[2026-04-03T02:49:19.284+0600][76.834s][info][gc,heap        ] GC(363) Survivor regions: 8->6(41)
[2026-04-03T02:49:19.284+0600][76.834s][info][gc,heap        ] GC(363) Old regions: 87->87
[2026-04-03T02:49:19.284+0600][76.834s][info][gc,heap        ] GC(363) Humongous regions: 10->8
[2026-04-03T02:49:19.284+0600][76.834s][info][gc,metaspace   ] GC(363) Metaspace: 132024K(133440K)->132024K(133440K) NonClass: 115402K(116096K)->115402K(116096K) Class: 16621K(17344K)->16621K(17344K)
[2026-04-03T02:49:19.284+0600][76.834s][info][gc             ] GC(363) Pause Young (Concurrent Start) (G1 Humongous Allocation) 106M->99M(538M) 4.176ms
[2026-04-03T02:49:19.285+0600][76.834s][info][gc             ] GC(364) Concurrent Mark Cycle
[2026-04-03T02:49:19.285+0600][76.834s][info][gc,cpu         ] GC(363) User=0.03s Sys=0.00s Real=0.00s
[2026-04-03T02:49:19.285+0600][76.834s][info][gc,marking     ] GC(364) Concurrent Scan Root Regions
[2026-04-03T02:49:19.287+0600][76.837s][info][gc,marking     ] GC(364) Concurrent Scan Root Regions 2.559ms
[2026-04-03T02:49:19.287+0600][76.837s][info][gc,marking     ] GC(364) Concurrent Mark
[2026-04-03T02:49:19.287+0600][76.837s][info][gc,marking     ] GC(364) Concurrent Mark From Roots
[2026-04-03T02:49:19.287+0600][76.837s][info][gc,task        ] GC(364) Using 3 workers of 3 for marking
[2026-04-03T02:49:19.374+0600][76.924s][info][gc,marking     ] GC(364) Concurrent Mark From Roots 86.775ms
[2026-04-03T02:49:19.374+0600][76.924s][info][gc,marking     ] GC(364) Concurrent Preclean
[2026-04-03T02:49:19.375+0600][76.924s][info][gc,marking     ] GC(364) Concurrent Preclean 0.573ms
[2026-04-03T02:49:19.375+0600][76.925s][info][gc,start       ] GC(364) Pause Remark
[2026-04-03T02:49:19.384+0600][76.933s][info][gc             ] GC(364) Pause Remark 205M->205M(504M) 8.615ms
[2026-04-03T02:49:19.384+0600][76.934s][info][gc,cpu         ] GC(364) User=0.07s Sys=0.01s Real=0.01s
[2026-04-03T02:49:19.384+0600][76.934s][info][gc,marking     ] GC(364) Concurrent Mark 96.778ms
[2026-04-03T02:49:19.384+0600][76.934s][info][gc,marking     ] GC(364) Concurrent Rebuild Remembered Sets and Scrub Regions
[2026-04-03T02:49:19.410+0600][76.960s][info][gc,marking     ] GC(364) Concurrent Rebuild Remembered Sets and Scrub Regions 26.189ms
[2026-04-03T02:49:19.411+0600][76.960s][info][gc,start       ] GC(364) Pause Cleanup
[2026-04-03T02:49:19.411+0600][76.961s][info][gc             ] GC(364) Pause Cleanup 221M->221M(504M) 0.462ms
[2026-04-03T02:49:19.411+0600][76.961s][info][gc,cpu         ] GC(364) User=0.00s Sys=0.00s Real=0.00s
[2026-04-03T02:49:19.411+0600][76.961s][info][gc,marking     ] GC(364) Concurrent Clear Claimed Marks
[2026-04-03T02:49:19.412+0600][76.962s][info][gc,marking     ] GC(364) Concurrent Clear Claimed Marks 0.409ms
[2026-04-03T02:49:19.412+0600][76.962s][info][gc,marking     ] GC(364) Concurrent Cleanup for Next Mark
[2026-04-03T02:49:19.413+0600][76.963s][info][gc,marking     ] GC(364) Concurrent Cleanup for Next Mark 1.125ms
[2026-04-03T02:49:19.413+0600][76.963s][info][gc             ] GC(364) Concurrent Mark Cycle 128.584ms
[2026-04-03T02:49:19.674+0600][77.224s][info][gc,start       ] GC(365) Pause Young (Prepare Mixed) (G1 Evacuation Pause)
[2026-04-03T02:49:19.681+0600][77.231s][info][gc,task        ] GC(365) Using 10 workers of 10 for evacuation
[2026-04-03T02:49:19.689+0600][77.238s][info][gc,phases      ] GC(365)   Pre Evacuate Collection Set: 0.60ms
[2026-04-03T02:49:19.689+0600][77.238s][info][gc,phases      ] GC(365)   Merge Heap Roots: 0.51ms
[2026-04-03T02:49:19.689+0600][77.238s][info][gc,phases      ] GC(365)   Evacuate Collection Set: 5.44ms
[2026-04-03T02:49:19.689+0600][77.238s][info][gc,phases      ] GC(365)   Post Evacuate Collection Set: 0.91ms
[2026-04-03T02:49:19.689+0600][77.238s][info][gc,phases      ] GC(365)   Other: 0.18ms
[2026-04-03T02:49:19.689+0600][77.238s][info][gc,heap        ] GC(365) Eden regions: 265->0(299)
[2026-04-03T02:49:19.689+0600][77.238s][info][gc,heap        ] GC(365) Survivor regions: 6->9(38)
[2026-04-03T02:49:19.689+0600][77.238s][info][gc,heap        ] GC(365) Old regions: 87->88
[2026-04-03T02:49:19.689+0600][77.238s][info][gc,heap        ] GC(365) Humongous regions: 146->8
[2026-04-03T02:49:19.689+0600][77.238s][info][gc,metaspace   ] GC(365) Metaspace: 132024K(133440K)->132024K(133440K) NonClass: 115402K(116096K)->115402K(116096K) Class: 16621K(17344K)->16621K(17344K)
[2026-04-03T02:49:19.689+0600][77.238s][info][gc             ] GC(365) Pause Young (Prepare Mixed) (G1 Evacuation Pause) 502M->102M(514M) 14.705ms
[2026-04-03T02:49:19.689+0600][77.239s][info][gc,cpu         ] GC(365) User=0.04s Sys=0.01s Real=0.01s
[2026-04-03T02:49:19.909+0600][77.458s][info][gc,start       ] GC(366) Pause Young (Mixed) (G1 Evacuation Pause)
[2026-04-03T02:49:19.909+0600][77.458s][info][gc,task        ] GC(366) Using 10 workers of 10 for evacuation
[2026-04-03T02:49:19.914+0600][77.463s][info][gc,phases      ] GC(366)   Pre Evacuate Collection Set: 0.34ms
[2026-04-03T02:49:19.914+0600][77.463s][info][gc,phases      ] GC(366)   Merge Heap Roots: 0.15ms
[2026-04-03T02:49:19.914+0600][77.463s][info][gc,phases      ] GC(366)   Evacuate Collection Set: 3.51ms
[2026-04-03T02:49:19.914+0600][77.463s][info][gc,phases      ] GC(366)   Post Evacuate Collection Set: 0.68ms
[2026-04-03T02:49:19.914+0600][77.463s][info][gc,phases      ] GC(366)   Other: 0.09ms
[2026-04-03T02:49:19.914+0600][77.463s][info][gc,heap        ] GC(366) Eden regions: 200->0(343)
[2026-04-03T02:49:19.914+0600][77.463s][info][gc,heap        ] GC(366) Survivor regions: 9->10(39)
[2026-04-03T02:49:19.914+0600][77.463s][info][gc,heap        ] GC(366) Old regions: 88->87
[2026-04-03T02:49:19.914+0600][77.463s][info][gc,heap        ] GC(366) Humongous regions: 282->18
[2026-04-03T02:49:19.914+0600][77.463s][info][gc,metaspace   ] GC(366) Metaspace: 132030K(133504K)->132030K(133504K) NonClass: 115408K(116160K)->115408K(116160K) Class: 16621K(17344K)->16621K(17344K)
[2026-04-03T02:49:19.914+0600][77.463s][info][gc             ] GC(366) Pause Young (Mixed) (G1 Evacuation Pause) 576M->112M(589M) 5.101ms
[2026-04-03T02:49:19.914+0600][77.464s][info][gc,cpu         ] GC(366) User=0.03s Sys=0.02s Real=0.01s
[2026-04-03T02:49:19.915+0600][77.465s][info][gc,start       ] GC(367) Pause Young (Concurrent Start) (G1 Humongous Allocation)
[2026-04-03T02:49:19.915+0600][77.465s][info][gc,task        ] GC(367) Using 10 workers of 10 for evacuation
[2026-04-03T02:49:19.918+0600][77.468s][info][gc,phases      ] GC(367)   Pre Evacuate Collection Set: 0.25ms
[2026-04-03T02:49:19.918+0600][77.468s][info][gc,phases      ] GC(367)   Merge Heap Roots: 0.08ms
[2026-04-03T02:49:19.918+0600][77.468s][info][gc,phases      ] GC(367)   Evacuate Collection Set: 1.86ms
[2026-04-03T02:49:19.918+0600][77.468s][info][gc,phases      ] GC(367)   Post Evacuate Collection Set: 0.49ms
[2026-04-03T02:49:19.918+0600][77.468s][info][gc,phases      ] GC(367)   Other: 0.09ms
[2026-04-03T02:49:19.918+0600][77.468s][info][gc,heap        ] GC(367) Eden regions: 2->0(335)
[2026-04-03T02:49:19.918+0600][77.468s][info][gc,heap        ] GC(367) Survivor regions: 10->10(45)
[2026-04-03T02:49:19.918+0600][77.468s][info][gc,heap        ] GC(367) Old regions: 87->87
[2026-04-03T02:49:19.918+0600][77.468s][info][gc,heap        ] GC(367) Humongous regions: 23->13
[2026-04-03T02:49:19.918+0600][77.468s][info][gc,metaspace   ] GC(367) Metaspace: 132030K(133504K)->132030K(133504K) NonClass: 115408K(116160K)->115408K(116160K) Class: 16621K(17344K)->16621K(17344K)
[2026-04-03T02:49:19.918+0600][77.468s][info][gc             ] GC(367) Pause Young (Concurrent Start) (G1 Humongous Allocation) 119M->107M(589M) 3.016ms
[2026-04-03T02:49:19.918+0600][77.468s][info][gc             ] GC(368) Concurrent Mark Cycle
[2026-04-03T02:49:19.918+0600][77.468s][info][gc,marking     ] GC(368) Concurrent Scan Root Regions
[2026-04-03T02:49:19.918+0600][77.468s][info][gc,cpu         ] GC(367) User=0.02s Sys=0.00s Real=0.00s
[2026-04-03T02:49:19.921+0600][77.471s][info][gc,marking     ] GC(368) Concurrent Scan Root Regions 2.800ms
[2026-04-03T02:49:19.921+0600][77.471s][info][gc,marking     ] GC(368) Concurrent Mark
[2026-04-03T02:49:19.921+0600][77.471s][info][gc,marking     ] GC(368) Concurrent Mark From Roots
[2026-04-03T02:49:19.921+0600][77.471s][info][gc,task        ] GC(368) Using 3 workers of 3 for marking
[2026-04-03T02:49:19.999+0600][77.548s][info][gc,marking     ] GC(368) Concurrent Mark From Roots 77.640ms
[2026-04-03T02:49:19.999+0600][77.549s][info][gc,marking     ] GC(368) Concurrent Preclean
[2026-04-03T02:49:19.999+0600][77.549s][info][gc,marking     ] GC(368) Concurrent Preclean 0.464ms
[2026-04-03T02:49:20.000+0600][77.549s][info][gc,start       ] GC(368) Pause Remark
[2026-04-03T02:49:20.007+0600][77.557s][info][gc             ] GC(368) Pause Remark 300M->300M(589M) 7.305ms
[2026-04-03T02:49:20.007+0600][77.557s][info][gc,cpu         ] GC(368) User=0.06s Sys=0.00s Real=0.01s
[2026-04-03T02:49:20.007+0600][77.557s][info][gc,marking     ] GC(368) Concurrent Mark 86.058ms
[2026-04-03T02:49:20.007+0600][77.557s][info][gc,marking     ] GC(368) Concurrent Rebuild Remembered Sets and Scrub Regions
[2026-04-03T02:49:20.037+0600][77.587s][info][gc,marking     ] GC(368) Concurrent Rebuild Remembered Sets and Scrub Regions 30.108ms
[2026-04-03T02:49:20.042+0600][77.592s][info][gc,start       ] GC(368) Pause Cleanup
[2026-04-03T02:49:20.042+0600][77.592s][info][gc             ] GC(368) Pause Cleanup 609M->609M(614M) 0.285ms
[2026-04-03T02:49:20.042+0600][77.592s][info][gc,cpu         ] GC(368) User=0.00s Sys=0.00s Real=0.00s
[2026-04-03T02:49:20.042+0600][77.592s][info][gc,marking     ] GC(368) Concurrent Clear Claimed Marks
[2026-04-03T02:49:20.043+0600][77.593s][info][gc,marking     ] GC(368) Concurrent Clear Claimed Marks 0.427ms
[2026-04-03T02:49:20.043+0600][77.593s][info][gc,marking     ] GC(368) Concurrent Cleanup for Next Mark
[2026-04-03T02:49:20.044+0600][77.594s][info][gc,marking     ] GC(368) Concurrent Cleanup for Next Mark 1.551ms
[2026-04-03T02:49:20.044+0600][77.594s][info][gc             ] GC(368) Concurrent Mark Cycle 126.361ms
[2026-04-03T02:49:20.062+0600][77.611s][info][gc,start       ] GC(369) Pause Young (Prepare Mixed) (G1 Evacuation Pause)
[2026-04-03T02:49:20.062+0600][77.611s][info][gc,task        ] GC(369) Using 10 workers of 10 for evacuation
[2026-04-03T02:49:20.064+0600][77.614s][info][gc,phases      ] GC(369)   Pre Evacuate Collection Set: 0.25ms
[2026-04-03T02:49:20.065+0600][77.614s][info][gc,phases      ] GC(369)   Merge Heap Roots: 0.19ms
[2026-04-03T02:49:20.065+0600][77.614s][info][gc,phases      ] GC(369)   Evacuate Collection Set: 1.69ms
[2026-04-03T02:49:20.065+0600][77.614s][info][gc,phases      ] GC(369)   Post Evacuate Collection Set: 0.63ms
[2026-04-03T02:49:20.065+0600][77.614s][info][gc,phases      ] GC(369)   Other: 0.07ms
[2026-04-03T02:49:20.065+0600][77.614s][info][gc,heap        ] GC(369) Eden regions: 68->0(388)
[2026-04-03T02:49:20.065+0600][77.614s][info][gc,heap        ] GC(369) Survivor regions: 10->3(44)
[2026-04-03T02:49:20.065+0600][77.614s][info][gc,heap        ] GC(369) Old regions: 87->87
[2026-04-03T02:49:20.065+0600][77.614s][info][gc,heap        ] GC(369) Humongous regions: 485->8
[2026-04-03T02:49:20.065+0600][77.614s][info][gc,metaspace   ] GC(369) Metaspace: 132030K(133504K)->132030K(133504K) NonClass: 115408K(116160K)->115408K(116160K) Class: 16621K(17344K)->16621K(17344K)
[2026-04-03T02:49:20.065+0600][77.614s][info][gc             ] GC(369) Pause Young (Prepare Mixed) (G1 Evacuation Pause) 647M->96M(653M) 3.023ms
[2026-04-03T02:49:20.065+0600][77.614s][info][gc,cpu         ] GC(369) User=0.01s Sys=0.01s Real=0.00s
[2026-04-03T02:49:20.625+0600][78.175s][info][gc,start       ] GC(370) Pause Young (Mixed) (G1 Evacuation Pause)
[2026-04-03T02:49:20.625+0600][78.175s][info][gc,task        ] GC(370) Using 10 workers of 10 for evacuation
[2026-04-03T02:49:20.630+0600][78.180s][info][gc,phases      ] GC(370)   Pre Evacuate Collection Set: 0.39ms
[2026-04-03T02:49:20.630+0600][78.180s][info][gc,phases      ] GC(370)   Merge Heap Roots: 0.22ms
[2026-04-03T02:49:20.630+0600][78.180s][info][gc,phases      ] GC(370)   Evacuate Collection Set: 3.63ms
[2026-04-03T02:49:20.630+0600][78.180s][info][gc,phases      ] GC(370)   Post Evacuate Collection Set: 0.76ms
[2026-04-03T02:49:20.630+0600][78.180s][info][gc,phases      ] GC(370)   Other: 0.12ms
[2026-04-03T02:49:20.630+0600][78.180s][info][gc,heap        ] GC(370) Eden regions: 368->0(400)
[2026-04-03T02:49:20.630+0600][78.180s][info][gc,heap        ] GC(370) Survivor regions: 3->6(49)
[2026-04-03T02:49:20.630+0600][78.180s][info][gc,heap        ] GC(370) Old regions: 87->87
[2026-04-03T02:49:20.630+0600][78.180s][info][gc,heap        ] GC(370) Humongous regions: 212->8
[2026-04-03T02:49:20.630+0600][78.180s][info][gc,metaspace   ] GC(370) Metaspace: 132034K(133504K)->132034K(133504K) NonClass: 115413K(116160K)->115413K(116160K) Class: 16621K(17344K)->16621K(17344K)
[2026-04-03T02:49:20.630+0600][78.180s][info][gc             ] GC(370) Pause Young (Mixed) (G1 Evacuation Pause) 668M->99M(677M) 5.421ms
[2026-04-03T02:49:20.630+0600][78.180s][info][gc,cpu         ] GC(370) User=0.02s Sys=0.01s Real=0.01s
[2026-04-03T02:49:20.648+0600][78.197s][info][gc,start       ] GC(371) Pause Young (Concurrent Start) (GCLocker Initiated GC)
[2026-04-03T02:49:20.648+0600][78.197s][info][gc,task        ] GC(371) Using 10 workers of 10 for evacuation
[2026-04-03T02:49:20.652+0600][78.202s][info][gc,phases      ] GC(371)   Pre Evacuate Collection Set: 0.55ms
[2026-04-03T02:49:20.652+0600][78.202s][info][gc,phases      ] GC(371)   Merge Heap Roots: 0.17ms
[2026-04-03T02:49:20.652+0600][78.202s][info][gc,phases      ] GC(371)   Evacuate Collection Set: 2.80ms
[2026-04-03T02:49:20.652+0600][78.202s][info][gc,phases      ] GC(371)   Post Evacuate Collection Set: 0.75ms
[2026-04-03T02:49:20.652+0600][78.202s][info][gc,phases      ] GC(371)   Other: 0.22ms
[2026-04-03T02:49:20.652+0600][78.202s][info][gc,heap        ] GC(371) Eden regions: 22->0(399)
[2026-04-03T02:49:20.652+0600][78.202s][info][gc,heap        ] GC(371) Survivor regions: 6->7(51)
[2026-04-03T02:49:20.652+0600][78.202s][info][gc,heap        ] GC(371) Old regions: 87->87
[2026-04-03T02:49:20.652+0600][78.202s][info][gc,heap        ] GC(371) Humongous regions: 8->8
[2026-04-03T02:49:20.652+0600][78.202s][info][gc,metaspace   ] GC(371) Metaspace: 132034K(133504K)->132034K(133504K) NonClass: 115413K(116160K)->115413K(116160K) Class: 16621K(17344K)->16621K(17344K)
[2026-04-03T02:49:20.652+0600][78.202s][info][gc             ] GC(371) Pause Young (Concurrent Start) (GCLocker Initiated GC) 121M->100M(677M) 4.884ms
[2026-04-03T02:49:20.653+0600][78.202s][info][gc             ] GC(372) Concurrent Mark Cycle
[2026-04-03T02:49:20.653+0600][78.202s][info][gc,cpu         ] GC(371) User=0.03s Sys=0.00s Real=0.01s
[2026-04-03T02:49:20.653+0600][78.202s][info][gc,marking     ] GC(372) Concurrent Scan Root Regions
[2026-04-03T02:49:20.655+0600][78.204s][info][gc,marking     ] GC(372) Concurrent Scan Root Regions 2.123ms
[2026-04-03T02:49:20.655+0600][78.205s][info][gc,marking     ] GC(372) Concurrent Mark
[2026-04-03T02:49:20.655+0600][78.205s][info][gc,marking     ] GC(372) Concurrent Mark From Roots
[2026-04-03T02:49:20.655+0600][78.205s][info][gc,task        ] GC(372) Using 3 workers of 3 for marking
[2026-04-03T02:49:20.743+0600][78.293s][info][gc,marking     ] GC(372) Concurrent Mark From Roots 88.520ms
[2026-04-03T02:49:20.743+0600][78.293s][info][gc,marking     ] GC(372) Concurrent Preclean
[2026-04-03T02:49:20.744+0600][78.294s][info][gc,marking     ] GC(372) Concurrent Preclean 0.604ms
[2026-04-03T02:49:20.744+0600][78.294s][info][gc,start       ] GC(372) Pause Remark
[2026-04-03T02:49:20.753+0600][78.302s][info][gc             ] GC(372) Pause Remark 220M->220M(534M) 8.134ms
[2026-04-03T02:49:20.753+0600][78.303s][info][gc,cpu         ] GC(372) User=0.06s Sys=0.00s Real=0.01s
[2026-04-03T02:49:20.753+0600][78.303s][info][gc,marking     ] GC(372) Concurrent Mark 98.155ms
[2026-04-03T02:49:20.753+0600][78.303s][info][gc,marking     ] GC(372) Concurrent Rebuild Remembered Sets and Scrub Regions
[2026-04-03T02:49:20.788+0600][78.338s][info][gc,marking     ] GC(372) Concurrent Rebuild Remembered Sets and Scrub Regions 35.425ms
[2026-04-03T02:49:20.789+0600][78.339s][info][gc,start       ] GC(372) Pause Cleanup
[2026-04-03T02:49:20.789+0600][78.339s][info][gc             ] GC(372) Pause Cleanup 263M->263M(534M) 0.350ms
[2026-04-03T02:49:20.789+0600][78.339s][info][gc,cpu         ] GC(372) User=0.01s Sys=0.00s Real=0.00s
[2026-04-03T02:49:20.789+0600][78.339s][info][gc,marking     ] GC(372) Concurrent Clear Claimed Marks
[2026-04-03T02:49:20.790+0600][78.340s][info][gc,marking     ] GC(372) Concurrent Clear Claimed Marks 0.434ms
[2026-04-03T02:49:20.790+0600][78.340s][info][gc,marking     ] GC(372) Concurrent Cleanup for Next Mark
[2026-04-03T02:49:20.791+0600][78.341s][info][gc,marking     ] GC(372) Concurrent Cleanup for Next Mark 1.142ms
[2026-04-03T02:49:20.791+0600][78.341s][info][gc             ] GC(372) Concurrent Mark Cycle 138.602ms
[2026-04-03T02:49:20.967+0600][78.517s][info][gc,start       ] GC(373) Pause Young (Prepare Mixed) (G1 Evacuation Pause)
[2026-04-03T02:49:20.967+0600][78.517s][info][gc,task        ] GC(373) Using 10 workers of 10 for evacuation
[2026-04-03T02:49:20.974+0600][78.523s][info][gc,phases      ] GC(373)   Pre Evacuate Collection Set: 0.45ms
[2026-04-03T02:49:20.974+0600][78.524s][info][gc,phases      ] GC(373)   Merge Heap Roots: 0.34ms
[2026-04-03T02:49:20.974+0600][78.524s][info][gc,phases      ] GC(373)   Evacuate Collection Set: 4.80ms
[2026-04-03T02:49:20.974+0600][78.524s][info][gc,phases      ] GC(373)   Post Evacuate Collection Set: 0.80ms
[2026-04-03T02:49:20.974+0600][78.524s][info][gc,phases      ] GC(373)   Other: 0.15ms
[2026-04-03T02:49:20.974+0600][78.524s][info][gc,heap        ] GC(373) Eden regions: 241->0(317)
[2026-04-03T02:49:20.974+0600][78.524s][info][gc,heap        ] GC(373) Survivor regions: 7->10(40)
[2026-04-03T02:49:20.974+0600][78.524s][info][gc,heap        ] GC(373) Old regions: 87->88
[2026-04-03T02:49:20.974+0600][78.524s][info][gc,heap        ] GC(373) Humongous regions: 199->8
[2026-04-03T02:49:20.974+0600][78.524s][info][gc,metaspace   ] GC(373) Metaspace: 132035K(133504K)->132035K(133504K) NonClass: 115414K(116160K)->115414K(116160K) Class: 16621K(17344K)->16621K(17344K)
[2026-04-03T02:49:20.974+0600][78.524s][info][gc             ] GC(373) Pause Young (Prepare Mixed) (G1 Evacuation Pause) 532M->102M(545M) 6.921ms
[2026-04-03T02:49:20.974+0600][78.524s][info][gc,cpu         ] GC(373) User=0.03s Sys=0.01s Real=0.01s
[2026-04-03T02:49:21.374+0600][78.923s][info][gc,start       ] GC(374) Pause Young (Mixed) (G1 Evacuation Pause)
[2026-04-03T02:49:21.374+0600][78.923s][info][gc,task        ] GC(374) Using 10 workers of 10 for evacuation
[2026-04-03T02:49:21.377+0600][78.927s][info][gc,phases      ] GC(374)   Pre Evacuate Collection Set: 0.50ms
[2026-04-03T02:49:21.377+0600][78.927s][info][gc,phases      ] GC(374)   Merge Heap Roots: 0.18ms
[2026-04-03T02:49:21.377+0600][78.927s][info][gc,phases      ] GC(374)   Evacuate Collection Set: 2.21ms
[2026-04-03T02:49:21.377+0600][78.927s][info][gc,phases      ] GC(374)   Post Evacuate Collection Set: 0.72ms
[2026-04-03T02:49:21.377+0600][78.927s][info][gc,phases      ] GC(374)   Other: 0.12ms
[2026-04-03T02:49:21.377+0600][78.927s][info][gc,heap        ] GC(374) Eden regions: 268->0(325)
[2026-04-03T02:49:21.377+0600][78.927s][info][gc,heap        ] GC(374) Survivor regions: 10->5(41)
[2026-04-03T02:49:21.378+0600][78.927s][info][gc,heap        ] GC(374) Old regions: 88->87
[2026-04-03T02:49:21.378+0600][78.927s][info][gc,heap        ] GC(374) Humongous regions: 179->8
[2026-04-03T02:49:21.378+0600][78.927s][info][gc,metaspace   ] GC(374) Metaspace: 132074K(133504K)->132074K(133504K) NonClass: 115445K(116160K)->115445K(116160K) Class: 16628K(17344K)->16628K(17344K)
[2026-04-03T02:49:21.378+0600][78.927s][info][gc             ] GC(374) Pause Young (Mixed) (G1 Evacuation Pause) 541M->98M(551M) 3.951ms
[2026-04-03T02:49:21.378+0600][78.927s][info][gc,cpu         ] GC(374) User=0.02s Sys=0.00s Real=0.00s
[2026-04-03T02:49:21.505+0600][79.055s][info][gc,start       ] GC(375) Pause Young (Concurrent Start) (G1 Humongous Allocation)
[2026-04-03T02:49:21.505+0600][79.055s][info][gc,task        ] GC(375) Using 10 workers of 10 for evacuation
[2026-04-03T02:49:21.508+0600][79.057s][info][gc,phases      ] GC(375)   Pre Evacuate Collection Set: 0.26ms
[2026-04-03T02:49:21.508+0600][79.057s][info][gc,phases      ] GC(375)   Merge Heap Roots: 0.12ms
[2026-04-03T02:49:21.508+0600][79.057s][info][gc,phases      ] GC(375)   Evacuate Collection Set: 1.38ms
[2026-04-03T02:49:21.508+0600][79.057s][info][gc,phases      ] GC(375)   Post Evacuate Collection Set: 0.58ms
[2026-04-03T02:49:21.508+0600][79.058s][info][gc,phases      ] GC(375)   Other: 0.10ms
[2026-04-03T02:49:21.508+0600][79.058s][info][gc,heap        ] GC(375) Eden regions: 73->0(325)
[2026-04-03T02:49:21.508+0600][79.058s][info][gc,heap        ] GC(375) Survivor regions: 5->5(42)
[2026-04-03T02:49:21.508+0600][79.058s][info][gc,heap        ] GC(375) Old regions: 87->87
[2026-04-03T02:49:21.508+0600][79.058s][info][gc,heap        ] GC(375) Humongous regions: 8->8
[2026-04-03T02:49:21.508+0600][79.058s][info][gc,metaspace   ] GC(375) Metaspace: 132074K(133504K)->132074K(133504K) NonClass: 115445K(116160K)->115445K(116160K) Class: 16628K(17344K)->16628K(17344K)
[2026-04-03T02:49:21.508+0600][79.058s][info][gc             ] GC(375) Pause Young (Concurrent Start) (G1 Humongous Allocation) 171M->98M(551M) 2.676ms
[2026-04-03T02:49:21.508+0600][79.058s][info][gc             ] GC(376) Concurrent Mark Cycle
[2026-04-03T02:49:21.508+0600][79.058s][info][gc,marking     ] GC(376) Concurrent Scan Root Regions
[2026-04-03T02:49:21.508+0600][79.058s][info][gc,cpu         ] GC(375) User=0.01s Sys=0.00s Real=0.00s
[2026-04-03T02:49:21.510+0600][79.060s][info][gc,marking     ] GC(376) Concurrent Scan Root Regions 2.115ms
[2026-04-03T02:49:21.510+0600][79.060s][info][gc,marking     ] GC(376) Concurrent Mark
[2026-04-03T02:49:21.510+0600][79.060s][info][gc,marking     ] GC(376) Concurrent Mark From Roots
[2026-04-03T02:49:21.510+0600][79.060s][info][gc,task        ] GC(376) Using 3 workers of 3 for marking
[2026-04-03T02:49:21.594+0600][79.144s][info][gc,marking     ] GC(376) Concurrent Mark From Roots 84.221ms
[2026-04-03T02:49:21.594+0600][79.144s][info][gc,marking     ] GC(376) Concurrent Preclean
[2026-04-03T02:49:21.595+0600][79.145s][info][gc,marking     ] GC(376) Concurrent Preclean 0.632ms
[2026-04-03T02:49:21.595+0600][79.145s][info][gc,start       ] GC(376) Pause Remark
[2026-04-03T02:49:21.605+0600][79.155s][info][gc             ] GC(376) Pause Remark 204M->204M(490M) 9.703ms
[2026-04-03T02:49:21.605+0600][79.155s][info][gc,cpu         ] GC(376) User=0.06s Sys=0.01s Real=0.01s
[2026-04-03T02:49:21.606+0600][79.155s][info][gc,marking     ] GC(376) Concurrent Mark 95.467ms
[2026-04-03T02:49:21.606+0600][79.155s][info][gc,marking     ] GC(376) Concurrent Rebuild Remembered Sets and Scrub Regions
[2026-04-03T02:49:21.639+0600][79.189s][info][gc,marking     ] GC(376) Concurrent Rebuild Remembered Sets and Scrub Regions 33.300ms
[2026-04-03T02:49:21.640+0600][79.189s][info][gc,start       ] GC(376) Pause Cleanup
[2026-04-03T02:49:21.640+0600][79.190s][info][gc             ] GC(376) Pause Cleanup 240M->240M(490M) 0.331ms
[2026-04-03T02:49:21.640+0600][79.190s][info][gc,cpu         ] GC(376) User=0.00s Sys=0.01s Real=0.00s
[2026-04-03T02:49:21.640+0600][79.190s][info][gc,marking     ] GC(376) Concurrent Clear Claimed Marks
[2026-04-03T02:49:21.641+0600][79.190s][info][gc,marking     ] GC(376) Concurrent Clear Claimed Marks 0.363ms
[2026-04-03T02:49:21.641+0600][79.190s][info][gc,marking     ] GC(376) Concurrent Cleanup for Next Mark
[2026-04-03T02:49:21.644+0600][79.193s][info][gc,marking     ] GC(376) Concurrent Cleanup for Next Mark 2.878ms
[2026-04-03T02:49:21.644+0600][79.193s][info][gc             ] GC(376) Concurrent Mark Cycle 135.813ms
[2026-04-03T02:49:21.808+0600][79.357s][info][gc,start       ] GC(377) Pause Young (Prepare Mixed) (GCLocker Initiated GC)
[2026-04-03T02:49:21.808+0600][79.358s][info][gc,task        ] GC(377) Using 10 workers of 10 for evacuation
[2026-04-03T02:49:21.814+0600][79.364s][info][gc,phases      ] GC(377)   Pre Evacuate Collection Set: 0.47ms
[2026-04-03T02:49:21.814+0600][79.364s][info][gc,phases      ] GC(377)   Merge Heap Roots: 0.21ms
[2026-04-03T02:49:21.814+0600][79.364s][info][gc,phases      ] GC(377)   Evacuate Collection Set: 4.61ms
[2026-04-03T02:49:21.814+0600][79.364s][info][gc,phases      ] GC(377)   Post Evacuate Collection Set: 0.78ms
[2026-04-03T02:49:21.814+0600][79.364s][info][gc,phases      ] GC(377)   Other: 0.11ms
[2026-04-03T02:49:21.814+0600][79.364s][info][gc,heap        ] GC(377) Eden regions: 217->0(294)
[2026-04-03T02:49:21.814+0600][79.364s][info][gc,heap        ] GC(377) Survivor regions: 5->7(37)
[2026-04-03T02:49:21.814+0600][79.364s][info][gc,heap        ] GC(377) Old regions: 87->88
[2026-04-03T02:49:21.814+0600][79.364s][info][gc,heap        ] GC(377) Humongous regions: 185->8
[2026-04-03T02:49:21.814+0600][79.364s][info][gc,metaspace   ] GC(377) Metaspace: 132075K(133504K)->132075K(133504K) NonClass: 115447K(116160K)->115447K(116160K) Class: 16628K(17344K)->16628K(17344K)
[2026-04-03T02:49:21.814+0600][79.364s][info][gc             ] GC(377) Pause Young (Prepare Mixed) (GCLocker Initiated GC) 492M->100M(502M) 6.515ms
[2026-04-03T02:49:21.814+0600][79.364s][info][gc,cpu         ] GC(377) User=0.03s Sys=0.01s Real=0.01s
[2026-04-03T02:49:22.068+0600][79.617s][info][gc,start       ] GC(378) Pause Young (Mixed) (G1 Evacuation Pause)
[2026-04-03T02:49:22.068+0600][79.618s][info][gc,task        ] GC(378) Using 10 workers of 10 for evacuation
[2026-04-03T02:49:22.072+0600][79.622s][info][gc,phases      ] GC(378)   Pre Evacuate Collection Set: 0.31ms
[2026-04-03T02:49:22.072+0600][79.622s][info][gc,phases      ] GC(378)   Merge Heap Roots: 0.16ms
[2026-04-03T02:49:22.072+0600][79.622s][info][gc,phases      ] GC(378)   Evacuate Collection Set: 3.16ms
[2026-04-03T02:49:22.072+0600][79.622s][info][gc,phases      ] GC(378)   Post Evacuate Collection Set: 0.69ms
[2026-04-03T02:49:22.072+0600][79.622s][info][gc,phases      ] GC(378)   Other: 0.10ms
[2026-04-03T02:49:22.072+0600][79.622s][info][gc,heap        ] GC(378) Eden regions: 225->0(305)
[2026-04-03T02:49:22.072+0600][79.622s][info][gc,heap        ] GC(378) Survivor regions: 7->7(38)
[2026-04-03T02:49:22.072+0600][79.622s][info][gc,heap        ] GC(378) Old regions: 88->87
[2026-04-03T02:49:22.072+0600][79.622s][info][gc,heap        ] GC(378) Humongous regions: 193->8
[2026-04-03T02:49:22.072+0600][79.622s][info][gc,metaspace   ] GC(378) Metaspace: 132075K(133504K)->132075K(133504K) NonClass: 115447K(116160K)->115447K(116160K) Class: 16628K(17344K)->16628K(17344K)
[2026-04-03T02:49:22.072+0600][79.622s][info][gc             ] GC(378) Pause Young (Mixed) (G1 Evacuation Pause) 510M->100M(520M) 4.660ms
[2026-04-03T02:49:22.073+0600][79.622s][info][gc,cpu         ] GC(378) User=0.02s Sys=0.01s Real=0.01s
[2026-04-03T02:49:22.087+0600][79.637s][info][gc,start       ] GC(379) Pause Young (Concurrent Start) (GCLocker Initiated GC)
[2026-04-03T02:49:22.087+0600][79.637s][info][gc,task        ] GC(379) Using 10 workers of 10 for evacuation
[2026-04-03T02:49:22.092+0600][79.641s][info][gc,phases      ] GC(379)   Pre Evacuate Collection Set: 0.36ms
[2026-04-03T02:49:22.092+0600][79.642s][info][gc,phases      ] GC(379)   Merge Heap Roots: 0.15ms
[2026-04-03T02:49:22.092+0600][79.642s][info][gc,phases      ] GC(379)   Evacuate Collection Set: 3.02ms
[2026-04-03T02:49:22.092+0600][79.642s][info][gc,phases      ] GC(379)   Post Evacuate Collection Set: 0.90ms
[2026-04-03T02:49:22.092+0600][79.642s][info][gc,phases      ] GC(379)   Other: 0.19ms
[2026-04-03T02:49:22.092+0600][79.642s][info][gc,heap        ] GC(379) Eden regions: 24->0(305)
[2026-04-03T02:49:22.092+0600][79.642s][info][gc,heap        ] GC(379) Survivor regions: 7->7(39)
[2026-04-03T02:49:22.092+0600][79.642s][info][gc,heap        ] GC(379) Old regions: 87->87
[2026-04-03T02:49:22.092+0600][79.642s][info][gc,heap        ] GC(379) Humongous regions: 8->8
[2026-04-03T02:49:22.092+0600][79.642s][info][gc,metaspace   ] GC(379) Metaspace: 132075K(133504K)->132075K(133504K) NonClass: 115447K(116160K)->115447K(116160K) Class: 16628K(17344K)->16628K(17344K)
[2026-04-03T02:49:22.092+0600][79.642s][info][gc             ] GC(379) Pause Young (Concurrent Start) (GCLocker Initiated GC) 124M->100M(520M) 4.946ms
[2026-04-03T02:49:22.092+0600][79.642s][info][gc             ] GC(380) Concurrent Mark Cycle
[2026-04-03T02:49:22.092+0600][79.642s][info][gc,cpu         ] GC(379) User=0.03s Sys=0.01s Real=0.01s
[2026-04-03T02:49:22.092+0600][79.642s][info][gc,marking     ] GC(380) Concurrent Scan Root Regions
[2026-04-03T02:49:22.095+0600][79.645s][info][gc,marking     ] GC(380) Concurrent Scan Root Regions 2.598ms
[2026-04-03T02:49:22.095+0600][79.645s][info][gc,marking     ] GC(380) Concurrent Mark
[2026-04-03T02:49:22.095+0600][79.645s][info][gc,marking     ] GC(380) Concurrent Mark From Roots
[2026-04-03T02:49:22.095+0600][79.645s][info][gc,task        ] GC(380) Using 3 workers of 3 for marking
[2026-04-03T02:49:22.191+0600][79.740s][info][gc,marking     ] GC(380) Concurrent Mark From Roots 95.584ms
[2026-04-03T02:49:22.191+0600][79.740s][info][gc,marking     ] GC(380) Concurrent Preclean
[2026-04-03T02:49:22.191+0600][79.741s][info][gc,marking     ] GC(380) Concurrent Preclean 0.659ms
[2026-04-03T02:49:22.192+0600][79.741s][info][gc,start       ] GC(380) Pause Remark
[2026-04-03T02:49:22.201+0600][79.751s][info][gc             ] GC(380) Pause Remark 221M->221M(520M) 9.488ms
[2026-04-03T02:49:22.201+0600][79.751s][info][gc,cpu         ] GC(380) User=0.07s Sys=0.00s Real=0.01s
[2026-04-03T02:49:22.202+0600][79.751s][info][gc,marking     ] GC(380) Concurrent Mark 106.684ms
[2026-04-03T02:49:22.202+0600][79.751s][info][gc,marking     ] GC(380) Concurrent Rebuild Remembered Sets and Scrub Regions
[2026-04-03T02:49:22.243+0600][79.793s][info][gc,marking     ] GC(380) Concurrent Rebuild Remembered Sets and Scrub Regions 41.328ms
[2026-04-03T02:49:22.243+0600][79.793s][info][gc,start       ] GC(380) Pause Cleanup
[2026-04-03T02:49:22.244+0600][79.794s][info][gc             ] GC(380) Pause Cleanup 242M->242M(520M) 0.582ms
[2026-04-03T02:49:22.244+0600][79.794s][info][gc,cpu         ] GC(380) User=0.00s Sys=0.00s Real=0.00s
[2026-04-03T02:49:22.244+0600][79.794s][info][gc,marking     ] GC(380) Concurrent Clear Claimed Marks
[2026-04-03T02:49:22.245+0600][79.794s][info][gc,marking     ] GC(380) Concurrent Clear Claimed Marks 0.441ms
[2026-04-03T02:49:22.245+0600][79.795s][info][gc,marking     ] GC(380) Concurrent Cleanup for Next Mark
[2026-04-03T02:49:22.246+0600][79.796s][info][gc,marking     ] GC(380) Concurrent Cleanup for Next Mark 1.349ms
[2026-04-03T02:49:22.246+0600][79.796s][info][gc             ] GC(380) Concurrent Mark Cycle 154.126ms
[2026-04-03T02:49:22.504+0600][80.053s][info][gc,start       ] GC(381) Pause Young (Prepare Mixed) (G1 Evacuation Pause)
[2026-04-03T02:49:22.504+0600][80.053s][info][gc,task        ] GC(381) Using 10 workers of 10 for evacuation
[2026-04-03T02:49:22.510+0600][80.060s][info][gc,phases      ] GC(381)   Pre Evacuate Collection Set: 0.66ms
[2026-04-03T02:49:22.510+0600][80.060s][info][gc,phases      ] GC(381)   Merge Heap Roots: 0.44ms
[2026-04-03T02:49:22.510+0600][80.060s][info][gc,phases      ] GC(381)   Evacuate Collection Set: 4.60ms
[2026-04-03T02:49:22.510+0600][80.060s][info][gc,phases      ] GC(381)   Post Evacuate Collection Set: 0.84ms
[2026-04-03T02:49:22.510+0600][80.060s][info][gc,phases      ] GC(381)   Other: 0.15ms
[2026-04-03T02:49:22.510+0600][80.060s][info][gc,heap        ] GC(381) Eden regions: 272->0(308)
[2026-04-03T02:49:22.510+0600][80.060s][info][gc,heap        ] GC(381) Survivor regions: 7->9(39)
[2026-04-03T02:49:22.510+0600][80.060s][info][gc,heap        ] GC(381) Old regions: 87->87
[2026-04-03T02:49:22.510+0600][80.060s][info][gc,heap        ] GC(381) Humongous regions: 154->8
[2026-04-03T02:49:22.510+0600][80.060s][info][gc,metaspace   ] GC(381) Metaspace: 132081K(133504K)->132081K(133504K) NonClass: 115452K(116160K)->115452K(116160K) Class: 16628K(17344K)->16628K(17344K)
[2026-04-03T02:49:22.511+0600][80.060s][info][gc             ] GC(381) Pause Young (Prepare Mixed) (G1 Evacuation Pause) 518M->102M(529M) 6.979ms
[2026-04-03T02:49:22.511+0600][80.060s][info][gc,cpu         ] GC(381) User=0.04s Sys=0.01s Real=0.01s
[2026-04-03T02:49:22.734+0600][80.284s][info][gc,start       ] GC(382) Pause Young (Mixed) (G1 Evacuation Pause)
[2026-04-03T02:49:22.734+0600][80.284s][info][gc,task        ] GC(382) Using 10 workers of 10 for evacuation
[2026-04-03T02:49:22.739+0600][80.289s][info][gc,phases      ] GC(382)   Pre Evacuate Collection Set: 0.24ms
[2026-04-03T02:49:22.739+0600][80.289s][info][gc,phases      ] GC(382)   Merge Heap Roots: 0.17ms
[2026-04-03T02:49:22.739+0600][80.289s][info][gc,phases      ] GC(382)   Evacuate Collection Set: 3.62ms
[2026-04-03T02:49:22.739+0600][80.289s][info][gc,phases      ] GC(382)   Post Evacuate Collection Set: 0.69ms
[2026-04-03T02:49:22.739+0600][80.289s][info][gc,phases      ] GC(382)   Other: 0.09ms
[2026-04-03T02:49:22.739+0600][80.289s][info][gc,heap        ] GC(382) Eden regions: 201->0(384)
[2026-04-03T02:49:22.739+0600][80.289s][info][gc,heap        ] GC(382) Survivor regions: 9->9(48)
[2026-04-03T02:49:22.739+0600][80.289s][info][gc,heap        ] GC(382) Old regions: 87->87
[2026-04-03T02:49:22.739+0600][80.289s][info][gc,heap        ] GC(382) Humongous regions: 349->18
[2026-04-03T02:49:22.739+0600][80.289s][info][gc,metaspace   ] GC(382) Metaspace: 132084K(133504K)->132084K(133504K) NonClass: 115455K(116160K)->115455K(116160K) Class: 16628K(17344K)->16628K(17344K)
[2026-04-03T02:49:22.739+0600][80.289s][info][gc             ] GC(382) Pause Young (Mixed) (G1 Evacuation Pause) 644M->112M(656M) 5.073ms
[2026-04-03T02:49:22.739+0600][80.289s][info][gc,cpu         ] GC(382) User=0.03s Sys=0.01s Real=0.00s
[2026-04-03T02:49:22.744+0600][80.294s][info][gc,start       ] GC(383) Pause Young (Concurrent Start) (G1 Humongous Allocation)
[2026-04-03T02:49:22.744+0600][80.294s][info][gc,task        ] GC(383) Using 10 workers of 10 for evacuation
[2026-04-03T02:49:22.747+0600][80.297s][info][gc,phases      ] GC(383)   Pre Evacuate Collection Set: 0.36ms
[2026-04-03T02:49:22.747+0600][80.297s][info][gc,phases      ] GC(383)   Merge Heap Roots: 0.12ms
[2026-04-03T02:49:22.747+0600][80.297s][info][gc,phases      ] GC(383)   Evacuate Collection Set: 1.85ms
[2026-04-03T02:49:22.747+0600][80.297s][info][gc,phases      ] GC(383)   Post Evacuate Collection Set: 0.59ms
[2026-04-03T02:49:22.747+0600][80.297s][info][gc,phases      ] GC(383)   Other: 0.10ms
[2026-04-03T02:49:22.747+0600][80.297s][info][gc,heap        ] GC(383) Eden regions: 6->0(385)
[2026-04-03T02:49:22.747+0600][80.297s][info][gc,heap        ] GC(383) Survivor regions: 9->8(50)
[2026-04-03T02:49:22.747+0600][80.297s][info][gc,heap        ] GC(383) Old regions: 87->87
[2026-04-03T02:49:22.747+0600][80.297s][info][gc,heap        ] GC(383) Humongous regions: 60->13
[2026-04-03T02:49:22.747+0600][80.297s][info][gc,metaspace   ] GC(383) Metaspace: 132084K(133504K)->132084K(133504K) NonClass: 115455K(116160K)->115455K(116160K) Class: 16628K(17344K)->16628K(17344K)
[2026-04-03T02:49:22.747+0600][80.297s][info][gc             ] GC(383) Pause Young (Concurrent Start) (G1 Humongous Allocation) 160M->106M(656M) 3.357ms
[2026-04-03T02:49:22.747+0600][80.297s][info][gc             ] GC(384) Concurrent Undo Cycle
[2026-04-03T02:49:22.747+0600][80.297s][info][gc,cpu         ] GC(383) User=0.02s Sys=0.00s Real=0.00s
[2026-04-03T02:49:22.748+0600][80.297s][info][gc,marking     ] GC(384) Concurrent Clear Claimed Marks
[2026-04-03T02:49:22.748+0600][80.298s][info][gc,marking     ] GC(384) Concurrent Clear Claimed Marks 0.328ms
[2026-04-03T02:49:22.748+0600][80.298s][info][gc,marking     ] GC(384) Concurrent Cleanup for Next Mark
[2026-04-03T02:49:22.748+0600][80.298s][info][gc,marking     ] GC(384) Concurrent Cleanup for Next Mark 0.305ms
[2026-04-03T02:49:22.748+0600][80.298s][info][gc             ] GC(384) Concurrent Undo Cycle 0.808ms
[2026-04-03T02:49:22.749+0600][80.299s][info][gc,start       ] GC(385) Pause Young (Concurrent Start) (G1 Humongous Allocation)
[2026-04-03T02:49:22.749+0600][80.299s][info][gc,task        ] GC(385) Using 10 workers of 10 for evacuation
[2026-04-03T02:49:22.753+0600][80.302s][info][gc,phases      ] GC(385)   Pre Evacuate Collection Set: 0.37ms
[2026-04-03T02:49:22.753+0600][80.303s][info][gc,phases      ] GC(385)   Merge Heap Roots: 0.14ms
[2026-04-03T02:49:22.753+0600][80.303s][info][gc,phases      ] GC(385)   Evacuate Collection Set: 2.14ms
[2026-04-03T02:49:22.753+0600][80.303s][info][gc,phases      ] GC(385)   Post Evacuate Collection Set: 0.65ms
[2026-04-03T02:49:22.753+0600][80.303s][info][gc,phases      ] GC(385)   Other: 0.19ms
[2026-04-03T02:49:22.753+0600][80.303s][info][gc,heap        ] GC(385) Eden regions: 2->0(386)
[2026-04-03T02:49:22.753+0600][80.303s][info][gc,heap        ] GC(385) Survivor regions: 8->7(50)
[2026-04-03T02:49:22.753+0600][80.303s][info][gc,heap        ] GC(385) Old regions: 87->87
[2026-04-03T02:49:22.753+0600][80.303s][info][gc,heap        ] GC(385) Humongous regions: 18->8
[2026-04-03T02:49:22.753+0600][80.303s][info][gc,metaspace   ] GC(385) Metaspace: 132084K(133504K)->132084K(133504K) NonClass: 115455K(116160K)->115455K(116160K) Class: 16628K(17344K)->16628K(17344K)
[2026-04-03T02:49:22.753+0600][80.303s][info][gc             ] GC(385) Pause Young (Concurrent Start) (G1 Humongous Allocation) 112M->100M(656M) 3.864ms
[2026-04-03T02:49:22.753+0600][80.303s][info][gc             ] GC(386) Concurrent Mark Cycle
[2026-04-03T02:49:22.753+0600][80.303s][info][gc,marking     ] GC(386) Concurrent Scan Root Regions
[2026-04-03T02:49:22.753+0600][80.303s][info][gc,cpu         ] GC(385) User=0.03s Sys=0.00s Real=0.01s
[2026-04-03T02:49:22.755+0600][80.305s][info][gc,marking     ] GC(386) Concurrent Scan Root Regions 2.272ms
[2026-04-03T02:49:22.756+0600][80.305s][info][gc,marking     ] GC(386) Concurrent Mark
[2026-04-03T02:49:22.756+0600][80.305s][info][gc,marking     ] GC(386) Concurrent Mark From Roots
[2026-04-03T02:49:22.756+0600][80.305s][info][gc,task        ] GC(386) Using 3 workers of 3 for marking
[2026-04-03T02:49:22.828+0600][80.378s][info][gc,marking     ] GC(386) Concurrent Mark From Roots 72.346ms
[2026-04-03T02:49:22.828+0600][80.378s][info][gc,marking     ] GC(386) Concurrent Preclean
[2026-04-03T02:49:22.829+0600][80.378s][info][gc,marking     ] GC(386) Concurrent Preclean 0.462ms
[2026-04-03T02:49:22.829+0600][80.379s][info][gc,start       ] GC(386) Pause Remark
[2026-04-03T02:49:22.837+0600][80.387s][info][gc             ] GC(386) Pause Remark 175M->175M(457M) 8.348ms
[2026-04-03T02:49:22.837+0600][80.387s][info][gc,cpu         ] GC(386) User=0.06s Sys=0.00s Real=0.01s
[2026-04-03T02:49:22.837+0600][80.387s][info][gc,marking     ] GC(386) Concurrent Mark 81.927ms
[2026-04-03T02:49:22.838+0600][80.387s][info][gc,marking     ] GC(386) Concurrent Rebuild Remembered Sets and Scrub Regions
[2026-04-03T02:49:22.863+0600][80.413s][info][gc,marking     ] GC(386) Concurrent Rebuild Remembered Sets and Scrub Regions 25.882ms
[2026-04-03T02:49:22.865+0600][80.414s][info][gc,start       ] GC(386) Pause Cleanup
[2026-04-03T02:49:22.865+0600][80.415s][info][gc             ] GC(386) Pause Cleanup 414M->414M(457M) 0.328ms
[2026-04-03T02:49:22.865+0600][80.415s][info][gc,cpu         ] GC(386) User=0.00s Sys=0.00s Real=0.00s
[2026-04-03T02:49:22.865+0600][80.415s][info][gc,marking     ] GC(386) Concurrent Clear Claimed Marks
[2026-04-03T02:49:22.865+0600][80.415s][info][gc,marking     ] GC(386) Concurrent Clear Claimed Marks 0.385ms
[2026-04-03T02:49:22.866+0600][80.415s][info][gc,marking     ] GC(386) Concurrent Cleanup for Next Mark
[2026-04-03T02:49:22.866+0600][80.416s][info][gc,marking     ] GC(386) Concurrent Cleanup for Next Mark 0.806ms
[2026-04-03T02:49:22.866+0600][80.416s][info][gc             ] GC(386) Concurrent Mark Cycle 113.255ms
[2026-04-03T02:49:22.878+0600][80.428s][info][gc,start       ] GC(387) Pause Young (Prepare Mixed) (G1 Evacuation Pause)
[2026-04-03T02:49:22.878+0600][80.428s][info][gc,task        ] GC(387) Using 10 workers of 10 for evacuation
[2026-04-03T02:49:22.883+0600][80.432s][info][gc,phases      ] GC(387)   Pre Evacuate Collection Set: 0.51ms
[2026-04-03T02:49:22.883+0600][80.433s][info][gc,phases      ] GC(387)   Merge Heap Roots: 0.36ms
[2026-04-03T02:49:22.883+0600][80.433s][info][gc,phases      ] GC(387)   Evacuate Collection Set: 2.08ms
[2026-04-03T02:49:22.883+0600][80.433s][info][gc,phases      ] GC(387)   Post Evacuate Collection Set: 1.19ms
[2026-04-03T02:49:22.883+0600][80.433s][info][gc,phases      ] GC(387)   Other: 0.13ms
[2026-04-03T02:49:22.883+0600][80.433s][info][gc,heap        ] GC(387) Eden regions: 58->0(308)
[2026-04-03T02:49:22.883+0600][80.433s][info][gc,heap        ] GC(387) Survivor regions: 7->4(35)
[2026-04-03T02:49:22.883+0600][80.433s][info][gc,heap        ] GC(387) Old regions: 87->88
[2026-04-03T02:49:22.883+0600][80.433s][info][gc,heap        ] GC(387) Humongous regions: 364->15
[2026-04-03T02:49:22.883+0600][80.433s][info][gc,metaspace   ] GC(387) Metaspace: 132085K(133504K)->132085K(133504K) NonClass: 115456K(116160K)->115456K(116160K) Class: 16628K(17344K)->16628K(17344K)
[2026-04-03T02:49:22.883+0600][80.433s][info][gc             ] GC(387) Pause Young (Prepare Mixed) (G1 Evacuation Pause) 514M->105M(521M) 4.702ms
[2026-04-03T02:49:22.883+0600][80.433s][info][gc,cpu         ] GC(387) User=0.02s Sys=0.00s Real=0.01s
[2026-04-03T02:49:23.347+0600][80.897s][info][gc,start       ] GC(388) Pause Young (Mixed) (GCLocker Initiated GC)
[2026-04-03T02:49:23.347+0600][80.897s][info][gc,task        ] GC(388) Using 10 workers of 10 for evacuation
[2026-04-03T02:49:23.353+0600][80.903s][info][gc,phases      ] GC(388)   Pre Evacuate Collection Set: 0.51ms
[2026-04-03T02:49:23.354+0600][80.903s][info][gc,phases      ] GC(388)   Merge Heap Roots: 0.27ms
[2026-04-03T02:49:23.354+0600][80.903s][info][gc,phases      ] GC(388)   Evacuate Collection Set: 4.13ms
[2026-04-03T02:49:23.354+0600][80.903s][info][gc,phases      ] GC(388)   Post Evacuate Collection Set: 0.96ms
[2026-04-03T02:49:23.354+0600][80.903s][info][gc,phases      ] GC(388)   Other: 0.17ms
[2026-04-03T02:49:23.354+0600][80.903s][info][gc,heap        ] GC(388) Eden regions: 287->0(309)
[2026-04-03T02:49:23.354+0600][80.903s][info][gc,heap        ] GC(388) Survivor regions: 4->7(39)
[2026-04-03T02:49:23.354+0600][80.903s][info][gc,heap        ] GC(388) Old regions: 88->87
[2026-04-03T02:49:23.354+0600][80.903s][info][gc,heap        ] GC(388) Humongous regions: 142->8
[2026-04-03T02:49:23.354+0600][80.903s][info][gc,metaspace   ] GC(388) Metaspace: 132090K(133504K)->132090K(133504K) NonClass: 115461K(116160K)->115461K(116160K) Class: 16628K(17344K)->16628K(17344K)
[2026-04-03T02:49:23.354+0600][80.904s][info][gc             ] GC(388) Pause Young (Mixed) (GCLocker Initiated GC) 519M->100M(528M) 6.530ms
[2026-04-03T02:49:23.354+0600][80.904s][info][gc,cpu         ] GC(388) User=0.03s Sys=0.01s Real=0.01s
[2026-04-03T02:49:23.356+0600][80.906s][info][gc,start       ] GC(389) Pause Young (Concurrent Start) (GCLocker Initiated GC)
[2026-04-03T02:49:23.356+0600][80.906s][info][gc,task        ] GC(389) Using 10 workers of 10 for evacuation
[2026-04-03T02:49:23.360+0600][80.909s][info][gc,phases      ] GC(389)   Pre Evacuate Collection Set: 0.30ms
[2026-04-03T02:49:23.360+0600][80.909s][info][gc,phases      ] GC(389)   Merge Heap Roots: 0.11ms
[2026-04-03T02:49:23.360+0600][80.909s][info][gc,phases      ] GC(389)   Evacuate Collection Set: 2.09ms
[2026-04-03T02:49:23.360+0600][80.909s][info][gc,phases      ] GC(389)   Post Evacuate Collection Set: 0.51ms
[2026-04-03T02:49:23.360+0600][80.909s][info][gc,phases      ] GC(389)   Other: 0.12ms
[2026-04-03T02:49:23.360+0600][80.909s][info][gc,heap        ] GC(389) Eden regions: 7->0(310)
[2026-04-03T02:49:23.360+0600][80.909s][info][gc,heap        ] GC(389) Survivor regions: 7->6(40)
[2026-04-03T02:49:23.360+0600][80.909s][info][gc,heap        ] GC(389) Old regions: 87->87
[2026-04-03T02:49:23.360+0600][80.909s][info][gc,heap        ] GC(389) Humongous regions: 10->8
[2026-04-03T02:49:23.360+0600][80.909s][info][gc,metaspace   ] GC(389) Metaspace: 132090K(133504K)->132090K(133504K) NonClass: 115461K(116160K)->115461K(116160K) Class: 16628K(17344K)->16628K(17344K)
[2026-04-03T02:49:23.360+0600][80.909s][info][gc             ] GC(389) Pause Young (Concurrent Start) (GCLocker Initiated GC) 109M->100M(528M) 3.432ms
[2026-04-03T02:49:23.360+0600][80.910s][info][gc             ] GC(390) Concurrent Mark Cycle
[2026-04-03T02:49:23.360+0600][80.910s][info][gc,marking     ] GC(390) Concurrent Scan Root Regions
[2026-04-03T02:49:23.360+0600][80.910s][info][gc,cpu         ] GC(389) User=0.02s Sys=0.00s Real=0.01s
[2026-04-03T02:49:23.362+0600][80.912s][info][gc,marking     ] GC(390) Concurrent Scan Root Regions 2.419ms
[2026-04-03T02:49:23.362+0600][80.912s][info][gc,marking     ] GC(390) Concurrent Mark
[2026-04-03T02:49:23.362+0600][80.912s][info][gc,marking     ] GC(390) Concurrent Mark From Roots
[2026-04-03T02:49:23.362+0600][80.912s][info][gc,task        ] GC(390) Using 3 workers of 3 for marking
[2026-04-03T02:49:23.448+0600][80.998s][info][gc,marking     ] GC(390) Concurrent Mark From Roots 85.712ms
[2026-04-03T02:49:23.448+0600][80.998s][info][gc,marking     ] GC(390) Concurrent Preclean
[2026-04-03T02:49:23.449+0600][80.998s][info][gc,marking     ] GC(390) Concurrent Preclean 0.554ms
[2026-04-03T02:49:23.449+0600][80.999s][info][gc,start       ] GC(390) Pause Remark
[2026-04-03T02:49:23.458+0600][81.008s][info][gc             ] GC(390) Pause Remark 214M->214M(524M) 8.776ms
[2026-04-03T02:49:23.458+0600][81.008s][info][gc,cpu         ] GC(390) User=0.07s Sys=0.00s Real=0.01s
[2026-04-03T02:49:23.458+0600][81.008s][info][gc,marking     ] GC(390) Concurrent Mark 95.714ms
[2026-04-03T02:49:23.458+0600][81.008s][info][gc,marking     ] GC(390) Concurrent Rebuild Remembered Sets and Scrub Regions
[2026-04-03T02:49:23.494+0600][81.044s][info][gc,marking     ] GC(390) Concurrent Rebuild Remembered Sets and Scrub Regions 36.111ms
[2026-04-03T02:49:23.495+0600][81.044s][info][gc,start       ] GC(390) Pause Cleanup
[2026-04-03T02:49:23.495+0600][81.045s][info][gc             ] GC(390) Pause Cleanup 255M->255M(524M) 0.386ms
[2026-04-03T02:49:23.495+0600][81.045s][info][gc,cpu         ] GC(390) User=0.00s Sys=0.00s Real=0.00s
[2026-04-03T02:49:23.495+0600][81.045s][info][gc,marking     ] GC(390) Concurrent Clear Claimed Marks
[2026-04-03T02:49:23.496+0600][81.046s][info][gc,marking     ] GC(390) Concurrent Clear Claimed Marks 0.407ms
[2026-04-03T02:49:23.496+0600][81.046s][info][gc,marking     ] GC(390) Concurrent Cleanup for Next Mark
[2026-04-03T02:49:23.497+0600][81.046s][info][gc,marking     ] GC(390) Concurrent Cleanup for Next Mark 0.746ms
[2026-04-03T02:49:23.497+0600][81.046s][info][gc             ] GC(390) Concurrent Mark Cycle 136.798ms
[2026-04-03T02:49:23.665+0600][81.215s][info][gc,start       ] GC(391) Pause Young (Prepare Mixed) (G1 Evacuation Pause)
[2026-04-03T02:49:23.666+0600][81.215s][info][gc,task        ] GC(391) Using 10 workers of 10 for evacuation
[2026-04-03T02:49:23.671+0600][81.220s][info][gc,phases      ] GC(391)   Pre Evacuate Collection Set: 0.38ms
[2026-04-03T02:49:23.671+0600][81.220s][info][gc,phases      ] GC(391)   Merge Heap Roots: 0.24ms
[2026-04-03T02:49:23.671+0600][81.220s][info][gc,phases      ] GC(391)   Evacuate Collection Set: 3.70ms
[2026-04-03T02:49:23.671+0600][81.220s][info][gc,phases      ] GC(391)   Post Evacuate Collection Set: 0.62ms
[2026-04-03T02:49:23.671+0600][81.221s][info][gc,phases      ] GC(391)   Other: 0.19ms
[2026-04-03T02:49:23.671+0600][81.221s][info][gc,heap        ] GC(391) Eden regions: 232->0(311)
[2026-04-03T02:49:23.671+0600][81.221s][info][gc,heap        ] GC(391) Survivor regions: 6->8(40)
[2026-04-03T02:49:23.671+0600][81.221s][info][gc,heap        ] GC(391) Old regions: 87->88
[2026-04-03T02:49:23.671+0600][81.221s][info][gc,heap        ] GC(391) Humongous regions: 199->8
[2026-04-03T02:49:23.671+0600][81.221s][info][gc,metaspace   ] GC(391) Metaspace: 132090K(133504K)->132090K(133504K) NonClass: 115461K(116160K)->115461K(116160K) Class: 16628K(17344K)->16628K(17344K)
[2026-04-03T02:49:23.671+0600][81.221s][info][gc             ] GC(391) Pause Young (Prepare Mixed) (G1 Evacuation Pause) 523M->101M(533M) 5.404ms
[2026-04-03T02:49:23.671+0600][81.221s][info][gc,cpu         ] GC(391) User=0.03s Sys=0.01s Real=0.01s
[2026-04-03T02:49:23.956+0600][81.506s][info][gc,start       ] GC(392) Pause Young (Mixed) (G1 Evacuation Pause)
[2026-04-03T02:49:23.957+0600][81.506s][info][gc,task        ] GC(392) Using 10 workers of 10 for evacuation
[2026-04-03T02:49:23.963+0600][81.513s][info][gc,phases      ] GC(392)   Pre Evacuate Collection Set: 0.54ms
[2026-04-03T02:49:23.963+0600][81.513s][info][gc,phases      ] GC(392)   Merge Heap Roots: 0.26ms
[2026-04-03T02:49:23.963+0600][81.513s][info][gc,phases      ] GC(392)   Evacuate Collection Set: 4.63ms
[2026-04-03T02:49:23.963+0600][81.513s][info][gc,phases      ] GC(392)   Post Evacuate Collection Set: 0.99ms
[2026-04-03T02:49:23.963+0600][81.513s][info][gc,phases      ] GC(392)   Other: 0.13ms
[2026-04-03T02:49:23.963+0600][81.513s][info][gc,heap        ] GC(392) Eden regions: 244->0(316)
[2026-04-03T02:49:23.963+0600][81.513s][info][gc,heap        ] GC(392) Survivor regions: 8->9(40)
[2026-04-03T02:49:23.963+0600][81.513s][info][gc,heap        ] GC(392) Old regions: 88->87
[2026-04-03T02:49:23.963+0600][81.513s][info][gc,heap        ] GC(392) Humongous regions: 193->8
[2026-04-03T02:49:23.963+0600][81.513s][info][gc,metaspace   ] GC(392) Metaspace: 132090K(133504K)->132090K(133504K) NonClass: 115461K(116160K)->115461K(116160K) Class: 16628K(17344K)->16628K(17344K)
[2026-04-03T02:49:23.963+0600][81.513s][info][gc             ] GC(392) Pause Young (Mixed) (G1 Evacuation Pause) 530M->102M(542M) 6.855ms
[2026-04-03T02:49:23.963+0600][81.513s][info][gc,cpu         ] GC(392) User=0.04s Sys=0.02s Real=0.01s
[2026-04-03T02:49:23.971+0600][81.521s][info][gc,start       ] GC(393) Pause Young (Concurrent Start) (GCLocker Initiated GC)
[2026-04-03T02:49:23.971+0600][81.521s][info][gc,task        ] GC(393) Using 10 workers of 10 for evacuation
[2026-04-03T02:49:23.976+0600][81.525s][info][gc,phases      ] GC(393)   Pre Evacuate Collection Set: 0.40ms
[2026-04-03T02:49:23.976+0600][81.525s][info][gc,phases      ] GC(393)   Merge Heap Roots: 0.16ms
[2026-04-03T02:49:23.976+0600][81.526s][info][gc,phases      ] GC(393)   Evacuate Collection Set: 3.10ms
[2026-04-03T02:49:23.976+0600][81.526s][info][gc,phases      ] GC(393)   Post Evacuate Collection Set: 0.58ms
[2026-04-03T02:49:23.976+0600][81.526s][info][gc,phases      ] GC(393)   Other: 0.15ms
[2026-04-03T02:49:23.976+0600][81.526s][info][gc,heap        ] GC(393) Eden regions: 10->0(318)
[2026-04-03T02:49:23.976+0600][81.526s][info][gc,heap        ] GC(393) Survivor regions: 9->7(41)
[2026-04-03T02:49:23.976+0600][81.526s][info][gc,heap        ] GC(393) Old regions: 87->87
[2026-04-03T02:49:23.976+0600][81.526s][info][gc,heap        ] GC(393) Humongous regions: 8->8
[2026-04-03T02:49:23.976+0600][81.526s][info][gc,metaspace   ] GC(393) Metaspace: 132090K(133504K)->132090K(133504K) NonClass: 115461K(116160K)->115461K(116160K) Class: 16628K(17344K)->16628K(17344K)
[2026-04-03T02:49:23.976+0600][81.526s][info][gc             ] GC(393) Pause Young (Concurrent Start) (GCLocker Initiated GC) 112M->101M(542M) 4.692ms
[2026-04-03T02:49:23.976+0600][81.526s][info][gc             ] GC(394) Concurrent Mark Cycle
[2026-04-03T02:49:23.976+0600][81.526s][info][gc,cpu         ] GC(393) User=0.04s Sys=0.00s Real=0.00s
[2026-04-03T02:49:23.976+0600][81.526s][info][gc,marking     ] GC(394) Concurrent Scan Root Regions
[2026-04-03T02:49:23.979+0600][81.528s][info][gc,marking     ] GC(394) Concurrent Scan Root Regions 2.503ms
[2026-04-03T02:49:23.979+0600][81.528s][info][gc,marking     ] GC(394) Concurrent Mark
[2026-04-03T02:49:23.979+0600][81.528s][info][gc,marking     ] GC(394) Concurrent Mark From Roots
[2026-04-03T02:49:23.979+0600][81.528s][info][gc,task        ] GC(394) Using 3 workers of 3 for marking
[2026-04-03T02:49:24.048+0600][81.597s][info][gc,marking     ] GC(394) Concurrent Mark From Roots 69.043ms
[2026-04-03T02:49:24.048+0600][81.598s][info][gc,marking     ] GC(394) Concurrent Preclean
[2026-04-03T02:49:24.048+0600][81.598s][info][gc,marking     ] GC(394) Concurrent Preclean 0.423ms
[2026-04-03T02:49:24.049+0600][81.598s][info][gc,start       ] GC(394) Pause Remark
[2026-04-03T02:49:24.058+0600][81.607s][info][gc             ] GC(394) Pause Remark 156M->156M(410M) 9.030ms
[2026-04-03T02:49:24.058+0600][81.608s][info][gc,cpu         ] GC(394) User=0.07s Sys=0.00s Real=0.01s
[2026-04-03T02:49:24.058+0600][81.608s][info][gc,marking     ] GC(394) Concurrent Mark 79.213ms
[2026-04-03T02:49:24.058+0600][81.608s][info][gc,marking     ] GC(394) Concurrent Rebuild Remembered Sets and Scrub Regions
[2026-04-03T02:49:24.090+0600][81.639s][info][gc,marking     ] GC(394) Concurrent Rebuild Remembered Sets and Scrub Regions 31.631ms
[2026-04-03T02:49:24.090+0600][81.640s][info][gc,start       ] GC(394) Pause Cleanup
[2026-04-03T02:49:24.090+0600][81.640s][info][gc             ] GC(394) Pause Cleanup 198M->198M(410M) 0.289ms
[2026-04-03T02:49:24.091+0600][81.640s][info][gc,cpu         ] GC(394) User=0.00s Sys=0.00s Real=0.00s
[2026-04-03T02:49:24.091+0600][81.640s][info][gc,marking     ] GC(394) Concurrent Clear Claimed Marks
[2026-04-03T02:49:24.091+0600][81.641s][info][gc,marking     ] GC(394) Concurrent Clear Claimed Marks 0.409ms
[2026-04-03T02:49:24.091+0600][81.641s][info][gc,marking     ] GC(394) Concurrent Cleanup for Next Mark
[2026-04-03T02:49:24.092+0600][81.641s][info][gc,marking     ] GC(394) Concurrent Cleanup for Next Mark 0.467ms
[2026-04-03T02:49:24.092+0600][81.641s][info][gc             ] GC(394) Concurrent Mark Cycle 115.608ms
[2026-04-03T02:49:24.302+0600][81.852s][info][gc,start       ] GC(395) Pause Young (Prepare Mixed) (G1 Evacuation Pause)
[2026-04-03T02:49:24.302+0600][81.852s][info][gc,task        ] GC(395) Using 9 workers of 10 for evacuation
[2026-04-03T02:49:24.309+0600][81.858s][info][gc,phases      ] GC(395)   Pre Evacuate Collection Set: 0.42ms
[2026-04-03T02:49:24.309+0600][81.859s][info][gc,phases      ] GC(395)   Merge Heap Roots: 0.37ms
[2026-04-03T02:49:24.309+0600][81.859s][info][gc,phases      ] GC(395)   Evacuate Collection Set: 4.61ms
[2026-04-03T02:49:24.309+0600][81.859s][info][gc,phases      ] GC(395)   Post Evacuate Collection Set: 0.94ms
[2026-04-03T02:49:24.309+0600][81.859s][info][gc,phases      ] GC(395)   Other: 0.13ms
[2026-04-03T02:49:24.309+0600][81.859s][info][gc,heap        ] GC(395) Eden regions: 204->0(243)
[2026-04-03T02:49:24.309+0600][81.859s][info][gc,heap        ] GC(395) Survivor regions: 7->8(31)
[2026-04-03T02:49:24.309+0600][81.859s][info][gc,heap        ] GC(395) Old regions: 87->88
[2026-04-03T02:49:24.309+0600][81.859s][info][gc,heap        ] GC(395) Humongous regions: 112->8
[2026-04-03T02:49:24.309+0600][81.859s][info][gc,metaspace   ] GC(395) Metaspace: 132091K(133504K)->132091K(133504K) NonClass: 115462K(116160K)->115462K(116160K) Class: 16628K(17344K)->16628K(17344K)
[2026-04-03T02:49:24.309+0600][81.859s][info][gc             ] GC(395) Pause Young (Prepare Mixed) (G1 Evacuation Pause) 409M->102M(419M) 6.769ms
[2026-04-03T02:49:24.309+0600][81.859s][info][gc,cpu         ] GC(395) User=0.03s Sys=0.01s Real=0.00s
[2026-04-03T02:49:24.527+0600][82.077s][info][gc,start       ] GC(396) Pause Young (Mixed) (G1 Evacuation Pause)
[2026-04-03T02:49:24.527+0600][82.077s][info][gc,task        ] GC(396) Using 10 workers of 10 for evacuation
[2026-04-03T02:49:24.532+0600][82.082s][info][gc,phases      ] GC(396)   Pre Evacuate Collection Set: 0.36ms
[2026-04-03T02:49:24.532+0600][82.082s][info][gc,phases      ] GC(396)   Merge Heap Roots: 0.18ms
[2026-04-03T02:49:24.532+0600][82.082s][info][gc,phases      ] GC(396)   Evacuate Collection Set: 3.42ms
[2026-04-03T02:49:24.532+0600][82.082s][info][gc,phases      ] GC(396)   Post Evacuate Collection Set: 0.65ms
[2026-04-03T02:49:24.532+0600][82.082s][info][gc,phases      ] GC(396)   Other: 0.11ms
[2026-04-03T02:49:24.532+0600][82.082s][info][gc,heap        ] GC(396) Eden regions: 201->0(281)
[2026-04-03T02:49:24.532+0600][82.082s][info][gc,heap        ] GC(396) Survivor regions: 8->8(33)
[2026-04-03T02:49:24.532+0600][82.082s][info][gc,heap        ] GC(396) Old regions: 88->87
[2026-04-03T02:49:24.532+0600][82.082s][info][gc,heap        ] GC(396) Humongous regions: 177->23
[2026-04-03T02:49:24.532+0600][82.082s][info][gc,metaspace   ] GC(396) Metaspace: 132093K(133568K)->132093K(133568K) NonClass: 115465K(116224K)->115465K(116224K) Class: 16628K(17344K)->16628K(17344K)
[2026-04-03T02:49:24.532+0600][82.082s][info][gc             ] GC(396) Pause Young (Mixed) (G1 Evacuation Pause) 472M->117M(483M) 5.017ms
[2026-04-03T02:49:24.532+0600][82.082s][info][gc,cpu         ] GC(396) User=0.03s Sys=0.01s Real=0.01s
[2026-04-03T02:49:24.533+0600][82.082s][info][gc,start       ] GC(397) Pause Young (Concurrent Start) (G1 Humongous Allocation)
[2026-04-03T02:49:24.533+0600][82.082s][info][gc,task        ] GC(397) Using 10 workers of 10 for evacuation
[2026-04-03T02:49:24.536+0600][82.085s][info][gc,phases      ] GC(397)   Pre Evacuate Collection Set: 0.28ms
[2026-04-03T02:49:24.536+0600][82.086s][info][gc,phases      ] GC(397)   Merge Heap Roots: 0.08ms
[2026-04-03T02:49:24.536+0600][82.086s][info][gc,phases      ] GC(397)   Evacuate Collection Set: 2.01ms
[2026-04-03T02:49:24.536+0600][82.086s][info][gc,phases      ] GC(397)   Post Evacuate Collection Set: 0.51ms
[2026-04-03T02:49:24.536+0600][82.086s][info][gc,phases      ] GC(397)   Other: 0.11ms
[2026-04-03T02:49:24.536+0600][82.086s][info][gc,heap        ] GC(397) Eden regions: 2->0(281)
[2026-04-03T02:49:24.536+0600][82.086s][info][gc,heap        ] GC(397) Survivor regions: 8->8(37)
[2026-04-03T02:49:24.536+0600][82.086s][info][gc,heap        ] GC(397) Old regions: 87->87
[2026-04-03T02:49:24.536+0600][82.086s][info][gc,heap        ] GC(397) Humongous regions: 23->8
[2026-04-03T02:49:24.536+0600][82.086s][info][gc,metaspace   ] GC(397) Metaspace: 132093K(133568K)->132093K(133568K) NonClass: 115465K(116224K)->115465K(116224K) Class: 16628K(17344K)->16628K(17344K)
[2026-04-03T02:49:24.536+0600][82.086s][info][gc             ] GC(397) Pause Young (Concurrent Start) (G1 Humongous Allocation) 118M->102M(483M) 3.320ms
[2026-04-03T02:49:24.536+0600][82.086s][info][gc             ] GC(398) Concurrent Mark Cycle
[2026-04-03T02:49:24.536+0600][82.086s][info][gc,cpu         ] GC(397) User=0.02s Sys=0.01s Real=0.00s
[2026-04-03T02:49:24.536+0600][82.086s][info][gc,marking     ] GC(398) Concurrent Scan Root Regions
[2026-04-03T02:49:24.539+0600][82.089s][info][gc,marking     ] GC(398) Concurrent Scan Root Regions 2.817ms
[2026-04-03T02:49:24.539+0600][82.089s][info][gc,marking     ] GC(398) Concurrent Mark
[2026-04-03T02:49:24.539+0600][82.089s][info][gc,marking     ] GC(398) Concurrent Mark From Roots
[2026-04-03T02:49:24.539+0600][82.089s][info][gc,task        ] GC(398) Using 3 workers of 3 for marking
[2026-04-03T02:49:24.617+0600][82.166s][info][gc,marking     ] GC(398) Concurrent Mark From Roots 77.412ms
[2026-04-03T02:49:24.617+0600][82.166s][info][gc,marking     ] GC(398) Concurrent Preclean
[2026-04-03T02:49:24.617+0600][82.167s][info][gc,marking     ] GC(398) Concurrent Preclean 0.423ms
[2026-04-03T02:49:24.617+0600][82.167s][info][gc,start       ] GC(398) Pause Remark
[2026-04-03T02:49:24.626+0600][82.176s][info][gc             ] GC(398) Pause Remark 404M->404M(587M) 8.681ms
[2026-04-03T02:49:24.626+0600][82.176s][info][gc,cpu         ] GC(398) User=0.05s Sys=0.01s Real=0.01s
[2026-04-03T02:49:24.626+0600][82.176s][info][gc,marking     ] GC(398) Concurrent Mark 87.372ms
[2026-04-03T02:49:24.627+0600][82.176s][info][gc,marking     ] GC(398) Concurrent Rebuild Remembered Sets and Scrub Regions
[2026-04-03T02:49:24.650+0600][82.200s][info][gc,marking     ] GC(398) Concurrent Rebuild Remembered Sets and Scrub Regions 23.891ms
[2026-04-03T02:49:24.651+0600][82.200s][info][gc,start       ] GC(398) Pause Cleanup
[2026-04-03T02:49:24.651+0600][82.201s][info][gc             ] GC(398) Pause Cleanup 414M->414M(587M) 0.351ms
[2026-04-03T02:49:24.651+0600][82.201s][info][gc,cpu         ] GC(398) User=0.00s Sys=0.00s Real=0.00s
[2026-04-03T02:49:24.651+0600][82.201s][info][gc,marking     ] GC(398) Concurrent Clear Claimed Marks
[2026-04-03T02:49:24.652+0600][82.201s][info][gc,marking     ] GC(398) Concurrent Clear Claimed Marks 0.352ms
[2026-04-03T02:49:24.652+0600][82.201s][info][gc,marking     ] GC(398) Concurrent Cleanup for Next Mark
[2026-04-03T02:49:24.653+0600][82.203s][info][gc,marking     ] GC(398) Concurrent Cleanup for Next Mark 1.607ms
[2026-04-03T02:49:24.653+0600][82.203s][info][gc             ] GC(398) Concurrent Mark Cycle 117.336ms
[2026-04-03T02:49:24.713+0600][82.262s][info][gc,start       ] GC(399) Pause Young (Prepare Mixed) (G1 Evacuation Pause)
[2026-04-03T02:49:24.713+0600][82.263s][info][gc,task        ] GC(399) Using 10 workers of 10 for evacuation
[2026-04-03T02:49:24.717+0600][82.266s][info][gc,phases      ] GC(399)   Pre Evacuate Collection Set: 0.26ms
[2026-04-03T02:49:24.717+0600][82.266s][info][gc,phases      ] GC(399)   Merge Heap Roots: 0.18ms
[2026-04-03T02:49:24.717+0600][82.266s][info][gc,phases      ] GC(399)   Evacuate Collection Set: 2.46ms
[2026-04-03T02:49:24.717+0600][82.266s][info][gc,phases      ] GC(399)   Post Evacuate Collection Set: 0.66ms
[2026-04-03T02:49:24.717+0600][82.266s][info][gc,phases      ] GC(399)   Other: 0.08ms
[2026-04-03T02:49:24.717+0600][82.266s][info][gc,heap        ] GC(399) Eden regions: 70->0(388)
[2026-04-03T02:49:24.717+0600][82.266s][info][gc,heap        ] GC(399) Survivor regions: 8->7(41)
[2026-04-03T02:49:24.717+0600][82.266s][info][gc,heap        ] GC(399) Old regions: 87->87
[2026-04-03T02:49:24.717+0600][82.266s][info][gc,heap        ] GC(399) Humongous regions: 487->18
[2026-04-03T02:49:24.717+0600][82.266s][info][gc,metaspace   ] GC(399) Metaspace: 132094K(133568K)->132094K(133568K) NonClass: 115466K(116224K)->115466K(116224K) Class: 16628K(17344K)->16628K(17344K)
[2026-04-03T02:49:24.717+0600][82.266s][info][gc             ] GC(399) Pause Young (Prepare Mixed) (G1 Evacuation Pause) 650M->110M(659M) 3.875ms
[2026-04-03T02:49:24.717+0600][82.266s][info][gc,cpu         ] GC(399) User=0.02s Sys=0.01s Real=0.00s
[2026-04-03T02:49:25.214+0600][82.763s][info][gc,start       ] GC(400) Pause Young (Mixed) (G1 Evacuation Pause)
[2026-04-03T02:49:25.214+0600][82.763s][info][gc,task        ] GC(400) Using 10 workers of 10 for evacuation
[2026-04-03T02:49:25.219+0600][82.769s][info][gc,phases      ] GC(400)   Pre Evacuate Collection Set: 0.42ms
[2026-04-03T02:49:25.219+0600][82.769s][info][gc,phases      ] GC(400)   Merge Heap Roots: 0.25ms
[2026-04-03T02:49:25.219+0600][82.769s][info][gc,phases      ] GC(400)   Evacuate Collection Set: 3.67ms
[2026-04-03T02:49:25.219+0600][82.769s][info][gc,phases      ] GC(400)   Post Evacuate Collection Set: 0.78ms
[2026-04-03T02:49:25.219+0600][82.769s][info][gc,phases      ] GC(400)   Other: 0.11ms
[2026-04-03T02:49:25.219+0600][82.769s][info][gc,heap        ] GC(400) Eden regions: 303->0(393)
[2026-04-03T02:49:25.219+0600][82.769s][info][gc,heap        ] GC(400) Survivor regions: 7->6(50)
[2026-04-03T02:49:25.219+0600][82.769s][info][gc,heap        ] GC(400) Old regions: 87->87
[2026-04-03T02:49:25.219+0600][82.769s][info][gc,heap        ] GC(400) Humongous regions: 262->8
[2026-04-03T02:49:25.219+0600][82.769s][info][gc,metaspace   ] GC(400) Metaspace: 132104K(133568K)->132104K(133568K) NonClass: 115476K(116224K)->115476K(116224K) Class: 16628K(17344K)->16628K(17344K)
[2026-04-03T02:49:25.219+0600][82.769s][info][gc             ] GC(400) Pause Young (Mixed) (G1 Evacuation Pause) 657M->99M(666M) 5.514ms
[2026-04-03T02:49:25.219+0600][82.769s][info][gc,cpu         ] GC(400) User=0.03s Sys=0.00s Real=0.00s
[2026-04-03T02:49:25.240+0600][82.790s][info][gc,start       ] GC(401) Pause Young (Concurrent Start) (G1 Humongous Allocation)
[2026-04-03T02:49:25.240+0600][82.790s][info][gc,task        ] GC(401) Using 10 workers of 10 for evacuation
[2026-04-03T02:49:25.244+0600][82.794s][info][gc,phases      ] GC(401)   Pre Evacuate Collection Set: 0.51ms
[2026-04-03T02:49:25.244+0600][82.794s][info][gc,phases      ] GC(401)   Merge Heap Roots: 0.23ms
[2026-04-03T02:49:25.244+0600][82.794s][info][gc,phases      ] GC(401)   Evacuate Collection Set: 2.36ms
[2026-04-03T02:49:25.244+0600][82.794s][info][gc,phases      ] GC(401)   Post Evacuate Collection Set: 0.53ms
[2026-04-03T02:49:25.244+0600][82.794s][info][gc,phases      ] GC(401)   Other: 0.15ms
[2026-04-03T02:49:25.244+0600][82.794s][info][gc,heap        ] GC(401) Eden regions: 21->0(394)
[2026-04-03T02:49:25.244+0600][82.794s][info][gc,heap        ] GC(401) Survivor regions: 6->5(50)
[2026-04-03T02:49:25.244+0600][82.794s][info][gc,heap        ] GC(401) Old regions: 87->87
[2026-04-03T02:49:25.244+0600][82.794s][info][gc,heap        ] GC(401) Humongous regions: 22->8
[2026-04-03T02:49:25.244+0600][82.794s][info][gc,metaspace   ] GC(401) Metaspace: 132104K(133568K)->132104K(133568K) NonClass: 115476K(116224K)->115476K(116224K) Class: 16628K(17344K)->16628K(17344K)
[2026-04-03T02:49:25.244+0600][82.794s][info][gc             ] GC(401) Pause Young (Concurrent Start) (G1 Humongous Allocation) 134M->98M(666M) 4.041ms
[2026-04-03T02:49:25.244+0600][82.794s][info][gc             ] GC(402) Concurrent Undo Cycle
[2026-04-03T02:49:25.244+0600][82.794s][info][gc,cpu         ] GC(401) User=0.01s Sys=0.01s Real=0.00s
[2026-04-03T02:49:25.244+0600][82.794s][info][gc,marking     ] GC(402) Concurrent Clear Claimed Marks
[2026-04-03T02:49:25.245+0600][82.794s][info][gc,marking     ] GC(402) Concurrent Clear Claimed Marks 0.265ms
[2026-04-03T02:49:25.245+0600][82.794s][info][gc,marking     ] GC(402) Concurrent Cleanup for Next Mark
[2026-04-03T02:49:25.245+0600][82.795s][info][gc,marking     ] GC(402) Concurrent Cleanup for Next Mark 0.320ms
[2026-04-03T02:49:25.245+0600][82.795s][info][gc             ] GC(402) Concurrent Undo Cycle 0.832ms
[2026-04-03T02:49:25.273+0600][82.822s][info][gc,start       ] GC(403) Pause Young (Concurrent Start) (G1 Humongous Allocation)
[2026-04-03T02:49:25.273+0600][82.822s][info][gc,task        ] GC(403) Using 10 workers of 10 for evacuation
[2026-04-03T02:49:25.277+0600][82.826s][info][gc,phases      ] GC(403)   Pre Evacuate Collection Set: 0.48ms
[2026-04-03T02:49:25.277+0600][82.826s][info][gc,phases      ] GC(403)   Merge Heap Roots: 0.14ms
[2026-04-03T02:49:25.277+0600][82.826s][info][gc,phases      ] GC(403)   Evacuate Collection Set: 2.70ms
[2026-04-03T02:49:25.277+0600][82.827s][info][gc,phases      ] GC(403)   Post Evacuate Collection Set: 0.58ms
[2026-04-03T02:49:25.277+0600][82.827s][info][gc,phases      ] GC(403)   Other: 0.13ms
[2026-04-03T02:49:25.277+0600][82.827s][info][gc,heap        ] GC(403) Eden regions: 29->0(393)
[2026-04-03T02:49:25.277+0600][82.827s][info][gc,heap        ] GC(403) Survivor regions: 5->6(50)
[2026-04-03T02:49:25.277+0600][82.827s][info][gc,heap        ] GC(403) Old regions: 87->87
[2026-04-03T02:49:25.277+0600][82.827s][info][gc,heap        ] GC(403) Humongous regions: 21->8
[2026-04-03T02:49:25.277+0600][82.827s][info][gc,metaspace   ] GC(403) Metaspace: 132104K(133568K)->132104K(133568K) NonClass: 115476K(116224K)->115476K(116224K) Class: 16628K(17344K)->16628K(17344K)
[2026-04-03T02:49:25.277+0600][82.827s][info][gc             ] GC(403) Pause Young (Concurrent Start) (G1 Humongous Allocation) 139M->99M(666M) 4.363ms
[2026-04-03T02:49:25.277+0600][82.827s][info][gc             ] GC(404) Concurrent Undo Cycle
[2026-04-03T02:49:25.277+0600][82.827s][info][gc,cpu         ] GC(403) User=0.03s Sys=0.00s Real=0.00s
[2026-04-03T02:49:25.277+0600][82.827s][info][gc,marking     ] GC(404) Concurrent Clear Claimed Marks
[2026-04-03T02:49:25.278+0600][82.827s][info][gc,marking     ] GC(404) Concurrent Clear Claimed Marks 0.375ms
[2026-04-03T02:49:25.278+0600][82.827s][info][gc,marking     ] GC(404) Concurrent Cleanup for Next Mark
[2026-04-03T02:49:25.278+0600][82.828s][info][gc,marking     ] GC(404) Concurrent Cleanup for Next Mark 0.521ms
[2026-04-03T02:49:25.278+0600][82.828s][info][gc             ] GC(404) Concurrent Undo Cycle 1.126ms
[2026-04-03T02:49:25.310+0600][82.859s][info][gc,start       ] GC(405) Pause Young (Concurrent Start) (G1 Humongous Allocation)
[2026-04-03T02:49:25.310+0600][82.860s][info][gc,task        ] GC(405) Using 10 workers of 10 for evacuation
[2026-04-03T02:49:25.315+0600][82.864s][info][gc,phases      ] GC(405)   Pre Evacuate Collection Set: 0.49ms
[2026-04-03T02:49:25.315+0600][82.864s][info][gc,phases      ] GC(405)   Merge Heap Roots: 0.15ms
[2026-04-03T02:49:25.315+0600][82.864s][info][gc,phases      ] GC(405)   Evacuate Collection Set: 2.91ms
[2026-04-03T02:49:25.315+0600][82.864s][info][gc,phases      ] GC(405)   Post Evacuate Collection Set: 0.86ms
[2026-04-03T02:49:25.315+0600][82.864s][info][gc,phases      ] GC(405)   Other: 0.17ms
[2026-04-03T02:49:25.315+0600][82.864s][info][gc,heap        ] GC(405) Eden regions: 24->0(391)
[2026-04-03T02:49:25.315+0600][82.864s][info][gc,heap        ] GC(405) Survivor regions: 6->8(50)
[2026-04-03T02:49:25.315+0600][82.864s][info][gc,heap        ] GC(405) Old regions: 87->87
[2026-04-03T02:49:25.315+0600][82.864s][info][gc,heap        ] GC(405) Humongous regions: 25->8
[2026-04-03T02:49:25.315+0600][82.864s][info][gc,metaspace   ] GC(405) Metaspace: 132104K(133568K)->132104K(133568K) NonClass: 115476K(116224K)->115476K(116224K) Class: 16628K(17344K)->16628K(17344K)
[2026-04-03T02:49:25.315+0600][82.865s][info][gc             ] GC(405) Pause Young (Concurrent Start) (G1 Humongous Allocation) 140M->102M(666M) 5.020ms
[2026-04-03T02:49:25.315+0600][82.865s][info][gc             ] GC(406) Concurrent Undo Cycle
[2026-04-03T02:49:25.315+0600][82.865s][info][gc,cpu         ] GC(405) User=0.03s Sys=0.00s Real=0.00s
[2026-04-03T02:49:25.315+0600][82.865s][info][gc,marking     ] GC(406) Concurrent Clear Claimed Marks
[2026-04-03T02:49:25.315+0600][82.865s][info][gc,marking     ] GC(406) Concurrent Clear Claimed Marks 0.374ms
[2026-04-03T02:49:25.315+0600][82.865s][info][gc,marking     ] GC(406) Concurrent Cleanup for Next Mark
[2026-04-03T02:49:25.316+0600][82.865s][info][gc,marking     ] GC(406) Concurrent Cleanup for Next Mark 0.333ms
[2026-04-03T02:49:25.316+0600][82.865s][info][gc             ] GC(406) Concurrent Undo Cycle 0.904ms
[2026-04-03T02:49:25.346+0600][82.896s][info][gc,start       ] GC(407) Pause Young (Concurrent Start) (GCLocker Initiated GC)
[2026-04-03T02:49:25.347+0600][82.896s][info][gc,task        ] GC(407) Using 10 workers of 10 for evacuation
[2026-04-03T02:49:25.352+0600][82.902s][info][gc,phases      ] GC(407)   Pre Evacuate Collection Set: 0.47ms
[2026-04-03T02:49:25.352+0600][82.902s][info][gc,phases      ] GC(407)   Merge Heap Roots: 0.16ms
[2026-04-03T02:49:25.352+0600][82.902s][info][gc,phases      ] GC(407)   Evacuate Collection Set: 2.62ms
[2026-04-03T02:49:25.352+0600][82.902s][info][gc,phases      ] GC(407)   Post Evacuate Collection Set: 2.19ms
[2026-04-03T02:49:25.352+0600][82.902s][info][gc,phases      ] GC(407)   Other: 0.19ms
[2026-04-03T02:49:25.352+0600][82.902s][info][gc,heap        ] GC(407) Eden regions: 31->0(519)
[2026-04-03T02:49:25.352+0600][82.902s][info][gc,heap        ] GC(407) Survivor regions: 8->6(50)
[2026-04-03T02:49:25.352+0600][82.902s][info][gc,heap        ] GC(407) Old regions: 87->87
[2026-04-03T02:49:25.352+0600][82.902s][info][gc,heap        ] GC(407) Humongous regions: 29->8
[2026-04-03T02:49:25.352+0600][82.902s][info][gc,metaspace   ] GC(407) Metaspace: 132104K(133568K)->132104K(133568K) NonClass: 115476K(116224K)->115476K(116224K) Class: 16628K(17344K)->16628K(17344K)
[2026-04-03T02:49:25.352+0600][82.902s][info][gc             ] GC(407) Pause Young (Concurrent Start) (GCLocker Initiated GC) 153M->99M(875M) 5.993ms
[2026-04-03T02:49:25.353+0600][82.902s][info][gc,cpu         ] GC(407) User=0.03s Sys=0.01s Real=0.01s
[2026-04-03T02:49:25.353+0600][82.902s][info][gc             ] GC(408) Concurrent Mark Cycle
[2026-04-03T02:49:25.353+0600][82.902s][info][gc,marking     ] GC(408) Concurrent Scan Root Regions
[2026-04-03T02:49:25.356+0600][82.905s][info][gc,marking     ] GC(408) Concurrent Scan Root Regions 2.863ms
[2026-04-03T02:49:25.356+0600][82.905s][info][gc,marking     ] GC(408) Concurrent Mark
[2026-04-03T02:49:25.356+0600][82.905s][info][gc,marking     ] GC(408) Concurrent Mark From Roots
[2026-04-03T02:49:25.356+0600][82.906s][info][gc,task        ] GC(408) Using 3 workers of 3 for marking
[2026-04-03T02:49:25.448+0600][82.997s][info][gc,marking     ] GC(408) Concurrent Mark From Roots 91.796ms
[2026-04-03T02:49:25.448+0600][82.997s][info][gc,marking     ] GC(408) Concurrent Preclean
[2026-04-03T02:49:25.448+0600][82.998s][info][gc,marking     ] GC(408) Concurrent Preclean 0.468ms
[2026-04-03T02:49:25.448+0600][82.998s][info][gc,start       ] GC(408) Pause Remark
[2026-04-03T02:49:25.459+0600][83.009s][info][gc             ] GC(408) Pause Remark 215M->215M(524M) 10.647ms
[2026-04-03T02:49:25.459+0600][83.009s][info][gc,cpu         ] GC(408) User=0.08s Sys=0.00s Real=0.01s
[2026-04-03T02:49:25.459+0600][83.009s][info][gc,marking     ] GC(408) Concurrent Mark 103.719ms
[2026-04-03T02:49:25.459+0600][83.009s][info][gc,marking     ] GC(408) Concurrent Rebuild Remembered Sets and Scrub Regions
[2026-04-03T02:49:25.495+0600][83.045s][info][gc,marking     ] GC(408) Concurrent Rebuild Remembered Sets and Scrub Regions 35.533ms
[2026-04-03T02:49:25.495+0600][83.045s][info][gc,start       ] GC(408) Pause Cleanup
[2026-04-03T02:49:25.496+0600][83.046s][info][gc             ] GC(408) Pause Cleanup 234M->234M(524M) 0.512ms
[2026-04-03T02:49:25.496+0600][83.046s][info][gc,cpu         ] GC(408) User=0.00s Sys=0.00s Real=0.00s
[2026-04-03T02:49:25.496+0600][83.046s][info][gc,marking     ] GC(408) Concurrent Clear Claimed Marks
[2026-04-03T02:49:25.497+0600][83.046s][info][gc,marking     ] GC(408) Concurrent Clear Claimed Marks 0.444ms
[2026-04-03T02:49:25.497+0600][83.047s][info][gc,marking     ] GC(408) Concurrent Cleanup for Next Mark
[2026-04-03T02:49:25.499+0600][83.048s][info][gc,marking     ] GC(408) Concurrent Cleanup for Next Mark 1.856ms
[2026-04-03T02:49:25.499+0600][83.048s][info][gc             ] GC(408) Concurrent Mark Cycle 146.137ms
[2026-04-03T02:49:25.699+0600][83.248s][info][gc,start       ] GC(409) Pause Young (Prepare Mixed) (GCLocker Initiated GC)
[2026-04-03T02:49:25.699+0600][83.248s][info][gc,task        ] GC(409) Using 10 workers of 10 for evacuation
[2026-04-03T02:49:25.705+0600][83.255s][info][gc,phases      ] GC(409)   Pre Evacuate Collection Set: 0.33ms
[2026-04-03T02:49:25.705+0600][83.255s][info][gc,phases      ] GC(409)   Merge Heap Roots: 0.28ms
[2026-04-03T02:49:25.705+0600][83.255s][info][gc,phases      ] GC(409)   Evacuate Collection Set: 4.78ms
[2026-04-03T02:49:25.705+0600][83.255s][info][gc,phases      ] GC(409)   Post Evacuate Collection Set: 0.89ms
[2026-04-03T02:49:25.705+0600][83.255s][info][gc,phases      ] GC(409)   Other: 0.12ms
[2026-04-03T02:49:25.705+0600][83.255s][info][gc,heap        ] GC(409) Eden regions: 236->0(313)
[2026-04-03T02:49:25.705+0600][83.255s][info][gc,heap        ] GC(409) Survivor regions: 6->9(40)
[2026-04-03T02:49:25.705+0600][83.255s][info][gc,heap        ] GC(409) Old regions: 87->88
[2026-04-03T02:49:25.705+0600][83.255s][info][gc,heap        ] GC(409) Humongous regions: 199->8
[2026-04-03T02:49:25.705+0600][83.255s][info][gc,metaspace   ] GC(409) Metaspace: 132104K(133568K)->132104K(133568K) NonClass: 115476K(116224K)->115476K(116224K) Class: 16628K(17344K)->16628K(17344K)
[2026-04-03T02:49:25.705+0600][83.255s][info][gc             ] GC(409) Pause Young (Prepare Mixed) (GCLocker Initiated GC) 526M->102M(538M) 6.737ms
[2026-04-03T02:49:25.705+0600][83.255s][info][gc,cpu         ] GC(409) User=0.04s Sys=0.02s Real=0.01s
[2026-04-03T02:49:26.041+0600][83.591s][info][gc,start       ] GC(410) Pause Young (Mixed) (G1 Evacuation Pause)
[2026-04-03T02:49:26.041+0600][83.591s][info][gc,task        ] GC(410) Using 10 workers of 10 for evacuation
[2026-04-03T02:49:26.047+0600][83.597s][info][gc,phases      ] GC(410)   Pre Evacuate Collection Set: 0.31ms
[2026-04-03T02:49:26.047+0600][83.597s][info][gc,phases      ] GC(410)   Merge Heap Roots: 0.20ms
[2026-04-03T02:49:26.047+0600][83.597s][info][gc,phases      ] GC(410)   Evacuate Collection Set: 4.34ms
[2026-04-03T02:49:26.047+0600][83.597s][info][gc,phases      ] GC(410)   Post Evacuate Collection Set: 0.70ms
[2026-04-03T02:49:26.047+0600][83.597s][info][gc,phases      ] GC(410)   Other: 0.10ms
[2026-04-03T02:49:26.047+0600][83.597s][info][gc,heap        ] GC(410) Eden regions: 254->0(322)
[2026-04-03T02:49:26.047+0600][83.597s][info][gc,heap        ] GC(410) Survivor regions: 9->9(41)
[2026-04-03T02:49:26.047+0600][83.597s][info][gc,heap        ] GC(410) Old regions: 88->87
[2026-04-03T02:49:26.047+0600][83.597s][info][gc,heap        ] GC(410) Humongous regions: 192->8
[2026-04-03T02:49:26.047+0600][83.597s][info][gc,metaspace   ] GC(410) Metaspace: 132107K(133568K)->132107K(133568K) NonClass: 115478K(116224K)->115478K(116224K) Class: 16628K(17344K)->16628K(17344K)
[2026-04-03T02:49:26.047+0600][83.597s][info][gc             ] GC(410) Pause Young (Mixed) (G1 Evacuation Pause) 540M->102M(553M) 5.928ms
[2026-04-03T02:49:26.047+0600][83.597s][info][gc,cpu         ] GC(410) User=0.04s Sys=0.01s Real=0.00s
[2026-04-03T02:49:26.083+0600][83.633s][info][gc,start       ] GC(411) Pause Young (Concurrent Start) (G1 Humongous Allocation)
[2026-04-03T02:49:26.084+0600][83.633s][info][gc,task        ] GC(411) Using 10 workers of 10 for evacuation
[2026-04-03T02:49:26.088+0600][83.638s][info][gc,phases      ] GC(411)   Pre Evacuate Collection Set: 0.70ms
[2026-04-03T02:49:26.088+0600][83.638s][info][gc,phases      ] GC(411)   Merge Heap Roots: 0.20ms
[2026-04-03T02:49:26.088+0600][83.638s][info][gc,phases      ] GC(411)   Evacuate Collection Set: 3.04ms
[2026-04-03T02:49:26.088+0600][83.638s][info][gc,phases      ] GC(411)   Post Evacuate Collection Set: 0.65ms
[2026-04-03T02:49:26.088+0600][83.638s][info][gc,phases      ] GC(411)   Other: 0.19ms
[2026-04-03T02:49:26.088+0600][83.638s][info][gc,heap        ] GC(411) Eden regions: 37->0(323)
[2026-04-03T02:49:26.088+0600][83.638s][info][gc,heap        ] GC(411) Survivor regions: 9->8(42)
[2026-04-03T02:49:26.088+0600][83.638s][info][gc,heap        ] GC(411) Old regions: 87->87
[2026-04-03T02:49:26.088+0600][83.638s][info][gc,heap        ] GC(411) Humongous regions: 8->8
[2026-04-03T02:49:26.088+0600][83.638s][info][gc,metaspace   ] GC(411) Metaspace: 132107K(133568K)->132107K(133568K) NonClass: 115479K(116224K)->115479K(116224K) Class: 16628K(17344K)->16628K(17344K)
[2026-04-03T02:49:26.089+0600][83.638s][info][gc             ] GC(411) Pause Young (Concurrent Start) (G1 Humongous Allocation) 138M->102M(553M) 5.083ms
[2026-04-03T02:49:26.089+0600][83.638s][info][gc             ] GC(412) Concurrent Mark Cycle
[2026-04-03T02:49:26.089+0600][83.638s][info][gc,marking     ] GC(412) Concurrent Scan Root Regions
[2026-04-03T02:49:26.089+0600][83.638s][info][gc,cpu         ] GC(411) User=0.03s Sys=0.01s Real=0.00s
[2026-04-03T02:49:26.091+0600][83.641s][info][gc,marking     ] GC(412) Concurrent Scan Root Regions 2.628ms
[2026-04-03T02:49:26.091+0600][83.641s][info][gc,marking     ] GC(412) Concurrent Mark
[2026-04-03T02:49:26.091+0600][83.641s][info][gc,marking     ] GC(412) Concurrent Mark From Roots
[2026-04-03T02:49:26.091+0600][83.641s][info][gc,task        ] GC(412) Using 3 workers of 3 for marking
[2026-04-03T02:49:26.175+0600][83.725s][info][gc,marking     ] GC(412) Concurrent Mark From Roots 83.773ms
[2026-04-03T02:49:26.175+0600][83.725s][info][gc,marking     ] GC(412) Concurrent Preclean
[2026-04-03T02:49:26.176+0600][83.725s][info][gc,marking     ] GC(412) Concurrent Preclean 0.419ms
[2026-04-03T02:49:26.176+0600][83.726s][info][gc,start       ] GC(412) Pause Remark
[2026-04-03T02:49:26.185+0600][83.734s][info][gc             ] GC(412) Pause Remark 192M->192M(414M) 8.531ms
[2026-04-03T02:49:26.185+0600][83.734s][info][gc,cpu         ] GC(412) User=0.06s Sys=0.00s Real=0.01s
[2026-04-03T02:49:26.185+0600][83.735s][info][gc,marking     ] GC(412) Concurrent Mark 93.655ms
[2026-04-03T02:49:26.185+0600][83.735s][info][gc,marking     ] GC(412) Concurrent Rebuild Remembered Sets and Scrub Regions
[2026-04-03T02:49:26.225+0600][83.775s][info][gc,marking     ] GC(412) Concurrent Rebuild Remembered Sets and Scrub Regions 40.137ms
[2026-04-03T02:49:26.226+0600][83.775s][info][gc,start       ] GC(412) Pause Cleanup
[2026-04-03T02:49:26.226+0600][83.776s][info][gc             ] GC(412) Pause Cleanup 241M->241M(414M) 0.402ms
[2026-04-03T02:49:26.226+0600][83.776s][info][gc,cpu         ] GC(412) User=0.01s Sys=0.00s Real=0.00s
[2026-04-03T02:49:26.226+0600][83.776s][info][gc,marking     ] GC(412) Concurrent Clear Claimed Marks
[2026-04-03T02:49:26.227+0600][83.777s][info][gc,marking     ] GC(412) Concurrent Clear Claimed Marks 0.457ms
[2026-04-03T02:49:26.227+0600][83.777s][info][gc,marking     ] GC(412) Concurrent Cleanup for Next Mark
[2026-04-03T02:49:26.228+0600][83.777s][info][gc,marking     ] GC(412) Concurrent Cleanup for Next Mark 0.885ms
[2026-04-03T02:49:26.228+0600][83.778s][info][gc             ] GC(412) Concurrent Mark Cycle 139.252ms
[2026-04-03T02:49:26.374+0600][83.923s][info][gc,start       ] GC(413) Pause Young (Prepare Mixed) (G1 Evacuation Pause)
[2026-04-03T02:49:26.374+0600][83.924s][info][gc,task        ] GC(413) Using 9 workers of 10 for evacuation
[2026-04-03T02:49:26.378+0600][83.928s][info][gc,phases      ] GC(413)   Pre Evacuate Collection Set: 0.51ms
[2026-04-03T02:49:26.378+0600][83.928s][info][gc,phases      ] GC(413)   Merge Heap Roots: 0.16ms
[2026-04-03T02:49:26.378+0600][83.928s][info][gc,phases      ] GC(413)   Evacuate Collection Set: 2.86ms
[2026-04-03T02:49:26.378+0600][83.928s][info][gc,phases      ] GC(413)   Post Evacuate Collection Set: 0.62ms
[2026-04-03T02:49:26.378+0600][83.928s][info][gc,phases      ] GC(413)   Other: 0.10ms
[2026-04-03T02:49:26.378+0600][83.928s][info][gc,heap        ] GC(413) Eden regions: 234->0(246)
[2026-04-03T02:49:26.378+0600][83.928s][info][gc,heap        ] GC(413) Survivor regions: 8->7(31)
[2026-04-03T02:49:26.378+0600][83.928s][info][gc,heap        ] GC(413) Old regions: 87->88
[2026-04-03T02:49:26.378+0600][83.928s][info][gc,heap        ] GC(413) Humongous regions: 85->8
[2026-04-03T02:49:26.378+0600][83.928s][info][gc,metaspace   ] GC(413) Metaspace: 132109K(133568K)->132109K(133568K) NonClass: 115481K(116224K)->115481K(116224K) Class: 16628K(17344K)->16628K(17344K)
[2026-04-03T02:49:26.378+0600][83.928s][info][gc             ] GC(413) Pause Young (Prepare Mixed) (G1 Evacuation Pause) 413M->100M(422M) 4.552ms
[2026-04-03T02:49:26.378+0600][83.928s][info][gc,cpu         ] GC(413) User=0.02s Sys=0.01s Real=0.00s
[2026-04-03T02:49:26.447+0600][83.996s][info][gc,start       ] GC(414) Pause Young (Mixed) (G1 Evacuation Pause)
[2026-04-03T02:49:26.447+0600][83.997s][info][gc,task        ] GC(414) Using 10 workers of 10 for evacuation
[2026-04-03T02:49:26.450+0600][84.000s][info][gc,phases      ] GC(414)   Pre Evacuate Collection Set: 0.34ms
[2026-04-03T02:49:26.450+0600][84.000s][info][gc,phases      ] GC(414)   Merge Heap Roots: 0.20ms
[2026-04-03T02:49:26.450+0600][84.000s][info][gc,phases      ] GC(414)   Evacuate Collection Set: 2.14ms
[2026-04-03T02:49:26.450+0600][84.000s][info][gc,phases      ] GC(414)   Post Evacuate Collection Set: 0.72ms
[2026-04-03T02:49:26.450+0600][84.000s][info][gc,phases      ] GC(414)   Other: 0.11ms
[2026-04-03T02:49:26.450+0600][84.000s][info][gc,heap        ] GC(414) Eden regions: 47->0(297)
[2026-04-03T02:49:26.450+0600][84.000s][info][gc,heap        ] GC(414) Survivor regions: 7->3(38)
[2026-04-03T02:49:26.451+0600][84.000s][info][gc,heap        ] GC(414) Old regions: 88->87
[2026-04-03T02:49:26.451+0600][84.000s][info][gc,heap        ] GC(414) Humongous regions: 354->8
[2026-04-03T02:49:26.451+0600][84.000s][info][gc,metaspace   ] GC(414) Metaspace: 132112K(133568K)->132112K(133568K) NonClass: 115483K(116224K)->115483K(116224K) Class: 16628K(17344K)->16628K(17344K)
[2026-04-03T02:49:26.451+0600][84.000s][info][gc             ] GC(414) Pause Young (Mixed) (G1 Evacuation Pause) 493M->96M(500M) 3.804ms
[2026-04-03T02:49:26.451+0600][84.000s][info][gc,cpu         ] GC(414) User=0.03s Sys=0.00s Real=0.01s
[2026-04-03T02:49:26.491+0600][84.041s][info][gc,start       ] GC(415) Pause Young (Concurrent Start) (G1 Humongous Allocation)
[2026-04-03T02:49:26.491+0600][84.041s][info][gc,task        ] GC(415) Using 10 workers of 10 for evacuation
[2026-04-03T02:49:26.494+0600][84.043s][info][gc,phases      ] GC(415)   Pre Evacuate Collection Set: 0.41ms
[2026-04-03T02:49:26.494+0600][84.043s][info][gc,phases      ] GC(415)   Merge Heap Roots: 0.08ms
[2026-04-03T02:49:26.494+0600][84.043s][info][gc,phases      ] GC(415)   Evacuate Collection Set: 1.40ms
[2026-04-03T02:49:26.494+0600][84.043s][info][gc,phases      ] GC(415)   Post Evacuate Collection Set: 0.50ms
[2026-04-03T02:49:26.494+0600][84.043s][info][gc,phases      ] GC(415)   Other: 0.11ms
[2026-04-03T02:49:26.494+0600][84.043s][info][gc,heap        ] GC(415) Eden regions: 39->0(296)
[2026-04-03T02:49:26.494+0600][84.043s][info][gc,heap        ] GC(415) Survivor regions: 3->4(38)
[2026-04-03T02:49:26.494+0600][84.043s][info][gc,heap        ] GC(415) Old regions: 87->87
[2026-04-03T02:49:26.494+0600][84.043s][info][gc,heap        ] GC(415) Humongous regions: 34->13
[2026-04-03T02:49:26.494+0600][84.043s][info][gc,metaspace   ] GC(415) Metaspace: 132112K(133568K)->132112K(133568K) NonClass: 115483K(116224K)->115483K(116224K) Class: 16628K(17344K)->16628K(17344K)
[2026-04-03T02:49:26.494+0600][84.043s][info][gc             ] GC(415) Pause Young (Concurrent Start) (G1 Humongous Allocation) 160M->102M(500M) 2.765ms
[2026-04-03T02:49:26.494+0600][84.043s][info][gc             ] GC(416) Concurrent Undo Cycle
[2026-04-03T02:49:26.494+0600][84.044s][info][gc,cpu         ] GC(415) User=0.01s Sys=0.00s Real=0.00s
[2026-04-03T02:49:26.494+0600][84.044s][info][gc,marking     ] GC(416) Concurrent Clear Claimed Marks
[2026-04-03T02:49:26.494+0600][84.044s][info][gc,marking     ] GC(416) Concurrent Clear Claimed Marks 0.236ms
[2026-04-03T02:49:26.494+0600][84.044s][info][gc,marking     ] GC(416) Concurrent Cleanup for Next Mark
[2026-04-03T02:49:26.494+0600][84.044s][info][gc,marking     ] GC(416) Concurrent Cleanup for Next Mark 0.292ms
[2026-04-03T02:49:26.494+0600][84.044s][info][gc             ] GC(416) Concurrent Undo Cycle 0.709ms
[2026-04-03T02:49:26.495+0600][84.044s][info][gc,start       ] GC(417) Pause Young (Concurrent Start) (G1 Humongous Allocation)
[2026-04-03T02:49:26.495+0600][84.044s][info][gc,task        ] GC(417) Using 10 workers of 10 for evacuation
[2026-04-03T02:49:26.498+0600][84.047s][info][gc,phases      ] GC(417)   Pre Evacuate Collection Set: 0.44ms
[2026-04-03T02:49:26.498+0600][84.047s][info][gc,phases      ] GC(417)   Merge Heap Roots: 0.13ms
[2026-04-03T02:49:26.498+0600][84.047s][info][gc,phases      ] GC(417)   Evacuate Collection Set: 1.31ms
[2026-04-03T02:49:26.498+0600][84.047s][info][gc,phases      ] GC(417)   Post Evacuate Collection Set: 0.71ms
[2026-04-03T02:49:26.498+0600][84.047s][info][gc,phases      ] GC(417)   Other: 0.16ms
[2026-04-03T02:49:26.498+0600][84.047s][info][gc,heap        ] GC(417) Eden regions: 2->0(296)
[2026-04-03T02:49:26.498+0600][84.047s][info][gc,heap        ] GC(417) Survivor regions: 4->4(38)
[2026-04-03T02:49:26.498+0600][84.047s][info][gc,heap        ] GC(417) Old regions: 87->87
[2026-04-03T02:49:26.498+0600][84.047s][info][gc,heap        ] GC(417) Humongous regions: 18->8
[2026-04-03T02:49:26.498+0600][84.047s][info][gc,metaspace   ] GC(417) Metaspace: 132112K(133568K)->132112K(133568K) NonClass: 115483K(116224K)->115483K(116224K) Class: 16628K(17344K)->16628K(17344K)
[2026-04-03T02:49:26.498+0600][84.048s][info][gc             ] GC(417) Pause Young (Concurrent Start) (G1 Humongous Allocation) 109M->97M(500M) 3.119ms
[2026-04-03T02:49:26.498+0600][84.048s][info][gc             ] GC(418) Concurrent Mark Cycle
[2026-04-03T02:49:26.498+0600][84.048s][info][gc,marking     ] GC(418) Concurrent Scan Root Regions
[2026-04-03T02:49:26.498+0600][84.048s][info][gc,cpu         ] GC(417) User=0.02s Sys=0.00s Real=0.00s
[2026-04-03T02:49:26.501+0600][84.051s][info][gc,marking     ] GC(418) Concurrent Scan Root Regions 3.284ms
[2026-04-03T02:49:26.501+0600][84.051s][info][gc,marking     ] GC(418) Concurrent Mark
[2026-04-03T02:49:26.501+0600][84.051s][info][gc,marking     ] GC(418) Concurrent Mark From Roots
[2026-04-03T02:49:26.501+0600][84.051s][info][gc,task        ] GC(418) Using 3 workers of 3 for marking
[2026-04-03T02:49:26.576+0600][84.126s][info][gc,start       ] GC(419) Pause Young (Normal) (G1 Evacuation Pause)
[2026-04-03T02:49:26.576+0600][84.126s][info][gc,task        ] GC(419) Using 10 workers of 10 for evacuation
[2026-04-03T02:49:26.580+0600][84.129s][info][gc,phases      ] GC(419)   Pre Evacuate Collection Set: 0.42ms
[2026-04-03T02:49:26.580+0600][84.130s][info][gc,phases      ] GC(419)   Merge Heap Roots: 0.23ms
[2026-04-03T02:49:26.580+0600][84.130s][info][gc,phases      ] GC(419)   Evacuate Collection Set: 1.94ms
[2026-04-03T02:49:26.580+0600][84.130s][info][gc,phases      ] GC(419)   Post Evacuate Collection Set: 0.88ms
[2026-04-03T02:49:26.580+0600][84.130s][info][gc,phases      ] GC(419)   Other: 0.11ms
[2026-04-03T02:49:26.580+0600][84.130s][info][gc,heap        ] GC(419) Eden regions: 64->0(300)
[2026-04-03T02:49:26.580+0600][84.130s][info][gc,heap        ] GC(419) Survivor regions: 4->3(38)
[2026-04-03T02:49:26.580+0600][84.130s][info][gc,heap        ] GC(419) Old regions: 87->87
[2026-04-03T02:49:26.580+0600][84.130s][info][gc,heap        ] GC(419) Humongous regions: 347->8
[2026-04-03T02:49:26.580+0600][84.130s][info][gc,metaspace   ] GC(419) Metaspace: 132112K(133568K)->132112K(133568K) NonClass: 115483K(116224K)->115483K(116224K) Class: 16628K(17344K)->16628K(17344K)
[2026-04-03T02:49:26.580+0600][84.130s][info][gc             ] GC(419) Pause Young (Normal) (G1 Evacuation Pause) 500M->97M(505M) 3.916ms
[2026-04-03T02:49:26.580+0600][84.130s][info][gc,cpu         ] GC(419) User=0.02s Sys=0.00s Real=0.01s
[2026-04-03T02:49:26.582+0600][84.131s][info][gc,marking     ] GC(418) Concurrent Mark From Roots 80.152ms
[2026-04-03T02:49:26.582+0600][84.131s][info][gc,marking     ] GC(418) Concurrent Preclean
[2026-04-03T02:49:26.582+0600][84.132s][info][gc,marking     ] GC(418) Concurrent Preclean 0.349ms
[2026-04-03T02:49:26.582+0600][84.132s][info][gc,start       ] GC(418) Pause Remark
[2026-04-03T02:49:26.590+0600][84.140s][info][gc             ] GC(418) Pause Remark 98M->98M(327M) 7.760ms
[2026-04-03T02:49:26.590+0600][84.140s][info][gc,cpu         ] GC(418) User=0.06s Sys=0.01s Real=0.01s
[2026-04-03T02:49:26.590+0600][84.140s][info][gc,marking     ] GC(418) Concurrent Mark 88.788ms
[2026-04-03T02:49:26.590+0600][84.140s][info][gc,marking     ] GC(418) Concurrent Rebuild Remembered Sets and Scrub Regions
[2026-04-03T02:49:26.615+0600][84.165s][info][gc,marking     ] GC(418) Concurrent Rebuild Remembered Sets and Scrub Regions 24.916ms
[2026-04-03T02:49:26.615+0600][84.165s][info][gc,start       ] GC(418) Pause Cleanup
[2026-04-03T02:49:26.616+0600][84.166s][info][gc             ] GC(418) Pause Cleanup 107M->107M(327M) 0.473ms
[2026-04-03T02:49:26.616+0600][84.166s][info][gc,cpu         ] GC(418) User=0.00s Sys=0.00s Real=0.00s
[2026-04-03T02:49:26.616+0600][84.166s][info][gc,marking     ] GC(418) Concurrent Clear Claimed Marks
[2026-04-03T02:49:26.617+0600][84.166s][info][gc,marking     ] GC(418) Concurrent Clear Claimed Marks 0.384ms
[2026-04-03T02:49:26.617+0600][84.166s][info][gc,marking     ] GC(418) Concurrent Cleanup for Next Mark
[2026-04-03T02:49:26.617+0600][84.167s][info][gc,marking     ] GC(418) Concurrent Cleanup for Next Mark 0.613ms
[2026-04-03T02:49:26.617+0600][84.167s][info][gc             ] GC(418) Concurrent Mark Cycle 119.406ms
[2026-04-03T02:49:26.930+0600][84.480s][info][gc,start       ] GC(420) Pause Young (Prepare Mixed) (G1 Evacuation Pause)
[2026-04-03T02:49:26.930+0600][84.480s][info][gc,task        ] GC(420) Using 8 workers of 10 for evacuation
[2026-04-03T02:49:26.933+0600][84.483s][info][gc,phases      ] GC(420)   Pre Evacuate Collection Set: 0.20ms
[2026-04-03T02:49:26.933+0600][84.483s][info][gc,phases      ] GC(420)   Merge Heap Roots: 0.15ms
[2026-04-03T02:49:26.933+0600][84.483s][info][gc,phases      ] GC(420)   Evacuate Collection Set: 1.99ms
[2026-04-03T02:49:26.933+0600][84.483s][info][gc,phases      ] GC(420)   Post Evacuate Collection Set: 0.47ms
[2026-04-03T02:49:26.933+0600][84.483s][info][gc,phases      ] GC(420)   Other: 0.07ms
[2026-04-03T02:49:26.933+0600][84.483s][info][gc,heap        ] GC(420) Eden regions: 156->0(191)
[2026-04-03T02:49:26.933+0600][84.483s][info][gc,heap        ] GC(420) Survivor regions: 3->4(25)
[2026-04-03T02:49:26.933+0600][84.483s][info][gc,heap        ] GC(420) Old regions: 87->87
[2026-04-03T02:49:26.933+0600][84.483s][info][gc,heap        ] GC(420) Humongous regions: 81->8
[2026-04-03T02:49:26.933+0600][84.483s][info][gc,metaspace   ] GC(420) Metaspace: 132117K(133568K)->132117K(133568K) NonClass: 115488K(116224K)->115488K(116224K) Class: 16628K(17344K)->16628K(17344K)
[2026-04-03T02:49:26.933+0600][84.483s][info][gc             ] GC(420) Pause Young (Prepare Mixed) (G1 Evacuation Pause) 326M->98M(331M) 3.071ms
[2026-04-03T02:49:26.933+0600][84.483s][info][gc,cpu         ] GC(420) User=0.01s Sys=0.01s Real=0.00s
[2026-04-03T02:49:27.134+0600][84.683s][info][gc,start       ] GC(421) Pause Young (Mixed) (G1 Evacuation Pause)
[2026-04-03T02:49:27.134+0600][84.683s][info][gc,task        ] GC(421) Using 8 workers of 10 for evacuation
[2026-04-03T02:49:27.140+0600][84.689s][info][gc,phases      ] GC(421)   Pre Evacuate Collection Set: 0.49ms
[2026-04-03T02:49:27.140+0600][84.689s][info][gc,phases      ] GC(421)   Merge Heap Roots: 0.22ms
[2026-04-03T02:49:27.140+0600][84.689s][info][gc,phases      ] GC(421)   Evacuate Collection Set: 4.41ms
[2026-04-03T02:49:27.140+0600][84.689s][info][gc,phases      ] GC(421)   Post Evacuate Collection Set: 0.61ms
[2026-04-03T02:49:27.140+0600][84.689s][info][gc,phases      ] GC(421)   Other: 0.16ms
[2026-04-03T02:49:27.140+0600][84.689s][info][gc,heap        ] GC(421) Eden regions: 152->0(202)
[2026-04-03T02:49:27.140+0600][84.689s][info][gc,heap        ] GC(421) Survivor regions: 4->6(25)
[2026-04-03T02:49:27.140+0600][84.689s][info][gc,heap        ] GC(421) Old regions: 87->87
[2026-04-03T02:49:27.140+0600][84.689s][info][gc,heap        ] GC(421) Humongous regions: 97->8
[2026-04-03T02:49:27.140+0600][84.689s][info][gc,metaspace   ] GC(421) Metaspace: 132117K(133568K)->132117K(133568K) NonClass: 115488K(116224K)->115488K(116224K) Class: 16628K(17344K)->16628K(17344K)
[2026-04-03T02:49:27.140+0600][84.689s][info][gc             ] GC(421) Pause Young (Mixed) (G1 Evacuation Pause) 339M->99M(348M) 6.203ms
[2026-04-03T02:49:27.140+0600][84.690s][info][gc,cpu         ] GC(421) User=0.03s Sys=0.00s Real=0.01s
[2026-04-03T02:49:27.155+0600][84.705s][info][gc,start       ] GC(422) Pause Young (Concurrent Start) (GCLocker Initiated GC)
[2026-04-03T02:49:27.156+0600][84.705s][info][gc,task        ] GC(422) Using 8 workers of 10 for evacuation
[2026-04-03T02:49:27.163+0600][84.713s][info][gc,phases      ] GC(422)   Pre Evacuate Collection Set: 0.51ms
[2026-04-03T02:49:27.163+0600][84.713s][info][gc,phases      ] GC(422)   Merge Heap Roots: 0.13ms
[2026-04-03T02:49:27.163+0600][84.713s][info][gc,phases      ] GC(422)   Evacuate Collection Set: 2.87ms
[2026-04-03T02:49:27.163+0600][84.713s][info][gc,phases      ] GC(422)   Post Evacuate Collection Set: 3.75ms
[2026-04-03T02:49:27.163+0600][84.713s][info][gc,phases      ] GC(422)   Other: 0.17ms
[2026-04-03T02:49:27.163+0600][84.713s][info][gc,heap        ] GC(422) Eden regions: 12->0(479)
[2026-04-03T02:49:27.163+0600][84.713s][info][gc,heap        ] GC(422) Survivor regions: 6->7(26)
[2026-04-03T02:49:27.163+0600][84.713s][info][gc,heap        ] GC(422) Old regions: 87->87
[2026-04-03T02:49:27.163+0600][84.713s][info][gc,heap        ] GC(422) Humongous regions: 8->8
[2026-04-03T02:49:27.163+0600][84.713s][info][gc,metaspace   ] GC(422) Metaspace: 132117K(133568K)->132117K(133568K) NonClass: 115488K(116224K)->115488K(116224K) Class: 16628K(17344K)->16628K(17344K)
[2026-04-03T02:49:27.163+0600][84.713s][info][gc             ] GC(422) Pause Young (Concurrent Start) (GCLocker Initiated GC) 111M->101M(811M) 7.696ms
[2026-04-03T02:49:27.163+0600][84.713s][info][gc             ] GC(423) Concurrent Mark Cycle
[2026-04-03T02:49:27.163+0600][84.713s][info][gc,cpu         ] GC(422) User=0.03s Sys=0.00s Real=0.01s
[2026-04-03T02:49:27.163+0600][84.713s][info][gc,marking     ] GC(423) Concurrent Scan Root Regions
[2026-04-03T02:49:27.167+0600][84.716s][info][gc,marking     ] GC(423) Concurrent Scan Root Regions 3.418ms
[2026-04-03T02:49:27.167+0600][84.716s][info][gc,marking     ] GC(423) Concurrent Mark
[2026-04-03T02:49:27.167+0600][84.717s][info][gc,marking     ] GC(423) Concurrent Mark From Roots
[2026-04-03T02:49:27.167+0600][84.717s][info][gc,task        ] GC(423) Using 3 workers of 3 for marking
[2026-04-03T02:49:27.252+0600][84.801s][info][gc,marking     ] GC(423) Concurrent Mark From Roots 84.727ms
[2026-04-03T02:49:27.252+0600][84.801s][info][gc,marking     ] GC(423) Concurrent Preclean
[2026-04-03T02:49:27.252+0600][84.802s][info][gc,marking     ] GC(423) Concurrent Preclean 0.629ms
[2026-04-03T02:49:27.253+0600][84.802s][info][gc,start       ] GC(423) Pause Remark
[2026-04-03T02:49:27.263+0600][84.812s][info][gc             ] GC(423) Pause Remark 183M->183M(480M) 10.118ms
[2026-04-03T02:49:27.263+0600][84.813s][info][gc,cpu         ] GC(423) User=0.07s Sys=0.00s Real=0.01s
[2026-04-03T02:49:27.263+0600][84.813s][info][gc,marking     ] GC(423) Concurrent Mark 96.368ms
[2026-04-03T02:49:27.263+0600][84.813s][info][gc,marking     ] GC(423) Concurrent Rebuild Remembered Sets and Scrub Regions
[2026-04-03T02:49:27.304+0600][84.854s][info][gc,marking     ] GC(423) Concurrent Rebuild Remembered Sets and Scrub Regions 40.967ms
[2026-04-03T02:49:27.305+0600][84.854s][info][gc,start       ] GC(423) Pause Cleanup
[2026-04-03T02:49:27.305+0600][84.855s][info][gc             ] GC(423) Pause Cleanup 218M->218M(480M) 0.568ms
[2026-04-03T02:49:27.305+0600][84.855s][info][gc,cpu         ] GC(423) User=0.00s Sys=0.01s Real=0.00s
[2026-04-03T02:49:27.305+0600][84.855s][info][gc,marking     ] GC(423) Concurrent Clear Claimed Marks
[2026-04-03T02:49:27.306+0600][84.856s][info][gc,marking     ] GC(423) Concurrent Clear Claimed Marks 0.407ms
[2026-04-03T02:49:27.306+0600][84.856s][info][gc,marking     ] GC(423) Concurrent Cleanup for Next Mark
[2026-04-03T02:49:27.308+0600][84.857s][info][gc,marking     ] GC(423) Concurrent Cleanup for Next Mark 1.743ms
[2026-04-03T02:49:27.308+0600][84.857s][info][gc             ] GC(423) Concurrent Mark Cycle 144.511ms
[2026-04-03T02:49:27.485+0600][85.035s][info][gc,start       ] GC(424) Pause Young (Prepare Mixed) (GCLocker Initiated GC)
[2026-04-03T02:49:27.485+0600][85.035s][info][gc,task        ] GC(424) Using 10 workers of 10 for evacuation
[2026-04-03T02:49:27.490+0600][85.040s][info][gc,phases      ] GC(424)   Pre Evacuate Collection Set: 0.40ms
[2026-04-03T02:49:27.491+0600][85.040s][info][gc,phases      ] GC(424)   Merge Heap Roots: 0.30ms
[2026-04-03T02:49:27.491+0600][85.040s][info][gc,phases      ] GC(424)   Evacuate Collection Set: 3.70ms
[2026-04-03T02:49:27.491+0600][85.040s][info][gc,phases      ] GC(424)   Post Evacuate Collection Set: 0.73ms
[2026-04-03T02:49:27.491+0600][85.040s][info][gc,phases      ] GC(424)   Other: 0.12ms
[2026-04-03T02:49:27.491+0600][85.040s][info][gc,heap        ] GC(424) Eden regions: 210->0(285)
[2026-04-03T02:49:27.491+0600][85.040s][info][gc,heap        ] GC(424) Survivor regions: 7->7(36)
[2026-04-03T02:49:27.491+0600][85.040s][info][gc,heap        ] GC(424) Old regions: 87->88
[2026-04-03T02:49:27.491+0600][85.040s][info][gc,heap        ] GC(424) Humongous regions: 176->8
[2026-04-03T02:49:27.491+0600][85.040s][info][gc,metaspace   ] GC(424) Metaspace: 132117K(133568K)->132117K(133568K) NonClass: 115488K(116224K)->115488K(116224K) Class: 16628K(17344K)->16628K(17344K)
[2026-04-03T02:49:27.491+0600][85.040s][info][gc             ] GC(424) Pause Young (Prepare Mixed) (GCLocker Initiated GC) 479M->101M(488M) 5.525ms
[2026-04-03T02:49:27.491+0600][85.040s][info][gc,cpu         ] GC(424) User=0.03s Sys=0.01s Real=0.01s
[2026-04-03T02:49:27.752+0600][85.301s][info][gc,start       ] GC(425) Pause Young (Mixed) (G1 Evacuation Pause)
[2026-04-03T02:49:27.752+0600][85.302s][info][gc,task        ] GC(425) Using 10 workers of 10 for evacuation
[2026-04-03T02:49:27.757+0600][85.307s][info][gc,phases      ] GC(425)   Pre Evacuate Collection Set: 0.45ms
[2026-04-03T02:49:27.757+0600][85.307s][info][gc,phases      ] GC(425)   Merge Heap Roots: 0.23ms
[2026-04-03T02:49:27.757+0600][85.307s][info][gc,phases      ] GC(425)   Evacuate Collection Set: 4.00ms
[2026-04-03T02:49:27.757+0600][85.307s][info][gc,phases      ] GC(425)   Post Evacuate Collection Set: 0.65ms
[2026-04-03T02:49:27.757+0600][85.307s][info][gc,phases      ] GC(425)   Other: 0.12ms
[2026-04-03T02:49:27.757+0600][85.307s][info][gc,heap        ] GC(425) Eden regions: 222->0(293)
[2026-04-03T02:49:27.757+0600][85.307s][info][gc,heap        ] GC(425) Survivor regions: 7->7(37)
[2026-04-03T02:49:27.757+0600][85.307s][info][gc,heap        ] GC(425) Old regions: 88->87
[2026-04-03T02:49:27.757+0600][85.307s][info][gc,heap        ] GC(425) Humongous regions: 176->8
[2026-04-03T02:49:27.757+0600][85.307s][info][gc,metaspace   ] GC(425) Metaspace: 132117K(133568K)->132117K(133568K) NonClass: 115488K(116224K)->115488K(116224K) Class: 16628K(17344K)->16628K(17344K)
[2026-04-03T02:49:27.757+0600][85.307s][info][gc             ] GC(425) Pause Young (Mixed) (G1 Evacuation Pause) 491M->100M(501M) 5.739ms
[2026-04-03T02:49:27.758+0600][85.307s][info][gc,cpu         ] GC(425) User=0.03s Sys=0.02s Real=0.00s
[2026-04-03T02:49:27.788+0600][85.338s][info][gc,start       ] GC(426) Pause Young (Concurrent Start) (G1 Humongous Allocation)
[2026-04-03T02:49:27.788+0600][85.338s][info][gc,task        ] GC(426) Using 10 workers of 10 for evacuation
[2026-04-03T02:49:27.793+0600][85.342s][info][gc,phases      ] GC(426)   Pre Evacuate Collection Set: 0.60ms
[2026-04-03T02:49:27.793+0600][85.342s][info][gc,phases      ] GC(426)   Merge Heap Roots: 0.19ms
[2026-04-03T02:49:27.793+0600][85.342s][info][gc,phases      ] GC(426)   Evacuate Collection Set: 2.41ms
[2026-04-03T02:49:27.793+0600][85.342s][info][gc,phases      ] GC(426)   Post Evacuate Collection Set: 0.62ms
[2026-04-03T02:49:27.793+0600][85.342s][info][gc,phases      ] GC(426)   Other: 0.31ms
[2026-04-03T02:49:27.793+0600][85.342s][info][gc,heap        ] GC(426) Eden regions: 31->0(293)
[2026-04-03T02:49:27.793+0600][85.342s][info][gc,heap        ] GC(426) Survivor regions: 7->7(38)
[2026-04-03T02:49:27.793+0600][85.342s][info][gc,heap        ] GC(426) Old regions: 87->87
[2026-04-03T02:49:27.793+0600][85.342s][info][gc,heap        ] GC(426) Humongous regions: 8->8
[2026-04-03T02:49:27.793+0600][85.342s][info][gc,metaspace   ] GC(426) Metaspace: 132117K(133568K)->132117K(133568K) NonClass: 115488K(116224K)->115488K(116224K) Class: 16628K(17344K)->16628K(17344K)
[2026-04-03T02:49:27.793+0600][85.343s][info][gc             ] GC(426) Pause Young (Concurrent Start) (G1 Humongous Allocation) 131M->100M(501M) 4.479ms
[2026-04-03T02:49:27.793+0600][85.343s][info][gc             ] GC(427) Concurrent Mark Cycle
[2026-04-03T02:49:27.793+0600][85.343s][info][gc,cpu         ] GC(426) User=0.02s Sys=0.00s Real=0.01s
[2026-04-03T02:49:27.793+0600][85.343s][info][gc,marking     ] GC(427) Concurrent Scan Root Regions
[2026-04-03T02:49:27.795+0600][85.345s][info][gc,marking     ] GC(427) Concurrent Scan Root Regions 2.476ms
[2026-04-03T02:49:27.796+0600][85.345s][info][gc,marking     ] GC(427) Concurrent Mark
[2026-04-03T02:49:27.796+0600][85.345s][info][gc,marking     ] GC(427) Concurrent Mark From Roots
[2026-04-03T02:49:27.796+0600][85.345s][info][gc,task        ] GC(427) Using 3 workers of 3 for marking
[2026-04-03T02:49:27.863+0600][85.413s][info][gc,marking     ] GC(427) Concurrent Mark From Roots 67.350ms
[2026-04-03T02:49:27.863+0600][85.413s][info][gc,marking     ] GC(427) Concurrent Preclean
[2026-04-03T02:49:27.863+0600][85.413s][info][gc,marking     ] GC(427) Concurrent Preclean 0.339ms
[2026-04-03T02:49:27.864+0600][85.413s][info][gc,start       ] GC(427) Pause Remark
[2026-04-03T02:49:27.871+0600][85.421s][info][gc             ] GC(427) Pause Remark 158M->158M(417M) 7.242ms
[2026-04-03T02:49:27.871+0600][85.421s][info][gc,cpu         ] GC(427) User=0.05s Sys=0.00s Real=0.01s
[2026-04-03T02:49:27.871+0600][85.421s][info][gc,marking     ] GC(427) Concurrent Mark 75.626ms
[2026-04-03T02:49:27.871+0600][85.421s][info][gc,marking     ] GC(427) Concurrent Rebuild Remembered Sets and Scrub Regions
[2026-04-03T02:49:27.898+0600][85.448s][info][gc,marking     ] GC(427) Concurrent Rebuild Remembered Sets and Scrub Regions 26.992ms
[2026-04-03T02:49:27.899+0600][85.448s][info][gc,start       ] GC(427) Pause Cleanup
[2026-04-03T02:49:27.899+0600][85.449s][info][gc             ] GC(427) Pause Cleanup 175M->175M(417M) 0.453ms
[2026-04-03T02:49:27.899+0600][85.449s][info][gc,cpu         ] GC(427) User=0.00s Sys=0.00s Real=0.00s
[2026-04-03T02:49:27.899+0600][85.449s][info][gc,marking     ] GC(427) Concurrent Clear Claimed Marks
[2026-04-03T02:49:27.900+0600][85.449s][info][gc,marking     ] GC(427) Concurrent Clear Claimed Marks 0.452ms
[2026-04-03T02:49:27.900+0600][85.449s][info][gc,marking     ] GC(427) Concurrent Cleanup for Next Mark
[2026-04-03T02:49:27.901+0600][85.450s][info][gc,marking     ] GC(427) Concurrent Cleanup for Next Mark 0.712ms
[2026-04-03T02:49:27.901+0600][85.450s][info][gc             ] GC(427) Concurrent Mark Cycle 107.709ms
[2026-04-03T02:49:28.100+0600][85.650s][info][gc,start       ] GC(428) Pause Young (Prepare Mixed) (G1 Evacuation Pause)
[2026-04-03T02:49:28.100+0600][85.650s][info][gc,task        ] GC(428) Using 10 workers of 10 for evacuation
[2026-04-03T02:49:28.106+0600][85.655s][info][gc,phases      ] GC(428)   Pre Evacuate Collection Set: 0.42ms
[2026-04-03T02:49:28.106+0600][85.655s][info][gc,phases      ] GC(428)   Merge Heap Roots: 0.24ms
[2026-04-03T02:49:28.106+0600][85.655s][info][gc,phases      ] GC(428)   Evacuate Collection Set: 3.91ms
[2026-04-03T02:49:28.106+0600][85.655s][info][gc,phases      ] GC(428)   Post Evacuate Collection Set: 0.73ms
[2026-04-03T02:49:28.106+0600][85.655s][info][gc,phases      ] GC(428)   Other: 0.11ms
[2026-04-03T02:49:28.106+0600][85.655s][info][gc,heap        ] GC(428) Eden regions: 222->0(247)
[2026-04-03T02:49:28.106+0600][85.655s][info][gc,heap        ] GC(428) Survivor regions: 7->9(32)
[2026-04-03T02:49:28.106+0600][85.655s][info][gc,heap        ] GC(428) Old regions: 87->88
[2026-04-03T02:49:28.106+0600][85.656s][info][gc,heap        ] GC(428) Humongous regions: 101->8
[2026-04-03T02:49:28.106+0600][85.656s][info][gc,metaspace   ] GC(428) Metaspace: 132117K(133568K)->132117K(133568K) NonClass: 115488K(116224K)->115488K(116224K) Class: 16628K(17344K)->16628K(17344K)
[2026-04-03T02:49:28.106+0600][85.656s][info][gc             ] GC(428) Pause Young (Prepare Mixed) (G1 Evacuation Pause) 415M->102M(427M) 5.734ms
[2026-04-03T02:49:28.106+0600][85.656s][info][gc,cpu         ] GC(428) User=0.01s Sys=0.02s Real=0.00s
[2026-04-03T02:49:28.294+0600][85.844s][info][gc,start       ] GC(429) Pause Young (Mixed) (G1 Evacuation Pause)
[2026-04-03T02:49:28.294+0600][85.844s][info][gc,task        ] GC(429) Using 10 workers of 10 for evacuation
[2026-04-03T02:49:28.299+0600][85.848s][info][gc,phases      ] GC(429)   Pre Evacuate Collection Set: 0.38ms
[2026-04-03T02:49:28.299+0600][85.848s][info][gc,phases      ] GC(429)   Merge Heap Roots: 0.14ms
[2026-04-03T02:49:28.299+0600][85.848s][info][gc,phases      ] GC(429)   Evacuate Collection Set: 3.41ms
[2026-04-03T02:49:28.299+0600][85.848s][info][gc,phases      ] GC(429)   Post Evacuate Collection Set: 0.61ms
[2026-04-03T02:49:28.299+0600][85.848s][info][gc,phases      ] GC(429)   Other: 0.11ms
[2026-04-03T02:49:28.299+0600][85.849s][info][gc,heap        ] GC(429) Eden regions: 148->0(294)
[2026-04-03T02:49:28.299+0600][85.849s][info][gc,heap        ] GC(429) Survivor regions: 9->10(34)
[2026-04-03T02:49:28.299+0600][85.849s][info][gc,heap        ] GC(429) Old regions: 88->87
[2026-04-03T02:49:28.299+0600][85.849s][info][gc,heap        ] GC(429) Humongous regions: 252->23
[2026-04-03T02:49:28.299+0600][85.849s][info][gc,metaspace   ] GC(429) Metaspace: 132118K(133568K)->132118K(133568K) NonClass: 115489K(116224K)->115489K(116224K) Class: 16628K(17344K)->16628K(17344K)
[2026-04-03T02:49:28.299+0600][85.849s][info][gc             ] GC(429) Pause Young (Mixed) (G1 Evacuation Pause) 494M->118M(507M) 5.052ms
[2026-04-03T02:49:28.299+0600][85.849s][info][gc,cpu         ] GC(429) User=0.02s Sys=0.02s Real=0.00s
[2026-04-03T02:49:28.301+0600][85.851s][info][gc,start       ] GC(430) Pause Young (Concurrent Start) (G1 Humongous Allocation)
[2026-04-03T02:49:28.301+0600][85.851s][info][gc,task        ] GC(430) Using 10 workers of 10 for evacuation
[2026-04-03T02:49:28.305+0600][85.854s][info][gc,phases      ] GC(430)   Pre Evacuate Collection Set: 0.31ms
[2026-04-03T02:49:28.305+0600][85.854s][info][gc,phases      ] GC(430)   Merge Heap Roots: 0.08ms
[2026-04-03T02:49:28.305+0600][85.854s][info][gc,phases      ] GC(430)   Evacuate Collection Set: 2.04ms
[2026-04-03T02:49:28.305+0600][85.854s][info][gc,phases      ] GC(430)   Post Evacuate Collection Set: 0.50ms
[2026-04-03T02:49:28.305+0600][85.854s][info][gc,phases      ] GC(430)   Other: 0.10ms
[2026-04-03T02:49:28.305+0600][85.854s][info][gc,heap        ] GC(430) Eden regions: 5->0(295)
[2026-04-03T02:49:28.305+0600][85.854s][info][gc,heap        ] GC(430) Survivor regions: 10->9(38)
[2026-04-03T02:49:28.305+0600][85.854s][info][gc,heap        ] GC(430) Old regions: 87->87
[2026-04-03T02:49:28.305+0600][85.854s][info][gc,heap        ] GC(430) Humongous regions: 53->8
[2026-04-03T02:49:28.305+0600][85.854s][info][gc,metaspace   ] GC(430) Metaspace: 132118K(133568K)->132118K(133568K) NonClass: 115489K(116224K)->115489K(116224K) Class: 16628K(17344K)->16628K(17344K)
[2026-04-03T02:49:28.305+0600][85.854s][info][gc             ] GC(430) Pause Young (Concurrent Start) (G1 Humongous Allocation) 152M->103M(507M) 3.306ms
[2026-04-03T02:49:28.305+0600][85.854s][info][gc             ] GC(431) Concurrent Undo Cycle
[2026-04-03T02:49:28.305+0600][85.855s][info][gc,cpu         ] GC(430) User=0.02s Sys=0.00s Real=0.00s
[2026-04-03T02:49:28.305+0600][85.855s][info][gc,marking     ] GC(431) Concurrent Clear Claimed Marks
[2026-04-03T02:49:28.305+0600][85.855s][info][gc,marking     ] GC(431) Concurrent Clear Claimed Marks 0.350ms
[2026-04-03T02:49:28.305+0600][85.855s][info][gc,marking     ] GC(431) Concurrent Cleanup for Next Mark
[2026-04-03T02:49:28.306+0600][85.855s][info][gc,marking     ] GC(431) Concurrent Cleanup for Next Mark 0.356ms
[2026-04-03T02:49:28.306+0600][85.855s][info][gc             ] GC(431) Concurrent Undo Cycle 0.936ms
[2026-04-03T02:49:28.307+0600][85.856s][info][gc,start       ] GC(432) Pause Young (Concurrent Start) (G1 Humongous Allocation)
[2026-04-03T02:49:28.307+0600][85.856s][info][gc,task        ] GC(432) Using 10 workers of 10 for evacuation
[2026-04-03T02:49:28.310+0600][85.860s][info][gc,phases      ] GC(432)   Pre Evacuate Collection Set: 0.32ms
[2026-04-03T02:49:28.310+0600][85.860s][info][gc,phases      ] GC(432)   Merge Heap Roots: 0.11ms
[2026-04-03T02:49:28.310+0600][85.860s][info][gc,phases      ] GC(432)   Evacuate Collection Set: 1.98ms
[2026-04-03T02:49:28.310+0600][85.860s][info][gc,phases      ] GC(432)   Post Evacuate Collection Set: 0.54ms
[2026-04-03T02:49:28.310+0600][85.860s][info][gc,phases      ] GC(432)   Other: 0.14ms
[2026-04-03T02:49:28.310+0600][85.860s][info][gc,heap        ] GC(432) Eden regions: 3->0(294)
[2026-04-03T02:49:28.310+0600][85.860s][info][gc,heap        ] GC(432) Survivor regions: 9->10(38)
[2026-04-03T02:49:28.310+0600][85.860s][info][gc,heap        ] GC(432) Old regions: 87->87
[2026-04-03T02:49:28.310+0600][85.860s][info][gc,heap        ] GC(432) Humongous regions: 28->13
[2026-04-03T02:49:28.310+0600][85.860s][info][gc,metaspace   ] GC(432) Metaspace: 132118K(133568K)->132118K(133568K) NonClass: 115489K(116224K)->115489K(116224K) Class: 16628K(17344K)->16628K(17344K)
[2026-04-03T02:49:28.310+0600][85.860s][info][gc             ] GC(432) Pause Young (Concurrent Start) (G1 Humongous Allocation) 125M->108M(507M) 3.406ms
[2026-04-03T02:49:28.310+0600][85.860s][info][gc             ] GC(433) Concurrent Mark Cycle
[2026-04-03T02:49:28.310+0600][85.860s][info][gc,marking     ] GC(433) Concurrent Scan Root Regions
[2026-04-03T02:49:28.310+0600][85.860s][info][gc,cpu         ] GC(432) User=0.02s Sys=0.01s Real=0.01s
[2026-04-03T02:49:28.312+0600][85.862s][info][gc,marking     ] GC(433) Concurrent Scan Root Regions 1.925ms
[2026-04-03T02:49:28.312+0600][85.862s][info][gc,marking     ] GC(433) Concurrent Mark
[2026-04-03T02:49:28.312+0600][85.862s][info][gc,marking     ] GC(433) Concurrent Mark From Roots
[2026-04-03T02:49:28.312+0600][85.862s][info][gc,task        ] GC(433) Using 3 workers of 3 for marking
[2026-04-03T02:49:28.397+0600][85.947s][info][gc,marking     ] GC(433) Concurrent Mark From Roots 85.056ms
[2026-04-03T02:49:28.397+0600][85.947s][info][gc,marking     ] GC(433) Concurrent Preclean
[2026-04-03T02:49:28.398+0600][85.948s][info][gc,marking     ] GC(433) Concurrent Preclean 0.453ms
[2026-04-03T02:49:28.398+0600][85.948s][info][gc,start       ] GC(433) Pause Remark
[2026-04-03T02:49:28.407+0600][85.956s][info][gc             ] GC(433) Pause Remark 268M->268M(507M) 8.289ms
[2026-04-03T02:49:28.407+0600][85.956s][info][gc,cpu         ] GC(433) User=0.06s Sys=0.00s Real=0.01s
[2026-04-03T02:49:28.407+0600][85.957s][info][gc,marking     ] GC(433) Concurrent Mark 94.625ms
[2026-04-03T02:49:28.407+0600][85.957s][info][gc,marking     ] GC(433) Concurrent Rebuild Remembered Sets and Scrub Regions
[2026-04-03T02:49:28.434+0600][85.983s][info][gc,marking     ] GC(433) Concurrent Rebuild Remembered Sets and Scrub Regions 26.748ms
[2026-04-03T02:49:28.435+0600][85.985s][info][gc,start       ] GC(433) Pause Cleanup
[2026-04-03T02:49:28.435+0600][85.985s][info][gc             ] GC(433) Pause Cleanup 392M->392M(507M) 0.442ms
[2026-04-03T02:49:28.436+0600][85.985s][info][gc,cpu         ] GC(433) User=0.00s Sys=0.00s Real=0.00s
[2026-04-03T02:49:28.436+0600][85.985s][info][gc,marking     ] GC(433) Concurrent Clear Claimed Marks
[2026-04-03T02:49:28.436+0600][85.986s][info][gc,marking     ] GC(433) Concurrent Clear Claimed Marks 0.557ms
[2026-04-03T02:49:28.436+0600][85.986s][info][gc,marking     ] GC(433) Concurrent Cleanup for Next Mark
[2026-04-03T02:49:28.438+0600][85.988s][info][gc,marking     ] GC(433) Concurrent Cleanup for Next Mark 1.455ms
[2026-04-03T02:49:28.438+0600][85.988s][info][gc             ] GC(433) Concurrent Mark Cycle 127.744ms
[2026-04-03T02:49:28.477+0600][86.027s][info][gc,start       ] GC(434) Pause Young (Prepare Mixed) (G1 Evacuation Pause)
[2026-04-03T02:49:28.478+0600][86.027s][info][gc,task        ] GC(434) Using 10 workers of 10 for evacuation
[2026-04-03T02:49:28.480+0600][86.030s][info][gc,phases      ] GC(434)   Pre Evacuate Collection Set: 0.31ms
[2026-04-03T02:49:28.480+0600][86.030s][info][gc,phases      ] GC(434)   Merge Heap Roots: 0.19ms
[2026-04-03T02:49:28.480+0600][86.030s][info][gc,phases      ] GC(434)   Evacuate Collection Set: 1.56ms
[2026-04-03T02:49:28.480+0600][86.030s][info][gc,phases      ] GC(434)   Post Evacuate Collection Set: 0.64ms
[2026-04-03T02:49:28.480+0600][86.030s][info][gc,phases      ] GC(434)   Other: 0.07ms
[2026-04-03T02:49:28.480+0600][86.030s][info][gc,heap        ] GC(434) Eden regions: 66->0(366)
[2026-04-03T02:49:28.480+0600][86.030s][info][gc,heap        ] GC(434) Survivor regions: 10->4(38)
[2026-04-03T02:49:28.480+0600][86.030s][info][gc,heap        ] GC(434) Old regions: 87->87
[2026-04-03T02:49:28.480+0600][86.030s][info][gc,heap        ] GC(434) Humongous regions: 451->8
[2026-04-03T02:49:28.480+0600][86.030s][info][gc,metaspace   ] GC(434) Metaspace: 132118K(133568K)->132118K(133568K) NonClass: 115490K(116224K)->115490K(116224K) Class: 16628K(17344K)->16628K(17344K)
[2026-04-03T02:49:28.480+0600][86.030s][info][gc             ] GC(434) Pause Young (Prepare Mixed) (G1 Evacuation Pause) 612M->97M(618M) 2.970ms
[2026-04-03T02:49:28.481+0600][86.030s][info][gc,cpu         ] GC(434) User=0.02s Sys=0.00s Real=0.01s
[2026-04-03T02:49:29.005+0600][86.555s][info][gc,start       ] GC(435) Pause Young (Mixed) (G1 Evacuation Pause)
[2026-04-03T02:49:29.005+0600][86.555s][info][gc,task        ] GC(435) Using 10 workers of 10 for evacuation
[2026-04-03T02:49:29.010+0600][86.560s][info][gc,phases      ] GC(435)   Pre Evacuate Collection Set: 0.46ms
[2026-04-03T02:49:29.010+0600][86.560s][info][gc,phases      ] GC(435)   Merge Heap Roots: 0.23ms
[2026-04-03T02:49:29.010+0600][86.560s][info][gc,phases      ] GC(435)   Evacuate Collection Set: 3.44ms
[2026-04-03T02:49:29.010+0600][86.560s][info][gc,phases      ] GC(435)   Post Evacuate Collection Set: 0.84ms
[2026-04-03T02:49:29.010+0600][86.560s][info][gc,phases      ] GC(435)   Other: 0.12ms
[2026-04-03T02:49:29.010+0600][86.560s][info][gc,heap        ] GC(435) Eden regions: 344->0(376)
[2026-04-03T02:49:29.010+0600][86.560s][info][gc,heap        ] GC(435) Survivor regions: 4->5(47)
[2026-04-03T02:49:29.010+0600][86.560s][info][gc,heap        ] GC(435) Old regions: 87->87
[2026-04-03T02:49:29.010+0600][86.560s][info][gc,heap        ] GC(435) Humongous regions: 195->14
[2026-04-03T02:49:29.010+0600][86.560s][info][gc,metaspace   ] GC(435) Metaspace: 132118K(133568K)->132118K(133568K) NonClass: 115490K(116224K)->115490K(116224K) Class: 16628K(17344K)->16628K(17344K)
[2026-04-03T02:49:29.010+0600][86.560s][info][gc             ] GC(435) Pause Young (Mixed) (G1 Evacuation Pause) 628M->105M(636M) 5.374ms
[2026-04-03T02:49:29.011+0600][86.560s][info][gc,cpu         ] GC(435) User=0.02s Sys=0.01s Real=0.01s
[2026-04-03T02:49:29.015+0600][86.565s][info][gc,start       ] GC(436) Pause Young (Concurrent Start) (G1 Humongous Allocation)
[2026-04-03T02:49:29.016+0600][86.565s][info][gc,task        ] GC(436) Using 10 workers of 10 for evacuation
[2026-04-03T02:49:29.019+0600][86.568s][info][gc,phases      ] GC(436)   Pre Evacuate Collection Set: 0.51ms
[2026-04-03T02:49:29.019+0600][86.568s][info][gc,phases      ] GC(436)   Merge Heap Roots: 0.13ms
[2026-04-03T02:49:29.019+0600][86.568s][info][gc,phases      ] GC(436)   Evacuate Collection Set: 1.77ms
[2026-04-03T02:49:29.019+0600][86.568s][info][gc,phases      ] GC(436)   Post Evacuate Collection Set: 0.49ms
[2026-04-03T02:49:29.019+0600][86.568s][info][gc,phases      ] GC(436)   Other: 0.17ms
[2026-04-03T02:49:29.019+0600][86.568s][info][gc,heap        ] GC(436) Eden regions: 5->0(376)
[2026-04-03T02:49:29.019+0600][86.568s][info][gc,heap        ] GC(436) Survivor regions: 5->5(48)
[2026-04-03T02:49:29.019+0600][86.568s][info][gc,heap        ] GC(436) Old regions: 87->87
[2026-04-03T02:49:29.019+0600][86.568s][info][gc,heap        ] GC(436) Humongous regions: 14->8
[2026-04-03T02:49:29.019+0600][86.568s][info][gc,metaspace   ] GC(436) Metaspace: 132118K(133568K)->132118K(133568K) NonClass: 115490K(116224K)->115490K(116224K) Class: 16628K(17344K)->16628K(17344K)
[2026-04-03T02:49:29.019+0600][86.568s][info][gc             ] GC(436) Pause Young (Concurrent Start) (G1 Humongous Allocation) 109M->98M(636M) 3.355ms
[2026-04-03T02:49:29.019+0600][86.569s][info][gc             ] GC(437) Concurrent Mark Cycle
[2026-04-03T02:49:29.019+0600][86.569s][info][gc,cpu         ] GC(436) User=0.02s Sys=0.00s Real=0.00s
[2026-04-03T02:49:29.019+0600][86.569s][info][gc,marking     ] GC(437) Concurrent Scan Root Regions
[2026-04-03T02:49:29.021+0600][86.571s][info][gc,marking     ] GC(437) Concurrent Scan Root Regions 2.292ms
[2026-04-03T02:49:29.021+0600][86.571s][info][gc,marking     ] GC(437) Concurrent Mark
[2026-04-03T02:49:29.021+0600][86.571s][info][gc,marking     ] GC(437) Concurrent Mark From Roots
[2026-04-03T02:49:29.021+0600][86.571s][info][gc,task        ] GC(437) Using 3 workers of 3 for marking
[2026-04-03T02:49:29.107+0600][86.656s][info][gc,marking     ] GC(437) Concurrent Mark From Roots 85.356ms
[2026-04-03T02:49:29.107+0600][86.657s][info][gc,marking     ] GC(437) Concurrent Preclean
[2026-04-03T02:49:29.108+0600][86.657s][info][gc,marking     ] GC(437) Concurrent Preclean 0.738ms
[2026-04-03T02:49:29.108+0600][86.658s][info][gc,start       ] GC(437) Pause Remark
[2026-04-03T02:49:29.118+0600][86.668s][info][gc             ] GC(437) Pause Remark 205M->205M(490M) 9.877ms
[2026-04-03T02:49:29.118+0600][86.668s][info][gc,cpu         ] GC(437) User=0.07s Sys=0.01s Real=0.01s
[2026-04-03T02:49:29.118+0600][86.668s][info][gc,marking     ] GC(437) Concurrent Mark 96.990ms
[2026-04-03T02:49:29.118+0600][86.668s][info][gc,marking     ] GC(437) Concurrent Rebuild Remembered Sets and Scrub Regions
[2026-04-03T02:49:29.153+0600][86.702s][info][gc,marking     ] GC(437) Concurrent Rebuild Remembered Sets and Scrub Regions 34.121ms
[2026-04-03T02:49:29.153+0600][86.703s][info][gc,start       ] GC(437) Pause Cleanup
[2026-04-03T02:49:29.153+0600][86.703s][info][gc             ] GC(437) Pause Cleanup 244M->244M(490M) 0.311ms
[2026-04-03T02:49:29.153+0600][86.703s][info][gc,cpu         ] GC(437) User=0.00s Sys=0.00s Real=0.00s
[2026-04-03T02:49:29.153+0600][86.703s][info][gc,marking     ] GC(437) Concurrent Clear Claimed Marks
[2026-04-03T02:49:29.154+0600][86.704s][info][gc,marking     ] GC(437) Concurrent Clear Claimed Marks 0.424ms
[2026-04-03T02:49:29.154+0600][86.704s][info][gc,marking     ] GC(437) Concurrent Cleanup for Next Mark
[2026-04-03T02:49:29.155+0600][86.705s][info][gc,marking     ] GC(437) Concurrent Cleanup for Next Mark 1.110ms
[2026-04-03T02:49:29.155+0600][86.705s][info][gc             ] GC(437) Concurrent Mark Cycle 136.307ms
[2026-04-03T02:49:29.317+0600][86.867s][info][gc,start       ] GC(438) Pause Young (Prepare Mixed) (G1 Evacuation Pause)
[2026-04-03T02:49:29.318+0600][86.867s][info][gc,task        ] GC(438) Using 10 workers of 10 for evacuation
[2026-04-03T02:49:29.323+0600][86.873s][info][gc,phases      ] GC(438)   Pre Evacuate Collection Set: 0.42ms
[2026-04-03T02:49:29.323+0600][86.873s][info][gc,phases      ] GC(438)   Merge Heap Roots: 0.25ms
[2026-04-03T02:49:29.323+0600][86.873s][info][gc,phases      ] GC(438)   Evacuate Collection Set: 3.91ms
[2026-04-03T02:49:29.323+0600][86.873s][info][gc,phases      ] GC(438)   Post Evacuate Collection Set: 0.89ms
[2026-04-03T02:49:29.323+0600][86.873s][info][gc,phases      ] GC(438)   Other: 0.12ms
[2026-04-03T02:49:29.323+0600][86.873s][info][gc,heap        ] GC(438) Eden regions: 217->0(291)
[2026-04-03T02:49:29.323+0600][86.873s][info][gc,heap        ] GC(438) Survivor regions: 5->7(37)
[2026-04-03T02:49:29.323+0600][86.873s][info][gc,heap        ] GC(438) Old regions: 87->87
[2026-04-03T02:49:29.323+0600][86.873s][info][gc,heap        ] GC(438) Humongous regions: 181->8
[2026-04-03T02:49:29.323+0600][86.873s][info][gc,metaspace   ] GC(438) Metaspace: 132118K(133568K)->132118K(133568K) NonClass: 115490K(116224K)->115490K(116224K) Class: 16628K(17344K)->16628K(17344K)
[2026-04-03T02:49:29.323+0600][86.873s][info][gc             ] GC(438) Pause Young (Prepare Mixed) (G1 Evacuation Pause) 488M->101M(497M) 5.945ms
[2026-04-03T02:49:29.323+0600][86.873s][info][gc,cpu         ] GC(438) User=0.03s Sys=0.01s Real=0.01s
[2026-04-03T02:49:29.574+0600][87.123s][info][gc,start       ] GC(439) Pause Young (Mixed) (GCLocker Initiated GC)
[2026-04-03T02:49:29.574+0600][87.123s][info][gc,task        ] GC(439) Using 10 workers of 10 for evacuation
[2026-04-03T02:49:29.580+0600][87.129s][info][gc,phases      ] GC(439)   Pre Evacuate Collection Set: 0.44ms
[2026-04-03T02:49:29.580+0600][87.129s][info][gc,phases      ] GC(439)   Merge Heap Roots: 0.20ms
[2026-04-03T02:49:29.580+0600][87.129s][info][gc,phases      ] GC(439)   Evacuate Collection Set: 4.21ms
[2026-04-03T02:49:29.580+0600][87.129s][info][gc,phases      ] GC(439)   Post Evacuate Collection Set: 0.82ms
[2026-04-03T02:49:29.580+0600][87.129s][info][gc,phases      ] GC(439)   Other: 0.12ms
[2026-04-03T02:49:29.580+0600][87.129s][info][gc,heap        ] GC(439) Eden regions: 227->0(296)
[2026-04-03T02:49:29.580+0600][87.129s][info][gc,heap        ] GC(439) Survivor regions: 7->7(38)
[2026-04-03T02:49:29.580+0600][87.129s][info][gc,heap        ] GC(439) Old regions: 87->87
[2026-04-03T02:49:29.580+0600][87.129s][info][gc,heap        ] GC(439) Humongous regions: 176->8
[2026-04-03T02:49:29.580+0600][87.129s][info][gc,metaspace   ] GC(439) Metaspace: 132118K(133568K)->132118K(133568K) NonClass: 115490K(116224K)->115490K(116224K) Class: 16628K(17344K)->16628K(17344K)
[2026-04-03T02:49:29.580+0600][87.129s][info][gc             ] GC(439) Pause Young (Mixed) (GCLocker Initiated GC) 496M->100M(505M) 6.133ms
[2026-04-03T02:49:29.580+0600][87.130s][info][gc,cpu         ] GC(439) User=0.04s Sys=0.01s Real=0.01s
[2026-04-03T02:49:29.608+0600][87.158s][info][gc,start       ] GC(440) Pause Young (Concurrent Start) (G1 Humongous Allocation)
[2026-04-03T02:49:29.608+0600][87.158s][info][gc,task        ] GC(440) Using 10 workers of 10 for evacuation
[2026-04-03T02:49:29.613+0600][87.162s][info][gc,phases      ] GC(440)   Pre Evacuate Collection Set: 0.74ms
[2026-04-03T02:49:29.613+0600][87.162s][info][gc,phases      ] GC(440)   Merge Heap Roots: 0.25ms
[2026-04-03T02:49:29.613+0600][87.162s][info][gc,phases      ] GC(440)   Evacuate Collection Set: 2.73ms
[2026-04-03T02:49:29.613+0600][87.162s][info][gc,phases      ] GC(440)   Post Evacuate Collection Set: 0.76ms
[2026-04-03T02:49:29.613+0600][87.162s][info][gc,phases      ] GC(440)   Other: 0.28ms
[2026-04-03T02:49:29.613+0600][87.163s][info][gc,heap        ] GC(440) Eden regions: 34->0(296)
[2026-04-03T02:49:29.613+0600][87.163s][info][gc,heap        ] GC(440) Survivor regions: 7->7(38)
[2026-04-03T02:49:29.613+0600][87.163s][info][gc,heap        ] GC(440) Old regions: 87->87
[2026-04-03T02:49:29.613+0600][87.163s][info][gc,heap        ] GC(440) Humongous regions: 8->8
[2026-04-03T02:49:29.613+0600][87.163s][info][gc,metaspace   ] GC(440) Metaspace: 132118K(133568K)->132118K(133568K) NonClass: 115490K(116224K)->115490K(116224K) Class: 16628K(17344K)->16628K(17344K)
[2026-04-03T02:49:29.613+0600][87.163s][info][gc             ] GC(440) Pause Young (Concurrent Start) (G1 Humongous Allocation) 133M->100M(505M) 5.071ms
[2026-04-03T02:49:29.613+0600][87.163s][info][gc,cpu         ] GC(440) User=0.02s Sys=0.01s Real=0.01s
[2026-04-03T02:49:29.613+0600][87.163s][info][gc             ] GC(441) Concurrent Mark Cycle
[2026-04-03T02:49:29.613+0600][87.163s][info][gc,marking     ] GC(441) Concurrent Scan Root Regions
[2026-04-03T02:49:29.615+0600][87.165s][info][gc,marking     ] GC(441) Concurrent Scan Root Regions 2.302ms
[2026-04-03T02:49:29.616+0600][87.165s][info][gc,marking     ] GC(441) Concurrent Mark
[2026-04-03T02:49:29.616+0600][87.165s][info][gc,marking     ] GC(441) Concurrent Mark From Roots
[2026-04-03T02:49:29.616+0600][87.165s][info][gc,task        ] GC(441) Using 3 workers of 3 for marking
[2026-04-03T02:49:29.675+0600][87.225s][info][gc,marking     ] GC(441) Concurrent Mark From Roots 59.431ms
[2026-04-03T02:49:29.675+0600][87.225s][info][gc,marking     ] GC(441) Concurrent Preclean
[2026-04-03T02:49:29.676+0600][87.225s][info][gc,marking     ] GC(441) Concurrent Preclean 0.438ms
[2026-04-03T02:49:29.699+0600][87.248s][info][gc,start       ] GC(441) Pause Remark
[2026-04-03T02:49:29.705+0600][87.255s][info][gc             ] GC(441) Pause Remark 173M->173M(470M) 6.687ms
[2026-04-03T02:49:29.706+0600][87.255s][info][gc,cpu         ] GC(441) User=0.05s Sys=0.00s Real=0.01s
[2026-04-03T02:49:29.706+0600][87.255s][info][gc,marking     ] GC(441) Concurrent Mark 90.182ms
[2026-04-03T02:49:29.706+0600][87.256s][info][gc,marking     ] GC(441) Concurrent Rebuild Remembered Sets and Scrub Regions
[2026-04-03T02:49:29.730+0600][87.280s][info][gc,marking     ] GC(441) Concurrent Rebuild Remembered Sets and Scrub Regions 24.060ms
[2026-04-03T02:49:29.730+0600][87.280s][info][gc,start       ] GC(441) Pause Cleanup
[2026-04-03T02:49:29.731+0600][87.280s][info][gc             ] GC(441) Pause Cleanup 183M->183M(470M) 0.328ms
[2026-04-03T02:49:29.731+0600][87.280s][info][gc,cpu         ] GC(441) User=0.00s Sys=0.00s Real=0.00s
[2026-04-03T02:49:29.731+0600][87.280s][info][gc,marking     ] GC(441) Concurrent Clear Claimed Marks
[2026-04-03T02:49:29.731+0600][87.281s][info][gc,marking     ] GC(441) Concurrent Clear Claimed Marks 0.371ms
[2026-04-03T02:49:29.731+0600][87.281s][info][gc,marking     ] GC(441) Concurrent Cleanup for Next Mark
[2026-04-03T02:49:29.732+0600][87.282s][info][gc,marking     ] GC(441) Concurrent Cleanup for Next Mark 0.651ms
[2026-04-03T02:49:29.732+0600][87.282s][info][gc             ] GC(441) Concurrent Mark Cycle 118.855ms
[2026-04-03T02:49:29.940+0600][87.490s][info][gc,start       ] GC(442) Pause Young (Prepare Mixed) (G1 Evacuation Pause)
[2026-04-03T02:49:29.941+0600][87.490s][info][gc,task        ] GC(442) Using 10 workers of 10 for evacuation
[2026-04-03T02:49:29.947+0600][87.497s][info][gc,phases      ] GC(442)   Pre Evacuate Collection Set: 0.35ms
[2026-04-03T02:49:29.947+0600][87.497s][info][gc,phases      ] GC(442)   Merge Heap Roots: 0.34ms
[2026-04-03T02:49:29.947+0600][87.497s][info][gc,phases      ] GC(442)   Evacuate Collection Set: 5.16ms
[2026-04-03T02:49:29.947+0600][87.497s][info][gc,phases      ] GC(442)   Post Evacuate Collection Set: 0.75ms
[2026-04-03T02:49:29.947+0600][87.497s][info][gc,phases      ] GC(442)   Other: 0.14ms
[2026-04-03T02:49:29.947+0600][87.497s][info][gc,heap        ] GC(442) Eden regions: 264->0(279)
[2026-04-03T02:49:29.947+0600][87.497s][info][gc,heap        ] GC(442) Survivor regions: 7->9(36)
[2026-04-03T02:49:29.947+0600][87.497s][info][gc,heap        ] GC(442) Old regions: 87->88
[2026-04-03T02:49:29.947+0600][87.497s][info][gc,heap        ] GC(442) Humongous regions: 112->8
[2026-04-03T02:49:29.947+0600][87.497s][info][gc,metaspace   ] GC(442) Metaspace: 132120K(133568K)->132120K(133568K) NonClass: 115491K(116224K)->115491K(116224K) Class: 16628K(17344K)->16628K(17344K)
[2026-04-03T02:49:29.948+0600][87.497s][info][gc             ] GC(442) Pause Young (Prepare Mixed) (G1 Evacuation Pause) 468M->103M(480M) 7.083ms
[2026-04-03T02:49:29.948+0600][87.497s][info][gc,cpu         ] GC(442) User=0.04s Sys=0.02s Real=0.00s
[2026-04-03T02:49:30.217+0600][87.767s][info][gc,start       ] GC(443) Pause Young (Mixed) (G1 Evacuation Pause)
[2026-04-03T02:49:30.217+0600][87.767s][info][gc,task        ] GC(443) Using 10 workers of 10 for evacuation
[2026-04-03T02:49:30.223+0600][87.773s][info][gc,phases      ] GC(443)   Pre Evacuate Collection Set: 0.47ms
[2026-04-03T02:49:30.224+0600][87.773s][info][gc,phases      ] GC(443)   Merge Heap Roots: 0.32ms
[2026-04-03T02:49:30.224+0600][87.773s][info][gc,phases      ] GC(443)   Evacuate Collection Set: 4.07ms
[2026-04-03T02:49:30.224+0600][87.773s][info][gc,phases      ] GC(443)   Post Evacuate Collection Set: 1.03ms
[2026-04-03T02:49:30.224+0600][87.773s][info][gc,phases      ] GC(443)   Other: 0.13ms
[2026-04-03T02:49:30.224+0600][87.773s][info][gc,heap        ] GC(443) Eden regions: 279->0(280)
[2026-04-03T02:49:30.224+0600][87.773s][info][gc,heap        ] GC(443) Survivor regions: 9->9(36)
[2026-04-03T02:49:30.224+0600][87.773s][info][gc,heap        ] GC(443) Old regions: 88->87
[2026-04-03T02:49:30.224+0600][87.773s][info][gc,heap        ] GC(443) Humongous regions: 98->8
[2026-04-03T02:49:30.224+0600][87.773s][info][gc,metaspace   ] GC(443) Metaspace: 132120K(133568K)->132120K(133568K) NonClass: 115491K(116224K)->115491K(116224K) Class: 16628K(17344K)->16628K(17344K)
[2026-04-03T02:49:30.224+0600][87.773s][info][gc             ] GC(443) Pause Young (Mixed) (G1 Evacuation Pause) 472M->102M(483M) 6.340ms
[2026-04-03T02:49:30.224+0600][87.774s][info][gc,cpu         ] GC(443) User=0.04s Sys=0.01s Real=0.01s
[2026-04-03T02:49:30.232+0600][87.782s][info][gc,start       ] GC(444) Pause Young (Concurrent Start) (G1 Humongous Allocation)
[2026-04-03T02:49:30.232+0600][87.782s][info][gc,task        ] GC(444) Using 10 workers of 10 for evacuation
[2026-04-03T02:49:30.237+0600][87.787s][info][gc,phases      ] GC(444)   Pre Evacuate Collection Set: 0.47ms
[2026-04-03T02:49:30.237+0600][87.787s][info][gc,phases      ] GC(444)   Merge Heap Roots: 0.32ms
[2026-04-03T02:49:30.237+0600][87.787s][info][gc,phases      ] GC(444)   Evacuate Collection Set: 3.30ms
[2026-04-03T02:49:30.237+0600][87.787s][info][gc,phases      ] GC(444)   Post Evacuate Collection Set: 0.74ms
[2026-04-03T02:49:30.237+0600][87.787s][info][gc,phases      ] GC(444)   Other: 0.18ms
[2026-04-03T02:49:30.237+0600][87.787s][info][gc,heap        ] GC(444) Eden regions: 15->0(280)
[2026-04-03T02:49:30.237+0600][87.787s][info][gc,heap        ] GC(444) Survivor regions: 9->9(37)
[2026-04-03T02:49:30.237+0600][87.787s][info][gc,heap        ] GC(444) Old regions: 87->87
[2026-04-03T02:49:30.237+0600][87.787s][info][gc,heap        ] GC(444) Humongous regions: 8->8
[2026-04-03T02:49:30.237+0600][87.787s][info][gc,metaspace   ] GC(444) Metaspace: 132120K(133568K)->132120K(133568K) NonClass: 115491K(116224K)->115491K(116224K) Class: 16628K(17344K)->16628K(17344K)
[2026-04-03T02:49:30.237+0600][87.787s][info][gc             ] GC(444) Pause Young (Concurrent Start) (G1 Humongous Allocation) 117M->102M(483M) 5.320ms
[2026-04-03T02:49:30.237+0600][87.787s][info][gc             ] GC(445) Concurrent Mark Cycle
[2026-04-03T02:49:30.237+0600][87.787s][info][gc,cpu         ] GC(444) User=0.04s Sys=0.00s Real=0.00s
[2026-04-03T02:49:30.237+0600][87.787s][info][gc,marking     ] GC(445) Concurrent Scan Root Regions
[2026-04-03T02:49:30.241+0600][87.791s][info][gc,marking     ] GC(445) Concurrent Scan Root Regions 4.015ms
[2026-04-03T02:49:30.242+0600][87.791s][info][gc,marking     ] GC(445) Concurrent Mark
[2026-04-03T02:49:30.242+0600][87.791s][info][gc,marking     ] GC(445) Concurrent Mark From Roots
[2026-04-03T02:49:30.242+0600][87.791s][info][gc,task        ] GC(445) Using 3 workers of 3 for marking
[2026-04-03T02:49:30.315+0600][87.865s][info][gc,marking     ] GC(445) Concurrent Mark From Roots 73.898ms
[2026-04-03T02:49:30.316+0600][87.865s][info][gc,marking     ] GC(445) Concurrent Preclean
[2026-04-03T02:49:30.316+0600][87.866s][info][gc,marking     ] GC(445) Concurrent Preclean 0.468ms
[2026-04-03T02:49:30.316+0600][87.866s][info][gc,start       ] GC(445) Pause Remark
[2026-04-03T02:49:30.324+0600][87.874s][info][gc             ] GC(445) Pause Remark 189M->189M(483M) 7.844ms
[2026-04-03T02:49:30.324+0600][87.874s][info][gc,cpu         ] GC(445) User=0.06s Sys=0.00s Real=0.01s
[2026-04-03T02:49:30.325+0600][87.874s][info][gc,marking     ] GC(445) Concurrent Mark 83.066ms
[2026-04-03T02:49:30.325+0600][87.874s][info][gc,marking     ] GC(445) Concurrent Rebuild Remembered Sets and Scrub Regions
[2026-04-03T02:49:30.353+0600][87.903s][info][gc,marking     ] GC(445) Concurrent Rebuild Remembered Sets and Scrub Regions 28.566ms
[2026-04-03T02:49:30.354+0600][87.903s][info][gc,start       ] GC(445) Pause Cleanup
[2026-04-03T02:49:30.354+0600][87.904s][info][gc             ] GC(445) Pause Cleanup 218M->218M(483M) 0.390ms
[2026-04-03T02:49:30.354+0600][87.904s][info][gc,cpu         ] GC(445) User=0.00s Sys=0.01s Real=0.00s
[2026-04-03T02:49:30.354+0600][87.904s][info][gc,marking     ] GC(445) Concurrent Clear Claimed Marks
[2026-04-03T02:49:30.355+0600][87.904s][info][gc,marking     ] GC(445) Concurrent Clear Claimed Marks 0.369ms
[2026-04-03T02:49:30.355+0600][87.904s][info][gc,marking     ] GC(445) Concurrent Cleanup for Next Mark
[2026-04-03T02:49:30.355+0600][87.905s][info][gc,marking     ] GC(445) Concurrent Cleanup for Next Mark 0.735ms
[2026-04-03T02:49:30.356+0600][87.905s][info][gc             ] GC(445) Concurrent Mark Cycle 118.210ms
[2026-04-03T02:49:31.157+0600][88.707s][info][gc,heap,exit   ] Heap
[2026-04-03T02:49:31.157+0600][88.707s][info][gc,heap,exit   ]  garbage-first heap   total 494592K, used 419644K [0x0000000083000000, 0x0000000100000000)
[2026-04-03T02:49:31.157+0600][88.707s][info][gc,heap,exit   ]   region size 1024K, 185 young (189440K), 9 survivors (9216K)
[2026-04-03T02:49:31.157+0600][88.707s][info][gc,heap,exit   ]  Metaspace       used 132610K, committed 134080K, reserved 1179648K
[2026-04-03T02:49:31.157+0600][88.707s][info][gc,heap,exit   ]   class space    used 16721K, committed 17408K, reserved 1048576K
