[2026-04-03T02:35:27.076+0600][0.004s][info][gc,init] CardTable entry size: 512
[2026-04-03T02:35:27.077+0600][0.005s][info][gc     ] Using G1
[2026-04-03T02:35:27.080+0600][0.008s][info][gc,init] Version: 21.0.10+7-Ubuntu-124.04 (release)
[2026-04-03T02:35:27.080+0600][0.008s][info][gc,init] CPUs: 12 total, 12 available
[2026-04-03T02:35:27.080+0600][0.008s][info][gc,init] Memory: 15683M
[2026-04-03T02:35:27.080+0600][0.008s][info][gc,init] Large Page Support: Disabled
[2026-04-03T02:35:27.080+0600][0.008s][info][gc,init] NUMA Support: Disabled
[2026-04-03T02:35:27.080+0600][0.008s][info][gc,init] Compressed Oops: Enabled (32-bit)
[2026-04-03T02:35:27.080+0600][0.008s][info][gc,init] Heap Region Size: 1M
[2026-04-03T02:35:27.080+0600][0.008s][info][gc,init] Heap Min Capacity: 8M
[2026-04-03T02:35:27.080+0600][0.008s][info][gc,init] Heap Initial Capacity: 246M
[2026-04-03T02:35:27.080+0600][0.008s][info][gc,init] Heap Max Capacity: 1500M
[2026-04-03T02:35:27.080+0600][0.008s][info][gc,init] Pre-touch: Disabled
[2026-04-03T02:35:27.080+0600][0.008s][info][gc,init] Parallel Workers: 10
[2026-04-03T02:35:27.080+0600][0.008s][info][gc,init] Concurrent Workers: 3
[2026-04-03T02:35:27.080+0600][0.008s][info][gc,init] Concurrent Refinement Workers: 10
[2026-04-03T02:35:27.080+0600][0.008s][info][gc,init] Periodic GC: Disabled
[2026-04-03T02:35:27.091+0600][0.019s][info][gc,metaspace] CDS archive(s) mapped at: [0x00007c9b43000000-0x00007c9b43c9c000-0x00007c9b43c9c000), size 13221888, SharedBaseAddress: 0x00007c9b43000000, ArchiveRelocationMode: 1.
[2026-04-03T02:35:27.104+0600][0.032s][info][gc,metaspace] Compressed class space mapped at: 0x00007c9b44000000-0x00007c9b84000000, reserved size: 1073741824
[2026-04-03T02:35:27.104+0600][0.032s][info][gc,metaspace] Narrow klass base: 0x00007c9b43000000, Narrow klass shift: 0, Narrow klass range: 0x100000000
[2026-04-03T02:35:27.459+0600][0.387s][info][gc,start    ] GC(0) Pause Young (Normal) (G1 Evacuation Pause)
[2026-04-03T02:35:27.460+0600][0.388s][info][gc,task     ] GC(0) Using 5 workers of 10 for evacuation
[2026-04-03T02:35:27.463+0600][0.391s][info][gc,phases   ] GC(0)   Pre Evacuate Collection Set: 0.14ms
[2026-04-03T02:35:27.463+0600][0.391s][info][gc,phases   ] GC(0)   Merge Heap Roots: 0.10ms
[2026-04-03T02:35:27.463+0600][0.391s][info][gc,phases   ] GC(0)   Evacuate Collection Set: 1.93ms
[2026-04-03T02:35:27.463+0600][0.391s][info][gc,phases   ] GC(0)   Post Evacuate Collection Set: 0.30ms
[2026-04-03T02:35:27.463+0600][0.391s][info][gc,phases   ] GC(0)   Other: 0.78ms
[2026-04-03T02:35:27.463+0600][0.391s][info][gc,heap     ] GC(0) Eden regions: 23->0(45)
[2026-04-03T02:35:27.463+0600][0.391s][info][gc,heap     ] GC(0) Survivor regions: 0->3(3)
[2026-04-03T02:35:27.463+0600][0.391s][info][gc,heap     ] GC(0) Old regions: 2->2
[2026-04-03T02:35:27.463+0600][0.391s][info][gc,heap     ] GC(0) Humongous regions: 0->0
[2026-04-03T02:35:27.463+0600][0.391s][info][gc,metaspace] GC(0) Metaspace: 2597K(2752K)->2597K(2752K) NonClass: 2364K(2432K)->2364K(2432K) Class: 233K(320K)->233K(320K)
[2026-04-03T02:35:27.463+0600][0.391s][info][gc          ] GC(0) Pause Young (Normal) (G1 Evacuation Pause) 24M->3M(248M) 3.533ms
[2026-04-03T02:35:27.463+0600][0.391s][info][gc,cpu      ] GC(0) User=0.02s Sys=0.00s Real=0.01s
[2026-04-03T02:35:27.600+0600][0.528s][info][gc,start    ] GC(1) Pause Young (Normal) (G1 Evacuation Pause)
[2026-04-03T02:35:27.600+0600][0.528s][info][gc,task     ] GC(1) Using 5 workers of 10 for evacuation
[2026-04-03T02:35:27.602+0600][0.530s][info][gc,phases   ] GC(1)   Pre Evacuate Collection Set: 0.12ms
[2026-04-03T02:35:27.602+0600][0.530s][info][gc,phases   ] GC(1)   Merge Heap Roots: 0.05ms
[2026-04-03T02:35:27.602+0600][0.530s][info][gc,phases   ] GC(1)   Evacuate Collection Set: 1.39ms
[2026-04-03T02:35:27.602+0600][0.530s][info][gc,phases   ] GC(1)   Post Evacuate Collection Set: 0.36ms
[2026-04-03T02:35:27.602+0600][0.530s][info][gc,phases   ] GC(1)   Other: 0.08ms
[2026-04-03T02:35:27.602+0600][0.530s][info][gc,heap     ] GC(1) Eden regions: 45->0(144)
[2026-04-03T02:35:27.602+0600][0.530s][info][gc,heap     ] GC(1) Survivor regions: 3->3(6)
[2026-04-03T02:35:27.602+0600][0.530s][info][gc,heap     ] GC(1) Old regions: 2->2
[2026-04-03T02:35:27.602+0600][0.530s][info][gc,heap     ] GC(1) Humongous regions: 0->0
[2026-04-03T02:35:27.602+0600][0.530s][info][gc,metaspace] GC(1) Metaspace: 3930K(4096K)->3930K(4096K) NonClass: 3483K(3584K)->3483K(3584K) Class: 446K(512K)->446K(512K)
[2026-04-03T02:35:27.602+0600][0.530s][info][gc          ] GC(1) Pause Young (Normal) (G1 Evacuation Pause) 48M->3M(248M) 2.197ms
[2026-04-03T02:35:27.602+0600][0.530s][info][gc,cpu      ] GC(1) User=0.01s Sys=0.00s Real=0.00s
[2026-04-03T02:35:28.131+0600][1.059s][info][gc,start    ] GC(2) Pause Young (Normal) (G1 Evacuation Pause)
[2026-04-03T02:35:28.131+0600][1.059s][info][gc,task     ] GC(2) Using 5 workers of 10 for evacuation
[2026-04-03T02:35:28.135+0600][1.063s][info][gc,phases   ] GC(2)   Pre Evacuate Collection Set: 0.17ms
[2026-04-03T02:35:28.135+0600][1.063s][info][gc,phases   ] GC(2)   Merge Heap Roots: 0.14ms
[2026-04-03T02:35:28.135+0600][1.063s][info][gc,phases   ] GC(2)   Evacuate Collection Set: 2.40ms
[2026-04-03T02:35:28.135+0600][1.063s][info][gc,phases   ] GC(2)   Post Evacuate Collection Set: 0.47ms
[2026-04-03T02:35:28.135+0600][1.063s][info][gc,phases   ] GC(2)   Other: 0.10ms
[2026-04-03T02:35:28.135+0600][1.063s][info][gc,heap     ] GC(2) Eden regions: 144->0(143)
[2026-04-03T02:35:28.135+0600][1.063s][info][gc,heap     ] GC(2) Survivor regions: 3->4(19)
[2026-04-03T02:35:28.135+0600][1.063s][info][gc,heap     ] GC(2) Old regions: 2->2
[2026-04-03T02:35:28.135+0600][1.063s][info][gc,heap     ] GC(2) Humongous regions: 0->0
[2026-04-03T02:35:28.135+0600][1.063s][info][gc,metaspace] GC(2) Metaspace: 10109K(10368K)->10109K(10368K) NonClass: 8852K(9024K)->8852K(9024K) Class: 1256K(1344K)->1256K(1344K)
[2026-04-03T02:35:28.135+0600][1.063s][info][gc          ] GC(2) Pause Young (Normal) (G1 Evacuation Pause) 147M->4M(248M) 3.646ms
[2026-04-03T02:35:28.135+0600][1.063s][info][gc,cpu      ] GC(2) User=0.01s Sys=0.00s Real=0.00s
[2026-04-03T02:35:30.751+0600][3.679s][info][gc,start    ] GC(3) Pause Young (Normal) (G1 Evacuation Pause)
[2026-04-03T02:35:30.751+0600][3.679s][info][gc,task     ] GC(3) Using 5 workers of 10 for evacuation
[2026-04-03T02:35:30.758+0600][3.685s][info][gc,phases   ] GC(3)   Pre Evacuate Collection Set: 0.15ms
[2026-04-03T02:35:30.758+0600][3.686s][info][gc,phases   ] GC(3)   Merge Heap Roots: 0.07ms
[2026-04-03T02:35:30.758+0600][3.686s][info][gc,phases   ] GC(3)   Evacuate Collection Set: 4.91ms
[2026-04-03T02:35:30.758+0600][3.686s][info][gc,phases   ] GC(3)   Post Evacuate Collection Set: 1.01ms
[2026-04-03T02:35:30.758+0600][3.686s][info][gc,phases   ] GC(3)   Other: 0.07ms
[2026-04-03T02:35:30.758+0600][3.686s][info][gc,heap     ] GC(3) Eden regions: 143->0(134)
[2026-04-03T02:35:30.758+0600][3.686s][info][gc,heap     ] GC(3) Survivor regions: 4->13(19)
[2026-04-03T02:35:30.758+0600][3.686s][info][gc,heap     ] GC(3) Old regions: 2->2
[2026-04-03T02:35:30.758+0600][3.686s][info][gc,heap     ] GC(3) Humongous regions: 7->7
[2026-04-03T02:35:30.758+0600][3.686s][info][gc,metaspace] GC(3) Metaspace: 18755K(19072K)->18755K(19072K) NonClass: 16382K(16576K)->16382K(16576K) Class: 2372K(2496K)->2372K(2496K)
[2026-04-03T02:35:30.758+0600][3.686s][info][gc          ] GC(3) Pause Young (Normal) (G1 Evacuation Pause) 154M->20M(248M) 6.449ms
[2026-04-03T02:35:30.758+0600][3.686s][info][gc,cpu      ] GC(3) User=0.03s Sys=0.01s Real=0.00s
[2026-04-03T02:35:30.949+0600][3.877s][info][gc,start    ] GC(4) Pause Young (Concurrent Start) (Metadata GC Threshold)
[2026-04-03T02:35:30.949+0600][3.877s][info][gc,task     ] GC(4) Using 5 workers of 10 for evacuation
[2026-04-03T02:35:30.955+0600][3.883s][info][gc,phases   ] GC(4)   Pre Evacuate Collection Set: 0.28ms
[2026-04-03T02:35:30.955+0600][3.883s][info][gc,phases   ] GC(4)   Merge Heap Roots: 0.05ms
[2026-04-03T02:35:30.955+0600][3.883s][info][gc,phases   ] GC(4)   Evacuate Collection Set: 4.45ms
[2026-04-03T02:35:30.955+0600][3.883s][info][gc,phases   ] GC(4)   Post Evacuate Collection Set: 1.05ms
[2026-04-03T02:35:30.955+0600][3.883s][info][gc,phases   ] GC(4)   Other: 0.09ms
[2026-04-03T02:35:30.955+0600][3.883s][info][gc,heap     ] GC(4) Eden regions: 7->0(135)
[2026-04-03T02:35:30.955+0600][3.883s][info][gc,heap     ] GC(4) Survivor regions: 13->12(19)
[2026-04-03T02:35:30.955+0600][3.883s][info][gc,heap     ] GC(4) Old regions: 2->6
[2026-04-03T02:35:30.955+0600][3.883s][info][gc,heap     ] GC(4) Humongous regions: 7->7
[2026-04-03T02:35:30.955+0600][3.883s][info][gc,metaspace] GC(4) Metaspace: 21212K(21504K)->21212K(21504K) NonClass: 18580K(18688K)->18580K(18688K) Class: 2632K(2816K)->2632K(2816K)
[2026-04-03T02:35:30.955+0600][3.883s][info][gc          ] GC(4) Pause Young (Concurrent Start) (Metadata GC Threshold) 27M->22M(248M) 6.156ms
[2026-04-03T02:35:30.955+0600][3.883s][info][gc,cpu      ] GC(4) User=0.02s Sys=0.00s Real=0.01s
[2026-04-03T02:35:30.955+0600][3.883s][info][gc          ] GC(5) Concurrent Mark Cycle
[2026-04-03T02:35:30.956+0600][3.883s][info][gc,marking  ] GC(5) Concurrent Scan Root Regions
[2026-04-03T02:35:30.958+0600][3.886s][info][gc,marking  ] GC(5) Concurrent Scan Root Regions 2.595ms
[2026-04-03T02:35:30.958+0600][3.886s][info][gc,marking  ] GC(5) Concurrent Mark
[2026-04-03T02:35:30.958+0600][3.886s][info][gc,marking  ] GC(5) Concurrent Mark From Roots
[2026-04-03T02:35:30.958+0600][3.886s][info][gc,task     ] GC(5) Using 3 workers of 3 for marking
[2026-04-03T02:35:30.961+0600][3.889s][info][gc,marking  ] GC(5) Concurrent Mark From Roots 2.918ms
[2026-04-03T02:35:30.961+0600][3.889s][info][gc,marking  ] GC(5) Concurrent Preclean
[2026-04-03T02:35:30.961+0600][3.889s][info][gc,marking  ] GC(5) Concurrent Preclean 0.018ms
[2026-04-03T02:35:30.961+0600][3.889s][info][gc,start    ] GC(5) Pause Remark
[2026-04-03T02:35:30.964+0600][3.892s][info][gc          ] GC(5) Pause Remark 23M->23M(84M) 2.601ms
[2026-04-03T02:35:30.964+0600][3.892s][info][gc,cpu      ] GC(5) User=0.01s Sys=0.00s Real=0.00s
[2026-04-03T02:35:30.964+0600][3.892s][info][gc,marking  ] GC(5) Concurrent Mark 5.849ms
[2026-04-03T02:35:30.964+0600][3.892s][info][gc,marking  ] GC(5) Concurrent Rebuild Remembered Sets and Scrub Regions
[2026-04-03T02:35:30.966+0600][3.894s][info][gc,marking  ] GC(5) Concurrent Rebuild Remembered Sets and Scrub Regions 1.579ms
[2026-04-03T02:35:30.976+0600][3.903s][info][gc,start    ] GC(5) Pause Cleanup
[2026-04-03T02:35:30.976+0600][3.904s][info][gc          ] GC(5) Pause Cleanup 23M->23M(84M) 0.273ms
[2026-04-03T02:35:30.976+0600][3.904s][info][gc,cpu      ] GC(5) User=0.00s Sys=0.00s Real=0.00s
[2026-04-03T02:35:30.976+0600][3.904s][info][gc,marking  ] GC(5) Concurrent Clear Claimed Marks
[2026-04-03T02:35:30.976+0600][3.904s][info][gc,marking  ] GC(5) Concurrent Clear Claimed Marks 0.065ms
[2026-04-03T02:35:30.976+0600][3.904s][info][gc,marking  ] GC(5) Concurrent Cleanup for Next Mark
[2026-04-03T02:35:30.977+0600][3.905s][info][gc,marking  ] GC(5) Concurrent Cleanup for Next Mark 0.743ms
[2026-04-03T02:35:30.977+0600][3.905s][info][gc          ] GC(5) Concurrent Mark Cycle 21.440ms
[2026-04-03T02:35:32.335+0600][5.263s][info][gc,start    ] GC(6) Pause Young (Prepare Mixed) (G1 Evacuation Pause)
[2026-04-03T02:35:32.335+0600][5.263s][info][gc,task     ] GC(6) Using 3 workers of 10 for evacuation
[2026-04-03T02:35:32.345+0600][5.273s][info][gc,phases   ] GC(6)   Pre Evacuate Collection Set: 0.36ms
[2026-04-03T02:35:32.345+0600][5.273s][info][gc,phases   ] GC(6)   Merge Heap Roots: 0.17ms
[2026-04-03T02:35:32.345+0600][5.273s][info][gc,phases   ] GC(6)   Evacuate Collection Set: 7.97ms
[2026-04-03T02:35:32.345+0600][5.273s][info][gc,phases   ] GC(6)   Post Evacuate Collection Set: 1.18ms
[2026-04-03T02:35:32.345+0600][5.273s][info][gc,phases   ] GC(6)   Other: 0.08ms
[2026-04-03T02:35:32.345+0600][5.273s][info][gc,heap     ] GC(6) Eden regions: 55->0(57)
[2026-04-03T02:35:32.345+0600][5.273s][info][gc,heap     ] GC(6) Survivor regions: 12->3(19)
[2026-04-03T02:35:32.345+0600][5.273s][info][gc,heap     ] GC(6) Old regions: 6->16
[2026-04-03T02:35:32.345+0600][5.273s][info][gc,heap     ] GC(6) Humongous regions: 15->7
[2026-04-03T02:35:32.345+0600][5.273s][info][gc,metaspace] GC(6) Metaspace: 28870K(29248K)->28870K(29248K) NonClass: 25277K(25472K)->25277K(25472K) Class: 3592K(3776K)->3592K(3776K)
[2026-04-03T02:35:32.345+0600][5.273s][info][gc          ] GC(6) Pause Young (Prepare Mixed) (G1 Evacuation Pause) 85M->23M(101M) 10.061ms
[2026-04-03T02:35:32.345+0600][5.273s][info][gc,cpu      ] GC(6) User=0.02s Sys=0.00s Real=0.01s
[2026-04-03T02:35:33.772+0600][6.700s][info][gc,start    ] GC(7) Pause Young (Mixed) (Metadata GC Threshold)
[2026-04-03T02:35:33.772+0600][6.700s][info][gc,task     ] GC(7) Using 2 workers of 10 for evacuation
[2026-04-03T02:35:33.781+0600][6.709s][info][gc,phases   ] GC(7)   Pre Evacuate Collection Set: 0.26ms
[2026-04-03T02:35:33.781+0600][6.709s][info][gc,phases   ] GC(7)   Merge Heap Roots: 0.19ms
[2026-04-03T02:35:33.781+0600][6.709s][info][gc,phases   ] GC(7)   Evacuate Collection Set: 7.97ms
[2026-04-03T02:35:33.781+0600][6.709s][info][gc,phases   ] GC(7)   Post Evacuate Collection Set: 0.69ms
[2026-04-03T02:35:33.781+0600][6.709s][info][gc,phases   ] GC(7)   Other: 0.10ms
[2026-04-03T02:35:33.781+0600][6.709s][info][gc,heap     ] GC(7) Eden regions: 51->0(55)
[2026-04-03T02:35:33.781+0600][6.709s][info][gc,heap     ] GC(7) Survivor regions: 3->5(8)
[2026-04-03T02:35:33.781+0600][6.709s][info][gc,heap     ] GC(7) Old regions: 16->15
[2026-04-03T02:35:33.781+0600][6.709s][info][gc,heap     ] GC(7) Humongous regions: 19->7
[2026-04-03T02:35:33.781+0600][6.709s][info][gc,metaspace] GC(7) Metaspace: 35831K(36160K)->35831K(36160K) NonClass: 31375K(31552K)->31375K(31552K) Class: 4455K(4608K)->4455K(4608K)
[2026-04-03T02:35:33.781+0600][6.709s][info][gc          ] GC(7) Pause Young (Mixed) (Metadata GC Threshold) 85M->25M(101M) 9.457ms
[2026-04-03T02:35:33.781+0600][6.709s][info][gc,cpu      ] GC(7) User=0.03s Sys=0.00s Real=0.01s
[2026-04-03T02:35:33.805+0600][6.733s][info][gc,start    ] GC(8) Pause Young (Concurrent Start) (Metadata GC Threshold)
[2026-04-03T02:35:33.805+0600][6.733s][info][gc,task     ] GC(8) Using 2 workers of 10 for evacuation
[2026-04-03T02:35:33.812+0600][6.740s][info][gc,phases   ] GC(8)   Pre Evacuate Collection Set: 0.27ms
[2026-04-03T02:35:33.812+0600][6.740s][info][gc,phases   ] GC(8)   Merge Heap Roots: 0.10ms
[2026-04-03T02:35:33.812+0600][6.740s][info][gc,phases   ] GC(8)   Evacuate Collection Set: 5.91ms
[2026-04-03T02:35:33.812+0600][6.740s][info][gc,phases   ] GC(8)   Post Evacuate Collection Set: 0.37ms
[2026-04-03T02:35:33.812+0600][6.740s][info][gc,phases   ] GC(8)   Other: 0.08ms
[2026-04-03T02:35:33.812+0600][6.740s][info][gc,heap     ] GC(8) Eden regions: 5->0(56)
[2026-04-03T02:35:33.812+0600][6.740s][info][gc,heap     ] GC(8) Survivor regions: 5->4(8)
[2026-04-03T02:35:33.812+0600][6.740s][info][gc,heap     ] GC(8) Old regions: 15->16
[2026-04-03T02:35:33.812+0600][6.740s][info][gc,heap     ] GC(8) Humongous regions: 7->7
[2026-04-03T02:35:33.812+0600][6.740s][info][gc,metaspace] GC(8) Metaspace: 36128K(36480K)->36128K(36480K) NonClass: 31634K(31808K)->31634K(31808K) Class: 4494K(4672K)->4494K(4672K)
[2026-04-03T02:35:33.812+0600][6.740s][info][gc          ] GC(8) Pause Young (Concurrent Start) (Metadata GC Threshold) 29M->25M(101M) 6.903ms
[2026-04-03T02:35:33.812+0600][6.740s][info][gc,cpu      ] GC(8) User=0.01s Sys=0.00s Real=0.01s
[2026-04-03T02:35:33.812+0600][6.740s][info][gc          ] GC(9) Concurrent Mark Cycle
[2026-04-03T02:35:33.812+0600][6.740s][info][gc,marking  ] GC(9) Concurrent Scan Root Regions
[2026-04-03T02:35:33.814+0600][6.742s][info][gc,marking  ] GC(9) Concurrent Scan Root Regions 2.162ms
[2026-04-03T02:35:33.814+0600][6.742s][info][gc,marking  ] GC(9) Concurrent Mark
[2026-04-03T02:35:33.814+0600][6.742s][info][gc,marking  ] GC(9) Concurrent Mark From Roots
[2026-04-03T02:35:33.814+0600][6.742s][info][gc,task     ] GC(9) Using 3 workers of 3 for marking
[2026-04-03T02:35:33.820+0600][6.747s][info][gc,marking  ] GC(9) Concurrent Mark From Roots 5.427ms
[2026-04-03T02:35:33.820+0600][6.748s][info][gc,marking  ] GC(9) Concurrent Preclean
[2026-04-03T02:35:33.820+0600][6.748s][info][gc,marking  ] GC(9) Concurrent Preclean 0.064ms
[2026-04-03T02:35:33.820+0600][6.748s][info][gc,start    ] GC(9) Pause Remark
[2026-04-03T02:35:33.825+0600][6.753s][info][gc          ] GC(9) Pause Remark 26M->26M(90M) 5.470ms
[2026-04-03T02:35:33.825+0600][6.753s][info][gc,cpu      ] GC(9) User=0.01s Sys=0.00s Real=0.00s
[2026-04-03T02:35:33.825+0600][6.753s][info][gc,marking  ] GC(9) Concurrent Mark 11.275ms
[2026-04-03T02:35:33.825+0600][6.753s][info][gc,marking  ] GC(9) Concurrent Rebuild Remembered Sets and Scrub Regions
[2026-04-03T02:35:33.828+0600][6.756s][info][gc,marking  ] GC(9) Concurrent Rebuild Remembered Sets and Scrub Regions 2.592ms
[2026-04-03T02:35:33.829+0600][6.757s][info][gc,start    ] GC(9) Pause Cleanup
[2026-04-03T02:35:33.829+0600][6.757s][info][gc          ] GC(9) Pause Cleanup 26M->26M(90M) 0.216ms
[2026-04-03T02:35:33.829+0600][6.757s][info][gc,cpu      ] GC(9) User=0.00s Sys=0.00s Real=0.00s
[2026-04-03T02:35:33.829+0600][6.757s][info][gc,marking  ] GC(9) Concurrent Clear Claimed Marks
[2026-04-03T02:35:33.829+0600][6.757s][info][gc,marking  ] GC(9) Concurrent Clear Claimed Marks 0.061ms
[2026-04-03T02:35:33.829+0600][6.757s][info][gc,marking  ] GC(9) Concurrent Cleanup for Next Mark
[2026-04-03T02:35:33.830+0600][6.757s][info][gc,marking  ] GC(9) Concurrent Cleanup for Next Mark 0.293ms
[2026-04-03T02:35:33.830+0600][6.757s][info][gc          ] GC(9) Concurrent Mark Cycle 17.649ms
[2026-04-03T02:35:35.380+0600][8.308s][info][gc,start    ] GC(10) Pause Young (Prepare Mixed) (G1 Evacuation Pause)
[2026-04-03T02:35:35.380+0600][8.308s][info][gc,task     ] GC(10) Using 2 workers of 10 for evacuation
[2026-04-03T02:35:35.391+0600][8.319s][info][gc,phases   ] GC(10)   Pre Evacuate Collection Set: 0.28ms
[2026-04-03T02:35:35.391+0600][8.319s][info][gc,phases   ] GC(10)   Merge Heap Roots: 0.16ms
[2026-04-03T02:35:35.391+0600][8.319s][info][gc,phases   ] GC(10)   Evacuate Collection Set: 9.82ms
[2026-04-03T02:35:35.391+0600][8.319s][info][gc,phases   ] GC(10)   Post Evacuate Collection Set: 0.82ms
[2026-04-03T02:35:35.391+0600][8.319s][info][gc,phases   ] GC(10)   Other: 0.09ms
[2026-04-03T02:35:35.391+0600][8.319s][info][gc,heap     ] GC(10) Eden regions: 50->0(51)
[2026-04-03T02:35:35.391+0600][8.319s][info][gc,heap     ] GC(10) Survivor regions: 4->6(8)
[2026-04-03T02:35:35.391+0600][8.319s][info][gc,heap     ] GC(10) Old regions: 16->16
[2026-04-03T02:35:35.391+0600][8.319s][info][gc,heap     ] GC(10) Humongous regions: 20->8
[2026-04-03T02:35:35.391+0600][8.319s][info][gc,metaspace] GC(10) Metaspace: 42820K(43264K)->42820K(43264K) NonClass: 37500K(37760K)->37500K(37760K) Class: 5319K(5504K)->5319K(5504K)
[2026-04-03T02:35:35.391+0600][8.319s][info][gc          ] GC(10) Pause Young (Prepare Mixed) (G1 Evacuation Pause) 88M->28M(96M) 11.459ms
[2026-04-03T02:35:35.391+0600][8.319s][info][gc,cpu      ] GC(10) User=0.03s Sys=0.00s Real=0.01s
[2026-04-03T02:35:37.052+0600][9.980s][info][gc,start    ] GC(11) Pause Young (Mixed) (G1 Evacuation Pause)
[2026-04-03T02:35:37.052+0600][9.980s][info][gc,task     ] GC(11) Using 4 workers of 10 for evacuation
[2026-04-03T02:35:37.061+0600][9.989s][info][gc,phases   ] GC(11)   Pre Evacuate Collection Set: 0.19ms
[2026-04-03T02:35:37.061+0600][9.989s][info][gc,phases   ] GC(11)   Merge Heap Roots: 0.08ms
[2026-04-03T02:35:37.061+0600][9.989s][info][gc,phases   ] GC(11)   Evacuate Collection Set: 7.41ms
[2026-04-03T02:35:37.061+0600][9.989s][info][gc,phases   ] GC(11)   Post Evacuate Collection Set: 0.92ms
[2026-04-03T02:35:37.061+0600][9.989s][info][gc,phases   ] GC(11)   Other: 0.08ms
[2026-04-03T02:35:37.061+0600][9.989s][info][gc,heap     ] GC(11) Eden regions: 51->0(55)
[2026-04-03T02:35:37.061+0600][9.989s][info][gc,heap     ] GC(11) Survivor regions: 6->7(8)
[2026-04-03T02:35:37.061+0600][9.989s][info][gc,heap     ] GC(11) Old regions: 16->17
[2026-04-03T02:35:37.061+0600][9.989s][info][gc,heap     ] GC(11) Humongous regions: 22->8
[2026-04-03T02:35:37.061+0600][9.989s][info][gc,metaspace] GC(11) Metaspace: 50227K(50688K)->50227K(50688K) NonClass: 44011K(44288K)->44011K(44288K) Class: 6216K(6400K)->6216K(6400K)
[2026-04-03T02:35:37.061+0600][9.989s][info][gc          ] GC(11) Pause Young (Mixed) (G1 Evacuation Pause) 93M->31M(104M) 8.945ms
[2026-04-03T02:35:37.061+0600][9.989s][info][gc,cpu      ] GC(11) User=0.03s Sys=0.00s Real=0.01s
[2026-04-03T02:35:37.766+0600][10.694s][info][gc,start    ] GC(12) Pause Young (Normal) (G1 Evacuation Pause)
[2026-04-03T02:35:37.766+0600][10.694s][info][gc,task     ] GC(12) Using 3 workers of 10 for evacuation
[2026-04-03T02:35:37.778+0600][10.706s][info][gc,phases   ] GC(12)   Pre Evacuate Collection Set: 0.19ms
[2026-04-03T02:35:37.778+0600][10.706s][info][gc,phases   ] GC(12)   Merge Heap Roots: 0.16ms
[2026-04-03T02:35:37.778+0600][10.706s][info][gc,phases   ] GC(12)   Evacuate Collection Set: 10.32ms
[2026-04-03T02:35:37.778+0600][10.706s][info][gc,phases   ] GC(12)   Post Evacuate Collection Set: 0.76ms
[2026-04-03T02:35:37.778+0600][10.706s][info][gc,phases   ] GC(12)   Other: 0.09ms
[2026-04-03T02:35:37.778+0600][10.706s][info][gc,heap     ] GC(12) Eden regions: 55->0(56)
[2026-04-03T02:35:37.778+0600][10.706s][info][gc,heap     ] GC(12) Survivor regions: 7->6(8)
[2026-04-03T02:35:37.778+0600][10.706s][info][gc,heap     ] GC(12) Old regions: 17->21
[2026-04-03T02:35:37.778+0600][10.706s][info][gc,heap     ] GC(12) Humongous regions: 8->8
[2026-04-03T02:35:37.778+0600][10.706s][info][gc,metaspace] GC(12) Metaspace: 60604K(61056K)->60604K(61056K) NonClass: 53187K(53440K)->53187K(53440K) Class: 7416K(7616K)->7416K(7616K)
[2026-04-03T02:35:37.778+0600][10.706s][info][gc          ] GC(12) Pause Young (Normal) (G1 Evacuation Pause) 86M->33M(104M) 11.868ms
[2026-04-03T02:35:37.778+0600][10.706s][info][gc,cpu      ] GC(12) User=0.06s Sys=0.01s Real=0.01s
[2026-04-03T02:35:37.783+0600][10.711s][info][gc,start    ] GC(13) Pause Young (Concurrent Start) (Metadata GC Threshold)
[2026-04-03T02:35:37.783+0600][10.711s][info][gc,task     ] GC(13) Using 2 workers of 10 for evacuation
[2026-04-03T02:35:37.793+0600][10.721s][info][gc,phases   ] GC(13)   Pre Evacuate Collection Set: 0.39ms
[2026-04-03T02:35:37.793+0600][10.721s][info][gc,phases   ] GC(13)   Merge Heap Roots: 0.12ms
[2026-04-03T02:35:37.793+0600][10.721s][info][gc,phases   ] GC(13)   Evacuate Collection Set: 8.54ms
[2026-04-03T02:35:37.793+0600][10.721s][info][gc,phases   ] GC(13)   Post Evacuate Collection Set: 0.70ms
[2026-04-03T02:35:37.793+0600][10.721s][info][gc,phases   ] GC(13)   Other: 0.25ms
[2026-04-03T02:35:37.793+0600][10.721s][info][gc,heap     ] GC(13) Eden regions: 1->0(59)
[2026-04-03T02:35:37.793+0600][10.721s][info][gc,heap     ] GC(13) Survivor regions: 6->3(8)
[2026-04-03T02:35:37.793+0600][10.721s][info][gc,heap     ] GC(13) Old regions: 21->24
[2026-04-03T02:35:37.793+0600][10.721s][info][gc,heap     ] GC(13) Humongous regions: 8->8
[2026-04-03T02:35:37.793+0600][10.721s][info][gc,metaspace] GC(13) Metaspace: 60631K(61056K)->60631K(61056K) NonClass: 53212K(53440K)->53212K(53440K) Class: 7418K(7616K)->7418K(7616K)
[2026-04-03T02:35:37.793+0600][10.721s][info][gc          ] GC(13) Pause Young (Concurrent Start) (Metadata GC Threshold) 34M->34M(104M) 10.369ms
[2026-04-03T02:35:37.793+0600][10.721s][info][gc,cpu      ] GC(13) User=0.05s Sys=0.00s Real=0.01s
[2026-04-03T02:35:37.793+0600][10.721s][info][gc          ] GC(14) Concurrent Mark Cycle
[2026-04-03T02:35:37.793+0600][10.721s][info][gc,marking  ] GC(14) Concurrent Scan Root Regions
[2026-04-03T02:35:37.795+0600][10.723s][info][gc,marking  ] GC(14) Concurrent Scan Root Regions 1.952ms
[2026-04-03T02:35:37.795+0600][10.723s][info][gc,marking  ] GC(14) Concurrent Mark
[2026-04-03T02:35:37.795+0600][10.723s][info][gc,marking  ] GC(14) Concurrent Mark From Roots
[2026-04-03T02:35:37.795+0600][10.723s][info][gc,task     ] GC(14) Using 3 workers of 3 for marking
[2026-04-03T02:35:37.811+0600][10.739s][info][gc,marking  ] GC(14) Concurrent Mark From Roots 15.362ms
[2026-04-03T02:35:37.811+0600][10.739s][info][gc,marking  ] GC(14) Concurrent Preclean
[2026-04-03T02:35:37.811+0600][10.739s][info][gc,marking  ] GC(14) Concurrent Preclean 0.148ms
[2026-04-03T02:35:37.811+0600][10.739s][info][gc,start    ] GC(14) Pause Remark
[2026-04-03T02:35:37.821+0600][10.749s][info][gc          ] GC(14) Pause Remark 34M->34M(104M) 10.107ms
[2026-04-03T02:35:37.822+0600][10.749s][info][gc,cpu      ] GC(14) User=0.04s Sys=0.00s Real=0.01s
[2026-04-03T02:35:37.822+0600][10.750s][info][gc,marking  ] GC(14) Concurrent Mark 26.368ms
[2026-04-03T02:35:37.822+0600][10.750s][info][gc,marking  ] GC(14) Concurrent Rebuild Remembered Sets and Scrub Regions
[2026-04-03T02:35:37.829+0600][10.757s][info][gc,marking  ] GC(14) Concurrent Rebuild Remembered Sets and Scrub Regions 7.697ms
[2026-04-03T02:35:37.830+0600][10.758s][info][gc,start    ] GC(14) Pause Cleanup
[2026-04-03T02:35:37.830+0600][10.758s][info][gc          ] GC(14) Pause Cleanup 34M->34M(104M) 0.321ms
[2026-04-03T02:35:37.830+0600][10.758s][info][gc,cpu      ] GC(14) User=0.00s Sys=0.00s Real=0.00s
[2026-04-03T02:35:37.830+0600][10.758s][info][gc,marking  ] GC(14) Concurrent Clear Claimed Marks
[2026-04-03T02:35:37.831+0600][10.758s][info][gc,marking  ] GC(14) Concurrent Clear Claimed Marks 0.148ms
[2026-04-03T02:35:37.831+0600][10.758s][info][gc,marking  ] GC(14) Concurrent Cleanup for Next Mark
[2026-04-03T02:35:37.831+0600][10.759s][info][gc,marking  ] GC(14) Concurrent Cleanup for Next Mark 0.432ms
[2026-04-03T02:35:37.831+0600][10.759s][info][gc          ] GC(14) Concurrent Mark Cycle 37.839ms
[2026-04-03T02:35:38.354+0600][11.282s][info][gc,start    ] GC(15) Pause Young (Prepare Mixed) (G1 Evacuation Pause)
[2026-04-03T02:35:38.355+0600][11.282s][info][gc,task     ] GC(15) Using 2 workers of 10 for evacuation
[2026-04-03T02:35:38.370+0600][11.298s][info][gc,phases   ] GC(15)   Pre Evacuate Collection Set: 0.23ms
[2026-04-03T02:35:38.370+0600][11.298s][info][gc,phases   ] GC(15)   Merge Heap Roots: 0.13ms
[2026-04-03T02:35:38.370+0600][11.298s][info][gc,phases   ] GC(15)   Evacuate Collection Set: 13.11ms
[2026-04-03T02:35:38.370+0600][11.298s][info][gc,phases   ] GC(15)   Post Evacuate Collection Set: 1.54ms
[2026-04-03T02:35:38.370+0600][11.298s][info][gc,phases   ] GC(15)   Other: 0.10ms
[2026-04-03T02:35:38.370+0600][11.298s][info][gc,heap     ] GC(15) Eden regions: 59->0(69)
[2026-04-03T02:35:38.370+0600][11.298s][info][gc,heap     ] GC(15) Survivor regions: 3->6(8)
[2026-04-03T02:35:38.370+0600][11.298s][info][gc,heap     ] GC(15) Old regions: 24->24
[2026-04-03T02:35:38.370+0600][11.298s][info][gc,heap     ] GC(15) Humongous regions: 8->8
[2026-04-03T02:35:38.370+0600][11.298s][info][gc,metaspace] GC(15) Metaspace: 63486K(63936K)->63486K(63936K) NonClass: 55673K(55936K)->55673K(55936K) Class: 7813K(8000K)->7813K(8000K)
[2026-04-03T02:35:38.370+0600][11.298s][info][gc          ] GC(15) Pause Young (Prepare Mixed) (G1 Evacuation Pause) 93M->37M(125M) 15.382ms
[2026-04-03T02:35:38.370+0600][11.298s][info][gc,cpu      ] GC(15) User=0.04s Sys=0.00s Real=0.02s
[2026-04-03T02:35:39.043+0600][11.971s][info][gc,start    ] GC(16) Pause Young (Mixed) (G1 Evacuation Pause)
[2026-04-03T02:35:39.043+0600][11.971s][info][gc,task     ] GC(16) Using 3 workers of 10 for evacuation
[2026-04-03T02:35:39.053+0600][11.981s][info][gc,phases   ] GC(16)   Pre Evacuate Collection Set: 0.29ms
[2026-04-03T02:35:39.053+0600][11.981s][info][gc,phases   ] GC(16)   Merge Heap Roots: 0.09ms
[2026-04-03T02:35:39.053+0600][11.981s][info][gc,phases   ] GC(16)   Evacuate Collection Set: 8.18ms
[2026-04-03T02:35:39.053+0600][11.981s][info][gc,phases   ] GC(16)   Post Evacuate Collection Set: 1.37ms
[2026-04-03T02:35:39.053+0600][11.981s][info][gc,phases   ] GC(16)   Other: 0.07ms
[2026-04-03T02:35:39.053+0600][11.981s][info][gc,heap     ] GC(16) Eden regions: 69->0(66)
[2026-04-03T02:35:39.053+0600][11.981s][info][gc,heap     ] GC(16) Survivor regions: 6->9(10)
[2026-04-03T02:35:39.053+0600][11.981s][info][gc,heap     ] GC(16) Old regions: 24->23
[2026-04-03T02:35:39.053+0600][11.981s][info][gc,heap     ] GC(16) Humongous regions: 8->8
[2026-04-03T02:35:39.053+0600][11.981s][info][gc,metaspace] GC(16) Metaspace: 73808K(74304K)->73808K(74304K) NonClass: 64861K(65152K)->64861K(65152K) Class: 8946K(9152K)->8946K(9152K)
[2026-04-03T02:35:39.053+0600][11.981s][info][gc          ] GC(16) Pause Young (Mixed) (G1 Evacuation Pause) 106M->39M(125M) 10.244ms
[2026-04-03T02:35:39.053+0600][11.981s][info][gc,cpu      ] GC(16) User=0.03s Sys=0.00s Real=0.01s
[2026-04-03T02:35:39.132+0600][12.060s][info][gc,start    ] GC(17) Pause Young (Concurrent Start) (G1 Humongous Allocation)
[2026-04-03T02:35:39.132+0600][12.060s][info][gc,task     ] GC(17) Using 3 workers of 10 for evacuation
[2026-04-03T02:35:39.141+0600][12.069s][info][gc,phases   ] GC(17)   Pre Evacuate Collection Set: 0.34ms
[2026-04-03T02:35:39.141+0600][12.069s][info][gc,phases   ] GC(17)   Merge Heap Roots: 0.17ms
[2026-04-03T02:35:39.141+0600][12.069s][info][gc,phases   ] GC(17)   Evacuate Collection Set: 7.30ms
[2026-04-03T02:35:39.141+0600][12.069s][info][gc,phases   ] GC(17)   Post Evacuate Collection Set: 0.87ms
[2026-04-03T02:35:39.141+0600][12.069s][info][gc,phases   ] GC(17)   Other: 0.22ms
[2026-04-03T02:35:39.141+0600][12.069s][info][gc,heap     ] GC(17) Eden regions: 6->0(68)
[2026-04-03T02:35:39.141+0600][12.069s][info][gc,heap     ] GC(17) Survivor regions: 9->5(10)
[2026-04-03T02:35:39.141+0600][12.069s][info][gc,heap     ] GC(17) Old regions: 23->28
[2026-04-03T02:35:39.141+0600][12.069s][info][gc,heap     ] GC(17) Humongous regions: 8->8
[2026-04-03T02:35:39.141+0600][12.069s][info][gc,metaspace] GC(17) Metaspace: 75105K(75584K)->75105K(75584K) NonClass: 66042K(66304K)->66042K(66304K) Class: 9063K(9280K)->9063K(9280K)
[2026-04-03T02:35:39.142+0600][12.069s][info][gc          ] GC(17) Pause Young (Concurrent Start) (G1 Humongous Allocation) 44M->40M(125M) 9.105ms
[2026-04-03T02:35:39.142+0600][12.069s][info][gc,cpu      ] GC(17) User=0.02s Sys=0.00s Real=0.01s
[2026-04-03T02:35:39.142+0600][12.069s][info][gc          ] GC(18) Concurrent Mark Cycle
[2026-04-03T02:35:39.142+0600][12.070s][info][gc,marking  ] GC(18) Concurrent Scan Root Regions
[2026-04-03T02:35:39.145+0600][12.073s][info][gc,marking  ] GC(18) Concurrent Scan Root Regions 3.221ms
[2026-04-03T02:35:39.145+0600][12.073s][info][gc,marking  ] GC(18) Concurrent Mark
[2026-04-03T02:35:39.145+0600][12.073s][info][gc,marking  ] GC(18) Concurrent Mark From Roots
[2026-04-03T02:35:39.145+0600][12.073s][info][gc,task     ] GC(18) Using 3 workers of 3 for marking
[2026-04-03T02:35:39.156+0600][12.084s][info][gc,marking  ] GC(18) Concurrent Mark From Roots 11.252ms
[2026-04-03T02:35:39.156+0600][12.084s][info][gc,marking  ] GC(18) Concurrent Preclean
[2026-04-03T02:35:39.156+0600][12.084s][info][gc,marking  ] GC(18) Concurrent Preclean 0.076ms
[2026-04-03T02:35:39.157+0600][12.084s][info][gc,start    ] GC(18) Pause Remark
[2026-04-03T02:35:39.162+0600][12.090s][info][gc          ] GC(18) Pause Remark 41M->41M(125M) 5.393ms
[2026-04-03T02:35:39.162+0600][12.090s][info][gc,cpu      ] GC(18) User=0.01s Sys=0.00s Real=0.01s
[2026-04-03T02:35:39.162+0600][12.090s][info][gc,marking  ] GC(18) Concurrent Mark 17.212ms
[2026-04-03T02:35:39.162+0600][12.090s][info][gc,marking  ] GC(18) Concurrent Rebuild Remembered Sets and Scrub Regions
[2026-04-03T02:35:39.170+0600][12.098s][info][gc,marking  ] GC(18) Concurrent Rebuild Remembered Sets and Scrub Regions 7.659ms
[2026-04-03T02:35:39.170+0600][12.098s][info][gc,start    ] GC(18) Pause Cleanup
[2026-04-03T02:35:39.170+0600][12.098s][info][gc          ] GC(18) Pause Cleanup 42M->42M(125M) 0.209ms
[2026-04-03T02:35:39.170+0600][12.098s][info][gc,cpu      ] GC(18) User=0.00s Sys=0.00s Real=0.00s
[2026-04-03T02:35:39.171+0600][12.098s][info][gc,marking  ] GC(18) Concurrent Clear Claimed Marks
[2026-04-03T02:35:39.171+0600][12.098s][info][gc,marking  ] GC(18) Concurrent Clear Claimed Marks 0.070ms
[2026-04-03T02:35:39.171+0600][12.098s][info][gc,marking  ] GC(18) Concurrent Cleanup for Next Mark
[2026-04-03T02:35:39.171+0600][12.099s][info][gc,marking  ] GC(18) Concurrent Cleanup for Next Mark 0.494ms
[2026-04-03T02:35:39.171+0600][12.099s][info][gc          ] GC(18) Concurrent Mark Cycle 29.554ms
[2026-04-03T02:35:39.679+0600][12.607s][info][gc,start    ] GC(19) Pause Young (Prepare Mixed) (G1 Evacuation Pause)
[2026-04-03T02:35:39.679+0600][12.607s][info][gc,task     ] GC(19) Using 3 workers of 10 for evacuation
[2026-04-03T02:35:39.686+0600][12.613s][info][gc,phases   ] GC(19)   Pre Evacuate Collection Set: 0.17ms
[2026-04-03T02:35:39.686+0600][12.613s][info][gc,phases   ] GC(19)   Merge Heap Roots: 0.17ms
[2026-04-03T02:35:39.686+0600][12.613s][info][gc,phases   ] GC(19)   Evacuate Collection Set: 4.99ms
[2026-04-03T02:35:39.686+0600][12.613s][info][gc,phases   ] GC(19)   Post Evacuate Collection Set: 0.67ms
[2026-04-03T02:35:39.686+0600][12.613s][info][gc,phases   ] GC(19)   Other: 0.07ms
[2026-04-03T02:35:39.686+0600][12.613s][info][gc,heap     ] GC(19) Eden regions: 68->0(69)
[2026-04-03T02:35:39.686+0600][12.613s][info][gc,heap     ] GC(19) Survivor regions: 5->6(10)
[2026-04-03T02:35:39.686+0600][12.613s][info][gc,heap     ] GC(19) Old regions: 28->28
[2026-04-03T02:35:39.686+0600][12.613s][info][gc,heap     ] GC(19) Humongous regions: 9->8
[2026-04-03T02:35:39.686+0600][12.613s][info][gc,metaspace] GC(19) Metaspace: 82803K(83392K)->82803K(83392K) NonClass: 72656K(72960K)->72656K(72960K) Class: 10146K(10432K)->10146K(10432K)
[2026-04-03T02:35:39.686+0600][12.614s][info][gc          ] GC(19) Pause Young (Prepare Mixed) (G1 Evacuation Pause) 109M->41M(125M) 6.271ms
[2026-04-03T02:35:39.686+0600][12.614s][info][gc,cpu      ] GC(19) User=0.02s Sys=0.00s Real=0.01s
[2026-04-03T02:35:40.813+0600][13.741s][info][gc,start    ] GC(20) Pause Young (Mixed) (G1 Evacuation Pause)
[2026-04-03T02:35:40.813+0600][13.741s][info][gc,task     ] GC(20) Using 3 workers of 10 for evacuation
[2026-04-03T02:35:40.822+0600][13.750s][info][gc,phases   ] GC(20)   Pre Evacuate Collection Set: 0.17ms
[2026-04-03T02:35:40.822+0600][13.750s][info][gc,phases   ] GC(20)   Merge Heap Roots: 0.08ms
[2026-04-03T02:35:40.822+0600][13.750s][info][gc,phases   ] GC(20)   Evacuate Collection Set: 8.10ms
[2026-04-03T02:35:40.822+0600][13.750s][info][gc,phases   ] GC(20)   Post Evacuate Collection Set: 0.73ms
[2026-04-03T02:35:40.822+0600][13.750s][info][gc,phases   ] GC(20)   Other: 0.07ms
[2026-04-03T02:35:40.822+0600][13.750s][info][gc,heap     ] GC(20) Eden regions: 69->0(66)
[2026-04-03T02:35:40.822+0600][13.750s][info][gc,heap     ] GC(20) Survivor regions: 6->7(10)
[2026-04-03T02:35:40.822+0600][13.750s][info][gc,heap     ] GC(20) Old regions: 28->31
[2026-04-03T02:35:40.822+0600][13.750s][info][gc,heap     ] GC(20) Humongous regions: 8->8
[2026-04-03T02:35:40.822+0600][13.750s][info][gc,metaspace] GC(20) Metaspace: 98205K(98816K)->98205K(98816K) NonClass: 86014K(86336K)->86014K(86336K) Class: 12190K(12480K)->12190K(12480K)
[2026-04-03T02:35:40.822+0600][13.750s][info][gc          ] GC(20) Pause Young (Mixed) (G1 Evacuation Pause) 110M->45M(125M) 9.375ms
[2026-04-03T02:35:40.822+0600][13.750s][info][gc,cpu      ] GC(20) User=0.03s Sys=0.00s Real=0.01s
[2026-04-03T02:35:40.939+0600][13.866s][info][gc,start    ] GC(21) Pause Young (Concurrent Start) (G1 Humongous Allocation)
[2026-04-03T02:35:40.939+0600][13.867s][info][gc,task     ] GC(21) Using 3 workers of 10 for evacuation
[2026-04-03T02:35:40.947+0600][13.875s][info][gc,phases   ] GC(21)   Pre Evacuate Collection Set: 0.45ms
[2026-04-03T02:35:40.947+0600][13.875s][info][gc,phases   ] GC(21)   Merge Heap Roots: 0.17ms
[2026-04-03T02:35:40.947+0600][13.875s][info][gc,phases   ] GC(21)   Evacuate Collection Set: 6.21ms
[2026-04-03T02:35:40.947+0600][13.875s][info][gc,phases   ] GC(21)   Post Evacuate Collection Set: 0.95ms
[2026-04-03T02:35:40.947+0600][13.875s][info][gc,phases   ] GC(21)   Other: 0.19ms
[2026-04-03T02:35:40.947+0600][13.875s][info][gc,heap     ] GC(21) Eden regions: 9->0(67)
[2026-04-03T02:35:40.947+0600][13.875s][info][gc,heap     ] GC(21) Survivor regions: 7->5(10)
[2026-04-03T02:35:40.947+0600][13.875s][info][gc,heap     ] GC(21) Old regions: 31->33
[2026-04-03T02:35:40.947+0600][13.875s][info][gc,heap     ] GC(21) Humongous regions: 8->8
[2026-04-03T02:35:40.947+0600][13.875s][info][gc,metaspace] GC(21) Metaspace: 99835K(100416K)->99835K(100416K) NonClass: 87378K(87680K)->87378K(87680K) Class: 12457K(12736K)->12457K(12736K)
[2026-04-03T02:35:40.947+0600][13.875s][info][gc          ] GC(21) Pause Young (Concurrent Start) (G1 Humongous Allocation) 54M->45M(125M) 8.233ms
[2026-04-03T02:35:40.947+0600][13.875s][info][gc,cpu      ] GC(21) User=0.02s Sys=0.00s Real=0.01s
[2026-04-03T02:35:40.947+0600][13.875s][info][gc          ] GC(22) Concurrent Mark Cycle
[2026-04-03T02:35:40.947+0600][13.875s][info][gc,marking  ] GC(22) Concurrent Scan Root Regions
[2026-04-03T02:35:40.950+0600][13.878s][info][gc,marking  ] GC(22) Concurrent Scan Root Regions 2.928ms
[2026-04-03T02:35:40.950+0600][13.878s][info][gc,marking  ] GC(22) Concurrent Mark
[2026-04-03T02:35:40.950+0600][13.878s][info][gc,marking  ] GC(22) Concurrent Mark From Roots
[2026-04-03T02:35:40.950+0600][13.878s][info][gc,task     ] GC(22) Using 3 workers of 3 for marking
[2026-04-03T02:35:40.967+0600][13.895s][info][gc,marking  ] GC(22) Concurrent Mark From Roots 17.181ms
[2026-04-03T02:35:40.967+0600][13.895s][info][gc,marking  ] GC(22) Concurrent Preclean
[2026-04-03T02:35:40.967+0600][13.895s][info][gc,marking  ] GC(22) Concurrent Preclean 0.247ms
[2026-04-03T02:35:40.968+0600][13.896s][info][gc,start    ] GC(22) Pause Remark
[2026-04-03T02:35:40.975+0600][13.903s][info][gc          ] GC(22) Pause Remark 49M->49M(125M) 7.643ms
[2026-04-03T02:35:40.975+0600][13.903s][info][gc,cpu      ] GC(22) User=0.02s Sys=0.00s Real=0.01s
[2026-04-03T02:35:40.976+0600][13.903s][info][gc,marking  ] GC(22) Concurrent Mark 25.568ms
[2026-04-03T02:35:40.976+0600][13.903s][info][gc,marking  ] GC(22) Concurrent Rebuild Remembered Sets and Scrub Regions
[2026-04-03T02:35:40.985+0600][13.913s][info][gc,marking  ] GC(22) Concurrent Rebuild Remembered Sets and Scrub Regions 9.808ms
[2026-04-03T02:35:40.986+0600][13.914s][info][gc,start    ] GC(22) Pause Cleanup
[2026-04-03T02:35:40.986+0600][13.914s][info][gc          ] GC(22) Pause Cleanup 50M->50M(125M) 0.299ms
[2026-04-03T02:35:40.986+0600][13.914s][info][gc,cpu      ] GC(22) User=0.00s Sys=0.00s Real=0.00s
[2026-04-03T02:35:40.986+0600][13.914s][info][gc,marking  ] GC(22) Concurrent Clear Claimed Marks
[2026-04-03T02:35:40.986+0600][13.914s][info][gc,marking  ] GC(22) Concurrent Clear Claimed Marks 0.109ms
[2026-04-03T02:35:40.986+0600][13.914s][info][gc,marking  ] GC(22) Concurrent Cleanup for Next Mark
[2026-04-03T02:35:40.987+0600][13.915s][info][gc,marking  ] GC(22) Concurrent Cleanup for Next Mark 0.520ms
[2026-04-03T02:35:40.987+0600][13.915s][info][gc          ] GC(22) Concurrent Mark Cycle 40.017ms
[2026-04-03T02:35:41.681+0600][14.609s][info][gc,start    ] GC(23) Pause Young (Prepare Mixed) (G1 Evacuation Pause)
[2026-04-03T02:35:41.681+0600][14.609s][info][gc,task     ] GC(23) Using 3 workers of 10 for evacuation
[2026-04-03T02:35:41.692+0600][14.620s][info][gc,phases   ] GC(23)   Pre Evacuate Collection Set: 0.33ms
[2026-04-03T02:35:41.692+0600][14.620s][info][gc,phases   ] GC(23)   Merge Heap Roots: 0.26ms
[2026-04-03T02:35:41.692+0600][14.620s][info][gc,phases   ] GC(23)   Evacuate Collection Set: 8.76ms
[2026-04-03T02:35:41.692+0600][14.620s][info][gc,phases   ] GC(23)   Post Evacuate Collection Set: 0.92ms
[2026-04-03T02:35:41.692+0600][14.620s][info][gc,phases   ] GC(23)   Other: 0.08ms
[2026-04-03T02:35:41.692+0600][14.620s][info][gc,heap     ] GC(23) Eden regions: 67->0(85)
[2026-04-03T02:35:41.692+0600][14.620s][info][gc,heap     ] GC(23) Survivor regions: 5->6(9)
[2026-04-03T02:35:41.692+0600][14.620s][info][gc,heap     ] GC(23) Old regions: 33->38
[2026-04-03T02:35:41.692+0600][14.620s][info][gc,heap     ] GC(23) Humongous regions: 11->8
[2026-04-03T02:35:41.692+0600][14.620s][info][gc,metaspace] GC(23) Metaspace: 106839K(107520K)->106839K(107520K) NonClass: 93383K(93760K)->93383K(93760K) Class: 13456K(13760K)->13456K(13760K)
[2026-04-03T02:35:41.692+0600][14.620s][info][gc          ] GC(23) Pause Young (Prepare Mixed) (G1 Evacuation Pause) 115M->50M(153M) 10.567ms
[2026-04-03T02:35:41.692+0600][14.620s][info][gc,cpu      ] GC(23) User=0.03s Sys=0.01s Real=0.01s
[2026-04-03T02:35:42.980+0600][15.908s][info][gc,start    ] GC(24) Pause Young (Mixed) (G1 Evacuation Pause)
[2026-04-03T02:35:42.981+0600][15.908s][info][gc,task     ] GC(24) Using 4 workers of 10 for evacuation
[2026-04-03T02:35:43.000+0600][15.928s][info][gc,phases   ] GC(24)   Pre Evacuate Collection Set: 0.45ms
[2026-04-03T02:35:43.000+0600][15.928s][info][gc,phases   ] GC(24)   Merge Heap Roots: 0.30ms
[2026-04-03T02:35:43.000+0600][15.928s][info][gc,phases   ] GC(24)   Evacuate Collection Set: 17.22ms
[2026-04-03T02:35:43.000+0600][15.928s][info][gc,phases   ] GC(24)   Post Evacuate Collection Set: 1.49ms
[2026-04-03T02:35:43.000+0600][15.928s][info][gc,phases   ] GC(24)   Other: 0.14ms
[2026-04-03T02:35:43.000+0600][15.928s][info][gc,heap     ] GC(24) Eden regions: 58->0(61)
[2026-04-03T02:35:43.000+0600][15.928s][info][gc,heap     ] GC(24) Survivor regions: 6->12(12)
[2026-04-03T02:35:43.000+0600][15.928s][info][gc,heap     ] GC(24) Old regions: 38->38
[2026-04-03T02:35:43.000+0600][15.928s][info][gc,heap     ] GC(24) Humongous regions: 75->64
[2026-04-03T02:35:43.000+0600][15.928s][info][gc,metaspace] GC(24) Metaspace: 112854K(114240K)->112854K(114240K) NonClass: 98295K(99072K)->98295K(99072K) Class: 14559K(15168K)->14559K(15168K)
[2026-04-03T02:35:43.000+0600][15.928s][info][gc          ] GC(24) Pause Young (Mixed) (G1 Evacuation Pause) 175M->113M(190M) 19.950ms
[2026-04-03T02:35:43.000+0600][15.928s][info][gc,cpu      ] GC(24) User=0.11s Sys=0.02s Real=0.02s
[2026-04-03T02:35:43.282+0600][16.210s][info][gc,start    ] GC(25) Pause Young (Concurrent Start) (G1 Humongous Allocation)
[2026-04-03T02:35:43.282+0600][16.210s][info][gc,task     ] GC(25) Using 4 workers of 10 for evacuation
[2026-04-03T02:35:43.292+0600][16.220s][info][gc,phases   ] GC(25)   Pre Evacuate Collection Set: 0.28ms
[2026-04-03T02:35:43.292+0600][16.220s][info][gc,phases   ] GC(25)   Merge Heap Roots: 0.14ms
[2026-04-03T02:35:43.292+0600][16.220s][info][gc,phases   ] GC(25)   Evacuate Collection Set: 8.41ms
[2026-04-03T02:35:43.292+0600][16.220s][info][gc,phases   ] GC(25)   Post Evacuate Collection Set: 0.75ms
[2026-04-03T02:35:43.292+0600][16.220s][info][gc,phases   ] GC(25)   Other: 0.16ms
[2026-04-03T02:35:43.292+0600][16.220s][info][gc,heap     ] GC(25) Eden regions: 15->0(75)
[2026-04-03T02:35:43.292+0600][16.220s][info][gc,heap     ] GC(25) Survivor regions: 12->2(10)
[2026-04-03T02:35:43.292+0600][16.220s][info][gc,heap     ] GC(25) Old regions: 38->49
[2026-04-03T02:35:43.292+0600][16.220s][info][gc,heap     ] GC(25) Humongous regions: 64->49
[2026-04-03T02:35:43.292+0600][16.220s][info][gc,metaspace] GC(25) Metaspace: 113932K(115328K)->113932K(115328K) NonClass: 99161K(99968K)->99161K(99968K) Class: 14770K(15360K)->14770K(15360K)
[2026-04-03T02:35:43.292+0600][16.220s][info][gc          ] GC(25) Pause Young (Concurrent Start) (G1 Humongous Allocation) 128M->98M(190M) 10.029ms
[2026-04-03T02:35:43.292+0600][16.220s][info][gc,cpu      ] GC(25) User=0.04s Sys=0.00s Real=0.01s
[2026-04-03T02:35:43.292+0600][16.220s][info][gc          ] GC(26) Concurrent Mark Cycle
[2026-04-03T02:35:43.292+0600][16.220s][info][gc,marking  ] GC(26) Concurrent Scan Root Regions
[2026-04-03T02:35:43.297+0600][16.225s][info][gc,marking  ] GC(26) Concurrent Scan Root Regions 4.293ms
[2026-04-03T02:35:43.297+0600][16.225s][info][gc,marking  ] GC(26) Concurrent Mark
[2026-04-03T02:35:43.297+0600][16.225s][info][gc,marking  ] GC(26) Concurrent Mark From Roots
[2026-04-03T02:35:43.297+0600][16.225s][info][gc,task     ] GC(26) Using 3 workers of 3 for marking
[2026-04-03T02:35:43.336+0600][16.264s][info][gc,marking  ] GC(26) Concurrent Mark From Roots 39.248ms
[2026-04-03T02:35:43.336+0600][16.264s][info][gc,marking  ] GC(26) Concurrent Preclean
[2026-04-03T02:35:43.336+0600][16.264s][info][gc,marking  ] GC(26) Concurrent Preclean 0.145ms
[2026-04-03T02:35:43.337+0600][16.265s][info][gc,start    ] GC(26) Pause Remark
[2026-04-03T02:35:43.345+0600][16.273s][info][gc          ] GC(26) Pause Remark 119M->116M(190M) 8.390ms
[2026-04-03T02:35:43.345+0600][16.273s][info][gc,cpu      ] GC(26) User=0.04s Sys=0.00s Real=0.01s
[2026-04-03T02:35:43.345+0600][16.273s][info][gc,marking  ] GC(26) Concurrent Mark 48.394ms
[2026-04-03T02:35:43.345+0600][16.273s][info][gc,marking  ] GC(26) Concurrent Rebuild Remembered Sets and Scrub Regions
[2026-04-03T02:35:43.366+0600][16.294s][info][gc,marking  ] GC(26) Concurrent Rebuild Remembered Sets and Scrub Regions 20.462ms
[2026-04-03T02:35:43.366+0600][16.294s][info][gc,start    ] GC(26) Pause Cleanup
[2026-04-03T02:35:43.366+0600][16.294s][info][gc          ] GC(26) Pause Cleanup 117M->117M(190M) 0.268ms
[2026-04-03T02:35:43.366+0600][16.294s][info][gc,cpu      ] GC(26) User=0.00s Sys=0.00s Real=0.00s
[2026-04-03T02:35:43.366+0600][16.294s][info][gc,marking  ] GC(26) Concurrent Clear Claimed Marks
[2026-04-03T02:35:43.367+0600][16.295s][info][gc,marking  ] GC(26) Concurrent Clear Claimed Marks 0.388ms
[2026-04-03T02:35:43.367+0600][16.295s][info][gc,marking  ] GC(26) Concurrent Cleanup for Next Mark
[2026-04-03T02:35:43.368+0600][16.296s][info][gc,marking  ] GC(26) Concurrent Cleanup for Next Mark 1.043ms
[2026-04-03T02:35:43.368+0600][16.296s][info][gc          ] GC(26) Concurrent Mark Cycle 75.635ms
[2026-04-03T02:35:44.013+0600][16.941s][info][gc,start    ] GC(27) Pause Young (Prepare Mixed) (G1 Evacuation Pause)
[2026-04-03T02:35:44.014+0600][16.941s][info][gc,task     ] GC(27) Using 4 workers of 10 for evacuation
[2026-04-03T02:35:44.023+0600][16.951s][info][gc,phases   ] GC(27)   Pre Evacuate Collection Set: 0.22ms
[2026-04-03T02:35:44.023+0600][16.951s][info][gc,phases   ] GC(27)   Merge Heap Roots: 0.17ms
[2026-04-03T02:35:44.023+0600][16.951s][info][gc,phases   ] GC(27)   Evacuate Collection Set: 8.09ms
[2026-04-03T02:35:44.023+0600][16.951s][info][gc,phases   ] GC(27)   Post Evacuate Collection Set: 0.80ms
[2026-04-03T02:35:44.023+0600][16.951s][info][gc,phases   ] GC(27)   Other: 0.11ms
[2026-04-03T02:35:44.023+0600][16.951s][info][gc,heap     ] GC(27) Eden regions: 51->0(68)
[2026-04-03T02:35:44.023+0600][16.951s][info][gc,heap     ] GC(27) Survivor regions: 2->6(10)
[2026-04-03T02:35:44.023+0600][16.951s][info][gc,heap     ] GC(27) Old regions: 49->49
[2026-04-03T02:35:44.023+0600][16.951s][info][gc,heap     ] GC(27) Humongous regions: 88->58
[2026-04-03T02:35:44.023+0600][16.951s][info][gc,metaspace] GC(27) Metaspace: 116395K(117888K)->116395K(117888K) NonClass: 101176K(102016K)->101176K(102016K) Class: 15219K(15872K)->15219K(15872K)
[2026-04-03T02:35:44.023+0600][16.951s][info][gc          ] GC(27) Pause Young (Prepare Mixed) (G1 Evacuation Pause) 188M->111M(196M) 9.698ms
[2026-04-03T02:35:44.023+0600][16.951s][info][gc,cpu      ] GC(27) User=0.05s Sys=0.01s Real=0.01s
[2026-04-03T02:35:44.308+0600][17.236s][info][gc,start    ] GC(28) Pause Young (Mixed) (G1 Evacuation Pause)
[2026-04-03T02:35:44.308+0600][17.236s][info][gc,task     ] GC(28) Using 4 workers of 10 for evacuation
[2026-04-03T02:35:44.347+0600][17.274s][info][gc,phases   ] GC(28)   Pre Evacuate Collection Set: 0.23ms
[2026-04-03T02:35:44.347+0600][17.274s][info][gc,phases   ] GC(28)   Merge Heap Roots: 0.13ms
[2026-04-03T02:35:44.347+0600][17.274s][info][gc,phases   ] GC(28)   Evacuate Collection Set: 37.29ms
[2026-04-03T02:35:44.347+0600][17.274s][info][gc,phases   ] GC(28)   Post Evacuate Collection Set: 0.50ms
[2026-04-03T02:35:44.347+0600][17.274s][info][gc,phases   ] GC(28)   Other: 0.08ms
[2026-04-03T02:35:44.347+0600][17.274s][info][gc,heap     ] GC(28) Eden regions: 39->0(77)
[2026-04-03T02:35:44.347+0600][17.274s][info][gc,heap     ] GC(28) Survivor regions: 6->10(10)
[2026-04-03T02:35:44.347+0600][17.274s][info][gc,heap     ] GC(28) Old regions: 49->52
[2026-04-03T02:35:44.347+0600][17.274s][info][gc,heap     ] GC(28) Humongous regions: 102->46
[2026-04-03T02:35:44.347+0600][17.274s][info][gc,metaspace] GC(28) Metaspace: 117134K(118656K)->117134K(118656K) NonClass: 101803K(102656K)->101803K(102656K) Class: 15331K(16000K)->15331K(16000K)
[2026-04-03T02:35:44.347+0600][17.275s][info][gc          ] GC(28) Pause Young (Mixed) (G1 Evacuation Pause) 194M->107M(211M) 38.486ms
[2026-04-03T02:35:44.347+0600][17.275s][info][gc,cpu      ] GC(28) User=0.15s Sys=0.01s Real=0.04s
[2026-04-03T02:35:44.505+0600][17.433s][info][gc,start    ] GC(29) Pause Young (Concurrent Start) (G1 Evacuation Pause)
[2026-04-03T02:35:44.505+0600][17.433s][info][gc,task     ] GC(29) Using 5 workers of 10 for evacuation
[2026-04-03T02:35:44.548+0600][17.476s][info][gc,phases   ] GC(29)   Pre Evacuate Collection Set: 0.40ms
[2026-04-03T02:35:44.548+0600][17.476s][info][gc,phases   ] GC(29)   Merge Heap Roots: 0.17ms
[2026-04-03T02:35:44.548+0600][17.476s][info][gc,phases   ] GC(29)   Evacuate Collection Set: 41.56ms
[2026-04-03T02:35:44.548+0600][17.476s][info][gc,phases   ] GC(29)   Post Evacuate Collection Set: 0.70ms
[2026-04-03T02:35:44.548+0600][17.476s][info][gc,phases   ] GC(29)   Other: 0.23ms
[2026-04-03T02:35:44.548+0600][17.476s][info][gc,heap     ] GC(29) Eden regions: 77->0(51)
[2026-04-03T02:35:44.548+0600][17.476s][info][gc,heap     ] GC(29) Survivor regions: 10->11(11)
[2026-04-03T02:35:44.548+0600][17.476s][info][gc,heap     ] GC(29) Old regions: 52->79
[2026-04-03T02:35:44.548+0600][17.476s][info][gc,heap     ] GC(29) Humongous regions: 46->46
[2026-04-03T02:35:44.548+0600][17.476s][info][gc,metaspace] GC(29) Metaspace: 117190K(118720K)->117190K(118720K) NonClass: 101859K(102720K)->101859K(102720K) Class: 15331K(16000K)->15331K(16000K)
[2026-04-03T02:35:44.548+0600][17.476s][info][gc          ] GC(29) Pause Young (Concurrent Start) (G1 Evacuation Pause) 184M->135M(223M) 43.400ms
[2026-04-03T02:35:44.548+0600][17.476s][info][gc,cpu      ] GC(29) User=0.26s Sys=0.02s Real=0.04s
[2026-04-03T02:35:44.548+0600][17.476s][info][gc          ] GC(30) Concurrent Mark Cycle
[2026-04-03T02:35:44.548+0600][17.476s][info][gc,marking  ] GC(30) Concurrent Scan Root Regions
[2026-04-03T02:35:44.561+0600][17.489s][info][gc,marking  ] GC(30) Concurrent Scan Root Regions 12.633ms
[2026-04-03T02:35:44.561+0600][17.489s][info][gc,marking  ] GC(30) Concurrent Mark
[2026-04-03T02:35:44.561+0600][17.489s][info][gc,marking  ] GC(30) Concurrent Mark From Roots
[2026-04-03T02:35:44.561+0600][17.489s][info][gc,task     ] GC(30) Using 3 workers of 3 for marking
[2026-04-03T02:35:44.600+0600][17.528s][info][gc,marking  ] GC(30) Concurrent Mark From Roots 38.686ms
[2026-04-03T02:35:44.600+0600][17.528s][info][gc,marking  ] GC(30) Concurrent Preclean
[2026-04-03T02:35:44.600+0600][17.528s][info][gc,marking  ] GC(30) Concurrent Preclean 0.186ms
[2026-04-03T02:35:44.600+0600][17.528s][info][gc,start    ] GC(30) Pause Remark
[2026-04-03T02:35:44.622+0600][17.550s][info][gc          ] GC(30) Pause Remark 147M->141M(223M) 21.384ms
[2026-04-03T02:35:44.622+0600][17.550s][info][gc,cpu      ] GC(30) User=0.12s Sys=0.01s Real=0.02s
[2026-04-03T02:35:44.622+0600][17.550s][info][gc,marking  ] GC(30) Concurrent Mark 60.941ms
[2026-04-03T02:35:44.622+0600][17.550s][info][gc,marking  ] GC(30) Concurrent Rebuild Remembered Sets and Scrub Regions
[2026-04-03T02:35:44.658+0600][17.586s][info][gc,marking  ] GC(30) Concurrent Rebuild Remembered Sets and Scrub Regions 36.264ms
[2026-04-03T02:35:44.659+0600][17.587s][info][gc,start    ] GC(30) Pause Cleanup
[2026-04-03T02:35:44.659+0600][17.587s][info][gc          ] GC(30) Pause Cleanup 152M->152M(223M) 0.466ms
[2026-04-03T02:35:44.659+0600][17.587s][info][gc,cpu      ] GC(30) User=0.00s Sys=0.00s Real=0.00s
[2026-04-03T02:35:44.659+0600][17.587s][info][gc,marking  ] GC(30) Concurrent Clear Claimed Marks
[2026-04-03T02:35:44.660+0600][17.588s][info][gc,marking  ] GC(30) Concurrent Clear Claimed Marks 0.262ms
[2026-04-03T02:35:44.660+0600][17.588s][info][gc,marking  ] GC(30) Concurrent Cleanup for Next Mark
[2026-04-03T02:35:44.660+0600][17.588s][info][gc,marking  ] GC(30) Concurrent Cleanup for Next Mark 0.697ms
[2026-04-03T02:35:44.661+0600][17.588s][info][gc          ] GC(30) Concurrent Mark Cycle 112.218ms
[2026-04-03T02:35:44.817+0600][17.745s][info][gc,start    ] GC(31) Pause Young (Prepare Mixed) (G1 Evacuation Pause)
[2026-04-03T02:35:44.817+0600][17.745s][info][gc,task     ] GC(31) Using 5 workers of 10 for evacuation
[2026-04-03T02:35:44.848+0600][17.776s][info][gc,phases   ] GC(31)   Pre Evacuate Collection Set: 0.28ms
[2026-04-03T02:35:44.848+0600][17.776s][info][gc,phases   ] GC(31)   Merge Heap Roots: 0.26ms
[2026-04-03T02:35:44.848+0600][17.776s][info][gc,phases   ] GC(31)   Evacuate Collection Set: 29.54ms
[2026-04-03T02:35:44.848+0600][17.776s][info][gc,phases   ] GC(31)   Post Evacuate Collection Set: 0.49ms
[2026-04-03T02:35:44.848+0600][17.776s][info][gc,phases   ] GC(31)   Other: 0.11ms
[2026-04-03T02:35:44.848+0600][17.776s][info][gc,heap     ] GC(31) Eden regions: 51->0(37)
[2026-04-03T02:35:44.848+0600][17.776s][info][gc,heap     ] GC(31) Survivor regions: 11->8(8)
[2026-04-03T02:35:44.848+0600][17.776s][info][gc,heap     ] GC(31) Old regions: 79->110
[2026-04-03T02:35:44.848+0600][17.776s][info][gc,heap     ] GC(31) Humongous regions: 70->57
[2026-04-03T02:35:44.848+0600][17.776s][info][gc,metaspace] GC(31) Metaspace: 116514K(118720K)->116514K(118720K) NonClass: 101389K(102720K)->101389K(102720K) Class: 15124K(16000K)->15124K(16000K)
[2026-04-03T02:35:44.848+0600][17.776s][info][gc          ] GC(31) Pause Young (Prepare Mixed) (G1 Evacuation Pause) 210M->174M(250M) 30.982ms
[2026-04-03T02:35:44.848+0600][17.776s][info][gc,cpu      ] GC(31) User=0.12s Sys=0.02s Real=0.03s
[2026-04-03T02:35:45.109+0600][18.037s][info][gc,start    ] GC(32) Pause Young (Mixed) (G1 Evacuation Pause)
[2026-04-03T02:35:45.109+0600][18.037s][info][gc,task     ] GC(32) Using 6 workers of 10 for evacuation
[2026-04-03T02:35:45.115+0600][18.043s][info][gc,phases   ] GC(32)   Pre Evacuate Collection Set: 0.22ms
[2026-04-03T02:35:45.115+0600][18.043s][info][gc,phases   ] GC(32)   Merge Heap Roots: 0.15ms
[2026-04-03T02:35:45.115+0600][18.043s][info][gc,phases   ] GC(32)   Evacuate Collection Set: 4.79ms
[2026-04-03T02:35:45.115+0600][18.043s][info][gc,phases   ] GC(32)   Post Evacuate Collection Set: 0.75ms
[2026-04-03T02:35:45.115+0600][18.043s][info][gc,phases   ] GC(32)   Other: 0.10ms
[2026-04-03T02:35:45.115+0600][18.043s][info][gc,heap     ] GC(32) Eden regions: 37->0(27)
[2026-04-03T02:35:45.115+0600][18.043s][info][gc,heap     ] GC(32) Survivor regions: 8->4(6)
[2026-04-03T02:35:45.115+0600][18.043s][info][gc,heap     ] GC(32) Old regions: 110->117
[2026-04-03T02:35:45.115+0600][18.043s][info][gc,heap     ] GC(32) Humongous regions: 81->81
[2026-04-03T02:35:45.115+0600][18.043s][info][gc,metaspace] GC(32) Metaspace: 116556K(118720K)->116556K(118720K) NonClass: 101431K(102720K)->101431K(102720K) Class: 15124K(16000K)->15124K(16000K)
[2026-04-03T02:35:45.116+0600][18.043s][info][gc          ] GC(32) Pause Young (Mixed) (G1 Evacuation Pause) 235M->201M(250M) 6.319ms
[2026-04-03T02:35:45.116+0600][18.043s][info][gc,cpu      ] GC(32) User=0.05s Sys=0.01s Real=0.01s
[2026-04-03T02:35:45.182+0600][18.110s][info][gc,start    ] GC(33) Pause Young (Concurrent Start) (G1 Evacuation Pause)
[2026-04-03T02:35:45.183+0600][18.110s][info][gc,task     ] GC(33) Using 6 workers of 10 for evacuation
[2026-04-03T02:35:45.187+0600][18.115s][info][gc,phases   ] GC(33)   Pre Evacuate Collection Set: 0.36ms
[2026-04-03T02:35:45.187+0600][18.115s][info][gc,phases   ] GC(33)   Merge Heap Roots: 0.14ms
[2026-04-03T02:35:45.187+0600][18.115s][info][gc,phases   ] GC(33)   Evacuate Collection Set: 2.68ms
[2026-04-03T02:35:45.187+0600][18.115s][info][gc,phases   ] GC(33)   Post Evacuate Collection Set: 0.68ms
[2026-04-03T02:35:45.187+0600][18.115s][info][gc,phases   ] GC(33)   Other: 0.17ms
[2026-04-03T02:35:45.187+0600][18.115s][info][gc,heap     ] GC(33) Eden regions: 27->0(28)
[2026-04-03T02:35:45.187+0600][18.115s][info][gc,heap     ] GC(33) Survivor regions: 4->2(4)
[2026-04-03T02:35:45.187+0600][18.115s][info][gc,heap     ] GC(33) Old regions: 117->121
[2026-04-03T02:35:45.187+0600][18.115s][info][gc,heap     ] GC(33) Humongous regions: 81->81
[2026-04-03T02:35:45.187+0600][18.115s][info][gc,metaspace] GC(33) Metaspace: 116558K(118720K)->116558K(118720K) NonClass: 101433K(102720K)->101433K(102720K) Class: 15124K(16000K)->15124K(16000K)
[2026-04-03T02:35:45.187+0600][18.115s][info][gc          ] GC(33) Pause Young (Concurrent Start) (G1 Evacuation Pause) 228M->203M(250M) 4.408ms
[2026-04-03T02:35:45.187+0600][18.115s][info][gc,cpu      ] GC(33) User=0.03s Sys=0.00s Real=0.00s
[2026-04-03T02:35:45.187+0600][18.115s][info][gc          ] GC(34) Concurrent Mark Cycle
[2026-04-03T02:35:45.187+0600][18.115s][info][gc,marking  ] GC(34) Concurrent Scan Root Regions
[2026-04-03T02:35:45.192+0600][18.119s][info][gc,marking  ] GC(34) Concurrent Scan Root Regions 4.494ms
[2026-04-03T02:35:45.192+0600][18.119s][info][gc,marking  ] GC(34) Concurrent Mark
[2026-04-03T02:35:45.192+0600][18.119s][info][gc,marking  ] GC(34) Concurrent Mark From Roots
[2026-04-03T02:35:45.192+0600][18.119s][info][gc,task     ] GC(34) Using 3 workers of 3 for marking
[2026-04-03T02:35:45.310+0600][18.238s][info][gc,marking  ] GC(34) Concurrent Mark From Roots 118.853ms
[2026-04-03T02:35:45.311+0600][18.238s][info][gc,marking  ] GC(34) Concurrent Preclean
[2026-04-03T02:35:45.311+0600][18.239s][info][gc,marking  ] GC(34) Concurrent Preclean 0.374ms
[2026-04-03T02:35:45.312+0600][18.240s][info][gc,start    ] GC(34) Pause Remark
[2026-04-03T02:35:45.333+0600][18.260s][info][gc          ] GC(34) Pause Remark 236M->233M(359M) 20.387ms
[2026-04-03T02:35:45.333+0600][18.261s][info][gc,cpu      ] GC(34) User=0.15s Sys=0.01s Real=0.02s
[2026-04-03T02:35:45.337+0600][18.265s][info][gc,marking  ] GC(34) Concurrent Mark 145.365ms
[2026-04-03T02:35:45.337+0600][18.265s][info][gc,marking  ] GC(34) Concurrent Rebuild Remembered Sets and Scrub Regions
[2026-04-03T02:35:45.395+0600][18.323s][info][gc,marking  ] GC(34) Concurrent Rebuild Remembered Sets and Scrub Regions 57.646ms
[2026-04-03T02:35:45.395+0600][18.323s][info][gc,start    ] GC(34) Pause Cleanup
[2026-04-03T02:35:45.395+0600][18.323s][info][gc          ] GC(34) Pause Cleanup 236M->236M(359M) 0.492ms
[2026-04-03T02:35:45.396+0600][18.323s][info][gc,cpu      ] GC(34) User=0.00s Sys=0.00s Real=0.00s
[2026-04-03T02:35:45.396+0600][18.323s][info][gc,marking  ] GC(34) Concurrent Clear Claimed Marks
[2026-04-03T02:35:45.396+0600][18.324s][info][gc,marking  ] GC(34) Concurrent Clear Claimed Marks 0.294ms
[2026-04-03T02:35:45.396+0600][18.324s][info][gc,marking  ] GC(34) Concurrent Cleanup for Next Mark
[2026-04-03T02:35:45.398+0600][18.326s][info][gc,marking  ] GC(34) Concurrent Cleanup for Next Mark 2.089ms
[2026-04-03T02:35:45.398+0600][18.326s][info][gc          ] GC(34) Concurrent Mark Cycle 211.193ms
[2026-04-03T02:35:45.623+0600][18.551s][info][gc,start    ] GC(35) Pause Young (Prepare Mixed) (G1 Evacuation Pause)
[2026-04-03T02:35:45.623+0600][18.551s][info][gc,task     ] GC(35) Using 8 workers of 10 for evacuation
[2026-04-03T02:35:45.626+0600][18.554s][info][gc,phases   ] GC(35)   Pre Evacuate Collection Set: 0.42ms
[2026-04-03T02:35:45.626+0600][18.554s][info][gc,phases   ] GC(35)   Merge Heap Roots: 0.11ms
[2026-04-03T02:35:45.626+0600][18.554s][info][gc,phases   ] GC(35)   Evacuate Collection Set: 1.14ms
[2026-04-03T02:35:45.626+0600][18.554s][info][gc,phases   ] GC(35)   Post Evacuate Collection Set: 0.57ms
[2026-04-03T02:35:45.626+0600][18.554s][info][gc,phases   ] GC(35)   Other: 0.11ms
[2026-04-03T02:35:45.626+0600][18.554s][info][gc,heap     ] GC(35) Eden regions: 27->0(94)
[2026-04-03T02:35:45.626+0600][18.554s][info][gc,heap     ] GC(35) Survivor regions: 2->1(4)
[2026-04-03T02:35:45.626+0600][18.554s][info][gc,heap     ] GC(35) Old regions: 119->119
[2026-04-03T02:35:45.626+0600][18.554s][info][gc,heap     ] GC(35) Humongous regions: 104->80
[2026-04-03T02:35:45.626+0600][18.554s][info][gc,metaspace] GC(35) Metaspace: 116660K(118784K)->116660K(118784K) NonClass: 101540K(102784K)->101540K(102784K) Class: 15119K(16000K)->15119K(16000K)
[2026-04-03T02:35:45.626+0600][18.554s][info][gc          ] GC(35) Pause Young (Prepare Mixed) (G1 Evacuation Pause) 251M->199M(359M) 2.595ms
[2026-04-03T02:35:45.626+0600][18.554s][info][gc,cpu      ] GC(35) User=0.01s Sys=0.00s Real=0.00s
[2026-04-03T02:35:46.394+0600][19.322s][info][gc,start    ] GC(36) Pause Young (Mixed) (G1 Evacuation Pause)
[2026-04-03T02:35:46.394+0600][19.322s][info][gc,task     ] GC(36) Using 8 workers of 10 for evacuation
[2026-04-03T02:35:46.399+0600][19.327s][info][gc,phases   ] GC(36)   Pre Evacuate Collection Set: 0.35ms
[2026-04-03T02:35:46.399+0600][19.327s][info][gc,phases   ] GC(36)   Merge Heap Roots: 0.38ms
[2026-04-03T02:35:46.399+0600][19.327s][info][gc,phases   ] GC(36)   Evacuate Collection Set: 3.36ms
[2026-04-03T02:35:46.399+0600][19.327s][info][gc,phases   ] GC(36)   Post Evacuate Collection Set: 0.82ms
[2026-04-03T02:35:46.399+0600][19.327s][info][gc,phases   ] GC(36)   Other: 0.09ms
[2026-04-03T02:35:46.399+0600][19.327s][info][gc,heap     ] GC(36) Eden regions: 94->0(109)
[2026-04-03T02:35:46.399+0600][19.327s][info][gc,heap     ] GC(36) Survivor regions: 1->2(12)
[2026-04-03T02:35:46.399+0600][19.327s][info][gc,heap     ] GC(36) Old regions: 119->107
[2026-04-03T02:35:46.399+0600][19.327s][info][gc,heap     ] GC(36) Humongous regions: 94->78
[2026-04-03T02:35:46.399+0600][19.327s][info][gc,metaspace] GC(36) Metaspace: 120494K(121664K)->120494K(121664K) NonClass: 104971K(105536K)->104971K(105536K) Class: 15522K(16128K)->15522K(16128K)
[2026-04-03T02:35:46.399+0600][19.327s][info][gc          ] GC(36) Pause Young (Mixed) (G1 Evacuation Pause) 307M->186M(359M) 5.319ms
[2026-04-03T02:35:46.399+0600][19.327s][info][gc,cpu      ] GC(36) User=0.03s Sys=0.00s Real=0.00s
[2026-04-03T02:35:46.492+0600][19.420s][info][gc,start    ] GC(37) Pause Young (Concurrent Start) (G1 Humongous Allocation)
[2026-04-03T02:35:46.492+0600][19.420s][info][gc,task     ] GC(37) Using 8 workers of 10 for evacuation
[2026-04-03T02:35:46.497+0600][19.425s][info][gc,phases   ] GC(37)   Pre Evacuate Collection Set: 0.48ms
[2026-04-03T02:35:46.497+0600][19.425s][info][gc,phases   ] GC(37)   Merge Heap Roots: 0.18ms
[2026-04-03T02:35:46.497+0600][19.425s][info][gc,phases   ] GC(37)   Evacuate Collection Set: 2.82ms
[2026-04-03T02:35:46.497+0600][19.425s][info][gc,phases   ] GC(37)   Post Evacuate Collection Set: 0.60ms
[2026-04-03T02:35:46.497+0600][19.425s][info][gc,phases   ] GC(37)   Other: 0.24ms
[2026-04-03T02:35:46.497+0600][19.425s][info][gc,heap     ] GC(37) Eden regions: 20->0(117)
[2026-04-03T02:35:46.497+0600][19.425s][info][gc,heap     ] GC(37) Survivor regions: 2->2(14)
[2026-04-03T02:35:46.497+0600][19.425s][info][gc,heap     ] GC(37) Old regions: 107->107
[2026-04-03T02:35:46.497+0600][19.425s][info][gc,heap     ] GC(37) Humongous regions: 78->78
[2026-04-03T02:35:46.497+0600][19.425s][info][gc,metaspace] GC(37) Metaspace: 120699K(121856K)->120699K(121856K) NonClass: 105151K(105728K)->105151K(105728K) Class: 15547K(16128K)->15547K(16128K)
[2026-04-03T02:35:46.497+0600][19.425s][info][gc          ] GC(37) Pause Young (Concurrent Start) (G1 Humongous Allocation) 206M->186M(359M) 4.692ms
[2026-04-03T02:35:46.497+0600][19.425s][info][gc,cpu      ] GC(37) User=0.03s Sys=0.00s Real=0.00s
[2026-04-03T02:35:46.497+0600][19.425s][info][gc          ] GC(38) Concurrent Mark Cycle
[2026-04-03T02:35:46.497+0600][19.425s][info][gc,marking  ] GC(38) Concurrent Scan Root Regions
[2026-04-03T02:35:46.501+0600][19.429s][info][gc,marking  ] GC(38) Concurrent Scan Root Regions 3.843ms
[2026-04-03T02:35:46.501+0600][19.429s][info][gc,marking  ] GC(38) Concurrent Mark
[2026-04-03T02:35:46.501+0600][19.429s][info][gc,marking  ] GC(38) Concurrent Mark From Roots
[2026-04-03T02:35:46.501+0600][19.429s][info][gc,task     ] GC(38) Using 3 workers of 3 for marking
[2026-04-03T02:35:46.578+0600][19.506s][info][gc,marking  ] GC(38) Concurrent Mark From Roots 76.870ms
[2026-04-03T02:35:46.578+0600][19.506s][info][gc,marking  ] GC(38) Concurrent Preclean
[2026-04-03T02:35:46.578+0600][19.506s][info][gc,marking  ] GC(38) Concurrent Preclean 0.398ms
[2026-04-03T02:35:46.579+0600][19.507s][info][gc,start    ] GC(38) Pause Remark
[2026-04-03T02:35:46.587+0600][19.515s][info][gc          ] GC(38) Pause Remark 198M->152M(359M) 7.849ms
[2026-04-03T02:35:46.587+0600][19.515s][info][gc,cpu      ] GC(38) User=0.04s Sys=0.01s Real=0.01s
[2026-04-03T02:35:46.587+0600][19.515s][info][gc,marking  ] GC(38) Concurrent Mark 85.942ms
[2026-04-03T02:35:46.587+0600][19.515s][info][gc,marking  ] GC(38) Concurrent Rebuild Remembered Sets and Scrub Regions
[2026-04-03T02:35:46.624+0600][19.552s][info][gc,marking  ] GC(38) Concurrent Rebuild Remembered Sets and Scrub Regions 37.280ms
[2026-04-03T02:35:46.626+0600][19.554s][info][gc,start    ] GC(38) Pause Cleanup
[2026-04-03T02:35:46.626+0600][19.554s][info][gc          ] GC(38) Pause Cleanup 155M->155M(359M) 0.361ms
[2026-04-03T02:35:46.626+0600][19.554s][info][gc,cpu      ] GC(38) User=0.00s Sys=0.00s Real=0.00s
[2026-04-03T02:35:46.626+0600][19.554s][info][gc,marking  ] GC(38) Concurrent Clear Claimed Marks
[2026-04-03T02:35:46.626+0600][19.554s][info][gc,marking  ] GC(38) Concurrent Clear Claimed Marks 0.246ms
[2026-04-03T02:35:46.626+0600][19.554s][info][gc,marking  ] GC(38) Concurrent Cleanup for Next Mark
[2026-04-03T02:35:46.627+0600][19.555s][info][gc,marking  ] GC(38) Concurrent Cleanup for Next Mark 0.585ms
[2026-04-03T02:35:46.627+0600][19.555s][info][gc          ] GC(38) Concurrent Mark Cycle 130.008ms
[2026-04-03T02:35:47.156+0600][20.084s][info][gc,start    ] GC(39) Pause Young (Prepare Mixed) (G1 Evacuation Pause)
[2026-04-03T02:35:47.156+0600][20.084s][info][gc,task     ] GC(39) Using 8 workers of 10 for evacuation
[2026-04-03T02:35:47.164+0600][20.092s][info][gc,phases   ] GC(39)   Pre Evacuate Collection Set: 0.72ms
[2026-04-03T02:35:47.180+0600][20.108s][info][gc,phases   ] GC(39)   Merge Heap Roots: 0.31ms
[2026-04-03T02:35:47.180+0600][20.108s][info][gc,phases   ] GC(39)   Evacuate Collection Set: 5.22ms
[2026-04-03T02:35:47.180+0600][20.108s][info][gc,phases   ] GC(39)   Post Evacuate Collection Set: 1.23ms
[2026-04-03T02:35:47.180+0600][20.108s][info][gc,phases   ] GC(39)   Other: 0.16ms
[2026-04-03T02:35:47.180+0600][20.108s][info][gc,heap     ] GC(39) Eden regions: 117->0(154)
[2026-04-03T02:35:47.180+0600][20.108s][info][gc,heap     ] GC(39) Survivor regions: 2->3(15)
[2026-04-03T02:35:47.180+0600][20.108s][info][gc,heap     ] GC(39) Old regions: 99->99
[2026-04-03T02:35:47.180+0600][20.108s][info][gc,heap     ] GC(39) Humongous regions: 76->40
[2026-04-03T02:35:47.180+0600][20.108s][info][gc,metaspace] GC(39) Metaspace: 121302K(122368K)->121302K(122368K) NonClass: 105681K(106240K)->105681K(106240K) Class: 15621K(16128K)->15621K(16128K)
[2026-04-03T02:35:47.180+0600][20.108s][info][gc          ] GC(39) Pause Young (Prepare Mixed) (G1 Evacuation Pause) 293M->141M(359M) 23.809ms
[2026-04-03T02:35:47.180+0600][20.108s][info][gc,cpu      ] GC(39) User=0.06s Sys=0.00s Real=0.03s
[2026-04-03T02:35:47.516+0600][20.444s][info][gc,start    ] GC(40) Pause Full (System.gc())
[2026-04-03T02:35:47.516+0600][20.444s][info][gc,task     ] GC(40) Using 8 workers of 10 for full compaction
[2026-04-03T02:35:47.517+0600][20.445s][info][gc,phases,start] GC(40) Phase 1: Mark live objects
[2026-04-03T02:35:47.605+0600][20.533s][info][gc,phases      ] GC(40) Phase 1: Mark live objects 88.770ms
[2026-04-03T02:35:47.605+0600][20.533s][info][gc,phases,start] GC(40) Phase 2: Prepare compaction
[2026-04-03T02:35:47.613+0600][20.540s][info][gc,phases      ] GC(40) Phase 2: Prepare compaction 7.087ms
[2026-04-03T02:35:47.613+0600][20.541s][info][gc,phases,start] GC(40) Phase 3: Adjust pointers
[2026-04-03T02:35:47.628+0600][20.556s][info][gc,phases      ] GC(40) Phase 3: Adjust pointers 15.719ms
[2026-04-03T02:35:47.628+0600][20.556s][info][gc,phases,start] GC(40) Phase 4: Compact heap
[2026-04-03T02:35:47.638+0600][20.566s][info][gc,phases      ] GC(40) Phase 4: Compact heap 9.342ms
[2026-04-03T02:35:47.638+0600][20.566s][info][gc,phases,start] GC(40) Phase 5: Reset Metadata
[2026-04-03T02:35:47.641+0600][20.569s][info][gc,phases      ] GC(40) Phase 5: Reset Metadata 3.520ms
[2026-04-03T02:35:47.652+0600][20.580s][info][gc,heap        ] GC(40) Eden regions: 141->0(137)
[2026-04-03T02:35:47.652+0600][20.580s][info][gc,heap        ] GC(40) Survivor regions: 3->0(15)
[2026-04-03T02:35:47.652+0600][20.580s][info][gc,heap        ] GC(40) Old regions: 99->74
[2026-04-03T02:35:47.652+0600][20.580s][info][gc,heap        ] GC(40) Humongous regions: 66->8
[2026-04-03T02:35:47.652+0600][20.580s][info][gc,metaspace   ] GC(40) Metaspace: 121708K(122816K)->121701K(122816K) NonClass: 106030K(106624K)->106025K(106624K) Class: 15677K(16192K)->15675K(16192K)
[2026-04-03T02:35:47.652+0600][20.580s][info][gc             ] GC(40) Pause Full (System.gc()) 307M->77M(274M) 135.606ms
[2026-04-03T02:35:47.652+0600][20.580s][info][gc,cpu         ] GC(40) User=0.88s Sys=0.03s Real=0.14s
[2026-04-03T02:35:47.685+0600][20.613s][info][gc,start       ] GC(41) Pause Young (Concurrent Start) (G1 Humongous Allocation)
[2026-04-03T02:35:47.685+0600][20.613s][info][gc,task        ] GC(41) Using 7 workers of 10 for evacuation
[2026-04-03T02:35:47.688+0600][20.616s][info][gc,phases      ] GC(41)   Pre Evacuate Collection Set: 0.42ms
[2026-04-03T02:35:47.688+0600][20.616s][info][gc,phases      ] GC(41)   Merge Heap Roots: 0.16ms
[2026-04-03T02:35:47.688+0600][20.616s][info][gc,phases      ] GC(41)   Evacuate Collection Set: 1.64ms
[2026-04-03T02:35:47.688+0600][20.616s][info][gc,phases      ] GC(41)   Post Evacuate Collection Set: 0.77ms
[2026-04-03T02:35:47.688+0600][20.616s][info][gc,phases      ] GC(41)   Other: 0.24ms
[2026-04-03T02:35:47.688+0600][20.616s][info][gc,heap        ] GC(41) Eden regions: 6->0(143)
[2026-04-03T02:35:47.688+0600][20.616s][info][gc,heap        ] GC(41) Survivor regions: 0->1(18)
[2026-04-03T02:35:47.688+0600][20.616s][info][gc,heap        ] GC(41) Old regions: 74->74
[2026-04-03T02:35:47.688+0600][20.616s][info][gc,heap        ] GC(41) Humongous regions: 8->8
[2026-04-03T02:35:47.688+0600][20.616s][info][gc,metaspace   ] GC(41) Metaspace: 121785K(122880K)->121785K(122880K) NonClass: 106103K(106688K)->106103K(106688K) Class: 15682K(16192K)->15682K(16192K)
[2026-04-03T02:35:47.688+0600][20.616s][info][gc             ] GC(41) Pause Young (Concurrent Start) (G1 Humongous Allocation) 83M->78M(274M) 3.544ms
[2026-04-03T02:35:47.688+0600][20.616s][info][gc,cpu         ] GC(41) User=0.00s Sys=0.00s Real=0.00s
[2026-04-03T02:35:47.688+0600][20.616s][info][gc             ] GC(42) Concurrent Mark Cycle
[2026-04-03T02:35:47.688+0600][20.616s][info][gc,marking     ] GC(42) Concurrent Scan Root Regions
[2026-04-03T02:35:47.691+0600][20.619s][info][gc,marking     ] GC(42) Concurrent Scan Root Regions 2.222ms
[2026-04-03T02:35:47.691+0600][20.619s][info][gc,marking     ] GC(42) Concurrent Mark
[2026-04-03T02:35:47.691+0600][20.619s][info][gc,marking     ] GC(42) Concurrent Mark From Roots
[2026-04-03T02:35:47.691+0600][20.619s][info][gc,task        ] GC(42) Using 3 workers of 3 for marking
[2026-04-03T02:35:47.773+0600][20.701s][info][gc,marking     ] GC(42) Concurrent Mark From Roots 82.542ms
[2026-04-03T02:35:47.773+0600][20.701s][info][gc,marking     ] GC(42) Concurrent Preclean
[2026-04-03T02:35:47.774+0600][20.702s][info][gc,marking     ] GC(42) Concurrent Preclean 0.302ms
[2026-04-03T02:35:47.774+0600][20.702s][info][gc,start       ] GC(42) Pause Remark
[2026-04-03T02:35:47.782+0600][20.709s][info][gc             ] GC(42) Pause Remark 87M->87M(274M) 7.510ms
[2026-04-03T02:35:47.782+0600][20.710s][info][gc,cpu         ] GC(42) User=0.04s Sys=0.00s Real=0.01s
[2026-04-03T02:35:47.782+0600][20.710s][info][gc,marking     ] GC(42) Concurrent Mark 91.047ms
[2026-04-03T02:35:47.782+0600][20.710s][info][gc,marking     ] GC(42) Concurrent Rebuild Remembered Sets and Scrub Regions
[2026-04-03T02:35:47.802+0600][20.730s][info][gc,marking     ] GC(42) Concurrent Rebuild Remembered Sets and Scrub Regions 20.318ms
[2026-04-03T02:35:47.802+0600][20.730s][info][gc,start       ] GC(42) Pause Cleanup
[2026-04-03T02:35:47.803+0600][20.731s][info][gc             ] GC(42) Pause Cleanup 87M->87M(274M) 0.242ms
[2026-04-03T02:35:47.803+0600][20.731s][info][gc,cpu         ] GC(42) User=0.00s Sys=0.00s Real=0.00s
[2026-04-03T02:35:47.803+0600][20.731s][info][gc,marking     ] GC(42) Concurrent Clear Claimed Marks
[2026-04-03T02:35:47.803+0600][20.731s][info][gc,marking     ] GC(42) Concurrent Clear Claimed Marks 0.298ms
[2026-04-03T02:35:47.803+0600][20.731s][info][gc,marking     ] GC(42) Concurrent Cleanup for Next Mark
[2026-04-03T02:35:47.804+0600][20.732s][info][gc,marking     ] GC(42) Concurrent Cleanup for Next Mark 0.447ms
[2026-04-03T02:35:47.804+0600][20.732s][info][gc             ] GC(42) Concurrent Mark Cycle 115.612ms
[2026-04-03T02:35:48.338+0600][21.266s][info][gc,start       ] GC(43) Pause Young (Prepare Mixed) (G1 Evacuation Pause)
[2026-04-03T02:35:48.339+0600][21.266s][info][gc,task        ] GC(43) Using 7 workers of 10 for evacuation
[2026-04-03T02:35:48.343+0600][21.271s][info][gc,phases      ] GC(43)   Pre Evacuate Collection Set: 0.27ms
[2026-04-03T02:35:48.343+0600][21.271s][info][gc,phases      ] GC(43)   Merge Heap Roots: 0.15ms
[2026-04-03T02:35:48.343+0600][21.271s][info][gc,phases      ] GC(43)   Evacuate Collection Set: 3.31ms
[2026-04-03T02:35:48.343+0600][21.271s][info][gc,phases      ] GC(43)   Post Evacuate Collection Set: 0.77ms
[2026-04-03T02:35:48.343+0600][21.271s][info][gc,phases      ] GC(43)   Other: 0.11ms
[2026-04-03T02:35:48.343+0600][21.271s][info][gc,heap        ] GC(43) Eden regions: 59->0(174)
[2026-04-03T02:35:48.343+0600][21.271s][info][gc,heap        ] GC(43) Survivor regions: 1->5(18)
[2026-04-03T02:35:48.343+0600][21.271s][info][gc,heap        ] GC(43) Old regions: 74->74
[2026-04-03T02:35:48.343+0600][21.271s][info][gc,heap        ] GC(43) Humongous regions: 190->23
[2026-04-03T02:35:48.343+0600][21.271s][info][gc,metaspace   ] GC(43) Metaspace: 122953K(124224K)->122953K(124224K) NonClass: 107085K(107776K)->107085K(107776K) Class: 15868K(16448K)->15868K(16448K)
[2026-04-03T02:35:48.343+0600][21.271s][info][gc             ] GC(43) Pause Young (Prepare Mixed) (G1 Evacuation Pause) 319M->97M(329M) 4.918ms
[2026-04-03T02:35:48.343+0600][21.271s][info][gc,cpu         ] GC(43) User=0.02s Sys=0.00s Real=0.01s
[2026-04-03T02:35:48.894+0600][21.822s][info][gc,start       ] GC(44) Pause Young (Mixed) (G1 Evacuation Pause)
[2026-04-03T02:35:48.894+0600][21.822s][info][gc,task        ] GC(44) Using 7 workers of 10 for evacuation
[2026-04-03T02:35:48.900+0600][21.828s][info][gc,phases      ] GC(44)   Pre Evacuate Collection Set: 0.61ms
[2026-04-03T02:35:48.900+0600][21.828s][info][gc,phases      ] GC(44)   Merge Heap Roots: 0.16ms
[2026-04-03T02:35:48.900+0600][21.828s][info][gc,phases      ] GC(44)   Evacuate Collection Set: 3.74ms
[2026-04-03T02:35:48.900+0600][21.828s][info][gc,phases      ] GC(44)   Post Evacuate Collection Set: 1.45ms
[2026-04-03T02:35:48.900+0600][21.828s][info][gc,phases      ] GC(44)   Other: 0.11ms
[2026-04-03T02:35:48.900+0600][21.828s][info][gc,heap        ] GC(44) Eden regions: 42->0(251)
[2026-04-03T02:35:48.900+0600][21.828s][info][gc,heap        ] GC(44) Survivor regions: 5->5(23)
[2026-04-03T02:35:48.900+0600][21.828s][info][gc,heap        ] GC(44) Old regions: 74->74
[2026-04-03T02:35:48.900+0600][21.828s][info][gc,heap        ] GC(44) Humongous regions: 210->8
[2026-04-03T02:35:48.900+0600][21.828s][info][gc,metaspace   ] GC(44) Metaspace: 123105K(124352K)->123105K(124352K) NonClass: 107214K(107904K)->107214K(107904K) Class: 15891K(16448K)->15891K(16448K)
[2026-04-03T02:35:48.900+0600][21.828s][info][gc             ] GC(44) Pause Young (Mixed) (G1 Evacuation Pause) 326M->82M(428M) 6.454ms
[2026-04-03T02:35:48.900+0600][21.828s][info][gc,cpu         ] GC(44) User=0.03s Sys=0.01s Real=0.01s
[2026-04-03T02:35:48.909+0600][21.837s][info][gc,start       ] GC(45) Pause Young (Concurrent Start) (G1 Humongous Allocation)
[2026-04-03T02:35:48.909+0600][21.837s][info][gc,task        ] GC(45) Using 10 workers of 10 for evacuation
[2026-04-03T02:35:48.913+0600][21.841s][info][gc,phases      ] GC(45)   Pre Evacuate Collection Set: 0.29ms
[2026-04-03T02:35:48.913+0600][21.841s][info][gc,phases      ] GC(45)   Merge Heap Roots: 0.08ms
[2026-04-03T02:35:48.913+0600][21.841s][info][gc,phases      ] GC(45)   Evacuate Collection Set: 2.86ms
[2026-04-03T02:35:48.913+0600][21.841s][info][gc,phases      ] GC(45)   Post Evacuate Collection Set: 0.54ms
[2026-04-03T02:35:48.913+0600][21.841s][info][gc,phases      ] GC(45)   Other: 0.10ms
[2026-04-03T02:35:48.913+0600][21.841s][info][gc,heap        ] GC(45) Eden regions: 4->0(251)
[2026-04-03T02:35:48.913+0600][21.841s][info][gc,heap        ] GC(45) Survivor regions: 5->5(32)
[2026-04-03T02:35:48.913+0600][21.841s][info][gc,heap        ] GC(45) Old regions: 74->74
[2026-04-03T02:35:48.913+0600][21.841s][info][gc,heap        ] GC(45) Humongous regions: 8->8
[2026-04-03T02:35:48.913+0600][21.841s][info][gc,metaspace   ] GC(45) Metaspace: 123106K(124352K)->123106K(124352K) NonClass: 107215K(107904K)->107215K(107904K) Class: 15891K(16448K)->15891K(16448K)
[2026-04-03T02:35:48.913+0600][21.841s][info][gc             ] GC(45) Pause Young (Concurrent Start) (G1 Humongous Allocation) 85M->82M(428M) 4.205ms
[2026-04-03T02:35:48.913+0600][21.841s][info][gc,cpu         ] GC(45) User=0.02s Sys=0.01s Real=0.01s
[2026-04-03T02:35:48.913+0600][21.841s][info][gc             ] GC(46) Concurrent Mark Cycle
[2026-04-03T02:35:48.914+0600][21.841s][info][gc,marking     ] GC(46) Concurrent Scan Root Regions
[2026-04-03T02:35:48.917+0600][21.845s][info][gc,marking     ] GC(46) Concurrent Scan Root Regions 3.143ms
[2026-04-03T02:35:48.917+0600][21.845s][info][gc,marking     ] GC(46) Concurrent Mark
[2026-04-03T02:35:48.917+0600][21.845s][info][gc,marking     ] GC(46) Concurrent Mark From Roots
[2026-04-03T02:35:48.917+0600][21.845s][info][gc,task        ] GC(46) Using 3 workers of 3 for marking
[2026-04-03T02:35:49.019+0600][21.947s][info][gc,marking     ] GC(46) Concurrent Mark From Roots 102.463ms
[2026-04-03T02:35:49.019+0600][21.947s][info][gc,marking     ] GC(46) Concurrent Preclean
[2026-04-03T02:35:49.020+0600][21.948s][info][gc,marking     ] GC(46) Concurrent Preclean 0.276ms
[2026-04-03T02:35:49.020+0600][21.948s][info][gc,start       ] GC(46) Pause Remark
[2026-04-03T02:35:49.029+0600][21.957s][info][gc             ] GC(46) Pause Remark 107M->107M(330M) 9.020ms
[2026-04-03T02:35:49.029+0600][21.957s][info][gc,cpu         ] GC(46) User=0.06s Sys=0.00s Real=0.00s
[2026-04-03T02:35:49.029+0600][21.957s][info][gc,marking     ] GC(46) Concurrent Mark 112.504ms
[2026-04-03T02:35:49.029+0600][21.957s][info][gc,marking     ] GC(46) Concurrent Rebuild Remembered Sets and Scrub Regions
[2026-04-03T02:35:49.055+0600][21.983s][info][gc,marking     ] GC(46) Concurrent Rebuild Remembered Sets and Scrub Regions 25.468ms
[2026-04-03T02:35:49.055+0600][21.983s][info][gc,start       ] GC(46) Pause Cleanup
[2026-04-03T02:35:49.056+0600][21.983s][info][gc             ] GC(46) Pause Cleanup 114M->114M(330M) 0.318ms
[2026-04-03T02:35:49.056+0600][21.984s][info][gc,cpu         ] GC(46) User=0.00s Sys=0.00s Real=0.00s
[2026-04-03T02:35:49.056+0600][21.984s][info][gc,marking     ] GC(46) Concurrent Clear Claimed Marks
[2026-04-03T02:35:49.056+0600][21.984s][info][gc,marking     ] GC(46) Concurrent Clear Claimed Marks 0.335ms
[2026-04-03T02:35:49.056+0600][21.984s][info][gc,marking     ] GC(46) Concurrent Cleanup for Next Mark
[2026-04-03T02:35:49.057+0600][21.985s][info][gc,marking     ] GC(46) Concurrent Cleanup for Next Mark 1.100ms
[2026-04-03T02:35:49.057+0600][21.985s][info][gc             ] GC(46) Concurrent Mark Cycle 143.862ms
[2026-04-03T02:35:49.118+0600][22.046s][info][gc,start       ] GC(47) Pause Young (Prepare Mixed) (G1 Evacuation Pause)
[2026-04-03T02:35:49.118+0600][22.046s][info][gc,task        ] GC(47) Using 10 workers of 10 for evacuation
[2026-04-03T02:35:49.123+0600][22.051s][info][gc,phases      ] GC(47)   Pre Evacuate Collection Set: 0.26ms
[2026-04-03T02:35:49.123+0600][22.051s][info][gc,phases      ] GC(47)   Merge Heap Roots: 0.25ms
[2026-04-03T02:35:49.123+0600][22.051s][info][gc,phases      ] GC(47)   Evacuate Collection Set: 3.41ms
[2026-04-03T02:35:49.123+0600][22.051s][info][gc,phases      ] GC(47)   Post Evacuate Collection Set: 0.74ms
[2026-04-03T02:35:49.123+0600][22.051s][info][gc,phases      ] GC(47)   Other: 0.10ms
[2026-04-03T02:35:49.123+0600][22.051s][info][gc,heap        ] GC(47) Eden regions: 31->0(250)
[2026-04-03T02:35:49.123+0600][22.051s][info][gc,heap        ] GC(47) Survivor regions: 5->6(25)
[2026-04-03T02:35:49.123+0600][22.051s][info][gc,heap        ] GC(47) Old regions: 74->74
[2026-04-03T02:35:49.123+0600][22.051s][info][gc,heap        ] GC(47) Humongous regions: 312->18
[2026-04-03T02:35:49.123+0600][22.051s][info][gc,metaspace   ] GC(47) Metaspace: 123146K(124352K)->123146K(124352K) NonClass: 107251K(107904K)->107251K(107904K) Class: 15894K(16448K)->15894K(16448K)
[2026-04-03T02:35:49.123+0600][22.051s][info][gc             ] GC(47) Pause Young (Prepare Mixed) (G1 Evacuation Pause) 417M->93M(428M) 5.079ms
[2026-04-03T02:35:49.123+0600][22.051s][info][gc,cpu         ] GC(47) User=0.03s Sys=0.00s Real=0.01s
[2026-04-03T02:35:50.709+0600][23.637s][info][gc,start       ] GC(48) Pause Young (Mixed) (G1 Evacuation Pause)
[2026-04-03T02:35:50.709+0600][23.637s][info][gc,task        ] GC(48) Using 10 workers of 10 for evacuation
[2026-04-03T02:35:50.714+0600][23.642s][info][gc,phases      ] GC(48)   Pre Evacuate Collection Set: 0.34ms
[2026-04-03T02:35:50.715+0600][23.642s][info][gc,phases      ] GC(48)   Merge Heap Roots: 0.19ms
[2026-04-03T02:35:50.715+0600][23.642s][info][gc,phases      ] GC(48)   Evacuate Collection Set: 3.96ms
[2026-04-03T02:35:50.715+0600][23.642s][info][gc,phases      ] GC(48)   Post Evacuate Collection Set: 0.96ms
[2026-04-03T02:35:50.715+0600][23.642s][info][gc,phases      ] GC(48)   Other: 0.14ms
[2026-04-03T02:35:50.715+0600][23.642s][info][gc,heap        ] GC(48) Eden regions: 189->0(255)
[2026-04-03T02:35:50.715+0600][23.642s][info][gc,heap        ] GC(48) Survivor regions: 6->5(32)
[2026-04-03T02:35:50.715+0600][23.643s][info][gc,heap        ] GC(48) Old regions: 74->74
[2026-04-03T02:35:50.715+0600][23.643s][info][gc,heap        ] GC(48) Humongous regions: 159->8
[2026-04-03T02:35:50.715+0600][23.643s][info][gc,metaspace   ] GC(48) Metaspace: 127295K(128832K)->127295K(128832K) NonClass: 110895K(111744K)->110895K(111744K) Class: 16399K(17088K)->16399K(17088K)
[2026-04-03T02:35:50.715+0600][23.643s][info][gc             ] GC(48) Pause Young (Mixed) (G1 Evacuation Pause) 423M->82M(434M) 5.960ms
[2026-04-03T02:35:50.715+0600][23.643s][info][gc,cpu         ] GC(48) User=0.03s Sys=0.02s Real=0.01s
[2026-04-03T02:35:50.967+0600][23.895s][info][gc,start       ] GC(49) Pause Young (Concurrent Start) (G1 Humongous Allocation)
[2026-04-03T02:35:50.967+0600][23.895s][info][gc,task        ] GC(49) Using 10 workers of 10 for evacuation
[2026-04-03T02:35:50.971+0600][23.899s][info][gc,phases      ] GC(49)   Pre Evacuate Collection Set: 0.48ms
[2026-04-03T02:35:50.971+0600][23.899s][info][gc,phases      ] GC(49)   Merge Heap Roots: 0.10ms
[2026-04-03T02:35:50.971+0600][23.899s][info][gc,phases      ] GC(49)   Evacuate Collection Set: 2.72ms
[2026-04-03T02:35:50.971+0600][23.899s][info][gc,phases      ] GC(49)   Post Evacuate Collection Set: 0.54ms
[2026-04-03T02:35:50.971+0600][23.899s][info][gc,phases      ] GC(49)   Other: 0.20ms
[2026-04-03T02:35:50.971+0600][23.899s][info][gc,heap        ] GC(49) Eden regions: 92->0(255)
[2026-04-03T02:35:50.971+0600][23.899s][info][gc,heap        ] GC(49) Survivor regions: 5->5(33)
[2026-04-03T02:35:50.971+0600][23.899s][info][gc,heap        ] GC(49) Old regions: 74->74
[2026-04-03T02:35:50.971+0600][23.899s][info][gc,heap        ] GC(49) Humongous regions: 8->8
[2026-04-03T02:35:50.971+0600][23.899s][info][gc,metaspace   ] GC(49) Metaspace: 127495K(128960K)->127495K(128960K) NonClass: 111094K(111872K)->111094K(111872K) Class: 16401K(17088K)->16401K(17088K)
[2026-04-03T02:35:50.971+0600][23.899s][info][gc             ] GC(49) Pause Young (Concurrent Start) (G1 Humongous Allocation) 174M->82M(434M) 4.365ms
[2026-04-03T02:35:50.971+0600][23.899s][info][gc             ] GC(50) Concurrent Mark Cycle
[2026-04-03T02:35:50.971+0600][23.899s][info][gc,marking     ] GC(50) Concurrent Scan Root Regions
[2026-04-03T02:35:50.971+0600][23.899s][info][gc,cpu         ] GC(49) User=0.03s Sys=0.00s Real=0.01s
[2026-04-03T02:35:50.974+0600][23.902s][info][gc,marking     ] GC(50) Concurrent Scan Root Regions 3.140ms
[2026-04-03T02:35:50.974+0600][23.902s][info][gc,marking     ] GC(50) Concurrent Mark
[2026-04-03T02:35:50.974+0600][23.902s][info][gc,marking     ] GC(50) Concurrent Mark From Roots
[2026-04-03T02:35:50.974+0600][23.902s][info][gc,task        ] GC(50) Using 3 workers of 3 for marking
[2026-04-03T02:35:51.064+0600][23.991s][info][gc,marking     ] GC(50) Concurrent Mark From Roots 89.112ms
[2026-04-03T02:35:51.064+0600][23.991s][info][gc,marking     ] GC(50) Concurrent Preclean
[2026-04-03T02:35:51.064+0600][23.992s][info][gc,marking     ] GC(50) Concurrent Preclean 0.589ms
[2026-04-03T02:35:51.065+0600][23.993s][info][gc,start       ] GC(50) Pause Remark
[2026-04-03T02:35:51.073+0600][24.001s][info][gc             ] GC(50) Pause Remark 131M->131M(377M) 8.392ms
[2026-04-03T02:35:51.073+0600][24.001s][info][gc,cpu         ] GC(50) User=0.06s Sys=0.00s Real=0.01s
[2026-04-03T02:35:51.075+0600][24.003s][info][gc,marking     ] GC(50) Concurrent Mark 100.865ms
[2026-04-03T02:35:51.075+0600][24.003s][info][gc,marking     ] GC(50) Concurrent Rebuild Remembered Sets and Scrub Regions
[2026-04-03T02:35:51.121+0600][24.049s][info][gc,marking     ] GC(50) Concurrent Rebuild Remembered Sets and Scrub Regions 45.813ms
[2026-04-03T02:35:51.122+0600][24.050s][info][gc,start       ] GC(50) Pause Cleanup
[2026-04-03T02:35:51.122+0600][24.050s][info][gc             ] GC(50) Pause Cleanup 145M->145M(377M) 0.396ms
[2026-04-03T02:35:51.122+0600][24.050s][info][gc,cpu         ] GC(50) User=0.00s Sys=0.00s Real=0.00s
[2026-04-03T02:35:51.122+0600][24.050s][info][gc,marking     ] GC(50) Concurrent Clear Claimed Marks
[2026-04-03T02:35:51.123+0600][24.050s][info][gc,marking     ] GC(50) Concurrent Clear Claimed Marks 0.316ms
[2026-04-03T02:35:51.123+0600][24.050s][info][gc,marking     ] GC(50) Concurrent Cleanup for Next Mark
[2026-04-03T02:35:51.124+0600][24.052s][info][gc,marking     ] GC(50) Concurrent Cleanup for Next Mark 1.043ms
[2026-04-03T02:35:51.124+0600][24.052s][info][gc             ] GC(50) Concurrent Mark Cycle 152.621ms
[2026-04-03T02:35:51.522+0600][24.450s][info][gc,start       ] GC(51) Pause Young (Prepare Mixed) (G1 Evacuation Pause)
[2026-04-03T02:35:51.522+0600][24.450s][info][gc,task        ] GC(51) Using 9 workers of 10 for evacuation
[2026-04-03T02:35:51.530+0600][24.458s][info][gc,phases      ] GC(51)   Pre Evacuate Collection Set: 0.50ms
[2026-04-03T02:35:51.530+0600][24.458s][info][gc,phases      ] GC(51)   Merge Heap Roots: 0.24ms
[2026-04-03T02:35:51.530+0600][24.458s][info][gc,phases      ] GC(51)   Evacuate Collection Set: 6.18ms
[2026-04-03T02:35:51.530+0600][24.458s][info][gc,phases      ] GC(51)   Post Evacuate Collection Set: 0.71ms
[2026-04-03T02:35:51.530+0600][24.458s][info][gc,phases      ] GC(51)   Other: 0.14ms
[2026-04-03T02:35:51.530+0600][24.458s][info][gc,heap        ] GC(51) Eden regions: 159->0(223)
[2026-04-03T02:35:51.530+0600][24.458s][info][gc,heap        ] GC(51) Survivor regions: 5->8(29)
[2026-04-03T02:35:51.530+0600][24.458s][info][gc,heap        ] GC(51) Old regions: 74->74
[2026-04-03T02:35:51.530+0600][24.458s][info][gc,heap        ] GC(51) Humongous regions: 139->8
[2026-04-03T02:35:51.530+0600][24.458s][info][gc,metaspace   ] GC(51) Metaspace: 127811K(129344K)->127811K(129344K) NonClass: 111398K(112256K)->111398K(112256K) Class: 16412K(17088K)->16412K(17088K)
[2026-04-03T02:35:51.530+0600][24.458s][info][gc             ] GC(51) Pause Young (Prepare Mixed) (G1 Evacuation Pause) 372M->84M(385M) 8.105ms
[2026-04-03T02:35:51.530+0600][24.458s][info][gc,cpu         ] GC(51) User=0.06s Sys=0.01s Real=0.01s
[2026-04-03T02:35:51.936+0600][24.864s][info][gc,start       ] GC(52) Pause Young (Mixed) (G1 Evacuation Pause)
[2026-04-03T02:35:51.936+0600][24.864s][info][gc,task        ] GC(52) Using 9 workers of 10 for evacuation
[2026-04-03T02:35:51.945+0600][24.873s][info][gc,phases      ] GC(52)   Pre Evacuate Collection Set: 0.67ms
[2026-04-03T02:35:51.945+0600][24.873s][info][gc,phases      ] GC(52)   Merge Heap Roots: 0.35ms
[2026-04-03T02:35:51.945+0600][24.873s][info][gc,phases      ] GC(52)   Evacuate Collection Set: 6.63ms
[2026-04-03T02:35:51.945+0600][24.873s][info][gc,phases      ] GC(52)   Post Evacuate Collection Set: 1.17ms
[2026-04-03T02:35:51.945+0600][24.873s][info][gc,phases      ] GC(52)   Other: 0.18ms
[2026-04-03T02:35:51.945+0600][24.873s][info][gc,heap        ] GC(52) Eden regions: 169->0(228)
[2026-04-03T02:35:51.945+0600][24.873s][info][gc,heap        ] GC(52) Survivor regions: 8->8(29)
[2026-04-03T02:35:51.945+0600][24.873s][info][gc,heap        ] GC(52) Old regions: 74->74
[2026-04-03T02:35:51.945+0600][24.873s][info][gc,heap        ] GC(52) Humongous regions: 134->8
[2026-04-03T02:35:51.945+0600][24.873s][info][gc,metaspace   ] GC(52) Metaspace: 128104K(129600K)->128104K(129600K) NonClass: 111677K(112512K)->111677K(112512K) Class: 16427K(17088K)->16427K(17088K)
[2026-04-03T02:35:51.945+0600][24.873s][info][gc             ] GC(52) Pause Young (Mixed) (G1 Evacuation Pause) 379M->85M(394M) 9.440ms
[2026-04-03T02:35:51.945+0600][24.873s][info][gc,cpu         ] GC(52) User=0.07s Sys=0.01s Real=0.01s
[2026-04-03T02:35:51.964+0600][24.892s][info][gc,start       ] GC(53) Pause Young (Concurrent Start) (G1 Humongous Allocation)
[2026-04-03T02:35:51.964+0600][24.892s][info][gc,task        ] GC(53) Using 9 workers of 10 for evacuation
[2026-04-03T02:35:51.970+0600][24.898s][info][gc,phases      ] GC(53)   Pre Evacuate Collection Set: 0.47ms
[2026-04-03T02:35:51.970+0600][24.898s][info][gc,phases      ] GC(53)   Merge Heap Roots: 0.19ms
[2026-04-03T02:35:51.970+0600][24.898s][info][gc,phases      ] GC(53)   Evacuate Collection Set: 4.37ms
[2026-04-03T02:35:51.970+0600][24.898s][info][gc,phases      ] GC(53)   Post Evacuate Collection Set: 1.02ms
[2026-04-03T02:35:51.970+0600][24.898s][info][gc,phases      ] GC(53)   Other: 0.25ms
[2026-04-03T02:35:51.970+0600][24.898s][info][gc,heap        ] GC(53) Eden regions: 13->0(227)
[2026-04-03T02:35:51.970+0600][24.898s][info][gc,heap        ] GC(53) Survivor regions: 8->9(30)
[2026-04-03T02:35:51.970+0600][24.898s][info][gc,heap        ] GC(53) Old regions: 74->74
[2026-04-03T02:35:51.970+0600][24.898s][info][gc,heap        ] GC(53) Humongous regions: 8->8
[2026-04-03T02:35:51.971+0600][24.898s][info][gc,metaspace   ] GC(53) Metaspace: 128110K(129600K)->128110K(129600K) NonClass: 111683K(112512K)->111683K(112512K) Class: 16427K(17088K)->16427K(17088K)
[2026-04-03T02:35:51.971+0600][24.898s][info][gc             ] GC(53) Pause Young (Concurrent Start) (G1 Humongous Allocation) 97M->86M(394M) 6.678ms
[2026-04-03T02:35:51.971+0600][24.899s][info][gc             ] GC(54) Concurrent Mark Cycle
[2026-04-03T02:35:51.971+0600][24.899s][info][gc,marking     ] GC(54) Concurrent Scan Root Regions
[2026-04-03T02:35:51.971+0600][24.899s][info][gc,cpu         ] GC(53) User=0.05s Sys=0.01s Real=0.01s
[2026-04-03T02:35:51.974+0600][24.902s][info][gc,marking     ] GC(54) Concurrent Scan Root Regions 3.379ms
[2026-04-03T02:35:51.974+0600][24.902s][info][gc,marking     ] GC(54) Concurrent Mark
[2026-04-03T02:35:51.974+0600][24.902s][info][gc,marking     ] GC(54) Concurrent Mark From Roots
[2026-04-03T02:35:51.974+0600][24.902s][info][gc,task        ] GC(54) Using 3 workers of 3 for marking
[2026-04-03T02:35:52.085+0600][25.013s][info][gc,marking     ] GC(54) Concurrent Mark From Roots 110.715ms
[2026-04-03T02:35:52.085+0600][25.013s][info][gc,marking     ] GC(54) Concurrent Preclean
[2026-04-03T02:35:52.085+0600][25.013s][info][gc,marking     ] GC(54) Concurrent Preclean 0.254ms
[2026-04-03T02:35:52.086+0600][25.014s][info][gc,start       ] GC(54) Pause Remark
[2026-04-03T02:35:52.095+0600][25.023s][info][gc             ] GC(54) Pause Remark 148M->148M(394M) 9.388ms
[2026-04-03T02:35:52.095+0600][25.023s][info][gc,cpu         ] GC(54) User=0.08s Sys=0.00s Real=0.01s
[2026-04-03T02:35:52.096+0600][25.024s][info][gc,marking     ] GC(54) Concurrent Mark 121.348ms
[2026-04-03T02:35:52.096+0600][25.024s][info][gc,marking     ] GC(54) Concurrent Rebuild Remembered Sets and Scrub Regions
[2026-04-03T02:35:52.128+0600][25.056s][info][gc,marking     ] GC(54) Concurrent Rebuild Remembered Sets and Scrub Regions 32.607ms
[2026-04-03T02:35:52.129+0600][25.057s][info][gc,start       ] GC(54) Pause Cleanup
[2026-04-03T02:35:52.129+0600][25.057s][info][gc             ] GC(54) Pause Cleanup 165M->165M(394M) 0.365ms
[2026-04-03T02:35:52.129+0600][25.057s][info][gc,cpu         ] GC(54) User=0.00s Sys=0.00s Real=0.00s
[2026-04-03T02:35:52.129+0600][25.057s][info][gc,marking     ] GC(54) Concurrent Clear Claimed Marks
[2026-04-03T02:35:52.130+0600][25.058s][info][gc,marking     ] GC(54) Concurrent Clear Claimed Marks 0.346ms
[2026-04-03T02:35:52.130+0600][25.058s][info][gc,marking     ] GC(54) Concurrent Cleanup for Next Mark
[2026-04-03T02:35:52.131+0600][25.059s][info][gc,marking     ] GC(54) Concurrent Cleanup for Next Mark 0.874ms
[2026-04-03T02:35:52.131+0600][25.059s][info][gc             ] GC(54) Concurrent Mark Cycle 160.139ms
[2026-04-03T02:35:52.430+0600][25.358s][info][gc,start       ] GC(55) Pause Young (Prepare Mixed) (G1 Evacuation Pause)
[2026-04-03T02:35:52.430+0600][25.358s][info][gc,task        ] GC(55) Using 9 workers of 10 for evacuation
[2026-04-03T02:35:52.437+0600][25.365s][info][gc,phases      ] GC(55)   Pre Evacuate Collection Set: 0.34ms
[2026-04-03T02:35:52.437+0600][25.365s][info][gc,phases      ] GC(55)   Merge Heap Roots: 0.22ms
[2026-04-03T02:35:52.437+0600][25.365s][info][gc,phases      ] GC(55)   Evacuate Collection Set: 5.02ms
[2026-04-03T02:35:52.437+0600][25.365s][info][gc,phases      ] GC(55)   Post Evacuate Collection Set: 1.04ms
[2026-04-03T02:35:52.437+0600][25.365s][info][gc,phases      ] GC(55)   Other: 0.12ms
[2026-04-03T02:35:52.437+0600][25.365s][info][gc,heap        ] GC(55) Eden regions: 177->0(243)
[2026-04-03T02:35:52.437+0600][25.365s][info][gc,heap        ] GC(55) Survivor regions: 9->7(30)
[2026-04-03T02:35:52.437+0600][25.365s][info][gc,heap        ] GC(55) Old regions: 74->74
[2026-04-03T02:35:52.437+0600][25.365s][info][gc,heap        ] GC(55) Humongous regions: 150->8
[2026-04-03T02:35:52.437+0600][25.365s][info][gc,metaspace   ] GC(55) Metaspace: 128370K(129920K)->128370K(129920K) NonClass: 111941K(112768K)->111941K(112768K) Class: 16429K(17152K)->16429K(17152K)
[2026-04-03T02:35:52.437+0600][25.365s][info][gc             ] GC(55) Pause Young (Prepare Mixed) (G1 Evacuation Pause) 405M->84M(417M) 7.062ms
[2026-04-03T02:35:52.438+0600][25.365s][info][gc,cpu         ] GC(55) User=0.05s Sys=0.01s Real=0.00s
[2026-04-03T02:35:53.094+0600][26.022s][info][gc,start       ] GC(56) Pause Young (Mixed) (G1 Evacuation Pause)
[2026-04-03T02:35:53.094+0600][26.022s][info][gc,task        ] GC(56) Using 10 workers of 10 for evacuation
[2026-04-03T02:35:53.100+0600][26.028s][info][gc,phases      ] GC(56)   Pre Evacuate Collection Set: 0.57ms
[2026-04-03T02:35:53.100+0600][26.028s][info][gc,phases      ] GC(56)   Merge Heap Roots: 0.25ms
[2026-04-03T02:35:53.100+0600][26.028s][info][gc,phases      ] GC(56)   Evacuate Collection Set: 3.34ms
[2026-04-03T02:35:53.100+0600][26.028s][info][gc,phases      ] GC(56)   Post Evacuate Collection Set: 1.15ms
[2026-04-03T02:35:53.100+0600][26.028s][info][gc,phases      ] GC(56)   Other: 0.14ms
[2026-04-03T02:35:53.100+0600][26.028s][info][gc,heap        ] GC(56) Eden regions: 243->0(243)
[2026-04-03T02:35:53.100+0600][26.028s][info][gc,heap        ] GC(56) Survivor regions: 7->7(32)
[2026-04-03T02:35:53.100+0600][26.028s][info][gc,heap        ] GC(56) Old regions: 74->73
[2026-04-03T02:35:53.100+0600][26.028s][info][gc,heap        ] GC(56) Humongous regions: 86->8
[2026-04-03T02:35:53.100+0600][26.028s][info][gc,metaspace   ] GC(56) Metaspace: 128785K(130304K)->128785K(130304K) NonClass: 112318K(113152K)->112318K(113152K) Class: 16466K(17152K)->16466K(17152K)
[2026-04-03T02:35:53.100+0600][26.028s][info][gc             ] GC(56) Pause Young (Mixed) (G1 Evacuation Pause) 405M->84M(417M) 5.875ms
[2026-04-03T02:35:53.100+0600][26.028s][info][gc,cpu         ] GC(56) User=0.03s Sys=0.00s Real=0.01s
[2026-04-03T02:35:53.115+0600][26.042s][info][gc,start       ] GC(57) Pause Young (Concurrent Start) (G1 Humongous Allocation)
[2026-04-03T02:35:53.115+0600][26.043s][info][gc,task        ] GC(57) Using 10 workers of 10 for evacuation
[2026-04-03T02:35:53.120+0600][26.048s][info][gc,phases      ] GC(57)   Pre Evacuate Collection Set: 0.41ms
[2026-04-03T02:35:53.120+0600][26.048s][info][gc,phases      ] GC(57)   Merge Heap Roots: 0.11ms
[2026-04-03T02:35:53.120+0600][26.048s][info][gc,phases      ] GC(57)   Evacuate Collection Set: 4.07ms
[2026-04-03T02:35:53.120+0600][26.048s][info][gc,phases      ] GC(57)   Post Evacuate Collection Set: 0.82ms
[2026-04-03T02:35:53.121+0600][26.048s][info][gc,phases      ] GC(57)   Other: 0.17ms
[2026-04-03T02:35:53.121+0600][26.048s][info][gc,heap        ] GC(57) Eden regions: 17->0(242)
[2026-04-03T02:35:53.121+0600][26.048s][info][gc,heap        ] GC(57) Survivor regions: 7->8(32)
[2026-04-03T02:35:53.121+0600][26.048s][info][gc,heap        ] GC(57) Old regions: 73->73
[2026-04-03T02:35:53.121+0600][26.048s][info][gc,heap        ] GC(57) Humongous regions: 8->8
[2026-04-03T02:35:53.121+0600][26.048s][info][gc,metaspace   ] GC(57) Metaspace: 128791K(130304K)->128791K(130304K) NonClass: 112324K(113152K)->112324K(113152K) Class: 16466K(17152K)->16466K(17152K)
[2026-04-03T02:35:53.121+0600][26.048s][info][gc             ] GC(57) Pause Young (Concurrent Start) (G1 Humongous Allocation) 100M->85M(417M) 6.016ms
[2026-04-03T02:35:53.121+0600][26.049s][info][gc             ] GC(58) Concurrent Mark Cycle
[2026-04-03T02:35:53.121+0600][26.049s][info][gc,marking     ] GC(58) Concurrent Scan Root Regions
[2026-04-03T02:35:53.121+0600][26.049s][info][gc,cpu         ] GC(57) User=0.04s Sys=0.00s Real=0.01s
[2026-04-03T02:35:53.125+0600][26.053s][info][gc,marking     ] GC(58) Concurrent Scan Root Regions 4.557ms
[2026-04-03T02:35:53.125+0600][26.053s][info][gc,marking     ] GC(58) Concurrent Mark
[2026-04-03T02:35:53.125+0600][26.053s][info][gc,marking     ] GC(58) Concurrent Mark From Roots
[2026-04-03T02:35:53.125+0600][26.053s][info][gc,task        ] GC(58) Using 3 workers of 3 for marking
[2026-04-03T02:35:53.208+0600][26.136s][info][gc,marking     ] GC(58) Concurrent Mark From Roots 82.749ms
[2026-04-03T02:35:53.208+0600][26.136s][info][gc,marking     ] GC(58) Concurrent Preclean
[2026-04-03T02:35:53.208+0600][26.136s][info][gc,marking     ] GC(58) Concurrent Preclean 0.193ms
[2026-04-03T02:35:53.209+0600][26.137s][info][gc,start       ] GC(58) Pause Remark
[2026-04-03T02:35:53.219+0600][26.147s][info][gc             ] GC(58) Pause Remark 152M->152M(407M) 10.261ms
[2026-04-03T02:35:53.219+0600][26.147s][info][gc,cpu         ] GC(58) User=0.07s Sys=0.00s Real=0.01s
[2026-04-03T02:35:53.219+0600][26.147s][info][gc,marking     ] GC(58) Concurrent Mark 94.012ms
[2026-04-03T02:35:53.220+0600][26.147s][info][gc,marking     ] GC(58) Concurrent Rebuild Remembered Sets and Scrub Regions
[2026-04-03T02:35:53.249+0600][26.177s][info][gc,marking     ] GC(58) Concurrent Rebuild Remembered Sets and Scrub Regions 29.933ms
[2026-04-03T02:35:53.250+0600][26.178s][info][gc,start       ] GC(58) Pause Cleanup
[2026-04-03T02:35:53.250+0600][26.178s][info][gc             ] GC(58) Pause Cleanup 168M->168M(407M) 0.335ms
[2026-04-03T02:35:53.251+0600][26.178s][info][gc,cpu         ] GC(58) User=0.00s Sys=0.00s Real=0.00s
[2026-04-03T02:35:53.251+0600][26.179s][info][gc,marking     ] GC(58) Concurrent Clear Claimed Marks
[2026-04-03T02:35:53.251+0600][26.179s][info][gc,marking     ] GC(58) Concurrent Clear Claimed Marks 0.358ms
[2026-04-03T02:35:53.251+0600][26.179s][info][gc,marking     ] GC(58) Concurrent Cleanup for Next Mark
[2026-04-03T02:35:53.254+0600][26.182s][info][gc,marking     ] GC(58) Concurrent Cleanup for Next Mark 2.630ms
[2026-04-03T02:35:53.254+0600][26.182s][info][gc             ] GC(58) Concurrent Mark Cycle 133.206ms
[2026-04-03T02:35:53.513+0600][26.441s][info][gc,start       ] GC(59) Pause Young (Prepare Mixed) (G1 Evacuation Pause)
[2026-04-03T02:35:53.513+0600][26.441s][info][gc,task        ] GC(59) Using 9 workers of 10 for evacuation
[2026-04-03T02:35:53.521+0600][26.449s][info][gc,phases      ] GC(59)   Pre Evacuate Collection Set: 0.60ms
[2026-04-03T02:35:53.521+0600][26.449s][info][gc,phases      ] GC(59)   Merge Heap Roots: 0.32ms
[2026-04-03T02:35:53.521+0600][26.449s][info][gc,phases      ] GC(59)   Evacuate Collection Set: 6.15ms
[2026-04-03T02:35:53.521+0600][26.449s][info][gc,phases      ] GC(59)   Post Evacuate Collection Set: 0.74ms
[2026-04-03T02:35:53.521+0600][26.449s][info][gc,phases      ] GC(59)   Other: 0.15ms
[2026-04-03T02:35:53.521+0600][26.449s][info][gc,heap        ] GC(59) Eden regions: 171->0(240)
[2026-04-03T02:35:53.521+0600][26.449s][info][gc,heap        ] GC(59) Survivor regions: 8->9(31)
[2026-04-03T02:35:53.521+0600][26.449s][info][gc,heap        ] GC(59) Old regions: 73->73
[2026-04-03T02:35:53.521+0600][26.449s][info][gc,heap        ] GC(59) Humongous regions: 155->8
[2026-04-03T02:35:53.521+0600][26.449s][info][gc,metaspace   ] GC(59) Metaspace: 128955K(130496K)->128955K(130496K) NonClass: 112486K(113344K)->112486K(113344K) Class: 16468K(17152K)->16468K(17152K)
[2026-04-03T02:35:53.521+0600][26.449s][info][gc             ] GC(59) Pause Young (Prepare Mixed) (G1 Evacuation Pause) 403M->86M(416M) 8.316ms
[2026-04-03T02:35:53.521+0600][26.449s][info][gc,cpu         ] GC(59) User=0.05s Sys=0.00s Real=0.01s
[2026-04-03T02:35:53.898+0600][26.826s][info][gc,start       ] GC(60) Pause Young (Mixed) (G1 Evacuation Pause)
[2026-04-03T02:35:53.898+0600][26.826s][info][gc,task        ] GC(60) Using 10 workers of 10 for evacuation
[2026-04-03T02:35:53.904+0600][26.832s][info][gc,phases      ] GC(60)   Pre Evacuate Collection Set: 0.43ms
[2026-04-03T02:35:53.904+0600][26.832s][info][gc,phases      ] GC(60)   Merge Heap Roots: 0.18ms
[2026-04-03T02:35:53.904+0600][26.832s][info][gc,phases      ] GC(60)   Evacuate Collection Set: 4.47ms
[2026-04-03T02:35:53.904+0600][26.832s][info][gc,phases      ] GC(60)   Post Evacuate Collection Set: 0.78ms
[2026-04-03T02:35:53.904+0600][26.832s][info][gc,phases      ] GC(60)   Other: 0.12ms
[2026-04-03T02:35:53.904+0600][26.832s][info][gc,heap        ] GC(60) Eden regions: 184->0(249)
[2026-04-03T02:35:53.904+0600][26.832s][info][gc,heap        ] GC(60) Survivor regions: 9->9(32)
[2026-04-03T02:35:53.904+0600][26.832s][info][gc,heap        ] GC(60) Old regions: 73->73
[2026-04-03T02:35:53.904+0600][26.832s][info][gc,heap        ] GC(60) Humongous regions: 155->8
[2026-04-03T02:35:53.904+0600][26.832s][info][gc,metaspace   ] GC(60) Metaspace: 129118K(130624K)->129118K(130624K) NonClass: 112647K(113472K)->112647K(113472K) Class: 16471K(17152K)->16471K(17152K)
[2026-04-03T02:35:53.904+0600][26.832s][info][gc             ] GC(60) Pause Young (Mixed) (G1 Evacuation Pause) 417M->86M(431M) 6.285ms
[2026-04-03T02:35:53.904+0600][26.832s][info][gc,cpu         ] GC(60) User=0.04s Sys=0.01s Real=0.01s
[2026-04-03T02:35:53.927+0600][26.854s][info][gc,start       ] GC(61) Pause Young (Concurrent Start) (GCLocker Initiated GC)
[2026-04-03T02:35:53.927+0600][26.855s][info][gc,task        ] GC(61) Using 10 workers of 10 for evacuation
[2026-04-03T02:35:53.933+0600][26.861s][info][gc,phases      ] GC(61)   Pre Evacuate Collection Set: 0.62ms
[2026-04-03T02:35:53.933+0600][26.861s][info][gc,phases      ] GC(61)   Merge Heap Roots: 0.17ms
[2026-04-03T02:35:53.933+0600][26.861s][info][gc,phases      ] GC(61)   Evacuate Collection Set: 4.67ms
[2026-04-03T02:35:53.933+0600][26.861s][info][gc,phases      ] GC(61)   Post Evacuate Collection Set: 1.01ms
[2026-04-03T02:35:53.934+0600][26.861s][info][gc,phases      ] GC(61)   Other: 0.24ms
[2026-04-03T02:35:53.934+0600][26.861s][info][gc,heap        ] GC(61) Eden regions: 18->0(249)
[2026-04-03T02:35:53.934+0600][26.861s][info][gc,heap        ] GC(61) Survivor regions: 9->9(33)
[2026-04-03T02:35:53.934+0600][26.861s][info][gc,heap        ] GC(61) Old regions: 73->73
[2026-04-03T02:35:53.934+0600][26.861s][info][gc,heap        ] GC(61) Humongous regions: 8->8
[2026-04-03T02:35:53.934+0600][26.861s][info][gc,metaspace   ] GC(61) Metaspace: 129129K(130624K)->129129K(130624K) NonClass: 112658K(113472K)->112658K(113472K) Class: 16471K(17152K)->16471K(17152K)
[2026-04-03T02:35:53.934+0600][26.861s][info][gc             ] GC(61) Pause Young (Concurrent Start) (GCLocker Initiated GC) 103M->86M(431M) 7.042ms
[2026-04-03T02:35:53.934+0600][26.862s][info][gc             ] GC(62) Concurrent Mark Cycle
[2026-04-03T02:35:53.934+0600][26.862s][info][gc,marking     ] GC(62) Concurrent Scan Root Regions
[2026-04-03T02:35:53.934+0600][26.862s][info][gc,cpu         ] GC(61) User=0.05s Sys=0.01s Real=0.01s
[2026-04-03T02:35:53.941+0600][26.868s][info][gc,marking     ] GC(62) Concurrent Scan Root Regions 6.856ms
[2026-04-03T02:35:53.941+0600][26.869s][info][gc,marking     ] GC(62) Concurrent Mark
[2026-04-03T02:35:53.941+0600][26.869s][info][gc,marking     ] GC(62) Concurrent Mark From Roots
[2026-04-03T02:35:53.941+0600][26.869s][info][gc,task        ] GC(62) Using 3 workers of 3 for marking
[2026-04-03T02:35:54.035+0600][26.963s][info][gc,marking     ] GC(62) Concurrent Mark From Roots 94.001ms
[2026-04-03T02:35:54.035+0600][26.963s][info][gc,marking     ] GC(62) Concurrent Preclean
[2026-04-03T02:35:54.035+0600][26.963s][info][gc,marking     ] GC(62) Concurrent Preclean 0.259ms
[2026-04-03T02:35:54.036+0600][26.963s][info][gc,start       ] GC(62) Pause Remark
[2026-04-03T02:35:54.044+0600][26.971s][info][gc             ] GC(62) Pause Remark 158M->158M(404M) 8.079ms
[2026-04-03T02:35:54.044+0600][26.972s][info][gc,cpu         ] GC(62) User=0.06s Sys=0.00s Real=0.01s
[2026-04-03T02:35:54.044+0600][26.972s][info][gc,marking     ] GC(62) Concurrent Mark 103.305ms
[2026-04-03T02:35:54.044+0600][26.972s][info][gc,marking     ] GC(62) Concurrent Rebuild Remembered Sets and Scrub Regions
[2026-04-03T02:35:54.068+0600][26.996s][info][gc,marking     ] GC(62) Concurrent Rebuild Remembered Sets and Scrub Regions 23.549ms
[2026-04-03T02:35:54.068+0600][26.996s][info][gc,start       ] GC(62) Pause Cleanup
[2026-04-03T02:35:54.069+0600][26.997s][info][gc             ] GC(62) Pause Cleanup 171M->171M(404M) 0.310ms
[2026-04-03T02:35:54.069+0600][26.997s][info][gc,cpu         ] GC(62) User=0.00s Sys=0.00s Real=0.00s
[2026-04-03T02:35:54.069+0600][26.997s][info][gc,marking     ] GC(62) Concurrent Clear Claimed Marks
[2026-04-03T02:35:54.069+0600][26.997s][info][gc,marking     ] GC(62) Concurrent Clear Claimed Marks 0.357ms
[2026-04-03T02:35:54.069+0600][26.997s][info][gc,marking     ] GC(62) Concurrent Cleanup for Next Mark
[2026-04-03T02:35:54.071+0600][26.999s][info][gc,marking     ] GC(62) Concurrent Cleanup for Next Mark 1.607ms
[2026-04-03T02:35:54.071+0600][26.999s][info][gc             ] GC(62) Concurrent Mark Cycle 137.388ms
[2026-04-03T02:35:54.333+0600][27.261s][info][gc,start       ] GC(63) Pause Young (Prepare Mixed) (G1 Evacuation Pause)
[2026-04-03T02:35:54.333+0600][27.261s][info][gc,task        ] GC(63) Using 9 workers of 10 for evacuation
[2026-04-03T02:35:54.341+0600][27.269s][info][gc,phases      ] GC(63)   Pre Evacuate Collection Set: 0.31ms
[2026-04-03T02:35:54.341+0600][27.269s][info][gc,phases      ] GC(63)   Merge Heap Roots: 0.28ms
[2026-04-03T02:35:54.342+0600][27.269s][info][gc,phases      ] GC(63)   Evacuate Collection Set: 6.62ms
[2026-04-03T02:35:54.342+0600][27.269s][info][gc,phases      ] GC(63)   Post Evacuate Collection Set: 0.87ms
[2026-04-03T02:35:54.342+0600][27.269s][info][gc,phases      ] GC(63)   Other: 0.12ms
[2026-04-03T02:35:54.342+0600][27.269s][info][gc,heap        ] GC(63) Eden regions: 188->0(240)
[2026-04-03T02:35:54.342+0600][27.269s][info][gc,heap        ] GC(63) Survivor regions: 9->8(31)
[2026-04-03T02:35:54.342+0600][27.269s][info][gc,heap        ] GC(63) Old regions: 73->75
[2026-04-03T02:35:54.342+0600][27.269s][info][gc,heap        ] GC(63) Humongous regions: 134->8
[2026-04-03T02:35:54.342+0600][27.269s][info][gc,metaspace   ] GC(63) Metaspace: 129304K(130816K)->129304K(130816K) NonClass: 112821K(113664K)->112821K(113664K) Class: 16483K(17152K)->16483K(17152K)
[2026-04-03T02:35:54.342+0600][27.270s][info][gc             ] GC(63) Pause Young (Prepare Mixed) (G1 Evacuation Pause) 400M->87M(414M) 8.558ms
[2026-04-03T02:35:54.342+0600][27.270s][info][gc,cpu         ] GC(63) User=0.07s Sys=0.01s Real=0.01s
[2026-04-03T02:35:54.957+0600][27.885s][info][gc,start       ] GC(64) Pause Young (Mixed) (G1 Evacuation Pause)
[2026-04-03T02:35:54.957+0600][27.885s][info][gc,task        ] GC(64) Using 10 workers of 10 for evacuation
[2026-04-03T02:35:54.964+0600][27.892s][info][gc,phases      ] GC(64)   Pre Evacuate Collection Set: 0.48ms
[2026-04-03T02:35:54.964+0600][27.892s][info][gc,phases      ] GC(64)   Merge Heap Roots: 0.36ms
[2026-04-03T02:35:54.964+0600][27.892s][info][gc,phases      ] GC(64)   Evacuate Collection Set: 5.40ms
[2026-04-03T02:35:54.964+0600][27.892s][info][gc,phases      ] GC(64)   Post Evacuate Collection Set: 1.03ms
[2026-04-03T02:35:54.965+0600][27.892s][info][gc,phases      ] GC(64)   Other: 0.13ms
[2026-04-03T02:35:54.965+0600][27.892s][info][gc,heap        ] GC(64) Eden regions: 234->0(254)
[2026-04-03T02:35:54.965+0600][27.892s][info][gc,heap        ] GC(64) Survivor regions: 8->8(33)
[2026-04-03T02:35:54.965+0600][27.892s][info][gc,heap        ] GC(64) Old regions: 75->75
[2026-04-03T02:35:54.965+0600][27.892s][info][gc,heap        ] GC(64) Humongous regions: 112->8
[2026-04-03T02:35:54.965+0600][27.892s][info][gc,metaspace   ] GC(64) Metaspace: 129807K(131328K)->129807K(131328K) NonClass: 113256K(114048K)->113256K(114048K) Class: 16550K(17280K)->16550K(17280K)
[2026-04-03T02:35:54.965+0600][27.892s][info][gc             ] GC(64) Pause Young (Mixed) (G1 Evacuation Pause) 425M->87M(438M) 7.738ms
[2026-04-03T02:35:54.965+0600][27.893s][info][gc,cpu         ] GC(64) User=0.07s Sys=0.01s Real=0.01s
[2026-04-03T02:35:55.035+0600][27.963s][info][gc,start       ] GC(65) Pause Young (Concurrent Start) (G1 Humongous Allocation)
[2026-04-03T02:35:55.035+0600][27.963s][info][gc,task        ] GC(65) Using 10 workers of 10 for evacuation
[2026-04-03T02:35:55.044+0600][27.971s][info][gc,phases      ] GC(65)   Pre Evacuate Collection Set: 0.39ms
[2026-04-03T02:35:55.044+0600][27.971s][info][gc,phases      ] GC(65)   Merge Heap Roots: 0.15ms
[2026-04-03T02:35:55.044+0600][27.972s][info][gc,phases      ] GC(65)   Evacuate Collection Set: 6.51ms
[2026-04-03T02:35:55.044+0600][27.972s][info][gc,phases      ] GC(65)   Post Evacuate Collection Set: 1.17ms
[2026-04-03T02:35:55.044+0600][27.972s][info][gc,phases      ] GC(65)   Other: 0.18ms
[2026-04-03T02:35:55.044+0600][27.972s][info][gc,heap        ] GC(65) Eden regions: 71->0(252)
[2026-04-03T02:35:55.044+0600][27.972s][info][gc,heap        ] GC(65) Survivor regions: 8->10(33)
[2026-04-03T02:35:55.044+0600][27.972s][info][gc,heap        ] GC(65) Old regions: 75->75
[2026-04-03T02:35:55.044+0600][27.972s][info][gc,heap        ] GC(65) Humongous regions: 8->8
[2026-04-03T02:35:55.044+0600][27.972s][info][gc,metaspace   ] GC(65) Metaspace: 129823K(131392K)->129823K(131392K) NonClass: 113272K(114112K)->113272K(114112K) Class: 16550K(17280K)->16550K(17280K)
[2026-04-03T02:35:55.044+0600][27.972s][info][gc             ] GC(65) Pause Young (Concurrent Start) (G1 Humongous Allocation) 158M->89M(438M) 8.875ms
[2026-04-03T02:35:55.044+0600][27.972s][info][gc             ] GC(66) Concurrent Mark Cycle
[2026-04-03T02:35:55.044+0600][27.972s][info][gc,marking     ] GC(66) Concurrent Scan Root Regions
[2026-04-03T02:35:55.044+0600][27.972s][info][gc,cpu         ] GC(65) User=0.07s Sys=0.00s Real=0.01s
[2026-04-03T02:35:55.049+0600][27.977s][info][gc,marking     ] GC(66) Concurrent Scan Root Regions 4.993ms
[2026-04-03T02:35:55.049+0600][27.977s][info][gc,marking     ] GC(66) Concurrent Mark
[2026-04-03T02:35:55.049+0600][27.977s][info][gc,marking     ] GC(66) Concurrent Mark From Roots
[2026-04-03T02:35:55.049+0600][27.977s][info][gc,task        ] GC(66) Using 3 workers of 3 for marking
[2026-04-03T02:35:55.154+0600][28.082s][info][gc,marking     ] GC(66) Concurrent Mark From Roots 104.511ms
[2026-04-03T02:35:55.154+0600][28.082s][info][gc,marking     ] GC(66) Concurrent Preclean
[2026-04-03T02:35:55.154+0600][28.082s][info][gc,marking     ] GC(66) Concurrent Preclean 0.236ms
[2026-04-03T02:35:55.154+0600][28.082s][info][gc,start       ] GC(66) Pause Remark
[2026-04-03T02:35:55.179+0600][28.106s][info][gc             ] GC(66) Pause Remark 141M->141M(387M) 24.229ms
[2026-04-03T02:35:55.179+0600][28.107s][info][gc,cpu         ] GC(66) User=0.22s Sys=0.00s Real=0.02s
[2026-04-03T02:35:55.179+0600][28.107s][info][gc,marking     ] GC(66) Concurrent Mark 129.852ms
[2026-04-03T02:35:55.179+0600][28.107s][info][gc,marking     ] GC(66) Concurrent Rebuild Remembered Sets and Scrub Regions
[2026-04-03T02:35:55.205+0600][28.133s][info][gc,marking     ] GC(66) Concurrent Rebuild Remembered Sets and Scrub Regions 26.269ms
[2026-04-03T02:35:55.206+0600][28.134s][info][gc,start       ] GC(66) Pause Cleanup
[2026-04-03T02:35:55.206+0600][28.134s][info][gc             ] GC(66) Pause Cleanup 144M->144M(387M) 0.392ms
[2026-04-03T02:35:55.206+0600][28.134s][info][gc,cpu         ] GC(66) User=0.00s Sys=0.00s Real=0.00s
[2026-04-03T02:35:55.207+0600][28.134s][info][gc,marking     ] GC(66) Concurrent Clear Claimed Marks
[2026-04-03T02:35:55.207+0600][28.135s][info][gc,marking     ] GC(66) Concurrent Clear Claimed Marks 0.463ms
[2026-04-03T02:35:55.207+0600][28.135s][info][gc,marking     ] GC(66) Concurrent Cleanup for Next Mark
[2026-04-03T02:35:55.208+0600][28.136s][info][gc,marking     ] GC(66) Concurrent Cleanup for Next Mark 0.841ms
[2026-04-03T02:35:55.208+0600][28.136s][info][gc             ] GC(66) Concurrent Mark Cycle 164.041ms
[2026-04-03T02:35:55.347+0600][28.275s][info][gc,start       ] GC(67) Pause Young (Prepare Mixed) (G1 Evacuation Pause)
[2026-04-03T02:35:55.347+0600][28.275s][info][gc,task        ] GC(67) Using 10 workers of 10 for evacuation
[2026-04-03T02:35:55.353+0600][28.281s][info][gc,phases      ] GC(67)   Pre Evacuate Collection Set: 0.27ms
[2026-04-03T02:35:55.353+0600][28.281s][info][gc,phases      ] GC(67)   Merge Heap Roots: 0.18ms
[2026-04-03T02:35:55.353+0600][28.281s][info][gc,phases      ] GC(67)   Evacuate Collection Set: 4.90ms
[2026-04-03T02:35:55.353+0600][28.281s][info][gc,phases      ] GC(67)   Post Evacuate Collection Set: 0.99ms
[2026-04-03T02:35:55.353+0600][28.281s][info][gc,phases      ] GC(67)   Other: 0.11ms
[2026-04-03T02:35:55.353+0600][28.281s][info][gc,heap        ] GC(67) Eden regions: 81->0(252)
[2026-04-03T02:35:55.353+0600][28.281s][info][gc,heap        ] GC(67) Survivor regions: 10->10(29)
[2026-04-03T02:35:55.353+0600][28.281s][info][gc,heap        ] GC(67) Old regions: 75->76
[2026-04-03T02:35:55.354+0600][28.281s][info][gc,heap        ] GC(67) Humongous regions: 261->18
[2026-04-03T02:35:55.354+0600][28.281s][info][gc,metaspace   ] GC(67) Metaspace: 129828K(131392K)->129828K(131392K) NonClass: 113291K(114112K)->113291K(114112K) Class: 16537K(17280K)->16537K(17280K)
[2026-04-03T02:35:55.354+0600][28.281s][info][gc             ] GC(67) Pause Young (Prepare Mixed) (G1 Evacuation Pause) 423M->99M(438M) 6.808ms
[2026-04-03T02:35:55.354+0600][28.282s][info][gc,cpu         ] GC(67) User=0.05s Sys=0.01s Real=0.01s
[2026-04-03T02:35:55.524+0600][28.451s][info][gc,start       ] GC(68) Pause Young (Mixed) (G1 Evacuation Pause)
[2026-04-03T02:35:55.524+0600][28.452s][info][gc,task        ] GC(68) Using 10 workers of 10 for evacuation
[2026-04-03T02:35:55.530+0600][28.458s][info][gc,phases      ] GC(68)   Pre Evacuate Collection Set: 0.29ms
[2026-04-03T02:35:55.530+0600][28.458s][info][gc,phases      ] GC(68)   Merge Heap Roots: 0.15ms
[2026-04-03T02:35:55.530+0600][28.458s][info][gc,phases      ] GC(68)   Evacuate Collection Set: 5.12ms
[2026-04-03T02:35:55.530+0600][28.458s][info][gc,phases      ] GC(68)   Post Evacuate Collection Set: 0.84ms
[2026-04-03T02:35:55.530+0600][28.458s][info][gc,phases      ] GC(68)   Other: 0.11ms
[2026-04-03T02:35:55.530+0600][28.458s][info][gc,heap        ] GC(68) Eden regions: 65->0(337)
[2026-04-03T02:35:55.530+0600][28.458s][info][gc,heap        ] GC(68) Survivor regions: 10->10(38)
[2026-04-03T02:35:55.530+0600][28.458s][info][gc,heap        ] GC(68) Old regions: 76->76
[2026-04-03T02:35:55.530+0600][28.458s][info][gc,heap        ] GC(68) Humongous regions: 417->23
[2026-04-03T02:35:55.530+0600][28.458s][info][gc,metaspace   ] GC(68) Metaspace: 129859K(131392K)->129859K(131392K) NonClass: 113322K(114112K)->113322K(114112K) Class: 16537K(17280K)->16537K(17280K)
[2026-04-03T02:35:55.530+0600][28.458s][info][gc             ] GC(68) Pause Young (Mixed) (G1 Evacuation Pause) 563M->105M(579M) 6.797ms
[2026-04-03T02:35:55.530+0600][28.458s][info][gc,cpu         ] GC(68) User=0.04s Sys=0.01s Real=0.01s
[2026-04-03T02:35:55.536+0600][28.464s][info][gc,start       ] GC(69) Pause Young (Concurrent Start) (G1 Humongous Allocation)
[2026-04-03T02:35:55.536+0600][28.464s][info][gc,task        ] GC(69) Using 10 workers of 10 for evacuation
[2026-04-03T02:35:55.541+0600][28.469s][info][gc,phases      ] GC(69)   Pre Evacuate Collection Set: 0.50ms
[2026-04-03T02:35:55.541+0600][28.469s][info][gc,phases      ] GC(69)   Merge Heap Roots: 0.13ms
[2026-04-03T02:35:55.541+0600][28.469s][info][gc,phases      ] GC(69)   Evacuate Collection Set: 3.13ms
[2026-04-03T02:35:55.541+0600][28.469s][info][gc,phases      ] GC(69)   Post Evacuate Collection Set: 0.62ms
[2026-04-03T02:35:55.541+0600][28.469s][info][gc,phases      ] GC(69)   Other: 0.18ms
[2026-04-03T02:35:55.541+0600][28.469s][info][gc,heap        ] GC(69) Eden regions: 5->0(339)
[2026-04-03T02:35:55.541+0600][28.469s][info][gc,heap        ] GC(69) Survivor regions: 10->8(44)
[2026-04-03T02:35:55.541+0600][28.469s][info][gc,heap        ] GC(69) Old regions: 76->77
[2026-04-03T02:35:55.541+0600][28.469s][info][gc,heap        ] GC(69) Humongous regions: 78->8
[2026-04-03T02:35:55.541+0600][28.469s][info][gc,metaspace   ] GC(69) Metaspace: 129861K(131392K)->129861K(131392K) NonClass: 113324K(114112K)->113324K(114112K) Class: 16537K(17280K)->16537K(17280K)
[2026-04-03T02:35:55.541+0600][28.469s][info][gc             ] GC(69) Pause Young (Concurrent Start) (G1 Humongous Allocation) 165M->89M(579M) 4.838ms
[2026-04-03T02:35:55.541+0600][28.469s][info][gc             ] GC(70) Concurrent Undo Cycle
[2026-04-03T02:35:55.541+0600][28.469s][info][gc,cpu         ] GC(69) User=0.04s Sys=0.00s Real=0.01s
[2026-04-03T02:35:55.541+0600][28.469s][info][gc,marking     ] GC(70) Concurrent Clear Claimed Marks
[2026-04-03T02:35:55.542+0600][28.469s][info][gc,marking     ] GC(70) Concurrent Clear Claimed Marks 0.414ms
[2026-04-03T02:35:55.542+0600][28.470s][info][gc,marking     ] GC(70) Concurrent Cleanup for Next Mark
[2026-04-03T02:35:55.542+0600][28.470s][info][gc,marking     ] GC(70) Concurrent Cleanup for Next Mark 0.624ms
[2026-04-03T02:35:55.542+0600][28.470s][info][gc             ] GC(70) Concurrent Undo Cycle 1.300ms
[2026-04-03T02:35:55.543+0600][28.471s][info][gc,start       ] GC(71) Pause Young (Concurrent Start) (G1 Humongous Allocation)
[2026-04-03T02:35:55.543+0600][28.471s][info][gc,task        ] GC(71) Using 10 workers of 10 for evacuation
[2026-04-03T02:35:55.547+0600][28.475s][info][gc,phases      ] GC(71)   Pre Evacuate Collection Set: 0.38ms
[2026-04-03T02:35:55.547+0600][28.475s][info][gc,phases      ] GC(71)   Merge Heap Roots: 0.10ms
[2026-04-03T02:35:55.547+0600][28.475s][info][gc,phases      ] GC(71)   Evacuate Collection Set: 2.86ms
[2026-04-03T02:35:55.547+0600][28.475s][info][gc,phases      ] GC(71)   Post Evacuate Collection Set: 0.69ms
[2026-04-03T02:35:55.547+0600][28.475s][info][gc,phases      ] GC(71)   Other: 0.14ms
[2026-04-03T02:35:55.547+0600][28.475s][info][gc,heap        ] GC(71) Eden regions: 2->0(339)
[2026-04-03T02:35:55.547+0600][28.475s][info][gc,heap        ] GC(71) Survivor regions: 8->8(44)
[2026-04-03T02:35:55.547+0600][28.475s][info][gc,heap        ] GC(71) Old regions: 77->77
[2026-04-03T02:35:55.547+0600][28.475s][info][gc,heap        ] GC(71) Humongous regions: 15->8
[2026-04-03T02:35:55.547+0600][28.475s][info][gc,metaspace   ] GC(71) Metaspace: 129861K(131392K)->129861K(131392K) NonClass: 113324K(114112K)->113324K(114112K) Class: 16537K(17280K)->16537K(17280K)
[2026-04-03T02:35:55.547+0600][28.475s][info][gc             ] GC(71) Pause Young (Concurrent Start) (G1 Humongous Allocation) 98M->89M(579M) 4.524ms
[2026-04-03T02:35:55.548+0600][28.475s][info][gc,cpu         ] GC(71) User=0.04s Sys=0.00s Real=0.00s
[2026-04-03T02:35:55.548+0600][28.475s][info][gc             ] GC(72) Concurrent Mark Cycle
[2026-04-03T02:35:55.548+0600][28.476s][info][gc,marking     ] GC(72) Concurrent Scan Root Regions
[2026-04-03T02:35:55.550+0600][28.478s][info][gc,marking     ] GC(72) Concurrent Scan Root Regions 2.628ms
[2026-04-03T02:35:55.550+0600][28.478s][info][gc,marking     ] GC(72) Concurrent Mark
[2026-04-03T02:35:55.550+0600][28.478s][info][gc,marking     ] GC(72) Concurrent Mark From Roots
[2026-04-03T02:35:55.550+0600][28.478s][info][gc,task        ] GC(72) Using 3 workers of 3 for marking
[2026-04-03T02:35:55.632+0600][28.560s][info][gc,marking     ] GC(72) Concurrent Mark From Roots 81.876ms
[2026-04-03T02:35:55.632+0600][28.560s][info][gc,marking     ] GC(72) Concurrent Preclean
[2026-04-03T02:35:55.633+0600][28.561s][info][gc,marking     ] GC(72) Concurrent Preclean 0.359ms
[2026-04-03T02:35:55.633+0600][28.561s][info][gc,start       ] GC(72) Pause Remark
[2026-04-03T02:35:55.656+0600][28.584s][info][gc             ] GC(72) Pause Remark 169M->169M(427M) 23.020ms
[2026-04-03T02:35:55.656+0600][28.584s][info][gc,cpu         ] GC(72) User=0.19s Sys=0.01s Real=0.02s
[2026-04-03T02:35:55.659+0600][28.586s][info][gc,marking     ] GC(72) Concurrent Mark 108.057ms
[2026-04-03T02:35:55.659+0600][28.586s][info][gc,marking     ] GC(72) Concurrent Rebuild Remembered Sets and Scrub Regions
[2026-04-03T02:35:55.686+0600][28.614s][info][gc,marking     ] GC(72) Concurrent Rebuild Remembered Sets and Scrub Regions 27.515ms
[2026-04-03T02:35:55.687+0600][28.614s][info][gc,start       ] GC(72) Pause Cleanup
[2026-04-03T02:35:55.687+0600][28.615s][info][gc             ] GC(72) Pause Cleanup 175M->175M(427M) 0.621ms
[2026-04-03T02:35:55.687+0600][28.615s][info][gc,cpu         ] GC(72) User=0.00s Sys=0.00s Real=0.00s
[2026-04-03T02:35:55.688+0600][28.616s][info][gc,marking     ] GC(72) Concurrent Clear Claimed Marks
[2026-04-03T02:35:55.688+0600][28.616s][info][gc,marking     ] GC(72) Concurrent Clear Claimed Marks 0.487ms
[2026-04-03T02:35:55.688+0600][28.616s][info][gc,marking     ] GC(72) Concurrent Cleanup for Next Mark
[2026-04-03T02:35:55.689+0600][28.617s][info][gc,marking     ] GC(72) Concurrent Cleanup for Next Mark 1.175ms
[2026-04-03T02:35:55.689+0600][28.617s][info][gc             ] GC(72) Concurrent Mark Cycle 141.810ms
[2026-04-03T02:35:56.147+0600][29.075s][info][gc,start       ] GC(73) Pause Young (Prepare Mixed) (G1 Evacuation Pause)
[2026-04-03T02:35:56.147+0600][29.075s][info][gc,task        ] GC(73) Using 10 workers of 10 for evacuation
[2026-04-03T02:35:56.152+0600][29.080s][info][gc,phases      ] GC(73)   Pre Evacuate Collection Set: 0.39ms
[2026-04-03T02:35:56.152+0600][29.080s][info][gc,phases      ] GC(73)   Merge Heap Roots: 0.19ms
[2026-04-03T02:35:56.152+0600][29.080s][info][gc,phases      ] GC(73)   Evacuate Collection Set: 3.29ms
[2026-04-03T02:35:56.152+0600][29.080s][info][gc,phases      ] GC(73)   Post Evacuate Collection Set: 0.48ms
[2026-04-03T02:35:56.152+0600][29.080s][info][gc,phases      ] GC(73)   Other: 0.09ms
[2026-04-03T02:35:56.152+0600][29.080s][info][gc,heap        ] GC(73) Eden regions: 224->0(253)
[2026-04-03T02:35:56.152+0600][29.080s][info][gc,heap        ] GC(73) Survivor regions: 8->8(32)
[2026-04-03T02:35:56.152+0600][29.080s][info][gc,heap        ] GC(73) Old regions: 77->78
[2026-04-03T02:35:56.152+0600][29.080s][info][gc,heap        ] GC(73) Humongous regions: 118->8
[2026-04-03T02:35:56.152+0600][29.080s][info][gc,metaspace   ] GC(73) Metaspace: 129796K(131584K)->129796K(131584K) NonClass: 113338K(114304K)->113338K(114304K) Class: 16457K(17280K)->16457K(17280K)
[2026-04-03T02:35:56.152+0600][29.080s][info][gc             ] GC(73) Pause Young (Prepare Mixed) (G1 Evacuation Pause) 423M->89M(436M) 4.668ms
[2026-04-03T02:35:56.152+0600][29.080s][info][gc,cpu         ] GC(73) User=0.02s Sys=0.01s Real=0.01s
[2026-04-03T02:35:56.488+0600][29.416s][info][gc,start       ] GC(74) Pause Young (Mixed) (G1 Evacuation Pause)
[2026-04-03T02:35:56.488+0600][29.416s][info][gc,task        ] GC(74) Using 10 workers of 10 for evacuation
[2026-04-03T02:35:56.494+0600][29.422s][info][gc,phases      ] GC(74)   Pre Evacuate Collection Set: 0.29ms
[2026-04-03T02:35:56.494+0600][29.422s][info][gc,phases      ] GC(74)   Merge Heap Roots: 0.24ms
[2026-04-03T02:35:56.494+0600][29.422s][info][gc,phases      ] GC(74)   Evacuate Collection Set: 4.22ms
[2026-04-03T02:35:56.494+0600][29.422s][info][gc,phases      ] GC(74)   Post Evacuate Collection Set: 0.67ms
[2026-04-03T02:35:56.494+0600][29.422s][info][gc,phases      ] GC(74)   Other: 0.12ms
[2026-04-03T02:35:56.494+0600][29.422s][info][gc,heap        ] GC(74) Eden regions: 205->0(264)
[2026-04-03T02:35:56.494+0600][29.422s][info][gc,heap        ] GC(74) Survivor regions: 8->8(33)
[2026-04-03T02:35:56.494+0600][29.422s][info][gc,heap        ] GC(74) Old regions: 78->77
[2026-04-03T02:35:56.494+0600][29.422s][info][gc,heap        ] GC(74) Humongous regions: 155->8
[2026-04-03T02:35:56.494+0600][29.422s][info][gc,metaspace   ] GC(74) Metaspace: 129872K(131584K)->129872K(131584K) NonClass: 113413K(114304K)->113413K(114304K) Class: 16459K(17280K)->16459K(17280K)
[2026-04-03T02:35:56.494+0600][29.422s][info][gc             ] GC(74) Pause Young (Mixed) (G1 Evacuation Pause) 441M->90M(454M) 5.852ms
[2026-04-03T02:35:56.494+0600][29.422s][info][gc,cpu         ] GC(74) User=0.04s Sys=0.01s Real=0.01s
[2026-04-03T02:35:56.500+0600][29.428s][info][gc,start       ] GC(75) Pause Young (Concurrent Start) (G1 Humongous Allocation)
[2026-04-03T02:35:56.500+0600][29.428s][info][gc,task        ] GC(75) Using 10 workers of 10 for evacuation
[2026-04-03T02:35:56.504+0600][29.432s][info][gc,phases      ] GC(75)   Pre Evacuate Collection Set: 0.42ms
[2026-04-03T02:35:56.504+0600][29.432s][info][gc,phases      ] GC(75)   Merge Heap Roots: 0.13ms
[2026-04-03T02:35:56.504+0600][29.432s][info][gc,phases      ] GC(75)   Evacuate Collection Set: 2.66ms
[2026-04-03T02:35:56.504+0600][29.432s][info][gc,phases      ] GC(75)   Post Evacuate Collection Set: 0.51ms
[2026-04-03T02:35:56.504+0600][29.432s][info][gc,phases      ] GC(75)   Other: 0.20ms
[2026-04-03T02:35:56.504+0600][29.432s][info][gc,heap        ] GC(75) Eden regions: 3->0(264)
[2026-04-03T02:35:56.504+0600][29.432s][info][gc,heap        ] GC(75) Survivor regions: 8->8(34)
[2026-04-03T02:35:56.504+0600][29.432s][info][gc,heap        ] GC(75) Old regions: 77->77
[2026-04-03T02:35:56.504+0600][29.432s][info][gc,heap        ] GC(75) Humongous regions: 8->8
[2026-04-03T02:35:56.504+0600][29.432s][info][gc,metaspace   ] GC(75) Metaspace: 129874K(131584K)->129874K(131584K) NonClass: 113414K(114304K)->113414K(114304K) Class: 16459K(17280K)->16459K(17280K)
[2026-04-03T02:35:56.504+0600][29.432s][info][gc             ] GC(75) Pause Young (Concurrent Start) (G1 Humongous Allocation) 92M->89M(454M) 4.191ms
[2026-04-03T02:35:56.504+0600][29.432s][info][gc             ] GC(76) Concurrent Mark Cycle
[2026-04-03T02:35:56.504+0600][29.432s][info][gc,cpu         ] GC(75) User=0.03s Sys=0.00s Real=0.00s
[2026-04-03T02:35:56.504+0600][29.432s][info][gc,marking     ] GC(76) Concurrent Scan Root Regions
[2026-04-03T02:35:56.507+0600][29.435s][info][gc,marking     ] GC(76) Concurrent Scan Root Regions 2.881ms
[2026-04-03T02:35:56.507+0600][29.435s][info][gc,marking     ] GC(76) Concurrent Mark
[2026-04-03T02:35:56.507+0600][29.435s][info][gc,marking     ] GC(76) Concurrent Mark From Roots
[2026-04-03T02:35:56.507+0600][29.435s][info][gc,task        ] GC(76) Using 3 workers of 3 for marking
[2026-04-03T02:35:56.599+0600][29.527s][info][gc,marking     ] GC(76) Concurrent Mark From Roots 91.535ms
[2026-04-03T02:35:56.599+0600][29.527s][info][gc,marking     ] GC(76) Concurrent Preclean
[2026-04-03T02:35:56.599+0600][29.527s][info][gc,marking     ] GC(76) Concurrent Preclean 0.490ms
[2026-04-03T02:35:56.600+0600][29.528s][info][gc,start       ] GC(76) Pause Remark
[2026-04-03T02:35:56.608+0600][29.536s][info][gc             ] GC(76) Pause Remark 174M->174M(424M) 7.899ms
[2026-04-03T02:35:56.608+0600][29.536s][info][gc,cpu         ] GC(76) User=0.06s Sys=0.00s Real=0.00s
[2026-04-03T02:35:56.608+0600][29.536s][info][gc,marking     ] GC(76) Concurrent Mark 100.734ms
[2026-04-03T02:35:56.608+0600][29.536s][info][gc,marking     ] GC(76) Concurrent Rebuild Remembered Sets and Scrub Regions
[2026-04-03T02:35:56.635+0600][29.563s][info][gc,marking     ] GC(76) Concurrent Rebuild Remembered Sets and Scrub Regions 26.696ms
[2026-04-03T02:35:56.637+0600][29.565s][info][gc,start       ] GC(76) Pause Cleanup
[2026-04-03T02:35:56.637+0600][29.565s][info][gc             ] GC(76) Pause Cleanup 194M->194M(424M) 0.366ms
[2026-04-03T02:35:56.637+0600][29.565s][info][gc,cpu         ] GC(76) User=0.00s Sys=0.00s Real=0.00s
[2026-04-03T02:35:56.638+0600][29.565s][info][gc,marking     ] GC(76) Concurrent Clear Claimed Marks
[2026-04-03T02:35:56.638+0600][29.566s][info][gc,marking     ] GC(76) Concurrent Clear Claimed Marks 0.410ms
[2026-04-03T02:35:56.638+0600][29.566s][info][gc,marking     ] GC(76) Concurrent Cleanup for Next Mark
[2026-04-03T02:35:56.639+0600][29.567s][info][gc,marking     ] GC(76) Concurrent Cleanup for Next Mark 1.116ms
[2026-04-03T02:35:56.639+0600][29.567s][info][gc             ] GC(76) Concurrent Mark Cycle 134.972ms
[2026-04-03T02:35:56.850+0600][29.777s][info][gc,start       ] GC(77) Pause Young (Prepare Mixed) (G1 Evacuation Pause)
[2026-04-03T02:35:56.850+0600][29.778s][info][gc,task        ] GC(77) Using 10 workers of 10 for evacuation
[2026-04-03T02:35:56.856+0600][29.784s][info][gc,phases      ] GC(77)   Pre Evacuate Collection Set: 0.33ms
[2026-04-03T02:35:56.856+0600][29.784s][info][gc,phases      ] GC(77)   Merge Heap Roots: 0.20ms
[2026-04-03T02:35:56.856+0600][29.784s][info][gc,phases      ] GC(77)   Evacuate Collection Set: 4.98ms
[2026-04-03T02:35:56.856+0600][29.784s][info][gc,phases      ] GC(77)   Post Evacuate Collection Set: 0.84ms
[2026-04-03T02:35:56.856+0600][29.784s][info][gc,phases      ] GC(77)   Other: 0.16ms
[2026-04-03T02:35:56.856+0600][29.784s][info][gc,heap        ] GC(77) Eden regions: 194->0(256)
[2026-04-03T02:35:56.856+0600][29.784s][info][gc,heap        ] GC(77) Survivor regions: 8->8(32)
[2026-04-03T02:35:56.856+0600][29.784s][info][gc,heap        ] GC(77) Old regions: 77->79
[2026-04-03T02:35:56.856+0600][29.784s][info][gc,heap        ] GC(77) Humongous regions: 151->8
[2026-04-03T02:35:56.856+0600][29.784s][info][gc,metaspace   ] GC(77) Metaspace: 129917K(131584K)->129917K(131584K) NonClass: 113457K(114304K)->113457K(114304K) Class: 16459K(17280K)->16459K(17280K)
[2026-04-03T02:35:56.856+0600][29.784s][info][gc             ] GC(77) Pause Young (Prepare Mixed) (G1 Evacuation Pause) 426M->90M(440M) 6.873ms
[2026-04-03T02:35:56.857+0600][29.784s][info][gc,cpu         ] GC(77) User=0.05s Sys=0.01s Real=0.01s
[2026-04-03T02:35:57.245+0600][30.173s][info][gc,start       ] GC(78) Pause Young (Mixed) (G1 Evacuation Pause)
[2026-04-03T02:35:57.245+0600][30.173s][info][gc,task        ] GC(78) Using 10 workers of 10 for evacuation
[2026-04-03T02:35:57.251+0600][30.179s][info][gc,phases      ] GC(78)   Pre Evacuate Collection Set: 0.36ms
[2026-04-03T02:35:57.251+0600][30.179s][info][gc,phases      ] GC(78)   Merge Heap Roots: 0.18ms
[2026-04-03T02:35:57.251+0600][30.179s][info][gc,phases      ] GC(78)   Evacuate Collection Set: 4.36ms
[2026-04-03T02:35:57.251+0600][30.179s][info][gc,phases      ] GC(78)   Post Evacuate Collection Set: 0.80ms
[2026-04-03T02:35:57.251+0600][30.179s][info][gc,phases      ] GC(78)   Other: 0.12ms
[2026-04-03T02:35:57.251+0600][30.179s][info][gc,heap        ] GC(78) Eden regions: 194->0(263)
[2026-04-03T02:35:57.251+0600][30.179s][info][gc,heap        ] GC(78) Survivor regions: 8->9(34)
[2026-04-03T02:35:57.251+0600][30.179s][info][gc,heap        ] GC(78) Old regions: 79->78
[2026-04-03T02:35:57.251+0600][30.179s][info][gc,heap        ] GC(78) Humongous regions: 164->8
[2026-04-03T02:35:57.251+0600][30.179s][info][gc,metaspace   ] GC(78) Metaspace: 129985K(131584K)->129985K(131584K) NonClass: 113521K(114304K)->113521K(114304K) Class: 16464K(17280K)->16464K(17280K)
[2026-04-03T02:35:57.251+0600][30.179s][info][gc             ] GC(78) Pause Young (Mixed) (G1 Evacuation Pause) 440M->91M(454M) 6.170ms
[2026-04-03T02:35:57.251+0600][30.179s][info][gc,cpu         ] GC(78) User=0.03s Sys=0.01s Real=0.01s
[2026-04-03T02:35:57.253+0600][30.181s][info][gc,start       ] GC(79) Pause Young (Concurrent Start) (G1 Humongous Allocation)
[2026-04-03T02:35:57.253+0600][30.181s][info][gc,task        ] GC(79) Using 10 workers of 10 for evacuation
[2026-04-03T02:35:57.257+0600][30.185s][info][gc,phases      ] GC(79)   Pre Evacuate Collection Set: 0.33ms
[2026-04-03T02:35:57.257+0600][30.185s][info][gc,phases      ] GC(79)   Merge Heap Roots: 0.09ms
[2026-04-03T02:35:57.257+0600][30.185s][info][gc,phases      ] GC(79)   Evacuate Collection Set: 2.79ms
[2026-04-03T02:35:57.257+0600][30.185s][info][gc,phases      ] GC(79)   Post Evacuate Collection Set: 0.49ms
[2026-04-03T02:35:57.257+0600][30.185s][info][gc,phases      ] GC(79)   Other: 0.22ms
[2026-04-03T02:35:57.257+0600][30.185s][info][gc,heap        ] GC(79) Eden regions: 2->0(264)
[2026-04-03T02:35:57.257+0600][30.185s][info][gc,heap        ] GC(79) Survivor regions: 9->8(34)
[2026-04-03T02:35:57.257+0600][30.185s][info][gc,heap        ] GC(79) Old regions: 78->79
[2026-04-03T02:35:57.257+0600][30.185s][info][gc,heap        ] GC(79) Humongous regions: 8->8
[2026-04-03T02:35:57.257+0600][30.185s][info][gc,metaspace   ] GC(79) Metaspace: 129985K(131584K)->129985K(131584K) NonClass: 113521K(114304K)->113521K(114304K) Class: 16464K(17280K)->16464K(17280K)
[2026-04-03T02:35:57.257+0600][30.185s][info][gc             ] GC(79) Pause Young (Concurrent Start) (G1 Humongous Allocation) 92M->91M(454M) 4.183ms
[2026-04-03T02:35:57.257+0600][30.185s][info][gc             ] GC(80) Concurrent Mark Cycle
[2026-04-03T02:35:57.257+0600][30.185s][info][gc,marking     ] GC(80) Concurrent Scan Root Regions
[2026-04-03T02:35:57.257+0600][30.185s][info][gc,cpu         ] GC(79) User=0.04s Sys=0.00s Real=0.00s
[2026-04-03T02:35:57.261+0600][30.189s][info][gc,marking     ] GC(80) Concurrent Scan Root Regions 3.652ms
[2026-04-03T02:35:57.261+0600][30.189s][info][gc,marking     ] GC(80) Concurrent Mark
[2026-04-03T02:35:57.261+0600][30.189s][info][gc,marking     ] GC(80) Concurrent Mark From Roots
[2026-04-03T02:35:57.261+0600][30.189s][info][gc,task        ] GC(80) Using 3 workers of 3 for marking
[2026-04-03T02:35:57.361+0600][30.289s][info][gc,marking     ] GC(80) Concurrent Mark From Roots 99.885ms
[2026-04-03T02:35:57.361+0600][30.289s][info][gc,marking     ] GC(80) Concurrent Preclean
[2026-04-03T02:35:57.362+0600][30.289s][info][gc,marking     ] GC(80) Concurrent Preclean 0.568ms
[2026-04-03T02:35:57.362+0600][30.290s][info][gc,start       ] GC(80) Pause Remark
[2026-04-03T02:35:57.371+0600][30.299s][info][gc             ] GC(80) Pause Remark 142M->142M(404M) 9.292ms
[2026-04-03T02:35:57.371+0600][30.299s][info][gc,cpu         ] GC(80) User=0.07s Sys=0.00s Real=0.01s
[2026-04-03T02:35:57.372+0600][30.300s][info][gc,marking     ] GC(80) Concurrent Mark 110.931ms
[2026-04-03T02:35:57.372+0600][30.300s][info][gc,marking     ] GC(80) Concurrent Rebuild Remembered Sets and Scrub Regions
[2026-04-03T02:35:57.399+0600][30.327s][info][gc,marking     ] GC(80) Concurrent Rebuild Remembered Sets and Scrub Regions 27.468ms
[2026-04-03T02:35:57.400+0600][30.328s][info][gc,start       ] GC(80) Pause Cleanup
[2026-04-03T02:35:57.400+0600][30.328s][info][gc             ] GC(80) Pause Cleanup 151M->151M(404M) 0.281ms
[2026-04-03T02:35:57.400+0600][30.328s][info][gc,cpu         ] GC(80) User=0.00s Sys=0.00s Real=0.00s
[2026-04-03T02:35:57.400+0600][30.328s][info][gc,marking     ] GC(80) Concurrent Clear Claimed Marks
[2026-04-03T02:35:57.401+0600][30.328s][info][gc,marking     ] GC(80) Concurrent Clear Claimed Marks 0.316ms
[2026-04-03T02:35:57.401+0600][30.328s][info][gc,marking     ] GC(80) Concurrent Cleanup for Next Mark
[2026-04-03T02:35:57.401+0600][30.329s][info][gc,marking     ] GC(80) Concurrent Cleanup for Next Mark 0.707ms
[2026-04-03T02:35:57.401+0600][30.329s][info][gc             ] GC(80) Concurrent Mark Cycle 144.240ms
[2026-04-03T02:35:57.773+0600][30.701s][info][gc,start       ] GC(81) Pause Young (Prepare Mixed) (G1 Evacuation Pause)
[2026-04-03T02:35:57.774+0600][30.701s][info][gc,task        ] GC(81) Using 9 workers of 10 for evacuation
[2026-04-03T02:35:57.781+0600][30.708s][info][gc,phases      ] GC(81)   Pre Evacuate Collection Set: 0.52ms
[2026-04-03T02:35:57.781+0600][30.709s][info][gc,phases      ] GC(81)   Merge Heap Roots: 0.42ms
[2026-04-03T02:35:57.781+0600][30.709s][info][gc,phases      ] GC(81)   Evacuate Collection Set: 5.18ms
[2026-04-03T02:35:57.781+0600][30.709s][info][gc,phases      ] GC(81)   Post Evacuate Collection Set: 0.78ms
[2026-04-03T02:35:57.781+0600][30.709s][info][gc,phases      ] GC(81)   Other: 0.14ms
[2026-04-03T02:35:57.781+0600][30.709s][info][gc,heap        ] GC(81) Eden regions: 234->0(238)
[2026-04-03T02:35:57.781+0600][30.709s][info][gc,heap        ] GC(81) Survivor regions: 8->8(31)
[2026-04-03T02:35:57.781+0600][30.709s][info][gc,heap        ] GC(81) Old regions: 79->80
[2026-04-03T02:35:57.781+0600][30.709s][info][gc,heap        ] GC(81) Humongous regions: 81->8
[2026-04-03T02:35:57.781+0600][30.709s][info][gc,metaspace   ] GC(81) Metaspace: 130050K(131648K)->130050K(131648K) NonClass: 113583K(114368K)->113583K(114368K) Class: 16466K(17280K)->16466K(17280K)
[2026-04-03T02:35:57.781+0600][30.709s][info][gc             ] GC(81) Pause Young (Prepare Mixed) (G1 Evacuation Pause) 398M->91M(411M) 7.435ms
[2026-04-03T02:35:57.781+0600][30.709s][info][gc,cpu         ] GC(81) User=0.04s Sys=0.01s Real=0.01s
[2026-04-03T02:35:58.055+0600][30.983s][info][gc,start       ] GC(82) Pause Young (Mixed) (G1 Evacuation Pause)
[2026-04-03T02:35:58.055+0600][30.983s][info][gc,task        ] GC(82) Using 10 workers of 10 for evacuation
[2026-04-03T02:35:58.061+0600][30.989s][info][gc,phases      ] GC(82)   Pre Evacuate Collection Set: 0.36ms
[2026-04-03T02:35:58.061+0600][30.989s][info][gc,phases      ] GC(82)   Merge Heap Roots: 0.17ms
[2026-04-03T02:35:58.061+0600][30.989s][info][gc,phases      ] GC(82)   Evacuate Collection Set: 4.14ms
[2026-04-03T02:35:58.061+0600][30.989s][info][gc,phases      ] GC(82)   Post Evacuate Collection Set: 0.58ms
[2026-04-03T02:35:58.061+0600][30.989s][info][gc,phases      ] GC(82)   Other: 0.10ms
[2026-04-03T02:35:58.061+0600][30.989s][info][gc,heap        ] GC(82) Eden regions: 177->0(248)
[2026-04-03T02:35:58.061+0600][30.989s][info][gc,heap        ] GC(82) Survivor regions: 8->9(31)
[2026-04-03T02:35:58.061+0600][30.989s][info][gc,heap        ] GC(82) Old regions: 80->79
[2026-04-03T02:35:58.061+0600][30.989s][info][gc,heap        ] GC(82) Humongous regions: 155->8
[2026-04-03T02:35:58.061+0600][30.989s][info][gc,metaspace   ] GC(82) Metaspace: 130079K(131648K)->130079K(131648K) NonClass: 113612K(114368K)->113612K(114368K) Class: 16467K(17280K)->16467K(17280K)
[2026-04-03T02:35:58.061+0600][30.989s][info][gc             ] GC(82) Pause Young (Mixed) (G1 Evacuation Pause) 415M->92M(429M) 5.608ms
[2026-04-03T02:35:58.061+0600][30.989s][info][gc,cpu         ] GC(82) User=0.03s Sys=0.01s Real=0.01s
[2026-04-03T02:35:58.081+0600][31.009s][info][gc,start       ] GC(83) Pause Young (Concurrent Start) (GCLocker Initiated GC)
[2026-04-03T02:35:58.081+0600][31.009s][info][gc,task        ] GC(83) Using 10 workers of 10 for evacuation
[2026-04-03T02:35:58.087+0600][31.014s][info][gc,phases      ] GC(83)   Pre Evacuate Collection Set: 0.43ms
[2026-04-03T02:35:58.087+0600][31.014s][info][gc,phases      ] GC(83)   Merge Heap Roots: 0.19ms
[2026-04-03T02:35:58.087+0600][31.014s][info][gc,phases      ] GC(83)   Evacuate Collection Set: 3.76ms
[2026-04-03T02:35:58.087+0600][31.014s][info][gc,phases      ] GC(83)   Post Evacuate Collection Set: 0.58ms
[2026-04-03T02:35:58.087+0600][31.014s][info][gc,phases      ] GC(83)   Other: 0.14ms
[2026-04-03T02:35:58.087+0600][31.015s][info][gc,heap        ] GC(83) Eden regions: 24->0(248)
[2026-04-03T02:35:58.087+0600][31.015s][info][gc,heap        ] GC(83) Survivor regions: 9->9(33)
[2026-04-03T02:35:58.087+0600][31.015s][info][gc,heap        ] GC(83) Old regions: 79->79
[2026-04-03T02:35:58.087+0600][31.015s][info][gc,heap        ] GC(83) Humongous regions: 8->8
[2026-04-03T02:35:58.087+0600][31.015s][info][gc,metaspace   ] GC(83) Metaspace: 130082K(131648K)->130082K(131648K) NonClass: 113614K(114368K)->113614K(114368K) Class: 16467K(17280K)->16467K(17280K)
[2026-04-03T02:35:58.087+0600][31.015s][info][gc             ] GC(83) Pause Young (Concurrent Start) (GCLocker Initiated GC) 115M->92M(429M) 5.495ms
[2026-04-03T02:35:58.087+0600][31.015s][info][gc             ] GC(84) Concurrent Mark Cycle
[2026-04-03T02:35:58.087+0600][31.015s][info][gc,marking     ] GC(84) Concurrent Scan Root Regions
[2026-04-03T02:35:58.087+0600][31.015s][info][gc,cpu         ] GC(83) User=0.04s Sys=0.00s Real=0.00s
[2026-04-03T02:35:58.091+0600][31.019s][info][gc,marking     ] GC(84) Concurrent Scan Root Regions 3.893ms
[2026-04-03T02:35:58.091+0600][31.019s][info][gc,marking     ] GC(84) Concurrent Mark
[2026-04-03T02:35:58.091+0600][31.019s][info][gc,marking     ] GC(84) Concurrent Mark From Roots
[2026-04-03T02:35:58.091+0600][31.019s][info][gc,task        ] GC(84) Using 3 workers of 3 for marking
[2026-04-03T02:35:58.166+0600][31.093s][info][gc,marking     ] GC(84) Concurrent Mark From Roots 74.708ms
[2026-04-03T02:35:58.166+0600][31.094s][info][gc,marking     ] GC(84) Concurrent Preclean
[2026-04-03T02:35:58.166+0600][31.094s][info][gc,marking     ] GC(84) Concurrent Preclean 0.551ms
[2026-04-03T02:35:58.167+0600][31.095s][info][gc,start       ] GC(84) Pause Remark
[2026-04-03T02:35:58.177+0600][31.104s][info][gc             ] GC(84) Pause Remark 160M->160M(429M) 9.883ms
[2026-04-03T02:35:58.177+0600][31.105s][info][gc,cpu         ] GC(84) User=0.07s Sys=0.00s Real=0.01s
[2026-04-03T02:35:58.177+0600][31.105s][info][gc,marking     ] GC(84) Concurrent Mark 86.023ms
[2026-04-03T02:35:58.177+0600][31.105s][info][gc,marking     ] GC(84) Concurrent Rebuild Remembered Sets and Scrub Regions
[2026-04-03T02:35:58.208+0600][31.136s][info][gc,marking     ] GC(84) Concurrent Rebuild Remembered Sets and Scrub Regions 31.084ms
[2026-04-03T02:35:58.209+0600][31.137s][info][gc,start       ] GC(84) Pause Cleanup
[2026-04-03T02:35:58.209+0600][31.137s][info][gc             ] GC(84) Pause Cleanup 176M->176M(429M) 0.320ms
[2026-04-03T02:35:58.209+0600][31.137s][info][gc,cpu         ] GC(84) User=0.00s Sys=0.00s Real=0.00s
[2026-04-03T02:35:58.209+0600][31.137s][info][gc,marking     ] GC(84) Concurrent Clear Claimed Marks
[2026-04-03T02:35:58.210+0600][31.137s][info][gc,marking     ] GC(84) Concurrent Clear Claimed Marks 0.402ms
[2026-04-03T02:35:58.210+0600][31.138s][info][gc,marking     ] GC(84) Concurrent Cleanup for Next Mark
[2026-04-03T02:35:58.211+0600][31.139s][info][gc,marking     ] GC(84) Concurrent Cleanup for Next Mark 1.681ms
[2026-04-03T02:35:58.212+0600][31.139s][info][gc             ] GC(84) Concurrent Mark Cycle 124.691ms
[2026-04-03T02:35:58.420+0600][31.347s][info][gc,start       ] GC(85) Pause Young (Prepare Mixed) (GCLocker Initiated GC)
[2026-04-03T02:35:58.420+0600][31.348s][info][gc,task        ] GC(85) Using 10 workers of 10 for evacuation
[2026-04-03T02:35:58.427+0600][31.355s][info][gc,phases      ] GC(85)   Pre Evacuate Collection Set: 0.51ms
[2026-04-03T02:35:58.427+0600][31.355s][info][gc,phases      ] GC(85)   Merge Heap Roots: 0.28ms
[2026-04-03T02:35:58.427+0600][31.355s][info][gc,phases      ] GC(85)   Evacuate Collection Set: 5.32ms
[2026-04-03T02:35:58.427+0600][31.355s][info][gc,phases      ] GC(85)   Post Evacuate Collection Set: 0.91ms
[2026-04-03T02:35:58.427+0600][31.355s][info][gc,phases      ] GC(85)   Other: 0.12ms
[2026-04-03T02:35:58.427+0600][31.355s][info][gc,heap        ] GC(85) Eden regions: 186->0(254)
[2026-04-03T02:35:58.427+0600][31.355s][info][gc,heap        ] GC(85) Survivor regions: 9->8(33)
[2026-04-03T02:35:58.427+0600][31.355s][info][gc,heap        ] GC(85) Old regions: 79->80
[2026-04-03T02:35:58.427+0600][31.355s][info][gc,heap        ] GC(85) Humongous regions: 155->8
[2026-04-03T02:35:58.427+0600][31.355s][info][gc,metaspace   ] GC(85) Metaspace: 130107K(131648K)->130107K(131648K) NonClass: 113640K(114368K)->113640K(114368K) Class: 16467K(17280K)->16467K(17280K)
[2026-04-03T02:35:58.427+0600][31.355s][info][gc             ] GC(85) Pause Young (Prepare Mixed) (GCLocker Initiated GC) 425M->93M(438M) 7.511ms
[2026-04-03T02:35:58.427+0600][31.355s][info][gc,cpu         ] GC(85) User=0.06s Sys=0.01s Real=0.01s
[2026-04-03T02:35:58.802+0600][31.730s][info][gc,start       ] GC(86) Pause Young (Mixed) (G1 Evacuation Pause)
[2026-04-03T02:35:58.802+0600][31.730s][info][gc,task        ] GC(86) Using 10 workers of 10 for evacuation
[2026-04-03T02:35:58.808+0600][31.736s][info][gc,phases      ] GC(86)   Pre Evacuate Collection Set: 0.29ms
[2026-04-03T02:35:58.808+0600][31.736s][info][gc,phases      ] GC(86)   Merge Heap Roots: 0.20ms
[2026-04-03T02:35:58.808+0600][31.736s][info][gc,phases      ] GC(86)   Evacuate Collection Set: 4.35ms
[2026-04-03T02:35:58.808+0600][31.736s][info][gc,phases      ] GC(86)   Post Evacuate Collection Set: 0.68ms
[2026-04-03T02:35:58.808+0600][31.736s][info][gc,phases      ] GC(86)   Other: 0.10ms
[2026-04-03T02:35:58.808+0600][31.736s][info][gc,heap        ] GC(86) Eden regions: 203->0(264)
[2026-04-03T02:35:58.808+0600][31.736s][info][gc,heap        ] GC(86) Survivor regions: 8->8(33)
[2026-04-03T02:35:58.808+0600][31.736s][info][gc,heap        ] GC(86) Old regions: 80->80
[2026-04-03T02:35:58.808+0600][31.736s][info][gc,heap        ] GC(86) Humongous regions: 154->8
[2026-04-03T02:35:58.808+0600][31.736s][info][gc,metaspace   ] GC(86) Metaspace: 130163K(131648K)->130163K(131648K) NonClass: 113693K(114368K)->113693K(114368K) Class: 16469K(17280K)->16469K(17280K)
[2026-04-03T02:35:58.808+0600][31.736s][info][gc             ] GC(86) Pause Young (Mixed) (G1 Evacuation Pause) 442M->93M(454M) 5.926ms
[2026-04-03T02:35:58.808+0600][31.736s][info][gc,cpu         ] GC(86) User=0.02s Sys=0.02s Real=0.00s
[2026-04-03T02:35:58.853+0600][31.781s][info][gc,start       ] GC(87) Pause Young (Concurrent Start) (G1 Humongous Allocation)
[2026-04-03T02:35:58.853+0600][31.781s][info][gc,task        ] GC(87) Using 10 workers of 10 for evacuation
[2026-04-03T02:35:58.858+0600][31.786s][info][gc,phases      ] GC(87)   Pre Evacuate Collection Set: 0.48ms
[2026-04-03T02:35:58.858+0600][31.786s][info][gc,phases      ] GC(87)   Merge Heap Roots: 0.32ms
[2026-04-03T02:35:58.858+0600][31.786s][info][gc,phases      ] GC(87)   Evacuate Collection Set: 3.59ms
[2026-04-03T02:35:58.858+0600][31.786s][info][gc,phases      ] GC(87)   Post Evacuate Collection Set: 0.70ms
[2026-04-03T02:35:58.858+0600][31.786s][info][gc,phases      ] GC(87)   Other: 0.23ms
[2026-04-03T02:35:58.858+0600][31.786s][info][gc,heap        ] GC(87) Eden regions: 44->0(264)
[2026-04-03T02:35:58.858+0600][31.786s][info][gc,heap        ] GC(87) Survivor regions: 8->8(34)
[2026-04-03T02:35:58.858+0600][31.786s][info][gc,heap        ] GC(87) Old regions: 80->81
[2026-04-03T02:35:58.858+0600][31.786s][info][gc,heap        ] GC(87) Humongous regions: 8->8
[2026-04-03T02:35:58.858+0600][31.786s][info][gc,metaspace   ] GC(87) Metaspace: 130167K(131648K)->130167K(131648K) NonClass: 113698K(114368K)->113698K(114368K) Class: 16469K(17280K)->16469K(17280K)
[2026-04-03T02:35:58.858+0600][31.786s][info][gc             ] GC(87) Pause Young (Concurrent Start) (G1 Humongous Allocation) 136M->94M(454M) 5.620ms
[2026-04-03T02:35:58.858+0600][31.786s][info][gc             ] GC(88) Concurrent Mark Cycle
[2026-04-03T02:35:58.859+0600][31.786s][info][gc,marking     ] GC(88) Concurrent Scan Root Regions
[2026-04-03T02:35:58.859+0600][31.786s][info][gc,cpu         ] GC(87) User=0.05s Sys=0.00s Real=0.00s
[2026-04-03T02:35:58.863+0600][31.790s][info][gc,marking     ] GC(88) Concurrent Scan Root Regions 4.011ms
[2026-04-03T02:35:58.863+0600][31.790s][info][gc,marking     ] GC(88) Concurrent Mark
[2026-04-03T02:35:58.863+0600][31.791s][info][gc,marking     ] GC(88) Concurrent Mark From Roots
[2026-04-03T02:35:58.863+0600][31.791s][info][gc,task        ] GC(88) Using 3 workers of 3 for marking
[2026-04-03T02:35:58.955+0600][31.883s][info][gc,marking     ] GC(88) Concurrent Mark From Roots 92.146ms
[2026-04-03T02:35:58.955+0600][31.883s][info][gc,marking     ] GC(88) Concurrent Preclean
[2026-04-03T02:35:58.956+0600][31.883s][info][gc,marking     ] GC(88) Concurrent Preclean 0.682ms
[2026-04-03T02:35:58.957+0600][31.885s][info][gc,start       ] GC(88) Pause Remark
[2026-04-03T02:35:58.981+0600][31.909s][info][gc             ] GC(88) Pause Remark 175M->175M(394M) 24.563ms
[2026-04-03T02:35:58.982+0600][31.909s][info][gc,cpu         ] GC(88) User=0.23s Sys=0.00s Real=0.03s
[2026-04-03T02:35:58.982+0600][31.910s][info][gc,marking     ] GC(88) Concurrent Mark 119.139ms
[2026-04-03T02:35:58.982+0600][31.910s][info][gc,marking     ] GC(88) Concurrent Rebuild Remembered Sets and Scrub Regions
[2026-04-03T02:35:59.039+0600][31.967s][info][gc,marking     ] GC(88) Concurrent Rebuild Remembered Sets and Scrub Regions 56.894ms
[2026-04-03T02:35:59.039+0600][31.967s][info][gc,start       ] GC(88) Pause Cleanup
[2026-04-03T02:35:59.040+0600][31.967s][info][gc             ] GC(88) Pause Cleanup 237M->237M(394M) 0.324ms
[2026-04-03T02:35:59.040+0600][31.968s][info][gc,cpu         ] GC(88) User=0.00s Sys=0.00s Real=0.01s
[2026-04-03T02:35:59.040+0600][31.968s][info][gc,marking     ] GC(88) Concurrent Clear Claimed Marks
[2026-04-03T02:35:59.040+0600][31.968s][info][gc,marking     ] GC(88) Concurrent Clear Claimed Marks 0.379ms
[2026-04-03T02:35:59.040+0600][31.968s][info][gc,marking     ] GC(88) Concurrent Cleanup for Next Mark
[2026-04-03T02:35:59.041+0600][31.969s][info][gc,marking     ] GC(88) Concurrent Cleanup for Next Mark 1.011ms
[2026-04-03T02:35:59.041+0600][31.969s][info][gc             ] GC(88) Concurrent Mark Cycle 183.040ms
[2026-04-03T02:35:59.207+0600][32.135s][info][gc,start       ] GC(89) Pause Young (Prepare Mixed) (G1 Evacuation Pause)
[2026-04-03T02:35:59.207+0600][32.135s][info][gc,task        ] GC(89) Using 9 workers of 10 for evacuation
[2026-04-03T02:35:59.212+0600][32.139s][info][gc,phases      ] GC(89)   Pre Evacuate Collection Set: 0.38ms
[2026-04-03T02:35:59.212+0600][32.140s][info][gc,phases      ] GC(89)   Merge Heap Roots: 0.33ms
[2026-04-03T02:35:59.212+0600][32.140s][info][gc,phases      ] GC(89)   Evacuate Collection Set: 2.89ms
[2026-04-03T02:35:59.212+0600][32.140s][info][gc,phases      ] GC(89)   Post Evacuate Collection Set: 0.75ms
[2026-04-03T02:35:59.212+0600][32.140s][info][gc,phases      ] GC(89)   Other: 0.09ms
[2026-04-03T02:35:59.212+0600][32.140s][info][gc,heap        ] GC(89) Eden regions: 225->0(235)
[2026-04-03T02:35:59.212+0600][32.140s][info][gc,heap        ] GC(89) Survivor regions: 8->5(30)
[2026-04-03T02:35:59.212+0600][32.140s][info][gc,heap        ] GC(89) Old regions: 81->82
[2026-04-03T02:35:59.212+0600][32.140s][info][gc,heap        ] GC(89) Humongous regions: 80->8
[2026-04-03T02:35:59.212+0600][32.140s][info][gc,metaspace   ] GC(89) Metaspace: 130174K(131648K)->130174K(131648K) NonClass: 113709K(114368K)->113709K(114368K) Class: 16465K(17280K)->16465K(17280K)
[2026-04-03T02:35:59.212+0600][32.140s][info][gc             ] GC(89) Pause Young (Prepare Mixed) (G1 Evacuation Pause) 391M->92M(400M) 4.732ms
[2026-04-03T02:35:59.212+0600][32.140s][info][gc,cpu         ] GC(89) User=0.03s Sys=0.01s Real=0.01s
[2026-04-03T02:35:59.300+0600][32.228s][info][gc,start       ] GC(90) Pause Young (Mixed) (G1 Evacuation Pause)
[2026-04-03T02:35:59.300+0600][32.228s][info][gc,task        ] GC(90) Using 10 workers of 10 for evacuation
[2026-04-03T02:35:59.305+0600][32.233s][info][gc,phases      ] GC(90)   Pre Evacuate Collection Set: 0.33ms
[2026-04-03T02:35:59.305+0600][32.233s][info][gc,phases      ] GC(90)   Merge Heap Roots: 0.20ms
[2026-04-03T02:35:59.305+0600][32.233s][info][gc,phases      ] GC(90)   Evacuate Collection Set: 3.63ms
[2026-04-03T02:35:59.305+0600][32.233s][info][gc,phases      ] GC(90)   Post Evacuate Collection Set: 0.64ms
[2026-04-03T02:35:59.305+0600][32.233s][info][gc,phases      ] GC(90)   Other: 0.12ms
[2026-04-03T02:35:59.305+0600][32.233s][info][gc,heap        ] GC(90) Eden regions: 50->0(266)
[2026-04-03T02:35:59.305+0600][32.233s][info][gc,heap        ] GC(90) Survivor regions: 5->8(30)
[2026-04-03T02:35:59.305+0600][32.233s][info][gc,heap        ] GC(90) Old regions: 82->81
[2026-04-03T02:35:59.305+0600][32.233s][info][gc,heap        ] GC(90) Humongous regions: 313->18
[2026-04-03T02:35:59.305+0600][32.233s][info][gc,metaspace   ] GC(90) Metaspace: 130191K(131712K)->130191K(131712K) NonClass: 113725K(114432K)->113725K(114432K) Class: 16466K(17280K)->16466K(17280K)
[2026-04-03T02:35:59.305+0600][32.233s][info][gc             ] GC(90) Pause Young (Mixed) (G1 Evacuation Pause) 447M->104M(458M) 5.285ms
[2026-04-03T02:35:59.306+0600][32.233s][info][gc,cpu         ] GC(90) User=0.03s Sys=0.01s Real=0.00s
[2026-04-03T02:35:59.306+0600][32.234s][info][gc,start       ] GC(91) Pause Young (Concurrent Start) (G1 Humongous Allocation)
[2026-04-03T02:35:59.306+0600][32.234s][info][gc,task        ] GC(91) Using 10 workers of 10 for evacuation
[2026-04-03T02:35:59.310+0600][32.238s][info][gc,phases      ] GC(91)   Pre Evacuate Collection Set: 0.25ms
[2026-04-03T02:35:59.310+0600][32.238s][info][gc,phases      ] GC(91)   Merge Heap Roots: 0.13ms
[2026-04-03T02:35:59.310+0600][32.238s][info][gc,phases      ] GC(91)   Evacuate Collection Set: 2.40ms
[2026-04-03T02:35:59.310+0600][32.238s][info][gc,phases      ] GC(91)   Post Evacuate Collection Set: 0.42ms
[2026-04-03T02:35:59.310+0600][32.238s][info][gc,phases      ] GC(91)   Other: 0.14ms
[2026-04-03T02:35:59.310+0600][32.238s][info][gc,heap        ] GC(91) Eden regions: 1->0(265)
[2026-04-03T02:35:59.310+0600][32.238s][info][gc,heap        ] GC(91) Survivor regions: 8->9(35)
[2026-04-03T02:35:59.310+0600][32.238s][info][gc,heap        ] GC(91) Old regions: 81->81
[2026-04-03T02:35:59.310+0600][32.238s][info][gc,heap        ] GC(91) Humongous regions: 18->8
[2026-04-03T02:35:59.310+0600][32.238s][info][gc,metaspace   ] GC(91) Metaspace: 130191K(131712K)->130191K(131712K) NonClass: 113725K(114432K)->113725K(114432K) Class: 16466K(17280K)->16466K(17280K)
[2026-04-03T02:35:59.310+0600][32.238s][info][gc             ] GC(91) Pause Young (Concurrent Start) (G1 Humongous Allocation) 105M->95M(458M) 3.609ms
[2026-04-03T02:35:59.310+0600][32.238s][info][gc             ] GC(92) Concurrent Undo Cycle
[2026-04-03T02:35:59.310+0600][32.238s][info][gc,cpu         ] GC(91) User=0.03s Sys=0.00s Real=0.01s
[2026-04-03T02:35:59.310+0600][32.238s][info][gc,marking     ] GC(92) Concurrent Clear Claimed Marks
[2026-04-03T02:35:59.310+0600][32.238s][info][gc,marking     ] GC(92) Concurrent Clear Claimed Marks 0.280ms
[2026-04-03T02:35:59.310+0600][32.238s][info][gc,marking     ] GC(92) Concurrent Cleanup for Next Mark
[2026-04-03T02:35:59.311+0600][32.239s][info][gc,marking     ] GC(92) Concurrent Cleanup for Next Mark 0.337ms
[2026-04-03T02:35:59.311+0600][32.239s][info][gc             ] GC(92) Concurrent Undo Cycle 0.899ms
[2026-04-03T02:35:59.312+0600][32.240s][info][gc,start       ] GC(93) Pause Young (Concurrent Start) (G1 Humongous Allocation)
[2026-04-03T02:35:59.312+0600][32.240s][info][gc,task        ] GC(93) Using 10 workers of 10 for evacuation
[2026-04-03T02:35:59.315+0600][32.243s][info][gc,phases      ] GC(93)   Pre Evacuate Collection Set: 0.31ms
[2026-04-03T02:35:59.315+0600][32.243s][info][gc,phases      ] GC(93)   Merge Heap Roots: 0.09ms
[2026-04-03T02:35:59.315+0600][32.243s][info][gc,phases      ] GC(93)   Evacuate Collection Set: 2.35ms
[2026-04-03T02:35:59.315+0600][32.243s][info][gc,phases      ] GC(93)   Post Evacuate Collection Set: 0.48ms
[2026-04-03T02:35:59.315+0600][32.243s][info][gc,phases      ] GC(93)   Other: 0.10ms
[2026-04-03T02:35:59.315+0600][32.243s][info][gc,heap        ] GC(93) Eden regions: 2->0(225)
[2026-04-03T02:35:59.315+0600][32.243s][info][gc,heap        ] GC(93) Survivor regions: 9->8(35)
[2026-04-03T02:35:59.315+0600][32.243s][info][gc,heap        ] GC(93) Old regions: 81->82
[2026-04-03T02:35:59.315+0600][32.243s][info][gc,heap        ] GC(93) Humongous regions: 18->8
[2026-04-03T02:35:59.315+0600][32.243s][info][gc,metaspace   ] GC(93) Metaspace: 130191K(131712K)->130191K(131712K) NonClass: 113725K(114432K)->113725K(114432K) Class: 16466K(17280K)->16466K(17280K)
[2026-04-03T02:35:59.315+0600][32.243s][info][gc             ] GC(93) Pause Young (Concurrent Start) (G1 Humongous Allocation) 106M->95M(458M) 3.596ms
[2026-04-03T02:35:59.315+0600][32.243s][info][gc             ] GC(94) Concurrent Mark Cycle
[2026-04-03T02:35:59.315+0600][32.243s][info][gc,marking     ] GC(94) Concurrent Scan Root Regions
[2026-04-03T02:35:59.315+0600][32.243s][info][gc,cpu         ] GC(93) User=0.03s Sys=0.00s Real=0.00s
[2026-04-03T02:35:59.319+0600][32.246s][info][gc,marking     ] GC(94) Concurrent Scan Root Regions 3.176ms
[2026-04-03T02:35:59.319+0600][32.246s][info][gc,marking     ] GC(94) Concurrent Mark
[2026-04-03T02:35:59.319+0600][32.247s][info][gc,marking     ] GC(94) Concurrent Mark From Roots
[2026-04-03T02:35:59.319+0600][32.247s][info][gc,task        ] GC(94) Using 3 workers of 3 for marking
[2026-04-03T02:35:59.403+0600][32.331s][info][gc,marking     ] GC(94) Concurrent Mark From Roots 84.823ms
[2026-04-03T02:35:59.404+0600][32.331s][info][gc,marking     ] GC(94) Concurrent Preclean
[2026-04-03T02:35:59.404+0600][32.332s][info][gc,marking     ] GC(94) Concurrent Preclean 0.585ms
[2026-04-03T02:35:59.405+0600][32.332s][info][gc,start       ] GC(94) Pause Remark
[2026-04-03T02:35:59.413+0600][32.341s][info][gc             ] GC(94) Pause Remark 180M->180M(458M) 8.593ms
[2026-04-03T02:35:59.413+0600][32.341s][info][gc,cpu         ] GC(94) User=0.07s Sys=0.00s Real=0.01s
[2026-04-03T02:35:59.414+0600][32.341s][info][gc,marking     ] GC(94) Concurrent Mark 94.903ms
[2026-04-03T02:35:59.414+0600][32.341s][info][gc,marking     ] GC(94) Concurrent Rebuild Remembered Sets and Scrub Regions
[2026-04-03T02:35:59.441+0600][32.369s][info][gc,marking     ] GC(94) Concurrent Rebuild Remembered Sets and Scrub Regions 27.612ms
[2026-04-03T02:35:59.442+0600][32.370s][info][gc,start       ] GC(94) Pause Cleanup
[2026-04-03T02:35:59.442+0600][32.370s][info][gc             ] GC(94) Pause Cleanup 187M->187M(458M) 0.322ms
[2026-04-03T02:35:59.442+0600][32.370s][info][gc,cpu         ] GC(94) User=0.01s Sys=0.00s Real=0.00s
[2026-04-03T02:35:59.442+0600][32.370s][info][gc,marking     ] GC(94) Concurrent Clear Claimed Marks
[2026-04-03T02:35:59.443+0600][32.370s][info][gc,marking     ] GC(94) Concurrent Clear Claimed Marks 0.360ms
[2026-04-03T02:35:59.443+0600][32.370s][info][gc,marking     ] GC(94) Concurrent Cleanup for Next Mark
[2026-04-03T02:35:59.444+0600][32.372s][info][gc,marking     ] GC(94) Concurrent Cleanup for Next Mark 1.234ms
[2026-04-03T02:35:59.444+0600][32.372s][info][gc             ] GC(94) Concurrent Mark Cycle 128.600ms
[2026-04-03T02:35:59.488+0600][32.416s][info][gc,start       ] GC(95) Pause Young (Prepare Mixed) (G1 Evacuation Pause)
[2026-04-03T02:35:59.489+0600][32.416s][info][gc,task        ] GC(95) Using 10 workers of 10 for evacuation
[2026-04-03T02:35:59.494+0600][32.422s][info][gc,phases      ] GC(95)   Pre Evacuate Collection Set: 0.54ms
[2026-04-03T02:35:59.494+0600][32.422s][info][gc,phases      ] GC(95)   Merge Heap Roots: 0.20ms
[2026-04-03T02:35:59.494+0600][32.422s][info][gc,phases      ] GC(95)   Evacuate Collection Set: 3.87ms
[2026-04-03T02:35:59.494+0600][32.422s][info][gc,phases      ] GC(95)   Post Evacuate Collection Set: 0.90ms
[2026-04-03T02:35:59.494+0600][32.422s][info][gc,phases      ] GC(95)   Other: 0.12ms
[2026-04-03T02:35:59.494+0600][32.422s][info][gc,heap        ] GC(95) Eden regions: 58->0(278)
[2026-04-03T02:35:59.494+0600][32.422s][info][gc,heap        ] GC(95) Survivor regions: 8->8(30)
[2026-04-03T02:35:59.494+0600][32.422s][info][gc,heap        ] GC(95) Old regions: 82->82
[2026-04-03T02:35:59.494+0600][32.422s][info][gc,heap        ] GC(95) Humongous regions: 362->18
[2026-04-03T02:35:59.494+0600][32.422s][info][gc,metaspace   ] GC(95) Metaspace: 130206K(131712K)->130206K(131712K) NonClass: 113739K(114432K)->113739K(114432K) Class: 16466K(17280K)->16466K(17280K)
[2026-04-03T02:35:59.494+0600][32.422s][info][gc             ] GC(95) Pause Young (Prepare Mixed) (G1 Evacuation Pause) 507M->105M(518M) 6.039ms
[2026-04-03T02:35:59.495+0600][32.422s][info][gc,cpu         ] GC(95) User=0.03s Sys=0.01s Real=0.01s
[2026-04-03T02:36:00.023+0600][32.951s][info][gc,start       ] GC(96) Pause Young (Mixed) (G1 Evacuation Pause)
[2026-04-03T02:36:00.023+0600][32.951s][info][gc,task        ] GC(96) Using 10 workers of 10 for evacuation
[2026-04-03T02:36:00.031+0600][32.958s][info][gc,phases      ] GC(96)   Pre Evacuate Collection Set: 0.40ms
[2026-04-03T02:36:00.031+0600][32.959s][info][gc,phases      ] GC(96)   Merge Heap Roots: 0.32ms
[2026-04-03T02:36:00.031+0600][32.959s][info][gc,phases      ] GC(96)   Evacuate Collection Set: 5.64ms
[2026-04-03T02:36:00.031+0600][32.959s][info][gc,phases      ] GC(96)   Post Evacuate Collection Set: 0.75ms
[2026-04-03T02:36:00.031+0600][32.959s][info][gc,phases      ] GC(96)   Other: 0.15ms
[2026-04-03T02:36:00.031+0600][32.959s][info][gc,heap        ] GC(96) Eden regions: 274->0(314)
[2026-04-03T02:36:00.031+0600][32.959s][info][gc,heap        ] GC(96) Survivor regions: 8->8(36)
[2026-04-03T02:36:00.031+0600][32.959s][info][gc,heap        ] GC(96) Old regions: 82->82
[2026-04-03T02:36:00.031+0600][32.959s][info][gc,heap        ] GC(96) Humongous regions: 164->8
[2026-04-03T02:36:00.031+0600][32.959s][info][gc,metaspace   ] GC(96) Metaspace: 130263K(131776K)->130263K(131776K) NonClass: 113796K(114496K)->113796K(114496K) Class: 16467K(17280K)->16467K(17280K)
[2026-04-03T02:36:00.031+0600][32.959s][info][gc             ] GC(96) Pause Young (Mixed) (G1 Evacuation Pause) 525M->95M(537M) 7.617ms
[2026-04-03T02:36:00.031+0600][32.959s][info][gc,cpu         ] GC(96) User=0.04s Sys=0.02s Real=0.01s
[2026-04-03T02:36:00.073+0600][33.001s][info][gc,start       ] GC(97) Pause Young (Concurrent Start) (G1 Humongous Allocation)
[2026-04-03T02:36:00.073+0600][33.001s][info][gc,task        ] GC(97) Using 10 workers of 10 for evacuation
[2026-04-03T02:36:00.077+0600][33.005s][info][gc,phases      ] GC(97)   Pre Evacuate Collection Set: 0.36ms
[2026-04-03T02:36:00.077+0600][33.005s][info][gc,phases      ] GC(97)   Merge Heap Roots: 0.15ms
[2026-04-03T02:36:00.077+0600][33.005s][info][gc,phases      ] GC(97)   Evacuate Collection Set: 2.86ms
[2026-04-03T02:36:00.077+0600][33.005s][info][gc,phases      ] GC(97)   Post Evacuate Collection Set: 0.61ms
[2026-04-03T02:36:00.077+0600][33.005s][info][gc,phases      ] GC(97)   Other: 0.16ms
[2026-04-03T02:36:00.077+0600][33.005s][info][gc,heap        ] GC(97) Eden regions: 34->0(315)
[2026-04-03T02:36:00.077+0600][33.005s][info][gc,heap        ] GC(97) Survivor regions: 8->7(41)
[2026-04-03T02:36:00.077+0600][33.005s][info][gc,heap        ] GC(97) Old regions: 82->82
[2026-04-03T02:36:00.077+0600][33.005s][info][gc,heap        ] GC(97) Humongous regions: 29->8
[2026-04-03T02:36:00.077+0600][33.005s][info][gc,metaspace   ] GC(97) Metaspace: 130263K(131776K)->130263K(131776K) NonClass: 113796K(114496K)->113796K(114496K) Class: 16467K(17280K)->16467K(17280K)
[2026-04-03T02:36:00.077+0600][33.005s][info][gc             ] GC(97) Pause Young (Concurrent Start) (G1 Humongous Allocation) 150M->95M(537M) 4.461ms
[2026-04-03T02:36:00.077+0600][33.005s][info][gc             ] GC(98) Concurrent Undo Cycle
[2026-04-03T02:36:00.078+0600][33.005s][info][gc,marking     ] GC(98) Concurrent Clear Claimed Marks
[2026-04-03T02:36:00.078+0600][33.005s][info][gc,cpu         ] GC(97) User=0.03s Sys=0.00s Real=0.00s
[2026-04-03T02:36:00.078+0600][33.006s][info][gc,marking     ] GC(98) Concurrent Clear Claimed Marks 0.317ms
[2026-04-03T02:36:00.078+0600][33.006s][info][gc,marking     ] GC(98) Concurrent Cleanup for Next Mark
[2026-04-03T02:36:00.078+0600][33.006s][info][gc,marking     ] GC(98) Concurrent Cleanup for Next Mark 0.414ms
[2026-04-03T02:36:00.078+0600][33.006s][info][gc             ] GC(98) Concurrent Undo Cycle 0.946ms
[2026-04-03T02:36:00.106+0600][33.034s][info][gc,start       ] GC(99) Pause Young (Concurrent Start) (G1 Humongous Allocation)
[2026-04-03T02:36:00.106+0600][33.034s][info][gc,task        ] GC(99) Using 10 workers of 10 for evacuation
[2026-04-03T02:36:00.114+0600][33.042s][info][gc,phases      ] GC(99)   Pre Evacuate Collection Set: 0.71ms
[2026-04-03T02:36:00.114+0600][33.042s][info][gc,phases      ] GC(99)   Merge Heap Roots: 0.17ms
[2026-04-03T02:36:00.114+0600][33.042s][info][gc,phases      ] GC(99)   Evacuate Collection Set: 3.61ms
[2026-04-03T02:36:00.114+0600][33.042s][info][gc,phases      ] GC(99)   Post Evacuate Collection Set: 3.03ms
[2026-04-03T02:36:00.114+0600][33.042s][info][gc,phases      ] GC(99)   Other: 0.19ms
[2026-04-03T02:36:00.114+0600][33.042s][info][gc,heap        ] GC(99) Eden regions: 20->0(482)
[2026-04-03T02:36:00.114+0600][33.042s][info][gc,heap        ] GC(99) Survivor regions: 7->11(41)
[2026-04-03T02:36:00.114+0600][33.042s][info][gc,heap        ] GC(99) Old regions: 82->83
[2026-04-03T02:36:00.114+0600][33.042s][info][gc,heap        ] GC(99) Humongous regions: 13->8
[2026-04-03T02:36:00.114+0600][33.042s][info][gc,metaspace   ] GC(99) Metaspace: 130263K(131776K)->130263K(131776K) NonClass: 113796K(114496K)->113796K(114496K) Class: 16467K(17280K)->16467K(17280K)
[2026-04-03T02:36:00.114+0600][33.042s][info][gc             ] GC(99) Pause Young (Concurrent Start) (G1 Humongous Allocation) 120M->99M(823M) 8.008ms
[2026-04-03T02:36:00.114+0600][33.042s][info][gc             ] GC(100) Concurrent Undo Cycle
[2026-04-03T02:36:00.114+0600][33.042s][info][gc,cpu         ] GC(99) User=0.04s Sys=0.00s Real=0.01s
[2026-04-03T02:36:00.114+0600][33.042s][info][gc,marking     ] GC(100) Concurrent Clear Claimed Marks
[2026-04-03T02:36:00.115+0600][33.042s][info][gc,marking     ] GC(100) Concurrent Clear Claimed Marks 0.292ms
[2026-04-03T02:36:00.115+0600][33.043s][info][gc,marking     ] GC(100) Concurrent Cleanup for Next Mark
[2026-04-03T02:36:00.115+0600][33.043s][info][gc,marking     ] GC(100) Concurrent Cleanup for Next Mark 0.321ms
[2026-04-03T02:36:00.115+0600][33.043s][info][gc             ] GC(100) Concurrent Undo Cycle 0.865ms
[2026-04-03T02:36:00.301+0600][33.229s][info][gc,start       ] GC(101) Pause Young (Concurrent Start) (G1 Humongous Allocation)
[2026-04-03T02:36:00.301+0600][33.229s][info][gc,task        ] GC(101) Using 10 workers of 10 for evacuation
[2026-04-03T02:36:00.306+0600][33.234s][info][gc,phases      ] GC(101)   Pre Evacuate Collection Set: 0.53ms
[2026-04-03T02:36:00.306+0600][33.234s][info][gc,phases      ] GC(101)   Merge Heap Roots: 0.21ms
[2026-04-03T02:36:00.306+0600][33.234s][info][gc,phases      ] GC(101)   Evacuate Collection Set: 3.58ms
[2026-04-03T02:36:00.306+0600][33.234s][info][gc,phases      ] GC(101)   Post Evacuate Collection Set: 0.73ms
[2026-04-03T02:36:00.306+0600][33.234s][info][gc,phases      ] GC(101)   Other: 0.15ms
[2026-04-03T02:36:00.306+0600][33.234s][info][gc,heap        ] GC(101) Eden regions: 109->0(485)
[2026-04-03T02:36:00.306+0600][33.234s][info][gc,heap        ] GC(101) Survivor regions: 11->8(62)
[2026-04-03T02:36:00.306+0600][33.234s][info][gc,heap        ] GC(101) Old regions: 83->83
[2026-04-03T02:36:00.306+0600][33.234s][info][gc,heap        ] GC(101) Humongous regions: 102->8
[2026-04-03T02:36:00.306+0600][33.234s][info][gc,metaspace   ] GC(101) Metaspace: 130270K(131840K)->130270K(131840K) NonClass: 113803K(114560K)->113803K(114560K) Class: 16467K(17280K)->16467K(17280K)
[2026-04-03T02:36:00.307+0600][33.234s][info][gc             ] GC(101) Pause Young (Concurrent Start) (G1 Humongous Allocation) 301M->96M(823M) 5.490ms
[2026-04-03T02:36:00.307+0600][33.234s][info][gc             ] GC(102) Concurrent Undo Cycle
[2026-04-03T02:36:00.307+0600][33.234s][info][gc,cpu         ] GC(101) User=0.02s Sys=0.01s Real=0.00s
[2026-04-03T02:36:00.307+0600][33.235s][info][gc,marking     ] GC(102) Concurrent Clear Claimed Marks
[2026-04-03T02:36:00.307+0600][33.235s][info][gc,marking     ] GC(102) Concurrent Clear Claimed Marks 0.331ms
[2026-04-03T02:36:00.307+0600][33.235s][info][gc,marking     ] GC(102) Concurrent Cleanup for Next Mark
[2026-04-03T02:36:00.307+0600][33.235s][info][gc,marking     ] GC(102) Concurrent Cleanup for Next Mark 0.270ms
[2026-04-03T02:36:00.307+0600][33.235s][info][gc             ] GC(102) Concurrent Undo Cycle 0.797ms
[2026-04-03T02:36:00.516+0600][33.444s][info][gc,start       ] GC(103) Pause Young (Concurrent Start) (G1 Humongous Allocation)
[2026-04-03T02:36:00.516+0600][33.444s][info][gc,task        ] GC(103) Using 10 workers of 10 for evacuation
[2026-04-03T02:36:00.522+0600][33.450s][info][gc,phases      ] GC(103)   Pre Evacuate Collection Set: 0.51ms
[2026-04-03T02:36:00.522+0600][33.450s][info][gc,phases      ] GC(103)   Merge Heap Roots: 0.18ms
[2026-04-03T02:36:00.522+0600][33.450s][info][gc,phases      ] GC(103)   Evacuate Collection Set: 4.75ms
[2026-04-03T02:36:00.522+0600][33.450s][info][gc,phases      ] GC(103)   Post Evacuate Collection Set: 0.99ms
[2026-04-03T02:36:00.522+0600][33.450s][info][gc,phases      ] GC(103)   Other: 0.18ms
[2026-04-03T02:36:00.523+0600][33.450s][info][gc,heap        ] GC(103) Eden regions: 137->0(484)
[2026-04-03T02:36:00.523+0600][33.450s][info][gc,heap        ] GC(103) Survivor regions: 8->9(62)
[2026-04-03T02:36:00.523+0600][33.450s][info][gc,heap        ] GC(103) Old regions: 83->83
[2026-04-03T02:36:00.523+0600][33.450s][info][gc,heap        ] GC(103) Humongous regions: 105->8
[2026-04-03T02:36:00.523+0600][33.450s][info][gc,metaspace   ] GC(103) Metaspace: 130272K(131840K)->130272K(131840K) NonClass: 113805K(114560K)->113805K(114560K) Class: 16467K(17280K)->16467K(17280K)
[2026-04-03T02:36:00.523+0600][33.450s][info][gc             ] GC(103) Pause Young (Concurrent Start) (G1 Humongous Allocation) 330M->97M(823M) 6.946ms
[2026-04-03T02:36:00.523+0600][33.450s][info][gc             ] GC(104) Concurrent Undo Cycle
[2026-04-03T02:36:00.523+0600][33.451s][info][gc,marking     ] GC(104) Concurrent Clear Claimed Marks
[2026-04-03T02:36:00.523+0600][33.451s][info][gc,cpu         ] GC(103) User=0.04s Sys=0.01s Real=0.01s
[2026-04-03T02:36:00.523+0600][33.451s][info][gc,marking     ] GC(104) Concurrent Clear Claimed Marks 0.353ms
[2026-04-03T02:36:00.523+0600][33.451s][info][gc,marking     ] GC(104) Concurrent Cleanup for Next Mark
[2026-04-03T02:36:00.523+0600][33.451s][info][gc,marking     ] GC(104) Concurrent Cleanup for Next Mark 0.316ms
[2026-04-03T02:36:00.523+0600][33.451s][info][gc             ] GC(104) Concurrent Undo Cycle 0.832ms
[2026-04-03T02:36:00.712+0600][33.640s][info][gc,start       ] GC(105) Pause Young (Concurrent Start) (G1 Humongous Allocation)
[2026-04-03T02:36:00.712+0600][33.640s][info][gc,task        ] GC(105) Using 10 workers of 10 for evacuation
[2026-04-03T02:36:00.716+0600][33.644s][info][gc,phases      ] GC(105)   Pre Evacuate Collection Set: 0.58ms
[2026-04-03T02:36:00.716+0600][33.644s][info][gc,phases      ] GC(105)   Merge Heap Roots: 0.19ms
[2026-04-03T02:36:00.716+0600][33.644s][info][gc,phases      ] GC(105)   Evacuate Collection Set: 2.28ms
[2026-04-03T02:36:00.716+0600][33.644s][info][gc,phases      ] GC(105)   Post Evacuate Collection Set: 1.09ms
[2026-04-03T02:36:00.716+0600][33.644s][info][gc,phases      ] GC(105)   Other: 0.27ms
[2026-04-03T02:36:00.716+0600][33.644s][info][gc,heap        ] GC(105) Eden regions: 122->0(486)
[2026-04-03T02:36:00.716+0600][33.644s][info][gc,heap        ] GC(105) Survivor regions: 9->7(62)
[2026-04-03T02:36:00.716+0600][33.644s][info][gc,heap        ] GC(105) Old regions: 83->83
[2026-04-03T02:36:00.716+0600][33.644s][info][gc,heap        ] GC(105) Humongous regions: 106->8
[2026-04-03T02:36:00.716+0600][33.644s][info][gc,metaspace   ] GC(105) Metaspace: 130273K(131840K)->130273K(131840K) NonClass: 113806K(114560K)->113806K(114560K) Class: 16467K(17280K)->16467K(17280K)
[2026-04-03T02:36:00.716+0600][33.644s][info][gc             ] GC(105) Pause Young (Concurrent Start) (G1 Humongous Allocation) 317M->96M(823M) 4.701ms
[2026-04-03T02:36:00.716+0600][33.644s][info][gc             ] GC(106) Concurrent Undo Cycle
[2026-04-03T02:36:00.716+0600][33.644s][info][gc,marking     ] GC(106) Concurrent Clear Claimed Marks
[2026-04-03T02:36:00.716+0600][33.644s][info][gc,cpu         ] GC(105) User=0.02s Sys=0.00s Real=0.00s
[2026-04-03T02:36:00.717+0600][33.645s][info][gc,marking     ] GC(106) Concurrent Clear Claimed Marks 0.360ms
[2026-04-03T02:36:00.717+0600][33.645s][info][gc,marking     ] GC(106) Concurrent Cleanup for Next Mark
[2026-04-03T02:36:00.717+0600][33.645s][info][gc,marking     ] GC(106) Concurrent Cleanup for Next Mark 0.344ms
[2026-04-03T02:36:00.717+0600][33.645s][info][gc             ] GC(106) Concurrent Undo Cycle 0.874ms
[2026-04-03T02:36:00.914+0600][33.842s][info][gc,start       ] GC(107) Pause Young (Concurrent Start) (G1 Humongous Allocation)
[2026-04-03T02:36:00.914+0600][33.842s][info][gc,task        ] GC(107) Using 10 workers of 10 for evacuation
[2026-04-03T02:36:00.918+0600][33.846s][info][gc,phases      ] GC(107)   Pre Evacuate Collection Set: 0.58ms
[2026-04-03T02:36:00.918+0600][33.846s][info][gc,phases      ] GC(107)   Merge Heap Roots: 0.20ms
[2026-04-03T02:36:00.918+0600][33.846s][info][gc,phases      ] GC(107)   Evacuate Collection Set: 1.99ms
[2026-04-03T02:36:00.918+0600][33.846s][info][gc,phases      ] GC(107)   Post Evacuate Collection Set: 0.64ms
[2026-04-03T02:36:00.918+0600][33.846s][info][gc,phases      ] GC(107)   Other: 0.25ms
[2026-04-03T02:36:00.918+0600][33.846s][info][gc,heap        ] GC(107) Eden regions: 136->0(486)
[2026-04-03T02:36:00.918+0600][33.846s][info][gc,heap        ] GC(107) Survivor regions: 7->7(62)
[2026-04-03T02:36:00.918+0600][33.846s][info][gc,heap        ] GC(107) Old regions: 83->84
[2026-04-03T02:36:00.918+0600][33.846s][info][gc,heap        ] GC(107) Humongous regions: 113->8
[2026-04-03T02:36:00.918+0600][33.846s][info][gc,metaspace   ] GC(107) Metaspace: 130280K(131840K)->130280K(131840K) NonClass: 113812K(114560K)->113812K(114560K) Class: 16468K(17280K)->16468K(17280K)
[2026-04-03T02:36:00.918+0600][33.846s][info][gc             ] GC(107) Pause Young (Concurrent Start) (G1 Humongous Allocation) 336M->96M(823M) 3.885ms
[2026-04-03T02:36:00.918+0600][33.846s][info][gc             ] GC(108) Concurrent Undo Cycle
[2026-04-03T02:36:00.918+0600][33.846s][info][gc,cpu         ] GC(107) User=0.03s Sys=0.00s Real=0.00s
[2026-04-03T02:36:00.918+0600][33.846s][info][gc,marking     ] GC(108) Concurrent Clear Claimed Marks
[2026-04-03T02:36:00.918+0600][33.846s][info][gc,marking     ] GC(108) Concurrent Clear Claimed Marks 0.235ms
[2026-04-03T02:36:00.918+0600][33.846s][info][gc,marking     ] GC(108) Concurrent Cleanup for Next Mark
[2026-04-03T02:36:00.919+0600][33.846s][info][gc,marking     ] GC(108) Concurrent Cleanup for Next Mark 0.227ms
[2026-04-03T02:36:00.919+0600][33.846s][info][gc             ] GC(108) Concurrent Undo Cycle 0.605ms
[2026-04-03T02:36:01.442+0600][34.370s][info][gc,start       ] GC(109) Pause Young (Concurrent Start) (G1 Humongous Allocation)
[2026-04-03T02:36:01.442+0600][34.370s][info][gc,task        ] GC(109) Using 10 workers of 10 for evacuation
[2026-04-03T02:36:01.449+0600][34.377s][info][gc,phases      ] GC(109)   Pre Evacuate Collection Set: 0.66ms
[2026-04-03T02:36:01.449+0600][34.377s][info][gc,phases      ] GC(109)   Merge Heap Roots: 0.37ms
[2026-04-03T02:36:01.449+0600][34.377s][info][gc,phases      ] GC(109)   Evacuate Collection Set: 4.77ms
[2026-04-03T02:36:01.449+0600][34.377s][info][gc,phases      ] GC(109)   Post Evacuate Collection Set: 0.87ms
[2026-04-03T02:36:01.449+0600][34.377s][info][gc,phases      ] GC(109)   Other: 0.26ms
[2026-04-03T02:36:01.449+0600][34.377s][info][gc,heap        ] GC(109) Eden regions: 279->0(485)
[2026-04-03T02:36:01.449+0600][34.377s][info][gc,heap        ] GC(109) Survivor regions: 7->8(62)
[2026-04-03T02:36:01.449+0600][34.377s][info][gc,heap        ] GC(109) Old regions: 84->84
[2026-04-03T02:36:01.449+0600][34.377s][info][gc,heap        ] GC(109) Humongous regions: 113->8
[2026-04-03T02:36:01.449+0600][34.377s][info][gc,metaspace   ] GC(109) Metaspace: 130351K(131840K)->130351K(131840K) NonClass: 113882K(114560K)->113882K(114560K) Class: 16468K(17280K)->16468K(17280K)
[2026-04-03T02:36:01.449+0600][34.377s][info][gc             ] GC(109) Pause Young (Concurrent Start) (G1 Humongous Allocation) 480M->97M(823M) 7.240ms
[2026-04-03T02:36:01.449+0600][34.377s][info][gc,cpu         ] GC(109) User=0.03s Sys=0.01s Real=0.00s
[2026-04-03T02:36:01.449+0600][34.377s][info][gc             ] GC(110) Concurrent Undo Cycle
[2026-04-03T02:36:01.450+0600][34.377s][info][gc,marking     ] GC(110) Concurrent Clear Claimed Marks
[2026-04-03T02:36:01.450+0600][34.378s][info][gc,marking     ] GC(110) Concurrent Clear Claimed Marks 0.379ms
[2026-04-03T02:36:01.450+0600][34.378s][info][gc,marking     ] GC(110) Concurrent Cleanup for Next Mark
[2026-04-03T02:36:01.450+0600][34.378s][info][gc,marking     ] GC(110) Concurrent Cleanup for Next Mark 0.350ms
[2026-04-03T02:36:01.450+0600][34.378s][info][gc             ] GC(110) Concurrent Undo Cycle 0.985ms
[2026-04-03T02:36:01.649+0600][34.577s][info][gc,start       ] GC(111) Pause Young (Concurrent Start) (G1 Humongous Allocation)
[2026-04-03T02:36:01.650+0600][34.577s][info][gc,task        ] GC(111) Using 10 workers of 10 for evacuation
[2026-04-03T02:36:01.654+0600][34.582s][info][gc,phases      ] GC(111)   Pre Evacuate Collection Set: 0.73ms
[2026-04-03T02:36:01.655+0600][34.582s][info][gc,phases      ] GC(111)   Merge Heap Roots: 0.22ms
[2026-04-03T02:36:01.655+0600][34.582s][info][gc,phases      ] GC(111)   Evacuate Collection Set: 3.01ms
[2026-04-03T02:36:01.655+0600][34.582s][info][gc,phases      ] GC(111)   Post Evacuate Collection Set: 0.73ms
[2026-04-03T02:36:01.655+0600][34.582s][info][gc,phases      ] GC(111)   Other: 0.17ms
[2026-04-03T02:36:01.655+0600][34.582s][info][gc,heap        ] GC(111) Eden regions: 134->0(486)
[2026-04-03T02:36:01.655+0600][34.582s][info][gc,heap        ] GC(111) Survivor regions: 8->7(62)
[2026-04-03T02:36:01.655+0600][34.582s][info][gc,heap        ] GC(111) Old regions: 84->85
[2026-04-03T02:36:01.655+0600][34.583s][info][gc,heap        ] GC(111) Humongous regions: 117->8
[2026-04-03T02:36:01.655+0600][34.583s][info][gc,metaspace   ] GC(111) Metaspace: 130387K(131904K)->130387K(131904K) NonClass: 113918K(114624K)->113918K(114624K) Class: 16468K(17280K)->16468K(17280K)
[2026-04-03T02:36:01.655+0600][34.583s][info][gc             ] GC(111) Pause Young (Concurrent Start) (G1 Humongous Allocation) 339M->97M(823M) 5.254ms
[2026-04-03T02:36:01.655+0600][34.583s][info][gc             ] GC(112) Concurrent Undo Cycle
[2026-04-03T02:36:01.655+0600][34.583s][info][gc,cpu         ] GC(111) User=0.04s Sys=0.00s Real=0.01s
[2026-04-03T02:36:01.655+0600][34.583s][info][gc,marking     ] GC(112) Concurrent Clear Claimed Marks
[2026-04-03T02:36:01.655+0600][34.583s][info][gc,marking     ] GC(112) Concurrent Clear Claimed Marks 0.335ms
[2026-04-03T02:36:01.655+0600][34.583s][info][gc,marking     ] GC(112) Concurrent Cleanup for Next Mark
[2026-04-03T02:36:01.656+0600][34.583s][info][gc,marking     ] GC(112) Concurrent Cleanup for Next Mark 0.314ms
[2026-04-03T02:36:01.656+0600][34.584s][info][gc             ] GC(112) Concurrent Undo Cycle 0.918ms
[2026-04-03T02:36:01.873+0600][34.801s][info][gc,start       ] GC(113) Pause Young (Concurrent Start) (G1 Humongous Allocation)
[2026-04-03T02:36:01.873+0600][34.801s][info][gc,task        ] GC(113) Using 10 workers of 10 for evacuation
[2026-04-03T02:36:01.877+0600][34.805s][info][gc,phases      ] GC(113)   Pre Evacuate Collection Set: 0.44ms
[2026-04-03T02:36:01.877+0600][34.805s][info][gc,phases      ] GC(113)   Merge Heap Roots: 0.27ms
[2026-04-03T02:36:01.877+0600][34.805s][info][gc,phases      ] GC(113)   Evacuate Collection Set: 2.22ms
[2026-04-03T02:36:01.877+0600][34.805s][info][gc,phases      ] GC(113)   Post Evacuate Collection Set: 0.96ms
[2026-04-03T02:36:01.877+0600][34.805s][info][gc,phases      ] GC(113)   Other: 0.25ms
[2026-04-03T02:36:01.877+0600][34.805s][info][gc,heap        ] GC(113) Eden regions: 146->0(487)
[2026-04-03T02:36:01.877+0600][34.805s][info][gc,heap        ] GC(113) Survivor regions: 7->6(62)
[2026-04-03T02:36:01.877+0600][34.805s][info][gc,heap        ] GC(113) Old regions: 85->85
[2026-04-03T02:36:01.877+0600][34.805s][info][gc,heap        ] GC(113) Humongous regions: 119->8
[2026-04-03T02:36:01.877+0600][34.805s][info][gc,metaspace   ] GC(113) Metaspace: 130387K(131904K)->130387K(131904K) NonClass: 113918K(114624K)->113918K(114624K) Class: 16468K(17280K)->16468K(17280K)
[2026-04-03T02:36:01.877+0600][34.805s][info][gc             ] GC(113) Pause Young (Concurrent Start) (G1 Humongous Allocation) 354M->96M(823M) 4.452ms
[2026-04-03T02:36:01.877+0600][34.805s][info][gc             ] GC(114) Concurrent Undo Cycle
[2026-04-03T02:36:01.877+0600][34.805s][info][gc,cpu         ] GC(113) User=0.02s Sys=0.01s Real=0.00s
[2026-04-03T02:36:01.878+0600][34.805s][info][gc,marking     ] GC(114) Concurrent Clear Claimed Marks
[2026-04-03T02:36:01.878+0600][34.806s][info][gc,marking     ] GC(114) Concurrent Clear Claimed Marks 0.270ms
[2026-04-03T02:36:01.878+0600][34.806s][info][gc,marking     ] GC(114) Concurrent Cleanup for Next Mark
[2026-04-03T02:36:01.878+0600][34.806s][info][gc,marking     ] GC(114) Concurrent Cleanup for Next Mark 0.375ms
[2026-04-03T02:36:01.878+0600][34.806s][info][gc             ] GC(114) Concurrent Undo Cycle 0.870ms
[2026-04-03T02:36:02.115+0600][35.043s][info][gc,start       ] GC(115) Pause Young (Concurrent Start) (GCLocker Initiated GC)
[2026-04-03T02:36:02.115+0600][35.043s][info][gc,task        ] GC(115) Using 10 workers of 10 for evacuation
[2026-04-03T02:36:02.120+0600][35.048s][info][gc,phases      ] GC(115)   Pre Evacuate Collection Set: 0.49ms
[2026-04-03T02:36:02.120+0600][35.048s][info][gc,phases      ] GC(115)   Merge Heap Roots: 0.29ms
[2026-04-03T02:36:02.120+0600][35.048s][info][gc,phases      ] GC(115)   Evacuate Collection Set: 3.05ms
[2026-04-03T02:36:02.120+0600][35.048s][info][gc,phases      ] GC(115)   Post Evacuate Collection Set: 0.86ms
[2026-04-03T02:36:02.120+0600][35.048s][info][gc,phases      ] GC(115)   Other: 0.15ms
[2026-04-03T02:36:02.120+0600][35.048s][info][gc,heap        ] GC(115) Eden regions: 167->0(486)
[2026-04-03T02:36:02.120+0600][35.048s][info][gc,heap        ] GC(115) Survivor regions: 6->7(62)
[2026-04-03T02:36:02.120+0600][35.048s][info][gc,heap        ] GC(115) Old regions: 85->85
[2026-04-03T02:36:02.120+0600][35.048s][info][gc,heap        ] GC(115) Humongous regions: 122->8
[2026-04-03T02:36:02.120+0600][35.048s][info][gc,metaspace   ] GC(115) Metaspace: 130391K(131904K)->130391K(131904K) NonClass: 113923K(114624K)->113923K(114624K) Class: 16468K(17280K)->16468K(17280K)
[2026-04-03T02:36:02.120+0600][35.048s][info][gc             ] GC(115) Pause Young (Concurrent Start) (GCLocker Initiated GC) 377M->98M(823M) 5.168ms
[2026-04-03T02:36:02.120+0600][35.048s][info][gc             ] GC(116) Concurrent Mark Cycle
[2026-04-03T02:36:02.120+0600][35.048s][info][gc,cpu         ] GC(115) User=0.04s Sys=0.00s Real=0.01s
[2026-04-03T02:36:02.121+0600][35.048s][info][gc,marking     ] GC(116) Concurrent Scan Root Regions
[2026-04-03T02:36:02.124+0600][35.052s][info][gc,marking     ] GC(116) Concurrent Scan Root Regions 3.238ms
[2026-04-03T02:36:02.124+0600][35.052s][info][gc,marking     ] GC(116) Concurrent Mark
[2026-04-03T02:36:02.124+0600][35.052s][info][gc,marking     ] GC(116) Concurrent Mark From Roots
[2026-04-03T02:36:02.124+0600][35.052s][info][gc,task        ] GC(116) Using 3 workers of 3 for marking
[2026-04-03T02:36:02.195+0600][35.123s][info][gc,marking     ] GC(116) Concurrent Mark From Roots 70.981ms
[2026-04-03T02:36:02.195+0600][35.123s][info][gc,marking     ] GC(116) Concurrent Preclean
[2026-04-03T02:36:02.195+0600][35.123s][info][gc,marking     ] GC(116) Concurrent Preclean 0.246ms
[2026-04-03T02:36:02.196+0600][35.123s][info][gc,start       ] GC(116) Pause Remark
[2026-04-03T02:36:02.204+0600][35.132s][info][gc             ] GC(116) Pause Remark 147M->147M(390M) 8.287ms
[2026-04-03T02:36:02.204+0600][35.132s][info][gc,cpu         ] GC(116) User=0.06s Sys=0.00s Real=0.01s
[2026-04-03T02:36:02.204+0600][35.132s][info][gc,marking     ] GC(116) Concurrent Mark 80.337ms
[2026-04-03T02:36:02.228+0600][35.155s][info][gc,marking     ] GC(116) Concurrent Rebuild Remembered Sets and Scrub Regions
[2026-04-03T02:36:02.254+0600][35.182s][info][gc,marking     ] GC(116) Concurrent Rebuild Remembered Sets and Scrub Regions 26.653ms
[2026-04-03T02:36:02.255+0600][35.182s][info][gc,start       ] GC(116) Pause Cleanup
[2026-04-03T02:36:02.255+0600][35.183s][info][gc             ] GC(116) Pause Cleanup 202M->202M(390M) 0.381ms
[2026-04-03T02:36:02.255+0600][35.183s][info][gc,cpu         ] GC(116) User=0.00s Sys=0.00s Real=0.00s
[2026-04-03T02:36:02.255+0600][35.183s][info][gc,marking     ] GC(116) Concurrent Clear Claimed Marks
[2026-04-03T02:36:02.256+0600][35.183s][info][gc,marking     ] GC(116) Concurrent Clear Claimed Marks 0.326ms
[2026-04-03T02:36:02.256+0600][35.183s][info][gc,marking     ] GC(116) Concurrent Cleanup for Next Mark
[2026-04-03T02:36:02.256+0600][35.184s][info][gc,marking     ] GC(116) Concurrent Cleanup for Next Mark 0.656ms
[2026-04-03T02:36:02.256+0600][35.184s][info][gc             ] GC(116) Concurrent Mark Cycle 135.854ms
[2026-04-03T02:36:02.492+0600][35.420s][info][gc,start       ] GC(117) Pause Young (Prepare Mixed) (G1 Evacuation Pause)
[2026-04-03T02:36:02.493+0600][35.420s][info][gc,task        ] GC(117) Using 9 workers of 10 for evacuation
[2026-04-03T02:36:02.500+0600][35.427s][info][gc,phases      ] GC(117)   Pre Evacuate Collection Set: 0.32ms
[2026-04-03T02:36:02.500+0600][35.428s][info][gc,phases      ] GC(117)   Merge Heap Roots: 0.28ms
[2026-04-03T02:36:02.500+0600][35.428s][info][gc,phases      ] GC(117)   Evacuate Collection Set: 5.44ms
[2026-04-03T02:36:02.500+0600][35.428s][info][gc,phases      ] GC(117)   Post Evacuate Collection Set: 0.93ms
[2026-04-03T02:36:02.500+0600][35.428s][info][gc,phases      ] GC(117)   Other: 0.12ms
[2026-04-03T02:36:02.500+0600][35.428s][info][gc,heap        ] GC(117) Eden regions: 190->0(231)
[2026-04-03T02:36:02.500+0600][35.428s][info][gc,heap        ] GC(117) Survivor regions: 7->8(30)
[2026-04-03T02:36:02.500+0600][35.428s][info][gc,heap        ] GC(117) Old regions: 85->86
[2026-04-03T02:36:02.500+0600][35.428s][info][gc,heap        ] GC(117) Humongous regions: 108->8
[2026-04-03T02:36:02.500+0600][35.428s][info][gc,metaspace   ] GC(117) Metaspace: 130407K(131904K)->130407K(131904K) NonClass: 113939K(114624K)->113939K(114624K) Class: 16468K(17280K)->16468K(17280K)
[2026-04-03T02:36:02.500+0600][35.428s][info][gc             ] GC(117) Pause Young (Prepare Mixed) (G1 Evacuation Pause) 388M->99M(399M) 7.400ms
[2026-04-03T02:36:02.500+0600][35.428s][info][gc,cpu         ] GC(117) User=0.06s Sys=0.01s Real=0.01s
[2026-04-03T02:36:02.815+0600][35.743s][info][gc,start       ] GC(118) Pause Young (Mixed) (G1 Evacuation Pause)
[2026-04-03T02:36:02.815+0600][35.743s][info][gc,task        ] GC(118) Using 10 workers of 10 for evacuation
[2026-04-03T02:36:02.821+0600][35.749s][info][gc,phases      ] GC(118)   Pre Evacuate Collection Set: 0.32ms
[2026-04-03T02:36:02.821+0600][35.749s][info][gc,phases      ] GC(118)   Merge Heap Roots: 0.25ms
[2026-04-03T02:36:02.821+0600][35.749s][info][gc,phases      ] GC(118)   Evacuate Collection Set: 4.36ms
[2026-04-03T02:36:02.821+0600][35.749s][info][gc,phases      ] GC(118)   Post Evacuate Collection Set: 0.83ms
[2026-04-03T02:36:02.821+0600][35.749s][info][gc,phases      ] GC(118)   Other: 0.12ms
[2026-04-03T02:36:02.821+0600][35.749s][info][gc,heap        ] GC(118) Eden regions: 218->0(281)
[2026-04-03T02:36:02.821+0600][35.749s][info][gc,heap        ] GC(118) Survivor regions: 8->9(30)
[2026-04-03T02:36:02.821+0600][35.749s][info][gc,heap        ] GC(118) Old regions: 86->85
[2026-04-03T02:36:02.821+0600][35.749s][info][gc,heap        ] GC(118) Humongous regions: 162->23
[2026-04-03T02:36:02.821+0600][35.749s][info][gc,metaspace   ] GC(118) Metaspace: 130427K(131904K)->130427K(131904K) NonClass: 113958K(114624K)->113958K(114624K) Class: 16468K(17280K)->16468K(17280K)
[2026-04-03T02:36:02.821+0600][35.749s][info][gc             ] GC(118) Pause Young (Mixed) (G1 Evacuation Pause) 471M->114M(484M) 6.258ms
[2026-04-03T02:36:02.822+0600][35.749s][info][gc,cpu         ] GC(118) User=0.04s Sys=0.02s Real=0.01s
[2026-04-03T02:36:02.825+0600][35.753s][info][gc,start       ] GC(119) Pause Young (Concurrent Start) (G1 Humongous Allocation)
[2026-04-03T02:36:02.825+0600][35.753s][info][gc,task        ] GC(119) Using 10 workers of 10 for evacuation
[2026-04-03T02:36:02.830+0600][35.758s][info][gc,phases      ] GC(119)   Pre Evacuate Collection Set: 0.35ms
[2026-04-03T02:36:02.830+0600][35.758s][info][gc,phases      ] GC(119)   Merge Heap Roots: 0.13ms
[2026-04-03T02:36:02.830+0600][35.758s][info][gc,phases      ] GC(119)   Evacuate Collection Set: 2.95ms
[2026-04-03T02:36:02.830+0600][35.758s][info][gc,phases      ] GC(119)   Post Evacuate Collection Set: 0.71ms
[2026-04-03T02:36:02.830+0600][35.758s][info][gc,phases      ] GC(119)   Other: 0.33ms
[2026-04-03T02:36:02.830+0600][35.758s][info][gc,heap        ] GC(119) Eden regions: 5->0(281)
[2026-04-03T02:36:02.830+0600][35.758s][info][gc,heap        ] GC(119) Survivor regions: 9->9(37)
[2026-04-03T02:36:02.830+0600][35.758s][info][gc,heap        ] GC(119) Old regions: 85->85
[2026-04-03T02:36:02.830+0600][35.758s][info][gc,heap        ] GC(119) Humongous regions: 58->13
[2026-04-03T02:36:02.830+0600][35.758s][info][gc,metaspace   ] GC(119) Metaspace: 130427K(131904K)->130427K(131904K) NonClass: 113958K(114624K)->113958K(114624K) Class: 16468K(17280K)->16468K(17280K)
[2026-04-03T02:36:02.830+0600][35.758s][info][gc             ] GC(119) Pause Young (Concurrent Start) (G1 Humongous Allocation) 154M->104M(484M) 4.779ms
[2026-04-03T02:36:02.830+0600][35.758s][info][gc             ] GC(120) Concurrent Undo Cycle
[2026-04-03T02:36:02.830+0600][35.758s][info][gc,marking     ] GC(120) Concurrent Clear Claimed Marks
[2026-04-03T02:36:02.830+0600][35.758s][info][gc,cpu         ] GC(119) User=0.03s Sys=0.00s Real=0.01s
[2026-04-03T02:36:02.831+0600][35.758s][info][gc,marking     ] GC(120) Concurrent Clear Claimed Marks 0.277ms
[2026-04-03T02:36:02.831+0600][35.758s][info][gc,marking     ] GC(120) Concurrent Cleanup for Next Mark
[2026-04-03T02:36:02.831+0600][35.759s][info][gc,marking     ] GC(120) Concurrent Cleanup for Next Mark 0.223ms
[2026-04-03T02:36:02.831+0600][35.759s][info][gc             ] GC(120) Concurrent Undo Cycle 0.662ms
[2026-04-03T02:36:02.832+0600][35.759s][info][gc,start       ] GC(121) Pause Young (Concurrent Start) (G1 Humongous Allocation)
[2026-04-03T02:36:02.832+0600][35.760s][info][gc,task        ] GC(121) Using 10 workers of 10 for evacuation
[2026-04-03T02:36:02.835+0600][35.763s][info][gc,phases      ] GC(121)   Pre Evacuate Collection Set: 0.35ms
[2026-04-03T02:36:02.835+0600][35.763s][info][gc,phases      ] GC(121)   Merge Heap Roots: 0.09ms
[2026-04-03T02:36:02.835+0600][35.763s][info][gc,phases      ] GC(121)   Evacuate Collection Set: 2.57ms
[2026-04-03T02:36:02.835+0600][35.763s][info][gc,phases      ] GC(121)   Post Evacuate Collection Set: 0.62ms
[2026-04-03T02:36:02.835+0600][35.763s][info][gc,phases      ] GC(121)   Other: 0.11ms
[2026-04-03T02:36:02.836+0600][35.763s][info][gc,heap        ] GC(121) Eden regions: 2->0(281)
[2026-04-03T02:36:02.836+0600][35.763s][info][gc,heap        ] GC(121) Survivor regions: 9->9(37)
[2026-04-03T02:36:02.836+0600][35.763s][info][gc,heap        ] GC(121) Old regions: 85->86
[2026-04-03T02:36:02.836+0600][35.763s][info][gc,heap        ] GC(121) Humongous regions: 18->13
[2026-04-03T02:36:02.836+0600][35.763s][info][gc,metaspace   ] GC(121) Metaspace: 130427K(131904K)->130427K(131904K) NonClass: 113958K(114624K)->113958K(114624K) Class: 16468K(17280K)->16468K(17280K)
[2026-04-03T02:36:02.836+0600][35.763s][info][gc             ] GC(121) Pause Young (Concurrent Start) (G1 Humongous Allocation) 111M->105M(484M) 4.027ms
[2026-04-03T02:36:02.836+0600][35.764s][info][gc             ] GC(122) Concurrent Mark Cycle
[2026-04-03T02:36:02.836+0600][35.764s][info][gc,marking     ] GC(122) Concurrent Scan Root Regions
[2026-04-03T02:36:02.836+0600][35.764s][info][gc,cpu         ] GC(121) User=0.03s Sys=0.01s Real=0.00s
[2026-04-03T02:36:02.838+0600][35.766s][info][gc,marking     ] GC(122) Concurrent Scan Root Regions 2.349ms
[2026-04-03T02:36:02.838+0600][35.766s][info][gc,marking     ] GC(122) Concurrent Mark
[2026-04-03T02:36:02.838+0600][35.766s][info][gc,marking     ] GC(122) Concurrent Mark From Roots
[2026-04-03T02:36:02.838+0600][35.766s][info][gc,task        ] GC(122) Using 3 workers of 3 for marking
[2026-04-03T02:36:02.924+0600][35.852s][info][gc,marking     ] GC(122) Concurrent Mark From Roots 85.925ms
[2026-04-03T02:36:02.924+0600][35.852s][info][gc,marking     ] GC(122) Concurrent Preclean
[2026-04-03T02:36:02.925+0600][35.852s][info][gc,marking     ] GC(122) Concurrent Preclean 0.399ms
[2026-04-03T02:36:02.925+0600][35.853s][info][gc,start       ] GC(122) Pause Remark
[2026-04-03T02:36:02.937+0600][35.864s][info][gc             ] GC(122) Pause Remark 373M->373M(554M) 11.566ms
[2026-04-03T02:36:02.937+0600][35.865s][info][gc,cpu         ] GC(122) User=0.08s Sys=0.01s Real=0.01s
[2026-04-03T02:36:02.937+0600][35.865s][info][gc,marking     ] GC(122) Concurrent Mark 98.812ms
[2026-04-03T02:36:02.937+0600][35.865s][info][gc,marking     ] GC(122) Concurrent Rebuild Remembered Sets and Scrub Regions
[2026-04-03T02:36:02.970+0600][35.898s][info][gc,marking     ] GC(122) Concurrent Rebuild Remembered Sets and Scrub Regions 33.002ms
[2026-04-03T02:36:02.970+0600][35.898s][info][gc,start       ] GC(122) Pause Cleanup
[2026-04-03T02:36:02.971+0600][35.899s][info][gc             ] GC(122) Pause Cleanup 382M->382M(554M) 0.341ms
[2026-04-03T02:36:02.971+0600][35.899s][info][gc,cpu         ] GC(122) User=0.00s Sys=0.00s Real=0.00s
[2026-04-03T02:36:02.971+0600][35.899s][info][gc,marking     ] GC(122) Concurrent Clear Claimed Marks
[2026-04-03T02:36:02.971+0600][35.899s][info][gc,marking     ] GC(122) Concurrent Clear Claimed Marks 0.373ms
[2026-04-03T02:36:02.971+0600][35.899s][info][gc,marking     ] GC(122) Concurrent Cleanup for Next Mark
[2026-04-03T02:36:02.974+0600][35.902s][info][gc,marking     ] GC(122) Concurrent Cleanup for Next Mark 2.720ms
[2026-04-03T02:36:02.974+0600][35.902s][info][gc             ] GC(122) Concurrent Mark Cycle 138.536ms
[2026-04-03T02:36:03.039+0600][35.966s][info][gc,start       ] GC(123) Pause Young (Prepare Mixed) (G1 Evacuation Pause)
[2026-04-03T02:36:03.039+0600][35.967s][info][gc,task        ] GC(123) Using 10 workers of 10 for evacuation
[2026-04-03T02:36:03.045+0600][35.973s][info][gc,phases      ] GC(123)   Pre Evacuate Collection Set: 0.55ms
[2026-04-03T02:36:03.045+0600][35.973s][info][gc,phases      ] GC(123)   Merge Heap Roots: 0.30ms
[2026-04-03T02:36:03.045+0600][35.973s][info][gc,phases      ] GC(123)   Evacuate Collection Set: 4.34ms
[2026-04-03T02:36:03.045+0600][35.973s][info][gc,phases      ] GC(123)   Post Evacuate Collection Set: 0.89ms
[2026-04-03T02:36:03.045+0600][35.973s][info][gc,phases      ] GC(123)   Other: 0.25ms
[2026-04-03T02:36:03.045+0600][35.973s][info][gc,heap        ] GC(123) Eden regions: 72->0(353)
[2026-04-03T02:36:03.045+0600][35.973s][info][gc,heap        ] GC(123) Survivor regions: 9->9(40)
[2026-04-03T02:36:03.045+0600][35.973s][info][gc,heap        ] GC(123) Old regions: 86->87
[2026-04-03T02:36:03.045+0600][35.973s][info][gc,heap        ] GC(123) Humongous regions: 427->23
[2026-04-03T02:36:03.045+0600][35.973s][info][gc,metaspace   ] GC(123) Metaspace: 130458K(132032K)->130458K(132032K) NonClass: 113989K(114752K)->113989K(114752K) Class: 16469K(17280K)->16469K(17280K)
[2026-04-03T02:36:03.045+0600][35.973s][info][gc             ] GC(123) Pause Young (Prepare Mixed) (G1 Evacuation Pause) 591M->116M(604M) 6.720ms
[2026-04-03T02:36:03.045+0600][35.973s][info][gc,cpu         ] GC(123) User=0.03s Sys=0.01s Real=0.01s
[2026-04-03T02:36:03.560+0600][36.488s][info][gc,start       ] GC(124) Pause Young (Mixed) (G1 Evacuation Pause)
[2026-04-03T02:36:03.560+0600][36.488s][info][gc,task        ] GC(124) Using 10 workers of 10 for evacuation
[2026-04-03T02:36:03.564+0600][36.492s][info][gc,phases      ] GC(124)   Pre Evacuate Collection Set: 0.38ms
[2026-04-03T02:36:03.564+0600][36.492s][info][gc,phases      ] GC(124)   Merge Heap Roots: 0.16ms
[2026-04-03T02:36:03.564+0600][36.492s][info][gc,phases      ] GC(124)   Evacuate Collection Set: 2.56ms
[2026-04-03T02:36:03.564+0600][36.492s][info][gc,phases      ] GC(124)   Post Evacuate Collection Set: 0.66ms
[2026-04-03T02:36:03.564+0600][36.492s][info][gc,phases      ] GC(124)   Other: 0.08ms
[2026-04-03T02:36:03.564+0600][36.492s][info][gc,heap        ] GC(124) Eden regions: 248->0(359)
[2026-04-03T02:36:03.564+0600][36.492s][info][gc,heap        ] GC(124) Survivor regions: 9->8(46)
[2026-04-03T02:36:03.564+0600][36.492s][info][gc,heap        ] GC(124) Old regions: 87->86
[2026-04-03T02:36:03.564+0600][36.492s][info][gc,heap        ] GC(124) Humongous regions: 260->8
[2026-04-03T02:36:03.564+0600][36.492s][info][gc,metaspace   ] GC(124) Metaspace: 130500K(132032K)->130500K(132032K) NonClass: 114028K(114752K)->114028K(114752K) Class: 16471K(17280K)->16471K(17280K)
[2026-04-03T02:36:03.564+0600][36.492s][info][gc             ] GC(124) Pause Young (Mixed) (G1 Evacuation Pause) 601M->99M(612M) 4.099ms
[2026-04-03T02:36:03.564+0600][36.492s][info][gc,cpu         ] GC(124) User=0.02s Sys=0.00s Real=0.00s
[2026-04-03T02:36:03.668+0600][36.596s][info][gc,start       ] GC(125) Pause Young (Concurrent Start) (G1 Humongous Allocation)
[2026-04-03T02:36:03.668+0600][36.596s][info][gc,task        ] GC(125) Using 10 workers of 10 for evacuation
[2026-04-03T02:36:03.673+0600][36.601s][info][gc,phases      ] GC(125)   Pre Evacuate Collection Set: 0.55ms
[2026-04-03T02:36:03.673+0600][36.601s][info][gc,phases      ] GC(125)   Merge Heap Roots: 0.19ms
[2026-04-03T02:36:03.673+0600][36.601s][info][gc,phases      ] GC(125)   Evacuate Collection Set: 3.22ms
[2026-04-03T02:36:03.673+0600][36.601s][info][gc,phases      ] GC(125)   Post Evacuate Collection Set: 0.63ms
[2026-04-03T02:36:03.673+0600][36.601s][info][gc,phases      ] GC(125)   Other: 0.16ms
[2026-04-03T02:36:03.673+0600][36.601s][info][gc,heap        ] GC(125) Eden regions: 75->0(357)
[2026-04-03T02:36:03.673+0600][36.601s][info][gc,heap        ] GC(125) Survivor regions: 8->10(46)
[2026-04-03T02:36:03.673+0600][36.601s][info][gc,heap        ] GC(125) Old regions: 86->86
[2026-04-03T02:36:03.673+0600][36.601s][info][gc,heap        ] GC(125) Humongous regions: 57->8
[2026-04-03T02:36:03.673+0600][36.601s][info][gc,metaspace   ] GC(125) Metaspace: 130502K(132032K)->130502K(132032K) NonClass: 114030K(114752K)->114030K(114752K) Class: 16471K(17280K)->16471K(17280K)
[2026-04-03T02:36:03.673+0600][36.601s][info][gc             ] GC(125) Pause Young (Concurrent Start) (G1 Humongous Allocation) 222M->101M(612M) 5.112ms
[2026-04-03T02:36:03.673+0600][36.601s][info][gc             ] GC(126) Concurrent Undo Cycle
[2026-04-03T02:36:03.673+0600][36.601s][info][gc,cpu         ] GC(125) User=0.03s Sys=0.00s Real=0.01s
[2026-04-03T02:36:03.673+0600][36.601s][info][gc,marking     ] GC(126) Concurrent Clear Claimed Marks
[2026-04-03T02:36:03.673+0600][36.601s][info][gc,marking     ] GC(126) Concurrent Clear Claimed Marks 0.287ms
[2026-04-03T02:36:03.674+0600][36.601s][info][gc,marking     ] GC(126) Concurrent Cleanup for Next Mark
[2026-04-03T02:36:03.674+0600][36.602s][info][gc,marking     ] GC(126) Concurrent Cleanup for Next Mark 0.376ms
[2026-04-03T02:36:03.674+0600][36.602s][info][gc             ] GC(126) Concurrent Undo Cycle 0.853ms
[2026-04-03T02:36:03.744+0600][36.672s][info][gc,start       ] GC(127) Pause Young (Concurrent Start) (G1 Humongous Allocation)
[2026-04-03T02:36:03.744+0600][36.672s][info][gc,task        ] GC(127) Using 10 workers of 10 for evacuation
[2026-04-03T02:36:03.748+0600][36.676s][info][gc,phases      ] GC(127)   Pre Evacuate Collection Set: 0.54ms
[2026-04-03T02:36:03.749+0600][36.676s][info][gc,phases      ] GC(127)   Merge Heap Roots: 0.20ms
[2026-04-03T02:36:03.749+0600][36.676s][info][gc,phases      ] GC(127)   Evacuate Collection Set: 2.92ms
[2026-04-03T02:36:03.749+0600][36.676s][info][gc,phases      ] GC(127)   Post Evacuate Collection Set: 0.72ms
[2026-04-03T02:36:03.749+0600][36.676s][info][gc,phases      ] GC(127)   Other: 0.23ms
[2026-04-03T02:36:03.749+0600][36.676s][info][gc,heap        ] GC(127) Eden regions: 58->0(358)
[2026-04-03T02:36:03.749+0600][36.676s][info][gc,heap        ] GC(127) Survivor regions: 10->9(46)
[2026-04-03T02:36:03.749+0600][36.676s][info][gc,heap        ] GC(127) Old regions: 86->86
[2026-04-03T02:36:03.749+0600][36.676s][info][gc,heap        ] GC(127) Humongous regions: 54->8
[2026-04-03T02:36:03.749+0600][36.677s][info][gc,metaspace   ] GC(127) Metaspace: 130505K(132032K)->130505K(132032K) NonClass: 114034K(114752K)->114034K(114752K) Class: 16471K(17280K)->16471K(17280K)
[2026-04-03T02:36:03.749+0600][36.677s][info][gc             ] GC(127) Pause Young (Concurrent Start) (G1 Humongous Allocation) 204M->101M(612M) 5.008ms
[2026-04-03T02:36:03.749+0600][36.677s][info][gc             ] GC(128) Concurrent Undo Cycle
[2026-04-03T02:36:03.749+0600][36.677s][info][gc,cpu         ] GC(127) User=0.03s Sys=0.00s Real=0.00s
[2026-04-03T02:36:03.749+0600][36.677s][info][gc,marking     ] GC(128) Concurrent Clear Claimed Marks
[2026-04-03T02:36:03.749+0600][36.677s][info][gc,marking     ] GC(128) Concurrent Clear Claimed Marks 0.250ms
[2026-04-03T02:36:03.749+0600][36.677s][info][gc,marking     ] GC(128) Concurrent Cleanup for Next Mark
[2026-04-03T02:36:03.749+0600][36.677s][info][gc,marking     ] GC(128) Concurrent Cleanup for Next Mark 0.293ms
[2026-04-03T02:36:03.749+0600][36.677s][info][gc             ] GC(128) Concurrent Undo Cycle 0.733ms
[2026-04-03T02:36:03.820+0600][36.748s][info][gc,start       ] GC(129) Pause Young (Concurrent Start) (G1 Humongous Allocation)
[2026-04-03T02:36:03.820+0600][36.748s][info][gc,task        ] GC(129) Using 10 workers of 10 for evacuation
[2026-04-03T02:36:03.825+0600][36.752s][info][gc,phases      ] GC(129)   Pre Evacuate Collection Set: 0.48ms
[2026-04-03T02:36:03.825+0600][36.752s][info][gc,phases      ] GC(129)   Merge Heap Roots: 0.16ms
[2026-04-03T02:36:03.825+0600][36.752s][info][gc,phases      ] GC(129)   Evacuate Collection Set: 2.83ms
[2026-04-03T02:36:03.825+0600][36.752s][info][gc,phases      ] GC(129)   Post Evacuate Collection Set: 0.48ms
[2026-04-03T02:36:03.825+0600][36.752s][info][gc,phases      ] GC(129)   Other: 0.17ms
[2026-04-03T02:36:03.825+0600][36.752s][info][gc,heap        ] GC(129) Eden regions: 55->0(359)
[2026-04-03T02:36:03.825+0600][36.752s][info][gc,heap        ] GC(129) Survivor regions: 9->8(46)
[2026-04-03T02:36:03.825+0600][36.752s][info][gc,heap        ] GC(129) Old regions: 86->86
[2026-04-03T02:36:03.825+0600][36.752s][info][gc,heap        ] GC(129) Humongous regions: 56->8
[2026-04-03T02:36:03.825+0600][36.753s][info][gc,metaspace   ] GC(129) Metaspace: 130507K(132032K)->130507K(132032K) NonClass: 114035K(114752K)->114035K(114752K) Class: 16471K(17280K)->16471K(17280K)
[2026-04-03T02:36:03.825+0600][36.753s][info][gc             ] GC(129) Pause Young (Concurrent Start) (G1 Humongous Allocation) 204M->99M(612M) 4.408ms
[2026-04-03T02:36:03.825+0600][36.753s][info][gc             ] GC(130) Concurrent Undo Cycle
[2026-04-03T02:36:03.825+0600][36.753s][info][gc,cpu         ] GC(129) User=0.03s Sys=0.00s Real=0.00s
[2026-04-03T02:36:03.825+0600][36.753s][info][gc,marking     ] GC(130) Concurrent Clear Claimed Marks
[2026-04-03T02:36:03.825+0600][36.753s][info][gc,marking     ] GC(130) Concurrent Clear Claimed Marks 0.258ms
[2026-04-03T02:36:03.825+0600][36.753s][info][gc,marking     ] GC(130) Concurrent Cleanup for Next Mark
[2026-04-03T02:36:03.825+0600][36.753s][info][gc,marking     ] GC(130) Concurrent Cleanup for Next Mark 0.313ms
[2026-04-03T02:36:03.825+0600][36.753s][info][gc             ] GC(130) Concurrent Undo Cycle 0.760ms
[2026-04-03T02:36:03.917+0600][36.845s][info][gc,start       ] GC(131) Pause Young (Concurrent Start) (G1 Humongous Allocation)
[2026-04-03T02:36:03.917+0600][36.845s][info][gc,task        ] GC(131) Using 10 workers of 10 for evacuation
[2026-04-03T02:36:03.922+0600][36.850s][info][gc,phases      ] GC(131)   Pre Evacuate Collection Set: 0.51ms
[2026-04-03T02:36:03.922+0600][36.850s][info][gc,phases      ] GC(131)   Merge Heap Roots: 0.23ms
[2026-04-03T02:36:03.922+0600][36.850s][info][gc,phases      ] GC(131)   Evacuate Collection Set: 3.62ms
[2026-04-03T02:36:03.922+0600][36.850s][info][gc,phases      ] GC(131)   Post Evacuate Collection Set: 0.82ms
[2026-04-03T02:36:03.922+0600][36.850s][info][gc,phases      ] GC(131)   Other: 0.20ms
[2026-04-03T02:36:03.922+0600][36.850s][info][gc,heap        ] GC(131) Eden regions: 76->0(357)
[2026-04-03T02:36:03.922+0600][36.850s][info][gc,heap        ] GC(131) Survivor regions: 8->10(46)
[2026-04-03T02:36:03.922+0600][36.850s][info][gc,heap        ] GC(131) Old regions: 86->86
[2026-04-03T02:36:03.922+0600][36.850s][info][gc,heap        ] GC(131) Humongous regions: 59->8
[2026-04-03T02:36:03.923+0600][36.850s][info][gc,metaspace   ] GC(131) Metaspace: 130510K(132032K)->130510K(132032K) NonClass: 114038K(114752K)->114038K(114752K) Class: 16471K(17280K)->16471K(17280K)
[2026-04-03T02:36:03.923+0600][36.850s][info][gc             ] GC(131) Pause Young (Concurrent Start) (G1 Humongous Allocation) 226M->102M(612M) 5.783ms
[2026-04-03T02:36:03.923+0600][36.850s][info][gc             ] GC(132) Concurrent Undo Cycle
[2026-04-03T02:36:03.923+0600][36.851s][info][gc,cpu         ] GC(131) User=0.04s Sys=0.00s Real=0.01s
[2026-04-03T02:36:03.923+0600][36.851s][info][gc,marking     ] GC(132) Concurrent Clear Claimed Marks
[2026-04-03T02:36:03.923+0600][36.851s][info][gc,marking     ] GC(132) Concurrent Clear Claimed Marks 0.324ms
[2026-04-03T02:36:03.923+0600][36.851s][info][gc,marking     ] GC(132) Concurrent Cleanup for Next Mark
[2026-04-03T02:36:03.923+0600][36.851s][info][gc,marking     ] GC(132) Concurrent Cleanup for Next Mark 0.317ms
[2026-04-03T02:36:03.923+0600][36.851s][info][gc             ] GC(132) Concurrent Undo Cycle 0.823ms
[2026-04-03T02:36:04.008+0600][36.936s][info][gc,start       ] GC(133) Pause Young (Concurrent Start) (G1 Humongous Allocation)
[2026-04-03T02:36:04.008+0600][36.936s][info][gc,task        ] GC(133) Using 10 workers of 10 for evacuation
[2026-04-03T02:36:04.012+0600][36.940s][info][gc,phases      ] GC(133)   Pre Evacuate Collection Set: 0.42ms
[2026-04-03T02:36:04.012+0600][36.940s][info][gc,phases      ] GC(133)   Merge Heap Roots: 0.15ms
[2026-04-03T02:36:04.012+0600][36.940s][info][gc,phases      ] GC(133)   Evacuate Collection Set: 3.03ms
[2026-04-03T02:36:04.012+0600][36.940s][info][gc,phases      ] GC(133)   Post Evacuate Collection Set: 0.62ms
[2026-04-03T02:36:04.012+0600][36.940s][info][gc,phases      ] GC(133)   Other: 0.14ms
[2026-04-03T02:36:04.012+0600][36.940s][info][gc,heap        ] GC(133) Eden regions: 65->0(359)
[2026-04-03T02:36:04.012+0600][36.940s][info][gc,heap        ] GC(133) Survivor regions: 10->8(46)
[2026-04-03T02:36:04.012+0600][36.940s][info][gc,heap        ] GC(133) Old regions: 86->87
[2026-04-03T02:36:04.012+0600][36.940s][info][gc,heap        ] GC(133) Humongous regions: 60->8
[2026-04-03T02:36:04.012+0600][36.940s][info][gc,metaspace   ] GC(133) Metaspace: 130530K(132032K)->130530K(132032K) NonClass: 114058K(114752K)->114058K(114752K) Class: 16471K(17280K)->16471K(17280K)
[2026-04-03T02:36:04.012+0600][36.940s][info][gc             ] GC(133) Pause Young (Concurrent Start) (G1 Humongous Allocation) 218M->100M(612M) 4.699ms
[2026-04-03T02:36:04.012+0600][36.940s][info][gc             ] GC(134) Concurrent Undo Cycle
[2026-04-03T02:36:04.012+0600][36.940s][info][gc,marking     ] GC(134) Concurrent Clear Claimed Marks
[2026-04-03T02:36:04.012+0600][36.940s][info][gc,cpu         ] GC(133) User=0.04s Sys=0.00s Real=0.01s
[2026-04-03T02:36:04.013+0600][36.941s][info][gc,marking     ] GC(134) Concurrent Clear Claimed Marks 0.298ms
[2026-04-03T02:36:04.013+0600][36.941s][info][gc,marking     ] GC(134) Concurrent Cleanup for Next Mark
[2026-04-03T02:36:04.013+0600][36.941s][info][gc,marking     ] GC(134) Concurrent Cleanup for Next Mark 0.300ms
[2026-04-03T02:36:04.013+0600][36.941s][info][gc             ] GC(134) Concurrent Undo Cycle 0.793ms
[2026-04-03T02:36:04.114+0600][37.042s][info][gc,start       ] GC(135) Pause Young (Concurrent Start) (GCLocker Initiated GC)
[2026-04-03T02:36:04.114+0600][37.042s][info][gc,task        ] GC(135) Using 10 workers of 10 for evacuation
[2026-04-03T02:36:04.119+0600][37.047s][info][gc,phases      ] GC(135)   Pre Evacuate Collection Set: 0.51ms
[2026-04-03T02:36:04.119+0600][37.047s][info][gc,phases      ] GC(135)   Merge Heap Roots: 0.22ms
[2026-04-03T02:36:04.119+0600][37.047s][info][gc,phases      ] GC(135)   Evacuate Collection Set: 3.26ms
[2026-04-03T02:36:04.119+0600][37.047s][info][gc,phases      ] GC(135)   Post Evacuate Collection Set: 0.64ms
[2026-04-03T02:36:04.119+0600][37.047s][info][gc,phases      ] GC(135)   Other: 0.33ms
[2026-04-03T02:36:04.119+0600][37.047s][info][gc,heap        ] GC(135) Eden regions: 75->0(359)
[2026-04-03T02:36:04.119+0600][37.047s][info][gc,heap        ] GC(135) Survivor regions: 8->8(46)
[2026-04-03T02:36:04.119+0600][37.047s][info][gc,heap        ] GC(135) Old regions: 87->88
[2026-04-03T02:36:04.119+0600][37.047s][info][gc,heap        ] GC(135) Humongous regions: 61->8
[2026-04-03T02:36:04.119+0600][37.047s][info][gc,metaspace   ] GC(135) Metaspace: 130531K(132032K)->130531K(132032K) NonClass: 114059K(114752K)->114059K(114752K) Class: 16471K(17280K)->16471K(17280K)
[2026-04-03T02:36:04.119+0600][37.047s][info][gc             ] GC(135) Pause Young (Concurrent Start) (GCLocker Initiated GC) 228M->101M(612M) 5.302ms
[2026-04-03T02:36:04.119+0600][37.047s][info][gc             ] GC(136) Concurrent Mark Cycle
[2026-04-03T02:36:04.119+0600][37.047s][info][gc,marking     ] GC(136) Concurrent Scan Root Regions
[2026-04-03T02:36:04.119+0600][37.047s][info][gc,cpu         ] GC(135) User=0.03s Sys=0.00s Real=0.00s
[2026-04-03T02:36:04.123+0600][37.050s][info][gc,marking     ] GC(136) Concurrent Scan Root Regions 3.383ms
[2026-04-03T02:36:04.123+0600][37.051s][info][gc,marking     ] GC(136) Concurrent Mark
[2026-04-03T02:36:04.123+0600][37.051s][info][gc,marking     ] GC(136) Concurrent Mark From Roots
[2026-04-03T02:36:04.123+0600][37.051s][info][gc,task        ] GC(136) Using 3 workers of 3 for marking
[2026-04-03T02:36:04.205+0600][37.133s][info][gc,marking     ] GC(136) Concurrent Mark From Roots 82.133ms
[2026-04-03T02:36:04.205+0600][37.133s][info][gc,marking     ] GC(136) Concurrent Preclean
[2026-04-03T02:36:04.205+0600][37.133s][info][gc,marking     ] GC(136) Concurrent Preclean 0.297ms
[2026-04-03T02:36:04.206+0600][37.133s][info][gc,start       ] GC(136) Pause Remark
[2026-04-03T02:36:04.214+0600][37.142s][info][gc             ] GC(136) Pause Remark 194M->194M(487M) 8.788ms
[2026-04-03T02:36:04.215+0600][37.142s][info][gc,cpu         ] GC(136) User=0.06s Sys=0.00s Real=0.01s
[2026-04-03T02:36:04.215+0600][37.142s][info][gc,marking     ] GC(136) Concurrent Mark 91.962ms
[2026-04-03T02:36:04.215+0600][37.143s][info][gc,marking     ] GC(136) Concurrent Rebuild Remembered Sets and Scrub Regions
[2026-04-03T02:36:04.247+0600][37.175s][info][gc,marking     ] GC(136) Concurrent Rebuild Remembered Sets and Scrub Regions 32.624ms
[2026-04-03T02:36:04.248+0600][37.176s][info][gc,start       ] GC(136) Pause Cleanup
[2026-04-03T02:36:04.248+0600][37.176s][info][gc             ] GC(136) Pause Cleanup 228M->228M(487M) 0.359ms
[2026-04-03T02:36:04.248+0600][37.176s][info][gc,cpu         ] GC(136) User=0.00s Sys=0.00s Real=0.00s
[2026-04-03T02:36:04.248+0600][37.176s][info][gc,marking     ] GC(136) Concurrent Clear Claimed Marks
[2026-04-03T02:36:04.249+0600][37.176s][info][gc,marking     ] GC(136) Concurrent Clear Claimed Marks 0.333ms
[2026-04-03T02:36:04.249+0600][37.176s][info][gc,marking     ] GC(136) Concurrent Cleanup for Next Mark
[2026-04-03T02:36:04.249+0600][37.177s][info][gc,marking     ] GC(136) Concurrent Cleanup for Next Mark 0.765ms
[2026-04-03T02:36:04.249+0600][37.177s][info][gc             ] GC(136) Concurrent Mark Cycle 130.277ms
[2026-04-03T02:36:04.518+0600][37.446s][info][gc,start       ] GC(137) Pause Young (Prepare Mixed) (G1 Evacuation Pause)
[2026-04-03T02:36:04.518+0600][37.446s][info][gc,task        ] GC(137) Using 10 workers of 10 for evacuation
[2026-04-03T02:36:04.523+0600][37.450s][info][gc,phases      ] GC(137)   Pre Evacuate Collection Set: 0.38ms
[2026-04-03T02:36:04.523+0600][37.451s][info][gc,phases      ] GC(137)   Merge Heap Roots: 0.24ms
[2026-04-03T02:36:04.523+0600][37.451s][info][gc,phases      ] GC(137)   Evacuate Collection Set: 2.93ms
[2026-04-03T02:36:04.523+0600][37.451s][info][gc,phases      ] GC(137)   Post Evacuate Collection Set: 0.54ms
[2026-04-03T02:36:04.523+0600][37.451s][info][gc,phases      ] GC(137)   Other: 0.08ms
[2026-04-03T02:36:04.523+0600][37.451s][info][gc,heap        ] GC(137) Eden regions: 210->0(290)
[2026-04-03T02:36:04.523+0600][37.451s][info][gc,heap        ] GC(137) Survivor regions: 8->7(37)
[2026-04-03T02:36:04.523+0600][37.451s][info][gc,heap        ] GC(137) Old regions: 88->89
[2026-04-03T02:36:04.523+0600][37.451s][info][gc,heap        ] GC(137) Humongous regions: 181->8
[2026-04-03T02:36:04.523+0600][37.451s][info][gc,metaspace   ] GC(137) Metaspace: 130559K(132096K)->130559K(132096K) NonClass: 114087K(114816K)->114087K(114816K) Class: 16471K(17280K)->16471K(17280K)
[2026-04-03T02:36:04.523+0600][37.451s][info][gc             ] GC(137) Pause Young (Prepare Mixed) (G1 Evacuation Pause) 484M->99M(495M) 4.427ms
[2026-04-03T02:36:04.523+0600][37.451s][info][gc,cpu         ] GC(137) User=0.02s Sys=0.01s Real=0.01s
[2026-04-03T02:36:04.975+0600][37.902s][info][gc,start       ] GC(138) Pause Young (Mixed) (GCLocker Initiated GC)
[2026-04-03T02:36:04.975+0600][37.903s][info][gc,task        ] GC(138) Using 10 workers of 10 for evacuation
[2026-04-03T02:36:04.982+0600][37.910s][info][gc,phases      ] GC(138)   Pre Evacuate Collection Set: 0.48ms
[2026-04-03T02:36:04.982+0600][37.910s][info][gc,phases      ] GC(138)   Merge Heap Roots: 0.30ms
[2026-04-03T02:36:04.982+0600][37.910s][info][gc,phases      ] GC(138)   Evacuate Collection Set: 5.57ms
[2026-04-03T02:36:04.982+0600][37.910s][info][gc,phases      ] GC(138)   Post Evacuate Collection Set: 0.76ms
[2026-04-03T02:36:04.982+0600][37.910s][info][gc,phases      ] GC(138)   Other: 0.18ms
[2026-04-03T02:36:04.982+0600][37.910s][info][gc,heap        ] GC(138) Eden regions: 281->0(295)
[2026-04-03T02:36:04.982+0600][37.910s][info][gc,heap        ] GC(138) Survivor regions: 7->10(38)
[2026-04-03T02:36:04.982+0600][37.910s][info][gc,heap        ] GC(138) Old regions: 89->86
[2026-04-03T02:36:04.982+0600][37.910s][info][gc,heap        ] GC(138) Humongous regions: 122->8
[2026-04-03T02:36:04.982+0600][37.910s][info][gc,metaspace   ] GC(138) Metaspace: 130567K(132096K)->130567K(132096K) NonClass: 114095K(114816K)->114095K(114816K) Class: 16471K(17280K)->16471K(17280K)
[2026-04-03T02:36:04.982+0600][37.910s][info][gc             ] GC(138) Pause Young (Mixed) (GCLocker Initiated GC) 494M->101M(509M) 7.619ms
[2026-04-03T02:36:04.982+0600][37.910s][info][gc,cpu         ] GC(138) User=0.04s Sys=0.01s Real=0.01s
[2026-04-03T02:36:05.025+0600][37.953s][info][gc,start       ] GC(139) Pause Young (Concurrent Start) (G1 Humongous Allocation)
[2026-04-03T02:36:05.025+0600][37.953s][info][gc,task        ] GC(139) Using 10 workers of 10 for evacuation
[2026-04-03T02:36:05.029+0600][37.957s][info][gc,phases      ] GC(139)   Pre Evacuate Collection Set: 0.43ms
[2026-04-03T02:36:05.029+0600][37.957s][info][gc,phases      ] GC(139)   Merge Heap Roots: 0.18ms
[2026-04-03T02:36:05.029+0600][37.957s][info][gc,phases      ] GC(139)   Evacuate Collection Set: 2.82ms
[2026-04-03T02:36:05.029+0600][37.957s][info][gc,phases      ] GC(139)   Post Evacuate Collection Set: 0.79ms
[2026-04-03T02:36:05.029+0600][37.957s][info][gc,phases      ] GC(139)   Other: 0.14ms
[2026-04-03T02:36:05.029+0600][37.957s][info][gc,heap        ] GC(139) Eden regions: 30->0(298)
[2026-04-03T02:36:05.029+0600][37.957s][info][gc,heap        ] GC(139) Survivor regions: 10->7(39)
[2026-04-03T02:36:05.029+0600][37.957s][info][gc,heap        ] GC(139) Old regions: 86->86
[2026-04-03T02:36:05.029+0600][37.957s][info][gc,heap        ] GC(139) Humongous regions: 39->8
[2026-04-03T02:36:05.029+0600][37.957s][info][gc,metaspace   ] GC(139) Metaspace: 130567K(132096K)->130567K(132096K) NonClass: 114095K(114816K)->114095K(114816K) Class: 16471K(17280K)->16471K(17280K)
[2026-04-03T02:36:05.029+0600][37.957s][info][gc             ] GC(139) Pause Young (Concurrent Start) (G1 Humongous Allocation) 161M->98M(509M) 4.700ms
[2026-04-03T02:36:05.030+0600][37.957s][info][gc             ] GC(140) Concurrent Undo Cycle
[2026-04-03T02:36:05.030+0600][37.957s][info][gc,marking     ] GC(140) Concurrent Clear Claimed Marks
[2026-04-03T02:36:05.030+0600][37.957s][info][gc,cpu         ] GC(139) User=0.03s Sys=0.00s Real=0.00s
[2026-04-03T02:36:05.030+0600][37.958s][info][gc,marking     ] GC(140) Concurrent Clear Claimed Marks 0.329ms
[2026-04-03T02:36:05.030+0600][37.958s][info][gc,marking     ] GC(140) Concurrent Cleanup for Next Mark
[2026-04-03T02:36:05.030+0600][37.958s][info][gc,marking     ] GC(140) Concurrent Cleanup for Next Mark 0.254ms
[2026-04-03T02:36:05.030+0600][37.958s][info][gc             ] GC(140) Concurrent Undo Cycle 0.710ms
[2026-04-03T02:36:05.076+0600][38.003s][info][gc,start       ] GC(141) Pause Young (Concurrent Start) (G1 Humongous Allocation)
[2026-04-03T02:36:05.076+0600][38.004s][info][gc,task        ] GC(141) Using 10 workers of 10 for evacuation
[2026-04-03T02:36:05.080+0600][38.008s][info][gc,phases      ] GC(141)   Pre Evacuate Collection Set: 0.56ms
[2026-04-03T02:36:05.080+0600][38.008s][info][gc,phases      ] GC(141)   Merge Heap Roots: 0.16ms
[2026-04-03T02:36:05.080+0600][38.008s][info][gc,phases      ] GC(141)   Evacuate Collection Set: 2.90ms
[2026-04-03T02:36:05.080+0600][38.008s][info][gc,phases      ] GC(141)   Post Evacuate Collection Set: 0.60ms
[2026-04-03T02:36:05.080+0600][38.008s][info][gc,phases      ] GC(141)   Other: 0.22ms
[2026-04-03T02:36:05.080+0600][38.008s][info][gc,heap        ] GC(141) Eden regions: 33->0(300)
[2026-04-03T02:36:05.080+0600][38.008s][info][gc,heap        ] GC(141) Survivor regions: 7->5(39)
[2026-04-03T02:36:05.080+0600][38.008s][info][gc,heap        ] GC(141) Old regions: 86->88
[2026-04-03T02:36:05.080+0600][38.008s][info][gc,heap        ] GC(141) Humongous regions: 31->8
[2026-04-03T02:36:05.080+0600][38.008s][info][gc,metaspace   ] GC(141) Metaspace: 130570K(132096K)->130570K(132096K) NonClass: 114098K(114816K)->114098K(114816K) Class: 16471K(17280K)->16471K(17280K)
[2026-04-03T02:36:05.080+0600][38.008s][info][gc             ] GC(141) Pause Young (Concurrent Start) (G1 Humongous Allocation) 153M->98M(509M) 4.810ms
[2026-04-03T02:36:05.080+0600][38.008s][info][gc             ] GC(142) Concurrent Undo Cycle
[2026-04-03T02:36:05.081+0600][38.008s][info][gc,cpu         ] GC(141) User=0.03s Sys=0.00s Real=0.01s
[2026-04-03T02:36:05.081+0600][38.008s][info][gc,marking     ] GC(142) Concurrent Clear Claimed Marks
[2026-04-03T02:36:05.081+0600][38.009s][info][gc,marking     ] GC(142) Concurrent Clear Claimed Marks 0.260ms
[2026-04-03T02:36:05.081+0600][38.009s][info][gc,marking     ] GC(142) Concurrent Cleanup for Next Mark
[2026-04-03T02:36:05.081+0600][38.009s][info][gc,marking     ] GC(142) Concurrent Cleanup for Next Mark 0.248ms
[2026-04-03T02:36:05.081+0600][38.009s][info][gc             ] GC(142) Concurrent Undo Cycle 0.715ms
[2026-04-03T02:36:05.120+0600][38.048s][info][gc,start       ] GC(143) Pause Young (Concurrent Start) (G1 Humongous Allocation)
[2026-04-03T02:36:05.120+0600][38.048s][info][gc,task        ] GC(143) Using 10 workers of 10 for evacuation
[2026-04-03T02:36:05.123+0600][38.051s][info][gc,phases      ] GC(143)   Pre Evacuate Collection Set: 0.49ms
[2026-04-03T02:36:05.123+0600][38.051s][info][gc,phases      ] GC(143)   Merge Heap Roots: 0.17ms
[2026-04-03T02:36:05.123+0600][38.051s][info][gc,phases      ] GC(143)   Evacuate Collection Set: 1.96ms
[2026-04-03T02:36:05.123+0600][38.051s][info][gc,phases      ] GC(143)   Post Evacuate Collection Set: 0.55ms
[2026-04-03T02:36:05.124+0600][38.051s][info][gc,phases      ] GC(143)   Other: 0.19ms
[2026-04-03T02:36:05.124+0600][38.051s][info][gc,heap        ] GC(143) Eden regions: 25->0(301)
[2026-04-03T02:36:05.124+0600][38.051s][info][gc,heap        ] GC(143) Survivor regions: 5->4(39)
[2026-04-03T02:36:05.124+0600][38.051s][info][gc,heap        ] GC(143) Old regions: 88->89
[2026-04-03T02:36:05.124+0600][38.051s][info][gc,heap        ] GC(143) Humongous regions: 29->8
[2026-04-03T02:36:05.124+0600][38.051s][info][gc,metaspace   ] GC(143) Metaspace: 130572K(132096K)->130572K(132096K) NonClass: 114100K(114816K)->114100K(114816K) Class: 16471K(17280K)->16471K(17280K)
[2026-04-03T02:36:05.124+0600][38.051s][info][gc             ] GC(143) Pause Young (Concurrent Start) (G1 Humongous Allocation) 144M->98M(509M) 3.717ms
[2026-04-03T02:36:05.124+0600][38.052s][info][gc             ] GC(144) Concurrent Undo Cycle
[2026-04-03T02:36:05.124+0600][38.052s][info][gc,cpu         ] GC(143) User=0.01s Sys=0.00s Real=0.00s
[2026-04-03T02:36:05.124+0600][38.052s][info][gc,marking     ] GC(144) Concurrent Clear Claimed Marks
[2026-04-03T02:36:05.124+0600][38.052s][info][gc,marking     ] GC(144) Concurrent Clear Claimed Marks 0.223ms
[2026-04-03T02:36:05.124+0600][38.052s][info][gc,marking     ] GC(144) Concurrent Cleanup for Next Mark
[2026-04-03T02:36:05.124+0600][38.052s][info][gc,marking     ] GC(144) Concurrent Cleanup for Next Mark 0.213ms
[2026-04-03T02:36:05.124+0600][38.052s][info][gc             ] GC(144) Concurrent Undo Cycle 0.587ms
[2026-04-03T02:36:05.165+0600][38.093s][info][gc,start       ] GC(145) Pause Young (Concurrent Start) (G1 Humongous Allocation)
[2026-04-03T02:36:05.165+0600][38.093s][info][gc,task        ] GC(145) Using 10 workers of 10 for evacuation
[2026-04-03T02:36:05.168+0600][38.096s][info][gc,phases      ] GC(145)   Pre Evacuate Collection Set: 0.47ms
[2026-04-03T02:36:05.168+0600][38.096s][info][gc,phases      ] GC(145)   Merge Heap Roots: 0.13ms
[2026-04-03T02:36:05.168+0600][38.096s][info][gc,phases      ] GC(145)   Evacuate Collection Set: 1.62ms
[2026-04-03T02:36:05.168+0600][38.096s][info][gc,phases      ] GC(145)   Post Evacuate Collection Set: 0.60ms
[2026-04-03T02:36:05.168+0600][38.096s][info][gc,phases      ] GC(145)   Other: 0.15ms
[2026-04-03T02:36:05.168+0600][38.096s][info][gc,heap        ] GC(145) Eden regions: 32->0(301)
[2026-04-03T02:36:05.168+0600][38.096s][info][gc,heap        ] GC(145) Survivor regions: 4->4(39)
[2026-04-03T02:36:05.168+0600][38.096s][info][gc,heap        ] GC(145) Old regions: 89->89
[2026-04-03T02:36:05.168+0600][38.096s][info][gc,heap        ] GC(145) Humongous regions: 29->8
[2026-04-03T02:36:05.168+0600][38.096s][info][gc,metaspace   ] GC(145) Metaspace: 130579K(132096K)->130579K(132096K) NonClass: 114107K(114816K)->114107K(114816K) Class: 16471K(17280K)->16471K(17280K)
[2026-04-03T02:36:05.168+0600][38.096s][info][gc             ] GC(145) Pause Young (Concurrent Start) (G1 Humongous Allocation) 151M->98M(509M) 3.291ms
[2026-04-03T02:36:05.168+0600][38.096s][info][gc             ] GC(146) Concurrent Undo Cycle
[2026-04-03T02:36:05.168+0600][38.096s][info][gc,cpu         ] GC(145) User=0.02s Sys=0.00s Real=0.00s
[2026-04-03T02:36:05.168+0600][38.096s][info][gc,marking     ] GC(146) Concurrent Clear Claimed Marks
[2026-04-03T02:36:05.169+0600][38.096s][info][gc,marking     ] GC(146) Concurrent Clear Claimed Marks 0.240ms
[2026-04-03T02:36:05.169+0600][38.097s][info][gc,marking     ] GC(146) Concurrent Cleanup for Next Mark
[2026-04-03T02:36:05.169+0600][38.097s][info][gc,marking     ] GC(146) Concurrent Cleanup for Next Mark 0.248ms
[2026-04-03T02:36:05.169+0600][38.097s][info][gc             ] GC(146) Concurrent Undo Cycle 0.660ms
[2026-04-03T02:36:05.209+0600][38.137s][info][gc,start       ] GC(147) Pause Young (Concurrent Start) (G1 Humongous Allocation)
[2026-04-03T02:36:05.209+0600][38.137s][info][gc,task        ] GC(147) Using 10 workers of 10 for evacuation
[2026-04-03T02:36:05.213+0600][38.140s][info][gc,phases      ] GC(147)   Pre Evacuate Collection Set: 0.46ms
[2026-04-03T02:36:05.213+0600][38.140s][info][gc,phases      ] GC(147)   Merge Heap Roots: 0.10ms
[2026-04-03T02:36:05.213+0600][38.140s][info][gc,phases      ] GC(147)   Evacuate Collection Set: 1.68ms
[2026-04-03T02:36:05.213+0600][38.140s][info][gc,phases      ] GC(147)   Post Evacuate Collection Set: 1.18ms
[2026-04-03T02:36:05.213+0600][38.140s][info][gc,phases      ] GC(147)   Other: 0.13ms
[2026-04-03T02:36:05.213+0600][38.141s][info][gc,heap        ] GC(147) Eden regions: 25->0(344)
[2026-04-03T02:36:05.213+0600][38.141s][info][gc,heap        ] GC(147) Survivor regions: 4->4(39)
[2026-04-03T02:36:05.213+0600][38.141s][info][gc,heap        ] GC(147) Old regions: 89->89
[2026-04-03T02:36:05.213+0600][38.141s][info][gc,heap        ] GC(147) Humongous regions: 29->8
[2026-04-03T02:36:05.213+0600][38.141s][info][gc,metaspace   ] GC(147) Metaspace: 130583K(132096K)->130583K(132096K) NonClass: 114111K(114816K)->114111K(114816K) Class: 16471K(17280K)->16471K(17280K)
[2026-04-03T02:36:05.213+0600][38.141s][info][gc             ] GC(147) Pause Young (Concurrent Start) (G1 Humongous Allocation) 143M->98M(581M) 3.944ms
[2026-04-03T02:36:05.213+0600][38.141s][info][gc             ] GC(148) Concurrent Undo Cycle
[2026-04-03T02:36:05.213+0600][38.141s][info][gc,marking     ] GC(148) Concurrent Clear Claimed Marks
[2026-04-03T02:36:05.213+0600][38.141s][info][gc,cpu         ] GC(147) User=0.02s Sys=0.00s Real=0.01s
[2026-04-03T02:36:05.213+0600][38.141s][info][gc,marking     ] GC(148) Concurrent Clear Claimed Marks 0.227ms
[2026-04-03T02:36:05.213+0600][38.141s][info][gc,marking     ] GC(148) Concurrent Cleanup for Next Mark
[2026-04-03T02:36:05.213+0600][38.141s][info][gc,marking     ] GC(148) Concurrent Cleanup for Next Mark 0.193ms
[2026-04-03T02:36:05.213+0600][38.141s][info][gc             ] GC(148) Concurrent Undo Cycle 0.553ms
[2026-04-03T02:36:05.308+0600][38.236s][info][gc,start       ] GC(149) Pause Young (Concurrent Start) (G1 Humongous Allocation)
[2026-04-03T02:36:05.308+0600][38.236s][info][gc,task        ] GC(149) Using 10 workers of 10 for evacuation
[2026-04-03T02:36:05.314+0600][38.241s][info][gc,phases      ] GC(149)   Pre Evacuate Collection Set: 0.41ms
[2026-04-03T02:36:05.314+0600][38.242s][info][gc,phases      ] GC(149)   Merge Heap Roots: 0.22ms
[2026-04-03T02:36:05.314+0600][38.242s][info][gc,phases      ] GC(149)   Evacuate Collection Set: 3.48ms
[2026-04-03T02:36:05.314+0600][38.242s][info][gc,phases      ] GC(149)   Post Evacuate Collection Set: 0.78ms
[2026-04-03T02:36:05.314+0600][38.242s][info][gc,phases      ] GC(149)   Other: 0.25ms
[2026-04-03T02:36:05.314+0600][38.242s][info][gc,heap        ] GC(149) Eden regions: 83->0(343)
[2026-04-03T02:36:05.314+0600][38.242s][info][gc,heap        ] GC(149) Survivor regions: 4->5(44)
[2026-04-03T02:36:05.314+0600][38.242s][info][gc,heap        ] GC(149) Old regions: 89->89
[2026-04-03T02:36:05.314+0600][38.242s][info][gc,heap        ] GC(149) Humongous regions: 59->8
[2026-04-03T02:36:05.314+0600][38.242s][info][gc,metaspace   ] GC(149) Metaspace: 130583K(132096K)->130583K(132096K) NonClass: 114111K(114816K)->114111K(114816K) Class: 16471K(17280K)->16471K(17280K)
[2026-04-03T02:36:05.314+0600][38.242s][info][gc             ] GC(149) Pause Young (Concurrent Start) (G1 Humongous Allocation) 231M->100M(581M) 5.553ms
[2026-04-03T02:36:05.314+0600][38.242s][info][gc             ] GC(150) Concurrent Undo Cycle
[2026-04-03T02:36:05.314+0600][38.242s][info][gc,cpu         ] GC(149) User=0.04s Sys=0.01s Real=0.01s
[2026-04-03T02:36:05.314+0600][38.242s][info][gc,marking     ] GC(150) Concurrent Clear Claimed Marks
[2026-04-03T02:36:05.314+0600][38.242s][info][gc,marking     ] GC(150) Concurrent Clear Claimed Marks 0.365ms
[2026-04-03T02:36:05.315+0600][38.242s][info][gc,marking     ] GC(150) Concurrent Cleanup for Next Mark
[2026-04-03T02:36:05.315+0600][38.243s][info][gc,marking     ] GC(150) Concurrent Cleanup for Next Mark 0.503ms
[2026-04-03T02:36:05.315+0600][38.243s][info][gc             ] GC(150) Concurrent Undo Cycle 1.125ms
[2026-04-03T02:36:05.398+0600][38.326s][info][gc,start       ] GC(151) Pause Young (Concurrent Start) (G1 Humongous Allocation)
[2026-04-03T02:36:05.398+0600][38.326s][info][gc,task        ] GC(151) Using 10 workers of 10 for evacuation
[2026-04-03T02:36:05.401+0600][38.329s][info][gc,phases      ] GC(151)   Pre Evacuate Collection Set: 0.35ms
[2026-04-03T02:36:05.401+0600][38.329s][info][gc,phases      ] GC(151)   Merge Heap Roots: 0.11ms
[2026-04-03T02:36:05.401+0600][38.329s][info][gc,phases      ] GC(151)   Evacuate Collection Set: 1.52ms
[2026-04-03T02:36:05.401+0600][38.329s][info][gc,phases      ] GC(151)   Post Evacuate Collection Set: 0.67ms
[2026-04-03T02:36:05.401+0600][38.329s][info][gc,phases      ] GC(151)   Other: 0.13ms
[2026-04-03T02:36:05.401+0600][38.329s][info][gc,heap        ] GC(151) Eden regions: 64->0(345)
[2026-04-03T02:36:05.401+0600][38.329s][info][gc,heap        ] GC(151) Survivor regions: 5->3(44)
[2026-04-03T02:36:05.401+0600][38.329s][info][gc,heap        ] GC(151) Old regions: 89->90
[2026-04-03T02:36:05.401+0600][38.329s][info][gc,heap        ] GC(151) Humongous regions: 62->8
[2026-04-03T02:36:05.401+0600][38.329s][info][gc,metaspace   ] GC(151) Metaspace: 130587K(132096K)->130587K(132096K) NonClass: 114115K(114816K)->114115K(114816K) Class: 16471K(17280K)->16471K(17280K)
[2026-04-03T02:36:05.401+0600][38.329s][info][gc             ] GC(151) Pause Young (Concurrent Start) (G1 Humongous Allocation) 218M->98M(581M) 3.020ms
[2026-04-03T02:36:05.401+0600][38.329s][info][gc             ] GC(152) Concurrent Undo Cycle
[2026-04-03T02:36:05.401+0600][38.329s][info][gc,cpu         ] GC(151) User=0.02s Sys=0.00s Real=0.01s
[2026-04-03T02:36:05.401+0600][38.329s][info][gc,marking     ] GC(152) Concurrent Clear Claimed Marks
[2026-04-03T02:36:05.401+0600][38.329s][info][gc,marking     ] GC(152) Concurrent Clear Claimed Marks 0.220ms
[2026-04-03T02:36:05.401+0600][38.329s][info][gc,marking     ] GC(152) Concurrent Cleanup for Next Mark
[2026-04-03T02:36:05.402+0600][38.329s][info][gc,marking     ] GC(152) Concurrent Cleanup for Next Mark 0.211ms
[2026-04-03T02:36:05.402+0600][38.329s][info][gc             ] GC(152) Concurrent Undo Cycle 0.562ms
[2026-04-03T02:36:05.502+0600][38.430s][info][gc,start       ] GC(153) Pause Young (Concurrent Start) (G1 Humongous Allocation)
[2026-04-03T02:36:05.502+0600][38.430s][info][gc,task        ] GC(153) Using 10 workers of 10 for evacuation
[2026-04-03T02:36:05.507+0600][38.435s][info][gc,phases      ] GC(153)   Pre Evacuate Collection Set: 0.48ms
[2026-04-03T02:36:05.507+0600][38.435s][info][gc,phases      ] GC(153)   Merge Heap Roots: 0.23ms
[2026-04-03T02:36:05.507+0600][38.435s][info][gc,phases      ] GC(153)   Evacuate Collection Set: 2.96ms
[2026-04-03T02:36:05.507+0600][38.435s][info][gc,phases      ] GC(153)   Post Evacuate Collection Set: 0.91ms
[2026-04-03T02:36:05.507+0600][38.435s][info][gc,phases      ] GC(153)   Other: 0.14ms
[2026-04-03T02:36:05.507+0600][38.435s][info][gc,heap        ] GC(153) Eden regions: 81->0(344)
[2026-04-03T02:36:05.507+0600][38.435s][info][gc,heap        ] GC(153) Survivor regions: 3->4(44)
[2026-04-03T02:36:05.507+0600][38.435s][info][gc,heap        ] GC(153) Old regions: 90->90
[2026-04-03T02:36:05.507+0600][38.435s][info][gc,heap        ] GC(153) Humongous regions: 63->8
[2026-04-03T02:36:05.507+0600][38.435s][info][gc,metaspace   ] GC(153) Metaspace: 130601K(132096K)->130601K(132096K) NonClass: 114129K(114816K)->114129K(114816K) Class: 16471K(17280K)->16471K(17280K)
[2026-04-03T02:36:05.507+0600][38.435s][info][gc             ] GC(153) Pause Young (Concurrent Start) (G1 Humongous Allocation) 234M->99M(581M) 5.046ms
[2026-04-03T02:36:05.507+0600][38.435s][info][gc             ] GC(154) Concurrent Undo Cycle
[2026-04-03T02:36:05.507+0600][38.435s][info][gc,cpu         ] GC(153) User=0.03s Sys=0.00s Real=0.00s
[2026-04-03T02:36:05.507+0600][38.435s][info][gc,marking     ] GC(154) Concurrent Clear Claimed Marks
[2026-04-03T02:36:05.508+0600][38.436s][info][gc,marking     ] GC(154) Concurrent Clear Claimed Marks 0.367ms
[2026-04-03T02:36:05.508+0600][38.436s][info][gc,marking     ] GC(154) Concurrent Cleanup for Next Mark
[2026-04-03T02:36:05.508+0600][38.436s][info][gc,marking     ] GC(154) Concurrent Cleanup for Next Mark 0.390ms
[2026-04-03T02:36:05.508+0600][38.436s][info][gc             ] GC(154) Concurrent Undo Cycle 0.976ms
[2026-04-03T02:36:05.646+0600][38.574s][info][gc,start       ] GC(155) Pause Young (Concurrent Start) (G1 Humongous Allocation)
[2026-04-03T02:36:05.646+0600][38.574s][info][gc,task        ] GC(155) Using 10 workers of 10 for evacuation
[2026-04-03T02:36:05.650+0600][38.578s][info][gc,phases      ] GC(155)   Pre Evacuate Collection Set: 0.43ms
[2026-04-03T02:36:05.650+0600][38.578s][info][gc,phases      ] GC(155)   Merge Heap Roots: 0.15ms
[2026-04-03T02:36:05.650+0600][38.578s][info][gc,phases      ] GC(155)   Evacuate Collection Set: 1.92ms
[2026-04-03T02:36:05.650+0600][38.578s][info][gc,phases      ] GC(155)   Post Evacuate Collection Set: 0.69ms
[2026-04-03T02:36:05.650+0600][38.578s][info][gc,phases      ] GC(155)   Other: 0.23ms
[2026-04-03T02:36:05.650+0600][38.578s][info][gc,heap        ] GC(155) Eden regions: 96->0(344)
[2026-04-03T02:36:05.650+0600][38.578s][info][gc,heap        ] GC(155) Survivor regions: 4->4(44)
[2026-04-03T02:36:05.650+0600][38.578s][info][gc,heap        ] GC(155) Old regions: 90->90
[2026-04-03T02:36:05.650+0600][38.578s][info][gc,heap        ] GC(155) Humongous regions: 63->8
[2026-04-03T02:36:05.650+0600][38.578s][info][gc,metaspace   ] GC(155) Metaspace: 130603K(132096K)->130603K(132096K) NonClass: 114132K(114816K)->114132K(114816K) Class: 16471K(17280K)->16471K(17280K)
[2026-04-03T02:36:05.650+0600][38.578s][info][gc             ] GC(155) Pause Young (Concurrent Start) (G1 Humongous Allocation) 250M->99M(581M) 3.652ms
[2026-04-03T02:36:05.650+0600][38.578s][info][gc,cpu         ] GC(155) User=0.02s Sys=0.00s Real=0.01s
[2026-04-03T02:36:05.650+0600][38.578s][info][gc             ] GC(156) Concurrent Undo Cycle
[2026-04-03T02:36:05.650+0600][38.578s][info][gc,marking     ] GC(156) Concurrent Clear Claimed Marks
[2026-04-03T02:36:05.650+0600][38.578s][info][gc,marking     ] GC(156) Concurrent Clear Claimed Marks 0.210ms
[2026-04-03T02:36:05.650+0600][38.578s][info][gc,marking     ] GC(156) Concurrent Cleanup for Next Mark
[2026-04-03T02:36:05.651+0600][38.579s][info][gc,marking     ] GC(156) Concurrent Cleanup for Next Mark 0.211ms
[2026-04-03T02:36:05.651+0600][38.579s][info][gc             ] GC(156) Concurrent Undo Cycle 0.579ms
[2026-04-03T02:36:05.813+0600][38.741s][info][gc,start       ] GC(157) Pause Young (Concurrent Start) (G1 Humongous Allocation)
[2026-04-03T02:36:05.813+0600][38.741s][info][gc,task        ] GC(157) Using 10 workers of 10 for evacuation
[2026-04-03T02:36:05.816+0600][38.744s][info][gc,phases      ] GC(157)   Pre Evacuate Collection Set: 0.50ms
[2026-04-03T02:36:05.816+0600][38.744s][info][gc,phases      ] GC(157)   Merge Heap Roots: 0.14ms
[2026-04-03T02:36:05.816+0600][38.744s][info][gc,phases      ] GC(157)   Evacuate Collection Set: 1.98ms
[2026-04-03T02:36:05.816+0600][38.744s][info][gc,phases      ] GC(157)   Post Evacuate Collection Set: 0.48ms
[2026-04-03T02:36:05.816+0600][38.744s][info][gc,phases      ] GC(157)   Other: 0.10ms
[2026-04-03T02:36:05.816+0600][38.744s][info][gc,heap        ] GC(157) Eden regions: 94->0(344)
[2026-04-03T02:36:05.816+0600][38.744s][info][gc,heap        ] GC(157) Survivor regions: 4->4(44)
[2026-04-03T02:36:05.816+0600][38.744s][info][gc,heap        ] GC(157) Old regions: 90->90
[2026-04-03T02:36:05.816+0600][38.744s][info][gc,heap        ] GC(157) Humongous regions: 65->8
[2026-04-03T02:36:05.816+0600][38.744s][info][gc,metaspace   ] GC(157) Metaspace: 130640K(132160K)->130640K(132160K) NonClass: 114169K(114880K)->114169K(114880K) Class: 16471K(17280K)->16471K(17280K)
[2026-04-03T02:36:05.816+0600][38.744s][info][gc             ] GC(157) Pause Young (Concurrent Start) (G1 Humongous Allocation) 250M->100M(581M) 3.440ms
[2026-04-03T02:36:05.816+0600][38.744s][info][gc             ] GC(158) Concurrent Undo Cycle
[2026-04-03T02:36:05.816+0600][38.744s][info][gc,marking     ] GC(158) Concurrent Clear Claimed Marks
[2026-04-03T02:36:05.816+0600][38.744s][info][gc,cpu         ] GC(157) User=0.02s Sys=0.00s Real=0.00s
[2026-04-03T02:36:05.817+0600][38.744s][info][gc,marking     ] GC(158) Concurrent Clear Claimed Marks 0.223ms
[2026-04-03T02:36:05.817+0600][38.744s][info][gc,marking     ] GC(158) Concurrent Cleanup for Next Mark
[2026-04-03T02:36:05.817+0600][38.745s][info][gc,marking     ] GC(158) Concurrent Cleanup for Next Mark 0.244ms
[2026-04-03T02:36:05.817+0600][38.745s][info][gc             ] GC(158) Concurrent Undo Cycle 0.567ms
[2026-04-03T02:36:06.061+0600][38.989s][info][gc,start       ] GC(159) Pause Young (Concurrent Start) (G1 Humongous Allocation)
[2026-04-03T02:36:06.061+0600][38.989s][info][gc,task        ] GC(159) Using 10 workers of 10 for evacuation
[2026-04-03T02:36:06.064+0600][38.992s][info][gc,phases      ] GC(159)   Pre Evacuate Collection Set: 0.34ms
[2026-04-03T02:36:06.064+0600][38.992s][info][gc,phases      ] GC(159)   Merge Heap Roots: 0.15ms
[2026-04-03T02:36:06.064+0600][38.992s][info][gc,phases      ] GC(159)   Evacuate Collection Set: 1.87ms
[2026-04-03T02:36:06.064+0600][38.992s][info][gc,phases      ] GC(159)   Post Evacuate Collection Set: 0.52ms
[2026-04-03T02:36:06.064+0600][38.992s][info][gc,phases      ] GC(159)   Other: 0.10ms
[2026-04-03T02:36:06.064+0600][38.992s][info][gc,heap        ] GC(159) Eden regions: 216->0(344)
[2026-04-03T02:36:06.064+0600][38.992s][info][gc,heap        ] GC(159) Survivor regions: 4->4(44)
[2026-04-03T02:36:06.064+0600][38.992s][info][gc,heap        ] GC(159) Old regions: 90->90
[2026-04-03T02:36:06.064+0600][38.992s][info][gc,heap        ] GC(159) Humongous regions: 64->8
[2026-04-03T02:36:06.064+0600][38.992s][info][gc,metaspace   ] GC(159) Metaspace: 130648K(132160K)->130648K(132160K) NonClass: 114176K(114880K)->114176K(114880K) Class: 16471K(17280K)->16471K(17280K)
[2026-04-03T02:36:06.064+0600][38.992s][info][gc             ] GC(159) Pause Young (Concurrent Start) (G1 Humongous Allocation) 371M->100M(581M) 3.183ms
[2026-04-03T02:36:06.064+0600][38.992s][info][gc             ] GC(160) Concurrent Undo Cycle
[2026-04-03T02:36:06.064+0600][38.992s][info][gc,marking     ] GC(160) Concurrent Clear Claimed Marks
[2026-04-03T02:36:06.064+0600][38.992s][info][gc,cpu         ] GC(159) User=0.03s Sys=0.00s Real=0.00s
[2026-04-03T02:36:06.064+0600][38.992s][info][gc,marking     ] GC(160) Concurrent Clear Claimed Marks 0.222ms
[2026-04-03T02:36:06.064+0600][38.992s][info][gc,marking     ] GC(160) Concurrent Cleanup for Next Mark
[2026-04-03T02:36:06.065+0600][38.993s][info][gc,marking     ] GC(160) Concurrent Cleanup for Next Mark 0.309ms
[2026-04-03T02:36:06.065+0600][38.993s][info][gc             ] GC(160) Concurrent Undo Cycle 0.653ms
[2026-04-03T02:36:06.100+0600][39.028s][info][gc,start       ] GC(161) Pause Young (Concurrent Start) (G1 Humongous Allocation)
[2026-04-03T02:36:06.100+0600][39.028s][info][gc,task        ] GC(161) Using 10 workers of 10 for evacuation
[2026-04-03T02:36:06.105+0600][39.032s][info][gc,phases      ] GC(161)   Pre Evacuate Collection Set: 0.37ms
[2026-04-03T02:36:06.105+0600][39.033s][info][gc,phases      ] GC(161)   Merge Heap Roots: 0.19ms
[2026-04-03T02:36:06.105+0600][39.033s][info][gc,phases      ] GC(161)   Evacuate Collection Set: 2.57ms
[2026-04-03T02:36:06.105+0600][39.033s][info][gc,phases      ] GC(161)   Post Evacuate Collection Set: 0.76ms
[2026-04-03T02:36:06.105+0600][39.033s][info][gc,phases      ] GC(161)   Other: 0.32ms
[2026-04-03T02:36:06.105+0600][39.033s][info][gc,heap        ] GC(161) Eden regions: 26->0(342)
[2026-04-03T02:36:06.105+0600][39.033s][info][gc,heap        ] GC(161) Survivor regions: 4->6(44)
[2026-04-03T02:36:06.105+0600][39.033s][info][gc,heap        ] GC(161) Old regions: 90->90
[2026-04-03T02:36:06.105+0600][39.033s][info][gc,heap        ] GC(161) Humongous regions: 66->23
[2026-04-03T02:36:06.105+0600][39.033s][info][gc,metaspace   ] GC(161) Metaspace: 130652K(132160K)->130652K(132160K) NonClass: 114180K(114880K)->114180K(114880K) Class: 16471K(17280K)->16471K(17280K)
[2026-04-03T02:36:06.105+0600][39.033s][info][gc             ] GC(161) Pause Young (Concurrent Start) (G1 Humongous Allocation) 183M->116M(581M) 4.542ms
[2026-04-03T02:36:06.105+0600][39.033s][info][gc,cpu         ] GC(161) User=0.02s Sys=0.00s Real=0.00s
[2026-04-03T02:36:06.105+0600][39.033s][info][gc             ] GC(162) Concurrent Undo Cycle
[2026-04-03T02:36:06.105+0600][39.033s][info][gc,marking     ] GC(162) Concurrent Clear Claimed Marks
[2026-04-03T02:36:06.105+0600][39.033s][info][gc,marking     ] GC(162) Concurrent Clear Claimed Marks 0.247ms
[2026-04-03T02:36:06.105+0600][39.033s][info][gc,marking     ] GC(162) Concurrent Cleanup for Next Mark
[2026-04-03T02:36:06.106+0600][39.034s][info][gc,marking     ] GC(162) Concurrent Cleanup for Next Mark 0.282ms
[2026-04-03T02:36:06.106+0600][39.034s][info][gc             ] GC(162) Concurrent Undo Cycle 0.741ms
[2026-04-03T02:36:06.106+0600][39.034s][info][gc,start       ] GC(163) Pause Young (Concurrent Start) (G1 Humongous Allocation)
[2026-04-03T02:36:06.106+0600][39.034s][info][gc,task        ] GC(163) Using 10 workers of 10 for evacuation
[2026-04-03T02:36:06.110+0600][39.038s][info][gc,phases      ] GC(163)   Pre Evacuate Collection Set: 0.38ms
[2026-04-03T02:36:06.110+0600][39.038s][info][gc,phases      ] GC(163)   Merge Heap Roots: 0.18ms
[2026-04-03T02:36:06.110+0600][39.038s][info][gc,phases      ] GC(163)   Evacuate Collection Set: 2.39ms
[2026-04-03T02:36:06.110+0600][39.038s][info][gc,phases      ] GC(163)   Post Evacuate Collection Set: 0.71ms
[2026-04-03T02:36:06.110+0600][39.038s][info][gc,phases      ] GC(163)   Other: 0.16ms
[2026-04-03T02:36:06.110+0600][39.038s][info][gc,heap        ] GC(163) Eden regions: 3->0(342)
[2026-04-03T02:36:06.110+0600][39.038s][info][gc,heap        ] GC(163) Survivor regions: 6->6(44)
[2026-04-03T02:36:06.110+0600][39.038s][info][gc,heap        ] GC(163) Old regions: 90->90
[2026-04-03T02:36:06.110+0600][39.038s][info][gc,heap        ] GC(163) Humongous regions: 28->8
[2026-04-03T02:36:06.110+0600][39.038s][info][gc,metaspace   ] GC(163) Metaspace: 130652K(132160K)->130652K(132160K) NonClass: 114180K(114880K)->114180K(114880K) Class: 16471K(17280K)->16471K(17280K)
[2026-04-03T02:36:06.110+0600][39.038s][info][gc             ] GC(163) Pause Young (Concurrent Start) (G1 Humongous Allocation) 123M->101M(581M) 4.110ms
[2026-04-03T02:36:06.110+0600][39.038s][info][gc             ] GC(164) Concurrent Mark Cycle
[2026-04-03T02:36:06.110+0600][39.038s][info][gc,marking     ] GC(164) Concurrent Scan Root Regions
[2026-04-03T02:36:06.111+0600][39.038s][info][gc,cpu         ] GC(163) User=0.02s Sys=0.00s Real=0.01s
[2026-04-03T02:36:06.113+0600][39.041s][info][gc,marking     ] GC(164) Concurrent Scan Root Regions 2.369ms
[2026-04-03T02:36:06.113+0600][39.041s][info][gc,marking     ] GC(164) Concurrent Mark
[2026-04-03T02:36:06.113+0600][39.041s][info][gc,marking     ] GC(164) Concurrent Mark From Roots
[2026-04-03T02:36:06.113+0600][39.041s][info][gc,task        ] GC(164) Using 3 workers of 3 for marking
[2026-04-03T02:36:06.197+0600][39.125s][info][gc,marking     ] GC(164) Concurrent Mark From Roots 84.019ms
[2026-04-03T02:36:06.197+0600][39.125s][info][gc,marking     ] GC(164) Concurrent Preclean
[2026-04-03T02:36:06.197+0600][39.125s][info][gc,marking     ] GC(164) Concurrent Preclean 0.280ms
[2026-04-03T02:36:06.198+0600][39.125s][info][gc,start       ] GC(164) Pause Remark
[2026-04-03T02:36:06.206+0600][39.134s][info][gc             ] GC(164) Pause Remark 460M->460M(680M) 8.305ms
[2026-04-03T02:36:06.206+0600][39.134s][info][gc,cpu         ] GC(164) User=0.05s Sys=0.00s Real=0.01s
[2026-04-03T02:36:06.206+0600][39.134s][info][gc,marking     ] GC(164) Concurrent Mark 93.282ms
[2026-04-03T02:36:06.206+0600][39.134s][info][gc,marking     ] GC(164) Concurrent Rebuild Remembered Sets and Scrub Regions
[2026-04-03T02:36:06.240+0600][39.168s][info][gc,marking     ] GC(164) Concurrent Rebuild Remembered Sets and Scrub Regions 33.505ms
[2026-04-03T02:36:06.240+0600][39.168s][info][gc,start       ] GC(164) Pause Cleanup
[2026-04-03T02:36:06.241+0600][39.169s][info][gc             ] GC(164) Pause Cleanup 474M->474M(680M) 0.387ms
[2026-04-03T02:36:06.241+0600][39.169s][info][gc,cpu         ] GC(164) User=0.01s Sys=0.00s Real=0.00s
[2026-04-03T02:36:06.241+0600][39.169s][info][gc,marking     ] GC(164) Concurrent Clear Claimed Marks
[2026-04-03T02:36:06.241+0600][39.169s][info][gc,marking     ] GC(164) Concurrent Clear Claimed Marks 0.367ms
[2026-04-03T02:36:06.241+0600][39.169s][info][gc,marking     ] GC(164) Concurrent Cleanup for Next Mark
[2026-04-03T02:36:06.244+0600][39.171s][info][gc,marking     ] GC(164) Concurrent Cleanup for Next Mark 2.194ms
[2026-04-03T02:36:06.244+0600][39.172s][info][gc             ] GC(164) Concurrent Mark Cycle 133.221ms
[2026-04-03T02:36:06.309+0600][39.237s][info][gc,start       ] GC(165) Pause Young (Prepare Mixed) (G1 Evacuation Pause)
[2026-04-03T02:36:06.309+0600][39.237s][info][gc,task        ] GC(165) Using 10 workers of 10 for evacuation
[2026-04-03T02:36:06.313+0600][39.241s][info][gc,phases      ] GC(165)   Pre Evacuate Collection Set: 0.29ms
[2026-04-03T02:36:06.314+0600][39.241s][info][gc,phases      ] GC(165)   Merge Heap Roots: 0.18ms
[2026-04-03T02:36:06.314+0600][39.241s][info][gc,phases      ] GC(165)   Evacuate Collection Set: 2.99ms
[2026-04-03T02:36:06.314+0600][39.241s][info][gc,phases      ] GC(165)   Post Evacuate Collection Set: 0.97ms
[2026-04-03T02:36:06.314+0600][39.241s][info][gc,phases      ] GC(165)   Other: 0.09ms
[2026-04-03T02:36:06.314+0600][39.241s][info][gc,heap        ] GC(165) Eden regions: 82->0(483)
[2026-04-03T02:36:06.314+0600][39.241s][info][gc,heap        ] GC(165) Survivor regions: 6->7(54)
[2026-04-03T02:36:06.314+0600][39.241s][info][gc,heap        ] GC(165) Old regions: 90->91
[2026-04-03T02:36:06.314+0600][39.241s][info][gc,heap        ] GC(165) Humongous regions: 631->18
[2026-04-03T02:36:06.314+0600][39.241s][info][gc,metaspace   ] GC(165) Metaspace: 130661K(132160K)->130661K(132160K) NonClass: 114189K(114880K)->114189K(114880K) Class: 16471K(17280K)->16471K(17280K)
[2026-04-03T02:36:06.314+0600][39.242s][info][gc             ] GC(165) Pause Young (Prepare Mixed) (G1 Evacuation Pause) 806M->113M(817M) 4.771ms
[2026-04-03T02:36:06.314+0600][39.242s][info][gc,cpu         ] GC(165) User=0.03s Sys=0.01s Real=0.01s
[2026-04-03T02:36:07.031+0600][39.959s][info][gc,start       ] GC(166) Pause Young (Mixed) (GCLocker Initiated GC)
[2026-04-03T02:36:07.031+0600][39.959s][info][gc,task        ] GC(166) Using 10 workers of 10 for evacuation
[2026-04-03T02:36:07.039+0600][39.967s][info][gc,phases      ] GC(166)   Pre Evacuate Collection Set: 0.61ms
[2026-04-03T02:36:07.039+0600][39.967s][info][gc,phases      ] GC(166)   Merge Heap Roots: 0.36ms
[2026-04-03T02:36:07.039+0600][39.967s][info][gc,phases      ] GC(166)   Evacuate Collection Set: 5.65ms
[2026-04-03T02:36:07.039+0600][39.967s][info][gc,phases      ] GC(166)   Post Evacuate Collection Set: 1.03ms
[2026-04-03T02:36:07.039+0600][39.967s][info][gc,phases      ] GC(166)   Other: 0.20ms
[2026-04-03T02:36:07.039+0600][39.967s][info][gc,heap        ] GC(166) Eden regions: 441->0(487)
[2026-04-03T02:36:07.039+0600][39.967s][info][gc,heap        ] GC(166) Survivor regions: 7->9(62)
[2026-04-03T02:36:07.039+0600][39.967s][info][gc,heap        ] GC(166) Old regions: 91->91
[2026-04-03T02:36:07.039+0600][39.967s][info][gc,heap        ] GC(166) Humongous regions: 278->8
[2026-04-03T02:36:07.039+0600][39.967s][info][gc,metaspace   ] GC(166) Metaspace: 130683K(132160K)->130683K(132160K) NonClass: 114211K(114880K)->114211K(114880K) Class: 16472K(17280K)->16472K(17280K)
[2026-04-03T02:36:07.039+0600][39.967s][info][gc             ] GC(166) Pause Young (Mixed) (GCLocker Initiated GC) 814M->105M(827M) 8.194ms
[2026-04-03T02:36:07.039+0600][39.967s][info][gc,cpu         ] GC(166) User=0.04s Sys=0.01s Real=0.00s
[2026-04-03T02:36:07.609+0600][40.537s][info][gc,start       ] GC(167) Pause Young (Mixed) (G1 Evacuation Pause)
[2026-04-03T02:36:07.609+0600][40.537s][info][gc,task        ] GC(167) Using 10 workers of 10 for evacuation
[2026-04-03T02:36:07.614+0600][40.542s][info][gc,phases      ] GC(167)   Pre Evacuate Collection Set: 0.41ms
[2026-04-03T02:36:07.614+0600][40.542s][info][gc,phases      ] GC(167)   Merge Heap Roots: 0.23ms
[2026-04-03T02:36:07.614+0600][40.542s][info][gc,phases      ] GC(167)   Evacuate Collection Set: 3.63ms
[2026-04-03T02:36:07.614+0600][40.542s][info][gc,phases      ] GC(167)   Post Evacuate Collection Set: 0.80ms
[2026-04-03T02:36:07.614+0600][40.542s][info][gc,phases      ] GC(167)   Other: 0.11ms
[2026-04-03T02:36:07.614+0600][40.542s][info][gc,heap        ] GC(167) Eden regions: 416->0(495)
[2026-04-03T02:36:07.614+0600][40.542s][info][gc,heap        ] GC(167) Survivor regions: 9->9(62)
[2026-04-03T02:36:07.614+0600][40.542s][info][gc,heap        ] GC(167) Old regions: 91->89
[2026-04-03T02:36:07.614+0600][40.542s][info][gc,heap        ] GC(167) Humongous regions: 316->8
[2026-04-03T02:36:07.614+0600][40.542s][info][gc,metaspace   ] GC(167) Metaspace: 130691K(132160K)->130691K(132160K) NonClass: 114219K(114880K)->114219K(114880K) Class: 16472K(17280K)->16472K(17280K)
[2026-04-03T02:36:07.614+0600][40.542s][info][gc             ] GC(167) Pause Young (Mixed) (G1 Evacuation Pause) 829M->103M(841M) 5.474ms
[2026-04-03T02:36:07.614+0600][40.542s][info][gc,cpu         ] GC(167) User=0.03s Sys=0.01s Real=0.01s
[2026-04-03T02:36:07.834+0600][40.762s][info][gc,start       ] GC(168) Pause Young (Concurrent Start) (G1 Humongous Allocation)
[2026-04-03T02:36:07.834+0600][40.762s][info][gc,task        ] GC(168) Using 10 workers of 10 for evacuation
[2026-04-03T02:36:07.838+0600][40.766s][info][gc,phases      ] GC(168)   Pre Evacuate Collection Set: 0.52ms
[2026-04-03T02:36:07.838+0600][40.766s][info][gc,phases      ] GC(168)   Merge Heap Roots: 0.20ms
[2026-04-03T02:36:07.838+0600][40.766s][info][gc,phases      ] GC(168)   Evacuate Collection Set: 2.32ms
[2026-04-03T02:36:07.838+0600][40.766s][info][gc,phases      ] GC(168)   Post Evacuate Collection Set: 0.87ms
[2026-04-03T02:36:07.838+0600][40.766s][info][gc,phases      ] GC(168)   Other: 0.19ms
[2026-04-03T02:36:07.838+0600][40.766s][info][gc,heap        ] GC(168) Eden regions: 190->0(496)
[2026-04-03T02:36:07.838+0600][40.766s][info][gc,heap        ] GC(168) Survivor regions: 9->8(63)
[2026-04-03T02:36:07.838+0600][40.766s][info][gc,heap        ] GC(168) Old regions: 89->89
[2026-04-03T02:36:07.838+0600][40.766s][info][gc,heap        ] GC(168) Humongous regions: 72->8
[2026-04-03T02:36:07.838+0600][40.766s][info][gc,metaspace   ] GC(168) Metaspace: 130800K(132288K)->130800K(132288K) NonClass: 114313K(115008K)->114313K(115008K) Class: 16487K(17280K)->16487K(17280K)
[2026-04-03T02:36:07.838+0600][40.766s][info][gc             ] GC(168) Pause Young (Concurrent Start) (G1 Humongous Allocation) 357M->102M(841M) 4.411ms
[2026-04-03T02:36:07.838+0600][40.766s][info][gc             ] GC(169) Concurrent Undo Cycle
[2026-04-03T02:36:07.839+0600][40.766s][info][gc,cpu         ] GC(168) User=0.03s Sys=0.00s Real=0.00s
[2026-04-03T02:36:07.839+0600][40.766s][info][gc,marking     ] GC(169) Concurrent Clear Claimed Marks
[2026-04-03T02:36:07.839+0600][40.767s][info][gc,marking     ] GC(169) Concurrent Clear Claimed Marks 0.233ms
[2026-04-03T02:36:07.839+0600][40.767s][info][gc,marking     ] GC(169) Concurrent Cleanup for Next Mark
[2026-04-03T02:36:07.839+0600][40.767s][info][gc,marking     ] GC(169) Concurrent Cleanup for Next Mark 0.185ms
[2026-04-03T02:36:07.839+0600][40.767s][info][gc             ] GC(169) Concurrent Undo Cycle 0.548ms
[2026-04-03T02:36:08.017+0600][40.945s][info][gc,start       ] GC(170) Pause Young (Concurrent Start) (G1 Humongous Allocation)
[2026-04-03T02:36:08.017+0600][40.945s][info][gc,task        ] GC(170) Using 10 workers of 10 for evacuation
[2026-04-03T02:36:08.020+0600][40.948s][info][gc,phases      ] GC(170)   Pre Evacuate Collection Set: 0.38ms
[2026-04-03T02:36:08.020+0600][40.948s][info][gc,phases      ] GC(170)   Merge Heap Roots: 0.13ms
[2026-04-03T02:36:08.020+0600][40.948s][info][gc,phases      ] GC(170)   Evacuate Collection Set: 2.12ms
[2026-04-03T02:36:08.020+0600][40.948s][info][gc,phases      ] GC(170)   Post Evacuate Collection Set: 0.62ms
[2026-04-03T02:36:08.020+0600][40.948s][info][gc,phases      ] GC(170)   Other: 0.18ms
[2026-04-03T02:36:08.020+0600][40.948s][info][gc,heap        ] GC(170) Eden regions: 135->0(495)
[2026-04-03T02:36:08.020+0600][40.948s][info][gc,heap        ] GC(170) Survivor regions: 8->9(63)
[2026-04-03T02:36:08.020+0600][40.948s][info][gc,heap        ] GC(170) Old regions: 89->89
[2026-04-03T02:36:08.020+0600][40.948s][info][gc,heap        ] GC(170) Humongous regions: 66->13
[2026-04-03T02:36:08.020+0600][40.948s][info][gc,metaspace   ] GC(170) Metaspace: 130802K(132288K)->130802K(132288K) NonClass: 114315K(115008K)->114315K(115008K) Class: 16487K(17280K)->16487K(17280K)
[2026-04-03T02:36:08.020+0600][40.948s][info][gc             ] GC(170) Pause Young (Concurrent Start) (G1 Humongous Allocation) 295M->109M(841M) 3.808ms
[2026-04-03T02:36:08.020+0600][40.948s][info][gc             ] GC(171) Concurrent Undo Cycle
[2026-04-03T02:36:08.021+0600][40.948s][info][gc,cpu         ] GC(170) User=0.02s Sys=0.00s Real=0.01s
[2026-04-03T02:36:08.021+0600][40.948s][info][gc,marking     ] GC(171) Concurrent Clear Claimed Marks
[2026-04-03T02:36:08.021+0600][40.949s][info][gc,marking     ] GC(171) Concurrent Clear Claimed Marks 0.264ms
[2026-04-03T02:36:08.021+0600][40.949s][info][gc,marking     ] GC(171) Concurrent Cleanup for Next Mark
[2026-04-03T02:36:08.021+0600][40.949s][info][gc,marking     ] GC(171) Concurrent Cleanup for Next Mark 0.519ms
[2026-04-03T02:36:08.021+0600][40.949s][info][gc             ] GC(171) Concurrent Undo Cycle 0.974ms
[2026-04-03T02:36:08.025+0600][40.953s][info][gc,start       ] GC(172) Pause Young (Concurrent Start) (G1 Humongous Allocation)
[2026-04-03T02:36:08.025+0600][40.953s][info][gc,task        ] GC(172) Using 10 workers of 10 for evacuation
[2026-04-03T02:36:08.029+0600][40.957s][info][gc,phases      ] GC(172)   Pre Evacuate Collection Set: 0.34ms
[2026-04-03T02:36:08.029+0600][40.957s][info][gc,phases      ] GC(172)   Merge Heap Roots: 0.12ms
[2026-04-03T02:36:08.029+0600][40.957s][info][gc,phases      ] GC(172)   Evacuate Collection Set: 2.50ms
[2026-04-03T02:36:08.029+0600][40.957s][info][gc,phases      ] GC(172)   Post Evacuate Collection Set: 0.69ms
[2026-04-03T02:36:08.029+0600][40.957s][info][gc,phases      ] GC(172)   Other: 0.22ms
[2026-04-03T02:36:08.029+0600][40.957s][info][gc,heap        ] GC(172) Eden regions: 5->0(494)
[2026-04-03T02:36:08.029+0600][40.957s][info][gc,heap        ] GC(172) Survivor regions: 9->10(63)
[2026-04-03T02:36:08.029+0600][40.957s][info][gc,heap        ] GC(172) Old regions: 89->89
[2026-04-03T02:36:08.029+0600][40.957s][info][gc,heap        ] GC(172) Humongous regions: 68->23
[2026-04-03T02:36:08.029+0600][40.957s][info][gc,metaspace   ] GC(172) Metaspace: 130802K(132288K)->130802K(132288K) NonClass: 114315K(115008K)->114315K(115008K) Class: 16487K(17280K)->16487K(17280K)
[2026-04-03T02:36:08.029+0600][40.957s][info][gc             ] GC(172) Pause Young (Concurrent Start) (G1 Humongous Allocation) 168M->119M(841M) 4.166ms
[2026-04-03T02:36:08.029+0600][40.957s][info][gc,cpu         ] GC(172) User=0.03s Sys=0.00s Real=0.00s
[2026-04-03T02:36:08.029+0600][40.957s][info][gc             ] GC(173) Concurrent Undo Cycle
[2026-04-03T02:36:08.030+0600][40.957s][info][gc,marking     ] GC(173) Concurrent Clear Claimed Marks
[2026-04-03T02:36:08.030+0600][40.958s][info][gc,marking     ] GC(173) Concurrent Clear Claimed Marks 0.358ms
[2026-04-03T02:36:08.030+0600][40.958s][info][gc,marking     ] GC(173) Concurrent Cleanup for Next Mark
[2026-04-03T02:36:08.030+0600][40.958s][info][gc,marking     ] GC(173) Concurrent Cleanup for Next Mark 0.292ms
[2026-04-03T02:36:08.030+0600][40.958s][info][gc             ] GC(173) Concurrent Undo Cycle 0.884ms
[2026-04-03T02:36:08.031+0600][40.959s][info][gc,start       ] GC(174) Pause Young (Concurrent Start) (G1 Humongous Allocation)
[2026-04-03T02:36:08.031+0600][40.959s][info][gc,task        ] GC(174) Using 10 workers of 10 for evacuation
[2026-04-03T02:36:08.036+0600][40.964s][info][gc,phases      ] GC(174)   Pre Evacuate Collection Set: 0.39ms
[2026-04-03T02:36:08.036+0600][40.964s][info][gc,phases      ] GC(174)   Merge Heap Roots: 0.22ms
[2026-04-03T02:36:08.036+0600][40.964s][info][gc,phases      ] GC(174)   Evacuate Collection Set: 2.81ms
[2026-04-03T02:36:08.036+0600][40.964s][info][gc,phases      ] GC(174)   Post Evacuate Collection Set: 0.66ms
[2026-04-03T02:36:08.036+0600][40.964s][info][gc,phases      ] GC(174)   Other: 0.22ms
[2026-04-03T02:36:08.036+0600][40.964s][info][gc,heap        ] GC(174) Eden regions: 3->0(489)
[2026-04-03T02:36:08.036+0600][40.964s][info][gc,heap        ] GC(174) Survivor regions: 10->10(63)
[2026-04-03T02:36:08.036+0600][40.964s][info][gc,heap        ] GC(174) Old regions: 89->89
[2026-04-03T02:36:08.036+0600][40.964s][info][gc,heap        ] GC(174) Humongous regions: 33->13
[2026-04-03T02:36:08.036+0600][40.964s][info][gc,metaspace   ] GC(174) Metaspace: 130803K(132288K)->130803K(132288K) NonClass: 114315K(115008K)->114315K(115008K) Class: 16487K(17280K)->16487K(17280K)
[2026-04-03T02:36:08.036+0600][40.964s][info][gc             ] GC(174) Pause Young (Concurrent Start) (G1 Humongous Allocation) 131M->109M(841M) 4.725ms
[2026-04-03T02:36:08.036+0600][40.964s][info][gc,cpu         ] GC(174) User=0.03s Sys=0.01s Real=0.00s
[2026-04-03T02:36:08.036+0600][40.964s][info][gc             ] GC(175) Concurrent Mark Cycle
[2026-04-03T02:36:08.036+0600][40.964s][info][gc,marking     ] GC(175) Concurrent Scan Root Regions
[2026-04-03T02:36:08.039+0600][40.967s][info][gc,marking     ] GC(175) Concurrent Scan Root Regions 2.851ms
[2026-04-03T02:36:08.039+0600][40.967s][info][gc,marking     ] GC(175) Concurrent Mark
[2026-04-03T02:36:08.039+0600][40.967s][info][gc,marking     ] GC(175) Concurrent Mark From Roots
[2026-04-03T02:36:08.039+0600][40.967s][info][gc,task        ] GC(175) Using 3 workers of 3 for marking
[2026-04-03T02:36:08.125+0600][41.053s][info][gc,marking     ] GC(175) Concurrent Mark From Roots 85.454ms
[2026-04-03T02:36:08.125+0600][41.053s][info][gc,marking     ] GC(175) Concurrent Preclean
[2026-04-03T02:36:08.125+0600][41.053s][info][gc,marking     ] GC(175) Concurrent Preclean 0.235ms
[2026-04-03T02:36:08.125+0600][41.053s][info][gc,start       ] GC(175) Pause Remark
[2026-04-03T02:36:08.133+0600][41.061s][info][gc             ] GC(175) Pause Remark 445M->445M(841M) 7.411ms
[2026-04-03T02:36:08.133+0600][41.061s][info][gc,cpu         ] GC(175) User=0.05s Sys=0.00s Real=0.01s
[2026-04-03T02:36:08.133+0600][41.061s][info][gc,marking     ] GC(175) Concurrent Mark 93.890ms
[2026-04-03T02:36:08.133+0600][41.061s][info][gc,marking     ] GC(175) Concurrent Rebuild Remembered Sets and Scrub Regions
[2026-04-03T02:36:08.156+0600][41.084s][info][gc,marking     ] GC(175) Concurrent Rebuild Remembered Sets and Scrub Regions 22.859ms
[2026-04-03T02:36:08.157+0600][41.084s][info][gc,start       ] GC(175) Pause Cleanup
[2026-04-03T02:36:08.157+0600][41.085s][info][gc             ] GC(175) Pause Cleanup 456M->456M(841M) 0.350ms
[2026-04-03T02:36:08.157+0600][41.085s][info][gc,cpu         ] GC(175) User=0.00s Sys=0.00s Real=0.00s
[2026-04-03T02:36:08.157+0600][41.085s][info][gc,marking     ] GC(175) Concurrent Clear Claimed Marks
[2026-04-03T02:36:08.158+0600][41.085s][info][gc,marking     ] GC(175) Concurrent Clear Claimed Marks 0.306ms
[2026-04-03T02:36:08.158+0600][41.085s][info][gc,marking     ] GC(175) Concurrent Cleanup for Next Mark
[2026-04-03T02:36:08.159+0600][41.087s][info][gc,marking     ] GC(175) Concurrent Cleanup for Next Mark 1.772ms
[2026-04-03T02:36:08.159+0600][41.087s][info][gc             ] GC(175) Concurrent Mark Cycle 123.305ms
[2026-04-03T02:36:08.207+0600][41.134s][info][gc,start       ] GC(176) Pause Young (Prepare Mixed) (G1 Evacuation Pause)
[2026-04-03T02:36:08.207+0600][41.134s][info][gc,task        ] GC(176) Using 10 workers of 10 for evacuation
[2026-04-03T02:36:08.213+0600][41.141s][info][gc,phases      ] GC(176)   Pre Evacuate Collection Set: 0.59ms
[2026-04-03T02:36:08.213+0600][41.141s][info][gc,phases      ] GC(176)   Merge Heap Roots: 0.30ms
[2026-04-03T02:36:08.213+0600][41.141s][info][gc,phases      ] GC(176)   Evacuate Collection Set: 4.47ms
[2026-04-03T02:36:08.213+0600][41.141s][info][gc,phases      ] GC(176)   Post Evacuate Collection Set: 0.99ms
[2026-04-03T02:36:08.213+0600][41.141s][info][gc,phases      ] GC(176)   Other: 0.12ms
[2026-04-03T02:36:08.213+0600][41.141s][info][gc,heap        ] GC(176) Eden regions: 112->0(501)
[2026-04-03T02:36:08.213+0600][41.141s][info][gc,heap        ] GC(176) Survivor regions: 10->8(63)
[2026-04-03T02:36:08.213+0600][41.141s][info][gc,heap        ] GC(176) Old regions: 89->89
[2026-04-03T02:36:08.213+0600][41.141s][info][gc,heap        ] GC(176) Humongous regions: 630->8
[2026-04-03T02:36:08.213+0600][41.141s][info][gc,metaspace   ] GC(176) Metaspace: 130818K(132288K)->130818K(132288K) NonClass: 114330K(115008K)->114330K(115008K) Class: 16487K(17280K)->16487K(17280K)
[2026-04-03T02:36:08.213+0600][41.141s][info][gc             ] GC(176) Pause Young (Prepare Mixed) (G1 Evacuation Pause) 838M->103M(849M) 6.809ms
[2026-04-03T02:36:08.213+0600][41.141s][info][gc,cpu         ] GC(176) User=0.03s Sys=0.02s Real=0.01s
[2026-04-03T02:36:08.933+0600][41.860s][info][gc,start       ] GC(177) Pause Young (Mixed) (G1 Evacuation Pause)
[2026-04-03T02:36:08.933+0600][41.861s][info][gc,task        ] GC(177) Using 10 workers of 10 for evacuation
[2026-04-03T02:36:08.941+0600][41.869s][info][gc,phases      ] GC(177)   Pre Evacuate Collection Set: 0.60ms
[2026-04-03T02:36:08.941+0600][41.869s][info][gc,phases      ] GC(177)   Merge Heap Roots: 0.31ms
[2026-04-03T02:36:08.941+0600][41.869s][info][gc,phases      ] GC(177)   Evacuate Collection Set: 5.81ms
[2026-04-03T02:36:08.941+0600][41.869s][info][gc,phases      ] GC(177)   Post Evacuate Collection Set: 1.07ms
[2026-04-03T02:36:08.941+0600][41.869s][info][gc,phases      ] GC(177)   Other: 0.28ms
[2026-04-03T02:36:08.941+0600][41.869s][info][gc,heap        ] GC(177) Eden regions: 461->0(505)
[2026-04-03T02:36:08.941+0600][41.869s][info][gc,heap        ] GC(177) Survivor regions: 8->11(64)
[2026-04-03T02:36:08.941+0600][41.869s][info][gc,heap        ] GC(177) Old regions: 89->87
[2026-04-03T02:36:08.941+0600][41.869s][info][gc,heap        ] GC(177) Humongous regions: 291->8
[2026-04-03T02:36:08.941+0600][41.869s][info][gc,metaspace   ] GC(177) Metaspace: 130849K(132288K)->130849K(132288K) NonClass: 114361K(115008K)->114361K(115008K) Class: 16488K(17280K)->16488K(17280K)
[2026-04-03T02:36:08.941+0600][41.869s][info][gc             ] GC(177) Pause Young (Mixed) (G1 Evacuation Pause) 847M->103M(861M) 8.397ms
[2026-04-03T02:36:08.941+0600][41.869s][info][gc,cpu         ] GC(177) User=0.04s Sys=0.02s Real=0.01s
[2026-04-03T02:36:08.942+0600][41.870s][info][gc,start       ] GC(178) Pause Young (Concurrent Start) (G1 Humongous Allocation)
[2026-04-03T02:36:08.942+0600][41.870s][info][gc,task        ] GC(178) Using 10 workers of 10 for evacuation
[2026-04-03T02:36:08.947+0600][41.875s][info][gc,phases      ] GC(178)   Pre Evacuate Collection Set: 0.37ms
[2026-04-03T02:36:08.947+0600][41.875s][info][gc,phases      ] GC(178)   Merge Heap Roots: 0.13ms
[2026-04-03T02:36:08.947+0600][41.875s][info][gc,phases      ] GC(178)   Evacuate Collection Set: 3.35ms
[2026-04-03T02:36:08.947+0600][41.875s][info][gc,phases      ] GC(178)   Post Evacuate Collection Set: 0.62ms
[2026-04-03T02:36:08.947+0600][41.875s][info][gc,phases      ] GC(178)   Other: 0.12ms
[2026-04-03T02:36:08.947+0600][41.875s][info][gc,heap        ] GC(178) Eden regions: 5->0(506)
[2026-04-03T02:36:08.947+0600][41.875s][info][gc,heap        ] GC(178) Survivor regions: 11->10(65)
[2026-04-03T02:36:08.947+0600][41.875s][info][gc,heap        ] GC(178) Old regions: 87->87
[2026-04-03T02:36:08.947+0600][41.875s][info][gc,heap        ] GC(178) Humongous regions: 8->8
[2026-04-03T02:36:08.947+0600][41.875s][info][gc,metaspace   ] GC(178) Metaspace: 130849K(132288K)->130849K(132288K) NonClass: 114361K(115008K)->114361K(115008K) Class: 16488K(17280K)->16488K(17280K)
[2026-04-03T02:36:08.947+0600][41.875s][info][gc             ] GC(178) Pause Young (Concurrent Start) (G1 Humongous Allocation) 107M->102M(861M) 4.869ms
[2026-04-03T02:36:08.947+0600][41.875s][info][gc             ] GC(179) Concurrent Mark Cycle
[2026-04-03T02:36:08.947+0600][41.875s][info][gc,marking     ] GC(179) Concurrent Scan Root Regions
[2026-04-03T02:36:08.947+0600][41.875s][info][gc,cpu         ] GC(178) User=0.04s Sys=0.00s Real=0.00s
[2026-04-03T02:36:08.951+0600][41.879s][info][gc,marking     ] GC(179) Concurrent Scan Root Regions 3.621ms
[2026-04-03T02:36:08.951+0600][41.879s][info][gc,marking     ] GC(179) Concurrent Mark
[2026-04-03T02:36:08.951+0600][41.879s][info][gc,marking     ] GC(179) Concurrent Mark From Roots
[2026-04-03T02:36:08.951+0600][41.879s][info][gc,task        ] GC(179) Using 3 workers of 3 for marking
[2026-04-03T02:36:09.048+0600][41.976s][info][gc,marking     ] GC(179) Concurrent Mark From Roots 96.986ms
[2026-04-03T02:36:09.048+0600][41.976s][info][gc,marking     ] GC(179) Concurrent Preclean
[2026-04-03T02:36:09.048+0600][41.976s][info][gc,marking     ] GC(179) Concurrent Preclean 0.398ms
[2026-04-03T02:36:09.049+0600][41.977s][info][gc,start       ] GC(179) Pause Remark
[2026-04-03T02:36:09.058+0600][41.986s][info][gc             ] GC(179) Pause Remark 201M->201M(490M) 9.462ms
[2026-04-03T02:36:09.058+0600][41.986s][info][gc,cpu         ] GC(179) User=0.07s Sys=0.00s Real=0.01s
[2026-04-03T02:36:09.059+0600][41.987s][info][gc,marking     ] GC(179) Concurrent Mark 107.749ms
[2026-04-03T02:36:09.059+0600][41.987s][info][gc,marking     ] GC(179) Concurrent Rebuild Remembered Sets and Scrub Regions
[2026-04-03T02:36:09.093+0600][42.021s][info][gc,marking     ] GC(179) Concurrent Rebuild Remembered Sets and Scrub Regions 33.979ms
[2026-04-03T02:36:09.093+0600][42.021s][info][gc,start       ] GC(179) Pause Cleanup
[2026-04-03T02:36:09.094+0600][42.022s][info][gc             ] GC(179) Pause Cleanup 240M->240M(490M) 0.383ms
[2026-04-03T02:36:09.094+0600][42.022s][info][gc,cpu         ] GC(179) User=0.01s Sys=0.00s Real=0.00s
[2026-04-03T02:36:09.094+0600][42.022s][info][gc,marking     ] GC(179) Concurrent Clear Claimed Marks
[2026-04-03T02:36:09.095+0600][42.023s][info][gc,marking     ] GC(179) Concurrent Clear Claimed Marks 0.478ms
[2026-04-03T02:36:09.095+0600][42.023s][info][gc,marking     ] GC(179) Concurrent Cleanup for Next Mark
[2026-04-03T02:36:09.096+0600][42.024s][info][gc,marking     ] GC(179) Concurrent Cleanup for Next Mark 0.983ms
[2026-04-03T02:36:09.096+0600][42.024s][info][gc             ] GC(179) Concurrent Mark Cycle 148.767ms
[2026-04-03T02:36:09.277+0600][42.205s][info][gc,start       ] GC(180) Pause Young (Prepare Mixed) (G1 Evacuation Pause)
[2026-04-03T02:36:09.277+0600][42.205s][info][gc,task        ] GC(180) Using 10 workers of 10 for evacuation
[2026-04-03T02:36:09.285+0600][42.212s][info][gc,phases      ] GC(180)   Pre Evacuate Collection Set: 0.39ms
[2026-04-03T02:36:09.285+0600][42.213s][info][gc,phases      ] GC(180)   Merge Heap Roots: 0.29ms
[2026-04-03T02:36:09.285+0600][42.213s][info][gc,phases      ] GC(180)   Evacuate Collection Set: 5.75ms
[2026-04-03T02:36:09.285+0600][42.213s][info][gc,phases      ] GC(180)   Post Evacuate Collection Set: 0.73ms
[2026-04-03T02:36:09.285+0600][42.213s][info][gc,phases      ] GC(180)   Other: 0.11ms
[2026-04-03T02:36:09.285+0600][42.213s][info][gc,heap        ] GC(180) Eden regions: 217->0(291)
[2026-04-03T02:36:09.285+0600][42.213s][info][gc,heap        ] GC(180) Survivor regions: 10->9(37)
[2026-04-03T02:36:09.285+0600][42.213s][info][gc,heap        ] GC(180) Old regions: 87->89
[2026-04-03T02:36:09.285+0600][42.213s][info][gc,heap        ] GC(180) Humongous regions: 176->8
[2026-04-03T02:36:09.285+0600][42.213s][info][gc,metaspace   ] GC(180) Metaspace: 130871K(132352K)->130871K(132352K) NonClass: 114383K(115072K)->114383K(115072K) Class: 16488K(17280K)->16488K(17280K)
[2026-04-03T02:36:09.285+0600][42.213s][info][gc             ] GC(180) Pause Young (Prepare Mixed) (G1 Evacuation Pause) 487M->103M(501M) 7.581ms
[2026-04-03T02:36:09.285+0600][42.213s][info][gc,cpu         ] GC(180) User=0.04s Sys=0.02s Real=0.01s
[2026-04-03T02:36:09.620+0600][42.547s][info][gc,start       ] GC(181) Pause Young (Mixed) (G1 Evacuation Pause)
[2026-04-03T02:36:09.620+0600][42.548s][info][gc,task        ] GC(181) Using 10 workers of 10 for evacuation
[2026-04-03T02:36:09.627+0600][42.555s][info][gc,phases      ] GC(181)   Pre Evacuate Collection Set: 0.55ms
[2026-04-03T02:36:09.627+0600][42.555s][info][gc,phases      ] GC(181)   Merge Heap Roots: 0.21ms
[2026-04-03T02:36:09.627+0600][42.555s][info][gc,phases      ] GC(181)   Evacuate Collection Set: 5.27ms
[2026-04-03T02:36:09.627+0600][42.555s][info][gc,phases      ] GC(181)   Post Evacuate Collection Set: 0.99ms
[2026-04-03T02:36:09.627+0600][42.555s][info][gc,phases      ] GC(181)   Other: 0.13ms
[2026-04-03T02:36:09.627+0600][42.555s][info][gc,heap        ] GC(181) Eden regions: 249->0(297)
[2026-04-03T02:36:09.627+0600][42.555s][info][gc,heap        ] GC(181) Survivor regions: 9->9(38)
[2026-04-03T02:36:09.627+0600][42.555s][info][gc,heap        ] GC(181) Old regions: 89->87
[2026-04-03T02:36:09.627+0600][42.555s][info][gc,heap        ] GC(181) Humongous regions: 154->8
[2026-04-03T02:36:09.627+0600][42.555s][info][gc,metaspace   ] GC(181) Metaspace: 130884K(132352K)->130884K(132352K) NonClass: 114396K(115072K)->114396K(115072K) Class: 16488K(17280K)->16488K(17280K)
[2026-04-03T02:36:09.627+0600][42.555s][info][gc             ] GC(181) Pause Young (Mixed) (G1 Evacuation Pause) 498M->101M(511M) 7.491ms
[2026-04-03T02:36:09.627+0600][42.555s][info][gc,cpu         ] GC(181) User=0.04s Sys=0.02s Real=0.01s
[2026-04-03T02:36:09.671+0600][42.599s][info][gc,start       ] GC(182) Pause Young (Concurrent Start) (G1 Humongous Allocation)
[2026-04-03T02:36:09.671+0600][42.599s][info][gc,task        ] GC(182) Using 10 workers of 10 for evacuation
[2026-04-03T02:36:09.676+0600][42.604s][info][gc,phases      ] GC(182)   Pre Evacuate Collection Set: 0.42ms
[2026-04-03T02:36:09.676+0600][42.604s][info][gc,phases      ] GC(182)   Merge Heap Roots: 0.19ms
[2026-04-03T02:36:09.676+0600][42.604s][info][gc,phases      ] GC(182)   Evacuate Collection Set: 3.68ms
[2026-04-03T02:36:09.676+0600][42.604s][info][gc,phases      ] GC(182)   Post Evacuate Collection Set: 0.58ms
[2026-04-03T02:36:09.676+0600][42.604s][info][gc,phases      ] GC(182)   Other: 0.13ms
[2026-04-03T02:36:09.676+0600][42.604s][info][gc,heap        ] GC(182) Eden regions: 62->0(296)
[2026-04-03T02:36:09.676+0600][42.604s][info][gc,heap        ] GC(182) Survivor regions: 9->10(39)
[2026-04-03T02:36:09.676+0600][42.604s][info][gc,heap        ] GC(182) Old regions: 87->87
[2026-04-03T02:36:09.676+0600][42.604s][info][gc,heap        ] GC(182) Humongous regions: 8->8
[2026-04-03T02:36:09.676+0600][42.604s][info][gc,metaspace   ] GC(182) Metaspace: 130884K(132352K)->130884K(132352K) NonClass: 114396K(115072K)->114396K(115072K) Class: 16488K(17280K)->16488K(17280K)
[2026-04-03T02:36:09.676+0600][42.604s][info][gc             ] GC(182) Pause Young (Concurrent Start) (G1 Humongous Allocation) 163M->101M(511M) 5.343ms
[2026-04-03T02:36:09.676+0600][42.604s][info][gc             ] GC(183) Concurrent Mark Cycle
[2026-04-03T02:36:09.677+0600][42.604s][info][gc,marking     ] GC(183) Concurrent Scan Root Regions
[2026-04-03T02:36:09.676+0600][42.604s][info][gc,cpu         ] GC(182) User=0.04s Sys=0.00s Real=0.00s
[2026-04-03T02:36:09.680+0600][42.608s][info][gc,marking     ] GC(183) Concurrent Scan Root Regions 3.799ms
[2026-04-03T02:36:09.680+0600][42.608s][info][gc,marking     ] GC(183) Concurrent Mark
[2026-04-03T02:36:09.680+0600][42.608s][info][gc,marking     ] GC(183) Concurrent Mark From Roots
[2026-04-03T02:36:09.680+0600][42.608s][info][gc,task        ] GC(183) Using 3 workers of 3 for marking
[2026-04-03T02:36:09.758+0600][42.686s][info][gc,marking     ] GC(183) Concurrent Mark From Roots 77.391ms
[2026-04-03T02:36:09.758+0600][42.686s][info][gc,marking     ] GC(183) Concurrent Preclean
[2026-04-03T02:36:09.758+0600][42.686s][info][gc,marking     ] GC(183) Concurrent Preclean 0.359ms
[2026-04-03T02:36:09.759+0600][42.687s][info][gc,start       ] GC(183) Pause Remark
[2026-04-03T02:36:09.768+0600][42.695s][info][gc             ] GC(183) Pause Remark 189M->189M(420M) 8.874ms
[2026-04-03T02:36:09.768+0600][42.696s][info][gc,cpu         ] GC(183) User=0.06s Sys=0.00s Real=0.01s
[2026-04-03T02:36:09.768+0600][42.696s][info][gc,marking     ] GC(183) Concurrent Mark 87.587ms
[2026-04-03T02:36:09.768+0600][42.696s][info][gc,marking     ] GC(183) Concurrent Rebuild Remembered Sets and Scrub Regions
[2026-04-03T02:36:09.806+0600][42.734s][info][gc,marking     ] GC(183) Concurrent Rebuild Remembered Sets and Scrub Regions 38.092ms
[2026-04-03T02:36:09.807+0600][42.735s][info][gc,start       ] GC(183) Pause Cleanup
[2026-04-03T02:36:09.807+0600][42.735s][info][gc             ] GC(183) Pause Cleanup 251M->251M(420M) 0.399ms
[2026-04-03T02:36:09.807+0600][42.735s][info][gc,cpu         ] GC(183) User=0.00s Sys=0.00s Real=0.00s
[2026-04-03T02:36:09.807+0600][42.735s][info][gc,marking     ] GC(183) Concurrent Clear Claimed Marks
[2026-04-03T02:36:09.808+0600][42.735s][info][gc,marking     ] GC(183) Concurrent Clear Claimed Marks 0.357ms
[2026-04-03T02:36:09.808+0600][42.735s][info][gc,marking     ] GC(183) Concurrent Cleanup for Next Mark
[2026-04-03T02:36:09.808+0600][42.736s][info][gc,marking     ] GC(183) Concurrent Cleanup for Next Mark 0.721ms
[2026-04-03T02:36:09.808+0600][42.736s][info][gc             ] GC(183) Concurrent Mark Cycle 131.919ms
[2026-04-03T02:36:09.932+0600][42.860s][info][gc,start       ] GC(184) Pause Young (Prepare Mixed) (G1 Evacuation Pause)
[2026-04-03T02:36:09.932+0600][42.860s][info][gc,task        ] GC(184) Using 10 workers of 10 for evacuation
[2026-04-03T02:36:09.937+0600][42.865s][info][gc,phases      ] GC(184)   Pre Evacuate Collection Set: 0.32ms
[2026-04-03T02:36:09.937+0600][42.865s][info][gc,phases      ] GC(184)   Merge Heap Roots: 0.13ms
[2026-04-03T02:36:09.937+0600][42.865s][info][gc,phases      ] GC(184)   Evacuate Collection Set: 3.82ms
[2026-04-03T02:36:09.937+0600][42.865s][info][gc,phases      ] GC(184)   Post Evacuate Collection Set: 0.73ms
[2026-04-03T02:36:09.937+0600][42.865s][info][gc,phases      ] GC(184)   Other: 0.09ms
[2026-04-03T02:36:09.937+0600][42.865s][info][gc,heap        ] GC(184) Eden regions: 166->0(296)
[2026-04-03T02:36:09.937+0600][42.865s][info][gc,heap        ] GC(184) Survivor regions: 10->10(32)
[2026-04-03T02:36:09.937+0600][42.865s][info][gc,heap        ] GC(184) Old regions: 87->88
[2026-04-03T02:36:09.937+0600][42.865s][info][gc,heap        ] GC(184) Humongous regions: 237->23
[2026-04-03T02:36:09.937+0600][42.865s][info][gc,metaspace   ] GC(184) Metaspace: 130888K(132352K)->130888K(132352K) NonClass: 114399K(115072K)->114399K(115072K) Class: 16488K(17280K)->16488K(17280K)
[2026-04-03T02:36:09.937+0600][42.865s][info][gc             ] GC(184) Pause Young (Prepare Mixed) (G1 Evacuation Pause) 496M->117M(511M) 5.355ms
[2026-04-03T02:36:09.937+0600][42.865s][info][gc,cpu         ] GC(184) User=0.02s Sys=0.01s Real=0.00s
[2026-04-03T02:36:10.055+0600][42.983s][info][gc,start       ] GC(185) Pause Young (Mixed) (G1 Evacuation Pause)
[2026-04-03T02:36:10.055+0600][42.983s][info][gc,task        ] GC(185) Using 10 workers of 10 for evacuation
[2026-04-03T02:36:10.060+0600][42.988s][info][gc,phases      ] GC(185)   Pre Evacuate Collection Set: 0.47ms
[2026-04-03T02:36:10.061+0600][42.988s][info][gc,phases      ] GC(185)   Merge Heap Roots: 0.27ms
[2026-04-03T02:36:10.061+0600][42.988s][info][gc,phases      ] GC(185)   Evacuate Collection Set: 3.78ms
[2026-04-03T02:36:10.061+0600][42.988s][info][gc,phases      ] GC(185)   Post Evacuate Collection Set: 0.84ms
[2026-04-03T02:36:10.061+0600][42.988s][info][gc,phases      ] GC(185)   Other: 0.09ms
[2026-04-03T02:36:10.061+0600][42.988s][info][gc,heap        ] GC(185) Eden regions: 71->0(387)
[2026-04-03T02:36:10.061+0600][42.988s][info][gc,heap        ] GC(185) Survivor regions: 10->8(44)
[2026-04-03T02:36:10.061+0600][42.988s][info][gc,heap        ] GC(185) Old regions: 88->86
[2026-04-03T02:36:10.061+0600][42.988s][info][gc,heap        ] GC(185) Humongous regions: 482->18
[2026-04-03T02:36:10.061+0600][42.988s][info][gc,metaspace   ] GC(185) Metaspace: 130898K(132416K)->130898K(132416K) NonClass: 114409K(115136K)->114409K(115136K) Class: 16488K(17280K)->16488K(17280K)
[2026-04-03T02:36:10.061+0600][42.989s][info][gc             ] GC(185) Pause Young (Mixed) (G1 Evacuation Pause) 647M->108M(659M) 5.735ms
[2026-04-03T02:36:10.061+0600][42.989s][info][gc,cpu         ] GC(185) User=0.04s Sys=0.01s Real=0.01s
[2026-04-03T02:36:10.061+0600][42.989s][info][gc,start       ] GC(186) Pause Young (Concurrent Start) (G1 Humongous Allocation)
[2026-04-03T02:36:10.062+0600][42.989s][info][gc,task        ] GC(186) Using 10 workers of 10 for evacuation
[2026-04-03T02:36:10.065+0600][42.992s][info][gc,phases      ] GC(186)   Pre Evacuate Collection Set: 0.24ms
[2026-04-03T02:36:10.065+0600][42.992s][info][gc,phases      ] GC(186)   Merge Heap Roots: 0.13ms
[2026-04-03T02:36:10.065+0600][42.992s][info][gc,phases      ] GC(186)   Evacuate Collection Set: 1.98ms
[2026-04-03T02:36:10.065+0600][42.992s][info][gc,phases      ] GC(186)   Post Evacuate Collection Set: 0.47ms
[2026-04-03T02:36:10.065+0600][42.993s][info][gc,phases      ] GC(186)   Other: 0.19ms
[2026-04-03T02:36:10.065+0600][42.993s][info][gc,heap        ] GC(186) Eden regions: 1->0(375)
[2026-04-03T02:36:10.065+0600][42.993s][info][gc,heap        ] GC(186) Survivor regions: 8->8(50)
[2026-04-03T02:36:10.065+0600][42.993s][info][gc,heap        ] GC(186) Old regions: 86->86
[2026-04-03T02:36:10.065+0600][42.993s][info][gc,heap        ] GC(186) Humongous regions: 18->8
[2026-04-03T02:36:10.065+0600][42.993s][info][gc,metaspace   ] GC(186) Metaspace: 130898K(132416K)->130898K(132416K) NonClass: 114409K(115136K)->114409K(115136K) Class: 16488K(17280K)->16488K(17280K)
[2026-04-03T02:36:10.065+0600][42.993s][info][gc             ] GC(186) Pause Young (Concurrent Start) (G1 Humongous Allocation) 109M->99M(659M) 3.285ms
[2026-04-03T02:36:10.065+0600][42.993s][info][gc             ] GC(187) Concurrent Mark Cycle
[2026-04-03T02:36:10.065+0600][42.993s][info][gc,marking     ] GC(187) Concurrent Scan Root Regions
[2026-04-03T02:36:10.065+0600][42.993s][info][gc,cpu         ] GC(186) User=0.02s Sys=0.00s Real=0.00s
[2026-04-03T02:36:10.067+0600][42.995s][info][gc,marking     ] GC(187) Concurrent Scan Root Regions 2.404ms
[2026-04-03T02:36:10.067+0600][42.995s][info][gc,marking     ] GC(187) Concurrent Mark
[2026-04-03T02:36:10.067+0600][42.995s][info][gc,marking     ] GC(187) Concurrent Mark From Roots
[2026-04-03T02:36:10.067+0600][42.995s][info][gc,task        ] GC(187) Using 3 workers of 3 for marking
[2026-04-03T02:36:10.139+0600][43.066s][info][gc,marking     ] GC(187) Concurrent Mark From Roots 71.190ms
[2026-04-03T02:36:10.139+0600][43.067s][info][gc,marking     ] GC(187) Concurrent Preclean
[2026-04-03T02:36:10.139+0600][43.067s][info][gc,marking     ] GC(187) Concurrent Preclean 0.500ms
[2026-04-03T02:36:10.140+0600][43.067s][info][gc,start       ] GC(187) Pause Remark
[2026-04-03T02:36:10.147+0600][43.075s][info][gc             ] GC(187) Pause Remark 237M->237M(620M) 7.317ms
[2026-04-03T02:36:10.147+0600][43.075s][info][gc,cpu         ] GC(187) User=0.05s Sys=0.00s Real=0.01s
[2026-04-03T02:36:10.147+0600][43.075s][info][gc,marking     ] GC(187) Concurrent Mark 79.852ms
[2026-04-03T02:36:10.147+0600][43.075s][info][gc,marking     ] GC(187) Concurrent Rebuild Remembered Sets and Scrub Regions
[2026-04-03T02:36:10.174+0600][43.101s][info][gc,marking     ] GC(187) Concurrent Rebuild Remembered Sets and Scrub Regions 26.265ms
[2026-04-03T02:36:10.174+0600][43.102s][info][gc,start       ] GC(187) Pause Cleanup
[2026-04-03T02:36:10.174+0600][43.102s][info][gc             ] GC(187) Pause Cleanup 248M->248M(620M) 0.334ms
[2026-04-03T02:36:10.174+0600][43.102s][info][gc,cpu         ] GC(187) User=0.00s Sys=0.00s Real=0.00s
[2026-04-03T02:36:10.174+0600][43.102s][info][gc,marking     ] GC(187) Concurrent Clear Claimed Marks
[2026-04-03T02:36:10.175+0600][43.103s][info][gc,marking     ] GC(187) Concurrent Clear Claimed Marks 0.384ms
[2026-04-03T02:36:10.175+0600][43.103s][info][gc,marking     ] GC(187) Concurrent Cleanup for Next Mark
[2026-04-03T02:36:10.177+0600][43.105s][info][gc,marking     ] GC(187) Concurrent Cleanup for Next Mark 1.921ms
[2026-04-03T02:36:10.177+0600][43.105s][info][gc             ] GC(187) Concurrent Mark Cycle 111.958ms
[2026-04-03T02:36:10.652+0600][43.580s][info][gc,start       ] GC(188) Pause Young (Prepare Mixed) (G1 Evacuation Pause)
[2026-04-03T02:36:10.652+0600][43.580s][info][gc,task        ] GC(188) Using 10 workers of 10 for evacuation
[2026-04-03T02:36:10.659+0600][43.587s][info][gc,phases      ] GC(188)   Pre Evacuate Collection Set: 0.37ms
[2026-04-03T02:36:10.659+0600][43.587s][info][gc,phases      ] GC(188)   Merge Heap Roots: 0.45ms
[2026-04-03T02:36:10.659+0600][43.587s][info][gc,phases      ] GC(188)   Evacuate Collection Set: 5.09ms
[2026-04-03T02:36:10.659+0600][43.587s][info][gc,phases      ] GC(188)   Post Evacuate Collection Set: 0.85ms
[2026-04-03T02:36:10.659+0600][43.587s][info][gc,phases      ] GC(188)   Other: 0.13ms
[2026-04-03T02:36:10.659+0600][43.587s][info][gc,heap        ] GC(188) Eden regions: 314->0(370)
[2026-04-03T02:36:10.659+0600][43.587s][info][gc,heap        ] GC(188) Survivor regions: 8->9(47)
[2026-04-03T02:36:10.659+0600][43.587s][info][gc,heap        ] GC(188) Old regions: 86->87
[2026-04-03T02:36:10.659+0600][43.587s][info][gc,heap        ] GC(188) Humongous regions: 214->10
[2026-04-03T02:36:10.659+0600][43.587s][info][gc,metaspace   ] GC(188) Metaspace: 130925K(132416K)->130925K(132416K) NonClass: 114436K(115136K)->114436K(115136K) Class: 16488K(17280K)->16488K(17280K)
[2026-04-03T02:36:10.659+0600][43.587s][info][gc             ] GC(188) Pause Young (Prepare Mixed) (G1 Evacuation Pause) 619M->102M(632M) 7.190ms
[2026-04-03T02:36:10.659+0600][43.587s][info][gc,cpu         ] GC(188) User=0.03s Sys=0.02s Real=0.00s
[2026-04-03T02:36:11.032+0600][43.960s][info][gc,start       ] GC(189) Pause Young (Mixed) (GCLocker Initiated GC)
[2026-04-03T02:36:11.032+0600][43.960s][info][gc,task        ] GC(189) Using 10 workers of 10 for evacuation
[2026-04-03T02:36:11.039+0600][43.967s][info][gc,phases      ] GC(189)   Pre Evacuate Collection Set: 0.40ms
[2026-04-03T02:36:11.039+0600][43.967s][info][gc,phases      ] GC(189)   Merge Heap Roots: 0.26ms
[2026-04-03T02:36:11.039+0600][43.967s][info][gc,phases      ] GC(189)   Evacuate Collection Set: 5.29ms
[2026-04-03T02:36:11.039+0600][43.967s][info][gc,phases      ] GC(189)   Post Evacuate Collection Set: 1.02ms
[2026-04-03T02:36:11.039+0600][43.967s][info][gc,phases      ] GC(189)   Other: 0.13ms
[2026-04-03T02:36:11.039+0600][43.967s][info][gc,heap        ] GC(189) Eden regions: 297->0(376)
[2026-04-03T02:36:11.039+0600][43.967s][info][gc,heap        ] GC(189) Survivor regions: 9->9(48)
[2026-04-03T02:36:11.039+0600][43.967s][info][gc,heap        ] GC(189) Old regions: 87->86
[2026-04-03T02:36:11.039+0600][43.967s][info][gc,heap        ] GC(189) Humongous regions: 239->8
[2026-04-03T02:36:11.039+0600][43.967s][info][gc,metaspace   ] GC(189) Metaspace: 130933K(132480K)->130933K(132480K) NonClass: 114444K(115200K)->114444K(115200K) Class: 16488K(17280K)->16488K(17280K)
[2026-04-03T02:36:11.039+0600][43.967s][info][gc             ] GC(189) Pause Young (Mixed) (GCLocker Initiated GC) 628M->100M(642M) 7.485ms
[2026-04-03T02:36:11.040+0600][43.967s][info][gc,cpu         ] GC(189) User=0.04s Sys=0.02s Real=0.00s
[2026-04-03T02:36:11.044+0600][43.972s][info][gc,start       ] GC(190) Pause Young (Concurrent Start) (G1 Humongous Allocation)
[2026-04-03T02:36:11.045+0600][43.972s][info][gc,task        ] GC(190) Using 10 workers of 10 for evacuation
[2026-04-03T02:36:11.049+0600][43.977s][info][gc,phases      ] GC(190)   Pre Evacuate Collection Set: 0.45ms
[2026-04-03T02:36:11.049+0600][43.977s][info][gc,phases      ] GC(190)   Merge Heap Roots: 0.15ms
[2026-04-03T02:36:11.049+0600][43.977s][info][gc,phases      ] GC(190)   Evacuate Collection Set: 3.22ms
[2026-04-03T02:36:11.049+0600][43.977s][info][gc,phases      ] GC(190)   Post Evacuate Collection Set: 0.65ms
[2026-04-03T02:36:11.049+0600][43.977s][info][gc,phases      ] GC(190)   Other: 0.13ms
[2026-04-03T02:36:11.049+0600][43.977s][info][gc,heap        ] GC(190) Eden regions: 7->0(377)
[2026-04-03T02:36:11.049+0600][43.977s][info][gc,heap        ] GC(190) Survivor regions: 9->8(49)
[2026-04-03T02:36:11.049+0600][43.977s][info][gc,heap        ] GC(190) Old regions: 86->86
[2026-04-03T02:36:11.049+0600][43.977s][info][gc,heap        ] GC(190) Humongous regions: 8->8
[2026-04-03T02:36:11.049+0600][43.977s][info][gc,metaspace   ] GC(190) Metaspace: 130933K(132480K)->130933K(132480K) NonClass: 114444K(115200K)->114444K(115200K) Class: 16488K(17280K)->16488K(17280K)
[2026-04-03T02:36:11.049+0600][43.977s][info][gc             ] GC(190) Pause Young (Concurrent Start) (G1 Humongous Allocation) 106M->99M(642M) 4.917ms
[2026-04-03T02:36:11.049+0600][43.977s][info][gc             ] GC(191) Concurrent Mark Cycle
[2026-04-03T02:36:11.049+0600][43.977s][info][gc,cpu         ] GC(190) User=0.04s Sys=0.00s Real=0.00s
[2026-04-03T02:36:11.050+0600][43.977s][info][gc,marking     ] GC(191) Concurrent Scan Root Regions
[2026-04-03T02:36:11.053+0600][43.980s][info][gc,marking     ] GC(191) Concurrent Scan Root Regions 3.014ms
[2026-04-03T02:36:11.053+0600][43.980s][info][gc,marking     ] GC(191) Concurrent Mark
[2026-04-03T02:36:11.053+0600][43.981s][info][gc,marking     ] GC(191) Concurrent Mark From Roots
[2026-04-03T02:36:11.053+0600][43.981s][info][gc,task        ] GC(191) Using 3 workers of 3 for marking
[2026-04-03T02:36:11.150+0600][44.078s][info][gc,marking     ] GC(191) Concurrent Mark From Roots 97.412ms
[2026-04-03T02:36:11.150+0600][44.078s][info][gc,marking     ] GC(191) Concurrent Preclean
[2026-04-03T02:36:11.151+0600][44.079s][info][gc,marking     ] GC(191) Concurrent Preclean 0.569ms
[2026-04-03T02:36:11.151+0600][44.079s][info][gc,start       ] GC(191) Pause Remark
[2026-04-03T02:36:11.160+0600][44.088s][info][gc             ] GC(191) Pause Remark 209M->209M(500M) 8.929ms
[2026-04-03T02:36:11.160+0600][44.088s][info][gc,cpu         ] GC(191) User=0.06s Sys=0.01s Real=0.01s
[2026-04-03T02:36:11.161+0600][44.088s][info][gc,marking     ] GC(191) Concurrent Mark 107.891ms
[2026-04-03T02:36:11.161+0600][44.088s][info][gc,marking     ] GC(191) Concurrent Rebuild Remembered Sets and Scrub Regions
[2026-04-03T02:36:11.194+0600][44.121s][info][gc,marking     ] GC(191) Concurrent Rebuild Remembered Sets and Scrub Regions 32.918ms
[2026-04-03T02:36:11.194+0600][44.122s][info][gc,start       ] GC(191) Pause Cleanup
[2026-04-03T02:36:11.194+0600][44.122s][info][gc             ] GC(191) Pause Cleanup 238M->238M(500M) 0.338ms
[2026-04-03T02:36:11.194+0600][44.122s][info][gc,cpu         ] GC(191) User=0.00s Sys=0.00s Real=0.00s
[2026-04-03T02:36:11.195+0600][44.123s][info][gc,marking     ] GC(191) Concurrent Clear Claimed Marks
[2026-04-03T02:36:11.195+0600][44.123s][info][gc,marking     ] GC(191) Concurrent Clear Claimed Marks 0.465ms
[2026-04-03T02:36:11.195+0600][44.123s][info][gc,marking     ] GC(191) Concurrent Cleanup for Next Mark
[2026-04-03T02:36:11.196+0600][44.124s][info][gc,marking     ] GC(191) Concurrent Cleanup for Next Mark 0.893ms
[2026-04-03T02:36:11.196+0600][44.124s][info][gc             ] GC(191) Concurrent Mark Cycle 146.661ms
[2026-04-03T02:36:11.406+0600][44.334s][info][gc,start       ] GC(192) Pause Young (Prepare Mixed) (G1 Evacuation Pause)
[2026-04-03T02:36:11.407+0600][44.334s][info][gc,task        ] GC(192) Using 10 workers of 10 for evacuation
[2026-04-03T02:36:11.411+0600][44.339s][info][gc,phases      ] GC(192)   Pre Evacuate Collection Set: 0.32ms
[2026-04-03T02:36:11.411+0600][44.339s][info][gc,phases      ] GC(192)   Merge Heap Roots: 0.29ms
[2026-04-03T02:36:11.411+0600][44.339s][info][gc,phases      ] GC(192)   Evacuate Collection Set: 3.40ms
[2026-04-03T02:36:11.411+0600][44.339s][info][gc,phases      ] GC(192)   Post Evacuate Collection Set: 0.67ms
[2026-04-03T02:36:11.411+0600][44.339s][info][gc,phases      ] GC(192)   Other: 0.16ms
[2026-04-03T02:36:11.411+0600][44.339s][info][gc,heap        ] GC(192) Eden regions: 237->0(298)
[2026-04-03T02:36:11.412+0600][44.339s][info][gc,heap        ] GC(192) Survivor regions: 8->8(38)
[2026-04-03T02:36:11.412+0600][44.339s][info][gc,heap        ] GC(192) Old regions: 86->87
[2026-04-03T02:36:11.412+0600][44.339s][info][gc,heap        ] GC(192) Humongous regions: 171->8
[2026-04-03T02:36:11.412+0600][44.339s][info][gc,metaspace   ] GC(192) Metaspace: 130946K(132480K)->130946K(132480K) NonClass: 114457K(115200K)->114457K(115200K) Class: 16488K(17280K)->16488K(17280K)
[2026-04-03T02:36:11.412+0600][44.339s][info][gc             ] GC(192) Pause Young (Prepare Mixed) (G1 Evacuation Pause) 499M->99M(511M) 5.160ms
[2026-04-03T02:36:11.412+0600][44.340s][info][gc,cpu         ] GC(192) User=0.03s Sys=0.00s Real=0.01s
[2026-04-03T02:36:11.795+0600][44.722s][info][gc,start       ] GC(193) Pause Young (Mixed) (G1 Evacuation Pause)
[2026-04-03T02:36:11.795+0600][44.722s][info][gc,task        ] GC(193) Using 10 workers of 10 for evacuation
[2026-04-03T02:36:11.799+0600][44.727s][info][gc,phases      ] GC(193)   Pre Evacuate Collection Set: 0.40ms
[2026-04-03T02:36:11.799+0600][44.727s][info][gc,phases      ] GC(193)   Merge Heap Roots: 0.19ms
[2026-04-03T02:36:11.799+0600][44.727s][info][gc,phases      ] GC(193)   Evacuate Collection Set: 2.97ms
[2026-04-03T02:36:11.799+0600][44.727s][info][gc,phases      ] GC(193)   Post Evacuate Collection Set: 0.61ms
[2026-04-03T02:36:11.799+0600][44.727s][info][gc,phases      ] GC(193)   Other: 0.10ms
[2026-04-03T02:36:11.799+0600][44.727s][info][gc,heap        ] GC(193) Eden regions: 298->0(304)
[2026-04-03T02:36:11.799+0600][44.727s][info][gc,heap        ] GC(193) Survivor regions: 8->8(39)
[2026-04-03T02:36:11.799+0600][44.727s][info][gc,heap        ] GC(193) Old regions: 87->85
[2026-04-03T02:36:11.799+0600][44.727s][info][gc,heap        ] GC(193) Humongous regions: 119->8
[2026-04-03T02:36:11.799+0600][44.727s][info][gc,metaspace   ] GC(193) Metaspace: 130967K(132480K)->130967K(132480K) NonClass: 114478K(115200K)->114478K(115200K) Class: 16489K(17280K)->16489K(17280K)
[2026-04-03T02:36:11.799+0600][44.727s][info][gc             ] GC(193) Pause Young (Mixed) (G1 Evacuation Pause) 508M->98M(520M) 4.536ms
[2026-04-03T02:36:11.799+0600][44.727s][info][gc,cpu         ] GC(193) User=0.02s Sys=0.01s Real=0.00s
[2026-04-03T02:36:11.805+0600][44.733s][info][gc,start       ] GC(194) Pause Young (Concurrent Start) (G1 Humongous Allocation)
[2026-04-03T02:36:11.805+0600][44.733s][info][gc,task        ] GC(194) Using 10 workers of 10 for evacuation
[2026-04-03T02:36:11.809+0600][44.737s][info][gc,phases      ] GC(194)   Pre Evacuate Collection Set: 0.32ms
[2026-04-03T02:36:11.809+0600][44.737s][info][gc,phases      ] GC(194)   Merge Heap Roots: 0.11ms
[2026-04-03T02:36:11.809+0600][44.737s][info][gc,phases      ] GC(194)   Evacuate Collection Set: 2.41ms
[2026-04-03T02:36:11.809+0600][44.737s][info][gc,phases      ] GC(194)   Post Evacuate Collection Set: 0.39ms
[2026-04-03T02:36:11.809+0600][44.737s][info][gc,phases      ] GC(194)   Other: 0.10ms
[2026-04-03T02:36:11.809+0600][44.737s][info][gc,heap        ] GC(194) Eden regions: 4->0(305)
[2026-04-03T02:36:11.809+0600][44.737s][info][gc,heap        ] GC(194) Survivor regions: 8->7(39)
[2026-04-03T02:36:11.809+0600][44.737s][info][gc,heap        ] GC(194) Old regions: 85->85
[2026-04-03T02:36:11.809+0600][44.737s][info][gc,heap        ] GC(194) Humongous regions: 8->8
[2026-04-03T02:36:11.809+0600][44.737s][info][gc,metaspace   ] GC(194) Metaspace: 130967K(132480K)->130967K(132480K) NonClass: 114478K(115200K)->114478K(115200K) Class: 16489K(17280K)->16489K(17280K)
[2026-04-03T02:36:11.809+0600][44.737s][info][gc             ] GC(194) Pause Young (Concurrent Start) (G1 Humongous Allocation) 101M->97M(520M) 3.598ms
[2026-04-03T02:36:11.809+0600][44.737s][info][gc             ] GC(195) Concurrent Mark Cycle
[2026-04-03T02:36:11.809+0600][44.737s][info][gc,marking     ] GC(195) Concurrent Scan Root Regions
[2026-04-03T02:36:11.809+0600][44.737s][info][gc,cpu         ] GC(194) User=0.02s Sys=0.01s Real=0.00s
[2026-04-03T02:36:11.811+0600][44.739s][info][gc,marking     ] GC(195) Concurrent Scan Root Regions 1.923ms
[2026-04-03T02:36:11.811+0600][44.739s][info][gc,marking     ] GC(195) Concurrent Mark
[2026-04-03T02:36:11.811+0600][44.739s][info][gc,marking     ] GC(195) Concurrent Mark From Roots
[2026-04-03T02:36:11.811+0600][44.739s][info][gc,task        ] GC(195) Using 3 workers of 3 for marking
[2026-04-03T02:36:11.877+0600][44.805s][info][gc,marking     ] GC(195) Concurrent Mark From Roots 66.049ms
[2026-04-03T02:36:11.877+0600][44.805s][info][gc,marking     ] GC(195) Concurrent Preclean
[2026-04-03T02:36:11.878+0600][44.806s][info][gc,marking     ] GC(195) Concurrent Preclean 0.549ms
[2026-04-03T02:36:11.878+0600][44.806s][info][gc,start       ] GC(195) Pause Remark
[2026-04-03T02:36:11.886+0600][44.813s][info][gc             ] GC(195) Pause Remark 144M->144M(394M) 7.598ms
[2026-04-03T02:36:11.886+0600][44.814s][info][gc,cpu         ] GC(195) User=0.06s Sys=0.00s Real=0.01s
[2026-04-03T02:36:11.886+0600][44.814s][info][gc,marking     ] GC(195) Concurrent Mark 75.038ms
[2026-04-03T02:36:11.886+0600][44.814s][info][gc,marking     ] GC(195) Concurrent Rebuild Remembered Sets and Scrub Regions
[2026-04-03T02:36:11.919+0600][44.847s][info][gc,marking     ] GC(195) Concurrent Rebuild Remembered Sets and Scrub Regions 33.013ms
[2026-04-03T02:36:11.921+0600][44.848s][info][gc,start       ] GC(195) Pause Cleanup
[2026-04-03T02:36:11.921+0600][44.849s][info][gc             ] GC(195) Pause Cleanup 179M->179M(394M) 0.351ms
[2026-04-03T02:36:11.921+0600][44.849s][info][gc,cpu         ] GC(195) User=0.00s Sys=0.00s Real=0.00s
[2026-04-03T02:36:11.921+0600][44.849s][info][gc,marking     ] GC(195) Concurrent Clear Claimed Marks
[2026-04-03T02:36:11.922+0600][44.850s][info][gc,marking     ] GC(195) Concurrent Clear Claimed Marks 0.523ms
[2026-04-03T02:36:11.922+0600][44.850s][info][gc,marking     ] GC(195) Concurrent Cleanup for Next Mark
[2026-04-03T02:36:11.923+0600][44.851s][info][gc,marking     ] GC(195) Concurrent Cleanup for Next Mark 1.006ms
[2026-04-03T02:36:11.923+0600][44.851s][info][gc             ] GC(195) Concurrent Mark Cycle 114.118ms
[2026-04-03T02:36:11.945+0600][44.873s][info][gc,start       ] GC(196) Pause Young (Prepare Mixed) (G1 Evacuation Pause)
[2026-04-03T02:36:11.945+0600][44.873s][info][gc,task        ] GC(196) Using 10 workers of 10 for evacuation
[2026-04-03T02:36:11.951+0600][44.878s][info][gc,phases      ] GC(196)   Pre Evacuate Collection Set: 0.38ms
[2026-04-03T02:36:11.951+0600][44.879s][info][gc,phases      ] GC(196)   Merge Heap Roots: 0.21ms
[2026-04-03T02:36:11.951+0600][44.879s][info][gc,phases      ] GC(196)   Evacuate Collection Set: 4.30ms
[2026-04-03T02:36:11.951+0600][44.879s][info][gc,phases      ] GC(196)   Post Evacuate Collection Set: 0.79ms
[2026-04-03T02:36:11.951+0600][44.879s][info][gc,phases      ] GC(196)   Other: 0.11ms
[2026-04-03T02:36:11.951+0600][44.879s][info][gc,heap        ] GC(196) Eden regions: 59->0(288)
[2026-04-03T02:36:11.951+0600][44.879s][info][gc,heap        ] GC(196) Survivor regions: 7->10(30)
[2026-04-03T02:36:11.951+0600][44.879s][info][gc,heap        ] GC(196) Old regions: 85->86
[2026-04-03T02:36:11.951+0600][44.879s][info][gc,heap        ] GC(196) Humongous regions: 335->18
[2026-04-03T02:36:11.951+0600][44.879s][info][gc,metaspace   ] GC(196) Metaspace: 130971K(132480K)->130971K(132480K) NonClass: 114482K(115200K)->114482K(115200K) Class: 16489K(17280K)->16489K(17280K)
[2026-04-03T02:36:11.951+0600][44.879s][info][gc             ] GC(196) Pause Young (Prepare Mixed) (G1 Evacuation Pause) 483M->110M(497M) 6.088ms
[2026-04-03T02:36:11.951+0600][44.879s][info][gc,cpu         ] GC(196) User=0.04s Sys=0.01s Real=0.01s
[2026-04-03T02:36:12.042+0600][44.970s][info][gc,start       ] GC(197) Pause Young (Mixed) (G1 Evacuation Pause)
[2026-04-03T02:36:12.042+0600][44.970s][info][gc,task        ] GC(197) Using 10 workers of 10 for evacuation
[2026-04-03T02:36:12.047+0600][44.975s][info][gc,phases      ] GC(197)   Pre Evacuate Collection Set: 0.28ms
[2026-04-03T02:36:12.047+0600][44.975s][info][gc,phases      ] GC(197)   Merge Heap Roots: 0.11ms
[2026-04-03T02:36:12.047+0600][44.975s][info][gc,phases      ] GC(197)   Evacuate Collection Set: 3.63ms
[2026-04-03T02:36:12.047+0600][44.975s][info][gc,phases      ] GC(197)   Post Evacuate Collection Set: 0.83ms
[2026-04-03T02:36:12.047+0600][44.975s][info][gc,phases      ] GC(197)   Other: 0.09ms
[2026-04-03T02:36:12.047+0600][44.975s][info][gc,heap        ] GC(197) Eden regions: 59->0(317)
[2026-04-03T02:36:12.047+0600][44.975s][info][gc,heap        ] GC(197) Survivor regions: 10->10(38)
[2026-04-03T02:36:12.047+0600][44.975s][info][gc,heap        ] GC(197) Old regions: 86->85
[2026-04-03T02:36:12.047+0600][44.975s][info][gc,heap        ] GC(197) Humongous regions: 379->13
[2026-04-03T02:36:12.047+0600][44.975s][info][gc,metaspace   ] GC(197) Metaspace: 130971K(132480K)->130971K(132480K) NonClass: 114482K(115200K)->114482K(115200K) Class: 16489K(17280K)->16489K(17280K)
[2026-04-03T02:36:12.047+0600][44.975s][info][gc             ] GC(197) Pause Young (Mixed) (G1 Evacuation Pause) 530M->104M(545M) 5.209ms
[2026-04-03T02:36:12.047+0600][44.975s][info][gc,cpu         ] GC(197) User=0.02s Sys=0.01s Real=0.00s
[2026-04-03T02:36:12.048+0600][44.976s][info][gc,start       ] GC(198) Pause Young (Concurrent Start) (G1 Humongous Allocation)
[2026-04-03T02:36:12.048+0600][44.976s][info][gc,task        ] GC(198) Using 10 workers of 10 for evacuation
[2026-04-03T02:36:12.051+0600][44.979s][info][gc,phases      ] GC(198)   Pre Evacuate Collection Set: 0.38ms
[2026-04-03T02:36:12.051+0600][44.979s][info][gc,phases      ] GC(198)   Merge Heap Roots: 0.11ms
[2026-04-03T02:36:12.051+0600][44.979s][info][gc,phases      ] GC(198)   Evacuate Collection Set: 2.12ms
[2026-04-03T02:36:12.051+0600][44.979s][info][gc,phases      ] GC(198)   Post Evacuate Collection Set: 0.56ms
[2026-04-03T02:36:12.051+0600][44.979s][info][gc,phases      ] GC(198)   Other: 0.13ms
[2026-04-03T02:36:12.051+0600][44.979s][info][gc,heap        ] GC(198) Eden regions: 2->0(317)
[2026-04-03T02:36:12.051+0600][44.979s][info][gc,heap        ] GC(198) Survivor regions: 10->10(41)
[2026-04-03T02:36:12.051+0600][44.979s][info][gc,heap        ] GC(198) Old regions: 85->85
[2026-04-03T02:36:12.051+0600][44.979s][info][gc,heap        ] GC(198) Humongous regions: 13->8
[2026-04-03T02:36:12.051+0600][44.979s][info][gc,metaspace   ] GC(198) Metaspace: 130971K(132480K)->130971K(132480K) NonClass: 114482K(115200K)->114482K(115200K) Class: 16489K(17280K)->16489K(17280K)
[2026-04-03T02:36:12.051+0600][44.979s][info][gc             ] GC(198) Pause Young (Concurrent Start) (G1 Humongous Allocation) 105M->100M(545M) 3.509ms
[2026-04-03T02:36:12.051+0600][44.979s][info][gc             ] GC(199) Concurrent Mark Cycle
[2026-04-03T02:36:12.051+0600][44.979s][info][gc,cpu         ] GC(198) User=0.02s Sys=0.01s Real=0.01s
[2026-04-03T02:36:12.051+0600][44.979s][info][gc,marking     ] GC(199) Concurrent Scan Root Regions
[2026-04-03T02:36:12.053+0600][44.981s][info][gc,marking     ] GC(199) Concurrent Scan Root Regions 1.826ms
[2026-04-03T02:36:12.053+0600][44.981s][info][gc,marking     ] GC(199) Concurrent Mark
[2026-04-03T02:36:12.053+0600][44.981s][info][gc,marking     ] GC(199) Concurrent Mark From Roots
[2026-04-03T02:36:12.053+0600][44.981s][info][gc,task        ] GC(199) Using 3 workers of 3 for marking
[2026-04-03T02:36:12.128+0600][45.055s][info][gc,marking     ] GC(199) Concurrent Mark From Roots 74.278ms
[2026-04-03T02:36:12.128+0600][45.055s][info][gc,marking     ] GC(199) Concurrent Preclean
[2026-04-03T02:36:12.128+0600][45.056s][info][gc,marking     ] GC(199) Concurrent Preclean 0.311ms
[2026-04-03T02:36:12.128+0600][45.056s][info][gc,start       ] GC(199) Pause Remark
[2026-04-03T02:36:12.135+0600][45.063s][info][gc             ] GC(199) Pause Remark 194M->194M(477M) 7.243ms
[2026-04-03T02:36:12.136+0600][45.063s][info][gc,cpu         ] GC(199) User=0.05s Sys=0.00s Real=0.01s
[2026-04-03T02:36:12.136+0600][45.064s][info][gc,marking     ] GC(199) Concurrent Mark 82.525ms
[2026-04-03T02:36:12.136+0600][45.064s][info][gc,marking     ] GC(199) Concurrent Rebuild Remembered Sets and Scrub Regions
[2026-04-03T02:36:12.159+0600][45.087s][info][gc,marking     ] GC(199) Concurrent Rebuild Remembered Sets and Scrub Regions 23.373ms
[2026-04-03T02:36:12.159+0600][45.087s][info][gc,start       ] GC(199) Pause Cleanup
[2026-04-03T02:36:12.160+0600][45.088s][info][gc             ] GC(199) Pause Cleanup 204M->204M(477M) 0.221ms
[2026-04-03T02:36:12.160+0600][45.088s][info][gc,cpu         ] GC(199) User=0.00s Sys=0.00s Real=0.01s
[2026-04-03T02:36:12.160+0600][45.088s][info][gc,marking     ] GC(199) Concurrent Clear Claimed Marks
[2026-04-03T02:36:12.160+0600][45.088s][info][gc,marking     ] GC(199) Concurrent Clear Claimed Marks 0.270ms
[2026-04-03T02:36:12.160+0600][45.088s][info][gc,marking     ] GC(199) Concurrent Cleanup for Next Mark
[2026-04-03T02:36:12.161+0600][45.089s][info][gc,marking     ] GC(199) Concurrent Cleanup for Next Mark 0.893ms
[2026-04-03T02:36:12.161+0600][45.089s][info][gc             ] GC(199) Concurrent Mark Cycle 109.779ms
[2026-04-03T02:36:12.599+0600][45.527s][info][gc,start       ] GC(200) Pause Young (Prepare Mixed) (G1 Evacuation Pause)
[2026-04-03T02:36:12.600+0600][45.527s][info][gc,task        ] GC(200) Using 10 workers of 10 for evacuation
[2026-04-03T02:36:12.606+0600][45.534s][info][gc,phases      ] GC(200)   Pre Evacuate Collection Set: 0.42ms
[2026-04-03T02:36:12.606+0600][45.534s][info][gc,phases      ] GC(200)   Merge Heap Roots: 0.30ms
[2026-04-03T02:36:12.606+0600][45.534s][info][gc,phases      ] GC(200)   Evacuate Collection Set: 4.68ms
[2026-04-03T02:36:12.606+0600][45.534s][info][gc,phases      ] GC(200)   Post Evacuate Collection Set: 0.74ms
[2026-04-03T02:36:12.606+0600][45.534s][info][gc,phases      ] GC(200)   Other: 0.12ms
[2026-04-03T02:36:12.606+0600][45.534s][info][gc,heap        ] GC(200) Eden regions: 256->0(282)
[2026-04-03T02:36:12.606+0600][45.534s][info][gc,heap        ] GC(200) Survivor regions: 10->12(36)
[2026-04-03T02:36:12.606+0600][45.534s][info][gc,heap        ] GC(200) Old regions: 85->86
[2026-04-03T02:36:12.606+0600][45.534s][info][gc,heap        ] GC(200) Humongous regions: 126->8
[2026-04-03T02:36:12.606+0600][45.534s][info][gc,metaspace   ] GC(200) Metaspace: 131022K(132544K)->131022K(132544K) NonClass: 114532K(115264K)->114532K(115264K) Class: 16489K(17280K)->16489K(17280K)
[2026-04-03T02:36:12.606+0600][45.534s][info][gc             ] GC(200) Pause Young (Prepare Mixed) (G1 Evacuation Pause) 474M->101M(490M) 6.527ms
[2026-04-03T02:36:12.606+0600][45.534s][info][gc,cpu         ] GC(200) User=0.04s Sys=0.01s Real=0.01s
[2026-04-03T02:36:12.867+0600][45.795s][info][gc,start       ] GC(201) Pause Young (Mixed) (G1 Evacuation Pause)
[2026-04-03T02:36:12.867+0600][45.795s][info][gc,task        ] GC(201) Using 10 workers of 10 for evacuation
[2026-04-03T02:36:12.875+0600][45.803s][info][gc,phases      ] GC(201)   Pre Evacuate Collection Set: 0.55ms
[2026-04-03T02:36:12.875+0600][45.803s][info][gc,phases      ] GC(201)   Merge Heap Roots: 0.22ms
[2026-04-03T02:36:12.875+0600][45.803s][info][gc,phases      ] GC(201)   Evacuate Collection Set: 6.10ms
[2026-04-03T02:36:12.875+0600][45.803s][info][gc,phases      ] GC(201)   Post Evacuate Collection Set: 0.72ms
[2026-04-03T02:36:12.875+0600][45.803s][info][gc,phases      ] GC(201)   Other: 0.14ms
[2026-04-03T02:36:12.875+0600][45.803s][info][gc,heap        ] GC(201) Eden regions: 214->0(290)
[2026-04-03T02:36:12.875+0600][45.803s][info][gc,heap        ] GC(201) Survivor regions: 12->13(37)
[2026-04-03T02:36:12.875+0600][45.803s][info][gc,heap        ] GC(201) Old regions: 86->84
[2026-04-03T02:36:12.875+0600][45.803s][info][gc,heap        ] GC(201) Humongous regions: 180->8
[2026-04-03T02:36:12.875+0600][45.803s][info][gc,metaspace   ] GC(201) Metaspace: 131028K(132544K)->131028K(132544K) NonClass: 114538K(115264K)->114538K(115264K) Class: 16489K(17280K)->16489K(17280K)
[2026-04-03T02:36:12.875+0600][45.803s][info][gc             ] GC(201) Pause Young (Mixed) (G1 Evacuation Pause) 487M->102M(505M) 8.041ms
[2026-04-03T02:36:12.875+0600][45.803s][info][gc,cpu         ] GC(201) User=0.05s Sys=0.01s Real=0.01s
[2026-04-03T02:36:12.877+0600][45.805s][info][gc,start       ] GC(202) Pause Young (Concurrent Start) (G1 Humongous Allocation)
[2026-04-03T02:36:12.877+0600][45.805s][info][gc,task        ] GC(202) Using 10 workers of 10 for evacuation
[2026-04-03T02:36:12.882+0600][45.810s][info][gc,phases      ] GC(202)   Pre Evacuate Collection Set: 0.37ms
[2026-04-03T02:36:12.882+0600][45.810s][info][gc,phases      ] GC(202)   Merge Heap Roots: 0.10ms
[2026-04-03T02:36:12.882+0600][45.810s][info][gc,phases      ] GC(202)   Evacuate Collection Set: 3.23ms
[2026-04-03T02:36:12.882+0600][45.810s][info][gc,phases      ] GC(202)   Post Evacuate Collection Set: 0.54ms
[2026-04-03T02:36:12.882+0600][45.810s][info][gc,phases      ] GC(202)   Other: 0.11ms
[2026-04-03T02:36:12.882+0600][45.810s][info][gc,heap        ] GC(202) Eden regions: 5->0(291)
[2026-04-03T02:36:12.882+0600][45.810s][info][gc,heap        ] GC(202) Survivor regions: 13->12(38)
[2026-04-03T02:36:12.882+0600][45.810s][info][gc,heap        ] GC(202) Old regions: 84->84
[2026-04-03T02:36:12.882+0600][45.810s][info][gc,heap        ] GC(202) Humongous regions: 8->8
[2026-04-03T02:36:12.882+0600][45.810s][info][gc,metaspace   ] GC(202) Metaspace: 131028K(132544K)->131028K(132544K) NonClass: 114538K(115264K)->114538K(115264K) Class: 16489K(17280K)->16489K(17280K)
[2026-04-03T02:36:12.882+0600][45.810s][info][gc             ] GC(202) Pause Young (Concurrent Start) (G1 Humongous Allocation) 106M->101M(505M) 4.632ms
[2026-04-03T02:36:12.882+0600][45.810s][info][gc             ] GC(203) Concurrent Mark Cycle
[2026-04-03T02:36:12.882+0600][45.810s][info][gc,cpu         ] GC(202) User=0.04s Sys=0.00s Real=0.01s
[2026-04-03T02:36:12.882+0600][45.810s][info][gc,marking     ] GC(203) Concurrent Scan Root Regions
[2026-04-03T02:36:12.885+0600][45.813s][info][gc,marking     ] GC(203) Concurrent Scan Root Regions 2.633ms
[2026-04-03T02:36:12.885+0600][45.813s][info][gc,marking     ] GC(203) Concurrent Mark
[2026-04-03T02:36:12.885+0600][45.813s][info][gc,marking     ] GC(203) Concurrent Mark From Roots
[2026-04-03T02:36:12.885+0600][45.813s][info][gc,task        ] GC(203) Using 3 workers of 3 for marking
[2026-04-03T02:36:12.977+0600][45.905s][info][gc,marking     ] GC(203) Concurrent Mark From Roots 92.535ms
[2026-04-03T02:36:12.977+0600][45.905s][info][gc,marking     ] GC(203) Concurrent Preclean
[2026-04-03T02:36:12.978+0600][45.906s][info][gc,marking     ] GC(203) Concurrent Preclean 0.761ms
[2026-04-03T02:36:12.978+0600][45.906s][info][gc,start       ] GC(203) Pause Remark
[2026-04-03T02:36:12.988+0600][45.916s][info][gc             ] GC(203) Pause Remark 209M->209M(505M) 9.499ms
[2026-04-03T02:36:12.988+0600][45.916s][info][gc,cpu         ] GC(203) User=0.08s Sys=0.00s Real=0.01s
[2026-04-03T02:36:12.988+0600][45.916s][info][gc,marking     ] GC(203) Concurrent Mark 103.558ms
[2026-04-03T02:36:12.988+0600][45.916s][info][gc,marking     ] GC(203) Concurrent Rebuild Remembered Sets and Scrub Regions
[2026-04-03T02:36:13.022+0600][45.950s][info][gc,marking     ] GC(203) Concurrent Rebuild Remembered Sets and Scrub Regions 33.551ms
[2026-04-03T02:36:13.022+0600][45.950s][info][gc,start       ] GC(203) Pause Cleanup
[2026-04-03T02:36:13.023+0600][45.951s][info][gc             ] GC(203) Pause Cleanup 232M->232M(505M) 0.356ms
[2026-04-03T02:36:13.023+0600][45.951s][info][gc,cpu         ] GC(203) User=0.00s Sys=0.00s Real=0.00s
[2026-04-03T02:36:13.023+0600][45.951s][info][gc,marking     ] GC(203) Concurrent Clear Claimed Marks
[2026-04-03T02:36:13.024+0600][45.952s][info][gc,marking     ] GC(203) Concurrent Clear Claimed Marks 0.418ms
[2026-04-03T02:36:13.024+0600][45.952s][info][gc,marking     ] GC(203) Concurrent Cleanup for Next Mark
[2026-04-03T02:36:13.025+0600][45.953s][info][gc,marking     ] GC(203) Concurrent Cleanup for Next Mark 1.555ms
[2026-04-03T02:36:13.025+0600][45.953s][info][gc             ] GC(203) Concurrent Mark Cycle 143.538ms
[2026-04-03T02:36:13.233+0600][46.161s][info][gc,start       ] GC(204) Pause Young (Prepare Mixed) (G1 Evacuation Pause)
[2026-04-03T02:36:13.233+0600][46.161s][info][gc,task        ] GC(204) Using 10 workers of 10 for evacuation
[2026-04-03T02:36:13.238+0600][46.166s][info][gc,phases      ] GC(204)   Pre Evacuate Collection Set: 0.27ms
[2026-04-03T02:36:13.238+0600][46.166s][info][gc,phases      ] GC(204)   Merge Heap Roots: 0.16ms
[2026-04-03T02:36:13.238+0600][46.166s][info][gc,phases      ] GC(204)   Evacuate Collection Set: 3.55ms
[2026-04-03T02:36:13.238+0600][46.166s][info][gc,phases      ] GC(204)   Post Evacuate Collection Set: 0.62ms
[2026-04-03T02:36:13.238+0600][46.166s][info][gc,phases      ] GC(204)   Other: 0.09ms
[2026-04-03T02:36:13.238+0600][46.166s][info][gc,heap        ] GC(204) Eden regions: 221->0(302)
[2026-04-03T02:36:13.238+0600][46.166s][info][gc,heap        ] GC(204) Survivor regions: 12->10(38)
[2026-04-03T02:36:13.238+0600][46.166s][info][gc,heap        ] GC(204) Old regions: 84->85
[2026-04-03T02:36:13.238+0600][46.166s][info][gc,heap        ] GC(204) Humongous regions: 193->8
[2026-04-03T02:36:13.238+0600][46.166s][info][gc,metaspace   ] GC(204) Metaspace: 131030K(132544K)->131030K(132544K) NonClass: 114540K(115264K)->114540K(115264K) Class: 16489K(17280K)->16489K(17280K)
[2026-04-03T02:36:13.238+0600][46.166s][info][gc             ] GC(204) Pause Young (Prepare Mixed) (G1 Evacuation Pause) 507M->99M(521M) 4.932ms
[2026-04-03T02:36:13.238+0600][46.166s][info][gc,cpu         ] GC(204) User=0.02s Sys=0.01s Real=0.00s
[2026-04-03T02:36:13.604+0600][46.531s][info][gc,start       ] GC(205) Pause Young (Mixed) (G1 Evacuation Pause)
[2026-04-03T02:36:13.604+0600][46.532s][info][gc,task        ] GC(205) Using 10 workers of 10 for evacuation
[2026-04-03T02:36:13.612+0600][46.540s][info][gc,phases      ] GC(205)   Pre Evacuate Collection Set: 0.62ms
[2026-04-03T02:36:13.612+0600][46.540s][info][gc,phases      ] GC(205)   Merge Heap Roots: 0.33ms
[2026-04-03T02:36:13.612+0600][46.540s][info][gc,phases      ] GC(205)   Evacuate Collection Set: 6.04ms
[2026-04-03T02:36:13.612+0600][46.540s][info][gc,phases      ] GC(205)   Post Evacuate Collection Set: 0.74ms
[2026-04-03T02:36:13.612+0600][46.540s][info][gc,phases      ] GC(205)   Other: 0.39ms
[2026-04-03T02:36:13.612+0600][46.540s][info][gc,heap        ] GC(205) Eden regions: 272->0(308)
[2026-04-03T02:36:13.612+0600][46.540s][info][gc,heap        ] GC(205) Survivor regions: 10->12(39)
[2026-04-03T02:36:13.612+0600][46.540s][info][gc,heap        ] GC(205) Old regions: 85->84
[2026-04-03T02:36:13.612+0600][46.540s][info][gc,heap        ] GC(205) Humongous regions: 154->8
[2026-04-03T02:36:13.612+0600][46.540s][info][gc,metaspace   ] GC(205) Metaspace: 131072K(132544K)->131072K(132544K) NonClass: 114579K(115264K)->114579K(115264K) Class: 16493K(17280K)->16493K(17280K)
[2026-04-03T02:36:13.612+0600][46.540s][info][gc             ] GC(205) Pause Young (Mixed) (G1 Evacuation Pause) 517M->101M(534M) 8.442ms
[2026-04-03T02:36:13.612+0600][46.540s][info][gc,cpu         ] GC(205) User=0.06s Sys=0.02s Real=0.01s
[2026-04-03T02:36:13.651+0600][46.578s][info][gc,start       ] GC(206) Pause Young (Concurrent Start) (G1 Humongous Allocation)
[2026-04-03T02:36:13.651+0600][46.579s][info][gc,task        ] GC(206) Using 10 workers of 10 for evacuation
[2026-04-03T02:36:13.656+0600][46.584s][info][gc,phases      ] GC(206)   Pre Evacuate Collection Set: 0.54ms
[2026-04-03T02:36:13.656+0600][46.584s][info][gc,phases      ] GC(206)   Merge Heap Roots: 0.18ms
[2026-04-03T02:36:13.656+0600][46.584s][info][gc,phases      ] GC(206)   Evacuate Collection Set: 3.77ms
[2026-04-03T02:36:13.656+0600][46.584s][info][gc,phases      ] GC(206)   Post Evacuate Collection Set: 0.69ms
[2026-04-03T02:36:13.656+0600][46.584s][info][gc,phases      ] GC(206)   Other: 0.18ms
[2026-04-03T02:36:13.656+0600][46.584s][info][gc,heap        ] GC(206) Eden regions: 50->0(308)
[2026-04-03T02:36:13.656+0600][46.584s][info][gc,heap        ] GC(206) Survivor regions: 12->12(40)
[2026-04-03T02:36:13.656+0600][46.584s][info][gc,heap        ] GC(206) Old regions: 84->84
[2026-04-03T02:36:13.656+0600][46.584s][info][gc,heap        ] GC(206) Humongous regions: 8->8
[2026-04-03T02:36:13.656+0600][46.584s][info][gc,metaspace   ] GC(206) Metaspace: 131072K(132544K)->131072K(132544K) NonClass: 114579K(115264K)->114579K(115264K) Class: 16493K(17280K)->16493K(17280K)
[2026-04-03T02:36:13.656+0600][46.584s][info][gc             ] GC(206) Pause Young (Concurrent Start) (G1 Humongous Allocation) 151M->101M(534M) 5.664ms
[2026-04-03T02:36:13.656+0600][46.584s][info][gc             ] GC(207) Concurrent Mark Cycle
[2026-04-03T02:36:13.656+0600][46.584s][info][gc,cpu         ] GC(206) User=0.04s Sys=0.00s Real=0.00s
[2026-04-03T02:36:13.656+0600][46.584s][info][gc,marking     ] GC(207) Concurrent Scan Root Regions
[2026-04-03T02:36:13.661+0600][46.589s][info][gc,marking     ] GC(207) Concurrent Scan Root Regions 4.411ms
[2026-04-03T02:36:13.661+0600][46.589s][info][gc,marking     ] GC(207) Concurrent Mark
[2026-04-03T02:36:13.661+0600][46.589s][info][gc,marking     ] GC(207) Concurrent Mark From Roots
[2026-04-03T02:36:13.661+0600][46.589s][info][gc,task        ] GC(207) Using 3 workers of 3 for marking
[2026-04-03T02:36:13.737+0600][46.665s][info][gc,marking     ] GC(207) Concurrent Mark From Roots 76.401ms
[2026-04-03T02:36:13.737+0600][46.665s][info][gc,marking     ] GC(207) Concurrent Preclean
[2026-04-03T02:36:13.738+0600][46.666s][info][gc,marking     ] GC(207) Concurrent Preclean 0.269ms
[2026-04-03T02:36:13.738+0600][46.666s][info][gc,start       ] GC(207) Pause Remark
[2026-04-03T02:36:13.747+0600][46.675s][info][gc             ] GC(207) Pause Remark 191M->191M(417M) 8.886ms
[2026-04-03T02:36:13.747+0600][46.675s][info][gc,cpu         ] GC(207) User=0.07s Sys=0.00s Real=0.01s
[2026-04-03T02:36:13.747+0600][46.675s][info][gc,marking     ] GC(207) Concurrent Mark 86.366ms
[2026-04-03T02:36:13.747+0600][46.675s][info][gc,marking     ] GC(207) Concurrent Rebuild Remembered Sets and Scrub Regions
[2026-04-03T02:36:13.785+0600][46.713s][info][gc,marking     ] GC(207) Concurrent Rebuild Remembered Sets and Scrub Regions 37.229ms
[2026-04-03T02:36:13.785+0600][46.713s][info][gc,start       ] GC(207) Pause Cleanup
[2026-04-03T02:36:13.786+0600][46.714s][info][gc             ] GC(207) Pause Cleanup 256M->256M(417M) 0.405ms
[2026-04-03T02:36:13.786+0600][46.714s][info][gc,cpu         ] GC(207) User=0.00s Sys=0.00s Real=0.00s
[2026-04-03T02:36:13.786+0600][46.714s][info][gc,marking     ] GC(207) Concurrent Clear Claimed Marks
[2026-04-03T02:36:13.786+0600][46.714s][info][gc,marking     ] GC(207) Concurrent Clear Claimed Marks 0.333ms
[2026-04-03T02:36:13.786+0600][46.714s][info][gc,marking     ] GC(207) Concurrent Cleanup for Next Mark
[2026-04-03T02:36:13.787+0600][46.715s][info][gc,marking     ] GC(207) Concurrent Cleanup for Next Mark 0.710ms
[2026-04-03T02:36:13.787+0600][46.715s][info][gc             ] GC(207) Concurrent Mark Cycle 130.595ms
[2026-04-03T02:36:13.931+0600][46.859s][info][gc,start       ] GC(208) Pause Young (Prepare Mixed) (G1 Evacuation Pause)
[2026-04-03T02:36:13.931+0600][46.859s][info][gc,task        ] GC(208) Using 10 workers of 10 for evacuation
[2026-04-03T02:36:13.939+0600][46.867s][info][gc,phases      ] GC(208)   Pre Evacuate Collection Set: 0.43ms
[2026-04-03T02:36:13.939+0600][46.867s][info][gc,phases      ] GC(208)   Merge Heap Roots: 0.35ms
[2026-04-03T02:36:13.939+0600][46.867s][info][gc,phases      ] GC(208)   Evacuate Collection Set: 6.58ms
[2026-04-03T02:36:13.939+0600][46.867s][info][gc,phases      ] GC(208)   Post Evacuate Collection Set: 0.81ms
[2026-04-03T02:36:13.939+0600][46.867s][info][gc,phases      ] GC(208)   Other: 0.13ms
[2026-04-03T02:36:13.939+0600][46.867s][info][gc,heap        ] GC(208) Eden regions: 223->0(247)
[2026-04-03T02:36:13.939+0600][46.867s][info][gc,heap        ] GC(208) Survivor regions: 12->9(32)
[2026-04-03T02:36:13.939+0600][46.867s][info][gc,heap        ] GC(208) Old regions: 84->86
[2026-04-03T02:36:13.939+0600][46.867s][info][gc,heap        ] GC(208) Humongous regions: 98->8
[2026-04-03T02:36:13.939+0600][46.867s][info][gc,metaspace   ] GC(208) Metaspace: 131072K(132544K)->131072K(132544K) NonClass: 114579K(115264K)->114579K(115264K) Class: 16493K(17280K)->16493K(17280K)
[2026-04-03T02:36:13.939+0600][46.867s][info][gc             ] GC(208) Pause Young (Prepare Mixed) (G1 Evacuation Pause) 414M->100M(428M) 8.662ms
[2026-04-03T02:36:13.939+0600][46.867s][info][gc,cpu         ] GC(208) User=0.05s Sys=0.02s Real=0.00s
[2026-04-03T02:36:14.277+0600][47.204s][info][gc,start       ] GC(209) Pause Young (Mixed) (G1 Evacuation Pause)
[2026-04-03T02:36:14.277+0600][47.205s][info][gc,task        ] GC(209) Using 10 workers of 10 for evacuation
[2026-04-03T02:36:14.287+0600][47.214s][info][gc,phases      ] GC(209)   Pre Evacuate Collection Set: 0.61ms
[2026-04-03T02:36:14.287+0600][47.214s][info][gc,phases      ] GC(209)   Merge Heap Roots: 0.29ms
[2026-04-03T02:36:14.287+0600][47.214s][info][gc,phases      ] GC(209)   Evacuate Collection Set: 7.98ms
[2026-04-03T02:36:14.287+0600][47.214s][info][gc,phases      ] GC(209)   Post Evacuate Collection Set: 0.70ms
[2026-04-03T02:36:14.287+0600][47.214s][info][gc,phases      ] GC(209)   Other: 0.13ms
[2026-04-03T02:36:14.287+0600][47.214s][info][gc,heap        ] GC(209) Eden regions: 220->0(256)
[2026-04-03T02:36:14.287+0600][47.215s][info][gc,heap        ] GC(209) Survivor regions: 9->11(32)
[2026-04-03T02:36:14.287+0600][47.215s][info][gc,heap        ] GC(209) Old regions: 86->85
[2026-04-03T02:36:14.287+0600][47.215s][info][gc,heap        ] GC(209) Humongous regions: 118->8
[2026-04-03T02:36:14.287+0600][47.215s][info][gc,metaspace   ] GC(209) Metaspace: 131364K(132864K)->131364K(132864K) NonClass: 114798K(115584K)->114798K(115584K) Class: 16565K(17280K)->16565K(17280K)
[2026-04-03T02:36:14.287+0600][47.215s][info][gc             ] GC(209) Pause Young (Mixed) (G1 Evacuation Pause) 430M->101M(445M) 10.091ms
[2026-04-03T02:36:14.287+0600][47.215s][info][gc,cpu         ] GC(209) User=0.07s Sys=0.02s Real=0.01s
[2026-04-03T02:36:14.296+0600][47.224s][info][gc,start       ] GC(210) Pause Young (Concurrent Start) (G1 Humongous Allocation)
[2026-04-03T02:36:14.297+0600][47.224s][info][gc,task        ] GC(210) Using 10 workers of 10 for evacuation
[2026-04-03T02:36:14.302+0600][47.230s][info][gc,phases      ] GC(210)   Pre Evacuate Collection Set: 0.42ms
[2026-04-03T02:36:14.302+0600][47.230s][info][gc,phases      ] GC(210)   Merge Heap Roots: 0.15ms
[2026-04-03T02:36:14.303+0600][47.230s][info][gc,phases      ] GC(210)   Evacuate Collection Set: 4.50ms
[2026-04-03T02:36:14.303+0600][47.230s][info][gc,phases      ] GC(210)   Post Evacuate Collection Set: 0.66ms
[2026-04-03T02:36:14.303+0600][47.230s][info][gc,phases      ] GC(210)   Other: 0.14ms
[2026-04-03T02:36:14.303+0600][47.230s][info][gc,heap        ] GC(210) Eden regions: 10->0(257)
[2026-04-03T02:36:14.303+0600][47.230s][info][gc,heap        ] GC(210) Survivor regions: 11->10(34)
[2026-04-03T02:36:14.303+0600][47.230s][info][gc,heap        ] GC(210) Old regions: 85->85
[2026-04-03T02:36:14.303+0600][47.230s][info][gc,heap        ] GC(210) Humongous regions: 8->8
[2026-04-03T02:36:14.303+0600][47.230s][info][gc,metaspace   ] GC(210) Metaspace: 131365K(132864K)->131365K(132864K) NonClass: 114800K(115584K)->114800K(115584K) Class: 16565K(17280K)->16565K(17280K)
[2026-04-03T02:36:14.303+0600][47.230s][info][gc             ] GC(210) Pause Young (Concurrent Start) (G1 Humongous Allocation) 110M->99M(445M) 6.175ms
[2026-04-03T02:36:14.303+0600][47.231s][info][gc             ] GC(211) Concurrent Mark Cycle
[2026-04-03T02:36:14.303+0600][47.231s][info][gc,marking     ] GC(211) Concurrent Scan Root Regions
[2026-04-03T02:36:14.303+0600][47.231s][info][gc,cpu         ] GC(210) User=0.05s Sys=0.00s Real=0.01s
[2026-04-03T02:36:14.309+0600][47.237s][info][gc,marking     ] GC(211) Concurrent Scan Root Regions 6.146ms
[2026-04-03T02:36:14.309+0600][47.237s][info][gc,marking     ] GC(211) Concurrent Mark
[2026-04-03T02:36:14.309+0600][47.237s][info][gc,marking     ] GC(211) Concurrent Mark From Roots
[2026-04-03T02:36:14.309+0600][47.237s][info][gc,task        ] GC(211) Using 3 workers of 3 for marking
[2026-04-03T02:36:14.394+0600][47.321s][info][gc,marking     ] GC(211) Concurrent Mark From Roots 84.463ms
[2026-04-03T02:36:14.394+0600][47.321s][info][gc,marking     ] GC(211) Concurrent Preclean
[2026-04-03T02:36:14.394+0600][47.322s][info][gc,marking     ] GC(211) Concurrent Preclean 0.320ms
[2026-04-03T02:36:14.394+0600][47.322s][info][gc,start       ] GC(211) Pause Remark
[2026-04-03T02:36:14.404+0600][47.332s][info][gc             ] GC(211) Pause Remark 147M->147M(414M) 9.696ms
[2026-04-03T02:36:14.404+0600][47.332s][info][gc,cpu         ] GC(211) User=0.08s Sys=0.00s Real=0.01s
[2026-04-03T02:36:14.405+0600][47.333s][info][gc,marking     ] GC(211) Concurrent Mark 95.898ms
[2026-04-03T02:36:14.405+0600][47.333s][info][gc,marking     ] GC(211) Concurrent Rebuild Remembered Sets and Scrub Regions
[2026-04-03T02:36:14.451+0600][47.379s][info][gc,marking     ] GC(211) Concurrent Rebuild Remembered Sets and Scrub Regions 46.194ms
[2026-04-03T02:36:14.452+0600][47.379s][info][gc,start       ] GC(211) Pause Cleanup
[2026-04-03T02:36:14.452+0600][47.380s][info][gc             ] GC(211) Pause Cleanup 206M->206M(414M) 0.410ms
[2026-04-03T02:36:14.452+0600][47.380s][info][gc,cpu         ] GC(211) User=0.00s Sys=0.00s Real=0.00s
[2026-04-03T02:36:14.452+0600][47.380s][info][gc,marking     ] GC(211) Concurrent Clear Claimed Marks
[2026-04-03T02:36:14.453+0600][47.381s][info][gc,marking     ] GC(211) Concurrent Clear Claimed Marks 0.501ms
[2026-04-03T02:36:14.453+0600][47.381s][info][gc,marking     ] GC(211) Concurrent Cleanup for Next Mark
[2026-04-03T02:36:14.454+0600][47.382s][info][gc,marking     ] GC(211) Concurrent Cleanup for Next Mark 0.990ms
[2026-04-03T02:36:14.454+0600][47.382s][info][gc             ] GC(211) Concurrent Mark Cycle 151.297ms
[2026-04-03T02:36:14.485+0600][47.413s][info][gc,start       ] GC(212) Pause Full (System.gc())
[2026-04-03T02:36:14.485+0600][47.413s][info][gc,task        ] GC(212) Using 9 workers of 10 for full compaction
[2026-04-03T02:36:14.485+0600][47.413s][info][gc,phases,start] GC(212) Phase 1: Mark live objects
[2026-04-03T02:36:14.589+0600][47.517s][info][gc,phases      ] GC(212) Phase 1: Mark live objects 103.641ms
[2026-04-03T02:36:14.589+0600][47.517s][info][gc,phases,start] GC(212) Phase 2: Prepare compaction
[2026-04-03T02:36:14.592+0600][47.520s][info][gc,phases      ] GC(212) Phase 2: Prepare compaction 2.660ms
[2026-04-03T02:36:14.592+0600][47.520s][info][gc,phases,start] GC(212) Phase 3: Adjust pointers
[2026-04-03T02:36:14.615+0600][47.543s][info][gc,phases      ] GC(212) Phase 3: Adjust pointers 22.891ms
[2026-04-03T02:36:14.615+0600][47.543s][info][gc,phases,start] GC(212) Phase 4: Compact heap
[2026-04-03T02:36:14.618+0600][47.545s][info][gc,phases      ] GC(212) Phase 4: Compact heap 2.733ms
[2026-04-03T02:36:14.618+0600][47.546s][info][gc,phases,start] GC(212) Phase 5: Reset Metadata
[2026-04-03T02:36:14.622+0600][47.550s][info][gc,phases      ] GC(212) Phase 5: Reset Metadata 4.462ms
[2026-04-03T02:36:14.638+0600][47.566s][info][gc,heap        ] GC(212) Eden regions: 85->0(194)
[2026-04-03T02:36:14.638+0600][47.566s][info][gc,heap        ] GC(212) Survivor regions: 10->0(34)
[2026-04-03T02:36:14.638+0600][47.566s][info][gc,heap        ] GC(212) Old regions: 85->89
[2026-04-03T02:36:14.638+0600][47.566s][info][gc,heap        ] GC(212) Humongous regions: 45->8
[2026-04-03T02:36:14.638+0600][47.566s][info][gc,metaspace   ] GC(212) Metaspace: 131402K(132864K)->131299K(132864K) NonClass: 114828K(115584K)->114754K(115584K) Class: 16574K(17280K)->16545K(17280K)
[2026-04-03T02:36:14.638+0600][47.566s][info][gc             ] GC(212) Pause Full (System.gc()) 221M->91M(324M) 152.847ms
[2026-04-03T02:36:14.638+0600][47.566s][info][gc,cpu         ] GC(212) User=1.01s Sys=0.05s Real=0.15s
[2026-04-03T02:36:14.664+0600][47.591s][info][gc,start       ] GC(213) Pause Young (Concurrent Start) (G1 Humongous Allocation)
[2026-04-03T02:36:14.664+0600][47.592s][info][gc,task        ] GC(213) Using 8 workers of 10 for evacuation
[2026-04-03T02:36:14.668+0600][47.596s][info][gc,phases      ] GC(213)   Pre Evacuate Collection Set: 0.54ms
[2026-04-03T02:36:14.668+0600][47.596s][info][gc,phases      ] GC(213)   Merge Heap Roots: 0.26ms
[2026-04-03T02:36:14.668+0600][47.596s][info][gc,phases      ] GC(213)   Evacuate Collection Set: 2.34ms
[2026-04-03T02:36:14.668+0600][47.596s][info][gc,phases      ] GC(213)   Post Evacuate Collection Set: 0.63ms
[2026-04-03T02:36:14.668+0600][47.596s][info][gc,phases      ] GC(213)   Other: 0.25ms
[2026-04-03T02:36:14.668+0600][47.596s][info][gc,heap        ] GC(213) Eden regions: 7->0(193)
[2026-04-03T02:36:14.668+0600][47.596s][info][gc,heap        ] GC(213) Survivor regions: 0->1(25)
[2026-04-03T02:36:14.668+0600][47.596s][info][gc,heap        ] GC(213) Old regions: 89->89
[2026-04-03T02:36:14.668+0600][47.596s][info][gc,heap        ] GC(213) Humongous regions: 8->8
[2026-04-03T02:36:14.668+0600][47.596s][info][gc,metaspace   ] GC(213) Metaspace: 131301K(132864K)->131301K(132864K) NonClass: 114755K(115584K)->114755K(115584K) Class: 16545K(17280K)->16545K(17280K)
[2026-04-03T02:36:14.668+0600][47.596s][info][gc             ] GC(213) Pause Young (Concurrent Start) (G1 Humongous Allocation) 98M->92M(324M) 4.551ms
[2026-04-03T02:36:14.668+0600][47.596s][info][gc             ] GC(214) Concurrent Mark Cycle
[2026-04-03T02:36:14.668+0600][47.596s][info][gc,marking     ] GC(214) Concurrent Scan Root Regions
[2026-04-03T02:36:14.668+0600][47.596s][info][gc,cpu         ] GC(213) User=0.03s Sys=0.01s Real=0.00s
[2026-04-03T02:36:14.670+0600][47.598s][info][gc,marking     ] GC(214) Concurrent Scan Root Regions 1.925ms
[2026-04-03T02:36:14.670+0600][47.598s][info][gc,marking     ] GC(214) Concurrent Mark
[2026-04-03T02:36:14.670+0600][47.598s][info][gc,marking     ] GC(214) Concurrent Mark From Roots
[2026-04-03T02:36:14.670+0600][47.598s][info][gc,task        ] GC(214) Using 3 workers of 3 for marking
[2026-04-03T02:36:14.757+0600][47.685s][info][gc,marking     ] GC(214) Concurrent Mark From Roots 87.018ms
[2026-04-03T02:36:14.757+0600][47.685s][info][gc,marking     ] GC(214) Concurrent Preclean
[2026-04-03T02:36:14.758+0600][47.686s][info][gc,marking     ] GC(214) Concurrent Preclean 0.677ms
[2026-04-03T02:36:14.758+0600][47.686s][info][gc,start       ] GC(214) Pause Remark
[2026-04-03T02:36:14.769+0600][47.697s][info][gc             ] GC(214) Pause Remark 121M->121M(324M) 10.999ms
[2026-04-03T02:36:14.770+0600][47.698s][info][gc,cpu         ] GC(214) User=0.08s Sys=0.00s Real=0.01s
[2026-04-03T02:36:14.770+0600][47.698s][info][gc,marking     ] GC(214) Concurrent Mark 99.507ms
[2026-04-03T02:36:14.770+0600][47.698s][info][gc,marking     ] GC(214) Concurrent Rebuild Remembered Sets and Scrub Regions
[2026-04-03T02:36:14.799+0600][47.727s][info][gc,marking     ] GC(214) Concurrent Rebuild Remembered Sets and Scrub Regions 29.590ms
[2026-04-03T02:36:14.800+0600][47.728s][info][gc,start       ] GC(214) Pause Cleanup
[2026-04-03T02:36:14.800+0600][47.728s][info][gc             ] GC(214) Pause Cleanup 133M->133M(324M) 0.423ms
[2026-04-03T02:36:14.800+0600][47.728s][info][gc,cpu         ] GC(214) User=0.00s Sys=0.00s Real=0.00s
[2026-04-03T02:36:14.800+0600][47.728s][info][gc,marking     ] GC(214) Concurrent Clear Claimed Marks
[2026-04-03T02:36:14.801+0600][47.729s][info][gc,marking     ] GC(214) Concurrent Clear Claimed Marks 0.476ms
[2026-04-03T02:36:14.801+0600][47.729s][info][gc,marking     ] GC(214) Concurrent Cleanup for Next Mark
[2026-04-03T02:36:14.802+0600][47.730s][info][gc,marking     ] GC(214) Concurrent Cleanup for Next Mark 0.660ms
[2026-04-03T02:36:14.802+0600][47.730s][info][gc             ] GC(214) Concurrent Mark Cycle 133.582ms
[2026-04-03T02:36:14.883+0600][47.811s][info][gc,start       ] GC(215) Pause Young (Prepare Mixed) (G1 Evacuation Pause)
[2026-04-03T02:36:14.883+0600][47.811s][info][gc,task        ] GC(215) Using 10 workers of 10 for evacuation
[2026-04-03T02:36:14.887+0600][47.815s][info][gc,phases      ] GC(215)   Pre Evacuate Collection Set: 0.34ms
[2026-04-03T02:36:14.887+0600][47.815s][info][gc,phases      ] GC(215)   Merge Heap Roots: 0.15ms
[2026-04-03T02:36:14.887+0600][47.815s][info][gc,phases      ] GC(215)   Evacuate Collection Set: 2.57ms
[2026-04-03T02:36:14.887+0600][47.815s][info][gc,phases      ] GC(215)   Post Evacuate Collection Set: 0.81ms
[2026-04-03T02:36:14.887+0600][47.815s][info][gc,phases      ] GC(215)   Other: 0.10ms
[2026-04-03T02:36:14.887+0600][47.815s][info][gc,heap        ] GC(215) Eden regions: 59->0(272)
[2026-04-03T02:36:14.887+0600][47.815s][info][gc,heap        ] GC(215) Survivor regions: 1->4(25)
[2026-04-03T02:36:14.887+0600][47.815s][info][gc,heap        ] GC(215) Old regions: 89->89
[2026-04-03T02:36:14.887+0600][47.815s][info][gc,heap        ] GC(215) Humongous regions: 307->23
[2026-04-03T02:36:14.887+0600][47.815s][info][gc,metaspace   ] GC(215) Metaspace: 131301K(132864K)->131301K(132864K) NonClass: 114755K(115584K)->114755K(115584K) Class: 16545K(17280K)->16545K(17280K)
[2026-04-03T02:36:14.887+0600][47.815s][info][gc             ] GC(215) Pause Young (Prepare Mixed) (G1 Evacuation Pause) 450M->110M(460M) 4.295ms
[2026-04-03T02:36:14.887+0600][47.815s][info][gc,cpu         ] GC(215) User=0.03s Sys=0.01s Real=0.00s
[2026-04-03T02:36:15.001+0600][47.929s][info][gc,start       ] GC(216) Pause Young (Mixed) (G1 Evacuation Pause)
[2026-04-03T02:36:15.001+0600][47.929s][info][gc,task        ] GC(216) Using 10 workers of 10 for evacuation
[2026-04-03T02:36:15.004+0600][47.932s][info][gc,phases      ] GC(216)   Pre Evacuate Collection Set: 0.22ms
[2026-04-03T02:36:15.004+0600][47.932s][info][gc,phases      ] GC(216)   Merge Heap Roots: 0.09ms
[2026-04-03T02:36:15.004+0600][47.932s][info][gc,phases      ] GC(216)   Evacuate Collection Set: 1.83ms
[2026-04-03T02:36:15.004+0600][47.932s][info][gc,phases      ] GC(216)   Post Evacuate Collection Set: 0.67ms
[2026-04-03T02:36:15.004+0600][47.932s][info][gc,phases      ] GC(216)   Other: 0.07ms
[2026-04-03T02:36:15.004+0600][47.932s][info][gc,heap        ] GC(216) Eden regions: 62->0(351)
[2026-04-03T02:36:15.004+0600][47.932s][info][gc,heap        ] GC(216) Survivor regions: 4->3(35)
[2026-04-03T02:36:15.004+0600][47.932s][info][gc,heap        ] GC(216) Old regions: 89->88
[2026-04-03T02:36:15.004+0600][47.932s][info][gc,heap        ] GC(216) Humongous regions: 431->13
[2026-04-03T02:36:15.004+0600][47.932s][info][gc,metaspace   ] GC(216) Metaspace: 131303K(132864K)->131303K(132864K) NonClass: 114757K(115584K)->114757K(115584K) Class: 16545K(17280K)->16545K(17280K)
[2026-04-03T02:36:15.004+0600][47.932s][info][gc             ] GC(216) Pause Young (Mixed) (G1 Evacuation Pause) 580M->99M(590M) 3.074ms
[2026-04-03T02:36:15.004+0600][47.932s][info][gc,cpu         ] GC(216) User=0.01s Sys=0.01s Real=0.00s
[2026-04-03T02:36:15.005+0600][47.933s][info][gc,start       ] GC(217) Pause Young (Concurrent Start) (G1 Humongous Allocation)
[2026-04-03T02:36:15.005+0600][47.933s][info][gc,task        ] GC(217) Using 10 workers of 10 for evacuation
[2026-04-03T02:36:15.007+0600][47.935s][info][gc,phases      ] GC(217)   Pre Evacuate Collection Set: 0.20ms
[2026-04-03T02:36:15.007+0600][47.935s][info][gc,phases      ] GC(217)   Merge Heap Roots: 0.05ms
[2026-04-03T02:36:15.007+0600][47.935s][info][gc,phases      ] GC(217)   Evacuate Collection Set: 1.42ms
[2026-04-03T02:36:15.007+0600][47.935s][info][gc,phases      ] GC(217)   Post Evacuate Collection Set: 0.35ms
[2026-04-03T02:36:15.007+0600][47.935s][info][gc,phases      ] GC(217)   Other: 0.06ms
[2026-04-03T02:36:15.007+0600][47.935s][info][gc,heap        ] GC(217) Eden regions: 2->0(351)
[2026-04-03T02:36:15.007+0600][47.935s][info][gc,heap        ] GC(217) Survivor regions: 3->3(45)
[2026-04-03T02:36:15.007+0600][47.935s][info][gc,heap        ] GC(217) Old regions: 88->88
[2026-04-03T02:36:15.007+0600][47.935s][info][gc,heap        ] GC(217) Humongous regions: 13->8
[2026-04-03T02:36:15.007+0600][47.935s][info][gc,metaspace   ] GC(217) Metaspace: 131303K(132864K)->131303K(132864K) NonClass: 114757K(115584K)->114757K(115584K) Class: 16545K(17280K)->16545K(17280K)
[2026-04-03T02:36:15.007+0600][47.935s][info][gc             ] GC(217) Pause Young (Concurrent Start) (G1 Humongous Allocation) 100M->94M(590M) 2.233ms
[2026-04-03T02:36:15.007+0600][47.935s][info][gc             ] GC(218) Concurrent Mark Cycle
[2026-04-03T02:36:15.007+0600][47.935s][info][gc,cpu         ] GC(217) User=0.01s Sys=0.00s Real=0.00s
[2026-04-03T02:36:15.007+0600][47.935s][info][gc,marking     ] GC(218) Concurrent Scan Root Regions
[2026-04-03T02:36:15.009+0600][47.937s][info][gc,marking     ] GC(218) Concurrent Scan Root Regions 1.815ms
[2026-04-03T02:36:15.009+0600][47.937s][info][gc,marking     ] GC(218) Concurrent Mark
[2026-04-03T02:36:15.009+0600][47.937s][info][gc,marking     ] GC(218) Concurrent Mark From Roots
[2026-04-03T02:36:15.009+0600][47.937s][info][gc,task        ] GC(218) Using 3 workers of 3 for marking
[2026-04-03T02:36:15.090+0600][48.018s][info][gc,marking     ] GC(218) Concurrent Mark From Roots 80.431ms
[2026-04-03T02:36:15.090+0600][48.018s][info][gc,marking     ] GC(218) Concurrent Preclean
[2026-04-03T02:36:15.090+0600][48.018s][info][gc,marking     ] GC(218) Concurrent Preclean 0.275ms
[2026-04-03T02:36:15.090+0600][48.018s][info][gc,start       ] GC(218) Pause Remark
[2026-04-03T02:36:15.098+0600][48.025s][info][gc             ] GC(218) Pause Remark 179M->179M(424M) 7.079ms
[2026-04-03T02:36:15.098+0600][48.026s][info][gc,cpu         ] GC(218) User=0.05s Sys=0.00s Real=0.00s
[2026-04-03T02:36:15.098+0600][48.026s][info][gc,marking     ] GC(218) Concurrent Mark 88.658ms
[2026-04-03T02:36:15.098+0600][48.026s][info][gc,marking     ] GC(218) Concurrent Rebuild Remembered Sets and Scrub Regions
[2026-04-03T02:36:15.128+0600][48.056s][info][gc,marking     ] GC(218) Concurrent Rebuild Remembered Sets and Scrub Regions 30.086ms
[2026-04-03T02:36:15.128+0600][48.056s][info][gc,start       ] GC(218) Pause Cleanup
[2026-04-03T02:36:15.129+0600][48.057s][info][gc             ] GC(218) Pause Cleanup 215M->215M(424M) 0.408ms
[2026-04-03T02:36:15.129+0600][48.057s][info][gc,cpu         ] GC(218) User=0.00s Sys=0.00s Real=0.00s
[2026-04-03T02:36:15.129+0600][48.057s][info][gc,marking     ] GC(218) Concurrent Clear Claimed Marks
[2026-04-03T02:36:15.130+0600][48.057s][info][gc,marking     ] GC(218) Concurrent Clear Claimed Marks 0.470ms
[2026-04-03T02:36:15.130+0600][48.057s][info][gc,marking     ] GC(218) Concurrent Cleanup for Next Mark
[2026-04-03T02:36:15.131+0600][48.059s][info][gc,marking     ] GC(218) Concurrent Cleanup for Next Mark 1.391ms
[2026-04-03T02:36:15.131+0600][48.059s][info][gc             ] GC(218) Concurrent Mark Cycle 123.737ms
[2026-04-03T02:36:15.463+0600][48.391s][info][gc,start       ] GC(219) Pause Young (Prepare Mixed) (G1 Evacuation Pause)
[2026-04-03T02:36:15.463+0600][48.391s][info][gc,task        ] GC(219) Using 10 workers of 10 for evacuation
[2026-04-03T02:36:15.468+0600][48.396s][info][gc,phases      ] GC(219)   Pre Evacuate Collection Set: 0.63ms
[2026-04-03T02:36:15.468+0600][48.396s][info][gc,phases      ] GC(219)   Merge Heap Roots: 0.26ms
[2026-04-03T02:36:15.468+0600][48.396s][info][gc,phases      ] GC(219)   Evacuate Collection Set: 2.98ms
[2026-04-03T02:36:15.468+0600][48.396s][info][gc,phases      ] GC(219)   Post Evacuate Collection Set: 0.54ms
[2026-04-03T02:36:15.468+0600][48.396s][info][gc,phases      ] GC(219)   Other: 0.11ms
[2026-04-03T02:36:15.468+0600][48.396s][info][gc,heap        ] GC(219) Eden regions: 224->0(252)
[2026-04-03T02:36:15.468+0600][48.396s][info][gc,heap        ] GC(219) Survivor regions: 3->4(32)
[2026-04-03T02:36:15.468+0600][48.396s][info][gc,heap        ] GC(219) Old regions: 88->88
[2026-04-03T02:36:15.468+0600][48.396s][info][gc,heap        ] GC(219) Humongous regions: 109->8
[2026-04-03T02:36:15.468+0600][48.396s][info][gc,metaspace   ] GC(219) Metaspace: 131314K(132864K)->131314K(132864K) NonClass: 114769K(115584K)->114769K(115584K) Class: 16545K(17280K)->16545K(17280K)
[2026-04-03T02:36:15.468+0600][48.396s][info][gc             ] GC(219) Pause Young (Prepare Mixed) (G1 Evacuation Pause) 419M->95M(428M) 4.736ms
[2026-04-03T02:36:15.468+0600][48.396s][info][gc,cpu         ] GC(219) User=0.02s Sys=0.00s Real=0.00s
[2026-04-03T02:36:15.731+0600][48.659s][info][gc,start       ] GC(220) Pause Young (Mixed) (G1 Evacuation Pause)
[2026-04-03T02:36:15.731+0600][48.659s][info][gc,task        ] GC(220) Using 10 workers of 10 for evacuation
[2026-04-03T02:36:15.737+0600][48.665s][info][gc,phases      ] GC(220)   Pre Evacuate Collection Set: 0.41ms
[2026-04-03T02:36:15.737+0600][48.665s][info][gc,phases      ] GC(220)   Merge Heap Roots: 0.28ms
[2026-04-03T02:36:15.737+0600][48.665s][info][gc,phases      ] GC(220)   Evacuate Collection Set: 4.81ms
[2026-04-03T02:36:15.737+0600][48.665s][info][gc,phases      ] GC(220)   Post Evacuate Collection Set: 0.85ms
[2026-04-03T02:36:15.737+0600][48.665s][info][gc,phases      ] GC(220)   Other: 0.13ms
[2026-04-03T02:36:15.737+0600][48.665s][info][gc,heap        ] GC(220) Eden regions: 195->0(254)
[2026-04-03T02:36:15.737+0600][48.665s][info][gc,heap        ] GC(220) Survivor regions: 4->7(32)
[2026-04-03T02:36:15.737+0600][48.665s][info][gc,heap        ] GC(220) Old regions: 88->87
[2026-04-03T02:36:15.737+0600][48.665s][info][gc,heap        ] GC(220) Humongous regions: 141->8
[2026-04-03T02:36:15.737+0600][48.665s][info][gc,metaspace   ] GC(220) Metaspace: 131343K(132864K)->131343K(132864K) NonClass: 114795K(115584K)->114795K(115584K) Class: 16548K(17280K)->16548K(17280K)
[2026-04-03T02:36:15.738+0600][48.665s][info][gc             ] GC(220) Pause Young (Mixed) (G1 Evacuation Pause) 423M->98M(436M) 6.868ms
[2026-04-03T02:36:15.738+0600][48.666s][info][gc,cpu         ] GC(220) User=0.03s Sys=0.02s Real=0.00s
[2026-04-03T02:36:15.739+0600][48.667s][info][gc,start       ] GC(221) Pause Young (Concurrent Start) (G1 Humongous Allocation)
[2026-04-03T02:36:15.739+0600][48.667s][info][gc,task        ] GC(221) Using 10 workers of 10 for evacuation
[2026-04-03T02:36:15.743+0600][48.670s][info][gc,phases      ] GC(221)   Pre Evacuate Collection Set: 0.35ms
[2026-04-03T02:36:15.743+0600][48.671s][info][gc,phases      ] GC(221)   Merge Heap Roots: 0.12ms
[2026-04-03T02:36:15.743+0600][48.671s][info][gc,phases      ] GC(221)   Evacuate Collection Set: 2.25ms
[2026-04-03T02:36:15.743+0600][48.671s][info][gc,phases      ] GC(221)   Post Evacuate Collection Set: 0.55ms
[2026-04-03T02:36:15.743+0600][48.671s][info][gc,phases      ] GC(221)   Other: 0.13ms
[2026-04-03T02:36:15.743+0600][48.671s][info][gc,heap        ] GC(221) Eden regions: 4->0(227)
[2026-04-03T02:36:15.743+0600][48.671s][info][gc,heap        ] GC(221) Survivor regions: 7->7(33)
[2026-04-03T02:36:15.743+0600][48.671s][info][gc,heap        ] GC(221) Old regions: 87->87
[2026-04-03T02:36:15.743+0600][48.671s][info][gc,heap        ] GC(221) Humongous regions: 8->8
[2026-04-03T02:36:15.743+0600][48.671s][info][gc,metaspace   ] GC(221) Metaspace: 131343K(132864K)->131343K(132864K) NonClass: 114795K(115584K)->114795K(115584K) Class: 16548K(17280K)->16548K(17280K)
[2026-04-03T02:36:15.743+0600][48.671s][info][gc             ] GC(221) Pause Young (Concurrent Start) (G1 Humongous Allocation) 102M->98M(436M) 3.715ms
[2026-04-03T02:36:15.743+0600][48.671s][info][gc             ] GC(222) Concurrent Mark Cycle
[2026-04-03T02:36:15.743+0600][48.671s][info][gc,cpu         ] GC(221) User=0.03s Sys=0.00s Real=0.01s
[2026-04-03T02:36:15.743+0600][48.671s][info][gc,marking     ] GC(222) Concurrent Scan Root Regions
[2026-04-03T02:36:15.748+0600][48.675s][info][gc,marking     ] GC(222) Concurrent Scan Root Regions 4.541ms
[2026-04-03T02:36:15.748+0600][48.676s][info][gc,marking     ] GC(222) Concurrent Mark
[2026-04-03T02:36:15.748+0600][48.676s][info][gc,marking     ] GC(222) Concurrent Mark From Roots
[2026-04-03T02:36:15.748+0600][48.676s][info][gc,task        ] GC(222) Using 3 workers of 3 for marking
[2026-04-03T02:36:15.832+0600][48.760s][info][gc,marking     ] GC(222) Concurrent Mark From Roots 84.525ms
[2026-04-03T02:36:15.832+0600][48.760s][info][gc,marking     ] GC(222) Concurrent Preclean
[2026-04-03T02:36:15.833+0600][48.761s][info][gc,marking     ] GC(222) Concurrent Preclean 0.894ms
[2026-04-03T02:36:15.834+0600][48.761s][info][gc,start       ] GC(222) Pause Remark
[2026-04-03T02:36:15.842+0600][48.770s][info][gc             ] GC(222) Pause Remark 204M->204M(436M) 8.784ms
[2026-04-03T02:36:15.843+0600][48.770s][info][gc,cpu         ] GC(222) User=0.06s Sys=0.00s Real=0.01s
[2026-04-03T02:36:15.843+0600][48.771s][info][gc,marking     ] GC(222) Concurrent Mark 95.070ms
[2026-04-03T02:36:15.843+0600][48.771s][info][gc,marking     ] GC(222) Concurrent Rebuild Remembered Sets and Scrub Regions
[2026-04-03T02:36:15.872+0600][48.800s][info][gc,marking     ] GC(222) Concurrent Rebuild Remembered Sets and Scrub Regions 29.222ms
[2026-04-03T02:36:15.873+0600][48.801s][info][gc,start       ] GC(222) Pause Cleanup
[2026-04-03T02:36:15.873+0600][48.801s][info][gc             ] GC(222) Pause Cleanup 224M->224M(436M) 0.307ms
[2026-04-03T02:36:15.873+0600][48.801s][info][gc,cpu         ] GC(222) User=0.00s Sys=0.00s Real=0.00s
[2026-04-03T02:36:15.874+0600][48.801s][info][gc,marking     ] GC(222) Concurrent Clear Claimed Marks
[2026-04-03T02:36:15.874+0600][48.802s][info][gc,marking     ] GC(222) Concurrent Clear Claimed Marks 0.438ms
[2026-04-03T02:36:15.874+0600][48.802s][info][gc,marking     ] GC(222) Concurrent Cleanup for Next Mark
[2026-04-03T02:36:15.876+0600][48.803s][info][gc,marking     ] GC(222) Concurrent Cleanup for Next Mark 1.520ms
[2026-04-03T02:36:15.876+0600][48.804s][info][gc             ] GC(222) Concurrent Mark Cycle 132.753ms
[2026-04-03T02:36:16.017+0600][48.945s][info][gc,start       ] GC(223) Pause Young (Prepare Mixed) (GCLocker Initiated GC)
[2026-04-03T02:36:16.017+0600][48.945s][info][gc,task        ] GC(223) Using 10 workers of 10 for evacuation
[2026-04-03T02:36:16.024+0600][48.952s][info][gc,phases      ] GC(223)   Pre Evacuate Collection Set: 0.75ms
[2026-04-03T02:36:16.024+0600][48.952s][info][gc,phases      ] GC(223)   Merge Heap Roots: 0.35ms
[2026-04-03T02:36:16.024+0600][48.952s][info][gc,phases      ] GC(223)   Evacuate Collection Set: 4.26ms
[2026-04-03T02:36:16.024+0600][48.952s][info][gc,phases      ] GC(223)   Post Evacuate Collection Set: 0.95ms
[2026-04-03T02:36:16.024+0600][48.952s][info][gc,phases      ] GC(223)   Other: 0.17ms
[2026-04-03T02:36:16.024+0600][48.952s][info][gc,heap        ] GC(223) Eden regions: 189->0(253)
[2026-04-03T02:36:16.024+0600][48.952s][info][gc,heap        ] GC(223) Survivor regions: 7->6(30)
[2026-04-03T02:36:16.024+0600][48.952s][info][gc,heap        ] GC(223) Old regions: 87->87
[2026-04-03T02:36:16.024+0600][48.952s][info][gc,heap        ] GC(223) Humongous regions: 159->8
[2026-04-03T02:36:16.024+0600][48.952s][info][gc,metaspace   ] GC(223) Metaspace: 131344K(132864K)->131344K(132864K) NonClass: 114796K(115584K)->114796K(115584K) Class: 16548K(17280K)->16548K(17280K)
[2026-04-03T02:36:16.024+0600][48.952s][info][gc             ] GC(223) Pause Young (Prepare Mixed) (GCLocker Initiated GC) 438M->97M(448M) 6.825ms
[2026-04-03T02:36:16.024+0600][48.952s][info][gc,cpu         ] GC(223) User=0.03s Sys=0.01s Real=0.01s
[2026-04-03T02:36:16.287+0600][49.215s][info][gc,start       ] GC(224) Pause Young (Mixed) (G1 Evacuation Pause)
[2026-04-03T02:36:16.287+0600][49.215s][info][gc,task        ] GC(224) Using 10 workers of 10 for evacuation
[2026-04-03T02:36:16.291+0600][49.219s][info][gc,phases      ] GC(224)   Pre Evacuate Collection Set: 0.42ms
[2026-04-03T02:36:16.291+0600][49.219s][info][gc,phases      ] GC(224)   Merge Heap Roots: 0.14ms
[2026-04-03T02:36:16.291+0600][49.219s][info][gc,phases      ] GC(224)   Evacuate Collection Set: 2.63ms
[2026-04-03T02:36:16.291+0600][49.219s][info][gc,phases      ] GC(224)   Post Evacuate Collection Set: 0.61ms
[2026-04-03T02:36:16.291+0600][49.219s][info][gc,phases      ] GC(224)   Other: 0.08ms
[2026-04-03T02:36:16.291+0600][49.219s][info][gc,heap        ] GC(224) Eden regions: 194->0(272)
[2026-04-03T02:36:16.291+0600][49.219s][info][gc,heap        ] GC(224) Survivor regions: 6->5(33)
[2026-04-03T02:36:16.291+0600][49.219s][info][gc,heap        ] GC(224) Old regions: 87->86
[2026-04-03T02:36:16.291+0600][49.219s][info][gc,heap        ] GC(224) Humongous regions: 170->8
[2026-04-03T02:36:16.291+0600][49.219s][info][gc,metaspace   ] GC(224) Metaspace: 131351K(132864K)->131351K(132864K) NonClass: 114803K(115584K)->114803K(115584K) Class: 16548K(17280K)->16548K(17280K)
[2026-04-03T02:36:16.291+0600][49.219s][info][gc             ] GC(224) Pause Young (Mixed) (G1 Evacuation Pause) 453M->96M(463M) 4.098ms
[2026-04-03T02:36:16.291+0600][49.219s][info][gc,cpu         ] GC(224) User=0.02s Sys=0.01s Real=0.01s
[2026-04-03T02:36:16.295+0600][49.223s][info][gc,start       ] GC(225) Pause Young (Concurrent Start) (G1 Humongous Allocation)
[2026-04-03T02:36:16.295+0600][49.223s][info][gc,task        ] GC(225) Using 10 workers of 10 for evacuation
[2026-04-03T02:36:16.298+0600][49.226s][info][gc,phases      ] GC(225)   Pre Evacuate Collection Set: 0.25ms
[2026-04-03T02:36:16.298+0600][49.226s][info][gc,phases      ] GC(225)   Merge Heap Roots: 0.09ms
[2026-04-03T02:36:16.298+0600][49.226s][info][gc,phases      ] GC(225)   Evacuate Collection Set: 1.44ms
[2026-04-03T02:36:16.298+0600][49.226s][info][gc,phases      ] GC(225)   Post Evacuate Collection Set: 0.54ms
[2026-04-03T02:36:16.298+0600][49.226s][info][gc,phases      ] GC(225)   Other: 0.18ms
[2026-04-03T02:36:16.298+0600][49.226s][info][gc,heap        ] GC(225) Eden regions: 2->0(272)
[2026-04-03T02:36:16.298+0600][49.226s][info][gc,heap        ] GC(225) Survivor regions: 5->5(35)
[2026-04-03T02:36:16.298+0600][49.226s][info][gc,heap        ] GC(225) Old regions: 86->86
[2026-04-03T02:36:16.298+0600][49.226s][info][gc,heap        ] GC(225) Humongous regions: 8->8
[2026-04-03T02:36:16.298+0600][49.226s][info][gc,metaspace   ] GC(225) Metaspace: 131351K(132864K)->131351K(132864K) NonClass: 114803K(115584K)->114803K(115584K) Class: 16548K(17280K)->16548K(17280K)
[2026-04-03T02:36:16.298+0600][49.226s][info][gc             ] GC(225) Pause Young (Concurrent Start) (G1 Humongous Allocation) 98M->95M(463M) 2.795ms
[2026-04-03T02:36:16.298+0600][49.226s][info][gc             ] GC(226) Concurrent Mark Cycle
[2026-04-03T02:36:16.298+0600][49.226s][info][gc,marking     ] GC(226) Concurrent Scan Root Regions
[2026-04-03T02:36:16.298+0600][49.226s][info][gc,cpu         ] GC(225) User=0.02s Sys=0.00s Real=0.00s
[2026-04-03T02:36:16.300+0600][49.228s][info][gc,marking     ] GC(226) Concurrent Scan Root Regions 1.959ms
[2026-04-03T02:36:16.300+0600][49.228s][info][gc,marking     ] GC(226) Concurrent Mark
[2026-04-03T02:36:16.300+0600][49.228s][info][gc,marking     ] GC(226) Concurrent Mark From Roots
[2026-04-03T02:36:16.300+0600][49.228s][info][gc,task        ] GC(226) Using 3 workers of 3 for marking
[2026-04-03T02:36:16.400+0600][49.328s][info][gc,marking     ] GC(226) Concurrent Mark From Roots 99.614ms
[2026-04-03T02:36:16.400+0600][49.328s][info][gc,marking     ] GC(226) Concurrent Preclean
[2026-04-03T02:36:16.401+0600][49.328s][info][gc,marking     ] GC(226) Concurrent Preclean 0.499ms
[2026-04-03T02:36:16.401+0600][49.329s][info][gc,start       ] GC(226) Pause Remark
[2026-04-03T02:36:16.410+0600][49.338s][info][gc             ] GC(226) Pause Remark 149M->149M(417M) 8.660ms
[2026-04-03T02:36:16.410+0600][49.338s][info][gc,cpu         ] GC(226) User=0.06s Sys=0.00s Real=0.01s
[2026-04-03T02:36:16.410+0600][49.338s][info][gc,marking     ] GC(226) Concurrent Mark 109.594ms
[2026-04-03T02:36:16.410+0600][49.338s][info][gc,marking     ] GC(226) Concurrent Rebuild Remembered Sets and Scrub Regions
[2026-04-03T02:36:16.433+0600][49.361s][info][gc,marking     ] GC(226) Concurrent Rebuild Remembered Sets and Scrub Regions 22.816ms
[2026-04-03T02:36:16.433+0600][49.361s][info][gc,start       ] GC(226) Pause Cleanup
[2026-04-03T02:36:16.433+0600][49.361s][info][gc             ] GC(226) Pause Cleanup 156M->156M(417M) 0.254ms
[2026-04-03T02:36:16.433+0600][49.361s][info][gc,cpu         ] GC(226) User=0.00s Sys=0.00s Real=0.00s
[2026-04-03T02:36:16.434+0600][49.362s][info][gc,marking     ] GC(226) Concurrent Clear Claimed Marks
[2026-04-03T02:36:16.434+0600][49.362s][info][gc,marking     ] GC(226) Concurrent Clear Claimed Marks 0.295ms
[2026-04-03T02:36:16.434+0600][49.362s][info][gc,marking     ] GC(226) Concurrent Cleanup for Next Mark
[2026-04-03T02:36:16.435+0600][49.363s][info][gc,marking     ] GC(226) Concurrent Cleanup for Next Mark 0.697ms
[2026-04-03T02:36:16.435+0600][49.363s][info][gc             ] GC(226) Concurrent Mark Cycle 136.637ms
[2026-04-03T02:36:16.763+0600][49.691s][info][gc,start       ] GC(227) Pause Young (Prepare Mixed) (G1 Evacuation Pause)
[2026-04-03T02:36:16.763+0600][49.691s][info][gc,task        ] GC(227) Using 10 workers of 10 for evacuation
[2026-04-03T02:36:16.767+0600][49.695s][info][gc,phases      ] GC(227)   Pre Evacuate Collection Set: 0.35ms
[2026-04-03T02:36:16.768+0600][49.695s][info][gc,phases      ] GC(227)   Merge Heap Roots: 0.23ms
[2026-04-03T02:36:16.768+0600][49.695s][info][gc,phases      ] GC(227)   Evacuate Collection Set: 2.74ms
[2026-04-03T02:36:16.768+0600][49.695s][info][gc,phases      ] GC(227)   Post Evacuate Collection Set: 0.60ms
[2026-04-03T02:36:16.768+0600][49.695s][info][gc,phases      ] GC(227)   Other: 0.12ms
[2026-04-03T02:36:16.768+0600][49.695s][info][gc,heap        ] GC(227) Eden regions: 241->0(258)
[2026-04-03T02:36:16.768+0600][49.695s][info][gc,heap        ] GC(227) Survivor regions: 5->5(32)
[2026-04-03T02:36:16.768+0600][49.695s][info][gc,heap        ] GC(227) Old regions: 86->86
[2026-04-03T02:36:16.768+0600][49.695s][info][gc,heap        ] GC(227) Humongous regions: 102->8
[2026-04-03T02:36:16.768+0600][49.695s][info][gc,metaspace   ] GC(227) Metaspace: 131375K(132864K)->131375K(132864K) NonClass: 114827K(115584K)->114827K(115584K) Class: 16548K(17280K)->16548K(17280K)
[2026-04-03T02:36:16.768+0600][49.696s][info][gc             ] GC(227) Pause Young (Prepare Mixed) (G1 Evacuation Pause) 430M->96M(439M) 4.294ms
[2026-04-03T02:36:16.768+0600][49.696s][info][gc,cpu         ] GC(227) User=0.02s Sys=0.01s Real=0.00s
[2026-04-03T02:36:17.005+0600][49.933s][info][gc,start       ] GC(228) Pause Young (Mixed) (G1 Evacuation Pause)
[2026-04-03T02:36:17.005+0600][49.933s][info][gc,task        ] GC(228) Using 10 workers of 10 for evacuation
[2026-04-03T02:36:17.011+0600][49.939s][info][gc,phases      ] GC(228)   Pre Evacuate Collection Set: 0.36ms
[2026-04-03T02:36:17.011+0600][49.939s][info][gc,phases      ] GC(228)   Merge Heap Roots: 0.24ms
[2026-04-03T02:36:17.011+0600][49.939s][info][gc,phases      ] GC(228)   Evacuate Collection Set: 4.73ms
[2026-04-03T02:36:17.011+0600][49.939s][info][gc,phases      ] GC(228)   Post Evacuate Collection Set: 0.84ms
[2026-04-03T02:36:17.011+0600][49.939s][info][gc,phases      ] GC(228)   Other: 0.12ms
[2026-04-03T02:36:17.011+0600][49.939s][info][gc,heap        ] GC(228) Eden regions: 193->0(261)
[2026-04-03T02:36:17.011+0600][49.939s][info][gc,heap        ] GC(228) Survivor regions: 5->7(33)
[2026-04-03T02:36:17.011+0600][49.939s][info][gc,heap        ] GC(228) Old regions: 86->85
[2026-04-03T02:36:17.011+0600][49.939s][info][gc,heap        ] GC(228) Humongous regions: 155->8
[2026-04-03T02:36:17.011+0600][49.939s][info][gc,metaspace   ] GC(228) Metaspace: 131375K(132864K)->131375K(132864K) NonClass: 114827K(115584K)->114827K(115584K) Class: 16548K(17280K)->16548K(17280K)
[2026-04-03T02:36:17.011+0600][49.939s][info][gc             ] GC(228) Pause Young (Mixed) (G1 Evacuation Pause) 436M->97M(447M) 6.599ms
[2026-04-03T02:36:17.011+0600][49.939s][info][gc,cpu         ] GC(228) User=0.04s Sys=0.01s Real=0.01s
[2026-04-03T02:36:17.023+0600][49.951s][info][gc,start       ] GC(229) Pause Young (Concurrent Start) (G1 Humongous Allocation)
[2026-04-03T02:36:17.023+0600][49.951s][info][gc,task        ] GC(229) Using 10 workers of 10 for evacuation
[2026-04-03T02:36:17.027+0600][49.955s][info][gc,phases      ] GC(229)   Pre Evacuate Collection Set: 0.44ms
[2026-04-03T02:36:17.027+0600][49.955s][info][gc,phases      ] GC(229)   Merge Heap Roots: 0.15ms
[2026-04-03T02:36:17.027+0600][49.955s][info][gc,phases      ] GC(229)   Evacuate Collection Set: 2.93ms
[2026-04-03T02:36:17.027+0600][49.955s][info][gc,phases      ] GC(229)   Post Evacuate Collection Set: 0.69ms
[2026-04-03T02:36:17.027+0600][49.955s][info][gc,phases      ] GC(229)   Other: 0.14ms
[2026-04-03T02:36:17.027+0600][49.955s][info][gc,heap        ] GC(229) Eden regions: 8->0(262)
[2026-04-03T02:36:17.027+0600][49.955s][info][gc,heap        ] GC(229) Survivor regions: 7->6(34)
[2026-04-03T02:36:17.027+0600][49.955s][info][gc,heap        ] GC(229) Old regions: 85->85
[2026-04-03T02:36:17.027+0600][49.955s][info][gc,heap        ] GC(229) Humongous regions: 8->8
[2026-04-03T02:36:17.027+0600][49.955s][info][gc,metaspace   ] GC(229) Metaspace: 131375K(132864K)->131375K(132864K) NonClass: 114827K(115584K)->114827K(115584K) Class: 16548K(17280K)->16548K(17280K)
[2026-04-03T02:36:17.027+0600][49.955s][info][gc             ] GC(229) Pause Young (Concurrent Start) (G1 Humongous Allocation) 105M->97M(447M) 4.787ms
[2026-04-03T02:36:17.028+0600][49.955s][info][gc             ] GC(230) Concurrent Mark Cycle
[2026-04-03T02:36:17.028+0600][49.955s][info][gc,marking     ] GC(230) Concurrent Scan Root Regions
[2026-04-03T02:36:17.028+0600][49.956s][info][gc,cpu         ] GC(229) User=0.03s Sys=0.00s Real=0.00s
[2026-04-03T02:36:17.030+0600][49.958s][info][gc,marking     ] GC(230) Concurrent Scan Root Regions 2.806ms
[2026-04-03T02:36:17.031+0600][49.958s][info][gc,marking     ] GC(230) Concurrent Mark
[2026-04-03T02:36:17.031+0600][49.958s][info][gc,marking     ] GC(230) Concurrent Mark From Roots
[2026-04-03T02:36:17.031+0600][49.958s][info][gc,task        ] GC(230) Using 3 workers of 3 for marking
[2026-04-03T02:36:17.131+0600][50.058s][info][gc,marking     ] GC(230) Concurrent Mark From Roots 99.977ms
[2026-04-03T02:36:17.131+0600][50.058s][info][gc,marking     ] GC(230) Concurrent Preclean
[2026-04-03T02:36:17.131+0600][50.059s][info][gc,marking     ] GC(230) Concurrent Preclean 0.402ms
[2026-04-03T02:36:17.131+0600][50.059s][info][gc,start       ] GC(230) Pause Remark
[2026-04-03T02:36:17.141+0600][50.069s][info][gc             ] GC(230) Pause Remark 218M->218M(447M) 9.979ms
[2026-04-03T02:36:17.142+0600][50.069s][info][gc,cpu         ] GC(230) User=0.06s Sys=0.00s Real=0.01s
[2026-04-03T02:36:17.142+0600][50.070s][info][gc,marking     ] GC(230) Concurrent Mark 111.275ms
[2026-04-03T02:36:17.142+0600][50.070s][info][gc,marking     ] GC(230) Concurrent Rebuild Remembered Sets and Scrub Regions
[2026-04-03T02:36:17.173+0600][50.101s][info][gc,marking     ] GC(230) Concurrent Rebuild Remembered Sets and Scrub Regions 31.267ms
[2026-04-03T02:36:17.174+0600][50.101s][info][gc,start       ] GC(230) Pause Cleanup
[2026-04-03T02:36:17.174+0600][50.102s][info][gc             ] GC(230) Pause Cleanup 240M->240M(447M) 0.484ms
[2026-04-03T02:36:17.174+0600][50.102s][info][gc,cpu         ] GC(230) User=0.00s Sys=0.00s Real=0.00s
[2026-04-03T02:36:17.174+0600][50.102s][info][gc,marking     ] GC(230) Concurrent Clear Claimed Marks
[2026-04-03T02:36:17.175+0600][50.103s][info][gc,marking     ] GC(230) Concurrent Clear Claimed Marks 0.410ms
[2026-04-03T02:36:17.175+0600][50.103s][info][gc,marking     ] GC(230) Concurrent Cleanup for Next Mark
[2026-04-03T02:36:17.176+0600][50.104s][info][gc,marking     ] GC(230) Concurrent Cleanup for Next Mark 1.064ms
[2026-04-03T02:36:17.176+0600][50.104s][info][gc             ] GC(230) Concurrent Mark Cycle 148.353ms
[2026-04-03T02:36:17.318+0600][50.245s][info][gc,start       ] GC(231) Pause Young (Prepare Mixed) (GCLocker Initiated GC)
[2026-04-03T02:36:17.318+0600][50.246s][info][gc,task        ] GC(231) Using 10 workers of 10 for evacuation
[2026-04-03T02:36:17.323+0600][50.251s][info][gc,phases      ] GC(231)   Pre Evacuate Collection Set: 0.37ms
[2026-04-03T02:36:17.324+0600][50.251s][info][gc,phases      ] GC(231)   Merge Heap Roots: 0.26ms
[2026-04-03T02:36:17.324+0600][50.251s][info][gc,phases      ] GC(231)   Evacuate Collection Set: 4.16ms
[2026-04-03T02:36:17.324+0600][50.251s][info][gc,phases      ] GC(231)   Post Evacuate Collection Set: 0.82ms
[2026-04-03T02:36:17.324+0600][50.251s][info][gc,phases      ] GC(231)   Other: 0.14ms
[2026-04-03T02:36:17.324+0600][50.251s][info][gc,heap        ] GC(231) Eden regions: 201->0(269)
[2026-04-03T02:36:17.324+0600][50.251s][info][gc,heap        ] GC(231) Survivor regions: 6->7(34)
[2026-04-03T02:36:17.324+0600][50.251s][info][gc,heap        ] GC(231) Old regions: 85->85
[2026-04-03T02:36:17.324+0600][50.251s][info][gc,heap        ] GC(231) Humongous regions: 161->8
[2026-04-03T02:36:17.324+0600][50.251s][info][gc,metaspace   ] GC(231) Metaspace: 131378K(132864K)->131378K(132864K) NonClass: 114829K(115584K)->114829K(115584K) Class: 16548K(17280K)->16548K(17280K)
[2026-04-03T02:36:17.324+0600][50.252s][info][gc             ] GC(231) Pause Young (Prepare Mixed) (GCLocker Initiated GC) 451M->98M(460M) 6.105ms
[2026-04-03T02:36:17.324+0600][50.252s][info][gc,cpu         ] GC(231) User=0.03s Sys=0.01s Real=0.01s
[2026-04-03T02:36:17.647+0600][50.575s][info][gc,start       ] GC(232) Pause Young (Mixed) (G1 Evacuation Pause)
[2026-04-03T02:36:17.647+0600][50.575s][info][gc,task        ] GC(232) Using 10 workers of 10 for evacuation
[2026-04-03T02:36:17.654+0600][50.582s][info][gc,phases      ] GC(232)   Pre Evacuate Collection Set: 0.45ms
[2026-04-03T02:36:17.654+0600][50.582s][info][gc,phases      ] GC(232)   Merge Heap Roots: 0.31ms
[2026-04-03T02:36:17.654+0600][50.582s][info][gc,phases      ] GC(232)   Evacuate Collection Set: 5.21ms
[2026-04-03T02:36:17.654+0600][50.582s][info][gc,phases      ] GC(232)   Post Evacuate Collection Set: 1.08ms
[2026-04-03T02:36:17.654+0600][50.582s][info][gc,phases      ] GC(232)   Other: 0.13ms
[2026-04-03T02:36:17.654+0600][50.582s][info][gc,heap        ] GC(232) Eden regions: 225->0(276)
[2026-04-03T02:36:17.654+0600][50.582s][info][gc,heap        ] GC(232) Survivor regions: 7->9(35)
[2026-04-03T02:36:17.654+0600][50.582s][info][gc,heap        ] GC(232) Old regions: 85->85
[2026-04-03T02:36:17.654+0600][50.582s][info][gc,heap        ] GC(232) Humongous regions: 148->8
[2026-04-03T02:36:17.654+0600][50.582s][info][gc,metaspace   ] GC(232) Metaspace: 131398K(132864K)->131398K(132864K) NonClass: 114848K(115584K)->114848K(115584K) Class: 16549K(17280K)->16549K(17280K)
[2026-04-03T02:36:17.655+0600][50.582s][info][gc             ] GC(232) Pause Young (Mixed) (G1 Evacuation Pause) 463M->99M(475M) 7.503ms
[2026-04-03T02:36:17.655+0600][50.583s][info][gc,cpu         ] GC(232) User=0.05s Sys=0.01s Real=0.01s
[2026-04-03T02:36:17.714+0600][50.642s][info][gc,start       ] GC(233) Pause Young (Concurrent Start) (G1 Humongous Allocation)
[2026-04-03T02:36:17.715+0600][50.642s][info][gc,task        ] GC(233) Using 10 workers of 10 for evacuation
[2026-04-03T02:36:17.720+0600][50.648s][info][gc,phases      ] GC(233)   Pre Evacuate Collection Set: 0.47ms
[2026-04-03T02:36:17.720+0600][50.648s][info][gc,phases      ] GC(233)   Merge Heap Roots: 0.16ms
[2026-04-03T02:36:17.720+0600][50.648s][info][gc,phases      ] GC(233)   Evacuate Collection Set: 3.51ms
[2026-04-03T02:36:17.720+0600][50.648s][info][gc,phases      ] GC(233)   Post Evacuate Collection Set: 0.76ms
[2026-04-03T02:36:17.720+0600][50.648s][info][gc,phases      ] GC(233)   Other: 0.27ms
[2026-04-03T02:36:17.720+0600][50.648s][info][gc,heap        ] GC(233) Eden regions: 75->0(275)
[2026-04-03T02:36:17.720+0600][50.648s][info][gc,heap        ] GC(233) Survivor regions: 9->10(36)
[2026-04-03T02:36:17.720+0600][50.648s][info][gc,heap        ] GC(233) Old regions: 85->85
[2026-04-03T02:36:17.720+0600][50.648s][info][gc,heap        ] GC(233) Humongous regions: 8->8
[2026-04-03T02:36:17.720+0600][50.648s][info][gc,metaspace   ] GC(233) Metaspace: 131399K(132864K)->131399K(132864K) NonClass: 114850K(115584K)->114850K(115584K) Class: 16549K(17280K)->16549K(17280K)
[2026-04-03T02:36:17.720+0600][50.648s][info][gc             ] GC(233) Pause Young (Concurrent Start) (G1 Humongous Allocation) 174M->100M(475M) 5.581ms
[2026-04-03T02:36:17.720+0600][50.648s][info][gc,cpu         ] GC(233) User=0.04s Sys=0.00s Real=0.01s
[2026-04-03T02:36:17.720+0600][50.648s][info][gc             ] GC(234) Concurrent Mark Cycle
[2026-04-03T02:36:17.720+0600][50.648s][info][gc,marking     ] GC(234) Concurrent Scan Root Regions
[2026-04-03T02:36:17.724+0600][50.652s][info][gc,marking     ] GC(234) Concurrent Scan Root Regions 3.550ms
[2026-04-03T02:36:17.724+0600][50.652s][info][gc,marking     ] GC(234) Concurrent Mark
[2026-04-03T02:36:17.724+0600][50.652s][info][gc,marking     ] GC(234) Concurrent Mark From Roots
[2026-04-03T02:36:17.724+0600][50.652s][info][gc,task        ] GC(234) Using 3 workers of 3 for marking
[2026-04-03T02:36:17.811+0600][50.739s][info][gc,marking     ] GC(234) Concurrent Mark From Roots 87.117ms
[2026-04-03T02:36:17.811+0600][50.739s][info][gc,marking     ] GC(234) Concurrent Preclean
[2026-04-03T02:36:17.812+0600][50.739s][info][gc,marking     ] GC(234) Concurrent Preclean 0.388ms
[2026-04-03T02:36:17.812+0600][50.740s][info][gc,start       ] GC(234) Pause Remark
[2026-04-03T02:36:17.821+0600][50.748s][info][gc             ] GC(234) Pause Remark 195M->195M(414M) 8.727ms
[2026-04-03T02:36:17.821+0600][50.749s][info][gc,cpu         ] GC(234) User=0.07s Sys=0.00s Real=0.01s
[2026-04-03T02:36:17.821+0600][50.749s][info][gc,marking     ] GC(234) Concurrent Mark 97.094ms
[2026-04-03T02:36:17.821+0600][50.749s][info][gc,marking     ] GC(234) Concurrent Rebuild Remembered Sets and Scrub Regions
[2026-04-03T02:36:17.860+0600][50.787s][info][gc,marking     ] GC(234) Concurrent Rebuild Remembered Sets and Scrub Regions 38.475ms
[2026-04-03T02:36:17.860+0600][50.788s][info][gc,start       ] GC(234) Pause Cleanup
[2026-04-03T02:36:17.860+0600][50.788s][info][gc             ] GC(234) Pause Cleanup 252M->252M(414M) 0.323ms
[2026-04-03T02:36:17.860+0600][50.788s][info][gc,cpu         ] GC(234) User=0.01s Sys=0.00s Real=0.00s
[2026-04-03T02:36:17.860+0600][50.788s][info][gc,marking     ] GC(234) Concurrent Clear Claimed Marks
[2026-04-03T02:36:17.861+0600][50.789s][info][gc,marking     ] GC(234) Concurrent Clear Claimed Marks 0.338ms
[2026-04-03T02:36:17.861+0600][50.789s][info][gc,marking     ] GC(234) Concurrent Cleanup for Next Mark
[2026-04-03T02:36:17.862+0600][50.790s][info][gc,marking     ] GC(234) Concurrent Cleanup for Next Mark 1.019ms
[2026-04-03T02:36:17.862+0600][50.790s][info][gc             ] GC(234) Concurrent Mark Cycle 141.739ms
[2026-04-03T02:36:17.989+0600][50.917s][info][gc,start       ] GC(235) Pause Young (Prepare Mixed) (G1 Evacuation Pause)
[2026-04-03T02:36:17.989+0600][50.917s][info][gc,task        ] GC(235) Using 10 workers of 10 for evacuation
[2026-04-03T02:36:17.994+0600][50.922s][info][gc,phases      ] GC(235)   Pre Evacuate Collection Set: 0.30ms
[2026-04-03T02:36:17.994+0600][50.922s][info][gc,phases      ] GC(235)   Merge Heap Roots: 0.15ms
[2026-04-03T02:36:17.994+0600][50.922s][info][gc,phases      ] GC(235)   Evacuate Collection Set: 3.91ms
[2026-04-03T02:36:17.994+0600][50.922s][info][gc,phases      ] GC(235)   Post Evacuate Collection Set: 0.72ms
[2026-04-03T02:36:17.994+0600][50.922s][info][gc,phases      ] GC(235)   Other: 0.11ms
[2026-04-03T02:36:17.994+0600][50.922s][info][gc,heap        ] GC(235) Eden regions: 167->0(299)
[2026-04-03T02:36:17.994+0600][50.922s][info][gc,heap        ] GC(235) Survivor regions: 10->8(31)
[2026-04-03T02:36:17.994+0600][50.922s][info][gc,heap        ] GC(235) Old regions: 85->86
[2026-04-03T02:36:17.994+0600][50.922s][info][gc,heap        ] GC(235) Humongous regions: 242->23
[2026-04-03T02:36:17.994+0600][50.922s][info][gc,metaspace   ] GC(235) Metaspace: 131399K(132864K)->131399K(132864K) NonClass: 114850K(115584K)->114850K(115584K) Class: 16549K(17280K)->16549K(17280K)
[2026-04-03T02:36:17.994+0600][50.922s][info][gc             ] GC(235) Pause Young (Prepare Mixed) (G1 Evacuation Pause) 501M->114M(513M) 5.481ms
[2026-04-03T02:36:17.995+0600][50.922s][info][gc,cpu         ] GC(235) User=0.02s Sys=0.02s Real=0.01s
[2026-04-03T02:36:18.129+0600][51.057s][info][gc,start       ] GC(236) Pause Young (Mixed) (G1 Evacuation Pause)
[2026-04-03T02:36:18.129+0600][51.057s][info][gc,task        ] GC(236) Using 10 workers of 10 for evacuation
[2026-04-03T02:36:18.133+0600][51.060s][info][gc,phases      ] GC(236)   Pre Evacuate Collection Set: 0.28ms
[2026-04-03T02:36:18.133+0600][51.060s][info][gc,phases      ] GC(236)   Merge Heap Roots: 0.20ms
[2026-04-03T02:36:18.133+0600][51.060s][info][gc,phases      ] GC(236)   Evacuate Collection Set: 2.17ms
[2026-04-03T02:36:18.133+0600][51.060s][info][gc,phases      ] GC(236)   Post Evacuate Collection Set: 0.91ms
[2026-04-03T02:36:18.133+0600][51.060s][info][gc,phases      ] GC(236)   Other: 0.08ms
[2026-04-03T02:36:18.133+0600][51.060s][info][gc,heap        ] GC(236) Eden regions: 72->0(422)
[2026-04-03T02:36:18.133+0600][51.060s][info][gc,heap        ] GC(236) Survivor regions: 8->4(39)
[2026-04-03T02:36:18.133+0600][51.060s][info][gc,heap        ] GC(236) Old regions: 86->85
[2026-04-03T02:36:18.133+0600][51.060s][info][gc,heap        ] GC(236) Humongous regions: 540->8
[2026-04-03T02:36:18.133+0600][51.061s][info][gc,metaspace   ] GC(236) Metaspace: 131407K(132864K)->131407K(132864K) NonClass: 114858K(115584K)->114858K(115584K) Class: 16549K(17280K)->16549K(17280K)
[2026-04-03T02:36:18.133+0600][51.061s][info][gc             ] GC(236) Pause Young (Mixed) (G1 Evacuation Pause) 703M->94M(711M) 3.892ms
[2026-04-03T02:36:18.133+0600][51.061s][info][gc,cpu         ] GC(236) User=0.02s Sys=0.00s Real=0.01s
[2026-04-03T02:36:18.281+0600][51.209s][info][gc,start       ] GC(237) Pause Young (Concurrent Start) (G1 Humongous Allocation)
[2026-04-03T02:36:18.281+0600][51.209s][info][gc,task        ] GC(237) Using 10 workers of 10 for evacuation
[2026-04-03T02:36:18.286+0600][51.213s][info][gc,phases      ] GC(237)   Pre Evacuate Collection Set: 0.48ms
[2026-04-03T02:36:18.286+0600][51.213s][info][gc,phases      ] GC(237)   Merge Heap Roots: 0.16ms
[2026-04-03T02:36:18.286+0600][51.213s][info][gc,phases      ] GC(237)   Evacuate Collection Set: 2.68ms
[2026-04-03T02:36:18.286+0600][51.213s][info][gc,phases      ] GC(237)   Post Evacuate Collection Set: 0.63ms
[2026-04-03T02:36:18.286+0600][51.213s][info][gc,phases      ] GC(237)   Other: 0.12ms
[2026-04-03T02:36:18.286+0600][51.213s][info][gc,heap        ] GC(237) Eden regions: 97->0(420)
[2026-04-03T02:36:18.286+0600][51.214s][info][gc,heap        ] GC(237) Survivor regions: 4->6(54)
[2026-04-03T02:36:18.286+0600][51.214s][info][gc,heap        ] GC(237) Old regions: 85->85
[2026-04-03T02:36:18.286+0600][51.214s][info][gc,heap        ] GC(237) Humongous regions: 87->10
[2026-04-03T02:36:18.286+0600][51.214s][info][gc,metaspace   ] GC(237) Metaspace: 131420K(132864K)->131420K(132864K) NonClass: 114871K(115584K)->114871K(115584K) Class: 16549K(17280K)->16549K(17280K)
[2026-04-03T02:36:18.286+0600][51.214s][info][gc             ] GC(237) Pause Young (Concurrent Start) (G1 Humongous Allocation) 270M->98M(711M) 4.377ms
[2026-04-03T02:36:18.286+0600][51.214s][info][gc             ] GC(238) Concurrent Undo Cycle
[2026-04-03T02:36:18.286+0600][51.214s][info][gc,cpu         ] GC(237) User=0.03s Sys=0.01s Real=0.00s
[2026-04-03T02:36:18.286+0600][51.214s][info][gc,marking     ] GC(238) Concurrent Clear Claimed Marks
[2026-04-03T02:36:18.286+0600][51.214s][info][gc,marking     ] GC(238) Concurrent Clear Claimed Marks 0.331ms
[2026-04-03T02:36:18.286+0600][51.214s][info][gc,marking     ] GC(238) Concurrent Cleanup for Next Mark
[2026-04-03T02:36:18.287+0600][51.214s][info][gc,marking     ] GC(238) Concurrent Cleanup for Next Mark 0.368ms
[2026-04-03T02:36:18.287+0600][51.215s][info][gc             ] GC(238) Concurrent Undo Cycle 0.902ms
[2026-04-03T02:36:18.288+0600][51.216s][info][gc,start       ] GC(239) Pause Young (Concurrent Start) (G1 Humongous Allocation)
[2026-04-03T02:36:18.288+0600][51.216s][info][gc,task        ] GC(239) Using 10 workers of 10 for evacuation
[2026-04-03T02:36:18.292+0600][51.219s][info][gc,phases      ] GC(239)   Pre Evacuate Collection Set: 0.41ms
[2026-04-03T02:36:18.292+0600][51.220s][info][gc,phases      ] GC(239)   Merge Heap Roots: 0.12ms
[2026-04-03T02:36:18.292+0600][51.220s][info][gc,phases      ] GC(239)   Evacuate Collection Set: 2.40ms
[2026-04-03T02:36:18.292+0600][51.220s][info][gc,phases      ] GC(239)   Post Evacuate Collection Set: 0.52ms
[2026-04-03T02:36:18.292+0600][51.220s][info][gc,phases      ] GC(239)   Other: 0.11ms
[2026-04-03T02:36:18.292+0600][51.220s][info][gc,heap        ] GC(239) Eden regions: 4->0(420)
[2026-04-03T02:36:18.292+0600][51.220s][info][gc,heap        ] GC(239) Survivor regions: 6->6(54)
[2026-04-03T02:36:18.292+0600][51.220s][info][gc,heap        ] GC(239) Old regions: 85->86
[2026-04-03T02:36:18.292+0600][51.220s][info][gc,heap        ] GC(239) Humongous regions: 12->10
[2026-04-03T02:36:18.292+0600][51.220s][info][gc,metaspace   ] GC(239) Metaspace: 131421K(132864K)->131421K(132864K) NonClass: 114872K(115584K)->114872K(115584K) Class: 16549K(17280K)->16549K(17280K)
[2026-04-03T02:36:18.292+0600][51.220s][info][gc             ] GC(239) Pause Young (Concurrent Start) (G1 Humongous Allocation) 103M->99M(711M) 3.859ms
[2026-04-03T02:36:18.292+0600][51.220s][info][gc             ] GC(240) Concurrent Mark Cycle
[2026-04-03T02:36:18.292+0600][51.220s][info][gc,marking     ] GC(240) Concurrent Scan Root Regions
[2026-04-03T02:36:18.292+0600][51.220s][info][gc,cpu         ] GC(239) User=0.03s Sys=0.00s Real=0.01s
[2026-04-03T02:36:18.296+0600][51.224s][info][gc,marking     ] GC(240) Concurrent Scan Root Regions 4.431ms
[2026-04-03T02:36:18.296+0600][51.224s][info][gc,marking     ] GC(240) Concurrent Mark
[2026-04-03T02:36:18.296+0600][51.224s][info][gc,marking     ] GC(240) Concurrent Mark From Roots
[2026-04-03T02:36:18.296+0600][51.224s][info][gc,task        ] GC(240) Using 3 workers of 3 for marking
[2026-04-03T02:36:18.374+0600][51.302s][info][gc,marking     ] GC(240) Concurrent Mark From Roots 77.841ms
[2026-04-03T02:36:18.374+0600][51.302s][info][gc,marking     ] GC(240) Concurrent Preclean
[2026-04-03T02:36:18.375+0600][51.303s][info][gc,marking     ] GC(240) Concurrent Preclean 0.500ms
[2026-04-03T02:36:18.375+0600][51.303s][info][gc,start       ] GC(240) Pause Remark
[2026-04-03T02:36:18.386+0600][51.314s][info][gc             ] GC(240) Pause Remark 130M->130M(384M) 10.706ms
[2026-04-03T02:36:18.386+0600][51.314s][info][gc,cpu         ] GC(240) User=0.08s Sys=0.01s Real=0.01s
[2026-04-03T02:36:18.386+0600][51.314s][info][gc,marking     ] GC(240) Concurrent Mark 89.865ms
[2026-04-03T02:36:18.386+0600][51.314s][info][gc,marking     ] GC(240) Concurrent Rebuild Remembered Sets and Scrub Regions
[2026-04-03T02:36:18.416+0600][51.344s][info][gc,marking     ] GC(240) Concurrent Rebuild Remembered Sets and Scrub Regions 29.278ms
[2026-04-03T02:36:18.416+0600][51.344s][info][gc,start       ] GC(240) Pause Cleanup
[2026-04-03T02:36:18.417+0600][51.344s][info][gc             ] GC(240) Pause Cleanup 140M->140M(384M) 0.335ms
[2026-04-03T02:36:18.417+0600][51.345s][info][gc,cpu         ] GC(240) User=0.00s Sys=0.00s Real=0.00s
[2026-04-03T02:36:18.417+0600][51.345s][info][gc,marking     ] GC(240) Concurrent Clear Claimed Marks
[2026-04-03T02:36:18.417+0600][51.345s][info][gc,marking     ] GC(240) Concurrent Clear Claimed Marks 0.356ms
[2026-04-03T02:36:18.417+0600][51.345s][info][gc,marking     ] GC(240) Concurrent Cleanup for Next Mark
[2026-04-03T02:36:18.418+0600][51.346s][info][gc,marking     ] GC(240) Concurrent Cleanup for Next Mark 1.187ms
[2026-04-03T02:36:18.418+0600][51.346s][info][gc             ] GC(240) Concurrent Mark Cycle 126.526ms
[2026-04-03T02:36:18.725+0600][51.653s][info][gc,start       ] GC(241) Pause Young (Prepare Mixed) (G1 Evacuation Pause)
[2026-04-03T02:36:18.725+0600][51.653s][info][gc,task        ] GC(241) Using 9 workers of 10 for evacuation
[2026-04-03T02:36:18.731+0600][51.658s][info][gc,phases      ] GC(241)   Pre Evacuate Collection Set: 0.39ms
[2026-04-03T02:36:18.731+0600][51.658s][info][gc,phases      ] GC(241)   Merge Heap Roots: 0.25ms
[2026-04-03T02:36:18.731+0600][51.658s][info][gc,phases      ] GC(241)   Evacuate Collection Set: 3.84ms
[2026-04-03T02:36:18.731+0600][51.658s][info][gc,phases      ] GC(241)   Post Evacuate Collection Set: 0.59ms
[2026-04-03T02:36:18.731+0600][51.658s][info][gc,phases      ] GC(241)   Other: 0.12ms
[2026-04-03T02:36:18.731+0600][51.658s][info][gc,heap        ] GC(241) Eden regions: 222->0(231)
[2026-04-03T02:36:18.731+0600][51.658s][info][gc,heap        ] GC(241) Survivor regions: 6->7(29)
[2026-04-03T02:36:18.731+0600][51.659s][info][gc,heap        ] GC(241) Old regions: 86->87
[2026-04-03T02:36:18.731+0600][51.659s][info][gc,heap        ] GC(241) Humongous regions: 76->10
[2026-04-03T02:36:18.731+0600][51.659s][info][gc,metaspace   ] GC(241) Metaspace: 131442K(132864K)->131442K(132864K) NonClass: 114893K(115584K)->114893K(115584K) Class: 16549K(17280K)->16549K(17280K)
[2026-04-03T02:36:18.731+0600][51.659s][info][gc             ] GC(241) Pause Young (Prepare Mixed) (G1 Evacuation Pause) 387M->100M(398M) 5.519ms
[2026-04-03T02:36:18.731+0600][51.659s][info][gc,cpu         ] GC(241) User=0.03s Sys=0.01s Real=0.01s
[2026-04-03T02:36:18.935+0600][51.863s][info][gc,start       ] GC(242) Pause Young (Mixed) (G1 Evacuation Pause)
[2026-04-03T02:36:18.935+0600][51.863s][info][gc,task        ] GC(242) Using 9 workers of 10 for evacuation
[2026-04-03T02:36:18.940+0600][51.868s][info][gc,phases      ] GC(242)   Pre Evacuate Collection Set: 0.41ms
[2026-04-03T02:36:18.940+0600][51.868s][info][gc,phases      ] GC(242)   Merge Heap Roots: 0.24ms
[2026-04-03T02:36:18.940+0600][51.868s][info][gc,phases      ] GC(242)   Evacuate Collection Set: 3.59ms
[2026-04-03T02:36:18.940+0600][51.868s][info][gc,phases      ] GC(242)   Post Evacuate Collection Set: 0.57ms
[2026-04-03T02:36:18.940+0600][51.868s][info][gc,phases      ] GC(242)   Other: 0.12ms
[2026-04-03T02:36:18.940+0600][51.868s][info][gc,heap        ] GC(242) Eden regions: 164->0(242)
[2026-04-03T02:36:18.940+0600][51.868s][info][gc,heap        ] GC(242) Survivor regions: 7->7(30)
[2026-04-03T02:36:18.940+0600][51.868s][info][gc,heap        ] GC(242) Old regions: 87->85
[2026-04-03T02:36:18.940+0600][51.868s][info][gc,heap        ] GC(242) Humongous regions: 151->8
[2026-04-03T02:36:18.940+0600][51.868s][info][gc,metaspace   ] GC(242) Metaspace: 131442K(132864K)->131442K(132864K) NonClass: 114893K(115584K)->114893K(115584K) Class: 16549K(17280K)->16549K(17280K)
[2026-04-03T02:36:18.940+0600][51.868s][info][gc             ] GC(242) Pause Young (Mixed) (G1 Evacuation Pause) 405M->98M(416M) 5.189ms
[2026-04-03T02:36:18.940+0600][51.868s][info][gc,cpu         ] GC(242) User=0.03s Sys=0.01s Real=0.01s
[2026-04-03T02:36:18.953+0600][51.881s][info][gc,start       ] GC(243) Pause Young (Concurrent Start) (GCLocker Initiated GC)
[2026-04-03T02:36:18.953+0600][51.881s][info][gc,task        ] GC(243) Using 10 workers of 10 for evacuation
[2026-04-03T02:36:18.958+0600][51.886s][info][gc,phases      ] GC(243)   Pre Evacuate Collection Set: 0.58ms
[2026-04-03T02:36:18.958+0600][51.886s][info][gc,phases      ] GC(243)   Merge Heap Roots: 0.18ms
[2026-04-03T02:36:18.958+0600][51.886s][info][gc,phases      ] GC(243)   Evacuate Collection Set: 3.25ms
[2026-04-03T02:36:18.958+0600][51.886s][info][gc,phases      ] GC(243)   Post Evacuate Collection Set: 0.84ms
[2026-04-03T02:36:18.958+0600][51.886s][info][gc,phases      ] GC(243)   Other: 0.16ms
[2026-04-03T02:36:18.958+0600][51.886s][info][gc,heap        ] GC(243) Eden regions: 21->0(241)
[2026-04-03T02:36:18.958+0600][51.886s][info][gc,heap        ] GC(243) Survivor regions: 7->8(32)
[2026-04-03T02:36:18.958+0600][51.886s][info][gc,heap        ] GC(243) Old regions: 85->85
[2026-04-03T02:36:18.958+0600][51.886s][info][gc,heap        ] GC(243) Humongous regions: 8->8
[2026-04-03T02:36:18.958+0600][51.886s][info][gc,metaspace   ] GC(243) Metaspace: 131442K(132864K)->131442K(132864K) NonClass: 114893K(115584K)->114893K(115584K) Class: 16549K(17280K)->16549K(17280K)
[2026-04-03T02:36:18.958+0600][51.886s][info][gc             ] GC(243) Pause Young (Concurrent Start) (GCLocker Initiated GC) 118M->99M(416M) 5.319ms
[2026-04-03T02:36:18.958+0600][51.886s][info][gc             ] GC(244) Concurrent Mark Cycle
[2026-04-03T02:36:18.958+0600][51.886s][info][gc,cpu         ] GC(243) User=0.03s Sys=0.00s Real=0.00s
[2026-04-03T02:36:18.958+0600][51.886s][info][gc,marking     ] GC(244) Concurrent Scan Root Regions
[2026-04-03T02:36:18.961+0600][51.889s][info][gc,marking     ] GC(244) Concurrent Scan Root Regions 3.007ms
[2026-04-03T02:36:18.962+0600][51.889s][info][gc,marking     ] GC(244) Concurrent Mark
[2026-04-03T02:36:18.962+0600][51.889s][info][gc,marking     ] GC(244) Concurrent Mark From Roots
[2026-04-03T02:36:18.962+0600][51.889s][info][gc,task        ] GC(244) Using 3 workers of 3 for marking
[2026-04-03T02:36:19.049+0600][51.977s][info][gc,marking     ] GC(244) Concurrent Mark From Roots 87.335ms
[2026-04-03T02:36:19.049+0600][51.977s][info][gc,marking     ] GC(244) Concurrent Preclean
[2026-04-03T02:36:19.049+0600][51.977s][info][gc,marking     ] GC(244) Concurrent Preclean 0.441ms
[2026-04-03T02:36:19.050+0600][51.978s][info][gc,start       ] GC(244) Pause Remark
[2026-04-03T02:36:19.059+0600][51.987s][info][gc             ] GC(244) Pause Remark 197M->197M(416M) 8.833ms
[2026-04-03T02:36:19.059+0600][51.987s][info][gc,cpu         ] GC(244) User=0.05s Sys=0.01s Real=0.00s
[2026-04-03T02:36:19.059+0600][51.987s][info][gc,marking     ] GC(244) Concurrent Mark 97.608ms
[2026-04-03T02:36:19.059+0600][51.987s][info][gc,marking     ] GC(244) Concurrent Rebuild Remembered Sets and Scrub Regions
[2026-04-03T02:36:19.095+0600][52.022s][info][gc,marking     ] GC(244) Concurrent Rebuild Remembered Sets and Scrub Regions 35.299ms
[2026-04-03T02:36:19.095+0600][52.023s][info][gc,start       ] GC(244) Pause Cleanup
[2026-04-03T02:36:19.096+0600][52.023s][info][gc             ] GC(244) Pause Cleanup 238M->238M(416M) 0.434ms
[2026-04-03T02:36:19.096+0600][52.024s][info][gc,cpu         ] GC(244) User=0.00s Sys=0.00s Real=0.00s
[2026-04-03T02:36:19.096+0600][52.024s][info][gc,marking     ] GC(244) Concurrent Clear Claimed Marks
[2026-04-03T02:36:19.096+0600][52.024s][info][gc,marking     ] GC(244) Concurrent Clear Claimed Marks 0.442ms
[2026-04-03T02:36:19.096+0600][52.024s][info][gc,marking     ] GC(244) Concurrent Cleanup for Next Mark
[2026-04-03T02:36:19.097+0600][52.025s][info][gc,marking     ] GC(244) Concurrent Cleanup for Next Mark 0.946ms
[2026-04-03T02:36:19.097+0600][52.025s][info][gc             ] GC(244) Concurrent Mark Cycle 139.038ms
[2026-04-03T02:36:19.236+0600][52.163s][info][gc,start       ] GC(245) Pause Young (Prepare Mixed) (G1 Evacuation Pause)
[2026-04-03T02:36:19.236+0600][52.164s][info][gc,task        ] GC(245) Using 10 workers of 10 for evacuation
[2026-04-03T02:36:19.241+0600][52.169s][info][gc,phases      ] GC(245)   Pre Evacuate Collection Set: 0.33ms
[2026-04-03T02:36:19.241+0600][52.169s][info][gc,phases      ] GC(245)   Merge Heap Roots: 0.27ms
[2026-04-03T02:36:19.241+0600][52.169s][info][gc,phases      ] GC(245)   Evacuate Collection Set: 3.61ms
[2026-04-03T02:36:19.241+0600][52.169s][info][gc,phases      ] GC(245)   Post Evacuate Collection Set: 0.69ms
[2026-04-03T02:36:19.241+0600][52.169s][info][gc,phases      ] GC(245)   Other: 0.13ms
[2026-04-03T02:36:19.241+0600][52.169s][info][gc,heap        ] GC(245) Eden regions: 179->0(254)
[2026-04-03T02:36:19.241+0600][52.169s][info][gc,heap        ] GC(245) Survivor regions: 8->7(32)
[2026-04-03T02:36:19.241+0600][52.169s][info][gc,heap        ] GC(245) Old regions: 85->86
[2026-04-03T02:36:19.241+0600][52.169s][info][gc,heap        ] GC(245) Humongous regions: 155->8
[2026-04-03T02:36:19.241+0600][52.169s][info][gc,metaspace   ] GC(245) Metaspace: 131478K(132928K)->131478K(132928K) NonClass: 114929K(115648K)->114929K(115648K) Class: 16549K(17280K)->16549K(17280K)
[2026-04-03T02:36:19.241+0600][52.169s][info][gc             ] GC(245) Pause Young (Prepare Mixed) (G1 Evacuation Pause) 425M->98M(435M) 5.339ms
[2026-04-03T02:36:19.241+0600][52.169s][info][gc,cpu         ] GC(245) User=0.03s Sys=0.01s Real=0.01s
[2026-04-03T02:36:19.595+0600][52.523s][info][gc,start       ] GC(246) Pause Young (Mixed) (G1 Evacuation Pause)
[2026-04-03T02:36:19.595+0600][52.523s][info][gc,task        ] GC(246) Using 10 workers of 10 for evacuation
[2026-04-03T02:36:19.598+0600][52.526s][info][gc,phases      ] GC(246)   Pre Evacuate Collection Set: 0.25ms
[2026-04-03T02:36:19.598+0600][52.526s][info][gc,phases      ] GC(246)   Merge Heap Roots: 0.19ms
[2026-04-03T02:36:19.598+0600][52.526s][info][gc,phases      ] GC(246)   Evacuate Collection Set: 2.23ms
[2026-04-03T02:36:19.598+0600][52.526s][info][gc,phases      ] GC(246)   Post Evacuate Collection Set: 0.51ms
[2026-04-03T02:36:19.598+0600][52.526s][info][gc,phases      ] GC(246)   Other: 0.08ms
[2026-04-03T02:36:19.598+0600][52.526s][info][gc,heap        ] GC(246) Eden regions: 203->0(259)
[2026-04-03T02:36:19.598+0600][52.526s][info][gc,heap        ] GC(246) Survivor regions: 7->5(33)
[2026-04-03T02:36:19.598+0600][52.526s][info][gc,heap        ] GC(246) Old regions: 86->84
[2026-04-03T02:36:19.598+0600][52.526s][info][gc,heap        ] GC(246) Humongous regions: 139->8
[2026-04-03T02:36:19.598+0600][52.526s][info][gc,metaspace   ] GC(246) Metaspace: 131494K(132928K)->131494K(132928K) NonClass: 114942K(115648K)->114942K(115648K) Class: 16552K(17280K)->16552K(17280K)
[2026-04-03T02:36:19.599+0600][52.526s][info][gc             ] GC(246) Pause Young (Mixed) (G1 Evacuation Pause) 432M->96M(440M) 3.493ms
[2026-04-03T02:36:19.599+0600][52.526s][info][gc,cpu         ] GC(246) User=0.01s Sys=0.00s Real=0.00s
[2026-04-03T02:36:19.777+0600][52.704s][info][gc,start       ] GC(247) Pause Young (Concurrent Start) (G1 Humongous Allocation)
[2026-04-03T02:36:19.777+0600][52.704s][info][gc,task        ] GC(247) Using 10 workers of 10 for evacuation
[2026-04-03T02:36:19.779+0600][52.707s][info][gc,phases      ] GC(247)   Pre Evacuate Collection Set: 0.25ms
[2026-04-03T02:36:19.779+0600][52.707s][info][gc,phases      ] GC(247)   Merge Heap Roots: 0.12ms
[2026-04-03T02:36:19.779+0600][52.707s][info][gc,phases      ] GC(247)   Evacuate Collection Set: 1.35ms
[2026-04-03T02:36:19.779+0600][52.707s][info][gc,phases      ] GC(247)   Post Evacuate Collection Set: 0.42ms
[2026-04-03T02:36:19.779+0600][52.707s][info][gc,phases      ] GC(247)   Other: 0.11ms
[2026-04-03T02:36:19.779+0600][52.707s][info][gc,heap        ] GC(247) Eden regions: 101->0(259)
[2026-04-03T02:36:19.779+0600][52.707s][info][gc,heap        ] GC(247) Survivor regions: 5->5(33)
[2026-04-03T02:36:19.779+0600][52.707s][info][gc,heap        ] GC(247) Old regions: 84->85
[2026-04-03T02:36:19.779+0600][52.707s][info][gc,heap        ] GC(247) Humongous regions: 8->8
[2026-04-03T02:36:19.779+0600][52.707s][info][gc,metaspace   ] GC(247) Metaspace: 131501K(132928K)->131501K(132928K) NonClass: 114949K(115648K)->114949K(115648K) Class: 16552K(17280K)->16552K(17280K)
[2026-04-03T02:36:19.779+0600][52.707s][info][gc             ] GC(247) Pause Young (Concurrent Start) (G1 Humongous Allocation) 197M->95M(440M) 2.478ms
[2026-04-03T02:36:19.779+0600][52.707s][info][gc             ] GC(248) Concurrent Mark Cycle
[2026-04-03T02:36:19.779+0600][52.707s][info][gc,marking     ] GC(248) Concurrent Scan Root Regions
[2026-04-03T02:36:19.779+0600][52.707s][info][gc,cpu         ] GC(247) User=0.02s Sys=0.00s Real=0.00s
[2026-04-03T02:36:19.781+0600][52.709s][info][gc,marking     ] GC(248) Concurrent Scan Root Regions 1.751ms
[2026-04-03T02:36:19.781+0600][52.709s][info][gc,marking     ] GC(248) Concurrent Mark
[2026-04-03T02:36:19.781+0600][52.709s][info][gc,marking     ] GC(248) Concurrent Mark From Roots
[2026-04-03T02:36:19.781+0600][52.709s][info][gc,task        ] GC(248) Using 3 workers of 3 for marking
[2026-04-03T02:36:19.879+0600][52.807s][info][gc,marking     ] GC(248) Concurrent Mark From Roots 98.359ms
[2026-04-03T02:36:19.879+0600][52.807s][info][gc,marking     ] GC(248) Concurrent Preclean
[2026-04-03T02:36:19.880+0600][52.808s][info][gc,marking     ] GC(248) Concurrent Preclean 0.770ms
[2026-04-03T02:36:19.881+0600][52.808s][info][gc,start       ] GC(248) Pause Remark
[2026-04-03T02:36:19.889+0600][52.817s][info][gc             ] GC(248) Pause Remark 224M->224M(440M) 8.869ms
[2026-04-03T02:36:19.890+0600][52.817s][info][gc,cpu         ] GC(248) User=0.07s Sys=0.00s Real=0.00s
[2026-04-03T02:36:19.890+0600][52.818s][info][gc,marking     ] GC(248) Concurrent Mark 108.922ms
[2026-04-03T02:36:19.890+0600][52.818s][info][gc,marking     ] GC(248) Concurrent Rebuild Remembered Sets and Scrub Regions
[2026-04-03T02:36:19.921+0600][52.849s][info][gc,marking     ] GC(248) Concurrent Rebuild Remembered Sets and Scrub Regions 31.477ms
[2026-04-03T02:36:19.922+0600][52.850s][info][gc,start       ] GC(248) Pause Cleanup
[2026-04-03T02:36:19.922+0600][52.850s][info][gc             ] GC(248) Pause Cleanup 251M->251M(440M) 0.448ms
[2026-04-03T02:36:19.922+0600][52.850s][info][gc,cpu         ] GC(248) User=0.00s Sys=0.00s Real=0.00s
[2026-04-03T02:36:19.923+0600][52.850s][info][gc,marking     ] GC(248) Concurrent Clear Claimed Marks
[2026-04-03T02:36:19.923+0600][52.851s][info][gc,marking     ] GC(248) Concurrent Clear Claimed Marks 0.516ms
[2026-04-03T02:36:19.923+0600][52.851s][info][gc,marking     ] GC(248) Concurrent Cleanup for Next Mark
[2026-04-03T02:36:19.924+0600][52.852s][info][gc,marking     ] GC(248) Concurrent Cleanup for Next Mark 1.149ms
[2026-04-03T02:36:19.924+0600][52.852s][info][gc             ] GC(248) Concurrent Mark Cycle 145.279ms
[2026-04-03T02:36:20.049+0600][52.977s][info][gc,start       ] GC(249) Pause Young (Prepare Mixed) (GCLocker Initiated GC)
[2026-04-03T02:36:20.049+0600][52.977s][info][gc,task        ] GC(249) Using 10 workers of 10 for evacuation
[2026-04-03T02:36:20.057+0600][52.985s][info][gc,phases      ] GC(249)   Pre Evacuate Collection Set: 0.36ms
[2026-04-03T02:36:20.057+0600][52.985s][info][gc,phases      ] GC(249)   Merge Heap Roots: 0.33ms
[2026-04-03T02:36:20.057+0600][52.985s][info][gc,phases      ] GC(249)   Evacuate Collection Set: 5.77ms
[2026-04-03T02:36:20.057+0600][52.985s][info][gc,phases      ] GC(249)   Post Evacuate Collection Set: 0.75ms
[2026-04-03T02:36:20.057+0600][52.985s][info][gc,phases      ] GC(249)   Other: 0.14ms
[2026-04-03T02:36:20.057+0600][52.985s][info][gc,heap        ] GC(249) Eden regions: 190->0(260)
[2026-04-03T02:36:20.057+0600][52.985s][info][gc,heap        ] GC(249) Survivor regions: 5->8(33)
[2026-04-03T02:36:20.057+0600][52.985s][info][gc,heap        ] GC(249) Old regions: 85->85
[2026-04-03T02:36:20.057+0600][52.985s][info][gc,heap        ] GC(249) Humongous regions: 160->8
[2026-04-03T02:36:20.057+0600][52.985s][info][gc,metaspace   ] GC(249) Metaspace: 131514K(132928K)->131514K(132928K) NonClass: 114962K(115648K)->114962K(115648K) Class: 16552K(17280K)->16552K(17280K)
[2026-04-03T02:36:20.057+0600][52.985s][info][gc             ] GC(249) Pause Young (Prepare Mixed) (GCLocker Initiated GC) 437M->99M(448M) 7.672ms
[2026-04-03T02:36:20.057+0600][52.985s][info][gc,cpu         ] GC(249) User=0.05s Sys=0.01s Real=0.01s
[2026-04-03T02:36:20.285+0600][53.213s][info][gc,start       ] GC(250) Pause Young (Mixed) (G1 Evacuation Pause)
[2026-04-03T02:36:20.285+0600][53.213s][info][gc,task        ] GC(250) Using 10 workers of 10 for evacuation
[2026-04-03T02:36:20.292+0600][53.220s][info][gc,phases      ] GC(250)   Pre Evacuate Collection Set: 0.37ms
[2026-04-03T02:36:20.292+0600][53.220s][info][gc,phases      ] GC(250)   Merge Heap Roots: 0.31ms
[2026-04-03T02:36:20.292+0600][53.220s][info][gc,phases      ] GC(250)   Evacuate Collection Set: 5.34ms
[2026-04-03T02:36:20.292+0600][53.220s][info][gc,phases      ] GC(250)   Post Evacuate Collection Set: 0.81ms
[2026-04-03T02:36:20.292+0600][53.220s][info][gc,phases      ] GC(250)   Other: 0.12ms
[2026-04-03T02:36:20.292+0600][53.220s][info][gc,heap        ] GC(250) Eden regions: 196->0(266)
[2026-04-03T02:36:20.292+0600][53.220s][info][gc,heap        ] GC(250) Survivor regions: 8->10(34)
[2026-04-03T02:36:20.292+0600][53.220s][info][gc,heap        ] GC(250) Old regions: 85->84
[2026-04-03T02:36:20.292+0600][53.220s][info][gc,heap        ] GC(250) Humongous regions: 161->8
[2026-04-03T02:36:20.292+0600][53.220s][info][gc,metaspace   ] GC(250) Metaspace: 131514K(132928K)->131514K(132928K) NonClass: 114962K(115648K)->114962K(115648K) Class: 16552K(17280K)->16552K(17280K)
[2026-04-03T02:36:20.292+0600][53.220s][info][gc             ] GC(250) Pause Young (Mixed) (G1 Evacuation Pause) 448M->100M(460M) 7.301ms
[2026-04-03T02:36:20.292+0600][53.220s][info][gc,cpu         ] GC(250) User=0.04s Sys=0.01s Real=0.01s
[2026-04-03T02:36:20.296+0600][53.224s][info][gc,start       ] GC(251) Pause Young (Concurrent Start) (G1 Humongous Allocation)
[2026-04-03T02:36:20.296+0600][53.224s][info][gc,task        ] GC(251) Using 10 workers of 10 for evacuation
[2026-04-03T02:36:20.300+0600][53.228s][info][gc,phases      ] GC(251)   Pre Evacuate Collection Set: 0.36ms
[2026-04-03T02:36:20.300+0600][53.228s][info][gc,phases      ] GC(251)   Merge Heap Roots: 0.13ms
[2026-04-03T02:36:20.300+0600][53.228s][info][gc,phases      ] GC(251)   Evacuate Collection Set: 2.77ms
[2026-04-03T02:36:20.300+0600][53.228s][info][gc,phases      ] GC(251)   Post Evacuate Collection Set: 0.70ms
[2026-04-03T02:36:20.300+0600][53.228s][info][gc,phases      ] GC(251)   Other: 0.18ms
[2026-04-03T02:36:20.300+0600][53.228s][info][gc,heap        ] GC(251) Eden regions: 4->0(270)
[2026-04-03T02:36:20.300+0600][53.228s][info][gc,heap        ] GC(251) Survivor regions: 10->6(35)
[2026-04-03T02:36:20.300+0600][53.228s][info][gc,heap        ] GC(251) Old regions: 84->84
[2026-04-03T02:36:20.300+0600][53.228s][info][gc,heap        ] GC(251) Humongous regions: 8->8
[2026-04-03T02:36:20.300+0600][53.228s][info][gc,metaspace   ] GC(251) Metaspace: 131514K(132928K)->131514K(132928K) NonClass: 114962K(115648K)->114962K(115648K) Class: 16552K(17280K)->16552K(17280K)
[2026-04-03T02:36:20.300+0600][53.228s][info][gc             ] GC(251) Pause Young (Concurrent Start) (G1 Humongous Allocation) 103M->96M(460M) 4.433ms
[2026-04-03T02:36:20.300+0600][53.228s][info][gc             ] GC(252) Concurrent Mark Cycle
[2026-04-03T02:36:20.300+0600][53.228s][info][gc,cpu         ] GC(251) User=0.03s Sys=0.01s Real=0.01s
[2026-04-03T02:36:20.300+0600][53.228s][info][gc,marking     ] GC(252) Concurrent Scan Root Regions
[2026-04-03T02:36:20.303+0600][53.230s][info][gc,marking     ] GC(252) Concurrent Scan Root Regions 2.283ms
[2026-04-03T02:36:20.303+0600][53.230s][info][gc,marking     ] GC(252) Concurrent Mark
[2026-04-03T02:36:20.303+0600][53.230s][info][gc,marking     ] GC(252) Concurrent Mark From Roots
[2026-04-03T02:36:20.303+0600][53.230s][info][gc,task        ] GC(252) Using 3 workers of 3 for marking
[2026-04-03T02:36:20.379+0600][53.307s][info][gc,marking     ] GC(252) Concurrent Mark From Roots 76.420ms
[2026-04-03T02:36:20.379+0600][53.307s][info][gc,marking     ] GC(252) Concurrent Preclean
[2026-04-03T02:36:20.380+0600][53.307s][info][gc,marking     ] GC(252) Concurrent Preclean 0.453ms
[2026-04-03T02:36:20.380+0600][53.308s][info][gc,start       ] GC(252) Pause Remark
[2026-04-03T02:36:20.389+0600][53.317s][info][gc             ] GC(252) Pause Remark 181M->181M(447M) 8.987ms
[2026-04-03T02:36:20.389+0600][53.317s][info][gc,cpu         ] GC(252) User=0.06s Sys=0.00s Real=0.00s
[2026-04-03T02:36:20.389+0600][53.317s][info][gc,marking     ] GC(252) Concurrent Mark 86.839ms
[2026-04-03T02:36:20.389+0600][53.317s][info][gc,marking     ] GC(252) Concurrent Rebuild Remembered Sets and Scrub Regions
[2026-04-03T02:36:20.425+0600][53.353s][info][gc,marking     ] GC(252) Concurrent Rebuild Remembered Sets and Scrub Regions 35.161ms
[2026-04-03T02:36:20.425+0600][53.353s][info][gc,start       ] GC(252) Pause Cleanup
[2026-04-03T02:36:20.426+0600][53.353s][info][gc             ] GC(252) Pause Cleanup 220M->220M(447M) 0.355ms
[2026-04-03T02:36:20.426+0600][53.354s][info][gc,cpu         ] GC(252) User=0.00s Sys=0.00s Real=0.00s
[2026-04-03T02:36:20.426+0600][53.354s][info][gc,marking     ] GC(252) Concurrent Clear Claimed Marks
[2026-04-03T02:36:20.426+0600][53.354s][info][gc,marking     ] GC(252) Concurrent Clear Claimed Marks 0.369ms
[2026-04-03T02:36:20.426+0600][53.354s][info][gc,marking     ] GC(252) Concurrent Cleanup for Next Mark
[2026-04-03T02:36:20.427+0600][53.355s][info][gc,marking     ] GC(252) Concurrent Cleanup for Next Mark 1.180ms
[2026-04-03T02:36:20.428+0600][53.355s][info][gc             ] GC(252) Concurrent Mark Cycle 127.394ms
[2026-04-03T02:36:20.617+0600][53.545s][info][gc,start       ] GC(253) Pause Young (Prepare Mixed) (G1 Evacuation Pause)
[2026-04-03T02:36:20.617+0600][53.545s][info][gc,task        ] GC(253) Using 10 workers of 10 for evacuation
[2026-04-03T02:36:20.621+0600][53.549s][info][gc,phases      ] GC(253)   Pre Evacuate Collection Set: 0.24ms
[2026-04-03T02:36:20.621+0600][53.549s][info][gc,phases      ] GC(253)   Merge Heap Roots: 0.13ms
[2026-04-03T02:36:20.621+0600][53.549s][info][gc,phases      ] GC(253)   Evacuate Collection Set: 2.83ms
[2026-04-03T02:36:20.621+0600][53.549s][info][gc,phases      ] GC(253)   Post Evacuate Collection Set: 0.61ms
[2026-04-03T02:36:20.621+0600][53.549s][info][gc,phases      ] GC(253)   Other: 0.08ms
[2026-04-03T02:36:20.621+0600][53.549s][info][gc,heap        ] GC(253) Eden regions: 213->0(270)
[2026-04-03T02:36:20.621+0600][53.549s][info][gc,heap        ] GC(253) Survivor regions: 6->6(34)
[2026-04-03T02:36:20.621+0600][53.549s][info][gc,heap        ] GC(253) Old regions: 84->85
[2026-04-03T02:36:20.621+0600][53.549s][info][gc,heap        ] GC(253) Humongous regions: 151->8
[2026-04-03T02:36:20.621+0600][53.549s][info][gc,metaspace   ] GC(253) Metaspace: 131515K(132928K)->131515K(132928K) NonClass: 114963K(115648K)->114963K(115648K) Class: 16552K(17280K)->16552K(17280K)
[2026-04-03T02:36:20.621+0600][53.549s][info][gc             ] GC(253) Pause Young (Prepare Mixed) (G1 Evacuation Pause) 452M->97M(461M) 4.123ms
[2026-04-03T02:36:20.621+0600][53.549s][info][gc,cpu         ] GC(253) User=0.02s Sys=0.01s Real=0.01s
[2026-04-03T02:36:20.900+0600][53.828s][info][gc,start       ] GC(254) Pause Young (Mixed) (G1 Evacuation Pause)
[2026-04-03T02:36:20.900+0600][53.828s][info][gc,task        ] GC(254) Using 10 workers of 10 for evacuation
[2026-04-03T02:36:20.906+0600][53.834s][info][gc,phases      ] GC(254)   Pre Evacuate Collection Set: 0.68ms
[2026-04-03T02:36:20.906+0600][53.834s][info][gc,phases      ] GC(254)   Merge Heap Roots: 0.31ms
[2026-04-03T02:36:20.906+0600][53.834s][info][gc,phases      ] GC(254)   Evacuate Collection Set: 4.01ms
[2026-04-03T02:36:20.906+0600][53.834s][info][gc,phases      ] GC(254)   Post Evacuate Collection Set: 0.83ms
[2026-04-03T02:36:20.906+0600][53.834s][info][gc,phases      ] GC(254)   Other: 0.16ms
[2026-04-03T02:36:20.906+0600][53.834s][info][gc,heap        ] GC(254) Eden regions: 270->0(269)
[2026-04-03T02:36:20.906+0600][53.834s][info][gc,heap        ] GC(254) Survivor regions: 6->10(35)
[2026-04-03T02:36:20.906+0600][53.834s][info][gc,heap        ] GC(254) Old regions: 85->85
[2026-04-03T02:36:20.906+0600][53.834s][info][gc,heap        ] GC(254) Humongous regions: 93->8
[2026-04-03T02:36:20.906+0600][53.834s][info][gc,metaspace   ] GC(254) Metaspace: 131517K(132928K)->131517K(132928K) NonClass: 114964K(115648K)->114964K(115648K) Class: 16552K(17280K)->16552K(17280K)
[2026-04-03T02:36:20.907+0600][53.834s][info][gc             ] GC(254) Pause Young (Mixed) (G1 Evacuation Pause) 452M->100M(465M) 6.355ms
[2026-04-03T02:36:20.907+0600][53.835s][info][gc,cpu         ] GC(254) User=0.05s Sys=0.00s Real=0.00s
[2026-04-03T02:36:20.908+0600][53.836s][info][gc,start       ] GC(255) Pause Young (Concurrent Start) (G1 Humongous Allocation)
[2026-04-03T02:36:20.908+0600][53.836s][info][gc,task        ] GC(255) Using 10 workers of 10 for evacuation
[2026-04-03T02:36:20.913+0600][53.840s][info][gc,phases      ] GC(255)   Pre Evacuate Collection Set: 0.42ms
[2026-04-03T02:36:20.913+0600][53.841s][info][gc,phases      ] GC(255)   Merge Heap Roots: 0.13ms
[2026-04-03T02:36:20.913+0600][53.841s][info][gc,phases      ] GC(255)   Evacuate Collection Set: 3.19ms
[2026-04-03T02:36:20.913+0600][53.841s][info][gc,phases      ] GC(255)   Post Evacuate Collection Set: 0.63ms
[2026-04-03T02:36:20.913+0600][53.841s][info][gc,phases      ] GC(255)   Other: 0.17ms
[2026-04-03T02:36:20.913+0600][53.841s][info][gc,heap        ] GC(255) Eden regions: 4->0(270)
[2026-04-03T02:36:20.913+0600][53.841s][info][gc,heap        ] GC(255) Survivor regions: 10->9(35)
[2026-04-03T02:36:20.913+0600][53.841s][info][gc,heap        ] GC(255) Old regions: 85->85
[2026-04-03T02:36:20.913+0600][53.841s][info][gc,heap        ] GC(255) Humongous regions: 8->8
[2026-04-03T02:36:20.913+0600][53.841s][info][gc,metaspace   ] GC(255) Metaspace: 131517K(132928K)->131517K(132928K) NonClass: 114964K(115648K)->114964K(115648K) Class: 16552K(17280K)->16552K(17280K)
[2026-04-03T02:36:20.913+0600][53.841s][info][gc             ] GC(255) Pause Young (Concurrent Start) (G1 Humongous Allocation) 103M->100M(465M) 4.969ms
[2026-04-03T02:36:20.913+0600][53.841s][info][gc             ] GC(256) Concurrent Mark Cycle
[2026-04-03T02:36:20.913+0600][53.841s][info][gc,marking     ] GC(256) Concurrent Scan Root Regions
[2026-04-03T02:36:20.913+0600][53.841s][info][gc,cpu         ] GC(255) User=0.03s Sys=0.01s Real=0.01s
[2026-04-03T02:36:20.917+0600][53.845s][info][gc,marking     ] GC(256) Concurrent Scan Root Regions 3.829ms
[2026-04-03T02:36:20.917+0600][53.845s][info][gc,marking     ] GC(256) Concurrent Mark
[2026-04-03T02:36:20.917+0600][53.845s][info][gc,marking     ] GC(256) Concurrent Mark From Roots
[2026-04-03T02:36:20.917+0600][53.845s][info][gc,task        ] GC(256) Using 3 workers of 3 for marking
[2026-04-03T02:36:20.984+0600][53.912s][info][gc,marking     ] GC(256) Concurrent Mark From Roots 67.182ms
[2026-04-03T02:36:20.984+0600][53.912s][info][gc,marking     ] GC(256) Concurrent Preclean
[2026-04-03T02:36:20.984+0600][53.912s][info][gc,marking     ] GC(256) Concurrent Preclean 0.195ms
[2026-04-03T02:36:20.985+0600][53.913s][info][gc,start       ] GC(256) Pause Remark
[2026-04-03T02:36:20.992+0600][53.920s][info][gc             ] GC(256) Pause Remark 153M->153M(427M) 7.553ms
[2026-04-03T02:36:20.992+0600][53.920s][info][gc,cpu         ] GC(256) User=0.04s Sys=0.00s Real=0.01s
[2026-04-03T02:36:20.993+0600][53.920s][info][gc,marking     ] GC(256) Concurrent Mark 75.513ms
[2026-04-03T02:36:20.993+0600][53.920s][info][gc,marking     ] GC(256) Concurrent Rebuild Remembered Sets and Scrub Regions
[2026-04-03T02:36:21.016+0600][53.944s][info][gc,marking     ] GC(256) Concurrent Rebuild Remembered Sets and Scrub Regions 23.361ms
[2026-04-03T02:36:21.016+0600][53.944s][info][gc,start       ] GC(256) Pause Cleanup
[2026-04-03T02:36:21.017+0600][53.945s][info][gc             ] GC(256) Pause Cleanup 162M->162M(427M) 0.218ms
[2026-04-03T02:36:21.017+0600][53.945s][info][gc,cpu         ] GC(256) User=0.00s Sys=0.00s Real=0.00s
[2026-04-03T02:36:21.017+0600][53.945s][info][gc,marking     ] GC(256) Concurrent Clear Claimed Marks
[2026-04-03T02:36:21.017+0600][53.945s][info][gc,marking     ] GC(256) Concurrent Clear Claimed Marks 0.333ms
[2026-04-03T02:36:21.017+0600][53.945s][info][gc,marking     ] GC(256) Concurrent Cleanup for Next Mark
[2026-04-03T02:36:21.018+0600][53.946s][info][gc,marking     ] GC(256) Concurrent Cleanup for Next Mark 0.478ms
[2026-04-03T02:36:21.018+0600][53.946s][info][gc             ] GC(256) Concurrent Mark Cycle 104.751ms
[2026-04-03T02:36:21.084+0600][54.012s][info][gc,start       ] GC(257) Pause Young (Prepare Mixed) (G1 Evacuation Pause)
[2026-04-03T02:36:21.084+0600][54.012s][info][gc,task        ] GC(257) Using 10 workers of 10 for evacuation
[2026-04-03T02:36:21.088+0600][54.016s][info][gc,phases      ] GC(257)   Pre Evacuate Collection Set: 0.24ms
[2026-04-03T02:36:21.088+0600][54.016s][info][gc,phases      ] GC(257)   Merge Heap Roots: 0.13ms
[2026-04-03T02:36:21.088+0600][54.016s][info][gc,phases      ] GC(257)   Evacuate Collection Set: 2.78ms
[2026-04-03T02:36:21.088+0600][54.016s][info][gc,phases      ] GC(257)   Post Evacuate Collection Set: 0.59ms
[2026-04-03T02:36:21.088+0600][54.016s][info][gc,phases      ] GC(257)   Other: 0.08ms
[2026-04-03T02:36:21.088+0600][54.016s][info][gc,heap        ] GC(257) Eden regions: 81->0(323)
[2026-04-03T02:36:21.088+0600][54.016s][info][gc,heap        ] GC(257) Survivor regions: 9->8(37)
[2026-04-03T02:36:21.088+0600][54.016s][info][gc,heap        ] GC(257) Old regions: 85->86
[2026-04-03T02:36:21.088+0600][54.016s][info][gc,heap        ] GC(257) Humongous regions: 369->18
[2026-04-03T02:36:21.088+0600][54.016s][info][gc,metaspace   ] GC(257) Metaspace: 131517K(132928K)->131517K(132928K) NonClass: 114964K(115648K)->114964K(115648K) Class: 16552K(17280K)->16552K(17280K)
[2026-04-03T02:36:21.088+0600][54.016s][info][gc             ] GC(257) Pause Young (Prepare Mixed) (G1 Evacuation Pause) 542M->109M(553M) 4.072ms
[2026-04-03T02:36:21.088+0600][54.016s][info][gc,cpu         ] GC(257) User=0.02s Sys=0.01s Real=0.00s
[2026-04-03T02:36:21.193+0600][54.121s][info][gc,start       ] GC(258) Pause Young (Mixed) (G1 Evacuation Pause)
[2026-04-03T02:36:21.193+0600][54.121s][info][gc,task        ] GC(258) Using 10 workers of 10 for evacuation
[2026-04-03T02:36:21.200+0600][54.128s][info][gc,phases      ] GC(258)   Pre Evacuate Collection Set: 0.45ms
[2026-04-03T02:36:21.200+0600][54.128s][info][gc,phases      ] GC(258)   Merge Heap Roots: 0.30ms
[2026-04-03T02:36:21.200+0600][54.128s][info][gc,phases      ] GC(258)   Evacuate Collection Set: 4.65ms
[2026-04-03T02:36:21.200+0600][54.128s][info][gc,phases      ] GC(258)   Post Evacuate Collection Set: 1.02ms
[2026-04-03T02:36:21.200+0600][54.128s][info][gc,phases      ] GC(258)   Other: 0.10ms
[2026-04-03T02:36:21.200+0600][54.128s][info][gc,heap        ] GC(258) Eden regions: 71->0(330)
[2026-04-03T02:36:21.200+0600][54.128s][info][gc,heap        ] GC(258) Survivor regions: 8->6(42)
[2026-04-03T02:36:21.200+0600][54.128s][info][gc,heap        ] GC(258) Old regions: 86->86
[2026-04-03T02:36:21.200+0600][54.128s][info][gc,heap        ] GC(258) Humongous regions: 388->8
[2026-04-03T02:36:21.200+0600][54.128s][info][gc,metaspace   ] GC(258) Metaspace: 131522K(132928K)->131522K(132928K) NonClass: 114969K(115648K)->114969K(115648K) Class: 16552K(17280K)->16552K(17280K)
[2026-04-03T02:36:21.200+0600][54.128s][info][gc             ] GC(258) Pause Young (Mixed) (G1 Evacuation Pause) 550M->98M(560M) 6.832ms
[2026-04-03T02:36:21.200+0600][54.128s][info][gc,cpu         ] GC(258) User=0.03s Sys=0.02s Real=0.01s
[2026-04-03T02:36:21.209+0600][54.137s][info][gc,start       ] GC(259) Pause Young (Concurrent Start) (G1 Humongous Allocation)
[2026-04-03T02:36:21.209+0600][54.137s][info][gc,task        ] GC(259) Using 10 workers of 10 for evacuation
[2026-04-03T02:36:21.213+0600][54.141s][info][gc,phases      ] GC(259)   Pre Evacuate Collection Set: 0.45ms
[2026-04-03T02:36:21.213+0600][54.141s][info][gc,phases      ] GC(259)   Merge Heap Roots: 0.13ms
[2026-04-03T02:36:21.213+0600][54.141s][info][gc,phases      ] GC(259)   Evacuate Collection Set: 2.27ms
[2026-04-03T02:36:21.213+0600][54.141s][info][gc,phases      ] GC(259)   Post Evacuate Collection Set: 0.69ms
[2026-04-03T02:36:21.213+0600][54.141s][info][gc,phases      ] GC(259)   Other: 0.14ms
[2026-04-03T02:36:21.213+0600][54.141s][info][gc,heap        ] GC(259) Eden regions: 28->0(310)
[2026-04-03T02:36:21.213+0600][54.141s][info][gc,heap        ] GC(259) Survivor regions: 6->7(42)
[2026-04-03T02:36:21.213+0600][54.141s][info][gc,heap        ] GC(259) Old regions: 86->86
[2026-04-03T02:36:21.213+0600][54.141s][info][gc,heap        ] GC(259) Humongous regions: 8->8
[2026-04-03T02:36:21.213+0600][54.141s][info][gc,metaspace   ] GC(259) Metaspace: 131522K(132928K)->131522K(132928K) NonClass: 114969K(115648K)->114969K(115648K) Class: 16552K(17280K)->16552K(17280K)
[2026-04-03T02:36:21.213+0600][54.141s][info][gc             ] GC(259) Pause Young (Concurrent Start) (G1 Humongous Allocation) 125M->98M(560M) 4.022ms
[2026-04-03T02:36:21.213+0600][54.141s][info][gc             ] GC(260) Concurrent Mark Cycle
[2026-04-03T02:36:21.213+0600][54.141s][info][gc,cpu         ] GC(259) User=0.02s Sys=0.00s Real=0.01s
[2026-04-03T02:36:21.213+0600][54.141s][info][gc,marking     ] GC(260) Concurrent Scan Root Regions
[2026-04-03T02:36:21.218+0600][54.146s][info][gc,marking     ] GC(260) Concurrent Scan Root Regions 5.226ms
[2026-04-03T02:36:21.218+0600][54.146s][info][gc,marking     ] GC(260) Concurrent Mark
[2026-04-03T02:36:21.218+0600][54.146s][info][gc,marking     ] GC(260) Concurrent Mark From Roots
[2026-04-03T02:36:21.218+0600][54.146s][info][gc,task        ] GC(260) Using 3 workers of 3 for marking
[2026-04-03T02:36:21.300+0600][54.227s][info][gc,marking     ] GC(260) Concurrent Mark From Roots 81.130ms
[2026-04-03T02:36:21.300+0600][54.228s][info][gc,marking     ] GC(260) Concurrent Preclean
[2026-04-03T02:36:21.300+0600][54.228s][info][gc,marking     ] GC(260) Concurrent Preclean 0.504ms
[2026-04-03T02:36:21.301+0600][54.229s][info][gc,start       ] GC(260) Pause Remark
[2026-04-03T02:36:21.311+0600][54.239s][info][gc             ] GC(260) Pause Remark 182M->182M(477M) 9.931ms
[2026-04-03T02:36:21.311+0600][54.239s][info][gc,cpu         ] GC(260) User=0.07s Sys=0.00s Real=0.01s
[2026-04-03T02:36:21.311+0600][54.239s][info][gc,marking     ] GC(260) Concurrent Mark 92.916ms
[2026-04-03T02:36:21.311+0600][54.239s][info][gc,marking     ] GC(260) Concurrent Rebuild Remembered Sets and Scrub Regions
[2026-04-03T02:36:21.346+0600][54.274s][info][gc,marking     ] GC(260) Concurrent Rebuild Remembered Sets and Scrub Regions 34.407ms
[2026-04-03T02:36:21.346+0600][54.274s][info][gc,start       ] GC(260) Pause Cleanup
[2026-04-03T02:36:21.346+0600][54.274s][info][gc             ] GC(260) Pause Cleanup 205M->205M(477M) 0.313ms
[2026-04-03T02:36:21.347+0600][54.274s][info][gc,cpu         ] GC(260) User=0.01s Sys=0.00s Real=0.00s
[2026-04-03T02:36:21.347+0600][54.275s][info][gc,marking     ] GC(260) Concurrent Clear Claimed Marks
[2026-04-03T02:36:21.347+0600][54.275s][info][gc,marking     ] GC(260) Concurrent Clear Claimed Marks 0.562ms
[2026-04-03T02:36:21.347+0600][54.275s][info][gc,marking     ] GC(260) Concurrent Cleanup for Next Mark
[2026-04-03T02:36:21.348+0600][54.276s][info][gc,marking     ] GC(260) Concurrent Cleanup for Next Mark 0.840ms
[2026-04-03T02:36:21.348+0600][54.276s][info][gc             ] GC(260) Concurrent Mark Cycle 135.220ms
[2026-04-03T02:36:21.779+0600][54.707s][info][gc,start       ] GC(261) Pause Young (Prepare Mixed) (G1 Evacuation Pause)
[2026-04-03T02:36:21.779+0600][54.707s][info][gc,task        ] GC(261) Using 10 workers of 10 for evacuation
[2026-04-03T02:36:21.786+0600][54.714s][info][gc,phases      ] GC(261)   Pre Evacuate Collection Set: 0.47ms
[2026-04-03T02:36:21.786+0600][54.714s][info][gc,phases      ] GC(261)   Merge Heap Roots: 0.36ms
[2026-04-03T02:36:21.786+0600][54.714s][info][gc,phases      ] GC(261)   Evacuate Collection Set: 4.85ms
[2026-04-03T02:36:21.786+0600][54.714s][info][gc,phases      ] GC(261)   Post Evacuate Collection Set: 0.92ms
[2026-04-03T02:36:21.786+0600][54.714s][info][gc,phases      ] GC(261)   Other: 0.14ms
[2026-04-03T02:36:21.786+0600][54.714s][info][gc,heap        ] GC(261) Eden regions: 259->0(284)
[2026-04-03T02:36:21.786+0600][54.714s][info][gc,heap        ] GC(261) Survivor regions: 7->6(36)
[2026-04-03T02:36:21.786+0600][54.714s][info][gc,heap        ] GC(261) Old regions: 86->87
[2026-04-03T02:36:21.786+0600][54.714s][info][gc,heap        ] GC(261) Humongous regions: 133->8
[2026-04-03T02:36:21.786+0600][54.714s][info][gc,metaspace   ] GC(261) Metaspace: 131535K(132992K)->131535K(132992K) NonClass: 114981K(115712K)->114981K(115712K) Class: 16553K(17280K)->16553K(17280K)
[2026-04-03T02:36:21.786+0600][54.714s][info][gc             ] GC(261) Pause Young (Prepare Mixed) (G1 Evacuation Pause) 482M->98M(492M) 7.045ms
[2026-04-03T02:36:21.786+0600][54.714s][info][gc,cpu         ] GC(261) User=0.03s Sys=0.01s Real=0.01s
[2026-04-03T02:36:22.061+0600][54.989s][info][gc,start       ] GC(262) Pause Young (Mixed) (G1 Evacuation Pause)
[2026-04-03T02:36:22.061+0600][54.989s][info][gc,task        ] GC(262) Using 10 workers of 10 for evacuation
[2026-04-03T02:36:22.066+0600][54.994s][info][gc,phases      ] GC(262)   Pre Evacuate Collection Set: 0.37ms
[2026-04-03T02:36:22.066+0600][54.994s][info][gc,phases      ] GC(262)   Merge Heap Roots: 0.17ms
[2026-04-03T02:36:22.066+0600][54.994s][info][gc,phases      ] GC(262)   Evacuate Collection Set: 3.79ms
[2026-04-03T02:36:22.066+0600][54.994s][info][gc,phases      ] GC(262)   Post Evacuate Collection Set: 0.63ms
[2026-04-03T02:36:22.066+0600][54.994s][info][gc,phases      ] GC(262)   Other: 0.12ms
[2026-04-03T02:36:22.067+0600][54.994s][info][gc,heap        ] GC(262) Eden regions: 217->0(295)
[2026-04-03T02:36:22.067+0600][54.994s][info][gc,heap        ] GC(262) Survivor regions: 6->7(37)
[2026-04-03T02:36:22.067+0600][54.994s][info][gc,heap        ] GC(262) Old regions: 87->86
[2026-04-03T02:36:22.067+0600][54.994s][info][gc,heap        ] GC(262) Humongous regions: 187->8
[2026-04-03T02:36:22.067+0600][54.994s][info][gc,metaspace   ] GC(262) Metaspace: 131539K(132992K)->131539K(132992K) NonClass: 114985K(115712K)->114985K(115712K) Class: 16553K(17280K)->16553K(17280K)
[2026-04-03T02:36:22.067+0600][54.994s][info][gc             ] GC(262) Pause Young (Mixed) (G1 Evacuation Pause) 494M->99M(504M) 5.358ms
[2026-04-03T02:36:22.067+0600][54.995s][info][gc,cpu         ] GC(262) User=0.02s Sys=0.02s Real=0.00s
[2026-04-03T02:36:22.084+0600][55.012s][info][gc,start       ] GC(263) Pause Young (Concurrent Start) (G1 Humongous Allocation)
[2026-04-03T02:36:22.084+0600][55.012s][info][gc,task        ] GC(263) Using 10 workers of 10 for evacuation
[2026-04-03T02:36:22.089+0600][55.016s][info][gc,phases      ] GC(263)   Pre Evacuate Collection Set: 0.68ms
[2026-04-03T02:36:22.089+0600][55.017s][info][gc,phases      ] GC(263)   Merge Heap Roots: 0.19ms
[2026-04-03T02:36:22.089+0600][55.017s][info][gc,phases      ] GC(263)   Evacuate Collection Set: 2.91ms
[2026-04-03T02:36:22.089+0600][55.017s][info][gc,phases      ] GC(263)   Post Evacuate Collection Set: 0.61ms
[2026-04-03T02:36:22.089+0600][55.017s][info][gc,phases      ] GC(263)   Other: 0.18ms
[2026-04-03T02:36:22.089+0600][55.017s][info][gc,heap        ] GC(263) Eden regions: 13->0(295)
[2026-04-03T02:36:22.089+0600][55.017s][info][gc,heap        ] GC(263) Survivor regions: 7->7(38)
[2026-04-03T02:36:22.089+0600][55.017s][info][gc,heap        ] GC(263) Old regions: 86->86
[2026-04-03T02:36:22.089+0600][55.017s][info][gc,heap        ] GC(263) Humongous regions: 8->8
[2026-04-03T02:36:22.089+0600][55.017s][info][gc,metaspace   ] GC(263) Metaspace: 131539K(132992K)->131539K(132992K) NonClass: 114985K(115712K)->114985K(115712K) Class: 16553K(17280K)->16553K(17280K)
[2026-04-03T02:36:22.089+0600][55.017s][info][gc             ] GC(263) Pause Young (Concurrent Start) (G1 Humongous Allocation) 112M->100M(504M) 4.914ms
[2026-04-03T02:36:22.089+0600][55.017s][info][gc             ] GC(264) Concurrent Mark Cycle
[2026-04-03T02:36:22.089+0600][55.017s][info][gc,cpu         ] GC(263) User=0.04s Sys=0.00s Real=0.00s
[2026-04-03T02:36:22.089+0600][55.017s][info][gc,marking     ] GC(264) Concurrent Scan Root Regions
[2026-04-03T02:36:22.092+0600][55.020s][info][gc,marking     ] GC(264) Concurrent Scan Root Regions 2.858ms
[2026-04-03T02:36:22.092+0600][55.020s][info][gc,marking     ] GC(264) Concurrent Mark
[2026-04-03T02:36:22.092+0600][55.020s][info][gc,marking     ] GC(264) Concurrent Mark From Roots
[2026-04-03T02:36:22.092+0600][55.020s][info][gc,task        ] GC(264) Using 3 workers of 3 for marking
[2026-04-03T02:36:22.177+0600][55.105s][info][gc,marking     ] GC(264) Concurrent Mark From Roots 84.734ms
[2026-04-03T02:36:22.177+0600][55.105s][info][gc,marking     ] GC(264) Concurrent Preclean
[2026-04-03T02:36:22.177+0600][55.105s][info][gc,marking     ] GC(264) Concurrent Preclean 0.538ms
[2026-04-03T02:36:22.178+0600][55.105s][info][gc,start       ] GC(264) Pause Remark
[2026-04-03T02:36:22.187+0600][55.115s][info][gc             ] GC(264) Pause Remark 196M->196M(477M) 9.448ms
[2026-04-03T02:36:22.187+0600][55.115s][info][gc,cpu         ] GC(264) User=0.07s Sys=0.00s Real=0.01s
[2026-04-03T02:36:22.189+0600][55.117s][info][gc,marking     ] GC(264) Concurrent Mark 97.014ms
[2026-04-03T02:36:22.189+0600][55.117s][info][gc,marking     ] GC(264) Concurrent Rebuild Remembered Sets and Scrub Regions
[2026-04-03T02:36:22.219+0600][55.147s][info][gc,marking     ] GC(264) Concurrent Rebuild Remembered Sets and Scrub Regions 30.310ms
[2026-04-03T02:36:22.220+0600][55.148s][info][gc,start       ] GC(264) Pause Cleanup
[2026-04-03T02:36:22.223+0600][55.151s][info][gc             ] GC(264) Pause Cleanup 232M->232M(477M) 2.741ms
[2026-04-03T02:36:22.223+0600][55.151s][info][gc,cpu         ] GC(264) User=0.00s Sys=0.00s Real=0.00s
[2026-04-03T02:36:22.223+0600][55.151s][info][gc,marking     ] GC(264) Concurrent Clear Claimed Marks
[2026-04-03T02:36:22.224+0600][55.152s][info][gc,marking     ] GC(264) Concurrent Clear Claimed Marks 0.381ms
[2026-04-03T02:36:22.224+0600][55.152s][info][gc,marking     ] GC(264) Concurrent Cleanup for Next Mark
[2026-04-03T02:36:22.226+0600][55.154s][info][gc,marking     ] GC(264) Concurrent Cleanup for Next Mark 2.268ms
[2026-04-03T02:36:22.226+0600][55.154s][info][gc             ] GC(264) Concurrent Mark Cycle 137.237ms
[2026-04-03T02:36:22.404+0600][55.332s][info][gc,start       ] GC(265) Pause Young (Prepare Mixed) (G1 Evacuation Pause)
[2026-04-03T02:36:22.404+0600][55.332s][info][gc,task        ] GC(265) Using 10 workers of 10 for evacuation
[2026-04-03T02:36:22.408+0600][55.336s][info][gc,phases      ] GC(265)   Pre Evacuate Collection Set: 0.24ms
[2026-04-03T02:36:22.409+0600][55.336s][info][gc,phases      ] GC(265)   Merge Heap Roots: 0.14ms
[2026-04-03T02:36:22.409+0600][55.336s][info][gc,phases      ] GC(265)   Evacuate Collection Set: 3.38ms
[2026-04-03T02:36:22.409+0600][55.336s][info][gc,phases      ] GC(265)   Post Evacuate Collection Set: 0.62ms
[2026-04-03T02:36:22.409+0600][55.336s][info][gc,phases      ] GC(265)   Other: 0.09ms
[2026-04-03T02:36:22.409+0600][55.336s][info][gc,heap        ] GC(265) Eden regions: 213->0(287)
[2026-04-03T02:36:22.409+0600][55.336s][info][gc,heap        ] GC(265) Survivor regions: 7->7(37)
[2026-04-03T02:36:22.409+0600][55.336s][info][gc,heap        ] GC(265) Old regions: 86->87
[2026-04-03T02:36:22.409+0600][55.336s][info][gc,heap        ] GC(265) Humongous regions: 176->8
[2026-04-03T02:36:22.409+0600][55.336s][info][gc,metaspace   ] GC(265) Metaspace: 131543K(132992K)->131543K(132992K) NonClass: 114990K(115712K)->114990K(115712K) Class: 16553K(17280K)->16553K(17280K)
[2026-04-03T02:36:22.409+0600][55.336s][info][gc             ] GC(265) Pause Young (Prepare Mixed) (G1 Evacuation Pause) 481M->100M(490M) 4.736ms
[2026-04-03T02:36:22.409+0600][55.337s][info][gc,cpu         ] GC(265) User=0.02s Sys=0.02s Real=0.00s
[2026-04-03T02:36:22.897+0600][55.825s][info][gc,start       ] GC(266) Pause Young (Mixed) (G1 Evacuation Pause)
[2026-04-03T02:36:22.897+0600][55.825s][info][gc,task        ] GC(266) Using 10 workers of 10 for evacuation
[2026-04-03T02:36:22.903+0600][55.831s][info][gc,phases      ] GC(266)   Pre Evacuate Collection Set: 0.37ms
[2026-04-03T02:36:22.903+0600][55.831s][info][gc,phases      ] GC(266)   Merge Heap Roots: 0.24ms
[2026-04-03T02:36:22.903+0600][55.831s][info][gc,phases      ] GC(266)   Evacuate Collection Set: 4.03ms
[2026-04-03T02:36:22.903+0600][55.831s][info][gc,phases      ] GC(266)   Post Evacuate Collection Set: 0.83ms
[2026-04-03T02:36:22.903+0600][55.831s][info][gc,phases      ] GC(266)   Other: 0.11ms
[2026-04-03T02:36:22.903+0600][55.831s][info][gc,heap        ] GC(266) Eden regions: 273->0(290)
[2026-04-03T02:36:22.903+0600][55.831s][info][gc,heap        ] GC(266) Survivor regions: 7->8(37)
[2026-04-03T02:36:22.903+0600][55.831s][info][gc,heap        ] GC(266) Old regions: 87->86
[2026-04-03T02:36:22.903+0600][55.831s][info][gc,heap        ] GC(266) Humongous regions: 123->8
[2026-04-03T02:36:22.903+0600][55.831s][info][gc,metaspace   ] GC(266) Metaspace: 131558K(132992K)->131558K(132992K) NonClass: 115005K(115712K)->115005K(115712K) Class: 16553K(17280K)->16553K(17280K)
[2026-04-03T02:36:22.903+0600][55.831s][info][gc             ] GC(266) Pause Young (Mixed) (G1 Evacuation Pause) 488M->100M(498M) 5.862ms
[2026-04-03T02:36:22.903+0600][55.831s][info][gc,cpu         ] GC(266) User=0.03s Sys=0.02s Real=0.01s
[2026-04-03T02:36:22.912+0600][55.839s][info][gc,start       ] GC(267) Pause Young (Concurrent Start) (GCLocker Initiated GC)
[2026-04-03T02:36:22.912+0600][55.840s][info][gc,task        ] GC(267) Using 10 workers of 10 for evacuation
[2026-04-03T02:36:22.916+0600][55.843s][info][gc,phases      ] GC(267)   Pre Evacuate Collection Set: 0.70ms
[2026-04-03T02:36:22.916+0600][55.844s][info][gc,phases      ] GC(267)   Merge Heap Roots: 0.15ms
[2026-04-03T02:36:22.916+0600][55.844s][info][gc,phases      ] GC(267)   Evacuate Collection Set: 2.39ms
[2026-04-03T02:36:22.916+0600][55.844s][info][gc,phases      ] GC(267)   Post Evacuate Collection Set: 0.54ms
[2026-04-03T02:36:22.916+0600][55.844s][info][gc,phases      ] GC(267)   Other: 0.16ms
[2026-04-03T02:36:22.916+0600][55.844s][info][gc,heap        ] GC(267) Eden regions: 14->0(291)
[2026-04-03T02:36:22.916+0600][55.844s][info][gc,heap        ] GC(267) Survivor regions: 8->7(38)
[2026-04-03T02:36:22.916+0600][55.844s][info][gc,heap        ] GC(267) Old regions: 86->86
[2026-04-03T02:36:22.916+0600][55.844s][info][gc,heap        ] GC(267) Humongous regions: 8->8
[2026-04-03T02:36:22.916+0600][55.844s][info][gc,metaspace   ] GC(267) Metaspace: 131558K(132992K)->131558K(132992K) NonClass: 115005K(115712K)->115005K(115712K) Class: 16553K(17280K)->16553K(17280K)
[2026-04-03T02:36:22.916+0600][55.844s][info][gc             ] GC(267) Pause Young (Concurrent Start) (GCLocker Initiated GC) 113M->99M(498M) 4.282ms
[2026-04-03T02:36:22.916+0600][55.844s][info][gc             ] GC(268) Concurrent Mark Cycle
[2026-04-03T02:36:22.916+0600][55.844s][info][gc,cpu         ] GC(267) User=0.03s Sys=0.01s Real=0.00s
[2026-04-03T02:36:22.916+0600][55.844s][info][gc,marking     ] GC(268) Concurrent Scan Root Regions
[2026-04-03T02:36:22.919+0600][55.847s][info][gc,marking     ] GC(268) Concurrent Scan Root Regions 3.199ms
[2026-04-03T02:36:22.919+0600][55.847s][info][gc,marking     ] GC(268) Concurrent Mark
[2026-04-03T02:36:22.919+0600][55.847s][info][gc,marking     ] GC(268) Concurrent Mark From Roots
[2026-04-03T02:36:22.919+0600][55.847s][info][gc,task        ] GC(268) Using 3 workers of 3 for marking
[2026-04-03T02:36:22.998+0600][55.926s][info][gc,marking     ] GC(268) Concurrent Mark From Roots 78.513ms
[2026-04-03T02:36:22.998+0600][55.926s][info][gc,marking     ] GC(268) Concurrent Preclean
[2026-04-03T02:36:22.998+0600][55.926s][info][gc,marking     ] GC(268) Concurrent Preclean 0.406ms
[2026-04-03T02:36:22.999+0600][55.927s][info][gc,start       ] GC(268) Pause Remark
[2026-04-03T02:36:23.008+0600][55.936s][info][gc             ] GC(268) Pause Remark 182M->182M(477M) 9.764ms
[2026-04-03T02:36:23.009+0600][55.936s][info][gc,cpu         ] GC(268) User=0.07s Sys=0.00s Real=0.01s
[2026-04-03T02:36:23.009+0600][55.937s][info][gc,marking     ] GC(268) Concurrent Mark 89.494ms
[2026-04-03T02:36:23.009+0600][55.937s][info][gc,marking     ] GC(268) Concurrent Rebuild Remembered Sets and Scrub Regions
[2026-04-03T02:36:23.043+0600][55.971s][info][gc,marking     ] GC(268) Concurrent Rebuild Remembered Sets and Scrub Regions 33.981ms
[2026-04-03T02:36:23.043+0600][55.971s][info][gc,start       ] GC(268) Pause Cleanup
[2026-04-03T02:36:23.044+0600][55.971s][info][gc             ] GC(268) Pause Cleanup 224M->224M(477M) 0.304ms
[2026-04-03T02:36:23.044+0600][55.972s][info][gc,cpu         ] GC(268) User=0.00s Sys=0.00s Real=0.00s
[2026-04-03T02:36:23.044+0600][55.972s][info][gc,marking     ] GC(268) Concurrent Clear Claimed Marks
[2026-04-03T02:36:23.045+0600][55.972s][info][gc,marking     ] GC(268) Concurrent Clear Claimed Marks 0.382ms
[2026-04-03T02:36:23.045+0600][55.972s][info][gc,marking     ] GC(268) Concurrent Cleanup for Next Mark
[2026-04-03T02:36:23.046+0600][55.973s][info][gc,marking     ] GC(268) Concurrent Cleanup for Next Mark 1.052ms
[2026-04-03T02:36:23.046+0600][55.974s][info][gc             ] GC(268) Concurrent Mark Cycle 129.718ms
[2026-04-03T02:36:23.238+0600][56.165s][info][gc,start       ] GC(269) Pause Young (Prepare Mixed) (GCLocker Initiated GC)
[2026-04-03T02:36:23.238+0600][56.166s][info][gc,task        ] GC(269) Using 10 workers of 10 for evacuation
[2026-04-03T02:36:23.245+0600][56.173s][info][gc,phases      ] GC(269)   Pre Evacuate Collection Set: 0.41ms
[2026-04-03T02:36:23.245+0600][56.173s][info][gc,phases      ] GC(269)   Merge Heap Roots: 0.26ms
[2026-04-03T02:36:23.245+0600][56.173s][info][gc,phases      ] GC(269)   Evacuate Collection Set: 5.36ms
[2026-04-03T02:36:23.245+0600][56.173s][info][gc,phases      ] GC(269)   Post Evacuate Collection Set: 0.85ms
[2026-04-03T02:36:23.245+0600][56.173s][info][gc,phases      ] GC(269)   Other: 0.16ms
[2026-04-03T02:36:23.245+0600][56.173s][info][gc,heap        ] GC(269) Eden regions: 208->0(283)
[2026-04-03T02:36:23.245+0600][56.173s][info][gc,heap        ] GC(269) Survivor regions: 7->8(36)
[2026-04-03T02:36:23.245+0600][56.173s][info][gc,heap        ] GC(269) Old regions: 86->87
[2026-04-03T02:36:23.245+0600][56.173s][info][gc,heap        ] GC(269) Humongous regions: 176->8
[2026-04-03T02:36:23.245+0600][56.173s][info][gc,metaspace   ] GC(269) Metaspace: 131558K(132992K)->131558K(132992K) NonClass: 115005K(115712K)->115005K(115712K) Class: 16553K(17280K)->16553K(17280K)
[2026-04-03T02:36:23.245+0600][56.173s][info][gc             ] GC(269) Pause Young (Prepare Mixed) (GCLocker Initiated GC) 475M->100M(486M) 7.415ms
[2026-04-03T02:36:23.245+0600][56.173s][info][gc,cpu         ] GC(269) User=0.04s Sys=0.01s Real=0.01s
[2026-04-03T02:36:23.527+0600][56.455s][info][gc,start       ] GC(270) Pause Young (Mixed) (G1 Evacuation Pause)
[2026-04-03T02:36:23.527+0600][56.455s][info][gc,task        ] GC(270) Using 10 workers of 10 for evacuation
[2026-04-03T02:36:23.535+0600][56.462s][info][gc,phases      ] GC(270)   Pre Evacuate Collection Set: 0.54ms
[2026-04-03T02:36:23.535+0600][56.462s][info][gc,phases      ] GC(270)   Merge Heap Roots: 0.27ms
[2026-04-03T02:36:23.535+0600][56.462s][info][gc,phases      ] GC(270)   Evacuate Collection Set: 5.34ms
[2026-04-03T02:36:23.535+0600][56.462s][info][gc,phases      ] GC(270)   Post Evacuate Collection Set: 0.84ms
[2026-04-03T02:36:23.535+0600][56.462s][info][gc,phases      ] GC(270)   Other: 0.13ms
[2026-04-03T02:36:23.535+0600][56.463s][info][gc,heap        ] GC(270) Eden regions: 215->0(288)
[2026-04-03T02:36:23.535+0600][56.463s][info][gc,heap        ] GC(270) Survivor regions: 8->9(37)
[2026-04-03T02:36:23.535+0600][56.463s][info][gc,heap        ] GC(270) Old regions: 87->85
[2026-04-03T02:36:23.535+0600][56.463s][info][gc,heap        ] GC(270) Humongous regions: 176->8
[2026-04-03T02:36:23.535+0600][56.463s][info][gc,metaspace   ] GC(270) Metaspace: 131558K(132992K)->131558K(132992K) NonClass: 115005K(115712K)->115005K(115712K) Class: 16553K(17280K)->16553K(17280K)
[2026-04-03T02:36:23.535+0600][56.463s][info][gc             ] GC(270) Pause Young (Mixed) (G1 Evacuation Pause) 483M->99M(495M) 7.449ms
[2026-04-03T02:36:23.535+0600][56.463s][info][gc,cpu         ] GC(270) User=0.04s Sys=0.02s Real=0.01s
[2026-04-03T02:36:23.545+0600][56.473s][info][gc,start       ] GC(271) Pause Young (Concurrent Start) (G1 Humongous Allocation)
[2026-04-03T02:36:23.545+0600][56.473s][info][gc,task        ] GC(271) Using 10 workers of 10 for evacuation
[2026-04-03T02:36:23.550+0600][56.478s][info][gc,phases      ] GC(271)   Pre Evacuate Collection Set: 0.46ms
[2026-04-03T02:36:23.550+0600][56.478s][info][gc,phases      ] GC(271)   Merge Heap Roots: 0.17ms
[2026-04-03T02:36:23.550+0600][56.478s][info][gc,phases      ] GC(271)   Evacuate Collection Set: 3.43ms
[2026-04-03T02:36:23.550+0600][56.478s][info][gc,phases      ] GC(271)   Post Evacuate Collection Set: 0.68ms
[2026-04-03T02:36:23.550+0600][56.478s][info][gc,phases      ] GC(271)   Other: 0.18ms
[2026-04-03T02:36:23.550+0600][56.478s][info][gc,heap        ] GC(271) Eden regions: 13->0(289)
[2026-04-03T02:36:23.550+0600][56.478s][info][gc,heap        ] GC(271) Survivor regions: 9->8(38)
[2026-04-03T02:36:23.550+0600][56.478s][info][gc,heap        ] GC(271) Old regions: 85->85
[2026-04-03T02:36:23.550+0600][56.478s][info][gc,heap        ] GC(271) Humongous regions: 8->8
[2026-04-03T02:36:23.550+0600][56.478s][info][gc,metaspace   ] GC(271) Metaspace: 131558K(132992K)->131558K(132992K) NonClass: 115005K(115712K)->115005K(115712K) Class: 16553K(17280K)->16553K(17280K)
[2026-04-03T02:36:23.550+0600][56.478s][info][gc             ] GC(271) Pause Young (Concurrent Start) (G1 Humongous Allocation) 112M->99M(495M) 5.231ms
[2026-04-03T02:36:23.550+0600][56.478s][info][gc             ] GC(272) Concurrent Mark Cycle
[2026-04-03T02:36:23.550+0600][56.478s][info][gc,cpu         ] GC(271) User=0.03s Sys=0.01s Real=0.01s
[2026-04-03T02:36:23.550+0600][56.478s][info][gc,marking     ] GC(272) Concurrent Scan Root Regions
[2026-04-03T02:36:23.554+0600][56.481s][info][gc,marking     ] GC(272) Concurrent Scan Root Regions 3.185ms
[2026-04-03T02:36:23.554+0600][56.481s][info][gc,marking     ] GC(272) Concurrent Mark
[2026-04-03T02:36:23.554+0600][56.481s][info][gc,marking     ] GC(272) Concurrent Mark From Roots
[2026-04-03T02:36:23.554+0600][56.481s][info][gc,task        ] GC(272) Using 3 workers of 3 for marking
[2026-04-03T02:36:23.633+0600][56.561s][info][gc,marking     ] GC(272) Concurrent Mark From Roots 79.778ms
[2026-04-03T02:36:23.634+0600][56.561s][info][gc,marking     ] GC(272) Concurrent Preclean
[2026-04-03T02:36:23.634+0600][56.562s][info][gc,marking     ] GC(272) Concurrent Preclean 0.393ms
[2026-04-03T02:36:23.634+0600][56.562s][info][gc,start       ] GC(272) Pause Remark
[2026-04-03T02:36:23.644+0600][56.571s][info][gc             ] GC(272) Pause Remark 179M->179M(477M) 9.309ms
[2026-04-03T02:36:23.644+0600][56.572s][info][gc,cpu         ] GC(272) User=0.07s Sys=0.00s Real=0.01s
[2026-04-03T02:36:23.644+0600][56.572s][info][gc,marking     ] GC(272) Concurrent Mark 90.671ms
[2026-04-03T02:36:23.644+0600][56.572s][info][gc,marking     ] GC(272) Concurrent Rebuild Remembered Sets and Scrub Regions
[2026-04-03T02:36:23.681+0600][56.609s][info][gc,marking     ] GC(272) Concurrent Rebuild Remembered Sets and Scrub Regions 36.457ms
[2026-04-03T02:36:23.681+0600][56.609s][info][gc,start       ] GC(272) Pause Cleanup
[2026-04-03T02:36:23.682+0600][56.609s][info][gc             ] GC(272) Pause Cleanup 220M->220M(477M) 0.362ms
[2026-04-03T02:36:23.682+0600][56.609s][info][gc,cpu         ] GC(272) User=0.00s Sys=0.00s Real=0.00s
[2026-04-03T02:36:23.682+0600][56.610s][info][gc,marking     ] GC(272) Concurrent Clear Claimed Marks
[2026-04-03T02:36:23.682+0600][56.610s][info][gc,marking     ] GC(272) Concurrent Clear Claimed Marks 0.408ms
[2026-04-03T02:36:23.682+0600][56.610s][info][gc,marking     ] GC(272) Concurrent Cleanup for Next Mark
[2026-04-03T02:36:23.683+0600][56.611s][info][gc,marking     ] GC(272) Concurrent Cleanup for Next Mark 1.372ms
[2026-04-03T02:36:23.684+0600][56.611s][info][gc             ] GC(272) Concurrent Mark Cycle 133.295ms
[2026-04-03T02:36:23.927+0600][56.855s][info][gc,start       ] GC(273) Pause Young (Prepare Mixed) (G1 Evacuation Pause)
[2026-04-03T02:36:23.927+0600][56.855s][info][gc,task        ] GC(273) Using 10 workers of 10 for evacuation
[2026-04-03T02:36:23.934+0600][56.862s][info][gc,phases      ] GC(273)   Pre Evacuate Collection Set: 0.38ms
[2026-04-03T02:36:23.934+0600][56.862s][info][gc,phases      ] GC(273)   Merge Heap Roots: 0.22ms
[2026-04-03T02:36:23.934+0600][56.862s][info][gc,phases      ] GC(273)   Evacuate Collection Set: 5.11ms
[2026-04-03T02:36:23.934+0600][56.862s][info][gc,phases      ] GC(273)   Post Evacuate Collection Set: 0.88ms
[2026-04-03T02:36:23.934+0600][56.862s][info][gc,phases      ] GC(273)   Other: 0.12ms
[2026-04-03T02:36:23.934+0600][56.862s][info][gc,heap        ] GC(273) Eden regions: 230->0(283)
[2026-04-03T02:36:23.934+0600][56.862s][info][gc,heap        ] GC(273) Survivor regions: 8->9(36)
[2026-04-03T02:36:23.934+0600][56.862s][info][gc,heap        ] GC(273) Old regions: 85->86
[2026-04-03T02:36:23.934+0600][56.862s][info][gc,heap        ] GC(273) Humongous regions: 154->8
[2026-04-03T02:36:23.934+0600][56.862s][info][gc,metaspace   ] GC(273) Metaspace: 131566K(132992K)->131566K(132992K) NonClass: 115011K(115712K)->115011K(115712K) Class: 16554K(17280K)->16554K(17280K)
[2026-04-03T02:36:23.934+0600][56.862s][info][gc             ] GC(273) Pause Young (Prepare Mixed) (G1 Evacuation Pause) 475M->101M(487M) 7.063ms
[2026-04-03T02:36:23.934+0600][56.862s][info][gc,cpu         ] GC(273) User=0.04s Sys=0.01s Real=0.01s
[2026-04-03T02:36:24.207+0600][57.135s][info][gc,start       ] GC(274) Pause Young (Mixed) (G1 Evacuation Pause)
[2026-04-03T02:36:24.207+0600][57.135s][info][gc,task        ] GC(274) Using 10 workers of 10 for evacuation
[2026-04-03T02:36:24.211+0600][57.139s][info][gc,phases      ] GC(274)   Pre Evacuate Collection Set: 0.29ms
[2026-04-03T02:36:24.212+0600][57.139s][info][gc,phases      ] GC(274)   Merge Heap Roots: 0.17ms
[2026-04-03T02:36:24.212+0600][57.139s][info][gc,phases      ] GC(274)   Evacuate Collection Set: 3.38ms
[2026-04-03T02:36:24.212+0600][57.139s][info][gc,phases      ] GC(274)   Post Evacuate Collection Set: 0.74ms
[2026-04-03T02:36:24.212+0600][57.139s][info][gc,phases      ] GC(274)   Other: 0.10ms
[2026-04-03T02:36:24.212+0600][57.139s][info][gc,heap        ] GC(274) Eden regions: 240->0(348)
[2026-04-03T02:36:24.212+0600][57.139s][info][gc,heap        ] GC(274) Survivor regions: 9->9(37)
[2026-04-03T02:36:24.212+0600][57.139s][info][gc,heap        ] GC(274) Old regions: 86->85
[2026-04-03T02:36:24.212+0600][57.139s][info][gc,heap        ] GC(274) Humongous regions: 252->18
[2026-04-03T02:36:24.212+0600][57.139s][info][gc,metaspace   ] GC(274) Metaspace: 131566K(132992K)->131566K(132992K) NonClass: 115012K(115712K)->115012K(115712K) Class: 16554K(17280K)->16554K(17280K)
[2026-04-03T02:36:24.212+0600][57.140s][info][gc             ] GC(274) Pause Young (Mixed) (G1 Evacuation Pause) 585M->110M(596M) 5.021ms
[2026-04-03T02:36:24.212+0600][57.140s][info][gc,cpu         ] GC(274) User=0.03s Sys=0.01s Real=0.01s
[2026-04-03T02:36:24.217+0600][57.145s][info][gc,start       ] GC(275) Pause Young (Concurrent Start) (G1 Humongous Allocation)
[2026-04-03T02:36:24.217+0600][57.145s][info][gc,task        ] GC(275) Using 10 workers of 10 for evacuation
[2026-04-03T02:36:24.221+0600][57.148s][info][gc,phases      ] GC(275)   Pre Evacuate Collection Set: 0.39ms
[2026-04-03T02:36:24.221+0600][57.148s][info][gc,phases      ] GC(275)   Merge Heap Roots: 0.11ms
[2026-04-03T02:36:24.221+0600][57.148s][info][gc,phases      ] GC(275)   Evacuate Collection Set: 2.22ms
[2026-04-03T02:36:24.221+0600][57.148s][info][gc,phases      ] GC(275)   Post Evacuate Collection Set: 0.51ms
[2026-04-03T02:36:24.221+0600][57.149s][info][gc,phases      ] GC(275)   Other: 0.10ms
[2026-04-03T02:36:24.221+0600][57.149s][info][gc,heap        ] GC(275) Eden regions: 7->0(347)
[2026-04-03T02:36:24.221+0600][57.149s][info][gc,heap        ] GC(275) Survivor regions: 9->10(45)
[2026-04-03T02:36:24.221+0600][57.149s][info][gc,heap        ] GC(275) Old regions: 85->85
[2026-04-03T02:36:24.221+0600][57.149s][info][gc,heap        ] GC(275) Humongous regions: 83->13
[2026-04-03T02:36:24.221+0600][57.149s][info][gc,metaspace   ] GC(275) Metaspace: 131566K(132992K)->131566K(132992K) NonClass: 115012K(115712K)->115012K(115712K) Class: 16554K(17280K)->16554K(17280K)
[2026-04-03T02:36:24.221+0600][57.149s][info][gc             ] GC(275) Pause Young (Concurrent Start) (G1 Humongous Allocation) 182M->106M(596M) 3.661ms
[2026-04-03T02:36:24.221+0600][57.149s][info][gc             ] GC(276) Concurrent Undo Cycle
[2026-04-03T02:36:24.221+0600][57.149s][info][gc,cpu         ] GC(275) User=0.02s Sys=0.00s Real=0.01s
[2026-04-03T02:36:24.221+0600][57.149s][info][gc,marking     ] GC(276) Concurrent Clear Claimed Marks
[2026-04-03T02:36:24.221+0600][57.149s][info][gc,marking     ] GC(276) Concurrent Clear Claimed Marks 0.262ms
[2026-04-03T02:36:24.221+0600][57.149s][info][gc,marking     ] GC(276) Concurrent Cleanup for Next Mark
[2026-04-03T02:36:24.222+0600][57.149s][info][gc,marking     ] GC(276) Concurrent Cleanup for Next Mark 0.343ms
[2026-04-03T02:36:24.222+0600][57.150s][info][gc             ] GC(276) Concurrent Undo Cycle 0.911ms
[2026-04-03T02:36:24.222+0600][57.150s][info][gc,start       ] GC(277) Pause Young (Concurrent Start) (G1 Humongous Allocation)
[2026-04-03T02:36:24.222+0600][57.150s][info][gc,task        ] GC(277) Using 10 workers of 10 for evacuation
[2026-04-03T02:36:24.226+0600][57.154s][info][gc,phases      ] GC(277)   Pre Evacuate Collection Set: 0.32ms
[2026-04-03T02:36:24.226+0600][57.154s][info][gc,phases      ] GC(277)   Merge Heap Roots: 0.08ms
[2026-04-03T02:36:24.226+0600][57.154s][info][gc,phases      ] GC(277)   Evacuate Collection Set: 2.43ms
[2026-04-03T02:36:24.226+0600][57.154s][info][gc,phases      ] GC(277)   Post Evacuate Collection Set: 0.53ms
[2026-04-03T02:36:24.226+0600][57.154s][info][gc,phases      ] GC(277)   Other: 0.11ms
[2026-04-03T02:36:24.226+0600][57.154s][info][gc,heap        ] GC(277) Eden regions: 3->0(347)
[2026-04-03T02:36:24.226+0600][57.154s][info][gc,heap        ] GC(277) Survivor regions: 10->10(45)
[2026-04-03T02:36:24.226+0600][57.154s][info][gc,heap        ] GC(277) Old regions: 85->86
[2026-04-03T02:36:24.226+0600][57.154s][info][gc,heap        ] GC(277) Humongous regions: 28->18
[2026-04-03T02:36:24.226+0600][57.154s][info][gc,metaspace   ] GC(277) Metaspace: 131566K(132992K)->131566K(132992K) NonClass: 115012K(115712K)->115012K(115712K) Class: 16554K(17280K)->16554K(17280K)
[2026-04-03T02:36:24.226+0600][57.154s][info][gc             ] GC(277) Pause Young (Concurrent Start) (G1 Humongous Allocation) 123M->112M(596M) 3.764ms
[2026-04-03T02:36:24.226+0600][57.154s][info][gc             ] GC(278) Concurrent Undo Cycle
[2026-04-03T02:36:24.226+0600][57.154s][info][gc,cpu         ] GC(277) User=0.03s Sys=0.00s Real=0.00s
[2026-04-03T02:36:24.226+0600][57.154s][info][gc,marking     ] GC(278) Concurrent Clear Claimed Marks
[2026-04-03T02:36:24.227+0600][57.155s][info][gc,marking     ] GC(278) Concurrent Clear Claimed Marks 0.351ms
[2026-04-03T02:36:24.227+0600][57.155s][info][gc,marking     ] GC(278) Concurrent Cleanup for Next Mark
[2026-04-03T02:36:24.227+0600][57.155s][info][gc,marking     ] GC(278) Concurrent Cleanup for Next Mark 0.319ms
[2026-04-03T02:36:24.227+0600][57.155s][info][gc             ] GC(278) Concurrent Undo Cycle 0.913ms
[2026-04-03T02:36:24.228+0600][57.155s][info][gc,start       ] GC(279) Pause Young (Concurrent Start) (G1 Humongous Allocation)
[2026-04-03T02:36:24.228+0600][57.155s][info][gc,task        ] GC(279) Using 10 workers of 10 for evacuation
[2026-04-03T02:36:24.231+0600][57.159s][info][gc,phases      ] GC(279)   Pre Evacuate Collection Set: 0.31ms
[2026-04-03T02:36:24.231+0600][57.159s][info][gc,phases      ] GC(279)   Merge Heap Roots: 0.08ms
[2026-04-03T02:36:24.231+0600][57.159s][info][gc,phases      ] GC(279)   Evacuate Collection Set: 2.37ms
[2026-04-03T02:36:24.231+0600][57.159s][info][gc,phases      ] GC(279)   Post Evacuate Collection Set: 0.60ms
[2026-04-03T02:36:24.231+0600][57.159s][info][gc,phases      ] GC(279)   Other: 0.10ms
[2026-04-03T02:36:24.231+0600][57.159s][info][gc,heap        ] GC(279) Eden regions: 3->0(348)
[2026-04-03T02:36:24.231+0600][57.159s][info][gc,heap        ] GC(279) Survivor regions: 10->9(45)
[2026-04-03T02:36:24.231+0600][57.159s][info][gc,heap        ] GC(279) Old regions: 86->87
[2026-04-03T02:36:24.231+0600][57.159s][info][gc,heap        ] GC(279) Humongous regions: 23->13
[2026-04-03T02:36:24.231+0600][57.159s][info][gc,metaspace   ] GC(279) Metaspace: 131566K(132992K)->131566K(132992K) NonClass: 115012K(115712K)->115012K(115712K) Class: 16554K(17280K)->16554K(17280K)
[2026-04-03T02:36:24.231+0600][57.159s][info][gc             ] GC(279) Pause Young (Concurrent Start) (G1 Humongous Allocation) 119M->106M(596M) 3.693ms
[2026-04-03T02:36:24.231+0600][57.159s][info][gc             ] GC(280) Concurrent Mark Cycle
[2026-04-03T02:36:24.231+0600][57.159s][info][gc,cpu         ] GC(279) User=0.02s Sys=0.00s Real=0.01s
[2026-04-03T02:36:24.231+0600][57.159s][info][gc,marking     ] GC(280) Concurrent Scan Root Regions
[2026-04-03T02:36:24.234+0600][57.162s][info][gc,marking     ] GC(280) Concurrent Scan Root Regions 2.589ms
[2026-04-03T02:36:24.234+0600][57.162s][info][gc,marking     ] GC(280) Concurrent Mark
[2026-04-03T02:36:24.234+0600][57.162s][info][gc,marking     ] GC(280) Concurrent Mark From Roots
[2026-04-03T02:36:24.234+0600][57.162s][info][gc,task        ] GC(280) Using 3 workers of 3 for marking
[2026-04-03T02:36:24.319+0600][57.247s][info][gc,marking     ] GC(280) Concurrent Mark From Roots 85.186ms
[2026-04-03T02:36:24.319+0600][57.247s][info][gc,marking     ] GC(280) Concurrent Preclean
[2026-04-03T02:36:24.320+0600][57.248s][info][gc,marking     ] GC(280) Concurrent Preclean 0.289ms
[2026-04-03T02:36:24.320+0600][57.248s][info][gc,start       ] GC(280) Pause Remark
[2026-04-03T02:36:24.328+0600][57.256s][info][gc             ] GC(280) Pause Remark 245M->245M(596M) 7.995ms
[2026-04-03T02:36:24.328+0600][57.256s][info][gc,cpu         ] GC(280) User=0.06s Sys=0.00s Real=0.00s
[2026-04-03T02:36:24.329+0600][57.256s][info][gc,marking     ] GC(280) Concurrent Mark 94.462ms
[2026-04-03T02:36:24.329+0600][57.257s][info][gc,marking     ] GC(280) Concurrent Rebuild Remembered Sets and Scrub Regions
[2026-04-03T02:36:24.367+0600][57.294s][info][gc,marking     ] GC(280) Concurrent Rebuild Remembered Sets and Scrub Regions 37.899ms
[2026-04-03T02:36:24.367+0600][57.295s][info][gc,start       ] GC(280) Pause Cleanup
[2026-04-03T02:36:24.367+0600][57.295s][info][gc             ] GC(280) Pause Cleanup 590M->590M(596M) 0.376ms
[2026-04-03T02:36:24.367+0600][57.295s][info][gc,cpu         ] GC(280) User=0.00s Sys=0.00s Real=0.00s
[2026-04-03T02:36:24.368+0600][57.295s][info][gc,marking     ] GC(280) Concurrent Clear Claimed Marks
[2026-04-03T02:36:24.368+0600][57.296s][info][gc,marking     ] GC(280) Concurrent Clear Claimed Marks 0.472ms
[2026-04-03T02:36:24.368+0600][57.296s][info][gc,marking     ] GC(280) Concurrent Cleanup for Next Mark
[2026-04-03T02:36:24.370+0600][57.298s][info][gc,marking     ] GC(280) Concurrent Cleanup for Next Mark 1.644ms
[2026-04-03T02:36:24.370+0600][57.298s][info][gc             ] GC(280) Concurrent Mark Cycle 138.462ms
[2026-04-03T02:36:24.386+0600][57.314s][info][gc,start       ] GC(281) Pause Young (Prepare Mixed) (G1 Evacuation Pause)
[2026-04-03T02:36:24.386+0600][57.314s][info][gc,task        ] GC(281) Using 10 workers of 10 for evacuation
[2026-04-03T02:36:24.389+0600][57.317s][info][gc,phases      ] GC(281)   Pre Evacuate Collection Set: 0.28ms
[2026-04-03T02:36:24.389+0600][57.317s][info][gc,phases      ] GC(281)   Merge Heap Roots: 0.20ms
[2026-04-03T02:36:24.389+0600][57.317s][info][gc,phases      ] GC(281)   Evacuate Collection Set: 2.07ms
[2026-04-03T02:36:24.389+0600][57.317s][info][gc,phases      ] GC(281)   Post Evacuate Collection Set: 0.71ms
[2026-04-03T02:36:24.389+0600][57.317s][info][gc,phases      ] GC(281)   Other: 0.08ms
[2026-04-03T02:36:24.389+0600][57.317s][info][gc,heap        ] GC(281) Eden regions: 67->0(360)
[2026-04-03T02:36:24.389+0600][57.317s][info][gc,heap        ] GC(281) Survivor regions: 9->4(45)
[2026-04-03T02:36:24.389+0600][57.317s][info][gc,heap        ] GC(281) Old regions: 87->87
[2026-04-03T02:36:24.389+0600][57.317s][info][gc,heap        ] GC(281) Humongous regions: 440->8
[2026-04-03T02:36:24.389+0600][57.317s][info][gc,metaspace   ] GC(281) Metaspace: 131578K(132992K)->131578K(132992K) NonClass: 115024K(115712K)->115024K(115712K) Class: 16554K(17280K)->16554K(17280K)
[2026-04-03T02:36:24.389+0600][57.317s][info][gc             ] GC(281) Pause Young (Prepare Mixed) (G1 Evacuation Pause) 600M->97M(607M) 3.617ms
[2026-04-03T02:36:24.389+0600][57.317s][info][gc,cpu         ] GC(281) User=0.02s Sys=0.01s Real=0.00s
[2026-04-03T02:36:24.920+0600][57.848s][info][gc,start       ] GC(282) Pause Young (Mixed) (G1 Evacuation Pause)
[2026-04-03T02:36:24.920+0600][57.848s][info][gc,task        ] GC(282) Using 10 workers of 10 for evacuation
[2026-04-03T02:36:24.924+0600][57.852s][info][gc,phases      ] GC(282)   Pre Evacuate Collection Set: 0.35ms
[2026-04-03T02:36:24.925+0600][57.852s][info][gc,phases      ] GC(282)   Merge Heap Roots: 0.22ms
[2026-04-03T02:36:24.925+0600][57.852s][info][gc,phases      ] GC(282)   Evacuate Collection Set: 3.23ms
[2026-04-03T02:36:24.925+0600][57.852s][info][gc,phases      ] GC(282)   Post Evacuate Collection Set: 0.66ms
[2026-04-03T02:36:24.925+0600][57.852s][info][gc,phases      ] GC(282)   Other: 0.11ms
[2026-04-03T02:36:24.925+0600][57.852s][info][gc,heap        ] GC(282) Eden regions: 343->0(371)
[2026-04-03T02:36:24.925+0600][57.852s][info][gc,heap        ] GC(282) Survivor regions: 4->5(46)
[2026-04-03T02:36:24.925+0600][57.852s][info][gc,heap        ] GC(282) Old regions: 87->87
[2026-04-03T02:36:24.925+0600][57.852s][info][gc,heap        ] GC(282) Humongous regions: 186->8
[2026-04-03T02:36:24.925+0600][57.852s][info][gc,metaspace   ] GC(282) Metaspace: 131598K(133056K)->131598K(133056K) NonClass: 115044K(115776K)->115044K(115776K) Class: 16554K(17280K)->16554K(17280K)
[2026-04-03T02:36:24.925+0600][57.853s][info][gc             ] GC(282) Pause Young (Mixed) (G1 Evacuation Pause) 618M->98M(627M) 4.842ms
[2026-04-03T02:36:24.925+0600][57.853s][info][gc,cpu         ] GC(282) User=0.03s Sys=0.01s Real=0.00s
[2026-04-03T02:36:24.941+0600][57.869s][info][gc,start       ] GC(283) Pause Young (Concurrent Start) (G1 Humongous Allocation)
[2026-04-03T02:36:24.942+0600][57.869s][info][gc,task        ] GC(283) Using 10 workers of 10 for evacuation
[2026-04-03T02:36:24.946+0600][57.874s][info][gc,phases      ] GC(283)   Pre Evacuate Collection Set: 0.56ms
[2026-04-03T02:36:24.946+0600][57.874s][info][gc,phases      ] GC(283)   Merge Heap Roots: 0.22ms
[2026-04-03T02:36:24.946+0600][57.874s][info][gc,phases      ] GC(283)   Evacuate Collection Set: 2.66ms
[2026-04-03T02:36:24.946+0600][57.874s][info][gc,phases      ] GC(283)   Post Evacuate Collection Set: 0.73ms
[2026-04-03T02:36:24.946+0600][57.874s][info][gc,phases      ] GC(283)   Other: 0.26ms
[2026-04-03T02:36:24.946+0600][57.874s][info][gc,heap        ] GC(283) Eden regions: 17->0(368)
[2026-04-03T02:36:24.946+0600][57.874s][info][gc,heap        ] GC(283) Survivor regions: 5->8(47)
[2026-04-03T02:36:24.946+0600][57.874s][info][gc,heap        ] GC(283) Old regions: 87->87
[2026-04-03T02:36:24.946+0600][57.874s][info][gc,heap        ] GC(283) Humongous regions: 8->8
[2026-04-03T02:36:24.946+0600][57.874s][info][gc,metaspace   ] GC(283) Metaspace: 131598K(133056K)->131598K(133056K) NonClass: 115044K(115776K)->115044K(115776K) Class: 16554K(17280K)->16554K(17280K)
[2026-04-03T02:36:24.946+0600][57.874s][info][gc             ] GC(283) Pause Young (Concurrent Start) (G1 Humongous Allocation) 115M->101M(627M) 4.782ms
[2026-04-03T02:36:24.946+0600][57.874s][info][gc             ] GC(284) Concurrent Mark Cycle
[2026-04-03T02:36:24.946+0600][57.874s][info][gc,marking     ] GC(284) Concurrent Scan Root Regions
[2026-04-03T02:36:24.946+0600][57.874s][info][gc,cpu         ] GC(283) User=0.03s Sys=0.00s Real=0.00s
[2026-04-03T02:36:24.949+0600][57.877s][info][gc,marking     ] GC(284) Concurrent Scan Root Regions 2.591ms
[2026-04-03T02:36:24.949+0600][57.877s][info][gc,marking     ] GC(284) Concurrent Mark
[2026-04-03T02:36:24.949+0600][57.877s][info][gc,marking     ] GC(284) Concurrent Mark From Roots
[2026-04-03T02:36:24.949+0600][57.877s][info][gc,task        ] GC(284) Using 3 workers of 3 for marking
[2026-04-03T02:36:25.032+0600][57.960s][info][gc,marking     ] GC(284) Concurrent Mark From Roots 83.166ms
[2026-04-03T02:36:25.032+0600][57.960s][info][gc,marking     ] GC(284) Concurrent Preclean
[2026-04-03T02:36:25.033+0600][57.961s][info][gc,marking     ] GC(284) Concurrent Preclean 0.512ms
[2026-04-03T02:36:25.033+0600][57.961s][info][gc,start       ] GC(284) Pause Remark
[2026-04-03T02:36:25.043+0600][57.971s][info][gc             ] GC(284) Pause Remark 200M->200M(490M) 9.614ms
[2026-04-03T02:36:25.043+0600][57.971s][info][gc,cpu         ] GC(284) User=0.06s Sys=0.01s Real=0.01s
[2026-04-03T02:36:25.043+0600][57.971s][info][gc,marking     ] GC(284) Concurrent Mark 94.314ms
[2026-04-03T02:36:25.043+0600][57.971s][info][gc,marking     ] GC(284) Concurrent Rebuild Remembered Sets and Scrub Regions
[2026-04-03T02:36:25.084+0600][58.012s][info][gc,marking     ] GC(284) Concurrent Rebuild Remembered Sets and Scrub Regions 40.427ms
[2026-04-03T02:36:25.084+0600][58.012s][info][gc,start       ] GC(284) Pause Cleanup
[2026-04-03T02:36:25.085+0600][58.013s][info][gc             ] GC(284) Pause Cleanup 246M->246M(490M) 0.589ms
[2026-04-03T02:36:25.085+0600][58.013s][info][gc,cpu         ] GC(284) User=0.00s Sys=0.00s Real=0.00s
[2026-04-03T02:36:25.085+0600][58.013s][info][gc,marking     ] GC(284) Concurrent Clear Claimed Marks
[2026-04-03T02:36:25.086+0600][58.013s][info][gc,marking     ] GC(284) Concurrent Clear Claimed Marks 0.376ms
[2026-04-03T02:36:25.086+0600][58.013s][info][gc,marking     ] GC(284) Concurrent Cleanup for Next Mark
[2026-04-03T02:36:25.087+0600][58.015s][info][gc,marking     ] GC(284) Concurrent Cleanup for Next Mark 1.235ms
[2026-04-03T02:36:25.087+0600][58.015s][info][gc             ] GC(284) Concurrent Mark Cycle 140.600ms
[2026-04-03T02:36:25.255+0600][58.183s][info][gc,start       ] GC(285) Pause Young (Prepare Mixed) (G1 Evacuation Pause)
[2026-04-03T02:36:25.255+0600][58.183s][info][gc,task        ] GC(285) Using 10 workers of 10 for evacuation
[2026-04-03T02:36:25.262+0600][58.189s][info][gc,phases      ] GC(285)   Pre Evacuate Collection Set: 0.37ms
[2026-04-03T02:36:25.262+0600][58.189s][info][gc,phases      ] GC(285)   Merge Heap Roots: 0.20ms
[2026-04-03T02:36:25.262+0600][58.189s][info][gc,phases      ] GC(285)   Evacuate Collection Set: 4.62ms
[2026-04-03T02:36:25.262+0600][58.189s][info][gc,phases      ] GC(285)   Post Evacuate Collection Set: 0.67ms
[2026-04-03T02:36:25.262+0600][58.189s][info][gc,phases      ] GC(285)   Other: 0.20ms
[2026-04-03T02:36:25.262+0600][58.190s][info][gc,heap        ] GC(285) Eden regions: 215->0(291)
[2026-04-03T02:36:25.262+0600][58.190s][info][gc,heap        ] GC(285) Survivor regions: 8->9(37)
[2026-04-03T02:36:25.262+0600][58.190s][info][gc,heap        ] GC(285) Old regions: 87->88
[2026-04-03T02:36:25.262+0600][58.190s][info][gc,heap        ] GC(285) Humongous regions: 180->8
[2026-04-03T02:36:25.262+0600][58.190s][info][gc,metaspace   ] GC(285) Metaspace: 131599K(133056K)->131599K(133056K) NonClass: 115045K(115776K)->115045K(115776K) Class: 16554K(17280K)->16554K(17280K)
[2026-04-03T02:36:25.262+0600][58.190s][info][gc             ] GC(285) Pause Young (Prepare Mixed) (G1 Evacuation Pause) 488M->102M(500M) 6.359ms
[2026-04-03T02:36:25.262+0600][58.190s][info][gc,cpu         ] GC(285) User=0.03s Sys=0.01s Real=0.01s
[2026-04-03T02:36:25.541+0600][58.469s][info][gc,start       ] GC(286) Pause Young (Mixed) (G1 Evacuation Pause)
[2026-04-03T02:36:25.541+0600][58.469s][info][gc,task        ] GC(286) Using 10 workers of 10 for evacuation
[2026-04-03T02:36:25.545+0600][58.472s][info][gc,phases      ] GC(286)   Pre Evacuate Collection Set: 0.35ms
[2026-04-03T02:36:25.545+0600][58.472s][info][gc,phases      ] GC(286)   Merge Heap Roots: 0.15ms
[2026-04-03T02:36:25.545+0600][58.473s][info][gc,phases      ] GC(286)   Evacuate Collection Set: 2.62ms
[2026-04-03T02:36:25.545+0600][58.473s][info][gc,phases      ] GC(286)   Post Evacuate Collection Set: 0.54ms
[2026-04-03T02:36:25.545+0600][58.473s][info][gc,phases      ] GC(286)   Other: 0.09ms
[2026-04-03T02:36:25.545+0600][58.473s][info][gc,heap        ] GC(286) Eden regions: 223->0(305)
[2026-04-03T02:36:25.545+0600][58.473s][info][gc,heap        ] GC(286) Survivor regions: 9->6(39)
[2026-04-03T02:36:25.545+0600][58.473s][info][gc,heap        ] GC(286) Old regions: 88->86
[2026-04-03T02:36:25.545+0600][58.473s][info][gc,heap        ] GC(286) Humongous regions: 193->8
[2026-04-03T02:36:25.545+0600][58.473s][info][gc,metaspace   ] GC(286) Metaspace: 131602K(133056K)->131602K(133056K) NonClass: 115048K(115776K)->115048K(115776K) Class: 16554K(17280K)->16554K(17280K)
[2026-04-03T02:36:25.545+0600][58.473s][info][gc             ] GC(286) Pause Young (Mixed) (G1 Evacuation Pause) 510M->98M(519M) 3.990ms
[2026-04-03T02:36:25.545+0600][58.473s][info][gc,cpu         ] GC(286) User=0.02s Sys=0.01s Real=0.00s
[2026-04-03T02:36:25.547+0600][58.475s][info][gc,start       ] GC(287) Pause Young (Concurrent Start) (G1 Humongous Allocation)
[2026-04-03T02:36:25.547+0600][58.475s][info][gc,task        ] GC(287) Using 10 workers of 10 for evacuation
[2026-04-03T02:36:25.550+0600][58.478s][info][gc,phases      ] GC(287)   Pre Evacuate Collection Set: 0.30ms
[2026-04-03T02:36:25.550+0600][58.478s][info][gc,phases      ] GC(287)   Merge Heap Roots: 0.10ms
[2026-04-03T02:36:25.550+0600][58.478s][info][gc,phases      ] GC(287)   Evacuate Collection Set: 1.75ms
[2026-04-03T02:36:25.550+0600][58.478s][info][gc,phases      ] GC(287)   Post Evacuate Collection Set: 0.45ms
[2026-04-03T02:36:25.550+0600][58.478s][info][gc,phases      ] GC(287)   Other: 0.10ms
[2026-04-03T02:36:25.550+0600][58.478s][info][gc,heap        ] GC(287) Eden regions: 2->0(305)
[2026-04-03T02:36:25.550+0600][58.478s][info][gc,heap        ] GC(287) Survivor regions: 6->6(39)
[2026-04-03T02:36:25.550+0600][58.478s][info][gc,heap        ] GC(287) Old regions: 86->86
[2026-04-03T02:36:25.550+0600][58.478s][info][gc,heap        ] GC(287) Humongous regions: 8->8
[2026-04-03T02:36:25.550+0600][58.478s][info][gc,metaspace   ] GC(287) Metaspace: 131602K(133056K)->131602K(133056K) NonClass: 115048K(115776K)->115048K(115776K) Class: 16554K(17280K)->16554K(17280K)
[2026-04-03T02:36:25.550+0600][58.478s][info][gc             ] GC(287) Pause Young (Concurrent Start) (G1 Humongous Allocation) 100M->98M(519M) 2.998ms
[2026-04-03T02:36:25.550+0600][58.478s][info][gc             ] GC(288) Concurrent Mark Cycle
[2026-04-03T02:36:25.550+0600][58.478s][info][gc,marking     ] GC(288) Concurrent Scan Root Regions
[2026-04-03T02:36:25.550+0600][58.478s][info][gc,cpu         ] GC(287) User=0.02s Sys=0.00s Real=0.01s
[2026-04-03T02:36:25.552+0600][58.480s][info][gc,marking     ] GC(288) Concurrent Scan Root Regions 1.874ms
[2026-04-03T02:36:25.552+0600][58.480s][info][gc,marking     ] GC(288) Concurrent Mark
[2026-04-03T02:36:25.552+0600][58.480s][info][gc,marking     ] GC(288) Concurrent Mark From Roots
[2026-04-03T02:36:25.552+0600][58.480s][info][gc,task        ] GC(288) Using 3 workers of 3 for marking
[2026-04-03T02:36:25.630+0600][58.558s][info][gc,marking     ] GC(288) Concurrent Mark From Roots 78.028ms
[2026-04-03T02:36:25.630+0600][58.558s][info][gc,marking     ] GC(288) Concurrent Preclean
[2026-04-03T02:36:25.631+0600][58.559s][info][gc,marking     ] GC(288) Concurrent Preclean 0.479ms
[2026-04-03T02:36:25.631+0600][58.559s][info][gc,start       ] GC(288) Pause Remark
[2026-04-03T02:36:25.640+0600][58.568s][info][gc             ] GC(288) Pause Remark 146M->146M(420M) 8.439ms
[2026-04-03T02:36:25.640+0600][58.568s][info][gc,cpu         ] GC(288) User=0.05s Sys=0.00s Real=0.01s
[2026-04-03T02:36:25.640+0600][58.568s][info][gc,marking     ] GC(288) Concurrent Mark 87.634ms
[2026-04-03T02:36:25.640+0600][58.568s][info][gc,marking     ] GC(288) Concurrent Rebuild Remembered Sets and Scrub Regions
[2026-04-03T02:36:25.670+0600][58.597s][info][gc,marking     ] GC(288) Concurrent Rebuild Remembered Sets and Scrub Regions 29.530ms
[2026-04-03T02:36:25.670+0600][58.598s][info][gc,start       ] GC(288) Pause Cleanup
[2026-04-03T02:36:25.671+0600][58.598s][info][gc             ] GC(288) Pause Cleanup 153M->153M(420M) 0.563ms
[2026-04-03T02:36:25.671+0600][58.599s][info][gc,cpu         ] GC(288) User=0.01s Sys=0.00s Real=0.00s
[2026-04-03T02:36:25.671+0600][58.599s][info][gc,marking     ] GC(288) Concurrent Clear Claimed Marks
[2026-04-03T02:36:25.671+0600][58.599s][info][gc,marking     ] GC(288) Concurrent Clear Claimed Marks 0.374ms
[2026-04-03T02:36:25.671+0600][58.599s][info][gc,marking     ] GC(288) Concurrent Cleanup for Next Mark
[2026-04-03T02:36:25.672+0600][58.600s][info][gc,marking     ] GC(288) Concurrent Cleanup for Next Mark 0.578ms
[2026-04-03T02:36:25.672+0600][58.600s][info][gc             ] GC(288) Concurrent Mark Cycle 121.553ms
[2026-04-03T02:36:26.036+0600][58.964s][info][gc,start       ] GC(289) Pause Young (Prepare Mixed) (G1 Evacuation Pause)
[2026-04-03T02:36:26.036+0600][58.964s][info][gc,task        ] GC(289) Using 10 workers of 10 for evacuation
[2026-04-03T02:36:26.040+0600][58.968s][info][gc,phases      ] GC(289)   Pre Evacuate Collection Set: 0.28ms
[2026-04-03T02:36:26.041+0600][58.968s][info][gc,phases      ] GC(289)   Merge Heap Roots: 0.22ms
[2026-04-03T02:36:26.041+0600][58.968s][info][gc,phases      ] GC(289)   Evacuate Collection Set: 3.08ms
[2026-04-03T02:36:26.041+0600][58.968s][info][gc,phases      ] GC(289)   Post Evacuate Collection Set: 0.59ms
[2026-04-03T02:36:26.041+0600][58.968s][info][gc,phases      ] GC(289)   Other: 0.10ms
[2026-04-03T02:36:26.041+0600][58.968s][info][gc,heap        ] GC(289) Eden regions: 243->0(260)
[2026-04-03T02:36:26.041+0600][58.968s][info][gc,heap        ] GC(289) Survivor regions: 6->6(32)
[2026-04-03T02:36:26.041+0600][58.968s][info][gc,heap        ] GC(289) Old regions: 86->87
[2026-04-03T02:36:26.041+0600][58.968s][info][gc,heap        ] GC(289) Humongous regions: 102->8
[2026-04-03T02:36:26.041+0600][58.968s][info][gc,metaspace   ] GC(289) Metaspace: 131630K(133056K)->131630K(133056K) NonClass: 115076K(115776K)->115076K(115776K) Class: 16554K(17280K)->16554K(17280K)
[2026-04-03T02:36:26.041+0600][58.969s][info][gc             ] GC(289) Pause Young (Prepare Mixed) (G1 Evacuation Pause) 435M->99M(444M) 4.533ms
[2026-04-03T02:36:26.041+0600][58.969s][info][gc,cpu         ] GC(289) User=0.03s Sys=0.01s Real=0.01s
[2026-04-03T02:36:26.266+0600][59.194s][info][gc,start       ] GC(290) Pause Young (Mixed) (GCLocker Initiated GC)
[2026-04-03T02:36:26.266+0600][59.194s][info][gc,task        ] GC(290) Using 10 workers of 10 for evacuation
[2026-04-03T02:36:26.273+0600][59.201s][info][gc,phases      ] GC(290)   Pre Evacuate Collection Set: 0.65ms
[2026-04-03T02:36:26.273+0600][59.201s][info][gc,phases      ] GC(290)   Merge Heap Roots: 0.29ms
[2026-04-03T02:36:26.273+0600][59.201s][info][gc,phases      ] GC(290)   Evacuate Collection Set: 5.34ms
[2026-04-03T02:36:26.273+0600][59.201s][info][gc,phases      ] GC(290)   Post Evacuate Collection Set: 0.88ms
[2026-04-03T02:36:26.273+0600][59.201s][info][gc,phases      ] GC(290)   Other: 0.13ms
[2026-04-03T02:36:26.273+0600][59.201s][info][gc,heap        ] GC(290) Eden regions: 196->0(263)
[2026-04-03T02:36:26.273+0600][59.201s][info][gc,heap        ] GC(290) Survivor regions: 6->9(34)
[2026-04-03T02:36:26.273+0600][59.201s][info][gc,heap        ] GC(290) Old regions: 87->86
[2026-04-03T02:36:26.273+0600][59.201s][info][gc,heap        ] GC(290) Humongous regions: 155->8
[2026-04-03T02:36:26.273+0600][59.201s][info][gc,metaspace   ] GC(290) Metaspace: 131630K(133056K)->131630K(133056K) NonClass: 115076K(115776K)->115076K(115776K) Class: 16554K(17280K)->16554K(17280K)
[2026-04-03T02:36:26.273+0600][59.201s][info][gc             ] GC(290) Pause Young (Mixed) (GCLocker Initiated GC) 442M->100M(454M) 7.662ms
[2026-04-03T02:36:26.274+0600][59.201s][info][gc,cpu         ] GC(290) User=0.04s Sys=0.02s Real=0.01s
[2026-04-03T02:36:26.277+0600][59.205s][info][gc,start       ] GC(291) Pause Young (Concurrent Start) (G1 Humongous Allocation)
[2026-04-03T02:36:26.277+0600][59.205s][info][gc,task        ] GC(291) Using 10 workers of 10 for evacuation
[2026-04-03T02:36:26.281+0600][59.209s][info][gc,phases      ] GC(291)   Pre Evacuate Collection Set: 0.31ms
[2026-04-03T02:36:26.281+0600][59.209s][info][gc,phases      ] GC(291)   Merge Heap Roots: 0.12ms
[2026-04-03T02:36:26.281+0600][59.209s][info][gc,phases      ] GC(291)   Evacuate Collection Set: 2.86ms
[2026-04-03T02:36:26.281+0600][59.209s][info][gc,phases      ] GC(291)   Post Evacuate Collection Set: 0.53ms
[2026-04-03T02:36:26.281+0600][59.209s][info][gc,phases      ] GC(291)   Other: 0.11ms
[2026-04-03T02:36:26.281+0600][59.209s][info][gc,heap        ] GC(291) Eden regions: 5->0(241)
[2026-04-03T02:36:26.281+0600][59.209s][info][gc,heap        ] GC(291) Survivor regions: 9->7(34)
[2026-04-03T02:36:26.281+0600][59.209s][info][gc,heap        ] GC(291) Old regions: 86->86
[2026-04-03T02:36:26.281+0600][59.209s][info][gc,heap        ] GC(291) Humongous regions: 8->8
[2026-04-03T02:36:26.281+0600][59.209s][info][gc,metaspace   ] GC(291) Metaspace: 131630K(133056K)->131630K(133056K) NonClass: 115076K(115776K)->115076K(115776K) Class: 16554K(17280K)->16554K(17280K)
[2026-04-03T02:36:26.281+0600][59.209s][info][gc             ] GC(291) Pause Young (Concurrent Start) (G1 Humongous Allocation) 105M->99M(454M) 4.188ms
[2026-04-03T02:36:26.281+0600][59.209s][info][gc             ] GC(292) Concurrent Mark Cycle
[2026-04-03T02:36:26.281+0600][59.209s][info][gc,marking     ] GC(292) Concurrent Scan Root Regions
[2026-04-03T02:36:26.281+0600][59.209s][info][gc,cpu         ] GC(291) User=0.03s Sys=0.00s Real=0.01s
[2026-04-03T02:36:26.284+0600][59.212s][info][gc,marking     ] GC(292) Concurrent Scan Root Regions 2.507ms
[2026-04-03T02:36:26.284+0600][59.212s][info][gc,marking     ] GC(292) Concurrent Mark
[2026-04-03T02:36:26.284+0600][59.212s][info][gc,marking     ] GC(292) Concurrent Mark From Roots
[2026-04-03T02:36:26.284+0600][59.212s][info][gc,task        ] GC(292) Using 3 workers of 3 for marking
[2026-04-03T02:36:26.390+0600][59.318s][info][gc,marking     ] GC(292) Concurrent Mark From Roots 106.578ms
[2026-04-03T02:36:26.391+0600][59.318s][info][gc,marking     ] GC(292) Concurrent Preclean
[2026-04-03T02:36:26.391+0600][59.319s][info][gc,marking     ] GC(292) Concurrent Preclean 0.522ms
[2026-04-03T02:36:26.391+0600][59.319s][info][gc,start       ] GC(292) Pause Remark
[2026-04-03T02:36:26.400+0600][59.328s][info][gc             ] GC(292) Pause Remark 241M->241M(454M) 8.917ms
[2026-04-03T02:36:26.401+0600][59.328s][info][gc,cpu         ] GC(292) User=0.07s Sys=0.00s Real=0.01s
[2026-04-03T02:36:26.401+0600][59.329s][info][gc,marking     ] GC(292) Concurrent Mark 116.798ms
[2026-04-03T02:36:26.401+0600][59.329s][info][gc,marking     ] GC(292) Concurrent Rebuild Remembered Sets and Scrub Regions
[2026-04-03T02:36:26.434+0600][59.362s][info][gc,marking     ] GC(292) Concurrent Rebuild Remembered Sets and Scrub Regions 32.861ms
[2026-04-03T02:36:26.434+0600][59.362s][info][gc,start       ] GC(292) Pause Cleanup
[2026-04-03T02:36:26.435+0600][59.362s][info][gc             ] GC(292) Pause Cleanup 282M->282M(454M) 0.417ms
[2026-04-03T02:36:26.435+0600][59.363s][info][gc,cpu         ] GC(292) User=0.00s Sys=0.00s Real=0.00s
[2026-04-03T02:36:26.435+0600][59.363s][info][gc,marking     ] GC(292) Concurrent Clear Claimed Marks
[2026-04-03T02:36:26.435+0600][59.363s][info][gc,marking     ] GC(292) Concurrent Clear Claimed Marks 0.370ms
[2026-04-03T02:36:26.435+0600][59.363s][info][gc,marking     ] GC(292) Concurrent Cleanup for Next Mark
[2026-04-03T02:36:26.438+0600][59.366s][info][gc,marking     ] GC(292) Concurrent Cleanup for Next Mark 2.533ms
[2026-04-03T02:36:26.438+0600][59.366s][info][gc             ] GC(292) Concurrent Mark Cycle 156.723ms
[2026-04-03T02:36:26.549+0600][59.477s][info][gc,start       ] GC(293) Pause Young (Prepare Mixed) (G1 Evacuation Pause)
[2026-04-03T02:36:26.549+0600][59.477s][info][gc,task        ] GC(293) Using 10 workers of 10 for evacuation
[2026-04-03T02:36:26.555+0600][59.483s][info][gc,phases      ] GC(293)   Pre Evacuate Collection Set: 0.48ms
[2026-04-03T02:36:26.555+0600][59.483s][info][gc,phases      ] GC(293)   Merge Heap Roots: 0.25ms
[2026-04-03T02:36:26.555+0600][59.483s][info][gc,phases      ] GC(293)   Evacuate Collection Set: 4.06ms
[2026-04-03T02:36:26.555+0600][59.483s][info][gc,phases      ] GC(293)   Post Evacuate Collection Set: 0.95ms
[2026-04-03T02:36:26.555+0600][59.483s][info][gc,phases      ] GC(293)   Other: 0.13ms
[2026-04-03T02:36:26.555+0600][59.483s][info][gc,heap        ] GC(293) Eden regions: 202->0(265)
[2026-04-03T02:36:26.555+0600][59.483s][info][gc,heap        ] GC(293) Survivor regions: 7->8(31)
[2026-04-03T02:36:26.555+0600][59.483s][info][gc,heap        ] GC(293) Old regions: 86->86
[2026-04-03T02:36:26.555+0600][59.483s][info][gc,heap        ] GC(293) Humongous regions: 165->10
[2026-04-03T02:36:26.555+0600][59.483s][info][gc,metaspace   ] GC(293) Metaspace: 131630K(133056K)->131630K(133056K) NonClass: 115076K(115776K)->115076K(115776K) Class: 16554K(17280K)->16554K(17280K)
[2026-04-03T02:36:26.555+0600][59.483s][info][gc             ] GC(293) Pause Young (Prepare Mixed) (G1 Evacuation Pause) 458M->101M(468M) 6.161ms
[2026-04-03T02:36:26.555+0600][59.483s][info][gc,cpu         ] GC(293) User=0.03s Sys=0.01s Real=0.01s
[2026-04-03T02:36:26.858+0600][59.786s][info][gc,start       ] GC(294) Pause Young (Mixed) (G1 Evacuation Pause)
[2026-04-03T02:36:26.858+0600][59.786s][info][gc,task        ] GC(294) Using 10 workers of 10 for evacuation
[2026-04-03T02:36:26.866+0600][59.793s][info][gc,phases      ] GC(294)   Pre Evacuate Collection Set: 0.62ms
[2026-04-03T02:36:26.866+0600][59.794s][info][gc,phases      ] GC(294)   Merge Heap Roots: 0.32ms
[2026-04-03T02:36:26.866+0600][59.794s][info][gc,phases      ] GC(294)   Evacuate Collection Set: 5.07ms
[2026-04-03T02:36:26.866+0600][59.794s][info][gc,phases      ] GC(294)   Post Evacuate Collection Set: 0.92ms
[2026-04-03T02:36:26.866+0600][59.794s][info][gc,phases      ] GC(294)   Other: 0.16ms
[2026-04-03T02:36:26.866+0600][59.794s][info][gc,heap        ] GC(294) Eden regions: 228->0(278)
[2026-04-03T02:36:26.866+0600][59.794s][info][gc,heap        ] GC(294) Survivor regions: 8->8(35)
[2026-04-03T02:36:26.866+0600][59.794s][info][gc,heap        ] GC(294) Old regions: 86->85
[2026-04-03T02:36:26.866+0600][59.794s][info][gc,heap        ] GC(294) Humongous regions: 146->8
[2026-04-03T02:36:26.866+0600][59.794s][info][gc,metaspace   ] GC(294) Metaspace: 131630K(133056K)->131630K(133056K) NonClass: 115076K(115776K)->115076K(115776K) Class: 16554K(17280K)->16554K(17280K)
[2026-04-03T02:36:26.866+0600][59.794s][info][gc             ] GC(294) Pause Young (Mixed) (G1 Evacuation Pause) 465M->100M(477M) 7.550ms
[2026-04-03T02:36:26.866+0600][59.794s][info][gc,cpu         ] GC(294) User=0.03s Sys=0.01s Real=0.01s
[2026-04-03T02:36:26.911+0600][59.839s][info][gc,start       ] GC(295) Pause Young (Concurrent Start) (G1 Humongous Allocation)
[2026-04-03T02:36:26.911+0600][59.839s][info][gc,task        ] GC(295) Using 10 workers of 10 for evacuation
[2026-04-03T02:36:26.916+0600][59.844s][info][gc,phases      ] GC(295)   Pre Evacuate Collection Set: 0.73ms
[2026-04-03T02:36:26.917+0600][59.844s][info][gc,phases      ] GC(295)   Merge Heap Roots: 0.28ms
[2026-04-03T02:36:26.917+0600][59.844s][info][gc,phases      ] GC(295)   Evacuate Collection Set: 3.06ms
[2026-04-03T02:36:26.917+0600][59.844s][info][gc,phases      ] GC(295)   Post Evacuate Collection Set: 0.98ms
[2026-04-03T02:36:26.917+0600][59.844s][info][gc,phases      ] GC(295)   Other: 0.27ms
[2026-04-03T02:36:26.917+0600][59.844s][info][gc,heap        ] GC(295) Eden regions: 65->0(278)
[2026-04-03T02:36:26.917+0600][59.844s][info][gc,heap        ] GC(295) Survivor regions: 8->8(36)
[2026-04-03T02:36:26.917+0600][59.844s][info][gc,heap        ] GC(295) Old regions: 85->86
[2026-04-03T02:36:26.917+0600][59.844s][info][gc,heap        ] GC(295) Humongous regions: 8->8
[2026-04-03T02:36:26.917+0600][59.845s][info][gc,metaspace   ] GC(295) Metaspace: 131630K(133056K)->131630K(133056K) NonClass: 115076K(115776K)->115076K(115776K) Class: 16554K(17280K)->16554K(17280K)
[2026-04-03T02:36:26.917+0600][59.845s][info][gc             ] GC(295) Pause Young (Concurrent Start) (G1 Humongous Allocation) 164M->101M(477M) 5.716ms
[2026-04-03T02:36:26.917+0600][59.845s][info][gc             ] GC(296) Concurrent Mark Cycle
[2026-04-03T02:36:26.917+0600][59.845s][info][gc,marking     ] GC(296) Concurrent Scan Root Regions
[2026-04-03T02:36:26.917+0600][59.845s][info][gc,cpu         ] GC(295) User=0.04s Sys=0.00s Real=0.00s
[2026-04-03T02:36:26.920+0600][59.848s][info][gc,marking     ] GC(296) Concurrent Scan Root Regions 3.441ms
[2026-04-03T02:36:26.920+0600][59.848s][info][gc,marking     ] GC(296) Concurrent Mark
[2026-04-03T02:36:26.920+0600][59.848s][info][gc,marking     ] GC(296) Concurrent Mark From Roots
[2026-04-03T02:36:26.920+0600][59.848s][info][gc,task        ] GC(296) Using 3 workers of 3 for marking
[2026-04-03T02:36:27.005+0600][59.933s][info][gc,marking     ] GC(296) Concurrent Mark From Roots 84.918ms
[2026-04-03T02:36:27.006+0600][59.933s][info][gc,marking     ] GC(296) Concurrent Preclean
[2026-04-03T02:36:27.006+0600][59.934s][info][gc,marking     ] GC(296) Concurrent Preclean 0.441ms
[2026-04-03T02:36:27.006+0600][59.934s][info][gc,start       ] GC(296) Pause Remark
[2026-04-03T02:36:27.015+0600][59.943s][info][gc             ] GC(296) Pause Remark 203M->203M(410M) 8.990ms
[2026-04-03T02:36:27.016+0600][59.943s][info][gc,cpu         ] GC(296) User=0.06s Sys=0.01s Real=0.01s
[2026-04-03T02:36:27.016+0600][59.944s][info][gc,marking     ] GC(296) Concurrent Mark 95.292ms
[2026-04-03T02:36:27.016+0600][59.944s][info][gc,marking     ] GC(296) Concurrent Rebuild Remembered Sets and Scrub Regions
[2026-04-03T02:36:27.053+0600][59.981s][info][gc,marking     ] GC(296) Concurrent Rebuild Remembered Sets and Scrub Regions 37.272ms
[2026-04-03T02:36:27.054+0600][59.981s][info][gc,start       ] GC(296) Pause Cleanup
[2026-04-03T02:36:27.054+0600][59.982s][info][gc             ] GC(296) Pause Cleanup 256M->256M(410M) 0.369ms
[2026-04-03T02:36:27.054+0600][59.982s][info][gc,cpu         ] GC(296) User=0.00s Sys=0.00s Real=0.00s
[2026-04-03T02:36:27.054+0600][59.982s][info][gc,marking     ] GC(296) Concurrent Clear Claimed Marks
[2026-04-03T02:36:27.054+0600][59.982s][info][gc,marking     ] GC(296) Concurrent Clear Claimed Marks 0.347ms
[2026-04-03T02:36:27.054+0600][59.982s][info][gc,marking     ] GC(296) Concurrent Cleanup for Next Mark
[2026-04-03T02:36:27.055+0600][59.983s][info][gc,marking     ] GC(296) Concurrent Cleanup for Next Mark 0.674ms
[2026-04-03T02:36:27.055+0600][59.983s][info][gc             ] GC(296) Concurrent Mark Cycle 138.369ms
[2026-04-03T02:36:27.158+0600][60.086s][info][gc,start       ] GC(297) Pause Young (Prepare Mixed) (G1 Evacuation Pause)
[2026-04-03T02:36:27.158+0600][60.086s][info][gc,task        ] GC(297) Using 10 workers of 10 for evacuation
[2026-04-03T02:36:27.162+0600][60.090s][info][gc,phases      ] GC(297)   Pre Evacuate Collection Set: 0.24ms
[2026-04-03T02:36:27.162+0600][60.090s][info][gc,phases      ] GC(297)   Merge Heap Roots: 0.13ms
[2026-04-03T02:36:27.162+0600][60.090s][info][gc,phases      ] GC(297)   Evacuate Collection Set: 3.24ms
[2026-04-03T02:36:27.162+0600][60.090s][info][gc,phases      ] GC(297)   Post Evacuate Collection Set: 0.73ms
[2026-04-03T02:36:27.162+0600][60.090s][info][gc,phases      ] GC(297)   Other: 0.12ms
[2026-04-03T02:36:27.162+0600][60.090s][info][gc,heap        ] GC(297) Eden regions: 169->0(285)
[2026-04-03T02:36:27.162+0600][60.090s][info][gc,heap        ] GC(297) Survivor regions: 8->8(31)
[2026-04-03T02:36:27.162+0600][60.090s][info][gc,heap        ] GC(297) Old regions: 86->87
[2026-04-03T02:36:27.162+0600][60.090s][info][gc,heap        ] GC(297) Humongous regions: 217->18
[2026-04-03T02:36:27.162+0600][60.090s][info][gc,metaspace   ] GC(297) Metaspace: 131632K(133056K)->131632K(133056K) NonClass: 115077K(115776K)->115077K(115776K) Class: 16554K(17280K)->16554K(17280K)
[2026-04-03T02:36:27.162+0600][60.090s][info][gc             ] GC(297) Pause Young (Prepare Mixed) (G1 Evacuation Pause) 479M->111M(489M) 4.777ms
[2026-04-03T02:36:27.163+0600][60.090s][info][gc,cpu         ] GC(297) User=0.03s Sys=0.01s Real=0.01s
[2026-04-03T02:36:27.288+0600][60.215s][info][gc,start       ] GC(298) Pause Young (Mixed) (G1 Evacuation Pause)
[2026-04-03T02:36:27.288+0600][60.216s][info][gc,task        ] GC(298) Using 10 workers of 10 for evacuation
[2026-04-03T02:36:27.293+0600][60.221s][info][gc,phases      ] GC(298)   Pre Evacuate Collection Set: 0.41ms
[2026-04-03T02:36:27.293+0600][60.221s][info][gc,phases      ] GC(298)   Merge Heap Roots: 0.22ms
[2026-04-03T02:36:27.293+0600][60.221s][info][gc,phases      ] GC(298)   Evacuate Collection Set: 3.63ms
[2026-04-03T02:36:27.293+0600][60.221s][info][gc,phases      ] GC(298)   Post Evacuate Collection Set: 0.90ms
[2026-04-03T02:36:27.293+0600][60.221s][info][gc,phases      ] GC(298)   Other: 0.10ms
[2026-04-03T02:36:27.293+0600][60.221s][info][gc,heap        ] GC(298) Eden regions: 72->0(421)
[2026-04-03T02:36:27.293+0600][60.221s][info][gc,heap        ] GC(298) Survivor regions: 8->7(37)
[2026-04-03T02:36:27.293+0600][60.221s][info][gc,heap        ] GC(298) Old regions: 87->86
[2026-04-03T02:36:27.293+0600][60.221s][info][gc,heap        ] GC(298) Humongous regions: 539->18
[2026-04-03T02:36:27.293+0600][60.221s][info][gc,metaspace   ] GC(298) Metaspace: 131632K(133056K)->131632K(133056K) NonClass: 115077K(115776K)->115077K(115776K) Class: 16554K(17280K)->16554K(17280K)
[2026-04-03T02:36:27.293+0600][60.221s][info][gc             ] GC(298) Pause Young (Mixed) (G1 Evacuation Pause) 704M->109M(714M) 5.582ms
[2026-04-03T02:36:27.293+0600][60.221s][info][gc,cpu         ] GC(298) User=0.02s Sys=0.01s Real=0.01s
[2026-04-03T02:36:27.294+0600][60.222s][info][gc,start       ] GC(299) Pause Young (Concurrent Start) (G1 Humongous Allocation)
[2026-04-03T02:36:27.294+0600][60.222s][info][gc,task        ] GC(299) Using 10 workers of 10 for evacuation
[2026-04-03T02:36:27.296+0600][60.224s][info][gc,phases      ] GC(299)   Pre Evacuate Collection Set: 0.33ms
[2026-04-03T02:36:27.297+0600][60.224s][info][gc,phases      ] GC(299)   Merge Heap Roots: 0.09ms
[2026-04-03T02:36:27.297+0600][60.224s][info][gc,phases      ] GC(299)   Evacuate Collection Set: 1.55ms
[2026-04-03T02:36:27.297+0600][60.224s][info][gc,phases      ] GC(299)   Post Evacuate Collection Set: 0.38ms
[2026-04-03T02:36:27.297+0600][60.224s][info][gc,phases      ] GC(299)   Other: 0.09ms
[2026-04-03T02:36:27.297+0600][60.224s][info][gc,heap        ] GC(299) Eden regions: 1->0(411)
[2026-04-03T02:36:27.297+0600][60.224s][info][gc,heap        ] GC(299) Survivor regions: 7->7(54)
[2026-04-03T02:36:27.297+0600][60.224s][info][gc,heap        ] GC(299) Old regions: 86->86
[2026-04-03T02:36:27.297+0600][60.224s][info][gc,heap        ] GC(299) Humongous regions: 18->8
[2026-04-03T02:36:27.297+0600][60.224s][info][gc,metaspace   ] GC(299) Metaspace: 131632K(133056K)->131632K(133056K) NonClass: 115077K(115776K)->115077K(115776K) Class: 16554K(17280K)->16554K(17280K)
[2026-04-03T02:36:27.297+0600][60.225s][info][gc             ] GC(299) Pause Young (Concurrent Start) (G1 Humongous Allocation) 110M->99M(714M) 2.667ms
[2026-04-03T02:36:27.297+0600][60.225s][info][gc             ] GC(300) Concurrent Mark Cycle
[2026-04-03T02:36:27.297+0600][60.225s][info][gc,marking     ] GC(300) Concurrent Scan Root Regions
[2026-04-03T02:36:27.297+0600][60.225s][info][gc,cpu         ] GC(299) User=0.01s Sys=0.00s Real=0.00s
[2026-04-03T02:36:27.299+0600][60.227s][info][gc,marking     ] GC(300) Concurrent Scan Root Regions 2.067ms
[2026-04-03T02:36:27.299+0600][60.227s][info][gc,marking     ] GC(300) Concurrent Mark
[2026-04-03T02:36:27.299+0600][60.227s][info][gc,marking     ] GC(300) Concurrent Mark From Roots
[2026-04-03T02:36:27.299+0600][60.227s][info][gc,task        ] GC(300) Using 3 workers of 3 for marking
[2026-04-03T02:36:27.367+0600][60.295s][info][gc,marking     ] GC(300) Concurrent Mark From Roots 67.965ms
[2026-04-03T02:36:27.367+0600][60.295s][info][gc,marking     ] GC(300) Concurrent Preclean
[2026-04-03T02:36:27.367+0600][60.295s][info][gc,marking     ] GC(300) Concurrent Preclean 0.253ms
[2026-04-03T02:36:27.367+0600][60.295s][info][gc,start       ] GC(300) Pause Remark
[2026-04-03T02:36:27.375+0600][60.303s][info][gc             ] GC(300) Pause Remark 195M->195M(477M) 7.267ms
[2026-04-03T02:36:27.375+0600][60.303s][info][gc,cpu         ] GC(300) User=0.05s Sys=0.00s Real=0.01s
[2026-04-03T02:36:27.375+0600][60.303s][info][gc,marking     ] GC(300) Concurrent Mark 76.137ms
[2026-04-03T02:36:27.375+0600][60.303s][info][gc,marking     ] GC(300) Concurrent Rebuild Remembered Sets and Scrub Regions
[2026-04-03T02:36:27.399+0600][60.327s][info][gc,marking     ] GC(300) Concurrent Rebuild Remembered Sets and Scrub Regions 24.353ms
[2026-04-03T02:36:27.400+0600][60.328s][info][gc,start       ] GC(300) Pause Cleanup
[2026-04-03T02:36:27.400+0600][60.328s][info][gc             ] GC(300) Pause Cleanup 206M->206M(477M) 0.307ms
[2026-04-03T02:36:27.400+0600][60.328s][info][gc,cpu         ] GC(300) User=0.01s Sys=0.00s Real=0.00s
[2026-04-03T02:36:27.400+0600][60.328s][info][gc,marking     ] GC(300) Concurrent Clear Claimed Marks
[2026-04-03T02:36:27.401+0600][60.329s][info][gc,marking     ] GC(300) Concurrent Clear Claimed Marks 0.316ms
[2026-04-03T02:36:27.401+0600][60.329s][info][gc,marking     ] GC(300) Concurrent Cleanup for Next Mark
[2026-04-03T02:36:27.402+0600][60.330s][info][gc,marking     ] GC(300) Concurrent Cleanup for Next Mark 1.464ms
[2026-04-03T02:36:27.402+0600][60.330s][info][gc             ] GC(300) Concurrent Mark Cycle 105.602ms
[2026-04-03T02:36:27.811+0600][60.739s][info][gc,start       ] GC(301) Pause Young (Prepare Mixed) (G1 Evacuation Pause)
[2026-04-03T02:36:27.811+0600][60.739s][info][gc,task        ] GC(301) Using 10 workers of 10 for evacuation
[2026-04-03T02:36:27.816+0600][60.744s][info][gc,phases      ] GC(301)   Pre Evacuate Collection Set: 0.23ms
[2026-04-03T02:36:27.816+0600][60.744s][info][gc,phases      ] GC(301)   Merge Heap Roots: 0.20ms
[2026-04-03T02:36:27.816+0600][60.744s][info][gc,phases      ] GC(301)   Evacuate Collection Set: 3.46ms
[2026-04-03T02:36:27.816+0600][60.744s][info][gc,phases      ] GC(301)   Post Evacuate Collection Set: 0.65ms
[2026-04-03T02:36:27.816+0600][60.744s][info][gc,phases      ] GC(301)   Other: 0.09ms
[2026-04-03T02:36:27.816+0600][60.744s][info][gc,heap        ] GC(301) Eden regions: 256->0(276)
[2026-04-03T02:36:27.816+0600][60.744s][info][gc,heap        ] GC(301) Survivor regions: 7->7(36)
[2026-04-03T02:36:27.816+0600][60.744s][info][gc,heap        ] GC(301) Old regions: 86->87
[2026-04-03T02:36:27.816+0600][60.744s][info][gc,heap        ] GC(301) Humongous regions: 128->8
[2026-04-03T02:36:27.816+0600][60.744s][info][gc,metaspace   ] GC(301) Metaspace: 131664K(133120K)->131664K(133120K) NonClass: 115109K(115840K)->115109K(115840K) Class: 16554K(17280K)->16554K(17280K)
[2026-04-03T02:36:27.816+0600][60.744s][info][gc             ] GC(301) Pause Young (Prepare Mixed) (G1 Evacuation Pause) 475M->99M(485M) 4.872ms
[2026-04-03T02:36:27.816+0600][60.744s][info][gc,cpu         ] GC(301) User=0.03s Sys=0.01s Real=0.00s
[2026-04-03T02:36:28.065+0600][60.993s][info][gc,start       ] GC(302) Pause Young (Mixed) (G1 Evacuation Pause)
[2026-04-03T02:36:28.066+0600][60.993s][info][gc,task        ] GC(302) Using 10 workers of 10 for evacuation
[2026-04-03T02:36:28.072+0600][61.000s][info][gc,phases      ] GC(302)   Pre Evacuate Collection Set: 0.32ms
[2026-04-03T02:36:28.072+0600][61.000s][info][gc,phases      ] GC(302)   Merge Heap Roots: 0.26ms
[2026-04-03T02:36:28.072+0600][61.000s][info][gc,phases      ] GC(302)   Evacuate Collection Set: 5.38ms
[2026-04-03T02:36:28.072+0600][61.000s][info][gc,phases      ] GC(302)   Post Evacuate Collection Set: 0.76ms
[2026-04-03T02:36:28.073+0600][61.000s][info][gc,phases      ] GC(302)   Other: 0.16ms
[2026-04-03T02:36:28.073+0600][61.000s][info][gc,heap        ] GC(302) Eden regions: 215->0(291)
[2026-04-03T02:36:28.073+0600][61.000s][info][gc,heap        ] GC(302) Survivor regions: 7->9(36)
[2026-04-03T02:36:28.073+0600][61.000s][info][gc,heap        ] GC(302) Old regions: 87->86
[2026-04-03T02:36:28.073+0600][61.000s][info][gc,heap        ] GC(302) Humongous regions: 182->12
[2026-04-03T02:36:28.073+0600][61.000s][info][gc,metaspace   ] GC(302) Metaspace: 131664K(133120K)->131664K(133120K) NonClass: 115109K(115840K)->115109K(115840K) Class: 16554K(17280K)->16554K(17280K)
[2026-04-03T02:36:28.073+0600][61.000s][info][gc             ] GC(302) Pause Young (Mixed) (G1 Evacuation Pause) 488M->106M(501M) 7.170ms
[2026-04-03T02:36:28.073+0600][61.001s][info][gc,cpu         ] GC(302) User=0.04s Sys=0.01s Real=0.01s
[2026-04-03T02:36:28.075+0600][61.002s][info][gc,start       ] GC(303) Pause Young (Concurrent Start) (G1 Humongous Allocation)
[2026-04-03T02:36:28.075+0600][61.003s][info][gc,task        ] GC(303) Using 10 workers of 10 for evacuation
[2026-04-03T02:36:28.079+0600][61.007s][info][gc,phases      ] GC(303)   Pre Evacuate Collection Set: 0.28ms
[2026-04-03T02:36:28.079+0600][61.007s][info][gc,phases      ] GC(303)   Merge Heap Roots: 0.11ms
[2026-04-03T02:36:28.079+0600][61.007s][info][gc,phases      ] GC(303)   Evacuate Collection Set: 3.11ms
[2026-04-03T02:36:28.079+0600][61.007s][info][gc,phases      ] GC(303)   Post Evacuate Collection Set: 0.72ms
[2026-04-03T02:36:28.079+0600][61.007s][info][gc,phases      ] GC(303)   Other: 0.17ms
[2026-04-03T02:36:28.079+0600][61.007s][info][gc,heap        ] GC(303) Eden regions: 5->0(280)
[2026-04-03T02:36:28.079+0600][61.007s][info][gc,heap        ] GC(303) Survivor regions: 9->8(38)
[2026-04-03T02:36:28.079+0600][61.007s][info][gc,heap        ] GC(303) Old regions: 86->86
[2026-04-03T02:36:28.079+0600][61.007s][info][gc,heap        ] GC(303) Humongous regions: 12->8
[2026-04-03T02:36:28.079+0600][61.007s][info][gc,metaspace   ] GC(303) Metaspace: 131664K(133120K)->131664K(133120K) NonClass: 115109K(115840K)->115109K(115840K) Class: 16554K(17280K)->16554K(17280K)
[2026-04-03T02:36:28.079+0600][61.007s][info][gc             ] GC(303) Pause Young (Concurrent Start) (G1 Humongous Allocation) 110M->100M(501M) 4.705ms
[2026-04-03T02:36:28.079+0600][61.007s][info][gc,cpu         ] GC(303) User=0.04s Sys=0.00s Real=0.00s
[2026-04-03T02:36:28.079+0600][61.007s][info][gc             ] GC(304) Concurrent Mark Cycle
[2026-04-03T02:36:28.080+0600][61.007s][info][gc,marking     ] GC(304) Concurrent Scan Root Regions
[2026-04-03T02:36:28.082+0600][61.010s][info][gc,marking     ] GC(304) Concurrent Scan Root Regions 2.738ms
[2026-04-03T02:36:28.082+0600][61.010s][info][gc,marking     ] GC(304) Concurrent Mark
[2026-04-03T02:36:28.082+0600][61.010s][info][gc,marking     ] GC(304) Concurrent Mark From Roots
[2026-04-03T02:36:28.082+0600][61.010s][info][gc,task        ] GC(304) Using 3 workers of 3 for marking
[2026-04-03T02:36:28.170+0600][61.098s][info][gc,marking     ] GC(304) Concurrent Mark From Roots 87.641ms
[2026-04-03T02:36:28.170+0600][61.098s][info][gc,marking     ] GC(304) Concurrent Preclean
[2026-04-03T02:36:28.171+0600][61.098s][info][gc,marking     ] GC(304) Concurrent Preclean 0.467ms
[2026-04-03T02:36:28.171+0600][61.099s][info][gc,start       ] GC(304) Pause Remark
[2026-04-03T02:36:28.180+0600][61.107s][info][gc             ] GC(304) Pause Remark 207M->207M(501M) 8.724ms
[2026-04-03T02:36:28.180+0600][61.108s][info][gc,cpu         ] GC(304) User=0.06s Sys=0.00s Real=0.01s
[2026-04-03T02:36:28.180+0600][61.108s][info][gc,marking     ] GC(304) Concurrent Mark 97.595ms
[2026-04-03T02:36:28.180+0600][61.108s][info][gc,marking     ] GC(304) Concurrent Rebuild Remembered Sets and Scrub Regions
[2026-04-03T02:36:28.213+0600][61.140s][info][gc,marking     ] GC(304) Concurrent Rebuild Remembered Sets and Scrub Regions 32.509ms
[2026-04-03T02:36:28.213+0600][61.141s][info][gc,start       ] GC(304) Pause Cleanup
[2026-04-03T02:36:28.213+0600][61.141s][info][gc             ] GC(304) Pause Cleanup 235M->235M(501M) 0.337ms
[2026-04-03T02:36:28.213+0600][61.141s][info][gc,cpu         ] GC(304) User=0.00s Sys=0.00s Real=0.00s
[2026-04-03T02:36:28.214+0600][61.141s][info][gc,marking     ] GC(304) Concurrent Clear Claimed Marks
[2026-04-03T02:36:28.214+0600][61.142s][info][gc,marking     ] GC(304) Concurrent Clear Claimed Marks 0.436ms
[2026-04-03T02:36:28.214+0600][61.142s][info][gc,marking     ] GC(304) Concurrent Cleanup for Next Mark
[2026-04-03T02:36:28.215+0600][61.143s][info][gc,marking     ] GC(304) Concurrent Cleanup for Next Mark 0.993ms
[2026-04-03T02:36:28.215+0600][61.143s][info][gc             ] GC(304) Concurrent Mark Cycle 135.534ms
[2026-04-03T02:36:28.400+0600][61.328s][info][gc,start       ] GC(305) Pause Young (Prepare Mixed) (G1 Evacuation Pause)
[2026-04-03T02:36:28.400+0600][61.328s][info][gc,task        ] GC(305) Using 10 workers of 10 for evacuation
[2026-04-03T02:36:28.405+0600][61.333s][info][gc,phases      ] GC(305)   Pre Evacuate Collection Set: 0.32ms
[2026-04-03T02:36:28.405+0600][61.333s][info][gc,phases      ] GC(305)   Merge Heap Roots: 0.21ms
[2026-04-03T02:36:28.405+0600][61.333s][info][gc,phases      ] GC(305)   Evacuate Collection Set: 3.07ms
[2026-04-03T02:36:28.405+0600][61.333s][info][gc,phases      ] GC(305)   Post Evacuate Collection Set: 0.73ms
[2026-04-03T02:36:28.405+0600][61.333s][info][gc,phases      ] GC(305)   Other: 0.10ms
[2026-04-03T02:36:28.405+0600][61.333s][info][gc,heap        ] GC(305) Eden regions: 225->0(303)
[2026-04-03T02:36:28.405+0600][61.333s][info][gc,heap        ] GC(305) Survivor regions: 8->7(36)
[2026-04-03T02:36:28.405+0600][61.333s][info][gc,heap        ] GC(305) Old regions: 86->86
[2026-04-03T02:36:28.405+0600][61.333s][info][gc,heap        ] GC(305) Humongous regions: 191->8
[2026-04-03T02:36:28.405+0600][61.333s][info][gc,metaspace   ] GC(305) Metaspace: 131664K(133120K)->131664K(133120K) NonClass: 115109K(115840K)->115109K(115840K) Class: 16554K(17280K)->16554K(17280K)
[2026-04-03T02:36:28.405+0600][61.333s][info][gc             ] GC(305) Pause Young (Prepare Mixed) (G1 Evacuation Pause) 508M->100M(517M) 4.692ms
[2026-04-03T02:36:28.405+0600][61.333s][info][gc,cpu         ] GC(305) User=0.01s Sys=0.02s Real=0.00s
[2026-04-03T02:36:28.747+0600][61.675s][info][gc,start       ] GC(306) Pause Young (Mixed) (G1 Evacuation Pause)
[2026-04-03T02:36:28.747+0600][61.675s][info][gc,task        ] GC(306) Using 10 workers of 10 for evacuation
[2026-04-03T02:36:28.755+0600][61.682s][info][gc,phases      ] GC(306)   Pre Evacuate Collection Set: 0.60ms
[2026-04-03T02:36:28.755+0600][61.682s][info][gc,phases      ] GC(306)   Merge Heap Roots: 0.31ms
[2026-04-03T02:36:28.755+0600][61.682s][info][gc,phases      ] GC(306)   Evacuate Collection Set: 5.04ms
[2026-04-03T02:36:28.755+0600][61.683s][info][gc,phases      ] GC(306)   Post Evacuate Collection Set: 1.03ms
[2026-04-03T02:36:28.755+0600][61.683s][info][gc,phases      ] GC(306)   Other: 0.16ms
[2026-04-03T02:36:28.755+0600][61.683s][info][gc,heap        ] GC(306) Eden regions: 270->0(307)
[2026-04-03T02:36:28.755+0600][61.683s][info][gc,heap        ] GC(306) Survivor regions: 7->9(39)
[2026-04-03T02:36:28.755+0600][61.683s][info][gc,heap        ] GC(306) Old regions: 86->86
[2026-04-03T02:36:28.755+0600][61.683s][info][gc,heap        ] GC(306) Humongous regions: 154->8
[2026-04-03T02:36:28.755+0600][61.683s][info][gc,metaspace   ] GC(306) Metaspace: 131664K(133120K)->131664K(133120K) NonClass: 115109K(115840K)->115109K(115840K) Class: 16554K(17280K)->16554K(17280K)
[2026-04-03T02:36:28.755+0600][61.683s][info][gc             ] GC(306) Pause Young (Mixed) (G1 Evacuation Pause) 516M->101M(528M) 7.497ms
[2026-04-03T02:36:28.755+0600][61.683s][info][gc,cpu         ] GC(306) User=0.04s Sys=0.01s Real=0.01s
[2026-04-03T02:36:28.794+0600][61.722s][info][gc,start       ] GC(307) Pause Young (Concurrent Start) (G1 Humongous Allocation)
[2026-04-03T02:36:28.794+0600][61.722s][info][gc,task        ] GC(307) Using 10 workers of 10 for evacuation
[2026-04-03T02:36:28.800+0600][61.727s][info][gc,phases      ] GC(307)   Pre Evacuate Collection Set: 0.69ms
[2026-04-03T02:36:28.800+0600][61.728s][info][gc,phases      ] GC(307)   Merge Heap Roots: 0.14ms
[2026-04-03T02:36:28.800+0600][61.728s][info][gc,phases      ] GC(307)   Evacuate Collection Set: 3.27ms
[2026-04-03T02:36:28.800+0600][61.728s][info][gc,phases      ] GC(307)   Post Evacuate Collection Set: 0.78ms
[2026-04-03T02:36:28.800+0600][61.728s][info][gc,phases      ] GC(307)   Other: 0.35ms
[2026-04-03T02:36:28.800+0600][61.728s][info][gc,heap        ] GC(307) Eden regions: 54->0(307)
[2026-04-03T02:36:28.800+0600][61.728s][info][gc,heap        ] GC(307) Survivor regions: 9->9(40)
[2026-04-03T02:36:28.800+0600][61.728s][info][gc,heap        ] GC(307) Old regions: 86->86
[2026-04-03T02:36:28.800+0600][61.728s][info][gc,heap        ] GC(307) Humongous regions: 8->8
[2026-04-03T02:36:28.800+0600][61.728s][info][gc,metaspace   ] GC(307) Metaspace: 131664K(133120K)->131664K(133120K) NonClass: 115109K(115840K)->115109K(115840K) Class: 16554K(17280K)->16554K(17280K)
[2026-04-03T02:36:28.800+0600][61.728s][info][gc             ] GC(307) Pause Young (Concurrent Start) (G1 Humongous Allocation) 155M->101M(528M) 5.597ms
[2026-04-03T02:36:28.800+0600][61.728s][info][gc             ] GC(308) Concurrent Mark Cycle
[2026-04-03T02:36:28.800+0600][61.728s][info][gc,marking     ] GC(308) Concurrent Scan Root Regions
[2026-04-03T02:36:28.800+0600][61.728s][info][gc,cpu         ] GC(307) User=0.04s Sys=0.00s Real=0.01s
[2026-04-03T02:36:28.803+0600][61.731s][info][gc,marking     ] GC(308) Concurrent Scan Root Regions 3.219ms
[2026-04-03T02:36:28.803+0600][61.731s][info][gc,marking     ] GC(308) Concurrent Mark
[2026-04-03T02:36:28.803+0600][61.731s][info][gc,marking     ] GC(308) Concurrent Mark From Roots
[2026-04-03T02:36:28.803+0600][61.731s][info][gc,task        ] GC(308) Using 3 workers of 3 for marking
[2026-04-03T02:36:28.893+0600][61.821s][info][gc,marking     ] GC(308) Concurrent Mark From Roots 89.804ms
[2026-04-03T02:36:28.893+0600][61.821s][info][gc,marking     ] GC(308) Concurrent Preclean
[2026-04-03T02:36:28.893+0600][61.821s][info][gc,marking     ] GC(308) Concurrent Preclean 0.302ms
[2026-04-03T02:36:28.894+0600][61.822s][info][gc,start       ] GC(308) Pause Remark
[2026-04-03T02:36:28.903+0600][61.831s][info][gc             ] GC(308) Pause Remark 211M->211M(420M) 8.829ms
[2026-04-03T02:36:28.903+0600][61.831s][info][gc,cpu         ] GC(308) User=0.07s Sys=0.00s Real=0.01s
[2026-04-03T02:36:28.903+0600][61.831s][info][gc,marking     ] GC(308) Concurrent Mark 99.730ms
[2026-04-03T02:36:28.903+0600][61.831s][info][gc,marking     ] GC(308) Concurrent Rebuild Remembered Sets and Scrub Regions
[2026-04-03T02:36:28.938+0600][61.866s][info][gc,marking     ] GC(308) Concurrent Rebuild Remembered Sets and Scrub Regions 34.738ms
[2026-04-03T02:36:28.938+0600][61.866s][info][gc,start       ] GC(308) Pause Cleanup
[2026-04-03T02:36:28.938+0600][61.866s][info][gc             ] GC(308) Pause Cleanup 254M->254M(420M) 0.307ms
[2026-04-03T02:36:28.939+0600][61.866s][info][gc,cpu         ] GC(308) User=0.00s Sys=0.00s Real=0.00s
[2026-04-03T02:36:28.939+0600][61.866s][info][gc,marking     ] GC(308) Concurrent Clear Claimed Marks
[2026-04-03T02:36:28.939+0600][61.867s][info][gc,marking     ] GC(308) Concurrent Clear Claimed Marks 0.450ms
[2026-04-03T02:36:28.939+0600][61.867s][info][gc,marking     ] GC(308) Concurrent Cleanup for Next Mark
[2026-04-03T02:36:28.940+0600][61.868s][info][gc,marking     ] GC(308) Concurrent Cleanup for Next Mark 0.868ms
[2026-04-03T02:36:28.940+0600][61.868s][info][gc             ] GC(308) Concurrent Mark Cycle 140.115ms
[2026-04-03T02:36:29.051+0600][61.979s][info][gc,start       ] GC(309) Pause Young (Prepare Mixed) (G1 Evacuation Pause)
[2026-04-03T02:36:29.051+0600][61.979s][info][gc,task        ] GC(309) Using 10 workers of 10 for evacuation
[2026-04-03T02:36:29.056+0600][61.984s][info][gc,phases      ] GC(309)   Pre Evacuate Collection Set: 0.27ms
[2026-04-03T02:36:29.056+0600][61.984s][info][gc,phases      ] GC(309)   Merge Heap Roots: 0.15ms
[2026-04-03T02:36:29.056+0600][61.984s][info][gc,phases      ] GC(309)   Evacuate Collection Set: 3.75ms
[2026-04-03T02:36:29.056+0600][61.984s][info][gc,phases      ] GC(309)   Post Evacuate Collection Set: 0.60ms
[2026-04-03T02:36:29.056+0600][61.984s][info][gc,phases      ] GC(309)   Other: 0.09ms
[2026-04-03T02:36:29.056+0600][61.984s][info][gc,heap        ] GC(309) Eden regions: 168->0(299)
[2026-04-03T02:36:29.056+0600][61.984s][info][gc,heap        ] GC(309) Survivor regions: 9->10(32)
[2026-04-03T02:36:29.056+0600][61.984s][info][gc,heap        ] GC(309) Old regions: 86->87
[2026-04-03T02:36:29.056+0600][61.984s][info][gc,heap        ] GC(309) Humongous regions: 242->23
[2026-04-03T02:36:29.056+0600][61.984s][info][gc,metaspace   ] GC(309) Metaspace: 131664K(133120K)->131664K(133120K) NonClass: 115110K(115840K)->115110K(115840K) Class: 16554K(17280K)->16554K(17280K)
[2026-04-03T02:36:29.056+0600][61.984s][info][gc             ] GC(309) Pause Young (Prepare Mixed) (G1 Evacuation Pause) 503M->117M(516M) 5.102ms
[2026-04-03T02:36:29.056+0600][61.984s][info][gc,cpu         ] GC(309) User=0.03s Sys=0.00s Real=0.00s
[2026-04-03T02:36:29.172+0600][62.100s][info][gc,start       ] GC(310) Pause Young (Mixed) (G1 Evacuation Pause)
[2026-04-03T02:36:29.172+0600][62.100s][info][gc,task        ] GC(310) Using 10 workers of 10 for evacuation
[2026-04-03T02:36:29.177+0600][62.105s][info][gc,phases      ] GC(310)   Pre Evacuate Collection Set: 0.35ms
[2026-04-03T02:36:29.177+0600][62.105s][info][gc,phases      ] GC(310)   Merge Heap Roots: 0.18ms
[2026-04-03T02:36:29.177+0600][62.105s][info][gc,phases      ] GC(310)   Evacuate Collection Set: 3.15ms
[2026-04-03T02:36:29.177+0600][62.105s][info][gc,phases      ] GC(310)   Post Evacuate Collection Set: 0.82ms
[2026-04-03T02:36:29.177+0600][62.105s][info][gc,phases      ] GC(310)   Other: 0.10ms
[2026-04-03T02:36:29.177+0600][62.105s][info][gc,heap        ] GC(310) Eden regions: 69->0(398)
[2026-04-03T02:36:29.177+0600][62.105s][info][gc,heap        ] GC(310) Survivor regions: 10->7(39)
[2026-04-03T02:36:29.177+0600][62.105s][info][gc,heap        ] GC(310) Old regions: 87->86
[2026-04-03T02:36:29.177+0600][62.105s][info][gc,heap        ] GC(310) Humongous regions: 502->18
[2026-04-03T02:36:29.177+0600][62.105s][info][gc,metaspace   ] GC(310) Metaspace: 131665K(133120K)->131665K(133120K) NonClass: 115111K(115840K)->115111K(115840K) Class: 16554K(17280K)->16554K(17280K)
[2026-04-03T02:36:29.177+0600][62.105s][info][gc             ] GC(310) Pause Young (Mixed) (G1 Evacuation Pause) 665M->109M(676M) 4.928ms
[2026-04-03T02:36:29.177+0600][62.105s][info][gc,cpu         ] GC(310) User=0.02s Sys=0.01s Real=0.00s
[2026-04-03T02:36:29.178+0600][62.106s][info][gc,start       ] GC(311) Pause Young (Concurrent Start) (G1 Humongous Allocation)
[2026-04-03T02:36:29.178+0600][62.106s][info][gc,task        ] GC(311) Using 10 workers of 10 for evacuation
[2026-04-03T02:36:29.180+0600][62.108s][info][gc,phases      ] GC(311)   Pre Evacuate Collection Set: 0.24ms
[2026-04-03T02:36:29.180+0600][62.108s][info][gc,phases      ] GC(311)   Merge Heap Roots: 0.08ms
[2026-04-03T02:36:29.180+0600][62.108s][info][gc,phases      ] GC(311)   Evacuate Collection Set: 1.75ms
[2026-04-03T02:36:29.180+0600][62.108s][info][gc,phases      ] GC(311)   Post Evacuate Collection Set: 0.40ms
[2026-04-03T02:36:29.180+0600][62.108s][info][gc,phases      ] GC(311)   Other: 0.12ms
[2026-04-03T02:36:29.180+0600][62.108s][info][gc,heap        ] GC(311) Eden regions: 2->0(398)
[2026-04-03T02:36:29.180+0600][62.108s][info][gc,heap        ] GC(311) Survivor regions: 7->7(51)
[2026-04-03T02:36:29.180+0600][62.108s][info][gc,heap        ] GC(311) Old regions: 86->86
[2026-04-03T02:36:29.180+0600][62.108s][info][gc,heap        ] GC(311) Humongous regions: 18->8
[2026-04-03T02:36:29.180+0600][62.108s][info][gc,metaspace   ] GC(311) Metaspace: 131665K(133120K)->131665K(133120K) NonClass: 115111K(115840K)->115111K(115840K) Class: 16554K(17280K)->16554K(17280K)
[2026-04-03T02:36:29.180+0600][62.108s][info][gc             ] GC(311) Pause Young (Concurrent Start) (G1 Humongous Allocation) 111M->99M(676M) 2.848ms
[2026-04-03T02:36:29.181+0600][62.108s][info][gc             ] GC(312) Concurrent Mark Cycle
[2026-04-03T02:36:29.181+0600][62.108s][info][gc,marking     ] GC(312) Concurrent Scan Root Regions
[2026-04-03T02:36:29.181+0600][62.108s][info][gc,cpu         ] GC(311) User=0.02s Sys=0.01s Real=0.01s
[2026-04-03T02:36:29.183+0600][62.111s][info][gc,marking     ] GC(312) Concurrent Scan Root Regions 2.178ms
[2026-04-03T02:36:29.183+0600][62.111s][info][gc,marking     ] GC(312) Concurrent Mark
[2026-04-03T02:36:29.183+0600][62.111s][info][gc,marking     ] GC(312) Concurrent Mark From Roots
[2026-04-03T02:36:29.183+0600][62.111s][info][gc,task        ] GC(312) Using 3 workers of 3 for marking
[2026-04-03T02:36:29.260+0600][62.188s][info][gc,marking     ] GC(312) Concurrent Mark From Roots 76.858ms
[2026-04-03T02:36:29.260+0600][62.188s][info][gc,marking     ] GC(312) Concurrent Preclean
[2026-04-03T02:36:29.260+0600][62.188s][info][gc,marking     ] GC(312) Concurrent Preclean 0.177ms
[2026-04-03T02:36:29.260+0600][62.188s][info][gc,start       ] GC(312) Pause Remark
[2026-04-03T02:36:29.267+0600][62.195s][info][gc             ] GC(312) Pause Remark 214M->214M(534M) 6.596ms
[2026-04-03T02:36:29.267+0600][62.195s][info][gc,cpu         ] GC(312) User=0.04s Sys=0.01s Real=0.00s
[2026-04-03T02:36:29.267+0600][62.195s][info][gc,marking     ] GC(312) Concurrent Mark 84.270ms
[2026-04-03T02:36:29.267+0600][62.195s][info][gc,marking     ] GC(312) Concurrent Rebuild Remembered Sets and Scrub Regions
[2026-04-03T02:36:29.295+0600][62.223s][info][gc,marking     ] GC(312) Concurrent Rebuild Remembered Sets and Scrub Regions 28.260ms
[2026-04-03T02:36:29.296+0600][62.224s][info][gc,start       ] GC(312) Pause Cleanup
[2026-04-03T02:36:29.296+0600][62.224s][info][gc             ] GC(312) Pause Cleanup 251M->251M(534M) 0.272ms
[2026-04-03T02:36:29.296+0600][62.224s][info][gc,cpu         ] GC(312) User=0.00s Sys=0.00s Real=0.00s
[2026-04-03T02:36:29.296+0600][62.224s][info][gc,marking     ] GC(312) Concurrent Clear Claimed Marks
[2026-04-03T02:36:29.297+0600][62.224s][info][gc,marking     ] GC(312) Concurrent Clear Claimed Marks 0.347ms
[2026-04-03T02:36:29.297+0600][62.224s][info][gc,marking     ] GC(312) Concurrent Cleanup for Next Mark
[2026-04-03T02:36:29.298+0600][62.226s][info][gc,marking     ] GC(312) Concurrent Cleanup for Next Mark 1.645ms
[2026-04-03T02:36:29.298+0600][62.226s][info][gc             ] GC(312) Concurrent Mark Cycle 117.727ms
[2026-04-03T02:36:29.685+0600][62.613s][info][gc,start       ] GC(313) Pause Young (Prepare Mixed) (G1 Evacuation Pause)
[2026-04-03T02:36:29.685+0600][62.613s][info][gc,task        ] GC(313) Using 10 workers of 10 for evacuation
[2026-04-03T02:36:29.690+0600][62.618s][info][gc,phases      ] GC(313)   Pre Evacuate Collection Set: 0.35ms
[2026-04-03T02:36:29.690+0600][62.618s][info][gc,phases      ] GC(313)   Merge Heap Roots: 0.26ms
[2026-04-03T02:36:29.690+0600][62.618s][info][gc,phases      ] GC(313)   Evacuate Collection Set: 4.08ms
[2026-04-03T02:36:29.690+0600][62.618s][info][gc,phases      ] GC(313)   Post Evacuate Collection Set: 0.69ms
[2026-04-03T02:36:29.690+0600][62.618s][info][gc,phases      ] GC(313)   Other: 0.11ms
[2026-04-03T02:36:29.691+0600][62.618s][info][gc,heap        ] GC(313) Eden regions: 275->0(318)
[2026-04-03T02:36:29.691+0600][62.618s][info][gc,heap        ] GC(313) Survivor regions: 7->7(40)
[2026-04-03T02:36:29.691+0600][62.618s][info][gc,heap        ] GC(313) Old regions: 86->87
[2026-04-03T02:36:29.691+0600][62.618s][info][gc,heap        ] GC(313) Humongous regions: 166->8
[2026-04-03T02:36:29.691+0600][62.618s][info][gc,metaspace   ] GC(313) Metaspace: 131683K(133120K)->131683K(133120K) NonClass: 115128K(115840K)->115128K(115840K) Class: 16554K(17280K)->16554K(17280K)
[2026-04-03T02:36:29.691+0600][62.618s][info][gc             ] GC(313) Pause Young (Prepare Mixed) (G1 Evacuation Pause) 532M->98M(542M) 5.778ms
[2026-04-03T02:36:29.691+0600][62.619s][info][gc,cpu         ] GC(313) User=0.02s Sys=0.01s Real=0.01s
[2026-04-03T02:36:29.972+0600][62.899s][info][gc,start       ] GC(314) Pause Young (Mixed) (G1 Evacuation Pause)
[2026-04-03T02:36:29.972+0600][62.899s][info][gc,task        ] GC(314) Using 10 workers of 10 for evacuation
[2026-04-03T02:36:29.977+0600][62.905s][info][gc,phases      ] GC(314)   Pre Evacuate Collection Set: 0.31ms
[2026-04-03T02:36:29.977+0600][62.905s][info][gc,phases      ] GC(314)   Merge Heap Roots: 0.27ms
[2026-04-03T02:36:29.977+0600][62.905s][info][gc,phases      ] GC(314)   Evacuate Collection Set: 4.08ms
[2026-04-03T02:36:29.977+0600][62.905s][info][gc,phases      ] GC(314)   Post Evacuate Collection Set: 0.95ms
[2026-04-03T02:36:29.977+0600][62.905s][info][gc,phases      ] GC(314)   Other: 0.12ms
[2026-04-03T02:36:29.977+0600][62.905s][info][gc,heap        ] GC(314) Eden regions: 249->0(325)
[2026-04-03T02:36:29.978+0600][62.905s][info][gc,heap        ] GC(314) Survivor regions: 7->7(41)
[2026-04-03T02:36:29.978+0600][62.905s][info][gc,heap        ] GC(314) Old regions: 87->86
[2026-04-03T02:36:29.978+0600][62.905s][info][gc,heap        ] GC(314) Humongous regions: 203->8
[2026-04-03T02:36:29.978+0600][62.905s][info][gc,metaspace   ] GC(314) Metaspace: 131683K(133120K)->131683K(133120K) NonClass: 115128K(115840K)->115128K(115840K) Class: 16554K(17280K)->16554K(17280K)
[2026-04-03T02:36:29.978+0600][62.905s][info][gc             ] GC(314) Pause Young (Mixed) (G1 Evacuation Pause) 542M->99M(554M) 6.045ms
[2026-04-03T02:36:29.978+0600][62.906s][info][gc,cpu         ] GC(314) User=0.03s Sys=0.01s Real=0.00s
[2026-04-03T02:36:29.979+0600][62.907s][info][gc,start       ] GC(315) Pause Young (Concurrent Start) (G1 Humongous Allocation)
[2026-04-03T02:36:29.979+0600][62.907s][info][gc,task        ] GC(315) Using 10 workers of 10 for evacuation
[2026-04-03T02:36:29.983+0600][62.911s][info][gc,phases      ] GC(315)   Pre Evacuate Collection Set: 0.34ms
[2026-04-03T02:36:29.983+0600][62.911s][info][gc,phases      ] GC(315)   Merge Heap Roots: 0.10ms
[2026-04-03T02:36:29.983+0600][62.911s][info][gc,phases      ] GC(315)   Evacuate Collection Set: 2.72ms
[2026-04-03T02:36:29.983+0600][62.911s][info][gc,phases      ] GC(315)   Post Evacuate Collection Set: 0.61ms
[2026-04-03T02:36:29.983+0600][62.911s][info][gc,phases      ] GC(315)   Other: 0.11ms
[2026-04-03T02:36:29.983+0600][62.911s][info][gc,heap        ] GC(315) Eden regions: 4->0(269)
[2026-04-03T02:36:29.983+0600][62.911s][info][gc,heap        ] GC(315) Survivor regions: 7->7(42)
[2026-04-03T02:36:29.983+0600][62.911s][info][gc,heap        ] GC(315) Old regions: 86->86
[2026-04-03T02:36:29.983+0600][62.911s][info][gc,heap        ] GC(315) Humongous regions: 8->8
[2026-04-03T02:36:29.983+0600][62.911s][info][gc,metaspace   ] GC(315) Metaspace: 131683K(133120K)->131683K(133120K) NonClass: 115128K(115840K)->115128K(115840K) Class: 16554K(17280K)->16554K(17280K)
[2026-04-03T02:36:29.983+0600][62.911s][info][gc             ] GC(315) Pause Young (Concurrent Start) (G1 Humongous Allocation) 103M->99M(554M) 4.176ms
[2026-04-03T02:36:29.983+0600][62.911s][info][gc             ] GC(316) Concurrent Mark Cycle
[2026-04-03T02:36:29.984+0600][62.911s][info][gc,cpu         ] GC(315) User=0.03s Sys=0.00s Real=0.01s
[2026-04-03T02:36:29.984+0600][62.911s][info][gc,marking     ] GC(316) Concurrent Scan Root Regions
[2026-04-03T02:36:29.987+0600][62.915s][info][gc,marking     ] GC(316) Concurrent Scan Root Regions 3.384ms
[2026-04-03T02:36:29.987+0600][62.915s][info][gc,marking     ] GC(316) Concurrent Mark
[2026-04-03T02:36:29.987+0600][62.915s][info][gc,marking     ] GC(316) Concurrent Mark From Roots
[2026-04-03T02:36:29.987+0600][62.915s][info][gc,task        ] GC(316) Using 3 workers of 3 for marking
[2026-04-03T02:36:30.069+0600][62.997s][info][gc,marking     ] GC(316) Concurrent Mark From Roots 81.626ms
[2026-04-03T02:36:30.069+0600][62.997s][info][gc,marking     ] GC(316) Concurrent Preclean
[2026-04-03T02:36:30.069+0600][62.997s][info][gc,marking     ] GC(316) Concurrent Preclean 0.339ms
[2026-04-03T02:36:30.070+0600][62.997s][info][gc,start       ] GC(316) Pause Remark
[2026-04-03T02:36:30.080+0600][63.007s][info][gc             ] GC(316) Pause Remark 184M->184M(457M) 9.989ms
[2026-04-03T02:36:30.080+0600][63.008s][info][gc,cpu         ] GC(316) User=0.08s Sys=0.00s Real=0.02s
[2026-04-03T02:36:30.081+0600][63.009s][info][gc,marking     ] GC(316) Concurrent Mark 94.085ms
[2026-04-03T02:36:30.081+0600][63.009s][info][gc,marking     ] GC(316) Concurrent Rebuild Remembered Sets and Scrub Regions
[2026-04-03T02:36:30.115+0600][63.043s][info][gc,marking     ] GC(316) Concurrent Rebuild Remembered Sets and Scrub Regions 33.934ms
[2026-04-03T02:36:30.116+0600][63.044s][info][gc,start       ] GC(316) Pause Cleanup
[2026-04-03T02:36:30.117+0600][63.044s][info][gc             ] GC(316) Pause Cleanup 228M->228M(457M) 0.351ms
[2026-04-03T02:36:30.117+0600][63.044s][info][gc,cpu         ] GC(316) User=0.00s Sys=0.00s Real=0.00s
[2026-04-03T02:36:30.117+0600][63.045s][info][gc,marking     ] GC(316) Concurrent Clear Claimed Marks
[2026-04-03T02:36:30.117+0600][63.045s][info][gc,marking     ] GC(316) Concurrent Clear Claimed Marks 0.446ms
[2026-04-03T02:36:30.117+0600][63.045s][info][gc,marking     ] GC(316) Concurrent Cleanup for Next Mark
[2026-04-03T02:36:30.118+0600][63.046s][info][gc,marking     ] GC(316) Concurrent Cleanup for Next Mark 0.823ms
[2026-04-03T02:36:30.118+0600][63.046s][info][gc             ] GC(316) Concurrent Mark Cycle 134.582ms
[2026-04-03T02:36:30.273+0600][63.201s][info][gc,start       ] GC(317) Pause Young (Prepare Mixed) (G1 Evacuation Pause)
[2026-04-03T02:36:30.273+0600][63.201s][info][gc,task        ] GC(317) Using 10 workers of 10 for evacuation
[2026-04-03T02:36:30.278+0600][63.205s][info][gc,phases      ] GC(317)   Pre Evacuate Collection Set: 0.23ms
[2026-04-03T02:36:30.278+0600][63.205s][info][gc,phases      ] GC(317)   Merge Heap Roots: 0.16ms
[2026-04-03T02:36:30.278+0600][63.205s][info][gc,phases      ] GC(317)   Evacuate Collection Set: 2.74ms
[2026-04-03T02:36:30.278+0600][63.205s][info][gc,phases      ] GC(317)   Post Evacuate Collection Set: 0.79ms
[2026-04-03T02:36:30.278+0600][63.205s][info][gc,phases      ] GC(317)   Other: 0.10ms
[2026-04-03T02:36:30.278+0600][63.205s][info][gc,heap        ] GC(317) Eden regions: 203->0(242)
[2026-04-03T02:36:30.278+0600][63.205s][info][gc,heap        ] GC(317) Survivor regions: 7->7(35)
[2026-04-03T02:36:30.278+0600][63.205s][info][gc,heap        ] GC(317) Old regions: 86->87
[2026-04-03T02:36:30.278+0600][63.205s][info][gc,heap        ] GC(317) Humongous regions: 170->8
[2026-04-03T02:36:30.278+0600][63.205s][info][gc,metaspace   ] GC(317) Metaspace: 131683K(133120K)->131683K(133120K) NonClass: 115128K(115840K)->115128K(115840K) Class: 16554K(17280K)->16554K(17280K)
[2026-04-03T02:36:30.278+0600][63.206s][info][gc             ] GC(317) Pause Young (Prepare Mixed) (G1 Evacuation Pause) 464M->99M(474M) 4.256ms
[2026-04-03T02:36:30.278+0600][63.206s][info][gc,cpu         ] GC(317) User=0.03s Sys=0.00s Real=0.00s
[2026-04-03T02:36:30.600+0600][63.528s][info][gc,start       ] GC(318) Pause Young (Mixed) (G1 Evacuation Pause)
[2026-04-03T02:36:30.600+0600][63.528s][info][gc,task        ] GC(318) Using 10 workers of 10 for evacuation
[2026-04-03T02:36:30.606+0600][63.534s][info][gc,phases      ] GC(318)   Pre Evacuate Collection Set: 0.46ms
[2026-04-03T02:36:30.607+0600][63.534s][info][gc,phases      ] GC(318)   Merge Heap Roots: 0.42ms
[2026-04-03T02:36:30.607+0600][63.534s][info][gc,phases      ] GC(318)   Evacuate Collection Set: 4.15ms
[2026-04-03T02:36:30.607+0600][63.534s][info][gc,phases      ] GC(318)   Post Evacuate Collection Set: 1.43ms
[2026-04-03T02:36:30.607+0600][63.534s][info][gc,phases      ] GC(318)   Other: 0.17ms
[2026-04-03T02:36:30.607+0600][63.534s][info][gc,heap        ] GC(318) Eden regions: 242->0(261)
[2026-04-03T02:36:30.607+0600][63.534s][info][gc,heap        ] GC(318) Survivor regions: 7->8(32)
[2026-04-03T02:36:30.607+0600][63.534s][info][gc,heap        ] GC(318) Old regions: 87->85
[2026-04-03T02:36:30.607+0600][63.534s][info][gc,heap        ] GC(318) Humongous regions: 133->8
[2026-04-03T02:36:30.607+0600][63.535s][info][gc,metaspace   ] GC(318) Metaspace: 131690K(133120K)->131690K(133120K) NonClass: 115134K(115840K)->115134K(115840K) Class: 16555K(17280K)->16555K(17280K)
[2026-04-03T02:36:30.607+0600][63.535s][info][gc             ] GC(318) Pause Young (Mixed) (G1 Evacuation Pause) 466M->100M(477M) 7.060ms
[2026-04-03T02:36:30.607+0600][63.535s][info][gc,cpu         ] GC(318) User=0.05s Sys=0.01s Real=0.01s
[2026-04-03T02:36:30.647+0600][63.574s][info][gc,start       ] GC(319) Pause Young (Concurrent Start) (G1 Humongous Allocation)
[2026-04-03T02:36:30.647+0600][63.575s][info][gc,task        ] GC(319) Using 10 workers of 10 for evacuation
[2026-04-03T02:36:30.653+0600][63.580s][info][gc,phases      ] GC(319)   Pre Evacuate Collection Set: 0.50ms
[2026-04-03T02:36:30.653+0600][63.580s][info][gc,phases      ] GC(319)   Merge Heap Roots: 0.18ms
[2026-04-03T02:36:30.653+0600][63.580s][info][gc,phases      ] GC(319)   Evacuate Collection Set: 4.25ms
[2026-04-03T02:36:30.653+0600][63.580s][info][gc,phases      ] GC(319)   Post Evacuate Collection Set: 0.67ms
[2026-04-03T02:36:30.653+0600][63.580s][info][gc,phases      ] GC(319)   Other: 0.20ms
[2026-04-03T02:36:30.653+0600][63.581s][info][gc,heap        ] GC(319) Eden regions: 55->0(274)
[2026-04-03T02:36:30.653+0600][63.581s][info][gc,heap        ] GC(319) Survivor regions: 8->11(34)
[2026-04-03T02:36:30.653+0600][63.581s][info][gc,heap        ] GC(319) Old regions: 85->85
[2026-04-03T02:36:30.653+0600][63.581s][info][gc,heap        ] GC(319) Humongous regions: 8->8
[2026-04-03T02:36:30.653+0600][63.581s][info][gc,metaspace   ] GC(319) Metaspace: 131690K(133120K)->131690K(133120K) NonClass: 115134K(115840K)->115134K(115840K) Class: 16555K(17280K)->16555K(17280K)
[2026-04-03T02:36:30.653+0600][63.581s][info][gc             ] GC(319) Pause Young (Concurrent Start) (G1 Humongous Allocation) 155M->103M(477M) 6.183ms
[2026-04-03T02:36:30.653+0600][63.581s][info][gc             ] GC(320) Concurrent Mark Cycle
[2026-04-03T02:36:30.653+0600][63.581s][info][gc,marking     ] GC(320) Concurrent Scan Root Regions
[2026-04-03T02:36:30.653+0600][63.581s][info][gc,cpu         ] GC(319) User=0.05s Sys=0.00s Real=0.01s
[2026-04-03T02:36:30.657+0600][63.585s][info][gc,marking     ] GC(320) Concurrent Scan Root Regions 3.696ms
[2026-04-03T02:36:30.657+0600][63.585s][info][gc,marking     ] GC(320) Concurrent Mark
[2026-04-03T02:36:30.657+0600][63.585s][info][gc,marking     ] GC(320) Concurrent Mark From Roots
[2026-04-03T02:36:30.657+0600][63.585s][info][gc,task        ] GC(320) Using 3 workers of 3 for marking
[2026-04-03T02:36:30.755+0600][63.682s][info][gc,marking     ] GC(320) Concurrent Mark From Roots 97.744ms
[2026-04-03T02:36:30.755+0600][63.683s][info][gc,marking     ] GC(320) Concurrent Preclean
[2026-04-03T02:36:30.755+0600][63.683s][info][gc,marking     ] GC(320) Concurrent Preclean 0.379ms
[2026-04-03T02:36:30.756+0600][63.684s][info][gc,start       ] GC(320) Pause Remark
[2026-04-03T02:36:30.765+0600][63.693s][info][gc             ] GC(320) Pause Remark 207M->207M(417M) 9.513ms
[2026-04-03T02:36:30.765+0600][63.693s][info][gc,cpu         ] GC(320) User=0.07s Sys=0.00s Real=0.01s
[2026-04-03T02:36:30.766+0600][63.694s][info][gc,marking     ] GC(320) Concurrent Mark 109.037ms
[2026-04-03T02:36:30.766+0600][63.694s][info][gc,marking     ] GC(320) Concurrent Rebuild Remembered Sets and Scrub Regions
[2026-04-03T02:36:30.803+0600][63.731s][info][gc,marking     ] GC(320) Concurrent Rebuild Remembered Sets and Scrub Regions 36.767ms
[2026-04-03T02:36:30.803+0600][63.731s][info][gc,start       ] GC(320) Pause Cleanup
[2026-04-03T02:36:30.803+0600][63.731s][info][gc             ] GC(320) Pause Cleanup 249M->249M(417M) 0.373ms
[2026-04-03T02:36:30.804+0600][63.732s][info][gc,cpu         ] GC(320) User=0.00s Sys=0.00s Real=0.00s
[2026-04-03T02:36:30.804+0600][63.732s][info][gc,marking     ] GC(320) Concurrent Clear Claimed Marks
[2026-04-03T02:36:30.804+0600][63.732s][info][gc,marking     ] GC(320) Concurrent Clear Claimed Marks 0.418ms
[2026-04-03T02:36:30.804+0600][63.732s][info][gc,marking     ] GC(320) Concurrent Cleanup for Next Mark
[2026-04-03T02:36:30.805+0600][63.733s][info][gc,marking     ] GC(320) Concurrent Cleanup for Next Mark 0.812ms
[2026-04-03T02:36:30.805+0600][63.733s][info][gc             ] GC(320) Concurrent Mark Cycle 152.515ms
[2026-04-03T02:36:30.919+0600][63.847s][info][gc,start       ] GC(321) Pause Young (Prepare Mixed) (G1 Evacuation Pause)
[2026-04-03T02:36:30.919+0600][63.847s][info][gc,task        ] GC(321) Using 10 workers of 10 for evacuation
[2026-04-03T02:36:30.924+0600][63.852s][info][gc,phases      ] GC(321)   Pre Evacuate Collection Set: 0.21ms
[2026-04-03T02:36:30.924+0600][63.852s][info][gc,phases      ] GC(321)   Merge Heap Roots: 0.14ms
[2026-04-03T02:36:30.924+0600][63.852s][info][gc,phases      ] GC(321)   Evacuate Collection Set: 3.73ms
[2026-04-03T02:36:30.924+0600][63.852s][info][gc,phases      ] GC(321)   Post Evacuate Collection Set: 0.73ms
[2026-04-03T02:36:30.924+0600][63.852s][info][gc,phases      ] GC(321)   Other: 0.15ms
[2026-04-03T02:36:30.924+0600][63.852s][info][gc,heap        ] GC(321) Eden regions: 159->0(274)
[2026-04-03T02:36:30.924+0600][63.852s][info][gc,heap        ] GC(321) Survivor regions: 11->9(35)
[2026-04-03T02:36:30.924+0600][63.852s][info][gc,heap        ] GC(321) Old regions: 85->86
[2026-04-03T02:36:30.924+0600][63.852s][info][gc,heap        ] GC(321) Humongous regions: 207->18
[2026-04-03T02:36:30.924+0600][63.852s][info][gc,metaspace   ] GC(321) Metaspace: 131695K(133120K)->131695K(133120K) NonClass: 115139K(115840K)->115139K(115840K) Class: 16556K(17280K)->16556K(17280K)
[2026-04-03T02:36:30.924+0600][63.852s][info][gc             ] GC(321) Pause Young (Prepare Mixed) (G1 Evacuation Pause) 461M->111M(472M) 5.259ms
[2026-04-03T02:36:30.924+0600][63.852s][info][gc,cpu         ] GC(321) User=0.02s Sys=0.01s Real=0.01s
[2026-04-03T02:36:31.034+0600][63.962s][info][gc,start       ] GC(322) Pause Young (Mixed) (G1 Evacuation Pause)
[2026-04-03T02:36:31.034+0600][63.962s][info][gc,task        ] GC(322) Using 10 workers of 10 for evacuation
[2026-04-03T02:36:31.039+0600][63.967s][info][gc,phases      ] GC(322)   Pre Evacuate Collection Set: 0.27ms
[2026-04-03T02:36:31.039+0600][63.967s][info][gc,phases      ] GC(322)   Merge Heap Roots: 0.18ms
[2026-04-03T02:36:31.039+0600][63.967s][info][gc,phases      ] GC(322)   Evacuate Collection Set: 3.45ms
[2026-04-03T02:36:31.039+0600][63.967s][info][gc,phases      ] GC(322)   Post Evacuate Collection Set: 0.88ms
[2026-04-03T02:36:31.039+0600][63.967s][info][gc,phases      ] GC(322)   Other: 0.09ms
[2026-04-03T02:36:31.039+0600][63.967s][info][gc,heap        ] GC(322) Eden regions: 70->0(397)
[2026-04-03T02:36:31.039+0600][63.967s][info][gc,heap        ] GC(322) Survivor regions: 9->8(36)
[2026-04-03T02:36:31.039+0600][63.967s][info][gc,heap        ] GC(322) Old regions: 86->85
[2026-04-03T02:36:31.039+0600][63.967s][info][gc,heap        ] GC(322) Humongous regions: 502->23
[2026-04-03T02:36:31.039+0600][63.967s][info][gc,metaspace   ] GC(322) Metaspace: 131699K(133120K)->131699K(133120K) NonClass: 115143K(115840K)->115143K(115840K) Class: 16556K(17280K)->16556K(17280K)
[2026-04-03T02:36:31.039+0600][63.967s][info][gc             ] GC(322) Pause Young (Mixed) (G1 Evacuation Pause) 665M->114M(676M) 5.127ms
[2026-04-03T02:36:31.039+0600][63.967s][info][gc,cpu         ] GC(322) User=0.03s Sys=0.01s Real=0.00s
[2026-04-03T02:36:31.042+0600][63.969s][info][gc,start       ] GC(323) Pause Young (Concurrent Start) (G1 Humongous Allocation)
[2026-04-03T02:36:31.042+0600][63.969s][info][gc,task        ] GC(323) Using 10 workers of 10 for evacuation
[2026-04-03T02:36:31.044+0600][63.972s][info][gc,phases      ] GC(323)   Pre Evacuate Collection Set: 0.29ms
[2026-04-03T02:36:31.044+0600][63.972s][info][gc,phases      ] GC(323)   Merge Heap Roots: 0.07ms
[2026-04-03T02:36:31.044+0600][63.972s][info][gc,phases      ] GC(323)   Evacuate Collection Set: 1.78ms
[2026-04-03T02:36:31.044+0600][63.972s][info][gc,phases      ] GC(323)   Post Evacuate Collection Set: 0.45ms
[2026-04-03T02:36:31.044+0600][63.972s][info][gc,phases      ] GC(323)   Other: 0.11ms
[2026-04-03T02:36:31.044+0600][63.972s][info][gc,heap        ] GC(323) Eden regions: 3->0(398)
[2026-04-03T02:36:31.044+0600][63.972s][info][gc,heap        ] GC(323) Survivor regions: 8->7(51)
[2026-04-03T02:36:31.044+0600][63.972s][info][gc,heap        ] GC(323) Old regions: 85->86
[2026-04-03T02:36:31.044+0600][63.972s][info][gc,heap        ] GC(323) Humongous regions: 48->8
[2026-04-03T02:36:31.044+0600][63.972s][info][gc,metaspace   ] GC(323) Metaspace: 131699K(133120K)->131699K(133120K) NonClass: 115143K(115840K)->115143K(115840K) Class: 16556K(17280K)->16556K(17280K)
[2026-04-03T02:36:31.044+0600][63.972s][info][gc             ] GC(323) Pause Young (Concurrent Start) (G1 Humongous Allocation) 142M->98M(676M) 2.933ms
[2026-04-03T02:36:31.045+0600][63.972s][info][gc             ] GC(324) Concurrent Undo Cycle
[2026-04-03T02:36:31.045+0600][63.972s][info][gc,cpu         ] GC(323) User=0.02s Sys=0.01s Real=0.00s
[2026-04-03T02:36:31.045+0600][63.972s][info][gc,marking     ] GC(324) Concurrent Clear Claimed Marks
[2026-04-03T02:36:31.045+0600][63.973s][info][gc,marking     ] GC(324) Concurrent Clear Claimed Marks 0.325ms
[2026-04-03T02:36:31.045+0600][63.973s][info][gc,marking     ] GC(324) Concurrent Cleanup for Next Mark
[2026-04-03T02:36:31.045+0600][63.973s][info][gc,marking     ] GC(324) Concurrent Cleanup for Next Mark 0.307ms
[2026-04-03T02:36:31.045+0600][63.973s][info][gc             ] GC(324) Concurrent Undo Cycle 0.822ms
[2026-04-03T02:36:31.046+0600][63.974s][info][gc,start       ] GC(325) Pause Young (Concurrent Start) (G1 Humongous Allocation)
[2026-04-03T02:36:31.046+0600][63.974s][info][gc,task        ] GC(325) Using 10 workers of 10 for evacuation
[2026-04-03T02:36:31.049+0600][63.977s][info][gc,phases      ] GC(325)   Pre Evacuate Collection Set: 0.31ms
[2026-04-03T02:36:31.049+0600][63.977s][info][gc,phases      ] GC(325)   Merge Heap Roots: 0.06ms
[2026-04-03T02:36:31.049+0600][63.977s][info][gc,phases      ] GC(325)   Evacuate Collection Set: 1.66ms
[2026-04-03T02:36:31.049+0600][63.977s][info][gc,phases      ] GC(325)   Post Evacuate Collection Set: 0.50ms
[2026-04-03T02:36:31.049+0600][63.977s][info][gc,phases      ] GC(325)   Other: 0.11ms
[2026-04-03T02:36:31.049+0600][63.977s][info][gc,heap        ] GC(325) Eden regions: 2->0(399)
[2026-04-03T02:36:31.049+0600][63.977s][info][gc,heap        ] GC(325) Survivor regions: 7->6(51)
[2026-04-03T02:36:31.049+0600][63.977s][info][gc,heap        ] GC(325) Old regions: 86->86
[2026-04-03T02:36:31.049+0600][63.977s][info][gc,heap        ] GC(325) Humongous regions: 18->8
[2026-04-03T02:36:31.049+0600][63.977s][info][gc,metaspace   ] GC(325) Metaspace: 131699K(133120K)->131699K(133120K) NonClass: 115143K(115840K)->115143K(115840K) Class: 16556K(17280K)->16556K(17280K)
[2026-04-03T02:36:31.049+0600][63.977s][info][gc             ] GC(325) Pause Young (Concurrent Start) (G1 Humongous Allocation) 110M->98M(676M) 2.888ms
[2026-04-03T02:36:31.049+0600][63.977s][info][gc             ] GC(326) Concurrent Mark Cycle
[2026-04-03T02:36:31.049+0600][63.977s][info][gc,marking     ] GC(326) Concurrent Scan Root Regions
[2026-04-03T02:36:31.049+0600][63.977s][info][gc,cpu         ] GC(325) User=0.02s Sys=0.00s Real=0.00s
[2026-04-03T02:36:31.051+0600][63.979s][info][gc,marking     ] GC(326) Concurrent Scan Root Regions 2.374ms
[2026-04-03T02:36:31.051+0600][63.979s][info][gc,marking     ] GC(326) Concurrent Mark
[2026-04-03T02:36:31.051+0600][63.979s][info][gc,marking     ] GC(326) Concurrent Mark From Roots
[2026-04-03T02:36:31.051+0600][63.979s][info][gc,task        ] GC(326) Using 3 workers of 3 for marking
[2026-04-03T02:36:31.127+0600][64.054s][info][gc,marking     ] GC(326) Concurrent Mark From Roots 75.145ms
[2026-04-03T02:36:31.127+0600][64.054s][info][gc,marking     ] GC(326) Concurrent Preclean
[2026-04-03T02:36:31.127+0600][64.055s][info][gc,marking     ] GC(326) Concurrent Preclean 0.556ms
[2026-04-03T02:36:31.128+0600][64.055s][info][gc,start       ] GC(326) Pause Remark
[2026-04-03T02:36:31.135+0600][64.063s][info][gc             ] GC(326) Pause Remark 206M->206M(514M) 7.333ms
[2026-04-03T02:36:31.135+0600][64.063s][info][gc,cpu         ] GC(326) User=0.05s Sys=0.00s Real=0.01s
[2026-04-03T02:36:31.135+0600][64.063s][info][gc,marking     ] GC(326) Concurrent Mark 83.720ms
[2026-04-03T02:36:31.135+0600][64.063s][info][gc,marking     ] GC(326) Concurrent Rebuild Remembered Sets and Scrub Regions
[2026-04-03T02:36:31.161+0600][64.089s][info][gc,marking     ] GC(326) Concurrent Rebuild Remembered Sets and Scrub Regions 25.946ms
[2026-04-03T02:36:31.161+0600][64.089s][info][gc,start       ] GC(326) Pause Cleanup
[2026-04-03T02:36:31.162+0600][64.090s][info][gc             ] GC(326) Pause Cleanup 221M->221M(514M) 0.304ms
[2026-04-03T02:36:31.162+0600][64.090s][info][gc,cpu         ] GC(326) User=0.00s Sys=0.00s Real=0.00s
[2026-04-03T02:36:31.162+0600][64.090s][info][gc,marking     ] GC(326) Concurrent Clear Claimed Marks
[2026-04-03T02:36:31.162+0600][64.090s][info][gc,marking     ] GC(326) Concurrent Clear Claimed Marks 0.401ms
[2026-04-03T02:36:31.162+0600][64.090s][info][gc,marking     ] GC(326) Concurrent Cleanup for Next Mark
[2026-04-03T02:36:31.165+0600][64.092s][info][gc,marking     ] GC(326) Concurrent Cleanup for Next Mark 2.117ms
[2026-04-03T02:36:31.165+0600][64.092s][info][gc             ] GC(326) Concurrent Mark Cycle 115.726ms
[2026-04-03T02:36:31.560+0600][64.488s][info][gc,start       ] GC(327) Pause Young (Prepare Mixed) (G1 Evacuation Pause)
[2026-04-03T02:36:31.560+0600][64.488s][info][gc,task        ] GC(327) Using 10 workers of 10 for evacuation
[2026-04-03T02:36:31.565+0600][64.493s][info][gc,phases      ] GC(327)   Pre Evacuate Collection Set: 0.23ms
[2026-04-03T02:36:31.565+0600][64.493s][info][gc,phases      ] GC(327)   Merge Heap Roots: 0.18ms
[2026-04-03T02:36:31.565+0600][64.493s][info][gc,phases      ] GC(327)   Evacuate Collection Set: 3.55ms
[2026-04-03T02:36:31.565+0600][64.493s][info][gc,phases      ] GC(327)   Post Evacuate Collection Set: 0.57ms
[2026-04-03T02:36:31.565+0600][64.493s][info][gc,phases      ] GC(327)   Other: 0.09ms
[2026-04-03T02:36:31.565+0600][64.493s][info][gc,heap        ] GC(327) Eden regions: 272->0(313)
[2026-04-03T02:36:31.565+0600][64.493s][info][gc,heap        ] GC(327) Survivor regions: 6->6(39)
[2026-04-03T02:36:31.565+0600][64.493s][info][gc,heap        ] GC(327) Old regions: 86->87
[2026-04-03T02:36:31.565+0600][64.493s][info][gc,heap        ] GC(327) Humongous regions: 161->8
[2026-04-03T02:36:31.565+0600][64.493s][info][gc,metaspace   ] GC(327) Metaspace: 131716K(133120K)->131716K(133120K) NonClass: 115160K(115840K)->115160K(115840K) Class: 16556K(17280K)->16556K(17280K)
[2026-04-03T02:36:31.565+0600][64.493s][info][gc             ] GC(327) Pause Young (Prepare Mixed) (G1 Evacuation Pause) 523M->98M(532M) 4.883ms
[2026-04-03T02:36:31.565+0600][64.493s][info][gc,cpu         ] GC(327) User=0.04s Sys=0.01s Real=0.00s
[2026-04-03T02:36:31.849+0600][64.777s][info][gc,start       ] GC(328) Pause Young (Mixed) (G1 Evacuation Pause)
[2026-04-03T02:36:31.849+0600][64.777s][info][gc,task        ] GC(328) Using 10 workers of 10 for evacuation
[2026-04-03T02:36:31.855+0600][64.782s][info][gc,phases      ] GC(328)   Pre Evacuate Collection Set: 0.28ms
[2026-04-03T02:36:31.855+0600][64.783s][info][gc,phases      ] GC(328)   Merge Heap Roots: 0.22ms
[2026-04-03T02:36:31.855+0600][64.783s][info][gc,phases      ] GC(328)   Evacuate Collection Set: 4.04ms
[2026-04-03T02:36:31.855+0600][64.783s][info][gc,phases      ] GC(328)   Post Evacuate Collection Set: 0.64ms
[2026-04-03T02:36:31.855+0600][64.783s][info][gc,phases      ] GC(328)   Other: 0.10ms
[2026-04-03T02:36:31.855+0600][64.783s][info][gc,heap        ] GC(328) Eden regions: 242->0(317)
[2026-04-03T02:36:31.855+0600][64.783s][info][gc,heap        ] GC(328) Survivor regions: 6->7(40)
[2026-04-03T02:36:31.855+0600][64.783s][info][gc,heap        ] GC(328) Old regions: 87->86
[2026-04-03T02:36:31.855+0600][64.783s][info][gc,heap        ] GC(328) Humongous regions: 197->8
[2026-04-03T02:36:31.855+0600][64.783s][info][gc,metaspace   ] GC(328) Metaspace: 131718K(133120K)->131718K(133120K) NonClass: 115162K(115840K)->115162K(115840K) Class: 16556K(17280K)->16556K(17280K)
[2026-04-03T02:36:31.855+0600][64.783s][info][gc             ] GC(328) Pause Young (Mixed) (G1 Evacuation Pause) 529M->99M(540M) 5.591ms
[2026-04-03T02:36:31.855+0600][64.783s][info][gc,cpu         ] GC(328) User=0.03s Sys=0.02s Real=0.01s
[2026-04-03T02:36:31.870+0600][64.798s][info][gc,start       ] GC(329) Pause Young (Concurrent Start) (G1 Humongous Allocation)
[2026-04-03T02:36:31.870+0600][64.798s][info][gc,task        ] GC(329) Using 10 workers of 10 for evacuation
[2026-04-03T02:36:31.875+0600][64.803s][info][gc,phases      ] GC(329)   Pre Evacuate Collection Set: 0.60ms
[2026-04-03T02:36:31.875+0600][64.803s][info][gc,phases      ] GC(329)   Merge Heap Roots: 0.18ms
[2026-04-03T02:36:31.875+0600][64.803s][info][gc,phases      ] GC(329)   Evacuate Collection Set: 2.92ms
[2026-04-03T02:36:31.875+0600][64.803s][info][gc,phases      ] GC(329)   Post Evacuate Collection Set: 0.62ms
[2026-04-03T02:36:31.875+0600][64.803s][info][gc,phases      ] GC(329)   Other: 0.32ms
[2026-04-03T02:36:31.875+0600][64.803s][info][gc,heap        ] GC(329) Eden regions: 15->0(315)
[2026-04-03T02:36:31.875+0600][64.803s][info][gc,heap        ] GC(329) Survivor regions: 7->9(41)
[2026-04-03T02:36:31.875+0600][64.803s][info][gc,heap        ] GC(329) Old regions: 86->86
[2026-04-03T02:36:31.875+0600][64.803s][info][gc,heap        ] GC(329) Humongous regions: 8->8
[2026-04-03T02:36:31.875+0600][64.803s][info][gc,metaspace   ] GC(329) Metaspace: 131718K(133120K)->131718K(133120K) NonClass: 115162K(115840K)->115162K(115840K) Class: 16556K(17280K)->16556K(17280K)
[2026-04-03T02:36:31.875+0600][64.803s][info][gc             ] GC(329) Pause Young (Concurrent Start) (G1 Humongous Allocation) 114M->101M(540M) 4.952ms
[2026-04-03T02:36:31.875+0600][64.803s][info][gc             ] GC(330) Concurrent Mark Cycle
[2026-04-03T02:36:31.875+0600][64.803s][info][gc,marking     ] GC(330) Concurrent Scan Root Regions
[2026-04-03T02:36:31.875+0600][64.803s][info][gc,cpu         ] GC(329) User=0.03s Sys=0.01s Real=0.00s
[2026-04-03T02:36:31.879+0600][64.806s][info][gc,marking     ] GC(330) Concurrent Scan Root Regions 3.144ms
[2026-04-03T02:36:31.879+0600][64.806s][info][gc,marking     ] GC(330) Concurrent Mark
[2026-04-03T02:36:31.879+0600][64.806s][info][gc,marking     ] GC(330) Concurrent Mark From Roots
[2026-04-03T02:36:31.879+0600][64.807s][info][gc,task        ] GC(330) Using 3 workers of 3 for marking
[2026-04-03T02:36:31.964+0600][64.892s][info][gc,marking     ] GC(330) Concurrent Mark From Roots 85.696ms
[2026-04-03T02:36:31.964+0600][64.892s][info][gc,marking     ] GC(330) Concurrent Preclean
[2026-04-03T02:36:31.965+0600][64.893s][info][gc,marking     ] GC(330) Concurrent Preclean 0.376ms
[2026-04-03T02:36:31.965+0600][64.893s][info][gc,start       ] GC(330) Pause Remark
[2026-04-03T02:36:31.975+0600][64.902s][info][gc             ] GC(330) Pause Remark 195M->195M(484M) 9.422ms
[2026-04-03T02:36:31.975+0600][64.903s][info][gc,cpu         ] GC(330) User=0.07s Sys=0.01s Real=0.01s
[2026-04-03T02:36:31.975+0600][64.903s][info][gc,marking     ] GC(330) Concurrent Mark 96.394ms
[2026-04-03T02:36:31.975+0600][64.903s][info][gc,marking     ] GC(330) Concurrent Rebuild Remembered Sets and Scrub Regions
[2026-04-03T02:36:32.011+0600][64.939s][info][gc,marking     ] GC(330) Concurrent Rebuild Remembered Sets and Scrub Regions 35.839ms
[2026-04-03T02:36:32.011+0600][64.939s][info][gc,start       ] GC(330) Pause Cleanup
[2026-04-03T02:36:32.012+0600][64.940s][info][gc             ] GC(330) Pause Cleanup 241M->241M(484M) 0.343ms
[2026-04-03T02:36:32.012+0600][64.940s][info][gc,cpu         ] GC(330) User=0.00s Sys=0.00s Real=0.00s
[2026-04-03T02:36:32.012+0600][64.940s][info][gc,marking     ] GC(330) Concurrent Clear Claimed Marks
[2026-04-03T02:36:32.012+0600][64.940s][info][gc,marking     ] GC(330) Concurrent Clear Claimed Marks 0.412ms
[2026-04-03T02:36:32.012+0600][64.940s][info][gc,marking     ] GC(330) Concurrent Cleanup for Next Mark
[2026-04-03T02:36:32.013+0600][64.941s][info][gc,marking     ] GC(330) Concurrent Cleanup for Next Mark 0.825ms
[2026-04-03T02:36:32.013+0600][64.941s][info][gc             ] GC(330) Concurrent Mark Cycle 138.013ms
[2026-04-03T02:36:32.170+0600][65.098s][info][gc,start       ] GC(331) Pause Young (Prepare Mixed) (G1 Evacuation Pause)
[2026-04-03T02:36:32.171+0600][65.098s][info][gc,task        ] GC(331) Using 10 workers of 10 for evacuation
[2026-04-03T02:36:32.176+0600][65.104s][info][gc,phases      ] GC(331)   Pre Evacuate Collection Set: 0.24ms
[2026-04-03T02:36:32.176+0600][65.104s][info][gc,phases      ] GC(331)   Merge Heap Roots: 0.18ms
[2026-04-03T02:36:32.176+0600][65.104s][info][gc,phases      ] GC(331)   Evacuate Collection Set: 4.20ms
[2026-04-03T02:36:32.176+0600][65.104s][info][gc,phases      ] GC(331)   Post Evacuate Collection Set: 0.85ms
[2026-04-03T02:36:32.176+0600][65.104s][info][gc,phases      ] GC(331)   Other: 0.11ms
[2026-04-03T02:36:32.176+0600][65.104s][info][gc,heap        ] GC(331) Eden regions: 213->0(287)
[2026-04-03T02:36:32.176+0600][65.104s][info][gc,heap        ] GC(331) Survivor regions: 9->8(37)
[2026-04-03T02:36:32.176+0600][65.104s][info][gc,heap        ] GC(331) Old regions: 86->87
[2026-04-03T02:36:32.176+0600][65.104s][info][gc,heap        ] GC(331) Humongous regions: 176->8
[2026-04-03T02:36:32.176+0600][65.104s][info][gc,metaspace   ] GC(331) Metaspace: 131718K(133120K)->131718K(133120K) NonClass: 115162K(115840K)->115162K(115840K) Class: 16556K(17280K)->16556K(17280K)
[2026-04-03T02:36:32.176+0600][65.104s][info][gc             ] GC(331) Pause Young (Prepare Mixed) (G1 Evacuation Pause) 482M->100M(493M) 5.858ms
[2026-04-03T02:36:32.176+0600][65.104s][info][gc,cpu         ] GC(331) User=0.03s Sys=0.02s Real=0.00s
[2026-04-03T02:36:32.521+0600][65.449s][info][gc,start       ] GC(332) Pause Young (Mixed) (G1 Evacuation Pause)
[2026-04-03T02:36:32.521+0600][65.449s][info][gc,task        ] GC(332) Using 10 workers of 10 for evacuation
[2026-04-03T02:36:32.529+0600][65.457s][info][gc,phases      ] GC(332)   Pre Evacuate Collection Set: 0.46ms
[2026-04-03T02:36:32.529+0600][65.457s][info][gc,phases      ] GC(332)   Merge Heap Roots: 0.28ms
[2026-04-03T02:36:32.529+0600][65.457s][info][gc,phases      ] GC(332)   Evacuate Collection Set: 6.45ms
[2026-04-03T02:36:32.529+0600][65.457s][info][gc,phases      ] GC(332)   Post Evacuate Collection Set: 1.06ms
[2026-04-03T02:36:32.530+0600][65.457s][info][gc,phases      ] GC(332)   Other: 0.14ms
[2026-04-03T02:36:32.530+0600][65.457s][info][gc,heap        ] GC(332) Eden regions: 265->0(292)
[2026-04-03T02:36:32.530+0600][65.457s][info][gc,heap        ] GC(332) Survivor regions: 8->10(37)
[2026-04-03T02:36:32.530+0600][65.457s][info][gc,heap        ] GC(332) Old regions: 87->86
[2026-04-03T02:36:32.530+0600][65.457s][info][gc,heap        ] GC(332) Humongous regions: 133->8
[2026-04-03T02:36:32.530+0600][65.457s][info][gc,metaspace   ] GC(332) Metaspace: 131729K(133184K)->131729K(133184K) NonClass: 115172K(115904K)->115172K(115904K) Class: 16556K(17280K)->16556K(17280K)
[2026-04-03T02:36:32.530+0600][65.458s][info][gc             ] GC(332) Pause Young (Mixed) (G1 Evacuation Pause) 490M->102M(504M) 8.776ms
[2026-04-03T02:36:32.530+0600][65.458s][info][gc,cpu         ] GC(332) User=0.06s Sys=0.01s Real=0.01s
[2026-04-03T02:36:32.546+0600][65.474s][info][gc,start       ] GC(333) Pause Young (Concurrent Start) (G1 Humongous Allocation)
[2026-04-03T02:36:32.547+0600][65.474s][info][gc,task        ] GC(333) Using 10 workers of 10 for evacuation
[2026-04-03T02:36:32.552+0600][65.480s][info][gc,phases      ] GC(333)   Pre Evacuate Collection Set: 0.56ms
[2026-04-03T02:36:32.552+0600][65.480s][info][gc,phases      ] GC(333)   Merge Heap Roots: 0.16ms
[2026-04-03T02:36:32.552+0600][65.480s][info][gc,phases      ] GC(333)   Evacuate Collection Set: 3.26ms
[2026-04-03T02:36:32.552+0600][65.480s][info][gc,phases      ] GC(333)   Post Evacuate Collection Set: 0.85ms
[2026-04-03T02:36:32.552+0600][65.480s][info][gc,phases      ] GC(333)   Other: 0.29ms
[2026-04-03T02:36:32.552+0600][65.480s][info][gc,heap        ] GC(333) Eden regions: 26->0(293)
[2026-04-03T02:36:32.552+0600][65.480s][info][gc,heap        ] GC(333) Survivor regions: 10->9(38)
[2026-04-03T02:36:32.552+0600][65.480s][info][gc,heap        ] GC(333) Old regions: 86->86
[2026-04-03T02:36:32.552+0600][65.480s][info][gc,heap        ] GC(333) Humongous regions: 8->8
[2026-04-03T02:36:32.552+0600][65.480s][info][gc,metaspace   ] GC(333) Metaspace: 131729K(133184K)->131729K(133184K) NonClass: 115172K(115904K)->115172K(115904K) Class: 16556K(17280K)->16556K(17280K)
[2026-04-03T02:36:32.552+0600][65.480s][info][gc             ] GC(333) Pause Young (Concurrent Start) (G1 Humongous Allocation) 127M->101M(504M) 5.510ms
[2026-04-03T02:36:32.552+0600][65.480s][info][gc             ] GC(334) Concurrent Mark Cycle
[2026-04-03T02:36:32.552+0600][65.480s][info][gc,marking     ] GC(334) Concurrent Scan Root Regions
[2026-04-03T02:36:32.552+0600][65.480s][info][gc,cpu         ] GC(333) User=0.03s Sys=0.00s Real=0.01s
[2026-04-03T02:36:32.555+0600][65.483s][info][gc,marking     ] GC(334) Concurrent Scan Root Regions 3.104ms
[2026-04-03T02:36:32.555+0600][65.483s][info][gc,marking     ] GC(334) Concurrent Mark
[2026-04-03T02:36:32.555+0600][65.483s][info][gc,marking     ] GC(334) Concurrent Mark From Roots
[2026-04-03T02:36:32.555+0600][65.483s][info][gc,task        ] GC(334) Using 3 workers of 3 for marking
[2026-04-03T02:36:32.646+0600][65.574s][info][gc,marking     ] GC(334) Concurrent Mark From Roots 90.699ms
[2026-04-03T02:36:32.646+0600][65.574s][info][gc,marking     ] GC(334) Concurrent Preclean
[2026-04-03T02:36:32.647+0600][65.575s][info][gc,marking     ] GC(334) Concurrent Preclean 0.465ms
[2026-04-03T02:36:32.647+0600][65.575s][info][gc,start       ] GC(334) Pause Remark
[2026-04-03T02:36:32.656+0600][65.584s][info][gc             ] GC(334) Pause Remark 216M->216M(420M) 9.292ms
[2026-04-03T02:36:32.657+0600][65.585s][info][gc,cpu         ] GC(334) User=0.07s Sys=0.00s Real=0.01s
[2026-04-03T02:36:32.657+0600][65.585s][info][gc,marking     ] GC(334) Concurrent Mark 101.604ms
[2026-04-03T02:36:32.657+0600][65.585s][info][gc,marking     ] GC(334) Concurrent Rebuild Remembered Sets and Scrub Regions
[2026-04-03T02:36:32.688+0600][65.616s][info][gc,marking     ] GC(334) Concurrent Rebuild Remembered Sets and Scrub Regions 30.780ms
[2026-04-03T02:36:32.688+0600][65.616s][info][gc,start       ] GC(334) Pause Cleanup
[2026-04-03T02:36:32.689+0600][65.616s][info][gc             ] GC(334) Pause Cleanup 254M->254M(420M) 0.376ms
[2026-04-03T02:36:32.689+0600][65.617s][info][gc,cpu         ] GC(334) User=0.00s Sys=0.00s Real=0.00s
[2026-04-03T02:36:32.689+0600][65.617s][info][gc,marking     ] GC(334) Concurrent Clear Claimed Marks
[2026-04-03T02:36:32.689+0600][65.617s][info][gc,marking     ] GC(334) Concurrent Clear Claimed Marks 0.445ms
[2026-04-03T02:36:32.689+0600][65.617s][info][gc,marking     ] GC(334) Concurrent Cleanup for Next Mark
[2026-04-03T02:36:32.690+0600][65.618s][info][gc,marking     ] GC(334) Concurrent Cleanup for Next Mark 0.742ms
[2026-04-03T02:36:32.690+0600][65.618s][info][gc             ] GC(334) Concurrent Mark Cycle 137.880ms
[2026-04-03T02:36:32.787+0600][65.715s][info][gc,start       ] GC(335) Pause Young (Prepare Mixed) (G1 Evacuation Pause)
[2026-04-03T02:36:32.787+0600][65.715s][info][gc,task        ] GC(335) Using 10 workers of 10 for evacuation
[2026-04-03T02:36:32.792+0600][65.720s][info][gc,phases      ] GC(335)   Pre Evacuate Collection Set: 0.34ms
[2026-04-03T02:36:32.792+0600][65.720s][info][gc,phases      ] GC(335)   Merge Heap Roots: 0.15ms
[2026-04-03T02:36:32.792+0600][65.720s][info][gc,phases      ] GC(335)   Evacuate Collection Set: 3.60ms
[2026-04-03T02:36:32.792+0600][65.720s][info][gc,phases      ] GC(335)   Post Evacuate Collection Set: 0.76ms
[2026-04-03T02:36:32.792+0600][65.720s][info][gc,phases      ] GC(335)   Other: 0.11ms
[2026-04-03T02:36:32.792+0600][65.720s][info][gc,heap        ] GC(335) Eden regions: 163->0(261)
[2026-04-03T02:36:32.792+0600][65.720s][info][gc,heap        ] GC(335) Survivor regions: 9->9(32)
[2026-04-03T02:36:32.792+0600][65.720s][info][gc,heap        ] GC(335) Old regions: 86->87
[2026-04-03T02:36:32.792+0600][65.720s][info][gc,heap        ] GC(335) Humongous regions: 182->8
[2026-04-03T02:36:32.792+0600][65.720s][info][gc,metaspace   ] GC(335) Metaspace: 131732K(133184K)->131732K(133184K) NonClass: 115175K(115904K)->115175K(115904K) Class: 16557K(17280K)->16557K(17280K)
[2026-04-03T02:36:32.792+0600][65.720s][info][gc             ] GC(335) Pause Young (Prepare Mixed) (G1 Evacuation Pause) 438M->101M(450M) 5.298ms
[2026-04-03T02:36:32.792+0600][65.720s][info][gc,cpu         ] GC(335) User=0.03s Sys=0.01s Real=0.01s
[2026-04-03T02:36:32.895+0600][65.823s][info][gc,start       ] GC(336) Pause Young (Mixed) (G1 Evacuation Pause)
[2026-04-03T02:36:32.895+0600][65.823s][info][gc,task        ] GC(336) Using 10 workers of 10 for evacuation
[2026-04-03T02:36:32.899+0600][65.827s][info][gc,phases      ] GC(336)   Pre Evacuate Collection Set: 0.33ms
[2026-04-03T02:36:32.899+0600][65.827s][info][gc,phases      ] GC(336)   Merge Heap Roots: 0.19ms
[2026-04-03T02:36:32.899+0600][65.827s][info][gc,phases      ] GC(336)   Evacuate Collection Set: 2.83ms
[2026-04-03T02:36:32.899+0600][65.827s][info][gc,phases      ] GC(336)   Post Evacuate Collection Set: 0.77ms
[2026-04-03T02:36:32.899+0600][65.827s][info][gc,phases      ] GC(336)   Other: 0.10ms
[2026-04-03T02:36:32.899+0600][65.827s][info][gc,heap        ] GC(336) Eden regions: 67->0(337)
[2026-04-03T02:36:32.899+0600][65.827s][info][gc,heap        ] GC(336) Survivor regions: 9->6(34)
[2026-04-03T02:36:32.899+0600][65.827s][info][gc,heap        ] GC(336) Old regions: 87->86
[2026-04-03T02:36:32.899+0600][65.827s][info][gc,heap        ] GC(336) Humongous regions: 402->23
[2026-04-03T02:36:32.900+0600][65.827s][info][gc,metaspace   ] GC(336) Metaspace: 131732K(133184K)->131732K(133184K) NonClass: 115175K(115904K)->115175K(115904K) Class: 16557K(17280K)->16557K(17280K)
[2026-04-03T02:36:32.900+0600][65.827s][info][gc             ] GC(336) Pause Young (Mixed) (G1 Evacuation Pause) 562M->113M(572M) 4.560ms
[2026-04-03T02:36:32.900+0600][65.828s][info][gc,cpu         ] GC(336) User=0.02s Sys=0.01s Real=0.00s
[2026-04-03T02:36:32.900+0600][65.828s][info][gc,start       ] GC(337) Pause Young (Concurrent Start) (G1 Humongous Allocation)
[2026-04-03T02:36:32.900+0600][65.828s][info][gc,task        ] GC(337) Using 10 workers of 10 for evacuation
[2026-04-03T02:36:32.903+0600][65.831s][info][gc,phases      ] GC(337)   Pre Evacuate Collection Set: 0.37ms
[2026-04-03T02:36:32.903+0600][65.831s][info][gc,phases      ] GC(337)   Merge Heap Roots: 0.10ms
[2026-04-03T02:36:32.903+0600][65.831s][info][gc,phases      ] GC(337)   Evacuate Collection Set: 1.83ms
[2026-04-03T02:36:32.903+0600][65.831s][info][gc,phases      ] GC(337)   Post Evacuate Collection Set: 0.61ms
[2026-04-03T02:36:32.903+0600][65.831s][info][gc,phases      ] GC(337)   Other: 0.11ms
[2026-04-03T02:36:32.903+0600][65.831s][info][gc,heap        ] GC(337) Eden regions: 2->0(337)
[2026-04-03T02:36:32.903+0600][65.831s][info][gc,heap        ] GC(337) Survivor regions: 6->6(43)
[2026-04-03T02:36:32.903+0600][65.831s][info][gc,heap        ] GC(337) Old regions: 86->86
[2026-04-03T02:36:32.903+0600][65.831s][info][gc,heap        ] GC(337) Humongous regions: 23->8
[2026-04-03T02:36:32.903+0600][65.831s][info][gc,metaspace   ] GC(337) Metaspace: 131732K(133184K)->131732K(133184K) NonClass: 115175K(115904K)->115175K(115904K) Class: 16557K(17280K)->16557K(17280K)
[2026-04-03T02:36:32.903+0600][65.831s][info][gc             ] GC(337) Pause Young (Concurrent Start) (G1 Humongous Allocation) 115M->98M(572M) 3.296ms
[2026-04-03T02:36:32.903+0600][65.831s][info][gc             ] GC(338) Concurrent Undo Cycle
[2026-04-03T02:36:32.904+0600][65.831s][info][gc,cpu         ] GC(337) User=0.03s Sys=0.00s Real=0.00s
[2026-04-03T02:36:32.904+0600][65.831s][info][gc,marking     ] GC(338) Concurrent Clear Claimed Marks
[2026-04-03T02:36:32.904+0600][65.832s][info][gc,marking     ] GC(338) Concurrent Clear Claimed Marks 0.197ms
[2026-04-03T02:36:32.904+0600][65.832s][info][gc,marking     ] GC(338) Concurrent Cleanup for Next Mark
[2026-04-03T02:36:32.904+0600][65.832s][info][gc,marking     ] GC(338) Concurrent Cleanup for Next Mark 0.271ms
[2026-04-03T02:36:32.904+0600][65.832s][info][gc             ] GC(338) Concurrent Undo Cycle 0.648ms
[2026-04-03T02:36:32.905+0600][65.833s][info][gc,start       ] GC(339) Pause Young (Concurrent Start) (G1 Humongous Allocation)
[2026-04-03T02:36:32.905+0600][65.833s][info][gc,task        ] GC(339) Using 10 workers of 10 for evacuation
[2026-04-03T02:36:32.908+0600][65.836s][info][gc,phases      ] GC(339)   Pre Evacuate Collection Set: 0.37ms
[2026-04-03T02:36:32.908+0600][65.836s][info][gc,phases      ] GC(339)   Merge Heap Roots: 0.08ms
[2026-04-03T02:36:32.908+0600][65.836s][info][gc,phases      ] GC(339)   Evacuate Collection Set: 1.53ms
[2026-04-03T02:36:32.908+0600][65.836s][info][gc,phases      ] GC(339)   Post Evacuate Collection Set: 0.52ms
[2026-04-03T02:36:32.908+0600][65.836s][info][gc,phases      ] GC(339)   Other: 0.18ms
[2026-04-03T02:36:32.908+0600][65.836s][info][gc,heap        ] GC(339) Eden regions: 2->0(295)
[2026-04-03T02:36:32.908+0600][65.836s][info][gc,heap        ] GC(339) Survivor regions: 6->6(43)
[2026-04-03T02:36:32.908+0600][65.836s][info][gc,heap        ] GC(339) Old regions: 86->86
[2026-04-03T02:36:32.908+0600][65.836s][info][gc,heap        ] GC(339) Humongous regions: 28->13
[2026-04-03T02:36:32.908+0600][65.836s][info][gc,metaspace   ] GC(339) Metaspace: 131732K(133184K)->131732K(133184K) NonClass: 115175K(115904K)->115175K(115904K) Class: 16557K(17280K)->16557K(17280K)
[2026-04-03T02:36:32.908+0600][65.836s][info][gc             ] GC(339) Pause Young (Concurrent Start) (G1 Humongous Allocation) 120M->104M(572M) 2.955ms
[2026-04-03T02:36:32.908+0600][65.836s][info][gc,cpu         ] GC(339) User=0.02s Sys=0.00s Real=0.00s
[2026-04-03T02:36:32.908+0600][65.836s][info][gc             ] GC(340) Concurrent Mark Cycle
[2026-04-03T02:36:32.908+0600][65.836s][info][gc,marking     ] GC(340) Concurrent Scan Root Regions
[2026-04-03T02:36:32.911+0600][65.838s][info][gc,marking     ] GC(340) Concurrent Scan Root Regions 2.427ms
[2026-04-03T02:36:32.911+0600][65.839s][info][gc,marking     ] GC(340) Concurrent Mark
[2026-04-03T02:36:32.911+0600][65.839s][info][gc,marking     ] GC(340) Concurrent Mark From Roots
[2026-04-03T02:36:32.911+0600][65.839s][info][gc,task        ] GC(340) Using 3 workers of 3 for marking
[2026-04-03T02:36:32.994+0600][65.922s][info][gc,marking     ] GC(340) Concurrent Mark From Roots 83.201ms
[2026-04-03T02:36:32.994+0600][65.922s][info][gc,marking     ] GC(340) Concurrent Preclean
[2026-04-03T02:36:32.994+0600][65.922s][info][gc,marking     ] GC(340) Concurrent Preclean 0.295ms
[2026-04-03T02:36:32.995+0600][65.922s][info][gc,start       ] GC(340) Pause Remark
[2026-04-03T02:36:33.004+0600][65.932s][info][gc             ] GC(340) Pause Remark 344M->344M(572M) 9.192ms
[2026-04-03T02:36:33.004+0600][65.932s][info][gc,cpu         ] GC(340) User=0.07s Sys=0.00s Real=0.01s
[2026-04-03T02:36:33.004+0600][65.932s][info][gc,marking     ] GC(340) Concurrent Mark 93.353ms
[2026-04-03T02:36:33.004+0600][65.932s][info][gc,marking     ] GC(340) Concurrent Rebuild Remembered Sets and Scrub Regions
[2026-04-03T02:36:33.032+0600][65.960s][info][gc,marking     ] GC(340) Concurrent Rebuild Remembered Sets and Scrub Regions 27.948ms
[2026-04-03T02:36:33.032+0600][65.960s][info][gc,start       ] GC(340) Pause Cleanup
[2026-04-03T02:36:33.033+0600][65.960s][info][gc             ] GC(340) Pause Cleanup 351M->351M(572M) 0.270ms
[2026-04-03T02:36:33.033+0600][65.961s][info][gc,cpu         ] GC(340) User=0.00s Sys=0.00s Real=0.00s
[2026-04-03T02:36:33.033+0600][65.961s][info][gc,marking     ] GC(340) Concurrent Clear Claimed Marks
[2026-04-03T02:36:33.033+0600][65.961s][info][gc,marking     ] GC(340) Concurrent Clear Claimed Marks 0.332ms
[2026-04-03T02:36:33.033+0600][65.961s][info][gc,marking     ] GC(340) Concurrent Cleanup for Next Mark
[2026-04-03T02:36:33.035+0600][65.962s][info][gc,marking     ] GC(340) Concurrent Cleanup for Next Mark 1.522ms
[2026-04-03T02:36:33.035+0600][65.963s][info][gc             ] GC(340) Concurrent Mark Cycle 126.539ms
[2026-04-03T02:36:33.386+0600][66.314s][info][gc,start       ] GC(341) Pause Young (Prepare Mixed) (G1 Evacuation Pause)
[2026-04-03T02:36:33.386+0600][66.314s][info][gc,task        ] GC(341) Using 10 workers of 10 for evacuation
[2026-04-03T02:36:33.390+0600][66.317s][info][gc,phases      ] GC(341)   Pre Evacuate Collection Set: 0.33ms
[2026-04-03T02:36:33.390+0600][66.317s][info][gc,phases      ] GC(341)   Merge Heap Roots: 0.14ms
[2026-04-03T02:36:33.390+0600][66.317s][info][gc,phases      ] GC(341)   Evacuate Collection Set: 2.52ms
[2026-04-03T02:36:33.390+0600][66.317s][info][gc,phases      ] GC(341)   Post Evacuate Collection Set: 0.60ms
[2026-04-03T02:36:33.390+0600][66.317s][info][gc,phases      ] GC(341)   Other: 0.09ms
[2026-04-03T02:36:33.390+0600][66.317s][info][gc,heap        ] GC(341) Eden regions: 210->0(328)
[2026-04-03T02:36:33.390+0600][66.318s][info][gc,heap        ] GC(341) Survivor regions: 6->5(38)
[2026-04-03T02:36:33.390+0600][66.318s][info][gc,heap        ] GC(341) Old regions: 86->86
[2026-04-03T02:36:33.390+0600][66.318s][info][gc,heap        ] GC(341) Humongous regions: 270->8
[2026-04-03T02:36:33.390+0600][66.318s][info][gc,metaspace   ] GC(341) Metaspace: 131738K(133184K)->131738K(133184K) NonClass: 115180K(115904K)->115180K(115904K) Class: 16557K(17280K)->16557K(17280K)
[2026-04-03T02:36:33.390+0600][66.318s][info][gc             ] GC(341) Pause Young (Prepare Mixed) (G1 Evacuation Pause) 571M->97M(577M) 3.911ms
[2026-04-03T02:36:33.390+0600][66.318s][info][gc,cpu         ] GC(341) User=0.02s Sys=0.01s Real=0.01s
[2026-04-03T02:36:33.762+0600][66.690s][info][gc,start       ] GC(342) Pause Young (Mixed) (G1 Evacuation Pause)
[2026-04-03T02:36:33.762+0600][66.690s][info][gc,task        ] GC(342) Using 10 workers of 10 for evacuation
[2026-04-03T02:36:33.769+0600][66.696s][info][gc,phases      ] GC(342)   Pre Evacuate Collection Set: 0.41ms
[2026-04-03T02:36:33.769+0600][66.696s][info][gc,phases      ] GC(342)   Merge Heap Roots: 0.29ms
[2026-04-03T02:36:33.769+0600][66.697s][info][gc,phases      ] GC(342)   Evacuate Collection Set: 4.57ms
[2026-04-03T02:36:33.769+0600][66.697s][info][gc,phases      ] GC(342)   Post Evacuate Collection Set: 0.70ms
[2026-04-03T02:36:33.769+0600][66.697s][info][gc,phases      ] GC(342)   Other: 0.13ms
[2026-04-03T02:36:33.769+0600][66.697s][info][gc,heap        ] GC(342) Eden regions: 284->0(343)
[2026-04-03T02:36:33.769+0600][66.697s][info][gc,heap        ] GC(342) Survivor regions: 5->8(42)
[2026-04-03T02:36:33.769+0600][66.697s][info][gc,heap        ] GC(342) Old regions: 86->86
[2026-04-03T02:36:33.769+0600][66.697s][info][gc,heap        ] GC(342) Humongous regions: 202->8
[2026-04-03T02:36:33.769+0600][66.697s][info][gc,metaspace   ] GC(342) Metaspace: 131738K(133184K)->131738K(133184K) NonClass: 115180K(115904K)->115180K(115904K) Class: 16557K(17280K)->16557K(17280K)
[2026-04-03T02:36:33.769+0600][66.697s][info][gc             ] GC(342) Pause Young (Mixed) (G1 Evacuation Pause) 575M->100M(586M) 6.413ms
[2026-04-03T02:36:33.769+0600][66.697s][info][gc,cpu         ] GC(342) User=0.03s Sys=0.02s Real=0.00s
[2026-04-03T02:36:33.776+0600][66.704s][info][gc,start       ] GC(343) Pause Young (Concurrent Start) (G1 Humongous Allocation)
[2026-04-03T02:36:33.776+0600][66.704s][info][gc,task        ] GC(343) Using 10 workers of 10 for evacuation
[2026-04-03T02:36:33.781+0600][66.709s][info][gc,phases      ] GC(343)   Pre Evacuate Collection Set: 0.60ms
[2026-04-03T02:36:33.781+0600][66.709s][info][gc,phases      ] GC(343)   Merge Heap Roots: 0.14ms
[2026-04-03T02:36:33.781+0600][66.709s][info][gc,phases      ] GC(343)   Evacuate Collection Set: 2.79ms
[2026-04-03T02:36:33.781+0600][66.709s][info][gc,phases      ] GC(343)   Post Evacuate Collection Set: 0.65ms
[2026-04-03T02:36:33.781+0600][66.709s][info][gc,phases      ] GC(343)   Other: 0.25ms
[2026-04-03T02:36:33.781+0600][66.709s][info][gc,heap        ] GC(343) Eden regions: 11->0(344)
[2026-04-03T02:36:33.781+0600][66.709s][info][gc,heap        ] GC(343) Survivor regions: 8->7(44)
[2026-04-03T02:36:33.781+0600][66.709s][info][gc,heap        ] GC(343) Old regions: 86->86
[2026-04-03T02:36:33.781+0600][66.709s][info][gc,heap        ] GC(343) Humongous regions: 8->8
[2026-04-03T02:36:33.781+0600][66.709s][info][gc,metaspace   ] GC(343) Metaspace: 131738K(133184K)->131738K(133184K) NonClass: 115180K(115904K)->115180K(115904K) Class: 16557K(17280K)->16557K(17280K)
[2026-04-03T02:36:33.781+0600][66.709s][info][gc             ] GC(343) Pause Young (Concurrent Start) (G1 Humongous Allocation) 111M->100M(586M) 4.722ms
[2026-04-03T02:36:33.781+0600][66.709s][info][gc             ] GC(344) Concurrent Mark Cycle
[2026-04-03T02:36:33.781+0600][66.709s][info][gc,marking     ] GC(344) Concurrent Scan Root Regions
[2026-04-03T02:36:33.781+0600][66.709s][info][gc,cpu         ] GC(343) User=0.02s Sys=0.00s Real=0.01s
[2026-04-03T02:36:33.784+0600][66.712s][info][gc,marking     ] GC(344) Concurrent Scan Root Regions 2.474ms
[2026-04-03T02:36:33.784+0600][66.712s][info][gc,marking     ] GC(344) Concurrent Mark
[2026-04-03T02:36:33.784+0600][66.712s][info][gc,marking     ] GC(344) Concurrent Mark From Roots
[2026-04-03T02:36:33.784+0600][66.712s][info][gc,task        ] GC(344) Using 3 workers of 3 for marking
[2026-04-03T02:36:33.872+0600][66.800s][info][gc,marking     ] GC(344) Concurrent Mark From Roots 88.164ms
[2026-04-03T02:36:33.872+0600][66.800s][info][gc,marking     ] GC(344) Concurrent Preclean
[2026-04-03T02:36:33.872+0600][66.800s][info][gc,marking     ] GC(344) Concurrent Preclean 0.310ms
[2026-04-03T02:36:33.873+0600][66.801s][info][gc,start       ] GC(344) Pause Remark
[2026-04-03T02:36:33.881+0600][66.809s][info][gc             ] GC(344) Pause Remark 220M->220M(530M) 8.667ms
[2026-04-03T02:36:33.882+0600][66.809s][info][gc,cpu         ] GC(344) User=0.06s Sys=0.00s Real=0.01s
[2026-04-03T02:36:33.882+0600][66.810s][info][gc,marking     ] GC(344) Concurrent Mark 97.840ms
[2026-04-03T02:36:33.882+0600][66.810s][info][gc,marking     ] GC(344) Concurrent Rebuild Remembered Sets and Scrub Regions
[2026-04-03T02:36:33.916+0600][66.844s][info][gc,marking     ] GC(344) Concurrent Rebuild Remembered Sets and Scrub Regions 34.460ms
[2026-04-03T02:36:33.917+0600][66.845s][info][gc,start       ] GC(344) Pause Cleanup
[2026-04-03T02:36:33.917+0600][66.845s][info][gc             ] GC(344) Pause Cleanup 257M->257M(530M) 0.388ms
[2026-04-03T02:36:33.917+0600][66.845s][info][gc,cpu         ] GC(344) User=0.00s Sys=0.00s Real=0.00s
[2026-04-03T02:36:33.917+0600][66.845s][info][gc,marking     ] GC(344) Concurrent Clear Claimed Marks
[2026-04-03T02:36:33.918+0600][66.846s][info][gc,marking     ] GC(344) Concurrent Clear Claimed Marks 0.463ms
[2026-04-03T02:36:33.918+0600][66.846s][info][gc,marking     ] GC(344) Concurrent Cleanup for Next Mark
[2026-04-03T02:36:33.919+0600][66.847s][info][gc,marking     ] GC(344) Concurrent Cleanup for Next Mark 1.116ms
[2026-04-03T02:36:33.919+0600][66.847s][info][gc             ] GC(344) Concurrent Mark Cycle 137.885ms
[2026-04-03T02:36:34.117+0600][67.045s][info][gc,start       ] GC(345) Pause Young (Prepare Mixed) (GCLocker Initiated GC)
[2026-04-03T02:36:34.118+0600][67.045s][info][gc,task        ] GC(345) Using 10 workers of 10 for evacuation
[2026-04-03T02:36:34.124+0600][67.052s][info][gc,phases      ] GC(345)   Pre Evacuate Collection Set: 0.52ms
[2026-04-03T02:36:34.125+0600][67.052s][info][gc,phases      ] GC(345)   Merge Heap Roots: 0.25ms
[2026-04-03T02:36:34.125+0600][67.052s][info][gc,phases      ] GC(345)   Evacuate Collection Set: 5.10ms
[2026-04-03T02:36:34.125+0600][67.052s][info][gc,phases      ] GC(345)   Post Evacuate Collection Set: 0.86ms
[2026-04-03T02:36:34.125+0600][67.052s][info][gc,phases      ] GC(345)   Other: 0.14ms
[2026-04-03T02:36:34.125+0600][67.052s][info][gc,heap        ] GC(345) Eden regions: 240->0(315)
[2026-04-03T02:36:34.125+0600][67.052s][info][gc,heap        ] GC(345) Survivor regions: 7->8(40)
[2026-04-03T02:36:34.125+0600][67.052s][info][gc,heap        ] GC(345) Old regions: 86->87
[2026-04-03T02:36:34.125+0600][67.052s][info][gc,heap        ] GC(345) Humongous regions: 197->8
[2026-04-03T02:36:34.125+0600][67.052s][info][gc,metaspace   ] GC(345) Metaspace: 131738K(133184K)->131738K(133184K) NonClass: 115180K(115904K)->115180K(115904K) Class: 16557K(17280K)->16557K(17280K)
[2026-04-03T02:36:34.125+0600][67.053s][info][gc             ] GC(345) Pause Young (Prepare Mixed) (GCLocker Initiated GC) 529M->100M(539M) 7.190ms
[2026-04-03T02:36:34.125+0600][67.053s][info][gc,cpu         ] GC(345) User=0.04s Sys=0.02s Real=0.01s
[2026-04-03T02:36:34.496+0600][67.424s][info][gc,start       ] GC(346) Pause Young (Mixed) (G1 Evacuation Pause)
[2026-04-03T02:36:34.496+0600][67.424s][info][gc,task        ] GC(346) Using 10 workers of 10 for evacuation
[2026-04-03T02:36:34.501+0600][67.429s][info][gc,phases      ] GC(346)   Pre Evacuate Collection Set: 0.29ms
[2026-04-03T02:36:34.501+0600][67.429s][info][gc,phases      ] GC(346)   Merge Heap Roots: 0.20ms
[2026-04-03T02:36:34.501+0600][67.429s][info][gc,phases      ] GC(346)   Evacuate Collection Set: 3.72ms
[2026-04-03T02:36:34.501+0600][67.429s][info][gc,phases      ] GC(346)   Post Evacuate Collection Set: 0.81ms
[2026-04-03T02:36:34.501+0600][67.429s][info][gc,phases      ] GC(346)   Other: 0.10ms
[2026-04-03T02:36:34.501+0600][67.429s][info][gc,heap        ] GC(346) Eden regions: 303->0(328)
[2026-04-03T02:36:34.501+0600][67.429s][info][gc,heap        ] GC(346) Survivor regions: 8->8(41)
[2026-04-03T02:36:34.501+0600][67.429s][info][gc,heap        ] GC(346) Old regions: 87->86
[2026-04-03T02:36:34.501+0600][67.429s][info][gc,heap        ] GC(346) Humongous regions: 154->8
[2026-04-03T02:36:34.501+0600][67.429s][info][gc,metaspace   ] GC(346) Metaspace: 131739K(133184K)->131739K(133184K) NonClass: 115181K(115904K)->115181K(115904K) Class: 16557K(17280K)->16557K(17280K)
[2026-04-03T02:36:34.501+0600][67.429s][info][gc             ] GC(346) Pause Young (Mixed) (G1 Evacuation Pause) 549M->100M(561M) 5.370ms
[2026-04-03T02:36:34.501+0600][67.429s][info][gc,cpu         ] GC(346) User=0.03s Sys=0.02s Real=0.01s
[2026-04-03T02:36:34.551+0600][67.479s][info][gc,start       ] GC(347) Pause Young (Concurrent Start) (G1 Humongous Allocation)
[2026-04-03T02:36:34.551+0600][67.479s][info][gc,task        ] GC(347) Using 10 workers of 10 for evacuation
[2026-04-03T02:36:34.557+0600][67.485s][info][gc,phases      ] GC(347)   Pre Evacuate Collection Set: 0.63ms
[2026-04-03T02:36:34.557+0600][67.485s][info][gc,phases      ] GC(347)   Merge Heap Roots: 0.24ms
[2026-04-03T02:36:34.557+0600][67.485s][info][gc,phases      ] GC(347)   Evacuate Collection Set: 3.58ms
[2026-04-03T02:36:34.557+0600][67.485s][info][gc,phases      ] GC(347)   Post Evacuate Collection Set: 1.08ms
[2026-04-03T02:36:34.557+0600][67.485s][info][gc,phases      ] GC(347)   Other: 0.41ms
[2026-04-03T02:36:34.557+0600][67.485s][info][gc,heap        ] GC(347) Eden regions: 70->0(327)
[2026-04-03T02:36:34.557+0600][67.485s][info][gc,heap        ] GC(347) Survivor regions: 8->9(42)
[2026-04-03T02:36:34.557+0600][67.485s][info][gc,heap        ] GC(347) Old regions: 86->86
[2026-04-03T02:36:34.557+0600][67.485s][info][gc,heap        ] GC(347) Humongous regions: 8->8
[2026-04-03T02:36:34.557+0600][67.485s][info][gc,metaspace   ] GC(347) Metaspace: 131739K(133184K)->131739K(133184K) NonClass: 115181K(115904K)->115181K(115904K) Class: 16557K(17280K)->16557K(17280K)
[2026-04-03T02:36:34.557+0600][67.485s][info][gc             ] GC(347) Pause Young (Concurrent Start) (G1 Humongous Allocation) 170M->101M(561M) 6.410ms
[2026-04-03T02:36:34.557+0600][67.485s][info][gc,cpu         ] GC(347) User=0.04s Sys=0.00s Real=0.00s
[2026-04-03T02:36:34.557+0600][67.485s][info][gc             ] GC(348) Concurrent Mark Cycle
[2026-04-03T02:36:34.557+0600][67.485s][info][gc,marking     ] GC(348) Concurrent Scan Root Regions
[2026-04-03T02:36:34.561+0600][67.489s][info][gc,marking     ] GC(348) Concurrent Scan Root Regions 4.083ms
[2026-04-03T02:36:34.561+0600][67.489s][info][gc,marking     ] GC(348) Concurrent Mark
[2026-04-03T02:36:34.561+0600][67.489s][info][gc,marking     ] GC(348) Concurrent Mark From Roots
[2026-04-03T02:36:34.561+0600][67.489s][info][gc,task        ] GC(348) Using 3 workers of 3 for marking
[2026-04-03T02:36:34.627+0600][67.555s][info][gc,marking     ] GC(348) Concurrent Mark From Roots 65.270ms
[2026-04-03T02:36:34.627+0600][67.555s][info][gc,marking     ] GC(348) Concurrent Preclean
[2026-04-03T02:36:34.627+0600][67.555s][info][gc,marking     ] GC(348) Concurrent Preclean 0.254ms
[2026-04-03T02:36:34.627+0600][67.555s][info][gc,start       ] GC(348) Pause Remark
[2026-04-03T02:36:34.635+0600][67.563s][info][gc             ] GC(348) Pause Remark 163M->163M(427M) 7.871ms
[2026-04-03T02:36:34.635+0600][67.563s][info][gc,cpu         ] GC(348) User=0.05s Sys=0.00s Real=0.01s
[2026-04-03T02:36:34.636+0600][67.563s][info][gc,marking     ] GC(348) Concurrent Mark 74.139ms
[2026-04-03T02:36:34.636+0600][67.564s][info][gc,marking     ] GC(348) Concurrent Rebuild Remembered Sets and Scrub Regions
[2026-04-03T02:36:34.661+0600][67.589s][info][gc,marking     ] GC(348) Concurrent Rebuild Remembered Sets and Scrub Regions 25.277ms
[2026-04-03T02:36:34.661+0600][67.589s][info][gc,start       ] GC(348) Pause Cleanup
[2026-04-03T02:36:34.662+0600][67.589s][info][gc             ] GC(348) Pause Cleanup 187M->187M(427M) 0.315ms
[2026-04-03T02:36:34.662+0600][67.590s][info][gc,cpu         ] GC(348) User=0.00s Sys=0.00s Real=0.00s
[2026-04-03T02:36:34.662+0600][67.590s][info][gc,marking     ] GC(348) Concurrent Clear Claimed Marks
[2026-04-03T02:36:34.662+0600][67.590s][info][gc,marking     ] GC(348) Concurrent Clear Claimed Marks 0.399ms
[2026-04-03T02:36:34.662+0600][67.590s][info][gc,marking     ] GC(348) Concurrent Cleanup for Next Mark
[2026-04-03T02:36:34.663+0600][67.591s][info][gc,marking     ] GC(348) Concurrent Cleanup for Next Mark 0.653ms
[2026-04-03T02:36:34.663+0600][67.591s][info][gc             ] GC(348) Concurrent Mark Cycle 105.842ms
[2026-04-03T02:36:34.840+0600][67.768s][info][gc,start       ] GC(349) Pause Young (Prepare Mixed) (G1 Evacuation Pause)
[2026-04-03T02:36:34.841+0600][67.768s][info][gc,task        ] GC(349) Using 10 workers of 10 for evacuation
[2026-04-03T02:36:34.846+0600][67.774s][info][gc,phases      ] GC(349)   Pre Evacuate Collection Set: 0.40ms
[2026-04-03T02:36:34.846+0600][67.774s][info][gc,phases      ] GC(349)   Merge Heap Roots: 0.40ms
[2026-04-03T02:36:34.846+0600][67.774s][info][gc,phases      ] GC(349)   Evacuate Collection Set: 3.98ms
[2026-04-03T02:36:34.846+0600][67.774s][info][gc,phases      ] GC(349)   Post Evacuate Collection Set: 0.63ms
[2026-04-03T02:36:34.846+0600][67.774s][info][gc,phases      ] GC(349)   Other: 0.11ms
[2026-04-03T02:36:34.846+0600][67.774s][info][gc,heap        ] GC(349) Eden regions: 234->0(254)
[2026-04-03T02:36:34.846+0600][67.774s][info][gc,heap        ] GC(349) Survivor regions: 9->7(32)
[2026-04-03T02:36:34.846+0600][67.774s][info][gc,heap        ] GC(349) Old regions: 86->87
[2026-04-03T02:36:34.846+0600][67.774s][info][gc,heap        ] GC(349) Humongous regions: 98->8
[2026-04-03T02:36:34.846+0600][67.774s][info][gc,metaspace   ] GC(349) Metaspace: 131739K(133184K)->131739K(133184K) NonClass: 115181K(115904K)->115181K(115904K) Class: 16557K(17280K)->16557K(17280K)
[2026-04-03T02:36:34.846+0600][67.774s][info][gc             ] GC(349) Pause Young (Prepare Mixed) (G1 Evacuation Pause) 425M->100M(435M) 5.804ms
[2026-04-03T02:36:34.846+0600][67.774s][info][gc,cpu         ] GC(349) User=0.03s Sys=0.02s Real=0.00s
[2026-04-03T02:36:35.093+0600][68.021s][info][gc,start       ] GC(350) Pause Full (System.gc())
[2026-04-03T02:36:35.093+0600][68.021s][info][gc,task        ] GC(350) Using 10 workers of 10 for full compaction
[2026-04-03T02:36:35.093+0600][68.021s][info][gc,phases,start] GC(350) Phase 1: Mark live objects
[2026-04-03T02:36:35.174+0600][68.102s][info][gc,phases      ] GC(350) Phase 1: Mark live objects 81.163ms
[2026-04-03T02:36:35.175+0600][68.102s][info][gc,phases,start] GC(350) Phase 2: Prepare compaction
[2026-04-03T02:36:35.177+0600][68.105s][info][gc,phases      ] GC(350) Phase 2: Prepare compaction 2.928ms
[2026-04-03T02:36:35.178+0600][68.105s][info][gc,phases,start] GC(350) Phase 3: Adjust pointers
[2026-04-03T02:36:35.200+0600][68.128s][info][gc,phases      ] GC(350) Phase 3: Adjust pointers 22.743ms
[2026-04-03T02:36:35.200+0600][68.128s][info][gc,phases,start] GC(350) Phase 4: Compact heap
[2026-04-03T02:36:35.203+0600][68.131s][info][gc,phases      ] GC(350) Phase 4: Compact heap 3.000ms
[2026-04-03T02:36:35.203+0600][68.131s][info][gc,phases,start] GC(350) Phase 5: Reset Metadata
[2026-04-03T02:36:35.209+0600][68.136s][info][gc,phases      ] GC(350) Phase 5: Reset Metadata 5.148ms
[2026-04-03T02:36:35.224+0600][68.152s][info][gc,heap        ] GC(350) Eden regions: 200->0(200)
[2026-04-03T02:36:35.224+0600][68.152s][info][gc,heap        ] GC(350) Survivor regions: 7->0(32)
[2026-04-03T02:36:35.224+0600][68.152s][info][gc,heap        ] GC(350) Old regions: 87->92
[2026-04-03T02:36:35.224+0600][68.152s][info][gc,heap        ] GC(350) Humongous regions: 134->8
[2026-04-03T02:36:35.224+0600][68.152s][info][gc,metaspace   ] GC(350) Metaspace: 131742K(133184K)->131742K(133184K) NonClass: 115185K(115904K)->115185K(115904K) Class: 16557K(17280K)->16557K(17280K)
[2026-04-03T02:36:35.225+0600][68.152s][info][gc             ] GC(350) Pause Full (System.gc()) 425M->92M(334M) 131.604ms
[2026-04-03T02:36:35.225+0600][68.152s][info][gc,cpu         ] GC(350) User=0.92s Sys=0.04s Real=0.13s
[2026-04-03T02:36:35.241+0600][68.169s][info][gc,start       ] GC(351) Pause Young (Concurrent Start) (G1 Humongous Allocation)
[2026-04-03T02:36:35.241+0600][68.169s][info][gc,task        ] GC(351) Using 9 workers of 10 for evacuation
[2026-04-03T02:36:35.245+0600][68.173s][info][gc,phases      ] GC(351)   Pre Evacuate Collection Set: 0.56ms
[2026-04-03T02:36:35.245+0600][68.173s][info][gc,phases      ] GC(351)   Merge Heap Roots: 0.12ms
[2026-04-03T02:36:35.245+0600][68.173s][info][gc,phases      ] GC(351)   Evacuate Collection Set: 1.62ms
[2026-04-03T02:36:35.245+0600][68.173s][info][gc,phases      ] GC(351)   Post Evacuate Collection Set: 0.66ms
[2026-04-03T02:36:35.245+0600][68.173s][info][gc,phases      ] GC(351)   Other: 0.30ms
[2026-04-03T02:36:35.245+0600][68.173s][info][gc,heap        ] GC(351) Eden regions: 5->0(198)
[2026-04-03T02:36:35.245+0600][68.173s][info][gc,heap        ] GC(351) Survivor regions: 0->2(25)
[2026-04-03T02:36:35.245+0600][68.173s][info][gc,heap        ] GC(351) Old regions: 92->92
[2026-04-03T02:36:35.245+0600][68.173s][info][gc,heap        ] GC(351) Humongous regions: 8->8
[2026-04-03T02:36:35.245+0600][68.173s][info][gc,metaspace   ] GC(351) Metaspace: 131742K(133184K)->131742K(133184K) NonClass: 115185K(115904K)->115185K(115904K) Class: 16557K(17280K)->16557K(17280K)
[2026-04-03T02:36:35.245+0600][68.173s][info][gc             ] GC(351) Pause Young (Concurrent Start) (G1 Humongous Allocation) 97M->93M(334M) 3.603ms
[2026-04-03T02:36:35.245+0600][68.173s][info][gc,cpu         ] GC(351) User=0.02s Sys=0.00s Real=0.00s
[2026-04-03T02:36:35.245+0600][68.173s][info][gc             ] GC(352) Concurrent Mark Cycle
[2026-04-03T02:36:35.245+0600][68.173s][info][gc,marking     ] GC(352) Concurrent Scan Root Regions
[2026-04-03T02:36:35.247+0600][68.175s][info][gc,marking     ] GC(352) Concurrent Scan Root Regions 2.117ms
[2026-04-03T02:36:35.247+0600][68.175s][info][gc,marking     ] GC(352) Concurrent Mark
[2026-04-03T02:36:35.247+0600][68.175s][info][gc,marking     ] GC(352) Concurrent Mark From Roots
[2026-04-03T02:36:35.247+0600][68.175s][info][gc,task        ] GC(352) Using 3 workers of 3 for marking
[2026-04-03T02:36:35.335+0600][68.263s][info][gc,marking     ] GC(352) Concurrent Mark From Roots 87.479ms
[2026-04-03T02:36:35.335+0600][68.263s][info][gc,marking     ] GC(352) Concurrent Preclean
[2026-04-03T02:36:35.335+0600][68.263s][info][gc,marking     ] GC(352) Concurrent Preclean 0.545ms
[2026-04-03T02:36:35.336+0600][68.264s][info][gc,start       ] GC(352) Pause Remark
[2026-04-03T02:36:35.345+0600][68.273s][info][gc             ] GC(352) Pause Remark 132M->132M(334M) 9.610ms
[2026-04-03T02:36:35.346+0600][68.273s][info][gc,cpu         ] GC(352) User=0.05s Sys=0.00s Real=0.01s
[2026-04-03T02:36:35.346+0600][68.274s][info][gc,marking     ] GC(352) Concurrent Mark 98.424ms
[2026-04-03T02:36:35.346+0600][68.274s][info][gc,marking     ] GC(352) Concurrent Rebuild Remembered Sets and Scrub Regions
[2026-04-03T02:36:35.370+0600][68.298s][info][gc,marking     ] GC(352) Concurrent Rebuild Remembered Sets and Scrub Regions 24.533ms
[2026-04-03T02:36:35.371+0600][68.299s][info][gc,start       ] GC(352) Pause Cleanup
[2026-04-03T02:36:35.371+0600][68.299s][info][gc             ] GC(352) Pause Cleanup 154M->154M(334M) 0.333ms
[2026-04-03T02:36:35.371+0600][68.299s][info][gc,cpu         ] GC(352) User=0.00s Sys=0.00s Real=0.00s
[2026-04-03T02:36:35.371+0600][68.299s][info][gc,marking     ] GC(352) Concurrent Clear Claimed Marks
[2026-04-03T02:36:35.372+0600][68.300s][info][gc,marking     ] GC(352) Concurrent Clear Claimed Marks 0.447ms
[2026-04-03T02:36:35.372+0600][68.300s][info][gc,marking     ] GC(352) Concurrent Cleanup for Next Mark
[2026-04-03T02:36:35.372+0600][68.300s][info][gc,marking     ] GC(352) Concurrent Cleanup for Next Mark 0.534ms
[2026-04-03T02:36:35.372+0600][68.300s][info][gc             ] GC(352) Concurrent Mark Cycle 127.352ms
[2026-04-03T02:36:35.432+0600][68.360s][info][gc,start       ] GC(353) Pause Young (Prepare Mixed) (G1 Evacuation Pause)
[2026-04-03T02:36:35.433+0600][68.360s][info][gc,task        ] GC(353) Using 10 workers of 10 for evacuation
[2026-04-03T02:36:35.436+0600][68.364s][info][gc,phases      ] GC(353)   Pre Evacuate Collection Set: 0.25ms
[2026-04-03T02:36:35.436+0600][68.364s][info][gc,phases      ] GC(353)   Merge Heap Roots: 0.12ms
[2026-04-03T02:36:35.436+0600][68.364s][info][gc,phases      ] GC(353)   Evacuate Collection Set: 2.24ms
[2026-04-03T02:36:35.436+0600][68.364s][info][gc,phases      ] GC(353)   Post Evacuate Collection Set: 0.95ms
[2026-04-03T02:36:35.436+0600][68.364s][info][gc,phases      ] GC(353)   Other: 0.11ms
[2026-04-03T02:36:35.436+0600][68.364s][info][gc,heap        ] GC(353) Eden regions: 60->0(284)
[2026-04-03T02:36:35.436+0600][68.364s][info][gc,heap        ] GC(353) Survivor regions: 2->4(27)
[2026-04-03T02:36:35.436+0600][68.364s][info][gc,heap        ] GC(353) Old regions: 92->92
[2026-04-03T02:36:35.436+0600][68.364s][info][gc,heap        ] GC(353) Humongous regions: 322->18
[2026-04-03T02:36:35.436+0600][68.364s][info][gc,metaspace   ] GC(353) Metaspace: 131743K(133184K)->131743K(133184K) NonClass: 115185K(115904K)->115185K(115904K) Class: 16557K(17280K)->16557K(17280K)
[2026-04-03T02:36:35.436+0600][68.364s][info][gc             ] GC(353) Pause Young (Prepare Mixed) (G1 Evacuation Pause) 467M->106M(480M) 3.976ms
[2026-04-03T02:36:35.437+0600][68.364s][info][gc,cpu         ] GC(353) User=0.01s Sys=0.00s Real=0.00s
[2026-04-03T02:36:35.548+0600][68.476s][info][gc,start       ] GC(354) Pause Young (Mixed) (G1 Evacuation Pause)
[2026-04-03T02:36:35.549+0600][68.476s][info][gc,task        ] GC(354) Using 10 workers of 10 for evacuation
[2026-04-03T02:36:35.551+0600][68.479s][info][gc,phases      ] GC(354)   Pre Evacuate Collection Set: 0.21ms
[2026-04-03T02:36:35.552+0600][68.479s][info][gc,phases      ] GC(354)   Merge Heap Roots: 0.16ms
[2026-04-03T02:36:35.552+0600][68.479s][info][gc,phases      ] GC(354)   Evacuate Collection Set: 1.59ms
[2026-04-03T02:36:35.552+0600][68.479s][info][gc,phases      ] GC(354)   Post Evacuate Collection Set: 0.81ms
[2026-04-03T02:36:35.552+0600][68.479s][info][gc,phases      ] GC(354)   Other: 0.10ms
[2026-04-03T02:36:35.552+0600][68.479s][info][gc,heap        ] GC(354) Eden regions: 64->0(349)
[2026-04-03T02:36:35.552+0600][68.479s][info][gc,heap        ] GC(354) Survivor regions: 4->3(36)
[2026-04-03T02:36:35.552+0600][68.479s][info][gc,heap        ] GC(354) Old regions: 92->91
[2026-04-03T02:36:35.552+0600][68.479s][info][gc,heap        ] GC(354) Humongous regions: 423->8
[2026-04-03T02:36:35.552+0600][68.479s][info][gc,metaspace   ] GC(354) Metaspace: 131746K(133184K)->131746K(133184K) NonClass: 115188K(115904K)->115188K(115904K) Class: 16557K(17280K)->16557K(17280K)
[2026-04-03T02:36:35.552+0600][68.480s][info][gc             ] GC(354) Pause Young (Mixed) (G1 Evacuation Pause) 575M->94M(587M) 3.162ms
[2026-04-03T02:36:35.552+0600][68.480s][info][gc,cpu         ] GC(354) User=0.01s Sys=0.00s Real=0.01s
[2026-04-03T02:36:35.564+0600][68.492s][info][gc,start       ] GC(355) Pause Young (Concurrent Start) (G1 Humongous Allocation)
[2026-04-03T02:36:35.564+0600][68.492s][info][gc,task        ] GC(355) Using 10 workers of 10 for evacuation
[2026-04-03T02:36:35.568+0600][68.496s][info][gc,phases      ] GC(355)   Pre Evacuate Collection Set: 0.43ms
[2026-04-03T02:36:35.568+0600][68.496s][info][gc,phases      ] GC(355)   Merge Heap Roots: 0.11ms
[2026-04-03T02:36:35.568+0600][68.496s][info][gc,phases      ] GC(355)   Evacuate Collection Set: 1.93ms
[2026-04-03T02:36:35.568+0600][68.496s][info][gc,phases      ] GC(355)   Post Evacuate Collection Set: 0.59ms
[2026-04-03T02:36:35.568+0600][68.496s][info][gc,phases      ] GC(355)   Other: 0.22ms
[2026-04-03T02:36:35.568+0600][68.496s][info][gc,heap        ] GC(355) Eden regions: 33->0(347)
[2026-04-03T02:36:35.568+0600][68.496s][info][gc,heap        ] GC(355) Survivor regions: 3->5(44)
[2026-04-03T02:36:35.568+0600][68.496s][info][gc,heap        ] GC(355) Old regions: 91->91
[2026-04-03T02:36:35.568+0600][68.496s][info][gc,heap        ] GC(355) Humongous regions: 8->8
[2026-04-03T02:36:35.568+0600][68.496s][info][gc,metaspace   ] GC(355) Metaspace: 131746K(133184K)->131746K(133184K) NonClass: 115188K(115904K)->115188K(115904K) Class: 16557K(17280K)->16557K(17280K)
[2026-04-03T02:36:35.568+0600][68.496s][info][gc             ] GC(355) Pause Young (Concurrent Start) (G1 Humongous Allocation) 127M->97M(587M) 3.632ms
[2026-04-03T02:36:35.568+0600][68.496s][info][gc             ] GC(356) Concurrent Mark Cycle
[2026-04-03T02:36:35.568+0600][68.496s][info][gc,cpu         ] GC(355) User=0.01s Sys=0.02s Real=0.00s
[2026-04-03T02:36:35.568+0600][68.496s][info][gc,marking     ] GC(356) Concurrent Scan Root Regions
[2026-04-03T02:36:35.570+0600][68.498s][info][gc,marking     ] GC(356) Concurrent Scan Root Regions 2.170ms
[2026-04-03T02:36:35.570+0600][68.498s][info][gc,marking     ] GC(356) Concurrent Mark
[2026-04-03T02:36:35.570+0600][68.498s][info][gc,marking     ] GC(356) Concurrent Mark From Roots
[2026-04-03T02:36:35.570+0600][68.498s][info][gc,task        ] GC(356) Using 3 workers of 3 for marking
[2026-04-03T02:36:35.662+0600][68.590s][info][gc,marking     ] GC(356) Concurrent Mark From Roots 91.699ms
[2026-04-03T02:36:35.662+0600][68.590s][info][gc,marking     ] GC(356) Concurrent Preclean
[2026-04-03T02:36:35.663+0600][68.590s][info][gc,marking     ] GC(356) Concurrent Preclean 0.361ms
[2026-04-03T02:36:35.663+0600][68.591s][info][gc,start       ] GC(356) Pause Remark
[2026-04-03T02:36:35.672+0600][68.600s][info][gc             ] GC(356) Pause Remark 187M->187M(487M) 9.056ms
[2026-04-03T02:36:35.672+0600][68.600s][info][gc,cpu         ] GC(356) User=0.06s Sys=0.00s Real=0.01s
[2026-04-03T02:36:35.672+0600][68.600s][info][gc,marking     ] GC(356) Concurrent Mark 101.895ms
[2026-04-03T02:36:35.672+0600][68.600s][info][gc,marking     ] GC(356) Concurrent Rebuild Remembered Sets and Scrub Regions
[2026-04-03T02:36:35.701+0600][68.629s][info][gc,marking     ] GC(356) Concurrent Rebuild Remembered Sets and Scrub Regions 28.717ms
[2026-04-03T02:36:35.702+0600][68.629s][info][gc,start       ] GC(356) Pause Cleanup
[2026-04-03T02:36:35.702+0600][68.630s][info][gc             ] GC(356) Pause Cleanup 210M->210M(487M) 0.385ms
[2026-04-03T02:36:35.702+0600][68.630s][info][gc,cpu         ] GC(356) User=0.00s Sys=0.00s Real=0.00s
[2026-04-03T02:36:35.702+0600][68.630s][info][gc,marking     ] GC(356) Concurrent Clear Claimed Marks
[2026-04-03T02:36:35.703+0600][68.630s][info][gc,marking     ] GC(356) Concurrent Clear Claimed Marks 0.363ms
[2026-04-03T02:36:35.703+0600][68.630s][info][gc,marking     ] GC(356) Concurrent Cleanup for Next Mark
[2026-04-03T02:36:35.704+0600][68.632s][info][gc,marking     ] GC(356) Concurrent Cleanup for Next Mark 1.268ms
[2026-04-03T02:36:35.704+0600][68.632s][info][gc             ] GC(356) Concurrent Mark Cycle 135.817ms
[2026-04-03T02:36:36.070+0600][68.998s][info][gc,start       ] GC(357) Pause Young (Prepare Mixed) (G1 Evacuation Pause)
[2026-04-03T02:36:36.070+0600][68.998s][info][gc,task        ] GC(357) Using 10 workers of 10 for evacuation
[2026-04-03T02:36:36.074+0600][69.002s][info][gc,phases      ] GC(357)   Pre Evacuate Collection Set: 0.30ms
[2026-04-03T02:36:36.074+0600][69.002s][info][gc,phases      ] GC(357)   Merge Heap Roots: 0.17ms
[2026-04-03T02:36:36.074+0600][69.002s][info][gc,phases      ] GC(357)   Evacuate Collection Set: 2.67ms
[2026-04-03T02:36:36.074+0600][69.002s][info][gc,phases      ] GC(357)   Post Evacuate Collection Set: 0.58ms
[2026-04-03T02:36:36.074+0600][69.002s][info][gc,phases      ] GC(357)   Other: 0.09ms
[2026-04-03T02:36:36.074+0600][69.002s][info][gc,heap        ] GC(357) Eden regions: 264->0(300)
[2026-04-03T02:36:36.074+0600][69.002s][info][gc,heap        ] GC(357) Survivor regions: 5->5(37)
[2026-04-03T02:36:36.074+0600][69.002s][info][gc,heap        ] GC(357) Old regions: 91->91
[2026-04-03T02:36:36.074+0600][69.002s][info][gc,heap        ] GC(357) Humongous regions: 144->8
[2026-04-03T02:36:36.074+0600][69.002s][info][gc,metaspace   ] GC(357) Metaspace: 131762K(133184K)->131762K(133184K) NonClass: 115204K(115904K)->115204K(115904K) Class: 16557K(17280K)->16557K(17280K)
[2026-04-03T02:36:36.074+0600][69.002s][info][gc             ] GC(357) Pause Young (Prepare Mixed) (G1 Evacuation Pause) 497M->96M(509M) 4.069ms
[2026-04-03T02:36:36.074+0600][69.002s][info][gc,cpu         ] GC(357) User=0.01s Sys=0.02s Real=0.00s
[2026-04-03T02:36:36.355+0600][69.283s][info][gc,start       ] GC(358) Pause Young (Mixed) (G1 Evacuation Pause)
[2026-04-03T02:36:36.355+0600][69.283s][info][gc,task        ] GC(358) Using 10 workers of 10 for evacuation
[2026-04-03T02:36:36.359+0600][69.287s][info][gc,phases      ] GC(358)   Pre Evacuate Collection Set: 0.28ms
[2026-04-03T02:36:36.359+0600][69.287s][info][gc,phases      ] GC(358)   Merge Heap Roots: 0.20ms
[2026-04-03T02:36:36.359+0600][69.287s][info][gc,phases      ] GC(358)   Evacuate Collection Set: 2.89ms
[2026-04-03T02:36:36.359+0600][69.287s][info][gc,phases      ] GC(358)   Post Evacuate Collection Set: 0.62ms
[2026-04-03T02:36:36.359+0600][69.287s][info][gc,phases      ] GC(358)   Other: 0.10ms
[2026-04-03T02:36:36.359+0600][69.287s][info][gc,heap        ] GC(358) Eden regions: 231->0(312)
[2026-04-03T02:36:36.359+0600][69.287s][info][gc,heap        ] GC(358) Survivor regions: 5->6(39)
[2026-04-03T02:36:36.359+0600][69.287s][info][gc,heap        ] GC(358) Old regions: 91->91
[2026-04-03T02:36:36.359+0600][69.287s][info][gc,heap        ] GC(358) Humongous regions: 197->8
[2026-04-03T02:36:36.359+0600][69.287s][info][gc,metaspace   ] GC(358) Metaspace: 131762K(133184K)->131762K(133184K) NonClass: 115204K(115904K)->115204K(115904K) Class: 16557K(17280K)->16557K(17280K)
[2026-04-03T02:36:36.359+0600][69.287s][info][gc             ] GC(358) Pause Young (Mixed) (G1 Evacuation Pause) 516M->97M(531M) 4.359ms
[2026-04-03T02:36:36.359+0600][69.287s][info][gc,cpu         ] GC(358) User=0.02s Sys=0.01s Real=0.00s
[2026-04-03T02:36:36.373+0600][69.301s][info][gc,start       ] GC(359) Pause Young (Concurrent Start) (G1 Humongous Allocation)
[2026-04-03T02:36:36.374+0600][69.301s][info][gc,task        ] GC(359) Using 10 workers of 10 for evacuation
[2026-04-03T02:36:36.377+0600][69.305s][info][gc,phases      ] GC(359)   Pre Evacuate Collection Set: 0.49ms
[2026-04-03T02:36:36.377+0600][69.305s][info][gc,phases      ] GC(359)   Merge Heap Roots: 0.16ms
[2026-04-03T02:36:36.377+0600][69.305s][info][gc,phases      ] GC(359)   Evacuate Collection Set: 2.19ms
[2026-04-03T02:36:36.377+0600][69.305s][info][gc,phases      ] GC(359)   Post Evacuate Collection Set: 0.64ms
[2026-04-03T02:36:36.377+0600][69.305s][info][gc,phases      ] GC(359)   Other: 0.21ms
[2026-04-03T02:36:36.377+0600][69.305s][info][gc,heap        ] GC(359) Eden regions: 22->0(311)
[2026-04-03T02:36:36.377+0600][69.305s][info][gc,heap        ] GC(359) Survivor regions: 6->7(40)
[2026-04-03T02:36:36.377+0600][69.305s][info][gc,heap        ] GC(359) Old regions: 91->91
[2026-04-03T02:36:36.377+0600][69.305s][info][gc,heap        ] GC(359) Humongous regions: 8->8
[2026-04-03T02:36:36.377+0600][69.305s][info][gc,metaspace   ] GC(359) Metaspace: 131762K(133184K)->131762K(133184K) NonClass: 115204K(115904K)->115204K(115904K) Class: 16557K(17280K)->16557K(17280K)
[2026-04-03T02:36:36.377+0600][69.305s][info][gc             ] GC(359) Pause Young (Concurrent Start) (G1 Humongous Allocation) 119M->99M(531M) 3.994ms
[2026-04-03T02:36:36.377+0600][69.305s][info][gc             ] GC(360) Concurrent Mark Cycle
[2026-04-03T02:36:36.378+0600][69.305s][info][gc,marking     ] GC(360) Concurrent Scan Root Regions
[2026-04-03T02:36:36.378+0600][69.305s][info][gc,cpu         ] GC(359) User=0.02s Sys=0.00s Real=0.00s
[2026-04-03T02:36:36.380+0600][69.308s][info][gc,marking     ] GC(360) Concurrent Scan Root Regions 2.791ms
[2026-04-03T02:36:36.380+0600][69.308s][info][gc,marking     ] GC(360) Concurrent Mark
[2026-04-03T02:36:36.380+0600][69.308s][info][gc,marking     ] GC(360) Concurrent Mark From Roots
[2026-04-03T02:36:36.380+0600][69.308s][info][gc,task        ] GC(360) Using 3 workers of 3 for marking
[2026-04-03T02:36:36.480+0600][69.408s][info][gc,marking     ] GC(360) Concurrent Mark From Roots 99.360ms
[2026-04-03T02:36:36.480+0600][69.408s][info][gc,marking     ] GC(360) Concurrent Preclean
[2026-04-03T02:36:36.480+0600][69.408s][info][gc,marking     ] GC(360) Concurrent Preclean 0.323ms
[2026-04-03T02:36:36.480+0600][69.408s][info][gc,start       ] GC(360) Pause Remark
[2026-04-03T02:36:36.489+0600][69.416s][info][gc             ] GC(360) Pause Remark 226M->226M(531M) 8.078ms
[2026-04-03T02:36:36.489+0600][69.417s][info][gc,cpu         ] GC(360) User=0.06s Sys=0.00s Real=0.00s
[2026-04-03T02:36:36.489+0600][69.417s][info][gc,marking     ] GC(360) Concurrent Mark 108.446ms
[2026-04-03T02:36:36.489+0600][69.417s][info][gc,marking     ] GC(360) Concurrent Rebuild Remembered Sets and Scrub Regions
[2026-04-03T02:36:36.522+0600][69.449s][info][gc,marking     ] GC(360) Concurrent Rebuild Remembered Sets and Scrub Regions 32.629ms
[2026-04-03T02:36:36.522+0600][69.450s][info][gc,start       ] GC(360) Pause Cleanup
[2026-04-03T02:36:36.522+0600][69.450s][info][gc             ] GC(360) Pause Cleanup 264M->264M(531M) 0.313ms
[2026-04-03T02:36:36.523+0600][69.450s][info][gc,cpu         ] GC(360) User=0.00s Sys=0.00s Real=0.00s
[2026-04-03T02:36:36.523+0600][69.451s][info][gc,marking     ] GC(360) Concurrent Clear Claimed Marks
[2026-04-03T02:36:36.523+0600][69.451s][info][gc,marking     ] GC(360) Concurrent Clear Claimed Marks 0.412ms
[2026-04-03T02:36:36.523+0600][69.451s][info][gc,marking     ] GC(360) Concurrent Cleanup for Next Mark
[2026-04-03T02:36:36.524+0600][69.452s][info][gc,marking     ] GC(360) Concurrent Cleanup for Next Mark 1.144ms
[2026-04-03T02:36:36.524+0600][69.452s][info][gc             ] GC(360) Concurrent Mark Cycle 146.843ms
[2026-04-03T02:36:36.687+0600][69.614s][info][gc,start       ] GC(361) Pause Young (Prepare Mixed) (G1 Evacuation Pause)
[2026-04-03T02:36:36.687+0600][69.614s][info][gc,task        ] GC(361) Using 10 workers of 10 for evacuation
[2026-04-03T02:36:36.692+0600][69.620s][info][gc,phases      ] GC(361)   Pre Evacuate Collection Set: 0.26ms
[2026-04-03T02:36:36.692+0600][69.620s][info][gc,phases      ] GC(361)   Merge Heap Roots: 0.19ms
[2026-04-03T02:36:36.692+0600][69.620s][info][gc,phases      ] GC(361)   Evacuate Collection Set: 3.74ms
[2026-04-03T02:36:36.692+0600][69.620s][info][gc,phases      ] GC(361)   Post Evacuate Collection Set: 0.81ms
[2026-04-03T02:36:36.692+0600][69.620s][info][gc,phases      ] GC(361)   Other: 0.12ms
[2026-04-03T02:36:36.692+0600][69.620s][info][gc,heap        ] GC(361) Eden regions: 236->0(315)
[2026-04-03T02:36:36.692+0600][69.620s][info][gc,heap        ] GC(361) Survivor regions: 7->7(40)
[2026-04-03T02:36:36.692+0600][69.620s][info][gc,heap        ] GC(361) Old regions: 91->91
[2026-04-03T02:36:36.692+0600][69.620s][info][gc,heap        ] GC(361) Humongous regions: 197->8
[2026-04-03T02:36:36.692+0600][69.620s][info][gc,metaspace   ] GC(361) Metaspace: 131762K(133184K)->131762K(133184K) NonClass: 115204K(115904K)->115204K(115904K) Class: 16557K(17280K)->16557K(17280K)
[2026-04-03T02:36:36.692+0600][69.620s][info][gc             ] GC(361) Pause Young (Prepare Mixed) (G1 Evacuation Pause) 524M->99M(538M) 5.383ms
[2026-04-03T02:36:36.692+0600][69.620s][info][gc,cpu         ] GC(361) User=0.02s Sys=0.01s Real=0.01s
[2026-04-03T02:36:37.160+0600][70.088s][info][gc,start       ] GC(362) Pause Young (Mixed) (GCLocker Initiated GC)
[2026-04-03T02:36:37.160+0600][70.088s][info][gc,task        ] GC(362) Using 10 workers of 10 for evacuation
[2026-04-03T02:36:37.166+0600][70.094s][info][gc,phases      ] GC(362)   Pre Evacuate Collection Set: 0.47ms
[2026-04-03T02:36:37.166+0600][70.094s][info][gc,phases      ] GC(362)   Merge Heap Roots: 0.43ms
[2026-04-03T02:36:37.166+0600][70.094s][info][gc,phases      ] GC(362)   Evacuate Collection Set: 3.65ms
[2026-04-03T02:36:37.166+0600][70.094s][info][gc,phases      ] GC(362)   Post Evacuate Collection Set: 0.84ms
[2026-04-03T02:36:37.166+0600][70.094s][info][gc,phases      ] GC(362)   Other: 0.14ms
[2026-04-03T02:36:37.166+0600][70.094s][info][gc,heap        ] GC(362) Eden regions: 296->0(322)
[2026-04-03T02:36:37.166+0600][70.094s][info][gc,heap        ] GC(362) Survivor regions: 7->8(41)
[2026-04-03T02:36:37.166+0600][70.094s][info][gc,heap        ] GC(362) Old regions: 91->90
[2026-04-03T02:36:37.166+0600][70.094s][info][gc,heap        ] GC(362) Humongous regions: 148->8
[2026-04-03T02:36:37.166+0600][70.094s][info][gc,metaspace   ] GC(362) Metaspace: 131773K(133184K)->131773K(133184K) NonClass: 115215K(115904K)->115215K(115904K) Class: 16557K(17280K)->16557K(17280K)
[2026-04-03T02:36:37.166+0600][70.094s][info][gc             ] GC(362) Pause Young (Mixed) (GCLocker Initiated GC) 535M->99M(550M) 5.855ms
[2026-04-03T02:36:37.166+0600][70.094s][info][gc,cpu         ] GC(362) User=0.02s Sys=0.02s Real=0.00s
[2026-04-03T02:36:37.171+0600][70.099s][info][gc,start       ] GC(363) Pause Young (Concurrent Start) (G1 Humongous Allocation)
[2026-04-03T02:36:37.171+0600][70.099s][info][gc,task        ] GC(363) Using 10 workers of 10 for evacuation
[2026-04-03T02:36:37.175+0600][70.103s][info][gc,phases      ] GC(363)   Pre Evacuate Collection Set: 0.48ms
[2026-04-03T02:36:37.175+0600][70.103s][info][gc,phases      ] GC(363)   Merge Heap Roots: 0.13ms
[2026-04-03T02:36:37.175+0600][70.103s][info][gc,phases      ] GC(363)   Evacuate Collection Set: 2.10ms
[2026-04-03T02:36:37.175+0600][70.103s][info][gc,phases      ] GC(363)   Post Evacuate Collection Set: 0.58ms
[2026-04-03T02:36:37.175+0600][70.103s][info][gc,phases      ] GC(363)   Other: 0.15ms
[2026-04-03T02:36:37.175+0600][70.103s][info][gc,heap        ] GC(363) Eden regions: 8->0(324)
[2026-04-03T02:36:37.175+0600][70.103s][info][gc,heap        ] GC(363) Survivor regions: 8->6(42)
[2026-04-03T02:36:37.175+0600][70.103s][info][gc,heap        ] GC(363) Old regions: 90->90
[2026-04-03T02:36:37.175+0600][70.103s][info][gc,heap        ] GC(363) Humongous regions: 8->8
[2026-04-03T02:36:37.175+0600][70.103s][info][gc,metaspace   ] GC(363) Metaspace: 131773K(133184K)->131773K(133184K) NonClass: 115215K(115904K)->115215K(115904K) Class: 16557K(17280K)->16557K(17280K)
[2026-04-03T02:36:37.175+0600][70.103s][info][gc             ] GC(363) Pause Young (Concurrent Start) (G1 Humongous Allocation) 107M->98M(550M) 3.896ms
[2026-04-03T02:36:37.175+0600][70.103s][info][gc,cpu         ] GC(363) User=0.03s Sys=0.00s Real=0.00s
[2026-04-03T02:36:37.175+0600][70.103s][info][gc             ] GC(364) Concurrent Mark Cycle
[2026-04-03T02:36:37.175+0600][70.103s][info][gc,marking     ] GC(364) Concurrent Scan Root Regions
[2026-04-03T02:36:37.177+0600][70.105s][info][gc,marking     ] GC(364) Concurrent Scan Root Regions 2.055ms
[2026-04-03T02:36:37.177+0600][70.105s][info][gc,marking     ] GC(364) Concurrent Mark
[2026-04-03T02:36:37.177+0600][70.105s][info][gc,marking     ] GC(364) Concurrent Mark From Roots
[2026-04-03T02:36:37.177+0600][70.105s][info][gc,task        ] GC(364) Using 3 workers of 3 for marking
[2026-04-03T02:36:37.279+0600][70.207s][info][gc,marking     ] GC(364) Concurrent Mark From Roots 101.511ms
[2026-04-03T02:36:37.279+0600][70.207s][info][gc,marking     ] GC(364) Concurrent Preclean
[2026-04-03T02:36:37.280+0600][70.208s][info][gc,marking     ] GC(364) Concurrent Preclean 0.784ms
[2026-04-03T02:36:37.280+0600][70.208s][info][gc,start       ] GC(364) Pause Remark
[2026-04-03T02:36:37.290+0600][70.218s][info][gc             ] GC(364) Pause Remark 201M->201M(514M) 10.358ms
[2026-04-03T02:36:37.291+0600][70.218s][info][gc,cpu         ] GC(364) User=0.07s Sys=0.00s Real=0.01s
[2026-04-03T02:36:37.291+0600][70.219s][info][gc,marking     ] GC(364) Concurrent Mark 113.430ms
[2026-04-03T02:36:37.291+0600][70.219s][info][gc,marking     ] GC(364) Concurrent Rebuild Remembered Sets and Scrub Regions
[2026-04-03T02:36:37.322+0600][70.249s][info][gc,marking     ] GC(364) Concurrent Rebuild Remembered Sets and Scrub Regions 30.675ms
[2026-04-03T02:36:37.322+0600][70.250s][info][gc,start       ] GC(364) Pause Cleanup
[2026-04-03T02:36:37.322+0600][70.250s][info][gc             ] GC(364) Pause Cleanup 230M->230M(514M) 0.368ms
[2026-04-03T02:36:37.322+0600][70.250s][info][gc,cpu         ] GC(364) User=0.00s Sys=0.00s Real=0.00s
[2026-04-03T02:36:37.323+0600][70.250s][info][gc,marking     ] GC(364) Concurrent Clear Claimed Marks
[2026-04-03T02:36:37.323+0600][70.251s][info][gc,marking     ] GC(364) Concurrent Clear Claimed Marks 0.453ms
[2026-04-03T02:36:37.323+0600][70.251s][info][gc,marking     ] GC(364) Concurrent Cleanup for Next Mark
[2026-04-03T02:36:37.324+0600][70.252s][info][gc,marking     ] GC(364) Concurrent Cleanup for Next Mark 0.977ms
[2026-04-03T02:36:37.324+0600][70.252s][info][gc             ] GC(364) Concurrent Mark Cycle 149.026ms
[2026-04-03T02:36:37.500+0600][70.428s][info][gc,start       ] GC(365) Pause Young (Prepare Mixed) (G1 Evacuation Pause)
[2026-04-03T02:36:37.500+0600][70.428s][info][gc,task        ] GC(365) Using 10 workers of 10 for evacuation
[2026-04-03T02:36:37.505+0600][70.433s][info][gc,phases      ] GC(365)   Pre Evacuate Collection Set: 0.36ms
[2026-04-03T02:36:37.506+0600][70.433s][info][gc,phases      ] GC(365)   Merge Heap Roots: 0.23ms
[2026-04-03T02:36:37.506+0600][70.433s][info][gc,phases      ] GC(365)   Evacuate Collection Set: 4.03ms
[2026-04-03T02:36:37.506+0600][70.433s][info][gc,phases      ] GC(365)   Post Evacuate Collection Set: 0.82ms
[2026-04-03T02:36:37.506+0600][70.433s][info][gc,phases      ] GC(365)   Other: 0.11ms
[2026-04-03T02:36:37.506+0600][70.433s][info][gc,heap        ] GC(365) Eden regions: 225->0(305)
[2026-04-03T02:36:37.506+0600][70.433s][info][gc,heap        ] GC(365) Survivor regions: 6->7(39)
[2026-04-03T02:36:37.506+0600][70.433s][info][gc,heap        ] GC(365) Old regions: 90->90
[2026-04-03T02:36:37.506+0600][70.433s][info][gc,heap        ] GC(365) Humongous regions: 193->8
[2026-04-03T02:36:37.506+0600][70.433s][info][gc,metaspace   ] GC(365) Metaspace: 131773K(133184K)->131773K(133184K) NonClass: 115215K(115904K)->115215K(115904K) Class: 16557K(17280K)->16557K(17280K)
[2026-04-03T02:36:37.506+0600][70.434s][info][gc             ] GC(365) Pause Young (Prepare Mixed) (G1 Evacuation Pause) 508M->99M(521M) 5.865ms
[2026-04-03T02:36:37.506+0600][70.434s][info][gc,cpu         ] GC(365) User=0.03s Sys=0.02s Real=0.00s
[2026-04-03T02:36:37.818+0600][70.746s][info][gc,start       ] GC(366) Pause Young (Mixed) (G1 Evacuation Pause)
[2026-04-03T02:36:37.818+0600][70.746s][info][gc,task        ] GC(366) Using 10 workers of 10 for evacuation
[2026-04-03T02:36:37.823+0600][70.751s][info][gc,phases      ] GC(366)   Pre Evacuate Collection Set: 0.23ms
[2026-04-03T02:36:37.823+0600][70.751s][info][gc,phases      ] GC(366)   Merge Heap Roots: 0.17ms
[2026-04-03T02:36:37.823+0600][70.751s][info][gc,phases      ] GC(366)   Evacuate Collection Set: 2.99ms
[2026-04-03T02:36:37.823+0600][70.751s][info][gc,phases      ] GC(366)   Post Evacuate Collection Set: 0.69ms
[2026-04-03T02:36:37.823+0600][70.751s][info][gc,phases      ] GC(366)   Other: 0.09ms
[2026-04-03T02:36:37.823+0600][70.751s][info][gc,heap        ] GC(366) Eden regions: 253->0(315)
[2026-04-03T02:36:37.823+0600][70.751s][info][gc,heap        ] GC(366) Survivor regions: 7->6(39)
[2026-04-03T02:36:37.823+0600][70.751s][info][gc,heap        ] GC(366) Old regions: 90->90
[2026-04-03T02:36:37.823+0600][70.751s][info][gc,heap        ] GC(366) Humongous regions: 178->8
[2026-04-03T02:36:37.823+0600][70.751s][info][gc,metaspace   ] GC(366) Metaspace: 131773K(133184K)->131773K(133184K) NonClass: 115215K(115904K)->115215K(115904K) Class: 16557K(17280K)->16557K(17280K)
[2026-04-03T02:36:37.823+0600][70.751s][info][gc             ] GC(366) Pause Young (Mixed) (G1 Evacuation Pause) 522M->98M(535M) 4.514ms
[2026-04-03T02:36:37.823+0600][70.751s][info][gc,cpu         ] GC(366) User=0.02s Sys=0.01s Real=0.01s
[2026-04-03T02:36:37.828+0600][70.755s][info][gc,start       ] GC(367) Pause Young (Concurrent Start) (G1 Humongous Allocation)
[2026-04-03T02:36:37.828+0600][70.756s][info][gc,task        ] GC(367) Using 10 workers of 10 for evacuation
[2026-04-03T02:36:37.831+0600][70.758s][info][gc,phases      ] GC(367)   Pre Evacuate Collection Set: 0.38ms
[2026-04-03T02:36:37.831+0600][70.758s][info][gc,phases      ] GC(367)   Merge Heap Roots: 0.09ms
[2026-04-03T02:36:37.831+0600][70.758s][info][gc,phases      ] GC(367)   Evacuate Collection Set: 1.86ms
[2026-04-03T02:36:37.831+0600][70.758s][info][gc,phases      ] GC(367)   Post Evacuate Collection Set: 0.41ms
[2026-04-03T02:36:37.831+0600][70.758s][info][gc,phases      ] GC(367)   Other: 0.11ms
[2026-04-03T02:36:37.831+0600][70.759s][info][gc,heap        ] GC(367) Eden regions: 2->0(315)
[2026-04-03T02:36:37.831+0600][70.759s][info][gc,heap        ] GC(367) Survivor regions: 6->6(41)
[2026-04-03T02:36:37.831+0600][70.759s][info][gc,heap        ] GC(367) Old regions: 90->90
[2026-04-03T02:36:37.831+0600][70.759s][info][gc,heap        ] GC(367) Humongous regions: 8->8
[2026-04-03T02:36:37.831+0600][70.759s][info][gc,metaspace   ] GC(367) Metaspace: 131773K(133184K)->131773K(133184K) NonClass: 115215K(115904K)->115215K(115904K) Class: 16557K(17280K)->16557K(17280K)
[2026-04-03T02:36:37.831+0600][70.759s][info][gc             ] GC(367) Pause Young (Concurrent Start) (G1 Humongous Allocation) 100M->97M(535M) 3.099ms
[2026-04-03T02:36:37.831+0600][70.759s][info][gc             ] GC(368) Concurrent Mark Cycle
[2026-04-03T02:36:37.831+0600][70.759s][info][gc,marking     ] GC(368) Concurrent Scan Root Regions
[2026-04-03T02:36:37.831+0600][70.759s][info][gc,cpu         ] GC(367) User=0.03s Sys=0.00s Real=0.01s
[2026-04-03T02:36:37.832+0600][70.760s][info][gc,marking     ] GC(368) Concurrent Scan Root Regions 1.345ms
[2026-04-03T02:36:37.832+0600][70.760s][info][gc,marking     ] GC(368) Concurrent Mark
[2026-04-03T02:36:37.832+0600][70.760s][info][gc,marking     ] GC(368) Concurrent Mark From Roots
[2026-04-03T02:36:37.832+0600][70.760s][info][gc,task        ] GC(368) Using 3 workers of 3 for marking
[2026-04-03T02:36:37.907+0600][70.835s][info][gc,marking     ] GC(368) Concurrent Mark From Roots 74.849ms
[2026-04-03T02:36:37.907+0600][70.835s][info][gc,marking     ] GC(368) Concurrent Preclean
[2026-04-03T02:36:37.908+0600][70.835s][info][gc,marking     ] GC(368) Concurrent Preclean 0.511ms
[2026-04-03T02:36:37.908+0600][70.836s][info][gc,start       ] GC(368) Pause Remark
[2026-04-03T02:36:37.917+0600][70.845s][info][gc             ] GC(368) Pause Remark 140M->140M(417M) 8.955ms
[2026-04-03T02:36:37.917+0600][70.845s][info][gc,cpu         ] GC(368) User=0.07s Sys=0.01s Real=0.01s
[2026-04-03T02:36:37.917+0600][70.845s][info][gc,marking     ] GC(368) Concurrent Mark 85.184ms
[2026-04-03T02:36:37.917+0600][70.845s][info][gc,marking     ] GC(368) Concurrent Rebuild Remembered Sets and Scrub Regions
[2026-04-03T02:36:37.947+0600][70.874s][info][gc,marking     ] GC(368) Concurrent Rebuild Remembered Sets and Scrub Regions 29.114ms
[2026-04-03T02:36:37.947+0600][70.875s][info][gc,start       ] GC(368) Pause Cleanup
[2026-04-03T02:36:37.948+0600][70.875s][info][gc             ] GC(368) Pause Cleanup 171M->171M(417M) 0.400ms
[2026-04-03T02:36:37.948+0600][70.875s][info][gc,cpu         ] GC(368) User=0.00s Sys=0.00s Real=0.00s
[2026-04-03T02:36:37.948+0600][70.876s][info][gc,marking     ] GC(368) Concurrent Clear Claimed Marks
[2026-04-03T02:36:37.948+0600][70.876s][info][gc,marking     ] GC(368) Concurrent Clear Claimed Marks 0.375ms
[2026-04-03T02:36:37.948+0600][70.876s][info][gc,marking     ] GC(368) Concurrent Cleanup for Next Mark
[2026-04-03T02:36:37.949+0600][70.877s][info][gc,marking     ] GC(368) Concurrent Cleanup for Next Mark 1.167ms
[2026-04-03T02:36:37.949+0600][70.877s][info][gc             ] GC(368) Concurrent Mark Cycle 118.629ms
[2026-04-03T02:36:38.143+0600][71.071s][info][gc,start       ] GC(369) Pause Young (Prepare Mixed) (G1 Evacuation Pause)
[2026-04-03T02:36:38.143+0600][71.071s][info][gc,task        ] GC(369) Using 10 workers of 10 for evacuation
[2026-04-03T02:36:38.150+0600][71.077s][info][gc,phases      ] GC(369)   Pre Evacuate Collection Set: 0.52ms
[2026-04-03T02:36:38.150+0600][71.077s][info][gc,phases      ] GC(369)   Merge Heap Roots: 0.31ms
[2026-04-03T02:36:38.150+0600][71.077s][info][gc,phases      ] GC(369)   Evacuate Collection Set: 4.48ms
[2026-04-03T02:36:38.150+0600][71.078s][info][gc,phases      ] GC(369)   Post Evacuate Collection Set: 0.84ms
[2026-04-03T02:36:38.150+0600][71.078s][info][gc,phases      ] GC(369)   Other: 0.28ms
[2026-04-03T02:36:38.150+0600][71.078s][info][gc,heap        ] GC(369) Eden regions: 232->0(247)
[2026-04-03T02:36:38.150+0600][71.078s][info][gc,heap        ] GC(369) Survivor regions: 6->8(32)
[2026-04-03T02:36:38.150+0600][71.078s][info][gc,heap        ] GC(369) Old regions: 90->90
[2026-04-03T02:36:38.150+0600][71.078s][info][gc,heap        ] GC(369) Humongous regions: 89->8
[2026-04-03T02:36:38.150+0600][71.078s][info][gc,metaspace   ] GC(369) Metaspace: 131778K(133184K)->131778K(133184K) NonClass: 115220K(115904K)->115220K(115904K) Class: 16558K(17280K)->16558K(17280K)
[2026-04-03T02:36:38.150+0600][71.078s][info][gc             ] GC(369) Pause Young (Prepare Mixed) (G1 Evacuation Pause) 410M->100M(425M) 6.865ms
[2026-04-03T02:36:38.150+0600][71.078s][info][gc,cpu         ] GC(369) User=0.03s Sys=0.02s Real=0.01s
[2026-04-03T02:36:38.335+0600][71.263s][info][gc,start       ] GC(370) Pause Young (Mixed) (G1 Evacuation Pause)
[2026-04-03T02:36:38.335+0600][71.263s][info][gc,task        ] GC(370) Using 10 workers of 10 for evacuation
[2026-04-03T02:36:38.340+0600][71.268s][info][gc,phases      ] GC(370)   Pre Evacuate Collection Set: 0.26ms
[2026-04-03T02:36:38.340+0600][71.268s][info][gc,phases      ] GC(370)   Merge Heap Roots: 0.13ms
[2026-04-03T02:36:38.340+0600][71.268s][info][gc,phases      ] GC(370)   Evacuate Collection Set: 3.21ms
[2026-04-03T02:36:38.340+0600][71.268s][info][gc,phases      ] GC(370)   Post Evacuate Collection Set: 0.77ms
[2026-04-03T02:36:38.340+0600][71.268s][info][gc,phases      ] GC(370)   Other: 0.11ms
[2026-04-03T02:36:38.340+0600][71.268s][info][gc,heap        ] GC(370) Eden regions: 116->0(350)
[2026-04-03T02:36:38.340+0600][71.268s][info][gc,heap        ] GC(370) Survivor regions: 8->8(35)
[2026-04-03T02:36:38.340+0600][71.268s][info][gc,heap        ] GC(370) Old regions: 90->90
[2026-04-03T02:36:38.340+0600][71.268s][info][gc,heap        ] GC(370) Humongous regions: 375->18
[2026-04-03T02:36:38.340+0600][71.268s][info][gc,metaspace   ] GC(370) Metaspace: 131780K(133184K)->131780K(133184K) NonClass: 115221K(115904K)->115221K(115904K) Class: 16559K(17280K)->16559K(17280K)
[2026-04-03T02:36:38.340+0600][71.268s][info][gc             ] GC(370) Pause Young (Mixed) (G1 Evacuation Pause) 583M->110M(598M) 4.736ms
[2026-04-03T02:36:38.340+0600][71.268s][info][gc,cpu         ] GC(370) User=0.02s Sys=0.02s Real=0.01s
[2026-04-03T02:36:38.341+0600][71.269s][info][gc,start       ] GC(371) Pause Young (Concurrent Start) (G1 Humongous Allocation)
[2026-04-03T02:36:38.341+0600][71.269s][info][gc,task        ] GC(371) Using 10 workers of 10 for evacuation
[2026-04-03T02:36:38.344+0600][71.272s][info][gc,phases      ] GC(371)   Pre Evacuate Collection Set: 0.23ms
[2026-04-03T02:36:38.344+0600][71.272s][info][gc,phases      ] GC(371)   Merge Heap Roots: 0.08ms
[2026-04-03T02:36:38.344+0600][71.272s][info][gc,phases      ] GC(371)   Evacuate Collection Set: 1.80ms
[2026-04-03T02:36:38.344+0600][71.272s][info][gc,phases      ] GC(371)   Post Evacuate Collection Set: 0.45ms
[2026-04-03T02:36:38.344+0600][71.272s][info][gc,phases      ] GC(371)   Other: 0.10ms
[2026-04-03T02:36:38.344+0600][71.272s][info][gc,heap        ] GC(371) Eden regions: 3->0(350)
[2026-04-03T02:36:38.344+0600][71.272s][info][gc,heap        ] GC(371) Survivor regions: 8->8(45)
[2026-04-03T02:36:38.344+0600][71.272s][info][gc,heap        ] GC(371) Old regions: 90->90
[2026-04-03T02:36:38.344+0600][71.272s][info][gc,heap        ] GC(371) Humongous regions: 18->8
[2026-04-03T02:36:38.344+0600][71.272s][info][gc,metaspace   ] GC(371) Metaspace: 131780K(133184K)->131780K(133184K) NonClass: 115221K(115904K)->115221K(115904K) Class: 16559K(17280K)->16559K(17280K)
[2026-04-03T02:36:38.344+0600][71.272s][info][gc             ] GC(371) Pause Young (Concurrent Start) (G1 Humongous Allocation) 112M->100M(598M) 2.888ms
[2026-04-03T02:36:38.344+0600][71.272s][info][gc             ] GC(372) Concurrent Mark Cycle
[2026-04-03T02:36:38.344+0600][71.272s][info][gc,cpu         ] GC(371) User=0.02s Sys=0.00s Real=0.00s
[2026-04-03T02:36:38.344+0600][71.272s][info][gc,marking     ] GC(372) Concurrent Scan Root Regions
[2026-04-03T02:36:38.346+0600][71.274s][info][gc,marking     ] GC(372) Concurrent Scan Root Regions 2.333ms
[2026-04-03T02:36:38.346+0600][71.274s][info][gc,marking     ] GC(372) Concurrent Mark
[2026-04-03T02:36:38.347+0600][71.274s][info][gc,marking     ] GC(372) Concurrent Mark From Roots
[2026-04-03T02:36:38.347+0600][71.274s][info][gc,task        ] GC(372) Using 3 workers of 3 for marking
[2026-04-03T02:36:38.427+0600][71.355s][info][gc,marking     ] GC(372) Concurrent Mark From Roots 80.672ms
[2026-04-03T02:36:38.427+0600][71.355s][info][gc,marking     ] GC(372) Concurrent Preclean
[2026-04-03T02:36:38.428+0600][71.356s][info][gc,marking     ] GC(372) Concurrent Preclean 0.855ms
[2026-04-03T02:36:38.429+0600][71.356s][info][gc,start       ] GC(372) Pause Remark
[2026-04-03T02:36:38.438+0600][71.366s][info][gc             ] GC(372) Pause Remark 226M->226M(598M) 9.782ms
[2026-04-03T02:36:38.439+0600][71.366s][info][gc,cpu         ] GC(372) User=0.07s Sys=0.00s Real=0.01s
[2026-04-03T02:36:38.439+0600][71.367s][info][gc,marking     ] GC(372) Concurrent Mark 92.249ms
[2026-04-03T02:36:38.439+0600][71.367s][info][gc,marking     ] GC(372) Concurrent Rebuild Remembered Sets and Scrub Regions
[2026-04-03T02:36:38.468+0600][71.396s][info][gc,marking     ] GC(372) Concurrent Rebuild Remembered Sets and Scrub Regions 28.887ms
[2026-04-03T02:36:38.469+0600][71.397s][info][gc,start       ] GC(372) Pause Cleanup
[2026-04-03T02:36:38.470+0600][71.397s][info][gc             ] GC(372) Pause Cleanup 511M->511M(598M) 0.307ms
[2026-04-03T02:36:38.470+0600][71.397s][info][gc,cpu         ] GC(372) User=0.00s Sys=0.00s Real=0.00s
[2026-04-03T02:36:38.470+0600][71.398s][info][gc,marking     ] GC(372) Concurrent Clear Claimed Marks
[2026-04-03T02:36:38.470+0600][71.398s][info][gc,marking     ] GC(372) Concurrent Clear Claimed Marks 0.371ms
[2026-04-03T02:36:38.470+0600][71.398s][info][gc,marking     ] GC(372) Concurrent Cleanup for Next Mark
[2026-04-03T02:36:38.472+0600][71.400s][info][gc,marking     ] GC(372) Concurrent Cleanup for Next Mark 1.823ms
[2026-04-03T02:36:38.472+0600][71.400s][info][gc             ] GC(372) Concurrent Mark Cycle 128.038ms
[2026-04-03T02:36:38.528+0600][71.456s][info][gc,start       ] GC(373) Pause Young (Prepare Mixed) (G1 Evacuation Pause)
[2026-04-03T02:36:38.528+0600][71.456s][info][gc,task        ] GC(373) Using 10 workers of 10 for evacuation
[2026-04-03T02:36:38.531+0600][71.459s][info][gc,phases      ] GC(373)   Pre Evacuate Collection Set: 0.33ms
[2026-04-03T02:36:38.531+0600][71.459s][info][gc,phases      ] GC(373)   Merge Heap Roots: 0.21ms
[2026-04-03T02:36:38.531+0600][71.459s][info][gc,phases      ] GC(373)   Evacuate Collection Set: 2.06ms
[2026-04-03T02:36:38.531+0600][71.459s][info][gc,phases      ] GC(373)   Post Evacuate Collection Set: 0.67ms
[2026-04-03T02:36:38.531+0600][71.459s][info][gc,phases      ] GC(373)   Other: 0.09ms
[2026-04-03T02:36:38.531+0600][71.459s][info][gc,heap        ] GC(373) Eden regions: 110->0(358)
[2026-04-03T02:36:38.531+0600][71.459s][info][gc,heap        ] GC(373) Survivor regions: 8->4(45)
[2026-04-03T02:36:38.531+0600][71.459s][info][gc,heap        ] GC(373) Old regions: 90->90
[2026-04-03T02:36:38.531+0600][71.459s][info][gc,heap        ] GC(373) Humongous regions: 392->8
[2026-04-03T02:36:38.531+0600][71.459s][info][gc,metaspace   ] GC(373) Metaspace: 131781K(133184K)->131781K(133184K) NonClass: 115222K(115904K)->115222K(115904K) Class: 16559K(17280K)->16559K(17280K)
[2026-04-03T02:36:38.531+0600][71.459s][info][gc             ] GC(373) Pause Young (Prepare Mixed) (G1 Evacuation Pause) 594M->95M(604M) 3.587ms
[2026-04-03T02:36:38.531+0600][71.459s][info][gc,cpu         ] GC(373) User=0.02s Sys=0.00s Real=0.01s
[2026-04-03T02:36:39.091+0600][72.019s][info][gc,start       ] GC(374) Pause Young (Mixed) (G1 Evacuation Pause)
[2026-04-03T02:36:39.091+0600][72.019s][info][gc,task        ] GC(374) Using 10 workers of 10 for evacuation
[2026-04-03T02:36:39.096+0600][72.024s][info][gc,phases      ] GC(374)   Pre Evacuate Collection Set: 0.37ms
[2026-04-03T02:36:39.096+0600][72.024s][info][gc,phases      ] GC(374)   Merge Heap Roots: 0.24ms
[2026-04-03T02:36:39.096+0600][72.024s][info][gc,phases      ] GC(374)   Evacuate Collection Set: 3.51ms
[2026-04-03T02:36:39.096+0600][72.024s][info][gc,phases      ] GC(374)   Post Evacuate Collection Set: 0.71ms
[2026-04-03T02:36:39.096+0600][72.024s][info][gc,phases      ] GC(374)   Other: 0.15ms
[2026-04-03T02:36:39.096+0600][72.024s][info][gc,heap        ] GC(374) Eden regions: 324->0(362)
[2026-04-03T02:36:39.096+0600][72.024s][info][gc,heap        ] GC(374) Survivor regions: 4->7(46)
[2026-04-03T02:36:39.096+0600][72.024s][info][gc,heap        ] GC(374) Old regions: 90->89
[2026-04-03T02:36:39.096+0600][72.024s][info][gc,heap        ] GC(374) Humongous regions: 191->8
[2026-04-03T02:36:39.096+0600][72.024s][info][gc,metaspace   ] GC(374) Metaspace: 131785K(133184K)->131785K(133184K) NonClass: 115225K(115904K)->115225K(115904K) Class: 16559K(17280K)->16559K(17280K)
[2026-04-03T02:36:39.096+0600][72.024s][info][gc             ] GC(374) Pause Young (Mixed) (G1 Evacuation Pause) 602M->98M(616M) 5.257ms
[2026-04-03T02:36:39.097+0600][72.024s][info][gc,cpu         ] GC(374) User=0.03s Sys=0.01s Real=0.00s
[2026-04-03T02:36:39.109+0600][72.037s][info][gc,start       ] GC(375) Pause Young (Concurrent Start) (G1 Humongous Allocation)
[2026-04-03T02:36:39.110+0600][72.037s][info][gc,task        ] GC(375) Using 10 workers of 10 for evacuation
[2026-04-03T02:36:39.114+0600][72.042s][info][gc,phases      ] GC(375)   Pre Evacuate Collection Set: 0.67ms
[2026-04-03T02:36:39.114+0600][72.042s][info][gc,phases      ] GC(375)   Merge Heap Roots: 0.16ms
[2026-04-03T02:36:39.114+0600][72.042s][info][gc,phases      ] GC(375)   Evacuate Collection Set: 2.74ms
[2026-04-03T02:36:39.114+0600][72.042s][info][gc,phases      ] GC(375)   Post Evacuate Collection Set: 0.68ms
[2026-04-03T02:36:39.114+0600][72.042s][info][gc,phases      ] GC(375)   Other: 0.25ms
[2026-04-03T02:36:39.114+0600][72.042s][info][gc,heap        ] GC(375) Eden regions: 18->0(362)
[2026-04-03T02:36:39.114+0600][72.042s][info][gc,heap        ] GC(375) Survivor regions: 7->7(47)
[2026-04-03T02:36:39.114+0600][72.042s][info][gc,heap        ] GC(375) Old regions: 89->89
[2026-04-03T02:36:39.114+0600][72.042s][info][gc,heap        ] GC(375) Humongous regions: 8->8
[2026-04-03T02:36:39.114+0600][72.042s][info][gc,metaspace   ] GC(375) Metaspace: 131785K(133184K)->131785K(133184K) NonClass: 115225K(115904K)->115225K(115904K) Class: 16559K(17280K)->16559K(17280K)
[2026-04-03T02:36:39.114+0600][72.042s][info][gc             ] GC(375) Pause Young (Concurrent Start) (G1 Humongous Allocation) 116M->99M(616M) 4.915ms
[2026-04-03T02:36:39.114+0600][72.042s][info][gc,cpu         ] GC(375) User=0.03s Sys=0.00s Real=0.01s
[2026-04-03T02:36:39.115+0600][72.042s][info][gc             ] GC(376) Concurrent Mark Cycle
[2026-04-03T02:36:39.115+0600][72.042s][info][gc,marking     ] GC(376) Concurrent Scan Root Regions
[2026-04-03T02:36:39.117+0600][72.045s][info][gc,marking     ] GC(376) Concurrent Scan Root Regions 2.317ms
[2026-04-03T02:36:39.117+0600][72.045s][info][gc,marking     ] GC(376) Concurrent Mark
[2026-04-03T02:36:39.117+0600][72.045s][info][gc,marking     ] GC(376) Concurrent Mark From Roots
[2026-04-03T02:36:39.117+0600][72.045s][info][gc,task        ] GC(376) Using 3 workers of 3 for marking
[2026-04-03T02:36:39.214+0600][72.142s][info][gc,marking     ] GC(376) Concurrent Mark From Roots 97.418ms
[2026-04-03T02:36:39.215+0600][72.142s][info][gc,marking     ] GC(376) Concurrent Preclean
[2026-04-03T02:36:39.215+0600][72.143s][info][gc,marking     ] GC(376) Concurrent Preclean 0.445ms
[2026-04-03T02:36:39.215+0600][72.143s][info][gc,start       ] GC(376) Pause Remark
[2026-04-03T02:36:39.224+0600][72.152s][info][gc             ] GC(376) Pause Remark 213M->213M(527M) 9.137ms
[2026-04-03T02:36:39.225+0600][72.153s][info][gc,cpu         ] GC(376) User=0.07s Sys=0.00s Real=0.01s
[2026-04-03T02:36:39.225+0600][72.153s][info][gc,marking     ] GC(376) Concurrent Mark 107.844ms
[2026-04-03T02:36:39.225+0600][72.153s][info][gc,marking     ] GC(376) Concurrent Rebuild Remembered Sets and Scrub Regions
[2026-04-03T02:36:39.256+0600][72.184s][info][gc,marking     ] GC(376) Concurrent Rebuild Remembered Sets and Scrub Regions 31.319ms
[2026-04-03T02:36:39.257+0600][72.185s][info][gc,start       ] GC(376) Pause Cleanup
[2026-04-03T02:36:39.257+0600][72.185s][info][gc             ] GC(376) Pause Cleanup 235M->235M(527M) 0.409ms
[2026-04-03T02:36:39.257+0600][72.185s][info][gc,cpu         ] GC(376) User=0.00s Sys=0.00s Real=0.00s
[2026-04-03T02:36:39.257+0600][72.185s][info][gc,marking     ] GC(376) Concurrent Clear Claimed Marks
[2026-04-03T02:36:39.258+0600][72.186s][info][gc,marking     ] GC(376) Concurrent Clear Claimed Marks 0.430ms
[2026-04-03T02:36:39.258+0600][72.186s][info][gc,marking     ] GC(376) Concurrent Cleanup for Next Mark
[2026-04-03T02:36:39.259+0600][72.187s][info][gc,marking     ] GC(376) Concurrent Cleanup for Next Mark 1.231ms
[2026-04-03T02:36:39.259+0600][72.187s][info][gc             ] GC(376) Concurrent Mark Cycle 144.574ms
[2026-04-03T02:36:39.474+0600][72.402s][info][gc,start       ] GC(377) Pause Young (Prepare Mixed) (GCLocker Initiated GC)
[2026-04-03T02:36:39.474+0600][72.402s][info][gc,task        ] GC(377) Using 10 workers of 10 for evacuation
[2026-04-03T02:36:39.481+0600][72.409s][info][gc,phases      ] GC(377)   Pre Evacuate Collection Set: 0.29ms
[2026-04-03T02:36:39.481+0600][72.409s][info][gc,phases      ] GC(377)   Merge Heap Roots: 0.29ms
[2026-04-03T02:36:39.482+0600][72.409s][info][gc,phases      ] GC(377)   Evacuate Collection Set: 5.28ms
[2026-04-03T02:36:39.482+0600][72.409s][info][gc,phases      ] GC(377)   Post Evacuate Collection Set: 1.32ms
[2026-04-03T02:36:39.482+0600][72.409s][info][gc,phases      ] GC(377)   Other: 0.12ms
[2026-04-03T02:36:39.482+0600][72.409s][info][gc,heap        ] GC(377) Eden regions: 234->0(314)
[2026-04-03T02:36:39.482+0600][72.409s][info][gc,heap        ] GC(377) Survivor regions: 7->7(40)
[2026-04-03T02:36:39.482+0600][72.409s][info][gc,heap        ] GC(377) Old regions: 89->90
[2026-04-03T02:36:39.482+0600][72.409s][info][gc,heap        ] GC(377) Humongous regions: 197->8
[2026-04-03T02:36:39.482+0600][72.409s][info][gc,metaspace   ] GC(377) Metaspace: 131785K(133184K)->131785K(133184K) NonClass: 115225K(115904K)->115225K(115904K) Class: 16559K(17280K)->16559K(17280K)
[2026-04-03T02:36:39.482+0600][72.410s][info][gc             ] GC(377) Pause Young (Prepare Mixed) (GCLocker Initiated GC) 522M->99M(535M) 7.687ms
[2026-04-03T02:36:39.482+0600][72.410s][info][gc,cpu         ] GC(377) User=0.04s Sys=0.01s Real=0.01s
[2026-04-03T02:36:39.903+0600][72.831s][info][gc,start       ] GC(378) Pause Young (Mixed) (G1 Evacuation Pause)
[2026-04-03T02:36:39.903+0600][72.831s][info][gc,task        ] GC(378) Using 10 workers of 10 for evacuation
[2026-04-03T02:36:39.907+0600][72.835s][info][gc,phases      ] GC(378)   Pre Evacuate Collection Set: 0.45ms
[2026-04-03T02:36:39.908+0600][72.835s][info][gc,phases      ] GC(378)   Merge Heap Roots: 0.23ms
[2026-04-03T02:36:39.908+0600][72.835s][info][gc,phases      ] GC(378)   Evacuate Collection Set: 2.38ms
[2026-04-03T02:36:39.908+0600][72.835s][info][gc,phases      ] GC(378)   Post Evacuate Collection Set: 0.85ms
[2026-04-03T02:36:39.908+0600][72.835s][info][gc,phases      ] GC(378)   Other: 0.10ms
[2026-04-03T02:36:39.908+0600][72.835s][info][gc,heap        ] GC(378) Eden regions: 257->0(319)
[2026-04-03T02:36:39.908+0600][72.835s][info][gc,heap        ] GC(378) Survivor regions: 7->5(41)
[2026-04-03T02:36:39.908+0600][72.835s][info][gc,heap        ] GC(378) Old regions: 90->89
[2026-04-03T02:36:39.908+0600][72.836s][info][gc,heap        ] GC(378) Humongous regions: 181->8
[2026-04-03T02:36:39.908+0600][72.836s][info][gc,metaspace   ] GC(378) Metaspace: 131789K(133184K)->131789K(133184K) NonClass: 115229K(115904K)->115229K(115904K) Class: 16559K(17280K)->16559K(17280K)
[2026-04-03T02:36:39.908+0600][72.836s][info][gc             ] GC(378) Pause Young (Mixed) (G1 Evacuation Pause) 529M->97M(540M) 4.338ms
[2026-04-03T02:36:39.908+0600][72.836s][info][gc,cpu         ] GC(378) User=0.02s Sys=0.00s Real=0.00s
[2026-04-03T02:36:40.076+0600][73.004s][info][gc,start       ] GC(379) Pause Young (Concurrent Start) (G1 Humongous Allocation)
[2026-04-03T02:36:40.076+0600][73.004s][info][gc,task        ] GC(379) Using 10 workers of 10 for evacuation
[2026-04-03T02:36:40.079+0600][73.007s][info][gc,phases      ] GC(379)   Pre Evacuate Collection Set: 0.44ms
[2026-04-03T02:36:40.079+0600][73.007s][info][gc,phases      ] GC(379)   Merge Heap Roots: 0.13ms
[2026-04-03T02:36:40.079+0600][73.007s][info][gc,phases      ] GC(379)   Evacuate Collection Set: 1.59ms
[2026-04-03T02:36:40.079+0600][73.007s][info][gc,phases      ] GC(379)   Post Evacuate Collection Set: 0.58ms
[2026-04-03T02:36:40.079+0600][73.007s][info][gc,phases      ] GC(379)   Other: 0.12ms
[2026-04-03T02:36:40.079+0600][73.007s][info][gc,heap        ] GC(379) Eden regions: 95->0(319)
[2026-04-03T02:36:40.079+0600][73.007s][info][gc,heap        ] GC(379) Survivor regions: 5->5(41)
[2026-04-03T02:36:40.079+0600][73.007s][info][gc,heap        ] GC(379) Old regions: 89->89
[2026-04-03T02:36:40.079+0600][73.007s][info][gc,heap        ] GC(379) Humongous regions: 8->8
[2026-04-03T02:36:40.079+0600][73.007s][info][gc,metaspace   ] GC(379) Metaspace: 131796K(133184K)->131796K(133184K) NonClass: 115236K(115904K)->115236K(115904K) Class: 16560K(17280K)->16560K(17280K)
[2026-04-03T02:36:40.079+0600][73.007s][info][gc             ] GC(379) Pause Young (Concurrent Start) (G1 Humongous Allocation) 192M->97M(540M) 3.146ms
[2026-04-03T02:36:40.079+0600][73.007s][info][gc,cpu         ] GC(379) User=0.02s Sys=0.00s Real=0.00s
[2026-04-03T02:36:40.079+0600][73.007s][info][gc             ] GC(380) Concurrent Mark Cycle
[2026-04-03T02:36:40.079+0600][73.007s][info][gc,marking     ] GC(380) Concurrent Scan Root Regions
[2026-04-03T02:36:40.081+0600][73.009s][info][gc,marking     ] GC(380) Concurrent Scan Root Regions 2.112ms
[2026-04-03T02:36:40.081+0600][73.009s][info][gc,marking     ] GC(380) Concurrent Mark
[2026-04-03T02:36:40.081+0600][73.009s][info][gc,marking     ] GC(380) Concurrent Mark From Roots
[2026-04-03T02:36:40.081+0600][73.009s][info][gc,task        ] GC(380) Using 3 workers of 3 for marking
[2026-04-03T02:36:40.181+0600][73.109s][info][gc,marking     ] GC(380) Concurrent Mark From Roots 99.590ms
[2026-04-03T02:36:40.181+0600][73.109s][info][gc,marking     ] GC(380) Concurrent Preclean
[2026-04-03T02:36:40.182+0600][73.110s][info][gc,marking     ] GC(380) Concurrent Preclean 0.837ms
[2026-04-03T02:36:40.182+0600][73.110s][info][gc,start       ] GC(380) Pause Remark
[2026-04-03T02:36:40.191+0600][73.119s][info][gc             ] GC(380) Pause Remark 227M->227M(540M) 9.277ms
[2026-04-03T02:36:40.192+0600][73.120s][info][gc,cpu         ] GC(380) User=0.07s Sys=0.00s Real=0.01s
[2026-04-03T02:36:40.192+0600][73.120s][info][gc,marking     ] GC(380) Concurrent Mark 110.688ms
[2026-04-03T02:36:40.192+0600][73.120s][info][gc,marking     ] GC(380) Concurrent Rebuild Remembered Sets and Scrub Regions
[2026-04-03T02:36:40.226+0600][73.154s][info][gc,marking     ] GC(380) Concurrent Rebuild Remembered Sets and Scrub Regions 34.180ms
[2026-04-03T02:36:40.227+0600][73.154s][info][gc,start       ] GC(380) Pause Cleanup
[2026-04-03T02:36:40.227+0600][73.155s][info][gc             ] GC(380) Pause Cleanup 252M->252M(540M) 0.387ms
[2026-04-03T02:36:40.227+0600][73.155s][info][gc,cpu         ] GC(380) User=0.00s Sys=0.00s Real=0.00s
[2026-04-03T02:36:40.227+0600][73.155s][info][gc,marking     ] GC(380) Concurrent Clear Claimed Marks
[2026-04-03T02:36:40.228+0600][73.155s][info][gc,marking     ] GC(380) Concurrent Clear Claimed Marks 0.407ms
[2026-04-03T02:36:40.228+0600][73.156s][info][gc,marking     ] GC(380) Concurrent Cleanup for Next Mark
[2026-04-03T02:36:40.229+0600][73.157s][info][gc,marking     ] GC(380) Concurrent Cleanup for Next Mark 1.573ms
[2026-04-03T02:36:40.229+0600][73.157s][info][gc             ] GC(380) Concurrent Mark Cycle 150.257ms
[2026-04-03T02:36:40.422+0600][73.350s][info][gc,start       ] GC(381) Pause Young (Prepare Mixed) (GCLocker Initiated GC)
[2026-04-03T02:36:40.422+0600][73.350s][info][gc,task        ] GC(381) Using 10 workers of 10 for evacuation
[2026-04-03T02:36:40.429+0600][73.357s][info][gc,phases      ] GC(381)   Pre Evacuate Collection Set: 0.62ms
[2026-04-03T02:36:40.429+0600][73.357s][info][gc,phases      ] GC(381)   Merge Heap Roots: 0.30ms
[2026-04-03T02:36:40.429+0600][73.357s][info][gc,phases      ] GC(381)   Evacuate Collection Set: 5.11ms
[2026-04-03T02:36:40.429+0600][73.357s][info][gc,phases      ] GC(381)   Post Evacuate Collection Set: 0.74ms
[2026-04-03T02:36:40.429+0600][73.357s][info][gc,phases      ] GC(381)   Other: 0.15ms
[2026-04-03T02:36:40.429+0600][73.357s][info][gc,heap        ] GC(381) Eden regions: 244->0(320)
[2026-04-03T02:36:40.429+0600][73.357s][info][gc,heap        ] GC(381) Survivor regions: 5->8(41)
[2026-04-03T02:36:40.429+0600][73.357s][info][gc,heap        ] GC(381) Old regions: 89->89
[2026-04-03T02:36:40.429+0600][73.357s][info][gc,heap        ] GC(381) Humongous regions: 202->8
[2026-04-03T02:36:40.429+0600][73.357s][info][gc,metaspace   ] GC(381) Metaspace: 131796K(133184K)->131796K(133184K) NonClass: 115236K(115904K)->115236K(115904K) Class: 16560K(17280K)->16560K(17280K)
[2026-04-03T02:36:40.429+0600][73.357s][info][gc             ] GC(381) Pause Young (Prepare Mixed) (GCLocker Initiated GC) 535M->100M(548M) 7.259ms
[2026-04-03T02:36:40.429+0600][73.357s][info][gc,cpu         ] GC(381) User=0.04s Sys=0.01s Real=0.00s
[2026-04-03T02:36:40.774+0600][73.702s][info][gc,start       ] GC(382) Pause Young (Mixed) (G1 Evacuation Pause)
[2026-04-03T02:36:40.774+0600][73.702s][info][gc,task        ] GC(382) Using 10 workers of 10 for evacuation
[2026-04-03T02:36:40.781+0600][73.709s][info][gc,phases      ] GC(382)   Pre Evacuate Collection Set: 0.37ms
[2026-04-03T02:36:40.781+0600][73.709s][info][gc,phases      ] GC(382)   Merge Heap Roots: 0.28ms
[2026-04-03T02:36:40.781+0600][73.709s][info][gc,phases      ] GC(382)   Evacuate Collection Set: 5.38ms
[2026-04-03T02:36:40.781+0600][73.709s][info][gc,phases      ] GC(382)   Post Evacuate Collection Set: 0.82ms
[2026-04-03T02:36:40.781+0600][73.709s][info][gc,phases      ] GC(382)   Other: 0.13ms
[2026-04-03T02:36:40.781+0600][73.709s][info][gc,heap        ] GC(382) Eden regions: 254->0(328)
[2026-04-03T02:36:40.781+0600][73.709s][info][gc,heap        ] GC(382) Survivor regions: 8->10(41)
[2026-04-03T02:36:40.781+0600][73.709s][info][gc,heap        ] GC(382) Old regions: 89->88
[2026-04-03T02:36:40.781+0600][73.709s][info][gc,heap        ] GC(382) Humongous regions: 203->8
[2026-04-03T02:36:40.781+0600][73.709s][info][gc,metaspace   ] GC(382) Metaspace: 131798K(133184K)->131798K(133184K) NonClass: 115237K(115904K)->115237K(115904K) Class: 16560K(17280K)->16560K(17280K)
[2026-04-03T02:36:40.781+0600][73.709s][info][gc             ] GC(382) Pause Young (Mixed) (G1 Evacuation Pause) 549M->102M(564M) 7.319ms
[2026-04-03T02:36:40.782+0600][73.709s][info][gc,cpu         ] GC(382) User=0.05s Sys=0.00s Real=0.01s
[2026-04-03T02:36:40.784+0600][73.712s][info][gc,start       ] GC(383) Pause Young (Concurrent Start) (G1 Humongous Allocation)
[2026-04-03T02:36:40.784+0600][73.712s][info][gc,task        ] GC(383) Using 10 workers of 10 for evacuation
[2026-04-03T02:36:40.789+0600][73.717s][info][gc,phases      ] GC(383)   Pre Evacuate Collection Set: 0.53ms
[2026-04-03T02:36:40.789+0600][73.717s][info][gc,phases      ] GC(383)   Merge Heap Roots: 0.12ms
[2026-04-03T02:36:40.789+0600][73.717s][info][gc,phases      ] GC(383)   Evacuate Collection Set: 3.12ms
[2026-04-03T02:36:40.789+0600][73.717s][info][gc,phases      ] GC(383)   Post Evacuate Collection Set: 0.83ms
[2026-04-03T02:36:40.789+0600][73.717s][info][gc,phases      ] GC(383)   Other: 0.13ms
[2026-04-03T02:36:40.789+0600][73.717s][info][gc,heap        ] GC(383) Eden regions: 4->0(306)
[2026-04-03T02:36:40.789+0600][73.717s][info][gc,heap        ] GC(383) Survivor regions: 10->7(43)
[2026-04-03T02:36:40.789+0600][73.717s][info][gc,heap        ] GC(383) Old regions: 88->88
[2026-04-03T02:36:40.789+0600][73.717s][info][gc,heap        ] GC(383) Humongous regions: 8->8
[2026-04-03T02:36:40.789+0600][73.717s][info][gc,metaspace   ] GC(383) Metaspace: 131798K(133184K)->131798K(133184K) NonClass: 115237K(115904K)->115237K(115904K) Class: 16560K(17280K)->16560K(17280K)
[2026-04-03T02:36:40.789+0600][73.717s][info][gc             ] GC(383) Pause Young (Concurrent Start) (G1 Humongous Allocation) 105M->100M(564M) 5.047ms
[2026-04-03T02:36:40.789+0600][73.717s][info][gc             ] GC(384) Concurrent Mark Cycle
[2026-04-03T02:36:40.789+0600][73.717s][info][gc,marking     ] GC(384) Concurrent Scan Root Regions
[2026-04-03T02:36:40.789+0600][73.717s][info][gc,cpu         ] GC(383) User=0.04s Sys=0.00s Real=0.00s
[2026-04-03T02:36:40.792+0600][73.719s][info][gc,marking     ] GC(384) Concurrent Scan Root Regions 2.346ms
[2026-04-03T02:36:40.792+0600][73.720s][info][gc,marking     ] GC(384) Concurrent Mark
[2026-04-03T02:36:40.792+0600][73.720s][info][gc,marking     ] GC(384) Concurrent Mark From Roots
[2026-04-03T02:36:40.792+0600][73.720s][info][gc,task        ] GC(384) Using 3 workers of 3 for marking
[2026-04-03T02:36:40.903+0600][73.831s][info][gc,marking     ] GC(384) Concurrent Mark From Roots 111.094ms
[2026-04-03T02:36:40.903+0600][73.831s][info][gc,marking     ] GC(384) Concurrent Preclean
[2026-04-03T02:36:40.903+0600][73.831s][info][gc,marking     ] GC(384) Concurrent Preclean 0.553ms
[2026-04-03T02:36:40.904+0600][73.832s][info][gc,start       ] GC(384) Pause Remark
[2026-04-03T02:36:40.913+0600][73.841s][info][gc             ] GC(384) Pause Remark 198M->198M(464M) 9.473ms
[2026-04-03T02:36:40.913+0600][73.841s][info][gc,cpu         ] GC(384) User=0.08s Sys=0.00s Real=0.01s
[2026-04-03T02:36:40.914+0600][73.841s][info][gc,marking     ] GC(384) Concurrent Mark 121.961ms
[2026-04-03T02:36:40.914+0600][73.842s][info][gc,marking     ] GC(384) Concurrent Rebuild Remembered Sets and Scrub Regions
[2026-04-03T02:36:40.949+0600][73.877s][info][gc,marking     ] GC(384) Concurrent Rebuild Remembered Sets and Scrub Regions 35.078ms
[2026-04-03T02:36:40.949+0600][73.877s][info][gc,start       ] GC(384) Pause Cleanup
[2026-04-03T02:36:40.949+0600][73.877s][info][gc             ] GC(384) Pause Cleanup 242M->242M(464M) 0.307ms
[2026-04-03T02:36:40.950+0600][73.877s][info][gc,cpu         ] GC(384) User=0.00s Sys=0.00s Real=0.00s
[2026-04-03T02:36:40.950+0600][73.878s][info][gc,marking     ] GC(384) Concurrent Clear Claimed Marks
[2026-04-03T02:36:40.950+0600][73.878s][info][gc,marking     ] GC(384) Concurrent Clear Claimed Marks 0.387ms
[2026-04-03T02:36:40.950+0600][73.878s][info][gc,marking     ] GC(384) Concurrent Cleanup for Next Mark
[2026-04-03T02:36:40.951+0600][73.879s][info][gc,marking     ] GC(384) Concurrent Cleanup for Next Mark 0.989ms
[2026-04-03T02:36:40.951+0600][73.879s][info][gc             ] GC(384) Concurrent Mark Cycle 161.957ms
[2026-04-03T02:36:41.163+0600][74.091s][info][gc,start       ] GC(385) Pause Young (Prepare Mixed) (G1 Evacuation Pause)
[2026-04-03T02:36:41.163+0600][74.091s][info][gc,task        ] GC(385) Using 10 workers of 10 for evacuation
[2026-04-03T02:36:41.170+0600][74.098s][info][gc,phases      ] GC(385)   Pre Evacuate Collection Set: 0.27ms
[2026-04-03T02:36:41.170+0600][74.098s][info][gc,phases      ] GC(385)   Merge Heap Roots: 0.19ms
[2026-04-03T02:36:41.170+0600][74.098s][info][gc,phases      ] GC(385)   Evacuate Collection Set: 5.12ms
[2026-04-03T02:36:41.170+0600][74.098s][info][gc,phases      ] GC(385)   Post Evacuate Collection Set: 0.95ms
[2026-04-03T02:36:41.170+0600][74.098s][info][gc,phases      ] GC(385)   Other: 0.11ms
[2026-04-03T02:36:41.170+0600][74.098s][info][gc,heap        ] GC(385) Eden regions: 242->0(262)
[2026-04-03T02:36:41.170+0600][74.098s][info][gc,heap        ] GC(385) Survivor regions: 7->9(35)
[2026-04-03T02:36:41.170+0600][74.098s][info][gc,heap        ] GC(385) Old regions: 88->89
[2026-04-03T02:36:41.170+0600][74.098s][info][gc,heap        ] GC(385) Humongous regions: 127->8
[2026-04-03T02:36:41.170+0600][74.098s][info][gc,metaspace   ] GC(385) Metaspace: 131830K(133248K)->131830K(133248K) NonClass: 115267K(115968K)->115267K(115968K) Class: 16562K(17280K)->16562K(17280K)
[2026-04-03T02:36:41.170+0600][74.098s][info][gc             ] GC(385) Pause Young (Prepare Mixed) (G1 Evacuation Pause) 461M->101M(474M) 6.962ms
[2026-04-03T02:36:41.170+0600][74.098s][info][gc,cpu         ] GC(385) User=0.03s Sys=0.01s Real=0.01s
[2026-04-03T02:36:41.427+0600][74.355s][info][gc,start       ] GC(386) Pause Young (Mixed) (G1 Evacuation Pause)
[2026-04-03T02:36:41.427+0600][74.355s][info][gc,task        ] GC(386) Using 10 workers of 10 for evacuation
[2026-04-03T02:36:41.433+0600][74.361s][info][gc,phases      ] GC(386)   Pre Evacuate Collection Set: 0.35ms
[2026-04-03T02:36:41.433+0600][74.361s][info][gc,phases      ] GC(386)   Merge Heap Roots: 0.19ms
[2026-04-03T02:36:41.433+0600][74.361s][info][gc,phases      ] GC(386)   Evacuate Collection Set: 4.44ms
[2026-04-03T02:36:41.433+0600][74.361s][info][gc,phases      ] GC(386)   Post Evacuate Collection Set: 0.99ms
[2026-04-03T02:36:41.433+0600][74.361s][info][gc,phases      ] GC(386)   Other: 0.11ms
[2026-04-03T02:36:41.433+0600][74.361s][info][gc,heap        ] GC(386) Eden regions: 204->0(403)
[2026-04-03T02:36:41.433+0600][74.361s][info][gc,heap        ] GC(386) Survivor regions: 9->10(34)
[2026-04-03T02:36:41.433+0600][74.361s][info][gc,heap        ] GC(386) Old regions: 89->88
[2026-04-03T02:36:41.433+0600][74.361s][info][gc,heap        ] GC(386) Humongous regions: 377->23
[2026-04-03T02:36:41.433+0600][74.361s][info][gc,metaspace   ] GC(386) Metaspace: 131836K(133248K)->131836K(133248K) NonClass: 115273K(115968K)->115273K(115968K) Class: 16562K(17280K)->16562K(17280K)
[2026-04-03T02:36:41.433+0600][74.361s][info][gc             ] GC(386) Pause Young (Mixed) (G1 Evacuation Pause) 674M->117M(689M) 6.391ms
[2026-04-03T02:36:41.433+0600][74.361s][info][gc,cpu         ] GC(386) User=0.03s Sys=0.02s Real=0.01s
[2026-04-03T02:36:41.498+0600][74.426s][info][gc,start       ] GC(387) Pause Young (Concurrent Start) (G1 Humongous Allocation)
[2026-04-03T02:36:41.498+0600][74.426s][info][gc,task        ] GC(387) Using 10 workers of 10 for evacuation
[2026-04-03T02:36:41.502+0600][74.429s][info][gc,phases      ] GC(387)   Pre Evacuate Collection Set: 0.31ms
[2026-04-03T02:36:41.502+0600][74.429s][info][gc,phases      ] GC(387)   Merge Heap Roots: 0.18ms
[2026-04-03T02:36:41.502+0600][74.429s][info][gc,phases      ] GC(387)   Evacuate Collection Set: 1.70ms
[2026-04-03T02:36:41.502+0600][74.429s][info][gc,phases      ] GC(387)   Post Evacuate Collection Set: 0.71ms
[2026-04-03T02:36:41.502+0600][74.429s][info][gc,phases      ] GC(387)   Other: 0.22ms
[2026-04-03T02:36:41.502+0600][74.430s][info][gc,heap        ] GC(387) Eden regions: 46->0(409)
[2026-04-03T02:36:41.502+0600][74.430s][info][gc,heap        ] GC(387) Survivor regions: 10->4(52)
[2026-04-03T02:36:41.502+0600][74.430s][info][gc,heap        ] GC(387) Old regions: 88->88
[2026-04-03T02:36:41.502+0600][74.430s][info][gc,heap        ] GC(387) Humongous regions: 87->8
[2026-04-03T02:36:41.502+0600][74.430s][info][gc,metaspace   ] GC(387) Metaspace: 131836K(133248K)->131836K(133248K) NonClass: 115274K(115968K)->115274K(115968K) Class: 16562K(17280K)->16562K(17280K)
[2026-04-03T02:36:41.502+0600][74.430s][info][gc             ] GC(387) Pause Young (Concurrent Start) (G1 Humongous Allocation) 227M->97M(689M) 3.409ms
[2026-04-03T02:36:41.502+0600][74.430s][info][gc             ] GC(388) Concurrent Undo Cycle
[2026-04-03T02:36:41.502+0600][74.430s][info][gc,cpu         ] GC(387) User=0.02s Sys=0.00s Real=0.01s
[2026-04-03T02:36:41.502+0600][74.430s][info][gc,marking     ] GC(388) Concurrent Clear Claimed Marks
[2026-04-03T02:36:41.502+0600][74.430s][info][gc,marking     ] GC(388) Concurrent Clear Claimed Marks 0.319ms
[2026-04-03T02:36:41.502+0600][74.430s][info][gc,marking     ] GC(388) Concurrent Cleanup for Next Mark
[2026-04-03T02:36:41.504+0600][74.432s][info][gc,marking     ] GC(388) Concurrent Cleanup for Next Mark 1.526ms
[2026-04-03T02:36:41.504+0600][74.432s][info][gc             ] GC(388) Concurrent Undo Cycle 2.534ms
[2026-04-03T02:36:41.505+0600][74.433s][info][gc,start       ] GC(389) Pause Young (Concurrent Start) (G1 Humongous Allocation)
[2026-04-03T02:36:41.505+0600][74.433s][info][gc,task        ] GC(389) Using 10 workers of 10 for evacuation
[2026-04-03T02:36:41.508+0600][74.436s][info][gc,phases      ] GC(389)   Pre Evacuate Collection Set: 0.31ms
[2026-04-03T02:36:41.508+0600][74.436s][info][gc,phases      ] GC(389)   Merge Heap Roots: 0.11ms
[2026-04-03T02:36:41.508+0600][74.436s][info][gc,phases      ] GC(389)   Evacuate Collection Set: 1.63ms
[2026-04-03T02:36:41.508+0600][74.436s][info][gc,phases      ] GC(389)   Post Evacuate Collection Set: 0.68ms
[2026-04-03T02:36:41.508+0600][74.436s][info][gc,phases      ] GC(389)   Other: 0.22ms
[2026-04-03T02:36:41.508+0600][74.436s][info][gc,heap        ] GC(389) Eden regions: 2->0(409)
[2026-04-03T02:36:41.508+0600][74.436s][info][gc,heap        ] GC(389) Survivor regions: 4->4(52)
[2026-04-03T02:36:41.508+0600][74.436s][info][gc,heap        ] GC(389) Old regions: 88->88
[2026-04-03T02:36:41.508+0600][74.436s][info][gc,heap        ] GC(389) Humongous regions: 28->13
[2026-04-03T02:36:41.509+0600][74.436s][info][gc,metaspace   ] GC(389) Metaspace: 131836K(133248K)->131836K(133248K) NonClass: 115274K(115968K)->115274K(115968K) Class: 16562K(17280K)->16562K(17280K)
[2026-04-03T02:36:41.509+0600][74.436s][info][gc             ] GC(389) Pause Young (Concurrent Start) (G1 Humongous Allocation) 118M->102M(689M) 3.218ms
[2026-04-03T02:36:41.509+0600][74.436s][info][gc             ] GC(390) Concurrent Mark Cycle
[2026-04-03T02:36:41.509+0600][74.437s][info][gc,marking     ] GC(390) Concurrent Scan Root Regions
[2026-04-03T02:36:41.509+0600][74.437s][info][gc,cpu         ] GC(389) User=0.02s Sys=0.01s Real=0.00s
[2026-04-03T02:36:41.511+0600][74.439s][info][gc,marking     ] GC(390) Concurrent Scan Root Regions 2.575ms
[2026-04-03T02:36:41.511+0600][74.439s][info][gc,marking     ] GC(390) Concurrent Mark
[2026-04-03T02:36:41.511+0600][74.439s][info][gc,marking     ] GC(390) Concurrent Mark From Roots
[2026-04-03T02:36:41.511+0600][74.439s][info][gc,task        ] GC(390) Using 3 workers of 3 for marking
[2026-04-03T02:36:41.606+0600][74.534s][info][gc,marking     ] GC(390) Concurrent Mark From Roots 94.972ms
[2026-04-03T02:36:41.606+0600][74.534s][info][gc,marking     ] GC(390) Concurrent Preclean
[2026-04-03T02:36:41.607+0600][74.535s][info][gc,marking     ] GC(390) Concurrent Preclean 0.305ms
[2026-04-03T02:36:41.607+0600][74.535s][info][gc,start       ] GC(390) Pause Remark
[2026-04-03T02:36:41.615+0600][74.543s][info][gc             ] GC(390) Pause Remark 488M->488M(707M) 8.231ms
[2026-04-03T02:36:41.615+0600][74.543s][info][gc,cpu         ] GC(390) User=0.06s Sys=0.00s Real=0.01s
[2026-04-03T02:36:41.616+0600][74.544s][info][gc,marking     ] GC(390) Concurrent Mark 104.365ms
[2026-04-03T02:36:41.616+0600][74.544s][info][gc,marking     ] GC(390) Concurrent Rebuild Remembered Sets and Scrub Regions
[2026-04-03T02:36:41.640+0600][74.568s][info][gc,marking     ] GC(390) Concurrent Rebuild Remembered Sets and Scrub Regions 24.120ms
[2026-04-03T02:36:41.640+0600][74.568s][info][gc,start       ] GC(390) Pause Cleanup
[2026-04-03T02:36:41.641+0600][74.569s][info][gc             ] GC(390) Pause Cleanup 498M->498M(707M) 0.386ms
[2026-04-03T02:36:41.641+0600][74.569s][info][gc,cpu         ] GC(390) User=0.00s Sys=0.00s Real=0.00s
[2026-04-03T02:36:41.641+0600][74.569s][info][gc,marking     ] GC(390) Concurrent Clear Claimed Marks
[2026-04-03T02:36:41.641+0600][74.569s][info][gc,marking     ] GC(390) Concurrent Clear Claimed Marks 0.331ms
[2026-04-03T02:36:41.641+0600][74.569s][info][gc,marking     ] GC(390) Concurrent Cleanup for Next Mark
[2026-04-03T02:36:41.643+0600][74.571s][info][gc,marking     ] GC(390) Concurrent Cleanup for Next Mark 2.156ms
[2026-04-03T02:36:41.644+0600][74.571s][info][gc             ] GC(390) Concurrent Mark Cycle 134.953ms
[2026-04-03T02:36:41.918+0600][74.846s][info][gc,start       ] GC(391) Pause Young (Prepare Mixed) (G1 Evacuation Pause)
[2026-04-03T02:36:41.918+0600][74.846s][info][gc,task        ] GC(391) Using 10 workers of 10 for evacuation
[2026-04-03T02:36:41.922+0600][74.850s][info][gc,phases      ] GC(391)   Pre Evacuate Collection Set: 0.36ms
[2026-04-03T02:36:41.922+0600][74.850s][info][gc,phases      ] GC(391)   Merge Heap Roots: 0.21ms
[2026-04-03T02:36:41.922+0600][74.850s][info][gc,phases      ] GC(391)   Evacuate Collection Set: 2.38ms
[2026-04-03T02:36:41.922+0600][74.850s][info][gc,phases      ] GC(391)   Post Evacuate Collection Set: 0.88ms
[2026-04-03T02:36:41.922+0600][74.850s][info][gc,phases      ] GC(391)   Other: 0.09ms
[2026-04-03T02:36:41.923+0600][74.850s][info][gc,heap        ] GC(391) Eden regions: 210->0(422)
[2026-04-03T02:36:41.923+0600][74.850s][info][gc,heap        ] GC(391) Survivor regions: 4->5(53)
[2026-04-03T02:36:41.923+0600][74.850s][info][gc,heap        ] GC(391) Old regions: 88->88
[2026-04-03T02:36:41.923+0600][74.850s][info][gc,heap        ] GC(391) Humongous regions: 405->8
[2026-04-03T02:36:41.923+0600][74.850s][info][gc,metaspace   ] GC(391) Metaspace: 131853K(133248K)->131853K(133248K) NonClass: 115290K(115968K)->115290K(115968K) Class: 16562K(17280K)->16562K(17280K)
[2026-04-03T02:36:41.923+0600][74.850s][info][gc             ] GC(391) Pause Young (Prepare Mixed) (G1 Evacuation Pause) 704M->97M(712M) 4.196ms
[2026-04-03T02:36:41.923+0600][74.851s][info][gc,cpu         ] GC(391) User=0.01s Sys=0.01s Real=0.01s
[2026-04-03T02:36:42.403+0600][75.331s][info][gc,start       ] GC(392) Pause Young (Mixed) (G1 Evacuation Pause)
[2026-04-03T02:36:42.403+0600][75.331s][info][gc,task        ] GC(392) Using 10 workers of 10 for evacuation
[2026-04-03T02:36:42.409+0600][75.337s][info][gc,phases      ] GC(392)   Pre Evacuate Collection Set: 0.35ms
[2026-04-03T02:36:42.409+0600][75.337s][info][gc,phases      ] GC(392)   Merge Heap Roots: 0.34ms
[2026-04-03T02:36:42.409+0600][75.337s][info][gc,phases      ] GC(392)   Evacuate Collection Set: 4.14ms
[2026-04-03T02:36:42.409+0600][75.337s][info][gc,phases      ] GC(392)   Post Evacuate Collection Set: 0.91ms
[2026-04-03T02:36:42.409+0600][75.337s][info][gc,phases      ] GC(392)   Other: 0.11ms
[2026-04-03T02:36:42.409+0600][75.337s][info][gc,heap        ] GC(392) Eden regions: 371->0(434)
[2026-04-03T02:36:42.409+0600][75.337s][info][gc,heap        ] GC(392) Survivor regions: 5->7(54)
[2026-04-03T02:36:42.409+0600][75.337s][info][gc,heap        ] GC(392) Old regions: 88->87
[2026-04-03T02:36:42.409+0600][75.337s][info][gc,heap        ] GC(392) Humongous regions: 265->8
[2026-04-03T02:36:42.409+0600][75.337s][info][gc,metaspace   ] GC(392) Metaspace: 131853K(133248K)->131853K(133248K) NonClass: 115290K(115968K)->115290K(115968K) Class: 16562K(17280K)->16562K(17280K)
[2026-04-03T02:36:42.409+0600][75.337s][info][gc             ] GC(392) Pause Young (Mixed) (G1 Evacuation Pause) 725M->100M(736M) 6.149ms
[2026-04-03T02:36:42.409+0600][75.337s][info][gc,cpu         ] GC(392) User=0.04s Sys=0.00s Real=0.00s
[2026-04-03T02:36:42.427+0600][75.355s][info][gc,start       ] GC(393) Pause Young (Concurrent Start) (G1 Humongous Allocation)
[2026-04-03T02:36:42.427+0600][75.355s][info][gc,task        ] GC(393) Using 10 workers of 10 for evacuation
[2026-04-03T02:36:42.432+0600][75.360s][info][gc,phases      ] GC(393)   Pre Evacuate Collection Set: 0.44ms
[2026-04-03T02:36:42.432+0600][75.360s][info][gc,phases      ] GC(393)   Merge Heap Roots: 0.17ms
[2026-04-03T02:36:42.432+0600][75.360s][info][gc,phases      ] GC(393)   Evacuate Collection Set: 3.94ms
[2026-04-03T02:36:42.432+0600][75.360s][info][gc,phases      ] GC(393)   Post Evacuate Collection Set: 0.72ms
[2026-04-03T02:36:42.432+0600][75.360s][info][gc,phases      ] GC(393)   Other: 0.12ms
[2026-04-03T02:36:42.432+0600][75.360s][info][gc,heap        ] GC(393) Eden regions: 16->0(432)
[2026-04-03T02:36:42.432+0600][75.360s][info][gc,heap        ] GC(393) Survivor regions: 7->9(56)
[2026-04-03T02:36:42.432+0600][75.360s][info][gc,heap        ] GC(393) Old regions: 87->87
[2026-04-03T02:36:42.432+0600][75.360s][info][gc,heap        ] GC(393) Humongous regions: 8->8
[2026-04-03T02:36:42.432+0600][75.360s][info][gc,metaspace   ] GC(393) Metaspace: 131853K(133248K)->131853K(133248K) NonClass: 115290K(115968K)->115290K(115968K) Class: 16562K(17280K)->16562K(17280K)
[2026-04-03T02:36:42.432+0600][75.360s][info][gc             ] GC(393) Pause Young (Concurrent Start) (G1 Humongous Allocation) 115M->102M(736M) 5.712ms
[2026-04-03T02:36:42.433+0600][75.360s][info][gc             ] GC(394) Concurrent Mark Cycle
[2026-04-03T02:36:42.433+0600][75.360s][info][gc,cpu         ] GC(393) User=0.04s Sys=0.01s Real=0.01s
[2026-04-03T02:36:42.433+0600][75.361s][info][gc,marking     ] GC(394) Concurrent Scan Root Regions
[2026-04-03T02:36:42.437+0600][75.365s][info][gc,marking     ] GC(394) Concurrent Scan Root Regions 4.226ms
[2026-04-03T02:36:42.437+0600][75.365s][info][gc,marking     ] GC(394) Concurrent Mark
[2026-04-03T02:36:42.437+0600][75.365s][info][gc,marking     ] GC(394) Concurrent Mark From Roots
[2026-04-03T02:36:42.437+0600][75.365s][info][gc,task        ] GC(394) Using 3 workers of 3 for marking
[2026-04-03T02:36:42.526+0600][75.454s][info][gc,marking     ] GC(394) Concurrent Mark From Roots 88.685ms
[2026-04-03T02:36:42.526+0600][75.454s][info][gc,marking     ] GC(394) Concurrent Preclean
[2026-04-03T02:36:42.526+0600][75.454s][info][gc,marking     ] GC(394) Concurrent Preclean 0.336ms
[2026-04-03T02:36:42.527+0600][75.454s][info][gc,start       ] GC(394) Pause Remark
[2026-04-03T02:36:42.536+0600][75.464s][info][gc             ] GC(394) Pause Remark 195M->195M(487M) 9.832ms
[2026-04-03T02:36:42.537+0600][75.464s][info][gc,cpu         ] GC(394) User=0.08s Sys=0.00s Real=0.01s
[2026-04-03T02:36:42.537+0600][75.465s][info][gc,marking     ] GC(394) Concurrent Mark 99.785ms
[2026-04-03T02:36:42.537+0600][75.465s][info][gc,marking     ] GC(394) Concurrent Rebuild Remembered Sets and Scrub Regions
[2026-04-03T02:36:42.570+0600][75.498s][info][gc,marking     ] GC(394) Concurrent Rebuild Remembered Sets and Scrub Regions 33.322ms
[2026-04-03T02:36:42.570+0600][75.498s][info][gc,start       ] GC(394) Pause Cleanup
[2026-04-03T02:36:42.571+0600][75.499s][info][gc             ] GC(394) Pause Cleanup 228M->228M(487M) 0.238ms
[2026-04-03T02:36:42.571+0600][75.499s][info][gc,cpu         ] GC(394) User=0.00s Sys=0.00s Real=0.00s
[2026-04-03T02:36:42.571+0600][75.499s][info][gc,marking     ] GC(394) Concurrent Clear Claimed Marks
[2026-04-03T02:36:42.571+0600][75.499s][info][gc,marking     ] GC(394) Concurrent Clear Claimed Marks 0.333ms
[2026-04-03T02:36:42.571+0600][75.499s][info][gc,marking     ] GC(394) Concurrent Cleanup for Next Mark
[2026-04-03T02:36:42.572+0600][75.500s][info][gc,marking     ] GC(394) Concurrent Cleanup for Next Mark 0.829ms
[2026-04-03T02:36:42.572+0600][75.500s][info][gc             ] GC(394) Concurrent Mark Cycle 139.582ms
[2026-04-03T02:36:42.755+0600][75.683s][info][gc,start       ] GC(395) Pause Young (Prepare Mixed) (G1 Evacuation Pause)
[2026-04-03T02:36:42.755+0600][75.683s][info][gc,task        ] GC(395) Using 10 workers of 10 for evacuation
[2026-04-03T02:36:42.761+0600][75.689s][info][gc,phases      ] GC(395)   Pre Evacuate Collection Set: 0.40ms
[2026-04-03T02:36:42.761+0600][75.689s][info][gc,phases      ] GC(395)   Merge Heap Roots: 0.18ms
[2026-04-03T02:36:42.761+0600][75.689s][info][gc,phases      ] GC(395)   Evacuate Collection Set: 4.46ms
[2026-04-03T02:36:42.761+0600][75.689s][info][gc,phases      ] GC(395)   Post Evacuate Collection Set: 0.72ms
[2026-04-03T02:36:42.761+0600][75.689s][info][gc,phases      ] GC(395)   Other: 0.11ms
[2026-04-03T02:36:42.761+0600][75.689s][info][gc,heap        ] GC(395) Eden regions: 220->0(292)
[2026-04-03T02:36:42.761+0600][75.689s][info][gc,heap        ] GC(395) Survivor regions: 9->8(37)
[2026-04-03T02:36:42.761+0600][75.689s][info][gc,heap        ] GC(395) Old regions: 87->88
[2026-04-03T02:36:42.761+0600][75.689s][info][gc,heap        ] GC(395) Humongous regions: 176->8
[2026-04-03T02:36:42.761+0600][75.689s][info][gc,metaspace   ] GC(395) Metaspace: 131853K(133248K)->131853K(133248K) NonClass: 115290K(115968K)->115290K(115968K) Class: 16562K(17280K)->16562K(17280K)
[2026-04-03T02:36:42.761+0600][75.689s][info][gc             ] GC(395) Pause Young (Prepare Mixed) (G1 Evacuation Pause) 490M->100M(501M) 6.154ms
[2026-04-03T02:36:42.761+0600][75.689s][info][gc,cpu         ] GC(395) User=0.02s Sys=0.03s Real=0.01s
[2026-04-03T02:36:43.223+0600][76.151s][info][gc,start       ] GC(396) Pause Young (Mixed) (G1 Evacuation Pause)
[2026-04-03T02:36:43.223+0600][76.151s][info][gc,task        ] GC(396) Using 10 workers of 10 for evacuation
[2026-04-03T02:36:43.228+0600][76.156s][info][gc,phases      ] GC(396)   Pre Evacuate Collection Set: 0.41ms
[2026-04-03T02:36:43.228+0600][76.156s][info][gc,phases      ] GC(396)   Merge Heap Roots: 0.22ms
[2026-04-03T02:36:43.228+0600][76.156s][info][gc,phases      ] GC(396)   Evacuate Collection Set: 3.32ms
[2026-04-03T02:36:43.228+0600][76.156s][info][gc,phases      ] GC(396)   Post Evacuate Collection Set: 0.69ms
[2026-04-03T02:36:43.228+0600][76.156s][info][gc,phases      ] GC(396)   Other: 0.12ms
[2026-04-03T02:36:43.228+0600][76.156s][info][gc,heap        ] GC(396) Eden regions: 282->0(310)
[2026-04-03T02:36:43.228+0600][76.156s][info][gc,heap        ] GC(396) Survivor regions: 8->7(38)
[2026-04-03T02:36:43.228+0600][76.156s][info][gc,heap        ] GC(396) Old regions: 88->87
[2026-04-03T02:36:43.228+0600][76.156s][info][gc,heap        ] GC(396) Humongous regions: 144->8
[2026-04-03T02:36:43.228+0600][76.156s][info][gc,metaspace   ] GC(396) Metaspace: 131857K(133248K)->131857K(133248K) NonClass: 115295K(115968K)->115295K(115968K) Class: 16562K(17280K)->16562K(17280K)
[2026-04-03T02:36:43.228+0600][76.156s][info][gc             ] GC(396) Pause Young (Mixed) (G1 Evacuation Pause) 518M->99M(529M) 5.022ms
[2026-04-03T02:36:43.228+0600][76.156s][info][gc,cpu         ] GC(396) User=0.04s Sys=0.00s Real=0.00s
[2026-04-03T02:36:43.246+0600][76.174s][info][gc,start       ] GC(397) Pause Young (Concurrent Start) (G1 Humongous Allocation)
[2026-04-03T02:36:43.246+0600][76.174s][info][gc,task        ] GC(397) Using 10 workers of 10 for evacuation
[2026-04-03T02:36:43.250+0600][76.178s][info][gc,phases      ] GC(397)   Pre Evacuate Collection Set: 0.52ms
[2026-04-03T02:36:43.250+0600][76.178s][info][gc,phases      ] GC(397)   Merge Heap Roots: 0.22ms
[2026-04-03T02:36:43.250+0600][76.178s][info][gc,phases      ] GC(397)   Evacuate Collection Set: 2.75ms
[2026-04-03T02:36:43.250+0600][76.178s][info][gc,phases      ] GC(397)   Post Evacuate Collection Set: 0.64ms
[2026-04-03T02:36:43.250+0600][76.178s][info][gc,phases      ] GC(397)   Other: 0.17ms
[2026-04-03T02:36:43.250+0600][76.178s][info][gc,heap        ] GC(397) Eden regions: 16->0(308)
[2026-04-03T02:36:43.250+0600][76.178s][info][gc,heap        ] GC(397) Survivor regions: 7->9(40)
[2026-04-03T02:36:43.250+0600][76.178s][info][gc,heap        ] GC(397) Old regions: 87->87
[2026-04-03T02:36:43.250+0600][76.178s][info][gc,heap        ] GC(397) Humongous regions: 8->8
[2026-04-03T02:36:43.250+0600][76.178s][info][gc,metaspace   ] GC(397) Metaspace: 131858K(133248K)->131858K(133248K) NonClass: 115295K(115968K)->115295K(115968K) Class: 16562K(17280K)->16562K(17280K)
[2026-04-03T02:36:43.250+0600][76.178s][info][gc             ] GC(397) Pause Young (Concurrent Start) (G1 Humongous Allocation) 115M->101M(529M) 4.605ms
[2026-04-03T02:36:43.250+0600][76.178s][info][gc             ] GC(398) Concurrent Mark Cycle
[2026-04-03T02:36:43.251+0600][76.178s][info][gc,marking     ] GC(398) Concurrent Scan Root Regions
[2026-04-03T02:36:43.251+0600][76.178s][info][gc,cpu         ] GC(397) User=0.03s Sys=0.01s Real=0.01s
[2026-04-03T02:36:43.253+0600][76.181s][info][gc,marking     ] GC(398) Concurrent Scan Root Regions 2.490ms
[2026-04-03T02:36:43.253+0600][76.181s][info][gc,marking     ] GC(398) Concurrent Mark
[2026-04-03T02:36:43.253+0600][76.181s][info][gc,marking     ] GC(398) Concurrent Mark From Roots
[2026-04-03T02:36:43.253+0600][76.181s][info][gc,task        ] GC(398) Using 3 workers of 3 for marking
[2026-04-03T02:36:43.356+0600][76.284s][info][gc,marking     ] GC(398) Concurrent Mark From Roots 103.048ms
[2026-04-03T02:36:43.356+0600][76.284s][info][gc,marking     ] GC(398) Concurrent Preclean
[2026-04-03T02:36:43.357+0600][76.285s][info][gc,marking     ] GC(398) Concurrent Preclean 0.534ms
[2026-04-03T02:36:43.357+0600][76.285s][info][gc,start       ] GC(398) Pause Remark
[2026-04-03T02:36:43.365+0600][76.293s][info][gc             ] GC(398) Pause Remark 223M->223M(529M) 8.271ms
[2026-04-03T02:36:43.366+0600][76.293s][info][gc,cpu         ] GC(398) User=0.05s Sys=0.01s Real=0.01s
[2026-04-03T02:36:43.366+0600][76.294s][info][gc,marking     ] GC(398) Concurrent Mark 112.641ms
[2026-04-03T02:36:43.366+0600][76.294s][info][gc,marking     ] GC(398) Concurrent Rebuild Remembered Sets and Scrub Regions
[2026-04-03T02:36:43.401+0600][76.329s][info][gc,marking     ] GC(398) Concurrent Rebuild Remembered Sets and Scrub Regions 35.238ms
[2026-04-03T02:36:43.401+0600][76.329s][info][gc,start       ] GC(398) Pause Cleanup
[2026-04-03T02:36:43.402+0600][76.330s][info][gc             ] GC(398) Pause Cleanup 270M->270M(529M) 0.353ms
[2026-04-03T02:36:43.402+0600][76.330s][info][gc,cpu         ] GC(398) User=0.00s Sys=0.00s Real=0.00s
[2026-04-03T02:36:43.402+0600][76.330s][info][gc,marking     ] GC(398) Concurrent Clear Claimed Marks
[2026-04-03T02:36:43.402+0600][76.330s][info][gc,marking     ] GC(398) Concurrent Clear Claimed Marks 0.396ms
[2026-04-03T02:36:43.402+0600][76.330s][info][gc,marking     ] GC(398) Concurrent Cleanup for Next Mark
[2026-04-03T02:36:43.403+0600][76.331s][info][gc,marking     ] GC(398) Concurrent Cleanup for Next Mark 0.891ms
[2026-04-03T02:36:43.403+0600][76.331s][info][gc             ] GC(398) Concurrent Mark Cycle 152.927ms
[2026-04-03T02:36:43.574+0600][76.502s][info][gc,start       ] GC(399) Pause Young (Prepare Mixed) (G1 Evacuation Pause)
[2026-04-03T02:36:43.574+0600][76.502s][info][gc,task        ] GC(399) Using 10 workers of 10 for evacuation
[2026-04-03T02:36:43.580+0600][76.508s][info][gc,phases      ] GC(399)   Pre Evacuate Collection Set: 0.55ms
[2026-04-03T02:36:43.580+0600][76.508s][info][gc,phases      ] GC(399)   Merge Heap Roots: 0.32ms
[2026-04-03T02:36:43.581+0600][76.508s][info][gc,phases      ] GC(399)   Evacuate Collection Set: 4.49ms
[2026-04-03T02:36:43.581+0600][76.508s][info][gc,phases      ] GC(399)   Post Evacuate Collection Set: 0.74ms
[2026-04-03T02:36:43.581+0600][76.508s][info][gc,phases      ] GC(399)   Other: 0.12ms
[2026-04-03T02:36:43.581+0600][76.508s][info][gc,heap        ] GC(399) Eden regions: 236->0(313)
[2026-04-03T02:36:43.581+0600][76.508s][info][gc,heap        ] GC(399) Survivor regions: 9->9(40)
[2026-04-03T02:36:43.581+0600][76.508s][info][gc,heap        ] GC(399) Old regions: 87->87
[2026-04-03T02:36:43.581+0600][76.508s][info][gc,heap        ] GC(399) Humongous regions: 197->8
[2026-04-03T02:36:43.581+0600][76.508s][info][gc,metaspace   ] GC(399) Metaspace: 131858K(133248K)->131858K(133248K) NonClass: 115295K(115968K)->115295K(115968K) Class: 16562K(17280K)->16562K(17280K)
[2026-04-03T02:36:43.581+0600][76.509s][info][gc             ] GC(399) Pause Young (Prepare Mixed) (G1 Evacuation Pause) 526M->101M(538M) 6.585ms
[2026-04-03T02:36:43.581+0600][76.509s][info][gc,cpu         ] GC(399) User=0.03s Sys=0.01s Real=0.01s
[2026-04-03T02:36:43.954+0600][76.881s][info][gc,start       ] GC(400) Pause Young (Mixed) (G1 Evacuation Pause)
[2026-04-03T02:36:43.954+0600][76.881s][info][gc,task        ] GC(400) Using 10 workers of 10 for evacuation
[2026-04-03T02:36:43.958+0600][76.886s][info][gc,phases      ] GC(400)   Pre Evacuate Collection Set: 0.39ms
[2026-04-03T02:36:43.958+0600][76.886s][info][gc,phases      ] GC(400)   Merge Heap Roots: 0.17ms
[2026-04-03T02:36:43.958+0600][76.886s][info][gc,phases      ] GC(400)   Evacuate Collection Set: 2.95ms
[2026-04-03T02:36:43.958+0600][76.886s][info][gc,phases      ] GC(400)   Post Evacuate Collection Set: 0.81ms
[2026-04-03T02:36:43.958+0600][76.886s][info][gc,phases      ] GC(400)   Other: 0.09ms
[2026-04-03T02:36:43.958+0600][76.886s][info][gc,heap        ] GC(400) Eden regions: 264->0(327)
[2026-04-03T02:36:43.958+0600][76.886s][info][gc,heap        ] GC(400) Survivor regions: 9->7(41)
[2026-04-03T02:36:43.958+0600][76.886s][info][gc,heap        ] GC(400) Old regions: 87->87
[2026-04-03T02:36:43.958+0600][76.886s][info][gc,heap        ] GC(400) Humongous regions: 190->8
[2026-04-03T02:36:43.958+0600][76.886s][info][gc,metaspace   ] GC(400) Metaspace: 131858K(133248K)->131858K(133248K) NonClass: 115295K(115968K)->115295K(115968K) Class: 16562K(17280K)->16562K(17280K)
[2026-04-03T02:36:43.958+0600][76.886s][info][gc             ] GC(400) Pause Young (Mixed) (G1 Evacuation Pause) 547M->100M(558M) 4.693ms
[2026-04-03T02:36:43.958+0600][76.886s][info][gc,cpu         ] GC(400) User=0.02s Sys=0.00s Real=0.00s
[2026-04-03T02:36:43.959+0600][76.887s][info][gc,start       ] GC(401) Pause Young (Concurrent Start) (G1 Humongous Allocation)
[2026-04-03T02:36:43.959+0600][76.887s][info][gc,task        ] GC(401) Using 10 workers of 10 for evacuation
[2026-04-03T02:36:43.963+0600][76.891s][info][gc,phases      ] GC(401)   Pre Evacuate Collection Set: 0.36ms
[2026-04-03T02:36:43.963+0600][76.891s][info][gc,phases      ] GC(401)   Merge Heap Roots: 0.08ms
[2026-04-03T02:36:43.963+0600][76.891s][info][gc,phases      ] GC(401)   Evacuate Collection Set: 2.39ms
[2026-04-03T02:36:43.963+0600][76.891s][info][gc,phases      ] GC(401)   Post Evacuate Collection Set: 0.43ms
[2026-04-03T02:36:43.963+0600][76.891s][info][gc,phases      ] GC(401)   Other: 0.15ms
[2026-04-03T02:36:43.963+0600][76.891s][info][gc,heap        ] GC(401) Eden regions: 3->0(327)
[2026-04-03T02:36:43.963+0600][76.891s][info][gc,heap        ] GC(401) Survivor regions: 7->7(42)
[2026-04-03T02:36:43.963+0600][76.891s][info][gc,heap        ] GC(401) Old regions: 87->87
[2026-04-03T02:36:43.963+0600][76.891s][info][gc,heap        ] GC(401) Humongous regions: 8->8
[2026-04-03T02:36:43.963+0600][76.891s][info][gc,metaspace   ] GC(401) Metaspace: 131858K(133248K)->131858K(133248K) NonClass: 115295K(115968K)->115295K(115968K) Class: 16562K(17280K)->16562K(17280K)
[2026-04-03T02:36:43.963+0600][76.891s][info][gc             ] GC(401) Pause Young (Concurrent Start) (G1 Humongous Allocation) 102M->100M(558M) 3.635ms
[2026-04-03T02:36:43.963+0600][76.891s][info][gc             ] GC(402) Concurrent Mark Cycle
[2026-04-03T02:36:43.963+0600][76.891s][info][gc,marking     ] GC(402) Concurrent Scan Root Regions
[2026-04-03T02:36:43.963+0600][76.891s][info][gc,cpu         ] GC(401) User=0.02s Sys=0.00s Real=0.01s
[2026-04-03T02:36:43.965+0600][76.893s][info][gc,marking     ] GC(402) Concurrent Scan Root Regions 1.841ms
[2026-04-03T02:36:43.965+0600][76.893s][info][gc,marking     ] GC(402) Concurrent Mark
[2026-04-03T02:36:43.965+0600][76.893s][info][gc,marking     ] GC(402) Concurrent Mark From Roots
[2026-04-03T02:36:43.965+0600][76.893s][info][gc,task        ] GC(402) Using 3 workers of 3 for marking
[2026-04-03T02:36:44.031+0600][76.959s][info][gc,marking     ] GC(402) Concurrent Mark From Roots 66.163ms
[2026-04-03T02:36:44.031+0600][76.959s][info][gc,marking     ] GC(402) Concurrent Preclean
[2026-04-03T02:36:44.031+0600][76.959s][info][gc,marking     ] GC(402) Concurrent Preclean 0.348ms
[2026-04-03T02:36:44.032+0600][76.960s][info][gc,start       ] GC(402) Pause Remark
[2026-04-03T02:36:44.041+0600][76.969s][info][gc             ] GC(402) Pause Remark 152M->152M(430M) 8.890ms
[2026-04-03T02:36:44.041+0600][76.969s][info][gc,cpu         ] GC(402) User=0.06s Sys=0.00s Real=0.01s
[2026-04-03T02:36:44.041+0600][76.969s][info][gc,marking     ] GC(402) Concurrent Mark 76.152ms
[2026-04-03T02:36:44.041+0600][76.969s][info][gc,marking     ] GC(402) Concurrent Rebuild Remembered Sets and Scrub Regions
[2026-04-03T02:36:44.077+0600][77.005s][info][gc,marking     ] GC(402) Concurrent Rebuild Remembered Sets and Scrub Regions 36.253ms
[2026-04-03T02:36:44.078+0600][77.006s][info][gc,start       ] GC(402) Pause Cleanup
[2026-04-03T02:36:44.078+0600][77.006s][info][gc             ] GC(402) Pause Cleanup 181M->181M(430M) 0.263ms
[2026-04-03T02:36:44.078+0600][77.006s][info][gc,cpu         ] GC(402) User=0.00s Sys=0.00s Real=0.00s
[2026-04-03T02:36:44.078+0600][77.006s][info][gc,marking     ] GC(402) Concurrent Clear Claimed Marks
[2026-04-03T02:36:44.079+0600][77.006s][info][gc,marking     ] GC(402) Concurrent Clear Claimed Marks 0.341ms
[2026-04-03T02:36:44.079+0600][77.006s][info][gc,marking     ] GC(402) Concurrent Cleanup for Next Mark
[2026-04-03T02:36:44.080+0600][77.007s][info][gc,marking     ] GC(402) Concurrent Cleanup for Next Mark 0.948ms
[2026-04-03T02:36:44.080+0600][77.007s][info][gc             ] GC(402) Concurrent Mark Cycle 116.643ms
[2026-04-03T02:36:44.263+0600][77.191s][info][gc,start       ] GC(403) Pause Young (Prepare Mixed) (G1 Evacuation Pause)
[2026-04-03T02:36:44.263+0600][77.191s][info][gc,task        ] GC(403) Using 10 workers of 10 for evacuation
[2026-04-03T02:36:44.269+0600][77.197s][info][gc,phases      ] GC(403)   Pre Evacuate Collection Set: 0.54ms
[2026-04-03T02:36:44.269+0600][77.197s][info][gc,phases      ] GC(403)   Merge Heap Roots: 0.40ms
[2026-04-03T02:36:44.269+0600][77.197s][info][gc,phases      ] GC(403)   Evacuate Collection Set: 4.46ms
[2026-04-03T02:36:44.269+0600][77.197s][info][gc,phases      ] GC(403)   Post Evacuate Collection Set: 0.75ms
[2026-04-03T02:36:44.269+0600][77.197s][info][gc,phases      ] GC(403)   Other: 0.14ms
[2026-04-03T02:36:44.269+0600][77.197s][info][gc,heap        ] GC(403) Eden regions: 251->0(251)
[2026-04-03T02:36:44.269+0600][77.197s][info][gc,heap        ] GC(403) Survivor regions: 7->9(33)
[2026-04-03T02:36:44.269+0600][77.197s][info][gc,heap        ] GC(403) Old regions: 87->88
[2026-04-03T02:36:44.269+0600][77.197s][info][gc,heap        ] GC(403) Humongous regions: 79->8
[2026-04-03T02:36:44.269+0600][77.197s][info][gc,metaspace   ] GC(403) Metaspace: 131861K(133248K)->131861K(133248K) NonClass: 115298K(115968K)->115298K(115968K) Class: 16563K(17280K)->16563K(17280K)
[2026-04-03T02:36:44.269+0600][77.197s][info][gc             ] GC(403) Pause Young (Prepare Mixed) (G1 Evacuation Pause) 422M->102M(434M) 6.593ms
[2026-04-03T02:36:44.270+0600][77.197s][info][gc,cpu         ] GC(403) User=0.05s Sys=0.00s Real=0.00s
[2026-04-03T02:36:44.394+0600][77.322s][info][gc,start       ] GC(404) Pause Young (Mixed) (G1 Evacuation Pause)
[2026-04-03T02:36:44.394+0600][77.322s][info][gc,task        ] GC(404) Using 10 workers of 10 for evacuation
[2026-04-03T02:36:44.399+0600][77.327s][info][gc,phases      ] GC(404)   Pre Evacuate Collection Set: 0.37ms
[2026-04-03T02:36:44.399+0600][77.327s][info][gc,phases      ] GC(404)   Merge Heap Roots: 0.21ms
[2026-04-03T02:36:44.399+0600][77.327s][info][gc,phases      ] GC(404)   Evacuate Collection Set: 3.77ms
[2026-04-03T02:36:44.399+0600][77.327s][info][gc,phases      ] GC(404)   Post Evacuate Collection Set: 0.67ms
[2026-04-03T02:36:44.399+0600][77.327s][info][gc,phases      ] GC(404)   Other: 0.11ms
[2026-04-03T02:36:44.399+0600][77.327s][info][gc,heap        ] GC(404) Eden regions: 83->0(277)
[2026-04-03T02:36:44.399+0600][77.327s][info][gc,heap        ] GC(404) Survivor regions: 9->10(33)
[2026-04-03T02:36:44.399+0600][77.327s][info][gc,heap        ] GC(404) Old regions: 88->87
[2026-04-03T02:36:44.399+0600][77.327s][info][gc,heap        ] GC(404) Humongous regions: 289->28
[2026-04-03T02:36:44.399+0600][77.327s][info][gc,metaspace   ] GC(404) Metaspace: 131864K(133248K)->131864K(133248K) NonClass: 115301K(115968K)->115301K(115968K) Class: 16563K(17280K)->16563K(17280K)
[2026-04-03T02:36:44.399+0600][77.327s][info][gc             ] GC(404) Pause Young (Mixed) (G1 Evacuation Pause) 466M->123M(479M) 5.411ms
[2026-04-03T02:36:44.400+0600][77.327s][info][gc,cpu         ] GC(404) User=0.02s Sys=0.02s Real=0.00s
[2026-04-03T02:36:44.400+0600][77.328s][info][gc,start       ] GC(405) Pause Young (Concurrent Start) (G1 Humongous Allocation)
[2026-04-03T02:36:44.400+0600][77.328s][info][gc,task        ] GC(405) Using 10 workers of 10 for evacuation
[2026-04-03T02:36:44.403+0600][77.331s][info][gc,phases      ] GC(405)   Pre Evacuate Collection Set: 0.23ms
[2026-04-03T02:36:44.403+0600][77.331s][info][gc,phases      ] GC(405)   Merge Heap Roots: 0.07ms
[2026-04-03T02:36:44.403+0600][77.331s][info][gc,phases      ] GC(405)   Evacuate Collection Set: 1.82ms
[2026-04-03T02:36:44.403+0600][77.331s][info][gc,phases      ] GC(405)   Post Evacuate Collection Set: 0.42ms
[2026-04-03T02:36:44.403+0600][77.331s][info][gc,phases      ] GC(405)   Other: 0.07ms
[2026-04-03T02:36:44.403+0600][77.331s][info][gc,heap        ] GC(405) Eden regions: 3->0(277)
[2026-04-03T02:36:44.403+0600][77.331s][info][gc,heap        ] GC(405) Survivor regions: 10->10(36)
[2026-04-03T02:36:44.403+0600][77.331s][info][gc,heap        ] GC(405) Old regions: 87->87
[2026-04-03T02:36:44.403+0600][77.331s][info][gc,heap        ] GC(405) Humongous regions: 28->8
[2026-04-03T02:36:44.403+0600][77.331s][info][gc,metaspace   ] GC(405) Metaspace: 131864K(133248K)->131864K(133248K) NonClass: 115301K(115968K)->115301K(115968K) Class: 16563K(17280K)->16563K(17280K)
[2026-04-03T02:36:44.403+0600][77.331s][info][gc             ] GC(405) Pause Young (Concurrent Start) (G1 Humongous Allocation) 125M->103M(479M) 2.798ms
[2026-04-03T02:36:44.403+0600][77.331s][info][gc             ] GC(406) Concurrent Mark Cycle
[2026-04-03T02:36:44.403+0600][77.331s][info][gc,marking     ] GC(406) Concurrent Scan Root Regions
[2026-04-03T02:36:44.403+0600][77.331s][info][gc,cpu         ] GC(405) User=0.02s Sys=0.00s Real=0.00s
[2026-04-03T02:36:44.405+0600][77.333s][info][gc,marking     ] GC(406) Concurrent Scan Root Regions 2.043ms
[2026-04-03T02:36:44.405+0600][77.333s][info][gc,marking     ] GC(406) Concurrent Mark
[2026-04-03T02:36:44.405+0600][77.333s][info][gc,marking     ] GC(406) Concurrent Mark From Roots
[2026-04-03T02:36:44.405+0600][77.333s][info][gc,task        ] GC(406) Using 3 workers of 3 for marking
[2026-04-03T02:36:44.491+0600][77.419s][info][gc,marking     ] GC(406) Concurrent Mark From Roots 86.129ms
[2026-04-03T02:36:44.492+0600][77.419s][info][gc,marking     ] GC(406) Concurrent Preclean
[2026-04-03T02:36:44.492+0600][77.420s][info][gc,marking     ] GC(406) Concurrent Preclean 0.332ms
[2026-04-03T02:36:44.493+0600][77.420s][info][gc,start       ] GC(406) Pause Remark
[2026-04-03T02:36:44.501+0600][77.429s][info][gc             ] GC(406) Pause Remark 275M->275M(479M) 8.374ms
[2026-04-03T02:36:44.501+0600][77.429s][info][gc,cpu         ] GC(406) User=0.06s Sys=0.00s Real=0.01s
[2026-04-03T02:36:44.501+0600][77.429s][info][gc,marking     ] GC(406) Concurrent Mark 96.132ms
[2026-04-03T02:36:44.502+0600][77.429s][info][gc,marking     ] GC(406) Concurrent Rebuild Remembered Sets and Scrub Regions
[2026-04-03T02:36:44.532+0600][77.459s][info][gc,marking     ] GC(406) Concurrent Rebuild Remembered Sets and Scrub Regions 30.067ms
[2026-04-03T02:36:44.536+0600][77.464s][info][gc,start       ] GC(406) Pause Cleanup
[2026-04-03T02:36:44.537+0600][77.464s][info][gc             ] GC(406) Pause Cleanup 554M->554M(559M) 0.262ms
[2026-04-03T02:36:44.537+0600][77.465s][info][gc,cpu         ] GC(406) User=0.00s Sys=0.00s Real=0.00s
[2026-04-03T02:36:44.537+0600][77.465s][info][gc,marking     ] GC(406) Concurrent Clear Claimed Marks
[2026-04-03T02:36:44.537+0600][77.465s][info][gc,marking     ] GC(406) Concurrent Clear Claimed Marks 0.407ms
[2026-04-03T02:36:44.537+0600][77.465s][info][gc,marking     ] GC(406) Concurrent Cleanup for Next Mark
[2026-04-03T02:36:44.539+0600][77.467s][info][gc,marking     ] GC(406) Concurrent Cleanup for Next Mark 1.615ms
[2026-04-03T02:36:44.539+0600][77.467s][info][gc             ] GC(406) Concurrent Mark Cycle 135.858ms
[2026-04-03T02:36:44.556+0600][77.484s][info][gc,start       ] GC(407) Pause Young (Prepare Mixed) (G1 Evacuation Pause)
[2026-04-03T02:36:44.556+0600][77.484s][info][gc,task        ] GC(407) Using 10 workers of 10 for evacuation
[2026-04-03T02:36:44.559+0600][77.487s][info][gc,phases      ] GC(407)   Pre Evacuate Collection Set: 0.25ms
[2026-04-03T02:36:44.559+0600][77.487s][info][gc,phases      ] GC(407)   Merge Heap Roots: 0.18ms
[2026-04-03T02:36:44.559+0600][77.487s][info][gc,phases      ] GC(407)   Evacuate Collection Set: 1.88ms
[2026-04-03T02:36:44.559+0600][77.487s][info][gc,phases      ] GC(407)   Post Evacuate Collection Set: 0.71ms
[2026-04-03T02:36:44.559+0600][77.487s][info][gc,phases      ] GC(407)   Other: 0.07ms
[2026-04-03T02:36:44.559+0600][77.487s][info][gc,heap        ] GC(407) Eden regions: 65->0(361)
[2026-04-03T02:36:44.559+0600][77.487s][info][gc,heap        ] GC(407) Survivor regions: 10->5(40)
[2026-04-03T02:36:44.559+0600][77.487s][info][gc,heap        ] GC(407) Old regions: 87->87
[2026-04-03T02:36:44.559+0600][77.487s][info][gc,heap        ] GC(407) Humongous regions: 443->10
[2026-04-03T02:36:44.559+0600][77.487s][info][gc,metaspace   ] GC(407) Metaspace: 131864K(133248K)->131864K(133248K) NonClass: 115301K(115968K)->115301K(115968K) Class: 16563K(17280K)->16563K(17280K)
[2026-04-03T02:36:44.559+0600][77.487s][info][gc             ] GC(407) Pause Young (Prepare Mixed) (G1 Evacuation Pause) 603M->100M(610M) 3.312ms
[2026-04-03T02:36:44.559+0600][77.487s][info][gc,cpu         ] GC(407) User=0.02s Sys=0.01s Real=0.00s
[2026-04-03T02:36:45.054+0600][77.982s][info][gc,start       ] GC(408) Pause Young (Mixed) (GCLocker Initiated GC)
[2026-04-03T02:36:45.054+0600][77.982s][info][gc,task        ] GC(408) Using 10 workers of 10 for evacuation
[2026-04-03T02:36:45.060+0600][77.988s][info][gc,phases      ] GC(408)   Pre Evacuate Collection Set: 0.40ms
[2026-04-03T02:36:45.061+0600][77.988s][info][gc,phases      ] GC(408)   Merge Heap Roots: 0.28ms
[2026-04-03T02:36:45.061+0600][77.988s][info][gc,phases      ] GC(408)   Evacuate Collection Set: 4.45ms
[2026-04-03T02:36:45.061+0600][77.988s][info][gc,phases      ] GC(408)   Post Evacuate Collection Set: 0.82ms
[2026-04-03T02:36:45.061+0600][77.988s][info][gc,phases      ] GC(408)   Other: 0.12ms
[2026-04-03T02:36:45.061+0600][77.988s][info][gc,heap        ] GC(408) Eden regions: 334->0(363)
[2026-04-03T02:36:45.061+0600][77.988s][info][gc,heap        ] GC(408) Survivor regions: 5->8(46)
[2026-04-03T02:36:45.061+0600][77.988s][info][gc,heap        ] GC(408) Old regions: 87->87
[2026-04-03T02:36:45.061+0600][77.988s][info][gc,heap        ] GC(408) Humongous regions: 184->8
[2026-04-03T02:36:45.061+0600][77.988s][info][gc,metaspace   ] GC(408) Metaspace: 131872K(133312K)->131872K(133312K) NonClass: 115309K(116032K)->115309K(116032K) Class: 16563K(17280K)->16563K(17280K)
[2026-04-03T02:36:45.061+0600][77.989s][info][gc             ] GC(408) Pause Young (Mixed) (GCLocker Initiated GC) 608M->101M(619M) 6.371ms
[2026-04-03T02:36:45.061+0600][77.989s][info][gc,cpu         ] GC(408) User=0.03s Sys=0.02s Real=0.01s
[2026-04-03T02:36:45.066+0600][77.994s][info][gc,start       ] GC(409) Pause Young (Concurrent Start) (G1 Humongous Allocation)
[2026-04-03T02:36:45.067+0600][77.994s][info][gc,task        ] GC(409) Using 10 workers of 10 for evacuation
[2026-04-03T02:36:45.070+0600][77.998s][info][gc,phases      ] GC(409)   Pre Evacuate Collection Set: 0.47ms
[2026-04-03T02:36:45.070+0600][77.998s][info][gc,phases      ] GC(409)   Merge Heap Roots: 0.14ms
[2026-04-03T02:36:45.070+0600][77.998s][info][gc,phases      ] GC(409)   Evacuate Collection Set: 2.51ms
[2026-04-03T02:36:45.070+0600][77.998s][info][gc,phases      ] GC(409)   Post Evacuate Collection Set: 0.59ms
[2026-04-03T02:36:45.070+0600][77.998s][info][gc,phases      ] GC(409)   Other: 0.18ms
[2026-04-03T02:36:45.071+0600][77.998s][info][gc,heap        ] GC(409) Eden regions: 8->0(364)
[2026-04-03T02:36:45.071+0600][77.998s][info][gc,heap        ] GC(409) Survivor regions: 8->7(47)
[2026-04-03T02:36:45.071+0600][77.998s][info][gc,heap        ] GC(409) Old regions: 87->87
[2026-04-03T02:36:45.071+0600][77.998s][info][gc,heap        ] GC(409) Humongous regions: 8->8
[2026-04-03T02:36:45.071+0600][77.998s][info][gc,metaspace   ] GC(409) Metaspace: 131872K(133312K)->131872K(133312K) NonClass: 115309K(116032K)->115309K(116032K) Class: 16563K(17280K)->16563K(17280K)
[2026-04-03T02:36:45.071+0600][77.998s][info][gc             ] GC(409) Pause Young (Concurrent Start) (G1 Humongous Allocation) 109M->100M(619M) 4.182ms
[2026-04-03T02:36:45.071+0600][77.999s][info][gc             ] GC(410) Concurrent Mark Cycle
[2026-04-03T02:36:45.071+0600][77.999s][info][gc,cpu         ] GC(409) User=0.03s Sys=0.00s Real=0.01s
[2026-04-03T02:36:45.071+0600][77.999s][info][gc,marking     ] GC(410) Concurrent Scan Root Regions
[2026-04-03T02:36:45.074+0600][78.001s][info][gc,marking     ] GC(410) Concurrent Scan Root Regions 2.768ms
[2026-04-03T02:36:45.074+0600][78.001s][info][gc,marking     ] GC(410) Concurrent Mark
[2026-04-03T02:36:45.074+0600][78.002s][info][gc,marking     ] GC(410) Concurrent Mark From Roots
[2026-04-03T02:36:45.074+0600][78.002s][info][gc,task        ] GC(410) Using 3 workers of 3 for marking
[2026-04-03T02:36:45.167+0600][78.095s][info][gc,marking     ] GC(410) Concurrent Mark From Roots 93.316ms
[2026-04-03T02:36:45.167+0600][78.095s][info][gc,marking     ] GC(410) Concurrent Preclean
[2026-04-03T02:36:45.167+0600][78.095s][info][gc,marking     ] GC(410) Concurrent Preclean 0.395ms
[2026-04-03T02:36:45.168+0600][78.096s][info][gc,start       ] GC(410) Pause Remark
[2026-04-03T02:36:45.178+0600][78.106s][info][gc             ] GC(410) Pause Remark 207M->207M(507M) 10.235ms
[2026-04-03T02:36:45.178+0600][78.106s][info][gc,cpu         ] GC(410) User=0.08s Sys=0.00s Real=0.01s
[2026-04-03T02:36:45.178+0600][78.106s][info][gc,marking     ] GC(410) Concurrent Mark 104.698ms
[2026-04-03T02:36:45.178+0600][78.106s][info][gc,marking     ] GC(410) Concurrent Rebuild Remembered Sets and Scrub Regions
[2026-04-03T02:36:45.212+0600][78.140s][info][gc,marking     ] GC(410) Concurrent Rebuild Remembered Sets and Scrub Regions 33.380ms
[2026-04-03T02:36:45.212+0600][78.140s][info][gc,start       ] GC(410) Pause Cleanup
[2026-04-03T02:36:45.213+0600][78.141s][info][gc             ] GC(410) Pause Cleanup 233M->233M(507M) 0.357ms
[2026-04-03T02:36:45.213+0600][78.141s][info][gc,cpu         ] GC(410) User=0.01s Sys=0.00s Real=0.00s
[2026-04-03T02:36:45.214+0600][78.142s][info][gc,marking     ] GC(410) Concurrent Clear Claimed Marks
[2026-04-03T02:36:45.214+0600][78.142s][info][gc,marking     ] GC(410) Concurrent Clear Claimed Marks 0.418ms
[2026-04-03T02:36:45.214+0600][78.142s][info][gc,marking     ] GC(410) Concurrent Cleanup for Next Mark
[2026-04-03T02:36:45.216+0600][78.144s][info][gc,marking     ] GC(410) Concurrent Cleanup for Next Mark 1.192ms
[2026-04-03T02:36:45.216+0600][78.144s][info][gc             ] GC(410) Concurrent Mark Cycle 145.075ms
[2026-04-03T02:36:45.406+0600][78.334s][info][gc,start       ] GC(411) Pause Young (Prepare Mixed) (G1 Evacuation Pause)
[2026-04-03T02:36:45.406+0600][78.334s][info][gc,task        ] GC(411) Using 10 workers of 10 for evacuation
[2026-04-03T02:36:45.413+0600][78.341s][info][gc,phases      ] GC(411)   Pre Evacuate Collection Set: 0.36ms
[2026-04-03T02:36:45.413+0600][78.341s][info][gc,phases      ] GC(411)   Merge Heap Roots: 0.21ms
[2026-04-03T02:36:45.413+0600][78.341s][info][gc,phases      ] GC(411)   Evacuate Collection Set: 5.42ms
[2026-04-03T02:36:45.413+0600][78.341s][info][gc,phases      ] GC(411)   Post Evacuate Collection Set: 0.81ms
[2026-04-03T02:36:45.413+0600][78.341s][info][gc,phases      ] GC(411)   Other: 0.13ms
[2026-04-03T02:36:45.413+0600][78.341s][info][gc,heap        ] GC(411) Eden regions: 225->0(307)
[2026-04-03T02:36:45.413+0600][78.341s][info][gc,heap        ] GC(411) Survivor regions: 7->7(39)
[2026-04-03T02:36:45.413+0600][78.341s][info][gc,heap        ] GC(411) Old regions: 87->88
[2026-04-03T02:36:45.413+0600][78.341s][info][gc,heap        ] GC(411) Humongous regions: 197->8
[2026-04-03T02:36:45.413+0600][78.341s][info][gc,metaspace   ] GC(411) Metaspace: 131874K(133312K)->131874K(133312K) NonClass: 115310K(116032K)->115310K(116032K) Class: 16563K(17280K)->16563K(17280K)
[2026-04-03T02:36:45.413+0600][78.341s][info][gc             ] GC(411) Pause Young (Prepare Mixed) (G1 Evacuation Pause) 514M->101M(524M) 7.289ms
[2026-04-03T02:36:45.413+0600][78.341s][info][gc,cpu         ] GC(411) User=0.03s Sys=0.01s Real=0.01s
[2026-04-03T02:36:45.712+0600][78.640s][info][gc,start       ] GC(412) Pause Young (Mixed) (G1 Evacuation Pause)
[2026-04-03T02:36:45.712+0600][78.640s][info][gc,task        ] GC(412) Using 10 workers of 10 for evacuation
[2026-04-03T02:36:45.717+0600][78.645s][info][gc,phases      ] GC(412)   Pre Evacuate Collection Set: 0.20ms
[2026-04-03T02:36:45.717+0600][78.645s][info][gc,phases      ] GC(412)   Merge Heap Roots: 0.13ms
[2026-04-03T02:36:45.717+0600][78.645s][info][gc,phases      ] GC(412)   Evacuate Collection Set: 3.13ms
[2026-04-03T02:36:45.717+0600][78.645s][info][gc,phases      ] GC(412)   Post Evacuate Collection Set: 0.70ms
[2026-04-03T02:36:45.717+0600][78.645s][info][gc,phases      ] GC(412)   Other: 0.08ms
[2026-04-03T02:36:45.717+0600][78.645s][info][gc,heap        ] GC(412) Eden regions: 239->0(318)
[2026-04-03T02:36:45.717+0600][78.645s][info][gc,heap        ] GC(412) Survivor regions: 7->7(40)
[2026-04-03T02:36:45.717+0600][78.645s][info][gc,heap        ] GC(412) Old regions: 88->87
[2026-04-03T02:36:45.717+0600][78.645s][info][gc,heap        ] GC(412) Humongous regions: 202->8
[2026-04-03T02:36:45.717+0600][78.645s][info][gc,metaspace   ] GC(412) Metaspace: 131874K(133312K)->131874K(133312K) NonClass: 115310K(116032K)->115310K(116032K) Class: 16563K(17280K)->16563K(17280K)
[2026-04-03T02:36:45.717+0600][78.645s][info][gc             ] GC(412) Pause Young (Mixed) (G1 Evacuation Pause) 534M->100M(543M) 4.493ms
[2026-04-03T02:36:45.717+0600][78.645s][info][gc,cpu         ] GC(412) User=0.02s Sys=0.00s Real=0.00s
[2026-04-03T02:36:45.735+0600][78.663s][info][gc,start       ] GC(413) Pause Young (Concurrent Start) (G1 Humongous Allocation)
[2026-04-03T02:36:45.735+0600][78.663s][info][gc,task        ] GC(413) Using 10 workers of 10 for evacuation
[2026-04-03T02:36:45.739+0600][78.667s][info][gc,phases      ] GC(413)   Pre Evacuate Collection Set: 0.47ms
[2026-04-03T02:36:45.739+0600][78.667s][info][gc,phases      ] GC(413)   Merge Heap Roots: 0.14ms
[2026-04-03T02:36:45.739+0600][78.667s][info][gc,phases      ] GC(413)   Evacuate Collection Set: 2.02ms
[2026-04-03T02:36:45.739+0600][78.667s][info][gc,phases      ] GC(413)   Post Evacuate Collection Set: 0.48ms
[2026-04-03T02:36:45.739+0600][78.667s][info][gc,phases      ] GC(413)   Other: 0.13ms
[2026-04-03T02:36:45.739+0600][78.667s][info][gc,heap        ] GC(413) Eden regions: 13->0(318)
[2026-04-03T02:36:45.739+0600][78.667s][info][gc,heap        ] GC(413) Survivor regions: 7->7(41)
[2026-04-03T02:36:45.739+0600][78.667s][info][gc,heap        ] GC(413) Old regions: 87->87
[2026-04-03T02:36:45.739+0600][78.667s][info][gc,heap        ] GC(413) Humongous regions: 8->8
[2026-04-03T02:36:45.739+0600][78.667s][info][gc,metaspace   ] GC(413) Metaspace: 131876K(133312K)->131876K(133312K) NonClass: 115312K(116032K)->115312K(116032K) Class: 16563K(17280K)->16563K(17280K)
[2026-04-03T02:36:45.739+0600][78.667s][info][gc             ] GC(413) Pause Young (Concurrent Start) (G1 Humongous Allocation) 113M->100M(543M) 3.534ms
[2026-04-03T02:36:45.739+0600][78.667s][info][gc             ] GC(414) Concurrent Mark Cycle
[2026-04-03T02:36:45.739+0600][78.667s][info][gc,marking     ] GC(414) Concurrent Scan Root Regions
[2026-04-03T02:36:45.739+0600][78.667s][info][gc,cpu         ] GC(413) User=0.03s Sys=0.01s Real=0.00s
[2026-04-03T02:36:45.741+0600][78.669s][info][gc,marking     ] GC(414) Concurrent Scan Root Regions 2.275ms
[2026-04-03T02:36:45.741+0600][78.669s][info][gc,marking     ] GC(414) Concurrent Mark
[2026-04-03T02:36:45.741+0600][78.669s][info][gc,marking     ] GC(414) Concurrent Mark From Roots
[2026-04-03T02:36:45.741+0600][78.669s][info][gc,task        ] GC(414) Using 3 workers of 3 for marking
[2026-04-03T02:36:45.809+0600][78.737s][info][gc,marking     ] GC(414) Concurrent Mark From Roots 67.981ms
[2026-04-03T02:36:45.809+0600][78.737s][info][gc,marking     ] GC(414) Concurrent Preclean
[2026-04-03T02:36:45.810+0600][78.738s][info][gc,marking     ] GC(414) Concurrent Preclean 0.386ms
[2026-04-03T02:36:45.810+0600][78.738s][info][gc,start       ] GC(414) Pause Remark
[2026-04-03T02:36:45.818+0600][78.746s][info][gc             ] GC(414) Pause Remark 138M->138M(410M) 7.756ms
[2026-04-03T02:36:45.818+0600][78.746s][info][gc,cpu         ] GC(414) User=0.06s Sys=0.01s Real=0.00s
[2026-04-03T02:36:45.818+0600][78.746s][info][gc,marking     ] GC(414) Concurrent Mark 76.991ms
[2026-04-03T02:36:45.818+0600][78.746s][info][gc,marking     ] GC(414) Concurrent Rebuild Remembered Sets and Scrub Regions
[2026-04-03T02:36:45.842+0600][78.770s][info][gc,marking     ] GC(414) Concurrent Rebuild Remembered Sets and Scrub Regions 23.521ms
[2026-04-03T02:36:45.842+0600][78.770s][info][gc,start       ] GC(414) Pause Cleanup
[2026-04-03T02:36:45.843+0600][78.770s][info][gc             ] GC(414) Pause Cleanup 146M->146M(410M) 0.269ms
[2026-04-03T02:36:45.843+0600][78.771s][info][gc,cpu         ] GC(414) User=0.00s Sys=0.00s Real=0.00s
[2026-04-03T02:36:45.843+0600][78.771s][info][gc,marking     ] GC(414) Concurrent Clear Claimed Marks
[2026-04-03T02:36:45.843+0600][78.771s][info][gc,marking     ] GC(414) Concurrent Clear Claimed Marks 0.364ms
[2026-04-03T02:36:45.843+0600][78.771s][info][gc,marking     ] GC(414) Concurrent Cleanup for Next Mark
[2026-04-03T02:36:45.844+0600][78.772s][info][gc,marking     ] GC(414) Concurrent Cleanup for Next Mark 0.672ms
[2026-04-03T02:36:45.844+0600][78.772s][info][gc             ] GC(414) Concurrent Mark Cycle 105.014ms
[2026-04-03T02:36:46.145+0600][79.073s][info][gc,start       ] GC(415) Pause Young (Prepare Mixed) (G1 Evacuation Pause)
[2026-04-03T02:36:46.145+0600][79.073s][info][gc,task        ] GC(415) Using 10 workers of 10 for evacuation
[2026-04-03T02:36:46.150+0600][79.078s][info][gc,phases      ] GC(415)   Pre Evacuate Collection Set: 0.41ms
[2026-04-03T02:36:46.150+0600][79.078s][info][gc,phases      ] GC(415)   Merge Heap Roots: 0.28ms
[2026-04-03T02:36:46.150+0600][79.078s][info][gc,phases      ] GC(415)   Evacuate Collection Set: 3.35ms
[2026-04-03T02:36:46.150+0600][79.078s][info][gc,phases      ] GC(415)   Post Evacuate Collection Set: 0.68ms
[2026-04-03T02:36:46.150+0600][79.078s][info][gc,phases      ] GC(415)   Other: 0.11ms
[2026-04-03T02:36:46.150+0600][79.078s][info][gc,heap        ] GC(415) Eden regions: 232->0(252)
[2026-04-03T02:36:46.150+0600][79.078s][info][gc,heap        ] GC(415) Survivor regions: 7->6(31)
[2026-04-03T02:36:46.150+0600][79.078s][info][gc,heap        ] GC(415) Old regions: 87->88
[2026-04-03T02:36:46.150+0600][79.078s][info][gc,heap        ] GC(415) Humongous regions: 97->8
[2026-04-03T02:36:46.150+0600][79.078s][info][gc,metaspace   ] GC(415) Metaspace: 131906K(133312K)->131906K(133312K) NonClass: 115336K(116032K)->115336K(116032K) Class: 16569K(17280K)->16569K(17280K)
[2026-04-03T02:36:46.150+0600][79.078s][info][gc             ] GC(415) Pause Young (Prepare Mixed) (G1 Evacuation Pause) 421M->100M(430M) 5.091ms
[2026-04-03T02:36:46.150+0600][79.078s][info][gc,cpu         ] GC(415) User=0.03s Sys=0.01s Real=0.01s
[2026-04-03T02:36:46.362+0600][79.290s][info][gc,start       ] GC(416) Pause Young (Mixed) (G1 Evacuation Pause)
[2026-04-03T02:36:46.362+0600][79.290s][info][gc,task        ] GC(416) Using 10 workers of 10 for evacuation
[2026-04-03T02:36:46.368+0600][79.295s][info][gc,phases      ] GC(416)   Pre Evacuate Collection Set: 0.40ms
[2026-04-03T02:36:46.368+0600][79.295s][info][gc,phases      ] GC(416)   Merge Heap Roots: 0.18ms
[2026-04-03T02:36:46.368+0600][79.295s][info][gc,phases      ] GC(416)   Evacuate Collection Set: 4.39ms
[2026-04-03T02:36:46.368+0600][79.295s][info][gc,phases      ] GC(416)   Post Evacuate Collection Set: 0.71ms
[2026-04-03T02:36:46.368+0600][79.295s][info][gc,phases      ] GC(416)   Other: 0.11ms
[2026-04-03T02:36:46.368+0600][79.296s][info][gc,heap        ] GC(416) Eden regions: 186->0(258)
[2026-04-03T02:36:46.368+0600][79.296s][info][gc,heap        ] GC(416) Survivor regions: 6->7(33)
[2026-04-03T02:36:46.368+0600][79.296s][info][gc,heap        ] GC(416) Old regions: 88->87
[2026-04-03T02:36:46.368+0600][79.296s][info][gc,heap        ] GC(416) Humongous regions: 155->8
[2026-04-03T02:36:46.368+0600][79.296s][info][gc,metaspace   ] GC(416) Metaspace: 131906K(133312K)->131906K(133312K) NonClass: 115336K(116032K)->115336K(116032K) Class: 16569K(17280K)->16569K(17280K)
[2026-04-03T02:36:46.368+0600][79.296s][info][gc             ] GC(416) Pause Young (Mixed) (G1 Evacuation Pause) 433M->100M(442M) 6.108ms
[2026-04-03T02:36:46.368+0600][79.296s][info][gc,cpu         ] GC(416) User=0.03s Sys=0.02s Real=0.00s
[2026-04-03T02:36:46.379+0600][79.307s][info][gc,start       ] GC(417) Pause Young (Concurrent Start) (GCLocker Initiated GC)
[2026-04-03T02:36:46.380+0600][79.307s][info][gc,task        ] GC(417) Using 10 workers of 10 for evacuation
[2026-04-03T02:36:46.384+0600][79.311s][info][gc,phases      ] GC(417)   Pre Evacuate Collection Set: 0.55ms
[2026-04-03T02:36:46.384+0600][79.312s][info][gc,phases      ] GC(417)   Merge Heap Roots: 0.15ms
[2026-04-03T02:36:46.384+0600][79.312s][info][gc,phases      ] GC(417)   Evacuate Collection Set: 2.63ms
[2026-04-03T02:36:46.384+0600][79.312s][info][gc,phases      ] GC(417)   Post Evacuate Collection Set: 0.56ms
[2026-04-03T02:36:46.384+0600][79.312s][info][gc,phases      ] GC(417)   Other: 0.19ms
[2026-04-03T02:36:46.384+0600][79.312s][info][gc,heap        ] GC(417) Eden regions: 9->0(257)
[2026-04-03T02:36:46.384+0600][79.312s][info][gc,heap        ] GC(417) Survivor regions: 7->8(34)
[2026-04-03T02:36:46.384+0600][79.312s][info][gc,heap        ] GC(417) Old regions: 87->87
[2026-04-03T02:36:46.384+0600][79.312s][info][gc,heap        ] GC(417) Humongous regions: 8->8
[2026-04-03T02:36:46.384+0600][79.312s][info][gc,metaspace   ] GC(417) Metaspace: 131906K(133312K)->131906K(133312K) NonClass: 115336K(116032K)->115336K(116032K) Class: 16569K(17280K)->16569K(17280K)
[2026-04-03T02:36:46.384+0600][79.312s][info][gc             ] GC(417) Pause Young (Concurrent Start) (GCLocker Initiated GC) 109M->101M(442M) 4.351ms
[2026-04-03T02:36:46.384+0600][79.312s][info][gc             ] GC(418) Concurrent Mark Cycle
[2026-04-03T02:36:46.384+0600][79.312s][info][gc,cpu         ] GC(417) User=0.03s Sys=0.00s Real=0.01s
[2026-04-03T02:36:46.384+0600][79.312s][info][gc,marking     ] GC(418) Concurrent Scan Root Regions
[2026-04-03T02:36:46.387+0600][79.315s][info][gc,marking     ] GC(418) Concurrent Scan Root Regions 3.180ms
[2026-04-03T02:36:46.387+0600][79.315s][info][gc,marking     ] GC(418) Concurrent Mark
[2026-04-03T02:36:46.387+0600][79.315s][info][gc,marking     ] GC(418) Concurrent Mark From Roots
[2026-04-03T02:36:46.387+0600][79.315s][info][gc,task        ] GC(418) Using 3 workers of 3 for marking
[2026-04-03T02:36:46.480+0600][79.408s][info][gc,marking     ] GC(418) Concurrent Mark From Roots 92.544ms
[2026-04-03T02:36:46.480+0600][79.408s][info][gc,marking     ] GC(418) Concurrent Preclean
[2026-04-03T02:36:46.480+0600][79.408s][info][gc,marking     ] GC(418) Concurrent Preclean 0.347ms
[2026-04-03T02:36:46.481+0600][79.408s][info][gc,start       ] GC(418) Pause Remark
[2026-04-03T02:36:46.491+0600][79.418s][info][gc             ] GC(418) Pause Remark 207M->207M(442M) 9.939ms
[2026-04-03T02:36:46.491+0600][79.419s][info][gc,cpu         ] GC(418) User=0.08s Sys=0.00s Real=0.01s
[2026-04-03T02:36:46.491+0600][79.419s][info][gc,marking     ] GC(418) Concurrent Mark 103.636ms
[2026-04-03T02:36:46.491+0600][79.419s][info][gc,marking     ] GC(418) Concurrent Rebuild Remembered Sets and Scrub Regions
[2026-04-03T02:36:46.521+0600][79.448s][info][gc,marking     ] GC(418) Concurrent Rebuild Remembered Sets and Scrub Regions 29.563ms
[2026-04-03T02:36:46.521+0600][79.449s][info][gc,start       ] GC(418) Pause Cleanup
[2026-04-03T02:36:46.521+0600][79.449s][info][gc             ] GC(418) Pause Cleanup 236M->236M(442M) 0.311ms
[2026-04-03T02:36:46.521+0600][79.449s][info][gc,cpu         ] GC(418) User=0.00s Sys=0.00s Real=0.00s
[2026-04-03T02:36:46.522+0600][79.449s][info][gc,marking     ] GC(418) Concurrent Clear Claimed Marks
[2026-04-03T02:36:46.522+0600][79.450s][info][gc,marking     ] GC(418) Concurrent Clear Claimed Marks 0.467ms
[2026-04-03T02:36:46.522+0600][79.450s][info][gc,marking     ] GC(418) Concurrent Cleanup for Next Mark
[2026-04-03T02:36:46.523+0600][79.451s][info][gc,marking     ] GC(418) Concurrent Cleanup for Next Mark 1.406ms
[2026-04-03T02:36:46.524+0600][79.451s][info][gc             ] GC(418) Concurrent Mark Cycle 139.621ms
[2026-04-03T02:36:46.655+0600][79.583s][info][gc,start       ] GC(419) Pause Young (Prepare Mixed) (GCLocker Initiated GC)
[2026-04-03T02:36:46.655+0600][79.583s][info][gc,task        ] GC(419) Using 10 workers of 10 for evacuation
[2026-04-03T02:36:46.662+0600][79.590s][info][gc,phases      ] GC(419)   Pre Evacuate Collection Set: 0.33ms
[2026-04-03T02:36:46.662+0600][79.590s][info][gc,phases      ] GC(419)   Merge Heap Roots: 0.30ms
[2026-04-03T02:36:46.662+0600][79.590s][info][gc,phases      ] GC(419)   Evacuate Collection Set: 5.25ms
[2026-04-03T02:36:46.662+0600][79.590s][info][gc,phases      ] GC(419)   Post Evacuate Collection Set: 0.77ms
[2026-04-03T02:36:46.662+0600][79.590s][info][gc,phases      ] GC(419)   Other: 0.14ms
[2026-04-03T02:36:46.662+0600][79.590s][info][gc,heap        ] GC(419) Eden regions: 192->0(262)
[2026-04-03T02:36:46.662+0600][79.590s][info][gc,heap        ] GC(419) Survivor regions: 8->8(34)
[2026-04-03T02:36:46.662+0600][79.590s][info][gc,heap        ] GC(419) Old regions: 87->87
[2026-04-03T02:36:46.662+0600][79.590s][info][gc,heap        ] GC(419) Humongous regions: 155->8
[2026-04-03T02:36:46.662+0600][79.590s][info][gc,metaspace   ] GC(419) Metaspace: 131906K(133312K)->131906K(133312K) NonClass: 115336K(116032K)->115336K(116032K) Class: 16569K(17280K)->16569K(17280K)
[2026-04-03T02:36:46.662+0600][79.590s][info][gc             ] GC(419) Pause Young (Prepare Mixed) (GCLocker Initiated GC) 440M->102M(450M) 7.122ms
[2026-04-03T02:36:46.662+0600][79.590s][info][gc,cpu         ] GC(419) User=0.05s Sys=0.01s Real=0.01s
[2026-04-03T02:36:46.944+0600][79.872s][info][gc,start       ] GC(420) Pause Young (Mixed) (G1 Evacuation Pause)
[2026-04-03T02:36:46.944+0600][79.872s][info][gc,task        ] GC(420) Using 10 workers of 10 for evacuation
[2026-04-03T02:36:46.951+0600][79.879s][info][gc,phases      ] GC(420)   Pre Evacuate Collection Set: 0.44ms
[2026-04-03T02:36:46.951+0600][79.879s][info][gc,phases      ] GC(420)   Merge Heap Roots: 0.22ms
[2026-04-03T02:36:46.951+0600][79.879s][info][gc,phases      ] GC(420)   Evacuate Collection Set: 4.70ms
[2026-04-03T02:36:46.951+0600][79.879s][info][gc,phases      ] GC(420)   Post Evacuate Collection Set: 0.83ms
[2026-04-03T02:36:46.951+0600][79.879s][info][gc,phases      ] GC(420)   Other: 0.13ms
[2026-04-03T02:36:46.951+0600][79.879s][info][gc,heap        ] GC(420) Eden regions: 218->0(269)
[2026-04-03T02:36:46.951+0600][79.879s][info][gc,heap        ] GC(420) Survivor regions: 8->9(34)
[2026-04-03T02:36:46.951+0600][79.879s][info][gc,heap        ] GC(420) Old regions: 87->87
[2026-04-03T02:36:46.951+0600][79.879s][info][gc,heap        ] GC(420) Humongous regions: 141->8
[2026-04-03T02:36:46.951+0600][79.879s][info][gc,metaspace   ] GC(420) Metaspace: 131910K(133312K)->131910K(133312K) NonClass: 115340K(116032K)->115340K(116032K) Class: 16569K(17280K)->16569K(17280K)
[2026-04-03T02:36:46.951+0600][79.879s][info][gc             ] GC(420) Pause Young (Mixed) (G1 Evacuation Pause) 453M->103M(464M) 6.610ms
[2026-04-03T02:36:46.951+0600][79.879s][info][gc,cpu         ] GC(420) User=0.03s Sys=0.01s Real=0.01s
[2026-04-03T02:36:46.955+0600][79.882s][info][gc,start       ] GC(421) Pause Young (Concurrent Start) (G1 Humongous Allocation)
[2026-04-03T02:36:46.955+0600][79.882s][info][gc,task        ] GC(421) Using 10 workers of 10 for evacuation
[2026-04-03T02:36:46.958+0600][79.886s][info][gc,phases      ] GC(421)   Pre Evacuate Collection Set: 0.40ms
[2026-04-03T02:36:46.958+0600][79.886s][info][gc,phases      ] GC(421)   Merge Heap Roots: 0.11ms
[2026-04-03T02:36:46.958+0600][79.886s][info][gc,phases      ] GC(421)   Evacuate Collection Set: 2.31ms
[2026-04-03T02:36:46.958+0600][79.886s][info][gc,phases      ] GC(421)   Post Evacuate Collection Set: 0.50ms
[2026-04-03T02:36:46.958+0600][79.886s][info][gc,phases      ] GC(421)   Other: 0.12ms
[2026-04-03T02:36:46.958+0600][79.886s][info][gc,heap        ] GC(421) Eden regions: 4->0(229)
[2026-04-03T02:36:46.958+0600][79.886s][info][gc,heap        ] GC(421) Survivor regions: 9->8(35)
[2026-04-03T02:36:46.958+0600][79.886s][info][gc,heap        ] GC(421) Old regions: 87->87
[2026-04-03T02:36:46.958+0600][79.886s][info][gc,heap        ] GC(421) Humongous regions: 8->8
[2026-04-03T02:36:46.958+0600][79.886s][info][gc,metaspace   ] GC(421) Metaspace: 131910K(133312K)->131910K(133312K) NonClass: 115340K(116032K)->115340K(116032K) Class: 16569K(17280K)->16569K(17280K)
[2026-04-03T02:36:46.958+0600][79.886s][info][gc             ] GC(421) Pause Young (Concurrent Start) (G1 Humongous Allocation) 106M->101M(464M) 3.680ms
[2026-04-03T02:36:46.958+0600][79.886s][info][gc             ] GC(422) Concurrent Mark Cycle
[2026-04-03T02:36:46.958+0600][79.886s][info][gc,marking     ] GC(422) Concurrent Scan Root Regions
[2026-04-03T02:36:46.958+0600][79.886s][info][gc,cpu         ] GC(421) User=0.02s Sys=0.00s Real=0.00s
[2026-04-03T02:36:46.961+0600][79.889s][info][gc,marking     ] GC(422) Concurrent Scan Root Regions 2.662ms
[2026-04-03T02:36:46.961+0600][79.889s][info][gc,marking     ] GC(422) Concurrent Mark
[2026-04-03T02:36:46.961+0600][79.889s][info][gc,marking     ] GC(422) Concurrent Mark From Roots
[2026-04-03T02:36:46.961+0600][79.889s][info][gc,task        ] GC(422) Using 3 workers of 3 for marking
[2026-04-03T02:36:47.061+0600][79.989s][info][gc,marking     ] GC(422) Concurrent Mark From Roots 100.040ms
[2026-04-03T02:36:47.061+0600][79.989s][info][gc,marking     ] GC(422) Concurrent Preclean
[2026-04-03T02:36:47.062+0600][79.990s][info][gc,marking     ] GC(422) Concurrent Preclean 0.600ms
[2026-04-03T02:36:47.062+0600][79.990s][info][gc,start       ] GC(422) Pause Remark
[2026-04-03T02:36:47.071+0600][79.999s][info][gc             ] GC(422) Pause Remark 204M->204M(394M) 9.045ms
[2026-04-03T02:36:47.071+0600][79.999s][info][gc,cpu         ] GC(422) User=0.07s Sys=0.00s Real=0.01s
[2026-04-03T02:36:47.071+0600][79.999s][info][gc,marking     ] GC(422) Concurrent Mark 110.399ms
[2026-04-03T02:36:47.072+0600][79.999s][info][gc,marking     ] GC(422) Concurrent Rebuild Remembered Sets and Scrub Regions
[2026-04-03T02:36:47.104+0600][80.032s][info][gc,marking     ] GC(422) Concurrent Rebuild Remembered Sets and Scrub Regions 32.741ms
[2026-04-03T02:36:47.105+0600][80.032s][info][gc,start       ] GC(422) Pause Cleanup
[2026-04-03T02:36:47.105+0600][80.033s][info][gc             ] GC(422) Pause Cleanup 238M->238M(394M) 0.337ms
[2026-04-03T02:36:47.105+0600][80.033s][info][gc,cpu         ] GC(422) User=0.00s Sys=0.00s Real=0.00s
[2026-04-03T02:36:47.105+0600][80.033s][info][gc,marking     ] GC(422) Concurrent Clear Claimed Marks
[2026-04-03T02:36:47.105+0600][80.033s][info][gc,marking     ] GC(422) Concurrent Clear Claimed Marks 0.383ms
[2026-04-03T02:36:47.105+0600][80.033s][info][gc,marking     ] GC(422) Concurrent Cleanup for Next Mark
[2026-04-03T02:36:47.106+0600][80.034s][info][gc,marking     ] GC(422) Concurrent Cleanup for Next Mark 0.668ms
[2026-04-03T02:36:47.106+0600][80.034s][info][gc             ] GC(422) Concurrent Mark Cycle 147.990ms
[2026-04-03T02:36:47.251+0600][80.179s][info][gc,start       ] GC(423) Pause Young (Prepare Mixed) (G1 Evacuation Pause)
[2026-04-03T02:36:47.251+0600][80.179s][info][gc,task        ] GC(423) Using 9 workers of 10 for evacuation
[2026-04-03T02:36:47.255+0600][80.183s][info][gc,phases      ] GC(423)   Pre Evacuate Collection Set: 0.30ms
[2026-04-03T02:36:47.255+0600][80.183s][info][gc,phases      ] GC(423)   Merge Heap Roots: 0.17ms
[2026-04-03T02:36:47.255+0600][80.183s][info][gc,phases      ] GC(423)   Evacuate Collection Set: 2.87ms
[2026-04-03T02:36:47.255+0600][80.183s][info][gc,phases      ] GC(423)   Post Evacuate Collection Set: 0.48ms
[2026-04-03T02:36:47.255+0600][80.183s][info][gc,phases      ] GC(423)   Other: 0.08ms
[2026-04-03T02:36:47.255+0600][80.183s][info][gc,heap        ] GC(423) Eden regions: 222->0(205)
[2026-04-03T02:36:47.255+0600][80.183s][info][gc,heap        ] GC(423) Survivor regions: 8->7(30)
[2026-04-03T02:36:47.255+0600][80.183s][info][gc,heap        ] GC(423) Old regions: 87->88
[2026-04-03T02:36:47.255+0600][80.183s][info][gc,heap        ] GC(423) Humongous regions: 77->8
[2026-04-03T02:36:47.255+0600][80.183s][info][gc,metaspace   ] GC(423) Metaspace: 131911K(133312K)->131911K(133312K) NonClass: 115341K(116032K)->115341K(116032K) Class: 16569K(17280K)->16569K(17280K)
[2026-04-03T02:36:47.255+0600][80.183s][info][gc             ] GC(423) Pause Young (Prepare Mixed) (G1 Evacuation Pause) 392M->100M(402M) 4.136ms
[2026-04-03T02:36:47.255+0600][80.183s][info][gc,cpu         ] GC(423) User=0.02s Sys=0.00s Real=0.00s
[2026-04-03T02:36:47.337+0600][80.264s][info][gc,start       ] GC(424) Pause Young (Mixed) (G1 Evacuation Pause)
[2026-04-03T02:36:47.337+0600][80.264s][info][gc,task        ] GC(424) Using 10 workers of 10 for evacuation
[2026-04-03T02:36:47.341+0600][80.268s][info][gc,phases      ] GC(424)   Pre Evacuate Collection Set: 0.42ms
[2026-04-03T02:36:47.341+0600][80.269s][info][gc,phases      ] GC(424)   Merge Heap Roots: 0.17ms
[2026-04-03T02:36:47.341+0600][80.269s][info][gc,phases      ] GC(424)   Evacuate Collection Set: 2.32ms
[2026-04-03T02:36:47.341+0600][80.269s][info][gc,phases      ] GC(424)   Post Evacuate Collection Set: 0.98ms
[2026-04-03T02:36:47.341+0600][80.269s][info][gc,phases      ] GC(424)   Other: 0.08ms
[2026-04-03T02:36:47.341+0600][80.269s][info][gc,heap        ] GC(424) Eden regions: 47->0(279)
[2026-04-03T02:36:47.341+0600][80.269s][info][gc,heap        ] GC(424) Survivor regions: 7->3(27)
[2026-04-03T02:36:47.341+0600][80.269s][info][gc,heap        ] GC(424) Old regions: 88->87
[2026-04-03T02:36:47.341+0600][80.269s][info][gc,heap        ] GC(424) Humongous regions: 354->8
[2026-04-03T02:36:47.341+0600][80.269s][info][gc,metaspace   ] GC(424) Metaspace: 131912K(133312K)->131912K(133312K) NonClass: 115342K(116032K)->115342K(116032K) Class: 16569K(17280K)->16569K(17280K)
[2026-04-03T02:36:47.341+0600][80.269s][info][gc             ] GC(424) Pause Young (Mixed) (G1 Evacuation Pause) 493M->96M(500M) 4.237ms
[2026-04-03T02:36:47.341+0600][80.269s][info][gc,cpu         ] GC(424) User=0.02s Sys=0.01s Real=0.01s
[2026-04-03T02:36:47.354+0600][80.281s][info][gc,start       ] GC(425) Pause Young (Concurrent Start) (G1 Humongous Allocation)
[2026-04-03T02:36:47.354+0600][80.282s][info][gc,task        ] GC(425) Using 10 workers of 10 for evacuation
[2026-04-03T02:36:47.357+0600][80.285s][info][gc,phases      ] GC(425)   Pre Evacuate Collection Set: 0.50ms
[2026-04-03T02:36:47.357+0600][80.285s][info][gc,phases      ] GC(425)   Merge Heap Roots: 0.16ms
[2026-04-03T02:36:47.357+0600][80.285s][info][gc,phases      ] GC(425)   Evacuate Collection Set: 1.91ms
[2026-04-03T02:36:47.357+0600][80.285s][info][gc,phases      ] GC(425)   Post Evacuate Collection Set: 0.68ms
[2026-04-03T02:36:47.357+0600][80.285s][info][gc,phases      ] GC(425)   Other: 0.26ms
[2026-04-03T02:36:47.357+0600][80.285s][info][gc,heap        ] GC(425) Eden regions: 26->0(288)
[2026-04-03T02:36:47.357+0600][80.285s][info][gc,heap        ] GC(425) Survivor regions: 3->4(36)
[2026-04-03T02:36:47.357+0600][80.285s][info][gc,heap        ] GC(425) Old regions: 87->87
[2026-04-03T02:36:47.357+0600][80.285s][info][gc,heap        ] GC(425) Humongous regions: 14->8
[2026-04-03T02:36:47.357+0600][80.285s][info][gc,metaspace   ] GC(425) Metaspace: 131912K(133312K)->131912K(133312K) NonClass: 115342K(116032K)->115342K(116032K) Class: 16569K(17280K)->16569K(17280K)
[2026-04-03T02:36:47.357+0600][80.285s][info][gc             ] GC(425) Pause Young (Concurrent Start) (G1 Humongous Allocation) 127M->97M(500M) 3.817ms
[2026-04-03T02:36:47.357+0600][80.285s][info][gc             ] GC(426) Concurrent Undo Cycle
[2026-04-03T02:36:47.357+0600][80.285s][info][gc,cpu         ] GC(425) User=0.02s Sys=0.01s Real=0.00s
[2026-04-03T02:36:47.357+0600][80.285s][info][gc,marking     ] GC(426) Concurrent Clear Claimed Marks
[2026-04-03T02:36:47.358+0600][80.286s][info][gc,marking     ] GC(426) Concurrent Clear Claimed Marks 0.355ms
[2026-04-03T02:36:47.358+0600][80.286s][info][gc,marking     ] GC(426) Concurrent Cleanup for Next Mark
[2026-04-03T02:36:47.358+0600][80.286s][info][gc,marking     ] GC(426) Concurrent Cleanup for Next Mark 0.475ms
[2026-04-03T02:36:47.358+0600][80.286s][info][gc             ] GC(426) Concurrent Undo Cycle 1.025ms
[2026-04-03T02:36:47.359+0600][80.287s][info][gc,start       ] GC(427) Pause Young (Concurrent Start) (G1 Humongous Allocation)
[2026-04-03T02:36:47.359+0600][80.287s][info][gc,task        ] GC(427) Using 10 workers of 10 for evacuation
[2026-04-03T02:36:47.362+0600][80.290s][info][gc,phases      ] GC(427)   Pre Evacuate Collection Set: 0.49ms
[2026-04-03T02:36:47.362+0600][80.290s][info][gc,phases      ] GC(427)   Merge Heap Roots: 0.13ms
[2026-04-03T02:36:47.362+0600][80.290s][info][gc,phases      ] GC(427)   Evacuate Collection Set: 1.83ms
[2026-04-03T02:36:47.362+0600][80.290s][info][gc,phases      ] GC(427)   Post Evacuate Collection Set: 0.58ms
[2026-04-03T02:36:47.362+0600][80.290s][info][gc,phases      ] GC(427)   Other: 0.15ms
[2026-04-03T02:36:47.362+0600][80.290s][info][gc,heap        ] GC(427) Eden regions: 3->0(296)
[2026-04-03T02:36:47.362+0600][80.290s][info][gc,heap        ] GC(427) Survivor regions: 4->4(37)
[2026-04-03T02:36:47.362+0600][80.290s][info][gc,heap        ] GC(427) Old regions: 87->87
[2026-04-03T02:36:47.362+0600][80.290s][info][gc,heap        ] GC(427) Humongous regions: 12->8
[2026-04-03T02:36:47.362+0600][80.290s][info][gc,metaspace   ] GC(427) Metaspace: 131912K(133312K)->131912K(133312K) NonClass: 115342K(116032K)->115342K(116032K) Class: 16569K(17280K)->16569K(17280K)
[2026-04-03T02:36:47.362+0600][80.290s][info][gc             ] GC(427) Pause Young (Concurrent Start) (G1 Humongous Allocation) 104M->97M(500M) 3.464ms
[2026-04-03T02:36:47.362+0600][80.290s][info][gc             ] GC(428) Concurrent Mark Cycle
[2026-04-03T02:36:47.363+0600][80.290s][info][gc,marking     ] GC(428) Concurrent Scan Root Regions
[2026-04-03T02:36:47.363+0600][80.290s][info][gc,cpu         ] GC(427) User=0.02s Sys=0.00s Real=0.01s
[2026-04-03T02:36:47.365+0600][80.292s][info][gc,marking     ] GC(428) Concurrent Scan Root Regions 2.000ms
[2026-04-03T02:36:47.365+0600][80.292s][info][gc,marking     ] GC(428) Concurrent Mark
[2026-04-03T02:36:47.365+0600][80.293s][info][gc,marking     ] GC(428) Concurrent Mark From Roots
[2026-04-03T02:36:47.365+0600][80.293s][info][gc,task        ] GC(428) Using 3 workers of 3 for marking
[2026-04-03T02:36:47.433+0600][80.361s][info][gc,marking     ] GC(428) Concurrent Mark From Roots 68.355ms
[2026-04-03T02:36:47.433+0600][80.361s][info][gc,marking     ] GC(428) Concurrent Preclean
[2026-04-03T02:36:47.433+0600][80.361s][info][gc,marking     ] GC(428) Concurrent Preclean 0.383ms
[2026-04-03T02:36:47.434+0600][80.362s][info][gc,start       ] GC(428) Pause Remark
[2026-04-03T02:36:47.444+0600][80.372s][info][gc             ] GC(428) Pause Remark 468M->468M(730M) 10.573ms
[2026-04-03T02:36:47.445+0600][80.372s][info][gc,cpu         ] GC(428) User=0.06s Sys=0.00s Real=0.01s
[2026-04-03T02:36:47.445+0600][80.373s][info][gc,marking     ] GC(428) Concurrent Mark 80.169ms
[2026-04-03T02:36:47.445+0600][80.373s][info][gc,marking     ] GC(428) Concurrent Rebuild Remembered Sets and Scrub Regions
[2026-04-03T02:36:47.478+0600][80.406s][info][gc,marking     ] GC(428) Concurrent Rebuild Remembered Sets and Scrub Regions 33.055ms
[2026-04-03T02:36:47.478+0600][80.406s][info][gc,start       ] GC(428) Pause Cleanup
[2026-04-03T02:36:47.479+0600][80.407s][info][gc             ] GC(428) Pause Cleanup 511M->511M(730M) 0.550ms
[2026-04-03T02:36:47.479+0600][80.407s][info][gc,cpu         ] GC(428) User=0.00s Sys=0.00s Real=0.00s
[2026-04-03T02:36:47.479+0600][80.407s][info][gc,marking     ] GC(428) Concurrent Clear Claimed Marks
[2026-04-03T02:36:47.480+0600][80.407s][info][gc,marking     ] GC(428) Concurrent Clear Claimed Marks 0.408ms
[2026-04-03T02:36:47.480+0600][80.407s][info][gc,marking     ] GC(428) Concurrent Cleanup for Next Mark
[2026-04-03T02:36:47.483+0600][80.411s][info][gc,marking     ] GC(428) Concurrent Cleanup for Next Mark 3.205ms
[2026-04-03T02:36:47.483+0600][80.411s][info][gc             ] GC(428) Concurrent Mark Cycle 120.430ms
[2026-04-03T02:36:47.815+0600][80.742s][info][gc,start       ] GC(429) Pause Young (Prepare Mixed) (G1 Evacuation Pause)
[2026-04-03T02:36:47.815+0600][80.743s][info][gc,task        ] GC(429) Using 10 workers of 10 for evacuation
[2026-04-03T02:36:47.818+0600][80.746s][info][gc,phases      ] GC(429)   Pre Evacuate Collection Set: 0.47ms
[2026-04-03T02:36:47.818+0600][80.746s][info][gc,phases      ] GC(429)   Merge Heap Roots: 0.18ms
[2026-04-03T02:36:47.818+0600][80.746s][info][gc,phases      ] GC(429)   Evacuate Collection Set: 2.01ms
[2026-04-03T02:36:47.818+0600][80.746s][info][gc,phases      ] GC(429)   Post Evacuate Collection Set: 0.59ms
[2026-04-03T02:36:47.818+0600][80.746s][info][gc,phases      ] GC(429)   Other: 0.08ms
[2026-04-03T02:36:47.818+0600][80.746s][info][gc,heap        ] GC(429) Eden regions: 198->0(436)
[2026-04-03T02:36:47.818+0600][80.746s][info][gc,heap        ] GC(429) Survivor regions: 4->4(39)
[2026-04-03T02:36:47.818+0600][80.746s][info][gc,heap        ] GC(429) Old regions: 87->87
[2026-04-03T02:36:47.818+0600][80.746s][info][gc,heap        ] GC(429) Humongous regions: 441->8
[2026-04-03T02:36:47.818+0600][80.746s][info][gc,metaspace   ] GC(429) Metaspace: 131918K(133312K)->131918K(133312K) NonClass: 115348K(116032K)->115348K(116032K) Class: 16569K(17280K)->16569K(17280K)
[2026-04-03T02:36:47.818+0600][80.746s][info][gc             ] GC(429) Pause Young (Prepare Mixed) (G1 Evacuation Pause) 728M->98M(734M) 3.552ms
[2026-04-03T02:36:47.818+0600][80.746s][info][gc,cpu         ] GC(429) User=0.02s Sys=0.00s Real=0.00s
[2026-04-03T02:36:48.318+0600][81.246s][info][gc,start       ] GC(430) Pause Young (Mixed) (G1 Evacuation Pause)
[2026-04-03T02:36:48.318+0600][81.246s][info][gc,task        ] GC(430) Using 10 workers of 10 for evacuation
[2026-04-03T02:36:48.322+0600][81.250s][info][gc,phases      ] GC(430)   Pre Evacuate Collection Set: 0.28ms
[2026-04-03T02:36:48.322+0600][81.250s][info][gc,phases      ] GC(430)   Merge Heap Roots: 0.19ms
[2026-04-03T02:36:48.322+0600][81.250s][info][gc,phases      ] GC(430)   Evacuate Collection Set: 2.70ms
[2026-04-03T02:36:48.322+0600][81.250s][info][gc,phases      ] GC(430)   Post Evacuate Collection Set: 0.59ms
[2026-04-03T02:36:48.322+0600][81.250s][info][gc,phases      ] GC(430)   Other: 0.11ms
[2026-04-03T02:36:48.322+0600][81.250s][info][gc,heap        ] GC(430) Eden regions: 393->0(447)
[2026-04-03T02:36:48.322+0600][81.250s][info][gc,heap        ] GC(430) Survivor regions: 4->6(55)
[2026-04-03T02:36:48.322+0600][81.250s][info][gc,heap        ] GC(430) Old regions: 87->87
[2026-04-03T02:36:48.322+0600][81.250s][info][gc,heap        ] GC(430) Humongous regions: 265->8
[2026-04-03T02:36:48.322+0600][81.250s][info][gc,metaspace   ] GC(430) Metaspace: 131918K(133312K)->131918K(133312K) NonClass: 115348K(116032K)->115348K(116032K) Class: 16569K(17280K)->16569K(17280K)
[2026-04-03T02:36:48.322+0600][81.250s][info][gc             ] GC(430) Pause Young (Mixed) (G1 Evacuation Pause) 748M->100M(756M) 4.116ms
[2026-04-03T02:36:48.322+0600][81.250s][info][gc,cpu         ] GC(430) User=0.02s Sys=0.00s Real=0.01s
[2026-04-03T02:36:48.373+0600][81.301s][info][gc,start       ] GC(431) Pause Young (Concurrent Start) (G1 Humongous Allocation)
[2026-04-03T02:36:48.373+0600][81.301s][info][gc,task        ] GC(431) Using 10 workers of 10 for evacuation
[2026-04-03T02:36:48.377+0600][81.305s][info][gc,phases      ] GC(431)   Pre Evacuate Collection Set: 0.64ms
[2026-04-03T02:36:48.377+0600][81.305s][info][gc,phases      ] GC(431)   Merge Heap Roots: 0.19ms
[2026-04-03T02:36:48.377+0600][81.305s][info][gc,phases      ] GC(431)   Evacuate Collection Set: 2.32ms
[2026-04-03T02:36:48.377+0600][81.305s][info][gc,phases      ] GC(431)   Post Evacuate Collection Set: 0.58ms
[2026-04-03T02:36:48.377+0600][81.305s][info][gc,phases      ] GC(431)   Other: 0.25ms
[2026-04-03T02:36:48.377+0600][81.305s][info][gc,heap        ] GC(431) Eden regions: 54->0(448)
[2026-04-03T02:36:48.377+0600][81.305s][info][gc,heap        ] GC(431) Survivor regions: 6->5(57)
[2026-04-03T02:36:48.378+0600][81.305s][info][gc,heap        ] GC(431) Old regions: 87->87
[2026-04-03T02:36:48.378+0600][81.305s][info][gc,heap        ] GC(431) Humongous regions: 41->8
[2026-04-03T02:36:48.378+0600][81.305s][info][gc,metaspace   ] GC(431) Metaspace: 131918K(133312K)->131918K(133312K) NonClass: 115348K(116032K)->115348K(116032K) Class: 16569K(17280K)->16569K(17280K)
[2026-04-03T02:36:48.378+0600][81.305s][info][gc             ] GC(431) Pause Young (Concurrent Start) (G1 Humongous Allocation) 187M->98M(756M) 4.284ms
[2026-04-03T02:36:48.378+0600][81.305s][info][gc             ] GC(432) Concurrent Undo Cycle
[2026-04-03T02:36:48.378+0600][81.306s][info][gc,cpu         ] GC(431) User=0.02s Sys=0.00s Real=0.00s
[2026-04-03T02:36:48.378+0600][81.306s][info][gc,marking     ] GC(432) Concurrent Clear Claimed Marks
[2026-04-03T02:36:48.378+0600][81.306s][info][gc,marking     ] GC(432) Concurrent Clear Claimed Marks 0.332ms
[2026-04-03T02:36:48.378+0600][81.306s][info][gc,marking     ] GC(432) Concurrent Cleanup for Next Mark
[2026-04-03T02:36:48.378+0600][81.306s][info][gc,marking     ] GC(432) Concurrent Cleanup for Next Mark 0.231ms
[2026-04-03T02:36:48.378+0600][81.306s][info][gc             ] GC(432) Concurrent Undo Cycle 0.826ms
[2026-04-03T02:36:48.419+0600][81.347s][info][gc,start       ] GC(433) Pause Young (Concurrent Start) (G1 Humongous Allocation)
[2026-04-03T02:36:48.419+0600][81.347s][info][gc,task        ] GC(433) Using 10 workers of 10 for evacuation
[2026-04-03T02:36:48.422+0600][81.350s][info][gc,phases      ] GC(433)   Pre Evacuate Collection Set: 0.30ms
[2026-04-03T02:36:48.422+0600][81.350s][info][gc,phases      ] GC(433)   Merge Heap Roots: 0.17ms
[2026-04-03T02:36:48.422+0600][81.350s][info][gc,phases      ] GC(433)   Evacuate Collection Set: 1.58ms
[2026-04-03T02:36:48.422+0600][81.350s][info][gc,phases      ] GC(433)   Post Evacuate Collection Set: 0.70ms
[2026-04-03T02:36:48.422+0600][81.350s][info][gc,phases      ] GC(433)   Other: 0.20ms
[2026-04-03T02:36:48.422+0600][81.350s][info][gc,heap        ] GC(433) Eden regions: 28->0(448)
[2026-04-03T02:36:48.422+0600][81.350s][info][gc,heap        ] GC(433) Survivor regions: 5->5(57)
[2026-04-03T02:36:48.422+0600][81.350s][info][gc,heap        ] GC(433) Old regions: 87->87
[2026-04-03T02:36:48.422+0600][81.350s][info][gc,heap        ] GC(433) Humongous regions: 33->8
[2026-04-03T02:36:48.422+0600][81.350s][info][gc,metaspace   ] GC(433) Metaspace: 131918K(133312K)->131918K(133312K) NonClass: 115348K(116032K)->115348K(116032K) Class: 16569K(17280K)->16569K(17280K)
[2026-04-03T02:36:48.423+0600][81.350s][info][gc             ] GC(433) Pause Young (Concurrent Start) (G1 Humongous Allocation) 151M->99M(756M) 3.234ms
[2026-04-03T02:36:48.423+0600][81.350s][info][gc             ] GC(434) Concurrent Undo Cycle
[2026-04-03T02:36:48.423+0600][81.350s][info][gc,cpu         ] GC(433) User=0.01s Sys=0.00s Real=0.01s
[2026-04-03T02:36:48.423+0600][81.351s][info][gc,marking     ] GC(434) Concurrent Clear Claimed Marks
[2026-04-03T02:36:48.423+0600][81.351s][info][gc,marking     ] GC(434) Concurrent Clear Claimed Marks 0.260ms
[2026-04-03T02:36:48.423+0600][81.351s][info][gc,marking     ] GC(434) Concurrent Cleanup for Next Mark
[2026-04-03T02:36:48.423+0600][81.351s][info][gc,marking     ] GC(434) Concurrent Cleanup for Next Mark 0.256ms
[2026-04-03T02:36:48.423+0600][81.351s][info][gc             ] GC(434) Concurrent Undo Cycle 0.647ms
[2026-04-03T02:36:48.480+0600][81.407s][info][gc,start       ] GC(435) Pause Young (Concurrent Start) (G1 Humongous Allocation)
[2026-04-03T02:36:48.480+0600][81.408s][info][gc,task        ] GC(435) Using 10 workers of 10 for evacuation
[2026-04-03T02:36:48.484+0600][81.412s][info][gc,phases      ] GC(435)   Pre Evacuate Collection Set: 0.60ms
[2026-04-03T02:36:48.484+0600][81.412s][info][gc,phases      ] GC(435)   Merge Heap Roots: 0.13ms
[2026-04-03T02:36:48.484+0600][81.412s][info][gc,phases      ] GC(435)   Evacuate Collection Set: 2.84ms
[2026-04-03T02:36:48.484+0600][81.412s][info][gc,phases      ] GC(435)   Post Evacuate Collection Set: 0.65ms
[2026-04-03T02:36:48.484+0600][81.412s][info][gc,phases      ] GC(435)   Other: 0.20ms
[2026-04-03T02:36:48.484+0600][81.412s][info][gc,heap        ] GC(435) Eden regions: 56->0(445)
[2026-04-03T02:36:48.484+0600][81.412s][info][gc,heap        ] GC(435) Survivor regions: 5->8(57)
[2026-04-03T02:36:48.484+0600][81.412s][info][gc,heap        ] GC(435) Old regions: 87->87
[2026-04-03T02:36:48.484+0600][81.412s][info][gc,heap        ] GC(435) Humongous regions: 38->8
[2026-04-03T02:36:48.484+0600][81.412s][info][gc,metaspace   ] GC(435) Metaspace: 131918K(133312K)->131918K(133312K) NonClass: 115348K(116032K)->115348K(116032K) Class: 16569K(17280K)->16569K(17280K)
[2026-04-03T02:36:48.484+0600][81.412s][info][gc             ] GC(435) Pause Young (Concurrent Start) (G1 Humongous Allocation) 185M->102M(756M) 4.708ms
[2026-04-03T02:36:48.484+0600][81.412s][info][gc             ] GC(436) Concurrent Undo Cycle
[2026-04-03T02:36:48.484+0600][81.412s][info][gc,marking     ] GC(436) Concurrent Clear Claimed Marks
[2026-04-03T02:36:48.484+0600][81.412s][info][gc,cpu         ] GC(435) User=0.03s Sys=0.00s Real=0.01s
[2026-04-03T02:36:48.485+0600][81.413s][info][gc,marking     ] GC(436) Concurrent Clear Claimed Marks 0.320ms
[2026-04-03T02:36:48.485+0600][81.413s][info][gc,marking     ] GC(436) Concurrent Cleanup for Next Mark
[2026-04-03T02:36:48.485+0600][81.413s][info][gc,marking     ] GC(436) Concurrent Cleanup for Next Mark 0.280ms
[2026-04-03T02:36:48.485+0600][81.413s][info][gc             ] GC(436) Concurrent Undo Cycle 0.771ms
[2026-04-03T02:36:48.527+0600][81.454s][info][gc,start       ] GC(437) Pause Young (Concurrent Start) (G1 Humongous Allocation)
[2026-04-03T02:36:48.527+0600][81.454s][info][gc,task        ] GC(437) Using 10 workers of 10 for evacuation
[2026-04-03T02:36:48.530+0600][81.458s][info][gc,phases      ] GC(437)   Pre Evacuate Collection Set: 0.52ms
[2026-04-03T02:36:48.530+0600][81.458s][info][gc,phases      ] GC(437)   Merge Heap Roots: 0.10ms
[2026-04-03T02:36:48.530+0600][81.458s][info][gc,phases      ] GC(437)   Evacuate Collection Set: 1.67ms
[2026-04-03T02:36:48.530+0600][81.458s][info][gc,phases      ] GC(437)   Post Evacuate Collection Set: 0.62ms
[2026-04-03T02:36:48.530+0600][81.458s][info][gc,phases      ] GC(437)   Other: 0.15ms
[2026-04-03T02:36:48.530+0600][81.458s][info][gc,heap        ] GC(437) Eden regions: 37->0(448)
[2026-04-03T02:36:48.530+0600][81.458s][info][gc,heap        ] GC(437) Survivor regions: 8->5(57)
[2026-04-03T02:36:48.530+0600][81.458s][info][gc,heap        ] GC(437) Old regions: 87->88
[2026-04-03T02:36:48.530+0600][81.458s][info][gc,heap        ] GC(437) Humongous regions: 41->8
[2026-04-03T02:36:48.530+0600][81.458s][info][gc,metaspace   ] GC(437) Metaspace: 131918K(133312K)->131918K(133312K) NonClass: 115348K(116032K)->115348K(116032K) Class: 16569K(17280K)->16569K(17280K)
[2026-04-03T02:36:48.530+0600][81.458s][info][gc             ] GC(437) Pause Young (Concurrent Start) (G1 Humongous Allocation) 171M->99M(756M) 3.327ms
[2026-04-03T02:36:48.530+0600][81.458s][info][gc             ] GC(438) Concurrent Undo Cycle
[2026-04-03T02:36:48.530+0600][81.458s][info][gc,cpu         ] GC(437) User=0.02s Sys=0.00s Real=0.01s
[2026-04-03T02:36:48.530+0600][81.458s][info][gc,marking     ] GC(438) Concurrent Clear Claimed Marks
[2026-04-03T02:36:48.530+0600][81.458s][info][gc,marking     ] GC(438) Concurrent Clear Claimed Marks 0.256ms
[2026-04-03T02:36:48.530+0600][81.458s][info][gc,marking     ] GC(438) Concurrent Cleanup for Next Mark
[2026-04-03T02:36:48.531+0600][81.458s][info][gc,marking     ] GC(438) Concurrent Cleanup for Next Mark 0.249ms
[2026-04-03T02:36:48.531+0600][81.458s][info][gc             ] GC(438) Concurrent Undo Cycle 0.671ms
[2026-04-03T02:36:48.593+0600][81.521s][info][gc,start       ] GC(439) Pause Young (Concurrent Start) (G1 Humongous Allocation)
[2026-04-03T02:36:48.593+0600][81.521s][info][gc,task        ] GC(439) Using 10 workers of 10 for evacuation
[2026-04-03T02:36:48.597+0600][81.525s][info][gc,phases      ] GC(439)   Pre Evacuate Collection Set: 0.43ms
[2026-04-03T02:36:48.598+0600][81.525s][info][gc,phases      ] GC(439)   Merge Heap Roots: 0.16ms
[2026-04-03T02:36:48.598+0600][81.525s][info][gc,phases      ] GC(439)   Evacuate Collection Set: 2.71ms
[2026-04-03T02:36:48.598+0600][81.525s][info][gc,phases      ] GC(439)   Post Evacuate Collection Set: 1.07ms
[2026-04-03T02:36:48.598+0600][81.525s][info][gc,phases      ] GC(439)   Other: 0.14ms
[2026-04-03T02:36:48.598+0600][81.525s][info][gc,heap        ] GC(439) Eden regions: 54->0(448)
[2026-04-03T02:36:48.598+0600][81.525s][info][gc,heap        ] GC(439) Survivor regions: 5->5(57)
[2026-04-03T02:36:48.598+0600][81.525s][info][gc,heap        ] GC(439) Old regions: 88->88
[2026-04-03T02:36:48.598+0600][81.525s][info][gc,heap        ] GC(439) Humongous regions: 44->8
[2026-04-03T02:36:48.598+0600][81.525s][info][gc,metaspace   ] GC(439) Metaspace: 131918K(133312K)->131918K(133312K) NonClass: 115348K(116032K)->115348K(116032K) Class: 16569K(17280K)->16569K(17280K)
[2026-04-03T02:36:48.598+0600][81.526s][info][gc             ] GC(439) Pause Young (Concurrent Start) (G1 Humongous Allocation) 188M->99M(756M) 4.834ms
[2026-04-03T02:36:48.598+0600][81.526s][info][gc,cpu         ] GC(439) User=0.04s Sys=0.00s Real=0.00s
[2026-04-03T02:36:48.598+0600][81.526s][info][gc             ] GC(440) Concurrent Undo Cycle
[2026-04-03T02:36:48.598+0600][81.526s][info][gc,marking     ] GC(440) Concurrent Clear Claimed Marks
[2026-04-03T02:36:48.598+0600][81.526s][info][gc,marking     ] GC(440) Concurrent Clear Claimed Marks 0.412ms
[2026-04-03T02:36:48.598+0600][81.526s][info][gc,marking     ] GC(440) Concurrent Cleanup for Next Mark
[2026-04-03T02:36:48.599+0600][81.527s][info][gc,marking     ] GC(440) Concurrent Cleanup for Next Mark 0.371ms
[2026-04-03T02:36:48.599+0600][81.527s][info][gc             ] GC(440) Concurrent Undo Cycle 1.068ms
[2026-04-03T02:36:48.723+0600][81.651s][info][gc,start       ] GC(441) Pause Young (Concurrent Start) (G1 Humongous Allocation)
[2026-04-03T02:36:48.723+0600][81.651s][info][gc,task        ] GC(441) Using 10 workers of 10 for evacuation
[2026-04-03T02:36:48.727+0600][81.655s][info][gc,phases      ] GC(441)   Pre Evacuate Collection Set: 0.53ms
[2026-04-03T02:36:48.727+0600][81.655s][info][gc,phases      ] GC(441)   Merge Heap Roots: 0.13ms
[2026-04-03T02:36:48.727+0600][81.655s][info][gc,phases      ] GC(441)   Evacuate Collection Set: 1.86ms
[2026-04-03T02:36:48.727+0600][81.655s][info][gc,phases      ] GC(441)   Post Evacuate Collection Set: 0.65ms
[2026-04-03T02:36:48.727+0600][81.655s][info][gc,phases      ] GC(441)   Other: 0.21ms
[2026-04-03T02:36:48.727+0600][81.655s][info][gc,heap        ] GC(441) Eden regions: 79->0(447)
[2026-04-03T02:36:48.727+0600][81.655s][info][gc,heap        ] GC(441) Survivor regions: 5->6(57)
[2026-04-03T02:36:48.727+0600][81.655s][info][gc,heap        ] GC(441) Old regions: 88->88
[2026-04-03T02:36:48.727+0600][81.655s][info][gc,heap        ] GC(441) Humongous regions: 49->8
[2026-04-03T02:36:48.727+0600][81.655s][info][gc,metaspace   ] GC(441) Metaspace: 131918K(133312K)->131918K(133312K) NonClass: 115348K(116032K)->115348K(116032K) Class: 16569K(17280K)->16569K(17280K)
[2026-04-03T02:36:48.727+0600][81.655s][info][gc             ] GC(441) Pause Young (Concurrent Start) (G1 Humongous Allocation) 218M->100M(756M) 3.651ms
[2026-04-03T02:36:48.727+0600][81.655s][info][gc             ] GC(442) Concurrent Undo Cycle
[2026-04-03T02:36:48.727+0600][81.655s][info][gc,cpu         ] GC(441) User=0.02s Sys=0.00s Real=0.00s
[2026-04-03T02:36:48.727+0600][81.655s][info][gc,marking     ] GC(442) Concurrent Clear Claimed Marks
[2026-04-03T02:36:48.727+0600][81.655s][info][gc,marking     ] GC(442) Concurrent Clear Claimed Marks 0.298ms
[2026-04-03T02:36:48.727+0600][81.655s][info][gc,marking     ] GC(442) Concurrent Cleanup for Next Mark
[2026-04-03T02:36:48.728+0600][81.655s][info][gc,marking     ] GC(442) Concurrent Cleanup for Next Mark 0.237ms
[2026-04-03T02:36:48.728+0600][81.655s][info][gc             ] GC(442) Concurrent Undo Cycle 0.709ms
[2026-04-03T02:36:48.836+0600][81.764s][info][gc,start       ] GC(443) Pause Young (Concurrent Start) (G1 Humongous Allocation)
[2026-04-03T02:36:48.836+0600][81.764s][info][gc,task        ] GC(443) Using 10 workers of 10 for evacuation
[2026-04-03T02:36:48.839+0600][81.767s][info][gc,phases      ] GC(443)   Pre Evacuate Collection Set: 0.42ms
[2026-04-03T02:36:48.839+0600][81.767s][info][gc,phases      ] GC(443)   Merge Heap Roots: 0.15ms
[2026-04-03T02:36:48.839+0600][81.767s][info][gc,phases      ] GC(443)   Evacuate Collection Set: 1.89ms
[2026-04-03T02:36:48.839+0600][81.767s][info][gc,phases      ] GC(443)   Post Evacuate Collection Set: 0.52ms
[2026-04-03T02:36:48.839+0600][81.767s][info][gc,phases      ] GC(443)   Other: 0.18ms
[2026-04-03T02:36:48.839+0600][81.767s][info][gc,heap        ] GC(443) Eden regions: 84->0(446)
[2026-04-03T02:36:48.839+0600][81.767s][info][gc,heap        ] GC(443) Survivor regions: 6->7(57)
[2026-04-03T02:36:48.839+0600][81.767s][info][gc,heap        ] GC(443) Old regions: 88->88
[2026-04-03T02:36:48.839+0600][81.767s][info][gc,heap        ] GC(443) Humongous regions: 52->8
[2026-04-03T02:36:48.839+0600][81.767s][info][gc,metaspace   ] GC(443) Metaspace: 131918K(133312K)->131918K(133312K) NonClass: 115348K(116032K)->115348K(116032K) Class: 16569K(17280K)->16569K(17280K)
[2026-04-03T02:36:48.839+0600][81.767s][info][gc             ] GC(443) Pause Young (Concurrent Start) (G1 Humongous Allocation) 227M->101M(756M) 3.451ms
[2026-04-03T02:36:48.839+0600][81.767s][info][gc             ] GC(444) Concurrent Undo Cycle
[2026-04-03T02:36:48.839+0600][81.767s][info][gc,cpu         ] GC(443) User=0.02s Sys=0.00s Real=0.00s
[2026-04-03T02:36:48.839+0600][81.767s][info][gc,marking     ] GC(444) Concurrent Clear Claimed Marks
[2026-04-03T02:36:48.840+0600][81.767s][info][gc,marking     ] GC(444) Concurrent Clear Claimed Marks 0.294ms
[2026-04-03T02:36:48.840+0600][81.767s][info][gc,marking     ] GC(444) Concurrent Cleanup for Next Mark
[2026-04-03T02:36:48.840+0600][81.768s][info][gc,marking     ] GC(444) Concurrent Cleanup for Next Mark 0.263ms
[2026-04-03T02:36:48.840+0600][81.768s][info][gc             ] GC(444) Concurrent Undo Cycle 0.723ms
[2026-04-03T02:36:49.015+0600][81.943s][info][gc,start       ] GC(445) Pause Young (Concurrent Start) (G1 Humongous Allocation)
[2026-04-03T02:36:49.015+0600][81.943s][info][gc,task        ] GC(445) Using 10 workers of 10 for evacuation
[2026-04-03T02:36:49.018+0600][81.946s][info][gc,phases      ] GC(445)   Pre Evacuate Collection Set: 0.56ms
[2026-04-03T02:36:49.018+0600][81.946s][info][gc,phases      ] GC(445)   Merge Heap Roots: 0.14ms
[2026-04-03T02:36:49.018+0600][81.946s][info][gc,phases      ] GC(445)   Evacuate Collection Set: 1.31ms
[2026-04-03T02:36:49.018+0600][81.946s][info][gc,phases      ] GC(445)   Post Evacuate Collection Set: 0.74ms
[2026-04-03T02:36:49.018+0600][81.946s][info][gc,phases      ] GC(445)   Other: 0.22ms
[2026-04-03T02:36:49.018+0600][81.946s][info][gc,heap        ] GC(445) Eden regions: 201->0(448)
[2026-04-03T02:36:49.018+0600][81.946s][info][gc,heap        ] GC(445) Survivor regions: 7->5(57)
[2026-04-03T02:36:49.018+0600][81.946s][info][gc,heap        ] GC(445) Old regions: 88->88
[2026-04-03T02:36:49.018+0600][81.946s][info][gc,heap        ] GC(445) Humongous regions: 54->8
[2026-04-03T02:36:49.018+0600][81.946s][info][gc,metaspace   ] GC(445) Metaspace: 131921K(133312K)->131921K(133312K) NonClass: 115351K(116032K)->115351K(116032K) Class: 16569K(17280K)->16569K(17280K)
[2026-04-03T02:36:49.018+0600][81.946s][info][gc             ] GC(445) Pause Young (Concurrent Start) (G1 Humongous Allocation) 347M->99M(756M) 3.226ms
[2026-04-03T02:36:49.018+0600][81.946s][info][gc             ] GC(446) Concurrent Undo Cycle
[2026-04-03T02:36:49.019+0600][81.946s][info][gc,marking     ] GC(446) Concurrent Clear Claimed Marks
[2026-04-03T02:36:49.019+0600][81.946s][info][gc,cpu         ] GC(445) User=0.02s Sys=0.01s Real=0.00s
[2026-04-03T02:36:49.019+0600][81.947s][info][gc,marking     ] GC(446) Concurrent Clear Claimed Marks 0.244ms
[2026-04-03T02:36:49.019+0600][81.947s][info][gc,marking     ] GC(446) Concurrent Cleanup for Next Mark
[2026-04-03T02:36:49.019+0600][81.947s][info][gc,marking     ] GC(446) Concurrent Cleanup for Next Mark 0.282ms
[2026-04-03T02:36:49.019+0600][81.947s][info][gc             ] GC(446) Concurrent Undo Cycle 0.655ms
[2026-04-03T02:36:49.100+0600][82.028s][info][gc,start       ] GC(447) Pause Young (Concurrent Start) (G1 Humongous Allocation)
[2026-04-03T02:36:49.100+0600][82.028s][info][gc,task        ] GC(447) Using 10 workers of 10 for evacuation
[2026-04-03T02:36:49.103+0600][82.031s][info][gc,phases      ] GC(447)   Pre Evacuate Collection Set: 0.65ms
[2026-04-03T02:36:49.103+0600][82.031s][info][gc,phases      ] GC(447)   Merge Heap Roots: 0.19ms
[2026-04-03T02:36:49.103+0600][82.031s][info][gc,phases      ] GC(447)   Evacuate Collection Set: 1.46ms
[2026-04-03T02:36:49.103+0600][82.031s][info][gc,phases      ] GC(447)   Post Evacuate Collection Set: 0.61ms
[2026-04-03T02:36:49.103+0600][82.031s][info][gc,phases      ] GC(447)   Other: 0.15ms
[2026-04-03T02:36:49.103+0600][82.031s][info][gc,heap        ] GC(447) Eden regions: 44->0(449)
[2026-04-03T02:36:49.103+0600][82.031s][info][gc,heap        ] GC(447) Survivor regions: 5->4(57)
[2026-04-03T02:36:49.103+0600][82.031s][info][gc,heap        ] GC(447) Old regions: 88->88
[2026-04-03T02:36:49.103+0600][82.031s][info][gc,heap        ] GC(447) Humongous regions: 60->13
[2026-04-03T02:36:49.103+0600][82.031s][info][gc,metaspace   ] GC(447) Metaspace: 131922K(133312K)->131922K(133312K) NonClass: 115352K(116032K)->115352K(116032K) Class: 16569K(17280K)->16569K(17280K)
[2026-04-03T02:36:49.104+0600][82.031s][info][gc             ] GC(447) Pause Young (Concurrent Start) (G1 Humongous Allocation) 195M->103M(756M) 3.331ms
[2026-04-03T02:36:49.104+0600][82.031s][info][gc             ] GC(448) Concurrent Undo Cycle
[2026-04-03T02:36:49.104+0600][82.031s][info][gc,cpu         ] GC(447) User=0.02s Sys=0.00s Real=0.00s
[2026-04-03T02:36:49.104+0600][82.031s][info][gc,marking     ] GC(448) Concurrent Clear Claimed Marks
[2026-04-03T02:36:49.104+0600][82.032s][info][gc,marking     ] GC(448) Concurrent Clear Claimed Marks 0.250ms
[2026-04-03T02:36:49.104+0600][82.032s][info][gc,marking     ] GC(448) Concurrent Cleanup for Next Mark
[2026-04-03T02:36:49.105+0600][82.033s][info][gc,marking     ] GC(448) Concurrent Cleanup for Next Mark 1.000ms
[2026-04-03T02:36:49.105+0600][82.033s][info][gc             ] GC(448) Concurrent Undo Cycle 1.414ms
[2026-04-03T02:36:49.107+0600][82.035s][info][gc,start       ] GC(449) Pause Young (Concurrent Start) (G1 Humongous Allocation)
[2026-04-03T02:36:49.107+0600][82.035s][info][gc,task        ] GC(449) Using 10 workers of 10 for evacuation
[2026-04-03T02:36:49.111+0600][82.039s][info][gc,phases      ] GC(449)   Pre Evacuate Collection Set: 0.69ms
[2026-04-03T02:36:49.111+0600][82.039s][info][gc,phases      ] GC(449)   Merge Heap Roots: 0.24ms
[2026-04-03T02:36:49.111+0600][82.039s][info][gc,phases      ] GC(449)   Evacuate Collection Set: 1.40ms
[2026-04-03T02:36:49.111+0600][82.039s][info][gc,phases      ] GC(449)   Post Evacuate Collection Set: 0.92ms
[2026-04-03T02:36:49.111+0600][82.039s][info][gc,phases      ] GC(449)   Other: 0.32ms
[2026-04-03T02:36:49.111+0600][82.039s][info][gc,heap        ] GC(449) Eden regions: 5->0(449)
[2026-04-03T02:36:49.111+0600][82.039s][info][gc,heap        ] GC(449) Survivor regions: 4->4(57)
[2026-04-03T02:36:49.111+0600][82.039s][info][gc,heap        ] GC(449) Old regions: 88->88
[2026-04-03T02:36:49.111+0600][82.039s][info][gc,heap        ] GC(449) Humongous regions: 58->18
[2026-04-03T02:36:49.111+0600][82.039s][info][gc,metaspace   ] GC(449) Metaspace: 131922K(133312K)->131922K(133312K) NonClass: 115352K(116032K)->115352K(116032K) Class: 16569K(17280K)->16569K(17280K)
[2026-04-03T02:36:49.111+0600][82.039s][info][gc             ] GC(449) Pause Young (Concurrent Start) (G1 Humongous Allocation) 152M->108M(756M) 4.005ms
[2026-04-03T02:36:49.111+0600][82.039s][info][gc             ] GC(450) Concurrent Undo Cycle
[2026-04-03T02:36:49.111+0600][82.039s][info][gc,cpu         ] GC(449) User=0.01s Sys=0.00s Real=0.01s
[2026-04-03T02:36:49.111+0600][82.039s][info][gc,marking     ] GC(450) Concurrent Clear Claimed Marks
[2026-04-03T02:36:49.112+0600][82.039s][info][gc,marking     ] GC(450) Concurrent Clear Claimed Marks 0.387ms
[2026-04-03T02:36:49.112+0600][82.039s][info][gc,marking     ] GC(450) Concurrent Cleanup for Next Mark
[2026-04-03T02:36:49.113+0600][82.040s][info][gc,marking     ] GC(450) Concurrent Cleanup for Next Mark 0.890ms
[2026-04-03T02:36:49.113+0600][82.040s][info][gc             ] GC(450) Concurrent Undo Cycle 1.488ms
[2026-04-03T02:36:49.113+0600][82.041s][info][gc,start       ] GC(451) Pause Young (Concurrent Start) (G1 Humongous Allocation)
[2026-04-03T02:36:49.113+0600][82.041s][info][gc,task        ] GC(451) Using 10 workers of 10 for evacuation
[2026-04-03T02:36:49.116+0600][82.044s][info][gc,phases      ] GC(451)   Pre Evacuate Collection Set: 0.44ms
[2026-04-03T02:36:49.117+0600][82.044s][info][gc,phases      ] GC(451)   Merge Heap Roots: 0.18ms
[2026-04-03T02:36:49.117+0600][82.044s][info][gc,phases      ] GC(451)   Evacuate Collection Set: 1.59ms
[2026-04-03T02:36:49.117+0600][82.044s][info][gc,phases      ] GC(451)   Post Evacuate Collection Set: 0.77ms
[2026-04-03T02:36:49.117+0600][82.044s][info][gc,phases      ] GC(451)   Other: 0.18ms
[2026-04-03T02:36:49.117+0600][82.044s][info][gc,heap        ] GC(451) Eden regions: 2->0(449)
[2026-04-03T02:36:49.117+0600][82.044s][info][gc,heap        ] GC(451) Survivor regions: 4->4(57)
[2026-04-03T02:36:49.117+0600][82.044s][info][gc,heap        ] GC(451) Old regions: 88->88
[2026-04-03T02:36:49.117+0600][82.044s][info][gc,heap        ] GC(451) Humongous regions: 28->13
[2026-04-03T02:36:49.117+0600][82.044s][info][gc,metaspace   ] GC(451) Metaspace: 131922K(133312K)->131922K(133312K) NonClass: 115352K(116032K)->115352K(116032K) Class: 16569K(17280K)->16569K(17280K)
[2026-04-03T02:36:49.117+0600][82.045s][info][gc             ] GC(451) Pause Young (Concurrent Start) (G1 Humongous Allocation) 120M->103M(756M) 3.490ms
[2026-04-03T02:36:49.117+0600][82.045s][info][gc,cpu         ] GC(451) User=0.01s Sys=0.01s Real=0.00s
[2026-04-03T02:36:49.117+0600][82.045s][info][gc             ] GC(452) Concurrent Mark Cycle
[2026-04-03T02:36:49.117+0600][82.045s][info][gc,marking     ] GC(452) Concurrent Scan Root Regions
[2026-04-03T02:36:49.119+0600][82.047s][info][gc,marking     ] GC(452) Concurrent Scan Root Regions 1.928ms
[2026-04-03T02:36:49.119+0600][82.047s][info][gc,marking     ] GC(452) Concurrent Mark
[2026-04-03T02:36:49.119+0600][82.047s][info][gc,marking     ] GC(452) Concurrent Mark From Roots
[2026-04-03T02:36:49.119+0600][82.047s][info][gc,task        ] GC(452) Using 3 workers of 3 for marking
[2026-04-03T02:36:49.202+0600][82.130s][info][gc,marking     ] GC(452) Concurrent Mark From Roots 83.129ms
[2026-04-03T02:36:49.202+0600][82.130s][info][gc,marking     ] GC(452) Concurrent Preclean
[2026-04-03T02:36:49.203+0600][82.130s][info][gc,marking     ] GC(452) Concurrent Preclean 0.312ms
[2026-04-03T02:36:49.203+0600][82.131s][info][gc,start       ] GC(452) Pause Remark
[2026-04-03T02:36:49.212+0600][82.139s][info][gc             ] GC(452) Pause Remark 439M->439M(756M) 8.492ms
[2026-04-03T02:36:49.212+0600][82.140s][info][gc,cpu         ] GC(452) User=0.06s Sys=0.00s Real=0.01s
[2026-04-03T02:36:49.212+0600][82.140s][info][gc,marking     ] GC(452) Concurrent Mark 92.960ms
[2026-04-03T02:36:49.212+0600][82.140s][info][gc,marking     ] GC(452) Concurrent Rebuild Remembered Sets and Scrub Regions
[2026-04-03T02:36:49.246+0600][82.174s][info][gc,marking     ] GC(452) Concurrent Rebuild Remembered Sets and Scrub Regions 33.631ms
[2026-04-03T02:36:49.248+0600][82.176s][info][gc,start       ] GC(452) Pause Cleanup
[2026-04-03T02:36:49.249+0600][82.177s][info][gc             ] GC(452) Pause Cleanup 782M->782M(785M) 0.438ms
[2026-04-03T02:36:49.249+0600][82.177s][info][gc,cpu         ] GC(452) User=0.00s Sys=0.01s Real=0.00s
[2026-04-03T02:36:49.249+0600][82.177s][info][gc,marking     ] GC(452) Concurrent Clear Claimed Marks
[2026-04-03T02:36:49.249+0600][82.177s][info][gc,marking     ] GC(452) Concurrent Clear Claimed Marks 0.427ms
[2026-04-03T02:36:49.250+0600][82.177s][info][gc,marking     ] GC(452) Concurrent Cleanup for Next Mark
[2026-04-03T02:36:49.251+0600][82.179s][info][gc,marking     ] GC(452) Concurrent Cleanup for Next Mark 1.627ms
[2026-04-03T02:36:49.251+0600][82.179s][info][gc             ] GC(452) Concurrent Mark Cycle 134.370ms
[2026-04-03T02:36:49.255+0600][82.183s][info][gc,start       ] GC(453) Pause Young (Prepare Mixed) (G1 Evacuation Pause)
[2026-04-03T02:36:49.255+0600][82.183s][info][gc,task        ] GC(453) Using 10 workers of 10 for evacuation
[2026-04-03T02:36:49.260+0600][82.188s][info][gc,phases      ] GC(453)   Pre Evacuate Collection Set: 0.36ms
[2026-04-03T02:36:49.260+0600][82.188s][info][gc,phases      ] GC(453)   Merge Heap Roots: 0.19ms
[2026-04-03T02:36:49.260+0600][82.188s][info][gc,phases      ] GC(453)   Evacuate Collection Set: 2.77ms
[2026-04-03T02:36:49.260+0600][82.188s][info][gc,phases      ] GC(453)   Post Evacuate Collection Set: 0.92ms
[2026-04-03T02:36:49.260+0600][82.188s][info][gc,phases      ] GC(453)   Other: 0.10ms
[2026-04-03T02:36:49.260+0600][82.188s][info][gc,heap        ] GC(453) Eden regions: 77->0(472)
[2026-04-03T02:36:49.260+0600][82.188s][info][gc,heap        ] GC(453) Survivor regions: 4->3(57)
[2026-04-03T02:36:49.260+0600][82.188s][info][gc,heap        ] GC(453) Old regions: 88->88
[2026-04-03T02:36:49.260+0600][82.188s][info][gc,heap        ] GC(453) Humongous regions: 620->8
[2026-04-03T02:36:49.260+0600][82.188s][info][gc,metaspace   ] GC(453) Metaspace: 131922K(133312K)->131922K(133312K) NonClass: 115352K(116032K)->115352K(116032K) Class: 16569K(17280K)->16569K(17280K)
[2026-04-03T02:36:49.260+0600][82.188s][info][gc             ] GC(453) Pause Young (Prepare Mixed) (G1 Evacuation Pause) 787M->97M(792M) 4.632ms
[2026-04-03T02:36:49.260+0600][82.188s][info][gc,cpu         ] GC(453) User=0.02s Sys=0.01s Real=0.01s
[2026-04-03T02:36:49.891+0600][82.819s][info][gc,start       ] GC(454) Pause Young (Mixed) (GCLocker Initiated GC)
[2026-04-03T02:36:49.891+0600][82.819s][info][gc,task        ] GC(454) Using 10 workers of 10 for evacuation
[2026-04-03T02:36:49.898+0600][82.826s][info][gc,phases      ] GC(454)   Pre Evacuate Collection Set: 0.61ms
[2026-04-03T02:36:49.898+0600][82.826s][info][gc,phases      ] GC(454)   Merge Heap Roots: 0.29ms
[2026-04-03T02:36:49.898+0600][82.826s][info][gc,phases      ] GC(454)   Evacuate Collection Set: 4.70ms
[2026-04-03T02:36:49.898+0600][82.826s][info][gc,phases      ] GC(454)   Post Evacuate Collection Set: 1.02ms
[2026-04-03T02:36:49.898+0600][82.826s][info][gc,phases      ] GC(454)   Other: 0.22ms
[2026-04-03T02:36:49.898+0600][82.826s][info][gc,heap        ] GC(454) Eden regions: 445->0(477)
[2026-04-03T02:36:49.898+0600][82.826s][info][gc,heap        ] GC(454) Survivor regions: 3->7(60)
[2026-04-03T02:36:49.898+0600][82.826s][info][gc,heap        ] GC(454) Old regions: 88->87
[2026-04-03T02:36:49.898+0600][82.826s][info][gc,heap        ] GC(454) Humongous regions: 264->8
[2026-04-03T02:36:49.898+0600][82.826s][info][gc,metaspace   ] GC(454) Metaspace: 131945K(133376K)->131945K(133376K) NonClass: 115371K(116096K)->115371K(116096K) Class: 16573K(17280K)->16573K(17280K)
[2026-04-03T02:36:49.899+0600][82.826s][info][gc             ] GC(454) Pause Young (Mixed) (GCLocker Initiated GC) 798M->101M(808M) 7.192ms
[2026-04-03T02:36:49.899+0600][82.827s][info][gc,cpu         ] GC(454) User=0.04s Sys=0.01s Real=0.00s
[2026-04-03T02:36:49.900+0600][82.828s][info][gc,start       ] GC(455) Pause Young (Concurrent Start) (G1 Humongous Allocation)
[2026-04-03T02:36:49.900+0600][82.828s][info][gc,task        ] GC(455) Using 10 workers of 10 for evacuation
[2026-04-03T02:36:49.904+0600][82.832s][info][gc,phases      ] GC(455)   Pre Evacuate Collection Set: 0.37ms
[2026-04-03T02:36:49.904+0600][82.832s][info][gc,phases      ] GC(455)   Merge Heap Roots: 0.09ms
[2026-04-03T02:36:49.904+0600][82.832s][info][gc,phases      ] GC(455)   Evacuate Collection Set: 2.30ms
[2026-04-03T02:36:49.904+0600][82.832s][info][gc,phases      ] GC(455)   Post Evacuate Collection Set: 0.89ms
[2026-04-03T02:36:49.904+0600][82.832s][info][gc,phases      ] GC(455)   Other: 0.21ms
[2026-04-03T02:36:49.904+0600][82.832s][info][gc,heap        ] GC(455) Eden regions: 4->0(478)
[2026-04-03T02:36:49.904+0600][82.832s][info][gc,heap        ] GC(455) Survivor regions: 7->6(61)
[2026-04-03T02:36:49.904+0600][82.832s][info][gc,heap        ] GC(455) Old regions: 87->88
[2026-04-03T02:36:49.904+0600][82.832s][info][gc,heap        ] GC(455) Humongous regions: 8->8
[2026-04-03T02:36:49.904+0600][82.832s][info][gc,metaspace   ] GC(455) Metaspace: 131945K(133376K)->131945K(133376K) NonClass: 115371K(116096K)->115371K(116096K) Class: 16573K(17280K)->16573K(17280K)
[2026-04-03T02:36:49.905+0600][82.832s][info][gc             ] GC(455) Pause Young (Concurrent Start) (G1 Humongous Allocation) 104M->100M(808M) 4.208ms
[2026-04-03T02:36:49.905+0600][82.833s][info][gc,cpu         ] GC(455) User=0.03s Sys=0.00s Real=0.00s
[2026-04-03T02:36:49.905+0600][82.833s][info][gc             ] GC(456) Concurrent Mark Cycle
[2026-04-03T02:36:49.905+0600][82.833s][info][gc,marking     ] GC(456) Concurrent Scan Root Regions
[2026-04-03T02:36:49.907+0600][82.835s][info][gc,marking     ] GC(456) Concurrent Scan Root Regions 1.888ms
[2026-04-03T02:36:49.907+0600][82.835s][info][gc,marking     ] GC(456) Concurrent Mark
[2026-04-03T02:36:49.907+0600][82.835s][info][gc,marking     ] GC(456) Concurrent Mark From Roots
[2026-04-03T02:36:49.907+0600][82.835s][info][gc,task        ] GC(456) Using 3 workers of 3 for marking
[2026-04-03T02:36:50.010+0600][82.938s][info][gc,marking     ] GC(456) Concurrent Mark From Roots 103.269ms
[2026-04-03T02:36:50.010+0600][82.938s][info][gc,marking     ] GC(456) Concurrent Preclean
[2026-04-03T02:36:50.011+0600][82.939s][info][gc,marking     ] GC(456) Concurrent Preclean 0.772ms
[2026-04-03T02:36:50.011+0600][82.939s][info][gc,start       ] GC(456) Pause Remark
[2026-04-03T02:36:50.021+0600][82.949s][info][gc             ] GC(456) Pause Remark 211M->211M(517M) 9.740ms
[2026-04-03T02:36:50.021+0600][82.949s][info][gc,cpu         ] GC(456) User=0.06s Sys=0.01s Real=0.01s
[2026-04-03T02:36:50.021+0600][82.949s][info][gc,marking     ] GC(456) Concurrent Mark 114.707ms
[2026-04-03T02:36:50.022+0600][82.949s][info][gc,marking     ] GC(456) Concurrent Rebuild Remembered Sets and Scrub Regions
[2026-04-03T02:36:50.061+0600][82.989s][info][gc,marking     ] GC(456) Concurrent Rebuild Remembered Sets and Scrub Regions 39.110ms
[2026-04-03T02:36:50.061+0600][82.989s][info][gc,start       ] GC(456) Pause Cleanup
[2026-04-03T02:36:50.061+0600][82.989s][info][gc             ] GC(456) Pause Cleanup 248M->248M(517M) 0.362ms
[2026-04-03T02:36:50.062+0600][82.989s][info][gc,cpu         ] GC(456) User=0.00s Sys=0.00s Real=0.00s
[2026-04-03T02:36:50.062+0600][82.990s][info][gc,marking     ] GC(456) Concurrent Clear Claimed Marks
[2026-04-03T02:36:50.062+0600][82.990s][info][gc,marking     ] GC(456) Concurrent Clear Claimed Marks 0.483ms
[2026-04-03T02:36:50.062+0600][82.990s][info][gc,marking     ] GC(456) Concurrent Cleanup for Next Mark
[2026-04-03T02:36:50.063+0600][82.991s][info][gc,marking     ] GC(456) Concurrent Cleanup for Next Mark 0.847ms
[2026-04-03T02:36:50.063+0600][82.991s][info][gc             ] GC(456) Concurrent Mark Cycle 158.342ms
[2026-04-03T02:36:50.266+0600][83.194s][info][gc,start       ] GC(457) Pause Young (Prepare Mixed) (GCLocker Initiated GC)
[2026-04-03T02:36:50.267+0600][83.194s][info][gc,task        ] GC(457) Using 10 workers of 10 for evacuation
[2026-04-03T02:36:50.273+0600][83.201s][info][gc,phases      ] GC(457)   Pre Evacuate Collection Set: 1.29ms
[2026-04-03T02:36:50.273+0600][83.201s][info][gc,phases      ] GC(457)   Merge Heap Roots: 0.28ms
[2026-04-03T02:36:50.273+0600][83.201s][info][gc,phases      ] GC(457)   Evacuate Collection Set: 4.18ms
[2026-04-03T02:36:50.273+0600][83.201s][info][gc,phases      ] GC(457)   Post Evacuate Collection Set: 0.87ms
[2026-04-03T02:36:50.273+0600][83.201s][info][gc,phases      ] GC(457)   Other: 0.13ms
[2026-04-03T02:36:50.273+0600][83.201s][info][gc,heap        ] GC(457) Eden regions: 236->0(310)
[2026-04-03T02:36:50.273+0600][83.201s][info][gc,heap        ] GC(457) Survivor regions: 6->8(39)
[2026-04-03T02:36:50.273+0600][83.201s][info][gc,heap        ] GC(457) Old regions: 88->89
[2026-04-03T02:36:50.273+0600][83.201s][info][gc,heap        ] GC(457) Humongous regions: 191->8
[2026-04-03T02:36:50.273+0600][83.201s][info][gc,metaspace   ] GC(457) Metaspace: 131949K(133376K)->131949K(133376K) NonClass: 115376K(116096K)->115376K(116096K) Class: 16573K(17280K)->16573K(17280K)
[2026-04-03T02:36:50.273+0600][83.201s][info][gc             ] GC(457) Pause Young (Prepare Mixed) (GCLocker Initiated GC) 519M->102M(530M) 7.045ms
[2026-04-03T02:36:50.274+0600][83.201s][info][gc,cpu         ] GC(457) User=0.03s Sys=0.01s Real=0.01s
[2026-04-03T02:36:50.619+0600][83.547s][info][gc,start       ] GC(458) Pause Young (Mixed) (G1 Evacuation Pause)
[2026-04-03T02:36:50.619+0600][83.547s][info][gc,task        ] GC(458) Using 10 workers of 10 for evacuation
[2026-04-03T02:36:50.625+0600][83.553s][info][gc,phases      ] GC(458)   Pre Evacuate Collection Set: 0.57ms
[2026-04-03T02:36:50.626+0600][83.553s][info][gc,phases      ] GC(458)   Merge Heap Roots: 0.25ms
[2026-04-03T02:36:50.626+0600][83.553s][info][gc,phases      ] GC(458)   Evacuate Collection Set: 4.24ms
[2026-04-03T02:36:50.626+0600][83.553s][info][gc,phases      ] GC(458)   Post Evacuate Collection Set: 1.08ms
[2026-04-03T02:36:50.626+0600][83.553s][info][gc,phases      ] GC(458)   Other: 0.12ms
[2026-04-03T02:36:50.626+0600][83.553s][info][gc,heap        ] GC(458) Eden regions: 262->0(314)
[2026-04-03T02:36:50.626+0600][83.553s][info][gc,heap        ] GC(458) Survivor regions: 8->8(40)
[2026-04-03T02:36:50.626+0600][83.553s][info][gc,heap        ] GC(458) Old regions: 89->88
[2026-04-03T02:36:50.626+0600][83.553s][info][gc,heap        ] GC(458) Humongous regions: 171->8
[2026-04-03T02:36:50.626+0600][83.554s][info][gc,metaspace   ] GC(458) Metaspace: 131954K(133376K)->131954K(133376K) NonClass: 115380K(116096K)->115380K(116096K) Class: 16573K(17280K)->16573K(17280K)
[2026-04-03T02:36:50.626+0600][83.554s][info][gc             ] GC(458) Pause Young (Mixed) (G1 Evacuation Pause) 527M->102M(538M) 6.623ms
[2026-04-03T02:36:50.626+0600][83.554s][info][gc,cpu         ] GC(458) User=0.03s Sys=0.01s Real=0.01s
[2026-04-03T02:36:50.680+0600][83.607s][info][gc,start       ] GC(459) Pause Young (Concurrent Start) (G1 Humongous Allocation)
[2026-04-03T02:36:50.680+0600][83.608s][info][gc,task        ] GC(459) Using 10 workers of 10 for evacuation
[2026-04-03T02:36:50.684+0600][83.612s][info][gc,phases      ] GC(459)   Pre Evacuate Collection Set: 0.57ms
[2026-04-03T02:36:50.685+0600][83.612s][info][gc,phases      ] GC(459)   Merge Heap Roots: 0.19ms
[2026-04-03T02:36:50.685+0600][83.612s][info][gc,phases      ] GC(459)   Evacuate Collection Set: 3.15ms
[2026-04-03T02:36:50.685+0600][83.612s][info][gc,phases      ] GC(459)   Post Evacuate Collection Set: 0.64ms
[2026-04-03T02:36:50.685+0600][83.612s][info][gc,phases      ] GC(459)   Other: 0.21ms
[2026-04-03T02:36:50.685+0600][83.612s][info][gc,heap        ] GC(459) Eden regions: 69->0(313)
[2026-04-03T02:36:50.685+0600][83.612s][info][gc,heap        ] GC(459) Survivor regions: 8->9(41)
[2026-04-03T02:36:50.685+0600][83.612s][info][gc,heap        ] GC(459) Old regions: 88->88
[2026-04-03T02:36:50.685+0600][83.612s][info][gc,heap        ] GC(459) Humongous regions: 8->8
[2026-04-03T02:36:50.685+0600][83.612s][info][gc,metaspace   ] GC(459) Metaspace: 131954K(133376K)->131954K(133376K) NonClass: 115380K(116096K)->115380K(116096K) Class: 16573K(17280K)->16573K(17280K)
[2026-04-03T02:36:50.685+0600][83.613s][info][gc             ] GC(459) Pause Young (Concurrent Start) (G1 Humongous Allocation) 171M->103M(538M) 5.082ms
[2026-04-03T02:36:50.685+0600][83.613s][info][gc             ] GC(460) Concurrent Mark Cycle
[2026-04-03T02:36:50.685+0600][83.613s][info][gc,cpu         ] GC(459) User=0.04s Sys=0.00s Real=0.01s
[2026-04-03T02:36:50.685+0600][83.613s][info][gc,marking     ] GC(460) Concurrent Scan Root Regions
[2026-04-03T02:36:50.688+0600][83.616s][info][gc,marking     ] GC(460) Concurrent Scan Root Regions 3.215ms
[2026-04-03T02:36:50.688+0600][83.616s][info][gc,marking     ] GC(460) Concurrent Mark
[2026-04-03T02:36:50.688+0600][83.616s][info][gc,marking     ] GC(460) Concurrent Mark From Roots
[2026-04-03T02:36:50.688+0600][83.616s][info][gc,task        ] GC(460) Using 3 workers of 3 for marking
[2026-04-03T02:36:50.790+0600][83.718s][info][gc,marking     ] GC(460) Concurrent Mark From Roots 101.737ms
[2026-04-03T02:36:50.790+0600][83.718s][info][gc,marking     ] GC(460) Concurrent Preclean
[2026-04-03T02:36:50.790+0600][83.718s][info][gc,marking     ] GC(460) Concurrent Preclean 0.448ms
[2026-04-03T02:36:50.791+0600][83.719s][info][gc,start       ] GC(460) Pause Remark
[2026-04-03T02:36:50.801+0600][83.728s][info][gc             ] GC(460) Pause Remark 216M->216M(420M) 9.448ms
[2026-04-03T02:36:50.801+0600][83.729s][info][gc,cpu         ] GC(460) User=0.06s Sys=0.00s Real=0.01s
[2026-04-03T02:36:50.801+0600][83.729s][info][gc,marking     ] GC(460) Concurrent Mark 112.814ms
[2026-04-03T02:36:50.801+0600][83.729s][info][gc,marking     ] GC(460) Concurrent Rebuild Remembered Sets and Scrub Regions
[2026-04-03T02:36:50.836+0600][83.764s][info][gc,marking     ] GC(460) Concurrent Rebuild Remembered Sets and Scrub Regions 35.219ms
[2026-04-03T02:36:50.837+0600][83.764s][info][gc,start       ] GC(460) Pause Cleanup
[2026-04-03T02:36:50.837+0600][83.765s][info][gc             ] GC(460) Pause Cleanup 259M->259M(420M) 0.334ms
[2026-04-03T02:36:50.837+0600][83.765s][info][gc,cpu         ] GC(460) User=0.00s Sys=0.00s Real=0.00s
[2026-04-03T02:36:50.837+0600][83.765s][info][gc,marking     ] GC(460) Concurrent Clear Claimed Marks
[2026-04-03T02:36:50.838+0600][83.765s][info][gc,marking     ] GC(460) Concurrent Clear Claimed Marks 0.329ms
[2026-04-03T02:36:50.838+0600][83.765s][info][gc,marking     ] GC(460) Concurrent Cleanup for Next Mark
[2026-04-03T02:36:50.838+0600][83.766s][info][gc,marking     ] GC(460) Concurrent Cleanup for Next Mark 0.663ms
[2026-04-03T02:36:50.838+0600][83.766s][info][gc             ] GC(460) Concurrent Mark Cycle 153.556ms
[2026-04-03T02:36:50.943+0600][83.871s][info][gc,start       ] GC(461) Pause Young (Prepare Mixed) (G1 Evacuation Pause)
[2026-04-03T02:36:50.943+0600][83.871s][info][gc,task        ] GC(461) Using 10 workers of 10 for evacuation
[2026-04-03T02:36:50.947+0600][83.875s][info][gc,phases      ] GC(461)   Pre Evacuate Collection Set: 0.26ms
[2026-04-03T02:36:50.947+0600][83.875s][info][gc,phases      ] GC(461)   Merge Heap Roots: 0.13ms
[2026-04-03T02:36:50.947+0600][83.875s][info][gc,phases      ] GC(461)   Evacuate Collection Set: 3.16ms
[2026-04-03T02:36:50.947+0600][83.875s][info][gc,phases      ] GC(461)   Post Evacuate Collection Set: 0.66ms
[2026-04-03T02:36:50.948+0600][83.875s][info][gc,phases      ] GC(461)   Other: 0.09ms
[2026-04-03T02:36:50.948+0600][83.875s][info][gc,heap        ] GC(461) Eden regions: 166->0(282)
[2026-04-03T02:36:50.948+0600][83.875s][info][gc,heap        ] GC(461) Survivor regions: 9->9(32)
[2026-04-03T02:36:50.948+0600][83.875s][info][gc,heap        ] GC(461) Old regions: 88->89
[2026-04-03T02:36:50.948+0600][83.875s][info][gc,heap        ] GC(461) Humongous regions: 212->23
[2026-04-03T02:36:50.948+0600][83.875s][info][gc,metaspace   ] GC(461) Metaspace: 131955K(133376K)->131955K(133376K) NonClass: 115381K(116096K)->115381K(116096K) Class: 16573K(17280K)->16573K(17280K)
[2026-04-03T02:36:50.948+0600][83.875s][info][gc             ] GC(461) Pause Young (Prepare Mixed) (G1 Evacuation Pause) 473M->118M(485M) 4.555ms
[2026-04-03T02:36:50.948+0600][83.876s][info][gc,cpu         ] GC(461) User=0.02s Sys=0.02s Real=0.00s
[2026-04-03T02:36:51.050+0600][83.978s][info][gc,start       ] GC(462) Pause Young (Mixed) (G1 Evacuation Pause)
[2026-04-03T02:36:51.050+0600][83.978s][info][gc,task        ] GC(462) Using 10 workers of 10 for evacuation
[2026-04-03T02:36:51.055+0600][83.982s][info][gc,phases      ] GC(462)   Pre Evacuate Collection Set: 0.26ms
[2026-04-03T02:36:51.055+0600][83.983s][info][gc,phases      ] GC(462)   Merge Heap Roots: 0.16ms
[2026-04-03T02:36:51.055+0600][83.983s][info][gc,phases      ] GC(462)   Evacuate Collection Set: 2.98ms
[2026-04-03T02:36:51.055+0600][83.983s][info][gc,phases      ] GC(462)   Post Evacuate Collection Set: 0.83ms
[2026-04-03T02:36:51.055+0600][83.983s][info][gc,phases      ] GC(462)   Other: 0.08ms
[2026-04-03T02:36:51.055+0600][83.983s][info][gc,heap        ] GC(462) Eden regions: 68->0(380)
[2026-04-03T02:36:51.055+0600][83.983s][info][gc,heap        ] GC(462) Survivor regions: 9->7(37)
[2026-04-03T02:36:51.055+0600][83.983s][info][gc,heap        ] GC(462) Old regions: 89->88
[2026-04-03T02:36:51.055+0600][83.983s][info][gc,heap        ] GC(462) Humongous regions: 472->28
[2026-04-03T02:36:51.055+0600][83.983s][info][gc,metaspace   ] GC(462) Metaspace: 131957K(133376K)->131957K(133376K) NonClass: 115384K(116096K)->115384K(116096K) Class: 16573K(17280K)->16573K(17280K)
[2026-04-03T02:36:51.055+0600][83.983s][info][gc             ] GC(462) Pause Young (Mixed) (G1 Evacuation Pause) 635M->121M(646M) 4.570ms
[2026-04-03T02:36:51.055+0600][83.983s][info][gc,cpu         ] GC(462) User=0.03s Sys=0.00s Real=0.00s
[2026-04-03T02:36:51.056+0600][83.984s][info][gc,start       ] GC(463) Pause Young (Concurrent Start) (G1 Humongous Allocation)
[2026-04-03T02:36:51.056+0600][83.984s][info][gc,task        ] GC(463) Using 10 workers of 10 for evacuation
[2026-04-03T02:36:51.059+0600][83.987s][info][gc,phases      ] GC(463)   Pre Evacuate Collection Set: 0.30ms
[2026-04-03T02:36:51.059+0600][83.987s][info][gc,phases      ] GC(463)   Merge Heap Roots: 0.07ms
[2026-04-03T02:36:51.059+0600][83.987s][info][gc,phases      ] GC(463)   Evacuate Collection Set: 1.62ms
[2026-04-03T02:36:51.059+0600][83.987s][info][gc,phases      ] GC(463)   Post Evacuate Collection Set: 0.45ms
[2026-04-03T02:36:51.059+0600][83.987s][info][gc,phases      ] GC(463)   Other: 0.08ms
[2026-04-03T02:36:51.059+0600][83.987s][info][gc,heap        ] GC(463) Eden regions: 3->0(380)
[2026-04-03T02:36:51.059+0600][83.987s][info][gc,heap        ] GC(463) Survivor regions: 7->7(49)
[2026-04-03T02:36:51.059+0600][83.987s][info][gc,heap        ] GC(463) Old regions: 88->88
[2026-04-03T02:36:51.059+0600][83.987s][info][gc,heap        ] GC(463) Humongous regions: 48->13
[2026-04-03T02:36:51.059+0600][83.987s][info][gc,metaspace   ] GC(463) Metaspace: 131957K(133376K)->131957K(133376K) NonClass: 115384K(116096K)->115384K(116096K) Class: 16573K(17280K)->16573K(17280K)
[2026-04-03T02:36:51.059+0600][83.987s][info][gc             ] GC(463) Pause Young (Concurrent Start) (G1 Humongous Allocation) 143M->106M(646M) 2.721ms
[2026-04-03T02:36:51.059+0600][83.987s][info][gc             ] GC(464) Concurrent Undo Cycle
[2026-04-03T02:36:51.059+0600][83.987s][info][gc,cpu         ] GC(463) User=0.01s Sys=0.01s Real=0.00s
[2026-04-03T02:36:51.059+0600][83.987s][info][gc,marking     ] GC(464) Concurrent Clear Claimed Marks
[2026-04-03T02:36:51.060+0600][83.987s][info][gc,marking     ] GC(464) Concurrent Clear Claimed Marks 0.374ms
[2026-04-03T02:36:51.060+0600][83.987s][info][gc,marking     ] GC(464) Concurrent Cleanup for Next Mark
[2026-04-03T02:36:51.060+0600][83.988s][info][gc,marking     ] GC(464) Concurrent Cleanup for Next Mark 0.377ms
[2026-04-03T02:36:51.060+0600][83.988s][info][gc             ] GC(464) Concurrent Undo Cycle 0.995ms
[2026-04-03T02:36:51.061+0600][83.988s][info][gc,start       ] GC(465) Pause Young (Concurrent Start) (G1 Humongous Allocation)
[2026-04-03T02:36:51.061+0600][83.988s][info][gc,task        ] GC(465) Using 10 workers of 10 for evacuation
[2026-04-03T02:36:51.063+0600][83.991s][info][gc,phases      ] GC(465)   Pre Evacuate Collection Set: 0.30ms
[2026-04-03T02:36:51.063+0600][83.991s][info][gc,phases      ] GC(465)   Merge Heap Roots: 0.06ms
[2026-04-03T02:36:51.063+0600][83.991s][info][gc,phases      ] GC(465)   Evacuate Collection Set: 1.60ms
[2026-04-03T02:36:51.063+0600][83.991s][info][gc,phases      ] GC(465)   Post Evacuate Collection Set: 0.48ms
[2026-04-03T02:36:51.063+0600][83.991s][info][gc,phases      ] GC(465)   Other: 0.09ms
[2026-04-03T02:36:51.063+0600][83.991s][info][gc,heap        ] GC(465) Eden regions: 3->0(372)
[2026-04-03T02:36:51.063+0600][83.991s][info][gc,heap        ] GC(465) Survivor regions: 7->6(49)
[2026-04-03T02:36:51.063+0600][83.991s][info][gc,heap        ] GC(465) Old regions: 88->88
[2026-04-03T02:36:51.063+0600][83.991s][info][gc,heap        ] GC(465) Humongous regions: 28->18
[2026-04-03T02:36:51.063+0600][83.991s][info][gc,metaspace   ] GC(465) Metaspace: 131957K(133376K)->131957K(133376K) NonClass: 115384K(116096K)->115384K(116096K) Class: 16573K(17280K)->16573K(17280K)
[2026-04-03T02:36:51.063+0600][83.991s][info][gc             ] GC(465) Pause Young (Concurrent Start) (G1 Humongous Allocation) 123M->110M(646M) 2.733ms
[2026-04-03T02:36:51.063+0600][83.991s][info][gc             ] GC(466) Concurrent Mark Cycle
[2026-04-03T02:36:51.063+0600][83.991s][info][gc,cpu         ] GC(465) User=0.01s Sys=0.00s Real=0.00s
[2026-04-03T02:36:51.063+0600][83.991s][info][gc,marking     ] GC(466) Concurrent Scan Root Regions
[2026-04-03T02:36:51.065+0600][83.993s][info][gc,marking     ] GC(466) Concurrent Scan Root Regions 2.022ms
[2026-04-03T02:36:51.066+0600][83.993s][info][gc,marking     ] GC(466) Concurrent Mark
[2026-04-03T02:36:51.066+0600][83.993s][info][gc,marking     ] GC(466) Concurrent Mark From Roots
[2026-04-03T02:36:51.066+0600][83.993s][info][gc,task        ] GC(466) Using 3 workers of 3 for marking
[2026-04-03T02:36:51.147+0600][84.075s][info][gc,marking     ] GC(466) Concurrent Mark From Roots 81.210ms
[2026-04-03T02:36:51.147+0600][84.075s][info][gc,marking     ] GC(466) Concurrent Preclean
[2026-04-03T02:36:51.147+0600][84.075s][info][gc,marking     ] GC(466) Concurrent Preclean 0.307ms
[2026-04-03T02:36:51.147+0600][84.075s][info][gc,start       ] GC(466) Pause Remark
[2026-04-03T02:36:51.155+0600][84.083s][info][gc             ] GC(466) Pause Remark 254M->254M(646M) 7.711ms
[2026-04-03T02:36:51.155+0600][84.083s][info][gc,cpu         ] GC(466) User=0.05s Sys=0.00s Real=0.01s
[2026-04-03T02:36:51.156+0600][84.084s][info][gc,marking     ] GC(466) Concurrent Mark 90.079ms
[2026-04-03T02:36:51.156+0600][84.084s][info][gc,marking     ] GC(466) Concurrent Rebuild Remembered Sets and Scrub Regions
[2026-04-03T02:36:51.186+0600][84.114s][info][gc,marking     ] GC(466) Concurrent Rebuild Remembered Sets and Scrub Regions 30.582ms
[2026-04-03T02:36:51.187+0600][84.115s][info][gc,start       ] GC(466) Pause Cleanup
[2026-04-03T02:36:51.187+0600][84.115s][info][gc             ] GC(466) Pause Cleanup 299M->299M(646M) 0.388ms
[2026-04-03T02:36:51.187+0600][84.115s][info][gc,cpu         ] GC(466) User=0.00s Sys=0.00s Real=0.00s
[2026-04-03T02:36:51.187+0600][84.115s][info][gc,marking     ] GC(466) Concurrent Clear Claimed Marks
[2026-04-03T02:36:51.188+0600][84.115s][info][gc,marking     ] GC(466) Concurrent Clear Claimed Marks 0.318ms
[2026-04-03T02:36:51.188+0600][84.115s][info][gc,marking     ] GC(466) Concurrent Cleanup for Next Mark
[2026-04-03T02:36:51.190+0600][84.118s][info][gc,marking     ] GC(466) Concurrent Cleanup for Next Mark 2.096ms
[2026-04-03T02:36:51.190+0600][84.118s][info][gc             ] GC(466) Concurrent Mark Cycle 126.401ms
[2026-04-03T02:36:51.623+0600][84.551s][info][gc,start       ] GC(467) Pause Young (Prepare Mixed) (G1 Evacuation Pause)
[2026-04-03T02:36:51.623+0600][84.551s][info][gc,task        ] GC(467) Using 10 workers of 10 for evacuation
[2026-04-03T02:36:51.627+0600][84.555s][info][gc,phases      ] GC(467)   Pre Evacuate Collection Set: 0.27ms
[2026-04-03T02:36:51.627+0600][84.555s][info][gc,phases      ] GC(467)   Merge Heap Roots: 0.24ms
[2026-04-03T02:36:51.627+0600][84.555s][info][gc,phases      ] GC(467)   Evacuate Collection Set: 2.18ms
[2026-04-03T02:36:51.627+0600][84.555s][info][gc,phases      ] GC(467)   Post Evacuate Collection Set: 0.69ms
[2026-04-03T02:36:51.627+0600][84.555s][info][gc,phases      ] GC(467)   Other: 0.11ms
[2026-04-03T02:36:51.627+0600][84.555s][info][gc,heap        ] GC(467) Eden regions: 322->0(393)
[2026-04-03T02:36:51.627+0600][84.555s][info][gc,heap        ] GC(467) Survivor regions: 6->5(48)
[2026-04-03T02:36:51.627+0600][84.555s][info][gc,heap        ] GC(467) Old regions: 88->88
[2026-04-03T02:36:51.627+0600][84.555s][info][gc,heap        ] GC(467) Humongous regions: 243->8
[2026-04-03T02:36:51.627+0600][84.555s][info][gc,metaspace   ] GC(467) Metaspace: 131962K(133376K)->131962K(133376K) NonClass: 115389K(116096K)->115389K(116096K) Class: 16573K(17280K)->16573K(17280K)
[2026-04-03T02:36:51.627+0600][84.555s][info][gc             ] GC(467) Pause Young (Prepare Mixed) (G1 Evacuation Pause) 657M->99M(664M) 3.747ms
[2026-04-03T02:36:51.627+0600][84.555s][info][gc,cpu         ] GC(467) User=0.02s Sys=0.00s Real=0.00s
[2026-04-03T02:36:52.016+0600][84.944s][info][gc,start       ] GC(468) Pause Young (Mixed) (G1 Evacuation Pause)
[2026-04-03T02:36:52.016+0600][84.944s][info][gc,task        ] GC(468) Using 10 workers of 10 for evacuation
[2026-04-03T02:36:52.021+0600][84.949s][info][gc,phases      ] GC(468)   Pre Evacuate Collection Set: 0.25ms
[2026-04-03T02:36:52.021+0600][84.949s][info][gc,phases      ] GC(468)   Merge Heap Roots: 0.19ms
[2026-04-03T02:36:52.021+0600][84.949s][info][gc,phases      ] GC(468)   Evacuate Collection Set: 3.65ms
[2026-04-03T02:36:52.021+0600][84.949s][info][gc,phases      ] GC(468)   Post Evacuate Collection Set: 0.92ms
[2026-04-03T02:36:52.021+0600][84.949s][info][gc,phases      ] GC(468)   Other: 0.11ms
[2026-04-03T02:36:52.021+0600][84.949s][info][gc,heap        ] GC(468) Eden regions: 326->0(405)
[2026-04-03T02:36:52.021+0600][84.949s][info][gc,heap        ] GC(468) Survivor regions: 5->7(50)
[2026-04-03T02:36:52.021+0600][84.949s][info][gc,heap        ] GC(468) Old regions: 88->88
[2026-04-03T02:36:52.021+0600][84.949s][info][gc,heap        ] GC(468) Humongous regions: 260->8
[2026-04-03T02:36:52.021+0600][84.949s][info][gc,metaspace   ] GC(468) Metaspace: 131962K(133376K)->131962K(133376K) NonClass: 115389K(116096K)->115389K(116096K) Class: 16573K(17280K)->16573K(17280K)
[2026-04-03T02:36:52.021+0600][84.949s][info][gc             ] GC(468) Pause Young (Mixed) (G1 Evacuation Pause) 677M->101M(687M) 5.363ms
[2026-04-03T02:36:52.021+0600][84.949s][info][gc,cpu         ] GC(468) User=0.02s Sys=0.01s Real=0.01s
[2026-04-03T02:36:52.038+0600][84.966s][info][gc,start       ] GC(469) Pause Young (Concurrent Start) (G1 Humongous Allocation)
[2026-04-03T02:36:52.038+0600][84.966s][info][gc,task        ] GC(469) Using 10 workers of 10 for evacuation
[2026-04-03T02:36:52.043+0600][84.971s][info][gc,phases      ] GC(469)   Pre Evacuate Collection Set: 0.52ms
[2026-04-03T02:36:52.043+0600][84.971s][info][gc,phases      ] GC(469)   Merge Heap Roots: 0.22ms
[2026-04-03T02:36:52.043+0600][84.971s][info][gc,phases      ] GC(469)   Evacuate Collection Set: 2.91ms
[2026-04-03T02:36:52.043+0600][84.971s][info][gc,phases      ] GC(469)   Post Evacuate Collection Set: 1.04ms
[2026-04-03T02:36:52.043+0600][84.971s][info][gc,phases      ] GC(469)   Other: 0.33ms
[2026-04-03T02:36:52.043+0600][84.971s][info][gc,heap        ] GC(469) Eden regions: 26->0(405)
[2026-04-03T02:36:52.043+0600][84.971s][info][gc,heap        ] GC(469) Survivor regions: 7->7(52)
[2026-04-03T02:36:52.043+0600][84.971s][info][gc,heap        ] GC(469) Old regions: 88->88
[2026-04-03T02:36:52.043+0600][84.971s][info][gc,heap        ] GC(469) Humongous regions: 8->8
[2026-04-03T02:36:52.043+0600][84.971s][info][gc,metaspace   ] GC(469) Metaspace: 131962K(133376K)->131962K(133376K) NonClass: 115389K(116096K)->115389K(116096K) Class: 16573K(17280K)->16573K(17280K)
[2026-04-03T02:36:52.043+0600][84.971s][info][gc             ] GC(469) Pause Young (Concurrent Start) (G1 Humongous Allocation) 127M->101M(687M) 5.354ms
[2026-04-03T02:36:52.043+0600][84.971s][info][gc             ] GC(470) Concurrent Mark Cycle
[2026-04-03T02:36:52.043+0600][84.971s][info][gc,marking     ] GC(470) Concurrent Scan Root Regions
[2026-04-03T02:36:52.043+0600][84.971s][info][gc,cpu         ] GC(469) User=0.03s Sys=0.00s Real=0.01s
[2026-04-03T02:36:52.046+0600][84.974s][info][gc,marking     ] GC(470) Concurrent Scan Root Regions 2.870ms
[2026-04-03T02:36:52.046+0600][84.974s][info][gc,marking     ] GC(470) Concurrent Mark
[2026-04-03T02:36:52.046+0600][84.974s][info][gc,marking     ] GC(470) Concurrent Mark From Roots
[2026-04-03T02:36:52.046+0600][84.974s][info][gc,task        ] GC(470) Using 3 workers of 3 for marking
[2026-04-03T02:36:52.121+0600][85.049s][info][gc,marking     ] GC(470) Concurrent Mark From Roots 75.226ms
[2026-04-03T02:36:52.121+0600][85.049s][info][gc,marking     ] GC(470) Concurrent Preclean
[2026-04-03T02:36:52.122+0600][85.050s][info][gc,marking     ] GC(470) Concurrent Preclean 0.376ms
[2026-04-03T02:36:52.122+0600][85.050s][info][gc,start       ] GC(470) Pause Remark
[2026-04-03T02:36:52.131+0600][85.059s][info][gc             ] GC(470) Pause Remark 193M->193M(484M) 8.961ms
[2026-04-03T02:36:52.132+0600][85.059s][info][gc,cpu         ] GC(470) User=0.06s Sys=0.00s Real=0.01s
[2026-04-03T02:36:52.132+0600][85.060s][info][gc,marking     ] GC(470) Concurrent Mark 85.556ms
[2026-04-03T02:36:52.132+0600][85.060s][info][gc,marking     ] GC(470) Concurrent Rebuild Remembered Sets and Scrub Regions
[2026-04-03T02:36:52.165+0600][85.092s][info][gc,marking     ] GC(470) Concurrent Rebuild Remembered Sets and Scrub Regions 32.769ms
[2026-04-03T02:36:52.165+0600][85.093s][info][gc,start       ] GC(470) Pause Cleanup
[2026-04-03T02:36:52.165+0600][85.093s][info][gc             ] GC(470) Pause Cleanup 230M->230M(484M) 0.223ms
[2026-04-03T02:36:52.165+0600][85.093s][info][gc,cpu         ] GC(470) User=0.00s Sys=0.00s Real=0.00s
[2026-04-03T02:36:52.165+0600][85.093s][info][gc,marking     ] GC(470) Concurrent Clear Claimed Marks
[2026-04-03T02:36:52.166+0600][85.094s][info][gc,marking     ] GC(470) Concurrent Clear Claimed Marks 0.336ms
[2026-04-03T02:36:52.166+0600][85.094s][info][gc,marking     ] GC(470) Concurrent Cleanup for Next Mark
[2026-04-03T02:36:52.166+0600][85.094s][info][gc,marking     ] GC(470) Concurrent Cleanup for Next Mark 0.600ms
[2026-04-03T02:36:52.166+0600][85.094s][info][gc             ] GC(470) Concurrent Mark Cycle 123.250ms
[2026-04-03T02:36:52.397+0600][85.325s][info][gc,start       ] GC(471) Pause Young (Prepare Mixed) (G1 Evacuation Pause)
[2026-04-03T02:36:52.398+0600][85.325s][info][gc,task        ] GC(471) Using 10 workers of 10 for evacuation
[2026-04-03T02:36:52.402+0600][85.330s][info][gc,phases      ] GC(471)   Pre Evacuate Collection Set: 0.32ms
[2026-04-03T02:36:52.402+0600][85.330s][info][gc,phases      ] GC(471)   Merge Heap Roots: 0.18ms
[2026-04-03T02:36:52.402+0600][85.330s][info][gc,phases      ] GC(471)   Evacuate Collection Set: 3.30ms
[2026-04-03T02:36:52.402+0600][85.330s][info][gc,phases      ] GC(471)   Post Evacuate Collection Set: 0.62ms
[2026-04-03T02:36:52.402+0600][85.330s][info][gc,phases      ] GC(471)   Other: 0.10ms
[2026-04-03T02:36:52.402+0600][85.330s][info][gc,heap        ] GC(471) Eden regions: 225->0(293)
[2026-04-03T02:36:52.402+0600][85.330s][info][gc,heap        ] GC(471) Survivor regions: 7->9(37)
[2026-04-03T02:36:52.402+0600][85.330s][info][gc,heap        ] GC(471) Old regions: 88->88
[2026-04-03T02:36:52.402+0600][85.330s][info][gc,heap        ] GC(471) Humongous regions: 175->8
[2026-04-03T02:36:52.402+0600][85.330s][info][gc,metaspace   ] GC(471) Metaspace: 131962K(133376K)->131962K(133376K) NonClass: 115389K(116096K)->115389K(116096K) Class: 16573K(17280K)->16573K(17280K)
[2026-04-03T02:36:52.402+0600][85.330s][info][gc             ] GC(471) Pause Young (Prepare Mixed) (G1 Evacuation Pause) 493M->103M(504M) 4.823ms
[2026-04-03T02:36:52.402+0600][85.330s][info][gc,cpu         ] GC(471) User=0.02s Sys=0.02s Real=0.01s
[2026-04-03T02:36:52.710+0600][85.638s][info][gc,start       ] GC(472) Pause Young (Mixed) (G1 Evacuation Pause)
[2026-04-03T02:36:52.710+0600][85.638s][info][gc,task        ] GC(472) Using 10 workers of 10 for evacuation
[2026-04-03T02:36:52.715+0600][85.643s][info][gc,phases      ] GC(472)   Pre Evacuate Collection Set: 0.34ms
[2026-04-03T02:36:52.715+0600][85.643s][info][gc,phases      ] GC(472)   Merge Heap Roots: 0.22ms
[2026-04-03T02:36:52.715+0600][85.643s][info][gc,phases      ] GC(472)   Evacuate Collection Set: 3.64ms
[2026-04-03T02:36:52.715+0600][85.643s][info][gc,phases      ] GC(472)   Post Evacuate Collection Set: 0.86ms
[2026-04-03T02:36:52.715+0600][85.643s][info][gc,phases      ] GC(472)   Other: 0.14ms
[2026-04-03T02:36:52.715+0600][85.643s][info][gc,heap        ] GC(472) Eden regions: 293->0(341)
[2026-04-03T02:36:52.715+0600][85.643s][info][gc,heap        ] GC(472) Survivor regions: 9->8(38)
[2026-04-03T02:36:52.715+0600][85.643s][info][gc,heap        ] GC(472) Old regions: 88->87
[2026-04-03T02:36:52.715+0600][85.643s][info][gc,heap        ] GC(472) Humongous regions: 183->18
[2026-04-03T02:36:52.715+0600][85.643s][info][gc,metaspace   ] GC(472) Metaspace: 131964K(133376K)->131964K(133376K) NonClass: 115391K(116096K)->115391K(116096K) Class: 16573K(17280K)->16573K(17280K)
[2026-04-03T02:36:52.715+0600][85.643s][info][gc             ] GC(472) Pause Young (Mixed) (G1 Evacuation Pause) 571M->112M(582M) 5.534ms
[2026-04-03T02:36:52.715+0600][85.643s][info][gc,cpu         ] GC(472) User=0.03s Sys=0.01s Real=0.00s
[2026-04-03T02:36:52.716+0600][85.644s][info][gc,start       ] GC(473) Pause Young (Concurrent Start) (G1 Humongous Allocation)
[2026-04-03T02:36:52.716+0600][85.644s][info][gc,task        ] GC(473) Using 10 workers of 10 for evacuation
[2026-04-03T02:36:52.719+0600][85.647s][info][gc,phases      ] GC(473)   Pre Evacuate Collection Set: 0.24ms
[2026-04-03T02:36:52.719+0600][85.647s][info][gc,phases      ] GC(473)   Merge Heap Roots: 0.10ms
[2026-04-03T02:36:52.719+0600][85.647s][info][gc,phases      ] GC(473)   Evacuate Collection Set: 1.95ms
[2026-04-03T02:36:52.719+0600][85.647s][info][gc,phases      ] GC(473)   Post Evacuate Collection Set: 0.58ms
[2026-04-03T02:36:52.719+0600][85.647s][info][gc,phases      ] GC(473)   Other: 0.14ms
[2026-04-03T02:36:52.719+0600][85.647s][info][gc,heap        ] GC(473) Eden regions: 3->0(324)
[2026-04-03T02:36:52.719+0600][85.647s][info][gc,heap        ] GC(473) Survivor regions: 8->9(44)
[2026-04-03T02:36:52.719+0600][85.647s][info][gc,heap        ] GC(473) Old regions: 87->87
[2026-04-03T02:36:52.719+0600][85.647s][info][gc,heap        ] GC(473) Humongous regions: 18->8
[2026-04-03T02:36:52.719+0600][85.647s][info][gc,metaspace   ] GC(473) Metaspace: 131964K(133376K)->131964K(133376K) NonClass: 115391K(116096K)->115391K(116096K) Class: 16573K(17280K)->16573K(17280K)
[2026-04-03T02:36:52.719+0600][85.647s][info][gc             ] GC(473) Pause Young (Concurrent Start) (G1 Humongous Allocation) 114M->102M(582M) 3.315ms
[2026-04-03T02:36:52.719+0600][85.647s][info][gc             ] GC(474) Concurrent Mark Cycle
[2026-04-03T02:36:52.719+0600][85.647s][info][gc,cpu         ] GC(473) User=0.03s Sys=0.00s Real=0.00s
[2026-04-03T02:36:52.719+0600][85.647s][info][gc,marking     ] GC(474) Concurrent Scan Root Regions
[2026-04-03T02:36:52.722+0600][85.650s][info][gc,marking     ] GC(474) Concurrent Scan Root Regions 2.846ms
[2026-04-03T02:36:52.722+0600][85.650s][info][gc,marking     ] GC(474) Concurrent Mark
[2026-04-03T02:36:52.722+0600][85.650s][info][gc,marking     ] GC(474) Concurrent Mark From Roots
[2026-04-03T02:36:52.722+0600][85.650s][info][gc,task        ] GC(474) Using 3 workers of 3 for marking
[2026-04-03T02:36:52.811+0600][85.738s][info][gc,marking     ] GC(474) Concurrent Mark From Roots 88.105ms
[2026-04-03T02:36:52.811+0600][85.739s][info][gc,marking     ] GC(474) Concurrent Preclean
[2026-04-03T02:36:52.811+0600][85.739s][info][gc,marking     ] GC(474) Concurrent Preclean 0.550ms
[2026-04-03T02:36:52.812+0600][85.739s][info][gc,start       ] GC(474) Pause Remark
[2026-04-03T02:36:52.820+0600][85.748s][info][gc             ] GC(474) Pause Remark 430M->430M(622M) 8.591ms
[2026-04-03T02:36:52.820+0600][85.748s][info][gc,cpu         ] GC(474) User=0.06s Sys=0.00s Real=0.01s
[2026-04-03T02:36:52.821+0600][85.749s][info][gc,marking     ] GC(474) Concurrent Mark 98.220ms
[2026-04-03T02:36:52.821+0600][85.749s][info][gc,marking     ] GC(474) Concurrent Rebuild Remembered Sets and Scrub Regions
[2026-04-03T02:36:52.849+0600][85.777s][info][gc,marking     ] GC(474) Concurrent Rebuild Remembered Sets and Scrub Regions 28.640ms
[2026-04-03T02:36:52.854+0600][85.782s][info][gc,start       ] GC(475) Pause Young (Normal) (G1 Evacuation Pause)
[2026-04-03T02:36:52.854+0600][85.782s][info][gc,task        ] GC(475) Using 10 workers of 10 for evacuation
[2026-04-03T02:36:52.860+0600][85.788s][info][gc,phases      ] GC(475)   Pre Evacuate Collection Set: 0.55ms
[2026-04-03T02:36:52.860+0600][85.788s][info][gc,phases      ] GC(475)   Merge Heap Roots: 0.33ms
[2026-04-03T02:36:52.860+0600][85.788s][info][gc,phases      ] GC(475)   Evacuate Collection Set: 3.67ms
[2026-04-03T02:36:52.860+0600][85.788s][info][gc,phases      ] GC(475)   Post Evacuate Collection Set: 0.94ms
[2026-04-03T02:36:52.860+0600][85.788s][info][gc,phases      ] GC(475)   Other: 0.13ms
[2026-04-03T02:36:52.860+0600][85.788s][info][gc,heap        ] GC(475) Eden regions: 69->0(347)
[2026-04-03T02:36:52.860+0600][85.788s][info][gc,heap        ] GC(475) Survivor regions: 9->6(42)
[2026-04-03T02:36:52.860+0600][85.788s][info][gc,heap        ] GC(475) Old regions: 87->88
[2026-04-03T02:36:52.860+0600][85.788s][info][gc,heap        ] GC(475) Humongous regions: 457->28
[2026-04-03T02:36:52.860+0600][85.788s][info][gc,metaspace   ] GC(475) Metaspace: 131964K(133376K)->131964K(133376K) NonClass: 115391K(116096K)->115391K(116096K) Class: 16573K(17280K)->16573K(17280K)
[2026-04-03T02:36:52.860+0600][85.788s][info][gc             ] GC(475) Pause Young (Normal) (G1 Evacuation Pause) 620M->120M(629M) 6.000ms
[2026-04-03T02:36:52.860+0600][85.788s][info][gc,cpu         ] GC(475) User=0.03s Sys=0.02s Real=0.01s
[2026-04-03T02:36:52.861+0600][85.788s][info][gc,start       ] GC(474) Pause Cleanup
[2026-04-03T02:36:52.861+0600][85.789s][info][gc             ] GC(474) Pause Cleanup 121M->121M(629M) 0.245ms
[2026-04-03T02:36:52.861+0600][85.789s][info][gc,cpu         ] GC(474) User=0.00s Sys=0.00s Real=0.00s
[2026-04-03T02:36:52.861+0600][85.789s][info][gc,marking     ] GC(474) Concurrent Clear Claimed Marks
[2026-04-03T02:36:52.861+0600][85.789s][info][gc,marking     ] GC(474) Concurrent Clear Claimed Marks 0.334ms
[2026-04-03T02:36:52.861+0600][85.789s][info][gc,marking     ] GC(474) Concurrent Cleanup for Next Mark
[2026-04-03T02:36:52.863+0600][85.791s][info][gc,marking     ] GC(474) Concurrent Cleanup for Next Mark 1.953ms
[2026-04-03T02:36:52.863+0600][85.791s][info][gc             ] GC(474) Concurrent Mark Cycle 143.898ms
[2026-04-03T02:36:53.278+0600][86.206s][info][gc,start       ] GC(476) Pause Young (Prepare Mixed) (G1 Evacuation Pause)
[2026-04-03T02:36:53.278+0600][86.206s][info][gc,task        ] GC(476) Using 10 workers of 10 for evacuation
[2026-04-03T02:36:53.282+0600][86.210s][info][gc,phases      ] GC(476)   Pre Evacuate Collection Set: 0.42ms
[2026-04-03T02:36:53.282+0600][86.210s][info][gc,phases      ] GC(476)   Merge Heap Roots: 0.15ms
[2026-04-03T02:36:53.282+0600][86.210s][info][gc,phases      ] GC(476)   Evacuate Collection Set: 2.43ms
[2026-04-03T02:36:53.282+0600][86.210s][info][gc,phases      ] GC(476)   Post Evacuate Collection Set: 0.59ms
[2026-04-03T02:36:53.282+0600][86.210s][info][gc,phases      ] GC(476)   Other: 0.09ms
[2026-04-03T02:36:53.282+0600][86.210s][info][gc,heap        ] GC(476) Eden regions: 260->0(375)
[2026-04-03T02:36:53.282+0600][86.210s][info][gc,heap        ] GC(476) Survivor regions: 6->6(45)
[2026-04-03T02:36:53.282+0600][86.210s][info][gc,heap        ] GC(476) Old regions: 88->88
[2026-04-03T02:36:53.282+0600][86.210s][info][gc,heap        ] GC(476) Humongous regions: 275->8
[2026-04-03T02:36:53.282+0600][86.210s][info][gc,metaspace   ] GC(476) Metaspace: 131965K(133376K)->131965K(133376K) NonClass: 115392K(116096K)->115392K(116096K) Class: 16573K(17280K)->16573K(17280K)
[2026-04-03T02:36:53.282+0600][86.210s][info][gc             ] GC(476) Pause Young (Prepare Mixed) (G1 Evacuation Pause) 627M->100M(635M) 3.941ms
[2026-04-03T02:36:53.282+0600][86.210s][info][gc,cpu         ] GC(476) User=0.02s Sys=0.01s Real=0.01s
[2026-04-03T02:36:53.605+0600][86.533s][info][gc,start       ] GC(477) Pause Young (Mixed) (G1 Evacuation Pause)
[2026-04-03T02:36:53.605+0600][86.533s][info][gc,task        ] GC(477) Using 10 workers of 10 for evacuation
[2026-04-03T02:36:53.612+0600][86.540s][info][gc,phases      ] GC(477)   Pre Evacuate Collection Set: 0.35ms
[2026-04-03T02:36:53.612+0600][86.540s][info][gc,phases      ] GC(477)   Merge Heap Roots: 0.25ms
[2026-04-03T02:36:53.612+0600][86.540s][info][gc,phases      ] GC(477)   Evacuate Collection Set: 5.29ms
[2026-04-03T02:36:53.612+0600][86.540s][info][gc,phases      ] GC(477)   Post Evacuate Collection Set: 0.96ms
[2026-04-03T02:36:53.612+0600][86.540s][info][gc,phases      ] GC(477)   Other: 0.14ms
[2026-04-03T02:36:53.612+0600][86.540s][info][gc,heap        ] GC(477) Eden regions: 300->0(382)
[2026-04-03T02:36:53.612+0600][86.540s][info][gc,heap        ] GC(477) Survivor regions: 6->7(48)
[2026-04-03T02:36:53.612+0600][86.540s][info][gc,heap        ] GC(477) Old regions: 88->87
[2026-04-03T02:36:53.612+0600][86.540s][info][gc,heap        ] GC(477) Humongous regions: 247->8
[2026-04-03T02:36:53.612+0600][86.540s][info][gc,metaspace   ] GC(477) Metaspace: 131965K(133376K)->131965K(133376K) NonClass: 115392K(116096K)->115392K(116096K) Class: 16573K(17280K)->16573K(17280K)
[2026-04-03T02:36:53.612+0600][86.540s][info][gc             ] GC(477) Pause Young (Mixed) (G1 Evacuation Pause) 639M->101M(649M) 7.319ms
[2026-04-03T02:36:53.612+0600][86.540s][info][gc,cpu         ] GC(477) User=0.04s Sys=0.01s Real=0.01s
[2026-04-03T02:36:53.614+0600][86.541s][info][gc,start       ] GC(478) Pause Young (Concurrent Start) (G1 Humongous Allocation)
[2026-04-03T02:36:53.614+0600][86.541s][info][gc,task        ] GC(478) Using 10 workers of 10 for evacuation
[2026-04-03T02:36:53.617+0600][86.545s][info][gc,phases      ] GC(478)   Pre Evacuate Collection Set: 0.40ms
[2026-04-03T02:36:53.617+0600][86.545s][info][gc,phases      ] GC(478)   Merge Heap Roots: 0.10ms
[2026-04-03T02:36:53.617+0600][86.545s][info][gc,phases      ] GC(478)   Evacuate Collection Set: 2.22ms
[2026-04-03T02:36:53.617+0600][86.545s][info][gc,phases      ] GC(478)   Post Evacuate Collection Set: 0.53ms
[2026-04-03T02:36:53.617+0600][86.545s][info][gc,phases      ] GC(478)   Other: 0.11ms
[2026-04-03T02:36:53.617+0600][86.545s][info][gc,heap        ] GC(478) Eden regions: 4->0(382)
[2026-04-03T02:36:53.617+0600][86.545s][info][gc,heap        ] GC(478) Survivor regions: 7->7(49)
[2026-04-03T02:36:53.617+0600][86.545s][info][gc,heap        ] GC(478) Old regions: 87->88
[2026-04-03T02:36:53.617+0600][86.545s][info][gc,heap        ] GC(478) Humongous regions: 8->8
[2026-04-03T02:36:53.617+0600][86.545s][info][gc,metaspace   ] GC(478) Metaspace: 131965K(133376K)->131965K(133376K) NonClass: 115392K(116096K)->115392K(116096K) Class: 16573K(17280K)->16573K(17280K)
[2026-04-03T02:36:53.617+0600][86.545s][info][gc             ] GC(478) Pause Young (Concurrent Start) (G1 Humongous Allocation) 104M->101M(649M) 3.598ms
[2026-04-03T02:36:53.617+0600][86.545s][info][gc             ] GC(479) Concurrent Mark Cycle
[2026-04-03T02:36:53.617+0600][86.545s][info][gc,marking     ] GC(479) Concurrent Scan Root Regions
[2026-04-03T02:36:53.617+0600][86.545s][info][gc,cpu         ] GC(478) User=0.02s Sys=0.00s Real=0.00s
[2026-04-03T02:36:53.620+0600][86.548s][info][gc,marking     ] GC(479) Concurrent Scan Root Regions 2.654ms
[2026-04-03T02:36:53.620+0600][86.548s][info][gc,marking     ] GC(479) Concurrent Mark
[2026-04-03T02:36:53.620+0600][86.548s][info][gc,marking     ] GC(479) Concurrent Mark From Roots
[2026-04-03T02:36:53.620+0600][86.548s][info][gc,task        ] GC(479) Using 3 workers of 3 for marking
[2026-04-03T02:36:53.709+0600][86.637s][info][gc,marking     ] GC(479) Concurrent Mark From Roots 88.565ms
[2026-04-03T02:36:53.709+0600][86.637s][info][gc,marking     ] GC(479) Concurrent Preclean
[2026-04-03T02:36:53.709+0600][86.637s][info][gc,marking     ] GC(479) Concurrent Preclean 0.658ms
[2026-04-03T02:36:53.710+0600][86.638s][info][gc,start       ] GC(479) Pause Remark
[2026-04-03T02:36:53.718+0600][86.646s][info][gc             ] GC(479) Pause Remark 215M->215M(527M) 8.501ms
[2026-04-03T02:36:53.718+0600][86.646s][info][gc,cpu         ] GC(479) User=0.06s Sys=0.00s Real=0.00s
[2026-04-03T02:36:53.719+0600][86.646s][info][gc,marking     ] GC(479) Concurrent Mark 98.567ms
[2026-04-03T02:36:53.719+0600][86.647s][info][gc,marking     ] GC(479) Concurrent Rebuild Remembered Sets and Scrub Regions
[2026-04-03T02:36:53.756+0600][86.683s][info][gc,marking     ] GC(479) Concurrent Rebuild Remembered Sets and Scrub Regions 36.880ms
[2026-04-03T02:36:53.756+0600][86.684s][info][gc,start       ] GC(479) Pause Cleanup
[2026-04-03T02:36:53.756+0600][86.684s][info][gc             ] GC(479) Pause Cleanup 259M->259M(527M) 0.511ms
[2026-04-03T02:36:53.757+0600][86.684s][info][gc,cpu         ] GC(479) User=0.00s Sys=0.00s Real=0.00s
[2026-04-03T02:36:53.757+0600][86.685s][info][gc,marking     ] GC(479) Concurrent Clear Claimed Marks
[2026-04-03T02:36:53.757+0600][86.685s][info][gc,marking     ] GC(479) Concurrent Clear Claimed Marks 0.423ms
[2026-04-03T02:36:53.757+0600][86.685s][info][gc,marking     ] GC(479) Concurrent Cleanup for Next Mark
[2026-04-03T02:36:53.758+0600][86.686s][info][gc,marking     ] GC(479) Concurrent Cleanup for Next Mark 0.768ms
[2026-04-03T02:36:53.758+0600][86.686s][info][gc             ] GC(479) Concurrent Mark Cycle 140.859ms
[2026-04-03T02:36:53.939+0600][86.866s][info][gc,start       ] GC(480) Pause Young (Prepare Mixed) (G1 Evacuation Pause)
[2026-04-03T02:36:53.939+0600][86.867s][info][gc,task        ] GC(480) Using 10 workers of 10 for evacuation
[2026-04-03T02:36:53.946+0600][86.873s][info][gc,phases      ] GC(480)   Pre Evacuate Collection Set: 0.43ms
[2026-04-03T02:36:53.946+0600][86.873s][info][gc,phases      ] GC(480)   Merge Heap Roots: 0.29ms
[2026-04-03T02:36:53.946+0600][86.873s][info][gc,phases      ] GC(480)   Evacuate Collection Set: 5.02ms
[2026-04-03T02:36:53.946+0600][86.873s][info][gc,phases      ] GC(480)   Post Evacuate Collection Set: 0.84ms
[2026-04-03T02:36:53.946+0600][86.873s][info][gc,phases      ] GC(480)   Other: 0.17ms
[2026-04-03T02:36:53.946+0600][86.873s][info][gc,heap        ] GC(480) Eden regions: 243->0(313)
[2026-04-03T02:36:53.946+0600][86.874s][info][gc,heap        ] GC(480) Survivor regions: 7->8(40)
[2026-04-03T02:36:53.946+0600][86.874s][info][gc,heap        ] GC(480) Old regions: 88->89
[2026-04-03T02:36:53.946+0600][86.874s][info][gc,heap        ] GC(480) Humongous regions: 189->8
[2026-04-03T02:36:53.946+0600][86.874s][info][gc,metaspace   ] GC(480) Metaspace: 131965K(133376K)->131965K(133376K) NonClass: 115392K(116096K)->115392K(116096K) Class: 16573K(17280K)->16573K(17280K)
[2026-04-03T02:36:53.946+0600][86.874s][info][gc             ] GC(480) Pause Young (Prepare Mixed) (G1 Evacuation Pause) 525M->102M(536M) 7.096ms
[2026-04-03T02:36:53.946+0600][86.874s][info][gc,cpu         ] GC(480) User=0.04s Sys=0.01s Real=0.01s
[2026-04-03T02:36:54.279+0600][87.206s][info][gc,start       ] GC(481) Pause Young (Mixed) (G1 Evacuation Pause)
[2026-04-03T02:36:54.279+0600][87.206s][info][gc,task        ] GC(481) Using 10 workers of 10 for evacuation
[2026-04-03T02:36:54.284+0600][87.212s][info][gc,phases      ] GC(481)   Pre Evacuate Collection Set: 0.58ms
[2026-04-03T02:36:54.284+0600][87.212s][info][gc,phases      ] GC(481)   Merge Heap Roots: 0.31ms
[2026-04-03T02:36:54.284+0600][87.212s][info][gc,phases      ] GC(481)   Evacuate Collection Set: 3.45ms
[2026-04-03T02:36:54.284+0600][87.212s][info][gc,phases      ] GC(481)   Post Evacuate Collection Set: 0.75ms
[2026-04-03T02:36:54.284+0600][87.212s][info][gc,phases      ] GC(481)   Other: 0.15ms
[2026-04-03T02:36:54.284+0600][87.212s][info][gc,heap        ] GC(481) Eden regions: 313->0(315)
[2026-04-03T02:36:54.284+0600][87.212s][info][gc,heap        ] GC(481) Survivor regions: 8->8(41)
[2026-04-03T02:36:54.284+0600][87.212s][info][gc,heap        ] GC(481) Old regions: 89->88
[2026-04-03T02:36:54.284+0600][87.212s][info][gc,heap        ] GC(481) Humongous regions: 120->8
[2026-04-03T02:36:54.284+0600][87.212s][info][gc,metaspace   ] GC(481) Metaspace: 131966K(133376K)->131966K(133376K) NonClass: 115393K(116096K)->115393K(116096K) Class: 16573K(17280K)->16573K(17280K)
[2026-04-03T02:36:54.284+0600][87.212s][info][gc             ] GC(481) Pause Young (Mixed) (G1 Evacuation Pause) 527M->102M(539M) 5.539ms
[2026-04-03T02:36:54.284+0600][87.212s][info][gc,cpu         ] GC(481) User=0.03s Sys=0.01s Real=0.01s
[2026-04-03T02:36:54.291+0600][87.219s][info][gc,start       ] GC(482) Pause Young (Concurrent Start) (G1 Humongous Allocation)
[2026-04-03T02:36:54.291+0600][87.219s][info][gc,task        ] GC(482) Using 10 workers of 10 for evacuation
[2026-04-03T02:36:54.296+0600][87.224s][info][gc,phases      ] GC(482)   Pre Evacuate Collection Set: 0.59ms
[2026-04-03T02:36:54.296+0600][87.224s][info][gc,phases      ] GC(482)   Merge Heap Roots: 0.18ms
[2026-04-03T02:36:54.296+0600][87.224s][info][gc,phases      ] GC(482)   Evacuate Collection Set: 2.67ms
[2026-04-03T02:36:54.296+0600][87.224s][info][gc,phases      ] GC(482)   Post Evacuate Collection Set: 0.62ms
[2026-04-03T02:36:54.296+0600][87.224s][info][gc,phases      ] GC(482)   Other: 0.20ms
[2026-04-03T02:36:54.296+0600][87.224s][info][gc,heap        ] GC(482) Eden regions: 10->0(315)
[2026-04-03T02:36:54.296+0600][87.224s][info][gc,heap        ] GC(482) Survivor regions: 8->8(41)
[2026-04-03T02:36:54.296+0600][87.224s][info][gc,heap        ] GC(482) Old regions: 88->88
[2026-04-03T02:36:54.296+0600][87.224s][info][gc,heap        ] GC(482) Humongous regions: 8->8
[2026-04-03T02:36:54.296+0600][87.224s][info][gc,metaspace   ] GC(482) Metaspace: 131966K(133376K)->131966K(133376K) NonClass: 115393K(116096K)->115393K(116096K) Class: 16573K(17280K)->16573K(17280K)
[2026-04-03T02:36:54.296+0600][87.224s][info][gc             ] GC(482) Pause Young (Concurrent Start) (G1 Humongous Allocation) 112M->102M(539M) 4.534ms
[2026-04-03T02:36:54.296+0600][87.224s][info][gc,cpu         ] GC(482) User=0.03s Sys=0.00s Real=0.00s
[2026-04-03T02:36:54.296+0600][87.224s][info][gc             ] GC(483) Concurrent Mark Cycle
[2026-04-03T02:36:54.296+0600][87.224s][info][gc,marking     ] GC(483) Concurrent Scan Root Regions
[2026-04-03T02:36:54.298+0600][87.226s][info][gc,marking     ] GC(483) Concurrent Scan Root Regions 2.202ms
[2026-04-03T02:36:54.298+0600][87.226s][info][gc,marking     ] GC(483) Concurrent Mark
[2026-04-03T02:36:54.298+0600][87.226s][info][gc,marking     ] GC(483) Concurrent Mark From Roots
[2026-04-03T02:36:54.298+0600][87.226s][info][gc,task        ] GC(483) Using 3 workers of 3 for marking
[2026-04-03T02:36:54.367+0600][87.295s][info][gc,marking     ] GC(483) Concurrent Mark From Roots 68.862ms
[2026-04-03T02:36:54.367+0600][87.295s][info][gc,marking     ] GC(483) Concurrent Preclean
[2026-04-03T02:36:54.368+0600][87.295s][info][gc,marking     ] GC(483) Concurrent Preclean 0.318ms
[2026-04-03T02:36:54.368+0600][87.296s][info][gc,start       ] GC(483) Pause Remark
[2026-04-03T02:36:54.377+0600][87.305s][info][gc             ] GC(483) Pause Remark 161M->161M(437M) 8.731ms
[2026-04-03T02:36:54.377+0600][87.305s][info][gc,cpu         ] GC(483) User=0.07s Sys=0.00s Real=0.01s
[2026-04-03T02:36:54.377+0600][87.305s][info][gc,marking     ] GC(483) Concurrent Mark 78.901ms
[2026-04-03T02:36:54.377+0600][87.305s][info][gc,marking     ] GC(483) Concurrent Rebuild Remembered Sets and Scrub Regions
[2026-04-03T02:36:54.409+0600][87.337s][info][gc,marking     ] GC(483) Concurrent Rebuild Remembered Sets and Scrub Regions 31.690ms
[2026-04-03T02:36:54.409+0600][87.337s][info][gc,start       ] GC(483) Pause Cleanup
[2026-04-03T02:36:54.410+0600][87.338s][info][gc             ] GC(483) Pause Cleanup 190M->190M(437M) 0.329ms
[2026-04-03T02:36:54.410+0600][87.338s][info][gc,cpu         ] GC(483) User=0.00s Sys=0.00s Real=0.01s
[2026-04-03T02:36:54.410+0600][87.338s][info][gc,marking     ] GC(483) Concurrent Clear Claimed Marks
[2026-04-03T02:36:54.410+0600][87.338s][info][gc,marking     ] GC(483) Concurrent Clear Claimed Marks 0.419ms
[2026-04-03T02:36:54.411+0600][87.338s][info][gc,marking     ] GC(483) Concurrent Cleanup for Next Mark
[2026-04-03T02:36:54.411+0600][87.339s][info][gc,marking     ] GC(483) Concurrent Cleanup for Next Mark 0.691ms
[2026-04-03T02:36:54.411+0600][87.339s][info][gc             ] GC(483) Concurrent Mark Cycle 115.284ms
[2026-04-03T02:36:54.589+0600][87.517s][info][gc,start       ] GC(484) Pause Young (Prepare Mixed) (G1 Evacuation Pause)
[2026-04-03T02:36:54.589+0600][87.517s][info][gc,task        ] GC(484) Using 10 workers of 10 for evacuation
[2026-04-03T02:36:54.596+0600][87.524s][info][gc,phases      ] GC(484)   Pre Evacuate Collection Set: 0.40ms
[2026-04-03T02:36:54.596+0600][87.524s][info][gc,phases      ] GC(484)   Merge Heap Roots: 0.24ms
[2026-04-03T02:36:54.596+0600][87.524s][info][gc,phases      ] GC(484)   Evacuate Collection Set: 5.02ms
[2026-04-03T02:36:54.596+0600][87.524s][info][gc,phases      ] GC(484)   Post Evacuate Collection Set: 0.76ms
[2026-04-03T02:36:54.596+0600][87.524s][info][gc,phases      ] GC(484)   Other: 0.13ms
[2026-04-03T02:36:54.596+0600][87.524s][info][gc,heap        ] GC(484) Eden regions: 251->0(258)
[2026-04-03T02:36:54.596+0600][87.524s][info][gc,heap        ] GC(484) Survivor regions: 8->9(33)
[2026-04-03T02:36:54.596+0600][87.524s][info][gc,heap        ] GC(484) Old regions: 88->88
[2026-04-03T02:36:54.596+0600][87.524s][info][gc,heap        ] GC(484) Humongous regions: 90->8
[2026-04-03T02:36:54.596+0600][87.524s][info][gc,metaspace   ] GC(484) Metaspace: 131966K(133376K)->131966K(133376K) NonClass: 115393K(116096K)->115393K(116096K) Class: 16573K(17280K)->16573K(17280K)
[2026-04-03T02:36:54.596+0600][87.524s][info][gc             ] GC(484) Pause Young (Prepare Mixed) (G1 Evacuation Pause) 435M->103M(446M) 6.870ms
[2026-04-03T02:36:54.596+0600][87.524s][info][gc,cpu         ] GC(484) User=0.04s Sys=0.01s Real=0.01s
[2026-04-03T02:36:55.479+0600][88.407s][info][gc,heap,exit   ] Heap
[2026-04-03T02:36:55.479+0600][88.407s][info][gc,heap,exit   ]  garbage-first heap   total 456704K, used 430241K [0x00000000a2400000, 0x0000000100000000)
[2026-04-03T02:36:55.479+0600][88.407s][info][gc,heap,exit   ]   region size 1024K, 194 young (198656K), 9 survivors (9216K)
[2026-04-03T02:36:55.479+0600][88.407s][info][gc,heap,exit   ]  Metaspace       used 132462K, committed 133888K, reserved 1179648K
[2026-04-03T02:36:55.479+0600][88.407s][info][gc,heap,exit   ]   class space    used 16667K, committed 17344K, reserved 1048576K
