[2026-04-03T02:29:01.974+0600][0.004s][info][gc,init] CardTable entry size: 512
[2026-04-03T02:29:01.974+0600][0.005s][info][gc     ] Using G1
[2026-04-03T02:29:01.978+0600][0.009s][info][gc,init] Version: 21.0.10+7-Ubuntu-124.04 (release)
[2026-04-03T02:29:01.978+0600][0.009s][info][gc,init] CPUs: 12 total, 12 available
[2026-04-03T02:29:01.978+0600][0.009s][info][gc,init] Memory: 15683M
[2026-04-03T02:29:01.978+0600][0.009s][info][gc,init] Large Page Support: Disabled
[2026-04-03T02:29:01.978+0600][0.009s][info][gc,init] NUMA Support: Disabled
[2026-04-03T02:29:01.978+0600][0.009s][info][gc,init] Compressed Oops: Enabled (32-bit)
[2026-04-03T02:29:01.978+0600][0.009s][info][gc,init] Heap Region Size: 1M
[2026-04-03T02:29:01.978+0600][0.009s][info][gc,init] Heap Min Capacity: 8M
[2026-04-03T02:29:01.978+0600][0.009s][info][gc,init] Heap Initial Capacity: 246M
[2026-04-03T02:29:01.978+0600][0.009s][info][gc,init] Heap Max Capacity: 1250M
[2026-04-03T02:29:01.978+0600][0.009s][info][gc,init] Pre-touch: Disabled
[2026-04-03T02:29:01.978+0600][0.009s][info][gc,init] Parallel Workers: 10
[2026-04-03T02:29:01.978+0600][0.009s][info][gc,init] Concurrent Workers: 3
[2026-04-03T02:29:01.978+0600][0.009s][info][gc,init] Concurrent Refinement Workers: 10
[2026-04-03T02:29:01.978+0600][0.009s][info][gc,init] Periodic GC: Disabled
[2026-04-03T02:29:01.989+0600][0.019s][info][gc,metaspace] CDS archive(s) mapped at: [0x00007511db000000-0x00007511dbc9c000-0x00007511dbc9c000), size 13221888, SharedBaseAddress: 0x00007511db000000, ArchiveRelocationMode: 1.
[2026-04-03T02:29:01.989+0600][0.019s][info][gc,metaspace] Compressed class space mapped at: 0x00007511dc000000-0x000075121c000000, reserved size: 1073741824
[2026-04-03T02:29:01.989+0600][0.019s][info][gc,metaspace] Narrow klass base: 0x00007511db000000, Narrow klass shift: 0, Narrow klass range: 0x100000000
[2026-04-03T02:29:02.343+0600][0.373s][info][gc,start    ] GC(0) Pause Young (Normal) (G1 Evacuation Pause)
[2026-04-03T02:29:02.344+0600][0.374s][info][gc,task     ] GC(0) Using 5 workers of 10 for evacuation
[2026-04-03T02:29:02.346+0600][0.377s][info][gc,phases   ] GC(0)   Pre Evacuate Collection Set: 0.18ms
[2026-04-03T02:29:02.346+0600][0.377s][info][gc,phases   ] GC(0)   Merge Heap Roots: 0.10ms
[2026-04-03T02:29:02.346+0600][0.377s][info][gc,phases   ] GC(0)   Evacuate Collection Set: 1.92ms
[2026-04-03T02:29:02.346+0600][0.377s][info][gc,phases   ] GC(0)   Post Evacuate Collection Set: 0.32ms
[2026-04-03T02:29:02.346+0600][0.377s][info][gc,phases   ] GC(0)   Other: 0.74ms
[2026-04-03T02:29:02.346+0600][0.377s][info][gc,heap     ] GC(0) Eden regions: 23->0(46)
[2026-04-03T02:29:02.346+0600][0.377s][info][gc,heap     ] GC(0) Survivor regions: 0->3(3)
[2026-04-03T02:29:02.346+0600][0.377s][info][gc,heap     ] GC(0) Old regions: 2->2
[2026-04-03T02:29:02.346+0600][0.377s][info][gc,heap     ] GC(0) Humongous regions: 0->0
[2026-04-03T02:29:02.346+0600][0.377s][info][gc,metaspace] GC(0) Metaspace: 2596K(2752K)->2596K(2752K) NonClass: 2363K(2432K)->2363K(2432K) Class: 233K(320K)->233K(320K)
[2026-04-03T02:29:02.346+0600][0.377s][info][gc          ] GC(0) Pause Young (Normal) (G1 Evacuation Pause) 24M->3M(248M) 3.564ms
[2026-04-03T02:29:02.346+0600][0.377s][info][gc,cpu      ] GC(0) User=0.01s Sys=0.00s Real=0.00s
[2026-04-03T02:29:02.486+0600][0.516s][info][gc,start    ] GC(1) Pause Young (Normal) (G1 Evacuation Pause)
[2026-04-03T02:29:02.486+0600][0.516s][info][gc,task     ] GC(1) Using 5 workers of 10 for evacuation
[2026-04-03T02:29:02.488+0600][0.519s][info][gc,phases   ] GC(1)   Pre Evacuate Collection Set: 0.26ms
[2026-04-03T02:29:02.488+0600][0.519s][info][gc,phases   ] GC(1)   Merge Heap Roots: 0.05ms
[2026-04-03T02:29:02.488+0600][0.519s][info][gc,phases   ] GC(1)   Evacuate Collection Set: 1.68ms
[2026-04-03T02:29:02.488+0600][0.519s][info][gc,phases   ] GC(1)   Post Evacuate Collection Set: 0.39ms
[2026-04-03T02:29:02.488+0600][0.519s][info][gc,phases   ] GC(1)   Other: 0.09ms
[2026-04-03T02:29:02.488+0600][0.519s][info][gc,heap     ] GC(1) Eden regions: 46->0(144)
[2026-04-03T02:29:02.488+0600][0.519s][info][gc,heap     ] GC(1) Survivor regions: 3->3(7)
[2026-04-03T02:29:02.488+0600][0.519s][info][gc,heap     ] GC(1) Old regions: 2->2
[2026-04-03T02:29:02.488+0600][0.519s][info][gc,heap     ] GC(1) Humongous regions: 0->0
[2026-04-03T02:29:02.488+0600][0.519s][info][gc,metaspace] GC(1) Metaspace: 3955K(4096K)->3955K(4096K) NonClass: 3506K(3584K)->3506K(3584K) Class: 448K(512K)->448K(512K)
[2026-04-03T02:29:02.488+0600][0.519s][info][gc          ] GC(1) Pause Young (Normal) (G1 Evacuation Pause) 49M->3M(248M) 2.705ms
[2026-04-03T02:29:02.488+0600][0.519s][info][gc,cpu      ] GC(1) User=0.01s Sys=0.00s Real=0.00s
[2026-04-03T02:29:03.026+0600][1.056s][info][gc,start    ] GC(2) Pause Young (Normal) (G1 Evacuation Pause)
[2026-04-03T02:29:03.026+0600][1.057s][info][gc,task     ] GC(2) Using 5 workers of 10 for evacuation
[2026-04-03T02:29:03.029+0600][1.060s][info][gc,phases   ] GC(2)   Pre Evacuate Collection Set: 0.29ms
[2026-04-03T02:29:03.029+0600][1.060s][info][gc,phases   ] GC(2)   Merge Heap Roots: 0.07ms
[2026-04-03T02:29:03.029+0600][1.060s][info][gc,phases   ] GC(2)   Evacuate Collection Set: 2.28ms
[2026-04-03T02:29:03.029+0600][1.060s][info][gc,phases   ] GC(2)   Post Evacuate Collection Set: 0.55ms
[2026-04-03T02:29:03.029+0600][1.060s][info][gc,phases   ] GC(2)   Other: 0.09ms
[2026-04-03T02:29:03.029+0600][1.060s][info][gc,heap     ] GC(2) Eden regions: 144->0(143)
[2026-04-03T02:29:03.029+0600][1.060s][info][gc,heap     ] GC(2) Survivor regions: 3->4(19)
[2026-04-03T02:29:03.029+0600][1.060s][info][gc,heap     ] GC(2) Old regions: 2->2
[2026-04-03T02:29:03.029+0600][1.060s][info][gc,heap     ] GC(2) Humongous regions: 0->0
[2026-04-03T02:29:03.030+0600][1.060s][info][gc,metaspace] GC(2) Metaspace: 10136K(10368K)->10136K(10368K) NonClass: 8872K(9024K)->8872K(9024K) Class: 1264K(1344K)->1264K(1344K)
[2026-04-03T02:29:03.030+0600][1.060s][info][gc          ] GC(2) Pause Young (Normal) (G1 Evacuation Pause) 147M->4M(248M) 3.536ms
[2026-04-03T02:29:03.030+0600][1.060s][info][gc,cpu      ] GC(2) User=0.01s Sys=0.00s Real=0.00s
[2026-04-03T02:29:05.669+0600][3.700s][info][gc,start    ] GC(3) Pause Young (Normal) (G1 Evacuation Pause)
[2026-04-03T02:29:05.669+0600][3.700s][info][gc,task     ] GC(3) Using 5 workers of 10 for evacuation
[2026-04-03T02:29:05.676+0600][3.707s][info][gc,phases   ] GC(3)   Pre Evacuate Collection Set: 0.21ms
[2026-04-03T02:29:05.676+0600][3.707s][info][gc,phases   ] GC(3)   Merge Heap Roots: 0.12ms
[2026-04-03T02:29:05.676+0600][3.707s][info][gc,phases   ] GC(3)   Evacuate Collection Set: 4.93ms
[2026-04-03T02:29:05.676+0600][3.707s][info][gc,phases   ] GC(3)   Post Evacuate Collection Set: 1.46ms
[2026-04-03T02:29:05.676+0600][3.707s][info][gc,phases   ] GC(3)   Other: 0.09ms
[2026-04-03T02:29:05.676+0600][3.707s][info][gc,heap     ] GC(3) Eden regions: 143->0(134)
[2026-04-03T02:29:05.676+0600][3.707s][info][gc,heap     ] GC(3) Survivor regions: 4->13(19)
[2026-04-03T02:29:05.676+0600][3.707s][info][gc,heap     ] GC(3) Old regions: 2->2
[2026-04-03T02:29:05.676+0600][3.707s][info][gc,heap     ] GC(3) Humongous regions: 7->7
[2026-04-03T02:29:05.676+0600][3.707s][info][gc,metaspace] GC(3) Metaspace: 18961K(19264K)->18961K(19264K) NonClass: 16551K(16704K)->16551K(16704K) Class: 2410K(2560K)->2410K(2560K)
[2026-04-03T02:29:05.676+0600][3.707s][info][gc          ] GC(3) Pause Young (Normal) (G1 Evacuation Pause) 154M->20M(248M) 7.080ms
[2026-04-03T02:29:05.676+0600][3.707s][info][gc,cpu      ] GC(3) User=0.02s Sys=0.01s Real=0.01s
[2026-04-03T02:29:05.848+0600][3.879s][info][gc,start    ] GC(4) Pause Young (Concurrent Start) (Metadata GC Threshold)
[2026-04-03T02:29:05.848+0600][3.879s][info][gc,task     ] GC(4) Using 5 workers of 10 for evacuation
[2026-04-03T02:29:05.854+0600][3.884s][info][gc,phases   ] GC(4)   Pre Evacuate Collection Set: 0.30ms
[2026-04-03T02:29:05.854+0600][3.884s][info][gc,phases   ] GC(4)   Merge Heap Roots: 0.05ms
[2026-04-03T02:29:05.854+0600][3.884s][info][gc,phases   ] GC(4)   Evacuate Collection Set: 4.05ms
[2026-04-03T02:29:05.854+0600][3.884s][info][gc,phases   ] GC(4)   Post Evacuate Collection Set: 0.89ms
[2026-04-03T02:29:05.854+0600][3.884s][info][gc,phases   ] GC(4)   Other: 0.10ms
[2026-04-03T02:29:05.854+0600][3.884s][info][gc,heap     ] GC(4) Eden regions: 6->0(136)
[2026-04-03T02:29:05.854+0600][3.884s][info][gc,heap     ] GC(4) Survivor regions: 13->11(19)
[2026-04-03T02:29:05.854+0600][3.884s][info][gc,heap     ] GC(4) Old regions: 2->6
[2026-04-03T02:29:05.854+0600][3.884s][info][gc,heap     ] GC(4) Humongous regions: 7->7
[2026-04-03T02:29:05.854+0600][3.884s][info][gc,metaspace] GC(4) Metaspace: 21212K(21504K)->21212K(21504K) NonClass: 18580K(18688K)->18580K(18688K) Class: 2632K(2816K)->2632K(2816K)
[2026-04-03T02:29:05.854+0600][3.884s][info][gc          ] GC(4) Pause Young (Concurrent Start) (Metadata GC Threshold) 26M->21M(248M) 5.698ms
[2026-04-03T02:29:05.854+0600][3.884s][info][gc,cpu      ] GC(4) User=0.02s Sys=0.01s Real=0.01s
[2026-04-03T02:29:05.854+0600][3.884s][info][gc          ] GC(5) Concurrent Mark Cycle
[2026-04-03T02:29:05.854+0600][3.884s][info][gc,marking  ] GC(5) Concurrent Scan Root Regions
[2026-04-03T02:29:05.856+0600][3.887s][info][gc,marking  ] GC(5) Concurrent Scan Root Regions 2.589ms
[2026-04-03T02:29:05.856+0600][3.887s][info][gc,marking  ] GC(5) Concurrent Mark
[2026-04-03T02:29:05.857+0600][3.887s][info][gc,marking  ] GC(5) Concurrent Mark From Roots
[2026-04-03T02:29:05.857+0600][3.887s][info][gc,task     ] GC(5) Using 3 workers of 3 for marking
[2026-04-03T02:29:05.859+0600][3.890s][info][gc,marking  ] GC(5) Concurrent Mark From Roots 2.660ms
[2026-04-03T02:29:05.859+0600][3.890s][info][gc,marking  ] GC(5) Concurrent Preclean
[2026-04-03T02:29:05.859+0600][3.890s][info][gc,marking  ] GC(5) Concurrent Preclean 0.017ms
[2026-04-03T02:29:05.859+0600][3.890s][info][gc,start    ] GC(5) Pause Remark
[2026-04-03T02:29:05.863+0600][3.893s][info][gc          ] GC(5) Pause Remark 22M->22M(80M) 3.221ms
[2026-04-03T02:29:05.863+0600][3.893s][info][gc,cpu      ] GC(5) User=0.01s Sys=0.00s Real=0.01s
[2026-04-03T02:29:05.863+0600][3.893s][info][gc,marking  ] GC(5) Concurrent Mark 6.292ms
[2026-04-03T02:29:05.863+0600][3.893s][info][gc,marking  ] GC(5) Concurrent Rebuild Remembered Sets and Scrub Regions
[2026-04-03T02:29:05.864+0600][3.895s][info][gc,marking  ] GC(5) Concurrent Rebuild Remembered Sets and Scrub Regions 1.551ms
[2026-04-03T02:29:05.874+0600][3.904s][info][gc,start    ] GC(5) Pause Cleanup
[2026-04-03T02:29:05.874+0600][3.905s][info][gc          ] GC(5) Pause Cleanup 22M->22M(80M) 0.248ms
[2026-04-03T02:29:05.874+0600][3.905s][info][gc,cpu      ] GC(5) User=0.00s Sys=0.00s Real=0.00s
[2026-04-03T02:29:05.874+0600][3.905s][info][gc,marking  ] GC(5) Concurrent Clear Claimed Marks
[2026-04-03T02:29:05.874+0600][3.905s][info][gc,marking  ] GC(5) Concurrent Clear Claimed Marks 0.044ms
[2026-04-03T02:29:05.874+0600][3.905s][info][gc,marking  ] GC(5) Concurrent Cleanup for Next Mark
[2026-04-03T02:29:05.875+0600][3.906s][info][gc,marking  ] GC(5) Concurrent Cleanup for Next Mark 0.813ms
[2026-04-03T02:29:05.875+0600][3.906s][info][gc          ] GC(5) Concurrent Mark Cycle 21.422ms
[2026-04-03T02:29:07.180+0600][5.211s][info][gc,start    ] GC(6) Pause Young (Prepare Mixed) (G1 Evacuation Pause)
[2026-04-03T02:29:07.180+0600][5.211s][info][gc,task     ] GC(6) Using 3 workers of 10 for evacuation
[2026-04-03T02:29:07.189+0600][5.219s][info][gc,phases   ] GC(6)   Pre Evacuate Collection Set: 0.27ms
[2026-04-03T02:29:07.189+0600][5.219s][info][gc,phases   ] GC(6)   Merge Heap Roots: 0.07ms
[2026-04-03T02:29:07.189+0600][5.219s][info][gc,phases   ] GC(6)   Evacuate Collection Set: 6.94ms
[2026-04-03T02:29:07.189+0600][5.219s][info][gc,phases   ] GC(6)   Post Evacuate Collection Set: 1.03ms
[2026-04-03T02:29:07.189+0600][5.219s][info][gc,phases   ] GC(6)   Other: 0.06ms
[2026-04-03T02:29:07.189+0600][5.219s][info][gc,heap     ] GC(6) Eden regions: 54->0(56)
[2026-04-03T02:29:07.189+0600][5.219s][info][gc,heap     ] GC(6) Survivor regions: 11->3(19)
[2026-04-03T02:29:07.189+0600][5.219s][info][gc,heap     ] GC(6) Old regions: 6->16
[2026-04-03T02:29:07.189+0600][5.219s][info][gc,heap     ] GC(6) Humongous regions: 15->9
[2026-04-03T02:29:07.189+0600][5.219s][info][gc,metaspace] GC(6) Metaspace: 28625K(28928K)->28625K(28928K) NonClass: 25063K(25216K)->25063K(25216K) Class: 3562K(3712K)->3562K(3712K)
[2026-04-03T02:29:07.189+0600][5.219s][info][gc          ] GC(6) Pause Young (Prepare Mixed) (G1 Evacuation Pause) 83M->25M(99M) 8.593ms
[2026-04-03T02:29:07.189+0600][5.219s][info][gc,cpu      ] GC(6) User=0.01s Sys=0.00s Real=0.00s
[2026-04-03T02:29:08.679+0600][6.709s][info][gc,start    ] GC(7) Pause Young (Mixed) (Metadata GC Threshold)
[2026-04-03T02:29:08.679+0600][6.710s][info][gc,task     ] GC(7) Using 2 workers of 10 for evacuation
[2026-04-03T02:29:08.687+0600][6.718s][info][gc,phases   ] GC(7)   Pre Evacuate Collection Set: 0.33ms
[2026-04-03T02:29:08.687+0600][6.718s][info][gc,phases   ] GC(7)   Merge Heap Roots: 0.13ms
[2026-04-03T02:29:08.688+0600][6.718s][info][gc,phases   ] GC(7)   Evacuate Collection Set: 6.97ms
[2026-04-03T02:29:08.688+0600][6.718s][info][gc,phases   ] GC(7)   Post Evacuate Collection Set: 0.77ms
[2026-04-03T02:29:08.688+0600][6.718s][info][gc,phases   ] GC(7)   Other: 0.10ms
[2026-04-03T02:29:08.688+0600][6.718s][info][gc,heap     ] GC(7) Eden regions: 52->0(54)
[2026-04-03T02:29:08.688+0600][6.718s][info][gc,heap     ] GC(7) Survivor regions: 3->5(8)
[2026-04-03T02:29:08.688+0600][6.718s][info][gc,heap     ] GC(7) Old regions: 16->16
[2026-04-03T02:29:08.688+0600][6.718s][info][gc,heap     ] GC(7) Humongous regions: 21->7
[2026-04-03T02:29:08.688+0600][6.718s][info][gc,metaspace] GC(7) Metaspace: 35822K(36160K)->35822K(36160K) NonClass: 31364K(31552K)->31364K(31552K) Class: 4457K(4608K)->4457K(4608K)
[2026-04-03T02:29:08.688+0600][6.718s][info][gc          ] GC(7) Pause Young (Mixed) (Metadata GC Threshold) 89M->26M(99M) 8.582ms
[2026-04-03T02:29:08.688+0600][6.718s][info][gc,cpu      ] GC(7) User=0.02s Sys=0.00s Real=0.01s
[2026-04-03T02:29:08.710+0600][6.741s][info][gc,start    ] GC(8) Pause Young (Concurrent Start) (Metadata GC Threshold)
[2026-04-03T02:29:08.710+0600][6.741s][info][gc,task     ] GC(8) Using 2 workers of 10 for evacuation
[2026-04-03T02:29:08.717+0600][6.748s][info][gc,phases   ] GC(8)   Pre Evacuate Collection Set: 0.19ms
[2026-04-03T02:29:08.718+0600][6.748s][info][gc,phases   ] GC(8)   Merge Heap Roots: 0.11ms
[2026-04-03T02:29:08.718+0600][6.748s][info][gc,phases   ] GC(8)   Evacuate Collection Set: 6.04ms
[2026-04-03T02:29:08.718+0600][6.748s][info][gc,phases   ] GC(8)   Post Evacuate Collection Set: 0.49ms
[2026-04-03T02:29:08.718+0600][6.748s][info][gc,phases   ] GC(8)   Other: 0.24ms
[2026-04-03T02:29:08.718+0600][6.748s][info][gc,heap     ] GC(8) Eden regions: 4->0(55)
[2026-04-03T02:29:08.718+0600][6.748s][info][gc,heap     ] GC(8) Survivor regions: 5->4(8)
[2026-04-03T02:29:08.718+0600][6.748s][info][gc,heap     ] GC(8) Old regions: 16->17
[2026-04-03T02:29:08.718+0600][6.748s][info][gc,heap     ] GC(8) Humongous regions: 7->7
[2026-04-03T02:29:08.718+0600][6.748s][info][gc,metaspace] GC(8) Metaspace: 36117K(36480K)->36117K(36480K) NonClass: 31623K(31808K)->31623K(31808K) Class: 4494K(4672K)->4494K(4672K)
[2026-04-03T02:29:08.718+0600][6.748s][info][gc          ] GC(8) Pause Young (Concurrent Start) (Metadata GC Threshold) 30M->26M(99M) 7.322ms
[2026-04-03T02:29:08.718+0600][6.748s][info][gc          ] GC(9) Concurrent Mark Cycle
[2026-04-03T02:29:08.718+0600][6.748s][info][gc,marking  ] GC(9) Concurrent Scan Root Regions
[2026-04-03T02:29:08.718+0600][6.748s][info][gc,cpu      ] GC(8) User=0.01s Sys=0.00s Real=0.00s
[2026-04-03T02:29:08.720+0600][6.751s][info][gc,marking  ] GC(9) Concurrent Scan Root Regions 2.354ms
[2026-04-03T02:29:08.720+0600][6.751s][info][gc,marking  ] GC(9) Concurrent Mark
[2026-04-03T02:29:08.720+0600][6.751s][info][gc,marking  ] GC(9) Concurrent Mark From Roots
[2026-04-03T02:29:08.720+0600][6.751s][info][gc,task     ] GC(9) Using 3 workers of 3 for marking
[2026-04-03T02:29:08.725+0600][6.756s][info][gc,marking  ] GC(9) Concurrent Mark From Roots 5.301ms
[2026-04-03T02:29:08.726+0600][6.756s][info][gc,marking  ] GC(9) Concurrent Preclean
[2026-04-03T02:29:08.726+0600][6.756s][info][gc,marking  ] GC(9) Concurrent Preclean 0.050ms
[2026-04-03T02:29:08.726+0600][6.757s][info][gc,start    ] GC(9) Pause Remark
[2026-04-03T02:29:08.731+0600][6.762s][info][gc          ] GC(9) Pause Remark 26M->26M(94M) 5.156ms
[2026-04-03T02:29:08.731+0600][6.762s][info][gc,cpu      ] GC(9) User=0.01s Sys=0.00s Real=0.01s
[2026-04-03T02:29:08.732+0600][6.762s][info][gc,marking  ] GC(9) Concurrent Mark 11.522ms
[2026-04-03T02:29:08.732+0600][6.762s][info][gc,marking  ] GC(9) Concurrent Rebuild Remembered Sets and Scrub Regions
[2026-04-03T02:29:08.734+0600][6.765s][info][gc,marking  ] GC(9) Concurrent Rebuild Remembered Sets and Scrub Regions 2.617ms
[2026-04-03T02:29:08.735+0600][6.765s][info][gc,start    ] GC(9) Pause Cleanup
[2026-04-03T02:29:08.735+0600][6.765s][info][gc          ] GC(9) Pause Cleanup 27M->27M(94M) 0.199ms
[2026-04-03T02:29:08.735+0600][6.765s][info][gc,cpu      ] GC(9) User=0.00s Sys=0.00s Real=0.00s
[2026-04-03T02:29:08.735+0600][6.765s][info][gc,marking  ] GC(9) Concurrent Clear Claimed Marks
[2026-04-03T02:29:08.735+0600][6.765s][info][gc,marking  ] GC(9) Concurrent Clear Claimed Marks 0.060ms
[2026-04-03T02:29:08.735+0600][6.765s][info][gc,marking  ] GC(9) Concurrent Cleanup for Next Mark
[2026-04-03T02:29:08.735+0600][6.766s][info][gc,marking  ] GC(9) Concurrent Cleanup for Next Mark 0.327ms
[2026-04-03T02:29:08.735+0600][6.766s][info][gc          ] GC(9) Concurrent Mark Cycle 17.699ms
[2026-04-03T02:29:10.269+0600][8.299s][info][gc,start    ] GC(10) Pause Young (Prepare Mixed) (G1 Evacuation Pause)
[2026-04-03T02:29:10.269+0600][8.299s][info][gc,task     ] GC(10) Using 2 workers of 10 for evacuation
[2026-04-03T02:29:10.280+0600][8.311s][info][gc,phases   ] GC(10)   Pre Evacuate Collection Set: 0.36ms
[2026-04-03T02:29:10.280+0600][8.311s][info][gc,phases   ] GC(10)   Merge Heap Roots: 0.23ms
[2026-04-03T02:29:10.280+0600][8.311s][info][gc,phases   ] GC(10)   Evacuate Collection Set: 9.85ms
[2026-04-03T02:29:10.280+0600][8.311s][info][gc,phases   ] GC(10)   Post Evacuate Collection Set: 0.90ms
[2026-04-03T02:29:10.280+0600][8.311s][info][gc,phases   ] GC(10)   Other: 0.09ms
[2026-04-03T02:29:10.280+0600][8.311s][info][gc,heap     ] GC(10) Eden regions: 53->0(54)
[2026-04-03T02:29:10.280+0600][8.311s][info][gc,heap     ] GC(10) Survivor regions: 4->6(8)
[2026-04-03T02:29:10.280+0600][8.311s][info][gc,heap     ] GC(10) Old regions: 17->17
[2026-04-03T02:29:10.280+0600][8.311s][info][gc,heap     ] GC(10) Humongous regions: 20->8
[2026-04-03T02:29:10.280+0600][8.311s][info][gc,metaspace] GC(10) Metaspace: 42899K(43328K)->42899K(43328K) NonClass: 37570K(37824K)->37570K(37824K) Class: 5328K(5504K)->5328K(5504K)
[2026-04-03T02:29:10.280+0600][8.311s][info][gc          ] GC(10) Pause Young (Prepare Mixed) (G1 Evacuation Pause) 92M->29M(100M) 11.696ms
[2026-04-03T02:29:10.281+0600][8.311s][info][gc,cpu      ] GC(10) User=0.02s Sys=0.01s Real=0.02s
[2026-04-03T02:29:11.979+0600][10.010s][info][gc,start    ] GC(11) Pause Young (Mixed) (G1 Evacuation Pause)
[2026-04-03T02:29:11.979+0600][10.010s][info][gc,task     ] GC(11) Using 2 workers of 10 for evacuation
[2026-04-03T02:29:11.992+0600][10.023s][info][gc,phases   ] GC(11)   Pre Evacuate Collection Set: 0.29ms
[2026-04-03T02:29:11.992+0600][10.023s][info][gc,phases   ] GC(11)   Merge Heap Roots: 0.19ms
[2026-04-03T02:29:11.992+0600][10.023s][info][gc,phases   ] GC(11)   Evacuate Collection Set: 11.47ms
[2026-04-03T02:29:11.992+0600][10.023s][info][gc,phases   ] GC(11)   Post Evacuate Collection Set: 0.86ms
[2026-04-03T02:29:11.992+0600][10.023s][info][gc,phases   ] GC(11)   Other: 0.08ms
[2026-04-03T02:29:11.992+0600][10.023s][info][gc,heap     ] GC(11) Eden regions: 54->0(57)
[2026-04-03T02:29:11.992+0600][10.023s][info][gc,heap     ] GC(11) Survivor regions: 6->7(8)
[2026-04-03T02:29:11.992+0600][10.023s][info][gc,heap     ] GC(11) Old regions: 17->18
[2026-04-03T02:29:11.992+0600][10.023s][info][gc,heap     ] GC(11) Humongous regions: 22->8
[2026-04-03T02:29:11.992+0600][10.023s][info][gc,metaspace] GC(11) Metaspace: 50441K(50880K)->50441K(50880K) NonClass: 44185K(44416K)->44185K(44416K) Class: 6255K(6464K)->6255K(6464K)
[2026-04-03T02:29:11.992+0600][10.023s][info][gc          ] GC(11) Pause Young (Mixed) (G1 Evacuation Pause) 97M->31M(108M) 13.157ms
[2026-04-03T02:29:11.992+0600][10.023s][info][gc,cpu      ] GC(11) User=0.02s Sys=0.00s Real=0.02s
[2026-04-03T02:29:12.586+0600][10.617s][info][gc,start    ] GC(12) Pause Young (Concurrent Start) (Metadata GC Threshold)
[2026-04-03T02:29:12.586+0600][10.617s][info][gc,task     ] GC(12) Using 2 workers of 10 for evacuation
[2026-04-03T02:29:12.602+0600][10.632s][info][gc,phases   ] GC(12)   Pre Evacuate Collection Set: 0.29ms
[2026-04-03T02:29:12.602+0600][10.632s][info][gc,phases   ] GC(12)   Merge Heap Roots: 0.23ms
[2026-04-03T02:29:12.602+0600][10.632s][info][gc,phases   ] GC(12)   Evacuate Collection Set: 14.02ms
[2026-04-03T02:29:12.602+0600][10.632s][info][gc,phases   ] GC(12)   Post Evacuate Collection Set: 0.88ms
[2026-04-03T02:29:12.602+0600][10.632s][info][gc,phases   ] GC(12)   Other: 0.19ms
[2026-04-03T02:29:12.602+0600][10.632s][info][gc,heap     ] GC(12) Eden regions: 48->0(55)
[2026-04-03T02:29:12.602+0600][10.632s][info][gc,heap     ] GC(12) Survivor regions: 7->6(8)
[2026-04-03T02:29:12.602+0600][10.632s][info][gc,heap     ] GC(12) Old regions: 18->22
[2026-04-03T02:29:12.602+0600][10.632s][info][gc,heap     ] GC(12) Humongous regions: 8->8
[2026-04-03T02:29:12.602+0600][10.632s][info][gc,metaspace] GC(12) Metaspace: 60570K(61056K)->60570K(61056K) NonClass: 53158K(53440K)->53158K(53440K) Class: 7411K(7616K)->7411K(7616K)
[2026-04-03T02:29:12.602+0600][10.632s][info][gc          ] GC(12) Pause Young (Concurrent Start) (Metadata GC Threshold) 79M->34M(108M) 15.901ms
[2026-04-03T02:29:12.602+0600][10.633s][info][gc,cpu      ] GC(12) User=0.06s Sys=0.00s Real=0.02s
[2026-04-03T02:29:12.602+0600][10.633s][info][gc          ] GC(13) Concurrent Mark Cycle
[2026-04-03T02:29:12.602+0600][10.633s][info][gc,marking  ] GC(13) Concurrent Scan Root Regions
[2026-04-03T02:29:12.606+0600][10.636s][info][gc,marking  ] GC(13) Concurrent Scan Root Regions 3.870ms
[2026-04-03T02:29:12.606+0600][10.637s][info][gc,marking  ] GC(13) Concurrent Mark
[2026-04-03T02:29:12.606+0600][10.637s][info][gc,marking  ] GC(13) Concurrent Mark From Roots
[2026-04-03T02:29:12.606+0600][10.637s][info][gc,task     ] GC(13) Using 3 workers of 3 for marking
[2026-04-03T02:29:12.616+0600][10.646s][info][gc,marking  ] GC(13) Concurrent Mark From Roots 9.916ms
[2026-04-03T02:29:12.616+0600][10.647s][info][gc,marking  ] GC(13) Concurrent Preclean
[2026-04-03T02:29:12.616+0600][10.647s][info][gc,marking  ] GC(13) Concurrent Preclean 0.104ms
[2026-04-03T02:29:12.616+0600][10.647s][info][gc,start    ] GC(13) Pause Remark
[2026-04-03T02:29:12.625+0600][10.655s][info][gc          ] GC(13) Pause Remark 36M->36M(108M) 8.194ms
[2026-04-03T02:29:12.625+0600][10.655s][info][gc,cpu      ] GC(13) User=0.03s Sys=0.00s Real=0.01s
[2026-04-03T02:29:12.625+0600][10.655s][info][gc,marking  ] GC(13) Concurrent Mark 18.917ms
[2026-04-03T02:29:12.625+0600][10.656s][info][gc,marking  ] GC(13) Concurrent Rebuild Remembered Sets and Scrub Regions
[2026-04-03T02:29:12.632+0600][10.662s][info][gc,marking  ] GC(13) Concurrent Rebuild Remembered Sets and Scrub Regions 6.669ms
[2026-04-03T02:29:12.632+0600][10.662s][info][gc,start    ] GC(13) Pause Cleanup
[2026-04-03T02:29:12.632+0600][10.663s][info][gc          ] GC(13) Pause Cleanup 36M->36M(108M) 0.394ms
[2026-04-03T02:29:12.632+0600][10.663s][info][gc,cpu      ] GC(13) User=0.00s Sys=0.00s Real=0.00s
[2026-04-03T02:29:12.633+0600][10.663s][info][gc,marking  ] GC(13) Concurrent Clear Claimed Marks
[2026-04-03T02:29:12.633+0600][10.663s][info][gc,marking  ] GC(13) Concurrent Clear Claimed Marks 0.145ms
[2026-04-03T02:29:12.633+0600][10.663s][info][gc,marking  ] GC(13) Concurrent Cleanup for Next Mark
[2026-04-03T02:29:12.633+0600][10.664s][info][gc,marking  ] GC(13) Concurrent Cleanup for Next Mark 0.451ms
[2026-04-03T02:29:12.633+0600][10.664s][info][gc          ] GC(13) Concurrent Mark Cycle 31.243ms
[2026-04-03T02:29:13.102+0600][11.132s][info][gc,start    ] GC(14) Pause Young (Prepare Mixed) (G1 Evacuation Pause)
[2026-04-03T02:29:13.102+0600][11.132s][info][gc,task     ] GC(14) Using 2 workers of 10 for evacuation
[2026-04-03T02:29:13.114+0600][11.144s][info][gc,phases   ] GC(14)   Pre Evacuate Collection Set: 0.34ms
[2026-04-03T02:29:13.114+0600][11.144s][info][gc,phases   ] GC(14)   Merge Heap Roots: 0.18ms
[2026-04-03T02:29:13.114+0600][11.144s][info][gc,phases   ] GC(14)   Evacuate Collection Set: 9.79ms
[2026-04-03T02:29:13.114+0600][11.144s][info][gc,phases   ] GC(14)   Post Evacuate Collection Set: 1.28ms
[2026-04-03T02:29:13.114+0600][11.144s][info][gc,phases   ] GC(14)   Other: 0.08ms
[2026-04-03T02:29:13.114+0600][11.144s][info][gc,heap     ] GC(14) Eden regions: 55->0(55)
[2026-04-03T02:29:13.114+0600][11.144s][info][gc,heap     ] GC(14) Survivor regions: 6->5(8)
[2026-04-03T02:29:13.114+0600][11.144s][info][gc,heap     ] GC(14) Old regions: 22->25
[2026-04-03T02:29:13.114+0600][11.144s][info][gc,heap     ] GC(14) Humongous regions: 8->8
[2026-04-03T02:29:13.114+0600][11.144s][info][gc,metaspace] GC(14) Metaspace: 63388K(63872K)->63388K(63872K) NonClass: 55595K(55872K)->55595K(55872K) Class: 7792K(8000K)->7792K(8000K)
[2026-04-03T02:29:13.114+0600][11.144s][info][gc          ] GC(14) Pause Young (Prepare Mixed) (G1 Evacuation Pause) 89M->36M(108M) 11.951ms
[2026-04-03T02:29:13.114+0600][11.144s][info][gc,cpu      ] GC(14) User=0.02s Sys=0.00s Real=0.01s
[2026-04-03T02:29:13.519+0600][11.550s][info][gc,start    ] GC(15) Pause Young (Mixed) (G1 Evacuation Pause)
[2026-04-03T02:29:13.520+0600][11.550s][info][gc,task     ] GC(15) Using 2 workers of 10 for evacuation
[2026-04-03T02:29:13.530+0600][11.561s][info][gc,phases   ] GC(15)   Pre Evacuate Collection Set: 0.34ms
[2026-04-03T02:29:13.530+0600][11.561s][info][gc,phases   ] GC(15)   Merge Heap Roots: 0.14ms
[2026-04-03T02:29:13.530+0600][11.561s][info][gc,phases   ] GC(15)   Evacuate Collection Set: 8.63ms
[2026-04-03T02:29:13.530+0600][11.561s][info][gc,phases   ] GC(15)   Post Evacuate Collection Set: 1.51ms
[2026-04-03T02:29:13.530+0600][11.561s][info][gc,phases   ] GC(15)   Other: 0.07ms
[2026-04-03T02:29:13.530+0600][11.561s][info][gc,heap     ] GC(15) Eden regions: 55->0(67)
[2026-04-03T02:29:13.530+0600][11.561s][info][gc,heap     ] GC(15) Survivor regions: 5->5(8)
[2026-04-03T02:29:13.530+0600][11.561s][info][gc,heap     ] GC(15) Old regions: 25->27
[2026-04-03T02:29:13.530+0600][11.561s][info][gc,heap     ] GC(15) Humongous regions: 8->8
[2026-04-03T02:29:13.530+0600][11.561s][info][gc,metaspace] GC(15) Metaspace: 68967K(69440K)->68967K(69440K) NonClass: 60524K(60800K)->60524K(60800K) Class: 8443K(8640K)->8443K(8640K)
[2026-04-03T02:29:13.530+0600][11.561s][info][gc          ] GC(15) Pause Young (Mixed) (G1 Evacuation Pause) 91M->38M(130M) 10.880ms
[2026-04-03T02:29:13.530+0600][11.561s][info][gc,cpu      ] GC(15) User=0.02s Sys=0.00s Real=0.02s
[2026-04-03T02:29:14.273+0600][12.304s][info][gc,start    ] GC(16) Pause Young (Normal) (G1 Evacuation Pause)
[2026-04-03T02:29:14.274+0600][12.304s][info][gc,task     ] GC(16) Using 3 workers of 10 for evacuation
[2026-04-03T02:29:14.282+0600][12.313s][info][gc,phases   ] GC(16)   Pre Evacuate Collection Set: 0.33ms
[2026-04-03T02:29:14.282+0600][12.313s][info][gc,phases   ] GC(16)   Merge Heap Roots: 0.19ms
[2026-04-03T02:29:14.282+0600][12.313s][info][gc,phases   ] GC(16)   Evacuate Collection Set: 6.79ms
[2026-04-03T02:29:14.282+0600][12.313s][info][gc,phases   ] GC(16)   Post Evacuate Collection Set: 1.27ms
[2026-04-03T02:29:14.282+0600][12.313s][info][gc,phases   ] GC(16)   Other: 0.08ms
[2026-04-03T02:29:14.282+0600][12.313s][info][gc,heap     ] GC(16) Eden regions: 67->0(67)
[2026-04-03T02:29:14.282+0600][12.313s][info][gc,heap     ] GC(16) Survivor regions: 5->8(9)
[2026-04-03T02:29:14.282+0600][12.313s][info][gc,heap     ] GC(16) Old regions: 27->27
[2026-04-03T02:29:14.282+0600][12.313s][info][gc,heap     ] GC(16) Humongous regions: 9->8
[2026-04-03T02:29:14.282+0600][12.313s][info][gc,metaspace] GC(16) Metaspace: 81437K(81920K)->81437K(81920K) NonClass: 71442K(71744K)->71442K(71744K) Class: 9994K(10176K)->9994K(10176K)
[2026-04-03T02:29:14.282+0600][12.313s][info][gc          ] GC(16) Pause Young (Normal) (G1 Evacuation Pause) 106M->42M(130M) 8.907ms
[2026-04-03T02:29:14.282+0600][12.313s][info][gc,cpu      ] GC(16) User=0.03s Sys=0.00s Real=0.01s
[2026-04-03T02:29:15.110+0600][13.141s][info][gc,start    ] GC(17) Pause Young (Normal) (G1 Evacuation Pause)
[2026-04-03T02:29:15.111+0600][13.141s][info][gc,task     ] GC(17) Using 3 workers of 10 for evacuation
[2026-04-03T02:29:15.126+0600][13.156s][info][gc,phases   ] GC(17)   Pre Evacuate Collection Set: 0.18ms
[2026-04-03T02:29:15.126+0600][13.156s][info][gc,phases   ] GC(17)   Merge Heap Roots: 0.11ms
[2026-04-03T02:29:15.126+0600][13.156s][info][gc,phases   ] GC(17)   Evacuate Collection Set: 14.18ms
[2026-04-03T02:29:15.126+0600][13.156s][info][gc,phases   ] GC(17)   Post Evacuate Collection Set: 0.72ms
[2026-04-03T02:29:15.126+0600][13.156s][info][gc,phases   ] GC(17)   Other: 0.08ms
[2026-04-03T02:29:15.126+0600][13.156s][info][gc,heap     ] GC(17) Eden regions: 67->0(65)
[2026-04-03T02:29:15.126+0600][13.156s][info][gc,heap     ] GC(17) Survivor regions: 8->8(10)
[2026-04-03T02:29:15.126+0600][13.156s][info][gc,heap     ] GC(17) Old regions: 27->31
[2026-04-03T02:29:15.126+0600][13.156s][info][gc,heap     ] GC(17) Humongous regions: 8->8
[2026-04-03T02:29:15.126+0600][13.156s][info][gc,metaspace] GC(17) Metaspace: 92276K(92864K)->92276K(92864K) NonClass: 80863K(81216K)->80863K(81216K) Class: 11412K(11648K)->11412K(11648K)
[2026-04-03T02:29:15.126+0600][13.156s][info][gc          ] GC(17) Pause Young (Normal) (G1 Evacuation Pause) 109M->46M(130M) 15.498ms
[2026-04-03T02:29:15.126+0600][13.156s][info][gc,cpu      ] GC(17) User=0.05s Sys=0.00s Real=0.01s
[2026-04-03T02:29:15.699+0600][13.729s][info][gc,start    ] GC(18) Pause Young (Concurrent Start) (G1 Humongous Allocation)
[2026-04-03T02:29:15.699+0600][13.729s][info][gc,task     ] GC(18) Using 3 workers of 10 for evacuation
[2026-04-03T02:29:15.708+0600][13.738s][info][gc,phases   ] GC(18)   Pre Evacuate Collection Set: 0.24ms
[2026-04-03T02:29:15.708+0600][13.738s][info][gc,phases   ] GC(18)   Merge Heap Roots: 0.12ms
[2026-04-03T02:29:15.708+0600][13.738s][info][gc,phases   ] GC(18)   Evacuate Collection Set: 7.46ms
[2026-04-03T02:29:15.708+0600][13.738s][info][gc,phases   ] GC(18)   Post Evacuate Collection Set: 0.82ms
[2026-04-03T02:29:15.708+0600][13.738s][info][gc,phases   ] GC(18)   Other: 0.23ms
[2026-04-03T02:29:15.708+0600][13.738s][info][gc,heap     ] GC(18) Eden regions: 37->0(66)
[2026-04-03T02:29:15.708+0600][13.738s][info][gc,heap     ] GC(18) Survivor regions: 8->6(10)
[2026-04-03T02:29:15.708+0600][13.738s][info][gc,heap     ] GC(18) Old regions: 31->34
[2026-04-03T02:29:15.708+0600][13.738s][info][gc,heap     ] GC(18) Humongous regions: 8->8
[2026-04-03T02:29:15.708+0600][13.738s][info][gc,metaspace] GC(18) Metaspace: 100129K(100736K)->100129K(100736K) NonClass: 87673K(88000K)->87673K(88000K) Class: 12456K(12736K)->12456K(12736K)
[2026-04-03T02:29:15.708+0600][13.738s][info][gc          ] GC(18) Pause Young (Concurrent Start) (G1 Humongous Allocation) 82M->48M(130M) 9.136ms
[2026-04-03T02:29:15.708+0600][13.738s][info][gc,cpu      ] GC(18) User=0.02s Sys=0.00s Real=0.01s
[2026-04-03T02:29:15.708+0600][13.738s][info][gc          ] GC(19) Concurrent Mark Cycle
[2026-04-03T02:29:15.708+0600][13.738s][info][gc,marking  ] GC(19) Concurrent Scan Root Regions
[2026-04-03T02:29:15.711+0600][13.742s][info][gc,marking  ] GC(19) Concurrent Scan Root Regions 3.408ms
[2026-04-03T02:29:15.711+0600][13.742s][info][gc,marking  ] GC(19) Concurrent Mark
[2026-04-03T02:29:15.711+0600][13.742s][info][gc,marking  ] GC(19) Concurrent Mark From Roots
[2026-04-03T02:29:15.711+0600][13.742s][info][gc,task     ] GC(19) Using 3 workers of 3 for marking
[2026-04-03T02:29:15.729+0600][13.760s][info][gc,marking  ] GC(19) Concurrent Mark From Roots 17.587ms
[2026-04-03T02:29:15.729+0600][13.760s][info][gc,marking  ] GC(19) Concurrent Preclean
[2026-04-03T02:29:15.729+0600][13.760s][info][gc,marking  ] GC(19) Concurrent Preclean 0.251ms
[2026-04-03T02:29:15.730+0600][13.760s][info][gc,start    ] GC(19) Pause Remark
[2026-04-03T02:29:15.737+0600][13.768s][info][gc          ] GC(19) Pause Remark 52M->52M(130M) 7.867ms
[2026-04-03T02:29:15.738+0600][13.768s][info][gc,cpu      ] GC(19) User=0.02s Sys=0.00s Real=0.01s
[2026-04-03T02:29:15.738+0600][13.768s][info][gc,marking  ] GC(19) Concurrent Mark 26.142ms
[2026-04-03T02:29:15.738+0600][13.768s][info][gc,marking  ] GC(19) Concurrent Rebuild Remembered Sets and Scrub Regions
[2026-04-03T02:29:15.749+0600][13.779s][info][gc,marking  ] GC(19) Concurrent Rebuild Remembered Sets and Scrub Regions 11.223ms
[2026-04-03T02:29:15.749+0600][13.780s][info][gc,start    ] GC(19) Pause Cleanup
[2026-04-03T02:29:15.750+0600][13.780s][info][gc          ] GC(19) Pause Cleanup 53M->53M(130M) 0.321ms
[2026-04-03T02:29:15.750+0600][13.780s][info][gc,cpu      ] GC(19) User=0.00s Sys=0.00s Real=0.00s
[2026-04-03T02:29:15.750+0600][13.780s][info][gc,marking  ] GC(19) Concurrent Clear Claimed Marks
[2026-04-03T02:29:15.750+0600][13.780s][info][gc,marking  ] GC(19) Concurrent Clear Claimed Marks 0.121ms
[2026-04-03T02:29:15.750+0600][13.780s][info][gc,marking  ] GC(19) Concurrent Cleanup for Next Mark
[2026-04-03T02:29:15.750+0600][13.781s][info][gc,marking  ] GC(19) Concurrent Cleanup for Next Mark 0.494ms
[2026-04-03T02:29:15.750+0600][13.781s][info][gc          ] GC(19) Concurrent Mark Cycle 42.434ms
[2026-04-03T02:29:16.452+0600][14.483s][info][gc,start    ] GC(20) Pause Young (Prepare Mixed) (G1 Evacuation Pause)
[2026-04-03T02:29:16.453+0600][14.483s][info][gc,task     ] GC(20) Using 3 workers of 10 for evacuation
[2026-04-03T02:29:16.463+0600][14.493s][info][gc,phases   ] GC(20)   Pre Evacuate Collection Set: 0.35ms
[2026-04-03T02:29:16.463+0600][14.493s][info][gc,phases   ] GC(20)   Merge Heap Roots: 0.17ms
[2026-04-03T02:29:16.463+0600][14.493s][info][gc,phases   ] GC(20)   Evacuate Collection Set: 8.38ms
[2026-04-03T02:29:16.463+0600][14.493s][info][gc,phases   ] GC(20)   Post Evacuate Collection Set: 1.12ms
[2026-04-03T02:29:16.463+0600][14.493s][info][gc,phases   ] GC(20)   Other: 0.09ms
[2026-04-03T02:29:16.463+0600][14.493s][info][gc,heap     ] GC(20) Eden regions: 66->0(62)
[2026-04-03T02:29:16.463+0600][14.493s][info][gc,heap     ] GC(20) Survivor regions: 6->7(9)
[2026-04-03T02:29:16.463+0600][14.493s][info][gc,heap     ] GC(20) Old regions: 34->38
[2026-04-03T02:29:16.463+0600][14.493s][info][gc,heap     ] GC(20) Humongous regions: 11->8
[2026-04-03T02:29:16.463+0600][14.493s][info][gc,metaspace] GC(20) Metaspace: 106718K(107328K)->106718K(107328K) NonClass: 93281K(93632K)->93281K(93632K) Class: 13436K(13696K)->13436K(13696K)
[2026-04-03T02:29:16.463+0600][14.493s][info][gc          ] GC(20) Pause Young (Prepare Mixed) (G1 Evacuation Pause) 117M->52M(130M) 10.410ms
[2026-04-03T02:29:16.463+0600][14.493s][info][gc,cpu      ] GC(20) User=0.03s Sys=0.00s Real=0.01s
[2026-04-03T02:29:17.712+0600][15.742s][info][gc,start    ] GC(21) Pause Young (Mixed) (G1 Evacuation Pause)
[2026-04-03T02:29:17.712+0600][15.742s][info][gc,task     ] GC(21) Using 4 workers of 10 for evacuation
[2026-04-03T02:29:17.730+0600][15.760s][info][gc,phases   ] GC(21)   Pre Evacuate Collection Set: 0.24ms
[2026-04-03T02:29:17.730+0600][15.760s][info][gc,phases   ] GC(21)   Merge Heap Roots: 0.14ms
[2026-04-03T02:29:17.730+0600][15.760s][info][gc,phases   ] GC(21)   Evacuate Collection Set: 16.49ms
[2026-04-03T02:29:17.730+0600][15.760s][info][gc,phases   ] GC(21)   Post Evacuate Collection Set: 0.79ms
[2026-04-03T02:29:17.730+0600][15.760s][info][gc,phases   ] GC(21)   Other: 0.11ms
[2026-04-03T02:29:17.730+0600][15.760s][info][gc,heap     ] GC(21) Eden regions: 60->0(61)
[2026-04-03T02:29:17.730+0600][15.760s][info][gc,heap     ] GC(21) Survivor regions: 7->8(9)
[2026-04-03T02:29:17.730+0600][15.760s][info][gc,heap     ] GC(21) Old regions: 38->44
[2026-04-03T02:29:17.730+0600][15.760s][info][gc,heap     ] GC(21) Humongous regions: 75->64
[2026-04-03T02:29:17.730+0600][15.760s][info][gc,metaspace] GC(21) Metaspace: 112974K(114368K)->112974K(114368K) NonClass: 98371K(99136K)->98371K(99136K) Class: 14602K(15232K)->14602K(15232K)
[2026-04-03T02:29:17.730+0600][15.760s][info][gc          ] GC(21) Pause Young (Mixed) (G1 Evacuation Pause) 179M->115M(195M) 18.134ms
[2026-04-03T02:29:17.730+0600][15.760s][info][gc,cpu      ] GC(21) User=0.11s Sys=0.01s Real=0.02s
[2026-04-03T02:29:18.069+0600][16.099s][info][gc,start    ] GC(22) Pause Young (Concurrent Start) (G1 Humongous Allocation)
[2026-04-03T02:29:18.069+0600][16.099s][info][gc,task     ] GC(22) Using 4 workers of 10 for evacuation
[2026-04-03T02:29:18.076+0600][16.107s][info][gc,phases   ] GC(22)   Pre Evacuate Collection Set: 0.39ms
[2026-04-03T02:29:18.076+0600][16.107s][info][gc,phases   ] GC(22)   Merge Heap Roots: 0.21ms
[2026-04-03T02:29:18.076+0600][16.107s][info][gc,phases   ] GC(22)   Evacuate Collection Set: 5.64ms
[2026-04-03T02:29:18.076+0600][16.107s][info][gc,phases   ] GC(22)   Post Evacuate Collection Set: 0.87ms
[2026-04-03T02:29:18.076+0600][16.107s][info][gc,phases   ] GC(22)   Other: 0.31ms
[2026-04-03T02:29:18.076+0600][16.107s][info][gc,heap     ] GC(22) Eden regions: 14->0(84)
[2026-04-03T02:29:18.076+0600][16.107s][info][gc,heap     ] GC(22) Survivor regions: 8->1(9)
[2026-04-03T02:29:18.076+0600][16.107s][info][gc,heap     ] GC(22) Old regions: 44->49
[2026-04-03T02:29:18.076+0600][16.107s][info][gc,heap     ] GC(22) Humongous regions: 64->40
[2026-04-03T02:29:18.076+0600][16.107s][info][gc,metaspace] GC(22) Metaspace: 114059K(115456K)->114059K(115456K) NonClass: 99243K(100032K)->99243K(100032K) Class: 14816K(15424K)->14816K(15424K)
[2026-04-03T02:29:18.076+0600][16.107s][info][gc          ] GC(22) Pause Young (Concurrent Start) (G1 Humongous Allocation) 128M->89M(195M) 7.800ms
[2026-04-03T02:29:18.076+0600][16.107s][info][gc,cpu      ] GC(22) User=0.04s Sys=0.00s Real=0.01s
[2026-04-03T02:29:18.077+0600][16.107s][info][gc          ] GC(23) Concurrent Undo Cycle
[2026-04-03T02:29:18.077+0600][16.107s][info][gc,marking  ] GC(23) Concurrent Clear Claimed Marks
[2026-04-03T02:29:18.077+0600][16.107s][info][gc,marking  ] GC(23) Concurrent Clear Claimed Marks 0.377ms
[2026-04-03T02:29:18.077+0600][16.108s][info][gc,marking  ] GC(23) Concurrent Cleanup for Next Mark
[2026-04-03T02:29:18.078+0600][16.108s][info][gc,marking  ] GC(23) Concurrent Cleanup for Next Mark 0.646ms
[2026-04-03T02:29:18.078+0600][16.108s][info][gc          ] GC(23) Concurrent Undo Cycle 1.285ms
[2026-04-03T02:29:18.078+0600][16.109s][info][gc,start    ] GC(24) Pause Young (Concurrent Start) (G1 Humongous Allocation)
[2026-04-03T02:29:18.078+0600][16.109s][info][gc,task     ] GC(24) Using 4 workers of 10 for evacuation
[2026-04-03T02:29:18.081+0600][16.111s][info][gc,phases   ] GC(24)   Pre Evacuate Collection Set: 0.21ms
[2026-04-03T02:29:18.081+0600][16.111s][info][gc,phases   ] GC(24)   Merge Heap Roots: 0.06ms
[2026-04-03T02:29:18.081+0600][16.111s][info][gc,phases   ] GC(24)   Evacuate Collection Set: 1.67ms
[2026-04-03T02:29:18.081+0600][16.111s][info][gc,phases   ] GC(24)   Post Evacuate Collection Set: 0.41ms
[2026-04-03T02:29:18.081+0600][16.111s][info][gc,phases   ] GC(24)   Other: 0.11ms
[2026-04-03T02:29:18.081+0600][16.111s][info][gc,heap     ] GC(24) Eden regions: 2->0(79)
[2026-04-03T02:29:18.081+0600][16.111s][info][gc,heap     ] GC(24) Survivor regions: 1->1(11)
[2026-04-03T02:29:18.081+0600][16.111s][info][gc,heap     ] GC(24) Old regions: 49->49
[2026-04-03T02:29:18.081+0600][16.111s][info][gc,heap     ] GC(24) Humongous regions: 50->50
[2026-04-03T02:29:18.081+0600][16.111s][info][gc,metaspace] GC(24) Metaspace: 114060K(115456K)->114060K(115456K) NonClass: 99244K(100032K)->99244K(100032K) Class: 14816K(15424K)->14816K(15424K)
[2026-04-03T02:29:18.081+0600][16.111s][info][gc          ] GC(24) Pause Young (Concurrent Start) (G1 Humongous Allocation) 101M->99M(195M) 2.655ms
[2026-04-03T02:29:18.081+0600][16.111s][info][gc,cpu      ] GC(24) User=0.01s Sys=0.00s Real=0.01s
[2026-04-03T02:29:18.081+0600][16.111s][info][gc          ] GC(25) Concurrent Mark Cycle
[2026-04-03T02:29:18.081+0600][16.111s][info][gc,marking  ] GC(25) Concurrent Scan Root Regions
[2026-04-03T02:29:18.084+0600][16.114s][info][gc,marking  ] GC(25) Concurrent Scan Root Regions 3.060ms
[2026-04-03T02:29:18.084+0600][16.115s][info][gc,marking  ] GC(25) Concurrent Mark
[2026-04-03T02:29:18.084+0600][16.115s][info][gc,marking  ] GC(25) Concurrent Mark From Roots
[2026-04-03T02:29:18.084+0600][16.115s][info][gc,task     ] GC(25) Using 3 workers of 3 for marking
[2026-04-03T02:29:18.133+0600][16.163s][info][gc,marking  ] GC(25) Concurrent Mark From Roots 48.456ms
[2026-04-03T02:29:18.133+0600][16.163s][info][gc,marking  ] GC(25) Concurrent Preclean
[2026-04-03T02:29:18.133+0600][16.164s][info][gc,marking  ] GC(25) Concurrent Preclean 0.682ms
[2026-04-03T02:29:18.134+0600][16.164s][info][gc,start    ] GC(25) Pause Remark
[2026-04-03T02:29:18.153+0600][16.184s][info][gc          ] GC(25) Pause Remark 110M->110M(195M) 19.515ms
[2026-04-03T02:29:18.153+0600][16.184s][info][gc,cpu      ] GC(25) User=0.07s Sys=0.00s Real=0.02s
[2026-04-03T02:29:18.154+0600][16.184s][info][gc,marking  ] GC(25) Concurrent Mark 69.463ms
[2026-04-03T02:29:18.154+0600][16.184s][info][gc,marking  ] GC(25) Concurrent Rebuild Remembered Sets and Scrub Regions
[2026-04-03T02:29:18.180+0600][16.210s][info][gc,marking  ] GC(25) Concurrent Rebuild Remembered Sets and Scrub Regions 26.054ms
[2026-04-03T02:29:18.180+0600][16.211s][info][gc,start    ] GC(25) Pause Cleanup
[2026-04-03T02:29:18.180+0600][16.211s][info][gc          ] GC(25) Pause Cleanup 111M->111M(195M) 0.395ms
[2026-04-03T02:29:18.181+0600][16.211s][info][gc,cpu      ] GC(25) User=0.00s Sys=0.00s Real=0.00s
[2026-04-03T02:29:18.181+0600][16.211s][info][gc,marking  ] GC(25) Concurrent Clear Claimed Marks
[2026-04-03T02:29:18.181+0600][16.212s][info][gc,marking  ] GC(25) Concurrent Clear Claimed Marks 0.319ms
[2026-04-03T02:29:18.181+0600][16.212s][info][gc,marking  ] GC(25) Concurrent Cleanup for Next Mark
[2026-04-03T02:29:18.183+0600][16.213s][info][gc,marking  ] GC(25) Concurrent Cleanup for Next Mark 1.598ms
[2026-04-03T02:29:18.183+0600][16.213s][info][gc          ] GC(25) Concurrent Mark Cycle 102.016ms
[2026-04-03T02:29:18.790+0600][16.820s][info][gc,start    ] GC(26) Pause Young (Prepare Mixed) (G1 Evacuation Pause)
[2026-04-03T02:29:18.790+0600][16.820s][info][gc,task     ] GC(26) Using 4 workers of 10 for evacuation
[2026-04-03T02:29:18.798+0600][16.829s][info][gc,phases   ] GC(26)   Pre Evacuate Collection Set: 0.33ms
[2026-04-03T02:29:18.798+0600][16.829s][info][gc,phases   ] GC(26)   Merge Heap Roots: 0.19ms
[2026-04-03T02:29:18.798+0600][16.829s][info][gc,phases   ] GC(26)   Evacuate Collection Set: 7.14ms
[2026-04-03T02:29:18.798+0600][16.829s][info][gc,phases   ] GC(26)   Post Evacuate Collection Set: 0.83ms
[2026-04-03T02:29:18.798+0600][16.829s][info][gc,phases   ] GC(26)   Other: 0.15ms
[2026-04-03T02:29:18.798+0600][16.829s][info][gc,heap     ] GC(26) Eden regions: 54->0(91)
[2026-04-03T02:29:18.798+0600][16.829s][info][gc,heap     ] GC(26) Survivor regions: 1->4(10)
[2026-04-03T02:29:18.799+0600][16.829s][info][gc,heap     ] GC(26) Old regions: 49->49
[2026-04-03T02:29:18.799+0600][16.829s][info][gc,heap     ] GC(26) Humongous regions: 96->42
[2026-04-03T02:29:18.799+0600][16.829s][info][gc,metaspace] GC(26) Metaspace: 115799K(116864K)->115799K(116864K) NonClass: 100716K(101312K)->100716K(101312K) Class: 15083K(15552K)->15083K(15552K)
[2026-04-03T02:29:18.799+0600][16.829s][info][gc          ] GC(26) Pause Young (Prepare Mixed) (G1 Evacuation Pause) 199M->94M(204M) 9.035ms
[2026-04-03T02:29:18.799+0600][16.829s][info][gc,cpu      ] GC(26) User=0.06s Sys=0.00s Real=0.01s
[2026-04-03T02:29:19.197+0600][17.228s][info][gc,start    ] GC(27) Pause Young (Mixed) (G1 Evacuation Pause)
[2026-04-03T02:29:19.197+0600][17.228s][info][gc,task     ] GC(27) Using 4 workers of 10 for evacuation
[2026-04-03T02:29:19.241+0600][17.271s][info][gc,phases   ] GC(27)   Pre Evacuate Collection Set: 0.51ms
[2026-04-03T02:29:19.241+0600][17.271s][info][gc,phases   ] GC(27)   Merge Heap Roots: 0.16ms
[2026-04-03T02:29:19.241+0600][17.271s][info][gc,phases   ] GC(27)   Evacuate Collection Set: 41.90ms
[2026-04-03T02:29:19.241+0600][17.271s][info][gc,phases   ] GC(27)   Post Evacuate Collection Set: 0.58ms
[2026-04-03T02:29:19.241+0600][17.271s][info][gc,phases   ] GC(27)   Other: 0.09ms
[2026-04-03T02:29:19.241+0600][17.271s][info][gc,heap     ] GC(27) Eden regions: 79->0(78)
[2026-04-03T02:29:19.241+0600][17.271s][info][gc,heap     ] GC(27) Survivor regions: 4->12(12)
[2026-04-03T02:29:19.241+0600][17.271s][info][gc,heap     ] GC(27) Old regions: 49->66
[2026-04-03T02:29:19.241+0600][17.271s][info][gc,heap     ] GC(27) Humongous regions: 72->40
[2026-04-03T02:29:19.241+0600][17.271s][info][gc,metaspace] GC(27) Metaspace: 116570K(117696K)->116570K(117696K) NonClass: 101381K(102016K)->101381K(102016K) Class: 15189K(15680K)->15189K(15680K)
[2026-04-03T02:29:19.241+0600][17.271s][info][gc          ] GC(27) Pause Young (Mixed) (G1 Evacuation Pause) 203M->117M(235M) 43.481ms
[2026-04-03T02:29:19.241+0600][17.271s][info][gc,cpu      ] GC(27) User=0.14s Sys=0.03s Real=0.05s
[2026-04-03T02:29:19.325+0600][17.356s][info][gc,start    ] GC(28) Pause Young (Concurrent Start) (G1 Humongous Allocation)
[2026-04-03T02:29:19.325+0600][17.356s][info][gc,task     ] GC(28) Using 5 workers of 10 for evacuation
[2026-04-03T02:29:19.412+0600][17.442s][info][gc,phases   ] GC(28)   Pre Evacuate Collection Set: 0.39ms
[2026-04-03T02:29:19.412+0600][17.442s][info][gc,phases   ] GC(28)   Merge Heap Roots: 0.10ms
[2026-04-03T02:29:19.412+0600][17.442s][info][gc,phases   ] GC(28)   Evacuate Collection Set: 84.32ms
[2026-04-03T02:29:19.412+0600][17.442s][info][gc,phases   ] GC(28)   Post Evacuate Collection Set: 1.35ms
[2026-04-03T02:29:19.412+0600][17.442s][info][gc,phases   ] GC(28)   Other: 0.14ms
[2026-04-03T02:29:19.412+0600][17.442s][info][gc,heap     ] GC(28) Eden regions: 55->0(68)
[2026-04-03T02:29:19.412+0600][17.442s][info][gc,heap     ] GC(28) Survivor regions: 12->12(12)
[2026-04-03T02:29:19.412+0600][17.442s][info][gc,heap     ] GC(28) Old regions: 66->94
[2026-04-03T02:29:19.412+0600][17.442s][info][gc,heap     ] GC(28) Humongous regions: 40->40
[2026-04-03T02:29:19.412+0600][17.442s][info][gc,metaspace] GC(28) Metaspace: 116598K(117696K)->116598K(117696K) NonClass: 101409K(102016K)->101409K(102016K) Class: 15189K(15680K)->15189K(15680K)
[2026-04-03T02:29:19.412+0600][17.442s][info][gc          ] GC(28) Pause Young (Concurrent Start) (G1 Humongous Allocation) 172M->145M(276M) 86.560ms
[2026-04-03T02:29:19.412+0600][17.442s][info][gc,cpu      ] GC(28) User=0.43s Sys=0.00s Real=0.09s
[2026-04-03T02:29:19.412+0600][17.442s][info][gc          ] GC(29) Concurrent Mark Cycle
[2026-04-03T02:29:19.412+0600][17.442s][info][gc,marking  ] GC(29) Concurrent Scan Root Regions
[2026-04-03T02:29:19.421+0600][17.452s][info][gc,marking  ] GC(29) Concurrent Scan Root Regions 9.138ms
[2026-04-03T02:29:19.421+0600][17.452s][info][gc,marking  ] GC(29) Concurrent Mark
[2026-04-03T02:29:19.421+0600][17.452s][info][gc,marking  ] GC(29) Concurrent Mark From Roots
[2026-04-03T02:29:19.421+0600][17.452s][info][gc,task     ] GC(29) Using 3 workers of 3 for marking
[2026-04-03T02:29:19.462+0600][17.492s][info][gc,marking  ] GC(29) Concurrent Mark From Roots 40.856ms
[2026-04-03T02:29:19.462+0600][17.493s][info][gc,marking  ] GC(29) Concurrent Preclean
[2026-04-03T02:29:19.462+0600][17.493s][info][gc,marking  ] GC(29) Concurrent Preclean 0.163ms
[2026-04-03T02:29:19.463+0600][17.493s][info][gc,start    ] GC(29) Pause Remark
[2026-04-03T02:29:19.470+0600][17.501s][info][gc          ] GC(29) Pause Remark 151M->151M(276M) 7.772ms
[2026-04-03T02:29:19.470+0600][17.501s][info][gc,cpu      ] GC(29) User=0.03s Sys=0.00s Real=0.01s
[2026-04-03T02:29:19.471+0600][17.501s][info][gc,marking  ] GC(29) Concurrent Mark 49.516ms
[2026-04-03T02:29:19.471+0600][17.501s][info][gc,marking  ] GC(29) Concurrent Rebuild Remembered Sets and Scrub Regions
[2026-04-03T02:29:19.508+0600][17.538s][info][gc,marking  ] GC(29) Concurrent Rebuild Remembered Sets and Scrub Regions 36.944ms
[2026-04-03T02:29:19.508+0600][17.538s][info][gc,start    ] GC(29) Pause Cleanup
[2026-04-03T02:29:19.508+0600][17.539s][info][gc          ] GC(29) Pause Cleanup 166M->166M(276M) 0.362ms
[2026-04-03T02:29:19.509+0600][17.539s][info][gc,cpu      ] GC(29) User=0.00s Sys=0.00s Real=0.00s
[2026-04-03T02:29:19.509+0600][17.539s][info][gc,marking  ] GC(29) Concurrent Clear Claimed Marks
[2026-04-03T02:29:19.509+0600][17.539s][info][gc,marking  ] GC(29) Concurrent Clear Claimed Marks 0.285ms
[2026-04-03T02:29:19.509+0600][17.539s][info][gc,marking  ] GC(29) Concurrent Cleanup for Next Mark
[2026-04-03T02:29:19.510+0600][17.540s][info][gc,marking  ] GC(29) Concurrent Cleanup for Next Mark 0.972ms
[2026-04-03T02:29:19.510+0600][17.540s][info][gc          ] GC(29) Concurrent Mark Cycle 98.128ms
[2026-04-03T02:29:19.893+0600][17.923s][info][gc,start    ] GC(30) Pause Young (Prepare Mixed) (G1 Evacuation Pause)
[2026-04-03T02:29:19.893+0600][17.924s][info][gc,task     ] GC(30) Using 6 workers of 10 for evacuation
[2026-04-03T02:29:19.910+0600][17.940s][info][gc,phases   ] GC(30)   Pre Evacuate Collection Set: 0.33ms
[2026-04-03T02:29:19.910+0600][17.941s][info][gc,phases   ] GC(30)   Merge Heap Roots: 0.16ms
[2026-04-03T02:29:19.910+0600][17.941s][info][gc,phases   ] GC(30)   Evacuate Collection Set: 15.82ms
[2026-04-03T02:29:19.910+0600][17.941s][info][gc,phases   ] GC(30)   Post Evacuate Collection Set: 0.53ms
[2026-04-03T02:29:19.910+0600][17.941s][info][gc,phases   ] GC(30)   Other: 0.11ms
[2026-04-03T02:29:19.910+0600][17.941s][info][gc,heap     ] GC(30) Eden regions: 68->0(50)
[2026-04-03T02:29:19.910+0600][17.941s][info][gc,heap     ] GC(30) Survivor regions: 12->10(10)
[2026-04-03T02:29:19.910+0600][17.941s][info][gc,heap     ] GC(30) Old regions: 94->111
[2026-04-03T02:29:19.910+0600][17.941s][info][gc,heap     ] GC(30) Humongous regions: 94->81
[2026-04-03T02:29:19.910+0600][17.941s][info][gc,metaspace] GC(30) Metaspace: 116671K(117696K)->116671K(117696K) NonClass: 101481K(102016K)->101481K(102016K) Class: 15189K(15680K)->15189K(15680K)
[2026-04-03T02:29:19.910+0600][17.941s][info][gc          ] GC(30) Pause Young (Prepare Mixed) (G1 Evacuation Pause) 267M->202M(295M) 17.314ms
[2026-04-03T02:29:19.910+0600][17.941s][info][gc,cpu      ] GC(30) User=0.11s Sys=0.02s Real=0.02s
[2026-04-03T02:29:20.395+0600][18.425s][info][gc,start    ] GC(31) Pause Young (Mixed) (G1 Evacuation Pause)
[2026-04-03T02:29:20.395+0600][18.425s][info][gc,task     ] GC(31) Using 7 workers of 10 for evacuation
[2026-04-03T02:29:20.399+0600][18.430s][info][gc,phases   ] GC(31)   Pre Evacuate Collection Set: 0.32ms
[2026-04-03T02:29:20.400+0600][18.430s][info][gc,phases   ] GC(31)   Merge Heap Roots: 0.19ms
[2026-04-03T02:29:20.400+0600][18.430s][info][gc,phases   ] GC(31)   Evacuate Collection Set: 3.47ms
[2026-04-03T02:29:20.400+0600][18.430s][info][gc,phases   ] GC(31)   Post Evacuate Collection Set: 0.49ms
[2026-04-03T02:29:20.400+0600][18.430s][info][gc,phases   ] GC(31)   Other: 0.10ms
[2026-04-03T02:29:20.400+0600][18.430s][info][gc,heap     ] GC(31) Eden regions: 50->0(62)
[2026-04-03T02:29:20.400+0600][18.430s][info][gc,heap     ] GC(31) Survivor regions: 10->2(8)
[2026-04-03T02:29:20.400+0600][18.430s][info][gc,heap     ] GC(31) Old regions: 111->117
[2026-04-03T02:29:20.400+0600][18.430s][info][gc,heap     ] GC(31) Humongous regions: 99->69
[2026-04-03T02:29:20.400+0600][18.430s][info][gc,metaspace] GC(31) Metaspace: 116737K(117760K)->116737K(117760K) NonClass: 101548K(102080K)->101548K(102080K) Class: 15189K(15680K)->15189K(15680K)
[2026-04-03T02:29:20.400+0600][18.430s][info][gc          ] GC(31) Pause Young (Mixed) (G1 Evacuation Pause) 270M->187M(295M) 4.957ms
[2026-04-03T02:29:20.400+0600][18.430s][info][gc,cpu      ] GC(31) User=0.03s Sys=0.00s Real=0.01s
[2026-04-03T02:29:20.402+0600][18.432s][info][gc,start    ] GC(32) Pause Young (Concurrent Start) (G1 Humongous Allocation)
[2026-04-03T02:29:20.402+0600][18.432s][info][gc,task     ] GC(32) Using 7 workers of 10 for evacuation
[2026-04-03T02:29:20.404+0600][18.435s][info][gc,phases   ] GC(32)   Pre Evacuate Collection Set: 0.34ms
[2026-04-03T02:29:20.404+0600][18.435s][info][gc,phases   ] GC(32)   Merge Heap Roots: 0.07ms
[2026-04-03T02:29:20.404+0600][18.435s][info][gc,phases   ] GC(32)   Evacuate Collection Set: 1.29ms
[2026-04-03T02:29:20.404+0600][18.435s][info][gc,phases   ] GC(32)   Post Evacuate Collection Set: 0.45ms
[2026-04-03T02:29:20.404+0600][18.435s][info][gc,phases   ] GC(32)   Other: 0.10ms
[2026-04-03T02:29:20.404+0600][18.435s][info][gc,heap     ] GC(32) Eden regions: 1->0(69)
[2026-04-03T02:29:20.404+0600][18.435s][info][gc,heap     ] GC(32) Survivor regions: 2->1(8)
[2026-04-03T02:29:20.404+0600][18.435s][info][gc,heap     ] GC(32) Old regions: 117->117
[2026-04-03T02:29:20.404+0600][18.435s][info][gc,heap     ] GC(32) Humongous regions: 69->67
[2026-04-03T02:29:20.404+0600][18.435s][info][gc,metaspace] GC(32) Metaspace: 116737K(117760K)->116737K(117760K) NonClass: 101548K(102080K)->101548K(102080K) Class: 15189K(15680K)->15189K(15680K)
[2026-04-03T02:29:20.404+0600][18.435s][info][gc          ] GC(32) Pause Young (Concurrent Start) (G1 Humongous Allocation) 187M->183M(295M) 2.598ms
[2026-04-03T02:29:20.404+0600][18.435s][info][gc          ] GC(33) Concurrent Mark Cycle
[2026-04-03T02:29:20.404+0600][18.435s][info][gc,cpu      ] GC(32) User=0.01s Sys=0.01s Real=0.00s
[2026-04-03T02:29:20.404+0600][18.435s][info][gc,marking  ] GC(33) Concurrent Scan Root Regions
[2026-04-03T02:29:20.406+0600][18.437s][info][gc,marking  ] GC(33) Concurrent Scan Root Regions 1.976ms
[2026-04-03T02:29:20.406+0600][18.437s][info][gc,marking  ] GC(33) Concurrent Mark
[2026-04-03T02:29:20.406+0600][18.437s][info][gc,marking  ] GC(33) Concurrent Mark From Roots
[2026-04-03T02:29:20.406+0600][18.437s][info][gc,task     ] GC(33) Using 3 workers of 3 for marking
[2026-04-03T02:29:20.544+0600][18.575s][info][gc,marking  ] GC(33) Concurrent Mark From Roots 137.719ms
[2026-04-03T02:29:20.544+0600][18.575s][info][gc,marking  ] GC(33) Concurrent Preclean
[2026-04-03T02:29:20.545+0600][18.575s][info][gc,marking  ] GC(33) Concurrent Preclean 0.291ms
[2026-04-03T02:29:20.545+0600][18.575s][info][gc,start    ] GC(33) Pause Remark
[2026-04-03T02:29:20.564+0600][18.594s][info][gc          ] GC(33) Pause Remark 207M->184M(295M) 18.616ms
[2026-04-03T02:29:20.564+0600][18.594s][info][gc,cpu      ] GC(33) User=0.11s Sys=0.00s Real=0.02s
[2026-04-03T02:29:20.564+0600][18.594s][info][gc,marking  ] GC(33) Concurrent Mark 157.428ms
[2026-04-03T02:29:20.564+0600][18.594s][info][gc,marking  ] GC(33) Concurrent Rebuild Remembered Sets and Scrub Regions
[2026-04-03T02:29:20.610+0600][18.640s][info][gc,marking  ] GC(33) Concurrent Rebuild Remembered Sets and Scrub Regions 46.115ms
[2026-04-03T02:29:20.610+0600][18.641s][info][gc,start    ] GC(33) Pause Cleanup
[2026-04-03T02:29:20.611+0600][18.641s][info][gc          ] GC(33) Pause Cleanup 189M->189M(295M) 0.515ms
[2026-04-03T02:29:20.611+0600][18.641s][info][gc,cpu      ] GC(33) User=0.01s Sys=0.00s Real=0.00s
[2026-04-03T02:29:20.611+0600][18.642s][info][gc,marking  ] GC(33) Concurrent Clear Claimed Marks
[2026-04-03T02:29:20.611+0600][18.642s][info][gc,marking  ] GC(33) Concurrent Clear Claimed Marks 0.288ms
[2026-04-03T02:29:20.611+0600][18.642s][info][gc,marking  ] GC(33) Concurrent Cleanup for Next Mark
[2026-04-03T02:29:20.612+0600][18.643s][info][gc,marking  ] GC(33) Concurrent Cleanup for Next Mark 0.630ms
[2026-04-03T02:29:20.612+0600][18.643s][info][gc          ] GC(33) Concurrent Mark Cycle 207.894ms
[2026-04-03T02:29:20.979+0600][19.009s][info][gc,start    ] GC(34) Pause Young (Prepare Mixed) (G1 Evacuation Pause)
[2026-04-03T02:29:20.979+0600][19.010s][info][gc,task     ] GC(34) Using 7 workers of 10 for evacuation
[2026-04-03T02:29:20.983+0600][19.013s][info][gc,phases   ] GC(34)   Pre Evacuate Collection Set: 0.33ms
[2026-04-03T02:29:20.983+0600][19.013s][info][gc,phases   ] GC(34)   Merge Heap Roots: 0.16ms
[2026-04-03T02:29:20.983+0600][19.013s][info][gc,phases   ] GC(34)   Evacuate Collection Set: 2.10ms
[2026-04-03T02:29:20.983+0600][19.013s][info][gc,phases   ] GC(34)   Post Evacuate Collection Set: 0.74ms
[2026-04-03T02:29:20.983+0600][19.013s][info][gc,phases   ] GC(34)   Other: 0.14ms
[2026-04-03T02:29:20.983+0600][19.013s][info][gc,heap     ] GC(34) Eden regions: 69->0(86)
[2026-04-03T02:29:20.983+0600][19.013s][info][gc,heap     ] GC(34) Survivor regions: 1->2(9)
[2026-04-03T02:29:20.983+0600][19.013s][info][gc,heap     ] GC(34) Old regions: 113->113
[2026-04-03T02:29:20.983+0600][19.013s][info][gc,heap     ] GC(34) Humongous regions: 68->48
[2026-04-03T02:29:20.983+0600][19.013s][info][gc,metaspace] GC(34) Metaspace: 120198K(121216K)->120198K(121216K) NonClass: 104666K(105216K)->104666K(105216K) Class: 15532K(16000K)->15532K(16000K)
[2026-04-03T02:29:20.983+0600][19.013s][info][gc          ] GC(34) Pause Young (Prepare Mixed) (G1 Evacuation Pause) 249M->161M(295M) 4.042ms
[2026-04-03T02:29:20.983+0600][19.014s][info][gc,cpu      ] GC(34) User=0.02s Sys=0.01s Real=0.01s
[2026-04-03T02:29:21.667+0600][19.697s][info][gc,start    ] GC(35) Pause Young (Mixed) (G1 Evacuation Pause)
[2026-04-03T02:29:21.667+0600][19.697s][info][gc,task     ] GC(35) Using 7 workers of 10 for evacuation
[2026-04-03T02:29:21.685+0600][19.715s][info][gc,phases   ] GC(35)   Pre Evacuate Collection Set: 0.31ms
[2026-04-03T02:29:21.685+0600][19.715s][info][gc,phases   ] GC(35)   Merge Heap Roots: 0.23ms
[2026-04-03T02:29:21.685+0600][19.715s][info][gc,phases   ] GC(35)   Evacuate Collection Set: 15.74ms
[2026-04-03T02:29:21.685+0600][19.715s][info][gc,phases   ] GC(35)   Post Evacuate Collection Set: 1.24ms
[2026-04-03T02:29:21.685+0600][19.715s][info][gc,phases   ] GC(35)   Other: 0.10ms
[2026-04-03T02:29:21.685+0600][19.715s][info][gc,heap     ] GC(35) Eden regions: 86->0(100)
[2026-04-03T02:29:21.685+0600][19.715s][info][gc,heap     ] GC(35) Survivor regions: 2->3(11)
[2026-04-03T02:29:21.685+0600][19.715s][info][gc,heap     ] GC(35) Old regions: 113->97
[2026-04-03T02:29:21.685+0600][19.715s][info][gc,heap     ] GC(35) Humongous regions: 66->48
[2026-04-03T02:29:21.685+0600][19.715s][info][gc,metaspace] GC(35) Metaspace: 121109K(122112K)->121109K(122112K) NonClass: 105488K(106048K)->105488K(106048K) Class: 15620K(16064K)->15620K(16064K)
[2026-04-03T02:29:21.685+0600][19.716s][info][gc          ] GC(35) Pause Young (Mixed) (G1 Evacuation Pause) 265M->146M(295M) 18.140ms
[2026-04-03T02:29:21.685+0600][19.716s][info][gc,cpu      ] GC(35) User=0.08s Sys=0.01s Real=0.02s
[2026-04-03T02:29:21.817+0600][19.847s][info][gc,start    ] GC(36) Pause Young (Concurrent Start) (G1 Humongous Allocation)
[2026-04-03T02:29:21.817+0600][19.847s][info][gc,task     ] GC(36) Using 7 workers of 10 for evacuation
[2026-04-03T02:29:21.820+0600][19.850s][info][gc,phases   ] GC(36)   Pre Evacuate Collection Set: 0.39ms
[2026-04-03T02:29:21.820+0600][19.850s][info][gc,phases   ] GC(36)   Merge Heap Roots: 0.13ms
[2026-04-03T02:29:21.820+0600][19.850s][info][gc,phases   ] GC(36)   Evacuate Collection Set: 1.83ms
[2026-04-03T02:29:21.820+0600][19.850s][info][gc,phases   ] GC(36)   Post Evacuate Collection Set: 0.68ms
[2026-04-03T02:29:21.820+0600][19.850s][info][gc,phases   ] GC(36)   Other: 0.19ms
[2026-04-03T02:29:21.820+0600][19.850s][info][gc,heap     ] GC(36) Eden regions: 34->0(107)
[2026-04-03T02:29:21.820+0600][19.850s][info][gc,heap     ] GC(36) Survivor regions: 3->2(13)
[2026-04-03T02:29:21.820+0600][19.850s][info][gc,heap     ] GC(36) Old regions: 97->97
[2026-04-03T02:29:21.820+0600][19.850s][info][gc,heap     ] GC(36) Humongous regions: 48->48
[2026-04-03T02:29:21.820+0600][19.850s][info][gc,metaspace] GC(36) Metaspace: 121141K(122176K)->121141K(122176K) NonClass: 105520K(106112K)->105520K(106112K) Class: 15620K(16064K)->15620K(16064K)
[2026-04-03T02:29:21.820+0600][19.850s][info][gc          ] GC(36) Pause Young (Concurrent Start) (G1 Humongous Allocation) 180M->145M(295M) 3.522ms
[2026-04-03T02:29:21.820+0600][19.851s][info][gc          ] GC(37) Concurrent Mark Cycle
[2026-04-03T02:29:21.820+0600][19.851s][info][gc,cpu      ] GC(36) User=0.02s Sys=0.00s Real=0.01s
[2026-04-03T02:29:21.820+0600][19.851s][info][gc,marking  ] GC(37) Concurrent Scan Root Regions
[2026-04-03T02:29:21.822+0600][19.852s][info][gc,marking  ] GC(37) Concurrent Scan Root Regions 1.558ms
[2026-04-03T02:29:21.822+0600][19.852s][info][gc,marking  ] GC(37) Concurrent Mark
[2026-04-03T02:29:21.822+0600][19.852s][info][gc,marking  ] GC(37) Concurrent Mark From Roots
[2026-04-03T02:29:21.822+0600][19.852s][info][gc,task     ] GC(37) Using 3 workers of 3 for marking
[2026-04-03T02:29:21.889+0600][19.919s][info][gc,marking  ] GC(37) Concurrent Mark From Roots 66.926ms
[2026-04-03T02:29:21.889+0600][19.919s][info][gc,marking  ] GC(37) Concurrent Preclean
[2026-04-03T02:29:21.889+0600][19.920s][info][gc,marking  ] GC(37) Concurrent Preclean 0.342ms
[2026-04-03T02:29:21.890+0600][19.920s][info][gc,start    ] GC(37) Pause Remark
[2026-04-03T02:29:21.896+0600][19.927s][info][gc          ] GC(37) Pause Remark 163M->150M(295M) 6.949ms
[2026-04-03T02:29:21.897+0600][19.927s][info][gc,cpu      ] GC(37) User=0.05s Sys=0.00s Real=0.01s
[2026-04-03T02:29:21.897+0600][19.927s][info][gc,marking  ] GC(37) Concurrent Mark 75.068ms
[2026-04-03T02:29:21.897+0600][19.927s][info][gc,marking  ] GC(37) Concurrent Rebuild Remembered Sets and Scrub Regions
[2026-04-03T02:29:21.936+0600][19.967s][info][gc,marking  ] GC(37) Concurrent Rebuild Remembered Sets and Scrub Regions 39.321ms
[2026-04-03T02:29:21.937+0600][19.967s][info][gc,start    ] GC(37) Pause Cleanup
[2026-04-03T02:29:21.937+0600][19.967s][info][gc          ] GC(37) Pause Cleanup 157M->157M(295M) 0.426ms
[2026-04-03T02:29:21.937+0600][19.967s][info][gc,cpu      ] GC(37) User=0.00s Sys=0.00s Real=0.00s
[2026-04-03T02:29:21.937+0600][19.968s][info][gc,marking  ] GC(37) Concurrent Clear Claimed Marks
[2026-04-03T02:29:21.937+0600][19.968s][info][gc,marking  ] GC(37) Concurrent Clear Claimed Marks 0.284ms
[2026-04-03T02:29:21.937+0600][19.968s][info][gc,marking  ] GC(37) Concurrent Cleanup for Next Mark
[2026-04-03T02:29:21.938+0600][19.968s][info][gc,marking  ] GC(37) Concurrent Cleanup for Next Mark 0.566ms
[2026-04-03T02:29:21.938+0600][19.969s][info][gc          ] GC(37) Concurrent Mark Cycle 118.055ms
[2026-04-03T02:29:22.215+0600][20.245s][info][gc,start    ] GC(38) Pause Young (Prepare Mixed) (G1 Evacuation Pause)
[2026-04-03T02:29:22.215+0600][20.245s][info][gc,task     ] GC(38) Using 7 workers of 10 for evacuation
[2026-04-03T02:29:22.219+0600][20.249s][info][gc,phases   ] GC(38)   Pre Evacuate Collection Set: 0.25ms
[2026-04-03T02:29:22.219+0600][20.249s][info][gc,phases   ] GC(38)   Merge Heap Roots: 0.11ms
[2026-04-03T02:29:22.219+0600][20.249s][info][gc,phases   ] GC(38)   Evacuate Collection Set: 2.56ms
[2026-04-03T02:29:22.219+0600][20.249s][info][gc,phases   ] GC(38)   Post Evacuate Collection Set: 0.72ms
[2026-04-03T02:29:22.219+0600][20.249s][info][gc,phases   ] GC(38)   Other: 0.10ms
[2026-04-03T02:29:22.219+0600][20.249s][info][gc,heap     ] GC(38) Eden regions: 107->0(120)
[2026-04-03T02:29:22.219+0600][20.249s][info][gc,heap     ] GC(38) Survivor regions: 2->4(14)
[2026-04-03T02:29:22.219+0600][20.249s][info][gc,heap     ] GC(38) Old regions: 91->91
[2026-04-03T02:29:22.219+0600][20.249s][info][gc,heap     ] GC(38) Humongous regions: 67->40
[2026-04-03T02:29:22.219+0600][20.249s][info][gc,metaspace] GC(38) Metaspace: 121542K(122624K)->121542K(122624K) NonClass: 105853K(106432K)->105853K(106432K) Class: 15689K(16192K)->15689K(16192K)
[2026-04-03T02:29:22.219+0600][20.249s][info][gc          ] GC(38) Pause Young (Prepare Mixed) (G1 Evacuation Pause) 266M->134M(295M) 4.040ms
[2026-04-03T02:29:22.219+0600][20.249s][info][gc,cpu      ] GC(38) User=0.02s Sys=0.01s Real=0.00s
[2026-04-03T02:29:22.397+0600][20.427s][info][gc,start    ] GC(39) Pause Full (System.gc())
[2026-04-03T02:29:22.397+0600][20.427s][info][gc,task     ] GC(39) Using 7 workers of 10 for full compaction
[2026-04-03T02:29:22.397+0600][20.428s][info][gc,phases,start] GC(39) Phase 1: Mark live objects
[2026-04-03T02:29:22.495+0600][20.525s][info][gc,phases      ] GC(39) Phase 1: Mark live objects 97.683ms
[2026-04-03T02:29:22.495+0600][20.525s][info][gc,phases,start] GC(39) Phase 2: Prepare compaction
[2026-04-03T02:29:22.502+0600][20.532s][info][gc,phases      ] GC(39) Phase 2: Prepare compaction 6.853ms
[2026-04-03T02:29:22.502+0600][20.532s][info][gc,phases,start] GC(39) Phase 3: Adjust pointers
[2026-04-03T02:29:22.520+0600][20.550s][info][gc,phases      ] GC(39) Phase 3: Adjust pointers 17.912ms
[2026-04-03T02:29:22.520+0600][20.550s][info][gc,phases,start] GC(39) Phase 4: Compact heap
[2026-04-03T02:29:22.530+0600][20.560s][info][gc,phases      ] GC(39) Phase 4: Compact heap 9.845ms
[2026-04-03T02:29:22.530+0600][20.560s][info][gc,phases,start] GC(39) Phase 5: Reset Metadata
[2026-04-03T02:29:22.533+0600][20.564s][info][gc,phases      ] GC(39) Phase 5: Reset Metadata 3.368ms
[2026-04-03T02:29:22.544+0600][20.574s][info][gc,heap        ] GC(39) Eden regions: 74->0(140)
[2026-04-03T02:29:22.544+0600][20.574s][info][gc,heap        ] GC(39) Survivor regions: 4->0(14)
[2026-04-03T02:29:22.544+0600][20.574s][info][gc,heap        ] GC(39) Old regions: 91->73
[2026-04-03T02:29:22.544+0600][20.574s][info][gc,heap        ] GC(39) Humongous regions: 57->8
[2026-04-03T02:29:22.544+0600][20.574s][info][gc,metaspace   ] GC(39) Metaspace: 121848K(123008K)->121843K(123008K) NonClass: 106113K(106752K)->106109K(106752K) Class: 15735K(16256K)->15733K(16256K)
[2026-04-03T02:29:22.544+0600][20.575s][info][gc             ] GC(39) Pause Full (System.gc()) 224M->77M(270M) 147.440ms
[2026-04-03T02:29:22.544+0600][20.575s][info][gc,cpu         ] GC(39) User=0.93s Sys=0.04s Real=0.15s
[2026-04-03T02:29:22.580+0600][20.611s][info][gc,start       ] GC(40) Pause Young (Concurrent Start) (G1 Humongous Allocation)
[2026-04-03T02:29:22.580+0600][20.611s][info][gc,task        ] GC(40) Using 6 workers of 10 for evacuation
[2026-04-03T02:29:22.583+0600][20.614s][info][gc,phases      ] GC(40)   Pre Evacuate Collection Set: 0.55ms
[2026-04-03T02:29:22.584+0600][20.614s][info][gc,phases      ] GC(40)   Merge Heap Roots: 0.11ms
[2026-04-03T02:29:22.584+0600][20.614s][info][gc,phases      ] GC(40)   Evacuate Collection Set: 1.47ms
[2026-04-03T02:29:22.584+0600][20.614s][info][gc,phases      ] GC(40)   Post Evacuate Collection Set: 0.69ms
[2026-04-03T02:29:22.584+0600][20.614s][info][gc,phases      ] GC(40)   Other: 0.32ms
[2026-04-03T02:29:22.584+0600][20.614s][info][gc,heap        ] GC(40) Eden regions: 6->0(145)
[2026-04-03T02:29:22.584+0600][20.614s][info][gc,heap        ] GC(40) Survivor regions: 0->1(18)
[2026-04-03T02:29:22.584+0600][20.614s][info][gc,heap        ] GC(40) Old regions: 73->73
[2026-04-03T02:29:22.584+0600][20.614s][info][gc,heap        ] GC(40) Humongous regions: 8->8
[2026-04-03T02:29:22.584+0600][20.614s][info][gc,metaspace   ] GC(40) Metaspace: 121927K(123072K)->121927K(123072K) NonClass: 106185K(106816K)->106185K(106816K) Class: 15741K(16256K)->15741K(16256K)
[2026-04-03T02:29:22.584+0600][20.614s][info][gc             ] GC(40) Pause Young (Concurrent Start) (G1 Humongous Allocation) 83M->78M(270M) 3.523ms
[2026-04-03T02:29:22.584+0600][20.614s][info][gc,cpu         ] GC(40) User=0.01s Sys=0.00s Real=0.00s
[2026-04-03T02:29:22.584+0600][20.614s][info][gc             ] GC(41) Concurrent Mark Cycle
[2026-04-03T02:29:22.584+0600][20.614s][info][gc,marking     ] GC(41) Concurrent Scan Root Regions
[2026-04-03T02:29:22.586+0600][20.616s][info][gc,marking     ] GC(41) Concurrent Scan Root Regions 1.724ms
[2026-04-03T02:29:22.586+0600][20.616s][info][gc,marking     ] GC(41) Concurrent Mark
[2026-04-03T02:29:22.586+0600][20.616s][info][gc,marking     ] GC(41) Concurrent Mark From Roots
[2026-04-03T02:29:22.586+0600][20.616s][info][gc,task        ] GC(41) Using 3 workers of 3 for marking
[2026-04-03T02:29:22.686+0600][20.717s][info][gc,marking     ] GC(41) Concurrent Mark From Roots 100.416ms
[2026-04-03T02:29:22.686+0600][20.717s][info][gc,marking     ] GC(41) Concurrent Preclean
[2026-04-03T02:29:22.687+0600][20.717s][info][gc,marking     ] GC(41) Concurrent Preclean 0.588ms
[2026-04-03T02:29:22.687+0600][20.718s][info][gc,start       ] GC(41) Pause Remark
[2026-04-03T02:29:22.695+0600][20.725s][info][gc             ] GC(41) Pause Remark 87M->87M(270M) 7.584ms
[2026-04-03T02:29:22.695+0600][20.725s][info][gc,cpu         ] GC(41) User=0.04s Sys=0.00s Real=0.01s
[2026-04-03T02:29:22.695+0600][20.726s][info][gc,marking     ] GC(41) Concurrent Mark 109.315ms
[2026-04-03T02:29:22.695+0600][20.726s][info][gc,marking     ] GC(41) Concurrent Rebuild Remembered Sets and Scrub Regions
[2026-04-03T02:29:22.718+0600][20.748s][info][gc,marking     ] GC(41) Concurrent Rebuild Remembered Sets and Scrub Regions 22.727ms
[2026-04-03T02:29:22.718+0600][20.749s][info][gc,start       ] GC(41) Pause Cleanup
[2026-04-03T02:29:22.718+0600][20.749s][info][gc             ] GC(41) Pause Cleanup 87M->87M(270M) 0.214ms
[2026-04-03T02:29:22.718+0600][20.749s][info][gc,cpu         ] GC(41) User=0.00s Sys=0.00s Real=0.00s
[2026-04-03T02:29:22.718+0600][20.749s][info][gc,marking     ] GC(41) Concurrent Clear Claimed Marks
[2026-04-03T02:29:22.719+0600][20.749s][info][gc,marking     ] GC(41) Concurrent Clear Claimed Marks 0.265ms
[2026-04-03T02:29:22.719+0600][20.749s][info][gc,marking     ] GC(41) Concurrent Cleanup for Next Mark
[2026-04-03T02:29:22.719+0600][20.750s][info][gc,marking     ] GC(41) Concurrent Cleanup for Next Mark 0.557ms
[2026-04-03T02:29:22.719+0600][20.750s][info][gc             ] GC(41) Concurrent Mark Cycle 135.570ms
[2026-04-03T02:29:23.237+0600][21.268s][info][gc,start       ] GC(42) Pause Young (Prepare Mixed) (G1 Evacuation Pause)
[2026-04-03T02:29:23.237+0600][21.268s][info][gc,task        ] GC(42) Using 8 workers of 10 for evacuation
[2026-04-03T02:29:23.242+0600][21.272s][info][gc,phases      ] GC(42)   Pre Evacuate Collection Set: 0.22ms
[2026-04-03T02:29:23.242+0600][21.272s][info][gc,phases      ] GC(42)   Merge Heap Roots: 0.17ms
[2026-04-03T02:29:23.242+0600][21.272s][info][gc,phases      ] GC(42)   Evacuate Collection Set: 3.34ms
[2026-04-03T02:29:23.242+0600][21.272s][info][gc,phases      ] GC(42)   Post Evacuate Collection Set: 0.69ms
[2026-04-03T02:29:23.242+0600][21.272s][info][gc,phases      ] GC(42)   Other: 0.11ms
[2026-04-03T02:29:23.242+0600][21.272s][info][gc,heap        ] GC(42) Eden regions: 61->0(210)
[2026-04-03T02:29:23.242+0600][21.272s][info][gc,heap        ] GC(42) Survivor regions: 1->5(19)
[2026-04-03T02:29:23.242+0600][21.272s][info][gc,heap        ] GC(42) Old regions: 73->73
[2026-04-03T02:29:23.242+0600][21.272s][info][gc,heap        ] GC(42) Humongous regions: 230->23
[2026-04-03T02:29:23.242+0600][21.272s][info][gc,metaspace   ] GC(42) Metaspace: 122957K(124096K)->122957K(124096K) NonClass: 107062K(107648K)->107062K(107648K) Class: 15895K(16448K)->15895K(16448K)
[2026-04-03T02:29:23.242+0600][21.272s][info][gc             ] GC(42) Pause Young (Prepare Mixed) (G1 Evacuation Pause) 361M->97M(370M) 4.789ms
[2026-04-03T02:29:23.242+0600][21.273s][info][gc,cpu         ] GC(42) User=0.02s Sys=0.00s Real=0.01s
[2026-04-03T02:29:23.709+0600][21.740s][info][gc,start       ] GC(43) Pause Young (Mixed) (G1 Evacuation Pause)
[2026-04-03T02:29:23.709+0600][21.740s][info][gc,task        ] GC(43) Using 10 workers of 10 for evacuation
[2026-04-03T02:29:23.714+0600][21.745s][info][gc,phases      ] GC(43)   Pre Evacuate Collection Set: 0.29ms
[2026-04-03T02:29:23.714+0600][21.745s][info][gc,phases      ] GC(43)   Merge Heap Roots: 0.13ms
[2026-04-03T02:29:23.714+0600][21.745s][info][gc,phases      ] GC(43)   Evacuate Collection Set: 3.47ms
[2026-04-03T02:29:23.714+0600][21.745s][info][gc,phases      ] GC(43)   Post Evacuate Collection Set: 0.84ms
[2026-04-03T02:29:23.714+0600][21.745s][info][gc,phases      ] GC(43)   Other: 0.10ms
[2026-04-03T02:29:23.714+0600][21.745s][info][gc,heap        ] GC(43) Eden regions: 65->0(321)
[2026-04-03T02:29:23.714+0600][21.745s][info][gc,heap        ] GC(43) Survivor regions: 5->7(27)
[2026-04-03T02:29:23.714+0600][21.745s][info][gc,heap        ] GC(43) Old regions: 73->73
[2026-04-03T02:29:23.715+0600][21.745s][info][gc,heap        ] GC(43) Humongous regions: 397->23
[2026-04-03T02:29:23.715+0600][21.745s][info][gc,metaspace   ] GC(43) Metaspace: 123178K(124288K)->123178K(124288K) NonClass: 107248K(107840K)->107248K(107840K) Class: 15930K(16448K)->15930K(16448K)
[2026-04-03T02:29:23.715+0600][21.745s][info][gc             ] GC(43) Pause Young (Mixed) (G1 Evacuation Pause) 536M->98M(548M) 5.219ms
[2026-04-03T02:29:23.715+0600][21.745s][info][gc,cpu         ] GC(43) User=0.03s Sys=0.02s Real=0.01s
[2026-04-03T02:29:23.715+0600][21.745s][info][gc,start       ] GC(44) Pause Young (Concurrent Start) (G1 Humongous Allocation)
[2026-04-03T02:29:23.715+0600][21.745s][info][gc,task        ] GC(44) Using 10 workers of 10 for evacuation
[2026-04-03T02:29:23.718+0600][21.748s][info][gc,phases      ] GC(44)   Pre Evacuate Collection Set: 0.23ms
[2026-04-03T02:29:23.718+0600][21.748s][info][gc,phases      ] GC(44)   Merge Heap Roots: 0.06ms
[2026-04-03T02:29:23.718+0600][21.748s][info][gc,phases      ] GC(44)   Evacuate Collection Set: 1.90ms
[2026-04-03T02:29:23.718+0600][21.748s][info][gc,phases      ] GC(44)   Post Evacuate Collection Set: 0.42ms
[2026-04-03T02:29:23.718+0600][21.748s][info][gc,phases      ] GC(44)   Other: 0.10ms
[2026-04-03T02:29:23.718+0600][21.748s][info][gc,heap        ] GC(44) Eden regions: 2->0(321)
[2026-04-03T02:29:23.718+0600][21.748s][info][gc,heap        ] GC(44) Survivor regions: 7->7(41)
[2026-04-03T02:29:23.718+0600][21.748s][info][gc,heap        ] GC(44) Old regions: 73->73
[2026-04-03T02:29:23.718+0600][21.748s][info][gc,heap        ] GC(44) Humongous regions: 23->23
[2026-04-03T02:29:23.718+0600][21.748s][info][gc,metaspace   ] GC(44) Metaspace: 123178K(124288K)->123178K(124288K) NonClass: 107248K(107840K)->107248K(107840K) Class: 15930K(16448K)->15930K(16448K)
[2026-04-03T02:29:23.718+0600][21.748s][info][gc             ] GC(44) Pause Young (Concurrent Start) (G1 Humongous Allocation) 100M->98M(548M) 2.966ms
[2026-04-03T02:29:23.718+0600][21.748s][info][gc             ] GC(45) Concurrent Mark Cycle
[2026-04-03T02:29:23.718+0600][21.748s][info][gc,cpu         ] GC(44) User=0.02s Sys=0.00s Real=0.00s
[2026-04-03T02:29:23.718+0600][21.748s][info][gc,marking     ] GC(45) Concurrent Scan Root Regions
[2026-04-03T02:29:23.724+0600][21.755s][info][gc,marking     ] GC(45) Concurrent Scan Root Regions 6.459ms
[2026-04-03T02:29:23.725+0600][21.755s][info][gc,marking     ] GC(45) Concurrent Mark
[2026-04-03T02:29:23.725+0600][21.755s][info][gc,marking     ] GC(45) Concurrent Mark From Roots
[2026-04-03T02:29:23.725+0600][21.755s][info][gc,task        ] GC(45) Using 3 workers of 3 for marking
[2026-04-03T02:29:23.818+0600][21.848s][info][gc,marking     ] GC(45) Concurrent Mark From Roots 93.265ms
[2026-04-03T02:29:23.818+0600][21.848s][info][gc,marking     ] GC(45) Concurrent Preclean
[2026-04-03T02:29:23.818+0600][21.849s][info][gc,marking     ] GC(45) Concurrent Preclean 0.236ms
[2026-04-03T02:29:23.819+0600][21.849s][info][gc,start       ] GC(45) Pause Remark
[2026-04-03T02:29:23.827+0600][21.857s][info][gc             ] GC(45) Pause Remark 243M->243M(548M) 7.843ms
[2026-04-03T02:29:23.827+0600][21.857s][info][gc,cpu         ] GC(45) User=0.05s Sys=0.00s Real=0.01s
[2026-04-03T02:29:23.831+0600][21.861s][info][gc,marking     ] GC(45) Concurrent Mark 106.242ms
[2026-04-03T02:29:23.831+0600][21.861s][info][gc,marking     ] GC(45) Concurrent Rebuild Remembered Sets and Scrub Regions
[2026-04-03T02:29:23.892+0600][21.922s][info][gc,marking     ] GC(45) Concurrent Rebuild Remembered Sets and Scrub Regions 60.886ms
[2026-04-03T02:29:23.892+0600][21.923s][info][gc,start       ] GC(45) Pause Cleanup
[2026-04-03T02:29:23.892+0600][21.923s][info][gc             ] GC(45) Pause Cleanup 257M->257M(548M) 0.258ms
[2026-04-03T02:29:23.893+0600][21.923s][info][gc,cpu         ] GC(45) User=0.00s Sys=0.00s Real=0.00s
[2026-04-03T02:29:23.893+0600][21.923s][info][gc,marking     ] GC(45) Concurrent Clear Claimed Marks
[2026-04-03T02:29:23.893+0600][21.924s][info][gc,marking     ] GC(45) Concurrent Clear Claimed Marks 0.494ms
[2026-04-03T02:29:23.894+0600][21.924s][info][gc,marking     ] GC(45) Concurrent Cleanup for Next Mark
[2026-04-03T02:29:23.899+0600][21.929s][info][gc,marking     ] GC(45) Concurrent Cleanup for Next Mark 5.169ms
[2026-04-03T02:29:23.899+0600][21.929s][info][gc             ] GC(45) Concurrent Mark Cycle 180.952ms
[2026-04-03T02:29:25.453+0600][23.483s][info][gc,start       ] GC(46) Pause Young (Prepare Mixed) (G1 Evacuation Pause)
[2026-04-03T02:29:25.453+0600][23.483s][info][gc,task        ] GC(46) Using 10 workers of 10 for evacuation
[2026-04-03T02:29:25.458+0600][23.489s][info][gc,phases      ] GC(46)   Pre Evacuate Collection Set: 0.46ms
[2026-04-03T02:29:25.458+0600][23.489s][info][gc,phases      ] GC(46)   Merge Heap Roots: 0.20ms
[2026-04-03T02:29:25.459+0600][23.489s][info][gc,phases      ] GC(46)   Evacuate Collection Set: 3.44ms
[2026-04-03T02:29:25.459+0600][23.489s][info][gc,phases      ] GC(46)   Post Evacuate Collection Set: 1.25ms
[2026-04-03T02:29:25.459+0600][23.489s][info][gc,phases      ] GC(46)   Other: 0.15ms
[2026-04-03T02:29:25.459+0600][23.489s][info][gc,heap        ] GC(46) Eden regions: 227->0(353)
[2026-04-03T02:29:25.459+0600][23.489s][info][gc,heap        ] GC(46) Survivor regions: 7->5(41)
[2026-04-03T02:29:25.459+0600][23.489s][info][gc,heap        ] GC(46) Old regions: 73->73
[2026-04-03T02:29:25.459+0600][23.489s][info][gc,heap        ] GC(46) Humongous regions: 241->8
[2026-04-03T02:29:25.459+0600][23.489s][info][gc,metaspace   ] GC(46) Metaspace: 127392K(128832K)->127392K(128832K) NonClass: 110949K(111744K)->110949K(111744K) Class: 16442K(17088K)->16442K(17088K)
[2026-04-03T02:29:25.459+0600][23.489s][info][gc             ] GC(46) Pause Young (Prepare Mixed) (G1 Evacuation Pause) 543M->82M(598M) 5.810ms
[2026-04-03T02:29:25.459+0600][23.489s][info][gc,cpu         ] GC(46) User=0.02s Sys=0.00s Real=0.00s
[2026-04-03T02:29:26.391+0600][24.422s][info][gc,start       ] GC(47) Pause Young (Mixed) (G1 Evacuation Pause)
[2026-04-03T02:29:26.392+0600][24.422s][info][gc,task        ] GC(47) Using 10 workers of 10 for evacuation
[2026-04-03T02:29:26.400+0600][24.430s][info][gc,phases      ] GC(47)   Pre Evacuate Collection Set: 0.47ms
[2026-04-03T02:29:26.400+0600][24.430s][info][gc,phases      ] GC(47)   Merge Heap Roots: 0.39ms
[2026-04-03T02:29:26.400+0600][24.430s][info][gc,phases      ] GC(47)   Evacuate Collection Set: 6.09ms
[2026-04-03T02:29:26.400+0600][24.430s][info][gc,phases      ] GC(47)   Post Evacuate Collection Set: 1.00ms
[2026-04-03T02:29:26.400+0600][24.430s][info][gc,phases      ] GC(47)   Other: 0.19ms
[2026-04-03T02:29:26.400+0600][24.430s][info][gc,heap        ] GC(47) Eden regions: 318->0(357)
[2026-04-03T02:29:26.400+0600][24.430s][info][gc,heap        ] GC(47) Survivor regions: 5->10(45)
[2026-04-03T02:29:26.400+0600][24.430s][info][gc,heap        ] GC(47) Old regions: 73->72
[2026-04-03T02:29:26.400+0600][24.430s][info][gc,heap        ] GC(47) Humongous regions: 206->12
[2026-04-03T02:29:26.400+0600][24.430s][info][gc,metaspace   ] GC(47) Metaspace: 128076K(129536K)->128076K(129536K) NonClass: 111610K(112384K)->111610K(112384K) Class: 16465K(17152K)->16465K(17152K)
[2026-04-03T02:29:26.400+0600][24.430s][info][gc             ] GC(47) Pause Young (Mixed) (G1 Evacuation Pause) 598M->91M(612M) 8.488ms
[2026-04-03T02:29:26.400+0600][24.430s][info][gc,cpu         ] GC(47) User=0.04s Sys=0.02s Real=0.01s
[2026-04-03T02:29:26.407+0600][24.437s][info][gc,start       ] GC(48) Pause Young (Concurrent Start) (G1 Humongous Allocation)
[2026-04-03T02:29:26.407+0600][24.438s][info][gc,task        ] GC(48) Using 10 workers of 10 for evacuation
[2026-04-03T02:29:26.413+0600][24.443s][info][gc,phases      ] GC(48)   Pre Evacuate Collection Set: 0.40ms
[2026-04-03T02:29:26.413+0600][24.443s][info][gc,phases      ] GC(48)   Merge Heap Roots: 0.13ms
[2026-04-03T02:29:26.413+0600][24.443s][info][gc,phases      ] GC(48)   Evacuate Collection Set: 4.14ms
[2026-04-03T02:29:26.413+0600][24.443s][info][gc,phases      ] GC(48)   Post Evacuate Collection Set: 0.75ms
[2026-04-03T02:29:26.413+0600][24.443s][info][gc,phases      ] GC(48)   Other: 0.15ms
[2026-04-03T02:29:26.413+0600][24.443s][info][gc,heap        ] GC(48) Eden regions: 7->0(360)
[2026-04-03T02:29:26.413+0600][24.443s][info][gc,heap        ] GC(48) Survivor regions: 10->7(46)
[2026-04-03T02:29:26.413+0600][24.443s][info][gc,heap        ] GC(48) Old regions: 72->72
[2026-04-03T02:29:26.413+0600][24.443s][info][gc,heap        ] GC(48) Humongous regions: 12->8
[2026-04-03T02:29:26.413+0600][24.443s][info][gc,metaspace   ] GC(48) Metaspace: 128076K(129536K)->128076K(129536K) NonClass: 111611K(112384K)->111611K(112384K) Class: 16465K(17152K)->16465K(17152K)
[2026-04-03T02:29:26.413+0600][24.443s][info][gc             ] GC(48) Pause Young (Concurrent Start) (G1 Humongous Allocation) 97M->84M(612M) 6.028ms
[2026-04-03T02:29:26.413+0600][24.444s][info][gc             ] GC(49) Concurrent Mark Cycle
[2026-04-03T02:29:26.413+0600][24.444s][info][gc,marking     ] GC(49) Concurrent Scan Root Regions
[2026-04-03T02:29:26.413+0600][24.444s][info][gc,cpu         ] GC(48) User=0.05s Sys=0.00s Real=0.01s
[2026-04-03T02:29:26.417+0600][24.448s][info][gc,marking     ] GC(49) Concurrent Scan Root Regions 4.154ms
[2026-04-03T02:29:26.417+0600][24.448s][info][gc,marking     ] GC(49) Concurrent Mark
[2026-04-03T02:29:26.417+0600][24.448s][info][gc,marking     ] GC(49) Concurrent Mark From Roots
[2026-04-03T02:29:26.417+0600][24.448s][info][gc,task        ] GC(49) Using 3 workers of 3 for marking
[2026-04-03T02:29:26.541+0600][24.571s][info][gc,marking     ] GC(49) Concurrent Mark From Roots 123.053ms
[2026-04-03T02:29:26.541+0600][24.571s][info][gc,marking     ] GC(49) Concurrent Preclean
[2026-04-03T02:29:26.541+0600][24.571s][info][gc,marking     ] GC(49) Concurrent Preclean 0.299ms
[2026-04-03T02:29:26.541+0600][24.572s][info][gc,start       ] GC(49) Pause Remark
[2026-04-03T02:29:26.550+0600][24.580s][info][gc             ] GC(49) Pause Remark 158M->158M(417M) 8.314ms
[2026-04-03T02:29:26.550+0600][24.580s][info][gc,cpu         ] GC(49) User=0.05s Sys=0.00s Real=0.01s
[2026-04-03T02:29:26.551+0600][24.581s][info][gc,marking     ] GC(49) Concurrent Mark 133.081ms
[2026-04-03T02:29:26.551+0600][24.581s][info][gc,marking     ] GC(49) Concurrent Rebuild Remembered Sets and Scrub Regions
[2026-04-03T02:29:26.600+0600][24.630s][info][gc,marking     ] GC(49) Concurrent Rebuild Remembered Sets and Scrub Regions 48.918ms
[2026-04-03T02:29:26.600+0600][24.630s][info][gc,start       ] GC(49) Pause Cleanup
[2026-04-03T02:29:26.600+0600][24.631s][info][gc             ] GC(49) Pause Cleanup 190M->190M(417M) 0.267ms
[2026-04-03T02:29:26.600+0600][24.631s][info][gc,cpu         ] GC(49) User=0.00s Sys=0.00s Real=0.00s
[2026-04-03T02:29:26.601+0600][24.631s][info][gc,marking     ] GC(49) Concurrent Clear Claimed Marks
[2026-04-03T02:29:26.601+0600][24.632s][info][gc,marking     ] GC(49) Concurrent Clear Claimed Marks 0.506ms
[2026-04-03T02:29:26.601+0600][24.632s][info][gc,marking     ] GC(49) Concurrent Cleanup for Next Mark
[2026-04-03T02:29:26.603+0600][24.633s][info][gc,marking     ] GC(49) Concurrent Cleanup for Next Mark 1.711ms
[2026-04-03T02:29:26.603+0600][24.633s][info][gc             ] GC(49) Concurrent Mark Cycle 189.872ms
[2026-04-03T02:29:26.877+0600][24.908s][info][gc,start       ] GC(50) Pause Young (Prepare Mixed) (G1 Evacuation Pause)
[2026-04-03T02:29:26.877+0600][24.908s][info][gc,task        ] GC(50) Using 10 workers of 10 for evacuation
[2026-04-03T02:29:26.885+0600][24.915s][info][gc,phases      ] GC(50)   Pre Evacuate Collection Set: 0.48ms
[2026-04-03T02:29:26.885+0600][24.916s][info][gc,phases      ] GC(50)   Merge Heap Roots: 0.31ms
[2026-04-03T02:29:26.885+0600][24.916s][info][gc,phases      ] GC(50)   Evacuate Collection Set: 5.78ms
[2026-04-03T02:29:26.885+0600][24.916s][info][gc,phases      ] GC(50)   Post Evacuate Collection Set: 0.95ms
[2026-04-03T02:29:26.885+0600][24.916s][info][gc,phases      ] GC(50)   Other: 0.14ms
[2026-04-03T02:29:26.885+0600][24.916s][info][gc,heap        ] GC(50) Eden regions: 187->0(247)
[2026-04-03T02:29:26.885+0600][24.916s][info][gc,heap        ] GC(50) Survivor regions: 7->8(32)
[2026-04-03T02:29:26.885+0600][24.916s][info][gc,heap        ] GC(50) Old regions: 72->72
[2026-04-03T02:29:26.885+0600][24.916s][info][gc,heap        ] GC(50) Humongous regions: 151->8
[2026-04-03T02:29:26.885+0600][24.916s][info][gc,metaspace   ] GC(50) Metaspace: 128328K(129856K)->128328K(129856K) NonClass: 111856K(112704K)->111856K(112704K) Class: 16471K(17152K)->16471K(17152K)
[2026-04-03T02:29:26.885+0600][24.916s][info][gc             ] GC(50) Pause Young (Prepare Mixed) (G1 Evacuation Pause) 414M->85M(425M) 8.075ms
[2026-04-03T02:29:26.885+0600][24.916s][info][gc,cpu         ] GC(50) User=0.05s Sys=0.01s Real=0.01s
[2026-04-03T02:29:27.438+0600][25.468s][info][gc,start       ] GC(51) Pause Young (Mixed) (G1 Evacuation Pause)
[2026-04-03T02:29:27.438+0600][25.468s][info][gc,task        ] GC(51) Using 10 workers of 10 for evacuation
[2026-04-03T02:29:27.443+0600][25.473s][info][gc,phases      ] GC(51)   Pre Evacuate Collection Set: 0.43ms
[2026-04-03T02:29:27.443+0600][25.473s][info][gc,phases      ] GC(51)   Merge Heap Roots: 0.15ms
[2026-04-03T02:29:27.443+0600][25.473s][info][gc,phases      ] GC(51)   Evacuate Collection Set: 3.12ms
[2026-04-03T02:29:27.443+0600][25.473s][info][gc,phases      ] GC(51)   Post Evacuate Collection Set: 0.89ms
[2026-04-03T02:29:27.443+0600][25.473s][info][gc,phases      ] GC(51)   Other: 0.09ms
[2026-04-03T02:29:27.443+0600][25.473s][info][gc,heap        ] GC(51) Eden regions: 206->0(252)
[2026-04-03T02:29:27.443+0600][25.473s][info][gc,heap        ] GC(51) Survivor regions: 8->7(32)
[2026-04-03T02:29:27.443+0600][25.473s][info][gc,heap        ] GC(51) Old regions: 72->72
[2026-04-03T02:29:27.443+0600][25.473s][info][gc,heap        ] GC(51) Humongous regions: 139->8
[2026-04-03T02:29:27.443+0600][25.473s][info][gc,metaspace   ] GC(51) Metaspace: 128734K(130176K)->128734K(130176K) NonClass: 112235K(113024K)->112235K(113024K) Class: 16499K(17152K)->16499K(17152K)
[2026-04-03T02:29:27.443+0600][25.473s][info][gc             ] GC(51) Pause Young (Mixed) (G1 Evacuation Pause) 422M->83M(433M) 4.925ms
[2026-04-03T02:29:27.443+0600][25.473s][info][gc,cpu         ] GC(51) User=0.03s Sys=0.01s Real=0.01s
[2026-04-03T02:29:27.705+0600][25.735s][info][gc,start       ] GC(52) Pause Young (Concurrent Start) (G1 Humongous Allocation)
[2026-04-03T02:29:27.705+0600][25.735s][info][gc,task        ] GC(52) Using 10 workers of 10 for evacuation
[2026-04-03T02:29:27.709+0600][25.740s][info][gc,phases      ] GC(52)   Pre Evacuate Collection Set: 0.45ms
[2026-04-03T02:29:27.709+0600][25.740s][info][gc,phases      ] GC(52)   Merge Heap Roots: 0.11ms
[2026-04-03T02:29:27.709+0600][25.740s][info][gc,phases      ] GC(52)   Evacuate Collection Set: 2.68ms
[2026-04-03T02:29:27.709+0600][25.740s][info][gc,phases      ] GC(52)   Post Evacuate Collection Set: 0.87ms
[2026-04-03T02:29:27.709+0600][25.740s][info][gc,phases      ] GC(52)   Other: 0.13ms
[2026-04-03T02:29:27.709+0600][25.740s][info][gc,heap        ] GC(52) Eden regions: 110->0(253)
[2026-04-03T02:29:27.709+0600][25.740s][info][gc,heap        ] GC(52) Survivor regions: 7->6(33)
[2026-04-03T02:29:27.709+0600][25.740s][info][gc,heap        ] GC(52) Old regions: 72->72
[2026-04-03T02:29:27.709+0600][25.740s][info][gc,heap        ] GC(52) Humongous regions: 8->8
[2026-04-03T02:29:27.709+0600][25.740s][info][gc,metaspace   ] GC(52) Metaspace: 128847K(130368K)->128847K(130368K) NonClass: 112336K(113152K)->112336K(113152K) Class: 16511K(17216K)->16511K(17216K)
[2026-04-03T02:29:27.709+0600][25.740s][info][gc             ] GC(52) Pause Young (Concurrent Start) (G1 Humongous Allocation) 193M->83M(433M) 4.503ms
[2026-04-03T02:29:27.709+0600][25.740s][info][gc             ] GC(53) Concurrent Mark Cycle
[2026-04-03T02:29:27.709+0600][25.740s][info][gc,marking     ] GC(53) Concurrent Scan Root Regions
[2026-04-03T02:29:27.709+0600][25.740s][info][gc,cpu         ] GC(52) User=0.02s Sys=0.00s Real=0.00s
[2026-04-03T02:29:27.713+0600][25.743s][info][gc,marking     ] GC(53) Concurrent Scan Root Regions 3.097ms
[2026-04-03T02:29:27.713+0600][25.743s][info][gc,marking     ] GC(53) Concurrent Mark
[2026-04-03T02:29:27.713+0600][25.743s][info][gc,marking     ] GC(53) Concurrent Mark From Roots
[2026-04-03T02:29:27.713+0600][25.743s][info][gc,task        ] GC(53) Using 3 workers of 3 for marking
[2026-04-03T02:29:27.811+0600][25.842s][info][gc,marking     ] GC(53) Concurrent Mark From Roots 98.619ms
[2026-04-03T02:29:27.811+0600][25.842s][info][gc,marking     ] GC(53) Concurrent Preclean
[2026-04-03T02:29:27.812+0600][25.842s][info][gc,marking     ] GC(53) Concurrent Preclean 0.541ms
[2026-04-03T02:29:27.812+0600][25.843s][info][gc,start       ] GC(53) Pause Remark
[2026-04-03T02:29:27.822+0600][25.852s][info][gc             ] GC(53) Pause Remark 164M->164M(407M) 9.153ms
[2026-04-03T02:29:27.822+0600][25.852s][info][gc,cpu         ] GC(53) User=0.08s Sys=0.00s Real=0.01s
[2026-04-03T02:29:27.822+0600][25.852s][info][gc,marking     ] GC(53) Concurrent Mark 109.391ms
[2026-04-03T02:29:27.822+0600][25.853s][info][gc,marking     ] GC(53) Concurrent Rebuild Remembered Sets and Scrub Regions
[2026-04-03T02:29:27.851+0600][25.882s][info][gc,marking     ] GC(53) Concurrent Rebuild Remembered Sets and Scrub Regions 29.119ms
[2026-04-03T02:29:27.852+0600][25.882s][info][gc,start       ] GC(53) Pause Cleanup
[2026-04-03T02:29:27.852+0600][25.883s][info][gc             ] GC(53) Pause Cleanup 179M->179M(407M) 0.400ms
[2026-04-03T02:29:27.852+0600][25.883s][info][gc,cpu         ] GC(53) User=0.00s Sys=0.00s Real=0.00s
[2026-04-03T02:29:27.852+0600][25.883s][info][gc,marking     ] GC(53) Concurrent Clear Claimed Marks
[2026-04-03T02:29:27.853+0600][25.883s][info][gc,marking     ] GC(53) Concurrent Clear Claimed Marks 0.412ms
[2026-04-03T02:29:27.853+0600][25.883s][info][gc,marking     ] GC(53) Concurrent Cleanup for Next Mark
[2026-04-03T02:29:27.854+0600][25.884s][info][gc,marking     ] GC(53) Concurrent Cleanup for Next Mark 1.238ms
[2026-04-03T02:29:27.854+0600][25.885s][info][gc             ] GC(53) Concurrent Mark Cycle 144.635ms
[2026-04-03T02:29:28.114+0600][26.145s][info][gc,start       ] GC(54) Pause Young (Prepare Mixed) (G1 Evacuation Pause)
[2026-04-03T02:29:28.114+0600][26.145s][info][gc,task        ] GC(54) Using 9 workers of 10 for evacuation
[2026-04-03T02:29:28.121+0600][26.152s][info][gc,phases      ] GC(54)   Pre Evacuate Collection Set: 0.36ms
[2026-04-03T02:29:28.121+0600][26.152s][info][gc,phases      ] GC(54)   Merge Heap Roots: 0.21ms
[2026-04-03T02:29:28.121+0600][26.152s][info][gc,phases      ] GC(54)   Evacuate Collection Set: 5.48ms
[2026-04-03T02:29:28.121+0600][26.152s][info][gc,phases      ] GC(54)   Post Evacuate Collection Set: 0.78ms
[2026-04-03T02:29:28.121+0600][26.152s][info][gc,phases      ] GC(54)   Other: 0.12ms
[2026-04-03T02:29:28.121+0600][26.152s][info][gc,heap        ] GC(54) Eden regions: 176->0(244)
[2026-04-03T02:29:28.121+0600][26.152s][info][gc,heap        ] GC(54) Survivor regions: 6->9(31)
[2026-04-03T02:29:28.121+0600][26.152s][info][gc,heap        ] GC(54) Old regions: 72->72
[2026-04-03T02:29:28.121+0600][26.152s][info][gc,heap        ] GC(54) Humongous regions: 160->8
[2026-04-03T02:29:28.121+0600][26.152s][info][gc,metaspace   ] GC(54) Metaspace: 129083K(130560K)->129083K(130560K) NonClass: 112571K(113344K)->112571K(113344K) Class: 16512K(17216K)->16512K(17216K)
[2026-04-03T02:29:28.122+0600][26.152s][info][gc             ] GC(54) Pause Young (Prepare Mixed) (G1 Evacuation Pause) 411M->86M(423M) 7.324ms
[2026-04-03T02:29:28.122+0600][26.152s][info][gc,cpu         ] GC(54) User=0.06s Sys=0.01s Real=0.01s
[2026-04-03T02:29:28.484+0600][26.515s][info][gc,start       ] GC(55) Pause Young (Mixed) (G1 Evacuation Pause)
[2026-04-03T02:29:28.485+0600][26.515s][info][gc,task        ] GC(55) Using 10 workers of 10 for evacuation
[2026-04-03T02:29:28.492+0600][26.522s][info][gc,phases      ] GC(55)   Pre Evacuate Collection Set: 0.49ms
[2026-04-03T02:29:28.492+0600][26.522s][info][gc,phases      ] GC(55)   Merge Heap Roots: 0.21ms
[2026-04-03T02:29:28.492+0600][26.522s][info][gc,phases      ] GC(55)   Evacuate Collection Set: 5.62ms
[2026-04-03T02:29:28.492+0600][26.522s][info][gc,phases      ] GC(55)   Post Evacuate Collection Set: 0.88ms
[2026-04-03T02:29:28.492+0600][26.523s][info][gc,phases      ] GC(55)   Other: 0.12ms
[2026-04-03T02:29:28.492+0600][26.523s][info][gc,heap        ] GC(55) Eden regions: 192->0(253)
[2026-04-03T02:29:28.492+0600][26.523s][info][gc,heap        ] GC(55) Survivor regions: 9->9(32)
[2026-04-03T02:29:28.492+0600][26.523s][info][gc,heap        ] GC(55) Old regions: 72->72
[2026-04-03T02:29:28.492+0600][26.523s][info][gc,heap        ] GC(55) Humongous regions: 155->8
[2026-04-03T02:29:28.492+0600][26.523s][info][gc,metaspace   ] GC(55) Metaspace: 129267K(130816K)->129267K(130816K) NonClass: 112752K(113600K)->112752K(113600K) Class: 16514K(17216K)->16514K(17216K)
[2026-04-03T02:29:28.492+0600][26.523s][info][gc             ] GC(55) Pause Young (Mixed) (G1 Evacuation Pause) 425M->86M(438M) 7.698ms
[2026-04-03T02:29:28.492+0600][26.523s][info][gc,cpu         ] GC(55) User=0.06s Sys=0.01s Real=0.01s
[2026-04-03T02:29:28.519+0600][26.550s][info][gc,start       ] GC(56) Pause Young (Concurrent Start) (G1 Humongous Allocation)
[2026-04-03T02:29:28.519+0600][26.550s][info][gc,task        ] GC(56) Using 10 workers of 10 for evacuation
[2026-04-03T02:29:28.526+0600][26.557s][info][gc,phases      ] GC(56)   Pre Evacuate Collection Set: 0.39ms
[2026-04-03T02:29:28.527+0600][26.557s][info][gc,phases      ] GC(56)   Merge Heap Roots: 0.14ms
[2026-04-03T02:29:28.527+0600][26.557s][info][gc,phases      ] GC(56)   Evacuate Collection Set: 5.23ms
[2026-04-03T02:29:28.527+0600][26.557s][info][gc,phases      ] GC(56)   Post Evacuate Collection Set: 1.08ms
[2026-04-03T02:29:28.527+0600][26.557s][info][gc,phases      ] GC(56)   Other: 0.18ms
[2026-04-03T02:29:28.527+0600][26.557s][info][gc,heap        ] GC(56) Eden regions: 22->0(252)
[2026-04-03T02:29:28.527+0600][26.557s][info][gc,heap        ] GC(56) Survivor regions: 9->10(33)
[2026-04-03T02:29:28.527+0600][26.557s][info][gc,heap        ] GC(56) Old regions: 72->72
[2026-04-03T02:29:28.527+0600][26.557s][info][gc,heap        ] GC(56) Humongous regions: 8->8
[2026-04-03T02:29:28.527+0600][26.557s][info][gc,metaspace   ] GC(56) Metaspace: 129273K(130816K)->129273K(130816K) NonClass: 112758K(113600K)->112758K(113600K) Class: 16514K(17216K)->16514K(17216K)
[2026-04-03T02:29:28.527+0600][26.557s][info][gc             ] GC(56) Pause Young (Concurrent Start) (G1 Humongous Allocation) 107M->87M(438M) 7.342ms
[2026-04-03T02:29:28.527+0600][26.557s][info][gc             ] GC(57) Concurrent Mark Cycle
[2026-04-03T02:29:28.527+0600][26.557s][info][gc,cpu         ] GC(56) User=0.05s Sys=0.00s Real=0.01s
[2026-04-03T02:29:28.527+0600][26.557s][info][gc,marking     ] GC(57) Concurrent Scan Root Regions
[2026-04-03T02:29:28.531+0600][26.562s][info][gc,marking     ] GC(57) Concurrent Scan Root Regions 4.609ms
[2026-04-03T02:29:28.532+0600][26.562s][info][gc,marking     ] GC(57) Concurrent Mark
[2026-04-03T02:29:28.532+0600][26.562s][info][gc,marking     ] GC(57) Concurrent Mark From Roots
[2026-04-03T02:29:28.532+0600][26.562s][info][gc,task        ] GC(57) Using 3 workers of 3 for marking
[2026-04-03T02:29:28.641+0600][26.672s][info][gc,marking     ] GC(57) Concurrent Mark From Roots 109.700ms
[2026-04-03T02:29:28.641+0600][26.672s][info][gc,marking     ] GC(57) Concurrent Preclean
[2026-04-03T02:29:28.642+0600][26.672s][info][gc,marking     ] GC(57) Concurrent Preclean 0.269ms
[2026-04-03T02:29:28.643+0600][26.673s][info][gc,start       ] GC(57) Pause Remark
[2026-04-03T02:29:28.653+0600][26.683s][info][gc             ] GC(57) Pause Remark 173M->173M(438M) 10.062ms
[2026-04-03T02:29:28.653+0600][26.683s][info][gc,cpu         ] GC(57) User=0.08s Sys=0.00s Real=0.01s
[2026-04-03T02:29:28.653+0600][26.684s][info][gc,marking     ] GC(57) Concurrent Mark 121.743ms
[2026-04-03T02:29:28.653+0600][26.684s][info][gc,marking     ] GC(57) Concurrent Rebuild Remembered Sets and Scrub Regions
[2026-04-03T02:29:28.692+0600][26.722s][info][gc,marking     ] GC(57) Concurrent Rebuild Remembered Sets and Scrub Regions 38.242ms
[2026-04-03T02:29:28.692+0600][26.723s][info][gc,start       ] GC(57) Pause Cleanup
[2026-04-03T02:29:28.693+0600][26.723s][info][gc             ] GC(57) Pause Cleanup 200M->200M(438M) 0.415ms
[2026-04-03T02:29:28.693+0600][26.723s][info][gc,cpu         ] GC(57) User=0.00s Sys=0.00s Real=0.00s
[2026-04-03T02:29:28.693+0600][26.723s][info][gc,marking     ] GC(57) Concurrent Clear Claimed Marks
[2026-04-03T02:29:28.693+0600][26.724s][info][gc,marking     ] GC(57) Concurrent Clear Claimed Marks 0.483ms
[2026-04-03T02:29:28.693+0600][26.724s][info][gc,marking     ] GC(57) Concurrent Cleanup for Next Mark
[2026-04-03T02:29:28.694+0600][26.725s][info][gc,marking     ] GC(57) Concurrent Cleanup for Next Mark 1.052ms
[2026-04-03T02:29:28.695+0600][26.725s][info][gc             ] GC(57) Concurrent Mark Cycle 167.814ms
[2026-04-03T02:29:29.020+0600][27.050s][info][gc,start       ] GC(58) Pause Young (Prepare Mixed) (G1 Evacuation Pause)
[2026-04-03T02:29:29.020+0600][27.050s][info][gc,task        ] GC(58) Using 10 workers of 10 for evacuation
[2026-04-03T02:29:29.026+0600][27.057s][info][gc,phases      ] GC(58)   Pre Evacuate Collection Set: 0.40ms
[2026-04-03T02:29:29.026+0600][27.057s][info][gc,phases      ] GC(58)   Merge Heap Roots: 0.26ms
[2026-04-03T02:29:29.026+0600][27.057s][info][gc,phases      ] GC(58)   Evacuate Collection Set: 4.81ms
[2026-04-03T02:29:29.026+0600][27.057s][info][gc,phases      ] GC(58)   Post Evacuate Collection Set: 0.89ms
[2026-04-03T02:29:29.026+0600][27.057s][info][gc,phases      ] GC(58)   Other: 0.15ms
[2026-04-03T02:29:29.026+0600][27.057s][info][gc,heap        ] GC(58) Eden regions: 210->0(264)
[2026-04-03T02:29:29.026+0600][27.057s][info][gc,heap        ] GC(58) Survivor regions: 10->9(34)
[2026-04-03T02:29:29.026+0600][27.057s][info][gc,heap        ] GC(58) Old regions: 72->72
[2026-04-03T02:29:29.026+0600][27.057s][info][gc,heap        ] GC(58) Humongous regions: 155->13
[2026-04-03T02:29:29.026+0600][27.057s][info][gc,metaspace   ] GC(58) Metaspace: 129489K(130944K)->129489K(130944K) NonClass: 112957K(113728K)->112957K(113728K) Class: 16532K(17216K)->16532K(17216K)
[2026-04-03T02:29:29.026+0600][27.057s][info][gc             ] GC(58) Pause Young (Prepare Mixed) (G1 Evacuation Pause) 444M->91M(456M) 6.845ms
[2026-04-03T02:29:29.027+0600][27.057s][info][gc,cpu         ] GC(58) User=0.04s Sys=0.01s Real=0.01s
[2026-04-03T02:29:29.617+0600][27.647s][info][gc,start       ] GC(59) Pause Young (Mixed) (G1 Evacuation Pause)
[2026-04-03T02:29:29.617+0600][27.648s][info][gc,task        ] GC(59) Using 10 workers of 10 for evacuation
[2026-04-03T02:29:29.625+0600][27.655s][info][gc,phases      ] GC(59)   Pre Evacuate Collection Set: 0.59ms
[2026-04-03T02:29:29.625+0600][27.655s][info][gc,phases      ] GC(59)   Merge Heap Roots: 0.32ms
[2026-04-03T02:29:29.625+0600][27.655s][info][gc,phases      ] GC(59)   Evacuate Collection Set: 5.34ms
[2026-04-03T02:29:29.625+0600][27.655s][info][gc,phases      ] GC(59)   Post Evacuate Collection Set: 1.30ms
[2026-04-03T02:29:29.625+0600][27.655s][info][gc,phases      ] GC(59)   Other: 0.13ms
[2026-04-03T02:29:29.625+0600][27.655s][info][gc,heap        ] GC(59) Eden regions: 264->0(261)
[2026-04-03T02:29:29.625+0600][27.655s][info][gc,heap        ] GC(59) Survivor regions: 9->12(35)
[2026-04-03T02:29:29.625+0600][27.655s][info][gc,heap        ] GC(59) Old regions: 72->71
[2026-04-03T02:29:29.625+0600][27.655s][info][gc,heap        ] GC(59) Humongous regions: 96->8
[2026-04-03T02:29:29.625+0600][27.655s][info][gc,metaspace   ] GC(59) Metaspace: 129947K(131392K)->129947K(131392K) NonClass: 113347K(114112K)->113347K(114112K) Class: 16599K(17280K)->16599K(17280K)
[2026-04-03T02:29:29.625+0600][27.655s][info][gc             ] GC(59) Pause Young (Mixed) (G1 Evacuation Pause) 438M->89M(456M) 8.015ms
[2026-04-03T02:29:29.625+0600][27.656s][info][gc,cpu         ] GC(59) User=0.07s Sys=0.01s Real=0.01s
[2026-04-03T02:29:29.671+0600][27.701s][info][gc,start       ] GC(60) Pause Young (Concurrent Start) (G1 Humongous Allocation)
[2026-04-03T02:29:29.671+0600][27.702s][info][gc,task        ] GC(60) Using 10 workers of 10 for evacuation
[2026-04-03T02:29:29.679+0600][27.709s][info][gc,phases      ] GC(60)   Pre Evacuate Collection Set: 0.54ms
[2026-04-03T02:29:29.679+0600][27.709s][info][gc,phases      ] GC(60)   Merge Heap Roots: 0.18ms
[2026-04-03T02:29:29.679+0600][27.709s][info][gc,phases      ] GC(60)   Evacuate Collection Set: 5.61ms
[2026-04-03T02:29:29.679+0600][27.709s][info][gc,phases      ] GC(60)   Post Evacuate Collection Set: 1.02ms
[2026-04-03T02:29:29.679+0600][27.709s][info][gc,phases      ] GC(60)   Other: 0.28ms
[2026-04-03T02:29:29.679+0600][27.709s][info][gc,heap        ] GC(60) Eden regions: 29->0(261)
[2026-04-03T02:29:29.679+0600][27.709s][info][gc,heap        ] GC(60) Survivor regions: 12->12(35)
[2026-04-03T02:29:29.679+0600][27.709s][info][gc,heap        ] GC(60) Old regions: 71->71
[2026-04-03T02:29:29.679+0600][27.709s][info][gc,heap        ] GC(60) Humongous regions: 8->8
[2026-04-03T02:29:29.679+0600][27.710s][info][gc,metaspace   ] GC(60) Metaspace: 129962K(131456K)->129962K(131456K) NonClass: 113362K(114176K)->113362K(114176K) Class: 16599K(17280K)->16599K(17280K)
[2026-04-03T02:29:29.679+0600][27.710s][info][gc             ] GC(60) Pause Young (Concurrent Start) (G1 Humongous Allocation) 118M->89M(456M) 8.070ms
[2026-04-03T02:29:29.679+0600][27.710s][info][gc             ] GC(61) Concurrent Mark Cycle
[2026-04-03T02:29:29.679+0600][27.710s][info][gc,marking     ] GC(61) Concurrent Scan Root Regions
[2026-04-03T02:29:29.679+0600][27.710s][info][gc,cpu         ] GC(60) User=0.07s Sys=0.00s Real=0.00s
[2026-04-03T02:29:29.688+0600][27.718s][info][gc,marking     ] GC(61) Concurrent Scan Root Regions 8.633ms
[2026-04-03T02:29:29.688+0600][27.718s][info][gc,marking     ] GC(61) Concurrent Mark
[2026-04-03T02:29:29.688+0600][27.718s][info][gc,marking     ] GC(61) Concurrent Mark From Roots
[2026-04-03T02:29:29.688+0600][27.718s][info][gc,task        ] GC(61) Using 3 workers of 3 for marking
[2026-04-03T02:29:29.787+0600][27.817s][info][gc,marking     ] GC(61) Concurrent Mark From Roots 98.478ms
[2026-04-03T02:29:29.787+0600][27.817s][info][gc,marking     ] GC(61) Concurrent Preclean
[2026-04-03T02:29:29.787+0600][27.817s][info][gc,marking     ] GC(61) Concurrent Preclean 0.171ms
[2026-04-03T02:29:29.787+0600][27.818s][info][gc,start       ] GC(61) Pause Remark
[2026-04-03T02:29:29.795+0600][27.826s][info][gc             ] GC(61) Pause Remark 128M->128M(380M) 8.181ms
[2026-04-03T02:29:29.796+0600][27.826s][info][gc,cpu         ] GC(61) User=0.06s Sys=0.00s Real=0.01s
[2026-04-03T02:29:29.796+0600][27.826s][info][gc,marking     ] GC(61) Concurrent Mark 107.754ms
[2026-04-03T02:29:29.796+0600][27.826s][info][gc,marking     ] GC(61) Concurrent Rebuild Remembered Sets and Scrub Regions
[2026-04-03T02:29:29.821+0600][27.852s][info][gc,marking     ] GC(61) Concurrent Rebuild Remembered Sets and Scrub Regions 25.406ms
[2026-04-03T02:29:29.822+0600][27.852s][info][gc,start       ] GC(61) Pause Cleanup
[2026-04-03T02:29:29.822+0600][27.852s][info][gc             ] GC(61) Pause Cleanup 137M->137M(380M) 0.301ms
[2026-04-03T02:29:29.822+0600][27.853s][info][gc,cpu         ] GC(61) User=0.00s Sys=0.00s Real=0.00s
[2026-04-03T02:29:29.822+0600][27.853s][info][gc,marking     ] GC(61) Concurrent Clear Claimed Marks
[2026-04-03T02:29:29.823+0600][27.853s][info][gc,marking     ] GC(61) Concurrent Clear Claimed Marks 0.445ms
[2026-04-03T02:29:29.823+0600][27.853s][info][gc,marking     ] GC(61) Concurrent Cleanup for Next Mark
[2026-04-03T02:29:29.824+0600][27.854s][info][gc,marking     ] GC(61) Concurrent Cleanup for Next Mark 0.717ms
[2026-04-03T02:29:29.824+0600][27.854s][info][gc             ] GC(61) Concurrent Mark Cycle 144.372ms
[2026-04-03T02:29:29.974+0600][28.004s][info][gc,start       ] GC(62) Pause Young (Prepare Mixed) (G1 Evacuation Pause)
[2026-04-03T02:29:29.974+0600][28.004s][info][gc,task        ] GC(62) Using 10 workers of 10 for evacuation
[2026-04-03T02:29:29.981+0600][28.011s][info][gc,phases      ] GC(62)   Pre Evacuate Collection Set: 0.42ms
[2026-04-03T02:29:29.981+0600][28.011s][info][gc,phases      ] GC(62)   Merge Heap Roots: 0.11ms
[2026-04-03T02:29:29.981+0600][28.011s][info][gc,phases      ] GC(62)   Evacuate Collection Set: 4.93ms
[2026-04-03T02:29:29.981+0600][28.011s][info][gc,phases      ] GC(62)   Post Evacuate Collection Set: 1.12ms
[2026-04-03T02:29:29.981+0600][28.011s][info][gc,phases      ] GC(62)   Other: 0.09ms
[2026-04-03T02:29:29.981+0600][28.011s][info][gc,heap        ] GC(62) Eden regions: 71->0(301)
[2026-04-03T02:29:29.981+0600][28.011s][info][gc,heap        ] GC(62) Survivor regions: 12->11(29)
[2026-04-03T02:29:29.981+0600][28.011s][info][gc,heap        ] GC(62) Old regions: 71->73
[2026-04-03T02:29:29.981+0600][28.011s][info][gc,heap        ] GC(62) Humongous regions: 353->18
[2026-04-03T02:29:29.981+0600][28.011s][info][gc,metaspace   ] GC(62) Metaspace: 130053K(131584K)->130053K(131584K) NonClass: 113445K(114240K)->113445K(114240K) Class: 16607K(17344K)->16607K(17344K)
[2026-04-03T02:29:29.981+0600][28.011s][info][gc             ] GC(62) Pause Young (Prepare Mixed) (G1 Evacuation Pause) 505M->99M(520M) 6.992ms
[2026-04-03T02:29:29.981+0600][28.011s][info][gc,cpu         ] GC(62) User=0.03s Sys=0.01s Real=0.01s
[2026-04-03T02:29:30.176+0600][28.207s][info][gc,start       ] GC(63) Pause Young (Mixed) (G1 Evacuation Pause)
[2026-04-03T02:29:30.176+0600][28.207s][info][gc,task        ] GC(63) Using 10 workers of 10 for evacuation
[2026-04-03T02:29:30.184+0600][28.215s][info][gc,phases      ] GC(63)   Pre Evacuate Collection Set: 0.37ms
[2026-04-03T02:29:30.185+0600][28.215s][info][gc,phases      ] GC(63)   Merge Heap Roots: 0.19ms
[2026-04-03T02:29:30.185+0600][28.215s][info][gc,phases      ] GC(63)   Evacuate Collection Set: 6.09ms
[2026-04-03T02:29:30.185+0600][28.215s][info][gc,phases      ] GC(63)   Post Evacuate Collection Set: 1.28ms
[2026-04-03T02:29:30.185+0600][28.215s][info][gc,phases      ] GC(63)   Other: 0.10ms
[2026-04-03T02:29:30.185+0600][28.215s][info][gc,heap        ] GC(63) Eden regions: 67->0(332)
[2026-04-03T02:29:30.185+0600][28.215s][info][gc,heap        ] GC(63) Survivor regions: 11->9(42)
[2026-04-03T02:29:30.185+0600][28.215s][info][gc,heap        ] GC(63) Old regions: 73->73
[2026-04-03T02:29:30.185+0600][28.215s][info][gc,heap        ] GC(63) Humongous regions: 408->8
[2026-04-03T02:29:30.185+0600][28.215s][info][gc,metaspace   ] GC(63) Metaspace: 130092K(131648K)->130092K(131648K) NonClass: 113484K(114304K)->113484K(114304K) Class: 16607K(17344K)->16607K(17344K)
[2026-04-03T02:29:30.185+0600][28.215s][info][gc             ] GC(63) Pause Young (Mixed) (G1 Evacuation Pause) 556M->88M(569M) 8.351ms
[2026-04-03T02:29:30.185+0600][28.215s][info][gc,cpu         ] GC(63) User=0.05s Sys=0.02s Real=0.01s
[2026-04-03T02:29:30.215+0600][28.245s][info][gc,start       ] GC(64) Pause Young (Concurrent Start) (G1 Humongous Allocation)
[2026-04-03T02:29:30.215+0600][28.246s][info][gc,task        ] GC(64) Using 10 workers of 10 for evacuation
[2026-04-03T02:29:30.221+0600][28.251s][info][gc,phases      ] GC(64)   Pre Evacuate Collection Set: 0.45ms
[2026-04-03T02:29:30.221+0600][28.251s][info][gc,phases      ] GC(64)   Merge Heap Roots: 0.14ms
[2026-04-03T02:29:30.221+0600][28.251s][info][gc,phases      ] GC(64)   Evacuate Collection Set: 3.80ms
[2026-04-03T02:29:30.221+0600][28.251s][info][gc,phases      ] GC(64)   Post Evacuate Collection Set: 0.76ms
[2026-04-03T02:29:30.221+0600][28.251s][info][gc,phases      ] GC(64)   Other: 0.22ms
[2026-04-03T02:29:30.221+0600][28.251s][info][gc,heap        ] GC(64) Eden regions: 14->0(331)
[2026-04-03T02:29:30.221+0600][28.251s][info][gc,heap        ] GC(64) Survivor regions: 9->10(43)
[2026-04-03T02:29:30.221+0600][28.251s][info][gc,heap        ] GC(64) Old regions: 73->73
[2026-04-03T02:29:30.221+0600][28.251s][info][gc,heap        ] GC(64) Humongous regions: 8->8
[2026-04-03T02:29:30.221+0600][28.251s][info][gc,metaspace   ] GC(64) Metaspace: 130098K(131648K)->130098K(131648K) NonClass: 113490K(114304K)->113490K(114304K) Class: 16607K(17344K)->16607K(17344K)
[2026-04-03T02:29:30.221+0600][28.251s][info][gc             ] GC(64) Pause Young (Concurrent Start) (G1 Humongous Allocation) 102M->89M(569M) 5.765ms
[2026-04-03T02:29:30.221+0600][28.251s][info][gc             ] GC(65) Concurrent Mark Cycle
[2026-04-03T02:29:30.221+0600][28.251s][info][gc,cpu         ] GC(64) User=0.04s Sys=0.00s Real=0.01s
[2026-04-03T02:29:30.221+0600][28.251s][info][gc,marking     ] GC(65) Concurrent Scan Root Regions
[2026-04-03T02:29:30.225+0600][28.256s][info][gc,marking     ] GC(65) Concurrent Scan Root Regions 4.363ms
[2026-04-03T02:29:30.225+0600][28.256s][info][gc,marking     ] GC(65) Concurrent Mark
[2026-04-03T02:29:30.225+0600][28.256s][info][gc,marking     ] GC(65) Concurrent Mark From Roots
[2026-04-03T02:29:30.225+0600][28.256s][info][gc,task        ] GC(65) Using 3 workers of 3 for marking
[2026-04-03T02:29:30.320+0600][28.351s][info][gc,marking     ] GC(65) Concurrent Mark From Roots 94.575ms
[2026-04-03T02:29:30.320+0600][28.351s][info][gc,marking     ] GC(65) Concurrent Preclean
[2026-04-03T02:29:30.320+0600][28.351s][info][gc,marking     ] GC(65) Concurrent Preclean 0.237ms
[2026-04-03T02:29:30.321+0600][28.351s][info][gc,start       ] GC(65) Pause Remark
[2026-04-03T02:29:30.344+0600][28.374s][info][gc             ] GC(65) Pause Remark 148M->148M(357M) 22.684ms
[2026-04-03T02:29:30.344+0600][28.374s][info][gc,cpu         ] GC(65) User=0.20s Sys=0.00s Real=0.02s
[2026-04-03T02:29:30.344+0600][28.374s][info][gc,marking     ] GC(65) Concurrent Mark 118.526ms
[2026-04-03T02:29:30.344+0600][28.375s][info][gc,marking     ] GC(65) Concurrent Rebuild Remembered Sets and Scrub Regions
[2026-04-03T02:29:30.379+0600][28.410s][info][gc,marking     ] GC(65) Concurrent Rebuild Remembered Sets and Scrub Regions 35.187ms
[2026-04-03T02:29:30.382+0600][28.412s][info][gc,start       ] GC(65) Pause Cleanup
[2026-04-03T02:29:30.382+0600][28.413s][info][gc             ] GC(65) Pause Cleanup 165M->165M(357M) 0.350ms
[2026-04-03T02:29:30.382+0600][28.413s][info][gc,cpu         ] GC(65) User=0.00s Sys=0.00s Real=0.00s
[2026-04-03T02:29:30.383+0600][28.413s][info][gc,marking     ] GC(65) Concurrent Clear Claimed Marks
[2026-04-03T02:29:30.383+0600][28.414s][info][gc,marking     ] GC(65) Concurrent Clear Claimed Marks 0.538ms
[2026-04-03T02:29:30.383+0600][28.414s][info][gc,marking     ] GC(65) Concurrent Cleanup for Next Mark
[2026-04-03T02:29:30.386+0600][28.416s][info][gc,marking     ] GC(65) Concurrent Cleanup for Next Mark 2.624ms
[2026-04-03T02:29:30.386+0600][28.416s][info][gc             ] GC(65) Concurrent Mark Cycle 164.997ms
[2026-04-03T02:29:30.795+0600][28.825s][info][gc,start       ] GC(66) Pause Young (Prepare Mixed) (G1 Evacuation Pause)
[2026-04-03T02:29:30.795+0600][28.826s][info][gc,task        ] GC(66) Using 9 workers of 10 for evacuation
[2026-04-03T02:29:30.801+0600][28.831s][info][gc,phases      ] GC(66)   Pre Evacuate Collection Set: 0.38ms
[2026-04-03T02:29:30.801+0600][28.831s][info][gc,phases      ] GC(66)   Merge Heap Roots: 0.21ms
[2026-04-03T02:29:30.801+0600][28.831s][info][gc,phases      ] GC(66)   Evacuate Collection Set: 4.27ms
[2026-04-03T02:29:30.801+0600][28.831s][info][gc,phases      ] GC(66)   Post Evacuate Collection Set: 0.53ms
[2026-04-03T02:29:30.801+0600][28.831s][info][gc,phases      ] GC(66)   Other: 0.09ms
[2026-04-03T02:29:30.801+0600][28.831s][info][gc,heap        ] GC(66) Eden regions: 177->0(212)
[2026-04-03T02:29:30.801+0600][28.831s][info][gc,heap        ] GC(66) Survivor regions: 10->8(27)
[2026-04-03T02:29:30.801+0600][28.831s][info][gc,heap        ] GC(66) Old regions: 73->75
[2026-04-03T02:29:30.801+0600][28.831s][info][gc,heap        ] GC(66) Humongous regions: 97->8
[2026-04-03T02:29:30.801+0600][28.831s][info][gc,metaspace   ] GC(66) Metaspace: 130294K(131840K)->130294K(131840K) NonClass: 113697K(114496K)->113697K(114496K) Class: 16597K(17344K)->16597K(17344K)
[2026-04-03T02:29:30.801+0600][28.831s][info][gc             ] GC(66) Pause Young (Prepare Mixed) (G1 Evacuation Pause) 355M->89M(367M) 5.751ms
[2026-04-03T02:29:30.801+0600][28.831s][info][gc,cpu         ] GC(66) User=0.04s Sys=0.00s Real=0.01s
[2026-04-03T02:29:31.123+0600][29.154s][info][gc,start       ] GC(67) Pause Young (Mixed) (G1 Evacuation Pause)
[2026-04-03T02:29:31.123+0600][29.154s][info][gc,task        ] GC(67) Using 9 workers of 10 for evacuation
[2026-04-03T02:29:31.130+0600][29.160s][info][gc,phases      ] GC(67)   Pre Evacuate Collection Set: 0.31ms
[2026-04-03T02:29:31.130+0600][29.160s][info][gc,phases      ] GC(67)   Merge Heap Roots: 0.15ms
[2026-04-03T02:29:31.130+0600][29.160s][info][gc,phases      ] GC(67)   Evacuate Collection Set: 5.22ms
[2026-04-03T02:29:31.130+0600][29.160s][info][gc,phases      ] GC(67)   Post Evacuate Collection Set: 0.64ms
[2026-04-03T02:29:31.130+0600][29.160s][info][gc,phases      ] GC(67)   Other: 0.10ms
[2026-04-03T02:29:31.130+0600][29.160s][info][gc,heap        ] GC(67) Eden regions: 185->0(228)
[2026-04-03T02:29:31.130+0600][29.160s][info][gc,heap        ] GC(67) Survivor regions: 8->9(28)
[2026-04-03T02:29:31.130+0600][29.160s][info][gc,heap        ] GC(67) Old regions: 75->75
[2026-04-03T02:29:31.130+0600][29.160s][info][gc,heap        ] GC(67) Humongous regions: 118->8
[2026-04-03T02:29:31.130+0600][29.160s][info][gc,metaspace   ] GC(67) Metaspace: 130349K(131904K)->130349K(131904K) NonClass: 113750K(114560K)->113750K(114560K) Class: 16598K(17344K)->16598K(17344K)
[2026-04-03T02:29:31.130+0600][29.160s][info][gc             ] GC(67) Pause Young (Mixed) (G1 Evacuation Pause) 384M->90M(396M) 6.698ms
[2026-04-03T02:29:31.130+0600][29.160s][info][gc,cpu         ] GC(67) User=0.05s Sys=0.02s Real=0.01s
[2026-04-03T02:29:31.154+0600][29.184s][info][gc,start       ] GC(68) Pause Young (Concurrent Start) (GCLocker Initiated GC)
[2026-04-03T02:29:31.154+0600][29.184s][info][gc,task        ] GC(68) Using 9 workers of 10 for evacuation
[2026-04-03T02:29:31.159+0600][29.190s][info][gc,phases      ] GC(68)   Pre Evacuate Collection Set: 0.36ms
[2026-04-03T02:29:31.159+0600][29.190s][info][gc,phases      ] GC(68)   Merge Heap Roots: 0.17ms
[2026-04-03T02:29:31.159+0600][29.190s][info][gc,phases      ] GC(68)   Evacuate Collection Set: 3.92ms
[2026-04-03T02:29:31.159+0600][29.190s][info][gc,phases      ] GC(68)   Post Evacuate Collection Set: 0.74ms
[2026-04-03T02:29:31.159+0600][29.190s][info][gc,phases      ] GC(68)   Other: 0.23ms
[2026-04-03T02:29:31.159+0600][29.190s][info][gc,heap        ] GC(68) Eden regions: 25->0(226)
[2026-04-03T02:29:31.159+0600][29.190s][info][gc,heap        ] GC(68) Survivor regions: 9->11(30)
[2026-04-03T02:29:31.159+0600][29.190s][info][gc,heap        ] GC(68) Old regions: 75->75
[2026-04-03T02:29:31.159+0600][29.190s][info][gc,heap        ] GC(68) Humongous regions: 8->8
[2026-04-03T02:29:31.159+0600][29.190s][info][gc,metaspace   ] GC(68) Metaspace: 130351K(131904K)->130351K(131904K) NonClass: 113753K(114560K)->113753K(114560K) Class: 16598K(17344K)->16598K(17344K)
[2026-04-03T02:29:31.159+0600][29.190s][info][gc             ] GC(68) Pause Young (Concurrent Start) (GCLocker Initiated GC) 114M->91M(396M) 5.786ms
[2026-04-03T02:29:31.159+0600][29.190s][info][gc             ] GC(69) Concurrent Mark Cycle
[2026-04-03T02:29:31.159+0600][29.190s][info][gc,marking     ] GC(69) Concurrent Scan Root Regions
[2026-04-03T02:29:31.159+0600][29.190s][info][gc,cpu         ] GC(68) User=0.04s Sys=0.00s Real=0.00s
[2026-04-03T02:29:31.164+0600][29.194s][info][gc,marking     ] GC(69) Concurrent Scan Root Regions 4.502ms
[2026-04-03T02:29:31.164+0600][29.195s][info][gc,marking     ] GC(69) Concurrent Mark
[2026-04-03T02:29:31.164+0600][29.195s][info][gc,marking     ] GC(69) Concurrent Mark From Roots
[2026-04-03T02:29:31.164+0600][29.195s][info][gc,task        ] GC(69) Using 3 workers of 3 for marking
[2026-04-03T02:29:31.265+0600][29.296s][info][gc,marking     ] GC(69) Concurrent Mark From Roots 101.172ms
[2026-04-03T02:29:31.265+0600][29.296s][info][gc,marking     ] GC(69) Concurrent Preclean
[2026-04-03T02:29:31.266+0600][29.296s][info][gc,marking     ] GC(69) Concurrent Preclean 0.411ms
[2026-04-03T02:29:31.266+0600][29.297s][info][gc,start       ] GC(69) Pause Remark
[2026-04-03T02:29:31.291+0600][29.321s][info][gc             ] GC(69) Pause Remark 183M->183M(396M) 24.268ms
[2026-04-03T02:29:31.291+0600][29.321s][info][gc,cpu         ] GC(69) User=0.19s Sys=0.01s Real=0.03s
[2026-04-03T02:29:31.291+0600][29.321s][info][gc,marking     ] GC(69) Concurrent Mark 126.866ms
[2026-04-03T02:29:31.291+0600][29.321s][info][gc,marking     ] GC(69) Concurrent Rebuild Remembered Sets and Scrub Regions
[2026-04-03T02:29:31.325+0600][29.355s][info][gc,marking     ] GC(69) Concurrent Rebuild Remembered Sets and Scrub Regions 33.898ms
[2026-04-03T02:29:31.325+0600][29.356s][info][gc,start       ] GC(69) Pause Cleanup
[2026-04-03T02:29:31.326+0600][29.356s][info][gc             ] GC(69) Pause Cleanup 215M->215M(396M) 0.272ms
[2026-04-03T02:29:31.326+0600][29.356s][info][gc,cpu         ] GC(69) User=0.00s Sys=0.00s Real=0.00s
[2026-04-03T02:29:31.326+0600][29.356s][info][gc,marking     ] GC(69) Concurrent Clear Claimed Marks
[2026-04-03T02:29:31.326+0600][29.357s][info][gc,marking     ] GC(69) Concurrent Clear Claimed Marks 0.350ms
[2026-04-03T02:29:31.326+0600][29.357s][info][gc,marking     ] GC(69) Concurrent Cleanup for Next Mark
[2026-04-03T02:29:31.327+0600][29.358s][info][gc,marking     ] GC(69) Concurrent Cleanup for Next Mark 0.794ms
[2026-04-03T02:29:31.327+0600][29.358s][info][gc             ] GC(69) Concurrent Mark Cycle 167.861ms
[2026-04-03T02:29:31.478+0600][29.509s][info][gc,start       ] GC(70) Pause Young (Prepare Mixed) (G1 Evacuation Pause)
[2026-04-03T02:29:31.478+0600][29.509s][info][gc,task        ] GC(70) Using 9 workers of 10 for evacuation
[2026-04-03T02:29:31.484+0600][29.515s][info][gc,phases      ] GC(70)   Pre Evacuate Collection Set: 0.31ms
[2026-04-03T02:29:31.484+0600][29.515s][info][gc,phases      ] GC(70)   Merge Heap Roots: 0.23ms
[2026-04-03T02:29:31.484+0600][29.515s][info][gc,phases      ] GC(70)   Evacuate Collection Set: 4.36ms
[2026-04-03T02:29:31.484+0600][29.515s][info][gc,phases      ] GC(70)   Post Evacuate Collection Set: 0.81ms
[2026-04-03T02:29:31.484+0600][29.515s][info][gc,phases      ] GC(70)   Other: 0.11ms
[2026-04-03T02:29:31.484+0600][29.515s][info][gc,heap        ] GC(70) Eden regions: 168->0(238)
[2026-04-03T02:29:31.484+0600][29.515s][info][gc,heap        ] GC(70) Survivor regions: 11->9(30)
[2026-04-03T02:29:31.484+0600][29.515s][info][gc,heap        ] GC(70) Old regions: 75->75
[2026-04-03T02:29:31.484+0600][29.515s][info][gc,heap        ] GC(70) Humongous regions: 150->8
[2026-04-03T02:29:31.484+0600][29.515s][info][gc,metaspace   ] GC(70) Metaspace: 130076K(131904K)->130076K(131904K) NonClass: 113553K(114560K)->113553K(114560K) Class: 16522K(17344K)->16522K(17344K)
[2026-04-03T02:29:31.484+0600][29.515s][info][gc             ] GC(70) Pause Young (Prepare Mixed) (G1 Evacuation Pause) 401M->90M(413M) 6.099ms
[2026-04-03T02:29:31.485+0600][29.515s][info][gc,cpu         ] GC(70) User=0.03s Sys=0.01s Real=0.01s
[2026-04-03T02:29:31.776+0600][29.806s][info][gc,start       ] GC(71) Pause Young (Mixed) (GCLocker Initiated GC)
[2026-04-03T02:29:31.776+0600][29.806s][info][gc,task        ] GC(71) Using 9 workers of 10 for evacuation
[2026-04-03T02:29:31.786+0600][29.816s][info][gc,phases      ] GC(71)   Pre Evacuate Collection Set: 0.54ms
[2026-04-03T02:29:31.786+0600][29.816s][info][gc,phases      ] GC(71)   Merge Heap Roots: 0.36ms
[2026-04-03T02:29:31.786+0600][29.816s][info][gc,phases      ] GC(71)   Evacuate Collection Set: 7.50ms
[2026-04-03T02:29:31.786+0600][29.816s][info][gc,phases      ] GC(71)   Post Evacuate Collection Set: 1.04ms
[2026-04-03T02:29:31.786+0600][29.816s][info][gc,phases      ] GC(71)   Other: 0.16ms
[2026-04-03T02:29:31.786+0600][29.816s][info][gc,heap        ] GC(71) Eden regions: 190->0(245)
[2026-04-03T02:29:31.786+0600][29.816s][info][gc,heap        ] GC(71) Survivor regions: 9->13(31)
[2026-04-03T02:29:31.786+0600][29.816s][info][gc,heap        ] GC(71) Old regions: 75->76
[2026-04-03T02:29:31.786+0600][29.816s][info][gc,heap        ] GC(71) Humongous regions: 141->8
[2026-04-03T02:29:31.786+0600][29.816s][info][gc,metaspace   ] GC(71) Metaspace: 130138K(131904K)->130138K(131904K) NonClass: 113614K(114560K)->113614K(114560K) Class: 16524K(17344K)->16524K(17344K)
[2026-04-03T02:29:31.786+0600][29.816s][info][gc             ] GC(71) Pause Young (Mixed) (GCLocker Initiated GC) 413M->95M(430M) 10.034ms
[2026-04-03T02:29:31.786+0600][29.816s][info][gc,cpu         ] GC(71) User=0.07s Sys=0.02s Real=0.01s
[2026-04-03T02:29:31.790+0600][29.821s][info][gc,start       ] GC(72) Pause Young (Concurrent Start) (G1 Humongous Allocation)
[2026-04-03T02:29:31.791+0600][29.821s][info][gc,task        ] GC(72) Using 10 workers of 10 for evacuation
[2026-04-03T02:29:31.796+0600][29.827s][info][gc,phases      ] GC(72)   Pre Evacuate Collection Set: 0.43ms
[2026-04-03T02:29:31.796+0600][29.827s][info][gc,phases      ] GC(72)   Merge Heap Roots: 0.20ms
[2026-04-03T02:29:31.796+0600][29.827s][info][gc,phases      ] GC(72)   Evacuate Collection Set: 3.97ms
[2026-04-03T02:29:31.796+0600][29.827s][info][gc,phases      ] GC(72)   Post Evacuate Collection Set: 0.84ms
[2026-04-03T02:29:31.796+0600][29.827s][info][gc,phases      ] GC(72)   Other: 0.23ms
[2026-04-03T02:29:31.796+0600][29.827s][info][gc,heap        ] GC(72) Eden regions: 6->0(247)
[2026-04-03T02:29:31.796+0600][29.827s][info][gc,heap        ] GC(72) Survivor regions: 13->11(33)
[2026-04-03T02:29:31.796+0600][29.827s][info][gc,heap        ] GC(72) Old regions: 76->76
[2026-04-03T02:29:31.796+0600][29.827s][info][gc,heap        ] GC(72) Humongous regions: 8->8
[2026-04-03T02:29:31.796+0600][29.827s][info][gc,metaspace   ] GC(72) Metaspace: 130138K(131904K)->130138K(131904K) NonClass: 113614K(114560K)->113614K(114560K) Class: 16524K(17344K)->16524K(17344K)
[2026-04-03T02:29:31.796+0600][29.827s][info][gc             ] GC(72) Pause Young (Concurrent Start) (G1 Humongous Allocation) 100M->93M(430M) 6.016ms
[2026-04-03T02:29:31.797+0600][29.827s][info][gc             ] GC(73) Concurrent Mark Cycle
[2026-04-03T02:29:31.797+0600][29.827s][info][gc,marking     ] GC(73) Concurrent Scan Root Regions
[2026-04-03T02:29:31.797+0600][29.827s][info][gc,cpu         ] GC(72) User=0.05s Sys=0.00s Real=0.00s
[2026-04-03T02:29:31.802+0600][29.833s][info][gc,marking     ] GC(73) Concurrent Scan Root Regions 5.446ms
[2026-04-03T02:29:31.802+0600][29.833s][info][gc,marking     ] GC(73) Concurrent Mark
[2026-04-03T02:29:31.802+0600][29.833s][info][gc,marking     ] GC(73) Concurrent Mark From Roots
[2026-04-03T02:29:31.802+0600][29.833s][info][gc,task        ] GC(73) Using 3 workers of 3 for marking
[2026-04-03T02:29:31.915+0600][29.945s][info][gc,marking     ] GC(73) Concurrent Mark From Roots 112.519ms
[2026-04-03T02:29:31.915+0600][29.945s][info][gc,marking     ] GC(73) Concurrent Preclean
[2026-04-03T02:29:31.915+0600][29.946s][info][gc,marking     ] GC(73) Concurrent Preclean 0.596ms
[2026-04-03T02:29:31.916+0600][29.946s][info][gc,start       ] GC(73) Pause Remark
[2026-04-03T02:29:31.925+0600][29.955s][info][gc             ] GC(73) Pause Remark 189M->189M(430M) 8.911ms
[2026-04-03T02:29:31.925+0600][29.955s][info][gc,cpu         ] GC(73) User=0.06s Sys=0.01s Real=0.01s
[2026-04-03T02:29:31.925+0600][29.956s][info][gc,marking     ] GC(73) Concurrent Mark 122.903ms
[2026-04-03T02:29:31.925+0600][29.956s][info][gc,marking     ] GC(73) Concurrent Rebuild Remembered Sets and Scrub Regions
[2026-04-03T02:29:31.954+0600][29.984s][info][gc,marking     ] GC(73) Concurrent Rebuild Remembered Sets and Scrub Regions 28.829ms
[2026-04-03T02:29:31.954+0600][29.985s][info][gc,start       ] GC(73) Pause Cleanup
[2026-04-03T02:29:31.955+0600][29.985s][info][gc             ] GC(73) Pause Cleanup 206M->206M(430M) 0.362ms
[2026-04-03T02:29:31.955+0600][29.985s][info][gc,cpu         ] GC(73) User=0.00s Sys=0.00s Real=0.00s
[2026-04-03T02:29:31.955+0600][29.986s][info][gc,marking     ] GC(73) Concurrent Clear Claimed Marks
[2026-04-03T02:29:31.955+0600][29.986s][info][gc,marking     ] GC(73) Concurrent Clear Claimed Marks 0.379ms
[2026-04-03T02:29:31.955+0600][29.986s][info][gc,marking     ] GC(73) Concurrent Cleanup for Next Mark
[2026-04-03T02:29:31.957+0600][29.987s][info][gc,marking     ] GC(73) Concurrent Cleanup for Next Mark 1.330ms
[2026-04-03T02:29:31.957+0600][29.987s][info][gc             ] GC(73) Concurrent Mark Cycle 160.409ms
[2026-04-03T02:29:32.398+0600][30.429s][info][gc,start       ] GC(74) Pause Young (Prepare Mixed) (G1 Evacuation Pause)
[2026-04-03T02:29:32.398+0600][30.429s][info][gc,task        ] GC(74) Using 10 workers of 10 for evacuation
[2026-04-03T02:29:32.404+0600][30.435s][info][gc,phases      ] GC(74)   Pre Evacuate Collection Set: 0.41ms
[2026-04-03T02:29:32.404+0600][30.435s][info][gc,phases      ] GC(74)   Merge Heap Roots: 0.19ms
[2026-04-03T02:29:32.404+0600][30.435s][info][gc,phases      ] GC(74)   Evacuate Collection Set: 4.47ms
[2026-04-03T02:29:32.404+0600][30.435s][info][gc,phases      ] GC(74)   Post Evacuate Collection Set: 0.82ms
[2026-04-03T02:29:32.404+0600][30.435s][info][gc,phases      ] GC(74)   Other: 0.10ms
[2026-04-03T02:29:32.404+0600][30.435s][info][gc,heap        ] GC(74) Eden regions: 243->0(254)
[2026-04-03T02:29:32.404+0600][30.435s][info][gc,heap        ] GC(74) Survivor regions: 11->10(33)
[2026-04-03T02:29:32.405+0600][30.435s][info][gc,heap        ] GC(74) Old regions: 76->76
[2026-04-03T02:29:32.405+0600][30.435s][info][gc,heap        ] GC(74) Humongous regions: 100->8
[2026-04-03T02:29:32.405+0600][30.435s][info][gc,metaspace   ] GC(74) Metaspace: 130182K(131904K)->130182K(131904K) NonClass: 113654K(114560K)->113654K(114560K) Class: 16527K(17344K)->16527K(17344K)
[2026-04-03T02:29:32.405+0600][30.435s][info][gc             ] GC(74) Pause Young (Prepare Mixed) (G1 Evacuation Pause) 428M->92M(440M) 6.243ms
[2026-04-03T02:29:32.405+0600][30.435s][info][gc,cpu         ] GC(74) User=0.03s Sys=0.01s Real=0.01s
[2026-04-03T02:29:32.689+0600][30.719s][info][gc,start       ] GC(75) Pause Young (Mixed) (G1 Evacuation Pause)
[2026-04-03T02:29:32.689+0600][30.719s][info][gc,task        ] GC(75) Using 10 workers of 10 for evacuation
[2026-04-03T02:29:32.695+0600][30.725s][info][gc,phases      ] GC(75)   Pre Evacuate Collection Set: 0.32ms
[2026-04-03T02:29:32.695+0600][30.725s][info][gc,phases      ] GC(75)   Merge Heap Roots: 0.23ms
[2026-04-03T02:29:32.695+0600][30.725s][info][gc,phases      ] GC(75)   Evacuate Collection Set: 4.51ms
[2026-04-03T02:29:32.695+0600][30.725s][info][gc,phases      ] GC(75)   Post Evacuate Collection Set: 0.58ms
[2026-04-03T02:29:32.695+0600][30.725s][info][gc,phases      ] GC(75)   Other: 0.10ms
[2026-04-03T02:29:32.695+0600][30.725s][info][gc,heap        ] GC(75) Eden regions: 195->0(267)
[2026-04-03T02:29:32.695+0600][30.725s][info][gc,heap        ] GC(75) Survivor regions: 10->8(33)
[2026-04-03T02:29:32.695+0600][30.725s][info][gc,heap        ] GC(75) Old regions: 76->76
[2026-04-03T02:29:32.695+0600][30.725s][info][gc,heap        ] GC(75) Humongous regions: 169->14
[2026-04-03T02:29:32.695+0600][30.725s][info][gc,metaspace   ] GC(75) Metaspace: 130214K(131904K)->130214K(131904K) NonClass: 113684K(114560K)->113684K(114560K) Class: 16529K(17344K)->16529K(17344K)
[2026-04-03T02:29:32.695+0600][30.725s][info][gc             ] GC(75) Pause Young (Mixed) (G1 Evacuation Pause) 448M->97M(459M) 6.034ms
[2026-04-03T02:29:32.695+0600][30.725s][info][gc,cpu         ] GC(75) User=0.03s Sys=0.01s Real=0.01s
[2026-04-03T02:29:32.697+0600][30.728s][info][gc,start       ] GC(76) Pause Young (Concurrent Start) (G1 Humongous Allocation)
[2026-04-03T02:29:32.697+0600][30.728s][info][gc,task        ] GC(76) Using 10 workers of 10 for evacuation
[2026-04-03T02:29:32.701+0600][30.732s][info][gc,phases      ] GC(76)   Pre Evacuate Collection Set: 0.30ms
[2026-04-03T02:29:32.701+0600][30.732s][info][gc,phases      ] GC(76)   Merge Heap Roots: 0.14ms
[2026-04-03T02:29:32.701+0600][30.732s][info][gc,phases      ] GC(76)   Evacuate Collection Set: 2.94ms
[2026-04-03T02:29:32.701+0600][30.732s][info][gc,phases      ] GC(76)   Post Evacuate Collection Set: 0.56ms
[2026-04-03T02:29:32.701+0600][30.732s][info][gc,phases      ] GC(76)   Other: 0.15ms
[2026-04-03T02:29:32.701+0600][30.732s][info][gc,heap        ] GC(76) Eden regions: 4->0(267)
[2026-04-03T02:29:32.701+0600][30.732s][info][gc,heap        ] GC(76) Survivor regions: 8->8(35)
[2026-04-03T02:29:32.702+0600][30.732s][info][gc,heap        ] GC(76) Old regions: 76->76
[2026-04-03T02:29:32.702+0600][30.732s][info][gc,heap        ] GC(76) Humongous regions: 14->8
[2026-04-03T02:29:32.702+0600][30.732s][info][gc,metaspace   ] GC(76) Metaspace: 130214K(131904K)->130214K(131904K) NonClass: 113684K(114560K)->113684K(114560K) Class: 16529K(17344K)->16529K(17344K)
[2026-04-03T02:29:32.702+0600][30.732s][info][gc             ] GC(76) Pause Young (Concurrent Start) (G1 Humongous Allocation) 100M->90M(459M) 4.400ms
[2026-04-03T02:29:32.702+0600][30.732s][info][gc             ] GC(77) Concurrent Mark Cycle
[2026-04-03T02:29:32.702+0600][30.732s][info][gc,cpu         ] GC(76) User=0.03s Sys=0.00s Real=0.01s
[2026-04-03T02:29:32.702+0600][30.732s][info][gc,marking     ] GC(77) Concurrent Scan Root Regions
[2026-04-03T02:29:32.705+0600][30.735s][info][gc,marking     ] GC(77) Concurrent Scan Root Regions 3.153ms
[2026-04-03T02:29:32.705+0600][30.735s][info][gc,marking     ] GC(77) Concurrent Mark
[2026-04-03T02:29:32.705+0600][30.735s][info][gc,marking     ] GC(77) Concurrent Mark From Roots
[2026-04-03T02:29:32.705+0600][30.735s][info][gc,task        ] GC(77) Using 3 workers of 3 for marking
[2026-04-03T02:29:32.807+0600][30.837s][info][gc,marking     ] GC(77) Concurrent Mark From Roots 101.834ms
[2026-04-03T02:29:32.807+0600][30.837s][info][gc,marking     ] GC(77) Concurrent Preclean
[2026-04-03T02:29:32.807+0600][30.838s][info][gc,marking     ] GC(77) Concurrent Preclean 0.450ms
[2026-04-03T02:29:32.808+0600][30.838s][info][gc,start       ] GC(77) Pause Remark
[2026-04-03T02:29:32.816+0600][30.846s][info][gc             ] GC(77) Pause Remark 172M->172M(407M) 8.117ms
[2026-04-03T02:29:32.816+0600][30.847s][info][gc,cpu         ] GC(77) User=0.06s Sys=0.00s Real=0.01s
[2026-04-03T02:29:32.817+0600][30.847s][info][gc,marking     ] GC(77) Concurrent Mark 111.588ms
[2026-04-03T02:29:32.817+0600][30.847s][info][gc,marking     ] GC(77) Concurrent Rebuild Remembered Sets and Scrub Regions
[2026-04-03T02:29:32.852+0600][30.882s][info][gc,marking     ] GC(77) Concurrent Rebuild Remembered Sets and Scrub Regions 34.949ms
[2026-04-03T02:29:32.852+0600][30.883s][info][gc,start       ] GC(77) Pause Cleanup
[2026-04-03T02:29:32.852+0600][30.883s][info][gc             ] GC(77) Pause Cleanup 208M->208M(407M) 0.317ms
[2026-04-03T02:29:32.853+0600][30.883s][info][gc,cpu         ] GC(77) User=0.00s Sys=0.00s Real=0.00s
[2026-04-03T02:29:32.853+0600][30.883s][info][gc,marking     ] GC(77) Concurrent Clear Claimed Marks
[2026-04-03T02:29:32.853+0600][30.883s][info][gc,marking     ] GC(77) Concurrent Clear Claimed Marks 0.407ms
[2026-04-03T02:29:32.853+0600][30.884s][info][gc,marking     ] GC(77) Concurrent Cleanup for Next Mark
[2026-04-03T02:29:32.854+0600][30.884s][info][gc,marking     ] GC(77) Concurrent Cleanup for Next Mark 0.968ms
[2026-04-03T02:29:32.854+0600][30.885s][info][gc             ] GC(77) Concurrent Mark Cycle 152.491ms
[2026-04-03T02:29:33.029+0600][31.060s][info][gc,start       ] GC(78) Pause Young (Prepare Mixed) (GCLocker Initiated GC)
[2026-04-03T02:29:33.030+0600][31.060s][info][gc,task        ] GC(78) Using 9 workers of 10 for evacuation
[2026-04-03T02:29:33.037+0600][31.067s][info][gc,phases      ] GC(78)   Pre Evacuate Collection Set: 0.63ms
[2026-04-03T02:29:33.037+0600][31.067s][info][gc,phases      ] GC(78)   Merge Heap Roots: 0.25ms
[2026-04-03T02:29:33.037+0600][31.067s][info][gc,phases      ] GC(78)   Evacuate Collection Set: 5.65ms
[2026-04-03T02:29:33.037+0600][31.067s][info][gc,phases      ] GC(78)   Post Evacuate Collection Set: 0.68ms
[2026-04-03T02:29:33.037+0600][31.067s][info][gc,phases      ] GC(78)   Other: 0.12ms
[2026-04-03T02:29:33.037+0600][31.067s][info][gc,heap        ] GC(78) Eden regions: 182->0(243)
[2026-04-03T02:29:33.037+0600][31.067s][info][gc,heap        ] GC(78) Survivor regions: 8->9(31)
[2026-04-03T02:29:33.037+0600][31.067s][info][gc,heap        ] GC(78) Old regions: 76->78
[2026-04-03T02:29:33.037+0600][31.067s][info][gc,heap        ] GC(78) Humongous regions: 143->8
[2026-04-03T02:29:33.037+0600][31.068s][info][gc,metaspace   ] GC(78) Metaspace: 130239K(131904K)->130239K(131904K) NonClass: 113709K(114560K)->113709K(114560K) Class: 16530K(17344K)->16530K(17344K)
[2026-04-03T02:29:33.037+0600][31.068s][info][gc             ] GC(78) Pause Young (Prepare Mixed) (GCLocker Initiated GC) 407M->93M(420M) 7.657ms
[2026-04-03T02:29:33.037+0600][31.068s][info][gc,cpu         ] GC(78) User=0.03s Sys=0.01s Real=0.01s
[2026-04-03T02:29:33.328+0600][31.358s][info][gc,start       ] GC(79) Pause Young (Mixed) (G1 Evacuation Pause)
[2026-04-03T02:29:33.328+0600][31.358s][info][gc,task        ] GC(79) Using 10 workers of 10 for evacuation
[2026-04-03T02:29:33.334+0600][31.365s][info][gc,phases      ] GC(79)   Pre Evacuate Collection Set: 0.35ms
[2026-04-03T02:29:33.334+0600][31.365s][info][gc,phases      ] GC(79)   Merge Heap Roots: 0.31ms
[2026-04-03T02:29:33.334+0600][31.365s][info][gc,phases      ] GC(79)   Evacuate Collection Set: 5.00ms
[2026-04-03T02:29:33.334+0600][31.365s][info][gc,phases      ] GC(79)   Post Evacuate Collection Set: 0.70ms
[2026-04-03T02:29:33.334+0600][31.365s][info][gc,phases      ] GC(79)   Other: 0.13ms
[2026-04-03T02:29:33.334+0600][31.365s][info][gc,heap        ] GC(79) Eden regions: 201->0(251)
[2026-04-03T02:29:33.334+0600][31.365s][info][gc,heap        ] GC(79) Survivor regions: 9->8(32)
[2026-04-03T02:29:33.334+0600][31.365s][info][gc,heap        ] GC(79) Old regions: 78->78
[2026-04-03T02:29:33.334+0600][31.365s][info][gc,heap        ] GC(79) Humongous regions: 136->8
[2026-04-03T02:29:33.334+0600][31.365s][info][gc,metaspace   ] GC(79) Metaspace: 130292K(131968K)->130292K(131968K) NonClass: 113761K(114624K)->113761K(114624K) Class: 16531K(17344K)->16531K(17344K)
[2026-04-03T02:29:33.334+0600][31.365s][info][gc             ] GC(79) Pause Young (Mixed) (G1 Evacuation Pause) 422M->92M(433M) 6.808ms
[2026-04-03T02:29:33.335+0600][31.365s][info][gc,cpu         ] GC(79) User=0.03s Sys=0.02s Real=0.01s
[2026-04-03T02:29:33.342+0600][31.372s][info][gc,start       ] GC(80) Pause Young (Concurrent Start) (G1 Humongous Allocation)
[2026-04-03T02:29:33.342+0600][31.373s][info][gc,task        ] GC(80) Using 10 workers of 10 for evacuation
[2026-04-03T02:29:33.346+0600][31.377s][info][gc,phases      ] GC(80)   Pre Evacuate Collection Set: 0.28ms
[2026-04-03T02:29:33.347+0600][31.377s][info][gc,phases      ] GC(80)   Merge Heap Roots: 0.14ms
[2026-04-03T02:29:33.347+0600][31.377s][info][gc,phases      ] GC(80)   Evacuate Collection Set: 3.27ms
[2026-04-03T02:29:33.347+0600][31.377s][info][gc,phases      ] GC(80)   Post Evacuate Collection Set: 0.50ms
[2026-04-03T02:29:33.347+0600][31.377s][info][gc,phases      ] GC(80)   Other: 0.11ms
[2026-04-03T02:29:33.347+0600][31.377s][info][gc,heap        ] GC(80) Eden regions: 11->0(251)
[2026-04-03T02:29:33.347+0600][31.377s][info][gc,heap        ] GC(80) Survivor regions: 8->8(33)
[2026-04-03T02:29:33.347+0600][31.377s][info][gc,heap        ] GC(80) Old regions: 78->78
[2026-04-03T02:29:33.347+0600][31.377s][info][gc,heap        ] GC(80) Humongous regions: 8->8
[2026-04-03T02:29:33.347+0600][31.377s][info][gc,metaspace   ] GC(80) Metaspace: 130295K(131968K)->130295K(131968K) NonClass: 113764K(114624K)->113764K(114624K) Class: 16531K(17344K)->16531K(17344K)
[2026-04-03T02:29:33.347+0600][31.377s][info][gc             ] GC(80) Pause Young (Concurrent Start) (G1 Humongous Allocation) 103M->92M(433M) 4.598ms
[2026-04-03T02:29:33.347+0600][31.377s][info][gc             ] GC(81) Concurrent Mark Cycle
[2026-04-03T02:29:33.347+0600][31.377s][info][gc,marking     ] GC(81) Concurrent Scan Root Regions
[2026-04-03T02:29:33.347+0600][31.377s][info][gc,cpu         ] GC(80) User=0.04s Sys=0.00s Real=0.00s
[2026-04-03T02:29:33.350+0600][31.381s][info][gc,marking     ] GC(81) Concurrent Scan Root Regions 3.261ms
[2026-04-03T02:29:33.350+0600][31.381s][info][gc,marking     ] GC(81) Concurrent Mark
[2026-04-03T02:29:33.350+0600][31.381s][info][gc,marking     ] GC(81) Concurrent Mark From Roots
[2026-04-03T02:29:33.350+0600][31.381s][info][gc,task        ] GC(81) Using 3 workers of 3 for marking
[2026-04-03T02:29:33.435+0600][31.465s][info][gc,marking     ] GC(81) Concurrent Mark From Roots 84.299ms
[2026-04-03T02:29:33.435+0600][31.465s][info][gc,marking     ] GC(81) Concurrent Preclean
[2026-04-03T02:29:33.435+0600][31.465s][info][gc,marking     ] GC(81) Concurrent Preclean 0.236ms
[2026-04-03T02:29:33.435+0600][31.466s][info][gc,start       ] GC(81) Pause Remark
[2026-04-03T02:29:33.458+0600][31.488s][info][gc             ] GC(81) Pause Remark 134M->134M(394M) 22.638ms
[2026-04-03T02:29:33.458+0600][31.488s][info][gc,cpu         ] GC(81) User=0.20s Sys=0.00s Real=0.02s
[2026-04-03T02:29:33.458+0600][31.489s][info][gc,marking     ] GC(81) Concurrent Mark 108.046ms
[2026-04-03T02:29:33.458+0600][31.489s][info][gc,marking     ] GC(81) Concurrent Rebuild Remembered Sets and Scrub Regions
[2026-04-03T02:29:33.493+0600][31.523s][info][gc,marking     ] GC(81) Concurrent Rebuild Remembered Sets and Scrub Regions 34.663ms
[2026-04-03T02:29:33.493+0600][31.524s][info][gc,start       ] GC(81) Pause Cleanup
[2026-04-03T02:29:33.494+0600][31.524s][info][gc             ] GC(81) Pause Cleanup 145M->145M(394M) 0.378ms
[2026-04-03T02:29:33.494+0600][31.524s][info][gc,cpu         ] GC(81) User=0.01s Sys=0.00s Real=0.00s
[2026-04-03T02:29:33.494+0600][31.525s][info][gc,marking     ] GC(81) Concurrent Clear Claimed Marks
[2026-04-03T02:29:33.495+0600][31.525s][info][gc,marking     ] GC(81) Concurrent Clear Claimed Marks 0.471ms
[2026-04-03T02:29:33.495+0600][31.525s][info][gc,marking     ] GC(81) Concurrent Cleanup for Next Mark
[2026-04-03T02:29:33.496+0600][31.526s][info][gc,marking     ] GC(81) Concurrent Cleanup for Next Mark 0.925ms
[2026-04-03T02:29:33.496+0600][31.526s][info][gc             ] GC(81) Concurrent Mark Cycle 148.988ms
[2026-04-03T02:29:33.746+0600][31.776s][info][gc,start       ] GC(82) Pause Young (Prepare Mixed) (G1 Evacuation Pause)
[2026-04-03T02:29:33.746+0600][31.777s][info][gc,task        ] GC(82) Using 9 workers of 10 for evacuation
[2026-04-03T02:29:33.753+0600][31.783s][info][gc,phases      ] GC(82)   Pre Evacuate Collection Set: 0.41ms
[2026-04-03T02:29:33.753+0600][31.783s][info][gc,phases      ] GC(82)   Merge Heap Roots: 0.25ms
[2026-04-03T02:29:33.753+0600][31.783s][info][gc,phases      ] GC(82)   Evacuate Collection Set: 5.08ms
[2026-04-03T02:29:33.753+0600][31.783s][info][gc,phases      ] GC(82)   Post Evacuate Collection Set: 0.77ms
[2026-04-03T02:29:33.753+0600][31.783s][info][gc,phases      ] GC(82)   Other: 0.13ms
[2026-04-03T02:29:33.753+0600][31.783s][info][gc,heap        ] GC(82) Eden regions: 211->0(240)
[2026-04-03T02:29:33.753+0600][31.783s][info][gc,heap        ] GC(82) Survivor regions: 8->8(30)
[2026-04-03T02:29:33.753+0600][31.783s][info][gc,heap        ] GC(82) Old regions: 78->79
[2026-04-03T02:29:33.753+0600][31.783s][info][gc,heap        ] GC(82) Humongous regions: 108->8
[2026-04-03T02:29:33.753+0600][31.783s][info][gc,metaspace   ] GC(82) Metaspace: 130323K(131968K)->130323K(131968K) NonClass: 113795K(114624K)->113795K(114624K) Class: 16527K(17344K)->16527K(17344K)
[2026-04-03T02:29:33.753+0600][31.783s][info][gc             ] GC(82) Pause Young (Prepare Mixed) (G1 Evacuation Pause) 403M->93M(414M) 6.947ms
[2026-04-03T02:29:33.753+0600][31.783s][info][gc,cpu         ] GC(82) User=0.05s Sys=0.01s Real=0.01s
[2026-04-03T02:29:34.021+0600][32.051s][info][gc,start       ] GC(83) Pause Young (Mixed) (G1 Evacuation Pause)
[2026-04-03T02:29:34.021+0600][32.051s][info][gc,task        ] GC(83) Using 10 workers of 10 for evacuation
[2026-04-03T02:29:34.027+0600][32.058s][info][gc,phases      ] GC(83)   Pre Evacuate Collection Set: 0.33ms
[2026-04-03T02:29:34.027+0600][32.058s][info][gc,phases      ] GC(83)   Merge Heap Roots: 0.20ms
[2026-04-03T02:29:34.027+0600][32.058s][info][gc,phases      ] GC(83)   Evacuate Collection Set: 4.86ms
[2026-04-03T02:29:34.027+0600][32.058s][info][gc,phases      ] GC(83)   Post Evacuate Collection Set: 0.78ms
[2026-04-03T02:29:34.027+0600][32.058s][info][gc,phases      ] GC(83)   Other: 0.12ms
[2026-04-03T02:29:34.027+0600][32.058s][info][gc,heap        ] GC(83) Eden regions: 146->0(314)
[2026-04-03T02:29:34.027+0600][32.058s][info][gc,heap        ] GC(83) Survivor regions: 8->9(38)
[2026-04-03T02:29:34.027+0600][32.058s][info][gc,heap        ] GC(83) Old regions: 79->79
[2026-04-03T02:29:34.027+0600][32.058s][info][gc,heap        ] GC(83) Humongous regions: 296->18
[2026-04-03T02:29:34.027+0600][32.058s][info][gc,metaspace   ] GC(83) Metaspace: 130351K(131968K)->130351K(131968K) NonClass: 113823K(114624K)->113823K(114624K) Class: 16528K(17344K)->16528K(17344K)
[2026-04-03T02:29:34.028+0600][32.058s][info][gc             ] GC(83) Pause Young (Mixed) (G1 Evacuation Pause) 527M->105M(539M) 6.623ms
[2026-04-03T02:29:34.028+0600][32.058s][info][gc,cpu         ] GC(83) User=0.03s Sys=0.02s Real=0.00s
[2026-04-03T02:29:34.028+0600][32.059s][info][gc,start       ] GC(84) Pause Young (Concurrent Start) (G1 Humongous Allocation)
[2026-04-03T02:29:34.028+0600][32.059s][info][gc,task        ] GC(84) Using 10 workers of 10 for evacuation
[2026-04-03T02:29:34.032+0600][32.063s][info][gc,phases      ] GC(84)   Pre Evacuate Collection Set: 0.34ms
[2026-04-03T02:29:34.032+0600][32.063s][info][gc,phases      ] GC(84)   Merge Heap Roots: 0.09ms
[2026-04-03T02:29:34.032+0600][32.063s][info][gc,phases      ] GC(84)   Evacuate Collection Set: 2.97ms
[2026-04-03T02:29:34.032+0600][32.063s][info][gc,phases      ] GC(84)   Post Evacuate Collection Set: 0.44ms
[2026-04-03T02:29:34.032+0600][32.063s][info][gc,phases      ] GC(84)   Other: 0.10ms
[2026-04-03T02:29:34.032+0600][32.063s][info][gc,heap        ] GC(84) Eden regions: 3->0(314)
[2026-04-03T02:29:34.032+0600][32.063s][info][gc,heap        ] GC(84) Survivor regions: 9->9(41)
[2026-04-03T02:29:34.032+0600][32.063s][info][gc,heap        ] GC(84) Old regions: 79->80
[2026-04-03T02:29:34.032+0600][32.063s][info][gc,heap        ] GC(84) Humongous regions: 18->8
[2026-04-03T02:29:34.032+0600][32.063s][info][gc,metaspace   ] GC(84) Metaspace: 130351K(131968K)->130351K(131968K) NonClass: 113823K(114624K)->113823K(114624K) Class: 16528K(17344K)->16528K(17344K)
[2026-04-03T02:29:34.032+0600][32.063s][info][gc             ] GC(84) Pause Young (Concurrent Start) (G1 Humongous Allocation) 107M->95M(539M) 4.159ms
[2026-04-03T02:29:34.032+0600][32.063s][info][gc             ] GC(85) Concurrent Mark Cycle
[2026-04-03T02:29:34.032+0600][32.063s][info][gc,marking     ] GC(85) Concurrent Scan Root Regions
[2026-04-03T02:29:34.032+0600][32.063s][info][gc,cpu         ] GC(84) User=0.04s Sys=0.00s Real=0.01s
[2026-04-03T02:29:34.037+0600][32.067s][info][gc,marking     ] GC(85) Concurrent Scan Root Regions 4.319ms
[2026-04-03T02:29:34.037+0600][32.067s][info][gc,marking     ] GC(85) Concurrent Mark
[2026-04-03T02:29:34.037+0600][32.067s][info][gc,marking     ] GC(85) Concurrent Mark From Roots
[2026-04-03T02:29:34.037+0600][32.067s][info][gc,task        ] GC(85) Using 3 workers of 3 for marking
[2026-04-03T02:29:34.129+0600][32.159s][info][gc,marking     ] GC(85) Concurrent Mark From Roots 91.920ms
[2026-04-03T02:29:34.129+0600][32.159s][info][gc,marking     ] GC(85) Concurrent Preclean
[2026-04-03T02:29:34.129+0600][32.160s][info][gc,marking     ] GC(85) Concurrent Preclean 0.239ms
[2026-04-03T02:29:34.130+0600][32.160s][info][gc,start       ] GC(85) Pause Remark
[2026-04-03T02:29:34.139+0600][32.170s][info][gc             ] GC(85) Pause Remark 240M->240M(539M) 9.659ms
[2026-04-03T02:29:34.139+0600][32.170s][info][gc,cpu         ] GC(85) User=0.07s Sys=0.00s Real=0.01s
[2026-04-03T02:29:34.140+0600][32.170s][info][gc,marking     ] GC(85) Concurrent Mark 102.769ms
[2026-04-03T02:29:34.140+0600][32.170s][info][gc,marking     ] GC(85) Concurrent Rebuild Remembered Sets and Scrub Regions
[2026-04-03T02:29:34.170+0600][32.200s][info][gc,marking     ] GC(85) Concurrent Rebuild Remembered Sets and Scrub Regions 30.232ms
[2026-04-03T02:29:34.170+0600][32.201s][info][gc,start       ] GC(85) Pause Cleanup
[2026-04-03T02:29:34.171+0600][32.201s][info][gc             ] GC(85) Pause Cleanup 247M->247M(539M) 0.305ms
[2026-04-03T02:29:34.171+0600][32.201s][info][gc,cpu         ] GC(85) User=0.00s Sys=0.00s Real=0.00s
[2026-04-03T02:29:34.171+0600][32.201s][info][gc,marking     ] GC(85) Concurrent Clear Claimed Marks
[2026-04-03T02:29:34.171+0600][32.202s][info][gc,marking     ] GC(85) Concurrent Clear Claimed Marks 0.360ms
[2026-04-03T02:29:34.171+0600][32.202s][info][gc,marking     ] GC(85) Concurrent Cleanup for Next Mark
[2026-04-03T02:29:34.173+0600][32.203s][info][gc,marking     ] GC(85) Concurrent Cleanup for Next Mark 1.502ms
[2026-04-03T02:29:34.173+0600][32.203s][info][gc             ] GC(85) Concurrent Mark Cycle 140.608ms
[2026-04-03T02:29:34.255+0600][32.285s][info][gc,start       ] GC(86) Pause Young (Prepare Mixed) (G1 Evacuation Pause)
[2026-04-03T02:29:34.255+0600][32.285s][info][gc,task        ] GC(86) Using 10 workers of 10 for evacuation
[2026-04-03T02:29:34.260+0600][32.290s][info][gc,phases      ] GC(86)   Pre Evacuate Collection Set: 0.26ms
[2026-04-03T02:29:34.260+0600][32.290s][info][gc,phases      ] GC(86)   Merge Heap Roots: 0.14ms
[2026-04-03T02:29:34.260+0600][32.290s][info][gc,phases      ] GC(86)   Evacuate Collection Set: 3.44ms
[2026-04-03T02:29:34.260+0600][32.290s][info][gc,phases      ] GC(86)   Post Evacuate Collection Set: 0.68ms
[2026-04-03T02:29:34.260+0600][32.290s][info][gc,phases      ] GC(86)   Other: 0.08ms
[2026-04-03T02:29:34.260+0600][32.290s][info][gc,heap        ] GC(86) Eden regions: 68->0(364)
[2026-04-03T02:29:34.260+0600][32.290s][info][gc,heap        ] GC(86) Survivor regions: 9->6(46)
[2026-04-03T02:29:34.260+0600][32.290s][info][gc,heap        ] GC(86) Old regions: 80->80
[2026-04-03T02:29:34.260+0600][32.290s][info][gc,heap        ] GC(86) Humongous regions: 455->8
[2026-04-03T02:29:34.260+0600][32.290s][info][gc,metaspace   ] GC(86) Metaspace: 130374K(131968K)->130374K(131968K) NonClass: 113845K(114624K)->113845K(114624K) Class: 16528K(17344K)->16528K(17344K)
[2026-04-03T02:29:34.260+0600][32.290s][info][gc             ] GC(86) Pause Young (Prepare Mixed) (G1 Evacuation Pause) 610M->93M(618M) 4.905ms
[2026-04-03T02:29:34.260+0600][32.290s][info][gc,cpu         ] GC(86) User=0.03s Sys=0.01s Real=0.01s
[2026-04-03T02:29:34.944+0600][32.974s][info][gc,start       ] GC(87) Pause Young (Mixed) (G1 Evacuation Pause)
[2026-04-03T02:29:34.944+0600][32.974s][info][gc,task        ] GC(87) Using 10 workers of 10 for evacuation
[2026-04-03T02:29:34.950+0600][32.981s][info][gc,phases      ] GC(87)   Pre Evacuate Collection Set: 0.40ms
[2026-04-03T02:29:34.950+0600][32.981s][info][gc,phases      ] GC(87)   Merge Heap Roots: 0.23ms
[2026-04-03T02:29:34.950+0600][32.981s][info][gc,phases      ] GC(87)   Evacuate Collection Set: 4.85ms
[2026-04-03T02:29:34.950+0600][32.981s][info][gc,phases      ] GC(87)   Post Evacuate Collection Set: 0.71ms
[2026-04-03T02:29:34.950+0600][32.981s][info][gc,phases      ] GC(87)   Other: 0.12ms
[2026-04-03T02:29:34.950+0600][32.981s][info][gc,heap        ] GC(87) Eden regions: 353->0(372)
[2026-04-03T02:29:34.950+0600][32.981s][info][gc,heap        ] GC(87) Survivor regions: 6->9(47)
[2026-04-03T02:29:34.950+0600][32.981s][info][gc,heap        ] GC(87) Old regions: 80->80
[2026-04-03T02:29:34.950+0600][32.981s][info][gc,heap        ] GC(87) Humongous regions: 186->8
[2026-04-03T02:29:34.950+0600][32.981s][info][gc,metaspace   ] GC(87) Metaspace: 130464K(132032K)->130464K(132032K) NonClass: 113934K(114688K)->113934K(114688K) Class: 16529K(17344K)->16529K(17344K)
[2026-04-03T02:29:34.950+0600][32.981s][info][gc             ] GC(87) Pause Young (Mixed) (G1 Evacuation Pause) 624M->96M(635M) 6.625ms
[2026-04-03T02:29:34.950+0600][32.981s][info][gc,cpu         ] GC(87) User=0.04s Sys=0.01s Real=0.01s
[2026-04-03T02:29:34.972+0600][33.003s][info][gc,start       ] GC(88) Pause Young (Concurrent Start) (G1 Humongous Allocation)
[2026-04-03T02:29:34.973+0600][33.003s][info][gc,task        ] GC(88) Using 10 workers of 10 for evacuation
[2026-04-03T02:29:34.978+0600][33.009s][info][gc,phases      ] GC(88)   Pre Evacuate Collection Set: 0.64ms
[2026-04-03T02:29:34.978+0600][33.009s][info][gc,phases      ] GC(88)   Merge Heap Roots: 0.18ms
[2026-04-03T02:29:34.978+0600][33.009s][info][gc,phases      ] GC(88)   Evacuate Collection Set: 3.86ms
[2026-04-03T02:29:34.978+0600][33.009s][info][gc,phases      ] GC(88)   Post Evacuate Collection Set: 0.70ms
[2026-04-03T02:29:34.978+0600][33.009s][info][gc,phases      ] GC(88)   Other: 0.23ms
[2026-04-03T02:29:34.978+0600][33.009s][info][gc,heap        ] GC(88) Eden regions: 19->0(369)
[2026-04-03T02:29:34.978+0600][33.009s][info][gc,heap        ] GC(88) Survivor regions: 9->12(48)
[2026-04-03T02:29:34.978+0600][33.009s][info][gc,heap        ] GC(88) Old regions: 80->80
[2026-04-03T02:29:34.978+0600][33.009s][info][gc,heap        ] GC(88) Humongous regions: 8->8
[2026-04-03T02:29:34.978+0600][33.009s][info][gc,metaspace   ] GC(88) Metaspace: 130464K(132032K)->130464K(132032K) NonClass: 113934K(114688K)->113934K(114688K) Class: 16529K(17344K)->16529K(17344K)
[2026-04-03T02:29:34.978+0600][33.009s][info][gc             ] GC(88) Pause Young (Concurrent Start) (G1 Humongous Allocation) 115M->98M(635M) 5.976ms
[2026-04-03T02:29:34.979+0600][33.009s][info][gc             ] GC(89) Concurrent Mark Cycle
[2026-04-03T02:29:34.979+0600][33.009s][info][gc,marking     ] GC(89) Concurrent Scan Root Regions
[2026-04-03T02:29:34.979+0600][33.009s][info][gc,cpu         ] GC(88) User=0.04s Sys=0.01s Real=0.00s
[2026-04-03T02:29:34.983+0600][33.013s][info][gc,marking     ] GC(89) Concurrent Scan Root Regions 4.014ms
[2026-04-03T02:29:34.983+0600][33.013s][info][gc,marking     ] GC(89) Concurrent Mark
[2026-04-03T02:29:34.983+0600][33.013s][info][gc,marking     ] GC(89) Concurrent Mark From Roots
[2026-04-03T02:29:34.983+0600][33.013s][info][gc,task        ] GC(89) Using 3 workers of 3 for marking
[2026-04-03T02:29:35.066+0600][33.096s][info][gc,marking     ] GC(89) Concurrent Mark From Roots 82.763ms
[2026-04-03T02:29:35.066+0600][33.096s][info][gc,marking     ] GC(89) Concurrent Preclean
[2026-04-03T02:29:35.066+0600][33.096s][info][gc,marking     ] GC(89) Concurrent Preclean 0.368ms
[2026-04-03T02:29:35.066+0600][33.097s][info][gc,start       ] GC(89) Pause Remark
[2026-04-03T02:29:35.073+0600][33.104s][info][gc             ] GC(89) Pause Remark 179M->179M(474M) 6.860ms
[2026-04-03T02:29:35.073+0600][33.104s][info][gc,cpu         ] GC(89) User=0.05s Sys=0.00s Real=0.01s
[2026-04-03T02:29:35.074+0600][33.104s][info][gc,marking     ] GC(89) Concurrent Mark 90.772ms
[2026-04-03T02:29:35.074+0600][33.104s][info][gc,marking     ] GC(89) Concurrent Rebuild Remembered Sets and Scrub Regions
[2026-04-03T02:29:35.110+0600][33.140s][info][gc,marking     ] GC(89) Concurrent Rebuild Remembered Sets and Scrub Regions 36.129ms
[2026-04-03T02:29:35.110+0600][33.141s][info][gc,start       ] GC(89) Pause Cleanup
[2026-04-03T02:29:35.110+0600][33.141s][info][gc             ] GC(89) Pause Cleanup 215M->215M(474M) 0.335ms
[2026-04-03T02:29:35.111+0600][33.141s][info][gc,cpu         ] GC(89) User=0.00s Sys=0.00s Real=0.00s
[2026-04-03T02:29:35.111+0600][33.141s][info][gc,marking     ] GC(89) Concurrent Clear Claimed Marks
[2026-04-03T02:29:35.111+0600][33.142s][info][gc,marking     ] GC(89) Concurrent Clear Claimed Marks 0.405ms
[2026-04-03T02:29:35.111+0600][33.142s][info][gc,marking     ] GC(89) Concurrent Cleanup for Next Mark
[2026-04-03T02:29:35.112+0600][33.142s][info][gc,marking     ] GC(89) Concurrent Cleanup for Next Mark 0.912ms
[2026-04-03T02:29:35.112+0600][33.143s][info][gc             ] GC(89) Concurrent Mark Cycle 133.595ms
[2026-04-03T02:29:35.340+0600][33.370s][info][gc,start       ] GC(90) Pause Young (Prepare Mixed) (G1 Evacuation Pause)
[2026-04-03T02:29:35.340+0600][33.370s][info][gc,task        ] GC(90) Using 10 workers of 10 for evacuation
[2026-04-03T02:29:35.347+0600][33.378s][info][gc,phases      ] GC(90)   Pre Evacuate Collection Set: 0.47ms
[2026-04-03T02:29:35.347+0600][33.378s][info][gc,phases      ] GC(90)   Merge Heap Roots: 0.20ms
[2026-04-03T02:29:35.347+0600][33.378s][info][gc,phases      ] GC(90)   Evacuate Collection Set: 5.68ms
[2026-04-03T02:29:35.347+0600][33.378s][info][gc,phases      ] GC(90)   Post Evacuate Collection Set: 0.69ms
[2026-04-03T02:29:35.347+0600][33.378s][info][gc,phases      ] GC(90)   Other: 0.13ms
[2026-04-03T02:29:35.347+0600][33.378s][info][gc,heap        ] GC(90) Eden regions: 206->0(281)
[2026-04-03T02:29:35.347+0600][33.378s][info][gc,heap        ] GC(90) Survivor regions: 12->10(36)
[2026-04-03T02:29:35.347+0600][33.378s][info][gc,heap        ] GC(90) Old regions: 80->81
[2026-04-03T02:29:35.347+0600][33.378s][info][gc,heap        ] GC(90) Humongous regions: 176->8
[2026-04-03T02:29:35.347+0600][33.378s][info][gc,metaspace   ] GC(90) Metaspace: 130473K(132032K)->130473K(132032K) NonClass: 113943K(114688K)->113943K(114688K) Class: 16529K(17344K)->16529K(17344K)
[2026-04-03T02:29:35.347+0600][33.378s][info][gc             ] GC(90) Pause Young (Prepare Mixed) (G1 Evacuation Pause) 472M->97M(485M) 7.487ms
[2026-04-03T02:29:35.347+0600][33.378s][info][gc,cpu         ] GC(90) User=0.05s Sys=0.01s Real=0.00s
[2026-04-03T02:29:35.699+0600][33.729s][info][gc,start       ] GC(91) Pause Young (Mixed) (G1 Evacuation Pause)
[2026-04-03T02:29:35.699+0600][33.729s][info][gc,task        ] GC(91) Using 10 workers of 10 for evacuation
[2026-04-03T02:29:35.705+0600][33.736s][info][gc,phases      ] GC(91)   Pre Evacuate Collection Set: 0.26ms
[2026-04-03T02:29:35.705+0600][33.736s][info][gc,phases      ] GC(91)   Merge Heap Roots: 0.21ms
[2026-04-03T02:29:35.705+0600][33.736s][info][gc,phases      ] GC(91)   Evacuate Collection Set: 4.80ms
[2026-04-03T02:29:35.705+0600][33.736s][info][gc,phases      ] GC(91)   Post Evacuate Collection Set: 0.95ms
[2026-04-03T02:29:35.705+0600][33.736s][info][gc,phases      ] GC(91)   Other: 0.11ms
[2026-04-03T02:29:35.705+0600][33.736s][info][gc,heap        ] GC(91) Eden regions: 225->0(291)
[2026-04-03T02:29:35.705+0600][33.736s][info][gc,heap        ] GC(91) Survivor regions: 10->10(37)
[2026-04-03T02:29:35.705+0600][33.736s][info][gc,heap        ] GC(91) Old regions: 81->80
[2026-04-03T02:29:35.705+0600][33.736s][info][gc,heap        ] GC(91) Humongous regions: 176->8
[2026-04-03T02:29:35.705+0600][33.736s][info][gc,metaspace   ] GC(91) Metaspace: 130479K(132032K)->130479K(132032K) NonClass: 113948K(114688K)->113948K(114688K) Class: 16531K(17344K)->16531K(17344K)
[2026-04-03T02:29:35.705+0600][33.736s][info][gc             ] GC(91) Pause Young (Mixed) (G1 Evacuation Pause) 490M->96M(502M) 6.719ms
[2026-04-03T02:29:35.706+0600][33.736s][info][gc,cpu         ] GC(91) User=0.03s Sys=0.02s Real=0.01s
[2026-04-03T02:29:35.724+0600][33.754s][info][gc,start       ] GC(92) Pause Young (Concurrent Start) (G1 Humongous Allocation)
[2026-04-03T02:29:35.724+0600][33.754s][info][gc,task        ] GC(92) Using 10 workers of 10 for evacuation
[2026-04-03T02:29:35.730+0600][33.760s][info][gc,phases      ] GC(92)   Pre Evacuate Collection Set: 0.38ms
[2026-04-03T02:29:35.730+0600][33.760s][info][gc,phases      ] GC(92)   Merge Heap Roots: 0.18ms
[2026-04-03T02:29:35.730+0600][33.760s][info][gc,phases      ] GC(92)   Evacuate Collection Set: 4.45ms
[2026-04-03T02:29:35.730+0600][33.760s][info][gc,phases      ] GC(92)   Post Evacuate Collection Set: 0.76ms
[2026-04-03T02:29:35.730+0600][33.760s][info][gc,phases      ] GC(92)   Other: 0.14ms
[2026-04-03T02:29:35.730+0600][33.760s][info][gc,heap        ] GC(92) Eden regions: 14->0(292)
[2026-04-03T02:29:35.730+0600][33.760s][info][gc,heap        ] GC(92) Survivor regions: 10->9(38)
[2026-04-03T02:29:35.730+0600][33.760s][info][gc,heap        ] GC(92) Old regions: 80->80
[2026-04-03T02:29:35.730+0600][33.760s][info][gc,heap        ] GC(92) Humongous regions: 8->8
[2026-04-03T02:29:35.730+0600][33.760s][info][gc,metaspace   ] GC(92) Metaspace: 130479K(132032K)->130479K(132032K) NonClass: 113948K(114688K)->113948K(114688K) Class: 16531K(17344K)->16531K(17344K)
[2026-04-03T02:29:35.730+0600][33.760s][info][gc             ] GC(92) Pause Young (Concurrent Start) (G1 Humongous Allocation) 109M->96M(502M) 6.280ms
[2026-04-03T02:29:35.730+0600][33.760s][info][gc             ] GC(93) Concurrent Mark Cycle
[2026-04-03T02:29:35.730+0600][33.761s][info][gc,marking     ] GC(93) Concurrent Scan Root Regions
[2026-04-03T02:29:35.730+0600][33.760s][info][gc,cpu         ] GC(92) User=0.05s Sys=0.00s Real=0.01s
[2026-04-03T02:29:35.734+0600][33.764s][info][gc,marking     ] GC(93) Concurrent Scan Root Regions 3.748ms
[2026-04-03T02:29:35.734+0600][33.764s][info][gc,marking     ] GC(93) Concurrent Mark
[2026-04-03T02:29:35.734+0600][33.764s][info][gc,marking     ] GC(93) Concurrent Mark From Roots
[2026-04-03T02:29:35.734+0600][33.764s][info][gc,task        ] GC(93) Using 3 workers of 3 for marking
[2026-04-03T02:29:35.813+0600][33.843s][info][gc,marking     ] GC(93) Concurrent Mark From Roots 78.692ms
[2026-04-03T02:29:35.813+0600][33.843s][info][gc,marking     ] GC(93) Concurrent Preclean
[2026-04-03T02:29:35.813+0600][33.843s][info][gc,marking     ] GC(93) Concurrent Preclean 0.241ms
[2026-04-03T02:29:35.815+0600][33.845s][info][gc,start       ] GC(93) Pause Remark
[2026-04-03T02:29:35.823+0600][33.854s][info][gc             ] GC(93) Pause Remark 143M->143M(410M) 8.182ms
[2026-04-03T02:29:35.823+0600][33.854s][info][gc,cpu         ] GC(93) User=0.06s Sys=0.00s Real=0.01s
[2026-04-03T02:29:35.823+0600][33.854s][info][gc,marking     ] GC(93) Concurrent Mark 89.432ms
[2026-04-03T02:29:35.823+0600][33.854s][info][gc,marking     ] GC(93) Concurrent Rebuild Remembered Sets and Scrub Regions
[2026-04-03T02:29:35.857+0600][33.887s][info][gc,marking     ] GC(93) Concurrent Rebuild Remembered Sets and Scrub Regions 33.091ms
[2026-04-03T02:29:35.857+0600][33.887s][info][gc,start       ] GC(93) Pause Cleanup
[2026-04-03T02:29:35.857+0600][33.888s][info][gc             ] GC(93) Pause Cleanup 162M->162M(410M) 0.300ms
[2026-04-03T02:29:35.857+0600][33.888s][info][gc,cpu         ] GC(93) User=0.00s Sys=0.00s Real=0.00s
[2026-04-03T02:29:35.858+0600][33.888s][info][gc,marking     ] GC(93) Concurrent Clear Claimed Marks
[2026-04-03T02:29:35.858+0600][33.888s][info][gc,marking     ] GC(93) Concurrent Clear Claimed Marks 0.364ms
[2026-04-03T02:29:35.858+0600][33.888s][info][gc,marking     ] GC(93) Concurrent Cleanup for Next Mark
[2026-04-03T02:29:35.859+0600][33.889s][info][gc,marking     ] GC(93) Concurrent Cleanup for Next Mark 0.612ms
[2026-04-03T02:29:35.859+0600][33.889s][info][gc             ] GC(93) Concurrent Mark Cycle 128.682ms
[2026-04-03T02:29:36.259+0600][34.289s][info][gc,start       ] GC(94) Pause Young (Prepare Mixed) (G1 Evacuation Pause)
[2026-04-03T02:29:36.259+0600][34.290s][info][gc,task        ] GC(94) Using 10 workers of 10 for evacuation
[2026-04-03T02:29:36.265+0600][34.295s][info][gc,phases      ] GC(94)   Pre Evacuate Collection Set: 0.29ms
[2026-04-03T02:29:36.265+0600][34.295s][info][gc,phases      ] GC(94)   Merge Heap Roots: 0.19ms
[2026-04-03T02:29:36.265+0600][34.295s][info][gc,phases      ] GC(94)   Evacuate Collection Set: 4.10ms
[2026-04-03T02:29:36.265+0600][34.295s][info][gc,phases      ] GC(94)   Post Evacuate Collection Set: 0.75ms
[2026-04-03T02:29:36.265+0600][34.295s][info][gc,phases      ] GC(94)   Other: 0.11ms
[2026-04-03T02:29:36.265+0600][34.295s][info][gc,heap        ] GC(94) Eden regions: 230->0(250)
[2026-04-03T02:29:36.265+0600][34.295s][info][gc,heap        ] GC(94) Survivor regions: 9->8(31)
[2026-04-03T02:29:36.265+0600][34.295s][info][gc,heap        ] GC(94) Old regions: 80->82
[2026-04-03T02:29:36.265+0600][34.295s][info][gc,heap        ] GC(94) Humongous regions: 102->8
[2026-04-03T02:29:36.265+0600][34.295s][info][gc,metaspace   ] GC(94) Metaspace: 130544K(132032K)->130544K(132032K) NonClass: 114012K(114688K)->114012K(114688K) Class: 16532K(17344K)->16532K(17344K)
[2026-04-03T02:29:36.265+0600][34.295s][info][gc             ] GC(94) Pause Young (Prepare Mixed) (G1 Evacuation Pause) 420M->96M(431M) 5.776ms
[2026-04-03T02:29:36.265+0600][34.295s][info][gc,cpu         ] GC(94) User=0.02s Sys=0.01s Real=0.01s
[2026-04-03T02:29:36.531+0600][34.561s][info][gc,start       ] GC(95) Pause Young (Mixed) (G1 Evacuation Pause)
[2026-04-03T02:29:36.531+0600][34.562s][info][gc,task        ] GC(95) Using 10 workers of 10 for evacuation
[2026-04-03T02:29:36.538+0600][34.569s][info][gc,phases      ] GC(95)   Pre Evacuate Collection Set: 0.37ms
[2026-04-03T02:29:36.538+0600][34.569s][info][gc,phases      ] GC(95)   Merge Heap Roots: 0.30ms
[2026-04-03T02:29:36.538+0600][34.569s][info][gc,phases      ] GC(95)   Evacuate Collection Set: 5.40ms
[2026-04-03T02:29:36.538+0600][34.569s][info][gc,phases      ] GC(95)   Post Evacuate Collection Set: 0.79ms
[2026-04-03T02:29:36.538+0600][34.569s][info][gc,phases      ] GC(95)   Other: 0.12ms
[2026-04-03T02:29:36.538+0600][34.569s][info][gc,heap        ] GC(95) Eden regions: 186->0(255)
[2026-04-03T02:29:36.538+0600][34.569s][info][gc,heap        ] GC(95) Survivor regions: 8->9(33)
[2026-04-03T02:29:36.538+0600][34.569s][info][gc,heap        ] GC(95) Old regions: 82->81
[2026-04-03T02:29:36.538+0600][34.569s][info][gc,heap        ] GC(95) Humongous regions: 155->8
[2026-04-03T02:29:36.538+0600][34.569s][info][gc,metaspace   ] GC(95) Metaspace: 130558K(132096K)->130558K(132096K) NonClass: 114025K(114752K)->114025K(114752K) Class: 16532K(17344K)->16532K(17344K)
[2026-04-03T02:29:36.538+0600][34.569s][info][gc             ] GC(95) Pause Young (Mixed) (G1 Evacuation Pause) 429M->96M(440M) 7.332ms
[2026-04-03T02:29:36.538+0600][34.569s][info][gc,cpu         ] GC(95) User=0.05s Sys=0.01s Real=0.00s
[2026-04-03T02:29:36.552+0600][34.583s][info][gc,start       ] GC(96) Pause Young (Concurrent Start) (GCLocker Initiated GC)
[2026-04-03T02:29:36.552+0600][34.583s][info][gc,task        ] GC(96) Using 10 workers of 10 for evacuation
[2026-04-03T02:29:36.557+0600][34.588s][info][gc,phases      ] GC(96)   Pre Evacuate Collection Set: 0.58ms
[2026-04-03T02:29:36.557+0600][34.588s][info][gc,phases      ] GC(96)   Merge Heap Roots: 0.19ms
[2026-04-03T02:29:36.557+0600][34.588s][info][gc,phases      ] GC(96)   Evacuate Collection Set: 3.25ms
[2026-04-03T02:29:36.557+0600][34.588s][info][gc,phases      ] GC(96)   Post Evacuate Collection Set: 0.79ms
[2026-04-03T02:29:36.557+0600][34.588s][info][gc,phases      ] GC(96)   Other: 0.25ms
[2026-04-03T02:29:36.557+0600][34.588s][info][gc,heap        ] GC(96) Eden regions: 19->0(254)
[2026-04-03T02:29:36.557+0600][34.588s][info][gc,heap        ] GC(96) Survivor regions: 9->10(33)
[2026-04-03T02:29:36.557+0600][34.588s][info][gc,heap        ] GC(96) Old regions: 81->81
[2026-04-03T02:29:36.557+0600][34.588s][info][gc,heap        ] GC(96) Humongous regions: 8->8
[2026-04-03T02:29:36.557+0600][34.588s][info][gc,metaspace   ] GC(96) Metaspace: 130558K(132096K)->130558K(132096K) NonClass: 114025K(114752K)->114025K(114752K) Class: 16532K(17344K)->16532K(17344K)
[2026-04-03T02:29:36.558+0600][34.588s][info][gc             ] GC(96) Pause Young (Concurrent Start) (GCLocker Initiated GC) 115M->98M(440M) 5.379ms
[2026-04-03T02:29:36.558+0600][34.588s][info][gc             ] GC(97) Concurrent Mark Cycle
[2026-04-03T02:29:36.558+0600][34.588s][info][gc,marking     ] GC(97) Concurrent Scan Root Regions
[2026-04-03T02:29:36.558+0600][34.588s][info][gc,cpu         ] GC(96) User=0.03s Sys=0.00s Real=0.00s
[2026-04-03T02:29:36.561+0600][34.592s][info][gc,marking     ] GC(97) Concurrent Scan Root Regions 3.679ms
[2026-04-03T02:29:36.561+0600][34.592s][info][gc,marking     ] GC(97) Concurrent Mark
[2026-04-03T02:29:36.561+0600][34.592s][info][gc,marking     ] GC(97) Concurrent Mark From Roots
[2026-04-03T02:29:36.561+0600][34.592s][info][gc,task        ] GC(97) Using 3 workers of 3 for marking
[2026-04-03T02:29:36.659+0600][34.690s][info][gc,marking     ] GC(97) Concurrent Mark From Roots 97.769ms
[2026-04-03T02:29:36.659+0600][34.690s][info][gc,marking     ] GC(97) Concurrent Preclean
[2026-04-03T02:29:36.660+0600][34.690s][info][gc,marking     ] GC(97) Concurrent Preclean 0.658ms
[2026-04-03T02:29:36.661+0600][34.691s][info][gc,start       ] GC(97) Pause Remark
[2026-04-03T02:29:36.670+0600][34.701s][info][gc             ] GC(97) Pause Remark 193M->193M(440M) 9.930ms
[2026-04-03T02:29:36.671+0600][34.701s][info][gc,cpu         ] GC(97) User=0.09s Sys=0.01s Real=0.01s
[2026-04-03T02:29:36.671+0600][34.701s][info][gc,marking     ] GC(97) Concurrent Mark 109.540ms
[2026-04-03T02:29:36.671+0600][34.701s][info][gc,marking     ] GC(97) Concurrent Rebuild Remembered Sets and Scrub Regions
[2026-04-03T02:29:36.706+0600][34.736s][info][gc,marking     ] GC(97) Concurrent Rebuild Remembered Sets and Scrub Regions 34.675ms
[2026-04-03T02:29:36.706+0600][34.737s][info][gc,start       ] GC(97) Pause Cleanup
[2026-04-03T02:29:36.707+0600][34.737s][info][gc             ] GC(97) Pause Cleanup 226M->226M(440M) 0.332ms
[2026-04-03T02:29:36.707+0600][34.737s][info][gc,cpu         ] GC(97) User=0.00s Sys=0.00s Real=0.00s
[2026-04-03T02:29:36.707+0600][34.737s][info][gc,marking     ] GC(97) Concurrent Clear Claimed Marks
[2026-04-03T02:29:36.707+0600][34.738s][info][gc,marking     ] GC(97) Concurrent Clear Claimed Marks 0.438ms
[2026-04-03T02:29:36.707+0600][34.738s][info][gc,marking     ] GC(97) Concurrent Cleanup for Next Mark
[2026-04-03T02:29:36.708+0600][34.739s][info][gc,marking     ] GC(97) Concurrent Cleanup for Next Mark 1.258ms
[2026-04-03T02:29:36.709+0600][34.739s][info][gc             ] GC(97) Concurrent Mark Cycle 150.982ms
[2026-04-03T02:29:36.897+0600][34.928s][info][gc,start       ] GC(98) Pause Young (Prepare Mixed) (GCLocker Initiated GC)
[2026-04-03T02:29:36.897+0600][34.928s][info][gc,task        ] GC(98) Using 10 workers of 10 for evacuation
[2026-04-03T02:29:36.905+0600][34.935s][info][gc,phases      ] GC(98)   Pre Evacuate Collection Set: 0.55ms
[2026-04-03T02:29:36.905+0600][34.935s][info][gc,phases      ] GC(98)   Merge Heap Roots: 0.30ms
[2026-04-03T02:29:36.905+0600][34.936s][info][gc,phases      ] GC(98)   Evacuate Collection Set: 5.79ms
[2026-04-03T02:29:36.905+0600][34.936s][info][gc,phases      ] GC(98)   Post Evacuate Collection Set: 0.93ms
[2026-04-03T02:29:36.905+0600][34.936s][info][gc,phases      ] GC(98)   Other: 0.15ms
[2026-04-03T02:29:36.905+0600][34.936s][info][gc,heap        ] GC(98) Eden regions: 194->0(262)
[2026-04-03T02:29:36.905+0600][34.936s][info][gc,heap        ] GC(98) Survivor regions: 10->11(33)
[2026-04-03T02:29:36.905+0600][34.936s][info][gc,heap        ] GC(98) Old regions: 81->81
[2026-04-03T02:29:36.905+0600][34.936s][info][gc,heap        ] GC(98) Humongous regions: 159->8
[2026-04-03T02:29:36.905+0600][34.936s][info][gc,metaspace   ] GC(98) Metaspace: 130559K(132096K)->130559K(132096K) NonClass: 114026K(114752K)->114026K(114752K) Class: 16532K(17344K)->16532K(17344K)
[2026-04-03T02:29:36.905+0600][34.936s][info][gc             ] GC(98) Pause Young (Prepare Mixed) (GCLocker Initiated GC) 443M->99M(455M) 8.044ms
[2026-04-03T02:29:36.905+0600][34.936s][info][gc,cpu         ] GC(98) User=0.05s Sys=0.02s Real=0.01s
[2026-04-03T02:29:37.248+0600][35.279s][info][gc,start       ] GC(99) Pause Young (Mixed) (G1 Evacuation Pause)
[2026-04-03T02:29:37.248+0600][35.279s][info][gc,task        ] GC(99) Using 10 workers of 10 for evacuation
[2026-04-03T02:29:37.256+0600][35.287s][info][gc,phases      ] GC(99)   Pre Evacuate Collection Set: 0.46ms
[2026-04-03T02:29:37.256+0600][35.287s][info][gc,phases      ] GC(99)   Merge Heap Roots: 0.28ms
[2026-04-03T02:29:37.256+0600][35.287s][info][gc,phases      ] GC(99)   Evacuate Collection Set: 6.10ms
[2026-04-03T02:29:37.256+0600][35.287s][info][gc,phases      ] GC(99)   Post Evacuate Collection Set: 0.98ms
[2026-04-03T02:29:37.256+0600][35.287s][info][gc,phases      ] GC(99)   Other: 0.12ms
[2026-04-03T02:29:37.256+0600][35.287s][info][gc,heap        ] GC(99) Eden regions: 213->0(270)
[2026-04-03T02:29:37.256+0600][35.287s][info][gc,heap        ] GC(99) Survivor regions: 11->9(35)
[2026-04-03T02:29:37.256+0600][35.287s][info][gc,heap        ] GC(99) Old regions: 81->82
[2026-04-03T02:29:37.256+0600][35.287s][info][gc,heap        ] GC(99) Humongous regions: 150->8
[2026-04-03T02:29:37.256+0600][35.287s][info][gc,metaspace   ] GC(99) Metaspace: 130576K(132096K)->130576K(132096K) NonClass: 114043K(114752K)->114043K(114752K) Class: 16532K(17344K)->16532K(17344K)
[2026-04-03T02:29:37.256+0600][35.287s][info][gc             ] GC(99) Pause Young (Mixed) (G1 Evacuation Pause) 454M->98M(466M) 8.277ms
[2026-04-03T02:29:37.257+0600][35.287s][info][gc,cpu         ] GC(99) User=0.05s Sys=0.02s Real=0.01s
[2026-04-03T02:29:37.285+0600][35.315s][info][gc,start       ] GC(100) Pause Young (Concurrent Start) (G1 Humongous Allocation)
[2026-04-03T02:29:37.285+0600][35.315s][info][gc,task        ] GC(100) Using 10 workers of 10 for evacuation
[2026-04-03T02:29:37.290+0600][35.321s][info][gc,phases      ] GC(100)   Pre Evacuate Collection Set: 0.50ms
[2026-04-03T02:29:37.290+0600][35.321s][info][gc,phases      ] GC(100)   Merge Heap Roots: 0.20ms
[2026-04-03T02:29:37.290+0600][35.321s][info][gc,phases      ] GC(100)   Evacuate Collection Set: 3.62ms
[2026-04-03T02:29:37.290+0600][35.321s][info][gc,phases      ] GC(100)   Post Evacuate Collection Set: 0.71ms
[2026-04-03T02:29:37.290+0600][35.321s][info][gc,phases      ] GC(100)   Other: 0.13ms
[2026-04-03T02:29:37.290+0600][35.321s][info][gc,heap        ] GC(100) Eden regions: 31->0(269)
[2026-04-03T02:29:37.290+0600][35.321s][info][gc,heap        ] GC(100) Survivor regions: 9->10(35)
[2026-04-03T02:29:37.290+0600][35.321s][info][gc,heap        ] GC(100) Old regions: 82->83
[2026-04-03T02:29:37.290+0600][35.321s][info][gc,heap        ] GC(100) Humongous regions: 8->8
[2026-04-03T02:29:37.290+0600][35.321s][info][gc,metaspace   ] GC(100) Metaspace: 130577K(132096K)->130577K(132096K) NonClass: 114044K(114752K)->114044K(114752K) Class: 16532K(17344K)->16532K(17344K)
[2026-04-03T02:29:37.290+0600][35.321s][info][gc             ] GC(100) Pause Young (Concurrent Start) (G1 Humongous Allocation) 129M->99M(466M) 5.523ms
[2026-04-03T02:29:37.291+0600][35.321s][info][gc,cpu         ] GC(100) User=0.04s Sys=0.01s Real=0.01s
[2026-04-03T02:29:37.291+0600][35.321s][info][gc             ] GC(101) Concurrent Mark Cycle
[2026-04-03T02:29:37.291+0600][35.321s][info][gc,marking     ] GC(101) Concurrent Scan Root Regions
[2026-04-03T02:29:37.298+0600][35.328s][info][gc,marking     ] GC(101) Concurrent Scan Root Regions 7.287ms
[2026-04-03T02:29:37.298+0600][35.329s][info][gc,marking     ] GC(101) Concurrent Mark
[2026-04-03T02:29:37.298+0600][35.329s][info][gc,marking     ] GC(101) Concurrent Mark From Roots
[2026-04-03T02:29:37.298+0600][35.329s][info][gc,task        ] GC(101) Using 3 workers of 3 for marking
[2026-04-03T02:29:37.395+0600][35.426s][info][gc,marking     ] GC(101) Concurrent Mark From Roots 97.344ms
[2026-04-03T02:29:37.396+0600][35.426s][info][gc,marking     ] GC(101) Concurrent Preclean
[2026-04-03T02:29:37.396+0600][35.426s][info][gc,marking     ] GC(101) Concurrent Preclean 0.304ms
[2026-04-03T02:29:37.396+0600][35.427s][info][gc,start       ] GC(101) Pause Remark
[2026-04-03T02:29:37.405+0600][35.435s][info][gc             ] GC(101) Pause Remark 194M->194M(407M) 8.399ms
[2026-04-03T02:29:37.405+0600][35.435s][info][gc,cpu         ] GC(101) User=0.07s Sys=0.00s Real=0.01s
[2026-04-03T02:29:37.405+0600][35.435s][info][gc,marking     ] GC(101) Concurrent Mark 106.913ms
[2026-04-03T02:29:37.405+0600][35.436s][info][gc,marking     ] GC(101) Concurrent Rebuild Remembered Sets and Scrub Regions
[2026-04-03T02:29:37.440+0600][35.470s][info][gc,marking     ] GC(101) Concurrent Rebuild Remembered Sets and Scrub Regions 34.409ms
[2026-04-03T02:29:37.440+0600][35.470s][info][gc,start       ] GC(101) Pause Cleanup
[2026-04-03T02:29:37.440+0600][35.471s][info][gc             ] GC(101) Pause Cleanup 240M->240M(407M) 0.308ms
[2026-04-03T02:29:37.440+0600][35.471s][info][gc,cpu         ] GC(101) User=0.00s Sys=0.00s Real=0.00s
[2026-04-03T02:29:37.440+0600][35.471s][info][gc,marking     ] GC(101) Concurrent Clear Claimed Marks
[2026-04-03T02:29:37.441+0600][35.471s][info][gc,marking     ] GC(101) Concurrent Clear Claimed Marks 0.461ms
[2026-04-03T02:29:37.441+0600][35.471s][info][gc,marking     ] GC(101) Concurrent Cleanup for Next Mark
[2026-04-03T02:29:37.442+0600][35.472s][info][gc,marking     ] GC(101) Concurrent Cleanup for Next Mark 0.986ms
[2026-04-03T02:29:37.442+0600][35.472s][info][gc             ] GC(101) Concurrent Mark Cycle 151.374ms
[2026-04-03T02:29:37.617+0600][35.647s][info][gc,start       ] GC(102) Pause Young (Prepare Mixed) (G1 Evacuation Pause)
[2026-04-03T02:29:37.617+0600][35.647s][info][gc,task        ] GC(102) Using 9 workers of 10 for evacuation
[2026-04-03T02:29:37.622+0600][35.652s][info][gc,phases      ] GC(102)   Pre Evacuate Collection Set: 0.40ms
[2026-04-03T02:29:37.622+0600][35.652s][info][gc,phases      ] GC(102)   Merge Heap Roots: 0.12ms
[2026-04-03T02:29:37.622+0600][35.652s][info][gc,phases      ] GC(102)   Evacuate Collection Set: 3.55ms
[2026-04-03T02:29:37.622+0600][35.652s][info][gc,phases      ] GC(102)   Post Evacuate Collection Set: 0.45ms
[2026-04-03T02:29:37.622+0600][35.652s][info][gc,phases      ] GC(102)   Other: 0.09ms
[2026-04-03T02:29:37.622+0600][35.652s][info][gc,heap        ] GC(102) Eden regions: 229->0(241)
[2026-04-03T02:29:37.622+0600][35.652s][info][gc,heap        ] GC(102) Survivor regions: 10->8(31)
[2026-04-03T02:29:37.622+0600][35.652s][info][gc,heap        ] GC(102) Old regions: 83->84
[2026-04-03T02:29:37.622+0600][35.652s][info][gc,heap        ] GC(102) Humongous regions: 85->8
[2026-04-03T02:29:37.622+0600][35.652s][info][gc,metaspace   ] GC(102) Metaspace: 130583K(132096K)->130583K(132096K) NonClass: 114050K(114752K)->114050K(114752K) Class: 16532K(17344K)->16532K(17344K)
[2026-04-03T02:29:37.622+0600][35.652s][info][gc             ] GC(102) Pause Young (Prepare Mixed) (G1 Evacuation Pause) 405M->97M(416M) 4.849ms
[2026-04-03T02:29:37.622+0600][35.652s][info][gc,cpu         ] GC(102) User=0.02s Sys=0.01s Real=0.01s
[2026-04-03T02:29:37.697+0600][35.727s][info][gc,start       ] GC(103) Pause Young (Mixed) (G1 Evacuation Pause)
[2026-04-03T02:29:37.697+0600][35.728s][info][gc,task        ] GC(103) Using 10 workers of 10 for evacuation
[2026-04-03T02:29:37.702+0600][35.733s][info][gc,phases      ] GC(103)   Pre Evacuate Collection Set: 0.36ms
[2026-04-03T02:29:37.702+0600][35.733s][info][gc,phases      ] GC(103)   Merge Heap Roots: 0.13ms
[2026-04-03T02:29:37.702+0600][35.733s][info][gc,phases      ] GC(103)   Evacuate Collection Set: 3.72ms
[2026-04-03T02:29:37.702+0600][35.733s][info][gc,phases      ] GC(103)   Post Evacuate Collection Set: 0.68ms
[2026-04-03T02:29:37.702+0600][35.733s][info][gc,phases      ] GC(103)   Other: 0.08ms
[2026-04-03T02:29:37.702+0600][35.733s][info][gc,heap        ] GC(103) Eden regions: 43->0(277)
[2026-04-03T02:29:37.702+0600][35.733s][info][gc,heap        ] GC(103) Survivor regions: 8->8(34)
[2026-04-03T02:29:37.702+0600][35.733s][info][gc,heap        ] GC(103) Old regions: 84->84
[2026-04-03T02:29:37.702+0600][35.733s][info][gc,heap        ] GC(103) Humongous regions: 332->13
[2026-04-03T02:29:37.702+0600][35.733s][info][gc,metaspace   ] GC(103) Metaspace: 130586K(132096K)->130586K(132096K) NonClass: 114053K(114752K)->114053K(114752K) Class: 16532K(17344K)->16532K(17344K)
[2026-04-03T02:29:37.702+0600][35.733s][info][gc             ] GC(103) Pause Young (Mixed) (G1 Evacuation Pause) 464M->103M(476M) 5.238ms
[2026-04-03T02:29:37.702+0600][35.733s][info][gc,cpu         ] GC(103) User=0.02s Sys=0.01s Real=0.01s
[2026-04-03T02:29:37.704+0600][35.734s][info][gc,start       ] GC(104) Pause Young (Concurrent Start) (G1 Humongous Allocation)
[2026-04-03T02:29:37.704+0600][35.734s][info][gc,task        ] GC(104) Using 10 workers of 10 for evacuation
[2026-04-03T02:29:37.707+0600][35.737s][info][gc,phases      ] GC(104)   Pre Evacuate Collection Set: 0.34ms
[2026-04-03T02:29:37.707+0600][35.737s][info][gc,phases      ] GC(104)   Merge Heap Roots: 0.08ms
[2026-04-03T02:29:37.707+0600][35.737s][info][gc,phases      ] GC(104)   Evacuate Collection Set: 2.11ms
[2026-04-03T02:29:37.707+0600][35.737s][info][gc,phases      ] GC(104)   Post Evacuate Collection Set: 0.42ms
[2026-04-03T02:29:37.707+0600][35.737s][info][gc,phases      ] GC(104)   Other: 0.12ms
[2026-04-03T02:29:37.707+0600][35.737s][info][gc,heap        ] GC(104) Eden regions: 2->0(277)
[2026-04-03T02:29:37.707+0600][35.737s][info][gc,heap        ] GC(104) Survivor regions: 8->8(36)
[2026-04-03T02:29:37.707+0600][35.737s][info][gc,heap        ] GC(104) Old regions: 84->84
[2026-04-03T02:29:37.707+0600][35.737s][info][gc,heap        ] GC(104) Humongous regions: 13->8
[2026-04-03T02:29:37.707+0600][35.737s][info][gc,metaspace   ] GC(104) Metaspace: 130586K(132096K)->130586K(132096K) NonClass: 114053K(114752K)->114053K(114752K) Class: 16532K(17344K)->16532K(17344K)
[2026-04-03T02:29:37.707+0600][35.737s][info][gc             ] GC(104) Pause Young (Concurrent Start) (G1 Humongous Allocation) 104M->98M(476M) 3.309ms
[2026-04-03T02:29:37.707+0600][35.737s][info][gc             ] GC(105) Concurrent Mark Cycle
[2026-04-03T02:29:37.707+0600][35.737s][info][gc,marking     ] GC(105) Concurrent Scan Root Regions
[2026-04-03T02:29:37.707+0600][35.737s][info][gc,cpu         ] GC(104) User=0.02s Sys=0.00s Real=0.00s
[2026-04-03T02:29:37.709+0600][35.740s][info][gc,marking     ] GC(105) Concurrent Scan Root Regions 2.284ms
[2026-04-03T02:29:37.709+0600][35.740s][info][gc,marking     ] GC(105) Concurrent Mark
[2026-04-03T02:29:37.709+0600][35.740s][info][gc,marking     ] GC(105) Concurrent Mark From Roots
[2026-04-03T02:29:37.709+0600][35.740s][info][gc,task        ] GC(105) Using 3 workers of 3 for marking
[2026-04-03T02:29:37.797+0600][35.827s][info][gc,marking     ] GC(105) Concurrent Mark From Roots 87.140ms
[2026-04-03T02:29:37.797+0600][35.827s][info][gc,marking     ] GC(105) Concurrent Preclean
[2026-04-03T02:29:37.797+0600][35.827s][info][gc,marking     ] GC(105) Concurrent Preclean 0.318ms
[2026-04-03T02:29:37.797+0600][35.828s][info][gc,start       ] GC(105) Pause Remark
[2026-04-03T02:29:37.805+0600][35.836s][info][gc             ] GC(105) Pause Remark 173M->173M(460M) 7.942ms
[2026-04-03T02:29:37.805+0600][35.836s][info][gc,cpu         ] GC(105) User=0.07s Sys=0.00s Real=0.01s
[2026-04-03T02:29:37.806+0600][35.836s][info][gc,marking     ] GC(105) Concurrent Mark 96.136ms
[2026-04-03T02:29:37.806+0600][35.836s][info][gc,marking     ] GC(105) Concurrent Rebuild Remembered Sets and Scrub Regions
[2026-04-03T02:29:37.840+0600][35.870s][info][gc,marking     ] GC(105) Concurrent Rebuild Remembered Sets and Scrub Regions 34.019ms
[2026-04-03T02:29:37.841+0600][35.871s][info][gc,start       ] GC(105) Pause Cleanup
[2026-04-03T02:29:37.841+0600][35.872s][info][gc             ] GC(105) Pause Cleanup 285M->285M(460M) 0.471ms
[2026-04-03T02:29:37.841+0600][35.872s][info][gc,cpu         ] GC(105) User=0.01s Sys=0.00s Real=0.00s
[2026-04-03T02:29:37.842+0600][35.872s][info][gc,marking     ] GC(105) Concurrent Clear Claimed Marks
[2026-04-03T02:29:37.842+0600][35.873s][info][gc,marking     ] GC(105) Concurrent Clear Claimed Marks 0.524ms
[2026-04-03T02:29:37.842+0600][35.873s][info][gc,marking     ] GC(105) Concurrent Cleanup for Next Mark
[2026-04-03T02:29:37.845+0600][35.875s][info][gc,marking     ] GC(105) Concurrent Cleanup for Next Mark 2.109ms
[2026-04-03T02:29:37.845+0600][35.875s][info][gc             ] GC(105) Concurrent Mark Cycle 137.712ms
[2026-04-03T02:29:37.911+0600][35.941s][info][gc,start       ] GC(106) Pause Young (Prepare Mixed) (G1 Evacuation Pause)
[2026-04-03T02:29:37.911+0600][35.941s][info][gc,task        ] GC(106) Using 10 workers of 10 for evacuation
[2026-04-03T02:29:37.916+0600][35.946s][info][gc,phases      ] GC(106)   Pre Evacuate Collection Set: 0.35ms
[2026-04-03T02:29:37.916+0600][35.946s][info][gc,phases      ] GC(106)   Merge Heap Roots: 0.18ms
[2026-04-03T02:29:37.916+0600][35.946s][info][gc,phases      ] GC(106)   Evacuate Collection Set: 3.50ms
[2026-04-03T02:29:37.916+0600][35.946s][info][gc,phases      ] GC(106)   Post Evacuate Collection Set: 0.89ms
[2026-04-03T02:29:37.916+0600][35.946s][info][gc,phases      ] GC(106)   Other: 0.08ms
[2026-04-03T02:29:37.916+0600][35.946s][info][gc,heap        ] GC(106) Eden regions: 67->0(323)
[2026-04-03T02:29:37.916+0600][35.946s][info][gc,heap        ] GC(106) Survivor regions: 8->8(38)
[2026-04-03T02:29:37.916+0600][35.946s][info][gc,heap        ] GC(106) Old regions: 84->85
[2026-04-03T02:29:37.916+0600][35.946s][info][gc,heap        ] GC(106) Humongous regions: 384->8
[2026-04-03T02:29:37.916+0600][35.946s][info][gc,metaspace   ] GC(106) Metaspace: 130612K(132096K)->130612K(132096K) NonClass: 114078K(114752K)->114078K(114752K) Class: 16533K(17344K)->16533K(17344K)
[2026-04-03T02:29:37.916+0600][35.947s][info][gc             ] GC(106) Pause Young (Prepare Mixed) (G1 Evacuation Pause) 541M->98M(552M) 5.341ms
[2026-04-03T02:29:37.916+0600][35.947s][info][gc,cpu         ] GC(106) User=0.02s Sys=0.02s Real=0.00s
[2026-04-03T02:29:38.512+0600][36.542s][info][gc,start       ] GC(107) Pause Young (Mixed) (G1 Evacuation Pause)
[2026-04-03T02:29:38.512+0600][36.542s][info][gc,task        ] GC(107) Using 10 workers of 10 for evacuation
[2026-04-03T02:29:38.519+0600][36.549s][info][gc,phases      ] GC(107)   Pre Evacuate Collection Set: 0.44ms
[2026-04-03T02:29:38.519+0600][36.549s][info][gc,phases      ] GC(107)   Merge Heap Roots: 0.29ms
[2026-04-03T02:29:38.519+0600][36.549s][info][gc,phases      ] GC(107)   Evacuate Collection Set: 5.19ms
[2026-04-03T02:29:38.519+0600][36.549s][info][gc,phases      ] GC(107)   Post Evacuate Collection Set: 0.82ms
[2026-04-03T02:29:38.519+0600][36.549s][info][gc,phases      ] GC(107)   Other: 0.26ms
[2026-04-03T02:29:38.519+0600][36.549s][info][gc,heap        ] GC(107) Eden regions: 311->0(327)
[2026-04-03T02:29:38.519+0600][36.549s][info][gc,heap        ] GC(107) Survivor regions: 8->10(42)
[2026-04-03T02:29:38.519+0600][36.549s][info][gc,heap        ] GC(107) Old regions: 85->85
[2026-04-03T02:29:38.519+0600][36.549s][info][gc,heap        ] GC(107) Humongous regions: 148->8
[2026-04-03T02:29:38.519+0600][36.549s][info][gc,metaspace   ] GC(107) Metaspace: 130643K(132160K)->130643K(132160K) NonClass: 114109K(114816K)->114109K(114816K) Class: 16534K(17344K)->16534K(17344K)
[2026-04-03T02:29:38.519+0600][36.549s][info][gc             ] GC(107) Pause Young (Mixed) (G1 Evacuation Pause) 549M->101M(563M) 7.414ms
[2026-04-03T02:29:38.519+0600][36.550s][info][gc,cpu         ] GC(107) User=0.05s Sys=0.02s Real=0.00s
[2026-04-03T02:29:38.521+0600][36.551s][info][gc,start       ] GC(108) Pause Young (Concurrent Start) (G1 Humongous Allocation)
[2026-04-03T02:29:38.521+0600][36.551s][info][gc,task        ] GC(108) Using 10 workers of 10 for evacuation
[2026-04-03T02:29:38.525+0600][36.556s][info][gc,phases      ] GC(108)   Pre Evacuate Collection Set: 0.33ms
[2026-04-03T02:29:38.525+0600][36.556s][info][gc,phases      ] GC(108)   Merge Heap Roots: 0.10ms
[2026-04-03T02:29:38.525+0600][36.556s][info][gc,phases      ] GC(108)   Evacuate Collection Set: 3.15ms
[2026-04-03T02:29:38.525+0600][36.556s][info][gc,phases      ] GC(108)   Post Evacuate Collection Set: 0.59ms
[2026-04-03T02:29:38.525+0600][36.556s][info][gc,phases      ] GC(108)   Other: 0.15ms
[2026-04-03T02:29:38.525+0600][36.556s][info][gc,heap        ] GC(108) Eden regions: 4->0(326)
[2026-04-03T02:29:38.525+0600][36.556s][info][gc,heap        ] GC(108) Survivor regions: 10->11(43)
[2026-04-03T02:29:38.525+0600][36.556s][info][gc,heap        ] GC(108) Old regions: 85->85
[2026-04-03T02:29:38.525+0600][36.556s][info][gc,heap        ] GC(108) Humongous regions: 8->8
[2026-04-03T02:29:38.525+0600][36.556s][info][gc,metaspace   ] GC(108) Metaspace: 130643K(132160K)->130643K(132160K) NonClass: 114109K(114816K)->114109K(114816K) Class: 16534K(17344K)->16534K(17344K)
[2026-04-03T02:29:38.525+0600][36.556s][info][gc             ] GC(108) Pause Young (Concurrent Start) (G1 Humongous Allocation) 104M->102M(563M) 4.668ms
[2026-04-03T02:29:38.526+0600][36.556s][info][gc             ] GC(109) Concurrent Mark Cycle
[2026-04-03T02:29:38.526+0600][36.556s][info][gc,cpu         ] GC(108) User=0.04s Sys=0.00s Real=0.00s
[2026-04-03T02:29:38.526+0600][36.556s][info][gc,marking     ] GC(109) Concurrent Scan Root Regions
[2026-04-03T02:29:38.532+0600][36.562s][info][gc,marking     ] GC(109) Concurrent Scan Root Regions 6.222ms
[2026-04-03T02:29:38.532+0600][36.562s][info][gc,marking     ] GC(109) Concurrent Mark
[2026-04-03T02:29:38.532+0600][36.563s][info][gc,marking     ] GC(109) Concurrent Mark From Roots
[2026-04-03T02:29:38.532+0600][36.563s][info][gc,task        ] GC(109) Using 3 workers of 3 for marking
[2026-04-03T02:29:38.638+0600][36.669s][info][gc,marking     ] GC(109) Concurrent Mark From Roots 106.023ms
[2026-04-03T02:29:38.638+0600][36.669s][info][gc,marking     ] GC(109) Concurrent Preclean
[2026-04-03T02:29:38.639+0600][36.669s][info][gc,marking     ] GC(109) Concurrent Preclean 0.716ms
[2026-04-03T02:29:38.639+0600][36.670s][info][gc,start       ] GC(109) Pause Remark
[2026-04-03T02:29:38.650+0600][36.680s][info][gc             ] GC(109) Pause Remark 205M->205M(514M) 10.295ms
[2026-04-03T02:29:38.650+0600][36.680s][info][gc,cpu         ] GC(109) User=0.08s Sys=0.01s Real=0.02s
[2026-04-03T02:29:38.650+0600][36.681s][info][gc,marking     ] GC(109) Concurrent Mark 118.263ms
[2026-04-03T02:29:38.650+0600][36.681s][info][gc,marking     ] GC(109) Concurrent Rebuild Remembered Sets and Scrub Regions
[2026-04-03T02:29:38.683+0600][36.713s][info][gc,marking     ] GC(109) Concurrent Rebuild Remembered Sets and Scrub Regions 32.212ms
[2026-04-03T02:29:38.683+0600][36.714s][info][gc,start       ] GC(109) Pause Cleanup
[2026-04-03T02:29:38.683+0600][36.714s][info][gc             ] GC(109) Pause Cleanup 223M->223M(514M) 0.409ms
[2026-04-03T02:29:38.684+0600][36.714s][info][gc,cpu         ] GC(109) User=0.00s Sys=0.00s Real=0.00s
[2026-04-03T02:29:38.684+0600][36.714s][info][gc,marking     ] GC(109) Concurrent Clear Claimed Marks
[2026-04-03T02:29:38.684+0600][36.714s][info][gc,marking     ] GC(109) Concurrent Clear Claimed Marks 0.350ms
[2026-04-03T02:29:38.684+0600][36.715s][info][gc,marking     ] GC(109) Concurrent Cleanup for Next Mark
[2026-04-03T02:29:38.685+0600][36.716s][info][gc,marking     ] GC(109) Concurrent Cleanup for Next Mark 1.031ms
[2026-04-03T02:29:38.685+0600][36.716s][info][gc             ] GC(109) Concurrent Mark Cycle 159.644ms
[2026-04-03T02:29:38.891+0600][36.922s][info][gc,start       ] GC(110) Pause Young (Prepare Mixed) (G1 Evacuation Pause)
[2026-04-03T02:29:38.891+0600][36.922s][info][gc,task        ] GC(110) Using 10 workers of 10 for evacuation
[2026-04-03T02:29:38.899+0600][36.929s][info][gc,phases      ] GC(110)   Pre Evacuate Collection Set: 0.33ms
[2026-04-03T02:29:38.899+0600][36.929s][info][gc,phases      ] GC(110)   Merge Heap Roots: 0.27ms
[2026-04-03T02:29:38.899+0600][36.930s][info][gc,phases      ] GC(110)   Evacuate Collection Set: 6.14ms
[2026-04-03T02:29:38.899+0600][36.930s][info][gc,phases      ] GC(110)   Post Evacuate Collection Set: 0.89ms
[2026-04-03T02:29:38.899+0600][36.930s][info][gc,phases      ] GC(110)   Other: 0.12ms
[2026-04-03T02:29:38.899+0600][36.930s][info][gc,heap        ] GC(110) Eden regions: 225->0(305)
[2026-04-03T02:29:38.899+0600][36.930s][info][gc,heap        ] GC(110) Survivor regions: 11->10(39)
[2026-04-03T02:29:38.899+0600][36.930s][info][gc,heap        ] GC(110) Old regions: 85->86
[2026-04-03T02:29:38.899+0600][36.930s][info][gc,heap        ] GC(110) Humongous regions: 193->8
[2026-04-03T02:29:38.899+0600][36.930s][info][gc,metaspace   ] GC(110) Metaspace: 130653K(132160K)->130653K(132160K) NonClass: 114119K(114816K)->114119K(114816K) Class: 16534K(17344K)->16534K(17344K)
[2026-04-03T02:29:38.899+0600][36.930s][info][gc             ] GC(110) Pause Young (Prepare Mixed) (G1 Evacuation Pause) 512M->102M(525M) 8.130ms
[2026-04-03T02:29:38.899+0600][36.930s][info][gc,cpu         ] GC(110) User=0.05s Sys=0.02s Real=0.00s
[2026-04-03T02:29:39.213+0600][37.244s][info][gc,start       ] GC(111) Pause Young (Mixed) (G1 Evacuation Pause)
[2026-04-03T02:29:39.214+0600][37.244s][info][gc,task        ] GC(111) Using 10 workers of 10 for evacuation
[2026-04-03T02:29:39.219+0600][37.250s][info][gc,phases      ] GC(111)   Pre Evacuate Collection Set: 0.29ms
[2026-04-03T02:29:39.219+0600][37.250s][info][gc,phases      ] GC(111)   Merge Heap Roots: 0.19ms
[2026-04-03T02:29:39.219+0600][37.250s][info][gc,phases      ] GC(111)   Evacuate Collection Set: 4.36ms
[2026-04-03T02:29:39.219+0600][37.250s][info][gc,phases      ] GC(111)   Post Evacuate Collection Set: 0.80ms
[2026-04-03T02:29:39.219+0600][37.250s][info][gc,phases      ] GC(111)   Other: 0.11ms
[2026-04-03T02:29:39.219+0600][37.250s][info][gc,heap        ] GC(111) Eden regions: 245->0(319)
[2026-04-03T02:29:39.219+0600][37.250s][info][gc,heap        ] GC(111) Survivor regions: 10->9(40)
[2026-04-03T02:29:39.219+0600][37.250s][info][gc,heap        ] GC(111) Old regions: 86->84
[2026-04-03T02:29:39.219+0600][37.250s][info][gc,heap        ] GC(111) Humongous regions: 197->8
[2026-04-03T02:29:39.219+0600][37.250s][info][gc,metaspace   ] GC(111) Metaspace: 130670K(132160K)->130670K(132160K) NonClass: 114136K(114816K)->114136K(114816K) Class: 16534K(17344K)->16534K(17344K)
[2026-04-03T02:29:39.219+0600][37.250s][info][gc             ] GC(111) Pause Young (Mixed) (G1 Evacuation Pause) 536M->99M(547M) 6.028ms
[2026-04-03T02:29:39.220+0600][37.250s][info][gc,cpu         ] GC(111) User=0.04s Sys=0.01s Real=0.00s
[2026-04-03T02:29:39.236+0600][37.267s][info][gc,start       ] GC(112) Pause Young (Concurrent Start) (GCLocker Initiated GC)
[2026-04-03T02:29:39.237+0600][37.267s][info][gc,task        ] GC(112) Using 10 workers of 10 for evacuation
[2026-04-03T02:29:39.243+0600][37.273s][info][gc,phases      ] GC(112)   Pre Evacuate Collection Set: 0.59ms
[2026-04-03T02:29:39.243+0600][37.273s][info][gc,phases      ] GC(112)   Merge Heap Roots: 0.18ms
[2026-04-03T02:29:39.243+0600][37.273s][info][gc,phases      ] GC(112)   Evacuate Collection Set: 4.02ms
[2026-04-03T02:29:39.243+0600][37.273s][info][gc,phases      ] GC(112)   Post Evacuate Collection Set: 0.97ms
[2026-04-03T02:29:39.243+0600][37.273s][info][gc,phases      ] GC(112)   Other: 0.20ms
[2026-04-03T02:29:39.243+0600][37.273s][info][gc,heap        ] GC(112) Eden regions: 14->0(319)
[2026-04-03T02:29:39.243+0600][37.273s][info][gc,heap        ] GC(112) Survivor regions: 9->9(41)
[2026-04-03T02:29:39.243+0600][37.273s][info][gc,heap        ] GC(112) Old regions: 84->84
[2026-04-03T02:29:39.243+0600][37.273s][info][gc,heap        ] GC(112) Humongous regions: 8->8
[2026-04-03T02:29:39.243+0600][37.273s][info][gc,metaspace   ] GC(112) Metaspace: 130675K(132160K)->130675K(132160K) NonClass: 114141K(114816K)->114141K(114816K) Class: 16534K(17344K)->16534K(17344K)
[2026-04-03T02:29:39.243+0600][37.273s][info][gc             ] GC(112) Pause Young (Concurrent Start) (GCLocker Initiated GC) 113M->100M(547M) 6.339ms
[2026-04-03T02:29:39.243+0600][37.273s][info][gc             ] GC(113) Concurrent Mark Cycle
[2026-04-03T02:29:39.243+0600][37.273s][info][gc,cpu         ] GC(112) User=0.05s Sys=0.00s Real=0.01s
[2026-04-03T02:29:39.243+0600][37.273s][info][gc,marking     ] GC(113) Concurrent Scan Root Regions
[2026-04-03T02:29:39.247+0600][37.277s][info][gc,marking     ] GC(113) Concurrent Scan Root Regions 3.636ms
[2026-04-03T02:29:39.247+0600][37.277s][info][gc,marking     ] GC(113) Concurrent Mark
[2026-04-03T02:29:39.247+0600][37.277s][info][gc,marking     ] GC(113) Concurrent Mark From Roots
[2026-04-03T02:29:39.247+0600][37.277s][info][gc,task        ] GC(113) Using 3 workers of 3 for marking
[2026-04-03T02:29:39.327+0600][37.357s][info][gc,marking     ] GC(113) Concurrent Mark From Roots 79.928ms
[2026-04-03T02:29:39.327+0600][37.357s][info][gc,marking     ] GC(113) Concurrent Preclean
[2026-04-03T02:29:39.327+0600][37.357s][info][gc,marking     ] GC(113) Concurrent Preclean 0.261ms
[2026-04-03T02:29:39.328+0600][37.358s][info][gc,start       ] GC(113) Pause Remark
[2026-04-03T02:29:39.337+0600][37.367s][info][gc             ] GC(113) Pause Remark 150M->150M(430M) 8.798ms
[2026-04-03T02:29:39.337+0600][37.367s][info][gc,cpu         ] GC(113) User=0.07s Sys=0.00s Real=0.01s
[2026-04-03T02:29:39.338+0600][37.368s][info][gc,marking     ] GC(113) Concurrent Mark 91.298ms
[2026-04-03T02:29:39.338+0600][37.369s][info][gc,marking     ] GC(113) Concurrent Rebuild Remembered Sets and Scrub Regions
[2026-04-03T02:29:39.372+0600][37.403s][info][gc,marking     ] GC(113) Concurrent Rebuild Remembered Sets and Scrub Regions 34.380ms
[2026-04-03T02:29:39.373+0600][37.403s][info][gc,start       ] GC(113) Pause Cleanup
[2026-04-03T02:29:39.373+0600][37.404s][info][gc             ] GC(113) Pause Cleanup 171M->171M(430M) 0.317ms
[2026-04-03T02:29:39.373+0600][37.404s][info][gc,cpu         ] GC(113) User=0.00s Sys=0.00s Real=0.00s
[2026-04-03T02:29:39.373+0600][37.404s][info][gc,marking     ] GC(113) Concurrent Clear Claimed Marks
[2026-04-03T02:29:39.374+0600][37.404s][info][gc,marking     ] GC(113) Concurrent Clear Claimed Marks 0.362ms
[2026-04-03T02:29:39.374+0600][37.404s][info][gc,marking     ] GC(113) Concurrent Cleanup for Next Mark
[2026-04-03T02:29:39.374+0600][37.405s][info][gc,marking     ] GC(113) Concurrent Cleanup for Next Mark 0.597ms
[2026-04-03T02:29:39.375+0600][37.405s][info][gc             ] GC(113) Concurrent Mark Cycle 131.652ms
[2026-04-03T02:29:39.797+0600][37.828s][info][gc,start       ] GC(114) Pause Young (Prepare Mixed) (GCLocker Initiated GC)
[2026-04-03T02:29:39.798+0600][37.828s][info][gc,task        ] GC(114) Using 10 workers of 10 for evacuation
[2026-04-03T02:29:39.804+0600][37.835s][info][gc,phases      ] GC(114)   Pre Evacuate Collection Set: 0.35ms
[2026-04-03T02:29:39.804+0600][37.835s][info][gc,phases      ] GC(114)   Merge Heap Roots: 0.28ms
[2026-04-03T02:29:39.804+0600][37.835s][info][gc,phases      ] GC(114)   Evacuate Collection Set: 4.94ms
[2026-04-03T02:29:39.804+0600][37.835s][info][gc,phases      ] GC(114)   Post Evacuate Collection Set: 0.95ms
[2026-04-03T02:29:39.804+0600][37.835s][info][gc,phases      ] GC(114)   Other: 0.13ms
[2026-04-03T02:29:39.804+0600][37.835s][info][gc,heap        ] GC(114) Eden regions: 235->0(255)
[2026-04-03T02:29:39.804+0600][37.835s][info][gc,heap        ] GC(114) Survivor regions: 9->8(33)
[2026-04-03T02:29:39.804+0600][37.835s][info][gc,heap        ] GC(114) Old regions: 84->85
[2026-04-03T02:29:39.804+0600][37.835s][info][gc,heap        ] GC(114) Humongous regions: 102->8
[2026-04-03T02:29:39.804+0600][37.835s][info][gc,metaspace   ] GC(114) Metaspace: 130706K(132224K)->130706K(132224K) NonClass: 114172K(114880K)->114172K(114880K) Class: 16534K(17344K)->16534K(17344K)
[2026-04-03T02:29:39.804+0600][37.835s][info][gc             ] GC(114) Pause Young (Prepare Mixed) (GCLocker Initiated GC) 429M->100M(439M) 6.983ms
[2026-04-03T02:29:39.805+0600][37.835s][info][gc,cpu         ] GC(114) User=0.05s Sys=0.00s Real=0.01s
[2026-04-03T02:29:40.050+0600][38.081s][info][gc,start       ] GC(115) Pause Young (Mixed) (GCLocker Initiated GC)
[2026-04-03T02:29:40.051+0600][38.081s][info][gc,task        ] GC(115) Using 10 workers of 10 for evacuation
[2026-04-03T02:29:40.058+0600][38.089s][info][gc,phases      ] GC(115)   Pre Evacuate Collection Set: 0.32ms
[2026-04-03T02:29:40.059+0600][38.089s][info][gc,phases      ] GC(115)   Merge Heap Roots: 0.29ms
[2026-04-03T02:29:40.059+0600][38.089s][info][gc,phases      ] GC(115)   Evacuate Collection Set: 6.42ms
[2026-04-03T02:29:40.059+0600][38.089s][info][gc,phases      ] GC(115)   Post Evacuate Collection Set: 0.80ms
[2026-04-03T02:29:40.059+0600][38.089s][info][gc,phases      ] GC(115)   Other: 0.11ms
[2026-04-03T02:29:40.059+0600][38.089s][info][gc,heap        ] GC(115) Eden regions: 191->0(260)
[2026-04-03T02:29:40.059+0600][38.089s][info][gc,heap        ] GC(115) Survivor regions: 8->10(33)
[2026-04-03T02:29:40.059+0600][38.089s][info][gc,heap        ] GC(115) Old regions: 85->84
[2026-04-03T02:29:40.059+0600][38.089s][info][gc,heap        ] GC(115) Humongous regions: 155->8
[2026-04-03T02:29:40.059+0600][38.089s][info][gc,metaspace   ] GC(115) Metaspace: 130717K(132224K)->130717K(132224K) NonClass: 114183K(114880K)->114183K(114880K) Class: 16534K(17344K)->16534K(17344K)
[2026-04-03T02:29:40.059+0600][38.089s][info][gc             ] GC(115) Pause Young (Mixed) (GCLocker Initiated GC) 438M->100M(450M) 8.301ms
[2026-04-03T02:29:40.059+0600][38.089s][info][gc,cpu         ] GC(115) User=0.04s Sys=0.02s Real=0.00s
[2026-04-03T02:29:40.061+0600][38.091s][info][gc,start       ] GC(116) Pause Young (Concurrent Start) (G1 Humongous Allocation)
[2026-04-03T02:29:40.061+0600][38.091s][info][gc,task        ] GC(116) Using 10 workers of 10 for evacuation
[2026-04-03T02:29:40.065+0600][38.095s][info][gc,phases      ] GC(116)   Pre Evacuate Collection Set: 0.35ms
[2026-04-03T02:29:40.065+0600][38.096s][info][gc,phases      ] GC(116)   Merge Heap Roots: 0.11ms
[2026-04-03T02:29:40.065+0600][38.096s][info][gc,phases      ] GC(116)   Evacuate Collection Set: 3.10ms
[2026-04-03T02:29:40.065+0600][38.096s][info][gc,phases      ] GC(116)   Post Evacuate Collection Set: 0.55ms
[2026-04-03T02:29:40.065+0600][38.096s][info][gc,phases      ] GC(116)   Other: 0.12ms
[2026-04-03T02:29:40.065+0600][38.096s][info][gc,heap        ] GC(116) Eden regions: 4->0(261)
[2026-04-03T02:29:40.065+0600][38.096s][info][gc,heap        ] GC(116) Survivor regions: 10->9(34)
[2026-04-03T02:29:40.065+0600][38.096s][info][gc,heap        ] GC(116) Old regions: 84->84
[2026-04-03T02:29:40.065+0600][38.096s][info][gc,heap        ] GC(116) Humongous regions: 8->8
[2026-04-03T02:29:40.065+0600][38.096s][info][gc,metaspace   ] GC(116) Metaspace: 130717K(132224K)->130717K(132224K) NonClass: 114183K(114880K)->114183K(114880K) Class: 16534K(17344K)->16534K(17344K)
[2026-04-03T02:29:40.065+0600][38.096s][info][gc             ] GC(116) Pause Young (Concurrent Start) (G1 Humongous Allocation) 104M->99M(450M) 4.512ms
[2026-04-03T02:29:40.065+0600][38.096s][info][gc             ] GC(117) Concurrent Mark Cycle
[2026-04-03T02:29:40.065+0600][38.096s][info][gc,cpu         ] GC(116) User=0.03s Sys=0.00s Real=0.00s
[2026-04-03T02:29:40.065+0600][38.096s][info][gc,marking     ] GC(117) Concurrent Scan Root Regions
[2026-04-03T02:29:40.071+0600][38.101s][info][gc,marking     ] GC(117) Concurrent Scan Root Regions 5.666ms
[2026-04-03T02:29:40.071+0600][38.102s][info][gc,marking     ] GC(117) Concurrent Mark
[2026-04-03T02:29:40.071+0600][38.102s][info][gc,marking     ] GC(117) Concurrent Mark From Roots
[2026-04-03T02:29:40.071+0600][38.102s][info][gc,task        ] GC(117) Using 3 workers of 3 for marking
[2026-04-03T02:29:40.163+0600][38.193s][info][gc,marking     ] GC(117) Concurrent Mark From Roots 91.621ms
[2026-04-03T02:29:40.163+0600][38.193s][info][gc,marking     ] GC(117) Concurrent Preclean
[2026-04-03T02:29:40.163+0600][38.194s][info][gc,marking     ] GC(117) Concurrent Preclean 0.483ms
[2026-04-03T02:29:40.164+0600][38.194s][info][gc,start       ] GC(117) Pause Remark
[2026-04-03T02:29:40.172+0600][38.203s][info][gc             ] GC(117) Pause Remark 204M->204M(450M) 8.439ms
[2026-04-03T02:29:40.172+0600][38.203s][info][gc,cpu         ] GC(117) User=0.07s Sys=0.00s Real=0.01s
[2026-04-03T02:29:40.173+0600][38.203s][info][gc,marking     ] GC(117) Concurrent Mark 101.391ms
[2026-04-03T02:29:40.173+0600][38.203s][info][gc,marking     ] GC(117) Concurrent Rebuild Remembered Sets and Scrub Regions
[2026-04-03T02:29:40.204+0600][38.234s][info][gc,marking     ] GC(117) Concurrent Rebuild Remembered Sets and Scrub Regions 31.352ms
[2026-04-03T02:29:40.204+0600][38.235s][info][gc,start       ] GC(117) Pause Cleanup
[2026-04-03T02:29:40.205+0600][38.235s][info][gc             ] GC(117) Pause Cleanup 230M->230M(450M) 0.354ms
[2026-04-03T02:29:40.205+0600][38.235s][info][gc,cpu         ] GC(117) User=0.00s Sys=0.01s Real=0.00s
[2026-04-03T02:29:40.206+0600][38.236s][info][gc,marking     ] GC(117) Concurrent Clear Claimed Marks
[2026-04-03T02:29:40.206+0600][38.237s][info][gc,marking     ] GC(117) Concurrent Clear Claimed Marks 0.462ms
[2026-04-03T02:29:40.206+0600][38.237s][info][gc,marking     ] GC(117) Concurrent Cleanup for Next Mark
[2026-04-03T02:29:40.208+0600][38.238s][info][gc,marking     ] GC(117) Concurrent Cleanup for Next Mark 1.317ms
[2026-04-03T02:29:40.208+0600][38.238s][info][gc             ] GC(117) Concurrent Mark Cycle 142.599ms
[2026-04-03T02:29:40.387+0600][38.417s][info][gc,start       ] GC(118) Pause Young (Prepare Mixed) (G1 Evacuation Pause)
[2026-04-03T02:29:40.387+0600][38.418s][info][gc,task        ] GC(118) Using 10 workers of 10 for evacuation
[2026-04-03T02:29:40.392+0600][38.422s][info][gc,phases      ] GC(118)   Pre Evacuate Collection Set: 0.25ms
[2026-04-03T02:29:40.392+0600][38.422s][info][gc,phases      ] GC(118)   Merge Heap Roots: 0.17ms
[2026-04-03T02:29:40.392+0600][38.422s][info][gc,phases      ] GC(118)   Evacuate Collection Set: 3.76ms
[2026-04-03T02:29:40.392+0600][38.422s][info][gc,phases      ] GC(118)   Post Evacuate Collection Set: 0.55ms
[2026-04-03T02:29:40.392+0600][38.422s][info][gc,phases      ] GC(118)   Other: 0.11ms
[2026-04-03T02:29:40.392+0600][38.422s][info][gc,heap        ] GC(118) Eden regions: 198->0(277)
[2026-04-03T02:29:40.392+0600][38.422s][info][gc,heap        ] GC(118) Survivor regions: 9->8(35)
[2026-04-03T02:29:40.392+0600][38.422s][info][gc,heap        ] GC(118) Old regions: 84->84
[2026-04-03T02:29:40.392+0600][38.422s][info][gc,heap        ] GC(118) Humongous regions: 176->8
[2026-04-03T02:29:40.392+0600][38.422s][info][gc,metaspace   ] GC(118) Metaspace: 130727K(132224K)->130727K(132224K) NonClass: 114192K(114880K)->114192K(114880K) Class: 16534K(17344K)->16534K(17344K)
[2026-04-03T02:29:40.392+0600][38.422s][info][gc             ] GC(118) Pause Young (Prepare Mixed) (G1 Evacuation Pause) 465M->98M(475M) 5.074ms
[2026-04-03T02:29:40.392+0600][38.423s][info][gc,cpu         ] GC(118) User=0.03s Sys=0.00s Real=0.01s
[2026-04-03T02:29:40.767+0600][38.797s][info][gc,start       ] GC(119) Pause Young (Mixed) (G1 Evacuation Pause)
[2026-04-03T02:29:40.767+0600][38.797s][info][gc,task        ] GC(119) Using 10 workers of 10 for evacuation
[2026-04-03T02:29:40.775+0600][38.806s][info][gc,phases      ] GC(119)   Pre Evacuate Collection Set: 0.33ms
[2026-04-03T02:29:40.776+0600][38.806s][info][gc,phases      ] GC(119)   Merge Heap Roots: 0.19ms
[2026-04-03T02:29:40.776+0600][38.806s][info][gc,phases      ] GC(119)   Evacuate Collection Set: 6.97ms
[2026-04-03T02:29:40.776+0600][38.806s][info][gc,phases      ] GC(119)   Post Evacuate Collection Set: 1.02ms
[2026-04-03T02:29:40.776+0600][38.806s][info][gc,phases      ] GC(119)   Other: 0.11ms
[2026-04-03T02:29:40.776+0600][38.806s][info][gc,heap        ] GC(119) Eden regions: 242->0(290)
[2026-04-03T02:29:40.776+0600][38.806s][info][gc,heap        ] GC(119) Survivor regions: 8->9(37)
[2026-04-03T02:29:40.776+0600][38.806s][info][gc,heap        ] GC(119) Old regions: 84->84
[2026-04-03T02:29:40.776+0600][38.806s][info][gc,heap        ] GC(119) Humongous regions: 154->8
[2026-04-03T02:29:40.776+0600][38.806s][info][gc,metaspace   ] GC(119) Metaspace: 130779K(132288K)->130779K(132288K) NonClass: 114245K(114944K)->114245K(114944K) Class: 16534K(17344K)->16534K(17344K)
[2026-04-03T02:29:40.776+0600][38.806s][info][gc             ] GC(119) Pause Young (Mixed) (G1 Evacuation Pause) 486M->99M(499M) 8.990ms
[2026-04-03T02:29:40.776+0600][38.806s][info][gc,cpu         ] GC(119) User=0.06s Sys=0.01s Real=0.01s
[2026-04-03T02:29:40.838+0600][38.868s][info][gc,start       ] GC(120) Pause Young (Concurrent Start) (G1 Humongous Allocation)
[2026-04-03T02:29:40.838+0600][38.869s][info][gc,task        ] GC(120) Using 10 workers of 10 for evacuation
[2026-04-03T02:29:40.844+0600][38.874s][info][gc,phases      ] GC(120)   Pre Evacuate Collection Set: 0.67ms
[2026-04-03T02:29:40.844+0600][38.874s][info][gc,phases      ] GC(120)   Merge Heap Roots: 0.17ms
[2026-04-03T02:29:40.844+0600][38.874s][info][gc,phases      ] GC(120)   Evacuate Collection Set: 3.74ms
[2026-04-03T02:29:40.844+0600][38.874s][info][gc,phases      ] GC(120)   Post Evacuate Collection Set: 0.75ms
[2026-04-03T02:29:40.844+0600][38.874s][info][gc,phases      ] GC(120)   Other: 0.16ms
[2026-04-03T02:29:40.844+0600][38.874s][info][gc,heap        ] GC(120) Eden regions: 81->0(289)
[2026-04-03T02:29:40.844+0600][38.874s][info][gc,heap        ] GC(120) Survivor regions: 9->10(38)
[2026-04-03T02:29:40.844+0600][38.874s][info][gc,heap        ] GC(120) Old regions: 84->85
[2026-04-03T02:29:40.844+0600][38.874s][info][gc,heap        ] GC(120) Humongous regions: 8->8
[2026-04-03T02:29:40.844+0600][38.874s][info][gc,metaspace   ] GC(120) Metaspace: 130780K(132288K)->130780K(132288K) NonClass: 114246K(114944K)->114246K(114944K) Class: 16534K(17344K)->16534K(17344K)
[2026-04-03T02:29:40.844+0600][38.874s][info][gc             ] GC(120) Pause Young (Concurrent Start) (G1 Humongous Allocation) 180M->100M(499M) 5.896ms
[2026-04-03T02:29:40.844+0600][38.874s][info][gc,cpu         ] GC(120) User=0.05s Sys=0.00s Real=0.01s
[2026-04-03T02:29:40.844+0600][38.875s][info][gc             ] GC(121) Concurrent Mark Cycle
[2026-04-03T02:29:40.844+0600][38.875s][info][gc,marking     ] GC(121) Concurrent Scan Root Regions
[2026-04-03T02:29:40.850+0600][38.881s][info][gc,marking     ] GC(121) Concurrent Scan Root Regions 5.988ms
[2026-04-03T02:29:40.850+0600][38.881s][info][gc,marking     ] GC(121) Concurrent Mark
[2026-04-03T02:29:40.850+0600][38.881s][info][gc,marking     ] GC(121) Concurrent Mark From Roots
[2026-04-03T02:29:40.850+0600][38.881s][info][gc,task        ] GC(121) Using 3 workers of 3 for marking
[2026-04-03T02:29:40.962+0600][38.992s][info][gc,marking     ] GC(121) Concurrent Mark From Roots 111.453ms
[2026-04-03T02:29:40.962+0600][38.992s][info][gc,marking     ] GC(121) Concurrent Preclean
[2026-04-03T02:29:40.962+0600][38.993s][info][gc,marking     ] GC(121) Concurrent Preclean 0.327ms
[2026-04-03T02:29:40.963+0600][38.993s][info][gc,start       ] GC(121) Pause Remark
[2026-04-03T02:29:40.973+0600][39.003s][info][gc             ] GC(121) Pause Remark 251M->251M(467M) 10.226ms
[2026-04-03T02:29:40.973+0600][39.003s][info][gc,cpu         ] GC(121) User=0.08s Sys=0.00s Real=0.01s
[2026-04-03T02:29:40.973+0600][39.004s][info][gc,marking     ] GC(121) Concurrent Mark 122.836ms
[2026-04-03T02:29:40.973+0600][39.004s][info][gc,marking     ] GC(121) Concurrent Rebuild Remembered Sets and Scrub Regions
[2026-04-03T02:29:41.001+0600][39.032s][info][gc,marking     ] GC(121) Concurrent Rebuild Remembered Sets and Scrub Regions 28.298ms
[2026-04-03T02:29:41.002+0600][39.032s][info][gc,start       ] GC(121) Pause Cleanup
[2026-04-03T02:29:41.002+0600][39.033s][info][gc             ] GC(121) Pause Cleanup 260M->260M(467M) 0.442ms
[2026-04-03T02:29:41.002+0600][39.033s][info][gc,cpu         ] GC(121) User=0.00s Sys=0.00s Real=0.00s
[2026-04-03T02:29:41.003+0600][39.033s][info][gc,marking     ] GC(121) Concurrent Clear Claimed Marks
[2026-04-03T02:29:41.003+0600][39.034s][info][gc,marking     ] GC(121) Concurrent Clear Claimed Marks 0.427ms
[2026-04-03T02:29:41.003+0600][39.034s][info][gc,marking     ] GC(121) Concurrent Cleanup for Next Mark
[2026-04-03T02:29:41.004+0600][39.035s][info][gc,marking     ] GC(121) Concurrent Cleanup for Next Mark 0.919ms
[2026-04-03T02:29:41.004+0600][39.035s][info][gc             ] GC(121) Concurrent Mark Cycle 160.067ms
[2026-04-03T02:29:41.132+0600][39.162s][info][gc,start       ] GC(122) Pause Young (Prepare Mixed) (G1 Evacuation Pause)
[2026-04-03T02:29:41.132+0600][39.162s][info][gc,task        ] GC(122) Using 10 workers of 10 for evacuation
[2026-04-03T02:29:41.137+0600][39.167s][info][gc,phases      ] GC(122)   Pre Evacuate Collection Set: 0.24ms
[2026-04-03T02:29:41.137+0600][39.167s][info][gc,phases      ] GC(122)   Merge Heap Roots: 0.27ms
[2026-04-03T02:29:41.137+0600][39.167s][info][gc,phases      ] GC(122)   Evacuate Collection Set: 3.58ms
[2026-04-03T02:29:41.137+0600][39.167s][info][gc,phases      ] GC(122)   Post Evacuate Collection Set: 0.77ms
[2026-04-03T02:29:41.137+0600][39.167s][info][gc,phases      ] GC(122)   Other: 0.10ms
[2026-04-03T02:29:41.137+0600][39.167s][info][gc,heap        ] GC(122) Eden regions: 175->0(360)
[2026-04-03T02:29:41.137+0600][39.167s][info][gc,heap        ] GC(122) Survivor regions: 10->11(44)
[2026-04-03T02:29:41.137+0600][39.167s][info][gc,heap        ] GC(122) Old regions: 85->86
[2026-04-03T02:29:41.137+0600][39.167s][info][gc,heap        ] GC(122) Humongous regions: 337->18
[2026-04-03T02:29:41.137+0600][39.167s][info][gc,metaspace   ] GC(122) Metaspace: 130781K(132288K)->130781K(132288K) NonClass: 114247K(114944K)->114247K(114944K) Class: 16534K(17344K)->16534K(17344K)
[2026-04-03T02:29:41.137+0600][39.167s][info][gc             ] GC(122) Pause Young (Prepare Mixed) (G1 Evacuation Pause) 604M->111M(619M) 5.308ms
[2026-04-03T02:29:41.137+0600][39.168s][info][gc,cpu         ] GC(122) User=0.02s Sys=0.02s Real=0.00s
[2026-04-03T02:29:41.243+0600][39.274s][info][gc,start       ] GC(123) Pause Young (Mixed) (G1 Evacuation Pause)
[2026-04-03T02:29:41.243+0600][39.274s][info][gc,task        ] GC(123) Using 10 workers of 10 for evacuation
[2026-04-03T02:29:41.249+0600][39.280s][info][gc,phases      ] GC(123)   Pre Evacuate Collection Set: 0.28ms
[2026-04-03T02:29:41.250+0600][39.280s][info][gc,phases      ] GC(123)   Merge Heap Roots: 0.19ms
[2026-04-03T02:29:41.250+0600][39.280s][info][gc,phases      ] GC(123)   Evacuate Collection Set: 4.87ms
[2026-04-03T02:29:41.250+0600][39.280s][info][gc,phases      ] GC(123)   Post Evacuate Collection Set: 0.80ms
[2026-04-03T02:29:41.250+0600][39.280s][info][gc,phases      ] GC(123)   Other: 0.10ms
[2026-04-03T02:29:41.250+0600][39.280s][info][gc,heap        ] GC(123) Eden regions: 77->0(368)
[2026-04-03T02:29:41.250+0600][39.280s][info][gc,heap        ] GC(123) Survivor regions: 11->10(47)
[2026-04-03T02:29:41.250+0600][39.280s][info][gc,heap        ] GC(123) Old regions: 86->85
[2026-04-03T02:29:41.250+0600][39.280s][info][gc,heap        ] GC(123) Humongous regions: 445->8
[2026-04-03T02:29:41.250+0600][39.280s][info][gc,metaspace   ] GC(123) Metaspace: 130792K(132352K)->130792K(132352K) NonClass: 114257K(115008K)->114257K(115008K) Class: 16534K(17344K)->16534K(17344K)
[2026-04-03T02:29:41.250+0600][39.280s][info][gc             ] GC(123) Pause Young (Mixed) (G1 Evacuation Pause) 615M->101M(630M) 6.520ms
[2026-04-03T02:29:41.250+0600][39.280s][info][gc,cpu         ] GC(123) User=0.03s Sys=0.02s Real=0.01s
[2026-04-03T02:29:41.259+0600][39.290s][info][gc,start       ] GC(124) Pause Young (Concurrent Start) (G1 Humongous Allocation)
[2026-04-03T02:29:41.260+0600][39.290s][info][gc,task        ] GC(124) Using 10 workers of 10 for evacuation
[2026-04-03T02:29:41.264+0600][39.294s][info][gc,phases      ] GC(124)   Pre Evacuate Collection Set: 0.42ms
[2026-04-03T02:29:41.264+0600][39.294s][info][gc,phases      ] GC(124)   Merge Heap Roots: 0.14ms
[2026-04-03T02:29:41.264+0600][39.294s][info][gc,phases      ] GC(124)   Evacuate Collection Set: 2.93ms
[2026-04-03T02:29:41.264+0600][39.294s][info][gc,phases      ] GC(124)   Post Evacuate Collection Set: 0.66ms
[2026-04-03T02:29:41.264+0600][39.295s][info][gc,phases      ] GC(124)   Other: 0.19ms
[2026-04-03T02:29:41.264+0600][39.295s][info][gc,heap        ] GC(124) Eden regions: 30->0(370)
[2026-04-03T02:29:41.264+0600][39.295s][info][gc,heap        ] GC(124) Survivor regions: 10->8(48)
[2026-04-03T02:29:41.264+0600][39.295s][info][gc,heap        ] GC(124) Old regions: 85->85
[2026-04-03T02:29:41.264+0600][39.295s][info][gc,heap        ] GC(124) Humongous regions: 8->8
[2026-04-03T02:29:41.264+0600][39.295s][info][gc,metaspace   ] GC(124) Metaspace: 130795K(132352K)->130795K(132352K) NonClass: 114260K(115008K)->114260K(115008K) Class: 16534K(17344K)->16534K(17344K)
[2026-04-03T02:29:41.264+0600][39.295s][info][gc             ] GC(124) Pause Young (Concurrent Start) (G1 Humongous Allocation) 130M->99M(630M) 4.655ms
[2026-04-03T02:29:41.264+0600][39.295s][info][gc             ] GC(125) Concurrent Mark Cycle
[2026-04-03T02:29:41.264+0600][39.295s][info][gc,marking     ] GC(125) Concurrent Scan Root Regions
[2026-04-03T02:29:41.264+0600][39.295s][info][gc,cpu         ] GC(124) User=0.04s Sys=0.00s Real=0.01s
[2026-04-03T02:29:41.267+0600][39.298s][info][gc,marking     ] GC(125) Concurrent Scan Root Regions 2.974ms
[2026-04-03T02:29:41.267+0600][39.298s][info][gc,marking     ] GC(125) Concurrent Mark
[2026-04-03T02:29:41.267+0600][39.298s][info][gc,marking     ] GC(125) Concurrent Mark From Roots
[2026-04-03T02:29:41.267+0600][39.298s][info][gc,task        ] GC(125) Using 3 workers of 3 for marking
[2026-04-03T02:29:41.340+0600][39.371s][info][gc,marking     ] GC(125) Concurrent Mark From Roots 73.136ms
[2026-04-03T02:29:41.341+0600][39.371s][info][gc,marking     ] GC(125) Concurrent Preclean
[2026-04-03T02:29:41.341+0600][39.371s][info][gc,marking     ] GC(125) Concurrent Preclean 0.313ms
[2026-04-03T02:29:41.341+0600][39.372s][info][gc,start       ] GC(125) Pause Remark
[2026-04-03T02:29:41.349+0600][39.380s][info][gc             ] GC(125) Pause Remark 168M->168M(460M) 8.117ms
[2026-04-03T02:29:41.349+0600][39.380s][info][gc,cpu         ] GC(125) User=0.06s Sys=0.01s Real=0.00s
[2026-04-03T02:29:41.350+0600][39.380s][info][gc,marking     ] GC(125) Concurrent Mark 82.254ms
[2026-04-03T02:29:41.350+0600][39.380s][info][gc,marking     ] GC(125) Concurrent Rebuild Remembered Sets and Scrub Regions
[2026-04-03T02:29:41.390+0600][39.421s][info][gc,marking     ] GC(125) Concurrent Rebuild Remembered Sets and Scrub Regions 40.766ms
[2026-04-03T02:29:41.391+0600][39.422s][info][gc,start       ] GC(125) Pause Cleanup
[2026-04-03T02:29:41.391+0600][39.422s][info][gc             ] GC(125) Pause Cleanup 188M->188M(460M) 0.399ms
[2026-04-03T02:29:41.392+0600][39.422s][info][gc,cpu         ] GC(125) User=0.00s Sys=0.00s Real=0.00s
[2026-04-03T02:29:41.395+0600][39.425s][info][gc,marking     ] GC(125) Concurrent Clear Claimed Marks
[2026-04-03T02:29:41.395+0600][39.426s][info][gc,marking     ] GC(125) Concurrent Clear Claimed Marks 0.406ms
[2026-04-03T02:29:41.395+0600][39.426s][info][gc,marking     ] GC(125) Concurrent Cleanup for Next Mark
[2026-04-03T02:29:41.396+0600][39.427s][info][gc,marking     ] GC(125) Concurrent Cleanup for Next Mark 1.131ms
[2026-04-03T02:29:41.396+0600][39.427s][info][gc             ] GC(125) Concurrent Mark Cycle 132.234ms
[2026-04-03T02:29:41.842+0600][39.873s][info][gc,start       ] GC(126) Pause Young (Prepare Mixed) (GCLocker Initiated GC)
[2026-04-03T02:29:41.843+0600][39.873s][info][gc,task        ] GC(126) Using 10 workers of 10 for evacuation
[2026-04-03T02:29:41.850+0600][39.880s][info][gc,phases      ] GC(126)   Pre Evacuate Collection Set: 0.67ms
[2026-04-03T02:29:41.850+0600][39.881s][info][gc,phases      ] GC(126)   Merge Heap Roots: 0.42ms
[2026-04-03T02:29:41.850+0600][39.881s][info][gc,phases      ] GC(126)   Evacuate Collection Set: 5.46ms
[2026-04-03T02:29:41.850+0600][39.881s][info][gc,phases      ] GC(126)   Post Evacuate Collection Set: 0.76ms
[2026-04-03T02:29:41.850+0600][39.881s][info][gc,phases      ] GC(126)   Other: 0.13ms
[2026-04-03T02:29:41.850+0600][39.881s][info][gc,heap        ] GC(126) Eden regions: 244->0(272)
[2026-04-03T02:29:41.850+0600][39.881s][info][gc,heap        ] GC(126) Survivor regions: 8->11(35)
[2026-04-03T02:29:41.850+0600][39.881s][info][gc,heap        ] GC(126) Old regions: 85->86
[2026-04-03T02:29:41.850+0600][39.881s][info][gc,heap        ] GC(126) Humongous regions: 123->8
[2026-04-03T02:29:41.850+0600][39.881s][info][gc,metaspace   ] GC(126) Metaspace: 130808K(132352K)->130808K(132352K) NonClass: 114273K(115008K)->114273K(115008K) Class: 16534K(17344K)->16534K(17344K)
[2026-04-03T02:29:41.850+0600][39.881s][info][gc             ] GC(126) Pause Young (Prepare Mixed) (GCLocker Initiated GC) 458M->102M(472M) 7.731ms
[2026-04-03T02:29:41.850+0600][39.881s][info][gc,cpu         ] GC(126) User=0.03s Sys=0.01s Real=0.01s
[2026-04-03T02:29:42.131+0600][40.161s][info][gc,start       ] GC(127) Pause Young (Mixed) (G1 Evacuation Pause)
[2026-04-03T02:29:42.131+0600][40.161s][info][gc,task        ] GC(127) Using 10 workers of 10 for evacuation
[2026-04-03T02:29:42.138+0600][40.168s][info][gc,phases      ] GC(127)   Pre Evacuate Collection Set: 0.40ms
[2026-04-03T02:29:42.138+0600][40.168s][info][gc,phases      ] GC(127)   Merge Heap Roots: 0.23ms
[2026-04-03T02:29:42.138+0600][40.168s][info][gc,phases      ] GC(127)   Evacuate Collection Set: 5.55ms
[2026-04-03T02:29:42.138+0600][40.168s][info][gc,phases      ] GC(127)   Post Evacuate Collection Set: 0.72ms
[2026-04-03T02:29:42.138+0600][40.168s][info][gc,phases      ] GC(127)   Other: 0.12ms
[2026-04-03T02:29:42.138+0600][40.168s][info][gc,heap        ] GC(127) Eden regions: 204->0(283)
[2026-04-03T02:29:42.138+0600][40.168s][info][gc,heap        ] GC(127) Survivor regions: 11->9(36)
[2026-04-03T02:29:42.138+0600][40.168s][info][gc,heap        ] GC(127) Old regions: 86->86
[2026-04-03T02:29:42.138+0600][40.168s][info][gc,heap        ] GC(127) Humongous regions: 176->8
[2026-04-03T02:29:42.138+0600][40.168s][info][gc,metaspace   ] GC(127) Metaspace: 130825K(132352K)->130825K(132352K) NonClass: 114290K(115008K)->114290K(115008K) Class: 16534K(17344K)->16534K(17344K)
[2026-04-03T02:29:42.138+0600][40.168s][info][gc             ] GC(127) Pause Young (Mixed) (G1 Evacuation Pause) 474M->101M(488M) 7.344ms
[2026-04-03T02:29:42.138+0600][40.169s][info][gc,cpu         ] GC(127) User=0.04s Sys=0.02s Real=0.00s
[2026-04-03T02:29:42.150+0600][40.181s][info][gc,start       ] GC(128) Pause Young (Concurrent Start) (G1 Humongous Allocation)
[2026-04-03T02:29:42.150+0600][40.181s][info][gc,task        ] GC(128) Using 10 workers of 10 for evacuation
[2026-04-03T02:29:42.156+0600][40.186s][info][gc,phases      ] GC(128)   Pre Evacuate Collection Set: 0.53ms
[2026-04-03T02:29:42.156+0600][40.186s][info][gc,phases      ] GC(128)   Merge Heap Roots: 0.19ms
[2026-04-03T02:29:42.156+0600][40.186s][info][gc,phases      ] GC(128)   Evacuate Collection Set: 3.37ms
[2026-04-03T02:29:42.156+0600][40.186s][info][gc,phases      ] GC(128)   Post Evacuate Collection Set: 0.69ms
[2026-04-03T02:29:42.156+0600][40.186s][info][gc,phases      ] GC(128)   Other: 0.26ms
[2026-04-03T02:29:42.156+0600][40.186s][info][gc,heap        ] GC(128) Eden regions: 17->0(282)
[2026-04-03T02:29:42.156+0600][40.186s][info][gc,heap        ] GC(128) Survivor regions: 9->10(37)
[2026-04-03T02:29:42.156+0600][40.186s][info][gc,heap        ] GC(128) Old regions: 86->86
[2026-04-03T02:29:42.156+0600][40.186s][info][gc,heap        ] GC(128) Humongous regions: 8->8
[2026-04-03T02:29:42.156+0600][40.186s][info][gc,metaspace   ] GC(128) Metaspace: 130825K(132352K)->130825K(132352K) NonClass: 114290K(115008K)->114290K(115008K) Class: 16534K(17344K)->16534K(17344K)
[2026-04-03T02:29:42.156+0600][40.186s][info][gc             ] GC(128) Pause Young (Concurrent Start) (G1 Humongous Allocation) 118M->101M(488M) 5.386ms
[2026-04-03T02:29:42.156+0600][40.186s][info][gc             ] GC(129) Concurrent Mark Cycle
[2026-04-03T02:29:42.156+0600][40.186s][info][gc,marking     ] GC(129) Concurrent Scan Root Regions
[2026-04-03T02:29:42.156+0600][40.186s][info][gc,cpu         ] GC(128) User=0.04s Sys=0.00s Real=0.00s
[2026-04-03T02:29:42.159+0600][40.190s][info][gc,marking     ] GC(129) Concurrent Scan Root Regions 3.298ms
[2026-04-03T02:29:42.159+0600][40.190s][info][gc,marking     ] GC(129) Concurrent Mark
[2026-04-03T02:29:42.159+0600][40.190s][info][gc,marking     ] GC(129) Concurrent Mark From Roots
[2026-04-03T02:29:42.159+0600][40.190s][info][gc,task        ] GC(129) Using 3 workers of 3 for marking
[2026-04-03T02:29:42.259+0600][40.289s][info][gc,marking     ] GC(129) Concurrent Mark From Roots 99.384ms
[2026-04-03T02:29:42.259+0600][40.289s][info][gc,marking     ] GC(129) Concurrent Preclean
[2026-04-03T02:29:42.259+0600][40.289s][info][gc,marking     ] GC(129) Concurrent Preclean 0.289ms
[2026-04-03T02:29:42.259+0600][40.290s][info][gc,start       ] GC(129) Pause Remark
[2026-04-03T02:29:42.267+0600][40.298s][info][gc             ] GC(129) Pause Remark 218M->218M(488M) 8.088ms
[2026-04-03T02:29:42.268+0600][40.298s][info][gc,cpu         ] GC(129) User=0.06s Sys=0.00s Real=0.01s
[2026-04-03T02:29:42.268+0600][40.298s][info][gc,marking     ] GC(129) Concurrent Mark 108.523ms
[2026-04-03T02:29:42.268+0600][40.298s][info][gc,marking     ] GC(129) Concurrent Rebuild Remembered Sets and Scrub Regions
[2026-04-03T02:29:42.300+0600][40.330s][info][gc,marking     ] GC(129) Concurrent Rebuild Remembered Sets and Scrub Regions 31.960ms
[2026-04-03T02:29:42.300+0600][40.331s][info][gc,start       ] GC(129) Pause Cleanup
[2026-04-03T02:29:42.300+0600][40.331s][info][gc             ] GC(129) Pause Cleanup 237M->237M(488M) 0.327ms
[2026-04-03T02:29:42.301+0600][40.331s][info][gc,cpu         ] GC(129) User=0.00s Sys=0.00s Real=0.00s
[2026-04-03T02:29:42.301+0600][40.331s][info][gc,marking     ] GC(129) Concurrent Clear Claimed Marks
[2026-04-03T02:29:42.301+0600][40.332s][info][gc,marking     ] GC(129) Concurrent Clear Claimed Marks 0.448ms
[2026-04-03T02:29:42.301+0600][40.332s][info][gc,marking     ] GC(129) Concurrent Cleanup for Next Mark
[2026-04-03T02:29:42.302+0600][40.333s][info][gc,marking     ] GC(129) Concurrent Cleanup for Next Mark 0.997ms
[2026-04-03T02:29:42.302+0600][40.333s][info][gc             ] GC(129) Concurrent Mark Cycle 146.492ms
[2026-04-03T02:29:42.471+0600][40.501s][info][gc,start       ] GC(130) Pause Young (Prepare Mixed) (G1 Evacuation Pause)
[2026-04-03T02:29:42.471+0600][40.502s][info][gc,task        ] GC(130) Using 10 workers of 10 for evacuation
[2026-04-03T02:29:42.478+0600][40.508s][info][gc,phases      ] GC(130)   Pre Evacuate Collection Set: 0.40ms
[2026-04-03T02:29:42.478+0600][40.508s][info][gc,phases      ] GC(130)   Merge Heap Roots: 0.28ms
[2026-04-03T02:29:42.478+0600][40.508s][info][gc,phases      ] GC(130)   Evacuate Collection Set: 5.22ms
[2026-04-03T02:29:42.478+0600][40.508s][info][gc,phases      ] GC(130)   Post Evacuate Collection Set: 0.82ms
[2026-04-03T02:29:42.478+0600][40.508s][info][gc,phases      ] GC(130)   Other: 0.10ms
[2026-04-03T02:29:42.478+0600][40.508s][info][gc,heap        ] GC(130) Eden regions: 216->0(288)
[2026-04-03T02:29:42.478+0600][40.508s][info][gc,heap        ] GC(130) Survivor regions: 10->11(37)
[2026-04-03T02:29:42.478+0600][40.508s][info][gc,heap        ] GC(130) Old regions: 86->86
[2026-04-03T02:29:42.478+0600][40.508s][info][gc,heap        ] GC(130) Humongous regions: 176->8
[2026-04-03T02:29:42.478+0600][40.509s][info][gc,metaspace   ] GC(130) Metaspace: 130827K(132352K)->130827K(132352K) NonClass: 114292K(115008K)->114292K(115008K) Class: 16534K(17344K)->16534K(17344K)
[2026-04-03T02:29:42.478+0600][40.509s][info][gc             ] GC(130) Pause Young (Prepare Mixed) (G1 Evacuation Pause) 485M->103M(499M) 7.117ms
[2026-04-03T02:29:42.478+0600][40.509s][info][gc,cpu         ] GC(130) User=0.04s Sys=0.02s Real=0.00s
[2026-04-03T02:29:42.842+0600][40.872s][info][gc,start       ] GC(131) Pause Young (Mixed) (G1 Evacuation Pause)
[2026-04-03T02:29:42.842+0600][40.872s][info][gc,task        ] GC(131) Using 10 workers of 10 for evacuation
[2026-04-03T02:29:42.850+0600][40.880s][info][gc,phases      ] GC(131)   Pre Evacuate Collection Set: 0.55ms
[2026-04-03T02:29:42.850+0600][40.880s][info][gc,phases      ] GC(131)   Merge Heap Roots: 0.28ms
[2026-04-03T02:29:42.850+0600][40.880s][info][gc,phases      ] GC(131)   Evacuate Collection Set: 5.98ms
[2026-04-03T02:29:42.850+0600][40.880s][info][gc,phases      ] GC(131)   Post Evacuate Collection Set: 0.92ms
[2026-04-03T02:29:42.850+0600][40.880s][info][gc,phases      ] GC(131)   Other: 0.18ms
[2026-04-03T02:29:42.850+0600][40.880s][info][gc,heap        ] GC(131) Eden regions: 248->0(295)
[2026-04-03T02:29:42.850+0600][40.880s][info][gc,heap        ] GC(131) Survivor regions: 11->11(38)
[2026-04-03T02:29:42.850+0600][40.880s][info][gc,heap        ] GC(131) Old regions: 86->84
[2026-04-03T02:29:42.850+0600][40.880s][info][gc,heap        ] GC(131) Humongous regions: 154->8
[2026-04-03T02:29:42.850+0600][40.880s][info][gc,metaspace   ] GC(131) Metaspace: 130920K(132416K)->130920K(132416K) NonClass: 114370K(115072K)->114370K(115072K) Class: 16549K(17344K)->16549K(17344K)
[2026-04-03T02:29:42.850+0600][40.880s][info][gc             ] GC(131) Pause Young (Mixed) (G1 Evacuation Pause) 497M->101M(510M) 8.283ms
[2026-04-03T02:29:42.850+0600][40.880s][info][gc,cpu         ] GC(131) User=0.04s Sys=0.01s Real=0.01s
[2026-04-03T02:29:42.896+0600][40.926s][info][gc,start       ] GC(132) Pause Young (Concurrent Start) (G1 Humongous Allocation)
[2026-04-03T02:29:42.896+0600][40.926s][info][gc,task        ] GC(132) Using 10 workers of 10 for evacuation
[2026-04-03T02:29:42.902+0600][40.932s][info][gc,phases      ] GC(132)   Pre Evacuate Collection Set: 0.38ms
[2026-04-03T02:29:42.902+0600][40.932s][info][gc,phases      ] GC(132)   Merge Heap Roots: 0.22ms
[2026-04-03T02:29:42.902+0600][40.932s][info][gc,phases      ] GC(132)   Evacuate Collection Set: 4.19ms
[2026-04-03T02:29:42.902+0600][40.932s][info][gc,phases      ] GC(132)   Post Evacuate Collection Set: 0.80ms
[2026-04-03T02:29:42.902+0600][40.932s][info][gc,phases      ] GC(132)   Other: 0.18ms
[2026-04-03T02:29:42.902+0600][40.932s][info][gc,heap        ] GC(132) Eden regions: 67->0(293)
[2026-04-03T02:29:42.902+0600][40.932s][info][gc,heap        ] GC(132) Survivor regions: 11->13(39)
[2026-04-03T02:29:42.902+0600][40.932s][info][gc,heap        ] GC(132) Old regions: 84->84
[2026-04-03T02:29:42.902+0600][40.932s][info][gc,heap        ] GC(132) Humongous regions: 8->8
[2026-04-03T02:29:42.902+0600][40.932s][info][gc,metaspace   ] GC(132) Metaspace: 130943K(132480K)->130943K(132480K) NonClass: 114393K(115136K)->114393K(115136K) Class: 16549K(17344K)->16549K(17344K)
[2026-04-03T02:29:42.902+0600][40.932s][info][gc             ] GC(132) Pause Young (Concurrent Start) (G1 Humongous Allocation) 168M->104M(510M) 6.114ms
[2026-04-03T02:29:42.902+0600][40.933s][info][gc             ] GC(133) Concurrent Mark Cycle
[2026-04-03T02:29:42.902+0600][40.933s][info][gc,cpu         ] GC(132) User=0.04s Sys=0.00s Real=0.01s
[2026-04-03T02:29:42.902+0600][40.933s][info][gc,marking     ] GC(133) Concurrent Scan Root Regions
[2026-04-03T02:29:42.908+0600][40.938s][info][gc,marking     ] GC(133) Concurrent Scan Root Regions 5.342ms
[2026-04-03T02:29:42.908+0600][40.938s][info][gc,marking     ] GC(133) Concurrent Mark
[2026-04-03T02:29:42.908+0600][40.938s][info][gc,marking     ] GC(133) Concurrent Mark From Roots
[2026-04-03T02:29:42.908+0600][40.938s][info][gc,task        ] GC(133) Using 3 workers of 3 for marking
[2026-04-03T02:29:43.001+0600][41.031s][info][gc,marking     ] GC(133) Concurrent Mark From Roots 92.830ms
[2026-04-03T02:29:43.001+0600][41.031s][info][gc,marking     ] GC(133) Concurrent Preclean
[2026-04-03T02:29:43.001+0600][41.031s][info][gc,marking     ] GC(133) Concurrent Preclean 0.273ms
[2026-04-03T02:29:43.001+0600][41.032s][info][gc,start       ] GC(133) Pause Remark
[2026-04-03T02:29:43.010+0600][41.041s][info][gc             ] GC(133) Pause Remark 217M->217M(427M) 9.132ms
[2026-04-03T02:29:43.011+0600][41.041s][info][gc,cpu         ] GC(133) User=0.06s Sys=0.01s Real=0.01s
[2026-04-03T02:29:43.011+0600][41.041s][info][gc,marking     ] GC(133) Concurrent Mark 103.046ms
[2026-04-03T02:29:43.011+0600][41.041s][info][gc,marking     ] GC(133) Concurrent Rebuild Remembered Sets and Scrub Regions
[2026-04-03T02:29:43.040+0600][41.070s][info][gc,marking     ] GC(133) Concurrent Rebuild Remembered Sets and Scrub Regions 28.784ms
[2026-04-03T02:29:43.040+0600][41.071s][info][gc,start       ] GC(133) Pause Cleanup
[2026-04-03T02:29:43.040+0600][41.071s][info][gc             ] GC(133) Pause Cleanup 249M->249M(427M) 0.294ms
[2026-04-03T02:29:43.040+0600][41.071s][info][gc,cpu         ] GC(133) User=0.00s Sys=0.00s Real=0.00s
[2026-04-03T02:29:43.041+0600][41.071s][info][gc,marking     ] GC(133) Concurrent Clear Claimed Marks
[2026-04-03T02:29:43.041+0600][41.071s][info][gc,marking     ] GC(133) Concurrent Clear Claimed Marks 0.377ms
[2026-04-03T02:29:43.041+0600][41.071s][info][gc,marking     ] GC(133) Concurrent Cleanup for Next Mark
[2026-04-03T02:29:43.042+0600][41.072s][info][gc,marking     ] GC(133) Concurrent Cleanup for Next Mark 0.845ms
[2026-04-03T02:29:43.042+0600][41.072s][info][gc             ] GC(133) Concurrent Mark Cycle 139.717ms
[2026-04-03T02:29:43.177+0600][41.207s][info][gc,start       ] GC(134) Pause Young (Prepare Mixed) (G1 Evacuation Pause)
[2026-04-03T02:29:43.177+0600][41.207s][info][gc,task        ] GC(134) Using 10 workers of 10 for evacuation
[2026-04-03T02:29:43.182+0600][41.213s][info][gc,phases      ] GC(134)   Pre Evacuate Collection Set: 0.26ms
[2026-04-03T02:29:43.182+0600][41.213s][info][gc,phases      ] GC(134)   Merge Heap Roots: 0.13ms
[2026-04-03T02:29:43.182+0600][41.213s][info][gc,phases      ] GC(134)   Evacuate Collection Set: 4.11ms
[2026-04-03T02:29:43.182+0600][41.213s][info][gc,phases      ] GC(134)   Post Evacuate Collection Set: 0.73ms
[2026-04-03T02:29:43.182+0600][41.213s][info][gc,phases      ] GC(134)   Other: 0.09ms
[2026-04-03T02:29:43.182+0600][41.213s][info][gc,heap        ] GC(134) Eden regions: 168->0(354)
[2026-04-03T02:29:43.182+0600][41.213s][info][gc,heap        ] GC(134) Survivor regions: 13->11(43)
[2026-04-03T02:29:43.182+0600][41.213s][info][gc,heap        ] GC(134) Old regions: 84->85
[2026-04-03T02:29:43.182+0600][41.213s][info][gc,heap        ] GC(134) Humongous regions: 332->28
[2026-04-03T02:29:43.182+0600][41.213s][info][gc,metaspace   ] GC(134) Metaspace: 130945K(132480K)->130945K(132480K) NonClass: 114395K(115136K)->114395K(115136K) Class: 16549K(17344K)->16549K(17344K)
[2026-04-03T02:29:43.182+0600][41.213s][info][gc             ] GC(134) Pause Young (Prepare Mixed) (G1 Evacuation Pause) 596M->122M(609M) 5.584ms
[2026-04-03T02:29:43.182+0600][41.213s][info][gc,cpu         ] GC(134) User=0.04s Sys=0.01s Real=0.01s
[2026-04-03T02:29:43.301+0600][41.331s][info][gc,start       ] GC(135) Pause Young (Mixed) (G1 Evacuation Pause)
[2026-04-03T02:29:43.301+0600][41.331s][info][gc,task        ] GC(135) Using 10 workers of 10 for evacuation
[2026-04-03T02:29:43.306+0600][41.336s][info][gc,phases      ] GC(135)   Pre Evacuate Collection Set: 0.45ms
[2026-04-03T02:29:43.306+0600][41.337s][info][gc,phases      ] GC(135)   Merge Heap Roots: 0.23ms
[2026-04-03T02:29:43.306+0600][41.337s][info][gc,phases      ] GC(135)   Evacuate Collection Set: 3.65ms
[2026-04-03T02:29:43.306+0600][41.337s][info][gc,phases      ] GC(135)   Post Evacuate Collection Set: 0.82ms
[2026-04-03T02:29:43.306+0600][41.337s][info][gc,phases      ] GC(135)   Other: 0.10ms
[2026-04-03T02:29:43.306+0600][41.337s][info][gc,heap        ] GC(135) Eden regions: 75->0(376)
[2026-04-03T02:29:43.306+0600][41.337s][info][gc,heap        ] GC(135) Survivor regions: 11->8(46)
[2026-04-03T02:29:43.306+0600][41.337s][info][gc,heap        ] GC(135) Old regions: 85->84
[2026-04-03T02:29:43.306+0600][41.337s][info][gc,heap        ] GC(135) Humongous regions: 460->8
[2026-04-03T02:29:43.306+0600][41.337s][info][gc,metaspace   ] GC(135) Metaspace: 130954K(132480K)->130954K(132480K) NonClass: 114404K(115136K)->114404K(115136K) Class: 16549K(17344K)->16549K(17344K)
[2026-04-03T02:29:43.306+0600][41.337s][info][gc             ] GC(135) Pause Young (Mixed) (G1 Evacuation Pause) 629M->98M(640M) 5.546ms
[2026-04-03T02:29:43.306+0600][41.337s][info][gc,cpu         ] GC(135) User=0.03s Sys=0.01s Real=0.00s
[2026-04-03T02:29:43.313+0600][41.343s][info][gc,start       ] GC(136) Pause Young (Concurrent Start) (G1 Humongous Allocation)
[2026-04-03T02:29:43.313+0600][41.344s][info][gc,task        ] GC(136) Using 10 workers of 10 for evacuation
[2026-04-03T02:29:43.317+0600][41.348s][info][gc,phases      ] GC(136)   Pre Evacuate Collection Set: 0.35ms
[2026-04-03T02:29:43.317+0600][41.348s][info][gc,phases      ] GC(136)   Merge Heap Roots: 0.11ms
[2026-04-03T02:29:43.317+0600][41.348s][info][gc,phases      ] GC(136)   Evacuate Collection Set: 2.66ms
[2026-04-03T02:29:43.317+0600][41.348s][info][gc,phases      ] GC(136)   Post Evacuate Collection Set: 0.97ms
[2026-04-03T02:29:43.317+0600][41.348s][info][gc,phases      ] GC(136)   Other: 0.12ms
[2026-04-03T02:29:43.317+0600][41.348s][info][gc,heap        ] GC(136) Eden regions: 24->0(376)
[2026-04-03T02:29:43.317+0600][41.348s][info][gc,heap        ] GC(136) Survivor regions: 8->8(48)
[2026-04-03T02:29:43.317+0600][41.348s][info][gc,heap        ] GC(136) Old regions: 84->84
[2026-04-03T02:29:43.317+0600][41.348s][info][gc,heap        ] GC(136) Humongous regions: 8->8
[2026-04-03T02:29:43.318+0600][41.348s][info][gc,metaspace   ] GC(136) Metaspace: 130954K(132480K)->130954K(132480K) NonClass: 114404K(115136K)->114404K(115136K) Class: 16549K(17344K)->16549K(17344K)
[2026-04-03T02:29:43.318+0600][41.348s][info][gc             ] GC(136) Pause Young (Concurrent Start) (G1 Humongous Allocation) 122M->98M(640M) 4.568ms
[2026-04-03T02:29:43.318+0600][41.348s][info][gc,cpu         ] GC(136) User=0.03s Sys=0.00s Real=0.00s
[2026-04-03T02:29:43.318+0600][41.348s][info][gc             ] GC(137) Concurrent Mark Cycle
[2026-04-03T02:29:43.318+0600][41.348s][info][gc,marking     ] GC(137) Concurrent Scan Root Regions
[2026-04-03T02:29:43.320+0600][41.351s][info][gc,marking     ] GC(137) Concurrent Scan Root Regions 2.588ms
[2026-04-03T02:29:43.320+0600][41.351s][info][gc,marking     ] GC(137) Concurrent Mark
[2026-04-03T02:29:43.320+0600][41.351s][info][gc,marking     ] GC(137) Concurrent Mark From Roots
[2026-04-03T02:29:43.320+0600][41.351s][info][gc,task        ] GC(137) Using 3 workers of 3 for marking
[2026-04-03T02:29:43.396+0600][41.427s][info][gc,marking     ] GC(137) Concurrent Mark From Roots 75.600ms
[2026-04-03T02:29:43.396+0600][41.427s][info][gc,marking     ] GC(137) Concurrent Preclean
[2026-04-03T02:29:43.396+0600][41.427s][info][gc,marking     ] GC(137) Concurrent Preclean 0.252ms
[2026-04-03T02:29:43.397+0600][41.427s][info][gc,start       ] GC(137) Pause Remark
[2026-04-03T02:29:43.404+0600][41.435s][info][gc             ] GC(137) Pause Remark 182M->182M(474M) 7.488ms
[2026-04-03T02:29:43.405+0600][41.435s][info][gc,cpu         ] GC(137) User=0.05s Sys=0.00s Real=0.01s
[2026-04-03T02:29:43.405+0600][41.435s][info][gc,marking     ] GC(137) Concurrent Mark 84.140ms
[2026-04-03T02:29:43.405+0600][41.435s][info][gc,marking     ] GC(137) Concurrent Rebuild Remembered Sets and Scrub Regions
[2026-04-03T02:29:43.439+0600][41.469s][info][gc,marking     ] GC(137) Concurrent Rebuild Remembered Sets and Scrub Regions 34.107ms
[2026-04-03T02:29:43.439+0600][41.470s][info][gc,start       ] GC(137) Pause Cleanup
[2026-04-03T02:29:43.439+0600][41.470s][info][gc             ] GC(137) Pause Cleanup 207M->207M(474M) 0.289ms
[2026-04-03T02:29:43.440+0600][41.470s][info][gc,cpu         ] GC(137) User=0.00s Sys=0.00s Real=0.00s
[2026-04-03T02:29:43.440+0600][41.470s][info][gc,marking     ] GC(137) Concurrent Clear Claimed Marks
[2026-04-03T02:29:43.440+0600][41.470s][info][gc,marking     ] GC(137) Concurrent Clear Claimed Marks 0.389ms
[2026-04-03T02:29:43.440+0600][41.470s][info][gc,marking     ] GC(137) Concurrent Cleanup for Next Mark
[2026-04-03T02:29:43.441+0600][41.472s][info][gc,marking     ] GC(137) Concurrent Cleanup for Next Mark 1.332ms
[2026-04-03T02:29:43.441+0600][41.472s][info][gc             ] GC(137) Concurrent Mark Cycle 123.653ms
[2026-04-03T02:29:43.850+0600][41.880s][info][gc,start       ] GC(138) Pause Young (Prepare Mixed) (G1 Evacuation Pause)
[2026-04-03T02:29:43.850+0600][41.880s][info][gc,task        ] GC(138) Using 10 workers of 10 for evacuation
[2026-04-03T02:29:43.856+0600][41.887s][info][gc,phases      ] GC(138)   Pre Evacuate Collection Set: 0.35ms
[2026-04-03T02:29:43.856+0600][41.887s][info][gc,phases      ] GC(138)   Merge Heap Roots: 0.36ms
[2026-04-03T02:29:43.856+0600][41.887s][info][gc,phases      ] GC(138)   Evacuate Collection Set: 4.72ms
[2026-04-03T02:29:43.856+0600][41.887s][info][gc,phases      ] GC(138)   Post Evacuate Collection Set: 0.76ms
[2026-04-03T02:29:43.856+0600][41.887s][info][gc,phases      ] GC(138)   Other: 0.12ms
[2026-04-03T02:29:43.856+0600][41.887s][info][gc,heap        ] GC(138) Eden regions: 259->0(283)
[2026-04-03T02:29:43.856+0600][41.887s][info][gc,heap        ] GC(138) Survivor regions: 8->9(36)
[2026-04-03T02:29:43.856+0600][41.887s][info][gc,heap        ] GC(138) Old regions: 84->85
[2026-04-03T02:29:43.856+0600][41.887s][info][gc,heap        ] GC(138) Humongous regions: 127->8
[2026-04-03T02:29:43.856+0600][41.887s][info][gc,metaspace   ] GC(138) Metaspace: 130992K(132480K)->130992K(132480K) NonClass: 114441K(115136K)->114441K(115136K) Class: 16550K(17344K)->16550K(17344K)
[2026-04-03T02:29:43.856+0600][41.887s][info][gc             ] GC(138) Pause Young (Prepare Mixed) (G1 Evacuation Pause) 476M->99M(488M) 6.625ms
[2026-04-03T02:29:43.857+0600][41.887s][info][gc,cpu         ] GC(138) User=0.04s Sys=0.02s Real=0.00s
[2026-04-03T02:29:44.125+0600][42.155s][info][gc,start       ] GC(139) Pause Young (Mixed) (G1 Evacuation Pause)
[2026-04-03T02:29:44.125+0600][42.155s][info][gc,task        ] GC(139) Using 10 workers of 10 for evacuation
[2026-04-03T02:29:44.130+0600][42.160s][info][gc,phases      ] GC(139)   Pre Evacuate Collection Set: 0.26ms
[2026-04-03T02:29:44.130+0600][42.160s][info][gc,phases      ] GC(139)   Merge Heap Roots: 0.15ms
[2026-04-03T02:29:44.130+0600][42.160s][info][gc,phases      ] GC(139)   Evacuate Collection Set: 3.70ms
[2026-04-03T02:29:44.130+0600][42.160s][info][gc,phases      ] GC(139)   Post Evacuate Collection Set: 0.57ms
[2026-04-03T02:29:44.130+0600][42.160s][info][gc,phases      ] GC(139)   Other: 0.10ms
[2026-04-03T02:29:44.130+0600][42.160s][info][gc,heap        ] GC(139) Eden regions: 214->0(299)
[2026-04-03T02:29:44.130+0600][42.160s][info][gc,heap        ] GC(139) Survivor regions: 9->7(37)
[2026-04-03T02:29:44.130+0600][42.160s][info][gc,heap        ] GC(139) Old regions: 85->85
[2026-04-03T02:29:44.130+0600][42.160s][info][gc,heap        ] GC(139) Humongous regions: 193->8
[2026-04-03T02:29:44.130+0600][42.160s][info][gc,metaspace   ] GC(139) Metaspace: 131000K(132480K)->131000K(132480K) NonClass: 114449K(115136K)->114449K(115136K) Class: 16550K(17344K)->16550K(17344K)
[2026-04-03T02:29:44.130+0600][42.160s][info][gc             ] GC(139) Pause Young (Mixed) (G1 Evacuation Pause) 498M->97M(510M) 5.068ms
[2026-04-03T02:29:44.130+0600][42.160s][info][gc,cpu         ] GC(139) User=0.03s Sys=0.01s Real=0.01s
[2026-04-03T02:29:44.145+0600][42.175s][info][gc,start       ] GC(140) Pause Young (Concurrent Start) (G1 Humongous Allocation)
[2026-04-03T02:29:44.145+0600][42.175s][info][gc,task        ] GC(140) Using 10 workers of 10 for evacuation
[2026-04-03T02:29:44.149+0600][42.180s][info][gc,phases      ] GC(140)   Pre Evacuate Collection Set: 0.39ms
[2026-04-03T02:29:44.149+0600][42.180s][info][gc,phases      ] GC(140)   Merge Heap Roots: 0.17ms
[2026-04-03T02:29:44.149+0600][42.180s][info][gc,phases      ] GC(140)   Evacuate Collection Set: 2.93ms
[2026-04-03T02:29:44.149+0600][42.180s][info][gc,phases      ] GC(140)   Post Evacuate Collection Set: 0.68ms
[2026-04-03T02:29:44.149+0600][42.180s][info][gc,phases      ] GC(140)   Other: 0.20ms
[2026-04-03T02:29:44.149+0600][42.180s][info][gc,heap        ] GC(140) Eden regions: 15->0(298)
[2026-04-03T02:29:44.149+0600][42.180s][info][gc,heap        ] GC(140) Survivor regions: 7->8(39)
[2026-04-03T02:29:44.149+0600][42.180s][info][gc,heap        ] GC(140) Old regions: 85->85
[2026-04-03T02:29:44.149+0600][42.180s][info][gc,heap        ] GC(140) Humongous regions: 8->8
[2026-04-03T02:29:44.149+0600][42.180s][info][gc,metaspace   ] GC(140) Metaspace: 131000K(132480K)->131000K(132480K) NonClass: 114449K(115136K)->114449K(115136K) Class: 16550K(17344K)->16550K(17344K)
[2026-04-03T02:29:44.149+0600][42.180s][info][gc             ] GC(140) Pause Young (Concurrent Start) (G1 Humongous Allocation) 112M->98M(510M) 4.707ms
[2026-04-03T02:29:44.149+0600][42.180s][info][gc             ] GC(141) Concurrent Mark Cycle
[2026-04-03T02:29:44.150+0600][42.180s][info][gc,cpu         ] GC(140) User=0.04s Sys=0.00s Real=0.00s
[2026-04-03T02:29:44.150+0600][42.180s][info][gc,marking     ] GC(141) Concurrent Scan Root Regions
[2026-04-03T02:29:44.152+0600][42.182s][info][gc,marking     ] GC(141) Concurrent Scan Root Regions 2.444ms
[2026-04-03T02:29:44.152+0600][42.182s][info][gc,marking     ] GC(141) Concurrent Mark
[2026-04-03T02:29:44.152+0600][42.182s][info][gc,marking     ] GC(141) Concurrent Mark From Roots
[2026-04-03T02:29:44.152+0600][42.182s][info][gc,task        ] GC(141) Using 3 workers of 3 for marking
[2026-04-03T02:29:44.257+0600][42.287s][info][gc,marking     ] GC(141) Concurrent Mark From Roots 104.612ms
[2026-04-03T02:29:44.257+0600][42.287s][info][gc,marking     ] GC(141) Concurrent Preclean
[2026-04-03T02:29:44.257+0600][42.288s][info][gc,marking     ] GC(141) Concurrent Preclean 0.505ms
[2026-04-03T02:29:44.258+0600][42.288s][info][gc,start       ] GC(141) Pause Remark
[2026-04-03T02:29:44.266+0600][42.297s][info][gc             ] GC(141) Pause Remark 212M->212M(510M) 8.658ms
[2026-04-03T02:29:44.267+0600][42.297s][info][gc,cpu         ] GC(141) User=0.07s Sys=0.00s Real=0.01s
[2026-04-03T02:29:44.267+0600][42.297s][info][gc,marking     ] GC(141) Concurrent Mark 114.731ms
[2026-04-03T02:29:44.267+0600][42.297s][info][gc,marking     ] GC(141) Concurrent Rebuild Remembered Sets and Scrub Regions
[2026-04-03T02:29:44.295+0600][42.326s][info][gc,marking     ] GC(141) Concurrent Rebuild Remembered Sets and Scrub Regions 28.319ms
[2026-04-03T02:29:44.296+0600][42.326s][info][gc,start       ] GC(141) Pause Cleanup
[2026-04-03T02:29:44.296+0600][42.326s][info][gc             ] GC(141) Pause Cleanup 228M->228M(510M) 0.406ms
[2026-04-03T02:29:44.296+0600][42.326s][info][gc,cpu         ] GC(141) User=0.00s Sys=0.01s Real=0.00s
[2026-04-03T02:29:44.296+0600][42.327s][info][gc,marking     ] GC(141) Concurrent Clear Claimed Marks
[2026-04-03T02:29:44.297+0600][42.327s][info][gc,marking     ] GC(141) Concurrent Clear Claimed Marks 0.401ms
[2026-04-03T02:29:44.297+0600][42.327s][info][gc,marking     ] GC(141) Concurrent Cleanup for Next Mark
[2026-04-03T02:29:44.298+0600][42.328s][info][gc,marking     ] GC(141) Concurrent Cleanup for Next Mark 1.190ms
[2026-04-03T02:29:44.298+0600][42.328s][info][gc             ] GC(141) Concurrent Mark Cycle 148.434ms
[2026-04-03T02:29:44.508+0600][42.538s][info][gc,start       ] GC(142) Pause Young (Prepare Mixed) (G1 Evacuation Pause)
[2026-04-03T02:29:44.508+0600][42.539s][info][gc,task        ] GC(142) Using 10 workers of 10 for evacuation
[2026-04-03T02:29:44.514+0600][42.544s][info][gc,phases      ] GC(142)   Pre Evacuate Collection Set: 0.34ms
[2026-04-03T02:29:44.514+0600][42.544s][info][gc,phases      ] GC(142)   Merge Heap Roots: 0.23ms
[2026-04-03T02:29:44.514+0600][42.544s][info][gc,phases      ] GC(142)   Evacuate Collection Set: 3.96ms
[2026-04-03T02:29:44.514+0600][42.544s][info][gc,phases      ] GC(142)   Post Evacuate Collection Set: 0.95ms
[2026-04-03T02:29:44.514+0600][42.544s][info][gc,phases      ] GC(142)   Other: 0.13ms
[2026-04-03T02:29:44.514+0600][42.544s][info][gc,heap        ] GC(142) Eden regions: 235->0(311)
[2026-04-03T02:29:44.514+0600][42.544s][info][gc,heap        ] GC(142) Survivor regions: 8->8(39)
[2026-04-03T02:29:44.514+0600][42.544s][info][gc,heap        ] GC(142) Old regions: 85->85
[2026-04-03T02:29:44.514+0600][42.544s][info][gc,heap        ] GC(142) Humongous regions: 197->8
[2026-04-03T02:29:44.514+0600][42.544s][info][gc,metaspace   ] GC(142) Metaspace: 131017K(132480K)->131017K(132480K) NonClass: 114467K(115136K)->114467K(115136K) Class: 16550K(17344K)->16550K(17344K)
[2026-04-03T02:29:44.514+0600][42.544s][info][gc             ] GC(142) Pause Young (Prepare Mixed) (G1 Evacuation Pause) 522M->98M(533M) 5.898ms
[2026-04-03T02:29:44.514+0600][42.544s][info][gc,cpu         ] GC(142) User=0.02s Sys=0.02s Real=0.01s
[2026-04-03T02:29:44.894+0600][42.925s][info][gc,start       ] GC(143) Pause Young (Mixed) (G1 Evacuation Pause)
[2026-04-03T02:29:44.894+0600][42.925s][info][gc,task        ] GC(143) Using 10 workers of 10 for evacuation
[2026-04-03T02:29:44.901+0600][42.932s][info][gc,phases      ] GC(143)   Pre Evacuate Collection Set: 0.37ms
[2026-04-03T02:29:44.901+0600][42.932s][info][gc,phases      ] GC(143)   Merge Heap Roots: 0.24ms
[2026-04-03T02:29:44.901+0600][42.932s][info][gc,phases      ] GC(143)   Evacuate Collection Set: 5.04ms
[2026-04-03T02:29:44.901+0600][42.932s][info][gc,phases      ] GC(143)   Post Evacuate Collection Set: 1.01ms
[2026-04-03T02:29:44.901+0600][42.932s][info][gc,phases      ] GC(143)   Other: 0.16ms
[2026-04-03T02:29:44.901+0600][42.932s][info][gc,heap        ] GC(143) Eden regions: 307->0(316)
[2026-04-03T02:29:44.901+0600][42.932s][info][gc,heap        ] GC(143) Survivor regions: 8->9(40)
[2026-04-03T02:29:44.901+0600][42.932s][info][gc,heap        ] GC(143) Old regions: 85->84
[2026-04-03T02:29:44.901+0600][42.932s][info][gc,heap        ] GC(143) Humongous regions: 133->8
[2026-04-03T02:29:44.901+0600][42.932s][info][gc,metaspace   ] GC(143) Metaspace: 131036K(132544K)->131036K(132544K) NonClass: 114486K(115200K)->114486K(115200K) Class: 16550K(17344K)->16550K(17344K)
[2026-04-03T02:29:44.901+0600][42.932s][info][gc             ] GC(143) Pause Young (Mixed) (G1 Evacuation Pause) 530M->98M(543M) 7.146ms
[2026-04-03T02:29:44.901+0600][42.932s][info][gc,cpu         ] GC(143) User=0.04s Sys=0.01s Real=0.01s
[2026-04-03T02:29:44.927+0600][42.957s][info][gc,start       ] GC(144) Pause Young (Concurrent Start) (G1 Humongous Allocation)
[2026-04-03T02:29:44.927+0600][42.958s][info][gc,task        ] GC(144) Using 10 workers of 10 for evacuation
[2026-04-03T02:29:44.934+0600][42.964s][info][gc,phases      ] GC(144)   Pre Evacuate Collection Set: 0.59ms
[2026-04-03T02:29:44.934+0600][42.964s][info][gc,phases      ] GC(144)   Merge Heap Roots: 0.23ms
[2026-04-03T02:29:44.934+0600][42.964s][info][gc,phases      ] GC(144)   Evacuate Collection Set: 4.54ms
[2026-04-03T02:29:44.934+0600][42.964s][info][gc,phases      ] GC(144)   Post Evacuate Collection Set: 1.00ms
[2026-04-03T02:29:44.934+0600][42.964s][info][gc,phases      ] GC(144)   Other: 0.30ms
[2026-04-03T02:29:44.934+0600][42.964s][info][gc,heap        ] GC(144) Eden regions: 43->0(316)
[2026-04-03T02:29:44.934+0600][42.964s][info][gc,heap        ] GC(144) Survivor regions: 9->9(41)
[2026-04-03T02:29:44.934+0600][42.964s][info][gc,heap        ] GC(144) Old regions: 84->84
[2026-04-03T02:29:44.934+0600][42.964s][info][gc,heap        ] GC(144) Humongous regions: 8->8
[2026-04-03T02:29:44.934+0600][42.964s][info][gc,metaspace   ] GC(144) Metaspace: 131036K(132544K)->131036K(132544K) NonClass: 114486K(115200K)->114486K(115200K) Class: 16550K(17344K)->16550K(17344K)
[2026-04-03T02:29:44.934+0600][42.964s][info][gc             ] GC(144) Pause Young (Concurrent Start) (G1 Humongous Allocation) 141M->99M(543M) 6.985ms
[2026-04-03T02:29:44.934+0600][42.965s][info][gc,cpu         ] GC(144) User=0.04s Sys=0.01s Real=0.01s
[2026-04-03T02:29:44.934+0600][42.965s][info][gc             ] GC(145) Concurrent Mark Cycle
[2026-04-03T02:29:44.934+0600][42.965s][info][gc,marking     ] GC(145) Concurrent Scan Root Regions
[2026-04-03T02:29:44.938+0600][42.969s][info][gc,marking     ] GC(145) Concurrent Scan Root Regions 3.874ms
[2026-04-03T02:29:44.938+0600][42.969s][info][gc,marking     ] GC(145) Concurrent Mark
[2026-04-03T02:29:44.938+0600][42.969s][info][gc,marking     ] GC(145) Concurrent Mark From Roots
[2026-04-03T02:29:44.938+0600][42.969s][info][gc,task        ] GC(145) Using 3 workers of 3 for marking
[2026-04-03T02:29:45.014+0600][43.045s][info][gc,marking     ] GC(145) Concurrent Mark From Roots 76.022ms
[2026-04-03T02:29:45.014+0600][43.045s][info][gc,marking     ] GC(145) Concurrent Preclean
[2026-04-03T02:29:45.014+0600][43.045s][info][gc,marking     ] GC(145) Concurrent Preclean 0.226ms
[2026-04-03T02:29:45.015+0600][43.045s][info][gc,start       ] GC(145) Pause Remark
[2026-04-03T02:29:45.022+0600][43.052s][info][gc             ] GC(145) Pause Remark 170M->170M(437M) 7.128ms
[2026-04-03T02:29:45.022+0600][43.053s][info][gc,cpu         ] GC(145) User=0.05s Sys=0.00s Real=0.01s
[2026-04-03T02:29:45.022+0600][43.053s][info][gc,marking     ] GC(145) Concurrent Mark 84.163ms
[2026-04-03T02:29:45.022+0600][43.053s][info][gc,marking     ] GC(145) Concurrent Rebuild Remembered Sets and Scrub Regions
[2026-04-03T02:29:45.045+0600][43.075s][info][gc,marking     ] GC(145) Concurrent Rebuild Remembered Sets and Scrub Regions 22.593ms
[2026-04-03T02:29:45.045+0600][43.076s][info][gc,start       ] GC(145) Pause Cleanup
[2026-04-03T02:29:45.046+0600][43.076s][info][gc             ] GC(145) Pause Cleanup 178M->178M(437M) 0.217ms
[2026-04-03T02:29:45.046+0600][43.076s][info][gc,cpu         ] GC(145) User=0.00s Sys=0.00s Real=0.00s
[2026-04-03T02:29:45.046+0600][43.076s][info][gc,marking     ] GC(145) Concurrent Clear Claimed Marks
[2026-04-03T02:29:45.046+0600][43.077s][info][gc,marking     ] GC(145) Concurrent Clear Claimed Marks 0.250ms
[2026-04-03T02:29:45.046+0600][43.077s][info][gc,marking     ] GC(145) Concurrent Cleanup for Next Mark
[2026-04-03T02:29:45.047+0600][43.077s][info][gc,marking     ] GC(145) Concurrent Cleanup for Next Mark 0.472ms
[2026-04-03T02:29:45.047+0600][43.077s][info][gc             ] GC(145) Concurrent Mark Cycle 112.562ms
[2026-04-03T02:29:45.106+0600][43.137s][info][gc,start       ] GC(146) Pause Young (Prepare Mixed) (G1 Evacuation Pause)
[2026-04-03T02:29:45.106+0600][43.137s][info][gc,task        ] GC(146) Using 10 workers of 10 for evacuation
[2026-04-03T02:29:45.111+0600][43.142s][info][gc,phases      ] GC(146)   Pre Evacuate Collection Set: 0.33ms
[2026-04-03T02:29:45.111+0600][43.142s][info][gc,phases      ] GC(146)   Merge Heap Roots: 0.20ms
[2026-04-03T02:29:45.112+0600][43.142s][info][gc,phases      ] GC(146)   Evacuate Collection Set: 3.71ms
[2026-04-03T02:29:45.112+0600][43.142s][info][gc,phases      ] GC(146)   Post Evacuate Collection Set: 0.87ms
[2026-04-03T02:29:45.112+0600][43.142s][info][gc,phases      ] GC(146)   Other: 0.11ms
[2026-04-03T02:29:45.112+0600][43.142s][info][gc,heap        ] GC(146) Eden regions: 93->0(323)
[2026-04-03T02:29:45.112+0600][43.142s][info][gc,heap        ] GC(146) Survivor regions: 9->9(38)
[2026-04-03T02:29:45.112+0600][43.142s][info][gc,heap        ] GC(146) Old regions: 84->85
[2026-04-03T02:29:45.112+0600][43.142s][info][gc,heap        ] GC(146) Humongous regions: 358->15
[2026-04-03T02:29:45.112+0600][43.142s][info][gc,metaspace   ] GC(146) Metaspace: 131038K(132544K)->131038K(132544K) NonClass: 114487K(115200K)->114487K(115200K) Class: 16550K(17344K)->16550K(17344K)
[2026-04-03T02:29:45.112+0600][43.142s][info][gc             ] GC(146) Pause Young (Prepare Mixed) (G1 Evacuation Pause) 542M->106M(554M) 5.567ms
[2026-04-03T02:29:45.112+0600][43.142s][info][gc,cpu         ] GC(146) User=0.03s Sys=0.02s Real=0.01s
[2026-04-03T02:29:45.225+0600][43.255s][info][gc,start       ] GC(147) Pause Young (Mixed) (G1 Evacuation Pause)
[2026-04-03T02:29:45.225+0600][43.255s][info][gc,task        ] GC(147) Using 10 workers of 10 for evacuation
[2026-04-03T02:29:45.230+0600][43.260s][info][gc,phases      ] GC(147)   Pre Evacuate Collection Set: 0.34ms
[2026-04-03T02:29:45.230+0600][43.260s][info][gc,phases      ] GC(147)   Merge Heap Roots: 0.26ms
[2026-04-03T02:29:45.230+0600][43.260s][info][gc,phases      ] GC(147)   Evacuate Collection Set: 3.55ms
[2026-04-03T02:29:45.230+0600][43.260s][info][gc,phases      ] GC(147)   Post Evacuate Collection Set: 0.71ms
[2026-04-03T02:29:45.230+0600][43.260s][info][gc,phases      ] GC(147)   Other: 0.12ms
[2026-04-03T02:29:45.230+0600][43.260s][info][gc,heap        ] GC(147) Eden regions: 69->0(336)
[2026-04-03T02:29:45.230+0600][43.260s][info][gc,heap        ] GC(147) Survivor regions: 9->5(42)
[2026-04-03T02:29:45.230+0600][43.260s][info][gc,heap        ] GC(147) Old regions: 85->84
[2026-04-03T02:29:45.230+0600][43.260s][info][gc,heap        ] GC(147) Humongous regions: 400->8
[2026-04-03T02:29:45.230+0600][43.260s][info][gc,metaspace   ] GC(147) Metaspace: 131040K(132544K)->131040K(132544K) NonClass: 114490K(115200K)->114490K(115200K) Class: 16550K(17344K)->16550K(17344K)
[2026-04-03T02:29:45.230+0600][43.260s][info][gc             ] GC(147) Pause Young (Mixed) (G1 Evacuation Pause) 560M->95M(569M) 5.334ms
[2026-04-03T02:29:45.230+0600][43.260s][info][gc,cpu         ] GC(147) User=0.03s Sys=0.01s Real=0.01s
[2026-04-03T02:29:45.239+0600][43.270s][info][gc,start       ] GC(148) Pause Young (Concurrent Start) (G1 Humongous Allocation)
[2026-04-03T02:29:45.239+0600][43.270s][info][gc,task        ] GC(148) Using 10 workers of 10 for evacuation
[2026-04-03T02:29:45.244+0600][43.274s][info][gc,phases      ] GC(148)   Pre Evacuate Collection Set: 0.48ms
[2026-04-03T02:29:45.244+0600][43.274s][info][gc,phases      ] GC(148)   Merge Heap Roots: 0.15ms
[2026-04-03T02:29:45.244+0600][43.274s][info][gc,phases      ] GC(148)   Evacuate Collection Set: 2.70ms
[2026-04-03T02:29:45.244+0600][43.274s][info][gc,phases      ] GC(148)   Post Evacuate Collection Set: 0.85ms
[2026-04-03T02:29:45.244+0600][43.274s][info][gc,phases      ] GC(148)   Other: 0.19ms
[2026-04-03T02:29:45.244+0600][43.274s][info][gc,heap        ] GC(148) Eden regions: 30->0(334)
[2026-04-03T02:29:45.244+0600][43.274s][info][gc,heap        ] GC(148) Survivor regions: 5->7(43)
[2026-04-03T02:29:45.244+0600][43.274s][info][gc,heap        ] GC(148) Old regions: 84->84
[2026-04-03T02:29:45.244+0600][43.274s][info][gc,heap        ] GC(148) Humongous regions: 8->8
[2026-04-03T02:29:45.244+0600][43.274s][info][gc,metaspace   ] GC(148) Metaspace: 131048K(132544K)->131048K(132544K) NonClass: 114498K(115200K)->114498K(115200K) Class: 16550K(17344K)->16550K(17344K)
[2026-04-03T02:29:45.244+0600][43.274s][info][gc             ] GC(148) Pause Young (Concurrent Start) (G1 Humongous Allocation) 124M->96M(569M) 4.785ms
[2026-04-03T02:29:45.244+0600][43.275s][info][gc,cpu         ] GC(148) User=0.03s Sys=0.00s Real=0.01s
[2026-04-03T02:29:45.244+0600][43.275s][info][gc             ] GC(149) Concurrent Mark Cycle
[2026-04-03T02:29:45.244+0600][43.275s][info][gc,marking     ] GC(149) Concurrent Scan Root Regions
[2026-04-03T02:29:45.246+0600][43.277s][info][gc,marking     ] GC(149) Concurrent Scan Root Regions 2.006ms
[2026-04-03T02:29:45.246+0600][43.277s][info][gc,marking     ] GC(149) Concurrent Mark
[2026-04-03T02:29:45.246+0600][43.277s][info][gc,marking     ] GC(149) Concurrent Mark From Roots
[2026-04-03T02:29:45.246+0600][43.277s][info][gc,task        ] GC(149) Using 3 workers of 3 for marking
[2026-04-03T02:29:45.324+0600][43.355s][info][gc,marking     ] GC(149) Concurrent Mark From Roots 77.834ms
[2026-04-03T02:29:45.324+0600][43.355s][info][gc,marking     ] GC(149) Concurrent Preclean
[2026-04-03T02:29:45.324+0600][43.355s][info][gc,marking     ] GC(149) Concurrent Preclean 0.248ms
[2026-04-03T02:29:45.325+0600][43.355s][info][gc,start       ] GC(149) Pause Remark
[2026-04-03T02:29:45.332+0600][43.362s][info][gc             ] GC(149) Pause Remark 177M->177M(470M) 7.351ms
[2026-04-03T02:29:45.332+0600][43.363s][info][gc,cpu         ] GC(149) User=0.06s Sys=0.00s Real=0.01s
[2026-04-03T02:29:45.332+0600][43.363s][info][gc,marking     ] GC(149) Concurrent Mark 86.166ms
[2026-04-03T02:29:45.332+0600][43.363s][info][gc,marking     ] GC(149) Concurrent Rebuild Remembered Sets and Scrub Regions
[2026-04-03T02:29:45.367+0600][43.398s][info][gc,marking     ] GC(149) Concurrent Rebuild Remembered Sets and Scrub Regions 34.773ms
[2026-04-03T02:29:45.368+0600][43.398s][info][gc,start       ] GC(149) Pause Cleanup
[2026-04-03T02:29:45.368+0600][43.398s][info][gc             ] GC(149) Pause Cleanup 205M->205M(470M) 0.351ms
[2026-04-03T02:29:45.368+0600][43.399s][info][gc,cpu         ] GC(149) User=0.00s Sys=0.00s Real=0.00s
[2026-04-03T02:29:45.368+0600][43.399s][info][gc,marking     ] GC(149) Concurrent Clear Claimed Marks
[2026-04-03T02:29:45.368+0600][43.399s][info][gc,marking     ] GC(149) Concurrent Clear Claimed Marks 0.310ms
[2026-04-03T02:29:45.368+0600][43.399s][info][gc,marking     ] GC(149) Concurrent Cleanup for Next Mark
[2026-04-03T02:29:45.369+0600][43.400s][info][gc,marking     ] GC(149) Concurrent Cleanup for Next Mark 0.656ms
[2026-04-03T02:29:45.369+0600][43.400s][info][gc             ] GC(149) Concurrent Mark Cycle 125.124ms
[2026-04-03T02:29:45.748+0600][43.778s][info][gc,start       ] GC(150) Pause Young (Prepare Mixed) (GCLocker Initiated GC)
[2026-04-03T02:29:45.748+0600][43.778s][info][gc,task        ] GC(150) Using 10 workers of 10 for evacuation
[2026-04-03T02:29:45.753+0600][43.784s][info][gc,phases      ] GC(150)   Pre Evacuate Collection Set: 0.35ms
[2026-04-03T02:29:45.753+0600][43.784s][info][gc,phases      ] GC(150)   Merge Heap Roots: 0.25ms
[2026-04-03T02:29:45.754+0600][43.784s][info][gc,phases      ] GC(150)   Evacuate Collection Set: 4.31ms
[2026-04-03T02:29:45.754+0600][43.784s][info][gc,phases      ] GC(150)   Post Evacuate Collection Set: 0.73ms
[2026-04-03T02:29:45.754+0600][43.784s][info][gc,phases      ] GC(150)   Other: 0.13ms
[2026-04-03T02:29:45.754+0600][43.784s][info][gc,heap        ] GC(150) Eden regions: 256->0(282)
[2026-04-03T02:29:45.754+0600][43.784s][info][gc,heap        ] GC(150) Survivor regions: 7->7(36)
[2026-04-03T02:29:45.754+0600][43.784s][info][gc,heap        ] GC(150) Old regions: 84->85
[2026-04-03T02:29:45.754+0600][43.784s][info][gc,heap        ] GC(150) Humongous regions: 127->8
[2026-04-03T02:29:45.754+0600][43.784s][info][gc,metaspace   ] GC(150) Metaspace: 131070K(132544K)->131070K(132544K) NonClass: 114520K(115200K)->114520K(115200K) Class: 16550K(17344K)->16550K(17344K)
[2026-04-03T02:29:45.754+0600][43.784s][info][gc             ] GC(150) Pause Young (Prepare Mixed) (GCLocker Initiated GC) 471M->97M(482M) 6.090ms
[2026-04-03T02:29:45.754+0600][43.784s][info][gc,cpu         ] GC(150) User=0.03s Sys=0.01s Real=0.01s
[2026-04-03T02:29:46.028+0600][44.059s][info][gc,start       ] GC(151) Pause Young (Mixed) (G1 Evacuation Pause)
[2026-04-03T02:29:46.028+0600][44.059s][info][gc,task        ] GC(151) Using 10 workers of 10 for evacuation
[2026-04-03T02:29:46.034+0600][44.064s][info][gc,phases      ] GC(151)   Pre Evacuate Collection Set: 0.41ms
[2026-04-03T02:29:46.034+0600][44.064s][info][gc,phases      ] GC(151)   Merge Heap Roots: 0.27ms
[2026-04-03T02:29:46.034+0600][44.064s][info][gc,phases      ] GC(151)   Evacuate Collection Set: 4.16ms
[2026-04-03T02:29:46.034+0600][44.064s][info][gc,phases      ] GC(151)   Post Evacuate Collection Set: 0.67ms
[2026-04-03T02:29:46.034+0600][44.064s][info][gc,phases      ] GC(151)   Other: 0.12ms
[2026-04-03T02:29:46.034+0600][44.064s][info][gc,heap        ] GC(151) Eden regions: 216->0(291)
[2026-04-03T02:29:46.034+0600][44.064s][info][gc,heap        ] GC(151) Survivor regions: 7->7(37)
[2026-04-03T02:29:46.034+0600][44.064s][info][gc,heap        ] GC(151) Old regions: 85->84
[2026-04-03T02:29:46.034+0600][44.064s][info][gc,heap        ] GC(151) Humongous regions: 182->8
[2026-04-03T02:29:46.034+0600][44.064s][info][gc,metaspace   ] GC(151) Metaspace: 131080K(132544K)->131080K(132544K) NonClass: 114530K(115200K)->114530K(115200K) Class: 16550K(17344K)->16550K(17344K)
[2026-04-03T02:29:46.034+0600][44.064s][info][gc             ] GC(151) Pause Young (Mixed) (G1 Evacuation Pause) 487M->96M(498M) 5.912ms
[2026-04-03T02:29:46.034+0600][44.065s][info][gc,cpu         ] GC(151) User=0.03s Sys=0.02s Real=0.01s
[2026-04-03T02:29:46.036+0600][44.066s][info][gc,start       ] GC(152) Pause Young (Concurrent Start) (G1 Humongous Allocation)
[2026-04-03T02:29:46.036+0600][44.067s][info][gc,task        ] GC(152) Using 10 workers of 10 for evacuation
[2026-04-03T02:29:46.039+0600][44.070s][info][gc,phases      ] GC(152)   Pre Evacuate Collection Set: 0.29ms
[2026-04-03T02:29:46.040+0600][44.070s][info][gc,phases      ] GC(152)   Merge Heap Roots: 0.10ms
[2026-04-03T02:29:46.040+0600][44.070s][info][gc,phases      ] GC(152)   Evacuate Collection Set: 2.35ms
[2026-04-03T02:29:46.040+0600][44.070s][info][gc,phases      ] GC(152)   Post Evacuate Collection Set: 0.54ms
[2026-04-03T02:29:46.040+0600][44.070s][info][gc,phases      ] GC(152)   Other: 0.09ms
[2026-04-03T02:29:46.040+0600][44.070s][info][gc,heap        ] GC(152) Eden regions: 4->0(291)
[2026-04-03T02:29:46.040+0600][44.070s][info][gc,heap        ] GC(152) Survivor regions: 7->7(38)
[2026-04-03T02:29:46.040+0600][44.070s][info][gc,heap        ] GC(152) Old regions: 84->84
[2026-04-03T02:29:46.040+0600][44.070s][info][gc,heap        ] GC(152) Humongous regions: 8->8
[2026-04-03T02:29:46.040+0600][44.070s][info][gc,metaspace   ] GC(152) Metaspace: 131080K(132544K)->131080K(132544K) NonClass: 114530K(115200K)->114530K(115200K) Class: 16550K(17344K)->16550K(17344K)
[2026-04-03T02:29:46.040+0600][44.070s][info][gc             ] GC(152) Pause Young (Concurrent Start) (G1 Humongous Allocation) 100M->96M(498M) 3.618ms
[2026-04-03T02:29:46.040+0600][44.070s][info][gc             ] GC(153) Concurrent Mark Cycle
[2026-04-03T02:29:46.040+0600][44.070s][info][gc,marking     ] GC(153) Concurrent Scan Root Regions
[2026-04-03T02:29:46.040+0600][44.070s][info][gc,cpu         ] GC(152) User=0.02s Sys=0.00s Real=0.01s
[2026-04-03T02:29:46.042+0600][44.072s][info][gc,marking     ] GC(153) Concurrent Scan Root Regions 2.219ms
[2026-04-03T02:29:46.042+0600][44.073s][info][gc,marking     ] GC(153) Concurrent Mark
[2026-04-03T02:29:46.042+0600][44.073s][info][gc,marking     ] GC(153) Concurrent Mark From Roots
[2026-04-03T02:29:46.042+0600][44.073s][info][gc,task        ] GC(153) Using 3 workers of 3 for marking
[2026-04-03T02:29:46.149+0600][44.180s][info][gc,marking     ] GC(153) Concurrent Mark From Roots 107.146ms
[2026-04-03T02:29:46.149+0600][44.180s][info][gc,marking     ] GC(153) Concurrent Preclean
[2026-04-03T02:29:46.150+0600][44.180s][info][gc,marking     ] GC(153) Concurrent Preclean 0.526ms
[2026-04-03T02:29:46.150+0600][44.181s][info][gc,start       ] GC(153) Pause Remark
[2026-04-03T02:29:46.158+0600][44.189s][info][gc             ] GC(153) Pause Remark 207M->207M(498M) 8.265ms
[2026-04-03T02:29:46.159+0600][44.189s][info][gc,cpu         ] GC(153) User=0.07s Sys=0.00s Real=0.00s
[2026-04-03T02:29:46.159+0600][44.189s][info][gc,marking     ] GC(153) Concurrent Mark 116.698ms
[2026-04-03T02:29:46.159+0600][44.189s][info][gc,marking     ] GC(153) Concurrent Rebuild Remembered Sets and Scrub Regions
[2026-04-03T02:29:46.196+0600][44.226s][info][gc,marking     ] GC(153) Concurrent Rebuild Remembered Sets and Scrub Regions 37.167ms
[2026-04-03T02:29:46.196+0600][44.227s][info][gc,start       ] GC(153) Pause Cleanup
[2026-04-03T02:29:46.197+0600][44.227s][info][gc             ] GC(153) Pause Cleanup 228M->228M(498M) 0.334ms
[2026-04-03T02:29:46.197+0600][44.227s][info][gc,cpu         ] GC(153) User=0.00s Sys=0.00s Real=0.00s
[2026-04-03T02:29:46.197+0600][44.227s][info][gc,marking     ] GC(153) Concurrent Clear Claimed Marks
[2026-04-03T02:29:46.197+0600][44.228s][info][gc,marking     ] GC(153) Concurrent Clear Claimed Marks 0.450ms
[2026-04-03T02:29:46.198+0600][44.228s][info][gc,marking     ] GC(153) Concurrent Cleanup for Next Mark
[2026-04-03T02:29:46.199+0600][44.230s][info][gc,marking     ] GC(153) Concurrent Cleanup for Next Mark 1.638ms
[2026-04-03T02:29:46.199+0600][44.230s][info][gc             ] GC(153) Concurrent Mark Cycle 159.622ms
[2026-04-03T02:29:46.404+0600][44.434s][info][gc,start       ] GC(154) Pause Young (Prepare Mixed) (G1 Evacuation Pause)
[2026-04-03T02:29:46.404+0600][44.434s][info][gc,task        ] GC(154) Using 10 workers of 10 for evacuation
[2026-04-03T02:29:46.409+0600][44.440s][info][gc,phases      ] GC(154)   Pre Evacuate Collection Set: 0.39ms
[2026-04-03T02:29:46.409+0600][44.440s][info][gc,phases      ] GC(154)   Merge Heap Roots: 0.23ms
[2026-04-03T02:29:46.409+0600][44.440s][info][gc,phases      ] GC(154)   Evacuate Collection Set: 4.10ms
[2026-04-03T02:29:46.409+0600][44.440s][info][gc,phases      ] GC(154)   Post Evacuate Collection Set: 0.68ms
[2026-04-03T02:29:46.409+0600][44.440s][info][gc,phases      ] GC(154)   Other: 0.11ms
[2026-04-03T02:29:46.409+0600][44.440s][info][gc,heap        ] GC(154) Eden regions: 231->0(302)
[2026-04-03T02:29:46.409+0600][44.440s][info][gc,heap        ] GC(154) Survivor regions: 7->8(39)
[2026-04-03T02:29:46.409+0600][44.440s][info][gc,heap        ] GC(154) Old regions: 84->84
[2026-04-03T02:29:46.409+0600][44.440s][info][gc,heap        ] GC(154) Humongous regions: 187->8
[2026-04-03T02:29:46.409+0600][44.440s][info][gc,metaspace   ] GC(154) Metaspace: 131089K(132544K)->131089K(132544K) NonClass: 114539K(115200K)->114539K(115200K) Class: 16550K(17344K)->16550K(17344K)
[2026-04-03T02:29:46.409+0600][44.440s][info][gc             ] GC(154) Pause Young (Prepare Mixed) (G1 Evacuation Pause) 506M->98M(517M) 5.776ms
[2026-04-03T02:29:46.409+0600][44.440s][info][gc,cpu         ] GC(154) User=0.03s Sys=0.01s Real=0.00s
[2026-04-03T02:29:46.775+0600][44.806s][info][gc,start       ] GC(155) Pause Young (Mixed) (G1 Evacuation Pause)
[2026-04-03T02:29:46.776+0600][44.806s][info][gc,task        ] GC(155) Using 10 workers of 10 for evacuation
[2026-04-03T02:29:46.784+0600][44.814s][info][gc,phases      ] GC(155)   Pre Evacuate Collection Set: 0.55ms
[2026-04-03T02:29:46.784+0600][44.814s][info][gc,phases      ] GC(155)   Merge Heap Roots: 0.35ms
[2026-04-03T02:29:46.784+0600][44.814s][info][gc,phases      ] GC(155)   Evacuate Collection Set: 6.17ms
[2026-04-03T02:29:46.784+0600][44.814s][info][gc,phases      ] GC(155)   Post Evacuate Collection Set: 1.03ms
[2026-04-03T02:29:46.784+0600][44.815s][info][gc,phases      ] GC(155)   Other: 0.22ms
[2026-04-03T02:29:46.784+0600][44.815s][info][gc,heap        ] GC(155) Eden regions: 292->0(309)
[2026-04-03T02:29:46.784+0600][44.815s][info][gc,heap        ] GC(155) Survivor regions: 8->10(39)
[2026-04-03T02:29:46.784+0600][44.815s][info][gc,heap        ] GC(155) Old regions: 84->84
[2026-04-03T02:29:46.784+0600][44.815s][info][gc,heap        ] GC(155) Humongous regions: 137->8
[2026-04-03T02:29:46.784+0600][44.815s][info][gc,metaspace   ] GC(155) Metaspace: 131106K(132608K)->131106K(132608K) NonClass: 114555K(115264K)->114555K(115264K) Class: 16550K(17344K)->16550K(17344K)
[2026-04-03T02:29:46.784+0600][44.815s][info][gc             ] GC(155) Pause Young (Mixed) (G1 Evacuation Pause) 519M->100M(532M) 8.724ms
[2026-04-03T02:29:46.784+0600][44.815s][info][gc,cpu         ] GC(155) User=0.05s Sys=0.01s Real=0.01s
[2026-04-03T02:29:46.796+0600][44.827s][info][gc,start       ] GC(156) Pause Young (Concurrent Start) (G1 Humongous Allocation)
[2026-04-03T02:29:46.796+0600][44.827s][info][gc,task        ] GC(156) Using 10 workers of 10 for evacuation
[2026-04-03T02:29:46.801+0600][44.832s][info][gc,phases      ] GC(156)   Pre Evacuate Collection Set: 0.47ms
[2026-04-03T02:29:46.801+0600][44.832s][info][gc,phases      ] GC(156)   Merge Heap Roots: 0.16ms
[2026-04-03T02:29:46.801+0600][44.832s][info][gc,phases      ] GC(156)   Evacuate Collection Set: 3.21ms
[2026-04-03T02:29:46.801+0600][44.832s][info][gc,phases      ] GC(156)   Post Evacuate Collection Set: 0.65ms
[2026-04-03T02:29:46.801+0600][44.832s][info][gc,phases      ] GC(156)   Other: 0.22ms
[2026-04-03T02:29:46.801+0600][44.832s][info][gc,heap        ] GC(156) Eden regions: 19->0(308)
[2026-04-03T02:29:46.801+0600][44.832s][info][gc,heap        ] GC(156) Survivor regions: 10->11(40)
[2026-04-03T02:29:46.801+0600][44.832s][info][gc,heap        ] GC(156) Old regions: 84->84
[2026-04-03T02:29:46.801+0600][44.832s][info][gc,heap        ] GC(156) Humongous regions: 8->8
[2026-04-03T02:29:46.801+0600][44.832s][info][gc,metaspace   ] GC(156) Metaspace: 131106K(132608K)->131106K(132608K) NonClass: 114555K(115264K)->114555K(115264K) Class: 16550K(17344K)->16550K(17344K)
[2026-04-03T02:29:46.801+0600][44.832s][info][gc             ] GC(156) Pause Young (Concurrent Start) (G1 Humongous Allocation) 118M->101M(532M) 5.050ms
[2026-04-03T02:29:46.802+0600][44.832s][info][gc,cpu         ] GC(156) User=0.03s Sys=0.00s Real=0.01s
[2026-04-03T02:29:46.802+0600][44.832s][info][gc             ] GC(157) Concurrent Mark Cycle
[2026-04-03T02:29:46.802+0600][44.832s][info][gc,marking     ] GC(157) Concurrent Scan Root Regions
[2026-04-03T02:29:46.805+0600][44.835s][info][gc,marking     ] GC(157) Concurrent Scan Root Regions 3.364ms
[2026-04-03T02:29:46.805+0600][44.836s][info][gc,marking     ] GC(157) Concurrent Mark
[2026-04-03T02:29:46.805+0600][44.836s][info][gc,marking     ] GC(157) Concurrent Mark From Roots
[2026-04-03T02:29:46.805+0600][44.836s][info][gc,task        ] GC(157) Using 3 workers of 3 for marking
[2026-04-03T02:29:46.913+0600][44.944s][info][gc,marking     ] GC(157) Concurrent Mark From Roots 108.377ms
[2026-04-03T02:29:46.914+0600][44.944s][info][gc,marking     ] GC(157) Concurrent Preclean
[2026-04-03T02:29:46.914+0600][44.944s][info][gc,marking     ] GC(157) Concurrent Preclean 0.414ms
[2026-04-03T02:29:46.914+0600][44.945s][info][gc,start       ] GC(157) Pause Remark
[2026-04-03T02:29:46.921+0600][44.952s][info][gc             ] GC(157) Pause Remark 229M->229M(454M) 7.193ms
[2026-04-03T02:29:46.922+0600][44.952s][info][gc,cpu         ] GC(157) User=0.05s Sys=0.00s Real=0.01s
[2026-04-03T02:29:46.922+0600][44.952s][info][gc,marking     ] GC(157) Concurrent Mark 116.570ms
[2026-04-03T02:29:46.922+0600][44.952s][info][gc,marking     ] GC(157) Concurrent Rebuild Remembered Sets and Scrub Regions
[2026-04-03T02:29:46.951+0600][44.981s][info][gc,marking     ] GC(157) Concurrent Rebuild Remembered Sets and Scrub Regions 29.019ms
[2026-04-03T02:29:46.951+0600][44.982s][info][gc,start       ] GC(157) Pause Cleanup
[2026-04-03T02:29:46.951+0600][44.982s][info][gc             ] GC(157) Pause Cleanup 240M->240M(454M) 0.298ms
[2026-04-03T02:29:46.952+0600][44.982s][info][gc,cpu         ] GC(157) User=0.00s Sys=0.00s Real=0.00s
[2026-04-03T02:29:46.952+0600][44.982s][info][gc,marking     ] GC(157) Concurrent Clear Claimed Marks
[2026-04-03T02:29:46.952+0600][44.983s][info][gc,marking     ] GC(157) Concurrent Clear Claimed Marks 0.334ms
[2026-04-03T02:29:46.952+0600][44.983s][info][gc,marking     ] GC(157) Concurrent Cleanup for Next Mark
[2026-04-03T02:29:46.953+0600][44.983s][info][gc,marking     ] GC(157) Concurrent Cleanup for Next Mark 0.832ms
[2026-04-03T02:29:46.953+0600][44.983s][info][gc             ] GC(157) Concurrent Mark Cycle 151.394ms
[2026-04-03T02:29:47.065+0600][45.096s][info][gc,start       ] GC(158) Pause Young (Prepare Mixed) (G1 Evacuation Pause)
[2026-04-03T02:29:47.065+0600][45.096s][info][gc,task        ] GC(158) Using 10 workers of 10 for evacuation
[2026-04-03T02:29:47.071+0600][45.101s][info][gc,phases      ] GC(158)   Pre Evacuate Collection Set: 0.30ms
[2026-04-03T02:29:47.071+0600][45.101s][info][gc,phases      ] GC(158)   Merge Heap Roots: 0.14ms
[2026-04-03T02:29:47.071+0600][45.101s][info][gc,phases      ] GC(158)   Evacuate Collection Set: 3.72ms
[2026-04-03T02:29:47.071+0600][45.101s][info][gc,phases      ] GC(158)   Post Evacuate Collection Set: 0.95ms
[2026-04-03T02:29:47.071+0600][45.101s][info][gc,phases      ] GC(158)   Other: 0.09ms
[2026-04-03T02:29:47.071+0600][45.101s][info][gc,heap        ] GC(158) Eden regions: 156->0(364)
[2026-04-03T02:29:47.071+0600][45.101s][info][gc,heap        ] GC(158) Survivor regions: 11->11(34)
[2026-04-03T02:29:47.071+0600][45.101s][info][gc,heap        ] GC(158) Old regions: 84->85
[2026-04-03T02:29:47.071+0600][45.101s][info][gc,heap        ] GC(158) Humongous regions: 363->23
[2026-04-03T02:29:47.071+0600][45.101s][info][gc,metaspace   ] GC(158) Metaspace: 131108K(132608K)->131108K(132608K) NonClass: 114558K(115264K)->114558K(115264K) Class: 16550K(17344K)->16550K(17344K)
[2026-04-03T02:29:47.071+0600][45.101s][info][gc             ] GC(158) Pause Young (Prepare Mixed) (G1 Evacuation Pause) 612M->116M(626M) 5.484ms
[2026-04-03T02:29:47.071+0600][45.101s][info][gc,cpu         ] GC(158) User=0.03s Sys=0.01s Real=0.01s
[2026-04-03T02:29:47.189+0600][45.219s][info][gc,start       ] GC(159) Pause Young (Mixed) (G1 Evacuation Pause)
[2026-04-03T02:29:47.189+0600][45.220s][info][gc,task        ] GC(159) Using 10 workers of 10 for evacuation
[2026-04-03T02:29:47.194+0600][45.225s][info][gc,phases      ] GC(159)   Pre Evacuate Collection Set: 0.28ms
[2026-04-03T02:29:47.194+0600][45.225s][info][gc,phases      ] GC(159)   Merge Heap Roots: 0.13ms
[2026-04-03T02:29:47.194+0600][45.225s][info][gc,phases      ] GC(159)   Evacuate Collection Set: 3.80ms
[2026-04-03T02:29:47.194+0600][45.225s][info][gc,phases      ] GC(159)   Post Evacuate Collection Set: 0.74ms
[2026-04-03T02:29:47.194+0600][45.225s][info][gc,phases      ] GC(159)   Other: 0.07ms
[2026-04-03T02:29:47.194+0600][45.225s][info][gc,heap        ] GC(159) Eden regions: 106->0(379)
[2026-04-03T02:29:47.194+0600][45.225s][info][gc,heap        ] GC(159) Survivor regions: 11->9(47)
[2026-04-03T02:29:47.194+0600][45.225s][info][gc,heap        ] GC(159) Old regions: 85->83
[2026-04-03T02:29:47.194+0600][45.225s][info][gc,heap        ] GC(159) Humongous regions: 436->8
[2026-04-03T02:29:47.194+0600][45.225s][info][gc,metaspace   ] GC(159) Metaspace: 131116K(132608K)->131116K(132608K) NonClass: 114566K(115264K)->114566K(115264K) Class: 16550K(17344K)->16550K(17344K)
[2026-04-03T02:29:47.194+0600][45.225s][info][gc             ] GC(159) Pause Young (Mixed) (G1 Evacuation Pause) 635M->98M(647M) 5.256ms
[2026-04-03T02:29:47.194+0600][45.225s][info][gc,cpu         ] GC(159) User=0.02s Sys=0.02s Real=0.01s
[2026-04-03T02:29:47.220+0600][45.251s][info][gc,start       ] GC(160) Pause Young (Concurrent Start) (G1 Humongous Allocation)
[2026-04-03T02:29:47.220+0600][45.251s][info][gc,task        ] GC(160) Using 10 workers of 10 for evacuation
[2026-04-03T02:29:47.223+0600][45.253s][info][gc,phases      ] GC(160)   Pre Evacuate Collection Set: 0.36ms
[2026-04-03T02:29:47.223+0600][45.253s][info][gc,phases      ] GC(160)   Merge Heap Roots: 0.08ms
[2026-04-03T02:29:47.223+0600][45.253s][info][gc,phases      ] GC(160)   Evacuate Collection Set: 1.63ms
[2026-04-03T02:29:47.223+0600][45.253s][info][gc,phases      ] GC(160)   Post Evacuate Collection Set: 0.39ms
[2026-04-03T02:29:47.223+0600][45.253s][info][gc,phases      ] GC(160)   Other: 0.10ms
[2026-04-03T02:29:47.223+0600][45.253s][info][gc,heap        ] GC(160) Eden regions: 11->0(379)
[2026-04-03T02:29:47.223+0600][45.253s][info][gc,heap        ] GC(160) Survivor regions: 9->9(49)
[2026-04-03T02:29:47.223+0600][45.253s][info][gc,heap        ] GC(160) Old regions: 83->83
[2026-04-03T02:29:47.223+0600][45.253s][info][gc,heap        ] GC(160) Humongous regions: 8->8
[2026-04-03T02:29:47.223+0600][45.253s][info][gc,metaspace   ] GC(160) Metaspace: 131116K(132608K)->131116K(132608K) NonClass: 114566K(115264K)->114566K(115264K) Class: 16550K(17344K)->16550K(17344K)
[2026-04-03T02:29:47.223+0600][45.253s][info][gc             ] GC(160) Pause Young (Concurrent Start) (G1 Humongous Allocation) 109M->98M(647M) 2.784ms
[2026-04-03T02:29:47.223+0600][45.253s][info][gc             ] GC(161) Concurrent Mark Cycle
[2026-04-03T02:29:47.223+0600][45.253s][info][gc,cpu         ] GC(160) User=0.02s Sys=0.00s Real=0.00s
[2026-04-03T02:29:47.223+0600][45.254s][info][gc,marking     ] GC(161) Concurrent Scan Root Regions
[2026-04-03T02:29:47.225+0600][45.256s][info][gc,marking     ] GC(161) Concurrent Scan Root Regions 2.101ms
[2026-04-03T02:29:47.225+0600][45.256s][info][gc,marking     ] GC(161) Concurrent Mark
[2026-04-03T02:29:47.225+0600][45.256s][info][gc,marking     ] GC(161) Concurrent Mark From Roots
[2026-04-03T02:29:47.225+0600][45.256s][info][gc,task        ] GC(161) Using 3 workers of 3 for marking
[2026-04-03T02:29:47.329+0600][45.360s][info][gc,marking     ] GC(161) Concurrent Mark From Roots 103.968ms
[2026-04-03T02:29:47.329+0600][45.360s][info][gc,marking     ] GC(161) Concurrent Preclean
[2026-04-03T02:29:47.330+0600][45.361s][info][gc,marking     ] GC(161) Concurrent Preclean 0.849ms
[2026-04-03T02:29:47.330+0600][45.361s][info][gc,start       ] GC(161) Pause Remark
[2026-04-03T02:29:47.341+0600][45.372s][info][gc             ] GC(161) Pause Remark 188M->188M(507M) 10.644ms
[2026-04-03T02:29:47.341+0600][45.372s][info][gc,cpu         ] GC(161) User=0.07s Sys=0.00s Real=0.01s
[2026-04-03T02:29:47.342+0600][45.372s][info][gc,marking     ] GC(161) Concurrent Mark 116.304ms
[2026-04-03T02:29:47.342+0600][45.372s][info][gc,marking     ] GC(161) Concurrent Rebuild Remembered Sets and Scrub Regions
[2026-04-03T02:29:47.386+0600][45.416s][info][gc,marking     ] GC(161) Concurrent Rebuild Remembered Sets and Scrub Regions 44.215ms
[2026-04-03T02:29:47.386+0600][45.417s][info][gc,start       ] GC(161) Pause Cleanup
[2026-04-03T02:29:47.387+0600][45.417s][info][gc             ] GC(161) Pause Cleanup 212M->212M(507M) 0.331ms
[2026-04-03T02:29:47.387+0600][45.417s][info][gc,cpu         ] GC(161) User=0.00s Sys=0.00s Real=0.00s
[2026-04-03T02:29:47.387+0600][45.417s][info][gc,marking     ] GC(161) Concurrent Clear Claimed Marks
[2026-04-03T02:29:47.387+0600][45.418s][info][gc,marking     ] GC(161) Concurrent Clear Claimed Marks 0.365ms
[2026-04-03T02:29:47.387+0600][45.418s][info][gc,marking     ] GC(161) Concurrent Cleanup for Next Mark
[2026-04-03T02:29:47.389+0600][45.419s][info][gc,marking     ] GC(161) Concurrent Cleanup for Next Mark 1.265ms
[2026-04-03T02:29:47.389+0600][45.419s][info][gc             ] GC(161) Concurrent Mark Cycle 165.617ms
[2026-04-03T02:29:47.801+0600][45.832s][info][gc,start       ] GC(162) Pause Young (Prepare Mixed) (G1 Evacuation Pause)
[2026-04-03T02:29:47.801+0600][45.832s][info][gc,task        ] GC(162) Using 10 workers of 10 for evacuation
[2026-04-03T02:29:47.808+0600][45.838s][info][gc,phases      ] GC(162)   Pre Evacuate Collection Set: 0.43ms
[2026-04-03T02:29:47.808+0600][45.838s][info][gc,phases      ] GC(162)   Merge Heap Roots: 0.29ms
[2026-04-03T02:29:47.808+0600][45.838s][info][gc,phases      ] GC(162)   Evacuate Collection Set: 5.25ms
[2026-04-03T02:29:47.808+0600][45.838s][info][gc,phases      ] GC(162)   Post Evacuate Collection Set: 0.63ms
[2026-04-03T02:29:47.808+0600][45.838s][info][gc,phases      ] GC(162)   Other: 0.12ms
[2026-04-03T02:29:47.808+0600][45.838s][info][gc,heap        ] GC(162) Eden regions: 271->0(303)
[2026-04-03T02:29:47.808+0600][45.839s][info][gc,heap        ] GC(162) Survivor regions: 9->11(38)
[2026-04-03T02:29:47.808+0600][45.839s][info][gc,heap        ] GC(162) Old regions: 83->84
[2026-04-03T02:29:47.808+0600][45.839s][info][gc,heap        ] GC(162) Humongous regions: 149->8
[2026-04-03T02:29:47.808+0600][45.839s][info][gc,metaspace   ] GC(162) Metaspace: 131175K(132672K)->131175K(132672K) NonClass: 114624K(115328K)->114624K(115328K) Class: 16550K(17344K)->16550K(17344K)
[2026-04-03T02:29:47.808+0600][45.839s][info][gc             ] GC(162) Pause Young (Prepare Mixed) (G1 Evacuation Pause) 510M->101M(524M) 6.980ms
[2026-04-03T02:29:47.808+0600][45.839s][info][gc,cpu         ] GC(162) User=0.03s Sys=0.02s Real=0.00s
[2026-04-03T02:29:48.106+0600][46.136s][info][gc,start       ] GC(163) Pause Young (Mixed) (G1 Evacuation Pause)
[2026-04-03T02:29:48.106+0600][46.136s][info][gc,task        ] GC(163) Using 10 workers of 10 for evacuation
[2026-04-03T02:29:48.112+0600][46.143s][info][gc,phases      ] GC(163)   Pre Evacuate Collection Set: 0.29ms
[2026-04-03T02:29:48.112+0600][46.143s][info][gc,phases      ] GC(163)   Merge Heap Roots: 0.20ms
[2026-04-03T02:29:48.112+0600][46.143s][info][gc,phases      ] GC(163)   Evacuate Collection Set: 5.20ms
[2026-04-03T02:29:48.112+0600][46.143s][info][gc,phases      ] GC(163)   Post Evacuate Collection Set: 0.58ms
[2026-04-03T02:29:48.112+0600][46.143s][info][gc,phases      ] GC(163)   Other: 0.13ms
[2026-04-03T02:29:48.112+0600][46.143s][info][gc,heap        ] GC(163) Eden regions: 239->0(314)
[2026-04-03T02:29:48.112+0600][46.143s][info][gc,heap        ] GC(163) Survivor regions: 11->12(40)
[2026-04-03T02:29:48.112+0600][46.143s][info][gc,heap        ] GC(163) Old regions: 84->83
[2026-04-03T02:29:48.112+0600][46.143s][info][gc,heap        ] GC(163) Humongous regions: 197->8
[2026-04-03T02:29:48.112+0600][46.143s][info][gc,metaspace   ] GC(163) Metaspace: 131180K(132672K)->131180K(132672K) NonClass: 114629K(115328K)->114629K(115328K) Class: 16550K(17344K)->16550K(17344K)
[2026-04-03T02:29:48.112+0600][46.143s][info][gc             ] GC(163) Pause Young (Mixed) (G1 Evacuation Pause) 529M->101M(544M) 6.657ms
[2026-04-03T02:29:48.112+0600][46.143s][info][gc,cpu         ] GC(163) User=0.04s Sys=0.02s Real=0.01s
[2026-04-03T02:29:48.126+0600][46.156s][info][gc,start       ] GC(164) Pause Young (Concurrent Start) (G1 Humongous Allocation)
[2026-04-03T02:29:48.126+0600][46.156s][info][gc,task        ] GC(164) Using 10 workers of 10 for evacuation
[2026-04-03T02:29:48.131+0600][46.162s][info][gc,phases      ] GC(164)   Pre Evacuate Collection Set: 0.57ms
[2026-04-03T02:29:48.131+0600][46.162s][info][gc,phases      ] GC(164)   Merge Heap Roots: 0.15ms
[2026-04-03T02:29:48.131+0600][46.162s][info][gc,phases      ] GC(164)   Evacuate Collection Set: 3.65ms
[2026-04-03T02:29:48.131+0600][46.162s][info][gc,phases      ] GC(164)   Post Evacuate Collection Set: 0.85ms
[2026-04-03T02:29:48.131+0600][46.162s][info][gc,phases      ] GC(164)   Other: 0.13ms
[2026-04-03T02:29:48.131+0600][46.162s][info][gc,heap        ] GC(164) Eden regions: 14->0(312)
[2026-04-03T02:29:48.131+0600][46.162s][info][gc,heap        ] GC(164) Survivor regions: 12->14(41)
[2026-04-03T02:29:48.131+0600][46.162s][info][gc,heap        ] GC(164) Old regions: 83->83
[2026-04-03T02:29:48.131+0600][46.162s][info][gc,heap        ] GC(164) Humongous regions: 8->8
[2026-04-03T02:29:48.131+0600][46.162s][info][gc,metaspace   ] GC(164) Metaspace: 131180K(132672K)->131180K(132672K) NonClass: 114629K(115328K)->114629K(115328K) Class: 16550K(17344K)->16550K(17344K)
[2026-04-03T02:29:48.132+0600][46.162s][info][gc             ] GC(164) Pause Young (Concurrent Start) (G1 Humongous Allocation) 114M->103M(544M) 5.688ms
[2026-04-03T02:29:48.132+0600][46.162s][info][gc             ] GC(165) Concurrent Mark Cycle
[2026-04-03T02:29:48.132+0600][46.162s][info][gc,cpu         ] GC(164) User=0.03s Sys=0.01s Real=0.01s
[2026-04-03T02:29:48.132+0600][46.162s][info][gc,marking     ] GC(165) Concurrent Scan Root Regions
[2026-04-03T02:29:48.135+0600][46.166s][info][gc,marking     ] GC(165) Concurrent Scan Root Regions 3.651ms
[2026-04-03T02:29:48.135+0600][46.166s][info][gc,marking     ] GC(165) Concurrent Mark
[2026-04-03T02:29:48.135+0600][46.166s][info][gc,marking     ] GC(165) Concurrent Mark From Roots
[2026-04-03T02:29:48.135+0600][46.166s][info][gc,task        ] GC(165) Using 3 workers of 3 for marking
[2026-04-03T02:29:48.249+0600][46.279s][info][gc,marking     ] GC(165) Concurrent Mark From Roots 113.611ms
[2026-04-03T02:29:48.249+0600][46.280s][info][gc,marking     ] GC(165) Concurrent Preclean
[2026-04-03T02:29:48.250+0600][46.280s][info][gc,marking     ] GC(165) Concurrent Preclean 0.517ms
[2026-04-03T02:29:48.250+0600][46.280s][info][gc,start       ] GC(165) Pause Remark
[2026-04-03T02:29:48.259+0600][46.289s][info][gc             ] GC(165) Pause Remark 245M->245M(544M) 8.866ms
[2026-04-03T02:29:48.259+0600][46.290s][info][gc,cpu         ] GC(165) User=0.07s Sys=0.00s Real=0.00s
[2026-04-03T02:29:48.259+0600][46.290s][info][gc,marking     ] GC(165) Concurrent Mark 123.761ms
[2026-04-03T02:29:48.259+0600][46.290s][info][gc,marking     ] GC(165) Concurrent Rebuild Remembered Sets and Scrub Regions
[2026-04-03T02:29:48.297+0600][46.328s][info][gc,marking     ] GC(165) Concurrent Rebuild Remembered Sets and Scrub Regions 38.131ms
[2026-04-03T02:29:48.298+0600][46.328s][info][gc,start       ] GC(165) Pause Cleanup
[2026-04-03T02:29:48.298+0600][46.329s][info][gc             ] GC(165) Pause Cleanup 289M->289M(544M) 0.334ms
[2026-04-03T02:29:48.298+0600][46.329s][info][gc,cpu         ] GC(165) User=0.00s Sys=0.00s Real=0.00s
[2026-04-03T02:29:48.298+0600][46.329s][info][gc,marking     ] GC(165) Concurrent Clear Claimed Marks
[2026-04-03T02:29:48.299+0600][46.329s][info][gc,marking     ] GC(165) Concurrent Clear Claimed Marks 0.359ms
[2026-04-03T02:29:48.299+0600][46.329s][info][gc,marking     ] GC(165) Concurrent Cleanup for Next Mark
[2026-04-03T02:29:48.300+0600][46.330s][info][gc,marking     ] GC(165) Concurrent Cleanup for Next Mark 1.088ms
[2026-04-03T02:29:48.300+0600][46.330s][info][gc             ] GC(165) Concurrent Mark Cycle 168.223ms
[2026-04-03T02:29:48.510+0600][46.540s][info][gc,start       ] GC(166) Pause Young (Prepare Mixed) (G1 Evacuation Pause)
[2026-04-03T02:29:48.510+0600][46.540s][info][gc,task        ] GC(166) Using 10 workers of 10 for evacuation
[2026-04-03T02:29:48.515+0600][46.545s][info][gc,phases      ] GC(166)   Pre Evacuate Collection Set: 0.27ms
[2026-04-03T02:29:48.515+0600][46.545s][info][gc,phases      ] GC(166)   Merge Heap Roots: 0.18ms
[2026-04-03T02:29:48.515+0600][46.545s][info][gc,phases      ] GC(166)   Evacuate Collection Set: 4.02ms
[2026-04-03T02:29:48.515+0600][46.545s][info][gc,phases      ] GC(166)   Post Evacuate Collection Set: 0.55ms
[2026-04-03T02:29:48.515+0600][46.545s][info][gc,phases      ] GC(166)   Other: 0.09ms
[2026-04-03T02:29:48.515+0600][46.545s][info][gc,heap        ] GC(166) Eden regions: 263->0(327)
[2026-04-03T02:29:48.515+0600][46.545s][info][gc,heap        ] GC(166) Survivor regions: 14->11(41)
[2026-04-03T02:29:48.515+0600][46.545s][info][gc,heap        ] GC(166) Old regions: 83->84
[2026-04-03T02:29:48.515+0600][46.545s][info][gc,heap        ] GC(166) Humongous regions: 192->8
[2026-04-03T02:29:48.515+0600][46.545s][info][gc,metaspace   ] GC(166) Metaspace: 131194K(132672K)->131194K(132672K) NonClass: 114643K(115328K)->114643K(115328K) Class: 16550K(17344K)->16550K(17344K)
[2026-04-03T02:29:48.515+0600][46.546s][info][gc             ] GC(166) Pause Young (Prepare Mixed) (G1 Evacuation Pause) 550M->101M(564M) 5.357ms
[2026-04-03T02:29:48.515+0600][46.546s][info][gc,cpu         ] GC(166) User=0.02s Sys=0.02s Real=0.00s
[2026-04-03T02:29:48.895+0600][46.925s][info][gc,start       ] GC(167) Pause Young (Mixed) (G1 Evacuation Pause)
[2026-04-03T02:29:48.895+0600][46.925s][info][gc,task        ] GC(167) Using 10 workers of 10 for evacuation
[2026-04-03T02:29:48.903+0600][46.933s][info][gc,phases      ] GC(167)   Pre Evacuate Collection Set: 0.25ms
[2026-04-03T02:29:48.903+0600][46.933s][info][gc,phases      ] GC(167)   Merge Heap Roots: 0.36ms
[2026-04-03T02:29:48.903+0600][46.933s][info][gc,phases      ] GC(167)   Evacuate Collection Set: 6.52ms
[2026-04-03T02:29:48.903+0600][46.933s][info][gc,phases      ] GC(167)   Post Evacuate Collection Set: 0.67ms
[2026-04-03T02:29:48.903+0600][46.933s][info][gc,phases      ] GC(167)   Other: 0.11ms
[2026-04-03T02:29:48.903+0600][46.933s][info][gc,heap        ] GC(167) Eden regions: 325->0(334)
[2026-04-03T02:29:48.903+0600][46.933s][info][gc,heap        ] GC(167) Survivor regions: 11->12(43)
[2026-04-03T02:29:48.903+0600][46.933s][info][gc,heap        ] GC(167) Old regions: 84->83
[2026-04-03T02:29:48.903+0600][46.933s][info][gc,heap        ] GC(167) Humongous regions: 144->8
[2026-04-03T02:29:48.903+0600][46.933s][info][gc,metaspace   ] GC(167) Metaspace: 131224K(132672K)->131224K(132672K) NonClass: 114670K(115328K)->114670K(115328K) Class: 16554K(17344K)->16554K(17344K)
[2026-04-03T02:29:48.903+0600][46.933s][info][gc             ] GC(167) Pause Young (Mixed) (G1 Evacuation Pause) 562M->101M(577M) 8.193ms
[2026-04-03T02:29:48.903+0600][46.933s][info][gc,cpu         ] GC(167) User=0.06s Sys=0.01s Real=0.01s
[2026-04-03T02:29:48.939+0600][46.970s][info][gc,start       ] GC(168) Pause Young (Concurrent Start) (G1 Humongous Allocation)
[2026-04-03T02:29:48.939+0600][46.970s][info][gc,task        ] GC(168) Using 10 workers of 10 for evacuation
[2026-04-03T02:29:48.944+0600][46.975s][info][gc,phases      ] GC(168)   Pre Evacuate Collection Set: 0.45ms
[2026-04-03T02:29:48.944+0600][46.975s][info][gc,phases      ] GC(168)   Merge Heap Roots: 0.24ms
[2026-04-03T02:29:48.944+0600][46.975s][info][gc,phases      ] GC(168)   Evacuate Collection Set: 3.12ms
[2026-04-03T02:29:48.944+0600][46.975s][info][gc,phases      ] GC(168)   Post Evacuate Collection Set: 0.65ms
[2026-04-03T02:29:48.944+0600][46.975s][info][gc,phases      ] GC(168)   Other: 0.21ms
[2026-04-03T02:29:48.944+0600][46.975s][info][gc,heap        ] GC(168) Eden regions: 38->0(336)
[2026-04-03T02:29:48.944+0600][46.975s][info][gc,heap        ] GC(168) Survivor regions: 12->10(44)
[2026-04-03T02:29:48.944+0600][46.975s][info][gc,heap        ] GC(168) Old regions: 83->83
[2026-04-03T02:29:48.944+0600][46.975s][info][gc,heap        ] GC(168) Humongous regions: 8->8
[2026-04-03T02:29:48.944+0600][46.975s][info][gc,metaspace   ] GC(168) Metaspace: 131228K(132672K)->131228K(132672K) NonClass: 114673K(115328K)->114673K(115328K) Class: 16554K(17344K)->16554K(17344K)
[2026-04-03T02:29:48.944+0600][46.975s][info][gc             ] GC(168) Pause Young (Concurrent Start) (G1 Humongous Allocation) 139M->100M(577M) 4.980ms
[2026-04-03T02:29:48.944+0600][46.975s][info][gc             ] GC(169) Concurrent Mark Cycle
[2026-04-03T02:29:48.944+0600][46.975s][info][gc,marking     ] GC(169) Concurrent Scan Root Regions
[2026-04-03T02:29:48.944+0600][46.975s][info][gc,cpu         ] GC(168) User=0.03s Sys=0.01s Real=0.01s
[2026-04-03T02:29:48.947+0600][46.978s][info][gc,marking     ] GC(169) Concurrent Scan Root Regions 2.970ms
[2026-04-03T02:29:48.947+0600][46.978s][info][gc,marking     ] GC(169) Concurrent Mark
[2026-04-03T02:29:48.947+0600][46.978s][info][gc,marking     ] GC(169) Concurrent Mark From Roots
[2026-04-03T02:29:48.947+0600][46.978s][info][gc,task        ] GC(169) Using 3 workers of 3 for marking
[2026-04-03T02:29:49.045+0600][47.076s][info][gc,marking     ] GC(169) Concurrent Mark From Roots 97.649ms
[2026-04-03T02:29:49.045+0600][47.076s][info][gc,marking     ] GC(169) Concurrent Preclean
[2026-04-03T02:29:49.046+0600][47.076s][info][gc,marking     ] GC(169) Concurrent Preclean 0.326ms
[2026-04-03T02:29:49.046+0600][47.076s][info][gc,start       ] GC(169) Pause Remark
[2026-04-03T02:29:49.055+0600][47.085s][info][gc             ] GC(169) Pause Remark 204M->204M(407M) 8.635ms
[2026-04-03T02:29:49.055+0600][47.085s][info][gc,cpu         ] GC(169) User=0.06s Sys=0.00s Real=0.01s
[2026-04-03T02:29:49.055+0600][47.086s][info][gc,marking     ] GC(169) Concurrent Mark 107.666ms
[2026-04-03T02:29:49.055+0600][47.086s][info][gc,marking     ] GC(169) Concurrent Rebuild Remembered Sets and Scrub Regions
[2026-04-03T02:29:49.093+0600][47.123s][info][gc,marking     ] GC(169) Concurrent Rebuild Remembered Sets and Scrub Regions 37.400ms
[2026-04-03T02:29:49.093+0600][47.124s][info][gc,start       ] GC(169) Pause Cleanup
[2026-04-03T02:29:49.094+0600][47.124s][info][gc             ] GC(169) Pause Cleanup 260M->260M(407M) 0.363ms
[2026-04-03T02:29:49.094+0600][47.124s][info][gc,cpu         ] GC(169) User=0.00s Sys=0.00s Real=0.00s
[2026-04-03T02:29:49.094+0600][47.124s][info][gc,marking     ] GC(169) Concurrent Clear Claimed Marks
[2026-04-03T02:29:49.094+0600][47.125s][info][gc,marking     ] GC(169) Concurrent Clear Claimed Marks 0.476ms
[2026-04-03T02:29:49.094+0600][47.125s][info][gc,marking     ] GC(169) Concurrent Cleanup for Next Mark
[2026-04-03T02:29:49.095+0600][47.125s][info][gc,marking     ] GC(169) Concurrent Cleanup for Next Mark 0.691ms
[2026-04-03T02:29:49.095+0600][47.125s][info][gc             ] GC(169) Concurrent Mark Cycle 150.544ms
[2026-04-03T02:29:49.305+0600][47.335s][info][gc,start       ] GC(170) Pause Young (Prepare Mixed) (G1 Evacuation Pause)
[2026-04-03T02:29:49.305+0600][47.335s][info][gc,task        ] GC(170) Using 10 workers of 10 for evacuation
[2026-04-03T02:29:49.312+0600][47.343s][info][gc,phases      ] GC(170)   Pre Evacuate Collection Set: 0.34ms
[2026-04-03T02:29:49.312+0600][47.343s][info][gc,phases      ] GC(170)   Merge Heap Roots: 0.31ms
[2026-04-03T02:29:49.312+0600][47.343s][info][gc,phases      ] GC(170)   Evacuate Collection Set: 5.76ms
[2026-04-03T02:29:49.312+0600][47.343s][info][gc,phases      ] GC(170)   Post Evacuate Collection Set: 0.73ms
[2026-04-03T02:29:49.312+0600][47.343s][info][gc,phases      ] GC(170)   Other: 0.18ms
[2026-04-03T02:29:49.312+0600][47.343s][info][gc,heap        ] GC(170) Eden regions: 226->0(247)
[2026-04-03T02:29:49.312+0600][47.343s][info][gc,heap        ] GC(170) Survivor regions: 10->8(31)
[2026-04-03T02:29:49.312+0600][47.343s][info][gc,heap        ] GC(170) Old regions: 83->84
[2026-04-03T02:29:49.312+0600][47.343s][info][gc,heap        ] GC(170) Humongous regions: 97->8
[2026-04-03T02:29:49.312+0600][47.343s][info][gc,metaspace   ] GC(170) Metaspace: 131522K(132992K)->131522K(132992K) NonClass: 114896K(115648K)->114896K(115648K) Class: 16625K(17344K)->16625K(17344K)
[2026-04-03T02:29:49.312+0600][47.343s][info][gc             ] GC(170) Pause Young (Prepare Mixed) (G1 Evacuation Pause) 415M->98M(425M) 7.671ms
[2026-04-03T02:29:49.313+0600][47.343s][info][gc,cpu         ] GC(170) User=0.05s Sys=0.01s Real=0.01s
[2026-04-03T02:29:49.542+0600][47.573s][info][gc,start       ] GC(171) Pause Full (System.gc())
[2026-04-03T02:29:49.542+0600][47.573s][info][gc,task        ] GC(171) Using 10 workers of 10 for full compaction
[2026-04-03T02:29:49.543+0600][47.573s][info][gc,phases,start] GC(171) Phase 1: Mark live objects
[2026-04-03T02:29:49.641+0600][47.671s][info][gc,phases      ] GC(171) Phase 1: Mark live objects 97.777ms
[2026-04-03T02:29:49.641+0600][47.671s][info][gc,phases,start] GC(171) Phase 2: Prepare compaction
[2026-04-03T02:29:49.644+0600][47.674s][info][gc,phases      ] GC(171) Phase 2: Prepare compaction 2.872ms
[2026-04-03T02:29:49.644+0600][47.674s][info][gc,phases,start] GC(171) Phase 3: Adjust pointers
[2026-04-03T02:29:49.668+0600][47.698s][info][gc,phases      ] GC(171) Phase 3: Adjust pointers 24.185ms
[2026-04-03T02:29:49.668+0600][47.698s][info][gc,phases,start] GC(171) Phase 4: Compact heap
[2026-04-03T02:29:49.671+0600][47.701s][info][gc,phases      ] GC(171) Phase 4: Compact heap 2.820ms
[2026-04-03T02:29:49.671+0600][47.701s][info][gc,phases,start] GC(171) Phase 5: Reset Metadata
[2026-04-03T02:29:49.676+0600][47.706s][info][gc,phases      ] GC(171) Phase 5: Reset Metadata 4.971ms
[2026-04-03T02:29:49.693+0600][47.724s][info][gc,heap        ] GC(171) Eden regions: 119->0(192)
[2026-04-03T02:29:49.693+0600][47.724s][info][gc,heap        ] GC(171) Survivor regions: 8->0(31)
[2026-04-03T02:29:49.693+0600][47.724s][info][gc,heap        ] GC(171) Old regions: 84->88
[2026-04-03T02:29:49.693+0600][47.724s][info][gc,heap        ] GC(171) Humongous regions: 87->8
[2026-04-03T02:29:49.693+0600][47.724s][info][gc,metaspace   ] GC(171) Metaspace: 131560K(133056K)->131456K(133056K) NonClass: 114925K(115712K)->114848K(115712K) Class: 16634K(17344K)->16607K(17344K)
[2026-04-03T02:29:49.693+0600][47.724s][info][gc             ] GC(171) Pause Full (System.gc()) 296M->90M(320M) 151.290ms
[2026-04-03T02:29:49.694+0600][47.724s][info][gc,cpu         ] GC(171) User=1.02s Sys=0.08s Real=0.15s
[2026-04-03T02:29:49.717+0600][47.747s][info][gc,start       ] GC(172) Pause Young (Concurrent Start) (G1 Humongous Allocation)
[2026-04-03T02:29:49.717+0600][47.748s][info][gc,task        ] GC(172) Using 8 workers of 10 for evacuation
[2026-04-03T02:29:49.721+0600][47.752s][info][gc,phases      ] GC(172)   Pre Evacuate Collection Set: 0.47ms
[2026-04-03T02:29:49.722+0600][47.752s][info][gc,phases      ] GC(172)   Merge Heap Roots: 0.21ms
[2026-04-03T02:29:49.722+0600][47.752s][info][gc,phases      ] GC(172)   Evacuate Collection Set: 2.46ms
[2026-04-03T02:29:49.722+0600][47.752s][info][gc,phases      ] GC(172)   Post Evacuate Collection Set: 0.87ms
[2026-04-03T02:29:49.722+0600][47.752s][info][gc,phases      ] GC(172)   Other: 0.29ms
[2026-04-03T02:29:49.722+0600][47.752s][info][gc,heap        ] GC(172) Eden regions: 5->0(190)
[2026-04-03T02:29:49.722+0600][47.752s][info][gc,heap        ] GC(172) Survivor regions: 0->2(24)
[2026-04-03T02:29:49.722+0600][47.752s][info][gc,heap        ] GC(172) Old regions: 88->88
[2026-04-03T02:29:49.722+0600][47.752s][info][gc,heap        ] GC(172) Humongous regions: 8->8
[2026-04-03T02:29:49.722+0600][47.752s][info][gc,metaspace   ] GC(172) Metaspace: 131458K(133056K)->131458K(133056K) NonClass: 114850K(115712K)->114850K(115712K) Class: 16607K(17344K)->16607K(17344K)
[2026-04-03T02:29:49.722+0600][47.752s][info][gc             ] GC(172) Pause Young (Concurrent Start) (G1 Humongous Allocation) 95M->91M(320M) 4.785ms
[2026-04-03T02:29:49.722+0600][47.752s][info][gc,cpu         ] GC(172) User=0.01s Sys=0.00s Real=0.01s
[2026-04-03T02:29:49.722+0600][47.752s][info][gc             ] GC(173) Concurrent Mark Cycle
[2026-04-03T02:29:49.722+0600][47.753s][info][gc,marking     ] GC(173) Concurrent Scan Root Regions
[2026-04-03T02:29:49.724+0600][47.754s][info][gc,marking     ] GC(173) Concurrent Scan Root Regions 1.474ms
[2026-04-03T02:29:49.724+0600][47.754s][info][gc,marking     ] GC(173) Concurrent Mark
[2026-04-03T02:29:49.724+0600][47.754s][info][gc,marking     ] GC(173) Concurrent Mark From Roots
[2026-04-03T02:29:49.724+0600][47.754s][info][gc,task        ] GC(173) Using 3 workers of 3 for marking
[2026-04-03T02:29:49.818+0600][47.848s][info][gc,marking     ] GC(173) Concurrent Mark From Roots 94.149ms
[2026-04-03T02:29:49.818+0600][47.848s][info][gc,marking     ] GC(173) Concurrent Preclean
[2026-04-03T02:29:49.818+0600][47.849s][info][gc,marking     ] GC(173) Concurrent Preclean 0.251ms
[2026-04-03T02:29:49.818+0600][47.849s][info][gc,start       ] GC(173) Pause Remark
[2026-04-03T02:29:49.829+0600][47.860s][info][gc             ] GC(173) Pause Remark 117M->117M(320M) 10.664ms
[2026-04-03T02:29:49.829+0600][47.860s][info][gc,cpu         ] GC(173) User=0.07s Sys=0.01s Real=0.01s
[2026-04-03T02:29:49.830+0600][47.860s][info][gc,marking     ] GC(173) Concurrent Mark 105.935ms
[2026-04-03T02:29:49.830+0600][47.860s][info][gc,marking     ] GC(173) Concurrent Rebuild Remembered Sets and Scrub Regions
[2026-04-03T02:29:49.856+0600][47.886s][info][gc,marking     ] GC(173) Concurrent Rebuild Remembered Sets and Scrub Regions 26.121ms
[2026-04-03T02:29:49.856+0600][47.887s][info][gc,start       ] GC(173) Pause Cleanup
[2026-04-03T02:29:49.856+0600][47.887s][info][gc             ] GC(173) Pause Cleanup 124M->124M(320M) 0.288ms
[2026-04-03T02:29:49.857+0600][47.887s][info][gc,cpu         ] GC(173) User=0.00s Sys=0.00s Real=0.00s
[2026-04-03T02:29:49.857+0600][47.887s][info][gc,marking     ] GC(173) Concurrent Clear Claimed Marks
[2026-04-03T02:29:49.857+0600][47.887s][info][gc,marking     ] GC(173) Concurrent Clear Claimed Marks 0.357ms
[2026-04-03T02:29:49.857+0600][47.887s][info][gc,marking     ] GC(173) Concurrent Cleanup for Next Mark
[2026-04-03T02:29:49.857+0600][47.888s][info][gc,marking     ] GC(173) Concurrent Cleanup for Next Mark 0.432ms
[2026-04-03T02:29:49.857+0600][47.888s][info][gc             ] GC(173) Concurrent Mark Cycle 135.427ms
[2026-04-03T02:29:49.920+0600][47.951s][info][gc,start       ] GC(174) Pause Young (Prepare Mixed) (G1 Evacuation Pause)
[2026-04-03T02:29:49.920+0600][47.951s][info][gc,task        ] GC(174) Using 9 workers of 10 for evacuation
[2026-04-03T02:29:49.924+0600][47.955s][info][gc,phases      ] GC(174)   Pre Evacuate Collection Set: 0.35ms
[2026-04-03T02:29:49.924+0600][47.955s][info][gc,phases      ] GC(174)   Merge Heap Roots: 0.15ms
[2026-04-03T02:29:49.924+0600][47.955s][info][gc,phases      ] GC(174)   Evacuate Collection Set: 2.57ms
[2026-04-03T02:29:49.924+0600][47.955s][info][gc,phases      ] GC(174)   Post Evacuate Collection Set: 0.71ms
[2026-04-03T02:29:49.924+0600][47.955s][info][gc,phases      ] GC(174)   Other: 0.10ms
[2026-04-03T02:29:49.924+0600][47.955s][info][gc,heap        ] GC(174) Eden regions: 55->0(241)
[2026-04-03T02:29:49.924+0600][47.955s][info][gc,heap        ] GC(174) Survivor regions: 2->5(26)
[2026-04-03T02:29:49.924+0600][47.955s][info][gc,heap        ] GC(174) Old regions: 88->88
[2026-04-03T02:29:49.924+0600][47.955s][info][gc,heap        ] GC(174) Humongous regions: 260->23
[2026-04-03T02:29:49.924+0600][47.955s][info][gc,metaspace   ] GC(174) Metaspace: 131458K(133056K)->131458K(133056K) NonClass: 114850K(115712K)->114850K(115712K) Class: 16607K(17344K)->16607K(17344K)
[2026-04-03T02:29:49.924+0600][47.955s][info][gc             ] GC(174) Pause Young (Prepare Mixed) (G1 Evacuation Pause) 398M->109M(410M) 4.200ms
[2026-04-03T02:29:49.925+0600][47.955s][info][gc,cpu         ] GC(174) User=0.02s Sys=0.01s Real=0.00s
[2026-04-03T02:29:50.033+0600][48.064s][info][gc,start       ] GC(175) Pause Young (Mixed) (G1 Evacuation Pause)
[2026-04-03T02:29:50.033+0600][48.064s][info][gc,task        ] GC(175) Using 10 workers of 10 for evacuation
[2026-04-03T02:29:50.038+0600][48.068s][info][gc,phases      ] GC(175)   Pre Evacuate Collection Set: 0.31ms
[2026-04-03T02:29:50.038+0600][48.068s][info][gc,phases      ] GC(175)   Merge Heap Roots: 0.17ms
[2026-04-03T02:29:50.038+0600][48.068s][info][gc,phases      ] GC(175)   Evacuate Collection Set: 2.76ms
[2026-04-03T02:29:50.038+0600][48.068s][info][gc,phases      ] GC(175)   Post Evacuate Collection Set: 1.11ms
[2026-04-03T02:29:50.038+0600][48.068s][info][gc,phases      ] GC(175)   Other: 0.12ms
[2026-04-03T02:29:50.038+0600][48.068s][info][gc,heap        ] GC(175) Eden regions: 60->0(325)
[2026-04-03T02:29:50.038+0600][48.068s][info][gc,heap        ] GC(175) Survivor regions: 5->6(31)
[2026-04-03T02:29:50.038+0600][48.068s][info][gc,heap        ] GC(175) Old regions: 88->87
[2026-04-03T02:29:50.038+0600][48.068s][info][gc,heap        ] GC(175) Humongous regions: 392->23
[2026-04-03T02:29:50.038+0600][48.068s][info][gc,metaspace   ] GC(175) Metaspace: 131460K(133056K)->131460K(133056K) NonClass: 114852K(115712K)->114852K(115712K) Class: 16607K(17344K)->16607K(17344K)
[2026-04-03T02:29:50.038+0600][48.068s][info][gc             ] GC(175) Pause Young (Mixed) (G1 Evacuation Pause) 538M->110M(552M) 4.875ms
[2026-04-03T02:29:50.038+0600][48.069s][info][gc,cpu         ] GC(175) User=0.01s Sys=0.02s Real=0.00s
[2026-04-03T02:29:50.040+0600][48.070s][info][gc,start       ] GC(176) Pause Young (Concurrent Start) (G1 Humongous Allocation)
[2026-04-03T02:29:50.040+0600][48.071s][info][gc,task        ] GC(176) Using 10 workers of 10 for evacuation
[2026-04-03T02:29:50.043+0600][48.074s][info][gc,phases      ] GC(176)   Pre Evacuate Collection Set: 0.39ms
[2026-04-03T02:29:50.043+0600][48.074s][info][gc,phases      ] GC(176)   Merge Heap Roots: 0.10ms
[2026-04-03T02:29:50.043+0600][48.074s][info][gc,phases      ] GC(176)   Evacuate Collection Set: 1.91ms
[2026-04-03T02:29:50.043+0600][48.074s][info][gc,phases      ] GC(176)   Post Evacuate Collection Set: 0.52ms
[2026-04-03T02:29:50.043+0600][48.074s][info][gc,phases      ] GC(176)   Other: 0.16ms
[2026-04-03T02:29:50.043+0600][48.074s][info][gc,heap        ] GC(176) Eden regions: 2->0(325)
[2026-04-03T02:29:50.043+0600][48.074s][info][gc,heap        ] GC(176) Survivor regions: 6->6(42)
[2026-04-03T02:29:50.043+0600][48.074s][info][gc,heap        ] GC(176) Old regions: 87->87
[2026-04-03T02:29:50.043+0600][48.074s][info][gc,heap        ] GC(176) Humongous regions: 43->18
[2026-04-03T02:29:50.043+0600][48.074s][info][gc,metaspace   ] GC(176) Metaspace: 131460K(133056K)->131460K(133056K) NonClass: 114852K(115712K)->114852K(115712K) Class: 16607K(17344K)->16607K(17344K)
[2026-04-03T02:29:50.043+0600][48.074s][info][gc             ] GC(176) Pause Young (Concurrent Start) (G1 Humongous Allocation) 132M->105M(552M) 3.351ms
[2026-04-03T02:29:50.043+0600][48.074s][info][gc             ] GC(177) Concurrent Undo Cycle
[2026-04-03T02:29:50.043+0600][48.074s][info][gc,cpu         ] GC(176) User=0.01s Sys=0.00s Real=0.00s
[2026-04-03T02:29:50.043+0600][48.074s][info][gc,marking     ] GC(177) Concurrent Clear Claimed Marks
[2026-04-03T02:29:50.044+0600][48.074s][info][gc,marking     ] GC(177) Concurrent Clear Claimed Marks 0.324ms
[2026-04-03T02:29:50.044+0600][48.074s][info][gc,marking     ] GC(177) Concurrent Cleanup for Next Mark
[2026-04-03T02:29:50.044+0600][48.075s][info][gc,marking     ] GC(177) Concurrent Cleanup for Next Mark 0.290ms
[2026-04-03T02:29:50.044+0600][48.075s][info][gc             ] GC(177) Concurrent Undo Cycle 0.773ms
[2026-04-03T02:29:50.045+0600][48.075s][info][gc,start       ] GC(178) Pause Young (Concurrent Start) (G1 Humongous Allocation)
[2026-04-03T02:29:50.045+0600][48.075s][info][gc,task        ] GC(178) Using 10 workers of 10 for evacuation
[2026-04-03T02:29:50.048+0600][48.078s][info][gc,phases      ] GC(178)   Pre Evacuate Collection Set: 0.25ms
[2026-04-03T02:29:50.048+0600][48.078s][info][gc,phases      ] GC(178)   Merge Heap Roots: 0.09ms
[2026-04-03T02:29:50.048+0600][48.078s][info][gc,phases      ] GC(178)   Evacuate Collection Set: 1.76ms
[2026-04-03T02:29:50.048+0600][48.078s][info][gc,phases      ] GC(178)   Post Evacuate Collection Set: 0.47ms
[2026-04-03T02:29:50.048+0600][48.078s][info][gc,phases      ] GC(178)   Other: 0.12ms
[2026-04-03T02:29:50.048+0600][48.078s][info][gc,heap        ] GC(178) Eden regions: 2->0(303)
[2026-04-03T02:29:50.048+0600][48.078s][info][gc,heap        ] GC(178) Survivor regions: 6->6(42)
[2026-04-03T02:29:50.048+0600][48.078s][info][gc,heap        ] GC(178) Old regions: 87->87
[2026-04-03T02:29:50.048+0600][48.078s][info][gc,heap        ] GC(178) Humongous regions: 28->18
[2026-04-03T02:29:50.048+0600][48.078s][info][gc,metaspace   ] GC(178) Metaspace: 131460K(133056K)->131460K(133056K) NonClass: 114852K(115712K)->114852K(115712K) Class: 16607K(17344K)->16607K(17344K)
[2026-04-03T02:29:50.048+0600][48.078s][info][gc             ] GC(178) Pause Young (Concurrent Start) (G1 Humongous Allocation) 117M->105M(552M) 2.985ms
[2026-04-03T02:29:50.048+0600][48.078s][info][gc             ] GC(179) Concurrent Mark Cycle
[2026-04-03T02:29:50.048+0600][48.078s][info][gc,marking     ] GC(179) Concurrent Scan Root Regions
[2026-04-03T02:29:50.048+0600][48.078s][info][gc,cpu         ] GC(178) User=0.01s Sys=0.01s Real=0.00s
[2026-04-03T02:29:50.050+0600][48.081s][info][gc,marking     ] GC(179) Concurrent Scan Root Regions 2.168ms
[2026-04-03T02:29:50.050+0600][48.081s][info][gc,marking     ] GC(179) Concurrent Mark
[2026-04-03T02:29:50.050+0600][48.081s][info][gc,marking     ] GC(179) Concurrent Mark From Roots
[2026-04-03T02:29:50.050+0600][48.081s][info][gc,task        ] GC(179) Using 3 workers of 3 for marking
[2026-04-03T02:29:50.144+0600][48.174s][info][gc,marking     ] GC(179) Concurrent Mark From Roots 93.605ms
[2026-04-03T02:29:50.144+0600][48.174s][info][gc,marking     ] GC(179) Concurrent Preclean
[2026-04-03T02:29:50.144+0600][48.175s][info][gc,marking     ] GC(179) Concurrent Preclean 0.365ms
[2026-04-03T02:29:50.145+0600][48.175s][info][gc,start       ] GC(179) Pause Remark
[2026-04-03T02:29:50.152+0600][48.182s][info][gc             ] GC(179) Pause Remark 256M->256M(552M) 6.977ms
[2026-04-03T02:29:50.152+0600][48.182s][info][gc,cpu         ] GC(179) User=0.04s Sys=0.01s Real=0.01s
[2026-04-03T02:29:50.152+0600][48.182s][info][gc,marking     ] GC(179) Concurrent Mark 101.553ms
[2026-04-03T02:29:50.152+0600][48.182s][info][gc,marking     ] GC(179) Concurrent Rebuild Remembered Sets and Scrub Regions
[2026-04-03T02:29:50.186+0600][48.216s][info][gc,marking     ] GC(179) Concurrent Rebuild Remembered Sets and Scrub Regions 34.005ms
[2026-04-03T02:29:50.186+0600][48.217s][info][gc,start       ] GC(179) Pause Cleanup
[2026-04-03T02:29:50.187+0600][48.217s][info][gc             ] GC(179) Pause Cleanup 296M->296M(552M) 0.349ms
[2026-04-03T02:29:50.187+0600][48.217s][info][gc,cpu         ] GC(179) User=0.00s Sys=0.00s Real=0.00s
[2026-04-03T02:29:50.187+0600][48.217s][info][gc,marking     ] GC(179) Concurrent Clear Claimed Marks
[2026-04-03T02:29:50.187+0600][48.218s][info][gc,marking     ] GC(179) Concurrent Clear Claimed Marks 0.412ms
[2026-04-03T02:29:50.187+0600][48.218s][info][gc,marking     ] GC(179) Concurrent Cleanup for Next Mark
[2026-04-03T02:29:50.191+0600][48.221s][info][gc,marking     ] GC(179) Concurrent Cleanup for Next Mark 3.146ms
[2026-04-03T02:29:50.191+0600][48.221s][info][gc             ] GC(179) Concurrent Mark Cycle 142.781ms
[2026-04-03T02:29:50.626+0600][48.657s][info][gc,start       ] GC(180) Pause Young (Prepare Mixed) (G1 Evacuation Pause)
[2026-04-03T02:29:50.626+0600][48.657s][info][gc,task        ] GC(180) Using 10 workers of 10 for evacuation
[2026-04-03T02:29:50.632+0600][48.662s][info][gc,phases      ] GC(180)   Pre Evacuate Collection Set: 0.36ms
[2026-04-03T02:29:50.632+0600][48.662s][info][gc,phases      ] GC(180)   Merge Heap Roots: 0.31ms
[2026-04-03T02:29:50.632+0600][48.662s][info][gc,phases      ] GC(180)   Evacuate Collection Set: 3.71ms
[2026-04-03T02:29:50.632+0600][48.662s][info][gc,phases      ] GC(180)   Post Evacuate Collection Set: 0.70ms
[2026-04-03T02:29:50.632+0600][48.662s][info][gc,phases      ] GC(180)   Other: 0.11ms
[2026-04-03T02:29:50.632+0600][48.662s][info][gc,heap        ] GC(180) Eden regions: 279->0(341)
[2026-04-03T02:29:50.632+0600][48.662s][info][gc,heap        ] GC(180) Survivor regions: 6->5(39)
[2026-04-03T02:29:50.632+0600][48.662s][info][gc,heap        ] GC(180) Old regions: 87->87
[2026-04-03T02:29:50.632+0600][48.662s][info][gc,heap        ] GC(180) Humongous regions: 201->8
[2026-04-03T02:29:50.632+0600][48.662s][info][gc,metaspace   ] GC(180) Metaspace: 131487K(133056K)->131487K(133056K) NonClass: 114879K(115712K)->114879K(115712K) Class: 16608K(17344K)->16608K(17344K)
[2026-04-03T02:29:50.632+0600][48.662s][info][gc             ] GC(180) Pause Young (Prepare Mixed) (G1 Evacuation Pause) 567M->95M(578M) 5.486ms
[2026-04-03T02:29:50.632+0600][48.662s][info][gc,cpu         ] GC(180) User=0.04s Sys=0.01s Real=0.01s
[2026-04-03T02:29:50.968+0600][48.998s][info][gc,start       ] GC(181) Pause Young (Mixed) (G1 Evacuation Pause)
[2026-04-03T02:29:50.968+0600][48.998s][info][gc,task        ] GC(181) Using 10 workers of 10 for evacuation
[2026-04-03T02:29:50.975+0600][49.005s][info][gc,phases      ] GC(181)   Pre Evacuate Collection Set: 0.48ms
[2026-04-03T02:29:50.975+0600][49.005s][info][gc,phases      ] GC(181)   Merge Heap Roots: 0.27ms
[2026-04-03T02:29:50.975+0600][49.005s][info][gc,phases      ] GC(181)   Evacuate Collection Set: 4.98ms
[2026-04-03T02:29:50.975+0600][49.005s][info][gc,phases      ] GC(181)   Post Evacuate Collection Set: 0.94ms
[2026-04-03T02:29:50.975+0600][49.005s][info][gc,phases      ] GC(181)   Other: 0.14ms
[2026-04-03T02:29:50.975+0600][49.005s][info][gc,heap        ] GC(181) Eden regions: 268->0(344)
[2026-04-03T02:29:50.975+0600][49.005s][info][gc,heap        ] GC(181) Survivor regions: 5->7(44)
[2026-04-03T02:29:50.975+0600][49.005s][info][gc,heap        ] GC(181) Old regions: 87->85
[2026-04-03T02:29:50.975+0600][49.005s][info][gc,heap        ] GC(181) Humongous regions: 218->8
[2026-04-03T02:29:50.975+0600][49.005s][info][gc,metaspace   ] GC(181) Metaspace: 131505K(133056K)->131505K(133056K) NonClass: 114895K(115712K)->114895K(115712K) Class: 16609K(17344K)->16609K(17344K)
[2026-04-03T02:29:50.975+0600][49.005s][info][gc             ] GC(181) Pause Young (Mixed) (G1 Evacuation Pause) 573M->96M(585M) 7.161ms
[2026-04-03T02:29:50.975+0600][49.006s][info][gc,cpu         ] GC(181) User=0.02s Sys=0.04s Real=0.01s
[2026-04-03T02:29:50.984+0600][49.014s][info][gc,start       ] GC(182) Pause Young (Concurrent Start) (G1 Humongous Allocation)
[2026-04-03T02:29:50.984+0600][49.014s][info][gc,task        ] GC(182) Using 10 workers of 10 for evacuation
[2026-04-03T02:29:50.988+0600][49.019s][info][gc,phases      ] GC(182)   Pre Evacuate Collection Set: 0.41ms
[2026-04-03T02:29:50.988+0600][49.019s][info][gc,phases      ] GC(182)   Merge Heap Roots: 0.15ms
[2026-04-03T02:29:50.988+0600][49.019s][info][gc,phases      ] GC(182)   Evacuate Collection Set: 2.75ms
[2026-04-03T02:29:50.988+0600][49.019s][info][gc,phases      ] GC(182)   Post Evacuate Collection Set: 0.78ms
[2026-04-03T02:29:50.988+0600][49.019s][info][gc,phases      ] GC(182)   Other: 0.20ms
[2026-04-03T02:29:50.988+0600][49.019s][info][gc,heap        ] GC(182) Eden regions: 11->0(345)
[2026-04-03T02:29:50.988+0600][49.019s][info][gc,heap        ] GC(182) Survivor regions: 7->6(44)
[2026-04-03T02:29:50.988+0600][49.019s][info][gc,heap        ] GC(182) Old regions: 85->85
[2026-04-03T02:29:50.988+0600][49.019s][info][gc,heap        ] GC(182) Humongous regions: 8->8
[2026-04-03T02:29:50.988+0600][49.019s][info][gc,metaspace   ] GC(182) Metaspace: 131505K(133056K)->131505K(133056K) NonClass: 114895K(115712K)->114895K(115712K) Class: 16609K(17344K)->16609K(17344K)
[2026-04-03T02:29:50.988+0600][49.019s][info][gc             ] GC(182) Pause Young (Concurrent Start) (G1 Humongous Allocation) 107M->96M(585M) 4.600ms
[2026-04-03T02:29:50.988+0600][49.019s][info][gc             ] GC(183) Concurrent Mark Cycle
[2026-04-03T02:29:50.989+0600][49.019s][info][gc,marking     ] GC(183) Concurrent Scan Root Regions
[2026-04-03T02:29:50.989+0600][49.019s][info][gc,cpu         ] GC(182) User=0.03s Sys=0.00s Real=0.00s
[2026-04-03T02:29:50.992+0600][49.022s][info][gc,marking     ] GC(183) Concurrent Scan Root Regions 3.018ms
[2026-04-03T02:29:50.992+0600][49.022s][info][gc,marking     ] GC(183) Concurrent Mark
[2026-04-03T02:29:50.992+0600][49.022s][info][gc,marking     ] GC(183) Concurrent Mark From Roots
[2026-04-03T02:29:50.992+0600][49.022s][info][gc,task        ] GC(183) Using 3 workers of 3 for marking
[2026-04-03T02:29:51.110+0600][49.140s][info][gc,marking     ] GC(183) Concurrent Mark From Roots 117.959ms
[2026-04-03T02:29:51.110+0600][49.140s][info][gc,marking     ] GC(183) Concurrent Preclean
[2026-04-03T02:29:51.110+0600][49.141s][info][gc,marking     ] GC(183) Concurrent Preclean 0.491ms
[2026-04-03T02:29:51.111+0600][49.141s][info][gc,start       ] GC(183) Pause Remark
[2026-04-03T02:29:51.120+0600][49.151s][info][gc             ] GC(183) Pause Remark 229M->229M(540M) 9.364ms
[2026-04-03T02:29:51.120+0600][49.151s][info][gc,cpu         ] GC(183) User=0.08s Sys=0.00s Real=0.01s
[2026-04-03T02:29:51.121+0600][49.151s][info][gc,marking     ] GC(183) Concurrent Mark 129.014ms
[2026-04-03T02:29:51.121+0600][49.151s][info][gc,marking     ] GC(183) Concurrent Rebuild Remembered Sets and Scrub Regions
[2026-04-03T02:29:51.159+0600][49.189s][info][gc,marking     ] GC(183) Concurrent Rebuild Remembered Sets and Scrub Regions 37.939ms
[2026-04-03T02:29:51.159+0600][49.190s][info][gc,start       ] GC(183) Pause Cleanup
[2026-04-03T02:29:51.159+0600][49.190s][info][gc             ] GC(183) Pause Cleanup 269M->269M(540M) 0.300ms
[2026-04-03T02:29:51.160+0600][49.190s][info][gc,cpu         ] GC(183) User=0.01s Sys=0.00s Real=0.00s
[2026-04-03T02:29:51.160+0600][49.190s][info][gc,marking     ] GC(183) Concurrent Clear Claimed Marks
[2026-04-03T02:29:51.160+0600][49.191s][info][gc,marking     ] GC(183) Concurrent Clear Claimed Marks 0.388ms
[2026-04-03T02:29:51.160+0600][49.191s][info][gc,marking     ] GC(183) Concurrent Cleanup for Next Mark
[2026-04-03T02:29:51.161+0600][49.192s][info][gc,marking     ] GC(183) Concurrent Cleanup for Next Mark 1.332ms
[2026-04-03T02:29:51.162+0600][49.192s][info][gc             ] GC(183) Concurrent Mark Cycle 173.095ms
[2026-04-03T02:29:51.376+0600][49.407s][info][gc,start       ] GC(184) Pause Young (Prepare Mixed) (G1 Evacuation Pause)
[2026-04-03T02:29:51.377+0600][49.407s][info][gc,task        ] GC(184) Using 10 workers of 10 for evacuation
[2026-04-03T02:29:51.381+0600][49.412s][info][gc,phases      ] GC(184)   Pre Evacuate Collection Set: 0.50ms
[2026-04-03T02:29:51.381+0600][49.412s][info][gc,phases      ] GC(184)   Merge Heap Roots: 0.26ms
[2026-04-03T02:29:51.381+0600][49.412s][info][gc,phases      ] GC(184)   Evacuate Collection Set: 2.76ms
[2026-04-03T02:29:51.381+0600][49.412s][info][gc,phases      ] GC(184)   Post Evacuate Collection Set: 0.91ms
[2026-04-03T02:29:51.381+0600][49.412s][info][gc,phases      ] GC(184)   Other: 0.12ms
[2026-04-03T02:29:51.381+0600][49.412s][info][gc,heap        ] GC(184) Eden regions: 248->0(329)
[2026-04-03T02:29:51.381+0600][49.412s][info][gc,heap        ] GC(184) Survivor regions: 6->5(41)
[2026-04-03T02:29:51.381+0600][49.412s][info][gc,heap        ] GC(184) Old regions: 85->85
[2026-04-03T02:29:51.381+0600][49.412s][info][gc,heap        ] GC(184) Humongous regions: 213->8
[2026-04-03T02:29:51.381+0600][49.412s][info][gc,metaspace   ] GC(184) Metaspace: 131512K(133056K)->131512K(133056K) NonClass: 114902K(115712K)->114902K(115712K) Class: 16609K(17344K)->16609K(17344K)
[2026-04-03T02:29:51.381+0600][49.412s][info][gc             ] GC(184) Pause Young (Prepare Mixed) (G1 Evacuation Pause) 549M->95M(557M) 4.884ms
[2026-04-03T02:29:51.381+0600][49.412s][info][gc,cpu         ] GC(184) User=0.02s Sys=0.01s Real=0.01s
[2026-04-03T02:29:51.909+0600][49.939s][info][gc,start       ] GC(185) Pause Young (Mixed) (GCLocker Initiated GC)
[2026-04-03T02:29:51.909+0600][49.939s][info][gc,task        ] GC(185) Using 10 workers of 10 for evacuation
[2026-04-03T02:29:51.915+0600][49.946s][info][gc,phases      ] GC(185)   Pre Evacuate Collection Set: 0.68ms
[2026-04-03T02:29:51.915+0600][49.946s][info][gc,phases      ] GC(185)   Merge Heap Roots: 0.40ms
[2026-04-03T02:29:51.915+0600][49.946s][info][gc,phases      ] GC(185)   Evacuate Collection Set: 3.98ms
[2026-04-03T02:29:51.915+0600][49.946s][info][gc,phases      ] GC(185)   Post Evacuate Collection Set: 0.94ms
[2026-04-03T02:29:51.915+0600][49.946s][info][gc,phases      ] GC(185)   Other: 0.17ms
[2026-04-03T02:29:51.915+0600][49.946s][info][gc,heap        ] GC(185) Eden regions: 318->0(337)
[2026-04-03T02:29:51.915+0600][49.946s][info][gc,heap        ] GC(185) Survivor regions: 5->6(42)
[2026-04-03T02:29:51.915+0600][49.946s][info][gc,heap        ] GC(185) Old regions: 85->84
[2026-04-03T02:29:51.915+0600][49.946s][info][gc,heap        ] GC(185) Humongous regions: 157->8
[2026-04-03T02:29:51.915+0600][49.946s][info][gc,metaspace   ] GC(185) Metaspace: 131541K(133056K)->131541K(133056K) NonClass: 114932K(115712K)->114932K(115712K) Class: 16609K(17344K)->16609K(17344K)
[2026-04-03T02:29:51.915+0600][49.946s][info][gc             ] GC(185) Pause Young (Mixed) (GCLocker Initiated GC) 562M->96M(572M) 6.600ms
[2026-04-03T02:29:51.915+0600][49.946s][info][gc,cpu         ] GC(185) User=0.03s Sys=0.01s Real=0.01s
[2026-04-03T02:29:51.918+0600][49.948s][info][gc,start       ] GC(186) Pause Young (Concurrent Start) (G1 Humongous Allocation)
[2026-04-03T02:29:51.918+0600][49.948s][info][gc,task        ] GC(186) Using 10 workers of 10 for evacuation
[2026-04-03T02:29:51.921+0600][49.952s][info][gc,phases      ] GC(186)   Pre Evacuate Collection Set: 0.44ms
[2026-04-03T02:29:51.921+0600][49.952s][info][gc,phases      ] GC(186)   Merge Heap Roots: 0.12ms
[2026-04-03T02:29:51.921+0600][49.952s][info][gc,phases      ] GC(186)   Evacuate Collection Set: 1.97ms
[2026-04-03T02:29:51.921+0600][49.952s][info][gc,phases      ] GC(186)   Post Evacuate Collection Set: 0.70ms
[2026-04-03T02:29:51.921+0600][49.952s][info][gc,phases      ] GC(186)   Other: 0.15ms
[2026-04-03T02:29:51.921+0600][49.952s][info][gc,heap        ] GC(186) Eden regions: 5->0(338)
[2026-04-03T02:29:51.921+0600][49.952s][info][gc,heap        ] GC(186) Survivor regions: 6->5(43)
[2026-04-03T02:29:51.921+0600][49.952s][info][gc,heap        ] GC(186) Old regions: 84->84
[2026-04-03T02:29:51.921+0600][49.952s][info][gc,heap        ] GC(186) Humongous regions: 8->8
[2026-04-03T02:29:51.921+0600][49.952s][info][gc,metaspace   ] GC(186) Metaspace: 131541K(133056K)->131541K(133056K) NonClass: 114932K(115712K)->114932K(115712K) Class: 16609K(17344K)->16609K(17344K)
[2026-04-03T02:29:51.922+0600][49.952s][info][gc             ] GC(186) Pause Young (Concurrent Start) (G1 Humongous Allocation) 100M->95M(572M) 3.645ms
[2026-04-03T02:29:51.922+0600][49.952s][info][gc             ] GC(187) Concurrent Mark Cycle
[2026-04-03T02:29:51.922+0600][49.952s][info][gc,cpu         ] GC(186) User=0.03s Sys=0.00s Real=0.01s
[2026-04-03T02:29:51.922+0600][49.952s][info][gc,marking     ] GC(187) Concurrent Scan Root Regions
[2026-04-03T02:29:51.923+0600][49.954s][info][gc,marking     ] GC(187) Concurrent Scan Root Regions 1.727ms
[2026-04-03T02:29:51.923+0600][49.954s][info][gc,marking     ] GC(187) Concurrent Mark
[2026-04-03T02:29:51.923+0600][49.954s][info][gc,marking     ] GC(187) Concurrent Mark From Roots
[2026-04-03T02:29:51.923+0600][49.954s][info][gc,task        ] GC(187) Using 3 workers of 3 for marking
[2026-04-03T02:29:52.033+0600][50.064s][info][gc,marking     ] GC(187) Concurrent Mark From Roots 109.976ms
[2026-04-03T02:29:52.034+0600][50.064s][info][gc,marking     ] GC(187) Concurrent Preclean
[2026-04-03T02:29:52.034+0600][50.065s][info][gc,marking     ] GC(187) Concurrent Preclean 0.780ms
[2026-04-03T02:29:52.035+0600][50.065s][info][gc,start       ] GC(187) Pause Remark
[2026-04-03T02:29:52.044+0600][50.074s][info][gc             ] GC(187) Pause Remark 218M->218M(507M) 9.002ms
[2026-04-03T02:29:52.044+0600][50.074s][info][gc,cpu         ] GC(187) User=0.06s Sys=0.01s Real=0.01s
[2026-04-03T02:29:52.044+0600][50.075s][info][gc,marking     ] GC(187) Concurrent Mark 120.715ms
[2026-04-03T02:29:52.044+0600][50.075s][info][gc,marking     ] GC(187) Concurrent Rebuild Remembered Sets and Scrub Regions
[2026-04-03T02:29:52.085+0600][50.115s][info][gc,marking     ] GC(187) Concurrent Rebuild Remembered Sets and Scrub Regions 40.423ms
[2026-04-03T02:29:52.085+0600][50.116s][info][gc,start       ] GC(187) Pause Cleanup
[2026-04-03T02:29:52.085+0600][50.116s][info][gc             ] GC(187) Pause Cleanup 269M->269M(507M) 0.407ms
[2026-04-03T02:29:52.086+0600][50.116s][info][gc,cpu         ] GC(187) User=0.00s Sys=0.00s Real=0.00s
[2026-04-03T02:29:52.086+0600][50.116s][info][gc,marking     ] GC(187) Concurrent Clear Claimed Marks
[2026-04-03T02:29:52.086+0600][50.117s][info][gc,marking     ] GC(187) Concurrent Clear Claimed Marks 0.365ms
[2026-04-03T02:29:52.086+0600][50.117s][info][gc,marking     ] GC(187) Concurrent Cleanup for Next Mark
[2026-04-03T02:29:52.087+0600][50.117s][info][gc,marking     ] GC(187) Concurrent Cleanup for Next Mark 0.821ms
[2026-04-03T02:29:52.087+0600][50.117s][info][gc             ] GC(187) Concurrent Mark Cycle 165.453ms
[2026-04-03T02:29:52.249+0600][50.279s][info][gc,start       ] GC(188) Pause Young (Prepare Mixed) (GCLocker Initiated GC)
[2026-04-03T02:29:52.249+0600][50.279s][info][gc,task        ] GC(188) Using 10 workers of 10 for evacuation
[2026-04-03T02:29:52.256+0600][50.286s][info][gc,phases      ] GC(188)   Pre Evacuate Collection Set: 0.53ms
[2026-04-03T02:29:52.256+0600][50.286s][info][gc,phases      ] GC(188)   Merge Heap Roots: 0.26ms
[2026-04-03T02:29:52.256+0600][50.286s][info][gc,phases      ] GC(188)   Evacuate Collection Set: 4.80ms
[2026-04-03T02:29:52.256+0600][50.286s][info][gc,phases      ] GC(188)   Post Evacuate Collection Set: 1.03ms
[2026-04-03T02:29:52.256+0600][50.286s][info][gc,phases      ] GC(188)   Other: 0.15ms
[2026-04-03T02:29:52.256+0600][50.286s][info][gc,heap        ] GC(188) Eden regions: 229->0(300)
[2026-04-03T02:29:52.256+0600][50.286s][info][gc,heap        ] GC(188) Survivor regions: 5->9(38)
[2026-04-03T02:29:52.256+0600][50.286s][info][gc,heap        ] GC(188) Old regions: 84->84
[2026-04-03T02:29:52.256+0600][50.286s][info][gc,heap        ] GC(188) Humongous regions: 189->8
[2026-04-03T02:29:52.256+0600][50.286s][info][gc,metaspace   ] GC(188) Metaspace: 131541K(133056K)->131541K(133056K) NonClass: 114932K(115712K)->114932K(115712K) Class: 16609K(17344K)->16609K(17344K)
[2026-04-03T02:29:52.256+0600][50.286s][info][gc             ] GC(188) Pause Young (Prepare Mixed) (GCLocker Initiated GC) 505M->98M(516M) 7.126ms
[2026-04-03T02:29:52.256+0600][50.286s][info][gc,cpu         ] GC(188) User=0.03s Sys=0.01s Real=0.01s
[2026-04-03T02:29:52.615+0600][50.645s][info][gc,start       ] GC(189) Pause Young (Mixed) (G1 Evacuation Pause)
[2026-04-03T02:29:52.615+0600][50.645s][info][gc,task        ] GC(189) Using 10 workers of 10 for evacuation
[2026-04-03T02:29:52.620+0600][50.651s][info][gc,phases      ] GC(189)   Pre Evacuate Collection Set: 0.35ms
[2026-04-03T02:29:52.620+0600][50.651s][info][gc,phases      ] GC(189)   Merge Heap Roots: 0.16ms
[2026-04-03T02:29:52.620+0600][50.651s][info][gc,phases      ] GC(189)   Evacuate Collection Set: 4.17ms
[2026-04-03T02:29:52.620+0600][50.651s][info][gc,phases      ] GC(189)   Post Evacuate Collection Set: 0.74ms
[2026-04-03T02:29:52.620+0600][50.651s][info][gc,phases      ] GC(189)   Other: 0.11ms
[2026-04-03T02:29:52.620+0600][50.651s][info][gc,heap        ] GC(189) Eden regions: 250->0(315)
[2026-04-03T02:29:52.620+0600][50.651s][info][gc,heap        ] GC(189) Survivor regions: 9->9(39)
[2026-04-03T02:29:52.620+0600][50.651s][info][gc,heap        ] GC(189) Old regions: 84->83
[2026-04-03T02:29:52.620+0600][50.651s][info][gc,heap        ] GC(189) Humongous regions: 187->12
[2026-04-03T02:29:52.620+0600][50.651s][info][gc,metaspace   ] GC(189) Metaspace: 131573K(133056K)->131573K(133056K) NonClass: 114963K(115712K)->114963K(115712K) Class: 16610K(17344K)->16610K(17344K)
[2026-04-03T02:29:52.620+0600][50.651s][info][gc             ] GC(189) Pause Young (Mixed) (G1 Evacuation Pause) 527M->102M(540M) 5.788ms
[2026-04-03T02:29:52.621+0600][50.651s][info][gc,cpu         ] GC(189) User=0.03s Sys=0.02s Real=0.01s
[2026-04-03T02:29:52.626+0600][50.656s][info][gc,start       ] GC(190) Pause Young (Concurrent Start) (G1 Humongous Allocation)
[2026-04-03T02:29:52.626+0600][50.657s][info][gc,task        ] GC(190) Using 10 workers of 10 for evacuation
[2026-04-03T02:29:52.629+0600][50.660s][info][gc,phases      ] GC(190)   Pre Evacuate Collection Set: 0.29ms
[2026-04-03T02:29:52.629+0600][50.660s][info][gc,phases      ] GC(190)   Merge Heap Roots: 0.12ms
[2026-04-03T02:29:52.629+0600][50.660s][info][gc,phases      ] GC(190)   Evacuate Collection Set: 2.18ms
[2026-04-03T02:29:52.629+0600][50.660s][info][gc,phases      ] GC(190)   Post Evacuate Collection Set: 0.53ms
[2026-04-03T02:29:52.629+0600][50.660s][info][gc,phases      ] GC(190)   Other: 0.12ms
[2026-04-03T02:29:52.629+0600][50.660s][info][gc,heap        ] GC(190) Eden regions: 4->0(316)
[2026-04-03T02:29:52.629+0600][50.660s][info][gc,heap        ] GC(190) Survivor regions: 9->8(41)
[2026-04-03T02:29:52.629+0600][50.660s][info][gc,heap        ] GC(190) Old regions: 83->83
[2026-04-03T02:29:52.629+0600][50.660s][info][gc,heap        ] GC(190) Humongous regions: 12->8
[2026-04-03T02:29:52.629+0600][50.660s][info][gc,metaspace   ] GC(190) Metaspace: 131574K(133056K)->131574K(133056K) NonClass: 114964K(115712K)->114964K(115712K) Class: 16610K(17344K)->16610K(17344K)
[2026-04-03T02:29:52.630+0600][50.660s][info][gc             ] GC(190) Pause Young (Concurrent Start) (G1 Humongous Allocation) 105M->98M(540M) 3.518ms
[2026-04-03T02:29:52.630+0600][50.660s][info][gc             ] GC(191) Concurrent Mark Cycle
[2026-04-03T02:29:52.630+0600][50.660s][info][gc,marking     ] GC(191) Concurrent Scan Root Regions
[2026-04-03T02:29:52.630+0600][50.660s][info][gc,cpu         ] GC(190) User=0.02s Sys=0.00s Real=0.00s
[2026-04-03T02:29:52.632+0600][50.662s][info][gc,marking     ] GC(191) Concurrent Scan Root Regions 2.182ms
[2026-04-03T02:29:52.632+0600][50.662s][info][gc,marking     ] GC(191) Concurrent Mark
[2026-04-03T02:29:52.632+0600][50.662s][info][gc,marking     ] GC(191) Concurrent Mark From Roots
[2026-04-03T02:29:52.632+0600][50.662s][info][gc,task        ] GC(191) Using 3 workers of 3 for marking
[2026-04-03T02:29:52.750+0600][50.780s][info][gc,marking     ] GC(191) Concurrent Mark From Roots 117.879ms
[2026-04-03T02:29:52.750+0600][50.780s][info][gc,marking     ] GC(191) Concurrent Preclean
[2026-04-03T02:29:52.750+0600][50.781s][info][gc,marking     ] GC(191) Concurrent Preclean 0.597ms
[2026-04-03T02:29:52.751+0600][50.781s][info][gc,start       ] GC(191) Pause Remark
[2026-04-03T02:29:52.760+0600][50.790s][info][gc             ] GC(191) Pause Remark 211M->211M(430M) 8.999ms
[2026-04-03T02:29:52.760+0600][50.791s][info][gc,cpu         ] GC(191) User=0.07s Sys=0.00s Real=0.01s
[2026-04-03T02:29:52.762+0600][50.792s][info][gc,marking     ] GC(191) Concurrent Mark 130.168ms
[2026-04-03T02:29:52.762+0600][50.793s][info][gc,marking     ] GC(191) Concurrent Rebuild Remembered Sets and Scrub Regions
[2026-04-03T02:29:52.810+0600][50.841s][info][gc,marking     ] GC(191) Concurrent Rebuild Remembered Sets and Scrub Regions 48.075ms
[2026-04-03T02:29:52.811+0600][50.841s][info][gc,start       ] GC(191) Pause Cleanup
[2026-04-03T02:29:52.811+0600][50.842s][info][gc             ] GC(191) Pause Cleanup 270M->270M(430M) 0.382ms
[2026-04-03T02:29:52.811+0600][50.842s][info][gc,cpu         ] GC(191) User=0.00s Sys=0.00s Real=0.00s
[2026-04-03T02:29:52.812+0600][50.842s][info][gc,marking     ] GC(191) Concurrent Clear Claimed Marks
[2026-04-03T02:29:52.812+0600][50.843s][info][gc,marking     ] GC(191) Concurrent Clear Claimed Marks 0.392ms
[2026-04-03T02:29:52.812+0600][50.843s][info][gc,marking     ] GC(191) Concurrent Cleanup for Next Mark
[2026-04-03T02:29:52.813+0600][50.844s][info][gc,marking     ] GC(191) Concurrent Cleanup for Next Mark 1.301ms
[2026-04-03T02:29:52.813+0600][50.844s][info][gc             ] GC(191) Concurrent Mark Cycle 183.896ms
[2026-04-03T02:29:52.916+0600][50.947s][info][gc,start       ] GC(192) Pause Young (Prepare Mixed) (G1 Evacuation Pause)
[2026-04-03T02:29:52.916+0600][50.947s][info][gc,task        ] GC(192) Using 10 workers of 10 for evacuation
[2026-04-03T02:29:52.920+0600][50.951s][info][gc,phases      ] GC(192)   Pre Evacuate Collection Set: 0.46ms
[2026-04-03T02:29:52.921+0600][50.951s][info][gc,phases      ] GC(192)   Merge Heap Roots: 0.23ms
[2026-04-03T02:29:52.921+0600][50.951s][info][gc,phases      ] GC(192)   Evacuate Collection Set: 2.46ms
[2026-04-03T02:29:52.921+0600][50.951s][info][gc,phases      ] GC(192)   Post Evacuate Collection Set: 0.76ms
[2026-04-03T02:29:52.921+0600][50.951s][info][gc,phases      ] GC(192)   Other: 0.14ms
[2026-04-03T02:29:52.921+0600][50.951s][info][gc,heap        ] GC(192) Eden regions: 250->0(252)
[2026-04-03T02:29:52.921+0600][50.951s][info][gc,heap        ] GC(192) Survivor regions: 8->6(33)
[2026-04-03T02:29:52.921+0600][50.951s][info][gc,heap        ] GC(192) Old regions: 83->83
[2026-04-03T02:29:52.921+0600][50.951s][info][gc,heap        ] GC(192) Humongous regions: 75->8
[2026-04-03T02:29:52.921+0600][50.951s][info][gc,metaspace   ] GC(192) Metaspace: 131574K(133056K)->131574K(133056K) NonClass: 114964K(115712K)->114964K(115712K) Class: 16610K(17344K)->16610K(17344K)
[2026-04-03T02:29:52.921+0600][50.951s][info][gc             ] GC(192) Pause Young (Prepare Mixed) (G1 Evacuation Pause) 415M->96M(430M) 4.365ms
[2026-04-03T02:29:52.921+0600][50.951s][info][gc,cpu         ] GC(192) User=0.03s Sys=0.00s Real=0.01s
[2026-04-03T02:29:53.088+0600][51.118s][info][gc,start       ] GC(193) Pause Young (Mixed) (G1 Evacuation Pause)
[2026-04-03T02:29:53.088+0600][51.118s][info][gc,task        ] GC(193) Using 10 workers of 10 for evacuation
[2026-04-03T02:29:53.092+0600][51.123s][info][gc,phases      ] GC(193)   Pre Evacuate Collection Set: 0.26ms
[2026-04-03T02:29:53.092+0600][51.123s][info][gc,phases      ] GC(193)   Merge Heap Roots: 0.12ms
[2026-04-03T02:29:53.092+0600][51.123s][info][gc,phases      ] GC(193)   Evacuate Collection Set: 3.45ms
[2026-04-03T02:29:53.092+0600][51.123s][info][gc,phases      ] GC(193)   Post Evacuate Collection Set: 0.70ms
[2026-04-03T02:29:53.092+0600][51.123s][info][gc,phases      ] GC(193)   Other: 0.09ms
[2026-04-03T02:29:53.092+0600][51.123s][info][gc,heap        ] GC(193) Eden regions: 76->0(320)
[2026-04-03T02:29:53.092+0600][51.123s][info][gc,heap        ] GC(193) Survivor regions: 6->8(36)
[2026-04-03T02:29:53.092+0600][51.123s][info][gc,heap        ] GC(193) Old regions: 83->83
[2026-04-03T02:29:53.092+0600][51.123s][info][gc,heap        ] GC(193) Humongous regions: 373->8
[2026-04-03T02:29:53.092+0600][51.123s][info][gc,metaspace   ] GC(193) Metaspace: 131582K(133056K)->131582K(133056K) NonClass: 114971K(115712K)->114971K(115712K) Class: 16610K(17344K)->16610K(17344K)
[2026-04-03T02:29:53.092+0600][51.123s][info][gc             ] GC(193) Pause Young (Mixed) (G1 Evacuation Pause) 537M->97M(547M) 4.856ms
[2026-04-03T02:29:53.092+0600][51.123s][info][gc,cpu         ] GC(193) User=0.02s Sys=0.01s Real=0.01s
[2026-04-03T02:29:53.142+0600][51.173s][info][gc,start       ] GC(194) Pause Young (Concurrent Start) (G1 Humongous Allocation)
[2026-04-03T02:29:53.142+0600][51.173s][info][gc,task        ] GC(194) Using 10 workers of 10 for evacuation
[2026-04-03T02:29:53.145+0600][51.176s][info][gc,phases      ] GC(194)   Pre Evacuate Collection Set: 0.39ms
[2026-04-03T02:29:53.145+0600][51.176s][info][gc,phases      ] GC(194)   Merge Heap Roots: 0.20ms
[2026-04-03T02:29:53.145+0600][51.176s][info][gc,phases      ] GC(194)   Evacuate Collection Set: 1.71ms
[2026-04-03T02:29:53.145+0600][51.176s][info][gc,phases      ] GC(194)   Post Evacuate Collection Set: 0.55ms
[2026-04-03T02:29:53.145+0600][51.176s][info][gc,phases      ] GC(194)   Other: 0.13ms
[2026-04-03T02:29:53.145+0600][51.176s][info][gc,heap        ] GC(194) Eden regions: 38->0(323)
[2026-04-03T02:29:53.145+0600][51.176s][info][gc,heap        ] GC(194) Survivor regions: 8->5(41)
[2026-04-03T02:29:53.145+0600][51.176s][info][gc,heap        ] GC(194) Old regions: 83->83
[2026-04-03T02:29:53.145+0600][51.176s][info][gc,heap        ] GC(194) Humongous regions: 74->23
[2026-04-03T02:29:53.145+0600][51.176s][info][gc,metaspace   ] GC(194) Metaspace: 131599K(133056K)->131599K(133056K) NonClass: 114988K(115712K)->114988K(115712K) Class: 16610K(17344K)->16610K(17344K)
[2026-04-03T02:29:53.146+0600][51.176s][info][gc             ] GC(194) Pause Young (Concurrent Start) (G1 Humongous Allocation) 200M->109M(547M) 3.256ms
[2026-04-03T02:29:53.146+0600][51.176s][info][gc             ] GC(195) Concurrent Undo Cycle
[2026-04-03T02:29:53.146+0600][51.176s][info][gc,cpu         ] GC(194) User=0.02s Sys=0.00s Real=0.00s
[2026-04-03T02:29:53.146+0600][51.176s][info][gc,marking     ] GC(195) Concurrent Clear Claimed Marks
[2026-04-03T02:29:53.146+0600][51.177s][info][gc,marking     ] GC(195) Concurrent Clear Claimed Marks 0.363ms
[2026-04-03T02:29:53.146+0600][51.177s][info][gc,marking     ] GC(195) Concurrent Cleanup for Next Mark
[2026-04-03T02:29:53.146+0600][51.177s][info][gc,marking     ] GC(195) Concurrent Cleanup for Next Mark 0.297ms
[2026-04-03T02:29:53.147+0600][51.177s][info][gc             ] GC(195) Concurrent Undo Cycle 0.888ms
[2026-04-03T02:29:53.147+0600][51.178s][info][gc,start       ] GC(196) Pause Young (Concurrent Start) (G1 Humongous Allocation)
[2026-04-03T02:29:53.148+0600][51.178s][info][gc,task        ] GC(196) Using 10 workers of 10 for evacuation
[2026-04-03T02:29:53.151+0600][51.181s][info][gc,phases      ] GC(196)   Pre Evacuate Collection Set: 0.43ms
[2026-04-03T02:29:53.151+0600][51.181s][info][gc,phases      ] GC(196)   Merge Heap Roots: 0.13ms
[2026-04-03T02:29:53.151+0600][51.181s][info][gc,phases      ] GC(196)   Evacuate Collection Set: 1.91ms
[2026-04-03T02:29:53.151+0600][51.181s][info][gc,phases      ] GC(196)   Post Evacuate Collection Set: 0.54ms
[2026-04-03T02:29:53.151+0600][51.181s][info][gc,phases      ] GC(196)   Other: 0.25ms
[2026-04-03T02:29:53.151+0600][51.181s][info][gc,heap        ] GC(196) Eden regions: 2->0(304)
[2026-04-03T02:29:53.151+0600][51.181s][info][gc,heap        ] GC(196) Survivor regions: 5->5(41)
[2026-04-03T02:29:53.151+0600][51.181s][info][gc,heap        ] GC(196) Old regions: 83->83
[2026-04-03T02:29:53.151+0600][51.181s][info][gc,heap        ] GC(196) Humongous regions: 43->23
[2026-04-03T02:29:53.151+0600][51.181s][info][gc,metaspace   ] GC(196) Metaspace: 131599K(133056K)->131599K(133056K) NonClass: 114988K(115712K)->114988K(115712K) Class: 16610K(17344K)->16610K(17344K)
[2026-04-03T02:29:53.151+0600][51.182s][info][gc             ] GC(196) Pause Young (Concurrent Start) (G1 Humongous Allocation) 131M->109M(547M) 3.591ms
[2026-04-03T02:29:53.151+0600][51.182s][info][gc             ] GC(197) Concurrent Mark Cycle
[2026-04-03T02:29:53.151+0600][51.182s][info][gc,marking     ] GC(197) Concurrent Scan Root Regions
[2026-04-03T02:29:53.151+0600][51.182s][info][gc,cpu         ] GC(196) User=0.02s Sys=0.00s Real=0.01s
[2026-04-03T02:29:53.155+0600][51.185s][info][gc,marking     ] GC(197) Concurrent Scan Root Regions 3.592ms
[2026-04-03T02:29:53.155+0600][51.185s][info][gc,marking     ] GC(197) Concurrent Mark
[2026-04-03T02:29:53.155+0600][51.185s][info][gc,marking     ] GC(197) Concurrent Mark From Roots
[2026-04-03T02:29:53.155+0600][51.185s][info][gc,task        ] GC(197) Using 3 workers of 3 for marking
[2026-04-03T02:29:53.248+0600][51.279s][info][gc,marking     ] GC(197) Concurrent Mark From Roots 93.170ms
[2026-04-03T02:29:53.248+0600][51.279s][info][gc,marking     ] GC(197) Concurrent Preclean
[2026-04-03T02:29:53.248+0600][51.279s][info][gc,marking     ] GC(197) Concurrent Preclean 0.254ms
[2026-04-03T02:29:53.249+0600][51.279s][info][gc,start       ] GC(197) Pause Remark
[2026-04-03T02:29:53.258+0600][51.288s][info][gc             ] GC(197) Pause Remark 456M->456M(659M) 9.140ms
[2026-04-03T02:29:53.258+0600][51.289s][info][gc,cpu         ] GC(197) User=0.05s Sys=0.00s Real=0.01s
[2026-04-03T02:29:53.258+0600][51.289s][info][gc,marking     ] GC(197) Concurrent Mark 103.449ms
[2026-04-03T02:29:53.258+0600][51.289s][info][gc,marking     ] GC(197) Concurrent Rebuild Remembered Sets and Scrub Regions
[2026-04-03T02:29:53.284+0600][51.315s][info][gc,marking     ] GC(197) Concurrent Rebuild Remembered Sets and Scrub Regions 25.925ms
[2026-04-03T02:29:53.285+0600][51.315s][info][gc,start       ] GC(197) Pause Cleanup
[2026-04-03T02:29:53.285+0600][51.315s][info][gc             ] GC(197) Pause Cleanup 463M->463M(659M) 0.303ms
[2026-04-03T02:29:53.285+0600][51.315s][info][gc,cpu         ] GC(197) User=0.00s Sys=0.00s Real=0.00s
[2026-04-03T02:29:53.285+0600][51.315s][info][gc,marking     ] GC(197) Concurrent Clear Claimed Marks
[2026-04-03T02:29:53.285+0600][51.316s][info][gc,marking     ] GC(197) Concurrent Clear Claimed Marks 0.269ms
[2026-04-03T02:29:53.285+0600][51.316s][info][gc,marking     ] GC(197) Concurrent Cleanup for Next Mark
[2026-04-03T02:29:53.287+0600][51.318s][info][gc,marking     ] GC(197) Concurrent Cleanup for Next Mark 1.862ms
[2026-04-03T02:29:53.287+0600][51.318s][info][gc             ] GC(197) Concurrent Mark Cycle 136.126ms
[2026-04-03T02:29:53.579+0600][51.609s][info][gc,start       ] GC(198) Pause Young (Prepare Mixed) (G1 Evacuation Pause)
[2026-04-03T02:29:53.579+0600][51.609s][info][gc,task        ] GC(198) Using 10 workers of 10 for evacuation
[2026-04-03T02:29:53.582+0600][51.613s][info][gc,phases      ] GC(198)   Pre Evacuate Collection Set: 0.40ms
[2026-04-03T02:29:53.582+0600][51.613s][info][gc,phases      ] GC(198)   Merge Heap Roots: 0.13ms
[2026-04-03T02:29:53.582+0600][51.613s][info][gc,phases      ] GC(198)   Evacuate Collection Set: 1.89ms
[2026-04-03T02:29:53.582+0600][51.613s][info][gc,phases      ] GC(198)   Post Evacuate Collection Set: 0.52ms
[2026-04-03T02:29:53.582+0600][51.613s][info][gc,phases      ] GC(198)   Other: 0.15ms
[2026-04-03T02:29:53.582+0600][51.613s][info][gc,heap        ] GC(198) Eden regions: 191->0(393)
[2026-04-03T02:29:53.582+0600][51.613s][info][gc,heap        ] GC(198) Survivor regions: 5->5(39)
[2026-04-03T02:29:53.582+0600][51.613s][info][gc,heap        ] GC(198) Old regions: 83->83
[2026-04-03T02:29:53.582+0600][51.613s][info][gc,heap        ] GC(198) Humongous regions: 380->8
[2026-04-03T02:29:53.582+0600][51.613s][info][gc,metaspace   ] GC(198) Metaspace: 131614K(133056K)->131614K(133056K) NonClass: 115004K(115712K)->115004K(115712K) Class: 16610K(17344K)->16610K(17344K)
[2026-04-03T02:29:53.582+0600][51.613s][info][gc             ] GC(198) Pause Young (Prepare Mixed) (G1 Evacuation Pause) 657M->94M(664M) 3.299ms
[2026-04-03T02:29:53.582+0600][51.613s][info][gc,cpu         ] GC(198) User=0.01s Sys=0.01s Real=0.01s
[2026-04-03T02:29:54.057+0600][52.087s][info][gc,start       ] GC(199) Pause Young (Mixed) (G1 Evacuation Pause)
[2026-04-03T02:29:54.057+0600][52.087s][info][gc,task        ] GC(199) Using 10 workers of 10 for evacuation
[2026-04-03T02:29:54.062+0600][52.092s][info][gc,phases      ] GC(199)   Pre Evacuate Collection Set: 0.29ms
[2026-04-03T02:29:54.062+0600][52.092s][info][gc,phases      ] GC(199)   Merge Heap Roots: 0.19ms
[2026-04-03T02:29:54.062+0600][52.092s][info][gc,phases      ] GC(199)   Evacuate Collection Set: 3.50ms
[2026-04-03T02:29:54.062+0600][52.092s][info][gc,phases      ] GC(199)   Post Evacuate Collection Set: 0.64ms
[2026-04-03T02:29:54.062+0600][52.092s][info][gc,phases      ] GC(199)   Other: 0.09ms
[2026-04-03T02:29:54.062+0600][52.092s][info][gc,heap        ] GC(199) Eden regions: 353->0(408)
[2026-04-03T02:29:54.062+0600][52.092s][info][gc,heap        ] GC(199) Survivor regions: 5->7(51)
[2026-04-03T02:29:54.062+0600][52.092s][info][gc,heap        ] GC(199) Old regions: 83->83
[2026-04-03T02:29:54.062+0600][52.092s][info][gc,heap        ] GC(199) Humongous regions: 244->8
[2026-04-03T02:29:54.062+0600][52.092s][info][gc,metaspace   ] GC(199) Metaspace: 131615K(133056K)->131615K(133056K) NonClass: 115005K(115712K)->115005K(115712K) Class: 16610K(17344K)->16610K(17344K)
[2026-04-03T02:29:54.062+0600][52.092s][info][gc             ] GC(199) Pause Young (Mixed) (G1 Evacuation Pause) 683M->95M(693M) 4.994ms
[2026-04-03T02:29:54.062+0600][52.092s][info][gc,cpu         ] GC(199) User=0.02s Sys=0.01s Real=0.01s
[2026-04-03T02:29:54.148+0600][52.179s][info][gc,start       ] GC(200) Pause Young (Concurrent Start) (G1 Humongous Allocation)
[2026-04-03T02:29:54.148+0600][52.179s][info][gc,task        ] GC(200) Using 10 workers of 10 for evacuation
[2026-04-03T02:29:54.153+0600][52.184s][info][gc,phases      ] GC(200)   Pre Evacuate Collection Set: 0.80ms
[2026-04-03T02:29:54.153+0600][52.184s][info][gc,phases      ] GC(200)   Merge Heap Roots: 0.19ms
[2026-04-03T02:29:54.153+0600][52.184s][info][gc,phases      ] GC(200)   Evacuate Collection Set: 3.10ms
[2026-04-03T02:29:54.153+0600][52.184s][info][gc,phases      ] GC(200)   Post Evacuate Collection Set: 0.66ms
[2026-04-03T02:29:54.153+0600][52.184s][info][gc,phases      ] GC(200)   Other: 0.18ms
[2026-04-03T02:29:54.153+0600][52.184s][info][gc,heap        ] GC(200) Eden regions: 80->0(408)
[2026-04-03T02:29:54.153+0600][52.184s][info][gc,heap        ] GC(200) Survivor regions: 7->7(52)
[2026-04-03T02:29:54.153+0600][52.184s][info][gc,heap        ] GC(200) Old regions: 83->83
[2026-04-03T02:29:54.153+0600][52.184s][info][gc,heap        ] GC(200) Humongous regions: 52->8
[2026-04-03T02:29:54.153+0600][52.184s][info][gc,metaspace   ] GC(200) Metaspace: 131619K(133056K)->131619K(133056K) NonClass: 115008K(115712K)->115008K(115712K) Class: 16610K(17344K)->16610K(17344K)
[2026-04-03T02:29:54.154+0600][52.184s][info][gc             ] GC(200) Pause Young (Concurrent Start) (G1 Humongous Allocation) 219M->96M(693M) 5.315ms
[2026-04-03T02:29:54.154+0600][52.184s][info][gc             ] GC(201) Concurrent Undo Cycle
[2026-04-03T02:29:54.154+0600][52.184s][info][gc,cpu         ] GC(200) User=0.03s Sys=0.00s Real=0.01s
[2026-04-03T02:29:54.154+0600][52.184s][info][gc,marking     ] GC(201) Concurrent Clear Claimed Marks
[2026-04-03T02:29:54.154+0600][52.184s][info][gc,marking     ] GC(201) Concurrent Clear Claimed Marks 0.320ms
[2026-04-03T02:29:54.154+0600][52.185s][info][gc,marking     ] GC(201) Concurrent Cleanup for Next Mark
[2026-04-03T02:29:54.155+0600][52.186s][info][gc,marking     ] GC(201) Concurrent Cleanup for Next Mark 1.019ms
[2026-04-03T02:29:54.155+0600][52.186s][info][gc             ] GC(201) Concurrent Undo Cycle 1.543ms
[2026-04-03T02:29:54.202+0600][52.232s][info][gc,start       ] GC(202) Pause Young (Concurrent Start) (G1 Humongous Allocation)
[2026-04-03T02:29:54.202+0600][52.232s][info][gc,task        ] GC(202) Using 10 workers of 10 for evacuation
[2026-04-03T02:29:54.206+0600][52.236s][info][gc,phases      ] GC(202)   Pre Evacuate Collection Set: 0.45ms
[2026-04-03T02:29:54.206+0600][52.236s][info][gc,phases      ] GC(202)   Merge Heap Roots: 0.13ms
[2026-04-03T02:29:54.206+0600][52.236s][info][gc,phases      ] GC(202)   Evacuate Collection Set: 2.67ms
[2026-04-03T02:29:54.206+0600][52.236s][info][gc,phases      ] GC(202)   Post Evacuate Collection Set: 0.54ms
[2026-04-03T02:29:54.206+0600][52.236s][info][gc,phases      ] GC(202)   Other: 0.12ms
[2026-04-03T02:29:54.206+0600][52.236s][info][gc,heap        ] GC(202) Eden regions: 32->0(409)
[2026-04-03T02:29:54.206+0600][52.236s][info][gc,heap        ] GC(202) Survivor regions: 7->6(52)
[2026-04-03T02:29:54.206+0600][52.236s][info][gc,heap        ] GC(202) Old regions: 83->83
[2026-04-03T02:29:54.206+0600][52.236s][info][gc,heap        ] GC(202) Humongous regions: 39->8
[2026-04-03T02:29:54.206+0600][52.236s][info][gc,metaspace   ] GC(202) Metaspace: 131632K(133120K)->131632K(133120K) NonClass: 115022K(115776K)->115022K(115776K) Class: 16610K(17344K)->16610K(17344K)
[2026-04-03T02:29:54.206+0600][52.236s][info][gc             ] GC(202) Pause Young (Concurrent Start) (G1 Humongous Allocation) 159M->95M(693M) 4.196ms
[2026-04-03T02:29:54.206+0600][52.237s][info][gc             ] GC(203) Concurrent Undo Cycle
[2026-04-03T02:29:54.206+0600][52.237s][info][gc,cpu         ] GC(202) User=0.03s Sys=0.00s Real=0.00s
[2026-04-03T02:29:54.206+0600][52.237s][info][gc,marking     ] GC(203) Concurrent Clear Claimed Marks
[2026-04-03T02:29:54.207+0600][52.237s][info][gc,marking     ] GC(203) Concurrent Clear Claimed Marks 0.363ms
[2026-04-03T02:29:54.207+0600][52.237s][info][gc,marking     ] GC(203) Concurrent Cleanup for Next Mark
[2026-04-03T02:29:54.207+0600][52.237s][info][gc,marking     ] GC(203) Concurrent Cleanup for Next Mark 0.234ms
[2026-04-03T02:29:54.207+0600][52.237s][info][gc             ] GC(203) Concurrent Undo Cycle 0.788ms
[2026-04-03T02:29:54.271+0600][52.301s][info][gc,start       ] GC(204) Pause Young (Concurrent Start) (GCLocker Initiated GC)
[2026-04-03T02:29:54.271+0600][52.301s][info][gc,task        ] GC(204) Using 10 workers of 10 for evacuation
[2026-04-03T02:29:54.276+0600][52.306s][info][gc,phases      ] GC(204)   Pre Evacuate Collection Set: 0.45ms
[2026-04-03T02:29:54.276+0600][52.306s][info][gc,phases      ] GC(204)   Merge Heap Roots: 0.17ms
[2026-04-03T02:29:54.276+0600][52.306s][info][gc,phases      ] GC(204)   Evacuate Collection Set: 3.20ms
[2026-04-03T02:29:54.276+0600][52.306s][info][gc,phases      ] GC(204)   Post Evacuate Collection Set: 0.89ms
[2026-04-03T02:29:54.276+0600][52.306s][info][gc,phases      ] GC(204)   Other: 0.22ms
[2026-04-03T02:29:54.276+0600][52.306s][info][gc,heap        ] GC(204) Eden regions: 54->0(408)
[2026-04-03T02:29:54.276+0600][52.307s][info][gc,heap        ] GC(204) Survivor regions: 6->7(52)
[2026-04-03T02:29:54.276+0600][52.307s][info][gc,heap        ] GC(204) Old regions: 83->83
[2026-04-03T02:29:54.276+0600][52.307s][info][gc,heap        ] GC(204) Humongous regions: 44->8
[2026-04-03T02:29:54.276+0600][52.307s][info][gc,metaspace   ] GC(204) Metaspace: 131640K(133120K)->131640K(133120K) NonClass: 115029K(115776K)->115029K(115776K) Class: 16610K(17344K)->16610K(17344K)
[2026-04-03T02:29:54.276+0600][52.307s][info][gc             ] GC(204) Pause Young (Concurrent Start) (GCLocker Initiated GC) 184M->96M(693M) 5.261ms
[2026-04-03T02:29:54.276+0600][52.307s][info][gc             ] GC(205) Concurrent Mark Cycle
[2026-04-03T02:29:54.276+0600][52.307s][info][gc,marking     ] GC(205) Concurrent Scan Root Regions
[2026-04-03T02:29:54.276+0600][52.307s][info][gc,cpu         ] GC(204) User=0.03s Sys=0.00s Real=0.00s
[2026-04-03T02:29:54.279+0600][52.309s][info][gc,marking     ] GC(205) Concurrent Scan Root Regions 2.601ms
[2026-04-03T02:29:54.279+0600][52.309s][info][gc,marking     ] GC(205) Concurrent Mark
[2026-04-03T02:29:54.279+0600][52.309s][info][gc,marking     ] GC(205) Concurrent Mark From Roots
[2026-04-03T02:29:54.279+0600][52.309s][info][gc,task        ] GC(205) Using 3 workers of 3 for marking
[2026-04-03T02:29:54.381+0600][52.411s][info][gc,marking     ] GC(205) Concurrent Mark From Roots 101.892ms
[2026-04-03T02:29:54.381+0600][52.411s][info][gc,marking     ] GC(205) Concurrent Preclean
[2026-04-03T02:29:54.381+0600][52.412s][info][gc,marking     ] GC(205) Concurrent Preclean 0.344ms
[2026-04-03T02:29:54.382+0600][52.412s][info][gc,start       ] GC(205) Pause Remark
[2026-04-03T02:29:54.390+0600][52.421s][info][gc             ] GC(205) Pause Remark 218M->218M(517M) 8.561ms
[2026-04-03T02:29:54.390+0600][52.421s][info][gc,cpu         ] GC(205) User=0.06s Sys=0.01s Real=0.01s
[2026-04-03T02:29:54.390+0600][52.421s][info][gc,marking     ] GC(205) Concurrent Mark 111.505ms
[2026-04-03T02:29:54.391+0600][52.421s][info][gc,marking     ] GC(205) Concurrent Rebuild Remembered Sets and Scrub Regions
[2026-04-03T02:29:54.428+0600][52.459s][info][gc,marking     ] GC(205) Concurrent Rebuild Remembered Sets and Scrub Regions 37.881ms
[2026-04-03T02:29:54.429+0600][52.459s][info][gc,start       ] GC(205) Pause Cleanup
[2026-04-03T02:29:54.429+0600][52.460s][info][gc             ] GC(205) Pause Cleanup 263M->263M(517M) 0.297ms
[2026-04-03T02:29:54.429+0600][52.460s][info][gc,cpu         ] GC(205) User=0.00s Sys=0.00s Real=0.00s
[2026-04-03T02:29:54.429+0600][52.460s][info][gc,marking     ] GC(205) Concurrent Clear Claimed Marks
[2026-04-03T02:29:54.430+0600][52.460s][info][gc,marking     ] GC(205) Concurrent Clear Claimed Marks 0.506ms
[2026-04-03T02:29:54.430+0600][52.460s][info][gc,marking     ] GC(205) Concurrent Cleanup for Next Mark
[2026-04-03T02:29:54.431+0600][52.461s][info][gc,marking     ] GC(205) Concurrent Cleanup for Next Mark 0.890ms
[2026-04-03T02:29:54.431+0600][52.461s][info][gc             ] GC(205) Concurrent Mark Cycle 154.729ms
[2026-04-03T02:29:54.850+0600][52.881s][info][gc,start       ] GC(206) Pause Young (Prepare Mixed) (G1 Evacuation Pause)
[2026-04-03T02:29:54.850+0600][52.881s][info][gc,task        ] GC(206) Using 10 workers of 10 for evacuation
[2026-04-03T02:29:54.855+0600][52.886s][info][gc,phases      ] GC(206)   Pre Evacuate Collection Set: 0.24ms
[2026-04-03T02:29:54.855+0600][52.886s][info][gc,phases      ] GC(206)   Merge Heap Roots: 0.41ms
[2026-04-03T02:29:54.855+0600][52.886s][info][gc,phases      ] GC(206)   Evacuate Collection Set: 3.56ms
[2026-04-03T02:29:54.855+0600][52.886s][info][gc,phases      ] GC(206)   Post Evacuate Collection Set: 0.75ms
[2026-04-03T02:29:54.855+0600][52.886s][info][gc,phases      ] GC(206)   Other: 0.09ms
[2026-04-03T02:29:54.855+0600][52.886s][info][gc,heap        ] GC(206) Eden regions: 294->0(310)
[2026-04-03T02:29:54.856+0600][52.886s][info][gc,heap        ] GC(206) Survivor regions: 7->8(39)
[2026-04-03T02:29:54.856+0600][52.886s][info][gc,heap        ] GC(206) Old regions: 83->84
[2026-04-03T02:29:54.856+0600][52.886s][info][gc,heap        ] GC(206) Humongous regions: 138->8
[2026-04-03T02:29:54.856+0600][52.886s][info][gc,metaspace   ] GC(206) Metaspace: 131676K(133120K)->131676K(133120K) NonClass: 115063K(115776K)->115063K(115776K) Class: 16613K(17344K)->16613K(17344K)
[2026-04-03T02:29:54.856+0600][52.886s][info][gc             ] GC(206) Pause Young (Prepare Mixed) (G1 Evacuation Pause) 520M->97M(531M) 5.326ms
[2026-04-03T02:29:54.856+0600][52.886s][info][gc,cpu         ] GC(206) User=0.02s Sys=0.01s Real=0.00s
[2026-04-03T02:29:55.134+0600][53.165s][info][gc,start       ] GC(207) Pause Young (Mixed) (GCLocker Initiated GC)
[2026-04-03T02:29:55.134+0600][53.165s][info][gc,task        ] GC(207) Using 10 workers of 10 for evacuation
[2026-04-03T02:29:55.141+0600][53.171s][info][gc,phases      ] GC(207)   Pre Evacuate Collection Set: 0.34ms
[2026-04-03T02:29:55.141+0600][53.171s][info][gc,phases      ] GC(207)   Merge Heap Roots: 0.28ms
[2026-04-03T02:29:55.141+0600][53.171s][info][gc,phases      ] GC(207)   Evacuate Collection Set: 5.07ms
[2026-04-03T02:29:55.141+0600][53.171s][info][gc,phases      ] GC(207)   Post Evacuate Collection Set: 0.77ms
[2026-04-03T02:29:55.141+0600][53.171s][info][gc,phases      ] GC(207)   Other: 0.12ms
[2026-04-03T02:29:55.141+0600][53.171s][info][gc,heap        ] GC(207) Eden regions: 242->0(317)
[2026-04-03T02:29:55.141+0600][53.171s][info][gc,heap        ] GC(207) Survivor regions: 8->8(40)
[2026-04-03T02:29:55.141+0600][53.171s][info][gc,heap        ] GC(207) Old regions: 84->84
[2026-04-03T02:29:55.141+0600][53.171s][info][gc,heap        ] GC(207) Humongous regions: 199->8
[2026-04-03T02:29:55.141+0600][53.171s][info][gc,metaspace   ] GC(207) Metaspace: 131678K(133120K)->131678K(133120K) NonClass: 115065K(115776K)->115065K(115776K) Class: 16613K(17344K)->16613K(17344K)
[2026-04-03T02:29:55.141+0600][53.171s][info][gc             ] GC(207) Pause Young (Mixed) (GCLocker Initiated GC) 530M->97M(542M) 6.888ms
[2026-04-03T02:29:55.141+0600][53.172s][info][gc,cpu         ] GC(207) User=0.04s Sys=0.01s Real=0.01s
[2026-04-03T02:29:55.143+0600][53.173s][info][gc,start       ] GC(208) Pause Young (Concurrent Start) (G1 Humongous Allocation)
[2026-04-03T02:29:55.143+0600][53.173s][info][gc,task        ] GC(208) Using 10 workers of 10 for evacuation
[2026-04-03T02:29:55.147+0600][53.177s][info][gc,phases      ] GC(208)   Pre Evacuate Collection Set: 0.37ms
[2026-04-03T02:29:55.147+0600][53.177s][info][gc,phases      ] GC(208)   Merge Heap Roots: 0.11ms
[2026-04-03T02:29:55.147+0600][53.177s][info][gc,phases      ] GC(208)   Evacuate Collection Set: 2.77ms
[2026-04-03T02:29:55.147+0600][53.177s][info][gc,phases      ] GC(208)   Post Evacuate Collection Set: 0.60ms
[2026-04-03T02:29:55.147+0600][53.177s][info][gc,phases      ] GC(208)   Other: 0.22ms
[2026-04-03T02:29:55.147+0600][53.177s][info][gc,heap        ] GC(208) Eden regions: 5->0(318)
[2026-04-03T02:29:55.147+0600][53.177s][info][gc,heap        ] GC(208) Survivor regions: 8->7(41)
[2026-04-03T02:29:55.147+0600][53.177s][info][gc,heap        ] GC(208) Old regions: 84->84
[2026-04-03T02:29:55.147+0600][53.177s][info][gc,heap        ] GC(208) Humongous regions: 8->8
[2026-04-03T02:29:55.147+0600][53.177s][info][gc,metaspace   ] GC(208) Metaspace: 131678K(133120K)->131678K(133120K) NonClass: 115065K(115776K)->115065K(115776K) Class: 16613K(17344K)->16613K(17344K)
[2026-04-03T02:29:55.147+0600][53.177s][info][gc             ] GC(208) Pause Young (Concurrent Start) (G1 Humongous Allocation) 101M->97M(542M) 4.355ms
[2026-04-03T02:29:55.147+0600][53.178s][info][gc,cpu         ] GC(208) User=0.03s Sys=0.00s Real=0.00s
[2026-04-03T02:29:55.147+0600][53.178s][info][gc             ] GC(209) Concurrent Mark Cycle
[2026-04-03T02:29:55.147+0600][53.178s][info][gc,marking     ] GC(209) Concurrent Scan Root Regions
[2026-04-03T02:29:55.150+0600][53.180s][info][gc,marking     ] GC(209) Concurrent Scan Root Regions 2.636ms
[2026-04-03T02:29:55.150+0600][53.180s][info][gc,marking     ] GC(209) Concurrent Mark
[2026-04-03T02:29:55.150+0600][53.180s][info][gc,marking     ] GC(209) Concurrent Mark From Roots
[2026-04-03T02:29:55.150+0600][53.180s][info][gc,task        ] GC(209) Using 3 workers of 3 for marking
[2026-04-03T02:29:55.253+0600][53.283s][info][gc,marking     ] GC(209) Concurrent Mark From Roots 102.892ms
[2026-04-03T02:29:55.253+0600][53.283s][info][gc,marking     ] GC(209) Concurrent Preclean
[2026-04-03T02:29:55.253+0600][53.284s][info][gc,marking     ] GC(209) Concurrent Preclean 0.380ms
[2026-04-03T02:29:55.254+0600][53.284s][info][gc,start       ] GC(209) Pause Remark
[2026-04-03T02:29:55.263+0600][53.293s][info][gc             ] GC(209) Pause Remark 224M->224M(534M) 9.170ms
[2026-04-03T02:29:55.263+0600][53.293s][info][gc,cpu         ] GC(209) User=0.06s Sys=0.00s Real=0.01s
[2026-04-03T02:29:55.265+0600][53.296s][info][gc,marking     ] GC(209) Concurrent Mark 115.330ms
[2026-04-03T02:29:55.265+0600][53.296s][info][gc,marking     ] GC(209) Concurrent Rebuild Remembered Sets and Scrub Regions
[2026-04-03T02:29:55.302+0600][53.333s][info][gc,marking     ] GC(209) Concurrent Rebuild Remembered Sets and Scrub Regions 37.134ms
[2026-04-03T02:29:55.303+0600][53.333s][info][gc,start       ] GC(209) Pause Cleanup
[2026-04-03T02:29:55.303+0600][53.334s][info][gc             ] GC(209) Pause Cleanup 264M->264M(534M) 0.281ms
[2026-04-03T02:29:55.303+0600][53.334s][info][gc,cpu         ] GC(209) User=0.00s Sys=0.00s Real=0.00s
[2026-04-03T02:29:55.303+0600][53.334s][info][gc,marking     ] GC(209) Concurrent Clear Claimed Marks
[2026-04-03T02:29:55.304+0600][53.334s][info][gc,marking     ] GC(209) Concurrent Clear Claimed Marks 0.345ms
[2026-04-03T02:29:55.304+0600][53.334s][info][gc,marking     ] GC(209) Concurrent Cleanup for Next Mark
[2026-04-03T02:29:55.304+0600][53.335s][info][gc,marking     ] GC(209) Concurrent Cleanup for Next Mark 0.763ms
[2026-04-03T02:29:55.305+0600][53.335s][info][gc             ] GC(209) Concurrent Mark Cycle 157.396ms
[2026-04-03T02:29:55.487+0600][53.517s][info][gc,start       ] GC(210) Pause Young (Prepare Mixed) (G1 Evacuation Pause)
[2026-04-03T02:29:55.487+0600][53.517s][info][gc,task        ] GC(210) Using 10 workers of 10 for evacuation
[2026-04-03T02:29:55.493+0600][53.524s][info][gc,phases      ] GC(210)   Pre Evacuate Collection Set: 0.30ms
[2026-04-03T02:29:55.494+0600][53.524s][info][gc,phases      ] GC(210)   Merge Heap Roots: 0.32ms
[2026-04-03T02:29:55.494+0600][53.524s][info][gc,phases      ] GC(210)   Evacuate Collection Set: 4.92ms
[2026-04-03T02:29:55.494+0600][53.524s][info][gc,phases      ] GC(210)   Post Evacuate Collection Set: 0.98ms
[2026-04-03T02:29:55.494+0600][53.524s][info][gc,phases      ] GC(210)   Other: 0.11ms
[2026-04-03T02:29:55.494+0600][53.524s][info][gc,heap        ] GC(210) Eden regions: 248->0(319)
[2026-04-03T02:29:55.494+0600][53.524s][info][gc,heap        ] GC(210) Survivor regions: 7->9(40)
[2026-04-03T02:29:55.494+0600][53.524s][info][gc,heap        ] GC(210) Old regions: 84->85
[2026-04-03T02:29:55.494+0600][53.524s][info][gc,heap        ] GC(210) Humongous regions: 199->8
[2026-04-03T02:29:55.494+0600][53.524s][info][gc,metaspace   ] GC(210) Metaspace: 131678K(133120K)->131678K(133120K) NonClass: 115065K(115776K)->115065K(115776K) Class: 16613K(17344K)->16613K(17344K)
[2026-04-03T02:29:55.494+0600][53.524s][info][gc             ] GC(210) Pause Young (Prepare Mixed) (G1 Evacuation Pause) 536M->99M(548M) 6.950ms
[2026-04-03T02:29:55.494+0600][53.524s][info][gc,cpu         ] GC(210) User=0.04s Sys=0.02s Real=0.01s
[2026-04-03T02:29:55.855+0600][53.885s][info][gc,start       ] GC(211) Pause Young (Mixed) (G1 Evacuation Pause)
[2026-04-03T02:29:55.855+0600][53.886s][info][gc,task        ] GC(211) Using 10 workers of 10 for evacuation
[2026-04-03T02:29:55.861+0600][53.891s][info][gc,phases      ] GC(211)   Pre Evacuate Collection Set: 0.40ms
[2026-04-03T02:29:55.861+0600][53.891s][info][gc,phases      ] GC(211)   Merge Heap Roots: 0.30ms
[2026-04-03T02:29:55.861+0600][53.891s][info][gc,phases      ] GC(211)   Evacuate Collection Set: 4.05ms
[2026-04-03T02:29:55.861+0600][53.891s][info][gc,phases      ] GC(211)   Post Evacuate Collection Set: 0.81ms
[2026-04-03T02:29:55.861+0600][53.891s][info][gc,phases      ] GC(211)   Other: 0.11ms
[2026-04-03T02:29:55.861+0600][53.891s][info][gc,heap        ] GC(211) Eden regions: 304->0(325)
[2026-04-03T02:29:55.861+0600][53.891s][info][gc,heap        ] GC(211) Survivor regions: 9->8(41)
[2026-04-03T02:29:55.861+0600][53.891s][info][gc,heap        ] GC(211) Old regions: 85->84
[2026-04-03T02:29:55.861+0600][53.891s][info][gc,heap        ] GC(211) Humongous regions: 150->8
[2026-04-03T02:29:55.861+0600][53.891s][info][gc,metaspace   ] GC(211) Metaspace: 131681K(133120K)->131681K(133120K) NonClass: 115067K(115776K)->115067K(115776K) Class: 16614K(17344K)->16614K(17344K)
[2026-04-03T02:29:55.861+0600][53.891s][info][gc             ] GC(211) Pause Young (Mixed) (G1 Evacuation Pause) 545M->98M(556M) 6.019ms
[2026-04-03T02:29:55.861+0600][53.892s][info][gc,cpu         ] GC(211) User=0.03s Sys=0.01s Real=0.01s
[2026-04-03T02:29:55.915+0600][53.946s][info][gc,start       ] GC(212) Pause Young (Concurrent Start) (G1 Humongous Allocation)
[2026-04-03T02:29:55.916+0600][53.946s][info][gc,task        ] GC(212) Using 10 workers of 10 for evacuation
[2026-04-03T02:29:55.920+0600][53.951s][info][gc,phases      ] GC(212)   Pre Evacuate Collection Set: 0.76ms
[2026-04-03T02:29:55.920+0600][53.951s][info][gc,phases      ] GC(212)   Merge Heap Roots: 0.18ms
[2026-04-03T02:29:55.920+0600][53.951s][info][gc,phases      ] GC(212)   Evacuate Collection Set: 2.98ms
[2026-04-03T02:29:55.920+0600][53.951s][info][gc,phases      ] GC(212)   Post Evacuate Collection Set: 0.72ms
[2026-04-03T02:29:55.921+0600][53.951s][info][gc,phases      ] GC(212)   Other: 0.19ms
[2026-04-03T02:29:55.921+0600][53.951s][info][gc,heap        ] GC(212) Eden regions: 75->0(325)
[2026-04-03T02:29:55.921+0600][53.951s][info][gc,heap        ] GC(212) Survivor regions: 8->8(42)
[2026-04-03T02:29:55.921+0600][53.951s][info][gc,heap        ] GC(212) Old regions: 84->84
[2026-04-03T02:29:55.921+0600][53.951s][info][gc,heap        ] GC(212) Humongous regions: 14->8
[2026-04-03T02:29:55.921+0600][53.951s][info][gc,metaspace   ] GC(212) Metaspace: 131681K(133120K)->131681K(133120K) NonClass: 115067K(115776K)->115067K(115776K) Class: 16614K(17344K)->16614K(17344K)
[2026-04-03T02:29:55.921+0600][53.951s][info][gc             ] GC(212) Pause Young (Concurrent Start) (G1 Humongous Allocation) 179M->98M(556M) 5.198ms
[2026-04-03T02:29:55.921+0600][53.951s][info][gc             ] GC(213) Concurrent Undo Cycle
[2026-04-03T02:29:55.921+0600][53.951s][info][gc,cpu         ] GC(212) User=0.04s Sys=0.00s Real=0.01s
[2026-04-03T02:29:55.921+0600][53.951s][info][gc,marking     ] GC(213) Concurrent Clear Claimed Marks
[2026-04-03T02:29:55.921+0600][53.952s][info][gc,marking     ] GC(213) Concurrent Clear Claimed Marks 0.336ms
[2026-04-03T02:29:55.921+0600][53.952s][info][gc,marking     ] GC(213) Concurrent Cleanup for Next Mark
[2026-04-03T02:29:55.921+0600][53.952s][info][gc,marking     ] GC(213) Concurrent Cleanup for Next Mark 0.203ms
[2026-04-03T02:29:55.921+0600][53.952s][info][gc             ] GC(213) Concurrent Undo Cycle 0.717ms
[2026-04-03T02:29:55.927+0600][53.957s][info][gc,start       ] GC(214) Pause Young (Concurrent Start) (G1 Humongous Allocation)
[2026-04-03T02:29:55.927+0600][53.957s][info][gc,task        ] GC(214) Using 10 workers of 10 for evacuation
[2026-04-03T02:29:55.931+0600][53.961s][info][gc,phases      ] GC(214)   Pre Evacuate Collection Set: 0.47ms
[2026-04-03T02:29:55.931+0600][53.961s][info][gc,phases      ] GC(214)   Merge Heap Roots: 0.21ms
[2026-04-03T02:29:55.931+0600][53.961s][info][gc,phases      ] GC(214)   Evacuate Collection Set: 2.74ms
[2026-04-03T02:29:55.931+0600][53.961s][info][gc,phases      ] GC(214)   Post Evacuate Collection Set: 0.53ms
[2026-04-03T02:29:55.931+0600][53.961s][info][gc,phases      ] GC(214)   Other: 0.17ms
[2026-04-03T02:29:55.931+0600][53.961s][info][gc,heap        ] GC(214) Eden regions: 9->0(326)
[2026-04-03T02:29:55.931+0600][53.961s][info][gc,heap        ] GC(214) Survivor regions: 8->7(42)
[2026-04-03T02:29:55.931+0600][53.961s][info][gc,heap        ] GC(214) Old regions: 84->84
[2026-04-03T02:29:55.931+0600][53.961s][info][gc,heap        ] GC(214) Humongous regions: 12->8
[2026-04-03T02:29:55.931+0600][53.961s][info][gc,metaspace   ] GC(214) Metaspace: 131681K(133120K)->131681K(133120K) NonClass: 115067K(115776K)->115067K(115776K) Class: 16614K(17344K)->16614K(17344K)
[2026-04-03T02:29:55.931+0600][53.961s][info][gc             ] GC(214) Pause Young (Concurrent Start) (G1 Humongous Allocation) 111M->97M(556M) 4.459ms
[2026-04-03T02:29:55.931+0600][53.962s][info][gc             ] GC(215) Concurrent Undo Cycle
[2026-04-03T02:29:55.931+0600][53.962s][info][gc,cpu         ] GC(214) User=0.04s Sys=0.00s Real=0.01s
[2026-04-03T02:29:55.931+0600][53.962s][info][gc,marking     ] GC(215) Concurrent Clear Claimed Marks
[2026-04-03T02:29:55.932+0600][53.962s][info][gc,marking     ] GC(215) Concurrent Clear Claimed Marks 0.350ms
[2026-04-03T02:29:55.932+0600][53.962s][info][gc,marking     ] GC(215) Concurrent Cleanup for Next Mark
[2026-04-03T02:29:55.932+0600][53.962s][info][gc,marking     ] GC(215) Concurrent Cleanup for Next Mark 0.227ms
[2026-04-03T02:29:55.932+0600][53.962s][info][gc             ] GC(215) Concurrent Undo Cycle 0.759ms
[2026-04-03T02:29:55.952+0600][53.982s][info][gc,start       ] GC(216) Pause Young (Concurrent Start) (G1 Humongous Allocation)
[2026-04-03T02:29:55.952+0600][53.982s][info][gc,task        ] GC(216) Using 10 workers of 10 for evacuation
[2026-04-03T02:29:55.955+0600][53.985s][info][gc,phases      ] GC(216)   Pre Evacuate Collection Set: 0.38ms
[2026-04-03T02:29:55.955+0600][53.985s][info][gc,phases      ] GC(216)   Merge Heap Roots: 0.08ms
[2026-04-03T02:29:55.955+0600][53.985s][info][gc,phases      ] GC(216)   Evacuate Collection Set: 1.53ms
[2026-04-03T02:29:55.955+0600][53.985s][info][gc,phases      ] GC(216)   Post Evacuate Collection Set: 0.41ms
[2026-04-03T02:29:55.955+0600][53.985s][info][gc,phases      ] GC(216)   Other: 0.10ms
[2026-04-03T02:29:55.955+0600][53.985s][info][gc,heap        ] GC(216) Eden regions: 9->0(328)
[2026-04-03T02:29:55.955+0600][53.985s][info][gc,heap        ] GC(216) Survivor regions: 7->5(42)
[2026-04-03T02:29:55.955+0600][53.985s][info][gc,heap        ] GC(216) Old regions: 84->85
[2026-04-03T02:29:55.955+0600][53.985s][info][gc,heap        ] GC(216) Humongous regions: 14->8
[2026-04-03T02:29:55.955+0600][53.985s][info][gc,metaspace   ] GC(216) Metaspace: 131681K(133120K)->131681K(133120K) NonClass: 115067K(115776K)->115067K(115776K) Class: 16614K(17344K)->16614K(17344K)
[2026-04-03T02:29:55.955+0600][53.985s][info][gc             ] GC(216) Pause Young (Concurrent Start) (G1 Humongous Allocation) 111M->96M(556M) 2.724ms
[2026-04-03T02:29:55.955+0600][53.985s][info][gc             ] GC(217) Concurrent Undo Cycle
[2026-04-03T02:29:55.955+0600][53.985s][info][gc,cpu         ] GC(216) User=0.01s Sys=0.01s Real=0.00s
[2026-04-03T02:29:55.955+0600][53.985s][info][gc,marking     ] GC(217) Concurrent Clear Claimed Marks
[2026-04-03T02:29:55.955+0600][53.985s][info][gc,marking     ] GC(217) Concurrent Clear Claimed Marks 0.229ms
[2026-04-03T02:29:55.955+0600][53.985s][info][gc,marking     ] GC(217) Concurrent Cleanup for Next Mark
[2026-04-03T02:29:55.955+0600][53.986s][info][gc,marking     ] GC(217) Concurrent Cleanup for Next Mark 0.205ms
[2026-04-03T02:29:55.955+0600][53.986s][info][gc             ] GC(217) Concurrent Undo Cycle 0.583ms
[2026-04-03T02:29:55.982+0600][54.012s][info][gc,start       ] GC(218) Pause Young (Concurrent Start) (G1 Humongous Allocation)
[2026-04-03T02:29:55.982+0600][54.012s][info][gc,task        ] GC(218) Using 10 workers of 10 for evacuation
[2026-04-03T02:29:55.985+0600][54.015s][info][gc,phases      ] GC(218)   Pre Evacuate Collection Set: 0.45ms
[2026-04-03T02:29:55.985+0600][54.015s][info][gc,phases      ] GC(218)   Merge Heap Roots: 0.12ms
[2026-04-03T02:29:55.985+0600][54.015s][info][gc,phases      ] GC(218)   Evacuate Collection Set: 1.36ms
[2026-04-03T02:29:55.985+0600][54.015s][info][gc,phases      ] GC(218)   Post Evacuate Collection Set: 0.48ms
[2026-04-03T02:29:55.985+0600][54.015s][info][gc,phases      ] GC(218)   Other: 0.17ms
[2026-04-03T02:29:55.985+0600][54.015s][info][gc,heap        ] GC(218) Eden regions: 8->0(331)
[2026-04-03T02:29:55.985+0600][54.015s][info][gc,heap        ] GC(218) Survivor regions: 5->2(42)
[2026-04-03T02:29:55.985+0600][54.015s][info][gc,heap        ] GC(218) Old regions: 85->85
[2026-04-03T02:29:55.985+0600][54.015s][info][gc,heap        ] GC(218) Humongous regions: 15->8
[2026-04-03T02:29:55.985+0600][54.015s][info][gc,metaspace   ] GC(218) Metaspace: 131681K(133120K)->131681K(133120K) NonClass: 115067K(115776K)->115067K(115776K) Class: 16614K(17344K)->16614K(17344K)
[2026-04-03T02:29:55.985+0600][54.015s][info][gc             ] GC(218) Pause Young (Concurrent Start) (G1 Humongous Allocation) 110M->93M(556M) 2.897ms
[2026-04-03T02:29:55.985+0600][54.015s][info][gc             ] GC(219) Concurrent Undo Cycle
[2026-04-03T02:29:55.985+0600][54.015s][info][gc,cpu         ] GC(218) User=0.02s Sys=0.00s Real=0.00s
[2026-04-03T02:29:55.985+0600][54.015s][info][gc,marking     ] GC(219) Concurrent Clear Claimed Marks
[2026-04-03T02:29:55.985+0600][54.016s][info][gc,marking     ] GC(219) Concurrent Clear Claimed Marks 0.220ms
[2026-04-03T02:29:55.985+0600][54.016s][info][gc,marking     ] GC(219) Concurrent Cleanup for Next Mark
[2026-04-03T02:29:55.985+0600][54.016s][info][gc,marking     ] GC(219) Concurrent Cleanup for Next Mark 0.253ms
[2026-04-03T02:29:55.985+0600][54.016s][info][gc             ] GC(219) Concurrent Undo Cycle 0.631ms
[2026-04-03T02:29:56.033+0600][54.063s][info][gc,start       ] GC(220) Pause Young (Concurrent Start) (G1 Humongous Allocation)
[2026-04-03T02:29:56.033+0600][54.063s][info][gc,task        ] GC(220) Using 10 workers of 10 for evacuation
[2026-04-03T02:29:56.037+0600][54.067s][info][gc,phases      ] GC(220)   Pre Evacuate Collection Set: 0.38ms
[2026-04-03T02:29:56.037+0600][54.067s][info][gc,phases      ] GC(220)   Merge Heap Roots: 0.14ms
[2026-04-03T02:29:56.037+0600][54.067s][info][gc,phases      ] GC(220)   Evacuate Collection Set: 1.50ms
[2026-04-03T02:29:56.037+0600][54.067s][info][gc,phases      ] GC(220)   Post Evacuate Collection Set: 1.44ms
[2026-04-03T02:29:56.037+0600][54.067s][info][gc,phases      ] GC(220)   Other: 0.29ms
[2026-04-03T02:29:56.037+0600][54.067s][info][gc,heap        ] GC(220) Eden regions: 23->0(414)
[2026-04-03T02:29:56.037+0600][54.067s][info][gc,heap        ] GC(220) Survivor regions: 2->3(42)
[2026-04-03T02:29:56.037+0600][54.067s][info][gc,heap        ] GC(220) Old regions: 85->85
[2026-04-03T02:29:56.037+0600][54.067s][info][gc,heap        ] GC(220) Humongous regions: 20->8
[2026-04-03T02:29:56.037+0600][54.067s][info][gc,metaspace   ] GC(220) Metaspace: 131681K(133120K)->131681K(133120K) NonClass: 115067K(115776K)->115067K(115776K) Class: 16614K(17344K)->16614K(17344K)
[2026-04-03T02:29:56.037+0600][54.067s][info][gc             ] GC(220) Pause Young (Concurrent Start) (G1 Humongous Allocation) 128M->94M(695M) 4.022ms
[2026-04-03T02:29:56.037+0600][54.067s][info][gc,cpu         ] GC(220) User=0.02s Sys=0.00s Real=0.00s
[2026-04-03T02:29:56.037+0600][54.067s][info][gc             ] GC(221) Concurrent Undo Cycle
[2026-04-03T02:29:56.037+0600][54.068s][info][gc,marking     ] GC(221) Concurrent Clear Claimed Marks
[2026-04-03T02:29:56.037+0600][54.068s][info][gc,marking     ] GC(221) Concurrent Clear Claimed Marks 0.234ms
[2026-04-03T02:29:56.037+0600][54.068s][info][gc,marking     ] GC(221) Concurrent Cleanup for Next Mark
[2026-04-03T02:29:56.038+0600][54.068s][info][gc,marking     ] GC(221) Concurrent Cleanup for Next Mark 0.222ms
[2026-04-03T02:29:56.038+0600][54.068s][info][gc             ] GC(221) Concurrent Undo Cycle 0.750ms
[2026-04-03T02:29:56.064+0600][54.095s][info][gc,start       ] GC(222) Pause Young (Concurrent Start) (G1 Humongous Allocation)
[2026-04-03T02:29:56.064+0600][54.095s][info][gc,task        ] GC(222) Using 10 workers of 10 for evacuation
[2026-04-03T02:29:56.067+0600][54.097s][info][gc,phases      ] GC(222)   Pre Evacuate Collection Set: 0.40ms
[2026-04-03T02:29:56.067+0600][54.097s][info][gc,phases      ] GC(222)   Merge Heap Roots: 0.12ms
[2026-04-03T02:29:56.067+0600][54.097s][info][gc,phases      ] GC(222)   Evacuate Collection Set: 1.56ms
[2026-04-03T02:29:56.067+0600][54.098s][info][gc,phases      ] GC(222)   Post Evacuate Collection Set: 0.57ms
[2026-04-03T02:29:56.067+0600][54.098s][info][gc,phases      ] GC(222)   Other: 0.16ms
[2026-04-03T02:29:56.067+0600][54.098s][info][gc,heap        ] GC(222) Eden regions: 16->0(413)
[2026-04-03T02:29:56.067+0600][54.098s][info][gc,heap        ] GC(222) Survivor regions: 3->4(53)
[2026-04-03T02:29:56.067+0600][54.098s][info][gc,heap        ] GC(222) Old regions: 85->86
[2026-04-03T02:29:56.067+0600][54.098s][info][gc,heap        ] GC(222) Humongous regions: 66->23
[2026-04-03T02:29:56.067+0600][54.098s][info][gc,metaspace   ] GC(222) Metaspace: 131682K(133120K)->131682K(133120K) NonClass: 115068K(115776K)->115068K(115776K) Class: 16614K(17344K)->16614K(17344K)
[2026-04-03T02:29:56.067+0600][54.098s][info][gc             ] GC(222) Pause Young (Concurrent Start) (G1 Humongous Allocation) 168M->110M(695M) 3.046ms
[2026-04-03T02:29:56.067+0600][54.098s][info][gc             ] GC(223) Concurrent Undo Cycle
[2026-04-03T02:29:56.067+0600][54.098s][info][gc,marking     ] GC(223) Concurrent Clear Claimed Marks
[2026-04-03T02:29:56.067+0600][54.098s][info][gc,cpu         ] GC(222) User=0.02s Sys=0.00s Real=0.00s
[2026-04-03T02:29:56.068+0600][54.098s][info][gc,marking     ] GC(223) Concurrent Clear Claimed Marks 0.266ms
[2026-04-03T02:29:56.068+0600][54.098s][info][gc,marking     ] GC(223) Concurrent Cleanup for Next Mark
[2026-04-03T02:29:56.068+0600][54.098s][info][gc,marking     ] GC(223) Concurrent Cleanup for Next Mark 0.213ms
[2026-04-03T02:29:56.068+0600][54.098s][info][gc             ] GC(223) Concurrent Undo Cycle 0.619ms
[2026-04-03T02:29:56.068+0600][54.099s][info][gc,start       ] GC(224) Pause Young (Concurrent Start) (G1 Humongous Allocation)
[2026-04-03T02:29:56.069+0600][54.099s][info][gc,task        ] GC(224) Using 10 workers of 10 for evacuation
[2026-04-03T02:29:56.072+0600][54.102s][info][gc,phases      ] GC(224)   Pre Evacuate Collection Set: 0.33ms
[2026-04-03T02:29:56.072+0600][54.102s][info][gc,phases      ] GC(224)   Merge Heap Roots: 0.08ms
[2026-04-03T02:29:56.072+0600][54.102s][info][gc,phases      ] GC(224)   Evacuate Collection Set: 1.88ms
[2026-04-03T02:29:56.072+0600][54.102s][info][gc,phases      ] GC(224)   Post Evacuate Collection Set: 0.60ms
[2026-04-03T02:29:56.072+0600][54.102s][info][gc,phases      ] GC(224)   Other: 0.11ms
[2026-04-03T02:29:56.072+0600][54.102s][info][gc,heap        ] GC(224) Eden regions: 2->0(413)
[2026-04-03T02:29:56.072+0600][54.102s][info][gc,heap        ] GC(224) Survivor regions: 4->4(53)
[2026-04-03T02:29:56.072+0600][54.102s][info][gc,heap        ] GC(224) Old regions: 86->86
[2026-04-03T02:29:56.072+0600][54.102s][info][gc,heap        ] GC(224) Humongous regions: 28->13
[2026-04-03T02:29:56.072+0600][54.102s][info][gc,metaspace   ] GC(224) Metaspace: 131682K(133120K)->131682K(133120K) NonClass: 115068K(115776K)->115068K(115776K) Class: 16614K(17344K)->16614K(17344K)
[2026-04-03T02:29:56.072+0600][54.102s][info][gc             ] GC(224) Pause Young (Concurrent Start) (G1 Humongous Allocation) 117M->100M(695M) 3.242ms
[2026-04-03T02:29:56.072+0600][54.102s][info][gc             ] GC(225) Concurrent Mark Cycle
[2026-04-03T02:29:56.072+0600][54.102s][info][gc,cpu         ] GC(224) User=0.01s Sys=0.01s Real=0.01s
[2026-04-03T02:29:56.072+0600][54.102s][info][gc,marking     ] GC(225) Concurrent Scan Root Regions
[2026-04-03T02:29:56.074+0600][54.104s][info][gc,marking     ] GC(225) Concurrent Scan Root Regions 2.128ms
[2026-04-03T02:29:56.074+0600][54.104s][info][gc,marking     ] GC(225) Concurrent Mark
[2026-04-03T02:29:56.074+0600][54.104s][info][gc,marking     ] GC(225) Concurrent Mark From Roots
[2026-04-03T02:29:56.074+0600][54.104s][info][gc,task        ] GC(225) Using 3 workers of 3 for marking
[2026-04-03T02:29:56.160+0600][54.190s][info][gc,marking     ] GC(225) Concurrent Mark From Roots 85.546ms
[2026-04-03T02:29:56.160+0600][54.190s][info][gc,marking     ] GC(225) Concurrent Preclean
[2026-04-03T02:29:56.160+0600][54.190s][info][gc,marking     ] GC(225) Concurrent Preclean 0.243ms
[2026-04-03T02:29:56.160+0600][54.191s][info][gc,start       ] GC(225) Pause Remark
[2026-04-03T02:29:56.168+0600][54.199s][info][gc             ] GC(225) Pause Remark 454M->454M(695M) 8.200ms
[2026-04-03T02:29:56.168+0600][54.199s][info][gc,cpu         ] GC(225) User=0.05s Sys=0.00s Real=0.00s
[2026-04-03T02:29:56.169+0600][54.199s][info][gc,marking     ] GC(225) Concurrent Mark 94.732ms
[2026-04-03T02:29:56.169+0600][54.199s][info][gc,marking     ] GC(225) Concurrent Rebuild Remembered Sets and Scrub Regions
[2026-04-03T02:29:56.199+0600][54.229s][info][gc,marking     ] GC(225) Concurrent Rebuild Remembered Sets and Scrub Regions 29.742ms
[2026-04-03T02:29:56.199+0600][54.230s][info][gc,start       ] GC(225) Pause Cleanup
[2026-04-03T02:29:56.200+0600][54.230s][info][gc             ] GC(225) Pause Cleanup 512M->512M(695M) 0.380ms
[2026-04-03T02:29:56.200+0600][54.230s][info][gc,cpu         ] GC(225) User=0.00s Sys=0.00s Real=0.01s
[2026-04-03T02:29:56.200+0600][54.230s][info][gc,marking     ] GC(225) Concurrent Clear Claimed Marks
[2026-04-03T02:29:56.200+0600][54.231s][info][gc,marking     ] GC(225) Concurrent Clear Claimed Marks 0.415ms
[2026-04-03T02:29:56.200+0600][54.231s][info][gc,marking     ] GC(225) Concurrent Cleanup for Next Mark
[2026-04-03T02:29:56.203+0600][54.233s][info][gc,marking     ] GC(225) Concurrent Cleanup for Next Mark 2.345ms
[2026-04-03T02:29:56.203+0600][54.233s][info][gc             ] GC(225) Concurrent Mark Cycle 131.121ms
[2026-04-03T02:29:56.270+0600][54.300s][info][gc,start       ] GC(226) Pause Young (Prepare Mixed) (G1 Evacuation Pause)
[2026-04-03T02:29:56.270+0600][54.300s][info][gc,task        ] GC(226) Using 10 workers of 10 for evacuation
[2026-04-03T02:29:56.273+0600][54.304s][info][gc,phases      ] GC(226)   Pre Evacuate Collection Set: 0.24ms
[2026-04-03T02:29:56.273+0600][54.304s][info][gc,phases      ] GC(226)   Merge Heap Roots: 0.12ms
[2026-04-03T02:29:56.273+0600][54.304s][info][gc,phases      ] GC(226)   Evacuate Collection Set: 2.06ms
[2026-04-03T02:29:56.273+0600][54.304s][info][gc,phases      ] GC(226)   Post Evacuate Collection Set: 0.77ms
[2026-04-03T02:29:56.273+0600][54.304s][info][gc,phases      ] GC(226)   Other: 0.07ms
[2026-04-03T02:29:56.273+0600][54.304s][info][gc,heap        ] GC(226) Eden regions: 78->0(482)
[2026-04-03T02:29:56.273+0600][54.304s][info][gc,heap        ] GC(226) Survivor regions: 4->4(53)
[2026-04-03T02:29:56.273+0600][54.304s][info][gc,heap        ] GC(226) Old regions: 86->86
[2026-04-03T02:29:56.273+0600][54.304s][info][gc,heap        ] GC(226) Humongous regions: 638->8
[2026-04-03T02:29:56.273+0600][54.304s][info][gc,metaspace   ] GC(226) Metaspace: 131683K(133120K)->131683K(133120K) NonClass: 115068K(115776K)->115068K(115776K) Class: 16614K(17344K)->16614K(17344K)
[2026-04-03T02:29:56.273+0600][54.304s][info][gc             ] GC(226) Pause Young (Prepare Mixed) (G1 Evacuation Pause) 803M->95M(810M) 3.470ms
[2026-04-03T02:29:56.273+0600][54.304s][info][gc,cpu         ] GC(226) User=0.02s Sys=0.00s Real=0.00s
[2026-04-03T02:29:57.017+0600][55.047s][info][gc,start       ] GC(227) Pause Young (Mixed) (G1 Evacuation Pause)
[2026-04-03T02:29:57.017+0600][55.047s][info][gc,task        ] GC(227) Using 10 workers of 10 for evacuation
[2026-04-03T02:29:57.022+0600][55.053s][info][gc,phases      ] GC(227)   Pre Evacuate Collection Set: 0.43ms
[2026-04-03T02:29:57.022+0600][55.053s][info][gc,phases      ] GC(227)   Merge Heap Roots: 0.30ms
[2026-04-03T02:29:57.022+0600][55.053s][info][gc,phases      ] GC(227)   Evacuate Collection Set: 3.65ms
[2026-04-03T02:29:57.022+0600][55.053s][info][gc,phases      ] GC(227)   Post Evacuate Collection Set: 0.88ms
[2026-04-03T02:29:57.022+0600][55.053s][info][gc,phases      ] GC(227)   Other: 0.18ms
[2026-04-03T02:29:57.022+0600][55.053s][info][gc,heap        ] GC(227) Eden regions: 453->0(490)
[2026-04-03T02:29:57.022+0600][55.053s][info][gc,heap        ] GC(227) Survivor regions: 4->6(61)
[2026-04-03T02:29:57.022+0600][55.053s][info][gc,heap        ] GC(227) Old regions: 86->85
[2026-04-03T02:29:57.022+0600][55.053s][info][gc,heap        ] GC(227) Humongous regions: 277->12
[2026-04-03T02:29:57.022+0600][55.053s][info][gc,metaspace   ] GC(227) Metaspace: 131698K(133120K)->131698K(133120K) NonClass: 115083K(115776K)->115083K(115776K) Class: 16614K(17344K)->16614K(17344K)
[2026-04-03T02:29:57.022+0600][55.053s][info][gc             ] GC(227) Pause Young (Mixed) (G1 Evacuation Pause) 817M->101M(827M) 5.756ms
[2026-04-03T02:29:57.023+0600][55.053s][info][gc,cpu         ] GC(227) User=0.04s Sys=0.01s Real=0.01s
[2026-04-03T02:29:57.127+0600][55.157s][info][gc,start       ] GC(228) Pause Young (Concurrent Start) (G1 Humongous Allocation)
[2026-04-03T02:29:57.127+0600][55.158s][info][gc,task        ] GC(228) Using 10 workers of 10 for evacuation
[2026-04-03T02:29:57.131+0600][55.161s][info][gc,phases      ] GC(228)   Pre Evacuate Collection Set: 0.40ms
[2026-04-03T02:29:57.131+0600][55.161s][info][gc,phases      ] GC(228)   Merge Heap Roots: 0.19ms
[2026-04-03T02:29:57.131+0600][55.161s][info][gc,phases      ] GC(228)   Evacuate Collection Set: 2.36ms
[2026-04-03T02:29:57.131+0600][55.161s][info][gc,phases      ] GC(228)   Post Evacuate Collection Set: 0.56ms
[2026-04-03T02:29:57.131+0600][55.161s][info][gc,phases      ] GC(228)   Other: 0.11ms
[2026-04-03T02:29:57.131+0600][55.161s][info][gc,heap        ] GC(228) Eden regions: 78->0(490)
[2026-04-03T02:29:57.131+0600][55.161s][info][gc,heap        ] GC(228) Survivor regions: 6->6(62)
[2026-04-03T02:29:57.131+0600][55.161s][info][gc,heap        ] GC(228) Old regions: 85->85
[2026-04-03T02:29:57.131+0600][55.161s][info][gc,heap        ] GC(228) Humongous regions: 65->10
[2026-04-03T02:29:57.131+0600][55.161s][info][gc,metaspace   ] GC(228) Metaspace: 131702K(133120K)->131702K(133120K) NonClass: 115087K(115776K)->115087K(115776K) Class: 16614K(17344K)->16614K(17344K)
[2026-04-03T02:29:57.131+0600][55.161s][info][gc             ] GC(228) Pause Young (Concurrent Start) (G1 Humongous Allocation) 232M->100M(827M) 3.900ms
[2026-04-03T02:29:57.131+0600][55.161s][info][gc             ] GC(229) Concurrent Undo Cycle
[2026-04-03T02:29:57.131+0600][55.161s][info][gc,cpu         ] GC(228) User=0.03s Sys=0.00s Real=0.01s
[2026-04-03T02:29:57.131+0600][55.162s][info][gc,marking     ] GC(229) Concurrent Clear Claimed Marks
[2026-04-03T02:29:57.131+0600][55.162s][info][gc,marking     ] GC(229) Concurrent Clear Claimed Marks 0.333ms
[2026-04-03T02:29:57.131+0600][55.162s][info][gc,marking     ] GC(229) Concurrent Cleanup for Next Mark
[2026-04-03T02:29:57.132+0600][55.162s][info][gc,marking     ] GC(229) Concurrent Cleanup for Next Mark 0.339ms
[2026-04-03T02:29:57.132+0600][55.162s][info][gc             ] GC(229) Concurrent Undo Cycle 0.884ms
[2026-04-03T02:29:57.205+0600][55.236s][info][gc,start       ] GC(230) Pause Young (Concurrent Start) (G1 Humongous Allocation)
[2026-04-03T02:29:57.206+0600][55.236s][info][gc,task        ] GC(230) Using 10 workers of 10 for evacuation
[2026-04-03T02:29:57.209+0600][55.239s][info][gc,phases      ] GC(230)   Pre Evacuate Collection Set: 0.72ms
[2026-04-03T02:29:57.209+0600][55.240s][info][gc,phases      ] GC(230)   Merge Heap Roots: 0.14ms
[2026-04-03T02:29:57.209+0600][55.240s][info][gc,phases      ] GC(230)   Evacuate Collection Set: 1.92ms
[2026-04-03T02:29:57.209+0600][55.240s][info][gc,phases      ] GC(230)   Post Evacuate Collection Set: 0.54ms
[2026-04-03T02:29:57.209+0600][55.240s][info][gc,phases      ] GC(230)   Other: 0.14ms
[2026-04-03T02:29:57.209+0600][55.240s][info][gc,heap        ] GC(230) Eden regions: 58->0(491)
[2026-04-03T02:29:57.209+0600][55.240s][info][gc,heap        ] GC(230) Survivor regions: 6->5(62)
[2026-04-03T02:29:57.209+0600][55.240s][info][gc,heap        ] GC(230) Old regions: 85->85
[2026-04-03T02:29:57.209+0600][55.240s][info][gc,heap        ] GC(230) Humongous regions: 60->8
[2026-04-03T02:29:57.209+0600][55.240s][info][gc,metaspace   ] GC(230) Metaspace: 131702K(133120K)->131702K(133120K) NonClass: 115087K(115776K)->115087K(115776K) Class: 16614K(17344K)->16614K(17344K)
[2026-04-03T02:29:57.209+0600][55.240s][info][gc             ] GC(230) Pause Young (Concurrent Start) (G1 Humongous Allocation) 207M->97M(827M) 3.772ms
[2026-04-03T02:29:57.209+0600][55.240s][info][gc             ] GC(231) Concurrent Undo Cycle
[2026-04-03T02:29:57.209+0600][55.240s][info][gc,cpu         ] GC(230) User=0.03s Sys=0.00s Real=0.00s
[2026-04-03T02:29:57.209+0600][55.240s][info][gc,marking     ] GC(231) Concurrent Clear Claimed Marks
[2026-04-03T02:29:57.210+0600][55.240s][info][gc,marking     ] GC(231) Concurrent Clear Claimed Marks 0.315ms
[2026-04-03T02:29:57.210+0600][55.240s][info][gc,marking     ] GC(231) Concurrent Cleanup for Next Mark
[2026-04-03T02:29:57.210+0600][55.240s][info][gc,marking     ] GC(231) Concurrent Cleanup for Next Mark 0.242ms
[2026-04-03T02:29:57.210+0600][55.240s][info][gc             ] GC(231) Concurrent Undo Cycle 0.783ms
[2026-04-03T02:29:57.309+0600][55.339s][info][gc,start       ] GC(232) Pause Young (Concurrent Start) (G1 Humongous Allocation)
[2026-04-03T02:29:57.309+0600][55.339s][info][gc,task        ] GC(232) Using 10 workers of 10 for evacuation
[2026-04-03T02:29:57.313+0600][55.343s][info][gc,phases      ] GC(232)   Pre Evacuate Collection Set: 0.43ms
[2026-04-03T02:29:57.313+0600][55.343s][info][gc,phases      ] GC(232)   Merge Heap Roots: 0.17ms
[2026-04-03T02:29:57.313+0600][55.343s][info][gc,phases      ] GC(232)   Evacuate Collection Set: 2.64ms
[2026-04-03T02:29:57.313+0600][55.343s][info][gc,phases      ] GC(232)   Post Evacuate Collection Set: 0.54ms
[2026-04-03T02:29:57.313+0600][55.343s][info][gc,phases      ] GC(232)   Other: 0.21ms
[2026-04-03T02:29:57.313+0600][55.343s][info][gc,heap        ] GC(232) Eden regions: 88->0(490)
[2026-04-03T02:29:57.313+0600][55.343s][info][gc,heap        ] GC(232) Survivor regions: 5->6(62)
[2026-04-03T02:29:57.313+0600][55.343s][info][gc,heap        ] GC(232) Old regions: 85->86
[2026-04-03T02:29:57.313+0600][55.343s][info][gc,heap        ] GC(232) Humongous regions: 65->8
[2026-04-03T02:29:57.313+0600][55.343s][info][gc,metaspace   ] GC(232) Metaspace: 131706K(133120K)->131706K(133120K) NonClass: 115091K(115776K)->115091K(115776K) Class: 16614K(17344K)->16614K(17344K)
[2026-04-03T02:29:57.313+0600][55.343s][info][gc             ] GC(232) Pause Young (Concurrent Start) (G1 Humongous Allocation) 241M->98M(827M) 4.337ms
[2026-04-03T02:29:57.313+0600][55.343s][info][gc             ] GC(233) Concurrent Undo Cycle
[2026-04-03T02:29:57.313+0600][55.343s][info][gc,cpu         ] GC(232) User=0.03s Sys=0.00s Real=0.01s
[2026-04-03T02:29:57.313+0600][55.344s][info][gc,marking     ] GC(233) Concurrent Clear Claimed Marks
[2026-04-03T02:29:57.313+0600][55.344s][info][gc,marking     ] GC(233) Concurrent Clear Claimed Marks 0.368ms
[2026-04-03T02:29:57.314+0600][55.344s][info][gc,marking     ] GC(233) Concurrent Cleanup for Next Mark
[2026-04-03T02:29:57.314+0600][55.344s][info][gc,marking     ] GC(233) Concurrent Cleanup for Next Mark 0.334ms
[2026-04-03T02:29:57.314+0600][55.344s][info][gc             ] GC(233) Concurrent Undo Cycle 0.944ms
[2026-04-03T02:29:57.420+0600][55.450s][info][gc,start       ] GC(234) Pause Young (Concurrent Start) (G1 Humongous Allocation)
[2026-04-03T02:29:57.420+0600][55.450s][info][gc,task        ] GC(234) Using 10 workers of 10 for evacuation
[2026-04-03T02:29:57.424+0600][55.454s][info][gc,phases      ] GC(234)   Pre Evacuate Collection Set: 0.56ms
[2026-04-03T02:29:57.424+0600][55.454s][info][gc,phases      ] GC(234)   Merge Heap Roots: 0.15ms
[2026-04-03T02:29:57.424+0600][55.454s][info][gc,phases      ] GC(234)   Evacuate Collection Set: 2.55ms
[2026-04-03T02:29:57.424+0600][55.454s][info][gc,phases      ] GC(234)   Post Evacuate Collection Set: 0.52ms
[2026-04-03T02:29:57.424+0600][55.454s][info][gc,phases      ] GC(234)   Other: 0.13ms
[2026-04-03T02:29:57.424+0600][55.454s][info][gc,heap        ] GC(234) Eden regions: 87->0(490)
[2026-04-03T02:29:57.424+0600][55.454s][info][gc,heap        ] GC(234) Survivor regions: 6->6(62)
[2026-04-03T02:29:57.424+0600][55.454s][info][gc,heap        ] GC(234) Old regions: 86->86
[2026-04-03T02:29:57.424+0600][55.454s][info][gc,heap        ] GC(234) Humongous regions: 69->8
[2026-04-03T02:29:57.424+0600][55.454s][info][gc,metaspace   ] GC(234) Metaspace: 131706K(133120K)->131706K(133120K) NonClass: 115091K(115776K)->115091K(115776K) Class: 16614K(17344K)->16614K(17344K)
[2026-04-03T02:29:57.424+0600][55.454s][info][gc             ] GC(234) Pause Young (Concurrent Start) (G1 Humongous Allocation) 245M->97M(827M) 4.221ms
[2026-04-03T02:29:57.424+0600][55.454s][info][gc             ] GC(235) Concurrent Undo Cycle
[2026-04-03T02:29:57.424+0600][55.454s][info][gc,cpu         ] GC(234) User=0.03s Sys=0.00s Real=0.01s
[2026-04-03T02:29:57.424+0600][55.454s][info][gc,marking     ] GC(235) Concurrent Clear Claimed Marks
[2026-04-03T02:29:57.424+0600][55.455s][info][gc,marking     ] GC(235) Concurrent Clear Claimed Marks 0.328ms
[2026-04-03T02:29:57.424+0600][55.455s][info][gc,marking     ] GC(235) Concurrent Cleanup for Next Mark
[2026-04-03T02:29:57.425+0600][55.455s][info][gc,marking     ] GC(235) Concurrent Cleanup for Next Mark 0.349ms
[2026-04-03T02:29:57.425+0600][55.455s][info][gc             ] GC(235) Concurrent Undo Cycle 0.907ms
[2026-04-03T02:29:57.543+0600][55.573s][info][gc,start       ] GC(236) Pause Young (Concurrent Start) (G1 Humongous Allocation)
[2026-04-03T02:29:57.543+0600][55.573s][info][gc,task        ] GC(236) Using 10 workers of 10 for evacuation
[2026-04-03T02:29:57.547+0600][55.577s][info][gc,phases      ] GC(236)   Pre Evacuate Collection Set: 0.47ms
[2026-04-03T02:29:57.547+0600][55.577s][info][gc,phases      ] GC(236)   Merge Heap Roots: 0.15ms
[2026-04-03T02:29:57.547+0600][55.577s][info][gc,phases      ] GC(236)   Evacuate Collection Set: 2.85ms
[2026-04-03T02:29:57.547+0600][55.578s][info][gc,phases      ] GC(236)   Post Evacuate Collection Set: 0.66ms
[2026-04-03T02:29:57.547+0600][55.578s][info][gc,phases      ] GC(236)   Other: 0.15ms
[2026-04-03T02:29:57.547+0600][55.578s][info][gc,heap        ] GC(236) Eden regions: 74->0(490)
[2026-04-03T02:29:57.547+0600][55.578s][info][gc,heap        ] GC(236) Survivor regions: 6->6(62)
[2026-04-03T02:29:57.547+0600][55.578s][info][gc,heap        ] GC(236) Old regions: 86->86
[2026-04-03T02:29:57.547+0600][55.578s][info][gc,heap        ] GC(236) Humongous regions: 78->10
[2026-04-03T02:29:57.547+0600][55.578s][info][gc,metaspace   ] GC(236) Metaspace: 131710K(133184K)->131710K(133184K) NonClass: 115094K(115840K)->115094K(115840K) Class: 16615K(17344K)->16615K(17344K)
[2026-04-03T02:29:57.547+0600][55.578s][info][gc             ] GC(236) Pause Young (Concurrent Start) (G1 Humongous Allocation) 241M->100M(827M) 4.559ms
[2026-04-03T02:29:57.547+0600][55.578s][info][gc             ] GC(237) Concurrent Undo Cycle
[2026-04-03T02:29:57.547+0600][55.578s][info][gc,cpu         ] GC(236) User=0.02s Sys=0.01s Real=0.00s
[2026-04-03T02:29:57.547+0600][55.578s][info][gc,marking     ] GC(237) Concurrent Clear Claimed Marks
[2026-04-03T02:29:57.548+0600][55.578s][info][gc,marking     ] GC(237) Concurrent Clear Claimed Marks 0.313ms
[2026-04-03T02:29:57.548+0600][55.578s][info][gc,marking     ] GC(237) Concurrent Cleanup for Next Mark
[2026-04-03T02:29:57.548+0600][55.578s][info][gc,marking     ] GC(237) Concurrent Cleanup for Next Mark 0.261ms
[2026-04-03T02:29:57.548+0600][55.578s][info][gc             ] GC(237) Concurrent Undo Cycle 0.743ms
[2026-04-03T02:29:57.910+0600][55.941s][info][gc,start       ] GC(238) Pause Young (Concurrent Start) (G1 Humongous Allocation)
[2026-04-03T02:29:57.910+0600][55.941s][info][gc,task        ] GC(238) Using 10 workers of 10 for evacuation
[2026-04-03T02:29:57.914+0600][55.945s][info][gc,phases      ] GC(238)   Pre Evacuate Collection Set: 0.47ms
[2026-04-03T02:29:57.915+0600][55.945s][info][gc,phases      ] GC(238)   Merge Heap Roots: 0.25ms
[2026-04-03T02:29:57.915+0600][55.945s][info][gc,phases      ] GC(238)   Evacuate Collection Set: 2.33ms
[2026-04-03T02:29:57.915+0600][55.945s][info][gc,phases      ] GC(238)   Post Evacuate Collection Set: 0.70ms
[2026-04-03T02:29:57.915+0600][55.945s][info][gc,phases      ] GC(238)   Other: 0.22ms
[2026-04-03T02:29:57.915+0600][55.945s][info][gc,heap        ] GC(238) Eden regions: 225->0(490)
[2026-04-03T02:29:57.915+0600][55.945s][info][gc,heap        ] GC(238) Survivor regions: 6->6(62)
[2026-04-03T02:29:57.915+0600][55.945s][info][gc,heap        ] GC(238) Old regions: 86->86
[2026-04-03T02:29:57.915+0600][55.945s][info][gc,heap        ] GC(238) Humongous regions: 76->8
[2026-04-03T02:29:57.915+0600][55.945s][info][gc,metaspace   ] GC(238) Metaspace: 131722K(133184K)->131722K(133184K) NonClass: 115106K(115840K)->115106K(115840K) Class: 16615K(17344K)->16615K(17344K)
[2026-04-03T02:29:57.915+0600][55.945s][info][gc             ] GC(238) Pause Young (Concurrent Start) (G1 Humongous Allocation) 390M->98M(827M) 4.284ms
[2026-04-03T02:29:57.915+0600][55.945s][info][gc             ] GC(239) Concurrent Undo Cycle
[2026-04-03T02:29:57.915+0600][55.945s][info][gc,marking     ] GC(239) Concurrent Clear Claimed Marks
[2026-04-03T02:29:57.915+0600][55.945s][info][gc,cpu         ] GC(238) User=0.02s Sys=0.01s Real=0.00s
[2026-04-03T02:29:57.915+0600][55.946s][info][gc,marking     ] GC(239) Concurrent Clear Claimed Marks 0.298ms
[2026-04-03T02:29:57.915+0600][55.946s][info][gc,marking     ] GC(239) Concurrent Cleanup for Next Mark
[2026-04-03T02:29:57.915+0600][55.946s][info][gc,marking     ] GC(239) Concurrent Cleanup for Next Mark 0.276ms
[2026-04-03T02:29:57.915+0600][55.946s][info][gc             ] GC(239) Concurrent Undo Cycle 0.724ms
[2026-04-03T02:29:58.027+0600][56.057s][info][gc,start       ] GC(240) Pause Young (Concurrent Start) (G1 Humongous Allocation)
[2026-04-03T02:29:58.027+0600][56.057s][info][gc,task        ] GC(240) Using 10 workers of 10 for evacuation
[2026-04-03T02:29:58.030+0600][56.060s][info][gc,phases      ] GC(240)   Pre Evacuate Collection Set: 0.48ms
[2026-04-03T02:29:58.030+0600][56.060s][info][gc,phases      ] GC(240)   Merge Heap Roots: 0.18ms
[2026-04-03T02:29:58.030+0600][56.061s][info][gc,phases      ] GC(240)   Evacuate Collection Set: 1.82ms
[2026-04-03T02:29:58.030+0600][56.061s][info][gc,phases      ] GC(240)   Post Evacuate Collection Set: 0.61ms
[2026-04-03T02:29:58.030+0600][56.061s][info][gc,phases      ] GC(240)   Other: 0.25ms
[2026-04-03T02:29:58.030+0600][56.061s][info][gc,heap        ] GC(240) Eden regions: 87->0(491)
[2026-04-03T02:29:58.030+0600][56.061s][info][gc,heap        ] GC(240) Survivor regions: 6->5(62)
[2026-04-03T02:29:58.030+0600][56.061s][info][gc,heap        ] GC(240) Old regions: 86->86
[2026-04-03T02:29:58.030+0600][56.061s][info][gc,heap        ] GC(240) Humongous regions: 81->8
[2026-04-03T02:29:58.030+0600][56.061s][info][gc,metaspace   ] GC(240) Metaspace: 131722K(133184K)->131722K(133184K) NonClass: 115106K(115840K)->115106K(115840K) Class: 16615K(17344K)->16615K(17344K)
[2026-04-03T02:29:58.030+0600][56.061s][info][gc             ] GC(240) Pause Young (Concurrent Start) (G1 Humongous Allocation) 257M->97M(827M) 3.643ms
[2026-04-03T02:29:58.030+0600][56.061s][info][gc             ] GC(241) Concurrent Undo Cycle
[2026-04-03T02:29:58.030+0600][56.061s][info][gc,cpu         ] GC(240) User=0.02s Sys=0.00s Real=0.01s
[2026-04-03T02:29:58.030+0600][56.061s][info][gc,marking     ] GC(241) Concurrent Clear Claimed Marks
[2026-04-03T02:29:58.031+0600][56.061s][info][gc,marking     ] GC(241) Concurrent Clear Claimed Marks 0.288ms
[2026-04-03T02:29:58.031+0600][56.061s][info][gc,marking     ] GC(241) Concurrent Cleanup for Next Mark
[2026-04-03T02:29:58.031+0600][56.062s][info][gc,marking     ] GC(241) Concurrent Cleanup for Next Mark 0.332ms
[2026-04-03T02:29:58.031+0600][56.062s][info][gc             ] GC(241) Concurrent Undo Cycle 0.826ms
[2026-04-03T02:29:58.163+0600][56.193s][info][gc,start       ] GC(242) Pause Young (Concurrent Start) (G1 Humongous Allocation)
[2026-04-03T02:29:58.163+0600][56.193s][info][gc,task        ] GC(242) Using 10 workers of 10 for evacuation
[2026-04-03T02:29:58.167+0600][56.197s][info][gc,phases      ] GC(242)   Pre Evacuate Collection Set: 0.56ms
[2026-04-03T02:29:58.167+0600][56.197s][info][gc,phases      ] GC(242)   Merge Heap Roots: 0.21ms
[2026-04-03T02:29:58.167+0600][56.197s][info][gc,phases      ] GC(242)   Evacuate Collection Set: 2.48ms
[2026-04-03T02:29:58.167+0600][56.197s][info][gc,phases      ] GC(242)   Post Evacuate Collection Set: 0.65ms
[2026-04-03T02:29:58.167+0600][56.197s][info][gc,phases      ] GC(242)   Other: 0.26ms
[2026-04-03T02:29:58.167+0600][56.197s][info][gc,heap        ] GC(242) Eden regions: 105->0(490)
[2026-04-03T02:29:58.167+0600][56.197s][info][gc,heap        ] GC(242) Survivor regions: 5->6(62)
[2026-04-03T02:29:58.167+0600][56.197s][info][gc,heap        ] GC(242) Old regions: 86->86
[2026-04-03T02:29:58.167+0600][56.197s][info][gc,heap        ] GC(242) Humongous regions: 84->8
[2026-04-03T02:29:58.167+0600][56.198s][info][gc,metaspace   ] GC(242) Metaspace: 131722K(133184K)->131722K(133184K) NonClass: 115106K(115840K)->115106K(115840K) Class: 16615K(17344K)->16615K(17344K)
[2026-04-03T02:29:58.167+0600][56.198s][info][gc             ] GC(242) Pause Young (Concurrent Start) (G1 Humongous Allocation) 277M->98M(827M) 4.492ms
[2026-04-03T02:29:58.167+0600][56.198s][info][gc             ] GC(243) Concurrent Undo Cycle
[2026-04-03T02:29:58.167+0600][56.198s][info][gc,cpu         ] GC(242) User=0.02s Sys=0.00s Real=0.00s
[2026-04-03T02:29:58.167+0600][56.198s][info][gc,marking     ] GC(243) Concurrent Clear Claimed Marks
[2026-04-03T02:29:58.167+0600][56.198s][info][gc,marking     ] GC(243) Concurrent Clear Claimed Marks 0.208ms
[2026-04-03T02:29:58.167+0600][56.198s][info][gc,marking     ] GC(243) Concurrent Cleanup for Next Mark
[2026-04-03T02:29:58.168+0600][56.198s][info][gc,marking     ] GC(243) Concurrent Cleanup for Next Mark 0.265ms
[2026-04-03T02:29:58.168+0600][56.198s][info][gc             ] GC(243) Concurrent Undo Cycle 0.626ms
[2026-04-03T02:29:58.300+0600][56.331s][info][gc,start       ] GC(244) Pause Young (Concurrent Start) (GCLocker Initiated GC)
[2026-04-03T02:29:58.300+0600][56.331s][info][gc,task        ] GC(244) Using 10 workers of 10 for evacuation
[2026-04-03T02:29:58.305+0600][56.336s][info][gc,phases      ] GC(244)   Pre Evacuate Collection Set: 0.47ms
[2026-04-03T02:29:58.305+0600][56.336s][info][gc,phases      ] GC(244)   Merge Heap Roots: 0.21ms
[2026-04-03T02:29:58.305+0600][56.336s][info][gc,phases      ] GC(244)   Evacuate Collection Set: 2.88ms
[2026-04-03T02:29:58.305+0600][56.336s][info][gc,phases      ] GC(244)   Post Evacuate Collection Set: 0.92ms
[2026-04-03T02:29:58.305+0600][56.336s][info][gc,phases      ] GC(244)   Other: 0.31ms
[2026-04-03T02:29:58.305+0600][56.336s][info][gc,heap        ] GC(244) Eden regions: 110->0(489)
[2026-04-03T02:29:58.305+0600][56.336s][info][gc,heap        ] GC(244) Survivor regions: 6->7(62)
[2026-04-03T02:29:58.305+0600][56.336s][info][gc,heap        ] GC(244) Old regions: 86->86
[2026-04-03T02:29:58.305+0600][56.336s][info][gc,heap        ] GC(244) Humongous regions: 88->8
[2026-04-03T02:29:58.305+0600][56.336s][info][gc,metaspace   ] GC(244) Metaspace: 131722K(133184K)->131722K(133184K) NonClass: 115106K(115840K)->115106K(115840K) Class: 16615K(17344K)->16615K(17344K)
[2026-04-03T02:29:58.305+0600][56.336s][info][gc             ] GC(244) Pause Young (Concurrent Start) (GCLocker Initiated GC) 288M->99M(827M) 5.158ms
[2026-04-03T02:29:58.305+0600][56.336s][info][gc             ] GC(245) Concurrent Mark Cycle
[2026-04-03T02:29:58.305+0600][56.336s][info][gc,marking     ] GC(245) Concurrent Scan Root Regions
[2026-04-03T02:29:58.305+0600][56.336s][info][gc,cpu         ] GC(244) User=0.04s Sys=0.00s Real=0.00s
[2026-04-03T02:29:58.308+0600][56.338s][info][gc,marking     ] GC(245) Concurrent Scan Root Regions 2.474ms
[2026-04-03T02:29:58.308+0600][56.338s][info][gc,marking     ] GC(245) Concurrent Mark
[2026-04-03T02:29:58.308+0600][56.339s][info][gc,marking     ] GC(245) Concurrent Mark From Roots
[2026-04-03T02:29:58.308+0600][56.339s][info][gc,task        ] GC(245) Using 3 workers of 3 for marking
[2026-04-03T02:29:58.410+0600][56.440s][info][gc,marking     ] GC(245) Concurrent Mark From Roots 101.849ms
[2026-04-03T02:29:58.410+0600][56.440s][info][gc,marking     ] GC(245) Concurrent Preclean
[2026-04-03T02:29:58.410+0600][56.441s][info][gc,marking     ] GC(245) Concurrent Preclean 0.330ms
[2026-04-03T02:29:58.411+0600][56.441s][info][gc,start       ] GC(245) Pause Remark
[2026-04-03T02:29:58.419+0600][56.450s][info][gc             ] GC(245) Pause Remark 217M->217M(517M) 8.736ms
[2026-04-03T02:29:58.420+0600][56.450s][info][gc,cpu         ] GC(245) User=0.07s Sys=0.00s Real=0.00s
[2026-04-03T02:29:58.420+0600][56.450s][info][gc,marking     ] GC(245) Concurrent Mark 111.637ms
[2026-04-03T02:29:58.420+0600][56.450s][info][gc,marking     ] GC(245) Concurrent Rebuild Remembered Sets and Scrub Regions
[2026-04-03T02:29:58.457+0600][56.487s][info][gc,marking     ] GC(245) Concurrent Rebuild Remembered Sets and Scrub Regions 37.200ms
[2026-04-03T02:29:58.457+0600][56.488s][info][gc,start       ] GC(245) Pause Cleanup
[2026-04-03T02:29:58.458+0600][56.488s][info][gc             ] GC(245) Pause Cleanup 252M->252M(517M) 0.369ms
[2026-04-03T02:29:58.458+0600][56.488s][info][gc,cpu         ] GC(245) User=0.00s Sys=0.00s Real=0.00s
[2026-04-03T02:29:58.458+0600][56.488s][info][gc,marking     ] GC(245) Concurrent Clear Claimed Marks
[2026-04-03T02:29:58.458+0600][56.489s][info][gc,marking     ] GC(245) Concurrent Clear Claimed Marks 0.433ms
[2026-04-03T02:29:58.458+0600][56.489s][info][gc,marking     ] GC(245) Concurrent Cleanup for Next Mark
[2026-04-03T02:29:58.460+0600][56.490s][info][gc,marking     ] GC(245) Concurrent Cleanup for Next Mark 1.300ms
[2026-04-03T02:29:58.460+0600][56.490s][info][gc             ] GC(245) Concurrent Mark Cycle 154.482ms
[2026-04-03T02:29:58.712+0600][56.743s][info][gc,start       ] GC(246) Pause Young (Prepare Mixed) (G1 Evacuation Pause)
[2026-04-03T02:29:58.712+0600][56.743s][info][gc,task        ] GC(246) Using 10 workers of 10 for evacuation
[2026-04-03T02:29:58.716+0600][56.747s][info][gc,phases      ] GC(246)   Pre Evacuate Collection Set: 0.44ms
[2026-04-03T02:29:58.716+0600][56.747s][info][gc,phases      ] GC(246)   Merge Heap Roots: 0.20ms
[2026-04-03T02:29:58.716+0600][56.747s][info][gc,phases      ] GC(246)   Evacuate Collection Set: 2.78ms
[2026-04-03T02:29:58.716+0600][56.747s][info][gc,phases      ] GC(246)   Post Evacuate Collection Set: 0.51ms
[2026-04-03T02:29:58.716+0600][56.747s][info][gc,phases      ] GC(246)   Other: 0.10ms
[2026-04-03T02:29:58.716+0600][56.747s][info][gc,heap        ] GC(246) Eden regions: 248->0(311)
[2026-04-03T02:29:58.716+0600][56.747s][info][gc,heap        ] GC(246) Survivor regions: 7->7(40)
[2026-04-03T02:29:58.716+0600][56.747s][info][gc,heap        ] GC(246) Old regions: 86->87
[2026-04-03T02:29:58.716+0600][56.747s][info][gc,heap        ] GC(246) Humongous regions: 181->8
[2026-04-03T02:29:58.716+0600][56.747s][info][gc,metaspace   ] GC(246) Metaspace: 131722K(133184K)->131722K(133184K) NonClass: 115106K(115840K)->115106K(115840K) Class: 16615K(17344K)->16615K(17344K)
[2026-04-03T02:29:58.716+0600][56.747s][info][gc             ] GC(246) Pause Young (Prepare Mixed) (G1 Evacuation Pause) 520M->99M(530M) 4.243ms
[2026-04-03T02:29:58.716+0600][56.747s][info][gc,cpu         ] GC(246) User=0.02s Sys=0.01s Real=0.00s
[2026-04-03T02:29:59.056+0600][57.087s][info][gc,start       ] GC(247) Pause Young (Mixed) (G1 Evacuation Pause)
[2026-04-03T02:29:59.056+0600][57.087s][info][gc,task        ] GC(247) Using 10 workers of 10 for evacuation
[2026-04-03T02:29:59.060+0600][57.091s][info][gc,phases      ] GC(247)   Pre Evacuate Collection Set: 0.40ms
[2026-04-03T02:29:59.060+0600][57.091s][info][gc,phases      ] GC(247)   Merge Heap Roots: 0.15ms
[2026-04-03T02:29:59.060+0600][57.091s][info][gc,phases      ] GC(247)   Evacuate Collection Set: 2.50ms
[2026-04-03T02:29:59.060+0600][57.091s][info][gc,phases      ] GC(247)   Post Evacuate Collection Set: 0.61ms
[2026-04-03T02:29:59.060+0600][57.091s][info][gc,phases      ] GC(247)   Other: 0.09ms
[2026-04-03T02:29:59.060+0600][57.091s][info][gc,heap        ] GC(247) Eden regions: 311->0(312)
[2026-04-03T02:29:59.060+0600][57.091s][info][gc,heap        ] GC(247) Survivor regions: 7->8(40)
[2026-04-03T02:29:59.060+0600][57.091s][info][gc,heap        ] GC(247) Old regions: 87->85
[2026-04-03T02:29:59.060+0600][57.091s][info][gc,heap        ] GC(247) Humongous regions: 121->8
[2026-04-03T02:29:59.060+0600][57.091s][info][gc,metaspace   ] GC(247) Metaspace: 131725K(133184K)->131725K(133184K) NonClass: 115109K(115840K)->115109K(115840K) Class: 16616K(17344K)->16616K(17344K)
[2026-04-03T02:29:59.060+0600][57.091s][info][gc             ] GC(247) Pause Young (Mixed) (G1 Evacuation Pause) 523M->100M(534M) 4.013ms
[2026-04-03T02:29:59.060+0600][57.091s][info][gc,cpu         ] GC(247) User=0.02s Sys=0.01s Real=0.01s
[2026-04-03T02:29:59.064+0600][57.094s][info][gc,start       ] GC(248) Pause Young (Concurrent Start) (G1 Humongous Allocation)
[2026-04-03T02:29:59.064+0600][57.095s][info][gc,task        ] GC(248) Using 10 workers of 10 for evacuation
[2026-04-03T02:29:59.067+0600][57.097s][info][gc,phases      ] GC(248)   Pre Evacuate Collection Set: 0.24ms
[2026-04-03T02:29:59.067+0600][57.097s][info][gc,phases      ] GC(248)   Merge Heap Roots: 0.09ms
[2026-04-03T02:29:59.067+0600][57.097s][info][gc,phases      ] GC(248)   Evacuate Collection Set: 1.80ms
[2026-04-03T02:29:59.067+0600][57.097s][info][gc,phases      ] GC(248)   Post Evacuate Collection Set: 0.50ms
[2026-04-03T02:29:59.067+0600][57.097s][info][gc,phases      ] GC(248)   Other: 0.10ms
[2026-04-03T02:29:59.067+0600][57.097s][info][gc,heap        ] GC(248) Eden regions: 2->0(305)
[2026-04-03T02:29:59.067+0600][57.097s][info][gc,heap        ] GC(248) Survivor regions: 8->7(40)
[2026-04-03T02:29:59.067+0600][57.097s][info][gc,heap        ] GC(248) Old regions: 85->86
[2026-04-03T02:29:59.067+0600][57.097s][info][gc,heap        ] GC(248) Humongous regions: 8->8
[2026-04-03T02:29:59.067+0600][57.097s][info][gc,metaspace   ] GC(248) Metaspace: 131725K(133184K)->131725K(133184K) NonClass: 115109K(115840K)->115109K(115840K) Class: 16616K(17344K)->16616K(17344K)
[2026-04-03T02:29:59.067+0600][57.097s][info][gc             ] GC(248) Pause Young (Concurrent Start) (G1 Humongous Allocation) 101M->99M(534M) 2.958ms
[2026-04-03T02:29:59.067+0600][57.097s][info][gc             ] GC(249) Concurrent Mark Cycle
[2026-04-03T02:29:59.067+0600][57.098s][info][gc,marking     ] GC(249) Concurrent Scan Root Regions
[2026-04-03T02:29:59.067+0600][57.098s][info][gc,cpu         ] GC(248) User=0.02s Sys=0.00s Real=0.00s
[2026-04-03T02:29:59.069+0600][57.100s][info][gc,marking     ] GC(249) Concurrent Scan Root Regions 2.269ms
[2026-04-03T02:29:59.069+0600][57.100s][info][gc,marking     ] GC(249) Concurrent Mark
[2026-04-03T02:29:59.069+0600][57.100s][info][gc,marking     ] GC(249) Concurrent Mark From Roots
[2026-04-03T02:29:59.069+0600][57.100s][info][gc,task        ] GC(249) Using 3 workers of 3 for marking
[2026-04-03T02:29:59.162+0600][57.193s][info][gc,marking     ] GC(249) Concurrent Mark From Roots 92.854ms
[2026-04-03T02:29:59.162+0600][57.193s][info][gc,marking     ] GC(249) Concurrent Preclean
[2026-04-03T02:29:59.163+0600][57.193s][info][gc,marking     ] GC(249) Concurrent Preclean 0.573ms
[2026-04-03T02:29:59.163+0600][57.194s][info][gc,start       ] GC(249) Pause Remark
[2026-04-03T02:29:59.174+0600][57.205s][info][gc             ] GC(249) Pause Remark 520M->520M(765M) 11.086ms
[2026-04-03T02:29:59.175+0600][57.205s][info][gc,cpu         ] GC(249) User=0.07s Sys=0.01s Real=0.01s
[2026-04-03T02:29:59.175+0600][57.205s][info][gc,marking     ] GC(249) Concurrent Mark 105.310ms
[2026-04-03T02:29:59.175+0600][57.205s][info][gc,marking     ] GC(249) Concurrent Rebuild Remembered Sets and Scrub Regions
[2026-04-03T02:29:59.202+0600][57.232s][info][gc,marking     ] GC(249) Concurrent Rebuild Remembered Sets and Scrub Regions 27.099ms
[2026-04-03T02:29:59.202+0600][57.233s][info][gc,start       ] GC(249) Pause Cleanup
[2026-04-03T02:29:59.203+0600][57.233s][info][gc             ] GC(249) Pause Cleanup 527M->527M(765M) 0.306ms
[2026-04-03T02:29:59.203+0600][57.233s][info][gc,cpu         ] GC(249) User=0.00s Sys=0.00s Real=0.00s
[2026-04-03T02:29:59.203+0600][57.233s][info][gc,marking     ] GC(249) Concurrent Clear Claimed Marks
[2026-04-03T02:29:59.203+0600][57.233s][info][gc,marking     ] GC(249) Concurrent Clear Claimed Marks 0.299ms
[2026-04-03T02:29:59.203+0600][57.233s][info][gc,marking     ] GC(249) Concurrent Cleanup for Next Mark
[2026-04-03T02:29:59.205+0600][57.235s][info][gc,marking     ] GC(249) Concurrent Cleanup for Next Mark 1.727ms
[2026-04-03T02:29:59.205+0600][57.235s][info][gc             ] GC(249) Concurrent Mark Cycle 137.790ms
[2026-04-03T02:29:59.283+0600][57.313s][info][gc,start       ] GC(250) Pause Young (Prepare Mixed) (G1 Evacuation Pause)
[2026-04-03T02:29:59.283+0600][57.313s][info][gc,task        ] GC(250) Using 10 workers of 10 for evacuation
[2026-04-03T02:29:59.286+0600][57.317s][info][gc,phases      ] GC(250)   Pre Evacuate Collection Set: 0.39ms
[2026-04-03T02:29:59.286+0600][57.317s][info][gc,phases      ] GC(250)   Merge Heap Roots: 0.18ms
[2026-04-03T02:29:59.286+0600][57.317s][info][gc,phases      ] GC(250)   Evacuate Collection Set: 1.87ms
[2026-04-03T02:29:59.286+0600][57.317s][info][gc,phases      ] GC(250)   Post Evacuate Collection Set: 0.81ms
[2026-04-03T02:29:59.286+0600][57.317s][info][gc,phases      ] GC(250)   Other: 0.07ms
[2026-04-03T02:29:59.286+0600][57.317s][info][gc,heap        ] GC(250) Eden regions: 91->0(527)
[2026-04-03T02:29:59.286+0600][57.317s][info][gc,heap        ] GC(250) Survivor regions: 7->4(39)
[2026-04-03T02:29:59.286+0600][57.317s][info][gc,heap        ] GC(250) Old regions: 86->86
[2026-04-03T02:29:59.286+0600][57.317s][info][gc,heap        ] GC(250) Humongous regions: 697->8
[2026-04-03T02:29:59.286+0600][57.317s][info][gc,metaspace   ] GC(250) Metaspace: 131730K(133184K)->131730K(133184K) NonClass: 115114K(115840K)->115114K(115840K) Class: 16616K(17344K)->16616K(17344K)
[2026-04-03T02:29:59.286+0600][57.317s][info][gc             ] GC(250) Pause Young (Prepare Mixed) (G1 Evacuation Pause) 879M->96M(885M) 3.528ms
[2026-04-03T02:29:59.286+0600][57.317s][info][gc,cpu         ] GC(250) User=0.02s Sys=0.01s Real=0.00s
[2026-04-03T02:30:00.023+0600][58.053s][info][gc,start       ] GC(251) Pause Young (Mixed) (GCLocker Initiated GC)
[2026-04-03T02:30:00.023+0600][58.054s][info][gc,task        ] GC(251) Using 10 workers of 10 for evacuation
[2026-04-03T02:30:00.031+0600][58.061s][info][gc,phases      ] GC(251)   Pre Evacuate Collection Set: 0.78ms
[2026-04-03T02:30:00.031+0600][58.061s][info][gc,phases      ] GC(251)   Merge Heap Roots: 0.40ms
[2026-04-03T02:30:00.031+0600][58.062s][info][gc,phases      ] GC(251)   Evacuate Collection Set: 4.84ms
[2026-04-03T02:30:00.031+0600][58.062s][info][gc,phases      ] GC(251)   Post Evacuate Collection Set: 1.68ms
[2026-04-03T02:30:00.031+0600][58.062s][info][gc,phases      ] GC(251)   Other: 0.22ms
[2026-04-03T02:30:00.031+0600][58.062s][info][gc,heap        ] GC(251) Eden regions: 497->0(534)
[2026-04-03T02:30:00.031+0600][58.062s][info][gc,heap        ] GC(251) Survivor regions: 4->7(67)
[2026-04-03T02:30:00.031+0600][58.062s][info][gc,heap        ] GC(251) Old regions: 86->85
[2026-04-03T02:30:00.031+0600][58.062s][info][gc,heap        ] GC(251) Humongous regions: 308->8
[2026-04-03T02:30:00.031+0600][58.062s][info][gc,metaspace   ] GC(251) Metaspace: 131759K(133184K)->131759K(133184K) NonClass: 115143K(115840K)->115143K(115840K) Class: 16616K(17344K)->16616K(17344K)
[2026-04-03T02:30:00.031+0600][58.062s][info][gc             ] GC(251) Pause Young (Mixed) (GCLocker Initiated GC) 893M->98M(903M) 8.332ms
[2026-04-03T02:30:00.031+0600][58.062s][info][gc,cpu         ] GC(251) User=0.04s Sys=0.02s Real=0.01s
[2026-04-03T02:30:00.221+0600][58.251s][info][gc,start       ] GC(252) Pause Young (Concurrent Start) (G1 Humongous Allocation)
[2026-04-03T02:30:00.221+0600][58.252s][info][gc,task        ] GC(252) Using 10 workers of 10 for evacuation
[2026-04-03T02:30:00.225+0600][58.255s][info][gc,phases      ] GC(252)   Pre Evacuate Collection Set: 0.56ms
[2026-04-03T02:30:00.225+0600][58.255s][info][gc,phases      ] GC(252)   Merge Heap Roots: 0.22ms
[2026-04-03T02:30:00.225+0600][58.255s][info][gc,phases      ] GC(252)   Evacuate Collection Set: 2.01ms
[2026-04-03T02:30:00.225+0600][58.255s][info][gc,phases      ] GC(252)   Post Evacuate Collection Set: 0.58ms
[2026-04-03T02:30:00.225+0600][58.255s][info][gc,phases      ] GC(252)   Other: 0.22ms
[2026-04-03T02:30:00.225+0600][58.255s][info][gc,heap        ] GC(252) Eden regions: 169->0(535)
[2026-04-03T02:30:00.225+0600][58.255s][info][gc,heap        ] GC(252) Survivor regions: 7->6(68)
[2026-04-03T02:30:00.225+0600][58.255s][info][gc,heap        ] GC(252) Old regions: 85->85
[2026-04-03T02:30:00.225+0600][58.255s][info][gc,heap        ] GC(252) Humongous regions: 140->8
[2026-04-03T02:30:00.225+0600][58.255s][info][gc,metaspace   ] GC(252) Metaspace: 131759K(133184K)->131759K(133184K) NonClass: 115143K(115840K)->115143K(115840K) Class: 16616K(17344K)->16616K(17344K)
[2026-04-03T02:30:00.225+0600][58.255s][info][gc             ] GC(252) Pause Young (Concurrent Start) (G1 Humongous Allocation) 399M->97M(903M) 3.857ms
[2026-04-03T02:30:00.225+0600][58.255s][info][gc,cpu         ] GC(252) User=0.03s Sys=0.00s Real=0.00s
[2026-04-03T02:30:00.225+0600][58.255s][info][gc             ] GC(253) Concurrent Undo Cycle
[2026-04-03T02:30:00.225+0600][58.256s][info][gc,marking     ] GC(253) Concurrent Clear Claimed Marks
[2026-04-03T02:30:00.225+0600][58.256s][info][gc,marking     ] GC(253) Concurrent Clear Claimed Marks 0.210ms
[2026-04-03T02:30:00.225+0600][58.256s][info][gc,marking     ] GC(253) Concurrent Cleanup for Next Mark
[2026-04-03T02:30:00.226+0600][58.256s][info][gc,marking     ] GC(253) Concurrent Cleanup for Next Mark 0.223ms
[2026-04-03T02:30:00.226+0600][58.256s][info][gc             ] GC(253) Concurrent Undo Cycle 0.643ms
[2026-04-03T02:30:00.442+0600][58.473s][info][gc,start       ] GC(254) Pause Young (Concurrent Start) (G1 Humongous Allocation)
[2026-04-03T02:30:00.442+0600][58.473s][info][gc,task        ] GC(254) Using 10 workers of 10 for evacuation
[2026-04-03T02:30:00.448+0600][58.479s][info][gc,phases      ] GC(254)   Pre Evacuate Collection Set: 0.68ms
[2026-04-03T02:30:00.448+0600][58.479s][info][gc,phases      ] GC(254)   Merge Heap Roots: 0.21ms
[2026-04-03T02:30:00.448+0600][58.479s][info][gc,phases      ] GC(254)   Evacuate Collection Set: 3.63ms
[2026-04-03T02:30:00.448+0600][58.479s][info][gc,phases      ] GC(254)   Post Evacuate Collection Set: 1.06ms
[2026-04-03T02:30:00.448+0600][58.479s][info][gc,phases      ] GC(254)   Other: 0.18ms
[2026-04-03T02:30:00.448+0600][58.479s][info][gc,heap        ] GC(254) Eden regions: 150->0(535)
[2026-04-03T02:30:00.448+0600][58.479s][info][gc,heap        ] GC(254) Survivor regions: 6->6(68)
[2026-04-03T02:30:00.448+0600][58.479s][info][gc,heap        ] GC(254) Old regions: 85->85
[2026-04-03T02:30:00.448+0600][58.479s][info][gc,heap        ] GC(254) Humongous regions: 135->8
[2026-04-03T02:30:00.448+0600][58.479s][info][gc,metaspace   ] GC(254) Metaspace: 131768K(133184K)->131768K(133184K) NonClass: 115151K(115840K)->115151K(115840K) Class: 16616K(17344K)->16616K(17344K)
[2026-04-03T02:30:00.449+0600][58.479s][info][gc             ] GC(254) Pause Young (Concurrent Start) (G1 Humongous Allocation) 373M->98M(903M) 6.158ms
[2026-04-03T02:30:00.449+0600][58.479s][info][gc             ] GC(255) Concurrent Undo Cycle
[2026-04-03T02:30:00.449+0600][58.479s][info][gc,cpu         ] GC(254) User=0.03s Sys=0.00s Real=0.00s
[2026-04-03T02:30:00.449+0600][58.479s][info][gc,marking     ] GC(255) Concurrent Clear Claimed Marks
[2026-04-03T02:30:00.449+0600][58.479s][info][gc,marking     ] GC(255) Concurrent Clear Claimed Marks 0.309ms
[2026-04-03T02:30:00.449+0600][58.480s][info][gc,marking     ] GC(255) Concurrent Cleanup for Next Mark
[2026-04-03T02:30:00.449+0600][58.480s][info][gc,marking     ] GC(255) Concurrent Cleanup for Next Mark 0.328ms
[2026-04-03T02:30:00.449+0600][58.480s][info][gc             ] GC(255) Concurrent Undo Cycle 0.888ms
[2026-04-03T02:30:00.972+0600][59.002s][info][gc,start       ] GC(256) Pause Young (Concurrent Start) (G1 Humongous Allocation)
[2026-04-03T02:30:00.972+0600][59.002s][info][gc,task        ] GC(256) Using 10 workers of 10 for evacuation
[2026-04-03T02:30:00.976+0600][59.007s][info][gc,phases      ] GC(256)   Pre Evacuate Collection Set: 0.66ms
[2026-04-03T02:30:00.976+0600][59.007s][info][gc,phases      ] GC(256)   Merge Heap Roots: 0.30ms
[2026-04-03T02:30:00.976+0600][59.007s][info][gc,phases      ] GC(256)   Evacuate Collection Set: 2.55ms
[2026-04-03T02:30:00.976+0600][59.007s][info][gc,phases      ] GC(256)   Post Evacuate Collection Set: 0.94ms
[2026-04-03T02:30:00.976+0600][59.007s][info][gc,phases      ] GC(256)   Other: 0.20ms
[2026-04-03T02:30:00.976+0600][59.007s][info][gc,heap        ] GC(256) Eden regions: 303->0(534)
[2026-04-03T02:30:00.976+0600][59.007s][info][gc,heap        ] GC(256) Survivor regions: 6->7(68)
[2026-04-03T02:30:00.976+0600][59.007s][info][gc,heap        ] GC(256) Old regions: 85->85
[2026-04-03T02:30:00.976+0600][59.007s][info][gc,heap        ] GC(256) Humongous regions: 137->8
[2026-04-03T02:30:00.976+0600][59.007s][info][gc,metaspace   ] GC(256) Metaspace: 131779K(133184K)->131779K(133184K) NonClass: 115162K(115840K)->115162K(115840K) Class: 16616K(17344K)->16616K(17344K)
[2026-04-03T02:30:00.977+0600][59.007s][info][gc             ] GC(256) Pause Young (Concurrent Start) (G1 Humongous Allocation) 529M->98M(903M) 4.984ms
[2026-04-03T02:30:00.977+0600][59.007s][info][gc             ] GC(257) Concurrent Undo Cycle
[2026-04-03T02:30:00.977+0600][59.007s][info][gc,cpu         ] GC(256) User=0.03s Sys=0.00s Real=0.00s
[2026-04-03T02:30:00.977+0600][59.007s][info][gc,marking     ] GC(257) Concurrent Clear Claimed Marks
[2026-04-03T02:30:00.977+0600][59.008s][info][gc,marking     ] GC(257) Concurrent Clear Claimed Marks 0.338ms
[2026-04-03T02:30:00.977+0600][59.008s][info][gc,marking     ] GC(257) Concurrent Cleanup for Next Mark
[2026-04-03T02:30:00.977+0600][59.008s][info][gc,marking     ] GC(257) Concurrent Cleanup for Next Mark 0.265ms
[2026-04-03T02:30:00.977+0600][59.008s][info][gc             ] GC(257) Concurrent Undo Cycle 0.874ms
[2026-04-03T02:30:01.172+0600][59.202s][info][gc,start       ] GC(258) Pause Young (Concurrent Start) (G1 Humongous Allocation)
[2026-04-03T02:30:01.172+0600][59.203s][info][gc,task        ] GC(258) Using 10 workers of 10 for evacuation
[2026-04-03T02:30:01.176+0600][59.206s][info][gc,phases      ] GC(258)   Pre Evacuate Collection Set: 0.52ms
[2026-04-03T02:30:01.176+0600][59.206s][info][gc,phases      ] GC(258)   Merge Heap Roots: 0.19ms
[2026-04-03T02:30:01.176+0600][59.206s][info][gc,phases      ] GC(258)   Evacuate Collection Set: 2.15ms
[2026-04-03T02:30:01.176+0600][59.206s][info][gc,phases      ] GC(258)   Post Evacuate Collection Set: 0.71ms
[2026-04-03T02:30:01.176+0600][59.206s][info][gc,phases      ] GC(258)   Other: 0.11ms
[2026-04-03T02:30:01.176+0600][59.206s][info][gc,heap        ] GC(258) Eden regions: 163->0(535)
[2026-04-03T02:30:01.176+0600][59.206s][info][gc,heap        ] GC(258) Survivor regions: 7->6(68)
[2026-04-03T02:30:01.176+0600][59.206s][info][gc,heap        ] GC(258) Old regions: 85->85
[2026-04-03T02:30:01.176+0600][59.206s][info][gc,heap        ] GC(258) Humongous regions: 140->8
[2026-04-03T02:30:01.176+0600][59.206s][info][gc,metaspace   ] GC(258) Metaspace: 131779K(133184K)->131779K(133184K) NonClass: 115162K(115840K)->115162K(115840K) Class: 16616K(17344K)->16616K(17344K)
[2026-04-03T02:30:01.176+0600][59.206s][info][gc             ] GC(258) Pause Young (Concurrent Start) (G1 Humongous Allocation) 392M->97M(903M) 3.936ms
[2026-04-03T02:30:01.176+0600][59.206s][info][gc             ] GC(259) Concurrent Undo Cycle
[2026-04-03T02:30:01.176+0600][59.206s][info][gc,cpu         ] GC(258) User=0.02s Sys=0.00s Real=0.00s
[2026-04-03T02:30:01.176+0600][59.207s][info][gc,marking     ] GC(259) Concurrent Clear Claimed Marks
[2026-04-03T02:30:01.176+0600][59.207s][info][gc,marking     ] GC(259) Concurrent Clear Claimed Marks 0.310ms
[2026-04-03T02:30:01.176+0600][59.207s][info][gc,marking     ] GC(259) Concurrent Cleanup for Next Mark
[2026-04-03T02:30:01.177+0600][59.207s][info][gc,marking     ] GC(259) Concurrent Cleanup for Next Mark 0.266ms
[2026-04-03T02:30:01.177+0600][59.207s][info][gc             ] GC(259) Concurrent Undo Cycle 0.791ms
[2026-04-03T02:30:01.395+0600][59.426s][info][gc,start       ] GC(260) Pause Young (Concurrent Start) (G1 Humongous Allocation)
[2026-04-03T02:30:01.395+0600][59.426s][info][gc,task        ] GC(260) Using 10 workers of 10 for evacuation
[2026-04-03T02:30:01.401+0600][59.431s][info][gc,phases      ] GC(260)   Pre Evacuate Collection Set: 0.71ms
[2026-04-03T02:30:01.401+0600][59.431s][info][gc,phases      ] GC(260)   Merge Heap Roots: 0.20ms
[2026-04-03T02:30:01.401+0600][59.431s][info][gc,phases      ] GC(260)   Evacuate Collection Set: 3.57ms
[2026-04-03T02:30:01.401+0600][59.431s][info][gc,phases      ] GC(260)   Post Evacuate Collection Set: 0.76ms
[2026-04-03T02:30:01.401+0600][59.431s][info][gc,phases      ] GC(260)   Other: 0.17ms
[2026-04-03T02:30:01.401+0600][59.431s][info][gc,heap        ] GC(260) Eden regions: 187->0(533)
[2026-04-03T02:30:01.401+0600][59.431s][info][gc,heap        ] GC(260) Survivor regions: 6->8(68)
[2026-04-03T02:30:01.401+0600][59.431s][info][gc,heap        ] GC(260) Old regions: 85->85
[2026-04-03T02:30:01.401+0600][59.431s][info][gc,heap        ] GC(260) Humongous regions: 143->8
[2026-04-03T02:30:01.401+0600][59.431s][info][gc,metaspace   ] GC(260) Metaspace: 131779K(133184K)->131779K(133184K) NonClass: 115162K(115840K)->115162K(115840K) Class: 16616K(17344K)->16616K(17344K)
[2026-04-03T02:30:01.401+0600][59.432s][info][gc             ] GC(260) Pause Young (Concurrent Start) (G1 Humongous Allocation) 419M->99M(903M) 5.712ms
[2026-04-03T02:30:01.401+0600][59.432s][info][gc             ] GC(261) Concurrent Undo Cycle
[2026-04-03T02:30:01.401+0600][59.432s][info][gc,cpu         ] GC(260) User=0.04s Sys=0.00s Real=0.01s
[2026-04-03T02:30:01.401+0600][59.432s][info][gc,marking     ] GC(261) Concurrent Clear Claimed Marks
[2026-04-03T02:30:01.402+0600][59.432s][info][gc,marking     ] GC(261) Concurrent Clear Claimed Marks 0.312ms
[2026-04-03T02:30:01.402+0600][59.432s][info][gc,marking     ] GC(261) Concurrent Cleanup for Next Mark
[2026-04-03T02:30:01.402+0600][59.433s][info][gc,marking     ] GC(261) Concurrent Cleanup for Next Mark 0.560ms
[2026-04-03T02:30:01.402+0600][59.433s][info][gc             ] GC(261) Concurrent Undo Cycle 1.053ms
[2026-04-03T02:30:01.753+0600][59.783s][info][gc,start       ] GC(262) Pause Young (Concurrent Start) (G1 Humongous Allocation)
[2026-04-03T02:30:01.753+0600][59.784s][info][gc,task        ] GC(262) Using 10 workers of 10 for evacuation
[2026-04-03T02:30:01.757+0600][59.788s][info][gc,phases      ] GC(262)   Pre Evacuate Collection Set: 0.52ms
[2026-04-03T02:30:01.757+0600][59.788s][info][gc,phases      ] GC(262)   Merge Heap Roots: 0.20ms
[2026-04-03T02:30:01.757+0600][59.788s][info][gc,phases      ] GC(262)   Evacuate Collection Set: 2.33ms
[2026-04-03T02:30:01.757+0600][59.788s][info][gc,phases      ] GC(262)   Post Evacuate Collection Set: 0.91ms
[2026-04-03T02:30:01.757+0600][59.788s][info][gc,phases      ] GC(262)   Other: 0.15ms
[2026-04-03T02:30:01.757+0600][59.788s][info][gc,heap        ] GC(262) Eden regions: 294->0(533)
[2026-04-03T02:30:01.757+0600][59.788s][info][gc,heap        ] GC(262) Survivor regions: 8->8(68)
[2026-04-03T02:30:01.757+0600][59.788s][info][gc,heap        ] GC(262) Old regions: 85->85
[2026-04-03T02:30:01.757+0600][59.788s][info][gc,heap        ] GC(262) Humongous regions: 145->8
[2026-04-03T02:30:01.757+0600][59.788s][info][gc,metaspace   ] GC(262) Metaspace: 131779K(133184K)->131779K(133184K) NonClass: 115163K(115840K)->115163K(115840K) Class: 16616K(17344K)->16616K(17344K)
[2026-04-03T02:30:01.757+0600][59.788s][info][gc             ] GC(262) Pause Young (Concurrent Start) (G1 Humongous Allocation) 530M->99M(903M) 4.370ms
[2026-04-03T02:30:01.757+0600][59.788s][info][gc             ] GC(263) Concurrent Undo Cycle
[2026-04-03T02:30:01.757+0600][59.788s][info][gc,cpu         ] GC(262) User=0.03s Sys=0.00s Real=0.00s
[2026-04-03T02:30:01.758+0600][59.788s][info][gc,marking     ] GC(263) Concurrent Clear Claimed Marks
[2026-04-03T02:30:01.758+0600][59.788s][info][gc,marking     ] GC(263) Concurrent Clear Claimed Marks 0.271ms
[2026-04-03T02:30:01.758+0600][59.788s][info][gc,marking     ] GC(263) Concurrent Cleanup for Next Mark
[2026-04-03T02:30:01.758+0600][59.788s][info][gc,marking     ] GC(263) Concurrent Cleanup for Next Mark 0.204ms
[2026-04-03T02:30:01.758+0600][59.788s][info][gc             ] GC(263) Concurrent Undo Cycle 0.602ms
[2026-04-03T02:30:01.930+0600][59.960s][info][gc,start       ] GC(264) Pause Young (Concurrent Start) (G1 Humongous Allocation)
[2026-04-03T02:30:01.930+0600][59.960s][info][gc,task        ] GC(264) Using 10 workers of 10 for evacuation
[2026-04-03T02:30:01.934+0600][59.964s][info][gc,phases      ] GC(264)   Pre Evacuate Collection Set: 0.50ms
[2026-04-03T02:30:01.934+0600][59.964s][info][gc,phases      ] GC(264)   Merge Heap Roots: 0.15ms
[2026-04-03T02:30:01.934+0600][59.964s][info][gc,phases      ] GC(264)   Evacuate Collection Set: 2.07ms
[2026-04-03T02:30:01.934+0600][59.964s][info][gc,phases      ] GC(264)   Post Evacuate Collection Set: 0.92ms
[2026-04-03T02:30:01.934+0600][59.964s][info][gc,phases      ] GC(264)   Other: 0.20ms
[2026-04-03T02:30:01.934+0600][59.964s][info][gc,heap        ] GC(264) Eden regions: 140->0(532)
[2026-04-03T02:30:01.934+0600][59.964s][info][gc,heap        ] GC(264) Survivor regions: 8->9(68)
[2026-04-03T02:30:01.934+0600][59.964s][info][gc,heap        ] GC(264) Old regions: 85->86
[2026-04-03T02:30:01.934+0600][59.964s][info][gc,heap        ] GC(264) Humongous regions: 146->8
[2026-04-03T02:30:01.934+0600][59.964s][info][gc,metaspace   ] GC(264) Metaspace: 131780K(133184K)->131780K(133184K) NonClass: 115164K(115840K)->115164K(115840K) Class: 16616K(17344K)->16616K(17344K)
[2026-04-03T02:30:01.934+0600][59.964s][info][gc             ] GC(264) Pause Young (Concurrent Start) (G1 Humongous Allocation) 377M->100M(903M) 4.208ms
[2026-04-03T02:30:01.934+0600][59.964s][info][gc,cpu         ] GC(264) User=0.03s Sys=0.00s Real=0.01s
[2026-04-03T02:30:01.934+0600][59.964s][info][gc             ] GC(265) Concurrent Undo Cycle
[2026-04-03T02:30:01.934+0600][59.964s][info][gc,marking     ] GC(265) Concurrent Clear Claimed Marks
[2026-04-03T02:30:01.934+0600][59.965s][info][gc,marking     ] GC(265) Concurrent Clear Claimed Marks 0.297ms
[2026-04-03T02:30:01.934+0600][59.965s][info][gc,marking     ] GC(265) Concurrent Cleanup for Next Mark
[2026-04-03T02:30:01.935+0600][59.965s][info][gc,marking     ] GC(265) Concurrent Cleanup for Next Mark 0.320ms
[2026-04-03T02:30:01.935+0600][59.965s][info][gc             ] GC(265) Concurrent Undo Cycle 0.847ms
[2026-04-03T02:30:01.947+0600][59.978s][info][gc,start       ] GC(266) Pause Young (Concurrent Start) (G1 Humongous Allocation)
[2026-04-03T02:30:01.947+0600][59.978s][info][gc,task        ] GC(266) Using 10 workers of 10 for evacuation
[2026-04-03T02:30:01.951+0600][59.981s][info][gc,phases      ] GC(266)   Pre Evacuate Collection Set: 0.43ms
[2026-04-03T02:30:01.951+0600][59.981s][info][gc,phases      ] GC(266)   Merge Heap Roots: 0.20ms
[2026-04-03T02:30:01.951+0600][59.981s][info][gc,phases      ] GC(266)   Evacuate Collection Set: 2.20ms
[2026-04-03T02:30:01.951+0600][59.981s][info][gc,phases      ] GC(266)   Post Evacuate Collection Set: 0.53ms
[2026-04-03T02:30:01.951+0600][59.981s][info][gc,phases      ] GC(266)   Other: 0.14ms
[2026-04-03T02:30:01.951+0600][59.981s][info][gc,heap        ] GC(266) Eden regions: 12->0(533)
[2026-04-03T02:30:01.951+0600][59.981s][info][gc,heap        ] GC(266) Survivor regions: 9->8(68)
[2026-04-03T02:30:01.951+0600][59.981s][info][gc,heap        ] GC(266) Old regions: 86->86
[2026-04-03T02:30:01.951+0600][59.981s][info][gc,heap        ] GC(266) Humongous regions: 148->18
[2026-04-03T02:30:01.951+0600][59.981s][info][gc,metaspace   ] GC(266) Metaspace: 131780K(133184K)->131780K(133184K) NonClass: 115164K(115840K)->115164K(115840K) Class: 16616K(17344K)->16616K(17344K)
[2026-04-03T02:30:01.951+0600][59.981s][info][gc             ] GC(266) Pause Young (Concurrent Start) (G1 Humongous Allocation) 252M->110M(903M) 3.814ms
[2026-04-03T02:30:01.951+0600][59.981s][info][gc             ] GC(267) Concurrent Undo Cycle
[2026-04-03T02:30:01.951+0600][59.981s][info][gc,marking     ] GC(267) Concurrent Clear Claimed Marks
[2026-04-03T02:30:01.951+0600][59.981s][info][gc,cpu         ] GC(266) User=0.03s Sys=0.00s Real=0.01s
[2026-04-03T02:30:01.951+0600][59.982s][info][gc,marking     ] GC(267) Concurrent Clear Claimed Marks 0.303ms
[2026-04-03T02:30:01.951+0600][59.982s][info][gc,marking     ] GC(267) Concurrent Cleanup for Next Mark
[2026-04-03T02:30:01.952+0600][59.982s][info][gc,marking     ] GC(267) Concurrent Cleanup for Next Mark 0.233ms
[2026-04-03T02:30:01.952+0600][59.982s][info][gc             ] GC(267) Concurrent Undo Cycle 0.697ms
[2026-04-03T02:30:01.955+0600][59.986s][info][gc,start       ] GC(268) Pause Young (Concurrent Start) (G1 Humongous Allocation)
[2026-04-03T02:30:01.956+0600][59.986s][info][gc,task        ] GC(268) Using 10 workers of 10 for evacuation
[2026-04-03T02:30:01.959+0600][59.989s][info][gc,phases      ] GC(268)   Pre Evacuate Collection Set: 0.39ms
[2026-04-03T02:30:01.959+0600][59.989s][info][gc,phases      ] GC(268)   Merge Heap Roots: 0.10ms
[2026-04-03T02:30:01.959+0600][59.989s][info][gc,phases      ] GC(268)   Evacuate Collection Set: 2.21ms
[2026-04-03T02:30:01.959+0600][59.989s][info][gc,phases      ] GC(268)   Post Evacuate Collection Set: 0.52ms
[2026-04-03T02:30:01.959+0600][59.989s][info][gc,phases      ] GC(268)   Other: 0.14ms
[2026-04-03T02:30:01.959+0600][59.989s][info][gc,heap        ] GC(268) Eden regions: 5->0(533)
[2026-04-03T02:30:01.959+0600][59.989s][info][gc,heap        ] GC(268) Survivor regions: 8->8(68)
[2026-04-03T02:30:01.959+0600][59.989s][info][gc,heap        ] GC(268) Old regions: 86->86
[2026-04-03T02:30:01.959+0600][59.989s][info][gc,heap        ] GC(268) Humongous regions: 53->8
[2026-04-03T02:30:01.959+0600][59.989s][info][gc,metaspace   ] GC(268) Metaspace: 131780K(133184K)->131780K(133184K) NonClass: 115164K(115840K)->115164K(115840K) Class: 16616K(17344K)->16616K(17344K)
[2026-04-03T02:30:01.959+0600][59.990s][info][gc             ] GC(268) Pause Young (Concurrent Start) (G1 Humongous Allocation) 150M->100M(903M) 3.640ms
[2026-04-03T02:30:01.959+0600][59.990s][info][gc             ] GC(269) Concurrent Undo Cycle
[2026-04-03T02:30:01.959+0600][59.990s][info][gc,cpu         ] GC(268) User=0.02s Sys=0.00s Real=0.00s
[2026-04-03T02:30:01.959+0600][59.990s][info][gc,marking     ] GC(269) Concurrent Clear Claimed Marks
[2026-04-03T02:30:01.959+0600][59.990s][info][gc,marking     ] GC(269) Concurrent Clear Claimed Marks 0.280ms
[2026-04-03T02:30:01.959+0600][59.990s][info][gc,marking     ] GC(269) Concurrent Cleanup for Next Mark
[2026-04-03T02:30:01.960+0600][59.991s][info][gc,marking     ] GC(269) Concurrent Cleanup for Next Mark 0.848ms
[2026-04-03T02:30:01.961+0600][59.992s][info][gc             ] GC(269) Concurrent Undo Cycle 2.234ms
[2026-04-03T02:30:01.965+0600][59.996s][info][gc,start       ] GC(270) Pause Young (Concurrent Start) (G1 Humongous Allocation)
[2026-04-03T02:30:01.965+0600][59.996s][info][gc,task        ] GC(270) Using 10 workers of 10 for evacuation
[2026-04-03T02:30:01.969+0600][59.999s][info][gc,phases      ] GC(270)   Pre Evacuate Collection Set: 0.44ms
[2026-04-03T02:30:01.969+0600][59.999s][info][gc,phases      ] GC(270)   Merge Heap Roots: 0.12ms
[2026-04-03T02:30:01.969+0600][59.999s][info][gc,phases      ] GC(270)   Evacuate Collection Set: 2.34ms
[2026-04-03T02:30:01.969+0600][59.999s][info][gc,phases      ] GC(270)   Post Evacuate Collection Set: 0.55ms
[2026-04-03T02:30:01.969+0600][59.999s][info][gc,phases      ] GC(270)   Other: 0.12ms
[2026-04-03T02:30:01.969+0600][60.000s][info][gc,heap        ] GC(270) Eden regions: 5->0(533)
[2026-04-03T02:30:01.969+0600][60.000s][info][gc,heap        ] GC(270) Survivor regions: 8->8(68)
[2026-04-03T02:30:01.969+0600][60.000s][info][gc,heap        ] GC(270) Old regions: 86->86
[2026-04-03T02:30:01.969+0600][60.000s][info][gc,heap        ] GC(270) Humongous regions: 58->13
[2026-04-03T02:30:01.969+0600][60.000s][info][gc,metaspace   ] GC(270) Metaspace: 131780K(133184K)->131780K(133184K) NonClass: 115164K(115840K)->115164K(115840K) Class: 16616K(17344K)->16616K(17344K)
[2026-04-03T02:30:01.969+0600][60.000s][info][gc             ] GC(270) Pause Young (Concurrent Start) (G1 Humongous Allocation) 154M->105M(903M) 3.884ms
[2026-04-03T02:30:01.969+0600][60.000s][info][gc             ] GC(271) Concurrent Undo Cycle
[2026-04-03T02:30:01.969+0600][60.000s][info][gc,cpu         ] GC(270) User=0.02s Sys=0.01s Real=0.00s
[2026-04-03T02:30:01.969+0600][60.000s][info][gc,marking     ] GC(271) Concurrent Clear Claimed Marks
[2026-04-03T02:30:01.970+0600][60.000s][info][gc,marking     ] GC(271) Concurrent Clear Claimed Marks 0.320ms
[2026-04-03T02:30:01.970+0600][60.000s][info][gc,marking     ] GC(271) Concurrent Cleanup for Next Mark
[2026-04-03T02:30:01.970+0600][60.000s][info][gc,marking     ] GC(271) Concurrent Cleanup for Next Mark 0.337ms
[2026-04-03T02:30:01.970+0600][60.001s][info][gc             ] GC(271) Concurrent Undo Cycle 0.860ms
[2026-04-03T02:30:01.971+0600][60.001s][info][gc,start       ] GC(272) Pause Young (Concurrent Start) (G1 Humongous Allocation)
[2026-04-03T02:30:01.971+0600][60.001s][info][gc,task        ] GC(272) Using 10 workers of 10 for evacuation
[2026-04-03T02:30:01.974+0600][60.005s][info][gc,phases      ] GC(272)   Pre Evacuate Collection Set: 0.34ms
[2026-04-03T02:30:01.975+0600][60.005s][info][gc,phases      ] GC(272)   Merge Heap Roots: 0.10ms
[2026-04-03T02:30:01.975+0600][60.005s][info][gc,phases      ] GC(272)   Evacuate Collection Set: 2.41ms
[2026-04-03T02:30:01.975+0600][60.005s][info][gc,phases      ] GC(272)   Post Evacuate Collection Set: 0.53ms
[2026-04-03T02:30:01.975+0600][60.005s][info][gc,phases      ] GC(272)   Other: 0.12ms
[2026-04-03T02:30:01.975+0600][60.005s][info][gc,heap        ] GC(272) Eden regions: 3->0(534)
[2026-04-03T02:30:01.975+0600][60.005s][info][gc,heap        ] GC(272) Survivor regions: 8->7(68)
[2026-04-03T02:30:01.975+0600][60.005s][info][gc,heap        ] GC(272) Old regions: 86->86
[2026-04-03T02:30:01.975+0600][60.005s][info][gc,heap        ] GC(272) Humongous regions: 18->8
[2026-04-03T02:30:01.975+0600][60.005s][info][gc,metaspace   ] GC(272) Metaspace: 131780K(133184K)->131780K(133184K) NonClass: 115164K(115840K)->115164K(115840K) Class: 16616K(17344K)->16616K(17344K)
[2026-04-03T02:30:01.975+0600][60.005s][info][gc             ] GC(272) Pause Young (Concurrent Start) (G1 Humongous Allocation) 112M->99M(903M) 3.791ms
[2026-04-03T02:30:01.975+0600][60.005s][info][gc             ] GC(273) Concurrent Mark Cycle
[2026-04-03T02:30:01.975+0600][60.005s][info][gc,marking     ] GC(273) Concurrent Scan Root Regions
[2026-04-03T02:30:01.975+0600][60.005s][info][gc,cpu         ] GC(272) User=0.03s Sys=0.00s Real=0.00s
[2026-04-03T02:30:01.977+0600][60.008s][info][gc,marking     ] GC(273) Concurrent Scan Root Regions 2.328ms
[2026-04-03T02:30:01.977+0600][60.008s][info][gc,marking     ] GC(273) Concurrent Mark
[2026-04-03T02:30:01.977+0600][60.008s][info][gc,marking     ] GC(273) Concurrent Mark From Roots
[2026-04-03T02:30:01.977+0600][60.008s][info][gc,task        ] GC(273) Using 3 workers of 3 for marking
[2026-04-03T02:30:02.065+0600][60.095s][info][gc,marking     ] GC(273) Concurrent Mark From Roots 87.694ms
[2026-04-03T02:30:02.074+0600][60.105s][info][gc,marking     ] GC(273) Concurrent Preclean
[2026-04-03T02:30:02.075+0600][60.105s][info][gc,marking     ] GC(273) Concurrent Preclean 0.835ms
[2026-04-03T02:30:02.076+0600][60.107s][info][gc,start       ] GC(273) Pause Remark
[2026-04-03T02:30:02.086+0600][60.116s][info][gc             ] GC(273) Pause Remark 221M->221M(600M) 9.083ms
[2026-04-03T02:30:02.086+0600][60.116s][info][gc,cpu         ] GC(273) User=0.06s Sys=0.01s Real=0.01s
[2026-04-03T02:30:02.086+0600][60.117s][info][gc,marking     ] GC(273) Concurrent Mark 108.929ms
[2026-04-03T02:30:02.086+0600][60.117s][info][gc,marking     ] GC(273) Concurrent Rebuild Remembered Sets and Scrub Regions
[2026-04-03T02:30:02.121+0600][60.151s][info][gc,marking     ] GC(273) Concurrent Rebuild Remembered Sets and Scrub Regions 34.509ms
[2026-04-03T02:30:02.121+0600][60.151s][info][gc,start       ] GC(273) Pause Cleanup
[2026-04-03T02:30:02.121+0600][60.152s][info][gc             ] GC(273) Pause Cleanup 531M->531M(600M) 0.413ms
[2026-04-03T02:30:02.122+0600][60.152s][info][gc,cpu         ] GC(273) User=0.00s Sys=0.00s Real=0.00s
[2026-04-03T02:30:02.122+0600][60.152s][info][gc,marking     ] GC(273) Concurrent Clear Claimed Marks
[2026-04-03T02:30:02.122+0600][60.153s][info][gc,marking     ] GC(273) Concurrent Clear Claimed Marks 0.402ms
[2026-04-03T02:30:02.122+0600][60.153s][info][gc,marking     ] GC(273) Concurrent Cleanup for Next Mark
[2026-04-03T02:30:02.123+0600][60.154s][info][gc,marking     ] GC(273) Concurrent Cleanup for Next Mark 0.942ms
[2026-04-03T02:30:02.123+0600][60.154s][info][gc             ] GC(273) Concurrent Mark Cycle 148.460ms
[2026-04-03T02:30:02.170+0600][60.201s][info][gc,start       ] GC(274) Pause Young (Prepare Mixed) (G1 Evacuation Pause)
[2026-04-03T02:30:02.170+0600][60.201s][info][gc,task        ] GC(274) Using 10 workers of 10 for evacuation
[2026-04-03T02:30:02.173+0600][60.203s][info][gc,phases      ] GC(274)   Pre Evacuate Collection Set: 0.37ms
[2026-04-03T02:30:02.173+0600][60.203s][info][gc,phases      ] GC(274)   Merge Heap Roots: 0.15ms
[2026-04-03T02:30:02.173+0600][60.203s][info][gc,phases      ] GC(274)   Evacuate Collection Set: 1.22ms
[2026-04-03T02:30:02.173+0600][60.203s][info][gc,phases      ] GC(274)   Post Evacuate Collection Set: 0.58ms
[2026-04-03T02:30:02.173+0600][60.203s][info][gc,phases      ] GC(274)   Other: 0.07ms
[2026-04-03T02:30:02.173+0600][60.203s][info][gc,heap        ] GC(274) Eden regions: 111->0(359)
[2026-04-03T02:30:02.173+0600][60.203s][info][gc,heap        ] GC(274) Survivor regions: 7->4(45)
[2026-04-03T02:30:02.173+0600][60.203s][info][gc,heap        ] GC(274) Old regions: 86->87
[2026-04-03T02:30:02.173+0600][60.203s][info][gc,heap        ] GC(274) Humongous regions: 396->8
[2026-04-03T02:30:02.173+0600][60.203s][info][gc,metaspace   ] GC(274) Metaspace: 131782K(133184K)->131782K(133184K) NonClass: 115166K(115840K)->115166K(115840K) Class: 16616K(17344K)->16616K(17344K)
[2026-04-03T02:30:02.173+0600][60.203s][info][gc             ] GC(274) Pause Young (Prepare Mixed) (G1 Evacuation Pause) 598M->96M(605M) 2.615ms
[2026-04-03T02:30:02.173+0600][60.203s][info][gc,cpu         ] GC(274) User=0.02s Sys=0.00s Real=0.00s
[2026-04-03T02:30:02.724+0600][60.754s][info][gc,start       ] GC(275) Pause Young (Mixed) (G1 Evacuation Pause)
[2026-04-03T02:30:02.724+0600][60.754s][info][gc,task        ] GC(275) Using 10 workers of 10 for evacuation
[2026-04-03T02:30:02.730+0600][60.760s][info][gc,phases      ] GC(275)   Pre Evacuate Collection Set: 0.46ms
[2026-04-03T02:30:02.730+0600][60.760s][info][gc,phases      ] GC(275)   Merge Heap Roots: 0.23ms
[2026-04-03T02:30:02.730+0600][60.760s][info][gc,phases      ] GC(275)   Evacuate Collection Set: 4.26ms
[2026-04-03T02:30:02.730+0600][60.760s][info][gc,phases      ] GC(275)   Post Evacuate Collection Set: 1.01ms
[2026-04-03T02:30:02.730+0600][60.760s][info][gc,phases      ] GC(275)   Other: 0.15ms
[2026-04-03T02:30:02.730+0600][60.760s][info][gc,heap        ] GC(275) Eden regions: 323->0(359)
[2026-04-03T02:30:02.730+0600][60.760s][info][gc,heap        ] GC(275) Survivor regions: 4->8(46)
[2026-04-03T02:30:02.730+0600][60.760s][info][gc,heap        ] GC(275) Old regions: 87->85
[2026-04-03T02:30:02.730+0600][60.760s][info][gc,heap        ] GC(275) Humongous regions: 191->8
[2026-04-03T02:30:02.730+0600][60.760s][info][gc,metaspace   ] GC(275) Metaspace: 131810K(133248K)->131810K(133248K) NonClass: 115193K(115904K)->115193K(115904K) Class: 16616K(17344K)->16616K(17344K)
[2026-04-03T02:30:02.730+0600][60.760s][info][gc             ] GC(275) Pause Young (Mixed) (G1 Evacuation Pause) 602M->99M(613M) 6.413ms
[2026-04-03T02:30:02.730+0600][60.760s][info][gc,cpu         ] GC(275) User=0.04s Sys=0.01s Real=0.01s
[2026-04-03T02:30:02.739+0600][60.769s][info][gc,start       ] GC(276) Pause Young (Concurrent Start) (GCLocker Initiated GC)
[2026-04-03T02:30:02.739+0600][60.770s][info][gc,task        ] GC(276) Using 10 workers of 10 for evacuation
[2026-04-03T02:30:02.744+0600][60.774s][info][gc,phases      ] GC(276)   Pre Evacuate Collection Set: 0.63ms
[2026-04-03T02:30:02.744+0600][60.774s][info][gc,phases      ] GC(276)   Merge Heap Roots: 0.26ms
[2026-04-03T02:30:02.744+0600][60.774s][info][gc,phases      ] GC(276)   Evacuate Collection Set: 2.88ms
[2026-04-03T02:30:02.744+0600][60.774s][info][gc,phases      ] GC(276)   Post Evacuate Collection Set: 0.68ms
[2026-04-03T02:30:02.744+0600][60.774s][info][gc,phases      ] GC(276)   Other: 0.21ms
[2026-04-03T02:30:02.744+0600][60.774s][info][gc,heap        ] GC(276) Eden regions: 15->0(359)
[2026-04-03T02:30:02.744+0600][60.774s][info][gc,heap        ] GC(276) Survivor regions: 8->8(46)
[2026-04-03T02:30:02.744+0600][60.774s][info][gc,heap        ] GC(276) Old regions: 85->86
[2026-04-03T02:30:02.744+0600][60.774s][info][gc,heap        ] GC(276) Humongous regions: 8->8
[2026-04-03T02:30:02.744+0600][60.774s][info][gc,metaspace   ] GC(276) Metaspace: 131810K(133248K)->131810K(133248K) NonClass: 115193K(115904K)->115193K(115904K) Class: 16616K(17344K)->16616K(17344K)
[2026-04-03T02:30:02.744+0600][60.774s][info][gc             ] GC(276) Pause Young (Concurrent Start) (GCLocker Initiated GC) 113M->99M(613M) 4.986ms
[2026-04-03T02:30:02.744+0600][60.775s][info][gc,cpu         ] GC(276) User=0.03s Sys=0.00s Real=0.01s
[2026-04-03T02:30:02.744+0600][60.775s][info][gc             ] GC(277) Concurrent Mark Cycle
[2026-04-03T02:30:02.744+0600][60.775s][info][gc,marking     ] GC(277) Concurrent Scan Root Regions
[2026-04-03T02:30:02.749+0600][60.779s][info][gc,marking     ] GC(277) Concurrent Scan Root Regions 4.761ms
[2026-04-03T02:30:02.749+0600][60.780s][info][gc,marking     ] GC(277) Concurrent Mark
[2026-04-03T02:30:02.749+0600][60.780s][info][gc,marking     ] GC(277) Concurrent Mark From Roots
[2026-04-03T02:30:02.749+0600][60.780s][info][gc,task        ] GC(277) Using 3 workers of 3 for marking
[2026-04-03T02:30:02.846+0600][60.877s][info][gc,marking     ] GC(277) Concurrent Mark From Roots 96.956ms
[2026-04-03T02:30:02.846+0600][60.877s][info][gc,marking     ] GC(277) Concurrent Preclean
[2026-04-03T02:30:02.846+0600][60.877s][info][gc,marking     ] GC(277) Concurrent Preclean 0.308ms
[2026-04-03T02:30:02.847+0600][60.877s][info][gc,start       ] GC(277) Pause Remark
[2026-04-03T02:30:02.856+0600][60.887s][info][gc             ] GC(277) Pause Remark 227M->227M(550M) 9.364ms
[2026-04-03T02:30:02.856+0600][60.887s][info][gc,cpu         ] GC(277) User=0.07s Sys=0.00s Real=0.01s
[2026-04-03T02:30:02.858+0600][60.888s][info][gc,marking     ] GC(277) Concurrent Mark 108.482ms
[2026-04-03T02:30:02.858+0600][60.888s][info][gc,marking     ] GC(277) Concurrent Rebuild Remembered Sets and Scrub Regions
[2026-04-03T02:30:02.897+0600][60.928s][info][gc,marking     ] GC(277) Concurrent Rebuild Remembered Sets and Scrub Regions 39.687ms
[2026-04-03T02:30:02.898+0600][60.928s][info][gc,start       ] GC(277) Pause Cleanup
[2026-04-03T02:30:02.898+0600][60.929s][info][gc             ] GC(277) Pause Cleanup 263M->263M(550M) 0.323ms
[2026-04-03T02:30:02.898+0600][60.929s][info][gc,cpu         ] GC(277) User=0.00s Sys=0.00s Real=0.00s
[2026-04-03T02:30:02.898+0600][60.929s][info][gc,marking     ] GC(277) Concurrent Clear Claimed Marks
[2026-04-03T02:30:02.899+0600][60.929s][info][gc,marking     ] GC(277) Concurrent Clear Claimed Marks 0.369ms
[2026-04-03T02:30:02.899+0600][60.929s][info][gc,marking     ] GC(277) Concurrent Cleanup for Next Mark
[2026-04-03T02:30:02.899+0600][60.930s][info][gc,marking     ] GC(277) Concurrent Cleanup for Next Mark 0.766ms
[2026-04-03T02:30:02.900+0600][60.930s][info][gc             ] GC(277) Concurrent Mark Cycle 155.370ms
[2026-04-03T02:30:03.112+0600][61.142s][info][gc,start       ] GC(278) Pause Young (Prepare Mixed) (G1 Evacuation Pause)
[2026-04-03T02:30:03.112+0600][61.142s][info][gc,task        ] GC(278) Using 10 workers of 10 for evacuation
[2026-04-03T02:30:03.116+0600][61.147s][info][gc,phases      ] GC(278)   Pre Evacuate Collection Set: 0.40ms
[2026-04-03T02:30:03.116+0600][61.147s][info][gc,phases      ] GC(278)   Merge Heap Roots: 0.14ms
[2026-04-03T02:30:03.116+0600][61.147s][info][gc,phases      ] GC(278)   Evacuate Collection Set: 2.91ms
[2026-04-03T02:30:03.116+0600][61.147s][info][gc,phases      ] GC(278)   Post Evacuate Collection Set: 0.63ms
[2026-04-03T02:30:03.116+0600][61.147s][info][gc,phases      ] GC(278)   Other: 0.09ms
[2026-04-03T02:30:03.116+0600][61.147s][info][gc,heap        ] GC(278) Eden regions: 249->0(334)
[2026-04-03T02:30:03.116+0600][61.147s][info][gc,heap        ] GC(278) Survivor regions: 8->7(42)
[2026-04-03T02:30:03.116+0600][61.147s][info][gc,heap        ] GC(278) Old regions: 86->87
[2026-04-03T02:30:03.116+0600][61.147s][info][gc,heap        ] GC(278) Humongous regions: 218->8
[2026-04-03T02:30:03.116+0600][61.147s][info][gc,metaspace   ] GC(278) Metaspace: 131810K(133248K)->131810K(133248K) NonClass: 115193K(115904K)->115193K(115904K) Class: 16616K(17344K)->16616K(17344K)
[2026-04-03T02:30:03.116+0600][61.147s][info][gc             ] GC(278) Pause Young (Prepare Mixed) (G1 Evacuation Pause) 558M->99M(569M) 4.399ms
[2026-04-03T02:30:03.116+0600][61.147s][info][gc,cpu         ] GC(278) User=0.02s Sys=0.01s Real=0.00s
[2026-04-03T02:30:03.495+0600][61.525s][info][gc,start       ] GC(279) Pause Young (Mixed) (G1 Evacuation Pause)
[2026-04-03T02:30:03.495+0600][61.525s][info][gc,task        ] GC(279) Using 10 workers of 10 for evacuation
[2026-04-03T02:30:03.502+0600][61.533s][info][gc,phases      ] GC(279)   Pre Evacuate Collection Set: 0.43ms
[2026-04-03T02:30:03.502+0600][61.533s][info][gc,phases      ] GC(279)   Merge Heap Roots: 0.30ms
[2026-04-03T02:30:03.502+0600][61.533s][info][gc,phases      ] GC(279)   Evacuate Collection Set: 5.44ms
[2026-04-03T02:30:03.502+0600][61.533s][info][gc,phases      ] GC(279)   Post Evacuate Collection Set: 0.93ms
[2026-04-03T02:30:03.502+0600][61.533s][info][gc,phases      ] GC(279)   Other: 0.12ms
[2026-04-03T02:30:03.502+0600][61.533s][info][gc,heap        ] GC(279) Eden regions: 294->0(339)
[2026-04-03T02:30:03.502+0600][61.533s][info][gc,heap        ] GC(279) Survivor regions: 7->10(43)
[2026-04-03T02:30:03.502+0600][61.533s][info][gc,heap        ] GC(279) Old regions: 87->85
[2026-04-03T02:30:03.502+0600][61.533s][info][gc,heap        ] GC(279) Humongous regions: 185->10
[2026-04-03T02:30:03.502+0600][61.533s][info][gc,metaspace   ] GC(279) Metaspace: 131810K(133248K)->131810K(133248K) NonClass: 115193K(115904K)->115193K(115904K) Class: 16616K(17344K)->16616K(17344K)
[2026-04-03T02:30:03.502+0600][61.533s][info][gc             ] GC(279) Pause Young (Mixed) (G1 Evacuation Pause) 570M->103M(583M) 7.498ms
[2026-04-03T02:30:03.503+0600][61.533s][info][gc,cpu         ] GC(279) User=0.04s Sys=0.02s Real=0.01s
[2026-04-03T02:30:03.508+0600][61.538s][info][gc,start       ] GC(280) Pause Young (Concurrent Start) (G1 Humongous Allocation)
[2026-04-03T02:30:03.508+0600][61.538s][info][gc,task        ] GC(280) Using 10 workers of 10 for evacuation
[2026-04-03T02:30:03.511+0600][61.542s][info][gc,phases      ] GC(280)   Pre Evacuate Collection Set: 0.40ms
[2026-04-03T02:30:03.511+0600][61.542s][info][gc,phases      ] GC(280)   Merge Heap Roots: 0.12ms
[2026-04-03T02:30:03.511+0600][61.542s][info][gc,phases      ] GC(280)   Evacuate Collection Set: 2.28ms
[2026-04-03T02:30:03.511+0600][61.542s][info][gc,phases      ] GC(280)   Post Evacuate Collection Set: 0.56ms
[2026-04-03T02:30:03.511+0600][61.542s][info][gc,phases      ] GC(280)   Other: 0.10ms
[2026-04-03T02:30:03.511+0600][61.542s][info][gc,heap        ] GC(280) Eden regions: 4->0(340)
[2026-04-03T02:30:03.511+0600][61.542s][info][gc,heap        ] GC(280) Survivor regions: 10->8(44)
[2026-04-03T02:30:03.511+0600][61.542s][info][gc,heap        ] GC(280) Old regions: 85->86
[2026-04-03T02:30:03.511+0600][61.542s][info][gc,heap        ] GC(280) Humongous regions: 10->8
[2026-04-03T02:30:03.511+0600][61.542s][info][gc,metaspace   ] GC(280) Metaspace: 131810K(133248K)->131810K(133248K) NonClass: 115193K(115904K)->115193K(115904K) Class: 16616K(17344K)->16616K(17344K)
[2026-04-03T02:30:03.511+0600][61.542s][info][gc             ] GC(280) Pause Young (Concurrent Start) (G1 Humongous Allocation) 107M->99M(583M) 3.719ms
[2026-04-03T02:30:03.512+0600][61.542s][info][gc             ] GC(281) Concurrent Mark Cycle
[2026-04-03T02:30:03.512+0600][61.542s][info][gc,cpu         ] GC(280) User=0.03s Sys=0.00s Real=0.01s
[2026-04-03T02:30:03.512+0600][61.542s][info][gc,marking     ] GC(281) Concurrent Scan Root Regions
[2026-04-03T02:30:03.514+0600][61.545s][info][gc,marking     ] GC(281) Concurrent Scan Root Regions 2.429ms
[2026-04-03T02:30:03.514+0600][61.545s][info][gc,marking     ] GC(281) Concurrent Mark
[2026-04-03T02:30:03.514+0600][61.545s][info][gc,marking     ] GC(281) Concurrent Mark From Roots
[2026-04-03T02:30:03.514+0600][61.545s][info][gc,task        ] GC(281) Using 3 workers of 3 for marking
[2026-04-03T02:30:03.625+0600][61.655s][info][gc,marking     ] GC(281) Concurrent Mark From Roots 110.714ms
[2026-04-03T02:30:03.625+0600][61.655s][info][gc,marking     ] GC(281) Concurrent Preclean
[2026-04-03T02:30:03.626+0600][61.656s][info][gc,marking     ] GC(281) Concurrent Preclean 0.555ms
[2026-04-03T02:30:03.626+0600][61.656s][info][gc,start       ] GC(281) Pause Remark
[2026-04-03T02:30:03.636+0600][61.666s][info][gc             ] GC(281) Pause Remark 225M->225M(410M) 9.602ms
[2026-04-03T02:30:03.636+0600][61.666s][info][gc,cpu         ] GC(281) User=0.07s Sys=0.00s Real=0.01s
[2026-04-03T02:30:03.636+0600][61.666s][info][gc,marking     ] GC(281) Concurrent Mark 121.795ms
[2026-04-03T02:30:03.636+0600][61.667s][info][gc,marking     ] GC(281) Concurrent Rebuild Remembered Sets and Scrub Regions
[2026-04-03T02:30:03.672+0600][61.703s][info][gc,marking     ] GC(281) Concurrent Rebuild Remembered Sets and Scrub Regions 36.373ms
[2026-04-03T02:30:03.673+0600][61.703s][info][gc,start       ] GC(281) Pause Cleanup
[2026-04-03T02:30:03.673+0600][61.704s][info][gc             ] GC(281) Pause Cleanup 259M->259M(410M) 0.403ms
[2026-04-03T02:30:03.674+0600][61.704s][info][gc,cpu         ] GC(281) User=0.00s Sys=0.00s Real=0.00s
[2026-04-03T02:30:03.674+0600][61.704s][info][gc,marking     ] GC(281) Concurrent Clear Claimed Marks
[2026-04-03T02:30:03.674+0600][61.704s][info][gc,marking     ] GC(281) Concurrent Clear Claimed Marks 0.377ms
[2026-04-03T02:30:03.674+0600][61.704s][info][gc,marking     ] GC(281) Concurrent Cleanup for Next Mark
[2026-04-03T02:30:03.675+0600][61.706s][info][gc,marking     ] GC(281) Concurrent Cleanup for Next Mark 1.093ms
[2026-04-03T02:30:03.675+0600][61.706s][info][gc             ] GC(281) Concurrent Mark Cycle 163.648ms
[2026-04-03T02:30:03.825+0600][61.856s][info][gc,start       ] GC(282) Pause Young (Prepare Mixed) (G1 Evacuation Pause)
[2026-04-03T02:30:03.825+0600][61.856s][info][gc,task        ] GC(282) Using 10 workers of 10 for evacuation
[2026-04-03T02:30:03.830+0600][61.861s][info][gc,phases      ] GC(282)   Pre Evacuate Collection Set: 0.35ms
[2026-04-03T02:30:03.830+0600][61.861s][info][gc,phases      ] GC(282)   Merge Heap Roots: 0.20ms
[2026-04-03T02:30:03.830+0600][61.861s][info][gc,phases      ] GC(282)   Evacuate Collection Set: 3.49ms
[2026-04-03T02:30:03.830+0600][61.861s][info][gc,phases      ] GC(282)   Post Evacuate Collection Set: 0.67ms
[2026-04-03T02:30:03.830+0600][61.861s][info][gc,phases      ] GC(282)   Other: 0.10ms
[2026-04-03T02:30:03.830+0600][61.861s][info][gc,heap        ] GC(282) Eden regions: 235->0(243)
[2026-04-03T02:30:03.830+0600][61.861s][info][gc,heap        ] GC(282) Survivor regions: 8->7(31)
[2026-04-03T02:30:03.830+0600][61.861s][info][gc,heap        ] GC(282) Old regions: 86->87
[2026-04-03T02:30:03.830+0600][61.861s][info][gc,heap        ] GC(282) Humongous regions: 88->8
[2026-04-03T02:30:03.830+0600][61.861s][info][gc,metaspace   ] GC(282) Metaspace: 131811K(133248K)->131811K(133248K) NonClass: 115194K(115904K)->115194K(115904K) Class: 16616K(17344K)->16616K(17344K)
[2026-04-03T02:30:03.831+0600][61.861s][info][gc             ] GC(282) Pause Young (Prepare Mixed) (G1 Evacuation Pause) 414M->99M(425M) 5.136ms
[2026-04-03T02:30:03.831+0600][61.861s][info][gc,cpu         ] GC(282) User=0.03s Sys=0.01s Real=0.01s
[2026-04-03T02:30:03.888+0600][61.919s][info][gc,start       ] GC(283) Pause Young (Mixed) (G1 Evacuation Pause)
[2026-04-03T02:30:03.888+0600][61.919s][info][gc,task        ] GC(283) Using 10 workers of 10 for evacuation
[2026-04-03T02:30:03.892+0600][61.922s][info][gc,phases      ] GC(283)   Pre Evacuate Collection Set: 0.27ms
[2026-04-03T02:30:03.892+0600][61.923s][info][gc,phases      ] GC(283)   Merge Heap Roots: 0.22ms
[2026-04-03T02:30:03.892+0600][61.923s][info][gc,phases      ] GC(283)   Evacuate Collection Set: 2.33ms
[2026-04-03T02:30:03.892+0600][61.923s][info][gc,phases      ] GC(283)   Post Evacuate Collection Set: 0.87ms
[2026-04-03T02:30:03.892+0600][61.923s][info][gc,phases      ] GC(283)   Other: 0.08ms
[2026-04-03T02:30:03.892+0600][61.923s][info][gc,heap        ] GC(283) Eden regions: 35->0(280)
[2026-04-03T02:30:03.892+0600][61.923s][info][gc,heap        ] GC(283) Survivor regions: 7->4(32)
[2026-04-03T02:30:03.892+0600][61.923s][info][gc,heap        ] GC(283) Old regions: 87->85
[2026-04-03T02:30:03.892+0600][61.923s][info][gc,heap        ] GC(283) Humongous regions: 341->8
[2026-04-03T02:30:03.892+0600][61.923s][info][gc,metaspace   ] GC(283) Metaspace: 131811K(133248K)->131811K(133248K) NonClass: 115195K(115904K)->115195K(115904K) Class: 16616K(17344K)->16616K(17344K)
[2026-04-03T02:30:03.892+0600][61.923s][info][gc             ] GC(283) Pause Young (Mixed) (G1 Evacuation Pause) 467M->95M(474M) 4.068ms
[2026-04-03T02:30:03.892+0600][61.923s][info][gc,cpu         ] GC(283) User=0.02s Sys=0.01s Real=0.01s
[2026-04-03T02:30:03.901+0600][61.931s][info][gc,start       ] GC(284) Pause Young (Concurrent Start) (G1 Humongous Allocation)
[2026-04-03T02:30:03.901+0600][61.931s][info][gc,task        ] GC(284) Using 10 workers of 10 for evacuation
[2026-04-03T02:30:03.904+0600][61.935s][info][gc,phases      ] GC(284)   Pre Evacuate Collection Set: 0.44ms
[2026-04-03T02:30:03.904+0600][61.935s][info][gc,phases      ] GC(284)   Merge Heap Roots: 0.12ms
[2026-04-03T02:30:03.904+0600][61.935s][info][gc,phases      ] GC(284)   Evacuate Collection Set: 2.05ms
[2026-04-03T02:30:03.904+0600][61.935s][info][gc,phases      ] GC(284)   Post Evacuate Collection Set: 0.61ms
[2026-04-03T02:30:03.904+0600][61.935s][info][gc,phases      ] GC(284)   Other: 0.19ms
[2026-04-03T02:30:03.904+0600][61.935s][info][gc,heap        ] GC(284) Eden regions: 20->0(278)
[2026-04-03T02:30:03.904+0600][61.935s][info][gc,heap        ] GC(284) Survivor regions: 4->6(36)
[2026-04-03T02:30:03.904+0600][61.935s][info][gc,heap        ] GC(284) Old regions: 85->86
[2026-04-03T02:30:03.904+0600][61.935s][info][gc,heap        ] GC(284) Humongous regions: 8->8
[2026-04-03T02:30:03.904+0600][61.935s][info][gc,metaspace   ] GC(284) Metaspace: 131811K(133248K)->131811K(133248K) NonClass: 115195K(115904K)->115195K(115904K) Class: 16616K(17344K)->16616K(17344K)
[2026-04-03T02:30:03.904+0600][61.935s][info][gc             ] GC(284) Pause Young (Concurrent Start) (G1 Humongous Allocation) 115M->98M(474M) 3.722ms
[2026-04-03T02:30:03.904+0600][61.935s][info][gc,cpu         ] GC(284) User=0.03s Sys=0.00s Real=0.00s
[2026-04-03T02:30:03.904+0600][61.935s][info][gc             ] GC(285) Concurrent Mark Cycle
[2026-04-03T02:30:03.905+0600][61.935s][info][gc,marking     ] GC(285) Concurrent Scan Root Regions
[2026-04-03T02:30:03.907+0600][61.938s][info][gc,marking     ] GC(285) Concurrent Scan Root Regions 2.750ms
[2026-04-03T02:30:03.907+0600][61.938s][info][gc,marking     ] GC(285) Concurrent Mark
[2026-04-03T02:30:03.907+0600][61.938s][info][gc,marking     ] GC(285) Concurrent Mark From Roots
[2026-04-03T02:30:03.907+0600][61.938s][info][gc,task        ] GC(285) Using 3 workers of 3 for marking
[2026-04-03T02:30:03.983+0600][62.013s][info][gc,marking     ] GC(285) Concurrent Mark From Roots 75.256ms
[2026-04-03T02:30:03.983+0600][62.013s][info][gc,marking     ] GC(285) Concurrent Preclean
[2026-04-03T02:30:03.983+0600][62.013s][info][gc,marking     ] GC(285) Concurrent Preclean 0.279ms
[2026-04-03T02:30:03.984+0600][62.015s][info][gc,start       ] GC(285) Pause Remark
[2026-04-03T02:30:03.995+0600][62.026s][info][gc             ] GC(285) Pause Remark 477M->477M(737M) 10.751ms
[2026-04-03T02:30:03.995+0600][62.026s][info][gc,cpu         ] GC(285) User=0.07s Sys=0.00s Real=0.01s
[2026-04-03T02:30:03.996+0600][62.026s][info][gc,marking     ] GC(285) Concurrent Mark 88.185ms
[2026-04-03T02:30:03.996+0600][62.026s][info][gc,marking     ] GC(285) Concurrent Rebuild Remembered Sets and Scrub Regions
[2026-04-03T02:30:04.024+0600][62.054s][info][gc,marking     ] GC(285) Concurrent Rebuild Remembered Sets and Scrub Regions 27.979ms
[2026-04-03T02:30:04.024+0600][62.054s][info][gc,start       ] GC(285) Pause Cleanup
[2026-04-03T02:30:04.024+0600][62.055s][info][gc             ] GC(285) Pause Cleanup 495M->495M(737M) 0.360ms
[2026-04-03T02:30:04.024+0600][62.055s][info][gc,cpu         ] GC(285) User=0.00s Sys=0.00s Real=0.00s
[2026-04-03T02:30:04.025+0600][62.055s][info][gc,marking     ] GC(285) Concurrent Clear Claimed Marks
[2026-04-03T02:30:04.025+0600][62.055s][info][gc,marking     ] GC(285) Concurrent Clear Claimed Marks 0.416ms
[2026-04-03T02:30:04.025+0600][62.055s][info][gc,marking     ] GC(285) Concurrent Cleanup for Next Mark
[2026-04-03T02:30:04.028+0600][62.058s][info][gc,marking     ] GC(285) Concurrent Cleanup for Next Mark 3.030ms
[2026-04-03T02:30:04.028+0600][62.059s][info][gc             ] GC(285) Concurrent Mark Cycle 123.640ms
[2026-04-03T02:30:04.347+0600][62.378s][info][gc,start       ] GC(286) Pause Young (Prepare Mixed) (G1 Evacuation Pause)
[2026-04-03T02:30:04.347+0600][62.378s][info][gc,task        ] GC(286) Using 10 workers of 10 for evacuation
[2026-04-03T02:30:04.351+0600][62.381s][info][gc,phases      ] GC(286)   Pre Evacuate Collection Set: 0.44ms
[2026-04-03T02:30:04.351+0600][62.382s][info][gc,phases      ] GC(286)   Merge Heap Roots: 0.15ms
[2026-04-03T02:30:04.351+0600][62.382s][info][gc,phases      ] GC(286)   Evacuate Collection Set: 2.27ms
[2026-04-03T02:30:04.351+0600][62.382s][info][gc,phases      ] GC(286)   Post Evacuate Collection Set: 0.63ms
[2026-04-03T02:30:04.351+0600][62.382s][info][gc,phases      ] GC(286)   Other: 0.09ms
[2026-04-03T02:30:04.351+0600][62.382s][info][gc,heap        ] GC(286) Eden regions: 194->0(440)
[2026-04-03T02:30:04.351+0600][62.382s][info][gc,heap        ] GC(286) Survivor regions: 6->5(37)
[2026-04-03T02:30:04.351+0600][62.382s][info][gc,heap        ] GC(286) Old regions: 86->86
[2026-04-03T02:30:04.351+0600][62.382s][info][gc,heap        ] GC(286) Humongous regions: 451->8
[2026-04-03T02:30:04.351+0600][62.382s][info][gc,metaspace   ] GC(286) Metaspace: 131827K(133312K)->131827K(133312K) NonClass: 115211K(115968K)->115211K(115968K) Class: 16616K(17344K)->16616K(17344K)
[2026-04-03T02:30:04.351+0600][62.382s][info][gc             ] GC(286) Pause Young (Prepare Mixed) (G1 Evacuation Pause) 735M->97M(742M) 3.791ms
[2026-04-03T02:30:04.351+0600][62.382s][info][gc,cpu         ] GC(286) User=0.01s Sys=0.01s Real=0.01s
[2026-04-03T02:30:04.891+0600][62.921s][info][gc,start       ] GC(287) Pause Young (Mixed) (G1 Evacuation Pause)
[2026-04-03T02:30:04.891+0600][62.921s][info][gc,task        ] GC(287) Using 10 workers of 10 for evacuation
[2026-04-03T02:30:04.896+0600][62.927s][info][gc,phases      ] GC(287)   Pre Evacuate Collection Set: 0.34ms
[2026-04-03T02:30:04.896+0600][62.927s][info][gc,phases      ] GC(287)   Merge Heap Roots: 0.21ms
[2026-04-03T02:30:04.896+0600][62.927s][info][gc,phases      ] GC(287)   Evacuate Collection Set: 3.78ms
[2026-04-03T02:30:04.896+0600][62.927s][info][gc,phases      ] GC(287)   Post Evacuate Collection Set: 0.97ms
[2026-04-03T02:30:04.896+0600][62.927s][info][gc,phases      ] GC(287)   Other: 0.11ms
[2026-04-03T02:30:04.896+0600][62.927s][info][gc,heap        ] GC(287) Eden regions: 399->0(450)
[2026-04-03T02:30:04.896+0600][62.927s][info][gc,heap        ] GC(287) Survivor regions: 5->7(57)
[2026-04-03T02:30:04.896+0600][62.927s][info][gc,heap        ] GC(287) Old regions: 86->86
[2026-04-03T02:30:04.896+0600][62.927s][info][gc,heap        ] GC(287) Humongous regions: 265->8
[2026-04-03T02:30:04.896+0600][62.927s][info][gc,metaspace   ] GC(287) Metaspace: 131827K(133312K)->131827K(133312K) NonClass: 115211K(115968K)->115211K(115968K) Class: 16616K(17344K)->16616K(17344K)
[2026-04-03T02:30:04.896+0600][62.927s][info][gc             ] GC(287) Pause Young (Mixed) (G1 Evacuation Pause) 753M->99M(763M) 5.689ms
[2026-04-03T02:30:04.897+0600][62.927s][info][gc,cpu         ] GC(287) User=0.04s Sys=0.00s Real=0.00s
[2026-04-03T02:30:04.912+0600][62.942s][info][gc,start       ] GC(288) Pause Young (Concurrent Start) (GCLocker Initiated GC)
[2026-04-03T02:30:04.912+0600][62.942s][info][gc,task        ] GC(288) Using 10 workers of 10 for evacuation
[2026-04-03T02:30:04.916+0600][62.947s][info][gc,phases      ] GC(288)   Pre Evacuate Collection Set: 0.59ms
[2026-04-03T02:30:04.917+0600][62.947s][info][gc,phases      ] GC(288)   Merge Heap Roots: 0.15ms
[2026-04-03T02:30:04.917+0600][62.947s][info][gc,phases      ] GC(288)   Evacuate Collection Set: 2.81ms
[2026-04-03T02:30:04.917+0600][62.947s][info][gc,phases      ] GC(288)   Post Evacuate Collection Set: 0.92ms
[2026-04-03T02:30:04.917+0600][62.947s][info][gc,phases      ] GC(288)   Other: 0.16ms
[2026-04-03T02:30:04.917+0600][62.947s][info][gc,heap        ] GC(288) Eden regions: 14->0(450)
[2026-04-03T02:30:04.917+0600][62.947s][info][gc,heap        ] GC(288) Survivor regions: 7->7(58)
[2026-04-03T02:30:04.917+0600][62.947s][info][gc,heap        ] GC(288) Old regions: 86->86
[2026-04-03T02:30:04.917+0600][62.947s][info][gc,heap        ] GC(288) Humongous regions: 8->8
[2026-04-03T02:30:04.917+0600][62.947s][info][gc,metaspace   ] GC(288) Metaspace: 131827K(133312K)->131827K(133312K) NonClass: 115211K(115968K)->115211K(115968K) Class: 16616K(17344K)->16616K(17344K)
[2026-04-03T02:30:04.917+0600][62.947s][info][gc             ] GC(288) Pause Young (Concurrent Start) (GCLocker Initiated GC) 112M->99M(763M) 5.094ms
[2026-04-03T02:30:04.917+0600][62.947s][info][gc             ] GC(289) Concurrent Mark Cycle
[2026-04-03T02:30:04.917+0600][62.947s][info][gc,marking     ] GC(289) Concurrent Scan Root Regions
[2026-04-03T02:30:04.917+0600][62.947s][info][gc,cpu         ] GC(288) User=0.03s Sys=0.00s Real=0.00s
[2026-04-03T02:30:04.920+0600][62.950s][info][gc,marking     ] GC(289) Concurrent Scan Root Regions 2.815ms
[2026-04-03T02:30:04.920+0600][62.950s][info][gc,marking     ] GC(289) Concurrent Mark
[2026-04-03T02:30:04.920+0600][62.950s][info][gc,marking     ] GC(289) Concurrent Mark From Roots
[2026-04-03T02:30:04.920+0600][62.950s][info][gc,task        ] GC(289) Using 3 workers of 3 for marking
[2026-04-03T02:30:05.025+0600][63.056s][info][gc,marking     ] GC(289) Concurrent Mark From Roots 105.479ms
[2026-04-03T02:30:05.025+0600][63.056s][info][gc,marking     ] GC(289) Concurrent Preclean
[2026-04-03T02:30:05.026+0600][63.056s][info][gc,marking     ] GC(289) Concurrent Preclean 0.448ms
[2026-04-03T02:30:05.026+0600][63.057s][info][gc,start       ] GC(289) Pause Remark
[2026-04-03T02:30:05.035+0600][63.066s][info][gc             ] GC(289) Pause Remark 236M->236M(547M) 9.067ms
[2026-04-03T02:30:05.036+0600][63.066s][info][gc,cpu         ] GC(289) User=0.07s Sys=0.00s Real=0.01s
[2026-04-03T02:30:05.036+0600][63.066s][info][gc,marking     ] GC(289) Concurrent Mark 115.714ms
[2026-04-03T02:30:05.036+0600][63.066s][info][gc,marking     ] GC(289) Concurrent Rebuild Remembered Sets and Scrub Regions
[2026-04-03T02:30:05.070+0600][63.101s][info][gc,marking     ] GC(289) Concurrent Rebuild Remembered Sets and Scrub Regions 34.479ms
[2026-04-03T02:30:05.071+0600][63.101s][info][gc,start       ] GC(289) Pause Cleanup
[2026-04-03T02:30:05.071+0600][63.101s][info][gc             ] GC(289) Pause Cleanup 281M->281M(547M) 0.334ms
[2026-04-03T02:30:05.071+0600][63.102s][info][gc,cpu         ] GC(289) User=0.00s Sys=0.00s Real=0.00s
[2026-04-03T02:30:05.071+0600][63.102s][info][gc,marking     ] GC(289) Concurrent Clear Claimed Marks
[2026-04-03T02:30:05.072+0600][63.102s][info][gc,marking     ] GC(289) Concurrent Clear Claimed Marks 0.354ms
[2026-04-03T02:30:05.072+0600][63.102s][info][gc,marking     ] GC(289) Concurrent Cleanup for Next Mark
[2026-04-03T02:30:05.072+0600][63.103s][info][gc,marking     ] GC(289) Concurrent Cleanup for Next Mark 0.944ms
[2026-04-03T02:30:05.073+0600][63.103s][info][gc             ] GC(289) Concurrent Mark Cycle 155.629ms
[2026-04-03T02:30:05.268+0600][63.299s][info][gc,start       ] GC(290) Pause Young (Prepare Mixed) (G1 Evacuation Pause)
[2026-04-03T02:30:05.268+0600][63.299s][info][gc,task        ] GC(290) Using 10 workers of 10 for evacuation
[2026-04-03T02:30:05.273+0600][63.303s][info][gc,phases      ] GC(290)   Pre Evacuate Collection Set: 0.40ms
[2026-04-03T02:30:05.273+0600][63.303s][info][gc,phases      ] GC(290)   Merge Heap Roots: 0.19ms
[2026-04-03T02:30:05.273+0600][63.303s][info][gc,phases      ] GC(290)   Evacuate Collection Set: 3.07ms
[2026-04-03T02:30:05.273+0600][63.303s][info][gc,phases      ] GC(290)   Post Evacuate Collection Set: 0.73ms
[2026-04-03T02:30:05.273+0600][63.303s][info][gc,phases      ] GC(290)   Other: 0.10ms
[2026-04-03T02:30:05.273+0600][63.303s][info][gc,heap        ] GC(290) Eden regions: 266->0(327)
[2026-04-03T02:30:05.273+0600][63.303s][info][gc,heap        ] GC(290) Survivor regions: 7->7(41)
[2026-04-03T02:30:05.273+0600][63.304s][info][gc,heap        ] GC(290) Old regions: 86->86
[2026-04-03T02:30:05.273+0600][63.304s][info][gc,heap        ] GC(290) Humongous regions: 192->8
[2026-04-03T02:30:05.273+0600][63.304s][info][gc,metaspace   ] GC(290) Metaspace: 131830K(133312K)->131830K(133312K) NonClass: 115213K(115968K)->115213K(115968K) Class: 16616K(17344K)->16616K(17344K)
[2026-04-03T02:30:05.273+0600][63.304s][info][gc             ] GC(290) Pause Young (Prepare Mixed) (G1 Evacuation Pause) 549M->99M(558M) 4.786ms
[2026-04-03T02:30:05.273+0600][63.304s][info][gc,cpu         ] GC(290) User=0.02s Sys=0.01s Real=0.01s
[2026-04-03T02:30:05.688+0600][63.718s][info][gc,start       ] GC(291) Pause Young (Mixed) (G1 Evacuation Pause)
[2026-04-03T02:30:05.688+0600][63.718s][info][gc,task        ] GC(291) Using 10 workers of 10 for evacuation
[2026-04-03T02:30:05.692+0600][63.723s][info][gc,phases      ] GC(291)   Pre Evacuate Collection Set: 0.42ms
[2026-04-03T02:30:05.692+0600][63.723s][info][gc,phases      ] GC(291)   Merge Heap Roots: 0.24ms
[2026-04-03T02:30:05.692+0600][63.723s][info][gc,phases      ] GC(291)   Evacuate Collection Set: 2.94ms
[2026-04-03T02:30:05.692+0600][63.723s][info][gc,phases      ] GC(291)   Post Evacuate Collection Set: 0.83ms
[2026-04-03T02:30:05.692+0600][63.723s][info][gc,phases      ] GC(291)   Other: 0.11ms
[2026-04-03T02:30:05.692+0600][63.723s][info][gc,heap        ] GC(291) Eden regions: 327->0(336)
[2026-04-03T02:30:05.692+0600][63.723s][info][gc,heap        ] GC(291) Survivor regions: 7->7(42)
[2026-04-03T02:30:05.692+0600][63.723s][info][gc,heap        ] GC(291) Old regions: 86->85
[2026-04-03T02:30:05.692+0600][63.723s][info][gc,heap        ] GC(291) Humongous regions: 144->8
[2026-04-03T02:30:05.692+0600][63.723s][info][gc,metaspace   ] GC(291) Metaspace: 131836K(133312K)->131836K(133312K) NonClass: 115218K(115968K)->115218K(115968K) Class: 16617K(17344K)->16617K(17344K)
[2026-04-03T02:30:05.692+0600][63.723s][info][gc             ] GC(291) Pause Young (Mixed) (G1 Evacuation Pause) 562M->98M(572M) 4.834ms
[2026-04-03T02:30:05.692+0600][63.723s][info][gc,cpu         ] GC(291) User=0.03s Sys=0.00s Real=0.01s
[2026-04-03T02:30:05.698+0600][63.728s][info][gc,start       ] GC(292) Pause Young (Concurrent Start) (G1 Humongous Allocation)
[2026-04-03T02:30:05.698+0600][63.728s][info][gc,task        ] GC(292) Using 10 workers of 10 for evacuation
[2026-04-03T02:30:05.701+0600][63.732s][info][gc,phases      ] GC(292)   Pre Evacuate Collection Set: 0.31ms
[2026-04-03T02:30:05.701+0600][63.732s][info][gc,phases      ] GC(292)   Merge Heap Roots: 0.12ms
[2026-04-03T02:30:05.701+0600][63.732s][info][gc,phases      ] GC(292)   Evacuate Collection Set: 2.07ms
[2026-04-03T02:30:05.701+0600][63.732s][info][gc,phases      ] GC(292)   Post Evacuate Collection Set: 0.48ms
[2026-04-03T02:30:05.701+0600][63.732s][info][gc,phases      ] GC(292)   Other: 0.12ms
[2026-04-03T02:30:05.701+0600][63.732s][info][gc,heap        ] GC(292) Eden regions: 7->0(336)
[2026-04-03T02:30:05.701+0600][63.732s][info][gc,heap        ] GC(292) Survivor regions: 7->7(43)
[2026-04-03T02:30:05.701+0600][63.732s][info][gc,heap        ] GC(292) Old regions: 85->85
[2026-04-03T02:30:05.701+0600][63.732s][info][gc,heap        ] GC(292) Humongous regions: 8->8
[2026-04-03T02:30:05.701+0600][63.732s][info][gc,metaspace   ] GC(292) Metaspace: 131836K(133312K)->131836K(133312K) NonClass: 115218K(115968K)->115218K(115968K) Class: 16617K(17344K)->16617K(17344K)
[2026-04-03T02:30:05.701+0600][63.732s][info][gc             ] GC(292) Pause Young (Concurrent Start) (G1 Humongous Allocation) 104M->98M(572M) 3.368ms
[2026-04-03T02:30:05.701+0600][63.732s][info][gc             ] GC(293) Concurrent Mark Cycle
[2026-04-03T02:30:05.701+0600][63.732s][info][gc,marking     ] GC(293) Concurrent Scan Root Regions
[2026-04-03T02:30:05.701+0600][63.732s][info][gc,cpu         ] GC(292) User=0.02s Sys=0.01s Real=0.01s
[2026-04-03T02:30:05.703+0600][63.734s][info][gc,marking     ] GC(293) Concurrent Scan Root Regions 1.779ms
[2026-04-03T02:30:05.703+0600][63.734s][info][gc,marking     ] GC(293) Concurrent Mark
[2026-04-03T02:30:05.703+0600][63.734s][info][gc,marking     ] GC(293) Concurrent Mark From Roots
[2026-04-03T02:30:05.703+0600][63.734s][info][gc,task        ] GC(293) Using 3 workers of 3 for marking
[2026-04-03T02:30:05.797+0600][63.827s][info][gc,marking     ] GC(293) Concurrent Mark From Roots 93.308ms
[2026-04-03T02:30:05.797+0600][63.827s][info][gc,marking     ] GC(293) Concurrent Preclean
[2026-04-03T02:30:05.797+0600][63.827s][info][gc,marking     ] GC(293) Concurrent Preclean 0.200ms
[2026-04-03T02:30:05.797+0600][63.828s][info][gc,start       ] GC(293) Pause Remark
[2026-04-03T02:30:05.806+0600][63.837s][info][gc             ] GC(293) Pause Remark 508M->508M(749M) 9.231ms
[2026-04-03T02:30:05.807+0600][63.837s][info][gc,cpu         ] GC(293) User=0.05s Sys=0.00s Real=0.01s
[2026-04-03T02:30:05.807+0600][63.837s][info][gc,marking     ] GC(293) Concurrent Mark 103.525ms
[2026-04-03T02:30:05.807+0600][63.837s][info][gc,marking     ] GC(293) Concurrent Rebuild Remembered Sets and Scrub Regions
[2026-04-03T02:30:05.835+0600][63.865s][info][gc,marking     ] GC(293) Concurrent Rebuild Remembered Sets and Scrub Regions 27.827ms
[2026-04-03T02:30:05.839+0600][63.870s][info][gc,start       ] GC(293) Pause Cleanup
[2026-04-03T02:30:05.840+0600][63.870s][info][gc             ] GC(293) Pause Cleanup 597M->597M(749M) 0.522ms
[2026-04-03T02:30:05.840+0600][63.870s][info][gc,cpu         ] GC(293) User=0.00s Sys=0.00s Real=0.01s
[2026-04-03T02:30:05.840+0600][63.870s][info][gc,marking     ] GC(293) Concurrent Clear Claimed Marks
[2026-04-03T02:30:05.840+0600][63.871s][info][gc,marking     ] GC(293) Concurrent Clear Claimed Marks 0.362ms
[2026-04-03T02:30:05.840+0600][63.871s][info][gc,marking     ] GC(293) Concurrent Cleanup for Next Mark
[2026-04-03T02:30:05.842+0600][63.873s][info][gc,marking     ] GC(293) Concurrent Cleanup for Next Mark 1.952ms
[2026-04-03T02:30:05.842+0600][63.873s][info][gc             ] GC(293) Concurrent Mark Cycle 141.063ms
[2026-04-03T02:30:05.905+0600][63.935s][info][gc,start       ] GC(294) Pause Young (Prepare Mixed) (G1 Evacuation Pause)
[2026-04-03T02:30:05.905+0600][63.935s][info][gc,task        ] GC(294) Using 10 workers of 10 for evacuation
[2026-04-03T02:30:05.908+0600][63.939s][info][gc,phases      ] GC(294)   Pre Evacuate Collection Set: 0.41ms
[2026-04-03T02:30:05.908+0600][63.939s][info][gc,phases      ] GC(294)   Merge Heap Roots: 0.21ms
[2026-04-03T02:30:05.908+0600][63.939s][info][gc,phases      ] GC(294)   Evacuate Collection Set: 1.81ms
[2026-04-03T02:30:05.908+0600][63.939s][info][gc,phases      ] GC(294)   Post Evacuate Collection Set: 0.90ms
[2026-04-03T02:30:05.908+0600][63.939s][info][gc,phases      ] GC(294)   Other: 0.10ms
[2026-04-03T02:30:05.908+0600][63.939s][info][gc,heap        ] GC(294) Eden regions: 85->0(521)
[2026-04-03T02:30:05.908+0600][63.939s][info][gc,heap        ] GC(294) Survivor regions: 7->4(54)
[2026-04-03T02:30:05.908+0600][63.939s][info][gc,heap        ] GC(294) Old regions: 85->85
[2026-04-03T02:30:05.908+0600][63.939s][info][gc,heap        ] GC(294) Humongous regions: 695->8
[2026-04-03T02:30:05.908+0600][63.939s][info][gc,metaspace   ] GC(294) Metaspace: 131843K(133312K)->131843K(133312K) NonClass: 115225K(115968K)->115225K(115968K) Class: 16617K(17344K)->16617K(17344K)
[2026-04-03T02:30:05.908+0600][63.939s][info][gc             ] GC(294) Pause Young (Prepare Mixed) (G1 Evacuation Pause) 870M->95M(876M) 3.699ms
[2026-04-03T02:30:05.908+0600][63.939s][info][gc,cpu         ] GC(294) User=0.01s Sys=0.01s Real=0.00s
[2026-04-03T02:30:06.635+0600][64.665s][info][gc,start       ] GC(295) Pause Young (Mixed) (GCLocker Initiated GC)
[2026-04-03T02:30:06.635+0600][64.665s][info][gc,task        ] GC(295) Using 10 workers of 10 for evacuation
[2026-04-03T02:30:06.642+0600][64.673s][info][gc,phases      ] GC(295)   Pre Evacuate Collection Set: 0.62ms
[2026-04-03T02:30:06.642+0600][64.673s][info][gc,phases      ] GC(295)   Merge Heap Roots: 0.38ms
[2026-04-03T02:30:06.642+0600][64.673s][info][gc,phases      ] GC(295)   Evacuate Collection Set: 5.36ms
[2026-04-03T02:30:06.642+0600][64.673s][info][gc,phases      ] GC(295)   Post Evacuate Collection Set: 1.20ms
[2026-04-03T02:30:06.642+0600][64.673s][info][gc,phases      ] GC(295)   Other: 0.16ms
[2026-04-03T02:30:06.642+0600][64.673s][info][gc,heap        ] GC(295) Eden regions: 496->0(524)
[2026-04-03T02:30:06.642+0600][64.673s][info][gc,heap        ] GC(295) Survivor regions: 4->9(66)
[2026-04-03T02:30:06.643+0600][64.673s][info][gc,heap        ] GC(295) Old regions: 85->85
[2026-04-03T02:30:06.643+0600][64.673s][info][gc,heap        ] GC(295) Humongous regions: 293->8
[2026-04-03T02:30:06.643+0600][64.673s][info][gc,metaspace   ] GC(295) Metaspace: 131855K(133312K)->131855K(133312K) NonClass: 115238K(115968K)->115238K(115968K) Class: 16617K(17344K)->16617K(17344K)
[2026-04-03T02:30:06.643+0600][64.673s][info][gc             ] GC(295) Pause Young (Mixed) (GCLocker Initiated GC) 876M->100M(889M) 8.069ms
[2026-04-03T02:30:06.643+0600][64.673s][info][gc,cpu         ] GC(295) User=0.04s Sys=0.01s Real=0.01s
[2026-04-03T02:30:06.743+0600][64.773s][info][gc,start       ] GC(296) Pause Young (Concurrent Start) (G1 Humongous Allocation)
[2026-04-03T02:30:06.743+0600][64.773s][info][gc,task        ] GC(296) Using 10 workers of 10 for evacuation
[2026-04-03T02:30:06.747+0600][64.778s][info][gc,phases      ] GC(296)   Pre Evacuate Collection Set: 0.64ms
[2026-04-03T02:30:06.748+0600][64.778s][info][gc,phases      ] GC(296)   Merge Heap Roots: 0.22ms
[2026-04-03T02:30:06.748+0600][64.778s][info][gc,phases      ] GC(296)   Evacuate Collection Set: 2.80ms
[2026-04-03T02:30:06.748+0600][64.778s][info][gc,phases      ] GC(296)   Post Evacuate Collection Set: 0.88ms
[2026-04-03T02:30:06.748+0600][64.778s][info][gc,phases      ] GC(296)   Other: 0.26ms
[2026-04-03T02:30:06.748+0600][64.778s][info][gc,heap        ] GC(296) Eden regions: 80->0(526)
[2026-04-03T02:30:06.748+0600][64.778s][info][gc,heap        ] GC(296) Survivor regions: 9->7(67)
[2026-04-03T02:30:06.748+0600][64.778s][info][gc,heap        ] GC(296) Old regions: 85->85
[2026-04-03T02:30:06.748+0600][64.778s][info][gc,heap        ] GC(296) Humongous regions: 71->8
[2026-04-03T02:30:06.748+0600][64.778s][info][gc,metaspace   ] GC(296) Metaspace: 131857K(133312K)->131857K(133312K) NonClass: 115239K(115968K)->115239K(115968K) Class: 16617K(17344K)->16617K(17344K)
[2026-04-03T02:30:06.748+0600][64.778s][info][gc             ] GC(296) Pause Young (Concurrent Start) (G1 Humongous Allocation) 243M->99M(889M) 5.220ms
[2026-04-03T02:30:06.748+0600][64.778s][info][gc             ] GC(297) Concurrent Undo Cycle
[2026-04-03T02:30:06.748+0600][64.778s][info][gc,cpu         ] GC(296) User=0.03s Sys=0.00s Real=0.00s
[2026-04-03T02:30:06.748+0600][64.778s][info][gc,marking     ] GC(297) Concurrent Clear Claimed Marks
[2026-04-03T02:30:06.748+0600][64.779s][info][gc,marking     ] GC(297) Concurrent Clear Claimed Marks 0.291ms
[2026-04-03T02:30:06.748+0600][64.779s][info][gc,marking     ] GC(297) Concurrent Cleanup for Next Mark
[2026-04-03T02:30:06.749+0600][64.779s][info][gc,marking     ] GC(297) Concurrent Cleanup for Next Mark 0.505ms
[2026-04-03T02:30:06.749+0600][64.779s][info][gc             ] GC(297) Concurrent Undo Cycle 1.026ms
[2026-04-03T02:30:06.846+0600][64.876s][info][gc,start       ] GC(298) Pause Young (Concurrent Start) (GCLocker Initiated GC)
[2026-04-03T02:30:06.846+0600][64.876s][info][gc,task        ] GC(298) Using 10 workers of 10 for evacuation
[2026-04-03T02:30:06.850+0600][64.881s][info][gc,phases      ] GC(298)   Pre Evacuate Collection Set: 0.42ms
[2026-04-03T02:30:06.850+0600][64.881s][info][gc,phases      ] GC(298)   Merge Heap Roots: 0.17ms
[2026-04-03T02:30:06.850+0600][64.881s][info][gc,phases      ] GC(298)   Evacuate Collection Set: 3.13ms
[2026-04-03T02:30:06.850+0600][64.881s][info][gc,phases      ] GC(298)   Post Evacuate Collection Set: 0.83ms
[2026-04-03T02:30:06.851+0600][64.881s][info][gc,phases      ] GC(298)   Other: 0.18ms
[2026-04-03T02:30:06.851+0600][64.881s][info][gc,heap        ] GC(298) Eden regions: 90->0(525)
[2026-04-03T02:30:06.851+0600][64.881s][info][gc,heap        ] GC(298) Survivor regions: 7->8(67)
[2026-04-03T02:30:06.851+0600][64.881s][info][gc,heap        ] GC(298) Old regions: 85->85
[2026-04-03T02:30:06.851+0600][64.881s][info][gc,heap        ] GC(298) Humongous regions: 69->8
[2026-04-03T02:30:06.851+0600][64.881s][info][gc,metaspace   ] GC(298) Metaspace: 131857K(133312K)->131857K(133312K) NonClass: 115239K(115968K)->115239K(115968K) Class: 16617K(17344K)->16617K(17344K)
[2026-04-03T02:30:06.851+0600][64.881s][info][gc             ] GC(298) Pause Young (Concurrent Start) (GCLocker Initiated GC) 249M->100M(889M) 5.060ms
[2026-04-03T02:30:06.851+0600][64.881s][info][gc             ] GC(299) Concurrent Mark Cycle
[2026-04-03T02:30:06.851+0600][64.881s][info][gc,cpu         ] GC(298) User=0.04s Sys=0.00s Real=0.01s
[2026-04-03T02:30:06.851+0600][64.881s][info][gc,marking     ] GC(299) Concurrent Scan Root Regions
[2026-04-03T02:30:06.854+0600][64.885s][info][gc,marking     ] GC(299) Concurrent Scan Root Regions 3.310ms
[2026-04-03T02:30:06.854+0600][64.885s][info][gc,marking     ] GC(299) Concurrent Mark
[2026-04-03T02:30:06.854+0600][64.885s][info][gc,marking     ] GC(299) Concurrent Mark From Roots
[2026-04-03T02:30:06.854+0600][64.885s][info][gc,task        ] GC(299) Using 3 workers of 3 for marking
[2026-04-03T02:30:06.957+0600][64.987s][info][gc,marking     ] GC(299) Concurrent Mark From Roots 102.228ms
[2026-04-03T02:30:06.957+0600][64.987s][info][gc,marking     ] GC(299) Concurrent Preclean
[2026-04-03T02:30:06.957+0600][64.988s][info][gc,marking     ] GC(299) Concurrent Preclean 0.531ms
[2026-04-03T02:30:06.957+0600][64.988s][info][gc,start       ] GC(299) Pause Remark
[2026-04-03T02:30:06.966+0600][64.997s][info][gc             ] GC(299) Pause Remark 225M->225M(530M) 8.712ms
[2026-04-03T02:30:06.966+0600][64.997s][info][gc,cpu         ] GC(299) User=0.06s Sys=0.00s Real=0.01s
[2026-04-03T02:30:06.967+0600][64.997s][info][gc,marking     ] GC(299) Concurrent Mark 112.265ms
[2026-04-03T02:30:06.967+0600][64.997s][info][gc,marking     ] GC(299) Concurrent Rebuild Remembered Sets and Scrub Regions
[2026-04-03T02:30:07.006+0600][65.036s][info][gc,marking     ] GC(299) Concurrent Rebuild Remembered Sets and Scrub Regions 38.998ms
[2026-04-03T02:30:07.006+0600][65.037s][info][gc,start       ] GC(299) Pause Cleanup
[2026-04-03T02:30:07.006+0600][65.037s][info][gc             ] GC(299) Pause Cleanup 251M->251M(530M) 0.329ms
[2026-04-03T02:30:07.007+0600][65.037s][info][gc,cpu         ] GC(299) User=0.00s Sys=0.00s Real=0.00s
[2026-04-03T02:30:07.007+0600][65.037s][info][gc,marking     ] GC(299) Concurrent Clear Claimed Marks
[2026-04-03T02:30:07.007+0600][65.038s][info][gc,marking     ] GC(299) Concurrent Clear Claimed Marks 0.489ms
[2026-04-03T02:30:07.007+0600][65.038s][info][gc,marking     ] GC(299) Concurrent Cleanup for Next Mark
[2026-04-03T02:30:07.009+0600][65.040s][info][gc,marking     ] GC(299) Concurrent Cleanup for Next Mark 1.878ms
[2026-04-03T02:30:07.009+0600][65.040s][info][gc             ] GC(299) Concurrent Mark Cycle 158.423ms
[2026-04-03T02:30:07.278+0600][65.309s][info][gc,start       ] GC(300) Pause Young (Prepare Mixed) (G1 Evacuation Pause)
[2026-04-03T02:30:07.278+0600][65.309s][info][gc,task        ] GC(300) Using 10 workers of 10 for evacuation
[2026-04-03T02:30:07.285+0600][65.315s][info][gc,phases      ] GC(300)   Pre Evacuate Collection Set: 0.57ms
[2026-04-03T02:30:07.285+0600][65.315s][info][gc,phases      ] GC(300)   Merge Heap Roots: 0.29ms
[2026-04-03T02:30:07.285+0600][65.315s][info][gc,phases      ] GC(300)   Evacuate Collection Set: 4.78ms
[2026-04-03T02:30:07.285+0600][65.315s][info][gc,phases      ] GC(300)   Post Evacuate Collection Set: 0.76ms
[2026-04-03T02:30:07.285+0600][65.315s][info][gc,phases      ] GC(300)   Other: 0.17ms
[2026-04-03T02:30:07.285+0600][65.315s][info][gc,heap        ] GC(300) Eden regions: 262->0(315)
[2026-04-03T02:30:07.285+0600][65.315s][info][gc,heap        ] GC(300) Survivor regions: 8->10(40)
[2026-04-03T02:30:07.285+0600][65.315s][info][gc,heap        ] GC(300) Old regions: 85->86
[2026-04-03T02:30:07.285+0600][65.315s][info][gc,heap        ] GC(300) Humongous regions: 177->8
[2026-04-03T02:30:07.285+0600][65.315s][info][gc,metaspace   ] GC(300) Metaspace: 131865K(133312K)->131865K(133312K) NonClass: 115248K(115968K)->115248K(115968K) Class: 16617K(17344K)->16617K(17344K)
[2026-04-03T02:30:07.285+0600][65.316s][info][gc             ] GC(300) Pause Young (Prepare Mixed) (G1 Evacuation Pause) 531M->101M(543M) 6.870ms
[2026-04-03T02:30:07.285+0600][65.316s][info][gc,cpu         ] GC(300) User=0.03s Sys=0.01s Real=0.01s
[2026-04-03T02:30:07.567+0600][65.597s][info][gc,start       ] GC(301) Pause Young (Mixed) (G1 Evacuation Pause)
[2026-04-03T02:30:07.567+0600][65.597s][info][gc,task        ] GC(301) Using 10 workers of 10 for evacuation
[2026-04-03T02:30:07.572+0600][65.602s][info][gc,phases      ] GC(301)   Pre Evacuate Collection Set: 0.25ms
[2026-04-03T02:30:07.572+0600][65.602s][info][gc,phases      ] GC(301)   Merge Heap Roots: 0.20ms
[2026-04-03T02:30:07.572+0600][65.602s][info][gc,phases      ] GC(301)   Evacuate Collection Set: 3.50ms
[2026-04-03T02:30:07.572+0600][65.602s][info][gc,phases      ] GC(301)   Post Evacuate Collection Set: 0.73ms
[2026-04-03T02:30:07.572+0600][65.602s][info][gc,phases      ] GC(301)   Other: 0.09ms
[2026-04-03T02:30:07.572+0600][65.602s][info][gc,heap        ] GC(301) Eden regions: 266->0(393)
[2026-04-03T02:30:07.572+0600][65.602s][info][gc,heap        ] GC(301) Survivor regions: 10->10(41)
[2026-04-03T02:30:07.572+0600][65.602s][info][gc,heap        ] GC(301) Old regions: 86->85
[2026-04-03T02:30:07.572+0600][65.602s][info][gc,heap        ] GC(301) Humongous regions: 301->18
[2026-04-03T02:30:07.572+0600][65.602s][info][gc,metaspace   ] GC(301) Metaspace: 131871K(133312K)->131871K(133312K) NonClass: 115252K(115968K)->115252K(115968K) Class: 16619K(17344K)->16619K(17344K)
[2026-04-03T02:30:07.572+0600][65.602s][info][gc             ] GC(301) Pause Young (Mixed) (G1 Evacuation Pause) 660M->111M(673M) 5.033ms
[2026-04-03T02:30:07.572+0600][65.602s][info][gc,cpu         ] GC(301) User=0.02s Sys=0.02s Real=0.01s
[2026-04-03T02:30:07.577+0600][65.608s][info][gc,start       ] GC(302) Pause Young (Concurrent Start) (G1 Humongous Allocation)
[2026-04-03T02:30:07.577+0600][65.608s][info][gc,task        ] GC(302) Using 10 workers of 10 for evacuation
[2026-04-03T02:30:07.581+0600][65.611s][info][gc,phases      ] GC(302)   Pre Evacuate Collection Set: 0.36ms
[2026-04-03T02:30:07.581+0600][65.611s][info][gc,phases      ] GC(302)   Merge Heap Roots: 0.12ms
[2026-04-03T02:30:07.581+0600][65.611s][info][gc,phases      ] GC(302)   Evacuate Collection Set: 2.12ms
[2026-04-03T02:30:07.581+0600][65.611s][info][gc,phases      ] GC(302)   Post Evacuate Collection Set: 0.47ms
[2026-04-03T02:30:07.581+0600][65.611s][info][gc,phases      ] GC(302)   Other: 0.23ms
[2026-04-03T02:30:07.581+0600][65.611s][info][gc,heap        ] GC(302) Eden regions: 6->0(393)
[2026-04-03T02:30:07.581+0600][65.611s][info][gc,heap        ] GC(302) Survivor regions: 10->10(51)
[2026-04-03T02:30:07.581+0600][65.611s][info][gc,heap        ] GC(302) Old regions: 85->85
[2026-04-03T02:30:07.581+0600][65.611s][info][gc,heap        ] GC(302) Humongous regions: 83->23
[2026-04-03T02:30:07.581+0600][65.611s][info][gc,metaspace   ] GC(302) Metaspace: 131871K(133312K)->131871K(133312K) NonClass: 115252K(115968K)->115252K(115968K) Class: 16619K(17344K)->16619K(17344K)
[2026-04-03T02:30:07.581+0600][65.611s][info][gc             ] GC(302) Pause Young (Concurrent Start) (G1 Humongous Allocation) 182M->116M(673M) 3.576ms
[2026-04-03T02:30:07.581+0600][65.611s][info][gc             ] GC(303) Concurrent Undo Cycle
[2026-04-03T02:30:07.581+0600][65.611s][info][gc,cpu         ] GC(302) User=0.02s Sys=0.00s Real=0.01s
[2026-04-03T02:30:07.581+0600][65.611s][info][gc,marking     ] GC(303) Concurrent Clear Claimed Marks
[2026-04-03T02:30:07.581+0600][65.612s][info][gc,marking     ] GC(303) Concurrent Clear Claimed Marks 0.292ms
[2026-04-03T02:30:07.581+0600][65.612s][info][gc,marking     ] GC(303) Concurrent Cleanup for Next Mark
[2026-04-03T02:30:07.582+0600][65.612s][info][gc,marking     ] GC(303) Concurrent Cleanup for Next Mark 0.217ms
[2026-04-03T02:30:07.582+0600][65.612s][info][gc             ] GC(303) Concurrent Undo Cycle 0.755ms
[2026-04-03T02:30:07.582+0600][65.613s][info][gc,start       ] GC(304) Pause Young (Concurrent Start) (G1 Humongous Allocation)
[2026-04-03T02:30:07.582+0600][65.613s][info][gc,task        ] GC(304) Using 10 workers of 10 for evacuation
[2026-04-03T02:30:07.585+0600][65.616s][info][gc,phases      ] GC(304)   Pre Evacuate Collection Set: 0.31ms
[2026-04-03T02:30:07.585+0600][65.616s][info][gc,phases      ] GC(304)   Merge Heap Roots: 0.07ms
[2026-04-03T02:30:07.585+0600][65.616s][info][gc,phases      ] GC(304)   Evacuate Collection Set: 2.07ms
[2026-04-03T02:30:07.585+0600][65.616s][info][gc,phases      ] GC(304)   Post Evacuate Collection Set: 0.48ms
[2026-04-03T02:30:07.585+0600][65.616s][info][gc,phases      ] GC(304)   Other: 0.11ms
[2026-04-03T02:30:07.586+0600][65.616s][info][gc,heap        ] GC(304) Eden regions: 2->0(393)
[2026-04-03T02:30:07.586+0600][65.616s][info][gc,heap        ] GC(304) Survivor regions: 10->10(51)
[2026-04-03T02:30:07.586+0600][65.616s][info][gc,heap        ] GC(304) Old regions: 85->85
[2026-04-03T02:30:07.586+0600][65.616s][info][gc,heap        ] GC(304) Humongous regions: 33->18
[2026-04-03T02:30:07.586+0600][65.616s][info][gc,metaspace   ] GC(304) Metaspace: 131871K(133312K)->131871K(133312K) NonClass: 115252K(115968K)->115252K(115968K) Class: 16619K(17344K)->16619K(17344K)
[2026-04-03T02:30:07.586+0600][65.616s][info][gc             ] GC(304) Pause Young (Concurrent Start) (G1 Humongous Allocation) 128M->111M(673M) 3.272ms
[2026-04-03T02:30:07.586+0600][65.616s][info][gc             ] GC(305) Concurrent Mark Cycle
[2026-04-03T02:30:07.586+0600][65.616s][info][gc,marking     ] GC(305) Concurrent Scan Root Regions
[2026-04-03T02:30:07.586+0600][65.616s][info][gc,cpu         ] GC(304) User=0.02s Sys=0.00s Real=0.00s
[2026-04-03T02:30:07.589+0600][65.619s][info][gc,marking     ] GC(305) Concurrent Scan Root Regions 2.884ms
[2026-04-03T02:30:07.589+0600][65.619s][info][gc,marking     ] GC(305) Concurrent Mark
[2026-04-03T02:30:07.589+0600][65.619s][info][gc,marking     ] GC(305) Concurrent Mark From Roots
[2026-04-03T02:30:07.589+0600][65.619s][info][gc,task        ] GC(305) Using 3 workers of 3 for marking
[2026-04-03T02:30:07.681+0600][65.711s][info][gc,marking     ] GC(305) Concurrent Mark From Roots 92.283ms
[2026-04-03T02:30:07.681+0600][65.712s][info][gc,marking     ] GC(305) Concurrent Preclean
[2026-04-03T02:30:07.681+0600][65.712s][info][gc,marking     ] GC(305) Concurrent Preclean 0.351ms
[2026-04-03T02:30:07.682+0600][65.713s][info][gc,start       ] GC(305) Pause Remark
[2026-04-03T02:30:07.693+0600][65.723s][info][gc             ] GC(305) Pause Remark 237M->237M(640M) 10.147ms
[2026-04-03T02:30:07.693+0600][65.723s][info][gc,cpu         ] GC(305) User=0.07s Sys=0.00s Real=0.01s
[2026-04-03T02:30:07.693+0600][65.723s][info][gc,marking     ] GC(305) Concurrent Mark 104.253ms
[2026-04-03T02:30:07.693+0600][65.723s][info][gc,marking     ] GC(305) Concurrent Rebuild Remembered Sets and Scrub Regions
[2026-04-03T02:30:07.729+0600][65.759s][info][gc,marking     ] GC(305) Concurrent Rebuild Remembered Sets and Scrub Regions 35.590ms
[2026-04-03T02:30:07.729+0600][65.760s][info][gc,start       ] GC(305) Pause Cleanup
[2026-04-03T02:30:07.729+0600][65.760s][info][gc             ] GC(305) Pause Cleanup 575M->575M(640M) 0.360ms
[2026-04-03T02:30:07.730+0600][65.760s][info][gc,cpu         ] GC(305) User=0.00s Sys=0.00s Real=0.00s
[2026-04-03T02:30:07.730+0600][65.760s][info][gc,marking     ] GC(305) Concurrent Clear Claimed Marks
[2026-04-03T02:30:07.730+0600][65.761s][info][gc,marking     ] GC(305) Concurrent Clear Claimed Marks 0.458ms
[2026-04-03T02:30:07.730+0600][65.761s][info][gc,marking     ] GC(305) Concurrent Cleanup for Next Mark
[2026-04-03T02:30:07.732+0600][65.762s][info][gc,marking     ] GC(305) Concurrent Cleanup for Next Mark 1.641ms
[2026-04-03T02:30:07.732+0600][65.762s][info][gc             ] GC(305) Concurrent Mark Cycle 146.313ms
[2026-04-03T02:30:07.777+0600][65.808s][info][gc,start       ] GC(306) Pause Young (Prepare Mixed) (G1 Evacuation Pause)
[2026-04-03T02:30:07.777+0600][65.808s][info][gc,task        ] GC(306) Using 10 workers of 10 for evacuation
[2026-04-03T02:30:07.780+0600][65.811s][info][gc,phases      ] GC(306)   Pre Evacuate Collection Set: 0.35ms
[2026-04-03T02:30:07.780+0600][65.811s][info][gc,phases      ] GC(306)   Merge Heap Roots: 0.27ms
[2026-04-03T02:30:07.780+0600][65.811s][info][gc,phases      ] GC(306)   Evacuate Collection Set: 1.67ms
[2026-04-03T02:30:07.780+0600][65.811s][info][gc,phases      ] GC(306)   Post Evacuate Collection Set: 0.68ms
[2026-04-03T02:30:07.780+0600][65.811s][info][gc,phases      ] GC(306)   Other: 0.10ms
[2026-04-03T02:30:07.780+0600][65.811s][info][gc,heap        ] GC(306) Eden regions: 108->0(385)
[2026-04-03T02:30:07.780+0600][65.811s][info][gc,heap        ] GC(306) Survivor regions: 10->4(48)
[2026-04-03T02:30:07.780+0600][65.811s][info][gc,heap        ] GC(306) Old regions: 85->86
[2026-04-03T02:30:07.780+0600][65.811s][info][gc,heap        ] GC(306) Humongous regions: 441->8
[2026-04-03T02:30:07.781+0600][65.811s][info][gc,metaspace   ] GC(306) Metaspace: 131875K(133312K)->131875K(133312K) NonClass: 115256K(115968K)->115256K(115968K) Class: 16619K(17344K)->16619K(17344K)
[2026-04-03T02:30:07.781+0600][65.811s][info][gc             ] GC(306) Pause Young (Prepare Mixed) (G1 Evacuation Pause) 642M->96M(649M) 3.309ms
[2026-04-03T02:30:07.781+0600][65.811s][info][gc,cpu         ] GC(306) User=0.01s Sys=0.00s Real=0.01s
[2026-04-03T02:30:08.374+0600][66.404s][info][gc,start       ] GC(307) Pause Young (Mixed) (G1 Evacuation Pause)
[2026-04-03T02:30:08.374+0600][66.405s][info][gc,task        ] GC(307) Using 10 workers of 10 for evacuation
[2026-04-03T02:30:08.379+0600][66.409s][info][gc,phases      ] GC(307)   Pre Evacuate Collection Set: 0.31ms
[2026-04-03T02:30:08.379+0600][66.409s][info][gc,phases      ] GC(307)   Merge Heap Roots: 0.17ms
[2026-04-03T02:30:08.379+0600][66.409s][info][gc,phases      ] GC(307)   Evacuate Collection Set: 3.60ms
[2026-04-03T02:30:08.379+0600][66.409s][info][gc,phases      ] GC(307)   Post Evacuate Collection Set: 0.65ms
[2026-04-03T02:30:08.379+0600][66.409s][info][gc,phases      ] GC(307)   Other: 0.10ms
[2026-04-03T02:30:08.379+0600][66.410s][info][gc,heap        ] GC(307) Eden regions: 354->0(390)
[2026-04-03T02:30:08.379+0600][66.410s][info][gc,heap        ] GC(307) Survivor regions: 4->7(49)
[2026-04-03T02:30:08.379+0600][66.410s][info][gc,heap        ] GC(307) Old regions: 86->85
[2026-04-03T02:30:08.379+0600][66.410s][info][gc,heap        ] GC(307) Humongous regions: 212->8
[2026-04-03T02:30:08.379+0600][66.410s][info][gc,metaspace   ] GC(307) Metaspace: 131876K(133312K)->131876K(133312K) NonClass: 115256K(115968K)->115256K(115968K) Class: 16619K(17344K)->16619K(17344K)
[2026-04-03T02:30:08.379+0600][66.410s][info][gc             ] GC(307) Pause Young (Mixed) (G1 Evacuation Pause) 654M->98M(663M) 5.100ms
[2026-04-03T02:30:08.379+0600][66.410s][info][gc,cpu         ] GC(307) User=0.03s Sys=0.00s Real=0.00s
[2026-04-03T02:30:08.392+0600][66.423s][info][gc,start       ] GC(308) Pause Young (Concurrent Start) (G1 Humongous Allocation)
[2026-04-03T02:30:08.393+0600][66.423s][info][gc,task        ] GC(308) Using 10 workers of 10 for evacuation
[2026-04-03T02:30:08.397+0600][66.427s][info][gc,phases      ] GC(308)   Pre Evacuate Collection Set: 0.42ms
[2026-04-03T02:30:08.397+0600][66.427s][info][gc,phases      ] GC(308)   Merge Heap Roots: 0.15ms
[2026-04-03T02:30:08.397+0600][66.427s][info][gc,phases      ] GC(308)   Evacuate Collection Set: 2.99ms
[2026-04-03T02:30:08.397+0600][66.427s][info][gc,phases      ] GC(308)   Post Evacuate Collection Set: 0.63ms
[2026-04-03T02:30:08.397+0600][66.427s][info][gc,phases      ] GC(308)   Other: 0.17ms
[2026-04-03T02:30:08.397+0600][66.427s][info][gc,heap        ] GC(308) Eden regions: 15->0(388)
[2026-04-03T02:30:08.397+0600][66.427s][info][gc,heap        ] GC(308) Survivor regions: 7->9(50)
[2026-04-03T02:30:08.397+0600][66.427s][info][gc,heap        ] GC(308) Old regions: 85->86
[2026-04-03T02:30:08.397+0600][66.427s][info][gc,heap        ] GC(308) Humongous regions: 8->8
[2026-04-03T02:30:08.397+0600][66.428s][info][gc,metaspace   ] GC(308) Metaspace: 131876K(133312K)->131876K(133312K) NonClass: 115256K(115968K)->115256K(115968K) Class: 16619K(17344K)->16619K(17344K)
[2026-04-03T02:30:08.397+0600][66.428s][info][gc             ] GC(308) Pause Young (Concurrent Start) (G1 Humongous Allocation) 113M->100M(663M) 4.644ms
[2026-04-03T02:30:08.397+0600][66.428s][info][gc             ] GC(309) Concurrent Mark Cycle
[2026-04-03T02:30:08.397+0600][66.428s][info][gc,cpu         ] GC(308) User=0.04s Sys=0.00s Real=0.00s
[2026-04-03T02:30:08.397+0600][66.428s][info][gc,marking     ] GC(309) Concurrent Scan Root Regions
[2026-04-03T02:30:08.400+0600][66.431s][info][gc,marking     ] GC(309) Concurrent Scan Root Regions 3.067ms
[2026-04-03T02:30:08.400+0600][66.431s][info][gc,marking     ] GC(309) Concurrent Mark
[2026-04-03T02:30:08.400+0600][66.431s][info][gc,marking     ] GC(309) Concurrent Mark From Roots
[2026-04-03T02:30:08.400+0600][66.431s][info][gc,task        ] GC(309) Using 3 workers of 3 for marking
[2026-04-03T02:30:08.500+0600][66.531s][info][gc,marking     ] GC(309) Concurrent Mark From Roots 99.613ms
[2026-04-03T02:30:08.500+0600][66.531s][info][gc,marking     ] GC(309) Concurrent Preclean
[2026-04-03T02:30:08.500+0600][66.531s][info][gc,marking     ] GC(309) Concurrent Preclean 0.270ms
[2026-04-03T02:30:08.501+0600][66.531s][info][gc,start       ] GC(309) Pause Remark
[2026-04-03T02:30:08.510+0600][66.541s][info][gc             ] GC(309) Pause Remark 230M->230M(554M) 9.666ms
[2026-04-03T02:30:08.511+0600][66.541s][info][gc,cpu         ] GC(309) User=0.07s Sys=0.01s Real=0.01s
[2026-04-03T02:30:08.511+0600][66.541s][info][gc,marking     ] GC(309) Concurrent Mark 110.387ms
[2026-04-03T02:30:08.511+0600][66.541s][info][gc,marking     ] GC(309) Concurrent Rebuild Remembered Sets and Scrub Regions
[2026-04-03T02:30:08.549+0600][66.580s][info][gc,marking     ] GC(309) Concurrent Rebuild Remembered Sets and Scrub Regions 38.466ms
[2026-04-03T02:30:08.550+0600][66.580s][info][gc,start       ] GC(309) Pause Cleanup
[2026-04-03T02:30:08.550+0600][66.581s][info][gc             ] GC(309) Pause Cleanup 275M->275M(554M) 0.252ms
[2026-04-03T02:30:08.550+0600][66.581s][info][gc,cpu         ] GC(309) User=0.00s Sys=0.00s Real=0.00s
[2026-04-03T02:30:08.550+0600][66.581s][info][gc,marking     ] GC(309) Concurrent Clear Claimed Marks
[2026-04-03T02:30:08.551+0600][66.581s][info][gc,marking     ] GC(309) Concurrent Clear Claimed Marks 0.336ms
[2026-04-03T02:30:08.551+0600][66.581s][info][gc,marking     ] GC(309) Concurrent Cleanup for Next Mark
[2026-04-03T02:30:08.551+0600][66.582s][info][gc,marking     ] GC(309) Concurrent Cleanup for Next Mark 0.782ms
[2026-04-03T02:30:08.552+0600][66.582s][info][gc             ] GC(309) Concurrent Mark Cycle 154.343ms
[2026-04-03T02:30:08.748+0600][66.778s][info][gc,start       ] GC(310) Pause Young (Prepare Mixed) (G1 Evacuation Pause)
[2026-04-03T02:30:08.748+0600][66.778s][info][gc,task        ] GC(310) Using 10 workers of 10 for evacuation
[2026-04-03T02:30:08.752+0600][66.782s][info][gc,phases      ] GC(310)   Pre Evacuate Collection Set: 0.26ms
[2026-04-03T02:30:08.752+0600][66.782s][info][gc,phases      ] GC(310)   Merge Heap Roots: 0.19ms
[2026-04-03T02:30:08.752+0600][66.782s][info][gc,phases      ] GC(310)   Evacuate Collection Set: 2.53ms
[2026-04-03T02:30:08.752+0600][66.782s][info][gc,phases      ] GC(310)   Post Evacuate Collection Set: 0.80ms
[2026-04-03T02:30:08.752+0600][66.782s][info][gc,phases      ] GC(310)   Other: 0.08ms
[2026-04-03T02:30:08.752+0600][66.782s][info][gc,heap        ] GC(310) Eden regions: 252->0(337)
[2026-04-03T02:30:08.752+0600][66.782s][info][gc,heap        ] GC(310) Survivor regions: 9->6(42)
[2026-04-03T02:30:08.752+0600][66.782s][info][gc,heap        ] GC(310) Old regions: 86->87
[2026-04-03T02:30:08.752+0600][66.782s][info][gc,heap        ] GC(310) Humongous regions: 218->8
[2026-04-03T02:30:08.752+0600][66.782s][info][gc,metaspace   ] GC(310) Metaspace: 131876K(133312K)->131876K(133312K) NonClass: 115256K(115968K)->115256K(115968K) Class: 16619K(17344K)->16619K(17344K)
[2026-04-03T02:30:08.752+0600][66.782s][info][gc             ] GC(310) Pause Young (Prepare Mixed) (G1 Evacuation Pause) 562M->98M(572M) 4.145ms
[2026-04-03T02:30:08.752+0600][66.782s][info][gc,cpu         ] GC(310) User=0.02s Sys=0.00s Real=0.01s
[2026-04-03T02:30:09.135+0600][67.165s][info][gc,start       ] GC(311) Pause Young (Mixed) (G1 Evacuation Pause)
[2026-04-03T02:30:09.135+0600][67.165s][info][gc,task        ] GC(311) Using 10 workers of 10 for evacuation
[2026-04-03T02:30:09.142+0600][67.173s][info][gc,phases      ] GC(311)   Pre Evacuate Collection Set: 0.39ms
[2026-04-03T02:30:09.142+0600][67.173s][info][gc,phases      ] GC(311)   Merge Heap Roots: 0.22ms
[2026-04-03T02:30:09.142+0600][67.173s][info][gc,phases      ] GC(311)   Evacuate Collection Set: 4.95ms
[2026-04-03T02:30:09.142+0600][67.173s][info][gc,phases      ] GC(311)   Post Evacuate Collection Set: 1.38ms
[2026-04-03T02:30:09.142+0600][67.173s][info][gc,phases      ] GC(311)   Other: 0.13ms
[2026-04-03T02:30:09.142+0600][67.173s][info][gc,heap        ] GC(311) Eden regions: 304->0(339)
[2026-04-03T02:30:09.142+0600][67.173s][info][gc,heap        ] GC(311) Survivor regions: 6->9(43)
[2026-04-03T02:30:09.142+0600][67.173s][info][gc,heap        ] GC(311) Old regions: 87->86
[2026-04-03T02:30:09.142+0600][67.173s][info][gc,heap        ] GC(311) Humongous regions: 175->8
[2026-04-03T02:30:09.142+0600][67.173s][info][gc,metaspace   ] GC(311) Metaspace: 131876K(133312K)->131876K(133312K) NonClass: 115257K(115968K)->115257K(115968K) Class: 16619K(17344K)->16619K(17344K)
[2026-04-03T02:30:09.142+0600][67.173s][info][gc             ] GC(311) Pause Young (Mixed) (G1 Evacuation Pause) 569M->100M(581M) 7.370ms
[2026-04-03T02:30:09.142+0600][67.173s][info][gc,cpu         ] GC(311) User=0.04s Sys=0.02s Real=0.01s
[2026-04-03T02:30:09.179+0600][67.209s][info][gc,start       ] GC(312) Pause Young (Concurrent Start) (G1 Humongous Allocation)
[2026-04-03T02:30:09.179+0600][67.209s][info][gc,task        ] GC(312) Using 10 workers of 10 for evacuation
[2026-04-03T02:30:09.183+0600][67.214s][info][gc,phases      ] GC(312)   Pre Evacuate Collection Set: 0.45ms
[2026-04-03T02:30:09.183+0600][67.214s][info][gc,phases      ] GC(312)   Merge Heap Roots: 0.16ms
[2026-04-03T02:30:09.183+0600][67.214s][info][gc,phases      ] GC(312)   Evacuate Collection Set: 3.07ms
[2026-04-03T02:30:09.183+0600][67.214s][info][gc,phases      ] GC(312)   Post Evacuate Collection Set: 0.67ms
[2026-04-03T02:30:09.183+0600][67.214s][info][gc,phases      ] GC(312)   Other: 0.19ms
[2026-04-03T02:30:09.184+0600][67.214s][info][gc,heap        ] GC(312) Eden regions: 59->0(337)
[2026-04-03T02:30:09.184+0600][67.214s][info][gc,heap        ] GC(312) Survivor regions: 9->11(44)
[2026-04-03T02:30:09.184+0600][67.214s][info][gc,heap        ] GC(312) Old regions: 86->86
[2026-04-03T02:30:09.184+0600][67.214s][info][gc,heap        ] GC(312) Humongous regions: 8->8
[2026-04-03T02:30:09.184+0600][67.214s][info][gc,metaspace   ] GC(312) Metaspace: 131876K(133312K)->131876K(133312K) NonClass: 115257K(115968K)->115257K(115968K) Class: 16619K(17344K)->16619K(17344K)
[2026-04-03T02:30:09.184+0600][67.214s][info][gc             ] GC(312) Pause Young (Concurrent Start) (G1 Humongous Allocation) 159M->102M(581M) 4.852ms
[2026-04-03T02:30:09.184+0600][67.214s][info][gc             ] GC(313) Concurrent Mark Cycle
[2026-04-03T02:30:09.184+0600][67.214s][info][gc,marking     ] GC(313) Concurrent Scan Root Regions
[2026-04-03T02:30:09.184+0600][67.214s][info][gc,cpu         ] GC(312) User=0.04s Sys=0.00s Real=0.01s
[2026-04-03T02:30:09.187+0600][67.218s][info][gc,marking     ] GC(313) Concurrent Scan Root Regions 3.497ms
[2026-04-03T02:30:09.187+0600][67.218s][info][gc,marking     ] GC(313) Concurrent Mark
[2026-04-03T02:30:09.187+0600][67.218s][info][gc,marking     ] GC(313) Concurrent Mark From Roots
[2026-04-03T02:30:09.187+0600][67.218s][info][gc,task        ] GC(313) Using 3 workers of 3 for marking
[2026-04-03T02:30:09.268+0600][67.298s][info][gc,marking     ] GC(313) Concurrent Mark From Roots 80.296ms
[2026-04-03T02:30:09.268+0600][67.298s][info][gc,marking     ] GC(313) Concurrent Preclean
[2026-04-03T02:30:09.268+0600][67.299s][info][gc,marking     ] GC(313) Concurrent Preclean 0.414ms
[2026-04-03T02:30:09.268+0600][67.299s][info][gc,start       ] GC(313) Pause Remark
[2026-04-03T02:30:09.278+0600][67.309s][info][gc             ] GC(313) Pause Remark 207M->207M(427M) 9.561ms
[2026-04-03T02:30:09.278+0600][67.309s][info][gc,cpu         ] GC(313) User=0.07s Sys=0.00s Real=0.01s
[2026-04-03T02:30:09.278+0600][67.309s][info][gc,marking     ] GC(313) Concurrent Mark 91.129ms
[2026-04-03T02:30:09.278+0600][67.309s][info][gc,marking     ] GC(313) Concurrent Rebuild Remembered Sets and Scrub Regions
[2026-04-03T02:30:09.311+0600][67.342s][info][gc,marking     ] GC(313) Concurrent Rebuild Remembered Sets and Scrub Regions 33.001ms
[2026-04-03T02:30:09.312+0600][67.342s][info][gc,start       ] GC(313) Pause Cleanup
[2026-04-03T02:30:09.312+0600][67.343s][info][gc             ] GC(313) Pause Cleanup 240M->240M(427M) 0.286ms
[2026-04-03T02:30:09.312+0600][67.343s][info][gc,cpu         ] GC(313) User=0.00s Sys=0.00s Real=0.00s
[2026-04-03T02:30:09.312+0600][67.343s][info][gc,marking     ] GC(313) Concurrent Clear Claimed Marks
[2026-04-03T02:30:09.313+0600][67.343s][info][gc,marking     ] GC(313) Concurrent Clear Claimed Marks 0.386ms
[2026-04-03T02:30:09.313+0600][67.343s][info][gc,marking     ] GC(313) Concurrent Cleanup for Next Mark
[2026-04-03T02:30:09.313+0600][67.344s][info][gc,marking     ] GC(313) Concurrent Cleanup for Next Mark 0.632ms
[2026-04-03T02:30:09.314+0600][67.344s][info][gc             ] GC(313) Concurrent Mark Cycle 129.923ms
[2026-04-03T02:30:09.469+0600][67.500s][info][gc,start       ] GC(314) Pause Young (Prepare Mixed) (G1 Evacuation Pause)
[2026-04-03T02:30:09.469+0600][67.500s][info][gc,task        ] GC(314) Using 10 workers of 10 for evacuation
[2026-04-03T02:30:09.475+0600][67.506s][info][gc,phases      ] GC(314)   Pre Evacuate Collection Set: 0.50ms
[2026-04-03T02:30:09.476+0600][67.506s][info][gc,phases      ] GC(314)   Merge Heap Roots: 0.27ms
[2026-04-03T02:30:09.476+0600][67.506s][info][gc,phases      ] GC(314)   Evacuate Collection Set: 4.41ms
[2026-04-03T02:30:09.476+0600][67.506s][info][gc,phases      ] GC(314)   Post Evacuate Collection Set: 0.66ms
[2026-04-03T02:30:09.476+0600][67.506s][info][gc,phases      ] GC(314)   Other: 0.15ms
[2026-04-03T02:30:09.476+0600][67.506s][info][gc,heap        ] GC(314) Eden regions: 232->0(253)
[2026-04-03T02:30:09.476+0600][67.506s][info][gc,heap        ] GC(314) Survivor regions: 11->8(32)
[2026-04-03T02:30:09.476+0600][67.506s][info][gc,heap        ] GC(314) Old regions: 86->87
[2026-04-03T02:30:09.476+0600][67.506s][info][gc,heap        ] GC(314) Humongous regions: 98->8
[2026-04-03T02:30:09.476+0600][67.506s][info][gc,metaspace   ] GC(314) Metaspace: 131878K(133312K)->131878K(133312K) NonClass: 115259K(115968K)->115259K(115968K) Class: 16619K(17344K)->16619K(17344K)
[2026-04-03T02:30:09.476+0600][67.506s][info][gc             ] GC(314) Pause Young (Prepare Mixed) (G1 Evacuation Pause) 424M->100M(436M) 6.322ms
[2026-04-03T02:30:09.476+0600][67.506s][info][gc,cpu         ] GC(314) User=0.04s Sys=0.01s Real=0.01s
[2026-04-03T02:30:09.722+0600][67.752s][info][gc,start       ] GC(315) Pause Young (Mixed) (G1 Evacuation Pause)
[2026-04-03T02:30:09.722+0600][67.752s][info][gc,task        ] GC(315) Using 10 workers of 10 for evacuation
[2026-04-03T02:30:09.727+0600][67.757s][info][gc,phases      ] GC(315)   Pre Evacuate Collection Set: 0.22ms
[2026-04-03T02:30:09.727+0600][67.757s][info][gc,phases      ] GC(315)   Merge Heap Roots: 0.21ms
[2026-04-03T02:30:09.727+0600][67.757s][info][gc,phases      ] GC(315)   Evacuate Collection Set: 3.42ms
[2026-04-03T02:30:09.727+0600][67.757s][info][gc,phases      ] GC(315)   Post Evacuate Collection Set: 0.69ms
[2026-04-03T02:30:09.727+0600][67.757s][info][gc,phases      ] GC(315)   Other: 0.18ms
[2026-04-03T02:30:09.727+0600][67.757s][info][gc,heap        ] GC(315) Eden regions: 209->0(264)
[2026-04-03T02:30:09.727+0600][67.757s][info][gc,heap        ] GC(315) Survivor regions: 8->4(33)
[2026-04-03T02:30:09.727+0600][67.757s][info][gc,heap        ] GC(315) Old regions: 87->86
[2026-04-03T02:30:09.727+0600][67.757s][info][gc,heap        ] GC(315) Humongous regions: 139->8
[2026-04-03T02:30:09.727+0600][67.757s][info][gc,metaspace   ] GC(315) Metaspace: 131885K(133312K)->131885K(133312K) NonClass: 115265K(115968K)->115265K(115968K) Class: 16620K(17344K)->16620K(17344K)
[2026-04-03T02:30:09.727+0600][67.757s][info][gc             ] GC(315) Pause Young (Mixed) (G1 Evacuation Pause) 440M->96M(447M) 5.005ms
[2026-04-03T02:30:09.727+0600][67.757s][info][gc,cpu         ] GC(315) User=0.02s Sys=0.01s Real=0.00s
[2026-04-03T02:30:09.757+0600][67.787s][info][gc,start       ] GC(316) Pause Young (Concurrent Start) (G1 Humongous Allocation)
[2026-04-03T02:30:09.757+0600][67.787s][info][gc,task        ] GC(316) Using 10 workers of 10 for evacuation
[2026-04-03T02:30:09.763+0600][67.794s][info][gc,phases      ] GC(316)   Pre Evacuate Collection Set: 0.63ms
[2026-04-03T02:30:09.763+0600][67.794s][info][gc,phases      ] GC(316)   Merge Heap Roots: 0.23ms
[2026-04-03T02:30:09.763+0600][67.794s][info][gc,phases      ] GC(316)   Evacuate Collection Set: 4.16ms
[2026-04-03T02:30:09.763+0600][67.794s][info][gc,phases      ] GC(316)   Post Evacuate Collection Set: 1.08ms
[2026-04-03T02:30:09.763+0600][67.794s][info][gc,phases      ] GC(316)   Other: 0.25ms
[2026-04-03T02:30:09.763+0600][67.794s][info][gc,heap        ] GC(316) Eden regions: 44->0(263)
[2026-04-03T02:30:09.764+0600][67.794s][info][gc,heap        ] GC(316) Survivor regions: 4->5(34)
[2026-04-03T02:30:09.764+0600][67.794s][info][gc,heap        ] GC(316) Old regions: 86->86
[2026-04-03T02:30:09.764+0600][67.794s][info][gc,heap        ] GC(316) Humongous regions: 8->8
[2026-04-03T02:30:09.764+0600][67.794s][info][gc,metaspace   ] GC(316) Metaspace: 131886K(133312K)->131886K(133312K) NonClass: 115266K(115968K)->115266K(115968K) Class: 16620K(17344K)->16620K(17344K)
[2026-04-03T02:30:09.764+0600][67.794s][info][gc             ] GC(316) Pause Young (Concurrent Start) (G1 Humongous Allocation) 140M->97M(447M) 6.951ms
[2026-04-03T02:30:09.764+0600][67.794s][info][gc             ] GC(317) Concurrent Mark Cycle
[2026-04-03T02:30:09.764+0600][67.794s][info][gc,marking     ] GC(317) Concurrent Scan Root Regions
[2026-04-03T02:30:09.764+0600][67.794s][info][gc,cpu         ] GC(316) User=0.04s Sys=0.00s Real=0.01s
[2026-04-03T02:30:09.768+0600][67.798s][info][gc,marking     ] GC(317) Concurrent Scan Root Regions 3.950ms
[2026-04-03T02:30:09.768+0600][67.798s][info][gc,marking     ] GC(317) Concurrent Mark
[2026-04-03T02:30:09.768+0600][67.798s][info][gc,marking     ] GC(317) Concurrent Mark From Roots
[2026-04-03T02:30:09.768+0600][67.798s][info][gc,task        ] GC(317) Using 3 workers of 3 for marking
[2026-04-03T02:30:09.816+0600][67.847s][info][gc,start       ] GC(318) Pause Full (System.gc())
[2026-04-03T02:30:09.816+0600][67.847s][info][gc,task        ] GC(318) Using 10 workers of 10 for full compaction
[2026-04-03T02:30:09.818+0600][67.848s][info][gc,phases,start] GC(318) Phase 1: Mark live objects
[2026-04-03T02:30:09.919+0600][67.950s][info][gc,phases      ] GC(318) Phase 1: Mark live objects 101.327ms
[2026-04-03T02:30:09.919+0600][67.950s][info][gc,phases,start] GC(318) Phase 2: Prepare compaction
[2026-04-03T02:30:09.921+0600][67.952s][info][gc,phases      ] GC(318) Phase 2: Prepare compaction 1.927ms
[2026-04-03T02:30:09.921+0600][67.952s][info][gc,phases,start] GC(318) Phase 3: Adjust pointers
[2026-04-03T02:30:09.945+0600][67.975s][info][gc,phases      ] GC(318) Phase 3: Adjust pointers 23.598ms
[2026-04-03T02:30:09.945+0600][67.976s][info][gc,phases,start] GC(318) Phase 4: Compact heap
[2026-04-03T02:30:09.947+0600][67.977s][info][gc,phases      ] GC(318) Phase 4: Compact heap 1.938ms
[2026-04-03T02:30:09.947+0600][67.978s][info][gc,phases,start] GC(318) Phase 5: Reset Metadata
[2026-04-03T02:30:09.952+0600][67.983s][info][gc,phases      ] GC(318) Phase 5: Reset Metadata 5.057ms
[2026-04-03T02:30:09.971+0600][68.001s][info][gc,heap        ] GC(318) Eden regions: 31->0(194)
[2026-04-03T02:30:09.971+0600][68.001s][info][gc,heap        ] GC(318) Survivor regions: 5->0(34)
[2026-04-03T02:30:09.971+0600][68.001s][info][gc,heap        ] GC(318) Old regions: 86->89
[2026-04-03T02:30:09.971+0600][68.001s][info][gc,heap        ] GC(318) Humongous regions: 24->8
[2026-04-03T02:30:09.971+0600][68.001s][info][gc,metaspace   ] GC(318) Metaspace: 131886K(133312K)->131886K(133312K) NonClass: 115266K(115968K)->115266K(115968K) Class: 16620K(17344K)->16620K(17344K)
[2026-04-03T02:30:09.971+0600][68.001s][info][gc             ] GC(318) Pause Full (System.gc()) 143M->92M(324M) 154.536ms
[2026-04-03T02:30:09.971+0600][68.001s][info][gc,cpu         ] GC(318) User=0.91s Sys=0.15s Real=0.16s
[2026-04-03T02:30:09.971+0600][68.002s][info][gc,marking     ] GC(317) Concurrent Mark From Roots 203.234ms
[2026-04-03T02:30:09.971+0600][68.002s][info][gc,marking     ] GC(317) Concurrent Mark Abort
[2026-04-03T02:30:09.971+0600][68.002s][info][gc             ] GC(317) Concurrent Mark Cycle 207.439ms
[2026-04-03T02:30:09.986+0600][68.016s][info][gc,start       ] GC(319) Pause Young (Concurrent Start) (G1 Humongous Allocation)
[2026-04-03T02:30:09.986+0600][68.016s][info][gc,task        ] GC(319) Using 8 workers of 10 for evacuation
[2026-04-03T02:30:09.989+0600][68.020s][info][gc,phases      ] GC(319)   Pre Evacuate Collection Set: 0.27ms
[2026-04-03T02:30:09.989+0600][68.020s][info][gc,phases      ] GC(319)   Merge Heap Roots: 0.12ms
[2026-04-03T02:30:09.989+0600][68.020s][info][gc,phases      ] GC(319)   Evacuate Collection Set: 1.45ms
[2026-04-03T02:30:09.989+0600][68.020s][info][gc,phases      ] GC(319)   Post Evacuate Collection Set: 1.37ms
[2026-04-03T02:30:09.989+0600][68.020s][info][gc,phases      ] GC(319)   Other: 0.24ms
[2026-04-03T02:30:09.989+0600][68.020s][info][gc,heap        ] GC(319) Eden regions: 5->0(305)
[2026-04-03T02:30:09.989+0600][68.020s][info][gc,heap        ] GC(319) Survivor regions: 0->1(25)
[2026-04-03T02:30:09.989+0600][68.020s][info][gc,heap        ] GC(319) Old regions: 89->89
[2026-04-03T02:30:09.989+0600][68.020s][info][gc,heap        ] GC(319) Humongous regions: 8->8
[2026-04-03T02:30:09.990+0600][68.020s][info][gc,metaspace   ] GC(319) Metaspace: 131886K(133312K)->131886K(133312K) NonClass: 115266K(115968K)->115266K(115968K) Class: 16620K(17344K)->16620K(17344K)
[2026-04-03T02:30:09.990+0600][68.020s][info][gc             ] GC(319) Pause Young (Concurrent Start) (G1 Humongous Allocation) 96M->92M(510M) 3.687ms
[2026-04-03T02:30:09.990+0600][68.020s][info][gc             ] GC(320) Concurrent Mark Cycle
[2026-04-03T02:30:09.990+0600][68.020s][info][gc,cpu         ] GC(319) User=0.01s Sys=0.00s Real=0.00s
[2026-04-03T02:30:09.990+0600][68.020s][info][gc,marking     ] GC(320) Concurrent Scan Root Regions
[2026-04-03T02:30:09.991+0600][68.021s][info][gc,marking     ] GC(320) Concurrent Scan Root Regions 1.222ms
[2026-04-03T02:30:09.991+0600][68.021s][info][gc,marking     ] GC(320) Concurrent Mark
[2026-04-03T02:30:09.991+0600][68.021s][info][gc,marking     ] GC(320) Concurrent Mark From Roots
[2026-04-03T02:30:09.991+0600][68.021s][info][gc,task        ] GC(320) Using 3 workers of 3 for marking
[2026-04-03T02:30:10.063+0600][68.094s][info][gc,marking     ] GC(320) Concurrent Mark From Roots 72.347ms
[2026-04-03T02:30:10.063+0600][68.094s][info][gc,marking     ] GC(320) Concurrent Preclean
[2026-04-03T02:30:10.064+0600][68.095s][info][gc,marking     ] GC(320) Concurrent Preclean 0.753ms
[2026-04-03T02:30:10.065+0600][68.095s][info][gc,start       ] GC(320) Pause Remark
[2026-04-03T02:30:10.074+0600][68.105s][info][gc             ] GC(320) Pause Remark 124M->124M(374M) 9.500ms
[2026-04-03T02:30:10.074+0600][68.105s][info][gc,cpu         ] GC(320) User=0.05s Sys=0.00s Real=0.01s
[2026-04-03T02:30:10.074+0600][68.105s][info][gc,marking     ] GC(320) Concurrent Mark 83.583ms
[2026-04-03T02:30:10.075+0600][68.105s][info][gc,marking     ] GC(320) Concurrent Rebuild Remembered Sets and Scrub Regions
[2026-04-03T02:30:10.105+0600][68.135s][info][gc,marking     ] GC(320) Concurrent Rebuild Remembered Sets and Scrub Regions 30.170ms
[2026-04-03T02:30:10.105+0600][68.136s][info][gc,start       ] GC(320) Pause Cleanup
[2026-04-03T02:30:10.106+0600][68.136s][info][gc             ] GC(320) Pause Cleanup 153M->153M(374M) 0.332ms
[2026-04-03T02:30:10.106+0600][68.136s][info][gc,cpu         ] GC(320) User=0.00s Sys=0.00s Real=0.00s
[2026-04-03T02:30:10.106+0600][68.136s][info][gc,marking     ] GC(320) Concurrent Clear Claimed Marks
[2026-04-03T02:30:10.106+0600][68.137s][info][gc,marking     ] GC(320) Concurrent Clear Claimed Marks 0.368ms
[2026-04-03T02:30:10.106+0600][68.137s][info][gc,marking     ] GC(320) Concurrent Cleanup for Next Mark
[2026-04-03T02:30:10.107+0600][68.137s][info][gc,marking     ] GC(320) Concurrent Cleanup for Next Mark 0.745ms
[2026-04-03T02:30:10.107+0600][68.137s][info][gc             ] GC(320) Concurrent Mark Cycle 117.431ms
[2026-04-03T02:30:10.160+0600][68.190s][info][gc,start       ] GC(321) Pause Young (Prepare Mixed) (G1 Evacuation Pause)
[2026-04-03T02:30:10.160+0600][68.190s][info][gc,task        ] GC(321) Using 10 workers of 10 for evacuation
[2026-04-03T02:30:10.164+0600][68.194s][info][gc,phases      ] GC(321)   Pre Evacuate Collection Set: 0.22ms
[2026-04-03T02:30:10.164+0600][68.194s][info][gc,phases      ] GC(321)   Merge Heap Roots: 0.27ms
[2026-04-03T02:30:10.164+0600][68.194s][info][gc,phases      ] GC(321)   Evacuate Collection Set: 2.14ms
[2026-04-03T02:30:10.164+0600][68.194s][info][gc,phases      ] GC(321)   Post Evacuate Collection Set: 1.09ms
[2026-04-03T02:30:10.164+0600][68.194s][info][gc,phases      ] GC(321)   Other: 0.09ms
[2026-04-03T02:30:10.164+0600][68.194s][info][gc,heap        ] GC(321) Eden regions: 64->0(309)
[2026-04-03T02:30:10.164+0600][68.194s][info][gc,heap        ] GC(321) Survivor regions: 1->3(28)
[2026-04-03T02:30:10.164+0600][68.194s][info][gc,heap        ] GC(321) Old regions: 89->89
[2026-04-03T02:30:10.164+0600][68.194s][info][gc,heap        ] GC(321) Humongous regions: 364->8
[2026-04-03T02:30:10.164+0600][68.194s][info][gc,metaspace   ] GC(321) Metaspace: 131887K(133312K)->131887K(133312K) NonClass: 115267K(115968K)->115267K(115968K) Class: 16620K(17344K)->16620K(17344K)
[2026-04-03T02:30:10.164+0600][68.194s][info][gc             ] GC(321) Pause Young (Prepare Mixed) (G1 Evacuation Pause) 512M->94M(521M) 4.148ms
[2026-04-03T02:30:10.164+0600][68.194s][info][gc,cpu         ] GC(321) User=0.02s Sys=0.00s Real=0.00s
[2026-04-03T02:30:10.258+0600][68.288s][info][gc,start       ] GC(322) Pause Young (Mixed) (G1 Evacuation Pause)
[2026-04-03T02:30:10.258+0600][68.288s][info][gc,task        ] GC(322) Using 10 workers of 10 for evacuation
[2026-04-03T02:30:10.262+0600][68.292s][info][gc,phases      ] GC(322)   Pre Evacuate Collection Set: 0.38ms
[2026-04-03T02:30:10.262+0600][68.292s][info][gc,phases      ] GC(322)   Merge Heap Roots: 0.12ms
[2026-04-03T02:30:10.262+0600][68.292s][info][gc,phases      ] GC(322)   Evacuate Collection Set: 2.16ms
[2026-04-03T02:30:10.262+0600][68.292s][info][gc,phases      ] GC(322)   Post Evacuate Collection Set: 0.76ms
[2026-04-03T02:30:10.262+0600][68.292s][info][gc,phases      ] GC(322)   Other: 0.08ms
[2026-04-03T02:30:10.262+0600][68.292s][info][gc,heap        ] GC(322) Eden regions: 63->0(315)
[2026-04-03T02:30:10.262+0600][68.292s][info][gc,heap        ] GC(322) Survivor regions: 3->3(39)
[2026-04-03T02:30:10.262+0600][68.292s][info][gc,heap        ] GC(322) Old regions: 89->88
[2026-04-03T02:30:10.262+0600][68.292s][info][gc,heap        ] GC(322) Humongous regions: 371->8
[2026-04-03T02:30:10.262+0600][68.292s][info][gc,metaspace   ] GC(322) Metaspace: 131891K(133376K)->131891K(133376K) NonClass: 115270K(116032K)->115270K(116032K) Class: 16620K(17344K)->16620K(17344K)
[2026-04-03T02:30:10.262+0600][68.292s][info][gc             ] GC(322) Pause Young (Mixed) (G1 Evacuation Pause) 520M->94M(530M) 3.750ms
[2026-04-03T02:30:10.262+0600][68.292s][info][gc,cpu         ] GC(322) User=0.01s Sys=0.00s Real=0.01s
[2026-04-03T02:30:10.270+0600][68.301s][info][gc,start       ] GC(323) Pause Young (Concurrent Start) (G1 Humongous Allocation)
[2026-04-03T02:30:10.270+0600][68.301s][info][gc,task        ] GC(323) Using 10 workers of 10 for evacuation
[2026-04-03T02:30:10.274+0600][68.305s][info][gc,phases      ] GC(323)   Pre Evacuate Collection Set: 0.56ms
[2026-04-03T02:30:10.275+0600][68.305s][info][gc,phases      ] GC(323)   Merge Heap Roots: 0.21ms
[2026-04-03T02:30:10.275+0600][68.305s][info][gc,phases      ] GC(323)   Evacuate Collection Set: 2.17ms
[2026-04-03T02:30:10.275+0600][68.305s][info][gc,phases      ] GC(323)   Post Evacuate Collection Set: 0.97ms
[2026-04-03T02:30:10.275+0600][68.305s][info][gc,phases      ] GC(323)   Other: 0.24ms
[2026-04-03T02:30:10.275+0600][68.305s][info][gc,heap        ] GC(323) Eden regions: 28->0(314)
[2026-04-03T02:30:10.275+0600][68.305s][info][gc,heap        ] GC(323) Survivor regions: 3->4(40)
[2026-04-03T02:30:10.275+0600][68.305s][info][gc,heap        ] GC(323) Old regions: 88->88
[2026-04-03T02:30:10.275+0600][68.305s][info][gc,heap        ] GC(323) Humongous regions: 8->8
[2026-04-03T02:30:10.275+0600][68.305s][info][gc,metaspace   ] GC(323) Metaspace: 131891K(133376K)->131891K(133376K) NonClass: 115270K(116032K)->115270K(116032K) Class: 16620K(17344K)->16620K(17344K)
[2026-04-03T02:30:10.275+0600][68.305s][info][gc             ] GC(323) Pause Young (Concurrent Start) (G1 Humongous Allocation) 122M->96M(530M) 4.538ms
[2026-04-03T02:30:10.275+0600][68.305s][info][gc             ] GC(324) Concurrent Mark Cycle
[2026-04-03T02:30:10.275+0600][68.305s][info][gc,marking     ] GC(324) Concurrent Scan Root Regions
[2026-04-03T02:30:10.275+0600][68.305s][info][gc,cpu         ] GC(323) User=0.02s Sys=0.00s Real=0.00s
[2026-04-03T02:30:10.277+0600][68.308s][info][gc,marking     ] GC(324) Concurrent Scan Root Regions 2.352ms
[2026-04-03T02:30:10.277+0600][68.308s][info][gc,marking     ] GC(324) Concurrent Mark
[2026-04-03T02:30:10.277+0600][68.308s][info][gc,marking     ] GC(324) Concurrent Mark From Roots
[2026-04-03T02:30:10.277+0600][68.308s][info][gc,task        ] GC(324) Using 3 workers of 3 for marking
[2026-04-03T02:30:10.375+0600][68.405s][info][gc,marking     ] GC(324) Concurrent Mark From Roots 97.610ms
[2026-04-03T02:30:10.375+0600][68.405s][info][gc,marking     ] GC(324) Concurrent Preclean
[2026-04-03T02:30:10.375+0600][68.406s][info][gc,marking     ] GC(324) Concurrent Preclean 0.291ms
[2026-04-03T02:30:10.376+0600][68.406s][info][gc,start       ] GC(324) Pause Remark
[2026-04-03T02:30:10.385+0600][68.416s][info][gc             ] GC(324) Pause Remark 187M->187M(474M) 9.604ms
[2026-04-03T02:30:10.385+0600][68.416s][info][gc,cpu         ] GC(324) User=0.07s Sys=0.01s Real=0.01s
[2026-04-03T02:30:10.386+0600][68.416s][info][gc,marking     ] GC(324) Concurrent Mark 108.324ms
[2026-04-03T02:30:10.386+0600][68.416s][info][gc,marking     ] GC(324) Concurrent Rebuild Remembered Sets and Scrub Regions
[2026-04-03T02:30:10.416+0600][68.446s][info][gc,marking     ] GC(324) Concurrent Rebuild Remembered Sets and Scrub Regions 29.978ms
[2026-04-03T02:30:10.416+0600][68.447s][info][gc,start       ] GC(324) Pause Cleanup
[2026-04-03T02:30:10.416+0600][68.447s][info][gc             ] GC(324) Pause Cleanup 211M->211M(474M) 0.247ms
[2026-04-03T02:30:10.416+0600][68.447s][info][gc,cpu         ] GC(324) User=0.00s Sys=0.00s Real=0.00s
[2026-04-03T02:30:10.417+0600][68.447s][info][gc,marking     ] GC(324) Concurrent Clear Claimed Marks
[2026-04-03T02:30:10.417+0600][68.447s][info][gc,marking     ] GC(324) Concurrent Clear Claimed Marks 0.397ms
[2026-04-03T02:30:10.417+0600][68.447s][info][gc,marking     ] GC(324) Concurrent Cleanup for Next Mark
[2026-04-03T02:30:10.418+0600][68.448s][info][gc,marking     ] GC(324) Concurrent Cleanup for Next Mark 0.682ms
[2026-04-03T02:30:10.418+0600][68.448s][info][gc             ] GC(324) Concurrent Mark Cycle 142.880ms
[2026-04-03T02:30:10.838+0600][68.868s][info][gc,start       ] GC(325) Pause Young (Prepare Mixed) (GCLocker Initiated GC)
[2026-04-03T02:30:10.838+0600][68.868s][info][gc,task        ] GC(325) Using 10 workers of 10 for evacuation
[2026-04-03T02:30:10.844+0600][68.874s][info][gc,phases      ] GC(325)   Pre Evacuate Collection Set: 0.42ms
[2026-04-03T02:30:10.844+0600][68.874s][info][gc,phases      ] GC(325)   Merge Heap Roots: 0.33ms
[2026-04-03T02:30:10.844+0600][68.875s][info][gc,phases      ] GC(325)   Evacuate Collection Set: 4.48ms
[2026-04-03T02:30:10.844+0600][68.875s][info][gc,phases      ] GC(325)   Post Evacuate Collection Set: 0.75ms
[2026-04-03T02:30:10.844+0600][68.875s][info][gc,phases      ] GC(325)   Other: 0.12ms
[2026-04-03T02:30:10.844+0600][68.875s][info][gc,heap        ] GC(325) Eden regions: 259->0(283)
[2026-04-03T02:30:10.844+0600][68.875s][info][gc,heap        ] GC(325) Survivor regions: 4->6(36)
[2026-04-03T02:30:10.844+0600][68.875s][info][gc,heap        ] GC(325) Old regions: 88->88
[2026-04-03T02:30:10.844+0600][68.875s][info][gc,heap        ] GC(325) Humongous regions: 125->10
[2026-04-03T02:30:10.844+0600][68.875s][info][gc,metaspace   ] GC(325) Metaspace: 131903K(133376K)->131903K(133376K) NonClass: 115282K(116032K)->115282K(116032K) Class: 16620K(17344K)->16620K(17344K)
[2026-04-03T02:30:10.844+0600][68.875s][info][gc             ] GC(325) Pause Young (Prepare Mixed) (GCLocker Initiated GC) 472M->100M(482M) 6.400ms
[2026-04-03T02:30:10.844+0600][68.875s][info][gc,cpu         ] GC(325) User=0.03s Sys=0.01s Real=0.01s
[2026-04-03T02:30:11.099+0600][69.130s][info][gc,start       ] GC(326) Pause Young (Mixed) (G1 Evacuation Pause)
[2026-04-03T02:30:11.100+0600][69.130s][info][gc,task        ] GC(326) Using 10 workers of 10 for evacuation
[2026-04-03T02:30:11.104+0600][69.135s][info][gc,phases      ] GC(326)   Pre Evacuate Collection Set: 0.44ms
[2026-04-03T02:30:11.105+0600][69.135s][info][gc,phases      ] GC(326)   Merge Heap Roots: 0.23ms
[2026-04-03T02:30:11.105+0600][69.135s][info][gc,phases      ] GC(326)   Evacuate Collection Set: 3.48ms
[2026-04-03T02:30:11.105+0600][69.135s][info][gc,phases      ] GC(326)   Post Evacuate Collection Set: 0.63ms
[2026-04-03T02:30:11.105+0600][69.135s][info][gc,phases      ] GC(326)   Other: 0.13ms
[2026-04-03T02:30:11.105+0600][69.135s][info][gc,heap        ] GC(326) Eden regions: 208->0(288)
[2026-04-03T02:30:11.105+0600][69.135s][info][gc,heap        ] GC(326) Survivor regions: 6->6(37)
[2026-04-03T02:30:11.105+0600][69.135s][info][gc,heap        ] GC(326) Old regions: 88->88
[2026-04-03T02:30:11.105+0600][69.135s][info][gc,heap        ] GC(326) Humongous regions: 182->8
[2026-04-03T02:30:11.105+0600][69.135s][info][gc,metaspace   ] GC(326) Metaspace: 131903K(133376K)->131903K(133376K) NonClass: 115282K(116032K)->115282K(116032K) Class: 16620K(17344K)->16620K(17344K)
[2026-04-03T02:30:11.105+0600][69.135s][info][gc             ] GC(326) Pause Young (Mixed) (G1 Evacuation Pause) 480M->97M(491M) 5.206ms
[2026-04-03T02:30:11.105+0600][69.135s][info][gc,cpu         ] GC(326) User=0.02s Sys=0.01s Real=0.01s
[2026-04-03T02:30:11.105+0600][69.136s][info][gc,start       ] GC(327) Pause Young (Concurrent Start) (G1 Humongous Allocation)
[2026-04-03T02:30:11.105+0600][69.136s][info][gc,task        ] GC(327) Using 10 workers of 10 for evacuation
[2026-04-03T02:30:11.108+0600][69.139s][info][gc,phases      ] GC(327)   Pre Evacuate Collection Set: 0.29ms
[2026-04-03T02:30:11.108+0600][69.139s][info][gc,phases      ] GC(327)   Merge Heap Roots: 0.08ms
[2026-04-03T02:30:11.108+0600][69.139s][info][gc,phases      ] GC(327)   Evacuate Collection Set: 1.80ms
[2026-04-03T02:30:11.108+0600][69.139s][info][gc,phases      ] GC(327)   Post Evacuate Collection Set: 0.52ms
[2026-04-03T02:30:11.108+0600][69.139s][info][gc,phases      ] GC(327)   Other: 0.09ms
[2026-04-03T02:30:11.108+0600][69.139s][info][gc,heap        ] GC(327) Eden regions: 3->0(272)
[2026-04-03T02:30:11.108+0600][69.139s][info][gc,heap        ] GC(327) Survivor regions: 6->6(37)
[2026-04-03T02:30:11.108+0600][69.139s][info][gc,heap        ] GC(327) Old regions: 88->88
[2026-04-03T02:30:11.108+0600][69.139s][info][gc,heap        ] GC(327) Humongous regions: 8->8
[2026-04-03T02:30:11.108+0600][69.139s][info][gc,metaspace   ] GC(327) Metaspace: 131903K(133376K)->131903K(133376K) NonClass: 115282K(116032K)->115282K(116032K) Class: 16620K(17344K)->16620K(17344K)
[2026-04-03T02:30:11.108+0600][69.139s][info][gc             ] GC(327) Pause Young (Concurrent Start) (G1 Humongous Allocation) 99M->97M(491M) 2.998ms
[2026-04-03T02:30:11.109+0600][69.139s][info][gc             ] GC(328) Concurrent Mark Cycle
[2026-04-03T02:30:11.109+0600][69.139s][info][gc,cpu         ] GC(327) User=0.01s Sys=0.00s Real=0.00s
[2026-04-03T02:30:11.109+0600][69.139s][info][gc,marking     ] GC(328) Concurrent Scan Root Regions
[2026-04-03T02:30:11.111+0600][69.142s][info][gc,marking     ] GC(328) Concurrent Scan Root Regions 2.576ms
[2026-04-03T02:30:11.111+0600][69.142s][info][gc,marking     ] GC(328) Concurrent Mark
[2026-04-03T02:30:11.111+0600][69.142s][info][gc,marking     ] GC(328) Concurrent Mark From Roots
[2026-04-03T02:30:11.111+0600][69.142s][info][gc,task        ] GC(328) Using 3 workers of 3 for marking
[2026-04-03T02:30:11.229+0600][69.259s][info][gc,marking     ] GC(328) Concurrent Mark From Roots 117.621ms
[2026-04-03T02:30:11.229+0600][69.259s][info][gc,marking     ] GC(328) Concurrent Preclean
[2026-04-03T02:30:11.230+0600][69.260s][info][gc,marking     ] GC(328) Concurrent Preclean 0.741ms
[2026-04-03T02:30:11.230+0600][69.260s][info][gc,start       ] GC(328) Pause Remark
[2026-04-03T02:30:11.239+0600][69.269s][info][gc             ] GC(328) Pause Remark 251M->251M(491M) 8.604ms
[2026-04-03T02:30:11.239+0600][69.269s][info][gc,cpu         ] GC(328) User=0.07s Sys=0.00s Real=0.00s
[2026-04-03T02:30:11.239+0600][69.269s][info][gc,marking     ] GC(328) Concurrent Mark 127.726ms
[2026-04-03T02:30:11.239+0600][69.270s][info][gc,marking     ] GC(328) Concurrent Rebuild Remembered Sets and Scrub Regions
[2026-04-03T02:30:11.271+0600][69.302s][info][gc,marking     ] GC(328) Concurrent Rebuild Remembered Sets and Scrub Regions 32.001ms
[2026-04-03T02:30:11.272+0600][69.302s][info][gc,start       ] GC(328) Pause Cleanup
[2026-04-03T02:30:11.272+0600][69.302s][info][gc             ] GC(328) Pause Cleanup 282M->282M(491M) 0.419ms
[2026-04-03T02:30:11.272+0600][69.303s][info][gc,cpu         ] GC(328) User=0.00s Sys=0.00s Real=0.00s
[2026-04-03T02:30:11.272+0600][69.303s][info][gc,marking     ] GC(328) Concurrent Clear Claimed Marks
[2026-04-03T02:30:11.273+0600][69.303s][info][gc,marking     ] GC(328) Concurrent Clear Claimed Marks 0.427ms
[2026-04-03T02:30:11.273+0600][69.303s][info][gc,marking     ] GC(328) Concurrent Cleanup for Next Mark
[2026-04-03T02:30:11.274+0600][69.304s][info][gc,marking     ] GC(328) Concurrent Cleanup for Next Mark 0.883ms
[2026-04-03T02:30:11.274+0600][69.304s][info][gc             ] GC(328) Concurrent Mark Cycle 165.214ms
[2026-04-03T02:30:11.405+0600][69.435s][info][gc,start       ] GC(329) Pause Young (Prepare Mixed) (G1 Evacuation Pause)
[2026-04-03T02:30:11.405+0600][69.435s][info][gc,task        ] GC(329) Using 10 workers of 10 for evacuation
[2026-04-03T02:30:11.410+0600][69.440s][info][gc,phases      ] GC(329)   Pre Evacuate Collection Set: 0.50ms
[2026-04-03T02:30:11.410+0600][69.440s][info][gc,phases      ] GC(329)   Merge Heap Roots: 0.25ms
[2026-04-03T02:30:11.410+0600][69.440s][info][gc,phases      ] GC(329)   Evacuate Collection Set: 3.28ms
[2026-04-03T02:30:11.410+0600][69.440s][info][gc,phases      ] GC(329)   Post Evacuate Collection Set: 0.90ms
[2026-04-03T02:30:11.410+0600][69.440s][info][gc,phases      ] GC(329)   Other: 0.12ms
[2026-04-03T02:30:11.410+0600][69.440s][info][gc,heap        ] GC(329) Eden regions: 223->0(299)
[2026-04-03T02:30:11.410+0600][69.440s][info][gc,heap        ] GC(329) Survivor regions: 6->5(35)
[2026-04-03T02:30:11.410+0600][69.440s][info][gc,heap        ] GC(329) Old regions: 88->88
[2026-04-03T02:30:11.410+0600][69.440s][info][gc,heap        ] GC(329) Humongous regions: 186->8
[2026-04-03T02:30:11.410+0600][69.440s][info][gc,metaspace   ] GC(329) Metaspace: 131903K(133376K)->131903K(133376K) NonClass: 115282K(116032K)->115282K(116032K) Class: 16620K(17344K)->16620K(17344K)
[2026-04-03T02:30:11.410+0600][69.440s][info][gc             ] GC(329) Pause Young (Prepare Mixed) (G1 Evacuation Pause) 498M->96M(508M) 5.358ms
[2026-04-03T02:30:11.410+0600][69.441s][info][gc,cpu         ] GC(329) User=0.02s Sys=0.01s Real=0.01s
[2026-04-03T02:30:11.872+0600][69.903s][info][gc,start       ] GC(330) Pause Young (Mixed) (GCLocker Initiated GC)
[2026-04-03T02:30:11.872+0600][69.903s][info][gc,task        ] GC(330) Using 10 workers of 10 for evacuation
[2026-04-03T02:30:11.878+0600][69.909s][info][gc,phases      ] GC(330)   Pre Evacuate Collection Set: 0.64ms
[2026-04-03T02:30:11.878+0600][69.909s][info][gc,phases      ] GC(330)   Merge Heap Roots: 0.34ms
[2026-04-03T02:30:11.878+0600][69.909s][info][gc,phases      ] GC(330)   Evacuate Collection Set: 3.95ms
[2026-04-03T02:30:11.878+0600][69.909s][info][gc,phases      ] GC(330)   Post Evacuate Collection Set: 0.95ms
[2026-04-03T02:30:11.878+0600][69.909s][info][gc,phases      ] GC(330)   Other: 0.18ms
[2026-04-03T02:30:11.878+0600][69.909s][info][gc,heap        ] GC(330) Eden regions: 287->0(303)
[2026-04-03T02:30:11.878+0600][69.909s][info][gc,heap        ] GC(330) Survivor regions: 5->7(38)
[2026-04-03T02:30:11.878+0600][69.909s][info][gc,heap        ] GC(330) Old regions: 88->87
[2026-04-03T02:30:11.878+0600][69.909s][info][gc,heap        ] GC(330) Humongous regions: 130->8
[2026-04-03T02:30:11.878+0600][69.909s][info][gc,metaspace   ] GC(330) Metaspace: 131919K(133376K)->131919K(133376K) NonClass: 115298K(116032K)->115298K(116032K) Class: 16620K(17344K)->16620K(17344K)
[2026-04-03T02:30:11.878+0600][69.909s][info][gc             ] GC(330) Pause Young (Mixed) (GCLocker Initiated GC) 505M->98M(517M) 6.352ms
[2026-04-03T02:30:11.879+0600][69.909s][info][gc,cpu         ] GC(330) User=0.03s Sys=0.01s Real=0.00s
[2026-04-03T02:30:11.881+0600][69.911s][info][gc,start       ] GC(331) Pause Young (Concurrent Start) (GCLocker Initiated GC)
[2026-04-03T02:30:11.881+0600][69.912s][info][gc,task        ] GC(331) Using 10 workers of 10 for evacuation
[2026-04-03T02:30:11.884+0600][69.915s][info][gc,phases      ] GC(331)   Pre Evacuate Collection Set: 0.32ms
[2026-04-03T02:30:11.884+0600][69.915s][info][gc,phases      ] GC(331)   Merge Heap Roots: 0.10ms
[2026-04-03T02:30:11.884+0600][69.915s][info][gc,phases      ] GC(331)   Evacuate Collection Set: 2.02ms
[2026-04-03T02:30:11.884+0600][69.915s][info][gc,phases      ] GC(331)   Post Evacuate Collection Set: 0.60ms
[2026-04-03T02:30:11.884+0600][69.915s][info][gc,phases      ] GC(331)   Other: 0.17ms
[2026-04-03T02:30:11.884+0600][69.915s][info][gc,heap        ] GC(331) Eden regions: 7->0(304)
[2026-04-03T02:30:11.884+0600][69.915s][info][gc,heap        ] GC(331) Survivor regions: 7->6(39)
[2026-04-03T02:30:11.884+0600][69.915s][info][gc,heap        ] GC(331) Old regions: 87->87
[2026-04-03T02:30:11.884+0600][69.915s][info][gc,heap        ] GC(331) Humongous regions: 8->8
[2026-04-03T02:30:11.884+0600][69.915s][info][gc,metaspace   ] GC(331) Metaspace: 131919K(133376K)->131919K(133376K) NonClass: 115298K(116032K)->115298K(116032K) Class: 16620K(17344K)->16620K(17344K)
[2026-04-03T02:30:11.884+0600][69.915s][info][gc             ] GC(331) Pause Young (Concurrent Start) (GCLocker Initiated GC) 104M->98M(517M) 3.508ms
[2026-04-03T02:30:11.885+0600][69.915s][info][gc             ] GC(332) Concurrent Mark Cycle
[2026-04-03T02:30:11.885+0600][69.915s][info][gc,cpu         ] GC(331) User=0.02s Sys=0.00s Real=0.00s
[2026-04-03T02:30:11.885+0600][69.915s][info][gc,marking     ] GC(332) Concurrent Scan Root Regions
[2026-04-03T02:30:11.889+0600][69.920s][info][gc,marking     ] GC(332) Concurrent Scan Root Regions 4.511ms
[2026-04-03T02:30:11.889+0600][69.920s][info][gc,marking     ] GC(332) Concurrent Mark
[2026-04-03T02:30:11.889+0600][69.920s][info][gc,marking     ] GC(332) Concurrent Mark From Roots
[2026-04-03T02:30:11.889+0600][69.920s][info][gc,task        ] GC(332) Using 3 workers of 3 for marking
[2026-04-03T02:30:12.003+0600][70.034s][info][gc,marking     ] GC(332) Concurrent Mark From Roots 114.168ms
[2026-04-03T02:30:12.003+0600][70.034s][info][gc,marking     ] GC(332) Concurrent Preclean
[2026-04-03T02:30:12.004+0600][70.034s][info][gc,marking     ] GC(332) Concurrent Preclean 0.501ms
[2026-04-03T02:30:12.004+0600][70.035s][info][gc,start       ] GC(332) Pause Remark
[2026-04-03T02:30:12.013+0600][70.044s][info][gc             ] GC(332) Pause Remark 253M->253M(517M) 9.036ms
[2026-04-03T02:30:12.014+0600][70.044s][info][gc,cpu         ] GC(332) User=0.06s Sys=0.01s Real=0.01s
[2026-04-03T02:30:12.014+0600][70.044s][info][gc,marking     ] GC(332) Concurrent Mark 124.535ms
[2026-04-03T02:30:12.014+0600][70.044s][info][gc,marking     ] GC(332) Concurrent Rebuild Remembered Sets and Scrub Regions
[2026-04-03T02:30:12.051+0600][70.082s][info][gc,marking     ] GC(332) Concurrent Rebuild Remembered Sets and Scrub Regions 37.366ms
[2026-04-03T02:30:12.052+0600][70.082s][info][gc,start       ] GC(332) Pause Cleanup
[2026-04-03T02:30:12.052+0600][70.082s][info][gc             ] GC(332) Pause Cleanup 304M->304M(517M) 0.351ms
[2026-04-03T02:30:12.052+0600][70.082s][info][gc,cpu         ] GC(332) User=0.01s Sys=0.00s Real=0.00s
[2026-04-03T02:30:12.052+0600][70.083s][info][gc,marking     ] GC(332) Concurrent Clear Claimed Marks
[2026-04-03T02:30:12.053+0600][70.083s][info][gc,marking     ] GC(332) Concurrent Clear Claimed Marks 0.458ms
[2026-04-03T02:30:12.053+0600][70.083s][info][gc,marking     ] GC(332) Concurrent Cleanup for Next Mark
[2026-04-03T02:30:12.053+0600][70.084s][info][gc,marking     ] GC(332) Concurrent Cleanup for Next Mark 0.827ms
[2026-04-03T02:30:12.054+0600][70.084s][info][gc             ] GC(332) Concurrent Mark Cycle 168.986ms
[2026-04-03T02:30:12.189+0600][70.220s][info][gc,start       ] GC(333) Pause Young (Prepare Mixed) (G1 Evacuation Pause)
[2026-04-03T02:30:12.189+0600][70.220s][info][gc,task        ] GC(333) Using 10 workers of 10 for evacuation
[2026-04-03T02:30:12.195+0600][70.226s][info][gc,phases      ] GC(333)   Pre Evacuate Collection Set: 0.57ms
[2026-04-03T02:30:12.195+0600][70.226s][info][gc,phases      ] GC(333)   Merge Heap Roots: 0.31ms
[2026-04-03T02:30:12.195+0600][70.226s][info][gc,phases      ] GC(333)   Evacuate Collection Set: 4.02ms
[2026-04-03T02:30:12.195+0600][70.226s][info][gc,phases      ] GC(333)   Post Evacuate Collection Set: 0.81ms
[2026-04-03T02:30:12.195+0600][70.226s][info][gc,phases      ] GC(333)   Other: 0.13ms
[2026-04-03T02:30:12.195+0600][70.226s][info][gc,heap        ] GC(333) Eden regions: 229->0(308)
[2026-04-03T02:30:12.195+0600][70.226s][info][gc,heap        ] GC(333) Survivor regions: 6->7(39)
[2026-04-03T02:30:12.195+0600][70.226s][info][gc,heap        ] GC(333) Old regions: 87->87
[2026-04-03T02:30:12.195+0600][70.226s][info][gc,heap        ] GC(333) Humongous regions: 197->10
[2026-04-03T02:30:12.195+0600][70.226s][info][gc,metaspace   ] GC(333) Metaspace: 131919K(133376K)->131919K(133376K) NonClass: 115298K(116032K)->115298K(116032K) Class: 16620K(17344K)->16620K(17344K)
[2026-04-03T02:30:12.195+0600][70.226s][info][gc             ] GC(333) Pause Young (Prepare Mixed) (G1 Evacuation Pause) 516M->100M(526M) 6.136ms
[2026-04-03T02:30:12.196+0600][70.226s][info][gc,cpu         ] GC(333) User=0.03s Sys=0.01s Real=0.01s
[2026-04-03T02:30:12.468+0600][70.498s][info][gc,start       ] GC(334) Pause Young (Mixed) (G1 Evacuation Pause)
[2026-04-03T02:30:12.468+0600][70.498s][info][gc,task        ] GC(334) Using 10 workers of 10 for evacuation
[2026-04-03T02:30:12.474+0600][70.505s][info][gc,phases      ] GC(334)   Pre Evacuate Collection Set: 0.40ms
[2026-04-03T02:30:12.474+0600][70.505s][info][gc,phases      ] GC(334)   Merge Heap Roots: 0.24ms
[2026-04-03T02:30:12.474+0600][70.505s][info][gc,phases      ] GC(334)   Evacuate Collection Set: 4.74ms
[2026-04-03T02:30:12.474+0600][70.505s][info][gc,phases      ] GC(334)   Post Evacuate Collection Set: 0.85ms
[2026-04-03T02:30:12.474+0600][70.505s][info][gc,phases      ] GC(334)   Other: 0.11ms
[2026-04-03T02:30:12.474+0600][70.505s][info][gc,heap        ] GC(334) Eden regions: 235->0(312)
[2026-04-03T02:30:12.474+0600][70.505s][info][gc,heap        ] GC(334) Survivor regions: 7->8(40)
[2026-04-03T02:30:12.474+0600][70.505s][info][gc,heap        ] GC(334) Old regions: 87->86
[2026-04-03T02:30:12.474+0600][70.505s][info][gc,heap        ] GC(334) Humongous regions: 197->8
[2026-04-03T02:30:12.474+0600][70.505s][info][gc,metaspace   ] GC(334) Metaspace: 131919K(133376K)->131919K(133376K) NonClass: 115298K(116032K)->115298K(116032K) Class: 16620K(17344K)->16620K(17344K)
[2026-04-03T02:30:12.474+0600][70.505s][info][gc             ] GC(334) Pause Young (Mixed) (G1 Evacuation Pause) 522M->99M(534M) 6.662ms
[2026-04-03T02:30:12.475+0600][70.505s][info][gc,cpu         ] GC(334) User=0.04s Sys=0.01s Real=0.01s
[2026-04-03T02:30:12.489+0600][70.519s][info][gc,start       ] GC(335) Pause Young (Concurrent Start) (G1 Humongous Allocation)
[2026-04-03T02:30:12.489+0600][70.519s][info][gc,task        ] GC(335) Using 10 workers of 10 for evacuation
[2026-04-03T02:30:12.494+0600][70.525s][info][gc,phases      ] GC(335)   Pre Evacuate Collection Set: 0.60ms
[2026-04-03T02:30:12.494+0600][70.525s][info][gc,phases      ] GC(335)   Merge Heap Roots: 0.21ms
[2026-04-03T02:30:12.494+0600][70.525s][info][gc,phases      ] GC(335)   Evacuate Collection Set: 3.24ms
[2026-04-03T02:30:12.494+0600][70.525s][info][gc,phases      ] GC(335)   Post Evacuate Collection Set: 0.83ms
[2026-04-03T02:30:12.494+0600][70.525s][info][gc,phases      ] GC(335)   Other: 0.40ms
[2026-04-03T02:30:12.494+0600][70.525s][info][gc,heap        ] GC(335) Eden regions: 19->0(313)
[2026-04-03T02:30:12.494+0600][70.525s][info][gc,heap        ] GC(335) Survivor regions: 8->7(40)
[2026-04-03T02:30:12.494+0600][70.525s][info][gc,heap        ] GC(335) Old regions: 86->86
[2026-04-03T02:30:12.494+0600][70.525s][info][gc,heap        ] GC(335) Humongous regions: 8->8
[2026-04-03T02:30:12.494+0600][70.525s][info][gc,metaspace   ] GC(335) Metaspace: 131919K(133376K)->131919K(133376K) NonClass: 115298K(116032K)->115298K(116032K) Class: 16620K(17344K)->16620K(17344K)
[2026-04-03T02:30:12.495+0600][70.525s][info][gc             ] GC(335) Pause Young (Concurrent Start) (G1 Humongous Allocation) 117M->98M(534M) 5.623ms
[2026-04-03T02:30:12.495+0600][70.525s][info][gc             ] GC(336) Concurrent Mark Cycle
[2026-04-03T02:30:12.495+0600][70.525s][info][gc,cpu         ] GC(335) User=0.04s Sys=0.00s Real=0.01s
[2026-04-03T02:30:12.495+0600][70.525s][info][gc,marking     ] GC(336) Concurrent Scan Root Regions
[2026-04-03T02:30:12.498+0600][70.528s][info][gc,marking     ] GC(336) Concurrent Scan Root Regions 2.923ms
[2026-04-03T02:30:12.498+0600][70.528s][info][gc,marking     ] GC(336) Concurrent Mark
[2026-04-03T02:30:12.498+0600][70.528s][info][gc,marking     ] GC(336) Concurrent Mark From Roots
[2026-04-03T02:30:12.498+0600][70.528s][info][gc,task        ] GC(336) Using 3 workers of 3 for marking
[2026-04-03T02:30:12.599+0600][70.629s][info][gc,marking     ] GC(336) Concurrent Mark From Roots 101.197ms
[2026-04-03T02:30:12.599+0600][70.629s][info][gc,marking     ] GC(336) Concurrent Preclean
[2026-04-03T02:30:12.599+0600][70.630s][info][gc,marking     ] GC(336) Concurrent Preclean 0.304ms
[2026-04-03T02:30:12.600+0600][70.630s][info][gc,start       ] GC(336) Pause Remark
[2026-04-03T02:30:12.611+0600][70.641s][info][gc             ] GC(336) Pause Remark 199M->199M(460M) 11.081ms
[2026-04-03T02:30:12.611+0600][70.641s][info][gc,cpu         ] GC(336) User=0.07s Sys=0.00s Real=0.02s
[2026-04-03T02:30:12.611+0600][70.642s][info][gc,marking     ] GC(336) Concurrent Mark 113.423ms
[2026-04-03T02:30:12.611+0600][70.642s][info][gc,marking     ] GC(336) Concurrent Rebuild Remembered Sets and Scrub Regions
[2026-04-03T02:30:12.640+0600][70.671s][info][gc,marking     ] GC(336) Concurrent Rebuild Remembered Sets and Scrub Regions 29.075ms
[2026-04-03T02:30:12.641+0600][70.671s][info][gc,start       ] GC(336) Pause Cleanup
[2026-04-03T02:30:12.641+0600][70.672s][info][gc             ] GC(336) Pause Cleanup 204M->204M(460M) 0.407ms
[2026-04-03T02:30:12.641+0600][70.672s][info][gc,cpu         ] GC(336) User=0.00s Sys=0.00s Real=0.00s
[2026-04-03T02:30:12.641+0600][70.672s][info][gc,marking     ] GC(336) Concurrent Clear Claimed Marks
[2026-04-03T02:30:12.642+0600][70.672s][info][gc,marking     ] GC(336) Concurrent Clear Claimed Marks 0.332ms
[2026-04-03T02:30:12.642+0600][70.672s][info][gc,marking     ] GC(336) Concurrent Cleanup for Next Mark
[2026-04-03T02:30:12.642+0600][70.673s][info][gc,marking     ] GC(336) Concurrent Cleanup for Next Mark 0.732ms
[2026-04-03T02:30:12.642+0600][70.673s][info][gc             ] GC(336) Concurrent Mark Cycle 147.856ms
[2026-04-03T02:30:12.873+0600][70.904s][info][gc,start       ] GC(337) Pause Young (Prepare Mixed) (G1 Evacuation Pause)
[2026-04-03T02:30:12.873+0600][70.904s][info][gc,task        ] GC(337) Using 10 workers of 10 for evacuation
[2026-04-03T02:30:12.880+0600][70.910s][info][gc,phases      ] GC(337)   Pre Evacuate Collection Set: 0.44ms
[2026-04-03T02:30:12.880+0600][70.911s][info][gc,phases      ] GC(337)   Merge Heap Roots: 0.25ms
[2026-04-03T02:30:12.880+0600][70.911s][info][gc,phases      ] GC(337)   Evacuate Collection Set: 5.17ms
[2026-04-03T02:30:12.880+0600][70.911s][info][gc,phases      ] GC(337)   Post Evacuate Collection Set: 0.80ms
[2026-04-03T02:30:12.880+0600][70.911s][info][gc,phases      ] GC(337)   Other: 0.12ms
[2026-04-03T02:30:12.880+0600][70.911s][info][gc,heap        ] GC(337) Eden regions: 253->0(274)
[2026-04-03T02:30:12.880+0600][70.911s][info][gc,heap        ] GC(337) Survivor regions: 7->9(35)
[2026-04-03T02:30:12.880+0600][70.911s][info][gc,heap        ] GC(337) Old regions: 86->86
[2026-04-03T02:30:12.880+0600][70.911s][info][gc,heap        ] GC(337) Humongous regions: 118->8
[2026-04-03T02:30:12.880+0600][70.911s][info][gc,metaspace   ] GC(337) Metaspace: 131923K(133376K)->131923K(133376K) NonClass: 115302K(116032K)->115302K(116032K) Class: 16621K(17344K)->16621K(17344K)
[2026-04-03T02:30:12.880+0600][70.911s][info][gc             ] GC(337) Pause Young (Prepare Mixed) (G1 Evacuation Pause) 461M->100M(473M) 7.117ms
[2026-04-03T02:30:12.880+0600][70.911s][info][gc,cpu         ] GC(337) User=0.04s Sys=0.01s Real=0.01s
[2026-04-03T02:30:13.094+0600][71.124s][info][gc,start       ] GC(338) Pause Young (Mixed) (G1 Evacuation Pause)
[2026-04-03T02:30:13.094+0600][71.124s][info][gc,task        ] GC(338) Using 10 workers of 10 for evacuation
[2026-04-03T02:30:13.099+0600][71.129s][info][gc,phases      ] GC(338)   Pre Evacuate Collection Set: 0.27ms
[2026-04-03T02:30:13.099+0600][71.129s][info][gc,phases      ] GC(338)   Merge Heap Roots: 0.15ms
[2026-04-03T02:30:13.099+0600][71.129s][info][gc,phases      ] GC(338)   Evacuate Collection Set: 3.58ms
[2026-04-03T02:30:13.099+0600][71.129s][info][gc,phases      ] GC(338)   Post Evacuate Collection Set: 0.79ms
[2026-04-03T02:30:13.099+0600][71.129s][info][gc,phases      ] GC(338)   Other: 0.10ms
[2026-04-03T02:30:13.099+0600][71.129s][info][gc,heap        ] GC(338) Eden regions: 162->0(337)
[2026-04-03T02:30:13.099+0600][71.130s][info][gc,heap        ] GC(338) Survivor regions: 9->9(41)
[2026-04-03T02:30:13.099+0600][71.130s][info][gc,heap        ] GC(338) Old regions: 86->86
[2026-04-03T02:30:13.099+0600][71.130s][info][gc,heap        ] GC(338) Humongous regions: 311->23
[2026-04-03T02:30:13.099+0600][71.130s][info][gc,metaspace   ] GC(338) Metaspace: 131925K(133376K)->131925K(133376K) NonClass: 115303K(116032K)->115303K(116032K) Class: 16621K(17344K)->16621K(17344K)
[2026-04-03T02:30:13.099+0600][71.130s][info][gc             ] GC(338) Pause Young (Mixed) (G1 Evacuation Pause) 565M->115M(578M) 5.178ms
[2026-04-03T02:30:13.099+0600][71.130s][info][gc,cpu         ] GC(338) User=0.03s Sys=0.01s Real=0.00s
[2026-04-03T02:30:13.103+0600][71.133s][info][gc,start       ] GC(339) Pause Young (Concurrent Start) (G1 Humongous Allocation)
[2026-04-03T02:30:13.103+0600][71.133s][info][gc,task        ] GC(339) Using 10 workers of 10 for evacuation
[2026-04-03T02:30:13.106+0600][71.136s][info][gc,phases      ] GC(339)   Pre Evacuate Collection Set: 0.27ms
[2026-04-03T02:30:13.106+0600][71.136s][info][gc,phases      ] GC(339)   Merge Heap Roots: 0.09ms
[2026-04-03T02:30:13.106+0600][71.136s][info][gc,phases      ] GC(339)   Evacuate Collection Set: 2.22ms
[2026-04-03T02:30:13.106+0600][71.136s][info][gc,phases      ] GC(339)   Post Evacuate Collection Set: 0.49ms
[2026-04-03T02:30:13.106+0600][71.136s][info][gc,phases      ] GC(339)   Other: 0.13ms
[2026-04-03T02:30:13.106+0600][71.136s][info][gc,heap        ] GC(339) Eden regions: 5->0(337)
[2026-04-03T02:30:13.106+0600][71.136s][info][gc,heap        ] GC(339) Survivor regions: 9->9(44)
[2026-04-03T02:30:13.106+0600][71.136s][info][gc,heap        ] GC(339) Old regions: 86->86
[2026-04-03T02:30:13.106+0600][71.136s][info][gc,heap        ] GC(339) Humongous regions: 58->13
[2026-04-03T02:30:13.106+0600][71.136s][info][gc,metaspace   ] GC(339) Metaspace: 131925K(133376K)->131925K(133376K) NonClass: 115303K(116032K)->115303K(116032K) Class: 16621K(17344K)->16621K(17344K)
[2026-04-03T02:30:13.106+0600][71.136s][info][gc             ] GC(339) Pause Young (Concurrent Start) (G1 Humongous Allocation) 154M->105M(578M) 3.468ms
[2026-04-03T02:30:13.106+0600][71.137s][info][gc             ] GC(340) Concurrent Undo Cycle
[2026-04-03T02:30:13.106+0600][71.137s][info][gc,cpu         ] GC(339) User=0.02s Sys=0.00s Real=0.00s
[2026-04-03T02:30:13.106+0600][71.137s][info][gc,marking     ] GC(340) Concurrent Clear Claimed Marks
[2026-04-03T02:30:13.106+0600][71.137s][info][gc,marking     ] GC(340) Concurrent Clear Claimed Marks 0.293ms
[2026-04-03T02:30:13.107+0600][71.137s][info][gc,marking     ] GC(340) Concurrent Cleanup for Next Mark
[2026-04-03T02:30:13.107+0600][71.137s][info][gc,marking     ] GC(340) Concurrent Cleanup for Next Mark 0.271ms
[2026-04-03T02:30:13.107+0600][71.137s][info][gc             ] GC(340) Concurrent Undo Cycle 0.742ms
[2026-04-03T02:30:13.107+0600][71.138s][info][gc,start       ] GC(341) Pause Young (Concurrent Start) (G1 Humongous Allocation)
[2026-04-03T02:30:13.108+0600][71.138s][info][gc,task        ] GC(341) Using 10 workers of 10 for evacuation
[2026-04-03T02:30:13.111+0600][71.142s][info][gc,phases      ] GC(341)   Pre Evacuate Collection Set: 0.34ms
[2026-04-03T02:30:13.111+0600][71.142s][info][gc,phases      ] GC(341)   Merge Heap Roots: 0.08ms
[2026-04-03T02:30:13.111+0600][71.142s][info][gc,phases      ] GC(341)   Evacuate Collection Set: 2.27ms
[2026-04-03T02:30:13.111+0600][71.142s][info][gc,phases      ] GC(341)   Post Evacuate Collection Set: 0.69ms
[2026-04-03T02:30:13.111+0600][71.142s][info][gc,phases      ] GC(341)   Other: 0.12ms
[2026-04-03T02:30:13.111+0600][71.142s][info][gc,heap        ] GC(341) Eden regions: 2->0(338)
[2026-04-03T02:30:13.111+0600][71.142s][info][gc,heap        ] GC(341) Survivor regions: 9->8(44)
[2026-04-03T02:30:13.111+0600][71.142s][info][gc,heap        ] GC(341) Old regions: 86->87
[2026-04-03T02:30:13.111+0600][71.142s][info][gc,heap        ] GC(341) Humongous regions: 18->13
[2026-04-03T02:30:13.111+0600][71.142s][info][gc,metaspace   ] GC(341) Metaspace: 131925K(133376K)->131925K(133376K) NonClass: 115303K(116032K)->115303K(116032K) Class: 16621K(17344K)->16621K(17344K)
[2026-04-03T02:30:13.111+0600][71.142s][info][gc             ] GC(341) Pause Young (Concurrent Start) (G1 Humongous Allocation) 111M->105M(578M) 3.737ms
[2026-04-03T02:30:13.111+0600][71.142s][info][gc             ] GC(342) Concurrent Mark Cycle
[2026-04-03T02:30:13.111+0600][71.142s][info][gc,marking     ] GC(342) Concurrent Scan Root Regions
[2026-04-03T02:30:13.111+0600][71.142s][info][gc,cpu         ] GC(341) User=0.03s Sys=0.00s Real=0.01s
[2026-04-03T02:30:13.114+0600][71.144s][info][gc,marking     ] GC(342) Concurrent Scan Root Regions 2.577ms
[2026-04-03T02:30:13.114+0600][71.144s][info][gc,marking     ] GC(342) Concurrent Mark
[2026-04-03T02:30:13.114+0600][71.144s][info][gc,marking     ] GC(342) Concurrent Mark From Roots
[2026-04-03T02:30:13.114+0600][71.144s][info][gc,task        ] GC(342) Using 3 workers of 3 for marking
[2026-04-03T02:30:13.212+0600][71.242s][info][gc,marking     ] GC(342) Concurrent Mark From Roots 97.946ms
[2026-04-03T02:30:13.212+0600][71.242s][info][gc,marking     ] GC(342) Concurrent Preclean
[2026-04-03T02:30:13.213+0600][71.243s][info][gc,marking     ] GC(342) Concurrent Preclean 0.792ms
[2026-04-03T02:30:13.214+0600][71.244s][info][gc,start       ] GC(342) Pause Remark
[2026-04-03T02:30:13.223+0600][71.253s][info][gc             ] GC(342) Pause Remark 361M->361M(578M) 9.206ms
[2026-04-03T02:30:13.223+0600][71.254s][info][gc,cpu         ] GC(342) User=0.07s Sys=0.01s Real=0.01s
[2026-04-03T02:30:13.223+0600][71.254s][info][gc,marking     ] GC(342) Concurrent Mark 109.354ms
[2026-04-03T02:30:13.223+0600][71.254s][info][gc,marking     ] GC(342) Concurrent Rebuild Remembered Sets and Scrub Regions
[2026-04-03T02:30:13.254+0600][71.285s][info][gc,marking     ] GC(342) Concurrent Rebuild Remembered Sets and Scrub Regions 30.655ms
[2026-04-03T02:30:13.254+0600][71.285s][info][gc,start       ] GC(342) Pause Cleanup
[2026-04-03T02:30:13.255+0600][71.285s][info][gc             ] GC(342) Pause Cleanup 570M->570M(578M) 0.322ms
[2026-04-03T02:30:13.255+0600][71.285s][info][gc,cpu         ] GC(342) User=0.01s Sys=0.00s Real=0.00s
[2026-04-03T02:30:13.255+0600][71.285s][info][gc,marking     ] GC(342) Concurrent Clear Claimed Marks
[2026-04-03T02:30:13.255+0600][71.286s][info][gc,marking     ] GC(342) Concurrent Clear Claimed Marks 0.438ms
[2026-04-03T02:30:13.255+0600][71.286s][info][gc,marking     ] GC(342) Concurrent Cleanup for Next Mark
[2026-04-03T02:30:13.257+0600][71.287s][info][gc,marking     ] GC(342) Concurrent Cleanup for Next Mark 1.319ms
[2026-04-03T02:30:13.257+0600][71.287s][info][gc             ] GC(342) Concurrent Mark Cycle 145.607ms
[2026-04-03T02:30:13.272+0600][71.302s][info][gc,start       ] GC(343) Pause Young (Prepare Mixed) (G1 Evacuation Pause)
[2026-04-03T02:30:13.272+0600][71.303s][info][gc,task        ] GC(343) Using 10 workers of 10 for evacuation
[2026-04-03T02:30:13.277+0600][71.307s][info][gc,phases      ] GC(343)   Pre Evacuate Collection Set: 0.42ms
[2026-04-03T02:30:13.277+0600][71.307s][info][gc,phases      ] GC(343)   Merge Heap Roots: 0.31ms
[2026-04-03T02:30:13.277+0600][71.307s][info][gc,phases      ] GC(343)   Evacuate Collection Set: 2.80ms
[2026-04-03T02:30:13.277+0600][71.307s][info][gc,phases      ] GC(343)   Post Evacuate Collection Set: 0.80ms
[2026-04-03T02:30:13.277+0600][71.307s][info][gc,phases      ] GC(343)   Other: 0.12ms
[2026-04-03T02:30:13.277+0600][71.307s][info][gc,heap        ] GC(343) Eden regions: 68->0(348)
[2026-04-03T02:30:13.277+0600][71.307s][info][gc,heap        ] GC(343) Survivor regions: 8->4(44)
[2026-04-03T02:30:13.277+0600][71.307s][info][gc,heap        ] GC(343) Old regions: 87->87
[2026-04-03T02:30:13.277+0600][71.307s][info][gc,heap        ] GC(343) Humongous regions: 420->8
[2026-04-03T02:30:13.277+0600][71.307s][info][gc,metaspace   ] GC(343) Metaspace: 131926K(133376K)->131926K(133376K) NonClass: 115304K(116032K)->115304K(116032K) Class: 16621K(17344K)->16621K(17344K)
[2026-04-03T02:30:13.277+0600][71.307s][info][gc             ] GC(343) Pause Young (Prepare Mixed) (G1 Evacuation Pause) 580M->96M(587M) 4.801ms
[2026-04-03T02:30:13.277+0600][71.307s][info][gc,cpu         ] GC(343) User=0.03s Sys=0.01s Real=0.00s
[2026-04-03T02:30:13.798+0600][71.829s][info][gc,start       ] GC(344) Pause Young (Mixed) (GCLocker Initiated GC)
[2026-04-03T02:30:13.798+0600][71.829s][info][gc,task        ] GC(344) Using 10 workers of 10 for evacuation
[2026-04-03T02:30:13.805+0600][71.836s][info][gc,phases      ] GC(344)   Pre Evacuate Collection Set: 0.57ms
[2026-04-03T02:30:13.805+0600][71.836s][info][gc,phases      ] GC(344)   Merge Heap Roots: 0.27ms
[2026-04-03T02:30:13.805+0600][71.836s][info][gc,phases      ] GC(344)   Evacuate Collection Set: 4.81ms
[2026-04-03T02:30:13.805+0600][71.836s][info][gc,phases      ] GC(344)   Post Evacuate Collection Set: 0.98ms
[2026-04-03T02:30:13.805+0600][71.836s][info][gc,phases      ] GC(344)   Other: 0.13ms
[2026-04-03T02:30:13.805+0600][71.836s][info][gc,heap        ] GC(344) Eden regions: 331->0(349)
[2026-04-03T02:30:13.805+0600][71.836s][info][gc,heap        ] GC(344) Survivor regions: 4->8(44)
[2026-04-03T02:30:13.805+0600][71.836s][info][gc,heap        ] GC(344) Old regions: 87->87
[2026-04-03T02:30:13.805+0600][71.836s][info][gc,heap        ] GC(344) Humongous regions: 165->8
[2026-04-03T02:30:13.805+0600][71.836s][info][gc,metaspace   ] GC(344) Metaspace: 131937K(133376K)->131937K(133376K) NonClass: 115315K(116032K)->115315K(116032K) Class: 16621K(17344K)->16621K(17344K)
[2026-04-03T02:30:13.805+0600][71.836s][info][gc             ] GC(344) Pause Young (Mixed) (GCLocker Initiated GC) 584M->100M(596M) 7.082ms
[2026-04-03T02:30:13.806+0600][71.836s][info][gc,cpu         ] GC(344) User=0.04s Sys=0.01s Real=0.01s
[2026-04-03T02:30:13.814+0600][71.844s][info][gc,start       ] GC(345) Pause Young (Concurrent Start) (G1 Humongous Allocation)
[2026-04-03T02:30:13.814+0600][71.844s][info][gc,task        ] GC(345) Using 10 workers of 10 for evacuation
[2026-04-03T02:30:13.817+0600][71.848s][info][gc,phases      ] GC(345)   Pre Evacuate Collection Set: 0.52ms
[2026-04-03T02:30:13.818+0600][71.848s][info][gc,phases      ] GC(345)   Merge Heap Roots: 0.15ms
[2026-04-03T02:30:13.818+0600][71.848s][info][gc,phases      ] GC(345)   Evacuate Collection Set: 2.27ms
[2026-04-03T02:30:13.818+0600][71.848s][info][gc,phases      ] GC(345)   Post Evacuate Collection Set: 0.56ms
[2026-04-03T02:30:13.818+0600][71.848s][info][gc,phases      ] GC(345)   Other: 0.12ms
[2026-04-03T02:30:13.818+0600][71.848s][info][gc,heap        ] GC(345) Eden regions: 11->0(352)
[2026-04-03T02:30:13.818+0600][71.848s][info][gc,heap        ] GC(345) Survivor regions: 8->5(45)
[2026-04-03T02:30:13.818+0600][71.848s][info][gc,heap        ] GC(345) Old regions: 87->87
[2026-04-03T02:30:13.818+0600][71.848s][info][gc,heap        ] GC(345) Humongous regions: 18->8
[2026-04-03T02:30:13.818+0600][71.848s][info][gc,metaspace   ] GC(345) Metaspace: 131937K(133376K)->131937K(133376K) NonClass: 115315K(116032K)->115315K(116032K) Class: 16621K(17344K)->16621K(17344K)
[2026-04-03T02:30:13.818+0600][71.848s][info][gc             ] GC(345) Pause Young (Concurrent Start) (G1 Humongous Allocation) 121M->98M(596M) 3.906ms
[2026-04-03T02:30:13.818+0600][71.848s][info][gc             ] GC(346) Concurrent Undo Cycle
[2026-04-03T02:30:13.818+0600][71.848s][info][gc,cpu         ] GC(345) User=0.03s Sys=0.00s Real=0.00s
[2026-04-03T02:30:13.818+0600][71.848s][info][gc,marking     ] GC(346) Concurrent Clear Claimed Marks
[2026-04-03T02:30:13.818+0600][71.849s][info][gc,marking     ] GC(346) Concurrent Clear Claimed Marks 0.388ms
[2026-04-03T02:30:13.818+0600][71.849s][info][gc,marking     ] GC(346) Concurrent Cleanup for Next Mark
[2026-04-03T02:30:13.819+0600][71.849s][info][gc,marking     ] GC(346) Concurrent Cleanup for Next Mark 0.302ms
[2026-04-03T02:30:13.819+0600][71.849s][info][gc             ] GC(346) Concurrent Undo Cycle 0.919ms
[2026-04-03T02:30:13.827+0600][71.857s][info][gc,start       ] GC(347) Pause Young (Concurrent Start) (G1 Humongous Allocation)
[2026-04-03T02:30:13.827+0600][71.857s][info][gc,task        ] GC(347) Using 10 workers of 10 for evacuation
[2026-04-03T02:30:13.830+0600][71.861s][info][gc,phases      ] GC(347)   Pre Evacuate Collection Set: 0.41ms
[2026-04-03T02:30:13.830+0600][71.861s][info][gc,phases      ] GC(347)   Merge Heap Roots: 0.19ms
[2026-04-03T02:30:13.830+0600][71.861s][info][gc,phases      ] GC(347)   Evacuate Collection Set: 1.95ms
[2026-04-03T02:30:13.830+0600][71.861s][info][gc,phases      ] GC(347)   Post Evacuate Collection Set: 0.92ms
[2026-04-03T02:30:13.830+0600][71.861s][info][gc,phases      ] GC(347)   Other: 0.25ms
[2026-04-03T02:30:13.830+0600][71.861s][info][gc,heap        ] GC(347) Eden regions: 4->0(352)
[2026-04-03T02:30:13.830+0600][71.861s][info][gc,heap        ] GC(347) Survivor regions: 5->5(45)
[2026-04-03T02:30:13.830+0600][71.861s][info][gc,heap        ] GC(347) Old regions: 87->87
[2026-04-03T02:30:13.830+0600][71.861s][info][gc,heap        ] GC(347) Humongous regions: 14->8
[2026-04-03T02:30:13.830+0600][71.861s][info][gc,metaspace   ] GC(347) Metaspace: 131937K(133376K)->131937K(133376K) NonClass: 115315K(116032K)->115315K(116032K) Class: 16621K(17344K)->16621K(17344K)
[2026-04-03T02:30:13.831+0600][71.861s][info][gc             ] GC(347) Pause Young (Concurrent Start) (G1 Humongous Allocation) 107M->97M(596M) 3.945ms
[2026-04-03T02:30:13.831+0600][71.861s][info][gc             ] GC(348) Concurrent Undo Cycle
[2026-04-03T02:30:13.831+0600][71.861s][info][gc,cpu         ] GC(347) User=0.03s Sys=0.00s Real=0.01s
[2026-04-03T02:30:13.831+0600][71.861s][info][gc,marking     ] GC(348) Concurrent Clear Claimed Marks
[2026-04-03T02:30:13.831+0600][71.861s][info][gc,marking     ] GC(348) Concurrent Clear Claimed Marks 0.276ms
[2026-04-03T02:30:13.831+0600][71.861s][info][gc,marking     ] GC(348) Concurrent Cleanup for Next Mark
[2026-04-03T02:30:13.831+0600][71.862s][info][gc,marking     ] GC(348) Concurrent Cleanup for Next Mark 0.331ms
[2026-04-03T02:30:13.831+0600][71.862s][info][gc             ] GC(348) Concurrent Undo Cycle 0.777ms
[2026-04-03T02:30:13.856+0600][71.887s][info][gc,start       ] GC(349) Pause Young (Concurrent Start) (G1 Humongous Allocation)
[2026-04-03T02:30:13.857+0600][71.887s][info][gc,task        ] GC(349) Using 10 workers of 10 for evacuation
[2026-04-03T02:30:13.863+0600][71.893s][info][gc,phases      ] GC(349)   Pre Evacuate Collection Set: 0.75ms
[2026-04-03T02:30:13.863+0600][71.893s][info][gc,phases      ] GC(349)   Merge Heap Roots: 0.13ms
[2026-04-03T02:30:13.863+0600][71.893s][info][gc,phases      ] GC(349)   Evacuate Collection Set: 2.50ms
[2026-04-03T02:30:13.863+0600][71.893s][info][gc,phases      ] GC(349)   Post Evacuate Collection Set: 2.49ms
[2026-04-03T02:30:13.863+0600][71.893s][info][gc,phases      ] GC(349)   Other: 0.14ms
[2026-04-03T02:30:13.863+0600][71.893s][info][gc,heap        ] GC(349) Eden regions: 21->0(489)
[2026-04-03T02:30:13.863+0600][71.893s][info][gc,heap        ] GC(349) Survivor regions: 5->7(45)
[2026-04-03T02:30:13.863+0600][71.893s][info][gc,heap        ] GC(349) Old regions: 87->87
[2026-04-03T02:30:13.863+0600][71.893s][info][gc,heap        ] GC(349) Humongous regions: 19->8
[2026-04-03T02:30:13.863+0600][71.893s][info][gc,metaspace   ] GC(349) Metaspace: 131937K(133376K)->131937K(133376K) NonClass: 115315K(116032K)->115315K(116032K) Class: 16621K(17344K)->16621K(17344K)
[2026-04-03T02:30:13.863+0600][71.893s][info][gc             ] GC(349) Pause Young (Concurrent Start) (G1 Humongous Allocation) 129M->99M(828M) 6.368ms
[2026-04-03T02:30:13.863+0600][71.893s][info][gc,cpu         ] GC(349) User=0.03s Sys=0.00s Real=0.01s
[2026-04-03T02:30:13.863+0600][71.893s][info][gc             ] GC(350) Concurrent Undo Cycle
[2026-04-03T02:30:13.863+0600][71.894s][info][gc,marking     ] GC(350) Concurrent Clear Claimed Marks
[2026-04-03T02:30:13.863+0600][71.894s][info][gc,marking     ] GC(350) Concurrent Clear Claimed Marks 0.349ms
[2026-04-03T02:30:13.863+0600][71.894s][info][gc,marking     ] GC(350) Concurrent Cleanup for Next Mark
[2026-04-03T02:30:13.864+0600][71.894s][info][gc,marking     ] GC(350) Concurrent Cleanup for Next Mark 0.288ms
[2026-04-03T02:30:13.864+0600][71.894s][info][gc             ] GC(350) Concurrent Undo Cycle 0.884ms
[2026-04-03T02:30:14.005+0600][72.036s][info][gc,start       ] GC(351) Pause Young (Concurrent Start) (G1 Humongous Allocation)
[2026-04-03T02:30:14.005+0600][72.036s][info][gc,task        ] GC(351) Using 10 workers of 10 for evacuation
[2026-04-03T02:30:14.009+0600][72.039s][info][gc,phases      ] GC(351)   Pre Evacuate Collection Set: 0.41ms
[2026-04-03T02:30:14.009+0600][72.039s][info][gc,phases      ] GC(351)   Merge Heap Roots: 0.15ms
[2026-04-03T02:30:14.009+0600][72.039s][info][gc,phases      ] GC(351)   Evacuate Collection Set: 2.19ms
[2026-04-03T02:30:14.009+0600][72.039s][info][gc,phases      ] GC(351)   Post Evacuate Collection Set: 0.62ms
[2026-04-03T02:30:14.009+0600][72.039s][info][gc,phases      ] GC(351)   Other: 0.24ms
[2026-04-03T02:30:14.009+0600][72.040s][info][gc,heap        ] GC(351) Eden regions: 108->0(491)
[2026-04-03T02:30:14.009+0600][72.040s][info][gc,heap        ] GC(351) Survivor regions: 7->5(62)
[2026-04-03T02:30:14.009+0600][72.040s][info][gc,heap        ] GC(351) Old regions: 87->87
[2026-04-03T02:30:14.009+0600][72.040s][info][gc,heap        ] GC(351) Humongous regions: 102->8
[2026-04-03T02:30:14.009+0600][72.040s][info][gc,metaspace   ] GC(351) Metaspace: 131937K(133376K)->131937K(133376K) NonClass: 115315K(116032K)->115315K(116032K) Class: 16621K(17344K)->16621K(17344K)
[2026-04-03T02:30:14.009+0600][72.040s][info][gc             ] GC(351) Pause Young (Concurrent Start) (G1 Humongous Allocation) 301M->98M(828M) 3.886ms
[2026-04-03T02:30:14.009+0600][72.040s][info][gc             ] GC(352) Concurrent Undo Cycle
[2026-04-03T02:30:14.009+0600][72.040s][info][gc,cpu         ] GC(351) User=0.02s Sys=0.01s Real=0.00s
[2026-04-03T02:30:14.009+0600][72.040s][info][gc,marking     ] GC(352) Concurrent Clear Claimed Marks
[2026-04-03T02:30:14.010+0600][72.040s][info][gc,marking     ] GC(352) Concurrent Clear Claimed Marks 0.269ms
[2026-04-03T02:30:14.010+0600][72.040s][info][gc,marking     ] GC(352) Concurrent Cleanup for Next Mark
[2026-04-03T02:30:14.010+0600][72.040s][info][gc,marking     ] GC(352) Concurrent Cleanup for Next Mark 0.336ms
[2026-04-03T02:30:14.010+0600][72.040s][info][gc             ] GC(352) Concurrent Undo Cycle 0.818ms
[2026-04-03T02:30:14.177+0600][72.207s][info][gc,start       ] GC(353) Pause Young (Concurrent Start) (G1 Humongous Allocation)
[2026-04-03T02:30:14.177+0600][72.207s][info][gc,task        ] GC(353) Using 10 workers of 10 for evacuation
[2026-04-03T02:30:14.182+0600][72.212s][info][gc,phases      ] GC(353)   Pre Evacuate Collection Set: 0.60ms
[2026-04-03T02:30:14.182+0600][72.212s][info][gc,phases      ] GC(353)   Merge Heap Roots: 0.16ms
[2026-04-03T02:30:14.182+0600][72.212s][info][gc,phases      ] GC(353)   Evacuate Collection Set: 3.57ms
[2026-04-03T02:30:14.182+0600][72.212s][info][gc,phases      ] GC(353)   Post Evacuate Collection Set: 0.58ms
[2026-04-03T02:30:14.182+0600][72.212s][info][gc,phases      ] GC(353)   Other: 0.14ms
[2026-04-03T02:30:14.182+0600][72.212s][info][gc,heap        ] GC(353) Eden regions: 141->0(491)
[2026-04-03T02:30:14.182+0600][72.212s][info][gc,heap        ] GC(353) Survivor regions: 5->5(62)
[2026-04-03T02:30:14.182+0600][72.212s][info][gc,heap        ] GC(353) Old regions: 87->87
[2026-04-03T02:30:14.182+0600][72.212s][info][gc,heap        ] GC(353) Humongous regions: 107->8
[2026-04-03T02:30:14.182+0600][72.212s][info][gc,metaspace   ] GC(353) Metaspace: 131937K(133376K)->131937K(133376K) NonClass: 115315K(116032K)->115315K(116032K) Class: 16621K(17344K)->16621K(17344K)
[2026-04-03T02:30:14.182+0600][72.212s][info][gc             ] GC(353) Pause Young (Concurrent Start) (G1 Humongous Allocation) 337M->98M(828M) 5.401ms
[2026-04-03T02:30:14.182+0600][72.212s][info][gc             ] GC(354) Concurrent Undo Cycle
[2026-04-03T02:30:14.182+0600][72.212s][info][gc,cpu         ] GC(353) User=0.03s Sys=0.01s Real=0.01s
[2026-04-03T02:30:14.182+0600][72.213s][info][gc,marking     ] GC(354) Concurrent Clear Claimed Marks
[2026-04-03T02:30:14.182+0600][72.213s][info][gc,marking     ] GC(354) Concurrent Clear Claimed Marks 0.371ms
[2026-04-03T02:30:14.182+0600][72.213s][info][gc,marking     ] GC(354) Concurrent Cleanup for Next Mark
[2026-04-03T02:30:14.183+0600][72.213s][info][gc,marking     ] GC(354) Concurrent Cleanup for Next Mark 0.294ms
[2026-04-03T02:30:14.183+0600][72.213s][info][gc             ] GC(354) Concurrent Undo Cycle 0.906ms
[2026-04-03T02:30:14.364+0600][72.394s][info][gc,start       ] GC(355) Pause Young (Concurrent Start) (G1 Humongous Allocation)
[2026-04-03T02:30:14.364+0600][72.394s][info][gc,task        ] GC(355) Using 10 workers of 10 for evacuation
[2026-04-03T02:30:14.369+0600][72.400s][info][gc,phases      ] GC(355)   Pre Evacuate Collection Set: 0.65ms
[2026-04-03T02:30:14.369+0600][72.400s][info][gc,phases      ] GC(355)   Merge Heap Roots: 0.22ms
[2026-04-03T02:30:14.369+0600][72.400s][info][gc,phases      ] GC(355)   Evacuate Collection Set: 3.32ms
[2026-04-03T02:30:14.369+0600][72.400s][info][gc,phases      ] GC(355)   Post Evacuate Collection Set: 1.21ms
[2026-04-03T02:30:14.370+0600][72.400s][info][gc,phases      ] GC(355)   Other: 0.19ms
[2026-04-03T02:30:14.370+0600][72.400s][info][gc,heap        ] GC(355) Eden regions: 138->0(490)
[2026-04-03T02:30:14.370+0600][72.400s][info][gc,heap        ] GC(355) Survivor regions: 5->6(62)
[2026-04-03T02:30:14.370+0600][72.400s][info][gc,heap        ] GC(355) Old regions: 87->87
[2026-04-03T02:30:14.370+0600][72.400s][info][gc,heap        ] GC(355) Humongous regions: 109->8
[2026-04-03T02:30:14.370+0600][72.400s][info][gc,metaspace   ] GC(355) Metaspace: 131937K(133376K)->131937K(133376K) NonClass: 115315K(116032K)->115315K(116032K) Class: 16621K(17344K)->16621K(17344K)
[2026-04-03T02:30:14.370+0600][72.400s][info][gc             ] GC(355) Pause Young (Concurrent Start) (G1 Humongous Allocation) 337M->99M(828M) 5.970ms
[2026-04-03T02:30:14.370+0600][72.400s][info][gc             ] GC(356) Concurrent Undo Cycle
[2026-04-03T02:30:14.370+0600][72.400s][info][gc,cpu         ] GC(355) User=0.05s Sys=0.00s Real=0.01s
[2026-04-03T02:30:14.370+0600][72.400s][info][gc,marking     ] GC(356) Concurrent Clear Claimed Marks
[2026-04-03T02:30:14.370+0600][72.401s][info][gc,marking     ] GC(356) Concurrent Clear Claimed Marks 0.388ms
[2026-04-03T02:30:14.370+0600][72.401s][info][gc,marking     ] GC(356) Concurrent Cleanup for Next Mark
[2026-04-03T02:30:14.371+0600][72.401s][info][gc,marking     ] GC(356) Concurrent Cleanup for Next Mark 0.292ms
[2026-04-03T02:30:14.371+0600][72.401s][info][gc             ] GC(356) Concurrent Undo Cycle 0.920ms
[2026-04-03T02:30:14.855+0600][72.885s][info][gc,start       ] GC(357) Pause Young (Concurrent Start) (G1 Humongous Allocation)
[2026-04-03T02:30:14.855+0600][72.886s][info][gc,task        ] GC(357) Using 10 workers of 10 for evacuation
[2026-04-03T02:30:14.859+0600][72.890s][info][gc,phases      ] GC(357)   Pre Evacuate Collection Set: 0.51ms
[2026-04-03T02:30:14.859+0600][72.890s][info][gc,phases      ] GC(357)   Merge Heap Roots: 0.30ms
[2026-04-03T02:30:14.859+0600][72.890s][info][gc,phases      ] GC(357)   Evacuate Collection Set: 2.07ms
[2026-04-03T02:30:14.859+0600][72.890s][info][gc,phases      ] GC(357)   Post Evacuate Collection Set: 0.94ms
[2026-04-03T02:30:14.859+0600][72.890s][info][gc,phases      ] GC(357)   Other: 0.18ms
[2026-04-03T02:30:14.859+0600][72.890s][info][gc,heap        ] GC(357) Eden regions: 246->0(491)
[2026-04-03T02:30:14.859+0600][72.890s][info][gc,heap        ] GC(357) Survivor regions: 6->5(62)
[2026-04-03T02:30:14.859+0600][72.890s][info][gc,heap        ] GC(357) Old regions: 87->87
[2026-04-03T02:30:14.859+0600][72.890s][info][gc,heap        ] GC(357) Humongous regions: 112->8
[2026-04-03T02:30:14.859+0600][72.890s][info][gc,metaspace   ] GC(357) Metaspace: 131950K(133376K)->131950K(133376K) NonClass: 115326K(116032K)->115326K(116032K) Class: 16623K(17344K)->16623K(17344K)
[2026-04-03T02:30:14.859+0600][72.890s][info][gc             ] GC(357) Pause Young (Concurrent Start) (G1 Humongous Allocation) 448M->98M(828M) 4.357ms
[2026-04-03T02:30:14.859+0600][72.890s][info][gc             ] GC(358) Concurrent Undo Cycle
[2026-04-03T02:30:14.859+0600][72.890s][info][gc,cpu         ] GC(357) User=0.03s Sys=0.00s Real=0.00s
[2026-04-03T02:30:14.859+0600][72.890s][info][gc,marking     ] GC(358) Concurrent Clear Claimed Marks
[2026-04-03T02:30:14.860+0600][72.890s][info][gc,marking     ] GC(358) Concurrent Clear Claimed Marks 0.260ms
[2026-04-03T02:30:14.860+0600][72.890s][info][gc,marking     ] GC(358) Concurrent Cleanup for Next Mark
[2026-04-03T02:30:14.860+0600][72.890s][info][gc,marking     ] GC(358) Concurrent Cleanup for Next Mark 0.260ms
[2026-04-03T02:30:14.860+0600][72.890s][info][gc             ] GC(358) Concurrent Undo Cycle 0.646ms
[2026-04-03T02:30:15.022+0600][73.052s][info][gc,start       ] GC(359) Pause Young (Concurrent Start) (G1 Humongous Allocation)
[2026-04-03T02:30:15.022+0600][73.052s][info][gc,task        ] GC(359) Using 10 workers of 10 for evacuation
[2026-04-03T02:30:15.025+0600][73.055s][info][gc,phases      ] GC(359)   Pre Evacuate Collection Set: 0.52ms
[2026-04-03T02:30:15.025+0600][73.055s][info][gc,phases      ] GC(359)   Merge Heap Roots: 0.18ms
[2026-04-03T02:30:15.025+0600][73.055s][info][gc,phases      ] GC(359)   Evacuate Collection Set: 1.60ms
[2026-04-03T02:30:15.025+0600][73.055s][info][gc,phases      ] GC(359)   Post Evacuate Collection Set: 0.66ms
[2026-04-03T02:30:15.025+0600][73.055s][info][gc,phases      ] GC(359)   Other: 0.21ms
[2026-04-03T02:30:15.025+0600][73.055s][info][gc,heap        ] GC(359) Eden regions: 134->0(491)
[2026-04-03T02:30:15.025+0600][73.055s][info][gc,heap        ] GC(359) Survivor regions: 5->5(62)
[2026-04-03T02:30:15.025+0600][73.056s][info][gc,heap        ] GC(359) Old regions: 87->87
[2026-04-03T02:30:15.025+0600][73.056s][info][gc,heap        ] GC(359) Humongous regions: 113->8
[2026-04-03T02:30:15.025+0600][73.056s][info][gc,metaspace   ] GC(359) Metaspace: 131950K(133376K)->131950K(133376K) NonClass: 115326K(116032K)->115326K(116032K) Class: 16623K(17344K)->16623K(17344K)
[2026-04-03T02:30:15.025+0600][73.056s][info][gc             ] GC(359) Pause Young (Concurrent Start) (G1 Humongous Allocation) 336M->98M(828M) 3.509ms
[2026-04-03T02:30:15.025+0600][73.056s][info][gc             ] GC(360) Concurrent Undo Cycle
[2026-04-03T02:30:15.025+0600][73.056s][info][gc,cpu         ] GC(359) User=0.02s Sys=0.01s Real=0.00s
[2026-04-03T02:30:15.025+0600][73.056s][info][gc,marking     ] GC(360) Concurrent Clear Claimed Marks
[2026-04-03T02:30:15.026+0600][73.056s][info][gc,marking     ] GC(360) Concurrent Clear Claimed Marks 0.295ms
[2026-04-03T02:30:15.026+0600][73.056s][info][gc,marking     ] GC(360) Concurrent Cleanup for Next Mark
[2026-04-03T02:30:15.026+0600][73.056s][info][gc,marking     ] GC(360) Concurrent Cleanup for Next Mark 0.243ms
[2026-04-03T02:30:15.026+0600][73.056s][info][gc             ] GC(360) Concurrent Undo Cycle 0.686ms
[2026-04-03T02:30:15.212+0600][73.243s][info][gc,start       ] GC(361) Pause Young (Concurrent Start) (G1 Humongous Allocation)
[2026-04-03T02:30:15.212+0600][73.243s][info][gc,task        ] GC(361) Using 10 workers of 10 for evacuation
[2026-04-03T02:30:15.218+0600][73.248s][info][gc,phases      ] GC(361)   Pre Evacuate Collection Set: 0.70ms
[2026-04-03T02:30:15.218+0600][73.248s][info][gc,phases      ] GC(361)   Merge Heap Roots: 0.26ms
[2026-04-03T02:30:15.218+0600][73.248s][info][gc,phases      ] GC(361)   Evacuate Collection Set: 2.96ms
[2026-04-03T02:30:15.218+0600][73.248s][info][gc,phases      ] GC(361)   Post Evacuate Collection Set: 1.06ms
[2026-04-03T02:30:15.218+0600][73.248s][info][gc,phases      ] GC(361)   Other: 0.37ms
[2026-04-03T02:30:15.218+0600][73.248s][info][gc,heap        ] GC(361) Eden regions: 155->0(489)
[2026-04-03T02:30:15.218+0600][73.248s][info][gc,heap        ] GC(361) Survivor regions: 5->7(62)
[2026-04-03T02:30:15.218+0600][73.248s][info][gc,heap        ] GC(361) Old regions: 87->87
[2026-04-03T02:30:15.218+0600][73.248s][info][gc,heap        ] GC(361) Humongous regions: 118->8
[2026-04-03T02:30:15.218+0600][73.248s][info][gc,metaspace   ] GC(361) Metaspace: 131951K(133376K)->131951K(133376K) NonClass: 115328K(116032K)->115328K(116032K) Class: 16623K(17344K)->16623K(17344K)
[2026-04-03T02:30:15.218+0600][73.248s][info][gc             ] GC(361) Pause Young (Concurrent Start) (G1 Humongous Allocation) 362M->100M(828M) 5.735ms
[2026-04-03T02:30:15.218+0600][73.248s][info][gc             ] GC(362) Concurrent Undo Cycle
[2026-04-03T02:30:15.218+0600][73.248s][info][gc,cpu         ] GC(361) User=0.04s Sys=0.00s Real=0.00s
[2026-04-03T02:30:15.218+0600][73.248s][info][gc,marking     ] GC(362) Concurrent Clear Claimed Marks
[2026-04-03T02:30:15.218+0600][73.249s][info][gc,marking     ] GC(362) Concurrent Clear Claimed Marks 0.372ms
[2026-04-03T02:30:15.218+0600][73.249s][info][gc,marking     ] GC(362) Concurrent Cleanup for Next Mark
[2026-04-03T02:30:15.219+0600][73.249s][info][gc,marking     ] GC(362) Concurrent Cleanup for Next Mark 0.499ms
[2026-04-03T02:30:15.219+0600][73.249s][info][gc             ] GC(362) Concurrent Undo Cycle 1.120ms
[2026-04-03T02:30:15.401+0600][73.431s][info][gc,start       ] GC(363) Pause Young (Concurrent Start) (G1 Humongous Allocation)
[2026-04-03T02:30:15.401+0600][73.431s][info][gc,task        ] GC(363) Using 10 workers of 10 for evacuation
[2026-04-03T02:30:15.406+0600][73.436s][info][gc,phases      ] GC(363)   Pre Evacuate Collection Set: 0.50ms
[2026-04-03T02:30:15.406+0600][73.436s][info][gc,phases      ] GC(363)   Merge Heap Roots: 0.28ms
[2026-04-03T02:30:15.406+0600][73.436s][info][gc,phases      ] GC(363)   Evacuate Collection Set: 3.03ms
[2026-04-03T02:30:15.406+0600][73.436s][info][gc,phases      ] GC(363)   Post Evacuate Collection Set: 0.83ms
[2026-04-03T02:30:15.406+0600][73.436s][info][gc,phases      ] GC(363)   Other: 0.17ms
[2026-04-03T02:30:15.406+0600][73.436s][info][gc,heap        ] GC(363) Eden regions: 142->0(490)
[2026-04-03T02:30:15.406+0600][73.436s][info][gc,heap        ] GC(363) Survivor regions: 7->6(62)
[2026-04-03T02:30:15.406+0600][73.436s][info][gc,heap        ] GC(363) Old regions: 87->87
[2026-04-03T02:30:15.406+0600][73.436s][info][gc,heap        ] GC(363) Humongous regions: 121->8
[2026-04-03T02:30:15.406+0600][73.436s][info][gc,metaspace   ] GC(363) Metaspace: 131951K(133376K)->131951K(133376K) NonClass: 115328K(116032K)->115328K(116032K) Class: 16623K(17344K)->16623K(17344K)
[2026-04-03T02:30:15.406+0600][73.436s][info][gc             ] GC(363) Pause Young (Concurrent Start) (G1 Humongous Allocation) 354M->99M(828M) 5.138ms
[2026-04-03T02:30:15.406+0600][73.437s][info][gc             ] GC(364) Concurrent Undo Cycle
[2026-04-03T02:30:15.406+0600][73.437s][info][gc,cpu         ] GC(363) User=0.04s Sys=0.00s Real=0.00s
[2026-04-03T02:30:15.406+0600][73.437s][info][gc,marking     ] GC(364) Concurrent Clear Claimed Marks
[2026-04-03T02:30:15.407+0600][73.437s][info][gc,marking     ] GC(364) Concurrent Clear Claimed Marks 0.366ms
[2026-04-03T02:30:15.407+0600][73.437s][info][gc,marking     ] GC(364) Concurrent Cleanup for Next Mark
[2026-04-03T02:30:15.407+0600][73.437s][info][gc,marking     ] GC(364) Concurrent Cleanup for Next Mark 0.312ms
[2026-04-03T02:30:15.407+0600][73.438s][info][gc             ] GC(364) Concurrent Undo Cycle 0.980ms
[2026-04-03T02:30:15.671+0600][73.702s][info][gc,start       ] GC(365) Pause Young (Concurrent Start) (G1 Humongous Allocation)
[2026-04-03T02:30:15.671+0600][73.702s][info][gc,task        ] GC(365) Using 10 workers of 10 for evacuation
[2026-04-03T02:30:15.675+0600][73.705s][info][gc,phases      ] GC(365)   Pre Evacuate Collection Set: 0.48ms
[2026-04-03T02:30:15.675+0600][73.706s][info][gc,phases      ] GC(365)   Merge Heap Roots: 0.15ms
[2026-04-03T02:30:15.675+0600][73.706s][info][gc,phases      ] GC(365)   Evacuate Collection Set: 1.97ms
[2026-04-03T02:30:15.675+0600][73.706s][info][gc,phases      ] GC(365)   Post Evacuate Collection Set: 0.78ms
[2026-04-03T02:30:15.675+0600][73.706s][info][gc,phases      ] GC(365)   Other: 0.18ms
[2026-04-03T02:30:15.675+0600][73.706s][info][gc,heap        ] GC(365) Eden regions: 180->0(490)
[2026-04-03T02:30:15.675+0600][73.706s][info][gc,heap        ] GC(365) Survivor regions: 6->6(62)
[2026-04-03T02:30:15.675+0600][73.706s][info][gc,heap        ] GC(365) Old regions: 87->88
[2026-04-03T02:30:15.675+0600][73.706s][info][gc,heap        ] GC(365) Humongous regions: 123->8
[2026-04-03T02:30:15.675+0600][73.706s][info][gc,metaspace   ] GC(365) Metaspace: 131980K(133440K)->131980K(133440K) NonClass: 115355K(116096K)->115355K(116096K) Class: 16624K(17344K)->16624K(17344K)
[2026-04-03T02:30:15.675+0600][73.706s][info][gc             ] GC(365) Pause Young (Concurrent Start) (G1 Humongous Allocation) 393M->99M(828M) 3.758ms
[2026-04-03T02:30:15.675+0600][73.706s][info][gc             ] GC(366) Concurrent Undo Cycle
[2026-04-03T02:30:15.675+0600][73.706s][info][gc,cpu         ] GC(365) User=0.02s Sys=0.00s Real=0.00s
[2026-04-03T02:30:15.675+0600][73.706s][info][gc,marking     ] GC(366) Concurrent Clear Claimed Marks
[2026-04-03T02:30:15.676+0600][73.706s][info][gc,marking     ] GC(366) Concurrent Clear Claimed Marks 0.259ms
[2026-04-03T02:30:15.676+0600][73.706s][info][gc,marking     ] GC(366) Concurrent Cleanup for Next Mark
[2026-04-03T02:30:15.676+0600][73.706s][info][gc,marking     ] GC(366) Concurrent Cleanup for Next Mark 0.288ms
[2026-04-03T02:30:15.676+0600][73.706s][info][gc             ] GC(366) Concurrent Undo Cycle 0.734ms
[2026-04-03T02:30:15.995+0600][74.025s][info][gc,start       ] GC(367) Pause Young (Concurrent Start) (G1 Humongous Allocation)
[2026-04-03T02:30:15.995+0600][74.025s][info][gc,task        ] GC(367) Using 10 workers of 10 for evacuation
[2026-04-03T02:30:15.998+0600][74.029s][info][gc,phases      ] GC(367)   Pre Evacuate Collection Set: 0.43ms
[2026-04-03T02:30:15.998+0600][74.029s][info][gc,phases      ] GC(367)   Merge Heap Roots: 0.19ms
[2026-04-03T02:30:15.998+0600][74.029s][info][gc,phases      ] GC(367)   Evacuate Collection Set: 1.82ms
[2026-04-03T02:30:15.998+0600][74.029s][info][gc,phases      ] GC(367)   Post Evacuate Collection Set: 0.73ms
[2026-04-03T02:30:15.998+0600][74.029s][info][gc,phases      ] GC(367)   Other: 0.19ms
[2026-04-03T02:30:15.999+0600][74.029s][info][gc,heap        ] GC(367) Eden regions: 304->0(489)
[2026-04-03T02:30:15.999+0600][74.029s][info][gc,heap        ] GC(367) Survivor regions: 6->7(62)
[2026-04-03T02:30:15.999+0600][74.029s][info][gc,heap        ] GC(367) Old regions: 88->88
[2026-04-03T02:30:15.999+0600][74.029s][info][gc,heap        ] GC(367) Humongous regions: 126->13
[2026-04-03T02:30:15.999+0600][74.029s][info][gc,metaspace   ] GC(367) Metaspace: 131986K(133440K)->131986K(133440K) NonClass: 115361K(116096K)->115361K(116096K) Class: 16624K(17344K)->16624K(17344K)
[2026-04-03T02:30:15.999+0600][74.029s][info][gc             ] GC(367) Pause Young (Concurrent Start) (G1 Humongous Allocation) 520M->105M(828M) 3.607ms
[2026-04-03T02:30:15.999+0600][74.029s][info][gc             ] GC(368) Concurrent Undo Cycle
[2026-04-03T02:30:15.999+0600][74.029s][info][gc,cpu         ] GC(367) User=0.03s Sys=0.01s Real=0.00s
[2026-04-03T02:30:15.999+0600][74.029s][info][gc,marking     ] GC(368) Concurrent Clear Claimed Marks
[2026-04-03T02:30:15.999+0600][74.030s][info][gc,marking     ] GC(368) Concurrent Clear Claimed Marks 0.308ms
[2026-04-03T02:30:15.999+0600][74.030s][info][gc,marking     ] GC(368) Concurrent Cleanup for Next Mark
[2026-04-03T02:30:16.000+0600][74.030s][info][gc,marking     ] GC(368) Concurrent Cleanup for Next Mark 0.625ms
[2026-04-03T02:30:16.000+0600][74.030s][info][gc             ] GC(368) Concurrent Undo Cycle 1.155ms
[2026-04-03T02:30:16.000+0600][74.031s][info][gc,start       ] GC(369) Pause Young (Concurrent Start) (G1 Humongous Allocation)
[2026-04-03T02:30:16.000+0600][74.031s][info][gc,task        ] GC(369) Using 10 workers of 10 for evacuation
[2026-04-03T02:30:16.004+0600][74.034s][info][gc,phases      ] GC(369)   Pre Evacuate Collection Set: 0.45ms
[2026-04-03T02:30:16.004+0600][74.035s][info][gc,phases      ] GC(369)   Merge Heap Roots: 0.17ms
[2026-04-03T02:30:16.004+0600][74.035s][info][gc,phases      ] GC(369)   Evacuate Collection Set: 2.30ms
[2026-04-03T02:30:16.004+0600][74.035s][info][gc,phases      ] GC(369)   Post Evacuate Collection Set: 0.63ms
[2026-04-03T02:30:16.004+0600][74.035s][info][gc,phases      ] GC(369)   Other: 0.20ms
[2026-04-03T02:30:16.004+0600][74.035s][info][gc,heap        ] GC(369) Eden regions: 2->0(489)
[2026-04-03T02:30:16.004+0600][74.035s][info][gc,heap        ] GC(369) Survivor regions: 7->7(62)
[2026-04-03T02:30:16.004+0600][74.035s][info][gc,heap        ] GC(369) Old regions: 88->88
[2026-04-03T02:30:16.004+0600][74.035s][info][gc,heap        ] GC(369) Humongous regions: 23->13
[2026-04-03T02:30:16.004+0600][74.035s][info][gc,metaspace   ] GC(369) Metaspace: 131986K(133440K)->131986K(133440K) NonClass: 115361K(116096K)->115361K(116096K) Class: 16624K(17344K)->16624K(17344K)
[2026-04-03T02:30:16.004+0600][74.035s][info][gc             ] GC(369) Pause Young (Concurrent Start) (G1 Humongous Allocation) 116M->105M(828M) 4.032ms
[2026-04-03T02:30:16.004+0600][74.035s][info][gc             ] GC(370) Concurrent Undo Cycle
[2026-04-03T02:30:16.004+0600][74.035s][info][gc,cpu         ] GC(369) User=0.03s Sys=0.00s Real=0.00s
[2026-04-03T02:30:16.004+0600][74.035s][info][gc,marking     ] GC(370) Concurrent Clear Claimed Marks
[2026-04-03T02:30:16.005+0600][74.035s][info][gc,marking     ] GC(370) Concurrent Clear Claimed Marks 0.202ms
[2026-04-03T02:30:16.005+0600][74.035s][info][gc,marking     ] GC(370) Concurrent Cleanup for Next Mark
[2026-04-03T02:30:16.005+0600][74.035s][info][gc,marking     ] GC(370) Concurrent Cleanup for Next Mark 0.238ms
[2026-04-03T02:30:16.005+0600][74.035s][info][gc             ] GC(370) Concurrent Undo Cycle 0.623ms
[2026-04-03T02:30:16.013+0600][74.044s][info][gc,start       ] GC(371) Pause Young (Concurrent Start) (G1 Humongous Allocation)
[2026-04-03T02:30:16.014+0600][74.044s][info][gc,task        ] GC(371) Using 10 workers of 10 for evacuation
[2026-04-03T02:30:16.017+0600][74.048s][info][gc,phases      ] GC(371)   Pre Evacuate Collection Set: 0.42ms
[2026-04-03T02:30:16.017+0600][74.048s][info][gc,phases      ] GC(371)   Merge Heap Roots: 0.15ms
[2026-04-03T02:30:16.017+0600][74.048s][info][gc,phases      ] GC(371)   Evacuate Collection Set: 2.21ms
[2026-04-03T02:30:16.017+0600][74.048s][info][gc,phases      ] GC(371)   Post Evacuate Collection Set: 0.76ms
[2026-04-03T02:30:16.017+0600][74.048s][info][gc,phases      ] GC(371)   Other: 0.16ms
[2026-04-03T02:30:16.017+0600][74.048s][info][gc,heap        ] GC(371) Eden regions: 11->0(489)
[2026-04-03T02:30:16.017+0600][74.048s][info][gc,heap        ] GC(371) Survivor regions: 7->7(62)
[2026-04-03T02:30:16.017+0600][74.048s][info][gc,heap        ] GC(371) Old regions: 88->89
[2026-04-03T02:30:16.017+0600][74.048s][info][gc,heap        ] GC(371) Humongous regions: 128->13
[2026-04-03T02:30:16.017+0600][74.048s][info][gc,metaspace   ] GC(371) Metaspace: 131986K(133440K)->131986K(133440K) NonClass: 115361K(116096K)->115361K(116096K) Class: 16624K(17344K)->16624K(17344K)
[2026-04-03T02:30:16.018+0600][74.048s][info][gc             ] GC(371) Pause Young (Concurrent Start) (G1 Humongous Allocation) 231M->106M(828M) 4.093ms
[2026-04-03T02:30:16.018+0600][74.048s][info][gc             ] GC(372) Concurrent Undo Cycle
[2026-04-03T02:30:16.018+0600][74.048s][info][gc,cpu         ] GC(371) User=0.03s Sys=0.00s Real=0.00s
[2026-04-03T02:30:16.018+0600][74.048s][info][gc,marking     ] GC(372) Concurrent Clear Claimed Marks
[2026-04-03T02:30:16.018+0600][74.049s][info][gc,marking     ] GC(372) Concurrent Clear Claimed Marks 0.339ms
[2026-04-03T02:30:16.018+0600][74.049s][info][gc,marking     ] GC(372) Concurrent Cleanup for Next Mark
[2026-04-03T02:30:16.018+0600][74.049s][info][gc,marking     ] GC(372) Concurrent Cleanup for Next Mark 0.232ms
[2026-04-03T02:30:16.018+0600][74.049s][info][gc             ] GC(372) Concurrent Undo Cycle 0.787ms
[2026-04-03T02:30:16.020+0600][74.050s][info][gc,start       ] GC(373) Pause Young (Concurrent Start) (G1 Humongous Allocation)
[2026-04-03T02:30:16.020+0600][74.050s][info][gc,task        ] GC(373) Using 10 workers of 10 for evacuation
[2026-04-03T02:30:16.023+0600][74.054s][info][gc,phases      ] GC(373)   Pre Evacuate Collection Set: 0.39ms
[2026-04-03T02:30:16.023+0600][74.054s][info][gc,phases      ] GC(373)   Merge Heap Roots: 0.09ms
[2026-04-03T02:30:16.023+0600][74.054s][info][gc,phases      ] GC(373)   Evacuate Collection Set: 2.24ms
[2026-04-03T02:30:16.023+0600][74.054s][info][gc,phases      ] GC(373)   Post Evacuate Collection Set: 0.51ms
[2026-04-03T02:30:16.023+0600][74.054s][info][gc,phases      ] GC(373)   Other: 0.11ms
[2026-04-03T02:30:16.023+0600][74.054s][info][gc,heap        ] GC(373) Eden regions: 2->0(490)
[2026-04-03T02:30:16.023+0600][74.054s][info][gc,heap        ] GC(373) Survivor regions: 7->6(62)
[2026-04-03T02:30:16.024+0600][74.054s][info][gc,heap        ] GC(373) Old regions: 89->90
[2026-04-03T02:30:16.024+0600][74.054s][info][gc,heap        ] GC(373) Humongous regions: 28->13
[2026-04-03T02:30:16.024+0600][74.054s][info][gc,metaspace   ] GC(373) Metaspace: 131986K(133440K)->131986K(133440K) NonClass: 115361K(116096K)->115361K(116096K) Class: 16624K(17344K)->16624K(17344K)
[2026-04-03T02:30:16.024+0600][74.054s][info][gc             ] GC(373) Pause Young (Concurrent Start) (G1 Humongous Allocation) 123M->106M(828M) 3.639ms
[2026-04-03T02:30:16.024+0600][74.054s][info][gc             ] GC(374) Concurrent Undo Cycle
[2026-04-03T02:30:16.024+0600][74.054s][info][gc,marking     ] GC(374) Concurrent Clear Claimed Marks
[2026-04-03T02:30:16.024+0600][74.054s][info][gc,cpu         ] GC(373) User=0.03s Sys=0.01s Real=0.00s
[2026-04-03T02:30:16.024+0600][74.054s][info][gc,marking     ] GC(374) Concurrent Clear Claimed Marks 0.247ms
[2026-04-03T02:30:16.024+0600][74.054s][info][gc,marking     ] GC(374) Concurrent Cleanup for Next Mark
[2026-04-03T02:30:16.024+0600][74.055s][info][gc,marking     ] GC(374) Concurrent Cleanup for Next Mark 0.272ms
[2026-04-03T02:30:16.024+0600][74.055s][info][gc             ] GC(374) Concurrent Undo Cycle 0.679ms
[2026-04-03T02:30:16.034+0600][74.065s][info][gc,start       ] GC(375) Pause Young (Concurrent Start) (G1 Humongous Allocation)
[2026-04-03T02:30:16.034+0600][74.065s][info][gc,task        ] GC(375) Using 10 workers of 10 for evacuation
[2026-04-03T02:30:16.038+0600][74.068s][info][gc,phases      ] GC(375)   Pre Evacuate Collection Set: 0.46ms
[2026-04-03T02:30:16.038+0600][74.068s][info][gc,phases      ] GC(375)   Merge Heap Roots: 0.23ms
[2026-04-03T02:30:16.038+0600][74.068s][info][gc,phases      ] GC(375)   Evacuate Collection Set: 2.01ms
[2026-04-03T02:30:16.038+0600][74.068s][info][gc,phases      ] GC(375)   Post Evacuate Collection Set: 0.59ms
[2026-04-03T02:30:16.038+0600][74.068s][info][gc,phases      ] GC(375)   Other: 0.17ms
[2026-04-03T02:30:16.038+0600][74.068s][info][gc,heap        ] GC(375) Eden regions: 9->0(490)
[2026-04-03T02:30:16.038+0600][74.068s][info][gc,heap        ] GC(375) Survivor regions: 6->6(62)
[2026-04-03T02:30:16.038+0600][74.068s][info][gc,heap        ] GC(375) Old regions: 90->90
[2026-04-03T02:30:16.038+0600][74.068s][info][gc,heap        ] GC(375) Humongous regions: 128->18
[2026-04-03T02:30:16.038+0600][74.068s][info][gc,metaspace   ] GC(375) Metaspace: 131986K(133440K)->131986K(133440K) NonClass: 115362K(116096K)->115362K(116096K) Class: 16624K(17344K)->16624K(17344K)
[2026-04-03T02:30:16.038+0600][74.068s][info][gc             ] GC(375) Pause Young (Concurrent Start) (G1 Humongous Allocation) 230M->111M(828M) 3.812ms
[2026-04-03T02:30:16.038+0600][74.068s][info][gc             ] GC(376) Concurrent Undo Cycle
[2026-04-03T02:30:16.038+0600][74.069s][info][gc,cpu         ] GC(375) User=0.01s Sys=0.01s Real=0.00s
[2026-04-03T02:30:16.038+0600][74.069s][info][gc,marking     ] GC(376) Concurrent Clear Claimed Marks
[2026-04-03T02:30:16.039+0600][74.069s][info][gc,marking     ] GC(376) Concurrent Clear Claimed Marks 0.385ms
[2026-04-03T02:30:16.039+0600][74.069s][info][gc,marking     ] GC(376) Concurrent Cleanup for Next Mark
[2026-04-03T02:30:16.039+0600][74.069s][info][gc,marking     ] GC(376) Concurrent Cleanup for Next Mark 0.269ms
[2026-04-03T02:30:16.039+0600][74.069s][info][gc             ] GC(376) Concurrent Undo Cycle 0.899ms
[2026-04-03T02:30:16.057+0600][74.087s][info][gc,start       ] GC(377) Pause Young (Concurrent Start) (G1 Humongous Allocation)
[2026-04-03T02:30:16.057+0600][74.087s][info][gc,task        ] GC(377) Using 10 workers of 10 for evacuation
[2026-04-03T02:30:16.059+0600][74.090s][info][gc,phases      ] GC(377)   Pre Evacuate Collection Set: 0.33ms
[2026-04-03T02:30:16.059+0600][74.090s][info][gc,phases      ] GC(377)   Merge Heap Roots: 0.13ms
[2026-04-03T02:30:16.059+0600][74.090s][info][gc,phases      ] GC(377)   Evacuate Collection Set: 1.22ms
[2026-04-03T02:30:16.059+0600][74.090s][info][gc,phases      ] GC(377)   Post Evacuate Collection Set: 0.56ms
[2026-04-03T02:30:16.059+0600][74.090s][info][gc,phases      ] GC(377)   Other: 0.12ms
[2026-04-03T02:30:16.059+0600][74.090s][info][gc,heap        ] GC(377) Eden regions: 10->0(494)
[2026-04-03T02:30:16.059+0600][74.090s][info][gc,heap        ] GC(377) Survivor regions: 6->2(62)
[2026-04-03T02:30:16.059+0600][74.090s][info][gc,heap        ] GC(377) Old regions: 90->90
[2026-04-03T02:30:16.059+0600][74.090s][info][gc,heap        ] GC(377) Humongous regions: 86->8
[2026-04-03T02:30:16.059+0600][74.090s][info][gc,metaspace   ] GC(377) Metaspace: 131986K(133440K)->131986K(133440K) NonClass: 115362K(116096K)->115362K(116096K) Class: 16624K(17344K)->16624K(17344K)
[2026-04-03T02:30:16.059+0600][74.090s][info][gc             ] GC(377) Pause Young (Concurrent Start) (G1 Humongous Allocation) 188M->97M(828M) 2.611ms
[2026-04-03T02:30:16.059+0600][74.090s][info][gc             ] GC(378) Concurrent Undo Cycle
[2026-04-03T02:30:16.059+0600][74.090s][info][gc,cpu         ] GC(377) User=0.02s Sys=0.00s Real=0.00s
[2026-04-03T02:30:16.060+0600][74.090s][info][gc,marking     ] GC(378) Concurrent Clear Claimed Marks
[2026-04-03T02:30:16.060+0600][74.090s][info][gc,marking     ] GC(378) Concurrent Clear Claimed Marks 0.263ms
[2026-04-03T02:30:16.060+0600][74.090s][info][gc,marking     ] GC(378) Concurrent Cleanup for Next Mark
[2026-04-03T02:30:16.060+0600][74.091s][info][gc,marking     ] GC(378) Concurrent Cleanup for Next Mark 0.250ms
[2026-04-03T02:30:16.060+0600][74.091s][info][gc             ] GC(378) Concurrent Undo Cycle 0.644ms
[2026-04-03T02:30:16.113+0600][74.143s][info][gc,start       ] GC(379) Pause Young (Concurrent Start) (G1 Humongous Allocation)
[2026-04-03T02:30:16.113+0600][74.143s][info][gc,task        ] GC(379) Using 10 workers of 10 for evacuation
[2026-04-03T02:30:16.116+0600][74.147s][info][gc,phases      ] GC(379)   Pre Evacuate Collection Set: 0.33ms
[2026-04-03T02:30:16.116+0600][74.147s][info][gc,phases      ] GC(379)   Merge Heap Roots: 0.13ms
[2026-04-03T02:30:16.116+0600][74.147s][info][gc,phases      ] GC(379)   Evacuate Collection Set: 1.26ms
[2026-04-03T02:30:16.116+0600][74.147s][info][gc,phases      ] GC(379)   Post Evacuate Collection Set: 1.76ms
[2026-04-03T02:30:16.116+0600][74.147s][info][gc,phases      ] GC(379)   Other: 0.16ms
[2026-04-03T02:30:16.117+0600][74.147s][info][gc,heap        ] GC(379) Eden regions: 42->0(576)
[2026-04-03T02:30:16.117+0600][74.147s][info][gc,heap        ] GC(379) Survivor regions: 2->4(62)
[2026-04-03T02:30:16.117+0600][74.147s][info][gc,heap        ] GC(379) Old regions: 90->90
[2026-04-03T02:30:16.117+0600][74.147s][info][gc,heap        ] GC(379) Humongous regions: 89->13
[2026-04-03T02:30:16.117+0600][74.147s][info][gc,metaspace   ] GC(379) Metaspace: 131986K(133440K)->131986K(133440K) NonClass: 115362K(116096K)->115362K(116096K) Class: 16624K(17344K)->16624K(17344K)
[2026-04-03T02:30:16.117+0600][74.147s][info][gc             ] GC(379) Pause Young (Concurrent Start) (G1 Humongous Allocation) 220M->104M(967M) 3.904ms
[2026-04-03T02:30:16.117+0600][74.147s][info][gc,cpu         ] GC(379) User=0.01s Sys=0.00s Real=0.00s
[2026-04-03T02:30:16.117+0600][74.147s][info][gc             ] GC(380) Concurrent Undo Cycle
[2026-04-03T02:30:16.117+0600][74.147s][info][gc,marking     ] GC(380) Concurrent Clear Claimed Marks
[2026-04-03T02:30:16.117+0600][74.148s][info][gc,marking     ] GC(380) Concurrent Clear Claimed Marks 0.282ms
[2026-04-03T02:30:16.117+0600][74.148s][info][gc,marking     ] GC(380) Concurrent Cleanup for Next Mark
[2026-04-03T02:30:16.117+0600][74.148s][info][gc,marking     ] GC(380) Concurrent Cleanup for Next Mark 0.277ms
[2026-04-03T02:30:16.117+0600][74.148s][info][gc             ] GC(380) Concurrent Undo Cycle 0.757ms
[2026-04-03T02:30:16.125+0600][74.155s][info][gc,start       ] GC(381) Pause Young (Concurrent Start) (G1 Humongous Allocation)
[2026-04-03T02:30:16.125+0600][74.155s][info][gc,task        ] GC(381) Using 10 workers of 10 for evacuation
[2026-04-03T02:30:16.128+0600][74.159s][info][gc,phases      ] GC(381)   Pre Evacuate Collection Set: 0.66ms
[2026-04-03T02:30:16.128+0600][74.159s][info][gc,phases      ] GC(381)   Merge Heap Roots: 0.08ms
[2026-04-03T02:30:16.128+0600][74.159s][info][gc,phases      ] GC(381)   Evacuate Collection Set: 1.78ms
[2026-04-03T02:30:16.128+0600][74.159s][info][gc,phases      ] GC(381)   Post Evacuate Collection Set: 0.77ms
[2026-04-03T02:30:16.128+0600][74.159s][info][gc,phases      ] GC(381)   Other: 0.18ms
[2026-04-03T02:30:16.128+0600][74.159s][info][gc,heap        ] GC(381) Eden regions: 8->0(535)
[2026-04-03T02:30:16.128+0600][74.159s][info][gc,heap        ] GC(381) Survivor regions: 4->6(73)
[2026-04-03T02:30:16.128+0600][74.159s][info][gc,heap        ] GC(381) Old regions: 90->90
[2026-04-03T02:30:16.128+0600][74.159s][info][gc,heap        ] GC(381) Humongous regions: 138->23
[2026-04-03T02:30:16.128+0600][74.159s][info][gc,metaspace   ] GC(381) Metaspace: 131986K(133440K)->131986K(133440K) NonClass: 115362K(116096K)->115362K(116096K) Class: 16624K(17344K)->16624K(17344K)
[2026-04-03T02:30:16.128+0600][74.159s][info][gc             ] GC(381) Pause Young (Concurrent Start) (G1 Humongous Allocation) 237M->116M(967M) 3.724ms
[2026-04-03T02:30:16.128+0600][74.159s][info][gc             ] GC(382) Concurrent Undo Cycle
[2026-04-03T02:30:16.128+0600][74.159s][info][gc,cpu         ] GC(381) User=0.01s Sys=0.01s Real=0.00s
[2026-04-03T02:30:16.129+0600][74.159s][info][gc,marking     ] GC(382) Concurrent Clear Claimed Marks
[2026-04-03T02:30:16.129+0600][74.159s][info][gc,marking     ] GC(382) Concurrent Clear Claimed Marks 0.367ms
[2026-04-03T02:30:16.129+0600][74.159s][info][gc,marking     ] GC(382) Concurrent Cleanup for Next Mark
[2026-04-03T02:30:16.129+0600][74.160s][info][gc,marking     ] GC(382) Concurrent Cleanup for Next Mark 0.311ms
[2026-04-03T02:30:16.129+0600][74.160s][info][gc             ] GC(382) Concurrent Undo Cycle 0.881ms
[2026-04-03T02:30:16.130+0600][74.161s][info][gc,start       ] GC(383) Pause Young (Concurrent Start) (G1 Humongous Allocation)
[2026-04-03T02:30:16.130+0600][74.161s][info][gc,task        ] GC(383) Using 10 workers of 10 for evacuation
[2026-04-03T02:30:16.133+0600][74.164s][info][gc,phases      ] GC(383)   Pre Evacuate Collection Set: 0.50ms
[2026-04-03T02:30:16.133+0600][74.164s][info][gc,phases      ] GC(383)   Merge Heap Roots: 0.11ms
[2026-04-03T02:30:16.133+0600][74.164s][info][gc,phases      ] GC(383)   Evacuate Collection Set: 1.40ms
[2026-04-03T02:30:16.133+0600][74.164s][info][gc,phases      ] GC(383)   Post Evacuate Collection Set: 0.75ms
[2026-04-03T02:30:16.133+0600][74.164s][info][gc,phases      ] GC(383)   Other: 0.27ms
[2026-04-03T02:30:16.133+0600][74.164s][info][gc,heap        ] GC(383) Eden regions: 2->0(561)
[2026-04-03T02:30:16.133+0600][74.164s][info][gc,heap        ] GC(383) Survivor regions: 6->6(68)
[2026-04-03T02:30:16.133+0600][74.164s][info][gc,heap        ] GC(383) Old regions: 90->90
[2026-04-03T02:30:16.133+0600][74.164s][info][gc,heap        ] GC(383) Humongous regions: 43->13
[2026-04-03T02:30:16.133+0600][74.164s][info][gc,metaspace   ] GC(383) Metaspace: 131986K(133440K)->131986K(133440K) NonClass: 115362K(116096K)->115362K(116096K) Class: 16624K(17344K)->16624K(17344K)
[2026-04-03T02:30:16.133+0600][74.164s][info][gc             ] GC(383) Pause Young (Concurrent Start) (G1 Humongous Allocation) 138M->106M(967M) 3.291ms
[2026-04-03T02:30:16.134+0600][74.164s][info][gc             ] GC(384) Concurrent Undo Cycle
[2026-04-03T02:30:16.134+0600][74.164s][info][gc,cpu         ] GC(383) User=0.02s Sys=0.00s Real=0.00s
[2026-04-03T02:30:16.134+0600][74.164s][info][gc,marking     ] GC(384) Concurrent Clear Claimed Marks
[2026-04-03T02:30:16.134+0600][74.164s][info][gc,marking     ] GC(384) Concurrent Clear Claimed Marks 0.316ms
[2026-04-03T02:30:16.134+0600][74.164s][info][gc,marking     ] GC(384) Concurrent Cleanup for Next Mark
[2026-04-03T02:30:16.134+0600][74.165s][info][gc,marking     ] GC(384) Concurrent Cleanup for Next Mark 0.252ms
[2026-04-03T02:30:16.134+0600][74.165s][info][gc             ] GC(384) Concurrent Undo Cycle 0.745ms
[2026-04-03T02:30:16.135+0600][74.165s][info][gc,start       ] GC(385) Pause Young (Concurrent Start) (G1 Humongous Allocation)
[2026-04-03T02:30:16.135+0600][74.166s][info][gc,task        ] GC(385) Using 10 workers of 10 for evacuation
[2026-04-03T02:30:16.138+0600][74.169s][info][gc,phases      ] GC(385)   Pre Evacuate Collection Set: 0.37ms
[2026-04-03T02:30:16.138+0600][74.169s][info][gc,phases      ] GC(385)   Merge Heap Roots: 0.08ms
[2026-04-03T02:30:16.138+0600][74.169s][info][gc,phases      ] GC(385)   Evacuate Collection Set: 1.72ms
[2026-04-03T02:30:16.138+0600][74.169s][info][gc,phases      ] GC(385)   Post Evacuate Collection Set: 0.96ms
[2026-04-03T02:30:16.138+0600][74.169s][info][gc,phases      ] GC(385)   Other: 0.18ms
[2026-04-03T02:30:16.139+0600][74.169s][info][gc,heap        ] GC(385) Eden regions: 2->0(488)
[2026-04-03T02:30:16.139+0600][74.169s][info][gc,heap        ] GC(385) Survivor regions: 6->6(71)
[2026-04-03T02:30:16.139+0600][74.169s][info][gc,heap        ] GC(385) Old regions: 90->90
[2026-04-03T02:30:16.139+0600][74.169s][info][gc,heap        ] GC(385) Humongous regions: 28->18
[2026-04-03T02:30:16.139+0600][74.169s][info][gc,metaspace   ] GC(385) Metaspace: 131986K(133440K)->131986K(133440K) NonClass: 115362K(116096K)->115362K(116096K) Class: 16624K(17344K)->16624K(17344K)
[2026-04-03T02:30:16.139+0600][74.169s][info][gc             ] GC(385) Pause Young (Concurrent Start) (G1 Humongous Allocation) 123M->111M(967M) 3.581ms
[2026-04-03T02:30:16.139+0600][74.169s][info][gc             ] GC(386) Concurrent Undo Cycle
[2026-04-03T02:30:16.139+0600][74.169s][info][gc,cpu         ] GC(385) User=0.02s Sys=0.00s Real=0.00s
[2026-04-03T02:30:16.139+0600][74.169s][info][gc,marking     ] GC(386) Concurrent Clear Claimed Marks
[2026-04-03T02:30:16.139+0600][74.170s][info][gc,marking     ] GC(386) Concurrent Clear Claimed Marks 0.373ms
[2026-04-03T02:30:16.139+0600][74.170s][info][gc,marking     ] GC(386) Concurrent Cleanup for Next Mark
[2026-04-03T02:30:16.139+0600][74.170s][info][gc,marking     ] GC(386) Concurrent Cleanup for Next Mark 0.268ms
[2026-04-03T02:30:16.139+0600][74.170s][info][gc             ] GC(386) Concurrent Undo Cycle 0.795ms
[2026-04-03T02:30:16.140+0600][74.171s][info][gc,start       ] GC(387) Pause Young (Concurrent Start) (G1 Humongous Allocation)
[2026-04-03T02:30:16.140+0600][74.171s][info][gc,task        ] GC(387) Using 10 workers of 10 for evacuation
[2026-04-03T02:30:16.145+0600][74.175s][info][gc,phases      ] GC(387)   Pre Evacuate Collection Set: 0.59ms
[2026-04-03T02:30:16.145+0600][74.175s][info][gc,phases      ] GC(387)   Merge Heap Roots: 0.17ms
[2026-04-03T02:30:16.145+0600][74.175s][info][gc,phases      ] GC(387)   Evacuate Collection Set: 2.16ms
[2026-04-03T02:30:16.145+0600][74.175s][info][gc,phases      ] GC(387)   Post Evacuate Collection Set: 0.95ms
[2026-04-03T02:30:16.145+0600][74.175s][info][gc,phases      ] GC(387)   Other: 0.38ms
[2026-04-03T02:30:16.145+0600][74.175s][info][gc,heap        ] GC(387) Eden regions: 2->0(493)
[2026-04-03T02:30:16.145+0600][74.175s][info][gc,heap        ] GC(387) Survivor regions: 6->6(62)
[2026-04-03T02:30:16.145+0600][74.175s][info][gc,heap        ] GC(387) Old regions: 90->90
[2026-04-03T02:30:16.145+0600][74.175s][info][gc,heap        ] GC(387) Humongous regions: 38->23
[2026-04-03T02:30:16.145+0600][74.175s][info][gc,metaspace   ] GC(387) Metaspace: 131986K(133440K)->131986K(133440K) NonClass: 115362K(116096K)->115362K(116096K) Class: 16624K(17344K)->16624K(17344K)
[2026-04-03T02:30:16.145+0600][74.175s][info][gc             ] GC(387) Pause Young (Concurrent Start) (G1 Humongous Allocation) 133M->117M(967M) 4.664ms
[2026-04-03T02:30:16.145+0600][74.176s][info][gc             ] GC(388) Concurrent Mark Cycle
[2026-04-03T02:30:16.145+0600][74.176s][info][gc,marking     ] GC(388) Concurrent Scan Root Regions
[2026-04-03T02:30:16.145+0600][74.176s][info][gc,cpu         ] GC(387) User=0.01s Sys=0.00s Real=0.00s
[2026-04-03T02:30:16.148+0600][74.178s][info][gc,marking     ] GC(388) Concurrent Scan Root Regions 2.836ms
[2026-04-03T02:30:16.148+0600][74.178s][info][gc,marking     ] GC(388) Concurrent Mark
[2026-04-03T02:30:16.148+0600][74.178s][info][gc,marking     ] GC(388) Concurrent Mark From Roots
[2026-04-03T02:30:16.148+0600][74.179s][info][gc,task        ] GC(388) Using 3 workers of 3 for marking
[2026-04-03T02:30:16.240+0600][74.270s][info][gc,marking     ] GC(388) Concurrent Mark From Roots 91.985ms
[2026-04-03T02:30:16.240+0600][74.271s][info][gc,marking     ] GC(388) Concurrent Preclean
[2026-04-03T02:30:16.241+0600][74.271s][info][gc,marking     ] GC(388) Concurrent Preclean 0.436ms
[2026-04-03T02:30:16.241+0600][74.271s][info][gc,start       ] GC(388) Pause Remark
[2026-04-03T02:30:16.248+0600][74.279s][info][gc             ] GC(388) Pause Remark 292M->292M(777M) 7.325ms
[2026-04-03T02:30:16.248+0600][74.279s][info][gc,cpu         ] GC(388) User=0.06s Sys=0.00s Real=0.00s
[2026-04-03T02:30:16.249+0600][74.279s][info][gc,marking     ] GC(388) Concurrent Mark 100.552ms
[2026-04-03T02:30:16.249+0600][74.279s][info][gc,marking     ] GC(388) Concurrent Rebuild Remembered Sets and Scrub Regions
[2026-04-03T02:30:16.282+0600][74.313s][info][gc,marking     ] GC(388) Concurrent Rebuild Remembered Sets and Scrub Regions 33.675ms
[2026-04-03T02:30:16.283+0600][74.313s][info][gc,start       ] GC(388) Pause Cleanup
[2026-04-03T02:30:16.283+0600][74.314s][info][gc             ] GC(388) Pause Cleanup 334M->334M(777M) 0.418ms
[2026-04-03T02:30:16.283+0600][74.314s][info][gc,cpu         ] GC(388) User=0.00s Sys=0.00s Real=0.00s
[2026-04-03T02:30:16.284+0600][74.314s][info][gc,marking     ] GC(388) Concurrent Clear Claimed Marks
[2026-04-03T02:30:16.284+0600][74.314s][info][gc,marking     ] GC(388) Concurrent Clear Claimed Marks 0.406ms
[2026-04-03T02:30:16.284+0600][74.314s][info][gc,marking     ] GC(388) Concurrent Cleanup for Next Mark
[2026-04-03T02:30:16.286+0600][74.317s][info][gc,marking     ] GC(388) Concurrent Cleanup for Next Mark 2.353ms
[2026-04-03T02:30:16.286+0600][74.317s][info][gc             ] GC(388) Concurrent Mark Cycle 141.390ms
[2026-04-03T02:30:16.753+0600][74.783s][info][gc,start       ] GC(389) Pause Young (Prepare Mixed) (G1 Evacuation Pause)
[2026-04-03T02:30:16.753+0600][74.783s][info][gc,task        ] GC(389) Using 10 workers of 10 for evacuation
[2026-04-03T02:30:16.759+0600][74.789s][info][gc,phases      ] GC(389)   Pre Evacuate Collection Set: 0.39ms
[2026-04-03T02:30:16.759+0600][74.789s][info][gc,phases      ] GC(389)   Merge Heap Roots: 0.27ms
[2026-04-03T02:30:16.759+0600][74.789s][info][gc,phases      ] GC(389)   Evacuate Collection Set: 4.39ms
[2026-04-03T02:30:16.759+0600][74.789s][info][gc,phases      ] GC(389)   Post Evacuate Collection Set: 0.83ms
[2026-04-03T02:30:16.759+0600][74.789s][info][gc,phases      ] GC(389)   Other: 0.13ms
[2026-04-03T02:30:16.759+0600][74.789s][info][gc,heap        ] GC(389) Eden regions: 378->0(428)
[2026-04-03T02:30:16.759+0600][74.789s][info][gc,heap        ] GC(389) Survivor regions: 6->8(59)
[2026-04-03T02:30:16.759+0600][74.789s][info][gc,heap        ] GC(389) Old regions: 90->91
[2026-04-03T02:30:16.759+0600][74.789s][info][gc,heap        ] GC(389) Humongous regions: 307->12
[2026-04-03T02:30:16.759+0600][74.789s][info][gc,metaspace   ] GC(389) Metaspace: 132007K(133440K)->132007K(133440K) NonClass: 115381K(116096K)->115381K(116096K) Class: 16625K(17344K)->16625K(17344K)
[2026-04-03T02:30:16.759+0600][74.790s][info][gc             ] GC(389) Pause Young (Prepare Mixed) (G1 Evacuation Pause) 779M->107M(790M) 6.313ms
[2026-04-03T02:30:16.759+0600][74.790s][info][gc,cpu         ] GC(389) User=0.04s Sys=0.01s Real=0.00s
[2026-04-03T02:30:17.252+0600][75.283s][info][gc,start       ] GC(390) Pause Young (Mixed) (G1 Evacuation Pause)
[2026-04-03T02:30:17.252+0600][75.283s][info][gc,task        ] GC(390) Using 10 workers of 10 for evacuation
[2026-04-03T02:30:17.257+0600][75.287s][info][gc,phases      ] GC(390)   Pre Evacuate Collection Set: 0.31ms
[2026-04-03T02:30:17.257+0600][75.287s][info][gc,phases      ] GC(390)   Merge Heap Roots: 0.26ms
[2026-04-03T02:30:17.257+0600][75.287s][info][gc,phases      ] GC(390)   Evacuate Collection Set: 2.74ms
[2026-04-03T02:30:17.257+0600][75.287s][info][gc,phases      ] GC(390)   Post Evacuate Collection Set: 0.80ms
[2026-04-03T02:30:17.257+0600][75.287s][info][gc,phases      ] GC(390)   Other: 0.10ms
[2026-04-03T02:30:17.257+0600][75.287s][info][gc,heap        ] GC(390) Eden regions: 389->0(478)
[2026-04-03T02:30:17.257+0600][75.287s][info][gc,heap        ] GC(390) Survivor regions: 8->6(55)
[2026-04-03T02:30:17.257+0600][75.287s][info][gc,heap        ] GC(390) Old regions: 91->89
[2026-04-03T02:30:17.257+0600][75.287s][info][gc,heap        ] GC(390) Humongous regions: 319->8
[2026-04-03T02:30:17.257+0600][75.287s][info][gc,metaspace   ] GC(390) Metaspace: 132007K(133440K)->132007K(133440K) NonClass: 115381K(116096K)->115381K(116096K) Class: 16625K(17344K)->16625K(17344K)
[2026-04-03T02:30:17.257+0600][75.287s][info][gc             ] GC(390) Pause Young (Mixed) (G1 Evacuation Pause) 803M->101M(813M) 4.452ms
[2026-04-03T02:30:17.257+0600][75.287s][info][gc,cpu         ] GC(390) User=0.03s Sys=0.01s Real=0.00s
[2026-04-03T02:30:17.282+0600][75.312s][info][gc,start       ] GC(391) Pause Young (Concurrent Start) (GCLocker Initiated GC)
[2026-04-03T02:30:17.282+0600][75.312s][info][gc,task        ] GC(391) Using 10 workers of 10 for evacuation
[2026-04-03T02:30:17.286+0600][75.317s][info][gc,phases      ] GC(391)   Pre Evacuate Collection Set: 0.55ms
[2026-04-03T02:30:17.287+0600][75.317s][info][gc,phases      ] GC(391)   Merge Heap Roots: 0.23ms
[2026-04-03T02:30:17.287+0600][75.317s][info][gc,phases      ] GC(391)   Evacuate Collection Set: 2.91ms
[2026-04-03T02:30:17.287+0600][75.317s][info][gc,phases      ] GC(391)   Post Evacuate Collection Set: 0.89ms
[2026-04-03T02:30:17.287+0600][75.317s][info][gc,phases      ] GC(391)   Other: 0.24ms
[2026-04-03T02:30:17.287+0600][75.317s][info][gc,heap        ] GC(391) Eden regions: 31->0(478)
[2026-04-03T02:30:17.287+0600][75.317s][info][gc,heap        ] GC(391) Survivor regions: 6->9(61)
[2026-04-03T02:30:17.287+0600][75.317s][info][gc,heap        ] GC(391) Old regions: 89->89
[2026-04-03T02:30:17.287+0600][75.317s][info][gc,heap        ] GC(391) Humongous regions: 8->8
[2026-04-03T02:30:17.287+0600][75.317s][info][gc,metaspace   ] GC(391) Metaspace: 132007K(133440K)->132007K(133440K) NonClass: 115381K(116096K)->115381K(116096K) Class: 16625K(17344K)->16625K(17344K)
[2026-04-03T02:30:17.287+0600][75.317s][info][gc             ] GC(391) Pause Young (Concurrent Start) (GCLocker Initiated GC) 132M->104M(813M) 5.234ms
[2026-04-03T02:30:17.287+0600][75.317s][info][gc             ] GC(392) Concurrent Mark Cycle
[2026-04-03T02:30:17.287+0600][75.317s][info][gc,marking     ] GC(392) Concurrent Scan Root Regions
[2026-04-03T02:30:17.287+0600][75.317s][info][gc,cpu         ] GC(391) User=0.04s Sys=0.00s Real=0.00s
[2026-04-03T02:30:17.289+0600][75.320s][info][gc,marking     ] GC(392) Concurrent Scan Root Regions 2.431ms
[2026-04-03T02:30:17.289+0600][75.320s][info][gc,marking     ] GC(392) Concurrent Mark
[2026-04-03T02:30:17.289+0600][75.320s][info][gc,marking     ] GC(392) Concurrent Mark From Roots
[2026-04-03T02:30:17.289+0600][75.320s][info][gc,task        ] GC(392) Using 3 workers of 3 for marking
[2026-04-03T02:30:17.383+0600][75.414s][info][gc,marking     ] GC(392) Concurrent Mark From Roots 93.618ms
[2026-04-03T02:30:17.383+0600][75.414s][info][gc,marking     ] GC(392) Concurrent Preclean
[2026-04-03T02:30:17.384+0600][75.414s][info][gc,marking     ] GC(392) Concurrent Preclean 0.367ms
[2026-04-03T02:30:17.384+0600][75.415s][info][gc,start       ] GC(392) Pause Remark
[2026-04-03T02:30:17.397+0600][75.427s][info][gc             ] GC(392) Pause Remark 189M->189M(510M) 12.464ms
[2026-04-03T02:30:17.397+0600][75.427s][info][gc,cpu         ] GC(392) User=0.08s Sys=0.00s Real=0.01s
[2026-04-03T02:30:17.397+0600][75.428s][info][gc,marking     ] GC(392) Concurrent Mark 107.871ms
[2026-04-03T02:30:17.397+0600][75.428s][info][gc,marking     ] GC(392) Concurrent Rebuild Remembered Sets and Scrub Regions
[2026-04-03T02:30:17.437+0600][75.467s][info][gc,marking     ] GC(392) Concurrent Rebuild Remembered Sets and Scrub Regions 39.474ms
[2026-04-03T02:30:17.437+0600][75.468s][info][gc,start       ] GC(392) Pause Cleanup
[2026-04-03T02:30:17.438+0600][75.468s][info][gc             ] GC(392) Pause Cleanup 211M->211M(510M) 0.379ms
[2026-04-03T02:30:17.438+0600][75.468s][info][gc,cpu         ] GC(392) User=0.00s Sys=0.00s Real=0.00s
[2026-04-03T02:30:17.438+0600][75.468s][info][gc,marking     ] GC(392) Concurrent Clear Claimed Marks
[2026-04-03T02:30:17.439+0600][75.469s][info][gc,marking     ] GC(392) Concurrent Clear Claimed Marks 0.482ms
[2026-04-03T02:30:17.439+0600][75.469s][info][gc,marking     ] GC(392) Concurrent Cleanup for Next Mark
[2026-04-03T02:30:17.439+0600][75.470s][info][gc,marking     ] GC(392) Concurrent Cleanup for Next Mark 0.882ms
[2026-04-03T02:30:17.440+0600][75.470s][info][gc             ] GC(392) Concurrent Mark Cycle 152.668ms
[2026-04-03T02:30:17.805+0600][75.836s][info][gc,start       ] GC(393) Pause Young (Prepare Mixed) (G1 Evacuation Pause)
[2026-04-03T02:30:17.806+0600][75.836s][info][gc,task        ] GC(393) Using 10 workers of 10 for evacuation
[2026-04-03T02:30:17.810+0600][75.840s][info][gc,phases      ] GC(393)   Pre Evacuate Collection Set: 0.30ms
[2026-04-03T02:30:17.810+0600][75.840s][info][gc,phases      ] GC(393)   Merge Heap Roots: 0.23ms
[2026-04-03T02:30:17.810+0600][75.840s][info][gc,phases      ] GC(393)   Evacuate Collection Set: 2.75ms
[2026-04-03T02:30:17.810+0600][75.840s][info][gc,phases      ] GC(393)   Post Evacuate Collection Set: 0.73ms
[2026-04-03T02:30:17.810+0600][75.840s][info][gc,phases      ] GC(393)   Other: 0.10ms
[2026-04-03T02:30:17.810+0600][75.840s][info][gc,heap        ] GC(393) Eden regions: 268->0(302)
[2026-04-03T02:30:17.810+0600][75.840s][info][gc,heap        ] GC(393) Survivor regions: 9->6(39)
[2026-04-03T02:30:17.810+0600][75.840s][info][gc,heap        ] GC(393) Old regions: 89->90
[2026-04-03T02:30:17.810+0600][75.840s][info][gc,heap        ] GC(393) Humongous regions: 144->8
[2026-04-03T02:30:17.810+0600][75.840s][info][gc,metaspace   ] GC(393) Metaspace: 132010K(133440K)->132010K(133440K) NonClass: 115385K(116096K)->115385K(116096K) Class: 16625K(17344K)->16625K(17344K)
[2026-04-03T02:30:17.810+0600][75.840s][info][gc             ] GC(393) Pause Young (Prepare Mixed) (G1 Evacuation Pause) 508M->101M(517M) 4.379ms
[2026-04-03T02:30:17.810+0600][75.840s][info][gc,cpu         ] GC(393) User=0.02s Sys=0.02s Real=0.01s
[2026-04-03T02:30:18.082+0600][76.112s][info][gc,start       ] GC(394) Pause Young (Mixed) (GCLocker Initiated GC)
[2026-04-03T02:30:18.082+0600][76.112s][info][gc,task        ] GC(394) Using 10 workers of 10 for evacuation
[2026-04-03T02:30:18.087+0600][76.118s][info][gc,phases      ] GC(394)   Pre Evacuate Collection Set: 0.41ms
[2026-04-03T02:30:18.087+0600][76.118s][info][gc,phases      ] GC(394)   Merge Heap Roots: 0.29ms
[2026-04-03T02:30:18.087+0600][76.118s][info][gc,phases      ] GC(394)   Evacuate Collection Set: 4.14ms
[2026-04-03T02:30:18.087+0600][76.118s][info][gc,phases      ] GC(394)   Post Evacuate Collection Set: 0.70ms
[2026-04-03T02:30:18.087+0600][76.118s][info][gc,phases      ] GC(394)   Other: 0.14ms
[2026-04-03T02:30:18.088+0600][76.118s][info][gc,heap        ] GC(394) Eden regions: 239->0(308)
[2026-04-03T02:30:18.088+0600][76.118s][info][gc,heap        ] GC(394) Survivor regions: 6->7(39)
[2026-04-03T02:30:18.088+0600][76.118s][info][gc,heap        ] GC(394) Old regions: 90->89
[2026-04-03T02:30:18.088+0600][76.118s][info][gc,heap        ] GC(394) Humongous regions: 182->8
[2026-04-03T02:30:18.088+0600][76.118s][info][gc,metaspace   ] GC(394) Metaspace: 132011K(133440K)->132011K(133440K) NonClass: 115385K(116096K)->115385K(116096K) Class: 16625K(17344K)->16625K(17344K)
[2026-04-03T02:30:18.088+0600][76.118s][info][gc             ] GC(394) Pause Young (Mixed) (GCLocker Initiated GC) 514M->101M(525M) 5.974ms
[2026-04-03T02:30:18.088+0600][76.118s][info][gc,cpu         ] GC(394) User=0.03s Sys=0.01s Real=0.00s
[2026-04-03T02:30:18.089+0600][76.120s][info][gc,start       ] GC(395) Pause Young (Concurrent Start) (G1 Humongous Allocation)
[2026-04-03T02:30:18.089+0600][76.120s][info][gc,task        ] GC(395) Using 10 workers of 10 for evacuation
[2026-04-03T02:30:18.092+0600][76.123s][info][gc,phases      ] GC(395)   Pre Evacuate Collection Set: 0.33ms
[2026-04-03T02:30:18.092+0600][76.123s][info][gc,phases      ] GC(395)   Merge Heap Roots: 0.09ms
[2026-04-03T02:30:18.092+0600][76.123s][info][gc,phases      ] GC(395)   Evacuate Collection Set: 1.93ms
[2026-04-03T02:30:18.092+0600][76.123s][info][gc,phases      ] GC(395)   Post Evacuate Collection Set: 0.65ms
[2026-04-03T02:30:18.092+0600][76.123s][info][gc,phases      ] GC(395)   Other: 0.11ms
[2026-04-03T02:30:18.092+0600][76.123s][info][gc,heap        ] GC(395) Eden regions: 4->0(309)
[2026-04-03T02:30:18.092+0600][76.123s][info][gc,heap        ] GC(395) Survivor regions: 7->6(40)
[2026-04-03T02:30:18.092+0600][76.123s][info][gc,heap        ] GC(395) Old regions: 89->89
[2026-04-03T02:30:18.092+0600][76.123s][info][gc,heap        ] GC(395) Humongous regions: 8->8
[2026-04-03T02:30:18.092+0600][76.123s][info][gc,metaspace   ] GC(395) Metaspace: 132011K(133440K)->132011K(133440K) NonClass: 115385K(116096K)->115385K(116096K) Class: 16625K(17344K)->16625K(17344K)
[2026-04-03T02:30:18.092+0600][76.123s][info][gc             ] GC(395) Pause Young (Concurrent Start) (G1 Humongous Allocation) 104M->100M(525M) 3.382ms
[2026-04-03T02:30:18.093+0600][76.123s][info][gc             ] GC(396) Concurrent Mark Cycle
[2026-04-03T02:30:18.093+0600][76.123s][info][gc,cpu         ] GC(395) User=0.02s Sys=0.00s Real=0.01s
[2026-04-03T02:30:18.093+0600][76.123s][info][gc,marking     ] GC(396) Concurrent Scan Root Regions
[2026-04-03T02:30:18.095+0600][76.125s][info][gc,marking     ] GC(396) Concurrent Scan Root Regions 1.868ms
[2026-04-03T02:30:18.095+0600][76.125s][info][gc,marking     ] GC(396) Concurrent Mark
[2026-04-03T02:30:18.095+0600][76.125s][info][gc,marking     ] GC(396) Concurrent Mark From Roots
[2026-04-03T02:30:18.095+0600][76.125s][info][gc,task        ] GC(396) Using 3 workers of 3 for marking
[2026-04-03T02:30:18.198+0600][76.229s][info][gc,marking     ] GC(396) Concurrent Mark From Roots 103.783ms
[2026-04-03T02:30:18.199+0600][76.229s][info][gc,marking     ] GC(396) Concurrent Preclean
[2026-04-03T02:30:18.199+0600][76.230s][info][gc,marking     ] GC(396) Concurrent Preclean 0.640ms
[2026-04-03T02:30:18.200+0600][76.230s][info][gc,start       ] GC(396) Pause Remark
[2026-04-03T02:30:18.209+0600][76.240s][info][gc             ] GC(396) Pause Remark 218M->218M(525M) 9.549ms
[2026-04-03T02:30:18.209+0600][76.240s][info][gc,cpu         ] GC(396) User=0.08s Sys=0.00s Real=0.01s
[2026-04-03T02:30:18.210+0600][76.240s][info][gc,marking     ] GC(396) Concurrent Mark 114.866ms
[2026-04-03T02:30:18.210+0600][76.240s][info][gc,marking     ] GC(396) Concurrent Rebuild Remembered Sets and Scrub Regions
[2026-04-03T02:30:18.252+0600][76.283s][info][gc,marking     ] GC(396) Concurrent Rebuild Remembered Sets and Scrub Regions 42.677ms
[2026-04-03T02:30:18.253+0600][76.283s][info][gc,start       ] GC(396) Pause Cleanup
[2026-04-03T02:30:18.253+0600][76.284s][info][gc             ] GC(396) Pause Cleanup 256M->256M(525M) 0.351ms
[2026-04-03T02:30:18.253+0600][76.284s][info][gc,cpu         ] GC(396) User=0.00s Sys=0.00s Real=0.00s
[2026-04-03T02:30:18.253+0600][76.284s][info][gc,marking     ] GC(396) Concurrent Clear Claimed Marks
[2026-04-03T02:30:18.254+0600][76.284s][info][gc,marking     ] GC(396) Concurrent Clear Claimed Marks 0.455ms
[2026-04-03T02:30:18.254+0600][76.284s][info][gc,marking     ] GC(396) Concurrent Cleanup for Next Mark
[2026-04-03T02:30:18.255+0600][76.285s][info][gc,marking     ] GC(396) Concurrent Cleanup for Next Mark 0.958ms
[2026-04-03T02:30:18.255+0600][76.285s][info][gc             ] GC(396) Concurrent Mark Cycle 162.330ms
[2026-04-03T02:30:18.439+0600][76.470s][info][gc,start       ] GC(397) Pause Young (Prepare Mixed) (G1 Evacuation Pause)
[2026-04-03T02:30:18.439+0600][76.470s][info][gc,task        ] GC(397) Using 10 workers of 10 for evacuation
[2026-04-03T02:30:18.445+0600][76.475s][info][gc,phases      ] GC(397)   Pre Evacuate Collection Set: 0.26ms
[2026-04-03T02:30:18.445+0600][76.475s][info][gc,phases      ] GC(397)   Merge Heap Roots: 0.23ms
[2026-04-03T02:30:18.445+0600][76.475s][info][gc,phases      ] GC(397)   Evacuate Collection Set: 4.09ms
[2026-04-03T02:30:18.445+0600][76.475s][info][gc,phases      ] GC(397)   Post Evacuate Collection Set: 0.74ms
[2026-04-03T02:30:18.445+0600][76.475s][info][gc,phases      ] GC(397)   Other: 0.11ms
[2026-04-03T02:30:18.445+0600][76.475s][info][gc,heap        ] GC(397) Eden regions: 239->0(312)
[2026-04-03T02:30:18.445+0600][76.475s][info][gc,heap        ] GC(397) Survivor regions: 6->7(40)
[2026-04-03T02:30:18.445+0600][76.475s][info][gc,heap        ] GC(397) Old regions: 89->89
[2026-04-03T02:30:18.445+0600][76.475s][info][gc,heap        ] GC(397) Humongous regions: 191->8
[2026-04-03T02:30:18.445+0600][76.475s][info][gc,metaspace   ] GC(397) Metaspace: 132011K(133440K)->132011K(133440K) NonClass: 115385K(116096K)->115385K(116096K) Class: 16625K(17344K)->16625K(17344K)
[2026-04-03T02:30:18.445+0600][76.475s][info][gc             ] GC(397) Pause Young (Prepare Mixed) (G1 Evacuation Pause) 522M->101M(532M) 5.714ms
[2026-04-03T02:30:18.445+0600][76.476s][info][gc,cpu         ] GC(397) User=0.04s Sys=0.01s Real=0.01s
[2026-04-03T02:30:18.765+0600][76.796s][info][gc,start       ] GC(398) Pause Young (Mixed) (G1 Evacuation Pause)
[2026-04-03T02:30:18.765+0600][76.796s][info][gc,task        ] GC(398) Using 10 workers of 10 for evacuation
[2026-04-03T02:30:18.772+0600][76.803s][info][gc,phases      ] GC(398)   Pre Evacuate Collection Set: 1.03ms
[2026-04-03T02:30:18.772+0600][76.803s][info][gc,phases      ] GC(398)   Merge Heap Roots: 0.28ms
[2026-04-03T02:30:18.772+0600][76.803s][info][gc,phases      ] GC(398)   Evacuate Collection Set: 3.99ms
[2026-04-03T02:30:18.772+0600][76.803s][info][gc,phases      ] GC(398)   Post Evacuate Collection Set: 1.23ms
[2026-04-03T02:30:18.772+0600][76.803s][info][gc,phases      ] GC(398)   Other: 0.14ms
[2026-04-03T02:30:18.772+0600][76.803s][info][gc,heap        ] GC(398) Eden regions: 312->0(310)
[2026-04-03T02:30:18.772+0600][76.803s][info][gc,heap        ] GC(398) Survivor regions: 7->9(40)
[2026-04-03T02:30:18.772+0600][76.803s][info][gc,heap        ] GC(398) Old regions: 89->88
[2026-04-03T02:30:18.772+0600][76.803s][info][gc,heap        ] GC(398) Humongous regions: 112->8
[2026-04-03T02:30:18.772+0600][76.803s][info][gc,metaspace   ] GC(398) Metaspace: 132013K(133440K)->132013K(133440K) NonClass: 115387K(116096K)->115387K(116096K) Class: 16625K(17344K)->16625K(17344K)
[2026-04-03T02:30:18.772+0600][76.803s][info][gc             ] GC(398) Pause Young (Mixed) (G1 Evacuation Pause) 517M->103M(532M) 7.050ms
[2026-04-03T02:30:18.772+0600][76.803s][info][gc,cpu         ] GC(398) User=0.04s Sys=0.01s Real=0.01s
[2026-04-03T02:30:18.773+0600][76.804s][info][gc,start       ] GC(399) Pause Young (Concurrent Start) (G1 Humongous Allocation)
[2026-04-03T02:30:18.773+0600][76.804s][info][gc,task        ] GC(399) Using 10 workers of 10 for evacuation
[2026-04-03T02:30:18.778+0600][76.808s][info][gc,phases      ] GC(399)   Pre Evacuate Collection Set: 0.40ms
[2026-04-03T02:30:18.778+0600][76.808s][info][gc,phases      ] GC(399)   Merge Heap Roots: 0.10ms
[2026-04-03T02:30:18.778+0600][76.808s][info][gc,phases      ] GC(399)   Evacuate Collection Set: 2.67ms
[2026-04-03T02:30:18.778+0600][76.808s][info][gc,phases      ] GC(399)   Post Evacuate Collection Set: 0.91ms
[2026-04-03T02:30:18.778+0600][76.808s][info][gc,phases      ] GC(399)   Other: 0.12ms
[2026-04-03T02:30:18.778+0600][76.808s][info][gc,heap        ] GC(399) Eden regions: 3->0(311)
[2026-04-03T02:30:18.778+0600][76.808s][info][gc,heap        ] GC(399) Survivor regions: 9->8(40)
[2026-04-03T02:30:18.778+0600][76.808s][info][gc,heap        ] GC(399) Old regions: 88->88
[2026-04-03T02:30:18.778+0600][76.808s][info][gc,heap        ] GC(399) Humongous regions: 8->8
[2026-04-03T02:30:18.778+0600][76.808s][info][gc,metaspace   ] GC(399) Metaspace: 132013K(133440K)->132013K(133440K) NonClass: 115387K(116096K)->115387K(116096K) Class: 16625K(17344K)->16625K(17344K)
[2026-04-03T02:30:18.778+0600][76.808s][info][gc             ] GC(399) Pause Young (Concurrent Start) (G1 Humongous Allocation) 105M->102M(532M) 4.584ms
[2026-04-03T02:30:18.778+0600][76.809s][info][gc,cpu         ] GC(399) User=0.03s Sys=0.00s Real=0.00s
[2026-04-03T02:30:18.778+0600][76.809s][info][gc             ] GC(400) Concurrent Mark Cycle
[2026-04-03T02:30:18.778+0600][76.809s][info][gc,marking     ] GC(400) Concurrent Scan Root Regions
[2026-04-03T02:30:18.781+0600][76.811s][info][gc,marking     ] GC(400) Concurrent Scan Root Regions 2.651ms
[2026-04-03T02:30:18.781+0600][76.811s][info][gc,marking     ] GC(400) Concurrent Mark
[2026-04-03T02:30:18.781+0600][76.811s][info][gc,marking     ] GC(400) Concurrent Mark From Roots
[2026-04-03T02:30:18.781+0600][76.811s][info][gc,task        ] GC(400) Using 3 workers of 3 for marking
[2026-04-03T02:30:18.859+0600][76.890s][info][gc,marking     ] GC(400) Concurrent Mark From Roots 78.144ms
[2026-04-03T02:30:18.859+0600][76.890s][info][gc,marking     ] GC(400) Concurrent Preclean
[2026-04-03T02:30:18.859+0600][76.890s][info][gc,marking     ] GC(400) Concurrent Preclean 0.196ms
[2026-04-03T02:30:18.860+0600][76.890s][info][gc,start       ] GC(400) Pause Remark
[2026-04-03T02:30:18.868+0600][76.898s][info][gc             ] GC(400) Pause Remark 168M->168M(440M) 8.051ms
[2026-04-03T02:30:18.868+0600][76.898s][info][gc,cpu         ] GC(400) User=0.06s Sys=0.01s Real=0.00s
[2026-04-03T02:30:18.868+0600][76.899s][info][gc,marking     ] GC(400) Concurrent Mark 87.150ms
[2026-04-03T02:30:18.868+0600][76.899s][info][gc,marking     ] GC(400) Concurrent Rebuild Remembered Sets and Scrub Regions
[2026-04-03T02:30:18.895+0600][76.925s][info][gc,marking     ] GC(400) Concurrent Rebuild Remembered Sets and Scrub Regions 26.702ms
[2026-04-03T02:30:18.895+0600][76.926s][info][gc,start       ] GC(400) Pause Cleanup
[2026-04-03T02:30:18.895+0600][76.926s][info][gc             ] GC(400) Pause Cleanup 177M->177M(440M) 0.245ms
[2026-04-03T02:30:18.896+0600][76.926s][info][gc,cpu         ] GC(400) User=0.00s Sys=0.00s Real=0.00s
[2026-04-03T02:30:18.896+0600][76.926s][info][gc,marking     ] GC(400) Concurrent Clear Claimed Marks
[2026-04-03T02:30:18.896+0600][76.926s][info][gc,marking     ] GC(400) Concurrent Clear Claimed Marks 0.298ms
[2026-04-03T02:30:18.896+0600][76.926s][info][gc,marking     ] GC(400) Concurrent Cleanup for Next Mark
[2026-04-03T02:30:18.896+0600][76.927s][info][gc,marking     ] GC(400) Concurrent Cleanup for Next Mark 0.479ms
[2026-04-03T02:30:18.896+0600][76.927s][info][gc             ] GC(400) Concurrent Mark Cycle 118.282ms
[2026-04-03T02:30:18.956+0600][76.986s][info][gc,start       ] GC(401) Pause Young (Prepare Mixed) (G1 Evacuation Pause)
[2026-04-03T02:30:18.956+0600][76.986s][info][gc,task        ] GC(401) Using 10 workers of 10 for evacuation
[2026-04-03T02:30:18.960+0600][76.991s][info][gc,phases      ] GC(401)   Pre Evacuate Collection Set: 0.31ms
[2026-04-03T02:30:18.960+0600][76.991s][info][gc,phases      ] GC(401)   Merge Heap Roots: 0.15ms
[2026-04-03T02:30:18.960+0600][76.991s][info][gc,phases      ] GC(401)   Evacuate Collection Set: 3.07ms
[2026-04-03T02:30:18.960+0600][76.991s][info][gc,phases      ] GC(401)   Post Evacuate Collection Set: 0.62ms
[2026-04-03T02:30:18.960+0600][76.991s][info][gc,phases      ] GC(401)   Other: 0.09ms
[2026-04-03T02:30:18.960+0600][76.991s][info][gc,heap        ] GC(401) Eden regions: 93->0(318)
[2026-04-03T02:30:18.960+0600][76.991s][info][gc,heap        ] GC(401) Survivor regions: 8->7(33)
[2026-04-03T02:30:18.960+0600][76.991s][info][gc,heap        ] GC(401) Old regions: 88->89
[2026-04-03T02:30:18.960+0600][76.991s][info][gc,heap        ] GC(401) Humongous regions: 346->13
[2026-04-03T02:30:18.960+0600][76.991s][info][gc,metaspace   ] GC(401) Metaspace: 132018K(133440K)->132018K(133440K) NonClass: 115392K(116096K)->115392K(116096K) Class: 16625K(17344K)->16625K(17344K)
[2026-04-03T02:30:18.960+0600][76.991s][info][gc             ] GC(401) Pause Young (Prepare Mixed) (G1 Evacuation Pause) 533M->106M(543M) 4.486ms
[2026-04-03T02:30:18.960+0600][76.991s][info][gc,cpu         ] GC(401) User=0.02s Sys=0.01s Real=0.01s
[2026-04-03T02:30:19.058+0600][77.089s][info][gc,start       ] GC(402) Pause Young (Mixed) (G1 Evacuation Pause)
[2026-04-03T02:30:19.058+0600][77.089s][info][gc,task        ] GC(402) Using 10 workers of 10 for evacuation
[2026-04-03T02:30:19.062+0600][77.092s][info][gc,phases      ] GC(402)   Pre Evacuate Collection Set: 0.36ms
[2026-04-03T02:30:19.062+0600][77.093s][info][gc,phases      ] GC(402)   Merge Heap Roots: 0.17ms
[2026-04-03T02:30:19.062+0600][77.093s][info][gc,phases      ] GC(402)   Evacuate Collection Set: 2.33ms
[2026-04-03T02:30:19.062+0600][77.093s][info][gc,phases      ] GC(402)   Post Evacuate Collection Set: 0.71ms
[2026-04-03T02:30:19.062+0600][77.093s][info][gc,phases      ] GC(402)   Other: 0.09ms
[2026-04-03T02:30:19.062+0600][77.093s][info][gc,heap        ] GC(402) Eden regions: 63->0(340)
[2026-04-03T02:30:19.062+0600][77.093s][info][gc,heap        ] GC(402) Survivor regions: 7->4(41)
[2026-04-03T02:30:19.062+0600][77.093s][info][gc,heap        ] GC(402) Old regions: 89->89
[2026-04-03T02:30:19.062+0600][77.093s][info][gc,heap        ] GC(402) Humongous regions: 410->8
[2026-04-03T02:30:19.062+0600][77.093s][info][gc,metaspace   ] GC(402) Metaspace: 132018K(133440K)->132018K(133440K) NonClass: 115392K(116096K)->115392K(116096K) Class: 16625K(17344K)->16625K(17344K)
[2026-04-03T02:30:19.062+0600][77.093s][info][gc             ] GC(402) Pause Young (Mixed) (G1 Evacuation Pause) 566M->98M(574M) 3.918ms
[2026-04-03T02:30:19.062+0600][77.093s][info][gc,cpu         ] GC(402) User=0.01s Sys=0.00s Real=0.01s
[2026-04-03T02:30:19.075+0600][77.106s][info][gc,start       ] GC(403) Pause Young (Concurrent Start) (G1 Humongous Allocation)
[2026-04-03T02:30:19.076+0600][77.106s][info][gc,task        ] GC(403) Using 10 workers of 10 for evacuation
[2026-04-03T02:30:19.079+0600][77.109s][info][gc,phases      ] GC(403)   Pre Evacuate Collection Set: 0.41ms
[2026-04-03T02:30:19.079+0600][77.109s][info][gc,phases      ] GC(403)   Merge Heap Roots: 0.12ms
[2026-04-03T02:30:19.079+0600][77.109s][info][gc,phases      ] GC(403)   Evacuate Collection Set: 2.02ms
[2026-04-03T02:30:19.079+0600][77.109s][info][gc,phases      ] GC(403)   Post Evacuate Collection Set: 0.65ms
[2026-04-03T02:30:19.079+0600][77.109s][info][gc,phases      ] GC(403)   Other: 0.17ms
[2026-04-03T02:30:19.079+0600][77.110s][info][gc,heap        ] GC(403) Eden regions: 35->0(339)
[2026-04-03T02:30:19.079+0600][77.110s][info][gc,heap        ] GC(403) Survivor regions: 4->5(43)
[2026-04-03T02:30:19.079+0600][77.110s][info][gc,heap        ] GC(403) Old regions: 89->89
[2026-04-03T02:30:19.079+0600][77.110s][info][gc,heap        ] GC(403) Humongous regions: 8->8
[2026-04-03T02:30:19.079+0600][77.110s][info][gc,metaspace   ] GC(403) Metaspace: 132018K(133440K)->132018K(133440K) NonClass: 115392K(116096K)->115392K(116096K) Class: 16625K(17344K)->16625K(17344K)
[2026-04-03T02:30:19.079+0600][77.110s][info][gc             ] GC(403) Pause Young (Concurrent Start) (G1 Humongous Allocation) 132M->99M(574M) 3.701ms
[2026-04-03T02:30:19.079+0600][77.110s][info][gc             ] GC(404) Concurrent Mark Cycle
[2026-04-03T02:30:19.079+0600][77.110s][info][gc,marking     ] GC(404) Concurrent Scan Root Regions
[2026-04-03T02:30:19.079+0600][77.110s][info][gc,cpu         ] GC(403) User=0.02s Sys=0.00s Real=0.00s
[2026-04-03T02:30:19.082+0600][77.113s][info][gc,marking     ] GC(404) Concurrent Scan Root Regions 3.086ms
[2026-04-03T02:30:19.082+0600][77.113s][info][gc,marking     ] GC(404) Concurrent Mark
[2026-04-03T02:30:19.082+0600][77.113s][info][gc,marking     ] GC(404) Concurrent Mark From Roots
[2026-04-03T02:30:19.082+0600][77.113s][info][gc,task        ] GC(404) Using 3 workers of 3 for marking
[2026-04-03T02:30:19.160+0600][77.191s][info][gc,marking     ] GC(404) Concurrent Mark From Roots 77.847ms
[2026-04-03T02:30:19.160+0600][77.191s][info][gc,marking     ] GC(404) Concurrent Preclean
[2026-04-03T02:30:19.161+0600][77.191s][info][gc,marking     ] GC(404) Concurrent Preclean 0.313ms
[2026-04-03T02:30:19.161+0600][77.192s][info][gc,start       ] GC(404) Pause Remark
[2026-04-03T02:30:19.170+0600][77.201s][info][gc             ] GC(404) Pause Remark 188M->188M(480M) 8.879ms
[2026-04-03T02:30:19.170+0600][77.201s][info][gc,cpu         ] GC(404) User=0.06s Sys=0.00s Real=0.01s
[2026-04-03T02:30:19.170+0600][77.201s][info][gc,marking     ] GC(404) Concurrent Mark 87.921ms
[2026-04-03T02:30:19.170+0600][77.201s][info][gc,marking     ] GC(404) Concurrent Rebuild Remembered Sets and Scrub Regions
[2026-04-03T02:30:19.203+0600][77.233s][info][gc,marking     ] GC(404) Concurrent Rebuild Remembered Sets and Scrub Regions 32.444ms
[2026-04-03T02:30:19.203+0600][77.234s][info][gc,start       ] GC(404) Pause Cleanup
[2026-04-03T02:30:19.204+0600][77.234s][info][gc             ] GC(404) Pause Cleanup 212M->212M(480M) 0.301ms
[2026-04-03T02:30:19.204+0600][77.234s][info][gc,cpu         ] GC(404) User=0.00s Sys=0.00s Real=0.00s
[2026-04-03T02:30:19.204+0600][77.234s][info][gc,marking     ] GC(404) Concurrent Clear Claimed Marks
[2026-04-03T02:30:19.204+0600][77.234s][info][gc,marking     ] GC(404) Concurrent Clear Claimed Marks 0.368ms
[2026-04-03T02:30:19.204+0600][77.234s][info][gc,marking     ] GC(404) Concurrent Cleanup for Next Mark
[2026-04-03T02:30:19.205+0600][77.235s][info][gc,marking     ] GC(404) Concurrent Cleanup for Next Mark 0.985ms
[2026-04-03T02:30:19.205+0600][77.236s][info][gc             ] GC(404) Concurrent Mark Cycle 125.931ms
[2026-04-03T02:30:19.548+0600][77.578s][info][gc,start       ] GC(405) Pause Young (Prepare Mixed) (G1 Evacuation Pause)
[2026-04-03T02:30:19.548+0600][77.578s][info][gc,task        ] GC(405) Using 10 workers of 10 for evacuation
[2026-04-03T02:30:19.553+0600][77.583s][info][gc,phases      ] GC(405)   Pre Evacuate Collection Set: 0.41ms
[2026-04-03T02:30:19.553+0600][77.583s][info][gc,phases      ] GC(405)   Merge Heap Roots: 0.26ms
[2026-04-03T02:30:19.553+0600][77.583s][info][gc,phases      ] GC(405)   Evacuate Collection Set: 3.46ms
[2026-04-03T02:30:19.553+0600][77.583s][info][gc,phases      ] GC(405)   Post Evacuate Collection Set: 0.69ms
[2026-04-03T02:30:19.553+0600][77.583s][info][gc,phases      ] GC(405)   Other: 0.14ms
[2026-04-03T02:30:19.553+0600][77.583s][info][gc,heap        ] GC(405) Eden regions: 261->0(291)
[2026-04-03T02:30:19.553+0600][77.583s][info][gc,heap        ] GC(405) Survivor regions: 5->6(36)
[2026-04-03T02:30:19.553+0600][77.583s][info][gc,heap        ] GC(405) Old regions: 89->89
[2026-04-03T02:30:19.553+0600][77.583s][info][gc,heap        ] GC(405) Humongous regions: 135->10
[2026-04-03T02:30:19.553+0600][77.583s][info][gc,metaspace   ] GC(405) Metaspace: 132021K(133440K)->132021K(133440K) NonClass: 115395K(116096K)->115395K(116096K) Class: 16625K(17344K)->16625K(17344K)
[2026-04-03T02:30:19.553+0600][77.583s][info][gc             ] GC(405) Pause Young (Prepare Mixed) (G1 Evacuation Pause) 487M->102M(496M) 5.319ms
[2026-04-03T02:30:19.553+0600][77.583s][info][gc,cpu         ] GC(405) User=0.03s Sys=0.01s Real=0.01s
[2026-04-03T02:30:19.796+0600][77.827s][info][gc,start       ] GC(406) Pause Young (Mixed) (G1 Evacuation Pause)
[2026-04-03T02:30:19.796+0600][77.827s][info][gc,task        ] GC(406) Using 10 workers of 10 for evacuation
[2026-04-03T02:30:19.801+0600][77.832s][info][gc,phases      ] GC(406)   Pre Evacuate Collection Set: 0.33ms
[2026-04-03T02:30:19.801+0600][77.832s][info][gc,phases      ] GC(406)   Merge Heap Roots: 0.18ms
[2026-04-03T02:30:19.801+0600][77.832s][info][gc,phases      ] GC(406)   Evacuate Collection Set: 3.89ms
[2026-04-03T02:30:19.801+0600][77.832s][info][gc,phases      ] GC(406)   Post Evacuate Collection Set: 0.66ms
[2026-04-03T02:30:19.801+0600][77.832s][info][gc,phases      ] GC(406)   Other: 0.11ms
[2026-04-03T02:30:19.801+0600][77.832s][info][gc,heap        ] GC(406) Eden regions: 214->0(295)
[2026-04-03T02:30:19.801+0600][77.832s][info][gc,heap        ] GC(406) Survivor regions: 6->7(38)
[2026-04-03T02:30:19.801+0600][77.832s][info][gc,heap        ] GC(406) Old regions: 89->89
[2026-04-03T02:30:19.802+0600][77.832s][info][gc,heap        ] GC(406) Humongous regions: 187->8
[2026-04-03T02:30:19.802+0600][77.832s][info][gc,metaspace   ] GC(406) Metaspace: 132021K(133440K)->132021K(133440K) NonClass: 115395K(116096K)->115395K(116096K) Class: 16625K(17344K)->16625K(17344K)
[2026-04-03T02:30:19.802+0600][77.832s][info][gc             ] GC(406) Pause Young (Mixed) (G1 Evacuation Pause) 493M->101M(504M) 5.437ms
[2026-04-03T02:30:19.802+0600][77.832s][info][gc,cpu         ] GC(406) User=0.03s Sys=0.01s Real=0.01s
[2026-04-03T02:30:19.813+0600][77.844s][info][gc,start       ] GC(407) Pause Young (Concurrent Start) (G1 Humongous Allocation)
[2026-04-03T02:30:19.814+0600][77.844s][info][gc,task        ] GC(407) Using 10 workers of 10 for evacuation
[2026-04-03T02:30:19.818+0600][77.849s][info][gc,phases      ] GC(407)   Pre Evacuate Collection Set: 0.60ms
[2026-04-03T02:30:19.818+0600][77.849s][info][gc,phases      ] GC(407)   Merge Heap Roots: 0.13ms
[2026-04-03T02:30:19.818+0600][77.849s][info][gc,phases      ] GC(407)   Evacuate Collection Set: 2.99ms
[2026-04-03T02:30:19.818+0600][77.849s][info][gc,phases      ] GC(407)   Post Evacuate Collection Set: 0.58ms
[2026-04-03T02:30:19.818+0600][77.849s][info][gc,phases      ] GC(407)   Other: 0.17ms
[2026-04-03T02:30:19.818+0600][77.849s][info][gc,heap        ] GC(407) Eden regions: 12->0(294)
[2026-04-03T02:30:19.818+0600][77.849s][info][gc,heap        ] GC(407) Survivor regions: 7->8(38)
[2026-04-03T02:30:19.818+0600][77.849s][info][gc,heap        ] GC(407) Old regions: 89->89
[2026-04-03T02:30:19.818+0600][77.849s][info][gc,heap        ] GC(407) Humongous regions: 8->8
[2026-04-03T02:30:19.818+0600][77.849s][info][gc,metaspace   ] GC(407) Metaspace: 132021K(133440K)->132021K(133440K) NonClass: 115395K(116096K)->115395K(116096K) Class: 16625K(17344K)->16625K(17344K)
[2026-04-03T02:30:19.818+0600][77.849s][info][gc             ] GC(407) Pause Young (Concurrent Start) (G1 Humongous Allocation) 113M->102M(504M) 4.768ms
[2026-04-03T02:30:19.818+0600][77.849s][info][gc,cpu         ] GC(407) User=0.04s Sys=0.00s Real=0.00s
[2026-04-03T02:30:19.818+0600][77.849s][info][gc             ] GC(408) Concurrent Mark Cycle
[2026-04-03T02:30:19.819+0600][77.849s][info][gc,marking     ] GC(408) Concurrent Scan Root Regions
[2026-04-03T02:30:19.821+0600][77.852s][info][gc,marking     ] GC(408) Concurrent Scan Root Regions 2.761ms
[2026-04-03T02:30:19.821+0600][77.852s][info][gc,marking     ] GC(408) Concurrent Mark
[2026-04-03T02:30:19.821+0600][77.852s][info][gc,marking     ] GC(408) Concurrent Mark From Roots
[2026-04-03T02:30:19.821+0600][77.852s][info][gc,task        ] GC(408) Using 3 workers of 3 for marking
[2026-04-03T02:30:19.918+0600][77.948s][info][gc,marking     ] GC(408) Concurrent Mark From Roots 96.538ms
[2026-04-03T02:30:19.918+0600][77.948s][info][gc,marking     ] GC(408) Concurrent Preclean
[2026-04-03T02:30:19.918+0600][77.949s][info][gc,marking     ] GC(408) Concurrent Preclean 0.215ms
[2026-04-03T02:30:19.919+0600][77.949s][info][gc,start       ] GC(408) Pause Remark
[2026-04-03T02:30:19.928+0600][77.958s][info][gc             ] GC(408) Pause Remark 231M->231M(504M) 9.011ms
[2026-04-03T02:30:19.928+0600][77.958s][info][gc,cpu         ] GC(408) User=0.07s Sys=0.00s Real=0.01s
[2026-04-03T02:30:19.928+0600][77.958s][info][gc,marking     ] GC(408) Concurrent Mark 106.624ms
[2026-04-03T02:30:19.928+0600][77.959s][info][gc,marking     ] GC(408) Concurrent Rebuild Remembered Sets and Scrub Regions
[2026-04-03T02:30:19.965+0600][77.995s][info][gc,marking     ] GC(408) Concurrent Rebuild Remembered Sets and Scrub Regions 36.479ms
[2026-04-03T02:30:19.965+0600][77.995s][info][gc,start       ] GC(408) Pause Cleanup
[2026-04-03T02:30:19.965+0600][77.996s][info][gc             ] GC(408) Pause Cleanup 278M->278M(504M) 0.411ms
[2026-04-03T02:30:19.966+0600][77.996s][info][gc,cpu         ] GC(408) User=0.00s Sys=0.00s Real=0.00s
[2026-04-03T02:30:19.966+0600][77.996s][info][gc,marking     ] GC(408) Concurrent Clear Claimed Marks
[2026-04-03T02:30:19.966+0600][77.996s][info][gc,marking     ] GC(408) Concurrent Clear Claimed Marks 0.383ms
[2026-04-03T02:30:19.966+0600][77.996s][info][gc,marking     ] GC(408) Concurrent Cleanup for Next Mark
[2026-04-03T02:30:19.967+0600][77.997s][info][gc,marking     ] GC(408) Concurrent Cleanup for Next Mark 0.952ms
[2026-04-03T02:30:19.967+0600][77.998s][info][gc             ] GC(408) Concurrent Mark Cycle 148.636ms
[2026-04-03T02:30:20.119+0600][78.149s][info][gc,start       ] GC(409) Pause Young (Prepare Mixed) (G1 Evacuation Pause)
[2026-04-03T02:30:20.119+0600][78.149s][info][gc,task        ] GC(409) Using 10 workers of 10 for evacuation
[2026-04-03T02:30:20.123+0600][78.154s][info][gc,phases      ] GC(409)   Pre Evacuate Collection Set: 0.46ms
[2026-04-03T02:30:20.123+0600][78.154s][info][gc,phases      ] GC(409)   Merge Heap Roots: 0.19ms
[2026-04-03T02:30:20.123+0600][78.154s][info][gc,phases      ] GC(409)   Evacuate Collection Set: 2.73ms
[2026-04-03T02:30:20.123+0600][78.154s][info][gc,phases      ] GC(409)   Post Evacuate Collection Set: 0.95ms
[2026-04-03T02:30:20.123+0600][78.154s][info][gc,phases      ] GC(409)   Other: 0.13ms
[2026-04-03T02:30:20.123+0600][78.154s][info][gc,heap        ] GC(409) Eden regions: 227->0(307)
[2026-04-03T02:30:20.123+0600][78.154s][info][gc,heap        ] GC(409) Survivor regions: 8->6(38)
[2026-04-03T02:30:20.123+0600][78.154s][info][gc,heap        ] GC(409) Old regions: 89->89
[2026-04-03T02:30:20.123+0600][78.154s][info][gc,heap        ] GC(409) Humongous regions: 192->8
[2026-04-03T02:30:20.123+0600][78.154s][info][gc,metaspace   ] GC(409) Metaspace: 132022K(133440K)->132022K(133440K) NonClass: 115396K(116096K)->115396K(116096K) Class: 16625K(17344K)->16625K(17344K)
[2026-04-03T02:30:20.123+0600][78.154s][info][gc             ] GC(409) Pause Young (Prepare Mixed) (G1 Evacuation Pause) 513M->100M(522M) 4.797ms
[2026-04-03T02:30:20.123+0600][78.154s][info][gc,cpu         ] GC(409) User=0.02s Sys=0.01s Real=0.01s
[2026-04-03T02:30:20.595+0600][78.626s][info][gc,start       ] GC(410) Pause Young (Mixed) (G1 Evacuation Pause)
[2026-04-03T02:30:20.595+0600][78.626s][info][gc,task        ] GC(410) Using 10 workers of 10 for evacuation
[2026-04-03T02:30:20.601+0600][78.631s][info][gc,phases      ] GC(410)   Pre Evacuate Collection Set: 0.41ms
[2026-04-03T02:30:20.601+0600][78.631s][info][gc,phases      ] GC(410)   Merge Heap Roots: 0.29ms
[2026-04-03T02:30:20.601+0600][78.631s][info][gc,phases      ] GC(410)   Evacuate Collection Set: 3.55ms
[2026-04-03T02:30:20.601+0600][78.631s][info][gc,phases      ] GC(410)   Post Evacuate Collection Set: 1.00ms
[2026-04-03T02:30:20.601+0600][78.631s][info][gc,phases      ] GC(410)   Other: 0.14ms
[2026-04-03T02:30:20.601+0600][78.631s][info][gc,heap        ] GC(410) Eden regions: 291->0(319)
[2026-04-03T02:30:20.601+0600][78.631s][info][gc,heap        ] GC(410) Survivor regions: 6->5(40)
[2026-04-03T02:30:20.601+0600][78.631s][info][gc,heap        ] GC(410) Old regions: 89->88
[2026-04-03T02:30:20.601+0600][78.631s][info][gc,heap        ] GC(410) Humongous regions: 149->8
[2026-04-03T02:30:20.601+0600][78.631s][info][gc,metaspace   ] GC(410) Metaspace: 132064K(133504K)->132064K(133504K) NonClass: 115431K(116160K)->115431K(116160K) Class: 16632K(17344K)->16632K(17344K)
[2026-04-03T02:30:20.601+0600][78.631s][info][gc             ] GC(410) Pause Young (Mixed) (G1 Evacuation Pause) 532M->99M(541M) 5.709ms
[2026-04-03T02:30:20.601+0600][78.631s][info][gc,cpu         ] GC(410) User=0.03s Sys=0.01s Real=0.01s
[2026-04-03T02:30:20.619+0600][78.650s][info][gc,start       ] GC(411) Pause Young (Concurrent Start) (G1 Humongous Allocation)
[2026-04-03T02:30:20.619+0600][78.650s][info][gc,task        ] GC(411) Using 10 workers of 10 for evacuation
[2026-04-03T02:30:20.624+0600][78.654s][info][gc,phases      ] GC(411)   Pre Evacuate Collection Set: 0.57ms
[2026-04-03T02:30:20.624+0600][78.654s][info][gc,phases      ] GC(411)   Merge Heap Roots: 0.19ms
[2026-04-03T02:30:20.624+0600][78.654s][info][gc,phases      ] GC(411)   Evacuate Collection Set: 2.46ms
[2026-04-03T02:30:20.624+0600][78.654s][info][gc,phases      ] GC(411)   Post Evacuate Collection Set: 0.65ms
[2026-04-03T02:30:20.624+0600][78.654s][info][gc,phases      ] GC(411)   Other: 0.28ms
[2026-04-03T02:30:20.624+0600][78.654s][info][gc,heap        ] GC(411) Eden regions: 24->0(318)
[2026-04-03T02:30:20.624+0600][78.654s][info][gc,heap        ] GC(411) Survivor regions: 5->6(41)
[2026-04-03T02:30:20.624+0600][78.654s][info][gc,heap        ] GC(411) Old regions: 88->88
[2026-04-03T02:30:20.624+0600][78.654s][info][gc,heap        ] GC(411) Humongous regions: 8->8
[2026-04-03T02:30:20.624+0600][78.654s][info][gc,metaspace   ] GC(411) Metaspace: 132064K(133504K)->132064K(133504K) NonClass: 115431K(116160K)->115431K(116160K) Class: 16632K(17344K)->16632K(17344K)
[2026-04-03T02:30:20.624+0600][78.654s][info][gc             ] GC(411) Pause Young (Concurrent Start) (G1 Humongous Allocation) 122M->100M(541M) 4.425ms
[2026-04-03T02:30:20.624+0600][78.654s][info][gc             ] GC(412) Concurrent Mark Cycle
[2026-04-03T02:30:20.624+0600][78.654s][info][gc,marking     ] GC(412) Concurrent Scan Root Regions
[2026-04-03T02:30:20.624+0600][78.654s][info][gc,cpu         ] GC(411) User=0.03s Sys=0.01s Real=0.01s
[2026-04-03T02:30:20.627+0600][78.657s][info][gc,marking     ] GC(412) Concurrent Scan Root Regions 2.991ms
[2026-04-03T02:30:20.627+0600][78.657s][info][gc,marking     ] GC(412) Concurrent Mark
[2026-04-03T02:30:20.627+0600][78.657s][info][gc,marking     ] GC(412) Concurrent Mark From Roots
[2026-04-03T02:30:20.627+0600][78.657s][info][gc,task        ] GC(412) Using 3 workers of 3 for marking
[2026-04-03T02:30:20.735+0600][78.766s][info][gc,marking     ] GC(412) Concurrent Mark From Roots 108.306ms
[2026-04-03T02:30:20.735+0600][78.766s][info][gc,marking     ] GC(412) Concurrent Preclean
[2026-04-03T02:30:20.736+0600][78.766s][info][gc,marking     ] GC(412) Concurrent Preclean 0.635ms
[2026-04-03T02:30:20.736+0600][78.767s][info][gc,start       ] GC(412) Pause Remark
[2026-04-03T02:30:20.746+0600][78.777s][info][gc             ] GC(412) Pause Remark 231M->231M(541M) 9.926ms
[2026-04-03T02:30:20.746+0600][78.777s][info][gc,cpu         ] GC(412) User=0.08s Sys=0.00s Real=0.01s
[2026-04-03T02:30:20.747+0600][78.777s][info][gc,marking     ] GC(412) Concurrent Mark 119.679ms
[2026-04-03T02:30:20.747+0600][78.777s][info][gc,marking     ] GC(412) Concurrent Rebuild Remembered Sets and Scrub Regions
[2026-04-03T02:30:20.784+0600][78.814s][info][gc,marking     ] GC(412) Concurrent Rebuild Remembered Sets and Scrub Regions 37.372ms
[2026-04-03T02:30:20.784+0600][78.815s][info][gc,start       ] GC(412) Pause Cleanup
[2026-04-03T02:30:20.785+0600][78.815s][info][gc             ] GC(412) Pause Cleanup 270M->270M(541M) 0.358ms
[2026-04-03T02:30:20.785+0600][78.815s][info][gc,cpu         ] GC(412) User=0.00s Sys=0.00s Real=0.00s
[2026-04-03T02:30:20.785+0600][78.816s][info][gc,marking     ] GC(412) Concurrent Clear Claimed Marks
[2026-04-03T02:30:20.786+0600][78.816s][info][gc,marking     ] GC(412) Concurrent Clear Claimed Marks 0.371ms
[2026-04-03T02:30:20.786+0600][78.816s][info][gc,marking     ] GC(412) Concurrent Cleanup for Next Mark
[2026-04-03T02:30:20.787+0600][78.817s][info][gc,marking     ] GC(412) Concurrent Cleanup for Next Mark 1.288ms
[2026-04-03T02:30:20.787+0600][78.818s][info][gc             ] GC(412) Concurrent Mark Cycle 163.255ms
[2026-04-03T02:30:20.961+0600][78.991s][info][gc,start       ] GC(413) Pause Young (Prepare Mixed) (G1 Evacuation Pause)
[2026-04-03T02:30:20.961+0600][78.992s][info][gc,task        ] GC(413) Using 10 workers of 10 for evacuation
[2026-04-03T02:30:20.966+0600][78.996s][info][gc,phases      ] GC(413)   Pre Evacuate Collection Set: 0.34ms
[2026-04-03T02:30:20.966+0600][78.996s][info][gc,phases      ] GC(413)   Merge Heap Roots: 0.20ms
[2026-04-03T02:30:20.966+0600][78.996s][info][gc,phases      ] GC(413)   Evacuate Collection Set: 3.29ms
[2026-04-03T02:30:20.966+0600][78.996s][info][gc,phases      ] GC(413)   Post Evacuate Collection Set: 0.71ms
[2026-04-03T02:30:20.966+0600][78.996s][info][gc,phases      ] GC(413)   Other: 0.10ms
[2026-04-03T02:30:20.966+0600][78.996s][info][gc,heap        ] GC(413) Eden regions: 244->0(330)
[2026-04-03T02:30:20.966+0600][78.996s][info][gc,heap        ] GC(413) Survivor regions: 6->7(42)
[2026-04-03T02:30:20.966+0600][78.996s][info][gc,heap        ] GC(413) Old regions: 88->88
[2026-04-03T02:30:20.966+0600][78.996s][info][gc,heap        ] GC(413) Humongous regions: 218->8
[2026-04-03T02:30:20.966+0600][78.996s][info][gc,metaspace   ] GC(413) Metaspace: 132064K(133504K)->132064K(133504K) NonClass: 115431K(116160K)->115431K(116160K) Class: 16632K(17344K)->16632K(17344K)
[2026-04-03T02:30:20.966+0600][78.996s][info][gc             ] GC(413) Pause Young (Prepare Mixed) (G1 Evacuation Pause) 554M->100M(563M) 4.887ms
[2026-04-03T02:30:20.966+0600][78.996s][info][gc,cpu         ] GC(413) User=0.02s Sys=0.02s Real=0.00s
[2026-04-03T02:30:21.309+0600][79.340s][info][gc,start       ] GC(414) Pause Young (Mixed) (G1 Evacuation Pause)
[2026-04-03T02:30:21.309+0600][79.340s][info][gc,task        ] GC(414) Using 10 workers of 10 for evacuation
[2026-04-03T02:30:21.314+0600][79.345s][info][gc,phases      ] GC(414)   Pre Evacuate Collection Set: 0.35ms
[2026-04-03T02:30:21.315+0600][79.345s][info][gc,phases      ] GC(414)   Merge Heap Roots: 0.19ms
[2026-04-03T02:30:21.315+0600][79.345s][info][gc,phases      ] GC(414)   Evacuate Collection Set: 3.58ms
[2026-04-03T02:30:21.315+0600][79.345s][info][gc,phases      ] GC(414)   Post Evacuate Collection Set: 0.79ms
[2026-04-03T02:30:21.315+0600][79.345s][info][gc,phases      ] GC(414)   Other: 0.13ms
[2026-04-03T02:30:21.315+0600][79.345s][info][gc,heap        ] GC(414) Eden regions: 274->0(335)
[2026-04-03T02:30:21.315+0600][79.345s][info][gc,heap        ] GC(414) Survivor regions: 7->7(43)
[2026-04-03T02:30:21.315+0600][79.345s][info][gc,heap        ] GC(414) Old regions: 88->88
[2026-04-03T02:30:21.315+0600][79.345s][info][gc,heap        ] GC(414) Humongous regions: 194->8
[2026-04-03T02:30:21.315+0600][79.345s][info][gc,metaspace   ] GC(414) Metaspace: 132067K(133504K)->132067K(133504K) NonClass: 115435K(116160K)->115435K(116160K) Class: 16632K(17344K)->16632K(17344K)
[2026-04-03T02:30:21.315+0600][79.345s][info][gc             ] GC(414) Pause Young (Mixed) (G1 Evacuation Pause) 560M->100M(571M) 5.311ms
[2026-04-03T02:30:21.315+0600][79.345s][info][gc,cpu         ] GC(414) User=0.03s Sys=0.01s Real=0.01s
[2026-04-03T02:30:21.336+0600][79.366s][info][gc,start       ] GC(415) Pause Young (Concurrent Start) (G1 Humongous Allocation)
[2026-04-03T02:30:21.336+0600][79.366s][info][gc,task        ] GC(415) Using 10 workers of 10 for evacuation
[2026-04-03T02:30:21.339+0600][79.369s][info][gc,phases      ] GC(415)   Pre Evacuate Collection Set: 0.42ms
[2026-04-03T02:30:21.339+0600][79.369s][info][gc,phases      ] GC(415)   Merge Heap Roots: 0.09ms
[2026-04-03T02:30:21.339+0600][79.369s][info][gc,phases      ] GC(415)   Evacuate Collection Set: 1.73ms
[2026-04-03T02:30:21.339+0600][79.369s][info][gc,phases      ] GC(415)   Post Evacuate Collection Set: 0.45ms
[2026-04-03T02:30:21.339+0600][79.369s][info][gc,phases      ] GC(415)   Other: 0.09ms
[2026-04-03T02:30:21.339+0600][79.369s][info][gc,heap        ] GC(415) Eden regions: 9->0(336)
[2026-04-03T02:30:21.339+0600][79.369s][info][gc,heap        ] GC(415) Survivor regions: 7->6(43)
[2026-04-03T02:30:21.339+0600][79.369s][info][gc,heap        ] GC(415) Old regions: 88->88
[2026-04-03T02:30:21.339+0600][79.369s][info][gc,heap        ] GC(415) Humongous regions: 8->8
[2026-04-03T02:30:21.339+0600][79.369s][info][gc,metaspace   ] GC(415) Metaspace: 132070K(133504K)->132070K(133504K) NonClass: 115437K(116160K)->115437K(116160K) Class: 16632K(17344K)->16632K(17344K)
[2026-04-03T02:30:21.339+0600][79.369s][info][gc             ] GC(415) Pause Young (Concurrent Start) (G1 Humongous Allocation) 109M->100M(571M) 3.011ms
[2026-04-03T02:30:21.339+0600][79.369s][info][gc,cpu         ] GC(415) User=0.02s Sys=0.00s Real=0.00s
[2026-04-03T02:30:21.339+0600][79.370s][info][gc             ] GC(416) Concurrent Mark Cycle
[2026-04-03T02:30:21.339+0600][79.370s][info][gc,marking     ] GC(416) Concurrent Scan Root Regions
[2026-04-03T02:30:21.341+0600][79.371s][info][gc,marking     ] GC(416) Concurrent Scan Root Regions 1.500ms
[2026-04-03T02:30:21.341+0600][79.371s][info][gc,marking     ] GC(416) Concurrent Mark
[2026-04-03T02:30:21.341+0600][79.371s][info][gc,marking     ] GC(416) Concurrent Mark From Roots
[2026-04-03T02:30:21.341+0600][79.371s][info][gc,task        ] GC(416) Using 3 workers of 3 for marking
[2026-04-03T02:30:21.434+0600][79.465s][info][gc,marking     ] GC(416) Concurrent Mark From Roots 93.476ms
[2026-04-03T02:30:21.434+0600][79.465s][info][gc,marking     ] GC(416) Concurrent Preclean
[2026-04-03T02:30:21.435+0600][79.465s][info][gc,marking     ] GC(416) Concurrent Preclean 0.589ms
[2026-04-03T02:30:21.435+0600][79.466s][info][gc,start       ] GC(416) Pause Remark
[2026-04-03T02:30:21.443+0600][79.474s][info][gc             ] GC(416) Pause Remark 205M->205M(470M) 8.211ms
[2026-04-03T02:30:21.444+0600][79.474s][info][gc,cpu         ] GC(416) User=0.06s Sys=0.00s Real=0.01s
[2026-04-03T02:30:21.444+0600][79.474s][info][gc,marking     ] GC(416) Concurrent Mark 103.008ms
[2026-04-03T02:30:21.444+0600][79.474s][info][gc,marking     ] GC(416) Concurrent Rebuild Remembered Sets and Scrub Regions
[2026-04-03T02:30:21.481+0600][79.511s][info][gc,marking     ] GC(416) Concurrent Rebuild Remembered Sets and Scrub Regions 36.759ms
[2026-04-03T02:30:21.481+0600][79.512s][info][gc,start       ] GC(416) Pause Cleanup
[2026-04-03T02:30:21.482+0600][79.512s][info][gc             ] GC(416) Pause Cleanup 242M->242M(470M) 0.410ms
[2026-04-03T02:30:21.482+0600][79.512s][info][gc,cpu         ] GC(416) User=0.00s Sys=0.00s Real=0.00s
[2026-04-03T02:30:21.482+0600][79.512s][info][gc,marking     ] GC(416) Concurrent Clear Claimed Marks
[2026-04-03T02:30:21.482+0600][79.513s][info][gc,marking     ] GC(416) Concurrent Clear Claimed Marks 0.410ms
[2026-04-03T02:30:21.482+0600][79.513s][info][gc,marking     ] GC(416) Concurrent Cleanup for Next Mark
[2026-04-03T02:30:21.483+0600][79.514s][info][gc,marking     ] GC(416) Concurrent Cleanup for Next Mark 0.868ms
[2026-04-03T02:30:21.483+0600][79.514s][info][gc             ] GC(416) Concurrent Mark Cycle 144.068ms
[2026-04-03T02:30:21.649+0600][79.679s][info][gc,start       ] GC(417) Pause Young (Prepare Mixed) (G1 Evacuation Pause)
[2026-04-03T02:30:21.649+0600][79.680s][info][gc,task        ] GC(417) Using 10 workers of 10 for evacuation
[2026-04-03T02:30:21.652+0600][79.683s][info][gc,phases      ] GC(417)   Pre Evacuate Collection Set: 0.32ms
[2026-04-03T02:30:21.653+0600][79.683s][info][gc,phases      ] GC(417)   Merge Heap Roots: 0.15ms
[2026-04-03T02:30:21.653+0600][79.683s][info][gc,phases      ] GC(417)   Evacuate Collection Set: 2.20ms
[2026-04-03T02:30:21.653+0600][79.683s][info][gc,phases      ] GC(417)   Post Evacuate Collection Set: 0.60ms
[2026-04-03T02:30:21.653+0600][79.683s][info][gc,phases      ] GC(417)   Other: 0.08ms
[2026-04-03T02:30:21.653+0600][79.683s][info][gc,heap        ] GC(417) Eden regions: 273->0(280)
[2026-04-03T02:30:21.653+0600][79.683s][info][gc,heap        ] GC(417) Survivor regions: 6->6(36)
[2026-04-03T02:30:21.653+0600][79.683s][info][gc,heap        ] GC(417) Old regions: 88->89
[2026-04-03T02:30:21.653+0600][79.683s][info][gc,heap        ] GC(417) Humongous regions: 103->8
[2026-04-03T02:30:21.653+0600][79.683s][info][gc,metaspace   ] GC(417) Metaspace: 132070K(133504K)->132070K(133504K) NonClass: 115437K(116160K)->115437K(116160K) Class: 16632K(17344K)->16632K(17344K)
[2026-04-03T02:30:21.653+0600][79.683s][info][gc             ] GC(417) Pause Young (Prepare Mixed) (G1 Evacuation Pause) 468M->99M(477M) 3.615ms
[2026-04-03T02:30:21.653+0600][79.683s][info][gc,cpu         ] GC(417) User=0.01s Sys=0.01s Real=0.01s
[2026-04-03T02:30:21.748+0600][79.778s][info][gc,start       ] GC(418) Pause Young (Mixed) (G1 Evacuation Pause)
[2026-04-03T02:30:21.748+0600][79.778s][info][gc,task        ] GC(418) Using 10 workers of 10 for evacuation
[2026-04-03T02:30:21.752+0600][79.782s][info][gc,phases      ] GC(418)   Pre Evacuate Collection Set: 0.41ms
[2026-04-03T02:30:21.752+0600][79.782s][info][gc,phases      ] GC(418)   Merge Heap Roots: 0.27ms
[2026-04-03T02:30:21.752+0600][79.782s][info][gc,phases      ] GC(418)   Evacuate Collection Set: 2.73ms
[2026-04-03T02:30:21.752+0600][79.782s][info][gc,phases      ] GC(418)   Post Evacuate Collection Set: 0.76ms
[2026-04-03T02:30:21.752+0600][79.783s][info][gc,phases      ] GC(418)   Other: 0.10ms
[2026-04-03T02:30:21.752+0600][79.783s][info][gc,heap        ] GC(418) Eden regions: 62->0(308)
[2026-04-03T02:30:21.752+0600][79.783s][info][gc,heap        ] GC(418) Survivor regions: 6->4(36)
[2026-04-03T02:30:21.752+0600][79.783s][info][gc,heap        ] GC(418) Old regions: 89->87
[2026-04-03T02:30:21.752+0600][79.783s][info][gc,heap        ] GC(418) Humongous regions: 359->8
[2026-04-03T02:30:21.752+0600][79.783s][info][gc,metaspace   ] GC(418) Metaspace: 132071K(133504K)->132071K(133504K) NonClass: 115439K(116160K)->115439K(116160K) Class: 16632K(17344K)->16632K(17344K)
[2026-04-03T02:30:21.752+0600][79.783s][info][gc             ] GC(418) Pause Young (Mixed) (G1 Evacuation Pause) 512M->97M(520M) 4.573ms
[2026-04-03T02:30:21.752+0600][79.783s][info][gc,cpu         ] GC(418) User=0.03s Sys=0.01s Real=0.01s
[2026-04-03T02:30:21.759+0600][79.790s][info][gc,start       ] GC(419) Pause Young (Concurrent Start) (G1 Humongous Allocation)
[2026-04-03T02:30:21.759+0600][79.790s][info][gc,task        ] GC(419) Using 10 workers of 10 for evacuation
[2026-04-03T02:30:21.763+0600][79.793s][info][gc,phases      ] GC(419)   Pre Evacuate Collection Set: 0.32ms
[2026-04-03T02:30:21.763+0600][79.793s][info][gc,phases      ] GC(419)   Merge Heap Roots: 0.11ms
[2026-04-03T02:30:21.763+0600][79.793s][info][gc,phases      ] GC(419)   Evacuate Collection Set: 2.18ms
[2026-04-03T02:30:21.763+0600][79.793s][info][gc,phases      ] GC(419)   Post Evacuate Collection Set: 0.64ms
[2026-04-03T02:30:21.763+0600][79.793s][info][gc,phases      ] GC(419)   Other: 0.14ms
[2026-04-03T02:30:21.763+0600][79.793s][info][gc,heap        ] GC(419) Eden regions: 19->0(307)
[2026-04-03T02:30:21.763+0600][79.793s][info][gc,heap        ] GC(419) Survivor regions: 4->5(39)
[2026-04-03T02:30:21.763+0600][79.793s][info][gc,heap        ] GC(419) Old regions: 87->87
[2026-04-03T02:30:21.763+0600][79.793s][info][gc,heap        ] GC(419) Humongous regions: 8->8
[2026-04-03T02:30:21.763+0600][79.793s][info][gc,metaspace   ] GC(419) Metaspace: 132071K(133504K)->132071K(133504K) NonClass: 115439K(116160K)->115439K(116160K) Class: 16632K(17344K)->16632K(17344K)
[2026-04-03T02:30:21.763+0600][79.793s][info][gc             ] GC(419) Pause Young (Concurrent Start) (G1 Humongous Allocation) 116M->98M(520M) 3.706ms
[2026-04-03T02:30:21.763+0600][79.793s][info][gc             ] GC(420) Concurrent Mark Cycle
[2026-04-03T02:30:21.763+0600][79.794s][info][gc,marking     ] GC(420) Concurrent Scan Root Regions
[2026-04-03T02:30:21.763+0600][79.794s][info][gc,cpu         ] GC(419) User=0.01s Sys=0.00s Real=0.01s
[2026-04-03T02:30:21.766+0600][79.796s][info][gc,marking     ] GC(420) Concurrent Scan Root Regions 2.471ms
[2026-04-03T02:30:21.766+0600][79.796s][info][gc,marking     ] GC(420) Concurrent Mark
[2026-04-03T02:30:21.766+0600][79.796s][info][gc,marking     ] GC(420) Concurrent Mark From Roots
[2026-04-03T02:30:21.766+0600][79.796s][info][gc,task        ] GC(420) Using 3 workers of 3 for marking
[2026-04-03T02:30:21.861+0600][79.891s][info][gc,start       ] GC(421) Pause Young (Normal) (G1 Evacuation Pause)
[2026-04-03T02:30:21.861+0600][79.891s][info][gc,task        ] GC(421) Using 10 workers of 10 for evacuation
[2026-04-03T02:30:21.866+0600][79.897s][info][gc,phases      ] GC(421)   Pre Evacuate Collection Set: 0.50ms
[2026-04-03T02:30:21.866+0600][79.897s][info][gc,phases      ] GC(421)   Merge Heap Roots: 0.16ms
[2026-04-03T02:30:21.866+0600][79.897s][info][gc,phases      ] GC(421)   Evacuate Collection Set: 3.74ms
[2026-04-03T02:30:21.867+0600][79.897s][info][gc,phases      ] GC(421)   Post Evacuate Collection Set: 1.13ms
[2026-04-03T02:30:21.867+0600][79.897s][info][gc,phases      ] GC(421)   Other: 0.14ms
[2026-04-03T02:30:21.867+0600][79.897s][info][gc,heap        ] GC(421) Eden regions: 66->0(309)
[2026-04-03T02:30:21.867+0600][79.897s][info][gc,heap        ] GC(421) Survivor regions: 5->6(39)
[2026-04-03T02:30:21.867+0600][79.897s][info][gc,heap        ] GC(421) Old regions: 87->87
[2026-04-03T02:30:21.867+0600][79.897s][info][gc,heap        ] GC(421) Humongous regions: 362->8
[2026-04-03T02:30:21.867+0600][79.897s][info][gc,metaspace   ] GC(421) Metaspace: 132072K(133504K)->132072K(133504K) NonClass: 115439K(116160K)->115439K(116160K) Class: 16632K(17344K)->16632K(17344K)
[2026-04-03T02:30:21.867+0600][79.897s][info][gc             ] GC(421) Pause Young (Normal) (G1 Evacuation Pause) 518M->99M(526M) 6.010ms
[2026-04-03T02:30:21.867+0600][79.897s][info][gc,cpu         ] GC(421) User=0.02s Sys=0.01s Real=0.00s
[2026-04-03T02:30:21.873+0600][79.904s][info][gc,marking     ] GC(420) Concurrent Mark From Roots 107.673ms
[2026-04-03T02:30:21.873+0600][79.904s][info][gc,marking     ] GC(420) Concurrent Preclean
[2026-04-03T02:30:21.874+0600][79.904s][info][gc,marking     ] GC(420) Concurrent Preclean 0.273ms
[2026-04-03T02:30:21.874+0600][79.904s][info][gc,start       ] GC(420) Pause Remark
[2026-04-03T02:30:21.883+0600][79.914s][info][gc             ] GC(420) Pause Remark 127M->127M(390M) 9.111ms
[2026-04-03T02:30:21.883+0600][79.914s][info][gc,cpu         ] GC(420) User=0.07s Sys=0.00s Real=0.01s
[2026-04-03T02:30:21.883+0600][79.914s][info][gc,marking     ] GC(420) Concurrent Mark 117.814ms
[2026-04-03T02:30:21.884+0600][79.914s][info][gc,marking     ] GC(420) Concurrent Rebuild Remembered Sets and Scrub Regions
[2026-04-03T02:30:21.909+0600][79.939s][info][gc,marking     ] GC(420) Concurrent Rebuild Remembered Sets and Scrub Regions 25.334ms
[2026-04-03T02:30:21.909+0600][79.940s][info][gc,start       ] GC(420) Pause Cleanup
[2026-04-03T02:30:21.909+0600][79.940s][info][gc             ] GC(420) Pause Cleanup 136M->136M(390M) 0.244ms
[2026-04-03T02:30:21.910+0600][79.940s][info][gc,cpu         ] GC(420) User=0.00s Sys=0.00s Real=0.00s
[2026-04-03T02:30:21.910+0600][79.940s][info][gc,marking     ] GC(420) Concurrent Clear Claimed Marks
[2026-04-03T02:30:21.910+0600][79.940s][info][gc,marking     ] GC(420) Concurrent Clear Claimed Marks 0.294ms
[2026-04-03T02:30:21.910+0600][79.940s][info][gc,marking     ] GC(420) Concurrent Cleanup for Next Mark
[2026-04-03T02:30:21.910+0600][79.941s][info][gc,marking     ] GC(420) Concurrent Cleanup for Next Mark 0.513ms
[2026-04-03T02:30:21.910+0600][79.941s][info][gc             ] GC(420) Concurrent Mark Cycle 147.404ms
[2026-04-03T02:30:22.276+0600][80.306s][info][gc,start       ] GC(422) Pause Young (Prepare Mixed) (G1 Evacuation Pause)
[2026-04-03T02:30:22.276+0600][80.306s][info][gc,task        ] GC(422) Using 9 workers of 10 for evacuation
[2026-04-03T02:30:22.279+0600][80.310s][info][gc,phases      ] GC(422)   Pre Evacuate Collection Set: 0.36ms
[2026-04-03T02:30:22.279+0600][80.310s][info][gc,phases      ] GC(422)   Merge Heap Roots: 0.15ms
[2026-04-03T02:30:22.279+0600][80.310s][info][gc,phases      ] GC(422)   Evacuate Collection Set: 2.40ms
[2026-04-03T02:30:22.279+0600][80.310s][info][gc,phases      ] GC(422)   Post Evacuate Collection Set: 0.47ms
[2026-04-03T02:30:22.279+0600][80.310s][info][gc,phases      ] GC(422)   Other: 0.09ms
[2026-04-03T02:30:22.279+0600][80.310s][info][gc,heap        ] GC(422) Eden regions: 200->0(232)
[2026-04-03T02:30:22.279+0600][80.310s][info][gc,heap        ] GC(422) Survivor regions: 6->5(30)
[2026-04-03T02:30:22.279+0600][80.310s][info][gc,heap        ] GC(422) Old regions: 87->88
[2026-04-03T02:30:22.279+0600][80.310s][info][gc,heap        ] GC(422) Humongous regions: 97->8
[2026-04-03T02:30:22.279+0600][80.310s][info][gc,metaspace   ] GC(422) Metaspace: 132075K(133504K)->132075K(133504K) NonClass: 115443K(116160K)->115443K(116160K) Class: 16632K(17344K)->16632K(17344K)
[2026-04-03T02:30:22.279+0600][80.310s][info][gc             ] GC(422) Pause Young (Prepare Mixed) (G1 Evacuation Pause) 388M->98M(396M) 3.713ms
[2026-04-03T02:30:22.280+0600][80.310s][info][gc,cpu         ] GC(422) User=0.00s Sys=0.01s Real=0.00s
[2026-04-03T02:30:22.495+0600][80.526s][info][gc,start       ] GC(423) Pause Young (Mixed) (G1 Evacuation Pause)
[2026-04-03T02:30:22.495+0600][80.526s][info][gc,task        ] GC(423) Using 9 workers of 10 for evacuation
[2026-04-03T02:30:22.500+0600][80.531s][info][gc,phases      ] GC(423)   Pre Evacuate Collection Set: 0.31ms
[2026-04-03T02:30:22.500+0600][80.531s][info][gc,phases      ] GC(423)   Merge Heap Roots: 0.17ms
[2026-04-03T02:30:22.500+0600][80.531s][info][gc,phases      ] GC(423)   Evacuate Collection Set: 3.38ms
[2026-04-03T02:30:22.500+0600][80.531s][info][gc,phases      ] GC(423)   Post Evacuate Collection Set: 0.75ms
[2026-04-03T02:30:22.500+0600][80.531s][info][gc,phases      ] GC(423)   Other: 0.10ms
[2026-04-03T02:30:22.500+0600][80.531s][info][gc,heap        ] GC(423) Eden regions: 171->0(239)
[2026-04-03T02:30:22.500+0600][80.531s][info][gc,heap        ] GC(423) Survivor regions: 5->6(30)
[2026-04-03T02:30:22.500+0600][80.531s][info][gc,heap        ] GC(423) Old regions: 88->87
[2026-04-03T02:30:22.500+0600][80.531s][info][gc,heap        ] GC(423) Humongous regions: 139->8
[2026-04-03T02:30:22.500+0600][80.531s][info][gc,metaspace   ] GC(423) Metaspace: 132075K(133504K)->132075K(133504K) NonClass: 115443K(116160K)->115443K(116160K) Class: 16632K(17344K)->16632K(17344K)
[2026-04-03T02:30:22.500+0600][80.531s][info][gc             ] GC(423) Pause Young (Mixed) (G1 Evacuation Pause) 400M->99M(409M) 4.990ms
[2026-04-03T02:30:22.500+0600][80.531s][info][gc,cpu         ] GC(423) User=0.01s Sys=0.01s Real=0.01s
[2026-04-03T02:30:22.515+0600][80.545s][info][gc,start       ] GC(424) Pause Young (Concurrent Start) (G1 Humongous Allocation)
[2026-04-03T02:30:22.515+0600][80.545s][info][gc,task        ] GC(424) Using 9 workers of 10 for evacuation
[2026-04-03T02:30:22.519+0600][80.550s][info][gc,phases      ] GC(424)   Pre Evacuate Collection Set: 0.40ms
[2026-04-03T02:30:22.519+0600][80.550s][info][gc,phases      ] GC(424)   Merge Heap Roots: 0.13ms
[2026-04-03T02:30:22.519+0600][80.550s][info][gc,phases      ] GC(424)   Evacuate Collection Set: 3.11ms
[2026-04-03T02:30:22.519+0600][80.550s][info][gc,phases      ] GC(424)   Post Evacuate Collection Set: 0.60ms
[2026-04-03T02:30:22.519+0600][80.550s][info][gc,phases      ] GC(424)   Other: 0.15ms
[2026-04-03T02:30:22.519+0600][80.550s][info][gc,heap        ] GC(424) Eden regions: 16->0(237)
[2026-04-03T02:30:22.519+0600][80.550s][info][gc,heap        ] GC(424) Survivor regions: 6->8(31)
[2026-04-03T02:30:22.519+0600][80.550s][info][gc,heap        ] GC(424) Old regions: 87->87
[2026-04-03T02:30:22.519+0600][80.550s][info][gc,heap        ] GC(424) Humongous regions: 8->8
[2026-04-03T02:30:22.519+0600][80.550s][info][gc,metaspace   ] GC(424) Metaspace: 132075K(133504K)->132075K(133504K) NonClass: 115443K(116160K)->115443K(116160K) Class: 16632K(17344K)->16632K(17344K)
[2026-04-03T02:30:22.519+0600][80.550s][info][gc             ] GC(424) Pause Young (Concurrent Start) (G1 Humongous Allocation) 115M->101M(409M) 4.731ms
[2026-04-03T02:30:22.519+0600][80.550s][info][gc             ] GC(425) Concurrent Mark Cycle
[2026-04-03T02:30:22.519+0600][80.550s][info][gc,cpu         ] GC(424) User=0.03s Sys=0.00s Real=0.00s
[2026-04-03T02:30:22.520+0600][80.550s][info][gc,marking     ] GC(425) Concurrent Scan Root Regions
[2026-04-03T02:30:22.523+0600][80.553s][info][gc,marking     ] GC(425) Concurrent Scan Root Regions 3.030ms
[2026-04-03T02:30:22.523+0600][80.553s][info][gc,marking     ] GC(425) Concurrent Mark
[2026-04-03T02:30:22.523+0600][80.553s][info][gc,marking     ] GC(425) Concurrent Mark From Roots
[2026-04-03T02:30:22.523+0600][80.553s][info][gc,task        ] GC(425) Using 3 workers of 3 for marking
[2026-04-03T02:30:22.629+0600][80.660s][info][gc,marking     ] GC(425) Concurrent Mark From Roots 106.513ms
[2026-04-03T02:30:22.629+0600][80.660s][info][gc,marking     ] GC(425) Concurrent Preclean
[2026-04-03T02:30:22.630+0600][80.660s][info][gc,marking     ] GC(425) Concurrent Preclean 0.760ms
[2026-04-03T02:30:22.630+0600][80.661s][info][gc,start       ] GC(425) Pause Remark
[2026-04-03T02:30:22.640+0600][80.671s][info][gc             ] GC(425) Pause Remark 245M->245M(409M) 9.805ms
[2026-04-03T02:30:22.640+0600][80.671s][info][gc,cpu         ] GC(425) User=0.06s Sys=0.01s Real=0.01s
[2026-04-03T02:30:22.641+0600][80.671s][info][gc,marking     ] GC(425) Concurrent Mark 117.969ms
[2026-04-03T02:30:22.641+0600][80.671s][info][gc,marking     ] GC(425) Concurrent Rebuild Remembered Sets and Scrub Regions
[2026-04-03T02:30:22.675+0600][80.705s][info][gc,marking     ] GC(425) Concurrent Rebuild Remembered Sets and Scrub Regions 34.083ms
[2026-04-03T02:30:22.675+0600][80.706s][info][gc,start       ] GC(425) Pause Cleanup
[2026-04-03T02:30:22.675+0600][80.706s][info][gc             ] GC(425) Pause Cleanup 287M->287M(409M) 0.287ms
[2026-04-03T02:30:22.675+0600][80.706s][info][gc,cpu         ] GC(425) User=0.00s Sys=0.00s Real=0.00s
[2026-04-03T02:30:22.676+0600][80.706s][info][gc,marking     ] GC(425) Concurrent Clear Claimed Marks
[2026-04-03T02:30:22.676+0600][80.707s][info][gc,marking     ] GC(425) Concurrent Clear Claimed Marks 0.524ms
[2026-04-03T02:30:22.676+0600][80.707s][info][gc,marking     ] GC(425) Concurrent Cleanup for Next Mark
[2026-04-03T02:30:22.677+0600][80.707s][info][gc,marking     ] GC(425) Concurrent Cleanup for Next Mark 0.787ms
[2026-04-03T02:30:22.677+0600][80.708s][info][gc             ] GC(425) Concurrent Mark Cycle 157.669ms
[2026-04-03T02:30:22.762+0600][80.793s][info][gc,start       ] GC(426) Pause Young (Prepare Mixed) (G1 Evacuation Pause)
[2026-04-03T02:30:22.762+0600][80.793s][info][gc,task        ] GC(426) Using 10 workers of 10 for evacuation
[2026-04-03T02:30:22.766+0600][80.796s][info][gc,phases      ] GC(426)   Pre Evacuate Collection Set: 0.26ms
[2026-04-03T02:30:22.766+0600][80.797s][info][gc,phases      ] GC(426)   Merge Heap Roots: 0.17ms
[2026-04-03T02:30:22.766+0600][80.797s][info][gc,phases      ] GC(426)   Evacuate Collection Set: 2.61ms
[2026-04-03T02:30:22.766+0600][80.797s][info][gc,phases      ] GC(426)   Post Evacuate Collection Set: 0.62ms
[2026-04-03T02:30:22.766+0600][80.797s][info][gc,phases      ] GC(426)   Other: 0.09ms
[2026-04-03T02:30:22.766+0600][80.797s][info][gc,heap        ] GC(426) Eden regions: 170->0(249)
[2026-04-03T02:30:22.766+0600][80.797s][info][gc,heap        ] GC(426) Survivor regions: 8->6(31)
[2026-04-03T02:30:22.766+0600][80.797s][info][gc,heap        ] GC(426) Old regions: 87->87
[2026-04-03T02:30:22.766+0600][80.797s][info][gc,heap        ] GC(426) Humongous regions: 155->8
[2026-04-03T02:30:22.766+0600][80.797s][info][gc,metaspace   ] GC(426) Metaspace: 132075K(133504K)->132075K(133504K) NonClass: 115443K(116160K)->115443K(116160K) Class: 16632K(17344K)->16632K(17344K)
[2026-04-03T02:30:22.766+0600][80.797s][info][gc             ] GC(426) Pause Young (Prepare Mixed) (G1 Evacuation Pause) 418M->99M(426M) 4.001ms
[2026-04-03T02:30:22.766+0600][80.797s][info][gc,cpu         ] GC(426) User=0.02s Sys=0.01s Real=0.00s
[2026-04-03T02:30:22.996+0600][81.026s][info][gc,start       ] GC(427) Pause Young (Mixed) (G1 Evacuation Pause)
[2026-04-03T02:30:22.996+0600][81.026s][info][gc,task        ] GC(427) Using 10 workers of 10 for evacuation
[2026-04-03T02:30:23.000+0600][81.030s][info][gc,phases      ] GC(427)   Pre Evacuate Collection Set: 0.40ms
[2026-04-03T02:30:23.000+0600][81.030s][info][gc,phases      ] GC(427)   Merge Heap Roots: 0.13ms
[2026-04-03T02:30:23.000+0600][81.030s][info][gc,phases      ] GC(427)   Evacuate Collection Set: 2.60ms
[2026-04-03T02:30:23.000+0600][81.030s][info][gc,phases      ] GC(427)   Post Evacuate Collection Set: 0.57ms
[2026-04-03T02:30:23.000+0600][81.030s][info][gc,phases      ] GC(427)   Other: 0.09ms
[2026-04-03T02:30:23.000+0600][81.030s][info][gc,heap        ] GC(427) Eden regions: 197->0(262)
[2026-04-03T02:30:23.000+0600][81.030s][info][gc,heap        ] GC(427) Survivor regions: 6->6(33)
[2026-04-03T02:30:23.000+0600][81.030s][info][gc,heap        ] GC(427) Old regions: 87->87
[2026-04-03T02:30:23.000+0600][81.030s][info][gc,heap        ] GC(427) Humongous regions: 150->8
[2026-04-03T02:30:23.000+0600][81.030s][info][gc,metaspace   ] GC(427) Metaspace: 132075K(133504K)->132075K(133504K) NonClass: 115443K(116160K)->115443K(116160K) Class: 16632K(17344K)->16632K(17344K)
[2026-04-03T02:30:23.000+0600][81.030s][info][gc             ] GC(427) Pause Young (Mixed) (G1 Evacuation Pause) 438M->98M(447M) 4.025ms
[2026-04-03T02:30:23.000+0600][81.030s][info][gc,cpu         ] GC(427) User=0.03s Sys=0.01s Real=0.01s
[2026-04-03T02:30:23.006+0600][81.037s][info][gc,start       ] GC(428) Pause Young (Concurrent Start) (G1 Humongous Allocation)
[2026-04-03T02:30:23.006+0600][81.037s][info][gc,task        ] GC(428) Using 10 workers of 10 for evacuation
[2026-04-03T02:30:23.009+0600][81.039s][info][gc,phases      ] GC(428)   Pre Evacuate Collection Set: 0.32ms
[2026-04-03T02:30:23.009+0600][81.039s][info][gc,phases      ] GC(428)   Merge Heap Roots: 0.11ms
[2026-04-03T02:30:23.009+0600][81.039s][info][gc,phases      ] GC(428)   Evacuate Collection Set: 1.46ms
[2026-04-03T02:30:23.009+0600][81.039s][info][gc,phases      ] GC(428)   Post Evacuate Collection Set: 0.37ms
[2026-04-03T02:30:23.009+0600][81.039s][info][gc,phases      ] GC(428)   Other: 0.14ms
[2026-04-03T02:30:23.009+0600][81.039s][info][gc,heap        ] GC(428) Eden regions: 3->0(263)
[2026-04-03T02:30:23.009+0600][81.039s][info][gc,heap        ] GC(428) Survivor regions: 6->5(34)
[2026-04-03T02:30:23.009+0600][81.039s][info][gc,heap        ] GC(428) Old regions: 87->87
[2026-04-03T02:30:23.009+0600][81.039s][info][gc,heap        ] GC(428) Humongous regions: 8->8
[2026-04-03T02:30:23.009+0600][81.039s][info][gc,metaspace   ] GC(428) Metaspace: 132075K(133504K)->132075K(133504K) NonClass: 115443K(116160K)->115443K(116160K) Class: 16632K(17344K)->16632K(17344K)
[2026-04-03T02:30:23.009+0600][81.039s][info][gc             ] GC(428) Pause Young (Concurrent Start) (G1 Humongous Allocation) 101M->98M(447M) 2.620ms
[2026-04-03T02:30:23.009+0600][81.039s][info][gc             ] GC(429) Concurrent Mark Cycle
[2026-04-03T02:30:23.009+0600][81.040s][info][gc,marking     ] GC(429) Concurrent Scan Root Regions
[2026-04-03T02:30:23.009+0600][81.040s][info][gc,cpu         ] GC(428) User=0.02s Sys=0.00s Real=0.00s
[2026-04-03T02:30:23.011+0600][81.042s][info][gc,marking     ] GC(429) Concurrent Scan Root Regions 2.092ms
[2026-04-03T02:30:23.011+0600][81.042s][info][gc,marking     ] GC(429) Concurrent Mark
[2026-04-03T02:30:23.011+0600][81.042s][info][gc,marking     ] GC(429) Concurrent Mark From Roots
[2026-04-03T02:30:23.011+0600][81.042s][info][gc,task        ] GC(429) Using 3 workers of 3 for marking
[2026-04-03T02:30:23.103+0600][81.133s][info][gc,marking     ] GC(429) Concurrent Mark From Roots 91.665ms
[2026-04-03T02:30:23.103+0600][81.133s][info][gc,marking     ] GC(429) Concurrent Preclean
[2026-04-03T02:30:23.103+0600][81.134s][info][gc,marking     ] GC(429) Concurrent Preclean 0.435ms
[2026-04-03T02:30:23.104+0600][81.134s][info][gc,start       ] GC(429) Pause Remark
[2026-04-03T02:30:23.112+0600][81.142s][info][gc             ] GC(429) Pause Remark 186M->186M(420M) 8.319ms
[2026-04-03T02:30:23.112+0600][81.143s][info][gc,cpu         ] GC(429) User=0.05s Sys=0.00s Real=0.01s
[2026-04-03T02:30:23.112+0600][81.143s][info][gc,marking     ] GC(429) Concurrent Mark 101.007ms
[2026-04-03T02:30:23.112+0600][81.143s][info][gc,marking     ] GC(429) Concurrent Rebuild Remembered Sets and Scrub Regions
[2026-04-03T02:30:23.137+0600][81.167s][info][gc,marking     ] GC(429) Concurrent Rebuild Remembered Sets and Scrub Regions 24.502ms
[2026-04-03T02:30:23.137+0600][81.168s][info][gc,start       ] GC(429) Pause Cleanup
[2026-04-03T02:30:23.137+0600][81.168s][info][gc             ] GC(429) Pause Cleanup 193M->193M(420M) 0.202ms
[2026-04-03T02:30:23.137+0600][81.168s][info][gc,cpu         ] GC(429) User=0.01s Sys=0.00s Real=0.00s
[2026-04-03T02:30:23.138+0600][81.168s][info][gc,marking     ] GC(429) Concurrent Clear Claimed Marks
[2026-04-03T02:30:23.138+0600][81.168s][info][gc,marking     ] GC(429) Concurrent Clear Claimed Marks 0.415ms
[2026-04-03T02:30:23.138+0600][81.169s][info][gc,marking     ] GC(429) Concurrent Cleanup for Next Mark
[2026-04-03T02:30:23.139+0600][81.169s][info][gc,marking     ] GC(429) Concurrent Cleanup for Next Mark 0.697ms
[2026-04-03T02:30:23.139+0600][81.169s][info][gc             ] GC(429) Concurrent Mark Cycle 129.845ms
[2026-04-03T02:30:23.318+0600][81.348s][info][gc,start       ] GC(430) Pause Young (Prepare Mixed) (G1 Evacuation Pause)
[2026-04-03T02:30:23.318+0600][81.348s][info][gc,task        ] GC(430) Using 10 workers of 10 for evacuation
[2026-04-03T02:30:23.325+0600][81.356s][info][gc,phases      ] GC(430)   Pre Evacuate Collection Set: 0.36ms
[2026-04-03T02:30:23.325+0600][81.356s][info][gc,phases      ] GC(430)   Merge Heap Roots: 0.40ms
[2026-04-03T02:30:23.325+0600][81.356s][info][gc,phases      ] GC(430)   Evacuate Collection Set: 5.79ms
[2026-04-03T02:30:23.325+0600][81.356s][info][gc,phases      ] GC(430)   Post Evacuate Collection Set: 0.72ms
[2026-04-03T02:30:23.325+0600][81.356s][info][gc,phases      ] GC(430)   Other: 0.13ms
[2026-04-03T02:30:23.325+0600][81.356s][info][gc,heap        ] GC(430) Eden regions: 232->0(248)
[2026-04-03T02:30:23.325+0600][81.356s][info][gc,heap        ] GC(430) Survivor regions: 5->11(32)
[2026-04-03T02:30:23.325+0600][81.356s][info][gc,heap        ] GC(430) Old regions: 87->88
[2026-04-03T02:30:23.325+0600][81.356s][info][gc,heap        ] GC(430) Humongous regions: 96->8
[2026-04-03T02:30:23.325+0600][81.356s][info][gc,metaspace   ] GC(430) Metaspace: 132075K(133504K)->132075K(133504K) NonClass: 115443K(116160K)->115443K(116160K) Class: 16632K(17344K)->16632K(17344K)
[2026-04-03T02:30:23.325+0600][81.356s][info][gc             ] GC(430) Pause Young (Prepare Mixed) (G1 Evacuation Pause) 418M->104M(432M) 7.714ms
[2026-04-03T02:30:23.325+0600][81.356s][info][gc,cpu         ] GC(430) User=0.04s Sys=0.01s Real=0.01s
[2026-04-03T02:30:23.530+0600][81.560s][info][gc,start       ] GC(431) Pause Young (Mixed) (G1 Evacuation Pause)
[2026-04-03T02:30:23.530+0600][81.560s][info][gc,task        ] GC(431) Using 10 workers of 10 for evacuation
[2026-04-03T02:30:23.535+0600][81.565s][info][gc,phases      ] GC(431)   Pre Evacuate Collection Set: 0.23ms
[2026-04-03T02:30:23.535+0600][81.565s][info][gc,phases      ] GC(431)   Merge Heap Roots: 0.15ms
[2026-04-03T02:30:23.535+0600][81.565s][info][gc,phases      ] GC(431)   Evacuate Collection Set: 3.52ms
[2026-04-03T02:30:23.535+0600][81.565s][info][gc,phases      ] GC(431)   Post Evacuate Collection Set: 0.62ms
[2026-04-03T02:30:23.535+0600][81.565s][info][gc,phases      ] GC(431)   Other: 0.09ms
[2026-04-03T02:30:23.535+0600][81.565s][info][gc,heap        ] GC(431) Eden regions: 171->0(312)
[2026-04-03T02:30:23.535+0600][81.565s][info][gc,heap        ] GC(431) Survivor regions: 11->9(33)
[2026-04-03T02:30:23.535+0600][81.565s][info][gc,heap        ] GC(431) Old regions: 88->87
[2026-04-03T02:30:23.535+0600][81.565s][info][gc,heap        ] GC(431) Humongous regions: 257->23
[2026-04-03T02:30:23.535+0600][81.565s][info][gc,metaspace   ] GC(431) Metaspace: 132078K(133504K)->132078K(133504K) NonClass: 115445K(116160K)->115445K(116160K) Class: 16632K(17344K)->16632K(17344K)
[2026-04-03T02:30:23.535+0600][81.565s][info][gc             ] GC(431) Pause Young (Mixed) (G1 Evacuation Pause) 524M->118M(536M) 4.853ms
[2026-04-03T02:30:23.535+0600][81.565s][info][gc,cpu         ] GC(431) User=0.02s Sys=0.01s Real=0.00s
[2026-04-03T02:30:23.535+0600][81.566s][info][gc,start       ] GC(432) Pause Young (Concurrent Start) (G1 Humongous Allocation)
[2026-04-03T02:30:23.535+0600][81.566s][info][gc,task        ] GC(432) Using 10 workers of 10 for evacuation
[2026-04-03T02:30:23.538+0600][81.569s][info][gc,phases      ] GC(432)   Pre Evacuate Collection Set: 0.31ms
[2026-04-03T02:30:23.538+0600][81.569s][info][gc,phases      ] GC(432)   Merge Heap Roots: 0.08ms
[2026-04-03T02:30:23.538+0600][81.569s][info][gc,phases      ] GC(432)   Evacuate Collection Set: 2.03ms
[2026-04-03T02:30:23.538+0600][81.569s][info][gc,phases      ] GC(432)   Post Evacuate Collection Set: 0.45ms
[2026-04-03T02:30:23.538+0600][81.569s][info][gc,phases      ] GC(432)   Other: 0.10ms
[2026-04-03T02:30:23.538+0600][81.569s][info][gc,heap        ] GC(432) Eden regions: 2->0(312)
[2026-04-03T02:30:23.538+0600][81.569s][info][gc,heap        ] GC(432) Survivor regions: 9->9(41)
[2026-04-03T02:30:23.538+0600][81.569s][info][gc,heap        ] GC(432) Old regions: 87->88
[2026-04-03T02:30:23.538+0600][81.569s][info][gc,heap        ] GC(432) Humongous regions: 23->8
[2026-04-03T02:30:23.539+0600][81.569s][info][gc,metaspace   ] GC(432) Metaspace: 132078K(133504K)->132078K(133504K) NonClass: 115445K(116160K)->115445K(116160K) Class: 16632K(17344K)->16632K(17344K)
[2026-04-03T02:30:23.539+0600][81.569s][info][gc             ] GC(432) Pause Young (Concurrent Start) (G1 Humongous Allocation) 119M->102M(536M) 3.182ms
[2026-04-03T02:30:23.539+0600][81.569s][info][gc             ] GC(433) Concurrent Mark Cycle
[2026-04-03T02:30:23.539+0600][81.569s][info][gc,cpu         ] GC(432) User=0.02s Sys=0.00s Real=0.00s
[2026-04-03T02:30:23.539+0600][81.569s][info][gc,marking     ] GC(433) Concurrent Scan Root Regions
[2026-04-03T02:30:23.541+0600][81.571s][info][gc,marking     ] GC(433) Concurrent Scan Root Regions 1.925ms
[2026-04-03T02:30:23.541+0600][81.571s][info][gc,marking     ] GC(433) Concurrent Mark
[2026-04-03T02:30:23.541+0600][81.571s][info][gc,marking     ] GC(433) Concurrent Mark From Roots
[2026-04-03T02:30:23.541+0600][81.571s][info][gc,task        ] GC(433) Using 3 workers of 3 for marking
[2026-04-03T02:30:23.631+0600][81.662s][info][gc,marking     ] GC(433) Concurrent Mark From Roots 90.675ms
[2026-04-03T02:30:23.631+0600][81.662s][info][gc,marking     ] GC(433) Concurrent Preclean
[2026-04-03T02:30:23.632+0600][81.662s][info][gc,marking     ] GC(433) Concurrent Preclean 0.377ms
[2026-04-03T02:30:23.632+0600][81.663s][info][gc,start       ] GC(433) Pause Remark
[2026-04-03T02:30:23.642+0600][81.673s][info][gc             ] GC(433) Pause Remark 444M->444M(649M) 9.858ms
[2026-04-03T02:30:23.642+0600][81.673s][info][gc,cpu         ] GC(433) User=0.06s Sys=0.00s Real=0.01s
[2026-04-03T02:30:23.642+0600][81.673s][info][gc,marking     ] GC(433) Concurrent Mark 101.766ms
[2026-04-03T02:30:23.643+0600][81.673s][info][gc,marking     ] GC(433) Concurrent Rebuild Remembered Sets and Scrub Regions
[2026-04-03T02:30:23.673+0600][81.704s][info][gc,marking     ] GC(433) Concurrent Rebuild Remembered Sets and Scrub Regions 30.745ms
[2026-04-03T02:30:23.678+0600][81.708s][info][gc,start       ] GC(433) Pause Cleanup
[2026-04-03T02:30:23.678+0600][81.709s][info][gc             ] GC(433) Pause Cleanup 638M->638M(649M) 0.389ms
[2026-04-03T02:30:23.678+0600][81.709s][info][gc,cpu         ] GC(433) User=0.00s Sys=0.00s Real=0.00s
[2026-04-03T02:30:23.678+0600][81.709s][info][gc,marking     ] GC(433) Concurrent Clear Claimed Marks
[2026-04-03T02:30:23.679+0600][81.709s][info][gc,marking     ] GC(433) Concurrent Clear Claimed Marks 0.457ms
[2026-04-03T02:30:23.679+0600][81.709s][info][gc,marking     ] GC(433) Concurrent Cleanup for Next Mark
[2026-04-03T02:30:23.682+0600][81.712s][info][gc,marking     ] GC(433) Concurrent Cleanup for Next Mark 2.553ms
[2026-04-03T02:30:23.682+0600][81.712s][info][gc             ] GC(433) Concurrent Mark Cycle 143.048ms
[2026-04-03T02:30:23.710+0600][81.741s][info][gc,start       ] GC(434) Pause Young (Prepare Mixed) (G1 Evacuation Pause)
[2026-04-03T02:30:23.710+0600][81.741s][info][gc,task        ] GC(434) Using 10 workers of 10 for evacuation
[2026-04-03T02:30:23.714+0600][81.744s][info][gc,phases      ] GC(434)   Pre Evacuate Collection Set: 0.34ms
[2026-04-03T02:30:23.714+0600][81.744s][info][gc,phases      ] GC(434)   Merge Heap Roots: 0.21ms
[2026-04-03T02:30:23.714+0600][81.744s][info][gc,phases      ] GC(434)   Evacuate Collection Set: 2.02ms
[2026-04-03T02:30:23.714+0600][81.744s][info][gc,phases      ] GC(434)   Post Evacuate Collection Set: 0.90ms
[2026-04-03T02:30:23.714+0600][81.744s][info][gc,phases      ] GC(434)   Other: 0.08ms
[2026-04-03T02:30:23.714+0600][81.744s][info][gc,heap        ] GC(434) Eden regions: 74->0(410)
[2026-04-03T02:30:23.714+0600][81.744s][info][gc,heap        ] GC(434) Survivor regions: 9->4(41)
[2026-04-03T02:30:23.714+0600][81.744s][info][gc,heap        ] GC(434) Old regions: 88->88
[2026-04-03T02:30:23.714+0600][81.744s][info][gc,heap        ] GC(434) Humongous regions: 515->8
[2026-04-03T02:30:23.714+0600][81.744s][info][gc,metaspace   ] GC(434) Metaspace: 132079K(133504K)->132079K(133504K) NonClass: 115446K(116160K)->115446K(116160K) Class: 16632K(17344K)->16632K(17344K)
[2026-04-03T02:30:23.714+0600][81.744s][info][gc             ] GC(434) Pause Young (Prepare Mixed) (G1 Evacuation Pause) 683M->98M(690M) 3.798ms
[2026-04-03T02:30:23.714+0600][81.744s][info][gc,cpu         ] GC(434) User=0.02s Sys=0.00s Real=0.00s
[2026-04-03T02:30:24.295+0600][82.325s][info][gc,start       ] GC(435) Pause Young (Mixed) (G1 Evacuation Pause)
[2026-04-03T02:30:24.295+0600][82.325s][info][gc,task        ] GC(435) Using 10 workers of 10 for evacuation
[2026-04-03T02:30:24.301+0600][82.331s][info][gc,phases      ] GC(435)   Pre Evacuate Collection Set: 0.55ms
[2026-04-03T02:30:24.301+0600][82.331s][info][gc,phases      ] GC(435)   Merge Heap Roots: 0.27ms
[2026-04-03T02:30:24.301+0600][82.331s][info][gc,phases      ] GC(435)   Evacuate Collection Set: 4.25ms
[2026-04-03T02:30:24.301+0600][82.331s][info][gc,phases      ] GC(435)   Post Evacuate Collection Set: 0.92ms
[2026-04-03T02:30:24.301+0600][82.331s][info][gc,phases      ] GC(435)   Other: 0.18ms
[2026-04-03T02:30:24.301+0600][82.331s][info][gc,heap        ] GC(435) Eden regions: 389->0(417)
[2026-04-03T02:30:24.301+0600][82.331s][info][gc,heap        ] GC(435) Survivor regions: 4->6(52)
[2026-04-03T02:30:24.301+0600][82.331s][info][gc,heap        ] GC(435) Old regions: 88->87
[2026-04-03T02:30:24.301+0600][82.331s][info][gc,heap        ] GC(435) Humongous regions: 217->12
[2026-04-03T02:30:24.301+0600][82.332s][info][gc,metaspace   ] GC(435) Metaspace: 132086K(133504K)->132086K(133504K) NonClass: 115454K(116160K)->115454K(116160K) Class: 16632K(17344K)->16632K(17344K)
[2026-04-03T02:30:24.301+0600][82.332s][info][gc             ] GC(435) Pause Young (Mixed) (G1 Evacuation Pause) 696M->103M(705M) 6.479ms
[2026-04-03T02:30:24.301+0600][82.332s][info][gc,cpu         ] GC(435) User=0.03s Sys=0.02s Real=0.01s
[2026-04-03T02:30:24.302+0600][82.332s][info][gc,start       ] GC(436) Pause Young (Concurrent Start) (G1 Humongous Allocation)
[2026-04-03T02:30:24.302+0600][82.333s][info][gc,task        ] GC(436) Using 10 workers of 10 for evacuation
[2026-04-03T02:30:24.305+0600][82.336s][info][gc,phases      ] GC(436)   Pre Evacuate Collection Set: 0.23ms
[2026-04-03T02:30:24.305+0600][82.336s][info][gc,phases      ] GC(436)   Merge Heap Roots: 0.08ms
[2026-04-03T02:30:24.305+0600][82.336s][info][gc,phases      ] GC(436)   Evacuate Collection Set: 1.95ms
[2026-04-03T02:30:24.305+0600][82.336s][info][gc,phases      ] GC(436)   Post Evacuate Collection Set: 0.61ms
[2026-04-03T02:30:24.305+0600][82.336s][info][gc,phases      ] GC(436)   Other: 0.12ms
[2026-04-03T02:30:24.305+0600][82.336s][info][gc,heap        ] GC(436) Eden regions: 3->0(417)
[2026-04-03T02:30:24.305+0600][82.336s][info][gc,heap        ] GC(436) Survivor regions: 6->6(53)
[2026-04-03T02:30:24.305+0600][82.336s][info][gc,heap        ] GC(436) Old regions: 87->87
[2026-04-03T02:30:24.305+0600][82.336s][info][gc,heap        ] GC(436) Humongous regions: 14->8
[2026-04-03T02:30:24.305+0600][82.336s][info][gc,metaspace   ] GC(436) Metaspace: 132086K(133504K)->132086K(133504K) NonClass: 115454K(116160K)->115454K(116160K) Class: 16632K(17344K)->16632K(17344K)
[2026-04-03T02:30:24.305+0600][82.336s][info][gc             ] GC(436) Pause Young (Concurrent Start) (G1 Humongous Allocation) 108M->99M(705M) 3.247ms
[2026-04-03T02:30:24.305+0600][82.336s][info][gc             ] GC(437) Concurrent Mark Cycle
[2026-04-03T02:30:24.305+0600][82.336s][info][gc,cpu         ] GC(436) User=0.03s Sys=0.00s Real=0.00s
[2026-04-03T02:30:24.305+0600][82.336s][info][gc,marking     ] GC(437) Concurrent Scan Root Regions
[2026-04-03T02:30:24.307+0600][82.338s][info][gc,marking     ] GC(437) Concurrent Scan Root Regions 2.032ms
[2026-04-03T02:30:24.308+0600][82.338s][info][gc,marking     ] GC(437) Concurrent Mark
[2026-04-03T02:30:24.308+0600][82.338s][info][gc,marking     ] GC(437) Concurrent Mark From Roots
[2026-04-03T02:30:24.308+0600][82.338s][info][gc,task        ] GC(437) Using 3 workers of 3 for marking
[2026-04-03T02:30:24.410+0600][82.440s][info][gc,marking     ] GC(437) Concurrent Mark From Roots 102.435ms
[2026-04-03T02:30:24.410+0600][82.441s][info][gc,marking     ] GC(437) Concurrent Preclean
[2026-04-03T02:30:24.411+0600][82.441s][info][gc,marking     ] GC(437) Concurrent Preclean 0.643ms
[2026-04-03T02:30:24.411+0600][82.441s][info][gc,start       ] GC(437) Pause Remark
[2026-04-03T02:30:24.420+0600][82.451s][info][gc             ] GC(437) Pause Remark 217M->217M(507M) 9.414ms
[2026-04-03T02:30:24.421+0600][82.451s][info][gc,cpu         ] GC(437) User=0.07s Sys=0.01s Real=0.01s
[2026-04-03T02:30:24.421+0600][82.451s][info][gc,marking     ] GC(437) Concurrent Mark 113.252ms
[2026-04-03T02:30:24.421+0600][82.451s][info][gc,marking     ] GC(437) Concurrent Rebuild Remembered Sets and Scrub Regions
[2026-04-03T02:30:24.457+0600][82.487s][info][gc,marking     ] GC(437) Concurrent Rebuild Remembered Sets and Scrub Regions 35.952ms
[2026-04-03T02:30:24.457+0600][82.488s][info][gc,start       ] GC(437) Pause Cleanup
[2026-04-03T02:30:24.458+0600][82.488s][info][gc             ] GC(437) Pause Cleanup 266M->266M(507M) 0.314ms
[2026-04-03T02:30:24.458+0600][82.488s][info][gc,cpu         ] GC(437) User=0.00s Sys=0.00s Real=0.00s
[2026-04-03T02:30:24.458+0600][82.488s][info][gc,marking     ] GC(437) Concurrent Clear Claimed Marks
[2026-04-03T02:30:24.458+0600][82.489s][info][gc,marking     ] GC(437) Concurrent Clear Claimed Marks 0.423ms
[2026-04-03T02:30:24.458+0600][82.489s][info][gc,marking     ] GC(437) Concurrent Cleanup for Next Mark
[2026-04-03T02:30:24.460+0600][82.490s][info][gc,marking     ] GC(437) Concurrent Cleanup for Next Mark 1.105ms
[2026-04-03T02:30:24.460+0600][82.490s][info][gc             ] GC(437) Concurrent Mark Cycle 154.321ms
[2026-04-03T02:30:24.605+0600][82.636s][info][gc,start       ] GC(438) Pause Young (Prepare Mixed) (GCLocker Initiated GC)
[2026-04-03T02:30:24.605+0600][82.636s][info][gc,task        ] GC(438) Using 10 workers of 10 for evacuation
[2026-04-03T02:30:24.612+0600][82.643s][info][gc,phases      ] GC(438)   Pre Evacuate Collection Set: 0.76ms
[2026-04-03T02:30:24.612+0600][82.643s][info][gc,phases      ] GC(438)   Merge Heap Roots: 0.39ms
[2026-04-03T02:30:24.612+0600][82.643s][info][gc,phases      ] GC(438)   Evacuate Collection Set: 4.85ms
[2026-04-03T02:30:24.612+0600][82.643s][info][gc,phases      ] GC(438)   Post Evacuate Collection Set: 0.68ms
[2026-04-03T02:30:24.612+0600][82.643s][info][gc,phases      ] GC(438)   Other: 0.13ms
[2026-04-03T02:30:24.612+0600][82.643s][info][gc,heap        ] GC(438) Eden regions: 229->0(301)
[2026-04-03T02:30:24.612+0600][82.643s][info][gc,heap        ] GC(438) Survivor regions: 6->9(38)
[2026-04-03T02:30:24.612+0600][82.643s][info][gc,heap        ] GC(438) Old regions: 87->88
[2026-04-03T02:30:24.612+0600][82.643s][info][gc,heap        ] GC(438) Humongous regions: 185->8
[2026-04-03T02:30:24.612+0600][82.643s][info][gc,metaspace   ] GC(438) Metaspace: 132086K(133504K)->132086K(133504K) NonClass: 115454K(116160K)->115454K(116160K) Class: 16632K(17344K)->16632K(17344K)
[2026-04-03T02:30:24.612+0600][82.643s][info][gc             ] GC(438) Pause Young (Prepare Mixed) (GCLocker Initiated GC) 505M->102M(517M) 7.122ms
[2026-04-03T02:30:24.612+0600][82.643s][info][gc,cpu         ] GC(438) User=0.03s Sys=0.01s Real=0.01s
[2026-04-03T02:30:24.926+0600][82.957s][info][gc,start       ] GC(439) Pause Young (Mixed) (G1 Evacuation Pause)
[2026-04-03T02:30:24.927+0600][82.957s][info][gc,task        ] GC(439) Using 10 workers of 10 for evacuation
[2026-04-03T02:30:24.932+0600][82.962s][info][gc,phases      ] GC(439)   Pre Evacuate Collection Set: 0.22ms
[2026-04-03T02:30:24.932+0600][82.963s][info][gc,phases      ] GC(439)   Merge Heap Roots: 0.17ms
[2026-04-03T02:30:24.932+0600][82.963s][info][gc,phases      ] GC(439)   Evacuate Collection Set: 4.19ms
[2026-04-03T02:30:24.932+0600][82.963s][info][gc,phases      ] GC(439)   Post Evacuate Collection Set: 0.80ms
[2026-04-03T02:30:24.932+0600][82.963s][info][gc,phases      ] GC(439)   Other: 0.10ms
[2026-04-03T02:30:24.932+0600][82.963s][info][gc,heap        ] GC(439) Eden regions: 247->0(312)
[2026-04-03T02:30:24.932+0600][82.963s][info][gc,heap        ] GC(439) Survivor regions: 9->10(40)
[2026-04-03T02:30:24.932+0600][82.963s][info][gc,heap        ] GC(439) Old regions: 88->87
[2026-04-03T02:30:24.932+0600][82.963s][info][gc,heap        ] GC(439) Humongous regions: 183->8
[2026-04-03T02:30:24.932+0600][82.963s][info][gc,metaspace   ] GC(439) Metaspace: 132089K(133504K)->132089K(133504K) NonClass: 115457K(116160K)->115457K(116160K) Class: 16632K(17344K)->16632K(17344K)
[2026-04-03T02:30:24.932+0600][82.963s][info][gc             ] GC(439) Pause Young (Mixed) (G1 Evacuation Pause) 524M->103M(537M) 5.717ms
[2026-04-03T02:30:24.932+0600][82.963s][info][gc,cpu         ] GC(439) User=0.03s Sys=0.02s Real=0.01s
[2026-04-03T02:30:24.940+0600][82.970s][info][gc,start       ] GC(440) Pause Young (Concurrent Start) (G1 Humongous Allocation)
[2026-04-03T02:30:24.940+0600][82.970s][info][gc,task        ] GC(440) Using 10 workers of 10 for evacuation
[2026-04-03T02:30:24.943+0600][82.973s][info][gc,phases      ] GC(440)   Pre Evacuate Collection Set: 0.33ms
[2026-04-03T02:30:24.943+0600][82.973s][info][gc,phases      ] GC(440)   Merge Heap Roots: 0.11ms
[2026-04-03T02:30:24.943+0600][82.973s][info][gc,phases      ] GC(440)   Evacuate Collection Set: 2.01ms
[2026-04-03T02:30:24.943+0600][82.973s][info][gc,phases      ] GC(440)   Post Evacuate Collection Set: 0.49ms
[2026-04-03T02:30:24.943+0600][82.973s][info][gc,phases      ] GC(440)   Other: 0.13ms
[2026-04-03T02:30:24.943+0600][82.973s][info][gc,heap        ] GC(440) Eden regions: 4->0(313)
[2026-04-03T02:30:24.943+0600][82.973s][info][gc,heap        ] GC(440) Survivor regions: 10->9(41)
[2026-04-03T02:30:24.943+0600][82.973s][info][gc,heap        ] GC(440) Old regions: 87->87
[2026-04-03T02:30:24.943+0600][82.973s][info][gc,heap        ] GC(440) Humongous regions: 8->8
[2026-04-03T02:30:24.943+0600][82.973s][info][gc,metaspace   ] GC(440) Metaspace: 132089K(133504K)->132089K(133504K) NonClass: 115457K(116160K)->115457K(116160K) Class: 16632K(17344K)->16632K(17344K)
[2026-04-03T02:30:24.943+0600][82.973s][info][gc             ] GC(440) Pause Young (Concurrent Start) (G1 Humongous Allocation) 107M->102M(537M) 3.329ms
[2026-04-03T02:30:24.943+0600][82.973s][info][gc             ] GC(441) Concurrent Mark Cycle
[2026-04-03T02:30:24.943+0600][82.973s][info][gc,marking     ] GC(441) Concurrent Scan Root Regions
[2026-04-03T02:30:24.943+0600][82.973s][info][gc,cpu         ] GC(440) User=0.02s Sys=0.00s Real=0.01s
[2026-04-03T02:30:24.945+0600][82.975s][info][gc,marking     ] GC(441) Concurrent Scan Root Regions 1.890ms
[2026-04-03T02:30:24.945+0600][82.975s][info][gc,marking     ] GC(441) Concurrent Mark
[2026-04-03T02:30:24.945+0600][82.975s][info][gc,marking     ] GC(441) Concurrent Mark From Roots
[2026-04-03T02:30:24.945+0600][82.975s][info][gc,task        ] GC(441) Using 3 workers of 3 for marking
[2026-04-03T02:30:25.044+0600][83.075s][info][gc,marking     ] GC(441) Concurrent Mark From Roots 99.325ms
[2026-04-03T02:30:25.044+0600][83.075s][info][gc,marking     ] GC(441) Concurrent Preclean
[2026-04-03T02:30:25.045+0600][83.076s][info][gc,marking     ] GC(441) Concurrent Preclean 0.644ms
[2026-04-03T02:30:25.046+0600][83.076s][info][gc,start       ] GC(441) Pause Remark
[2026-04-03T02:30:25.055+0600][83.086s][info][gc             ] GC(441) Pause Remark 201M->201M(460M) 9.690ms
[2026-04-03T02:30:25.056+0600][83.086s][info][gc,cpu         ] GC(441) User=0.08s Sys=0.00s Real=0.01s
[2026-04-03T02:30:25.056+0600][83.086s][info][gc,marking     ] GC(441) Concurrent Mark 111.070ms
[2026-04-03T02:30:25.056+0600][83.087s][info][gc,marking     ] GC(441) Concurrent Rebuild Remembered Sets and Scrub Regions
[2026-04-03T02:30:25.121+0600][83.152s][info][gc,marking     ] GC(441) Concurrent Rebuild Remembered Sets and Scrub Regions 65.315ms
[2026-04-03T02:30:25.122+0600][83.152s][info][gc,start       ] GC(441) Pause Cleanup
[2026-04-03T02:30:25.122+0600][83.153s][info][gc             ] GC(441) Pause Cleanup 280M->280M(460M) 0.272ms
[2026-04-03T02:30:25.122+0600][83.153s][info][gc,cpu         ] GC(441) User=0.00s Sys=0.00s Real=0.00s
[2026-04-03T02:30:25.122+0600][83.153s][info][gc,marking     ] GC(441) Concurrent Clear Claimed Marks
[2026-04-03T02:30:25.123+0600][83.153s][info][gc,marking     ] GC(441) Concurrent Clear Claimed Marks 0.425ms
[2026-04-03T02:30:25.123+0600][83.153s][info][gc,marking     ] GC(441) Concurrent Cleanup for Next Mark
[2026-04-03T02:30:25.124+0600][83.154s][info][gc,marking     ] GC(441) Concurrent Cleanup for Next Mark 0.864ms
[2026-04-03T02:30:25.124+0600][83.154s][info][gc             ] GC(441) Concurrent Mark Cycle 180.828ms
[2026-04-03T02:30:25.265+0600][83.295s][info][gc,start       ] GC(442) Pause Young (Prepare Mixed) (G1 Evacuation Pause)
[2026-04-03T02:30:25.265+0600][83.295s][info][gc,task        ] GC(442) Using 10 workers of 10 for evacuation
[2026-04-03T02:30:25.268+0600][83.298s][info][gc,phases      ] GC(442)   Pre Evacuate Collection Set: 0.27ms
[2026-04-03T02:30:25.268+0600][83.298s][info][gc,phases      ] GC(442)   Merge Heap Roots: 0.17ms
[2026-04-03T02:30:25.268+0600][83.298s][info][gc,phases      ] GC(442)   Evacuate Collection Set: 1.94ms
[2026-04-03T02:30:25.268+0600][83.298s][info][gc,phases      ] GC(442)   Post Evacuate Collection Set: 0.46ms
[2026-04-03T02:30:25.268+0600][83.298s][info][gc,phases      ] GC(442)   Other: 0.08ms
[2026-04-03T02:30:25.268+0600][83.298s][info][gc,heap        ] GC(442) Eden regions: 267->0(271)
[2026-04-03T02:30:25.268+0600][83.298s][info][gc,heap        ] GC(442) Survivor regions: 9->6(35)
[2026-04-03T02:30:25.268+0600][83.298s][info][gc,heap        ] GC(442) Old regions: 87->88
[2026-04-03T02:30:25.268+0600][83.298s][info][gc,heap        ] GC(442) Humongous regions: 93->8
[2026-04-03T02:30:25.268+0600][83.298s][info][gc,metaspace   ] GC(442) Metaspace: 132091K(133504K)->132091K(133504K) NonClass: 115459K(116160K)->115459K(116160K) Class: 16632K(17344K)->16632K(17344K)
[2026-04-03T02:30:25.268+0600][83.298s][info][gc             ] GC(442) Pause Young (Prepare Mixed) (G1 Evacuation Pause) 453M->99M(463M) 3.180ms
[2026-04-03T02:30:25.268+0600][83.298s][info][gc,cpu         ] GC(442) User=0.02s Sys=0.00s Real=0.00s
[2026-04-03T02:30:25.326+0600][83.356s][info][gc,start       ] GC(443) Pause Young (Mixed) (G1 Evacuation Pause)
[2026-04-03T02:30:25.326+0600][83.356s][info][gc,task        ] GC(443) Using 10 workers of 10 for evacuation
[2026-04-03T02:30:25.330+0600][83.361s][info][gc,phases      ] GC(443)   Pre Evacuate Collection Set: 0.32ms
[2026-04-03T02:30:25.330+0600][83.361s][info][gc,phases      ] GC(443)   Merge Heap Roots: 0.17ms
[2026-04-03T02:30:25.330+0600][83.361s][info][gc,phases      ] GC(443)   Evacuate Collection Set: 3.06ms
[2026-04-03T02:30:25.330+0600][83.361s][info][gc,phases      ] GC(443)   Post Evacuate Collection Set: 0.74ms
[2026-04-03T02:30:25.330+0600][83.361s][info][gc,phases      ] GC(443)   Other: 0.08ms
[2026-04-03T02:30:25.331+0600][83.361s][info][gc,heap        ] GC(443) Eden regions: 51->0(285)
[2026-04-03T02:30:25.331+0600][83.361s][info][gc,heap        ] GC(443) Survivor regions: 6->5(35)
[2026-04-03T02:30:25.331+0600][83.361s][info][gc,heap        ] GC(443) Old regions: 88->87
[2026-04-03T02:30:25.331+0600][83.361s][info][gc,heap        ] GC(443) Humongous regions: 333->18
[2026-04-03T02:30:25.331+0600][83.361s][info][gc,metaspace   ] GC(443) Metaspace: 132094K(133504K)->132094K(133504K) NonClass: 115461K(116160K)->115461K(116160K) Class: 16632K(17344K)->16632K(17344K)
[2026-04-03T02:30:25.331+0600][83.361s][info][gc             ] GC(443) Pause Young (Mixed) (G1 Evacuation Pause) 475M->108M(484M) 4.618ms
[2026-04-03T02:30:25.331+0600][83.361s][info][gc,cpu         ] GC(443) User=0.02s Sys=0.01s Real=0.01s
[2026-04-03T02:30:25.332+0600][83.362s][info][gc,start       ] GC(444) Pause Young (Concurrent Start) (G1 Humongous Allocation)
[2026-04-03T02:30:25.332+0600][83.362s][info][gc,task        ] GC(444) Using 10 workers of 10 for evacuation
[2026-04-03T02:30:25.335+0600][83.365s][info][gc,phases      ] GC(444)   Pre Evacuate Collection Set: 0.36ms
[2026-04-03T02:30:25.335+0600][83.365s][info][gc,phases      ] GC(444)   Merge Heap Roots: 0.07ms
[2026-04-03T02:30:25.335+0600][83.365s][info][gc,phases      ] GC(444)   Evacuate Collection Set: 1.86ms
[2026-04-03T02:30:25.335+0600][83.365s][info][gc,phases      ] GC(444)   Post Evacuate Collection Set: 0.42ms
[2026-04-03T02:30:25.335+0600][83.365s][info][gc,phases      ] GC(444)   Other: 0.08ms
[2026-04-03T02:30:25.335+0600][83.365s][info][gc,heap        ] GC(444) Eden regions: 1->0(260)
[2026-04-03T02:30:25.335+0600][83.365s][info][gc,heap        ] GC(444) Survivor regions: 5->5(37)
[2026-04-03T02:30:25.335+0600][83.365s][info][gc,heap        ] GC(444) Old regions: 87->87
[2026-04-03T02:30:25.335+0600][83.365s][info][gc,heap        ] GC(444) Humongous regions: 18->8
[2026-04-03T02:30:25.335+0600][83.365s][info][gc,metaspace   ] GC(444) Metaspace: 132094K(133504K)->132094K(133504K) NonClass: 115461K(116160K)->115461K(116160K) Class: 16632K(17344K)->16632K(17344K)
[2026-04-03T02:30:25.335+0600][83.365s][info][gc             ] GC(444) Pause Young (Concurrent Start) (G1 Humongous Allocation) 109M->98M(484M) 3.001ms
[2026-04-03T02:30:25.335+0600][83.365s][info][gc             ] GC(445) Concurrent Mark Cycle
[2026-04-03T02:30:25.335+0600][83.365s][info][gc,marking     ] GC(445) Concurrent Scan Root Regions
[2026-04-03T02:30:25.335+0600][83.365s][info][gc,cpu         ] GC(444) User=0.02s Sys=0.00s Real=0.00s
[2026-04-03T02:30:25.336+0600][83.367s][info][gc,marking     ] GC(445) Concurrent Scan Root Regions 1.545ms
[2026-04-03T02:30:25.336+0600][83.367s][info][gc,marking     ] GC(445) Concurrent Mark
[2026-04-03T02:30:25.337+0600][83.367s][info][gc,marking     ] GC(445) Concurrent Mark From Roots
[2026-04-03T02:30:25.337+0600][83.367s][info][gc,task        ] GC(445) Using 3 workers of 3 for marking
[2026-04-03T02:30:25.428+0600][83.459s][info][gc,marking     ] GC(445) Concurrent Mark From Roots 91.911ms
[2026-04-03T02:30:25.429+0600][83.459s][info][gc,marking     ] GC(445) Concurrent Preclean
[2026-04-03T02:30:25.429+0600][83.460s][info][gc,marking     ] GC(445) Concurrent Preclean 0.621ms
[2026-04-03T02:30:25.436+0600][83.466s][info][gc,start       ] GC(445) Pause Remark
[2026-04-03T02:30:25.447+0600][83.478s][info][gc             ] GC(445) Pause Remark 491M->491M(729M) 11.285ms
[2026-04-03T02:30:25.447+0600][83.478s][info][gc,cpu         ] GC(445) User=0.07s Sys=0.00s Real=0.01s
[2026-04-03T02:30:25.448+0600][83.478s][info][gc,marking     ] GC(445) Concurrent Mark 111.058ms
[2026-04-03T02:30:25.448+0600][83.478s][info][gc,marking     ] GC(445) Concurrent Rebuild Remembered Sets and Scrub Regions
[2026-04-03T02:30:25.477+0600][83.508s][info][gc,marking     ] GC(445) Concurrent Rebuild Remembered Sets and Scrub Regions 29.746ms
[2026-04-03T02:30:25.478+0600][83.509s][info][gc,start       ] GC(445) Pause Cleanup
[2026-04-03T02:30:25.479+0600][83.509s][info][gc             ] GC(445) Pause Cleanup 538M->538M(729M) 0.430ms
[2026-04-03T02:30:25.479+0600][83.509s][info][gc,cpu         ] GC(445) User=0.00s Sys=0.00s Real=0.00s
[2026-04-03T02:30:25.479+0600][83.510s][info][gc,marking     ] GC(445) Concurrent Clear Claimed Marks
[2026-04-03T02:30:25.480+0600][83.510s][info][gc,marking     ] GC(445) Concurrent Clear Claimed Marks 0.438ms
[2026-04-03T02:30:25.480+0600][83.510s][info][gc,marking     ] GC(445) Concurrent Cleanup for Next Mark
[2026-04-03T02:30:25.482+0600][83.512s][info][gc,marking     ] GC(445) Concurrent Cleanup for Next Mark 2.419ms
[2026-04-03T02:30:25.482+0600][83.513s][info][gc             ] GC(445) Concurrent Mark Cycle 147.259ms
[2026-04-03T02:30:25.701+0600][83.731s][info][gc,start       ] GC(446) Pause Young (Prepare Mixed) (G1 Evacuation Pause)
[2026-04-03T02:30:25.701+0600][83.731s][info][gc,task        ] GC(446) Using 10 workers of 10 for evacuation
[2026-04-03T02:30:25.704+0600][83.734s][info][gc,phases      ] GC(446)   Pre Evacuate Collection Set: 0.28ms
[2026-04-03T02:30:25.704+0600][83.734s][info][gc,phases      ] GC(446)   Merge Heap Roots: 0.15ms
[2026-04-03T02:30:25.704+0600][83.734s][info][gc,phases      ] GC(446)   Evacuate Collection Set: 1.92ms
[2026-04-03T02:30:25.704+0600][83.734s][info][gc,phases      ] GC(446)   Post Evacuate Collection Set: 0.60ms
[2026-04-03T02:30:25.704+0600][83.734s][info][gc,phases      ] GC(446)   Other: 0.08ms
[2026-04-03T02:30:25.704+0600][83.735s][info][gc,heap        ] GC(446) Eden regions: 160->0(435)
[2026-04-03T02:30:25.704+0600][83.735s][info][gc,heap        ] GC(446) Survivor regions: 5->5(34)
[2026-04-03T02:30:25.704+0600][83.735s][info][gc,heap        ] GC(446) Old regions: 87->87
[2026-04-03T02:30:25.704+0600][83.735s][info][gc,heap        ] GC(446) Humongous regions: 477->8
[2026-04-03T02:30:25.704+0600][83.735s][info][gc,metaspace   ] GC(446) Metaspace: 132100K(133504K)->132100K(133504K) NonClass: 115468K(116160K)->115468K(116160K) Class: 16632K(17344K)->16632K(17344K)
[2026-04-03T02:30:25.704+0600][83.735s][info][gc             ] GC(446) Pause Young (Prepare Mixed) (G1 Evacuation Pause) 727M->98M(734M) 3.265ms
[2026-04-03T02:30:25.704+0600][83.735s][info][gc,cpu         ] GC(446) User=0.01s Sys=0.00s Real=0.00s
[2026-04-03T02:30:26.251+0600][84.281s][info][gc,start       ] GC(447) Pause Young (Mixed) (GCLocker Initiated GC)
[2026-04-03T02:30:26.251+0600][84.281s][info][gc,task        ] GC(447) Using 10 workers of 10 for evacuation
[2026-04-03T02:30:26.257+0600][84.287s][info][gc,phases      ] GC(447)   Pre Evacuate Collection Set: 0.42ms
[2026-04-03T02:30:26.257+0600][84.287s][info][gc,phases      ] GC(447)   Merge Heap Roots: 0.27ms
[2026-04-03T02:30:26.257+0600][84.287s][info][gc,phases      ] GC(447)   Evacuate Collection Set: 4.19ms
[2026-04-03T02:30:26.257+0600][84.287s][info][gc,phases      ] GC(447)   Post Evacuate Collection Set: 0.92ms
[2026-04-03T02:30:26.257+0600][84.287s][info][gc,phases      ] GC(447)   Other: 0.13ms
[2026-04-03T02:30:26.257+0600][84.287s][info][gc,heap        ] GC(447) Eden regions: 419->0(441)
[2026-04-03T02:30:26.257+0600][84.287s][info][gc,heap        ] GC(447) Survivor regions: 5->8(55)
[2026-04-03T02:30:26.257+0600][84.287s][info][gc,heap        ] GC(447) Old regions: 87->87
[2026-04-03T02:30:26.257+0600][84.287s][info][gc,heap        ] GC(447) Humongous regions: 229->8
[2026-04-03T02:30:26.257+0600][84.287s][info][gc,metaspace   ] GC(447) Metaspace: 132100K(133504K)->132100K(133504K) NonClass: 115468K(116160K)->115468K(116160K) Class: 16632K(17344K)->16632K(17344K)
[2026-04-03T02:30:26.257+0600][84.287s][info][gc             ] GC(447) Pause Young (Mixed) (GCLocker Initiated GC) 738M->101M(749M) 6.262ms
[2026-04-03T02:30:26.257+0600][84.287s][info][gc,cpu         ] GC(447) User=0.03s Sys=0.02s Real=0.00s
[2026-04-03T02:30:26.262+0600][84.293s][info][gc,start       ] GC(448) Pause Young (Concurrent Start) (G1 Humongous Allocation)
[2026-04-03T02:30:26.262+0600][84.293s][info][gc,task        ] GC(448) Using 10 workers of 10 for evacuation
[2026-04-03T02:30:26.266+0600][84.296s][info][gc,phases      ] GC(448)   Pre Evacuate Collection Set: 0.38ms
[2026-04-03T02:30:26.266+0600][84.296s][info][gc,phases      ] GC(448)   Merge Heap Roots: 0.14ms
[2026-04-03T02:30:26.266+0600][84.296s][info][gc,phases      ] GC(448)   Evacuate Collection Set: 2.18ms
[2026-04-03T02:30:26.266+0600][84.296s][info][gc,phases      ] GC(448)   Post Evacuate Collection Set: 0.58ms
[2026-04-03T02:30:26.266+0600][84.296s][info][gc,phases      ] GC(448)   Other: 0.12ms
[2026-04-03T02:30:26.266+0600][84.296s][info][gc,heap        ] GC(448) Eden regions: 8->0(443)
[2026-04-03T02:30:26.266+0600][84.296s][info][gc,heap        ] GC(448) Survivor regions: 8->6(57)
[2026-04-03T02:30:26.266+0600][84.296s][info][gc,heap        ] GC(448) Old regions: 87->87
[2026-04-03T02:30:26.266+0600][84.296s][info][gc,heap        ] GC(448) Humongous regions: 8->8
[2026-04-03T02:30:26.266+0600][84.296s][info][gc,metaspace   ] GC(448) Metaspace: 132100K(133504K)->132100K(133504K) NonClass: 115468K(116160K)->115468K(116160K) Class: 16632K(17344K)->16632K(17344K)
[2026-04-03T02:30:26.266+0600][84.296s][info][gc             ] GC(448) Pause Young (Concurrent Start) (G1 Humongous Allocation) 108M->99M(749M) 3.673ms
[2026-04-03T02:30:26.266+0600][84.296s][info][gc             ] GC(449) Concurrent Mark Cycle
[2026-04-03T02:30:26.266+0600][84.297s][info][gc,cpu         ] GC(448) User=0.02s Sys=0.00s Real=0.00s
[2026-04-03T02:30:26.266+0600][84.297s][info][gc,marking     ] GC(449) Concurrent Scan Root Regions
[2026-04-03T02:30:26.268+0600][84.299s][info][gc,marking     ] GC(449) Concurrent Scan Root Regions 1.940ms
[2026-04-03T02:30:26.268+0600][84.299s][info][gc,marking     ] GC(449) Concurrent Mark
[2026-04-03T02:30:26.268+0600][84.299s][info][gc,marking     ] GC(449) Concurrent Mark From Roots
[2026-04-03T02:30:26.268+0600][84.299s][info][gc,task        ] GC(449) Using 3 workers of 3 for marking
[2026-04-03T02:30:26.375+0600][84.405s][info][gc,marking     ] GC(449) Concurrent Mark From Roots 106.776ms
[2026-04-03T02:30:26.375+0600][84.405s][info][gc,marking     ] GC(449) Concurrent Preclean
[2026-04-03T02:30:26.376+0600][84.406s][info][gc,marking     ] GC(449) Concurrent Preclean 0.627ms
[2026-04-03T02:30:26.376+0600][84.407s][info][gc,start       ] GC(449) Pause Remark
[2026-04-03T02:30:26.386+0600][84.416s][info][gc             ] GC(449) Pause Remark 237M->237M(527M) 9.600ms
[2026-04-03T02:30:26.386+0600][84.416s][info][gc,cpu         ] GC(449) User=0.07s Sys=0.00s Real=0.01s
[2026-04-03T02:30:26.386+0600][84.416s][info][gc,marking     ] GC(449) Concurrent Mark 117.902ms
[2026-04-03T02:30:26.386+0600][84.417s][info][gc,marking     ] GC(449) Concurrent Rebuild Remembered Sets and Scrub Regions
[2026-04-03T02:30:26.422+0600][84.452s][info][gc,marking     ] GC(449) Concurrent Rebuild Remembered Sets and Scrub Regions 35.796ms
[2026-04-03T02:30:26.422+0600][84.453s][info][gc,start       ] GC(449) Pause Cleanup
[2026-04-03T02:30:26.423+0600][84.453s][info][gc             ] GC(449) Pause Cleanup 278M->278M(527M) 0.391ms
[2026-04-03T02:30:26.423+0600][84.453s][info][gc,cpu         ] GC(449) User=0.00s Sys=0.00s Real=0.00s
[2026-04-03T02:30:26.423+0600][84.454s][info][gc,marking     ] GC(449) Concurrent Clear Claimed Marks
[2026-04-03T02:30:26.424+0600][84.454s][info][gc,marking     ] GC(449) Concurrent Clear Claimed Marks 0.404ms
[2026-04-03T02:30:26.424+0600][84.454s][info][gc,marking     ] GC(449) Concurrent Cleanup for Next Mark
[2026-04-03T02:30:26.425+0600][84.455s][info][gc,marking     ] GC(449) Concurrent Cleanup for Next Mark 0.937ms
[2026-04-03T02:30:26.425+0600][84.455s][info][gc             ] GC(449) Concurrent Mark Cycle 158.554ms
[2026-04-03T02:30:26.596+0600][84.627s][info][gc,start       ] GC(450) Pause Young (Prepare Mixed) (G1 Evacuation Pause)
[2026-04-03T02:30:26.596+0600][84.627s][info][gc,task        ] GC(450) Using 10 workers of 10 for evacuation
[2026-04-03T02:30:26.603+0600][84.634s][info][gc,phases      ] GC(450)   Pre Evacuate Collection Set: 0.33ms
[2026-04-03T02:30:26.603+0600][84.634s][info][gc,phases      ] GC(450)   Merge Heap Roots: 0.37ms
[2026-04-03T02:30:26.603+0600][84.634s][info][gc,phases      ] GC(450)   Evacuate Collection Set: 4.92ms
[2026-04-03T02:30:26.603+0600][84.634s][info][gc,phases      ] GC(450)   Post Evacuate Collection Set: 0.82ms
[2026-04-03T02:30:26.603+0600][84.634s][info][gc,phases      ] GC(450)   Other: 0.13ms
[2026-04-03T02:30:26.603+0600][84.634s][info][gc,heap        ] GC(450) Eden regions: 243->0(313)
[2026-04-03T02:30:26.603+0600][84.634s][info][gc,heap        ] GC(450) Survivor regions: 6->8(40)
[2026-04-03T02:30:26.603+0600][84.634s][info][gc,heap        ] GC(450) Old regions: 87->88
[2026-04-03T02:30:26.603+0600][84.634s][info][gc,heap        ] GC(450) Humongous regions: 191->8
[2026-04-03T02:30:26.603+0600][84.634s][info][gc,metaspace   ] GC(450) Metaspace: 132100K(133504K)->132100K(133504K) NonClass: 115468K(116160K)->115468K(116160K) Class: 16632K(17344K)->16632K(17344K)
[2026-04-03T02:30:26.603+0600][84.634s][info][gc             ] GC(450) Pause Young (Prepare Mixed) (G1 Evacuation Pause) 525M->102M(536M) 6.876ms
[2026-04-03T02:30:26.603+0600][84.634s][info][gc,cpu         ] GC(450) User=0.04s Sys=0.01s Real=0.01s
[2026-04-03T02:30:26.946+0600][84.976s][info][gc,start       ] GC(451) Pause Young (Mixed) (G1 Evacuation Pause)
[2026-04-03T02:30:26.946+0600][84.976s][info][gc,task        ] GC(451) Using 10 workers of 10 for evacuation
[2026-04-03T02:30:26.952+0600][84.983s][info][gc,phases      ] GC(451)   Pre Evacuate Collection Set: 0.50ms
[2026-04-03T02:30:26.952+0600][84.983s][info][gc,phases      ] GC(451)   Merge Heap Roots: 0.41ms
[2026-04-03T02:30:26.952+0600][84.983s][info][gc,phases      ] GC(451)   Evacuate Collection Set: 4.69ms
[2026-04-03T02:30:26.952+0600][84.983s][info][gc,phases      ] GC(451)   Post Evacuate Collection Set: 0.77ms
[2026-04-03T02:30:26.952+0600][84.983s][info][gc,phases      ] GC(451)   Other: 0.15ms
[2026-04-03T02:30:26.952+0600][84.983s][info][gc,heap        ] GC(451) Eden regions: 307->0(318)
[2026-04-03T02:30:26.952+0600][84.983s][info][gc,heap        ] GC(451) Survivor regions: 8->8(41)
[2026-04-03T02:30:26.953+0600][84.983s][info][gc,heap        ] GC(451) Old regions: 88->87
[2026-04-03T02:30:26.953+0600][84.983s][info][gc,heap        ] GC(451) Humongous regions: 133->8
[2026-04-03T02:30:26.953+0600][84.983s][info][gc,metaspace   ] GC(451) Metaspace: 132100K(133504K)->132100K(133504K) NonClass: 115468K(116160K)->115468K(116160K) Class: 16632K(17344K)->16632K(17344K)
[2026-04-03T02:30:26.953+0600][84.983s][info][gc             ] GC(451) Pause Young (Mixed) (G1 Evacuation Pause) 534M->102M(544M) 6.811ms
[2026-04-03T02:30:26.953+0600][84.983s][info][gc,cpu         ] GC(451) User=0.04s Sys=0.01s Real=0.01s
[2026-04-03T02:30:26.974+0600][85.005s][info][gc,start       ] GC(452) Pause Young (Concurrent Start) (G1 Humongous Allocation)
[2026-04-03T02:30:26.975+0600][85.005s][info][gc,task        ] GC(452) Using 10 workers of 10 for evacuation
[2026-04-03T02:30:26.980+0600][85.010s][info][gc,phases      ] GC(452)   Pre Evacuate Collection Set: 0.68ms
[2026-04-03T02:30:26.980+0600][85.010s][info][gc,phases      ] GC(452)   Merge Heap Roots: 0.20ms
[2026-04-03T02:30:26.980+0600][85.010s][info][gc,phases      ] GC(452)   Evacuate Collection Set: 3.24ms
[2026-04-03T02:30:26.980+0600][85.010s][info][gc,phases      ] GC(452)   Post Evacuate Collection Set: 0.69ms
[2026-04-03T02:30:26.980+0600][85.010s][info][gc,phases      ] GC(452)   Other: 0.27ms
[2026-04-03T02:30:26.980+0600][85.010s][info][gc,heap        ] GC(452) Eden regions: 36->0(316)
[2026-04-03T02:30:26.980+0600][85.010s][info][gc,heap        ] GC(452) Survivor regions: 8->10(41)
[2026-04-03T02:30:26.980+0600][85.010s][info][gc,heap        ] GC(452) Old regions: 87->87
[2026-04-03T02:30:26.980+0600][85.010s][info][gc,heap        ] GC(452) Humongous regions: 8->8
[2026-04-03T02:30:26.980+0600][85.010s][info][gc,metaspace   ] GC(452) Metaspace: 132100K(133504K)->132100K(133504K) NonClass: 115468K(116160K)->115468K(116160K) Class: 16632K(17344K)->16632K(17344K)
[2026-04-03T02:30:26.980+0600][85.010s][info][gc             ] GC(452) Pause Young (Concurrent Start) (G1 Humongous Allocation) 138M->103M(544M) 5.462ms
[2026-04-03T02:30:26.980+0600][85.010s][info][gc             ] GC(453) Concurrent Mark Cycle
[2026-04-03T02:30:26.980+0600][85.010s][info][gc,marking     ] GC(453) Concurrent Scan Root Regions
[2026-04-03T02:30:26.980+0600][85.010s][info][gc,cpu         ] GC(452) User=0.03s Sys=0.00s Real=0.01s
[2026-04-03T02:30:26.983+0600][85.014s][info][gc,marking     ] GC(453) Concurrent Scan Root Regions 3.107ms
[2026-04-03T02:30:26.983+0600][85.014s][info][gc,marking     ] GC(453) Concurrent Mark
[2026-04-03T02:30:26.983+0600][85.014s][info][gc,marking     ] GC(453) Concurrent Mark From Roots
[2026-04-03T02:30:26.983+0600][85.014s][info][gc,task        ] GC(453) Using 3 workers of 3 for marking
[2026-04-03T02:30:27.054+0600][85.084s][info][gc,marking     ] GC(453) Concurrent Mark From Roots 70.786ms
[2026-04-03T02:30:27.054+0600][85.084s][info][gc,marking     ] GC(453) Concurrent Preclean
[2026-04-03T02:30:27.054+0600][85.085s][info][gc,marking     ] GC(453) Concurrent Preclean 0.210ms
[2026-04-03T02:30:27.055+0600][85.085s][info][gc,start       ] GC(453) Pause Remark
[2026-04-03T02:30:27.062+0600][85.093s][info][gc             ] GC(453) Pause Remark 169M->169M(450M) 7.867ms
[2026-04-03T02:30:27.063+0600][85.093s][info][gc,cpu         ] GC(453) User=0.05s Sys=0.00s Real=0.01s
[2026-04-03T02:30:27.063+0600][85.093s][info][gc,marking     ] GC(453) Concurrent Mark 79.594ms
[2026-04-03T02:30:27.063+0600][85.093s][info][gc,marking     ] GC(453) Concurrent Rebuild Remembered Sets and Scrub Regions
[2026-04-03T02:30:27.090+0600][85.121s][info][gc,marking     ] GC(453) Concurrent Rebuild Remembered Sets and Scrub Regions 27.517ms
[2026-04-03T02:30:27.091+0600][85.121s][info][gc,start       ] GC(453) Pause Cleanup
[2026-04-03T02:30:27.091+0600][85.121s][info][gc             ] GC(453) Pause Cleanup 178M->178M(450M) 0.329ms
[2026-04-03T02:30:27.091+0600][85.122s][info][gc,cpu         ] GC(453) User=0.00s Sys=0.00s Real=0.00s
[2026-04-03T02:30:27.091+0600][85.122s][info][gc,marking     ] GC(453) Concurrent Clear Claimed Marks
[2026-04-03T02:30:27.092+0600][85.122s][info][gc,marking     ] GC(453) Concurrent Clear Claimed Marks 0.364ms
[2026-04-03T02:30:27.092+0600][85.122s][info][gc,marking     ] GC(453) Concurrent Cleanup for Next Mark
[2026-04-03T02:30:27.092+0600][85.123s][info][gc,marking     ] GC(453) Concurrent Cleanup for Next Mark 0.484ms
[2026-04-03T02:30:27.092+0600][85.123s][info][gc             ] GC(453) Concurrent Mark Cycle 112.240ms
[2026-04-03T02:30:27.143+0600][85.173s][info][gc,start       ] GC(454) Pause Young (Prepare Mixed) (G1 Evacuation Pause)
[2026-04-03T02:30:27.143+0600][85.174s][info][gc,task        ] GC(454) Using 10 workers of 10 for evacuation
[2026-04-03T02:30:27.147+0600][85.177s][info][gc,phases      ] GC(454)   Pre Evacuate Collection Set: 0.35ms
[2026-04-03T02:30:27.147+0600][85.177s][info][gc,phases      ] GC(454)   Merge Heap Roots: 0.17ms
[2026-04-03T02:30:27.147+0600][85.177s][info][gc,phases      ] GC(454)   Evacuate Collection Set: 2.51ms
[2026-04-03T02:30:27.147+0600][85.177s][info][gc,phases      ] GC(454)   Post Evacuate Collection Set: 0.76ms
[2026-04-03T02:30:27.147+0600][85.178s][info][gc,phases      ] GC(454)   Other: 0.11ms
[2026-04-03T02:30:27.147+0600][85.178s][info][gc,heap        ] GC(454) Eden regions: 87->0(290)
[2026-04-03T02:30:27.147+0600][85.178s][info][gc,heap        ] GC(454) Survivor regions: 10->10(34)
[2026-04-03T02:30:27.147+0600][85.178s][info][gc,heap        ] GC(454) Old regions: 87->88
[2026-04-03T02:30:27.147+0600][85.178s][info][gc,heap        ] GC(454) Humongous regions: 306->13
[2026-04-03T02:30:27.147+0600][85.178s][info][gc,metaspace   ] GC(454) Metaspace: 132100K(133504K)->132100K(133504K) NonClass: 115468K(116160K)->115468K(116160K) Class: 16632K(17344K)->16632K(17344K)
[2026-04-03T02:30:27.147+0600][85.178s][info][gc             ] GC(454) Pause Young (Prepare Mixed) (G1 Evacuation Pause) 488M->108M(501M) 4.226ms
[2026-04-03T02:30:27.147+0600][85.178s][info][gc,cpu         ] GC(454) User=0.02s Sys=0.00s Real=0.00s
[2026-04-03T02:30:27.248+0600][85.278s][info][gc,start       ] GC(455) Pause Young (Mixed) (G1 Evacuation Pause)
[2026-04-03T02:30:27.248+0600][85.278s][info][gc,task        ] GC(455) Using 10 workers of 10 for evacuation
[2026-04-03T02:30:27.252+0600][85.283s][info][gc,phases      ] GC(455)   Pre Evacuate Collection Set: 0.32ms
[2026-04-03T02:30:27.252+0600][85.283s][info][gc,phases      ] GC(455)   Merge Heap Roots: 0.17ms
[2026-04-03T02:30:27.252+0600][85.283s][info][gc,phases      ] GC(455)   Evacuate Collection Set: 2.87ms
[2026-04-03T02:30:27.252+0600][85.283s][info][gc,phases      ] GC(455)   Post Evacuate Collection Set: 0.88ms
[2026-04-03T02:30:27.252+0600][85.283s][info][gc,phases      ] GC(455)   Other: 0.09ms
[2026-04-03T02:30:27.252+0600][85.283s][info][gc,heap        ] GC(455) Eden regions: 64->0(351)
[2026-04-03T02:30:27.252+0600][85.283s][info][gc,heap        ] GC(455) Survivor regions: 10->5(38)
[2026-04-03T02:30:27.252+0600][85.283s][info][gc,heap        ] GC(455) Old regions: 88->87
[2026-04-03T02:30:27.252+0600][85.283s][info][gc,heap        ] GC(455) Humongous regions: 426->15
[2026-04-03T02:30:27.252+0600][85.283s][info][gc,metaspace   ] GC(455) Metaspace: 132101K(133504K)->132101K(133504K) NonClass: 115469K(116160K)->115469K(116160K) Class: 16632K(17344K)->16632K(17344K)
[2026-04-03T02:30:27.252+0600][85.283s][info][gc             ] GC(455) Pause Young (Mixed) (G1 Evacuation Pause) 585M->105M(594M) 4.576ms
[2026-04-03T02:30:27.252+0600][85.283s][info][gc,cpu         ] GC(455) User=0.02s Sys=0.01s Real=0.01s
[2026-04-03T02:30:27.253+0600][85.283s][info][gc,start       ] GC(456) Pause Young (Concurrent Start) (G1 Humongous Allocation)
[2026-04-03T02:30:27.253+0600][85.283s][info][gc,task        ] GC(456) Using 10 workers of 10 for evacuation
[2026-04-03T02:30:27.256+0600][85.286s][info][gc,phases      ] GC(456)   Pre Evacuate Collection Set: 0.33ms
[2026-04-03T02:30:27.256+0600][85.286s][info][gc,phases      ] GC(456)   Merge Heap Roots: 0.06ms
[2026-04-03T02:30:27.256+0600][85.286s][info][gc,phases      ] GC(456)   Evacuate Collection Set: 1.79ms
[2026-04-03T02:30:27.256+0600][85.286s][info][gc,phases      ] GC(456)   Post Evacuate Collection Set: 0.43ms
[2026-04-03T02:30:27.256+0600][85.286s][info][gc,phases      ] GC(456)   Other: 0.11ms
[2026-04-03T02:30:27.256+0600][85.286s][info][gc,heap        ] GC(456) Eden regions: 1->0(338)
[2026-04-03T02:30:27.256+0600][85.286s][info][gc,heap        ] GC(456) Survivor regions: 5->5(45)
[2026-04-03T02:30:27.256+0600][85.286s][info][gc,heap        ] GC(456) Old regions: 87->87
[2026-04-03T02:30:27.256+0600][85.286s][info][gc,heap        ] GC(456) Humongous regions: 15->8
[2026-04-03T02:30:27.256+0600][85.286s][info][gc,metaspace   ] GC(456) Metaspace: 132101K(133504K)->132101K(133504K) NonClass: 115469K(116160K)->115469K(116160K) Class: 16632K(17344K)->16632K(17344K)
[2026-04-03T02:30:27.256+0600][85.286s][info][gc             ] GC(456) Pause Young (Concurrent Start) (G1 Humongous Allocation) 106M->99M(594M) 2.935ms
[2026-04-03T02:30:27.256+0600][85.286s][info][gc             ] GC(457) Concurrent Mark Cycle
[2026-04-03T02:30:27.256+0600][85.286s][info][gc,marking     ] GC(457) Concurrent Scan Root Regions
[2026-04-03T02:30:27.256+0600][85.286s][info][gc,cpu         ] GC(456) User=0.02s Sys=0.00s Real=0.00s
[2026-04-03T02:30:27.257+0600][85.288s][info][gc,marking     ] GC(457) Concurrent Scan Root Regions 1.419ms
[2026-04-03T02:30:27.257+0600][85.288s][info][gc,marking     ] GC(457) Concurrent Mark
[2026-04-03T02:30:27.258+0600][85.288s][info][gc,marking     ] GC(457) Concurrent Mark From Roots
[2026-04-03T02:30:27.258+0600][85.288s][info][gc,task        ] GC(457) Using 3 workers of 3 for marking
[2026-04-03T02:30:27.339+0600][85.369s][info][gc,marking     ] GC(457) Concurrent Mark From Roots 81.414ms
[2026-04-03T02:30:27.339+0600][85.369s][info][gc,marking     ] GC(457) Concurrent Preclean
[2026-04-03T02:30:27.339+0600][85.370s][info][gc,marking     ] GC(457) Concurrent Preclean 0.237ms
[2026-04-03T02:30:27.340+0600][85.370s][info][gc,start       ] GC(457) Pause Remark
[2026-04-03T02:30:27.347+0600][85.378s][info][gc             ] GC(457) Pause Remark 202M->202M(484M) 7.770ms
[2026-04-03T02:30:27.348+0600][85.378s][info][gc,cpu         ] GC(457) User=0.05s Sys=0.00s Real=0.01s
[2026-04-03T02:30:27.348+0600][85.378s][info][gc,marking     ] GC(457) Concurrent Mark 90.215ms
[2026-04-03T02:30:27.348+0600][85.378s][info][gc,marking     ] GC(457) Concurrent Rebuild Remembered Sets and Scrub Regions
[2026-04-03T02:30:27.383+0600][85.413s][info][gc,marking     ] GC(457) Concurrent Rebuild Remembered Sets and Scrub Regions 34.998ms
[2026-04-03T02:30:27.383+0600][85.414s][info][gc,start       ] GC(457) Pause Cleanup
[2026-04-03T02:30:27.384+0600][85.414s][info][gc             ] GC(457) Pause Cleanup 246M->246M(484M) 0.315ms
[2026-04-03T02:30:27.384+0600][85.414s][info][gc,cpu         ] GC(457) User=0.00s Sys=0.00s Real=0.00s
[2026-04-03T02:30:27.384+0600][85.414s][info][gc,marking     ] GC(457) Concurrent Clear Claimed Marks
[2026-04-03T02:30:27.384+0600][85.415s][info][gc,marking     ] GC(457) Concurrent Clear Claimed Marks 0.358ms
[2026-04-03T02:30:27.384+0600][85.415s][info][gc,marking     ] GC(457) Concurrent Cleanup for Next Mark
[2026-04-03T02:30:27.385+0600][85.416s][info][gc,marking     ] GC(457) Concurrent Cleanup for Next Mark 0.861ms
[2026-04-03T02:30:27.385+0600][85.416s][info][gc             ] GC(457) Concurrent Mark Cycle 129.181ms
[2026-04-03T02:30:27.716+0600][85.747s][info][gc,start       ] GC(458) Pause Young (Prepare Mixed) (G1 Evacuation Pause)
[2026-04-03T02:30:27.716+0600][85.747s][info][gc,task        ] GC(458) Using 10 workers of 10 for evacuation
[2026-04-03T02:30:27.721+0600][85.751s][info][gc,phases      ] GC(458)   Pre Evacuate Collection Set: 0.35ms
[2026-04-03T02:30:27.721+0600][85.751s][info][gc,phases      ] GC(458)   Merge Heap Roots: 0.27ms
[2026-04-03T02:30:27.721+0600][85.751s][info][gc,phases      ] GC(458)   Evacuate Collection Set: 3.01ms
[2026-04-03T02:30:27.721+0600][85.751s][info][gc,phases      ] GC(458)   Post Evacuate Collection Set: 0.64ms
[2026-04-03T02:30:27.721+0600][85.751s][info][gc,phases      ] GC(458)   Other: 0.10ms
[2026-04-03T02:30:27.721+0600][85.751s][info][gc,heap        ] GC(458) Eden regions: 266->0(286)
[2026-04-03T02:30:27.721+0600][85.751s][info][gc,heap        ] GC(458) Survivor regions: 5->6(37)
[2026-04-03T02:30:27.721+0600][85.751s][info][gc,heap        ] GC(458) Old regions: 87->88
[2026-04-03T02:30:27.721+0600][85.751s][info][gc,heap        ] GC(458) Humongous regions: 130->10
[2026-04-03T02:30:27.721+0600][85.751s][info][gc,metaspace   ] GC(458) Metaspace: 132102K(133504K)->132102K(133504K) NonClass: 115470K(116160K)->115470K(116160K) Class: 16632K(17344K)->16632K(17344K)
[2026-04-03T02:30:27.721+0600][85.751s][info][gc             ] GC(458) Pause Young (Prepare Mixed) (G1 Evacuation Pause) 487M->101M(495M) 4.839ms
[2026-04-03T02:30:27.721+0600][85.751s][info][gc,cpu         ] GC(458) User=0.01s Sys=0.02s Real=0.01s
[2026-04-03T02:30:27.965+0600][85.996s][info][gc,start       ] GC(459) Pause Young (Mixed) (G1 Evacuation Pause)
[2026-04-03T02:30:27.966+0600][85.996s][info][gc,task        ] GC(459) Using 10 workers of 10 for evacuation
[2026-04-03T02:30:27.970+0600][86.001s][info][gc,phases      ] GC(459)   Pre Evacuate Collection Set: 0.27ms
[2026-04-03T02:30:27.970+0600][86.001s][info][gc,phases      ] GC(459)   Merge Heap Roots: 0.17ms
[2026-04-03T02:30:27.970+0600][86.001s][info][gc,phases      ] GC(459)   Evacuate Collection Set: 3.49ms
[2026-04-03T02:30:27.970+0600][86.001s][info][gc,phases      ] GC(459)   Post Evacuate Collection Set: 0.66ms
[2026-04-03T02:30:27.970+0600][86.001s][info][gc,phases      ] GC(459)   Other: 0.12ms
[2026-04-03T02:30:27.970+0600][86.001s][info][gc,heap        ] GC(459) Eden regions: 211->0(297)
[2026-04-03T02:30:27.970+0600][86.001s][info][gc,heap        ] GC(459) Survivor regions: 6->7(37)
[2026-04-03T02:30:27.970+0600][86.001s][info][gc,heap        ] GC(459) Old regions: 88->87
[2026-04-03T02:30:27.970+0600][86.001s][info][gc,heap        ] GC(459) Humongous regions: 195->8
[2026-04-03T02:30:27.970+0600][86.001s][info][gc,metaspace   ] GC(459) Metaspace: 132102K(133504K)->132102K(133504K) NonClass: 115470K(116160K)->115470K(116160K) Class: 16632K(17344K)->16632K(17344K)
[2026-04-03T02:30:27.970+0600][86.001s][info][gc             ] GC(459) Pause Young (Mixed) (G1 Evacuation Pause) 497M->100M(507M) 4.984ms
[2026-04-03T02:30:27.971+0600][86.001s][info][gc,cpu         ] GC(459) User=0.02s Sys=0.01s Real=0.01s
[2026-04-03T02:30:27.982+0600][86.013s][info][gc,start       ] GC(460) Pause Young (Concurrent Start) (GCLocker Initiated GC)
[2026-04-03T02:30:27.983+0600][86.013s][info][gc,task        ] GC(460) Using 10 workers of 10 for evacuation
[2026-04-03T02:30:27.987+0600][86.017s][info][gc,phases      ] GC(460)   Pre Evacuate Collection Set: 0.46ms
[2026-04-03T02:30:27.987+0600][86.017s][info][gc,phases      ] GC(460)   Merge Heap Roots: 0.14ms
[2026-04-03T02:30:27.987+0600][86.017s][info][gc,phases      ] GC(460)   Evacuate Collection Set: 2.66ms
[2026-04-03T02:30:27.987+0600][86.017s][info][gc,phases      ] GC(460)   Post Evacuate Collection Set: 0.62ms
[2026-04-03T02:30:27.987+0600][86.017s][info][gc,phases      ] GC(460)   Other: 0.10ms
[2026-04-03T02:30:27.987+0600][86.017s][info][gc,heap        ] GC(460) Eden regions: 20->0(297)
[2026-04-03T02:30:27.987+0600][86.017s][info][gc,heap        ] GC(460) Survivor regions: 7->7(38)
[2026-04-03T02:30:27.987+0600][86.017s][info][gc,heap        ] GC(460) Old regions: 87->87
[2026-04-03T02:30:27.987+0600][86.017s][info][gc,heap        ] GC(460) Humongous regions: 8->8
[2026-04-03T02:30:27.987+0600][86.017s][info][gc,metaspace   ] GC(460) Metaspace: 132102K(133504K)->132102K(133504K) NonClass: 115470K(116160K)->115470K(116160K) Class: 16632K(17344K)->16632K(17344K)
[2026-04-03T02:30:27.987+0600][86.017s][info][gc             ] GC(460) Pause Young (Concurrent Start) (GCLocker Initiated GC) 120M->100M(507M) 4.250ms
[2026-04-03T02:30:27.987+0600][86.017s][info][gc,cpu         ] GC(460) User=0.03s Sys=0.00s Real=0.00s
[2026-04-03T02:30:27.987+0600][86.017s][info][gc             ] GC(461) Concurrent Mark Cycle
[2026-04-03T02:30:27.987+0600][86.017s][info][gc,marking     ] GC(461) Concurrent Scan Root Regions
[2026-04-03T02:30:27.989+0600][86.020s][info][gc,marking     ] GC(461) Concurrent Scan Root Regions 2.425ms
[2026-04-03T02:30:27.989+0600][86.020s][info][gc,marking     ] GC(461) Concurrent Mark
[2026-04-03T02:30:27.989+0600][86.020s][info][gc,marking     ] GC(461) Concurrent Mark From Roots
[2026-04-03T02:30:27.989+0600][86.020s][info][gc,task        ] GC(461) Using 3 workers of 3 for marking
[2026-04-03T02:30:28.089+0600][86.119s][info][gc,marking     ] GC(461) Concurrent Mark From Roots 99.252ms
[2026-04-03T02:30:28.089+0600][86.119s][info][gc,marking     ] GC(461) Concurrent Preclean
[2026-04-03T02:30:28.089+0600][86.120s][info][gc,marking     ] GC(461) Concurrent Preclean 0.449ms
[2026-04-03T02:30:28.090+0600][86.120s][info][gc,start       ] GC(461) Pause Remark
[2026-04-03T02:30:28.099+0600][86.129s][info][gc             ] GC(461) Pause Remark 236M->236M(507M) 9.052ms
[2026-04-03T02:30:28.099+0600][86.129s][info][gc,cpu         ] GC(461) User=0.07s Sys=0.01s Real=0.01s
[2026-04-03T02:30:28.099+0600][86.129s][info][gc,marking     ] GC(461) Concurrent Mark 109.603ms
[2026-04-03T02:30:28.099+0600][86.129s][info][gc,marking     ] GC(461) Concurrent Rebuild Remembered Sets and Scrub Regions
[2026-04-03T02:30:28.134+0600][86.165s][info][gc,marking     ] GC(461) Concurrent Rebuild Remembered Sets and Scrub Regions 35.122ms
[2026-04-03T02:30:28.135+0600][86.165s][info][gc,start       ] GC(461) Pause Cleanup
[2026-04-03T02:30:28.135+0600][86.165s][info][gc             ] GC(461) Pause Cleanup 275M->275M(507M) 0.353ms
[2026-04-03T02:30:28.135+0600][86.166s][info][gc,cpu         ] GC(461) User=0.00s Sys=0.00s Real=0.00s
[2026-04-03T02:30:28.135+0600][86.166s][info][gc,marking     ] GC(461) Concurrent Clear Claimed Marks
[2026-04-03T02:30:28.136+0600][86.166s][info][gc,marking     ] GC(461) Concurrent Clear Claimed Marks 0.384ms
[2026-04-03T02:30:28.136+0600][86.166s][info][gc,marking     ] GC(461) Concurrent Cleanup for Next Mark
[2026-04-03T02:30:28.137+0600][86.167s][info][gc,marking     ] GC(461) Concurrent Cleanup for Next Mark 0.898ms
[2026-04-03T02:30:28.137+0600][86.167s][info][gc             ] GC(461) Concurrent Mark Cycle 149.838ms
[2026-04-03T02:30:28.274+0600][86.304s][info][gc,start       ] GC(462) Pause Young (Prepare Mixed) (G1 Evacuation Pause)
[2026-04-03T02:30:28.274+0600][86.304s][info][gc,task        ] GC(462) Using 10 workers of 10 for evacuation
[2026-04-03T02:30:28.279+0600][86.309s][info][gc,phases      ] GC(462)   Pre Evacuate Collection Set: 0.27ms
[2026-04-03T02:30:28.279+0600][86.309s][info][gc,phases      ] GC(462)   Merge Heap Roots: 0.19ms
[2026-04-03T02:30:28.279+0600][86.309s][info][gc,phases      ] GC(462)   Evacuate Collection Set: 3.29ms
[2026-04-03T02:30:28.279+0600][86.309s][info][gc,phases      ] GC(462)   Post Evacuate Collection Set: 0.90ms
[2026-04-03T02:30:28.279+0600][86.309s][info][gc,phases      ] GC(462)   Other: 0.11ms
[2026-04-03T02:30:28.279+0600][86.309s][info][gc,heap        ] GC(462) Eden regions: 227->0(304)
[2026-04-03T02:30:28.279+0600][86.309s][info][gc,heap        ] GC(462) Survivor regions: 7->6(38)
[2026-04-03T02:30:28.279+0600][86.309s][info][gc,heap        ] GC(462) Old regions: 87->87
[2026-04-03T02:30:28.279+0600][86.309s][info][gc,heap        ] GC(462) Humongous regions: 190->10
[2026-04-03T02:30:28.279+0600][86.309s][info][gc,metaspace   ] GC(462) Metaspace: 132102K(133504K)->132102K(133504K) NonClass: 115470K(116160K)->115470K(116160K) Class: 16632K(17344K)->16632K(17344K)
[2026-04-03T02:30:28.279+0600][86.309s][info][gc             ] GC(462) Pause Young (Prepare Mixed) (G1 Evacuation Pause) 509M->102M(517M) 5.077ms
[2026-04-03T02:30:28.279+0600][86.310s][info][gc,cpu         ] GC(462) User=0.02s Sys=0.01s Real=0.00s
[2026-04-03T02:30:28.603+0600][86.633s][info][gc,start       ] GC(463) Pause Young (Mixed) (G1 Evacuation Pause)
[2026-04-03T02:30:28.603+0600][86.634s][info][gc,task        ] GC(463) Using 10 workers of 10 for evacuation
[2026-04-03T02:30:28.611+0600][86.642s][info][gc,phases      ] GC(463)   Pre Evacuate Collection Set: 0.52ms
[2026-04-03T02:30:28.611+0600][86.642s][info][gc,phases      ] GC(463)   Merge Heap Roots: 0.40ms
[2026-04-03T02:30:28.611+0600][86.642s][info][gc,phases      ] GC(463)   Evacuate Collection Set: 5.91ms
[2026-04-03T02:30:28.611+0600][86.642s][info][gc,phases      ] GC(463)   Post Evacuate Collection Set: 1.22ms
[2026-04-03T02:30:28.611+0600][86.642s][info][gc,phases      ] GC(463)   Other: 0.14ms
[2026-04-03T02:30:28.611+0600][86.642s][info][gc,heap        ] GC(463) Eden regions: 282->0(306)
[2026-04-03T02:30:28.611+0600][86.642s][info][gc,heap        ] GC(463) Survivor regions: 6->10(39)
[2026-04-03T02:30:28.611+0600][86.642s][info][gc,heap        ] GC(463) Old regions: 87->87
[2026-04-03T02:30:28.611+0600][86.642s][info][gc,heap        ] GC(463) Humongous regions: 142->8
[2026-04-03T02:30:28.611+0600][86.642s][info][gc,metaspace   ] GC(463) Metaspace: 132104K(133568K)->132104K(133568K) NonClass: 115471K(116224K)->115471K(116224K) Class: 16632K(17344K)->16632K(17344K)
[2026-04-03T02:30:28.611+0600][86.642s][info][gc             ] GC(463) Pause Young (Mixed) (G1 Evacuation Pause) 516M->103M(528M) 8.509ms
[2026-04-03T02:30:28.612+0600][86.642s][info][gc,cpu         ] GC(463) User=0.05s Sys=0.01s Real=0.01s
[2026-04-03T02:30:28.619+0600][86.650s][info][gc,start       ] GC(464) Pause Young (Concurrent Start) (G1 Humongous Allocation)
[2026-04-03T02:30:28.619+0600][86.650s][info][gc,task        ] GC(464) Using 10 workers of 10 for evacuation
[2026-04-03T02:30:28.624+0600][86.654s][info][gc,phases      ] GC(464)   Pre Evacuate Collection Set: 0.42ms
[2026-04-03T02:30:28.624+0600][86.655s][info][gc,phases      ] GC(464)   Merge Heap Roots: 0.23ms
[2026-04-03T02:30:28.624+0600][86.655s][info][gc,phases      ] GC(464)   Evacuate Collection Set: 3.06ms
[2026-04-03T02:30:28.624+0600][86.655s][info][gc,phases      ] GC(464)   Post Evacuate Collection Set: 0.82ms
[2026-04-03T02:30:28.624+0600][86.655s][info][gc,phases      ] GC(464)   Other: 0.24ms
[2026-04-03T02:30:28.624+0600][86.655s][info][gc,heap        ] GC(464) Eden regions: 15->0(306)
[2026-04-03T02:30:28.624+0600][86.655s][info][gc,heap        ] GC(464) Survivor regions: 10->10(40)
[2026-04-03T02:30:28.624+0600][86.655s][info][gc,heap        ] GC(464) Old regions: 87->87
[2026-04-03T02:30:28.624+0600][86.655s][info][gc,heap        ] GC(464) Humongous regions: 8->8
[2026-04-03T02:30:28.624+0600][86.655s][info][gc,metaspace   ] GC(464) Metaspace: 132104K(133568K)->132104K(133568K) NonClass: 115471K(116224K)->115471K(116224K) Class: 16632K(17344K)->16632K(17344K)
[2026-04-03T02:30:28.624+0600][86.655s][info][gc             ] GC(464) Pause Young (Concurrent Start) (G1 Humongous Allocation) 118M->103M(528M) 5.123ms
[2026-04-03T02:30:28.624+0600][86.655s][info][gc             ] GC(465) Concurrent Mark Cycle
[2026-04-03T02:30:28.624+0600][86.655s][info][gc,marking     ] GC(465) Concurrent Scan Root Regions
[2026-04-03T02:30:28.624+0600][86.655s][info][gc,cpu         ] GC(464) User=0.03s Sys=0.00s Real=0.01s
[2026-04-03T02:30:28.628+0600][86.658s][info][gc,marking     ] GC(465) Concurrent Scan Root Regions 3.147ms
[2026-04-03T02:30:28.628+0600][86.658s][info][gc,marking     ] GC(465) Concurrent Mark
[2026-04-03T02:30:28.628+0600][86.658s][info][gc,marking     ] GC(465) Concurrent Mark From Roots
[2026-04-03T02:30:28.628+0600][86.658s][info][gc,task        ] GC(465) Using 3 workers of 3 for marking
[2026-04-03T02:30:28.717+0600][86.747s][info][gc,marking     ] GC(465) Concurrent Mark From Roots 89.019ms
[2026-04-03T02:30:28.717+0600][86.747s][info][gc,marking     ] GC(465) Concurrent Preclean
[2026-04-03T02:30:28.717+0600][86.748s][info][gc,marking     ] GC(465) Concurrent Preclean 0.283ms
[2026-04-03T02:30:28.717+0600][86.748s][info][gc,start       ] GC(465) Pause Remark
[2026-04-03T02:30:28.727+0600][86.757s][info][gc             ] GC(465) Pause Remark 216M->216M(434M) 9.230ms
[2026-04-03T02:30:28.727+0600][86.757s][info][gc,cpu         ] GC(465) User=0.07s Sys=0.00s Real=0.01s
[2026-04-03T02:30:28.727+0600][86.757s][info][gc,marking     ] GC(465) Concurrent Mark 99.405ms
[2026-04-03T02:30:28.727+0600][86.758s][info][gc,marking     ] GC(465) Concurrent Rebuild Remembered Sets and Scrub Regions
[2026-04-03T02:30:28.761+0600][86.791s][info][gc,marking     ] GC(465) Concurrent Rebuild Remembered Sets and Scrub Regions 33.428ms
[2026-04-03T02:30:28.761+0600][86.791s][info][gc,start       ] GC(465) Pause Cleanup
[2026-04-03T02:30:28.761+0600][86.792s][info][gc             ] GC(465) Pause Cleanup 253M->253M(434M) 0.252ms
[2026-04-03T02:30:28.761+0600][86.792s][info][gc,cpu         ] GC(465) User=0.00s Sys=0.00s Real=0.00s
[2026-04-03T02:30:28.761+0600][86.792s][info][gc,marking     ] GC(465) Concurrent Clear Claimed Marks
[2026-04-03T02:30:28.762+0600][86.792s][info][gc,marking     ] GC(465) Concurrent Clear Claimed Marks 0.406ms
[2026-04-03T02:30:28.762+0600][86.792s][info][gc,marking     ] GC(465) Concurrent Cleanup for Next Mark
[2026-04-03T02:30:28.763+0600][86.793s][info][gc,marking     ] GC(465) Concurrent Cleanup for Next Mark 0.632ms
[2026-04-03T02:30:28.763+0600][86.793s][info][gc             ] GC(465) Concurrent Mark Cycle 138.238ms
[2026-04-03T02:30:28.918+0600][86.948s][info][gc,start       ] GC(466) Pause Young (Prepare Mixed) (G1 Evacuation Pause)
[2026-04-03T02:30:28.918+0600][86.949s][info][gc,task        ] GC(466) Using 10 workers of 10 for evacuation
[2026-04-03T02:30:28.924+0600][86.954s][info][gc,phases      ] GC(466)   Pre Evacuate Collection Set: 0.36ms
[2026-04-03T02:30:28.924+0600][86.954s][info][gc,phases      ] GC(466)   Merge Heap Roots: 0.28ms
[2026-04-03T02:30:28.924+0600][86.954s][info][gc,phases      ] GC(466)   Evacuate Collection Set: 4.25ms
[2026-04-03T02:30:28.924+0600][86.954s][info][gc,phases      ] GC(466)   Post Evacuate Collection Set: 0.69ms
[2026-04-03T02:30:28.924+0600][86.954s][info][gc,phases      ] GC(466)   Other: 0.13ms
[2026-04-03T02:30:28.924+0600][86.954s][info][gc,heap        ] GC(466) Eden regions: 239->0(257)
[2026-04-03T02:30:28.924+0600][86.954s][info][gc,heap        ] GC(466) Survivor regions: 10->8(33)
[2026-04-03T02:30:28.924+0600][86.954s][info][gc,heap        ] GC(466) Old regions: 87->88
[2026-04-03T02:30:28.924+0600][86.954s][info][gc,heap        ] GC(466) Humongous regions: 98->8
[2026-04-03T02:30:28.924+0600][86.954s][info][gc,metaspace   ] GC(466) Metaspace: 132104K(133568K)->132104K(133568K) NonClass: 115471K(116224K)->115471K(116224K) Class: 16632K(17344K)->16632K(17344K)
[2026-04-03T02:30:28.924+0600][86.954s][info][gc             ] GC(466) Pause Young (Prepare Mixed) (G1 Evacuation Pause) 432M->101M(443M) 6.068ms
[2026-04-03T02:30:28.924+0600][86.955s][info][gc,cpu         ] GC(466) User=0.03s Sys=0.02s Real=0.01s
[2026-04-03T02:30:29.177+0600][87.207s][info][gc,start       ] GC(467) Pause Young (Mixed) (G1 Evacuation Pause)
[2026-04-03T02:30:29.177+0600][87.208s][info][gc,task        ] GC(467) Using 10 workers of 10 for evacuation
[2026-04-03T02:30:29.182+0600][87.212s][info][gc,phases      ] GC(467)   Pre Evacuate Collection Set: 0.26ms
[2026-04-03T02:30:29.182+0600][87.212s][info][gc,phases      ] GC(467)   Merge Heap Roots: 0.19ms
[2026-04-03T02:30:29.182+0600][87.212s][info][gc,phases      ] GC(467)   Evacuate Collection Set: 3.43ms
[2026-04-03T02:30:29.182+0600][87.212s][info][gc,phases      ] GC(467)   Post Evacuate Collection Set: 0.64ms
[2026-04-03T02:30:29.182+0600][87.212s][info][gc,phases      ] GC(467)   Other: 0.10ms
[2026-04-03T02:30:29.182+0600][87.212s][info][gc,heap        ] GC(467) Eden regions: 213->0(267)
[2026-04-03T02:30:29.182+0600][87.212s][info][gc,heap        ] GC(467) Survivor regions: 8->4(34)
[2026-04-03T02:30:29.182+0600][87.212s][info][gc,heap        ] GC(467) Old regions: 88->87
[2026-04-03T02:30:29.182+0600][87.212s][info][gc,heap        ] GC(467) Humongous regions: 139->8
[2026-04-03T02:30:29.182+0600][87.212s][info][gc,metaspace   ] GC(467) Metaspace: 132104K(133568K)->132104K(133568K) NonClass: 115471K(116224K)->115471K(116224K) Class: 16632K(17344K)->16632K(17344K)
[2026-04-03T02:30:29.182+0600][87.212s][info][gc             ] GC(467) Pause Young (Mixed) (G1 Evacuation Pause) 445M->98M(452M) 4.852ms
[2026-04-03T02:30:29.182+0600][87.212s][info][gc,cpu         ] GC(467) User=0.02s Sys=0.01s Real=0.01s
[2026-04-03T02:30:29.214+0600][87.245s][info][gc,start       ] GC(468) Pause Young (Concurrent Start) (G1 Humongous Allocation)
[2026-04-03T02:30:29.214+0600][87.245s][info][gc,task        ] GC(468) Using 10 workers of 10 for evacuation
[2026-04-03T02:30:29.220+0600][87.251s][info][gc,phases      ] GC(468)   Pre Evacuate Collection Set: 0.48ms
[2026-04-03T02:30:29.220+0600][87.251s][info][gc,phases      ] GC(468)   Merge Heap Roots: 0.18ms
[2026-04-03T02:30:29.220+0600][87.251s][info][gc,phases      ] GC(468)   Evacuate Collection Set: 4.08ms
[2026-04-03T02:30:29.220+0600][87.251s][info][gc,phases      ] GC(468)   Post Evacuate Collection Set: 0.76ms
[2026-04-03T02:30:29.220+0600][87.251s][info][gc,phases      ] GC(468)   Other: 0.15ms
[2026-04-03T02:30:29.220+0600][87.251s][info][gc,heap        ] GC(468) Eden regions: 49->0(266)
[2026-04-03T02:30:29.220+0600][87.251s][info][gc,heap        ] GC(468) Survivor regions: 4->5(34)
[2026-04-03T02:30:29.220+0600][87.251s][info][gc,heap        ] GC(468) Old regions: 87->87
[2026-04-03T02:30:29.220+0600][87.251s][info][gc,heap        ] GC(468) Humongous regions: 8->8
[2026-04-03T02:30:29.220+0600][87.251s][info][gc,metaspace   ] GC(468) Metaspace: 132104K(133568K)->132104K(133568K) NonClass: 115471K(116224K)->115471K(116224K) Class: 16632K(17344K)->16632K(17344K)
[2026-04-03T02:30:29.220+0600][87.251s][info][gc             ] GC(468) Pause Young (Concurrent Start) (G1 Humongous Allocation) 147M->98M(452M) 6.063ms
[2026-04-03T02:30:29.221+0600][87.251s][info][gc,cpu         ] GC(468) User=0.03s Sys=0.00s Real=0.01s
[2026-04-03T02:30:29.221+0600][87.251s][info][gc             ] GC(469) Concurrent Mark Cycle
[2026-04-03T02:30:29.221+0600][87.251s][info][gc,marking     ] GC(469) Concurrent Scan Root Regions
[2026-04-03T02:30:29.224+0600][87.255s][info][gc,marking     ] GC(469) Concurrent Scan Root Regions 3.726ms
[2026-04-03T02:30:29.224+0600][87.255s][info][gc,marking     ] GC(469) Concurrent Mark
[2026-04-03T02:30:29.224+0600][87.255s][info][gc,marking     ] GC(469) Concurrent Mark From Roots
[2026-04-03T02:30:29.224+0600][87.255s][info][gc,task        ] GC(469) Using 3 workers of 3 for marking
[2026-04-03T02:30:29.295+0600][87.326s][info][gc,marking     ] GC(469) Concurrent Mark From Roots 70.618ms
[2026-04-03T02:30:29.295+0600][87.326s][info][gc,marking     ] GC(469) Concurrent Preclean
[2026-04-03T02:30:29.295+0600][87.326s][info][gc,marking     ] GC(469) Concurrent Preclean 0.255ms
[2026-04-03T02:30:29.296+0600][87.326s][info][gc,start       ] GC(469) Pause Remark
[2026-04-03T02:30:29.304+0600][87.335s][info][gc             ] GC(469) Pause Remark 147M->147M(387M) 8.421ms
[2026-04-03T02:30:29.304+0600][87.335s][info][gc,cpu         ] GC(469) User=0.07s Sys=0.00s Real=0.01s
[2026-04-03T02:30:29.304+0600][87.335s][info][gc,marking     ] GC(469) Concurrent Mark 79.928ms
[2026-04-03T02:30:29.304+0600][87.335s][info][gc,marking     ] GC(469) Concurrent Rebuild Remembered Sets and Scrub Regions
[2026-04-03T02:30:29.335+0600][87.365s][info][gc,marking     ] GC(469) Concurrent Rebuild Remembered Sets and Scrub Regions 30.476ms
[2026-04-03T02:30:29.335+0600][87.366s][info][gc,start       ] GC(469) Pause Cleanup
[2026-04-03T02:30:29.336+0600][87.366s][info][gc             ] GC(469) Pause Cleanup 149M->149M(387M) 0.359ms
[2026-04-03T02:30:29.336+0600][87.366s][info][gc,cpu         ] GC(469) User=0.00s Sys=0.01s Real=0.00s
[2026-04-03T02:30:29.336+0600][87.366s][info][gc,marking     ] GC(469) Concurrent Clear Claimed Marks
[2026-04-03T02:30:29.336+0600][87.367s][info][gc,marking     ] GC(469) Concurrent Clear Claimed Marks 0.362ms
[2026-04-03T02:30:29.336+0600][87.367s][info][gc,marking     ] GC(469) Concurrent Cleanup for Next Mark
[2026-04-03T02:30:29.337+0600][87.367s][info][gc,marking     ] GC(469) Concurrent Cleanup for Next Mark 0.728ms
[2026-04-03T02:30:29.337+0600][87.368s][info][gc             ] GC(469) Concurrent Mark Cycle 116.534ms
[2026-04-03T02:30:29.980+0600][88.011s][info][gc,heap,exit   ] Heap
[2026-04-03T02:30:29.980+0600][88.011s][info][gc,heap,exit   ]  garbage-first heap   total 396288K, used 163760K [0x00000000b1e00000, 0x0000000100000000)
[2026-04-03T02:30:29.980+0600][88.011s][info][gc,heap,exit   ]   region size 1024K, 45 young (46080K), 5 survivors (5120K)
[2026-04-03T02:30:29.980+0600][88.011s][info][gc,heap,exit   ]  Metaspace       used 132600K, committed 133952K, reserved 1179648K
[2026-04-03T02:30:29.980+0600][88.011s][info][gc,heap,exit   ]   class space    used 16725K, committed 17408K, reserved 1048576K
