[2026-04-03T02:22:28.715+0600][0.005s][info][gc,init] CardTable entry size: 512
[2026-04-03T02:22:28.715+0600][0.005s][info][gc     ] Using G1
[2026-04-03T02:22:28.719+0600][0.009s][info][gc,init] Version: 21.0.10+7-Ubuntu-124.04 (release)
[2026-04-03T02:22:28.719+0600][0.009s][info][gc,init] CPUs: 12 total, 12 available
[2026-04-03T02:22:28.719+0600][0.009s][info][gc,init] Memory: 15683M
[2026-04-03T02:22:28.719+0600][0.009s][info][gc,init] Large Page Support: Disabled
[2026-04-03T02:22:28.719+0600][0.009s][info][gc,init] NUMA Support: Disabled
[2026-04-03T02:22:28.719+0600][0.009s][info][gc,init] Compressed Oops: Enabled (32-bit)
[2026-04-03T02:22:28.719+0600][0.009s][info][gc,init] Heap Region Size: 1M
[2026-04-03T02:22:28.719+0600][0.009s][info][gc,init] Heap Min Capacity: 8M
[2026-04-03T02:22:28.719+0600][0.009s][info][gc,init] Heap Initial Capacity: 246M
[2026-04-03T02:22:28.719+0600][0.009s][info][gc,init] Heap Max Capacity: 1000M
[2026-04-03T02:22:28.719+0600][0.009s][info][gc,init] Pre-touch: Disabled
[2026-04-03T02:22:28.719+0600][0.009s][info][gc,init] Parallel Workers: 10
[2026-04-03T02:22:28.719+0600][0.009s][info][gc,init] Concurrent Workers: 3
[2026-04-03T02:22:28.719+0600][0.009s][info][gc,init] Concurrent Refinement Workers: 10
[2026-04-03T02:22:28.719+0600][0.009s][info][gc,init] Periodic GC: Disabled
[2026-04-03T02:22:28.730+0600][0.020s][info][gc,metaspace] CDS archive(s) mapped at: [0x000075fac3000000-0x000075fac3c9c000-0x000075fac3c9c000), size 13221888, SharedBaseAddress: 0x000075fac3000000, ArchiveRelocationMode: 1.
[2026-04-03T02:22:28.730+0600][0.020s][info][gc,metaspace] Compressed class space mapped at: 0x000075fac4000000-0x000075fb04000000, reserved size: 1073741824
[2026-04-03T02:22:28.730+0600][0.020s][info][gc,metaspace] Narrow klass base: 0x000075fac3000000, Narrow klass shift: 0, Narrow klass range: 0x100000000
[2026-04-03T02:22:29.080+0600][0.369s][info][gc,start    ] GC(0) Pause Young (Normal) (G1 Evacuation Pause)
[2026-04-03T02:22:29.080+0600][0.370s][info][gc,task     ] GC(0) Using 5 workers of 10 for evacuation
[2026-04-03T02:22:29.083+0600][0.373s][info][gc,phases   ] GC(0)   Pre Evacuate Collection Set: 0.12ms
[2026-04-03T02:22:29.083+0600][0.373s][info][gc,phases   ] GC(0)   Merge Heap Roots: 0.08ms
[2026-04-03T02:22:29.083+0600][0.373s][info][gc,phases   ] GC(0)   Evacuate Collection Set: 1.87ms
[2026-04-03T02:22:29.083+0600][0.373s][info][gc,phases   ] GC(0)   Post Evacuate Collection Set: 0.39ms
[2026-04-03T02:22:29.083+0600][0.373s][info][gc,phases   ] GC(0)   Other: 0.64ms
[2026-04-03T02:22:29.083+0600][0.373s][info][gc,heap     ] GC(0) Eden regions: 23->0(46)
[2026-04-03T02:22:29.083+0600][0.373s][info][gc,heap     ] GC(0) Survivor regions: 0->3(3)
[2026-04-03T02:22:29.083+0600][0.373s][info][gc,heap     ] GC(0) Old regions: 2->2
[2026-04-03T02:22:29.083+0600][0.373s][info][gc,heap     ] GC(0) Humongous regions: 0->0
[2026-04-03T02:22:29.083+0600][0.373s][info][gc,metaspace] GC(0) Metaspace: 2594K(2752K)->2594K(2752K) NonClass: 2361K(2432K)->2361K(2432K) Class: 233K(320K)->233K(320K)
[2026-04-03T02:22:29.083+0600][0.373s][info][gc          ] GC(0) Pause Young (Normal) (G1 Evacuation Pause) 24M->3M(248M) 3.401ms
[2026-04-03T02:22:29.083+0600][0.373s][info][gc,cpu      ] GC(0) User=0.01s Sys=0.01s Real=0.01s
[2026-04-03T02:22:29.222+0600][0.512s][info][gc,start    ] GC(1) Pause Young (Normal) (G1 Evacuation Pause)
[2026-04-03T02:22:29.222+0600][0.512s][info][gc,task     ] GC(1) Using 5 workers of 10 for evacuation
[2026-04-03T02:22:29.225+0600][0.515s][info][gc,phases   ] GC(1)   Pre Evacuate Collection Set: 0.33ms
[2026-04-03T02:22:29.226+0600][0.515s][info][gc,phases   ] GC(1)   Merge Heap Roots: 0.13ms
[2026-04-03T02:22:29.226+0600][0.515s][info][gc,phases   ] GC(1)   Evacuate Collection Set: 2.16ms
[2026-04-03T02:22:29.226+0600][0.515s][info][gc,phases   ] GC(1)   Post Evacuate Collection Set: 0.36ms
[2026-04-03T02:22:29.226+0600][0.515s][info][gc,phases   ] GC(1)   Other: 0.08ms
[2026-04-03T02:22:29.226+0600][0.515s][info][gc,heap     ] GC(1) Eden regions: 46->0(144)
[2026-04-03T02:22:29.226+0600][0.515s][info][gc,heap     ] GC(1) Survivor regions: 3->3(7)
[2026-04-03T02:22:29.226+0600][0.515s][info][gc,heap     ] GC(1) Old regions: 2->2
[2026-04-03T02:22:29.226+0600][0.515s][info][gc,heap     ] GC(1) Humongous regions: 0->0
[2026-04-03T02:22:29.226+0600][0.515s][info][gc,metaspace] GC(1) Metaspace: 3952K(4096K)->3952K(4096K) NonClass: 3504K(3584K)->3504K(3584K) Class: 448K(512K)->448K(512K)
[2026-04-03T02:22:29.226+0600][0.515s][info][gc          ] GC(1) Pause Young (Normal) (G1 Evacuation Pause) 49M->3M(248M) 3.322ms
[2026-04-03T02:22:29.226+0600][0.515s][info][gc,cpu      ] GC(1) User=0.01s Sys=0.00s Real=0.00s
[2026-04-03T02:22:29.775+0600][1.064s][info][gc,start    ] GC(2) Pause Young (Normal) (G1 Evacuation Pause)
[2026-04-03T02:22:29.775+0600][1.064s][info][gc,task     ] GC(2) Using 5 workers of 10 for evacuation
[2026-04-03T02:22:29.778+0600][1.068s][info][gc,phases   ] GC(2)   Pre Evacuate Collection Set: 0.21ms
[2026-04-03T02:22:29.778+0600][1.068s][info][gc,phases   ] GC(2)   Merge Heap Roots: 0.13ms
[2026-04-03T02:22:29.778+0600][1.068s][info][gc,phases   ] GC(2)   Evacuate Collection Set: 2.43ms
[2026-04-03T02:22:29.778+0600][1.068s][info][gc,phases   ] GC(2)   Post Evacuate Collection Set: 0.67ms
[2026-04-03T02:22:29.778+0600][1.068s][info][gc,phases   ] GC(2)   Other: 0.14ms
[2026-04-03T02:22:29.778+0600][1.068s][info][gc,heap     ] GC(2) Eden regions: 144->0(143)
[2026-04-03T02:22:29.778+0600][1.068s][info][gc,heap     ] GC(2) Survivor regions: 3->4(19)
[2026-04-03T02:22:29.778+0600][1.068s][info][gc,heap     ] GC(2) Old regions: 2->2
[2026-04-03T02:22:29.778+0600][1.068s][info][gc,heap     ] GC(2) Humongous regions: 0->0
[2026-04-03T02:22:29.778+0600][1.068s][info][gc,metaspace] GC(2) Metaspace: 10135K(10368K)->10135K(10368K) NonClass: 8871K(9024K)->8871K(9024K) Class: 1264K(1344K)->1264K(1344K)
[2026-04-03T02:22:29.778+0600][1.068s][info][gc          ] GC(2) Pause Young (Normal) (G1 Evacuation Pause) 147M->4M(248M) 3.826ms
[2026-04-03T02:22:29.778+0600][1.068s][info][gc,cpu      ] GC(2) User=0.01s Sys=0.01s Real=0.00s
[2026-04-03T02:22:32.403+0600][3.693s][info][gc,start    ] GC(3) Pause Young (Normal) (G1 Evacuation Pause)
[2026-04-03T02:22:32.403+0600][3.693s][info][gc,task     ] GC(3) Using 5 workers of 10 for evacuation
[2026-04-03T02:22:32.410+0600][3.700s][info][gc,phases   ] GC(3)   Pre Evacuate Collection Set: 0.21ms
[2026-04-03T02:22:32.410+0600][3.700s][info][gc,phases   ] GC(3)   Merge Heap Roots: 0.10ms
[2026-04-03T02:22:32.410+0600][3.700s][info][gc,phases   ] GC(3)   Evacuate Collection Set: 5.25ms
[2026-04-03T02:22:32.410+0600][3.700s][info][gc,phases   ] GC(3)   Post Evacuate Collection Set: 1.04ms
[2026-04-03T02:22:32.410+0600][3.700s][info][gc,phases   ] GC(3)   Other: 0.08ms
[2026-04-03T02:22:32.410+0600][3.700s][info][gc,heap     ] GC(3) Eden regions: 143->0(134)
[2026-04-03T02:22:32.410+0600][3.700s][info][gc,heap     ] GC(3) Survivor regions: 4->13(19)
[2026-04-03T02:22:32.410+0600][3.700s][info][gc,heap     ] GC(3) Old regions: 2->2
[2026-04-03T02:22:32.410+0600][3.700s][info][gc,heap     ] GC(3) Humongous regions: 7->7
[2026-04-03T02:22:32.410+0600][3.700s][info][gc,metaspace] GC(3) Metaspace: 18934K(19264K)->18934K(19264K) NonClass: 16527K(16704K)->16527K(16704K) Class: 2406K(2560K)->2406K(2560K)
[2026-04-03T02:22:32.410+0600][3.700s][info][gc          ] GC(3) Pause Young (Normal) (G1 Evacuation Pause) 154M->21M(248M) 6.990ms
[2026-04-03T02:22:32.410+0600][3.700s][info][gc,cpu      ] GC(3) User=0.04s Sys=0.00s Real=0.01s
[2026-04-03T02:22:32.592+0600][3.882s][info][gc,start    ] GC(4) Pause Young (Concurrent Start) (Metadata GC Threshold)
[2026-04-03T02:22:32.592+0600][3.882s][info][gc,task     ] GC(4) Using 5 workers of 10 for evacuation
[2026-04-03T02:22:32.598+0600][3.888s][info][gc,phases   ] GC(4)   Pre Evacuate Collection Set: 0.25ms
[2026-04-03T02:22:32.598+0600][3.888s][info][gc,phases   ] GC(4)   Merge Heap Roots: 0.04ms
[2026-04-03T02:22:32.598+0600][3.888s][info][gc,phases   ] GC(4)   Evacuate Collection Set: 4.78ms
[2026-04-03T02:22:32.598+0600][3.888s][info][gc,phases   ] GC(4)   Post Evacuate Collection Set: 0.90ms
[2026-04-03T02:22:32.598+0600][3.888s][info][gc,phases   ] GC(4)   Other: 0.12ms
[2026-04-03T02:22:32.599+0600][3.888s][info][gc,heap     ] GC(4) Eden regions: 6->0(136)
[2026-04-03T02:22:32.599+0600][3.888s][info][gc,heap     ] GC(4) Survivor regions: 13->11(19)
[2026-04-03T02:22:32.599+0600][3.888s][info][gc,heap     ] GC(4) Old regions: 2->6
[2026-04-03T02:22:32.599+0600][3.888s][info][gc,heap     ] GC(4) Humongous regions: 7->7
[2026-04-03T02:22:32.599+0600][3.888s][info][gc,metaspace] GC(4) Metaspace: 21213K(21504K)->21213K(21504K) NonClass: 18580K(18688K)->18580K(18688K) Class: 2632K(2816K)->2632K(2816K)
[2026-04-03T02:22:32.599+0600][3.888s][info][gc          ] GC(4) Pause Young (Concurrent Start) (Metadata GC Threshold) 26M->21M(248M) 6.368ms
[2026-04-03T02:22:32.599+0600][3.888s][info][gc,cpu      ] GC(4) User=0.02s Sys=0.00s Real=0.00s
[2026-04-03T02:22:32.599+0600][3.888s][info][gc          ] GC(5) Concurrent Mark Cycle
[2026-04-03T02:22:32.599+0600][3.888s][info][gc,marking  ] GC(5) Concurrent Scan Root Regions
[2026-04-03T02:22:32.601+0600][3.891s][info][gc,marking  ] GC(5) Concurrent Scan Root Regions 2.488ms
[2026-04-03T02:22:32.601+0600][3.891s][info][gc,marking  ] GC(5) Concurrent Mark
[2026-04-03T02:22:32.601+0600][3.891s][info][gc,marking  ] GC(5) Concurrent Mark From Roots
[2026-04-03T02:22:32.601+0600][3.891s][info][gc,task     ] GC(5) Using 3 workers of 3 for marking
[2026-04-03T02:22:32.604+0600][3.893s][info][gc,marking  ] GC(5) Concurrent Mark From Roots 2.497ms
[2026-04-03T02:22:32.604+0600][3.893s][info][gc,marking  ] GC(5) Concurrent Preclean
[2026-04-03T02:22:32.604+0600][3.893s][info][gc,marking  ] GC(5) Concurrent Preclean 0.019ms
[2026-04-03T02:22:32.604+0600][3.894s][info][gc,start    ] GC(5) Pause Remark
[2026-04-03T02:22:32.607+0600][3.897s][info][gc          ] GC(5) Pause Remark 22M->22M(80M) 3.385ms
[2026-04-03T02:22:32.607+0600][3.897s][info][gc,cpu      ] GC(5) User=0.01s Sys=0.00s Real=0.00s
[2026-04-03T02:22:32.607+0600][3.897s][info][gc,marking  ] GC(5) Concurrent Mark 6.187ms
[2026-04-03T02:22:32.607+0600][3.897s][info][gc,marking  ] GC(5) Concurrent Rebuild Remembered Sets and Scrub Regions
[2026-04-03T02:22:32.609+0600][3.899s][info][gc,marking  ] GC(5) Concurrent Rebuild Remembered Sets and Scrub Regions 1.680ms
[2026-04-03T02:22:32.619+0600][3.909s][info][gc,start    ] GC(5) Pause Cleanup
[2026-04-03T02:22:32.619+0600][3.909s][info][gc          ] GC(5) Pause Cleanup 22M->22M(80M) 0.260ms
[2026-04-03T02:22:32.619+0600][3.909s][info][gc,cpu      ] GC(5) User=0.00s Sys=0.00s Real=0.00s
[2026-04-03T02:22:32.619+0600][3.909s][info][gc,marking  ] GC(5) Concurrent Clear Claimed Marks
[2026-04-03T02:22:32.619+0600][3.909s][info][gc,marking  ] GC(5) Concurrent Clear Claimed Marks 0.061ms
[2026-04-03T02:22:32.619+0600][3.909s][info][gc,marking  ] GC(5) Concurrent Cleanup for Next Mark
[2026-04-03T02:22:32.620+0600][3.910s][info][gc,marking  ] GC(5) Concurrent Cleanup for Next Mark 0.817ms
[2026-04-03T02:22:32.620+0600][3.910s][info][gc          ] GC(5) Concurrent Mark Cycle 21.637ms
[2026-04-03T02:22:33.941+0600][5.231s][info][gc,start    ] GC(6) Pause Young (Prepare Mixed) (G1 Evacuation Pause)
[2026-04-03T02:22:33.941+0600][5.231s][info][gc,task     ] GC(6) Using 3 workers of 10 for evacuation
[2026-04-03T02:22:33.950+0600][5.240s][info][gc,phases   ] GC(6)   Pre Evacuate Collection Set: 0.17ms
[2026-04-03T02:22:33.950+0600][5.240s][info][gc,phases   ] GC(6)   Merge Heap Roots: 0.06ms
[2026-04-03T02:22:33.950+0600][5.240s][info][gc,phases   ] GC(6)   Evacuate Collection Set: 7.80ms
[2026-04-03T02:22:33.950+0600][5.240s][info][gc,phases   ] GC(6)   Post Evacuate Collection Set: 0.85ms
[2026-04-03T02:22:33.950+0600][5.240s][info][gc,phases   ] GC(6)   Other: 0.08ms
[2026-04-03T02:22:33.950+0600][5.240s][info][gc,heap     ] GC(6) Eden regions: 54->0(56)
[2026-04-03T02:22:33.950+0600][5.240s][info][gc,heap     ] GC(6) Survivor regions: 11->3(19)
[2026-04-03T02:22:33.950+0600][5.240s][info][gc,heap     ] GC(6) Old regions: 6->16
[2026-04-03T02:22:33.950+0600][5.240s][info][gc,heap     ] GC(6) Humongous regions: 15->9
[2026-04-03T02:22:33.950+0600][5.240s][info][gc,metaspace] GC(6) Metaspace: 28638K(28928K)->28638K(28928K) NonClass: 25076K(25216K)->25076K(25216K) Class: 3562K(3712K)->3562K(3712K)
[2026-04-03T02:22:33.950+0600][5.240s][info][gc          ] GC(6) Pause Young (Prepare Mixed) (G1 Evacuation Pause) 83M->25M(99M) 9.202ms
[2026-04-03T02:22:33.950+0600][5.240s][info][gc,cpu      ] GC(6) User=0.02s Sys=0.01s Real=0.01s
[2026-04-03T02:22:35.421+0600][6.711s][info][gc,start    ] GC(7) Pause Young (Mixed) (Metadata GC Threshold)
[2026-04-03T02:22:35.421+0600][6.711s][info][gc,task     ] GC(7) Using 2 workers of 10 for evacuation
[2026-04-03T02:22:35.429+0600][6.719s][info][gc,phases   ] GC(7)   Pre Evacuate Collection Set: 0.43ms
[2026-04-03T02:22:35.430+0600][6.719s][info][gc,phases   ] GC(7)   Merge Heap Roots: 0.14ms
[2026-04-03T02:22:35.430+0600][6.719s][info][gc,phases   ] GC(7)   Evacuate Collection Set: 6.73ms
[2026-04-03T02:22:35.430+0600][6.719s][info][gc,phases   ] GC(7)   Post Evacuate Collection Set: 0.75ms
[2026-04-03T02:22:35.430+0600][6.719s][info][gc,phases   ] GC(7)   Other: 0.08ms
[2026-04-03T02:22:35.430+0600][6.719s][info][gc,heap     ] GC(7) Eden regions: 52->0(54)
[2026-04-03T02:22:35.430+0600][6.719s][info][gc,heap     ] GC(7) Survivor regions: 3->5(8)
[2026-04-03T02:22:35.430+0600][6.719s][info][gc,heap     ] GC(7) Old regions: 16->15
[2026-04-03T02:22:35.430+0600][6.719s][info][gc,heap     ] GC(7) Humongous regions: 21->7
[2026-04-03T02:22:35.430+0600][6.719s][info][gc,metaspace] GC(7) Metaspace: 35837K(36160K)->35837K(36160K) NonClass: 31379K(31552K)->31379K(31552K) Class: 4457K(4608K)->4457K(4608K)
[2026-04-03T02:22:35.430+0600][6.719s][info][gc          ] GC(7) Pause Young (Mixed) (Metadata GC Threshold) 88M->25M(99M) 8.345ms
[2026-04-03T02:22:35.430+0600][6.719s][info][gc,cpu      ] GC(7) User=0.01s Sys=0.00s Real=0.00s
[2026-04-03T02:22:35.453+0600][6.742s][info][gc,start    ] GC(8) Pause Young (Concurrent Start) (Metadata GC Threshold)
[2026-04-03T02:22:35.453+0600][6.742s][info][gc,task     ] GC(8) Using 2 workers of 10 for evacuation
[2026-04-03T02:22:35.460+0600][6.750s][info][gc,phases   ] GC(8)   Pre Evacuate Collection Set: 0.32ms
[2026-04-03T02:22:35.460+0600][6.750s][info][gc,phases   ] GC(8)   Merge Heap Roots: 0.16ms
[2026-04-03T02:22:35.460+0600][6.750s][info][gc,phases   ] GC(8)   Evacuate Collection Set: 6.00ms
[2026-04-03T02:22:35.460+0600][6.750s][info][gc,phases   ] GC(8)   Post Evacuate Collection Set: 0.58ms
[2026-04-03T02:22:35.460+0600][6.750s][info][gc,phases   ] GC(8)   Other: 0.12ms
[2026-04-03T02:22:35.460+0600][6.750s][info][gc,heap     ] GC(8) Eden regions: 4->0(55)
[2026-04-03T02:22:35.460+0600][6.750s][info][gc,heap     ] GC(8) Survivor regions: 5->4(8)
[2026-04-03T02:22:35.460+0600][6.750s][info][gc,heap     ] GC(8) Old regions: 15->16
[2026-04-03T02:22:35.460+0600][6.750s][info][gc,heap     ] GC(8) Humongous regions: 7->7
[2026-04-03T02:22:35.460+0600][6.750s][info][gc,metaspace] GC(8) Metaspace: 36132K(36480K)->36132K(36480K) NonClass: 31638K(31808K)->31638K(31808K) Class: 4494K(4672K)->4494K(4672K)
[2026-04-03T02:22:35.460+0600][6.750s][info][gc          ] GC(8) Pause Young (Concurrent Start) (Metadata GC Threshold) 29M->25M(99M) 7.391ms
[2026-04-03T02:22:35.460+0600][6.750s][info][gc,cpu      ] GC(8) User=0.02s Sys=0.00s Real=0.01s
[2026-04-03T02:22:35.460+0600][6.750s][info][gc          ] GC(9) Concurrent Mark Cycle
[2026-04-03T02:22:35.460+0600][6.750s][info][gc,marking  ] GC(9) Concurrent Scan Root Regions
[2026-04-03T02:22:35.462+0600][6.752s][info][gc,marking  ] GC(9) Concurrent Scan Root Regions 2.209ms
[2026-04-03T02:22:35.462+0600][6.752s][info][gc,marking  ] GC(9) Concurrent Mark
[2026-04-03T02:22:35.462+0600][6.752s][info][gc,marking  ] GC(9) Concurrent Mark From Roots
[2026-04-03T02:22:35.462+0600][6.752s][info][gc,task     ] GC(9) Using 3 workers of 3 for marking
[2026-04-03T02:22:35.469+0600][6.758s][info][gc,marking  ] GC(9) Concurrent Mark From Roots 6.200ms
[2026-04-03T02:22:35.469+0600][6.758s][info][gc,marking  ] GC(9) Concurrent Preclean
[2026-04-03T02:22:35.469+0600][6.758s][info][gc,marking  ] GC(9) Concurrent Preclean 0.070ms
[2026-04-03T02:22:35.469+0600][6.759s][info][gc,start    ] GC(9) Pause Remark
[2026-04-03T02:22:35.474+0600][6.764s][info][gc          ] GC(9) Pause Remark 26M->26M(90M) 5.035ms
[2026-04-03T02:22:35.474+0600][6.764s][info][gc,cpu      ] GC(9) User=0.00s Sys=0.00s Real=0.01s
[2026-04-03T02:22:35.474+0600][6.764s][info][gc,marking  ] GC(9) Concurrent Mark 11.816ms
[2026-04-03T02:22:35.474+0600][6.764s][info][gc,marking  ] GC(9) Concurrent Rebuild Remembered Sets and Scrub Regions
[2026-04-03T02:22:35.477+0600][6.766s][info][gc,marking  ] GC(9) Concurrent Rebuild Remembered Sets and Scrub Regions 2.487ms
[2026-04-03T02:22:35.477+0600][6.767s][info][gc,start    ] GC(9) Pause Cleanup
[2026-04-03T02:22:35.477+0600][6.767s][info][gc          ] GC(9) Pause Cleanup 26M->26M(90M) 0.239ms
[2026-04-03T02:22:35.477+0600][6.767s][info][gc,cpu      ] GC(9) User=0.00s Sys=0.00s Real=0.00s
[2026-04-03T02:22:35.477+0600][6.767s][info][gc,marking  ] GC(9) Concurrent Clear Claimed Marks
[2026-04-03T02:22:35.477+0600][6.767s][info][gc,marking  ] GC(9) Concurrent Clear Claimed Marks 0.045ms
[2026-04-03T02:22:35.477+0600][6.767s][info][gc,marking  ] GC(9) Concurrent Cleanup for Next Mark
[2026-04-03T02:22:35.478+0600][6.767s][info][gc,marking  ] GC(9) Concurrent Cleanup for Next Mark 0.286ms
[2026-04-03T02:22:35.478+0600][6.767s][info][gc          ] GC(9) Concurrent Mark Cycle 17.639ms
[2026-04-03T02:22:37.043+0600][8.333s][info][gc,start    ] GC(10) Pause Young (Prepare Mixed) (G1 Evacuation Pause)
[2026-04-03T02:22:37.043+0600][8.333s][info][gc,task     ] GC(10) Using 2 workers of 10 for evacuation
[2026-04-03T02:22:37.055+0600][8.345s][info][gc,phases   ] GC(10)   Pre Evacuate Collection Set: 0.26ms
[2026-04-03T02:22:37.055+0600][8.345s][info][gc,phases   ] GC(10)   Merge Heap Roots: 0.15ms
[2026-04-03T02:22:37.055+0600][8.345s][info][gc,phases   ] GC(10)   Evacuate Collection Set: 10.52ms
[2026-04-03T02:22:37.055+0600][8.345s][info][gc,phases   ] GC(10)   Post Evacuate Collection Set: 0.78ms
[2026-04-03T02:22:37.055+0600][8.345s][info][gc,phases   ] GC(10)   Other: 0.09ms
[2026-04-03T02:22:37.055+0600][8.345s][info][gc,heap     ] GC(10) Eden regions: 50->0(51)
[2026-04-03T02:22:37.055+0600][8.345s][info][gc,heap     ] GC(10) Survivor regions: 4->6(8)
[2026-04-03T02:22:37.055+0600][8.345s][info][gc,heap     ] GC(10) Old regions: 16->16
[2026-04-03T02:22:37.055+0600][8.345s][info][gc,heap     ] GC(10) Humongous regions: 20->8
[2026-04-03T02:22:37.055+0600][8.345s][info][gc,metaspace] GC(10) Metaspace: 42827K(43264K)->42827K(43264K) NonClass: 37507K(37760K)->37507K(37760K) Class: 5319K(5504K)->5319K(5504K)
[2026-04-03T02:22:37.055+0600][8.345s][info][gc          ] GC(10) Pause Young (Prepare Mixed) (G1 Evacuation Pause) 88M->28M(96M) 12.065ms
[2026-04-03T02:22:37.055+0600][8.345s][info][gc,cpu      ] GC(10) User=0.02s Sys=0.00s Real=0.01s
[2026-04-03T02:22:38.700+0600][9.989s][info][gc,start    ] GC(11) Pause Young (Mixed) (G1 Evacuation Pause)
[2026-04-03T02:22:38.700+0600][9.990s][info][gc,task     ] GC(11) Using 2 workers of 10 for evacuation
[2026-04-03T02:22:38.715+0600][10.004s][info][gc,phases   ] GC(11)   Pre Evacuate Collection Set: 0.32ms
[2026-04-03T02:22:38.715+0600][10.004s][info][gc,phases   ] GC(11)   Merge Heap Roots: 0.19ms
[2026-04-03T02:22:38.715+0600][10.004s][info][gc,phases   ] GC(11)   Evacuate Collection Set: 13.51ms
[2026-04-03T02:22:38.715+0600][10.004s][info][gc,phases   ] GC(11)   Post Evacuate Collection Set: 0.63ms
[2026-04-03T02:22:38.715+0600][10.004s][info][gc,phases   ] GC(11)   Other: 0.08ms
[2026-04-03T02:22:38.715+0600][10.004s][info][gc,heap     ] GC(11) Eden regions: 51->0(55)
[2026-04-03T02:22:38.715+0600][10.004s][info][gc,heap     ] GC(11) Survivor regions: 6->7(8)
[2026-04-03T02:22:38.715+0600][10.004s][info][gc,heap     ] GC(11) Old regions: 16->17
[2026-04-03T02:22:38.715+0600][10.004s][info][gc,heap     ] GC(11) Humongous regions: 22->8
[2026-04-03T02:22:38.715+0600][10.004s][info][gc,metaspace] GC(11) Metaspace: 50276K(50688K)->50276K(50688K) NonClass: 44053K(44288K)->44053K(44288K) Class: 6223K(6400K)->6223K(6400K)
[2026-04-03T02:22:38.715+0600][10.005s][info][gc          ] GC(11) Pause Young (Mixed) (G1 Evacuation Pause) 93M->30M(104M) 15.053ms
[2026-04-03T02:22:38.715+0600][10.005s][info][gc,cpu      ] GC(11) User=0.04s Sys=0.01s Real=0.01s
[2026-04-03T02:22:39.326+0600][10.616s][info][gc,start    ] GC(12) Pause Young (Concurrent Start) (Metadata GC Threshold)
[2026-04-03T02:22:39.327+0600][10.616s][info][gc,task     ] GC(12) Using 2 workers of 10 for evacuation
[2026-04-03T02:22:39.340+0600][10.630s][info][gc,phases   ] GC(12)   Pre Evacuate Collection Set: 0.35ms
[2026-04-03T02:22:39.340+0600][10.630s][info][gc,phases   ] GC(12)   Merge Heap Roots: 0.20ms
[2026-04-03T02:22:39.340+0600][10.630s][info][gc,phases   ] GC(12)   Evacuate Collection Set: 11.98ms
[2026-04-03T02:22:39.340+0600][10.630s][info][gc,phases   ] GC(12)   Post Evacuate Collection Set: 1.07ms
[2026-04-03T02:22:39.341+0600][10.630s][info][gc,phases   ] GC(12)   Other: 0.17ms
[2026-04-03T02:22:39.341+0600][10.630s][info][gc,heap     ] GC(12) Eden regions: 55->0(56)
[2026-04-03T02:22:39.341+0600][10.630s][info][gc,heap     ] GC(12) Survivor regions: 7->6(8)
[2026-04-03T02:22:39.341+0600][10.630s][info][gc,heap     ] GC(12) Old regions: 17->21
[2026-04-03T02:22:39.341+0600][10.630s][info][gc,heap     ] GC(12) Humongous regions: 8->8
[2026-04-03T02:22:39.341+0600][10.630s][info][gc,metaspace] GC(12) Metaspace: 60649K(61120K)->60649K(61120K) NonClass: 53232K(53504K)->53232K(53504K) Class: 7416K(7616K)->7416K(7616K)
[2026-04-03T02:22:39.341+0600][10.630s][info][gc          ] GC(12) Pause Young (Concurrent Start) (Metadata GC Threshold) 85M->33M(104M) 14.103ms
[2026-04-03T02:22:39.341+0600][10.630s][info][gc,cpu      ] GC(12) User=0.04s Sys=0.00s Real=0.02s
[2026-04-03T02:22:39.341+0600][10.630s][info][gc          ] GC(13) Concurrent Mark Cycle
[2026-04-03T02:22:39.341+0600][10.630s][info][gc,marking  ] GC(13) Concurrent Scan Root Regions
[2026-04-03T02:22:39.344+0600][10.634s][info][gc,marking  ] GC(13) Concurrent Scan Root Regions 3.769ms
[2026-04-03T02:22:39.345+0600][10.634s][info][gc,marking  ] GC(13) Concurrent Mark
[2026-04-03T02:22:39.345+0600][10.634s][info][gc,marking  ] GC(13) Concurrent Mark From Roots
[2026-04-03T02:22:39.345+0600][10.634s][info][gc,task     ] GC(13) Using 3 workers of 3 for marking
[2026-04-03T02:22:39.355+0600][10.645s][info][gc,marking  ] GC(13) Concurrent Mark From Roots 10.886ms
[2026-04-03T02:22:39.356+0600][10.645s][info][gc,marking  ] GC(13) Concurrent Preclean
[2026-04-03T02:22:39.356+0600][10.645s][info][gc,marking  ] GC(13) Concurrent Preclean 0.102ms
[2026-04-03T02:22:39.356+0600][10.646s][info][gc,start    ] GC(13) Pause Remark
[2026-04-03T02:22:39.365+0600][10.654s][info][gc          ] GC(13) Pause Remark 34M->34M(104M) 8.574ms
[2026-04-03T02:22:39.365+0600][10.654s][info][gc,cpu      ] GC(13) User=0.03s Sys=0.00s Real=0.01s
[2026-04-03T02:22:39.365+0600][10.655s][info][gc,marking  ] GC(13) Concurrent Mark 20.289ms
[2026-04-03T02:22:39.365+0600][10.655s][info][gc,marking  ] GC(13) Concurrent Rebuild Remembered Sets and Scrub Regions
[2026-04-03T02:22:39.371+0600][10.661s][info][gc,marking  ] GC(13) Concurrent Rebuild Remembered Sets and Scrub Regions 6.407ms
[2026-04-03T02:22:39.372+0600][10.661s][info][gc,start    ] GC(13) Pause Cleanup
[2026-04-03T02:22:39.372+0600][10.661s][info][gc          ] GC(13) Pause Cleanup 35M->35M(104M) 0.207ms
[2026-04-03T02:22:39.372+0600][10.662s][info][gc,cpu      ] GC(13) User=0.00s Sys=0.00s Real=0.00s
[2026-04-03T02:22:39.372+0600][10.662s][info][gc,marking  ] GC(13) Concurrent Clear Claimed Marks
[2026-04-03T02:22:39.372+0600][10.662s][info][gc,marking  ] GC(13) Concurrent Clear Claimed Marks 0.087ms
[2026-04-03T02:22:39.372+0600][10.662s][info][gc,marking  ] GC(13) Concurrent Cleanup for Next Mark
[2026-04-03T02:22:39.372+0600][10.662s][info][gc,marking  ] GC(13) Concurrent Cleanup for Next Mark 0.446ms
[2026-04-03T02:22:39.373+0600][10.662s][info][gc          ] GC(13) Concurrent Mark Cycle 31.864ms
[2026-04-03T02:22:39.850+0600][11.139s][info][gc,start    ] GC(14) Pause Young (Prepare Mixed) (G1 Evacuation Pause)
[2026-04-03T02:22:39.850+0600][11.140s][info][gc,task     ] GC(14) Using 2 workers of 10 for evacuation
[2026-04-03T02:22:39.863+0600][11.153s][info][gc,phases   ] GC(14)   Pre Evacuate Collection Set: 0.14ms
[2026-04-03T02:22:39.863+0600][11.153s][info][gc,phases   ] GC(14)   Merge Heap Roots: 0.20ms
[2026-04-03T02:22:39.863+0600][11.153s][info][gc,phases   ] GC(14)   Evacuate Collection Set: 11.77ms
[2026-04-03T02:22:39.863+0600][11.153s][info][gc,phases   ] GC(14)   Post Evacuate Collection Set: 1.09ms
[2026-04-03T02:22:39.863+0600][11.153s][info][gc,phases   ] GC(14)   Other: 0.10ms
[2026-04-03T02:22:39.863+0600][11.153s][info][gc,heap     ] GC(14) Eden regions: 56->0(57)
[2026-04-03T02:22:39.863+0600][11.153s][info][gc,heap     ] GC(14) Survivor regions: 6->5(8)
[2026-04-03T02:22:39.863+0600][11.153s][info][gc,heap     ] GC(14) Old regions: 21->24
[2026-04-03T02:22:39.863+0600][11.153s][info][gc,heap     ] GC(14) Humongous regions: 8->8
[2026-04-03T02:22:39.863+0600][11.153s][info][gc,metaspace] GC(14) Metaspace: 63412K(63872K)->63412K(63872K) NonClass: 55614K(55872K)->55614K(55872K) Class: 7798K(8000K)->7798K(8000K)
[2026-04-03T02:22:39.863+0600][11.153s][info][gc          ] GC(14) Pause Young (Prepare Mixed) (G1 Evacuation Pause) 89M->35M(104M) 13.598ms
[2026-04-03T02:22:39.863+0600][11.153s][info][gc,cpu      ] GC(14) User=0.04s Sys=0.00s Real=0.01s
[2026-04-03T02:22:40.347+0600][11.637s][info][gc,start    ] GC(15) Pause Young (Mixed) (G1 Evacuation Pause)
[2026-04-03T02:22:40.347+0600][11.637s][info][gc,task     ] GC(15) Using 2 workers of 10 for evacuation
[2026-04-03T02:22:40.359+0600][11.649s][info][gc,phases   ] GC(15)   Pre Evacuate Collection Set: 0.27ms
[2026-04-03T02:22:40.359+0600][11.649s][info][gc,phases   ] GC(15)   Merge Heap Roots: 0.13ms
[2026-04-03T02:22:40.359+0600][11.649s][info][gc,phases   ] GC(15)   Evacuate Collection Set: 10.06ms
[2026-04-03T02:22:40.359+0600][11.649s][info][gc,phases   ] GC(15)   Post Evacuate Collection Set: 1.48ms
[2026-04-03T02:22:40.359+0600][11.649s][info][gc,phases   ] GC(15)   Other: 0.09ms
[2026-04-03T02:22:40.359+0600][11.649s][info][gc,heap     ] GC(15) Eden regions: 57->0(70)
[2026-04-03T02:22:40.359+0600][11.649s][info][gc,heap     ] GC(15) Survivor regions: 5->5(8)
[2026-04-03T02:22:40.359+0600][11.649s][info][gc,heap     ] GC(15) Old regions: 24->26
[2026-04-03T02:22:40.359+0600][11.649s][info][gc,heap     ] GC(15) Humongous regions: 8->8
[2026-04-03T02:22:40.359+0600][11.649s][info][gc,metaspace] GC(15) Metaspace: 70053K(70528K)->70053K(70528K) NonClass: 61487K(61760K)->61487K(61760K) Class: 8565K(8768K)->8565K(8768K)
[2026-04-03T02:22:40.359+0600][11.649s][info][gc          ] GC(15) Pause Young (Mixed) (G1 Evacuation Pause) 92M->38M(125M) 12.274ms
[2026-04-03T02:22:40.359+0600][11.649s][info][gc,cpu      ] GC(15) User=0.03s Sys=0.00s Real=0.01s
[2026-04-03T02:22:40.664+0600][11.954s][info][gc,start    ] GC(16) Pause Young (Concurrent Start) (G1 Humongous Allocation)
[2026-04-03T02:22:40.664+0600][11.954s][info][gc,task     ] GC(16) Using 3 workers of 10 for evacuation
[2026-04-03T02:22:40.672+0600][11.962s][info][gc,phases   ] GC(16)   Pre Evacuate Collection Set: 0.25ms
[2026-04-03T02:22:40.672+0600][11.962s][info][gc,phases   ] GC(16)   Merge Heap Roots: 0.11ms
[2026-04-03T02:22:40.672+0600][11.962s][info][gc,phases   ] GC(16)   Evacuate Collection Set: 6.05ms
[2026-04-03T02:22:40.672+0600][11.962s][info][gc,phases   ] GC(16)   Post Evacuate Collection Set: 1.09ms
[2026-04-03T02:22:40.672+0600][11.962s][info][gc,phases   ] GC(16)   Other: 0.16ms
[2026-04-03T02:22:40.672+0600][11.962s][info][gc,heap     ] GC(16) Eden regions: 22->0(67)
[2026-04-03T02:22:40.672+0600][11.962s][info][gc,heap     ] GC(16) Survivor regions: 5->8(10)
[2026-04-03T02:22:40.672+0600][11.962s][info][gc,heap     ] GC(16) Old regions: 26->26
[2026-04-03T02:22:40.672+0600][11.962s][info][gc,heap     ] GC(16) Humongous regions: 8->8
[2026-04-03T02:22:40.672+0600][11.962s][info][gc,metaspace] GC(16) Metaspace: 75092K(75584K)->75092K(75584K) NonClass: 66029K(66304K)->66029K(66304K) Class: 9063K(9280K)->9063K(9280K)
[2026-04-03T02:22:40.672+0600][11.962s][info][gc          ] GC(16) Pause Young (Concurrent Start) (G1 Humongous Allocation) 59M->41M(125M) 7.945ms
[2026-04-03T02:22:40.672+0600][11.962s][info][gc,cpu      ] GC(16) User=0.02s Sys=0.00s Real=0.01s
[2026-04-03T02:22:40.672+0600][11.962s][info][gc          ] GC(17) Concurrent Mark Cycle
[2026-04-03T02:22:40.672+0600][11.962s][info][gc,marking  ] GC(17) Concurrent Scan Root Regions
[2026-04-03T02:22:40.675+0600][11.965s][info][gc,marking  ] GC(17) Concurrent Scan Root Regions 3.118ms
[2026-04-03T02:22:40.675+0600][11.965s][info][gc,marking  ] GC(17) Concurrent Mark
[2026-04-03T02:22:40.675+0600][11.965s][info][gc,marking  ] GC(17) Concurrent Mark From Roots
[2026-04-03T02:22:40.675+0600][11.965s][info][gc,task     ] GC(17) Using 3 workers of 3 for marking
[2026-04-03T02:22:40.688+0600][11.978s][info][gc,marking  ] GC(17) Concurrent Mark From Roots 12.892ms
[2026-04-03T02:22:40.688+0600][11.978s][info][gc,marking  ] GC(17) Concurrent Preclean
[2026-04-03T02:22:40.689+0600][11.978s][info][gc,marking  ] GC(17) Concurrent Preclean 0.086ms
[2026-04-03T02:22:40.689+0600][11.978s][info][gc,start    ] GC(17) Pause Remark
[2026-04-03T02:22:40.695+0600][11.985s][info][gc          ] GC(17) Pause Remark 42M->42M(125M) 6.233ms
[2026-04-03T02:22:40.695+0600][11.985s][info][gc,cpu      ] GC(17) User=0.01s Sys=0.00s Real=0.01s
[2026-04-03T02:22:40.695+0600][11.985s][info][gc,marking  ] GC(17) Concurrent Mark 19.627ms
[2026-04-03T02:22:40.695+0600][11.985s][info][gc,marking  ] GC(17) Concurrent Rebuild Remembered Sets and Scrub Regions
[2026-04-03T02:22:40.701+0600][11.991s][info][gc,marking  ] GC(17) Concurrent Rebuild Remembered Sets and Scrub Regions 5.734ms
[2026-04-03T02:22:40.701+0600][11.991s][info][gc,start    ] GC(17) Pause Cleanup
[2026-04-03T02:22:40.701+0600][11.991s][info][gc          ] GC(17) Pause Cleanup 43M->43M(125M) 0.148ms
[2026-04-03T02:22:40.701+0600][11.991s][info][gc,cpu      ] GC(17) User=0.00s Sys=0.00s Real=0.00s
[2026-04-03T02:22:40.701+0600][11.991s][info][gc,marking  ] GC(17) Concurrent Clear Claimed Marks
[2026-04-03T02:22:40.701+0600][11.991s][info][gc,marking  ] GC(17) Concurrent Clear Claimed Marks 0.092ms
[2026-04-03T02:22:40.701+0600][11.991s][info][gc,marking  ] GC(17) Concurrent Cleanup for Next Mark
[2026-04-03T02:22:40.702+0600][11.992s][info][gc,marking  ] GC(17) Concurrent Cleanup for Next Mark 0.602ms
[2026-04-03T02:22:40.702+0600][11.992s][info][gc          ] GC(17) Concurrent Mark Cycle 29.895ms
[2026-04-03T02:22:41.207+0600][12.497s][info][gc,start    ] GC(18) Pause Young (Prepare Mixed) (G1 Evacuation Pause)
[2026-04-03T02:22:41.207+0600][12.497s][info][gc,task     ] GC(18) Using 3 workers of 10 for evacuation
[2026-04-03T02:22:41.216+0600][12.506s][info][gc,phases   ] GC(18)   Pre Evacuate Collection Set: 0.19ms
[2026-04-03T02:22:41.216+0600][12.506s][info][gc,phases   ] GC(18)   Merge Heap Roots: 0.13ms
[2026-04-03T02:22:41.216+0600][12.506s][info][gc,phases   ] GC(18)   Evacuate Collection Set: 7.77ms
[2026-04-03T02:22:41.216+0600][12.506s][info][gc,phases   ] GC(18)   Post Evacuate Collection Set: 0.76ms
[2026-04-03T02:22:41.216+0600][12.506s][info][gc,phases   ] GC(18)   Other: 0.10ms
[2026-04-03T02:22:41.216+0600][12.506s][info][gc,heap     ] GC(18) Eden regions: 67->0(69)
[2026-04-03T02:22:41.216+0600][12.506s][info][gc,heap     ] GC(18) Survivor regions: 8->6(10)
[2026-04-03T02:22:41.216+0600][12.506s][info][gc,heap     ] GC(18) Old regions: 26->28
[2026-04-03T02:22:41.216+0600][12.506s][info][gc,heap     ] GC(18) Humongous regions: 9->8
[2026-04-03T02:22:41.216+0600][12.506s][info][gc,metaspace] GC(18) Metaspace: 82640K(83200K)->82640K(83200K) NonClass: 72508K(72832K)->72508K(72832K) Class: 10132K(10368K)->10132K(10368K)
[2026-04-03T02:22:41.216+0600][12.506s][info][gc          ] GC(18) Pause Young (Prepare Mixed) (G1 Evacuation Pause) 109M->41M(125M) 9.209ms
[2026-04-03T02:22:41.217+0600][12.506s][info][gc,cpu      ] GC(18) User=0.03s Sys=0.00s Real=0.01s
[2026-04-03T02:22:42.349+0600][13.638s][info][gc,start    ] GC(19) Pause Young (Mixed) (G1 Evacuation Pause)
[2026-04-03T02:22:42.349+0600][13.638s][info][gc,task     ] GC(19) Using 3 workers of 10 for evacuation
[2026-04-03T02:22:42.359+0600][13.648s][info][gc,phases   ] GC(19)   Pre Evacuate Collection Set: 0.25ms
[2026-04-03T02:22:42.359+0600][13.648s][info][gc,phases   ] GC(19)   Merge Heap Roots: 0.11ms
[2026-04-03T02:22:42.359+0600][13.648s][info][gc,phases   ] GC(19)   Evacuate Collection Set: 8.72ms
[2026-04-03T02:22:42.359+0600][13.648s][info][gc,phases   ] GC(19)   Post Evacuate Collection Set: 0.78ms
[2026-04-03T02:22:42.359+0600][13.648s][info][gc,phases   ] GC(19)   Other: 0.07ms
[2026-04-03T02:22:42.359+0600][13.648s][info][gc,heap     ] GC(19) Eden regions: 69->0(67)
[2026-04-03T02:22:42.359+0600][13.648s][info][gc,heap     ] GC(19) Survivor regions: 6->8(10)
[2026-04-03T02:22:42.359+0600][13.648s][info][gc,heap     ] GC(19) Old regions: 28->30
[2026-04-03T02:22:42.359+0600][13.648s][info][gc,heap     ] GC(19) Humongous regions: 8->8
[2026-04-03T02:22:42.359+0600][13.648s][info][gc,metaspace] GC(19) Metaspace: 97918K(98496K)->97918K(98496K) NonClass: 85771K(86080K)->85771K(86080K) Class: 12147K(12416K)->12147K(12416K)
[2026-04-03T02:22:42.359+0600][13.649s][info][gc          ] GC(19) Pause Young (Mixed) (G1 Evacuation Pause) 110M->45M(125M) 10.215ms
[2026-04-03T02:22:42.359+0600][13.649s][info][gc,cpu      ] GC(19) User=0.03s Sys=0.00s Real=0.01s
[2026-04-03T02:22:42.491+0600][13.781s][info][gc,start    ] GC(20) Pause Young (Concurrent Start) (G1 Humongous Allocation)
[2026-04-03T02:22:42.491+0600][13.781s][info][gc,task     ] GC(20) Using 3 workers of 10 for evacuation
[2026-04-03T02:22:42.500+0600][13.790s][info][gc,phases   ] GC(20)   Pre Evacuate Collection Set: 0.42ms
[2026-04-03T02:22:42.500+0600][13.790s][info][gc,phases   ] GC(20)   Merge Heap Roots: 0.25ms
[2026-04-03T02:22:42.500+0600][13.790s][info][gc,phases   ] GC(20)   Evacuate Collection Set: 7.03ms
[2026-04-03T02:22:42.500+0600][13.790s][info][gc,phases   ] GC(20)   Post Evacuate Collection Set: 0.54ms
[2026-04-03T02:22:42.500+0600][13.790s][info][gc,phases   ] GC(20)   Other: 0.26ms
[2026-04-03T02:22:42.500+0600][13.790s][info][gc,heap     ] GC(20) Eden regions: 10->0(66)
[2026-04-03T02:22:42.500+0600][13.790s][info][gc,heap     ] GC(20) Survivor regions: 8->6(10)
[2026-04-03T02:22:42.500+0600][13.790s][info][gc,heap     ] GC(20) Old regions: 30->34
[2026-04-03T02:22:42.500+0600][13.790s][info][gc,heap     ] GC(20) Humongous regions: 8->8
[2026-04-03T02:22:42.500+0600][13.790s][info][gc,metaspace] GC(20) Metaspace: 99808K(100416K)->99808K(100416K) NonClass: 87351K(87680K)->87351K(87680K) Class: 12457K(12736K)->12457K(12736K)
[2026-04-03T02:22:42.500+0600][13.790s][info][gc          ] GC(20) Pause Young (Concurrent Start) (G1 Humongous Allocation) 55M->46M(125M) 8.726ms
[2026-04-03T02:22:42.500+0600][13.790s][info][gc,cpu      ] GC(20) User=0.02s Sys=0.00s Real=0.01s
[2026-04-03T02:22:42.500+0600][13.790s][info][gc          ] GC(21) Concurrent Mark Cycle
[2026-04-03T02:22:42.500+0600][13.790s][info][gc,marking  ] GC(21) Concurrent Scan Root Regions
[2026-04-03T02:22:42.504+0600][13.793s][info][gc,marking  ] GC(21) Concurrent Scan Root Regions 3.637ms
[2026-04-03T02:22:42.504+0600][13.794s][info][gc,marking  ] GC(21) Concurrent Mark
[2026-04-03T02:22:42.504+0600][13.794s][info][gc,marking  ] GC(21) Concurrent Mark From Roots
[2026-04-03T02:22:42.504+0600][13.794s][info][gc,task     ] GC(21) Using 3 workers of 3 for marking
[2026-04-03T02:22:42.522+0600][13.812s][info][gc,marking  ] GC(21) Concurrent Mark From Roots 18.367ms
[2026-04-03T02:22:42.522+0600][13.812s][info][gc,marking  ] GC(21) Concurrent Preclean
[2026-04-03T02:22:42.523+0600][13.812s][info][gc,marking  ] GC(21) Concurrent Preclean 0.277ms
[2026-04-03T02:22:42.523+0600][13.812s][info][gc,start    ] GC(21) Pause Remark
[2026-04-03T02:22:42.530+0600][13.819s][info][gc          ] GC(21) Pause Remark 50M->50M(125M) 6.915ms
[2026-04-03T02:22:42.530+0600][13.819s][info][gc,cpu      ] GC(21) User=0.02s Sys=0.00s Real=0.01s
[2026-04-03T02:22:42.530+0600][13.820s][info][gc,marking  ] GC(21) Concurrent Mark 25.989ms
[2026-04-03T02:22:42.530+0600][13.820s][info][gc,marking  ] GC(21) Concurrent Rebuild Remembered Sets and Scrub Regions
[2026-04-03T02:22:42.540+0600][13.830s][info][gc,marking  ] GC(21) Concurrent Rebuild Remembered Sets and Scrub Regions 10.321ms
[2026-04-03T02:22:42.540+0600][13.830s][info][gc,start    ] GC(21) Pause Cleanup
[2026-04-03T02:22:42.541+0600][13.830s][info][gc          ] GC(21) Pause Cleanup 52M->52M(125M) 0.167ms
[2026-04-03T02:22:42.541+0600][13.830s][info][gc,cpu      ] GC(21) User=0.00s Sys=0.00s Real=0.00s
[2026-04-03T02:22:42.541+0600][13.830s][info][gc,marking  ] GC(21) Concurrent Clear Claimed Marks
[2026-04-03T02:22:42.541+0600][13.831s][info][gc,marking  ] GC(21) Concurrent Clear Claimed Marks 0.100ms
[2026-04-03T02:22:42.541+0600][13.831s][info][gc,marking  ] GC(21) Concurrent Cleanup for Next Mark
[2026-04-03T02:22:42.541+0600][13.831s][info][gc,marking  ] GC(21) Concurrent Cleanup for Next Mark 0.314ms
[2026-04-03T02:22:42.541+0600][13.831s][info][gc          ] GC(21) Concurrent Mark Cycle 41.128ms
[2026-04-03T02:22:43.237+0600][14.527s][info][gc,start    ] GC(22) Pause Young (Prepare Mixed) (G1 Evacuation Pause)
[2026-04-03T02:22:43.237+0600][14.527s][info][gc,task     ] GC(22) Using 3 workers of 10 for evacuation
[2026-04-03T02:22:43.248+0600][14.537s][info][gc,phases   ] GC(22)   Pre Evacuate Collection Set: 0.29ms
[2026-04-03T02:22:43.248+0600][14.537s][info][gc,phases   ] GC(22)   Merge Heap Roots: 0.17ms
[2026-04-03T02:22:43.248+0600][14.537s][info][gc,phases   ] GC(22)   Evacuate Collection Set: 8.87ms
[2026-04-03T02:22:43.248+0600][14.537s][info][gc,phases   ] GC(22)   Post Evacuate Collection Set: 1.07ms
[2026-04-03T02:22:43.248+0600][14.537s][info][gc,phases   ] GC(22)   Other: 0.10ms
[2026-04-03T02:22:43.248+0600][14.537s][info][gc,heap     ] GC(22) Eden regions: 66->0(63)
[2026-04-03T02:22:43.248+0600][14.537s][info][gc,heap     ] GC(22) Survivor regions: 6->6(9)
[2026-04-03T02:22:43.248+0600][14.537s][info][gc,heap     ] GC(22) Old regions: 34->38
[2026-04-03T02:22:43.248+0600][14.537s][info][gc,heap     ] GC(22) Humongous regions: 11->8
[2026-04-03T02:22:43.248+0600][14.537s][info][gc,metaspace] GC(22) Metaspace: 106697K(107328K)->106697K(107328K) NonClass: 93263K(93632K)->93263K(93632K) Class: 13434K(13696K)->13434K(13696K)
[2026-04-03T02:22:43.248+0600][14.537s][info][gc          ] GC(22) Pause Young (Prepare Mixed) (G1 Evacuation Pause) 115M->51M(127M) 10.787ms
[2026-04-03T02:22:43.248+0600][14.538s][info][gc,cpu      ] GC(22) User=0.03s Sys=0.00s Real=0.01s
[2026-04-03T02:22:44.448+0600][15.737s][info][gc,start    ] GC(23) Pause Young (Mixed) (G1 Evacuation Pause)
[2026-04-03T02:22:44.448+0600][15.738s][info][gc,task     ] GC(23) Using 3 workers of 10 for evacuation
[2026-04-03T02:22:44.468+0600][15.758s][info][gc,phases   ] GC(23)   Pre Evacuate Collection Set: 0.38ms
[2026-04-03T02:22:44.468+0600][15.758s][info][gc,phases   ] GC(23)   Merge Heap Roots: 0.20ms
[2026-04-03T02:22:44.468+0600][15.758s][info][gc,phases   ] GC(23)   Evacuate Collection Set: 18.56ms
[2026-04-03T02:22:44.468+0600][15.758s][info][gc,phases   ] GC(23)   Post Evacuate Collection Set: 1.11ms
[2026-04-03T02:22:44.468+0600][15.758s][info][gc,phases   ] GC(23)   Other: 0.12ms
[2026-04-03T02:22:44.468+0600][15.758s][info][gc,heap     ] GC(23) Eden regions: 58->0(61)
[2026-04-03T02:22:44.468+0600][15.758s][info][gc,heap     ] GC(23) Survivor regions: 6->8(9)
[2026-04-03T02:22:44.468+0600][15.758s][info][gc,heap     ] GC(23) Old regions: 38->43
[2026-04-03T02:22:44.468+0600][15.758s][info][gc,heap     ] GC(23) Humongous regions: 59->48
[2026-04-03T02:22:44.468+0600][15.758s][info][gc,metaspace] GC(23) Metaspace: 112843K(114176K)->112843K(114176K) NonClass: 98282K(99008K)->98282K(99008K) Class: 14561K(15168K)->14561K(15168K)
[2026-04-03T02:22:44.469+0600][15.758s][info][gc          ] GC(23) Pause Young (Mixed) (G1 Evacuation Pause) 160M->98M(175M) 20.773ms
[2026-04-03T02:22:44.469+0600][15.758s][info][gc,cpu      ] GC(23) User=0.08s Sys=0.02s Real=0.02s
[2026-04-03T02:22:44.888+0600][16.178s][info][gc,start    ] GC(24) Pause Young (Concurrent Start) (G1 Humongous Allocation)
[2026-04-03T02:22:44.888+0600][16.178s][info][gc,task     ] GC(24) Using 4 workers of 10 for evacuation
[2026-04-03T02:22:44.895+0600][16.185s][info][gc,phases   ] GC(24)   Pre Evacuate Collection Set: 0.40ms
[2026-04-03T02:22:44.895+0600][16.185s][info][gc,phases   ] GC(24)   Merge Heap Roots: 0.12ms
[2026-04-03T02:22:44.895+0600][16.185s][info][gc,phases   ] GC(24)   Evacuate Collection Set: 5.36ms
[2026-04-03T02:22:44.895+0600][16.185s][info][gc,phases   ] GC(24)   Post Evacuate Collection Set: 0.84ms
[2026-04-03T02:22:44.895+0600][16.185s][info][gc,phases   ] GC(24)   Other: 0.19ms
[2026-04-03T02:22:44.895+0600][16.185s][info][gc,heap     ] GC(24) Eden regions: 15->0(87)
[2026-04-03T02:22:44.895+0600][16.185s][info][gc,heap     ] GC(24) Survivor regions: 8->1(9)
[2026-04-03T02:22:44.895+0600][16.185s][info][gc,heap     ] GC(24) Old regions: 43->48
[2026-04-03T02:22:44.895+0600][16.185s][info][gc,heap     ] GC(24) Humongous regions: 48->24
[2026-04-03T02:22:44.895+0600][16.185s][info][gc,metaspace] GC(24) Metaspace: 113917K(115264K)->113917K(115264K) NonClass: 99144K(99904K)->99144K(99904K) Class: 14773K(15360K)->14773K(15360K)
[2026-04-03T02:22:44.895+0600][16.185s][info][gc          ] GC(24) Pause Young (Concurrent Start) (G1 Humongous Allocation) 113M->72M(175M) 7.209ms
[2026-04-03T02:22:44.895+0600][16.185s][info][gc,cpu      ] GC(24) User=0.03s Sys=0.00s Real=0.01s
[2026-04-03T02:22:44.895+0600][16.185s][info][gc          ] GC(25) Concurrent Undo Cycle
[2026-04-03T02:22:44.896+0600][16.185s][info][gc,marking  ] GC(25) Concurrent Clear Claimed Marks
[2026-04-03T02:22:44.896+0600][16.186s][info][gc,marking  ] GC(25) Concurrent Clear Claimed Marks 0.286ms
[2026-04-03T02:22:44.896+0600][16.186s][info][gc,marking  ] GC(25) Concurrent Cleanup for Next Mark
[2026-04-03T02:22:44.896+0600][16.186s][info][gc,marking  ] GC(25) Concurrent Cleanup for Next Mark 0.209ms
[2026-04-03T02:22:44.896+0600][16.186s][info][gc          ] GC(25) Concurrent Undo Cycle 0.920ms
[2026-04-03T02:22:44.897+0600][16.187s][info][gc,start    ] GC(26) Pause Young (Concurrent Start) (G1 Humongous Allocation)
[2026-04-03T02:22:44.897+0600][16.187s][info][gc,task     ] GC(26) Using 4 workers of 10 for evacuation
[2026-04-03T02:22:44.900+0600][16.189s][info][gc,phases   ] GC(26)   Pre Evacuate Collection Set: 0.21ms
[2026-04-03T02:22:44.900+0600][16.189s][info][gc,phases   ] GC(26)   Merge Heap Roots: 0.07ms
[2026-04-03T02:22:44.900+0600][16.189s][info][gc,phases   ] GC(26)   Evacuate Collection Set: 1.56ms
[2026-04-03T02:22:44.900+0600][16.190s][info][gc,phases   ] GC(26)   Post Evacuate Collection Set: 0.48ms
[2026-04-03T02:22:44.900+0600][16.190s][info][gc,phases   ] GC(26)   Other: 0.15ms
[2026-04-03T02:22:44.900+0600][16.190s][info][gc,heap     ] GC(26) Eden regions: 2->0(82)
[2026-04-03T02:22:44.900+0600][16.190s][info][gc,heap     ] GC(26) Survivor regions: 1->1(11)
[2026-04-03T02:22:44.900+0600][16.190s][info][gc,heap     ] GC(26) Old regions: 48->48
[2026-04-03T02:22:44.900+0600][16.190s][info][gc,heap     ] GC(26) Humongous regions: 32->32
[2026-04-03T02:22:44.900+0600][16.190s][info][gc,metaspace] GC(26) Metaspace: 113917K(115264K)->113917K(115264K) NonClass: 99144K(99904K)->99144K(99904K) Class: 14773K(15360K)->14773K(15360K)
[2026-04-03T02:22:44.900+0600][16.190s][info][gc          ] GC(26) Pause Young (Concurrent Start) (G1 Humongous Allocation) 82M->80M(175M) 2.841ms
[2026-04-03T02:22:44.900+0600][16.190s][info][gc,cpu      ] GC(26) User=0.02s Sys=0.00s Real=0.01s
[2026-04-03T02:22:44.900+0600][16.190s][info][gc          ] GC(27) Concurrent Mark Cycle
[2026-04-03T02:22:44.900+0600][16.190s][info][gc,marking  ] GC(27) Concurrent Scan Root Regions
[2026-04-03T02:22:44.902+0600][16.192s][info][gc,marking  ] GC(27) Concurrent Scan Root Regions 2.188ms
[2026-04-03T02:22:44.902+0600][16.192s][info][gc,marking  ] GC(27) Concurrent Mark
[2026-04-03T02:22:44.902+0600][16.192s][info][gc,marking  ] GC(27) Concurrent Mark From Roots
[2026-04-03T02:22:44.902+0600][16.192s][info][gc,task     ] GC(27) Using 3 workers of 3 for marking
[2026-04-03T02:22:44.952+0600][16.241s][info][gc,marking  ] GC(27) Concurrent Mark From Roots 49.104ms
[2026-04-03T02:22:44.952+0600][16.241s][info][gc,marking  ] GC(27) Concurrent Preclean
[2026-04-03T02:22:44.952+0600][16.242s][info][gc,marking  ] GC(27) Concurrent Preclean 0.781ms
[2026-04-03T02:22:44.953+0600][16.242s][info][gc,start    ] GC(27) Pause Remark
[2026-04-03T02:22:44.973+0600][16.263s][info][gc          ] GC(27) Pause Remark 94M->94M(175M) 20.476ms
[2026-04-03T02:22:44.973+0600][16.263s][info][gc,cpu      ] GC(27) User=0.10s Sys=0.01s Real=0.02s
[2026-04-03T02:22:44.973+0600][16.263s][info][gc,marking  ] GC(27) Concurrent Mark 70.988ms
[2026-04-03T02:22:44.973+0600][16.263s][info][gc,marking  ] GC(27) Concurrent Rebuild Remembered Sets and Scrub Regions
[2026-04-03T02:22:44.992+0600][16.282s][info][gc,marking  ] GC(27) Concurrent Rebuild Remembered Sets and Scrub Regions 18.984ms
[2026-04-03T02:22:44.993+0600][16.283s][info][gc,start    ] GC(27) Pause Cleanup
[2026-04-03T02:22:44.993+0600][16.283s][info][gc          ] GC(27) Pause Cleanup 94M->94M(175M) 0.397ms
[2026-04-03T02:22:44.993+0600][16.283s][info][gc,cpu      ] GC(27) User=0.00s Sys=0.00s Real=0.00s
[2026-04-03T02:22:44.993+0600][16.283s][info][gc,marking  ] GC(27) Concurrent Clear Claimed Marks
[2026-04-03T02:22:44.994+0600][16.283s][info][gc,marking  ] GC(27) Concurrent Clear Claimed Marks 0.316ms
[2026-04-03T02:22:44.994+0600][16.283s][info][gc,marking  ] GC(27) Concurrent Cleanup for Next Mark
[2026-04-03T02:22:44.995+0600][16.284s][info][gc,marking  ] GC(27) Concurrent Cleanup for Next Mark 0.847ms
[2026-04-03T02:22:44.995+0600][16.284s][info][gc          ] GC(27) Concurrent Mark Cycle 94.754ms
[2026-04-03T02:22:45.728+0600][17.018s][info][gc,start    ] GC(28) Pause Young (Prepare Mixed) (G1 Evacuation Pause)
[2026-04-03T02:22:45.729+0600][17.018s][info][gc,task     ] GC(28) Using 4 workers of 10 for evacuation
[2026-04-03T02:22:45.737+0600][17.026s][info][gc,phases   ] GC(28)   Pre Evacuate Collection Set: 0.29ms
[2026-04-03T02:22:45.737+0600][17.026s][info][gc,phases   ] GC(28)   Merge Heap Roots: 0.15ms
[2026-04-03T02:22:45.737+0600][17.027s][info][gc,phases   ] GC(28)   Evacuate Collection Set: 6.64ms
[2026-04-03T02:22:45.737+0600][17.027s][info][gc,phases   ] GC(28)   Post Evacuate Collection Set: 0.92ms
[2026-04-03T02:22:45.737+0600][17.027s][info][gc,phases   ] GC(28)   Other: 0.18ms
[2026-04-03T02:22:45.737+0600][17.027s][info][gc,heap     ] GC(28) Eden regions: 54->0(96)
[2026-04-03T02:22:45.737+0600][17.027s][info][gc,heap     ] GC(28) Survivor regions: 1->4(11)
[2026-04-03T02:22:45.737+0600][17.027s][info][gc,heap     ] GC(28) Old regions: 48->48
[2026-04-03T02:22:45.737+0600][17.027s][info][gc,heap     ] GC(28) Humongous regions: 82->28
[2026-04-03T02:22:45.737+0600][17.027s][info][gc,metaspace] GC(28) Metaspace: 115758K(116864K)->115758K(116864K) NonClass: 100699K(101312K)->100699K(101312K) Class: 15059K(15552K)->15059K(15552K)
[2026-04-03T02:22:45.737+0600][17.027s][info][gc          ] GC(28) Pause Young (Prepare Mixed) (G1 Evacuation Pause) 184M->79M(189M) 8.531ms
[2026-04-03T02:22:45.737+0600][17.027s][info][gc,cpu      ] GC(28) User=0.04s Sys=0.01s Real=0.01s
[2026-04-03T02:22:46.139+0600][17.429s][info][gc,start    ] GC(29) Pause Young (Mixed) (G1 Evacuation Pause)
[2026-04-03T02:22:46.139+0600][17.429s][info][gc,task     ] GC(29) Using 4 workers of 10 for evacuation
[2026-04-03T02:22:46.169+0600][17.458s][info][gc,phases   ] GC(29)   Pre Evacuate Collection Set: 0.38ms
[2026-04-03T02:22:46.169+0600][17.458s][info][gc,phases   ] GC(29)   Merge Heap Roots: 0.19ms
[2026-04-03T02:22:46.169+0600][17.458s][info][gc,phases   ] GC(29)   Evacuate Collection Set: 28.28ms
[2026-04-03T02:22:46.169+0600][17.458s][info][gc,phases   ] GC(29)   Post Evacuate Collection Set: 0.58ms
[2026-04-03T02:22:46.169+0600][17.458s][info][gc,phases   ] GC(29)   Other: 0.10ms
[2026-04-03T02:22:46.169+0600][17.458s][info][gc,heap     ] GC(29) Eden regions: 81->0(79)
[2026-04-03T02:22:46.169+0600][17.458s][info][gc,heap     ] GC(29) Survivor regions: 4->13(13)
[2026-04-03T02:22:46.169+0600][17.458s][info][gc,heap     ] GC(29) Old regions: 48->65
[2026-04-03T02:22:46.169+0600][17.458s][info][gc,heap     ] GC(29) Humongous regions: 56->24
[2026-04-03T02:22:46.169+0600][17.458s][info][gc,metaspace] GC(29) Metaspace: 116536K(117568K)->116536K(117568K) NonClass: 101375K(101952K)->101375K(101952K) Class: 15160K(15616K)->15160K(15616K)
[2026-04-03T02:22:46.169+0600][17.459s][info][gc          ] GC(29) Pause Young (Mixed) (G1 Evacuation Pause) 188M->101M(220M) 29.854ms
[2026-04-03T02:22:46.169+0600][17.459s][info][gc,cpu      ] GC(29) User=0.09s Sys=0.02s Real=0.03s
[2026-04-03T02:22:46.298+0600][17.587s][info][gc,start    ] GC(30) Pause Young (Concurrent Start) (G1 Humongous Allocation)
[2026-04-03T02:22:46.298+0600][17.588s][info][gc,task     ] GC(30) Using 5 workers of 10 for evacuation
[2026-04-03T02:22:46.351+0600][17.641s][info][gc,phases   ] GC(30)   Pre Evacuate Collection Set: 0.39ms
[2026-04-03T02:22:46.351+0600][17.641s][info][gc,phases   ] GC(30)   Merge Heap Roots: 0.15ms
[2026-04-03T02:22:46.351+0600][17.641s][info][gc,phases   ] GC(30)   Evacuate Collection Set: 50.96ms
[2026-04-03T02:22:46.351+0600][17.641s][info][gc,phases   ] GC(30)   Post Evacuate Collection Set: 1.24ms
[2026-04-03T02:22:46.351+0600][17.641s][info][gc,phases   ] GC(30)   Other: 0.24ms
[2026-04-03T02:22:46.351+0600][17.641s][info][gc,heap     ] GC(30) Eden regions: 54->0(48)
[2026-04-03T02:22:46.351+0600][17.641s][info][gc,heap     ] GC(30) Survivor regions: 13->12(12)
[2026-04-03T02:22:46.351+0600][17.641s][info][gc,heap     ] GC(30) Old regions: 65->94
[2026-04-03T02:22:46.351+0600][17.641s][info][gc,heap     ] GC(30) Humongous regions: 24->24
[2026-04-03T02:22:46.351+0600][17.641s][info][gc,metaspace] GC(30) Metaspace: 116567K(117632K)->116567K(117632K) NonClass: 101406K(102016K)->101406K(102016K) Class: 15160K(15616K)->15160K(15616K)
[2026-04-03T02:22:46.351+0600][17.641s][info][gc          ] GC(30) Pause Young (Concurrent Start) (G1 Humongous Allocation) 154M->129M(220M) 53.392ms
[2026-04-03T02:22:46.351+0600][17.641s][info][gc          ] GC(31) Concurrent Mark Cycle
[2026-04-03T02:22:46.351+0600][17.641s][info][gc,cpu      ] GC(30) User=0.26s Sys=0.00s Real=0.06s
[2026-04-03T02:22:46.351+0600][17.641s][info][gc,marking  ] GC(31) Concurrent Scan Root Regions
[2026-04-03T02:22:46.361+0600][17.650s][info][gc,marking  ] GC(31) Concurrent Scan Root Regions 9.375ms
[2026-04-03T02:22:46.361+0600][17.650s][info][gc,marking  ] GC(31) Concurrent Mark
[2026-04-03T02:22:46.361+0600][17.650s][info][gc,marking  ] GC(31) Concurrent Mark From Roots
[2026-04-03T02:22:46.361+0600][17.650s][info][gc,task     ] GC(31) Using 3 workers of 3 for marking
[2026-04-03T02:22:46.425+0600][17.715s][info][gc,marking  ] GC(31) Concurrent Mark From Roots 64.701ms
[2026-04-03T02:22:46.425+0600][17.715s][info][gc,marking  ] GC(31) Concurrent Preclean
[2026-04-03T02:22:46.426+0600][17.715s][info][gc,marking  ] GC(31) Concurrent Preclean 0.276ms
[2026-04-03T02:22:46.426+0600][17.716s][info][gc,start    ] GC(31) Pause Remark
[2026-04-03T02:22:46.434+0600][17.723s][info][gc          ] GC(31) Pause Remark 136M->136M(220M) 7.495ms
[2026-04-03T02:22:46.434+0600][17.723s][info][gc,cpu      ] GC(31) User=0.04s Sys=0.00s Real=0.01s
[2026-04-03T02:22:46.434+0600][17.724s][info][gc,marking  ] GC(31) Concurrent Mark 73.208ms
[2026-04-03T02:22:46.434+0600][17.724s][info][gc,marking  ] GC(31) Concurrent Rebuild Remembered Sets and Scrub Regions
[2026-04-03T02:22:46.469+0600][17.758s][info][gc,marking  ] GC(31) Concurrent Rebuild Remembered Sets and Scrub Regions 34.719ms
[2026-04-03T02:22:46.469+0600][17.759s][info][gc,start    ] GC(31) Pause Cleanup
[2026-04-03T02:22:46.469+0600][17.759s][info][gc          ] GC(31) Pause Cleanup 150M->150M(220M) 0.293ms
[2026-04-03T02:22:46.469+0600][17.759s][info][gc,cpu      ] GC(31) User=0.00s Sys=0.00s Real=0.00s
[2026-04-03T02:22:46.470+0600][17.759s][info][gc,marking  ] GC(31) Concurrent Clear Claimed Marks
[2026-04-03T02:22:46.470+0600][17.760s][info][gc,marking  ] GC(31) Concurrent Clear Claimed Marks 0.324ms
[2026-04-03T02:22:46.470+0600][17.760s][info][gc,marking  ] GC(31) Concurrent Cleanup for Next Mark
[2026-04-03T02:22:46.470+0600][17.760s][info][gc,marking  ] GC(31) Concurrent Cleanup for Next Mark 0.588ms
[2026-04-03T02:22:46.470+0600][17.760s][info][gc          ] GC(31) Concurrent Mark Cycle 119.332ms
[2026-04-03T02:22:46.627+0600][17.917s][info][gc,start    ] GC(32) Pause Young (Prepare Mixed) (G1 Evacuation Pause)
[2026-04-03T02:22:46.627+0600][17.917s][info][gc,task     ] GC(32) Using 5 workers of 10 for evacuation
[2026-04-03T02:22:46.646+0600][17.935s][info][gc,phases   ] GC(32)   Pre Evacuate Collection Set: 0.39ms
[2026-04-03T02:22:46.646+0600][17.935s][info][gc,phases   ] GC(32)   Merge Heap Roots: 0.27ms
[2026-04-03T02:22:46.646+0600][17.935s][info][gc,phases   ] GC(32)   Evacuate Collection Set: 17.15ms
[2026-04-03T02:22:46.646+0600][17.935s][info][gc,phases   ] GC(32)   Post Evacuate Collection Set: 0.41ms
[2026-04-03T02:22:46.646+0600][17.935s][info][gc,phases   ] GC(32)   Other: 0.12ms
[2026-04-03T02:22:46.646+0600][17.935s][info][gc,heap     ] GC(32) Eden regions: 39->0(33)
[2026-04-03T02:22:46.646+0600][17.935s][info][gc,heap     ] GC(32) Survivor regions: 12->8(8)
[2026-04-03T02:22:46.646+0600][17.935s][info][gc,heap     ] GC(32) Old regions: 94->112
[2026-04-03T02:22:46.646+0600][17.935s][info][gc,heap     ] GC(32) Humongous regions: 78->65
[2026-04-03T02:22:46.646+0600][17.935s][info][gc,metaspace] GC(32) Metaspace: 116664K(117760K)->116664K(117760K) NonClass: 101503K(102144K)->101503K(102144K) Class: 15160K(15616K)->15160K(15616K)
[2026-04-03T02:22:46.646+0600][17.935s][info][gc          ] GC(32) Pause Young (Prepare Mixed) (G1 Evacuation Pause) 222M->184M(249M) 18.693ms
[2026-04-03T02:22:46.646+0600][17.935s][info][gc,cpu      ] GC(32) User=0.07s Sys=0.03s Real=0.02s
[2026-04-03T02:22:46.884+0600][18.174s][info][gc,start    ] GC(33) Pause Young (Mixed) (G1 Evacuation Pause)
[2026-04-03T02:22:46.884+0600][18.174s][info][gc,task     ] GC(33) Using 5 workers of 10 for evacuation
[2026-04-03T02:22:46.890+0600][18.180s][info][gc,phases   ] GC(33)   Pre Evacuate Collection Set: 0.19ms
[2026-04-03T02:22:46.890+0600][18.180s][info][gc,phases   ] GC(33)   Merge Heap Roots: 0.19ms
[2026-04-03T02:22:46.890+0600][18.180s][info][gc,phases   ] GC(33)   Evacuate Collection Set: 5.26ms
[2026-04-03T02:22:46.890+0600][18.180s][info][gc,phases   ] GC(33)   Post Evacuate Collection Set: 0.64ms
[2026-04-03T02:22:46.890+0600][18.180s][info][gc,phases   ] GC(33)   Other: 0.09ms
[2026-04-03T02:22:46.890+0600][18.180s][info][gc,heap     ] GC(33) Eden regions: 33->0(35)
[2026-04-03T02:22:46.890+0600][18.180s][info][gc,heap     ] GC(33) Survivor regions: 8->3(6)
[2026-04-03T02:22:46.890+0600][18.180s][info][gc,heap     ] GC(33) Old regions: 112->118
[2026-04-03T02:22:46.890+0600][18.180s][info][gc,heap     ] GC(33) Humongous regions: 65->65
[2026-04-03T02:22:46.890+0600][18.180s][info][gc,metaspace] GC(33) Metaspace: 116669K(117760K)->116669K(117760K) NonClass: 101509K(102144K)->101509K(102144K) Class: 15160K(15616K)->15160K(15616K)
[2026-04-03T02:22:46.890+0600][18.180s][info][gc          ] GC(33) Pause Young (Mixed) (G1 Evacuation Pause) 217M->185M(249M) 6.651ms
[2026-04-03T02:22:46.891+0600][18.180s][info][gc,cpu      ] GC(33) User=0.02s Sys=0.00s Real=0.01s
[2026-04-03T02:22:46.954+0600][18.244s][info][gc,start    ] GC(34) Pause Young (Concurrent Start) (G1 Humongous Allocation)
[2026-04-03T02:22:46.954+0600][18.244s][info][gc,task     ] GC(34) Using 5 workers of 10 for evacuation
[2026-04-03T02:22:46.958+0600][18.247s][info][gc,phases   ] GC(34)   Pre Evacuate Collection Set: 0.49ms
[2026-04-03T02:22:46.958+0600][18.247s][info][gc,phases   ] GC(34)   Merge Heap Roots: 0.14ms
[2026-04-03T02:22:46.958+0600][18.248s][info][gc,phases   ] GC(34)   Evacuate Collection Set: 1.55ms
[2026-04-03T02:22:46.958+0600][18.248s][info][gc,phases   ] GC(34)   Post Evacuate Collection Set: 0.86ms
[2026-04-03T02:22:46.958+0600][18.248s][info][gc,phases   ] GC(34)   Other: 0.27ms
[2026-04-03T02:22:46.958+0600][18.248s][info][gc,heap     ] GC(34) Eden regions: 22->0(37)
[2026-04-03T02:22:46.958+0600][18.248s][info][gc,heap     ] GC(34) Survivor regions: 3->5(5)
[2026-04-03T02:22:46.958+0600][18.248s][info][gc,heap     ] GC(34) Old regions: 118->118
[2026-04-03T02:22:46.958+0600][18.248s][info][gc,heap     ] GC(34) Humongous regions: 65->65
[2026-04-03T02:22:46.958+0600][18.248s][info][gc,metaspace] GC(34) Metaspace: 116671K(117760K)->116671K(117760K) NonClass: 101510K(102144K)->101510K(102144K) Class: 15160K(15616K)->15160K(15616K)
[2026-04-03T02:22:46.958+0600][18.248s][info][gc          ] GC(34) Pause Young (Concurrent Start) (G1 Humongous Allocation) 206M->187M(249M) 3.679ms
[2026-04-03T02:22:46.958+0600][18.248s][info][gc,cpu      ] GC(34) User=0.01s Sys=0.00s Real=0.00s
[2026-04-03T02:22:46.958+0600][18.248s][info][gc          ] GC(35) Concurrent Mark Cycle
[2026-04-03T02:22:46.958+0600][18.248s][info][gc,marking  ] GC(35) Concurrent Scan Root Regions
[2026-04-03T02:22:46.960+0600][18.250s][info][gc,marking  ] GC(35) Concurrent Scan Root Regions 1.746ms
[2026-04-03T02:22:46.960+0600][18.250s][info][gc,marking  ] GC(35) Concurrent Mark
[2026-04-03T02:22:46.960+0600][18.250s][info][gc,marking  ] GC(35) Concurrent Mark From Roots
[2026-04-03T02:22:46.960+0600][18.250s][info][gc,task     ] GC(35) Using 3 workers of 3 for marking
[2026-04-03T02:22:47.062+0600][18.352s][info][gc,marking  ] GC(35) Concurrent Mark From Roots 101.782ms
[2026-04-03T02:22:47.062+0600][18.352s][info][gc,marking  ] GC(35) Concurrent Preclean
[2026-04-03T02:22:47.062+0600][18.352s][info][gc,marking  ] GC(35) Concurrent Preclean 0.494ms
[2026-04-03T02:22:47.063+0600][18.352s][info][gc,start    ] GC(35) Pause Remark
[2026-04-03T02:22:47.080+0600][18.370s][info][gc          ] GC(35) Pause Remark 209M->205M(320M) 17.499ms
[2026-04-03T02:22:47.080+0600][18.370s][info][gc,cpu      ] GC(35) User=0.07s Sys=0.00s Real=0.02s
[2026-04-03T02:22:47.081+0600][18.371s][info][gc,marking  ] GC(35) Concurrent Mark 120.877ms
[2026-04-03T02:22:47.081+0600][18.371s][info][gc,marking  ] GC(35) Concurrent Rebuild Remembered Sets and Scrub Regions
[2026-04-03T02:22:47.148+0600][18.438s][info][gc,marking  ] GC(35) Concurrent Rebuild Remembered Sets and Scrub Regions 67.255ms
[2026-04-03T02:22:47.149+0600][18.438s][info][gc,start    ] GC(35) Pause Cleanup
[2026-04-03T02:22:47.149+0600][18.439s][info][gc          ] GC(35) Pause Cleanup 206M->206M(320M) 0.664ms
[2026-04-03T02:22:47.149+0600][18.439s][info][gc,cpu      ] GC(35) User=0.00s Sys=0.00s Real=0.00s
[2026-04-03T02:22:47.149+0600][18.439s][info][gc,marking  ] GC(35) Concurrent Clear Claimed Marks
[2026-04-03T02:22:47.150+0600][18.439s][info][gc,marking  ] GC(35) Concurrent Clear Claimed Marks 0.315ms
[2026-04-03T02:22:47.150+0600][18.439s][info][gc,marking  ] GC(35) Concurrent Cleanup for Next Mark
[2026-04-03T02:22:47.151+0600][18.441s][info][gc,marking  ] GC(35) Concurrent Cleanup for Next Mark 1.405ms
[2026-04-03T02:22:47.151+0600][18.441s][info][gc          ] GC(35) Concurrent Mark Cycle 193.120ms
[2026-04-03T02:22:47.643+0600][18.933s][info][gc,start    ] GC(36) Pause Young (Prepare Mixed) (G1 Evacuation Pause)
[2026-04-03T02:22:47.643+0600][18.933s][info][gc,task     ] GC(36) Using 7 workers of 10 for evacuation
[2026-04-03T02:22:47.645+0600][18.935s][info][gc,phases   ] GC(36)   Pre Evacuate Collection Set: 0.22ms
[2026-04-03T02:22:47.645+0600][18.935s][info][gc,phases   ] GC(36)   Merge Heap Roots: 0.14ms
[2026-04-03T02:22:47.645+0600][18.935s][info][gc,phases   ] GC(36)   Evacuate Collection Set: 1.24ms
[2026-04-03T02:22:47.645+0600][18.935s][info][gc,phases   ] GC(36)   Post Evacuate Collection Set: 0.55ms
[2026-04-03T02:22:47.645+0600][18.935s][info][gc,phases   ] GC(36)   Other: 0.08ms
[2026-04-03T02:22:47.645+0600][18.935s][info][gc,heap     ] GC(36) Eden regions: 37->0(86)
[2026-04-03T02:22:47.645+0600][18.935s][info][gc,heap     ] GC(36) Survivor regions: 5->1(6)
[2026-04-03T02:22:47.645+0600][18.935s][info][gc,heap     ] GC(36) Old regions: 115->115
[2026-04-03T02:22:47.645+0600][18.935s][info][gc,heap     ] GC(36) Humongous regions: 93->64
[2026-04-03T02:22:47.645+0600][18.935s][info][gc,metaspace] GC(36) Metaspace: 116793K(117824K)->116793K(117824K) NonClass: 101636K(102208K)->101636K(102208K) Class: 15156K(15616K)->15156K(15616K)
[2026-04-03T02:22:47.645+0600][18.935s][info][gc          ] GC(36) Pause Young (Prepare Mixed) (G1 Evacuation Pause) 249M->179M(320M) 2.481ms
[2026-04-03T02:22:47.645+0600][18.935s][info][gc,cpu      ] GC(36) User=0.02s Sys=0.00s Real=0.00s
[2026-04-03T02:22:48.345+0600][19.635s][info][gc,start    ] GC(37) Pause Young (Mixed) (G1 Evacuation Pause)
[2026-04-03T02:22:48.345+0600][19.635s][info][gc,task     ] GC(37) Using 7 workers of 10 for evacuation
[2026-04-03T02:22:48.366+0600][19.656s][info][gc,phases   ] GC(37)   Pre Evacuate Collection Set: 0.38ms
[2026-04-03T02:22:48.366+0600][19.656s][info][gc,phases   ] GC(37)   Merge Heap Roots: 0.25ms
[2026-04-03T02:22:48.366+0600][19.656s][info][gc,phases   ] GC(37)   Evacuate Collection Set: 19.31ms
[2026-04-03T02:22:48.366+0600][19.656s][info][gc,phases   ] GC(37)   Post Evacuate Collection Set: 0.97ms
[2026-04-03T02:22:48.366+0600][19.656s][info][gc,phases   ] GC(37)   Other: 0.13ms
[2026-04-03T02:22:48.366+0600][19.656s][info][gc,heap     ] GC(37) Eden regions: 86->0(100)
[2026-04-03T02:22:48.366+0600][19.656s][info][gc,heap     ] GC(37) Survivor regions: 1->2(11)
[2026-04-03T02:22:48.366+0600][19.656s][info][gc,heap     ] GC(37) Old regions: 115->103
[2026-04-03T02:22:48.366+0600][19.656s][info][gc,heap     ] GC(37) Humongous regions: 82->64
[2026-04-03T02:22:48.366+0600][19.656s][info][gc,metaspace] GC(37) Metaspace: 120903K(121984K)->120903K(121984K) NonClass: 105322K(105920K)->105322K(105920K) Class: 15581K(16064K)->15581K(16064K)
[2026-04-03T02:22:48.366+0600][19.656s][info][gc          ] GC(37) Pause Young (Mixed) (G1 Evacuation Pause) 283M->168M(320M) 21.359ms
[2026-04-03T02:22:48.366+0600][19.656s][info][gc,cpu      ] GC(37) User=0.09s Sys=0.01s Real=0.02s
[2026-04-03T02:22:48.398+0600][19.688s][info][gc,start    ] GC(38) Pause Young (Concurrent Start) (G1 Humongous Allocation)
[2026-04-03T02:22:48.398+0600][19.688s][info][gc,task     ] GC(38) Using 7 workers of 10 for evacuation
[2026-04-03T02:22:48.402+0600][19.692s][info][gc,phases   ] GC(38)   Pre Evacuate Collection Set: 0.31ms
[2026-04-03T02:22:48.403+0600][19.692s][info][gc,phases   ] GC(38)   Merge Heap Roots: 0.15ms
[2026-04-03T02:22:48.403+0600][19.692s][info][gc,phases   ] GC(38)   Evacuate Collection Set: 2.69ms
[2026-04-03T02:22:48.403+0600][19.692s][info][gc,phases   ] GC(38)   Post Evacuate Collection Set: 0.69ms
[2026-04-03T02:22:48.403+0600][19.692s][info][gc,phases   ] GC(38)   Other: 0.23ms
[2026-04-03T02:22:48.403+0600][19.692s][info][gc,heap     ] GC(38) Eden regions: 4->0(107)
[2026-04-03T02:22:48.403+0600][19.692s][info][gc,heap     ] GC(38) Survivor regions: 2->2(13)
[2026-04-03T02:22:48.403+0600][19.692s][info][gc,heap     ] GC(38) Old regions: 103->103
[2026-04-03T02:22:48.403+0600][19.692s][info][gc,heap     ] GC(38) Humongous regions: 64->64
[2026-04-03T02:22:48.403+0600][19.692s][info][gc,metaspace] GC(38) Metaspace: 121032K(122112K)->121032K(122112K) NonClass: 105444K(106048K)->105444K(106048K) Class: 15588K(16064K)->15588K(16064K)
[2026-04-03T02:22:48.403+0600][19.692s][info][gc          ] GC(38) Pause Young (Concurrent Start) (G1 Humongous Allocation) 172M->168M(320M) 4.390ms
[2026-04-03T02:22:48.403+0600][19.692s][info][gc,cpu      ] GC(38) User=0.03s Sys=0.00s Real=0.01s
[2026-04-03T02:22:48.403+0600][19.692s][info][gc          ] GC(39) Concurrent Mark Cycle
[2026-04-03T02:22:48.403+0600][19.693s][info][gc,marking  ] GC(39) Concurrent Scan Root Regions
[2026-04-03T02:22:48.406+0600][19.696s][info][gc,marking  ] GC(39) Concurrent Scan Root Regions 3.100ms
[2026-04-03T02:22:48.406+0600][19.696s][info][gc,marking  ] GC(39) Concurrent Mark
[2026-04-03T02:22:48.406+0600][19.696s][info][gc,marking  ] GC(39) Concurrent Mark From Roots
[2026-04-03T02:22:48.406+0600][19.696s][info][gc,task     ] GC(39) Using 3 workers of 3 for marking
[2026-04-03T02:22:48.498+0600][19.788s][info][gc,marking  ] GC(39) Concurrent Mark From Roots 92.329ms
[2026-04-03T02:22:48.499+0600][19.788s][info][gc,marking  ] GC(39) Concurrent Preclean
[2026-04-03T02:22:48.499+0600][19.789s][info][gc,marking  ] GC(39) Concurrent Preclean 0.764ms
[2026-04-03T02:22:48.500+0600][19.789s][info][gc,start    ] GC(39) Pause Remark
[2026-04-03T02:22:48.508+0600][19.798s][info][gc          ] GC(39) Pause Remark 190M->137M(320M) 8.542ms
[2026-04-03T02:22:48.508+0600][19.798s][info][gc,cpu      ] GC(39) User=0.06s Sys=0.00s Real=0.01s
[2026-04-03T02:22:48.508+0600][19.798s][info][gc,marking  ] GC(39) Concurrent Mark 102.341ms
[2026-04-03T02:22:48.508+0600][19.798s][info][gc,marking  ] GC(39) Concurrent Rebuild Remembered Sets and Scrub Regions
[2026-04-03T02:22:48.549+0600][19.839s][info][gc,marking  ] GC(39) Concurrent Rebuild Remembered Sets and Scrub Regions 40.947ms
[2026-04-03T02:22:48.550+0600][19.839s][info][gc,start    ] GC(39) Pause Cleanup
[2026-04-03T02:22:48.550+0600][19.840s][info][gc          ] GC(39) Pause Cleanup 140M->140M(320M) 0.403ms
[2026-04-03T02:22:48.550+0600][19.840s][info][gc,cpu      ] GC(39) User=0.00s Sys=0.00s Real=0.00s
[2026-04-03T02:22:48.550+0600][19.840s][info][gc,marking  ] GC(39) Concurrent Clear Claimed Marks
[2026-04-03T02:22:48.551+0600][19.840s][info][gc,marking  ] GC(39) Concurrent Clear Claimed Marks 0.263ms
[2026-04-03T02:22:48.551+0600][19.840s][info][gc,marking  ] GC(39) Concurrent Cleanup for Next Mark
[2026-04-03T02:22:48.551+0600][19.841s][info][gc,marking  ] GC(39) Concurrent Cleanup for Next Mark 0.560ms
[2026-04-03T02:22:48.551+0600][19.841s][info][gc          ] GC(39) Concurrent Mark Cycle 148.405ms
[2026-04-03T02:22:48.989+0600][20.278s][info][gc,start    ] GC(40) Pause Young (Prepare Mixed) (G1 Evacuation Pause)
[2026-04-03T02:22:48.989+0600][20.279s][info][gc,task     ] GC(40) Using 7 workers of 10 for evacuation
[2026-04-03T02:22:48.993+0600][20.283s][info][gc,phases   ] GC(40)   Pre Evacuate Collection Set: 0.42ms
[2026-04-03T02:22:48.993+0600][20.283s][info][gc,phases   ] GC(40)   Merge Heap Roots: 0.25ms
[2026-04-03T02:22:48.993+0600][20.283s][info][gc,phases   ] GC(40)   Evacuate Collection Set: 2.40ms
[2026-04-03T02:22:48.993+0600][20.283s][info][gc,phases   ] GC(40)   Post Evacuate Collection Set: 1.08ms
[2026-04-03T02:22:48.993+0600][20.283s][info][gc,phases   ] GC(40)   Other: 0.19ms
[2026-04-03T02:22:48.993+0600][20.283s][info][gc,heap     ] GC(40) Eden regions: 107->0(151)
[2026-04-03T02:22:48.993+0600][20.283s][info][gc,heap     ] GC(40) Survivor regions: 2->3(14)
[2026-04-03T02:22:48.993+0600][20.283s][info][gc,heap     ] GC(40) Old regions: 90->90
[2026-04-03T02:22:48.993+0600][20.283s][info][gc,heap     ] GC(40) Humongous regions: 51->24
[2026-04-03T02:22:48.993+0600][20.283s][info][gc,metaspace] GC(40) Metaspace: 121400K(122432K)->121400K(122432K) NonClass: 105760K(106304K)->105760K(106304K) Class: 15640K(16128K)->15640K(16128K)
[2026-04-03T02:22:48.993+0600][20.283s][info][gc          ] GC(40) Pause Young (Prepare Mixed) (G1 Evacuation Pause) 249M->116M(320M) 4.678ms
[2026-04-03T02:22:48.993+0600][20.283s][info][gc,cpu      ] GC(40) User=0.03s Sys=0.00s Real=0.01s
[2026-04-03T02:22:49.240+0600][20.530s][info][gc,start    ] GC(41) Pause Full (System.gc())
[2026-04-03T02:22:49.240+0600][20.530s][info][gc,task     ] GC(41) Using 7 workers of 10 for full compaction
[2026-04-03T02:22:49.241+0600][20.530s][info][gc,phases,start] GC(41) Phase 1: Mark live objects
[2026-04-03T02:22:49.342+0600][20.632s][info][gc,phases      ] GC(41) Phase 1: Mark live objects 101.572ms
[2026-04-03T02:22:49.342+0600][20.632s][info][gc,phases,start] GC(41) Phase 2: Prepare compaction
[2026-04-03T02:22:49.349+0600][20.639s][info][gc,phases      ] GC(41) Phase 2: Prepare compaction 6.666ms
[2026-04-03T02:22:49.349+0600][20.639s][info][gc,phases,start] GC(41) Phase 3: Adjust pointers
[2026-04-03T02:22:49.365+0600][20.654s][info][gc,phases      ] GC(41) Phase 3: Adjust pointers 15.539ms
[2026-04-03T02:22:49.365+0600][20.655s][info][gc,phases,start] GC(41) Phase 4: Compact heap
[2026-04-03T02:22:49.376+0600][20.665s][info][gc,phases      ] GC(41) Phase 4: Compact heap 10.870ms
[2026-04-03T02:22:49.376+0600][20.666s][info][gc,phases,start] GC(41) Phase 5: Reset Metadata
[2026-04-03T02:22:49.380+0600][20.670s][info][gc,phases      ] GC(41) Phase 5: Reset Metadata 4.036ms
[2026-04-03T02:22:49.390+0600][20.680s][info][gc,heap        ] GC(41) Eden regions: 108->0(140)
[2026-04-03T02:22:49.390+0600][20.680s][info][gc,heap        ] GC(41) Survivor regions: 3->0(14)
[2026-04-03T02:22:49.390+0600][20.680s][info][gc,heap        ] GC(41) Old regions: 90->73
[2026-04-03T02:22:49.390+0600][20.680s][info][gc,heap        ] GC(41) Humongous regions: 50->8
[2026-04-03T02:22:49.390+0600][20.680s][info][gc,metaspace   ] GC(41) Metaspace: 121684K(122816K)->121682K(122816K) NonClass: 106010K(106624K)->106008K(106624K) Class: 15674K(16192K)->15673K(16192K)
[2026-04-03T02:22:49.390+0600][20.680s][info][gc             ] GC(41) Pause Full (System.gc()) 249M->77M(270M) 149.944ms
[2026-04-03T02:22:49.390+0600][20.680s][info][gc,cpu         ] GC(41) User=0.89s Sys=0.03s Real=0.15s
[2026-04-03T02:22:49.426+0600][20.716s][info][gc,start       ] GC(42) Pause Young (Concurrent Start) (G1 Humongous Allocation)
[2026-04-03T02:22:49.426+0600][20.716s][info][gc,task        ] GC(42) Using 6 workers of 10 for evacuation
[2026-04-03T02:22:49.429+0600][20.719s][info][gc,phases      ] GC(42)   Pre Evacuate Collection Set: 0.55ms
[2026-04-03T02:22:49.429+0600][20.719s][info][gc,phases      ] GC(42)   Merge Heap Roots: 0.18ms
[2026-04-03T02:22:49.429+0600][20.719s][info][gc,phases      ] GC(42)   Evacuate Collection Set: 1.73ms
[2026-04-03T02:22:49.429+0600][20.719s][info][gc,phases      ] GC(42)   Post Evacuate Collection Set: 0.60ms
[2026-04-03T02:22:49.429+0600][20.719s][info][gc,phases      ] GC(42)   Other: 0.28ms
[2026-04-03T02:22:49.429+0600][20.719s][info][gc,heap        ] GC(42) Eden regions: 6->0(146)
[2026-04-03T02:22:49.429+0600][20.719s][info][gc,heap        ] GC(42) Survivor regions: 0->1(18)
[2026-04-03T02:22:49.429+0600][20.719s][info][gc,heap        ] GC(42) Old regions: 73->73
[2026-04-03T02:22:49.429+0600][20.719s][info][gc,heap        ] GC(42) Humongous regions: 8->8
[2026-04-03T02:22:49.429+0600][20.719s][info][gc,metaspace   ] GC(42) Metaspace: 121773K(122880K)->121773K(122880K) NonClass: 106092K(106688K)->106092K(106688K) Class: 15680K(16192K)->15680K(16192K)
[2026-04-03T02:22:49.429+0600][20.719s][info][gc             ] GC(42) Pause Young (Concurrent Start) (G1 Humongous Allocation) 83M->78M(270M) 3.614ms
[2026-04-03T02:22:49.430+0600][20.719s][info][gc             ] GC(43) Concurrent Mark Cycle
[2026-04-03T02:22:49.430+0600][20.719s][info][gc,marking     ] GC(43) Concurrent Scan Root Regions
[2026-04-03T02:22:49.430+0600][20.719s][info][gc,cpu         ] GC(42) User=0.01s Sys=0.00s Real=0.00s
[2026-04-03T02:22:49.432+0600][20.721s][info][gc,marking     ] GC(43) Concurrent Scan Root Regions 2.237ms
[2026-04-03T02:22:49.432+0600][20.722s][info][gc,marking     ] GC(43) Concurrent Mark
[2026-04-03T02:22:49.432+0600][20.722s][info][gc,marking     ] GC(43) Concurrent Mark From Roots
[2026-04-03T02:22:49.432+0600][20.722s][info][gc,task        ] GC(43) Using 3 workers of 3 for marking
[2026-04-03T02:22:49.532+0600][20.822s][info][gc,marking     ] GC(43) Concurrent Mark From Roots 100.563ms
[2026-04-03T02:22:49.533+0600][20.822s][info][gc,marking     ] GC(43) Concurrent Preclean
[2026-04-03T02:22:49.533+0600][20.823s][info][gc,marking     ] GC(43) Concurrent Preclean 0.438ms
[2026-04-03T02:22:49.533+0600][20.823s][info][gc,start       ] GC(43) Pause Remark
[2026-04-03T02:22:49.540+0600][20.829s][info][gc             ] GC(43) Pause Remark 87M->87M(270M) 6.471ms
[2026-04-03T02:22:49.540+0600][20.829s][info][gc,cpu         ] GC(43) User=0.03s Sys=0.01s Real=0.01s
[2026-04-03T02:22:49.540+0600][20.830s][info][gc,marking     ] GC(43) Concurrent Mark 108.092ms
[2026-04-03T02:22:49.540+0600][20.830s][info][gc,marking     ] GC(43) Concurrent Rebuild Remembered Sets and Scrub Regions
[2026-04-03T02:22:49.560+0600][20.850s][info][gc,marking     ] GC(43) Concurrent Rebuild Remembered Sets and Scrub Regions 20.077ms
[2026-04-03T02:22:49.560+0600][20.850s][info][gc,start       ] GC(43) Pause Cleanup
[2026-04-03T02:22:49.561+0600][20.850s][info][gc             ] GC(43) Pause Cleanup 87M->87M(270M) 0.292ms
[2026-04-03T02:22:49.561+0600][20.850s][info][gc,cpu         ] GC(43) User=0.00s Sys=0.00s Real=0.00s
[2026-04-03T02:22:49.561+0600][20.850s][info][gc,marking     ] GC(43) Concurrent Clear Claimed Marks
[2026-04-03T02:22:49.561+0600][20.851s][info][gc,marking     ] GC(43) Concurrent Clear Claimed Marks 0.223ms
[2026-04-03T02:22:49.561+0600][20.851s][info][gc,marking     ] GC(43) Concurrent Cleanup for Next Mark
[2026-04-03T02:22:49.561+0600][20.851s][info][gc,marking     ] GC(43) Concurrent Cleanup for Next Mark 0.366ms
[2026-04-03T02:22:49.561+0600][20.851s][info][gc             ] GC(43) Concurrent Mark Cycle 131.920ms
[2026-04-03T02:22:50.030+0600][21.320s][info][gc,start       ] GC(44) Pause Young (Prepare Mixed) (G1 Evacuation Pause)
[2026-04-03T02:22:50.030+0600][21.320s][info][gc,task        ] GC(44) Using 8 workers of 10 for evacuation
[2026-04-03T02:22:50.034+0600][21.324s][info][gc,phases      ] GC(44)   Pre Evacuate Collection Set: 0.29ms
[2026-04-03T02:22:50.034+0600][21.324s][info][gc,phases      ] GC(44)   Merge Heap Roots: 0.16ms
[2026-04-03T02:22:50.034+0600][21.324s][info][gc,phases      ] GC(44)   Evacuate Collection Set: 3.02ms
[2026-04-03T02:22:50.034+0600][21.324s][info][gc,phases      ] GC(44)   Post Evacuate Collection Set: 0.70ms
[2026-04-03T02:22:50.034+0600][21.324s][info][gc,phases      ] GC(44)   Other: 0.13ms
[2026-04-03T02:22:50.034+0600][21.324s][info][gc,heap        ] GC(44) Eden regions: 61->0(205)
[2026-04-03T02:22:50.034+0600][21.324s][info][gc,heap        ] GC(44) Survivor regions: 1->5(19)
[2026-04-03T02:22:50.034+0600][21.324s][info][gc,heap        ] GC(44) Old regions: 73->73
[2026-04-03T02:22:50.034+0600][21.324s][info][gc,heap        ] GC(44) Humongous regions: 225->28
[2026-04-03T02:22:50.034+0600][21.324s][info][gc,metaspace   ] GC(44) Metaspace: 122882K(124096K)->122882K(124096K) NonClass: 107024K(107712K)->107024K(107712K) Class: 15858K(16384K)->15858K(16384K)
[2026-04-03T02:22:50.034+0600][21.324s][info][gc             ] GC(44) Pause Young (Prepare Mixed) (G1 Evacuation Pause) 356M->102M(365M) 4.658ms
[2026-04-03T02:22:50.035+0600][21.324s][info][gc,cpu         ] GC(44) User=0.02s Sys=0.01s Real=0.00s
[2026-04-03T02:22:50.543+0600][21.833s][info][gc,start       ] GC(45) Pause Young (Mixed) (G1 Evacuation Pause)
[2026-04-03T02:22:50.544+0600][21.833s][info][gc,task        ] GC(45) Using 10 workers of 10 for evacuation
[2026-04-03T02:22:50.548+0600][21.838s][info][gc,phases      ] GC(45)   Pre Evacuate Collection Set: 0.40ms
[2026-04-03T02:22:50.548+0600][21.838s][info][gc,phases      ] GC(45)   Merge Heap Roots: 0.13ms
[2026-04-03T02:22:50.548+0600][21.838s][info][gc,phases      ] GC(45)   Evacuate Collection Set: 3.15ms
[2026-04-03T02:22:50.548+0600][21.838s][info][gc,phases      ] GC(45)   Post Evacuate Collection Set: 0.97ms
[2026-04-03T02:22:50.548+0600][21.838s][info][gc,phases      ] GC(45)   Other: 0.11ms
[2026-04-03T02:22:50.548+0600][21.838s][info][gc,heap        ] GC(45) Eden regions: 60->0(268)
[2026-04-03T02:22:50.548+0600][21.838s][info][gc,heap        ] GC(45) Survivor regions: 5->5(27)
[2026-04-03T02:22:50.548+0600][21.838s][info][gc,heap        ] GC(45) Old regions: 73->73
[2026-04-03T02:22:50.548+0600][21.838s][info][gc,heap        ] GC(45) Humongous regions: 312->23
[2026-04-03T02:22:50.548+0600][21.838s][info][gc,metaspace   ] GC(45) Metaspace: 123084K(124288K)->123084K(124288K) NonClass: 107196K(107840K)->107196K(107840K) Class: 15888K(16448K)->15888K(16448K)
[2026-04-03T02:22:50.549+0600][21.838s][info][gc             ] GC(45) Pause Young (Mixed) (G1 Evacuation Pause) 446M->97M(456M) 5.103ms
[2026-04-03T02:22:50.549+0600][21.838s][info][gc,cpu         ] GC(45) User=0.02s Sys=0.01s Real=0.00s
[2026-04-03T02:22:50.549+0600][21.839s][info][gc,start       ] GC(46) Pause Young (Concurrent Start) (G1 Humongous Allocation)
[2026-04-03T02:22:50.549+0600][21.839s][info][gc,task        ] GC(46) Using 10 workers of 10 for evacuation
[2026-04-03T02:22:50.552+0600][21.842s][info][gc,phases      ] GC(46)   Pre Evacuate Collection Set: 0.25ms
[2026-04-03T02:22:50.552+0600][21.842s][info][gc,phases      ] GC(46)   Merge Heap Roots: 0.08ms
[2026-04-03T02:22:50.552+0600][21.842s][info][gc,phases      ] GC(46)   Evacuate Collection Set: 2.25ms
[2026-04-03T02:22:50.552+0600][21.842s][info][gc,phases      ] GC(46)   Post Evacuate Collection Set: 0.46ms
[2026-04-03T02:22:50.552+0600][21.842s][info][gc,phases      ] GC(46)   Other: 0.10ms
[2026-04-03T02:22:50.552+0600][21.842s][info][gc,heap        ] GC(46) Eden regions: 2->0(267)
[2026-04-03T02:22:50.552+0600][21.842s][info][gc,heap        ] GC(46) Survivor regions: 5->6(35)
[2026-04-03T02:22:50.552+0600][21.842s][info][gc,heap        ] GC(46) Old regions: 73->73
[2026-04-03T02:22:50.552+0600][21.842s][info][gc,heap        ] GC(46) Humongous regions: 23->23
[2026-04-03T02:22:50.553+0600][21.842s][info][gc,metaspace   ] GC(46) Metaspace: 123084K(124288K)->123084K(124288K) NonClass: 107196K(107840K)->107196K(107840K) Class: 15888K(16448K)->15888K(16448K)
[2026-04-03T02:22:50.553+0600][21.842s][info][gc             ] GC(46) Pause Young (Concurrent Start) (G1 Humongous Allocation) 99M->97M(456M) 3.338ms
[2026-04-03T02:22:50.553+0600][21.842s][info][gc             ] GC(47) Concurrent Mark Cycle
[2026-04-03T02:22:50.553+0600][21.842s][info][gc,cpu         ] GC(46) User=0.02s Sys=0.00s Real=0.01s
[2026-04-03T02:22:50.553+0600][21.842s][info][gc,marking     ] GC(47) Concurrent Scan Root Regions
[2026-04-03T02:22:50.555+0600][21.845s][info][gc,marking     ] GC(47) Concurrent Scan Root Regions 2.243ms
[2026-04-03T02:22:50.555+0600][21.845s][info][gc,marking     ] GC(47) Concurrent Mark
[2026-04-03T02:22:50.555+0600][21.845s][info][gc,marking     ] GC(47) Concurrent Mark From Roots
[2026-04-03T02:22:50.555+0600][21.845s][info][gc,task        ] GC(47) Using 3 workers of 3 for marking
[2026-04-03T02:22:50.671+0600][21.961s][info][gc,marking     ] GC(47) Concurrent Mark From Roots 116.291ms
[2026-04-03T02:22:50.671+0600][21.961s][info][gc,marking     ] GC(47) Concurrent Preclean
[2026-04-03T02:22:50.672+0600][21.961s][info][gc,marking     ] GC(47) Concurrent Preclean 0.315ms
[2026-04-03T02:22:50.673+0600][21.963s][info][gc,start       ] GC(47) Pause Remark
[2026-04-03T02:22:50.682+0600][21.972s][info][gc             ] GC(47) Pause Remark 347M->347M(534M) 9.315ms
[2026-04-03T02:22:50.682+0600][21.972s][info][gc,cpu         ] GC(47) User=0.05s Sys=0.00s Real=0.01s
[2026-04-03T02:22:50.685+0600][21.975s][info][gc,marking     ] GC(47) Concurrent Mark 130.137ms
[2026-04-03T02:22:50.685+0600][21.975s][info][gc,marking     ] GC(47) Concurrent Rebuild Remembered Sets and Scrub Regions
[2026-04-03T02:22:50.732+0600][22.022s][info][gc,marking     ] GC(47) Concurrent Rebuild Remembered Sets and Scrub Regions 47.179ms
[2026-04-03T02:22:50.733+0600][22.023s][info][gc,start       ] GC(47) Pause Cleanup
[2026-04-03T02:22:50.734+0600][22.023s][info][gc             ] GC(47) Pause Cleanup 367M->367M(534M) 0.374ms
[2026-04-03T02:22:50.734+0600][22.023s][info][gc,cpu         ] GC(47) User=0.00s Sys=0.00s Real=0.00s
[2026-04-03T02:22:50.734+0600][22.024s][info][gc,marking     ] GC(47) Concurrent Clear Claimed Marks
[2026-04-03T02:22:50.734+0600][22.024s][info][gc,marking     ] GC(47) Concurrent Clear Claimed Marks 0.437ms
[2026-04-03T02:22:50.734+0600][22.024s][info][gc,marking     ] GC(47) Concurrent Cleanup for Next Mark
[2026-04-03T02:22:50.738+0600][22.027s][info][gc,marking     ] GC(47) Concurrent Cleanup for Next Mark 3.147ms
[2026-04-03T02:22:50.738+0600][22.027s][info][gc             ] GC(47) Concurrent Mark Cycle 185.033ms
[2026-04-03T02:22:51.993+0600][23.282s][info][gc,start       ] GC(48) Pause Young (Prepare Mixed) (G1 Evacuation Pause)
[2026-04-03T02:22:51.993+0600][23.282s][info][gc,task        ] GC(48) Using 10 workers of 10 for evacuation
[2026-04-03T02:22:51.997+0600][23.287s][info][gc,phases      ] GC(48)   Pre Evacuate Collection Set: 0.37ms
[2026-04-03T02:22:51.997+0600][23.287s][info][gc,phases      ] GC(48)   Merge Heap Roots: 0.14ms
[2026-04-03T02:22:51.997+0600][23.287s][info][gc,phases      ] GC(48)   Evacuate Collection Set: 2.78ms
[2026-04-03T02:22:51.997+0600][23.287s][info][gc,phases      ] GC(48)   Post Evacuate Collection Set: 0.99ms
[2026-04-03T02:22:51.997+0600][23.287s][info][gc,phases      ] GC(48)   Other: 0.11ms
[2026-04-03T02:22:51.997+0600][23.287s][info][gc,heap        ] GC(48) Eden regions: 136->0(339)
[2026-04-03T02:22:51.997+0600][23.287s][info][gc,heap        ] GC(48) Survivor regions: 6->5(37)
[2026-04-03T02:22:51.997+0600][23.287s][info][gc,heap        ] GC(48) Old regions: 73->73
[2026-04-03T02:22:51.997+0600][23.287s][info][gc,heap        ] GC(48) Humongous regions: 336->8
[2026-04-03T02:22:51.997+0600][23.287s][info][gc,metaspace   ] GC(48) Metaspace: 127084K(128512K)->127084K(128512K) NonClass: 110686K(111488K)->110686K(111488K) Class: 16397K(17024K)->16397K(17024K)
[2026-04-03T02:22:51.997+0600][23.287s][info][gc             ] GC(48) Pause Young (Prepare Mixed) (G1 Evacuation Pause) 546M->82M(574M) 4.632ms
[2026-04-03T02:22:51.997+0600][23.287s][info][gc,cpu         ] GC(48) User=0.03s Sys=0.01s Real=0.00s
[2026-04-03T02:22:53.069+0600][24.359s][info][gc,start       ] GC(49) Pause Young (Mixed) (G1 Evacuation Pause)
[2026-04-03T02:22:53.069+0600][24.359s][info][gc,task        ] GC(49) Using 10 workers of 10 for evacuation
[2026-04-03T02:22:53.077+0600][24.366s][info][gc,phases      ] GC(49)   Pre Evacuate Collection Set: 0.60ms
[2026-04-03T02:22:53.077+0600][24.366s][info][gc,phases      ] GC(49)   Merge Heap Roots: 0.35ms
[2026-04-03T02:22:53.077+0600][24.366s][info][gc,phases      ] GC(49)   Evacuate Collection Set: 5.04ms
[2026-04-03T02:22:53.077+0600][24.366s][info][gc,phases      ] GC(49)   Post Evacuate Collection Set: 0.94ms
[2026-04-03T02:22:53.077+0600][24.366s][info][gc,phases      ] GC(49)   Other: 0.30ms
[2026-04-03T02:22:53.077+0600][24.366s][info][gc,heap        ] GC(49) Eden regions: 339->0(343)
[2026-04-03T02:22:53.077+0600][24.366s][info][gc,heap        ] GC(49) Survivor regions: 5->8(43)
[2026-04-03T02:22:53.077+0600][24.366s][info][gc,heap        ] GC(49) Old regions: 73->72
[2026-04-03T02:22:53.077+0600][24.366s][info][gc,heap        ] GC(49) Humongous regions: 160->8
[2026-04-03T02:22:53.077+0600][24.366s][info][gc,metaspace   ] GC(49) Metaspace: 127777K(129216K)->127777K(129216K) NonClass: 111360K(112128K)->111360K(112128K) Class: 16416K(17088K)->16416K(17088K)
[2026-04-03T02:22:53.077+0600][24.367s][info][gc             ] GC(49) Pause Young (Mixed) (G1 Evacuation Pause) 573M->84M(585M) 7.621ms
[2026-04-03T02:22:53.077+0600][24.367s][info][gc,cpu         ] GC(49) User=0.05s Sys=0.01s Real=0.01s
[2026-04-03T02:22:53.107+0600][24.397s][info][gc,start       ] GC(50) Pause Young (Concurrent Start) (G1 Humongous Allocation)
[2026-04-03T02:22:53.107+0600][24.397s][info][gc,task        ] GC(50) Using 10 workers of 10 for evacuation
[2026-04-03T02:22:53.113+0600][24.403s][info][gc,phases      ] GC(50)   Pre Evacuate Collection Set: 0.46ms
[2026-04-03T02:22:53.113+0600][24.403s][info][gc,phases      ] GC(50)   Merge Heap Roots: 0.15ms
[2026-04-03T02:22:53.113+0600][24.403s][info][gc,phases      ] GC(50)   Evacuate Collection Set: 4.08ms
[2026-04-03T02:22:53.113+0600][24.403s][info][gc,phases      ] GC(50)   Post Evacuate Collection Set: 0.76ms
[2026-04-03T02:22:53.113+0600][24.403s][info][gc,phases      ] GC(50)   Other: 0.30ms
[2026-04-03T02:22:53.113+0600][24.403s][info][gc,heap        ] GC(50) Eden regions: 22->0(342)
[2026-04-03T02:22:53.113+0600][24.403s][info][gc,heap        ] GC(50) Survivor regions: 8->9(44)
[2026-04-03T02:22:53.113+0600][24.403s][info][gc,heap        ] GC(50) Old regions: 72->72
[2026-04-03T02:22:53.113+0600][24.403s][info][gc,heap        ] GC(50) Humongous regions: 8->8
[2026-04-03T02:22:53.113+0600][24.403s][info][gc,metaspace   ] GC(50) Metaspace: 127800K(129280K)->127800K(129280K) NonClass: 111383K(112192K)->111383K(112192K) Class: 16416K(17088K)->16416K(17088K)
[2026-04-03T02:22:53.113+0600][24.403s][info][gc             ] GC(50) Pause Young (Concurrent Start) (G1 Humongous Allocation) 106M->86M(585M) 6.154ms
[2026-04-03T02:22:53.113+0600][24.403s][info][gc             ] GC(51) Concurrent Mark Cycle
[2026-04-03T02:22:53.113+0600][24.403s][info][gc,marking     ] GC(51) Concurrent Scan Root Regions
[2026-04-03T02:22:53.113+0600][24.403s][info][gc,cpu         ] GC(50) User=0.05s Sys=0.00s Real=0.01s
[2026-04-03T02:22:53.116+0600][24.406s][info][gc,marking     ] GC(51) Concurrent Scan Root Regions 3.085ms
[2026-04-03T02:22:53.116+0600][24.406s][info][gc,marking     ] GC(51) Concurrent Mark
[2026-04-03T02:22:53.117+0600][24.406s][info][gc,marking     ] GC(51) Concurrent Mark From Roots
[2026-04-03T02:22:53.117+0600][24.406s][info][gc,task        ] GC(51) Using 3 workers of 3 for marking
[2026-04-03T02:22:53.195+0600][24.485s][info][gc,marking     ] GC(51) Concurrent Mark From Roots 78.851ms
[2026-04-03T02:22:53.195+0600][24.485s][info][gc,marking     ] GC(51) Concurrent Preclean
[2026-04-03T02:22:53.196+0600][24.486s][info][gc,marking     ] GC(51) Concurrent Preclean 0.428ms
[2026-04-03T02:22:53.196+0600][24.486s][info][gc,start       ] GC(51) Pause Remark
[2026-04-03T02:22:53.205+0600][24.495s][info][gc             ] GC(51) Pause Remark 137M->137M(380M) 8.864ms
[2026-04-03T02:22:53.205+0600][24.495s][info][gc,cpu         ] GC(51) User=0.05s Sys=0.00s Real=0.01s
[2026-04-03T02:22:53.206+0600][24.496s][info][gc,marking     ] GC(51) Concurrent Mark 89.620ms
[2026-04-03T02:22:53.206+0600][24.496s][info][gc,marking     ] GC(51) Concurrent Rebuild Remembered Sets and Scrub Regions
[2026-04-03T02:22:53.240+0600][24.530s][info][gc,marking     ] GC(51) Concurrent Rebuild Remembered Sets and Scrub Regions 33.790ms
[2026-04-03T02:22:53.241+0600][24.530s][info][gc,start       ] GC(51) Pause Cleanup
[2026-04-03T02:22:53.241+0600][24.531s][info][gc             ] GC(51) Pause Cleanup 157M->157M(380M) 0.339ms
[2026-04-03T02:22:53.241+0600][24.531s][info][gc,cpu         ] GC(51) User=0.00s Sys=0.00s Real=0.00s
[2026-04-03T02:22:53.241+0600][24.531s][info][gc,marking     ] GC(51) Concurrent Clear Claimed Marks
[2026-04-03T02:22:53.242+0600][24.531s][info][gc,marking     ] GC(51) Concurrent Clear Claimed Marks 0.449ms
[2026-04-03T02:22:53.242+0600][24.531s][info][gc,marking     ] GC(51) Concurrent Cleanup for Next Mark
[2026-04-03T02:22:53.243+0600][24.532s][info][gc,marking     ] GC(51) Concurrent Cleanup for Next Mark 0.932ms
[2026-04-03T02:22:53.243+0600][24.532s][info][gc             ] GC(51) Concurrent Mark Cycle 129.338ms
[2026-04-03T02:22:53.564+0600][24.853s][info][gc,start       ] GC(52) Pause Young (Prepare Mixed) (GCLocker Initiated GC)
[2026-04-03T02:22:53.564+0600][24.853s][info][gc,task        ] GC(52) Using 9 workers of 10 for evacuation
[2026-04-03T02:22:53.572+0600][24.861s][info][gc,phases      ] GC(52)   Pre Evacuate Collection Set: 0.47ms
[2026-04-03T02:22:53.572+0600][24.861s][info][gc,phases      ] GC(52)   Merge Heap Roots: 0.21ms
[2026-04-03T02:22:53.572+0600][24.861s][info][gc,phases      ] GC(52)   Evacuate Collection Set: 6.17ms
[2026-04-03T02:22:53.572+0600][24.861s][info][gc,phases      ] GC(52)   Post Evacuate Collection Set: 0.92ms
[2026-04-03T02:22:53.572+0600][24.861s][info][gc,phases      ] GC(52)   Other: 0.16ms
[2026-04-03T02:22:53.572+0600][24.861s][info][gc,heap        ] GC(52) Eden regions: 165->0(224)
[2026-04-03T02:22:53.572+0600][24.861s][info][gc,heap        ] GC(52) Survivor regions: 9->9(29)
[2026-04-03T02:22:53.572+0600][24.861s][info][gc,heap        ] GC(52) Old regions: 72->72
[2026-04-03T02:22:53.572+0600][24.861s][info][gc,heap        ] GC(52) Humongous regions: 134->8
[2026-04-03T02:22:53.572+0600][24.861s][info][gc,metaspace   ] GC(52) Metaspace: 128084K(129536K)->128084K(129536K) NonClass: 111657K(112448K)->111657K(112448K) Class: 16426K(17088K)->16426K(17088K)
[2026-04-03T02:22:53.572+0600][24.862s][info][gc             ] GC(52) Pause Young (Prepare Mixed) (GCLocker Initiated GC) 377M->86M(389M) 8.315ms
[2026-04-03T02:22:53.572+0600][24.862s][info][gc,cpu         ] GC(52) User=0.05s Sys=0.01s Real=0.01s
[2026-04-03T02:22:53.913+0600][25.203s][info][gc,start       ] GC(53) Pause Young (Mixed) (G1 Evacuation Pause)
[2026-04-03T02:22:53.913+0600][25.203s][info][gc,task        ] GC(53) Using 9 workers of 10 for evacuation
[2026-04-03T02:22:53.922+0600][25.212s][info][gc,phases      ] GC(53)   Pre Evacuate Collection Set: 0.49ms
[2026-04-03T02:22:53.922+0600][25.212s][info][gc,phases      ] GC(53)   Merge Heap Roots: 0.28ms
[2026-04-03T02:22:53.922+0600][25.212s][info][gc,phases      ] GC(53)   Evacuate Collection Set: 6.77ms
[2026-04-03T02:22:53.922+0600][25.212s][info][gc,phases      ] GC(53)   Post Evacuate Collection Set: 1.22ms
[2026-04-03T02:22:53.922+0600][25.212s][info][gc,phases      ] GC(53)   Other: 0.12ms
[2026-04-03T02:22:53.922+0600][25.212s][info][gc,heap        ] GC(53) Eden regions: 174->0(230)
[2026-04-03T02:22:53.922+0600][25.212s][info][gc,heap        ] GC(53) Survivor regions: 9->10(30)
[2026-04-03T02:22:53.922+0600][25.212s][info][gc,heap        ] GC(53) Old regions: 72->72
[2026-04-03T02:22:53.922+0600][25.212s][info][gc,heap        ] GC(53) Humongous regions: 134->8
[2026-04-03T02:22:53.922+0600][25.212s][info][gc,metaspace   ] GC(53) Metaspace: 128355K(129792K)->128355K(129792K) NonClass: 111927K(112704K)->111927K(112704K) Class: 16428K(17088K)->16428K(17088K)
[2026-04-03T02:22:53.922+0600][25.212s][info][gc             ] GC(53) Pause Young (Mixed) (G1 Evacuation Pause) 386M->87M(400M) 9.220ms
[2026-04-03T02:22:53.923+0600][25.212s][info][gc,cpu         ] GC(53) User=0.06s Sys=0.01s Real=0.01s
[2026-04-03T02:22:53.933+0600][25.223s][info][gc,start       ] GC(54) Pause Young (Concurrent Start) (G1 Humongous Allocation)
[2026-04-03T02:22:53.933+0600][25.223s][info][gc,task        ] GC(54) Using 9 workers of 10 for evacuation
[2026-04-03T02:22:53.940+0600][25.230s][info][gc,phases      ] GC(54)   Pre Evacuate Collection Set: 0.41ms
[2026-04-03T02:22:53.940+0600][25.230s][info][gc,phases      ] GC(54)   Merge Heap Roots: 0.13ms
[2026-04-03T02:22:53.940+0600][25.230s][info][gc,phases      ] GC(54)   Evacuate Collection Set: 4.82ms
[2026-04-03T02:22:53.940+0600][25.230s][info][gc,phases      ] GC(54)   Post Evacuate Collection Set: 1.43ms
[2026-04-03T02:22:53.940+0600][25.230s][info][gc,phases      ] GC(54)   Other: 0.14ms
[2026-04-03T02:22:53.940+0600][25.230s][info][gc,heap        ] GC(54) Eden regions: 8->0(231)
[2026-04-03T02:22:53.940+0600][25.230s][info][gc,heap        ] GC(54) Survivor regions: 10->9(30)
[2026-04-03T02:22:53.940+0600][25.230s][info][gc,heap        ] GC(54) Old regions: 72->72
[2026-04-03T02:22:53.940+0600][25.230s][info][gc,heap        ] GC(54) Humongous regions: 8->8
[2026-04-03T02:22:53.940+0600][25.230s][info][gc,metaspace   ] GC(54) Metaspace: 128359K(129792K)->128359K(129792K) NonClass: 111931K(112704K)->111931K(112704K) Class: 16428K(17088K)->16428K(17088K)
[2026-04-03T02:22:53.940+0600][25.230s][info][gc             ] GC(54) Pause Young (Concurrent Start) (G1 Humongous Allocation) 95M->86M(400M) 7.276ms
[2026-04-03T02:22:53.941+0600][25.230s][info][gc             ] GC(55) Concurrent Mark Cycle
[2026-04-03T02:22:53.941+0600][25.230s][info][gc,cpu         ] GC(54) User=0.04s Sys=0.01s Real=0.01s
[2026-04-03T02:22:53.941+0600][25.230s][info][gc,marking     ] GC(55) Concurrent Scan Root Regions
[2026-04-03T02:22:53.945+0600][25.234s][info][gc,marking     ] GC(55) Concurrent Scan Root Regions 3.989ms
[2026-04-03T02:22:53.945+0600][25.234s][info][gc,marking     ] GC(55) Concurrent Mark
[2026-04-03T02:22:53.945+0600][25.234s][info][gc,marking     ] GC(55) Concurrent Mark From Roots
[2026-04-03T02:22:53.945+0600][25.234s][info][gc,task        ] GC(55) Using 3 workers of 3 for marking
[2026-04-03T02:22:54.052+0600][25.342s][info][gc,marking     ] GC(55) Concurrent Mark From Roots 107.676ms
[2026-04-03T02:22:54.053+0600][25.342s][info][gc,marking     ] GC(55) Concurrent Preclean
[2026-04-03T02:22:54.053+0600][25.343s][info][gc,marking     ] GC(55) Concurrent Preclean 0.296ms
[2026-04-03T02:22:54.053+0600][25.343s][info][gc,start       ] GC(55) Pause Remark
[2026-04-03T02:22:54.061+0600][25.351s][info][gc             ] GC(55) Pause Remark 148M->148M(400M) 7.934ms
[2026-04-03T02:22:54.061+0600][25.351s][info][gc,cpu         ] GC(55) User=0.05s Sys=0.00s Real=0.01s
[2026-04-03T02:22:54.062+0600][25.351s][info][gc,marking     ] GC(55) Concurrent Mark 116.727ms
[2026-04-03T02:22:54.062+0600][25.351s][info][gc,marking     ] GC(55) Concurrent Rebuild Remembered Sets and Scrub Regions
[2026-04-03T02:22:54.085+0600][25.374s][info][gc,marking     ] GC(55) Concurrent Rebuild Remembered Sets and Scrub Regions 23.249ms
[2026-04-03T02:22:54.085+0600][25.375s][info][gc,start       ] GC(55) Pause Cleanup
[2026-04-03T02:22:54.085+0600][25.375s][info][gc             ] GC(55) Pause Cleanup 155M->155M(400M) 0.247ms
[2026-04-03T02:22:54.086+0600][25.375s][info][gc,cpu         ] GC(55) User=0.00s Sys=0.00s Real=0.00s
[2026-04-03T02:22:54.086+0600][25.375s][info][gc,marking     ] GC(55) Concurrent Clear Claimed Marks
[2026-04-03T02:22:54.086+0600][25.376s][info][gc,marking     ] GC(55) Concurrent Clear Claimed Marks 0.348ms
[2026-04-03T02:22:54.086+0600][25.376s][info][gc,marking     ] GC(55) Concurrent Cleanup for Next Mark
[2026-04-03T02:22:54.087+0600][25.376s][info][gc,marking     ] GC(55) Concurrent Cleanup for Next Mark 0.576ms
[2026-04-03T02:22:54.087+0600][25.376s][info][gc             ] GC(55) Concurrent Mark Cycle 146.036ms
[2026-04-03T02:22:54.658+0600][25.947s][info][gc,start       ] GC(56) Pause Young (Prepare Mixed) (G1 Evacuation Pause)
[2026-04-03T02:22:54.658+0600][25.947s][info][gc,task        ] GC(56) Using 10 workers of 10 for evacuation
[2026-04-03T02:22:54.664+0600][25.954s][info][gc,phases      ] GC(56)   Pre Evacuate Collection Set: 0.41ms
[2026-04-03T02:22:54.664+0600][25.954s][info][gc,phases      ] GC(56)   Merge Heap Roots: 0.26ms
[2026-04-03T02:22:54.664+0600][25.954s][info][gc,phases      ] GC(56)   Evacuate Collection Set: 4.53ms
[2026-04-03T02:22:54.664+0600][25.954s][info][gc,phases      ] GC(56)   Post Evacuate Collection Set: 1.02ms
[2026-04-03T02:22:54.664+0600][25.954s][info][gc,phases      ] GC(56)   Other: 0.13ms
[2026-04-03T02:22:54.664+0600][25.954s][info][gc,heap        ] GC(56) Eden regions: 235->0(247)
[2026-04-03T02:22:54.664+0600][25.954s][info][gc,heap        ] GC(56) Survivor regions: 9->8(31)
[2026-04-03T02:22:54.664+0600][25.954s][info][gc,heap        ] GC(56) Old regions: 72->72
[2026-04-03T02:22:54.664+0600][25.954s][info][gc,heap        ] GC(56) Humongous regions: 102->8
[2026-04-03T02:22:54.664+0600][25.954s][info][gc,metaspace   ] GC(56) Metaspace: 128747K(130240K)->128747K(130240K) NonClass: 112283K(113088K)->112283K(113088K) Class: 16464K(17152K)->16464K(17152K)
[2026-04-03T02:22:54.664+0600][25.954s][info][gc             ] GC(56) Pause Young (Prepare Mixed) (G1 Evacuation Pause) 415M->85M(426M) 6.676ms
[2026-04-03T02:22:54.664+0600][25.954s][info][gc,cpu         ] GC(56) User=0.04s Sys=0.01s Real=0.01s
[2026-04-03T02:22:55.021+0600][26.311s][info][gc,start       ] GC(57) Pause Young (Mixed) (G1 Evacuation Pause)
[2026-04-03T02:22:55.021+0600][26.311s][info][gc,task        ] GC(57) Using 10 workers of 10 for evacuation
[2026-04-03T02:22:55.029+0600][26.319s][info][gc,phases      ] GC(57)   Pre Evacuate Collection Set: 0.50ms
[2026-04-03T02:22:55.030+0600][26.319s][info][gc,phases      ] GC(57)   Merge Heap Roots: 0.43ms
[2026-04-03T02:22:55.030+0600][26.319s][info][gc,phases      ] GC(57)   Evacuate Collection Set: 6.10ms
[2026-04-03T02:22:55.030+0600][26.319s][info][gc,phases      ] GC(57)   Post Evacuate Collection Set: 1.05ms
[2026-04-03T02:22:55.030+0600][26.319s][info][gc,phases      ] GC(57)   Other: 0.14ms
[2026-04-03T02:22:55.030+0600][26.319s][info][gc,heap        ] GC(57) Eden regions: 191->0(252)
[2026-04-03T02:22:55.030+0600][26.319s][info][gc,heap        ] GC(57) Survivor regions: 8->8(32)
[2026-04-03T02:22:55.030+0600][26.319s][info][gc,heap        ] GC(57) Old regions: 72->71
[2026-04-03T02:22:55.030+0600][26.319s][info][gc,heap        ] GC(57) Humongous regions: 155->8
[2026-04-03T02:22:55.030+0600][26.319s][info][gc,metaspace   ] GC(57) Metaspace: 128927K(130368K)->128927K(130368K) NonClass: 112460K(113216K)->112460K(113216K) Class: 16466K(17152K)->16466K(17152K)
[2026-04-03T02:22:55.030+0600][26.320s][info][gc             ] GC(57) Pause Young (Mixed) (G1 Evacuation Pause) 423M->85M(434M) 8.801ms
[2026-04-03T02:22:55.030+0600][26.320s][info][gc,cpu         ] GC(57) User=0.06s Sys=0.01s Real=0.01s
[2026-04-03T02:22:55.053+0600][26.343s][info][gc,start       ] GC(58) Pause Young (Concurrent Start) (G1 Humongous Allocation)
[2026-04-03T02:22:55.053+0600][26.343s][info][gc,task        ] GC(58) Using 10 workers of 10 for evacuation
[2026-04-03T02:22:55.059+0600][26.349s][info][gc,phases      ] GC(58)   Pre Evacuate Collection Set: 0.44ms
[2026-04-03T02:22:55.059+0600][26.349s][info][gc,phases      ] GC(58)   Merge Heap Roots: 0.14ms
[2026-04-03T02:22:55.060+0600][26.349s][info][gc,phases      ] GC(58)   Evacuate Collection Set: 4.78ms
[2026-04-03T02:22:55.060+0600][26.349s][info][gc,phases      ] GC(58)   Post Evacuate Collection Set: 0.83ms
[2026-04-03T02:22:55.060+0600][26.349s][info][gc,phases      ] GC(58)   Other: 0.15ms
[2026-04-03T02:22:55.060+0600][26.349s][info][gc,heap        ] GC(58) Eden regions: 14->0(252)
[2026-04-03T02:22:55.060+0600][26.349s][info][gc,heap        ] GC(58) Survivor regions: 8->8(33)
[2026-04-03T02:22:55.060+0600][26.349s][info][gc,heap        ] GC(58) Old regions: 71->71
[2026-04-03T02:22:55.060+0600][26.349s][info][gc,heap        ] GC(58) Humongous regions: 8->8
[2026-04-03T02:22:55.060+0600][26.349s][info][gc,metaspace   ] GC(58) Metaspace: 128934K(130432K)->128934K(130432K) NonClass: 112468K(113280K)->112468K(113280K) Class: 16466K(17152K)->16466K(17152K)
[2026-04-03T02:22:55.060+0600][26.349s][info][gc             ] GC(58) Pause Young (Concurrent Start) (G1 Humongous Allocation) 99M->85M(434M) 6.649ms
[2026-04-03T02:22:55.060+0600][26.349s][info][gc             ] GC(59) Concurrent Mark Cycle
[2026-04-03T02:22:55.060+0600][26.349s][info][gc,cpu         ] GC(58) User=0.05s Sys=0.00s Real=0.01s
[2026-04-03T02:22:55.060+0600][26.349s][info][gc,marking     ] GC(59) Concurrent Scan Root Regions
[2026-04-03T02:22:55.068+0600][26.358s][info][gc,marking     ] GC(59) Concurrent Scan Root Regions 7.988ms
[2026-04-03T02:22:55.068+0600][26.358s][info][gc,marking     ] GC(59) Concurrent Mark
[2026-04-03T02:22:55.068+0600][26.358s][info][gc,marking     ] GC(59) Concurrent Mark From Roots
[2026-04-03T02:22:55.068+0600][26.358s][info][gc,task        ] GC(59) Using 3 workers of 3 for marking
[2026-04-03T02:22:55.170+0600][26.459s][info][gc,marking     ] GC(59) Concurrent Mark From Roots 101.786ms
[2026-04-03T02:22:55.170+0600][26.460s][info][gc,marking     ] GC(59) Concurrent Preclean
[2026-04-03T02:22:55.170+0600][26.460s][info][gc,marking     ] GC(59) Concurrent Preclean 0.334ms
[2026-04-03T02:22:55.171+0600][26.460s][info][gc,start       ] GC(59) Pause Remark
[2026-04-03T02:22:55.181+0600][26.470s][info][gc             ] GC(59) Pause Remark 159M->159M(414M) 10.137ms
[2026-04-03T02:22:55.181+0600][26.471s][info][gc,cpu         ] GC(59) User=0.08s Sys=0.00s Real=0.01s
[2026-04-03T02:22:55.181+0600][26.471s][info][gc,marking     ] GC(59) Concurrent Mark 113.206ms
[2026-04-03T02:22:55.181+0600][26.471s][info][gc,marking     ] GC(59) Concurrent Rebuild Remembered Sets and Scrub Regions
[2026-04-03T02:22:55.212+0600][26.501s][info][gc,marking     ] GC(59) Concurrent Rebuild Remembered Sets and Scrub Regions 30.606ms
[2026-04-03T02:22:55.212+0600][26.502s][info][gc,start       ] GC(59) Pause Cleanup
[2026-04-03T02:22:55.213+0600][26.503s][info][gc             ] GC(59) Pause Cleanup 170M->170M(414M) 0.503ms
[2026-04-03T02:22:55.213+0600][26.503s][info][gc,cpu         ] GC(59) User=0.00s Sys=0.00s Real=0.00s
[2026-04-03T02:22:55.217+0600][26.506s][info][gc,marking     ] GC(59) Concurrent Clear Claimed Marks
[2026-04-03T02:22:55.217+0600][26.507s][info][gc,marking     ] GC(59) Concurrent Clear Claimed Marks 0.552ms
[2026-04-03T02:22:55.217+0600][26.507s][info][gc,marking     ] GC(59) Concurrent Cleanup for Next Mark
[2026-04-03T02:22:55.219+0600][26.508s][info][gc,marking     ] GC(59) Concurrent Cleanup for Next Mark 1.211ms
[2026-04-03T02:22:55.219+0600][26.508s][info][gc             ] GC(59) Concurrent Mark Cycle 158.954ms
[2026-04-03T02:22:55.476+0600][26.765s][info][gc,start       ] GC(60) Pause Young (Prepare Mixed) (G1 Evacuation Pause)
[2026-04-03T02:22:55.476+0600][26.765s][info][gc,task        ] GC(60) Using 9 workers of 10 for evacuation
[2026-04-03T02:22:55.484+0600][26.773s][info][gc,phases      ] GC(60)   Pre Evacuate Collection Set: 0.49ms
[2026-04-03T02:22:55.484+0600][26.774s][info][gc,phases      ] GC(60)   Merge Heap Roots: 0.31ms
[2026-04-03T02:22:55.484+0600][26.774s][info][gc,phases      ] GC(60)   Evacuate Collection Set: 6.00ms
[2026-04-03T02:22:55.484+0600][26.774s][info][gc,phases      ] GC(60)   Post Evacuate Collection Set: 1.17ms
[2026-04-03T02:22:55.484+0600][26.774s][info][gc,phases      ] GC(60)   Other: 0.17ms
[2026-04-03T02:22:55.484+0600][26.774s][info][gc,heap        ] GC(60) Eden regions: 180->0(244)
[2026-04-03T02:22:55.484+0600][26.774s][info][gc,heap        ] GC(60) Survivor regions: 8->9(31)
[2026-04-03T02:22:55.484+0600][26.774s][info][gc,heap        ] GC(60) Old regions: 71->71
[2026-04-03T02:22:55.484+0600][26.774s][info][gc,heap        ] GC(60) Humongous regions: 155->8
[2026-04-03T02:22:55.484+0600][26.774s][info][gc,metaspace   ] GC(60) Metaspace: 129112K(130560K)->129112K(130560K) NonClass: 112643K(113408K)->112643K(113408K) Class: 16469K(17152K)->16469K(17152K)
[2026-04-03T02:22:55.484+0600][26.774s][info][gc             ] GC(60) Pause Young (Prepare Mixed) (G1 Evacuation Pause) 412M->86M(423M) 8.456ms
[2026-04-03T02:22:55.484+0600][26.774s][info][gc,cpu         ] GC(60) User=0.04s Sys=0.02s Real=0.01s
[2026-04-03T02:22:55.931+0600][27.221s][info][gc,start       ] GC(61) Pause Young (Mixed) (G1 Evacuation Pause)
[2026-04-03T02:22:55.931+0600][27.221s][info][gc,task        ] GC(61) Using 10 workers of 10 for evacuation
[2026-04-03T02:22:55.939+0600][27.228s][info][gc,phases      ] GC(61)   Pre Evacuate Collection Set: 0.53ms
[2026-04-03T02:22:55.939+0600][27.229s][info][gc,phases      ] GC(61)   Merge Heap Roots: 0.19ms
[2026-04-03T02:22:55.939+0600][27.229s][info][gc,phases      ] GC(61)   Evacuate Collection Set: 5.23ms
[2026-04-03T02:22:55.939+0600][27.229s][info][gc,phases      ] GC(61)   Post Evacuate Collection Set: 1.52ms
[2026-04-03T02:22:55.939+0600][27.229s][info][gc,phases      ] GC(61)   Other: 0.17ms
[2026-04-03T02:22:55.939+0600][27.229s][info][gc,heap        ] GC(61) Eden regions: 207->0(253)
[2026-04-03T02:22:55.939+0600][27.229s][info][gc,heap        ] GC(61) Survivor regions: 9->9(32)
[2026-04-03T02:22:55.939+0600][27.229s][info][gc,heap        ] GC(61) Old regions: 71->71
[2026-04-03T02:22:55.939+0600][27.229s][info][gc,heap        ] GC(61) Humongous regions: 141->8
[2026-04-03T02:22:55.939+0600][27.229s][info][gc,metaspace   ] GC(61) Metaspace: 129453K(130944K)->129453K(130944K) NonClass: 112943K(113728K)->112943K(113728K) Class: 16510K(17216K)->16510K(17216K)
[2026-04-03T02:22:55.939+0600][27.229s][info][gc             ] GC(61) Pause Young (Mixed) (G1 Evacuation Pause) 426M->86M(438M) 7.917ms
[2026-04-03T02:22:55.939+0600][27.229s][info][gc,cpu         ] GC(61) User=0.05s Sys=0.01s Real=0.00s
[2026-04-03T02:22:55.952+0600][27.241s][info][gc,start       ] GC(62) Pause Young (Concurrent Start) (G1 Humongous Allocation)
[2026-04-03T02:22:55.952+0600][27.242s][info][gc,task        ] GC(62) Using 10 workers of 10 for evacuation
[2026-04-03T02:22:55.957+0600][27.246s][info][gc,phases      ] GC(62)   Pre Evacuate Collection Set: 0.46ms
[2026-04-03T02:22:55.957+0600][27.246s][info][gc,phases      ] GC(62)   Merge Heap Roots: 0.10ms
[2026-04-03T02:22:55.957+0600][27.246s][info][gc,phases      ] GC(62)   Evacuate Collection Set: 3.28ms
[2026-04-03T02:22:55.957+0600][27.246s][info][gc,phases      ] GC(62)   Post Evacuate Collection Set: 0.70ms
[2026-04-03T02:22:55.957+0600][27.246s][info][gc,phases      ] GC(62)   Other: 0.18ms
[2026-04-03T02:22:55.957+0600][27.246s][info][gc,heap        ] GC(62) Eden regions: 5->0(254)
[2026-04-03T02:22:55.957+0600][27.246s][info][gc,heap        ] GC(62) Survivor regions: 9->8(33)
[2026-04-03T02:22:55.957+0600][27.246s][info][gc,heap        ] GC(62) Old regions: 71->71
[2026-04-03T02:22:55.957+0600][27.246s][info][gc,heap        ] GC(62) Humongous regions: 8->8
[2026-04-03T02:22:55.957+0600][27.246s][info][gc,metaspace   ] GC(62) Metaspace: 129455K(130944K)->129455K(130944K) NonClass: 112944K(113728K)->112944K(113728K) Class: 16510K(17216K)->16510K(17216K)
[2026-04-03T02:22:55.957+0600][27.247s][info][gc             ] GC(62) Pause Young (Concurrent Start) (G1 Humongous Allocation) 90M->85M(438M) 5.115ms
[2026-04-03T02:22:55.957+0600][27.247s][info][gc             ] GC(63) Concurrent Mark Cycle
[2026-04-03T02:22:55.957+0600][27.247s][info][gc,cpu         ] GC(62) User=0.04s Sys=0.00s Real=0.00s
[2026-04-03T02:22:55.957+0600][27.247s][info][gc,marking     ] GC(63) Concurrent Scan Root Regions
[2026-04-03T02:22:55.961+0600][27.250s][info][gc,marking     ] GC(63) Concurrent Scan Root Regions 3.685ms
[2026-04-03T02:22:55.961+0600][27.250s][info][gc,marking     ] GC(63) Concurrent Mark
[2026-04-03T02:22:55.961+0600][27.250s][info][gc,marking     ] GC(63) Concurrent Mark From Roots
[2026-04-03T02:22:55.961+0600][27.250s][info][gc,task        ] GC(63) Using 3 workers of 3 for marking
[2026-04-03T02:22:56.035+0600][27.325s][info][gc,marking     ] GC(63) Concurrent Mark From Roots 74.558ms
[2026-04-03T02:22:56.035+0600][27.325s][info][gc,marking     ] GC(63) Concurrent Preclean
[2026-04-03T02:22:56.036+0600][27.326s][info][gc,marking     ] GC(63) Concurrent Preclean 0.521ms
[2026-04-03T02:22:56.036+0600][27.326s][info][gc,start       ] GC(63) Pause Remark
[2026-04-03T02:22:56.044+0600][27.334s][info][gc             ] GC(63) Pause Remark 99M->99M(314M) 7.627ms
[2026-04-03T02:22:56.044+0600][27.334s][info][gc,cpu         ] GC(63) User=0.05s Sys=0.00s Real=0.01s
[2026-04-03T02:22:56.044+0600][27.334s][info][gc,marking     ] GC(63) Concurrent Mark 83.633ms
[2026-04-03T02:22:56.044+0600][27.334s][info][gc,marking     ] GC(63) Concurrent Rebuild Remembered Sets and Scrub Regions
[2026-04-03T02:22:56.071+0600][27.361s][info][gc,marking     ] GC(63) Concurrent Rebuild Remembered Sets and Scrub Regions 26.588ms
[2026-04-03T02:22:56.071+0600][27.361s][info][gc,start       ] GC(63) Pause Cleanup
[2026-04-03T02:22:56.072+0600][27.362s][info][gc             ] GC(63) Pause Cleanup 101M->101M(314M) 0.464ms
[2026-04-03T02:22:56.072+0600][27.362s][info][gc,cpu         ] GC(63) User=0.01s Sys=0.00s Real=0.00s
[2026-04-03T02:22:56.072+0600][27.362s][info][gc,marking     ] GC(63) Concurrent Clear Claimed Marks
[2026-04-03T02:22:56.073+0600][27.362s][info][gc,marking     ] GC(63) Concurrent Clear Claimed Marks 0.378ms
[2026-04-03T02:22:56.073+0600][27.362s][info][gc,marking     ] GC(63) Concurrent Cleanup for Next Mark
[2026-04-03T02:22:56.073+0600][27.363s][info][gc,marking     ] GC(63) Concurrent Cleanup for Next Mark 0.726ms
[2026-04-03T02:22:56.074+0600][27.363s][info][gc             ] GC(63) Concurrent Mark Cycle 116.607ms
[2026-04-03T02:22:56.416+0600][27.706s][info][gc,start       ] GC(64) Pause Young (Prepare Mixed) (G1 Evacuation Pause)
[2026-04-03T02:22:56.416+0600][27.706s][info][gc,task        ] GC(64) Using 8 workers of 10 for evacuation
[2026-04-03T02:22:56.427+0600][27.716s][info][gc,phases      ] GC(64)   Pre Evacuate Collection Set: 0.36ms
[2026-04-03T02:22:56.427+0600][27.716s][info][gc,phases      ] GC(64)   Merge Heap Roots: 0.21ms
[2026-04-03T02:22:56.427+0600][27.716s][info][gc,phases      ] GC(64)   Evacuate Collection Set: 8.85ms
[2026-04-03T02:22:56.427+0600][27.716s][info][gc,phases      ] GC(64)   Post Evacuate Collection Set: 0.78ms
[2026-04-03T02:22:56.427+0600][27.716s][info][gc,phases      ] GC(64)   Other: 0.11ms
[2026-04-03T02:22:56.427+0600][27.716s][info][gc,heap        ] GC(64) Eden regions: 172->0(185)
[2026-04-03T02:22:56.427+0600][27.716s][info][gc,heap        ] GC(64) Survivor regions: 8->11(24)
[2026-04-03T02:22:56.427+0600][27.716s][info][gc,heap        ] GC(64) Old regions: 71->73
[2026-04-03T02:22:56.427+0600][27.716s][info][gc,heap        ] GC(64) Humongous regions: 63->8
[2026-04-03T02:22:56.427+0600][27.716s][info][gc,metaspace   ] GC(64) Metaspace: 129839K(131392K)->129839K(131392K) NonClass: 113265K(114112K)->113265K(114112K) Class: 16573K(17280K)->16573K(17280K)
[2026-04-03T02:22:56.427+0600][27.717s][info][gc             ] GC(64) Pause Young (Prepare Mixed) (G1 Evacuation Pause) 312M->90M(327M) 10.693ms
[2026-04-03T02:22:56.427+0600][27.717s][info][gc,cpu         ] GC(64) User=0.05s Sys=0.03s Real=0.01s
[2026-04-03T02:22:56.816+0600][28.106s][info][gc,start       ] GC(65) Pause Young (Mixed) (G1 Evacuation Pause)
[2026-04-03T02:22:56.816+0600][28.106s][info][gc,task        ] GC(65) Using 10 workers of 10 for evacuation
[2026-04-03T02:22:56.825+0600][28.114s][info][gc,phases      ] GC(65)   Pre Evacuate Collection Set: 0.35ms
[2026-04-03T02:22:56.825+0600][28.114s][info][gc,phases      ] GC(65)   Merge Heap Roots: 0.31ms
[2026-04-03T02:22:56.825+0600][28.114s][info][gc,phases      ] GC(65)   Evacuate Collection Set: 6.73ms
[2026-04-03T02:22:56.825+0600][28.114s][info][gc,phases      ] GC(65)   Post Evacuate Collection Set: 1.00ms
[2026-04-03T02:22:56.825+0600][28.114s][info][gc,phases      ] GC(65)   Other: 0.16ms
[2026-04-03T02:22:56.825+0600][28.115s][info][gc,heap        ] GC(65) Eden regions: 166->0(256)
[2026-04-03T02:22:56.825+0600][28.115s][info][gc,heap        ] GC(65) Survivor regions: 11->9(25)
[2026-04-03T02:22:56.825+0600][28.115s][info][gc,heap        ] GC(65) Old regions: 73->73
[2026-04-03T02:22:56.825+0600][28.115s][info][gc,heap        ] GC(65) Humongous regions: 182->13
[2026-04-03T02:22:56.825+0600][28.115s][info][gc,metaspace   ] GC(65) Metaspace: 130092K(131648K)->130092K(131648K) NonClass: 113478K(114304K)->113478K(114304K) Class: 16614K(17344K)->16614K(17344K)
[2026-04-03T02:22:56.825+0600][28.115s][info][gc             ] GC(65) Pause Young (Mixed) (G1 Evacuation Pause) 430M->93M(442M) 8.936ms
[2026-04-03T02:22:56.825+0600][28.115s][info][gc,cpu         ] GC(65) User=0.07s Sys=0.01s Real=0.01s
[2026-04-03T02:22:56.826+0600][28.115s][info][gc,start       ] GC(66) Pause Young (Concurrent Start) (G1 Humongous Allocation)
[2026-04-03T02:22:56.826+0600][28.115s][info][gc,task        ] GC(66) Using 10 workers of 10 for evacuation
[2026-04-03T02:22:56.831+0600][28.121s][info][gc,phases      ] GC(66)   Pre Evacuate Collection Set: 0.32ms
[2026-04-03T02:22:56.831+0600][28.121s][info][gc,phases      ] GC(66)   Merge Heap Roots: 0.09ms
[2026-04-03T02:22:56.831+0600][28.121s][info][gc,phases      ] GC(66)   Evacuate Collection Set: 3.83ms
[2026-04-03T02:22:56.831+0600][28.121s][info][gc,phases      ] GC(66)   Post Evacuate Collection Set: 0.75ms
[2026-04-03T02:22:56.831+0600][28.121s][info][gc,phases      ] GC(66)   Other: 0.12ms
[2026-04-03T02:22:56.831+0600][28.121s][info][gc,heap        ] GC(66) Eden regions: 3->0(256)
[2026-04-03T02:22:56.831+0600][28.121s][info][gc,heap        ] GC(66) Survivor regions: 9->9(34)
[2026-04-03T02:22:56.831+0600][28.121s][info][gc,heap        ] GC(66) Old regions: 73->73
[2026-04-03T02:22:56.831+0600][28.121s][info][gc,heap        ] GC(66) Humongous regions: 13->8
[2026-04-03T02:22:56.831+0600][28.121s][info][gc,metaspace   ] GC(66) Metaspace: 130092K(131648K)->130092K(131648K) NonClass: 113478K(114304K)->113478K(114304K) Class: 16614K(17344K)->16614K(17344K)
[2026-04-03T02:22:56.831+0600][28.121s][info][gc             ] GC(66) Pause Young (Concurrent Start) (G1 Humongous Allocation) 96M->88M(442M) 5.419ms
[2026-04-03T02:22:56.831+0600][28.121s][info][gc             ] GC(67) Concurrent Mark Cycle
[2026-04-03T02:22:56.831+0600][28.121s][info][gc,marking     ] GC(67) Concurrent Scan Root Regions
[2026-04-03T02:22:56.831+0600][28.121s][info][gc,cpu         ] GC(66) User=0.05s Sys=0.01s Real=0.01s
[2026-04-03T02:22:56.837+0600][28.127s][info][gc,marking     ] GC(67) Concurrent Scan Root Regions 6.157ms
[2026-04-03T02:22:56.838+0600][28.127s][info][gc,marking     ] GC(67) Concurrent Mark
[2026-04-03T02:22:56.838+0600][28.127s][info][gc,marking     ] GC(67) Concurrent Mark From Roots
[2026-04-03T02:22:56.838+0600][28.127s][info][gc,task        ] GC(67) Using 3 workers of 3 for marking
[2026-04-03T02:22:56.933+0600][28.223s][info][gc,marking     ] GC(67) Concurrent Mark From Roots 95.468ms
[2026-04-03T02:22:56.933+0600][28.223s][info][gc,marking     ] GC(67) Concurrent Preclean
[2026-04-03T02:22:56.933+0600][28.223s][info][gc,marking     ] GC(67) Concurrent Preclean 0.240ms
[2026-04-03T02:22:56.934+0600][28.223s][info][gc,start       ] GC(67) Pause Remark
[2026-04-03T02:22:56.958+0600][28.248s][info][gc             ] GC(67) Pause Remark 358M->358M(534M) 24.094ms
[2026-04-03T02:22:56.958+0600][28.248s][info][gc,cpu         ] GC(67) User=0.20s Sys=0.01s Real=0.02s
[2026-04-03T02:22:56.960+0600][28.250s][info][gc,marking     ] GC(67) Concurrent Mark 122.924ms
[2026-04-03T02:22:56.961+0600][28.250s][info][gc,marking     ] GC(67) Concurrent Rebuild Remembered Sets and Scrub Regions
[2026-04-03T02:22:56.998+0600][28.288s][info][gc,marking     ] GC(67) Concurrent Rebuild Remembered Sets and Scrub Regions 37.936ms
[2026-04-03T02:22:56.999+0600][28.289s][info][gc,start       ] GC(67) Pause Cleanup
[2026-04-03T02:22:56.999+0600][28.289s][info][gc             ] GC(67) Pause Cleanup 382M->382M(534M) 0.366ms
[2026-04-03T02:22:56.999+0600][28.289s][info][gc,cpu         ] GC(67) User=0.00s Sys=0.00s Real=0.00s
[2026-04-03T02:22:57.000+0600][28.289s][info][gc,marking     ] GC(67) Concurrent Clear Claimed Marks
[2026-04-03T02:22:57.000+0600][28.290s][info][gc,marking     ] GC(67) Concurrent Clear Claimed Marks 0.381ms
[2026-04-03T02:22:57.000+0600][28.290s][info][gc,marking     ] GC(67) Concurrent Cleanup for Next Mark
[2026-04-03T02:22:57.002+0600][28.292s][info][gc,marking     ] GC(67) Concurrent Cleanup for Next Mark 1.913ms
[2026-04-03T02:22:57.002+0600][28.292s][info][gc             ] GC(67) Concurrent Mark Cycle 170.807ms
[2026-04-03T02:22:57.107+0600][28.396s][info][gc,start       ] GC(68) Pause Young (Prepare Mixed) (G1 Evacuation Pause)
[2026-04-03T02:22:57.107+0600][28.397s][info][gc,task        ] GC(68) Using 10 workers of 10 for evacuation
[2026-04-03T02:22:57.112+0600][28.402s][info][gc,phases      ] GC(68)   Pre Evacuate Collection Set: 0.32ms
[2026-04-03T02:22:57.112+0600][28.402s][info][gc,phases      ] GC(68)   Merge Heap Roots: 0.12ms
[2026-04-03T02:22:57.112+0600][28.402s][info][gc,phases      ] GC(68)   Evacuate Collection Set: 4.03ms
[2026-04-03T02:22:57.112+0600][28.402s][info][gc,phases      ] GC(68)   Post Evacuate Collection Set: 0.91ms
[2026-04-03T02:22:57.112+0600][28.402s][info][gc,phases      ] GC(68)   Other: 0.09ms
[2026-04-03T02:22:57.112+0600][28.402s][info][gc,heap        ] GC(68) Eden regions: 75->0(420)
[2026-04-03T02:22:57.112+0600][28.402s][info][gc,heap        ] GC(68) Survivor regions: 9->9(40)
[2026-04-03T02:22:57.113+0600][28.402s][info][gc,heap        ] GC(68) Old regions: 73->74
[2026-04-03T02:22:57.113+0600][28.402s][info][gc,heap        ] GC(68) Humongous regions: 549->18
[2026-04-03T02:22:57.113+0600][28.402s][info][gc,metaspace   ] GC(68) Metaspace: 130058K(131648K)->130058K(131648K) NonClass: 113465K(114304K)->113465K(114304K) Class: 16592K(17344K)->16592K(17344K)
[2026-04-03T02:22:57.113+0600][28.402s][info][gc             ] GC(68) Pause Young (Prepare Mixed) (G1 Evacuation Pause) 704M->100M(716M) 5.764ms
[2026-04-03T02:22:57.113+0600][28.402s][info][gc,cpu         ] GC(68) User=0.03s Sys=0.01s Real=0.01s
[2026-04-03T02:22:57.940+0600][29.230s][info][gc,start       ] GC(69) Pause Young (Mixed) (G1 Evacuation Pause)
[2026-04-03T02:22:57.940+0600][29.230s][info][gc,task        ] GC(69) Using 10 workers of 10 for evacuation
[2026-04-03T02:22:57.948+0600][29.238s][info][gc,phases      ] GC(69)   Pre Evacuate Collection Set: 0.47ms
[2026-04-03T02:22:57.948+0600][29.238s][info][gc,phases      ] GC(69)   Merge Heap Roots: 0.28ms
[2026-04-03T02:22:57.948+0600][29.238s][info][gc,phases      ] GC(69)   Evacuate Collection Set: 5.93ms
[2026-04-03T02:22:57.948+0600][29.238s][info][gc,phases      ] GC(69)   Post Evacuate Collection Set: 0.87ms
[2026-04-03T02:22:57.948+0600][29.238s][info][gc,phases      ] GC(69)   Other: 0.17ms
[2026-04-03T02:22:57.948+0600][29.238s][info][gc,heap        ] GC(69) Eden regions: 380->0(429)
[2026-04-03T02:22:57.948+0600][29.238s][info][gc,heap        ] GC(69) Survivor regions: 9->10(54)
[2026-04-03T02:22:57.948+0600][29.238s][info][gc,heap        ] GC(69) Old regions: 74->75
[2026-04-03T02:22:57.948+0600][29.238s][info][gc,heap        ] GC(69) Humongous regions: 258->8
[2026-04-03T02:22:57.948+0600][29.238s][info][gc,metaspace   ] GC(69) Metaspace: 130377K(131968K)->130377K(131968K) NonClass: 113781K(114624K)->113781K(114624K) Class: 16595K(17344K)->16595K(17344K)
[2026-04-03T02:22:57.948+0600][29.238s][info][gc             ] GC(69) Pause Young (Mixed) (G1 Evacuation Pause) 720M->91M(733M) 8.013ms
[2026-04-03T02:22:57.948+0600][29.238s][info][gc,cpu         ] GC(69) User=0.05s Sys=0.02s Real=0.00s
[2026-04-03T02:22:57.968+0600][29.258s][info][gc,start       ] GC(70) Pause Young (Concurrent Start) (GCLocker Initiated GC)
[2026-04-03T02:22:57.968+0600][29.258s][info][gc,task        ] GC(70) Using 10 workers of 10 for evacuation
[2026-04-03T02:22:57.974+0600][29.264s][info][gc,phases      ] GC(70)   Pre Evacuate Collection Set: 0.64ms
[2026-04-03T02:22:57.974+0600][29.264s][info][gc,phases      ] GC(70)   Merge Heap Roots: 0.20ms
[2026-04-03T02:22:57.974+0600][29.264s][info][gc,phases      ] GC(70)   Evacuate Collection Set: 3.91ms
[2026-04-03T02:22:57.974+0600][29.264s][info][gc,phases      ] GC(70)   Post Evacuate Collection Set: 0.74ms
[2026-04-03T02:22:57.974+0600][29.264s][info][gc,phases      ] GC(70)   Other: 0.37ms
[2026-04-03T02:22:57.974+0600][29.264s][info][gc,heap        ] GC(70) Eden regions: 25->0(428)
[2026-04-03T02:22:57.974+0600][29.264s][info][gc,heap        ] GC(70) Survivor regions: 10->11(55)
[2026-04-03T02:22:57.974+0600][29.264s][info][gc,heap        ] GC(70) Old regions: 75->75
[2026-04-03T02:22:57.974+0600][29.264s][info][gc,heap        ] GC(70) Humongous regions: 8->8
[2026-04-03T02:22:57.974+0600][29.264s][info][gc,metaspace   ] GC(70) Metaspace: 130381K(131968K)->130381K(131968K) NonClass: 113785K(114624K)->113785K(114624K) Class: 16595K(17344K)->16595K(17344K)
[2026-04-03T02:22:57.974+0600][29.264s][info][gc             ] GC(70) Pause Young (Concurrent Start) (GCLocker Initiated GC) 116M->92M(733M) 6.180ms
[2026-04-03T02:22:57.974+0600][29.264s][info][gc             ] GC(71) Concurrent Mark Cycle
[2026-04-03T02:22:57.975+0600][29.264s][info][gc,marking     ] GC(71) Concurrent Scan Root Regions
[2026-04-03T02:22:57.975+0600][29.264s][info][gc,cpu         ] GC(70) User=0.04s Sys=0.00s Real=0.01s
[2026-04-03T02:22:57.978+0600][29.268s][info][gc,marking     ] GC(71) Concurrent Scan Root Regions 3.924ms
[2026-04-03T02:22:57.979+0600][29.268s][info][gc,marking     ] GC(71) Concurrent Mark
[2026-04-03T02:22:57.979+0600][29.268s][info][gc,marking     ] GC(71) Concurrent Mark From Roots
[2026-04-03T02:22:57.979+0600][29.268s][info][gc,task        ] GC(71) Using 3 workers of 3 for marking
[2026-04-03T02:22:58.083+0600][29.372s][info][gc,marking     ] GC(71) Concurrent Mark From Roots 104.224ms
[2026-04-03T02:22:58.083+0600][29.373s][info][gc,marking     ] GC(71) Concurrent Preclean
[2026-04-03T02:22:58.083+0600][29.373s][info][gc,marking     ] GC(71) Concurrent Preclean 0.419ms
[2026-04-03T02:22:58.084+0600][29.373s][info][gc,start       ] GC(71) Pause Remark
[2026-04-03T02:22:58.108+0600][29.397s][info][gc             ] GC(71) Pause Remark 192M->192M(454M) 24.069ms
[2026-04-03T02:22:58.108+0600][29.398s][info][gc,cpu         ] GC(71) User=0.19s Sys=0.00s Real=0.02s
[2026-04-03T02:22:58.109+0600][29.399s][info][gc,marking     ] GC(71) Concurrent Mark 130.813ms
[2026-04-03T02:22:58.109+0600][29.399s][info][gc,marking     ] GC(71) Concurrent Rebuild Remembered Sets and Scrub Regions
[2026-04-03T02:22:58.143+0600][29.433s][info][gc,marking     ] GC(71) Concurrent Rebuild Remembered Sets and Scrub Regions 33.948ms
[2026-04-03T02:22:58.144+0600][29.434s][info][gc,start       ] GC(71) Pause Cleanup
[2026-04-03T02:22:58.145+0600][29.434s][info][gc             ] GC(71) Pause Cleanup 222M->222M(454M) 0.463ms
[2026-04-03T02:22:58.145+0600][29.434s][info][gc,cpu         ] GC(71) User=0.00s Sys=0.00s Real=0.00s
[2026-04-03T02:22:58.147+0600][29.437s][info][gc,marking     ] GC(71) Concurrent Clear Claimed Marks
[2026-04-03T02:22:58.148+0600][29.437s][info][gc,marking     ] GC(71) Concurrent Clear Claimed Marks 0.385ms
[2026-04-03T02:22:58.148+0600][29.437s][info][gc,marking     ] GC(71) Concurrent Cleanup for Next Mark
[2026-04-03T02:22:58.149+0600][29.439s][info][gc,marking     ] GC(71) Concurrent Cleanup for Next Mark 1.485ms
[2026-04-03T02:22:58.149+0600][29.439s][info][gc             ] GC(71) Concurrent Mark Cycle 174.764ms
[2026-04-03T02:22:58.382+0600][29.672s][info][gc,start       ] GC(72) Pause Young (Prepare Mixed) (G1 Evacuation Pause)
[2026-04-03T02:22:58.382+0600][29.672s][info][gc,task        ] GC(72) Using 10 workers of 10 for evacuation
[2026-04-03T02:22:58.390+0600][29.679s][info][gc,phases      ] GC(72)   Pre Evacuate Collection Set: 0.45ms
[2026-04-03T02:22:58.390+0600][29.679s][info][gc,phases      ] GC(72)   Merge Heap Roots: 0.24ms
[2026-04-03T02:22:58.390+0600][29.679s][info][gc,phases      ] GC(72)   Evacuate Collection Set: 5.90ms
[2026-04-03T02:22:58.390+0600][29.679s][info][gc,phases      ] GC(72)   Post Evacuate Collection Set: 0.71ms
[2026-04-03T02:22:58.390+0600][29.679s][info][gc,phases      ] GC(72)   Other: 0.12ms
[2026-04-03T02:22:58.390+0600][29.679s][info][gc,heap        ] GC(72) Eden regions: 197->0(272)
[2026-04-03T02:22:58.390+0600][29.679s][info][gc,heap        ] GC(72) Survivor regions: 11->10(34)
[2026-04-03T02:22:58.390+0600][29.679s][info][gc,heap        ] GC(72) Old regions: 75->76
[2026-04-03T02:22:58.390+0600][29.679s][info][gc,heap        ] GC(72) Humongous regions: 176->8
[2026-04-03T02:22:58.390+0600][29.680s][info][gc,metaspace   ] GC(72) Metaspace: 130151K(131968K)->130151K(131968K) NonClass: 113628K(114624K)->113628K(114624K) Class: 16522K(17344K)->16522K(17344K)
[2026-04-03T02:22:58.390+0600][29.680s][info][gc             ] GC(72) Pause Young (Prepare Mixed) (G1 Evacuation Pause) 457M->91M(470M) 7.745ms
[2026-04-03T02:22:58.390+0600][29.680s][info][gc,cpu         ] GC(72) User=0.04s Sys=0.01s Real=0.01s
[2026-04-03T02:22:58.804+0600][30.094s][info][gc,start       ] GC(73) Pause Young (Mixed) (G1 Evacuation Pause)
[2026-04-03T02:22:58.804+0600][30.094s][info][gc,task        ] GC(73) Using 10 workers of 10 for evacuation
[2026-04-03T02:22:58.809+0600][30.099s][info][gc,phases      ] GC(73)   Pre Evacuate Collection Set: 0.36ms
[2026-04-03T02:22:58.809+0600][30.099s][info][gc,phases      ] GC(73)   Merge Heap Roots: 0.21ms
[2026-04-03T02:22:58.809+0600][30.099s][info][gc,phases      ] GC(73)   Evacuate Collection Set: 3.48ms
[2026-04-03T02:22:58.809+0600][30.099s][info][gc,phases      ] GC(73)   Post Evacuate Collection Set: 0.72ms
[2026-04-03T02:22:58.809+0600][30.099s][info][gc,phases      ] GC(73)   Other: 0.11ms
[2026-04-03T02:22:58.809+0600][30.099s][info][gc,heap        ] GC(73) Eden regions: 221->0(286)
[2026-04-03T02:22:58.809+0600][30.099s][info][gc,heap        ] GC(73) Survivor regions: 10->9(36)
[2026-04-03T02:22:58.809+0600][30.099s][info][gc,heap        ] GC(73) Old regions: 76->75
[2026-04-03T02:22:58.809+0600][30.099s][info][gc,heap        ] GC(73) Humongous regions: 176->8
[2026-04-03T02:22:58.809+0600][30.099s][info][gc,metaspace   ] GC(73) Metaspace: 130208K(131968K)->130208K(131968K) NonClass: 113683K(114624K)->113683K(114624K) Class: 16525K(17344K)->16525K(17344K)
[2026-04-03T02:22:58.809+0600][30.099s][info][gc             ] GC(73) Pause Young (Mixed) (G1 Evacuation Pause) 480M->90M(492M) 5.124ms
[2026-04-03T02:22:58.810+0600][30.099s][info][gc,cpu         ] GC(73) User=0.03s Sys=0.01s Real=0.00s
[2026-04-03T02:22:58.814+0600][30.104s][info][gc,start       ] GC(74) Pause Young (Concurrent Start) (G1 Humongous Allocation)
[2026-04-03T02:22:58.814+0600][30.104s][info][gc,task        ] GC(74) Using 10 workers of 10 for evacuation
[2026-04-03T02:22:58.818+0600][30.107s][info][gc,phases      ] GC(74)   Pre Evacuate Collection Set: 0.28ms
[2026-04-03T02:22:58.818+0600][30.107s][info][gc,phases      ] GC(74)   Merge Heap Roots: 0.09ms
[2026-04-03T02:22:58.818+0600][30.107s][info][gc,phases      ] GC(74)   Evacuate Collection Set: 2.59ms
[2026-04-03T02:22:58.818+0600][30.107s][info][gc,phases      ] GC(74)   Post Evacuate Collection Set: 0.43ms
[2026-04-03T02:22:58.818+0600][30.107s][info][gc,phases      ] GC(74)   Other: 0.11ms
[2026-04-03T02:22:58.818+0600][30.107s][info][gc,heap        ] GC(74) Eden regions: 3->0(286)
[2026-04-03T02:22:58.818+0600][30.107s][info][gc,heap        ] GC(74) Survivor regions: 9->9(37)
[2026-04-03T02:22:58.818+0600][30.107s][info][gc,heap        ] GC(74) Old regions: 75->75
[2026-04-03T02:22:58.818+0600][30.107s][info][gc,heap        ] GC(74) Humongous regions: 8->8
[2026-04-03T02:22:58.818+0600][30.107s][info][gc,metaspace   ] GC(74) Metaspace: 130214K(131968K)->130214K(131968K) NonClass: 113687K(114624K)->113687K(114624K) Class: 16526K(17344K)->16526K(17344K)
[2026-04-03T02:22:58.818+0600][30.108s][info][gc             ] GC(74) Pause Young (Concurrent Start) (G1 Humongous Allocation) 93M->90M(492M) 3.730ms
[2026-04-03T02:22:58.818+0600][30.108s][info][gc             ] GC(75) Concurrent Mark Cycle
[2026-04-03T02:22:58.818+0600][30.108s][info][gc,marking     ] GC(75) Concurrent Scan Root Regions
[2026-04-03T02:22:58.818+0600][30.108s][info][gc,cpu         ] GC(74) User=0.03s Sys=0.00s Real=0.00s
[2026-04-03T02:22:58.821+0600][30.111s][info][gc,marking     ] GC(75) Concurrent Scan Root Regions 2.993ms
[2026-04-03T02:22:58.821+0600][30.111s][info][gc,marking     ] GC(75) Concurrent Mark
[2026-04-03T02:22:58.821+0600][30.111s][info][gc,marking     ] GC(75) Concurrent Mark From Roots
[2026-04-03T02:22:58.821+0600][30.111s][info][gc,task        ] GC(75) Using 3 workers of 3 for marking
[2026-04-03T02:22:58.911+0600][30.200s][info][gc,marking     ] GC(75) Concurrent Mark From Roots 89.452ms
[2026-04-03T02:22:58.911+0600][30.200s][info][gc,marking     ] GC(75) Concurrent Preclean
[2026-04-03T02:22:58.911+0600][30.201s][info][gc,marking     ] GC(75) Concurrent Preclean 0.420ms
[2026-04-03T02:22:58.911+0600][30.201s][info][gc,start       ] GC(75) Pause Remark
[2026-04-03T02:22:58.920+0600][30.210s][info][gc             ] GC(75) Pause Remark 146M->146M(394M) 8.758ms
[2026-04-03T02:22:58.920+0600][30.210s][info][gc,cpu         ] GC(75) User=0.05s Sys=0.01s Real=0.01s
[2026-04-03T02:22:58.921+0600][30.210s][info][gc,marking     ] GC(75) Concurrent Mark 99.480ms
[2026-04-03T02:22:58.921+0600][30.210s][info][gc,marking     ] GC(75) Concurrent Rebuild Remembered Sets and Scrub Regions
[2026-04-03T02:22:58.942+0600][30.232s][info][gc,marking     ] GC(75) Concurrent Rebuild Remembered Sets and Scrub Regions 21.425ms
[2026-04-03T02:22:58.942+0600][30.232s][info][gc,start       ] GC(75) Pause Cleanup
[2026-04-03T02:22:58.943+0600][30.233s][info][gc             ] GC(75) Pause Cleanup 153M->153M(394M) 0.374ms
[2026-04-03T02:22:58.943+0600][30.233s][info][gc,cpu         ] GC(75) User=0.00s Sys=0.00s Real=0.00s
[2026-04-03T02:22:58.943+0600][30.233s][info][gc,marking     ] GC(75) Concurrent Clear Claimed Marks
[2026-04-03T02:22:58.943+0600][30.233s][info][gc,marking     ] GC(75) Concurrent Clear Claimed Marks 0.276ms
[2026-04-03T02:22:58.943+0600][30.233s][info][gc,marking     ] GC(75) Concurrent Cleanup for Next Mark
[2026-04-03T02:22:58.944+0600][30.233s][info][gc,marking     ] GC(75) Concurrent Cleanup for Next Mark 0.462ms
[2026-04-03T02:22:58.944+0600][30.234s][info][gc             ] GC(75) Concurrent Mark Cycle 125.945ms
[2026-04-03T02:22:59.269+0600][30.558s][info][gc,start       ] GC(76) Pause Young (Prepare Mixed) (G1 Evacuation Pause)
[2026-04-03T02:22:59.269+0600][30.559s][info][gc,task        ] GC(76) Using 9 workers of 10 for evacuation
[2026-04-03T02:22:59.274+0600][30.564s][info][gc,phases      ] GC(76)   Pre Evacuate Collection Set: 0.33ms
[2026-04-03T02:22:59.274+0600][30.564s][info][gc,phases      ] GC(76)   Merge Heap Roots: 0.22ms
[2026-04-03T02:22:59.274+0600][30.564s][info][gc,phases      ] GC(76)   Evacuate Collection Set: 3.63ms
[2026-04-03T02:22:59.274+0600][30.564s][info][gc,phases      ] GC(76)   Post Evacuate Collection Set: 0.69ms
[2026-04-03T02:22:59.274+0600][30.564s][info][gc,phases      ] GC(76)   Other: 0.12ms
[2026-04-03T02:22:59.274+0600][30.564s][info][gc,heap        ] GC(76) Eden regions: 227->0(229)
[2026-04-03T02:22:59.274+0600][30.564s][info][gc,heap        ] GC(76) Survivor regions: 9->7(30)
[2026-04-03T02:22:59.274+0600][30.564s][info][gc,heap        ] GC(76) Old regions: 75->77
[2026-04-03T02:22:59.274+0600][30.564s][info][gc,heap        ] GC(76) Humongous regions: 74->8
[2026-04-03T02:22:59.274+0600][30.564s][info][gc,metaspace   ] GC(76) Metaspace: 130267K(131968K)->130267K(131968K) NonClass: 113739K(114624K)->113739K(114624K) Class: 16528K(17344K)->16528K(17344K)
[2026-04-03T02:22:59.274+0600][30.564s][info][gc             ] GC(76) Pause Young (Prepare Mixed) (G1 Evacuation Pause) 383M->89M(394M) 5.314ms
[2026-04-03T02:22:59.274+0600][30.564s][info][gc,cpu         ] GC(76) User=0.03s Sys=0.00s Real=0.01s
[2026-04-03T02:22:59.529+0600][30.819s][info][gc,start       ] GC(77) Pause Young (Mixed) (GCLocker Initiated GC)
[2026-04-03T02:22:59.529+0600][30.819s][info][gc,task        ] GC(77) Using 9 workers of 10 for evacuation
[2026-04-03T02:22:59.537+0600][30.826s][info][gc,phases      ] GC(77)   Pre Evacuate Collection Set: 0.56ms
[2026-04-03T02:22:59.537+0600][30.826s][info][gc,phases      ] GC(77)   Merge Heap Roots: 0.27ms
[2026-04-03T02:22:59.537+0600][30.826s][info][gc,phases      ] GC(77)   Evacuate Collection Set: 5.85ms
[2026-04-03T02:22:59.537+0600][30.826s][info][gc,phases      ] GC(77)   Post Evacuate Collection Set: 0.69ms
[2026-04-03T02:22:59.537+0600][30.826s][info][gc,phases      ] GC(77)   Other: 0.12ms
[2026-04-03T02:22:59.537+0600][30.826s][info][gc,heap        ] GC(77) Eden regions: 169->0(232)
[2026-04-03T02:22:59.537+0600][30.826s][info][gc,heap        ] GC(77) Survivor regions: 7->9(30)
[2026-04-03T02:22:59.537+0600][30.826s][info][gc,heap        ] GC(77) Old regions: 77->76
[2026-04-03T02:22:59.537+0600][30.826s][info][gc,heap        ] GC(77) Humongous regions: 141->8
[2026-04-03T02:22:59.537+0600][30.826s][info][gc,metaspace   ] GC(77) Metaspace: 130293K(131968K)->130293K(131968K) NonClass: 113764K(114624K)->113764K(114624K) Class: 16528K(17344K)->16528K(17344K)
[2026-04-03T02:22:59.537+0600][30.827s][info][gc             ] GC(77) Pause Young (Mixed) (GCLocker Initiated GC) 391M->91M(403M) 7.860ms
[2026-04-03T02:22:59.537+0600][30.827s][info][gc,cpu         ] GC(77) User=0.05s Sys=0.01s Real=0.01s
[2026-04-03T02:22:59.551+0600][30.841s][info][gc,start       ] GC(78) Pause Young (Concurrent Start) (G1 Humongous Allocation)
[2026-04-03T02:22:59.552+0600][30.841s][info][gc,task        ] GC(78) Using 9 workers of 10 for evacuation
[2026-04-03T02:22:59.557+0600][30.847s][info][gc,phases      ] GC(78)   Pre Evacuate Collection Set: 0.42ms
[2026-04-03T02:22:59.557+0600][30.847s][info][gc,phases      ] GC(78)   Merge Heap Roots: 0.19ms
[2026-04-03T02:22:59.557+0600][30.847s][info][gc,phases      ] GC(78)   Evacuate Collection Set: 3.88ms
[2026-04-03T02:22:59.557+0600][30.847s][info][gc,phases      ] GC(78)   Post Evacuate Collection Set: 0.78ms
[2026-04-03T02:22:59.557+0600][30.847s][info][gc,phases      ] GC(78)   Other: 0.19ms
[2026-04-03T02:22:59.557+0600][30.847s][info][gc,heap        ] GC(78) Eden regions: 12->0(232)
[2026-04-03T02:22:59.557+0600][30.847s][info][gc,heap        ] GC(78) Survivor regions: 9->9(31)
[2026-04-03T02:22:59.557+0600][30.847s][info][gc,heap        ] GC(78) Old regions: 76->76
[2026-04-03T02:22:59.557+0600][30.847s][info][gc,heap        ] GC(78) Humongous regions: 8->8
[2026-04-03T02:22:59.557+0600][30.847s][info][gc,metaspace   ] GC(78) Metaspace: 130296K(131968K)->130296K(131968K) NonClass: 113767K(114624K)->113767K(114624K) Class: 16528K(17344K)->16528K(17344K)
[2026-04-03T02:22:59.557+0600][30.847s][info][gc             ] GC(78) Pause Young (Concurrent Start) (G1 Humongous Allocation) 103M->92M(403M) 5.786ms
[2026-04-03T02:22:59.557+0600][30.847s][info][gc             ] GC(79) Concurrent Mark Cycle
[2026-04-03T02:22:59.557+0600][30.847s][info][gc,marking     ] GC(79) Concurrent Scan Root Regions
[2026-04-03T02:22:59.557+0600][30.847s][info][gc,cpu         ] GC(78) User=0.04s Sys=0.00s Real=0.00s
[2026-04-03T02:22:59.561+0600][30.850s][info][gc,marking     ] GC(79) Concurrent Scan Root Regions 3.243ms
[2026-04-03T02:22:59.561+0600][30.850s][info][gc,marking     ] GC(79) Concurrent Mark
[2026-04-03T02:22:59.561+0600][30.850s][info][gc,marking     ] GC(79) Concurrent Mark From Roots
[2026-04-03T02:22:59.561+0600][30.850s][info][gc,task        ] GC(79) Using 3 workers of 3 for marking
[2026-04-03T02:22:59.649+0600][30.939s][info][gc,marking     ] GC(79) Concurrent Mark From Roots 88.576ms
[2026-04-03T02:22:59.649+0600][30.939s][info][gc,marking     ] GC(79) Concurrent Preclean
[2026-04-03T02:22:59.650+0600][30.940s][info][gc,marking     ] GC(79) Concurrent Preclean 0.532ms
[2026-04-03T02:22:59.650+0600][30.940s][info][gc,start       ] GC(79) Pause Remark
[2026-04-03T02:22:59.660+0600][30.949s][info][gc             ] GC(79) Pause Remark 171M->171M(403M) 9.300ms
[2026-04-03T02:22:59.660+0600][30.950s][info][gc,cpu         ] GC(79) User=0.08s Sys=0.00s Real=0.01s
[2026-04-03T02:22:59.660+0600][30.950s][info][gc,marking     ] GC(79) Concurrent Mark 99.389ms
[2026-04-03T02:22:59.660+0600][30.950s][info][gc,marking     ] GC(79) Concurrent Rebuild Remembered Sets and Scrub Regions
[2026-04-03T02:22:59.696+0600][30.986s][info][gc,marking     ] GC(79) Concurrent Rebuild Remembered Sets and Scrub Regions 36.173ms
[2026-04-03T02:22:59.697+0600][30.987s][info][gc,start       ] GC(79) Pause Cleanup
[2026-04-03T02:22:59.697+0600][30.987s][info][gc             ] GC(79) Pause Cleanup 196M->196M(403M) 0.358ms
[2026-04-03T02:22:59.697+0600][30.987s][info][gc,cpu         ] GC(79) User=0.00s Sys=0.00s Real=0.00s
[2026-04-03T02:22:59.697+0600][30.987s][info][gc,marking     ] GC(79) Concurrent Clear Claimed Marks
[2026-04-03T02:22:59.698+0600][30.988s][info][gc,marking     ] GC(79) Concurrent Clear Claimed Marks 0.484ms
[2026-04-03T02:22:59.698+0600][30.988s][info][gc,marking     ] GC(79) Concurrent Cleanup for Next Mark
[2026-04-03T02:22:59.699+0600][30.989s][info][gc,marking     ] GC(79) Concurrent Cleanup for Next Mark 1.304ms
[2026-04-03T02:22:59.699+0600][30.989s][info][gc             ] GC(79) Concurrent Mark Cycle 142.100ms
[2026-04-03T02:22:59.888+0600][31.178s][info][gc,start       ] GC(80) Pause Young (Prepare Mixed) (G1 Evacuation Pause)
[2026-04-03T02:22:59.888+0600][31.178s][info][gc,task        ] GC(80) Using 9 workers of 10 for evacuation
[2026-04-03T02:22:59.893+0600][31.183s][info][gc,phases      ] GC(80)   Pre Evacuate Collection Set: 0.40ms
[2026-04-03T02:22:59.893+0600][31.183s][info][gc,phases      ] GC(80)   Merge Heap Roots: 0.19ms
[2026-04-03T02:22:59.893+0600][31.183s][info][gc,phases      ] GC(80)   Evacuate Collection Set: 3.82ms
[2026-04-03T02:22:59.893+0600][31.183s][info][gc,phases      ] GC(80)   Post Evacuate Collection Set: 0.63ms
[2026-04-03T02:22:59.893+0600][31.183s][info][gc,phases      ] GC(80)   Other: 0.10ms
[2026-04-03T02:22:59.893+0600][31.183s][info][gc,heap        ] GC(80) Eden regions: 168->0(241)
[2026-04-03T02:22:59.893+0600][31.183s][info][gc,heap        ] GC(80) Survivor regions: 9->8(31)
[2026-04-03T02:22:59.893+0600][31.183s][info][gc,heap        ] GC(80) Old regions: 76->76
[2026-04-03T02:22:59.894+0600][31.183s][info][gc,heap        ] GC(80) Humongous regions: 155->8
[2026-04-03T02:22:59.894+0600][31.183s][info][gc,metaspace   ] GC(80) Metaspace: 130333K(131968K)->130333K(131968K) NonClass: 113803K(114624K)->113803K(114624K) Class: 16529K(17344K)->16529K(17344K)
[2026-04-03T02:22:59.894+0600][31.183s][info][gc             ] GC(80) Pause Young (Prepare Mixed) (G1 Evacuation Pause) 407M->90M(416M) 5.411ms
[2026-04-03T02:22:59.894+0600][31.183s][info][gc,cpu         ] GC(80) User=0.03s Sys=0.01s Real=0.01s
[2026-04-03T02:23:00.203+0600][31.492s][info][gc,start       ] GC(81) Pause Young (Mixed) (G1 Evacuation Pause)
[2026-04-03T02:23:00.203+0600][31.493s][info][gc,task        ] GC(81) Using 10 workers of 10 for evacuation
[2026-04-03T02:23:00.209+0600][31.498s][info][gc,phases      ] GC(81)   Pre Evacuate Collection Set: 0.47ms
[2026-04-03T02:23:00.209+0600][31.498s][info][gc,phases      ] GC(81)   Merge Heap Roots: 0.20ms
[2026-04-03T02:23:00.209+0600][31.498s][info][gc,phases      ] GC(81)   Evacuate Collection Set: 4.39ms
[2026-04-03T02:23:00.209+0600][31.498s][info][gc,phases      ] GC(81)   Post Evacuate Collection Set: 0.64ms
[2026-04-03T02:23:00.209+0600][31.498s][info][gc,phases      ] GC(81)   Other: 0.11ms
[2026-04-03T02:23:00.209+0600][31.498s][info][gc,heap        ] GC(81) Eden regions: 205->0(249)
[2026-04-03T02:23:00.209+0600][31.498s][info][gc,heap        ] GC(81) Survivor regions: 8->7(32)
[2026-04-03T02:23:00.209+0600][31.498s][info][gc,heap        ] GC(81) Old regions: 76->78
[2026-04-03T02:23:00.209+0600][31.498s][info][gc,heap        ] GC(81) Humongous regions: 129->8
[2026-04-03T02:23:00.209+0600][31.498s][info][gc,metaspace   ] GC(81) Metaspace: 130366K(131968K)->130366K(131968K) NonClass: 113836K(114624K)->113836K(114624K) Class: 16530K(17344K)->16530K(17344K)
[2026-04-03T02:23:00.209+0600][31.499s][info][gc             ] GC(81) Pause Young (Mixed) (G1 Evacuation Pause) 416M->92M(428M) 6.095ms
[2026-04-03T02:23:00.209+0600][31.499s][info][gc,cpu         ] GC(81) User=0.02s Sys=0.01s Real=0.00s
[2026-04-03T02:23:00.229+0600][31.519s][info][gc,start       ] GC(82) Pause Young (Concurrent Start) (G1 Humongous Allocation)
[2026-04-03T02:23:00.229+0600][31.519s][info][gc,task        ] GC(82) Using 10 workers of 10 for evacuation
[2026-04-03T02:23:00.233+0600][31.523s][info][gc,phases      ] GC(82)   Pre Evacuate Collection Set: 0.36ms
[2026-04-03T02:23:00.233+0600][31.523s][info][gc,phases      ] GC(82)   Merge Heap Roots: 0.14ms
[2026-04-03T02:23:00.233+0600][31.523s][info][gc,phases      ] GC(82)   Evacuate Collection Set: 2.59ms
[2026-04-03T02:23:00.233+0600][31.523s][info][gc,phases      ] GC(82)   Post Evacuate Collection Set: 0.51ms
[2026-04-03T02:23:00.233+0600][31.523s][info][gc,phases      ] GC(82)   Other: 0.21ms
[2026-04-03T02:23:00.233+0600][31.523s][info][gc,heap        ] GC(82) Eden regions: 7->0(249)
[2026-04-03T02:23:00.233+0600][31.523s][info][gc,heap        ] GC(82) Survivor regions: 7->7(32)
[2026-04-03T02:23:00.233+0600][31.523s][info][gc,heap        ] GC(82) Old regions: 78->78
[2026-04-03T02:23:00.233+0600][31.523s][info][gc,heap        ] GC(82) Humongous regions: 8->8
[2026-04-03T02:23:00.233+0600][31.523s][info][gc,metaspace   ] GC(82) Metaspace: 130375K(131968K)->130375K(131968K) NonClass: 113844K(114624K)->113844K(114624K) Class: 16530K(17344K)->16530K(17344K)
[2026-04-03T02:23:00.233+0600][31.523s][info][gc             ] GC(82) Pause Young (Concurrent Start) (G1 Humongous Allocation) 98M->91M(428M) 4.091ms
[2026-04-03T02:23:00.234+0600][31.523s][info][gc             ] GC(83) Concurrent Mark Cycle
[2026-04-03T02:23:00.234+0600][31.523s][info][gc,cpu         ] GC(82) User=0.03s Sys=0.01s Real=0.01s
[2026-04-03T02:23:00.234+0600][31.523s][info][gc,marking     ] GC(83) Concurrent Scan Root Regions
[2026-04-03T02:23:00.236+0600][31.526s][info][gc,marking     ] GC(83) Concurrent Scan Root Regions 2.729ms
[2026-04-03T02:23:00.236+0600][31.526s][info][gc,marking     ] GC(83) Concurrent Mark
[2026-04-03T02:23:00.236+0600][31.526s][info][gc,marking     ] GC(83) Concurrent Mark From Roots
[2026-04-03T02:23:00.236+0600][31.526s][info][gc,task        ] GC(83) Using 3 workers of 3 for marking
[2026-04-03T02:23:00.307+0600][31.597s][info][gc,marking     ] GC(83) Concurrent Mark From Roots 70.925ms
[2026-04-03T02:23:00.307+0600][31.597s][info][gc,marking     ] GC(83) Concurrent Preclean
[2026-04-03T02:23:00.308+0600][31.598s][info][gc,marking     ] GC(83) Concurrent Preclean 0.577ms
[2026-04-03T02:23:00.308+0600][31.598s][info][gc,start       ] GC(83) Pause Remark
[2026-04-03T02:23:00.317+0600][31.607s][info][gc             ] GC(83) Pause Remark 117M->117M(357M) 8.952ms
[2026-04-03T02:23:00.318+0600][31.607s][info][gc,cpu         ] GC(83) User=0.06s Sys=0.00s Real=0.01s
[2026-04-03T02:23:00.318+0600][31.607s][info][gc,marking     ] GC(83) Concurrent Mark 81.301ms
[2026-04-03T02:23:00.318+0600][31.607s][info][gc,marking     ] GC(83) Concurrent Rebuild Remembered Sets and Scrub Regions
[2026-04-03T02:23:00.343+0600][31.633s][info][gc,marking     ] GC(83) Concurrent Rebuild Remembered Sets and Scrub Regions 25.695ms
[2026-04-03T02:23:00.344+0600][31.634s][info][gc,start       ] GC(83) Pause Cleanup
[2026-04-03T02:23:00.344+0600][31.634s][info][gc             ] GC(83) Pause Cleanup 130M->130M(357M) 0.368ms
[2026-04-03T02:23:00.344+0600][31.634s][info][gc,cpu         ] GC(83) User=0.00s Sys=0.00s Real=0.00s
[2026-04-03T02:23:00.345+0600][31.634s][info][gc,marking     ] GC(83) Concurrent Clear Claimed Marks
[2026-04-03T02:23:00.345+0600][31.635s][info][gc,marking     ] GC(83) Concurrent Clear Claimed Marks 0.417ms
[2026-04-03T02:23:00.345+0600][31.635s][info][gc,marking     ] GC(83) Concurrent Cleanup for Next Mark
[2026-04-03T02:23:00.346+0600][31.635s][info][gc,marking     ] GC(83) Concurrent Cleanup for Next Mark 0.516ms
[2026-04-03T02:23:00.346+0600][31.635s][info][gc             ] GC(83) Concurrent Mark Cycle 112.095ms
[2026-04-03T02:23:00.561+0600][31.851s][info][gc,start       ] GC(84) Pause Young (Prepare Mixed) (G1 Evacuation Pause)
[2026-04-03T02:23:00.561+0600][31.851s][info][gc,task        ] GC(84) Using 9 workers of 10 for evacuation
[2026-04-03T02:23:00.570+0600][31.860s][info][gc,phases      ] GC(84)   Pre Evacuate Collection Set: 0.69ms
[2026-04-03T02:23:00.570+0600][31.860s][info][gc,phases      ] GC(84)   Merge Heap Roots: 0.27ms
[2026-04-03T02:23:00.570+0600][31.860s][info][gc,phases      ] GC(84)   Evacuate Collection Set: 7.15ms
[2026-04-03T02:23:00.570+0600][31.860s][info][gc,phases      ] GC(84)   Post Evacuate Collection Set: 0.82ms
[2026-04-03T02:23:00.570+0600][31.860s][info][gc,phases      ] GC(84)   Other: 0.12ms
[2026-04-03T02:23:00.570+0600][31.860s][info][gc,heap        ] GC(84) Eden regions: 193->0(210)
[2026-04-03T02:23:00.570+0600][31.860s][info][gc,heap        ] GC(84) Survivor regions: 7->13(27)
[2026-04-03T02:23:00.570+0600][31.860s][info][gc,heap        ] GC(84) Old regions: 78->79
[2026-04-03T02:23:00.570+0600][31.860s][info][gc,heap        ] GC(84) Humongous regions: 81->8
[2026-04-03T02:23:00.570+0600][31.860s][info][gc,metaspace   ] GC(84) Metaspace: 130391K(131968K)->130391K(131968K) NonClass: 113859K(114624K)->113859K(114624K) Class: 16531K(17344K)->16531K(17344K)
[2026-04-03T02:23:00.570+0600][31.860s][info][gc             ] GC(84) Pause Young (Prepare Mixed) (G1 Evacuation Pause) 357M->98M(373M) 9.374ms
[2026-04-03T02:23:00.570+0600][31.860s][info][gc,cpu         ] GC(84) User=0.05s Sys=0.03s Real=0.01s
[2026-04-03T02:23:00.804+0600][32.094s][info][gc,start       ] GC(85) Pause Young (Mixed) (G1 Evacuation Pause)
[2026-04-03T02:23:00.804+0600][32.094s][info][gc,task        ] GC(85) Using 10 workers of 10 for evacuation
[2026-04-03T02:23:00.810+0600][32.100s][info][gc,phases      ] GC(85)   Pre Evacuate Collection Set: 0.42ms
[2026-04-03T02:23:00.810+0600][32.100s][info][gc,phases      ] GC(85)   Merge Heap Roots: 0.16ms
[2026-04-03T02:23:00.810+0600][32.100s][info][gc,phases      ] GC(85)   Evacuate Collection Set: 4.35ms
[2026-04-03T02:23:00.810+0600][32.100s][info][gc,phases      ] GC(85)   Post Evacuate Collection Set: 0.76ms
[2026-04-03T02:23:00.810+0600][32.100s][info][gc,phases      ] GC(85)   Other: 0.15ms
[2026-04-03T02:23:00.810+0600][32.100s][info][gc,heap        ] GC(85) Eden regions: 150->0(268)
[2026-04-03T02:23:00.810+0600][32.100s][info][gc,heap        ] GC(85) Survivor regions: 13->10(33)
[2026-04-03T02:23:00.810+0600][32.100s][info][gc,heap        ] GC(85) Old regions: 79->79
[2026-04-03T02:23:00.810+0600][32.100s][info][gc,heap        ] GC(85) Humongous regions: 211->23
[2026-04-03T02:23:00.810+0600][32.100s][info][gc,metaspace   ] GC(85) Metaspace: 130422K(131968K)->130422K(131968K) NonClass: 113889K(114624K)->113889K(114624K) Class: 16532K(17344K)->16532K(17344K)
[2026-04-03T02:23:00.810+0600][32.100s][info][gc             ] GC(85) Pause Young (Mixed) (G1 Evacuation Pause) 451M->110M(464M) 6.153ms
[2026-04-03T02:23:00.810+0600][32.100s][info][gc,cpu         ] GC(85) User=0.04s Sys=0.01s Real=0.01s
[2026-04-03T02:23:00.811+0600][32.101s][info][gc,start       ] GC(86) Pause Young (Concurrent Start) (G1 Humongous Allocation)
[2026-04-03T02:23:00.811+0600][32.101s][info][gc,task        ] GC(86) Using 10 workers of 10 for evacuation
[2026-04-03T02:23:00.814+0600][32.104s][info][gc,phases      ] GC(86)   Pre Evacuate Collection Set: 0.31ms
[2026-04-03T02:23:00.814+0600][32.104s][info][gc,phases      ] GC(86)   Merge Heap Roots: 0.07ms
[2026-04-03T02:23:00.814+0600][32.104s][info][gc,phases      ] GC(86)   Evacuate Collection Set: 2.44ms
[2026-04-03T02:23:00.814+0600][32.104s][info][gc,phases      ] GC(86)   Post Evacuate Collection Set: 0.47ms
[2026-04-03T02:23:00.814+0600][32.104s][info][gc,phases      ] GC(86)   Other: 0.11ms
[2026-04-03T02:23:00.814+0600][32.104s][info][gc,heap        ] GC(86) Eden regions: 2->0(268)
[2026-04-03T02:23:00.814+0600][32.104s][info][gc,heap        ] GC(86) Survivor regions: 10->10(35)
[2026-04-03T02:23:00.814+0600][32.104s][info][gc,heap        ] GC(86) Old regions: 79->79
[2026-04-03T02:23:00.814+0600][32.104s][info][gc,heap        ] GC(86) Humongous regions: 23->23
[2026-04-03T02:23:00.814+0600][32.104s][info][gc,metaspace   ] GC(86) Metaspace: 130422K(131968K)->130422K(131968K) NonClass: 113889K(114624K)->113889K(114624K) Class: 16532K(17344K)->16532K(17344K)
[2026-04-03T02:23:00.814+0600][32.104s][info][gc             ] GC(86) Pause Young (Concurrent Start) (G1 Humongous Allocation) 112M->110M(464M) 3.652ms
[2026-04-03T02:23:00.815+0600][32.104s][info][gc             ] GC(87) Concurrent Mark Cycle
[2026-04-03T02:23:00.815+0600][32.104s][info][gc,marking     ] GC(87) Concurrent Scan Root Regions
[2026-04-03T02:23:00.815+0600][32.104s][info][gc,cpu         ] GC(86) User=0.03s Sys=0.00s Real=0.00s
[2026-04-03T02:23:00.817+0600][32.107s][info][gc,marking     ] GC(87) Concurrent Scan Root Regions 2.443ms
[2026-04-03T02:23:00.817+0600][32.107s][info][gc,marking     ] GC(87) Concurrent Mark
[2026-04-03T02:23:00.817+0600][32.107s][info][gc,marking     ] GC(87) Concurrent Mark From Roots
[2026-04-03T02:23:00.817+0600][32.107s][info][gc,task        ] GC(87) Using 3 workers of 3 for marking
[2026-04-03T02:23:00.903+0600][32.192s][info][gc,marking     ] GC(87) Concurrent Mark From Roots 85.644ms
[2026-04-03T02:23:00.903+0600][32.193s][info][gc,marking     ] GC(87) Concurrent Preclean
[2026-04-03T02:23:00.903+0600][32.193s][info][gc,marking     ] GC(87) Concurrent Preclean 0.337ms
[2026-04-03T02:23:00.903+0600][32.193s][info][gc,start       ] GC(87) Pause Remark
[2026-04-03T02:23:00.927+0600][32.217s][info][gc             ] GC(87) Pause Remark 337M->337M(512M) 23.851ms
[2026-04-03T02:23:00.928+0600][32.217s][info][gc,cpu         ] GC(87) User=0.22s Sys=0.00s Real=0.02s
[2026-04-03T02:23:00.929+0600][32.219s][info][gc,marking     ] GC(87) Concurrent Mark 111.825ms
[2026-04-03T02:23:00.929+0600][32.219s][info][gc,marking     ] GC(87) Concurrent Rebuild Remembered Sets and Scrub Regions
[2026-04-03T02:23:00.969+0600][32.259s][info][gc,marking     ] GC(87) Concurrent Rebuild Remembered Sets and Scrub Regions 40.357ms
[2026-04-03T02:23:00.970+0600][32.260s][info][gc,start       ] GC(87) Pause Cleanup
[2026-04-03T02:23:00.970+0600][32.260s][info][gc             ] GC(87) Pause Cleanup 365M->365M(512M) 0.354ms
[2026-04-03T02:23:00.970+0600][32.260s][info][gc,cpu         ] GC(87) User=0.00s Sys=0.00s Real=0.00s
[2026-04-03T02:23:00.971+0600][32.260s][info][gc,marking     ] GC(87) Concurrent Clear Claimed Marks
[2026-04-03T02:23:00.971+0600][32.261s][info][gc,marking     ] GC(87) Concurrent Clear Claimed Marks 0.461ms
[2026-04-03T02:23:00.971+0600][32.261s][info][gc,marking     ] GC(87) Concurrent Cleanup for Next Mark
[2026-04-03T02:23:00.973+0600][32.262s][info][gc,marking     ] GC(87) Concurrent Cleanup for Next Mark 1.549ms
[2026-04-03T02:23:00.973+0600][32.262s][info][gc             ] GC(87) Concurrent Mark Cycle 158.185ms
[2026-04-03T02:23:01.065+0600][32.355s][info][gc,start       ] GC(88) Pause Young (Prepare Mixed) (G1 Evacuation Pause)
[2026-04-03T02:23:01.065+0600][32.355s][info][gc,task        ] GC(88) Using 10 workers of 10 for evacuation
[2026-04-03T02:23:01.072+0600][32.361s][info][gc,phases      ] GC(88)   Pre Evacuate Collection Set: 0.32ms
[2026-04-03T02:23:01.072+0600][32.362s][info][gc,phases      ] GC(88)   Merge Heap Roots: 0.13ms
[2026-04-03T02:23:01.072+0600][32.362s][info][gc,phases      ] GC(88)   Evacuate Collection Set: 5.18ms
[2026-04-03T02:23:01.072+0600][32.362s][info][gc,phases      ] GC(88)   Post Evacuate Collection Set: 0.90ms
[2026-04-03T02:23:01.072+0600][32.362s][info][gc,phases      ] GC(88)   Other: 0.10ms
[2026-04-03T02:23:01.072+0600][32.362s][info][gc,heap        ] GC(88) Eden regions: 71->0(416)
[2026-04-03T02:23:01.072+0600][32.362s][info][gc,heap        ] GC(88) Survivor regions: 10->10(39)
[2026-04-03T02:23:01.072+0600][32.362s][info][gc,heap        ] GC(88) Old regions: 79->80
[2026-04-03T02:23:01.072+0600][32.362s][info][gc,heap        ] GC(88) Humongous regions: 539->23
[2026-04-03T02:23:01.072+0600][32.362s][info][gc,metaspace   ] GC(88) Metaspace: 130422K(132032K)->130422K(132032K) NonClass: 113895K(114688K)->113895K(114688K) Class: 16527K(17344K)->16527K(17344K)
[2026-04-03T02:23:01.072+0600][32.362s][info][gc             ] GC(88) Pause Young (Prepare Mixed) (G1 Evacuation Pause) 697M->111M(710M) 6.965ms
[2026-04-03T02:23:01.072+0600][32.362s][info][gc,cpu         ] GC(88) User=0.02s Sys=0.03s Real=0.01s
[2026-04-03T02:23:01.829+0600][33.118s][info][gc,start       ] GC(89) Pause Young (Mixed) (G1 Evacuation Pause)
[2026-04-03T02:23:01.829+0600][33.119s][info][gc,task        ] GC(89) Using 10 workers of 10 for evacuation
[2026-04-03T02:23:01.836+0600][33.125s][info][gc,phases      ] GC(89)   Pre Evacuate Collection Set: 0.39ms
[2026-04-03T02:23:01.836+0600][33.125s][info][gc,phases      ] GC(89)   Merge Heap Roots: 0.22ms
[2026-04-03T02:23:01.836+0600][33.125s][info][gc,phases      ] GC(89)   Evacuate Collection Set: 4.82ms
[2026-04-03T02:23:01.836+0600][33.125s][info][gc,phases      ] GC(89)   Post Evacuate Collection Set: 0.90ms
[2026-04-03T02:23:01.836+0600][33.125s][info][gc,phases      ] GC(89)   Other: 0.27ms
[2026-04-03T02:23:01.836+0600][33.125s][info][gc,heap        ] GC(89) Eden regions: 378->0(429)
[2026-04-03T02:23:01.836+0600][33.125s][info][gc,heap        ] GC(89) Survivor regions: 10->9(54)
[2026-04-03T02:23:01.836+0600][33.125s][info][gc,heap        ] GC(89) Old regions: 80->80
[2026-04-03T02:23:01.836+0600][33.125s][info][gc,heap        ] GC(89) Humongous regions: 253->8
[2026-04-03T02:23:01.836+0600][33.125s][info][gc,metaspace   ] GC(89) Metaspace: 130498K(132096K)->130498K(132096K) NonClass: 113970K(114752K)->113970K(114752K) Class: 16528K(17344K)->16528K(17344K)
[2026-04-03T02:23:01.836+0600][33.125s][info][gc             ] GC(89) Pause Young (Mixed) (G1 Evacuation Pause) 719M->96M(731M) 6.911ms
[2026-04-03T02:23:01.836+0600][33.126s][info][gc,cpu         ] GC(89) User=0.04s Sys=0.01s Real=0.01s
[2026-04-03T02:23:01.855+0600][33.145s][info][gc,start       ] GC(90) Pause Young (Concurrent Start) (GCLocker Initiated GC)
[2026-04-03T02:23:01.855+0600][33.145s][info][gc,task        ] GC(90) Using 10 workers of 10 for evacuation
[2026-04-03T02:23:01.861+0600][33.151s][info][gc,phases      ] GC(90)   Pre Evacuate Collection Set: 0.61ms
[2026-04-03T02:23:01.861+0600][33.151s][info][gc,phases      ] GC(90)   Merge Heap Roots: 0.19ms
[2026-04-03T02:23:01.861+0600][33.151s][info][gc,phases      ] GC(90)   Evacuate Collection Set: 4.01ms
[2026-04-03T02:23:01.861+0600][33.151s][info][gc,phases      ] GC(90)   Post Evacuate Collection Set: 0.77ms
[2026-04-03T02:23:01.861+0600][33.151s][info][gc,phases      ] GC(90)   Other: 0.18ms
[2026-04-03T02:23:01.861+0600][33.151s][info][gc,heap        ] GC(90) Eden regions: 24->0(428)
[2026-04-03T02:23:01.861+0600][33.151s][info][gc,heap        ] GC(90) Survivor regions: 9->10(55)
[2026-04-03T02:23:01.861+0600][33.151s][info][gc,heap        ] GC(90) Old regions: 80->80
[2026-04-03T02:23:01.861+0600][33.151s][info][gc,heap        ] GC(90) Humongous regions: 8->8
[2026-04-03T02:23:01.861+0600][33.151s][info][gc,metaspace   ] GC(90) Metaspace: 130498K(132096K)->130498K(132096K) NonClass: 113970K(114752K)->113970K(114752K) Class: 16528K(17344K)->16528K(17344K)
[2026-04-03T02:23:01.861+0600][33.151s][info][gc             ] GC(90) Pause Young (Concurrent Start) (GCLocker Initiated GC) 119M->97M(731M) 6.130ms
[2026-04-03T02:23:01.861+0600][33.151s][info][gc             ] GC(91) Concurrent Mark Cycle
[2026-04-03T02:23:01.861+0600][33.151s][info][gc,cpu         ] GC(90) User=0.04s Sys=0.01s Real=0.01s
[2026-04-03T02:23:01.862+0600][33.151s][info][gc,marking     ] GC(91) Concurrent Scan Root Regions
[2026-04-03T02:23:01.865+0600][33.154s][info][gc,marking     ] GC(91) Concurrent Scan Root Regions 3.195ms
[2026-04-03T02:23:01.865+0600][33.154s][info][gc,marking     ] GC(91) Concurrent Mark
[2026-04-03T02:23:01.865+0600][33.155s][info][gc,marking     ] GC(91) Concurrent Mark From Roots
[2026-04-03T02:23:01.865+0600][33.155s][info][gc,task        ] GC(91) Using 3 workers of 3 for marking
[2026-04-03T02:23:01.965+0600][33.255s][info][gc,marking     ] GC(91) Concurrent Mark From Roots 100.359ms
[2026-04-03T02:23:01.965+0600][33.255s][info][gc,marking     ] GC(91) Concurrent Preclean
[2026-04-03T02:23:01.966+0600][33.256s][info][gc,marking     ] GC(91) Concurrent Preclean 0.688ms
[2026-04-03T02:23:01.966+0600][33.256s][info][gc,start       ] GC(91) Pause Remark
[2026-04-03T02:23:01.976+0600][33.265s][info][gc             ] GC(91) Pause Remark 193M->193M(467M) 9.146ms
[2026-04-03T02:23:01.976+0600][33.265s][info][gc,cpu         ] GC(91) User=0.07s Sys=0.00s Real=0.01s
[2026-04-03T02:23:01.977+0600][33.266s][info][gc,marking     ] GC(91) Concurrent Mark 111.959ms
[2026-04-03T02:23:01.977+0600][33.267s][info][gc,marking     ] GC(91) Concurrent Rebuild Remembered Sets and Scrub Regions
[2026-04-03T02:23:02.011+0600][33.300s][info][gc,marking     ] GC(91) Concurrent Rebuild Remembered Sets and Scrub Regions 33.729ms
[2026-04-03T02:23:02.012+0600][33.302s][info][gc,start       ] GC(91) Pause Cleanup
[2026-04-03T02:23:02.012+0600][33.302s][info][gc             ] GC(91) Pause Cleanup 227M->227M(467M) 0.344ms
[2026-04-03T02:23:02.012+0600][33.302s][info][gc,cpu         ] GC(91) User=0.00s Sys=0.00s Real=0.00s
[2026-04-03T02:23:02.013+0600][33.302s][info][gc,marking     ] GC(91) Concurrent Clear Claimed Marks
[2026-04-03T02:23:02.013+0600][33.303s][info][gc,marking     ] GC(91) Concurrent Clear Claimed Marks 0.439ms
[2026-04-03T02:23:02.013+0600][33.303s][info][gc,marking     ] GC(91) Concurrent Cleanup for Next Mark
[2026-04-03T02:23:02.016+0600][33.305s][info][gc,marking     ] GC(91) Concurrent Cleanup for Next Mark 2.464ms
[2026-04-03T02:23:02.016+0600][33.305s][info][gc             ] GC(91) Concurrent Mark Cycle 154.209ms
[2026-04-03T02:23:02.241+0600][33.531s][info][gc,start       ] GC(92) Pause Young (Prepare Mixed) (G1 Evacuation Pause)
[2026-04-03T02:23:02.241+0600][33.531s][info][gc,task        ] GC(92) Using 10 workers of 10 for evacuation
[2026-04-03T02:23:02.248+0600][33.538s][info][gc,phases      ] GC(92)   Pre Evacuate Collection Set: 0.31ms
[2026-04-03T02:23:02.248+0600][33.538s][info][gc,phases      ] GC(92)   Merge Heap Roots: 0.22ms
[2026-04-03T02:23:02.248+0600][33.538s][info][gc,phases      ] GC(92)   Evacuate Collection Set: 5.08ms
[2026-04-03T02:23:02.248+0600][33.538s][info][gc,phases      ] GC(92)   Post Evacuate Collection Set: 0.63ms
[2026-04-03T02:23:02.248+0600][33.538s][info][gc,phases      ] GC(92)   Other: 0.18ms
[2026-04-03T02:23:02.248+0600][33.538s][info][gc,heap        ] GC(92) Eden regions: 201->0(276)
[2026-04-03T02:23:02.248+0600][33.538s][info][gc,heap        ] GC(92) Survivor regions: 10->10(35)
[2026-04-03T02:23:02.248+0600][33.538s][info][gc,heap        ] GC(92) Old regions: 80->81
[2026-04-03T02:23:02.248+0600][33.538s][info][gc,heap        ] GC(92) Humongous regions: 176->8
[2026-04-03T02:23:02.248+0600][33.538s][info][gc,metaspace   ] GC(92) Metaspace: 130510K(132096K)->130510K(132096K) NonClass: 113981K(114752K)->113981K(114752K) Class: 16528K(17344K)->16528K(17344K)
[2026-04-03T02:23:02.248+0600][33.538s][info][gc             ] GC(92) Pause Young (Prepare Mixed) (G1 Evacuation Pause) 466M->97M(478M) 6.748ms
[2026-04-03T02:23:02.248+0600][33.538s][info][gc,cpu         ] GC(92) User=0.04s Sys=0.02s Real=0.00s
[2026-04-03T02:23:02.594+0600][33.884s][info][gc,start       ] GC(93) Pause Young (Mixed) (G1 Evacuation Pause)
[2026-04-03T02:23:02.595+0600][33.884s][info][gc,task        ] GC(93) Using 10 workers of 10 for evacuation
[2026-04-03T02:23:02.599+0600][33.889s][info][gc,phases      ] GC(93)   Pre Evacuate Collection Set: 0.53ms
[2026-04-03T02:23:02.599+0600][33.889s][info][gc,phases      ] GC(93)   Merge Heap Roots: 0.18ms
[2026-04-03T02:23:02.599+0600][33.889s][info][gc,phases      ] GC(93)   Evacuate Collection Set: 3.40ms
[2026-04-03T02:23:02.599+0600][33.889s][info][gc,phases      ] GC(93)   Post Evacuate Collection Set: 0.52ms
[2026-04-03T02:23:02.599+0600][33.889s][info][gc,phases      ] GC(93)   Other: 0.09ms
[2026-04-03T02:23:02.599+0600][33.889s][info][gc,heap        ] GC(93) Eden regions: 220->0(292)
[2026-04-03T02:23:02.599+0600][33.889s][info][gc,heap        ] GC(93) Survivor regions: 10->9(37)
[2026-04-03T02:23:02.599+0600][33.889s][info][gc,heap        ] GC(93) Old regions: 81->81
[2026-04-03T02:23:02.599+0600][33.889s][info][gc,heap        ] GC(93) Humongous regions: 181->13
[2026-04-03T02:23:02.599+0600][33.889s][info][gc,metaspace   ] GC(93) Metaspace: 130538K(132160K)->130538K(132160K) NonClass: 114009K(114816K)->114009K(114816K) Class: 16529K(17344K)->16529K(17344K)
[2026-04-03T02:23:02.599+0600][33.889s][info][gc             ] GC(93) Pause Young (Mixed) (G1 Evacuation Pause) 490M->100M(502M) 4.954ms
[2026-04-03T02:23:02.600+0600][33.889s][info][gc,cpu         ] GC(93) User=0.03s Sys=0.01s Real=0.00s
[2026-04-03T02:23:02.629+0600][33.919s][info][gc,start       ] GC(94) Pause Young (Concurrent Start) (G1 Humongous Allocation)
[2026-04-03T02:23:02.629+0600][33.919s][info][gc,task        ] GC(94) Using 10 workers of 10 for evacuation
[2026-04-03T02:23:02.635+0600][33.925s][info][gc,phases      ] GC(94)   Pre Evacuate Collection Set: 0.39ms
[2026-04-03T02:23:02.636+0600][33.925s][info][gc,phases      ] GC(94)   Merge Heap Roots: 0.13ms
[2026-04-03T02:23:02.636+0600][33.925s][info][gc,phases      ] GC(94)   Evacuate Collection Set: 4.30ms
[2026-04-03T02:23:02.636+0600][33.925s][info][gc,phases      ] GC(94)   Post Evacuate Collection Set: 1.19ms
[2026-04-03T02:23:02.636+0600][33.925s][info][gc,phases      ] GC(94)   Other: 0.15ms
[2026-04-03T02:23:02.636+0600][33.925s][info][gc,heap        ] GC(94) Eden regions: 19->0(291)
[2026-04-03T02:23:02.636+0600][33.925s][info][gc,heap        ] GC(94) Survivor regions: 9->10(38)
[2026-04-03T02:23:02.636+0600][33.925s][info][gc,heap        ] GC(94) Old regions: 81->81
[2026-04-03T02:23:02.636+0600][33.925s][info][gc,heap        ] GC(94) Humongous regions: 13->8
[2026-04-03T02:23:02.636+0600][33.925s][info][gc,metaspace   ] GC(94) Metaspace: 130538K(132160K)->130538K(132160K) NonClass: 114009K(114816K)->114009K(114816K) Class: 16529K(17344K)->16529K(17344K)
[2026-04-03T02:23:02.636+0600][33.925s][info][gc             ] GC(94) Pause Young (Concurrent Start) (G1 Humongous Allocation) 119M->97M(502M) 6.560ms
[2026-04-03T02:23:02.636+0600][33.926s][info][gc             ] GC(95) Concurrent Mark Cycle
[2026-04-03T02:23:02.636+0600][33.926s][info][gc,marking     ] GC(95) Concurrent Scan Root Regions
[2026-04-03T02:23:02.636+0600][33.926s][info][gc,cpu         ] GC(94) User=0.04s Sys=0.00s Real=0.01s
[2026-04-03T02:23:02.642+0600][33.931s][info][gc,marking     ] GC(95) Concurrent Scan Root Regions 5.696ms
[2026-04-03T02:23:02.642+0600][33.931s][info][gc,marking     ] GC(95) Concurrent Mark
[2026-04-03T02:23:02.642+0600][33.931s][info][gc,marking     ] GC(95) Concurrent Mark From Roots
[2026-04-03T02:23:02.642+0600][33.931s][info][gc,task        ] GC(95) Using 3 workers of 3 for marking
[2026-04-03T02:23:02.718+0600][34.007s][info][gc,marking     ] GC(95) Concurrent Mark From Roots 75.761ms
[2026-04-03T02:23:02.718+0600][34.007s][info][gc,marking     ] GC(95) Concurrent Preclean
[2026-04-03T02:23:02.718+0600][34.007s][info][gc,marking     ] GC(95) Concurrent Preclean 0.221ms
[2026-04-03T02:23:02.718+0600][34.008s][info][gc,start       ] GC(95) Pause Remark
[2026-04-03T02:23:02.726+0600][34.016s][info][gc             ] GC(95) Pause Remark 135M->135M(400M) 7.985ms
[2026-04-03T02:23:02.726+0600][34.016s][info][gc,cpu         ] GC(95) User=0.05s Sys=0.01s Real=0.01s
[2026-04-03T02:23:02.727+0600][34.016s][info][gc,marking     ] GC(95) Concurrent Mark 84.886ms
[2026-04-03T02:23:02.727+0600][34.016s][info][gc,marking     ] GC(95) Concurrent Rebuild Remembered Sets and Scrub Regions
[2026-04-03T02:23:02.751+0600][34.041s][info][gc,marking     ] GC(95) Concurrent Rebuild Remembered Sets and Scrub Regions 24.385ms
[2026-04-03T02:23:02.751+0600][34.041s][info][gc,start       ] GC(95) Pause Cleanup
[2026-04-03T02:23:02.752+0600][34.041s][info][gc             ] GC(95) Pause Cleanup 142M->142M(400M) 0.295ms
[2026-04-03T02:23:02.752+0600][34.042s][info][gc,cpu         ] GC(95) User=0.00s Sys=0.00s Real=0.00s
[2026-04-03T02:23:02.752+0600][34.042s][info][gc,marking     ] GC(95) Concurrent Clear Claimed Marks
[2026-04-03T02:23:02.752+0600][34.042s][info][gc,marking     ] GC(95) Concurrent Clear Claimed Marks 0.349ms
[2026-04-03T02:23:02.752+0600][34.042s][info][gc,marking     ] GC(95) Concurrent Cleanup for Next Mark
[2026-04-03T02:23:02.753+0600][34.043s][info][gc,marking     ] GC(95) Concurrent Cleanup for Next Mark 0.513ms
[2026-04-03T02:23:02.753+0600][34.043s][info][gc             ] GC(95) Concurrent Mark Cycle 117.059ms
[2026-04-03T02:23:03.134+0600][34.424s][info][gc,start       ] GC(96) Pause Young (Prepare Mixed) (G1 Evacuation Pause)
[2026-04-03T02:23:03.134+0600][34.424s][info][gc,task        ] GC(96) Using 10 workers of 10 for evacuation
[2026-04-03T02:23:03.139+0600][34.429s][info][gc,phases      ] GC(96)   Pre Evacuate Collection Set: 0.40ms
[2026-04-03T02:23:03.139+0600][34.429s][info][gc,phases      ] GC(96)   Merge Heap Roots: 0.26ms
[2026-04-03T02:23:03.139+0600][34.429s][info][gc,phases      ] GC(96)   Evacuate Collection Set: 3.55ms
[2026-04-03T02:23:03.139+0600][34.429s][info][gc,phases      ] GC(96)   Post Evacuate Collection Set: 0.62ms
[2026-04-03T02:23:03.139+0600][34.429s][info][gc,phases      ] GC(96)   Other: 0.10ms
[2026-04-03T02:23:03.139+0600][34.429s][info][gc,heap        ] GC(96) Eden regions: 229->0(248)
[2026-04-03T02:23:03.139+0600][34.429s][info][gc,heap        ] GC(96) Survivor regions: 10->7(30)
[2026-04-03T02:23:03.139+0600][34.429s][info][gc,heap        ] GC(96) Old regions: 81->82
[2026-04-03T02:23:03.139+0600][34.429s][info][gc,heap        ] GC(96) Humongous regions: 97->8
[2026-04-03T02:23:03.139+0600][34.429s][info][gc,metaspace   ] GC(96) Metaspace: 130589K(132224K)->130589K(132224K) NonClass: 114058K(114880K)->114058K(114880K) Class: 16530K(17344K)->16530K(17344K)
[2026-04-03T02:23:03.139+0600][34.429s][info][gc             ] GC(96) Pause Young (Prepare Mixed) (G1 Evacuation Pause) 415M->95M(425M) 5.242ms
[2026-04-03T02:23:03.139+0600][34.429s][info][gc,cpu         ] GC(96) User=0.03s Sys=0.01s Real=0.00s
[2026-04-03T02:23:03.418+0600][34.708s][info][gc,start       ] GC(97) Pause Young (Mixed) (G1 Evacuation Pause)
[2026-04-03T02:23:03.418+0600][34.708s][info][gc,task        ] GC(97) Using 10 workers of 10 for evacuation
[2026-04-03T02:23:03.424+0600][34.713s][info][gc,phases      ] GC(97)   Pre Evacuate Collection Set: 0.39ms
[2026-04-03T02:23:03.424+0600][34.713s][info][gc,phases      ] GC(97)   Merge Heap Roots: 0.26ms
[2026-04-03T02:23:03.424+0600][34.713s][info][gc,phases      ] GC(97)   Evacuate Collection Set: 4.10ms
[2026-04-03T02:23:03.424+0600][34.713s][info][gc,phases      ] GC(97)   Post Evacuate Collection Set: 0.64ms
[2026-04-03T02:23:03.424+0600][34.713s][info][gc,phases      ] GC(97)   Other: 0.11ms
[2026-04-03T02:23:03.424+0600][34.713s][info][gc,heap        ] GC(97) Eden regions: 192->0(256)
[2026-04-03T02:23:03.424+0600][34.713s][info][gc,heap        ] GC(97) Survivor regions: 7->7(32)
[2026-04-03T02:23:03.424+0600][34.713s][info][gc,heap        ] GC(97) Old regions: 82->82
[2026-04-03T02:23:03.424+0600][34.713s][info][gc,heap        ] GC(97) Humongous regions: 150->8
[2026-04-03T02:23:03.424+0600][34.713s][info][gc,metaspace   ] GC(97) Metaspace: 130602K(132224K)->130602K(132224K) NonClass: 114071K(114880K)->114071K(114880K) Class: 16530K(17344K)->16530K(17344K)
[2026-04-03T02:23:03.424+0600][34.714s][info][gc             ] GC(97) Pause Young (Mixed) (G1 Evacuation Pause) 429M->95M(439M) 5.815ms
[2026-04-03T02:23:03.424+0600][34.714s][info][gc,cpu         ] GC(97) User=0.04s Sys=0.01s Real=0.01s
[2026-04-03T02:23:03.425+0600][34.714s][info][gc,start       ] GC(98) Pause Young (Concurrent Start) (G1 Humongous Allocation)
[2026-04-03T02:23:03.425+0600][34.714s][info][gc,task        ] GC(98) Using 10 workers of 10 for evacuation
[2026-04-03T02:23:03.428+0600][34.718s][info][gc,phases      ] GC(98)   Pre Evacuate Collection Set: 0.25ms
[2026-04-03T02:23:03.428+0600][34.718s][info][gc,phases      ] GC(98)   Merge Heap Roots: 0.10ms
[2026-04-03T02:23:03.428+0600][34.718s][info][gc,phases      ] GC(98)   Evacuate Collection Set: 2.32ms
[2026-04-03T02:23:03.428+0600][34.718s][info][gc,phases      ] GC(98)   Post Evacuate Collection Set: 0.55ms
[2026-04-03T02:23:03.428+0600][34.718s][info][gc,phases      ] GC(98)   Other: 0.19ms
[2026-04-03T02:23:03.428+0600][34.718s][info][gc,heap        ] GC(98) Eden regions: 1->0(256)
[2026-04-03T02:23:03.428+0600][34.718s][info][gc,heap        ] GC(98) Survivor regions: 7->7(33)
[2026-04-03T02:23:03.428+0600][34.718s][info][gc,heap        ] GC(98) Old regions: 82->82
[2026-04-03T02:23:03.428+0600][34.718s][info][gc,heap        ] GC(98) Humongous regions: 8->8
[2026-04-03T02:23:03.428+0600][34.718s][info][gc,metaspace   ] GC(98) Metaspace: 130602K(132224K)->130602K(132224K) NonClass: 114071K(114880K)->114071K(114880K) Class: 16530K(17344K)->16530K(17344K)
[2026-04-03T02:23:03.428+0600][34.718s][info][gc             ] GC(98) Pause Young (Concurrent Start) (G1 Humongous Allocation) 95M->95M(439M) 3.758ms
[2026-04-03T02:23:03.428+0600][34.718s][info][gc             ] GC(99) Concurrent Mark Cycle
[2026-04-03T02:23:03.429+0600][34.718s][info][gc,cpu         ] GC(98) User=0.03s Sys=0.00s Real=0.00s
[2026-04-03T02:23:03.429+0600][34.718s][info][gc,marking     ] GC(99) Concurrent Scan Root Regions
[2026-04-03T02:23:03.431+0600][34.720s][info][gc,marking     ] GC(99) Concurrent Scan Root Regions 2.306ms
[2026-04-03T02:23:03.431+0600][34.721s][info][gc,marking     ] GC(99) Concurrent Mark
[2026-04-03T02:23:03.431+0600][34.721s][info][gc,marking     ] GC(99) Concurrent Mark From Roots
[2026-04-03T02:23:03.431+0600][34.721s][info][gc,task        ] GC(99) Using 3 workers of 3 for marking
[2026-04-03T02:23:03.530+0600][34.820s][info][gc,marking     ] GC(99) Concurrent Mark From Roots 99.309ms
[2026-04-03T02:23:03.530+0600][34.820s][info][gc,marking     ] GC(99) Concurrent Preclean
[2026-04-03T02:23:03.531+0600][34.821s][info][gc,marking     ] GC(99) Concurrent Preclean 0.698ms
[2026-04-03T02:23:03.531+0600][34.821s][info][gc,start       ] GC(99) Pause Remark
[2026-04-03T02:23:03.541+0600][34.831s][info][gc             ] GC(99) Pause Remark 189M->189M(439M) 9.546ms
[2026-04-03T02:23:03.541+0600][34.831s][info][gc,cpu         ] GC(99) User=0.08s Sys=0.00s Real=0.01s
[2026-04-03T02:23:03.541+0600][34.831s][info][gc,marking     ] GC(99) Concurrent Mark 110.529ms
[2026-04-03T02:23:03.542+0600][34.831s][info][gc,marking     ] GC(99) Concurrent Rebuild Remembered Sets and Scrub Regions
[2026-04-03T02:23:03.568+0600][34.857s][info][gc,marking     ] GC(99) Concurrent Rebuild Remembered Sets and Scrub Regions 26.046ms
[2026-04-03T02:23:03.568+0600][34.858s][info][gc,start       ] GC(99) Pause Cleanup
[2026-04-03T02:23:03.568+0600][34.858s][info][gc             ] GC(99) Pause Cleanup 201M->201M(439M) 0.392ms
[2026-04-03T02:23:03.569+0600][34.858s][info][gc,cpu         ] GC(99) User=0.01s Sys=0.00s Real=0.00s
[2026-04-03T02:23:03.569+0600][34.858s][info][gc,marking     ] GC(99) Concurrent Clear Claimed Marks
[2026-04-03T02:23:03.569+0600][34.859s][info][gc,marking     ] GC(99) Concurrent Clear Claimed Marks 0.387ms
[2026-04-03T02:23:03.569+0600][34.859s][info][gc,marking     ] GC(99) Concurrent Cleanup for Next Mark
[2026-04-03T02:23:03.570+0600][34.860s][info][gc,marking     ] GC(99) Concurrent Cleanup for Next Mark 1.136ms
[2026-04-03T02:23:03.570+0600][34.860s][info][gc             ] GC(99) Concurrent Mark Cycle 141.955ms
[2026-04-03T02:23:03.759+0600][35.049s][info][gc,start       ] GC(100) Pause Young (Prepare Mixed) (G1 Evacuation Pause)
[2026-04-03T02:23:03.759+0600][35.049s][info][gc,task        ] GC(100) Using 10 workers of 10 for evacuation
[2026-04-03T02:23:03.765+0600][35.055s][info][gc,phases      ] GC(100)   Pre Evacuate Collection Set: 0.22ms
[2026-04-03T02:23:03.765+0600][35.055s][info][gc,phases      ] GC(100)   Merge Heap Roots: 0.21ms
[2026-04-03T02:23:03.765+0600][35.055s][info][gc,phases      ] GC(100)   Evacuate Collection Set: 4.43ms
[2026-04-03T02:23:03.765+0600][35.055s][info][gc,phases      ] GC(100)   Post Evacuate Collection Set: 0.72ms
[2026-04-03T02:23:03.765+0600][35.055s][info][gc,phases      ] GC(100)   Other: 0.09ms
[2026-04-03T02:23:03.765+0600][35.055s][info][gc,heap        ] GC(100) Eden regions: 197->0(264)
[2026-04-03T02:23:03.765+0600][35.055s][info][gc,heap        ] GC(100) Survivor regions: 7->9(33)
[2026-04-03T02:23:03.765+0600][35.055s][info][gc,heap        ] GC(100) Old regions: 82->82
[2026-04-03T02:23:03.765+0600][35.055s][info][gc,heap        ] GC(100) Humongous regions: 160->8
[2026-04-03T02:23:03.765+0600][35.055s][info][gc,metaspace   ] GC(100) Metaspace: 130608K(132224K)->130608K(132224K) NonClass: 114077K(114880K)->114077K(114880K) Class: 16530K(17344K)->16530K(17344K)
[2026-04-03T02:23:03.765+0600][35.055s][info][gc             ] GC(100) Pause Young (Prepare Mixed) (G1 Evacuation Pause) 444M->96M(455M) 5.931ms
[2026-04-03T02:23:03.765+0600][35.055s][info][gc,cpu         ] GC(100) User=0.03s Sys=0.01s Real=0.01s
[2026-04-03T02:23:04.122+0600][35.412s][info][gc,start       ] GC(101) Pause Young (Mixed) (G1 Evacuation Pause)
[2026-04-03T02:23:04.122+0600][35.412s][info][gc,task        ] GC(101) Using 10 workers of 10 for evacuation
[2026-04-03T02:23:04.131+0600][35.421s][info][gc,phases      ] GC(101)   Pre Evacuate Collection Set: 0.59ms
[2026-04-03T02:23:04.131+0600][35.421s][info][gc,phases      ] GC(101)   Merge Heap Roots: 0.27ms
[2026-04-03T02:23:04.131+0600][35.421s][info][gc,phases      ] GC(101)   Evacuate Collection Set: 7.02ms
[2026-04-03T02:23:04.131+0600][35.421s][info][gc,phases      ] GC(101)   Post Evacuate Collection Set: 0.94ms
[2026-04-03T02:23:04.131+0600][35.421s][info][gc,phases      ] GC(101)   Other: 0.12ms
[2026-04-03T02:23:04.131+0600][35.421s][info][gc,heap        ] GC(101) Eden regions: 229->0(269)
[2026-04-03T02:23:04.131+0600][35.421s][info][gc,heap        ] GC(101) Survivor regions: 9->11(35)
[2026-04-03T02:23:04.131+0600][35.421s][info][gc,heap        ] GC(101) Old regions: 82->83
[2026-04-03T02:23:04.131+0600][35.421s][info][gc,heap        ] GC(101) Humongous regions: 135->8
[2026-04-03T02:23:04.131+0600][35.421s][info][gc,metaspace   ] GC(101) Metaspace: 130626K(132224K)->130626K(132224K) NonClass: 114096K(114880K)->114096K(114880K) Class: 16530K(17344K)->16530K(17344K)
[2026-04-03T02:23:04.131+0600][35.421s][info][gc             ] GC(101) Pause Young (Mixed) (G1 Evacuation Pause) 452M->100M(468M) 9.248ms
[2026-04-03T02:23:04.132+0600][35.421s][info][gc,cpu         ] GC(101) User=0.05s Sys=0.02s Real=0.01s
[2026-04-03T02:23:04.141+0600][35.431s][info][gc,start       ] GC(102) Pause Young (Concurrent Start) (G1 Humongous Allocation)
[2026-04-03T02:23:04.141+0600][35.431s][info][gc,task        ] GC(102) Using 10 workers of 10 for evacuation
[2026-04-03T02:23:04.146+0600][35.435s][info][gc,phases      ] GC(102)   Pre Evacuate Collection Set: 0.42ms
[2026-04-03T02:23:04.146+0600][35.435s][info][gc,phases      ] GC(102)   Merge Heap Roots: 0.14ms
[2026-04-03T02:23:04.146+0600][35.435s][info][gc,phases      ] GC(102)   Evacuate Collection Set: 3.23ms
[2026-04-03T02:23:04.146+0600][35.435s][info][gc,phases      ] GC(102)   Post Evacuate Collection Set: 0.67ms
[2026-04-03T02:23:04.146+0600][35.435s][info][gc,phases      ] GC(102)   Other: 0.15ms
[2026-04-03T02:23:04.146+0600][35.435s][info][gc,heap        ] GC(102) Eden regions: 13->0(269)
[2026-04-03T02:23:04.146+0600][35.435s][info][gc,heap        ] GC(102) Survivor regions: 11->11(35)
[2026-04-03T02:23:04.146+0600][35.435s][info][gc,heap        ] GC(102) Old regions: 83->83
[2026-04-03T02:23:04.146+0600][35.435s][info][gc,heap        ] GC(102) Humongous regions: 8->8
[2026-04-03T02:23:04.146+0600][35.435s][info][gc,metaspace   ] GC(102) Metaspace: 130627K(132224K)->130627K(132224K) NonClass: 114096K(114880K)->114096K(114880K) Class: 16530K(17344K)->16530K(17344K)
[2026-04-03T02:23:04.146+0600][35.436s][info][gc             ] GC(102) Pause Young (Concurrent Start) (G1 Humongous Allocation) 112M->100M(468M) 5.016ms
[2026-04-03T02:23:04.146+0600][35.436s][info][gc             ] GC(103) Concurrent Mark Cycle
[2026-04-03T02:23:04.146+0600][35.436s][info][gc,marking     ] GC(103) Concurrent Scan Root Regions
[2026-04-03T02:23:04.146+0600][35.436s][info][gc,cpu         ] GC(102) User=0.04s Sys=0.00s Real=0.00s
[2026-04-03T02:23:04.149+0600][35.439s][info][gc,marking     ] GC(103) Concurrent Scan Root Regions 3.404ms
[2026-04-03T02:23:04.150+0600][35.439s][info][gc,marking     ] GC(103) Concurrent Mark
[2026-04-03T02:23:04.150+0600][35.439s][info][gc,marking     ] GC(103) Concurrent Mark From Roots
[2026-04-03T02:23:04.150+0600][35.439s][info][gc,task        ] GC(103) Using 3 workers of 3 for marking
[2026-04-03T02:23:04.228+0600][35.517s][info][gc,marking     ] GC(103) Concurrent Mark From Roots 77.928ms
[2026-04-03T02:23:04.228+0600][35.517s][info][gc,marking     ] GC(103) Concurrent Preclean
[2026-04-03T02:23:04.228+0600][35.518s][info][gc,marking     ] GC(103) Concurrent Preclean 0.614ms
[2026-04-03T02:23:04.229+0600][35.518s][info][gc,start       ] GC(103) Pause Remark
[2026-04-03T02:23:04.239+0600][35.528s][info][gc             ] GC(103) Pause Remark 167M->167M(404M) 10.022ms
[2026-04-03T02:23:04.239+0600][35.529s][info][gc,cpu         ] GC(103) User=0.08s Sys=0.00s Real=0.01s
[2026-04-03T02:23:04.239+0600][35.529s][info][gc,marking     ] GC(103) Concurrent Mark 89.560ms
[2026-04-03T02:23:04.239+0600][35.529s][info][gc,marking     ] GC(103) Concurrent Rebuild Remembered Sets and Scrub Regions
[2026-04-03T02:23:04.282+0600][35.571s][info][gc,marking     ] GC(103) Concurrent Rebuild Remembered Sets and Scrub Regions 42.590ms
[2026-04-03T02:23:04.282+0600][35.572s][info][gc,start       ] GC(103) Pause Cleanup
[2026-04-03T02:23:04.282+0600][35.572s][info][gc             ] GC(103) Pause Cleanup 219M->219M(404M) 0.307ms
[2026-04-03T02:23:04.283+0600][35.572s][info][gc,cpu         ] GC(103) User=0.00s Sys=0.00s Real=0.00s
[2026-04-03T02:23:04.283+0600][35.572s][info][gc,marking     ] GC(103) Concurrent Clear Claimed Marks
[2026-04-03T02:23:04.283+0600][35.573s][info][gc,marking     ] GC(103) Concurrent Clear Claimed Marks 0.352ms
[2026-04-03T02:23:04.283+0600][35.573s][info][gc,marking     ] GC(103) Concurrent Cleanup for Next Mark
[2026-04-03T02:23:04.284+0600][35.574s][info][gc,marking     ] GC(103) Concurrent Cleanup for Next Mark 1.152ms
[2026-04-03T02:23:04.284+0600][35.574s][info][gc             ] GC(103) Concurrent Mark Cycle 138.416ms
[2026-04-03T02:23:04.478+0600][35.768s][info][gc,start       ] GC(104) Pause Young (Prepare Mixed) (G1 Evacuation Pause)
[2026-04-03T02:23:04.478+0600][35.768s][info][gc,task        ] GC(104) Using 9 workers of 10 for evacuation
[2026-04-03T02:23:04.484+0600][35.773s][info][gc,phases      ] GC(104)   Pre Evacuate Collection Set: 0.22ms
[2026-04-03T02:23:04.484+0600][35.773s][info][gc,phases      ] GC(104)   Merge Heap Roots: 0.20ms
[2026-04-03T02:23:04.484+0600][35.773s][info][gc,phases      ] GC(104)   Evacuate Collection Set: 3.93ms
[2026-04-03T02:23:04.484+0600][35.773s][info][gc,phases      ] GC(104)   Post Evacuate Collection Set: 0.57ms
[2026-04-03T02:23:04.484+0600][35.773s][info][gc,phases      ] GC(104)   Other: 0.10ms
[2026-04-03T02:23:04.484+0600][35.773s][info][gc,heap        ] GC(104) Eden regions: 227->0(242)
[2026-04-03T02:23:04.484+0600][35.773s][info][gc,heap        ] GC(104) Survivor regions: 11->8(31)
[2026-04-03T02:23:04.484+0600][35.773s][info][gc,heap        ] GC(104) Old regions: 83->84
[2026-04-03T02:23:04.484+0600][35.773s][info][gc,heap        ] GC(104) Humongous regions: 87->12
[2026-04-03T02:23:04.484+0600][35.773s][info][gc,metaspace   ] GC(104) Metaspace: 130631K(132224K)->130631K(132224K) NonClass: 114101K(114880K)->114101K(114880K) Class: 16530K(17344K)->16530K(17344K)
[2026-04-03T02:23:04.484+0600][35.773s][info][gc             ] GC(104) Pause Young (Prepare Mixed) (G1 Evacuation Pause) 406M->101M(417M) 5.307ms
[2026-04-03T02:23:04.484+0600][35.773s][info][gc,cpu         ] GC(104) User=0.04s Sys=0.01s Real=0.01s
[2026-04-03T02:23:04.571+0600][35.860s][info][gc,start       ] GC(105) Pause Young (Mixed) (G1 Evacuation Pause)
[2026-04-03T02:23:04.571+0600][35.860s][info][gc,task        ] GC(105) Using 10 workers of 10 for evacuation
[2026-04-03T02:23:04.575+0600][35.865s][info][gc,phases      ] GC(105)   Pre Evacuate Collection Set: 0.32ms
[2026-04-03T02:23:04.575+0600][35.865s][info][gc,phases      ] GC(105)   Merge Heap Roots: 0.15ms
[2026-04-03T02:23:04.575+0600][35.865s][info][gc,phases      ] GC(105)   Evacuate Collection Set: 3.04ms
[2026-04-03T02:23:04.575+0600][35.865s][info][gc,phases      ] GC(105)   Post Evacuate Collection Set: 0.91ms
[2026-04-03T02:23:04.575+0600][35.865s][info][gc,phases      ] GC(105)   Other: 0.09ms
[2026-04-03T02:23:04.575+0600][35.865s][info][gc,heap        ] GC(105) Eden regions: 43->0(291)
[2026-04-03T02:23:04.575+0600][35.865s][info][gc,heap        ] GC(105) Survivor regions: 8->7(36)
[2026-04-03T02:23:04.575+0600][35.865s][info][gc,heap        ] GC(105) Old regions: 84->84
[2026-04-03T02:23:04.575+0600][35.865s][info][gc,heap        ] GC(105) Humongous regions: 354->8
[2026-04-03T02:23:04.575+0600][35.865s][info][gc,metaspace   ] GC(105) Metaspace: 130638K(132224K)->130638K(132224K) NonClass: 114108K(114880K)->114108K(114880K) Class: 16530K(17344K)->16530K(17344K)
[2026-04-03T02:23:04.576+0600][35.865s][info][gc             ] GC(105) Pause Young (Mixed) (G1 Evacuation Pause) 486M->97M(497M) 4.799ms
[2026-04-03T02:23:04.576+0600][35.865s][info][gc,cpu         ] GC(105) User=0.02s Sys=0.01s Real=0.00s
[2026-04-03T02:23:04.586+0600][35.876s][info][gc,start       ] GC(106) Pause Young (Concurrent Start) (G1 Humongous Allocation)
[2026-04-03T02:23:04.587+0600][35.876s][info][gc,task        ] GC(106) Using 10 workers of 10 for evacuation
[2026-04-03T02:23:04.591+0600][35.880s][info][gc,phases      ] GC(106)   Pre Evacuate Collection Set: 0.46ms
[2026-04-03T02:23:04.591+0600][35.880s][info][gc,phases      ] GC(106)   Merge Heap Roots: 0.14ms
[2026-04-03T02:23:04.591+0600][35.880s][info][gc,phases      ] GC(106)   Evacuate Collection Set: 2.78ms
[2026-04-03T02:23:04.591+0600][35.880s][info][gc,phases      ] GC(106)   Post Evacuate Collection Set: 0.54ms
[2026-04-03T02:23:04.591+0600][35.880s][info][gc,phases      ] GC(106)   Other: 0.16ms
[2026-04-03T02:23:04.591+0600][35.880s][info][gc,heap        ] GC(106) Eden regions: 23->0(288)
[2026-04-03T02:23:04.591+0600][35.880s][info][gc,heap        ] GC(106) Survivor regions: 7->10(38)
[2026-04-03T02:23:04.591+0600][35.881s][info][gc,heap        ] GC(106) Old regions: 84->84
[2026-04-03T02:23:04.591+0600][35.881s][info][gc,heap        ] GC(106) Humongous regions: 8->8
[2026-04-03T02:23:04.591+0600][35.881s][info][gc,metaspace   ] GC(106) Metaspace: 130640K(132224K)->130640K(132224K) NonClass: 114109K(114880K)->114109K(114880K) Class: 16530K(17344K)->16530K(17344K)
[2026-04-03T02:23:04.591+0600][35.881s][info][gc             ] GC(106) Pause Young (Concurrent Start) (G1 Humongous Allocation) 119M->100M(497M) 4.435ms
[2026-04-03T02:23:04.591+0600][35.881s][info][gc,cpu         ] GC(106) User=0.03s Sys=0.00s Real=0.01s
[2026-04-03T02:23:04.591+0600][35.881s][info][gc             ] GC(107) Concurrent Mark Cycle
[2026-04-03T02:23:04.591+0600][35.881s][info][gc,marking     ] GC(107) Concurrent Scan Root Regions
[2026-04-03T02:23:04.594+0600][35.883s][info][gc,marking     ] GC(107) Concurrent Scan Root Regions 2.656ms
[2026-04-03T02:23:04.594+0600][35.884s][info][gc,marking     ] GC(107) Concurrent Mark
[2026-04-03T02:23:04.594+0600][35.884s][info][gc,marking     ] GC(107) Concurrent Mark From Roots
[2026-04-03T02:23:04.594+0600][35.884s][info][gc,task        ] GC(107) Using 3 workers of 3 for marking
[2026-04-03T02:23:04.663+0600][35.953s][info][gc,marking     ] GC(107) Concurrent Mark From Roots 69.247ms
[2026-04-03T02:23:04.663+0600][35.953s][info][gc,marking     ] GC(107) Concurrent Preclean
[2026-04-03T02:23:04.664+0600][35.953s][info][gc,marking     ] GC(107) Concurrent Preclean 0.365ms
[2026-04-03T02:23:04.664+0600][35.954s][info][gc,start       ] GC(107) Pause Remark
[2026-04-03T02:23:04.673+0600][35.963s][info][gc             ] GC(107) Pause Remark 239M->239M(497M) 8.966ms
[2026-04-03T02:23:04.673+0600][35.963s][info][gc,cpu         ] GC(107) User=0.07s Sys=0.00s Real=0.01s
[2026-04-03T02:23:04.674+0600][35.963s][info][gc,marking     ] GC(107) Concurrent Mark 79.704ms
[2026-04-03T02:23:04.674+0600][35.963s][info][gc,marking     ] GC(107) Concurrent Rebuild Remembered Sets and Scrub Regions
[2026-04-03T02:23:04.712+0600][36.002s][info][gc,marking     ] GC(107) Concurrent Rebuild Remembered Sets and Scrub Regions 38.407ms
[2026-04-03T02:23:04.712+0600][36.002s][info][gc,start       ] GC(107) Pause Cleanup
[2026-04-03T02:23:04.713+0600][36.002s][info][gc             ] GC(107) Pause Cleanup 486M->486M(497M) 0.258ms
[2026-04-03T02:23:04.713+0600][36.002s][info][gc,cpu         ] GC(107) User=0.00s Sys=0.00s Real=0.00s
[2026-04-03T02:23:04.713+0600][36.003s][info][gc,marking     ] GC(107) Concurrent Clear Claimed Marks
[2026-04-03T02:23:04.713+0600][36.003s][info][gc,marking     ] GC(107) Concurrent Clear Claimed Marks 0.351ms
[2026-04-03T02:23:04.713+0600][36.003s][info][gc,marking     ] GC(107) Concurrent Cleanup for Next Mark
[2026-04-03T02:23:04.715+0600][36.004s][info][gc,marking     ] GC(107) Concurrent Cleanup for Next Mark 1.297ms
[2026-04-03T02:23:04.715+0600][36.004s][info][gc             ] GC(107) Concurrent Mark Cycle 123.533ms
[2026-04-03T02:23:04.743+0600][36.032s][info][gc,start       ] GC(108) Pause Young (Prepare Mixed) (G1 Evacuation Pause)
[2026-04-03T02:23:04.743+0600][36.032s][info][gc,task        ] GC(108) Using 10 workers of 10 for evacuation
[2026-04-03T02:23:04.750+0600][36.039s][info][gc,phases      ] GC(108)   Pre Evacuate Collection Set: 0.41ms
[2026-04-03T02:23:04.750+0600][36.039s][info][gc,phases      ] GC(108)   Merge Heap Roots: 0.25ms
[2026-04-03T02:23:04.750+0600][36.039s][info][gc,phases      ] GC(108)   Evacuate Collection Set: 5.29ms
[2026-04-03T02:23:04.750+0600][36.039s][info][gc,phases      ] GC(108)   Post Evacuate Collection Set: 0.73ms
[2026-04-03T02:23:04.750+0600][36.039s][info][gc,phases      ] GC(108)   Other: 0.11ms
[2026-04-03T02:23:04.750+0600][36.039s][info][gc,heap        ] GC(108) Eden regions: 46->0(298)
[2026-04-03T02:23:04.750+0600][36.039s][info][gc,heap        ] GC(108) Survivor regions: 10->8(38)
[2026-04-03T02:23:04.750+0600][36.039s][info][gc,heap        ] GC(108) Old regions: 84->84
[2026-04-03T02:23:04.750+0600][36.039s][info][gc,heap        ] GC(108) Humongous regions: 362->8
[2026-04-03T02:23:04.750+0600][36.039s][info][gc,metaspace   ] GC(108) Metaspace: 130651K(132224K)->130651K(132224K) NonClass: 114120K(114880K)->114120K(114880K) Class: 16531K(17344K)->16531K(17344K)
[2026-04-03T02:23:04.750+0600][36.039s][info][gc             ] GC(108) Pause Young (Prepare Mixed) (G1 Evacuation Pause) 500M->99M(510M) 7.167ms
[2026-04-03T02:23:04.750+0600][36.040s][info][gc,cpu         ] GC(108) User=0.04s Sys=0.01s Real=0.01s
[2026-04-03T02:23:05.262+0600][36.551s][info][gc,start       ] GC(109) Pause Young (Mixed) (G1 Evacuation Pause)
[2026-04-03T02:23:05.262+0600][36.551s][info][gc,task        ] GC(109) Using 10 workers of 10 for evacuation
[2026-04-03T02:23:05.269+0600][36.558s][info][gc,phases      ] GC(109)   Pre Evacuate Collection Set: 0.62ms
[2026-04-03T02:23:05.269+0600][36.558s][info][gc,phases      ] GC(109)   Merge Heap Roots: 0.30ms
[2026-04-03T02:23:05.269+0600][36.558s][info][gc,phases      ] GC(109)   Evacuate Collection Set: 5.15ms
[2026-04-03T02:23:05.269+0600][36.558s][info][gc,phases      ] GC(109)   Post Evacuate Collection Set: 0.75ms
[2026-04-03T02:23:05.269+0600][36.558s][info][gc,phases      ] GC(109)   Other: 0.13ms
[2026-04-03T02:23:05.269+0600][36.558s][info][gc,heap        ] GC(109) Eden regions: 291->0(307)
[2026-04-03T02:23:05.269+0600][36.558s][info][gc,heap        ] GC(109) Survivor regions: 8->9(39)
[2026-04-03T02:23:05.269+0600][36.558s][info][gc,heap        ] GC(109) Old regions: 84->85
[2026-04-03T02:23:05.269+0600][36.558s][info][gc,heap        ] GC(109) Humongous regions: 133->10
[2026-04-03T02:23:05.269+0600][36.558s][info][gc,metaspace   ] GC(109) Metaspace: 130690K(132288K)->130690K(132288K) NonClass: 114158K(114944K)->114158K(114944K) Class: 16532K(17344K)->16532K(17344K)
[2026-04-03T02:23:05.269+0600][36.558s][info][gc             ] GC(109) Pause Young (Mixed) (G1 Evacuation Pause) 515M->102M(527M) 7.273ms
[2026-04-03T02:23:05.269+0600][36.559s][info][gc,cpu         ] GC(109) User=0.04s Sys=0.02s Real=0.00s
[2026-04-03T02:23:05.272+0600][36.562s][info][gc,start       ] GC(110) Pause Young (Concurrent Start) (G1 Humongous Allocation)
[2026-04-03T02:23:05.272+0600][36.562s][info][gc,task        ] GC(110) Using 10 workers of 10 for evacuation
[2026-04-03T02:23:05.276+0600][36.566s][info][gc,phases      ] GC(110)   Pre Evacuate Collection Set: 0.33ms
[2026-04-03T02:23:05.276+0600][36.566s][info][gc,phases      ] GC(110)   Merge Heap Roots: 0.12ms
[2026-04-03T02:23:05.276+0600][36.566s][info][gc,phases      ] GC(110)   Evacuate Collection Set: 3.11ms
[2026-04-03T02:23:05.276+0600][36.566s][info][gc,phases      ] GC(110)   Post Evacuate Collection Set: 0.43ms
[2026-04-03T02:23:05.276+0600][36.566s][info][gc,phases      ] GC(110)   Other: 0.12ms
[2026-04-03T02:23:05.276+0600][36.566s][info][gc,heap        ] GC(110) Eden regions: 4->0(308)
[2026-04-03T02:23:05.276+0600][36.566s][info][gc,heap        ] GC(110) Survivor regions: 9->8(40)
[2026-04-03T02:23:05.276+0600][36.566s][info][gc,heap        ] GC(110) Old regions: 85->85
[2026-04-03T02:23:05.276+0600][36.566s][info][gc,heap        ] GC(110) Humongous regions: 10->8
[2026-04-03T02:23:05.276+0600][36.566s][info][gc,metaspace   ] GC(110) Metaspace: 130690K(132288K)->130690K(132288K) NonClass: 114158K(114944K)->114158K(114944K) Class: 16532K(17344K)->16532K(17344K)
[2026-04-03T02:23:05.276+0600][36.566s][info][gc             ] GC(110) Pause Young (Concurrent Start) (G1 Humongous Allocation) 106M->99M(527M) 4.391ms
[2026-04-03T02:23:05.276+0600][36.566s][info][gc             ] GC(111) Concurrent Mark Cycle
[2026-04-03T02:23:05.276+0600][36.566s][info][gc,cpu         ] GC(110) User=0.03s Sys=0.00s Real=0.00s
[2026-04-03T02:23:05.276+0600][36.566s][info][gc,marking     ] GC(111) Concurrent Scan Root Regions
[2026-04-03T02:23:05.279+0600][36.569s][info][gc,marking     ] GC(111) Concurrent Scan Root Regions 2.818ms
[2026-04-03T02:23:05.279+0600][36.569s][info][gc,marking     ] GC(111) Concurrent Mark
[2026-04-03T02:23:05.279+0600][36.569s][info][gc,marking     ] GC(111) Concurrent Mark From Roots
[2026-04-03T02:23:05.279+0600][36.569s][info][gc,task        ] GC(111) Using 3 workers of 3 for marking
[2026-04-03T02:23:05.363+0600][36.653s][info][gc,marking     ] GC(111) Concurrent Mark From Roots 83.944ms
[2026-04-03T02:23:05.363+0600][36.653s][info][gc,marking     ] GC(111) Concurrent Preclean
[2026-04-03T02:23:05.364+0600][36.653s][info][gc,marking     ] GC(111) Concurrent Preclean 0.338ms
[2026-04-03T02:23:05.364+0600][36.654s][info][gc,start       ] GC(111) Pause Remark
[2026-04-03T02:23:05.373+0600][36.663s][info][gc             ] GC(111) Pause Remark 180M->180M(450M) 8.887ms
[2026-04-03T02:23:05.373+0600][36.663s][info][gc,cpu         ] GC(111) User=0.07s Sys=0.00s Real=0.01s
[2026-04-03T02:23:05.373+0600][36.663s][info][gc,marking     ] GC(111) Concurrent Mark 94.005ms
[2026-04-03T02:23:05.373+0600][36.663s][info][gc,marking     ] GC(111) Concurrent Rebuild Remembered Sets and Scrub Regions
[2026-04-03T02:23:05.411+0600][36.700s][info][gc,marking     ] GC(111) Concurrent Rebuild Remembered Sets and Scrub Regions 37.136ms
[2026-04-03T02:23:05.412+0600][36.702s][info][gc,start       ] GC(111) Pause Cleanup
[2026-04-03T02:23:05.412+0600][36.702s][info][gc             ] GC(111) Pause Cleanup 216M->216M(450M) 0.335ms
[2026-04-03T02:23:05.413+0600][36.702s][info][gc,cpu         ] GC(111) User=0.00s Sys=0.00s Real=0.00s
[2026-04-03T02:23:05.413+0600][36.703s][info][gc,marking     ] GC(111) Concurrent Clear Claimed Marks
[2026-04-03T02:23:05.413+0600][36.703s][info][gc,marking     ] GC(111) Concurrent Clear Claimed Marks 0.406ms
[2026-04-03T02:23:05.413+0600][36.703s][info][gc,marking     ] GC(111) Concurrent Cleanup for Next Mark
[2026-04-03T02:23:05.415+0600][36.704s][info][gc,marking     ] GC(111) Concurrent Cleanup for Next Mark 1.169ms
[2026-04-03T02:23:05.415+0600][36.704s][info][gc             ] GC(111) Concurrent Mark Cycle 138.384ms
[2026-04-03T02:23:05.594+0600][36.884s][info][gc,start       ] GC(112) Pause Young (Prepare Mixed) (G1 Evacuation Pause)
[2026-04-03T02:23:05.594+0600][36.884s][info][gc,task        ] GC(112) Using 10 workers of 10 for evacuation
[2026-04-03T02:23:05.601+0600][36.891s][info][gc,phases      ] GC(112)   Pre Evacuate Collection Set: 0.44ms
[2026-04-03T02:23:05.601+0600][36.891s][info][gc,phases      ] GC(112)   Merge Heap Roots: 0.28ms
[2026-04-03T02:23:05.601+0600][36.891s][info][gc,phases      ] GC(112)   Evacuate Collection Set: 5.07ms
[2026-04-03T02:23:05.601+0600][36.891s][info][gc,phases      ] GC(112)   Post Evacuate Collection Set: 0.71ms
[2026-04-03T02:23:05.601+0600][36.891s][info][gc,phases      ] GC(112)   Other: 0.13ms
[2026-04-03T02:23:05.601+0600][36.891s][info][gc,heap        ] GC(112) Eden regions: 191->0(266)
[2026-04-03T02:23:05.601+0600][36.891s][info][gc,heap        ] GC(112) Survivor regions: 8->10(34)
[2026-04-03T02:23:05.601+0600][36.891s][info][gc,heap        ] GC(112) Old regions: 85->86
[2026-04-03T02:23:05.601+0600][36.891s][info][gc,heap        ] GC(112) Humongous regions: 166->8
[2026-04-03T02:23:05.601+0600][36.891s][info][gc,metaspace   ] GC(112) Metaspace: 130718K(132288K)->130718K(132288K) NonClass: 114185K(114944K)->114185K(114944K) Class: 16532K(17344K)->16532K(17344K)
[2026-04-03T02:23:05.601+0600][36.891s][info][gc             ] GC(112) Pause Young (Prepare Mixed) (G1 Evacuation Pause) 448M->101M(461M) 6.979ms
[2026-04-03T02:23:05.601+0600][36.891s][info][gc,cpu         ] GC(112) User=0.04s Sys=0.01s Real=0.01s
[2026-04-03T02:23:05.886+0600][37.176s][info][gc,start       ] GC(113) Pause Young (Mixed) (G1 Evacuation Pause)
[2026-04-03T02:23:05.886+0600][37.176s][info][gc,task        ] GC(113) Using 10 workers of 10 for evacuation
[2026-04-03T02:23:05.892+0600][37.182s][info][gc,phases      ] GC(113)   Pre Evacuate Collection Set: 0.53ms
[2026-04-03T02:23:05.892+0600][37.182s][info][gc,phases      ] GC(113)   Merge Heap Roots: 0.23ms
[2026-04-03T02:23:05.892+0600][37.182s][info][gc,phases      ] GC(113)   Evacuate Collection Set: 4.52ms
[2026-04-03T02:23:05.892+0600][37.182s][info][gc,phases      ] GC(113)   Post Evacuate Collection Set: 0.58ms
[2026-04-03T02:23:05.892+0600][37.182s][info][gc,phases      ] GC(113)   Other: 0.16ms
[2026-04-03T02:23:05.892+0600][37.182s][info][gc,heap        ] GC(113) Eden regions: 208->0(282)
[2026-04-03T02:23:05.892+0600][37.182s][info][gc,heap        ] GC(113) Survivor regions: 10->8(35)
[2026-04-03T02:23:05.893+0600][37.182s][info][gc,heap        ] GC(113) Old regions: 86->85
[2026-04-03T02:23:05.893+0600][37.182s][info][gc,heap        ] GC(113) Humongous regions: 171->8
[2026-04-03T02:23:05.893+0600][37.182s][info][gc,metaspace   ] GC(113) Metaspace: 130739K(132288K)->130739K(132288K) NonClass: 114206K(114944K)->114206K(114944K) Class: 16532K(17344K)->16532K(17344K)
[2026-04-03T02:23:05.893+0600][37.182s][info][gc             ] GC(113) Pause Young (Mixed) (G1 Evacuation Pause) 472M->99M(484M) 6.356ms
[2026-04-03T02:23:05.893+0600][37.182s][info][gc,cpu         ] GC(113) User=0.04s Sys=0.01s Real=0.01s
[2026-04-03T02:23:05.897+0600][37.187s][info][gc,start       ] GC(114) Pause Young (Concurrent Start) (G1 Humongous Allocation)
[2026-04-03T02:23:05.897+0600][37.187s][info][gc,task        ] GC(114) Using 10 workers of 10 for evacuation
[2026-04-03T02:23:05.902+0600][37.191s][info][gc,phases      ] GC(114)   Pre Evacuate Collection Set: 0.39ms
[2026-04-03T02:23:05.902+0600][37.191s][info][gc,phases      ] GC(114)   Merge Heap Roots: 0.11ms
[2026-04-03T02:23:05.902+0600][37.191s][info][gc,phases      ] GC(114)   Evacuate Collection Set: 2.96ms
[2026-04-03T02:23:05.902+0600][37.191s][info][gc,phases      ] GC(114)   Post Evacuate Collection Set: 0.96ms
[2026-04-03T02:23:05.902+0600][37.191s][info][gc,phases      ] GC(114)   Other: 0.18ms
[2026-04-03T02:23:05.902+0600][37.191s][info][gc,heap        ] GC(114) Eden regions: 1->0(282)
[2026-04-03T02:23:05.902+0600][37.191s][info][gc,heap        ] GC(114) Survivor regions: 8->8(37)
[2026-04-03T02:23:05.902+0600][37.191s][info][gc,heap        ] GC(114) Old regions: 85->85
[2026-04-03T02:23:05.902+0600][37.191s][info][gc,heap        ] GC(114) Humongous regions: 8->8
[2026-04-03T02:23:05.902+0600][37.191s][info][gc,metaspace   ] GC(114) Metaspace: 130741K(132288K)->130741K(132288K) NonClass: 114208K(114944K)->114208K(114944K) Class: 16532K(17344K)->16532K(17344K)
[2026-04-03T02:23:05.902+0600][37.192s][info][gc             ] GC(114) Pause Young (Concurrent Start) (G1 Humongous Allocation) 99M->98M(484M) 4.989ms
[2026-04-03T02:23:05.902+0600][37.192s][info][gc             ] GC(115) Concurrent Mark Cycle
[2026-04-03T02:23:05.902+0600][37.192s][info][gc,cpu         ] GC(114) User=0.04s Sys=0.00s Real=0.01s
[2026-04-03T02:23:05.902+0600][37.192s][info][gc,marking     ] GC(115) Concurrent Scan Root Regions
[2026-04-03T02:23:05.905+0600][37.195s][info][gc,marking     ] GC(115) Concurrent Scan Root Regions 2.749ms
[2026-04-03T02:23:05.905+0600][37.195s][info][gc,marking     ] GC(115) Concurrent Mark
[2026-04-03T02:23:05.905+0600][37.195s][info][gc,marking     ] GC(115) Concurrent Mark From Roots
[2026-04-03T02:23:05.905+0600][37.195s][info][gc,task        ] GC(115) Using 3 workers of 3 for marking
[2026-04-03T02:23:06.001+0600][37.291s][info][gc,marking     ] GC(115) Concurrent Mark From Roots 96.100ms
[2026-04-03T02:23:06.001+0600][37.291s][info][gc,marking     ] GC(115) Concurrent Preclean
[2026-04-03T02:23:06.002+0600][37.292s][info][gc,marking     ] GC(115) Concurrent Preclean 0.799ms
[2026-04-03T02:23:06.002+0600][37.292s][info][gc,start       ] GC(115) Pause Remark
[2026-04-03T02:23:06.013+0600][37.303s][info][gc             ] GC(115) Pause Remark 189M->189M(457M) 10.478ms
[2026-04-03T02:23:06.013+0600][37.303s][info][gc,cpu         ] GC(115) User=0.09s Sys=0.00s Real=0.01s
[2026-04-03T02:23:06.013+0600][37.303s][info][gc,marking     ] GC(115) Concurrent Mark 108.299ms
[2026-04-03T02:23:06.013+0600][37.303s][info][gc,marking     ] GC(115) Concurrent Rebuild Remembered Sets and Scrub Regions
[2026-04-03T02:23:06.046+0600][37.336s][info][gc,marking     ] GC(115) Concurrent Rebuild Remembered Sets and Scrub Regions 32.859ms
[2026-04-03T02:23:06.047+0600][37.336s][info][gc,start       ] GC(115) Pause Cleanup
[2026-04-03T02:23:06.047+0600][37.337s][info][gc             ] GC(115) Pause Cleanup 208M->208M(457M) 0.362ms
[2026-04-03T02:23:06.047+0600][37.337s][info][gc,cpu         ] GC(115) User=0.00s Sys=0.00s Real=0.00s
[2026-04-03T02:23:06.049+0600][37.339s][info][gc,marking     ] GC(115) Concurrent Clear Claimed Marks
[2026-04-03T02:23:06.050+0600][37.340s][info][gc,marking     ] GC(115) Concurrent Clear Claimed Marks 0.486ms
[2026-04-03T02:23:06.050+0600][37.340s][info][gc,marking     ] GC(115) Concurrent Cleanup for Next Mark
[2026-04-03T02:23:06.051+0600][37.341s][info][gc,marking     ] GC(115) Concurrent Cleanup for Next Mark 1.154ms
[2026-04-03T02:23:06.051+0600][37.341s][info][gc             ] GC(115) Concurrent Mark Cycle 149.215ms
[2026-04-03T02:23:06.440+0600][37.730s][info][gc,start       ] GC(116) Pause Young (Prepare Mixed) (G1 Evacuation Pause)
[2026-04-03T02:23:06.440+0600][37.730s][info][gc,task        ] GC(116) Using 10 workers of 10 for evacuation
[2026-04-03T02:23:06.444+0600][37.734s][info][gc,phases      ] GC(116)   Pre Evacuate Collection Set: 0.34ms
[2026-04-03T02:23:06.444+0600][37.734s][info][gc,phases      ] GC(116)   Merge Heap Roots: 0.17ms
[2026-04-03T02:23:06.444+0600][37.734s][info][gc,phases      ] GC(116)   Evacuate Collection Set: 2.51ms
[2026-04-03T02:23:06.444+0600][37.734s][info][gc,phases      ] GC(116)   Post Evacuate Collection Set: 0.43ms
[2026-04-03T02:23:06.444+0600][37.734s][info][gc,phases      ] GC(116)   Other: 0.07ms
[2026-04-03T02:23:06.444+0600][37.734s][info][gc,heap        ] GC(116) Eden regions: 241->0(272)
[2026-04-03T02:23:06.444+0600][37.734s][info][gc,heap        ] GC(116) Survivor regions: 8->7(35)
[2026-04-03T02:23:06.444+0600][37.734s][info][gc,heap        ] GC(116) Old regions: 85->86
[2026-04-03T02:23:06.444+0600][37.734s][info][gc,heap        ] GC(116) Humongous regions: 123->8
[2026-04-03T02:23:06.444+0600][37.734s][info][gc,metaspace   ] GC(116) Metaspace: 130767K(132288K)->130767K(132288K) NonClass: 114234K(114944K)->114234K(114944K) Class: 16532K(17344K)->16532K(17344K)
[2026-04-03T02:23:06.444+0600][37.734s][info][gc             ] GC(116) Pause Young (Prepare Mixed) (G1 Evacuation Pause) 454M->98M(465M) 3.713ms
[2026-04-03T02:23:06.444+0600][37.734s][info][gc,cpu         ] GC(116) User=0.02s Sys=0.01s Real=0.00s
[2026-04-03T02:23:06.762+0600][38.052s][info][gc,start       ] GC(117) Pause Young (Mixed) (G1 Evacuation Pause)
[2026-04-03T02:23:06.762+0600][38.052s][info][gc,task        ] GC(117) Using 10 workers of 10 for evacuation
[2026-04-03T02:23:06.768+0600][38.058s][info][gc,phases      ] GC(117)   Pre Evacuate Collection Set: 0.30ms
[2026-04-03T02:23:06.768+0600][38.058s][info][gc,phases      ] GC(117)   Merge Heap Roots: 0.19ms
[2026-04-03T02:23:06.768+0600][38.058s][info][gc,phases      ] GC(117)   Evacuate Collection Set: 4.34ms
[2026-04-03T02:23:06.768+0600][38.058s][info][gc,phases      ] GC(117)   Post Evacuate Collection Set: 0.62ms
[2026-04-03T02:23:06.768+0600][38.058s][info][gc,phases      ] GC(117)   Other: 0.17ms
[2026-04-03T02:23:06.768+0600][38.058s][info][gc,heap        ] GC(117) Eden regions: 217->0(278)
[2026-04-03T02:23:06.768+0600][38.058s][info][gc,heap        ] GC(117) Survivor regions: 7->9(36)
[2026-04-03T02:23:06.768+0600][38.058s][info][gc,heap        ] GC(117) Old regions: 86->84
[2026-04-03T02:23:06.768+0600][38.058s][info][gc,heap        ] GC(117) Humongous regions: 160->8
[2026-04-03T02:23:06.768+0600][38.058s][info][gc,metaspace   ] GC(117) Metaspace: 130776K(132288K)->130776K(132288K) NonClass: 114243K(114944K)->114243K(114944K) Class: 16532K(17344K)->16532K(17344K)
[2026-04-03T02:23:06.768+0600][38.058s][info][gc             ] GC(117) Pause Young (Mixed) (G1 Evacuation Pause) 467M->99M(479M) 5.897ms
[2026-04-03T02:23:06.768+0600][38.058s][info][gc,cpu         ] GC(117) User=0.04s Sys=0.01s Real=0.00s
[2026-04-03T02:23:06.783+0600][38.072s][info][gc,start       ] GC(118) Pause Young (Concurrent Start) (G1 Humongous Allocation)
[2026-04-03T02:23:06.783+0600][38.073s][info][gc,task        ] GC(118) Using 10 workers of 10 for evacuation
[2026-04-03T02:23:06.788+0600][38.077s][info][gc,phases      ] GC(118)   Pre Evacuate Collection Set: 0.52ms
[2026-04-03T02:23:06.788+0600][38.077s][info][gc,phases      ] GC(118)   Merge Heap Roots: 0.18ms
[2026-04-03T02:23:06.788+0600][38.078s][info][gc,phases      ] GC(118)   Evacuate Collection Set: 3.11ms
[2026-04-03T02:23:06.788+0600][38.078s][info][gc,phases      ] GC(118)   Post Evacuate Collection Set: 0.75ms
[2026-04-03T02:23:06.788+0600][38.078s][info][gc,phases      ] GC(118)   Other: 0.18ms
[2026-04-03T02:23:06.788+0600][38.078s][info][gc,heap        ] GC(118) Eden regions: 20->0(278)
[2026-04-03T02:23:06.788+0600][38.078s][info][gc,heap        ] GC(118) Survivor regions: 9->9(36)
[2026-04-03T02:23:06.788+0600][38.078s][info][gc,heap        ] GC(118) Old regions: 84->84
[2026-04-03T02:23:06.788+0600][38.078s][info][gc,heap        ] GC(118) Humongous regions: 8->8
[2026-04-03T02:23:06.788+0600][38.078s][info][gc,metaspace   ] GC(118) Metaspace: 130777K(132288K)->130777K(132288K) NonClass: 114244K(114944K)->114244K(114944K) Class: 16532K(17344K)->16532K(17344K)
[2026-04-03T02:23:06.788+0600][38.078s][info][gc             ] GC(118) Pause Young (Concurrent Start) (G1 Humongous Allocation) 119M->99M(479M) 5.214ms
[2026-04-03T02:23:06.788+0600][38.078s][info][gc,cpu         ] GC(118) User=0.02s Sys=0.01s Real=0.00s
[2026-04-03T02:23:06.788+0600][38.078s][info][gc             ] GC(119) Concurrent Mark Cycle
[2026-04-03T02:23:06.788+0600][38.078s][info][gc,marking     ] GC(119) Concurrent Scan Root Regions
[2026-04-03T02:23:06.792+0600][38.082s][info][gc,marking     ] GC(119) Concurrent Scan Root Regions 3.756ms
[2026-04-03T02:23:06.792+0600][38.082s][info][gc,marking     ] GC(119) Concurrent Mark
[2026-04-03T02:23:06.792+0600][38.082s][info][gc,marking     ] GC(119) Concurrent Mark From Roots
[2026-04-03T02:23:06.792+0600][38.082s][info][gc,task        ] GC(119) Using 3 workers of 3 for marking
[2026-04-03T02:23:06.872+0600][38.162s][info][gc,marking     ] GC(119) Concurrent Mark From Roots 79.965ms
[2026-04-03T02:23:06.872+0600][38.162s][info][gc,marking     ] GC(119) Concurrent Preclean
[2026-04-03T02:23:06.873+0600][38.162s][info][gc,marking     ] GC(119) Concurrent Preclean 0.450ms
[2026-04-03T02:23:06.873+0600][38.163s][info][gc,start       ] GC(119) Pause Remark
[2026-04-03T02:23:06.882+0600][38.171s][info][gc             ] GC(119) Pause Remark 179M->179M(477M) 8.443ms
[2026-04-03T02:23:06.882+0600][38.171s][info][gc,cpu         ] GC(119) User=0.06s Sys=0.00s Real=0.01s
[2026-04-03T02:23:06.882+0600][38.172s][info][gc,marking     ] GC(119) Concurrent Mark 90.053ms
[2026-04-03T02:23:06.882+0600][38.172s][info][gc,marking     ] GC(119) Concurrent Rebuild Remembered Sets and Scrub Regions
[2026-04-03T02:23:06.919+0600][38.209s][info][gc,marking     ] GC(119) Concurrent Rebuild Remembered Sets and Scrub Regions 36.758ms
[2026-04-03T02:23:06.919+0600][38.209s][info][gc,start       ] GC(119) Pause Cleanup
[2026-04-03T02:23:06.920+0600][38.209s][info][gc             ] GC(119) Pause Cleanup 226M->226M(477M) 0.364ms
[2026-04-03T02:23:06.920+0600][38.210s][info][gc,cpu         ] GC(119) User=0.00s Sys=0.00s Real=0.01s
[2026-04-03T02:23:06.920+0600][38.210s][info][gc,marking     ] GC(119) Concurrent Clear Claimed Marks
[2026-04-03T02:23:06.920+0600][38.210s][info][gc,marking     ] GC(119) Concurrent Clear Claimed Marks 0.467ms
[2026-04-03T02:23:06.920+0600][38.210s][info][gc,marking     ] GC(119) Concurrent Cleanup for Next Mark
[2026-04-03T02:23:06.921+0600][38.211s][info][gc,marking     ] GC(119) Concurrent Cleanup for Next Mark 0.914ms
[2026-04-03T02:23:06.921+0600][38.211s][info][gc             ] GC(119) Concurrent Mark Cycle 133.335ms
[2026-04-03T02:23:07.106+0600][38.395s][info][gc,start       ] GC(120) Pause Young (Prepare Mixed) (G1 Evacuation Pause)
[2026-04-03T02:23:07.106+0600][38.395s][info][gc,task        ] GC(120) Using 10 workers of 10 for evacuation
[2026-04-03T02:23:07.113+0600][38.402s][info][gc,phases      ] GC(120)   Pre Evacuate Collection Set: 0.56ms
[2026-04-03T02:23:07.113+0600][38.402s][info][gc,phases      ] GC(120)   Merge Heap Roots: 0.27ms
[2026-04-03T02:23:07.113+0600][38.403s][info][gc,phases      ] GC(120)   Evacuate Collection Set: 5.39ms
[2026-04-03T02:23:07.113+0600][38.403s][info][gc,phases      ] GC(120)   Post Evacuate Collection Set: 0.78ms
[2026-04-03T02:23:07.113+0600][38.403s][info][gc,phases      ] GC(120)   Other: 0.13ms
[2026-04-03T02:23:07.113+0600][38.403s][info][gc,heap        ] GC(120) Eden regions: 208->0(283)
[2026-04-03T02:23:07.113+0600][38.403s][info][gc,heap        ] GC(120) Survivor regions: 9->9(36)
[2026-04-03T02:23:07.113+0600][38.403s][info][gc,heap        ] GC(120) Old regions: 84->85
[2026-04-03T02:23:07.113+0600][38.403s][info][gc,heap        ] GC(120) Humongous regions: 176->8
[2026-04-03T02:23:07.113+0600][38.403s][info][gc,metaspace   ] GC(120) Metaspace: 130796K(132352K)->130796K(132352K) NonClass: 114263K(115008K)->114263K(115008K) Class: 16532K(17344K)->16532K(17344K)
[2026-04-03T02:23:07.113+0600][38.403s][info][gc             ] GC(120) Pause Young (Prepare Mixed) (G1 Evacuation Pause) 475M->100M(487M) 7.443ms
[2026-04-03T02:23:07.113+0600][38.403s][info][gc,cpu         ] GC(120) User=0.03s Sys=0.02s Real=0.01s
[2026-04-03T02:23:07.489+0600][38.779s][info][gc,start       ] GC(121) Pause Young (Mixed) (G1 Evacuation Pause)
[2026-04-03T02:23:07.489+0600][38.779s][info][gc,task        ] GC(121) Using 10 workers of 10 for evacuation
[2026-04-03T02:23:07.498+0600][38.787s][info][gc,phases      ] GC(121)   Pre Evacuate Collection Set: 0.40ms
[2026-04-03T02:23:07.498+0600][38.787s][info][gc,phases      ] GC(121)   Merge Heap Roots: 0.47ms
[2026-04-03T02:23:07.498+0600][38.787s][info][gc,phases      ] GC(121)   Evacuate Collection Set: 6.61ms
[2026-04-03T02:23:07.498+0600][38.787s][info][gc,phases      ] GC(121)   Post Evacuate Collection Set: 0.91ms
[2026-04-03T02:23:07.498+0600][38.787s][info][gc,phases      ] GC(121)   Other: 0.11ms
[2026-04-03T02:23:07.498+0600][38.787s][info][gc,heap        ] GC(121) Eden regions: 231->0(298)
[2026-04-03T02:23:07.498+0600][38.787s][info][gc,heap        ] GC(121) Survivor regions: 9->8(37)
[2026-04-03T02:23:07.498+0600][38.787s][info][gc,heap        ] GC(121) Old regions: 85->85
[2026-04-03T02:23:07.498+0600][38.787s][info][gc,heap        ] GC(121) Humongous regions: 175->8
[2026-04-03T02:23:07.498+0600][38.787s][info][gc,metaspace   ] GC(121) Metaspace: 130842K(132352K)->130842K(132352K) NonClass: 114310K(115008K)->114310K(115008K) Class: 16532K(17344K)->16532K(17344K)
[2026-04-03T02:23:07.498+0600][38.787s][info][gc             ] GC(121) Pause Young (Mixed) (G1 Evacuation Pause) 498M->99M(510M) 8.844ms
[2026-04-03T02:23:07.498+0600][38.788s][info][gc,cpu         ] GC(121) User=0.06s Sys=0.00s Real=0.01s
[2026-04-03T02:23:07.540+0600][38.830s][info][gc,start       ] GC(122) Pause Young (Concurrent Start) (G1 Humongous Allocation)
[2026-04-03T02:23:07.540+0600][38.830s][info][gc,task        ] GC(122) Using 10 workers of 10 for evacuation
[2026-04-03T02:23:07.545+0600][38.835s][info][gc,phases      ] GC(122)   Pre Evacuate Collection Set: 0.56ms
[2026-04-03T02:23:07.545+0600][38.835s][info][gc,phases      ] GC(122)   Merge Heap Roots: 0.23ms
[2026-04-03T02:23:07.545+0600][38.835s][info][gc,phases      ] GC(122)   Evacuate Collection Set: 2.97ms
[2026-04-03T02:23:07.545+0600][38.835s][info][gc,phases      ] GC(122)   Post Evacuate Collection Set: 0.79ms
[2026-04-03T02:23:07.545+0600][38.835s][info][gc,phases      ] GC(122)   Other: 0.22ms
[2026-04-03T02:23:07.545+0600][38.835s][info][gc,heap        ] GC(122) Eden regions: 40->0(298)
[2026-04-03T02:23:07.545+0600][38.835s][info][gc,heap        ] GC(122) Survivor regions: 8->8(39)
[2026-04-03T02:23:07.545+0600][38.835s][info][gc,heap        ] GC(122) Old regions: 85->85
[2026-04-03T02:23:07.545+0600][38.835s][info][gc,heap        ] GC(122) Humongous regions: 8->8
[2026-04-03T02:23:07.545+0600][38.835s][info][gc,metaspace   ] GC(122) Metaspace: 130843K(132352K)->130843K(132352K) NonClass: 114310K(115008K)->114310K(115008K) Class: 16532K(17344K)->16532K(17344K)
[2026-04-03T02:23:07.545+0600][38.835s][info][gc             ] GC(122) Pause Young (Concurrent Start) (G1 Humongous Allocation) 139M->100M(510M) 5.147ms
[2026-04-03T02:23:07.545+0600][38.835s][info][gc             ] GC(123) Concurrent Mark Cycle
[2026-04-03T02:23:07.545+0600][38.835s][info][gc,marking     ] GC(123) Concurrent Scan Root Regions
[2026-04-03T02:23:07.545+0600][38.835s][info][gc,cpu         ] GC(122) User=0.04s Sys=0.00s Real=0.00s
[2026-04-03T02:23:07.549+0600][38.838s][info][gc,marking     ] GC(123) Concurrent Scan Root Regions 3.397ms
[2026-04-03T02:23:07.549+0600][38.838s][info][gc,marking     ] GC(123) Concurrent Mark
[2026-04-03T02:23:07.549+0600][38.838s][info][gc,marking     ] GC(123) Concurrent Mark From Roots
[2026-04-03T02:23:07.549+0600][38.839s][info][gc,task        ] GC(123) Using 3 workers of 3 for marking
[2026-04-03T02:23:07.637+0600][38.926s][info][gc,marking     ] GC(123) Concurrent Mark From Roots 87.920ms
[2026-04-03T02:23:07.637+0600][38.927s][info][gc,marking     ] GC(123) Concurrent Preclean
[2026-04-03T02:23:07.637+0600][38.927s][info][gc,marking     ] GC(123) Concurrent Preclean 0.311ms
[2026-04-03T02:23:07.638+0600][38.927s][info][gc,start       ] GC(123) Pause Remark
[2026-04-03T02:23:07.647+0600][38.937s][info][gc             ] GC(123) Pause Remark 181M->181M(407M) 9.315ms
[2026-04-03T02:23:07.647+0600][38.937s][info][gc,cpu         ] GC(123) User=0.07s Sys=0.00s Real=0.01s
[2026-04-03T02:23:07.647+0600][38.937s][info][gc,marking     ] GC(123) Concurrent Mark 98.453ms
[2026-04-03T02:23:07.647+0600][38.937s][info][gc,marking     ] GC(123) Concurrent Rebuild Remembered Sets and Scrub Regions
[2026-04-03T02:23:07.693+0600][38.983s][info][gc,marking     ] GC(123) Concurrent Rebuild Remembered Sets and Scrub Regions 45.649ms
[2026-04-03T02:23:07.694+0600][38.983s][info][gc,start       ] GC(123) Pause Cleanup
[2026-04-03T02:23:07.694+0600][38.984s][info][gc             ] GC(123) Pause Cleanup 241M->241M(407M) 0.481ms
[2026-04-03T02:23:07.694+0600][38.984s][info][gc,cpu         ] GC(123) User=0.00s Sys=0.00s Real=0.00s
[2026-04-03T02:23:07.694+0600][38.984s][info][gc,marking     ] GC(123) Concurrent Clear Claimed Marks
[2026-04-03T02:23:07.695+0600][38.984s][info][gc,marking     ] GC(123) Concurrent Clear Claimed Marks 0.384ms
[2026-04-03T02:23:07.695+0600][38.984s][info][gc,marking     ] GC(123) Concurrent Cleanup for Next Mark
[2026-04-03T02:23:07.696+0600][38.985s][info][gc,marking     ] GC(123) Concurrent Cleanup for Next Mark 0.924ms
[2026-04-03T02:23:07.696+0600][38.985s][info][gc             ] GC(123) Concurrent Mark Cycle 150.573ms
[2026-04-03T02:23:07.878+0600][39.167s][info][gc,start       ] GC(124) Pause Young (Prepare Mixed) (G1 Evacuation Pause)
[2026-04-03T02:23:07.878+0600][39.167s][info][gc,task        ] GC(124) Using 9 workers of 10 for evacuation
[2026-04-03T02:23:07.882+0600][39.172s][info][gc,phases      ] GC(124)   Pre Evacuate Collection Set: 0.37ms
[2026-04-03T02:23:07.882+0600][39.172s][info][gc,phases      ] GC(124)   Merge Heap Roots: 0.20ms
[2026-04-03T02:23:07.882+0600][39.172s][info][gc,phases      ] GC(124)   Evacuate Collection Set: 3.05ms
[2026-04-03T02:23:07.882+0600][39.172s][info][gc,phases      ] GC(124)   Post Evacuate Collection Set: 0.79ms
[2026-04-03T02:23:07.882+0600][39.172s][info][gc,phases      ] GC(124)   Other: 0.10ms
[2026-04-03T02:23:07.882+0600][39.172s][info][gc,heap        ] GC(124) Eden regions: 234->0(245)
[2026-04-03T02:23:07.882+0600][39.172s][info][gc,heap        ] GC(124) Survivor regions: 8->7(31)
[2026-04-03T02:23:07.882+0600][39.172s][info][gc,heap        ] GC(124) Old regions: 85->86
[2026-04-03T02:23:07.882+0600][39.172s][info][gc,heap        ] GC(124) Humongous regions: 85->8
[2026-04-03T02:23:07.882+0600][39.172s][info][gc,metaspace   ] GC(124) Metaspace: 130849K(132352K)->130849K(132352K) NonClass: 114316K(115008K)->114316K(115008K) Class: 16532K(17344K)->16532K(17344K)
[2026-04-03T02:23:07.882+0600][39.172s][info][gc             ] GC(124) Pause Young (Prepare Mixed) (G1 Evacuation Pause) 411M->98M(420M) 4.770ms
[2026-04-03T02:23:07.883+0600][39.172s][info][gc,cpu         ] GC(124) User=0.03s Sys=0.01s Real=0.01s
[2026-04-03T02:23:07.941+0600][39.231s][info][gc,start       ] GC(125) Pause Young (Mixed) (G1 Evacuation Pause)
[2026-04-03T02:23:07.941+0600][39.231s][info][gc,task        ] GC(125) Using 10 workers of 10 for evacuation
[2026-04-03T02:23:07.946+0600][39.236s][info][gc,phases      ] GC(125)   Pre Evacuate Collection Set: 0.41ms
[2026-04-03T02:23:07.946+0600][39.236s][info][gc,phases      ] GC(125)   Merge Heap Roots: 0.16ms
[2026-04-03T02:23:07.946+0600][39.236s][info][gc,phases      ] GC(125)   Evacuate Collection Set: 3.67ms
[2026-04-03T02:23:07.946+0600][39.236s][info][gc,phases      ] GC(125)   Post Evacuate Collection Set: 0.64ms
[2026-04-03T02:23:07.946+0600][39.236s][info][gc,phases      ] GC(125)   Other: 0.09ms
[2026-04-03T02:23:07.946+0600][39.236s][info][gc,heap        ] GC(125) Eden regions: 44->0(280)
[2026-04-03T02:23:07.946+0600][39.236s][info][gc,heap        ] GC(125) Survivor regions: 7->8(32)
[2026-04-03T02:23:07.946+0600][39.236s][info][gc,heap        ] GC(125) Old regions: 86->85
[2026-04-03T02:23:07.946+0600][39.236s][info][gc,heap        ] GC(125) Humongous regions: 335->15
[2026-04-03T02:23:07.946+0600][39.236s][info][gc,metaspace   ] GC(125) Metaspace: 130850K(132352K)->130850K(132352K) NonClass: 114317K(115008K)->114317K(115008K) Class: 16532K(17344K)->16532K(17344K)
[2026-04-03T02:23:07.946+0600][39.236s][info][gc             ] GC(125) Pause Young (Mixed) (G1 Evacuation Pause) 469M->106M(481M) 5.272ms
[2026-04-03T02:23:07.946+0600][39.236s][info][gc,cpu         ] GC(125) User=0.03s Sys=0.01s Real=0.00s
[2026-04-03T02:23:07.947+0600][39.237s][info][gc,start       ] GC(126) Pause Young (Concurrent Start) (G1 Humongous Allocation)
[2026-04-03T02:23:07.947+0600][39.237s][info][gc,task        ] GC(126) Using 10 workers of 10 for evacuation
[2026-04-03T02:23:07.951+0600][39.241s][info][gc,phases      ] GC(126)   Pre Evacuate Collection Set: 0.32ms
[2026-04-03T02:23:07.951+0600][39.241s][info][gc,phases      ] GC(126)   Merge Heap Roots: 0.14ms
[2026-04-03T02:23:07.951+0600][39.241s][info][gc,phases      ] GC(126)   Evacuate Collection Set: 2.19ms
[2026-04-03T02:23:07.951+0600][39.241s][info][gc,phases      ] GC(126)   Post Evacuate Collection Set: 0.59ms
[2026-04-03T02:23:07.951+0600][39.241s][info][gc,phases      ] GC(126)   Other: 0.19ms
[2026-04-03T02:23:07.951+0600][39.241s][info][gc,heap        ] GC(126) Eden regions: 2->0(281)
[2026-04-03T02:23:07.951+0600][39.241s][info][gc,heap        ] GC(126) Survivor regions: 8->7(36)
[2026-04-03T02:23:07.951+0600][39.241s][info][gc,heap        ] GC(126) Old regions: 85->86
[2026-04-03T02:23:07.951+0600][39.241s][info][gc,heap        ] GC(126) Humongous regions: 15->8
[2026-04-03T02:23:07.951+0600][39.241s][info][gc,metaspace   ] GC(126) Metaspace: 130850K(132352K)->130850K(132352K) NonClass: 114317K(115008K)->114317K(115008K) Class: 16532K(17344K)->16532K(17344K)
[2026-04-03T02:23:07.951+0600][39.241s][info][gc             ] GC(126) Pause Young (Concurrent Start) (G1 Humongous Allocation) 107M->98M(481M) 3.720ms
[2026-04-03T02:23:07.951+0600][39.241s][info][gc             ] GC(127) Concurrent Mark Cycle
[2026-04-03T02:23:07.951+0600][39.241s][info][gc,marking     ] GC(127) Concurrent Scan Root Regions
[2026-04-03T02:23:07.951+0600][39.241s][info][gc,cpu         ] GC(126) User=0.02s Sys=0.00s Real=0.01s
[2026-04-03T02:23:07.954+0600][39.243s][info][gc,marking     ] GC(127) Concurrent Scan Root Regions 2.597ms
[2026-04-03T02:23:07.954+0600][39.243s][info][gc,marking     ] GC(127) Concurrent Mark
[2026-04-03T02:23:07.954+0600][39.244s][info][gc,marking     ] GC(127) Concurrent Mark From Roots
[2026-04-03T02:23:07.954+0600][39.244s][info][gc,task        ] GC(127) Using 3 workers of 3 for marking
[2026-04-03T02:23:08.024+0600][39.313s][info][gc,marking     ] GC(127) Concurrent Mark From Roots 69.940ms
[2026-04-03T02:23:08.024+0600][39.314s][info][gc,marking     ] GC(127) Concurrent Preclean
[2026-04-03T02:23:08.024+0600][39.314s][info][gc,marking     ] GC(127) Concurrent Preclean 0.560ms
[2026-04-03T02:23:08.025+0600][39.314s][info][gc,start       ] GC(127) Pause Remark
[2026-04-03T02:23:08.034+0600][39.324s][info][gc             ] GC(127) Pause Remark 170M->170M(454M) 9.024ms
[2026-04-03T02:23:08.034+0600][39.324s][info][gc,cpu         ] GC(127) User=0.06s Sys=0.00s Real=0.01s
[2026-04-03T02:23:08.034+0600][39.324s][info][gc,marking     ] GC(127) Concurrent Mark 80.449ms
[2026-04-03T02:23:08.034+0600][39.324s][info][gc,marking     ] GC(127) Concurrent Rebuild Remembered Sets and Scrub Regions
[2026-04-03T02:23:08.072+0600][39.362s][info][gc,marking     ] GC(127) Concurrent Rebuild Remembered Sets and Scrub Regions 38.061ms
[2026-04-03T02:23:08.074+0600][39.363s][info][gc,start       ] GC(127) Pause Cleanup
[2026-04-03T02:23:08.074+0600][39.364s][info][gc             ] GC(127) Pause Cleanup 313M->313M(454M) 0.360ms
[2026-04-03T02:23:08.074+0600][39.364s][info][gc,cpu         ] GC(127) User=0.00s Sys=0.00s Real=0.00s
[2026-04-03T02:23:08.074+0600][39.364s][info][gc,marking     ] GC(127) Concurrent Clear Claimed Marks
[2026-04-03T02:23:08.075+0600][39.364s][info][gc,marking     ] GC(127) Concurrent Clear Claimed Marks 0.449ms
[2026-04-03T02:23:08.075+0600][39.364s][info][gc,marking     ] GC(127) Concurrent Cleanup for Next Mark
[2026-04-03T02:23:08.077+0600][39.366s][info][gc,marking     ] GC(127) Concurrent Cleanup for Next Mark 2.078ms
[2026-04-03T02:23:08.077+0600][39.367s][info][gc             ] GC(127) Concurrent Mark Cycle 125.762ms
[2026-04-03T02:23:08.121+0600][39.410s][info][gc,start       ] GC(128) Pause Young (Prepare Mixed) (G1 Evacuation Pause)
[2026-04-03T02:23:08.121+0600][39.410s][info][gc,task        ] GC(128) Using 10 workers of 10 for evacuation
[2026-04-03T02:23:08.125+0600][39.414s][info][gc,phases      ] GC(128)   Pre Evacuate Collection Set: 0.27ms
[2026-04-03T02:23:08.125+0600][39.414s][info][gc,phases      ] GC(128)   Merge Heap Roots: 0.17ms
[2026-04-03T02:23:08.125+0600][39.415s][info][gc,phases      ] GC(128)   Evacuate Collection Set: 2.84ms
[2026-04-03T02:23:08.125+0600][39.415s][info][gc,phases      ] GC(128)   Post Evacuate Collection Set: 0.72ms
[2026-04-03T02:23:08.125+0600][39.415s][info][gc,phases      ] GC(128)   Other: 0.09ms
[2026-04-03T02:23:08.125+0600][39.415s][info][gc,heap        ] GC(128) Eden regions: 61->0(319)
[2026-04-03T02:23:08.125+0600][39.415s][info][gc,heap        ] GC(128) Survivor regions: 7->6(34)
[2026-04-03T02:23:08.125+0600][39.415s][info][gc,heap        ] GC(128) Old regions: 86->87
[2026-04-03T02:23:08.125+0600][39.415s][info][gc,heap        ] GC(128) Humongous regions: 381->8
[2026-04-03T02:23:08.125+0600][39.415s][info][gc,metaspace   ] GC(128) Metaspace: 130860K(132352K)->130860K(132352K) NonClass: 114327K(115008K)->114327K(115008K) Class: 16533K(17344K)->16533K(17344K)
[2026-04-03T02:23:08.125+0600][39.415s][info][gc             ] GC(128) Pause Young (Prepare Mixed) (G1 Evacuation Pause) 532M->98M(542M) 4.339ms
[2026-04-03T02:23:08.125+0600][39.415s][info][gc,cpu         ] GC(128) User=0.02s Sys=0.01s Real=0.00s
[2026-04-03T02:23:08.672+0600][39.962s][info][gc,start       ] GC(129) Pause Young (Mixed) (GCLocker Initiated GC)
[2026-04-03T02:23:08.672+0600][39.962s][info][gc,task        ] GC(129) Using 10 workers of 10 for evacuation
[2026-04-03T02:23:08.678+0600][39.968s][info][gc,phases      ] GC(129)   Pre Evacuate Collection Set: 0.33ms
[2026-04-03T02:23:08.678+0600][39.968s][info][gc,phases      ] GC(129)   Merge Heap Roots: 0.24ms
[2026-04-03T02:23:08.678+0600][39.968s][info][gc,phases      ] GC(129)   Evacuate Collection Set: 4.85ms
[2026-04-03T02:23:08.678+0600][39.968s][info][gc,phases      ] GC(129)   Post Evacuate Collection Set: 0.74ms
[2026-04-03T02:23:08.678+0600][39.968s][info][gc,phases      ] GC(129)   Other: 0.14ms
[2026-04-03T02:23:08.678+0600][39.968s][info][gc,heap        ] GC(129) Eden regions: 305->0(322)
[2026-04-03T02:23:08.678+0600][39.968s][info][gc,heap        ] GC(129) Survivor regions: 6->9(41)
[2026-04-03T02:23:08.678+0600][39.968s][info][gc,heap        ] GC(129) Old regions: 87->86
[2026-04-03T02:23:08.678+0600][39.968s][info][gc,heap        ] GC(129) Humongous regions: 144->8
[2026-04-03T02:23:08.678+0600][39.968s][info][gc,metaspace   ] GC(129) Metaspace: 130876K(132416K)->130876K(132416K) NonClass: 114342K(115072K)->114342K(115072K) Class: 16533K(17344K)->16533K(17344K)
[2026-04-03T02:23:08.679+0600][39.968s][info][gc             ] GC(129) Pause Young (Mixed) (GCLocker Initiated GC) 539M->101M(552M) 6.626ms
[2026-04-03T02:23:08.679+0600][39.968s][info][gc,cpu         ] GC(129) User=0.05s Sys=0.01s Real=0.00s
[2026-04-03T02:23:08.687+0600][39.977s][info][gc,start       ] GC(130) Pause Young (Concurrent Start) (G1 Humongous Allocation)
[2026-04-03T02:23:08.687+0600][39.977s][info][gc,task        ] GC(130) Using 10 workers of 10 for evacuation
[2026-04-03T02:23:08.692+0600][39.982s][info][gc,phases      ] GC(130)   Pre Evacuate Collection Set: 0.36ms
[2026-04-03T02:23:08.692+0600][39.982s][info][gc,phases      ] GC(130)   Merge Heap Roots: 0.17ms
[2026-04-03T02:23:08.692+0600][39.982s][info][gc,phases      ] GC(130)   Evacuate Collection Set: 3.41ms
[2026-04-03T02:23:08.692+0600][39.982s][info][gc,phases      ] GC(130)   Post Evacuate Collection Set: 0.55ms
[2026-04-03T02:23:08.692+0600][39.982s][info][gc,phases      ] GC(130)   Other: 0.14ms
[2026-04-03T02:23:08.692+0600][39.982s][info][gc,heap        ] GC(130) Eden regions: 11->0(320)
[2026-04-03T02:23:08.692+0600][39.982s][info][gc,heap        ] GC(130) Survivor regions: 9->11(42)
[2026-04-03T02:23:08.692+0600][39.982s][info][gc,heap        ] GC(130) Old regions: 86->86
[2026-04-03T02:23:08.692+0600][39.982s][info][gc,heap        ] GC(130) Humongous regions: 8->8
[2026-04-03T02:23:08.692+0600][39.982s][info][gc,metaspace   ] GC(130) Metaspace: 130876K(132416K)->130876K(132416K) NonClass: 114342K(115072K)->114342K(115072K) Class: 16533K(17344K)->16533K(17344K)
[2026-04-03T02:23:08.692+0600][39.982s][info][gc             ] GC(130) Pause Young (Concurrent Start) (G1 Humongous Allocation) 112M->103M(552M) 4.924ms
[2026-04-03T02:23:08.692+0600][39.982s][info][gc             ] GC(131) Concurrent Mark Cycle
[2026-04-03T02:23:08.692+0600][39.982s][info][gc,marking     ] GC(131) Concurrent Scan Root Regions
[2026-04-03T02:23:08.692+0600][39.982s][info][gc,cpu         ] GC(130) User=0.04s Sys=0.00s Real=0.01s
[2026-04-03T02:23:08.695+0600][39.985s][info][gc,marking     ] GC(131) Concurrent Scan Root Regions 3.005ms
[2026-04-03T02:23:08.695+0600][39.985s][info][gc,marking     ] GC(131) Concurrent Mark
[2026-04-03T02:23:08.695+0600][39.985s][info][gc,marking     ] GC(131) Concurrent Mark From Roots
[2026-04-03T02:23:08.695+0600][39.985s][info][gc,task        ] GC(131) Using 3 workers of 3 for marking
[2026-04-03T02:23:08.779+0600][40.068s][info][gc,marking     ] GC(131) Concurrent Mark From Roots 83.171ms
[2026-04-03T02:23:08.779+0600][40.068s][info][gc,marking     ] GC(131) Concurrent Preclean
[2026-04-03T02:23:08.779+0600][40.069s][info][gc,marking     ] GC(131) Concurrent Preclean 0.360ms
[2026-04-03T02:23:08.779+0600][40.069s][info][gc,start       ] GC(131) Pause Remark
[2026-04-03T02:23:08.789+0600][40.078s][info][gc             ] GC(131) Pause Remark 188M->188M(490M) 9.359ms
[2026-04-03T02:23:08.789+0600][40.079s][info][gc,cpu         ] GC(131) User=0.07s Sys=0.01s Real=0.01s
[2026-04-03T02:23:08.790+0600][40.079s][info][gc,marking     ] GC(131) Concurrent Mark 94.103ms
[2026-04-03T02:23:08.790+0600][40.079s][info][gc,marking     ] GC(131) Concurrent Rebuild Remembered Sets and Scrub Regions
[2026-04-03T02:23:08.833+0600][40.123s][info][gc,marking     ] GC(131) Concurrent Rebuild Remembered Sets and Scrub Regions 43.689ms
[2026-04-03T02:23:08.834+0600][40.123s][info][gc,start       ] GC(131) Pause Cleanup
[2026-04-03T02:23:08.834+0600][40.124s][info][gc             ] GC(131) Pause Cleanup 225M->225M(490M) 0.426ms
[2026-04-03T02:23:08.834+0600][40.124s][info][gc,cpu         ] GC(131) User=0.00s Sys=0.00s Real=0.00s
[2026-04-03T02:23:08.835+0600][40.124s][info][gc,marking     ] GC(131) Concurrent Clear Claimed Marks
[2026-04-03T02:23:08.835+0600][40.125s][info][gc,marking     ] GC(131) Concurrent Clear Claimed Marks 0.345ms
[2026-04-03T02:23:08.835+0600][40.125s][info][gc,marking     ] GC(131) Concurrent Cleanup for Next Mark
[2026-04-03T02:23:08.836+0600][40.126s][info][gc,marking     ] GC(131) Concurrent Cleanup for Next Mark 1.522ms
[2026-04-03T02:23:08.837+0600][40.126s][info][gc             ] GC(131) Concurrent Mark Cycle 144.257ms
[2026-04-03T02:23:09.078+0600][40.367s][info][gc,start       ] GC(132) Pause Young (Prepare Mixed) (G1 Evacuation Pause)
[2026-04-03T02:23:09.078+0600][40.367s][info][gc,task        ] GC(132) Using 10 workers of 10 for evacuation
[2026-04-03T02:23:09.083+0600][40.373s][info][gc,phases      ] GC(132)   Pre Evacuate Collection Set: 0.41ms
[2026-04-03T02:23:09.083+0600][40.373s][info][gc,phases      ] GC(132)   Merge Heap Roots: 0.21ms
[2026-04-03T02:23:09.083+0600][40.373s][info][gc,phases      ] GC(132)   Evacuate Collection Set: 3.86ms
[2026-04-03T02:23:09.083+0600][40.373s][info][gc,phases      ] GC(132)   Post Evacuate Collection Set: 0.82ms
[2026-04-03T02:23:09.083+0600][40.373s][info][gc,phases      ] GC(132)   Other: 0.12ms
[2026-04-03T02:23:09.083+0600][40.373s][info][gc,heap        ] GC(132) Eden regions: 215->0(302)
[2026-04-03T02:23:09.083+0600][40.373s][info][gc,heap        ] GC(132) Survivor regions: 11->8(37)
[2026-04-03T02:23:09.083+0600][40.373s][info][gc,heap        ] GC(132) Old regions: 86->87
[2026-04-03T02:23:09.083+0600][40.373s][info][gc,heap        ] GC(132) Humongous regions: 197->8
[2026-04-03T02:23:09.083+0600][40.373s][info][gc,metaspace   ] GC(132) Metaspace: 130877K(132416K)->130877K(132416K) NonClass: 114343K(115072K)->114343K(115072K) Class: 16533K(17344K)->16533K(17344K)
[2026-04-03T02:23:09.083+0600][40.373s][info][gc             ] GC(132) Pause Young (Prepare Mixed) (G1 Evacuation Pause) 507M->100M(518M) 5.809ms
[2026-04-03T02:23:09.083+0600][40.373s][info][gc,cpu         ] GC(132) User=0.03s Sys=0.02s Real=0.01s
[2026-04-03T02:23:09.436+0600][40.726s][info][gc,start       ] GC(133) Pause Young (Mixed) (GCLocker Initiated GC)
[2026-04-03T02:23:09.437+0600][40.726s][info][gc,task        ] GC(133) Using 10 workers of 10 for evacuation
[2026-04-03T02:23:09.445+0600][40.735s][info][gc,phases      ] GC(133)   Pre Evacuate Collection Set: 0.46ms
[2026-04-03T02:23:09.445+0600][40.735s][info][gc,phases      ] GC(133)   Merge Heap Roots: 0.45ms
[2026-04-03T02:23:09.445+0600][40.735s][info][gc,phases      ] GC(133)   Evacuate Collection Set: 6.56ms
[2026-04-03T02:23:09.445+0600][40.735s][info][gc,phases      ] GC(133)   Post Evacuate Collection Set: 0.84ms
[2026-04-03T02:23:09.445+0600][40.735s][info][gc,phases      ] GC(133)   Other: 0.13ms
[2026-04-03T02:23:09.445+0600][40.735s][info][gc,heap        ] GC(133) Eden regions: 247->0(306)
[2026-04-03T02:23:09.445+0600][40.735s][info][gc,heap        ] GC(133) Survivor regions: 8->11(39)
[2026-04-03T02:23:09.445+0600][40.735s][info][gc,heap        ] GC(133) Old regions: 87->85
[2026-04-03T02:23:09.445+0600][40.735s][info][gc,heap        ] GC(133) Humongous regions: 176->8
[2026-04-03T02:23:09.445+0600][40.735s][info][gc,metaspace   ] GC(133) Metaspace: 130879K(132416K)->130879K(132416K) NonClass: 114346K(115072K)->114346K(115072K) Class: 16533K(17344K)->16533K(17344K)
[2026-04-03T02:23:09.445+0600][40.735s][info][gc             ] GC(133) Pause Young (Mixed) (GCLocker Initiated GC) 515M->102M(529M) 8.833ms
[2026-04-03T02:23:09.445+0600][40.735s][info][gc,cpu         ] GC(133) User=0.04s Sys=0.02s Real=0.01s
[2026-04-03T02:23:09.449+0600][40.738s][info][gc,start       ] GC(134) Pause Young (Concurrent Start) (GCLocker Initiated GC)
[2026-04-03T02:23:09.449+0600][40.738s][info][gc,task        ] GC(134) Using 10 workers of 10 for evacuation
[2026-04-03T02:23:09.454+0600][40.743s][info][gc,phases      ] GC(134)   Pre Evacuate Collection Set: 0.28ms
[2026-04-03T02:23:09.454+0600][40.743s][info][gc,phases      ] GC(134)   Merge Heap Roots: 0.14ms
[2026-04-03T02:23:09.454+0600][40.743s][info][gc,phases      ] GC(134)   Evacuate Collection Set: 3.56ms
[2026-04-03T02:23:09.454+0600][40.743s][info][gc,phases      ] GC(134)   Post Evacuate Collection Set: 0.65ms
[2026-04-03T02:23:09.454+0600][40.743s][info][gc,phases      ] GC(134)   Other: 0.15ms
[2026-04-03T02:23:09.454+0600][40.743s][info][gc,heap        ] GC(134) Eden regions: 5->0(307)
[2026-04-03T02:23:09.454+0600][40.743s][info][gc,heap        ] GC(134) Survivor regions: 11->10(40)
[2026-04-03T02:23:09.454+0600][40.744s][info][gc,heap        ] GC(134) Old regions: 85->85
[2026-04-03T02:23:09.454+0600][40.744s][info][gc,heap        ] GC(134) Humongous regions: 8->8
[2026-04-03T02:23:09.454+0600][40.744s][info][gc,metaspace   ] GC(134) Metaspace: 130880K(132416K)->130880K(132416K) NonClass: 114347K(115072K)->114347K(115072K) Class: 16533K(17344K)->16533K(17344K)
[2026-04-03T02:23:09.454+0600][40.744s][info][gc             ] GC(134) Pause Young (Concurrent Start) (GCLocker Initiated GC) 106M->102M(529M) 5.235ms
[2026-04-03T02:23:09.454+0600][40.744s][info][gc             ] GC(135) Concurrent Mark Cycle
[2026-04-03T02:23:09.454+0600][40.744s][info][gc,marking     ] GC(135) Concurrent Scan Root Regions
[2026-04-03T02:23:09.454+0600][40.744s][info][gc,cpu         ] GC(134) User=0.04s Sys=0.00s Real=0.01s
[2026-04-03T02:23:09.458+0600][40.748s][info][gc,marking     ] GC(135) Concurrent Scan Root Regions 4.264ms
[2026-04-03T02:23:09.458+0600][40.748s][info][gc,marking     ] GC(135) Concurrent Mark
[2026-04-03T02:23:09.458+0600][40.748s][info][gc,marking     ] GC(135) Concurrent Mark From Roots
[2026-04-03T02:23:09.458+0600][40.748s][info][gc,task        ] GC(135) Using 3 workers of 3 for marking
[2026-04-03T02:23:09.542+0600][40.832s][info][gc,marking     ] GC(135) Concurrent Mark From Roots 83.536ms
[2026-04-03T02:23:09.542+0600][40.832s][info][gc,marking     ] GC(135) Concurrent Preclean
[2026-04-03T02:23:09.543+0600][40.832s][info][gc,marking     ] GC(135) Concurrent Preclean 0.459ms
[2026-04-03T02:23:09.543+0600][40.833s][info][gc,start       ] GC(135) Pause Remark
[2026-04-03T02:23:09.552+0600][40.841s][info][gc             ] GC(135) Pause Remark 174M->174M(420M) 8.736ms
[2026-04-03T02:23:09.552+0600][40.842s][info][gc,cpu         ] GC(135) User=0.07s Sys=0.01s Real=0.01s
[2026-04-03T02:23:09.552+0600][40.842s][info][gc,marking     ] GC(135) Concurrent Mark 93.635ms
[2026-04-03T02:23:09.552+0600][40.842s][info][gc,marking     ] GC(135) Concurrent Rebuild Remembered Sets and Scrub Regions
[2026-04-03T02:23:09.582+0600][40.872s][info][gc,marking     ] GC(135) Concurrent Rebuild Remembered Sets and Scrub Regions 29.996ms
[2026-04-03T02:23:09.583+0600][40.872s][info][gc,start       ] GC(135) Pause Cleanup
[2026-04-03T02:23:09.583+0600][40.873s][info][gc             ] GC(135) Pause Cleanup 205M->205M(420M) 0.359ms
[2026-04-03T02:23:09.583+0600][40.873s][info][gc,cpu         ] GC(135) User=0.00s Sys=0.00s Real=0.00s
[2026-04-03T02:23:09.583+0600][40.873s][info][gc,marking     ] GC(135) Concurrent Clear Claimed Marks
[2026-04-03T02:23:09.583+0600][40.873s][info][gc,marking     ] GC(135) Concurrent Clear Claimed Marks 0.273ms
[2026-04-03T02:23:09.583+0600][40.873s][info][gc,marking     ] GC(135) Concurrent Cleanup for Next Mark
[2026-04-03T02:23:09.584+0600][40.874s][info][gc,marking     ] GC(135) Concurrent Cleanup for Next Mark 0.630ms
[2026-04-03T02:23:09.584+0600][40.874s][info][gc             ] GC(135) Concurrent Mark Cycle 130.176ms
[2026-04-03T02:23:09.807+0600][41.097s][info][gc,start       ] GC(136) Pause Young (Prepare Mixed) (G1 Evacuation Pause)
[2026-04-03T02:23:09.807+0600][41.097s][info][gc,task        ] GC(136) Using 10 workers of 10 for evacuation
[2026-04-03T02:23:09.815+0600][41.105s][info][gc,phases      ] GC(136)   Pre Evacuate Collection Set: 0.38ms
[2026-04-03T02:23:09.815+0600][41.105s][info][gc,phases      ] GC(136)   Merge Heap Roots: 0.28ms
[2026-04-03T02:23:09.815+0600][41.105s][info][gc,phases      ] GC(136)   Evacuate Collection Set: 6.24ms
[2026-04-03T02:23:09.815+0600][41.105s][info][gc,phases      ] GC(136)   Post Evacuate Collection Set: 1.02ms
[2026-04-03T02:23:09.815+0600][41.105s][info][gc,phases      ] GC(136)   Other: 0.14ms
[2026-04-03T02:23:09.815+0600][41.105s][info][gc,heap        ] GC(136) Eden regions: 213->0(248)
[2026-04-03T02:23:09.815+0600][41.105s][info][gc,heap        ] GC(136) Survivor regions: 10->10(32)
[2026-04-03T02:23:09.815+0600][41.105s][info][gc,heap        ] GC(136) Old regions: 85->86
[2026-04-03T02:23:09.815+0600][41.105s][info][gc,heap        ] GC(136) Humongous regions: 112->8
[2026-04-03T02:23:09.815+0600][41.105s][info][gc,metaspace   ] GC(136) Metaspace: 130973K(132480K)->130973K(132480K) NonClass: 114424K(115136K)->114424K(115136K) Class: 16549K(17344K)->16549K(17344K)
[2026-04-03T02:23:09.815+0600][41.105s][info][gc             ] GC(136) Pause Young (Prepare Mixed) (G1 Evacuation Pause) 419M->103M(431M) 8.403ms
[2026-04-03T02:23:09.816+0600][41.105s][info][gc,cpu         ] GC(136) User=0.05s Sys=0.02s Real=0.01s
[2026-04-03T02:23:10.052+0600][41.342s][info][gc,start       ] GC(137) Pause Young (Mixed) (G1 Evacuation Pause)
[2026-04-03T02:23:10.052+0600][41.342s][info][gc,task        ] GC(137) Using 10 workers of 10 for evacuation
[2026-04-03T02:23:10.057+0600][41.347s][info][gc,phases      ] GC(137)   Pre Evacuate Collection Set: 0.24ms
[2026-04-03T02:23:10.057+0600][41.347s][info][gc,phases      ] GC(137)   Merge Heap Roots: 0.16ms
[2026-04-03T02:23:10.057+0600][41.347s][info][gc,phases      ] GC(137)   Evacuate Collection Set: 4.07ms
[2026-04-03T02:23:10.057+0600][41.347s][info][gc,phases      ] GC(137)   Post Evacuate Collection Set: 0.69ms
[2026-04-03T02:23:10.057+0600][41.347s][info][gc,phases      ] GC(137)   Other: 0.09ms
[2026-04-03T02:23:10.057+0600][41.347s][info][gc,heap        ] GC(137) Eden regions: 198->0(305)
[2026-04-03T02:23:10.057+0600][41.347s][info][gc,heap        ] GC(137) Survivor regions: 10->11(33)
[2026-04-03T02:23:10.057+0600][41.347s][info][gc,heap        ] GC(137) Old regions: 86->85
[2026-04-03T02:23:10.057+0600][41.347s][info][gc,heap        ] GC(137) Humongous regions: 222->23
[2026-04-03T02:23:10.057+0600][41.347s][info][gc,metaspace   ] GC(137) Metaspace: 130999K(132480K)->130999K(132480K) NonClass: 114450K(115136K)->114450K(115136K) Class: 16549K(17344K)->16549K(17344K)
[2026-04-03T02:23:10.057+0600][41.347s][info][gc             ] GC(137) Pause Young (Mixed) (G1 Evacuation Pause) 515M->117M(528M) 5.503ms
[2026-04-03T02:23:10.057+0600][41.347s][info][gc,cpu         ] GC(137) User=0.04s Sys=0.01s Real=0.00s
[2026-04-03T02:23:10.058+0600][41.348s][info][gc,start       ] GC(138) Pause Young (Concurrent Start) (G1 Humongous Allocation)
[2026-04-03T02:23:10.058+0600][41.348s][info][gc,task        ] GC(138) Using 10 workers of 10 for evacuation
[2026-04-03T02:23:10.063+0600][41.353s][info][gc,phases      ] GC(138)   Pre Evacuate Collection Set: 0.27ms
[2026-04-03T02:23:10.063+0600][41.353s][info][gc,phases      ] GC(138)   Merge Heap Roots: 0.08ms
[2026-04-03T02:23:10.063+0600][41.353s][info][gc,phases      ] GC(138)   Evacuate Collection Set: 3.78ms
[2026-04-03T02:23:10.063+0600][41.353s][info][gc,phases      ] GC(138)   Post Evacuate Collection Set: 0.57ms
[2026-04-03T02:23:10.063+0600][41.353s][info][gc,phases      ] GC(138)   Other: 0.12ms
[2026-04-03T02:23:10.063+0600][41.353s][info][gc,heap        ] GC(138) Eden regions: 3->0(305)
[2026-04-03T02:23:10.063+0600][41.353s][info][gc,heap        ] GC(138) Survivor regions: 11->11(40)
[2026-04-03T02:23:10.063+0600][41.353s][info][gc,heap        ] GC(138) Old regions: 85->85
[2026-04-03T02:23:10.063+0600][41.353s][info][gc,heap        ] GC(138) Humongous regions: 23->8
[2026-04-03T02:23:10.063+0600][41.353s][info][gc,metaspace   ] GC(138) Metaspace: 130999K(132480K)->130999K(132480K) NonClass: 114450K(115136K)->114450K(115136K) Class: 16549K(17344K)->16549K(17344K)
[2026-04-03T02:23:10.063+0600][41.353s][info][gc             ] GC(138) Pause Young (Concurrent Start) (G1 Humongous Allocation) 119M->102M(528M) 5.116ms
[2026-04-03T02:23:10.063+0600][41.353s][info][gc             ] GC(139) Concurrent Mark Cycle
[2026-04-03T02:23:10.063+0600][41.353s][info][gc,cpu         ] GC(138) User=0.03s Sys=0.00s Real=0.01s
[2026-04-03T02:23:10.063+0600][41.353s][info][gc,marking     ] GC(139) Concurrent Scan Root Regions
[2026-04-03T02:23:10.066+0600][41.355s][info][gc,marking     ] GC(139) Concurrent Scan Root Regions 2.377ms
[2026-04-03T02:23:10.066+0600][41.355s][info][gc,marking     ] GC(139) Concurrent Mark
[2026-04-03T02:23:10.066+0600][41.355s][info][gc,marking     ] GC(139) Concurrent Mark From Roots
[2026-04-03T02:23:10.066+0600][41.355s][info][gc,task        ] GC(139) Using 3 workers of 3 for marking
[2026-04-03T02:23:10.158+0600][41.447s][info][gc,marking     ] GC(139) Concurrent Mark From Roots 91.748ms
[2026-04-03T02:23:10.158+0600][41.447s][info][gc,marking     ] GC(139) Concurrent Preclean
[2026-04-03T02:23:10.158+0600][41.448s][info][gc,marking     ] GC(139) Concurrent Preclean 0.592ms
[2026-04-03T02:23:10.159+0600][41.448s][info][gc,start       ] GC(139) Pause Remark
[2026-04-03T02:23:10.167+0600][41.456s][info][gc             ] GC(139) Pause Remark 359M->359M(528M) 7.840ms
[2026-04-03T02:23:10.167+0600][41.456s][info][gc,cpu         ] GC(139) User=0.05s Sys=0.00s Real=0.01s
[2026-04-03T02:23:10.167+0600][41.457s][info][gc,marking     ] GC(139) Concurrent Mark 101.185ms
[2026-04-03T02:23:10.167+0600][41.457s][info][gc,marking     ] GC(139) Concurrent Rebuild Remembered Sets and Scrub Regions
[2026-04-03T02:23:10.198+0600][41.488s][info][gc,marking     ] GC(139) Concurrent Rebuild Remembered Sets and Scrub Regions 31.407ms
[2026-04-03T02:23:10.199+0600][41.489s][info][gc,start       ] GC(139) Pause Cleanup
[2026-04-03T02:23:10.200+0600][41.489s][info][gc             ] GC(139) Pause Cleanup 514M->514M(528M) 0.443ms
[2026-04-03T02:23:10.200+0600][41.489s][info][gc,cpu         ] GC(139) User=0.00s Sys=0.00s Real=0.01s
[2026-04-03T02:23:10.200+0600][41.490s][info][gc,marking     ] GC(139) Concurrent Clear Claimed Marks
[2026-04-03T02:23:10.200+0600][41.490s][info][gc,marking     ] GC(139) Concurrent Clear Claimed Marks 0.372ms
[2026-04-03T02:23:10.200+0600][41.490s][info][gc,marking     ] GC(139) Concurrent Cleanup for Next Mark
[2026-04-03T02:23:10.202+0600][41.492s][info][gc,marking     ] GC(139) Concurrent Cleanup for Next Mark 1.643ms
[2026-04-03T02:23:10.202+0600][41.492s][info][gc             ] GC(139) Concurrent Mark Cycle 138.827ms
[2026-04-03T02:23:10.236+0600][41.525s][info][gc,start       ] GC(140) Pause Young (Prepare Mixed) (G1 Evacuation Pause)
[2026-04-03T02:23:10.236+0600][41.525s][info][gc,task        ] GC(140) Using 10 workers of 10 for evacuation
[2026-04-03T02:23:10.241+0600][41.531s][info][gc,phases      ] GC(140)   Pre Evacuate Collection Set: 0.42ms
[2026-04-03T02:23:10.241+0600][41.531s][info][gc,phases      ] GC(140)   Merge Heap Roots: 0.21ms
[2026-04-03T02:23:10.241+0600][41.531s][info][gc,phases      ] GC(140)   Evacuate Collection Set: 3.62ms
[2026-04-03T02:23:10.241+0600][41.531s][info][gc,phases      ] GC(140)   Post Evacuate Collection Set: 1.07ms
[2026-04-03T02:23:10.241+0600][41.531s][info][gc,phases      ] GC(140)   Other: 0.11ms
[2026-04-03T02:23:10.241+0600][41.531s][info][gc,heap        ] GC(140) Eden regions: 70->0(400)
[2026-04-03T02:23:10.241+0600][41.531s][info][gc,heap        ] GC(140) Survivor regions: 11->8(45)
[2026-04-03T02:23:10.241+0600][41.531s][info][gc,heap        ] GC(140) Old regions: 85->85
[2026-04-03T02:23:10.241+0600][41.531s][info][gc,heap        ] GC(140) Humongous regions: 507->23
[2026-04-03T02:23:10.241+0600][41.531s][info][gc,metaspace   ] GC(140) Metaspace: 131012K(132480K)->131012K(132480K) NonClass: 114463K(115136K)->114463K(115136K) Class: 16549K(17344K)->16549K(17344K)
[2026-04-03T02:23:10.241+0600][41.531s][info][gc             ] GC(140) Pause Young (Prepare Mixed) (G1 Evacuation Pause) 671M->114M(681M) 5.695ms
[2026-04-03T02:23:10.242+0600][41.531s][info][gc,cpu         ] GC(140) User=0.03s Sys=0.02s Real=0.01s
[2026-04-03T02:23:10.842+0600][42.132s][info][gc,start       ] GC(141) Pause Young (Mixed) (G1 Evacuation Pause)
[2026-04-03T02:23:10.842+0600][42.132s][info][gc,task        ] GC(141) Using 10 workers of 10 for evacuation
[2026-04-03T02:23:10.848+0600][42.137s][info][gc,phases      ] GC(141)   Pre Evacuate Collection Set: 0.37ms
[2026-04-03T02:23:10.848+0600][42.137s][info][gc,phases      ] GC(141)   Merge Heap Roots: 0.19ms
[2026-04-03T02:23:10.848+0600][42.137s][info][gc,phases      ] GC(141)   Evacuate Collection Set: 4.12ms
[2026-04-03T02:23:10.848+0600][42.137s][info][gc,phases      ] GC(141)   Post Evacuate Collection Set: 0.69ms
[2026-04-03T02:23:10.848+0600][42.137s][info][gc,phases      ] GC(141)   Other: 0.10ms
[2026-04-03T02:23:10.848+0600][42.137s][info][gc,heap        ] GC(141) Eden regions: 351->0(411)
[2026-04-03T02:23:10.848+0600][42.137s][info][gc,heap        ] GC(141) Survivor regions: 8->7(51)
[2026-04-03T02:23:10.848+0600][42.137s][info][gc,heap        ] GC(141) Old regions: 85->85
[2026-04-03T02:23:10.848+0600][42.137s][info][gc,heap        ] GC(141) Humongous regions: 244->8
[2026-04-03T02:23:10.848+0600][42.137s][info][gc,metaspace   ] GC(141) Metaspace: 131049K(132544K)->131049K(132544K) NonClass: 114499K(115200K)->114499K(115200K) Class: 16549K(17344K)->16549K(17344K)
[2026-04-03T02:23:10.848+0600][42.137s][info][gc             ] GC(141) Pause Young (Mixed) (G1 Evacuation Pause) 686M->98M(697M) 5.746ms
[2026-04-03T02:23:10.848+0600][42.138s][info][gc,cpu         ] GC(141) User=0.03s Sys=0.01s Real=0.00s
[2026-04-03T02:23:10.863+0600][42.152s][info][gc,start       ] GC(142) Pause Young (Concurrent Start) (G1 Humongous Allocation)
[2026-04-03T02:23:10.863+0600][42.152s][info][gc,task        ] GC(142) Using 10 workers of 10 for evacuation
[2026-04-03T02:23:10.868+0600][42.157s][info][gc,phases      ] GC(142)   Pre Evacuate Collection Set: 0.61ms
[2026-04-03T02:23:10.868+0600][42.157s][info][gc,phases      ] GC(142)   Merge Heap Roots: 0.19ms
[2026-04-03T02:23:10.868+0600][42.157s][info][gc,phases      ] GC(142)   Evacuate Collection Set: 3.01ms
[2026-04-03T02:23:10.868+0600][42.157s][info][gc,phases      ] GC(142)   Post Evacuate Collection Set: 0.63ms
[2026-04-03T02:23:10.868+0600][42.157s][info][gc,phases      ] GC(142)   Other: 0.26ms
[2026-04-03T02:23:10.868+0600][42.157s][info][gc,heap        ] GC(142) Eden regions: 15->0(410)
[2026-04-03T02:23:10.868+0600][42.157s][info][gc,heap        ] GC(142) Survivor regions: 7->8(53)
[2026-04-03T02:23:10.868+0600][42.157s][info][gc,heap        ] GC(142) Old regions: 85->86
[2026-04-03T02:23:10.868+0600][42.157s][info][gc,heap        ] GC(142) Humongous regions: 8->8
[2026-04-03T02:23:10.868+0600][42.157s][info][gc,metaspace   ] GC(142) Metaspace: 131049K(132544K)->131049K(132544K) NonClass: 114499K(115200K)->114499K(115200K) Class: 16549K(17344K)->16549K(17344K)
[2026-04-03T02:23:10.868+0600][42.157s][info][gc             ] GC(142) Pause Young (Concurrent Start) (G1 Humongous Allocation) 113M->99M(697M) 5.055ms
[2026-04-03T02:23:10.868+0600][42.157s][info][gc             ] GC(143) Concurrent Mark Cycle
[2026-04-03T02:23:10.868+0600][42.158s][info][gc,marking     ] GC(143) Concurrent Scan Root Regions
[2026-04-03T02:23:10.868+0600][42.158s][info][gc,cpu         ] GC(142) User=0.03s Sys=0.00s Real=0.00s
[2026-04-03T02:23:10.871+0600][42.160s][info][gc,marking     ] GC(143) Concurrent Scan Root Regions 2.691ms
[2026-04-03T02:23:10.871+0600][42.160s][info][gc,marking     ] GC(143) Concurrent Mark
[2026-04-03T02:23:10.871+0600][42.160s][info][gc,marking     ] GC(143) Concurrent Mark From Roots
[2026-04-03T02:23:10.871+0600][42.160s][info][gc,task        ] GC(143) Using 3 workers of 3 for marking
[2026-04-03T02:23:10.957+0600][42.247s][info][gc,marking     ] GC(143) Concurrent Mark From Roots 86.765ms
[2026-04-03T02:23:10.957+0600][42.247s][info][gc,marking     ] GC(143) Concurrent Preclean
[2026-04-03T02:23:10.958+0600][42.248s][info][gc,marking     ] GC(143) Concurrent Preclean 0.507ms
[2026-04-03T02:23:10.958+0600][42.248s][info][gc,start       ] GC(143) Pause Remark
[2026-04-03T02:23:10.967+0600][42.257s][info][gc             ] GC(143) Pause Remark 212M->212M(520M) 9.027ms
[2026-04-03T02:23:10.968+0600][42.257s][info][gc,cpu         ] GC(143) User=0.06s Sys=0.00s Real=0.01s
[2026-04-03T02:23:10.968+0600][42.257s][info][gc,marking     ] GC(143) Concurrent Mark 97.120ms
[2026-04-03T02:23:10.968+0600][42.257s][info][gc,marking     ] GC(143) Concurrent Rebuild Remembered Sets and Scrub Regions
[2026-04-03T02:23:11.001+0600][42.290s][info][gc,marking     ] GC(143) Concurrent Rebuild Remembered Sets and Scrub Regions 32.797ms
[2026-04-03T02:23:11.001+0600][42.291s][info][gc,start       ] GC(143) Pause Cleanup
[2026-04-03T02:23:11.001+0600][42.291s][info][gc             ] GC(143) Pause Cleanup 242M->242M(520M) 0.483ms
[2026-04-03T02:23:11.002+0600][42.291s][info][gc,cpu         ] GC(143) User=0.00s Sys=0.00s Real=0.00s
[2026-04-03T02:23:11.002+0600][42.291s][info][gc,marking     ] GC(143) Concurrent Clear Claimed Marks
[2026-04-03T02:23:11.002+0600][42.292s][info][gc,marking     ] GC(143) Concurrent Clear Claimed Marks 0.411ms
[2026-04-03T02:23:11.002+0600][42.292s][info][gc,marking     ] GC(143) Concurrent Cleanup for Next Mark
[2026-04-03T02:23:11.003+0600][42.293s][info][gc,marking     ] GC(143) Concurrent Cleanup for Next Mark 1.213ms
[2026-04-03T02:23:11.003+0600][42.293s][info][gc             ] GC(143) Concurrent Mark Cycle 135.661ms
[2026-04-03T02:23:11.192+0600][42.481s][info][gc,start       ] GC(144) Pause Young (Prepare Mixed) (G1 Evacuation Pause)
[2026-04-03T02:23:11.192+0600][42.481s][info][gc,task        ] GC(144) Using 10 workers of 10 for evacuation
[2026-04-03T02:23:11.198+0600][42.488s][info][gc,phases      ] GC(144)   Pre Evacuate Collection Set: 0.51ms
[2026-04-03T02:23:11.198+0600][42.488s][info][gc,phases      ] GC(144)   Merge Heap Roots: 0.21ms
[2026-04-03T02:23:11.198+0600][42.488s][info][gc,phases      ] GC(144)   Evacuate Collection Set: 4.73ms
[2026-04-03T02:23:11.198+0600][42.488s][info][gc,phases      ] GC(144)   Post Evacuate Collection Set: 1.00ms
[2026-04-03T02:23:11.198+0600][42.488s][info][gc,phases      ] GC(144)   Other: 0.13ms
[2026-04-03T02:23:11.198+0600][42.488s][info][gc,heap        ] GC(144) Eden regions: 229->0(309)
[2026-04-03T02:23:11.198+0600][42.488s][info][gc,heap        ] GC(144) Survivor regions: 8->8(39)
[2026-04-03T02:23:11.198+0600][42.488s][info][gc,heap        ] GC(144) Old regions: 86->87
[2026-04-03T02:23:11.198+0600][42.488s][info][gc,heap        ] GC(144) Humongous regions: 197->8
[2026-04-03T02:23:11.198+0600][42.488s][info][gc,metaspace   ] GC(144) Metaspace: 131061K(132544K)->131061K(132544K) NonClass: 114511K(115200K)->114511K(115200K) Class: 16549K(17344K)->16549K(17344K)
[2026-04-03T02:23:11.198+0600][42.488s][info][gc             ] GC(144) Pause Young (Prepare Mixed) (G1 Evacuation Pause) 517M->99M(529M) 6.911ms
[2026-04-03T02:23:11.199+0600][42.488s][info][gc,cpu         ] GC(144) User=0.04s Sys=0.02s Real=0.00s
[2026-04-03T02:23:11.547+0600][42.836s][info][gc,start       ] GC(145) Pause Young (Mixed) (G1 Evacuation Pause)
[2026-04-03T02:23:11.547+0600][42.836s][info][gc,task        ] GC(145) Using 10 workers of 10 for evacuation
[2026-04-03T02:23:11.550+0600][42.840s][info][gc,phases      ] GC(145)   Pre Evacuate Collection Set: 0.33ms
[2026-04-03T02:23:11.551+0600][42.840s][info][gc,phases      ] GC(145)   Merge Heap Roots: 0.13ms
[2026-04-03T02:23:11.551+0600][42.840s][info][gc,phases      ] GC(145)   Evacuate Collection Set: 2.69ms
[2026-04-03T02:23:11.551+0600][42.840s][info][gc,phases      ] GC(145)   Post Evacuate Collection Set: 0.58ms
[2026-04-03T02:23:11.551+0600][42.840s][info][gc,phases      ] GC(145)   Other: 0.08ms
[2026-04-03T02:23:11.551+0600][42.840s][info][gc,heap        ] GC(145) Eden regions: 256->0(317)
[2026-04-03T02:23:11.551+0600][42.840s][info][gc,heap        ] GC(145) Survivor regions: 8->7(40)
[2026-04-03T02:23:11.551+0600][42.840s][info][gc,heap        ] GC(145) Old regions: 87->85
[2026-04-03T02:23:11.551+0600][42.840s][info][gc,heap        ] GC(145) Humongous regions: 183->8
[2026-04-03T02:23:11.551+0600][42.840s][info][gc,metaspace   ] GC(145) Metaspace: 131089K(132544K)->131089K(132544K) NonClass: 114539K(115200K)->114539K(115200K) Class: 16549K(17344K)->16549K(17344K)
[2026-04-03T02:23:11.551+0600][42.840s][info][gc             ] GC(145) Pause Young (Mixed) (G1 Evacuation Pause) 530M->98M(541M) 4.029ms
[2026-04-03T02:23:11.551+0600][42.840s][info][gc,cpu         ] GC(145) User=0.01s Sys=0.02s Real=0.01s
[2026-04-03T02:23:11.557+0600][42.847s][info][gc,start       ] GC(146) Pause Young (Concurrent Start) (G1 Humongous Allocation)
[2026-04-03T02:23:11.558+0600][42.847s][info][gc,task        ] GC(146) Using 10 workers of 10 for evacuation
[2026-04-03T02:23:11.560+0600][42.850s][info][gc,phases      ] GC(146)   Pre Evacuate Collection Set: 0.25ms
[2026-04-03T02:23:11.560+0600][42.850s][info][gc,phases      ] GC(146)   Merge Heap Roots: 0.09ms
[2026-04-03T02:23:11.560+0600][42.850s][info][gc,phases      ] GC(146)   Evacuate Collection Set: 1.82ms
[2026-04-03T02:23:11.560+0600][42.850s][info][gc,phases      ] GC(146)   Post Evacuate Collection Set: 0.38ms
[2026-04-03T02:23:11.560+0600][42.850s][info][gc,phases      ] GC(146)   Other: 0.15ms
[2026-04-03T02:23:11.560+0600][42.850s][info][gc,heap        ] GC(146) Eden regions: 3->0(317)
[2026-04-03T02:23:11.560+0600][42.850s][info][gc,heap        ] GC(146) Survivor regions: 7->7(41)
[2026-04-03T02:23:11.560+0600][42.850s][info][gc,heap        ] GC(146) Old regions: 85->85
[2026-04-03T02:23:11.560+0600][42.850s][info][gc,heap        ] GC(146) Humongous regions: 8->8
[2026-04-03T02:23:11.560+0600][42.850s][info][gc,metaspace   ] GC(146) Metaspace: 131089K(132544K)->131089K(132544K) NonClass: 114539K(115200K)->114539K(115200K) Class: 16549K(17344K)->16549K(17344K)
[2026-04-03T02:23:11.560+0600][42.850s][info][gc             ] GC(146) Pause Young (Concurrent Start) (G1 Humongous Allocation) 101M->97M(541M) 2.895ms
[2026-04-03T02:23:11.560+0600][42.850s][info][gc             ] GC(147) Concurrent Mark Cycle
[2026-04-03T02:23:11.560+0600][42.850s][info][gc,cpu         ] GC(146) User=0.02s Sys=0.00s Real=0.01s
[2026-04-03T02:23:11.560+0600][42.850s][info][gc,marking     ] GC(147) Concurrent Scan Root Regions
[2026-04-03T02:23:11.562+0600][42.852s][info][gc,marking     ] GC(147) Concurrent Scan Root Regions 1.730ms
[2026-04-03T02:23:11.562+0600][42.852s][info][gc,marking     ] GC(147) Concurrent Mark
[2026-04-03T02:23:11.562+0600][42.852s][info][gc,marking     ] GC(147) Concurrent Mark From Roots
[2026-04-03T02:23:11.562+0600][42.852s][info][gc,task        ] GC(147) Using 3 workers of 3 for marking
[2026-04-03T02:23:11.641+0600][42.931s][info][gc,marking     ] GC(147) Concurrent Mark From Roots 78.987ms
[2026-04-03T02:23:11.641+0600][42.931s][info][gc,marking     ] GC(147) Concurrent Preclean
[2026-04-03T02:23:11.642+0600][42.931s][info][gc,marking     ] GC(147) Concurrent Preclean 0.321ms
[2026-04-03T02:23:11.642+0600][42.932s][info][gc,start       ] GC(147) Pause Remark
[2026-04-03T02:23:11.650+0600][42.940s][info][gc             ] GC(147) Pause Remark 144M->144M(404M) 8.023ms
[2026-04-03T02:23:11.650+0600][42.940s][info][gc,cpu         ] GC(147) User=0.06s Sys=0.00s Real=0.01s
[2026-04-03T02:23:11.650+0600][42.940s][info][gc,marking     ] GC(147) Concurrent Mark 88.097ms
[2026-04-03T02:23:11.650+0600][42.940s][info][gc,marking     ] GC(147) Concurrent Rebuild Remembered Sets and Scrub Regions
[2026-04-03T02:23:11.686+0600][42.975s][info][gc,marking     ] GC(147) Concurrent Rebuild Remembered Sets and Scrub Regions 35.076ms
[2026-04-03T02:23:11.686+0600][42.976s][info][gc,start       ] GC(147) Pause Cleanup
[2026-04-03T02:23:11.686+0600][42.976s][info][gc             ] GC(147) Pause Cleanup 175M->175M(404M) 0.369ms
[2026-04-03T02:23:11.686+0600][42.976s][info][gc,cpu         ] GC(147) User=0.00s Sys=0.00s Real=0.00s
[2026-04-03T02:23:11.687+0600][42.976s][info][gc,marking     ] GC(147) Concurrent Clear Claimed Marks
[2026-04-03T02:23:11.687+0600][42.977s][info][gc,marking     ] GC(147) Concurrent Clear Claimed Marks 0.535ms
[2026-04-03T02:23:11.687+0600][42.977s][info][gc,marking     ] GC(147) Concurrent Cleanup for Next Mark
[2026-04-03T02:23:11.688+0600][42.978s][info][gc,marking     ] GC(147) Concurrent Cleanup for Next Mark 0.721ms
[2026-04-03T02:23:11.688+0600][42.978s][info][gc             ] GC(147) Concurrent Mark Cycle 127.568ms
[2026-04-03T02:23:11.845+0600][43.135s][info][gc,start       ] GC(148) Pause Young (Prepare Mixed) (G1 Evacuation Pause)
[2026-04-03T02:23:11.845+0600][43.135s][info][gc,task        ] GC(148) Using 9 workers of 10 for evacuation
[2026-04-03T02:23:11.852+0600][43.142s][info][gc,phases      ] GC(148)   Pre Evacuate Collection Set: 0.65ms
[2026-04-03T02:23:11.852+0600][43.142s][info][gc,phases      ] GC(148)   Merge Heap Roots: 0.35ms
[2026-04-03T02:23:11.852+0600][43.142s][info][gc,phases      ] GC(148)   Evacuate Collection Set: 5.11ms
[2026-04-03T02:23:11.852+0600][43.142s][info][gc,phases      ] GC(148)   Post Evacuate Collection Set: 0.64ms
[2026-04-03T02:23:11.852+0600][43.142s][info][gc,phases      ] GC(148)   Other: 0.11ms
[2026-04-03T02:23:11.852+0600][43.142s][info][gc,heap        ] GC(148) Eden regions: 228->0(239)
[2026-04-03T02:23:11.852+0600][43.142s][info][gc,heap        ] GC(148) Survivor regions: 7->9(31)
[2026-04-03T02:23:11.852+0600][43.142s][info][gc,heap        ] GC(148) Old regions: 85->86
[2026-04-03T02:23:11.852+0600][43.142s][info][gc,heap        ] GC(148) Humongous regions: 84->8
[2026-04-03T02:23:11.852+0600][43.142s][info][gc,metaspace   ] GC(148) Metaspace: 131089K(132544K)->131089K(132544K) NonClass: 114539K(115200K)->114539K(115200K) Class: 16549K(17344K)->16549K(17344K)
[2026-04-03T02:23:11.852+0600][43.142s][info][gc             ] GC(148) Pause Young (Prepare Mixed) (G1 Evacuation Pause) 401M->100M(414M) 7.184ms
[2026-04-03T02:23:11.852+0600][43.142s][info][gc,cpu         ] GC(148) User=0.04s Sys=0.01s Real=0.01s
[2026-04-03T02:23:12.010+0600][43.300s][info][gc,start       ] GC(149) Pause Young (Mixed) (G1 Evacuation Pause)
[2026-04-03T02:23:12.010+0600][43.300s][info][gc,task        ] GC(149) Using 10 workers of 10 for evacuation
[2026-04-03T02:23:12.016+0600][43.306s][info][gc,phases      ] GC(149)   Pre Evacuate Collection Set: 0.28ms
[2026-04-03T02:23:12.016+0600][43.306s][info][gc,phases      ] GC(149)   Merge Heap Roots: 0.15ms
[2026-04-03T02:23:12.016+0600][43.306s][info][gc,phases      ] GC(149)   Evacuate Collection Set: 4.30ms
[2026-04-03T02:23:12.016+0600][43.306s][info][gc,phases      ] GC(149)   Post Evacuate Collection Set: 0.89ms
[2026-04-03T02:23:12.016+0600][43.306s][info][gc,phases      ] GC(149)   Other: 0.10ms
[2026-04-03T02:23:12.016+0600][43.306s][info][gc,heap        ] GC(149) Eden regions: 113->0(308)
[2026-04-03T02:23:12.016+0600][43.306s][info][gc,heap        ] GC(149) Survivor regions: 9->10(31)
[2026-04-03T02:23:12.016+0600][43.306s][info][gc,heap        ] GC(149) Old regions: 86->85
[2026-04-03T02:23:12.016+0600][43.306s][info][gc,heap        ] GC(149) Humongous regions: 311->23
[2026-04-03T02:23:12.016+0600][43.306s][info][gc,metaspace   ] GC(149) Metaspace: 131090K(132544K)->131090K(132544K) NonClass: 114541K(115200K)->114541K(115200K) Class: 16549K(17344K)->16549K(17344K)
[2026-04-03T02:23:12.016+0600][43.306s][info][gc             ] GC(149) Pause Young (Mixed) (G1 Evacuation Pause) 516M->116M(530M) 6.045ms
[2026-04-03T02:23:12.016+0600][43.306s][info][gc,cpu         ] GC(149) User=0.03s Sys=0.01s Real=0.00s
[2026-04-03T02:23:12.017+0600][43.307s][info][gc,start       ] GC(150) Pause Young (Concurrent Start) (G1 Humongous Allocation)
[2026-04-03T02:23:12.017+0600][43.307s][info][gc,task        ] GC(150) Using 10 workers of 10 for evacuation
[2026-04-03T02:23:12.020+0600][43.310s][info][gc,phases      ] GC(150)   Pre Evacuate Collection Set: 0.28ms
[2026-04-03T02:23:12.020+0600][43.310s][info][gc,phases      ] GC(150)   Merge Heap Roots: 0.08ms
[2026-04-03T02:23:12.020+0600][43.310s][info][gc,phases      ] GC(150)   Evacuate Collection Set: 2.21ms
[2026-04-03T02:23:12.020+0600][43.310s][info][gc,phases      ] GC(150)   Post Evacuate Collection Set: 0.62ms
[2026-04-03T02:23:12.020+0600][43.310s][info][gc,phases      ] GC(150)   Other: 0.14ms
[2026-04-03T02:23:12.020+0600][43.310s][info][gc,heap        ] GC(150) Eden regions: 2->0(308)
[2026-04-03T02:23:12.020+0600][43.310s][info][gc,heap        ] GC(150) Survivor regions: 10->10(40)
[2026-04-03T02:23:12.020+0600][43.310s][info][gc,heap        ] GC(150) Old regions: 85->85
[2026-04-03T02:23:12.020+0600][43.310s][info][gc,heap        ] GC(150) Humongous regions: 23->8
[2026-04-03T02:23:12.021+0600][43.310s][info][gc,metaspace   ] GC(150) Metaspace: 131090K(132544K)->131090K(132544K) NonClass: 114541K(115200K)->114541K(115200K) Class: 16549K(17344K)->16549K(17344K)
[2026-04-03T02:23:12.021+0600][43.310s][info][gc             ] GC(150) Pause Young (Concurrent Start) (G1 Humongous Allocation) 117M->101M(530M) 3.647ms
[2026-04-03T02:23:12.021+0600][43.310s][info][gc             ] GC(151) Concurrent Mark Cycle
[2026-04-03T02:23:12.021+0600][43.310s][info][gc,marking     ] GC(151) Concurrent Scan Root Regions
[2026-04-03T02:23:12.021+0600][43.310s][info][gc,cpu         ] GC(150) User=0.03s Sys=0.00s Real=0.01s
[2026-04-03T02:23:12.024+0600][43.314s][info][gc,marking     ] GC(151) Concurrent Scan Root Regions 3.484ms
[2026-04-03T02:23:12.024+0600][43.314s][info][gc,marking     ] GC(151) Concurrent Mark
[2026-04-03T02:23:12.024+0600][43.314s][info][gc,marking     ] GC(151) Concurrent Mark From Roots
[2026-04-03T02:23:12.024+0600][43.314s][info][gc,task        ] GC(151) Using 3 workers of 3 for marking
[2026-04-03T02:23:12.112+0600][43.402s][info][gc,marking     ] GC(151) Concurrent Mark From Roots 87.488ms
[2026-04-03T02:23:12.112+0600][43.402s][info][gc,marking     ] GC(151) Concurrent Preclean
[2026-04-03T02:23:12.112+0600][43.402s][info][gc,marking     ] GC(151) Concurrent Preclean 0.418ms
[2026-04-03T02:23:12.113+0600][43.403s][info][gc,start       ] GC(151) Pause Remark
[2026-04-03T02:23:12.121+0600][43.411s][info][gc             ] GC(151) Pause Remark 246M->246M(530M) 8.577ms
[2026-04-03T02:23:12.122+0600][43.411s][info][gc,cpu         ] GC(151) User=0.06s Sys=0.00s Real=0.01s
[2026-04-03T02:23:12.122+0600][43.412s][info][gc,marking     ] GC(151) Concurrent Mark 97.544ms
[2026-04-03T02:23:12.122+0600][43.412s][info][gc,marking     ] GC(151) Concurrent Rebuild Remembered Sets and Scrub Regions
[2026-04-03T02:23:12.150+0600][43.439s][info][gc,marking     ] GC(151) Concurrent Rebuild Remembered Sets and Scrub Regions 27.817ms
[2026-04-03T02:23:12.152+0600][43.442s][info][gc,start       ] GC(151) Pause Cleanup
[2026-04-03T02:23:12.153+0600][43.442s][info][gc             ] GC(151) Pause Cleanup 480M->480M(530M) 0.519ms
[2026-04-03T02:23:12.153+0600][43.443s][info][gc,cpu         ] GC(151) User=0.01s Sys=0.00s Real=0.00s
[2026-04-03T02:23:12.153+0600][43.443s][info][gc,marking     ] GC(151) Concurrent Clear Claimed Marks
[2026-04-03T02:23:12.154+0600][43.443s][info][gc,marking     ] GC(151) Concurrent Clear Claimed Marks 0.467ms
[2026-04-03T02:23:12.154+0600][43.443s][info][gc,marking     ] GC(151) Concurrent Cleanup for Next Mark
[2026-04-03T02:23:12.156+0600][43.445s][info][gc,marking     ] GC(151) Concurrent Cleanup for Next Mark 1.837ms
[2026-04-03T02:23:12.156+0600][43.445s][info][gc             ] GC(151) Concurrent Mark Cycle 135.012ms
[2026-04-03T02:23:12.195+0600][43.484s][info][gc,start       ] GC(152) Pause Young (Prepare Mixed) (G1 Evacuation Pause)
[2026-04-03T02:23:12.195+0600][43.485s][info][gc,task        ] GC(152) Using 10 workers of 10 for evacuation
[2026-04-03T02:23:12.199+0600][43.489s][info][gc,phases      ] GC(152)   Pre Evacuate Collection Set: 0.36ms
[2026-04-03T02:23:12.199+0600][43.489s][info][gc,phases      ] GC(152)   Merge Heap Roots: 0.18ms
[2026-04-03T02:23:12.199+0600][43.489s][info][gc,phases      ] GC(152)   Evacuate Collection Set: 2.48ms
[2026-04-03T02:23:12.199+0600][43.489s][info][gc,phases      ] GC(152)   Post Evacuate Collection Set: 0.81ms
[2026-04-03T02:23:12.199+0600][43.489s][info][gc,phases      ] GC(152)   Other: 0.09ms
[2026-04-03T02:23:12.199+0600][43.489s][info][gc,heap        ] GC(152) Eden regions: 68->0(359)
[2026-04-03T02:23:12.199+0600][43.489s][info][gc,heap        ] GC(152) Survivor regions: 10->5(45)
[2026-04-03T02:23:12.199+0600][43.489s][info][gc,heap        ] GC(152) Old regions: 85->85
[2026-04-03T02:23:12.199+0600][43.489s][info][gc,heap        ] GC(152) Humongous regions: 440->8
[2026-04-03T02:23:12.199+0600][43.489s][info][gc,metaspace   ] GC(152) Metaspace: 131107K(132544K)->131107K(132544K) NonClass: 114558K(115200K)->114558K(115200K) Class: 16549K(17344K)->16549K(17344K)
[2026-04-03T02:23:12.199+0600][43.489s][info][gc             ] GC(152) Pause Young (Prepare Mixed) (G1 Evacuation Pause) 601M->96M(608M) 4.183ms
[2026-04-03T02:23:12.199+0600][43.489s][info][gc,cpu         ] GC(152) User=0.02s Sys=0.01s Real=0.00s
[2026-04-03T02:23:12.779+0600][44.068s][info][gc,start       ] GC(153) Pause Young (Mixed) (G1 Evacuation Pause)
[2026-04-03T02:23:12.779+0600][44.068s][info][gc,task        ] GC(153) Using 10 workers of 10 for evacuation
[2026-04-03T02:23:12.783+0600][44.073s][info][gc,phases      ] GC(153)   Pre Evacuate Collection Set: 0.23ms
[2026-04-03T02:23:12.783+0600][44.073s][info][gc,phases      ] GC(153)   Merge Heap Roots: 0.16ms
[2026-04-03T02:23:12.783+0600][44.073s][info][gc,phases      ] GC(153)   Evacuate Collection Set: 3.55ms
[2026-04-03T02:23:12.783+0600][44.073s][info][gc,phases      ] GC(153)   Post Evacuate Collection Set: 0.67ms
[2026-04-03T02:23:12.783+0600][44.073s][info][gc,phases      ] GC(153)   Other: 0.11ms
[2026-04-03T02:23:12.783+0600][44.073s][info][gc,heap        ] GC(153) Eden regions: 345->0(370)
[2026-04-03T02:23:12.783+0600][44.073s][info][gc,heap        ] GC(153) Survivor regions: 5->7(46)
[2026-04-03T02:23:12.783+0600][44.073s][info][gc,heap        ] GC(153) Old regions: 85->84
[2026-04-03T02:23:12.783+0600][44.073s][info][gc,heap        ] GC(153) Humongous regions: 186->8
[2026-04-03T02:23:12.783+0600][44.073s][info][gc,metaspace   ] GC(153) Metaspace: 131141K(132608K)->131141K(132608K) NonClass: 114591K(115264K)->114591K(115264K) Class: 16549K(17344K)->16549K(17344K)
[2026-04-03T02:23:12.783+0600][44.073s][info][gc             ] GC(153) Pause Young (Mixed) (G1 Evacuation Pause) 619M->97M(629M) 4.961ms
[2026-04-03T02:23:12.784+0600][44.073s][info][gc,cpu         ] GC(153) User=0.03s Sys=0.00s Real=0.01s
[2026-04-03T02:23:12.802+0600][44.092s][info][gc,start       ] GC(154) Pause Young (Concurrent Start) (G1 Humongous Allocation)
[2026-04-03T02:23:12.802+0600][44.092s][info][gc,task        ] GC(154) Using 10 workers of 10 for evacuation
[2026-04-03T02:23:12.807+0600][44.097s][info][gc,phases      ] GC(154)   Pre Evacuate Collection Set: 0.41ms
[2026-04-03T02:23:12.807+0600][44.097s][info][gc,phases      ] GC(154)   Merge Heap Roots: 0.16ms
[2026-04-03T02:23:12.807+0600][44.097s][info][gc,phases      ] GC(154)   Evacuate Collection Set: 3.17ms
[2026-04-03T02:23:12.807+0600][44.097s][info][gc,phases      ] GC(154)   Post Evacuate Collection Set: 0.63ms
[2026-04-03T02:23:12.807+0600][44.097s][info][gc,phases      ] GC(154)   Other: 0.19ms
[2026-04-03T02:23:12.807+0600][44.097s][info][gc,heap        ] GC(154) Eden regions: 19->0(368)
[2026-04-03T02:23:12.807+0600][44.097s][info][gc,heap        ] GC(154) Survivor regions: 7->9(48)
[2026-04-03T02:23:12.807+0600][44.097s][info][gc,heap        ] GC(154) Old regions: 84->84
[2026-04-03T02:23:12.807+0600][44.097s][info][gc,heap        ] GC(154) Humongous regions: 8->8
[2026-04-03T02:23:12.807+0600][44.097s][info][gc,metaspace   ] GC(154) Metaspace: 131142K(132608K)->131142K(132608K) NonClass: 114592K(115264K)->114592K(115264K) Class: 16549K(17344K)->16549K(17344K)
[2026-04-03T02:23:12.807+0600][44.097s][info][gc             ] GC(154) Pause Young (Concurrent Start) (G1 Humongous Allocation) 116M->99M(629M) 4.880ms
[2026-04-03T02:23:12.807+0600][44.097s][info][gc,cpu         ] GC(154) User=0.04s Sys=0.00s Real=0.00s
[2026-04-03T02:23:12.807+0600][44.097s][info][gc             ] GC(155) Concurrent Mark Cycle
[2026-04-03T02:23:12.807+0600][44.097s][info][gc,marking     ] GC(155) Concurrent Scan Root Regions
[2026-04-03T02:23:12.810+0600][44.100s][info][gc,marking     ] GC(155) Concurrent Scan Root Regions 2.839ms
[2026-04-03T02:23:12.810+0600][44.100s][info][gc,marking     ] GC(155) Concurrent Mark
[2026-04-03T02:23:12.810+0600][44.100s][info][gc,marking     ] GC(155) Concurrent Mark From Roots
[2026-04-03T02:23:12.810+0600][44.100s][info][gc,task        ] GC(155) Using 3 workers of 3 for marking
[2026-04-03T02:23:12.915+0600][44.205s][info][gc,marking     ] GC(155) Concurrent Mark From Roots 104.592ms
[2026-04-03T02:23:12.915+0600][44.205s][info][gc,marking     ] GC(155) Concurrent Preclean
[2026-04-03T02:23:12.915+0600][44.205s][info][gc,marking     ] GC(155) Concurrent Preclean 0.349ms
[2026-04-03T02:23:12.916+0600][44.206s][info][gc,start       ] GC(155) Pause Remark
[2026-04-03T02:23:12.924+0600][44.214s][info][gc             ] GC(155) Pause Remark 220M->220M(547M) 8.498ms
[2026-04-03T02:23:12.925+0600][44.214s][info][gc,cpu         ] GC(155) User=0.07s Sys=0.00s Real=0.01s
[2026-04-03T02:23:12.925+0600][44.214s][info][gc,marking     ] GC(155) Concurrent Mark 114.318ms
[2026-04-03T02:23:12.925+0600][44.214s][info][gc,marking     ] GC(155) Concurrent Rebuild Remembered Sets and Scrub Regions
[2026-04-03T02:23:12.963+0600][44.252s][info][gc,marking     ] GC(155) Concurrent Rebuild Remembered Sets and Scrub Regions 37.858ms
[2026-04-03T02:23:12.963+0600][44.253s][info][gc,start       ] GC(155) Pause Cleanup
[2026-04-03T02:23:12.964+0600][44.253s][info][gc             ] GC(155) Pause Cleanup 266M->266M(547M) 0.389ms
[2026-04-03T02:23:12.964+0600][44.253s][info][gc,cpu         ] GC(155) User=0.01s Sys=0.00s Real=0.00s
[2026-04-03T02:23:12.964+0600][44.254s][info][gc,marking     ] GC(155) Concurrent Clear Claimed Marks
[2026-04-03T02:23:12.964+0600][44.254s][info][gc,marking     ] GC(155) Concurrent Clear Claimed Marks 0.376ms
[2026-04-03T02:23:12.964+0600][44.254s][info][gc,marking     ] GC(155) Concurrent Cleanup for Next Mark
[2026-04-03T02:23:12.966+0600][44.255s][info][gc,marking     ] GC(155) Concurrent Cleanup for Next Mark 1.458ms
[2026-04-03T02:23:12.966+0600][44.255s][info][gc             ] GC(155) Concurrent Mark Cycle 158.390ms
[2026-04-03T02:23:13.191+0600][44.480s][info][gc,start       ] GC(156) Pause Young (Prepare Mixed) (G1 Evacuation Pause)
[2026-04-03T02:23:13.191+0600][44.480s][info][gc,task        ] GC(156) Using 10 workers of 10 for evacuation
[2026-04-03T02:23:13.195+0600][44.485s][info][gc,phases      ] GC(156)   Pre Evacuate Collection Set: 0.40ms
[2026-04-03T02:23:13.195+0600][44.485s][info][gc,phases      ] GC(156)   Merge Heap Roots: 0.20ms
[2026-04-03T02:23:13.196+0600][44.485s][info][gc,phases      ] GC(156)   Evacuate Collection Set: 3.11ms
[2026-04-03T02:23:13.196+0600][44.485s][info][gc,phases      ] GC(156)   Post Evacuate Collection Set: 0.86ms
[2026-04-03T02:23:13.196+0600][44.485s][info][gc,phases      ] GC(156)   Other: 0.18ms
[2026-04-03T02:23:13.196+0600][44.485s][info][gc,heap        ] GC(156) Eden regions: 251->0(332)
[2026-04-03T02:23:13.196+0600][44.485s][info][gc,heap        ] GC(156) Survivor regions: 9->6(41)
[2026-04-03T02:23:13.196+0600][44.485s][info][gc,heap        ] GC(156) Old regions: 84->85
[2026-04-03T02:23:13.196+0600][44.485s][info][gc,heap        ] GC(156) Humongous regions: 213->8
[2026-04-03T02:23:13.196+0600][44.485s][info][gc,metaspace   ] GC(156) Metaspace: 131146K(132608K)->131146K(132608K) NonClass: 114596K(115264K)->114596K(115264K) Class: 16549K(17344K)->16549K(17344K)
[2026-04-03T02:23:13.196+0600][44.485s][info][gc             ] GC(156) Pause Young (Prepare Mixed) (G1 Evacuation Pause) 555M->96M(564M) 5.050ms
[2026-04-03T02:23:13.196+0600][44.485s][info][gc,cpu         ] GC(156) User=0.03s Sys=0.01s Real=0.00s
[2026-04-03T02:23:13.612+0600][44.902s][info][gc,start       ] GC(157) Pause Young (Mixed) (G1 Evacuation Pause)
[2026-04-03T02:23:13.612+0600][44.902s][info][gc,task        ] GC(157) Using 10 workers of 10 for evacuation
[2026-04-03T02:23:13.620+0600][44.909s][info][gc,phases      ] GC(157)   Pre Evacuate Collection Set: 0.39ms
[2026-04-03T02:23:13.620+0600][44.909s][info][gc,phases      ] GC(157)   Merge Heap Roots: 0.29ms
[2026-04-03T02:23:13.620+0600][44.909s][info][gc,phases      ] GC(157)   Evacuate Collection Set: 5.63ms
[2026-04-03T02:23:13.620+0600][44.909s][info][gc,phases      ] GC(157)   Post Evacuate Collection Set: 0.91ms
[2026-04-03T02:23:13.620+0600][44.909s][info][gc,phases      ] GC(157)   Other: 0.14ms
[2026-04-03T02:23:13.620+0600][44.909s][info][gc,heap        ] GC(157) Eden regions: 277->0(338)
[2026-04-03T02:23:13.620+0600][44.909s][info][gc,heap        ] GC(157) Survivor regions: 6->10(43)
[2026-04-03T02:23:13.620+0600][44.909s][info][gc,heap        ] GC(157) Old regions: 85->84
[2026-04-03T02:23:13.620+0600][44.909s][info][gc,heap        ] GC(157) Humongous regions: 201->8
[2026-04-03T02:23:13.620+0600][44.909s][info][gc,metaspace   ] GC(157) Metaspace: 131165K(132608K)->131165K(132608K) NonClass: 114615K(115264K)->114615K(115264K) Class: 16549K(17344K)->16549K(17344K)
[2026-04-03T02:23:13.620+0600][44.909s][info][gc             ] GC(157) Pause Young (Mixed) (G1 Evacuation Pause) 566M->99M(580M) 7.708ms
[2026-04-03T02:23:13.620+0600][44.910s][info][gc,cpu         ] GC(157) User=0.05s Sys=0.01s Real=0.01s
[2026-04-03T02:23:13.650+0600][44.939s][info][gc,start       ] GC(158) Pause Young (Concurrent Start) (G1 Humongous Allocation)
[2026-04-03T02:23:13.650+0600][44.940s][info][gc,task        ] GC(158) Using 10 workers of 10 for evacuation
[2026-04-03T02:23:13.655+0600][44.944s][info][gc,phases      ] GC(158)   Pre Evacuate Collection Set: 0.57ms
[2026-04-03T02:23:13.655+0600][44.945s][info][gc,phases      ] GC(158)   Merge Heap Roots: 0.22ms
[2026-04-03T02:23:13.655+0600][44.945s][info][gc,phases      ] GC(158)   Evacuate Collection Set: 3.25ms
[2026-04-03T02:23:13.655+0600][44.945s][info][gc,phases      ] GC(158)   Post Evacuate Collection Set: 0.65ms
[2026-04-03T02:23:13.655+0600][44.945s][info][gc,phases      ] GC(158)   Other: 0.29ms
[2026-04-03T02:23:13.655+0600][44.945s][info][gc,heap        ] GC(158) Eden regions: 31->0(340)
[2026-04-03T02:23:13.655+0600][44.945s][info][gc,heap        ] GC(158) Survivor regions: 10->8(44)
[2026-04-03T02:23:13.655+0600][44.945s][info][gc,heap        ] GC(158) Old regions: 84->84
[2026-04-03T02:23:13.655+0600][44.945s][info][gc,heap        ] GC(158) Humongous regions: 8->8
[2026-04-03T02:23:13.655+0600][44.945s][info][gc,metaspace   ] GC(158) Metaspace: 131168K(132608K)->131168K(132608K) NonClass: 114619K(115264K)->114619K(115264K) Class: 16549K(17344K)->16549K(17344K)
[2026-04-03T02:23:13.655+0600][44.945s][info][gc             ] GC(158) Pause Young (Concurrent Start) (G1 Humongous Allocation) 130M->98M(580M) 5.344ms
[2026-04-03T02:23:13.655+0600][44.945s][info][gc             ] GC(159) Concurrent Mark Cycle
[2026-04-03T02:23:13.655+0600][44.945s][info][gc,marking     ] GC(159) Concurrent Scan Root Regions
[2026-04-03T02:23:13.655+0600][44.945s][info][gc,cpu         ] GC(158) User=0.04s Sys=0.00s Real=0.01s
[2026-04-03T02:23:13.658+0600][44.948s][info][gc,marking     ] GC(159) Concurrent Scan Root Regions 2.949ms
[2026-04-03T02:23:13.658+0600][44.948s][info][gc,marking     ] GC(159) Concurrent Mark
[2026-04-03T02:23:13.658+0600][44.948s][info][gc,marking     ] GC(159) Concurrent Mark From Roots
[2026-04-03T02:23:13.658+0600][44.948s][info][gc,task        ] GC(159) Using 3 workers of 3 for marking
[2026-04-03T02:23:13.764+0600][45.054s][info][gc,marking     ] GC(159) Concurrent Mark From Roots 106.165ms
[2026-04-03T02:23:13.764+0600][45.054s][info][gc,marking     ] GC(159) Concurrent Preclean
[2026-04-03T02:23:13.765+0600][45.055s][info][gc,marking     ] GC(159) Concurrent Preclean 0.377ms
[2026-04-03T02:23:13.765+0600][45.055s][info][gc,start       ] GC(159) Pause Remark
[2026-04-03T02:23:13.775+0600][45.065s][info][gc             ] GC(159) Pause Remark 209M->209M(404M) 10.086ms
[2026-04-03T02:23:13.775+0600][45.065s][info][gc,cpu         ] GC(159) User=0.08s Sys=0.00s Real=0.01s
[2026-04-03T02:23:13.776+0600][45.065s][info][gc,marking     ] GC(159) Concurrent Mark 117.514ms
[2026-04-03T02:23:13.776+0600][45.065s][info][gc,marking     ] GC(159) Concurrent Rebuild Remembered Sets and Scrub Regions
[2026-04-03T02:23:13.815+0600][45.104s][info][gc,marking     ] GC(159) Concurrent Rebuild Remembered Sets and Scrub Regions 38.967ms
[2026-04-03T02:23:13.815+0600][45.105s][info][gc,start       ] GC(159) Pause Cleanup
[2026-04-03T02:23:13.816+0600][45.105s][info][gc             ] GC(159) Pause Cleanup 258M->258M(404M) 0.437ms
[2026-04-03T02:23:13.816+0600][45.106s][info][gc,cpu         ] GC(159) User=0.00s Sys=0.00s Real=0.00s
[2026-04-03T02:23:13.816+0600][45.106s][info][gc,marking     ] GC(159) Concurrent Clear Claimed Marks
[2026-04-03T02:23:13.817+0600][45.106s][info][gc,marking     ] GC(159) Concurrent Clear Claimed Marks 0.359ms
[2026-04-03T02:23:13.817+0600][45.106s][info][gc,marking     ] GC(159) Concurrent Cleanup for Next Mark
[2026-04-03T02:23:13.817+0600][45.107s][info][gc,marking     ] GC(159) Concurrent Cleanup for Next Mark 0.654ms
[2026-04-03T02:23:13.817+0600][45.107s][info][gc             ] GC(159) Concurrent Mark Cycle 162.163ms
[2026-04-03T02:23:13.946+0600][45.236s][info][gc,start       ] GC(160) Pause Young (Prepare Mixed) (G1 Evacuation Pause)
[2026-04-03T02:23:13.947+0600][45.236s][info][gc,task        ] GC(160) Using 9 workers of 10 for evacuation
[2026-04-03T02:23:13.951+0600][45.240s][info][gc,phases      ] GC(160)   Pre Evacuate Collection Set: 0.41ms
[2026-04-03T02:23:13.951+0600][45.240s][info][gc,phases      ] GC(160)   Merge Heap Roots: 0.17ms
[2026-04-03T02:23:13.951+0600][45.240s][info][gc,phases      ] GC(160)   Evacuate Collection Set: 2.79ms
[2026-04-03T02:23:13.951+0600][45.240s][info][gc,phases      ] GC(160)   Post Evacuate Collection Set: 0.53ms
[2026-04-03T02:23:13.951+0600][45.240s][info][gc,phases      ] GC(160)   Other: 0.09ms
[2026-04-03T02:23:13.951+0600][45.240s][info][gc,heap        ] GC(160) Eden regions: 232->0(240)
[2026-04-03T02:23:13.951+0600][45.240s][info][gc,heap        ] GC(160) Survivor regions: 8->7(31)
[2026-04-03T02:23:13.951+0600][45.240s][info][gc,heap        ] GC(160) Old regions: 84->85
[2026-04-03T02:23:13.951+0600][45.240s][info][gc,heap        ] GC(160) Humongous regions: 80->8
[2026-04-03T02:23:13.951+0600][45.240s][info][gc,metaspace   ] GC(160) Metaspace: 131170K(132608K)->131170K(132608K) NonClass: 114620K(115264K)->114620K(115264K) Class: 16549K(17344K)->16549K(17344K)
[2026-04-03T02:23:13.951+0600][45.240s][info][gc             ] GC(160) Pause Young (Prepare Mixed) (G1 Evacuation Pause) 402M->97M(412M) 4.216ms
[2026-04-03T02:23:13.951+0600][45.240s][info][gc,cpu         ] GC(160) User=0.02s Sys=0.00s Real=0.01s
[2026-04-03T02:23:14.040+0600][45.330s][info][gc,start       ] GC(161) Pause Young (Mixed) (G1 Evacuation Pause)
[2026-04-03T02:23:14.040+0600][45.330s][info][gc,task        ] GC(161) Using 10 workers of 10 for evacuation
[2026-04-03T02:23:14.045+0600][45.334s][info][gc,phases      ] GC(161)   Pre Evacuate Collection Set: 0.33ms
[2026-04-03T02:23:14.045+0600][45.334s][info][gc,phases      ] GC(161)   Merge Heap Roots: 0.12ms
[2026-04-03T02:23:14.045+0600][45.334s][info][gc,phases      ] GC(161)   Evacuate Collection Set: 3.52ms
[2026-04-03T02:23:14.045+0600][45.334s][info][gc,phases      ] GC(161)   Post Evacuate Collection Set: 0.73ms
[2026-04-03T02:23:14.045+0600][45.334s][info][gc,phases      ] GC(161)   Other: 0.08ms
[2026-04-03T02:23:14.045+0600][45.335s][info][gc,heap        ] GC(161) Eden regions: 54->0(299)
[2026-04-03T02:23:14.045+0600][45.335s][info][gc,heap        ] GC(161) Survivor regions: 7->8(35)
[2026-04-03T02:23:14.045+0600][45.335s][info][gc,heap        ] GC(161) Old regions: 85->83
[2026-04-03T02:23:14.045+0600][45.335s][info][gc,heap        ] GC(161) Humongous regions: 359->8
[2026-04-03T02:23:14.045+0600][45.335s][info][gc,metaspace   ] GC(161) Metaspace: 131170K(132608K)->131170K(132608K) NonClass: 114620K(115264K)->114620K(115264K) Class: 16549K(17344K)->16549K(17344K)
[2026-04-03T02:23:14.045+0600][45.335s][info][gc             ] GC(161) Pause Young (Mixed) (G1 Evacuation Pause) 502M->97M(513M) 4.990ms
[2026-04-03T02:23:14.045+0600][45.335s][info][gc,cpu         ] GC(161) User=0.02s Sys=0.01s Real=0.00s
[2026-04-03T02:23:14.059+0600][45.348s][info][gc,start       ] GC(162) Pause Young (Concurrent Start) (G1 Humongous Allocation)
[2026-04-03T02:23:14.059+0600][45.349s][info][gc,task        ] GC(162) Using 10 workers of 10 for evacuation
[2026-04-03T02:23:14.064+0600][45.353s][info][gc,phases      ] GC(162)   Pre Evacuate Collection Set: 0.58ms
[2026-04-03T02:23:14.064+0600][45.353s][info][gc,phases      ] GC(162)   Merge Heap Roots: 0.14ms
[2026-04-03T02:23:14.064+0600][45.353s][info][gc,phases      ] GC(162)   Evacuate Collection Set: 3.16ms
[2026-04-03T02:23:14.064+0600][45.353s][info][gc,phases      ] GC(162)   Post Evacuate Collection Set: 0.63ms
[2026-04-03T02:23:14.064+0600][45.353s][info][gc,phases      ] GC(162)   Other: 0.17ms
[2026-04-03T02:23:14.064+0600][45.353s][info][gc,heap        ] GC(162) Eden regions: 27->0(298)
[2026-04-03T02:23:14.064+0600][45.353s][info][gc,heap        ] GC(162) Survivor regions: 8->9(39)
[2026-04-03T02:23:14.064+0600][45.353s][info][gc,heap        ] GC(162) Old regions: 83->84
[2026-04-03T02:23:14.064+0600][45.353s][info][gc,heap        ] GC(162) Humongous regions: 16->8
[2026-04-03T02:23:14.064+0600][45.353s][info][gc,metaspace   ] GC(162) Metaspace: 131171K(132608K)->131171K(132608K) NonClass: 114621K(115264K)->114621K(115264K) Class: 16549K(17344K)->16549K(17344K)
[2026-04-03T02:23:14.064+0600][45.353s][info][gc             ] GC(162) Pause Young (Concurrent Start) (G1 Humongous Allocation) 132M->98M(513M) 5.035ms
[2026-04-03T02:23:14.064+0600][45.354s][info][gc             ] GC(163) Concurrent Undo Cycle
[2026-04-03T02:23:14.064+0600][45.354s][info][gc,cpu         ] GC(162) User=0.03s Sys=0.00s Real=0.01s
[2026-04-03T02:23:14.064+0600][45.354s][info][gc,marking     ] GC(163) Concurrent Clear Claimed Marks
[2026-04-03T02:23:14.064+0600][45.354s][info][gc,marking     ] GC(163) Concurrent Clear Claimed Marks 0.383ms
[2026-04-03T02:23:14.064+0600][45.354s][info][gc,marking     ] GC(163) Concurrent Cleanup for Next Mark
[2026-04-03T02:23:14.065+0600][45.354s][info][gc,marking     ] GC(163) Concurrent Cleanup for Next Mark 0.210ms
[2026-04-03T02:23:14.065+0600][45.354s][info][gc             ] GC(163) Concurrent Undo Cycle 0.803ms
[2026-04-03T02:23:14.066+0600][45.356s][info][gc,start       ] GC(164) Pause Young (Concurrent Start) (G1 Humongous Allocation)
[2026-04-03T02:23:14.066+0600][45.356s][info][gc,task        ] GC(164) Using 10 workers of 10 for evacuation
[2026-04-03T02:23:14.071+0600][45.360s][info][gc,phases      ] GC(164)   Pre Evacuate Collection Set: 0.30ms
[2026-04-03T02:23:14.071+0600][45.360s][info][gc,phases      ] GC(164)   Merge Heap Roots: 0.14ms
[2026-04-03T02:23:14.071+0600][45.360s][info][gc,phases      ] GC(164)   Evacuate Collection Set: 2.87ms
[2026-04-03T02:23:14.071+0600][45.360s][info][gc,phases      ] GC(164)   Post Evacuate Collection Set: 0.71ms
[2026-04-03T02:23:14.071+0600][45.360s][info][gc,phases      ] GC(164)   Other: 0.19ms
[2026-04-03T02:23:14.071+0600][45.360s][info][gc,heap        ] GC(164) Eden regions: 4->0(299)
[2026-04-03T02:23:14.071+0600][45.360s][info][gc,heap        ] GC(164) Survivor regions: 9->8(39)
[2026-04-03T02:23:14.071+0600][45.360s][info][gc,heap        ] GC(164) Old regions: 84->84
[2026-04-03T02:23:14.071+0600][45.360s][info][gc,heap        ] GC(164) Humongous regions: 10->8
[2026-04-03T02:23:14.071+0600][45.360s][info][gc,metaspace   ] GC(164) Metaspace: 131171K(132608K)->131171K(132608K) NonClass: 114621K(115264K)->114621K(115264K) Class: 16549K(17344K)->16549K(17344K)
[2026-04-03T02:23:14.071+0600][45.360s][info][gc             ] GC(164) Pause Young (Concurrent Start) (G1 Humongous Allocation) 104M->98M(513M) 4.531ms
[2026-04-03T02:23:14.071+0600][45.361s][info][gc             ] GC(165) Concurrent Mark Cycle
[2026-04-03T02:23:14.071+0600][45.361s][info][gc,cpu         ] GC(164) User=0.04s Sys=0.00s Real=0.01s
[2026-04-03T02:23:14.071+0600][45.361s][info][gc,marking     ] GC(165) Concurrent Scan Root Regions
[2026-04-03T02:23:14.075+0600][45.364s][info][gc,marking     ] GC(165) Concurrent Scan Root Regions 3.640ms
[2026-04-03T02:23:14.075+0600][45.364s][info][gc,marking     ] GC(165) Concurrent Mark
[2026-04-03T02:23:14.075+0600][45.364s][info][gc,marking     ] GC(165) Concurrent Mark From Roots
[2026-04-03T02:23:14.075+0600][45.364s][info][gc,task        ] GC(165) Using 3 workers of 3 for marking
[2026-04-03T02:23:14.162+0600][45.451s][info][gc,marking     ] GC(165) Concurrent Mark From Roots 87.002ms
[2026-04-03T02:23:14.162+0600][45.452s][info][gc,marking     ] GC(165) Concurrent Preclean
[2026-04-03T02:23:14.162+0600][45.452s][info][gc,marking     ] GC(165) Concurrent Preclean 0.346ms
[2026-04-03T02:23:14.163+0600][45.452s][info][gc,start       ] GC(165) Pause Remark
[2026-04-03T02:23:14.174+0600][45.464s][info][gc             ] GC(165) Pause Remark 480M->480M(740M) 11.245ms
[2026-04-03T02:23:14.174+0600][45.464s][info][gc,cpu         ] GC(165) User=0.07s Sys=0.00s Real=0.01s
[2026-04-03T02:23:14.174+0600][45.464s][info][gc,marking     ] GC(165) Concurrent Mark 99.467ms
[2026-04-03T02:23:14.174+0600][45.464s][info][gc,marking     ] GC(165) Concurrent Rebuild Remembered Sets and Scrub Regions
[2026-04-03T02:23:14.211+0600][45.500s][info][gc,marking     ] GC(165) Concurrent Rebuild Remembered Sets and Scrub Regions 36.228ms
[2026-04-03T02:23:14.211+0600][45.501s][info][gc,start       ] GC(165) Pause Cleanup
[2026-04-03T02:23:14.211+0600][45.501s][info][gc             ] GC(165) Pause Cleanup 532M->532M(740M) 0.414ms
[2026-04-03T02:23:14.212+0600][45.501s][info][gc,cpu         ] GC(165) User=0.00s Sys=0.00s Real=0.00s
[2026-04-03T02:23:14.212+0600][45.501s][info][gc,marking     ] GC(165) Concurrent Clear Claimed Marks
[2026-04-03T02:23:14.212+0600][45.502s][info][gc,marking     ] GC(165) Concurrent Clear Claimed Marks 0.477ms
[2026-04-03T02:23:14.212+0600][45.502s][info][gc,marking     ] GC(165) Concurrent Cleanup for Next Mark
[2026-04-03T02:23:14.216+0600][45.505s][info][gc,marking     ] GC(165) Concurrent Cleanup for Next Mark 3.445ms
[2026-04-03T02:23:14.216+0600][45.505s][info][gc             ] GC(165) Concurrent Mark Cycle 144.801ms
[2026-04-03T02:23:14.550+0600][45.840s][info][gc,start       ] GC(166) Pause Young (Prepare Mixed) (G1 Evacuation Pause)
[2026-04-03T02:23:14.550+0600][45.840s][info][gc,task        ] GC(166) Using 10 workers of 10 for evacuation
[2026-04-03T02:23:14.554+0600][45.844s][info][gc,phases      ] GC(166)   Pre Evacuate Collection Set: 0.43ms
[2026-04-03T02:23:14.554+0600][45.844s][info][gc,phases      ] GC(166)   Merge Heap Roots: 0.15ms
[2026-04-03T02:23:14.554+0600][45.844s][info][gc,phases      ] GC(166)   Evacuate Collection Set: 2.94ms
[2026-04-03T02:23:14.554+0600][45.844s][info][gc,phases      ] GC(166)   Post Evacuate Collection Set: 0.54ms
[2026-04-03T02:23:14.554+0600][45.844s][info][gc,phases      ] GC(166)   Other: 0.07ms
[2026-04-03T02:23:14.554+0600][45.844s][info][gc,heap        ] GC(166) Eden regions: 207->0(440)
[2026-04-03T02:23:14.554+0600][45.844s][info][gc,heap        ] GC(166) Survivor regions: 8->9(47)
[2026-04-03T02:23:14.554+0600][45.844s][info][gc,heap        ] GC(166) Old regions: 84->84
[2026-04-03T02:23:14.554+0600][45.844s][info][gc,heap        ] GC(166) Humongous regions: 441->8
[2026-04-03T02:23:14.554+0600][45.844s][info][gc,metaspace   ] GC(166) Metaspace: 131224K(132736K)->131224K(132736K) NonClass: 114674K(115392K)->114674K(115392K) Class: 16550K(17344K)->16550K(17344K)
[2026-04-03T02:23:14.554+0600][45.844s][info][gc             ] GC(166) Pause Young (Prepare Mixed) (G1 Evacuation Pause) 738M->99M(749M) 4.331ms
[2026-04-03T02:23:14.554+0600][45.844s][info][gc,cpu         ] GC(166) User=0.02s Sys=0.01s Real=0.00s
[2026-04-03T02:23:15.083+0600][46.373s][info][gc,start       ] GC(167) Pause Young (Mixed) (GCLocker Initiated GC)
[2026-04-03T02:23:15.083+0600][46.373s][info][gc,task        ] GC(167) Using 10 workers of 10 for evacuation
[2026-04-03T02:23:15.091+0600][46.381s][info][gc,phases      ] GC(167)   Pre Evacuate Collection Set: 0.50ms
[2026-04-03T02:23:15.091+0600][46.381s][info][gc,phases      ] GC(167)   Merge Heap Roots: 0.28ms
[2026-04-03T02:23:15.091+0600][46.381s][info][gc,phases      ] GC(167)   Evacuate Collection Set: 6.05ms
[2026-04-03T02:23:15.091+0600][46.381s][info][gc,phases      ] GC(167)   Post Evacuate Collection Set: 0.93ms
[2026-04-03T02:23:15.091+0600][46.381s][info][gc,phases      ] GC(167)   Other: 0.14ms
[2026-04-03T02:23:15.091+0600][46.381s][info][gc,heap        ] GC(167) Eden regions: 391->0(445)
[2026-04-03T02:23:15.091+0600][46.381s][info][gc,heap        ] GC(167) Survivor regions: 9->12(57)
[2026-04-03T02:23:15.091+0600][46.381s][info][gc,heap        ] GC(167) Old regions: 84->83
[2026-04-03T02:23:15.091+0600][46.381s][info][gc,heap        ] GC(167) Humongous regions: 265->8
[2026-04-03T02:23:15.091+0600][46.381s][info][gc,metaspace   ] GC(167) Metaspace: 131236K(132736K)->131236K(132736K) NonClass: 114685K(115392K)->114685K(115392K) Class: 16550K(17344K)->16550K(17344K)
[2026-04-03T02:23:15.091+0600][46.381s][info][gc             ] GC(167) Pause Young (Mixed) (GCLocker Initiated GC) 747M->101M(762M) 8.224ms
[2026-04-03T02:23:15.091+0600][46.381s][info][gc,cpu         ] GC(167) User=0.05s Sys=0.01s Real=0.01s
[2026-04-03T02:23:15.173+0600][46.462s][info][gc,start       ] GC(168) Pause Young (Concurrent Start) (G1 Humongous Allocation)
[2026-04-03T02:23:15.173+0600][46.463s][info][gc,task        ] GC(168) Using 10 workers of 10 for evacuation
[2026-04-03T02:23:15.178+0600][46.468s][info][gc,phases      ] GC(168)   Pre Evacuate Collection Set: 0.57ms
[2026-04-03T02:23:15.178+0600][46.468s][info][gc,phases      ] GC(168)   Merge Heap Roots: 0.21ms
[2026-04-03T02:23:15.178+0600][46.468s][info][gc,phases      ] GC(168)   Evacuate Collection Set: 3.64ms
[2026-04-03T02:23:15.178+0600][46.468s][info][gc,phases      ] GC(168)   Post Evacuate Collection Set: 0.64ms
[2026-04-03T02:23:15.178+0600][46.468s][info][gc,phases      ] GC(168)   Other: 0.26ms
[2026-04-03T02:23:15.178+0600][46.468s][info][gc,heap        ] GC(168) Eden regions: 71->0(447)
[2026-04-03T02:23:15.178+0600][46.468s][info][gc,heap        ] GC(168) Survivor regions: 12->10(58)
[2026-04-03T02:23:15.178+0600][46.468s][info][gc,heap        ] GC(168) Old regions: 83->83
[2026-04-03T02:23:15.178+0600][46.468s][info][gc,heap        ] GC(168) Humongous regions: 62->8
[2026-04-03T02:23:15.178+0600][46.468s][info][gc,metaspace   ] GC(168) Metaspace: 131236K(132736K)->131236K(132736K) NonClass: 114685K(115392K)->114685K(115392K) Class: 16550K(17344K)->16550K(17344K)
[2026-04-03T02:23:15.178+0600][46.468s][info][gc             ] GC(168) Pause Young (Concurrent Start) (G1 Humongous Allocation) 226M->99M(762M) 5.652ms
[2026-04-03T02:23:15.178+0600][46.468s][info][gc             ] GC(169) Concurrent Undo Cycle
[2026-04-03T02:23:15.178+0600][46.468s][info][gc,cpu         ] GC(168) User=0.05s Sys=0.00s Real=0.00s
[2026-04-03T02:23:15.179+0600][46.468s][info][gc,marking     ] GC(169) Concurrent Clear Claimed Marks
[2026-04-03T02:23:15.179+0600][46.469s][info][gc,marking     ] GC(169) Concurrent Clear Claimed Marks 0.395ms
[2026-04-03T02:23:15.179+0600][46.469s][info][gc,marking     ] GC(169) Concurrent Cleanup for Next Mark
[2026-04-03T02:23:15.179+0600][46.469s][info][gc,marking     ] GC(169) Concurrent Cleanup for Next Mark 0.294ms
[2026-04-03T02:23:15.179+0600][46.469s][info][gc             ] GC(169) Concurrent Undo Cycle 0.947ms
[2026-04-03T02:23:15.256+0600][46.546s][info][gc,start       ] GC(170) Pause Young (Concurrent Start) (G1 Humongous Allocation)
[2026-04-03T02:23:15.257+0600][46.546s][info][gc,task        ] GC(170) Using 10 workers of 10 for evacuation
[2026-04-03T02:23:15.261+0600][46.551s][info][gc,phases      ] GC(170)   Pre Evacuate Collection Set: 0.48ms
[2026-04-03T02:23:15.261+0600][46.551s][info][gc,phases      ] GC(170)   Merge Heap Roots: 0.13ms
[2026-04-03T02:23:15.261+0600][46.551s][info][gc,phases      ] GC(170)   Evacuate Collection Set: 2.72ms
[2026-04-03T02:23:15.261+0600][46.551s][info][gc,phases      ] GC(170)   Post Evacuate Collection Set: 0.82ms
[2026-04-03T02:23:15.261+0600][46.551s][info][gc,phases      ] GC(170)   Other: 0.22ms
[2026-04-03T02:23:15.261+0600][46.551s][info][gc,heap        ] GC(170) Eden regions: 59->0(448)
[2026-04-03T02:23:15.261+0600][46.551s][info][gc,heap        ] GC(170) Survivor regions: 10->9(58)
[2026-04-03T02:23:15.261+0600][46.551s][info][gc,heap        ] GC(170) Old regions: 83->84
[2026-04-03T02:23:15.261+0600][46.551s][info][gc,heap        ] GC(170) Humongous regions: 54->8
[2026-04-03T02:23:15.261+0600][46.551s][info][gc,metaspace   ] GC(170) Metaspace: 131236K(132736K)->131236K(132736K) NonClass: 114685K(115392K)->114685K(115392K) Class: 16550K(17344K)->16550K(17344K)
[2026-04-03T02:23:15.261+0600][46.551s][info][gc             ] GC(170) Pause Young (Concurrent Start) (G1 Humongous Allocation) 204M->99M(762M) 4.698ms
[2026-04-03T02:23:15.261+0600][46.551s][info][gc             ] GC(171) Concurrent Undo Cycle
[2026-04-03T02:23:15.261+0600][46.551s][info][gc,cpu         ] GC(170) User=0.02s Sys=0.00s Real=0.01s
[2026-04-03T02:23:15.261+0600][46.551s][info][gc,marking     ] GC(171) Concurrent Clear Claimed Marks
[2026-04-03T02:23:15.262+0600][46.551s][info][gc,marking     ] GC(171) Concurrent Clear Claimed Marks 0.266ms
[2026-04-03T02:23:15.262+0600][46.551s][info][gc,marking     ] GC(171) Concurrent Cleanup for Next Mark
[2026-04-03T02:23:15.262+0600][46.552s][info][gc,marking     ] GC(171) Concurrent Cleanup for Next Mark 0.264ms
[2026-04-03T02:23:15.262+0600][46.552s][info][gc             ] GC(171) Concurrent Undo Cycle 0.737ms
[2026-04-03T02:23:15.352+0600][46.641s][info][gc,start       ] GC(172) Pause Young (Concurrent Start) (GCLocker Initiated GC)
[2026-04-03T02:23:15.352+0600][46.642s][info][gc,task        ] GC(172) Using 10 workers of 10 for evacuation
[2026-04-03T02:23:15.358+0600][46.647s][info][gc,phases      ] GC(172)   Pre Evacuate Collection Set: 0.57ms
[2026-04-03T02:23:15.358+0600][46.647s][info][gc,phases      ] GC(172)   Merge Heap Roots: 0.17ms
[2026-04-03T02:23:15.358+0600][46.647s][info][gc,phases      ] GC(172)   Evacuate Collection Set: 4.07ms
[2026-04-03T02:23:15.358+0600][46.647s][info][gc,phases      ] GC(172)   Post Evacuate Collection Set: 0.81ms
[2026-04-03T02:23:15.358+0600][46.647s][info][gc,phases      ] GC(172)   Other: 0.19ms
[2026-04-03T02:23:15.358+0600][46.647s][info][gc,heap        ] GC(172) Eden regions: 84->0(446)
[2026-04-03T02:23:15.358+0600][46.647s][info][gc,heap        ] GC(172) Survivor regions: 9->11(58)
[2026-04-03T02:23:15.358+0600][46.647s][info][gc,heap        ] GC(172) Old regions: 84->84
[2026-04-03T02:23:15.358+0600][46.647s][info][gc,heap        ] GC(172) Humongous regions: 59->8
[2026-04-03T02:23:15.358+0600][46.647s][info][gc,metaspace   ] GC(172) Metaspace: 131238K(132736K)->131238K(132736K) NonClass: 114688K(115392K)->114688K(115392K) Class: 16550K(17344K)->16550K(17344K)
[2026-04-03T02:23:15.358+0600][46.648s][info][gc             ] GC(172) Pause Young (Concurrent Start) (GCLocker Initiated GC) 233M->101M(762M) 6.199ms
[2026-04-03T02:23:15.358+0600][46.648s][info][gc             ] GC(173) Concurrent Mark Cycle
[2026-04-03T02:23:15.358+0600][46.648s][info][gc,marking     ] GC(173) Concurrent Scan Root Regions
[2026-04-03T02:23:15.358+0600][46.648s][info][gc,cpu         ] GC(172) User=0.04s Sys=0.00s Real=0.00s
[2026-04-03T02:23:15.361+0600][46.651s][info][gc,marking     ] GC(173) Concurrent Scan Root Regions 3.346ms
[2026-04-03T02:23:15.361+0600][46.651s][info][gc,marking     ] GC(173) Concurrent Mark
[2026-04-03T02:23:15.361+0600][46.651s][info][gc,marking     ] GC(173) Concurrent Mark From Roots
[2026-04-03T02:23:15.362+0600][46.651s][info][gc,task        ] GC(173) Using 3 workers of 3 for marking
[2026-04-03T02:23:15.454+0600][46.744s][info][gc,marking     ] GC(173) Concurrent Mark From Roots 92.909ms
[2026-04-03T02:23:15.454+0600][46.744s][info][gc,marking     ] GC(173) Concurrent Preclean
[2026-04-03T02:23:15.455+0600][46.745s][info][gc,marking     ] GC(173) Concurrent Preclean 0.370ms
[2026-04-03T02:23:15.455+0600][46.745s][info][gc,start       ] GC(173) Pause Remark
[2026-04-03T02:23:15.464+0600][46.754s][info][gc             ] GC(173) Pause Remark 199M->199M(454M) 8.765ms
[2026-04-03T02:23:15.464+0600][46.754s][info][gc,cpu         ] GC(173) User=0.07s Sys=0.00s Real=0.01s
[2026-04-03T02:23:15.464+0600][46.754s][info][gc,marking     ] GC(173) Concurrent Mark 102.909ms
[2026-04-03T02:23:15.464+0600][46.754s][info][gc,marking     ] GC(173) Concurrent Rebuild Remembered Sets and Scrub Regions
[2026-04-03T02:23:15.489+0600][46.779s][info][gc,marking     ] GC(173) Concurrent Rebuild Remembered Sets and Scrub Regions 24.591ms
[2026-04-03T02:23:15.489+0600][46.779s][info][gc,start       ] GC(173) Pause Cleanup
[2026-04-03T02:23:15.490+0600][46.779s][info][gc             ] GC(173) Pause Cleanup 209M->209M(454M) 0.291ms
[2026-04-03T02:23:15.490+0600][46.780s][info][gc,cpu         ] GC(173) User=0.00s Sys=0.00s Real=0.01s
[2026-04-03T02:23:15.490+0600][46.780s][info][gc,marking     ] GC(173) Concurrent Clear Claimed Marks
[2026-04-03T02:23:15.490+0600][46.780s][info][gc,marking     ] GC(173) Concurrent Clear Claimed Marks 0.389ms
[2026-04-03T02:23:15.490+0600][46.780s][info][gc,marking     ] GC(173) Concurrent Cleanup for Next Mark
[2026-04-03T02:23:15.491+0600][46.781s][info][gc,marking     ] GC(173) Concurrent Cleanup for Next Mark 0.671ms
[2026-04-03T02:23:15.491+0600][46.781s][info][gc             ] GC(173) Concurrent Mark Cycle 133.243ms
[2026-04-03T02:23:15.724+0600][47.014s][info][gc,start       ] GC(174) Pause Young (Prepare Mixed) (G1 Evacuation Pause)
[2026-04-03T02:23:15.724+0600][47.014s][info][gc,task        ] GC(174) Using 10 workers of 10 for evacuation
[2026-04-03T02:23:15.733+0600][47.022s][info][gc,phases      ] GC(174)   Pre Evacuate Collection Set: 0.50ms
[2026-04-03T02:23:15.733+0600][47.022s][info][gc,phases      ] GC(174)   Merge Heap Roots: 0.27ms
[2026-04-03T02:23:15.733+0600][47.022s][info][gc,phases      ] GC(174)   Evacuate Collection Set: 6.59ms
[2026-04-03T02:23:15.733+0600][47.022s][info][gc,phases      ] GC(174)   Post Evacuate Collection Set: 0.83ms
[2026-04-03T02:23:15.733+0600][47.022s][info][gc,phases      ] GC(174)   Other: 0.13ms
[2026-04-03T02:23:15.733+0600][47.022s][info][gc,heap        ] GC(174) Eden regions: 249->0(267)
[2026-04-03T02:23:15.733+0600][47.022s][info][gc,heap        ] GC(174) Survivor regions: 11->13(34)
[2026-04-03T02:23:15.733+0600][47.022s][info][gc,heap        ] GC(174) Old regions: 84->85
[2026-04-03T02:23:15.733+0600][47.022s][info][gc,heap        ] GC(174) Humongous regions: 110->8
[2026-04-03T02:23:15.733+0600][47.022s][info][gc,metaspace   ] GC(174) Metaspace: 131283K(132800K)->131283K(132800K) NonClass: 114729K(115456K)->114729K(115456K) Class: 16554K(17344K)->16554K(17344K)
[2026-04-03T02:23:15.733+0600][47.022s][info][gc             ] GC(174) Pause Young (Prepare Mixed) (G1 Evacuation Pause) 452M->104M(468M) 8.670ms
[2026-04-03T02:23:15.733+0600][47.023s][info][gc,cpu         ] GC(174) User=0.05s Sys=0.02s Real=0.01s
[2026-04-03T02:23:15.987+0600][47.277s][info][gc,start       ] GC(175) Pause Young (Mixed) (G1 Evacuation Pause)
[2026-04-03T02:23:15.987+0600][47.277s][info][gc,task        ] GC(175) Using 10 workers of 10 for evacuation
[2026-04-03T02:23:15.995+0600][47.284s][info][gc,phases      ] GC(175)   Pre Evacuate Collection Set: 0.67ms
[2026-04-03T02:23:15.995+0600][47.284s][info][gc,phases      ] GC(175)   Merge Heap Roots: 0.34ms
[2026-04-03T02:23:15.995+0600][47.284s][info][gc,phases      ] GC(175)   Evacuate Collection Set: 5.60ms
[2026-04-03T02:23:15.995+0600][47.284s][info][gc,phases      ] GC(175)   Post Evacuate Collection Set: 0.77ms
[2026-04-03T02:23:15.995+0600][47.284s][info][gc,phases      ] GC(175)   Other: 0.14ms
[2026-04-03T02:23:15.995+0600][47.284s][info][gc,heap        ] GC(175) Eden regions: 267->0(274)
[2026-04-03T02:23:15.995+0600][47.284s][info][gc,heap        ] GC(175) Survivor regions: 13->11(35)
[2026-04-03T02:23:15.995+0600][47.284s][info][gc,heap        ] GC(175) Old regions: 85->85
[2026-04-03T02:23:15.995+0600][47.284s][info][gc,heap        ] GC(175) Humongous regions: 98->8
[2026-04-03T02:23:15.995+0600][47.284s][info][gc,metaspace   ] GC(175) Metaspace: 131283K(132800K)->131283K(132800K) NonClass: 114729K(115456K)->114729K(115456K) Class: 16554K(17344K)->16554K(17344K)
[2026-04-03T02:23:15.995+0600][47.285s][info][gc             ] GC(175) Pause Young (Mixed) (G1 Evacuation Pause) 461M->102M(476M) 7.915ms
[2026-04-03T02:23:15.995+0600][47.285s][info][gc,cpu         ] GC(175) User=0.05s Sys=0.01s Real=0.01s
[2026-04-03T02:23:16.002+0600][47.292s][info][gc,start       ] GC(176) Pause Young (Concurrent Start) (G1 Humongous Allocation)
[2026-04-03T02:23:16.002+0600][47.292s][info][gc,task        ] GC(176) Using 10 workers of 10 for evacuation
[2026-04-03T02:23:16.007+0600][47.297s][info][gc,phases      ] GC(176)   Pre Evacuate Collection Set: 0.46ms
[2026-04-03T02:23:16.007+0600][47.297s][info][gc,phases      ] GC(176)   Merge Heap Roots: 0.14ms
[2026-04-03T02:23:16.007+0600][47.297s][info][gc,phases      ] GC(176)   Evacuate Collection Set: 3.38ms
[2026-04-03T02:23:16.007+0600][47.297s][info][gc,phases      ] GC(176)   Post Evacuate Collection Set: 0.86ms
[2026-04-03T02:23:16.007+0600][47.297s][info][gc,phases      ] GC(176)   Other: 0.19ms
[2026-04-03T02:23:16.007+0600][47.297s][info][gc,heap        ] GC(176) Eden regions: 12->0(274)
[2026-04-03T02:23:16.007+0600][47.297s][info][gc,heap        ] GC(176) Survivor regions: 11->11(36)
[2026-04-03T02:23:16.007+0600][47.297s][info][gc,heap        ] GC(176) Old regions: 85->85
[2026-04-03T02:23:16.007+0600][47.297s][info][gc,heap        ] GC(176) Humongous regions: 8->8
[2026-04-03T02:23:16.007+0600][47.297s][info][gc,metaspace   ] GC(176) Metaspace: 131283K(132800K)->131283K(132800K) NonClass: 114729K(115456K)->114729K(115456K) Class: 16554K(17344K)->16554K(17344K)
[2026-04-03T02:23:16.007+0600][47.297s][info][gc             ] GC(176) Pause Young (Concurrent Start) (G1 Humongous Allocation) 114M->102M(476M) 5.476ms
[2026-04-03T02:23:16.007+0600][47.297s][info][gc             ] GC(177) Concurrent Mark Cycle
[2026-04-03T02:23:16.007+0600][47.297s][info][gc,marking     ] GC(177) Concurrent Scan Root Regions
[2026-04-03T02:23:16.008+0600][47.297s][info][gc,cpu         ] GC(176) User=0.04s Sys=0.00s Real=0.00s
[2026-04-03T02:23:16.011+0600][47.300s][info][gc,marking     ] GC(177) Concurrent Scan Root Regions 3.321ms
[2026-04-03T02:23:16.011+0600][47.301s][info][gc,marking     ] GC(177) Concurrent Mark
[2026-04-03T02:23:16.011+0600][47.301s][info][gc,marking     ] GC(177) Concurrent Mark From Roots
[2026-04-03T02:23:16.011+0600][47.301s][info][gc,task        ] GC(177) Using 3 workers of 3 for marking
[2026-04-03T02:23:16.108+0600][47.398s][info][gc,marking     ] GC(177) Concurrent Mark From Roots 97.102ms
[2026-04-03T02:23:16.108+0600][47.398s][info][gc,marking     ] GC(177) Concurrent Preclean
[2026-04-03T02:23:16.109+0600][47.398s][info][gc,marking     ] GC(177) Concurrent Preclean 0.520ms
[2026-04-03T02:23:16.109+0600][47.399s][info][gc,start       ] GC(177) Pause Remark
[2026-04-03T02:23:16.118+0600][47.408s][info][gc             ] GC(177) Pause Remark 228M->228M(437M) 9.159ms
[2026-04-03T02:23:16.118+0600][47.408s][info][gc,cpu         ] GC(177) User=0.08s Sys=0.00s Real=0.01s
[2026-04-03T02:23:16.119+0600][47.408s][info][gc,marking     ] GC(177) Concurrent Mark 107.775ms
[2026-04-03T02:23:16.119+0600][47.408s][info][gc,marking     ] GC(177) Concurrent Rebuild Remembered Sets and Scrub Regions
[2026-04-03T02:23:16.150+0600][47.440s][info][gc,marking     ] GC(177) Concurrent Rebuild Remembered Sets and Scrub Regions 31.346ms
[2026-04-03T02:23:16.151+0600][47.440s][info][gc,start       ] GC(177) Pause Cleanup
[2026-04-03T02:23:16.151+0600][47.441s][info][gc             ] GC(177) Pause Cleanup 245M->245M(437M) 0.399ms
[2026-04-03T02:23:16.151+0600][47.441s][info][gc,cpu         ] GC(177) User=0.00s Sys=0.00s Real=0.00s
[2026-04-03T02:23:16.151+0600][47.441s][info][gc,marking     ] GC(177) Concurrent Clear Claimed Marks
[2026-04-03T02:23:16.152+0600][47.441s][info][gc,marking     ] GC(177) Concurrent Clear Claimed Marks 0.358ms
[2026-04-03T02:23:16.152+0600][47.441s][info][gc,marking     ] GC(177) Concurrent Cleanup for Next Mark
[2026-04-03T02:23:16.152+0600][47.442s][info][gc,marking     ] GC(177) Concurrent Cleanup for Next Mark 0.727ms
[2026-04-03T02:23:16.152+0600][47.442s][info][gc             ] GC(177) Concurrent Mark Cycle 144.995ms
[2026-04-03T02:23:16.394+0600][47.683s][info][gc,start       ] GC(178) Pause Young (Prepare Mixed) (G1 Evacuation Pause)
[2026-04-03T02:23:16.394+0600][47.683s][info][gc,task        ] GC(178) Using 10 workers of 10 for evacuation
[2026-04-03T02:23:16.402+0600][47.692s][info][gc,phases      ] GC(178)   Pre Evacuate Collection Set: 0.37ms
[2026-04-03T02:23:16.402+0600][47.692s][info][gc,phases      ] GC(178)   Merge Heap Roots: 0.24ms
[2026-04-03T02:23:16.402+0600][47.692s][info][gc,phases      ] GC(178)   Evacuate Collection Set: 6.37ms
[2026-04-03T02:23:16.402+0600][47.692s][info][gc,phases      ] GC(178)   Post Evacuate Collection Set: 1.00ms
[2026-04-03T02:23:16.402+0600][47.692s][info][gc,phases      ] GC(178)   Other: 0.30ms
[2026-04-03T02:23:16.402+0600][47.692s][info][gc,heap        ] GC(178) Eden regions: 204->0(258)
[2026-04-03T02:23:16.402+0600][47.692s][info][gc,heap        ] GC(178) Survivor regions: 11->10(33)
[2026-04-03T02:23:16.402+0600][47.692s][info][gc,heap        ] GC(178) Old regions: 85->86
[2026-04-03T02:23:16.402+0600][47.692s][info][gc,heap        ] GC(178) Humongous regions: 137->8
[2026-04-03T02:23:16.402+0600][47.692s][info][gc,metaspace   ] GC(178) Metaspace: 131579K(133056K)->131579K(133056K) NonClass: 114953K(115712K)->114953K(115712K) Class: 16626K(17344K)->16626K(17344K)
[2026-04-03T02:23:16.402+0600][47.692s][info][gc             ] GC(178) Pause Young (Prepare Mixed) (G1 Evacuation Pause) 435M->101M(448M) 8.676ms
[2026-04-03T02:23:16.402+0600][47.692s][info][gc,cpu         ] GC(178) User=0.06s Sys=0.02s Real=0.01s
[2026-04-03T02:23:16.460+0600][47.750s][info][gc,start       ] GC(179) Pause Full (System.gc())
[2026-04-03T02:23:16.460+0600][47.750s][info][gc,task        ] GC(179) Using 10 workers of 10 for full compaction
[2026-04-03T02:23:16.461+0600][47.750s][info][gc,phases,start] GC(179) Phase 1: Mark live objects
[2026-04-03T02:23:16.555+0600][47.845s][info][gc,phases      ] GC(179) Phase 1: Mark live objects 94.612ms
[2026-04-03T02:23:16.555+0600][47.845s][info][gc,phases,start] GC(179) Phase 2: Prepare compaction
[2026-04-03T02:23:16.558+0600][47.847s][info][gc,phases      ] GC(179) Phase 2: Prepare compaction 2.268ms
[2026-04-03T02:23:16.558+0600][47.847s][info][gc,phases,start] GC(179) Phase 3: Adjust pointers
[2026-04-03T02:23:16.581+0600][47.871s][info][gc,phases      ] GC(179) Phase 3: Adjust pointers 23.767ms
[2026-04-03T02:23:16.581+0600][47.871s][info][gc,phases,start] GC(179) Phase 4: Compact heap
[2026-04-03T02:23:16.584+0600][47.873s][info][gc,phases      ] GC(179) Phase 4: Compact heap 2.206ms
[2026-04-03T02:23:16.584+0600][47.873s][info][gc,phases,start] GC(179) Phase 5: Reset Metadata
[2026-04-03T02:23:16.588+0600][47.878s][info][gc,phases      ] GC(179) Phase 5: Reset Metadata 4.763ms
[2026-04-03T02:23:16.604+0600][47.894s][info][gc,heap        ] GC(179) Eden regions: 44->0(194)
[2026-04-03T02:23:16.604+0600][47.894s][info][gc,heap        ] GC(179) Survivor regions: 10->0(33)
[2026-04-03T02:23:16.604+0600][47.894s][info][gc,heap        ] GC(179) Old regions: 86->89
[2026-04-03T02:23:16.604+0600][47.894s][info][gc,heap        ] GC(179) Humongous regions: 24->8
[2026-04-03T02:23:16.604+0600][47.894s][info][gc,metaspace   ] GC(179) Metaspace: 131622K(133120K)->131515K(133120K) NonClass: 114987K(115776K)->114908K(115776K) Class: 16635K(17344K)->16606K(17344K)
[2026-04-03T02:23:16.604+0600][47.894s][info][gc             ] GC(179) Pause Full (System.gc()) 161M->91M(324M) 144.355ms
[2026-04-03T02:23:16.604+0600][47.894s][info][gc,cpu         ] GC(179) User=0.97s Sys=0.08s Real=0.14s
[2026-04-03T02:23:16.627+0600][47.917s][info][gc,start       ] GC(180) Pause Young (Concurrent Start) (G1 Humongous Allocation)
[2026-04-03T02:23:16.627+0600][47.917s][info][gc,task        ] GC(180) Using 8 workers of 10 for evacuation
[2026-04-03T02:23:16.632+0600][47.922s][info][gc,phases      ] GC(180)   Pre Evacuate Collection Set: 0.57ms
[2026-04-03T02:23:16.632+0600][47.922s][info][gc,phases      ] GC(180)   Merge Heap Roots: 0.24ms
[2026-04-03T02:23:16.632+0600][47.922s][info][gc,phases      ] GC(180)   Evacuate Collection Set: 2.29ms
[2026-04-03T02:23:16.632+0600][47.922s][info][gc,phases      ] GC(180)   Post Evacuate Collection Set: 1.13ms
[2026-04-03T02:23:16.632+0600][47.922s][info][gc,phases      ] GC(180)   Other: 0.34ms
[2026-04-03T02:23:16.632+0600][47.922s][info][gc,heap        ] GC(180) Eden regions: 7->0(274)
[2026-04-03T02:23:16.632+0600][47.922s][info][gc,heap        ] GC(180) Survivor regions: 0->2(25)
[2026-04-03T02:23:16.632+0600][47.922s][info][gc,heap        ] GC(180) Old regions: 89->89
[2026-04-03T02:23:16.632+0600][47.922s][info][gc,heap        ] GC(180) Humongous regions: 8->8
[2026-04-03T02:23:16.632+0600][47.922s][info][gc,metaspace   ] GC(180) Metaspace: 131522K(133120K)->131522K(133120K) NonClass: 114915K(115776K)->114915K(115776K) Class: 16606K(17344K)->16606K(17344K)
[2026-04-03T02:23:16.632+0600][47.922s][info][gc             ] GC(180) Pause Young (Concurrent Start) (G1 Humongous Allocation) 98M->93M(460M) 5.056ms
[2026-04-03T02:23:16.632+0600][47.922s][info][gc             ] GC(181) Concurrent Mark Cycle
[2026-04-03T02:23:16.632+0600][47.922s][info][gc,cpu         ] GC(180) User=0.02s Sys=0.00s Real=0.01s
[2026-04-03T02:23:16.632+0600][47.922s][info][gc,marking     ] GC(181) Concurrent Scan Root Regions
[2026-04-03T02:23:16.635+0600][47.925s][info][gc,marking     ] GC(181) Concurrent Scan Root Regions 2.556ms
[2026-04-03T02:23:16.635+0600][47.925s][info][gc,marking     ] GC(181) Concurrent Mark
[2026-04-03T02:23:16.635+0600][47.925s][info][gc,marking     ] GC(181) Concurrent Mark From Roots
[2026-04-03T02:23:16.635+0600][47.925s][info][gc,task        ] GC(181) Using 3 workers of 3 for marking
[2026-04-03T02:23:16.717+0600][48.006s][info][gc,marking     ] GC(181) Concurrent Mark From Roots 81.653ms
[2026-04-03T02:23:16.717+0600][48.006s][info][gc,marking     ] GC(181) Concurrent Preclean
[2026-04-03T02:23:16.717+0600][48.007s][info][gc,marking     ] GC(181) Concurrent Preclean 0.309ms
[2026-04-03T02:23:16.717+0600][48.007s][info][gc,start       ] GC(181) Pause Remark
[2026-04-03T02:23:16.728+0600][48.017s][info][gc             ] GC(181) Pause Remark 125M->125M(377M) 10.277ms
[2026-04-03T02:23:16.728+0600][48.018s][info][gc,cpu         ] GC(181) User=0.06s Sys=0.00s Real=0.01s
[2026-04-03T02:23:16.728+0600][48.018s][info][gc,marking     ] GC(181) Concurrent Mark 93.051ms
[2026-04-03T02:23:16.728+0600][48.018s][info][gc,marking     ] GC(181) Concurrent Rebuild Remembered Sets and Scrub Regions
[2026-04-03T02:23:16.757+0600][48.047s][info][gc,marking     ] GC(181) Concurrent Rebuild Remembered Sets and Scrub Regions 28.875ms
[2026-04-03T02:23:16.757+0600][48.047s][info][gc,start       ] GC(181) Pause Cleanup
[2026-04-03T02:23:16.758+0600][48.047s][info][gc             ] GC(181) Pause Cleanup 151M->151M(377M) 0.310ms
[2026-04-03T02:23:16.758+0600][48.047s][info][gc,cpu         ] GC(181) User=0.00s Sys=0.00s Real=0.00s
[2026-04-03T02:23:16.758+0600][48.048s][info][gc,marking     ] GC(181) Concurrent Clear Claimed Marks
[2026-04-03T02:23:16.758+0600][48.048s][info][gc,marking     ] GC(181) Concurrent Clear Claimed Marks 0.392ms
[2026-04-03T02:23:16.758+0600][48.048s][info][gc,marking     ] GC(181) Concurrent Cleanup for Next Mark
[2026-04-03T02:23:16.759+0600][48.049s][info][gc,marking     ] GC(181) Concurrent Cleanup for Next Mark 0.750ms
[2026-04-03T02:23:16.759+0600][48.049s][info][gc             ] GC(181) Concurrent Mark Cycle 126.868ms
[2026-04-03T02:23:16.823+0600][48.113s][info][gc,start       ] GC(182) Pause Young (Prepare Mixed) (G1 Evacuation Pause)
[2026-04-03T02:23:16.823+0600][48.113s][info][gc,task        ] GC(182) Using 10 workers of 10 for evacuation
[2026-04-03T02:23:16.826+0600][48.116s][info][gc,phases      ] GC(182)   Pre Evacuate Collection Set: 0.31ms
[2026-04-03T02:23:16.826+0600][48.116s][info][gc,phases      ] GC(182)   Merge Heap Roots: 0.13ms
[2026-04-03T02:23:16.826+0600][48.116s][info][gc,phases      ] GC(182)   Evacuate Collection Set: 1.99ms
[2026-04-03T02:23:16.826+0600][48.116s][info][gc,phases      ] GC(182)   Post Evacuate Collection Set: 0.88ms
[2026-04-03T02:23:16.827+0600][48.116s][info][gc,phases      ] GC(182)   Other: 0.09ms
[2026-04-03T02:23:16.827+0600][48.116s][info][gc,heap        ] GC(182) Eden regions: 61->0(287)
[2026-04-03T02:23:16.827+0600][48.116s][info][gc,heap        ] GC(182) Survivor regions: 2->4(29)
[2026-04-03T02:23:16.827+0600][48.116s][info][gc,heap        ] GC(182) Old regions: 89->89
[2026-04-03T02:23:16.827+0600][48.116s][info][gc,heap        ] GC(182) Humongous regions: 329->13
[2026-04-03T02:23:16.827+0600][48.116s][info][gc,metaspace   ] GC(182) Metaspace: 131522K(133120K)->131522K(133120K) NonClass: 114915K(115776K)->114915K(115776K) Class: 16606K(17344K)->16606K(17344K)
[2026-04-03T02:23:16.827+0600][48.116s][info][gc             ] GC(182) Pause Young (Prepare Mixed) (G1 Evacuation Pause) 475M->99M(485M) 3.692ms
[2026-04-03T02:23:16.827+0600][48.116s][info][gc,cpu         ] GC(182) User=0.02s Sys=0.00s Real=0.00s
[2026-04-03T02:23:16.928+0600][48.218s][info][gc,start       ] GC(183) Pause Young (Mixed) (G1 Evacuation Pause)
[2026-04-03T02:23:16.928+0600][48.218s][info][gc,task        ] GC(183) Using 10 workers of 10 for evacuation
[2026-04-03T02:23:16.932+0600][48.222s][info][gc,phases      ] GC(183)   Pre Evacuate Collection Set: 0.26ms
[2026-04-03T02:23:16.932+0600][48.222s][info][gc,phases      ] GC(183)   Merge Heap Roots: 0.13ms
[2026-04-03T02:23:16.932+0600][48.222s][info][gc,phases      ] GC(183)   Evacuate Collection Set: 2.25ms
[2026-04-03T02:23:16.932+0600][48.222s][info][gc,phases      ] GC(183)   Post Evacuate Collection Set: 0.77ms
[2026-04-03T02:23:16.932+0600][48.222s][info][gc,phases      ] GC(183)   Other: 0.09ms
[2026-04-03T02:23:16.932+0600][48.222s][info][gc,heap        ] GC(183) Eden regions: 59->0(327)
[2026-04-03T02:23:16.932+0600][48.222s][info][gc,heap        ] GC(183) Survivor regions: 4->4(37)
[2026-04-03T02:23:16.932+0600][48.222s][info][gc,heap        ] GC(183) Old regions: 89->88
[2026-04-03T02:23:16.932+0600][48.222s][info][gc,heap        ] GC(183) Humongous regions: 395->13
[2026-04-03T02:23:16.932+0600][48.222s][info][gc,metaspace   ] GC(183) Metaspace: 131524K(133120K)->131524K(133120K) NonClass: 114917K(115776K)->114917K(115776K) Class: 16606K(17344K)->16606K(17344K)
[2026-04-03T02:23:16.932+0600][48.222s][info][gc             ] GC(183) Pause Young (Mixed) (G1 Evacuation Pause) 540M->99M(552M) 3.760ms
[2026-04-03T02:23:16.932+0600][48.222s][info][gc,cpu         ] GC(183) User=0.02s Sys=0.00s Real=0.01s
[2026-04-03T02:23:17.002+0600][48.292s][info][gc,start       ] GC(184) Pause Young (Concurrent Start) (G1 Humongous Allocation)
[2026-04-03T02:23:17.002+0600][48.292s][info][gc,task        ] GC(184) Using 10 workers of 10 for evacuation
[2026-04-03T02:23:17.005+0600][48.294s][info][gc,phases      ] GC(184)   Pre Evacuate Collection Set: 0.44ms
[2026-04-03T02:23:17.005+0600][48.295s][info][gc,phases      ] GC(184)   Merge Heap Roots: 0.09ms
[2026-04-03T02:23:17.005+0600][48.295s][info][gc,phases      ] GC(184)   Evacuate Collection Set: 1.29ms
[2026-04-03T02:23:17.005+0600][48.295s][info][gc,phases      ] GC(184)   Post Evacuate Collection Set: 0.42ms
[2026-04-03T02:23:17.005+0600][48.295s][info][gc,phases      ] GC(184)   Other: 0.15ms
[2026-04-03T02:23:17.005+0600][48.295s][info][gc,heap        ] GC(184) Eden regions: 59->0(328)
[2026-04-03T02:23:17.005+0600][48.295s][info][gc,heap        ] GC(184) Survivor regions: 4->3(42)
[2026-04-03T02:23:17.005+0600][48.295s][info][gc,heap        ] GC(184) Old regions: 88->88
[2026-04-03T02:23:17.005+0600][48.295s][info][gc,heap        ] GC(184) Humongous regions: 45->8
[2026-04-03T02:23:17.005+0600][48.295s][info][gc,metaspace   ] GC(184) Metaspace: 131524K(133120K)->131524K(133120K) NonClass: 114917K(115776K)->114917K(115776K) Class: 16606K(17344K)->16606K(17344K)
[2026-04-03T02:23:17.005+0600][48.295s][info][gc             ] GC(184) Pause Young (Concurrent Start) (G1 Humongous Allocation) 190M->93M(552M) 2.612ms
[2026-04-03T02:23:17.005+0600][48.295s][info][gc             ] GC(185) Concurrent Undo Cycle
[2026-04-03T02:23:17.005+0600][48.295s][info][gc,cpu         ] GC(184) User=0.01s Sys=0.00s Real=0.00s
[2026-04-03T02:23:17.005+0600][48.295s][info][gc,marking     ] GC(185) Concurrent Clear Claimed Marks
[2026-04-03T02:23:17.005+0600][48.295s][info][gc,marking     ] GC(185) Concurrent Clear Claimed Marks 0.225ms
[2026-04-03T02:23:17.005+0600][48.295s][info][gc,marking     ] GC(185) Concurrent Cleanup for Next Mark
[2026-04-03T02:23:17.006+0600][48.295s][info][gc,marking     ] GC(185) Concurrent Cleanup for Next Mark 0.167ms
[2026-04-03T02:23:17.006+0600][48.295s][info][gc             ] GC(185) Concurrent Undo Cycle 0.549ms
[2026-04-03T02:23:17.018+0600][48.308s][info][gc,start       ] GC(186) Pause Young (Concurrent Start) (G1 Humongous Allocation)
[2026-04-03T02:23:17.019+0600][48.308s][info][gc,task        ] GC(186) Using 10 workers of 10 for evacuation
[2026-04-03T02:23:17.022+0600][48.311s][info][gc,phases      ] GC(186)   Pre Evacuate Collection Set: 0.47ms
[2026-04-03T02:23:17.022+0600][48.311s][info][gc,phases      ] GC(186)   Merge Heap Roots: 0.12ms
[2026-04-03T02:23:17.022+0600][48.311s][info][gc,phases      ] GC(186)   Evacuate Collection Set: 1.72ms
[2026-04-03T02:23:17.022+0600][48.311s][info][gc,phases      ] GC(186)   Post Evacuate Collection Set: 0.50ms
[2026-04-03T02:23:17.022+0600][48.311s][info][gc,phases      ] GC(186)   Other: 0.22ms
[2026-04-03T02:23:17.022+0600][48.311s][info][gc,heap        ] GC(186) Eden regions: 16->0(328)
[2026-04-03T02:23:17.022+0600][48.311s][info][gc,heap        ] GC(186) Survivor regions: 3->3(42)
[2026-04-03T02:23:17.022+0600][48.311s][info][gc,heap        ] GC(186) Old regions: 88->88
[2026-04-03T02:23:17.022+0600][48.311s][info][gc,heap        ] GC(186) Humongous regions: 13->8
[2026-04-03T02:23:17.022+0600][48.311s][info][gc,metaspace   ] GC(186) Metaspace: 131524K(133120K)->131524K(133120K) NonClass: 114917K(115776K)->114917K(115776K) Class: 16606K(17344K)->16606K(17344K)
[2026-04-03T02:23:17.022+0600][48.311s][info][gc             ] GC(186) Pause Young (Concurrent Start) (G1 Humongous Allocation) 114M->94M(552M) 3.360ms
[2026-04-03T02:23:17.022+0600][48.312s][info][gc,cpu         ] GC(186) User=0.02s Sys=0.00s Real=0.01s
[2026-04-03T02:23:17.022+0600][48.312s][info][gc             ] GC(187) Concurrent Mark Cycle
[2026-04-03T02:23:17.022+0600][48.312s][info][gc,marking     ] GC(187) Concurrent Scan Root Regions
[2026-04-03T02:23:17.026+0600][48.316s][info][gc,marking     ] GC(187) Concurrent Scan Root Regions 4.231ms
[2026-04-03T02:23:17.026+0600][48.316s][info][gc,marking     ] GC(187) Concurrent Mark
[2026-04-03T02:23:17.026+0600][48.316s][info][gc,marking     ] GC(187) Concurrent Mark From Roots
[2026-04-03T02:23:17.026+0600][48.316s][info][gc,task        ] GC(187) Using 3 workers of 3 for marking
[2026-04-03T02:23:17.120+0600][48.409s][info][gc,marking     ] GC(187) Concurrent Mark From Roots 93.296ms
[2026-04-03T02:23:17.120+0600][48.410s][info][gc,marking     ] GC(187) Concurrent Preclean
[2026-04-03T02:23:17.120+0600][48.410s][info][gc,marking     ] GC(187) Concurrent Preclean 0.647ms
[2026-04-03T02:23:17.121+0600][48.411s][info][gc,start       ] GC(187) Pause Remark
[2026-04-03T02:23:17.131+0600][48.420s][info][gc             ] GC(187) Pause Remark 184M->184M(534M) 9.551ms
[2026-04-03T02:23:17.131+0600][48.420s][info][gc,cpu         ] GC(187) User=0.07s Sys=0.00s Real=0.01s
[2026-04-03T02:23:17.131+0600][48.421s][info][gc,marking     ] GC(187) Concurrent Mark 104.564ms
[2026-04-03T02:23:17.131+0600][48.421s][info][gc,marking     ] GC(187) Concurrent Rebuild Remembered Sets and Scrub Regions
[2026-04-03T02:23:17.155+0600][48.445s][info][gc,marking     ] GC(187) Concurrent Rebuild Remembered Sets and Scrub Regions 24.309ms
[2026-04-03T02:23:17.156+0600][48.445s][info][gc,start       ] GC(187) Pause Cleanup
[2026-04-03T02:23:17.156+0600][48.446s][info][gc             ] GC(187) Pause Cleanup 192M->192M(534M) 0.331ms
[2026-04-03T02:23:17.156+0600][48.446s][info][gc,cpu         ] GC(187) User=0.00s Sys=0.00s Real=0.00s
[2026-04-03T02:23:17.156+0600][48.446s][info][gc,marking     ] GC(187) Concurrent Clear Claimed Marks
[2026-04-03T02:23:17.157+0600][48.446s][info][gc,marking     ] GC(187) Concurrent Clear Claimed Marks 0.351ms
[2026-04-03T02:23:17.157+0600][48.446s][info][gc,marking     ] GC(187) Concurrent Cleanup for Next Mark
[2026-04-03T02:23:17.158+0600][48.448s][info][gc,marking     ] GC(187) Concurrent Cleanup for Next Mark 1.316ms
[2026-04-03T02:23:17.158+0600][48.448s][info][gc             ] GC(187) Concurrent Mark Cycle 135.970ms
[2026-04-03T02:23:17.567+0600][48.857s][info][gc,start       ] GC(188) Pause Young (Prepare Mixed) (G1 Evacuation Pause)
[2026-04-03T02:23:17.567+0600][48.857s][info][gc,task        ] GC(188) Using 10 workers of 10 for evacuation
[2026-04-03T02:23:17.572+0600][48.862s][info][gc,phases      ] GC(188)   Pre Evacuate Collection Set: 0.47ms
[2026-04-03T02:23:17.572+0600][48.862s][info][gc,phases      ] GC(188)   Merge Heap Roots: 0.29ms
[2026-04-03T02:23:17.572+0600][48.862s][info][gc,phases      ] GC(188)   Evacuate Collection Set: 3.81ms
[2026-04-03T02:23:17.572+0600][48.862s][info][gc,phases      ] GC(188)   Post Evacuate Collection Set: 0.76ms
[2026-04-03T02:23:17.572+0600][48.862s][info][gc,phases      ] GC(188)   Other: 0.13ms
[2026-04-03T02:23:17.572+0600][48.862s][info][gc,heap        ] GC(188) Eden regions: 285->0(322)
[2026-04-03T02:23:17.573+0600][48.862s][info][gc,heap        ] GC(188) Survivor regions: 3->6(41)
[2026-04-03T02:23:17.573+0600][48.862s][info][gc,heap        ] GC(188) Old regions: 88->88
[2026-04-03T02:23:17.573+0600][48.862s][info][gc,heap        ] GC(188) Humongous regions: 165->8
[2026-04-03T02:23:17.573+0600][48.862s][info][gc,metaspace   ] GC(188) Metaspace: 131547K(133120K)->131547K(133120K) NonClass: 114939K(115776K)->114939K(115776K) Class: 16607K(17344K)->16607K(17344K)
[2026-04-03T02:23:17.573+0600][48.862s][info][gc             ] GC(188) Pause Young (Prepare Mixed) (G1 Evacuation Pause) 536M->96M(547M) 5.734ms
[2026-04-03T02:23:17.573+0600][48.862s][info][gc,cpu         ] GC(188) User=0.04s Sys=0.01s Real=0.01s
[2026-04-03T02:23:17.879+0600][49.169s][info][gc,start       ] GC(189) Pause Young (Mixed) (G1 Evacuation Pause)
[2026-04-03T02:23:17.880+0600][49.169s][info][gc,task        ] GC(189) Using 10 workers of 10 for evacuation
[2026-04-03T02:23:17.886+0600][49.176s][info][gc,phases      ] GC(189)   Pre Evacuate Collection Set: 0.52ms
[2026-04-03T02:23:17.886+0600][49.176s][info][gc,phases      ] GC(189)   Merge Heap Roots: 0.29ms
[2026-04-03T02:23:17.886+0600][49.176s][info][gc,phases      ] GC(189)   Evacuate Collection Set: 4.61ms
[2026-04-03T02:23:17.886+0600][49.176s][info][gc,phases      ] GC(189)   Post Evacuate Collection Set: 0.79ms
[2026-04-03T02:23:17.886+0600][49.176s][info][gc,phases      ] GC(189)   Other: 0.13ms
[2026-04-03T02:23:17.886+0600][49.176s][info][gc,heap        ] GC(189) Eden regions: 256->0(330)
[2026-04-03T02:23:17.886+0600][49.176s][info][gc,heap        ] GC(189) Survivor regions: 6->7(42)
[2026-04-03T02:23:17.886+0600][49.176s][info][gc,heap        ] GC(189) Old regions: 88->87
[2026-04-03T02:23:17.886+0600][49.176s][info][gc,heap        ] GC(189) Humongous regions: 205->10
[2026-04-03T02:23:17.886+0600][49.176s][info][gc,metaspace   ] GC(189) Metaspace: 131548K(133120K)->131548K(133120K) NonClass: 114941K(115776K)->114941K(115776K) Class: 16607K(17344K)->16607K(17344K)
[2026-04-03T02:23:17.886+0600][49.176s][info][gc             ] GC(189) Pause Young (Mixed) (G1 Evacuation Pause) 549M->99M(563M) 6.738ms
[2026-04-03T02:23:17.886+0600][49.176s][info][gc,cpu         ] GC(189) User=0.04s Sys=0.00s Real=0.01s
[2026-04-03T02:23:17.925+0600][49.215s][info][gc,start       ] GC(190) Pause Young (Concurrent Start) (G1 Humongous Allocation)
[2026-04-03T02:23:17.926+0600][49.215s][info][gc,task        ] GC(190) Using 10 workers of 10 for evacuation
[2026-04-03T02:23:17.930+0600][49.220s][info][gc,phases      ] GC(190)   Pre Evacuate Collection Set: 0.56ms
[2026-04-03T02:23:17.930+0600][49.220s][info][gc,phases      ] GC(190)   Merge Heap Roots: 0.16ms
[2026-04-03T02:23:17.930+0600][49.220s][info][gc,phases      ] GC(190)   Evacuate Collection Set: 2.78ms
[2026-04-03T02:23:17.930+0600][49.220s][info][gc,phases      ] GC(190)   Post Evacuate Collection Set: 0.63ms
[2026-04-03T02:23:17.930+0600][49.220s][info][gc,phases      ] GC(190)   Other: 0.20ms
[2026-04-03T02:23:17.930+0600][49.220s][info][gc,heap        ] GC(190) Eden regions: 26->0(332)
[2026-04-03T02:23:17.930+0600][49.220s][info][gc,heap        ] GC(190) Survivor regions: 7->5(43)
[2026-04-03T02:23:17.930+0600][49.220s][info][gc,heap        ] GC(190) Old regions: 87->87
[2026-04-03T02:23:17.930+0600][49.220s][info][gc,heap        ] GC(190) Humongous regions: 29->8
[2026-04-03T02:23:17.930+0600][49.220s][info][gc,metaspace   ] GC(190) Metaspace: 131548K(133120K)->131548K(133120K) NonClass: 114941K(115776K)->114941K(115776K) Class: 16607K(17344K)->16607K(17344K)
[2026-04-03T02:23:17.930+0600][49.220s][info][gc             ] GC(190) Pause Young (Concurrent Start) (G1 Humongous Allocation) 143M->96M(563M) 4.730ms
[2026-04-03T02:23:17.930+0600][49.220s][info][gc             ] GC(191) Concurrent Undo Cycle
[2026-04-03T02:23:17.930+0600][49.220s][info][gc,marking     ] GC(191) Concurrent Clear Claimed Marks
[2026-04-03T02:23:17.930+0600][49.220s][info][gc,cpu         ] GC(190) User=0.03s Sys=0.00s Real=0.01s
[2026-04-03T02:23:17.931+0600][49.220s][info][gc,marking     ] GC(191) Concurrent Clear Claimed Marks 0.368ms
[2026-04-03T02:23:17.931+0600][49.220s][info][gc,marking     ] GC(191) Concurrent Cleanup for Next Mark
[2026-04-03T02:23:17.931+0600][49.221s][info][gc,marking     ] GC(191) Concurrent Cleanup for Next Mark 0.279ms
[2026-04-03T02:23:17.931+0600][49.221s][info][gc             ] GC(191) Concurrent Undo Cycle 0.890ms
[2026-04-03T02:23:17.968+0600][49.257s][info][gc,start       ] GC(192) Pause Young (Concurrent Start) (GCLocker Initiated GC)
[2026-04-03T02:23:17.968+0600][49.257s][info][gc,task        ] GC(192) Using 10 workers of 10 for evacuation
[2026-04-03T02:23:17.972+0600][49.262s][info][gc,phases      ] GC(192)   Pre Evacuate Collection Set: 0.48ms
[2026-04-03T02:23:17.972+0600][49.262s][info][gc,phases      ] GC(192)   Merge Heap Roots: 0.16ms
[2026-04-03T02:23:17.972+0600][49.262s][info][gc,phases      ] GC(192)   Evacuate Collection Set: 2.88ms
[2026-04-03T02:23:17.972+0600][49.262s][info][gc,phases      ] GC(192)   Post Evacuate Collection Set: 0.85ms
[2026-04-03T02:23:17.972+0600][49.262s][info][gc,phases      ] GC(192)   Other: 0.36ms
[2026-04-03T02:23:17.972+0600][49.262s][info][gc,heap        ] GC(192) Eden regions: 29->0(330)
[2026-04-03T02:23:17.972+0600][49.262s][info][gc,heap        ] GC(192) Survivor regions: 5->7(43)
[2026-04-03T02:23:17.972+0600][49.262s][info][gc,heap        ] GC(192) Old regions: 87->87
[2026-04-03T02:23:17.973+0600][49.262s][info][gc,heap        ] GC(192) Humongous regions: 23->8
[2026-04-03T02:23:17.973+0600][49.262s][info][gc,metaspace   ] GC(192) Metaspace: 131548K(133120K)->131548K(133120K) NonClass: 114941K(115776K)->114941K(115776K) Class: 16607K(17344K)->16607K(17344K)
[2026-04-03T02:23:17.973+0600][49.262s][info][gc             ] GC(192) Pause Young (Concurrent Start) (GCLocker Initiated GC) 139M->97M(563M) 5.048ms
[2026-04-03T02:23:17.973+0600][49.262s][info][gc             ] GC(193) Concurrent Mark Cycle
[2026-04-03T02:23:17.973+0600][49.262s][info][gc,cpu         ] GC(192) User=0.04s Sys=0.00s Real=0.01s
[2026-04-03T02:23:17.973+0600][49.262s][info][gc,marking     ] GC(193) Concurrent Scan Root Regions
[2026-04-03T02:23:17.976+0600][49.266s][info][gc,marking     ] GC(193) Concurrent Scan Root Regions 3.383ms
[2026-04-03T02:23:17.976+0600][49.266s][info][gc,marking     ] GC(193) Concurrent Mark
[2026-04-03T02:23:17.976+0600][49.266s][info][gc,marking     ] GC(193) Concurrent Mark From Roots
[2026-04-03T02:23:17.976+0600][49.266s][info][gc,task        ] GC(193) Using 3 workers of 3 for marking
[2026-04-03T02:23:18.088+0600][49.378s][info][gc,marking     ] GC(193) Concurrent Mark From Roots 112.255ms
[2026-04-03T02:23:18.089+0600][49.378s][info][gc,marking     ] GC(193) Concurrent Preclean
[2026-04-03T02:23:18.089+0600][49.379s][info][gc,marking     ] GC(193) Concurrent Preclean 0.361ms
[2026-04-03T02:23:18.089+0600][49.379s][info][gc,start       ] GC(193) Pause Remark
[2026-04-03T02:23:18.099+0600][49.388s][info][gc             ] GC(193) Pause Remark 202M->202M(494M) 9.590ms
[2026-04-03T02:23:18.099+0600][49.389s][info][gc,cpu         ] GC(193) User=0.07s Sys=0.00s Real=0.01s
[2026-04-03T02:23:18.099+0600][49.389s][info][gc,marking     ] GC(193) Concurrent Mark 122.931ms
[2026-04-03T02:23:18.099+0600][49.389s][info][gc,marking     ] GC(193) Concurrent Rebuild Remembered Sets and Scrub Regions
[2026-04-03T02:23:18.130+0600][49.419s][info][gc,marking     ] GC(193) Concurrent Rebuild Remembered Sets and Scrub Regions 30.363ms
[2026-04-03T02:23:18.130+0600][49.420s][info][gc,start       ] GC(193) Pause Cleanup
[2026-04-03T02:23:18.130+0600][49.420s][info][gc             ] GC(193) Pause Cleanup 231M->231M(494M) 0.383ms
[2026-04-03T02:23:18.131+0600][49.420s][info][gc,cpu         ] GC(193) User=0.00s Sys=0.00s Real=0.00s
[2026-04-03T02:23:18.131+0600][49.420s][info][gc,marking     ] GC(193) Concurrent Clear Claimed Marks
[2026-04-03T02:23:18.131+0600][49.421s][info][gc,marking     ] GC(193) Concurrent Clear Claimed Marks 0.331ms
[2026-04-03T02:23:18.131+0600][49.421s][info][gc,marking     ] GC(193) Concurrent Cleanup for Next Mark
[2026-04-03T02:23:18.132+0600][49.422s][info][gc,marking     ] GC(193) Concurrent Cleanup for Next Mark 1.411ms
[2026-04-03T02:23:18.132+0600][49.422s][info][gc             ] GC(193) Concurrent Mark Cycle 159.877ms
[2026-04-03T02:23:18.446+0600][49.735s][info][gc,start       ] GC(194) Pause Young (Prepare Mixed) (G1 Evacuation Pause)
[2026-04-03T02:23:18.446+0600][49.735s][info][gc,task        ] GC(194) Using 10 workers of 10 for evacuation
[2026-04-03T02:23:18.449+0600][49.739s][info][gc,phases      ] GC(194)   Pre Evacuate Collection Set: 0.42ms
[2026-04-03T02:23:18.449+0600][49.739s][info][gc,phases      ] GC(194)   Merge Heap Roots: 0.19ms
[2026-04-03T02:23:18.449+0600][49.739s][info][gc,phases      ] GC(194)   Evacuate Collection Set: 2.04ms
[2026-04-03T02:23:18.449+0600][49.739s][info][gc,phases      ] GC(194)   Post Evacuate Collection Set: 0.54ms
[2026-04-03T02:23:18.449+0600][49.739s][info][gc,phases      ] GC(194)   Other: 0.11ms
[2026-04-03T02:23:18.449+0600][49.739s][info][gc,heap        ] GC(194) Eden regions: 240->0(294)
[2026-04-03T02:23:18.449+0600][49.739s][info][gc,heap        ] GC(194) Survivor regions: 7->5(37)
[2026-04-03T02:23:18.449+0600][49.739s][info][gc,heap        ] GC(194) Old regions: 87->87
[2026-04-03T02:23:18.449+0600][49.739s][info][gc,heap        ] GC(194) Humongous regions: 160->8
[2026-04-03T02:23:18.449+0600][49.739s][info][gc,metaspace   ] GC(194) Metaspace: 131563K(133120K)->131563K(133120K) NonClass: 114956K(115776K)->114956K(115776K) Class: 16607K(17344K)->16607K(17344K)
[2026-04-03T02:23:18.449+0600][49.739s][info][gc             ] GC(194) Pause Young (Prepare Mixed) (G1 Evacuation Pause) 489M->95M(499M) 3.493ms
[2026-04-03T02:23:18.449+0600][49.739s][info][gc,cpu         ] GC(194) User=0.01s Sys=0.00s Real=0.00s
[2026-04-03T02:23:18.787+0600][50.077s][info][gc,start       ] GC(195) Pause Young (Mixed) (G1 Evacuation Pause)
[2026-04-03T02:23:18.787+0600][50.077s][info][gc,task        ] GC(195) Using 10 workers of 10 for evacuation
[2026-04-03T02:23:18.793+0600][50.083s][info][gc,phases      ] GC(195)   Pre Evacuate Collection Set: 0.45ms
[2026-04-03T02:23:18.793+0600][50.083s][info][gc,phases      ] GC(195)   Merge Heap Roots: 0.22ms
[2026-04-03T02:23:18.793+0600][50.083s][info][gc,phases      ] GC(195)   Evacuate Collection Set: 4.06ms
[2026-04-03T02:23:18.793+0600][50.083s][info][gc,phases      ] GC(195)   Post Evacuate Collection Set: 0.64ms
[2026-04-03T02:23:18.793+0600][50.083s][info][gc,phases      ] GC(195)   Other: 0.14ms
[2026-04-03T02:23:18.793+0600][50.083s][info][gc,heap        ] GC(195) Eden regions: 252->0(300)
[2026-04-03T02:23:18.793+0600][50.083s][info][gc,heap        ] GC(195) Survivor regions: 5->7(38)
[2026-04-03T02:23:18.793+0600][50.083s][info][gc,heap        ] GC(195) Old regions: 87->86
[2026-04-03T02:23:18.793+0600][50.083s][info][gc,heap        ] GC(195) Humongous regions: 160->8
[2026-04-03T02:23:18.793+0600][50.083s][info][gc,metaspace   ] GC(195) Metaspace: 131569K(133120K)->131569K(133120K) NonClass: 114962K(115776K)->114962K(115776K) Class: 16607K(17344K)->16607K(17344K)
[2026-04-03T02:23:18.793+0600][50.083s][info][gc             ] GC(195) Pause Young (Mixed) (G1 Evacuation Pause) 499M->96M(512M) 5.807ms
[2026-04-03T02:23:18.793+0600][50.083s][info][gc,cpu         ] GC(195) User=0.04s Sys=0.01s Real=0.01s
[2026-04-03T02:23:18.811+0600][50.101s][info][gc,start       ] GC(196) Pause Young (Concurrent Start) (G1 Humongous Allocation)
[2026-04-03T02:23:18.811+0600][50.101s][info][gc,task        ] GC(196) Using 10 workers of 10 for evacuation
[2026-04-03T02:23:18.815+0600][50.104s][info][gc,phases      ] GC(196)   Pre Evacuate Collection Set: 0.37ms
[2026-04-03T02:23:18.815+0600][50.104s][info][gc,phases      ] GC(196)   Merge Heap Roots: 0.17ms
[2026-04-03T02:23:18.815+0600][50.104s][info][gc,phases      ] GC(196)   Evacuate Collection Set: 1.98ms
[2026-04-03T02:23:18.815+0600][50.104s][info][gc,phases      ] GC(196)   Post Evacuate Collection Set: 0.51ms
[2026-04-03T02:23:18.815+0600][50.104s][info][gc,phases      ] GC(196)   Other: 0.23ms
[2026-04-03T02:23:18.815+0600][50.104s][info][gc,heap        ] GC(196) Eden regions: 25->0(302)
[2026-04-03T02:23:18.815+0600][50.104s][info][gc,heap        ] GC(196) Survivor regions: 7->5(39)
[2026-04-03T02:23:18.815+0600][50.104s][info][gc,heap        ] GC(196) Old regions: 86->86
[2026-04-03T02:23:18.815+0600][50.104s][info][gc,heap        ] GC(196) Humongous regions: 20->8
[2026-04-03T02:23:18.815+0600][50.104s][info][gc,metaspace   ] GC(196) Metaspace: 131569K(133120K)->131569K(133120K) NonClass: 114962K(115776K)->114962K(115776K) Class: 16607K(17344K)->16607K(17344K)
[2026-04-03T02:23:18.815+0600][50.104s][info][gc             ] GC(196) Pause Young (Concurrent Start) (G1 Humongous Allocation) 133M->95M(512M) 3.560ms
[2026-04-03T02:23:18.815+0600][50.105s][info][gc             ] GC(197) Concurrent Undo Cycle
[2026-04-03T02:23:18.815+0600][50.105s][info][gc,cpu         ] GC(196) User=0.02s Sys=0.00s Real=0.00s
[2026-04-03T02:23:18.815+0600][50.105s][info][gc,marking     ] GC(197) Concurrent Clear Claimed Marks
[2026-04-03T02:23:18.815+0600][50.105s][info][gc,marking     ] GC(197) Concurrent Clear Claimed Marks 0.347ms
[2026-04-03T02:23:18.815+0600][50.105s][info][gc,marking     ] GC(197) Concurrent Cleanup for Next Mark
[2026-04-03T02:23:18.816+0600][50.105s][info][gc,marking     ] GC(197) Concurrent Cleanup for Next Mark 0.195ms
[2026-04-03T02:23:18.816+0600][50.105s][info][gc             ] GC(197) Concurrent Undo Cycle 0.710ms
[2026-04-03T02:23:18.826+0600][50.115s][info][gc,start       ] GC(198) Pause Young (Concurrent Start) (G1 Humongous Allocation)
[2026-04-03T02:23:18.826+0600][50.115s][info][gc,task        ] GC(198) Using 10 workers of 10 for evacuation
[2026-04-03T02:23:18.828+0600][50.118s][info][gc,phases      ] GC(198)   Pre Evacuate Collection Set: 0.38ms
[2026-04-03T02:23:18.828+0600][50.118s][info][gc,phases      ] GC(198)   Merge Heap Roots: 0.10ms
[2026-04-03T02:23:18.828+0600][50.118s][info][gc,phases      ] GC(198)   Evacuate Collection Set: 1.46ms
[2026-04-03T02:23:18.828+0600][50.118s][info][gc,phases      ] GC(198)   Post Evacuate Collection Set: 0.53ms
[2026-04-03T02:23:18.828+0600][50.118s][info][gc,phases      ] GC(198)   Other: 0.19ms
[2026-04-03T02:23:18.828+0600][50.118s][info][gc,heap        ] GC(198) Eden regions: 3->0(302)
[2026-04-03T02:23:18.829+0600][50.118s][info][gc,heap        ] GC(198) Survivor regions: 5->5(39)
[2026-04-03T02:23:18.829+0600][50.118s][info][gc,heap        ] GC(198) Old regions: 86->86
[2026-04-03T02:23:18.829+0600][50.118s][info][gc,heap        ] GC(198) Humongous regions: 12->8
[2026-04-03T02:23:18.829+0600][50.118s][info][gc,metaspace   ] GC(198) Metaspace: 131569K(133120K)->131569K(133120K) NonClass: 114962K(115776K)->114962K(115776K) Class: 16607K(17344K)->16607K(17344K)
[2026-04-03T02:23:18.829+0600][50.118s][info][gc             ] GC(198) Pause Young (Concurrent Start) (G1 Humongous Allocation) 102M->95M(512M) 2.922ms
[2026-04-03T02:23:18.829+0600][50.118s][info][gc             ] GC(199) Concurrent Undo Cycle
[2026-04-03T02:23:18.829+0600][50.118s][info][gc,cpu         ] GC(198) User=0.02s Sys=0.00s Real=0.00s
[2026-04-03T02:23:18.829+0600][50.118s][info][gc,marking     ] GC(199) Concurrent Clear Claimed Marks
[2026-04-03T02:23:18.829+0600][50.119s][info][gc,marking     ] GC(199) Concurrent Clear Claimed Marks 0.254ms
[2026-04-03T02:23:18.829+0600][50.119s][info][gc,marking     ] GC(199) Concurrent Cleanup for Next Mark
[2026-04-03T02:23:18.829+0600][50.119s][info][gc,marking     ] GC(199) Concurrent Cleanup for Next Mark 0.213ms
[2026-04-03T02:23:18.829+0600][50.119s][info][gc             ] GC(199) Concurrent Undo Cycle 0.630ms
[2026-04-03T02:23:18.853+0600][50.142s][info][gc,start       ] GC(200) Pause Young (Concurrent Start) (G1 Humongous Allocation)
[2026-04-03T02:23:18.853+0600][50.142s][info][gc,task        ] GC(200) Using 10 workers of 10 for evacuation
[2026-04-03T02:23:18.857+0600][50.147s][info][gc,phases      ] GC(200)   Pre Evacuate Collection Set: 0.61ms
[2026-04-03T02:23:18.857+0600][50.147s][info][gc,phases      ] GC(200)   Merge Heap Roots: 0.16ms
[2026-04-03T02:23:18.857+0600][50.147s][info][gc,phases      ] GC(200)   Evacuate Collection Set: 2.84ms
[2026-04-03T02:23:18.857+0600][50.147s][info][gc,phases      ] GC(200)   Post Evacuate Collection Set: 0.68ms
[2026-04-03T02:23:18.857+0600][50.147s][info][gc,phases      ] GC(200)   Other: 0.26ms
[2026-04-03T02:23:18.857+0600][50.147s][info][gc,heap        ] GC(200) Eden regions: 22->0(300)
[2026-04-03T02:23:18.857+0600][50.147s][info][gc,heap        ] GC(200) Survivor regions: 5->7(39)
[2026-04-03T02:23:18.857+0600][50.147s][info][gc,heap        ] GC(200) Old regions: 86->86
[2026-04-03T02:23:18.857+0600][50.147s][info][gc,heap        ] GC(200) Humongous regions: 17->8
[2026-04-03T02:23:18.857+0600][50.147s][info][gc,metaspace   ] GC(200) Metaspace: 131569K(133120K)->131569K(133120K) NonClass: 114962K(115776K)->114962K(115776K) Class: 16607K(17344K)->16607K(17344K)
[2026-04-03T02:23:18.857+0600][50.147s][info][gc             ] GC(200) Pause Young (Concurrent Start) (G1 Humongous Allocation) 125M->97M(512M) 4.860ms
[2026-04-03T02:23:18.857+0600][50.147s][info][gc             ] GC(201) Concurrent Undo Cycle
[2026-04-03T02:23:18.858+0600][50.147s][info][gc,cpu         ] GC(200) User=0.03s Sys=0.00s Real=0.00s
[2026-04-03T02:23:18.858+0600][50.147s][info][gc,marking     ] GC(201) Concurrent Clear Claimed Marks
[2026-04-03T02:23:18.858+0600][50.148s][info][gc,marking     ] GC(201) Concurrent Clear Claimed Marks 0.340ms
[2026-04-03T02:23:18.858+0600][50.148s][info][gc,marking     ] GC(201) Concurrent Cleanup for Next Mark
[2026-04-03T02:23:18.858+0600][50.148s][info][gc,marking     ] GC(201) Concurrent Cleanup for Next Mark 0.245ms
[2026-04-03T02:23:18.858+0600][50.148s][info][gc             ] GC(201) Concurrent Undo Cycle 0.816ms
[2026-04-03T02:23:18.862+0600][50.152s][info][gc,start       ] GC(202) Pause Young (Concurrent Start) (G1 Humongous Allocation)
[2026-04-03T02:23:18.862+0600][50.152s][info][gc,task        ] GC(202) Using 10 workers of 10 for evacuation
[2026-04-03T02:23:18.866+0600][50.156s][info][gc,phases      ] GC(202)   Pre Evacuate Collection Set: 0.33ms
[2026-04-03T02:23:18.866+0600][50.156s][info][gc,phases      ] GC(202)   Merge Heap Roots: 0.13ms
[2026-04-03T02:23:18.866+0600][50.156s][info][gc,phases      ] GC(202)   Evacuate Collection Set: 2.13ms
[2026-04-03T02:23:18.866+0600][50.156s][info][gc,phases      ] GC(202)   Post Evacuate Collection Set: 1.30ms
[2026-04-03T02:23:18.866+0600][50.156s][info][gc,phases      ] GC(202)   Other: 0.12ms
[2026-04-03T02:23:18.866+0600][50.156s][info][gc,heap        ] GC(202) Eden regions: 5->0(356)
[2026-04-03T02:23:18.866+0600][50.156s][info][gc,heap        ] GC(202) Survivor regions: 7->5(39)
[2026-04-03T02:23:18.866+0600][50.156s][info][gc,heap        ] GC(202) Old regions: 86->86
[2026-04-03T02:23:18.866+0600][50.156s][info][gc,heap        ] GC(202) Humongous regions: 18->8
[2026-04-03T02:23:18.866+0600][50.156s][info][gc,metaspace   ] GC(202) Metaspace: 131569K(133120K)->131569K(133120K) NonClass: 114962K(115776K)->114962K(115776K) Class: 16607K(17344K)->16607K(17344K)
[2026-04-03T02:23:18.866+0600][50.156s][info][gc             ] GC(202) Pause Young (Concurrent Start) (G1 Humongous Allocation) 112M->95M(602M) 4.302ms
[2026-04-03T02:23:18.867+0600][50.156s][info][gc             ] GC(203) Concurrent Undo Cycle
[2026-04-03T02:23:18.867+0600][50.156s][info][gc,cpu         ] GC(202) User=0.03s Sys=0.00s Real=0.00s
[2026-04-03T02:23:18.867+0600][50.156s][info][gc,marking     ] GC(203) Concurrent Clear Claimed Marks
[2026-04-03T02:23:18.867+0600][50.157s][info][gc,marking     ] GC(203) Concurrent Clear Claimed Marks 0.357ms
[2026-04-03T02:23:18.867+0600][50.157s][info][gc,marking     ] GC(203) Concurrent Cleanup for Next Mark
[2026-04-03T02:23:18.867+0600][50.157s][info][gc,marking     ] GC(203) Concurrent Cleanup for Next Mark 0.300ms
[2026-04-03T02:23:18.867+0600][50.157s][info][gc             ] GC(203) Concurrent Undo Cycle 0.877ms
[2026-04-03T02:23:18.942+0600][50.232s][info][gc,start       ] GC(204) Pause Young (Concurrent Start) (G1 Humongous Allocation)
[2026-04-03T02:23:18.942+0600][50.232s][info][gc,task        ] GC(204) Using 10 workers of 10 for evacuation
[2026-04-03T02:23:18.945+0600][50.234s][info][gc,phases      ] GC(204)   Pre Evacuate Collection Set: 0.41ms
[2026-04-03T02:23:18.945+0600][50.234s][info][gc,phases      ] GC(204)   Merge Heap Roots: 0.10ms
[2026-04-03T02:23:18.945+0600][50.234s][info][gc,phases      ] GC(204)   Evacuate Collection Set: 1.62ms
[2026-04-03T02:23:18.945+0600][50.235s][info][gc,phases      ] GC(204)   Post Evacuate Collection Set: 0.44ms
[2026-04-03T02:23:18.945+0600][50.235s][info][gc,phases      ] GC(204)   Other: 0.11ms
[2026-04-03T02:23:18.945+0600][50.235s][info][gc,heap        ] GC(204) Eden regions: 56->0(356)
[2026-04-03T02:23:18.945+0600][50.235s][info][gc,heap        ] GC(204) Survivor regions: 5->5(46)
[2026-04-03T02:23:18.945+0600][50.235s][info][gc,heap        ] GC(204) Old regions: 86->86
[2026-04-03T02:23:18.945+0600][50.235s][info][gc,heap        ] GC(204) Humongous regions: 52->8
[2026-04-03T02:23:18.945+0600][50.235s][info][gc,metaspace   ] GC(204) Metaspace: 131570K(133120K)->131570K(133120K) NonClass: 114963K(115776K)->114963K(115776K) Class: 16607K(17344K)->16607K(17344K)
[2026-04-03T02:23:18.945+0600][50.235s][info][gc             ] GC(204) Pause Young (Concurrent Start) (G1 Humongous Allocation) 195M->95M(602M) 2.927ms
[2026-04-03T02:23:18.945+0600][50.235s][info][gc             ] GC(205) Concurrent Undo Cycle
[2026-04-03T02:23:18.945+0600][50.235s][info][gc,cpu         ] GC(204) User=0.02s Sys=0.00s Real=0.00s
[2026-04-03T02:23:18.945+0600][50.235s][info][gc,marking     ] GC(205) Concurrent Clear Claimed Marks
[2026-04-03T02:23:18.945+0600][50.235s][info][gc,marking     ] GC(205) Concurrent Clear Claimed Marks 0.275ms
[2026-04-03T02:23:18.945+0600][50.235s][info][gc,marking     ] GC(205) Concurrent Cleanup for Next Mark
[2026-04-03T02:23:18.946+0600][50.235s][info][gc,marking     ] GC(205) Concurrent Cleanup for Next Mark 0.183ms
[2026-04-03T02:23:18.946+0600][50.235s][info][gc             ] GC(205) Concurrent Undo Cycle 0.616ms
[2026-04-03T02:23:19.037+0600][50.327s][info][gc,start       ] GC(206) Pause Young (Concurrent Start) (G1 Humongous Allocation)
[2026-04-03T02:23:19.037+0600][50.327s][info][gc,task        ] GC(206) Using 10 workers of 10 for evacuation
[2026-04-03T02:23:19.042+0600][50.332s][info][gc,phases      ] GC(206)   Pre Evacuate Collection Set: 0.42ms
[2026-04-03T02:23:19.042+0600][50.332s][info][gc,phases      ] GC(206)   Merge Heap Roots: 0.19ms
[2026-04-03T02:23:19.042+0600][50.332s][info][gc,phases      ] GC(206)   Evacuate Collection Set: 3.42ms
[2026-04-03T02:23:19.042+0600][50.332s][info][gc,phases      ] GC(206)   Post Evacuate Collection Set: 1.07ms
[2026-04-03T02:23:19.042+0600][50.332s][info][gc,phases      ] GC(206)   Other: 0.19ms
[2026-04-03T02:23:19.042+0600][50.332s][info][gc,heap        ] GC(206) Eden regions: 80->0(355)
[2026-04-03T02:23:19.042+0600][50.332s][info][gc,heap        ] GC(206) Survivor regions: 5->6(46)
[2026-04-03T02:23:19.042+0600][50.332s][info][gc,heap        ] GC(206) Old regions: 86->87
[2026-04-03T02:23:19.042+0600][50.332s][info][gc,heap        ] GC(206) Humongous regions: 55->8
[2026-04-03T02:23:19.042+0600][50.332s][info][gc,metaspace   ] GC(206) Metaspace: 131572K(133120K)->131572K(133120K) NonClass: 114965K(115776K)->114965K(115776K) Class: 16607K(17344K)->16607K(17344K)
[2026-04-03T02:23:19.042+0600][50.332s][info][gc             ] GC(206) Pause Young (Concurrent Start) (G1 Humongous Allocation) 222M->97M(602M) 5.610ms
[2026-04-03T02:23:19.043+0600][50.332s][info][gc             ] GC(207) Concurrent Undo Cycle
[2026-04-03T02:23:19.043+0600][50.332s][info][gc,cpu         ] GC(206) User=0.03s Sys=0.01s Real=0.01s
[2026-04-03T02:23:19.043+0600][50.332s][info][gc,marking     ] GC(207) Concurrent Clear Claimed Marks
[2026-04-03T02:23:19.043+0600][50.333s][info][gc,marking     ] GC(207) Concurrent Clear Claimed Marks 0.321ms
[2026-04-03T02:23:19.043+0600][50.333s][info][gc,marking     ] GC(207) Concurrent Cleanup for Next Mark
[2026-04-03T02:23:19.043+0600][50.333s][info][gc,marking     ] GC(207) Concurrent Cleanup for Next Mark 0.281ms
[2026-04-03T02:23:19.043+0600][50.333s][info][gc             ] GC(207) Concurrent Undo Cycle 0.827ms
[2026-04-03T02:23:19.120+0600][50.410s][info][gc,start       ] GC(208) Pause Young (Concurrent Start) (G1 Humongous Allocation)
[2026-04-03T02:23:19.120+0600][50.410s][info][gc,task        ] GC(208) Using 10 workers of 10 for evacuation
[2026-04-03T02:23:19.124+0600][50.414s][info][gc,phases      ] GC(208)   Pre Evacuate Collection Set: 0.40ms
[2026-04-03T02:23:19.125+0600][50.414s][info][gc,phases      ] GC(208)   Merge Heap Roots: 0.15ms
[2026-04-03T02:23:19.125+0600][50.414s][info][gc,phases      ] GC(208)   Evacuate Collection Set: 2.77ms
[2026-04-03T02:23:19.125+0600][50.414s][info][gc,phases      ] GC(208)   Post Evacuate Collection Set: 0.61ms
[2026-04-03T02:23:19.125+0600][50.414s][info][gc,phases      ] GC(208)   Other: 0.15ms
[2026-04-03T02:23:19.125+0600][50.414s][info][gc,heap        ] GC(208) Eden regions: 63->0(357)
[2026-04-03T02:23:19.125+0600][50.414s][info][gc,heap        ] GC(208) Survivor regions: 6->4(46)
[2026-04-03T02:23:19.125+0600][50.414s][info][gc,heap        ] GC(208) Old regions: 87->88
[2026-04-03T02:23:19.125+0600][50.414s][info][gc,heap        ] GC(208) Humongous regions: 56->8
[2026-04-03T02:23:19.125+0600][50.414s][info][gc,metaspace   ] GC(208) Metaspace: 131590K(133120K)->131590K(133120K) NonClass: 114981K(115776K)->114981K(115776K) Class: 16608K(17344K)->16608K(17344K)
[2026-04-03T02:23:19.125+0600][50.414s][info][gc             ] GC(208) Pause Young (Concurrent Start) (G1 Humongous Allocation) 207M->96M(602M) 4.347ms
[2026-04-03T02:23:19.125+0600][50.414s][info][gc             ] GC(209) Concurrent Undo Cycle
[2026-04-03T02:23:19.125+0600][50.414s][info][gc,cpu         ] GC(208) User=0.03s Sys=0.01s Real=0.00s
[2026-04-03T02:23:19.125+0600][50.414s][info][gc,marking     ] GC(209) Concurrent Clear Claimed Marks
[2026-04-03T02:23:19.125+0600][50.415s][info][gc,marking     ] GC(209) Concurrent Clear Claimed Marks 0.294ms
[2026-04-03T02:23:19.125+0600][50.415s][info][gc,marking     ] GC(209) Concurrent Cleanup for Next Mark
[2026-04-03T02:23:19.125+0600][50.415s][info][gc,marking     ] GC(209) Concurrent Cleanup for Next Mark 0.286ms
[2026-04-03T02:23:19.125+0600][50.415s][info][gc             ] GC(209) Concurrent Undo Cycle 0.822ms
[2026-04-03T02:23:19.194+0600][50.484s][info][gc,start       ] GC(210) Pause Young (Concurrent Start) (G1 Humongous Allocation)
[2026-04-03T02:23:19.194+0600][50.484s][info][gc,task        ] GC(210) Using 10 workers of 10 for evacuation
[2026-04-03T02:23:19.198+0600][50.488s][info][gc,phases      ] GC(210)   Pre Evacuate Collection Set: 0.46ms
[2026-04-03T02:23:19.198+0600][50.488s][info][gc,phases      ] GC(210)   Merge Heap Roots: 0.16ms
[2026-04-03T02:23:19.199+0600][50.488s][info][gc,phases      ] GC(210)   Evacuate Collection Set: 2.42ms
[2026-04-03T02:23:19.199+0600][50.488s][info][gc,phases      ] GC(210)   Post Evacuate Collection Set: 0.64ms
[2026-04-03T02:23:19.199+0600][50.488s][info][gc,phases      ] GC(210)   Other: 0.26ms
[2026-04-03T02:23:19.199+0600][50.488s][info][gc,heap        ] GC(210) Eden regions: 60->0(358)
[2026-04-03T02:23:19.199+0600][50.488s][info][gc,heap        ] GC(210) Survivor regions: 4->3(46)
[2026-04-03T02:23:19.199+0600][50.488s][info][gc,heap        ] GC(210) Old regions: 88->88
[2026-04-03T02:23:19.199+0600][50.488s][info][gc,heap        ] GC(210) Humongous regions: 56->8
[2026-04-03T02:23:19.199+0600][50.488s][info][gc,metaspace   ] GC(210) Metaspace: 131591K(133120K)->131591K(133120K) NonClass: 114983K(115776K)->114983K(115776K) Class: 16608K(17344K)->16608K(17344K)
[2026-04-03T02:23:19.199+0600][50.488s][info][gc             ] GC(210) Pause Young (Concurrent Start) (G1 Humongous Allocation) 203M->95M(602M) 4.256ms
[2026-04-03T02:23:19.199+0600][50.488s][info][gc             ] GC(211) Concurrent Undo Cycle
[2026-04-03T02:23:19.199+0600][50.488s][info][gc,cpu         ] GC(210) User=0.03s Sys=0.00s Real=0.00s
[2026-04-03T02:23:19.199+0600][50.488s][info][gc,marking     ] GC(211) Concurrent Clear Claimed Marks
[2026-04-03T02:23:19.199+0600][50.489s][info][gc,marking     ] GC(211) Concurrent Clear Claimed Marks 0.381ms
[2026-04-03T02:23:19.199+0600][50.489s][info][gc,marking     ] GC(211) Concurrent Cleanup for Next Mark
[2026-04-03T02:23:19.200+0600][50.489s][info][gc,marking     ] GC(211) Concurrent Cleanup for Next Mark 0.274ms
[2026-04-03T02:23:19.200+0600][50.489s][info][gc             ] GC(211) Concurrent Undo Cycle 0.919ms
[2026-04-03T02:23:19.319+0600][50.608s][info][gc,start       ] GC(212) Pause Young (Concurrent Start) (G1 Humongous Allocation)
[2026-04-03T02:23:19.319+0600][50.608s][info][gc,task        ] GC(212) Using 10 workers of 10 for evacuation
[2026-04-03T02:23:19.324+0600][50.614s][info][gc,phases      ] GC(212)   Pre Evacuate Collection Set: 0.70ms
[2026-04-03T02:23:19.324+0600][50.614s][info][gc,phases      ] GC(212)   Merge Heap Roots: 0.30ms
[2026-04-03T02:23:19.324+0600][50.614s][info][gc,phases      ] GC(212)   Evacuate Collection Set: 3.13ms
[2026-04-03T02:23:19.324+0600][50.614s][info][gc,phases      ] GC(212)   Post Evacuate Collection Set: 0.93ms
[2026-04-03T02:23:19.324+0600][50.614s][info][gc,phases      ] GC(212)   Other: 0.27ms
[2026-04-03T02:23:19.324+0600][50.614s][info][gc,heap        ] GC(212) Eden regions: 95->0(356)
[2026-04-03T02:23:19.324+0600][50.614s][info][gc,heap        ] GC(212) Survivor regions: 3->5(46)
[2026-04-03T02:23:19.324+0600][50.614s][info][gc,heap        ] GC(212) Old regions: 88->88
[2026-04-03T02:23:19.324+0600][50.614s][info][gc,heap        ] GC(212) Humongous regions: 59->8
[2026-04-03T02:23:19.324+0600][50.614s][info][gc,metaspace   ] GC(212) Metaspace: 131592K(133120K)->131592K(133120K) NonClass: 114983K(115776K)->114983K(115776K) Class: 16608K(17344K)->16608K(17344K)
[2026-04-03T02:23:19.324+0600][50.614s][info][gc             ] GC(212) Pause Young (Concurrent Start) (G1 Humongous Allocation) 241M->97M(602M) 5.608ms
[2026-04-03T02:23:19.324+0600][50.614s][info][gc             ] GC(213) Concurrent Undo Cycle
[2026-04-03T02:23:19.324+0600][50.614s][info][gc,marking     ] GC(213) Concurrent Clear Claimed Marks
[2026-04-03T02:23:19.324+0600][50.614s][info][gc,cpu         ] GC(212) User=0.03s Sys=0.00s Real=0.01s
[2026-04-03T02:23:19.325+0600][50.614s][info][gc,marking     ] GC(213) Concurrent Clear Claimed Marks 0.304ms
[2026-04-03T02:23:19.325+0600][50.614s][info][gc,marking     ] GC(213) Concurrent Cleanup for Next Mark
[2026-04-03T02:23:19.325+0600][50.615s][info][gc,marking     ] GC(213) Concurrent Cleanup for Next Mark 0.290ms
[2026-04-03T02:23:19.325+0600][50.615s][info][gc             ] GC(213) Concurrent Undo Cycle 0.791ms
[2026-04-03T02:23:19.450+0600][50.739s][info][gc,start       ] GC(214) Pause Young (Concurrent Start) (G1 Humongous Allocation)
[2026-04-03T02:23:19.450+0600][50.739s][info][gc,task        ] GC(214) Using 10 workers of 10 for evacuation
[2026-04-03T02:23:19.454+0600][50.743s][info][gc,phases      ] GC(214)   Pre Evacuate Collection Set: 0.48ms
[2026-04-03T02:23:19.454+0600][50.743s][info][gc,phases      ] GC(214)   Merge Heap Roots: 0.16ms
[2026-04-03T02:23:19.454+0600][50.743s][info][gc,phases      ] GC(214)   Evacuate Collection Set: 2.38ms
[2026-04-03T02:23:19.454+0600][50.743s][info][gc,phases      ] GC(214)   Post Evacuate Collection Set: 0.72ms
[2026-04-03T02:23:19.454+0600][50.743s][info][gc,phases      ] GC(214)   Other: 0.24ms
[2026-04-03T02:23:19.454+0600][50.743s][info][gc,heap        ] GC(214) Eden regions: 64->0(357)
[2026-04-03T02:23:19.454+0600][50.743s][info][gc,heap        ] GC(214) Survivor regions: 5->4(46)
[2026-04-03T02:23:19.454+0600][50.743s][info][gc,heap        ] GC(214) Old regions: 88->88
[2026-04-03T02:23:19.454+0600][50.744s][info][gc,heap        ] GC(214) Humongous regions: 61->8
[2026-04-03T02:23:19.454+0600][50.744s][info][gc,metaspace   ] GC(214) Metaspace: 131616K(133120K)->131616K(133120K) NonClass: 115006K(115776K)->115006K(115776K) Class: 16609K(17344K)->16609K(17344K)
[2026-04-03T02:23:19.454+0600][50.744s][info][gc             ] GC(214) Pause Young (Concurrent Start) (G1 Humongous Allocation) 213M->96M(602M) 4.275ms
[2026-04-03T02:23:19.454+0600][50.744s][info][gc             ] GC(215) Concurrent Undo Cycle
[2026-04-03T02:23:19.454+0600][50.744s][info][gc,cpu         ] GC(214) User=0.02s Sys=0.00s Real=0.01s
[2026-04-03T02:23:19.454+0600][50.744s][info][gc,marking     ] GC(215) Concurrent Clear Claimed Marks
[2026-04-03T02:23:19.454+0600][50.744s][info][gc,marking     ] GC(215) Concurrent Clear Claimed Marks 0.222ms
[2026-04-03T02:23:19.454+0600][50.744s][info][gc,marking     ] GC(215) Concurrent Cleanup for Next Mark
[2026-04-03T02:23:19.454+0600][50.744s][info][gc,marking     ] GC(215) Concurrent Cleanup for Next Mark 0.175ms
[2026-04-03T02:23:19.454+0600][50.744s][info][gc             ] GC(215) Concurrent Undo Cycle 0.535ms
[2026-04-03T02:23:19.685+0600][50.974s][info][gc,start       ] GC(216) Pause Young (Concurrent Start) (G1 Humongous Allocation)
[2026-04-03T02:23:19.685+0600][50.974s][info][gc,task        ] GC(216) Using 10 workers of 10 for evacuation
[2026-04-03T02:23:19.690+0600][50.979s][info][gc,phases      ] GC(216)   Pre Evacuate Collection Set: 0.62ms
[2026-04-03T02:23:19.690+0600][50.979s][info][gc,phases      ] GC(216)   Merge Heap Roots: 0.19ms
[2026-04-03T02:23:19.690+0600][50.979s][info][gc,phases      ] GC(216)   Evacuate Collection Set: 3.28ms
[2026-04-03T02:23:19.690+0600][50.979s][info][gc,phases      ] GC(216)   Post Evacuate Collection Set: 0.73ms
[2026-04-03T02:23:19.690+0600][50.980s][info][gc,phases      ] GC(216)   Other: 0.20ms
[2026-04-03T02:23:19.690+0600][50.980s][info][gc,heap        ] GC(216) Eden regions: 245->0(355)
[2026-04-03T02:23:19.690+0600][50.980s][info][gc,heap        ] GC(216) Survivor regions: 4->6(46)
[2026-04-03T02:23:19.690+0600][50.980s][info][gc,heap        ] GC(216) Old regions: 88->89
[2026-04-03T02:23:19.690+0600][50.980s][info][gc,heap        ] GC(216) Humongous regions: 63->8
[2026-04-03T02:23:19.690+0600][50.980s][info][gc,metaspace   ] GC(216) Metaspace: 131616K(133120K)->131616K(133120K) NonClass: 115006K(115776K)->115006K(115776K) Class: 16609K(17344K)->16609K(17344K)
[2026-04-03T02:23:19.690+0600][50.980s][info][gc             ] GC(216) Pause Young (Concurrent Start) (G1 Humongous Allocation) 396M->99M(602M) 5.381ms
[2026-04-03T02:23:19.690+0600][50.980s][info][gc,cpu         ] GC(216) User=0.04s Sys=0.00s Real=0.01s
[2026-04-03T02:23:19.690+0600][50.980s][info][gc             ] GC(217) Concurrent Undo Cycle
[2026-04-03T02:23:19.690+0600][50.980s][info][gc,marking     ] GC(217) Concurrent Clear Claimed Marks
[2026-04-03T02:23:19.691+0600][50.980s][info][gc,marking     ] GC(217) Concurrent Clear Claimed Marks 0.367ms
[2026-04-03T02:23:19.691+0600][50.980s][info][gc,marking     ] GC(217) Concurrent Cleanup for Next Mark
[2026-04-03T02:23:19.691+0600][50.981s][info][gc,marking     ] GC(217) Concurrent Cleanup for Next Mark 0.241ms
[2026-04-03T02:23:19.691+0600][50.981s][info][gc             ] GC(217) Concurrent Undo Cycle 0.814ms
[2026-04-03T02:23:19.692+0600][50.982s][info][gc,start       ] GC(218) Pause Young (Concurrent Start) (G1 Humongous Allocation)
[2026-04-03T02:23:19.692+0600][50.982s][info][gc,task        ] GC(218) Using 10 workers of 10 for evacuation
[2026-04-03T02:23:19.697+0600][50.986s][info][gc,phases      ] GC(218)   Pre Evacuate Collection Set: 0.43ms
[2026-04-03T02:23:19.697+0600][50.986s][info][gc,phases      ] GC(218)   Merge Heap Roots: 0.20ms
[2026-04-03T02:23:19.697+0600][50.986s][info][gc,phases      ] GC(218)   Evacuate Collection Set: 2.77ms
[2026-04-03T02:23:19.697+0600][50.987s][info][gc,phases      ] GC(218)   Post Evacuate Collection Set: 0.94ms
[2026-04-03T02:23:19.697+0600][50.987s][info][gc,phases      ] GC(218)   Other: 0.18ms
[2026-04-03T02:23:19.697+0600][50.987s][info][gc,heap        ] GC(218) Eden regions: 4->0(355)
[2026-04-03T02:23:19.697+0600][50.987s][info][gc,heap        ] GC(218) Survivor regions: 6->6(46)
[2026-04-03T02:23:19.697+0600][50.987s][info][gc,heap        ] GC(218) Old regions: 89->89
[2026-04-03T02:23:19.697+0600][50.987s][info][gc,heap        ] GC(218) Humongous regions: 12->8
[2026-04-03T02:23:19.697+0600][50.987s][info][gc,metaspace   ] GC(218) Metaspace: 131616K(133120K)->131616K(133120K) NonClass: 115006K(115776K)->115006K(115776K) Class: 16609K(17344K)->16609K(17344K)
[2026-04-03T02:23:19.697+0600][50.987s][info][gc             ] GC(218) Pause Young (Concurrent Start) (G1 Humongous Allocation) 106M->98M(602M) 4.955ms
[2026-04-03T02:23:19.697+0600][50.987s][info][gc             ] GC(219) Concurrent Undo Cycle
[2026-04-03T02:23:19.697+0600][50.987s][info][gc,cpu         ] GC(218) User=0.03s Sys=0.00s Real=0.00s
[2026-04-03T02:23:19.697+0600][50.987s][info][gc,marking     ] GC(219) Concurrent Clear Claimed Marks
[2026-04-03T02:23:19.697+0600][50.987s][info][gc,marking     ] GC(219) Concurrent Clear Claimed Marks 0.321ms
[2026-04-03T02:23:19.698+0600][50.987s][info][gc,marking     ] GC(219) Concurrent Cleanup for Next Mark
[2026-04-03T02:23:19.698+0600][50.987s][info][gc,marking     ] GC(219) Concurrent Cleanup for Next Mark 0.251ms
[2026-04-03T02:23:19.698+0600][50.987s][info][gc             ] GC(219) Concurrent Undo Cycle 0.799ms
[2026-04-03T02:23:19.809+0600][51.099s][info][gc,start       ] GC(220) Pause Young (Concurrent Start) (G1 Humongous Allocation)
[2026-04-03T02:23:19.809+0600][51.099s][info][gc,task        ] GC(220) Using 10 workers of 10 for evacuation
[2026-04-03T02:23:19.813+0600][51.103s][info][gc,phases      ] GC(220)   Pre Evacuate Collection Set: 0.40ms
[2026-04-03T02:23:19.813+0600][51.103s][info][gc,phases      ] GC(220)   Merge Heap Roots: 0.11ms
[2026-04-03T02:23:19.813+0600][51.103s][info][gc,phases      ] GC(220)   Evacuate Collection Set: 2.01ms
[2026-04-03T02:23:19.813+0600][51.103s][info][gc,phases      ] GC(220)   Post Evacuate Collection Set: 0.99ms
[2026-04-03T02:23:19.813+0600][51.103s][info][gc,phases      ] GC(220)   Other: 0.18ms
[2026-04-03T02:23:19.813+0600][51.103s][info][gc,heap        ] GC(220) Eden regions: 49->0(356)
[2026-04-03T02:23:19.813+0600][51.103s][info][gc,heap        ] GC(220) Survivor regions: 6->5(46)
[2026-04-03T02:23:19.813+0600][51.103s][info][gc,heap        ] GC(220) Old regions: 89->89
[2026-04-03T02:23:19.813+0600][51.103s][info][gc,heap        ] GC(220) Humongous regions: 63->18
[2026-04-03T02:23:19.813+0600][51.103s][info][gc,metaspace   ] GC(220) Metaspace: 131623K(133120K)->131623K(133120K) NonClass: 115014K(115776K)->115014K(115776K) Class: 16609K(17344K)->16609K(17344K)
[2026-04-03T02:23:19.813+0600][51.103s][info][gc             ] GC(220) Pause Young (Concurrent Start) (G1 Humongous Allocation) 202M->107M(602M) 4.012ms
[2026-04-03T02:23:19.813+0600][51.103s][info][gc             ] GC(221) Concurrent Undo Cycle
[2026-04-03T02:23:19.813+0600][51.103s][info][gc,cpu         ] GC(220) User=0.03s Sys=0.00s Real=0.01s
[2026-04-03T02:23:19.813+0600][51.103s][info][gc,marking     ] GC(221) Concurrent Clear Claimed Marks
[2026-04-03T02:23:19.814+0600][51.103s][info][gc,marking     ] GC(221) Concurrent Clear Claimed Marks 0.270ms
[2026-04-03T02:23:19.814+0600][51.103s][info][gc,marking     ] GC(221) Concurrent Cleanup for Next Mark
[2026-04-03T02:23:19.814+0600][51.104s][info][gc,marking     ] GC(221) Concurrent Cleanup for Next Mark 0.243ms
[2026-04-03T02:23:19.814+0600][51.104s][info][gc             ] GC(221) Concurrent Undo Cycle 0.748ms
[2026-04-03T02:23:19.817+0600][51.106s][info][gc,start       ] GC(222) Pause Young (Concurrent Start) (G1 Humongous Allocation)
[2026-04-03T02:23:19.817+0600][51.106s][info][gc,task        ] GC(222) Using 10 workers of 10 for evacuation
[2026-04-03T02:23:19.820+0600][51.110s][info][gc,phases      ] GC(222)   Pre Evacuate Collection Set: 0.48ms
[2026-04-03T02:23:19.820+0600][51.110s][info][gc,phases      ] GC(222)   Merge Heap Roots: 0.15ms
[2026-04-03T02:23:19.820+0600][51.110s][info][gc,phases      ] GC(222)   Evacuate Collection Set: 1.90ms
[2026-04-03T02:23:19.820+0600][51.110s][info][gc,phases      ] GC(222)   Post Evacuate Collection Set: 0.73ms
[2026-04-03T02:23:19.820+0600][51.110s][info][gc,phases      ] GC(222)   Other: 0.27ms
[2026-04-03T02:23:19.820+0600][51.110s][info][gc,heap        ] GC(222) Eden regions: 4->0(356)
[2026-04-03T02:23:19.820+0600][51.110s][info][gc,heap        ] GC(222) Survivor regions: 5->5(46)
[2026-04-03T02:23:19.820+0600][51.110s][info][gc,heap        ] GC(222) Old regions: 89->89
[2026-04-03T02:23:19.820+0600][51.110s][info][gc,heap        ] GC(222) Humongous regions: 58->23
[2026-04-03T02:23:19.820+0600][51.110s][info][gc,metaspace   ] GC(222) Metaspace: 131623K(133120K)->131623K(133120K) NonClass: 115014K(115776K)->115014K(115776K) Class: 16609K(17344K)->16609K(17344K)
[2026-04-03T02:23:19.820+0600][51.110s][info][gc             ] GC(222) Pause Young (Concurrent Start) (G1 Humongous Allocation) 151M->113M(602M) 3.889ms
[2026-04-03T02:23:19.820+0600][51.110s][info][gc             ] GC(223) Concurrent Undo Cycle
[2026-04-03T02:23:19.821+0600][51.110s][info][gc,cpu         ] GC(222) User=0.02s Sys=0.00s Real=0.01s
[2026-04-03T02:23:19.821+0600][51.110s][info][gc,marking     ] GC(223) Concurrent Clear Claimed Marks
[2026-04-03T02:23:19.821+0600][51.111s][info][gc,marking     ] GC(223) Concurrent Clear Claimed Marks 0.311ms
[2026-04-03T02:23:19.821+0600][51.111s][info][gc,marking     ] GC(223) Concurrent Cleanup for Next Mark
[2026-04-03T02:23:19.821+0600][51.111s][info][gc,marking     ] GC(223) Concurrent Cleanup for Next Mark 0.198ms
[2026-04-03T02:23:19.821+0600][51.111s][info][gc             ] GC(223) Concurrent Undo Cycle 0.680ms
[2026-04-03T02:23:19.822+0600][51.111s][info][gc,start       ] GC(224) Pause Young (Concurrent Start) (G1 Humongous Allocation)
[2026-04-03T02:23:19.822+0600][51.112s][info][gc,task        ] GC(224) Using 10 workers of 10 for evacuation
[2026-04-03T02:23:19.825+0600][51.115s][info][gc,phases      ] GC(224)   Pre Evacuate Collection Set: 0.32ms
[2026-04-03T02:23:19.825+0600][51.115s][info][gc,phases      ] GC(224)   Merge Heap Roots: 0.08ms
[2026-04-03T02:23:19.825+0600][51.115s][info][gc,phases      ] GC(224)   Evacuate Collection Set: 1.85ms
[2026-04-03T02:23:19.825+0600][51.115s][info][gc,phases      ] GC(224)   Post Evacuate Collection Set: 0.57ms
[2026-04-03T02:23:19.825+0600][51.115s][info][gc,phases      ] GC(224)   Other: 0.26ms
[2026-04-03T02:23:19.825+0600][51.115s][info][gc,heap        ] GC(224) Eden regions: 2->0(356)
[2026-04-03T02:23:19.825+0600][51.115s][info][gc,heap        ] GC(224) Survivor regions: 5->5(46)
[2026-04-03T02:23:19.825+0600][51.115s][info][gc,heap        ] GC(224) Old regions: 89->89
[2026-04-03T02:23:19.825+0600][51.115s][info][gc,heap        ] GC(224) Humongous regions: 28->8
[2026-04-03T02:23:19.825+0600][51.115s][info][gc,metaspace   ] GC(224) Metaspace: 131623K(133120K)->131623K(133120K) NonClass: 115014K(115776K)->115014K(115776K) Class: 16609K(17344K)->16609K(17344K)
[2026-04-03T02:23:19.825+0600][51.115s][info][gc             ] GC(224) Pause Young (Concurrent Start) (G1 Humongous Allocation) 120M->98M(602M) 3.362ms
[2026-04-03T02:23:19.825+0600][51.115s][info][gc             ] GC(225) Concurrent Mark Cycle
[2026-04-03T02:23:19.825+0600][51.115s][info][gc,cpu         ] GC(224) User=0.02s Sys=0.00s Real=0.00s
[2026-04-03T02:23:19.825+0600][51.115s][info][gc,marking     ] GC(225) Concurrent Scan Root Regions
[2026-04-03T02:23:19.829+0600][51.119s][info][gc,marking     ] GC(225) Concurrent Scan Root Regions 3.780ms
[2026-04-03T02:23:19.829+0600][51.119s][info][gc,marking     ] GC(225) Concurrent Mark
[2026-04-03T02:23:19.829+0600][51.119s][info][gc,marking     ] GC(225) Concurrent Mark From Roots
[2026-04-03T02:23:19.829+0600][51.119s][info][gc,task        ] GC(225) Using 3 workers of 3 for marking
[2026-04-03T02:23:19.926+0600][51.216s][info][gc,marking     ] GC(225) Concurrent Mark From Roots 97.100ms
[2026-04-03T02:23:19.926+0600][51.216s][info][gc,marking     ] GC(225) Concurrent Preclean
[2026-04-03T02:23:19.927+0600][51.216s][info][gc,marking     ] GC(225) Concurrent Preclean 0.243ms
[2026-04-03T02:23:19.927+0600][51.217s][info][gc,start       ] GC(225) Pause Remark
[2026-04-03T02:23:19.935+0600][51.225s][info][gc             ] GC(225) Pause Remark 446M->446M(652M) 8.304ms
[2026-04-03T02:23:19.936+0600][51.225s][info][gc,cpu         ] GC(225) User=0.05s Sys=0.00s Real=0.01s
[2026-04-03T02:23:19.936+0600][51.225s][info][gc,marking     ] GC(225) Concurrent Mark 106.568ms
[2026-04-03T02:23:19.936+0600][51.226s][info][gc,marking     ] GC(225) Concurrent Rebuild Remembered Sets and Scrub Regions
[2026-04-03T02:23:19.967+0600][51.256s][info][gc,marking     ] GC(225) Concurrent Rebuild Remembered Sets and Scrub Regions 30.643ms
[2026-04-03T02:23:19.971+0600][51.261s][info][gc,start       ] GC(225) Pause Cleanup
[2026-04-03T02:23:19.972+0600][51.261s][info][gc             ] GC(225) Pause Cleanup 627M->627M(652M) 0.508ms
[2026-04-03T02:23:19.972+0600][51.261s][info][gc,cpu         ] GC(225) User=0.01s Sys=0.00s Real=0.00s
[2026-04-03T02:23:19.972+0600][51.262s][info][gc,marking     ] GC(225) Concurrent Clear Claimed Marks
[2026-04-03T02:23:19.972+0600][51.262s][info][gc,marking     ] GC(225) Concurrent Clear Claimed Marks 0.411ms
[2026-04-03T02:23:19.972+0600][51.262s][info][gc,marking     ] GC(225) Concurrent Cleanup for Next Mark
[2026-04-03T02:23:19.974+0600][51.264s][info][gc,marking     ] GC(225) Concurrent Cleanup for Next Mark 1.925ms
[2026-04-03T02:23:19.974+0600][51.264s][info][gc             ] GC(225) Concurrent Mark Cycle 149.241ms
[2026-04-03T02:23:20.001+0600][51.291s][info][gc,start       ] GC(226) Pause Young (Prepare Mixed) (G1 Evacuation Pause)
[2026-04-03T02:23:20.001+0600][51.291s][info][gc,task        ] GC(226) Using 10 workers of 10 for evacuation
[2026-04-03T02:23:20.006+0600][51.295s][info][gc,phases      ] GC(226)   Pre Evacuate Collection Set: 0.27ms
[2026-04-03T02:23:20.006+0600][51.295s][info][gc,phases      ] GC(226)   Merge Heap Roots: 0.21ms
[2026-04-03T02:23:20.006+0600][51.295s][info][gc,phases      ] GC(226)   Evacuate Collection Set: 2.70ms
[2026-04-03T02:23:20.006+0600][51.295s][info][gc,phases      ] GC(226)   Post Evacuate Collection Set: 1.23ms
[2026-04-03T02:23:20.006+0600][51.295s][info][gc,phases      ] GC(226)   Other: 0.09ms
[2026-04-03T02:23:20.006+0600][51.295s][info][gc,heap        ] GC(226) Eden regions: 76->0(450)
[2026-04-03T02:23:20.006+0600][51.295s][info][gc,heap        ] GC(226) Survivor regions: 5->6(49)
[2026-04-03T02:23:20.006+0600][51.295s][info][gc,heap        ] GC(226) Old regions: 89->89
[2026-04-03T02:23:20.006+0600][51.295s][info][gc,heap        ] GC(226) Humongous regions: 584->23
[2026-04-03T02:23:20.006+0600][51.295s][info][gc,metaspace   ] GC(226) Metaspace: 131637K(133120K)->131637K(133120K) NonClass: 115027K(115776K)->115027K(115776K) Class: 16609K(17344K)->16609K(17344K)
[2026-04-03T02:23:20.006+0600][51.295s][info][gc             ] GC(226) Pause Young (Prepare Mixed) (G1 Evacuation Pause) 750M->114M(760M) 4.768ms
[2026-04-03T02:23:20.006+0600][51.296s][info][gc,cpu         ] GC(226) User=0.01s Sys=0.02s Real=0.00s
[2026-04-03T02:23:20.594+0600][51.883s][info][gc,start       ] GC(227) Pause Young (Mixed) (GCLocker Initiated GC)
[2026-04-03T02:23:20.594+0600][51.883s][info][gc,task        ] GC(227) Using 10 workers of 10 for evacuation
[2026-04-03T02:23:20.601+0600][51.890s][info][gc,phases      ] GC(227)   Pre Evacuate Collection Set: 0.61ms
[2026-04-03T02:23:20.601+0600][51.890s][info][gc,phases      ] GC(227)   Merge Heap Roots: 0.28ms
[2026-04-03T02:23:20.601+0600][51.890s][info][gc,phases      ] GC(227)   Evacuate Collection Set: 4.80ms
[2026-04-03T02:23:20.601+0600][51.890s][info][gc,phases      ] GC(227)   Post Evacuate Collection Set: 0.96ms
[2026-04-03T02:23:20.601+0600][51.890s][info][gc,phases      ] GC(227)   Other: 0.25ms
[2026-04-03T02:23:20.601+0600][51.890s][info][gc,heap        ] GC(227) Eden regions: 392->0(453)
[2026-04-03T02:23:20.601+0600][51.890s][info][gc,heap        ] GC(227) Survivor regions: 6->8(57)
[2026-04-03T02:23:20.601+0600][51.890s][info][gc,heap        ] GC(227) Old regions: 89->88
[2026-04-03T02:23:20.601+0600][51.890s][info][gc,heap        ] GC(227) Humongous regions: 273->8
[2026-04-03T02:23:20.601+0600][51.890s][info][gc,metaspace   ] GC(227) Metaspace: 131653K(133120K)->131653K(133120K) NonClass: 115044K(115776K)->115044K(115776K) Class: 16609K(17344K)->16609K(17344K)
[2026-04-03T02:23:20.601+0600][51.891s][info][gc             ] GC(227) Pause Young (Mixed) (GCLocker Initiated GC) 756M->101M(769M) 7.270ms
[2026-04-03T02:23:20.601+0600][51.891s][info][gc,cpu         ] GC(227) User=0.04s Sys=0.02s Real=0.01s
[2026-04-03T02:23:20.604+0600][51.894s][info][gc,start       ] GC(228) Pause Young (Concurrent Start) (GCLocker Initiated GC)
[2026-04-03T02:23:20.604+0600][51.894s][info][gc,task        ] GC(228) Using 10 workers of 10 for evacuation
[2026-04-03T02:23:20.608+0600][51.897s][info][gc,phases      ] GC(228)   Pre Evacuate Collection Set: 0.32ms
[2026-04-03T02:23:20.608+0600][51.897s][info][gc,phases      ] GC(228)   Merge Heap Roots: 0.11ms
[2026-04-03T02:23:20.608+0600][51.897s][info][gc,phases      ] GC(228)   Evacuate Collection Set: 2.31ms
[2026-04-03T02:23:20.608+0600][51.897s][info][gc,phases      ] GC(228)   Post Evacuate Collection Set: 0.61ms
[2026-04-03T02:23:20.608+0600][51.897s][info][gc,phases      ] GC(228)   Other: 0.13ms
[2026-04-03T02:23:20.608+0600][51.897s][info][gc,heap        ] GC(228) Eden regions: 5->0(453)
[2026-04-03T02:23:20.608+0600][51.897s][info][gc,heap        ] GC(228) Survivor regions: 8->8(58)
[2026-04-03T02:23:20.608+0600][51.897s][info][gc,heap        ] GC(228) Old regions: 88->88
[2026-04-03T02:23:20.608+0600][51.897s][info][gc,heap        ] GC(228) Humongous regions: 8->8
[2026-04-03T02:23:20.608+0600][51.897s][info][gc,metaspace   ] GC(228) Metaspace: 131653K(133120K)->131653K(133120K) NonClass: 115044K(115776K)->115044K(115776K) Class: 16609K(17344K)->16609K(17344K)
[2026-04-03T02:23:20.608+0600][51.897s][info][gc             ] GC(228) Pause Young (Concurrent Start) (GCLocker Initiated GC) 105M->100M(769M) 3.841ms
[2026-04-03T02:23:20.608+0600][51.898s][info][gc             ] GC(229) Concurrent Mark Cycle
[2026-04-03T02:23:20.608+0600][51.898s][info][gc,cpu         ] GC(228) User=0.02s Sys=0.01s Real=0.00s
[2026-04-03T02:23:20.608+0600][51.898s][info][gc,marking     ] GC(229) Concurrent Scan Root Regions
[2026-04-03T02:23:20.611+0600][51.901s][info][gc,marking     ] GC(229) Concurrent Scan Root Regions 2.959ms
[2026-04-03T02:23:20.611+0600][51.901s][info][gc,marking     ] GC(229) Concurrent Mark
[2026-04-03T02:23:20.611+0600][51.901s][info][gc,marking     ] GC(229) Concurrent Mark From Roots
[2026-04-03T02:23:20.611+0600][51.901s][info][gc,task        ] GC(229) Using 3 workers of 3 for marking
[2026-04-03T02:23:20.718+0600][52.008s][info][gc,marking     ] GC(229) Concurrent Mark From Roots 106.939ms
[2026-04-03T02:23:20.718+0600][52.008s][info][gc,marking     ] GC(229) Concurrent Preclean
[2026-04-03T02:23:20.719+0600][52.009s][info][gc,marking     ] GC(229) Concurrent Preclean 0.684ms
[2026-04-03T02:23:20.719+0600][52.009s][info][gc,start       ] GC(229) Pause Remark
[2026-04-03T02:23:20.729+0600][52.018s][info][gc             ] GC(229) Pause Remark 231M->231M(557M) 9.300ms
[2026-04-03T02:23:20.729+0600][52.018s][info][gc,cpu         ] GC(229) User=0.07s Sys=0.00s Real=0.01s
[2026-04-03T02:23:20.729+0600][52.019s][info][gc,marking     ] GC(229) Concurrent Mark 117.958ms
[2026-04-03T02:23:20.729+0600][52.019s][info][gc,marking     ] GC(229) Concurrent Rebuild Remembered Sets and Scrub Regions
[2026-04-03T02:23:20.766+0600][52.056s][info][gc,marking     ] GC(229) Concurrent Rebuild Remembered Sets and Scrub Regions 37.320ms
[2026-04-03T02:23:20.767+0600][52.057s][info][gc,start       ] GC(229) Pause Cleanup
[2026-04-03T02:23:20.767+0600][52.057s][info][gc             ] GC(229) Pause Cleanup 264M->264M(557M) 0.451ms
[2026-04-03T02:23:20.767+0600][52.057s][info][gc,cpu         ] GC(229) User=0.00s Sys=0.00s Real=0.00s
[2026-04-03T02:23:20.768+0600][52.057s][info][gc,marking     ] GC(229) Concurrent Clear Claimed Marks
[2026-04-03T02:23:20.768+0600][52.058s][info][gc,marking     ] GC(229) Concurrent Clear Claimed Marks 0.391ms
[2026-04-03T02:23:20.768+0600][52.058s][info][gc,marking     ] GC(229) Concurrent Cleanup for Next Mark
[2026-04-03T02:23:20.769+0600][52.059s][info][gc,marking     ] GC(229) Concurrent Cleanup for Next Mark 1.111ms
[2026-04-03T02:23:20.769+0600][52.059s][info][gc             ] GC(229) Concurrent Mark Cycle 161.332ms
[2026-04-03T02:23:20.999+0600][52.289s][info][gc,start       ] GC(230) Pause Young (Prepare Mixed) (G1 Evacuation Pause)
[2026-04-03T02:23:20.999+0600][52.289s][info][gc,task        ] GC(230) Using 10 workers of 10 for evacuation
[2026-04-03T02:23:21.004+0600][52.294s][info][gc,phases      ] GC(230)   Pre Evacuate Collection Set: 0.30ms
[2026-04-03T02:23:21.004+0600][52.294s][info][gc,phases      ] GC(230)   Merge Heap Roots: 0.19ms
[2026-04-03T02:23:21.004+0600][52.294s][info][gc,phases      ] GC(230)   Evacuate Collection Set: 3.25ms
[2026-04-03T02:23:21.004+0600][52.294s][info][gc,phases      ] GC(230)   Post Evacuate Collection Set: 0.67ms
[2026-04-03T02:23:21.004+0600][52.294s][info][gc,phases      ] GC(230)   Other: 0.09ms
[2026-04-03T02:23:21.004+0600][52.294s][info][gc,heap        ] GC(230) Eden regions: 250->0(336)
[2026-04-03T02:23:21.004+0600][52.294s][info][gc,heap        ] GC(230) Survivor regions: 8->7(42)
[2026-04-03T02:23:21.004+0600][52.294s][info][gc,heap        ] GC(230) Old regions: 88->89
[2026-04-03T02:23:21.004+0600][52.294s][info][gc,heap        ] GC(230) Humongous regions: 218->8
[2026-04-03T02:23:21.004+0600][52.294s][info][gc,metaspace   ] GC(230) Metaspace: 131683K(133120K)->131683K(133120K) NonClass: 115073K(115776K)->115073K(115776K) Class: 16609K(17344K)->16609K(17344K)
[2026-04-03T02:23:21.004+0600][52.294s][info][gc             ] GC(230) Pause Young (Prepare Mixed) (G1 Evacuation Pause) 560M->100M(572M) 4.780ms
[2026-04-03T02:23:21.004+0600][52.294s][info][gc,cpu         ] GC(230) User=0.02s Sys=0.01s Real=0.01s
[2026-04-03T02:23:21.621+0600][52.911s][info][gc,start       ] GC(231) Pause Young (Mixed) (G1 Evacuation Pause)
[2026-04-03T02:23:21.621+0600][52.911s][info][gc,task        ] GC(231) Using 10 workers of 10 for evacuation
[2026-04-03T02:23:21.625+0600][52.915s][info][gc,phases      ] GC(231)   Pre Evacuate Collection Set: 0.52ms
[2026-04-03T02:23:21.625+0600][52.915s][info][gc,phases      ] GC(231)   Merge Heap Roots: 0.21ms
[2026-04-03T02:23:21.625+0600][52.915s][info][gc,phases      ] GC(231)   Evacuate Collection Set: 2.25ms
[2026-04-03T02:23:21.625+0600][52.915s][info][gc,phases      ] GC(231)   Post Evacuate Collection Set: 0.69ms
[2026-04-03T02:23:21.625+0600][52.915s][info][gc,phases      ] GC(231)   Other: 0.10ms
[2026-04-03T02:23:21.625+0600][52.915s][info][gc,heap        ] GC(231) Eden regions: 316->0(340)
[2026-04-03T02:23:21.625+0600][52.915s][info][gc,heap        ] GC(231) Survivor regions: 7->6(43)
[2026-04-03T02:23:21.625+0600][52.915s][info][gc,heap        ] GC(231) Old regions: 89->87
[2026-04-03T02:23:21.625+0600][52.915s][info][gc,heap        ] GC(231) Humongous regions: 160->8
[2026-04-03T02:23:21.625+0600][52.915s][info][gc,metaspace   ] GC(231) Metaspace: 131711K(133120K)->131711K(133120K) NonClass: 115098K(115776K)->115098K(115776K) Class: 16612K(17344K)->16612K(17344K)
[2026-04-03T02:23:21.625+0600][52.915s][info][gc             ] GC(231) Pause Young (Mixed) (G1 Evacuation Pause) 568M->97M(578M) 4.056ms
[2026-04-03T02:23:21.625+0600][52.915s][info][gc,cpu         ] GC(231) User=0.03s Sys=0.00s Real=0.00s
[2026-04-03T02:23:21.677+0600][52.966s][info][gc,start       ] GC(232) Pause Young (Concurrent Start) (G1 Humongous Allocation)
[2026-04-03T02:23:21.677+0600][52.967s][info][gc,task        ] GC(232) Using 10 workers of 10 for evacuation
[2026-04-03T02:23:21.682+0600][52.972s][info][gc,phases      ] GC(232)   Pre Evacuate Collection Set: 0.61ms
[2026-04-03T02:23:21.682+0600][52.972s][info][gc,phases      ] GC(232)   Merge Heap Roots: 0.18ms
[2026-04-03T02:23:21.682+0600][52.972s][info][gc,phases      ] GC(232)   Evacuate Collection Set: 3.13ms
[2026-04-03T02:23:21.682+0600][52.972s][info][gc,phases      ] GC(232)   Post Evacuate Collection Set: 0.89ms
[2026-04-03T02:23:21.682+0600][52.972s][info][gc,phases      ] GC(232)   Other: 0.20ms
[2026-04-03T02:23:21.682+0600][52.972s][info][gc,heap        ] GC(232) Eden regions: 21->0(341)
[2026-04-03T02:23:21.682+0600][52.972s][info][gc,heap        ] GC(232) Survivor regions: 6->5(44)
[2026-04-03T02:23:21.682+0600][52.972s][info][gc,heap        ] GC(232) Old regions: 87->87
[2026-04-03T02:23:21.682+0600][52.972s][info][gc,heap        ] GC(232) Humongous regions: 8->8
[2026-04-03T02:23:21.682+0600][52.972s][info][gc,metaspace   ] GC(232) Metaspace: 131716K(133120K)->131716K(133120K) NonClass: 115103K(115776K)->115103K(115776K) Class: 16612K(17344K)->16612K(17344K)
[2026-04-03T02:23:21.682+0600][52.972s][info][gc             ] GC(232) Pause Young (Concurrent Start) (G1 Humongous Allocation) 117M->96M(578M) 5.417ms
[2026-04-03T02:23:21.682+0600][52.972s][info][gc             ] GC(233) Concurrent Mark Cycle
[2026-04-03T02:23:21.682+0600][52.972s][info][gc,cpu         ] GC(232) User=0.02s Sys=0.00s Real=0.01s
[2026-04-03T02:23:21.682+0600][52.972s][info][gc,marking     ] GC(233) Concurrent Scan Root Regions
[2026-04-03T02:23:21.685+0600][52.974s][info][gc,marking     ] GC(233) Concurrent Scan Root Regions 2.457ms
[2026-04-03T02:23:21.685+0600][52.975s][info][gc,marking     ] GC(233) Concurrent Mark
[2026-04-03T02:23:21.685+0600][52.975s][info][gc,marking     ] GC(233) Concurrent Mark From Roots
[2026-04-03T02:23:21.685+0600][52.975s][info][gc,task        ] GC(233) Using 3 workers of 3 for marking
[2026-04-03T02:23:21.780+0600][53.070s][info][gc,marking     ] GC(233) Concurrent Mark From Roots 95.373ms
[2026-04-03T02:23:21.780+0600][53.070s][info][gc,marking     ] GC(233) Concurrent Preclean
[2026-04-03T02:23:21.781+0600][53.070s][info][gc,marking     ] GC(233) Concurrent Preclean 0.427ms
[2026-04-03T02:23:21.781+0600][53.071s][info][gc,start       ] GC(233) Pause Remark
[2026-04-03T02:23:21.789+0600][53.079s][info][gc             ] GC(233) Pause Remark 191M->191M(490M) 8.022ms
[2026-04-03T02:23:21.789+0600][53.079s][info][gc,cpu         ] GC(233) User=0.05s Sys=0.00s Real=0.00s
[2026-04-03T02:23:21.789+0600][53.079s][info][gc,marking     ] GC(233) Concurrent Mark 104.586ms
[2026-04-03T02:23:21.790+0600][53.079s][info][gc,marking     ] GC(233) Concurrent Rebuild Remembered Sets and Scrub Regions
[2026-04-03T02:23:21.825+0600][53.115s][info][gc,marking     ] GC(233) Concurrent Rebuild Remembered Sets and Scrub Regions 35.665ms
[2026-04-03T02:23:21.826+0600][53.115s][info][gc,start       ] GC(233) Pause Cleanup
[2026-04-03T02:23:21.826+0600][53.116s][info][gc             ] GC(233) Pause Cleanup 224M->224M(490M) 0.372ms
[2026-04-03T02:23:21.826+0600][53.116s][info][gc,cpu         ] GC(233) User=0.00s Sys=0.00s Real=0.00s
[2026-04-03T02:23:21.826+0600][53.116s][info][gc,marking     ] GC(233) Concurrent Clear Claimed Marks
[2026-04-03T02:23:21.827+0600][53.117s][info][gc,marking     ] GC(233) Concurrent Clear Claimed Marks 0.393ms
[2026-04-03T02:23:21.827+0600][53.117s][info][gc,marking     ] GC(233) Concurrent Cleanup for Next Mark
[2026-04-03T02:23:21.827+0600][53.117s][info][gc,marking     ] GC(233) Concurrent Cleanup for Next Mark 0.608ms
[2026-04-03T02:23:21.828+0600][53.117s][info][gc             ] GC(233) Concurrent Mark Cycle 145.327ms
[2026-04-03T02:23:22.021+0600][53.311s][info][gc,start       ] GC(234) Pause Young (Prepare Mixed) (G1 Evacuation Pause)
[2026-04-03T02:23:22.021+0600][53.311s][info][gc,task        ] GC(234) Using 10 workers of 10 for evacuation
[2026-04-03T02:23:22.027+0600][53.317s][info][gc,phases      ] GC(234)   Pre Evacuate Collection Set: 0.52ms
[2026-04-03T02:23:22.027+0600][53.317s][info][gc,phases      ] GC(234)   Merge Heap Roots: 0.31ms
[2026-04-03T02:23:22.027+0600][53.317s][info][gc,phases      ] GC(234)   Evacuate Collection Set: 3.96ms
[2026-04-03T02:23:22.027+0600][53.317s][info][gc,phases      ] GC(234)   Post Evacuate Collection Set: 0.83ms
[2026-04-03T02:23:22.027+0600][53.317s][info][gc,phases      ] GC(234)   Other: 0.15ms
[2026-04-03T02:23:22.027+0600][53.317s][info][gc,heap        ] GC(234) Eden regions: 217->0(295)
[2026-04-03T02:23:22.027+0600][53.317s][info][gc,heap        ] GC(234) Survivor regions: 5->7(37)
[2026-04-03T02:23:22.027+0600][53.317s][info][gc,heap        ] GC(234) Old regions: 87->88
[2026-04-03T02:23:22.027+0600][53.317s][info][gc,heap        ] GC(234) Humongous regions: 187->12
[2026-04-03T02:23:22.027+0600][53.317s][info][gc,metaspace   ] GC(234) Metaspace: 131718K(133120K)->131718K(133120K) NonClass: 115105K(115776K)->115105K(115776K) Class: 16612K(17344K)->16612K(17344K)
[2026-04-03T02:23:22.027+0600][53.317s][info][gc             ] GC(234) Pause Young (Prepare Mixed) (G1 Evacuation Pause) 492M->102M(504M) 6.142ms
[2026-04-03T02:23:22.027+0600][53.317s][info][gc,cpu         ] GC(234) User=0.04s Sys=0.01s Real=0.00s
[2026-04-03T02:23:22.326+0600][53.615s][info][gc,start       ] GC(235) Pause Young (Mixed) (G1 Evacuation Pause)
[2026-04-03T02:23:22.326+0600][53.616s][info][gc,task        ] GC(235) Using 10 workers of 10 for evacuation
[2026-04-03T02:23:22.331+0600][53.620s][info][gc,phases      ] GC(235)   Pre Evacuate Collection Set: 0.37ms
[2026-04-03T02:23:22.331+0600][53.620s][info][gc,phases      ] GC(235)   Merge Heap Roots: 0.19ms
[2026-04-03T02:23:22.331+0600][53.620s][info][gc,phases      ] GC(235)   Evacuate Collection Set: 3.28ms
[2026-04-03T02:23:22.331+0600][53.620s][info][gc,phases      ] GC(235)   Post Evacuate Collection Set: 0.79ms
[2026-04-03T02:23:22.331+0600][53.620s][info][gc,phases      ] GC(235)   Other: 0.11ms
[2026-04-03T02:23:22.331+0600][53.620s][info][gc,heap        ] GC(235) Eden regions: 227->0(307)
[2026-04-03T02:23:22.331+0600][53.621s][info][gc,heap        ] GC(235) Survivor regions: 7->6(38)
[2026-04-03T02:23:22.331+0600][53.621s][info][gc,heap        ] GC(235) Old regions: 88->86
[2026-04-03T02:23:22.331+0600][53.621s][info][gc,heap        ] GC(235) Humongous regions: 195->8
[2026-04-03T02:23:22.331+0600][53.621s][info][gc,metaspace   ] GC(235) Metaspace: 131718K(133120K)->131718K(133120K) NonClass: 115105K(115776K)->115105K(115776K) Class: 16612K(17344K)->16612K(17344K)
[2026-04-03T02:23:22.331+0600][53.621s][info][gc             ] GC(235) Pause Young (Mixed) (G1 Evacuation Pause) 512M->97M(523M) 5.074ms
[2026-04-03T02:23:22.331+0600][53.621s][info][gc,cpu         ] GC(235) User=0.02s Sys=0.01s Real=0.01s
[2026-04-03T02:23:22.347+0600][53.637s][info][gc,start       ] GC(236) Pause Young (Concurrent Start) (G1 Humongous Allocation)
[2026-04-03T02:23:22.348+0600][53.637s][info][gc,task        ] GC(236) Using 10 workers of 10 for evacuation
[2026-04-03T02:23:22.354+0600][53.643s][info][gc,phases      ] GC(236)   Pre Evacuate Collection Set: 0.76ms
[2026-04-03T02:23:22.354+0600][53.644s][info][gc,phases      ] GC(236)   Merge Heap Roots: 0.19ms
[2026-04-03T02:23:22.354+0600][53.644s][info][gc,phases      ] GC(236)   Evacuate Collection Set: 3.81ms
[2026-04-03T02:23:22.354+0600][53.644s][info][gc,phases      ] GC(236)   Post Evacuate Collection Set: 1.16ms
[2026-04-03T02:23:22.354+0600][53.644s][info][gc,phases      ] GC(236)   Other: 0.21ms
[2026-04-03T02:23:22.354+0600][53.644s][info][gc,heap        ] GC(236) Eden regions: 23->0(305)
[2026-04-03T02:23:22.354+0600][53.644s][info][gc,heap        ] GC(236) Survivor regions: 6->8(40)
[2026-04-03T02:23:22.354+0600][53.644s][info][gc,heap        ] GC(236) Old regions: 86->86
[2026-04-03T02:23:22.354+0600][53.644s][info][gc,heap        ] GC(236) Humongous regions: 8->8
[2026-04-03T02:23:22.354+0600][53.644s][info][gc,metaspace   ] GC(236) Metaspace: 131718K(133120K)->131718K(133120K) NonClass: 115105K(115776K)->115105K(115776K) Class: 16612K(17344K)->16612K(17344K)
[2026-04-03T02:23:22.354+0600][53.644s][info][gc             ] GC(236) Pause Young (Concurrent Start) (G1 Humongous Allocation) 120M->98M(523M) 6.548ms
[2026-04-03T02:23:22.354+0600][53.644s][info][gc,cpu         ] GC(236) User=0.04s Sys=0.00s Real=0.01s
[2026-04-03T02:23:22.354+0600][53.644s][info][gc             ] GC(237) Concurrent Mark Cycle
[2026-04-03T02:23:22.354+0600][53.644s][info][gc,marking     ] GC(237) Concurrent Scan Root Regions
[2026-04-03T02:23:22.358+0600][53.647s][info][gc,marking     ] GC(237) Concurrent Scan Root Regions 3.499ms
[2026-04-03T02:23:22.358+0600][53.648s][info][gc,marking     ] GC(237) Concurrent Mark
[2026-04-03T02:23:22.358+0600][53.648s][info][gc,marking     ] GC(237) Concurrent Mark From Roots
[2026-04-03T02:23:22.358+0600][53.648s][info][gc,task        ] GC(237) Using 3 workers of 3 for marking
[2026-04-03T02:23:22.450+0600][53.739s][info][gc,marking     ] GC(237) Concurrent Mark From Roots 91.851ms
[2026-04-03T02:23:22.450+0600][53.740s][info][gc,marking     ] GC(237) Concurrent Preclean
[2026-04-03T02:23:22.450+0600][53.740s][info][gc,marking     ] GC(237) Concurrent Preclean 0.364ms
[2026-04-03T02:23:22.451+0600][53.740s][info][gc,start       ] GC(237) Pause Remark
[2026-04-03T02:23:22.460+0600][53.750s][info][gc             ] GC(237) Pause Remark 187M->187M(480M) 9.466ms
[2026-04-03T02:23:22.460+0600][53.750s][info][gc,cpu         ] GC(237) User=0.08s Sys=0.00s Real=0.01s
[2026-04-03T02:23:22.460+0600][53.750s][info][gc,marking     ] GC(237) Concurrent Mark 102.503ms
[2026-04-03T02:23:22.460+0600][53.750s][info][gc,marking     ] GC(237) Concurrent Rebuild Remembered Sets and Scrub Regions
[2026-04-03T02:23:22.497+0600][53.787s][info][gc,marking     ] GC(237) Concurrent Rebuild Remembered Sets and Scrub Regions 36.636ms
[2026-04-03T02:23:22.498+0600][53.787s][info][gc,start       ] GC(237) Pause Cleanup
[2026-04-03T02:23:22.498+0600][53.788s][info][gc             ] GC(237) Pause Cleanup 222M->222M(480M) 0.451ms
[2026-04-03T02:23:22.498+0600][53.788s][info][gc,cpu         ] GC(237) User=0.00s Sys=0.00s Real=0.00s
[2026-04-03T02:23:22.498+0600][53.788s][info][gc,marking     ] GC(237) Concurrent Clear Claimed Marks
[2026-04-03T02:23:22.499+0600][53.788s][info][gc,marking     ] GC(237) Concurrent Clear Claimed Marks 0.370ms
[2026-04-03T02:23:22.499+0600][53.788s][info][gc,marking     ] GC(237) Concurrent Cleanup for Next Mark
[2026-04-03T02:23:22.499+0600][53.789s][info][gc,marking     ] GC(237) Concurrent Cleanup for Next Mark 0.721ms
[2026-04-03T02:23:22.500+0600][53.789s][info][gc             ] GC(237) Concurrent Mark Cycle 145.343ms
[2026-04-03T02:23:22.752+0600][54.042s][info][gc,start       ] GC(238) Pause Young (Prepare Mixed) (G1 Evacuation Pause)
[2026-04-03T02:23:22.752+0600][54.042s][info][gc,task        ] GC(238) Using 10 workers of 10 for evacuation
[2026-04-03T02:23:22.759+0600][54.049s][info][gc,phases      ] GC(238)   Pre Evacuate Collection Set: 0.40ms
[2026-04-03T02:23:22.759+0600][54.049s][info][gc,phases      ] GC(238)   Merge Heap Roots: 0.25ms
[2026-04-03T02:23:22.759+0600][54.049s][info][gc,phases      ] GC(238)   Evacuate Collection Set: 5.38ms
[2026-04-03T02:23:22.759+0600][54.049s][info][gc,phases      ] GC(238)   Post Evacuate Collection Set: 0.97ms
[2026-04-03T02:23:22.759+0600][54.049s][info][gc,phases      ] GC(238)   Other: 0.12ms
[2026-04-03T02:23:22.759+0600][54.049s][info][gc,heap        ] GC(238) Eden regions: 232->0(285)
[2026-04-03T02:23:22.759+0600][54.049s][info][gc,heap        ] GC(238) Survivor regions: 8->9(36)
[2026-04-03T02:23:22.759+0600][54.049s][info][gc,heap        ] GC(238) Old regions: 86->87
[2026-04-03T02:23:22.759+0600][54.049s][info][gc,heap        ] GC(238) Humongous regions: 154->8
[2026-04-03T02:23:22.759+0600][54.049s][info][gc,metaspace   ] GC(238) Metaspace: 131720K(133184K)->131720K(133184K) NonClass: 115107K(115840K)->115107K(115840K) Class: 16613K(17344K)->16613K(17344K)
[2026-04-03T02:23:22.759+0600][54.049s][info][gc             ] GC(238) Pause Young (Prepare Mixed) (G1 Evacuation Pause) 476M->100M(490M) 7.438ms
[2026-04-03T02:23:22.760+0600][54.049s][info][gc,cpu         ] GC(238) User=0.05s Sys=0.01s Real=0.00s
[2026-04-03T02:23:23.022+0600][54.311s][info][gc,start       ] GC(239) Pause Young (Mixed) (G1 Evacuation Pause)
[2026-04-03T02:23:23.022+0600][54.312s][info][gc,task        ] GC(239) Using 10 workers of 10 for evacuation
[2026-04-03T02:23:23.027+0600][54.317s][info][gc,phases      ] GC(239)   Pre Evacuate Collection Set: 0.51ms
[2026-04-03T02:23:23.027+0600][54.317s][info][gc,phases      ] GC(239)   Merge Heap Roots: 0.20ms
[2026-04-03T02:23:23.027+0600][54.317s][info][gc,phases      ] GC(239)   Evacuate Collection Set: 3.55ms
[2026-04-03T02:23:23.027+0600][54.317s][info][gc,phases      ] GC(239)   Post Evacuate Collection Set: 0.71ms
[2026-04-03T02:23:23.027+0600][54.317s][info][gc,phases      ] GC(239)   Other: 0.10ms
[2026-04-03T02:23:23.027+0600][54.317s][info][gc,heap        ] GC(239) Eden regions: 237->0(315)
[2026-04-03T02:23:23.027+0600][54.317s][info][gc,heap        ] GC(239) Survivor regions: 9->9(37)
[2026-04-03T02:23:23.027+0600][54.317s][info][gc,heap        ] GC(239) Old regions: 87->86
[2026-04-03T02:23:23.027+0600][54.317s][info][gc,heap        ] GC(239) Humongous regions: 197->18
[2026-04-03T02:23:23.027+0600][54.317s][info][gc,metaspace   ] GC(239) Metaspace: 131720K(133184K)->131720K(133184K) NonClass: 115107K(115840K)->115107K(115840K) Class: 16613K(17344K)->16613K(17344K)
[2026-04-03T02:23:23.027+0600][54.317s][info][gc             ] GC(239) Pause Young (Mixed) (G1 Evacuation Pause) 526M->109M(540M) 5.345ms
[2026-04-03T02:23:23.027+0600][54.317s][info][gc,cpu         ] GC(239) User=0.03s Sys=0.01s Real=0.00s
[2026-04-03T02:23:23.028+0600][54.317s][info][gc,start       ] GC(240) Pause Young (Concurrent Start) (G1 Humongous Allocation)
[2026-04-03T02:23:23.028+0600][54.317s][info][gc,task        ] GC(240) Using 10 workers of 10 for evacuation
[2026-04-03T02:23:23.031+0600][54.320s][info][gc,phases      ] GC(240)   Pre Evacuate Collection Set: 0.26ms
[2026-04-03T02:23:23.031+0600][54.320s][info][gc,phases      ] GC(240)   Merge Heap Roots: 0.08ms
[2026-04-03T02:23:23.031+0600][54.320s][info][gc,phases      ] GC(240)   Evacuate Collection Set: 2.01ms
[2026-04-03T02:23:23.031+0600][54.320s][info][gc,phases      ] GC(240)   Post Evacuate Collection Set: 0.46ms
[2026-04-03T02:23:23.031+0600][54.320s][info][gc,phases      ] GC(240)   Other: 0.18ms
[2026-04-03T02:23:23.031+0600][54.321s][info][gc,heap        ] GC(240) Eden regions: 2->0(315)
[2026-04-03T02:23:23.031+0600][54.321s][info][gc,heap        ] GC(240) Survivor regions: 9->9(41)
[2026-04-03T02:23:23.031+0600][54.321s][info][gc,heap        ] GC(240) Old regions: 86->86
[2026-04-03T02:23:23.031+0600][54.321s][info][gc,heap        ] GC(240) Humongous regions: 18->8
[2026-04-03T02:23:23.031+0600][54.321s][info][gc,metaspace   ] GC(240) Metaspace: 131720K(133184K)->131720K(133184K) NonClass: 115107K(115840K)->115107K(115840K) Class: 16613K(17344K)->16613K(17344K)
[2026-04-03T02:23:23.031+0600][54.321s][info][gc             ] GC(240) Pause Young (Concurrent Start) (G1 Humongous Allocation) 111M->100M(540M) 3.309ms
[2026-04-03T02:23:23.031+0600][54.321s][info][gc             ] GC(241) Concurrent Mark Cycle
[2026-04-03T02:23:23.031+0600][54.321s][info][gc,marking     ] GC(241) Concurrent Scan Root Regions
[2026-04-03T02:23:23.031+0600][54.321s][info][gc,cpu         ] GC(240) User=0.03s Sys=0.00s Real=0.01s
[2026-04-03T02:23:23.034+0600][54.324s][info][gc,marking     ] GC(241) Concurrent Scan Root Regions 2.867ms
[2026-04-03T02:23:23.034+0600][54.324s][info][gc,marking     ] GC(241) Concurrent Mark
[2026-04-03T02:23:23.034+0600][54.324s][info][gc,marking     ] GC(241) Concurrent Mark From Roots
[2026-04-03T02:23:23.034+0600][54.324s][info][gc,task        ] GC(241) Using 3 workers of 3 for marking
[2026-04-03T02:23:23.137+0600][54.427s][info][gc,marking     ] GC(241) Concurrent Mark From Roots 102.797ms
[2026-04-03T02:23:23.137+0600][54.427s][info][gc,marking     ] GC(241) Concurrent Preclean
[2026-04-03T02:23:23.137+0600][54.427s][info][gc,marking     ] GC(241) Concurrent Preclean 0.347ms
[2026-04-03T02:23:23.138+0600][54.427s][info][gc,start       ] GC(241) Pause Remark
[2026-04-03T02:23:23.147+0600][54.437s][info][gc             ] GC(241) Pause Remark 384M->384M(554M) 9.178ms
[2026-04-03T02:23:23.147+0600][54.437s][info][gc,cpu         ] GC(241) User=0.07s Sys=0.01s Real=0.01s
[2026-04-03T02:23:23.147+0600][54.437s][info][gc,marking     ] GC(241) Concurrent Mark 113.204ms
[2026-04-03T02:23:23.147+0600][54.437s][info][gc,marking     ] GC(241) Concurrent Rebuild Remembered Sets and Scrub Regions
[2026-04-03T02:23:23.181+0600][54.471s][info][gc,marking     ] GC(241) Concurrent Rebuild Remembered Sets and Scrub Regions 33.985ms
[2026-04-03T02:23:23.187+0600][54.477s][info][gc,start       ] GC(241) Pause Cleanup
[2026-04-03T02:23:23.187+0600][54.477s][info][gc             ] GC(241) Pause Cleanup 571M->571M(584M) 0.366ms
[2026-04-03T02:23:23.187+0600][54.477s][info][gc,cpu         ] GC(241) User=0.00s Sys=0.00s Real=0.00s
[2026-04-03T02:23:23.188+0600][54.477s][info][gc,marking     ] GC(241) Concurrent Clear Claimed Marks
[2026-04-03T02:23:23.188+0600][54.478s][info][gc,marking     ] GC(241) Concurrent Clear Claimed Marks 0.522ms
[2026-04-03T02:23:23.188+0600][54.478s][info][gc,marking     ] GC(241) Concurrent Cleanup for Next Mark
[2026-04-03T02:23:23.190+0600][54.480s][info][gc,marking     ] GC(241) Concurrent Cleanup for Next Mark 1.943ms
[2026-04-03T02:23:23.190+0600][54.480s][info][gc             ] GC(241) Concurrent Mark Cycle 159.103ms
[2026-04-03T02:23:23.243+0600][54.533s][info][gc,start       ] GC(242) Pause Young (Prepare Mixed) (G1 Evacuation Pause)
[2026-04-03T02:23:23.243+0600][54.533s][info][gc,task        ] GC(242) Using 10 workers of 10 for evacuation
[2026-04-03T02:23:23.246+0600][54.536s][info][gc,phases      ] GC(242)   Pre Evacuate Collection Set: 0.28ms
[2026-04-03T02:23:23.246+0600][54.536s][info][gc,phases      ] GC(242)   Merge Heap Roots: 0.18ms
[2026-04-03T02:23:23.246+0600][54.536s][info][gc,phases      ] GC(242)   Evacuate Collection Set: 2.02ms
[2026-04-03T02:23:23.246+0600][54.536s][info][gc,phases      ] GC(242)   Post Evacuate Collection Set: 0.84ms
[2026-04-03T02:23:23.246+0600][54.536s][info][gc,phases      ] GC(242)   Other: 0.07ms
[2026-04-03T02:23:23.246+0600][54.536s][info][gc,heap        ] GC(242) Eden regions: 77->0(446)
[2026-04-03T02:23:23.246+0600][54.536s][info][gc,heap        ] GC(242) Survivor regions: 9->4(45)
[2026-04-03T02:23:23.246+0600][54.536s][info][gc,heap        ] GC(242) Old regions: 86->86
[2026-04-03T02:23:23.246+0600][54.536s][info][gc,heap        ] GC(242) Humongous regions: 575->8
[2026-04-03T02:23:23.246+0600][54.536s][info][gc,metaspace   ] GC(242) Metaspace: 131725K(133184K)->131725K(133184K) NonClass: 115112K(115840K)->115112K(115840K) Class: 16613K(17344K)->16613K(17344K)
[2026-04-03T02:23:23.246+0600][54.536s][info][gc             ] GC(242) Pause Young (Prepare Mixed) (G1 Evacuation Pause) 744M->95M(751M) 3.604ms
[2026-04-03T02:23:23.247+0600][54.536s][info][gc,cpu         ] GC(242) User=0.02s Sys=0.00s Real=0.00s
[2026-04-03T02:23:23.909+0600][55.198s][info][gc,start       ] GC(243) Pause Young (Mixed) (G1 Evacuation Pause)
[2026-04-03T02:23:23.909+0600][55.199s][info][gc,task        ] GC(243) Using 10 workers of 10 for evacuation
[2026-04-03T02:23:23.914+0600][55.204s][info][gc,phases      ] GC(243)   Pre Evacuate Collection Set: 0.34ms
[2026-04-03T02:23:23.914+0600][55.204s][info][gc,phases      ] GC(243)   Merge Heap Roots: 0.30ms
[2026-04-03T02:23:23.914+0600][55.204s][info][gc,phases      ] GC(243)   Evacuate Collection Set: 3.58ms
[2026-04-03T02:23:23.914+0600][55.204s][info][gc,phases      ] GC(243)   Post Evacuate Collection Set: 0.81ms
[2026-04-03T02:23:23.914+0600][55.204s][info][gc,phases      ] GC(243)   Other: 0.14ms
[2026-04-03T02:23:23.914+0600][55.204s][info][gc,heap        ] GC(243) Eden regions: 423->0(454)
[2026-04-03T02:23:23.914+0600][55.204s][info][gc,heap        ] GC(243) Survivor regions: 4->7(57)
[2026-04-03T02:23:23.914+0600][55.204s][info][gc,heap        ] GC(243) Old regions: 86->84
[2026-04-03T02:23:23.914+0600][55.204s][info][gc,heap        ] GC(243) Humongous regions: 249->8
[2026-04-03T02:23:23.914+0600][55.204s][info][gc,metaspace   ] GC(243) Metaspace: 131737K(133184K)->131737K(133184K) NonClass: 115122K(115840K)->115122K(115840K) Class: 16614K(17344K)->16614K(17344K)
[2026-04-03T02:23:23.914+0600][55.204s][info][gc             ] GC(243) Pause Young (Mixed) (G1 Evacuation Pause) 759M->97M(769M) 5.456ms
[2026-04-03T02:23:23.914+0600][55.204s][info][gc,cpu         ] GC(243) User=0.03s Sys=0.01s Real=0.01s
[2026-04-03T02:23:23.931+0600][55.220s][info][gc,start       ] GC(244) Pause Young (Concurrent Start) (GCLocker Initiated GC)
[2026-04-03T02:23:23.931+0600][55.221s][info][gc,task        ] GC(244) Using 10 workers of 10 for evacuation
[2026-04-03T02:23:23.936+0600][55.225s][info][gc,phases      ] GC(244)   Pre Evacuate Collection Set: 0.73ms
[2026-04-03T02:23:23.936+0600][55.225s][info][gc,phases      ] GC(244)   Merge Heap Roots: 0.21ms
[2026-04-03T02:23:23.936+0600][55.225s][info][gc,phases      ] GC(244)   Evacuate Collection Set: 2.98ms
[2026-04-03T02:23:23.936+0600][55.225s][info][gc,phases      ] GC(244)   Post Evacuate Collection Set: 0.74ms
[2026-04-03T02:23:23.936+0600][55.226s][info][gc,phases      ] GC(244)   Other: 0.21ms
[2026-04-03T02:23:23.936+0600][55.226s][info][gc,heap        ] GC(244) Eden regions: 23->0(453)
[2026-04-03T02:23:23.936+0600][55.226s][info][gc,heap        ] GC(244) Survivor regions: 7->8(58)
[2026-04-03T02:23:23.936+0600][55.226s][info][gc,heap        ] GC(244) Old regions: 84->84
[2026-04-03T02:23:23.936+0600][55.226s][info][gc,heap        ] GC(244) Humongous regions: 8->8
[2026-04-03T02:23:23.936+0600][55.226s][info][gc,metaspace   ] GC(244) Metaspace: 131737K(133184K)->131737K(133184K) NonClass: 115122K(115840K)->115122K(115840K) Class: 16614K(17344K)->16614K(17344K)
[2026-04-03T02:23:23.936+0600][55.226s][info][gc             ] GC(244) Pause Young (Concurrent Start) (GCLocker Initiated GC) 120M->98M(769M) 5.227ms
[2026-04-03T02:23:23.936+0600][55.226s][info][gc             ] GC(245) Concurrent Mark Cycle
[2026-04-03T02:23:23.936+0600][55.226s][info][gc,marking     ] GC(245) Concurrent Scan Root Regions
[2026-04-03T02:23:23.936+0600][55.226s][info][gc,cpu         ] GC(244) User=0.03s Sys=0.01s Real=0.00s
[2026-04-03T02:23:23.939+0600][55.229s][info][gc,marking     ] GC(245) Concurrent Scan Root Regions 2.873ms
[2026-04-03T02:23:23.939+0600][55.229s][info][gc,marking     ] GC(245) Concurrent Mark
[2026-04-03T02:23:23.939+0600][55.229s][info][gc,marking     ] GC(245) Concurrent Mark From Roots
[2026-04-03T02:23:23.939+0600][55.229s][info][gc,task        ] GC(245) Using 3 workers of 3 for marking
[2026-04-03T02:23:24.036+0600][55.325s][info][gc,marking     ] GC(245) Concurrent Mark From Roots 96.731ms
[2026-04-03T02:23:24.036+0600][55.326s][info][gc,marking     ] GC(245) Concurrent Preclean
[2026-04-03T02:23:24.036+0600][55.326s][info][gc,marking     ] GC(245) Concurrent Preclean 0.630ms
[2026-04-03T02:23:24.037+0600][55.326s][info][gc,start       ] GC(245) Pause Remark
[2026-04-03T02:23:24.047+0600][55.336s][info][gc             ] GC(245) Pause Remark 216M->216M(520M) 9.706ms
[2026-04-03T02:23:24.047+0600][55.336s][info][gc,cpu         ] GC(245) User=0.06s Sys=0.00s Real=0.01s
[2026-04-03T02:23:24.047+0600][55.337s][info][gc,marking     ] GC(245) Concurrent Mark 107.857ms
[2026-04-03T02:23:24.047+0600][55.337s][info][gc,marking     ] GC(245) Concurrent Rebuild Remembered Sets and Scrub Regions
[2026-04-03T02:23:24.081+0600][55.371s][info][gc,marking     ] GC(245) Concurrent Rebuild Remembered Sets and Scrub Regions 34.484ms
[2026-04-03T02:23:24.082+0600][55.372s][info][gc,start       ] GC(245) Pause Cleanup
[2026-04-03T02:23:24.082+0600][55.372s][info][gc             ] GC(245) Pause Cleanup 235M->235M(520M) 0.479ms
[2026-04-03T02:23:24.083+0600][55.372s][info][gc,cpu         ] GC(245) User=0.00s Sys=0.00s Real=0.00s
[2026-04-03T02:23:24.083+0600][55.372s][info][gc,marking     ] GC(245) Concurrent Clear Claimed Marks
[2026-04-03T02:23:24.083+0600][55.373s][info][gc,marking     ] GC(245) Concurrent Clear Claimed Marks 0.419ms
[2026-04-03T02:23:24.083+0600][55.373s][info][gc,marking     ] GC(245) Concurrent Cleanup for Next Mark
[2026-04-03T02:23:24.084+0600][55.374s][info][gc,marking     ] GC(245) Concurrent Cleanup for Next Mark 1.084ms
[2026-04-03T02:23:24.084+0600][55.374s][info][gc             ] GC(245) Concurrent Mark Cycle 148.336ms
[2026-04-03T02:23:24.296+0600][55.585s][info][gc,start       ] GC(246) Pause Young (Prepare Mixed) (G1 Evacuation Pause)
[2026-04-03T02:23:24.296+0600][55.585s][info][gc,task        ] GC(246) Using 10 workers of 10 for evacuation
[2026-04-03T02:23:24.302+0600][55.591s][info][gc,phases      ] GC(246)   Pre Evacuate Collection Set: 0.40ms
[2026-04-03T02:23:24.302+0600][55.591s][info][gc,phases      ] GC(246)   Merge Heap Roots: 0.22ms
[2026-04-03T02:23:24.302+0600][55.591s][info][gc,phases      ] GC(246)   Evacuate Collection Set: 4.32ms
[2026-04-03T02:23:24.302+0600][55.591s][info][gc,phases      ] GC(246)   Post Evacuate Collection Set: 0.86ms
[2026-04-03T02:23:24.302+0600][55.591s][info][gc,phases      ] GC(246)   Other: 0.11ms
[2026-04-03T02:23:24.302+0600][55.591s][info][gc,heap        ] GC(246) Eden regions: 236->0(312)
[2026-04-03T02:23:24.302+0600][55.591s][info][gc,heap        ] GC(246) Survivor regions: 8->8(39)
[2026-04-03T02:23:24.302+0600][55.591s][info][gc,heap        ] GC(246) Old regions: 84->85
[2026-04-03T02:23:24.302+0600][55.592s][info][gc,heap        ] GC(246) Humongous regions: 197->8
[2026-04-03T02:23:24.302+0600][55.592s][info][gc,metaspace   ] GC(246) Metaspace: 131747K(133184K)->131747K(133184K) NonClass: 115133K(115840K)->115133K(115840K) Class: 16614K(17344K)->16614K(17344K)
[2026-04-03T02:23:24.302+0600][55.592s][info][gc             ] GC(246) Pause Young (Prepare Mixed) (G1 Evacuation Pause) 523M->98M(534M) 6.230ms
[2026-04-03T02:23:24.302+0600][55.592s][info][gc,cpu         ] GC(246) User=0.03s Sys=0.02s Real=0.01s
[2026-04-03T02:23:24.818+0600][56.108s][info][gc,start       ] GC(247) Pause Young (Mixed) (G1 Evacuation Pause)
[2026-04-03T02:23:24.819+0600][56.108s][info][gc,task        ] GC(247) Using 10 workers of 10 for evacuation
[2026-04-03T02:23:24.823+0600][56.113s][info][gc,phases      ] GC(247)   Pre Evacuate Collection Set: 0.36ms
[2026-04-03T02:23:24.823+0600][56.113s][info][gc,phases      ] GC(247)   Merge Heap Roots: 0.17ms
[2026-04-03T02:23:24.823+0600][56.113s][info][gc,phases      ] GC(247)   Evacuate Collection Set: 3.41ms
[2026-04-03T02:23:24.823+0600][56.113s][info][gc,phases      ] GC(247)   Post Evacuate Collection Set: 0.72ms
[2026-04-03T02:23:24.823+0600][56.113s][info][gc,phases      ] GC(247)   Other: 0.09ms
[2026-04-03T02:23:24.823+0600][56.113s][info][gc,heap        ] GC(247) Eden regions: 302->0(320)
[2026-04-03T02:23:24.823+0600][56.113s][info][gc,heap        ] GC(247) Survivor regions: 8->7(40)
[2026-04-03T02:23:24.823+0600][56.113s][info][gc,heap        ] GC(247) Old regions: 85->84
[2026-04-03T02:23:24.823+0600][56.113s][info][gc,heap        ] GC(247) Humongous regions: 144->8
[2026-04-03T02:23:24.823+0600][56.113s][info][gc,metaspace   ] GC(247) Metaspace: 131765K(133184K)->131765K(133184K) NonClass: 115150K(115840K)->115150K(115840K) Class: 16614K(17344K)->16614K(17344K)
[2026-04-03T02:23:24.823+0600][56.113s][info][gc             ] GC(247) Pause Young (Mixed) (G1 Evacuation Pause) 536M->97M(546M) 4.965ms
[2026-04-03T02:23:24.824+0600][56.113s][info][gc,cpu         ] GC(247) User=0.03s Sys=0.00s Real=0.01s
[2026-04-03T02:23:24.831+0600][56.120s][info][gc,start       ] GC(248) Pause Young (Concurrent Start) (G1 Humongous Allocation)
[2026-04-03T02:23:24.831+0600][56.121s][info][gc,task        ] GC(248) Using 10 workers of 10 for evacuation
[2026-04-03T02:23:24.834+0600][56.124s][info][gc,phases      ] GC(248)   Pre Evacuate Collection Set: 0.35ms
[2026-04-03T02:23:24.834+0600][56.124s][info][gc,phases      ] GC(248)   Merge Heap Roots: 0.13ms
[2026-04-03T02:23:24.834+0600][56.124s][info][gc,phases      ] GC(248)   Evacuate Collection Set: 2.25ms
[2026-04-03T02:23:24.834+0600][56.124s][info][gc,phases      ] GC(248)   Post Evacuate Collection Set: 0.48ms
[2026-04-03T02:23:24.834+0600][56.124s][info][gc,phases      ] GC(248)   Other: 0.15ms
[2026-04-03T02:23:24.834+0600][56.124s][info][gc,heap        ] GC(248) Eden regions: 14->0(321)
[2026-04-03T02:23:24.834+0600][56.124s][info][gc,heap        ] GC(248) Survivor regions: 7->6(41)
[2026-04-03T02:23:24.834+0600][56.124s][info][gc,heap        ] GC(248) Old regions: 84->84
[2026-04-03T02:23:24.834+0600][56.124s][info][gc,heap        ] GC(248) Humongous regions: 8->8
[2026-04-03T02:23:24.834+0600][56.124s][info][gc,metaspace   ] GC(248) Metaspace: 131765K(133184K)->131765K(133184K) NonClass: 115150K(115840K)->115150K(115840K) Class: 16614K(17344K)->16614K(17344K)
[2026-04-03T02:23:24.834+0600][56.124s][info][gc             ] GC(248) Pause Young (Concurrent Start) (G1 Humongous Allocation) 110M->97M(546M) 3.731ms
[2026-04-03T02:23:24.834+0600][56.124s][info][gc             ] GC(249) Concurrent Mark Cycle
[2026-04-03T02:23:24.834+0600][56.124s][info][gc,marking     ] GC(249) Concurrent Scan Root Regions
[2026-04-03T02:23:24.834+0600][56.124s][info][gc,cpu         ] GC(248) User=0.03s Sys=0.00s Real=0.00s
[2026-04-03T02:23:24.837+0600][56.127s][info][gc,marking     ] GC(249) Concurrent Scan Root Regions 2.464ms
[2026-04-03T02:23:24.837+0600][56.127s][info][gc,marking     ] GC(249) Concurrent Mark
[2026-04-03T02:23:24.837+0600][56.127s][info][gc,marking     ] GC(249) Concurrent Mark From Roots
[2026-04-03T02:23:24.837+0600][56.127s][info][gc,task        ] GC(249) Using 3 workers of 3 for marking
[2026-04-03T02:23:24.935+0600][56.225s][info][gc,marking     ] GC(249) Concurrent Mark From Roots 97.869ms
[2026-04-03T02:23:24.935+0600][56.225s][info][gc,marking     ] GC(249) Concurrent Preclean
[2026-04-03T02:23:24.935+0600][56.225s][info][gc,marking     ] GC(249) Concurrent Preclean 0.415ms
[2026-04-03T02:23:24.936+0600][56.225s][info][gc,start       ] GC(249) Pause Remark
[2026-04-03T02:23:24.945+0600][56.235s][info][gc             ] GC(249) Pause Remark 220M->220M(537M) 9.441ms
[2026-04-03T02:23:24.945+0600][56.235s][info][gc,cpu         ] GC(249) User=0.07s Sys=0.00s Real=0.01s
[2026-04-03T02:23:24.945+0600][56.235s][info][gc,marking     ] GC(249) Concurrent Mark 108.497ms
[2026-04-03T02:23:24.946+0600][56.235s][info][gc,marking     ] GC(249) Concurrent Rebuild Remembered Sets and Scrub Regions
[2026-04-03T02:23:24.984+0600][56.273s][info][gc,marking     ] GC(249) Concurrent Rebuild Remembered Sets and Scrub Regions 38.199ms
[2026-04-03T02:23:24.984+0600][56.274s][info][gc,start       ] GC(249) Pause Cleanup
[2026-04-03T02:23:24.984+0600][56.274s][info][gc             ] GC(249) Pause Cleanup 269M->269M(537M) 0.297ms
[2026-04-03T02:23:24.985+0600][56.274s][info][gc,cpu         ] GC(249) User=0.01s Sys=0.00s Real=0.00s
[2026-04-03T02:23:24.985+0600][56.274s][info][gc,marking     ] GC(249) Concurrent Clear Claimed Marks
[2026-04-03T02:23:24.985+0600][56.275s][info][gc,marking     ] GC(249) Concurrent Clear Claimed Marks 0.428ms
[2026-04-03T02:23:24.985+0600][56.275s][info][gc,marking     ] GC(249) Concurrent Cleanup for Next Mark
[2026-04-03T02:23:24.986+0600][56.276s][info][gc,marking     ] GC(249) Concurrent Cleanup for Next Mark 0.992ms
[2026-04-03T02:23:24.986+0600][56.276s][info][gc             ] GC(249) Concurrent Mark Cycle 151.779ms
[2026-04-03T02:23:25.180+0600][56.469s][info][gc,start       ] GC(250) Pause Young (Prepare Mixed) (G1 Evacuation Pause)
[2026-04-03T02:23:25.180+0600][56.469s][info][gc,task        ] GC(250) Using 10 workers of 10 for evacuation
[2026-04-03T02:23:25.184+0600][56.473s][info][gc,phases      ] GC(250)   Pre Evacuate Collection Set: 0.32ms
[2026-04-03T02:23:25.184+0600][56.474s][info][gc,phases      ] GC(250)   Merge Heap Roots: 0.16ms
[2026-04-03T02:23:25.184+0600][56.474s][info][gc,phases      ] GC(250)   Evacuate Collection Set: 2.87ms
[2026-04-03T02:23:25.184+0600][56.474s][info][gc,phases      ] GC(250)   Post Evacuate Collection Set: 0.62ms
[2026-04-03T02:23:25.184+0600][56.474s][info][gc,phases      ] GC(250)   Other: 0.11ms
[2026-04-03T02:23:25.184+0600][56.474s][info][gc,heap        ] GC(250) Eden regions: 244->0(329)
[2026-04-03T02:23:25.184+0600][56.474s][info][gc,heap        ] GC(250) Survivor regions: 6->7(41)
[2026-04-03T02:23:25.184+0600][56.474s][info][gc,heap        ] GC(250) Old regions: 84->85
[2026-04-03T02:23:25.184+0600][56.474s][info][gc,heap        ] GC(250) Humongous regions: 218->8
[2026-04-03T02:23:25.184+0600][56.474s][info][gc,metaspace   ] GC(250) Metaspace: 131765K(133184K)->131765K(133184K) NonClass: 115150K(115840K)->115150K(115840K) Class: 16614K(17344K)->16614K(17344K)
[2026-04-03T02:23:25.184+0600][56.474s][info][gc             ] GC(250) Pause Young (Prepare Mixed) (G1 Evacuation Pause) 551M->97M(560M) 4.362ms
[2026-04-03T02:23:25.184+0600][56.474s][info][gc,cpu         ] GC(250) User=0.03s Sys=0.01s Real=0.01s
[2026-04-03T02:23:25.493+0600][56.783s][info][gc,start       ] GC(251) Pause Young (Mixed) (GCLocker Initiated GC)
[2026-04-03T02:23:25.493+0600][56.783s][info][gc,task        ] GC(251) Using 10 workers of 10 for evacuation
[2026-04-03T02:23:25.501+0600][56.791s][info][gc,phases      ] GC(251)   Pre Evacuate Collection Set: 0.70ms
[2026-04-03T02:23:25.501+0600][56.791s][info][gc,phases      ] GC(251)   Merge Heap Roots: 0.26ms
[2026-04-03T02:23:25.501+0600][56.791s][info][gc,phases      ] GC(251)   Evacuate Collection Set: 5.86ms
[2026-04-03T02:23:25.501+0600][56.791s][info][gc,phases      ] GC(251)   Post Evacuate Collection Set: 0.88ms
[2026-04-03T02:23:25.501+0600][56.791s][info][gc,phases      ] GC(251)   Other: 0.13ms
[2026-04-03T02:23:25.501+0600][56.791s][info][gc,heap        ] GC(251) Eden regions: 271->0(332)
[2026-04-03T02:23:25.501+0600][56.791s][info][gc,heap        ] GC(251) Survivor regions: 7->9(42)
[2026-04-03T02:23:25.501+0600][56.791s][info][gc,heap        ] GC(251) Old regions: 85->84
[2026-04-03T02:23:25.502+0600][56.791s][info][gc,heap        ] GC(251) Humongous regions: 197->8
[2026-04-03T02:23:25.502+0600][56.791s][info][gc,metaspace   ] GC(251) Metaspace: 131765K(133184K)->131765K(133184K) NonClass: 115150K(115840K)->115150K(115840K) Class: 16614K(17344K)->16614K(17344K)
[2026-04-03T02:23:25.502+0600][56.791s][info][gc             ] GC(251) Pause Young (Mixed) (GCLocker Initiated GC) 557M->99M(569M) 8.215ms
[2026-04-03T02:23:25.502+0600][56.791s][info][gc,cpu         ] GC(251) User=0.05s Sys=0.01s Real=0.01s
[2026-04-03T02:23:25.504+0600][56.793s][info][gc,start       ] GC(252) Pause Young (Concurrent Start) (G1 Humongous Allocation)
[2026-04-03T02:23:25.504+0600][56.793s][info][gc,task        ] GC(252) Using 10 workers of 10 for evacuation
[2026-04-03T02:23:25.508+0600][56.798s][info][gc,phases      ] GC(252)   Pre Evacuate Collection Set: 0.33ms
[2026-04-03T02:23:25.508+0600][56.798s][info][gc,phases      ] GC(252)   Merge Heap Roots: 0.12ms
[2026-04-03T02:23:25.508+0600][56.798s][info][gc,phases      ] GC(252)   Evacuate Collection Set: 3.43ms
[2026-04-03T02:23:25.508+0600][56.798s][info][gc,phases      ] GC(252)   Post Evacuate Collection Set: 0.58ms
[2026-04-03T02:23:25.508+0600][56.798s][info][gc,phases      ] GC(252)   Other: 0.12ms
[2026-04-03T02:23:25.509+0600][56.798s][info][gc,heap        ] GC(252) Eden regions: 5->0(332)
[2026-04-03T02:23:25.509+0600][56.798s][info][gc,heap        ] GC(252) Survivor regions: 9->9(43)
[2026-04-03T02:23:25.509+0600][56.798s][info][gc,heap        ] GC(252) Old regions: 84->84
[2026-04-03T02:23:25.509+0600][56.798s][info][gc,heap        ] GC(252) Humongous regions: 8->8
[2026-04-03T02:23:25.509+0600][56.798s][info][gc,metaspace   ] GC(252) Metaspace: 131765K(133184K)->131765K(133184K) NonClass: 115150K(115840K)->115150K(115840K) Class: 16614K(17344K)->16614K(17344K)
[2026-04-03T02:23:25.509+0600][56.798s][info][gc             ] GC(252) Pause Young (Concurrent Start) (G1 Humongous Allocation) 103M->99M(569M) 4.890ms
[2026-04-03T02:23:25.509+0600][56.798s][info][gc             ] GC(253) Concurrent Mark Cycle
[2026-04-03T02:23:25.509+0600][56.798s][info][gc,marking     ] GC(253) Concurrent Scan Root Regions
[2026-04-03T02:23:25.509+0600][56.798s][info][gc,cpu         ] GC(252) User=0.04s Sys=0.00s Real=0.00s
[2026-04-03T02:23:25.512+0600][56.801s][info][gc,marking     ] GC(253) Concurrent Scan Root Regions 2.876ms
[2026-04-03T02:23:25.512+0600][56.801s][info][gc,marking     ] GC(253) Concurrent Mark
[2026-04-03T02:23:25.512+0600][56.801s][info][gc,marking     ] GC(253) Concurrent Mark From Roots
[2026-04-03T02:23:25.512+0600][56.801s][info][gc,task        ] GC(253) Using 3 workers of 3 for marking
[2026-04-03T02:23:25.601+0600][56.890s][info][gc,marking     ] GC(253) Concurrent Mark From Roots 88.739ms
[2026-04-03T02:23:25.601+0600][56.890s][info][gc,marking     ] GC(253) Concurrent Preclean
[2026-04-03T02:23:25.601+0600][56.891s][info][gc,marking     ] GC(253) Concurrent Preclean 0.451ms
[2026-04-03T02:23:25.601+0600][56.891s][info][gc,start       ] GC(253) Pause Remark
[2026-04-03T02:23:25.610+0600][56.900s][info][gc             ] GC(253) Pause Remark 181M->181M(407M) 8.531ms
[2026-04-03T02:23:25.610+0600][56.900s][info][gc,cpu         ] GC(253) User=0.06s Sys=0.01s Real=0.01s
[2026-04-03T02:23:25.610+0600][56.900s][info][gc,marking     ] GC(253) Concurrent Mark 98.487ms
[2026-04-03T02:23:25.610+0600][56.900s][info][gc,marking     ] GC(253) Concurrent Rebuild Remembered Sets and Scrub Regions
[2026-04-03T02:23:25.636+0600][56.926s][info][gc,marking     ] GC(253) Concurrent Rebuild Remembered Sets and Scrub Regions 25.600ms
[2026-04-03T02:23:25.636+0600][56.926s][info][gc,start       ] GC(253) Pause Cleanup
[2026-04-03T02:23:25.637+0600][56.926s][info][gc             ] GC(253) Pause Cleanup 207M->207M(407M) 0.300ms
[2026-04-03T02:23:25.637+0600][56.926s][info][gc,cpu         ] GC(253) User=0.00s Sys=0.00s Real=0.00s
[2026-04-03T02:23:25.637+0600][56.926s][info][gc,marking     ] GC(253) Concurrent Clear Claimed Marks
[2026-04-03T02:23:25.637+0600][56.927s][info][gc,marking     ] GC(253) Concurrent Clear Claimed Marks 0.284ms
[2026-04-03T02:23:25.637+0600][56.927s][info][gc,marking     ] GC(253) Concurrent Cleanup for Next Mark
[2026-04-03T02:23:25.638+0600][56.928s][info][gc,marking     ] GC(253) Concurrent Cleanup for Next Mark 0.881ms
[2026-04-03T02:23:25.638+0600][56.928s][info][gc             ] GC(253) Concurrent Mark Cycle 129.334ms
[2026-04-03T02:23:25.824+0600][57.113s][info][gc,start       ] GC(254) Pause Young (Prepare Mixed) (G1 Evacuation Pause)
[2026-04-03T02:23:25.824+0600][57.114s][info][gc,task        ] GC(254) Using 9 workers of 10 for evacuation
[2026-04-03T02:23:25.831+0600][57.121s][info][gc,phases      ] GC(254)   Pre Evacuate Collection Set: 0.62ms
[2026-04-03T02:23:25.831+0600][57.121s][info][gc,phases      ] GC(254)   Merge Heap Roots: 0.31ms
[2026-04-03T02:23:25.831+0600][57.121s][info][gc,phases      ] GC(254)   Evacuate Collection Set: 5.35ms
[2026-04-03T02:23:25.831+0600][57.121s][info][gc,phases      ] GC(254)   Post Evacuate Collection Set: 0.97ms
[2026-04-03T02:23:25.831+0600][57.121s][info][gc,phases      ] GC(254)   Other: 0.15ms
[2026-04-03T02:23:25.831+0600][57.121s][info][gc,heap        ] GC(254) Eden regions: 202->0(241)
[2026-04-03T02:23:25.831+0600][57.121s][info][gc,heap        ] GC(254) Survivor regions: 9->9(31)
[2026-04-03T02:23:25.831+0600][57.121s][info][gc,heap        ] GC(254) Old regions: 84->85
[2026-04-03T02:23:25.831+0600][57.121s][info][gc,heap        ] GC(254) Humongous regions: 112->8
[2026-04-03T02:23:25.831+0600][57.121s][info][gc,metaspace   ] GC(254) Metaspace: 131770K(133184K)->131770K(133184K) NonClass: 115156K(115840K)->115156K(115840K) Class: 16614K(17344K)->16614K(17344K)
[2026-04-03T02:23:25.832+0600][57.121s][info][gc             ] GC(254) Pause Young (Prepare Mixed) (G1 Evacuation Pause) 405M->100M(417M) 7.764ms
[2026-04-03T02:23:25.832+0600][57.121s][info][gc,cpu         ] GC(254) User=0.03s Sys=0.02s Real=0.01s
[2026-04-03T02:23:26.070+0600][57.360s][info][gc,start       ] GC(255) Pause Young (Mixed) (G1 Evacuation Pause)
[2026-04-03T02:23:26.070+0600][57.360s][info][gc,task        ] GC(255) Using 10 workers of 10 for evacuation
[2026-04-03T02:23:26.076+0600][57.366s][info][gc,phases      ] GC(255)   Pre Evacuate Collection Set: 0.35ms
[2026-04-03T02:23:26.076+0600][57.366s][info][gc,phases      ] GC(255)   Merge Heap Roots: 0.22ms
[2026-04-03T02:23:26.076+0600][57.366s][info][gc,phases      ] GC(255)   Evacuate Collection Set: 4.35ms
[2026-04-03T02:23:26.076+0600][57.366s][info][gc,phases      ] GC(255)   Post Evacuate Collection Set: 0.73ms
[2026-04-03T02:23:26.076+0600][57.366s][info][gc,phases      ] GC(255)   Other: 0.10ms
[2026-04-03T02:23:26.076+0600][57.366s][info][gc,heap        ] GC(255) Eden regions: 211->0(333)
[2026-04-03T02:23:26.076+0600][57.366s][info][gc,heap        ] GC(255) Survivor regions: 9->10(32)
[2026-04-03T02:23:26.076+0600][57.366s][info][gc,heap        ] GC(255) Old regions: 85->84
[2026-04-03T02:23:26.076+0600][57.366s][info][gc,heap        ] GC(255) Humongous regions: 257->13
[2026-04-03T02:23:26.076+0600][57.366s][info][gc,metaspace   ] GC(255) Metaspace: 131773K(133184K)->131773K(133184K) NonClass: 115158K(115840K)->115158K(115840K) Class: 16615K(17344K)->16615K(17344K)
[2026-04-03T02:23:26.076+0600][57.366s][info][gc             ] GC(255) Pause Young (Mixed) (G1 Evacuation Pause) 560M->105M(572M) 6.010ms
[2026-04-03T02:23:26.076+0600][57.366s][info][gc,cpu         ] GC(255) User=0.02s Sys=0.02s Real=0.00s
[2026-04-03T02:23:26.077+0600][57.366s][info][gc,start       ] GC(256) Pause Young (Concurrent Start) (G1 Humongous Allocation)
[2026-04-03T02:23:26.077+0600][57.367s][info][gc,task        ] GC(256) Using 10 workers of 10 for evacuation
[2026-04-03T02:23:26.080+0600][57.370s][info][gc,phases      ] GC(256)   Pre Evacuate Collection Set: 0.24ms
[2026-04-03T02:23:26.080+0600][57.370s][info][gc,phases      ] GC(256)   Merge Heap Roots: 0.07ms
[2026-04-03T02:23:26.080+0600][57.370s][info][gc,phases      ] GC(256)   Evacuate Collection Set: 2.20ms
[2026-04-03T02:23:26.080+0600][57.370s][info][gc,phases      ] GC(256)   Post Evacuate Collection Set: 0.48ms
[2026-04-03T02:23:26.080+0600][57.370s][info][gc,phases      ] GC(256)   Other: 0.10ms
[2026-04-03T02:23:26.080+0600][57.370s][info][gc,heap        ] GC(256) Eden regions: 2->0(333)
[2026-04-03T02:23:26.080+0600][57.370s][info][gc,heap        ] GC(256) Survivor regions: 10->10(43)
[2026-04-03T02:23:26.080+0600][57.370s][info][gc,heap        ] GC(256) Old regions: 84->84
[2026-04-03T02:23:26.080+0600][57.370s][info][gc,heap        ] GC(256) Humongous regions: 18->13
[2026-04-03T02:23:26.080+0600][57.370s][info][gc,metaspace   ] GC(256) Metaspace: 131773K(133184K)->131773K(133184K) NonClass: 115158K(115840K)->115158K(115840K) Class: 16615K(17344K)->16615K(17344K)
[2026-04-03T02:23:26.080+0600][57.370s][info][gc             ] GC(256) Pause Young (Concurrent Start) (G1 Humongous Allocation) 112M->106M(572M) 3.274ms
[2026-04-03T02:23:26.080+0600][57.370s][info][gc             ] GC(257) Concurrent Undo Cycle
[2026-04-03T02:23:26.080+0600][57.370s][info][gc,marking     ] GC(257) Concurrent Clear Claimed Marks
[2026-04-03T02:23:26.080+0600][57.370s][info][gc,cpu         ] GC(256) User=0.03s Sys=0.00s Real=0.01s
[2026-04-03T02:23:26.080+0600][57.370s][info][gc,marking     ] GC(257) Concurrent Clear Claimed Marks 0.282ms
[2026-04-03T02:23:26.080+0600][57.370s][info][gc,marking     ] GC(257) Concurrent Cleanup for Next Mark
[2026-04-03T02:23:26.081+0600][57.370s][info][gc,marking     ] GC(257) Concurrent Cleanup for Next Mark 0.232ms
[2026-04-03T02:23:26.081+0600][57.370s][info][gc             ] GC(257) Concurrent Undo Cycle 0.642ms
[2026-04-03T02:23:26.082+0600][57.371s][info][gc,start       ] GC(258) Pause Young (Concurrent Start) (G1 Humongous Allocation)
[2026-04-03T02:23:26.082+0600][57.372s][info][gc,task        ] GC(258) Using 10 workers of 10 for evacuation
[2026-04-03T02:23:26.086+0600][57.375s][info][gc,phases      ] GC(258)   Pre Evacuate Collection Set: 0.24ms
[2026-04-03T02:23:26.086+0600][57.375s][info][gc,phases      ] GC(258)   Merge Heap Roots: 0.08ms
[2026-04-03T02:23:26.086+0600][57.375s][info][gc,phases      ] GC(258)   Evacuate Collection Set: 2.60ms
[2026-04-03T02:23:26.086+0600][57.375s][info][gc,phases      ] GC(258)   Post Evacuate Collection Set: 0.58ms
[2026-04-03T02:23:26.086+0600][57.375s][info][gc,phases      ] GC(258)   Other: 0.16ms
[2026-04-03T02:23:26.086+0600][57.375s][info][gc,heap        ] GC(258) Eden regions: 2->0(317)
[2026-04-03T02:23:26.086+0600][57.375s][info][gc,heap        ] GC(258) Survivor regions: 10->10(43)
[2026-04-03T02:23:26.086+0600][57.375s][info][gc,heap        ] GC(258) Old regions: 84->85
[2026-04-03T02:23:26.086+0600][57.375s][info][gc,heap        ] GC(258) Humongous regions: 28->23
[2026-04-03T02:23:26.086+0600][57.376s][info][gc,metaspace   ] GC(258) Metaspace: 131773K(133184K)->131773K(133184K) NonClass: 115158K(115840K)->115158K(115840K) Class: 16615K(17344K)->16615K(17344K)
[2026-04-03T02:23:26.086+0600][57.376s][info][gc             ] GC(258) Pause Young (Concurrent Start) (G1 Humongous Allocation) 123M->116M(572M) 4.146ms
[2026-04-03T02:23:26.086+0600][57.376s][info][gc             ] GC(259) Concurrent Mark Cycle
[2026-04-03T02:23:26.086+0600][57.376s][info][gc,marking     ] GC(259) Concurrent Scan Root Regions
[2026-04-03T02:23:26.086+0600][57.376s][info][gc,cpu         ] GC(258) User=0.01s Sys=0.01s Real=0.00s
[2026-04-03T02:23:26.089+0600][57.378s][info][gc,marking     ] GC(259) Concurrent Scan Root Regions 2.654ms
[2026-04-03T02:23:26.089+0600][57.379s][info][gc,marking     ] GC(259) Concurrent Mark
[2026-04-03T02:23:26.089+0600][57.379s][info][gc,marking     ] GC(259) Concurrent Mark From Roots
[2026-04-03T02:23:26.089+0600][57.379s][info][gc,task        ] GC(259) Using 3 workers of 3 for marking
[2026-04-03T02:23:26.177+0600][57.467s][info][gc,marking     ] GC(259) Concurrent Mark From Roots 88.032ms
[2026-04-03T02:23:26.177+0600][57.467s][info][gc,marking     ] GC(259) Concurrent Preclean
[2026-04-03T02:23:26.177+0600][57.467s][info][gc,marking     ] GC(259) Concurrent Preclean 0.292ms
[2026-04-03T02:23:26.178+0600][57.467s][info][gc,start       ] GC(259) Pause Remark
[2026-04-03T02:23:26.186+0600][57.475s][info][gc             ] GC(259) Pause Remark 315M->315M(572M) 7.831ms
[2026-04-03T02:23:26.186+0600][57.475s][info][gc,cpu         ] GC(259) User=0.06s Sys=0.00s Real=0.01s
[2026-04-03T02:23:26.186+0600][57.476s][info][gc,marking     ] GC(259) Concurrent Mark 97.052ms
[2026-04-03T02:23:26.186+0600][57.476s][info][gc,marking     ] GC(259) Concurrent Rebuild Remembered Sets and Scrub Regions
[2026-04-03T02:23:26.219+0600][57.508s][info][gc,marking     ] GC(259) Concurrent Rebuild Remembered Sets and Scrub Regions 32.794ms
[2026-04-03T02:23:26.221+0600][57.511s][info][gc,start       ] GC(259) Pause Cleanup
[2026-04-03T02:23:26.222+0600][57.511s][info][gc             ] GC(259) Pause Cleanup 512M->512M(572M) 0.303ms
[2026-04-03T02:23:26.222+0600][57.511s][info][gc,cpu         ] GC(259) User=0.00s Sys=0.00s Real=0.00s
[2026-04-03T02:23:26.222+0600][57.512s][info][gc,marking     ] GC(259) Concurrent Clear Claimed Marks
[2026-04-03T02:23:26.223+0600][57.512s][info][gc,marking     ] GC(259) Concurrent Clear Claimed Marks 0.519ms
[2026-04-03T02:23:26.223+0600][57.512s][info][gc,marking     ] GC(259) Concurrent Cleanup for Next Mark
[2026-04-03T02:23:26.225+0600][57.514s][info][gc,marking     ] GC(259) Concurrent Cleanup for Next Mark 2.074ms
[2026-04-03T02:23:26.225+0600][57.515s][info][gc             ] GC(259) Concurrent Mark Cycle 139.012ms
[2026-04-03T02:23:26.262+0600][57.552s][info][gc,start       ] GC(260) Pause Young (Prepare Mixed) (G1 Evacuation Pause)
[2026-04-03T02:23:26.262+0600][57.552s][info][gc,task        ] GC(260) Using 10 workers of 10 for evacuation
[2026-04-03T02:23:26.265+0600][57.555s][info][gc,phases      ] GC(260)   Pre Evacuate Collection Set: 0.31ms
[2026-04-03T02:23:26.265+0600][57.555s][info][gc,phases      ] GC(260)   Merge Heap Roots: 0.17ms
[2026-04-03T02:23:26.265+0600][57.555s][info][gc,phases      ] GC(260)   Evacuate Collection Set: 1.87ms
[2026-04-03T02:23:26.265+0600][57.555s][info][gc,phases      ] GC(260)   Post Evacuate Collection Set: 0.66ms
[2026-04-03T02:23:26.265+0600][57.555s][info][gc,phases      ] GC(260)   Other: 0.08ms
[2026-04-03T02:23:26.265+0600][57.555s][info][gc,heap        ] GC(260) Eden regions: 70->0(403)
[2026-04-03T02:23:26.265+0600][57.555s][info][gc,heap        ] GC(260) Survivor regions: 10->4(41)
[2026-04-03T02:23:26.265+0600][57.555s][info][gc,heap        ] GC(260) Old regions: 85->85
[2026-04-03T02:23:26.265+0600][57.555s][info][gc,heap        ] GC(260) Humongous regions: 510->13
[2026-04-03T02:23:26.265+0600][57.555s][info][gc,metaspace   ] GC(260) Metaspace: 131784K(133184K)->131784K(133184K) NonClass: 115169K(115840K)->115169K(115840K) Class: 16615K(17344K)->16615K(17344K)
[2026-04-03T02:23:26.265+0600][57.555s][info][gc             ] GC(260) Pause Young (Prepare Mixed) (G1 Evacuation Pause) 673M->100M(679M) 3.301ms
[2026-04-03T02:23:26.265+0600][57.555s][info][gc,cpu         ] GC(260) User=0.01s Sys=0.00s Real=0.00s
[2026-04-03T02:23:26.839+0600][58.128s][info][gc,start       ] GC(261) Pause Young (Mixed) (G1 Evacuation Pause)
[2026-04-03T02:23:26.839+0600][58.128s][info][gc,task        ] GC(261) Using 10 workers of 10 for evacuation
[2026-04-03T02:23:26.845+0600][58.135s][info][gc,phases      ] GC(261)   Pre Evacuate Collection Set: 0.36ms
[2026-04-03T02:23:26.845+0600][58.135s][info][gc,phases      ] GC(261)   Merge Heap Roots: 0.33ms
[2026-04-03T02:23:26.845+0600][58.135s][info][gc,phases      ] GC(261)   Evacuate Collection Set: 4.81ms
[2026-04-03T02:23:26.845+0600][58.135s][info][gc,phases      ] GC(261)   Post Evacuate Collection Set: 0.90ms
[2026-04-03T02:23:26.845+0600][58.135s][info][gc,phases      ] GC(261)   Other: 0.16ms
[2026-04-03T02:23:26.845+0600][58.135s][info][gc,heap        ] GC(261) Eden regions: 378->0(404)
[2026-04-03T02:23:26.845+0600][58.135s][info][gc,heap        ] GC(261) Survivor regions: 4->8(51)
[2026-04-03T02:23:26.845+0600][58.135s][info][gc,heap        ] GC(261) Old regions: 85->84
[2026-04-03T02:23:26.845+0600][58.135s][info][gc,heap        ] GC(261) Humongous regions: 212->8
[2026-04-03T02:23:26.845+0600][58.135s][info][gc,metaspace   ] GC(261) Metaspace: 131818K(133312K)->131818K(133312K) NonClass: 115203K(115968K)->115203K(115968K) Class: 16615K(17344K)->16615K(17344K)
[2026-04-03T02:23:26.845+0600][58.135s][info][gc             ] GC(261) Pause Young (Mixed) (G1 Evacuation Pause) 677M->98M(688M) 6.906ms
[2026-04-03T02:23:26.846+0600][58.135s][info][gc,cpu         ] GC(261) User=0.03s Sys=0.02s Real=0.01s
[2026-04-03T02:23:26.855+0600][58.145s][info][gc,start       ] GC(262) Pause Young (Concurrent Start) (G1 Humongous Allocation)
[2026-04-03T02:23:26.856+0600][58.145s][info][gc,task        ] GC(262) Using 10 workers of 10 for evacuation
[2026-04-03T02:23:26.860+0600][58.150s][info][gc,phases      ] GC(262)   Pre Evacuate Collection Set: 0.66ms
[2026-04-03T02:23:26.860+0600][58.150s][info][gc,phases      ] GC(262)   Merge Heap Roots: 0.17ms
[2026-04-03T02:23:26.860+0600][58.150s][info][gc,phases      ] GC(262)   Evacuate Collection Set: 2.64ms
[2026-04-03T02:23:26.860+0600][58.150s][info][gc,phases      ] GC(262)   Post Evacuate Collection Set: 0.75ms
[2026-04-03T02:23:26.860+0600][58.150s][info][gc,phases      ] GC(262)   Other: 0.21ms
[2026-04-03T02:23:26.860+0600][58.150s][info][gc,heap        ] GC(262) Eden regions: 14->0(405)
[2026-04-03T02:23:26.860+0600][58.150s][info][gc,heap        ] GC(262) Survivor regions: 8->7(52)
[2026-04-03T02:23:26.860+0600][58.150s][info][gc,heap        ] GC(262) Old regions: 84->84
[2026-04-03T02:23:26.860+0600][58.150s][info][gc,heap        ] GC(262) Humongous regions: 8->8
[2026-04-03T02:23:26.860+0600][58.150s][info][gc,metaspace   ] GC(262) Metaspace: 131818K(133312K)->131818K(133312K) NonClass: 115203K(115968K)->115203K(115968K) Class: 16615K(17344K)->16615K(17344K)
[2026-04-03T02:23:26.860+0600][58.150s][info][gc             ] GC(262) Pause Young (Concurrent Start) (G1 Humongous Allocation) 112M->98M(688M) 4.792ms
[2026-04-03T02:23:26.860+0600][58.150s][info][gc             ] GC(263) Concurrent Mark Cycle
[2026-04-03T02:23:26.860+0600][58.150s][info][gc,marking     ] GC(263) Concurrent Scan Root Regions
[2026-04-03T02:23:26.860+0600][58.150s][info][gc,cpu         ] GC(262) User=0.04s Sys=0.00s Real=0.01s
[2026-04-03T02:23:26.863+0600][58.153s][info][gc,marking     ] GC(263) Concurrent Scan Root Regions 2.729ms
[2026-04-03T02:23:26.863+0600][58.153s][info][gc,marking     ] GC(263) Concurrent Mark
[2026-04-03T02:23:26.863+0600][58.153s][info][gc,marking     ] GC(263) Concurrent Mark From Roots
[2026-04-03T02:23:26.863+0600][58.153s][info][gc,task        ] GC(263) Using 3 workers of 3 for marking
[2026-04-03T02:23:26.958+0600][58.247s][info][gc,marking     ] GC(263) Concurrent Mark From Roots 94.373ms
[2026-04-03T02:23:26.958+0600][58.247s][info][gc,marking     ] GC(263) Concurrent Preclean
[2026-04-03T02:23:26.958+0600][58.248s][info][gc,marking     ] GC(263) Concurrent Preclean 0.665ms
[2026-04-03T02:23:26.959+0600][58.248s][info][gc,start       ] GC(263) Pause Remark
[2026-04-03T02:23:26.968+0600][58.258s][info][gc             ] GC(263) Pause Remark 229M->229M(540M) 9.322ms
[2026-04-03T02:23:26.968+0600][58.258s][info][gc,cpu         ] GC(263) User=0.06s Sys=0.00s Real=0.01s
[2026-04-03T02:23:26.968+0600][58.258s][info][gc,marking     ] GC(263) Concurrent Mark 105.285ms
[2026-04-03T02:23:26.968+0600][58.258s][info][gc,marking     ] GC(263) Concurrent Rebuild Remembered Sets and Scrub Regions
[2026-04-03T02:23:27.002+0600][58.291s][info][gc,marking     ] GC(263) Concurrent Rebuild Remembered Sets and Scrub Regions 33.249ms
[2026-04-03T02:23:27.002+0600][58.292s][info][gc,start       ] GC(263) Pause Cleanup
[2026-04-03T02:23:27.002+0600][58.292s][info][gc             ] GC(263) Pause Cleanup 264M->264M(540M) 0.283ms
[2026-04-03T02:23:27.002+0600][58.292s][info][gc,cpu         ] GC(263) User=0.00s Sys=0.00s Real=0.00s
[2026-04-03T02:23:27.002+0600][58.292s][info][gc,marking     ] GC(263) Concurrent Clear Claimed Marks
[2026-04-03T02:23:27.003+0600][58.292s][info][gc,marking     ] GC(263) Concurrent Clear Claimed Marks 0.343ms
[2026-04-03T02:23:27.003+0600][58.293s][info][gc,marking     ] GC(263) Concurrent Cleanup for Next Mark
[2026-04-03T02:23:27.004+0600][58.293s][info][gc,marking     ] GC(263) Concurrent Cleanup for Next Mark 0.731ms
[2026-04-03T02:23:27.004+0600][58.293s][info][gc             ] GC(263) Concurrent Mark Cycle 143.337ms
[2026-04-03T02:23:27.200+0600][58.490s][info][gc,start       ] GC(264) Pause Young (Prepare Mixed) (G1 Evacuation Pause)
[2026-04-03T02:23:27.201+0600][58.490s][info][gc,task        ] GC(264) Using 10 workers of 10 for evacuation
[2026-04-03T02:23:27.204+0600][58.494s][info][gc,phases      ] GC(264)   Pre Evacuate Collection Set: 0.32ms
[2026-04-03T02:23:27.204+0600][58.494s][info][gc,phases      ] GC(264)   Merge Heap Roots: 0.18ms
[2026-04-03T02:23:27.204+0600][58.494s][info][gc,phases      ] GC(264)   Evacuate Collection Set: 2.58ms
[2026-04-03T02:23:27.204+0600][58.494s][info][gc,phases      ] GC(264)   Post Evacuate Collection Set: 0.67ms
[2026-04-03T02:23:27.204+0600][58.494s][info][gc,phases      ] GC(264)   Other: 0.10ms
[2026-04-03T02:23:27.205+0600][58.494s][info][gc,heap        ] GC(264) Eden regions: 244->0(330)
[2026-04-03T02:23:27.205+0600][58.494s][info][gc,heap        ] GC(264) Survivor regions: 7->6(41)
[2026-04-03T02:23:27.205+0600][58.494s][info][gc,heap        ] GC(264) Old regions: 84->85
[2026-04-03T02:23:27.205+0600][58.494s][info][gc,heap        ] GC(264) Humongous regions: 218->8
[2026-04-03T02:23:27.205+0600][58.494s][info][gc,metaspace   ] GC(264) Metaspace: 131818K(133312K)->131818K(133312K) NonClass: 115203K(115968K)->115203K(115968K) Class: 16615K(17344K)->16615K(17344K)
[2026-04-03T02:23:27.205+0600][58.494s][info][gc             ] GC(264) Pause Young (Prepare Mixed) (G1 Evacuation Pause) 552M->97M(560M) 4.085ms
[2026-04-03T02:23:27.205+0600][58.494s][info][gc,cpu         ] GC(264) User=0.02s Sys=0.01s Real=0.00s
[2026-04-03T02:23:27.674+0600][58.963s][info][gc,start       ] GC(265) Pause Young (Mixed) (G1 Evacuation Pause)
[2026-04-03T02:23:27.674+0600][58.964s][info][gc,task        ] GC(265) Using 10 workers of 10 for evacuation
[2026-04-03T02:23:27.678+0600][58.967s][info][gc,phases      ] GC(265)   Pre Evacuate Collection Set: 0.22ms
[2026-04-03T02:23:27.678+0600][58.967s][info][gc,phases      ] GC(265)   Merge Heap Roots: 0.19ms
[2026-04-03T02:23:27.678+0600][58.967s][info][gc,phases      ] GC(265)   Evacuate Collection Set: 2.63ms
[2026-04-03T02:23:27.678+0600][58.967s][info][gc,phases      ] GC(265)   Post Evacuate Collection Set: 0.64ms
[2026-04-03T02:23:27.678+0600][58.967s][info][gc,phases      ] GC(265)   Other: 0.08ms
[2026-04-03T02:23:27.678+0600][58.967s][info][gc,heap        ] GC(265) Eden regions: 309->0(334)
[2026-04-03T02:23:27.678+0600][58.967s][info][gc,heap        ] GC(265) Survivor regions: 6->6(42)
[2026-04-03T02:23:27.678+0600][58.967s][info][gc,heap        ] GC(265) Old regions: 85->84
[2026-04-03T02:23:27.678+0600][58.967s][info][gc,heap        ] GC(265) Humongous regions: 160->8
[2026-04-03T02:23:27.678+0600][58.967s][info][gc,metaspace   ] GC(265) Metaspace: 131834K(133312K)->131834K(133312K) NonClass: 115219K(115968K)->115219K(115968K) Class: 16615K(17344K)->16615K(17344K)
[2026-04-03T02:23:27.678+0600][58.967s][info][gc             ] GC(265) Pause Young (Mixed) (G1 Evacuation Pause) 558M->96M(567M) 3.989ms
[2026-04-03T02:23:27.678+0600][58.968s][info][gc,cpu         ] GC(265) User=0.01s Sys=0.01s Real=0.00s
[2026-04-03T02:23:27.733+0600][59.023s][info][gc,start       ] GC(266) Pause Young (Concurrent Start) (G1 Humongous Allocation)
[2026-04-03T02:23:27.733+0600][59.023s][info][gc,task        ] GC(266) Using 10 workers of 10 for evacuation
[2026-04-03T02:23:27.736+0600][59.026s][info][gc,phases      ] GC(266)   Pre Evacuate Collection Set: 0.30ms
[2026-04-03T02:23:27.736+0600][59.026s][info][gc,phases      ] GC(266)   Merge Heap Roots: 0.09ms
[2026-04-03T02:23:27.736+0600][59.026s][info][gc,phases      ] GC(266)   Evacuate Collection Set: 1.94ms
[2026-04-03T02:23:27.736+0600][59.026s][info][gc,phases      ] GC(266)   Post Evacuate Collection Set: 0.42ms
[2026-04-03T02:23:27.736+0600][59.026s][info][gc,phases      ] GC(266)   Other: 0.14ms
[2026-04-03T02:23:27.736+0600][59.026s][info][gc,heap        ] GC(266) Eden regions: 29->0(335)
[2026-04-03T02:23:27.736+0600][59.026s][info][gc,heap        ] GC(266) Survivor regions: 6->5(43)
[2026-04-03T02:23:27.736+0600][59.026s][info][gc,heap        ] GC(266) Old regions: 84->84
[2026-04-03T02:23:27.736+0600][59.026s][info][gc,heap        ] GC(266) Humongous regions: 8->8
[2026-04-03T02:23:27.736+0600][59.026s][info][gc,metaspace   ] GC(266) Metaspace: 131839K(133312K)->131839K(133312K) NonClass: 115223K(115968K)->115223K(115968K) Class: 16615K(17344K)->16615K(17344K)
[2026-04-03T02:23:27.736+0600][59.026s][info][gc             ] GC(266) Pause Young (Concurrent Start) (G1 Humongous Allocation) 125M->96M(567M) 3.117ms
[2026-04-03T02:23:27.736+0600][59.026s][info][gc             ] GC(267) Concurrent Mark Cycle
[2026-04-03T02:23:27.736+0600][59.026s][info][gc,marking     ] GC(267) Concurrent Scan Root Regions
[2026-04-03T02:23:27.736+0600][59.026s][info][gc,cpu         ] GC(266) User=0.01s Sys=0.01s Real=0.00s
[2026-04-03T02:23:27.737+0600][59.027s][info][gc,marking     ] GC(267) Concurrent Scan Root Regions 1.381ms
[2026-04-03T02:23:27.737+0600][59.027s][info][gc,marking     ] GC(267) Concurrent Mark
[2026-04-03T02:23:27.737+0600][59.027s][info][gc,marking     ] GC(267) Concurrent Mark From Roots
[2026-04-03T02:23:27.738+0600][59.027s][info][gc,task        ] GC(267) Using 3 workers of 3 for marking
[2026-04-03T02:23:27.842+0600][59.132s][info][gc,marking     ] GC(267) Concurrent Mark From Roots 104.404ms
[2026-04-03T02:23:27.842+0600][59.132s][info][gc,marking     ] GC(267) Concurrent Preclean
[2026-04-03T02:23:27.843+0600][59.132s][info][gc,marking     ] GC(267) Concurrent Preclean 0.640ms
[2026-04-03T02:23:27.843+0600][59.133s][info][gc,start       ] GC(267) Pause Remark
[2026-04-03T02:23:27.852+0600][59.142s][info][gc             ] GC(267) Pause Remark 212M->212M(494M) 8.892ms
[2026-04-03T02:23:27.852+0600][59.142s][info][gc,cpu         ] GC(267) User=0.07s Sys=0.00s Real=0.01s
[2026-04-03T02:23:27.852+0600][59.142s][info][gc,marking     ] GC(267) Concurrent Mark 114.939ms
[2026-04-03T02:23:27.852+0600][59.142s][info][gc,marking     ] GC(267) Concurrent Rebuild Remembered Sets and Scrub Regions
[2026-04-03T02:23:27.890+0600][59.179s][info][gc,marking     ] GC(267) Concurrent Rebuild Remembered Sets and Scrub Regions 37.109ms
[2026-04-03T02:23:27.890+0600][59.180s][info][gc,start       ] GC(267) Pause Cleanup
[2026-04-03T02:23:27.890+0600][59.180s][info][gc             ] GC(267) Pause Cleanup 253M->253M(494M) 0.343ms
[2026-04-03T02:23:27.891+0600][59.180s][info][gc,cpu         ] GC(267) User=0.00s Sys=0.00s Real=0.00s
[2026-04-03T02:23:27.891+0600][59.180s][info][gc,marking     ] GC(267) Concurrent Clear Claimed Marks
[2026-04-03T02:23:27.891+0600][59.181s][info][gc,marking     ] GC(267) Concurrent Clear Claimed Marks 0.437ms
[2026-04-03T02:23:27.891+0600][59.181s][info][gc,marking     ] GC(267) Concurrent Cleanup for Next Mark
[2026-04-03T02:23:27.892+0600][59.182s][info][gc,marking     ] GC(267) Concurrent Cleanup for Next Mark 0.887ms
[2026-04-03T02:23:27.892+0600][59.182s][info][gc             ] GC(267) Concurrent Mark Cycle 156.092ms
[2026-04-03T02:23:28.051+0600][59.341s][info][gc,start       ] GC(268) Pause Young (Prepare Mixed) (G1 Evacuation Pause)
[2026-04-03T02:23:28.052+0600][59.341s][info][gc,task        ] GC(268) Using 10 workers of 10 for evacuation
[2026-04-03T02:23:28.057+0600][59.346s][info][gc,phases      ] GC(268)   Pre Evacuate Collection Set: 0.33ms
[2026-04-03T02:23:28.057+0600][59.346s][info][gc,phases      ] GC(268)   Merge Heap Roots: 0.23ms
[2026-04-03T02:23:28.057+0600][59.346s][info][gc,phases      ] GC(268)   Evacuate Collection Set: 3.56ms
[2026-04-03T02:23:28.057+0600][59.346s][info][gc,phases      ] GC(268)   Post Evacuate Collection Set: 0.67ms
[2026-04-03T02:23:28.057+0600][59.346s][info][gc,phases      ] GC(268)   Other: 0.11ms
[2026-04-03T02:23:28.057+0600][59.346s][info][gc,heap        ] GC(268) Eden regions: 220->0(301)
[2026-04-03T02:23:28.057+0600][59.346s][info][gc,heap        ] GC(268) Survivor regions: 5->6(37)
[2026-04-03T02:23:28.057+0600][59.346s][info][gc,heap        ] GC(268) Old regions: 84->85
[2026-04-03T02:23:28.057+0600][59.346s][info][gc,heap        ] GC(268) Humongous regions: 197->10
[2026-04-03T02:23:28.057+0600][59.346s][info][gc,metaspace   ] GC(268) Metaspace: 131839K(133312K)->131839K(133312K) NonClass: 115223K(115968K)->115223K(115968K) Class: 16615K(17344K)->16615K(17344K)
[2026-04-03T02:23:28.057+0600][59.346s][info][gc             ] GC(268) Pause Young (Prepare Mixed) (G1 Evacuation Pause) 505M->99M(513M) 5.187ms
[2026-04-03T02:23:28.057+0600][59.346s][info][gc,cpu         ] GC(268) User=0.03s Sys=0.01s Real=0.00s
[2026-04-03T02:23:28.321+0600][59.611s][info][gc,start       ] GC(269) Pause Young (Mixed) (G1 Evacuation Pause)
[2026-04-03T02:23:28.321+0600][59.611s][info][gc,task        ] GC(269) Using 10 workers of 10 for evacuation
[2026-04-03T02:23:28.328+0600][59.618s][info][gc,phases      ] GC(269)   Pre Evacuate Collection Set: 0.43ms
[2026-04-03T02:23:28.329+0600][59.618s][info][gc,phases      ] GC(269)   Merge Heap Roots: 0.30ms
[2026-04-03T02:23:28.329+0600][59.618s][info][gc,phases      ] GC(269)   Evacuate Collection Set: 5.41ms
[2026-04-03T02:23:28.329+0600][59.618s][info][gc,phases      ] GC(269)   Post Evacuate Collection Set: 1.03ms
[2026-04-03T02:23:28.329+0600][59.618s][info][gc,phases      ] GC(269)   Other: 0.13ms
[2026-04-03T02:23:28.329+0600][59.618s][info][gc,heap        ] GC(269) Eden regions: 239->0(304)
[2026-04-03T02:23:28.329+0600][59.618s][info][gc,heap        ] GC(269) Survivor regions: 6->9(39)
[2026-04-03T02:23:28.329+0600][59.618s][info][gc,heap        ] GC(269) Old regions: 85->84
[2026-04-03T02:23:28.329+0600][59.618s][info][gc,heap        ] GC(269) Humongous regions: 183->8
[2026-04-03T02:23:28.329+0600][59.618s][info][gc,metaspace   ] GC(269) Metaspace: 131839K(133312K)->131839K(133312K) NonClass: 115223K(115968K)->115223K(115968K) Class: 16615K(17344K)->16615K(17344K)
[2026-04-03T02:23:28.329+0600][59.618s][info][gc             ] GC(269) Pause Young (Mixed) (G1 Evacuation Pause) 511M->100M(523M) 7.779ms
[2026-04-03T02:23:28.329+0600][59.619s][info][gc,cpu         ] GC(269) User=0.04s Sys=0.02s Real=0.00s
[2026-04-03T02:23:28.332+0600][59.621s][info][gc,start       ] GC(270) Pause Young (Concurrent Start) (GCLocker Initiated GC)
[2026-04-03T02:23:28.332+0600][59.621s][info][gc,task        ] GC(270) Using 10 workers of 10 for evacuation
[2026-04-03T02:23:28.336+0600][59.626s][info][gc,phases      ] GC(270)   Pre Evacuate Collection Set: 0.30ms
[2026-04-03T02:23:28.336+0600][59.626s][info][gc,phases      ] GC(270)   Merge Heap Roots: 0.11ms
[2026-04-03T02:23:28.336+0600][59.626s][info][gc,phases      ] GC(270)   Evacuate Collection Set: 3.21ms
[2026-04-03T02:23:28.336+0600][59.626s][info][gc,phases      ] GC(270)   Post Evacuate Collection Set: 0.62ms
[2026-04-03T02:23:28.336+0600][59.626s][info][gc,phases      ] GC(270)   Other: 0.12ms
[2026-04-03T02:23:28.336+0600][59.626s][info][gc,heap        ] GC(270) Eden regions: 6->0(305)
[2026-04-03T02:23:28.336+0600][59.626s][info][gc,heap        ] GC(270) Survivor regions: 9->8(40)
[2026-04-03T02:23:28.336+0600][59.626s][info][gc,heap        ] GC(270) Old regions: 84->85
[2026-04-03T02:23:28.336+0600][59.626s][info][gc,heap        ] GC(270) Humongous regions: 8->8
[2026-04-03T02:23:28.336+0600][59.626s][info][gc,metaspace   ] GC(270) Metaspace: 131839K(133312K)->131839K(133312K) NonClass: 115223K(115968K)->115223K(115968K) Class: 16615K(17344K)->16615K(17344K)
[2026-04-03T02:23:28.336+0600][59.626s][info][gc             ] GC(270) Pause Young (Concurrent Start) (GCLocker Initiated GC) 105M->99M(523M) 4.624ms
[2026-04-03T02:23:28.336+0600][59.626s][info][gc             ] GC(271) Concurrent Mark Cycle
[2026-04-03T02:23:28.336+0600][59.626s][info][gc,cpu         ] GC(270) User=0.03s Sys=0.00s Real=0.00s
[2026-04-03T02:23:28.337+0600][59.626s][info][gc,marking     ] GC(271) Concurrent Scan Root Regions
[2026-04-03T02:23:28.339+0600][59.629s][info][gc,marking     ] GC(271) Concurrent Scan Root Regions 2.887ms
[2026-04-03T02:23:28.339+0600][59.629s][info][gc,marking     ] GC(271) Concurrent Mark
[2026-04-03T02:23:28.340+0600][59.629s][info][gc,marking     ] GC(271) Concurrent Mark From Roots
[2026-04-03T02:23:28.340+0600][59.629s][info][gc,task        ] GC(271) Using 3 workers of 3 for marking
[2026-04-03T02:23:28.435+0600][59.724s][info][gc,marking     ] GC(271) Concurrent Mark From Roots 94.977ms
[2026-04-03T02:23:28.435+0600][59.724s][info][gc,marking     ] GC(271) Concurrent Preclean
[2026-04-03T02:23:28.435+0600][59.725s][info][gc,marking     ] GC(271) Concurrent Preclean 0.624ms
[2026-04-03T02:23:28.436+0600][59.725s][info][gc,start       ] GC(271) Pause Remark
[2026-04-03T02:23:28.444+0600][59.734s][info][gc             ] GC(271) Pause Remark 220M->220M(523M) 8.669ms
[2026-04-03T02:23:28.444+0600][59.734s][info][gc,cpu         ] GC(271) User=0.06s Sys=0.00s Real=0.01s
[2026-04-03T02:23:28.445+0600][59.734s][info][gc,marking     ] GC(271) Concurrent Mark 105.031ms
[2026-04-03T02:23:28.445+0600][59.734s][info][gc,marking     ] GC(271) Concurrent Rebuild Remembered Sets and Scrub Regions
[2026-04-03T02:23:28.474+0600][59.764s][info][gc,marking     ] GC(271) Concurrent Rebuild Remembered Sets and Scrub Regions 29.319ms
[2026-04-03T02:23:28.475+0600][59.764s][info][gc,start       ] GC(271) Pause Cleanup
[2026-04-03T02:23:28.475+0600][59.765s][info][gc             ] GC(271) Pause Cleanup 233M->233M(523M) 0.471ms
[2026-04-03T02:23:28.475+0600][59.765s][info][gc,cpu         ] GC(271) User=0.00s Sys=0.00s Real=0.00s
[2026-04-03T02:23:28.475+0600][59.765s][info][gc,marking     ] GC(271) Concurrent Clear Claimed Marks
[2026-04-03T02:23:28.476+0600][59.766s][info][gc,marking     ] GC(271) Concurrent Clear Claimed Marks 0.487ms
[2026-04-03T02:23:28.476+0600][59.766s][info][gc,marking     ] GC(271) Concurrent Cleanup for Next Mark
[2026-04-03T02:23:28.479+0600][59.769s][info][gc,marking     ] GC(271) Concurrent Cleanup for Next Mark 2.996ms
[2026-04-03T02:23:28.479+0600][59.769s][info][gc             ] GC(271) Concurrent Mark Cycle 142.617ms
[2026-04-03T02:23:28.740+0600][60.030s][info][gc,start       ] GC(272) Pause Young (Prepare Mixed) (G1 Evacuation Pause)
[2026-04-03T02:23:28.740+0600][60.030s][info][gc,task        ] GC(272) Using 10 workers of 10 for evacuation
[2026-04-03T02:23:28.748+0600][60.038s][info][gc,phases      ] GC(272)   Pre Evacuate Collection Set: 0.74ms
[2026-04-03T02:23:28.748+0600][60.038s][info][gc,phases      ] GC(272)   Merge Heap Roots: 0.29ms
[2026-04-03T02:23:28.748+0600][60.038s][info][gc,phases      ] GC(272)   Evacuate Collection Set: 5.46ms
[2026-04-03T02:23:28.748+0600][60.038s][info][gc,phases      ] GC(272)   Post Evacuate Collection Set: 1.02ms
[2026-04-03T02:23:28.748+0600][60.038s][info][gc,phases      ] GC(272)   Other: 0.17ms
[2026-04-03T02:23:28.748+0600][60.038s][info][gc,heap        ] GC(272) Eden regions: 276->0(310)
[2026-04-03T02:23:28.748+0600][60.038s][info][gc,heap        ] GC(272) Survivor regions: 8->9(40)
[2026-04-03T02:23:28.748+0600][60.038s][info][gc,heap        ] GC(272) Old regions: 85->85
[2026-04-03T02:23:28.748+0600][60.038s][info][gc,heap        ] GC(272) Humongous regions: 154->8
[2026-04-03T02:23:28.748+0600][60.038s][info][gc,metaspace   ] GC(272) Metaspace: 131848K(133312K)->131848K(133312K) NonClass: 115232K(115968K)->115232K(115968K) Class: 16615K(17344K)->16615K(17344K)
[2026-04-03T02:23:28.748+0600][60.038s][info][gc             ] GC(272) Pause Young (Prepare Mixed) (G1 Evacuation Pause) 521M->100M(532M) 7.997ms
[2026-04-03T02:23:28.748+0600][60.038s][info][gc,cpu         ] GC(272) User=0.04s Sys=0.01s Real=0.00s
[2026-04-03T02:23:28.967+0600][60.257s][info][gc,start       ] GC(273) Pause Young (Mixed) (G1 Evacuation Pause)
[2026-04-03T02:23:28.967+0600][60.257s][info][gc,task        ] GC(273) Using 10 workers of 10 for evacuation
[2026-04-03T02:23:28.972+0600][60.262s][info][gc,phases      ] GC(273)   Pre Evacuate Collection Set: 0.24ms
[2026-04-03T02:23:28.972+0600][60.262s][info][gc,phases      ] GC(273)   Merge Heap Roots: 0.15ms
[2026-04-03T02:23:28.972+0600][60.262s][info][gc,phases      ] GC(273)   Evacuate Collection Set: 3.81ms
[2026-04-03T02:23:28.972+0600][60.262s][info][gc,phases      ] GC(273)   Post Evacuate Collection Set: 0.71ms
[2026-04-03T02:23:28.972+0600][60.262s][info][gc,phases      ] GC(273)   Other: 0.12ms
[2026-04-03T02:23:28.972+0600][60.262s][info][gc,heap        ] GC(273) Eden regions: 196->0(369)
[2026-04-03T02:23:28.972+0600][60.262s][info][gc,heap        ] GC(273) Survivor regions: 9->10(40)
[2026-04-03T02:23:28.972+0600][60.262s][info][gc,heap        ] GC(273) Old regions: 85->84
[2026-04-03T02:23:28.972+0600][60.262s][info][gc,heap        ] GC(273) Humongous regions: 332->23
[2026-04-03T02:23:28.972+0600][60.262s][info][gc,metaspace   ] GC(273) Metaspace: 131849K(133312K)->131849K(133312K) NonClass: 115233K(115968K)->115233K(115968K) Class: 16615K(17344K)->16615K(17344K)
[2026-04-03T02:23:28.972+0600][60.262s][info][gc             ] GC(273) Pause Young (Mixed) (G1 Evacuation Pause) 620M->116M(633M) 5.270ms
[2026-04-03T02:23:28.972+0600][60.262s][info][gc,cpu         ] GC(273) User=0.02s Sys=0.01s Real=0.01s
[2026-04-03T02:23:28.973+0600][60.263s][info][gc,start       ] GC(274) Pause Young (Concurrent Start) (G1 Humongous Allocation)
[2026-04-03T02:23:28.973+0600][60.263s][info][gc,task        ] GC(274) Using 10 workers of 10 for evacuation
[2026-04-03T02:23:28.976+0600][60.266s][info][gc,phases      ] GC(274)   Pre Evacuate Collection Set: 0.22ms
[2026-04-03T02:23:28.976+0600][60.266s][info][gc,phases      ] GC(274)   Merge Heap Roots: 0.07ms
[2026-04-03T02:23:28.976+0600][60.266s][info][gc,phases      ] GC(274)   Evacuate Collection Set: 2.08ms
[2026-04-03T02:23:28.976+0600][60.266s][info][gc,phases      ] GC(274)   Post Evacuate Collection Set: 0.45ms
[2026-04-03T02:23:28.976+0600][60.266s][info][gc,phases      ] GC(274)   Other: 0.09ms
[2026-04-03T02:23:28.976+0600][60.266s][info][gc,heap        ] GC(274) Eden regions: 3->0(369)
[2026-04-03T02:23:28.976+0600][60.266s][info][gc,heap        ] GC(274) Survivor regions: 10->10(48)
[2026-04-03T02:23:28.976+0600][60.266s][info][gc,heap        ] GC(274) Old regions: 84->85
[2026-04-03T02:23:28.976+0600][60.266s][info][gc,heap        ] GC(274) Humongous regions: 23->8
[2026-04-03T02:23:28.976+0600][60.266s][info][gc,metaspace   ] GC(274) Metaspace: 131849K(133312K)->131849K(133312K) NonClass: 115233K(115968K)->115233K(115968K) Class: 16615K(17344K)->16615K(17344K)
[2026-04-03T02:23:28.976+0600][60.266s][info][gc             ] GC(274) Pause Young (Concurrent Start) (G1 Humongous Allocation) 118M->101M(633M) 3.162ms
[2026-04-03T02:23:28.976+0600][60.266s][info][gc             ] GC(275) Concurrent Mark Cycle
[2026-04-03T02:23:28.976+0600][60.266s][info][gc,marking     ] GC(275) Concurrent Scan Root Regions
[2026-04-03T02:23:28.976+0600][60.266s][info][gc,cpu         ] GC(274) User=0.03s Sys=0.00s Real=0.00s
[2026-04-03T02:23:28.979+0600][60.269s][info][gc,marking     ] GC(275) Concurrent Scan Root Regions 2.792ms
[2026-04-03T02:23:28.979+0600][60.269s][info][gc,marking     ] GC(275) Concurrent Mark
[2026-04-03T02:23:28.979+0600][60.269s][info][gc,marking     ] GC(275) Concurrent Mark From Roots
[2026-04-03T02:23:28.979+0600][60.269s][info][gc,task        ] GC(275) Using 3 workers of 3 for marking
[2026-04-03T02:23:29.069+0600][60.358s][info][gc,marking     ] GC(275) Concurrent Mark From Roots 89.436ms
[2026-04-03T02:23:29.069+0600][60.358s][info][gc,marking     ] GC(275) Concurrent Preclean
[2026-04-03T02:23:29.069+0600][60.359s][info][gc,marking     ] GC(275) Concurrent Preclean 0.489ms
[2026-04-03T02:23:29.071+0600][60.360s][info][gc,start       ] GC(275) Pause Remark
[2026-04-03T02:23:29.080+0600][60.370s][info][gc             ] GC(275) Pause Remark 473M->473M(695M) 9.449ms
[2026-04-03T02:23:29.080+0600][60.370s][info][gc,cpu         ] GC(275) User=0.07s Sys=0.01s Real=0.01s
[2026-04-03T02:23:29.080+0600][60.370s][info][gc,marking     ] GC(275) Concurrent Mark 101.103ms
[2026-04-03T02:23:29.080+0600][60.370s][info][gc,marking     ] GC(275) Concurrent Rebuild Remembered Sets and Scrub Regions
[2026-04-03T02:23:29.111+0600][60.401s][info][gc,marking     ] GC(275) Concurrent Rebuild Remembered Sets and Scrub Regions 30.653ms
[2026-04-03T02:23:29.111+0600][60.401s][info][gc,start       ] GC(275) Pause Cleanup
[2026-04-03T02:23:29.112+0600][60.401s][info][gc             ] GC(275) Pause Cleanup 598M->598M(695M) 0.300ms
[2026-04-03T02:23:29.112+0600][60.401s][info][gc,cpu         ] GC(275) User=0.00s Sys=0.00s Real=0.00s
[2026-04-03T02:23:29.112+0600][60.402s][info][gc,marking     ] GC(275) Concurrent Clear Claimed Marks
[2026-04-03T02:23:29.112+0600][60.402s][info][gc,marking     ] GC(275) Concurrent Clear Claimed Marks 0.317ms
[2026-04-03T02:23:29.112+0600][60.402s][info][gc,marking     ] GC(275) Concurrent Cleanup for Next Mark
[2026-04-03T02:23:29.114+0600][60.404s][info][gc,marking     ] GC(275) Concurrent Cleanup for Next Mark 1.941ms
[2026-04-03T02:23:29.114+0600][60.404s][info][gc             ] GC(275) Concurrent Mark Cycle 138.079ms
[2026-04-03T02:23:29.197+0600][60.487s][info][gc,start       ] GC(276) Pause Young (Prepare Mixed) (G1 Evacuation Pause)
[2026-04-03T02:23:29.197+0600][60.487s][info][gc,task        ] GC(276) Using 10 workers of 10 for evacuation
[2026-04-03T02:23:29.201+0600][60.490s][info][gc,phases      ] GC(276)   Pre Evacuate Collection Set: 0.38ms
[2026-04-03T02:23:29.201+0600][60.490s][info][gc,phases      ] GC(276)   Merge Heap Roots: 0.19ms
[2026-04-03T02:23:29.201+0600][60.490s][info][gc,phases      ] GC(276)   Evacuate Collection Set: 2.23ms
[2026-04-03T02:23:29.201+0600][60.490s][info][gc,phases      ] GC(276)   Post Evacuate Collection Set: 0.70ms
[2026-04-03T02:23:29.201+0600][60.490s][info][gc,phases      ] GC(276)   Other: 0.09ms
[2026-04-03T02:23:29.201+0600][60.491s][info][gc,heap        ] GC(276) Eden regions: 135->0(425)
[2026-04-03T02:23:29.201+0600][60.491s][info][gc,heap        ] GC(276) Survivor regions: 10->5(52)
[2026-04-03T02:23:29.201+0600][60.491s][info][gc,heap        ] GC(276) Old regions: 85->85
[2026-04-03T02:23:29.201+0600][60.491s][info][gc,heap        ] GC(276) Humongous regions: 482->8
[2026-04-03T02:23:29.201+0600][60.491s][info][gc,metaspace   ] GC(276) Metaspace: 131854K(133312K)->131854K(133312K) NonClass: 115238K(115968K)->115238K(115968K) Class: 16615K(17344K)->16615K(17344K)
[2026-04-03T02:23:29.201+0600][60.491s][info][gc             ] GC(276) Pause Young (Prepare Mixed) (G1 Evacuation Pause) 710M->96M(717M) 4.029ms
[2026-04-03T02:23:29.201+0600][60.491s][info][gc,cpu         ] GC(276) User=0.02s Sys=0.01s Real=0.01s
[2026-04-03T02:23:29.826+0600][61.116s][info][gc,start       ] GC(277) Pause Young (Mixed) (G1 Evacuation Pause)
[2026-04-03T02:23:29.827+0600][61.116s][info][gc,task        ] GC(277) Using 10 workers of 10 for evacuation
[2026-04-03T02:23:29.833+0600][61.123s][info][gc,phases      ] GC(277)   Pre Evacuate Collection Set: 0.39ms
[2026-04-03T02:23:29.834+0600][61.123s][info][gc,phases      ] GC(277)   Merge Heap Roots: 0.40ms
[2026-04-03T02:23:29.834+0600][61.123s][info][gc,phases      ] GC(277)   Evacuate Collection Set: 4.93ms
[2026-04-03T02:23:29.834+0600][61.123s][info][gc,phases      ] GC(277)   Post Evacuate Collection Set: 1.05ms
[2026-04-03T02:23:29.834+0600][61.123s][info][gc,phases      ] GC(277)   Other: 0.15ms
[2026-04-03T02:23:29.834+0600][61.123s][info][gc,heap        ] GC(277) Eden regions: 397->0(428)
[2026-04-03T02:23:29.834+0600][61.123s][info][gc,heap        ] GC(277) Survivor regions: 5->8(54)
[2026-04-03T02:23:29.834+0600][61.123s][info][gc,heap        ] GC(277) Old regions: 85->84
[2026-04-03T02:23:29.834+0600][61.123s][info][gc,heap        ] GC(277) Humongous regions: 232->8
[2026-04-03T02:23:29.834+0600][61.123s][info][gc,metaspace   ] GC(277) Metaspace: 131872K(133312K)->131872K(133312K) NonClass: 115256K(115968K)->115256K(115968K) Class: 16615K(17344K)->16615K(17344K)
[2026-04-03T02:23:29.834+0600][61.123s][info][gc             ] GC(277) Pause Young (Mixed) (G1 Evacuation Pause) 717M->99M(728M) 7.252ms
[2026-04-03T02:23:29.834+0600][61.123s][info][gc,cpu         ] GC(277) User=0.04s Sys=0.01s Real=0.01s
[2026-04-03T02:23:29.836+0600][61.126s][info][gc,start       ] GC(278) Pause Young (Concurrent Start) (G1 Humongous Allocation)
[2026-04-03T02:23:29.836+0600][61.126s][info][gc,task        ] GC(278) Using 10 workers of 10 for evacuation
[2026-04-03T02:23:29.840+0600][61.130s][info][gc,phases      ] GC(278)   Pre Evacuate Collection Set: 0.38ms
[2026-04-03T02:23:29.840+0600][61.130s][info][gc,phases      ] GC(278)   Merge Heap Roots: 0.15ms
[2026-04-03T02:23:29.840+0600][61.130s][info][gc,phases      ] GC(278)   Evacuate Collection Set: 2.70ms
[2026-04-03T02:23:29.840+0600][61.130s][info][gc,phases      ] GC(278)   Post Evacuate Collection Set: 0.62ms
[2026-04-03T02:23:29.840+0600][61.130s][info][gc,phases      ] GC(278)   Other: 0.17ms
[2026-04-03T02:23:29.840+0600][61.130s][info][gc,heap        ] GC(278) Eden regions: 5->0(400)
[2026-04-03T02:23:29.840+0600][61.130s][info][gc,heap        ] GC(278) Survivor regions: 8->8(55)
[2026-04-03T02:23:29.840+0600][61.130s][info][gc,heap        ] GC(278) Old regions: 84->84
[2026-04-03T02:23:29.840+0600][61.130s][info][gc,heap        ] GC(278) Humongous regions: 8->8
[2026-04-03T02:23:29.840+0600][61.130s][info][gc,metaspace   ] GC(278) Metaspace: 131872K(133312K)->131872K(133312K) NonClass: 115256K(115968K)->115256K(115968K) Class: 16615K(17344K)->16615K(17344K)
[2026-04-03T02:23:29.840+0600][61.130s][info][gc             ] GC(278) Pause Young (Concurrent Start) (G1 Humongous Allocation) 103M->99M(728M) 4.337ms
[2026-04-03T02:23:29.840+0600][61.130s][info][gc             ] GC(279) Concurrent Mark Cycle
[2026-04-03T02:23:29.841+0600][61.130s][info][gc,marking     ] GC(279) Concurrent Scan Root Regions
[2026-04-03T02:23:29.841+0600][61.130s][info][gc,cpu         ] GC(278) User=0.03s Sys=0.00s Real=0.01s
[2026-04-03T02:23:29.843+0600][61.133s][info][gc,marking     ] GC(279) Concurrent Scan Root Regions 2.920ms
[2026-04-03T02:23:29.844+0600][61.133s][info][gc,marking     ] GC(279) Concurrent Mark
[2026-04-03T02:23:29.844+0600][61.133s][info][gc,marking     ] GC(279) Concurrent Mark From Roots
[2026-04-03T02:23:29.844+0600][61.133s][info][gc,task        ] GC(279) Using 3 workers of 3 for marking
[2026-04-03T02:23:29.943+0600][61.233s][info][gc,marking     ] GC(279) Concurrent Mark From Roots 99.861ms
[2026-04-03T02:23:29.944+0600][61.233s][info][gc,marking     ] GC(279) Concurrent Preclean
[2026-04-03T02:23:29.944+0600][61.234s][info][gc,marking     ] GC(279) Concurrent Preclean 0.640ms
[2026-04-03T02:23:29.944+0600][61.234s][info][gc,start       ] GC(279) Pause Remark
[2026-04-03T02:23:29.953+0600][61.243s][info][gc             ] GC(279) Pause Remark 216M->216M(530M) 8.833ms
[2026-04-03T02:23:29.953+0600][61.243s][info][gc,cpu         ] GC(279) User=0.06s Sys=0.00s Real=0.01s
[2026-04-03T02:23:29.954+0600][61.243s][info][gc,marking     ] GC(279) Concurrent Mark 110.194ms
[2026-04-03T02:23:29.954+0600][61.244s][info][gc,marking     ] GC(279) Concurrent Rebuild Remembered Sets and Scrub Regions
[2026-04-03T02:23:29.991+0600][61.281s][info][gc,marking     ] GC(279) Concurrent Rebuild Remembered Sets and Scrub Regions 37.319ms
[2026-04-03T02:23:29.992+0600][61.281s][info][gc,start       ] GC(279) Pause Cleanup
[2026-04-03T02:23:29.992+0600][61.282s][info][gc             ] GC(279) Pause Cleanup 263M->263M(530M) 0.319ms
[2026-04-03T02:23:29.992+0600][61.282s][info][gc,cpu         ] GC(279) User=0.00s Sys=0.00s Real=0.00s
[2026-04-03T02:23:29.992+0600][61.282s][info][gc,marking     ] GC(279) Concurrent Clear Claimed Marks
[2026-04-03T02:23:29.993+0600][61.282s][info][gc,marking     ] GC(279) Concurrent Clear Claimed Marks 0.330ms
[2026-04-03T02:23:29.993+0600][61.282s][info][gc,marking     ] GC(279) Concurrent Cleanup for Next Mark
[2026-04-03T02:23:29.993+0600][61.283s][info][gc,marking     ] GC(279) Concurrent Cleanup for Next Mark 0.773ms
[2026-04-03T02:23:29.993+0600][61.283s][info][gc             ] GC(279) Concurrent Mark Cycle 152.936ms
[2026-04-03T02:23:30.175+0600][61.465s][info][gc,start       ] GC(280) Pause Young (Prepare Mixed) (GCLocker Initiated GC)
[2026-04-03T02:23:30.176+0600][61.465s][info][gc,task        ] GC(280) Using 10 workers of 10 for evacuation
[2026-04-03T02:23:30.183+0600][61.473s][info][gc,phases      ] GC(280)   Pre Evacuate Collection Set: 0.51ms
[2026-04-03T02:23:30.183+0600][61.473s][info][gc,phases      ] GC(280)   Merge Heap Roots: 0.36ms
[2026-04-03T02:23:30.183+0600][61.473s][info][gc,phases      ] GC(280)   Evacuate Collection Set: 5.42ms
[2026-04-03T02:23:30.183+0600][61.473s][info][gc,phases      ] GC(280)   Post Evacuate Collection Set: 0.92ms
[2026-04-03T02:23:30.183+0600][61.473s][info][gc,phases      ] GC(280)   Other: 0.15ms
[2026-04-03T02:23:30.183+0600][61.473s][info][gc,heap        ] GC(280) Eden regions: 245->0(303)
[2026-04-03T02:23:30.183+0600][61.473s][info][gc,heap        ] GC(280) Survivor regions: 8->9(40)
[2026-04-03T02:23:30.183+0600][61.473s][info][gc,heap        ] GC(280) Old regions: 84->85
[2026-04-03T02:23:30.183+0600][61.473s][info][gc,heap        ] GC(280) Humongous regions: 195->8
[2026-04-03T02:23:30.183+0600][61.473s][info][gc,metaspace   ] GC(280) Metaspace: 131872K(133312K)->131872K(133312K) NonClass: 115256K(115968K)->115256K(115968K) Class: 16615K(17344K)->16615K(17344K)
[2026-04-03T02:23:30.183+0600][61.473s][info][gc             ] GC(280) Pause Young (Prepare Mixed) (GCLocker Initiated GC) 531M->100M(542M) 7.751ms
[2026-04-03T02:23:30.183+0600][61.473s][info][gc,cpu         ] GC(280) User=0.05s Sys=0.02s Real=0.01s
[2026-04-03T02:23:30.548+0600][61.838s][info][gc,start       ] GC(281) Pause Young (Mixed) (G1 Evacuation Pause)
[2026-04-03T02:23:30.549+0600][61.838s][info][gc,task        ] GC(281) Using 10 workers of 10 for evacuation
[2026-04-03T02:23:30.556+0600][61.846s][info][gc,phases      ] GC(281)   Pre Evacuate Collection Set: 0.46ms
[2026-04-03T02:23:30.556+0600][61.846s][info][gc,phases      ] GC(281)   Merge Heap Roots: 0.35ms
[2026-04-03T02:23:30.556+0600][61.846s][info][gc,phases      ] GC(281)   Evacuate Collection Set: 5.58ms
[2026-04-03T02:23:30.556+0600][61.846s][info][gc,phases      ] GC(281)   Post Evacuate Collection Set: 0.94ms
[2026-04-03T02:23:30.556+0600][61.846s][info][gc,phases      ] GC(281)   Other: 0.14ms
[2026-04-03T02:23:30.556+0600][61.846s][info][gc,heap        ] GC(281) Eden regions: 296->0(322)
[2026-04-03T02:23:30.556+0600][61.846s][info][gc,heap        ] GC(281) Survivor regions: 9->10(39)
[2026-04-03T02:23:30.556+0600][61.846s][info][gc,heap        ] GC(281) Old regions: 85->84
[2026-04-03T02:23:30.556+0600][61.846s][info][gc,heap        ] GC(281) Humongous regions: 154->10
[2026-04-03T02:23:30.556+0600][61.846s][info][gc,metaspace   ] GC(281) Metaspace: 131872K(133312K)->131872K(133312K) NonClass: 115256K(115968K)->115256K(115968K) Class: 16615K(17344K)->16615K(17344K)
[2026-04-03T02:23:30.556+0600][61.846s][info][gc             ] GC(281) Pause Young (Mixed) (G1 Evacuation Pause) 542M->103M(554M) 7.741ms
[2026-04-03T02:23:30.556+0600][61.846s][info][gc,cpu         ] GC(281) User=0.04s Sys=0.01s Real=0.01s
[2026-04-03T02:23:30.558+0600][61.847s][info][gc,start       ] GC(282) Pause Young (Concurrent Start) (G1 Humongous Allocation)
[2026-04-03T02:23:30.558+0600][61.848s][info][gc,task        ] GC(282) Using 10 workers of 10 for evacuation
[2026-04-03T02:23:30.562+0600][61.852s][info][gc,phases      ] GC(282)   Pre Evacuate Collection Set: 0.24ms
[2026-04-03T02:23:30.562+0600][61.852s][info][gc,phases      ] GC(282)   Merge Heap Roots: 0.09ms
[2026-04-03T02:23:30.562+0600][61.852s][info][gc,phases      ] GC(282)   Evacuate Collection Set: 3.12ms
[2026-04-03T02:23:30.562+0600][61.852s][info][gc,phases      ] GC(282)   Post Evacuate Collection Set: 0.52ms
[2026-04-03T02:23:30.562+0600][61.852s][info][gc,phases      ] GC(282)   Other: 0.10ms
[2026-04-03T02:23:30.562+0600][61.852s][info][gc,heap        ] GC(282) Eden regions: 5->0(322)
[2026-04-03T02:23:30.562+0600][61.852s][info][gc,heap        ] GC(282) Survivor regions: 10->10(42)
[2026-04-03T02:23:30.562+0600][61.852s][info][gc,heap        ] GC(282) Old regions: 84->85
[2026-04-03T02:23:30.562+0600][61.852s][info][gc,heap        ] GC(282) Humongous regions: 10->8
[2026-04-03T02:23:30.562+0600][61.852s][info][gc,metaspace   ] GC(282) Metaspace: 131872K(133312K)->131872K(133312K) NonClass: 115256K(115968K)->115256K(115968K) Class: 16615K(17344K)->16615K(17344K)
[2026-04-03T02:23:30.562+0600][61.852s][info][gc             ] GC(282) Pause Young (Concurrent Start) (G1 Humongous Allocation) 107M->101M(554M) 4.306ms
[2026-04-03T02:23:30.562+0600][61.852s][info][gc             ] GC(283) Concurrent Mark Cycle
[2026-04-03T02:23:30.562+0600][61.852s][info][gc,marking     ] GC(283) Concurrent Scan Root Regions
[2026-04-03T02:23:30.562+0600][61.852s][info][gc,cpu         ] GC(282) User=0.04s Sys=0.00s Real=0.01s
[2026-04-03T02:23:30.565+0600][61.855s][info][gc,marking     ] GC(283) Concurrent Scan Root Regions 3.159ms
[2026-04-03T02:23:30.565+0600][61.855s][info][gc,marking     ] GC(283) Concurrent Mark
[2026-04-03T02:23:30.566+0600][61.855s][info][gc,marking     ] GC(283) Concurrent Mark From Roots
[2026-04-03T02:23:30.566+0600][61.855s][info][gc,task        ] GC(283) Using 3 workers of 3 for marking
[2026-04-03T02:23:30.657+0600][61.946s][info][gc,marking     ] GC(283) Concurrent Mark From Roots 91.098ms
[2026-04-03T02:23:30.657+0600][61.946s][info][gc,marking     ] GC(283) Concurrent Preclean
[2026-04-03T02:23:30.657+0600][61.947s][info][gc,marking     ] GC(283) Concurrent Preclean 0.386ms
[2026-04-03T02:23:30.658+0600][61.947s][info][gc,start       ] GC(283) Pause Remark
[2026-04-03T02:23:30.667+0600][61.957s][info][gc             ] GC(283) Pause Remark 224M->224M(414M) 9.435ms
[2026-04-03T02:23:30.667+0600][61.957s][info][gc,cpu         ] GC(283) User=0.07s Sys=0.00s Real=0.01s
[2026-04-03T02:23:30.667+0600][61.957s][info][gc,marking     ] GC(283) Concurrent Mark 101.984ms
[2026-04-03T02:23:30.668+0600][61.957s][info][gc,marking     ] GC(283) Concurrent Rebuild Remembered Sets and Scrub Regions
[2026-04-03T02:23:30.699+0600][61.988s][info][gc,marking     ] GC(283) Concurrent Rebuild Remembered Sets and Scrub Regions 31.005ms
[2026-04-03T02:23:30.699+0600][61.989s][info][gc,start       ] GC(283) Pause Cleanup
[2026-04-03T02:23:30.699+0600][61.989s][info][gc             ] GC(283) Pause Cleanup 258M->258M(414M) 0.255ms
[2026-04-03T02:23:30.699+0600][61.989s][info][gc,cpu         ] GC(283) User=0.00s Sys=0.00s Real=0.00s
[2026-04-03T02:23:30.699+0600][61.989s][info][gc,marking     ] GC(283) Concurrent Clear Claimed Marks
[2026-04-03T02:23:30.700+0600][61.989s][info][gc,marking     ] GC(283) Concurrent Clear Claimed Marks 0.349ms
[2026-04-03T02:23:30.700+0600][61.989s][info][gc,marking     ] GC(283) Concurrent Cleanup for Next Mark
[2026-04-03T02:23:30.700+0600][61.990s][info][gc,marking     ] GC(283) Concurrent Cleanup for Next Mark 0.781ms
[2026-04-03T02:23:30.701+0600][61.990s][info][gc             ] GC(283) Concurrent Mark Cycle 138.351ms
[2026-04-03T02:23:30.819+0600][62.109s][info][gc,start       ] GC(284) Pause Young (Prepare Mixed) (G1 Evacuation Pause)
[2026-04-03T02:23:30.819+0600][62.109s][info][gc,task        ] GC(284) Using 10 workers of 10 for evacuation
[2026-04-03T02:23:30.824+0600][62.114s][info][gc,phases      ] GC(284)   Pre Evacuate Collection Set: 0.31ms
[2026-04-03T02:23:30.824+0600][62.114s][info][gc,phases      ] GC(284)   Merge Heap Roots: 0.17ms
[2026-04-03T02:23:30.824+0600][62.114s][info][gc,phases      ] GC(284)   Evacuate Collection Set: 3.83ms
[2026-04-03T02:23:30.824+0600][62.114s][info][gc,phases      ] GC(284)   Post Evacuate Collection Set: 0.62ms
[2026-04-03T02:23:30.824+0600][62.114s][info][gc,phases      ] GC(284)   Other: 0.09ms
[2026-04-03T02:23:30.824+0600][62.114s][info][gc,heap        ] GC(284) Eden regions: 169->0(275)
[2026-04-03T02:23:30.824+0600][62.114s][info][gc,heap        ] GC(284) Survivor regions: 10->9(31)
[2026-04-03T02:23:30.824+0600][62.114s][info][gc,heap        ] GC(284) Old regions: 85->86
[2026-04-03T02:23:30.824+0600][62.114s][info][gc,heap        ] GC(284) Humongous regions: 200->18
[2026-04-03T02:23:30.824+0600][62.114s][info][gc,metaspace   ] GC(284) Metaspace: 131872K(133312K)->131872K(133312K) NonClass: 115256K(115968K)->115256K(115968K) Class: 16615K(17344K)->16615K(17344K)
[2026-04-03T02:23:30.824+0600][62.114s][info][gc             ] GC(284) Pause Young (Prepare Mixed) (G1 Evacuation Pause) 462M->110M(474M) 5.289ms
[2026-04-03T02:23:30.824+0600][62.114s][info][gc,cpu         ] GC(284) User=0.03s Sys=0.02s Real=0.01s
[2026-04-03T02:23:30.961+0600][62.251s][info][gc,start       ] GC(285) Pause Young (Mixed) (G1 Evacuation Pause)
[2026-04-03T02:23:30.962+0600][62.251s][info][gc,task        ] GC(285) Using 10 workers of 10 for evacuation
[2026-04-03T02:23:30.967+0600][62.257s][info][gc,phases      ] GC(285)   Pre Evacuate Collection Set: 0.53ms
[2026-04-03T02:23:30.967+0600][62.257s][info][gc,phases      ] GC(285)   Merge Heap Roots: 0.19ms
[2026-04-03T02:23:30.967+0600][62.257s][info][gc,phases      ] GC(285)   Evacuate Collection Set: 3.42ms
[2026-04-03T02:23:30.967+0600][62.257s][info][gc,phases      ] GC(285)   Post Evacuate Collection Set: 1.04ms
[2026-04-03T02:23:30.967+0600][62.257s][info][gc,phases      ] GC(285)   Other: 0.11ms
[2026-04-03T02:23:30.967+0600][62.257s][info][gc,heap        ] GC(285) Eden regions: 72->0(425)
[2026-04-03T02:23:30.967+0600][62.257s][info][gc,heap        ] GC(285) Survivor regions: 9->8(37)
[2026-04-03T02:23:30.967+0600][62.257s][info][gc,heap        ] GC(285) Old regions: 86->84
[2026-04-03T02:23:30.967+0600][62.257s][info][gc,heap        ] GC(285) Humongous regions: 547->18
[2026-04-03T02:23:30.967+0600][62.257s][info][gc,metaspace   ] GC(285) Metaspace: 131873K(133312K)->131873K(133312K) NonClass: 115257K(115968K)->115257K(115968K) Class: 16615K(17344K)->16615K(17344K)
[2026-04-03T02:23:30.967+0600][62.257s][info][gc             ] GC(285) Pause Young (Mixed) (G1 Evacuation Pause) 711M->109M(722M) 5.643ms
[2026-04-03T02:23:30.967+0600][62.257s][info][gc,cpu         ] GC(285) User=0.03s Sys=0.00s Real=0.00s
[2026-04-03T02:23:30.968+0600][62.257s][info][gc,start       ] GC(286) Pause Young (Concurrent Start) (G1 Humongous Allocation)
[2026-04-03T02:23:30.968+0600][62.257s][info][gc,task        ] GC(286) Using 10 workers of 10 for evacuation
[2026-04-03T02:23:30.971+0600][62.260s][info][gc,phases      ] GC(286)   Pre Evacuate Collection Set: 0.34ms
[2026-04-03T02:23:30.971+0600][62.260s][info][gc,phases      ] GC(286)   Merge Heap Roots: 0.09ms
[2026-04-03T02:23:30.971+0600][62.260s][info][gc,phases      ] GC(286)   Evacuate Collection Set: 1.82ms
[2026-04-03T02:23:30.971+0600][62.260s][info][gc,phases      ] GC(286)   Post Evacuate Collection Set: 0.43ms
[2026-04-03T02:23:30.971+0600][62.260s][info][gc,phases      ] GC(286)   Other: 0.21ms
[2026-04-03T02:23:30.971+0600][62.260s][info][gc,heap        ] GC(286) Eden regions: 2->0(426)
[2026-04-03T02:23:30.971+0600][62.260s][info][gc,heap        ] GC(286) Survivor regions: 8->7(55)
[2026-04-03T02:23:30.971+0600][62.260s][info][gc,heap        ] GC(286) Old regions: 84->85
[2026-04-03T02:23:30.971+0600][62.260s][info][gc,heap        ] GC(286) Humongous regions: 18->8
[2026-04-03T02:23:30.971+0600][62.260s][info][gc,metaspace   ] GC(286) Metaspace: 131873K(133312K)->131873K(133312K) NonClass: 115257K(115968K)->115257K(115968K) Class: 16615K(17344K)->16615K(17344K)
[2026-04-03T02:23:30.971+0600][62.260s][info][gc             ] GC(286) Pause Young (Concurrent Start) (G1 Humongous Allocation) 110M->99M(722M) 3.098ms
[2026-04-03T02:23:30.971+0600][62.260s][info][gc             ] GC(287) Concurrent Mark Cycle
[2026-04-03T02:23:30.971+0600][62.260s][info][gc,marking     ] GC(287) Concurrent Scan Root Regions
[2026-04-03T02:23:30.971+0600][62.260s][info][gc,cpu         ] GC(286) User=0.02s Sys=0.00s Real=0.01s
[2026-04-03T02:23:30.973+0600][62.263s][info][gc,marking     ] GC(287) Concurrent Scan Root Regions 2.121ms
[2026-04-03T02:23:30.973+0600][62.263s][info][gc,marking     ] GC(287) Concurrent Mark
[2026-04-03T02:23:30.973+0600][62.263s][info][gc,marking     ] GC(287) Concurrent Mark From Roots
[2026-04-03T02:23:30.973+0600][62.263s][info][gc,task        ] GC(287) Using 3 workers of 3 for marking
[2026-04-03T02:23:31.063+0600][62.353s][info][gc,marking     ] GC(287) Concurrent Mark From Roots 90.137ms
[2026-04-03T02:23:31.063+0600][62.353s][info][gc,marking     ] GC(287) Concurrent Preclean
[2026-04-03T02:23:31.064+0600][62.353s][info][gc,marking     ] GC(287) Concurrent Preclean 0.532ms
[2026-04-03T02:23:31.064+0600][62.354s][info][gc,start       ] GC(287) Pause Remark
[2026-04-03T02:23:31.073+0600][62.362s][info][gc             ] GC(287) Pause Remark 206M->206M(497M) 8.593ms
[2026-04-03T02:23:31.073+0600][62.363s][info][gc,cpu         ] GC(287) User=0.07s Sys=0.01s Real=0.01s
[2026-04-03T02:23:31.073+0600][62.363s][info][gc,marking     ] GC(287) Concurrent Mark 99.991ms
[2026-04-03T02:23:31.073+0600][62.363s][info][gc,marking     ] GC(287) Concurrent Rebuild Remembered Sets and Scrub Regions
[2026-04-03T02:23:31.108+0600][62.398s][info][gc,marking     ] GC(287) Concurrent Rebuild Remembered Sets and Scrub Regions 35.329ms
[2026-04-03T02:23:31.109+0600][62.399s][info][gc,start       ] GC(287) Pause Cleanup
[2026-04-03T02:23:31.109+0600][62.399s][info][gc             ] GC(287) Pause Cleanup 252M->252M(497M) 0.333ms
[2026-04-03T02:23:31.109+0600][62.399s][info][gc,cpu         ] GC(287) User=0.00s Sys=0.00s Real=0.00s
[2026-04-03T02:23:31.109+0600][62.399s][info][gc,marking     ] GC(287) Concurrent Clear Claimed Marks
[2026-04-03T02:23:31.110+0600][62.399s][info][gc,marking     ] GC(287) Concurrent Clear Claimed Marks 0.361ms
[2026-04-03T02:23:31.110+0600][62.399s][info][gc,marking     ] GC(287) Concurrent Cleanup for Next Mark
[2026-04-03T02:23:31.113+0600][62.402s][info][gc,marking     ] GC(287) Concurrent Cleanup for Next Mark 2.788ms
[2026-04-03T02:23:31.113+0600][62.402s][info][gc             ] GC(287) Concurrent Mark Cycle 141.968ms
[2026-04-03T02:23:31.522+0600][62.811s][info][gc,start       ] GC(288) Pause Young (Prepare Mixed) (G1 Evacuation Pause)
[2026-04-03T02:23:31.522+0600][62.812s][info][gc,task        ] GC(288) Using 10 workers of 10 for evacuation
[2026-04-03T02:23:31.526+0600][62.816s][info][gc,phases      ] GC(288)   Pre Evacuate Collection Set: 0.27ms
[2026-04-03T02:23:31.526+0600][62.816s][info][gc,phases      ] GC(288)   Merge Heap Roots: 0.18ms
[2026-04-03T02:23:31.526+0600][62.816s][info][gc,phases      ] GC(288)   Evacuate Collection Set: 2.79ms
[2026-04-03T02:23:31.526+0600][62.816s][info][gc,phases      ] GC(288)   Post Evacuate Collection Set: 0.79ms
[2026-04-03T02:23:31.526+0600][62.816s][info][gc,phases      ] GC(288)   Other: 0.10ms
[2026-04-03T02:23:31.526+0600][62.816s][info][gc,heap        ] GC(288) Eden regions: 270->0(309)
[2026-04-03T02:23:31.526+0600][62.816s][info][gc,heap        ] GC(288) Survivor regions: 7->6(38)
[2026-04-03T02:23:31.526+0600][62.816s][info][gc,heap        ] GC(288) Old regions: 85->86
[2026-04-03T02:23:31.526+0600][62.816s][info][gc,heap        ] GC(288) Humongous regions: 156->8
[2026-04-03T02:23:31.526+0600][62.816s][info][gc,metaspace   ] GC(288) Metaspace: 131889K(133312K)->131889K(133312K) NonClass: 115274K(115968K)->115274K(115968K) Class: 16615K(17344K)->16615K(17344K)
[2026-04-03T02:23:31.526+0600][62.816s][info][gc             ] GC(288) Pause Young (Prepare Mixed) (G1 Evacuation Pause) 517M->97M(525M) 4.360ms
[2026-04-03T02:23:31.526+0600][62.816s][info][gc,cpu         ] GC(288) User=0.02s Sys=0.01s Real=0.00s
[2026-04-03T02:23:31.804+0600][63.094s][info][gc,start       ] GC(289) Pause Young (Mixed) (G1 Evacuation Pause)
[2026-04-03T02:23:31.804+0600][63.094s][info][gc,task        ] GC(289) Using 10 workers of 10 for evacuation
[2026-04-03T02:23:31.810+0600][63.100s][info][gc,phases      ] GC(289)   Pre Evacuate Collection Set: 0.30ms
[2026-04-03T02:23:31.810+0600][63.100s][info][gc,phases      ] GC(289)   Merge Heap Roots: 0.20ms
[2026-04-03T02:23:31.810+0600][63.100s][info][gc,phases      ] GC(289)   Evacuate Collection Set: 4.41ms
[2026-04-03T02:23:31.810+0600][63.100s][info][gc,phases      ] GC(289)   Post Evacuate Collection Set: 0.68ms
[2026-04-03T02:23:31.810+0600][63.100s][info][gc,phases      ] GC(289)   Other: 0.10ms
[2026-04-03T02:23:31.810+0600][63.100s][info][gc,heap        ] GC(289) Eden regions: 241->0(315)
[2026-04-03T02:23:31.810+0600][63.100s][info][gc,heap        ] GC(289) Survivor regions: 6->8(40)
[2026-04-03T02:23:31.810+0600][63.100s][info][gc,heap        ] GC(289) Old regions: 86->85
[2026-04-03T02:23:31.810+0600][63.100s][info][gc,heap        ] GC(289) Humongous regions: 197->8
[2026-04-03T02:23:31.810+0600][63.100s][info][gc,metaspace   ] GC(289) Metaspace: 131889K(133312K)->131889K(133312K) NonClass: 115274K(115968K)->115274K(115968K) Class: 16615K(17344K)->16615K(17344K)
[2026-04-03T02:23:31.810+0600][63.100s][info][gc             ] GC(289) Pause Young (Mixed) (G1 Evacuation Pause) 527M->99M(539M) 5.942ms
[2026-04-03T02:23:31.810+0600][63.100s][info][gc,cpu         ] GC(289) User=0.03s Sys=0.01s Real=0.01s
[2026-04-03T02:23:31.822+0600][63.111s][info][gc,start       ] GC(290) Pause Young (Concurrent Start) (GCLocker Initiated GC)
[2026-04-03T02:23:31.822+0600][63.111s][info][gc,task        ] GC(290) Using 10 workers of 10 for evacuation
[2026-04-03T02:23:31.826+0600][63.116s][info][gc,phases      ] GC(290)   Pre Evacuate Collection Set: 0.40ms
[2026-04-03T02:23:31.826+0600][63.116s][info][gc,phases      ] GC(290)   Merge Heap Roots: 0.13ms
[2026-04-03T02:23:31.826+0600][63.116s][info][gc,phases      ] GC(290)   Evacuate Collection Set: 2.96ms
[2026-04-03T02:23:31.826+0600][63.116s][info][gc,phases      ] GC(290)   Post Evacuate Collection Set: 0.65ms
[2026-04-03T02:23:31.826+0600][63.116s][info][gc,phases      ] GC(290)   Other: 0.10ms
[2026-04-03T02:23:31.826+0600][63.116s][info][gc,heap        ] GC(290) Eden regions: 11->0(316)
[2026-04-03T02:23:31.826+0600][63.116s][info][gc,heap        ] GC(290) Survivor regions: 8->7(41)
[2026-04-03T02:23:31.826+0600][63.116s][info][gc,heap        ] GC(290) Old regions: 85->85
[2026-04-03T02:23:31.826+0600][63.116s][info][gc,heap        ] GC(290) Humongous regions: 8->8
[2026-04-03T02:23:31.826+0600][63.116s][info][gc,metaspace   ] GC(290) Metaspace: 131889K(133312K)->131889K(133312K) NonClass: 115274K(115968K)->115274K(115968K) Class: 16615K(17344K)->16615K(17344K)
[2026-04-03T02:23:31.826+0600][63.116s][info][gc             ] GC(290) Pause Young (Concurrent Start) (GCLocker Initiated GC) 109M->99M(539M) 4.550ms
[2026-04-03T02:23:31.826+0600][63.116s][info][gc             ] GC(291) Concurrent Mark Cycle
[2026-04-03T02:23:31.826+0600][63.116s][info][gc,cpu         ] GC(290) User=0.04s Sys=0.00s Real=0.00s
[2026-04-03T02:23:31.826+0600][63.116s][info][gc,marking     ] GC(291) Concurrent Scan Root Regions
[2026-04-03T02:23:31.831+0600][63.120s][info][gc,marking     ] GC(291) Concurrent Scan Root Regions 4.371ms
[2026-04-03T02:23:31.831+0600][63.121s][info][gc,marking     ] GC(291) Concurrent Mark
[2026-04-03T02:23:31.831+0600][63.121s][info][gc,marking     ] GC(291) Concurrent Mark From Roots
[2026-04-03T02:23:31.831+0600][63.121s][info][gc,task        ] GC(291) Using 3 workers of 3 for marking
[2026-04-03T02:23:31.927+0600][63.216s][info][gc,marking     ] GC(291) Concurrent Mark From Roots 95.917ms
[2026-04-03T02:23:31.927+0600][63.217s][info][gc,marking     ] GC(291) Concurrent Preclean
[2026-04-03T02:23:31.927+0600][63.217s][info][gc,marking     ] GC(291) Concurrent Preclean 0.423ms
[2026-04-03T02:23:31.928+0600][63.217s][info][gc,start       ] GC(291) Pause Remark
[2026-04-03T02:23:31.935+0600][63.225s][info][gc             ] GC(291) Pause Remark 219M->219M(527M) 7.689ms
[2026-04-03T02:23:31.935+0600][63.225s][info][gc,cpu         ] GC(291) User=0.06s Sys=0.00s Real=0.01s
[2026-04-03T02:23:31.936+0600][63.225s][info][gc,marking     ] GC(291) Concurrent Mark 104.685ms
[2026-04-03T02:23:31.936+0600][63.225s][info][gc,marking     ] GC(291) Concurrent Rebuild Remembered Sets and Scrub Regions
[2026-04-03T02:23:31.970+0600][63.260s][info][gc,marking     ] GC(291) Concurrent Rebuild Remembered Sets and Scrub Regions 34.364ms
[2026-04-03T02:23:31.970+0600][63.260s][info][gc,start       ] GC(291) Pause Cleanup
[2026-04-03T02:23:31.971+0600][63.261s][info][gc             ] GC(291) Pause Cleanup 259M->259M(527M) 0.363ms
[2026-04-03T02:23:31.971+0600][63.261s][info][gc,cpu         ] GC(291) User=0.00s Sys=0.00s Real=0.00s
[2026-04-03T02:23:31.971+0600][63.261s][info][gc,marking     ] GC(291) Concurrent Clear Claimed Marks
[2026-04-03T02:23:31.971+0600][63.261s][info][gc,marking     ] GC(291) Concurrent Clear Claimed Marks 0.413ms
[2026-04-03T02:23:31.972+0600][63.261s][info][gc,marking     ] GC(291) Concurrent Cleanup for Next Mark
[2026-04-03T02:23:31.973+0600][63.262s][info][gc,marking     ] GC(291) Concurrent Cleanup for Next Mark 1.134ms
[2026-04-03T02:23:31.973+0600][63.262s][info][gc             ] GC(291) Concurrent Mark Cycle 146.484ms
[2026-04-03T02:23:32.156+0600][63.446s][info][gc,start       ] GC(292) Pause Young (Prepare Mixed) (G1 Evacuation Pause)
[2026-04-03T02:23:32.156+0600][63.446s][info][gc,task        ] GC(292) Using 10 workers of 10 for evacuation
[2026-04-03T02:23:32.162+0600][63.452s][info][gc,phases      ] GC(292)   Pre Evacuate Collection Set: 0.46ms
[2026-04-03T02:23:32.163+0600][63.452s][info][gc,phases      ] GC(292)   Merge Heap Roots: 0.26ms
[2026-04-03T02:23:32.163+0600][63.452s][info][gc,phases      ] GC(292)   Evacuate Collection Set: 4.49ms
[2026-04-03T02:23:32.163+0600][63.452s][info][gc,phases      ] GC(292)   Post Evacuate Collection Set: 0.86ms
[2026-04-03T02:23:32.163+0600][63.452s][info][gc,phases      ] GC(292)   Other: 0.11ms
[2026-04-03T02:23:32.163+0600][63.452s][info][gc,heap        ] GC(292) Eden regions: 238->0(313)
[2026-04-03T02:23:32.163+0600][63.452s][info][gc,heap        ] GC(292) Survivor regions: 7->8(40)
[2026-04-03T02:23:32.163+0600][63.452s][info][gc,heap        ] GC(292) Old regions: 85->86
[2026-04-03T02:23:32.163+0600][63.452s][info][gc,heap        ] GC(292) Humongous regions: 197->8
[2026-04-03T02:23:32.163+0600][63.452s][info][gc,metaspace   ] GC(292) Metaspace: 131890K(133312K)->131890K(133312K) NonClass: 115274K(115968K)->115274K(115968K) Class: 16615K(17344K)->16615K(17344K)
[2026-04-03T02:23:32.163+0600][63.452s][info][gc             ] GC(292) Pause Young (Prepare Mixed) (G1 Evacuation Pause) 526M->100M(536M) 6.489ms
[2026-04-03T02:23:32.163+0600][63.452s][info][gc,cpu         ] GC(292) User=0.04s Sys=0.01s Real=0.01s
[2026-04-03T02:23:32.517+0600][63.807s][info][gc,start       ] GC(293) Pause Young (Mixed) (G1 Evacuation Pause)
[2026-04-03T02:23:32.518+0600][63.807s][info][gc,task        ] GC(293) Using 10 workers of 10 for evacuation
[2026-04-03T02:23:32.525+0600][63.814s][info][gc,phases      ] GC(293)   Pre Evacuate Collection Set: 0.62ms
[2026-04-03T02:23:32.525+0600][63.814s][info][gc,phases      ] GC(293)   Merge Heap Roots: 0.30ms
[2026-04-03T02:23:32.525+0600][63.815s][info][gc,phases      ] GC(293)   Evacuate Collection Set: 4.77ms
[2026-04-03T02:23:32.525+0600][63.815s][info][gc,phases      ] GC(293)   Post Evacuate Collection Set: 1.24ms
[2026-04-03T02:23:32.525+0600][63.815s][info][gc,phases      ] GC(293)   Other: 0.17ms
[2026-04-03T02:23:32.525+0600][63.815s][info][gc,heap        ] GC(293) Eden regions: 309->0(318)
[2026-04-03T02:23:32.525+0600][63.815s][info][gc,heap        ] GC(293) Survivor regions: 8->9(41)
[2026-04-03T02:23:32.525+0600][63.815s][info][gc,heap        ] GC(293) Old regions: 86->85
[2026-04-03T02:23:32.525+0600][63.815s][info][gc,heap        ] GC(293) Humongous regions: 133->8
[2026-04-03T02:23:32.525+0600][63.815s][info][gc,metaspace   ] GC(293) Metaspace: 131901K(133376K)->131901K(133376K) NonClass: 115283K(116032K)->115283K(116032K) Class: 16617K(17344K)->16617K(17344K)
[2026-04-03T02:23:32.525+0600][63.815s][info][gc             ] GC(293) Pause Young (Mixed) (G1 Evacuation Pause) 534M->100M(545M) 7.469ms
[2026-04-03T02:23:32.525+0600][63.815s][info][gc,cpu         ] GC(293) User=0.04s Sys=0.02s Real=0.01s
[2026-04-03T02:23:32.545+0600][63.834s][info][gc,start       ] GC(294) Pause Young (Concurrent Start) (G1 Humongous Allocation)
[2026-04-03T02:23:32.545+0600][63.835s][info][gc,task        ] GC(294) Using 10 workers of 10 for evacuation
[2026-04-03T02:23:32.550+0600][63.840s][info][gc,phases      ] GC(294)   Pre Evacuate Collection Set: 0.68ms
[2026-04-03T02:23:32.550+0600][63.840s][info][gc,phases      ] GC(294)   Merge Heap Roots: 0.22ms
[2026-04-03T02:23:32.551+0600][63.840s][info][gc,phases      ] GC(294)   Evacuate Collection Set: 3.45ms
[2026-04-03T02:23:32.551+0600][63.840s][info][gc,phases      ] GC(294)   Post Evacuate Collection Set: 0.76ms
[2026-04-03T02:23:32.551+0600][63.840s][info][gc,phases      ] GC(294)   Other: 0.40ms
[2026-04-03T02:23:32.551+0600][63.840s][info][gc,heap        ] GC(294) Eden regions: 32->0(318)
[2026-04-03T02:23:32.551+0600][63.840s][info][gc,heap        ] GC(294) Survivor regions: 9->9(41)
[2026-04-03T02:23:32.551+0600][63.840s][info][gc,heap        ] GC(294) Old regions: 85->85
[2026-04-03T02:23:32.551+0600][63.840s][info][gc,heap        ] GC(294) Humongous regions: 8->8
[2026-04-03T02:23:32.551+0600][63.840s][info][gc,metaspace   ] GC(294) Metaspace: 131904K(133376K)->131904K(133376K) NonClass: 115286K(116032K)->115286K(116032K) Class: 16617K(17344K)->16617K(17344K)
[2026-04-03T02:23:32.551+0600][63.840s][info][gc             ] GC(294) Pause Young (Concurrent Start) (G1 Humongous Allocation) 132M->100M(545M) 5.955ms
[2026-04-03T02:23:32.551+0600][63.841s][info][gc             ] GC(295) Concurrent Mark Cycle
[2026-04-03T02:23:32.551+0600][63.841s][info][gc,marking     ] GC(295) Concurrent Scan Root Regions
[2026-04-03T02:23:32.551+0600][63.841s][info][gc,cpu         ] GC(294) User=0.04s Sys=0.00s Real=0.01s
[2026-04-03T02:23:32.555+0600][63.845s][info][gc,marking     ] GC(295) Concurrent Scan Root Regions 4.025ms
[2026-04-03T02:23:32.555+0600][63.845s][info][gc,marking     ] GC(295) Concurrent Mark
[2026-04-03T02:23:32.555+0600][63.845s][info][gc,marking     ] GC(295) Concurrent Mark From Roots
[2026-04-03T02:23:32.555+0600][63.845s][info][gc,task        ] GC(295) Using 3 workers of 3 for marking
[2026-04-03T02:23:32.643+0600][63.932s][info][gc,marking     ] GC(295) Concurrent Mark From Roots 87.482ms
[2026-04-03T02:23:32.643+0600][63.932s][info][gc,marking     ] GC(295) Concurrent Preclean
[2026-04-03T02:23:32.643+0600][63.933s][info][gc,marking     ] GC(295) Concurrent Preclean 0.315ms
[2026-04-03T02:23:32.643+0600][63.933s][info][gc,start       ] GC(295) Pause Remark
[2026-04-03T02:23:32.653+0600][63.942s][info][gc             ] GC(295) Pause Remark 171M->171M(440M) 9.239ms
[2026-04-03T02:23:32.653+0600][63.942s][info][gc,cpu         ] GC(295) User=0.06s Sys=0.00s Real=0.01s
[2026-04-03T02:23:32.653+0600][63.943s][info][gc,marking     ] GC(295) Concurrent Mark 97.776ms
[2026-04-03T02:23:32.653+0600][63.943s][info][gc,marking     ] GC(295) Concurrent Rebuild Remembered Sets and Scrub Regions
[2026-04-03T02:23:32.683+0600][63.973s][info][gc,marking     ] GC(295) Concurrent Rebuild Remembered Sets and Scrub Regions 30.047ms
[2026-04-03T02:23:32.683+0600][63.973s][info][gc,start       ] GC(295) Pause Cleanup
[2026-04-03T02:23:32.707+0600][63.997s][info][gc             ] GC(295) Pause Cleanup 178M->178M(440M) 23.791ms
[2026-04-03T02:23:32.707+0600][63.997s][info][gc,cpu         ] GC(295) User=0.01s Sys=0.00s Real=0.02s
[2026-04-03T02:23:32.707+0600][63.997s][info][gc,marking     ] GC(295) Concurrent Clear Claimed Marks
[2026-04-03T02:23:32.708+0600][63.998s][info][gc,marking     ] GC(295) Concurrent Clear Claimed Marks 0.497ms
[2026-04-03T02:23:32.708+0600][63.998s][info][gc,marking     ] GC(295) Concurrent Cleanup for Next Mark
[2026-04-03T02:23:32.709+0600][63.998s][info][gc,marking     ] GC(295) Concurrent Cleanup for Next Mark 0.587ms
[2026-04-03T02:23:32.709+0600][63.998s][info][gc             ] GC(295) Concurrent Mark Cycle 157.777ms
[2026-04-03T02:23:32.786+0600][64.076s][info][gc,start       ] GC(296) Pause Young (Prepare Mixed) (G1 Evacuation Pause)
[2026-04-03T02:23:32.786+0600][64.076s][info][gc,task        ] GC(296) Using 10 workers of 10 for evacuation
[2026-04-03T02:23:32.791+0600][64.081s][info][gc,phases      ] GC(296)   Pre Evacuate Collection Set: 0.40ms
[2026-04-03T02:23:32.792+0600][64.081s][info][gc,phases      ] GC(296)   Merge Heap Roots: 0.16ms
[2026-04-03T02:23:32.792+0600][64.081s][info][gc,phases      ] GC(296)   Evacuate Collection Set: 3.86ms
[2026-04-03T02:23:32.792+0600][64.081s][info][gc,phases      ] GC(296)   Post Evacuate Collection Set: 0.83ms
[2026-04-03T02:23:32.792+0600][64.081s][info][gc,phases      ] GC(296)   Other: 0.10ms
[2026-04-03T02:23:32.792+0600][64.081s][info][gc,heap        ] GC(296) Eden regions: 90->0(296)
[2026-04-03T02:23:32.792+0600][64.081s][info][gc,heap        ] GC(296) Survivor regions: 9->10(35)
[2026-04-03T02:23:32.792+0600][64.081s][info][gc,heap        ] GC(296) Old regions: 85->86
[2026-04-03T02:23:32.792+0600][64.081s][info][gc,heap        ] GC(296) Humongous regions: 316->23
[2026-04-03T02:23:32.792+0600][64.081s][info][gc,metaspace   ] GC(296) Metaspace: 131904K(133376K)->131904K(133376K) NonClass: 115286K(116032K)->115286K(116032K) Class: 16617K(17344K)->16617K(17344K)
[2026-04-03T02:23:32.792+0600][64.081s][info][gc             ] GC(296) Pause Young (Prepare Mixed) (G1 Evacuation Pause) 498M->116M(511M) 5.700ms
[2026-04-03T02:23:32.792+0600][64.081s][info][gc,cpu         ] GC(296) User=0.03s Sys=0.01s Real=0.01s
[2026-04-03T02:23:32.900+0600][64.190s][info][gc,start       ] GC(297) Pause Young (Mixed) (G1 Evacuation Pause)
[2026-04-03T02:23:32.900+0600][64.190s][info][gc,task        ] GC(297) Using 10 workers of 10 for evacuation
[2026-04-03T02:23:32.904+0600][64.194s][info][gc,phases      ] GC(297)   Pre Evacuate Collection Set: 0.36ms
[2026-04-03T02:23:32.904+0600][64.194s][info][gc,phases      ] GC(297)   Merge Heap Roots: 0.19ms
[2026-04-03T02:23:32.904+0600][64.194s][info][gc,phases      ] GC(297)   Evacuate Collection Set: 2.34ms
[2026-04-03T02:23:32.904+0600][64.194s][info][gc,phases      ] GC(297)   Post Evacuate Collection Set: 0.69ms
[2026-04-03T02:23:32.904+0600][64.194s][info][gc,phases      ] GC(297)   Other: 0.10ms
[2026-04-03T02:23:32.904+0600][64.194s][info][gc,heap        ] GC(297) Eden regions: 63->0(346)
[2026-04-03T02:23:32.904+0600][64.194s][info][gc,heap        ] GC(297) Survivor regions: 10->5(39)
[2026-04-03T02:23:32.904+0600][64.194s][info][gc,heap        ] GC(297) Old regions: 86->85
[2026-04-03T02:23:32.904+0600][64.194s][info][gc,heap        ] GC(297) Humongous regions: 421->13
[2026-04-03T02:23:32.904+0600][64.194s][info][gc,metaspace   ] GC(297) Metaspace: 131906K(133376K)->131906K(133376K) NonClass: 115288K(116032K)->115288K(116032K) Class: 16617K(17344K)->16617K(17344K)
[2026-04-03T02:23:32.904+0600][64.194s][info][gc             ] GC(297) Pause Young (Mixed) (G1 Evacuation Pause) 577M->102M(585M) 3.945ms
[2026-04-03T02:23:32.904+0600][64.194s][info][gc,cpu         ] GC(297) User=0.02s Sys=0.01s Real=0.00s
[2026-04-03T02:23:32.905+0600][64.195s][info][gc,start       ] GC(298) Pause Young (Concurrent Start) (G1 Humongous Allocation)
[2026-04-03T02:23:32.905+0600][64.195s][info][gc,task        ] GC(298) Using 10 workers of 10 for evacuation
[2026-04-03T02:23:32.908+0600][64.198s][info][gc,phases      ] GC(298)   Pre Evacuate Collection Set: 0.32ms
[2026-04-03T02:23:32.908+0600][64.198s][info][gc,phases      ] GC(298)   Merge Heap Roots: 0.10ms
[2026-04-03T02:23:32.908+0600][64.198s][info][gc,phases      ] GC(298)   Evacuate Collection Set: 1.63ms
[2026-04-03T02:23:32.908+0600][64.198s][info][gc,phases      ] GC(298)   Post Evacuate Collection Set: 0.47ms
[2026-04-03T02:23:32.908+0600][64.198s][info][gc,phases      ] GC(298)   Other: 0.15ms
[2026-04-03T02:23:32.908+0600][64.198s][info][gc,heap        ] GC(298) Eden regions: 2->0(346)
[2026-04-03T02:23:32.908+0600][64.198s][info][gc,heap        ] GC(298) Survivor regions: 5->5(44)
[2026-04-03T02:23:32.908+0600][64.198s][info][gc,heap        ] GC(298) Old regions: 85->85
[2026-04-03T02:23:32.908+0600][64.198s][info][gc,heap        ] GC(298) Humongous regions: 13->8
[2026-04-03T02:23:32.908+0600][64.198s][info][gc,metaspace   ] GC(298) Metaspace: 131906K(133376K)->131906K(133376K) NonClass: 115288K(116032K)->115288K(116032K) Class: 16617K(17344K)->16617K(17344K)
[2026-04-03T02:23:32.908+0600][64.198s][info][gc             ] GC(298) Pause Young (Concurrent Start) (G1 Humongous Allocation) 103M->97M(585M) 2.918ms
[2026-04-03T02:23:32.908+0600][64.198s][info][gc             ] GC(299) Concurrent Mark Cycle
[2026-04-03T02:23:32.908+0600][64.198s][info][gc,marking     ] GC(299) Concurrent Scan Root Regions
[2026-04-03T02:23:32.908+0600][64.198s][info][gc,cpu         ] GC(298) User=0.02s Sys=0.00s Real=0.00s
[2026-04-03T02:23:32.910+0600][64.199s][info][gc,marking     ] GC(299) Concurrent Scan Root Regions 1.618ms
[2026-04-03T02:23:32.910+0600][64.200s][info][gc,marking     ] GC(299) Concurrent Mark
[2026-04-03T02:23:32.910+0600][64.200s][info][gc,marking     ] GC(299) Concurrent Mark From Roots
[2026-04-03T02:23:32.910+0600][64.200s][info][gc,task        ] GC(299) Using 3 workers of 3 for marking
[2026-04-03T02:23:32.993+0600][64.283s][info][gc,marking     ] GC(299) Concurrent Mark From Roots 83.209ms
[2026-04-03T02:23:32.993+0600][64.283s][info][gc,marking     ] GC(299) Concurrent Preclean
[2026-04-03T02:23:32.993+0600][64.283s][info][gc,marking     ] GC(299) Concurrent Preclean 0.246ms
[2026-04-03T02:23:32.994+0600][64.283s][info][gc,start       ] GC(299) Pause Remark
[2026-04-03T02:23:33.002+0600][64.291s][info][gc             ] GC(299) Pause Remark 199M->199M(477M) 7.943ms
[2026-04-03T02:23:33.002+0600][64.291s][info][gc,cpu         ] GC(299) User=0.05s Sys=0.00s Real=0.01s
[2026-04-03T02:23:33.002+0600][64.292s][info][gc,marking     ] GC(299) Concurrent Mark 92.200ms
[2026-04-03T02:23:33.002+0600][64.292s][info][gc,marking     ] GC(299) Concurrent Rebuild Remembered Sets and Scrub Regions
[2026-04-03T02:23:33.034+0600][64.324s][info][gc,marking     ] GC(299) Concurrent Rebuild Remembered Sets and Scrub Regions 32.211ms
[2026-04-03T02:23:33.035+0600][64.324s][info][gc,start       ] GC(299) Pause Cleanup
[2026-04-03T02:23:33.035+0600][64.325s][info][gc             ] GC(299) Pause Cleanup 235M->235M(477M) 0.360ms
[2026-04-03T02:23:33.035+0600][64.325s][info][gc,cpu         ] GC(299) User=0.00s Sys=0.00s Real=0.00s
[2026-04-03T02:23:33.035+0600][64.325s][info][gc,marking     ] GC(299) Concurrent Clear Claimed Marks
[2026-04-03T02:23:33.036+0600][64.325s][info][gc,marking     ] GC(299) Concurrent Clear Claimed Marks 0.406ms
[2026-04-03T02:23:33.036+0600][64.325s][info][gc,marking     ] GC(299) Concurrent Cleanup for Next Mark
[2026-04-03T02:23:33.037+0600][64.326s][info][gc,marking     ] GC(299) Concurrent Cleanup for Next Mark 0.947ms
[2026-04-03T02:23:33.037+0600][64.327s][info][gc             ] GC(299) Concurrent Mark Cycle 128.748ms
[2026-04-03T02:23:33.395+0600][64.685s][info][gc,start       ] GC(300) Pause Young (Prepare Mixed) (G1 Evacuation Pause)
[2026-04-03T02:23:33.395+0600][64.685s][info][gc,task        ] GC(300) Using 10 workers of 10 for evacuation
[2026-04-03T02:23:33.400+0600][64.689s][info][gc,phases      ] GC(300)   Pre Evacuate Collection Set: 0.37ms
[2026-04-03T02:23:33.400+0600][64.690s][info][gc,phases      ] GC(300)   Merge Heap Roots: 0.19ms
[2026-04-03T02:23:33.400+0600][64.690s][info][gc,phases      ] GC(300)   Evacuate Collection Set: 3.04ms
[2026-04-03T02:23:33.400+0600][64.690s][info][gc,phases      ] GC(300)   Post Evacuate Collection Set: 0.59ms
[2026-04-03T02:23:33.400+0600][64.690s][info][gc,phases      ] GC(300)   Other: 0.11ms
[2026-04-03T02:23:33.400+0600][64.690s][info][gc,heap        ] GC(300) Eden regions: 256->0(284)
[2026-04-03T02:23:33.400+0600][64.690s][info][gc,heap        ] GC(300) Survivor regions: 5->7(36)
[2026-04-03T02:23:33.400+0600][64.690s][info][gc,heap        ] GC(300) Old regions: 85->86
[2026-04-03T02:23:33.400+0600][64.690s][info][gc,heap        ] GC(300) Humongous regions: 131->8
[2026-04-03T02:23:33.400+0600][64.690s][info][gc,metaspace   ] GC(300) Metaspace: 131917K(133376K)->131917K(133376K) NonClass: 115300K(116032K)->115300K(116032K) Class: 16617K(17344K)->16617K(17344K)
[2026-04-03T02:23:33.400+0600][64.690s][info][gc             ] GC(300) Pause Young (Prepare Mixed) (G1 Evacuation Pause) 476M->98M(485M) 4.564ms
[2026-04-03T02:23:33.400+0600][64.690s][info][gc,cpu         ] GC(300) User=0.03s Sys=0.01s Real=0.01s
[2026-04-03T02:23:33.655+0600][64.945s][info][gc,start       ] GC(301) Pause Young (Mixed) (GCLocker Initiated GC)
[2026-04-03T02:23:33.655+0600][64.945s][info][gc,task        ] GC(301) Using 10 workers of 10 for evacuation
[2026-04-03T02:23:33.661+0600][64.951s][info][gc,phases      ] GC(301)   Pre Evacuate Collection Set: 0.40ms
[2026-04-03T02:23:33.661+0600][64.951s][info][gc,phases      ] GC(301)   Merge Heap Roots: 0.20ms
[2026-04-03T02:23:33.661+0600][64.951s][info][gc,phases      ] GC(301)   Evacuate Collection Set: 4.27ms
[2026-04-03T02:23:33.661+0600][64.951s][info][gc,phases      ] GC(301)   Post Evacuate Collection Set: 0.64ms
[2026-04-03T02:23:33.661+0600][64.951s][info][gc,phases      ] GC(301)   Other: 0.13ms
[2026-04-03T02:23:33.661+0600][64.951s][info][gc,heap        ] GC(301) Eden regions: 216->0(290)
[2026-04-03T02:23:33.661+0600][64.951s][info][gc,heap        ] GC(301) Survivor regions: 7->8(37)
[2026-04-03T02:23:33.661+0600][64.951s][info][gc,heap        ] GC(301) Old regions: 86->85
[2026-04-03T02:23:33.661+0600][64.951s][info][gc,heap        ] GC(301) Humongous regions: 180->8
[2026-04-03T02:23:33.661+0600][64.951s][info][gc,metaspace   ] GC(301) Metaspace: 131917K(133376K)->131917K(133376K) NonClass: 115300K(116032K)->115300K(116032K) Class: 16617K(17344K)->16617K(17344K)
[2026-04-03T02:23:33.661+0600][64.951s][info][gc             ] GC(301) Pause Young (Mixed) (GCLocker Initiated GC) 486M->100M(497M) 5.925ms
[2026-04-03T02:23:33.661+0600][64.951s][info][gc,cpu         ] GC(301) User=0.03s Sys=0.01s Real=0.01s
[2026-04-03T02:23:33.663+0600][64.953s][info][gc,start       ] GC(302) Pause Young (Concurrent Start) (G1 Humongous Allocation)
[2026-04-03T02:23:33.663+0600][64.953s][info][gc,task        ] GC(302) Using 10 workers of 10 for evacuation
[2026-04-03T02:23:33.667+0600][64.957s][info][gc,phases      ] GC(302)   Pre Evacuate Collection Set: 0.29ms
[2026-04-03T02:23:33.667+0600][64.957s][info][gc,phases      ] GC(302)   Merge Heap Roots: 0.12ms
[2026-04-03T02:23:33.667+0600][64.957s][info][gc,phases      ] GC(302)   Evacuate Collection Set: 2.50ms
[2026-04-03T02:23:33.667+0600][64.957s][info][gc,phases      ] GC(302)   Post Evacuate Collection Set: 0.54ms
[2026-04-03T02:23:33.667+0600][64.957s][info][gc,phases      ] GC(302)   Other: 0.14ms
[2026-04-03T02:23:33.667+0600][64.957s][info][gc,heap        ] GC(302) Eden regions: 4->0(258)
[2026-04-03T02:23:33.667+0600][64.957s][info][gc,heap        ] GC(302) Survivor regions: 8->8(38)
[2026-04-03T02:23:33.667+0600][64.957s][info][gc,heap        ] GC(302) Old regions: 85->85
[2026-04-03T02:23:33.667+0600][64.957s][info][gc,heap        ] GC(302) Humongous regions: 8->8
[2026-04-03T02:23:33.667+0600][64.957s][info][gc,metaspace   ] GC(302) Metaspace: 131917K(133376K)->131917K(133376K) NonClass: 115300K(116032K)->115300K(116032K) Class: 16617K(17344K)->16617K(17344K)
[2026-04-03T02:23:33.667+0600][64.957s][info][gc             ] GC(302) Pause Young (Concurrent Start) (G1 Humongous Allocation) 104M->99M(497M) 3.876ms
[2026-04-03T02:23:33.667+0600][64.957s][info][gc             ] GC(303) Concurrent Mark Cycle
[2026-04-03T02:23:33.667+0600][64.957s][info][gc,marking     ] GC(303) Concurrent Scan Root Regions
[2026-04-03T02:23:33.667+0600][64.957s][info][gc,cpu         ] GC(302) User=0.02s Sys=0.01s Real=0.00s
[2026-04-03T02:23:33.670+0600][64.959s][info][gc,marking     ] GC(303) Concurrent Scan Root Regions 2.403ms
[2026-04-03T02:23:33.670+0600][64.959s][info][gc,marking     ] GC(303) Concurrent Mark
[2026-04-03T02:23:33.670+0600][64.959s][info][gc,marking     ] GC(303) Concurrent Mark From Roots
[2026-04-03T02:23:33.670+0600][64.959s][info][gc,task        ] GC(303) Using 3 workers of 3 for marking
[2026-04-03T02:23:33.771+0600][65.060s][info][gc,marking     ] GC(303) Concurrent Mark From Roots 101.007ms
[2026-04-03T02:23:33.771+0600][65.060s][info][gc,marking     ] GC(303) Concurrent Preclean
[2026-04-03T02:23:33.771+0600][65.061s][info][gc,marking     ] GC(303) Concurrent Preclean 0.500ms
[2026-04-03T02:23:33.772+0600][65.061s][info][gc,start       ] GC(303) Pause Remark
[2026-04-03T02:23:33.783+0600][65.072s][info][gc             ] GC(303) Pause Remark 212M->212M(497M) 10.992ms
[2026-04-03T02:23:33.783+0600][65.073s][info][gc,cpu         ] GC(303) User=0.07s Sys=0.00s Real=0.01s
[2026-04-03T02:23:33.783+0600][65.073s][info][gc,marking     ] GC(303) Concurrent Mark 113.537ms
[2026-04-03T02:23:33.783+0600][65.073s][info][gc,marking     ] GC(303) Concurrent Rebuild Remembered Sets and Scrub Regions
[2026-04-03T02:23:33.819+0600][65.108s][info][gc,marking     ] GC(303) Concurrent Rebuild Remembered Sets and Scrub Regions 35.200ms
[2026-04-03T02:23:33.819+0600][65.109s][info][gc,start       ] GC(303) Pause Cleanup
[2026-04-03T02:23:33.819+0600][65.109s][info][gc             ] GC(303) Pause Cleanup 242M->242M(497M) 0.343ms
[2026-04-03T02:23:33.819+0600][65.109s][info][gc,cpu         ] GC(303) User=0.00s Sys=0.00s Real=0.00s
[2026-04-03T02:23:33.820+0600][65.109s][info][gc,marking     ] GC(303) Concurrent Clear Claimed Marks
[2026-04-03T02:23:33.820+0600][65.110s][info][gc,marking     ] GC(303) Concurrent Clear Claimed Marks 0.534ms
[2026-04-03T02:23:33.820+0600][65.110s][info][gc,marking     ] GC(303) Concurrent Cleanup for Next Mark
[2026-04-03T02:23:33.821+0600][65.111s][info][gc,marking     ] GC(303) Concurrent Cleanup for Next Mark 1.108ms
[2026-04-03T02:23:33.821+0600][65.111s][info][gc             ] GC(303) Concurrent Mark Cycle 154.209ms
[2026-04-03T02:23:34.002+0600][65.292s][info][gc,start       ] GC(304) Pause Young (Prepare Mixed) (G1 Evacuation Pause)
[2026-04-03T02:23:34.002+0600][65.292s][info][gc,task        ] GC(304) Using 10 workers of 10 for evacuation
[2026-04-03T02:23:34.008+0600][65.298s][info][gc,phases      ] GC(304)   Pre Evacuate Collection Set: 0.40ms
[2026-04-03T02:23:34.008+0600][65.298s][info][gc,phases      ] GC(304)   Merge Heap Roots: 0.26ms
[2026-04-03T02:23:34.008+0600][65.298s][info][gc,phases      ] GC(304)   Evacuate Collection Set: 3.70ms
[2026-04-03T02:23:34.008+0600][65.298s][info][gc,phases      ] GC(304)   Post Evacuate Collection Set: 0.99ms
[2026-04-03T02:23:34.008+0600][65.298s][info][gc,phases      ] GC(304)   Other: 0.15ms
[2026-04-03T02:23:34.008+0600][65.298s][info][gc,heap        ] GC(304) Eden regions: 226->0(286)
[2026-04-03T02:23:34.008+0600][65.298s][info][gc,heap        ] GC(304) Survivor regions: 8->6(34)
[2026-04-03T02:23:34.008+0600][65.298s][info][gc,heap        ] GC(304) Old regions: 85->85
[2026-04-03T02:23:34.008+0600][65.298s][info][gc,heap        ] GC(304) Humongous regions: 182->8
[2026-04-03T02:23:34.008+0600][65.298s][info][gc,metaspace   ] GC(304) Metaspace: 131919K(133376K)->131919K(133376K) NonClass: 115301K(116032K)->115301K(116032K) Class: 16617K(17344K)->16617K(17344K)
[2026-04-03T02:23:34.008+0600][65.298s][info][gc             ] GC(304) Pause Young (Prepare Mixed) (G1 Evacuation Pause) 499M->98M(507M) 5.846ms
[2026-04-03T02:23:34.008+0600][65.298s][info][gc,cpu         ] GC(304) User=0.03s Sys=0.01s Real=0.00s
[2026-04-03T02:23:34.349+0600][65.638s][info][gc,start       ] GC(305) Pause Young (Mixed) (G1 Evacuation Pause)
[2026-04-03T02:23:34.349+0600][65.639s][info][gc,task        ] GC(305) Using 10 workers of 10 for evacuation
[2026-04-03T02:23:34.356+0600][65.645s][info][gc,phases      ] GC(305)   Pre Evacuate Collection Set: 0.37ms
[2026-04-03T02:23:34.356+0600][65.645s][info][gc,phases      ] GC(305)   Merge Heap Roots: 0.20ms
[2026-04-03T02:23:34.356+0600][65.645s][info][gc,phases      ] GC(305)   Evacuate Collection Set: 5.21ms
[2026-04-03T02:23:34.356+0600][65.645s][info][gc,phases      ] GC(305)   Post Evacuate Collection Set: 0.84ms
[2026-04-03T02:23:34.356+0600][65.645s][info][gc,phases      ] GC(305)   Other: 0.11ms
[2026-04-03T02:23:34.356+0600][65.645s][info][gc,heap        ] GC(305) Eden regions: 251->0(301)
[2026-04-03T02:23:34.356+0600][65.645s][info][gc,heap        ] GC(305) Survivor regions: 6->9(37)
[2026-04-03T02:23:34.356+0600][65.645s][info][gc,heap        ] GC(305) Old regions: 85->85
[2026-04-03T02:23:34.356+0600][65.645s][info][gc,heap        ] GC(305) Humongous regions: 165->8
[2026-04-03T02:23:34.356+0600][65.645s][info][gc,metaspace   ] GC(305) Metaspace: 131927K(133376K)->131927K(133376K) NonClass: 115310K(116032K)->115310K(116032K) Class: 16617K(17344K)->16617K(17344K)
[2026-04-03T02:23:34.356+0600][65.645s][info][gc             ] GC(305) Pause Young (Mixed) (G1 Evacuation Pause) 506M->101M(517M) 7.019ms
[2026-04-03T02:23:34.356+0600][65.646s][info][gc,cpu         ] GC(305) User=0.05s Sys=0.00s Real=0.01s
[2026-04-03T02:23:34.409+0600][65.699s][info][gc,start       ] GC(306) Pause Young (Concurrent Start) (G1 Humongous Allocation)
[2026-04-03T02:23:34.409+0600][65.699s][info][gc,task        ] GC(306) Using 10 workers of 10 for evacuation
[2026-04-03T02:23:34.415+0600][65.704s][info][gc,phases      ] GC(306)   Pre Evacuate Collection Set: 0.36ms
[2026-04-03T02:23:34.415+0600][65.704s][info][gc,phases      ] GC(306)   Merge Heap Roots: 0.30ms
[2026-04-03T02:23:34.415+0600][65.704s][info][gc,phases      ] GC(306)   Evacuate Collection Set: 3.47ms
[2026-04-03T02:23:34.415+0600][65.704s][info][gc,phases      ] GC(306)   Post Evacuate Collection Set: 0.95ms
[2026-04-03T02:23:34.415+0600][65.704s][info][gc,phases      ] GC(306)   Other: 0.23ms
[2026-04-03T02:23:34.415+0600][65.704s][info][gc,heap        ] GC(306) Eden regions: 81->0(299)
[2026-04-03T02:23:34.415+0600][65.704s][info][gc,heap        ] GC(306) Survivor regions: 9->11(39)
[2026-04-03T02:23:34.415+0600][65.704s][info][gc,heap        ] GC(306) Old regions: 85->85
[2026-04-03T02:23:34.415+0600][65.704s][info][gc,heap        ] GC(306) Humongous regions: 8->8
[2026-04-03T02:23:34.415+0600][65.704s][info][gc,metaspace   ] GC(306) Metaspace: 131929K(133376K)->131929K(133376K) NonClass: 115311K(116032K)->115311K(116032K) Class: 16618K(17344K)->16618K(17344K)
[2026-04-03T02:23:34.415+0600][65.705s][info][gc             ] GC(306) Pause Young (Concurrent Start) (G1 Humongous Allocation) 182M->102M(517M) 5.692ms
[2026-04-03T02:23:34.415+0600][65.705s][info][gc,cpu         ] GC(306) User=0.04s Sys=0.00s Real=0.01s
[2026-04-03T02:23:34.415+0600][65.705s][info][gc             ] GC(307) Concurrent Mark Cycle
[2026-04-03T02:23:34.415+0600][65.705s][info][gc,marking     ] GC(307) Concurrent Scan Root Regions
[2026-04-03T02:23:34.418+0600][65.708s][info][gc,marking     ] GC(307) Concurrent Scan Root Regions 3.200ms
[2026-04-03T02:23:34.418+0600][65.708s][info][gc,marking     ] GC(307) Concurrent Mark
[2026-04-03T02:23:34.418+0600][65.708s][info][gc,marking     ] GC(307) Concurrent Mark From Roots
[2026-04-03T02:23:34.418+0600][65.708s][info][gc,task        ] GC(307) Using 3 workers of 3 for marking
[2026-04-03T02:23:34.521+0600][65.811s][info][gc,marking     ] GC(307) Concurrent Mark From Roots 102.885ms
[2026-04-03T02:23:34.521+0600][65.811s][info][gc,marking     ] GC(307) Concurrent Preclean
[2026-04-03T02:23:34.522+0600][65.811s][info][gc,marking     ] GC(307) Concurrent Preclean 0.335ms
[2026-04-03T02:23:34.522+0600][65.812s][info][gc,start       ] GC(307) Pause Remark
[2026-04-03T02:23:34.530+0600][65.820s][info][gc             ] GC(307) Pause Remark 250M->250M(470M) 8.115ms
[2026-04-03T02:23:34.530+0600][65.820s][info][gc,cpu         ] GC(307) User=0.05s Sys=0.00s Real=0.01s
[2026-04-03T02:23:34.531+0600][65.820s][info][gc,marking     ] GC(307) Concurrent Mark 112.174ms
[2026-04-03T02:23:34.531+0600][65.820s][info][gc,marking     ] GC(307) Concurrent Rebuild Remembered Sets and Scrub Regions
[2026-04-03T02:23:34.556+0600][65.846s][info][gc,marking     ] GC(307) Concurrent Rebuild Remembered Sets and Scrub Regions 25.294ms
[2026-04-03T02:23:34.556+0600][65.846s][info][gc,start       ] GC(307) Pause Cleanup
[2026-04-03T02:23:34.556+0600][65.846s][info][gc             ] GC(307) Pause Cleanup 261M->261M(470M) 0.210ms
[2026-04-03T02:23:34.557+0600][65.846s][info][gc,cpu         ] GC(307) User=0.00s Sys=0.00s Real=0.00s
[2026-04-03T02:23:34.557+0600][65.846s][info][gc,marking     ] GC(307) Concurrent Clear Claimed Marks
[2026-04-03T02:23:34.557+0600][65.847s][info][gc,marking     ] GC(307) Concurrent Clear Claimed Marks 0.291ms
[2026-04-03T02:23:34.557+0600][65.847s][info][gc,marking     ] GC(307) Concurrent Cleanup for Next Mark
[2026-04-03T02:23:34.557+0600][65.847s][info][gc,marking     ] GC(307) Concurrent Cleanup for Next Mark 0.546ms
[2026-04-03T02:23:34.557+0600][65.847s][info][gc             ] GC(307) Concurrent Mark Cycle 142.404ms
[2026-04-03T02:23:34.652+0600][65.941s][info][gc,start       ] GC(308) Pause Young (Prepare Mixed) (G1 Evacuation Pause)
[2026-04-03T02:23:34.652+0600][65.942s][info][gc,task        ] GC(308) Using 10 workers of 10 for evacuation
[2026-04-03T02:23:34.657+0600][65.947s][info][gc,phases      ] GC(308)   Pre Evacuate Collection Set: 0.30ms
[2026-04-03T02:23:34.657+0600][65.947s][info][gc,phases      ] GC(308)   Merge Heap Roots: 0.13ms
[2026-04-03T02:23:34.657+0600][65.947s][info][gc,phases      ] GC(308)   Evacuate Collection Set: 3.77ms
[2026-04-03T02:23:34.657+0600][65.947s][info][gc,phases      ] GC(308)   Post Evacuate Collection Set: 0.67ms
[2026-04-03T02:23:34.657+0600][65.947s][info][gc,phases      ] GC(308)   Other: 0.10ms
[2026-04-03T02:23:34.657+0600][65.947s][info][gc,heap        ] GC(308) Eden regions: 167->0(317)
[2026-04-03T02:23:34.657+0600][65.947s][info][gc,heap        ] GC(308) Survivor regions: 11->10(36)
[2026-04-03T02:23:34.657+0600][65.947s][info][gc,heap        ] GC(308) Old regions: 85->86
[2026-04-03T02:23:34.657+0600][65.947s][info][gc,heap        ] GC(308) Humongous regions: 272->23
[2026-04-03T02:23:34.657+0600][65.947s][info][gc,metaspace   ] GC(308) Metaspace: 131933K(133376K)->131933K(133376K) NonClass: 115313K(116032K)->115313K(116032K) Class: 16619K(17344K)->16619K(17344K)
[2026-04-03T02:23:34.657+0600][65.947s][info][gc             ] GC(308) Pause Young (Prepare Mixed) (G1 Evacuation Pause) 533M->117M(546M) 5.268ms
[2026-04-03T02:23:34.657+0600][65.947s][info][gc,cpu         ] GC(308) User=0.02s Sys=0.02s Real=0.00s
[2026-04-03T02:23:34.781+0600][66.071s][info][gc,start       ] GC(309) Pause Young (Mixed) (G1 Evacuation Pause)
[2026-04-03T02:23:34.781+0600][66.071s][info][gc,task        ] GC(309) Using 10 workers of 10 for evacuation
[2026-04-03T02:23:34.785+0600][66.074s][info][gc,phases      ] GC(309)   Pre Evacuate Collection Set: 0.28ms
[2026-04-03T02:23:34.785+0600][66.074s][info][gc,phases      ] GC(309)   Merge Heap Roots: 0.15ms
[2026-04-03T02:23:34.785+0600][66.074s][info][gc,phases      ] GC(309)   Evacuate Collection Set: 1.71ms
[2026-04-03T02:23:34.785+0600][66.074s][info][gc,phases      ] GC(309)   Post Evacuate Collection Set: 0.96ms
[2026-04-03T02:23:34.785+0600][66.074s][info][gc,phases      ] GC(309)   Other: 0.11ms
[2026-04-03T02:23:34.785+0600][66.074s][info][gc,heap        ] GC(309) Eden regions: 71->0(407)
[2026-04-03T02:23:34.785+0600][66.074s][info][gc,heap        ] GC(309) Survivor regions: 10->4(45)
[2026-04-03T02:23:34.785+0600][66.074s][info][gc,heap        ] GC(309) Old regions: 86->85
[2026-04-03T02:23:34.785+0600][66.074s][info][gc,heap        ] GC(309) Humongous regions: 515->8
[2026-04-03T02:23:34.785+0600][66.075s][info][gc,metaspace   ] GC(309) Metaspace: 131933K(133376K)->131933K(133376K) NonClass: 115313K(116032K)->115313K(116032K) Class: 16619K(17344K)->16619K(17344K)
[2026-04-03T02:23:34.785+0600][66.075s][info][gc             ] GC(309) Pause Young (Mixed) (G1 Evacuation Pause) 680M->96M(686M) 3.446ms
[2026-04-03T02:23:34.785+0600][66.075s][info][gc,cpu         ] GC(309) User=0.02s Sys=0.01s Real=0.00s
[2026-04-03T02:23:34.797+0600][66.087s][info][gc,start       ] GC(310) Pause Young (Concurrent Start) (G1 Humongous Allocation)
[2026-04-03T02:23:34.797+0600][66.087s][info][gc,task        ] GC(310) Using 10 workers of 10 for evacuation
[2026-04-03T02:23:34.801+0600][66.091s][info][gc,phases      ] GC(310)   Pre Evacuate Collection Set: 0.55ms
[2026-04-03T02:23:34.801+0600][66.091s][info][gc,phases      ] GC(310)   Merge Heap Roots: 0.16ms
[2026-04-03T02:23:34.801+0600][66.091s][info][gc,phases      ] GC(310)   Evacuate Collection Set: 2.11ms
[2026-04-03T02:23:34.801+0600][66.091s][info][gc,phases      ] GC(310)   Post Evacuate Collection Set: 0.76ms
[2026-04-03T02:23:34.801+0600][66.091s][info][gc,phases      ] GC(310)   Other: 0.26ms
[2026-04-03T02:23:34.801+0600][66.091s][info][gc,heap        ] GC(310) Eden regions: 34->0(405)
[2026-04-03T02:23:34.801+0600][66.091s][info][gc,heap        ] GC(310) Survivor regions: 4->6(52)
[2026-04-03T02:23:34.801+0600][66.091s][info][gc,heap        ] GC(310) Old regions: 85->85
[2026-04-03T02:23:34.801+0600][66.091s][info][gc,heap        ] GC(310) Humongous regions: 8->8
[2026-04-03T02:23:34.801+0600][66.091s][info][gc,metaspace   ] GC(310) Metaspace: 131936K(133376K)->131936K(133376K) NonClass: 115316K(116032K)->115316K(116032K) Class: 16619K(17344K)->16619K(17344K)
[2026-04-03T02:23:34.801+0600][66.091s][info][gc             ] GC(310) Pause Young (Concurrent Start) (G1 Humongous Allocation) 130M->98M(686M) 4.224ms
[2026-04-03T02:23:34.801+0600][66.091s][info][gc             ] GC(311) Concurrent Mark Cycle
[2026-04-03T02:23:34.801+0600][66.091s][info][gc,cpu         ] GC(310) User=0.03s Sys=0.00s Real=0.01s
[2026-04-03T02:23:34.801+0600][66.091s][info][gc,marking     ] GC(311) Concurrent Scan Root Regions
[2026-04-03T02:23:34.805+0600][66.094s][info][gc,marking     ] GC(311) Concurrent Scan Root Regions 3.132ms
[2026-04-03T02:23:34.805+0600][66.094s][info][gc,marking     ] GC(311) Concurrent Mark
[2026-04-03T02:23:34.805+0600][66.094s][info][gc,marking     ] GC(311) Concurrent Mark From Roots
[2026-04-03T02:23:34.805+0600][66.094s][info][gc,task        ] GC(311) Using 3 workers of 3 for marking
[2026-04-03T02:23:34.884+0600][66.174s][info][gc,marking     ] GC(311) Concurrent Mark From Roots 79.600ms
[2026-04-03T02:23:34.884+0600][66.174s][info][gc,marking     ] GC(311) Concurrent Preclean
[2026-04-03T02:23:34.885+0600][66.174s][info][gc,marking     ] GC(311) Concurrent Preclean 0.428ms
[2026-04-03T02:23:34.885+0600][66.175s][info][gc,start       ] GC(311) Pause Remark
[2026-04-03T02:23:34.895+0600][66.185s][info][gc             ] GC(311) Pause Remark 185M->185M(470M) 9.664ms
[2026-04-03T02:23:34.895+0600][66.185s][info][gc,cpu         ] GC(311) User=0.06s Sys=0.01s Real=0.01s
[2026-04-03T02:23:34.895+0600][66.185s][info][gc,marking     ] GC(311) Concurrent Mark 90.578ms
[2026-04-03T02:23:34.895+0600][66.185s][info][gc,marking     ] GC(311) Concurrent Rebuild Remembered Sets and Scrub Regions
[2026-04-03T02:23:34.929+0600][66.219s][info][gc,marking     ] GC(311) Concurrent Rebuild Remembered Sets and Scrub Regions 33.575ms
[2026-04-03T02:23:34.929+0600][66.219s][info][gc,start       ] GC(311) Pause Cleanup
[2026-04-03T02:23:34.930+0600][66.219s][info][gc             ] GC(311) Pause Cleanup 212M->212M(470M) 0.268ms
[2026-04-03T02:23:34.930+0600][66.219s][info][gc,cpu         ] GC(311) User=0.00s Sys=0.00s Real=0.00s
[2026-04-03T02:23:34.930+0600][66.219s][info][gc,marking     ] GC(311) Concurrent Clear Claimed Marks
[2026-04-03T02:23:34.930+0600][66.220s][info][gc,marking     ] GC(311) Concurrent Clear Claimed Marks 0.381ms
[2026-04-03T02:23:34.930+0600][66.220s][info][gc,marking     ] GC(311) Concurrent Cleanup for Next Mark
[2026-04-03T02:23:34.931+0600][66.221s][info][gc,marking     ] GC(311) Concurrent Cleanup for Next Mark 0.979ms
[2026-04-03T02:23:34.931+0600][66.221s][info][gc             ] GC(311) Concurrent Mark Cycle 129.726ms
[2026-04-03T02:23:35.299+0600][66.589s][info][gc,start       ] GC(312) Pause Young (Prepare Mixed) (GCLocker Initiated GC)
[2026-04-03T02:23:35.299+0600][66.589s][info][gc,task        ] GC(312) Using 10 workers of 10 for evacuation
[2026-04-03T02:23:35.304+0600][66.594s][info][gc,phases      ] GC(312)   Pre Evacuate Collection Set: 0.34ms
[2026-04-03T02:23:35.304+0600][66.594s][info][gc,phases      ] GC(312)   Merge Heap Roots: 0.34ms
[2026-04-03T02:23:35.304+0600][66.594s][info][gc,phases      ] GC(312)   Evacuate Collection Set: 3.63ms
[2026-04-03T02:23:35.304+0600][66.594s][info][gc,phases      ] GC(312)   Post Evacuate Collection Set: 0.71ms
[2026-04-03T02:23:35.304+0600][66.594s][info][gc,phases      ] GC(312)   Other: 0.12ms
[2026-04-03T02:23:35.305+0600][66.594s][info][gc,heap        ] GC(312) Eden regions: 256->0(284)
[2026-04-03T02:23:35.305+0600][66.594s][info][gc,heap        ] GC(312) Survivor regions: 6->7(36)
[2026-04-03T02:23:35.305+0600][66.594s][info][gc,heap        ] GC(312) Old regions: 85->86
[2026-04-03T02:23:35.305+0600][66.594s][info][gc,heap        ] GC(312) Humongous regions: 131->8
[2026-04-03T02:23:35.305+0600][66.594s][info][gc,metaspace   ] GC(312) Metaspace: 131939K(133376K)->131939K(133376K) NonClass: 115320K(116032K)->115320K(116032K) Class: 16619K(17344K)->16619K(17344K)
[2026-04-03T02:23:35.305+0600][66.594s][info][gc             ] GC(312) Pause Young (Prepare Mixed) (GCLocker Initiated GC) 477M->99M(486M) 5.433ms
[2026-04-03T02:23:35.305+0600][66.594s][info][gc,cpu         ] GC(312) User=0.03s Sys=0.02s Real=0.01s
[2026-04-03T02:23:35.555+0600][66.844s][info][gc,start       ] GC(313) Pause Young (Mixed) (G1 Evacuation Pause)
[2026-04-03T02:23:35.555+0600][66.844s][info][gc,task        ] GC(313) Using 10 workers of 10 for evacuation
[2026-04-03T02:23:35.560+0600][66.849s][info][gc,phases      ] GC(313)   Pre Evacuate Collection Set: 0.33ms
[2026-04-03T02:23:35.560+0600][66.849s][info][gc,phases      ] GC(313)   Merge Heap Roots: 0.17ms
[2026-04-03T02:23:35.560+0600][66.849s][info][gc,phases      ] GC(313)   Evacuate Collection Set: 3.81ms
[2026-04-03T02:23:35.560+0600][66.849s][info][gc,phases      ] GC(313)   Post Evacuate Collection Set: 0.64ms
[2026-04-03T02:23:35.560+0600][66.849s][info][gc,phases      ] GC(313)   Other: 0.09ms
[2026-04-03T02:23:35.560+0600][66.849s][info][gc,heap        ] GC(313) Eden regions: 217->0(296)
[2026-04-03T02:23:35.560+0600][66.849s][info][gc,heap        ] GC(313) Survivor regions: 7->7(37)
[2026-04-03T02:23:35.560+0600][66.849s][info][gc,heap        ] GC(313) Old regions: 86->85
[2026-04-03T02:23:35.560+0600][66.849s][info][gc,heap        ] GC(313) Humongous regions: 189->8
[2026-04-03T02:23:35.560+0600][66.849s][info][gc,metaspace   ] GC(313) Metaspace: 131939K(133376K)->131939K(133376K) NonClass: 115320K(116032K)->115320K(116032K) Class: 16619K(17344K)->16619K(17344K)
[2026-04-03T02:23:35.560+0600][66.849s][info][gc             ] GC(313) Pause Young (Mixed) (G1 Evacuation Pause) 497M->99M(506M) 5.323ms
[2026-04-03T02:23:35.560+0600][66.850s][info][gc,cpu         ] GC(313) User=0.03s Sys=0.01s Real=0.01s
[2026-04-03T02:23:35.572+0600][66.862s][info][gc,start       ] GC(314) Pause Young (Concurrent Start) (G1 Humongous Allocation)
[2026-04-03T02:23:35.572+0600][66.862s][info][gc,task        ] GC(314) Using 10 workers of 10 for evacuation
[2026-04-03T02:23:35.577+0600][66.866s][info][gc,phases      ] GC(314)   Pre Evacuate Collection Set: 0.38ms
[2026-04-03T02:23:35.577+0600][66.866s][info][gc,phases      ] GC(314)   Merge Heap Roots: 0.19ms
[2026-04-03T02:23:35.577+0600][66.866s][info][gc,phases      ] GC(314)   Evacuate Collection Set: 2.80ms
[2026-04-03T02:23:35.577+0600][66.866s][info][gc,phases      ] GC(314)   Post Evacuate Collection Set: 0.64ms
[2026-04-03T02:23:35.577+0600][66.867s][info][gc,phases      ] GC(314)   Other: 0.21ms
[2026-04-03T02:23:35.577+0600][66.867s][info][gc,heap        ] GC(314) Eden regions: 11->0(296)
[2026-04-03T02:23:35.577+0600][66.867s][info][gc,heap        ] GC(314) Survivor regions: 7->7(38)
[2026-04-03T02:23:35.577+0600][66.867s][info][gc,heap        ] GC(314) Old regions: 85->85
[2026-04-03T02:23:35.577+0600][66.867s][info][gc,heap        ] GC(314) Humongous regions: 8->8
[2026-04-03T02:23:35.577+0600][66.867s][info][gc,metaspace   ] GC(314) Metaspace: 131939K(133376K)->131939K(133376K) NonClass: 115320K(116032K)->115320K(116032K) Class: 16619K(17344K)->16619K(17344K)
[2026-04-03T02:23:35.577+0600][66.867s][info][gc             ] GC(314) Pause Young (Concurrent Start) (G1 Humongous Allocation) 110M->99M(506M) 4.682ms
[2026-04-03T02:23:35.577+0600][66.867s][info][gc,cpu         ] GC(314) User=0.03s Sys=0.00s Real=0.00s
[2026-04-03T02:23:35.577+0600][66.867s][info][gc             ] GC(315) Concurrent Mark Cycle
[2026-04-03T02:23:35.577+0600][66.867s][info][gc,marking     ] GC(315) Concurrent Scan Root Regions
[2026-04-03T02:23:35.581+0600][66.871s][info][gc,marking     ] GC(315) Concurrent Scan Root Regions 3.671ms
[2026-04-03T02:23:35.581+0600][66.871s][info][gc,marking     ] GC(315) Concurrent Mark
[2026-04-03T02:23:35.581+0600][66.871s][info][gc,marking     ] GC(315) Concurrent Mark From Roots
[2026-04-03T02:23:35.581+0600][66.871s][info][gc,task        ] GC(315) Using 3 workers of 3 for marking
[2026-04-03T02:23:35.679+0600][66.969s][info][gc,marking     ] GC(315) Concurrent Mark From Roots 97.962ms
[2026-04-03T02:23:35.679+0600][66.969s][info][gc,marking     ] GC(315) Concurrent Preclean
[2026-04-03T02:23:35.680+0600][66.970s][info][gc,marking     ] GC(315) Concurrent Preclean 0.698ms
[2026-04-03T02:23:35.680+0600][66.970s][info][gc,start       ] GC(315) Pause Remark
[2026-04-03T02:23:35.690+0600][66.979s][info][gc             ] GC(315) Pause Remark 236M->236M(506M) 9.402ms
[2026-04-03T02:23:35.690+0600][66.980s][info][gc,cpu         ] GC(315) User=0.06s Sys=0.01s Real=0.01s
[2026-04-03T02:23:35.690+0600][66.980s][info][gc,marking     ] GC(315) Concurrent Mark 109.051ms
[2026-04-03T02:23:35.690+0600][66.980s][info][gc,marking     ] GC(315) Concurrent Rebuild Remembered Sets and Scrub Regions
[2026-04-03T02:23:35.724+0600][67.014s][info][gc,marking     ] GC(315) Concurrent Rebuild Remembered Sets and Scrub Regions 34.128ms
[2026-04-03T02:23:35.725+0600][67.015s][info][gc,start       ] GC(315) Pause Cleanup
[2026-04-03T02:23:35.725+0600][67.015s][info][gc             ] GC(315) Pause Cleanup 280M->280M(506M) 0.311ms
[2026-04-03T02:23:35.725+0600][67.015s][info][gc,cpu         ] GC(315) User=0.00s Sys=0.00s Real=0.00s
[2026-04-03T02:23:35.725+0600][67.015s][info][gc,marking     ] GC(315) Concurrent Clear Claimed Marks
[2026-04-03T02:23:35.726+0600][67.015s][info][gc,marking     ] GC(315) Concurrent Clear Claimed Marks 0.358ms
[2026-04-03T02:23:35.726+0600][67.015s][info][gc,marking     ] GC(315) Concurrent Cleanup for Next Mark
[2026-04-03T02:23:35.727+0600][67.017s][info][gc,marking     ] GC(315) Concurrent Cleanup for Next Mark 1.159ms
[2026-04-03T02:23:35.727+0600][67.017s][info][gc             ] GC(315) Concurrent Mark Cycle 149.848ms
[2026-04-03T02:23:35.903+0600][67.193s][info][gc,start       ] GC(316) Pause Young (Prepare Mixed) (G1 Evacuation Pause)
[2026-04-03T02:23:35.903+0600][67.193s][info][gc,task        ] GC(316) Using 10 workers of 10 for evacuation
[2026-04-03T02:23:35.908+0600][67.198s][info][gc,phases      ] GC(316)   Pre Evacuate Collection Set: 0.31ms
[2026-04-03T02:23:35.908+0600][67.198s][info][gc,phases      ] GC(316)   Merge Heap Roots: 0.21ms
[2026-04-03T02:23:35.908+0600][67.198s][info][gc,phases      ] GC(316)   Evacuate Collection Set: 3.29ms
[2026-04-03T02:23:35.908+0600][67.198s][info][gc,phases      ] GC(316)   Post Evacuate Collection Set: 0.77ms
[2026-04-03T02:23:35.908+0600][67.198s][info][gc,phases      ] GC(316)   Other: 0.09ms
[2026-04-03T02:23:35.908+0600][67.198s][info][gc,heap        ] GC(316) Eden regions: 234->0(311)
[2026-04-03T02:23:35.908+0600][67.198s][info][gc,heap        ] GC(316) Survivor regions: 7->8(39)
[2026-04-03T02:23:35.908+0600][67.198s][info][gc,heap        ] GC(316) Old regions: 85->86
[2026-04-03T02:23:35.908+0600][67.198s][info][gc,heap        ] GC(316) Humongous regions: 197->8
[2026-04-03T02:23:35.908+0600][67.198s][info][gc,metaspace   ] GC(316) Metaspace: 131939K(133376K)->131939K(133376K) NonClass: 115320K(116032K)->115320K(116032K) Class: 16619K(17344K)->16619K(17344K)
[2026-04-03T02:23:35.908+0600][67.198s][info][gc             ] GC(316) Pause Young (Prepare Mixed) (G1 Evacuation Pause) 522M->100M(532M) 4.915ms
[2026-04-03T02:23:35.908+0600][67.198s][info][gc,cpu         ] GC(316) User=0.02s Sys=0.01s Real=0.00s
[2026-04-03T02:23:36.243+0600][67.533s][info][gc,start       ] GC(317) Pause Young (Mixed) (G1 Evacuation Pause)
[2026-04-03T02:23:36.243+0600][67.533s][info][gc,task        ] GC(317) Using 10 workers of 10 for evacuation
[2026-04-03T02:23:36.249+0600][67.539s][info][gc,phases      ] GC(317)   Pre Evacuate Collection Set: 0.39ms
[2026-04-03T02:23:36.249+0600][67.539s][info][gc,phases      ] GC(317)   Merge Heap Roots: 0.28ms
[2026-04-03T02:23:36.249+0600][67.539s][info][gc,phases      ] GC(317)   Evacuate Collection Set: 4.46ms
[2026-04-03T02:23:36.249+0600][67.539s][info][gc,phases      ] GC(317)   Post Evacuate Collection Set: 0.95ms
[2026-04-03T02:23:36.249+0600][67.539s][info][gc,phases      ] GC(317)   Other: 0.11ms
[2026-04-03T02:23:36.249+0600][67.539s][info][gc,heap        ] GC(317) Eden regions: 305->0(316)
[2026-04-03T02:23:36.249+0600][67.539s][info][gc,heap        ] GC(317) Survivor regions: 8->8(40)
[2026-04-03T02:23:36.249+0600][67.539s][info][gc,heap        ] GC(317) Old regions: 86->85
[2026-04-03T02:23:36.249+0600][67.539s][info][gc,heap        ] GC(317) Humongous regions: 133->8
[2026-04-03T02:23:36.249+0600][67.539s][info][gc,metaspace   ] GC(317) Metaspace: 131939K(133376K)->131939K(133376K) NonClass: 115320K(116032K)->115320K(116032K) Class: 16619K(17344K)->16619K(17344K)
[2026-04-03T02:23:36.250+0600][67.539s][info][gc             ] GC(317) Pause Young (Mixed) (G1 Evacuation Pause) 530M->100M(540M) 6.493ms
[2026-04-03T02:23:36.250+0600][67.539s][info][gc,cpu         ] GC(317) User=0.03s Sys=0.02s Real=0.00s
[2026-04-03T02:23:36.277+0600][67.567s][info][gc,start       ] GC(318) Pause Young (Concurrent Start) (G1 Humongous Allocation)
[2026-04-03T02:23:36.277+0600][67.567s][info][gc,task        ] GC(318) Using 10 workers of 10 for evacuation
[2026-04-03T02:23:36.282+0600][67.572s][info][gc,phases      ] GC(318)   Pre Evacuate Collection Set: 0.44ms
[2026-04-03T02:23:36.282+0600][67.572s][info][gc,phases      ] GC(318)   Merge Heap Roots: 0.16ms
[2026-04-03T02:23:36.282+0600][67.572s][info][gc,phases      ] GC(318)   Evacuate Collection Set: 3.64ms
[2026-04-03T02:23:36.282+0600][67.572s][info][gc,phases      ] GC(318)   Post Evacuate Collection Set: 0.63ms
[2026-04-03T02:23:36.282+0600][67.572s][info][gc,phases      ] GC(318)   Other: 0.20ms
[2026-04-03T02:23:36.282+0600][67.572s][info][gc,heap        ] GC(318) Eden regions: 48->0(315)
[2026-04-03T02:23:36.282+0600][67.572s][info][gc,heap        ] GC(318) Survivor regions: 8->9(41)
[2026-04-03T02:23:36.282+0600][67.572s][info][gc,heap        ] GC(318) Old regions: 85->85
[2026-04-03T02:23:36.282+0600][67.572s][info][gc,heap        ] GC(318) Humongous regions: 8->8
[2026-04-03T02:23:36.282+0600][67.572s][info][gc,metaspace   ] GC(318) Metaspace: 131939K(133376K)->131939K(133376K) NonClass: 115320K(116032K)->115320K(116032K) Class: 16619K(17344K)->16619K(17344K)
[2026-04-03T02:23:36.282+0600][67.572s][info][gc             ] GC(318) Pause Young (Concurrent Start) (G1 Humongous Allocation) 148M->101M(540M) 5.423ms
[2026-04-03T02:23:36.282+0600][67.572s][info][gc             ] GC(319) Concurrent Mark Cycle
[2026-04-03T02:23:36.282+0600][67.572s][info][gc,cpu         ] GC(318) User=0.04s Sys=0.00s Real=0.01s
[2026-04-03T02:23:36.282+0600][67.572s][info][gc,marking     ] GC(319) Concurrent Scan Root Regions
[2026-04-03T02:23:36.287+0600][67.577s][info][gc,marking     ] GC(319) Concurrent Scan Root Regions 4.726ms
[2026-04-03T02:23:36.287+0600][67.577s][info][gc,marking     ] GC(319) Concurrent Mark
[2026-04-03T02:23:36.287+0600][67.577s][info][gc,marking     ] GC(319) Concurrent Mark From Roots
[2026-04-03T02:23:36.287+0600][67.577s][info][gc,task        ] GC(319) Using 3 workers of 3 for marking
[2026-04-03T02:23:36.367+0600][67.656s][info][gc,marking     ] GC(319) Concurrent Mark From Roots 79.319ms
[2026-04-03T02:23:36.367+0600][67.656s][info][gc,marking     ] GC(319) Concurrent Preclean
[2026-04-03T02:23:36.367+0600][67.657s][info][gc,marking     ] GC(319) Concurrent Preclean 0.239ms
[2026-04-03T02:23:36.367+0600][67.657s][info][gc,start       ] GC(319) Pause Remark
[2026-04-03T02:23:36.375+0600][67.665s][info][gc             ] GC(319) Pause Remark 185M->185M(457M) 8.052ms
[2026-04-03T02:23:36.375+0600][67.665s][info][gc,cpu         ] GC(319) User=0.06s Sys=0.00s Real=0.01s
[2026-04-03T02:23:36.376+0600][67.665s][info][gc,marking     ] GC(319) Concurrent Mark 88.250ms
[2026-04-03T02:23:36.376+0600][67.665s][info][gc,marking     ] GC(319) Concurrent Rebuild Remembered Sets and Scrub Regions
[2026-04-03T02:23:36.409+0600][67.698s][info][gc,marking     ] GC(319) Concurrent Rebuild Remembered Sets and Scrub Regions 33.061ms
[2026-04-03T02:23:36.409+0600][67.699s][info][gc,start       ] GC(319) Pause Cleanup
[2026-04-03T02:23:36.409+0600][67.699s][info][gc             ] GC(319) Pause Cleanup 215M->215M(457M) 0.307ms
[2026-04-03T02:23:36.410+0600][67.699s][info][gc,cpu         ] GC(319) User=0.00s Sys=0.00s Real=0.00s
[2026-04-03T02:23:36.410+0600][67.699s][info][gc,marking     ] GC(319) Concurrent Clear Claimed Marks
[2026-04-03T02:23:36.410+0600][67.700s][info][gc,marking     ] GC(319) Concurrent Clear Claimed Marks 0.365ms
[2026-04-03T02:23:36.410+0600][67.700s][info][gc,marking     ] GC(319) Concurrent Cleanup for Next Mark
[2026-04-03T02:23:36.411+0600][67.700s][info][gc,marking     ] GC(319) Concurrent Cleanup for Next Mark 0.826ms
[2026-04-03T02:23:36.411+0600][67.701s][info][gc             ] GC(319) Concurrent Mark Cycle 128.487ms
[2026-04-03T02:23:36.576+0600][67.865s][info][gc,start       ] GC(320) Pause Young (Prepare Mixed) (G1 Evacuation Pause)
[2026-04-03T02:23:36.576+0600][67.865s][info][gc,task        ] GC(320) Using 10 workers of 10 for evacuation
[2026-04-03T02:23:36.582+0600][67.872s][info][gc,phases      ] GC(320)   Pre Evacuate Collection Set: 0.28ms
[2026-04-03T02:23:36.582+0600][67.872s][info][gc,phases      ] GC(320)   Merge Heap Roots: 0.28ms
[2026-04-03T02:23:36.582+0600][67.872s][info][gc,phases      ] GC(320)   Evacuate Collection Set: 4.82ms
[2026-04-03T02:23:36.582+0600][67.872s][info][gc,phases      ] GC(320)   Post Evacuate Collection Set: 0.68ms
[2026-04-03T02:23:36.582+0600][67.872s][info][gc,phases      ] GC(320)   Other: 0.12ms
[2026-04-03T02:23:36.582+0600][67.872s][info][gc,heap        ] GC(320) Eden regions: 265->0(271)
[2026-04-03T02:23:36.582+0600][67.872s][info][gc,heap        ] GC(320) Survivor regions: 9->9(35)
[2026-04-03T02:23:36.582+0600][67.872s][info][gc,heap        ] GC(320) Old regions: 85->86
[2026-04-03T02:23:36.582+0600][67.872s][info][gc,heap        ] GC(320) Humongous regions: 98->8
[2026-04-03T02:23:36.582+0600][67.872s][info][gc,metaspace   ] GC(320) Metaspace: 131942K(133376K)->131942K(133376K) NonClass: 115322K(116032K)->115322K(116032K) Class: 16619K(17344K)->16619K(17344K)
[2026-04-03T02:23:36.582+0600][67.872s][info][gc             ] GC(320) Pause Young (Prepare Mixed) (G1 Evacuation Pause) 456M->101M(467M) 6.505ms
[2026-04-03T02:23:36.582+0600][67.872s][info][gc,cpu         ] GC(320) User=0.03s Sys=0.02s Real=0.01s
[2026-04-03T02:23:36.796+0600][68.085s][info][gc,start       ] GC(321) Pause Full (System.gc())
[2026-04-03T02:23:36.796+0600][68.085s][info][gc,task        ] GC(321) Using 10 workers of 10 for full compaction
[2026-04-03T02:23:36.796+0600][68.086s][info][gc,phases,start] GC(321) Phase 1: Mark live objects
[2026-04-03T02:23:36.883+0600][68.172s][info][gc,phases      ] GC(321) Phase 1: Mark live objects 86.501ms
[2026-04-03T02:23:36.883+0600][68.172s][info][gc,phases,start] GC(321) Phase 2: Prepare compaction
[2026-04-03T02:23:36.885+0600][68.174s][info][gc,phases      ] GC(321) Phase 2: Prepare compaction 2.159ms
[2026-04-03T02:23:36.885+0600][68.174s][info][gc,phases,start] GC(321) Phase 3: Adjust pointers
[2026-04-03T02:23:36.907+0600][68.197s][info][gc,phases      ] GC(321) Phase 3: Adjust pointers 22.642ms
[2026-04-03T02:23:36.908+0600][68.197s][info][gc,phases,start] GC(321) Phase 4: Compact heap
[2026-04-03T02:23:36.910+0600][68.199s][info][gc,phases      ] GC(321) Phase 4: Compact heap 2.276ms
[2026-04-03T02:23:36.910+0600][68.200s][info][gc,phases,start] GC(321) Phase 5: Reset Metadata
[2026-04-03T02:23:36.915+0600][68.204s][info][gc,phases      ] GC(321) Phase 5: Reset Metadata 4.749ms
[2026-04-03T02:23:36.931+0600][68.220s][info][gc,heap        ] GC(321) Eden regions: 172->0(194)
[2026-04-03T02:23:36.931+0600][68.220s][info][gc,heap        ] GC(321) Survivor regions: 9->0(35)
[2026-04-03T02:23:36.931+0600][68.220s][info][gc,heap        ] GC(321) Old regions: 86->89
[2026-04-03T02:23:36.931+0600][68.220s][info][gc,heap        ] GC(321) Humongous regions: 134->8
[2026-04-03T02:23:36.931+0600][68.220s][info][gc,metaspace   ] GC(321) Metaspace: 131945K(133376K)->131945K(133376K) NonClass: 115326K(116032K)->115326K(116032K) Class: 16619K(17344K)->16619K(17344K)
[2026-04-03T02:23:36.931+0600][68.221s][info][gc             ] GC(321) Pause Full (System.gc()) 399M->92M(324M) 135.211ms
[2026-04-03T02:23:36.931+0600][68.221s][info][gc,cpu         ] GC(321) User=0.93s Sys=0.04s Real=0.14s
[2026-04-03T02:23:36.946+0600][68.236s][info][gc,start       ] GC(322) Pause Young (Concurrent Start) (G1 Humongous Allocation)
[2026-04-03T02:23:36.947+0600][68.236s][info][gc,task        ] GC(322) Using 8 workers of 10 for evacuation
[2026-04-03T02:23:36.949+0600][68.239s][info][gc,phases      ] GC(322)   Pre Evacuate Collection Set: 0.37ms
[2026-04-03T02:23:36.949+0600][68.239s][info][gc,phases      ] GC(322)   Merge Heap Roots: 0.11ms
[2026-04-03T02:23:36.949+0600][68.239s][info][gc,phases      ] GC(322)   Evacuate Collection Set: 1.29ms
[2026-04-03T02:23:36.949+0600][68.239s][info][gc,phases      ] GC(322)   Post Evacuate Collection Set: 0.44ms
[2026-04-03T02:23:36.949+0600][68.239s][info][gc,phases      ] GC(322)   Other: 0.18ms
[2026-04-03T02:23:36.949+0600][68.239s][info][gc,heap        ] GC(322) Eden regions: 5->0(192)
[2026-04-03T02:23:36.949+0600][68.239s][info][gc,heap        ] GC(322) Survivor regions: 0->2(25)
[2026-04-03T02:23:36.949+0600][68.239s][info][gc,heap        ] GC(322) Old regions: 89->89
[2026-04-03T02:23:36.949+0600][68.239s][info][gc,heap        ] GC(322) Humongous regions: 8->8
[2026-04-03T02:23:36.949+0600][68.239s][info][gc,metaspace   ] GC(322) Metaspace: 131945K(133376K)->131945K(133376K) NonClass: 115326K(116032K)->115326K(116032K) Class: 16619K(17344K)->16619K(17344K)
[2026-04-03T02:23:36.949+0600][68.239s][info][gc             ] GC(322) Pause Young (Concurrent Start) (G1 Humongous Allocation) 96M->93M(324M) 2.643ms
[2026-04-03T02:23:36.949+0600][68.239s][info][gc             ] GC(323) Concurrent Mark Cycle
[2026-04-03T02:23:36.949+0600][68.239s][info][gc,marking     ] GC(323) Concurrent Scan Root Regions
[2026-04-03T02:23:36.949+0600][68.239s][info][gc,cpu         ] GC(322) User=0.01s Sys=0.01s Real=0.00s
[2026-04-03T02:23:36.951+0600][68.240s][info][gc,marking     ] GC(323) Concurrent Scan Root Regions 1.414ms
[2026-04-03T02:23:36.951+0600][68.240s][info][gc,marking     ] GC(323) Concurrent Mark
[2026-04-03T02:23:36.951+0600][68.240s][info][gc,marking     ] GC(323) Concurrent Mark From Roots
[2026-04-03T02:23:36.951+0600][68.240s][info][gc,task        ] GC(323) Using 3 workers of 3 for marking
[2026-04-03T02:23:37.044+0600][68.333s][info][gc,marking     ] GC(323) Concurrent Mark From Roots 93.181ms
[2026-04-03T02:23:37.044+0600][68.334s][info][gc,marking     ] GC(323) Concurrent Preclean
[2026-04-03T02:23:37.044+0600][68.334s][info][gc,marking     ] GC(323) Concurrent Preclean 0.497ms
[2026-04-03T02:23:37.045+0600][68.334s][info][gc,start       ] GC(323) Pause Remark
[2026-04-03T02:23:37.055+0600][68.345s][info][gc             ] GC(323) Pause Remark 149M->149M(324M) 10.389ms
[2026-04-03T02:23:37.055+0600][68.345s][info][gc,cpu         ] GC(323) User=0.07s Sys=0.00s Real=0.01s
[2026-04-03T02:23:37.055+0600][68.345s][info][gc,marking     ] GC(323) Concurrent Mark 104.866ms
[2026-04-03T02:23:37.056+0600][68.345s][info][gc,marking     ] GC(323) Concurrent Rebuild Remembered Sets and Scrub Regions
[2026-04-03T02:23:37.083+0600][68.373s][info][gc,marking     ] GC(323) Concurrent Rebuild Remembered Sets and Scrub Regions 27.756ms
[2026-04-03T02:23:37.084+0600][68.373s][info][gc,start       ] GC(323) Pause Cleanup
[2026-04-03T02:23:37.084+0600][68.374s][info][gc             ] GC(323) Pause Cleanup 164M->164M(324M) 0.320ms
[2026-04-03T02:23:37.084+0600][68.374s][info][gc,cpu         ] GC(323) User=0.00s Sys=0.00s Real=0.00s
[2026-04-03T02:23:37.084+0600][68.374s][info][gc,marking     ] GC(323) Concurrent Clear Claimed Marks
[2026-04-03T02:23:37.085+0600][68.375s][info][gc,marking     ] GC(323) Concurrent Clear Claimed Marks 0.524ms
[2026-04-03T02:23:37.085+0600][68.375s][info][gc,marking     ] GC(323) Concurrent Cleanup for Next Mark
[2026-04-03T02:23:37.086+0600][68.375s][info][gc,marking     ] GC(323) Concurrent Cleanup for Next Mark 0.591ms
[2026-04-03T02:23:37.086+0600][68.375s][info][gc             ] GC(323) Concurrent Mark Cycle 136.481ms
[2026-04-03T02:23:37.109+0600][68.398s][info][gc,start       ] GC(324) Pause Young (Prepare Mixed) (G1 Evacuation Pause)
[2026-04-03T02:23:37.109+0600][68.399s][info][gc,task        ] GC(324) Using 8 workers of 10 for evacuation
[2026-04-03T02:23:37.113+0600][68.402s][info][gc,phases      ] GC(324)   Pre Evacuate Collection Set: 0.29ms
[2026-04-03T02:23:37.113+0600][68.402s][info][gc,phases      ] GC(324)   Merge Heap Roots: 0.13ms
[2026-04-03T02:23:37.113+0600][68.402s][info][gc,phases      ] GC(324)   Evacuate Collection Set: 2.52ms
[2026-04-03T02:23:37.113+0600][68.402s][info][gc,phases      ] GC(324)   Post Evacuate Collection Set: 0.74ms
[2026-04-03T02:23:37.113+0600][68.402s][info][gc,phases      ] GC(324)   Other: 0.09ms
[2026-04-03T02:23:37.113+0600][68.402s][info][gc,heap        ] GC(324) Eden regions: 53->0(216)
[2026-04-03T02:23:37.113+0600][68.402s][info][gc,heap        ] GC(324) Survivor regions: 2->5(26)
[2026-04-03T02:23:37.113+0600][68.402s][info][gc,heap        ] GC(324) Old regions: 89->89
[2026-04-03T02:23:37.113+0600][68.402s][info][gc,heap        ] GC(324) Humongous regions: 220->23
[2026-04-03T02:23:37.113+0600][68.402s][info][gc,metaspace   ] GC(324) Metaspace: 131946K(133376K)->131946K(133376K) NonClass: 115327K(116032K)->115327K(116032K) Class: 16619K(17344K)->16619K(17344K)
[2026-04-03T02:23:37.113+0600][68.403s][info][gc             ] GC(324) Pause Young (Prepare Mixed) (G1 Evacuation Pause) 358M->111M(369M) 4.109ms
[2026-04-03T02:23:37.113+0600][68.403s][info][gc,cpu         ] GC(324) User=0.01s Sys=0.01s Real=0.01s
[2026-04-03T02:23:37.209+0600][68.499s][info][gc,start       ] GC(325) Pause Young (Mixed) (G1 Evacuation Pause)
[2026-04-03T02:23:37.209+0600][68.499s][info][gc,task        ] GC(325) Using 10 workers of 10 for evacuation
[2026-04-03T02:23:37.212+0600][68.502s][info][gc,phases      ] GC(325)   Pre Evacuate Collection Set: 0.28ms
[2026-04-03T02:23:37.212+0600][68.502s][info][gc,phases      ] GC(325)   Merge Heap Roots: 0.10ms
[2026-04-03T02:23:37.212+0600][68.502s][info][gc,phases      ] GC(325)   Evacuate Collection Set: 2.36ms
[2026-04-03T02:23:37.212+0600][68.502s][info][gc,phases      ] GC(325)   Post Evacuate Collection Set: 0.63ms
[2026-04-03T02:23:37.212+0600][68.502s][info][gc,phases      ] GC(325)   Other: 0.09ms
[2026-04-03T02:23:37.212+0600][68.502s][info][gc,heap        ] GC(325) Eden regions: 58->0(280)
[2026-04-03T02:23:37.213+0600][68.502s][info][gc,heap        ] GC(325) Survivor regions: 5->5(28)
[2026-04-03T02:23:37.213+0600][68.502s][info][gc,heap        ] GC(325) Old regions: 89->88
[2026-04-03T02:23:37.213+0600][68.502s][info][gc,heap        ] GC(325) Humongous regions: 317->28
[2026-04-03T02:23:37.213+0600][68.502s][info][gc,metaspace   ] GC(325) Metaspace: 131948K(133376K)->131948K(133376K) NonClass: 115328K(116032K)->115328K(116032K) Class: 16619K(17344K)->16619K(17344K)
[2026-04-03T02:23:37.213+0600][68.502s][info][gc             ] GC(325) Pause Young (Mixed) (G1 Evacuation Pause) 463M->116M(475M) 3.697ms
[2026-04-03T02:23:37.213+0600][68.502s][info][gc,cpu         ] GC(325) User=0.02s Sys=0.00s Real=0.01s
[2026-04-03T02:23:37.213+0600][68.503s][info][gc,start       ] GC(326) Pause Young (Concurrent Start) (G1 Humongous Allocation)
[2026-04-03T02:23:37.213+0600][68.503s][info][gc,task        ] GC(326) Using 10 workers of 10 for evacuation
[2026-04-03T02:23:37.216+0600][68.506s][info][gc,phases      ] GC(326)   Pre Evacuate Collection Set: 0.26ms
[2026-04-03T02:23:37.216+0600][68.506s][info][gc,phases      ] GC(326)   Merge Heap Roots: 0.14ms
[2026-04-03T02:23:37.216+0600][68.506s][info][gc,phases      ] GC(326)   Evacuate Collection Set: 1.68ms
[2026-04-03T02:23:37.216+0600][68.506s][info][gc,phases      ] GC(326)   Post Evacuate Collection Set: 0.49ms
[2026-04-03T02:23:37.216+0600][68.506s][info][gc,phases      ] GC(326)   Other: 0.16ms
[2026-04-03T02:23:37.216+0600][68.506s][info][gc,heap        ] GC(326) Eden regions: 3->0(238)
[2026-04-03T02:23:37.216+0600][68.506s][info][gc,heap        ] GC(326) Survivor regions: 5->5(36)
[2026-04-03T02:23:37.216+0600][68.506s][info][gc,heap        ] GC(326) Old regions: 88->88
[2026-04-03T02:23:37.216+0600][68.506s][info][gc,heap        ] GC(326) Humongous regions: 28->8
[2026-04-03T02:23:37.216+0600][68.506s][info][gc,metaspace   ] GC(326) Metaspace: 131948K(133376K)->131948K(133376K) NonClass: 115328K(116032K)->115328K(116032K) Class: 16619K(17344K)->16619K(17344K)
[2026-04-03T02:23:37.216+0600][68.506s][info][gc             ] GC(326) Pause Young (Concurrent Start) (G1 Humongous Allocation) 118M->97M(475M) 2.957ms
[2026-04-03T02:23:37.216+0600][68.506s][info][gc             ] GC(327) Concurrent Mark Cycle
[2026-04-03T02:23:37.216+0600][68.506s][info][gc,cpu         ] GC(326) User=0.01s Sys=0.00s Real=0.00s
[2026-04-03T02:23:37.216+0600][68.506s][info][gc,marking     ] GC(327) Concurrent Scan Root Regions
[2026-04-03T02:23:37.218+0600][68.508s][info][gc,marking     ] GC(327) Concurrent Scan Root Regions 1.388ms
[2026-04-03T02:23:37.218+0600][68.508s][info][gc,marking     ] GC(327) Concurrent Mark
[2026-04-03T02:23:37.218+0600][68.508s][info][gc,marking     ] GC(327) Concurrent Mark From Roots
[2026-04-03T02:23:37.218+0600][68.508s][info][gc,task        ] GC(327) Using 3 workers of 3 for marking
[2026-04-03T02:23:37.313+0600][68.603s][info][gc,marking     ] GC(327) Concurrent Mark From Roots 95.071ms
[2026-04-03T02:23:37.313+0600][68.603s][info][gc,marking     ] GC(327) Concurrent Preclean
[2026-04-03T02:23:37.314+0600][68.603s][info][gc,marking     ] GC(327) Concurrent Preclean 0.449ms
[2026-04-03T02:23:37.314+0600][68.604s][info][gc,start       ] GC(327) Pause Remark
[2026-04-03T02:23:37.324+0600][68.613s][info][gc             ] GC(327) Pause Remark 389M->389M(550M) 9.609ms
[2026-04-03T02:23:37.324+0600][68.613s][info][gc,cpu         ] GC(327) User=0.05s Sys=0.01s Real=0.01s
[2026-04-03T02:23:37.324+0600][68.614s][info][gc,marking     ] GC(327) Concurrent Mark 105.950ms
[2026-04-03T02:23:37.324+0600][68.614s][info][gc,marking     ] GC(327) Concurrent Rebuild Remembered Sets and Scrub Regions
[2026-04-03T02:23:37.350+0600][68.639s][info][gc,marking     ] GC(327) Concurrent Rebuild Remembered Sets and Scrub Regions 25.853ms
[2026-04-03T02:23:37.350+0600][68.640s][info][gc,start       ] GC(327) Pause Cleanup
[2026-04-03T02:23:37.351+0600][68.640s][info][gc             ] GC(327) Pause Cleanup 399M->399M(550M) 0.304ms
[2026-04-03T02:23:37.351+0600][68.640s][info][gc,cpu         ] GC(327) User=0.00s Sys=0.00s Real=0.00s
[2026-04-03T02:23:37.351+0600][68.640s][info][gc,marking     ] GC(327) Concurrent Clear Claimed Marks
[2026-04-03T02:23:37.351+0600][68.641s][info][gc,marking     ] GC(327) Concurrent Clear Claimed Marks 0.476ms
[2026-04-03T02:23:37.351+0600][68.641s][info][gc,marking     ] GC(327) Concurrent Cleanup for Next Mark
[2026-04-03T02:23:37.354+0600][68.644s][info][gc,marking     ] GC(327) Concurrent Cleanup for Next Mark 2.995ms
[2026-04-03T02:23:37.354+0600][68.644s][info][gc             ] GC(327) Concurrent Mark Cycle 138.009ms
[2026-04-03T02:23:37.585+0600][68.874s][info][gc,start       ] GC(328) Pause Young (Prepare Mixed) (G1 Evacuation Pause)
[2026-04-03T02:23:37.585+0600][68.874s][info][gc,task        ] GC(328) Using 10 workers of 10 for evacuation
[2026-04-03T02:23:37.588+0600][68.878s][info][gc,phases      ] GC(328)   Pre Evacuate Collection Set: 0.45ms
[2026-04-03T02:23:37.588+0600][68.878s][info][gc,phases      ] GC(328)   Merge Heap Roots: 0.15ms
[2026-04-03T02:23:37.588+0600][68.878s][info][gc,phases      ] GC(328)   Evacuate Collection Set: 2.20ms
[2026-04-03T02:23:37.588+0600][68.878s][info][gc,phases      ] GC(328)   Post Evacuate Collection Set: 0.70ms
[2026-04-03T02:23:37.588+0600][68.878s][info][gc,phases      ] GC(328)   Other: 0.09ms
[2026-04-03T02:23:37.588+0600][68.878s][info][gc,heap        ] GC(328) Eden regions: 147->0(313)
[2026-04-03T02:23:37.588+0600][68.878s][info][gc,heap        ] GC(328) Survivor regions: 5->4(31)
[2026-04-03T02:23:37.588+0600][68.878s][info][gc,heap        ] GC(328) Old regions: 88->88
[2026-04-03T02:23:37.588+0600][68.878s][info][gc,heap        ] GC(328) Humongous regions: 310->8
[2026-04-03T02:23:37.588+0600][68.878s][info][gc,metaspace   ] GC(328) Metaspace: 131952K(133376K)->131952K(133376K) NonClass: 115332K(116032K)->115332K(116032K) Class: 16619K(17344K)->16619K(17344K)
[2026-04-03T02:23:37.589+0600][68.878s][info][gc             ] GC(328) Pause Young (Prepare Mixed) (G1 Evacuation Pause) 546M->95M(554M) 3.839ms
[2026-04-03T02:23:37.589+0600][68.878s][info][gc,cpu         ] GC(328) User=0.02s Sys=0.01s Real=0.00s
[2026-04-03T02:23:38.037+0600][69.326s][info][gc,start       ] GC(329) Pause Young (Mixed) (G1 Evacuation Pause)
[2026-04-03T02:23:38.037+0600][69.327s][info][gc,task        ] GC(329) Using 10 workers of 10 for evacuation
[2026-04-03T02:23:38.043+0600][69.333s][info][gc,phases      ] GC(329)   Pre Evacuate Collection Set: 0.45ms
[2026-04-03T02:23:38.043+0600][69.333s][info][gc,phases      ] GC(329)   Merge Heap Roots: 0.40ms
[2026-04-03T02:23:38.043+0600][69.333s][info][gc,phases      ] GC(329)   Evacuate Collection Set: 4.63ms
[2026-04-03T02:23:38.043+0600][69.333s][info][gc,phases      ] GC(329)   Post Evacuate Collection Set: 0.69ms
[2026-04-03T02:23:38.043+0600][69.333s][info][gc,phases      ] GC(329)   Other: 0.20ms
[2026-04-03T02:23:38.043+0600][69.333s][info][gc,heap        ] GC(329) Eden regions: 302->0(329)
[2026-04-03T02:23:38.043+0600][69.333s][info][gc,heap        ] GC(329) Survivor regions: 4->7(40)
[2026-04-03T02:23:38.043+0600][69.333s][info][gc,heap        ] GC(329) Old regions: 88->87
[2026-04-03T02:23:38.043+0600][69.333s][info][gc,heap        ] GC(329) Humongous regions: 160->8
[2026-04-03T02:23:38.043+0600][69.333s][info][gc,metaspace   ] GC(329) Metaspace: 131952K(133376K)->131952K(133376K) NonClass: 115333K(116032K)->115333K(116032K) Class: 16619K(17344K)->16619K(17344K)
[2026-04-03T02:23:38.043+0600][69.333s][info][gc             ] GC(329) Pause Young (Mixed) (G1 Evacuation Pause) 549M->98M(561M) 6.893ms
[2026-04-03T02:23:38.044+0600][69.333s][info][gc,cpu         ] GC(329) User=0.03s Sys=0.03s Real=0.01s
[2026-04-03T02:23:38.047+0600][69.337s][info][gc,start       ] GC(330) Pause Young (Concurrent Start) (G1 Humongous Allocation)
[2026-04-03T02:23:38.047+0600][69.337s][info][gc,task        ] GC(330) Using 10 workers of 10 for evacuation
[2026-04-03T02:23:38.051+0600][69.341s][info][gc,phases      ] GC(330)   Pre Evacuate Collection Set: 0.33ms
[2026-04-03T02:23:38.051+0600][69.341s][info][gc,phases      ] GC(330)   Merge Heap Roots: 0.10ms
[2026-04-03T02:23:38.051+0600][69.341s][info][gc,phases      ] GC(330)   Evacuate Collection Set: 2.46ms
[2026-04-03T02:23:38.051+0600][69.341s][info][gc,phases      ] GC(330)   Post Evacuate Collection Set: 0.63ms
[2026-04-03T02:23:38.051+0600][69.341s][info][gc,phases      ] GC(330)   Other: 0.15ms
[2026-04-03T02:23:38.051+0600][69.341s][info][gc,heap        ] GC(330) Eden regions: 5->0(329)
[2026-04-03T02:23:38.051+0600][69.341s][info][gc,heap        ] GC(330) Survivor regions: 7->7(42)
[2026-04-03T02:23:38.051+0600][69.341s][info][gc,heap        ] GC(330) Old regions: 87->87
[2026-04-03T02:23:38.051+0600][69.341s][info][gc,heap        ] GC(330) Humongous regions: 8->8
[2026-04-03T02:23:38.051+0600][69.341s][info][gc,metaspace   ] GC(330) Metaspace: 131952K(133376K)->131952K(133376K) NonClass: 115333K(116032K)->115333K(116032K) Class: 16619K(17344K)->16619K(17344K)
[2026-04-03T02:23:38.051+0600][69.341s][info][gc             ] GC(330) Pause Young (Concurrent Start) (G1 Humongous Allocation) 103M->98M(561M) 3.970ms
[2026-04-03T02:23:38.051+0600][69.341s][info][gc,cpu         ] GC(330) User=0.02s Sys=0.00s Real=0.01s
[2026-04-03T02:23:38.051+0600][69.341s][info][gc             ] GC(331) Concurrent Mark Cycle
[2026-04-03T02:23:38.051+0600][69.341s][info][gc,marking     ] GC(331) Concurrent Scan Root Regions
[2026-04-03T02:23:38.054+0600][69.344s][info][gc,marking     ] GC(331) Concurrent Scan Root Regions 2.673ms
[2026-04-03T02:23:38.054+0600][69.344s][info][gc,marking     ] GC(331) Concurrent Mark
[2026-04-03T02:23:38.054+0600][69.344s][info][gc,marking     ] GC(331) Concurrent Mark From Roots
[2026-04-03T02:23:38.054+0600][69.344s][info][gc,task        ] GC(331) Using 3 workers of 3 for marking
[2026-04-03T02:23:38.159+0600][69.449s][info][gc,marking     ] GC(331) Concurrent Mark From Roots 105.327ms
[2026-04-03T02:23:38.160+0600][69.449s][info][gc,marking     ] GC(331) Concurrent Preclean
[2026-04-03T02:23:38.160+0600][69.450s][info][gc,marking     ] GC(331) Concurrent Preclean 0.550ms
[2026-04-03T02:23:38.160+0600][69.450s][info][gc,start       ] GC(331) Pause Remark
[2026-04-03T02:23:38.168+0600][69.458s][info][gc             ] GC(331) Pause Remark 224M->224M(550M) 7.892ms
[2026-04-03T02:23:38.168+0600][69.458s][info][gc,cpu         ] GC(331) User=0.05s Sys=0.01s Real=0.00s
[2026-04-03T02:23:38.169+0600][69.458s][info][gc,marking     ] GC(331) Concurrent Mark 114.633ms
[2026-04-03T02:23:38.169+0600][69.458s][info][gc,marking     ] GC(331) Concurrent Rebuild Remembered Sets and Scrub Regions
[2026-04-03T02:23:38.205+0600][69.495s][info][gc,marking     ] GC(331) Concurrent Rebuild Remembered Sets and Scrub Regions 36.138ms
[2026-04-03T02:23:38.205+0600][69.495s][info][gc,start       ] GC(331) Pause Cleanup
[2026-04-03T02:23:38.206+0600][69.495s][info][gc             ] GC(331) Pause Cleanup 261M->261M(550M) 0.406ms
[2026-04-03T02:23:38.206+0600][69.496s][info][gc,cpu         ] GC(331) User=0.00s Sys=0.00s Real=0.00s
[2026-04-03T02:23:38.206+0600][69.496s][info][gc,marking     ] GC(331) Concurrent Clear Claimed Marks
[2026-04-03T02:23:38.207+0600][69.496s][info][gc,marking     ] GC(331) Concurrent Clear Claimed Marks 0.426ms
[2026-04-03T02:23:38.207+0600][69.496s][info][gc,marking     ] GC(331) Concurrent Cleanup for Next Mark
[2026-04-03T02:23:38.207+0600][69.497s][info][gc,marking     ] GC(331) Concurrent Cleanup for Next Mark 0.842ms
[2026-04-03T02:23:38.208+0600][69.497s][info][gc             ] GC(331) Concurrent Mark Cycle 156.248ms
[2026-04-03T02:23:38.409+0600][69.699s][info][gc,start       ] GC(332) Pause Young (Prepare Mixed) (G1 Evacuation Pause)
[2026-04-03T02:23:38.409+0600][69.699s][info][gc,task        ] GC(332) Using 10 workers of 10 for evacuation
[2026-04-03T02:23:38.413+0600][69.703s][info][gc,phases      ] GC(332)   Pre Evacuate Collection Set: 0.30ms
[2026-04-03T02:23:38.413+0600][69.703s][info][gc,phases      ] GC(332)   Merge Heap Roots: 0.16ms
[2026-04-03T02:23:38.413+0600][69.703s][info][gc,phases      ] GC(332)   Evacuate Collection Set: 2.69ms
[2026-04-03T02:23:38.413+0600][69.703s][info][gc,phases      ] GC(332)   Post Evacuate Collection Set: 0.69ms
[2026-04-03T02:23:38.413+0600][69.703s][info][gc,phases      ] GC(332)   Other: 0.08ms
[2026-04-03T02:23:38.413+0600][69.703s][info][gc,heap        ] GC(332) Eden regions: 251->0(335)
[2026-04-03T02:23:38.413+0600][69.703s][info][gc,heap        ] GC(332) Survivor regions: 7->6(42)
[2026-04-03T02:23:38.413+0600][69.703s][info][gc,heap        ] GC(332) Old regions: 87->87
[2026-04-03T02:23:38.413+0600][69.703s][info][gc,heap        ] GC(332) Humongous regions: 218->8
[2026-04-03T02:23:38.413+0600][69.703s][info][gc,metaspace   ] GC(332) Metaspace: 131952K(133376K)->131952K(133376K) NonClass: 115333K(116032K)->115333K(116032K) Class: 16619K(17344K)->16619K(17344K)
[2026-04-03T02:23:38.413+0600][69.703s][info][gc             ] GC(332) Pause Young (Prepare Mixed) (G1 Evacuation Pause) 559M->98M(569M) 4.154ms
[2026-04-03T02:23:38.413+0600][69.703s][info][gc,cpu         ] GC(332) User=0.02s Sys=0.01s Real=0.01s
[2026-04-03T02:23:38.938+0600][70.228s][info][gc,start       ] GC(333) Pause Young (Mixed) (G1 Evacuation Pause)
[2026-04-03T02:23:38.938+0600][70.228s][info][gc,task        ] GC(333) Using 10 workers of 10 for evacuation
[2026-04-03T02:23:38.942+0600][70.232s][info][gc,phases      ] GC(333)   Pre Evacuate Collection Set: 0.35ms
[2026-04-03T02:23:38.942+0600][70.232s][info][gc,phases      ] GC(333)   Merge Heap Roots: 0.24ms
[2026-04-03T02:23:38.942+0600][70.232s][info][gc,phases      ] GC(333)   Evacuate Collection Set: 2.87ms
[2026-04-03T02:23:38.942+0600][70.232s][info][gc,phases      ] GC(333)   Post Evacuate Collection Set: 0.88ms
[2026-04-03T02:23:38.943+0600][70.232s][info][gc,phases      ] GC(333)   Other: 0.11ms
[2026-04-03T02:23:38.943+0600][70.232s][info][gc,heap        ] GC(333) Eden regions: 326->0(348)
[2026-04-03T02:23:38.943+0600][70.232s][info][gc,heap        ] GC(333) Survivor regions: 6->6(43)
[2026-04-03T02:23:38.943+0600][70.232s][info][gc,heap        ] GC(333) Old regions: 87->87
[2026-04-03T02:23:38.943+0600][70.232s][info][gc,heap        ] GC(333) Humongous regions: 165->8
[2026-04-03T02:23:38.943+0600][70.232s][info][gc,metaspace   ] GC(333) Metaspace: 131968K(133376K)->131968K(133376K) NonClass: 115349K(116032K)->115349K(116032K) Class: 16619K(17344K)->16619K(17344K)
[2026-04-03T02:23:38.943+0600][70.232s][info][gc             ] GC(333) Pause Young (Mixed) (G1 Evacuation Pause) 581M->97M(591M) 4.751ms
[2026-04-03T02:23:38.943+0600][70.232s][info][gc,cpu         ] GC(333) User=0.02s Sys=0.01s Real=0.01s
[2026-04-03T02:23:38.959+0600][70.249s][info][gc,start       ] GC(334) Pause Young (Concurrent Start) (G1 Humongous Allocation)
[2026-04-03T02:23:38.960+0600][70.249s][info][gc,task        ] GC(334) Using 10 workers of 10 for evacuation
[2026-04-03T02:23:38.963+0600][70.253s][info][gc,phases      ] GC(334)   Pre Evacuate Collection Set: 0.39ms
[2026-04-03T02:23:38.963+0600][70.253s][info][gc,phases      ] GC(334)   Merge Heap Roots: 0.15ms
[2026-04-03T02:23:38.963+0600][70.253s][info][gc,phases      ] GC(334)   Evacuate Collection Set: 2.47ms
[2026-04-03T02:23:38.963+0600][70.253s][info][gc,phases      ] GC(334)   Post Evacuate Collection Set: 0.58ms
[2026-04-03T02:23:38.963+0600][70.253s][info][gc,phases      ] GC(334)   Other: 0.16ms
[2026-04-03T02:23:38.963+0600][70.253s][info][gc,heap        ] GC(334) Eden regions: 17->0(346)
[2026-04-03T02:23:38.963+0600][70.253s][info][gc,heap        ] GC(334) Survivor regions: 6->8(45)
[2026-04-03T02:23:38.964+0600][70.253s][info][gc,heap        ] GC(334) Old regions: 87->87
[2026-04-03T02:23:38.964+0600][70.253s][info][gc,heap        ] GC(334) Humongous regions: 8->8
[2026-04-03T02:23:38.964+0600][70.253s][info][gc,metaspace   ] GC(334) Metaspace: 131968K(133376K)->131968K(133376K) NonClass: 115349K(116032K)->115349K(116032K) Class: 16619K(17344K)->16619K(17344K)
[2026-04-03T02:23:38.964+0600][70.253s][info][gc             ] GC(334) Pause Young (Concurrent Start) (G1 Humongous Allocation) 113M->100M(591M) 4.079ms
[2026-04-03T02:23:38.964+0600][70.253s][info][gc             ] GC(335) Concurrent Mark Cycle
[2026-04-03T02:23:38.964+0600][70.253s][info][gc,marking     ] GC(335) Concurrent Scan Root Regions
[2026-04-03T02:23:38.964+0600][70.253s][info][gc,cpu         ] GC(334) User=0.03s Sys=0.00s Real=0.01s
[2026-04-03T02:23:38.966+0600][70.255s][info][gc,marking     ] GC(335) Concurrent Scan Root Regions 2.033ms
[2026-04-03T02:23:38.966+0600][70.255s][info][gc,marking     ] GC(335) Concurrent Mark
[2026-04-03T02:23:38.966+0600][70.256s][info][gc,marking     ] GC(335) Concurrent Mark From Roots
[2026-04-03T02:23:38.966+0600][70.256s][info][gc,task        ] GC(335) Using 3 workers of 3 for marking
[2026-04-03T02:23:39.070+0600][70.360s][info][gc,marking     ] GC(335) Concurrent Mark From Roots 104.252ms
[2026-04-03T02:23:39.070+0600][70.360s][info][gc,marking     ] GC(335) Concurrent Preclean
[2026-04-03T02:23:39.071+0600][70.360s][info][gc,marking     ] GC(335) Concurrent Preclean 0.519ms
[2026-04-03T02:23:39.071+0600][70.361s][info][gc,start       ] GC(335) Pause Remark
[2026-04-03T02:23:39.081+0600][70.370s][info][gc             ] GC(335) Pause Remark 225M->225M(554M) 9.497ms
[2026-04-03T02:23:39.081+0600][70.371s][info][gc,cpu         ] GC(335) User=0.07s Sys=0.00s Real=0.01s
[2026-04-03T02:23:39.081+0600][70.371s][info][gc,marking     ] GC(335) Concurrent Mark 115.138ms
[2026-04-03T02:23:39.081+0600][70.371s][info][gc,marking     ] GC(335) Concurrent Rebuild Remembered Sets and Scrub Regions
[2026-04-03T02:23:39.117+0600][70.407s][info][gc,marking     ] GC(335) Concurrent Rebuild Remembered Sets and Scrub Regions 36.197ms
[2026-04-03T02:23:39.118+0600][70.407s][info][gc,start       ] GC(335) Pause Cleanup
[2026-04-03T02:23:39.118+0600][70.408s][info][gc             ] GC(335) Pause Cleanup 266M->266M(554M) 0.368ms
[2026-04-03T02:23:39.118+0600][70.408s][info][gc,cpu         ] GC(335) User=0.01s Sys=0.00s Real=0.00s
[2026-04-03T02:23:39.118+0600][70.408s][info][gc,marking     ] GC(335) Concurrent Clear Claimed Marks
[2026-04-03T02:23:39.119+0600][70.408s][info][gc,marking     ] GC(335) Concurrent Clear Claimed Marks 0.462ms
[2026-04-03T02:23:39.119+0600][70.408s][info][gc,marking     ] GC(335) Concurrent Cleanup for Next Mark
[2026-04-03T02:23:39.120+0600][70.410s][info][gc,marking     ] GC(335) Concurrent Cleanup for Next Mark 1.356ms
[2026-04-03T02:23:39.120+0600][70.410s][info][gc             ] GC(335) Concurrent Mark Cycle 156.619ms
[2026-04-03T02:23:39.304+0600][70.594s][info][gc,start       ] GC(336) Pause Young (Prepare Mixed) (G1 Evacuation Pause)
[2026-04-03T02:23:39.304+0600][70.594s][info][gc,task        ] GC(336) Using 10 workers of 10 for evacuation
[2026-04-03T02:23:39.309+0600][70.599s][info][gc,phases      ] GC(336)   Pre Evacuate Collection Set: 0.21ms
[2026-04-03T02:23:39.309+0600][70.599s][info][gc,phases      ] GC(336)   Merge Heap Roots: 0.20ms
[2026-04-03T02:23:39.309+0600][70.599s][info][gc,phases      ] GC(336)   Evacuate Collection Set: 3.39ms
[2026-04-03T02:23:39.309+0600][70.599s][info][gc,phases      ] GC(336)   Post Evacuate Collection Set: 0.71ms
[2026-04-03T02:23:39.309+0600][70.599s][info][gc,phases      ] GC(336)   Other: 0.09ms
[2026-04-03T02:23:39.309+0600][70.599s][info][gc,heap        ] GC(336) Eden regions: 248->0(333)
[2026-04-03T02:23:39.309+0600][70.599s][info][gc,heap        ] GC(336) Survivor regions: 8->7(42)
[2026-04-03T02:23:39.309+0600][70.599s][info][gc,heap        ] GC(336) Old regions: 87->87
[2026-04-03T02:23:39.309+0600][70.599s][info][gc,heap        ] GC(336) Humongous regions: 218->8
[2026-04-03T02:23:39.309+0600][70.599s][info][gc,metaspace   ] GC(336) Metaspace: 131968K(133376K)->131968K(133376K) NonClass: 115349K(116032K)->115349K(116032K) Class: 16619K(17344K)->16619K(17344K)
[2026-04-03T02:23:39.309+0600][70.599s][info][gc             ] GC(336) Pause Young (Prepare Mixed) (G1 Evacuation Pause) 558M->98M(568M) 4.878ms
[2026-04-03T02:23:39.309+0600][70.599s][info][gc,cpu         ] GC(336) User=0.02s Sys=0.01s Real=0.00s
[2026-04-03T02:23:39.639+0600][70.929s][info][gc,start       ] GC(337) Pause Young (Mixed) (G1 Evacuation Pause)
[2026-04-03T02:23:39.639+0600][70.929s][info][gc,task        ] GC(337) Using 10 workers of 10 for evacuation
[2026-04-03T02:23:39.643+0600][70.933s][info][gc,phases      ] GC(337)   Pre Evacuate Collection Set: 0.29ms
[2026-04-03T02:23:39.643+0600][70.933s][info][gc,phases      ] GC(337)   Merge Heap Roots: 0.17ms
[2026-04-03T02:23:39.643+0600][70.933s][info][gc,phases      ] GC(337)   Evacuate Collection Set: 2.39ms
[2026-04-03T02:23:39.643+0600][70.933s][info][gc,phases      ] GC(337)   Post Evacuate Collection Set: 0.75ms
[2026-04-03T02:23:39.643+0600][70.933s][info][gc,phases      ] GC(337)   Other: 0.10ms
[2026-04-03T02:23:39.643+0600][70.933s][info][gc,heap        ] GC(337) Eden regions: 282->0(342)
[2026-04-03T02:23:39.643+0600][70.933s][info][gc,heap        ] GC(337) Survivor regions: 7->7(43)
[2026-04-03T02:23:39.643+0600][70.933s][info][gc,heap        ] GC(337) Old regions: 87->87
[2026-04-03T02:23:39.643+0600][70.933s][info][gc,heap        ] GC(337) Humongous regions: 199->8
[2026-04-03T02:23:39.643+0600][70.933s][info][gc,metaspace   ] GC(337) Metaspace: 131968K(133376K)->131968K(133376K) NonClass: 115349K(116032K)->115349K(116032K) Class: 16619K(17344K)->16619K(17344K)
[2026-04-03T02:23:39.643+0600][70.933s][info][gc             ] GC(337) Pause Young (Mixed) (G1 Evacuation Pause) 571M->98M(583M) 3.917ms
[2026-04-03T02:23:39.643+0600][70.933s][info][gc,cpu         ] GC(337) User=0.02s Sys=0.01s Real=0.01s
[2026-04-03T02:23:39.652+0600][70.942s][info][gc,start       ] GC(338) Pause Young (Concurrent Start) (G1 Humongous Allocation)
[2026-04-03T02:23:39.653+0600][70.942s][info][gc,task        ] GC(338) Using 10 workers of 10 for evacuation
[2026-04-03T02:23:39.655+0600][70.945s][info][gc,phases      ] GC(338)   Pre Evacuate Collection Set: 0.27ms
[2026-04-03T02:23:39.655+0600][70.945s][info][gc,phases      ] GC(338)   Merge Heap Roots: 0.12ms
[2026-04-03T02:23:39.655+0600][70.945s][info][gc,phases      ] GC(338)   Evacuate Collection Set: 1.58ms
[2026-04-03T02:23:39.655+0600][70.945s][info][gc,phases      ] GC(338)   Post Evacuate Collection Set: 0.52ms
[2026-04-03T02:23:39.655+0600][70.945s][info][gc,phases      ] GC(338)   Other: 0.11ms
[2026-04-03T02:23:39.655+0600][70.945s][info][gc,heap        ] GC(338) Eden regions: 4->0(343)
[2026-04-03T02:23:39.655+0600][70.945s][info][gc,heap        ] GC(338) Survivor regions: 7->6(44)
[2026-04-03T02:23:39.655+0600][70.945s][info][gc,heap        ] GC(338) Old regions: 87->87
[2026-04-03T02:23:39.655+0600][70.945s][info][gc,heap        ] GC(338) Humongous regions: 8->8
[2026-04-03T02:23:39.655+0600][70.945s][info][gc,metaspace   ] GC(338) Metaspace: 131968K(133376K)->131968K(133376K) NonClass: 115349K(116032K)->115349K(116032K) Class: 16619K(17344K)->16619K(17344K)
[2026-04-03T02:23:39.655+0600][70.945s][info][gc             ] GC(338) Pause Young (Concurrent Start) (G1 Humongous Allocation) 102M->97M(583M) 2.886ms
[2026-04-03T02:23:39.655+0600][70.945s][info][gc             ] GC(339) Concurrent Mark Cycle
[2026-04-03T02:23:39.655+0600][70.945s][info][gc,marking     ] GC(339) Concurrent Scan Root Regions
[2026-04-03T02:23:39.655+0600][70.945s][info][gc,cpu         ] GC(338) User=0.02s Sys=0.00s Real=0.00s
[2026-04-03T02:23:39.658+0600][70.947s][info][gc,marking     ] GC(339) Concurrent Scan Root Regions 2.051ms
[2026-04-03T02:23:39.658+0600][70.947s][info][gc,marking     ] GC(339) Concurrent Mark
[2026-04-03T02:23:39.658+0600][70.947s][info][gc,marking     ] GC(339) Concurrent Mark From Roots
[2026-04-03T02:23:39.658+0600][70.947s][info][gc,task        ] GC(339) Using 3 workers of 3 for marking
[2026-04-03T02:23:39.740+0600][71.030s][info][gc,marking     ] GC(339) Concurrent Mark From Roots 82.408ms
[2026-04-03T02:23:39.740+0600][71.030s][info][gc,marking     ] GC(339) Concurrent Preclean
[2026-04-03T02:23:39.741+0600][71.030s][info][gc,marking     ] GC(339) Concurrent Preclean 0.639ms
[2026-04-03T02:23:39.741+0600][71.031s][info][gc,start       ] GC(339) Pause Remark
[2026-04-03T02:23:39.750+0600][71.040s][info][gc             ] GC(339) Pause Remark 158M->158M(437M) 9.036ms
[2026-04-03T02:23:39.750+0600][71.040s][info][gc,cpu         ] GC(339) User=0.06s Sys=0.00s Real=0.01s
[2026-04-03T02:23:39.751+0600][71.040s][info][gc,marking     ] GC(339) Concurrent Mark 93.001ms
[2026-04-03T02:23:39.751+0600][71.040s][info][gc,marking     ] GC(339) Concurrent Rebuild Remembered Sets and Scrub Regions
[2026-04-03T02:23:39.785+0600][71.075s][info][gc,marking     ] GC(339) Concurrent Rebuild Remembered Sets and Scrub Regions 34.421ms
[2026-04-03T02:23:39.786+0600][71.075s][info][gc,start       ] GC(339) Pause Cleanup
[2026-04-03T02:23:39.786+0600][71.076s][info][gc             ] GC(339) Pause Cleanup 191M->191M(437M) 0.425ms
[2026-04-03T02:23:39.786+0600][71.076s][info][gc,cpu         ] GC(339) User=0.00s Sys=0.00s Real=0.00s
[2026-04-03T02:23:39.787+0600][71.077s][info][gc,marking     ] GC(339) Concurrent Clear Claimed Marks
[2026-04-03T02:23:39.788+0600][71.077s][info][gc,marking     ] GC(339) Concurrent Clear Claimed Marks 0.418ms
[2026-04-03T02:23:39.788+0600][71.077s][info][gc,marking     ] GC(339) Concurrent Cleanup for Next Mark
[2026-04-03T02:23:39.788+0600][71.078s][info][gc,marking     ] GC(339) Concurrent Cleanup for Next Mark 0.651ms
[2026-04-03T02:23:39.788+0600][71.078s][info][gc             ] GC(339) Concurrent Mark Cycle 132.885ms
[2026-04-03T02:23:39.947+0600][71.237s][info][gc,start       ] GC(340) Pause Young (Prepare Mixed) (G1 Evacuation Pause)
[2026-04-03T02:23:39.947+0600][71.237s][info][gc,task        ] GC(340) Using 10 workers of 10 for evacuation
[2026-04-03T02:23:39.955+0600][71.244s][info][gc,phases      ] GC(340)   Pre Evacuate Collection Set: 0.53ms
[2026-04-03T02:23:39.955+0600][71.245s][info][gc,phases      ] GC(340)   Merge Heap Roots: 0.23ms
[2026-04-03T02:23:39.955+0600][71.245s][info][gc,phases      ] GC(340)   Evacuate Collection Set: 5.85ms
[2026-04-03T02:23:39.955+0600][71.245s][info][gc,phases      ] GC(340)   Post Evacuate Collection Set: 0.79ms
[2026-04-03T02:23:39.955+0600][71.245s][info][gc,phases      ] GC(340)   Other: 0.14ms
[2026-04-03T02:23:39.955+0600][71.245s][info][gc,heap        ] GC(340) Eden regions: 255->0(258)
[2026-04-03T02:23:39.955+0600][71.245s][info][gc,heap        ] GC(340) Survivor regions: 6->9(33)
[2026-04-03T02:23:39.955+0600][71.245s][info][gc,heap        ] GC(340) Old regions: 87->87
[2026-04-03T02:23:39.955+0600][71.245s][info][gc,heap        ] GC(340) Humongous regions: 89->8
[2026-04-03T02:23:39.955+0600][71.245s][info][gc,metaspace   ] GC(340) Metaspace: 131974K(133376K)->131974K(133376K) NonClass: 115354K(116032K)->115354K(116032K) Class: 16620K(17344K)->16620K(17344K)
[2026-04-03T02:23:39.955+0600][71.245s][info][gc             ] GC(340) Pause Young (Prepare Mixed) (G1 Evacuation Pause) 433M->101M(446M) 7.892ms
[2026-04-03T02:23:39.955+0600][71.245s][info][gc,cpu         ] GC(340) User=0.05s Sys=0.01s Real=0.01s
[2026-04-03T02:23:40.094+0600][71.384s][info][gc,start       ] GC(341) Pause Young (Mixed) (G1 Evacuation Pause)
[2026-04-03T02:23:40.094+0600][71.384s][info][gc,task        ] GC(341) Using 10 workers of 10 for evacuation
[2026-04-03T02:23:40.099+0600][71.389s][info][gc,phases      ] GC(341)   Pre Evacuate Collection Set: 0.26ms
[2026-04-03T02:23:40.099+0600][71.389s][info][gc,phases      ] GC(341)   Merge Heap Roots: 0.14ms
[2026-04-03T02:23:40.099+0600][71.389s][info][gc,phases      ] GC(341)   Evacuate Collection Set: 3.42ms
[2026-04-03T02:23:40.099+0600][71.389s][info][gc,phases      ] GC(341)   Post Evacuate Collection Set: 0.66ms
[2026-04-03T02:23:40.099+0600][71.389s][info][gc,phases      ] GC(341)   Other: 0.08ms
[2026-04-03T02:23:40.099+0600][71.389s][info][gc,heap        ] GC(341) Eden regions: 89->0(302)
[2026-04-03T02:23:40.099+0600][71.389s][info][gc,heap        ] GC(341) Survivor regions: 9->8(36)
[2026-04-03T02:23:40.099+0600][71.389s][info][gc,heap        ] GC(341) Old regions: 87->87
[2026-04-03T02:23:40.099+0600][71.389s][info][gc,heap        ] GC(341) Humongous regions: 323->13
[2026-04-03T02:23:40.099+0600][71.389s][info][gc,metaspace   ] GC(341) Metaspace: 131976K(133376K)->131976K(133376K) NonClass: 115355K(116032K)->115355K(116032K) Class: 16620K(17344K)->16620K(17344K)
[2026-04-03T02:23:40.099+0600][71.389s][info][gc             ] GC(341) Pause Young (Mixed) (G1 Evacuation Pause) 505M->105M(517M) 4.796ms
[2026-04-03T02:23:40.099+0600][71.389s][info][gc,cpu         ] GC(341) User=0.01s Sys=0.01s Real=0.00s
[2026-04-03T02:23:40.100+0600][71.389s][info][gc,start       ] GC(342) Pause Young (Concurrent Start) (G1 Humongous Allocation)
[2026-04-03T02:23:40.100+0600][71.389s][info][gc,task        ] GC(342) Using 10 workers of 10 for evacuation
[2026-04-03T02:23:40.102+0600][71.392s][info][gc,phases      ] GC(342)   Pre Evacuate Collection Set: 0.21ms
[2026-04-03T02:23:40.102+0600][71.392s][info][gc,phases      ] GC(342)   Merge Heap Roots: 0.07ms
[2026-04-03T02:23:40.102+0600][71.392s][info][gc,phases      ] GC(342)   Evacuate Collection Set: 1.68ms
[2026-04-03T02:23:40.102+0600][71.392s][info][gc,phases      ] GC(342)   Post Evacuate Collection Set: 0.43ms
[2026-04-03T02:23:40.102+0600][71.392s][info][gc,phases      ] GC(342)   Other: 0.09ms
[2026-04-03T02:23:40.102+0600][71.392s][info][gc,heap        ] GC(342) Eden regions: 1->0(302)
[2026-04-03T02:23:40.102+0600][71.392s][info][gc,heap        ] GC(342) Survivor regions: 8->8(39)
[2026-04-03T02:23:40.102+0600][71.392s][info][gc,heap        ] GC(342) Old regions: 87->87
[2026-04-03T02:23:40.102+0600][71.392s][info][gc,heap        ] GC(342) Humongous regions: 13->8
[2026-04-03T02:23:40.102+0600][71.392s][info][gc,metaspace   ] GC(342) Metaspace: 131976K(133376K)->131976K(133376K) NonClass: 115355K(116032K)->115355K(116032K) Class: 16620K(17344K)->16620K(17344K)
[2026-04-03T02:23:40.102+0600][71.392s][info][gc             ] GC(342) Pause Young (Concurrent Start) (G1 Humongous Allocation) 106M->100M(517M) 2.705ms
[2026-04-03T02:23:40.102+0600][71.392s][info][gc             ] GC(343) Concurrent Mark Cycle
[2026-04-03T02:23:40.102+0600][71.392s][info][gc,marking     ] GC(343) Concurrent Scan Root Regions
[2026-04-03T02:23:40.102+0600][71.392s][info][gc,cpu         ] GC(342) User=0.02s Sys=0.00s Real=0.01s
[2026-04-03T02:23:40.105+0600][71.395s][info][gc,marking     ] GC(343) Concurrent Scan Root Regions 2.854ms
[2026-04-03T02:23:40.105+0600][71.395s][info][gc,marking     ] GC(343) Concurrent Mark
[2026-04-03T02:23:40.105+0600][71.395s][info][gc,marking     ] GC(343) Concurrent Mark From Roots
[2026-04-03T02:23:40.105+0600][71.395s][info][gc,task        ] GC(343) Using 3 workers of 3 for marking
[2026-04-03T02:23:40.205+0600][71.495s][info][gc,marking     ] GC(343) Concurrent Mark From Roots 99.975ms
[2026-04-03T02:23:40.205+0600][71.495s][info][gc,marking     ] GC(343) Concurrent Preclean
[2026-04-03T02:23:40.206+0600][71.496s][info][gc,marking     ] GC(343) Concurrent Preclean 0.545ms
[2026-04-03T02:23:40.210+0600][71.499s][info][gc,start       ] GC(343) Pause Remark
[2026-04-03T02:23:40.221+0600][71.510s][info][gc             ] GC(343) Pause Remark 524M->524M(779M) 10.855ms
[2026-04-03T02:23:40.221+0600][71.510s][info][gc,cpu         ] GC(343) User=0.06s Sys=0.00s Real=0.02s
[2026-04-03T02:23:40.221+0600][71.511s][info][gc,marking     ] GC(343) Concurrent Mark 115.523ms
[2026-04-03T02:23:40.221+0600][71.511s][info][gc,marking     ] GC(343) Concurrent Rebuild Remembered Sets and Scrub Regions
[2026-04-03T02:23:40.248+0600][71.538s][info][gc,marking     ] GC(343) Concurrent Rebuild Remembered Sets and Scrub Regions 27.103ms
[2026-04-03T02:23:40.248+0600][71.538s][info][gc,start       ] GC(343) Pause Cleanup
[2026-04-03T02:23:40.249+0600][71.538s][info][gc             ] GC(343) Pause Cleanup 579M->579M(779M) 0.393ms
[2026-04-03T02:23:40.249+0600][71.539s][info][gc,cpu         ] GC(343) User=0.00s Sys=0.00s Real=0.00s
[2026-04-03T02:23:40.249+0600][71.539s][info][gc,marking     ] GC(343) Concurrent Clear Claimed Marks
[2026-04-03T02:23:40.249+0600][71.539s][info][gc,marking     ] GC(343) Concurrent Clear Claimed Marks 0.336ms
[2026-04-03T02:23:40.249+0600][71.539s][info][gc,marking     ] GC(343) Concurrent Cleanup for Next Mark
[2026-04-03T02:23:40.252+0600][71.541s][info][gc,marking     ] GC(343) Concurrent Cleanup for Next Mark 2.380ms
[2026-04-03T02:23:40.252+0600][71.541s][info][gc             ] GC(343) Concurrent Mark Cycle 149.427ms
[2026-04-03T02:23:40.457+0600][71.746s][info][gc,start       ] GC(344) Pause Young (Prepare Mixed) (G1 Evacuation Pause)
[2026-04-03T02:23:40.457+0600][71.746s][info][gc,task        ] GC(344) Using 10 workers of 10 for evacuation
[2026-04-03T02:23:40.460+0600][71.750s][info][gc,phases      ] GC(344)   Pre Evacuate Collection Set: 0.53ms
[2026-04-03T02:23:40.460+0600][71.750s][info][gc,phases      ] GC(344)   Merge Heap Roots: 0.24ms
[2026-04-03T02:23:40.460+0600][71.750s][info][gc,phases      ] GC(344)   Evacuate Collection Set: 1.91ms
[2026-04-03T02:23:40.460+0600][71.750s][info][gc,phases      ] GC(344)   Post Evacuate Collection Set: 0.93ms
[2026-04-03T02:23:40.460+0600][71.750s][info][gc,phases      ] GC(344)   Other: 0.09ms
[2026-04-03T02:23:40.460+0600][71.750s][info][gc,heap        ] GC(344) Eden regions: 167->0(465)
[2026-04-03T02:23:40.460+0600][71.750s][info][gc,heap        ] GC(344) Survivor regions: 8->5(44)
[2026-04-03T02:23:40.460+0600][71.750s][info][gc,heap        ] GC(344) Old regions: 87->87
[2026-04-03T02:23:40.460+0600][71.750s][info][gc,heap        ] GC(344) Humongous regions: 517->8
[2026-04-03T02:23:40.460+0600][71.750s][info][gc,metaspace   ] GC(344) Metaspace: 131985K(133440K)->131985K(133440K) NonClass: 115364K(116096K)->115364K(116096K) Class: 16620K(17344K)->16620K(17344K)
[2026-04-03T02:23:40.460+0600][71.750s][info][gc             ] GC(344) Pause Young (Prepare Mixed) (G1 Evacuation Pause) 776M->96M(784M) 3.964ms
[2026-04-03T02:23:40.461+0600][71.750s][info][gc,cpu         ] GC(344) User=0.02s Sys=0.01s Real=0.01s
[2026-04-03T02:23:41.087+0600][72.377s][info][gc,start       ] GC(345) Pause Young (Mixed) (GCLocker Initiated GC)
[2026-04-03T02:23:41.088+0600][72.377s][info][gc,task        ] GC(345) Using 10 workers of 10 for evacuation
[2026-04-03T02:23:41.094+0600][72.384s][info][gc,phases      ] GC(345)   Pre Evacuate Collection Set: 0.50ms
[2026-04-03T02:23:41.094+0600][72.384s][info][gc,phases      ] GC(345)   Merge Heap Roots: 0.34ms
[2026-04-03T02:23:41.094+0600][72.384s][info][gc,phases      ] GC(345)   Evacuate Collection Set: 4.39ms
[2026-04-03T02:23:41.094+0600][72.384s][info][gc,phases      ] GC(345)   Post Evacuate Collection Set: 0.92ms
[2026-04-03T02:23:41.094+0600][72.384s][info][gc,phases      ] GC(345)   Other: 0.15ms
[2026-04-03T02:23:41.094+0600][72.384s][info][gc,heap        ] GC(345) Eden regions: 448->0(469)
[2026-04-03T02:23:41.094+0600][72.384s][info][gc,heap        ] GC(345) Survivor regions: 5->8(59)
[2026-04-03T02:23:41.094+0600][72.384s][info][gc,heap        ] GC(345) Old regions: 87->86
[2026-04-03T02:23:41.094+0600][72.384s][info][gc,heap        ] GC(345) Humongous regions: 248->8
[2026-04-03T02:23:41.094+0600][72.384s][info][gc,metaspace   ] GC(345) Metaspace: 131985K(133440K)->131985K(133440K) NonClass: 115364K(116096K)->115364K(116096K) Class: 16620K(17344K)->16620K(17344K)
[2026-04-03T02:23:41.094+0600][72.384s][info][gc             ] GC(345) Pause Young (Mixed) (GCLocker Initiated GC) 784M->100M(796M) 6.649ms
[2026-04-03T02:23:41.094+0600][72.384s][info][gc,cpu         ] GC(345) User=0.03s Sys=0.02s Real=0.01s
[2026-04-03T02:23:41.097+0600][72.386s][info][gc,start       ] GC(346) Pause Young (Concurrent Start) (G1 Humongous Allocation)
[2026-04-03T02:23:41.097+0600][72.386s][info][gc,task        ] GC(346) Using 10 workers of 10 for evacuation
[2026-04-03T02:23:41.101+0600][72.390s][info][gc,phases      ] GC(346)   Pre Evacuate Collection Set: 0.41ms
[2026-04-03T02:23:41.101+0600][72.390s][info][gc,phases      ] GC(346)   Merge Heap Roots: 0.12ms
[2026-04-03T02:23:41.101+0600][72.390s][info][gc,phases      ] GC(346)   Evacuate Collection Set: 2.80ms
[2026-04-03T02:23:41.101+0600][72.390s][info][gc,phases      ] GC(346)   Post Evacuate Collection Set: 0.58ms
[2026-04-03T02:23:41.101+0600][72.390s][info][gc,phases      ] GC(346)   Other: 0.11ms
[2026-04-03T02:23:41.101+0600][72.390s][info][gc,heap        ] GC(346) Eden regions: 5->0(469)
[2026-04-03T02:23:41.101+0600][72.390s][info][gc,heap        ] GC(346) Survivor regions: 8->8(60)
[2026-04-03T02:23:41.101+0600][72.390s][info][gc,heap        ] GC(346) Old regions: 86->86
[2026-04-03T02:23:41.101+0600][72.390s][info][gc,heap        ] GC(346) Humongous regions: 8->8
[2026-04-03T02:23:41.101+0600][72.391s][info][gc,metaspace   ] GC(346) Metaspace: 131985K(133440K)->131985K(133440K) NonClass: 115364K(116096K)->115364K(116096K) Class: 16620K(17344K)->16620K(17344K)
[2026-04-03T02:23:41.101+0600][72.391s][info][gc             ] GC(346) Pause Young (Concurrent Start) (G1 Humongous Allocation) 104M->99M(796M) 4.321ms
[2026-04-03T02:23:41.101+0600][72.391s][info][gc             ] GC(347) Concurrent Mark Cycle
[2026-04-03T02:23:41.101+0600][72.391s][info][gc,cpu         ] GC(346) User=0.03s Sys=0.01s Real=0.01s
[2026-04-03T02:23:41.101+0600][72.391s][info][gc,marking     ] GC(347) Concurrent Scan Root Regions
[2026-04-03T02:23:41.104+0600][72.394s][info][gc,marking     ] GC(347) Concurrent Scan Root Regions 3.023ms
[2026-04-03T02:23:41.104+0600][72.394s][info][gc,marking     ] GC(347) Concurrent Mark
[2026-04-03T02:23:41.104+0600][72.394s][info][gc,marking     ] GC(347) Concurrent Mark From Roots
[2026-04-03T02:23:41.104+0600][72.394s][info][gc,task        ] GC(347) Using 3 workers of 3 for marking
[2026-04-03T02:23:41.218+0600][72.507s][info][gc,marking     ] GC(347) Concurrent Mark From Roots 113.306ms
[2026-04-03T02:23:41.218+0600][72.507s][info][gc,marking     ] GC(347) Concurrent Preclean
[2026-04-03T02:23:41.218+0600][72.508s][info][gc,marking     ] GC(347) Concurrent Preclean 0.418ms
[2026-04-03T02:23:41.218+0600][72.508s][info][gc,start       ] GC(347) Pause Remark
[2026-04-03T02:23:41.227+0600][72.517s][info][gc             ] GC(347) Pause Remark 231M->231M(537M) 9.123ms
[2026-04-03T02:23:41.228+0600][72.517s][info][gc,cpu         ] GC(347) User=0.07s Sys=0.01s Real=0.01s
[2026-04-03T02:23:41.228+0600][72.518s][info][gc,marking     ] GC(347) Concurrent Mark 123.693ms
[2026-04-03T02:23:41.228+0600][72.518s][info][gc,marking     ] GC(347) Concurrent Rebuild Remembered Sets and Scrub Regions
[2026-04-03T02:23:41.260+0600][72.550s][info][gc,marking     ] GC(347) Concurrent Rebuild Remembered Sets and Scrub Regions 32.072ms
[2026-04-03T02:23:41.260+0600][72.550s][info][gc,start       ] GC(347) Pause Cleanup
[2026-04-03T02:23:41.261+0600][72.551s][info][gc             ] GC(347) Pause Cleanup 271M->271M(537M) 0.374ms
[2026-04-03T02:23:41.261+0600][72.551s][info][gc,cpu         ] GC(347) User=0.00s Sys=0.00s Real=0.00s
[2026-04-03T02:23:41.261+0600][72.551s][info][gc,marking     ] GC(347) Concurrent Clear Claimed Marks
[2026-04-03T02:23:41.262+0600][72.551s][info][gc,marking     ] GC(347) Concurrent Clear Claimed Marks 0.439ms
[2026-04-03T02:23:41.262+0600][72.551s][info][gc,marking     ] GC(347) Concurrent Cleanup for Next Mark
[2026-04-03T02:23:41.263+0600][72.553s][info][gc,marking     ] GC(347) Concurrent Cleanup for Next Mark 1.260ms
[2026-04-03T02:23:41.263+0600][72.553s][info][gc             ] GC(347) Concurrent Mark Cycle 162.112ms
[2026-04-03T02:23:41.473+0600][72.763s][info][gc,start       ] GC(348) Pause Young (Prepare Mixed) (G1 Evacuation Pause)
[2026-04-03T02:23:41.473+0600][72.763s][info][gc,task        ] GC(348) Using 10 workers of 10 for evacuation
[2026-04-03T02:23:41.477+0600][72.767s][info][gc,phases      ] GC(348)   Pre Evacuate Collection Set: 0.36ms
[2026-04-03T02:23:41.477+0600][72.767s][info][gc,phases      ] GC(348)   Merge Heap Roots: 0.20ms
[2026-04-03T02:23:41.477+0600][72.767s][info][gc,phases      ] GC(348)   Evacuate Collection Set: 2.50ms
[2026-04-03T02:23:41.477+0600][72.767s][info][gc,phases      ] GC(348)   Post Evacuate Collection Set: 0.74ms
[2026-04-03T02:23:41.477+0600][72.767s][info][gc,phases      ] GC(348)   Other: 0.09ms
[2026-04-03T02:23:41.477+0600][72.767s][info][gc,heap        ] GC(348) Eden regions: 248->0(331)
[2026-04-03T02:23:41.477+0600][72.767s][info][gc,heap        ] GC(348) Survivor regions: 8->7(42)
[2026-04-03T02:23:41.477+0600][72.767s][info][gc,heap        ] GC(348) Old regions: 86->87
[2026-04-03T02:23:41.477+0600][72.767s][info][gc,heap        ] GC(348) Humongous regions: 214->8
[2026-04-03T02:23:41.477+0600][72.767s][info][gc,metaspace   ] GC(348) Metaspace: 131987K(133440K)->131987K(133440K) NonClass: 115366K(116096K)->115366K(116096K) Class: 16620K(17344K)->16620K(17344K)
[2026-04-03T02:23:41.478+0600][72.767s][info][gc             ] GC(348) Pause Young (Prepare Mixed) (G1 Evacuation Pause) 553M->98M(564M) 4.118ms
[2026-04-03T02:23:41.478+0600][72.767s][info][gc,cpu         ] GC(348) User=0.02s Sys=0.00s Real=0.00s
[2026-04-03T02:23:41.974+0600][73.264s][info][gc,start       ] GC(349) Pause Young (Mixed) (G1 Evacuation Pause)
[2026-04-03T02:23:41.974+0600][73.264s][info][gc,task        ] GC(349) Using 10 workers of 10 for evacuation
[2026-04-03T02:23:41.979+0600][73.269s][info][gc,phases      ] GC(349)   Pre Evacuate Collection Set: 0.71ms
[2026-04-03T02:23:41.979+0600][73.269s][info][gc,phases      ] GC(349)   Merge Heap Roots: 0.33ms
[2026-04-03T02:23:41.979+0600][73.269s][info][gc,phases      ] GC(349)   Evacuate Collection Set: 3.20ms
[2026-04-03T02:23:41.979+0600][73.269s][info][gc,phases      ] GC(349)   Post Evacuate Collection Set: 0.73ms
[2026-04-03T02:23:41.979+0600][73.269s][info][gc,phases      ] GC(349)   Other: 0.12ms
[2026-04-03T02:23:41.979+0600][73.269s][info][gc,heap        ] GC(349) Eden regions: 320->0(342)
[2026-04-03T02:23:41.979+0600][73.269s][info][gc,heap        ] GC(349) Survivor regions: 7->6(43)
[2026-04-03T02:23:41.979+0600][73.269s][info][gc,heap        ] GC(349) Old regions: 87->86
[2026-04-03T02:23:41.979+0600][73.269s][info][gc,heap        ] GC(349) Humongous regions: 160->8
[2026-04-03T02:23:41.979+0600][73.269s][info][gc,metaspace   ] GC(349) Metaspace: 131996K(133440K)->131996K(133440K) NonClass: 115373K(116096K)->115373K(116096K) Class: 16622K(17344K)->16622K(17344K)
[2026-04-03T02:23:41.979+0600][73.269s][info][gc             ] GC(349) Pause Young (Mixed) (G1 Evacuation Pause) 570M->97M(580M) 5.382ms
[2026-04-03T02:23:41.979+0600][73.269s][info][gc,cpu         ] GC(349) User=0.03s Sys=0.01s Real=0.00s
[2026-04-03T02:23:41.984+0600][73.274s][info][gc,start       ] GC(350) Pause Young (Concurrent Start) (G1 Humongous Allocation)
[2026-04-03T02:23:41.985+0600][73.274s][info][gc,task        ] GC(350) Using 10 workers of 10 for evacuation
[2026-04-03T02:23:41.988+0600][73.278s][info][gc,phases      ] GC(350)   Pre Evacuate Collection Set: 0.37ms
[2026-04-03T02:23:41.988+0600][73.278s][info][gc,phases      ] GC(350)   Merge Heap Roots: 0.12ms
[2026-04-03T02:23:41.988+0600][73.278s][info][gc,phases      ] GC(350)   Evacuate Collection Set: 2.31ms
[2026-04-03T02:23:41.988+0600][73.278s][info][gc,phases      ] GC(350)   Post Evacuate Collection Set: 0.79ms
[2026-04-03T02:23:41.988+0600][73.278s][info][gc,phases      ] GC(350)   Other: 0.16ms
[2026-04-03T02:23:41.988+0600][73.278s][info][gc,heap        ] GC(350) Eden regions: 2->0(343)
[2026-04-03T02:23:41.988+0600][73.278s][info][gc,heap        ] GC(350) Survivor regions: 6->5(44)
[2026-04-03T02:23:41.988+0600][73.278s][info][gc,heap        ] GC(350) Old regions: 86->86
[2026-04-03T02:23:41.988+0600][73.278s][info][gc,heap        ] GC(350) Humongous regions: 8->8
[2026-04-03T02:23:41.988+0600][73.278s][info][gc,metaspace   ] GC(350) Metaspace: 131996K(133440K)->131996K(133440K) NonClass: 115373K(116096K)->115373K(116096K) Class: 16622K(17344K)->16622K(17344K)
[2026-04-03T02:23:41.989+0600][73.278s][info][gc             ] GC(350) Pause Young (Concurrent Start) (G1 Humongous Allocation) 99M->97M(580M) 4.067ms
[2026-04-03T02:23:41.989+0600][73.278s][info][gc,cpu         ] GC(350) User=0.02s Sys=0.00s Real=0.00s
[2026-04-03T02:23:41.989+0600][73.278s][info][gc             ] GC(351) Concurrent Mark Cycle
[2026-04-03T02:23:41.989+0600][73.278s][info][gc,marking     ] GC(351) Concurrent Scan Root Regions
[2026-04-03T02:23:41.991+0600][73.281s][info][gc,marking     ] GC(351) Concurrent Scan Root Regions 2.520ms
[2026-04-03T02:23:41.991+0600][73.281s][info][gc,marking     ] GC(351) Concurrent Mark
[2026-04-03T02:23:41.991+0600][73.281s][info][gc,marking     ] GC(351) Concurrent Mark From Roots
[2026-04-03T02:23:41.991+0600][73.281s][info][gc,task        ] GC(351) Using 3 workers of 3 for marking
[2026-04-03T02:23:42.097+0600][73.386s][info][gc,marking     ] GC(351) Concurrent Mark From Roots 105.258ms
[2026-04-03T02:23:42.097+0600][73.386s][info][gc,marking     ] GC(351) Concurrent Preclean
[2026-04-03T02:23:42.097+0600][73.387s][info][gc,marking     ] GC(351) Concurrent Preclean 0.610ms
[2026-04-03T02:23:42.098+0600][73.388s][info][gc,start       ] GC(351) Pause Remark
[2026-04-03T02:23:42.108+0600][73.397s][info][gc             ] GC(351) Pause Remark 211M->211M(487M) 9.574ms
[2026-04-03T02:23:42.108+0600][73.397s][info][gc,cpu         ] GC(351) User=0.07s Sys=0.00s Real=0.01s
[2026-04-03T02:23:42.108+0600][73.398s][info][gc,marking     ] GC(351) Concurrent Mark 116.809ms
[2026-04-03T02:23:42.108+0600][73.398s][info][gc,marking     ] GC(351) Concurrent Rebuild Remembered Sets and Scrub Regions
[2026-04-03T02:23:42.146+0600][73.435s][info][gc,marking     ] GC(351) Concurrent Rebuild Remembered Sets and Scrub Regions 37.536ms
[2026-04-03T02:23:42.146+0600][73.436s][info][gc,start       ] GC(351) Pause Cleanup
[2026-04-03T02:23:42.147+0600][73.436s][info][gc             ] GC(351) Pause Cleanup 254M->254M(487M) 0.323ms
[2026-04-03T02:23:42.147+0600][73.436s][info][gc,cpu         ] GC(351) User=0.00s Sys=0.00s Real=0.00s
[2026-04-03T02:23:42.147+0600][73.437s][info][gc,marking     ] GC(351) Concurrent Clear Claimed Marks
[2026-04-03T02:23:42.147+0600][73.437s][info][gc,marking     ] GC(351) Concurrent Clear Claimed Marks 0.433ms
[2026-04-03T02:23:42.147+0600][73.437s][info][gc,marking     ] GC(351) Concurrent Cleanup for Next Mark
[2026-04-03T02:23:42.149+0600][73.439s][info][gc,marking     ] GC(351) Concurrent Cleanup for Next Mark 1.761ms
[2026-04-03T02:23:42.149+0600][73.439s][info][gc             ] GC(351) Concurrent Mark Cycle 160.526ms
[2026-04-03T02:23:42.324+0600][73.614s][info][gc,start       ] GC(352) Pause Young (Prepare Mixed) (G1 Evacuation Pause)
[2026-04-03T02:23:42.324+0600][73.614s][info][gc,task        ] GC(352) Using 10 workers of 10 for evacuation
[2026-04-03T02:23:42.330+0600][73.619s][info][gc,phases      ] GC(352)   Pre Evacuate Collection Set: 0.33ms
[2026-04-03T02:23:42.330+0600][73.620s][info][gc,phases      ] GC(352)   Merge Heap Roots: 0.28ms
[2026-04-03T02:23:42.330+0600][73.620s][info][gc,phases      ] GC(352)   Evacuate Collection Set: 4.02ms
[2026-04-03T02:23:42.330+0600][73.620s][info][gc,phases      ] GC(352)   Post Evacuate Collection Set: 0.71ms
[2026-04-03T02:23:42.330+0600][73.620s][info][gc,phases      ] GC(352)   Other: 0.12ms
[2026-04-03T02:23:42.330+0600][73.620s][info][gc,heap        ] GC(352) Eden regions: 220->0(293)
[2026-04-03T02:23:42.330+0600][73.620s][info][gc,heap        ] GC(352) Survivor regions: 5->7(37)
[2026-04-03T02:23:42.330+0600][73.620s][info][gc,heap        ] GC(352) Old regions: 86->87
[2026-04-03T02:23:42.330+0600][73.620s][info][gc,heap        ] GC(352) Humongous regions: 181->8
[2026-04-03T02:23:42.330+0600][73.620s][info][gc,metaspace   ] GC(352) Metaspace: 131997K(133440K)->131997K(133440K) NonClass: 115375K(116096K)->115375K(116096K) Class: 16622K(17344K)->16622K(17344K)
[2026-04-03T02:23:42.330+0600][73.620s][info][gc             ] GC(352) Pause Young (Prepare Mixed) (G1 Evacuation Pause) 490M->99M(500M) 5.825ms
[2026-04-03T02:23:42.330+0600][73.620s][info][gc,cpu         ] GC(352) User=0.03s Sys=0.01s Real=0.01s
[2026-04-03T02:23:42.656+0600][73.945s][info][gc,start       ] GC(353) Pause Young (Mixed) (G1 Evacuation Pause)
[2026-04-03T02:23:42.656+0600][73.946s][info][gc,task        ] GC(353) Using 10 workers of 10 for evacuation
[2026-04-03T02:23:42.660+0600][73.950s][info][gc,phases      ] GC(353)   Pre Evacuate Collection Set: 0.40ms
[2026-04-03T02:23:42.660+0600][73.950s][info][gc,phases      ] GC(353)   Merge Heap Roots: 0.20ms
[2026-04-03T02:23:42.660+0600][73.950s][info][gc,phases      ] GC(353)   Evacuate Collection Set: 2.96ms
[2026-04-03T02:23:42.660+0600][73.950s][info][gc,phases      ] GC(353)   Post Evacuate Collection Set: 0.62ms
[2026-04-03T02:23:42.660+0600][73.950s][info][gc,phases      ] GC(353)   Other: 0.09ms
[2026-04-03T02:23:42.660+0600][73.950s][info][gc,heap        ] GC(353) Eden regions: 242->0(302)
[2026-04-03T02:23:42.660+0600][73.950s][info][gc,heap        ] GC(353) Survivor regions: 7->7(38)
[2026-04-03T02:23:42.660+0600][73.950s][info][gc,heap        ] GC(353) Old regions: 87->86
[2026-04-03T02:23:42.660+0600][73.950s][info][gc,heap        ] GC(353) Humongous regions: 173->8
[2026-04-03T02:23:42.660+0600][73.950s][info][gc,metaspace   ] GC(353) Metaspace: 132031K(133440K)->132031K(133440K) NonClass: 115407K(116096K)->115407K(116096K) Class: 16623K(17344K)->16623K(17344K)
[2026-04-03T02:23:42.660+0600][73.950s][info][gc             ] GC(353) Pause Young (Mixed) (G1 Evacuation Pause) 506M->99M(516M) 4.512ms
[2026-04-03T02:23:42.660+0600][73.950s][info][gc,cpu         ] GC(353) User=0.02s Sys=0.01s Real=0.01s
[2026-04-03T02:23:42.684+0600][73.974s][info][gc,start       ] GC(354) Pause Young (Concurrent Start) (G1 Humongous Allocation)
[2026-04-03T02:23:42.684+0600][73.974s][info][gc,task        ] GC(354) Using 10 workers of 10 for evacuation
[2026-04-03T02:23:42.687+0600][73.976s][info][gc,phases      ] GC(354)   Pre Evacuate Collection Set: 0.24ms
[2026-04-03T02:23:42.687+0600][73.976s][info][gc,phases      ] GC(354)   Merge Heap Roots: 0.09ms
[2026-04-03T02:23:42.687+0600][73.976s][info][gc,phases      ] GC(354)   Evacuate Collection Set: 1.49ms
[2026-04-03T02:23:42.687+0600][73.976s][info][gc,phases      ] GC(354)   Post Evacuate Collection Set: 0.52ms
[2026-04-03T02:23:42.687+0600][73.976s][info][gc,phases      ] GC(354)   Other: 0.19ms
[2026-04-03T02:23:42.687+0600][73.976s][info][gc,heap        ] GC(354) Eden regions: 11->0(303)
[2026-04-03T02:23:42.687+0600][73.976s][info][gc,heap        ] GC(354) Survivor regions: 7->6(39)
[2026-04-03T02:23:42.687+0600][73.976s][info][gc,heap        ] GC(354) Old regions: 86->86
[2026-04-03T02:23:42.687+0600][73.976s][info][gc,heap        ] GC(354) Humongous regions: 8->8
[2026-04-03T02:23:42.687+0600][73.976s][info][gc,metaspace   ] GC(354) Metaspace: 132031K(133440K)->132031K(133440K) NonClass: 115407K(116096K)->115407K(116096K) Class: 16623K(17344K)->16623K(17344K)
[2026-04-03T02:23:42.687+0600][73.976s][info][gc             ] GC(354) Pause Young (Concurrent Start) (G1 Humongous Allocation) 109M->98M(516M) 2.781ms
[2026-04-03T02:23:42.687+0600][73.976s][info][gc,cpu         ] GC(354) User=0.01s Sys=0.00s Real=0.00s
[2026-04-03T02:23:42.687+0600][73.977s][info][gc             ] GC(355) Concurrent Mark Cycle
[2026-04-03T02:23:42.687+0600][73.977s][info][gc,marking     ] GC(355) Concurrent Scan Root Regions
[2026-04-03T02:23:42.689+0600][73.979s][info][gc,marking     ] GC(355) Concurrent Scan Root Regions 2.192ms
[2026-04-03T02:23:42.689+0600][73.979s][info][gc,marking     ] GC(355) Concurrent Mark
[2026-04-03T02:23:42.689+0600][73.979s][info][gc,marking     ] GC(355) Concurrent Mark From Roots
[2026-04-03T02:23:42.689+0600][73.979s][info][gc,task        ] GC(355) Using 3 workers of 3 for marking
[2026-04-03T02:23:42.787+0600][74.077s][info][gc,marking     ] GC(355) Concurrent Mark From Roots 98.175ms
[2026-04-03T02:23:42.787+0600][74.077s][info][gc,marking     ] GC(355) Concurrent Preclean
[2026-04-03T02:23:42.788+0600][74.078s][info][gc,marking     ] GC(355) Concurrent Preclean 0.447ms
[2026-04-03T02:23:42.788+0600][74.078s][info][gc,start       ] GC(355) Pause Remark
[2026-04-03T02:23:42.796+0600][74.086s][info][gc             ] GC(355) Pause Remark 210M->210M(480M) 7.858ms
[2026-04-03T02:23:42.796+0600][74.086s][info][gc,cpu         ] GC(355) User=0.06s Sys=0.00s Real=0.01s
[2026-04-03T02:23:42.796+0600][74.086s][info][gc,marking     ] GC(355) Concurrent Mark 107.286ms
[2026-04-03T02:23:42.796+0600][74.086s][info][gc,marking     ] GC(355) Concurrent Rebuild Remembered Sets and Scrub Regions
[2026-04-03T02:23:42.835+0600][74.124s][info][gc,marking     ] GC(355) Concurrent Rebuild Remembered Sets and Scrub Regions 38.297ms
[2026-04-03T02:23:42.850+0600][74.139s][info][gc,start       ] GC(355) Pause Cleanup
[2026-04-03T02:23:42.850+0600][74.140s][info][gc             ] GC(355) Pause Cleanup 264M->264M(480M) 0.271ms
[2026-04-03T02:23:42.850+0600][74.140s][info][gc,cpu         ] GC(355) User=0.00s Sys=0.00s Real=0.00s
[2026-04-03T02:23:42.850+0600][74.140s][info][gc,marking     ] GC(355) Concurrent Clear Claimed Marks
[2026-04-03T02:23:42.851+0600][74.140s][info][gc,marking     ] GC(355) Concurrent Clear Claimed Marks 0.372ms
[2026-04-03T02:23:42.851+0600][74.140s][info][gc,marking     ] GC(355) Concurrent Cleanup for Next Mark
[2026-04-03T02:23:42.851+0600][74.141s][info][gc,marking     ] GC(355) Concurrent Cleanup for Next Mark 0.825ms
[2026-04-03T02:23:42.852+0600][74.141s][info][gc             ] GC(355) Concurrent Mark Cycle 164.700ms
[2026-04-03T02:23:43.022+0600][74.312s][info][gc,start       ] GC(356) Pause Young (Prepare Mixed) (G1 Evacuation Pause)
[2026-04-03T02:23:43.022+0600][74.312s][info][gc,task        ] GC(356) Using 10 workers of 10 for evacuation
[2026-04-03T02:23:43.025+0600][74.315s][info][gc,phases      ] GC(356)   Pre Evacuate Collection Set: 0.18ms
[2026-04-03T02:23:43.025+0600][74.315s][info][gc,phases      ] GC(356)   Merge Heap Roots: 0.16ms
[2026-04-03T02:23:43.025+0600][74.315s][info][gc,phases      ] GC(356)   Evacuate Collection Set: 1.89ms
[2026-04-03T02:23:43.025+0600][74.315s][info][gc,phases      ] GC(356)   Post Evacuate Collection Set: 0.60ms
[2026-04-03T02:23:43.025+0600][74.315s][info][gc,phases      ] GC(356)   Other: 0.08ms
[2026-04-03T02:23:43.025+0600][74.315s][info][gc,heap        ] GC(356) Eden regions: 282->0(287)
[2026-04-03T02:23:43.025+0600][74.315s][info][gc,heap        ] GC(356) Survivor regions: 6->6(36)
[2026-04-03T02:23:43.025+0600][74.315s][info][gc,heap        ] GC(356) Old regions: 86->87
[2026-04-03T02:23:43.025+0600][74.315s][info][gc,heap        ] GC(356) Humongous regions: 108->8
[2026-04-03T02:23:43.025+0600][74.315s][info][gc,metaspace   ] GC(356) Metaspace: 132031K(133440K)->132031K(133440K) NonClass: 115407K(116096K)->115407K(116096K) Class: 16623K(17344K)->16623K(17344K)
[2026-04-03T02:23:43.025+0600][74.315s][info][gc             ] GC(356) Pause Young (Prepare Mixed) (G1 Evacuation Pause) 480M->98M(489M) 3.141ms
[2026-04-03T02:23:43.025+0600][74.315s][info][gc,cpu         ] GC(356) User=0.02s Sys=0.00s Real=0.00s
[2026-04-03T02:23:43.090+0600][74.380s][info][gc,start       ] GC(357) Pause Young (Mixed) (G1 Evacuation Pause)
[2026-04-03T02:23:43.090+0600][74.380s][info][gc,task        ] GC(357) Using 10 workers of 10 for evacuation
[2026-04-03T02:23:43.095+0600][74.384s][info][gc,phases      ] GC(357)   Pre Evacuate Collection Set: 0.38ms
[2026-04-03T02:23:43.095+0600][74.384s][info][gc,phases      ] GC(357)   Merge Heap Roots: 0.21ms
[2026-04-03T02:23:43.095+0600][74.384s][info][gc,phases      ] GC(357)   Evacuate Collection Set: 2.83ms
[2026-04-03T02:23:43.095+0600][74.384s][info][gc,phases      ] GC(357)   Post Evacuate Collection Set: 0.62ms
[2026-04-03T02:23:43.095+0600][74.384s][info][gc,phases      ] GC(357)   Other: 0.09ms
[2026-04-03T02:23:43.095+0600][74.384s][info][gc,heap        ] GC(357) Eden regions: 52->0(298)
[2026-04-03T02:23:43.095+0600][74.384s][info][gc,heap        ] GC(357) Survivor regions: 6->4(37)
[2026-04-03T02:23:43.095+0600][74.384s][info][gc,heap        ] GC(357) Old regions: 87->86
[2026-04-03T02:23:43.095+0600][74.384s][info][gc,heap        ] GC(357) Humongous regions: 354->8
[2026-04-03T02:23:43.095+0600][74.384s][info][gc,metaspace   ] GC(357) Metaspace: 132035K(133440K)->132035K(133440K) NonClass: 115411K(116096K)->115411K(116096K) Class: 16623K(17344K)->16623K(17344K)
[2026-04-03T02:23:43.095+0600][74.384s][info][gc             ] GC(357) Pause Young (Mixed) (G1 Evacuation Pause) 496M->96M(504M) 4.418ms
[2026-04-03T02:23:43.095+0600][74.385s][info][gc,cpu         ] GC(357) User=0.03s Sys=0.00s Real=0.00s
[2026-04-03T02:23:43.103+0600][74.393s][info][gc,start       ] GC(358) Pause Young (Concurrent Start) (G1 Humongous Allocation)
[2026-04-03T02:23:43.104+0600][74.393s][info][gc,task        ] GC(358) Using 10 workers of 10 for evacuation
[2026-04-03T02:23:43.107+0600][74.397s][info][gc,phases      ] GC(358)   Pre Evacuate Collection Set: 0.28ms
[2026-04-03T02:23:43.107+0600][74.397s][info][gc,phases      ] GC(358)   Merge Heap Roots: 0.12ms
[2026-04-03T02:23:43.107+0600][74.397s][info][gc,phases      ] GC(358)   Evacuate Collection Set: 2.04ms
[2026-04-03T02:23:43.107+0600][74.397s][info][gc,phases      ] GC(358)   Post Evacuate Collection Set: 0.72ms
[2026-04-03T02:23:43.107+0600][74.397s][info][gc,phases      ] GC(358)   Other: 0.17ms
[2026-04-03T02:23:43.107+0600][74.397s][info][gc,heap        ] GC(358) Eden regions: 21->0(297)
[2026-04-03T02:23:43.107+0600][74.397s][info][gc,heap        ] GC(358) Survivor regions: 4->5(38)
[2026-04-03T02:23:43.107+0600][74.397s][info][gc,heap        ] GC(358) Old regions: 86->86
[2026-04-03T02:23:43.107+0600][74.397s][info][gc,heap        ] GC(358) Humongous regions: 8->8
[2026-04-03T02:23:43.107+0600][74.397s][info][gc,metaspace   ] GC(358) Metaspace: 132035K(133440K)->132035K(133440K) NonClass: 115411K(116096K)->115411K(116096K) Class: 16623K(17344K)->16623K(17344K)
[2026-04-03T02:23:43.107+0600][74.397s][info][gc             ] GC(358) Pause Young (Concurrent Start) (G1 Humongous Allocation) 116M->97M(504M) 3.652ms
[2026-04-03T02:23:43.107+0600][74.397s][info][gc             ] GC(359) Concurrent Mark Cycle
[2026-04-03T02:23:43.107+0600][74.397s][info][gc,marking     ] GC(359) Concurrent Scan Root Regions
[2026-04-03T02:23:43.107+0600][74.397s][info][gc,cpu         ] GC(358) User=0.02s Sys=0.00s Real=0.00s
[2026-04-03T02:23:43.110+0600][74.400s][info][gc,marking     ] GC(359) Concurrent Scan Root Regions 2.824ms
[2026-04-03T02:23:43.110+0600][74.400s][info][gc,marking     ] GC(359) Concurrent Mark
[2026-04-03T02:23:43.110+0600][74.400s][info][gc,marking     ] GC(359) Concurrent Mark From Roots
[2026-04-03T02:23:43.110+0600][74.400s][info][gc,task        ] GC(359) Using 3 workers of 3 for marking
[2026-04-03T02:23:43.210+0600][74.499s][info][gc,start       ] GC(360) Pause Young (Normal) (G1 Evacuation Pause)
[2026-04-03T02:23:43.210+0600][74.499s][info][gc,task        ] GC(360) Using 10 workers of 10 for evacuation
[2026-04-03T02:23:43.215+0600][74.504s][info][gc,phases      ] GC(360)   Pre Evacuate Collection Set: 0.42ms
[2026-04-03T02:23:43.215+0600][74.504s][info][gc,phases      ] GC(360)   Merge Heap Roots: 0.15ms
[2026-04-03T02:23:43.215+0600][74.505s][info][gc,phases      ] GC(360)   Evacuate Collection Set: 3.59ms
[2026-04-03T02:23:43.215+0600][74.505s][info][gc,phases      ] GC(360)   Post Evacuate Collection Set: 0.84ms
[2026-04-03T02:23:43.215+0600][74.505s][info][gc,phases      ] GC(360)   Other: 0.11ms
[2026-04-03T02:23:43.215+0600][74.505s][info][gc,heap        ] GC(360) Eden regions: 51->0(300)
[2026-04-03T02:23:43.215+0600][74.505s][info][gc,heap        ] GC(360) Survivor regions: 5->6(38)
[2026-04-03T02:23:43.215+0600][74.505s][info][gc,heap        ] GC(360) Old regions: 86->86
[2026-04-03T02:23:43.215+0600][74.505s][info][gc,heap        ] GC(360) Humongous regions: 362->8
[2026-04-03T02:23:43.215+0600][74.505s][info][gc,metaspace   ] GC(360) Metaspace: 132035K(133440K)->132035K(133440K) NonClass: 115411K(116096K)->115411K(116096K) Class: 16623K(17344K)->16623K(17344K)
[2026-04-03T02:23:43.215+0600][74.505s][info][gc             ] GC(360) Pause Young (Normal) (G1 Evacuation Pause) 502M->98M(510M) 5.435ms
[2026-04-03T02:23:43.215+0600][74.505s][info][gc,cpu         ] GC(360) User=0.03s Sys=0.02s Real=0.01s
[2026-04-03T02:23:43.220+0600][74.509s][info][gc,marking     ] GC(359) Concurrent Mark From Roots 109.490ms
[2026-04-03T02:23:43.220+0600][74.509s][info][gc,marking     ] GC(359) Concurrent Preclean
[2026-04-03T02:23:43.220+0600][74.510s][info][gc,marking     ] GC(359) Concurrent Preclean 0.372ms
[2026-04-03T02:23:43.221+0600][74.510s][info][gc,start       ] GC(359) Pause Remark
[2026-04-03T02:23:43.230+0600][74.520s][info][gc             ] GC(359) Pause Remark 112M->112M(334M) 9.426ms
[2026-04-03T02:23:43.230+0600][74.520s][info][gc,cpu         ] GC(359) User=0.07s Sys=0.01s Real=0.01s
[2026-04-03T02:23:43.231+0600][74.520s][info][gc,marking     ] GC(359) Concurrent Mark 120.318ms
[2026-04-03T02:23:43.231+0600][74.520s][info][gc,marking     ] GC(359) Concurrent Rebuild Remembered Sets and Scrub Regions
[2026-04-03T02:23:43.261+0600][74.551s][info][gc,marking     ] GC(359) Concurrent Rebuild Remembered Sets and Scrub Regions 30.559ms
[2026-04-03T02:23:43.262+0600][74.551s][info][gc,start       ] GC(359) Pause Cleanup
[2026-04-03T02:23:43.262+0600][74.552s][info][gc             ] GC(359) Pause Cleanup 147M->147M(334M) 0.448ms
[2026-04-03T02:23:43.262+0600][74.552s][info][gc,cpu         ] GC(359) User=0.00s Sys=0.00s Real=0.00s
[2026-04-03T02:23:43.262+0600][74.552s][info][gc,marking     ] GC(359) Concurrent Clear Claimed Marks
[2026-04-03T02:23:43.263+0600][74.552s][info][gc,marking     ] GC(359) Concurrent Clear Claimed Marks 0.400ms
[2026-04-03T02:23:43.263+0600][74.552s][info][gc,marking     ] GC(359) Concurrent Cleanup for Next Mark
[2026-04-03T02:23:43.263+0600][74.553s][info][gc,marking     ] GC(359) Concurrent Cleanup for Next Mark 0.560ms
[2026-04-03T02:23:43.263+0600][74.553s][info][gc             ] GC(359) Concurrent Mark Cycle 156.237ms
[2026-04-03T02:23:43.504+0600][74.793s][info][gc,start       ] GC(361) Pause Young (Prepare Mixed) (G1 Evacuation Pause)
[2026-04-03T02:23:43.504+0600][74.793s][info][gc,task        ] GC(361) Using 9 workers of 10 for evacuation
[2026-04-03T02:23:43.507+0600][74.796s][info][gc,phases      ] GC(361)   Pre Evacuate Collection Set: 0.27ms
[2026-04-03T02:23:43.507+0600][74.796s][info][gc,phases      ] GC(361)   Merge Heap Roots: 0.13ms
[2026-04-03T02:23:43.507+0600][74.796s][info][gc,phases      ] GC(361)   Evacuate Collection Set: 2.04ms
[2026-04-03T02:23:43.507+0600][74.796s][info][gc,phases      ] GC(361)   Post Evacuate Collection Set: 0.44ms
[2026-04-03T02:23:43.507+0600][74.796s][info][gc,phases      ] GC(361)   Other: 0.08ms
[2026-04-03T02:23:43.507+0600][74.796s][info][gc,heap        ] GC(361) Eden regions: 145->0(199)
[2026-04-03T02:23:43.507+0600][74.796s][info][gc,heap        ] GC(361) Survivor regions: 6->5(25)
[2026-04-03T02:23:43.507+0600][74.796s][info][gc,heap        ] GC(361) Old regions: 86->87
[2026-04-03T02:23:43.507+0600][74.796s][info][gc,heap        ] GC(361) Humongous regions: 97->8
[2026-04-03T02:23:43.507+0600][74.796s][info][gc,metaspace   ] GC(361) Metaspace: 132049K(133440K)->132049K(133440K) NonClass: 115425K(116096K)->115425K(116096K) Class: 16624K(17344K)->16624K(17344K)
[2026-04-03T02:23:43.507+0600][74.796s][info][gc             ] GC(361) Pause Young (Prepare Mixed) (G1 Evacuation Pause) 332M->97M(340M) 3.223ms
[2026-04-03T02:23:43.507+0600][74.797s][info][gc,cpu         ] GC(361) User=0.01s Sys=0.00s Real=0.00s
[2026-04-03T02:23:43.740+0600][75.030s][info][gc,start       ] GC(362) Pause Young (Mixed) (GCLocker Initiated GC)
[2026-04-03T02:23:43.741+0600][75.030s][info][gc,task        ] GC(362) Using 8 workers of 10 for evacuation
[2026-04-03T02:23:43.747+0600][75.037s][info][gc,phases      ] GC(362)   Pre Evacuate Collection Set: 0.36ms
[2026-04-03T02:23:43.747+0600][75.037s][info][gc,phases      ] GC(362)   Merge Heap Roots: 0.20ms
[2026-04-03T02:23:43.747+0600][75.037s][info][gc,phases      ] GC(362)   Evacuate Collection Set: 5.26ms
[2026-04-03T02:23:43.747+0600][75.037s][info][gc,phases      ] GC(362)   Post Evacuate Collection Set: 0.68ms
[2026-04-03T02:23:43.747+0600][75.037s][info][gc,phases      ] GC(362)   Other: 0.13ms
[2026-04-03T02:23:43.747+0600][75.037s][info][gc,heap        ] GC(362) Eden regions: 172->0(200)
[2026-04-03T02:23:43.747+0600][75.037s][info][gc,heap        ] GC(362) Survivor regions: 5->8(26)
[2026-04-03T02:23:43.747+0600][75.037s][info][gc,heap        ] GC(362) Old regions: 87->86
[2026-04-03T02:23:43.747+0600][75.037s][info][gc,heap        ] GC(362) Humongous regions: 76->8
[2026-04-03T02:23:43.747+0600][75.037s][info][gc,metaspace   ] GC(362) Metaspace: 132049K(133440K)->132049K(133440K) NonClass: 115425K(116096K)->115425K(116096K) Class: 16624K(17344K)->16624K(17344K)
[2026-04-03T02:23:43.747+0600][75.037s][info][gc             ] GC(362) Pause Young (Mixed) (GCLocker Initiated GC) 337M->100M(348M) 6.957ms
[2026-04-03T02:23:43.747+0600][75.037s][info][gc,cpu         ] GC(362) User=0.04s Sys=0.02s Real=0.00s
[2026-04-03T02:23:43.756+0600][75.046s][info][gc,start       ] GC(363) Pause Young (Concurrent Start) (G1 Humongous Allocation)
[2026-04-03T02:23:43.757+0600][75.046s][info][gc,task        ] GC(363) Using 8 workers of 10 for evacuation
[2026-04-03T02:23:43.761+0600][75.051s][info][gc,phases      ] GC(363)   Pre Evacuate Collection Set: 0.45ms
[2026-04-03T02:23:43.761+0600][75.051s][info][gc,phases      ] GC(363)   Merge Heap Roots: 0.13ms
[2026-04-03T02:23:43.761+0600][75.051s][info][gc,phases      ] GC(363)   Evacuate Collection Set: 3.01ms
[2026-04-03T02:23:43.761+0600][75.051s][info][gc,phases      ] GC(363)   Post Evacuate Collection Set: 0.81ms
[2026-04-03T02:23:43.761+0600][75.051s][info][gc,phases      ] GC(363)   Other: 0.30ms
[2026-04-03T02:23:43.761+0600][75.051s][info][gc,heap        ] GC(363) Eden regions: 11->0(201)
[2026-04-03T02:23:43.761+0600][75.051s][info][gc,heap        ] GC(363) Survivor regions: 8->7(26)
[2026-04-03T02:23:43.761+0600][75.051s][info][gc,heap        ] GC(363) Old regions: 86->86
[2026-04-03T02:23:43.761+0600][75.051s][info][gc,heap        ] GC(363) Humongous regions: 8->8
[2026-04-03T02:23:43.761+0600][75.051s][info][gc,metaspace   ] GC(363) Metaspace: 132049K(133440K)->132049K(133440K) NonClass: 115425K(116096K)->115425K(116096K) Class: 16624K(17344K)->16624K(17344K)
[2026-04-03T02:23:43.762+0600][75.051s][info][gc             ] GC(363) Pause Young (Concurrent Start) (G1 Humongous Allocation) 111M->100M(348M) 5.110ms
[2026-04-03T02:23:43.762+0600][75.051s][info][gc             ] GC(364) Concurrent Mark Cycle
[2026-04-03T02:23:43.762+0600][75.051s][info][gc,marking     ] GC(364) Concurrent Scan Root Regions
[2026-04-03T02:23:43.762+0600][75.051s][info][gc,cpu         ] GC(363) User=0.03s Sys=0.00s Real=0.01s
[2026-04-03T02:23:43.765+0600][75.055s][info][gc,marking     ] GC(364) Concurrent Scan Root Regions 3.188ms
[2026-04-03T02:23:43.765+0600][75.055s][info][gc,marking     ] GC(364) Concurrent Mark
[2026-04-03T02:23:43.765+0600][75.055s][info][gc,marking     ] GC(364) Concurrent Mark From Roots
[2026-04-03T02:23:43.765+0600][75.055s][info][gc,task        ] GC(364) Using 3 workers of 3 for marking
[2026-04-03T02:23:43.867+0600][75.157s][info][gc,marking     ] GC(364) Concurrent Mark From Roots 101.839ms
[2026-04-03T02:23:43.867+0600][75.157s][info][gc,marking     ] GC(364) Concurrent Preclean
[2026-04-03T02:23:43.867+0600][75.157s][info][gc,marking     ] GC(364) Concurrent Preclean 0.400ms
[2026-04-03T02:23:43.868+0600][75.157s][info][gc,start       ] GC(364) Pause Remark
[2026-04-03T02:23:43.878+0600][75.167s][info][gc             ] GC(364) Pause Remark 227M->227M(348M) 10.034ms
[2026-04-03T02:23:43.878+0600][75.168s][info][gc,cpu         ] GC(364) User=0.07s Sys=0.00s Real=0.01s
[2026-04-03T02:23:43.878+0600][75.168s][info][gc,marking     ] GC(364) Concurrent Mark 113.250ms
[2026-04-03T02:23:43.878+0600][75.168s][info][gc,marking     ] GC(364) Concurrent Rebuild Remembered Sets and Scrub Regions
[2026-04-03T02:23:43.927+0600][75.217s][info][gc,marking     ] GC(364) Concurrent Rebuild Remembered Sets and Scrub Regions 48.884ms
[2026-04-03T02:23:43.928+0600][75.218s][info][gc,start       ] GC(364) Pause Cleanup
[2026-04-03T02:23:43.929+0600][75.218s][info][gc             ] GC(364) Pause Cleanup 272M->272M(348M) 0.456ms
[2026-04-03T02:23:43.929+0600][75.218s][info][gc,cpu         ] GC(364) User=0.01s Sys=0.00s Real=0.00s
[2026-04-03T02:23:43.929+0600][75.219s][info][gc,marking     ] GC(364) Concurrent Clear Claimed Marks
[2026-04-03T02:23:43.929+0600][75.219s][info][gc,marking     ] GC(364) Concurrent Clear Claimed Marks 0.382ms
[2026-04-03T02:23:43.929+0600][75.219s][info][gc,marking     ] GC(364) Concurrent Cleanup for Next Mark
[2026-04-03T02:23:43.931+0600][75.220s][info][gc,marking     ] GC(364) Concurrent Cleanup for Next Mark 1.327ms
[2026-04-03T02:23:43.931+0600][75.221s][info][gc             ] GC(364) Concurrent Mark Cycle 169.209ms
[2026-04-03T02:23:43.988+0600][75.277s][info][gc,start       ] GC(365) Pause Young (Prepare Mixed) (G1 Evacuation Pause)
[2026-04-03T02:23:43.988+0600][75.278s][info][gc,task        ] GC(365) Using 8 workers of 10 for evacuation
[2026-04-03T02:23:43.993+0600][75.283s][info][gc,phases      ] GC(365)   Pre Evacuate Collection Set: 0.38ms
[2026-04-03T02:23:43.993+0600][75.283s][info][gc,phases      ] GC(365)   Merge Heap Roots: 0.16ms
[2026-04-03T02:23:43.993+0600][75.283s][info][gc,phases      ] GC(365)   Evacuate Collection Set: 3.69ms
[2026-04-03T02:23:43.993+0600][75.283s][info][gc,phases      ] GC(365)   Post Evacuate Collection Set: 0.68ms
[2026-04-03T02:23:43.993+0600][75.283s][info][gc,phases      ] GC(365)   Other: 0.11ms
[2026-04-03T02:23:43.993+0600][75.283s][info][gc,heap        ] GC(365) Eden regions: 134->0(210)
[2026-04-03T02:23:43.993+0600][75.283s][info][gc,heap        ] GC(365) Survivor regions: 7->6(26)
[2026-04-03T02:23:43.993+0600][75.283s][info][gc,heap        ] GC(365) Old regions: 86->87
[2026-04-03T02:23:43.993+0600][75.283s][info][gc,heap        ] GC(365) Humongous regions: 127->10
[2026-04-03T02:23:43.993+0600][75.283s][info][gc,metaspace   ] GC(365) Metaspace: 132049K(133440K)->132049K(133440K) NonClass: 115425K(116096K)->115425K(116096K) Class: 16624K(17344K)->16624K(17344K)
[2026-04-03T02:23:43.993+0600][75.283s][info][gc             ] GC(365) Pause Young (Prepare Mixed) (G1 Evacuation Pause) 353M->100M(361M) 5.378ms
[2026-04-03T02:23:43.993+0600][75.283s][info][gc,cpu         ] GC(365) User=0.03s Sys=0.02s Real=0.01s
[2026-04-03T02:23:44.176+0600][75.466s][info][gc,start       ] GC(366) Pause Young (Mixed) (G1 Evacuation Pause)
[2026-04-03T02:23:44.176+0600][75.466s][info][gc,task        ] GC(366) Using 8 workers of 10 for evacuation
[2026-04-03T02:23:44.182+0600][75.472s][info][gc,phases      ] GC(366)   Pre Evacuate Collection Set: 0.31ms
[2026-04-03T02:23:44.182+0600][75.472s][info][gc,phases      ] GC(366)   Merge Heap Roots: 0.17ms
[2026-04-03T02:23:44.182+0600][75.472s][info][gc,phases      ] GC(366)   Evacuate Collection Set: 4.42ms
[2026-04-03T02:23:44.182+0600][75.472s][info][gc,phases      ] GC(366)   Post Evacuate Collection Set: 0.82ms
[2026-04-03T02:23:44.182+0600][75.472s][info][gc,phases      ] GC(366)   Other: 0.15ms
[2026-04-03T02:23:44.182+0600][75.472s][info][gc,heap        ] GC(366) Eden regions: 151->0(216)
[2026-04-03T02:23:44.182+0600][75.472s][info][gc,heap        ] GC(366) Survivor regions: 6->8(27)
[2026-04-03T02:23:44.182+0600][75.472s][info][gc,heap        ] GC(366) Old regions: 87->86
[2026-04-03T02:23:44.182+0600][75.472s][info][gc,heap        ] GC(366) Humongous regions: 122->8
[2026-04-03T02:23:44.182+0600][75.472s][info][gc,metaspace   ] GC(366) Metaspace: 132049K(133440K)->132049K(133440K) NonClass: 115425K(116096K)->115425K(116096K) Class: 16624K(17344K)->16624K(17344K)
[2026-04-03T02:23:44.183+0600][75.472s][info][gc             ] GC(366) Pause Young (Mixed) (G1 Evacuation Pause) 363M->100M(374M) 6.151ms
[2026-04-03T02:23:44.183+0600][75.472s][info][gc,cpu         ] GC(366) User=0.03s Sys=0.01s Real=0.01s
[2026-04-03T02:23:44.196+0600][75.486s][info][gc,start       ] GC(367) Pause Young (Concurrent Start) (G1 Humongous Allocation)
[2026-04-03T02:23:44.196+0600][75.486s][info][gc,task        ] GC(367) Using 8 workers of 10 for evacuation
[2026-04-03T02:23:44.201+0600][75.491s][info][gc,phases      ] GC(367)   Pre Evacuate Collection Set: 0.49ms
[2026-04-03T02:23:44.201+0600][75.491s][info][gc,phases      ] GC(367)   Merge Heap Roots: 0.22ms
[2026-04-03T02:23:44.201+0600][75.491s][info][gc,phases      ] GC(367)   Evacuate Collection Set: 3.18ms
[2026-04-03T02:23:44.201+0600][75.491s][info][gc,phases      ] GC(367)   Post Evacuate Collection Set: 0.61ms
[2026-04-03T02:23:44.201+0600][75.491s][info][gc,phases      ] GC(367)   Other: 0.27ms
[2026-04-03T02:23:44.201+0600][75.491s][info][gc,heap        ] GC(367) Eden regions: 11->0(217)
[2026-04-03T02:23:44.201+0600][75.491s][info][gc,heap        ] GC(367) Survivor regions: 8->7(28)
[2026-04-03T02:23:44.201+0600][75.491s][info][gc,heap        ] GC(367) Old regions: 86->86
[2026-04-03T02:23:44.201+0600][75.491s][info][gc,heap        ] GC(367) Humongous regions: 8->8
[2026-04-03T02:23:44.201+0600][75.491s][info][gc,metaspace   ] GC(367) Metaspace: 132049K(133440K)->132049K(133440K) NonClass: 115425K(116096K)->115425K(116096K) Class: 16624K(17344K)->16624K(17344K)
[2026-04-03T02:23:44.201+0600][75.491s][info][gc             ] GC(367) Pause Young (Concurrent Start) (G1 Humongous Allocation) 111M->99M(374M) 5.069ms
[2026-04-03T02:23:44.201+0600][75.491s][info][gc             ] GC(368) Concurrent Mark Cycle
[2026-04-03T02:23:44.201+0600][75.491s][info][gc,cpu         ] GC(367) User=0.03s Sys=0.01s Real=0.01s
[2026-04-03T02:23:44.201+0600][75.491s][info][gc,marking     ] GC(368) Concurrent Scan Root Regions
[2026-04-03T02:23:44.204+0600][75.493s][info][gc,marking     ] GC(368) Concurrent Scan Root Regions 2.407ms
[2026-04-03T02:23:44.204+0600][75.493s][info][gc,marking     ] GC(368) Concurrent Mark
[2026-04-03T02:23:44.204+0600][75.493s][info][gc,marking     ] GC(368) Concurrent Mark From Roots
[2026-04-03T02:23:44.204+0600][75.493s][info][gc,task        ] GC(368) Using 3 workers of 3 for marking
[2026-04-03T02:23:44.310+0600][75.600s][info][gc,marking     ] GC(368) Concurrent Mark From Roots 106.329ms
[2026-04-03T02:23:44.310+0600][75.600s][info][gc,marking     ] GC(368) Concurrent Preclean
[2026-04-03T02:23:44.311+0600][75.600s][info][gc,marking     ] GC(368) Concurrent Preclean 0.343ms
[2026-04-03T02:23:44.311+0600][75.601s][info][gc,start       ] GC(368) Pause Remark
[2026-04-03T02:23:44.320+0600][75.610s][info][gc             ] GC(368) Pause Remark 220M->220M(374M) 9.463ms
[2026-04-03T02:23:44.321+0600][75.610s][info][gc,cpu         ] GC(368) User=0.06s Sys=0.00s Real=0.01s
[2026-04-03T02:23:44.321+0600][75.610s][info][gc,marking     ] GC(368) Concurrent Mark 116.930ms
[2026-04-03T02:23:44.321+0600][75.610s][info][gc,marking     ] GC(368) Concurrent Rebuild Remembered Sets and Scrub Regions
[2026-04-03T02:23:44.355+0600][75.645s][info][gc,marking     ] GC(368) Concurrent Rebuild Remembered Sets and Scrub Regions 34.295ms
[2026-04-03T02:23:44.356+0600][75.645s][info][gc,start       ] GC(368) Pause Cleanup
[2026-04-03T02:23:44.356+0600][75.646s][info][gc             ] GC(368) Pause Cleanup 252M->252M(374M) 0.379ms
[2026-04-03T02:23:44.356+0600][75.646s][info][gc,cpu         ] GC(368) User=0.00s Sys=0.00s Real=0.00s
[2026-04-03T02:23:44.356+0600][75.646s][info][gc,marking     ] GC(368) Concurrent Clear Claimed Marks
[2026-04-03T02:23:44.357+0600][75.646s][info][gc,marking     ] GC(368) Concurrent Clear Claimed Marks 0.490ms
[2026-04-03T02:23:44.357+0600][75.646s][info][gc,marking     ] GC(368) Concurrent Cleanup for Next Mark
[2026-04-03T02:23:44.358+0600][75.647s][info][gc,marking     ] GC(368) Concurrent Cleanup for Next Mark 1.090ms
[2026-04-03T02:23:44.358+0600][75.648s][info][gc             ] GC(368) Concurrent Mark Cycle 156.684ms
[2026-04-03T02:23:44.447+0600][75.736s][info][gc,start       ] GC(369) Pause Young (Prepare Mixed) (G1 Evacuation Pause)
[2026-04-03T02:23:44.447+0600][75.737s][info][gc,task        ] GC(369) Using 9 workers of 10 for evacuation
[2026-04-03T02:23:44.452+0600][75.741s][info][gc,phases      ] GC(369)   Pre Evacuate Collection Set: 0.30ms
[2026-04-03T02:23:44.452+0600][75.741s][info][gc,phases      ] GC(369)   Merge Heap Roots: 0.16ms
[2026-04-03T02:23:44.452+0600][75.741s][info][gc,phases      ] GC(369)   Evacuate Collection Set: 3.11ms
[2026-04-03T02:23:44.452+0600][75.741s][info][gc,phases      ] GC(369)   Post Evacuate Collection Set: 0.95ms
[2026-04-03T02:23:44.452+0600][75.741s][info][gc,phases      ] GC(369)   Other: 0.09ms
[2026-04-03T02:23:44.452+0600][75.741s][info][gc,heap        ] GC(369) Eden regions: 160->0(230)
[2026-04-03T02:23:44.452+0600][75.741s][info][gc,heap        ] GC(369) Survivor regions: 7->7(28)
[2026-04-03T02:23:44.452+0600][75.741s][info][gc,heap        ] GC(369) Old regions: 86->87
[2026-04-03T02:23:44.452+0600][75.741s][info][gc,heap        ] GC(369) Humongous regions: 134->8
[2026-04-03T02:23:44.452+0600][75.741s][info][gc,metaspace   ] GC(369) Metaspace: 132049K(133440K)->132049K(133440K) NonClass: 115425K(116096K)->115425K(116096K) Class: 16624K(17344K)->16624K(17344K)
[2026-04-03T02:23:44.452+0600][75.741s][info][gc             ] GC(369) Pause Young (Prepare Mixed) (G1 Evacuation Pause) 385M->99M(395M) 4.857ms
[2026-04-03T02:23:44.452+0600][75.741s][info][gc,cpu         ] GC(369) User=0.03s Sys=0.00s Real=0.01s
[2026-04-03T02:23:44.826+0600][76.116s][info][gc,start       ] GC(370) Pause Young (Mixed) (G1 Evacuation Pause)
[2026-04-03T02:23:44.827+0600][76.116s][info][gc,task        ] GC(370) Using 9 workers of 10 for evacuation
[2026-04-03T02:23:44.833+0600][76.122s][info][gc,phases      ] GC(370)   Pre Evacuate Collection Set: 0.29ms
[2026-04-03T02:23:44.833+0600][76.122s][info][gc,phases      ] GC(370)   Merge Heap Roots: 0.22ms
[2026-04-03T02:23:44.833+0600][76.122s][info][gc,phases      ] GC(370)   Evacuate Collection Set: 4.66ms
[2026-04-03T02:23:44.833+0600][76.122s][info][gc,phases      ] GC(370)   Post Evacuate Collection Set: 0.77ms
[2026-04-03T02:23:44.833+0600][76.122s][info][gc,phases      ] GC(370)   Other: 0.10ms
[2026-04-03T02:23:44.833+0600][76.122s][info][gc,heap        ] GC(370) Eden regions: 220->0(233)
[2026-04-03T02:23:44.833+0600][76.122s][info][gc,heap        ] GC(370) Survivor regions: 7->8(30)
[2026-04-03T02:23:44.833+0600][76.122s][info][gc,heap        ] GC(370) Old regions: 87->86
[2026-04-03T02:23:44.833+0600][76.122s][info][gc,heap        ] GC(370) Humongous regions: 81->8
[2026-04-03T02:23:44.833+0600][76.122s][info][gc,metaspace   ] GC(370) Metaspace: 132064K(133504K)->132064K(133504K) NonClass: 115440K(116160K)->115440K(116160K) Class: 16624K(17344K)->16624K(17344K)
[2026-04-03T02:23:44.833+0600][76.123s][info][gc             ] GC(370) Pause Young (Mixed) (G1 Evacuation Pause) 392M->100M(403M) 6.371ms
[2026-04-03T02:23:44.833+0600][76.123s][info][gc,cpu         ] GC(370) User=0.04s Sys=0.01s Real=0.01s
[2026-04-03T02:23:44.843+0600][76.133s][info][gc,start       ] GC(371) Pause Young (Concurrent Start) (G1 Humongous Allocation)
[2026-04-03T02:23:44.843+0600][76.133s][info][gc,task        ] GC(371) Using 9 workers of 10 for evacuation
[2026-04-03T02:23:44.848+0600][76.137s][info][gc,phases      ] GC(371)   Pre Evacuate Collection Set: 0.71ms
[2026-04-03T02:23:44.848+0600][76.137s][info][gc,phases      ] GC(371)   Merge Heap Roots: 0.19ms
[2026-04-03T02:23:44.848+0600][76.137s][info][gc,phases      ] GC(371)   Evacuate Collection Set: 2.54ms
[2026-04-03T02:23:44.848+0600][76.137s][info][gc,phases      ] GC(371)   Post Evacuate Collection Set: 0.71ms
[2026-04-03T02:23:44.848+0600][76.137s][info][gc,phases      ] GC(371)   Other: 0.31ms
[2026-04-03T02:23:44.848+0600][76.138s][info][gc,heap        ] GC(371) Eden regions: 15->0(234)
[2026-04-03T02:23:44.848+0600][76.138s][info][gc,heap        ] GC(371) Survivor regions: 8->7(31)
[2026-04-03T02:23:44.848+0600][76.138s][info][gc,heap        ] GC(371) Old regions: 86->87
[2026-04-03T02:23:44.848+0600][76.138s][info][gc,heap        ] GC(371) Humongous regions: 8->8
[2026-04-03T02:23:44.848+0600][76.138s][info][gc,metaspace   ] GC(371) Metaspace: 132064K(133504K)->132064K(133504K) NonClass: 115440K(116160K)->115440K(116160K) Class: 16624K(17344K)->16624K(17344K)
[2026-04-03T02:23:44.848+0600][76.138s][info][gc             ] GC(371) Pause Young (Concurrent Start) (G1 Humongous Allocation) 115M->100M(403M) 4.772ms
[2026-04-03T02:23:44.848+0600][76.138s][info][gc,cpu         ] GC(371) User=0.03s Sys=0.00s Real=0.00s
[2026-04-03T02:23:44.848+0600][76.138s][info][gc             ] GC(372) Concurrent Mark Cycle
[2026-04-03T02:23:44.848+0600][76.138s][info][gc,marking     ] GC(372) Concurrent Scan Root Regions
[2026-04-03T02:23:44.851+0600][76.141s][info][gc,marking     ] GC(372) Concurrent Scan Root Regions 2.772ms
[2026-04-03T02:23:44.851+0600][76.141s][info][gc,marking     ] GC(372) Concurrent Mark
[2026-04-03T02:23:44.851+0600][76.141s][info][gc,marking     ] GC(372) Concurrent Mark From Roots
[2026-04-03T02:23:44.851+0600][76.141s][info][gc,task        ] GC(372) Using 3 workers of 3 for marking
[2026-04-03T02:23:44.959+0600][76.249s][info][gc,marking     ] GC(372) Concurrent Mark From Roots 107.890ms
[2026-04-03T02:23:44.959+0600][76.249s][info][gc,marking     ] GC(372) Concurrent Preclean
[2026-04-03T02:23:44.960+0600][76.249s][info][gc,marking     ] GC(372) Concurrent Preclean 0.575ms
[2026-04-03T02:23:44.960+0600][76.250s][info][gc,start       ] GC(372) Pause Remark
[2026-04-03T02:23:44.970+0600][76.260s][info][gc             ] GC(372) Pause Remark 234M->234M(403M) 9.832ms
[2026-04-03T02:23:44.970+0600][76.260s][info][gc,cpu         ] GC(372) User=0.07s Sys=0.00s Real=0.01s
[2026-04-03T02:23:44.970+0600][76.260s][info][gc,marking     ] GC(372) Concurrent Mark 119.211ms
[2026-04-03T02:23:44.970+0600][76.260s][info][gc,marking     ] GC(372) Concurrent Rebuild Remembered Sets and Scrub Regions
[2026-04-03T02:23:45.005+0600][76.294s][info][gc,marking     ] GC(372) Concurrent Rebuild Remembered Sets and Scrub Regions 34.328ms
[2026-04-03T02:23:45.005+0600][76.295s][info][gc,start       ] GC(372) Pause Cleanup
[2026-04-03T02:23:45.005+0600][76.295s][info][gc             ] GC(372) Pause Cleanup 275M->275M(403M) 0.325ms
[2026-04-03T02:23:45.006+0600][76.295s][info][gc,cpu         ] GC(372) User=0.00s Sys=0.00s Real=0.00s
[2026-04-03T02:23:45.006+0600][76.295s][info][gc,marking     ] GC(372) Concurrent Clear Claimed Marks
[2026-04-03T02:23:45.006+0600][76.296s][info][gc,marking     ] GC(372) Concurrent Clear Claimed Marks 0.439ms
[2026-04-03T02:23:45.006+0600][76.296s][info][gc,marking     ] GC(372) Concurrent Cleanup for Next Mark
[2026-04-03T02:23:45.007+0600][76.297s][info][gc,marking     ] GC(372) Concurrent Cleanup for Next Mark 1.218ms
[2026-04-03T02:23:45.008+0600][76.297s][info][gc             ] GC(372) Concurrent Mark Cycle 159.467ms
[2026-04-03T02:23:45.101+0600][76.391s][info][gc,start       ] GC(373) Pause Young (Prepare Mixed) (G1 Evacuation Pause)
[2026-04-03T02:23:45.101+0600][76.391s][info][gc,task        ] GC(373) Using 9 workers of 10 for evacuation
[2026-04-03T02:23:45.106+0600][76.396s][info][gc,phases      ] GC(373)   Pre Evacuate Collection Set: 0.25ms
[2026-04-03T02:23:45.106+0600][76.396s][info][gc,phases      ] GC(373)   Merge Heap Roots: 0.17ms
[2026-04-03T02:23:45.106+0600][76.396s][info][gc,phases      ] GC(373)   Evacuate Collection Set: 3.33ms
[2026-04-03T02:23:45.106+0600][76.396s][info][gc,phases      ] GC(373)   Post Evacuate Collection Set: 0.72ms
[2026-04-03T02:23:45.106+0600][76.396s][info][gc,phases      ] GC(373)   Other: 0.22ms
[2026-04-03T02:23:45.106+0600][76.396s][info][gc,heap        ] GC(373) Eden regions: 163->0(244)
[2026-04-03T02:23:45.106+0600][76.396s][info][gc,heap        ] GC(373) Survivor regions: 7->6(31)
[2026-04-03T02:23:45.106+0600][76.396s][info][gc,heap        ] GC(373) Old regions: 87->87
[2026-04-03T02:23:45.106+0600][76.396s][info][gc,heap        ] GC(373) Humongous regions: 155->8
[2026-04-03T02:23:45.106+0600][76.396s][info][gc,metaspace   ] GC(373) Metaspace: 132064K(133504K)->132064K(133504K) NonClass: 115440K(116160K)->115440K(116160K) Class: 16624K(17344K)->16624K(17344K)
[2026-04-03T02:23:45.106+0600][76.396s][info][gc             ] GC(373) Pause Young (Prepare Mixed) (G1 Evacuation Pause) 410M->99M(418M) 4.992ms
[2026-04-03T02:23:45.106+0600][76.396s][info][gc,cpu         ] GC(373) User=0.02s Sys=0.00s Real=0.00s
[2026-04-03T02:23:45.349+0600][76.639s][info][gc,start       ] GC(374) Pause Young (Mixed) (G1 Evacuation Pause)
[2026-04-03T02:23:45.349+0600][76.639s][info][gc,task        ] GC(374) Using 10 workers of 10 for evacuation
[2026-04-03T02:23:45.354+0600][76.643s][info][gc,phases      ] GC(374)   Pre Evacuate Collection Set: 0.39ms
[2026-04-03T02:23:45.354+0600][76.643s][info][gc,phases      ] GC(374)   Merge Heap Roots: 0.22ms
[2026-04-03T02:23:45.354+0600][76.643s][info][gc,phases      ] GC(374)   Evacuate Collection Set: 3.10ms
[2026-04-03T02:23:45.354+0600][76.643s][info][gc,phases      ] GC(374)   Post Evacuate Collection Set: 0.78ms
[2026-04-03T02:23:45.354+0600][76.643s][info][gc,phases      ] GC(374)   Other: 0.12ms
[2026-04-03T02:23:45.354+0600][76.644s][info][gc,heap        ] GC(374) Eden regions: 187->0(258)
[2026-04-03T02:23:45.354+0600][76.644s][info][gc,heap        ] GC(374) Survivor regions: 6->6(32)
[2026-04-03T02:23:45.354+0600][76.644s][info][gc,heap        ] GC(374) Old regions: 87->86
[2026-04-03T02:23:45.354+0600][76.644s][info][gc,heap        ] GC(374) Humongous regions: 155->8
[2026-04-03T02:23:45.354+0600][76.644s][info][gc,metaspace   ] GC(374) Metaspace: 132064K(133504K)->132064K(133504K) NonClass: 115440K(116160K)->115440K(116160K) Class: 16624K(17344K)->16624K(17344K)
[2026-04-03T02:23:45.354+0600][76.644s][info][gc             ] GC(374) Pause Young (Mixed) (G1 Evacuation Pause) 433M->98M(441M) 4.949ms
[2026-04-03T02:23:45.354+0600][76.644s][info][gc,cpu         ] GC(374) User=0.03s Sys=0.01s Real=0.01s
[2026-04-03T02:23:45.370+0600][76.660s][info][gc,start       ] GC(375) Pause Young (Concurrent Start) (GCLocker Initiated GC)
[2026-04-03T02:23:45.370+0600][76.660s][info][gc,task        ] GC(375) Using 10 workers of 10 for evacuation
[2026-04-03T02:23:45.375+0600][76.665s][info][gc,phases      ] GC(375)   Pre Evacuate Collection Set: 0.56ms
[2026-04-03T02:23:45.375+0600][76.665s][info][gc,phases      ] GC(375)   Merge Heap Roots: 0.15ms
[2026-04-03T02:23:45.375+0600][76.665s][info][gc,phases      ] GC(375)   Evacuate Collection Set: 3.29ms
[2026-04-03T02:23:45.375+0600][76.665s][info][gc,phases      ] GC(375)   Post Evacuate Collection Set: 0.69ms
[2026-04-03T02:23:45.375+0600][76.665s][info][gc,phases      ] GC(375)   Other: 0.26ms
[2026-04-03T02:23:45.375+0600][76.665s][info][gc,heap        ] GC(375) Eden regions: 26->0(256)
[2026-04-03T02:23:45.375+0600][76.665s][info][gc,heap        ] GC(375) Survivor regions: 6->8(33)
[2026-04-03T02:23:45.375+0600][76.665s][info][gc,heap        ] GC(375) Old regions: 86->87
[2026-04-03T02:23:45.375+0600][76.665s][info][gc,heap        ] GC(375) Humongous regions: 8->8
[2026-04-03T02:23:45.375+0600][76.665s][info][gc,metaspace   ] GC(375) Metaspace: 132064K(133504K)->132064K(133504K) NonClass: 115440K(116160K)->115440K(116160K) Class: 16624K(17344K)->16624K(17344K)
[2026-04-03T02:23:45.375+0600][76.665s][info][gc             ] GC(375) Pause Young (Concurrent Start) (GCLocker Initiated GC) 124M->101M(441M) 5.253ms
[2026-04-03T02:23:45.375+0600][76.665s][info][gc             ] GC(376) Concurrent Mark Cycle
[2026-04-03T02:23:45.375+0600][76.665s][info][gc,marking     ] GC(376) Concurrent Scan Root Regions
[2026-04-03T02:23:45.376+0600][76.665s][info][gc,cpu         ] GC(375) User=0.03s Sys=0.01s Real=0.00s
[2026-04-03T02:23:45.378+0600][76.668s][info][gc,marking     ] GC(376) Concurrent Scan Root Regions 2.756ms
[2026-04-03T02:23:45.378+0600][76.668s][info][gc,marking     ] GC(376) Concurrent Mark
[2026-04-03T02:23:45.378+0600][76.668s][info][gc,marking     ] GC(376) Concurrent Mark From Roots
[2026-04-03T02:23:45.378+0600][76.668s][info][gc,task        ] GC(376) Using 3 workers of 3 for marking
[2026-04-03T02:23:45.479+0600][76.769s][info][gc,marking     ] GC(376) Concurrent Mark From Roots 100.514ms
[2026-04-03T02:23:45.479+0600][76.769s][info][gc,marking     ] GC(376) Concurrent Preclean
[2026-04-03T02:23:45.479+0600][76.769s][info][gc,marking     ] GC(376) Concurrent Preclean 0.373ms
[2026-04-03T02:23:45.480+0600][76.769s][info][gc,start       ] GC(376) Pause Remark
[2026-04-03T02:23:45.487+0600][76.777s][info][gc             ] GC(376) Pause Remark 231M->231M(441M) 7.435ms
[2026-04-03T02:23:45.487+0600][76.777s][info][gc,cpu         ] GC(376) User=0.05s Sys=0.00s Real=0.01s
[2026-04-03T02:23:45.487+0600][76.777s][info][gc,marking     ] GC(376) Concurrent Mark 109.061ms
[2026-04-03T02:23:45.487+0600][76.777s][info][gc,marking     ] GC(376) Concurrent Rebuild Remembered Sets and Scrub Regions
[2026-04-03T02:23:45.524+0600][76.814s][info][gc,marking     ] GC(376) Concurrent Rebuild Remembered Sets and Scrub Regions 36.478ms
[2026-04-03T02:23:45.524+0600][76.814s][info][gc,start       ] GC(376) Pause Cleanup
[2026-04-03T02:23:45.525+0600][76.814s][info][gc             ] GC(376) Pause Cleanup 270M->270M(441M) 0.240ms
[2026-04-03T02:23:45.525+0600][76.814s][info][gc,cpu         ] GC(376) User=0.00s Sys=0.00s Real=0.00s
[2026-04-03T02:23:45.525+0600][76.814s][info][gc,marking     ] GC(376) Concurrent Clear Claimed Marks
[2026-04-03T02:23:45.525+0600][76.815s][info][gc,marking     ] GC(376) Concurrent Clear Claimed Marks 0.369ms
[2026-04-03T02:23:45.525+0600][76.815s][info][gc,marking     ] GC(376) Concurrent Cleanup for Next Mark
[2026-04-03T02:23:45.526+0600][76.816s][info][gc,marking     ] GC(376) Concurrent Cleanup for Next Mark 0.906ms
[2026-04-03T02:23:45.526+0600][76.816s][info][gc             ] GC(376) Concurrent Mark Cycle 150.687ms
[2026-04-03T02:23:45.688+0600][76.977s][info][gc,start       ] GC(377) Pause Young (Prepare Mixed) (G1 Evacuation Pause)
[2026-04-03T02:23:45.688+0600][76.977s][info][gc,task        ] GC(377) Using 10 workers of 10 for evacuation
[2026-04-03T02:23:45.691+0600][76.981s][info][gc,phases      ] GC(377)   Pre Evacuate Collection Set: 0.28ms
[2026-04-03T02:23:45.692+0600][76.981s][info][gc,phases      ] GC(377)   Merge Heap Roots: 0.17ms
[2026-04-03T02:23:45.692+0600][76.981s][info][gc,phases      ] GC(377)   Evacuate Collection Set: 2.72ms
[2026-04-03T02:23:45.692+0600][76.981s][info][gc,phases      ] GC(377)   Post Evacuate Collection Set: 0.55ms
[2026-04-03T02:23:45.692+0600][76.981s][info][gc,phases      ] GC(377)   Other: 0.09ms
[2026-04-03T02:23:45.692+0600][76.981s][info][gc,heap        ] GC(377) Eden regions: 198->0(262)
[2026-04-03T02:23:45.692+0600][76.981s][info][gc,heap        ] GC(377) Survivor regions: 8->6(33)
[2026-04-03T02:23:45.692+0600][76.981s][info][gc,heap        ] GC(377) Old regions: 87->87
[2026-04-03T02:23:45.692+0600][76.981s][info][gc,heap        ] GC(377) Humongous regions: 148->8
[2026-04-03T02:23:45.692+0600][76.981s][info][gc,metaspace   ] GC(377) Metaspace: 132066K(133504K)->132066K(133504K) NonClass: 115442K(116160K)->115442K(116160K) Class: 16624K(17344K)->16624K(17344K)
[2026-04-03T02:23:45.692+0600][76.981s][info][gc             ] GC(377) Pause Young (Prepare Mixed) (G1 Evacuation Pause) 439M->100M(447M) 4.058ms
[2026-04-03T02:23:45.692+0600][76.981s][info][gc,cpu         ] GC(377) User=0.02s Sys=0.00s Real=0.01s
[2026-04-03T02:23:45.931+0600][77.221s][info][gc,start       ] GC(378) Pause Young (Mixed) (G1 Evacuation Pause)
[2026-04-03T02:23:45.932+0600][77.221s][info][gc,task        ] GC(378) Using 10 workers of 10 for evacuation
[2026-04-03T02:23:45.937+0600][77.227s][info][gc,phases      ] GC(378)   Pre Evacuate Collection Set: 0.58ms
[2026-04-03T02:23:45.937+0600][77.227s][info][gc,phases      ] GC(378)   Merge Heap Roots: 0.28ms
[2026-04-03T02:23:45.937+0600][77.227s][info][gc,phases      ] GC(378)   Evacuate Collection Set: 3.43ms
[2026-04-03T02:23:45.937+0600][77.227s][info][gc,phases      ] GC(378)   Post Evacuate Collection Set: 0.89ms
[2026-04-03T02:23:45.937+0600][77.227s][info][gc,phases      ] GC(378)   Other: 0.13ms
[2026-04-03T02:23:45.937+0600][77.227s][info][gc,heap        ] GC(378) Eden regions: 262->0(261)
[2026-04-03T02:23:45.937+0600][77.227s][info][gc,heap        ] GC(378) Survivor regions: 6->7(34)
[2026-04-03T02:23:45.937+0600][77.227s][info][gc,heap        ] GC(378) Old regions: 87->88
[2026-04-03T02:23:45.937+0600][77.227s][info][gc,heap        ] GC(378) Humongous regions: 83->8
[2026-04-03T02:23:45.937+0600][77.227s][info][gc,metaspace   ] GC(378) Metaspace: 132067K(133504K)->132067K(133504K) NonClass: 115443K(116160K)->115443K(116160K) Class: 16624K(17344K)->16624K(17344K)
[2026-04-03T02:23:45.937+0600][77.227s][info][gc             ] GC(378) Pause Young (Mixed) (G1 Evacuation Pause) 437M->101M(447M) 5.674ms
[2026-04-03T02:23:45.937+0600][77.227s][info][gc,cpu         ] GC(378) User=0.03s Sys=0.01s Real=0.00s
[2026-04-03T02:23:45.941+0600][77.230s][info][gc,start       ] GC(379) Pause Young (Concurrent Start) (G1 Humongous Allocation)
[2026-04-03T02:23:45.941+0600][77.230s][info][gc,task        ] GC(379) Using 10 workers of 10 for evacuation
[2026-04-03T02:23:45.945+0600][77.235s][info][gc,phases      ] GC(379)   Pre Evacuate Collection Set: 0.53ms
[2026-04-03T02:23:45.946+0600][77.235s][info][gc,phases      ] GC(379)   Merge Heap Roots: 0.23ms
[2026-04-03T02:23:45.946+0600][77.235s][info][gc,phases      ] GC(379)   Evacuate Collection Set: 2.74ms
[2026-04-03T02:23:45.946+0600][77.235s][info][gc,phases      ] GC(379)   Post Evacuate Collection Set: 1.00ms
[2026-04-03T02:23:45.946+0600][77.235s][info][gc,phases      ] GC(379)   Other: 0.32ms
[2026-04-03T02:23:45.946+0600][77.235s][info][gc,heap        ] GC(379) Eden regions: 6->0(262)
[2026-04-03T02:23:45.946+0600][77.235s][info][gc,heap        ] GC(379) Survivor regions: 7->6(34)
[2026-04-03T02:23:45.946+0600][77.235s][info][gc,heap        ] GC(379) Old regions: 88->88
[2026-04-03T02:23:45.946+0600][77.235s][info][gc,heap        ] GC(379) Humongous regions: 10->8
[2026-04-03T02:23:45.946+0600][77.235s][info][gc,metaspace   ] GC(379) Metaspace: 132067K(133504K)->132067K(133504K) NonClass: 115443K(116160K)->115443K(116160K) Class: 16624K(17344K)->16624K(17344K)
[2026-04-03T02:23:45.946+0600][77.236s][info][gc             ] GC(379) Pause Young (Concurrent Start) (G1 Humongous Allocation) 109M->101M(447M) 5.195ms
[2026-04-03T02:23:45.946+0600][77.236s][info][gc,cpu         ] GC(379) User=0.03s Sys=0.00s Real=0.00s
[2026-04-03T02:23:45.946+0600][77.236s][info][gc             ] GC(380) Concurrent Mark Cycle
[2026-04-03T02:23:45.946+0600][77.236s][info][gc,marking     ] GC(380) Concurrent Scan Root Regions
[2026-04-03T02:23:45.949+0600][77.239s][info][gc,marking     ] GC(380) Concurrent Scan Root Regions 3.028ms
[2026-04-03T02:23:45.949+0600][77.239s][info][gc,marking     ] GC(380) Concurrent Mark
[2026-04-03T02:23:45.949+0600][77.239s][info][gc,marking     ] GC(380) Concurrent Mark From Roots
[2026-04-03T02:23:45.949+0600][77.239s][info][gc,task        ] GC(380) Using 3 workers of 3 for marking
[2026-04-03T02:23:46.027+0600][77.317s][info][gc,marking     ] GC(380) Concurrent Mark From Roots 77.837ms
[2026-04-03T02:23:46.027+0600][77.317s][info][gc,marking     ] GC(380) Concurrent Preclean
[2026-04-03T02:23:46.028+0600][77.317s][info][gc,marking     ] GC(380) Concurrent Preclean 0.370ms
[2026-04-03T02:23:46.028+0600][77.318s][info][gc,start       ] GC(380) Pause Remark
[2026-04-03T02:23:46.036+0600][77.325s][info][gc             ] GC(380) Pause Remark 148M->148M(414M) 7.787ms
[2026-04-03T02:23:46.036+0600][77.326s][info][gc,cpu         ] GC(380) User=0.05s Sys=0.00s Real=0.01s
[2026-04-03T02:23:46.036+0600][77.326s][info][gc,marking     ] GC(380) Concurrent Mark 86.696ms
[2026-04-03T02:23:46.036+0600][77.326s][info][gc,marking     ] GC(380) Concurrent Rebuild Remembered Sets and Scrub Regions
[2026-04-03T02:23:46.061+0600][77.350s][info][gc,marking     ] GC(380) Concurrent Rebuild Remembered Sets and Scrub Regions 24.524ms
[2026-04-03T02:23:46.061+0600][77.351s][info][gc,start       ] GC(380) Pause Cleanup
[2026-04-03T02:23:46.061+0600][77.351s][info][gc             ] GC(380) Pause Cleanup 160M->160M(414M) 0.285ms
[2026-04-03T02:23:46.061+0600][77.351s][info][gc,cpu         ] GC(380) User=0.01s Sys=0.00s Real=0.00s
[2026-04-03T02:23:46.061+0600][77.351s][info][gc,marking     ] GC(380) Concurrent Clear Claimed Marks
[2026-04-03T02:23:46.062+0600][77.352s][info][gc,marking     ] GC(380) Concurrent Clear Claimed Marks 0.350ms
[2026-04-03T02:23:46.062+0600][77.352s][info][gc,marking     ] GC(380) Concurrent Cleanup for Next Mark
[2026-04-03T02:23:46.063+0600][77.352s][info][gc,marking     ] GC(380) Concurrent Cleanup for Next Mark 0.686ms
[2026-04-03T02:23:46.063+0600][77.352s][info][gc             ] GC(380) Concurrent Mark Cycle 116.541ms
[2026-04-03T02:23:46.099+0600][77.388s][info][gc,start       ] GC(381) Pause Young (Prepare Mixed) (G1 Evacuation Pause)
[2026-04-03T02:23:46.099+0600][77.388s][info][gc,task        ] GC(381) Using 10 workers of 10 for evacuation
[2026-04-03T02:23:46.102+0600][77.392s][info][gc,phases      ] GC(381)   Pre Evacuate Collection Set: 0.42ms
[2026-04-03T02:23:46.102+0600][77.392s][info][gc,phases      ] GC(381)   Merge Heap Roots: 0.34ms
[2026-04-03T02:23:46.102+0600][77.392s][info][gc,phases      ] GC(381)   Evacuate Collection Set: 1.91ms
[2026-04-03T02:23:46.102+0600][77.392s][info][gc,phases      ] GC(381)   Post Evacuate Collection Set: 0.74ms
[2026-04-03T02:23:46.102+0600][77.392s][info][gc,phases      ] GC(381)   Other: 0.10ms
[2026-04-03T02:23:46.102+0600][77.392s][info][gc,heap        ] GC(381) Eden regions: 67->0(261)
[2026-04-03T02:23:46.102+0600][77.392s][info][gc,heap        ] GC(381) Survivor regions: 6->7(31)
[2026-04-03T02:23:46.102+0600][77.392s][info][gc,heap        ] GC(381) Old regions: 88->89
[2026-04-03T02:23:46.102+0600][77.392s][info][gc,heap        ] GC(381) Humongous regions: 278->13
[2026-04-03T02:23:46.102+0600][77.392s][info][gc,metaspace   ] GC(381) Metaspace: 132073K(133504K)->132073K(133504K) NonClass: 115449K(116160K)->115449K(116160K) Class: 16624K(17344K)->16624K(17344K)
[2026-04-03T02:23:46.102+0600][77.392s][info][gc             ] GC(381) Pause Young (Prepare Mixed) (G1 Evacuation Pause) 438M->107M(447M) 3.783ms
[2026-04-03T02:23:46.103+0600][77.392s][info][gc,cpu         ] GC(381) User=0.02s Sys=0.00s Real=0.01s
[2026-04-03T02:23:46.202+0600][77.491s][info][gc,start       ] GC(382) Pause Young (Mixed) (G1 Evacuation Pause)
[2026-04-03T02:23:46.202+0600][77.491s][info][gc,task        ] GC(382) Using 10 workers of 10 for evacuation
[2026-04-03T02:23:46.206+0600][77.496s][info][gc,phases      ] GC(382)   Pre Evacuate Collection Set: 0.31ms
[2026-04-03T02:23:46.206+0600][77.496s][info][gc,phases      ] GC(382)   Merge Heap Roots: 0.16ms
[2026-04-03T02:23:46.206+0600][77.496s][info][gc,phases      ] GC(382)   Evacuate Collection Set: 3.02ms
[2026-04-03T02:23:46.206+0600][77.496s][info][gc,phases      ] GC(382)   Post Evacuate Collection Set: 0.88ms
[2026-04-03T02:23:46.206+0600][77.496s][info][gc,phases      ] GC(382)   Other: 0.08ms
[2026-04-03T02:23:46.206+0600][77.496s][info][gc,heap        ] GC(382) Eden regions: 64->0(352)
[2026-04-03T02:23:46.206+0600][77.496s][info][gc,heap        ] GC(382) Survivor regions: 7->6(34)
[2026-04-03T02:23:46.206+0600][77.496s][info][gc,heap        ] GC(382) Old regions: 89->88
[2026-04-03T02:23:46.206+0600][77.496s][info][gc,heap        ] GC(382) Humongous regions: 432->18
[2026-04-03T02:23:46.206+0600][77.496s][info][gc,metaspace   ] GC(382) Metaspace: 132073K(133504K)->132073K(133504K) NonClass: 115449K(116160K)->115449K(116160K) Class: 16624K(17344K)->16624K(17344K)
[2026-04-03T02:23:46.206+0600][77.496s][info][gc             ] GC(382) Pause Young (Mixed) (G1 Evacuation Pause) 590M->111M(598M) 4.687ms
[2026-04-03T02:23:46.207+0600][77.496s][info][gc,cpu         ] GC(382) User=0.01s Sys=0.02s Real=0.00s
[2026-04-03T02:23:46.275+0600][77.565s][info][gc,start       ] GC(383) Pause Young (Concurrent Start) (G1 Humongous Allocation)
[2026-04-03T02:23:46.275+0600][77.565s][info][gc,task        ] GC(383) Using 10 workers of 10 for evacuation
[2026-04-03T02:23:46.278+0600][77.568s][info][gc,phases      ] GC(383)   Pre Evacuate Collection Set: 0.35ms
[2026-04-03T02:23:46.278+0600][77.568s][info][gc,phases      ] GC(383)   Merge Heap Roots: 0.15ms
[2026-04-03T02:23:46.278+0600][77.568s][info][gc,phases      ] GC(383)   Evacuate Collection Set: 1.43ms
[2026-04-03T02:23:46.278+0600][77.568s][info][gc,phases      ] GC(383)   Post Evacuate Collection Set: 0.43ms
[2026-04-03T02:23:46.278+0600][77.568s][info][gc,phases      ] GC(383)   Other: 0.20ms
[2026-04-03T02:23:46.278+0600][77.568s][info][gc,heap        ] GC(383) Eden regions: 74->0(354)
[2026-04-03T02:23:46.278+0600][77.568s][info][gc,heap        ] GC(383) Survivor regions: 6->4(45)
[2026-04-03T02:23:46.278+0600][77.568s][info][gc,heap        ] GC(383) Old regions: 88->88
[2026-04-03T02:23:46.278+0600][77.568s][info][gc,heap        ] GC(383) Humongous regions: 91->8
[2026-04-03T02:23:46.278+0600][77.568s][info][gc,metaspace   ] GC(383) Metaspace: 132073K(133504K)->132073K(133504K) NonClass: 115449K(116160K)->115449K(116160K) Class: 16624K(17344K)->16624K(17344K)
[2026-04-03T02:23:46.278+0600][77.568s][info][gc             ] GC(383) Pause Young (Concurrent Start) (G1 Humongous Allocation) 258M->98M(598M) 2.824ms
[2026-04-03T02:23:46.278+0600][77.568s][info][gc             ] GC(384) Concurrent Undo Cycle
[2026-04-03T02:23:46.278+0600][77.568s][info][gc,cpu         ] GC(383) User=0.02s Sys=0.00s Real=0.00s
[2026-04-03T02:23:46.278+0600][77.568s][info][gc,marking     ] GC(384) Concurrent Clear Claimed Marks
[2026-04-03T02:23:46.278+0600][77.568s][info][gc,marking     ] GC(384) Concurrent Clear Claimed Marks 0.266ms
[2026-04-03T02:23:46.278+0600][77.568s][info][gc,marking     ] GC(384) Concurrent Cleanup for Next Mark
[2026-04-03T02:23:46.279+0600][77.568s][info][gc,marking     ] GC(384) Concurrent Cleanup for Next Mark 0.166ms
[2026-04-03T02:23:46.279+0600][77.568s][info][gc             ] GC(384) Concurrent Undo Cycle 0.554ms
[2026-04-03T02:23:46.284+0600][77.574s][info][gc,start       ] GC(385) Pause Young (Concurrent Start) (G1 Humongous Allocation)
[2026-04-03T02:23:46.284+0600][77.574s][info][gc,task        ] GC(385) Using 10 workers of 10 for evacuation
[2026-04-03T02:23:46.286+0600][77.576s][info][gc,phases      ] GC(385)   Pre Evacuate Collection Set: 0.26ms
[2026-04-03T02:23:46.286+0600][77.576s][info][gc,phases      ] GC(385)   Merge Heap Roots: 0.08ms
[2026-04-03T02:23:46.286+0600][77.576s][info][gc,phases      ] GC(385)   Evacuate Collection Set: 1.19ms
[2026-04-03T02:23:46.286+0600][77.576s][info][gc,phases      ] GC(385)   Post Evacuate Collection Set: 0.61ms
[2026-04-03T02:23:46.286+0600][77.576s][info][gc,phases      ] GC(385)   Other: 0.11ms
[2026-04-03T02:23:46.286+0600][77.576s][info][gc,heap        ] GC(385) Eden regions: 2->0(354)
[2026-04-03T02:23:46.286+0600][77.576s][info][gc,heap        ] GC(385) Survivor regions: 4->4(45)
[2026-04-03T02:23:46.286+0600][77.576s][info][gc,heap        ] GC(385) Old regions: 88->88
[2026-04-03T02:23:46.286+0600][77.576s][info][gc,heap        ] GC(385) Humongous regions: 10->8
[2026-04-03T02:23:46.286+0600][77.576s][info][gc,metaspace   ] GC(385) Metaspace: 132073K(133504K)->132073K(133504K) NonClass: 115449K(116160K)->115449K(116160K) Class: 16624K(17344K)->16624K(17344K)
[2026-04-03T02:23:46.286+0600][77.576s][info][gc             ] GC(385) Pause Young (Concurrent Start) (G1 Humongous Allocation) 102M->98M(598M) 2.492ms
[2026-04-03T02:23:46.287+0600][77.576s][info][gc             ] GC(386) Concurrent Mark Cycle
[2026-04-03T02:23:46.287+0600][77.576s][info][gc,marking     ] GC(386) Concurrent Scan Root Regions
[2026-04-03T02:23:46.287+0600][77.576s][info][gc,cpu         ] GC(385) User=0.02s Sys=0.01s Real=0.00s
[2026-04-03T02:23:46.289+0600][77.578s][info][gc,marking     ] GC(386) Concurrent Scan Root Regions 2.211ms
[2026-04-03T02:23:46.289+0600][77.579s][info][gc,marking     ] GC(386) Concurrent Mark
[2026-04-03T02:23:46.289+0600][77.579s][info][gc,marking     ] GC(386) Concurrent Mark From Roots
[2026-04-03T02:23:46.289+0600][77.579s][info][gc,task        ] GC(386) Using 3 workers of 3 for marking
[2026-04-03T02:23:46.386+0600][77.676s][info][gc,marking     ] GC(386) Concurrent Mark From Roots 97.287ms
[2026-04-03T02:23:46.386+0600][77.676s][info][gc,marking     ] GC(386) Concurrent Preclean
[2026-04-03T02:23:46.387+0600][77.676s][info][gc,marking     ] GC(386) Concurrent Preclean 0.536ms
[2026-04-03T02:23:46.387+0600][77.677s][info][gc,start       ] GC(386) Pause Remark
[2026-04-03T02:23:46.396+0600][77.686s][info][gc             ] GC(386) Pause Remark 173M->173M(490M) 8.787ms
[2026-04-03T02:23:46.396+0600][77.686s][info][gc,cpu         ] GC(386) User=0.06s Sys=0.01s Real=0.01s
[2026-04-03T02:23:46.396+0600][77.686s][info][gc,marking     ] GC(386) Concurrent Mark 107.400ms
[2026-04-03T02:23:46.396+0600][77.686s][info][gc,marking     ] GC(386) Concurrent Rebuild Remembered Sets and Scrub Regions
[2026-04-03T02:23:46.424+0600][77.714s][info][gc,marking     ] GC(386) Concurrent Rebuild Remembered Sets and Scrub Regions 28.028ms
[2026-04-03T02:23:46.425+0600][77.714s][info][gc,start       ] GC(386) Pause Cleanup
[2026-04-03T02:23:46.425+0600][77.715s][info][gc             ] GC(386) Pause Cleanup 182M->182M(490M) 0.236ms
[2026-04-03T02:23:46.425+0600][77.715s][info][gc,cpu         ] GC(386) User=0.00s Sys=0.00s Real=0.00s
[2026-04-03T02:23:46.425+0600][77.715s][info][gc,marking     ] GC(386) Concurrent Clear Claimed Marks
[2026-04-03T02:23:46.426+0600][77.715s][info][gc,marking     ] GC(386) Concurrent Clear Claimed Marks 0.298ms
[2026-04-03T02:23:46.426+0600][77.715s][info][gc,marking     ] GC(386) Concurrent Cleanup for Next Mark
[2026-04-03T02:23:46.426+0600][77.716s][info][gc,marking     ] GC(386) Concurrent Cleanup for Next Mark 0.668ms
[2026-04-03T02:23:46.426+0600][77.716s][info][gc             ] GC(386) Concurrent Mark Cycle 139.707ms
[2026-04-03T02:23:46.785+0600][78.075s][info][gc,start       ] GC(387) Pause Young (Prepare Mixed) (GCLocker Initiated GC)
[2026-04-03T02:23:46.785+0600][78.075s][info][gc,task        ] GC(387) Using 10 workers of 10 for evacuation
[2026-04-03T02:23:46.791+0600][78.081s][info][gc,phases      ] GC(387)   Pre Evacuate Collection Set: 0.56ms
[2026-04-03T02:23:46.791+0600][78.081s][info][gc,phases      ] GC(387)   Merge Heap Roots: 0.33ms
[2026-04-03T02:23:46.791+0600][78.081s][info][gc,phases      ] GC(387)   Evacuate Collection Set: 4.23ms
[2026-04-03T02:23:46.791+0600][78.081s][info][gc,phases      ] GC(387)   Post Evacuate Collection Set: 0.82ms
[2026-04-03T02:23:46.791+0600][78.081s][info][gc,phases      ] GC(387)   Other: 0.12ms
[2026-04-03T02:23:46.791+0600][78.081s][info][gc,heap        ] GC(387) Eden regions: 270->0(293)
[2026-04-03T02:23:46.791+0600][78.081s][info][gc,heap        ] GC(387) Survivor regions: 4->7(37)
[2026-04-03T02:23:46.791+0600][78.081s][info][gc,heap        ] GC(387) Old regions: 88->89
[2026-04-03T02:23:46.791+0600][78.081s][info][gc,heap        ] GC(387) Humongous regions: 130->8
[2026-04-03T02:23:46.791+0600][78.081s][info][gc,metaspace   ] GC(387) Metaspace: 132076K(133504K)->132076K(133504K) NonClass: 115452K(116160K)->115452K(116160K) Class: 16624K(17344K)->16624K(17344K)
[2026-04-03T02:23:46.791+0600][78.081s][info][gc             ] GC(387) Pause Young (Prepare Mixed) (GCLocker Initiated GC) 490M->101M(500M) 6.385ms
[2026-04-03T02:23:46.792+0600][78.081s][info][gc,cpu         ] GC(387) User=0.02s Sys=0.01s Real=0.01s
[2026-04-03T02:23:47.059+0600][78.348s][info][gc,start       ] GC(388) Pause Young (Mixed) (G1 Evacuation Pause)
[2026-04-03T02:23:47.059+0600][78.348s][info][gc,task        ] GC(388) Using 10 workers of 10 for evacuation
[2026-04-03T02:23:47.064+0600][78.354s][info][gc,phases      ] GC(388)   Pre Evacuate Collection Set: 0.31ms
[2026-04-03T02:23:47.064+0600][78.354s][info][gc,phases      ] GC(388)   Merge Heap Roots: 0.18ms
[2026-04-03T02:23:47.064+0600][78.354s][info][gc,phases      ] GC(388)   Evacuate Collection Set: 4.20ms
[2026-04-03T02:23:47.064+0600][78.354s][info][gc,phases      ] GC(388)   Post Evacuate Collection Set: 0.63ms
[2026-04-03T02:23:47.064+0600][78.354s][info][gc,phases      ] GC(388)   Other: 0.10ms
[2026-04-03T02:23:47.064+0600][78.354s][info][gc,heap        ] GC(388) Eden regions: 220->0(304)
[2026-04-03T02:23:47.064+0600][78.354s][info][gc,heap        ] GC(388) Survivor regions: 7->6(38)
[2026-04-03T02:23:47.064+0600][78.354s][info][gc,heap        ] GC(388) Old regions: 89->88
[2026-04-03T02:23:47.064+0600][78.354s][info][gc,heap        ] GC(388) Humongous regions: 195->8
[2026-04-03T02:23:47.064+0600][78.354s][info][gc,metaspace   ] GC(388) Metaspace: 132078K(133504K)->132078K(133504K) NonClass: 115453K(116160K)->115453K(116160K) Class: 16624K(17344K)->16624K(17344K)
[2026-04-03T02:23:47.064+0600][78.354s][info][gc             ] GC(388) Pause Young (Mixed) (G1 Evacuation Pause) 508M->101M(517M) 5.694ms
[2026-04-03T02:23:47.064+0600][78.354s][info][gc,cpu         ] GC(388) User=0.03s Sys=0.01s Real=0.01s
[2026-04-03T02:23:47.080+0600][78.369s][info][gc,start       ] GC(389) Pause Young (Concurrent Start) (GCLocker Initiated GC)
[2026-04-03T02:23:47.080+0600][78.369s][info][gc,task        ] GC(389) Using 10 workers of 10 for evacuation
[2026-04-03T02:23:47.084+0600][78.374s][info][gc,phases      ] GC(389)   Pre Evacuate Collection Set: 0.34ms
[2026-04-03T02:23:47.084+0600][78.374s][info][gc,phases      ] GC(389)   Merge Heap Roots: 0.16ms
[2026-04-03T02:23:47.084+0600][78.374s][info][gc,phases      ] GC(389)   Evacuate Collection Set: 3.27ms
[2026-04-03T02:23:47.084+0600][78.374s][info][gc,phases      ] GC(389)   Post Evacuate Collection Set: 0.70ms
[2026-04-03T02:23:47.085+0600][78.374s][info][gc,phases      ] GC(389)   Other: 0.20ms
[2026-04-03T02:23:47.085+0600][78.374s][info][gc,heap        ] GC(389) Eden regions: 15->0(304)
[2026-04-03T02:23:47.085+0600][78.374s][info][gc,heap        ] GC(389) Survivor regions: 6->6(39)
[2026-04-03T02:23:47.085+0600][78.374s][info][gc,heap        ] GC(389) Old regions: 88->88
[2026-04-03T02:23:47.085+0600][78.374s][info][gc,heap        ] GC(389) Humongous regions: 8->8
[2026-04-03T02:23:47.085+0600][78.374s][info][gc,metaspace   ] GC(389) Metaspace: 132078K(133504K)->132078K(133504K) NonClass: 115453K(116160K)->115453K(116160K) Class: 16624K(17344K)->16624K(17344K)
[2026-04-03T02:23:47.085+0600][78.374s][info][gc             ] GC(389) Pause Young (Concurrent Start) (GCLocker Initiated GC) 115M->101M(517M) 4.970ms
[2026-04-03T02:23:47.085+0600][78.374s][info][gc             ] GC(390) Concurrent Mark Cycle
[2026-04-03T02:23:47.085+0600][78.374s][info][gc,marking     ] GC(390) Concurrent Scan Root Regions
[2026-04-03T02:23:47.085+0600][78.374s][info][gc,cpu         ] GC(389) User=0.03s Sys=0.00s Real=0.01s
[2026-04-03T02:23:47.087+0600][78.377s][info][gc,marking     ] GC(390) Concurrent Scan Root Regions 2.569ms
[2026-04-03T02:23:47.087+0600][78.377s][info][gc,marking     ] GC(390) Concurrent Mark
[2026-04-03T02:23:47.087+0600][78.377s][info][gc,marking     ] GC(390) Concurrent Mark From Roots
[2026-04-03T02:23:47.087+0600][78.377s][info][gc,task        ] GC(390) Using 3 workers of 3 for marking
[2026-04-03T02:23:47.187+0600][78.477s][info][gc,marking     ] GC(390) Concurrent Mark From Roots 100.050ms
[2026-04-03T02:23:47.188+0600][78.477s][info][gc,marking     ] GC(390) Concurrent Preclean
[2026-04-03T02:23:47.188+0600][78.478s][info][gc,marking     ] GC(390) Concurrent Preclean 0.489ms
[2026-04-03T02:23:47.188+0600][78.478s][info][gc,start       ] GC(390) Pause Remark
[2026-04-03T02:23:47.198+0600][78.487s][info][gc             ] GC(390) Pause Remark 225M->225M(517M) 9.384ms
[2026-04-03T02:23:47.198+0600][78.488s][info][gc,cpu         ] GC(390) User=0.06s Sys=0.00s Real=0.01s
[2026-04-03T02:23:47.198+0600][78.488s][info][gc,marking     ] GC(390) Concurrent Mark 110.717ms
[2026-04-03T02:23:47.198+0600][78.488s][info][gc,marking     ] GC(390) Concurrent Rebuild Remembered Sets and Scrub Regions
[2026-04-03T02:23:47.236+0600][78.525s][info][gc,marking     ] GC(390) Concurrent Rebuild Remembered Sets and Scrub Regions 37.559ms
[2026-04-03T02:23:47.236+0600][78.526s][info][gc,start       ] GC(390) Pause Cleanup
[2026-04-03T02:23:47.237+0600][78.526s][info][gc             ] GC(390) Pause Cleanup 253M->253M(517M) 0.268ms
[2026-04-03T02:23:47.237+0600][78.526s][info][gc,cpu         ] GC(390) User=0.00s Sys=0.00s Real=0.00s
[2026-04-03T02:23:47.237+0600][78.526s][info][gc,marking     ] GC(390) Concurrent Clear Claimed Marks
[2026-04-03T02:23:47.237+0600][78.527s][info][gc,marking     ] GC(390) Concurrent Clear Claimed Marks 0.371ms
[2026-04-03T02:23:47.237+0600][78.527s][info][gc,marking     ] GC(390) Concurrent Cleanup for Next Mark
[2026-04-03T02:23:47.239+0600][78.528s][info][gc,marking     ] GC(390) Concurrent Cleanup for Next Mark 1.442ms
[2026-04-03T02:23:47.239+0600][78.528s][info][gc             ] GC(390) Concurrent Mark Cycle 154.071ms
[2026-04-03T02:23:47.442+0600][78.732s][info][gc,start       ] GC(391) Pause Young (Prepare Mixed) (G1 Evacuation Pause)
[2026-04-03T02:23:47.442+0600][78.732s][info][gc,task        ] GC(391) Using 10 workers of 10 for evacuation
[2026-04-03T02:23:47.447+0600][78.737s][info][gc,phases      ] GC(391)   Pre Evacuate Collection Set: 0.19ms
[2026-04-03T02:23:47.447+0600][78.737s][info][gc,phases      ] GC(391)   Merge Heap Roots: 0.19ms
[2026-04-03T02:23:47.447+0600][78.737s][info][gc,phases      ] GC(391)   Evacuate Collection Set: 3.74ms
[2026-04-03T02:23:47.447+0600][78.737s][info][gc,phases      ] GC(391)   Post Evacuate Collection Set: 0.73ms
[2026-04-03T02:23:47.447+0600][78.737s][info][gc,phases      ] GC(391)   Other: 0.12ms
[2026-04-03T02:23:47.447+0600][78.737s][info][gc,heap        ] GC(391) Eden regions: 231->0(314)
[2026-04-03T02:23:47.447+0600][78.737s][info][gc,heap        ] GC(391) Survivor regions: 6->7(40)
[2026-04-03T02:23:47.447+0600][78.737s][info][gc,heap        ] GC(391) Old regions: 88->89
[2026-04-03T02:23:47.447+0600][78.737s][info][gc,heap        ] GC(391) Humongous regions: 202->8
[2026-04-03T02:23:47.447+0600][78.737s][info][gc,metaspace   ] GC(391) Metaspace: 132078K(133504K)->132078K(133504K) NonClass: 115453K(116160K)->115453K(116160K) Class: 16624K(17344K)->16624K(17344K)
[2026-04-03T02:23:47.447+0600][78.737s][info][gc             ] GC(391) Pause Young (Prepare Mixed) (G1 Evacuation Pause) 526M->102M(535M) 5.246ms
[2026-04-03T02:23:47.447+0600][78.737s][info][gc,cpu         ] GC(391) User=0.03s Sys=0.00s Real=0.00s
[2026-04-03T02:23:47.950+0600][79.240s][info][gc,start       ] GC(392) Pause Young (Mixed) (G1 Evacuation Pause)
[2026-04-03T02:23:47.950+0600][79.240s][info][gc,task        ] GC(392) Using 10 workers of 10 for evacuation
[2026-04-03T02:23:47.956+0600][79.246s][info][gc,phases      ] GC(392)   Pre Evacuate Collection Set: 0.52ms
[2026-04-03T02:23:47.956+0600][79.246s][info][gc,phases      ] GC(392)   Merge Heap Roots: 0.27ms
[2026-04-03T02:23:47.956+0600][79.246s][info][gc,phases      ] GC(392)   Evacuate Collection Set: 4.17ms
[2026-04-03T02:23:47.956+0600][79.246s][info][gc,phases      ] GC(392)   Post Evacuate Collection Set: 0.66ms
[2026-04-03T02:23:47.956+0600][79.246s][info][gc,phases      ] GC(392)   Other: 0.14ms
[2026-04-03T02:23:47.956+0600][79.246s][info][gc,heap        ] GC(392) Eden regions: 300->0(318)
[2026-04-03T02:23:47.956+0600][79.246s][info][gc,heap        ] GC(392) Survivor regions: 7->7(41)
[2026-04-03T02:23:47.956+0600][79.246s][info][gc,heap        ] GC(392) Old regions: 89->88
[2026-04-03T02:23:47.956+0600][79.246s][info][gc,heap        ] GC(392) Humongous regions: 139->8
[2026-04-03T02:23:47.956+0600][79.246s][info][gc,metaspace   ] GC(392) Metaspace: 132116K(133568K)->132116K(133568K) NonClass: 115485K(116224K)->115485K(116224K) Class: 16630K(17344K)->16630K(17344K)
[2026-04-03T02:23:47.956+0600][79.246s][info][gc             ] GC(392) Pause Young (Mixed) (G1 Evacuation Pause) 533M->102M(542M) 6.045ms
[2026-04-03T02:23:47.956+0600][79.246s][info][gc,cpu         ] GC(392) User=0.03s Sys=0.01s Real=0.00s
[2026-04-03T02:23:47.964+0600][79.253s][info][gc,start       ] GC(393) Pause Young (Concurrent Start) (GCLocker Initiated GC)
[2026-04-03T02:23:47.964+0600][79.254s][info][gc,task        ] GC(393) Using 10 workers of 10 for evacuation
[2026-04-03T02:23:47.968+0600][79.258s][info][gc,phases      ] GC(393)   Pre Evacuate Collection Set: 0.39ms
[2026-04-03T02:23:47.968+0600][79.258s][info][gc,phases      ] GC(393)   Merge Heap Roots: 0.15ms
[2026-04-03T02:23:47.968+0600][79.258s][info][gc,phases      ] GC(393)   Evacuate Collection Set: 2.78ms
[2026-04-03T02:23:47.968+0600][79.258s][info][gc,phases      ] GC(393)   Post Evacuate Collection Set: 0.73ms
[2026-04-03T02:23:47.968+0600][79.258s][info][gc,phases      ] GC(393)   Other: 0.16ms
[2026-04-03T02:23:47.968+0600][79.258s][info][gc,heap        ] GC(393) Eden regions: 11->0(318)
[2026-04-03T02:23:47.968+0600][79.258s][info][gc,heap        ] GC(393) Survivor regions: 7->7(41)
[2026-04-03T02:23:47.968+0600][79.258s][info][gc,heap        ] GC(393) Old regions: 88->88
[2026-04-03T02:23:47.968+0600][79.258s][info][gc,heap        ] GC(393) Humongous regions: 8->8
[2026-04-03T02:23:47.968+0600][79.258s][info][gc,metaspace   ] GC(393) Metaspace: 132116K(133568K)->132116K(133568K) NonClass: 115485K(116224K)->115485K(116224K) Class: 16630K(17344K)->16630K(17344K)
[2026-04-03T02:23:47.968+0600][79.258s][info][gc             ] GC(393) Pause Young (Concurrent Start) (GCLocker Initiated GC) 113M->101M(542M) 4.594ms
[2026-04-03T02:23:47.968+0600][79.258s][info][gc             ] GC(394) Concurrent Mark Cycle
[2026-04-03T02:23:47.968+0600][79.258s][info][gc,marking     ] GC(394) Concurrent Scan Root Regions
[2026-04-03T02:23:47.968+0600][79.258s][info][gc,cpu         ] GC(393) User=0.04s Sys=0.00s Real=0.00s
[2026-04-03T02:23:47.971+0600][79.261s][info][gc,marking     ] GC(394) Concurrent Scan Root Regions 2.794ms
[2026-04-03T02:23:47.971+0600][79.261s][info][gc,marking     ] GC(394) Concurrent Mark
[2026-04-03T02:23:47.971+0600][79.261s][info][gc,marking     ] GC(394) Concurrent Mark From Roots
[2026-04-03T02:23:47.971+0600][79.261s][info][gc,task        ] GC(394) Using 3 workers of 3 for marking
[2026-04-03T02:23:48.073+0600][79.362s][info][gc,marking     ] GC(394) Concurrent Mark From Roots 101.480ms
[2026-04-03T02:23:48.073+0600][79.363s][info][gc,marking     ] GC(394) Concurrent Preclean
[2026-04-03T02:23:48.074+0600][79.363s][info][gc,marking     ] GC(394) Concurrent Preclean 0.709ms
[2026-04-03T02:23:48.074+0600][79.364s][info][gc,start       ] GC(394) Pause Remark
[2026-04-03T02:23:48.083+0600][79.373s][info][gc             ] GC(394) Pause Remark 236M->236M(542M) 9.226ms
[2026-04-03T02:23:48.083+0600][79.373s][info][gc,cpu         ] GC(394) User=0.07s Sys=0.00s Real=0.01s
[2026-04-03T02:23:48.084+0600][79.373s][info][gc,marking     ] GC(394) Concurrent Mark 112.548ms
[2026-04-03T02:23:48.084+0600][79.374s][info][gc,marking     ] GC(394) Concurrent Rebuild Remembered Sets and Scrub Regions
[2026-04-03T02:23:48.123+0600][79.413s][info][gc,marking     ] GC(394) Concurrent Rebuild Remembered Sets and Scrub Regions 39.068ms
[2026-04-03T02:23:48.124+0600][79.413s][info][gc,start       ] GC(394) Pause Cleanup
[2026-04-03T02:23:48.124+0600][79.414s][info][gc             ] GC(394) Pause Cleanup 275M->275M(542M) 0.429ms
[2026-04-03T02:23:48.124+0600][79.414s][info][gc,cpu         ] GC(394) User=0.00s Sys=0.01s Real=0.00s
[2026-04-03T02:23:48.125+0600][79.414s][info][gc,marking     ] GC(394) Concurrent Clear Claimed Marks
[2026-04-03T02:23:48.125+0600][79.415s][info][gc,marking     ] GC(394) Concurrent Clear Claimed Marks 0.468ms
[2026-04-03T02:23:48.125+0600][79.415s][info][gc,marking     ] GC(394) Concurrent Cleanup for Next Mark
[2026-04-03T02:23:48.127+0600][79.416s][info][gc,marking     ] GC(394) Concurrent Cleanup for Next Mark 1.215ms
[2026-04-03T02:23:48.127+0600][79.416s][info][gc             ] GC(394) Concurrent Mark Cycle 158.308ms
[2026-04-03T02:23:48.291+0600][79.580s][info][gc,start       ] GC(395) Pause Young (Prepare Mixed) (G1 Evacuation Pause)
[2026-04-03T02:23:48.291+0600][79.580s][info][gc,task        ] GC(395) Using 10 workers of 10 for evacuation
[2026-04-03T02:23:48.295+0600][79.585s][info][gc,phases      ] GC(395)   Pre Evacuate Collection Set: 0.44ms
[2026-04-03T02:23:48.296+0600][79.585s][info][gc,phases      ] GC(395)   Merge Heap Roots: 0.19ms
[2026-04-03T02:23:48.296+0600][79.585s][info][gc,phases      ] GC(395)   Evacuate Collection Set: 3.05ms
[2026-04-03T02:23:48.296+0600][79.585s][info][gc,phases      ] GC(395)   Post Evacuate Collection Set: 1.01ms
[2026-04-03T02:23:48.296+0600][79.585s][info][gc,phases      ] GC(395)   Other: 0.14ms
[2026-04-03T02:23:48.296+0600][79.585s][info][gc,heap        ] GC(395) Eden regions: 244->0(328)
[2026-04-03T02:23:48.296+0600][79.585s][info][gc,heap        ] GC(395) Survivor regions: 7->6(41)
[2026-04-03T02:23:48.296+0600][79.585s][info][gc,heap        ] GC(395) Old regions: 88->88
[2026-04-03T02:23:48.296+0600][79.585s][info][gc,heap        ] GC(395) Humongous regions: 213->10
[2026-04-03T02:23:48.296+0600][79.585s][info][gc,metaspace   ] GC(395) Metaspace: 132116K(133568K)->132116K(133568K) NonClass: 115485K(116224K)->115485K(116224K) Class: 16630K(17344K)->16630K(17344K)
[2026-04-03T02:23:48.296+0600][79.585s][info][gc             ] GC(395) Pause Young (Prepare Mixed) (G1 Evacuation Pause) 550M->102M(558M) 5.172ms
[2026-04-03T02:23:48.296+0600][79.586s][info][gc,cpu         ] GC(395) User=0.02s Sys=0.01s Real=0.00s
[2026-04-03T02:23:48.643+0600][79.932s][info][gc,start       ] GC(396) Pause Young (Mixed) (G1 Evacuation Pause)
[2026-04-03T02:23:48.643+0600][79.932s][info][gc,task        ] GC(396) Using 10 workers of 10 for evacuation
[2026-04-03T02:23:48.650+0600][79.940s][info][gc,phases      ] GC(396)   Pre Evacuate Collection Set: 0.41ms
[2026-04-03T02:23:48.650+0600][79.940s][info][gc,phases      ] GC(396)   Merge Heap Roots: 0.29ms
[2026-04-03T02:23:48.651+0600][79.940s][info][gc,phases      ] GC(396)   Evacuate Collection Set: 5.97ms
[2026-04-03T02:23:48.651+0600][79.940s][info][gc,phases      ] GC(396)   Post Evacuate Collection Set: 0.92ms
[2026-04-03T02:23:48.651+0600][79.940s][info][gc,phases      ] GC(396)   Other: 0.14ms
[2026-04-03T02:23:48.651+0600][79.940s][info][gc,heap        ] GC(396) Eden regions: 282->0(330)
[2026-04-03T02:23:48.651+0600][79.940s][info][gc,heap        ] GC(396) Survivor regions: 6->10(42)
[2026-04-03T02:23:48.651+0600][79.940s][info][gc,heap        ] GC(396) Old regions: 88->87
[2026-04-03T02:23:48.651+0600][79.940s][info][gc,heap        ] GC(396) Humongous regions: 182->8
[2026-04-03T02:23:48.651+0600][79.940s][info][gc,metaspace   ] GC(396) Metaspace: 132122K(133568K)->132122K(133568K) NonClass: 115490K(116224K)->115490K(116224K) Class: 16631K(17344K)->16631K(17344K)
[2026-04-03T02:23:48.651+0600][79.940s][info][gc             ] GC(396) Pause Young (Mixed) (G1 Evacuation Pause) 556M->104M(568M) 8.072ms
[2026-04-03T02:23:48.651+0600][79.940s][info][gc,cpu         ] GC(396) User=0.03s Sys=0.02s Real=0.01s
[2026-04-03T02:23:48.666+0600][79.956s][info][gc,start       ] GC(397) Pause Young (Concurrent Start) (G1 Humongous Allocation)
[2026-04-03T02:23:48.666+0600][79.956s][info][gc,task        ] GC(397) Using 10 workers of 10 for evacuation
[2026-04-03T02:23:48.670+0600][79.960s][info][gc,phases      ] GC(397)   Pre Evacuate Collection Set: 0.63ms
[2026-04-03T02:23:48.670+0600][79.960s][info][gc,phases      ] GC(397)   Merge Heap Roots: 0.16ms
[2026-04-03T02:23:48.670+0600][79.960s][info][gc,phases      ] GC(397)   Evacuate Collection Set: 2.16ms
[2026-04-03T02:23:48.670+0600][79.960s][info][gc,phases      ] GC(397)   Post Evacuate Collection Set: 0.60ms
[2026-04-03T02:23:48.670+0600][79.960s][info][gc,phases      ] GC(397)   Other: 0.25ms
[2026-04-03T02:23:48.670+0600][79.960s][info][gc,heap        ] GC(397) Eden regions: 17->0(332)
[2026-04-03T02:23:48.670+0600][79.960s][info][gc,heap        ] GC(397) Survivor regions: 10->8(43)
[2026-04-03T02:23:48.670+0600][79.960s][info][gc,heap        ] GC(397) Old regions: 87->87
[2026-04-03T02:23:48.670+0600][79.960s][info][gc,heap        ] GC(397) Humongous regions: 18->8
[2026-04-03T02:23:48.670+0600][79.960s][info][gc,metaspace   ] GC(397) Metaspace: 132122K(133568K)->132122K(133568K) NonClass: 115490K(116224K)->115490K(116224K) Class: 16631K(17344K)->16631K(17344K)
[2026-04-03T02:23:48.670+0600][79.960s][info][gc             ] GC(397) Pause Young (Concurrent Start) (G1 Humongous Allocation) 131M->101M(568M) 4.105ms
[2026-04-03T02:23:48.670+0600][79.960s][info][gc             ] GC(398) Concurrent Undo Cycle
[2026-04-03T02:23:48.670+0600][79.960s][info][gc,cpu         ] GC(397) User=0.02s Sys=0.00s Real=0.01s
[2026-04-03T02:23:48.670+0600][79.960s][info][gc,marking     ] GC(398) Concurrent Clear Claimed Marks
[2026-04-03T02:23:48.671+0600][79.960s][info][gc,marking     ] GC(398) Concurrent Clear Claimed Marks 0.339ms
[2026-04-03T02:23:48.671+0600][79.960s][info][gc,marking     ] GC(398) Concurrent Cleanup for Next Mark
[2026-04-03T02:23:48.671+0600][79.961s][info][gc,marking     ] GC(398) Concurrent Cleanup for Next Mark 0.241ms
[2026-04-03T02:23:48.671+0600][79.961s][info][gc             ] GC(398) Concurrent Undo Cycle 0.776ms
[2026-04-03T02:23:48.682+0600][79.972s][info][gc,start       ] GC(399) Pause Young (Concurrent Start) (G1 Humongous Allocation)
[2026-04-03T02:23:48.683+0600][79.972s][info][gc,task        ] GC(399) Using 10 workers of 10 for evacuation
[2026-04-03T02:23:48.685+0600][79.975s][info][gc,phases      ] GC(399)   Pre Evacuate Collection Set: 0.52ms
[2026-04-03T02:23:48.685+0600][79.975s][info][gc,phases      ] GC(399)   Merge Heap Roots: 0.10ms
[2026-04-03T02:23:48.686+0600][79.975s][info][gc,phases      ] GC(399)   Evacuate Collection Set: 1.58ms
[2026-04-03T02:23:48.686+0600][79.975s][info][gc,phases      ] GC(399)   Post Evacuate Collection Set: 0.48ms
[2026-04-03T02:23:48.686+0600][79.975s][info][gc,phases      ] GC(399)   Other: 0.24ms
[2026-04-03T02:23:48.686+0600][79.975s][info][gc,heap        ] GC(399) Eden regions: 4->0(334)
[2026-04-03T02:23:48.686+0600][79.975s][info][gc,heap        ] GC(399) Survivor regions: 8->6(43)
[2026-04-03T02:23:48.686+0600][79.975s][info][gc,heap        ] GC(399) Old regions: 87->87
[2026-04-03T02:23:48.686+0600][79.975s][info][gc,heap        ] GC(399) Humongous regions: 14->8
[2026-04-03T02:23:48.686+0600][79.975s][info][gc,metaspace   ] GC(399) Metaspace: 132122K(133568K)->132122K(133568K) NonClass: 115490K(116224K)->115490K(116224K) Class: 16631K(17344K)->16631K(17344K)
[2026-04-03T02:23:48.686+0600][79.975s][info][gc             ] GC(399) Pause Young (Concurrent Start) (G1 Humongous Allocation) 110M->100M(568M) 3.157ms
[2026-04-03T02:23:48.686+0600][79.975s][info][gc             ] GC(400) Concurrent Undo Cycle
[2026-04-03T02:23:48.686+0600][79.975s][info][gc,cpu         ] GC(399) User=0.02s Sys=0.00s Real=0.00s
[2026-04-03T02:23:48.686+0600][79.975s][info][gc,marking     ] GC(400) Concurrent Clear Claimed Marks
[2026-04-03T02:23:48.686+0600][79.976s][info][gc,marking     ] GC(400) Concurrent Clear Claimed Marks 0.298ms
[2026-04-03T02:23:48.686+0600][79.976s][info][gc,marking     ] GC(400) Concurrent Cleanup for Next Mark
[2026-04-03T02:23:48.686+0600][79.976s][info][gc,marking     ] GC(400) Concurrent Cleanup for Next Mark 0.198ms
[2026-04-03T02:23:48.686+0600][79.976s][info][gc             ] GC(400) Concurrent Undo Cycle 0.738ms
[2026-04-03T02:23:48.751+0600][80.041s][info][gc,start       ] GC(401) Pause Young (Concurrent Start) (G1 Humongous Allocation)
[2026-04-03T02:23:48.751+0600][80.041s][info][gc,task        ] GC(401) Using 10 workers of 10 for evacuation
[2026-04-03T02:23:48.755+0600][80.045s][info][gc,phases      ] GC(401)   Pre Evacuate Collection Set: 0.55ms
[2026-04-03T02:23:48.755+0600][80.045s][info][gc,phases      ] GC(401)   Merge Heap Roots: 0.16ms
[2026-04-03T02:23:48.755+0600][80.045s][info][gc,phases      ] GC(401)   Evacuate Collection Set: 2.87ms
[2026-04-03T02:23:48.755+0600][80.045s][info][gc,phases      ] GC(401)   Post Evacuate Collection Set: 0.61ms
[2026-04-03T02:23:48.755+0600][80.045s][info][gc,phases      ] GC(401)   Other: 0.15ms
[2026-04-03T02:23:48.755+0600][80.045s][info][gc,heap        ] GC(401) Eden regions: 91->0(333)
[2026-04-03T02:23:48.755+0600][80.045s][info][gc,heap        ] GC(401) Survivor regions: 6->7(43)
[2026-04-03T02:23:48.755+0600][80.045s][info][gc,heap        ] GC(401) Old regions: 87->87
[2026-04-03T02:23:48.755+0600][80.045s][info][gc,heap        ] GC(401) Humongous regions: 17->8
[2026-04-03T02:23:48.756+0600][80.045s][info][gc,metaspace   ] GC(401) Metaspace: 132122K(133568K)->132122K(133568K) NonClass: 115490K(116224K)->115490K(116224K) Class: 16631K(17344K)->16631K(17344K)
[2026-04-03T02:23:48.756+0600][80.045s][info][gc             ] GC(401) Pause Young (Concurrent Start) (G1 Humongous Allocation) 200M->101M(568M) 4.723ms
[2026-04-03T02:23:48.756+0600][80.045s][info][gc             ] GC(402) Concurrent Undo Cycle
[2026-04-03T02:23:48.756+0600][80.045s][info][gc,cpu         ] GC(401) User=0.04s Sys=0.00s Real=0.00s
[2026-04-03T02:23:48.756+0600][80.045s][info][gc,marking     ] GC(402) Concurrent Clear Claimed Marks
[2026-04-03T02:23:48.756+0600][80.046s][info][gc,marking     ] GC(402) Concurrent Clear Claimed Marks 0.325ms
[2026-04-03T02:23:48.756+0600][80.046s][info][gc,marking     ] GC(402) Concurrent Cleanup for Next Mark
[2026-04-03T02:23:48.756+0600][80.046s][info][gc,marking     ] GC(402) Concurrent Cleanup for Next Mark 0.230ms
[2026-04-03T02:23:48.756+0600][80.046s][info][gc             ] GC(402) Concurrent Undo Cycle 0.746ms
[2026-04-03T02:23:48.776+0600][80.066s][info][gc,start       ] GC(403) Pause Young (Concurrent Start) (G1 Humongous Allocation)
[2026-04-03T02:23:48.776+0600][80.066s][info][gc,task        ] GC(403) Using 10 workers of 10 for evacuation
[2026-04-03T02:23:48.779+0600][80.069s][info][gc,phases      ] GC(403)   Pre Evacuate Collection Set: 0.44ms
[2026-04-03T02:23:48.779+0600][80.069s][info][gc,phases      ] GC(403)   Merge Heap Roots: 0.12ms
[2026-04-03T02:23:48.779+0600][80.069s][info][gc,phases      ] GC(403)   Evacuate Collection Set: 1.57ms
[2026-04-03T02:23:48.779+0600][80.069s][info][gc,phases      ] GC(403)   Post Evacuate Collection Set: 0.63ms
[2026-04-03T02:23:48.779+0600][80.069s][info][gc,phases      ] GC(403)   Other: 0.25ms
[2026-04-03T02:23:48.779+0600][80.069s][info][gc,heap        ] GC(403) Eden regions: 18->0(335)
[2026-04-03T02:23:48.779+0600][80.069s][info][gc,heap        ] GC(403) Survivor regions: 7->5(43)
[2026-04-03T02:23:48.779+0600][80.069s][info][gc,heap        ] GC(403) Old regions: 87->88
[2026-04-03T02:23:48.780+0600][80.069s][info][gc,heap        ] GC(403) Humongous regions: 20->8
[2026-04-03T02:23:48.780+0600][80.069s][info][gc,metaspace   ] GC(403) Metaspace: 132122K(133568K)->132122K(133568K) NonClass: 115490K(116224K)->115490K(116224K) Class: 16631K(17344K)->16631K(17344K)
[2026-04-03T02:23:48.780+0600][80.069s][info][gc             ] GC(403) Pause Young (Concurrent Start) (G1 Humongous Allocation) 131M->100M(568M) 3.284ms
[2026-04-03T02:23:48.780+0600][80.069s][info][gc             ] GC(404) Concurrent Undo Cycle
[2026-04-03T02:23:48.780+0600][80.069s][info][gc,cpu         ] GC(403) User=0.01s Sys=0.00s Real=0.00s
[2026-04-03T02:23:48.780+0600][80.069s][info][gc,marking     ] GC(404) Concurrent Clear Claimed Marks
[2026-04-03T02:23:48.780+0600][80.070s][info][gc,marking     ] GC(404) Concurrent Clear Claimed Marks 0.255ms
[2026-04-03T02:23:48.780+0600][80.070s][info][gc,marking     ] GC(404) Concurrent Cleanup for Next Mark
[2026-04-03T02:23:48.780+0600][80.070s][info][gc,marking     ] GC(404) Concurrent Cleanup for Next Mark 0.193ms
[2026-04-03T02:23:48.780+0600][80.070s][info][gc             ] GC(404) Concurrent Undo Cycle 0.590ms
[2026-04-03T02:23:48.843+0600][80.132s][info][gc,start       ] GC(405) Pause Young (Concurrent Start) (G1 Humongous Allocation)
[2026-04-03T02:23:48.843+0600][80.132s][info][gc,task        ] GC(405) Using 10 workers of 10 for evacuation
[2026-04-03T02:23:48.847+0600][80.137s][info][gc,phases      ] GC(405)   Pre Evacuate Collection Set: 0.73ms
[2026-04-03T02:23:48.848+0600][80.137s][info][gc,phases      ] GC(405)   Merge Heap Roots: 0.23ms
[2026-04-03T02:23:48.848+0600][80.137s][info][gc,phases      ] GC(405)   Evacuate Collection Set: 2.71ms
[2026-04-03T02:23:48.848+0600][80.137s][info][gc,phases      ] GC(405)   Post Evacuate Collection Set: 0.78ms
[2026-04-03T02:23:48.848+0600][80.137s][info][gc,phases      ] GC(405)   Other: 0.25ms
[2026-04-03T02:23:48.848+0600][80.137s][info][gc,heap        ] GC(405) Eden regions: 88->0(334)
[2026-04-03T02:23:48.848+0600][80.137s][info][gc,heap        ] GC(405) Survivor regions: 5->6(43)
[2026-04-03T02:23:48.848+0600][80.137s][info][gc,heap        ] GC(405) Old regions: 88->89
[2026-04-03T02:23:48.848+0600][80.137s][info][gc,heap        ] GC(405) Humongous regions: 21->8
[2026-04-03T02:23:48.848+0600][80.137s][info][gc,metaspace   ] GC(405) Metaspace: 132122K(133568K)->132122K(133568K) NonClass: 115490K(116224K)->115490K(116224K) Class: 16631K(17344K)->16631K(17344K)
[2026-04-03T02:23:48.848+0600][80.137s][info][gc             ] GC(405) Pause Young (Concurrent Start) (G1 Humongous Allocation) 201M->101M(568M) 5.107ms
[2026-04-03T02:23:48.848+0600][80.137s][info][gc             ] GC(406) Concurrent Undo Cycle
[2026-04-03T02:23:48.848+0600][80.137s][info][gc,cpu         ] GC(405) User=0.03s Sys=0.00s Real=0.00s
[2026-04-03T02:23:48.848+0600][80.138s][info][gc,marking     ] GC(406) Concurrent Clear Claimed Marks
[2026-04-03T02:23:48.848+0600][80.138s][info][gc,marking     ] GC(406) Concurrent Clear Claimed Marks 0.326ms
[2026-04-03T02:23:48.848+0600][80.138s][info][gc,marking     ] GC(406) Concurrent Cleanup for Next Mark
[2026-04-03T02:23:48.849+0600][80.138s][info][gc,marking     ] GC(406) Concurrent Cleanup for Next Mark 0.279ms
[2026-04-03T02:23:48.849+0600][80.138s][info][gc             ] GC(406) Concurrent Undo Cycle 0.786ms
[2026-04-03T02:23:48.886+0600][80.175s][info][gc,start       ] GC(407) Pause Young (Concurrent Start) (G1 Humongous Allocation)
[2026-04-03T02:23:48.886+0600][80.175s][info][gc,task        ] GC(407) Using 10 workers of 10 for evacuation
[2026-04-03T02:23:48.888+0600][80.178s][info][gc,phases      ] GC(407)   Pre Evacuate Collection Set: 0.31ms
[2026-04-03T02:23:48.888+0600][80.178s][info][gc,phases      ] GC(407)   Merge Heap Roots: 0.09ms
[2026-04-03T02:23:48.888+0600][80.178s][info][gc,phases      ] GC(407)   Evacuate Collection Set: 1.35ms
[2026-04-03T02:23:48.888+0600][80.178s][info][gc,phases      ] GC(407)   Post Evacuate Collection Set: 0.39ms
[2026-04-03T02:23:48.888+0600][80.178s][info][gc,phases      ] GC(407)   Other: 0.11ms
[2026-04-03T02:23:48.888+0600][80.178s][info][gc,heap        ] GC(407) Eden regions: 14->0(337)
[2026-04-03T02:23:48.888+0600][80.178s][info][gc,heap        ] GC(407) Survivor regions: 6->3(43)
[2026-04-03T02:23:48.888+0600][80.178s][info][gc,heap        ] GC(407) Old regions: 89->89
[2026-04-03T02:23:48.888+0600][80.178s][info][gc,heap        ] GC(407) Humongous regions: 23->8
[2026-04-03T02:23:48.888+0600][80.178s][info][gc,metaspace   ] GC(407) Metaspace: 132122K(133568K)->132122K(133568K) NonClass: 115490K(116224K)->115490K(116224K) Class: 16631K(17344K)->16631K(17344K)
[2026-04-03T02:23:48.888+0600][80.178s][info][gc             ] GC(407) Pause Young (Concurrent Start) (G1 Humongous Allocation) 130M->99M(568M) 2.470ms
[2026-04-03T02:23:48.888+0600][80.178s][info][gc,cpu         ] GC(407) User=0.02s Sys=0.01s Real=0.00s
[2026-04-03T02:23:48.888+0600][80.178s][info][gc             ] GC(408) Concurrent Undo Cycle
[2026-04-03T02:23:48.888+0600][80.178s][info][gc,marking     ] GC(408) Concurrent Clear Claimed Marks
[2026-04-03T02:23:48.889+0600][80.178s][info][gc,marking     ] GC(408) Concurrent Clear Claimed Marks 0.222ms
[2026-04-03T02:23:48.889+0600][80.178s][info][gc,marking     ] GC(408) Concurrent Cleanup for Next Mark
[2026-04-03T02:23:48.889+0600][80.178s][info][gc,marking     ] GC(408) Concurrent Cleanup for Next Mark 0.133ms
[2026-04-03T02:23:48.889+0600][80.178s][info][gc             ] GC(408) Concurrent Undo Cycle 0.460ms
[2026-04-03T02:23:48.944+0600][80.234s][info][gc,start       ] GC(409) Pause Young (Concurrent Start) (G1 Humongous Allocation)
[2026-04-03T02:23:48.944+0600][80.234s][info][gc,task        ] GC(409) Using 10 workers of 10 for evacuation
[2026-04-03T02:23:48.946+0600][80.236s][info][gc,phases      ] GC(409)   Pre Evacuate Collection Set: 0.24ms
[2026-04-03T02:23:48.947+0600][80.236s][info][gc,phases      ] GC(409)   Merge Heap Roots: 0.15ms
[2026-04-03T02:23:48.947+0600][80.236s][info][gc,phases      ] GC(409)   Evacuate Collection Set: 1.21ms
[2026-04-03T02:23:48.947+0600][80.236s][info][gc,phases      ] GC(409)   Post Evacuate Collection Set: 0.38ms
[2026-04-03T02:23:48.947+0600][80.236s][info][gc,phases      ] GC(409)   Other: 0.10ms
[2026-04-03T02:23:48.947+0600][80.236s][info][gc,heap        ] GC(409) Eden regions: 30->0(338)
[2026-04-03T02:23:48.947+0600][80.236s][info][gc,heap        ] GC(409) Survivor regions: 3->2(43)
[2026-04-03T02:23:48.947+0600][80.236s][info][gc,heap        ] GC(409) Old regions: 89->89
[2026-04-03T02:23:48.947+0600][80.236s][info][gc,heap        ] GC(409) Humongous regions: 26->8
[2026-04-03T02:23:48.947+0600][80.236s][info][gc,metaspace   ] GC(409) Metaspace: 132123K(133568K)->132123K(133568K) NonClass: 115492K(116224K)->115492K(116224K) Class: 16631K(17344K)->16631K(17344K)
[2026-04-03T02:23:48.947+0600][80.236s][info][gc             ] GC(409) Pause Young (Concurrent Start) (G1 Humongous Allocation) 147M->98M(568M) 2.285ms
[2026-04-03T02:23:48.947+0600][80.236s][info][gc             ] GC(410) Concurrent Undo Cycle
[2026-04-03T02:23:48.947+0600][80.236s][info][gc,cpu         ] GC(409) User=0.01s Sys=0.00s Real=0.00s
[2026-04-03T02:23:48.947+0600][80.236s][info][gc,marking     ] GC(410) Concurrent Clear Claimed Marks
[2026-04-03T02:23:48.947+0600][80.237s][info][gc,marking     ] GC(410) Concurrent Clear Claimed Marks 0.217ms
[2026-04-03T02:23:48.947+0600][80.237s][info][gc,marking     ] GC(410) Concurrent Cleanup for Next Mark
[2026-04-03T02:23:48.947+0600][80.237s][info][gc,marking     ] GC(410) Concurrent Cleanup for Next Mark 0.160ms
[2026-04-03T02:23:48.947+0600][80.237s][info][gc             ] GC(410) Concurrent Undo Cycle 0.492ms
[2026-04-03T02:23:48.961+0600][80.251s][info][gc,start       ] GC(411) Pause Young (Concurrent Start) (G1 Humongous Allocation)
[2026-04-03T02:23:48.961+0600][80.251s][info][gc,task        ] GC(411) Using 10 workers of 10 for evacuation
[2026-04-03T02:23:48.965+0600][80.254s][info][gc,phases      ] GC(411)   Pre Evacuate Collection Set: 0.47ms
[2026-04-03T02:23:48.965+0600][80.254s][info][gc,phases      ] GC(411)   Merge Heap Roots: 0.18ms
[2026-04-03T02:23:48.965+0600][80.254s][info][gc,phases      ] GC(411)   Evacuate Collection Set: 1.65ms
[2026-04-03T02:23:48.965+0600][80.254s][info][gc,phases      ] GC(411)   Post Evacuate Collection Set: 0.67ms
[2026-04-03T02:23:48.965+0600][80.254s][info][gc,phases      ] GC(411)   Other: 0.25ms
[2026-04-03T02:23:48.965+0600][80.254s][info][gc,heap        ] GC(411) Eden regions: 11->0(336)
[2026-04-03T02:23:48.965+0600][80.254s][info][gc,heap        ] GC(411) Survivor regions: 2->4(43)
[2026-04-03T02:23:48.965+0600][80.254s][info][gc,heap        ] GC(411) Old regions: 89->89
[2026-04-03T02:23:48.965+0600][80.254s][info][gc,heap        ] GC(411) Humongous regions: 35->8
[2026-04-03T02:23:48.965+0600][80.254s][info][gc,metaspace   ] GC(411) Metaspace: 132123K(133568K)->132123K(133568K) NonClass: 115492K(116224K)->115492K(116224K) Class: 16631K(17344K)->16631K(17344K)
[2026-04-03T02:23:48.965+0600][80.254s][info][gc             ] GC(411) Pause Young (Concurrent Start) (G1 Humongous Allocation) 135M->100M(568M) 3.478ms
[2026-04-03T02:23:48.965+0600][80.255s][info][gc             ] GC(412) Concurrent Undo Cycle
[2026-04-03T02:23:48.965+0600][80.255s][info][gc,marking     ] GC(412) Concurrent Clear Claimed Marks
[2026-04-03T02:23:48.965+0600][80.255s][info][gc,cpu         ] GC(411) User=0.02s Sys=0.00s Real=0.00s
[2026-04-03T02:23:48.965+0600][80.255s][info][gc,marking     ] GC(412) Concurrent Clear Claimed Marks 0.295ms
[2026-04-03T02:23:48.965+0600][80.255s][info][gc,marking     ] GC(412) Concurrent Cleanup for Next Mark
[2026-04-03T02:23:48.966+0600][80.256s][info][gc,marking     ] GC(412) Concurrent Cleanup for Next Mark 0.707ms
[2026-04-03T02:23:48.966+0600][80.256s][info][gc             ] GC(412) Concurrent Undo Cycle 1.203ms
[2026-04-03T02:23:48.967+0600][80.257s][info][gc,start       ] GC(413) Pause Young (Concurrent Start) (G1 Humongous Allocation)
[2026-04-03T02:23:48.967+0600][80.257s][info][gc,task        ] GC(413) Using 10 workers of 10 for evacuation
[2026-04-03T02:23:48.970+0600][80.260s][info][gc,phases      ] GC(413)   Pre Evacuate Collection Set: 0.37ms
[2026-04-03T02:23:48.970+0600][80.260s][info][gc,phases      ] GC(413)   Merge Heap Roots: 0.08ms
[2026-04-03T02:23:48.970+0600][80.260s][info][gc,phases      ] GC(413)   Evacuate Collection Set: 1.26ms
[2026-04-03T02:23:48.970+0600][80.260s][info][gc,phases      ] GC(413)   Post Evacuate Collection Set: 1.15ms
[2026-04-03T02:23:48.970+0600][80.260s][info][gc,phases      ] GC(413)   Other: 0.11ms
[2026-04-03T02:23:48.970+0600][80.260s][info][gc,heap        ] GC(413) Eden regions: 2->0(337)
[2026-04-03T02:23:48.970+0600][80.260s][info][gc,heap        ] GC(413) Survivor regions: 4->4(43)
[2026-04-03T02:23:48.970+0600][80.260s][info][gc,heap        ] GC(413) Old regions: 89->89
[2026-04-03T02:23:48.970+0600][80.260s][info][gc,heap        ] GC(413) Humongous regions: 28->18
[2026-04-03T02:23:48.970+0600][80.260s][info][gc,metaspace   ] GC(413) Metaspace: 132123K(133568K)->132123K(133568K) NonClass: 115492K(116224K)->115492K(116224K) Class: 16631K(17344K)->16631K(17344K)
[2026-04-03T02:23:48.970+0600][80.260s][info][gc             ] GC(413) Pause Young (Concurrent Start) (G1 Humongous Allocation) 121M->110M(655M) 3.224ms
[2026-04-03T02:23:48.970+0600][80.260s][info][gc,cpu         ] GC(413) User=0.02s Sys=0.00s Real=0.01s
[2026-04-03T02:23:48.970+0600][80.260s][info][gc             ] GC(414) Concurrent Undo Cycle
[2026-04-03T02:23:48.971+0600][80.260s][info][gc,marking     ] GC(414) Concurrent Clear Claimed Marks
[2026-04-03T02:23:48.971+0600][80.260s][info][gc,marking     ] GC(414) Concurrent Clear Claimed Marks 0.268ms
[2026-04-03T02:23:48.971+0600][80.260s][info][gc,marking     ] GC(414) Concurrent Cleanup for Next Mark
[2026-04-03T02:23:48.971+0600][80.261s][info][gc,marking     ] GC(414) Concurrent Cleanup for Next Mark 0.594ms
[2026-04-03T02:23:48.971+0600][80.261s][info][gc             ] GC(414) Concurrent Undo Cycle 1.070ms
[2026-04-03T02:23:48.972+0600][80.262s][info][gc,start       ] GC(415) Pause Young (Concurrent Start) (G1 Humongous Allocation)
[2026-04-03T02:23:48.972+0600][80.262s][info][gc,task        ] GC(415) Using 10 workers of 10 for evacuation
[2026-04-03T02:23:48.975+0600][80.264s][info][gc,phases      ] GC(415)   Pre Evacuate Collection Set: 0.40ms
[2026-04-03T02:23:48.975+0600][80.264s][info][gc,phases      ] GC(415)   Merge Heap Roots: 0.08ms
[2026-04-03T02:23:48.975+0600][80.264s][info][gc,phases      ] GC(415)   Evacuate Collection Set: 1.66ms
[2026-04-03T02:23:48.975+0600][80.264s][info][gc,phases      ] GC(415)   Post Evacuate Collection Set: 0.41ms
[2026-04-03T02:23:48.975+0600][80.264s][info][gc,phases      ] GC(415)   Other: 0.14ms
[2026-04-03T02:23:48.975+0600][80.265s][info][gc,heap        ] GC(415) Eden regions: 2->0(336)
[2026-04-03T02:23:48.975+0600][80.265s][info][gc,heap        ] GC(415) Survivor regions: 4->4(43)
[2026-04-03T02:23:48.975+0600][80.265s][info][gc,heap        ] GC(415) Old regions: 89->90
[2026-04-03T02:23:48.975+0600][80.265s][info][gc,heap        ] GC(415) Humongous regions: 28->13
[2026-04-03T02:23:48.975+0600][80.265s][info][gc,metaspace   ] GC(415) Metaspace: 132123K(133568K)->132123K(133568K) NonClass: 115492K(116224K)->115492K(116224K) Class: 16631K(17344K)->16631K(17344K)
[2026-04-03T02:23:48.975+0600][80.265s][info][gc             ] GC(415) Pause Young (Concurrent Start) (G1 Humongous Allocation) 121M->105M(655M) 2.946ms
[2026-04-03T02:23:48.975+0600][80.265s][info][gc,cpu         ] GC(415) User=0.01s Sys=0.01s Real=0.00s
[2026-04-03T02:23:48.975+0600][80.265s][info][gc             ] GC(416) Concurrent Mark Cycle
[2026-04-03T02:23:48.975+0600][80.265s][info][gc,marking     ] GC(416) Concurrent Scan Root Regions
[2026-04-03T02:23:48.978+0600][80.268s][info][gc,marking     ] GC(416) Concurrent Scan Root Regions 3.019ms
[2026-04-03T02:23:48.978+0600][80.268s][info][gc,marking     ] GC(416) Concurrent Mark
[2026-04-03T02:23:48.978+0600][80.268s][info][gc,marking     ] GC(416) Concurrent Mark From Roots
[2026-04-03T02:23:48.978+0600][80.268s][info][gc,task        ] GC(416) Using 3 workers of 3 for marking
[2026-04-03T02:23:49.069+0600][80.358s][info][gc,marking     ] GC(416) Concurrent Mark From Roots 90.451ms
[2026-04-03T02:23:49.069+0600][80.358s][info][gc,marking     ] GC(416) Concurrent Preclean
[2026-04-03T02:23:49.069+0600][80.359s][info][gc,marking     ] GC(416) Concurrent Preclean 0.295ms
[2026-04-03T02:23:49.069+0600][80.359s][info][gc,start       ] GC(416) Pause Remark
[2026-04-03T02:23:49.077+0600][80.367s][info][gc             ] GC(416) Pause Remark 457M->457M(677M) 8.149ms
[2026-04-03T02:23:49.078+0600][80.367s][info][gc,cpu         ] GC(416) User=0.05s Sys=0.01s Real=0.01s
[2026-04-03T02:23:49.078+0600][80.368s][info][gc,marking     ] GC(416) Concurrent Mark 99.660ms
[2026-04-03T02:23:49.078+0600][80.368s][info][gc,marking     ] GC(416) Concurrent Rebuild Remembered Sets and Scrub Regions
[2026-04-03T02:23:49.107+0600][80.397s][info][gc,marking     ] GC(416) Concurrent Rebuild Remembered Sets and Scrub Regions 29.096ms
[2026-04-03T02:23:49.108+0600][80.397s][info][gc,start       ] GC(416) Pause Cleanup
[2026-04-03T02:23:49.108+0600][80.398s][info][gc             ] GC(416) Pause Cleanup 475M->475M(677M) 0.380ms
[2026-04-03T02:23:49.108+0600][80.398s][info][gc,cpu         ] GC(416) User=0.00s Sys=0.00s Real=0.00s
[2026-04-03T02:23:49.108+0600][80.398s][info][gc,marking     ] GC(416) Concurrent Clear Claimed Marks
[2026-04-03T02:23:49.109+0600][80.398s][info][gc,marking     ] GC(416) Concurrent Clear Claimed Marks 0.443ms
[2026-04-03T02:23:49.109+0600][80.398s][info][gc,marking     ] GC(416) Concurrent Cleanup for Next Mark
[2026-04-03T02:23:49.111+0600][80.400s][info][gc,marking     ] GC(416) Concurrent Cleanup for Next Mark 2.001ms
[2026-04-03T02:23:49.111+0600][80.401s][info][gc             ] GC(416) Concurrent Mark Cycle 135.820ms
[2026-04-03T02:23:49.156+0600][80.446s][info][gc,start       ] GC(417) Pause Young (Prepare Mixed) (G1 Evacuation Pause)
[2026-04-03T02:23:49.156+0600][80.446s][info][gc,task        ] GC(417) Using 10 workers of 10 for evacuation
[2026-04-03T02:23:49.160+0600][80.450s][info][gc,phases      ] GC(417)   Pre Evacuate Collection Set: 0.48ms
[2026-04-03T02:23:49.160+0600][80.450s][info][gc,phases      ] GC(417)   Merge Heap Roots: 0.14ms
[2026-04-03T02:23:49.160+0600][80.450s][info][gc,phases      ] GC(417)   Evacuate Collection Set: 2.65ms
[2026-04-03T02:23:49.160+0600][80.450s][info][gc,phases      ] GC(417)   Post Evacuate Collection Set: 0.96ms
[2026-04-03T02:23:49.160+0600][80.450s][info][gc,phases      ] GC(417)   Other: 0.09ms
[2026-04-03T02:23:49.160+0600][80.450s][info][gc,heap        ] GC(417) Eden regions: 76->0(456)
[2026-04-03T02:23:49.161+0600][80.450s][info][gc,heap        ] GC(417) Survivor regions: 4->5(43)
[2026-04-03T02:23:49.161+0600][80.450s][info][gc,heap        ] GC(417) Old regions: 90->90
[2026-04-03T02:23:49.161+0600][80.450s][info][gc,heap        ] GC(417) Humongous regions: 619->13
[2026-04-03T02:23:49.161+0600][80.450s][info][gc,metaspace   ] GC(417) Metaspace: 132124K(133568K)->132124K(133568K) NonClass: 115493K(116224K)->115493K(116224K) Class: 16631K(17344K)->16631K(17344K)
[2026-04-03T02:23:49.161+0600][80.450s][info][gc             ] GC(417) Pause Young (Prepare Mixed) (G1 Evacuation Pause) 787M->106M(794M) 4.539ms
[2026-04-03T02:23:49.161+0600][80.450s][info][gc,cpu         ] GC(417) User=0.02s Sys=0.00s Real=0.01s
[2026-04-03T02:23:49.780+0600][81.070s][info][gc,start       ] GC(418) Pause Young (Mixed) (G1 Evacuation Pause)
[2026-04-03T02:23:49.781+0600][81.070s][info][gc,task        ] GC(418) Using 10 workers of 10 for evacuation
[2026-04-03T02:23:49.787+0600][81.076s][info][gc,phases      ] GC(418)   Pre Evacuate Collection Set: 0.45ms
[2026-04-03T02:23:49.787+0600][81.077s][info][gc,phases      ] GC(418)   Merge Heap Roots: 0.34ms
[2026-04-03T02:23:49.787+0600][81.077s][info][gc,phases      ] GC(418)   Evacuate Collection Set: 4.22ms
[2026-04-03T02:23:49.787+0600][81.077s][info][gc,phases      ] GC(418)   Post Evacuate Collection Set: 1.06ms
[2026-04-03T02:23:49.787+0600][81.077s][info][gc,phases      ] GC(418)   Other: 0.16ms
[2026-04-03T02:23:49.787+0600][81.077s][info][gc,heap        ] GC(418) Eden regions: 423->0(477)
[2026-04-03T02:23:49.787+0600][81.077s][info][gc,heap        ] GC(418) Survivor regions: 5->5(58)
[2026-04-03T02:23:49.787+0600][81.077s][info][gc,heap        ] GC(418) Old regions: 90->89
[2026-04-03T02:23:49.787+0600][81.077s][info][gc,heap        ] GC(418) Humongous regions: 280->10
[2026-04-03T02:23:49.787+0600][81.077s][info][gc,metaspace   ] GC(418) Metaspace: 132132K(133568K)->132132K(133568K) NonClass: 115501K(116224K)->115501K(116224K) Class: 16631K(17344K)->16631K(17344K)
[2026-04-03T02:23:49.787+0600][81.077s][info][gc             ] GC(418) Pause Young (Mixed) (G1 Evacuation Pause) 796M->102M(804M) 6.529ms
[2026-04-03T02:23:49.787+0600][81.077s][info][gc,cpu         ] GC(418) User=0.04s Sys=0.01s Real=0.00s
[2026-04-03T02:23:49.792+0600][81.082s][info][gc,start       ] GC(419) Pause Young (Concurrent Start) (G1 Humongous Allocation)
[2026-04-03T02:23:49.792+0600][81.082s][info][gc,task        ] GC(419) Using 10 workers of 10 for evacuation
[2026-04-03T02:23:49.795+0600][81.085s][info][gc,phases      ] GC(419)   Pre Evacuate Collection Set: 0.42ms
[2026-04-03T02:23:49.795+0600][81.085s][info][gc,phases      ] GC(419)   Merge Heap Roots: 0.13ms
[2026-04-03T02:23:49.795+0600][81.085s][info][gc,phases      ] GC(419)   Evacuate Collection Set: 1.71ms
[2026-04-03T02:23:49.795+0600][81.085s][info][gc,phases      ] GC(419)   Post Evacuate Collection Set: 0.50ms
[2026-04-03T02:23:49.795+0600][81.085s][info][gc,phases      ] GC(419)   Other: 0.14ms
[2026-04-03T02:23:49.795+0600][81.085s][info][gc,heap        ] GC(419) Eden regions: 2->0(477)
[2026-04-03T02:23:49.795+0600][81.085s][info][gc,heap        ] GC(419) Survivor regions: 5->5(61)
[2026-04-03T02:23:49.795+0600][81.085s][info][gc,heap        ] GC(419) Old regions: 89->89
[2026-04-03T02:23:49.795+0600][81.085s][info][gc,heap        ] GC(419) Humongous regions: 10->8
[2026-04-03T02:23:49.795+0600][81.085s][info][gc,metaspace   ] GC(419) Metaspace: 132132K(133568K)->132132K(133568K) NonClass: 115501K(116224K)->115501K(116224K) Class: 16631K(17344K)->16631K(17344K)
[2026-04-03T02:23:49.795+0600][81.085s][info][gc             ] GC(419) Pause Young (Concurrent Start) (G1 Humongous Allocation) 104M->100M(804M) 3.151ms
[2026-04-03T02:23:49.796+0600][81.085s][info][gc             ] GC(420) Concurrent Mark Cycle
[2026-04-03T02:23:49.796+0600][81.085s][info][gc,cpu         ] GC(419) User=0.02s Sys=0.00s Real=0.00s
[2026-04-03T02:23:49.796+0600][81.085s][info][gc,marking     ] GC(420) Concurrent Scan Root Regions
[2026-04-03T02:23:49.797+0600][81.087s][info][gc,marking     ] GC(420) Concurrent Scan Root Regions 1.648ms
[2026-04-03T02:23:49.797+0600][81.087s][info][gc,marking     ] GC(420) Concurrent Mark
[2026-04-03T02:23:49.797+0600][81.087s][info][gc,marking     ] GC(420) Concurrent Mark From Roots
[2026-04-03T02:23:49.797+0600][81.087s][info][gc,task        ] GC(420) Using 3 workers of 3 for marking
[2026-04-03T02:23:49.904+0600][81.193s][info][gc,marking     ] GC(420) Concurrent Mark From Roots 106.228ms
[2026-04-03T02:23:49.904+0600][81.193s][info][gc,marking     ] GC(420) Concurrent Preclean
[2026-04-03T02:23:49.904+0600][81.194s][info][gc,marking     ] GC(420) Concurrent Preclean 0.594ms
[2026-04-03T02:23:49.905+0600][81.194s][info][gc,start       ] GC(420) Pause Remark
[2026-04-03T02:23:49.915+0600][81.205s][info][gc             ] GC(420) Pause Remark 221M->221M(497M) 10.540ms
[2026-04-03T02:23:49.915+0600][81.205s][info][gc,cpu         ] GC(420) User=0.08s Sys=0.00s Real=0.01s
[2026-04-03T02:23:49.916+0600][81.205s][info][gc,marking     ] GC(420) Concurrent Mark 118.149ms
[2026-04-03T02:23:49.916+0600][81.205s][info][gc,marking     ] GC(420) Concurrent Rebuild Remembered Sets and Scrub Regions
[2026-04-03T02:23:49.956+0600][81.246s][info][gc,marking     ] GC(420) Concurrent Rebuild Remembered Sets and Scrub Regions 40.296ms
[2026-04-03T02:23:49.956+0600][81.246s][info][gc,start       ] GC(420) Pause Cleanup
[2026-04-03T02:23:49.957+0600][81.246s][info][gc             ] GC(420) Pause Cleanup 265M->265M(497M) 0.316ms
[2026-04-03T02:23:49.957+0600][81.246s][info][gc,cpu         ] GC(420) User=0.00s Sys=0.00s Real=0.00s
[2026-04-03T02:23:49.957+0600][81.247s][info][gc,marking     ] GC(420) Concurrent Clear Claimed Marks
[2026-04-03T02:23:49.957+0600][81.247s][info][gc,marking     ] GC(420) Concurrent Clear Claimed Marks 0.357ms
[2026-04-03T02:23:49.957+0600][81.247s][info][gc,marking     ] GC(420) Concurrent Cleanup for Next Mark
[2026-04-03T02:23:49.960+0600][81.249s][info][gc,marking     ] GC(420) Concurrent Cleanup for Next Mark 2.345ms
[2026-04-03T02:23:49.960+0600][81.249s][info][gc             ] GC(420) Concurrent Mark Cycle 164.111ms
[2026-04-03T02:23:50.125+0600][81.414s][info][gc,start       ] GC(421) Pause Young (Prepare Mixed) (G1 Evacuation Pause)
[2026-04-03T02:23:50.125+0600][81.414s][info][gc,task        ] GC(421) Using 10 workers of 10 for evacuation
[2026-04-03T02:23:50.130+0600][81.420s][info][gc,phases      ] GC(421)   Pre Evacuate Collection Set: 0.41ms
[2026-04-03T02:23:50.130+0600][81.420s][info][gc,phases      ] GC(421)   Merge Heap Roots: 0.20ms
[2026-04-03T02:23:50.130+0600][81.420s][info][gc,phases      ] GC(421)   Evacuate Collection Set: 4.10ms
[2026-04-03T02:23:50.130+0600][81.420s][info][gc,phases      ] GC(421)   Post Evacuate Collection Set: 0.61ms
[2026-04-03T02:23:50.130+0600][81.420s][info][gc,phases      ] GC(421)   Other: 0.10ms
[2026-04-03T02:23:50.130+0600][81.420s][info][gc,heap        ] GC(421) Eden regions: 222->0(296)
[2026-04-03T02:23:50.130+0600][81.420s][info][gc,heap        ] GC(421) Survivor regions: 5->7(38)
[2026-04-03T02:23:50.130+0600][81.420s][info][gc,heap        ] GC(421) Old regions: 89->90
[2026-04-03T02:23:50.130+0600][81.420s][info][gc,heap        ] GC(421) Humongous regions: 181->8
[2026-04-03T02:23:50.130+0600][81.420s][info][gc,metaspace   ] GC(421) Metaspace: 132132K(133568K)->132132K(133568K) NonClass: 115501K(116224K)->115501K(116224K) Class: 16631K(17344K)->16631K(17344K)
[2026-04-03T02:23:50.130+0600][81.420s][info][gc             ] GC(421) Pause Young (Prepare Mixed) (G1 Evacuation Pause) 495M->102M(505M) 5.748ms
[2026-04-03T02:23:50.131+0600][81.420s][info][gc,cpu         ] GC(421) User=0.03s Sys=0.01s Real=0.01s
[2026-04-03T02:23:50.498+0600][81.788s][info][gc,start       ] GC(422) Pause Young (Mixed) (G1 Evacuation Pause)
[2026-04-03T02:23:50.498+0600][81.788s][info][gc,task        ] GC(422) Using 10 workers of 10 for evacuation
[2026-04-03T02:23:50.504+0600][81.794s][info][gc,phases      ] GC(422)   Pre Evacuate Collection Set: 0.37ms
[2026-04-03T02:23:50.504+0600][81.794s][info][gc,phases      ] GC(422)   Merge Heap Roots: 0.28ms
[2026-04-03T02:23:50.504+0600][81.794s][info][gc,phases      ] GC(422)   Evacuate Collection Set: 4.23ms
[2026-04-03T02:23:50.504+0600][81.794s][info][gc,phases      ] GC(422)   Post Evacuate Collection Set: 1.07ms
[2026-04-03T02:23:50.504+0600][81.794s][info][gc,phases      ] GC(422)   Other: 0.12ms
[2026-04-03T02:23:50.504+0600][81.794s][info][gc,heap        ] GC(422) Eden regions: 240->0(304)
[2026-04-03T02:23:50.504+0600][81.794s][info][gc,heap        ] GC(422) Survivor regions: 7->7(39)
[2026-04-03T02:23:50.504+0600][81.794s][info][gc,heap        ] GC(422) Old regions: 90->88
[2026-04-03T02:23:50.504+0600][81.794s][info][gc,heap        ] GC(422) Humongous regions: 175->8
[2026-04-03T02:23:50.504+0600][81.794s][info][gc,metaspace   ] GC(422) Metaspace: 132132K(133568K)->132132K(133568K) NonClass: 115501K(116224K)->115501K(116224K) Class: 16631K(17344K)->16631K(17344K)
[2026-04-03T02:23:50.504+0600][81.794s][info][gc             ] GC(422) Pause Young (Mixed) (G1 Evacuation Pause) 509M->101M(519M) 6.408ms
[2026-04-03T02:23:50.505+0600][81.794s][info][gc,cpu         ] GC(422) User=0.04s Sys=0.01s Real=0.01s
[2026-04-03T02:23:50.553+0600][81.843s][info][gc,start       ] GC(423) Pause Young (Concurrent Start) (G1 Humongous Allocation)
[2026-04-03T02:23:50.553+0600][81.843s][info][gc,task        ] GC(423) Using 10 workers of 10 for evacuation
[2026-04-03T02:23:50.558+0600][81.848s][info][gc,phases      ] GC(423)   Pre Evacuate Collection Set: 0.51ms
[2026-04-03T02:23:50.559+0600][81.848s][info][gc,phases      ] GC(423)   Merge Heap Roots: 0.21ms
[2026-04-03T02:23:50.559+0600][81.848s][info][gc,phases      ] GC(423)   Evacuate Collection Set: 3.32ms
[2026-04-03T02:23:50.559+0600][81.848s][info][gc,phases      ] GC(423)   Post Evacuate Collection Set: 0.88ms
[2026-04-03T02:23:50.559+0600][81.848s][info][gc,phases      ] GC(423)   Other: 0.25ms
[2026-04-03T02:23:50.559+0600][81.848s][info][gc,heap        ] GC(423) Eden regions: 49->0(301)
[2026-04-03T02:23:50.559+0600][81.848s][info][gc,heap        ] GC(423) Survivor regions: 7->10(39)
[2026-04-03T02:23:50.559+0600][81.848s][info][gc,heap        ] GC(423) Old regions: 88->88
[2026-04-03T02:23:50.559+0600][81.848s][info][gc,heap        ] GC(423) Humongous regions: 8->8
[2026-04-03T02:23:50.559+0600][81.848s][info][gc,metaspace   ] GC(423) Metaspace: 132133K(133568K)->132133K(133568K) NonClass: 115501K(116224K)->115501K(116224K) Class: 16631K(17344K)->16631K(17344K)
[2026-04-03T02:23:50.559+0600][81.848s][info][gc             ] GC(423) Pause Young (Concurrent Start) (G1 Humongous Allocation) 150M->103M(519M) 5.460ms
[2026-04-03T02:23:50.559+0600][81.848s][info][gc             ] GC(424) Concurrent Mark Cycle
[2026-04-03T02:23:50.559+0600][81.848s][info][gc,marking     ] GC(424) Concurrent Scan Root Regions
[2026-04-03T02:23:50.559+0600][81.849s][info][gc,cpu         ] GC(423) User=0.03s Sys=0.01s Real=0.00s
[2026-04-03T02:23:50.561+0600][81.851s][info][gc,marking     ] GC(424) Concurrent Scan Root Regions 2.237ms
[2026-04-03T02:23:50.561+0600][81.851s][info][gc,marking     ] GC(424) Concurrent Mark
[2026-04-03T02:23:50.561+0600][81.851s][info][gc,marking     ] GC(424) Concurrent Mark From Roots
[2026-04-03T02:23:50.561+0600][81.851s][info][gc,task        ] GC(424) Using 3 workers of 3 for marking
[2026-04-03T02:23:50.658+0600][81.948s][info][gc,marking     ] GC(424) Concurrent Mark From Roots 97.356ms
[2026-04-03T02:23:50.659+0600][81.948s][info][gc,marking     ] GC(424) Concurrent Preclean
[2026-04-03T02:23:50.659+0600][81.949s][info][gc,marking     ] GC(424) Concurrent Preclean 0.498ms
[2026-04-03T02:23:50.659+0600][81.949s][info][gc,start       ] GC(424) Pause Remark
[2026-04-03T02:23:50.670+0600][81.959s][info][gc             ] GC(424) Pause Remark 218M->218M(430M) 10.069ms
[2026-04-03T02:23:50.670+0600][81.959s][info][gc,cpu         ] GC(424) User=0.06s Sys=0.00s Real=0.02s
[2026-04-03T02:23:50.670+0600][81.960s][info][gc,marking     ] GC(424) Concurrent Mark 108.817ms
[2026-04-03T02:23:50.670+0600][81.960s][info][gc,marking     ] GC(424) Concurrent Rebuild Remembered Sets and Scrub Regions
[2026-04-03T02:23:50.706+0600][81.996s][info][gc,marking     ] GC(424) Concurrent Rebuild Remembered Sets and Scrub Regions 36.017ms
[2026-04-03T02:23:50.706+0600][81.996s][info][gc,start       ] GC(424) Pause Cleanup
[2026-04-03T02:23:50.707+0600][81.996s][info][gc             ] GC(424) Pause Cleanup 263M->263M(430M) 0.347ms
[2026-04-03T02:23:50.707+0600][81.997s][info][gc,cpu         ] GC(424) User=0.00s Sys=0.00s Real=0.00s
[2026-04-03T02:23:50.707+0600][81.997s][info][gc,marking     ] GC(424) Concurrent Clear Claimed Marks
[2026-04-03T02:23:50.707+0600][81.997s][info][gc,marking     ] GC(424) Concurrent Clear Claimed Marks 0.376ms
[2026-04-03T02:23:50.707+0600][81.997s][info][gc,marking     ] GC(424) Concurrent Cleanup for Next Mark
[2026-04-03T02:23:50.708+0600][81.998s][info][gc,marking     ] GC(424) Concurrent Cleanup for Next Mark 0.929ms
[2026-04-03T02:23:50.708+0600][81.998s][info][gc             ] GC(424) Concurrent Mark Cycle 149.683ms
[2026-04-03T02:23:50.853+0600][82.142s][info][gc,start       ] GC(425) Pause Young (Prepare Mixed) (G1 Evacuation Pause)
[2026-04-03T02:23:50.853+0600][82.142s][info][gc,task        ] GC(425) Using 10 workers of 10 for evacuation
[2026-04-03T02:23:50.857+0600][82.147s][info][gc,phases      ] GC(425)   Pre Evacuate Collection Set: 0.54ms
[2026-04-03T02:23:50.857+0600][82.147s][info][gc,phases      ] GC(425)   Merge Heap Roots: 0.20ms
[2026-04-03T02:23:50.857+0600][82.147s][info][gc,phases      ] GC(425)   Evacuate Collection Set: 2.69ms
[2026-04-03T02:23:50.857+0600][82.147s][info][gc,phases      ] GC(425)   Post Evacuate Collection Set: 0.68ms
[2026-04-03T02:23:50.857+0600][82.147s][info][gc,phases      ] GC(425)   Other: 0.09ms
[2026-04-03T02:23:50.857+0600][82.147s][info][gc,heap        ] GC(425) Eden regions: 241->0(260)
[2026-04-03T02:23:50.857+0600][82.147s][info][gc,heap        ] GC(425) Survivor regions: 10->7(33)
[2026-04-03T02:23:50.857+0600][82.147s][info][gc,heap        ] GC(425) Old regions: 88->89
[2026-04-03T02:23:50.857+0600][82.147s][info][gc,heap        ] GC(425) Humongous regions: 98->8
[2026-04-03T02:23:50.857+0600][82.147s][info][gc,metaspace   ] GC(425) Metaspace: 132136K(133568K)->132136K(133568K) NonClass: 115505K(116224K)->115505K(116224K) Class: 16631K(17344K)->16631K(17344K)
[2026-04-03T02:23:50.857+0600][82.147s][info][gc             ] GC(425) Pause Young (Prepare Mixed) (G1 Evacuation Pause) 434M->101M(445M) 4.478ms
[2026-04-03T02:23:50.857+0600][82.147s][info][gc,cpu         ] GC(425) User=0.02s Sys=0.01s Real=0.00s
[2026-04-03T02:23:50.909+0600][82.199s][info][gc,start       ] GC(426) Pause Young (Mixed) (G1 Evacuation Pause)
[2026-04-03T02:23:50.909+0600][82.199s][info][gc,task        ] GC(426) Using 10 workers of 10 for evacuation
[2026-04-03T02:23:50.913+0600][82.202s][info][gc,phases      ] GC(426)   Pre Evacuate Collection Set: 0.34ms
[2026-04-03T02:23:50.913+0600][82.202s][info][gc,phases      ] GC(426)   Merge Heap Roots: 0.14ms
[2026-04-03T02:23:50.913+0600][82.202s][info][gc,phases      ] GC(426)   Evacuate Collection Set: 2.09ms
[2026-04-03T02:23:50.913+0600][82.202s][info][gc,phases      ] GC(426)   Post Evacuate Collection Set: 0.86ms
[2026-04-03T02:23:50.913+0600][82.202s][info][gc,phases      ] GC(426)   Other: 0.08ms
[2026-04-03T02:23:50.913+0600][82.202s][info][gc,heap        ] GC(426) Eden regions: 34->0(281)
[2026-04-03T02:23:50.913+0600][82.202s][info][gc,heap        ] GC(426) Survivor regions: 7->4(34)
[2026-04-03T02:23:50.913+0600][82.202s][info][gc,heap        ] GC(426) Old regions: 89->87
[2026-04-03T02:23:50.913+0600][82.202s][info][gc,heap        ] GC(426) Humongous regions: 341->8
[2026-04-03T02:23:50.913+0600][82.202s][info][gc,metaspace   ] GC(426) Metaspace: 132137K(133568K)->132137K(133568K) NonClass: 115506K(116224K)->115506K(116224K) Class: 16631K(17344K)->16631K(17344K)
[2026-04-03T02:23:50.913+0600][82.202s][info][gc             ] GC(426) Pause Young (Mixed) (G1 Evacuation Pause) 468M->97M(475M) 3.806ms
[2026-04-03T02:23:50.913+0600][82.202s][info][gc,cpu         ] GC(426) User=0.02s Sys=0.00s Real=0.01s
[2026-04-03T02:23:50.922+0600][82.212s][info][gc,start       ] GC(427) Pause Young (Concurrent Start) (G1 Humongous Allocation)
[2026-04-03T02:23:50.922+0600][82.212s][info][gc,task        ] GC(427) Using 10 workers of 10 for evacuation
[2026-04-03T02:23:50.925+0600][82.215s][info][gc,phases      ] GC(427)   Pre Evacuate Collection Set: 0.55ms
[2026-04-03T02:23:50.925+0600][82.215s][info][gc,phases      ] GC(427)   Merge Heap Roots: 0.13ms
[2026-04-03T02:23:50.925+0600][82.215s][info][gc,phases      ] GC(427)   Evacuate Collection Set: 1.66ms
[2026-04-03T02:23:50.925+0600][82.215s][info][gc,phases      ] GC(427)   Post Evacuate Collection Set: 0.82ms
[2026-04-03T02:23:50.925+0600][82.215s][info][gc,phases      ] GC(427)   Other: 0.18ms
[2026-04-03T02:23:50.925+0600][82.215s][info][gc,heap        ] GC(427) Eden regions: 23->0(281)
[2026-04-03T02:23:50.925+0600][82.215s][info][gc,heap        ] GC(427) Survivor regions: 4->4(36)
[2026-04-03T02:23:50.926+0600][82.215s][info][gc,heap        ] GC(427) Old regions: 87->87
[2026-04-03T02:23:50.926+0600][82.215s][info][gc,heap        ] GC(427) Humongous regions: 8->8
[2026-04-03T02:23:50.926+0600][82.215s][info][gc,metaspace   ] GC(427) Metaspace: 132137K(133568K)->132137K(133568K) NonClass: 115506K(116224K)->115506K(116224K) Class: 16631K(17344K)->16631K(17344K)
[2026-04-03T02:23:50.926+0600][82.215s][info][gc             ] GC(427) Pause Young (Concurrent Start) (G1 Humongous Allocation) 119M->98M(475M) 3.764ms
[2026-04-03T02:23:50.926+0600][82.215s][info][gc,cpu         ] GC(427) User=0.02s Sys=0.00s Real=0.00s
[2026-04-03T02:23:50.926+0600][82.215s][info][gc             ] GC(428) Concurrent Mark Cycle
[2026-04-03T02:23:50.926+0600][82.216s][info][gc,marking     ] GC(428) Concurrent Scan Root Regions
[2026-04-03T02:23:50.930+0600][82.219s][info][gc,marking     ] GC(428) Concurrent Scan Root Regions 3.660ms
[2026-04-03T02:23:50.930+0600][82.219s][info][gc,marking     ] GC(428) Concurrent Mark
[2026-04-03T02:23:50.930+0600][82.219s][info][gc,marking     ] GC(428) Concurrent Mark From Roots
[2026-04-03T02:23:50.930+0600][82.219s][info][gc,task        ] GC(428) Using 3 workers of 3 for marking
[2026-04-03T02:23:51.011+0600][82.301s][info][gc,marking     ] GC(428) Concurrent Mark From Roots 81.396ms
[2026-04-03T02:23:51.011+0600][82.301s][info][gc,marking     ] GC(428) Concurrent Preclean
[2026-04-03T02:23:51.011+0600][82.301s][info][gc,marking     ] GC(428) Concurrent Preclean 0.223ms
[2026-04-03T02:23:51.015+0600][82.305s][info][gc,start       ] GC(428) Pause Remark
[2026-04-03T02:23:51.024+0600][82.314s][info][gc             ] GC(428) Pause Remark 486M->486M(755M) 9.361ms
[2026-04-03T02:23:51.024+0600][82.314s][info][gc,cpu         ] GC(428) User=0.05s Sys=0.01s Real=0.01s
[2026-04-03T02:23:51.025+0600][82.314s][info][gc,marking     ] GC(428) Concurrent Mark 94.898ms
[2026-04-03T02:23:51.025+0600][82.314s][info][gc,marking     ] GC(428) Concurrent Rebuild Remembered Sets and Scrub Regions
[2026-04-03T02:23:51.060+0600][82.350s][info][gc,marking     ] GC(428) Concurrent Rebuild Remembered Sets and Scrub Regions 35.747ms
[2026-04-03T02:23:51.061+0600][82.350s][info][gc,start       ] GC(428) Pause Cleanup
[2026-04-03T02:23:51.061+0600][82.351s][info][gc             ] GC(428) Pause Cleanup 543M->543M(755M) 0.459ms
[2026-04-03T02:23:51.061+0600][82.351s][info][gc,cpu         ] GC(428) User=0.00s Sys=0.00s Real=0.00s
[2026-04-03T02:23:51.061+0600][82.351s][info][gc,marking     ] GC(428) Concurrent Clear Claimed Marks
[2026-04-03T02:23:51.062+0600][82.351s][info][gc,marking     ] GC(428) Concurrent Clear Claimed Marks 0.323ms
[2026-04-03T02:23:51.062+0600][82.351s][info][gc,marking     ] GC(428) Concurrent Cleanup for Next Mark
[2026-04-03T02:23:51.064+0600][82.354s][info][gc,marking     ] GC(428) Concurrent Cleanup for Next Mark 2.756ms
[2026-04-03T02:23:51.064+0600][82.354s][info][gc             ] GC(428) Concurrent Mark Cycle 138.648ms
[2026-04-03T02:23:51.398+0600][82.688s][info][gc,start       ] GC(429) Pause Young (Prepare Mixed) (G1 Evacuation Pause)
[2026-04-03T02:23:51.398+0600][82.688s][info][gc,task        ] GC(429) Using 10 workers of 10 for evacuation
[2026-04-03T02:23:51.401+0600][82.690s][info][gc,phases      ] GC(429)   Pre Evacuate Collection Set: 0.31ms
[2026-04-03T02:23:51.401+0600][82.691s][info][gc,phases      ] GC(429)   Merge Heap Roots: 0.15ms
[2026-04-03T02:23:51.401+0600][82.691s][info][gc,phases      ] GC(429)   Evacuate Collection Set: 1.78ms
[2026-04-03T02:23:51.401+0600][82.691s][info][gc,phases      ] GC(429)   Post Evacuate Collection Set: 0.53ms
[2026-04-03T02:23:51.401+0600][82.691s][info][gc,phases      ] GC(429)   Other: 0.07ms
[2026-04-03T02:23:51.401+0600][82.691s][info][gc,heap        ] GC(429) Eden regions: 213->0(451)
[2026-04-03T02:23:51.401+0600][82.691s][info][gc,heap        ] GC(429) Survivor regions: 4->5(41)
[2026-04-03T02:23:51.401+0600][82.691s][info][gc,heap        ] GC(429) Old regions: 87->87
[2026-04-03T02:23:51.401+0600][82.691s][info][gc,heap        ] GC(429) Humongous regions: 451->8
[2026-04-03T02:23:51.401+0600][82.691s][info][gc,metaspace   ] GC(429) Metaspace: 132141K(133568K)->132141K(133568K) NonClass: 115510K(116224K)->115510K(116224K) Class: 16631K(17344K)->16631K(17344K)
[2026-04-03T02:23:51.401+0600][82.691s][info][gc             ] GC(429) Pause Young (Prepare Mixed) (G1 Evacuation Pause) 754M->98M(760M) 3.025ms
[2026-04-03T02:23:51.401+0600][82.691s][info][gc,cpu         ] GC(429) User=0.01s Sys=0.01s Real=0.01s
[2026-04-03T02:23:51.908+0600][83.198s][info][gc,start       ] GC(430) Pause Young (Mixed) (G1 Evacuation Pause)
[2026-04-03T02:23:51.909+0600][83.198s][info][gc,task        ] GC(430) Using 10 workers of 10 for evacuation
[2026-04-03T02:23:51.914+0600][83.203s][info][gc,phases      ] GC(430)   Pre Evacuate Collection Set: 0.24ms
[2026-04-03T02:23:51.914+0600][83.204s][info][gc,phases      ] GC(430)   Merge Heap Roots: 0.23ms
[2026-04-03T02:23:51.914+0600][83.204s][info][gc,phases      ] GC(430)   Evacuate Collection Set: 3.63ms
[2026-04-03T02:23:51.914+0600][83.204s][info][gc,phases      ] GC(430)   Post Evacuate Collection Set: 1.06ms
[2026-04-03T02:23:51.914+0600][83.204s][info][gc,phases      ] GC(430)   Other: 0.10ms
[2026-04-03T02:23:51.914+0600][83.204s][info][gc,heap        ] GC(430) Eden regions: 397->0(463)
[2026-04-03T02:23:51.914+0600][83.204s][info][gc,heap        ] GC(430) Survivor regions: 5->6(57)
[2026-04-03T02:23:51.914+0600][83.204s][info][gc,heap        ] GC(430) Old regions: 87->87
[2026-04-03T02:23:51.914+0600][83.204s][info][gc,heap        ] GC(430) Humongous regions: 286->8
[2026-04-03T02:23:51.914+0600][83.204s][info][gc,metaspace   ] GC(430) Metaspace: 132142K(133568K)->132142K(133568K) NonClass: 115511K(116224K)->115511K(116224K) Class: 16631K(17344K)->16631K(17344K)
[2026-04-03T02:23:51.914+0600][83.204s][info][gc             ] GC(430) Pause Young (Mixed) (G1 Evacuation Pause) 773M->100M(783M) 5.532ms
[2026-04-03T02:23:51.914+0600][83.204s][info][gc,cpu         ] GC(430) User=0.03s Sys=0.01s Real=0.01s
[2026-04-03T02:23:51.929+0600][83.219s][info][gc,start       ] GC(431) Pause Young (Concurrent Start) (GCLocker Initiated GC)
[2026-04-03T02:23:51.929+0600][83.219s][info][gc,task        ] GC(431) Using 10 workers of 10 for evacuation
[2026-04-03T02:23:51.934+0600][83.223s][info][gc,phases      ] GC(431)   Pre Evacuate Collection Set: 0.49ms
[2026-04-03T02:23:51.934+0600][83.223s][info][gc,phases      ] GC(431)   Merge Heap Roots: 0.22ms
[2026-04-03T02:23:51.934+0600][83.224s][info][gc,phases      ] GC(431)   Evacuate Collection Set: 3.17ms
[2026-04-03T02:23:51.934+0600][83.224s][info][gc,phases      ] GC(431)   Post Evacuate Collection Set: 0.64ms
[2026-04-03T02:23:51.934+0600][83.224s][info][gc,phases      ] GC(431)   Other: 0.18ms
[2026-04-03T02:23:51.934+0600][83.224s][info][gc,heap        ] GC(431) Eden regions: 22->0(462)
[2026-04-03T02:23:51.934+0600][83.224s][info][gc,heap        ] GC(431) Survivor regions: 6->7(59)
[2026-04-03T02:23:51.934+0600][83.224s][info][gc,heap        ] GC(431) Old regions: 87->87
[2026-04-03T02:23:51.934+0600][83.224s][info][gc,heap        ] GC(431) Humongous regions: 8->8
[2026-04-03T02:23:51.934+0600][83.224s][info][gc,metaspace   ] GC(431) Metaspace: 132142K(133568K)->132142K(133568K) NonClass: 115511K(116224K)->115511K(116224K) Class: 16631K(17344K)->16631K(17344K)
[2026-04-03T02:23:51.934+0600][83.224s][info][gc             ] GC(431) Pause Young (Concurrent Start) (GCLocker Initiated GC) 121M->100M(783M) 5.049ms
[2026-04-03T02:23:51.934+0600][83.224s][info][gc             ] GC(432) Concurrent Mark Cycle
[2026-04-03T02:23:51.934+0600][83.224s][info][gc,marking     ] GC(432) Concurrent Scan Root Regions
[2026-04-03T02:23:51.934+0600][83.224s][info][gc,cpu         ] GC(431) User=0.05s Sys=0.00s Real=0.01s
[2026-04-03T02:23:51.937+0600][83.227s][info][gc,marking     ] GC(432) Concurrent Scan Root Regions 2.842ms
[2026-04-03T02:23:51.937+0600][83.227s][info][gc,marking     ] GC(432) Concurrent Mark
[2026-04-03T02:23:51.937+0600][83.227s][info][gc,marking     ] GC(432) Concurrent Mark From Roots
[2026-04-03T02:23:51.937+0600][83.227s][info][gc,task        ] GC(432) Using 3 workers of 3 for marking
[2026-04-03T02:23:52.039+0600][83.328s][info][gc,marking     ] GC(432) Concurrent Mark From Roots 101.689ms
[2026-04-03T02:23:52.039+0600][83.328s][info][gc,marking     ] GC(432) Concurrent Preclean
[2026-04-03T02:23:52.039+0600][83.329s][info][gc,marking     ] GC(432) Concurrent Preclean 0.464ms
[2026-04-03T02:23:52.040+0600][83.329s][info][gc,start       ] GC(432) Pause Remark
[2026-04-03T02:23:52.048+0600][83.338s][info][gc             ] GC(432) Pause Remark 225M->225M(534M) 8.330ms
[2026-04-03T02:23:52.048+0600][83.338s][info][gc,cpu         ] GC(432) User=0.06s Sys=0.00s Real=0.01s
[2026-04-03T02:23:52.048+0600][83.338s][info][gc,marking     ] GC(432) Concurrent Mark 111.414ms
[2026-04-03T02:23:52.048+0600][83.338s][info][gc,marking     ] GC(432) Concurrent Rebuild Remembered Sets and Scrub Regions
[2026-04-03T02:23:52.088+0600][83.378s][info][gc,marking     ] GC(432) Concurrent Rebuild Remembered Sets and Scrub Regions 39.890ms
[2026-04-03T02:23:52.089+0600][83.378s][info][gc,start       ] GC(432) Pause Cleanup
[2026-04-03T02:23:52.089+0600][83.379s][info][gc             ] GC(432) Pause Cleanup 270M->270M(534M) 0.400ms
[2026-04-03T02:23:52.089+0600][83.379s][info][gc,cpu         ] GC(432) User=0.01s Sys=0.00s Real=0.00s
[2026-04-03T02:23:52.089+0600][83.379s][info][gc,marking     ] GC(432) Concurrent Clear Claimed Marks
[2026-04-03T02:23:52.090+0600][83.379s][info][gc,marking     ] GC(432) Concurrent Clear Claimed Marks 0.402ms
[2026-04-03T02:23:52.090+0600][83.379s][info][gc,marking     ] GC(432) Concurrent Cleanup for Next Mark
[2026-04-03T02:23:52.091+0600][83.380s][info][gc,marking     ] GC(432) Concurrent Cleanup for Next Mark 0.861ms
[2026-04-03T02:23:52.091+0600][83.380s][info][gc             ] GC(432) Concurrent Mark Cycle 156.712ms
[2026-04-03T02:23:52.347+0600][83.636s][info][gc,start       ] GC(433) Pause Young (Prepare Mixed) (G1 Evacuation Pause)
[2026-04-03T02:23:52.347+0600][83.637s][info][gc,task        ] GC(433) Using 10 workers of 10 for evacuation
[2026-04-03T02:23:52.351+0600][83.640s][info][gc,phases      ] GC(433)   Pre Evacuate Collection Set: 0.30ms
[2026-04-03T02:23:52.351+0600][83.641s][info][gc,phases      ] GC(433)   Merge Heap Roots: 0.17ms
[2026-04-03T02:23:52.351+0600][83.641s][info][gc,phases      ] GC(433)   Evacuate Collection Set: 2.76ms
[2026-04-03T02:23:52.351+0600][83.641s][info][gc,phases      ] GC(433)   Post Evacuate Collection Set: 0.63ms
[2026-04-03T02:23:52.351+0600][83.641s][info][gc,phases      ] GC(433)   Other: 0.08ms
[2026-04-03T02:23:52.351+0600][83.641s][info][gc,heap        ] GC(433) Eden regions: 255->0(323)
[2026-04-03T02:23:52.351+0600][83.641s][info][gc,heap        ] GC(433) Survivor regions: 7->7(41)
[2026-04-03T02:23:52.351+0600][83.641s][info][gc,heap        ] GC(433) Old regions: 87->88
[2026-04-03T02:23:52.351+0600][83.641s][info][gc,heap        ] GC(433) Humongous regions: 194->8
[2026-04-03T02:23:52.351+0600][83.641s][info][gc,metaspace   ] GC(433) Metaspace: 132143K(133568K)->132143K(133568K) NonClass: 115512K(116224K)->115512K(116224K) Class: 16631K(17344K)->16631K(17344K)
[2026-04-03T02:23:52.351+0600][83.641s][info][gc             ] GC(433) Pause Young (Prepare Mixed) (G1 Evacuation Pause) 541M->100M(551M) 4.164ms
[2026-04-03T02:23:52.351+0600][83.641s][info][gc,cpu         ] GC(433) User=0.02s Sys=0.01s Real=0.01s
[2026-04-03T02:23:52.694+0600][83.984s][info][gc,start       ] GC(434) Pause Young (Mixed) (G1 Evacuation Pause)
[2026-04-03T02:23:52.695+0600][83.984s][info][gc,task        ] GC(434) Using 10 workers of 10 for evacuation
[2026-04-03T02:23:52.699+0600][83.989s][info][gc,phases      ] GC(434)   Pre Evacuate Collection Set: 0.24ms
[2026-04-03T02:23:52.699+0600][83.989s][info][gc,phases      ] GC(434)   Merge Heap Roots: 0.16ms
[2026-04-03T02:23:52.699+0600][83.989s][info][gc,phases      ] GC(434)   Evacuate Collection Set: 3.16ms
[2026-04-03T02:23:52.699+0600][83.989s][info][gc,phases      ] GC(434)   Post Evacuate Collection Set: 0.67ms
[2026-04-03T02:23:52.699+0600][83.989s][info][gc,phases      ] GC(434)   Other: 0.10ms
[2026-04-03T02:23:52.699+0600][83.989s][info][gc,heap        ] GC(434) Eden regions: 320->0(399)
[2026-04-03T02:23:52.699+0600][83.989s][info][gc,heap        ] GC(434) Survivor regions: 7->9(45)
[2026-04-03T02:23:52.699+0600][83.989s][info][gc,heap        ] GC(434) Old regions: 88->87
[2026-04-03T02:23:52.699+0600][83.989s][info][gc,heap        ] GC(434) Humongous regions: 256->23
[2026-04-03T02:23:52.699+0600][83.989s][info][gc,metaspace   ] GC(434) Metaspace: 132146K(133568K)->132146K(133568K) NonClass: 115514K(116224K)->115514K(116224K) Class: 16631K(17344K)->16631K(17344K)
[2026-04-03T02:23:52.699+0600][83.989s][info][gc             ] GC(434) Pause Young (Mixed) (G1 Evacuation Pause) 668M->117M(680M) 4.578ms
[2026-04-03T02:23:52.699+0600][83.989s][info][gc,cpu         ] GC(434) User=0.02s Sys=0.01s Real=0.00s
[2026-04-03T02:23:52.700+0600][83.989s][info][gc,start       ] GC(435) Pause Young (Concurrent Start) (G1 Humongous Allocation)
[2026-04-03T02:23:52.700+0600][83.989s][info][gc,task        ] GC(435) Using 10 workers of 10 for evacuation
[2026-04-03T02:23:52.702+0600][83.992s][info][gc,phases      ] GC(435)   Pre Evacuate Collection Set: 0.24ms
[2026-04-03T02:23:52.703+0600][83.992s][info][gc,phases      ] GC(435)   Merge Heap Roots: 0.06ms
[2026-04-03T02:23:52.703+0600][83.992s][info][gc,phases      ] GC(435)   Evacuate Collection Set: 1.86ms
[2026-04-03T02:23:52.703+0600][83.992s][info][gc,phases      ] GC(435)   Post Evacuate Collection Set: 0.45ms
[2026-04-03T02:23:52.703+0600][83.992s][info][gc,phases      ] GC(435)   Other: 0.09ms
[2026-04-03T02:23:52.703+0600][83.992s][info][gc,heap        ] GC(435) Eden regions: 3->0(399)
[2026-04-03T02:23:52.703+0600][83.992s][info][gc,heap        ] GC(435) Survivor regions: 9->9(51)
[2026-04-03T02:23:52.703+0600][83.992s][info][gc,heap        ] GC(435) Old regions: 87->87
[2026-04-03T02:23:52.703+0600][83.992s][info][gc,heap        ] GC(435) Humongous regions: 23->8
[2026-04-03T02:23:52.703+0600][83.992s][info][gc,metaspace   ] GC(435) Metaspace: 132146K(133568K)->132146K(133568K) NonClass: 115514K(116224K)->115514K(116224K) Class: 16631K(17344K)->16631K(17344K)
[2026-04-03T02:23:52.703+0600][83.992s][info][gc             ] GC(435) Pause Young (Concurrent Start) (G1 Humongous Allocation) 119M->102M(680M) 2.892ms
[2026-04-03T02:23:52.703+0600][83.992s][info][gc             ] GC(436) Concurrent Mark Cycle
[2026-04-03T02:23:52.703+0600][83.992s][info][gc,marking     ] GC(436) Concurrent Scan Root Regions
[2026-04-03T02:23:52.703+0600][83.992s][info][gc,cpu         ] GC(435) User=0.02s Sys=0.00s Real=0.00s
[2026-04-03T02:23:52.705+0600][83.995s][info][gc,marking     ] GC(436) Concurrent Scan Root Regions 2.182ms
[2026-04-03T02:23:52.705+0600][83.995s][info][gc,marking     ] GC(436) Concurrent Mark
[2026-04-03T02:23:52.705+0600][83.995s][info][gc,marking     ] GC(436) Concurrent Mark From Roots
[2026-04-03T02:23:52.705+0600][83.995s][info][gc,task        ] GC(436) Using 3 workers of 3 for marking
[2026-04-03T02:23:52.792+0600][84.082s][info][gc,marking     ] GC(436) Concurrent Mark From Roots 87.068ms
[2026-04-03T02:23:52.792+0600][84.082s][info][gc,marking     ] GC(436) Concurrent Preclean
[2026-04-03T02:23:52.792+0600][84.082s][info][gc,marking     ] GC(436) Concurrent Preclean 0.249ms
[2026-04-03T02:23:52.793+0600][84.082s][info][gc,start       ] GC(436) Pause Remark
[2026-04-03T02:23:52.800+0600][84.090s][info][gc             ] GC(436) Pause Remark 375M->375M(680M) 7.599ms
[2026-04-03T02:23:52.801+0600][84.090s][info][gc,cpu         ] GC(436) User=0.06s Sys=0.00s Real=0.01s
[2026-04-03T02:23:52.801+0600][84.090s][info][gc,marking     ] GC(436) Concurrent Mark 95.661ms
[2026-04-03T02:23:52.801+0600][84.090s][info][gc,marking     ] GC(436) Concurrent Rebuild Remembered Sets and Scrub Regions
[2026-04-03T02:23:52.829+0600][84.118s][info][gc,marking     ] GC(436) Concurrent Rebuild Remembered Sets and Scrub Regions 27.873ms
[2026-04-03T02:23:52.830+0600][84.120s][info][gc,start       ] GC(436) Pause Cleanup
[2026-04-03T02:23:52.830+0600][84.120s][info][gc             ] GC(436) Pause Cleanup 608M->608M(680M) 0.344ms
[2026-04-03T02:23:52.831+0600][84.120s][info][gc,cpu         ] GC(436) User=0.00s Sys=0.00s Real=0.00s
[2026-04-03T02:23:52.831+0600][84.120s][info][gc,marking     ] GC(436) Concurrent Clear Claimed Marks
[2026-04-03T02:23:52.831+0600][84.121s][info][gc,marking     ] GC(436) Concurrent Clear Claimed Marks 0.477ms
[2026-04-03T02:23:52.855+0600][84.144s][info][gc,marking     ] GC(436) Concurrent Cleanup for Next Mark
[2026-04-03T02:23:52.857+0600][84.147s][info][gc,marking     ] GC(436) Concurrent Cleanup for Next Mark 2.725ms
[2026-04-03T02:23:52.857+0600][84.147s][info][gc             ] GC(436) Concurrent Mark Cycle 154.707ms
[2026-04-03T02:23:52.891+0600][84.181s][info][gc,start       ] GC(437) Pause Young (Prepare Mixed) (G1 Evacuation Pause)
[2026-04-03T02:23:52.891+0600][84.181s][info][gc,task        ] GC(437) Using 10 workers of 10 for evacuation
[2026-04-03T02:23:52.895+0600][84.185s][info][gc,phases      ] GC(437)   Pre Evacuate Collection Set: 0.33ms
[2026-04-03T02:23:52.895+0600][84.185s][info][gc,phases      ] GC(437)   Merge Heap Roots: 0.19ms
[2026-04-03T02:23:52.895+0600][84.185s][info][gc,phases      ] GC(437)   Evacuate Collection Set: 2.12ms
[2026-04-03T02:23:52.895+0600][84.185s][info][gc,phases      ] GC(437)   Post Evacuate Collection Set: 1.08ms
[2026-04-03T02:23:52.895+0600][84.185s][info][gc,phases      ] GC(437)   Other: 0.09ms
[2026-04-03T02:23:52.895+0600][84.185s][info][gc,heap        ] GC(437) Eden regions: 75->0(437)
[2026-04-03T02:23:52.895+0600][84.185s][info][gc,heap        ] GC(437) Survivor regions: 9->4(51)
[2026-04-03T02:23:52.895+0600][84.185s][info][gc,heap        ] GC(437) Old regions: 87->87
[2026-04-03T02:23:52.895+0600][84.185s][info][gc,heap        ] GC(437) Humongous regions: 560->8
[2026-04-03T02:23:52.895+0600][84.185s][info][gc,metaspace   ] GC(437) Metaspace: 132148K(133568K)->132148K(133568K) NonClass: 115517K(116224K)->115517K(116224K) Class: 16631K(17344K)->16631K(17344K)
[2026-04-03T02:23:52.895+0600][84.185s][info][gc             ] GC(437) Pause Young (Prepare Mixed) (G1 Evacuation Pause) 729M->98M(735M) 4.107ms
[2026-04-03T02:23:52.895+0600][84.185s][info][gc,cpu         ] GC(437) User=0.02s Sys=0.00s Real=0.00s
[2026-04-03T02:23:53.481+0600][84.771s][info][gc,start       ] GC(438) Pause Young (Mixed) (G1 Evacuation Pause)
[2026-04-03T02:23:53.481+0600][84.771s][info][gc,task        ] GC(438) Using 10 workers of 10 for evacuation
[2026-04-03T02:23:53.488+0600][84.778s][info][gc,phases      ] GC(438)   Pre Evacuate Collection Set: 0.56ms
[2026-04-03T02:23:53.488+0600][84.778s][info][gc,phases      ] GC(438)   Merge Heap Roots: 0.37ms
[2026-04-03T02:23:53.488+0600][84.778s][info][gc,phases      ] GC(438)   Evacuate Collection Set: 4.83ms
[2026-04-03T02:23:53.488+0600][84.778s][info][gc,phases      ] GC(438)   Post Evacuate Collection Set: 0.92ms
[2026-04-03T02:23:53.488+0600][84.778s][info][gc,phases      ] GC(438)   Other: 0.14ms
[2026-04-03T02:23:53.488+0600][84.778s][info][gc,heap        ] GC(438) Eden regions: 416->0(442)
[2026-04-03T02:23:53.488+0600][84.778s][info][gc,heap        ] GC(438) Survivor regions: 4->8(56)
[2026-04-03T02:23:53.488+0600][84.778s][info][gc,heap        ] GC(438) Old regions: 87->87
[2026-04-03T02:23:53.488+0600][84.778s][info][gc,heap        ] GC(438) Humongous regions: 234->8
[2026-04-03T02:23:53.488+0600][84.778s][info][gc,metaspace   ] GC(438) Metaspace: 132158K(133568K)->132158K(133568K) NonClass: 115527K(116224K)->115527K(116224K) Class: 16631K(17344K)->16631K(17344K)
[2026-04-03T02:23:53.488+0600][84.778s][info][gc             ] GC(438) Pause Young (Mixed) (G1 Evacuation Pause) 740M->101M(750M) 7.148ms
[2026-04-03T02:23:53.488+0600][84.778s][info][gc,cpu         ] GC(438) User=0.04s Sys=0.02s Real=0.00s
[2026-04-03T02:23:53.490+0600][84.779s][info][gc,start       ] GC(439) Pause Young (Concurrent Start) (G1 Humongous Allocation)
[2026-04-03T02:23:53.490+0600][84.779s][info][gc,task        ] GC(439) Using 10 workers of 10 for evacuation
[2026-04-03T02:23:53.493+0600][84.783s][info][gc,phases      ] GC(439)   Pre Evacuate Collection Set: 0.29ms
[2026-04-03T02:23:53.493+0600][84.783s][info][gc,phases      ] GC(439)   Merge Heap Roots: 0.09ms
[2026-04-03T02:23:53.493+0600][84.783s][info][gc,phases      ] GC(439)   Evacuate Collection Set: 2.39ms
[2026-04-03T02:23:53.493+0600][84.783s][info][gc,phases      ] GC(439)   Post Evacuate Collection Set: 0.62ms
[2026-04-03T02:23:53.493+0600][84.783s][info][gc,phases      ] GC(439)   Other: 0.11ms
[2026-04-03T02:23:53.493+0600][84.783s][info][gc,heap        ] GC(439) Eden regions: 3->0(443)
[2026-04-03T02:23:53.493+0600][84.783s][info][gc,heap        ] GC(439) Survivor regions: 8->7(57)
[2026-04-03T02:23:53.493+0600][84.783s][info][gc,heap        ] GC(439) Old regions: 87->87
[2026-04-03T02:23:53.493+0600][84.783s][info][gc,heap        ] GC(439) Humongous regions: 8->8
[2026-04-03T02:23:53.493+0600][84.783s][info][gc,metaspace   ] GC(439) Metaspace: 132158K(133568K)->132158K(133568K) NonClass: 115527K(116224K)->115527K(116224K) Class: 16631K(17344K)->16631K(17344K)
[2026-04-03T02:23:53.493+0600][84.783s][info][gc             ] GC(439) Pause Young (Concurrent Start) (G1 Humongous Allocation) 104M->100M(750M) 3.777ms
[2026-04-03T02:23:53.494+0600][84.783s][info][gc             ] GC(440) Concurrent Mark Cycle
[2026-04-03T02:23:53.494+0600][84.783s][info][gc,cpu         ] GC(439) User=0.03s Sys=0.00s Real=0.00s
[2026-04-03T02:23:53.494+0600][84.783s][info][gc,marking     ] GC(440) Concurrent Scan Root Regions
[2026-04-03T02:23:53.496+0600][84.785s][info][gc,marking     ] GC(440) Concurrent Scan Root Regions 1.964ms
[2026-04-03T02:23:53.496+0600][84.785s][info][gc,marking     ] GC(440) Concurrent Mark
[2026-04-03T02:23:53.496+0600][84.785s][info][gc,marking     ] GC(440) Concurrent Mark From Roots
[2026-04-03T02:23:53.496+0600][84.785s][info][gc,task        ] GC(440) Using 3 workers of 3 for marking
[2026-04-03T02:23:53.599+0600][84.888s][info][gc,marking     ] GC(440) Concurrent Mark From Roots 102.863ms
[2026-04-03T02:23:53.599+0600][84.888s][info][gc,marking     ] GC(440) Concurrent Preclean
[2026-04-03T02:23:53.599+0600][84.889s][info][gc,marking     ] GC(440) Concurrent Preclean 0.482ms
[2026-04-03T02:23:53.599+0600][84.889s][info][gc,start       ] GC(440) Pause Remark
[2026-04-03T02:23:53.608+0600][84.898s][info][gc             ] GC(440) Pause Remark 214M->214M(530M) 8.366ms
[2026-04-03T02:23:53.608+0600][84.898s][info][gc,cpu         ] GC(440) User=0.07s Sys=0.00s Real=0.01s
[2026-04-03T02:23:53.608+0600][84.898s][info][gc,marking     ] GC(440) Concurrent Mark 112.570ms
[2026-04-03T02:23:53.608+0600][84.898s][info][gc,marking     ] GC(440) Concurrent Rebuild Remembered Sets and Scrub Regions
[2026-04-03T02:23:53.643+0600][84.933s][info][gc,marking     ] GC(440) Concurrent Rebuild Remembered Sets and Scrub Regions 35.066ms
[2026-04-03T02:23:53.644+0600][84.934s][info][gc,start       ] GC(440) Pause Cleanup
[2026-04-03T02:23:53.644+0600][84.934s][info][gc             ] GC(440) Pause Cleanup 256M->256M(530M) 0.383ms
[2026-04-03T02:23:53.644+0600][84.934s][info][gc,cpu         ] GC(440) User=0.00s Sys=0.00s Real=0.00s
[2026-04-03T02:23:53.644+0600][84.934s][info][gc,marking     ] GC(440) Concurrent Clear Claimed Marks
[2026-04-03T02:23:53.645+0600][84.935s][info][gc,marking     ] GC(440) Concurrent Clear Claimed Marks 0.464ms
[2026-04-03T02:23:53.645+0600][84.935s][info][gc,marking     ] GC(440) Concurrent Cleanup for Next Mark
[2026-04-03T02:23:53.646+0600][84.935s][info][gc,marking     ] GC(440) Concurrent Cleanup for Next Mark 0.848ms
[2026-04-03T02:23:53.646+0600][84.936s][info][gc             ] GC(440) Concurrent Mark Cycle 152.333ms
[2026-04-03T02:23:53.864+0600][85.153s][info][gc,start       ] GC(441) Pause Young (Prepare Mixed) (GCLocker Initiated GC)
[2026-04-03T02:23:53.864+0600][85.154s][info][gc,task        ] GC(441) Using 10 workers of 10 for evacuation
[2026-04-03T02:23:53.871+0600][85.160s][info][gc,phases      ] GC(441)   Pre Evacuate Collection Set: 0.56ms
[2026-04-03T02:23:53.871+0600][85.160s][info][gc,phases      ] GC(441)   Merge Heap Roots: 0.32ms
[2026-04-03T02:23:53.871+0600][85.160s][info][gc,phases      ] GC(441)   Evacuate Collection Set: 5.03ms
[2026-04-03T02:23:53.871+0600][85.160s][info][gc,phases      ] GC(441)   Post Evacuate Collection Set: 0.72ms
[2026-04-03T02:23:53.871+0600][85.161s][info][gc,phases      ] GC(441)   Other: 0.12ms
[2026-04-03T02:23:53.871+0600][85.161s][info][gc,heap        ] GC(441) Eden regions: 245->0(316)
[2026-04-03T02:23:53.871+0600][85.161s][info][gc,heap        ] GC(441) Survivor regions: 7->9(40)
[2026-04-03T02:23:53.871+0600][85.161s][info][gc,heap        ] GC(441) Old regions: 87->88
[2026-04-03T02:23:53.871+0600][85.161s][info][gc,heap        ] GC(441) Humongous regions: 193->10
[2026-04-03T02:23:53.871+0600][85.161s][info][gc,metaspace   ] GC(441) Metaspace: 132158K(133568K)->132158K(133568K) NonClass: 115527K(116224K)->115527K(116224K) Class: 16631K(17344K)->16631K(17344K)
[2026-04-03T02:23:53.871+0600][85.161s][info][gc             ] GC(441) Pause Young (Prepare Mixed) (GCLocker Initiated GC) 530M->104M(542M) 7.106ms
[2026-04-03T02:23:53.871+0600][85.161s][info][gc,cpu         ] GC(441) User=0.03s Sys=0.02s Real=0.01s
[2026-04-03T02:23:54.215+0600][85.505s][info][gc,start       ] GC(442) Pause Young (Mixed) (G1 Evacuation Pause)
[2026-04-03T02:23:54.216+0600][85.505s][info][gc,task        ] GC(442) Using 10 workers of 10 for evacuation
[2026-04-03T02:23:54.223+0600][85.513s][info][gc,phases      ] GC(442)   Pre Evacuate Collection Set: 0.63ms
[2026-04-03T02:23:54.223+0600][85.513s][info][gc,phases      ] GC(442)   Merge Heap Roots: 0.30ms
[2026-04-03T02:23:54.223+0600][85.513s][info][gc,phases      ] GC(442)   Evacuate Collection Set: 5.27ms
[2026-04-03T02:23:54.223+0600][85.513s][info][gc,phases      ] GC(442)   Post Evacuate Collection Set: 1.11ms
[2026-04-03T02:23:54.223+0600][85.513s][info][gc,phases      ] GC(442)   Other: 0.16ms
[2026-04-03T02:23:54.223+0600][85.513s][info][gc,heap        ] GC(442) Eden regions: 270->0(324)
[2026-04-03T02:23:54.223+0600][85.513s][info][gc,heap        ] GC(442) Survivor regions: 9->10(41)
[2026-04-03T02:23:54.223+0600][85.513s][info][gc,heap        ] GC(442) Old regions: 88->87
[2026-04-03T02:23:54.223+0600][85.513s][info][gc,heap        ] GC(442) Humongous regions: 181->8
[2026-04-03T02:23:54.223+0600][85.513s][info][gc,metaspace   ] GC(442) Metaspace: 132159K(133568K)->132159K(133568K) NonClass: 115527K(116224K)->115527K(116224K) Class: 16631K(17344K)->16631K(17344K)
[2026-04-03T02:23:54.223+0600][85.513s][info][gc             ] GC(442) Pause Young (Mixed) (G1 Evacuation Pause) 545M->103M(558M) 7.807ms
[2026-04-03T02:23:54.223+0600][85.513s][info][gc,cpu         ] GC(442) User=0.04s Sys=0.01s Real=0.01s
[2026-04-03T02:23:54.227+0600][85.516s][info][gc,start       ] GC(443) Pause Young (Concurrent Start) (G1 Humongous Allocation)
[2026-04-03T02:23:54.227+0600][85.517s][info][gc,task        ] GC(443) Using 10 workers of 10 for evacuation
[2026-04-03T02:23:54.231+0600][85.521s][info][gc,phases      ] GC(443)   Pre Evacuate Collection Set: 0.42ms
[2026-04-03T02:23:54.231+0600][85.521s][info][gc,phases      ] GC(443)   Merge Heap Roots: 0.09ms
[2026-04-03T02:23:54.231+0600][85.521s][info][gc,phases      ] GC(443)   Evacuate Collection Set: 2.73ms
[2026-04-03T02:23:54.231+0600][85.521s][info][gc,phases      ] GC(443)   Post Evacuate Collection Set: 0.70ms
[2026-04-03T02:23:54.231+0600][85.521s][info][gc,phases      ] GC(443)   Other: 0.11ms
[2026-04-03T02:23:54.231+0600][85.521s][info][gc,heap        ] GC(443) Eden regions: 5->0(323)
[2026-04-03T02:23:54.231+0600][85.521s][info][gc,heap        ] GC(443) Survivor regions: 10->11(42)
[2026-04-03T02:23:54.231+0600][85.521s][info][gc,heap        ] GC(443) Old regions: 87->87
[2026-04-03T02:23:54.231+0600][85.521s][info][gc,heap        ] GC(443) Humongous regions: 8->8
[2026-04-03T02:23:54.231+0600][85.521s][info][gc,metaspace   ] GC(443) Metaspace: 132159K(133568K)->132159K(133568K) NonClass: 115527K(116224K)->115527K(116224K) Class: 16631K(17344K)->16631K(17344K)
[2026-04-03T02:23:54.231+0600][85.521s][info][gc             ] GC(443) Pause Young (Concurrent Start) (G1 Humongous Allocation) 108M->104M(558M) 4.356ms
[2026-04-03T02:23:54.231+0600][85.521s][info][gc,cpu         ] GC(443) User=0.03s Sys=0.00s Real=0.01s
[2026-04-03T02:23:54.231+0600][85.521s][info][gc             ] GC(444) Concurrent Mark Cycle
[2026-04-03T02:23:54.231+0600][85.521s][info][gc,marking     ] GC(444) Concurrent Scan Root Regions
[2026-04-03T02:23:54.233+0600][85.523s][info][gc,marking     ] GC(444) Concurrent Scan Root Regions 1.993ms
[2026-04-03T02:23:54.234+0600][85.523s][info][gc,marking     ] GC(444) Concurrent Mark
[2026-04-03T02:23:54.234+0600][85.523s][info][gc,marking     ] GC(444) Concurrent Mark From Roots
[2026-04-03T02:23:54.234+0600][85.523s][info][gc,task        ] GC(444) Using 3 workers of 3 for marking
[2026-04-03T02:23:54.312+0600][85.602s][info][gc,marking     ] GC(444) Concurrent Mark From Roots 78.426ms
[2026-04-03T02:23:54.312+0600][85.602s][info][gc,marking     ] GC(444) Concurrent Preclean
[2026-04-03T02:23:54.312+0600][85.602s][info][gc,marking     ] GC(444) Concurrent Preclean 0.432ms
[2026-04-03T02:23:54.313+0600][85.602s][info][gc,start       ] GC(444) Pause Remark
[2026-04-03T02:23:54.322+0600][85.612s][info][gc             ] GC(444) Pause Remark 189M->189M(404M) 9.559ms
[2026-04-03T02:23:54.323+0600][85.612s][info][gc,cpu         ] GC(444) User=0.07s Sys=0.00s Real=0.01s
[2026-04-03T02:23:54.323+0600][85.612s][info][gc,marking     ] GC(444) Concurrent Mark 89.313ms
[2026-04-03T02:23:54.323+0600][85.613s][info][gc,marking     ] GC(444) Concurrent Rebuild Remembered Sets and Scrub Regions
[2026-04-03T02:23:54.358+0600][85.647s][info][gc,marking     ] GC(444) Concurrent Rebuild Remembered Sets and Scrub Regions 34.675ms
[2026-04-03T02:23:54.358+0600][85.648s][info][gc,start       ] GC(444) Pause Cleanup
[2026-04-03T02:23:54.359+0600][85.648s][info][gc             ] GC(444) Pause Cleanup 249M->249M(404M) 0.264ms
[2026-04-03T02:23:54.359+0600][85.648s][info][gc,cpu         ] GC(444) User=0.00s Sys=0.00s Real=0.00s
[2026-04-03T02:23:54.359+0600][85.648s][info][gc,marking     ] GC(444) Concurrent Clear Claimed Marks
[2026-04-03T02:23:54.359+0600][85.649s][info][gc,marking     ] GC(444) Concurrent Clear Claimed Marks 0.366ms
[2026-04-03T02:23:54.359+0600][85.649s][info][gc,marking     ] GC(444) Concurrent Cleanup for Next Mark
[2026-04-03T02:23:54.360+0600][85.649s][info][gc,marking     ] GC(444) Concurrent Cleanup for Next Mark 0.642ms
[2026-04-03T02:23:54.360+0600][85.649s][info][gc             ] GC(444) Concurrent Mark Cycle 128.473ms
[2026-04-03T02:23:54.497+0600][85.787s][info][gc,start       ] GC(445) Pause Young (Prepare Mixed) (G1 Evacuation Pause)
[2026-04-03T02:23:54.497+0600][85.787s][info][gc,task        ] GC(445) Using 9 workers of 10 for evacuation
[2026-04-03T02:23:54.501+0600][85.791s][info][gc,phases      ] GC(445)   Pre Evacuate Collection Set: 0.27ms
[2026-04-03T02:23:54.502+0600][85.791s][info][gc,phases      ] GC(445)   Merge Heap Roots: 0.15ms
[2026-04-03T02:23:54.502+0600][85.791s][info][gc,phases      ] GC(445)   Evacuate Collection Set: 2.87ms
[2026-04-03T02:23:54.502+0600][85.791s][info][gc,phases      ] GC(445)   Post Evacuate Collection Set: 0.60ms
[2026-04-03T02:23:54.502+0600][85.791s][info][gc,phases      ] GC(445)   Other: 0.08ms
[2026-04-03T02:23:54.502+0600][85.791s][info][gc,heap        ] GC(445) Eden regions: 227->0(242)
[2026-04-03T02:23:54.502+0600][85.791s][info][gc,heap        ] GC(445) Survivor regions: 11->7(31)
[2026-04-03T02:23:54.502+0600][85.791s][info][gc,heap        ] GC(445) Old regions: 87->88
[2026-04-03T02:23:54.502+0600][85.791s][info][gc,heap        ] GC(445) Humongous regions: 83->10
[2026-04-03T02:23:54.502+0600][85.791s][info][gc,metaspace   ] GC(445) Metaspace: 132160K(133568K)->132160K(133568K) NonClass: 115529K(116224K)->115529K(116224K) Class: 16631K(17344K)->16631K(17344K)
[2026-04-03T02:23:54.502+0600][85.791s][info][gc             ] GC(445) Pause Young (Prepare Mixed) (G1 Evacuation Pause) 406M->103M(416M) 4.232ms
[2026-04-03T02:23:54.502+0600][85.791s][info][gc,cpu         ] GC(445) User=0.02s Sys=0.01s Real=0.01s
[2026-04-03T02:23:54.565+0600][85.855s][info][gc,start       ] GC(446) Pause Young (Mixed) (G1 Evacuation Pause)
[2026-04-03T02:23:54.566+0600][85.855s][info][gc,task        ] GC(446) Using 10 workers of 10 for evacuation
[2026-04-03T02:23:54.568+0600][85.858s][info][gc,phases      ] GC(446)   Pre Evacuate Collection Set: 0.33ms
[2026-04-03T02:23:54.569+0600][85.858s][info][gc,phases      ] GC(446)   Merge Heap Roots: 0.14ms
[2026-04-03T02:23:54.569+0600][85.858s][info][gc,phases      ] GC(446)   Evacuate Collection Set: 1.74ms
[2026-04-03T02:23:54.569+0600][85.858s][info][gc,phases      ] GC(446)   Post Evacuate Collection Set: 0.62ms
[2026-04-03T02:23:54.569+0600][85.858s][info][gc,phases      ] GC(446)   Other: 0.08ms
[2026-04-03T02:23:54.569+0600][85.858s][info][gc,heap        ] GC(446) Eden regions: 42->0(292)
[2026-04-03T02:23:54.569+0600][85.858s][info][gc,heap        ] GC(446) Survivor regions: 7->3(33)
[2026-04-03T02:23:54.569+0600][85.858s][info][gc,heap        ] GC(446) Old regions: 88->87
[2026-04-03T02:23:54.569+0600][85.858s][info][gc,heap        ] GC(446) Humongous regions: 352->8
[2026-04-03T02:23:54.569+0600][85.858s][info][gc,metaspace   ] GC(446) Metaspace: 132160K(133568K)->132160K(133568K) NonClass: 115529K(116224K)->115529K(116224K) Class: 16631K(17344K)->16631K(17344K)
[2026-04-03T02:23:54.569+0600][85.858s][info][gc             ] GC(446) Pause Young (Mixed) (G1 Evacuation Pause) 487M->97M(492M) 3.170ms
[2026-04-03T02:23:54.569+0600][85.858s][info][gc,cpu         ] GC(446) User=0.01s Sys=0.01s Real=0.00s
[2026-04-03T02:23:54.577+0600][85.867s][info][gc,start       ] GC(447) Pause Young (Concurrent Start) (G1 Humongous Allocation)
[2026-04-03T02:23:54.577+0600][85.867s][info][gc,task        ] GC(447) Using 10 workers of 10 for evacuation
[2026-04-03T02:23:54.580+0600][85.870s][info][gc,phases      ] GC(447)   Pre Evacuate Collection Set: 0.30ms
[2026-04-03T02:23:54.580+0600][85.870s][info][gc,phases      ] GC(447)   Merge Heap Roots: 0.10ms
[2026-04-03T02:23:54.580+0600][85.870s][info][gc,phases      ] GC(447)   Evacuate Collection Set: 1.76ms
[2026-04-03T02:23:54.580+0600][85.870s][info][gc,phases      ] GC(447)   Post Evacuate Collection Set: 0.53ms
[2026-04-03T02:23:54.580+0600][85.870s][info][gc,phases      ] GC(447)   Other: 0.11ms
[2026-04-03T02:23:54.580+0600][85.870s][info][gc,heap        ] GC(447) Eden regions: 22->0(290)
[2026-04-03T02:23:54.580+0600][85.870s][info][gc,heap        ] GC(447) Survivor regions: 3->5(37)
[2026-04-03T02:23:54.580+0600][85.870s][info][gc,heap        ] GC(447) Old regions: 87->87
[2026-04-03T02:23:54.580+0600][85.870s][info][gc,heap        ] GC(447) Humongous regions: 8->8
[2026-04-03T02:23:54.580+0600][85.870s][info][gc,metaspace   ] GC(447) Metaspace: 132160K(133568K)->132160K(133568K) NonClass: 115529K(116224K)->115529K(116224K) Class: 16631K(17344K)->16631K(17344K)
[2026-04-03T02:23:54.580+0600][85.870s][info][gc             ] GC(447) Pause Young (Concurrent Start) (G1 Humongous Allocation) 118M->98M(492M) 3.092ms
[2026-04-03T02:23:54.580+0600][85.870s][info][gc             ] GC(448) Concurrent Mark Cycle
[2026-04-03T02:23:54.580+0600][85.870s][info][gc,cpu         ] GC(447) User=0.02s Sys=0.00s Real=0.01s
[2026-04-03T02:23:54.580+0600][85.870s][info][gc,marking     ] GC(448) Concurrent Scan Root Regions
[2026-04-03T02:23:54.582+0600][85.872s][info][gc,marking     ] GC(448) Concurrent Scan Root Regions 2.221ms
[2026-04-03T02:23:54.582+0600][85.872s][info][gc,marking     ] GC(448) Concurrent Mark
[2026-04-03T02:23:54.583+0600][85.872s][info][gc,marking     ] GC(448) Concurrent Mark From Roots
[2026-04-03T02:23:54.583+0600][85.872s][info][gc,task        ] GC(448) Using 3 workers of 3 for marking
[2026-04-03T02:23:54.656+0600][85.946s][info][gc,marking     ] GC(448) Concurrent Mark From Roots 73.705ms
[2026-04-03T02:23:54.656+0600][85.946s][info][gc,marking     ] GC(448) Concurrent Preclean
[2026-04-03T02:23:54.657+0600][85.946s][info][gc,marking     ] GC(448) Concurrent Preclean 0.371ms
[2026-04-03T02:23:54.657+0600][85.947s][info][gc,start       ] GC(448) Pause Remark
[2026-04-03T02:23:54.668+0600][85.957s][info][gc             ] GC(448) Pause Remark 485M->485M(749M) 10.535ms
[2026-04-03T02:23:54.668+0600][85.957s][info][gc,cpu         ] GC(448) User=0.06s Sys=0.00s Real=0.01s
[2026-04-03T02:23:54.668+0600][85.958s][info][gc,marking     ] GC(448) Concurrent Mark 85.394ms
[2026-04-03T02:23:54.668+0600][85.958s][info][gc,marking     ] GC(448) Concurrent Rebuild Remembered Sets and Scrub Regions
[2026-04-03T02:23:54.700+0600][85.990s][info][gc,marking     ] GC(448) Concurrent Rebuild Remembered Sets and Scrub Regions 32.028ms
[2026-04-03T02:23:54.700+0600][85.990s][info][gc,start       ] GC(448) Pause Cleanup
[2026-04-03T02:23:54.701+0600][85.990s][info][gc             ] GC(448) Pause Cleanup 516M->516M(749M) 0.349ms
[2026-04-03T02:23:54.701+0600][85.990s][info][gc,cpu         ] GC(448) User=0.00s Sys=0.00s Real=0.00s
[2026-04-03T02:23:54.701+0600][85.991s][info][gc,marking     ] GC(448) Concurrent Clear Claimed Marks
[2026-04-03T02:23:54.701+0600][85.991s][info][gc,marking     ] GC(448) Concurrent Clear Claimed Marks 0.403ms
[2026-04-03T02:23:54.701+0600][85.991s][info][gc,marking     ] GC(448) Concurrent Cleanup for Next Mark
[2026-04-03T02:23:54.705+0600][85.994s][info][gc,marking     ] GC(448) Concurrent Cleanup for Next Mark 3.363ms
[2026-04-03T02:23:54.705+0600][85.994s][info][gc             ] GC(448) Concurrent Mark Cycle 124.637ms
[2026-04-03T02:23:55.032+0600][86.322s][info][gc,start       ] GC(449) Pause Young (Prepare Mixed) (G1 Evacuation Pause)
[2026-04-03T02:23:55.032+0600][86.322s][info][gc,task        ] GC(449) Using 10 workers of 10 for evacuation
[2026-04-03T02:23:55.036+0600][86.325s][info][gc,phases      ] GC(449)   Pre Evacuate Collection Set: 0.30ms
[2026-04-03T02:23:55.036+0600][86.325s][info][gc,phases      ] GC(449)   Merge Heap Roots: 0.15ms
[2026-04-03T02:23:55.036+0600][86.325s][info][gc,phases      ] GC(449)   Evacuate Collection Set: 2.36ms
[2026-04-03T02:23:55.036+0600][86.325s][info][gc,phases      ] GC(449)   Post Evacuate Collection Set: 0.74ms
[2026-04-03T02:23:55.036+0600][86.325s][info][gc,phases      ] GC(449)   Other: 0.12ms
[2026-04-03T02:23:55.036+0600][86.325s][info][gc,heap        ] GC(449) Eden regions: 206->0(447)
[2026-04-03T02:23:55.036+0600][86.325s][info][gc,heap        ] GC(449) Survivor regions: 5->5(40)
[2026-04-03T02:23:55.036+0600][86.325s][info][gc,heap        ] GC(449) Old regions: 87->87
[2026-04-03T02:23:55.036+0600][86.325s][info][gc,heap        ] GC(449) Humongous regions: 451->8
[2026-04-03T02:23:55.036+0600][86.325s][info][gc,metaspace   ] GC(449) Metaspace: 132162K(133568K)->132162K(133568K) NonClass: 115531K(116224K)->115531K(116224K) Class: 16631K(17344K)->16631K(17344K)
[2026-04-03T02:23:55.036+0600][86.326s][info][gc             ] GC(449) Pause Young (Prepare Mixed) (G1 Evacuation Pause) 747M->99M(754M) 3.921ms
[2026-04-03T02:23:55.036+0600][86.326s][info][gc,cpu         ] GC(449) User=0.02s Sys=0.00s Real=0.00s
[2026-04-03T02:23:55.524+0600][86.814s][info][gc,start       ] GC(450) Pause Young (Mixed) (GCLocker Initiated GC)
[2026-04-03T02:23:55.524+0600][86.814s][info][gc,task        ] GC(450) Using 10 workers of 10 for evacuation
[2026-04-03T02:23:55.531+0600][86.821s][info][gc,phases      ] GC(450)   Pre Evacuate Collection Set: 0.49ms
[2026-04-03T02:23:55.532+0600][86.821s][info][gc,phases      ] GC(450)   Merge Heap Roots: 0.25ms
[2026-04-03T02:23:55.532+0600][86.821s][info][gc,phases      ] GC(450)   Evacuate Collection Set: 5.33ms
[2026-04-03T02:23:55.532+0600][86.821s][info][gc,phases      ] GC(450)   Post Evacuate Collection Set: 0.82ms
[2026-04-03T02:23:55.532+0600][86.821s][info][gc,phases      ] GC(450)   Other: 0.20ms
[2026-04-03T02:23:55.532+0600][86.821s][info][gc,heap        ] GC(450) Eden regions: 397->0(449)
[2026-04-03T02:23:55.532+0600][86.821s][info][gc,heap        ] GC(450) Survivor regions: 5->9(57)
[2026-04-03T02:23:55.532+0600][86.821s][info][gc,heap        ] GC(450) Old regions: 87->87
[2026-04-03T02:23:55.532+0600][86.821s][info][gc,heap        ] GC(450) Humongous regions: 265->8
[2026-04-03T02:23:55.532+0600][86.821s][info][gc,metaspace   ] GC(450) Metaspace: 132162K(133568K)->132162K(133568K) NonClass: 115531K(116224K)->115531K(116224K) Class: 16631K(17344K)->16631K(17344K)
[2026-04-03T02:23:55.532+0600][86.821s][info][gc             ] GC(450) Pause Young (Mixed) (GCLocker Initiated GC) 753M->103M(764M) 7.433ms
[2026-04-03T02:23:55.532+0600][86.822s][info][gc,cpu         ] GC(450) User=0.05s Sys=0.01s Real=0.01s
[2026-04-03T02:23:55.535+0600][86.825s][info][gc,start       ] GC(451) Pause Young (Concurrent Start) (G1 Humongous Allocation)
[2026-04-03T02:23:55.536+0600][86.825s][info][gc,task        ] GC(451) Using 10 workers of 10 for evacuation
[2026-04-03T02:23:55.539+0600][86.829s][info][gc,phases      ] GC(451)   Pre Evacuate Collection Set: 0.38ms
[2026-04-03T02:23:55.539+0600][86.829s][info][gc,phases      ] GC(451)   Merge Heap Roots: 0.12ms
[2026-04-03T02:23:55.539+0600][86.829s][info][gc,phases      ] GC(451)   Evacuate Collection Set: 2.72ms
[2026-04-03T02:23:55.539+0600][86.829s][info][gc,phases      ] GC(451)   Post Evacuate Collection Set: 0.57ms
[2026-04-03T02:23:55.540+0600][86.829s][info][gc,phases      ] GC(451)   Other: 0.12ms
[2026-04-03T02:23:55.540+0600][86.829s][info][gc,heap        ] GC(451) Eden regions: 6->0(450)
[2026-04-03T02:23:55.540+0600][86.829s][info][gc,heap        ] GC(451) Survivor regions: 9->8(58)
[2026-04-03T02:23:55.540+0600][86.829s][info][gc,heap        ] GC(451) Old regions: 87->87
[2026-04-03T02:23:55.540+0600][86.829s][info][gc,heap        ] GC(451) Humongous regions: 8->8
[2026-04-03T02:23:55.540+0600][86.829s][info][gc,metaspace   ] GC(451) Metaspace: 132162K(133568K)->132162K(133568K) NonClass: 115531K(116224K)->115531K(116224K) Class: 16631K(17344K)->16631K(17344K)
[2026-04-03T02:23:55.540+0600][86.829s][info][gc             ] GC(451) Pause Young (Concurrent Start) (G1 Humongous Allocation) 109M->101M(764M) 4.177ms
[2026-04-03T02:23:55.540+0600][86.829s][info][gc             ] GC(452) Concurrent Mark Cycle
[2026-04-03T02:23:55.540+0600][86.829s][info][gc,marking     ] GC(452) Concurrent Scan Root Regions
[2026-04-03T02:23:55.540+0600][86.829s][info][gc,cpu         ] GC(451) User=0.03s Sys=0.00s Real=0.01s
[2026-04-03T02:23:55.543+0600][86.832s][info][gc,marking     ] GC(452) Concurrent Scan Root Regions 3.015ms
[2026-04-03T02:23:55.543+0600][86.833s][info][gc,marking     ] GC(452) Concurrent Mark
[2026-04-03T02:23:55.543+0600][86.833s][info][gc,marking     ] GC(452) Concurrent Mark From Roots
[2026-04-03T02:23:55.543+0600][86.833s][info][gc,task        ] GC(452) Using 3 workers of 3 for marking
[2026-04-03T02:23:55.639+0600][86.929s][info][gc,marking     ] GC(452) Concurrent Mark From Roots 96.581ms
[2026-04-03T02:23:55.640+0600][86.929s][info][gc,marking     ] GC(452) Concurrent Preclean
[2026-04-03T02:23:55.640+0600][86.930s][info][gc,marking     ] GC(452) Concurrent Preclean 0.546ms
[2026-04-03T02:23:55.640+0600][86.930s][info][gc,start       ] GC(452) Pause Remark
[2026-04-03T02:23:55.650+0600][86.940s][info][gc             ] GC(452) Pause Remark 237M->237M(554M) 9.872ms
[2026-04-03T02:23:55.650+0600][86.940s][info][gc,cpu         ] GC(452) User=0.07s Sys=0.00s Real=0.01s
[2026-04-03T02:23:55.651+0600][86.940s][info][gc,marking     ] GC(452) Concurrent Mark 107.880ms
[2026-04-03T02:23:55.651+0600][86.940s][info][gc,marking     ] GC(452) Concurrent Rebuild Remembered Sets and Scrub Regions
[2026-04-03T02:23:55.683+0600][86.972s][info][gc,marking     ] GC(452) Concurrent Rebuild Remembered Sets and Scrub Regions 31.980ms
[2026-04-03T02:23:55.683+0600][86.973s][info][gc,start       ] GC(452) Pause Cleanup
[2026-04-03T02:23:55.683+0600][86.973s][info][gc             ] GC(452) Pause Cleanup 280M->280M(554M) 0.297ms
[2026-04-03T02:23:55.684+0600][86.973s][info][gc,cpu         ] GC(452) User=0.01s Sys=0.00s Real=0.00s
[2026-04-03T02:23:55.684+0600][86.973s][info][gc,marking     ] GC(452) Concurrent Clear Claimed Marks
[2026-04-03T02:23:55.684+0600][86.974s][info][gc,marking     ] GC(452) Concurrent Clear Claimed Marks 0.371ms
[2026-04-03T02:23:55.684+0600][86.974s][info][gc,marking     ] GC(452) Concurrent Cleanup for Next Mark
[2026-04-03T02:23:55.685+0600][86.974s][info][gc,marking     ] GC(452) Concurrent Cleanup for Next Mark 0.782ms
[2026-04-03T02:23:55.685+0600][86.975s][info][gc             ] GC(452) Concurrent Mark Cycle 145.246ms
[2026-04-03T02:23:55.886+0600][87.175s][info][gc,start       ] GC(453) Pause Young (Prepare Mixed) (G1 Evacuation Pause)
[2026-04-03T02:23:55.886+0600][87.176s][info][gc,task        ] GC(453) Using 10 workers of 10 for evacuation
[2026-04-03T02:23:55.890+0600][87.180s][info][gc,phases      ] GC(453)   Pre Evacuate Collection Set: 0.36ms
[2026-04-03T02:23:55.890+0600][87.180s][info][gc,phases      ] GC(453)   Merge Heap Roots: 0.18ms
[2026-04-03T02:23:55.890+0600][87.180s][info][gc,phases      ] GC(453)   Evacuate Collection Set: 2.89ms
[2026-04-03T02:23:55.890+0600][87.180s][info][gc,phases      ] GC(453)   Post Evacuate Collection Set: 0.74ms
[2026-04-03T02:23:55.890+0600][87.180s][info][gc,phases      ] GC(453)   Other: 0.08ms
[2026-04-03T02:23:55.890+0600][87.180s][info][gc,heap        ] GC(453) Eden regions: 267->0(333)
[2026-04-03T02:23:55.890+0600][87.180s][info][gc,heap        ] GC(453) Survivor regions: 8->7(42)
[2026-04-03T02:23:55.890+0600][87.180s][info][gc,heap        ] GC(453) Old regions: 87->88
[2026-04-03T02:23:55.890+0600][87.180s][info][gc,heap        ] GC(453) Humongous regions: 197->8
[2026-04-03T02:23:55.890+0600][87.180s][info][gc,metaspace   ] GC(453) Metaspace: 132163K(133568K)->132163K(133568K) NonClass: 115532K(116224K)->115532K(116224K) Class: 16631K(17344K)->16631K(17344K)
[2026-04-03T02:23:55.890+0600][87.180s][info][gc             ] GC(453) Pause Young (Prepare Mixed) (G1 Evacuation Pause) 557M->101M(567M) 4.522ms
[2026-04-03T02:23:55.890+0600][87.180s][info][gc,cpu         ] GC(453) User=0.03s Sys=0.00s Real=0.01s
[2026-04-03T02:23:56.225+0600][87.515s][info][gc,start       ] GC(454) Pause Young (Mixed) (G1 Evacuation Pause)
[2026-04-03T02:23:56.225+0600][87.515s][info][gc,task        ] GC(454) Using 10 workers of 10 for evacuation
[2026-04-03T02:23:56.231+0600][87.521s][info][gc,phases      ] GC(454)   Pre Evacuate Collection Set: 0.38ms
[2026-04-03T02:23:56.231+0600][87.521s][info][gc,phases      ] GC(454)   Merge Heap Roots: 0.29ms
[2026-04-03T02:23:56.231+0600][87.521s][info][gc,phases      ] GC(454)   Evacuate Collection Set: 4.08ms
[2026-04-03T02:23:56.231+0600][87.521s][info][gc,phases      ] GC(454)   Post Evacuate Collection Set: 0.83ms
[2026-04-03T02:23:56.231+0600][87.521s][info][gc,phases      ] GC(454)   Other: 0.15ms
[2026-04-03T02:23:56.231+0600][87.521s][info][gc,heap        ] GC(454) Eden regions: 333->0(337)
[2026-04-03T02:23:56.231+0600][87.521s][info][gc,heap        ] GC(454) Survivor regions: 7->7(43)
[2026-04-03T02:23:56.231+0600][87.521s][info][gc,heap        ] GC(454) Old regions: 88->87
[2026-04-03T02:23:56.231+0600][87.521s][info][gc,heap        ] GC(454) Humongous regions: 139->8
[2026-04-03T02:23:56.231+0600][87.521s][info][gc,metaspace   ] GC(454) Metaspace: 132163K(133568K)->132163K(133568K) NonClass: 115532K(116224K)->115532K(116224K) Class: 16631K(17344K)->16631K(17344K)
[2026-04-03T02:23:56.231+0600][87.521s][info][gc             ] GC(454) Pause Young (Mixed) (G1 Evacuation Pause) 565M->101M(574M) 6.049ms
[2026-04-03T02:23:56.231+0600][87.521s][info][gc,cpu         ] GC(454) User=0.03s Sys=0.02s Real=0.01s
[2026-04-03T02:23:56.255+0600][87.545s][info][gc,start       ] GC(455) Pause Young (Concurrent Start) (G1 Humongous Allocation)
[2026-04-03T02:23:56.255+0600][87.545s][info][gc,task        ] GC(455) Using 10 workers of 10 for evacuation
[2026-04-03T02:23:56.259+0600][87.549s][info][gc,phases      ] GC(455)   Pre Evacuate Collection Set: 0.46ms
[2026-04-03T02:23:56.259+0600][87.549s][info][gc,phases      ] GC(455)   Merge Heap Roots: 0.22ms
[2026-04-03T02:23:56.259+0600][87.549s][info][gc,phases      ] GC(455)   Evacuate Collection Set: 2.57ms
[2026-04-03T02:23:56.259+0600][87.549s][info][gc,phases      ] GC(455)   Post Evacuate Collection Set: 0.53ms
[2026-04-03T02:23:56.259+0600][87.549s][info][gc,phases      ] GC(455)   Other: 0.12ms
[2026-04-03T02:23:56.259+0600][87.549s][info][gc,heap        ] GC(455) Eden regions: 27->0(337)
[2026-04-03T02:23:56.259+0600][87.549s][info][gc,heap        ] GC(455) Survivor regions: 7->7(43)
[2026-04-03T02:23:56.259+0600][87.549s][info][gc,heap        ] GC(455) Old regions: 87->87
[2026-04-03T02:23:56.259+0600][87.549s][info][gc,heap        ] GC(455) Humongous regions: 8->8
[2026-04-03T02:23:56.259+0600][87.549s][info][gc,metaspace   ] GC(455) Metaspace: 132163K(133568K)->132163K(133568K) NonClass: 115532K(116224K)->115532K(116224K) Class: 16631K(17344K)->16631K(17344K)
[2026-04-03T02:23:56.259+0600][87.549s][info][gc             ] GC(455) Pause Young (Concurrent Start) (G1 Humongous Allocation) 128M->100M(574M) 4.220ms
[2026-04-03T02:23:56.259+0600][87.549s][info][gc             ] GC(456) Concurrent Mark Cycle
[2026-04-03T02:23:56.259+0600][87.549s][info][gc,marking     ] GC(456) Concurrent Scan Root Regions
[2026-04-03T02:23:56.259+0600][87.549s][info][gc,cpu         ] GC(455) User=0.03s Sys=0.00s Real=0.00s
[2026-04-03T02:23:56.263+0600][87.552s][info][gc,marking     ] GC(456) Concurrent Scan Root Regions 3.106ms
[2026-04-03T02:23:56.263+0600][87.552s][info][gc,marking     ] GC(456) Concurrent Mark
[2026-04-03T02:23:56.263+0600][87.552s][info][gc,marking     ] GC(456) Concurrent Mark From Roots
[2026-04-03T02:23:56.263+0600][87.552s][info][gc,task        ] GC(456) Using 3 workers of 3 for marking
[2026-04-03T02:23:56.347+0600][87.636s][info][gc,marking     ] GC(456) Concurrent Mark From Roots 83.822ms
[2026-04-03T02:23:56.347+0600][87.636s][info][gc,marking     ] GC(456) Concurrent Preclean
[2026-04-03T02:23:56.347+0600][87.637s][info][gc,marking     ] GC(456) Concurrent Preclean 0.359ms
[2026-04-03T02:23:56.347+0600][87.637s][info][gc,start       ] GC(456) Pause Remark
[2026-04-03T02:23:56.357+0600][87.646s][info][gc             ] GC(456) Pause Remark 199M->199M(410M) 9.434ms
[2026-04-03T02:23:56.357+0600][87.647s][info][gc,cpu         ] GC(456) User=0.06s Sys=0.00s Real=0.01s
[2026-04-03T02:23:56.357+0600][87.647s][info][gc,marking     ] GC(456) Concurrent Mark 94.456ms
[2026-04-03T02:23:56.357+0600][87.647s][info][gc,marking     ] GC(456) Concurrent Rebuild Remembered Sets and Scrub Regions
[2026-04-03T02:23:56.398+0600][87.687s][info][gc,marking     ] GC(456) Concurrent Rebuild Remembered Sets and Scrub Regions 40.358ms
[2026-04-03T02:23:56.398+0600][87.688s][info][gc,start       ] GC(456) Pause Cleanup
[2026-04-03T02:23:56.398+0600][87.688s][info][gc             ] GC(456) Pause Cleanup 261M->261M(410M) 0.362ms
[2026-04-03T02:23:56.398+0600][87.688s][info][gc,cpu         ] GC(456) User=0.00s Sys=0.00s Real=0.00s
[2026-04-03T02:23:56.399+0600][87.688s][info][gc,marking     ] GC(456) Concurrent Clear Claimed Marks
[2026-04-03T02:23:56.399+0600][87.689s][info][gc,marking     ] GC(456) Concurrent Clear Claimed Marks 0.460ms
[2026-04-03T02:23:56.399+0600][87.689s][info][gc,marking     ] GC(456) Concurrent Cleanup for Next Mark
[2026-04-03T02:23:56.400+0600][87.689s][info][gc,marking     ] GC(456) Concurrent Cleanup for Next Mark 0.581ms
[2026-04-03T02:23:56.400+0600][87.689s][info][gc             ] GC(456) Concurrent Mark Cycle 140.334ms
[2026-04-03T02:23:56.512+0600][87.801s][info][gc,start       ] GC(457) Pause Young (Prepare Mixed) (G1 Evacuation Pause)
[2026-04-03T02:23:56.512+0600][87.802s][info][gc,task        ] GC(457) Using 10 workers of 10 for evacuation
[2026-04-03T02:23:56.516+0600][87.806s][info][gc,phases      ] GC(457)   Pre Evacuate Collection Set: 0.26ms
[2026-04-03T02:23:56.516+0600][87.806s][info][gc,phases      ] GC(457)   Merge Heap Roots: 0.17ms
[2026-04-03T02:23:56.516+0600][87.806s][info][gc,phases      ] GC(457)   Evacuate Collection Set: 3.07ms
[2026-04-03T02:23:56.516+0600][87.806s][info][gc,phases      ] GC(457)   Post Evacuate Collection Set: 0.63ms
[2026-04-03T02:23:56.516+0600][87.806s][info][gc,phases      ] GC(457)   Other: 0.08ms
[2026-04-03T02:23:56.516+0600][87.806s][info][gc,heap        ] GC(457) Eden regions: 226->0(249)
[2026-04-03T02:23:56.516+0600][87.806s][info][gc,heap        ] GC(457) Survivor regions: 7->4(31)
[2026-04-03T02:23:56.516+0600][87.806s][info][gc,heap        ] GC(457) Old regions: 87->88
[2026-04-03T02:23:56.516+0600][87.806s][info][gc,heap        ] GC(457) Humongous regions: 97->8
[2026-04-03T02:23:56.516+0600][87.806s][info][gc,metaspace   ] GC(457) Metaspace: 132163K(133568K)->132163K(133568K) NonClass: 115532K(116224K)->115532K(116224K) Class: 16631K(17344K)->16631K(17344K)
[2026-04-03T02:23:56.516+0600][87.806s][info][gc             ] GC(457) Pause Young (Prepare Mixed) (G1 Evacuation Pause) 415M->97M(422M) 4.441ms
[2026-04-03T02:23:56.516+0600][87.806s][info][gc,cpu         ] GC(457) User=0.02s Sys=0.00s Real=0.00s
[2026-04-03T02:23:57.330+0600][88.620s][info][gc,heap,exit   ] Heap
[2026-04-03T02:23:57.330+0600][88.620s][info][gc,heap,exit   ]  garbage-first heap   total 432128K, used 319057K [0x00000000c1800000, 0x0000000100000000)
[2026-04-03T02:23:57.330+0600][88.620s][info][gc,heap,exit   ]   region size 1024K, 133 young (136192K), 4 survivors (4096K)
[2026-04-03T02:23:57.330+0600][88.620s][info][gc,heap,exit   ]  Metaspace       used 132658K, committed 134080K, reserved 1179648K
[2026-04-03T02:23:57.330+0600][88.620s][info][gc,heap,exit   ]   class space    used 16725K, committed 17408K, reserved 1048576K
