[2026-04-03T02:15:48.743+0600][0.005s][info][gc,init] CardTable entry size: 512
[2026-04-03T02:15:48.743+0600][0.005s][info][gc     ] Using G1
[2026-04-03T02:15:48.747+0600][0.009s][info][gc,init] Version: 21.0.10+7-Ubuntu-124.04 (release)
[2026-04-03T02:15:48.747+0600][0.009s][info][gc,init] CPUs: 12 total, 12 available
[2026-04-03T02:15:48.747+0600][0.009s][info][gc,init] Memory: 15683M
[2026-04-03T02:15:48.747+0600][0.009s][info][gc,init] Large Page Support: Disabled
[2026-04-03T02:15:48.747+0600][0.009s][info][gc,init] NUMA Support: Disabled
[2026-04-03T02:15:48.747+0600][0.009s][info][gc,init] Compressed Oops: Enabled (32-bit)
[2026-04-03T02:15:48.747+0600][0.009s][info][gc,init] Heap Region Size: 1M
[2026-04-03T02:15:48.747+0600][0.009s][info][gc,init] Heap Min Capacity: 8M
[2026-04-03T02:15:48.747+0600][0.009s][info][gc,init] Heap Initial Capacity: 246M
[2026-04-03T02:15:48.747+0600][0.009s][info][gc,init] Heap Max Capacity: 750M
[2026-04-03T02:15:48.747+0600][0.009s][info][gc,init] Pre-touch: Disabled
[2026-04-03T02:15:48.747+0600][0.009s][info][gc,init] Parallel Workers: 10
[2026-04-03T02:15:48.747+0600][0.009s][info][gc,init] Concurrent Workers: 3
[2026-04-03T02:15:48.747+0600][0.009s][info][gc,init] Concurrent Refinement Workers: 10
[2026-04-03T02:15:48.747+0600][0.009s][info][gc,init] Periodic GC: Disabled
[2026-04-03T02:15:48.757+0600][0.019s][info][gc,metaspace] CDS archive(s) mapped at: [0x00007e559f000000-0x00007e559fc9c000-0x00007e559fc9c000), size 13221888, SharedBaseAddress: 0x00007e559f000000, ArchiveRelocationMode: 1.
[2026-04-03T02:15:48.757+0600][0.019s][info][gc,metaspace] Compressed class space mapped at: 0x00007e55a0000000-0x00007e55e0000000, reserved size: 1073741824
[2026-04-03T02:15:48.757+0600][0.019s][info][gc,metaspace] Narrow klass base: 0x00007e559f000000, Narrow klass shift: 0, Narrow klass range: 0x100000000
[2026-04-03T02:15:49.134+0600][0.396s][info][gc,start    ] GC(0) Pause Young (Normal) (G1 Evacuation Pause)
[2026-04-03T02:15:49.135+0600][0.396s][info][gc,task     ] GC(0) Using 5 workers of 10 for evacuation
[2026-04-03T02:15:49.137+0600][0.399s][info][gc,phases   ] GC(0)   Pre Evacuate Collection Set: 0.17ms
[2026-04-03T02:15:49.137+0600][0.399s][info][gc,phases   ] GC(0)   Merge Heap Roots: 0.08ms
[2026-04-03T02:15:49.137+0600][0.399s][info][gc,phases   ] GC(0)   Evacuate Collection Set: 1.93ms
[2026-04-03T02:15:49.137+0600][0.399s][info][gc,phases   ] GC(0)   Post Evacuate Collection Set: 0.35ms
[2026-04-03T02:15:49.137+0600][0.399s][info][gc,phases   ] GC(0)   Other: 0.80ms
[2026-04-03T02:15:49.137+0600][0.399s][info][gc,heap     ] GC(0) Eden regions: 23->0(46)
[2026-04-03T02:15:49.137+0600][0.399s][info][gc,heap     ] GC(0) Survivor regions: 0->3(3)
[2026-04-03T02:15:49.137+0600][0.399s][info][gc,heap     ] GC(0) Old regions: 2->2
[2026-04-03T02:15:49.137+0600][0.399s][info][gc,heap     ] GC(0) Humongous regions: 0->0
[2026-04-03T02:15:49.137+0600][0.399s][info][gc,metaspace] GC(0) Metaspace: 2599K(2752K)->2599K(2752K) NonClass: 2366K(2432K)->2366K(2432K) Class: 233K(320K)->233K(320K)
[2026-04-03T02:15:49.137+0600][0.399s][info][gc          ] GC(0) Pause Young (Normal) (G1 Evacuation Pause) 24M->3M(248M) 3.666ms
[2026-04-03T02:15:49.137+0600][0.399s][info][gc,cpu      ] GC(0) User=0.01s Sys=0.00s Real=0.00s
[2026-04-03T02:15:49.278+0600][0.539s][info][gc,start    ] GC(1) Pause Young (Normal) (G1 Evacuation Pause)
[2026-04-03T02:15:49.278+0600][0.539s][info][gc,task     ] GC(1) Using 5 workers of 10 for evacuation
[2026-04-03T02:15:49.280+0600][0.542s][info][gc,phases   ] GC(1)   Pre Evacuate Collection Set: 0.24ms
[2026-04-03T02:15:49.281+0600][0.542s][info][gc,phases   ] GC(1)   Merge Heap Roots: 0.19ms
[2026-04-03T02:15:49.281+0600][0.542s][info][gc,phases   ] GC(1)   Evacuate Collection Set: 1.84ms
[2026-04-03T02:15:49.281+0600][0.542s][info][gc,phases   ] GC(1)   Post Evacuate Collection Set: 0.52ms
[2026-04-03T02:15:49.281+0600][0.542s][info][gc,phases   ] GC(1)   Other: 0.08ms
[2026-04-03T02:15:49.281+0600][0.542s][info][gc,heap     ] GC(1) Eden regions: 46->0(144)
[2026-04-03T02:15:49.281+0600][0.542s][info][gc,heap     ] GC(1) Survivor regions: 3->3(7)
[2026-04-03T02:15:49.281+0600][0.542s][info][gc,heap     ] GC(1) Old regions: 2->2
[2026-04-03T02:15:49.281+0600][0.542s][info][gc,heap     ] GC(1) Humongous regions: 0->0
[2026-04-03T02:15:49.281+0600][0.542s][info][gc,metaspace] GC(1) Metaspace: 3950K(4096K)->3950K(4096K) NonClass: 3502K(3584K)->3502K(3584K) Class: 448K(512K)->448K(512K)
[2026-04-03T02:15:49.281+0600][0.543s][info][gc          ] GC(1) Pause Young (Normal) (G1 Evacuation Pause) 49M->3M(248M) 3.129ms
[2026-04-03T02:15:49.281+0600][0.543s][info][gc,cpu      ] GC(1) User=0.01s Sys=0.01s Real=0.01s
[2026-04-03T02:15:49.832+0600][1.094s][info][gc,start    ] GC(2) Pause Young (Normal) (G1 Evacuation Pause)
[2026-04-03T02:15:49.832+0600][1.094s][info][gc,task     ] GC(2) Using 5 workers of 10 for evacuation
[2026-04-03T02:15:49.836+0600][1.097s][info][gc,phases   ] GC(2)   Pre Evacuate Collection Set: 0.34ms
[2026-04-03T02:15:49.836+0600][1.098s][info][gc,phases   ] GC(2)   Merge Heap Roots: 0.17ms
[2026-04-03T02:15:49.836+0600][1.098s][info][gc,phases   ] GC(2)   Evacuate Collection Set: 2.19ms
[2026-04-03T02:15:49.836+0600][1.098s][info][gc,phases   ] GC(2)   Post Evacuate Collection Set: 0.74ms
[2026-04-03T02:15:49.836+0600][1.098s][info][gc,phases   ] GC(2)   Other: 0.10ms
[2026-04-03T02:15:49.836+0600][1.098s][info][gc,heap     ] GC(2) Eden regions: 144->0(143)
[2026-04-03T02:15:49.836+0600][1.098s][info][gc,heap     ] GC(2) Survivor regions: 3->4(19)
[2026-04-03T02:15:49.836+0600][1.098s][info][gc,heap     ] GC(2) Old regions: 2->2
[2026-04-03T02:15:49.836+0600][1.098s][info][gc,heap     ] GC(2) Humongous regions: 0->0
[2026-04-03T02:15:49.836+0600][1.098s][info][gc,metaspace] GC(2) Metaspace: 10137K(10368K)->10137K(10368K) NonClass: 8873K(9024K)->8873K(9024K) Class: 1264K(1344K)->1264K(1344K)
[2026-04-03T02:15:49.836+0600][1.098s][info][gc          ] GC(2) Pause Young (Normal) (G1 Evacuation Pause) 147M->4M(248M) 3.866ms
[2026-04-03T02:15:49.836+0600][1.098s][info][gc,cpu      ] GC(2) User=0.01s Sys=0.00s Real=0.00s
[2026-04-03T02:15:52.454+0600][3.716s][info][gc,start    ] GC(3) Pause Young (Normal) (G1 Evacuation Pause)
[2026-04-03T02:15:52.454+0600][3.716s][info][gc,task     ] GC(3) Using 5 workers of 10 for evacuation
[2026-04-03T02:15:52.461+0600][3.723s][info][gc,phases   ] GC(3)   Pre Evacuate Collection Set: 0.23ms
[2026-04-03T02:15:52.461+0600][3.723s][info][gc,phases   ] GC(3)   Merge Heap Roots: 0.09ms
[2026-04-03T02:15:52.461+0600][3.723s][info][gc,phases   ] GC(3)   Evacuate Collection Set: 5.28ms
[2026-04-03T02:15:52.461+0600][3.723s][info][gc,phases   ] GC(3)   Post Evacuate Collection Set: 1.00ms
[2026-04-03T02:15:52.461+0600][3.723s][info][gc,phases   ] GC(3)   Other: 0.10ms
[2026-04-03T02:15:52.461+0600][3.723s][info][gc,heap     ] GC(3) Eden regions: 143->0(134)
[2026-04-03T02:15:52.461+0600][3.723s][info][gc,heap     ] GC(3) Survivor regions: 4->13(19)
[2026-04-03T02:15:52.461+0600][3.723s][info][gc,heap     ] GC(3) Old regions: 2->2
[2026-04-03T02:15:52.461+0600][3.723s][info][gc,heap     ] GC(3) Humongous regions: 7->7
[2026-04-03T02:15:52.461+0600][3.723s][info][gc,metaspace] GC(3) Metaspace: 18951K(19264K)->18951K(19264K) NonClass: 16543K(16704K)->16543K(16704K) Class: 2407K(2560K)->2407K(2560K)
[2026-04-03T02:15:52.461+0600][3.723s][info][gc          ] GC(3) Pause Young (Normal) (G1 Evacuation Pause) 154M->20M(248M) 7.035ms
[2026-04-03T02:15:52.461+0600][3.723s][info][gc,cpu      ] GC(3) User=0.03s Sys=0.01s Real=0.01s
[2026-04-03T02:15:52.642+0600][3.904s][info][gc,start    ] GC(4) Pause Young (Concurrent Start) (Metadata GC Threshold)
[2026-04-03T02:15:52.642+0600][3.904s][info][gc,task     ] GC(4) Using 5 workers of 10 for evacuation
[2026-04-03T02:15:52.648+0600][3.909s][info][gc,phases   ] GC(4)   Pre Evacuate Collection Set: 0.17ms
[2026-04-03T02:15:52.648+0600][3.909s][info][gc,phases   ] GC(4)   Merge Heap Roots: 0.04ms
[2026-04-03T02:15:52.648+0600][3.910s][info][gc,phases   ] GC(4)   Evacuate Collection Set: 4.41ms
[2026-04-03T02:15:52.648+0600][3.910s][info][gc,phases   ] GC(4)   Post Evacuate Collection Set: 0.75ms
[2026-04-03T02:15:52.648+0600][3.910s][info][gc,phases   ] GC(4)   Other: 0.09ms
[2026-04-03T02:15:52.648+0600][3.910s][info][gc,heap     ] GC(4) Eden regions: 6->0(136)
[2026-04-03T02:15:52.648+0600][3.910s][info][gc,heap     ] GC(4) Survivor regions: 13->11(19)
[2026-04-03T02:15:52.648+0600][3.910s][info][gc,heap     ] GC(4) Old regions: 2->6
[2026-04-03T02:15:52.648+0600][3.910s][info][gc,heap     ] GC(4) Humongous regions: 7->7
[2026-04-03T02:15:52.648+0600][3.910s][info][gc,metaspace] GC(4) Metaspace: 21212K(21504K)->21212K(21504K) NonClass: 18581K(18688K)->18581K(18688K) Class: 2631K(2816K)->2631K(2816K)
[2026-04-03T02:15:52.648+0600][3.910s][info][gc          ] GC(4) Pause Young (Concurrent Start) (Metadata GC Threshold) 26M->21M(248M) 5.729ms
[2026-04-03T02:15:52.648+0600][3.910s][info][gc,cpu      ] GC(4) User=0.02s Sys=0.01s Real=0.00s
[2026-04-03T02:15:52.648+0600][3.910s][info][gc          ] GC(5) Concurrent Mark Cycle
[2026-04-03T02:15:52.648+0600][3.910s][info][gc,marking  ] GC(5) Concurrent Scan Root Regions
[2026-04-03T02:15:52.650+0600][3.912s][info][gc,marking  ] GC(5) Concurrent Scan Root Regions 2.546ms
[2026-04-03T02:15:52.650+0600][3.912s][info][gc,marking  ] GC(5) Concurrent Mark
[2026-04-03T02:15:52.650+0600][3.912s][info][gc,marking  ] GC(5) Concurrent Mark From Roots
[2026-04-03T02:15:52.650+0600][3.912s][info][gc,task     ] GC(5) Using 3 workers of 3 for marking
[2026-04-03T02:15:52.653+0600][3.915s][info][gc,marking  ] GC(5) Concurrent Mark From Roots 2.770ms
[2026-04-03T02:15:52.653+0600][3.915s][info][gc,marking  ] GC(5) Concurrent Preclean
[2026-04-03T02:15:52.653+0600][3.915s][info][gc,marking  ] GC(5) Concurrent Preclean 0.018ms
[2026-04-03T02:15:52.653+0600][3.915s][info][gc,start    ] GC(5) Pause Remark
[2026-04-03T02:15:52.656+0600][3.918s][info][gc          ] GC(5) Pause Remark 22M->22M(80M) 2.914ms
[2026-04-03T02:15:52.656+0600][3.918s][info][gc,cpu      ] GC(5) User=0.01s Sys=0.00s Real=0.00s
[2026-04-03T02:15:52.657+0600][3.918s][info][gc,marking  ] GC(5) Concurrent Mark 6.039ms
[2026-04-03T02:15:52.657+0600][3.918s][info][gc,marking  ] GC(5) Concurrent Rebuild Remembered Sets and Scrub Regions
[2026-04-03T02:15:52.658+0600][3.920s][info][gc,marking  ] GC(5) Concurrent Rebuild Remembered Sets and Scrub Regions 1.480ms
[2026-04-03T02:15:52.669+0600][3.931s][info][gc,start    ] GC(5) Pause Cleanup
[2026-04-03T02:15:52.669+0600][3.931s][info][gc          ] GC(5) Pause Cleanup 22M->22M(80M) 0.129ms
[2026-04-03T02:15:52.669+0600][3.931s][info][gc,cpu      ] GC(5) User=0.00s Sys=0.00s Real=0.00s
[2026-04-03T02:15:52.669+0600][3.931s][info][gc,marking  ] GC(5) Concurrent Clear Claimed Marks
[2026-04-03T02:15:52.669+0600][3.931s][info][gc,marking  ] GC(5) Concurrent Clear Claimed Marks 0.079ms
[2026-04-03T02:15:52.669+0600][3.931s][info][gc,marking  ] GC(5) Concurrent Cleanup for Next Mark
[2026-04-03T02:15:52.670+0600][3.932s][info][gc,marking  ] GC(5) Concurrent Cleanup for Next Mark 0.700ms
[2026-04-03T02:15:52.670+0600][3.932s][info][gc          ] GC(5) Concurrent Mark Cycle 21.834ms
[2026-04-03T02:15:53.959+0600][5.221s][info][gc,start    ] GC(6) Pause Young (Prepare Mixed) (G1 Evacuation Pause)
[2026-04-03T02:15:53.959+0600][5.221s][info][gc,task     ] GC(6) Using 3 workers of 10 for evacuation
[2026-04-03T02:15:53.969+0600][5.231s][info][gc,phases   ] GC(6)   Pre Evacuate Collection Set: 0.25ms
[2026-04-03T02:15:53.969+0600][5.231s][info][gc,phases   ] GC(6)   Merge Heap Roots: 0.08ms
[2026-04-03T02:15:53.969+0600][5.231s][info][gc,phases   ] GC(6)   Evacuate Collection Set: 8.45ms
[2026-04-03T02:15:53.969+0600][5.231s][info][gc,phases   ] GC(6)   Post Evacuate Collection Set: 1.07ms
[2026-04-03T02:15:53.969+0600][5.231s][info][gc,phases   ] GC(6)   Other: 0.07ms
[2026-04-03T02:15:53.969+0600][5.231s][info][gc,heap     ] GC(6) Eden regions: 54->0(56)
[2026-04-03T02:15:53.969+0600][5.231s][info][gc,heap     ] GC(6) Survivor regions: 11->3(19)
[2026-04-03T02:15:53.969+0600][5.231s][info][gc,heap     ] GC(6) Old regions: 6->16
[2026-04-03T02:15:53.969+0600][5.231s][info][gc,heap     ] GC(6) Humongous regions: 15->9
[2026-04-03T02:15:53.969+0600][5.231s][info][gc,metaspace] GC(6) Metaspace: 28629K(28928K)->28629K(28928K) NonClass: 25067K(25216K)->25067K(25216K) Class: 3562K(3712K)->3562K(3712K)
[2026-04-03T02:15:53.969+0600][5.231s][info][gc          ] GC(6) Pause Young (Prepare Mixed) (G1 Evacuation Pause) 83M->25M(99M) 10.169ms
[2026-04-03T02:15:53.969+0600][5.231s][info][gc,cpu      ] GC(6) User=0.02s Sys=0.01s Real=0.01s
[2026-04-03T02:15:55.435+0600][6.697s][info][gc,start    ] GC(7) Pause Young (Mixed) (Metadata GC Threshold)
[2026-04-03T02:15:55.435+0600][6.697s][info][gc,task     ] GC(7) Using 2 workers of 10 for evacuation
[2026-04-03T02:15:55.443+0600][6.704s][info][gc,phases   ] GC(7)   Pre Evacuate Collection Set: 0.34ms
[2026-04-03T02:15:55.443+0600][6.705s][info][gc,phases   ] GC(7)   Merge Heap Roots: 0.14ms
[2026-04-03T02:15:55.443+0600][6.705s][info][gc,phases   ] GC(7)   Evacuate Collection Set: 6.43ms
[2026-04-03T02:15:55.443+0600][6.705s][info][gc,phases   ] GC(7)   Post Evacuate Collection Set: 0.82ms
[2026-04-03T02:15:55.443+0600][6.705s][info][gc,phases   ] GC(7)   Other: 0.09ms
[2026-04-03T02:15:55.443+0600][6.705s][info][gc,heap     ] GC(7) Eden regions: 52->0(54)
[2026-04-03T02:15:55.443+0600][6.705s][info][gc,heap     ] GC(7) Survivor regions: 3->5(8)
[2026-04-03T02:15:55.443+0600][6.705s][info][gc,heap     ] GC(7) Old regions: 16->16
[2026-04-03T02:15:55.443+0600][6.705s][info][gc,heap     ] GC(7) Humongous regions: 21->7
[2026-04-03T02:15:55.443+0600][6.705s][info][gc,metaspace] GC(7) Metaspace: 35845K(36160K)->35845K(36160K) NonClass: 31386K(31552K)->31386K(31552K) Class: 4458K(4608K)->4458K(4608K)
[2026-04-03T02:15:55.443+0600][6.705s][info][gc          ] GC(7) Pause Young (Mixed) (Metadata GC Threshold) 89M->26M(99M) 8.103ms
[2026-04-03T02:15:55.443+0600][6.705s][info][gc,cpu      ] GC(7) User=0.01s Sys=0.00s Real=0.01s
[2026-04-03T02:15:55.465+0600][6.727s][info][gc,start    ] GC(8) Pause Young (Concurrent Start) (Metadata GC Threshold)
[2026-04-03T02:15:55.465+0600][6.727s][info][gc,task     ] GC(8) Using 2 workers of 10 for evacuation
[2026-04-03T02:15:55.472+0600][6.734s][info][gc,phases   ] GC(8)   Pre Evacuate Collection Set: 0.29ms
[2026-04-03T02:15:55.472+0600][6.734s][info][gc,phases   ] GC(8)   Merge Heap Roots: 0.06ms
[2026-04-03T02:15:55.472+0600][6.734s][info][gc,phases   ] GC(8)   Evacuate Collection Set: 5.93ms
[2026-04-03T02:15:55.472+0600][6.734s][info][gc,phases   ] GC(8)   Post Evacuate Collection Set: 0.57ms
[2026-04-03T02:15:55.472+0600][6.734s][info][gc,phases   ] GC(8)   Other: 0.16ms
[2026-04-03T02:15:55.472+0600][6.734s][info][gc,heap     ] GC(8) Eden regions: 4->0(55)
[2026-04-03T02:15:55.472+0600][6.734s][info][gc,heap     ] GC(8) Survivor regions: 5->4(8)
[2026-04-03T02:15:55.472+0600][6.734s][info][gc,heap     ] GC(8) Old regions: 16->17
[2026-04-03T02:15:55.472+0600][6.734s][info][gc,heap     ] GC(8) Humongous regions: 7->7
[2026-04-03T02:15:55.472+0600][6.734s][info][gc,metaspace] GC(8) Metaspace: 36141K(36480K)->36141K(36480K) NonClass: 31645K(31808K)->31645K(31808K) Class: 4495K(4672K)->4495K(4672K)
[2026-04-03T02:15:55.472+0600][6.734s][info][gc          ] GC(8) Pause Young (Concurrent Start) (Metadata GC Threshold) 29M->26M(99M) 7.261ms
[2026-04-03T02:15:55.472+0600][6.734s][info][gc,cpu      ] GC(8) User=0.01s Sys=0.00s Real=0.01s
[2026-04-03T02:15:55.472+0600][6.734s][info][gc          ] GC(9) Concurrent Mark Cycle
[2026-04-03T02:15:55.472+0600][6.734s][info][gc,marking  ] GC(9) Concurrent Scan Root Regions
[2026-04-03T02:15:55.475+0600][6.737s][info][gc,marking  ] GC(9) Concurrent Scan Root Regions 2.332ms
[2026-04-03T02:15:55.475+0600][6.737s][info][gc,marking  ] GC(9) Concurrent Mark
[2026-04-03T02:15:55.475+0600][6.737s][info][gc,marking  ] GC(9) Concurrent Mark From Roots
[2026-04-03T02:15:55.475+0600][6.737s][info][gc,task     ] GC(9) Using 3 workers of 3 for marking
[2026-04-03T02:15:55.480+0600][6.742s][info][gc,marking  ] GC(9) Concurrent Mark From Roots 5.300ms
[2026-04-03T02:15:55.480+0600][6.742s][info][gc,marking  ] GC(9) Concurrent Preclean
[2026-04-03T02:15:55.480+0600][6.742s][info][gc,marking  ] GC(9) Concurrent Preclean 0.059ms
[2026-04-03T02:15:55.480+0600][6.742s][info][gc,start    ] GC(9) Pause Remark
[2026-04-03T02:15:55.487+0600][6.748s][info][gc          ] GC(9) Pause Remark 26M->26M(94M) 6.105ms
[2026-04-03T02:15:55.487+0600][6.749s][info][gc,cpu      ] GC(9) User=0.01s Sys=0.00s Real=0.00s
[2026-04-03T02:15:55.487+0600][6.749s][info][gc,marking  ] GC(9) Concurrent Mark 12.052ms
[2026-04-03T02:15:55.487+0600][6.749s][info][gc,marking  ] GC(9) Concurrent Rebuild Remembered Sets and Scrub Regions
[2026-04-03T02:15:55.490+0600][6.752s][info][gc,marking  ] GC(9) Concurrent Rebuild Remembered Sets and Scrub Regions 3.055ms
[2026-04-03T02:15:55.490+0600][6.752s][info][gc,start    ] GC(9) Pause Cleanup
[2026-04-03T02:15:55.490+0600][6.752s][info][gc          ] GC(9) Pause Cleanup 27M->27M(94M) 0.197ms
[2026-04-03T02:15:55.490+0600][6.752s][info][gc,cpu      ] GC(9) User=0.00s Sys=0.00s Real=0.00s
[2026-04-03T02:15:55.490+0600][6.752s][info][gc,marking  ] GC(9) Concurrent Clear Claimed Marks
[2026-04-03T02:15:55.490+0600][6.752s][info][gc,marking  ] GC(9) Concurrent Clear Claimed Marks 0.051ms
[2026-04-03T02:15:55.490+0600][6.752s][info][gc,marking  ] GC(9) Concurrent Cleanup for Next Mark
[2026-04-03T02:15:55.491+0600][6.753s][info][gc,marking  ] GC(9) Concurrent Cleanup for Next Mark 0.370ms
[2026-04-03T02:15:55.491+0600][6.753s][info][gc          ] GC(9) Concurrent Mark Cycle 18.491ms
[2026-04-03T02:15:57.043+0600][8.305s][info][gc,start    ] GC(10) Pause Young (Prepare Mixed) (G1 Evacuation Pause)
[2026-04-03T02:15:57.043+0600][8.305s][info][gc,task     ] GC(10) Using 2 workers of 10 for evacuation
[2026-04-03T02:15:57.055+0600][8.317s][info][gc,phases   ] GC(10)   Pre Evacuate Collection Set: 0.29ms
[2026-04-03T02:15:57.055+0600][8.317s][info][gc,phases   ] GC(10)   Merge Heap Roots: 0.17ms
[2026-04-03T02:15:57.055+0600][8.317s][info][gc,phases   ] GC(10)   Evacuate Collection Set: 10.63ms
[2026-04-03T02:15:57.055+0600][8.317s][info][gc,phases   ] GC(10)   Post Evacuate Collection Set: 0.87ms
[2026-04-03T02:15:57.055+0600][8.317s][info][gc,phases   ] GC(10)   Other: 0.08ms
[2026-04-03T02:15:57.055+0600][8.317s][info][gc,heap     ] GC(10) Eden regions: 53->0(54)
[2026-04-03T02:15:57.055+0600][8.317s][info][gc,heap     ] GC(10) Survivor regions: 4->6(8)
[2026-04-03T02:15:57.055+0600][8.317s][info][gc,heap     ] GC(10) Old regions: 17->17
[2026-04-03T02:15:57.055+0600][8.317s][info][gc,heap     ] GC(10) Humongous regions: 20->8
[2026-04-03T02:15:57.055+0600][8.317s][info][gc,metaspace] GC(10) Metaspace: 42913K(43328K)->42913K(43328K) NonClass: 37584K(37824K)->37584K(37824K) Class: 5328K(5504K)->5328K(5504K)
[2026-04-03T02:15:57.055+0600][8.317s][info][gc          ] GC(10) Pause Young (Prepare Mixed) (G1 Evacuation Pause) 92M->29M(100M) 12.293ms
[2026-04-03T02:15:57.055+0600][8.317s][info][gc,cpu      ] GC(10) User=0.04s Sys=0.01s Real=0.01s
[2026-04-03T02:15:58.767+0600][10.029s][info][gc,start    ] GC(11) Pause Young (Mixed) (G1 Evacuation Pause)
[2026-04-03T02:15:58.767+0600][10.029s][info][gc,task     ] GC(11) Using 2 workers of 10 for evacuation
[2026-04-03T02:15:58.780+0600][10.042s][info][gc,phases   ] GC(11)   Pre Evacuate Collection Set: 0.37ms
[2026-04-03T02:15:58.780+0600][10.042s][info][gc,phases   ] GC(11)   Merge Heap Roots: 0.18ms
[2026-04-03T02:15:58.780+0600][10.042s][info][gc,phases   ] GC(11)   Evacuate Collection Set: 11.72ms
[2026-04-03T02:15:58.780+0600][10.042s][info][gc,phases   ] GC(11)   Post Evacuate Collection Set: 0.45ms
[2026-04-03T02:15:58.780+0600][10.042s][info][gc,phases   ] GC(11)   Other: 0.07ms
[2026-04-03T02:15:58.780+0600][10.042s][info][gc,heap     ] GC(11) Eden regions: 54->0(57)
[2026-04-03T02:15:58.780+0600][10.042s][info][gc,heap     ] GC(11) Survivor regions: 6->7(8)
[2026-04-03T02:15:58.780+0600][10.042s][info][gc,heap     ] GC(11) Old regions: 17->18
[2026-04-03T02:15:58.780+0600][10.042s][info][gc,heap     ] GC(11) Humongous regions: 22->8
[2026-04-03T02:15:58.780+0600][10.042s][info][gc,metaspace] GC(11) Metaspace: 50452K(50944K)->50452K(50944K) NonClass: 44196K(44480K)->44196K(44480K) Class: 6255K(6464K)->6255K(6464K)
[2026-04-03T02:15:58.780+0600][10.042s][info][gc          ] GC(11) Pause Young (Mixed) (G1 Evacuation Pause) 97M->31M(108M) 13.016ms
[2026-04-03T02:15:58.780+0600][10.042s][info][gc,cpu      ] GC(11) User=0.02s Sys=0.00s Real=0.02s
[2026-04-03T02:15:59.395+0600][10.657s][info][gc,start    ] GC(12) Pause Young (Concurrent Start) (Metadata GC Threshold)
[2026-04-03T02:15:59.395+0600][10.657s][info][gc,task     ] GC(12) Using 2 workers of 10 for evacuation
[2026-04-03T02:15:59.410+0600][10.672s][info][gc,phases   ] GC(12)   Pre Evacuate Collection Set: 0.30ms
[2026-04-03T02:15:59.410+0600][10.672s][info][gc,phases   ] GC(12)   Merge Heap Roots: 0.12ms
[2026-04-03T02:15:59.410+0600][10.672s][info][gc,phases   ] GC(12)   Evacuate Collection Set: 14.21ms
[2026-04-03T02:15:59.410+0600][10.672s][info][gc,phases   ] GC(12)   Post Evacuate Collection Set: 0.69ms
[2026-04-03T02:15:59.410+0600][10.672s][info][gc,phases   ] GC(12)   Other: 0.13ms
[2026-04-03T02:15:59.410+0600][10.672s][info][gc,heap     ] GC(12) Eden regions: 50->0(56)
[2026-04-03T02:15:59.410+0600][10.672s][info][gc,heap     ] GC(12) Survivor regions: 7->6(8)
[2026-04-03T02:15:59.410+0600][10.672s][info][gc,heap     ] GC(12) Old regions: 18->22
[2026-04-03T02:15:59.410+0600][10.672s][info][gc,heap     ] GC(12) Humongous regions: 8->8
[2026-04-03T02:15:59.410+0600][10.672s][info][gc,metaspace] GC(12) Metaspace: 60652K(61120K)->60652K(61120K) NonClass: 53234K(53504K)->53234K(53504K) Class: 7418K(7616K)->7418K(7616K)
[2026-04-03T02:15:59.410+0600][10.672s][info][gc          ] GC(12) Pause Young (Concurrent Start) (Metadata GC Threshold) 81M->34M(108M) 15.748ms
[2026-04-03T02:15:59.411+0600][10.672s][info][gc,cpu      ] GC(12) User=0.06s Sys=0.00s Real=0.02s
[2026-04-03T02:15:59.411+0600][10.672s][info][gc          ] GC(13) Concurrent Mark Cycle
[2026-04-03T02:15:59.411+0600][10.673s][info][gc,marking  ] GC(13) Concurrent Scan Root Regions
[2026-04-03T02:15:59.414+0600][10.676s][info][gc,marking  ] GC(13) Concurrent Scan Root Regions 3.813ms
[2026-04-03T02:15:59.415+0600][10.676s][info][gc,marking  ] GC(13) Concurrent Mark
[2026-04-03T02:15:59.415+0600][10.676s][info][gc,marking  ] GC(13) Concurrent Mark From Roots
[2026-04-03T02:15:59.415+0600][10.676s][info][gc,task     ] GC(13) Using 3 workers of 3 for marking
[2026-04-03T02:15:59.426+0600][10.688s][info][gc,marking  ] GC(13) Concurrent Mark From Roots 11.550ms
[2026-04-03T02:15:59.426+0600][10.688s][info][gc,marking  ] GC(13) Concurrent Preclean
[2026-04-03T02:15:59.426+0600][10.688s][info][gc,marking  ] GC(13) Concurrent Preclean 0.118ms
[2026-04-03T02:15:59.427+0600][10.688s][info][gc,start    ] GC(13) Pause Remark
[2026-04-03T02:15:59.436+0600][10.698s][info][gc          ] GC(13) Pause Remark 35M->35M(108M) 9.047ms
[2026-04-03T02:15:59.436+0600][10.698s][info][gc,cpu      ] GC(13) User=0.04s Sys=0.00s Real=0.01s
[2026-04-03T02:15:59.436+0600][10.698s][info][gc,marking  ] GC(13) Concurrent Mark 21.345ms
[2026-04-03T02:15:59.436+0600][10.698s][info][gc,marking  ] GC(13) Concurrent Rebuild Remembered Sets and Scrub Regions
[2026-04-03T02:15:59.442+0600][10.704s][info][gc,marking  ] GC(13) Concurrent Rebuild Remembered Sets and Scrub Regions 6.275ms
[2026-04-03T02:15:59.443+0600][10.704s][info][gc,start    ] GC(13) Pause Cleanup
[2026-04-03T02:15:59.443+0600][10.705s][info][gc          ] GC(13) Pause Cleanup 35M->35M(108M) 0.256ms
[2026-04-03T02:15:59.443+0600][10.705s][info][gc,cpu      ] GC(13) User=0.01s Sys=0.00s Real=0.00s
[2026-04-03T02:15:59.443+0600][10.705s][info][gc,marking  ] GC(13) Concurrent Clear Claimed Marks
[2026-04-03T02:15:59.443+0600][10.705s][info][gc,marking  ] GC(13) Concurrent Clear Claimed Marks 0.103ms
[2026-04-03T02:15:59.443+0600][10.705s][info][gc,marking  ] GC(13) Concurrent Cleanup for Next Mark
[2026-04-03T02:15:59.443+0600][10.705s][info][gc,marking  ] GC(13) Concurrent Cleanup for Next Mark 0.316ms
[2026-04-03T02:15:59.443+0600][10.705s][info][gc          ] GC(13) Concurrent Mark Cycle 32.849ms
[2026-04-03T02:15:59.907+0600][11.169s][info][gc,start    ] GC(14) Pause Young (Prepare Mixed) (G1 Evacuation Pause)
[2026-04-03T02:15:59.907+0600][11.169s][info][gc,task     ] GC(14) Using 2 workers of 10 for evacuation
[2026-04-03T02:15:59.919+0600][11.181s][info][gc,phases   ] GC(14)   Pre Evacuate Collection Set: 0.18ms
[2026-04-03T02:15:59.919+0600][11.181s][info][gc,phases   ] GC(14)   Merge Heap Roots: 0.18ms
[2026-04-03T02:15:59.919+0600][11.181s][info][gc,phases   ] GC(14)   Evacuate Collection Set: 10.38ms
[2026-04-03T02:15:59.919+0600][11.181s][info][gc,phases   ] GC(14)   Post Evacuate Collection Set: 1.08ms
[2026-04-03T02:15:59.919+0600][11.181s][info][gc,phases   ] GC(14)   Other: 0.07ms
[2026-04-03T02:15:59.919+0600][11.181s][info][gc,heap     ] GC(14) Eden regions: 56->0(56)
[2026-04-03T02:15:59.919+0600][11.181s][info][gc,heap     ] GC(14) Survivor regions: 6->5(8)
[2026-04-03T02:15:59.919+0600][11.181s][info][gc,heap     ] GC(14) Old regions: 22->25
[2026-04-03T02:15:59.919+0600][11.181s][info][gc,heap     ] GC(14) Humongous regions: 8->8
[2026-04-03T02:15:59.919+0600][11.181s][info][gc,metaspace] GC(14) Metaspace: 63400K(63872K)->63400K(63872K) NonClass: 55604K(55872K)->55604K(55872K) Class: 7796K(8000K)->7796K(8000K)
[2026-04-03T02:15:59.919+0600][11.181s][info][gc          ] GC(14) Pause Young (Prepare Mixed) (G1 Evacuation Pause) 90M->36M(108M) 12.126ms
[2026-04-03T02:15:59.919+0600][11.181s][info][gc,cpu      ] GC(14) User=0.02s Sys=0.00s Real=0.01s
[2026-04-03T02:16:00.388+0600][11.650s][info][gc,start    ] GC(15) Pause Young (Mixed) (G1 Evacuation Pause)
[2026-04-03T02:16:00.388+0600][11.650s][info][gc,task     ] GC(15) Using 2 workers of 10 for evacuation
[2026-04-03T02:16:00.399+0600][11.661s][info][gc,phases   ] GC(15)   Pre Evacuate Collection Set: 0.26ms
[2026-04-03T02:16:00.399+0600][11.661s][info][gc,phases   ] GC(15)   Merge Heap Roots: 0.08ms
[2026-04-03T02:16:00.399+0600][11.661s][info][gc,phases   ] GC(15)   Evacuate Collection Set: 9.80ms
[2026-04-03T02:16:00.399+0600][11.661s][info][gc,phases   ] GC(15)   Post Evacuate Collection Set: 1.06ms
[2026-04-03T02:16:00.399+0600][11.661s][info][gc,phases   ] GC(15)   Other: 0.10ms
[2026-04-03T02:16:00.399+0600][11.661s][info][gc,heap     ] GC(15) Eden regions: 56->0(56)
[2026-04-03T02:16:00.399+0600][11.661s][info][gc,heap     ] GC(15) Survivor regions: 5->5(8)
[2026-04-03T02:16:00.399+0600][11.661s][info][gc,heap     ] GC(15) Old regions: 25->26
[2026-04-03T02:16:00.399+0600][11.661s][info][gc,heap     ] GC(15) Humongous regions: 8->8
[2026-04-03T02:16:00.399+0600][11.661s][info][gc,metaspace] GC(15) Metaspace: 69917K(70464K)->69917K(70464K) NonClass: 61369K(61696K)->61369K(61696K) Class: 8548K(8768K)->8548K(8768K)
[2026-04-03T02:16:00.399+0600][11.661s][info][gc          ] GC(15) Pause Young (Mixed) (G1 Evacuation Pause) 92M->38M(108M) 11.512ms
[2026-04-03T02:16:00.399+0600][11.661s][info][gc,cpu      ] GC(15) User=0.02s Sys=0.00s Real=0.01s
[2026-04-03T02:16:00.691+0600][11.953s][info][gc,start    ] GC(16) Pause Young (Concurrent Start) (G1 Humongous Allocation)
[2026-04-03T02:16:00.691+0600][11.953s][info][gc,task     ] GC(16) Using 2 workers of 10 for evacuation
[2026-04-03T02:16:00.702+0600][11.964s][info][gc,phases   ] GC(16)   Pre Evacuate Collection Set: 0.28ms
[2026-04-03T02:16:00.702+0600][11.964s][info][gc,phases   ] GC(16)   Merge Heap Roots: 0.07ms
[2026-04-03T02:16:00.702+0600][11.964s][info][gc,phases   ] GC(16)   Evacuate Collection Set: 9.54ms
[2026-04-03T02:16:00.702+0600][11.964s][info][gc,phases   ] GC(16)   Post Evacuate Collection Set: 1.01ms
[2026-04-03T02:16:00.702+0600][11.964s][info][gc,phases   ] GC(16)   Other: 0.10ms
[2026-04-03T02:16:00.702+0600][11.964s][info][gc,heap     ] GC(16) Eden regions: 22->0(66)
[2026-04-03T02:16:00.702+0600][11.964s][info][gc,heap     ] GC(16) Survivor regions: 5->5(8)
[2026-04-03T02:16:00.702+0600][11.964s][info][gc,heap     ] GC(16) Old regions: 26->29
[2026-04-03T02:16:00.702+0600][11.964s][info][gc,heap     ] GC(16) Humongous regions: 8->8
[2026-04-03T02:16:00.702+0600][11.964s][info][gc,metaspace] GC(16) Metaspace: 75101K(75584K)->75101K(75584K) NonClass: 66037K(66304K)->66037K(66304K) Class: 9064K(9280K)->9064K(9280K)
[2026-04-03T02:16:00.702+0600][11.964s][info][gc          ] GC(16) Pause Young (Concurrent Start) (G1 Humongous Allocation) 60M->41M(130M) 11.219ms
[2026-04-03T02:16:00.702+0600][11.964s][info][gc,cpu      ] GC(16) User=0.02s Sys=0.00s Real=0.01s
[2026-04-03T02:16:00.702+0600][11.964s][info][gc          ] GC(17) Concurrent Mark Cycle
[2026-04-03T02:16:00.702+0600][11.964s][info][gc,marking  ] GC(17) Concurrent Scan Root Regions
[2026-04-03T02:16:00.705+0600][11.967s][info][gc,marking  ] GC(17) Concurrent Scan Root Regions 2.506ms
[2026-04-03T02:16:00.705+0600][11.967s][info][gc,marking  ] GC(17) Concurrent Mark
[2026-04-03T02:16:00.705+0600][11.967s][info][gc,marking  ] GC(17) Concurrent Mark From Roots
[2026-04-03T02:16:00.705+0600][11.967s][info][gc,task     ] GC(17) Using 3 workers of 3 for marking
[2026-04-03T02:16:00.717+0600][11.979s][info][gc,marking  ] GC(17) Concurrent Mark From Roots 12.360ms
[2026-04-03T02:16:00.717+0600][11.979s][info][gc,marking  ] GC(17) Concurrent Preclean
[2026-04-03T02:16:00.717+0600][11.979s][info][gc,marking  ] GC(17) Concurrent Preclean 0.080ms
[2026-04-03T02:16:00.718+0600][11.980s][info][gc,start    ] GC(17) Pause Remark
[2026-04-03T02:16:00.725+0600][11.987s][info][gc          ] GC(17) Pause Remark 42M->42M(130M) 6.765ms
[2026-04-03T02:16:00.725+0600][11.987s][info][gc,cpu      ] GC(17) User=0.01s Sys=0.00s Real=0.01s
[2026-04-03T02:16:00.725+0600][11.987s][info][gc,marking  ] GC(17) Concurrent Mark 20.170ms
[2026-04-03T02:16:00.725+0600][11.987s][info][gc,marking  ] GC(17) Concurrent Rebuild Remembered Sets and Scrub Regions
[2026-04-03T02:16:00.732+0600][11.994s][info][gc,marking  ] GC(17) Concurrent Rebuild Remembered Sets and Scrub Regions 7.347ms
[2026-04-03T02:16:00.732+0600][11.994s][info][gc,start    ] GC(17) Pause Cleanup
[2026-04-03T02:16:00.733+0600][11.994s][info][gc          ] GC(17) Pause Cleanup 43M->43M(130M) 0.181ms
[2026-04-03T02:16:00.733+0600][11.994s][info][gc,cpu      ] GC(17) User=0.00s Sys=0.00s Real=0.00s
[2026-04-03T02:16:00.733+0600][11.995s][info][gc,marking  ] GC(17) Concurrent Clear Claimed Marks
[2026-04-03T02:16:00.733+0600][11.995s][info][gc,marking  ] GC(17) Concurrent Clear Claimed Marks 0.085ms
[2026-04-03T02:16:00.733+0600][11.995s][info][gc,marking  ] GC(17) Concurrent Cleanup for Next Mark
[2026-04-03T02:16:00.733+0600][11.995s][info][gc,marking  ] GC(17) Concurrent Cleanup for Next Mark 0.295ms
[2026-04-03T02:16:00.733+0600][11.995s][info][gc          ] GC(17) Concurrent Mark Cycle 31.067ms
[2026-04-03T02:16:01.227+0600][12.488s][info][gc,start    ] GC(18) Pause Young (Prepare Mixed) (G1 Evacuation Pause)
[2026-04-03T02:16:01.227+0600][12.489s][info][gc,task     ] GC(18) Using 3 workers of 10 for evacuation
[2026-04-03T02:16:01.234+0600][12.496s][info][gc,phases   ] GC(18)   Pre Evacuate Collection Set: 0.35ms
[2026-04-03T02:16:01.234+0600][12.496s][info][gc,phases   ] GC(18)   Merge Heap Roots: 0.15ms
[2026-04-03T02:16:01.234+0600][12.496s][info][gc,phases   ] GC(18)   Evacuate Collection Set: 5.60ms
[2026-04-03T02:16:01.234+0600][12.496s][info][gc,phases   ] GC(18)   Post Evacuate Collection Set: 0.83ms
[2026-04-03T02:16:01.234+0600][12.496s][info][gc,phases   ] GC(18)   Other: 0.08ms
[2026-04-03T02:16:01.234+0600][12.496s][info][gc,heap     ] GC(18) Eden regions: 66->0(68)
[2026-04-03T02:16:01.234+0600][12.496s][info][gc,heap     ] GC(18) Survivor regions: 5->6(9)
[2026-04-03T02:16:01.234+0600][12.496s][info][gc,heap     ] GC(18) Old regions: 29->29
[2026-04-03T02:16:01.234+0600][12.496s][info][gc,heap     ] GC(18) Humongous regions: 9->8
[2026-04-03T02:16:01.234+0600][12.496s][info][gc,metaspace] GC(18) Metaspace: 82613K(83072K)->82613K(83072K) NonClass: 72486K(72768K)->72486K(72768K) Class: 10126K(10304K)->10126K(10304K)
[2026-04-03T02:16:01.234+0600][12.496s][info][gc          ] GC(18) Pause Young (Prepare Mixed) (G1 Evacuation Pause) 108M->42M(130M) 7.248ms
[2026-04-03T02:16:01.234+0600][12.496s][info][gc,cpu      ] GC(18) User=0.01s Sys=0.00s Real=0.01s
[2026-04-03T02:16:02.339+0600][13.601s][info][gc,start    ] GC(19) Pause Young (Mixed) (G1 Evacuation Pause)
[2026-04-03T02:16:02.339+0600][13.601s][info][gc,task     ] GC(19) Using 3 workers of 10 for evacuation
[2026-04-03T02:16:02.350+0600][13.612s][info][gc,phases   ] GC(19)   Pre Evacuate Collection Set: 0.39ms
[2026-04-03T02:16:02.350+0600][13.612s][info][gc,phases   ] GC(19)   Merge Heap Roots: 0.09ms
[2026-04-03T02:16:02.350+0600][13.612s][info][gc,phases   ] GC(19)   Evacuate Collection Set: 9.31ms
[2026-04-03T02:16:02.350+0600][13.612s][info][gc,phases   ] GC(19)   Post Evacuate Collection Set: 0.78ms
[2026-04-03T02:16:02.350+0600][13.612s][info][gc,phases   ] GC(19)   Other: 0.09ms
[2026-04-03T02:16:02.350+0600][13.612s][info][gc,heap     ] GC(19) Eden regions: 68->0(66)
[2026-04-03T02:16:02.350+0600][13.612s][info][gc,heap     ] GC(19) Survivor regions: 6->9(10)
[2026-04-03T02:16:02.350+0600][13.612s][info][gc,heap     ] GC(19) Old regions: 29->30
[2026-04-03T02:16:02.350+0600][13.612s][info][gc,heap     ] GC(19) Humongous regions: 8->8
[2026-04-03T02:16:02.350+0600][13.612s][info][gc,metaspace] GC(19) Metaspace: 97234K(97792K)->97234K(97792K) NonClass: 85142K(85440K)->85142K(85440K) Class: 12091K(12352K)->12091K(12352K)
[2026-04-03T02:16:02.350+0600][13.612s][info][gc          ] GC(19) Pause Young (Mixed) (G1 Evacuation Pause) 110M->46M(130M) 10.878ms
[2026-04-03T02:16:02.350+0600][13.612s][info][gc,cpu      ] GC(19) User=0.03s Sys=0.00s Real=0.02s
[2026-04-03T02:16:02.518+0600][13.780s][info][gc,start    ] GC(20) Pause Young (Concurrent Start) (G1 Humongous Allocation)
[2026-04-03T02:16:02.518+0600][13.780s][info][gc,task     ] GC(20) Using 3 workers of 10 for evacuation
[2026-04-03T02:16:02.526+0600][13.788s][info][gc,phases   ] GC(20)   Pre Evacuate Collection Set: 0.37ms
[2026-04-03T02:16:02.526+0600][13.788s][info][gc,phases   ] GC(20)   Merge Heap Roots: 0.09ms
[2026-04-03T02:16:02.526+0600][13.788s][info][gc,phases   ] GC(20)   Evacuate Collection Set: 6.78ms
[2026-04-03T02:16:02.526+0600][13.788s][info][gc,phases   ] GC(20)   Post Evacuate Collection Set: 0.58ms
[2026-04-03T02:16:02.526+0600][13.788s][info][gc,phases   ] GC(20)   Other: 0.19ms
[2026-04-03T02:16:02.526+0600][13.788s][info][gc,heap     ] GC(20) Eden regions: 12->0(69)
[2026-04-03T02:16:02.526+0600][13.788s][info][gc,heap     ] GC(20) Survivor regions: 9->5(10)
[2026-04-03T02:16:02.526+0600][13.788s][info][gc,heap     ] GC(20) Old regions: 30->33
[2026-04-03T02:16:02.526+0600][13.788s][info][gc,heap     ] GC(20) Humongous regions: 8->8
[2026-04-03T02:16:02.526+0600][13.788s][info][gc,metaspace] GC(20) Metaspace: 99829K(100416K)->99829K(100416K) NonClass: 87372K(87680K)->87372K(87680K) Class: 12456K(12736K)->12456K(12736K)
[2026-04-03T02:16:02.526+0600][13.788s][info][gc          ] GC(20) Pause Young (Concurrent Start) (G1 Humongous Allocation) 58M->46M(130M) 8.227ms
[2026-04-03T02:16:02.526+0600][13.788s][info][gc,cpu      ] GC(20) User=0.02s Sys=0.00s Real=0.01s
[2026-04-03T02:16:02.526+0600][13.788s][info][gc          ] GC(21) Concurrent Mark Cycle
[2026-04-03T02:16:02.526+0600][13.788s][info][gc,marking  ] GC(21) Concurrent Scan Root Regions
[2026-04-03T02:16:02.530+0600][13.791s][info][gc,marking  ] GC(21) Concurrent Scan Root Regions 3.325ms
[2026-04-03T02:16:02.530+0600][13.792s][info][gc,marking  ] GC(21) Concurrent Mark
[2026-04-03T02:16:02.530+0600][13.792s][info][gc,marking  ] GC(21) Concurrent Mark From Roots
[2026-04-03T02:16:02.530+0600][13.792s][info][gc,task     ] GC(21) Using 3 workers of 3 for marking
[2026-04-03T02:16:02.548+0600][13.810s][info][gc,marking  ] GC(21) Concurrent Mark From Roots 18.323ms
[2026-04-03T02:16:02.548+0600][13.810s][info][gc,marking  ] GC(21) Concurrent Preclean
[2026-04-03T02:16:02.548+0600][13.810s][info][gc,marking  ] GC(21) Concurrent Preclean 0.322ms
[2026-04-03T02:16:02.549+0600][13.811s][info][gc,start    ] GC(21) Pause Remark
[2026-04-03T02:16:02.556+0600][13.818s][info][gc          ] GC(21) Pause Remark 49M->49M(130M) 6.916ms
[2026-04-03T02:16:02.556+0600][13.818s][info][gc,cpu      ] GC(21) User=0.02s Sys=0.00s Real=0.01s
[2026-04-03T02:16:02.556+0600][13.818s][info][gc,marking  ] GC(21) Concurrent Mark 26.216ms
[2026-04-03T02:16:02.556+0600][13.818s][info][gc,marking  ] GC(21) Concurrent Rebuild Remembered Sets and Scrub Regions
[2026-04-03T02:16:02.568+0600][13.829s][info][gc,marking  ] GC(21) Concurrent Rebuild Remembered Sets and Scrub Regions 11.618ms
[2026-04-03T02:16:02.568+0600][13.830s][info][gc,start    ] GC(21) Pause Cleanup
[2026-04-03T02:16:02.568+0600][13.830s][info][gc          ] GC(21) Pause Cleanup 50M->50M(130M) 0.210ms
[2026-04-03T02:16:02.568+0600][13.830s][info][gc,cpu      ] GC(21) User=0.00s Sys=0.00s Real=0.00s
[2026-04-03T02:16:02.568+0600][13.830s][info][gc,marking  ] GC(21) Concurrent Clear Claimed Marks
[2026-04-03T02:16:02.569+0600][13.830s][info][gc,marking  ] GC(21) Concurrent Clear Claimed Marks 0.128ms
[2026-04-03T02:16:02.569+0600][13.830s][info][gc,marking  ] GC(21) Concurrent Cleanup for Next Mark
[2026-04-03T02:16:02.569+0600][13.831s][info][gc,marking  ] GC(21) Concurrent Cleanup for Next Mark 0.378ms
[2026-04-03T02:16:02.569+0600][13.831s][info][gc          ] GC(21) Concurrent Mark Cycle 42.838ms
[2026-04-03T02:16:03.290+0600][14.552s][info][gc,start    ] GC(22) Pause Young (Prepare Mixed) (G1 Evacuation Pause)
[2026-04-03T02:16:03.290+0600][14.552s][info][gc,task     ] GC(22) Using 3 workers of 10 for evacuation
[2026-04-03T02:16:03.301+0600][14.563s][info][gc,phases   ] GC(22)   Pre Evacuate Collection Set: 0.29ms
[2026-04-03T02:16:03.301+0600][14.563s][info][gc,phases   ] GC(22)   Merge Heap Roots: 0.13ms
[2026-04-03T02:16:03.301+0600][14.563s][info][gc,phases   ] GC(22)   Evacuate Collection Set: 8.96ms
[2026-04-03T02:16:03.301+0600][14.563s][info][gc,phases   ] GC(22)   Post Evacuate Collection Set: 1.31ms
[2026-04-03T02:16:03.301+0600][14.563s][info][gc,phases   ] GC(22)   Other: 0.10ms
[2026-04-03T02:16:03.301+0600][14.563s][info][gc,heap     ] GC(22) Eden regions: 69->0(65)
[2026-04-03T02:16:03.301+0600][14.563s][info][gc,heap     ] GC(22) Survivor regions: 5->10(10)
[2026-04-03T02:16:03.301+0600][14.563s][info][gc,heap     ] GC(22) Old regions: 33->33
[2026-04-03T02:16:03.301+0600][14.563s][info][gc,heap     ] GC(22) Humongous regions: 11->8
[2026-04-03T02:16:03.301+0600][14.563s][info][gc,metaspace] GC(22) Metaspace: 107285K(107968K)->107285K(107968K) NonClass: 93766K(94144K)->93766K(94144K) Class: 13518K(13824K)->13518K(13824K)
[2026-04-03T02:16:03.301+0600][14.563s][info][gc          ] GC(22) Pause Young (Prepare Mixed) (G1 Evacuation Pause) 117M->51M(130M) 11.270ms
[2026-04-03T02:16:03.301+0600][14.563s][info][gc,cpu      ] GC(22) User=0.02s Sys=0.00s Real=0.01s
[2026-04-03T02:16:04.560+0600][15.822s][info][gc,start    ] GC(23) Pause Young (Mixed) (G1 Evacuation Pause)
[2026-04-03T02:16:04.560+0600][15.822s][info][gc,task     ] GC(23) Using 3 workers of 10 for evacuation
[2026-04-03T02:16:04.584+0600][15.846s][info][gc,phases   ] GC(23)   Pre Evacuate Collection Set: 0.19ms
[2026-04-03T02:16:04.584+0600][15.846s][info][gc,phases   ] GC(23)   Merge Heap Roots: 0.17ms
[2026-04-03T02:16:04.584+0600][15.846s][info][gc,phases   ] GC(23)   Evacuate Collection Set: 22.72ms
[2026-04-03T02:16:04.584+0600][15.846s][info][gc,phases   ] GC(23)   Post Evacuate Collection Set: 0.88ms
[2026-04-03T02:16:04.584+0600][15.846s][info][gc,phases   ] GC(23)   Other: 0.10ms
[2026-04-03T02:16:04.584+0600][15.846s][info][gc,heap     ] GC(23) Eden regions: 56->0(62)
[2026-04-03T02:16:04.584+0600][15.846s][info][gc,heap     ] GC(23) Survivor regions: 10->7(10)
[2026-04-03T02:16:04.584+0600][15.846s][info][gc,heap     ] GC(23) Old regions: 33->43
[2026-04-03T02:16:04.584+0600][15.846s][info][gc,heap     ] GC(23) Humongous regions: 59->48
[2026-04-03T02:16:04.584+0600][15.846s][info][gc,metaspace] GC(23) Metaspace: 112778K(114176K)->112778K(114176K) NonClass: 98243K(99008K)->98243K(99008K) Class: 14535K(15168K)->14535K(15168K)
[2026-04-03T02:16:04.584+0600][15.846s][info][gc          ] GC(23) Pause Young (Mixed) (G1 Evacuation Pause) 158M->97M(176M) 24.377ms
[2026-04-03T02:16:04.584+0600][15.846s][info][gc,cpu      ] GC(23) User=0.11s Sys=0.01s Real=0.02s
[2026-04-03T02:16:04.994+0600][16.256s][info][gc,start    ] GC(24) Pause Young (Concurrent Start) (G1 Humongous Allocation)
[2026-04-03T02:16:04.995+0600][16.256s][info][gc,task     ] GC(24) Using 4 workers of 10 for evacuation
[2026-04-03T02:16:05.002+0600][16.263s][info][gc,phases   ] GC(24)   Pre Evacuate Collection Set: 0.39ms
[2026-04-03T02:16:05.002+0600][16.264s][info][gc,phases   ] GC(24)   Merge Heap Roots: 0.19ms
[2026-04-03T02:16:05.002+0600][16.264s][info][gc,phases   ] GC(24)   Evacuate Collection Set: 5.44ms
[2026-04-03T02:16:05.002+0600][16.264s][info][gc,phases   ] GC(24)   Post Evacuate Collection Set: 0.73ms
[2026-04-03T02:16:05.002+0600][16.264s][info][gc,phases   ] GC(24)   Other: 0.22ms
[2026-04-03T02:16:05.002+0600][16.264s][info][gc,heap     ] GC(24) Eden regions: 15->0(82)
[2026-04-03T02:16:05.002+0600][16.264s][info][gc,heap     ] GC(24) Survivor regions: 7->2(9)
[2026-04-03T02:16:05.002+0600][16.264s][info][gc,heap     ] GC(24) Old regions: 43->48
[2026-04-03T02:16:05.002+0600][16.264s][info][gc,heap     ] GC(24) Humongous regions: 48->24
[2026-04-03T02:16:05.002+0600][16.264s][info][gc,metaspace] GC(24) Metaspace: 113993K(115456K)->113993K(115456K) NonClass: 99206K(100032K)->99206K(100032K) Class: 14786K(15424K)->14786K(15424K)
[2026-04-03T02:16:05.002+0600][16.264s][info][gc          ] GC(24) Pause Young (Concurrent Start) (G1 Humongous Allocation) 112M->73M(176M) 7.372ms
[2026-04-03T02:16:05.002+0600][16.264s][info][gc          ] GC(25) Concurrent Mark Cycle
[2026-04-03T02:16:05.002+0600][16.264s][info][gc,cpu      ] GC(24) User=0.05s Sys=0.00s Real=0.01s
[2026-04-03T02:16:05.002+0600][16.264s][info][gc,marking  ] GC(25) Concurrent Scan Root Regions
[2026-04-03T02:16:05.005+0600][16.267s][info][gc,marking  ] GC(25) Concurrent Scan Root Regions 3.320ms
[2026-04-03T02:16:05.005+0600][16.267s][info][gc,marking  ] GC(25) Concurrent Mark
[2026-04-03T02:16:05.005+0600][16.267s][info][gc,marking  ] GC(25) Concurrent Mark From Roots
[2026-04-03T02:16:05.005+0600][16.267s][info][gc,task     ] GC(25) Using 3 workers of 3 for marking
[2026-04-03T02:16:05.055+0600][16.317s][info][gc,marking  ] GC(25) Concurrent Mark From Roots 49.973ms
[2026-04-03T02:16:05.055+0600][16.317s][info][gc,marking  ] GC(25) Concurrent Preclean
[2026-04-03T02:16:05.056+0600][16.318s][info][gc,marking  ] GC(25) Concurrent Preclean 0.423ms
[2026-04-03T02:16:05.056+0600][16.318s][info][gc,start    ] GC(25) Pause Remark
[2026-04-03T02:16:05.065+0600][16.327s][info][gc          ] GC(25) Pause Remark 94M->94M(176M) 8.539ms
[2026-04-03T02:16:05.065+0600][16.327s][info][gc,cpu      ] GC(25) User=0.04s Sys=0.00s Real=0.01s
[2026-04-03T02:16:05.065+0600][16.327s][info][gc,marking  ] GC(25) Concurrent Mark 59.843ms
[2026-04-03T02:16:05.065+0600][16.327s][info][gc,marking  ] GC(25) Concurrent Rebuild Remembered Sets and Scrub Regions
[2026-04-03T02:16:05.086+0600][16.348s][info][gc,marking  ] GC(25) Concurrent Rebuild Remembered Sets and Scrub Regions 20.978ms
[2026-04-03T02:16:05.087+0600][16.349s][info][gc,start    ] GC(25) Pause Cleanup
[2026-04-03T02:16:05.087+0600][16.349s][info][gc          ] GC(25) Pause Cleanup 95M->95M(176M) 0.436ms
[2026-04-03T02:16:05.087+0600][16.349s][info][gc,cpu      ] GC(25) User=0.00s Sys=0.00s Real=0.00s
[2026-04-03T02:16:05.087+0600][16.349s][info][gc,marking  ] GC(25) Concurrent Clear Claimed Marks
[2026-04-03T02:16:05.088+0600][16.350s][info][gc,marking  ] GC(25) Concurrent Clear Claimed Marks 0.399ms
[2026-04-03T02:16:05.088+0600][16.350s][info][gc,marking  ] GC(25) Concurrent Cleanup for Next Mark
[2026-04-03T02:16:05.089+0600][16.350s][info][gc,marking  ] GC(25) Concurrent Cleanup for Next Mark 0.711ms
[2026-04-03T02:16:05.089+0600][16.350s][info][gc          ] GC(25) Concurrent Mark Cycle 86.721ms
[2026-04-03T02:16:05.710+0600][16.972s][info][gc,start    ] GC(26) Pause Young (Prepare Mixed) (G1 Evacuation Pause)
[2026-04-03T02:16:05.710+0600][16.972s][info][gc,task     ] GC(26) Using 4 workers of 10 for evacuation
[2026-04-03T02:16:05.720+0600][16.982s][info][gc,phases   ] GC(26)   Pre Evacuate Collection Set: 0.41ms
[2026-04-03T02:16:05.720+0600][16.982s][info][gc,phases   ] GC(26)   Merge Heap Roots: 0.22ms
[2026-04-03T02:16:05.720+0600][16.982s][info][gc,phases   ] GC(26)   Evacuate Collection Set: 8.00ms
[2026-04-03T02:16:05.720+0600][16.982s][info][gc,phases   ] GC(26)   Post Evacuate Collection Set: 0.75ms
[2026-04-03T02:16:05.720+0600][16.982s][info][gc,phases   ] GC(26)   Other: 0.11ms
[2026-04-03T02:16:05.720+0600][16.982s][info][gc,heap     ] GC(26) Eden regions: 51->0(67)
[2026-04-03T02:16:05.720+0600][16.982s][info][gc,heap     ] GC(26) Survivor regions: 2->6(11)
[2026-04-03T02:16:05.720+0600][16.982s][info][gc,heap     ] GC(26) Old regions: 48->48
[2026-04-03T02:16:05.720+0600][16.982s][info][gc,heap     ] GC(26) Humongous regions: 78->48
[2026-04-03T02:16:05.720+0600][16.982s][info][gc,metaspace] GC(26) Metaspace: 116408K(117952K)->116408K(117952K) NonClass: 101186K(102080K)->101186K(102080K) Class: 15222K(15872K)->15222K(15872K)
[2026-04-03T02:16:05.720+0600][16.982s][info][gc          ] GC(26) Pause Young (Prepare Mixed) (G1 Evacuation Pause) 178M->101M(185M) 9.869ms
[2026-04-03T02:16:05.720+0600][16.982s][info][gc,cpu      ] GC(26) User=0.03s Sys=0.01s Real=0.01s
[2026-04-03T02:16:06.052+0600][17.314s][info][gc,start    ] GC(27) Pause Young (Mixed) (G1 Evacuation Pause)
[2026-04-03T02:16:06.052+0600][17.314s][info][gc,task     ] GC(27) Using 4 workers of 10 for evacuation
[2026-04-03T02:16:06.116+0600][17.378s][info][gc,phases   ] GC(27)   Pre Evacuate Collection Set: 0.32ms
[2026-04-03T02:16:06.117+0600][17.378s][info][gc,phases   ] GC(27)   Merge Heap Roots: 0.22ms
[2026-04-03T02:16:06.117+0600][17.378s][info][gc,phases   ] GC(27)   Evacuate Collection Set: 62.67ms
[2026-04-03T02:16:06.117+0600][17.378s][info][gc,phases   ] GC(27)   Post Evacuate Collection Set: 0.82ms
[2026-04-03T02:16:06.117+0600][17.378s][info][gc,phases   ] GC(27)   Other: 0.09ms
[2026-04-03T02:16:06.117+0600][17.378s][info][gc,heap     ] GC(27) Eden regions: 51->0(79)
[2026-04-03T02:16:06.117+0600][17.378s][info][gc,heap     ] GC(27) Survivor regions: 6->10(10)
[2026-04-03T02:16:06.117+0600][17.378s][info][gc,heap     ] GC(27) Old regions: 48->59
[2026-04-03T02:16:06.117+0600][17.378s][info][gc,heap     ] GC(27) Humongous regions: 80->24
[2026-04-03T02:16:06.117+0600][17.378s][info][gc,metaspace] GC(27) Metaspace: 117169K(118720K)->117169K(118720K) NonClass: 101834K(102720K)->101834K(102720K) Class: 15335K(16000K)->15335K(16000K)
[2026-04-03T02:16:06.117+0600][17.379s][info][gc          ] GC(27) Pause Young (Mixed) (G1 Evacuation Pause) 184M->92M(208M) 64.374ms
[2026-04-03T02:16:06.117+0600][17.379s][info][gc,cpu      ] GC(27) User=0.25s Sys=0.01s Real=0.06s
[2026-04-03T02:16:06.302+0600][17.564s][info][gc,start    ] GC(28) Pause Young (Normal) (G1 Evacuation Pause)
[2026-04-03T02:16:06.302+0600][17.564s][info][gc,task     ] GC(28) Using 5 workers of 10 for evacuation
[2026-04-03T02:16:06.345+0600][17.606s][info][gc,phases   ] GC(28)   Pre Evacuate Collection Set: 0.25ms
[2026-04-03T02:16:06.345+0600][17.606s][info][gc,phases   ] GC(28)   Merge Heap Roots: 0.19ms
[2026-04-03T02:16:06.345+0600][17.606s][info][gc,phases   ] GC(28)   Evacuate Collection Set: 41.41ms
[2026-04-03T02:16:06.345+0600][17.606s][info][gc,phases   ] GC(28)   Post Evacuate Collection Set: 0.60ms
[2026-04-03T02:16:06.345+0600][17.607s][info][gc,phases   ] GC(28)   Other: 0.12ms
[2026-04-03T02:16:06.345+0600][17.607s][info][gc,heap     ] GC(28) Eden regions: 79->0(46)
[2026-04-03T02:16:06.345+0600][17.607s][info][gc,heap     ] GC(28) Survivor regions: 10->12(12)
[2026-04-03T02:16:06.345+0600][17.607s][info][gc,heap     ] GC(28) Old regions: 59->86
[2026-04-03T02:16:06.345+0600][17.607s][info][gc,heap     ] GC(28) Humongous regions: 24->24
[2026-04-03T02:16:06.345+0600][17.607s][info][gc,metaspace] GC(28) Metaspace: 117242K(118848K)->117242K(118848K) NonClass: 101907K(102848K)->101907K(102848K) Class: 15335K(16000K)->15335K(16000K)
[2026-04-03T02:16:06.345+0600][17.607s][info][gc          ] GC(28) Pause Young (Normal) (G1 Evacuation Pause) 171M->121M(211M) 42.956ms
[2026-04-03T02:16:06.345+0600][17.607s][info][gc,cpu      ] GC(28) User=0.20s Sys=0.01s Real=0.04s
[2026-04-03T02:16:06.353+0600][17.614s][info][gc,start    ] GC(29) Pause Young (Concurrent Start) (G1 Humongous Allocation)
[2026-04-03T02:16:06.353+0600][17.614s][info][gc,task     ] GC(29) Using 5 workers of 10 for evacuation
[2026-04-03T02:16:06.384+0600][17.646s][info][gc,phases   ] GC(29)   Pre Evacuate Collection Set: 0.48ms
[2026-04-03T02:16:06.384+0600][17.646s][info][gc,phases   ] GC(29)   Merge Heap Roots: 0.17ms
[2026-04-03T02:16:06.384+0600][17.646s][info][gc,phases   ] GC(29)   Evacuate Collection Set: 29.83ms
[2026-04-03T02:16:06.384+0600][17.646s][info][gc,phases   ] GC(29)   Post Evacuate Collection Set: 0.47ms
[2026-04-03T02:16:06.384+0600][17.646s][info][gc,phases   ] GC(29)   Other: 0.16ms
[2026-04-03T02:16:06.384+0600][17.646s][info][gc,heap     ] GC(29) Eden regions: 6->0(30)
[2026-04-03T02:16:06.384+0600][17.646s][info][gc,heap     ] GC(29) Survivor regions: 12->7(8)
[2026-04-03T02:16:06.384+0600][17.646s][info][gc,heap     ] GC(29) Old regions: 86->99
[2026-04-03T02:16:06.384+0600][17.646s][info][gc,heap     ] GC(29) Humongous regions: 24->24
[2026-04-03T02:16:06.384+0600][17.646s][info][gc,metaspace] GC(29) Metaspace: 117242K(118848K)->117242K(118848K) NonClass: 101907K(102848K)->101907K(102848K) Class: 15335K(16000K)->15335K(16000K)
[2026-04-03T02:16:06.384+0600][17.646s][info][gc          ] GC(29) Pause Young (Concurrent Start) (G1 Humongous Allocation) 127M->129M(211M) 31.406ms
[2026-04-03T02:16:06.384+0600][17.646s][info][gc,cpu      ] GC(29) User=0.11s Sys=0.01s Real=0.03s
[2026-04-03T02:16:06.384+0600][17.646s][info][gc          ] GC(30) Concurrent Mark Cycle
[2026-04-03T02:16:06.384+0600][17.646s][info][gc,marking  ] GC(30) Concurrent Scan Root Regions
[2026-04-03T02:16:06.388+0600][17.650s][info][gc,marking  ] GC(30) Concurrent Scan Root Regions 4.221ms
[2026-04-03T02:16:06.388+0600][17.650s][info][gc,marking  ] GC(30) Concurrent Mark
[2026-04-03T02:16:06.388+0600][17.650s][info][gc,marking  ] GC(30) Concurrent Mark From Roots
[2026-04-03T02:16:06.388+0600][17.650s][info][gc,task     ] GC(30) Using 3 workers of 3 for marking
[2026-04-03T02:16:06.457+0600][17.719s][info][gc,marking  ] GC(30) Concurrent Mark From Roots 68.210ms
[2026-04-03T02:16:06.457+0600][17.719s][info][gc,marking  ] GC(30) Concurrent Preclean
[2026-04-03T02:16:06.457+0600][17.719s][info][gc,marking  ] GC(30) Concurrent Preclean 0.234ms
[2026-04-03T02:16:06.458+0600][17.720s][info][gc,start    ] GC(30) Pause Remark
[2026-04-03T02:16:06.480+0600][17.741s][info][gc          ] GC(30) Pause Remark 141M->125M(211M) 21.470ms
[2026-04-03T02:16:06.480+0600][17.742s][info][gc,cpu      ] GC(30) User=0.10s Sys=0.00s Real=0.02s
[2026-04-03T02:16:06.480+0600][17.742s][info][gc,marking  ] GC(30) Concurrent Mark 91.442ms
[2026-04-03T02:16:06.480+0600][17.742s][info][gc,marking  ] GC(30) Concurrent Rebuild Remembered Sets and Scrub Regions
[2026-04-03T02:16:06.525+0600][17.787s][info][gc,marking  ] GC(30) Concurrent Rebuild Remembered Sets and Scrub Regions 45.098ms
[2026-04-03T02:16:06.525+0600][17.787s][info][gc,start    ] GC(30) Pause Cleanup
[2026-04-03T02:16:06.526+0600][17.788s][info][gc          ] GC(30) Pause Cleanup 138M->138M(211M) 0.513ms
[2026-04-03T02:16:06.526+0600][17.788s][info][gc,cpu      ] GC(30) User=0.01s Sys=0.00s Real=0.00s
[2026-04-03T02:16:06.526+0600][17.788s][info][gc,marking  ] GC(30) Concurrent Clear Claimed Marks
[2026-04-03T02:16:06.526+0600][17.788s][info][gc,marking  ] GC(30) Concurrent Clear Claimed Marks 0.272ms
[2026-04-03T02:16:06.526+0600][17.788s][info][gc,marking  ] GC(30) Concurrent Cleanup for Next Mark
[2026-04-03T02:16:06.527+0600][17.789s][info][gc,marking  ] GC(30) Concurrent Cleanup for Next Mark 0.629ms
[2026-04-03T02:16:06.527+0600][17.789s][info][gc          ] GC(30) Concurrent Mark Cycle 142.987ms
[2026-04-03T02:16:06.653+0600][17.915s][info][gc,start    ] GC(31) Pause Young (Prepare Mixed) (G1 Evacuation Pause)
[2026-04-03T02:16:06.653+0600][17.915s][info][gc,task     ] GC(31) Using 5 workers of 10 for evacuation
[2026-04-03T02:16:06.667+0600][17.929s][info][gc,phases   ] GC(31)   Pre Evacuate Collection Set: 0.45ms
[2026-04-03T02:16:06.667+0600][17.929s][info][gc,phases   ] GC(31)   Merge Heap Roots: 0.25ms
[2026-04-03T02:16:06.667+0600][17.929s][info][gc,phases   ] GC(31)   Evacuate Collection Set: 12.01ms
[2026-04-03T02:16:06.667+0600][17.929s][info][gc,phases   ] GC(31)   Post Evacuate Collection Set: 1.00ms
[2026-04-03T02:16:06.667+0600][17.929s][info][gc,phases   ] GC(31)   Other: 0.16ms
[2026-04-03T02:16:06.667+0600][17.929s][info][gc,heap     ] GC(31) Eden regions: 30->0(27)
[2026-04-03T02:16:06.667+0600][17.929s][info][gc,heap     ] GC(31) Survivor regions: 7->5(5)
[2026-04-03T02:16:06.667+0600][17.929s][info][gc,heap     ] GC(31) Old regions: 99->112
[2026-04-03T02:16:06.667+0600][17.929s][info][gc,heap     ] GC(31) Humongous regions: 38->25
[2026-04-03T02:16:06.667+0600][17.929s][info][gc,metaspace] GC(31) Metaspace: 116534K(118848K)->116534K(118848K) NonClass: 101422K(102848K)->101422K(102848K) Class: 15111K(16000K)->15111K(16000K)
[2026-04-03T02:16:06.667+0600][17.929s][info][gc          ] GC(31) Pause Young (Prepare Mixed) (G1 Evacuation Pause) 173M->141M(211M) 14.249ms
[2026-04-03T02:16:06.667+0600][17.929s][info][gc,cpu      ] GC(31) User=0.08s Sys=0.00s Real=0.01s
[2026-04-03T02:16:06.926+0600][18.188s][info][gc,start    ] GC(32) Pause Young (Mixed) (G1 Evacuation Pause)
[2026-04-03T02:16:06.926+0600][18.188s][info][gc,task     ] GC(32) Using 5 workers of 10 for evacuation
[2026-04-03T02:16:06.933+0600][18.195s][info][gc,phases   ] GC(32)   Pre Evacuate Collection Set: 0.17ms
[2026-04-03T02:16:06.933+0600][18.195s][info][gc,phases   ] GC(32)   Merge Heap Roots: 0.11ms
[2026-04-03T02:16:06.933+0600][18.195s][info][gc,phases   ] GC(32)   Evacuate Collection Set: 6.15ms
[2026-04-03T02:16:06.933+0600][18.195s][info][gc,phases   ] GC(32)   Post Evacuate Collection Set: 0.43ms
[2026-04-03T02:16:06.933+0600][18.195s][info][gc,phases   ] GC(32)   Other: 0.09ms
[2026-04-03T02:16:06.934+0600][18.195s][info][gc,heap     ] GC(32) Eden regions: 27->0(14)
[2026-04-03T02:16:06.934+0600][18.195s][info][gc,heap     ] GC(32) Survivor regions: 5->4(4)
[2026-04-03T02:16:06.934+0600][18.195s][info][gc,heap     ] GC(32) Old regions: 112->116
[2026-04-03T02:16:06.934+0600][18.195s][info][gc,heap     ] GC(32) Humongous regions: 65->65
[2026-04-03T02:16:06.934+0600][18.195s][info][gc,metaspace] GC(32) Metaspace: 116572K(118848K)->116572K(118848K) NonClass: 101461K(102848K)->101461K(102848K) Class: 15111K(16000K)->15111K(16000K)
[2026-04-03T02:16:06.934+0600][18.195s][info][gc          ] GC(32) Pause Young (Mixed) (G1 Evacuation Pause) 208M->184M(220M) 7.228ms
[2026-04-03T02:16:06.934+0600][18.196s][info][gc,cpu      ] GC(32) User=0.03s Sys=0.00s Real=0.01s
[2026-04-03T02:16:06.997+0600][18.259s][info][gc,start    ] GC(33) Pause Young (Concurrent Start) (G1 Evacuation Pause)
[2026-04-03T02:16:06.997+0600][18.259s][info][gc,task     ] GC(33) Using 5 workers of 10 for evacuation
[2026-04-03T02:16:07.001+0600][18.263s][info][gc,phases   ] GC(33)   Pre Evacuate Collection Set: 0.32ms
[2026-04-03T02:16:07.001+0600][18.263s][info][gc,phases   ] GC(33)   Merge Heap Roots: 0.17ms
[2026-04-03T02:16:07.001+0600][18.263s][info][gc,phases   ] GC(33)   Evacuate Collection Set: 2.72ms
[2026-04-03T02:16:07.001+0600][18.263s][info][gc,phases   ] GC(33)   Post Evacuate Collection Set: 0.38ms
[2026-04-03T02:16:07.001+0600][18.263s][info][gc,phases   ] GC(33)   Other: 0.22ms
[2026-04-03T02:16:07.001+0600][18.263s][info][gc,heap     ] GC(33) Eden regions: 14->0(15)
[2026-04-03T02:16:07.001+0600][18.263s][info][gc,heap     ] GC(33) Survivor regions: 4->3(3)
[2026-04-03T02:16:07.001+0600][18.263s][info][gc,heap     ] GC(33) Old regions: 116->119
[2026-04-03T02:16:07.001+0600][18.263s][info][gc,heap     ] GC(33) Humongous regions: 65->65
[2026-04-03T02:16:07.001+0600][18.263s][info][gc,metaspace] GC(33) Metaspace: 116572K(118848K)->116572K(118848K) NonClass: 101461K(102848K)->101461K(102848K) Class: 15111K(16000K)->15111K(16000K)
[2026-04-03T02:16:07.001+0600][18.263s][info][gc          ] GC(33) Pause Young (Concurrent Start) (G1 Evacuation Pause) 198M->185M(220M) 4.154ms
[2026-04-03T02:16:07.001+0600][18.263s][info][gc          ] GC(34) Concurrent Mark Cycle
[2026-04-03T02:16:07.001+0600][18.263s][info][gc,cpu      ] GC(33) User=0.01s Sys=0.00s Real=0.01s
[2026-04-03T02:16:07.001+0600][18.263s][info][gc,marking  ] GC(34) Concurrent Scan Root Regions
[2026-04-03T02:16:07.006+0600][18.268s][info][gc,marking  ] GC(34) Concurrent Scan Root Regions 4.615ms
[2026-04-03T02:16:07.006+0600][18.268s][info][gc,marking  ] GC(34) Concurrent Mark
[2026-04-03T02:16:07.006+0600][18.268s][info][gc,marking  ] GC(34) Concurrent Mark From Roots
[2026-04-03T02:16:07.006+0600][18.268s][info][gc,task     ] GC(34) Using 3 workers of 3 for marking
[2026-04-03T02:16:07.047+0600][18.309s][info][gc,start    ] GC(35) Pause Young (Normal) (G1 Evacuation Pause)
[2026-04-03T02:16:07.047+0600][18.309s][info][gc,task     ] GC(35) Using 5 workers of 10 for evacuation
[2026-04-03T02:16:07.051+0600][18.313s][info][gc,phases   ] GC(35)   Pre Evacuate Collection Set: 0.32ms
[2026-04-03T02:16:07.051+0600][18.313s][info][gc,phases   ] GC(35)   Merge Heap Roots: 0.13ms
[2026-04-03T02:16:07.051+0600][18.313s][info][gc,phases   ] GC(35)   Evacuate Collection Set: 1.03ms
[2026-04-03T02:16:07.051+0600][18.313s][info][gc,phases   ] GC(35)   Post Evacuate Collection Set: 2.17ms
[2026-04-03T02:16:07.051+0600][18.313s][info][gc,phases   ] GC(35)   Other: 0.11ms
[2026-04-03T02:16:07.051+0600][18.313s][info][gc,heap     ] GC(35) Eden regions: 15->0(65)
[2026-04-03T02:16:07.051+0600][18.313s][info][gc,heap     ] GC(35) Survivor regions: 3->3(3)
[2026-04-03T02:16:07.051+0600][18.313s][info][gc,heap     ] GC(35) Old regions: 119->120
[2026-04-03T02:16:07.051+0600][18.313s][info][gc,heap     ] GC(35) Humongous regions: 65->65
[2026-04-03T02:16:07.051+0600][18.313s][info][gc,metaspace] GC(35) Metaspace: 116574K(118848K)->116574K(118848K) NonClass: 101462K(102848K)->101462K(102848K) Class: 15111K(16000K)->15111K(16000K)
[2026-04-03T02:16:07.051+0600][18.313s][info][gc          ] GC(35) Pause Young (Normal) (G1 Evacuation Pause) 200M->187M(326M) 4.110ms
[2026-04-03T02:16:07.051+0600][18.313s][info][gc,cpu      ] GC(35) User=0.01s Sys=0.00s Real=0.01s
[2026-04-03T02:16:07.121+0600][18.383s][info][gc,marking  ] GC(34) Concurrent Mark From Roots 114.686ms
[2026-04-03T02:16:07.121+0600][18.383s][info][gc,marking  ] GC(34) Concurrent Preclean
[2026-04-03T02:16:07.121+0600][18.383s][info][gc,marking  ] GC(34) Concurrent Preclean 0.319ms
[2026-04-03T02:16:07.124+0600][18.386s][info][gc,start    ] GC(34) Pause Remark
[2026-04-03T02:16:07.131+0600][18.393s][info][gc          ] GC(34) Pause Remark 218M->216M(326M) 7.199ms
[2026-04-03T02:16:07.131+0600][18.393s][info][gc,cpu      ] GC(34) User=0.02s Sys=0.00s Real=0.01s
[2026-04-03T02:16:07.132+0600][18.393s][info][gc,marking  ] GC(34) Concurrent Mark 125.469ms
[2026-04-03T02:16:07.132+0600][18.393s][info][gc,marking  ] GC(34) Concurrent Rebuild Remembered Sets and Scrub Regions
[2026-04-03T02:16:07.198+0600][18.460s][info][gc,marking  ] GC(34) Concurrent Rebuild Remembered Sets and Scrub Regions 66.900ms
[2026-04-03T02:16:07.199+0600][18.461s][info][gc,start    ] GC(34) Pause Cleanup
[2026-04-03T02:16:07.199+0600][18.461s][info][gc          ] GC(34) Pause Cleanup 220M->220M(326M) 0.503ms
[2026-04-03T02:16:07.199+0600][18.461s][info][gc,cpu      ] GC(34) User=0.00s Sys=0.00s Real=0.00s
[2026-04-03T02:16:07.200+0600][18.461s][info][gc,marking  ] GC(34) Concurrent Clear Claimed Marks
[2026-04-03T02:16:07.200+0600][18.462s][info][gc,marking  ] GC(34) Concurrent Clear Claimed Marks 0.208ms
[2026-04-03T02:16:07.200+0600][18.462s][info][gc,marking  ] GC(34) Concurrent Cleanup for Next Mark
[2026-04-03T02:16:07.201+0600][18.463s][info][gc,marking  ] GC(34) Concurrent Cleanup for Next Mark 1.493ms
[2026-04-03T02:16:07.201+0600][18.463s][info][gc          ] GC(34) Concurrent Mark Cycle 199.989ms
[2026-04-03T02:16:07.727+0600][18.989s][info][gc,start    ] GC(36) Pause Young (Prepare Mixed) (G1 Evacuation Pause)
[2026-04-03T02:16:07.727+0600][18.989s][info][gc,task     ] GC(36) Using 7 workers of 10 for evacuation
[2026-04-03T02:16:07.729+0600][18.991s][info][gc,phases   ] GC(36)   Pre Evacuate Collection Set: 0.25ms
[2026-04-03T02:16:07.729+0600][18.991s][info][gc,phases   ] GC(36)   Merge Heap Roots: 0.13ms
[2026-04-03T02:16:07.729+0600][18.991s][info][gc,phases   ] GC(36)   Evacuate Collection Set: 1.09ms
[2026-04-03T02:16:07.729+0600][18.991s][info][gc,phases   ] GC(36)   Post Evacuate Collection Set: 0.66ms
[2026-04-03T02:16:07.729+0600][18.991s][info][gc,phases   ] GC(36)   Other: 0.10ms
[2026-04-03T02:16:07.729+0600][18.991s][info][gc,heap     ] GC(36) Eden regions: 65->0(76)
[2026-04-03T02:16:07.729+0600][18.991s][info][gc,heap     ] GC(36) Survivor regions: 3->1(9)
[2026-04-03T02:16:07.729+0600][18.991s][info][gc,heap     ] GC(36) Old regions: 119->119
[2026-04-03T02:16:07.729+0600][18.991s][info][gc,heap     ] GC(36) Humongous regions: 95->64
[2026-04-03T02:16:07.729+0600][18.991s][info][gc,metaspace] GC(36) Metaspace: 116715K(118912K)->116715K(118912K) NonClass: 101601K(102912K)->101601K(102912K) Class: 15114K(16000K)->15114K(16000K)
[2026-04-03T02:16:07.729+0600][18.991s][info][gc          ] GC(36) Pause Young (Prepare Mixed) (G1 Evacuation Pause) 281M->183M(326M) 2.553ms
[2026-04-03T02:16:07.729+0600][18.991s][info][gc,cpu      ] GC(36) User=0.01s Sys=0.00s Real=0.00s
[2026-04-03T02:16:08.352+0600][19.614s][info][gc,start    ] GC(37) Pause Young (Mixed) (G1 Evacuation Pause)
[2026-04-03T02:16:08.352+0600][19.614s][info][gc,task     ] GC(37) Using 7 workers of 10 for evacuation
[2026-04-03T02:16:08.367+0600][19.629s][info][gc,phases   ] GC(37)   Pre Evacuate Collection Set: 0.42ms
[2026-04-03T02:16:08.367+0600][19.629s][info][gc,phases   ] GC(37)   Merge Heap Roots: 0.33ms
[2026-04-03T02:16:08.367+0600][19.629s][info][gc,phases   ] GC(37)   Evacuate Collection Set: 13.18ms
[2026-04-03T02:16:08.367+0600][19.629s][info][gc,phases   ] GC(37)   Post Evacuate Collection Set: 0.96ms
[2026-04-03T02:16:08.367+0600][19.629s][info][gc,phases   ] GC(37)   Other: 0.14ms
[2026-04-03T02:16:08.367+0600][19.629s][info][gc,heap     ] GC(37) Eden regions: 76->0(88)
[2026-04-03T02:16:08.367+0600][19.629s][info][gc,heap     ] GC(37) Survivor regions: 1->2(10)
[2026-04-03T02:16:08.367+0600][19.629s][info][gc,heap     ] GC(37) Old regions: 119->107
[2026-04-03T02:16:08.367+0600][19.629s][info][gc,heap     ] GC(37) Humongous regions: 71->64
[2026-04-03T02:16:08.367+0600][19.629s][info][gc,metaspace] GC(37) Metaspace: 120529K(121728K)->120529K(121728K) NonClass: 105007K(105600K)->105007K(105600K) Class: 15521K(16128K)->15521K(16128K)
[2026-04-03T02:16:08.367+0600][19.629s][info][gc          ] GC(37) Pause Young (Mixed) (G1 Evacuation Pause) 266M->171M(326M) 15.347ms
[2026-04-03T02:16:08.367+0600][19.629s][info][gc,cpu      ] GC(37) User=0.06s Sys=0.00s Real=0.01s
[2026-04-03T02:16:08.414+0600][19.676s][info][gc,start    ] GC(38) Pause Young (Concurrent Start) (G1 Humongous Allocation)
[2026-04-03T02:16:08.415+0600][19.676s][info][gc,task     ] GC(38) Using 7 workers of 10 for evacuation
[2026-04-03T02:16:08.418+0600][19.680s][info][gc,phases   ] GC(38)   Pre Evacuate Collection Set: 0.35ms
[2026-04-03T02:16:08.418+0600][19.680s][info][gc,phases   ] GC(38)   Merge Heap Roots: 0.14ms
[2026-04-03T02:16:08.418+0600][19.680s][info][gc,phases   ] GC(38)   Evacuate Collection Set: 2.32ms
[2026-04-03T02:16:08.418+0600][19.680s][info][gc,phases   ] GC(38)   Post Evacuate Collection Set: 0.66ms
[2026-04-03T02:16:08.418+0600][19.680s][info][gc,phases   ] GC(38)   Other: 0.24ms
[2026-04-03T02:16:08.418+0600][19.680s][info][gc,heap     ] GC(38) Eden regions: 7->0(96)
[2026-04-03T02:16:08.418+0600][19.680s][info][gc,heap     ] GC(38) Survivor regions: 2->2(12)
[2026-04-03T02:16:08.418+0600][19.680s][info][gc,heap     ] GC(38) Old regions: 107->107
[2026-04-03T02:16:08.418+0600][19.680s][info][gc,heap     ] GC(38) Humongous regions: 64->64
[2026-04-03T02:16:08.418+0600][19.680s][info][gc,metaspace] GC(38) Metaspace: 120711K(121920K)->120711K(121920K) NonClass: 105168K(105792K)->105168K(105792K) Class: 15542K(16128K)->15542K(16128K)
[2026-04-03T02:16:08.419+0600][19.680s][info][gc          ] GC(38) Pause Young (Concurrent Start) (G1 Humongous Allocation) 178M->171M(326M) 4.073ms
[2026-04-03T02:16:08.419+0600][19.680s][info][gc          ] GC(39) Concurrent Mark Cycle
[2026-04-03T02:16:08.419+0600][19.680s][info][gc,marking  ] GC(39) Concurrent Scan Root Regions
[2026-04-03T02:16:08.419+0600][19.680s][info][gc,cpu      ] GC(38) User=0.02s Sys=0.00s Real=0.00s
[2026-04-03T02:16:08.422+0600][19.684s][info][gc,marking  ] GC(39) Concurrent Scan Root Regions 3.353ms
[2026-04-03T02:16:08.422+0600][19.684s][info][gc,marking  ] GC(39) Concurrent Mark
[2026-04-03T02:16:08.422+0600][19.684s][info][gc,marking  ] GC(39) Concurrent Mark From Roots
[2026-04-03T02:16:08.422+0600][19.684s][info][gc,task     ] GC(39) Using 3 workers of 3 for marking
[2026-04-03T02:16:08.494+0600][19.756s][info][gc,marking  ] GC(39) Concurrent Mark From Roots 72.177ms
[2026-04-03T02:16:08.494+0600][19.756s][info][gc,marking  ] GC(39) Concurrent Preclean
[2026-04-03T02:16:08.495+0600][19.757s][info][gc,marking  ] GC(39) Concurrent Preclean 0.403ms
[2026-04-03T02:16:08.495+0600][19.757s][info][gc,start    ] GC(39) Pause Remark
[2026-04-03T02:16:08.503+0600][19.765s][info][gc          ] GC(39) Pause Remark 184M->133M(326M) 7.536ms
[2026-04-03T02:16:08.503+0600][19.765s][info][gc,cpu      ] GC(39) User=0.05s Sys=0.00s Real=0.01s
[2026-04-03T02:16:08.503+0600][19.765s][info][gc,marking  ] GC(39) Concurrent Mark 80.909ms
[2026-04-03T02:16:08.503+0600][19.765s][info][gc,marking  ] GC(39) Concurrent Rebuild Remembered Sets and Scrub Regions
[2026-04-03T02:16:08.539+0600][19.801s][info][gc,marking  ] GC(39) Concurrent Rebuild Remembered Sets and Scrub Regions 36.322ms
[2026-04-03T02:16:08.540+0600][19.802s][info][gc,start    ] GC(39) Pause Cleanup
[2026-04-03T02:16:08.540+0600][19.802s][info][gc          ] GC(39) Pause Cleanup 141M->141M(326M) 0.512ms
[2026-04-03T02:16:08.540+0600][19.802s][info][gc,cpu      ] GC(39) User=0.00s Sys=0.00s Real=0.00s
[2026-04-03T02:16:08.541+0600][19.802s][info][gc,marking  ] GC(39) Concurrent Clear Claimed Marks
[2026-04-03T02:16:08.541+0600][19.803s][info][gc,marking  ] GC(39) Concurrent Clear Claimed Marks 0.263ms
[2026-04-03T02:16:08.541+0600][19.803s][info][gc,marking  ] GC(39) Concurrent Cleanup for Next Mark
[2026-04-03T02:16:08.541+0600][19.803s][info][gc,marking  ] GC(39) Concurrent Cleanup for Next Mark 0.511ms
[2026-04-03T02:16:08.541+0600][19.803s][info][gc          ] GC(39) Concurrent Mark Cycle 122.817ms
[2026-04-03T02:16:09.023+0600][20.285s][info][gc,start    ] GC(40) Pause Young (Prepare Mixed) (G1 Evacuation Pause)
[2026-04-03T02:16:09.023+0600][20.285s][info][gc,task     ] GC(40) Using 7 workers of 10 for evacuation
[2026-04-03T02:16:09.027+0600][20.289s][info][gc,phases   ] GC(40)   Pre Evacuate Collection Set: 0.34ms
[2026-04-03T02:16:09.027+0600][20.289s][info][gc,phases   ] GC(40)   Merge Heap Roots: 0.13ms
[2026-04-03T02:16:09.027+0600][20.289s][info][gc,phases   ] GC(40)   Evacuate Collection Set: 2.56ms
[2026-04-03T02:16:09.027+0600][20.289s][info][gc,phases   ] GC(40)   Post Evacuate Collection Set: 0.74ms
[2026-04-03T02:16:09.027+0600][20.289s][info][gc,phases   ] GC(40)   Other: 0.09ms
[2026-04-03T02:16:09.027+0600][20.289s][info][gc,heap     ] GC(40) Eden regions: 96->0(135)
[2026-04-03T02:16:09.027+0600][20.289s][info][gc,heap     ] GC(40) Survivor regions: 2->2(13)
[2026-04-03T02:16:09.027+0600][20.289s][info][gc,heap     ] GC(40) Old regions: 96->96
[2026-04-03T02:16:09.027+0600][20.289s][info][gc,heap     ] GC(40) Humongous regions: 60->24
[2026-04-03T02:16:09.027+0600][20.289s][info][gc,metaspace] GC(40) Metaspace: 121292K(122432K)->121292K(122432K) NonClass: 105677K(106240K)->105677K(106240K) Class: 15614K(16192K)->15614K(16192K)
[2026-04-03T02:16:09.027+0600][20.289s][info][gc          ] GC(40) Pause Young (Prepare Mixed) (G1 Evacuation Pause) 253M->121M(326M) 4.171ms
[2026-04-03T02:16:09.028+0600][20.289s][info][gc,cpu      ] GC(40) User=0.02s Sys=0.01s Real=0.00s
[2026-04-03T02:16:09.398+0600][20.659s][info][gc,start    ] GC(41) Pause Young (Mixed) (G1 Evacuation Pause)
[2026-04-03T02:16:09.398+0600][20.660s][info][gc,task     ] GC(41) Using 7 workers of 10 for evacuation
[2026-04-03T02:16:09.403+0600][20.665s][info][gc,phases   ] GC(41)   Pre Evacuate Collection Set: 0.28ms
[2026-04-03T02:16:09.403+0600][20.665s][info][gc,phases   ] GC(41)   Merge Heap Roots: 0.24ms
[2026-04-03T02:16:09.403+0600][20.665s][info][gc,phases   ] GC(41)   Evacuate Collection Set: 3.80ms
[2026-04-03T02:16:09.403+0600][20.665s][info][gc,phases   ] GC(41)   Post Evacuate Collection Set: 1.15ms
[2026-04-03T02:16:09.403+0600][20.665s][info][gc,phases   ] GC(41)   Other: 0.12ms
[2026-04-03T02:16:09.403+0600][20.665s][info][gc,heap     ] GC(41) Eden regions: 135->0(149)
[2026-04-03T02:16:09.403+0600][20.665s][info][gc,heap     ] GC(41) Survivor regions: 2->5(18)
[2026-04-03T02:16:09.403+0600][20.665s][info][gc,heap     ] GC(41) Old regions: 96->83
[2026-04-03T02:16:09.403+0600][20.665s][info][gc,heap     ] GC(41) Humongous regions: 46->24
[2026-04-03T02:16:09.403+0600][20.665s][info][gc,metaspace] GC(41) Metaspace: 121547K(122752K)->121547K(122752K) NonClass: 105904K(106560K)->105904K(106560K) Class: 15643K(16192K)->15643K(16192K)
[2026-04-03T02:16:09.404+0600][20.665s][info][gc          ] GC(41) Pause Young (Mixed) (G1 Evacuation Pause) 278M->111M(326M) 5.906ms
[2026-04-03T02:16:09.404+0600][20.665s][info][gc,cpu      ] GC(41) User=0.03s Sys=0.00s Real=0.01s
[2026-04-03T02:16:09.428+0600][20.690s][info][gc,start    ] GC(42) Pause Young (Concurrent Start) (G1 Humongous Allocation)
[2026-04-03T02:16:09.428+0600][20.690s][info][gc,task     ] GC(42) Using 7 workers of 10 for evacuation
[2026-04-03T02:16:09.434+0600][20.696s][info][gc,phases   ] GC(42)   Pre Evacuate Collection Set: 0.41ms
[2026-04-03T02:16:09.434+0600][20.696s][info][gc,phases   ] GC(42)   Merge Heap Roots: 0.21ms
[2026-04-03T02:16:09.434+0600][20.696s][info][gc,phases   ] GC(42)   Evacuate Collection Set: 3.80ms
[2026-04-03T02:16:09.434+0600][20.696s][info][gc,phases   ] GC(42)   Post Evacuate Collection Set: 0.77ms
[2026-04-03T02:16:09.434+0600][20.696s][info][gc,phases   ] GC(42)   Other: 0.25ms
[2026-04-03T02:16:09.434+0600][20.696s][info][gc,heap     ] GC(42) Eden regions: 18->0(156)
[2026-04-03T02:16:09.434+0600][20.696s][info][gc,heap     ] GC(42) Survivor regions: 5->6(20)
[2026-04-03T02:16:09.434+0600][20.696s][info][gc,heap     ] GC(42) Old regions: 83->83
[2026-04-03T02:16:09.434+0600][20.696s][info][gc,heap     ] GC(42) Humongous regions: 24->24
[2026-04-03T02:16:09.434+0600][20.696s][info][gc,metaspace] GC(42) Metaspace: 121589K(122752K)->121589K(122752K) NonClass: 105943K(106560K)->105943K(106560K) Class: 15645K(16192K)->15645K(16192K)
[2026-04-03T02:16:09.434+0600][20.696s][info][gc          ] GC(42) Pause Young (Concurrent Start) (G1 Humongous Allocation) 129M->111M(326M) 5.769ms
[2026-04-03T02:16:09.434+0600][20.696s][info][gc          ] GC(43) Concurrent Mark Cycle
[2026-04-03T02:16:09.434+0600][20.696s][info][gc,marking  ] GC(43) Concurrent Scan Root Regions
[2026-04-03T02:16:09.434+0600][20.696s][info][gc,cpu      ] GC(42) User=0.03s Sys=0.00s Real=0.01s
[2026-04-03T02:16:09.437+0600][20.699s][info][gc,marking  ] GC(43) Concurrent Scan Root Regions 2.687ms
[2026-04-03T02:16:09.437+0600][20.699s][info][gc,marking  ] GC(43) Concurrent Mark
[2026-04-03T02:16:09.437+0600][20.699s][info][gc,marking  ] GC(43) Concurrent Mark From Roots
[2026-04-03T02:16:09.437+0600][20.699s][info][gc,task     ] GC(43) Using 3 workers of 3 for marking
[2026-04-03T02:16:09.479+0600][20.741s][info][gc,start    ] GC(44) Pause Full (System.gc())
[2026-04-03T02:16:09.480+0600][20.741s][info][gc,task     ] GC(44) Using 7 workers of 10 for full compaction
[2026-04-03T02:16:09.481+0600][20.743s][info][gc,phases,start] GC(44) Phase 1: Mark live objects
[2026-04-03T02:16:09.569+0600][20.831s][info][gc,phases      ] GC(44) Phase 1: Mark live objects 88.202ms
[2026-04-03T02:16:09.569+0600][20.831s][info][gc,phases,start] GC(44) Phase 2: Prepare compaction
[2026-04-03T02:16:09.575+0600][20.836s][info][gc,phases      ] GC(44) Phase 2: Prepare compaction 5.275ms
[2026-04-03T02:16:09.575+0600][20.837s][info][gc,phases,start] GC(44) Phase 3: Adjust pointers
[2026-04-03T02:16:09.590+0600][20.852s][info][gc,phases      ] GC(44) Phase 3: Adjust pointers 15.100ms
[2026-04-03T02:16:09.590+0600][20.852s][info][gc,phases,start] GC(44) Phase 4: Compact heap
[2026-04-03T02:16:09.597+0600][20.859s][info][gc,phases      ] GC(44) Phase 4: Compact heap 7.442ms
[2026-04-03T02:16:09.597+0600][20.859s][info][gc,phases,start] GC(44) Phase 5: Reset Metadata
[2026-04-03T02:16:09.601+0600][20.863s][info][gc,phases      ] GC(44) Phase 5: Reset Metadata 3.472ms
[2026-04-03T02:16:09.612+0600][20.874s][info][gc,heap        ] GC(44) Eden regions: 10->0(142)
[2026-04-03T02:16:09.612+0600][20.874s][info][gc,heap        ] GC(44) Survivor regions: 6->0(20)
[2026-04-03T02:16:09.612+0600][20.874s][info][gc,heap        ] GC(44) Old regions: 83->74
[2026-04-03T02:16:09.612+0600][20.874s][info][gc,heap        ] GC(44) Humongous regions: 28->8
[2026-04-03T02:16:09.612+0600][20.874s][info][gc,metaspace   ] GC(44) Metaspace: 121633K(122816K)->121626K(122816K) NonClass: 105980K(106624K)->105975K(106624K) Class: 15653K(16192K)->15651K(16192K)
[2026-04-03T02:16:09.612+0600][20.874s][info][gc             ] GC(44) Pause Full (System.gc()) 124M->77M(274M) 132.692ms
[2026-04-03T02:16:09.612+0600][20.874s][info][gc,cpu         ] GC(44) User=0.75s Sys=0.02s Real=0.14s
[2026-04-03T02:16:09.612+0600][20.874s][info][gc,marking     ] GC(43) Concurrent Mark From Roots 175.339ms
[2026-04-03T02:16:09.612+0600][20.874s][info][gc,marking     ] GC(43) Concurrent Mark Abort
[2026-04-03T02:16:09.612+0600][20.874s][info][gc             ] GC(43) Concurrent Mark Cycle 178.276ms
[2026-04-03T02:16:09.650+0600][20.912s][info][gc,start       ] GC(45) Pause Young (Concurrent Start) (G1 Humongous Allocation)
[2026-04-03T02:16:09.650+0600][20.912s][info][gc,task        ] GC(45) Using 6 workers of 10 for evacuation
[2026-04-03T02:16:09.653+0600][20.915s][info][gc,phases      ] GC(45)   Pre Evacuate Collection Set: 0.35ms
[2026-04-03T02:16:09.653+0600][20.915s][info][gc,phases      ] GC(45)   Merge Heap Roots: 0.15ms
[2026-04-03T02:16:09.654+0600][20.915s][info][gc,phases      ] GC(45)   Evacuate Collection Set: 1.89ms
[2026-04-03T02:16:09.654+0600][20.915s][info][gc,phases      ] GC(45)   Post Evacuate Collection Set: 0.88ms
[2026-04-03T02:16:09.654+0600][20.915s][info][gc,phases      ] GC(45)   Other: 0.27ms
[2026-04-03T02:16:09.654+0600][20.915s][info][gc,heap        ] GC(45) Eden regions: 5->0(147)
[2026-04-03T02:16:09.654+0600][20.915s][info][gc,heap        ] GC(45) Survivor regions: 0->1(18)
[2026-04-03T02:16:09.654+0600][20.916s][info][gc,heap        ] GC(45) Old regions: 74->74
[2026-04-03T02:16:09.654+0600][20.916s][info][gc,heap        ] GC(45) Humongous regions: 8->8
[2026-04-03T02:16:09.654+0600][20.916s][info][gc,metaspace   ] GC(45) Metaspace: 121711K(122880K)->121711K(122880K) NonClass: 106053K(106688K)->106053K(106688K) Class: 15658K(16192K)->15658K(16192K)
[2026-04-03T02:16:09.654+0600][20.916s][info][gc             ] GC(45) Pause Young (Concurrent Start) (G1 Humongous Allocation) 82M->78M(274M) 4.047ms
[2026-04-03T02:16:09.654+0600][20.916s][info][gc             ] GC(46) Concurrent Mark Cycle
[2026-04-03T02:16:09.654+0600][20.916s][info][gc,marking     ] GC(46) Concurrent Scan Root Regions
[2026-04-03T02:16:09.654+0600][20.916s][info][gc,cpu         ] GC(45) User=0.01s Sys=0.00s Real=0.01s
[2026-04-03T02:16:09.656+0600][20.918s][info][gc,marking     ] GC(46) Concurrent Scan Root Regions 2.225ms
[2026-04-03T02:16:09.656+0600][20.918s][info][gc,marking     ] GC(46) Concurrent Mark
[2026-04-03T02:16:09.656+0600][20.918s][info][gc,marking     ] GC(46) Concurrent Mark From Roots
[2026-04-03T02:16:09.656+0600][20.918s][info][gc,task        ] GC(46) Using 3 workers of 3 for marking
[2026-04-03T02:16:09.723+0600][20.985s][info][gc,marking     ] GC(46) Concurrent Mark From Roots 66.808ms
[2026-04-03T02:16:09.723+0600][20.985s][info][gc,marking     ] GC(46) Concurrent Preclean
[2026-04-03T02:16:09.724+0600][20.985s][info][gc,marking     ] GC(46) Concurrent Preclean 0.509ms
[2026-04-03T02:16:09.724+0600][20.986s][info][gc,start       ] GC(46) Pause Remark
[2026-04-03T02:16:09.733+0600][20.995s][info][gc             ] GC(46) Pause Remark 88M->88M(274M) 9.231ms
[2026-04-03T02:16:09.733+0600][20.995s][info][gc,cpu         ] GC(46) User=0.04s Sys=0.00s Real=0.01s
[2026-04-03T02:16:09.734+0600][20.995s][info][gc,marking     ] GC(46) Concurrent Mark 77.381ms
[2026-04-03T02:16:09.734+0600][20.995s][info][gc,marking     ] GC(46) Concurrent Rebuild Remembered Sets and Scrub Regions
[2026-04-03T02:16:09.760+0600][21.022s][info][gc,marking     ] GC(46) Concurrent Rebuild Remembered Sets and Scrub Regions 26.652ms
[2026-04-03T02:16:09.761+0600][21.023s][info][gc,start       ] GC(46) Pause Cleanup
[2026-04-03T02:16:09.761+0600][21.023s][info][gc             ] GC(46) Pause Cleanup 88M->88M(274M) 0.530ms
[2026-04-03T02:16:09.761+0600][21.023s][info][gc,cpu         ] GC(46) User=0.00s Sys=0.01s Real=0.00s
[2026-04-03T02:16:09.761+0600][21.023s][info][gc,marking     ] GC(46) Concurrent Clear Claimed Marks
[2026-04-03T02:16:09.762+0600][21.024s][info][gc,marking     ] GC(46) Concurrent Clear Claimed Marks 0.428ms
[2026-04-03T02:16:09.762+0600][21.024s][info][gc,marking     ] GC(46) Concurrent Cleanup for Next Mark
[2026-04-03T02:16:09.762+0600][21.024s][info][gc,marking     ] GC(46) Concurrent Cleanup for Next Mark 0.511ms
[2026-04-03T02:16:09.763+0600][21.024s][info][gc             ] GC(46) Concurrent Mark Cycle 108.772ms
[2026-04-03T02:16:10.359+0600][21.620s][info][gc,start       ] GC(47) Pause Young (Prepare Mixed) (G1 Evacuation Pause)
[2026-04-03T02:16:10.359+0600][21.621s][info][gc,task        ] GC(47) Using 9 workers of 10 for evacuation
[2026-04-03T02:16:10.363+0600][21.625s][info][gc,phases      ] GC(47)   Pre Evacuate Collection Set: 0.25ms
[2026-04-03T02:16:10.363+0600][21.625s][info][gc,phases      ] GC(47)   Merge Heap Roots: 0.14ms
[2026-04-03T02:16:10.363+0600][21.625s][info][gc,phases      ] GC(47)   Evacuate Collection Set: 3.09ms
[2026-04-03T02:16:10.363+0600][21.625s][info][gc,phases      ] GC(47)   Post Evacuate Collection Set: 0.77ms
[2026-04-03T02:16:10.363+0600][21.625s][info][gc,phases      ] GC(47)   Other: 0.13ms
[2026-04-03T02:16:10.363+0600][21.625s][info][gc,heap        ] GC(47) Eden regions: 64->0(241)
[2026-04-03T02:16:10.363+0600][21.625s][info][gc,heap        ] GC(47) Survivor regions: 1->6(19)
[2026-04-03T02:16:10.363+0600][21.625s][info][gc,heap        ] GC(47) Old regions: 74->74
[2026-04-03T02:16:10.363+0600][21.625s][info][gc,heap        ] GC(47) Humongous regions: 270->23
[2026-04-03T02:16:10.363+0600][21.625s][info][gc,metaspace   ] GC(47) Metaspace: 122774K(123968K)->122774K(123968K) NonClass: 106950K(107584K)->106950K(107584K) Class: 15824K(16384K)->15824K(16384K)
[2026-04-03T02:16:10.363+0600][21.625s][info][gc             ] GC(47) Pause Young (Prepare Mixed) (G1 Evacuation Pause) 404M->97M(415M) 4.719ms
[2026-04-03T02:16:10.363+0600][21.625s][info][gc,cpu         ] GC(47) User=0.03s Sys=0.01s Real=0.01s
[2026-04-03T02:16:10.952+0600][22.214s][info][gc,start       ] GC(48) Pause Young (Mixed) (G1 Evacuation Pause)
[2026-04-03T02:16:10.952+0600][22.214s][info][gc,task        ] GC(48) Using 10 workers of 10 for evacuation
[2026-04-03T02:16:10.957+0600][22.219s][info][gc,phases      ] GC(48)   Pre Evacuate Collection Set: 0.46ms
[2026-04-03T02:16:10.957+0600][22.219s][info][gc,phases      ] GC(48)   Merge Heap Roots: 0.18ms
[2026-04-03T02:16:10.957+0600][22.219s][info][gc,phases      ] GC(48)   Evacuate Collection Set: 3.22ms
[2026-04-03T02:16:10.957+0600][22.219s][info][gc,phases      ] GC(48)   Post Evacuate Collection Set: 0.90ms
[2026-04-03T02:16:10.957+0600][22.219s][info][gc,phases      ] GC(48)   Other: 0.12ms
[2026-04-03T02:16:10.957+0600][22.219s][info][gc,heap        ] GC(48) Eden regions: 63->0(307)
[2026-04-03T02:16:10.957+0600][22.219s][info][gc,heap        ] GC(48) Survivor regions: 6->6(31)
[2026-04-03T02:16:10.957+0600][22.219s][info][gc,heap        ] GC(48) Old regions: 74->74
[2026-04-03T02:16:10.957+0600][22.219s][info][gc,heap        ] GC(48) Humongous regions: 372->23
[2026-04-03T02:16:10.957+0600][22.219s][info][gc,metaspace   ] GC(48) Metaspace: 122986K(124160K)->122986K(124160K) NonClass: 107128K(107776K)->107128K(107776K) Class: 15857K(16384K)->15857K(16384K)
[2026-04-03T02:16:10.957+0600][22.219s][info][gc             ] GC(48) Pause Young (Mixed) (G1 Evacuation Pause) 509M->98M(522M) 5.294ms
[2026-04-03T02:16:10.957+0600][22.219s][info][gc,cpu         ] GC(48) User=0.02s Sys=0.01s Real=0.00s
[2026-04-03T02:16:10.958+0600][22.220s][info][gc,start       ] GC(49) Pause Young (Concurrent Start) (G1 Humongous Allocation)
[2026-04-03T02:16:10.958+0600][22.220s][info][gc,task        ] GC(49) Using 10 workers of 10 for evacuation
[2026-04-03T02:16:10.961+0600][22.223s][info][gc,phases      ] GC(49)   Pre Evacuate Collection Set: 0.31ms
[2026-04-03T02:16:10.961+0600][22.223s][info][gc,phases      ] GC(49)   Merge Heap Roots: 0.09ms
[2026-04-03T02:16:10.961+0600][22.223s][info][gc,phases      ] GC(49)   Evacuate Collection Set: 2.22ms
[2026-04-03T02:16:10.961+0600][22.223s][info][gc,phases      ] GC(49)   Post Evacuate Collection Set: 0.57ms
[2026-04-03T02:16:10.961+0600][22.223s][info][gc,phases      ] GC(49)   Other: 0.16ms
[2026-04-03T02:16:10.961+0600][22.223s][info][gc,heap        ] GC(49) Eden regions: 3->0(307)
[2026-04-03T02:16:10.961+0600][22.223s][info][gc,heap        ] GC(49) Survivor regions: 6->6(40)
[2026-04-03T02:16:10.961+0600][22.223s][info][gc,heap        ] GC(49) Old regions: 74->74
[2026-04-03T02:16:10.961+0600][22.223s][info][gc,heap        ] GC(49) Humongous regions: 23->23
[2026-04-03T02:16:10.961+0600][22.223s][info][gc,metaspace   ] GC(49) Metaspace: 122986K(124160K)->122986K(124160K) NonClass: 107128K(107776K)->107128K(107776K) Class: 15857K(16384K)->15857K(16384K)
[2026-04-03T02:16:10.961+0600][22.223s][info][gc             ] GC(49) Pause Young (Concurrent Start) (G1 Humongous Allocation) 100M->98M(522M) 3.642ms
[2026-04-03T02:16:10.962+0600][22.223s][info][gc             ] GC(50) Concurrent Mark Cycle
[2026-04-03T02:16:10.962+0600][22.223s][info][gc,marking     ] GC(50) Concurrent Scan Root Regions
[2026-04-03T02:16:10.962+0600][22.223s][info][gc,cpu         ] GC(49) User=0.02s Sys=0.00s Real=0.01s
[2026-04-03T02:16:10.965+0600][22.227s][info][gc,marking     ] GC(50) Concurrent Scan Root Regions 3.273ms
[2026-04-03T02:16:10.965+0600][22.227s][info][gc,marking     ] GC(50) Concurrent Mark
[2026-04-03T02:16:10.965+0600][22.227s][info][gc,marking     ] GC(50) Concurrent Mark From Roots
[2026-04-03T02:16:10.965+0600][22.227s][info][gc,task        ] GC(50) Using 3 workers of 3 for marking
[2026-04-03T02:16:11.047+0600][22.309s][info][gc,marking     ] GC(50) Concurrent Mark From Roots 81.919ms
[2026-04-03T02:16:11.047+0600][22.309s][info][gc,marking     ] GC(50) Concurrent Preclean
[2026-04-03T02:16:11.047+0600][22.309s][info][gc,marking     ] GC(50) Concurrent Preclean 0.249ms
[2026-04-03T02:16:11.048+0600][22.310s][info][gc,start       ] GC(50) Pause Remark
[2026-04-03T02:16:11.057+0600][22.319s][info][gc             ] GC(50) Pause Remark 225M->225M(522M) 9.017ms
[2026-04-03T02:16:11.057+0600][22.319s][info][gc,cpu         ] GC(50) User=0.06s Sys=0.00s Real=0.01s
[2026-04-03T02:16:11.058+0600][22.320s][info][gc,marking     ] GC(50) Concurrent Mark 92.842ms
[2026-04-03T02:16:11.058+0600][22.320s][info][gc,marking     ] GC(50) Concurrent Rebuild Remembered Sets and Scrub Regions
[2026-04-03T02:16:11.110+0600][22.372s][info][gc,marking     ] GC(50) Concurrent Rebuild Remembered Sets and Scrub Regions 52.446ms
[2026-04-03T02:16:11.111+0600][22.373s][info][gc,start       ] GC(50) Pause Cleanup
[2026-04-03T02:16:11.111+0600][22.373s][info][gc             ] GC(50) Pause Cleanup 229M->229M(522M) 0.360ms
[2026-04-03T02:16:11.111+0600][22.373s][info][gc,cpu         ] GC(50) User=0.00s Sys=0.00s Real=0.00s
[2026-04-03T02:16:11.112+0600][22.374s][info][gc,marking     ] GC(50) Concurrent Clear Claimed Marks
[2026-04-03T02:16:11.112+0600][22.374s][info][gc,marking     ] GC(50) Concurrent Clear Claimed Marks 0.346ms
[2026-04-03T02:16:11.112+0600][22.374s][info][gc,marking     ] GC(50) Concurrent Cleanup for Next Mark
[2026-04-03T02:16:11.116+0600][22.378s][info][gc,marking     ] GC(50) Concurrent Cleanup for Next Mark 4.023ms
[2026-04-03T02:16:11.116+0600][22.378s][info][gc             ] GC(50) Concurrent Mark Cycle 154.638ms
[2026-04-03T02:16:12.817+0600][24.079s][info][gc,start       ] GC(51) Pause Young (Prepare Mixed) (G1 Evacuation Pause)
[2026-04-03T02:16:12.817+0600][24.079s][info][gc,task        ] GC(51) Using 10 workers of 10 for evacuation
[2026-04-03T02:16:12.823+0600][24.085s][info][gc,phases      ] GC(51)   Pre Evacuate Collection Set: 0.47ms
[2026-04-03T02:16:12.823+0600][24.085s][info][gc,phases      ] GC(51)   Merge Heap Roots: 0.32ms
[2026-04-03T02:16:12.823+0600][24.085s][info][gc,phases      ] GC(51)   Evacuate Collection Set: 3.61ms
[2026-04-03T02:16:12.823+0600][24.085s][info][gc,phases      ] GC(51)   Post Evacuate Collection Set: 1.00ms
[2026-04-03T02:16:12.823+0600][24.085s][info][gc,phases      ] GC(51)   Other: 0.24ms
[2026-04-03T02:16:12.823+0600][24.085s][info][gc,heap        ] GC(51) Eden regions: 216->0(311)
[2026-04-03T02:16:12.823+0600][24.085s][info][gc,heap        ] GC(51) Survivor regions: 6->5(40)
[2026-04-03T02:16:12.823+0600][24.085s][info][gc,heap        ] GC(51) Old regions: 74->74
[2026-04-03T02:16:12.823+0600][24.085s][info][gc,heap        ] GC(51) Humongous regions: 226->8
[2026-04-03T02:16:12.823+0600][24.085s][info][gc,metaspace   ] GC(51) Metaspace: 127163K(128640K)->127163K(128640K) NonClass: 110805K(111616K)->110805K(111616K) Class: 16358K(17024K)->16358K(17024K)
[2026-04-03T02:16:12.823+0600][24.085s][info][gc             ] GC(51) Pause Young (Prepare Mixed) (G1 Evacuation Pause) 517M->82M(527M) 5.954ms
[2026-04-03T02:16:12.823+0600][24.085s][info][gc,cpu         ] GC(51) User=0.04s Sys=0.00s Real=0.01s
[2026-04-03T02:16:13.734+0600][24.996s][info][gc,start       ] GC(52) Pause Young (Mixed) (G1 Evacuation Pause)
[2026-04-03T02:16:13.734+0600][24.996s][info][gc,task        ] GC(52) Using 10 workers of 10 for evacuation
[2026-04-03T02:16:13.741+0600][25.003s][info][gc,phases      ] GC(52)   Pre Evacuate Collection Set: 0.54ms
[2026-04-03T02:16:13.741+0600][25.003s][info][gc,phases      ] GC(52)   Merge Heap Roots: 0.32ms
[2026-04-03T02:16:13.741+0600][25.003s][info][gc,phases      ] GC(52)   Evacuate Collection Set: 4.91ms
[2026-04-03T02:16:13.741+0600][25.003s][info][gc,phases      ] GC(52)   Post Evacuate Collection Set: 0.87ms
[2026-04-03T02:16:13.741+0600][25.003s][info][gc,phases      ] GC(52)   Other: 0.15ms
[2026-04-03T02:16:13.741+0600][25.003s][info][gc,heap        ] GC(52) Eden regions: 282->0(322)
[2026-04-03T02:16:13.741+0600][25.003s][info][gc,heap        ] GC(52) Survivor regions: 5->7(40)
[2026-04-03T02:16:13.741+0600][25.003s][info][gc,heap        ] GC(52) Old regions: 74->73
[2026-04-03T02:16:13.741+0600][25.003s][info][gc,heap        ] GC(52) Humongous regions: 181->8
[2026-04-03T02:16:13.741+0600][25.003s][info][gc,metaspace   ] GC(52) Metaspace: 127762K(129216K)->127762K(129216K) NonClass: 111388K(112192K)->111388K(112192K) Class: 16374K(17024K)->16374K(17024K)
[2026-04-03T02:16:13.741+0600][25.003s][info][gc             ] GC(52) Pause Young (Mixed) (G1 Evacuation Pause) 537M->84M(549M) 7.142ms
[2026-04-03T02:16:13.741+0600][25.003s][info][gc,cpu         ] GC(52) User=0.04s Sys=0.02s Real=0.01s
[2026-04-03T02:16:13.773+0600][25.035s][info][gc,start       ] GC(53) Pause Young (Concurrent Start) (G1 Humongous Allocation)
[2026-04-03T02:16:13.773+0600][25.035s][info][gc,task        ] GC(53) Using 10 workers of 10 for evacuation
[2026-04-03T02:16:13.779+0600][25.041s][info][gc,phases      ] GC(53)   Pre Evacuate Collection Set: 0.49ms
[2026-04-03T02:16:13.779+0600][25.041s][info][gc,phases      ] GC(53)   Merge Heap Roots: 0.12ms
[2026-04-03T02:16:13.779+0600][25.041s][info][gc,phases      ] GC(53)   Evacuate Collection Set: 4.38ms
[2026-04-03T02:16:13.779+0600][25.041s][info][gc,phases      ] GC(53)   Post Evacuate Collection Set: 0.86ms
[2026-04-03T02:16:13.779+0600][25.041s][info][gc,phases      ] GC(53)   Other: 0.15ms
[2026-04-03T02:16:13.779+0600][25.041s][info][gc,heap        ] GC(53) Eden regions: 20->0(320)
[2026-04-03T02:16:13.779+0600][25.041s][info][gc,heap        ] GC(53) Survivor regions: 7->9(42)
[2026-04-03T02:16:13.779+0600][25.041s][info][gc,heap        ] GC(53) Old regions: 73->73
[2026-04-03T02:16:13.779+0600][25.041s][info][gc,heap        ] GC(53) Humongous regions: 8->8
[2026-04-03T02:16:13.779+0600][25.041s][info][gc,metaspace   ] GC(53) Metaspace: 127772K(129216K)->127772K(129216K) NonClass: 111396K(112192K)->111396K(112192K) Class: 16375K(17024K)->16375K(17024K)
[2026-04-03T02:16:13.779+0600][25.041s][info][gc             ] GC(53) Pause Young (Concurrent Start) (G1 Humongous Allocation) 103M->86M(549M) 6.352ms
[2026-04-03T02:16:13.779+0600][25.041s][info][gc             ] GC(54) Concurrent Mark Cycle
[2026-04-03T02:16:13.780+0600][25.041s][info][gc,cpu         ] GC(53) User=0.04s Sys=0.01s Real=0.00s
[2026-04-03T02:16:13.780+0600][25.041s][info][gc,marking     ] GC(54) Concurrent Scan Root Regions
[2026-04-03T02:16:13.783+0600][25.045s][info][gc,marking     ] GC(54) Concurrent Scan Root Regions 3.113ms
[2026-04-03T02:16:13.783+0600][25.045s][info][gc,marking     ] GC(54) Concurrent Mark
[2026-04-03T02:16:13.783+0600][25.045s][info][gc,marking     ] GC(54) Concurrent Mark From Roots
[2026-04-03T02:16:13.783+0600][25.045s][info][gc,task        ] GC(54) Using 3 workers of 3 for marking
[2026-04-03T02:16:13.862+0600][25.124s][info][gc,marking     ] GC(54) Concurrent Mark From Roots 79.017ms
[2026-04-03T02:16:13.862+0600][25.124s][info][gc,marking     ] GC(54) Concurrent Preclean
[2026-04-03T02:16:13.862+0600][25.124s][info][gc,marking     ] GC(54) Concurrent Preclean 0.219ms
[2026-04-03T02:16:13.864+0600][25.126s][info][gc,start       ] GC(54) Pause Remark
[2026-04-03T02:16:13.876+0600][25.138s][info][gc             ] GC(54) Pause Remark 127M->127M(370M) 11.745ms
[2026-04-03T02:16:13.876+0600][25.138s][info][gc,cpu         ] GC(54) User=0.07s Sys=0.01s Real=0.01s
[2026-04-03T02:16:13.876+0600][25.138s][info][gc,marking     ] GC(54) Concurrent Mark 93.712ms
[2026-04-03T02:16:13.876+0600][25.138s][info][gc,marking     ] GC(54) Concurrent Rebuild Remembered Sets and Scrub Regions
[2026-04-03T02:16:13.917+0600][25.179s][info][gc,marking     ] GC(54) Concurrent Rebuild Remembered Sets and Scrub Regions 40.137ms
[2026-04-03T02:16:13.917+0600][25.179s][info][gc,start       ] GC(54) Pause Cleanup
[2026-04-03T02:16:13.918+0600][25.180s][info][gc             ] GC(54) Pause Cleanup 161M->161M(370M) 0.372ms
[2026-04-03T02:16:13.918+0600][25.180s][info][gc,cpu         ] GC(54) User=0.00s Sys=0.00s Real=0.00s
[2026-04-03T02:16:13.918+0600][25.180s][info][gc,marking     ] GC(54) Concurrent Clear Claimed Marks
[2026-04-03T02:16:13.918+0600][25.180s][info][gc,marking     ] GC(54) Concurrent Clear Claimed Marks 0.443ms
[2026-04-03T02:16:13.919+0600][25.180s][info][gc,marking     ] GC(54) Concurrent Cleanup for Next Mark
[2026-04-03T02:16:13.919+0600][25.181s][info][gc,marking     ] GC(54) Concurrent Cleanup for Next Mark 0.859ms
[2026-04-03T02:16:13.919+0600][25.181s][info][gc             ] GC(54) Concurrent Mark Cycle 140.033ms
[2026-04-03T02:16:14.202+0600][25.464s][info][gc,start       ] GC(55) Pause Young (Prepare Mixed) (G1 Evacuation Pause)
[2026-04-03T02:16:14.202+0600][25.464s][info][gc,task        ] GC(55) Using 9 workers of 10 for evacuation
[2026-04-03T02:16:14.210+0600][25.472s][info][gc,phases      ] GC(55)   Pre Evacuate Collection Set: 0.48ms
[2026-04-03T02:16:14.210+0600][25.472s][info][gc,phases      ] GC(55)   Merge Heap Roots: 0.22ms
[2026-04-03T02:16:14.210+0600][25.472s][info][gc,phases      ] GC(55)   Evacuate Collection Set: 5.94ms
[2026-04-03T02:16:14.210+0600][25.472s][info][gc,phases      ] GC(55)   Post Evacuate Collection Set: 0.82ms
[2026-04-03T02:16:14.210+0600][25.472s][info][gc,phases      ] GC(55)   Other: 0.12ms
[2026-04-03T02:16:14.210+0600][25.472s][info][gc,heap        ] GC(55) Eden regions: 159->0(221)
[2026-04-03T02:16:14.210+0600][25.472s][info][gc,heap        ] GC(55) Survivor regions: 9->9(28)
[2026-04-03T02:16:14.210+0600][25.472s][info][gc,heap        ] GC(55) Old regions: 73->73
[2026-04-03T02:16:14.210+0600][25.472s][info][gc,heap        ] GC(55) Humongous regions: 134->8
[2026-04-03T02:16:14.210+0600][25.472s][info][gc,metaspace   ] GC(55) Metaspace: 128024K(129472K)->128024K(129472K) NonClass: 111637K(112384K)->111637K(112384K) Class: 16387K(17088K)->16387K(17088K)
[2026-04-03T02:16:14.210+0600][25.472s][info][gc             ] GC(55) Pause Young (Prepare Mixed) (G1 Evacuation Pause) 371M->86M(384M) 7.935ms
[2026-04-03T02:16:14.210+0600][25.472s][info][gc,cpu         ] GC(55) User=0.04s Sys=0.02s Real=0.01s
[2026-04-03T02:16:14.566+0600][25.827s][info][gc,start       ] GC(56) Pause Young (Mixed) (G1 Evacuation Pause)
[2026-04-03T02:16:14.566+0600][25.828s][info][gc,task        ] GC(56) Using 9 workers of 10 for evacuation
[2026-04-03T02:16:14.574+0600][25.836s][info][gc,phases      ] GC(56)   Pre Evacuate Collection Set: 0.45ms
[2026-04-03T02:16:14.574+0600][25.836s][info][gc,phases      ] GC(56)   Merge Heap Roots: 0.24ms
[2026-04-03T02:16:14.574+0600][25.836s][info][gc,phases      ] GC(56)   Evacuate Collection Set: 6.49ms
[2026-04-03T02:16:14.574+0600][25.836s][info][gc,phases      ] GC(56)   Post Evacuate Collection Set: 1.04ms
[2026-04-03T02:16:14.574+0600][25.836s][info][gc,phases      ] GC(56)   Other: 0.24ms
[2026-04-03T02:16:14.574+0600][25.836s][info][gc,heap        ] GC(56) Eden regions: 173->0(230)
[2026-04-03T02:16:14.574+0600][25.836s][info][gc,heap        ] GC(56) Survivor regions: 9->9(29)
[2026-04-03T02:16:14.574+0600][25.836s][info][gc,heap        ] GC(56) Old regions: 73->73
[2026-04-03T02:16:14.574+0600][25.836s][info][gc,heap        ] GC(56) Humongous regions: 134->8
[2026-04-03T02:16:14.574+0600][25.836s][info][gc,metaspace   ] GC(56) Metaspace: 128344K(129856K)->128344K(129856K) NonClass: 111954K(112768K)->111954K(112768K) Class: 16389K(17088K)->16389K(17088K)
[2026-04-03T02:16:14.574+0600][25.836s][info][gc             ] GC(56) Pause Young (Mixed) (G1 Evacuation Pause) 385M->86M(399M) 8.793ms
[2026-04-03T02:16:14.574+0600][25.836s][info][gc,cpu         ] GC(56) User=0.05s Sys=0.01s Real=0.01s
[2026-04-03T02:16:14.598+0600][25.860s][info][gc,start       ] GC(57) Pause Young (Concurrent Start) (G1 Humongous Allocation)
[2026-04-03T02:16:14.598+0600][25.860s][info][gc,task        ] GC(57) Using 9 workers of 10 for evacuation
[2026-04-03T02:16:14.605+0600][25.867s][info][gc,phases      ] GC(57)   Pre Evacuate Collection Set: 0.48ms
[2026-04-03T02:16:14.605+0600][25.867s][info][gc,phases      ] GC(57)   Merge Heap Roots: 0.13ms
[2026-04-03T02:16:14.605+0600][25.867s][info][gc,phases      ] GC(57)   Evacuate Collection Set: 4.87ms
[2026-04-03T02:16:14.605+0600][25.867s][info][gc,phases      ] GC(57)   Post Evacuate Collection Set: 1.13ms
[2026-04-03T02:16:14.605+0600][25.867s][info][gc,phases      ] GC(57)   Other: 0.20ms
[2026-04-03T02:16:14.605+0600][25.867s][info][gc,heap        ] GC(57) Eden regions: 12->0(230)
[2026-04-03T02:16:14.605+0600][25.867s][info][gc,heap        ] GC(57) Survivor regions: 9->9(30)
[2026-04-03T02:16:14.605+0600][25.867s][info][gc,heap        ] GC(57) Old regions: 73->73
[2026-04-03T02:16:14.605+0600][25.867s][info][gc,heap        ] GC(57) Humongous regions: 8->8
[2026-04-03T02:16:14.605+0600][25.867s][info][gc,metaspace   ] GC(57) Metaspace: 128357K(129856K)->128357K(129856K) NonClass: 111968K(112768K)->111968K(112768K) Class: 16389K(17088K)->16389K(17088K)
[2026-04-03T02:16:14.605+0600][25.867s][info][gc             ] GC(57) Pause Young (Concurrent Start) (G1 Humongous Allocation) 97M->85M(399M) 7.178ms
[2026-04-03T02:16:14.605+0600][25.867s][info][gc             ] GC(58) Concurrent Mark Cycle
[2026-04-03T02:16:14.605+0600][25.867s][info][gc,marking     ] GC(58) Concurrent Scan Root Regions
[2026-04-03T02:16:14.605+0600][25.867s][info][gc,cpu         ] GC(57) User=0.06s Sys=0.00s Real=0.01s
[2026-04-03T02:16:14.611+0600][25.873s][info][gc,marking     ] GC(58) Concurrent Scan Root Regions 5.721ms
[2026-04-03T02:16:14.611+0600][25.873s][info][gc,marking     ] GC(58) Concurrent Mark
[2026-04-03T02:16:14.611+0600][25.873s][info][gc,marking     ] GC(58) Concurrent Mark From Roots
[2026-04-03T02:16:14.611+0600][25.873s][info][gc,task        ] GC(58) Using 3 workers of 3 for marking
[2026-04-03T02:16:14.676+0600][25.938s][info][gc,marking     ] GC(58) Concurrent Mark From Roots 64.586ms
[2026-04-03T02:16:14.676+0600][25.938s][info][gc,marking     ] GC(58) Concurrent Preclean
[2026-04-03T02:16:14.676+0600][25.938s][info][gc,marking     ] GC(58) Concurrent Preclean 0.141ms
[2026-04-03T02:16:14.676+0600][25.938s][info][gc,start       ] GC(58) Pause Remark
[2026-04-03T02:16:14.684+0600][25.946s][info][gc             ] GC(58) Pause Remark 115M->115M(370M) 7.999ms
[2026-04-03T02:16:14.684+0600][25.946s][info][gc,cpu         ] GC(58) User=0.05s Sys=0.00s Real=0.01s
[2026-04-03T02:16:14.685+0600][25.947s][info][gc,marking     ] GC(58) Concurrent Mark 73.534ms
[2026-04-03T02:16:14.685+0600][25.947s][info][gc,marking     ] GC(58) Concurrent Rebuild Remembered Sets and Scrub Regions
[2026-04-03T02:16:14.715+0600][25.977s][info][gc,marking     ] GC(58) Concurrent Rebuild Remembered Sets and Scrub Regions 30.504ms
[2026-04-03T02:16:14.716+0600][25.978s][info][gc,start       ] GC(58) Pause Cleanup
[2026-04-03T02:16:14.716+0600][25.978s][info][gc             ] GC(58) Pause Cleanup 125M->125M(370M) 0.265ms
[2026-04-03T02:16:14.716+0600][25.978s][info][gc,cpu         ] GC(58) User=0.00s Sys=0.00s Real=0.00s
[2026-04-03T02:16:14.716+0600][25.978s][info][gc,marking     ] GC(58) Concurrent Clear Claimed Marks
[2026-04-03T02:16:14.717+0600][25.979s][info][gc,marking     ] GC(58) Concurrent Clear Claimed Marks 0.335ms
[2026-04-03T02:16:14.717+0600][25.979s][info][gc,marking     ] GC(58) Concurrent Cleanup for Next Mark
[2026-04-03T02:16:14.718+0600][25.980s][info][gc,marking     ] GC(58) Concurrent Cleanup for Next Mark 0.969ms
[2026-04-03T02:16:14.718+0600][25.980s][info][gc             ] GC(58) Concurrent Mark Cycle 112.488ms
[2026-04-03T02:16:15.235+0600][26.497s][info][gc,start       ] GC(59) Pause Young (Prepare Mixed) (G1 Evacuation Pause)
[2026-04-03T02:16:15.235+0600][26.497s][info][gc,task        ] GC(59) Using 9 workers of 10 for evacuation
[2026-04-03T02:16:15.241+0600][26.503s][info][gc,phases      ] GC(59)   Pre Evacuate Collection Set: 0.50ms
[2026-04-03T02:16:15.242+0600][26.503s][info][gc,phases      ] GC(59)   Merge Heap Roots: 0.24ms
[2026-04-03T02:16:15.242+0600][26.503s][info][gc,phases      ] GC(59)   Evacuate Collection Set: 4.82ms
[2026-04-03T02:16:15.242+0600][26.503s][info][gc,phases      ] GC(59)   Post Evacuate Collection Set: 0.99ms
[2026-04-03T02:16:15.242+0600][26.503s][info][gc,phases      ] GC(59)   Other: 0.11ms
[2026-04-03T02:16:15.242+0600][26.504s][info][gc,heap        ] GC(59) Eden regions: 212->0(221)
[2026-04-03T02:16:15.242+0600][26.504s][info][gc,heap        ] GC(59) Survivor regions: 9->8(28)
[2026-04-03T02:16:15.242+0600][26.504s][info][gc,heap        ] GC(59) Old regions: 73->73
[2026-04-03T02:16:15.242+0600][26.504s][info][gc,heap        ] GC(59) Humongous regions: 81->8
[2026-04-03T02:16:15.242+0600][26.504s][info][gc,metaspace   ] GC(59) Metaspace: 128651K(130112K)->128651K(130112K) NonClass: 112225K(113024K)->112225K(113024K) Class: 16425K(17088K)->16425K(17088K)
[2026-04-03T02:16:15.242+0600][26.504s][info][gc             ] GC(59) Pause Young (Prepare Mixed) (G1 Evacuation Pause) 370M->85M(383M) 7.042ms
[2026-04-03T02:16:15.242+0600][26.504s][info][gc,cpu         ] GC(59) User=0.04s Sys=0.01s Real=0.01s
[2026-04-03T02:16:15.553+0600][26.815s][info][gc,start       ] GC(60) Pause Young (Mixed) (G1 Evacuation Pause)
[2026-04-03T02:16:15.553+0600][26.815s][info][gc,task        ] GC(60) Using 9 workers of 10 for evacuation
[2026-04-03T02:16:15.560+0600][26.822s][info][gc,phases      ] GC(60)   Pre Evacuate Collection Set: 0.44ms
[2026-04-03T02:16:15.560+0600][26.822s][info][gc,phases      ] GC(60)   Merge Heap Roots: 0.19ms
[2026-04-03T02:16:15.560+0600][26.822s][info][gc,phases      ] GC(60)   Evacuate Collection Set: 5.62ms
[2026-04-03T02:16:15.560+0600][26.822s][info][gc,phases      ] GC(60)   Post Evacuate Collection Set: 0.74ms
[2026-04-03T02:16:15.560+0600][26.822s][info][gc,phases      ] GC(60)   Other: 0.12ms
[2026-04-03T02:16:15.560+0600][26.822s][info][gc,heap        ] GC(60) Eden regions: 168->0(226)
[2026-04-03T02:16:15.560+0600][26.822s][info][gc,heap        ] GC(60) Survivor regions: 8->9(29)
[2026-04-03T02:16:15.560+0600][26.822s][info][gc,heap        ] GC(60) Old regions: 73->73
[2026-04-03T02:16:15.560+0600][26.822s][info][gc,heap        ] GC(60) Humongous regions: 134->8
[2026-04-03T02:16:15.560+0600][26.822s][info][gc,metaspace   ] GC(60) Metaspace: 128833K(130304K)->128833K(130304K) NonClass: 112406K(113216K)->112406K(113216K) Class: 16427K(17088K)->16427K(17088K)
[2026-04-03T02:16:15.560+0600][26.822s][info][gc             ] GC(60) Pause Young (Mixed) (G1 Evacuation Pause) 379M->86M(393M) 7.474ms
[2026-04-03T02:16:15.560+0600][26.822s][info][gc,cpu         ] GC(60) User=0.04s Sys=0.02s Real=0.01s
[2026-04-03T02:16:15.571+0600][26.833s][info][gc,start       ] GC(61) Pause Young (Concurrent Start) (GCLocker Initiated GC)
[2026-04-03T02:16:15.571+0600][26.833s][info][gc,task        ] GC(61) Using 9 workers of 10 for evacuation
[2026-04-03T02:16:15.576+0600][26.838s][info][gc,phases      ] GC(61)   Pre Evacuate Collection Set: 0.47ms
[2026-04-03T02:16:15.576+0600][26.838s][info][gc,phases      ] GC(61)   Merge Heap Roots: 0.12ms
[2026-04-03T02:16:15.577+0600][26.838s][info][gc,phases      ] GC(61)   Evacuate Collection Set: 3.89ms
[2026-04-03T02:16:15.577+0600][26.838s][info][gc,phases      ] GC(61)   Post Evacuate Collection Set: 0.84ms
[2026-04-03T02:16:15.577+0600][26.838s][info][gc,phases      ] GC(61)   Other: 0.29ms
[2026-04-03T02:16:15.577+0600][26.838s][info][gc,heap        ] GC(61) Eden regions: 10->0(226)
[2026-04-03T02:16:15.577+0600][26.838s][info][gc,heap        ] GC(61) Survivor regions: 9->9(30)
[2026-04-03T02:16:15.577+0600][26.838s][info][gc,heap        ] GC(61) Old regions: 73->73
[2026-04-03T02:16:15.577+0600][26.838s][info][gc,heap        ] GC(61) Humongous regions: 8->8
[2026-04-03T02:16:15.577+0600][26.838s][info][gc,metaspace   ] GC(61) Metaspace: 128838K(130304K)->128838K(130304K) NonClass: 112410K(113216K)->112410K(113216K) Class: 16427K(17088K)->16427K(17088K)
[2026-04-03T02:16:15.577+0600][26.839s][info][gc             ] GC(61) Pause Young (Concurrent Start) (GCLocker Initiated GC) 96M->86M(393M) 5.988ms
[2026-04-03T02:16:15.577+0600][26.839s][info][gc             ] GC(62) Concurrent Mark Cycle
[2026-04-03T02:16:15.577+0600][26.839s][info][gc,cpu         ] GC(61) User=0.04s Sys=0.00s Real=0.00s
[2026-04-03T02:16:15.577+0600][26.839s][info][gc,marking     ] GC(62) Concurrent Scan Root Regions
[2026-04-03T02:16:15.581+0600][26.843s][info][gc,marking     ] GC(62) Concurrent Scan Root Regions 4.169ms
[2026-04-03T02:16:15.581+0600][26.843s][info][gc,marking     ] GC(62) Concurrent Mark
[2026-04-03T02:16:15.581+0600][26.843s][info][gc,marking     ] GC(62) Concurrent Mark From Roots
[2026-04-03T02:16:15.581+0600][26.843s][info][gc,task        ] GC(62) Using 3 workers of 3 for marking
[2026-04-03T02:16:15.658+0600][26.920s][info][gc,marking     ] GC(62) Concurrent Mark From Roots 77.300ms
[2026-04-03T02:16:15.658+0600][26.920s][info][gc,marking     ] GC(62) Concurrent Preclean
[2026-04-03T02:16:15.659+0600][26.921s][info][gc,marking     ] GC(62) Concurrent Preclean 0.162ms
[2026-04-03T02:16:15.659+0600][26.921s][info][gc,start       ] GC(62) Pause Remark
[2026-04-03T02:16:15.668+0600][26.929s][info][gc             ] GC(62) Pause Remark 155M->155M(393M) 8.512ms
[2026-04-03T02:16:15.668+0600][26.930s][info][gc,cpu         ] GC(62) User=0.07s Sys=0.00s Real=0.01s
[2026-04-03T02:16:15.668+0600][26.930s][info][gc,marking     ] GC(62) Concurrent Mark 86.987ms
[2026-04-03T02:16:15.668+0600][26.930s][info][gc,marking     ] GC(62) Concurrent Rebuild Remembered Sets and Scrub Regions
[2026-04-03T02:16:15.692+0600][26.954s][info][gc,marking     ] GC(62) Concurrent Rebuild Remembered Sets and Scrub Regions 23.768ms
[2026-04-03T02:16:15.692+0600][26.954s][info][gc,start       ] GC(62) Pause Cleanup
[2026-04-03T02:16:15.693+0600][26.955s][info][gc             ] GC(62) Pause Cleanup 163M->163M(393M) 0.282ms
[2026-04-03T02:16:15.693+0600][26.955s][info][gc,cpu         ] GC(62) User=0.00s Sys=0.01s Real=0.00s
[2026-04-03T02:16:15.693+0600][26.955s][info][gc,marking     ] GC(62) Concurrent Clear Claimed Marks
[2026-04-03T02:16:15.693+0600][26.955s][info][gc,marking     ] GC(62) Concurrent Clear Claimed Marks 0.414ms
[2026-04-03T02:16:15.693+0600][26.955s][info][gc,marking     ] GC(62) Concurrent Cleanup for Next Mark
[2026-04-03T02:16:15.694+0600][26.956s][info][gc,marking     ] GC(62) Concurrent Cleanup for Next Mark 0.778ms
[2026-04-03T02:16:15.694+0600][26.956s][info][gc             ] GC(62) Concurrent Mark Cycle 117.622ms
[2026-04-03T02:16:15.913+0600][27.174s][info][gc,start       ] GC(63) Pause Young (Prepare Mixed) (G1 Evacuation Pause)
[2026-04-03T02:16:15.913+0600][27.175s][info][gc,task        ] GC(63) Using 9 workers of 10 for evacuation
[2026-04-03T02:16:15.919+0600][27.181s][info][gc,phases      ] GC(63)   Pre Evacuate Collection Set: 0.39ms
[2026-04-03T02:16:15.919+0600][27.181s][info][gc,phases      ] GC(63)   Merge Heap Roots: 0.20ms
[2026-04-03T02:16:15.919+0600][27.181s][info][gc,phases      ] GC(63)   Evacuate Collection Set: 4.62ms
[2026-04-03T02:16:15.919+0600][27.181s][info][gc,phases      ] GC(63)   Post Evacuate Collection Set: 0.90ms
[2026-04-03T02:16:15.919+0600][27.181s][info][gc,phases      ] GC(63)   Other: 0.12ms
[2026-04-03T02:16:15.919+0600][27.181s][info][gc,heap        ] GC(63) Eden regions: 173->0(240)
[2026-04-03T02:16:15.919+0600][27.181s][info][gc,heap        ] GC(63) Survivor regions: 9->7(30)
[2026-04-03T02:16:15.919+0600][27.181s][info][gc,heap        ] GC(63) Old regions: 73->73
[2026-04-03T02:16:15.919+0600][27.181s][info][gc,heap        ] GC(63) Humongous regions: 150->8
[2026-04-03T02:16:15.919+0600][27.181s][info][gc,metaspace   ] GC(63) Metaspace: 129001K(130432K)->129001K(130432K) NonClass: 112571K(113344K)->112571K(113344K) Class: 16429K(17088K)->16429K(17088K)
[2026-04-03T02:16:15.919+0600][27.181s][info][gc             ] GC(63) Pause Young (Prepare Mixed) (G1 Evacuation Pause) 401M->84M(412M) 6.642ms
[2026-04-03T02:16:15.919+0600][27.181s][info][gc,cpu         ] GC(63) User=0.04s Sys=0.00s Real=0.00s
[2026-04-03T02:16:16.263+0600][27.525s][info][gc,start       ] GC(64) Pause Young (Mixed) (G1 Evacuation Pause)
[2026-04-03T02:16:16.264+0600][27.525s][info][gc,task        ] GC(64) Using 9 workers of 10 for evacuation
[2026-04-03T02:16:16.271+0600][27.533s][info][gc,phases      ] GC(64)   Pre Evacuate Collection Set: 0.50ms
[2026-04-03T02:16:16.271+0600][27.533s][info][gc,phases      ] GC(64)   Merge Heap Roots: 0.18ms
[2026-04-03T02:16:16.271+0600][27.533s][info][gc,phases      ] GC(64)   Evacuate Collection Set: 5.67ms
[2026-04-03T02:16:16.271+0600][27.533s][info][gc,phases      ] GC(64)   Post Evacuate Collection Set: 1.09ms
[2026-04-03T02:16:16.271+0600][27.533s][info][gc,phases      ] GC(64)   Other: 0.24ms
[2026-04-03T02:16:16.271+0600][27.533s][info][gc,heap        ] GC(64) Eden regions: 193->0(243)
[2026-04-03T02:16:16.271+0600][27.533s][info][gc,heap        ] GC(64) Survivor regions: 7->9(31)
[2026-04-03T02:16:16.271+0600][27.533s][info][gc,heap        ] GC(64) Old regions: 73->72
[2026-04-03T02:16:16.271+0600][27.533s][info][gc,heap        ] GC(64) Humongous regions: 139->8
[2026-04-03T02:16:16.271+0600][27.533s][info][gc,metaspace   ] GC(64) Metaspace: 129188K(130688K)->129188K(130688K) NonClass: 112741K(113536K)->112741K(113536K) Class: 16446K(17152K)->16446K(17152K)
[2026-04-03T02:16:16.272+0600][27.533s][info][gc             ] GC(64) Pause Young (Mixed) (G1 Evacuation Pause) 408M->86M(421M) 8.110ms
[2026-04-03T02:16:16.272+0600][27.534s][info][gc,cpu         ] GC(64) User=0.04s Sys=0.02s Real=0.01s
[2026-04-03T02:16:16.305+0600][27.567s][info][gc,start       ] GC(65) Pause Young (Concurrent Start) (G1 Humongous Allocation)
[2026-04-03T02:16:16.305+0600][27.567s][info][gc,task        ] GC(65) Using 10 workers of 10 for evacuation
[2026-04-03T02:16:16.311+0600][27.573s][info][gc,phases      ] GC(65)   Pre Evacuate Collection Set: 0.32ms
[2026-04-03T02:16:16.311+0600][27.573s][info][gc,phases      ] GC(65)   Merge Heap Roots: 0.12ms
[2026-04-03T02:16:16.311+0600][27.573s][info][gc,phases      ] GC(65)   Evacuate Collection Set: 3.98ms
[2026-04-03T02:16:16.311+0600][27.573s][info][gc,phases      ] GC(65)   Post Evacuate Collection Set: 0.85ms
[2026-04-03T02:16:16.311+0600][27.573s][info][gc,phases      ] GC(65)   Other: 0.13ms
[2026-04-03T02:16:16.311+0600][27.573s][info][gc,heap        ] GC(65) Eden regions: 35->0(243)
[2026-04-03T02:16:16.311+0600][27.573s][info][gc,heap        ] GC(65) Survivor regions: 9->9(32)
[2026-04-03T02:16:16.311+0600][27.573s][info][gc,heap        ] GC(65) Old regions: 72->72
[2026-04-03T02:16:16.311+0600][27.573s][info][gc,heap        ] GC(65) Humongous regions: 8->8
[2026-04-03T02:16:16.311+0600][27.573s][info][gc,metaspace   ] GC(65) Metaspace: 129189K(130688K)->129189K(130688K) NonClass: 112742K(113536K)->112742K(113536K) Class: 16446K(17152K)->16446K(17152K)
[2026-04-03T02:16:16.311+0600][27.573s][info][gc             ] GC(65) Pause Young (Concurrent Start) (G1 Humongous Allocation) 121M->86M(421M) 5.735ms
[2026-04-03T02:16:16.311+0600][27.573s][info][gc,cpu         ] GC(65) User=0.04s Sys=0.00s Real=0.01s
[2026-04-03T02:16:16.311+0600][27.573s][info][gc             ] GC(66) Concurrent Mark Cycle
[2026-04-03T02:16:16.311+0600][27.573s][info][gc,marking     ] GC(66) Concurrent Scan Root Regions
[2026-04-03T02:16:16.315+0600][27.577s][info][gc,marking     ] GC(66) Concurrent Scan Root Regions 3.693ms
[2026-04-03T02:16:16.315+0600][27.577s][info][gc,marking     ] GC(66) Concurrent Mark
[2026-04-03T02:16:16.315+0600][27.577s][info][gc,marking     ] GC(66) Concurrent Mark From Roots
[2026-04-03T02:16:16.315+0600][27.577s][info][gc,task        ] GC(66) Using 3 workers of 3 for marking
[2026-04-03T02:16:16.380+0600][27.642s][info][gc,marking     ] GC(66) Concurrent Mark From Roots 65.291ms
[2026-04-03T02:16:16.380+0600][27.642s][info][gc,marking     ] GC(66) Concurrent Preclean
[2026-04-03T02:16:16.381+0600][27.642s][info][gc,marking     ] GC(66) Concurrent Preclean 0.382ms
[2026-04-03T02:16:16.381+0600][27.643s][info][gc,start       ] GC(66) Pause Remark
[2026-04-03T02:16:16.388+0600][27.650s][info][gc             ] GC(66) Pause Remark 124M->124M(374M) 7.387ms
[2026-04-03T02:16:16.389+0600][27.650s][info][gc,cpu         ] GC(66) User=0.05s Sys=0.00s Real=0.00s
[2026-04-03T02:16:16.389+0600][27.651s][info][gc,marking     ] GC(66) Concurrent Mark 73.949ms
[2026-04-03T02:16:16.389+0600][27.651s][info][gc,marking     ] GC(66) Concurrent Rebuild Remembered Sets and Scrub Regions
[2026-04-03T02:16:16.415+0600][27.677s][info][gc,marking     ] GC(66) Concurrent Rebuild Remembered Sets and Scrub Regions 26.122ms
[2026-04-03T02:16:16.415+0600][27.677s][info][gc,start       ] GC(66) Pause Cleanup
[2026-04-03T02:16:16.439+0600][27.701s][info][gc             ] GC(66) Pause Cleanup 128M->128M(374M) 23.387ms
[2026-04-03T02:16:16.439+0600][27.701s][info][gc,cpu         ] GC(66) User=0.00s Sys=0.00s Real=0.02s
[2026-04-03T02:16:16.439+0600][27.701s][info][gc,marking     ] GC(66) Concurrent Clear Claimed Marks
[2026-04-03T02:16:16.439+0600][27.701s][info][gc,marking     ] GC(66) Concurrent Clear Claimed Marks 0.276ms
[2026-04-03T02:16:16.439+0600][27.701s][info][gc,marking     ] GC(66) Concurrent Cleanup for Next Mark
[2026-04-03T02:16:16.440+0600][27.702s][info][gc,marking     ] GC(66) Concurrent Cleanup for Next Mark 0.599ms
[2026-04-03T02:16:16.440+0600][27.702s][info][gc             ] GC(66) Concurrent Mark Cycle 129.020ms
[2026-04-03T02:16:16.875+0600][28.137s][info][gc,start       ] GC(67) Pause Young (Prepare Mixed) (G1 Evacuation Pause)
[2026-04-03T02:16:16.875+0600][28.137s][info][gc,task        ] GC(67) Using 9 workers of 10 for evacuation
[2026-04-03T02:16:16.885+0600][28.147s][info][gc,phases      ] GC(67)   Pre Evacuate Collection Set: 0.38ms
[2026-04-03T02:16:16.885+0600][28.147s][info][gc,phases      ] GC(67)   Merge Heap Roots: 0.35ms
[2026-04-03T02:16:16.885+0600][28.147s][info][gc,phases      ] GC(67)   Evacuate Collection Set: 8.46ms
[2026-04-03T02:16:16.885+0600][28.147s][info][gc,phases      ] GC(67)   Post Evacuate Collection Set: 0.95ms
[2026-04-03T02:16:16.885+0600][28.147s][info][gc,phases      ] GC(67)   Other: 0.23ms
[2026-04-03T02:16:16.885+0600][28.147s][info][gc,heap        ] GC(67) Eden regions: 198->0(220)
[2026-04-03T02:16:16.885+0600][28.147s][info][gc,heap        ] GC(67) Survivor regions: 9->13(28)
[2026-04-03T02:16:16.885+0600][28.147s][info][gc,heap        ] GC(67) Old regions: 72->74
[2026-04-03T02:16:16.885+0600][28.147s][info][gc,heap        ] GC(67) Humongous regions: 95->8
[2026-04-03T02:16:16.885+0600][28.147s][info][gc,metaspace   ] GC(67) Metaspace: 129659K(131200K)->129659K(131200K) NonClass: 113143K(113984K)->113143K(113984K) Class: 16515K(17216K)->16515K(17216K)
[2026-04-03T02:16:16.885+0600][28.147s][info][gc             ] GC(67) Pause Young (Prepare Mixed) (G1 Evacuation Pause) 371M->91M(389M) 10.817ms
[2026-04-03T02:16:16.886+0600][28.147s][info][gc,cpu         ] GC(67) User=0.08s Sys=0.02s Real=0.01s
[2026-04-03T02:16:17.231+0600][28.493s][info][gc,start       ] GC(68) Pause Young (Mixed) (G1 Evacuation Pause)
[2026-04-03T02:16:17.232+0600][28.493s][info][gc,task        ] GC(68) Using 10 workers of 10 for evacuation
[2026-04-03T02:16:17.239+0600][28.501s][info][gc,phases      ] GC(68)   Pre Evacuate Collection Set: 0.27ms
[2026-04-03T02:16:17.239+0600][28.501s][info][gc,phases      ] GC(68)   Merge Heap Roots: 0.18ms
[2026-04-03T02:16:17.239+0600][28.501s][info][gc,phases      ] GC(68)   Evacuate Collection Set: 5.84ms
[2026-04-03T02:16:17.239+0600][28.501s][info][gc,phases      ] GC(68)   Post Evacuate Collection Set: 0.87ms
[2026-04-03T02:16:17.239+0600][28.501s][info][gc,phases      ] GC(68)   Other: 0.10ms
[2026-04-03T02:16:17.239+0600][28.501s][info][gc,heap        ] GC(68) Eden regions: 164->0(284)
[2026-04-03T02:16:17.239+0600][28.501s][info][gc,heap        ] GC(68) Survivor regions: 13->10(35)
[2026-04-03T02:16:17.239+0600][28.501s][info][gc,heap        ] GC(68) Old regions: 74->74
[2026-04-03T02:16:17.239+0600][28.501s][info][gc,heap        ] GC(68) Humongous regions: 228->23
[2026-04-03T02:16:17.239+0600][28.501s][info][gc,metaspace   ] GC(68) Metaspace: 129855K(131392K)->129855K(131392K) NonClass: 113304K(114112K)->113304K(114112K) Class: 16551K(17280K)->16551K(17280K)
[2026-04-03T02:16:17.239+0600][28.501s][info][gc             ] GC(68) Pause Young (Mixed) (G1 Evacuation Pause) 475M->104M(490M) 7.558ms
[2026-04-03T02:16:17.239+0600][28.501s][info][gc,cpu         ] GC(68) User=0.04s Sys=0.02s Real=0.00s
[2026-04-03T02:16:17.241+0600][28.502s][info][gc,start       ] GC(69) Pause Young (Concurrent Start) (G1 Humongous Allocation)
[2026-04-03T02:16:17.241+0600][28.502s][info][gc,task        ] GC(69) Using 10 workers of 10 for evacuation
[2026-04-03T02:16:17.246+0600][28.507s][info][gc,phases      ] GC(69)   Pre Evacuate Collection Set: 0.36ms
[2026-04-03T02:16:17.246+0600][28.508s][info][gc,phases      ] GC(69)   Merge Heap Roots: 0.09ms
[2026-04-03T02:16:17.246+0600][28.508s][info][gc,phases      ] GC(69)   Evacuate Collection Set: 3.70ms
[2026-04-03T02:16:17.246+0600][28.508s][info][gc,phases      ] GC(69)   Post Evacuate Collection Set: 0.73ms
[2026-04-03T02:16:17.246+0600][28.508s][info][gc,phases      ] GC(69)   Other: 0.11ms
[2026-04-03T02:16:17.246+0600][28.508s][info][gc,heap        ] GC(69) Eden regions: 3->0(284)
[2026-04-03T02:16:17.246+0600][28.508s][info][gc,heap        ] GC(69) Survivor regions: 10->10(37)
[2026-04-03T02:16:17.246+0600][28.508s][info][gc,heap        ] GC(69) Old regions: 74->74
[2026-04-03T02:16:17.246+0600][28.508s][info][gc,heap        ] GC(69) Humongous regions: 28->8
[2026-04-03T02:16:17.246+0600][28.508s][info][gc,metaspace   ] GC(69) Metaspace: 129855K(131392K)->129855K(131392K) NonClass: 113304K(114112K)->113304K(114112K) Class: 16551K(17280K)->16551K(17280K)
[2026-04-03T02:16:17.246+0600][28.508s][info][gc             ] GC(69) Pause Young (Concurrent Start) (G1 Humongous Allocation) 111M->89M(490M) 5.296ms
[2026-04-03T02:16:17.246+0600][28.508s][info][gc             ] GC(70) Concurrent Mark Cycle
[2026-04-03T02:16:17.246+0600][28.508s][info][gc,marking     ] GC(70) Concurrent Scan Root Regions
[2026-04-03T02:16:17.246+0600][28.508s][info][gc,cpu         ] GC(69) User=0.04s Sys=0.00s Real=0.00s
[2026-04-03T02:16:17.250+0600][28.512s][info][gc,marking     ] GC(70) Concurrent Scan Root Regions 4.405ms
[2026-04-03T02:16:17.251+0600][28.512s][info][gc,marking     ] GC(70) Concurrent Mark
[2026-04-03T02:16:17.251+0600][28.512s][info][gc,marking     ] GC(70) Concurrent Mark From Roots
[2026-04-03T02:16:17.251+0600][28.512s][info][gc,task        ] GC(70) Using 3 workers of 3 for marking
[2026-04-03T02:16:17.332+0600][28.594s][info][gc,marking     ] GC(70) Concurrent Mark From Roots 81.233ms
[2026-04-03T02:16:17.332+0600][28.594s][info][gc,marking     ] GC(70) Concurrent Preclean
[2026-04-03T02:16:17.332+0600][28.594s][info][gc,marking     ] GC(70) Concurrent Preclean 0.195ms
[2026-04-03T02:16:17.332+0600][28.594s][info][gc,start       ] GC(70) Pause Remark
[2026-04-03T02:16:17.356+0600][28.618s][info][gc             ] GC(70) Pause Remark 311M->311M(490M) 23.581ms
[2026-04-03T02:16:17.356+0600][28.618s][info][gc,cpu         ] GC(70) User=0.21s Sys=0.00s Real=0.02s
[2026-04-03T02:16:17.356+0600][28.618s][info][gc,marking     ] GC(70) Concurrent Mark 105.934ms
[2026-04-03T02:16:17.357+0600][28.618s][info][gc,marking     ] GC(70) Concurrent Rebuild Remembered Sets and Scrub Regions
[2026-04-03T02:16:17.389+0600][28.651s][info][gc,marking     ] GC(70) Concurrent Rebuild Remembered Sets and Scrub Regions 32.535ms
[2026-04-03T02:16:17.390+0600][28.652s][info][gc,start       ] GC(70) Pause Cleanup
[2026-04-03T02:16:17.390+0600][28.652s][info][gc             ] GC(70) Pause Cleanup 325M->325M(490M) 0.463ms
[2026-04-03T02:16:17.390+0600][28.652s][info][gc,cpu         ] GC(70) User=0.00s Sys=0.00s Real=0.01s
[2026-04-03T02:16:17.390+0600][28.652s][info][gc,marking     ] GC(70) Concurrent Clear Claimed Marks
[2026-04-03T02:16:17.391+0600][28.653s][info][gc,marking     ] GC(70) Concurrent Clear Claimed Marks 0.511ms
[2026-04-03T02:16:17.391+0600][28.653s][info][gc,marking     ] GC(70) Concurrent Cleanup for Next Mark
[2026-04-03T02:16:17.393+0600][28.654s][info][gc,marking     ] GC(70) Concurrent Cleanup for Next Mark 1.674ms
[2026-04-03T02:16:17.393+0600][28.655s][info][gc             ] GC(70) Concurrent Mark Cycle 146.794ms
[2026-04-03T02:16:17.504+0600][28.766s][info][gc,start       ] GC(71) Pause Young (Prepare Mixed) (G1 Evacuation Pause)
[2026-04-03T02:16:17.504+0600][28.766s][info][gc,task        ] GC(71) Using 10 workers of 10 for evacuation
[2026-04-03T02:16:17.511+0600][28.772s][info][gc,phases      ] GC(71)   Pre Evacuate Collection Set: 0.38ms
[2026-04-03T02:16:17.511+0600][28.773s][info][gc,phases      ] GC(71)   Merge Heap Roots: 0.18ms
[2026-04-03T02:16:17.511+0600][28.773s][info][gc,phases      ] GC(71)   Evacuate Collection Set: 5.07ms
[2026-04-03T02:16:17.511+0600][28.773s][info][gc,phases      ] GC(71)   Post Evacuate Collection Set: 1.07ms
[2026-04-03T02:16:17.511+0600][28.773s][info][gc,phases      ] GC(71)   Other: 0.10ms
[2026-04-03T02:16:17.511+0600][28.773s][info][gc,heap        ] GC(71) Eden regions: 74->0(409)
[2026-04-03T02:16:17.511+0600][28.773s][info][gc,heap        ] GC(71) Survivor regions: 10->7(43)
[2026-04-03T02:16:17.511+0600][28.773s][info][gc,heap        ] GC(71) Old regions: 74->75
[2026-04-03T02:16:17.511+0600][28.773s][info][gc,heap        ] GC(71) Humongous regions: 528->8
[2026-04-03T02:16:17.511+0600][28.773s][info][gc,metaspace   ] GC(71) Metaspace: 129849K(131456K)->129849K(131456K) NonClass: 113311K(114176K)->113311K(114176K) Class: 16538K(17280K)->16538K(17280K)
[2026-04-03T02:16:17.511+0600][28.773s][info][gc             ] GC(71) Pause Young (Prepare Mixed) (G1 Evacuation Pause) 683M->87M(694M) 7.163ms
[2026-04-03T02:16:17.511+0600][28.773s][info][gc,cpu         ] GC(71) User=0.05s Sys=0.01s Real=0.01s
[2026-04-03T02:16:18.373+0600][29.635s][info][gc,start       ] GC(72) Pause Young (Mixed) (G1 Evacuation Pause)
[2026-04-03T02:16:18.373+0600][29.635s][info][gc,task        ] GC(72) Using 10 workers of 10 for evacuation
[2026-04-03T02:16:18.382+0600][29.644s][info][gc,phases      ] GC(72)   Pre Evacuate Collection Set: 0.55ms
[2026-04-03T02:16:18.382+0600][29.644s][info][gc,phases      ] GC(72)   Merge Heap Roots: 0.33ms
[2026-04-03T02:16:18.382+0600][29.644s][info][gc,phases      ] GC(72)   Evacuate Collection Set: 6.58ms
[2026-04-03T02:16:18.382+0600][29.644s][info][gc,phases      ] GC(72)   Post Evacuate Collection Set: 1.09ms
[2026-04-03T02:16:18.382+0600][29.644s][info][gc,phases      ] GC(72)   Other: 0.23ms
[2026-04-03T02:16:18.382+0600][29.644s][info][gc,heap        ] GC(72) Eden regions: 398->0(415)
[2026-04-03T02:16:18.382+0600][29.644s][info][gc,heap        ] GC(72) Survivor regions: 7->11(52)
[2026-04-03T02:16:18.382+0600][29.644s][info][gc,heap        ] GC(72) Old regions: 75->75
[2026-04-03T02:16:18.382+0600][29.644s][info][gc,heap        ] GC(72) Humongous regions: 218->8
[2026-04-03T02:16:18.382+0600][29.644s][info][gc,metaspace   ] GC(72) Metaspace: 130183K(131712K)->130183K(131712K) NonClass: 113642K(114432K)->113642K(114432K) Class: 16541K(17280K)->16541K(17280K)
[2026-04-03T02:16:18.382+0600][29.644s][info][gc             ] GC(72) Pause Young (Mixed) (G1 Evacuation Pause) 695M->92M(710M) 9.138ms
[2026-04-03T02:16:18.382+0600][29.644s][info][gc,cpu         ] GC(72) User=0.05s Sys=0.02s Real=0.01s
[2026-04-03T02:16:18.385+0600][29.647s][info][gc,start       ] GC(73) Pause Young (Concurrent Start) (G1 Humongous Allocation)
[2026-04-03T02:16:18.386+0600][29.647s][info][gc,task        ] GC(73) Using 10 workers of 10 for evacuation
[2026-04-03T02:16:18.391+0600][29.653s][info][gc,phases      ] GC(73)   Pre Evacuate Collection Set: 0.38ms
[2026-04-03T02:16:18.391+0600][29.653s][info][gc,phases      ] GC(73)   Merge Heap Roots: 0.15ms
[2026-04-03T02:16:18.391+0600][29.653s][info][gc,phases      ] GC(73)   Evacuate Collection Set: 3.80ms
[2026-04-03T02:16:18.391+0600][29.653s][info][gc,phases      ] GC(73)   Post Evacuate Collection Set: 0.66ms
[2026-04-03T02:16:18.391+0600][29.653s][info][gc,phases      ] GC(73)   Other: 0.15ms
[2026-04-03T02:16:18.391+0600][29.653s][info][gc,heap        ] GC(73) Eden regions: 6->0(416)
[2026-04-03T02:16:18.391+0600][29.653s][info][gc,heap        ] GC(73) Survivor regions: 11->10(54)
[2026-04-03T02:16:18.391+0600][29.653s][info][gc,heap        ] GC(73) Old regions: 75->75
[2026-04-03T02:16:18.391+0600][29.653s][info][gc,heap        ] GC(73) Humongous regions: 10->8
[2026-04-03T02:16:18.391+0600][29.653s][info][gc,metaspace   ] GC(73) Metaspace: 130183K(131712K)->130183K(131712K) NonClass: 113642K(114432K)->113642K(114432K) Class: 16541K(17280K)->16541K(17280K)
[2026-04-03T02:16:18.391+0600][29.653s][info][gc             ] GC(73) Pause Young (Concurrent Start) (G1 Humongous Allocation) 99M->90M(710M) 5.661ms
[2026-04-03T02:16:18.391+0600][29.653s][info][gc             ] GC(74) Concurrent Mark Cycle
[2026-04-03T02:16:18.391+0600][29.653s][info][gc,marking     ] GC(74) Concurrent Scan Root Regions
[2026-04-03T02:16:18.391+0600][29.653s][info][gc,cpu         ] GC(73) User=0.05s Sys=0.00s Real=0.01s
[2026-04-03T02:16:18.395+0600][29.657s][info][gc,marking     ] GC(74) Concurrent Scan Root Regions 3.943ms
[2026-04-03T02:16:18.395+0600][29.657s][info][gc,marking     ] GC(74) Concurrent Mark
[2026-04-03T02:16:18.395+0600][29.657s][info][gc,marking     ] GC(74) Concurrent Mark From Roots
[2026-04-03T02:16:18.395+0600][29.657s][info][gc,task        ] GC(74) Using 3 workers of 3 for marking
[2026-04-03T02:16:18.475+0600][29.737s][info][gc,marking     ] GC(74) Concurrent Mark From Roots 79.728ms
[2026-04-03T02:16:18.475+0600][29.737s][info][gc,marking     ] GC(74) Concurrent Preclean
[2026-04-03T02:16:18.476+0600][29.738s][info][gc,marking     ] GC(74) Concurrent Preclean 0.459ms
[2026-04-03T02:16:18.477+0600][29.739s][info][gc,start       ] GC(74) Pause Remark
[2026-04-03T02:16:18.502+0600][29.764s][info][gc             ] GC(74) Pause Remark 163M->163M(430M) 24.301ms
[2026-04-03T02:16:18.502+0600][29.764s][info][gc,cpu         ] GC(74) User=0.23s Sys=0.01s Real=0.03s
[2026-04-03T02:16:18.505+0600][29.766s][info][gc,marking     ] GC(74) Concurrent Mark 109.083ms
[2026-04-03T02:16:18.505+0600][29.766s][info][gc,marking     ] GC(74) Concurrent Rebuild Remembered Sets and Scrub Regions
[2026-04-03T02:16:18.548+0600][29.810s][info][gc,marking     ] GC(74) Concurrent Rebuild Remembered Sets and Scrub Regions 43.175ms
[2026-04-03T02:16:18.548+0600][29.810s][info][gc,start       ] GC(74) Pause Cleanup
[2026-04-03T02:16:18.549+0600][29.811s][info][gc             ] GC(74) Pause Cleanup 209M->209M(430M) 0.317ms
[2026-04-03T02:16:18.549+0600][29.811s][info][gc,cpu         ] GC(74) User=0.00s Sys=0.00s Real=0.00s
[2026-04-03T02:16:18.549+0600][29.811s][info][gc,marking     ] GC(74) Concurrent Clear Claimed Marks
[2026-04-03T02:16:18.549+0600][29.811s][info][gc,marking     ] GC(74) Concurrent Clear Claimed Marks 0.352ms
[2026-04-03T02:16:18.549+0600][29.811s][info][gc,marking     ] GC(74) Concurrent Cleanup for Next Mark
[2026-04-03T02:16:18.550+0600][29.812s][info][gc,marking     ] GC(74) Concurrent Cleanup for Next Mark 0.900ms
[2026-04-03T02:16:18.550+0600][29.812s][info][gc             ] GC(74) Concurrent Mark Cycle 159.020ms
[2026-04-03T02:16:18.776+0600][30.037s][info][gc,start       ] GC(75) Pause Young (Prepare Mixed) (G1 Evacuation Pause)
[2026-04-03T02:16:18.776+0600][30.038s][info][gc,task        ] GC(75) Using 10 workers of 10 for evacuation
[2026-04-03T02:16:18.783+0600][30.044s][info][gc,phases      ] GC(75)   Pre Evacuate Collection Set: 0.37ms
[2026-04-03T02:16:18.783+0600][30.044s][info][gc,phases      ] GC(75)   Merge Heap Roots: 0.20ms
[2026-04-03T02:16:18.783+0600][30.044s][info][gc,phases      ] GC(75)   Evacuate Collection Set: 5.45ms
[2026-04-03T02:16:18.783+0600][30.044s][info][gc,phases      ] GC(75)   Post Evacuate Collection Set: 0.76ms
[2026-04-03T02:16:18.783+0600][30.044s][info][gc,phases      ] GC(75)   Other: 0.11ms
[2026-04-03T02:16:18.783+0600][30.045s][info][gc,heap        ] GC(75) Eden regions: 194->0(266)
[2026-04-03T02:16:18.783+0600][30.045s][info][gc,heap        ] GC(75) Survivor regions: 10->10(33)
[2026-04-03T02:16:18.783+0600][30.045s][info][gc,heap        ] GC(75) Old regions: 75->76
[2026-04-03T02:16:18.783+0600][30.045s][info][gc,heap        ] GC(75) Humongous regions: 170->8
[2026-04-03T02:16:18.783+0600][30.045s][info][gc,metaspace   ] GC(75) Metaspace: 129951K(131776K)->129951K(131776K) NonClass: 113480K(114496K)->113480K(114496K) Class: 16470K(17280K)->16470K(17280K)
[2026-04-03T02:16:18.783+0600][30.045s][info][gc             ] GC(75) Pause Young (Prepare Mixed) (G1 Evacuation Pause) 446M->91M(460M) 7.163ms
[2026-04-03T02:16:18.783+0600][30.045s][info][gc,cpu         ] GC(75) User=0.05s Sys=0.01s Real=0.01s
[2026-04-03T02:16:19.141+0600][30.402s][info][gc,start       ] GC(76) Pause Young (Mixed) (G1 Evacuation Pause)
[2026-04-03T02:16:19.141+0600][30.403s][info][gc,task        ] GC(76) Using 10 workers of 10 for evacuation
[2026-04-03T02:16:19.147+0600][30.409s][info][gc,phases      ] GC(76)   Pre Evacuate Collection Set: 0.37ms
[2026-04-03T02:16:19.147+0600][30.409s][info][gc,phases      ] GC(76)   Merge Heap Roots: 0.29ms
[2026-04-03T02:16:19.147+0600][30.409s][info][gc,phases      ] GC(76)   Evacuate Collection Set: 4.87ms
[2026-04-03T02:16:19.147+0600][30.409s][info][gc,phases      ] GC(76)   Post Evacuate Collection Set: 0.89ms
[2026-04-03T02:16:19.147+0600][30.409s][info][gc,phases      ] GC(76)   Other: 0.14ms
[2026-04-03T02:16:19.147+0600][30.409s][info][gc,heap        ] GC(76) Eden regions: 219->0(281)
[2026-04-03T02:16:19.147+0600][30.409s][info][gc,heap        ] GC(76) Survivor regions: 10->10(35)
[2026-04-03T02:16:19.147+0600][30.409s][info][gc,heap        ] GC(76) Old regions: 76->75
[2026-04-03T02:16:19.147+0600][30.409s][info][gc,heap        ] GC(76) Humongous regions: 171->8
[2026-04-03T02:16:19.147+0600][30.409s][info][gc,metaspace   ] GC(76) Metaspace: 130009K(131776K)->130009K(131776K) NonClass: 113535K(114496K)->113535K(114496K) Class: 16473K(17280K)->16473K(17280K)
[2026-04-03T02:16:19.148+0600][30.409s][info][gc             ] GC(76) Pause Young (Mixed) (G1 Evacuation Pause) 473M->91M(486M) 6.935ms
[2026-04-03T02:16:19.148+0600][30.410s][info][gc,cpu         ] GC(76) User=0.06s Sys=0.01s Real=0.00s
[2026-04-03T02:16:19.153+0600][30.415s][info][gc,start       ] GC(77) Pause Young (Concurrent Start) (G1 Humongous Allocation)
[2026-04-03T02:16:19.153+0600][30.415s][info][gc,task        ] GC(77) Using 10 workers of 10 for evacuation
[2026-04-03T02:16:19.158+0600][30.420s][info][gc,phases      ] GC(77)   Pre Evacuate Collection Set: 0.29ms
[2026-04-03T02:16:19.158+0600][30.420s][info][gc,phases      ] GC(77)   Merge Heap Roots: 0.13ms
[2026-04-03T02:16:19.158+0600][30.420s][info][gc,phases      ] GC(77)   Evacuate Collection Set: 3.36ms
[2026-04-03T02:16:19.158+0600][30.420s][info][gc,phases      ] GC(77)   Post Evacuate Collection Set: 0.65ms
[2026-04-03T02:16:19.158+0600][30.420s][info][gc,phases      ] GC(77)   Other: 0.20ms
[2026-04-03T02:16:19.158+0600][30.420s][info][gc,heap        ] GC(77) Eden regions: 3->0(283)
[2026-04-03T02:16:19.158+0600][30.420s][info][gc,heap        ] GC(77) Survivor regions: 10->8(37)
[2026-04-03T02:16:19.158+0600][30.420s][info][gc,heap        ] GC(77) Old regions: 75->76
[2026-04-03T02:16:19.158+0600][30.420s][info][gc,heap        ] GC(77) Humongous regions: 8->8
[2026-04-03T02:16:19.158+0600][30.420s][info][gc,metaspace   ] GC(77) Metaspace: 130009K(131776K)->130009K(131776K) NonClass: 113535K(114496K)->113535K(114496K) Class: 16473K(17280K)->16473K(17280K)
[2026-04-03T02:16:19.158+0600][30.420s][info][gc             ] GC(77) Pause Young (Concurrent Start) (G1 Humongous Allocation) 93M->90M(486M) 4.948ms
[2026-04-03T02:16:19.158+0600][30.420s][info][gc             ] GC(78) Concurrent Mark Cycle
[2026-04-03T02:16:19.158+0600][30.420s][info][gc,marking     ] GC(78) Concurrent Scan Root Regions
[2026-04-03T02:16:19.158+0600][30.420s][info][gc,cpu         ] GC(77) User=0.05s Sys=0.00s Real=0.00s
[2026-04-03T02:16:19.162+0600][30.423s][info][gc,marking     ] GC(78) Concurrent Scan Root Regions 3.291ms
[2026-04-03T02:16:19.162+0600][30.424s][info][gc,marking     ] GC(78) Concurrent Mark
[2026-04-03T02:16:19.162+0600][30.424s][info][gc,marking     ] GC(78) Concurrent Mark From Roots
[2026-04-03T02:16:19.162+0600][30.424s][info][gc,task        ] GC(78) Using 3 workers of 3 for marking
[2026-04-03T02:16:19.236+0600][30.498s][info][gc,marking     ] GC(78) Concurrent Mark From Roots 74.001ms
[2026-04-03T02:16:19.236+0600][30.498s][info][gc,marking     ] GC(78) Concurrent Preclean
[2026-04-03T02:16:19.237+0600][30.499s][info][gc,marking     ] GC(78) Concurrent Preclean 0.546ms
[2026-04-03T02:16:19.237+0600][30.499s][info][gc,start       ] GC(78) Pause Remark
[2026-04-03T02:16:19.245+0600][30.507s][info][gc             ] GC(78) Pause Remark 141M->141M(394M) 8.009ms
[2026-04-03T02:16:19.246+0600][30.507s][info][gc,cpu         ] GC(78) User=0.05s Sys=0.00s Real=0.01s
[2026-04-03T02:16:19.246+0600][30.508s][info][gc,marking     ] GC(78) Concurrent Mark 84.008ms
[2026-04-03T02:16:19.246+0600][30.508s][info][gc,marking     ] GC(78) Concurrent Rebuild Remembered Sets and Scrub Regions
[2026-04-03T02:16:19.270+0600][30.532s][info][gc,marking     ] GC(78) Concurrent Rebuild Remembered Sets and Scrub Regions 24.028ms
[2026-04-03T02:16:19.270+0600][30.532s][info][gc,start       ] GC(78) Pause Cleanup
[2026-04-03T02:16:19.270+0600][30.532s][info][gc             ] GC(78) Pause Cleanup 147M->147M(394M) 0.217ms
[2026-04-03T02:16:19.270+0600][30.532s][info][gc,cpu         ] GC(78) User=0.00s Sys=0.00s Real=0.00s
[2026-04-03T02:16:19.271+0600][30.532s][info][gc,marking     ] GC(78) Concurrent Clear Claimed Marks
[2026-04-03T02:16:19.271+0600][30.533s][info][gc,marking     ] GC(78) Concurrent Clear Claimed Marks 0.277ms
[2026-04-03T02:16:19.271+0600][30.533s][info][gc,marking     ] GC(78) Concurrent Cleanup for Next Mark
[2026-04-03T02:16:19.271+0600][30.533s][info][gc,marking     ] GC(78) Concurrent Cleanup for Next Mark 0.417ms
[2026-04-03T02:16:19.271+0600][30.533s][info][gc             ] GC(78) Concurrent Mark Cycle 113.005ms
[2026-04-03T02:16:19.645+0600][30.907s][info][gc,start       ] GC(79) Pause Young (Prepare Mixed) (G1 Evacuation Pause)
[2026-04-03T02:16:19.645+0600][30.907s][info][gc,task        ] GC(79) Using 9 workers of 10 for evacuation
[2026-04-03T02:16:19.651+0600][30.913s][info][gc,phases      ] GC(79)   Pre Evacuate Collection Set: 0.33ms
[2026-04-03T02:16:19.651+0600][30.913s][info][gc,phases      ] GC(79)   Merge Heap Roots: 0.32ms
[2026-04-03T02:16:19.651+0600][30.913s][info][gc,phases      ] GC(79)   Evacuate Collection Set: 3.99ms
[2026-04-03T02:16:19.651+0600][30.913s][info][gc,phases      ] GC(79)   Post Evacuate Collection Set: 0.86ms
[2026-04-03T02:16:19.651+0600][30.913s][info][gc,phases      ] GC(79)   Other: 0.14ms
[2026-04-03T02:16:19.651+0600][30.913s][info][gc,heap        ] GC(79) Eden regions: 228->0(227)
[2026-04-03T02:16:19.651+0600][30.913s][info][gc,heap        ] GC(79) Survivor regions: 8->9(30)
[2026-04-03T02:16:19.651+0600][30.913s][info][gc,heap        ] GC(79) Old regions: 76->77
[2026-04-03T02:16:19.651+0600][30.913s][info][gc,heap        ] GC(79) Humongous regions: 69->8
[2026-04-03T02:16:19.651+0600][30.913s][info][gc,metaspace   ] GC(79) Metaspace: 130070K(131776K)->130070K(131776K) NonClass: 113593K(114496K)->113593K(114496K) Class: 16476K(17280K)->16476K(17280K)
[2026-04-03T02:16:19.651+0600][30.913s][info][gc             ] GC(79) Pause Young (Prepare Mixed) (G1 Evacuation Pause) 379M->91M(394M) 6.047ms
[2026-04-03T02:16:19.651+0600][30.913s][info][gc,cpu         ] GC(79) User=0.04s Sys=0.00s Real=0.01s
[2026-04-03T02:16:19.912+0600][31.174s][info][gc,start       ] GC(80) Pause Young (Mixed) (G1 Evacuation Pause)
[2026-04-03T02:16:19.912+0600][31.174s][info][gc,task        ] GC(80) Using 9 workers of 10 for evacuation
[2026-04-03T02:16:19.920+0600][31.182s][info][gc,phases      ] GC(80)   Pre Evacuate Collection Set: 0.44ms
[2026-04-03T02:16:19.920+0600][31.182s][info][gc,phases      ] GC(80)   Merge Heap Roots: 0.30ms
[2026-04-03T02:16:19.920+0600][31.182s][info][gc,phases      ] GC(80)   Evacuate Collection Set: 5.49ms
[2026-04-03T02:16:19.920+0600][31.182s][info][gc,phases      ] GC(80)   Post Evacuate Collection Set: 0.96ms
[2026-04-03T02:16:19.920+0600][31.182s][info][gc,phases      ] GC(80)   Other: 0.13ms
[2026-04-03T02:16:19.920+0600][31.182s][info][gc,heap        ] GC(80) Eden regions: 166->0(238)
[2026-04-03T02:16:19.920+0600][31.182s][info][gc,heap        ] GC(80) Survivor regions: 9->9(30)
[2026-04-03T02:16:19.920+0600][31.182s][info][gc,heap        ] GC(80) Old regions: 77->77
[2026-04-03T02:16:19.920+0600][31.182s][info][gc,heap        ] GC(80) Humongous regions: 151->8
[2026-04-03T02:16:19.920+0600][31.182s][info][gc,metaspace   ] GC(80) Metaspace: 130106K(131776K)->130106K(131776K) NonClass: 113629K(114496K)->113629K(114496K) Class: 16477K(17280K)->16477K(17280K)
[2026-04-03T02:16:19.920+0600][31.182s][info][gc             ] GC(80) Pause Young (Mixed) (G1 Evacuation Pause) 400M->92M(413M) 7.755ms
[2026-04-03T02:16:19.920+0600][31.182s][info][gc,cpu         ] GC(80) User=0.04s Sys=0.01s Real=0.01s
[2026-04-03T02:16:19.942+0600][31.204s][info][gc,start       ] GC(81) Pause Young (Concurrent Start) (G1 Humongous Allocation)
[2026-04-03T02:16:19.942+0600][31.204s][info][gc,task        ] GC(81) Using 9 workers of 10 for evacuation
[2026-04-03T02:16:19.947+0600][31.209s][info][gc,phases      ] GC(81)   Pre Evacuate Collection Set: 0.39ms
[2026-04-03T02:16:19.947+0600][31.209s][info][gc,phases      ] GC(81)   Merge Heap Roots: 0.16ms
[2026-04-03T02:16:19.947+0600][31.209s][info][gc,phases      ] GC(81)   Evacuate Collection Set: 3.73ms
[2026-04-03T02:16:19.947+0600][31.209s][info][gc,phases      ] GC(81)   Post Evacuate Collection Set: 0.67ms
[2026-04-03T02:16:19.947+0600][31.209s][info][gc,phases      ] GC(81)   Other: 0.19ms
[2026-04-03T02:16:19.947+0600][31.209s][info][gc,heap        ] GC(81) Eden regions: 17->0(236)
[2026-04-03T02:16:19.947+0600][31.209s][info][gc,heap        ] GC(81) Survivor regions: 9->11(31)
[2026-04-03T02:16:19.947+0600][31.209s][info][gc,heap        ] GC(81) Old regions: 77->77
[2026-04-03T02:16:19.947+0600][31.209s][info][gc,heap        ] GC(81) Humongous regions: 8->8
[2026-04-03T02:16:19.947+0600][31.209s][info][gc,metaspace   ] GC(81) Metaspace: 130111K(131776K)->130111K(131776K) NonClass: 113634K(114496K)->113634K(114496K) Class: 16477K(17280K)->16477K(17280K)
[2026-04-03T02:16:19.947+0600][31.209s][info][gc             ] GC(81) Pause Young (Concurrent Start) (G1 Humongous Allocation) 109M->93M(413M) 5.660ms
[2026-04-03T02:16:19.947+0600][31.209s][info][gc             ] GC(82) Concurrent Mark Cycle
[2026-04-03T02:16:19.947+0600][31.209s][info][gc,cpu         ] GC(81) User=0.04s Sys=0.00s Real=0.00s
[2026-04-03T02:16:19.948+0600][31.209s][info][gc,marking     ] GC(82) Concurrent Scan Root Regions
[2026-04-03T02:16:19.952+0600][31.214s][info][gc,marking     ] GC(82) Concurrent Scan Root Regions 4.459ms
[2026-04-03T02:16:19.952+0600][31.214s][info][gc,marking     ] GC(82) Concurrent Mark
[2026-04-03T02:16:19.952+0600][31.214s][info][gc,marking     ] GC(82) Concurrent Mark From Roots
[2026-04-03T02:16:19.952+0600][31.214s][info][gc,task        ] GC(82) Using 3 workers of 3 for marking
[2026-04-03T02:16:20.030+0600][31.291s][info][gc,marking     ] GC(82) Concurrent Mark From Roots 77.470ms
[2026-04-03T02:16:20.030+0600][31.292s][info][gc,marking     ] GC(82) Concurrent Preclean
[2026-04-03T02:16:20.030+0600][31.292s][info][gc,marking     ] GC(82) Concurrent Preclean 0.409ms
[2026-04-03T02:16:20.030+0600][31.292s][info][gc,start       ] GC(82) Pause Remark
[2026-04-03T02:16:20.040+0600][31.301s][info][gc             ] GC(82) Pause Remark 171M->171M(413M) 9.125ms
[2026-04-03T02:16:20.040+0600][31.302s][info][gc,cpu         ] GC(82) User=0.07s Sys=0.00s Real=0.01s
[2026-04-03T02:16:20.040+0600][31.302s][info][gc,marking     ] GC(82) Concurrent Mark 87.855ms
[2026-04-03T02:16:20.040+0600][31.302s][info][gc,marking     ] GC(82) Concurrent Rebuild Remembered Sets and Scrub Regions
[2026-04-03T02:16:20.073+0600][31.335s][info][gc,marking     ] GC(82) Concurrent Rebuild Remembered Sets and Scrub Regions 33.386ms
[2026-04-03T02:16:20.074+0600][31.336s][info][gc,start       ] GC(82) Pause Cleanup
[2026-04-03T02:16:20.074+0600][31.336s][info][gc             ] GC(82) Pause Cleanup 184M->184M(413M) 0.254ms
[2026-04-03T02:16:20.074+0600][31.336s][info][gc,cpu         ] GC(82) User=0.00s Sys=0.00s Real=0.00s
[2026-04-03T02:16:20.075+0600][31.337s][info][gc,marking     ] GC(82) Concurrent Clear Claimed Marks
[2026-04-03T02:16:20.075+0600][31.337s][info][gc,marking     ] GC(82) Concurrent Clear Claimed Marks 0.403ms
[2026-04-03T02:16:20.075+0600][31.337s][info][gc,marking     ] GC(82) Concurrent Cleanup for Next Mark
[2026-04-03T02:16:20.077+0600][31.339s][info][gc,marking     ] GC(82) Concurrent Cleanup for Next Mark 1.907ms
[2026-04-03T02:16:20.077+0600][31.339s][info][gc             ] GC(82) Concurrent Mark Cycle 129.692ms
[2026-04-03T02:16:20.277+0600][31.539s][info][gc,start       ] GC(83) Pause Young (Prepare Mixed) (G1 Evacuation Pause)
[2026-04-03T02:16:20.277+0600][31.539s][info][gc,task        ] GC(83) Using 10 workers of 10 for evacuation
[2026-04-03T02:16:20.286+0600][31.548s][info][gc,phases      ] GC(83)   Pre Evacuate Collection Set: 0.40ms
[2026-04-03T02:16:20.286+0600][31.548s][info][gc,phases      ] GC(83)   Merge Heap Roots: 0.22ms
[2026-04-03T02:16:20.286+0600][31.548s][info][gc,phases      ] GC(83)   Evacuate Collection Set: 6.89ms
[2026-04-03T02:16:20.286+0600][31.548s][info][gc,phases      ] GC(83)   Post Evacuate Collection Set: 0.87ms
[2026-04-03T02:16:20.286+0600][31.548s][info][gc,phases      ] GC(83)   Other: 0.14ms
[2026-04-03T02:16:20.286+0600][31.548s][info][gc,heap        ] GC(83) Eden regions: 175->0(246)
[2026-04-03T02:16:20.286+0600][31.548s][info][gc,heap        ] GC(83) Survivor regions: 11->10(31)
[2026-04-03T02:16:20.286+0600][31.548s][info][gc,heap        ] GC(83) Old regions: 77->77
[2026-04-03T02:16:20.286+0600][31.548s][info][gc,heap        ] GC(83) Humongous regions: 155->8
[2026-04-03T02:16:20.286+0600][31.548s][info][gc,metaspace   ] GC(83) Metaspace: 130138K(131840K)->130138K(131840K) NonClass: 113660K(114560K)->113660K(114560K) Class: 16477K(17280K)->16477K(17280K)
[2026-04-03T02:16:20.286+0600][31.548s][info][gc             ] GC(83) Pause Young (Prepare Mixed) (G1 Evacuation Pause) 415M->92M(428M) 8.897ms
[2026-04-03T02:16:20.286+0600][31.548s][info][gc,cpu         ] GC(83) User=0.05s Sys=0.02s Real=0.01s
[2026-04-03T02:16:20.600+0600][31.862s][info][gc,start       ] GC(84) Pause Young (Mixed) (G1 Evacuation Pause)
[2026-04-03T02:16:20.600+0600][31.862s][info][gc,task        ] GC(84) Using 10 workers of 10 for evacuation
[2026-04-03T02:16:20.605+0600][31.867s][info][gc,phases      ] GC(84)   Pre Evacuate Collection Set: 0.28ms
[2026-04-03T02:16:20.605+0600][31.867s][info][gc,phases      ] GC(84)   Merge Heap Roots: 0.20ms
[2026-04-03T02:16:20.605+0600][31.867s][info][gc,phases      ] GC(84)   Evacuate Collection Set: 3.85ms
[2026-04-03T02:16:20.605+0600][31.867s][info][gc,phases      ] GC(84)   Post Evacuate Collection Set: 0.58ms
[2026-04-03T02:16:20.605+0600][31.867s][info][gc,phases      ] GC(84)   Other: 0.10ms
[2026-04-03T02:16:20.605+0600][31.867s][info][gc,heap        ] GC(84) Eden regions: 207->0(255)
[2026-04-03T02:16:20.605+0600][31.867s][info][gc,heap        ] GC(84) Survivor regions: 10->9(32)
[2026-04-03T02:16:20.605+0600][31.867s][info][gc,heap        ] GC(84) Old regions: 77->77
[2026-04-03T02:16:20.605+0600][31.867s][info][gc,heap        ] GC(84) Humongous regions: 136->8
[2026-04-03T02:16:20.605+0600][31.867s][info][gc,metaspace   ] GC(84) Metaspace: 130184K(131840K)->130184K(131840K) NonClass: 113705K(114560K)->113705K(114560K) Class: 16479K(17280K)->16479K(17280K)
[2026-04-03T02:16:20.605+0600][31.867s][info][gc             ] GC(84) Pause Young (Mixed) (G1 Evacuation Pause) 427M->92M(440M) 5.276ms
[2026-04-03T02:16:20.605+0600][31.867s][info][gc,cpu         ] GC(84) User=0.03s Sys=0.00s Real=0.00s
[2026-04-03T02:16:20.609+0600][31.871s][info][gc,start       ] GC(85) Pause Young (Concurrent Start) (G1 Humongous Allocation)
[2026-04-03T02:16:20.609+0600][31.871s][info][gc,task        ] GC(85) Using 10 workers of 10 for evacuation
[2026-04-03T02:16:20.613+0600][31.875s][info][gc,phases      ] GC(85)   Pre Evacuate Collection Set: 0.27ms
[2026-04-03T02:16:20.613+0600][31.875s][info][gc,phases      ] GC(85)   Merge Heap Roots: 0.11ms
[2026-04-03T02:16:20.613+0600][31.875s][info][gc,phases      ] GC(85)   Evacuate Collection Set: 2.58ms
[2026-04-03T02:16:20.613+0600][31.875s][info][gc,phases      ] GC(85)   Post Evacuate Collection Set: 0.48ms
[2026-04-03T02:16:20.613+0600][31.875s][info][gc,phases      ] GC(85)   Other: 0.11ms
[2026-04-03T02:16:20.613+0600][31.875s][info][gc,heap        ] GC(85) Eden regions: 2->0(256)
[2026-04-03T02:16:20.613+0600][31.875s][info][gc,heap        ] GC(85) Survivor regions: 9->8(33)
[2026-04-03T02:16:20.613+0600][31.875s][info][gc,heap        ] GC(85) Old regions: 77->78
[2026-04-03T02:16:20.613+0600][31.875s][info][gc,heap        ] GC(85) Humongous regions: 8->8
[2026-04-03T02:16:20.613+0600][31.875s][info][gc,metaspace   ] GC(85) Metaspace: 130184K(131840K)->130184K(131840K) NonClass: 113705K(114560K)->113705K(114560K) Class: 16479K(17280K)->16479K(17280K)
[2026-04-03T02:16:20.613+0600][31.875s][info][gc             ] GC(85) Pause Young (Concurrent Start) (G1 Humongous Allocation) 94M->92M(440M) 3.801ms
[2026-04-03T02:16:20.613+0600][31.875s][info][gc             ] GC(86) Concurrent Mark Cycle
[2026-04-03T02:16:20.613+0600][31.875s][info][gc,cpu         ] GC(85) User=0.03s Sys=0.00s Real=0.01s
[2026-04-03T02:16:20.613+0600][31.875s][info][gc,marking     ] GC(86) Concurrent Scan Root Regions
[2026-04-03T02:16:20.616+0600][31.878s][info][gc,marking     ] GC(86) Concurrent Scan Root Regions 3.220ms
[2026-04-03T02:16:20.616+0600][31.878s][info][gc,marking     ] GC(86) Concurrent Mark
[2026-04-03T02:16:20.616+0600][31.878s][info][gc,marking     ] GC(86) Concurrent Mark From Roots
[2026-04-03T02:16:20.616+0600][31.878s][info][gc,task        ] GC(86) Using 3 workers of 3 for marking
[2026-04-03T02:16:20.681+0600][31.942s][info][gc,marking     ] GC(86) Concurrent Mark From Roots 64.051ms
[2026-04-03T02:16:20.681+0600][31.942s][info][gc,marking     ] GC(86) Concurrent Preclean
[2026-04-03T02:16:20.681+0600][31.943s][info][gc,marking     ] GC(86) Concurrent Preclean 0.533ms
[2026-04-03T02:16:20.681+0600][31.943s][info][gc,start       ] GC(86) Pause Remark
[2026-04-03T02:16:20.690+0600][31.951s][info][gc             ] GC(86) Pause Remark 123M->123M(367M) 8.076ms
[2026-04-03T02:16:20.690+0600][31.952s][info][gc,cpu         ] GC(86) User=0.06s Sys=0.00s Real=0.01s
[2026-04-03T02:16:20.690+0600][31.952s][info][gc,marking     ] GC(86) Concurrent Mark 73.479ms
[2026-04-03T02:16:20.690+0600][31.952s][info][gc,marking     ] GC(86) Concurrent Rebuild Remembered Sets and Scrub Regions
[2026-04-03T02:16:20.713+0600][31.975s][info][gc,marking     ] GC(86) Concurrent Rebuild Remembered Sets and Scrub Regions 23.427ms
[2026-04-03T02:16:20.714+0600][31.976s][info][gc,start       ] GC(86) Pause Cleanup
[2026-04-03T02:16:20.714+0600][31.976s][info][gc             ] GC(86) Pause Cleanup 129M->129M(367M) 0.307ms
[2026-04-03T02:16:20.714+0600][31.976s][info][gc,cpu         ] GC(86) User=0.00s Sys=0.00s Real=0.00s
[2026-04-03T02:16:20.714+0600][31.976s][info][gc,marking     ] GC(86) Concurrent Clear Claimed Marks
[2026-04-03T02:16:20.715+0600][31.977s][info][gc,marking     ] GC(86) Concurrent Clear Claimed Marks 0.323ms
[2026-04-03T02:16:20.715+0600][31.977s][info][gc,marking     ] GC(86) Concurrent Cleanup for Next Mark
[2026-04-03T02:16:20.715+0600][31.977s][info][gc,marking     ] GC(86) Concurrent Cleanup for Next Mark 0.579ms
[2026-04-03T02:16:20.715+0600][31.977s][info][gc             ] GC(86) Concurrent Mark Cycle 102.299ms
[2026-04-03T02:16:20.973+0600][32.234s][info][gc,start       ] GC(87) Pause Young (Prepare Mixed) (G1 Evacuation Pause)
[2026-04-03T02:16:20.973+0600][32.235s][info][gc,task        ] GC(87) Using 9 workers of 10 for evacuation
[2026-04-03T02:16:20.979+0600][32.241s][info][gc,phases      ] GC(87)   Pre Evacuate Collection Set: 0.37ms
[2026-04-03T02:16:20.980+0600][32.241s][info][gc,phases      ] GC(87)   Merge Heap Roots: 0.29ms
[2026-04-03T02:16:20.980+0600][32.241s][info][gc,phases      ] GC(87)   Evacuate Collection Set: 5.24ms
[2026-04-03T02:16:20.980+0600][32.241s][info][gc,phases      ] GC(87)   Post Evacuate Collection Set: 0.75ms
[2026-04-03T02:16:20.980+0600][32.241s][info][gc,phases      ] GC(87)   Other: 0.14ms
[2026-04-03T02:16:20.980+0600][32.241s][info][gc,heap        ] GC(87) Eden regions: 199->0(221)
[2026-04-03T02:16:20.980+0600][32.241s][info][gc,heap        ] GC(87) Survivor regions: 8->8(28)
[2026-04-03T02:16:20.980+0600][32.241s][info][gc,heap        ] GC(87) Old regions: 78->79
[2026-04-03T02:16:20.980+0600][32.241s][info][gc,heap        ] GC(87) Humongous regions: 89->8
[2026-04-03T02:16:20.980+0600][32.242s][info][gc,metaspace   ] GC(87) Metaspace: 130207K(131840K)->130207K(131840K) NonClass: 113726K(114560K)->113726K(114560K) Class: 16480K(17280K)->16480K(17280K)
[2026-04-03T02:16:20.980+0600][32.242s][info][gc             ] GC(87) Pause Young (Prepare Mixed) (G1 Evacuation Pause) 372M->93M(383M) 7.142ms
[2026-04-03T02:16:20.980+0600][32.242s][info][gc,cpu         ] GC(87) User=0.05s Sys=0.01s Real=0.01s
[2026-04-03T02:16:21.187+0600][32.449s][info][gc,start       ] GC(88) Pause Young (Mixed) (G1 Evacuation Pause)
[2026-04-03T02:16:21.187+0600][32.449s][info][gc,task        ] GC(88) Using 10 workers of 10 for evacuation
[2026-04-03T02:16:21.192+0600][32.454s][info][gc,phases      ] GC(88)   Pre Evacuate Collection Set: 0.24ms
[2026-04-03T02:16:21.193+0600][32.454s][info][gc,phases      ] GC(88)   Merge Heap Roots: 0.16ms
[2026-04-03T02:16:21.193+0600][32.454s][info][gc,phases      ] GC(88)   Evacuate Collection Set: 4.09ms
[2026-04-03T02:16:21.193+0600][32.454s][info][gc,phases      ] GC(88)   Post Evacuate Collection Set: 0.81ms
[2026-04-03T02:16:21.193+0600][32.454s][info][gc,phases      ] GC(88)   Other: 0.14ms
[2026-04-03T02:16:21.193+0600][32.454s][info][gc,heap        ] GC(88) Eden regions: 140->0(268)
[2026-04-03T02:16:21.193+0600][32.454s][info][gc,heap        ] GC(88) Survivor regions: 8->10(29)
[2026-04-03T02:16:21.193+0600][32.454s][info][gc,heap        ] GC(88) Old regions: 79->79
[2026-04-03T02:16:21.193+0600][32.454s][info][gc,heap        ] GC(88) Humongous regions: 226->23
[2026-04-03T02:16:21.193+0600][32.454s][info][gc,metaspace   ] GC(88) Metaspace: 130229K(131840K)->130229K(131840K) NonClass: 113749K(114560K)->113749K(114560K) Class: 16480K(17280K)->16480K(17280K)
[2026-04-03T02:16:21.193+0600][32.455s][info][gc             ] GC(88) Pause Young (Mixed) (G1 Evacuation Pause) 451M->110M(464M) 5.751ms
[2026-04-03T02:16:21.193+0600][32.455s][info][gc,cpu         ] GC(88) User=0.04s Sys=0.01s Real=0.01s
[2026-04-03T02:16:21.194+0600][32.455s][info][gc,start       ] GC(89) Pause Young (Concurrent Start) (G1 Humongous Allocation)
[2026-04-03T02:16:21.194+0600][32.455s][info][gc,task        ] GC(89) Using 10 workers of 10 for evacuation
[2026-04-03T02:16:21.198+0600][32.460s][info][gc,phases      ] GC(89)   Pre Evacuate Collection Set: 0.36ms
[2026-04-03T02:16:21.198+0600][32.460s][info][gc,phases      ] GC(89)   Merge Heap Roots: 0.11ms
[2026-04-03T02:16:21.198+0600][32.460s][info][gc,phases      ] GC(89)   Evacuate Collection Set: 3.21ms
[2026-04-03T02:16:21.198+0600][32.460s][info][gc,phases      ] GC(89)   Post Evacuate Collection Set: 0.56ms
[2026-04-03T02:16:21.198+0600][32.460s][info][gc,phases      ] GC(89)   Other: 0.15ms
[2026-04-03T02:16:21.198+0600][32.460s][info][gc,heap        ] GC(89) Eden regions: 3->0(268)
[2026-04-03T02:16:21.198+0600][32.460s][info][gc,heap        ] GC(89) Survivor regions: 10->10(35)
[2026-04-03T02:16:21.198+0600][32.460s][info][gc,heap        ] GC(89) Old regions: 79->79
[2026-04-03T02:16:21.198+0600][32.460s][info][gc,heap        ] GC(89) Humongous regions: 23->8
[2026-04-03T02:16:21.198+0600][32.460s][info][gc,metaspace   ] GC(89) Metaspace: 130229K(131840K)->130229K(131840K) NonClass: 113749K(114560K)->113749K(114560K) Class: 16480K(17280K)->16480K(17280K)
[2026-04-03T02:16:21.198+0600][32.460s][info][gc             ] GC(89) Pause Young (Concurrent Start) (G1 Humongous Allocation) 113M->95M(464M) 4.694ms
[2026-04-03T02:16:21.198+0600][32.460s][info][gc             ] GC(90) Concurrent Mark Cycle
[2026-04-03T02:16:21.198+0600][32.460s][info][gc,marking     ] GC(90) Concurrent Scan Root Regions
[2026-04-03T02:16:21.198+0600][32.460s][info][gc,cpu         ] GC(89) User=0.04s Sys=0.00s Real=0.00s
[2026-04-03T02:16:21.201+0600][32.463s][info][gc,marking     ] GC(90) Concurrent Scan Root Regions 2.982ms
[2026-04-03T02:16:21.201+0600][32.463s][info][gc,marking     ] GC(90) Concurrent Mark
[2026-04-03T02:16:21.201+0600][32.463s][info][gc,marking     ] GC(90) Concurrent Mark From Roots
[2026-04-03T02:16:21.201+0600][32.463s][info][gc,task        ] GC(90) Using 3 workers of 3 for marking
[2026-04-03T02:16:21.289+0600][32.551s][info][gc,marking     ] GC(90) Concurrent Mark From Roots 87.721ms
[2026-04-03T02:16:21.289+0600][32.551s][info][gc,marking     ] GC(90) Concurrent Preclean
[2026-04-03T02:16:21.290+0600][32.552s][info][gc,marking     ] GC(90) Concurrent Preclean 0.566ms
[2026-04-03T02:16:21.290+0600][32.552s][info][gc,start       ] GC(90) Pause Remark
[2026-04-03T02:16:21.314+0600][32.576s][info][gc             ] GC(90) Pause Remark 303M->303M(464M) 23.426ms
[2026-04-03T02:16:21.314+0600][32.576s][info][gc,cpu         ] GC(90) User=0.19s Sys=0.00s Real=0.02s
[2026-04-03T02:16:21.315+0600][32.577s][info][gc,marking     ] GC(90) Concurrent Mark 113.448ms
[2026-04-03T02:16:21.317+0600][32.579s][info][gc,marking     ] GC(90) Concurrent Rebuild Remembered Sets and Scrub Regions
[2026-04-03T02:16:21.351+0600][32.613s][info][gc,marking     ] GC(90) Concurrent Rebuild Remembered Sets and Scrub Regions 33.931ms
[2026-04-03T02:16:21.352+0600][32.614s][info][gc,start       ] GC(90) Pause Cleanup
[2026-04-03T02:16:21.352+0600][32.614s][info][gc             ] GC(90) Pause Cleanup 320M->320M(464M) 0.381ms
[2026-04-03T02:16:21.352+0600][32.614s][info][gc,cpu         ] GC(90) User=0.00s Sys=0.00s Real=0.00s
[2026-04-03T02:16:21.352+0600][32.614s][info][gc,marking     ] GC(90) Concurrent Clear Claimed Marks
[2026-04-03T02:16:21.353+0600][32.615s][info][gc,marking     ] GC(90) Concurrent Clear Claimed Marks 0.482ms
[2026-04-03T02:16:21.353+0600][32.615s][info][gc,marking     ] GC(90) Concurrent Cleanup for Next Mark
[2026-04-03T02:16:21.354+0600][32.616s][info][gc,marking     ] GC(90) Concurrent Cleanup for Next Mark 1.456ms
[2026-04-03T02:16:21.354+0600][32.616s][info][gc             ] GC(90) Concurrent Mark Cycle 156.186ms
[2026-04-03T02:16:21.428+0600][32.690s][info][gc,start       ] GC(91) Pause Young (Prepare Mixed) (G1 Evacuation Pause)
[2026-04-03T02:16:21.448+0600][32.710s][info][gc,task        ] GC(91) Using 10 workers of 10 for evacuation
[2026-04-03T02:16:21.456+0600][32.718s][info][gc,phases      ] GC(91)   Pre Evacuate Collection Set: 0.77ms
[2026-04-03T02:16:21.456+0600][32.718s][info][gc,phases      ] GC(91)   Merge Heap Roots: 0.43ms
[2026-04-03T02:16:21.456+0600][32.718s][info][gc,phases      ] GC(91)   Evacuate Collection Set: 5.75ms
[2026-04-03T02:16:21.456+0600][32.718s][info][gc,phases      ] GC(91)   Post Evacuate Collection Set: 0.89ms
[2026-04-03T02:16:21.456+0600][32.718s][info][gc,phases      ] GC(91)   Other: 0.19ms
[2026-04-03T02:16:21.456+0600][32.718s][info][gc,heap        ] GC(91) Eden regions: 68->0(373)
[2026-04-03T02:16:21.456+0600][32.718s][info][gc,heap        ] GC(91) Survivor regions: 10->11(36)
[2026-04-03T02:16:21.456+0600][32.718s][info][gc,heap        ] GC(91) Old regions: 79->80
[2026-04-03T02:16:21.456+0600][32.718s][info][gc,heap        ] GC(91) Humongous regions: 472->23
[2026-04-03T02:16:21.456+0600][32.718s][info][gc,metaspace   ] GC(91) Metaspace: 130233K(131840K)->130233K(131840K) NonClass: 113756K(114560K)->113756K(114560K) Class: 16476K(17280K)->16476K(17280K)
[2026-04-03T02:16:21.456+0600][32.718s][info][gc             ] GC(91) Pause Young (Prepare Mixed) (G1 Evacuation Pause) 627M->112M(641M) 28.452ms
[2026-04-03T02:16:21.456+0600][32.718s][info][gc,cpu         ] GC(91) User=0.03s Sys=0.03s Real=0.03s
[2026-04-03T02:16:22.120+0600][33.382s][info][gc,start       ] GC(92) Pause Young (Mixed) (G1 Evacuation Pause)
[2026-04-03T02:16:22.120+0600][33.382s][info][gc,task        ] GC(92) Using 10 workers of 10 for evacuation
[2026-04-03T02:16:22.128+0600][33.389s][info][gc,phases      ] GC(92)   Pre Evacuate Collection Set: 0.41ms
[2026-04-03T02:16:22.128+0600][33.390s][info][gc,phases      ] GC(92)   Merge Heap Roots: 0.29ms
[2026-04-03T02:16:22.128+0600][33.390s][info][gc,phases      ] GC(92)   Evacuate Collection Set: 5.69ms
[2026-04-03T02:16:22.128+0600][33.390s][info][gc,phases      ] GC(92)   Post Evacuate Collection Set: 0.86ms
[2026-04-03T02:16:22.128+0600][33.390s][info][gc,phases      ] GC(92)   Other: 0.13ms
[2026-04-03T02:16:22.128+0600][33.390s][info][gc,heap        ] GC(92) Eden regions: 328->0(388)
[2026-04-03T02:16:22.128+0600][33.390s][info][gc,heap        ] GC(92) Survivor regions: 11->9(49)
[2026-04-03T02:16:22.128+0600][33.390s][info][gc,heap        ] GC(92) Old regions: 80->81
[2026-04-03T02:16:22.128+0600][33.390s][info][gc,heap        ] GC(92) Humongous regions: 233->8
[2026-04-03T02:16:22.128+0600][33.390s][info][gc,metaspace   ] GC(92) Metaspace: 130313K(131904K)->130313K(131904K) NonClass: 113835K(114624K)->113835K(114624K) Class: 16477K(17280K)->16477K(17280K)
[2026-04-03T02:16:22.128+0600][33.390s][info][gc             ] GC(92) Pause Young (Mixed) (G1 Evacuation Pause) 650M->96M(663M) 7.777ms
[2026-04-03T02:16:22.128+0600][33.390s][info][gc,cpu         ] GC(92) User=0.06s Sys=0.02s Real=0.00s
[2026-04-03T02:16:22.149+0600][33.410s][info][gc,start       ] GC(93) Pause Young (Concurrent Start) (G1 Humongous Allocation)
[2026-04-03T02:16:22.149+0600][33.411s][info][gc,task        ] GC(93) Using 10 workers of 10 for evacuation
[2026-04-03T02:16:22.154+0600][33.416s][info][gc,phases      ] GC(93)   Pre Evacuate Collection Set: 0.70ms
[2026-04-03T02:16:22.155+0600][33.416s][info][gc,phases      ] GC(93)   Merge Heap Roots: 0.20ms
[2026-04-03T02:16:22.155+0600][33.416s][info][gc,phases      ] GC(93)   Evacuate Collection Set: 3.83ms
[2026-04-03T02:16:22.155+0600][33.416s][info][gc,phases      ] GC(93)   Post Evacuate Collection Set: 0.73ms
[2026-04-03T02:16:22.155+0600][33.416s][info][gc,phases      ] GC(93)   Other: 0.33ms
[2026-04-03T02:16:22.155+0600][33.416s][info][gc,heap        ] GC(93) Eden regions: 24->0(385)
[2026-04-03T02:16:22.155+0600][33.417s][info][gc,heap        ] GC(93) Survivor regions: 9->12(50)
[2026-04-03T02:16:22.155+0600][33.417s][info][gc,heap        ] GC(93) Old regions: 81->81
[2026-04-03T02:16:22.155+0600][33.417s][info][gc,heap        ] GC(93) Humongous regions: 8->8
[2026-04-03T02:16:22.155+0600][33.417s][info][gc,metaspace   ] GC(93) Metaspace: 130313K(131904K)->130313K(131904K) NonClass: 113835K(114624K)->113835K(114624K) Class: 16477K(17280K)->16477K(17280K)
[2026-04-03T02:16:22.155+0600][33.417s][info][gc             ] GC(93) Pause Young (Concurrent Start) (G1 Humongous Allocation) 120M->98M(663M) 6.159ms
[2026-04-03T02:16:22.155+0600][33.417s][info][gc             ] GC(94) Concurrent Mark Cycle
[2026-04-03T02:16:22.155+0600][33.417s][info][gc,cpu         ] GC(93) User=0.04s Sys=0.00s Real=0.01s
[2026-04-03T02:16:22.155+0600][33.417s][info][gc,marking     ] GC(94) Concurrent Scan Root Regions
[2026-04-03T02:16:22.158+0600][33.420s][info][gc,marking     ] GC(94) Concurrent Scan Root Regions 3.176ms
[2026-04-03T02:16:22.158+0600][33.420s][info][gc,marking     ] GC(94) Concurrent Mark
[2026-04-03T02:16:22.158+0600][33.420s][info][gc,marking     ] GC(94) Concurrent Mark From Roots
[2026-04-03T02:16:22.158+0600][33.420s][info][gc,task        ] GC(94) Using 3 workers of 3 for marking
[2026-04-03T02:16:22.238+0600][33.500s][info][gc,marking     ] GC(94) Concurrent Mark From Roots 80.068ms
[2026-04-03T02:16:22.238+0600][33.500s][info][gc,marking     ] GC(94) Concurrent Preclean
[2026-04-03T02:16:22.239+0600][33.501s][info][gc,marking     ] GC(94) Concurrent Preclean 0.489ms
[2026-04-03T02:16:22.239+0600][33.501s][info][gc,start       ] GC(94) Pause Remark
[2026-04-03T02:16:22.248+0600][33.510s][info][gc             ] GC(94) Pause Remark 171M->171M(477M) 8.392ms
[2026-04-03T02:16:22.248+0600][33.510s][info][gc,cpu         ] GC(94) User=0.05s Sys=0.01s Real=0.01s
[2026-04-03T02:16:22.248+0600][33.510s][info][gc,marking     ] GC(94) Concurrent Mark 89.873ms
[2026-04-03T02:16:22.248+0600][33.510s][info][gc,marking     ] GC(94) Concurrent Rebuild Remembered Sets and Scrub Regions
[2026-04-03T02:16:22.288+0600][33.550s][info][gc,marking     ] GC(94) Concurrent Rebuild Remembered Sets and Scrub Regions 39.634ms
[2026-04-03T02:16:22.288+0600][33.550s][info][gc,start       ] GC(94) Pause Cleanup
[2026-04-03T02:16:22.289+0600][33.551s][info][gc             ] GC(94) Pause Cleanup 209M->209M(477M) 0.328ms
[2026-04-03T02:16:22.289+0600][33.551s][info][gc,cpu         ] GC(94) User=0.00s Sys=0.00s Real=0.00s
[2026-04-03T02:16:22.289+0600][33.551s][info][gc,marking     ] GC(94) Concurrent Clear Claimed Marks
[2026-04-03T02:16:22.289+0600][33.551s][info][gc,marking     ] GC(94) Concurrent Clear Claimed Marks 0.449ms
[2026-04-03T02:16:22.289+0600][33.551s][info][gc,marking     ] GC(94) Concurrent Cleanup for Next Mark
[2026-04-03T02:16:22.291+0600][33.552s][info][gc,marking     ] GC(94) Concurrent Cleanup for Next Mark 1.051ms
[2026-04-03T02:16:22.291+0600][33.553s][info][gc             ] GC(94) Concurrent Mark Cycle 135.736ms
[2026-04-03T02:16:22.526+0600][33.788s][info][gc,start       ] GC(95) Pause Young (Prepare Mixed) (GCLocker Initiated GC)
[2026-04-03T02:16:22.526+0600][33.788s][info][gc,task        ] GC(95) Using 10 workers of 10 for evacuation
[2026-04-03T02:16:22.535+0600][33.797s][info][gc,phases      ] GC(95)   Pre Evacuate Collection Set: 0.47ms
[2026-04-03T02:16:22.535+0600][33.797s][info][gc,phases      ] GC(95)   Merge Heap Roots: 0.25ms
[2026-04-03T02:16:22.535+0600][33.797s][info][gc,phases      ] GC(95)   Evacuate Collection Set: 7.36ms
[2026-04-03T02:16:22.535+0600][33.797s][info][gc,phases      ] GC(95)   Post Evacuate Collection Set: 0.71ms
[2026-04-03T02:16:22.535+0600][33.797s][info][gc,phases      ] GC(95)   Other: 0.13ms
[2026-04-03T02:16:22.535+0600][33.797s][info][gc,heap        ] GC(95) Eden regions: 208->0(282)
[2026-04-03T02:16:22.535+0600][33.797s][info][gc,heap        ] GC(95) Survivor regions: 12->11(36)
[2026-04-03T02:16:22.535+0600][33.797s][info][gc,heap        ] GC(95) Old regions: 81->82
[2026-04-03T02:16:22.535+0600][33.797s][info][gc,heap        ] GC(95) Humongous regions: 176->8
[2026-04-03T02:16:22.535+0600][33.797s][info][gc,metaspace   ] GC(95) Metaspace: 130324K(131904K)->130324K(131904K) NonClass: 113846K(114624K)->113846K(114624K) Class: 16477K(17280K)->16477K(17280K)
[2026-04-03T02:16:22.535+0600][33.797s][info][gc             ] GC(95) Pause Young (Prepare Mixed) (GCLocker Initiated GC) 474M->98M(489M) 9.316ms
[2026-04-03T02:16:22.535+0600][33.797s][info][gc,cpu         ] GC(95) User=0.06s Sys=0.03s Real=0.01s
[2026-04-03T02:16:22.863+0600][34.125s][info][gc,start       ] GC(96) Pause Young (Mixed) (G1 Evacuation Pause)
[2026-04-03T02:16:22.863+0600][34.125s][info][gc,task        ] GC(96) Using 10 workers of 10 for evacuation
[2026-04-03T02:16:22.872+0600][34.133s][info][gc,phases      ] GC(96)   Pre Evacuate Collection Set: 0.51ms
[2026-04-03T02:16:22.872+0600][34.134s][info][gc,phases      ] GC(96)   Merge Heap Roots: 0.32ms
[2026-04-03T02:16:22.872+0600][34.134s][info][gc,phases      ] GC(96)   Evacuate Collection Set: 6.45ms
[2026-04-03T02:16:22.872+0600][34.134s][info][gc,phases      ] GC(96)   Post Evacuate Collection Set: 0.74ms
[2026-04-03T02:16:22.872+0600][34.134s][info][gc,phases      ] GC(96)   Other: 0.24ms
[2026-04-03T02:16:22.872+0600][34.134s][info][gc,heap        ] GC(96) Eden regions: 220->0(289)
[2026-04-03T02:16:22.872+0600][34.134s][info][gc,heap        ] GC(96) Survivor regions: 11->10(37)
[2026-04-03T02:16:22.872+0600][34.134s][info][gc,heap        ] GC(96) Old regions: 82->81
[2026-04-03T02:16:22.872+0600][34.134s][info][gc,heap        ] GC(96) Humongous regions: 176->8
[2026-04-03T02:16:22.872+0600][34.134s][info][gc,metaspace   ] GC(96) Metaspace: 130330K(131904K)->130330K(131904K) NonClass: 113851K(114624K)->113851K(114624K) Class: 16478K(17280K)->16478K(17280K)
[2026-04-03T02:16:22.872+0600][34.134s][info][gc             ] GC(96) Pause Young (Mixed) (G1 Evacuation Pause) 486M->97M(499M) 8.611ms
[2026-04-03T02:16:22.872+0600][34.134s][info][gc,cpu         ] GC(96) User=0.06s Sys=0.02s Real=0.01s
[2026-04-03T02:16:22.884+0600][34.146s][info][gc,start       ] GC(97) Pause Young (Concurrent Start) (G1 Humongous Allocation)
[2026-04-03T02:16:22.884+0600][34.146s][info][gc,task        ] GC(97) Using 10 workers of 10 for evacuation
[2026-04-03T02:16:22.890+0600][34.152s][info][gc,phases      ] GC(97)   Pre Evacuate Collection Set: 0.42ms
[2026-04-03T02:16:22.890+0600][34.152s][info][gc,phases      ] GC(97)   Merge Heap Roots: 0.15ms
[2026-04-03T02:16:22.890+0600][34.152s][info][gc,phases      ] GC(97)   Evacuate Collection Set: 4.17ms
[2026-04-03T02:16:22.890+0600][34.152s][info][gc,phases      ] GC(97)   Post Evacuate Collection Set: 0.62ms
[2026-04-03T02:16:22.890+0600][34.152s][info][gc,phases      ] GC(97)   Other: 0.17ms
[2026-04-03T02:16:22.890+0600][34.152s][info][gc,heap        ] GC(97) Eden regions: 17->0(289)
[2026-04-03T02:16:22.890+0600][34.152s][info][gc,heap        ] GC(97) Survivor regions: 10->10(38)
[2026-04-03T02:16:22.890+0600][34.152s][info][gc,heap        ] GC(97) Old regions: 81->81
[2026-04-03T02:16:22.890+0600][34.152s][info][gc,heap        ] GC(97) Humongous regions: 8->8
[2026-04-03T02:16:22.890+0600][34.152s][info][gc,metaspace   ] GC(97) Metaspace: 130330K(131904K)->130330K(131904K) NonClass: 113851K(114624K)->113851K(114624K) Class: 16478K(17280K)->16478K(17280K)
[2026-04-03T02:16:22.890+0600][34.152s][info][gc             ] GC(97) Pause Young (Concurrent Start) (G1 Humongous Allocation) 114M->98M(499M) 5.852ms
[2026-04-03T02:16:22.890+0600][34.152s][info][gc             ] GC(98) Concurrent Mark Cycle
[2026-04-03T02:16:22.890+0600][34.152s][info][gc,cpu         ] GC(97) User=0.05s Sys=0.00s Real=0.01s
[2026-04-03T02:16:22.890+0600][34.152s][info][gc,marking     ] GC(98) Concurrent Scan Root Regions
[2026-04-03T02:16:22.897+0600][34.159s][info][gc,marking     ] GC(98) Concurrent Scan Root Regions 7.010ms
[2026-04-03T02:16:22.897+0600][34.159s][info][gc,marking     ] GC(98) Concurrent Mark
[2026-04-03T02:16:22.897+0600][34.159s][info][gc,marking     ] GC(98) Concurrent Mark From Roots
[2026-04-03T02:16:22.897+0600][34.159s][info][gc,task        ] GC(98) Using 3 workers of 3 for marking
[2026-04-03T02:16:22.981+0600][34.243s][info][gc,marking     ] GC(98) Concurrent Mark From Roots 83.524ms
[2026-04-03T02:16:22.981+0600][34.243s][info][gc,marking     ] GC(98) Concurrent Preclean
[2026-04-03T02:16:22.981+0600][34.243s][info][gc,marking     ] GC(98) Concurrent Preclean 0.404ms
[2026-04-03T02:16:22.982+0600][34.243s][info][gc,start       ] GC(98) Pause Remark
[2026-04-03T02:16:22.990+0600][34.252s][info][gc             ] GC(98) Pause Remark 169M->169M(470M) 8.387ms
[2026-04-03T02:16:22.990+0600][34.252s][info][gc,cpu         ] GC(98) User=0.06s Sys=0.00s Real=0.01s
[2026-04-03T02:16:22.990+0600][34.252s][info][gc,marking     ] GC(98) Concurrent Mark 92.999ms
[2026-04-03T02:16:22.990+0600][34.252s][info][gc,marking     ] GC(98) Concurrent Rebuild Remembered Sets and Scrub Regions
[2026-04-03T02:16:23.015+0600][34.276s][info][gc,marking     ] GC(98) Concurrent Rebuild Remembered Sets and Scrub Regions 24.292ms
[2026-04-03T02:16:23.015+0600][34.277s][info][gc,start       ] GC(98) Pause Cleanup
[2026-04-03T02:16:23.015+0600][34.277s][info][gc             ] GC(98) Pause Cleanup 176M->176M(470M) 0.314ms
[2026-04-03T02:16:23.015+0600][34.277s][info][gc,cpu         ] GC(98) User=0.00s Sys=0.00s Real=0.00s
[2026-04-03T02:16:23.016+0600][34.277s][info][gc,marking     ] GC(98) Concurrent Clear Claimed Marks
[2026-04-03T02:16:23.016+0600][34.278s][info][gc,marking     ] GC(98) Concurrent Clear Claimed Marks 0.453ms
[2026-04-03T02:16:23.016+0600][34.278s][info][gc,marking     ] GC(98) Concurrent Cleanup for Next Mark
[2026-04-03T02:16:23.017+0600][34.279s][info][gc,marking     ] GC(98) Concurrent Cleanup for Next Mark 0.669ms
[2026-04-03T02:16:23.017+0600][34.279s][info][gc             ] GC(98) Concurrent Mark Cycle 126.761ms
[2026-04-03T02:16:23.440+0600][34.702s][info][gc,start       ] GC(99) Pause Young (Prepare Mixed) (G1 Evacuation Pause)
[2026-04-03T02:16:23.440+0600][34.702s][info][gc,task        ] GC(99) Using 10 workers of 10 for evacuation
[2026-04-03T02:16:23.446+0600][34.708s][info][gc,phases      ] GC(99)   Pre Evacuate Collection Set: 0.45ms
[2026-04-03T02:16:23.446+0600][34.708s][info][gc,phases      ] GC(99)   Merge Heap Roots: 0.35ms
[2026-04-03T02:16:23.446+0600][34.708s][info][gc,phases      ] GC(99)   Evacuate Collection Set: 4.77ms
[2026-04-03T02:16:23.446+0600][34.708s][info][gc,phases      ] GC(99)   Post Evacuate Collection Set: 0.73ms
[2026-04-03T02:16:23.447+0600][34.708s][info][gc,phases      ] GC(99)   Other: 0.12ms
[2026-04-03T02:16:23.447+0600][34.708s][info][gc,heap        ] GC(99) Eden regions: 256->0(279)
[2026-04-03T02:16:23.447+0600][34.708s][info][gc,heap        ] GC(99) Survivor regions: 10->9(36)
[2026-04-03T02:16:23.447+0600][34.708s][info][gc,heap        ] GC(99) Old regions: 81->82
[2026-04-03T02:16:23.447+0600][34.708s][info][gc,heap        ] GC(99) Humongous regions: 123->8
[2026-04-03T02:16:23.447+0600][34.708s][info][gc,metaspace   ] GC(99) Metaspace: 130398K(131904K)->130398K(131904K) NonClass: 113918K(114624K)->113918K(114624K) Class: 16479K(17280K)->16479K(17280K)
[2026-04-03T02:16:23.447+0600][34.709s][info][gc             ] GC(99) Pause Young (Prepare Mixed) (G1 Evacuation Pause) 469M->97M(480M) 6.710ms
[2026-04-03T02:16:23.447+0600][34.709s][info][gc,cpu         ] GC(99) User=0.04s Sys=0.01s Real=0.00s
[2026-04-03T02:16:23.787+0600][35.049s][info][gc,start       ] GC(100) Pause Young (Mixed) (G1 Evacuation Pause)
[2026-04-03T02:16:23.787+0600][35.049s][info][gc,task        ] GC(100) Using 10 workers of 10 for evacuation
[2026-04-03T02:16:23.796+0600][35.058s][info][gc,phases      ] GC(100)   Pre Evacuate Collection Set: 0.56ms
[2026-04-03T02:16:23.796+0600][35.058s][info][gc,phases      ] GC(100)   Merge Heap Roots: 0.35ms
[2026-04-03T02:16:23.796+0600][35.058s][info][gc,phases      ] GC(100)   Evacuate Collection Set: 6.94ms
[2026-04-03T02:16:23.796+0600][35.058s][info][gc,phases      ] GC(100)   Post Evacuate Collection Set: 0.93ms
[2026-04-03T02:16:23.796+0600][35.058s][info][gc,phases      ] GC(100)   Other: 0.14ms
[2026-04-03T02:16:23.796+0600][35.058s][info][gc,heap        ] GC(100) Eden regions: 218->0(288)
[2026-04-03T02:16:23.796+0600][35.058s][info][gc,heap        ] GC(100) Survivor regions: 9->9(37)
[2026-04-03T02:16:23.796+0600][35.058s][info][gc,heap        ] GC(100) Old regions: 82->82
[2026-04-03T02:16:23.796+0600][35.058s][info][gc,heap        ] GC(100) Humongous regions: 176->8
[2026-04-03T02:16:23.796+0600][35.058s][info][gc,metaspace   ] GC(100) Metaspace: 130418K(131904K)->130418K(131904K) NonClass: 113938K(114624K)->113938K(114624K) Class: 16479K(17280K)->16479K(17280K)
[2026-04-03T02:16:23.796+0600][35.058s][info][gc             ] GC(100) Pause Young (Mixed) (G1 Evacuation Pause) 483M->97M(495M) 9.244ms
[2026-04-03T02:16:23.796+0600][35.058s][info][gc,cpu         ] GC(100) User=0.04s Sys=0.01s Real=0.01s
[2026-04-03T02:16:23.813+0600][35.074s][info][gc,start       ] GC(101) Pause Young (Concurrent Start) (G1 Humongous Allocation)
[2026-04-03T02:16:23.813+0600][35.075s][info][gc,task        ] GC(101) Using 10 workers of 10 for evacuation
[2026-04-03T02:16:23.819+0600][35.081s][info][gc,phases      ] GC(101)   Pre Evacuate Collection Set: 0.52ms
[2026-04-03T02:16:23.819+0600][35.081s][info][gc,phases      ] GC(101)   Merge Heap Roots: 0.16ms
[2026-04-03T02:16:23.819+0600][35.081s][info][gc,phases      ] GC(101)   Evacuate Collection Set: 4.32ms
[2026-04-03T02:16:23.819+0600][35.081s][info][gc,phases      ] GC(101)   Post Evacuate Collection Set: 0.81ms
[2026-04-03T02:16:23.819+0600][35.081s][info][gc,phases      ] GC(101)   Other: 0.19ms
[2026-04-03T02:16:23.819+0600][35.081s][info][gc,heap        ] GC(101) Eden regions: 12->0(287)
[2026-04-03T02:16:23.819+0600][35.081s][info][gc,heap        ] GC(101) Survivor regions: 9->10(38)
[2026-04-03T02:16:23.819+0600][35.081s][info][gc,heap        ] GC(101) Old regions: 82->82
[2026-04-03T02:16:23.819+0600][35.081s][info][gc,heap        ] GC(101) Humongous regions: 8->8
[2026-04-03T02:16:23.819+0600][35.081s][info][gc,metaspace   ] GC(101) Metaspace: 130418K(131904K)->130418K(131904K) NonClass: 113938K(114624K)->113938K(114624K) Class: 16479K(17280K)->16479K(17280K)
[2026-04-03T02:16:23.819+0600][35.081s][info][gc             ] GC(101) Pause Young (Concurrent Start) (G1 Humongous Allocation) 109M->98M(495M) 6.400ms
[2026-04-03T02:16:23.819+0600][35.081s][info][gc             ] GC(102) Concurrent Mark Cycle
[2026-04-03T02:16:23.819+0600][35.081s][info][gc,marking     ] GC(102) Concurrent Scan Root Regions
[2026-04-03T02:16:23.819+0600][35.081s][info][gc,cpu         ] GC(101) User=0.04s Sys=0.00s Real=0.00s
[2026-04-03T02:16:23.822+0600][35.084s][info][gc,marking     ] GC(102) Concurrent Scan Root Regions 3.300ms
[2026-04-03T02:16:23.822+0600][35.084s][info][gc,marking     ] GC(102) Concurrent Mark
[2026-04-03T02:16:23.822+0600][35.084s][info][gc,marking     ] GC(102) Concurrent Mark From Roots
[2026-04-03T02:16:23.823+0600][35.084s][info][gc,task        ] GC(102) Using 3 workers of 3 for marking
[2026-04-03T02:16:23.907+0600][35.169s][info][gc,marking     ] GC(102) Concurrent Mark From Roots 84.788ms
[2026-04-03T02:16:23.907+0600][35.169s][info][gc,marking     ] GC(102) Concurrent Preclean
[2026-04-03T02:16:23.908+0600][35.170s][info][gc,marking     ] GC(102) Concurrent Preclean 0.473ms
[2026-04-03T02:16:23.908+0600][35.170s][info][gc,start       ] GC(102) Pause Remark
[2026-04-03T02:16:23.917+0600][35.179s][info][gc             ] GC(102) Pause Remark 174M->174M(457M) 8.674ms
[2026-04-03T02:16:23.917+0600][35.179s][info][gc,cpu         ] GC(102) User=0.06s Sys=0.01s Real=0.01s
[2026-04-03T02:16:23.917+0600][35.179s][info][gc,marking     ] GC(102) Concurrent Mark 94.848ms
[2026-04-03T02:16:23.917+0600][35.179s][info][gc,marking     ] GC(102) Concurrent Rebuild Remembered Sets and Scrub Regions
[2026-04-03T02:16:23.952+0600][35.214s][info][gc,marking     ] GC(102) Concurrent Rebuild Remembered Sets and Scrub Regions 34.312ms
[2026-04-03T02:16:23.952+0600][35.214s][info][gc,start       ] GC(102) Pause Cleanup
[2026-04-03T02:16:23.953+0600][35.214s][info][gc             ] GC(102) Pause Cleanup 190M->190M(457M) 0.404ms
[2026-04-03T02:16:23.953+0600][35.215s][info][gc,cpu         ] GC(102) User=0.00s Sys=0.00s Real=0.00s
[2026-04-03T02:16:23.953+0600][35.215s][info][gc,marking     ] GC(102) Concurrent Clear Claimed Marks
[2026-04-03T02:16:23.953+0600][35.215s][info][gc,marking     ] GC(102) Concurrent Clear Claimed Marks 0.372ms
[2026-04-03T02:16:23.953+0600][35.215s][info][gc,marking     ] GC(102) Concurrent Cleanup for Next Mark
[2026-04-03T02:16:23.957+0600][35.218s][info][gc,marking     ] GC(102) Concurrent Cleanup for Next Mark 3.299ms
[2026-04-03T02:16:23.957+0600][35.219s][info][gc             ] GC(102) Concurrent Mark Cycle 137.609ms
[2026-04-03T02:16:24.172+0600][35.434s][info][gc,start       ] GC(103) Pause Young (Prepare Mixed) (G1 Evacuation Pause)
[2026-04-03T02:16:24.172+0600][35.434s][info][gc,task        ] GC(103) Using 10 workers of 10 for evacuation
[2026-04-03T02:16:24.178+0600][35.440s][info][gc,phases      ] GC(103)   Pre Evacuate Collection Set: 0.37ms
[2026-04-03T02:16:24.178+0600][35.440s][info][gc,phases      ] GC(103)   Merge Heap Roots: 0.28ms
[2026-04-03T02:16:24.178+0600][35.440s][info][gc,phases      ] GC(103)   Evacuate Collection Set: 4.36ms
[2026-04-03T02:16:24.178+0600][35.440s][info][gc,phases      ] GC(103)   Post Evacuate Collection Set: 0.91ms
[2026-04-03T02:16:24.178+0600][35.440s][info][gc,phases      ] GC(103)   Other: 0.12ms
[2026-04-03T02:16:24.178+0600][35.440s][info][gc,heap        ] GC(103) Eden regions: 206->0(279)
[2026-04-03T02:16:24.178+0600][35.440s][info][gc,heap        ] GC(103) Survivor regions: 10->7(35)
[2026-04-03T02:16:24.178+0600][35.440s][info][gc,heap        ] GC(103) Old regions: 82->83
[2026-04-03T02:16:24.178+0600][35.440s][info][gc,heap        ] GC(103) Humongous regions: 171->8
[2026-04-03T02:16:24.178+0600][35.440s][info][gc,metaspace   ] GC(103) Metaspace: 130434K(131968K)->130434K(131968K) NonClass: 113954K(114688K)->113954K(114688K) Class: 16479K(17280K)->16479K(17280K)
[2026-04-03T02:16:24.178+0600][35.440s][info][gc             ] GC(103) Pause Young (Prepare Mixed) (G1 Evacuation Pause) 467M->96M(477M) 6.370ms
[2026-04-03T02:16:24.179+0600][35.440s][info][gc,cpu         ] GC(103) User=0.04s Sys=0.02s Real=0.00s
[2026-04-03T02:16:24.599+0600][35.861s][info][gc,start       ] GC(104) Pause Young (Mixed) (G1 Evacuation Pause)
[2026-04-03T02:16:24.599+0600][35.861s][info][gc,task        ] GC(104) Using 10 workers of 10 for evacuation
[2026-04-03T02:16:24.607+0600][35.869s][info][gc,phases      ] GC(104)   Pre Evacuate Collection Set: 0.36ms
[2026-04-03T02:16:24.608+0600][35.869s][info][gc,phases      ] GC(104)   Merge Heap Roots: 0.28ms
[2026-04-03T02:16:24.608+0600][35.869s][info][gc,phases      ] GC(104)   Evacuate Collection Set: 6.62ms
[2026-04-03T02:16:24.608+0600][35.869s][info][gc,phases      ] GC(104)   Post Evacuate Collection Set: 0.95ms
[2026-04-03T02:16:24.608+0600][35.870s][info][gc,phases      ] GC(104)   Other: 0.13ms
[2026-04-03T02:16:24.608+0600][35.870s][info][gc,heap        ] GC(104) Eden regions: 249->0(283)
[2026-04-03T02:16:24.608+0600][35.870s][info][gc,heap        ] GC(104) Survivor regions: 7->9(36)
[2026-04-03T02:16:24.608+0600][35.870s][info][gc,heap        ] GC(104) Old regions: 83->83
[2026-04-03T02:16:24.608+0600][35.870s][info][gc,heap        ] GC(104) Humongous regions: 138->8
[2026-04-03T02:16:24.608+0600][35.870s][info][gc,metaspace   ] GC(104) Metaspace: 130455K(131968K)->130455K(131968K) NonClass: 113976K(114688K)->113976K(114688K) Class: 16479K(17280K)->16479K(17280K)
[2026-04-03T02:16:24.608+0600][35.870s][info][gc             ] GC(104) Pause Young (Mixed) (G1 Evacuation Pause) 475M->99M(488M) 8.824ms
[2026-04-03T02:16:24.608+0600][35.870s][info][gc,cpu         ] GC(104) User=0.05s Sys=0.02s Real=0.01s
[2026-04-03T02:16:24.638+0600][35.900s][info][gc,start       ] GC(105) Pause Young (Concurrent Start) (G1 Humongous Allocation)
[2026-04-03T02:16:24.638+0600][35.900s][info][gc,task        ] GC(105) Using 10 workers of 10 for evacuation
[2026-04-03T02:16:24.644+0600][35.906s][info][gc,phases      ] GC(105)   Pre Evacuate Collection Set: 0.40ms
[2026-04-03T02:16:24.644+0600][35.906s][info][gc,phases      ] GC(105)   Merge Heap Roots: 0.34ms
[2026-04-03T02:16:24.644+0600][35.906s][info][gc,phases      ] GC(105)   Evacuate Collection Set: 4.13ms
[2026-04-03T02:16:24.644+0600][35.906s][info][gc,phases      ] GC(105)   Post Evacuate Collection Set: 0.75ms
[2026-04-03T02:16:24.644+0600][35.906s][info][gc,phases      ] GC(105)   Other: 0.20ms
[2026-04-03T02:16:24.644+0600][35.906s][info][gc,heap        ] GC(105) Eden regions: 36->0(283)
[2026-04-03T02:16:24.644+0600][35.906s][info][gc,heap        ] GC(105) Survivor regions: 9->9(37)
[2026-04-03T02:16:24.644+0600][35.906s][info][gc,heap        ] GC(105) Old regions: 83->83
[2026-04-03T02:16:24.644+0600][35.906s][info][gc,heap        ] GC(105) Humongous regions: 8->8
[2026-04-03T02:16:24.644+0600][35.906s][info][gc,metaspace   ] GC(105) Metaspace: 130456K(131968K)->130456K(131968K) NonClass: 113976K(114688K)->113976K(114688K) Class: 16479K(17280K)->16479K(17280K)
[2026-04-03T02:16:24.644+0600][35.906s][info][gc             ] GC(105) Pause Young (Concurrent Start) (G1 Humongous Allocation) 134M->99M(488M) 6.118ms
[2026-04-03T02:16:24.645+0600][35.906s][info][gc             ] GC(106) Concurrent Mark Cycle
[2026-04-03T02:16:24.645+0600][35.907s][info][gc,cpu         ] GC(105) User=0.05s Sys=0.00s Real=0.01s
[2026-04-03T02:16:24.645+0600][35.907s][info][gc,marking     ] GC(106) Concurrent Scan Root Regions
[2026-04-03T02:16:24.649+0600][35.911s][info][gc,marking     ] GC(106) Concurrent Scan Root Regions 3.986ms
[2026-04-03T02:16:24.649+0600][35.911s][info][gc,marking     ] GC(106) Concurrent Mark
[2026-04-03T02:16:24.649+0600][35.911s][info][gc,marking     ] GC(106) Concurrent Mark From Roots
[2026-04-03T02:16:24.649+0600][35.911s][info][gc,task        ] GC(106) Using 3 workers of 3 for marking
[2026-04-03T02:16:24.746+0600][36.008s][info][gc,marking     ] GC(106) Concurrent Mark From Roots 97.073ms
[2026-04-03T02:16:24.746+0600][36.008s][info][gc,marking     ] GC(106) Concurrent Preclean
[2026-04-03T02:16:24.746+0600][36.008s][info][gc,marking     ] GC(106) Concurrent Preclean 0.255ms
[2026-04-03T02:16:24.747+0600][36.008s][info][gc,start       ] GC(106) Pause Remark
[2026-04-03T02:16:24.755+0600][36.017s][info][gc             ] GC(106) Pause Remark 195M->195M(404M) 8.794ms
[2026-04-03T02:16:24.756+0600][36.017s][info][gc,cpu         ] GC(106) User=0.07s Sys=0.00s Real=0.01s
[2026-04-03T02:16:24.756+0600][36.018s][info][gc,marking     ] GC(106) Concurrent Mark 106.930ms
[2026-04-03T02:16:24.756+0600][36.018s][info][gc,marking     ] GC(106) Concurrent Rebuild Remembered Sets and Scrub Regions
[2026-04-03T02:16:24.797+0600][36.059s][info][gc,marking     ] GC(106) Concurrent Rebuild Remembered Sets and Scrub Regions 40.929ms
[2026-04-03T02:16:24.797+0600][36.059s][info][gc,start       ] GC(106) Pause Cleanup
[2026-04-03T02:16:24.798+0600][36.059s][info][gc             ] GC(106) Pause Cleanup 255M->255M(404M) 0.434ms
[2026-04-03T02:16:24.798+0600][36.060s][info][gc,cpu         ] GC(106) User=0.00s Sys=0.00s Real=0.00s
[2026-04-03T02:16:24.798+0600][36.060s][info][gc,marking     ] GC(106) Concurrent Clear Claimed Marks
[2026-04-03T02:16:24.798+0600][36.060s][info][gc,marking     ] GC(106) Concurrent Clear Claimed Marks 0.396ms
[2026-04-03T02:16:24.798+0600][36.060s][info][gc,marking     ] GC(106) Concurrent Cleanup for Next Mark
[2026-04-03T02:16:24.799+0600][36.061s][info][gc,marking     ] GC(106) Concurrent Cleanup for Next Mark 1.134ms
[2026-04-03T02:16:24.800+0600][36.061s][info][gc             ] GC(106) Concurrent Mark Cycle 154.992ms
[2026-04-03T02:16:24.963+0600][36.225s][info][gc,start       ] GC(107) Pause Young (Prepare Mixed) (G1 Evacuation Pause)
[2026-04-03T02:16:24.963+0600][36.225s][info][gc,task        ] GC(107) Using 10 workers of 10 for evacuation
[2026-04-03T02:16:24.969+0600][36.231s][info][gc,phases      ] GC(107)   Pre Evacuate Collection Set: 0.35ms
[2026-04-03T02:16:24.969+0600][36.231s][info][gc,phases      ] GC(107)   Merge Heap Roots: 0.16ms
[2026-04-03T02:16:24.969+0600][36.231s][info][gc,phases      ] GC(107)   Evacuate Collection Set: 4.53ms
[2026-04-03T02:16:24.969+0600][36.231s][info][gc,phases      ] GC(107)   Post Evacuate Collection Set: 0.84ms
[2026-04-03T02:16:24.969+0600][36.231s][info][gc,phases      ] GC(107)   Other: 0.13ms
[2026-04-03T02:16:24.969+0600][36.231s][info][gc,heap        ] GC(107) Eden regions: 180->0(301)
[2026-04-03T02:16:24.969+0600][36.231s][info][gc,heap        ] GC(107) Survivor regions: 9->11(31)
[2026-04-03T02:16:24.969+0600][36.231s][info][gc,heap        ] GC(107) Old regions: 83->84
[2026-04-03T02:16:24.969+0600][36.231s][info][gc,heap        ] GC(107) Humongous regions: 237->23
[2026-04-03T02:16:24.969+0600][36.231s][info][gc,metaspace   ] GC(107) Metaspace: 130471K(131968K)->130471K(131968K) NonClass: 113991K(114688K)->113991K(114688K) Class: 16479K(17280K)->16479K(17280K)
[2026-04-03T02:16:24.969+0600][36.231s][info][gc             ] GC(107) Pause Young (Prepare Mixed) (G1 Evacuation Pause) 508M->115M(521M) 6.393ms
[2026-04-03T02:16:24.969+0600][36.231s][info][gc,cpu         ] GC(107) User=0.04s Sys=0.01s Real=0.00s
[2026-04-03T02:16:25.111+0600][36.373s][info][gc,start       ] GC(108) Pause Young (Mixed) (G1 Evacuation Pause)
[2026-04-03T02:16:25.111+0600][36.373s][info][gc,task        ] GC(108) Using 10 workers of 10 for evacuation
[2026-04-03T02:16:25.116+0600][36.378s][info][gc,phases      ] GC(108)   Pre Evacuate Collection Set: 0.27ms
[2026-04-03T02:16:25.116+0600][36.378s][info][gc,phases      ] GC(108)   Merge Heap Roots: 0.13ms
[2026-04-03T02:16:25.116+0600][36.378s][info][gc,phases      ] GC(108)   Evacuate Collection Set: 3.60ms
[2026-04-03T02:16:25.116+0600][36.378s][info][gc,phases      ] GC(108)   Post Evacuate Collection Set: 0.78ms
[2026-04-03T02:16:25.116+0600][36.378s][info][gc,phases      ] GC(108)   Other: 0.08ms
[2026-04-03T02:16:25.116+0600][36.378s][info][gc,heap        ] GC(108) Eden regions: 69->0(385)
[2026-04-03T02:16:25.116+0600][36.378s][info][gc,heap        ] GC(108) Survivor regions: 11->10(39)
[2026-04-03T02:16:25.116+0600][36.378s][info][gc,heap        ] GC(108) Old regions: 84->84
[2026-04-03T02:16:25.116+0600][36.378s][info][gc,heap        ] GC(108) Humongous regions: 484->18
[2026-04-03T02:16:25.116+0600][36.378s][info][gc,metaspace   ] GC(108) Metaspace: 130494K(132032K)->130494K(132032K) NonClass: 114014K(114752K)->114014K(114752K) Class: 16480K(17280K)->16480K(17280K)
[2026-04-03T02:16:25.116+0600][36.378s][info][gc             ] GC(108) Pause Young (Mixed) (G1 Evacuation Pause) 645M->110M(659M) 5.133ms
[2026-04-03T02:16:25.116+0600][36.378s][info][gc,cpu         ] GC(108) User=0.02s Sys=0.01s Real=0.00s
[2026-04-03T02:16:25.119+0600][36.381s][info][gc,start       ] GC(109) Pause Young (Concurrent Start) (G1 Humongous Allocation)
[2026-04-03T02:16:25.119+0600][36.381s][info][gc,task        ] GC(109) Using 10 workers of 10 for evacuation
[2026-04-03T02:16:25.123+0600][36.385s][info][gc,phases      ] GC(109)   Pre Evacuate Collection Set: 0.33ms
[2026-04-03T02:16:25.123+0600][36.385s][info][gc,phases      ] GC(109)   Merge Heap Roots: 0.08ms
[2026-04-03T02:16:25.123+0600][36.385s][info][gc,phases      ] GC(109)   Evacuate Collection Set: 2.42ms
[2026-04-03T02:16:25.123+0600][36.385s][info][gc,phases      ] GC(109)   Post Evacuate Collection Set: 0.47ms
[2026-04-03T02:16:25.123+0600][36.385s][info][gc,phases      ] GC(109)   Other: 0.09ms
[2026-04-03T02:16:25.123+0600][36.385s][info][gc,heap        ] GC(109) Eden regions: 2->0(385)
[2026-04-03T02:16:25.123+0600][36.385s][info][gc,heap        ] GC(109) Survivor regions: 10->10(50)
[2026-04-03T02:16:25.123+0600][36.385s][info][gc,heap        ] GC(109) Old regions: 84->84
[2026-04-03T02:16:25.123+0600][36.385s][info][gc,heap        ] GC(109) Humongous regions: 43->13
[2026-04-03T02:16:25.123+0600][36.385s][info][gc,metaspace   ] GC(109) Metaspace: 130494K(132032K)->130494K(132032K) NonClass: 114014K(114752K)->114014K(114752K) Class: 16480K(17280K)->16480K(17280K)
[2026-04-03T02:16:25.123+0600][36.385s][info][gc             ] GC(109) Pause Young (Concurrent Start) (G1 Humongous Allocation) 137M->105M(659M) 3.661ms
[2026-04-03T02:16:25.123+0600][36.385s][info][gc             ] GC(110) Concurrent Undo Cycle
[2026-04-03T02:16:25.123+0600][36.385s][info][gc,marking     ] GC(110) Concurrent Clear Claimed Marks
[2026-04-03T02:16:25.123+0600][36.385s][info][gc,cpu         ] GC(109) User=0.03s Sys=0.00s Real=0.01s
[2026-04-03T02:16:25.123+0600][36.385s][info][gc,marking     ] GC(110) Concurrent Clear Claimed Marks 0.276ms
[2026-04-03T02:16:25.123+0600][36.385s][info][gc,marking     ] GC(110) Concurrent Cleanup for Next Mark
[2026-04-03T02:16:25.124+0600][36.385s][info][gc,marking     ] GC(110) Concurrent Cleanup for Next Mark 0.181ms
[2026-04-03T02:16:25.124+0600][36.385s][info][gc             ] GC(110) Concurrent Undo Cycle 0.584ms
[2026-04-03T02:16:25.124+0600][36.386s][info][gc,start       ] GC(111) Pause Young (Concurrent Start) (G1 Humongous Allocation)
[2026-04-03T02:16:25.124+0600][36.386s][info][gc,task        ] GC(111) Using 10 workers of 10 for evacuation
[2026-04-03T02:16:25.128+0600][36.390s][info][gc,phases      ] GC(111)   Pre Evacuate Collection Set: 0.37ms
[2026-04-03T02:16:25.128+0600][36.390s][info][gc,phases      ] GC(111)   Merge Heap Roots: 0.09ms
[2026-04-03T02:16:25.128+0600][36.390s][info][gc,phases      ] GC(111)   Evacuate Collection Set: 2.77ms
[2026-04-03T02:16:25.128+0600][36.390s][info][gc,phases      ] GC(111)   Post Evacuate Collection Set: 0.57ms
[2026-04-03T02:16:25.128+0600][36.390s][info][gc,phases      ] GC(111)   Other: 0.10ms
[2026-04-03T02:16:25.128+0600][36.390s][info][gc,heap        ] GC(111) Eden regions: 2->0(386)
[2026-04-03T02:16:25.128+0600][36.390s][info][gc,heap        ] GC(111) Survivor regions: 10->9(50)
[2026-04-03T02:16:25.128+0600][36.390s][info][gc,heap        ] GC(111) Old regions: 84->85
[2026-04-03T02:16:25.128+0600][36.390s][info][gc,heap        ] GC(111) Humongous regions: 18->8
[2026-04-03T02:16:25.128+0600][36.390s][info][gc,metaspace   ] GC(111) Metaspace: 130494K(132032K)->130494K(132032K) NonClass: 114014K(114752K)->114014K(114752K) Class: 16480K(17280K)->16480K(17280K)
[2026-04-03T02:16:25.128+0600][36.390s][info][gc             ] GC(111) Pause Young (Concurrent Start) (G1 Humongous Allocation) 111M->100M(659M) 4.105ms
[2026-04-03T02:16:25.128+0600][36.390s][info][gc             ] GC(112) Concurrent Mark Cycle
[2026-04-03T02:16:25.128+0600][36.390s][info][gc,marking     ] GC(112) Concurrent Scan Root Regions
[2026-04-03T02:16:25.128+0600][36.390s][info][gc,cpu         ] GC(111) User=0.03s Sys=0.00s Real=0.00s
[2026-04-03T02:16:25.130+0600][36.392s][info][gc,marking     ] GC(112) Concurrent Scan Root Regions 2.106ms
[2026-04-03T02:16:25.131+0600][36.392s][info][gc,marking     ] GC(112) Concurrent Mark
[2026-04-03T02:16:25.131+0600][36.392s][info][gc,marking     ] GC(112) Concurrent Mark From Roots
[2026-04-03T02:16:25.131+0600][36.392s][info][gc,task        ] GC(112) Using 3 workers of 3 for marking
[2026-04-03T02:16:25.202+0600][36.464s][info][gc,marking     ] GC(112) Concurrent Mark From Roots 71.888ms
[2026-04-03T02:16:25.203+0600][36.464s][info][gc,marking     ] GC(112) Concurrent Preclean
[2026-04-03T02:16:25.203+0600][36.465s][info][gc,marking     ] GC(112) Concurrent Preclean 0.428ms
[2026-04-03T02:16:25.203+0600][36.465s][info][gc,start       ] GC(112) Pause Remark
[2026-04-03T02:16:25.213+0600][36.475s][info][gc             ] GC(112) Pause Remark 203M->203M(514M) 10.182ms
[2026-04-03T02:16:25.214+0600][36.476s][info][gc,cpu         ] GC(112) User=0.08s Sys=0.00s Real=0.01s
[2026-04-03T02:16:25.214+0600][36.476s][info][gc,marking     ] GC(112) Concurrent Mark 83.330ms
[2026-04-03T02:16:25.214+0600][36.476s][info][gc,marking     ] GC(112) Concurrent Rebuild Remembered Sets and Scrub Regions
[2026-04-03T02:16:25.246+0600][36.508s][info][gc,marking     ] GC(112) Concurrent Rebuild Remembered Sets and Scrub Regions 31.805ms
[2026-04-03T02:16:25.246+0600][36.508s][info][gc,start       ] GC(112) Pause Cleanup
[2026-04-03T02:16:25.247+0600][36.508s][info][gc             ] GC(112) Pause Cleanup 216M->216M(514M) 0.376ms
[2026-04-03T02:16:25.247+0600][36.509s][info][gc,cpu         ] GC(112) User=0.00s Sys=0.00s Real=0.00s
[2026-04-03T02:16:25.247+0600][36.509s][info][gc,marking     ] GC(112) Concurrent Clear Claimed Marks
[2026-04-03T02:16:25.247+0600][36.509s][info][gc,marking     ] GC(112) Concurrent Clear Claimed Marks 0.407ms
[2026-04-03T02:16:25.247+0600][36.509s][info][gc,marking     ] GC(112) Concurrent Cleanup for Next Mark
[2026-04-03T02:16:25.249+0600][36.511s][info][gc,marking     ] GC(112) Concurrent Cleanup for Next Mark 1.521ms
[2026-04-03T02:16:25.249+0600][36.511s][info][gc             ] GC(112) Concurrent Mark Cycle 120.514ms
[2026-04-03T02:16:25.713+0600][36.975s][info][gc,start       ] GC(113) Pause Young (Prepare Mixed) (G1 Evacuation Pause)
[2026-04-03T02:16:25.713+0600][36.975s][info][gc,task        ] GC(113) Using 10 workers of 10 for evacuation
[2026-04-03T02:16:25.719+0600][36.981s][info][gc,phases      ] GC(113)   Pre Evacuate Collection Set: 0.45ms
[2026-04-03T02:16:25.720+0600][36.981s][info][gc,phases      ] GC(113)   Merge Heap Roots: 0.29ms
[2026-04-03T02:16:25.720+0600][36.981s][info][gc,phases      ] GC(113)   Evacuate Collection Set: 4.52ms
[2026-04-03T02:16:25.720+0600][36.981s][info][gc,phases      ] GC(113)   Post Evacuate Collection Set: 0.66ms
[2026-04-03T02:16:25.720+0600][36.981s][info][gc,phases      ] GC(113)   Other: 0.10ms
[2026-04-03T02:16:25.720+0600][36.981s][info][gc,heap        ] GC(113) Eden regions: 282->0(318)
[2026-04-03T02:16:25.720+0600][36.981s][info][gc,heap        ] GC(113) Survivor regions: 9->9(39)
[2026-04-03T02:16:25.720+0600][36.981s][info][gc,heap        ] GC(113) Old regions: 85->86
[2026-04-03T02:16:25.720+0600][36.981s][info][gc,heap        ] GC(113) Humongous regions: 159->8
[2026-04-03T02:16:25.720+0600][36.981s][info][gc,metaspace   ] GC(113) Metaspace: 130532K(132032K)->130532K(132032K) NonClass: 114051K(114752K)->114051K(114752K) Class: 16481K(17280K)->16481K(17280K)
[2026-04-03T02:16:25.720+0600][36.982s][info][gc             ] GC(113) Pause Young (Prepare Mixed) (G1 Evacuation Pause) 533M->101M(545M) 6.279ms
[2026-04-03T02:16:25.720+0600][36.982s][info][gc,cpu         ] GC(113) User=0.03s Sys=0.01s Real=0.01s
[2026-04-03T02:16:26.057+0600][37.318s][info][gc,start       ] GC(114) Pause Young (Mixed) (GCLocker Initiated GC)
[2026-04-03T02:16:26.057+0600][37.319s][info][gc,task        ] GC(114) Using 10 workers of 10 for evacuation
[2026-04-03T02:16:26.064+0600][37.326s][info][gc,phases      ] GC(114)   Pre Evacuate Collection Set: 0.47ms
[2026-04-03T02:16:26.064+0600][37.326s][info][gc,phases      ] GC(114)   Merge Heap Roots: 0.28ms
[2026-04-03T02:16:26.064+0600][37.326s][info][gc,phases      ] GC(114)   Evacuate Collection Set: 5.76ms
[2026-04-03T02:16:26.064+0600][37.326s][info][gc,phases      ] GC(114)   Post Evacuate Collection Set: 0.76ms
[2026-04-03T02:16:26.064+0600][37.326s][info][gc,phases      ] GC(114)   Other: 0.14ms
[2026-04-03T02:16:26.064+0600][37.326s][info][gc,heap        ] GC(114) Eden regions: 251->0(324)
[2026-04-03T02:16:26.064+0600][37.326s][info][gc,heap        ] GC(114) Survivor regions: 9->10(41)
[2026-04-03T02:16:26.064+0600][37.326s][info][gc,heap        ] GC(114) Old regions: 86->85
[2026-04-03T02:16:26.064+0600][37.326s][info][gc,heap        ] GC(114) Humongous regions: 201->8
[2026-04-03T02:16:26.064+0600][37.326s][info][gc,metaspace   ] GC(114) Metaspace: 130541K(132032K)->130541K(132032K) NonClass: 114059K(114752K)->114059K(114752K) Class: 16481K(17280K)->16481K(17280K)
[2026-04-03T02:16:26.064+0600][37.326s][info][gc             ] GC(114) Pause Young (Mixed) (GCLocker Initiated GC) 545M->102M(557M) 7.771ms
[2026-04-03T02:16:26.064+0600][37.326s][info][gc,cpu         ] GC(114) User=0.05s Sys=0.02s Real=0.01s
[2026-04-03T02:16:26.066+0600][37.328s][info][gc,start       ] GC(115) Pause Young (Concurrent Start) (G1 Humongous Allocation)
[2026-04-03T02:16:26.066+0600][37.328s][info][gc,task        ] GC(115) Using 10 workers of 10 for evacuation
[2026-04-03T02:16:26.070+0600][37.332s][info][gc,phases      ] GC(115)   Pre Evacuate Collection Set: 0.33ms
[2026-04-03T02:16:26.070+0600][37.332s][info][gc,phases      ] GC(115)   Merge Heap Roots: 0.10ms
[2026-04-03T02:16:26.070+0600][37.332s][info][gc,phases      ] GC(115)   Evacuate Collection Set: 3.17ms
[2026-04-03T02:16:26.070+0600][37.332s][info][gc,phases      ] GC(115)   Post Evacuate Collection Set: 0.55ms
[2026-04-03T02:16:26.070+0600][37.332s][info][gc,phases      ] GC(115)   Other: 0.11ms
[2026-04-03T02:16:26.070+0600][37.332s][info][gc,heap        ] GC(115) Eden regions: 4->0(315)
[2026-04-03T02:16:26.070+0600][37.332s][info][gc,heap        ] GC(115) Survivor regions: 10->11(42)
[2026-04-03T02:16:26.070+0600][37.332s][info][gc,heap        ] GC(115) Old regions: 85->86
[2026-04-03T02:16:26.070+0600][37.332s][info][gc,heap        ] GC(115) Humongous regions: 8->8
[2026-04-03T02:16:26.070+0600][37.332s][info][gc,metaspace   ] GC(115) Metaspace: 130541K(132032K)->130541K(132032K) NonClass: 114059K(114752K)->114059K(114752K) Class: 16481K(17280K)->16481K(17280K)
[2026-04-03T02:16:26.070+0600][37.332s][info][gc             ] GC(115) Pause Young (Concurrent Start) (G1 Humongous Allocation) 106M->103M(557M) 4.556ms
[2026-04-03T02:16:26.070+0600][37.332s][info][gc             ] GC(116) Concurrent Mark Cycle
[2026-04-03T02:16:26.070+0600][37.332s][info][gc,marking     ] GC(116) Concurrent Scan Root Regions
[2026-04-03T02:16:26.070+0600][37.332s][info][gc,cpu         ] GC(115) User=0.04s Sys=0.00s Real=0.01s
[2026-04-03T02:16:26.074+0600][37.336s][info][gc,marking     ] GC(116) Concurrent Scan Root Regions 3.346ms
[2026-04-03T02:16:26.074+0600][37.336s][info][gc,marking     ] GC(116) Concurrent Mark
[2026-04-03T02:16:26.074+0600][37.336s][info][gc,marking     ] GC(116) Concurrent Mark From Roots
[2026-04-03T02:16:26.074+0600][37.336s][info][gc,task        ] GC(116) Using 3 workers of 3 for marking
[2026-04-03T02:16:26.151+0600][37.413s][info][gc,marking     ] GC(116) Concurrent Mark From Roots 77.506ms
[2026-04-03T02:16:26.151+0600][37.413s][info][gc,marking     ] GC(116) Concurrent Preclean
[2026-04-03T02:16:26.152+0600][37.414s][info][gc,marking     ] GC(116) Concurrent Preclean 0.515ms
[2026-04-03T02:16:26.152+0600][37.414s][info][gc,start       ] GC(116) Pause Remark
[2026-04-03T02:16:26.161+0600][37.423s][info][gc             ] GC(116) Pause Remark 174M->174M(460M) 8.639ms
[2026-04-03T02:16:26.161+0600][37.423s][info][gc,cpu         ] GC(116) User=0.06s Sys=0.00s Real=0.01s
[2026-04-03T02:16:26.161+0600][37.423s][info][gc,marking     ] GC(116) Concurrent Mark 87.556ms
[2026-04-03T02:16:26.161+0600][37.423s][info][gc,marking     ] GC(116) Concurrent Rebuild Remembered Sets and Scrub Regions
[2026-04-03T02:16:26.194+0600][37.456s][info][gc,marking     ] GC(116) Concurrent Rebuild Remembered Sets and Scrub Regions 32.761ms
[2026-04-03T02:16:26.195+0600][37.457s][info][gc,start       ] GC(116) Pause Cleanup
[2026-04-03T02:16:26.195+0600][37.457s][info][gc             ] GC(116) Pause Cleanup 194M->194M(460M) 0.505ms
[2026-04-03T02:16:26.195+0600][37.457s][info][gc,cpu         ] GC(116) User=0.00s Sys=0.00s Real=0.00s
[2026-04-03T02:16:26.195+0600][37.457s][info][gc,marking     ] GC(116) Concurrent Clear Claimed Marks
[2026-04-03T02:16:26.196+0600][37.458s][info][gc,marking     ] GC(116) Concurrent Clear Claimed Marks 0.466ms
[2026-04-03T02:16:26.196+0600][37.458s][info][gc,marking     ] GC(116) Concurrent Cleanup for Next Mark
[2026-04-03T02:16:26.197+0600][37.459s][info][gc,marking     ] GC(116) Concurrent Cleanup for Next Mark 1.115ms
[2026-04-03T02:16:26.197+0600][37.459s][info][gc             ] GC(116) Concurrent Mark Cycle 126.819ms
[2026-04-03T02:16:26.394+0600][37.656s][info][gc,start       ] GC(117) Pause Young (Prepare Mixed) (G1 Evacuation Pause)
[2026-04-03T02:16:26.394+0600][37.656s][info][gc,task        ] GC(117) Using 10 workers of 10 for evacuation
[2026-04-03T02:16:26.400+0600][37.662s][info][gc,phases      ] GC(117)   Pre Evacuate Collection Set: 0.26ms
[2026-04-03T02:16:26.400+0600][37.662s][info][gc,phases      ] GC(117)   Merge Heap Roots: 0.14ms
[2026-04-03T02:16:26.400+0600][37.662s][info][gc,phases      ] GC(117)   Evacuate Collection Set: 4.22ms
[2026-04-03T02:16:26.400+0600][37.662s][info][gc,phases      ] GC(117)   Post Evacuate Collection Set: 0.93ms
[2026-04-03T02:16:26.400+0600][37.662s][info][gc,phases      ] GC(117)   Other: 0.10ms
[2026-04-03T02:16:26.400+0600][37.662s][info][gc,heap        ] GC(117) Eden regions: 204->0(280)
[2026-04-03T02:16:26.400+0600][37.662s][info][gc,heap        ] GC(117) Survivor regions: 11->9(35)
[2026-04-03T02:16:26.400+0600][37.662s][info][gc,heap        ] GC(117) Old regions: 86->87
[2026-04-03T02:16:26.400+0600][37.662s][info][gc,heap        ] GC(117) Humongous regions: 172->8
[2026-04-03T02:16:26.400+0600][37.662s][info][gc,metaspace   ] GC(117) Metaspace: 130563K(132032K)->130563K(132032K) NonClass: 114081K(114752K)->114081K(114752K) Class: 16481K(17280K)->16481K(17280K)
[2026-04-03T02:16:26.400+0600][37.662s][info][gc             ] GC(117) Pause Young (Prepare Mixed) (G1 Evacuation Pause) 471M->101M(483M) 5.887ms
[2026-04-03T02:16:26.400+0600][37.662s][info][gc,cpu         ] GC(117) User=0.03s Sys=0.01s Real=0.01s
[2026-04-03T02:16:26.931+0600][38.193s][info][gc,start       ] GC(118) Pause Young (Mixed) (G1 Evacuation Pause)
[2026-04-03T02:16:26.932+0600][38.193s][info][gc,task        ] GC(118) Using 10 workers of 10 for evacuation
[2026-04-03T02:16:26.939+0600][38.201s][info][gc,phases      ] GC(118)   Pre Evacuate Collection Set: 0.50ms
[2026-04-03T02:16:26.939+0600][38.201s][info][gc,phases      ] GC(118)   Merge Heap Roots: 0.34ms
[2026-04-03T02:16:26.939+0600][38.201s][info][gc,phases      ] GC(118)   Evacuate Collection Set: 5.30ms
[2026-04-03T02:16:26.939+0600][38.201s][info][gc,phases      ] GC(118)   Post Evacuate Collection Set: 0.83ms
[2026-04-03T02:16:26.939+0600][38.201s][info][gc,phases      ] GC(118)   Other: 0.24ms
[2026-04-03T02:16:26.939+0600][38.201s][info][gc,heap        ] GC(118) Eden regions: 271->0(290)
[2026-04-03T02:16:26.939+0600][38.201s][info][gc,heap        ] GC(118) Survivor regions: 9->10(37)
[2026-04-03T02:16:26.939+0600][38.201s][info][gc,heap        ] GC(118) Old regions: 87->84
[2026-04-03T02:16:26.939+0600][38.201s][info][gc,heap        ] GC(118) Humongous regions: 123->8
[2026-04-03T02:16:26.939+0600][38.201s][info][gc,metaspace   ] GC(118) Metaspace: 130595K(132160K)->130595K(132160K) NonClass: 114114K(114880K)->114114K(114880K) Class: 16481K(17280K)->16481K(17280K)
[2026-04-03T02:16:26.939+0600][38.201s][info][gc             ] GC(118) Pause Young (Mixed) (G1 Evacuation Pause) 487M->100M(500M) 7.579ms
[2026-04-03T02:16:26.939+0600][38.201s][info][gc,cpu         ] GC(118) User=0.04s Sys=0.01s Real=0.00s
[2026-04-03T02:16:26.951+0600][38.213s][info][gc,start       ] GC(119) Pause Young (Concurrent Start) (GCLocker Initiated GC)
[2026-04-03T02:16:26.951+0600][38.213s][info][gc,task        ] GC(119) Using 10 workers of 10 for evacuation
[2026-04-03T02:16:26.957+0600][38.219s][info][gc,phases      ] GC(119)   Pre Evacuate Collection Set: 0.65ms
[2026-04-03T02:16:26.957+0600][38.219s][info][gc,phases      ] GC(119)   Merge Heap Roots: 0.19ms
[2026-04-03T02:16:26.957+0600][38.219s][info][gc,phases      ] GC(119)   Evacuate Collection Set: 3.64ms
[2026-04-03T02:16:26.957+0600][38.219s][info][gc,phases      ] GC(119)   Post Evacuate Collection Set: 0.64ms
[2026-04-03T02:16:26.957+0600][38.219s][info][gc,phases      ] GC(119)   Other: 0.25ms
[2026-04-03T02:16:26.957+0600][38.219s][info][gc,heap        ] GC(119) Eden regions: 17->0(291)
[2026-04-03T02:16:26.957+0600][38.219s][info][gc,heap        ] GC(119) Survivor regions: 10->9(38)
[2026-04-03T02:16:26.957+0600][38.219s][info][gc,heap        ] GC(119) Old regions: 84->85
[2026-04-03T02:16:26.957+0600][38.219s][info][gc,heap        ] GC(119) Humongous regions: 8->8
[2026-04-03T02:16:26.957+0600][38.219s][info][gc,metaspace   ] GC(119) Metaspace: 130595K(132160K)->130595K(132160K) NonClass: 114114K(114880K)->114114K(114880K) Class: 16481K(17280K)->16481K(17280K)
[2026-04-03T02:16:26.957+0600][38.219s][info][gc             ] GC(119) Pause Young (Concurrent Start) (GCLocker Initiated GC) 117M->100M(500M) 5.778ms
[2026-04-03T02:16:26.957+0600][38.219s][info][gc,cpu         ] GC(119) User=0.05s Sys=0.00s Real=0.00s
[2026-04-03T02:16:26.957+0600][38.219s][info][gc             ] GC(120) Concurrent Mark Cycle
[2026-04-03T02:16:26.957+0600][38.219s][info][gc,marking     ] GC(120) Concurrent Scan Root Regions
[2026-04-03T02:16:26.964+0600][38.226s][info][gc,marking     ] GC(120) Concurrent Scan Root Regions 6.829ms
[2026-04-03T02:16:26.964+0600][38.226s][info][gc,marking     ] GC(120) Concurrent Mark
[2026-04-03T02:16:26.964+0600][38.226s][info][gc,marking     ] GC(120) Concurrent Mark From Roots
[2026-04-03T02:16:26.964+0600][38.226s][info][gc,task        ] GC(120) Using 3 workers of 3 for marking
[2026-04-03T02:16:27.045+0600][38.306s][info][gc,marking     ] GC(120) Concurrent Mark From Roots 80.526ms
[2026-04-03T02:16:27.045+0600][38.307s][info][gc,marking     ] GC(120) Concurrent Preclean
[2026-04-03T02:16:27.045+0600][38.307s][info][gc,marking     ] GC(120) Concurrent Preclean 0.599ms
[2026-04-03T02:16:27.046+0600][38.308s][info][gc,start       ] GC(120) Pause Remark
[2026-04-03T02:16:27.055+0600][38.317s][info][gc             ] GC(120) Pause Remark 182M->182M(480M) 9.252ms
[2026-04-03T02:16:27.055+0600][38.317s][info][gc,cpu         ] GC(120) User=0.07s Sys=0.01s Real=0.01s
[2026-04-03T02:16:27.057+0600][38.319s][info][gc,marking     ] GC(120) Concurrent Mark 93.007ms
[2026-04-03T02:16:27.057+0600][38.319s][info][gc,marking     ] GC(120) Concurrent Rebuild Remembered Sets and Scrub Regions
[2026-04-03T02:16:27.093+0600][38.355s][info][gc,marking     ] GC(120) Concurrent Rebuild Remembered Sets and Scrub Regions 35.700ms
[2026-04-03T02:16:27.093+0600][38.355s][info][gc,start       ] GC(120) Pause Cleanup
[2026-04-03T02:16:27.093+0600][38.355s][info][gc             ] GC(120) Pause Cleanup 226M->226M(480M) 0.316ms
[2026-04-03T02:16:27.094+0600][38.355s][info][gc,cpu         ] GC(120) User=0.00s Sys=0.00s Real=0.00s
[2026-04-03T02:16:27.094+0600][38.356s][info][gc,marking     ] GC(120) Concurrent Clear Claimed Marks
[2026-04-03T02:16:27.094+0600][38.356s][info][gc,marking     ] GC(120) Concurrent Clear Claimed Marks 0.346ms
[2026-04-03T02:16:27.094+0600][38.356s][info][gc,marking     ] GC(120) Concurrent Cleanup for Next Mark
[2026-04-03T02:16:27.095+0600][38.357s][info][gc,marking     ] GC(120) Concurrent Cleanup for Next Mark 0.806ms
[2026-04-03T02:16:27.095+0600][38.357s][info][gc             ] GC(120) Concurrent Mark Cycle 137.896ms
[2026-04-03T02:16:27.280+0600][38.541s][info][gc,start       ] GC(121) Pause Young (Prepare Mixed) (GCLocker Initiated GC)
[2026-04-03T02:16:27.280+0600][38.542s][info][gc,task        ] GC(121) Using 10 workers of 10 for evacuation
[2026-04-03T02:16:27.286+0600][38.548s][info][gc,phases      ] GC(121)   Pre Evacuate Collection Set: 0.58ms
[2026-04-03T02:16:27.286+0600][38.548s][info][gc,phases      ] GC(121)   Merge Heap Roots: 0.19ms
[2026-04-03T02:16:27.286+0600][38.548s][info][gc,phases      ] GC(121)   Evacuate Collection Set: 4.89ms
[2026-04-03T02:16:27.286+0600][38.548s][info][gc,phases      ] GC(121)   Post Evacuate Collection Set: 0.77ms
[2026-04-03T02:16:27.286+0600][38.548s][info][gc,phases      ] GC(121)   Other: 0.18ms
[2026-04-03T02:16:27.286+0600][38.548s][info][gc,heap        ] GC(121) Eden regions: 210->0(285)
[2026-04-03T02:16:27.286+0600][38.548s][info][gc,heap        ] GC(121) Survivor regions: 9->10(36)
[2026-04-03T02:16:27.286+0600][38.548s][info][gc,heap        ] GC(121) Old regions: 85->86
[2026-04-03T02:16:27.286+0600][38.548s][info][gc,heap        ] GC(121) Humongous regions: 178->8
[2026-04-03T02:16:27.287+0600][38.548s][info][gc,metaspace   ] GC(121) Metaspace: 130610K(132160K)->130610K(132160K) NonClass: 114128K(114880K)->114128K(114880K) Class: 16481K(17280K)->16481K(17280K)
[2026-04-03T02:16:27.287+0600][38.548s][info][gc             ] GC(121) Pause Young (Prepare Mixed) (GCLocker Initiated GC) 480M->102M(493M) 7.012ms
[2026-04-03T02:16:27.287+0600][38.549s][info][gc,cpu         ] GC(121) User=0.04s Sys=0.01s Real=0.01s
[2026-04-03T02:16:27.551+0600][38.813s][info][gc,start       ] GC(122) Pause Young (Mixed) (GCLocker Initiated GC)
[2026-04-03T02:16:27.551+0600][38.813s][info][gc,task        ] GC(122) Using 10 workers of 10 for evacuation
[2026-04-03T02:16:27.558+0600][38.820s][info][gc,phases      ] GC(122)   Pre Evacuate Collection Set: 0.54ms
[2026-04-03T02:16:27.558+0600][38.820s][info][gc,phases      ] GC(122)   Merge Heap Roots: 0.43ms
[2026-04-03T02:16:27.558+0600][38.820s][info][gc,phases      ] GC(122)   Evacuate Collection Set: 5.43ms
[2026-04-03T02:16:27.558+0600][38.820s][info][gc,phases      ] GC(122)   Post Evacuate Collection Set: 0.70ms
[2026-04-03T02:16:27.558+0600][38.820s][info][gc,phases      ] GC(122)   Other: 0.12ms
[2026-04-03T02:16:27.558+0600][38.820s][info][gc,heap        ] GC(122) Eden regions: 223->0(295)
[2026-04-03T02:16:27.558+0600][38.820s][info][gc,heap        ] GC(122) Survivor regions: 10->10(37)
[2026-04-03T02:16:27.558+0600][38.820s][info][gc,heap        ] GC(122) Old regions: 86->84
[2026-04-03T02:16:27.558+0600][38.820s][info][gc,heap        ] GC(122) Humongous regions: 180->8
[2026-04-03T02:16:27.558+0600][38.820s][info][gc,metaspace   ] GC(122) Metaspace: 130623K(132160K)->130623K(132160K) NonClass: 114141K(114880K)->114141K(114880K) Class: 16481K(17280K)->16481K(17280K)
[2026-04-03T02:16:27.558+0600][38.820s][info][gc             ] GC(122) Pause Young (Mixed) (GCLocker Initiated GC) 497M->100M(509M) 7.543ms
[2026-04-03T02:16:27.558+0600][38.820s][info][gc,cpu         ] GC(122) User=0.04s Sys=0.02s Real=0.00s
[2026-04-03T02:16:27.559+0600][38.821s][info][gc,start       ] GC(123) Pause Young (Concurrent Start) (G1 Humongous Allocation)
[2026-04-03T02:16:27.559+0600][38.821s][info][gc,task        ] GC(123) Using 10 workers of 10 for evacuation
[2026-04-03T02:16:27.564+0600][38.826s][info][gc,phases      ] GC(123)   Pre Evacuate Collection Set: 0.31ms
[2026-04-03T02:16:27.564+0600][38.826s][info][gc,phases      ] GC(123)   Merge Heap Roots: 0.12ms
[2026-04-03T02:16:27.564+0600][38.826s][info][gc,phases      ] GC(123)   Evacuate Collection Set: 3.30ms
[2026-04-03T02:16:27.564+0600][38.826s][info][gc,phases      ] GC(123)   Post Evacuate Collection Set: 0.81ms
[2026-04-03T02:16:27.564+0600][38.826s][info][gc,phases      ] GC(123)   Other: 0.16ms
[2026-04-03T02:16:27.564+0600][38.826s][info][gc,heap        ] GC(123) Eden regions: 3->0(296)
[2026-04-03T02:16:27.564+0600][38.826s][info][gc,heap        ] GC(123) Survivor regions: 10->9(39)
[2026-04-03T02:16:27.564+0600][38.826s][info][gc,heap        ] GC(123) Old regions: 84->84
[2026-04-03T02:16:27.564+0600][38.826s][info][gc,heap        ] GC(123) Humongous regions: 8->8
[2026-04-03T02:16:27.564+0600][38.826s][info][gc,metaspace   ] GC(123) Metaspace: 130623K(132160K)->130623K(132160K) NonClass: 114141K(114880K)->114141K(114880K) Class: 16481K(17280K)->16481K(17280K)
[2026-04-03T02:16:27.564+0600][38.826s][info][gc             ] GC(123) Pause Young (Concurrent Start) (G1 Humongous Allocation) 103M->100M(509M) 5.041ms
[2026-04-03T02:16:27.565+0600][38.826s][info][gc             ] GC(124) Concurrent Mark Cycle
[2026-04-03T02:16:27.565+0600][38.826s][info][gc,marking     ] GC(124) Concurrent Scan Root Regions
[2026-04-03T02:16:27.565+0600][38.826s][info][gc,cpu         ] GC(123) User=0.03s Sys=0.00s Real=0.01s
[2026-04-03T02:16:27.568+0600][38.830s][info][gc,marking     ] GC(124) Concurrent Scan Root Regions 3.326ms
[2026-04-03T02:16:27.568+0600][38.830s][info][gc,marking     ] GC(124) Concurrent Mark
[2026-04-03T02:16:27.568+0600][38.830s][info][gc,marking     ] GC(124) Concurrent Mark From Roots
[2026-04-03T02:16:27.568+0600][38.830s][info][gc,task        ] GC(124) Using 3 workers of 3 for marking
[2026-04-03T02:16:27.649+0600][38.911s][info][gc,marking     ] GC(124) Concurrent Mark From Roots 81.044ms
[2026-04-03T02:16:27.649+0600][38.911s][info][gc,marking     ] GC(124) Concurrent Preclean
[2026-04-03T02:16:27.650+0600][38.912s][info][gc,marking     ] GC(124) Concurrent Preclean 0.482ms
[2026-04-03T02:16:27.650+0600][38.912s][info][gc,start       ] GC(124) Pause Remark
[2026-04-03T02:16:27.659+0600][38.921s][info][gc             ] GC(124) Pause Remark 188M->188M(457M) 8.902ms
[2026-04-03T02:16:27.659+0600][38.921s][info][gc,cpu         ] GC(124) User=0.06s Sys=0.00s Real=0.00s
[2026-04-03T02:16:27.660+0600][38.921s][info][gc,marking     ] GC(124) Concurrent Mark 91.545ms
[2026-04-03T02:16:27.660+0600][38.921s][info][gc,marking     ] GC(124) Concurrent Rebuild Remembered Sets and Scrub Regions
[2026-04-03T02:16:27.694+0600][38.956s][info][gc,marking     ] GC(124) Concurrent Rebuild Remembered Sets and Scrub Regions 34.843ms
[2026-04-03T02:16:27.695+0600][38.957s][info][gc,start       ] GC(124) Pause Cleanup
[2026-04-03T02:16:27.695+0600][38.957s][info][gc             ] GC(124) Pause Cleanup 213M->213M(457M) 0.341ms
[2026-04-03T02:16:27.695+0600][38.957s][info][gc,cpu         ] GC(124) User=0.00s Sys=0.00s Real=0.00s
[2026-04-03T02:16:27.695+0600][38.957s][info][gc,marking     ] GC(124) Concurrent Clear Claimed Marks
[2026-04-03T02:16:27.696+0600][38.958s][info][gc,marking     ] GC(124) Concurrent Clear Claimed Marks 0.312ms
[2026-04-03T02:16:27.696+0600][38.958s][info][gc,marking     ] GC(124) Concurrent Cleanup for Next Mark
[2026-04-03T02:16:27.696+0600][38.958s][info][gc,marking     ] GC(124) Concurrent Cleanup for Next Mark 0.690ms
[2026-04-03T02:16:27.697+0600][38.958s][info][gc             ] GC(124) Concurrent Mark Cycle 132.016ms
[2026-04-03T02:16:27.970+0600][39.232s][info][gc,start       ] GC(125) Pause Young (Prepare Mixed) (G1 Evacuation Pause)
[2026-04-03T02:16:27.971+0600][39.232s][info][gc,task        ] GC(125) Using 10 workers of 10 for evacuation
[2026-04-03T02:16:27.979+0600][39.241s][info][gc,phases      ] GC(125)   Pre Evacuate Collection Set: 0.36ms
[2026-04-03T02:16:27.979+0600][39.241s][info][gc,phases      ] GC(125)   Merge Heap Roots: 0.20ms
[2026-04-03T02:16:27.979+0600][39.241s][info][gc,phases      ] GC(125)   Evacuate Collection Set: 6.67ms
[2026-04-03T02:16:27.979+0600][39.241s][info][gc,phases      ] GC(125)   Post Evacuate Collection Set: 0.74ms
[2026-04-03T02:16:27.979+0600][39.241s][info][gc,phases      ] GC(125)   Other: 0.10ms
[2026-04-03T02:16:27.979+0600][39.241s][info][gc,heap        ] GC(125) Eden regions: 221->0(274)
[2026-04-03T02:16:27.979+0600][39.241s][info][gc,heap        ] GC(125) Survivor regions: 9->10(35)
[2026-04-03T02:16:27.979+0600][39.241s][info][gc,heap        ] GC(125) Old regions: 84->86
[2026-04-03T02:16:27.979+0600][39.241s][info][gc,heap        ] GC(125) Humongous regions: 148->8
[2026-04-03T02:16:27.979+0600][39.241s][info][gc,metaspace   ] GC(125) Metaspace: 130670K(132224K)->130670K(132224K) NonClass: 114189K(114944K)->114189K(114944K) Class: 16481K(17280K)->16481K(17280K)
[2026-04-03T02:16:27.979+0600][39.241s][info][gc             ] GC(125) Pause Young (Prepare Mixed) (G1 Evacuation Pause) 461M->102M(474M) 8.372ms
[2026-04-03T02:16:27.979+0600][39.241s][info][gc,cpu         ] GC(125) User=0.05s Sys=0.01s Real=0.00s
[2026-04-03T02:16:28.259+0600][39.521s][info][gc,start       ] GC(126) Pause Young (Mixed) (G1 Evacuation Pause)
[2026-04-03T02:16:28.259+0600][39.521s][info][gc,task        ] GC(126) Using 10 workers of 10 for evacuation
[2026-04-03T02:16:28.266+0600][39.528s][info][gc,phases      ] GC(126)   Pre Evacuate Collection Set: 0.32ms
[2026-04-03T02:16:28.266+0600][39.528s][info][gc,phases      ] GC(126)   Merge Heap Roots: 0.21ms
[2026-04-03T02:16:28.266+0600][39.528s][info][gc,phases      ] GC(126)   Evacuate Collection Set: 5.45ms
[2026-04-03T02:16:28.266+0600][39.528s][info][gc,phases      ] GC(126)   Post Evacuate Collection Set: 0.84ms
[2026-04-03T02:16:28.266+0600][39.528s][info][gc,phases      ] GC(126)   Other: 0.11ms
[2026-04-03T02:16:28.266+0600][39.528s][info][gc,heap        ] GC(126) Eden regions: 241->0(329)
[2026-04-03T02:16:28.266+0600][39.528s][info][gc,heap        ] GC(126) Survivor regions: 10->9(36)
[2026-04-03T02:16:28.266+0600][39.528s][info][gc,heap        ] GC(126) Old regions: 86->85
[2026-04-03T02:16:28.266+0600][39.528s][info][gc,heap        ] GC(126) Humongous regions: 217->23
[2026-04-03T02:16:28.266+0600][39.528s][info][gc,metaspace   ] GC(126) Metaspace: 130673K(132224K)->130673K(132224K) NonClass: 114191K(114944K)->114191K(114944K) Class: 16481K(17280K)->16481K(17280K)
[2026-04-03T02:16:28.266+0600][39.528s][info][gc             ] GC(126) Pause Young (Mixed) (G1 Evacuation Pause) 552M->116M(564M) 7.255ms
[2026-04-03T02:16:28.266+0600][39.528s][info][gc,cpu         ] GC(126) User=0.04s Sys=0.01s Real=0.01s
[2026-04-03T02:16:28.267+0600][39.529s][info][gc,start       ] GC(127) Pause Young (Concurrent Start) (G1 Humongous Allocation)
[2026-04-03T02:16:28.267+0600][39.529s][info][gc,task        ] GC(127) Using 10 workers of 10 for evacuation
[2026-04-03T02:16:28.271+0600][39.533s][info][gc,phases      ] GC(127)   Pre Evacuate Collection Set: 0.27ms
[2026-04-03T02:16:28.271+0600][39.533s][info][gc,phases      ] GC(127)   Merge Heap Roots: 0.10ms
[2026-04-03T02:16:28.271+0600][39.533s][info][gc,phases      ] GC(127)   Evacuate Collection Set: 2.85ms
[2026-04-03T02:16:28.271+0600][39.533s][info][gc,phases      ] GC(127)   Post Evacuate Collection Set: 0.52ms
[2026-04-03T02:16:28.271+0600][39.533s][info][gc,phases      ] GC(127)   Other: 0.12ms
[2026-04-03T02:16:28.271+0600][39.533s][info][gc,heap        ] GC(127) Eden regions: 2->0(329)
[2026-04-03T02:16:28.271+0600][39.533s][info][gc,heap        ] GC(127) Survivor regions: 9->9(43)
[2026-04-03T02:16:28.271+0600][39.533s][info][gc,heap        ] GC(127) Old regions: 85->86
[2026-04-03T02:16:28.271+0600][39.533s][info][gc,heap        ] GC(127) Humongous regions: 23->13
[2026-04-03T02:16:28.271+0600][39.533s][info][gc,metaspace   ] GC(127) Metaspace: 130673K(132224K)->130673K(132224K) NonClass: 114191K(114944K)->114191K(114944K) Class: 16481K(17280K)->16481K(17280K)
[2026-04-03T02:16:28.271+0600][39.533s][info][gc             ] GC(127) Pause Young (Concurrent Start) (G1 Humongous Allocation) 118M->106M(564M) 4.160ms
[2026-04-03T02:16:28.271+0600][39.533s][info][gc             ] GC(128) Concurrent Undo Cycle
[2026-04-03T02:16:28.271+0600][39.533s][info][gc,cpu         ] GC(127) User=0.03s Sys=0.00s Real=0.01s
[2026-04-03T02:16:28.271+0600][39.533s][info][gc,marking     ] GC(128) Concurrent Clear Claimed Marks
[2026-04-03T02:16:28.271+0600][39.533s][info][gc,marking     ] GC(128) Concurrent Clear Claimed Marks 0.267ms
[2026-04-03T02:16:28.271+0600][39.533s][info][gc,marking     ] GC(128) Concurrent Cleanup for Next Mark
[2026-04-03T02:16:28.272+0600][39.534s][info][gc,marking     ] GC(128) Concurrent Cleanup for Next Mark 0.196ms
[2026-04-03T02:16:28.272+0600][39.534s][info][gc             ] GC(128) Concurrent Undo Cycle 0.684ms
[2026-04-03T02:16:28.273+0600][39.535s][info][gc,start       ] GC(129) Pause Young (Concurrent Start) (G1 Humongous Allocation)
[2026-04-03T02:16:28.273+0600][39.535s][info][gc,task        ] GC(129) Using 10 workers of 10 for evacuation
[2026-04-03T02:16:28.277+0600][39.538s][info][gc,phases      ] GC(129)   Pre Evacuate Collection Set: 0.24ms
[2026-04-03T02:16:28.277+0600][39.539s][info][gc,phases      ] GC(129)   Merge Heap Roots: 0.08ms
[2026-04-03T02:16:28.277+0600][39.539s][info][gc,phases      ] GC(129)   Evacuate Collection Set: 2.59ms
[2026-04-03T02:16:28.277+0600][39.539s][info][gc,phases      ] GC(129)   Post Evacuate Collection Set: 0.50ms
[2026-04-03T02:16:28.277+0600][39.539s][info][gc,phases      ] GC(129)   Other: 0.10ms
[2026-04-03T02:16:28.277+0600][39.539s][info][gc,heap        ] GC(129) Eden regions: 3->0(330)
[2026-04-03T02:16:28.277+0600][39.539s][info][gc,heap        ] GC(129) Survivor regions: 9->8(43)
[2026-04-03T02:16:28.277+0600][39.539s][info][gc,heap        ] GC(129) Old regions: 86->87
[2026-04-03T02:16:28.277+0600][39.539s][info][gc,heap        ] GC(129) Humongous regions: 18->8
[2026-04-03T02:16:28.277+0600][39.539s][info][gc,metaspace   ] GC(129) Metaspace: 130673K(132224K)->130673K(132224K) NonClass: 114191K(114944K)->114191K(114944K) Class: 16481K(17280K)->16481K(17280K)
[2026-04-03T02:16:28.277+0600][39.539s][info][gc             ] GC(129) Pause Young (Concurrent Start) (G1 Humongous Allocation) 113M->101M(564M) 3.774ms
[2026-04-03T02:16:28.277+0600][39.539s][info][gc             ] GC(130) Concurrent Mark Cycle
[2026-04-03T02:16:28.277+0600][39.539s][info][gc,cpu         ] GC(129) User=0.03s Sys=0.00s Real=0.00s
[2026-04-03T02:16:28.277+0600][39.539s][info][gc,marking     ] GC(130) Concurrent Scan Root Regions
[2026-04-03T02:16:28.280+0600][39.542s][info][gc,marking     ] GC(130) Concurrent Scan Root Regions 2.905ms
[2026-04-03T02:16:28.280+0600][39.542s][info][gc,marking     ] GC(130) Concurrent Mark
[2026-04-03T02:16:28.280+0600][39.542s][info][gc,marking     ] GC(130) Concurrent Mark From Roots
[2026-04-03T02:16:28.280+0600][39.542s][info][gc,task        ] GC(130) Using 3 workers of 3 for marking
[2026-04-03T02:16:28.360+0600][39.622s][info][gc,marking     ] GC(130) Concurrent Mark From Roots 79.789ms
[2026-04-03T02:16:28.360+0600][39.622s][info][gc,marking     ] GC(130) Concurrent Preclean
[2026-04-03T02:16:28.360+0600][39.622s][info][gc,marking     ] GC(130) Concurrent Preclean 0.234ms
[2026-04-03T02:16:28.360+0600][39.622s][info][gc,start       ] GC(130) Pause Remark
[2026-04-03T02:16:28.369+0600][39.631s][info][gc             ] GC(130) Pause Remark 350M->350M(564M) 8.499ms
[2026-04-03T02:16:28.369+0600][39.631s][info][gc,cpu         ] GC(130) User=0.06s Sys=0.00s Real=0.00s
[2026-04-03T02:16:28.369+0600][39.631s][info][gc,marking     ] GC(130) Concurrent Mark 89.395ms
[2026-04-03T02:16:28.369+0600][39.631s][info][gc,marking     ] GC(130) Concurrent Rebuild Remembered Sets and Scrub Regions
[2026-04-03T02:16:28.402+0600][39.664s][info][gc,marking     ] GC(130) Concurrent Rebuild Remembered Sets and Scrub Regions 32.348ms
[2026-04-03T02:16:28.402+0600][39.664s][info][gc,start       ] GC(130) Pause Cleanup
[2026-04-03T02:16:28.403+0600][39.665s][info][gc             ] GC(130) Pause Cleanup 359M->359M(564M) 0.542ms
[2026-04-03T02:16:28.403+0600][39.665s][info][gc,cpu         ] GC(130) User=0.00s Sys=0.00s Real=0.00s
[2026-04-03T02:16:28.403+0600][39.665s][info][gc,marking     ] GC(130) Concurrent Clear Claimed Marks
[2026-04-03T02:16:28.403+0600][39.665s][info][gc,marking     ] GC(130) Concurrent Clear Claimed Marks 0.411ms
[2026-04-03T02:16:28.403+0600][39.665s][info][gc,marking     ] GC(130) Concurrent Cleanup for Next Mark
[2026-04-03T02:16:28.405+0600][39.667s][info][gc,marking     ] GC(130) Concurrent Cleanup for Next Mark 1.580ms
[2026-04-03T02:16:28.405+0600][39.667s][info][gc             ] GC(130) Concurrent Mark Cycle 128.303ms
[2026-04-03T02:16:28.471+0600][39.732s][info][gc,start       ] GC(131) Pause Young (Prepare Mixed) (G1 Evacuation Pause)
[2026-04-03T02:16:28.471+0600][39.733s][info][gc,task        ] GC(131) Using 10 workers of 10 for evacuation
[2026-04-03T02:16:28.476+0600][39.738s][info][gc,phases      ] GC(131)   Pre Evacuate Collection Set: 0.42ms
[2026-04-03T02:16:28.476+0600][39.738s][info][gc,phases      ] GC(131)   Merge Heap Roots: 0.22ms
[2026-04-03T02:16:28.476+0600][39.738s][info][gc,phases      ] GC(131)   Evacuate Collection Set: 3.46ms
[2026-04-03T02:16:28.476+0600][39.738s][info][gc,phases      ] GC(131)   Post Evacuate Collection Set: 0.84ms
[2026-04-03T02:16:28.476+0600][39.738s][info][gc,phases      ] GC(131)   Other: 0.12ms
[2026-04-03T02:16:28.476+0600][39.738s][info][gc,heap        ] GC(131) Eden regions: 72->0(408)
[2026-04-03T02:16:28.476+0600][39.738s][info][gc,heap        ] GC(131) Survivor regions: 8->9(44)
[2026-04-03T02:16:28.476+0600][39.738s][info][gc,heap        ] GC(131) Old regions: 87->87
[2026-04-03T02:16:28.476+0600][39.738s][info][gc,heap        ] GC(131) Humongous regions: 519->18
[2026-04-03T02:16:28.476+0600][39.738s][info][gc,metaspace   ] GC(131) Metaspace: 130682K(132224K)->130682K(132224K) NonClass: 114200K(114944K)->114200K(114944K) Class: 16481K(17280K)->16481K(17280K)
[2026-04-03T02:16:28.476+0600][39.738s][info][gc             ] GC(131) Pause Young (Prepare Mixed) (G1 Evacuation Pause) 684M->112M(695M) 5.394ms
[2026-04-03T02:16:28.476+0600][39.738s][info][gc,cpu         ] GC(131) User=0.03s Sys=0.02s Real=0.00s
[2026-04-03T02:16:29.102+0600][40.364s][info][gc,start       ] GC(132) Pause Young (Mixed) (G1 Evacuation Pause)
[2026-04-03T02:16:29.102+0600][40.364s][info][gc,task        ] GC(132) Using 10 workers of 10 for evacuation
[2026-04-03T02:16:29.112+0600][40.373s][info][gc,phases      ] GC(132)   Pre Evacuate Collection Set: 0.56ms
[2026-04-03T02:16:29.112+0600][40.374s][info][gc,phases      ] GC(132)   Merge Heap Roots: 0.30ms
[2026-04-03T02:16:29.112+0600][40.374s][info][gc,phases      ] GC(132)   Evacuate Collection Set: 7.07ms
[2026-04-03T02:16:29.112+0600][40.374s][info][gc,phases      ] GC(132)   Post Evacuate Collection Set: 1.01ms
[2026-04-03T02:16:29.112+0600][40.374s][info][gc,phases      ] GC(132)   Other: 0.17ms
[2026-04-03T02:16:29.112+0600][40.374s][info][gc,heap        ] GC(132) Eden regions: 368->0(412)
[2026-04-03T02:16:29.112+0600][40.374s][info][gc,heap        ] GC(132) Survivor regions: 9->11(53)
[2026-04-03T02:16:29.112+0600][40.374s][info][gc,heap        ] GC(132) Old regions: 87->85
[2026-04-03T02:16:29.112+0600][40.374s][info][gc,heap        ] GC(132) Humongous regions: 231->8
[2026-04-03T02:16:29.112+0600][40.374s][info][gc,metaspace   ] GC(132) Metaspace: 130702K(132224K)->130702K(132224K) NonClass: 114219K(114944K)->114219K(114944K) Class: 16482K(17280K)->16482K(17280K)
[2026-04-03T02:16:29.112+0600][40.374s][info][gc             ] GC(132) Pause Young (Mixed) (G1 Evacuation Pause) 693M->102M(706M) 9.476ms
[2026-04-03T02:16:29.112+0600][40.374s][info][gc,cpu         ] GC(132) User=0.06s Sys=0.02s Real=0.01s
[2026-04-03T02:16:29.113+0600][40.374s][info][gc,start       ] GC(133) Pause Young (Concurrent Start) (G1 Humongous Allocation)
[2026-04-03T02:16:29.113+0600][40.375s][info][gc,task        ] GC(133) Using 10 workers of 10 for evacuation
[2026-04-03T02:16:29.117+0600][40.379s][info][gc,phases      ] GC(133)   Pre Evacuate Collection Set: 0.40ms
[2026-04-03T02:16:29.117+0600][40.379s][info][gc,phases      ] GC(133)   Merge Heap Roots: 0.11ms
[2026-04-03T02:16:29.117+0600][40.379s][info][gc,phases      ] GC(133)   Evacuate Collection Set: 3.24ms
[2026-04-03T02:16:29.117+0600][40.379s][info][gc,phases      ] GC(133)   Post Evacuate Collection Set: 0.58ms
[2026-04-03T02:16:29.117+0600][40.379s][info][gc,phases      ] GC(133)   Other: 0.12ms
[2026-04-03T02:16:29.117+0600][40.379s][info][gc,heap        ] GC(133) Eden regions: 3->0(413)
[2026-04-03T02:16:29.117+0600][40.379s][info][gc,heap        ] GC(133) Survivor regions: 11->10(53)
[2026-04-03T02:16:29.117+0600][40.379s][info][gc,heap        ] GC(133) Old regions: 85->86
[2026-04-03T02:16:29.117+0600][40.379s][info][gc,heap        ] GC(133) Humongous regions: 8->8
[2026-04-03T02:16:29.117+0600][40.379s][info][gc,metaspace   ] GC(133) Metaspace: 130702K(132224K)->130702K(132224K) NonClass: 114219K(114944K)->114219K(114944K) Class: 16482K(17280K)->16482K(17280K)
[2026-04-03T02:16:29.117+0600][40.379s][info][gc             ] GC(133) Pause Young (Concurrent Start) (G1 Humongous Allocation) 105M->102M(706M) 4.771ms
[2026-04-03T02:16:29.117+0600][40.379s][info][gc,cpu         ] GC(133) User=0.04s Sys=0.00s Real=0.00s
[2026-04-03T02:16:29.117+0600][40.379s][info][gc             ] GC(134) Concurrent Mark Cycle
[2026-04-03T02:16:29.118+0600][40.379s][info][gc,marking     ] GC(134) Concurrent Scan Root Regions
[2026-04-03T02:16:29.123+0600][40.385s][info][gc,marking     ] GC(134) Concurrent Scan Root Regions 5.301ms
[2026-04-03T02:16:29.123+0600][40.385s][info][gc,marking     ] GC(134) Concurrent Mark
[2026-04-03T02:16:29.123+0600][40.385s][info][gc,marking     ] GC(134) Concurrent Mark From Roots
[2026-04-03T02:16:29.123+0600][40.385s][info][gc,task        ] GC(134) Using 3 workers of 3 for marking
[2026-04-03T02:16:29.208+0600][40.470s][info][gc,marking     ] GC(134) Concurrent Mark From Roots 84.567ms
[2026-04-03T02:16:29.208+0600][40.470s][info][gc,marking     ] GC(134) Concurrent Preclean
[2026-04-03T02:16:29.208+0600][40.470s][info][gc,marking     ] GC(134) Concurrent Preclean 0.567ms
[2026-04-03T02:16:29.209+0600][40.471s][info][gc,start       ] GC(134) Pause Remark
[2026-04-03T02:16:29.221+0600][40.482s][info][gc             ] GC(134) Pause Remark 184M->184M(474M) 11.511ms
[2026-04-03T02:16:29.221+0600][40.483s][info][gc,cpu         ] GC(134) User=0.10s Sys=0.00s Real=0.02s
[2026-04-03T02:16:29.221+0600][40.483s][info][gc,marking     ] GC(134) Concurrent Mark 97.876ms
[2026-04-03T02:16:29.221+0600][40.483s][info][gc,marking     ] GC(134) Concurrent Rebuild Remembered Sets and Scrub Regions
[2026-04-03T02:16:29.256+0600][40.517s][info][gc,marking     ] GC(134) Concurrent Rebuild Remembered Sets and Scrub Regions 34.526ms
[2026-04-03T02:16:29.256+0600][40.518s][info][gc,start       ] GC(134) Pause Cleanup
[2026-04-03T02:16:29.256+0600][40.518s][info][gc             ] GC(134) Pause Cleanup 212M->212M(474M) 0.343ms
[2026-04-03T02:16:29.256+0600][40.518s][info][gc,cpu         ] GC(134) User=0.00s Sys=0.00s Real=0.00s
[2026-04-03T02:16:29.256+0600][40.518s][info][gc,marking     ] GC(134) Concurrent Clear Claimed Marks
[2026-04-03T02:16:29.257+0600][40.519s][info][gc,marking     ] GC(134) Concurrent Clear Claimed Marks 0.460ms
[2026-04-03T02:16:29.257+0600][40.519s][info][gc,marking     ] GC(134) Concurrent Cleanup for Next Mark
[2026-04-03T02:16:29.258+0600][40.520s][info][gc,marking     ] GC(134) Concurrent Cleanup for Next Mark 0.981ms
[2026-04-03T02:16:29.258+0600][40.520s][info][gc             ] GC(134) Concurrent Mark Cycle 140.585ms
[2026-04-03T02:16:29.490+0600][40.752s][info][gc,start       ] GC(135) Pause Young (Prepare Mixed) (GCLocker Initiated GC)
[2026-04-03T02:16:29.490+0600][40.752s][info][gc,task        ] GC(135) Using 10 workers of 10 for evacuation
[2026-04-03T02:16:29.498+0600][40.760s][info][gc,phases      ] GC(135)   Pre Evacuate Collection Set: 0.52ms
[2026-04-03T02:16:29.498+0600][40.760s][info][gc,phases      ] GC(135)   Merge Heap Roots: 0.43ms
[2026-04-03T02:16:29.498+0600][40.760s][info][gc,phases      ] GC(135)   Evacuate Collection Set: 6.19ms
[2026-04-03T02:16:29.498+0600][40.760s][info][gc,phases      ] GC(135)   Post Evacuate Collection Set: 0.92ms
[2026-04-03T02:16:29.498+0600][40.760s][info][gc,phases      ] GC(135)   Other: 0.14ms
[2026-04-03T02:16:29.498+0600][40.760s][info][gc,heap        ] GC(135) Eden regions: 206->0(281)
[2026-04-03T02:16:29.498+0600][40.760s][info][gc,heap        ] GC(135) Survivor regions: 10->10(36)
[2026-04-03T02:16:29.498+0600][40.760s][info][gc,heap        ] GC(135) Old regions: 86->87
[2026-04-03T02:16:29.498+0600][40.760s][info][gc,heap        ] GC(135) Humongous regions: 172->8
[2026-04-03T02:16:29.498+0600][40.760s][info][gc,metaspace   ] GC(135) Metaspace: 130716K(132224K)->130716K(132224K) NonClass: 114234K(114944K)->114234K(114944K) Class: 16482K(17280K)->16482K(17280K)
[2026-04-03T02:16:29.499+0600][40.760s][info][gc             ] GC(135) Pause Young (Prepare Mixed) (GCLocker Initiated GC) 472M->102M(485M) 8.604ms
[2026-04-03T02:16:29.499+0600][40.761s][info][gc,cpu         ] GC(135) User=0.05s Sys=0.02s Real=0.00s
[2026-04-03T02:16:29.836+0600][41.098s][info][gc,start       ] GC(136) Pause Young (Mixed) (G1 Evacuation Pause)
[2026-04-03T02:16:29.836+0600][41.098s][info][gc,task        ] GC(136) Using 10 workers of 10 for evacuation
[2026-04-03T02:16:29.842+0600][41.104s][info][gc,phases      ] GC(136)   Pre Evacuate Collection Set: 0.26ms
[2026-04-03T02:16:29.842+0600][41.104s][info][gc,phases      ] GC(136)   Merge Heap Roots: 0.20ms
[2026-04-03T02:16:29.842+0600][41.104s][info][gc,phases      ] GC(136)   Evacuate Collection Set: 4.32ms
[2026-04-03T02:16:29.842+0600][41.104s][info][gc,phases      ] GC(136)   Post Evacuate Collection Set: 0.60ms
[2026-04-03T02:16:29.842+0600][41.104s][info][gc,phases      ] GC(136)   Other: 0.10ms
[2026-04-03T02:16:29.842+0600][41.104s][info][gc,heap        ] GC(136) Eden regions: 217->0(291)
[2026-04-03T02:16:29.842+0600][41.104s][info][gc,heap        ] GC(136) Survivor regions: 10->9(37)
[2026-04-03T02:16:29.842+0600][41.104s][info][gc,heap        ] GC(136) Old regions: 87->85
[2026-04-03T02:16:29.842+0600][41.104s][info][gc,heap        ] GC(136) Humongous regions: 176->8
[2026-04-03T02:16:29.842+0600][41.104s][info][gc,metaspace   ] GC(136) Metaspace: 130721K(132224K)->130721K(132224K) NonClass: 114239K(114944K)->114239K(114944K) Class: 16482K(17280K)->16482K(17280K)
[2026-04-03T02:16:29.842+0600][41.104s][info][gc             ] GC(136) Pause Young (Mixed) (G1 Evacuation Pause) 487M->99M(500M) 5.764ms
[2026-04-03T02:16:29.842+0600][41.104s][info][gc,cpu         ] GC(136) User=0.04s Sys=0.01s Real=0.01s
[2026-04-03T02:16:29.879+0600][41.141s][info][gc,start       ] GC(137) Pause Young (Concurrent Start) (G1 Humongous Allocation)
[2026-04-03T02:16:29.879+0600][41.141s][info][gc,task        ] GC(137) Using 10 workers of 10 for evacuation
[2026-04-03T02:16:29.885+0600][41.147s][info][gc,phases      ] GC(137)   Pre Evacuate Collection Set: 0.65ms
[2026-04-03T02:16:29.885+0600][41.147s][info][gc,phases      ] GC(137)   Merge Heap Roots: 0.20ms
[2026-04-03T02:16:29.885+0600][41.147s][info][gc,phases      ] GC(137)   Evacuate Collection Set: 3.63ms
[2026-04-03T02:16:29.885+0600][41.147s][info][gc,phases      ] GC(137)   Post Evacuate Collection Set: 0.72ms
[2026-04-03T02:16:29.885+0600][41.147s][info][gc,phases      ] GC(137)   Other: 0.32ms
[2026-04-03T02:16:29.885+0600][41.147s][info][gc,heap        ] GC(137) Eden regions: 37->0(291)
[2026-04-03T02:16:29.885+0600][41.147s][info][gc,heap        ] GC(137) Survivor regions: 9->9(38)
[2026-04-03T02:16:29.885+0600][41.147s][info][gc,heap        ] GC(137) Old regions: 85->85
[2026-04-03T02:16:29.885+0600][41.147s][info][gc,heap        ] GC(137) Humongous regions: 8->8
[2026-04-03T02:16:29.885+0600][41.147s][info][gc,metaspace   ] GC(137) Metaspace: 130722K(132224K)->130722K(132224K) NonClass: 114240K(114944K)->114240K(114944K) Class: 16482K(17280K)->16482K(17280K)
[2026-04-03T02:16:29.885+0600][41.147s][info][gc             ] GC(137) Pause Young (Concurrent Start) (G1 Humongous Allocation) 136M->100M(500M) 5.860ms
[2026-04-03T02:16:29.885+0600][41.147s][info][gc             ] GC(138) Concurrent Mark Cycle
[2026-04-03T02:16:29.885+0600][41.147s][info][gc,cpu         ] GC(137) User=0.04s Sys=0.01s Real=0.01s
[2026-04-03T02:16:29.885+0600][41.147s][info][gc,marking     ] GC(138) Concurrent Scan Root Regions
[2026-04-03T02:16:29.889+0600][41.151s][info][gc,marking     ] GC(138) Concurrent Scan Root Regions 3.428ms
[2026-04-03T02:16:29.889+0600][41.151s][info][gc,marking     ] GC(138) Concurrent Mark
[2026-04-03T02:16:29.889+0600][41.151s][info][gc,marking     ] GC(138) Concurrent Mark From Roots
[2026-04-03T02:16:29.889+0600][41.151s][info][gc,task        ] GC(138) Using 3 workers of 3 for marking
[2026-04-03T02:16:29.945+0600][41.207s][info][gc,marking     ] GC(138) Concurrent Mark From Roots 56.148ms
[2026-04-03T02:16:29.945+0600][41.207s][info][gc,marking     ] GC(138) Concurrent Preclean
[2026-04-03T02:16:29.945+0600][41.207s][info][gc,marking     ] GC(138) Concurrent Preclean 0.149ms
[2026-04-03T02:16:29.946+0600][41.208s][info][gc,start       ] GC(138) Pause Remark
[2026-04-03T02:16:29.953+0600][41.215s][info][gc             ] GC(138) Pause Remark 150M->150M(417M) 7.574ms
[2026-04-03T02:16:29.953+0600][41.215s][info][gc,cpu         ] GC(138) User=0.06s Sys=0.00s Real=0.01s
[2026-04-03T02:16:29.954+0600][41.215s][info][gc,marking     ] GC(138) Concurrent Mark 64.672ms
[2026-04-03T02:16:29.954+0600][41.216s][info][gc,marking     ] GC(138) Concurrent Rebuild Remembered Sets and Scrub Regions
[2026-04-03T02:16:29.980+0600][41.242s][info][gc,marking     ] GC(138) Concurrent Rebuild Remembered Sets and Scrub Regions 26.030ms
[2026-04-03T02:16:29.980+0600][41.242s][info][gc,start       ] GC(138) Pause Cleanup
[2026-04-03T02:16:29.981+0600][41.242s][info][gc             ] GC(138) Pause Cleanup 160M->160M(417M) 0.409ms
[2026-04-03T02:16:29.981+0600][41.243s][info][gc,cpu         ] GC(138) User=0.00s Sys=0.01s Real=0.00s
[2026-04-03T02:16:29.981+0600][41.243s][info][gc,marking     ] GC(138) Concurrent Clear Claimed Marks
[2026-04-03T02:16:29.981+0600][41.243s][info][gc,marking     ] GC(138) Concurrent Clear Claimed Marks 0.319ms
[2026-04-03T02:16:29.981+0600][41.243s][info][gc,marking     ] GC(138) Concurrent Cleanup for Next Mark
[2026-04-03T02:16:29.982+0600][41.244s][info][gc,marking     ] GC(138) Concurrent Cleanup for Next Mark 0.563ms
[2026-04-03T02:16:29.982+0600][41.244s][info][gc             ] GC(138) Concurrent Mark Cycle 96.459ms
[2026-04-03T02:16:30.232+0600][41.493s][info][gc,start       ] GC(139) Pause Young (Prepare Mixed) (G1 Evacuation Pause)
[2026-04-03T02:16:30.232+0600][41.493s][info][gc,task        ] GC(139) Using 10 workers of 10 for evacuation
[2026-04-03T02:16:30.237+0600][41.498s][info][gc,phases      ] GC(139)   Pre Evacuate Collection Set: 0.39ms
[2026-04-03T02:16:30.237+0600][41.498s][info][gc,phases      ] GC(139)   Merge Heap Roots: 0.15ms
[2026-04-03T02:16:30.237+0600][41.498s][info][gc,phases      ] GC(139)   Evacuate Collection Set: 3.79ms
[2026-04-03T02:16:30.237+0600][41.498s][info][gc,phases      ] GC(139)   Post Evacuate Collection Set: 0.51ms
[2026-04-03T02:16:30.237+0600][41.499s][info][gc,phases      ] GC(139)   Other: 0.10ms
[2026-04-03T02:16:30.237+0600][41.499s][info][gc,heap        ] GC(139) Eden regions: 222->0(251)
[2026-04-03T02:16:30.237+0600][41.499s][info][gc,heap        ] GC(139) Survivor regions: 9->8(32)
[2026-04-03T02:16:30.237+0600][41.499s][info][gc,heap        ] GC(139) Old regions: 85->87
[2026-04-03T02:16:30.237+0600][41.499s][info][gc,heap        ] GC(139) Humongous regions: 107->10
[2026-04-03T02:16:30.237+0600][41.499s][info][gc,metaspace   ] GC(139) Metaspace: 130837K(132352K)->130837K(132352K) NonClass: 114340K(115072K)->114340K(115072K) Class: 16497K(17280K)->16497K(17280K)
[2026-04-03T02:16:30.237+0600][41.499s][info][gc             ] GC(139) Pause Young (Prepare Mixed) (G1 Evacuation Pause) 421M->102M(433M) 5.198ms
[2026-04-03T02:16:30.237+0600][41.499s][info][gc,cpu         ] GC(139) User=0.03s Sys=0.01s Real=0.00s
[2026-04-03T02:16:30.424+0600][41.686s][info][gc,start       ] GC(140) Pause Young (Mixed) (G1 Evacuation Pause)
[2026-04-03T02:16:30.424+0600][41.686s][info][gc,task        ] GC(140) Using 10 workers of 10 for evacuation
[2026-04-03T02:16:30.430+0600][41.692s][info][gc,phases      ] GC(140)   Pre Evacuate Collection Set: 0.27ms
[2026-04-03T02:16:30.430+0600][41.692s][info][gc,phases      ] GC(140)   Merge Heap Roots: 0.16ms
[2026-04-03T02:16:30.430+0600][41.692s][info][gc,phases      ] GC(140)   Evacuate Collection Set: 4.59ms
[2026-04-03T02:16:30.430+0600][41.692s][info][gc,phases      ] GC(140)   Post Evacuate Collection Set: 0.78ms
[2026-04-03T02:16:30.430+0600][41.692s][info][gc,phases      ] GC(140)   Other: 0.09ms
[2026-04-03T02:16:30.430+0600][41.692s][info][gc,heap        ] GC(140) Eden regions: 150->0(318)
[2026-04-03T02:16:30.430+0600][41.692s][info][gc,heap        ] GC(140) Survivor regions: 8->11(33)
[2026-04-03T02:16:30.430+0600][41.692s][info][gc,heap        ] GC(140) Old regions: 87->85
[2026-04-03T02:16:30.430+0600][41.692s][info][gc,heap        ] GC(140) Humongous regions: 293->18
[2026-04-03T02:16:30.430+0600][41.692s][info][gc,metaspace   ] GC(140) Metaspace: 130840K(132352K)->130840K(132352K) NonClass: 114343K(115072K)->114343K(115072K) Class: 16497K(17280K)->16497K(17280K)
[2026-04-03T02:16:30.430+0600][41.692s][info][gc             ] GC(140) Pause Young (Mixed) (G1 Evacuation Pause) 535M->112M(549M) 6.172ms
[2026-04-03T02:16:30.430+0600][41.692s][info][gc,cpu         ] GC(140) User=0.02s Sys=0.02s Real=0.01s
[2026-04-03T02:16:30.431+0600][41.693s][info][gc,start       ] GC(141) Pause Young (Concurrent Start) (G1 Humongous Allocation)
[2026-04-03T02:16:30.431+0600][41.693s][info][gc,task        ] GC(141) Using 10 workers of 10 for evacuation
[2026-04-03T02:16:30.434+0600][41.696s][info][gc,phases      ] GC(141)   Pre Evacuate Collection Set: 0.26ms
[2026-04-03T02:16:30.435+0600][41.696s][info][gc,phases      ] GC(141)   Merge Heap Roots: 0.08ms
[2026-04-03T02:16:30.435+0600][41.696s][info][gc,phases      ] GC(141)   Evacuate Collection Set: 2.53ms
[2026-04-03T02:16:30.435+0600][41.696s][info][gc,phases      ] GC(141)   Post Evacuate Collection Set: 0.48ms
[2026-04-03T02:16:30.435+0600][41.696s][info][gc,phases      ] GC(141)   Other: 0.13ms
[2026-04-03T02:16:30.435+0600][41.696s][info][gc,heap        ] GC(141) Eden regions: 3->0(305)
[2026-04-03T02:16:30.435+0600][41.696s][info][gc,heap        ] GC(141) Survivor regions: 11->12(42)
[2026-04-03T02:16:30.435+0600][41.697s][info][gc,heap        ] GC(141) Old regions: 85->86
[2026-04-03T02:16:30.435+0600][41.697s][info][gc,heap        ] GC(141) Humongous regions: 18->8
[2026-04-03T02:16:30.435+0600][41.697s][info][gc,metaspace   ] GC(141) Metaspace: 130840K(132352K)->130840K(132352K) NonClass: 114343K(115072K)->114343K(115072K) Class: 16497K(17280K)->16497K(17280K)
[2026-04-03T02:16:30.435+0600][41.697s][info][gc             ] GC(141) Pause Young (Concurrent Start) (G1 Humongous Allocation) 114M->103M(549M) 3.795ms
[2026-04-03T02:16:30.435+0600][41.697s][info][gc             ] GC(142) Concurrent Mark Cycle
[2026-04-03T02:16:30.435+0600][41.697s][info][gc,cpu         ] GC(141) User=0.03s Sys=0.00s Real=0.00s
[2026-04-03T02:16:30.435+0600][41.697s][info][gc,marking     ] GC(142) Concurrent Scan Root Regions
[2026-04-03T02:16:30.437+0600][41.699s][info][gc,marking     ] GC(142) Concurrent Scan Root Regions 2.446ms
[2026-04-03T02:16:30.438+0600][41.699s][info][gc,marking     ] GC(142) Concurrent Mark
[2026-04-03T02:16:30.438+0600][41.699s][info][gc,marking     ] GC(142) Concurrent Mark From Roots
[2026-04-03T02:16:30.438+0600][41.699s][info][gc,task        ] GC(142) Using 3 workers of 3 for marking
[2026-04-03T02:16:30.515+0600][41.777s][info][gc,marking     ] GC(142) Concurrent Mark From Roots 77.775ms
[2026-04-03T02:16:30.515+0600][41.777s][info][gc,marking     ] GC(142) Concurrent Preclean
[2026-04-03T02:16:30.516+0600][41.778s][info][gc,marking     ] GC(142) Concurrent Preclean 0.584ms
[2026-04-03T02:16:30.516+0600][41.778s][info][gc,start       ] GC(142) Pause Remark
[2026-04-03T02:16:30.526+0600][41.788s][info][gc             ] GC(142) Pause Remark 266M->266M(549M) 9.453ms
[2026-04-03T02:16:30.526+0600][41.788s][info][gc,cpu         ] GC(142) User=0.05s Sys=0.01s Real=0.01s
[2026-04-03T02:16:30.526+0600][41.788s][info][gc,marking     ] GC(142) Concurrent Mark 88.716ms
[2026-04-03T02:16:30.526+0600][41.788s][info][gc,marking     ] GC(142) Concurrent Rebuild Remembered Sets and Scrub Regions
[2026-04-03T02:16:30.553+0600][41.815s][info][gc,marking     ] GC(142) Concurrent Rebuild Remembered Sets and Scrub Regions 26.812ms
[2026-04-03T02:16:30.554+0600][41.815s][info][gc,start       ] GC(142) Pause Cleanup
[2026-04-03T02:16:30.554+0600][41.816s][info][gc             ] GC(142) Pause Cleanup 275M->275M(549M) 0.472ms
[2026-04-03T02:16:30.554+0600][41.816s][info][gc,cpu         ] GC(142) User=0.00s Sys=0.00s Real=0.00s
[2026-04-03T02:16:30.554+0600][41.816s][info][gc,marking     ] GC(142) Concurrent Clear Claimed Marks
[2026-04-03T02:16:30.555+0600][41.816s][info][gc,marking     ] GC(142) Concurrent Clear Claimed Marks 0.328ms
[2026-04-03T02:16:30.555+0600][41.816s][info][gc,marking     ] GC(142) Concurrent Cleanup for Next Mark
[2026-04-03T02:16:30.556+0600][41.818s][info][gc,marking     ] GC(142) Concurrent Cleanup for Next Mark 1.540ms
[2026-04-03T02:16:30.556+0600][41.818s][info][gc             ] GC(142) Concurrent Mark Cycle 121.327ms
[2026-04-03T02:16:30.619+0600][41.880s][info][gc,start       ] GC(143) Pause Young (Prepare Mixed) (G1 Evacuation Pause)
[2026-04-03T02:16:30.619+0600][41.881s][info][gc,task        ] GC(143) Using 10 workers of 10 for evacuation
[2026-04-03T02:16:30.623+0600][41.885s][info][gc,phases      ] GC(143)   Pre Evacuate Collection Set: 0.42ms
[2026-04-03T02:16:30.623+0600][41.885s][info][gc,phases      ] GC(143)   Merge Heap Roots: 0.22ms
[2026-04-03T02:16:30.623+0600][41.885s][info][gc,phases      ] GC(143)   Evacuate Collection Set: 2.64ms
[2026-04-03T02:16:30.623+0600][41.885s][info][gc,phases      ] GC(143)   Post Evacuate Collection Set: 0.82ms
[2026-04-03T02:16:30.623+0600][41.885s][info][gc,phases      ] GC(143)   Other: 0.11ms
[2026-04-03T02:16:30.623+0600][41.885s][info][gc,heap        ] GC(143) Eden regions: 67->0(373)
[2026-04-03T02:16:30.623+0600][41.885s][info][gc,heap        ] GC(143) Survivor regions: 12->5(40)
[2026-04-03T02:16:30.623+0600][41.885s][info][gc,heap        ] GC(143) Old regions: 86->86
[2026-04-03T02:16:30.623+0600][41.885s][info][gc,heap        ] GC(143) Humongous regions: 460->8
[2026-04-03T02:16:30.623+0600][41.885s][info][gc,metaspace   ] GC(143) Metaspace: 130853K(132352K)->130853K(132352K) NonClass: 114355K(115072K)->114355K(115072K) Class: 16497K(17280K)->16497K(17280K)
[2026-04-03T02:16:30.623+0600][41.885s][info][gc             ] GC(143) Pause Young (Prepare Mixed) (G1 Evacuation Pause) 622M->97M(630M) 4.518ms
[2026-04-03T02:16:30.623+0600][41.885s][info][gc,cpu         ] GC(143) User=0.02s Sys=0.01s Real=0.01s
[2026-04-03T02:16:31.274+0600][42.535s][info][gc,start       ] GC(144) Pause Young (Mixed) (G1 Evacuation Pause)
[2026-04-03T02:16:31.274+0600][42.536s][info][gc,task        ] GC(144) Using 10 workers of 10 for evacuation
[2026-04-03T02:16:31.280+0600][42.542s][info][gc,phases      ] GC(144)   Pre Evacuate Collection Set: 0.48ms
[2026-04-03T02:16:31.280+0600][42.542s][info][gc,phases      ] GC(144)   Merge Heap Roots: 0.24ms
[2026-04-03T02:16:31.280+0600][42.542s][info][gc,phases      ] GC(144)   Evacuate Collection Set: 4.41ms
[2026-04-03T02:16:31.280+0600][42.542s][info][gc,phases      ] GC(144)   Post Evacuate Collection Set: 0.71ms
[2026-04-03T02:16:31.280+0600][42.542s][info][gc,phases      ] GC(144)   Other: 0.13ms
[2026-04-03T02:16:31.280+0600][42.542s][info][gc,heap        ] GC(144) Eden regions: 353->0(377)
[2026-04-03T02:16:31.280+0600][42.542s][info][gc,heap        ] GC(144) Survivor regions: 5->8(48)
[2026-04-03T02:16:31.280+0600][42.542s][info][gc,heap        ] GC(144) Old regions: 86->84
[2026-04-03T02:16:31.280+0600][42.542s][info][gc,heap        ] GC(144) Humongous regions: 191->8
[2026-04-03T02:16:31.280+0600][42.542s][info][gc,metaspace   ] GC(144) Metaspace: 130884K(132352K)->130884K(132352K) NonClass: 114386K(115072K)->114386K(115072K) Class: 16497K(17280K)->16497K(17280K)
[2026-04-03T02:16:31.280+0600][42.542s][info][gc             ] GC(144) Pause Young (Mixed) (G1 Evacuation Pause) 633M->98M(643M) 6.273ms
[2026-04-03T02:16:31.280+0600][42.542s][info][gc,cpu         ] GC(144) User=0.03s Sys=0.01s Real=0.01s
[2026-04-03T02:16:31.291+0600][42.553s][info][gc,start       ] GC(145) Pause Young (Concurrent Start) (GCLocker Initiated GC)
[2026-04-03T02:16:31.291+0600][42.553s][info][gc,task        ] GC(145) Using 10 workers of 10 for evacuation
[2026-04-03T02:16:31.296+0600][42.558s][info][gc,phases      ] GC(145)   Pre Evacuate Collection Set: 0.38ms
[2026-04-03T02:16:31.296+0600][42.558s][info][gc,phases      ] GC(145)   Merge Heap Roots: 0.13ms
[2026-04-03T02:16:31.296+0600][42.558s][info][gc,phases      ] GC(145)   Evacuate Collection Set: 3.10ms
[2026-04-03T02:16:31.296+0600][42.558s][info][gc,phases      ] GC(145)   Post Evacuate Collection Set: 0.63ms
[2026-04-03T02:16:31.296+0600][42.558s][info][gc,phases      ] GC(145)   Other: 0.26ms
[2026-04-03T02:16:31.296+0600][42.558s][info][gc,heap        ] GC(145) Eden regions: 10->0(375)
[2026-04-03T02:16:31.296+0600][42.558s][info][gc,heap        ] GC(145) Survivor regions: 8->10(49)
[2026-04-03T02:16:31.296+0600][42.558s][info][gc,heap        ] GC(145) Old regions: 84->85
[2026-04-03T02:16:31.296+0600][42.558s][info][gc,heap        ] GC(145) Humongous regions: 8->8
[2026-04-03T02:16:31.296+0600][42.558s][info][gc,metaspace   ] GC(145) Metaspace: 130884K(132352K)->130884K(132352K) NonClass: 114386K(115072K)->114386K(115072K) Class: 16497K(17280K)->16497K(17280K)
[2026-04-03T02:16:31.296+0600][42.558s][info][gc             ] GC(145) Pause Young (Concurrent Start) (GCLocker Initiated GC) 108M->101M(643M) 4.802ms
[2026-04-03T02:16:31.296+0600][42.558s][info][gc             ] GC(146) Concurrent Mark Cycle
[2026-04-03T02:16:31.296+0600][42.558s][info][gc,marking     ] GC(146) Concurrent Scan Root Regions
[2026-04-03T02:16:31.296+0600][42.558s][info][gc,cpu         ] GC(145) User=0.04s Sys=0.00s Real=0.00s
[2026-04-03T02:16:31.300+0600][42.562s][info][gc,marking     ] GC(146) Concurrent Scan Root Regions 3.761ms
[2026-04-03T02:16:31.300+0600][42.562s][info][gc,marking     ] GC(146) Concurrent Mark
[2026-04-03T02:16:31.300+0600][42.562s][info][gc,marking     ] GC(146) Concurrent Mark From Roots
[2026-04-03T02:16:31.300+0600][42.562s][info][gc,task        ] GC(146) Using 3 workers of 3 for marking
[2026-04-03T02:16:31.386+0600][42.648s][info][gc,marking     ] GC(146) Concurrent Mark From Roots 85.882ms
[2026-04-03T02:16:31.386+0600][42.648s][info][gc,marking     ] GC(146) Concurrent Preclean
[2026-04-03T02:16:31.387+0600][42.648s][info][gc,marking     ] GC(146) Concurrent Preclean 0.507ms
[2026-04-03T02:16:31.387+0600][42.649s][info][gc,start       ] GC(146) Pause Remark
[2026-04-03T02:16:31.395+0600][42.657s][info][gc             ] GC(146) Pause Remark 218M->218M(537M) 8.455ms
[2026-04-03T02:16:31.395+0600][42.657s][info][gc,cpu         ] GC(146) User=0.06s Sys=0.00s Real=0.01s
[2026-04-03T02:16:31.396+0600][42.658s][info][gc,marking     ] GC(146) Concurrent Mark 95.617ms
[2026-04-03T02:16:31.396+0600][42.658s][info][gc,marking     ] GC(146) Concurrent Rebuild Remembered Sets and Scrub Regions
[2026-04-03T02:16:31.428+0600][42.690s][info][gc,marking     ] GC(146) Concurrent Rebuild Remembered Sets and Scrub Regions 32.561ms
[2026-04-03T02:16:31.429+0600][42.691s][info][gc,start       ] GC(146) Pause Cleanup
[2026-04-03T02:16:31.429+0600][42.691s][info][gc             ] GC(146) Pause Cleanup 244M->244M(537M) 0.382ms
[2026-04-03T02:16:31.429+0600][42.691s][info][gc,cpu         ] GC(146) User=0.00s Sys=0.00s Real=0.00s
[2026-04-03T02:16:31.429+0600][42.691s][info][gc,marking     ] GC(146) Concurrent Clear Claimed Marks
[2026-04-03T02:16:31.430+0600][42.692s][info][gc,marking     ] GC(146) Concurrent Clear Claimed Marks 0.366ms
[2026-04-03T02:16:31.430+0600][42.692s][info][gc,marking     ] GC(146) Concurrent Cleanup for Next Mark
[2026-04-03T02:16:31.431+0600][42.693s][info][gc,marking     ] GC(146) Concurrent Cleanup for Next Mark 1.534ms
[2026-04-03T02:16:31.431+0600][42.693s][info][gc             ] GC(146) Concurrent Mark Cycle 135.277ms
[2026-04-03T02:16:31.634+0600][42.896s][info][gc,start       ] GC(147) Pause Young (Prepare Mixed) (GCLocker Initiated GC)
[2026-04-03T02:16:31.634+0600][42.896s][info][gc,task        ] GC(147) Using 10 workers of 10 for evacuation
[2026-04-03T02:16:31.640+0600][42.902s][info][gc,phases      ] GC(147)   Pre Evacuate Collection Set: 0.45ms
[2026-04-03T02:16:31.641+0600][42.902s][info][gc,phases      ] GC(147)   Merge Heap Roots: 0.25ms
[2026-04-03T02:16:31.641+0600][42.902s][info][gc,phases      ] GC(147)   Evacuate Collection Set: 4.90ms
[2026-04-03T02:16:31.641+0600][42.902s][info][gc,phases      ] GC(147)   Post Evacuate Collection Set: 0.79ms
[2026-04-03T02:16:31.641+0600][42.902s][info][gc,phases      ] GC(147)   Other: 0.12ms
[2026-04-03T02:16:31.641+0600][42.902s][info][gc,heap        ] GC(147) Eden regions: 245->0(323)
[2026-04-03T02:16:31.641+0600][42.902s][info][gc,heap        ] GC(147) Survivor regions: 10->7(41)
[2026-04-03T02:16:31.641+0600][42.902s][info][gc,heap        ] GC(147) Old regions: 85->86
[2026-04-03T02:16:31.641+0600][42.902s][info][gc,heap        ] GC(147) Humongous regions: 203->8
[2026-04-03T02:16:31.641+0600][42.903s][info][gc,metaspace   ] GC(147) Metaspace: 130897K(132416K)->130897K(132416K) NonClass: 114399K(115136K)->114399K(115136K) Class: 16497K(17280K)->16497K(17280K)
[2026-04-03T02:16:31.641+0600][42.903s][info][gc             ] GC(147) Pause Young (Prepare Mixed) (GCLocker Initiated GC) 541M->99M(551M) 6.845ms
[2026-04-03T02:16:31.641+0600][42.903s][info][gc,cpu         ] GC(147) User=0.03s Sys=0.01s Real=0.01s
[2026-04-03T02:16:32.028+0600][43.290s][info][gc,start       ] GC(148) Pause Young (Mixed) (G1 Evacuation Pause)
[2026-04-03T02:16:32.028+0600][43.290s][info][gc,task        ] GC(148) Using 10 workers of 10 for evacuation
[2026-04-03T02:16:32.034+0600][43.296s][info][gc,phases      ] GC(148)   Pre Evacuate Collection Set: 0.41ms
[2026-04-03T02:16:32.034+0600][43.296s][info][gc,phases      ] GC(148)   Merge Heap Roots: 0.18ms
[2026-04-03T02:16:32.034+0600][43.296s][info][gc,phases      ] GC(148)   Evacuate Collection Set: 3.78ms
[2026-04-03T02:16:32.034+0600][43.296s][info][gc,phases      ] GC(148)   Post Evacuate Collection Set: 0.80ms
[2026-04-03T02:16:32.034+0600][43.296s][info][gc,phases      ] GC(148)   Other: 0.11ms
[2026-04-03T02:16:32.034+0600][43.296s][info][gc,heap        ] GC(148) Eden regions: 265->0(329)
[2026-04-03T02:16:32.034+0600][43.296s][info][gc,heap        ] GC(148) Survivor regions: 7->10(42)
[2026-04-03T02:16:32.034+0600][43.296s][info][gc,heap        ] GC(148) Old regions: 86->84
[2026-04-03T02:16:32.034+0600][43.296s][info][gc,heap        ] GC(148) Humongous regions: 198->8
[2026-04-03T02:16:32.034+0600][43.296s][info][gc,metaspace   ] GC(148) Metaspace: 130925K(132416K)->130925K(132416K) NonClass: 114427K(115136K)->114427K(115136K) Class: 16498K(17280K)->16498K(17280K)
[2026-04-03T02:16:32.034+0600][43.296s][info][gc             ] GC(148) Pause Young (Mixed) (G1 Evacuation Pause) 554M->100M(566M) 5.528ms
[2026-04-03T02:16:32.034+0600][43.296s][info][gc,cpu         ] GC(148) User=0.02s Sys=0.01s Real=0.01s
[2026-04-03T02:16:32.038+0600][43.300s][info][gc,start       ] GC(149) Pause Young (Concurrent Start) (G1 Humongous Allocation)
[2026-04-03T02:16:32.038+0600][43.300s][info][gc,task        ] GC(149) Using 10 workers of 10 for evacuation
[2026-04-03T02:16:32.042+0600][43.304s][info][gc,phases      ] GC(149)   Pre Evacuate Collection Set: 0.28ms
[2026-04-03T02:16:32.042+0600][43.304s][info][gc,phases      ] GC(149)   Merge Heap Roots: 0.09ms
[2026-04-03T02:16:32.042+0600][43.304s][info][gc,phases      ] GC(149)   Evacuate Collection Set: 2.42ms
[2026-04-03T02:16:32.042+0600][43.304s][info][gc,phases      ] GC(149)   Post Evacuate Collection Set: 0.55ms
[2026-04-03T02:16:32.042+0600][43.304s][info][gc,phases      ] GC(149)   Other: 0.19ms
[2026-04-03T02:16:32.042+0600][43.304s][info][gc,heap        ] GC(149) Eden regions: 4->0(219)
[2026-04-03T02:16:32.042+0600][43.304s][info][gc,heap        ] GC(149) Survivor regions: 10->9(43)
[2026-04-03T02:16:32.042+0600][43.304s][info][gc,heap        ] GC(149) Old regions: 84->84
[2026-04-03T02:16:32.042+0600][43.304s][info][gc,heap        ] GC(149) Humongous regions: 8->8
[2026-04-03T02:16:32.042+0600][43.304s][info][gc,metaspace   ] GC(149) Metaspace: 130925K(132416K)->130925K(132416K) NonClass: 114427K(115136K)->114427K(115136K) Class: 16498K(17280K)->16498K(17280K)
[2026-04-03T02:16:32.042+0600][43.304s][info][gc             ] GC(149) Pause Young (Concurrent Start) (G1 Humongous Allocation) 104M->99M(566M) 3.781ms
[2026-04-03T02:16:32.042+0600][43.304s][info][gc             ] GC(150) Concurrent Mark Cycle
[2026-04-03T02:16:32.042+0600][43.304s][info][gc,marking     ] GC(150) Concurrent Scan Root Regions
[2026-04-03T02:16:32.042+0600][43.304s][info][gc,cpu         ] GC(149) User=0.03s Sys=0.00s Real=0.01s
[2026-04-03T02:16:32.045+0600][43.306s][info][gc,marking     ] GC(150) Concurrent Scan Root Regions 2.304ms
[2026-04-03T02:16:32.045+0600][43.306s][info][gc,marking     ] GC(150) Concurrent Mark
[2026-04-03T02:16:32.045+0600][43.306s][info][gc,marking     ] GC(150) Concurrent Mark From Roots
[2026-04-03T02:16:32.045+0600][43.306s][info][gc,task        ] GC(150) Using 3 workers of 3 for marking
[2026-04-03T02:16:32.131+0600][43.393s][info][gc,marking     ] GC(150) Concurrent Mark From Roots 86.009ms
[2026-04-03T02:16:32.131+0600][43.393s][info][gc,marking     ] GC(150) Concurrent Preclean
[2026-04-03T02:16:32.131+0600][43.393s][info][gc,marking     ] GC(150) Concurrent Preclean 0.451ms
[2026-04-03T02:16:32.132+0600][43.393s][info][gc,start       ] GC(150) Pause Remark
[2026-04-03T02:16:32.140+0600][43.402s][info][gc             ] GC(150) Pause Remark 175M->175M(400M) 8.676ms
[2026-04-03T02:16:32.140+0600][43.402s][info][gc,cpu         ] GC(150) User=0.07s Sys=0.00s Real=0.01s
[2026-04-03T02:16:32.140+0600][43.402s][info][gc,marking     ] GC(150) Concurrent Mark 95.904ms
[2026-04-03T02:16:32.141+0600][43.402s][info][gc,marking     ] GC(150) Concurrent Rebuild Remembered Sets and Scrub Regions
[2026-04-03T02:16:32.173+0600][43.435s][info][gc,marking     ] GC(150) Concurrent Rebuild Remembered Sets and Scrub Regions 32.284ms
[2026-04-03T02:16:32.173+0600][43.435s][info][gc,start       ] GC(150) Pause Cleanup
[2026-04-03T02:16:32.174+0600][43.435s][info][gc             ] GC(150) Pause Cleanup 203M->203M(400M) 0.297ms
[2026-04-03T02:16:32.174+0600][43.435s][info][gc,cpu         ] GC(150) User=0.01s Sys=0.00s Real=0.00s
[2026-04-03T02:16:32.174+0600][43.436s][info][gc,marking     ] GC(150) Concurrent Clear Claimed Marks
[2026-04-03T02:16:32.174+0600][43.436s][info][gc,marking     ] GC(150) Concurrent Clear Claimed Marks 0.416ms
[2026-04-03T02:16:32.174+0600][43.436s][info][gc,marking     ] GC(150) Concurrent Cleanup for Next Mark
[2026-04-03T02:16:32.175+0600][43.437s][info][gc,marking     ] GC(150) Concurrent Cleanup for Next Mark 0.821ms
[2026-04-03T02:16:32.175+0600][43.437s][info][gc             ] GC(150) Concurrent Mark Cycle 133.052ms
[2026-04-03T02:16:32.311+0600][43.573s][info][gc,start       ] GC(151) Pause Young (Prepare Mixed) (G1 Evacuation Pause)
[2026-04-03T02:16:32.311+0600][43.573s][info][gc,task        ] GC(151) Using 9 workers of 10 for evacuation
[2026-04-03T02:16:32.318+0600][43.580s][info][gc,phases      ] GC(151)   Pre Evacuate Collection Set: 0.69ms
[2026-04-03T02:16:32.318+0600][43.580s][info][gc,phases      ] GC(151)   Merge Heap Roots: 0.29ms
[2026-04-03T02:16:32.318+0600][43.580s][info][gc,phases      ] GC(151)   Evacuate Collection Set: 4.36ms
[2026-04-03T02:16:32.318+0600][43.580s][info][gc,phases      ] GC(151)   Post Evacuate Collection Set: 0.86ms
[2026-04-03T02:16:32.318+0600][43.580s][info][gc,phases      ] GC(151)   Other: 0.14ms
[2026-04-03T02:16:32.318+0600][43.580s][info][gc,heap        ] GC(151) Eden regions: 219->0(157)
[2026-04-03T02:16:32.318+0600][43.580s][info][gc,heap        ] GC(151) Survivor regions: 9->10(29)
[2026-04-03T02:16:32.318+0600][43.580s][info][gc,heap        ] GC(151) Old regions: 84->85
[2026-04-03T02:16:32.318+0600][43.580s][info][gc,heap        ] GC(151) Humongous regions: 63->8
[2026-04-03T02:16:32.318+0600][43.580s][info][gc,metaspace   ] GC(151) Metaspace: 130925K(132416K)->130925K(132416K) NonClass: 114427K(115136K)->114427K(115136K) Class: 16498K(17280K)->16498K(17280K)
[2026-04-03T02:16:32.318+0600][43.580s][info][gc             ] GC(151) Pause Young (Prepare Mixed) (G1 Evacuation Pause) 373M->100M(400M) 6.711ms
[2026-04-03T02:16:32.318+0600][43.580s][info][gc,cpu         ] GC(151) User=0.05s Sys=0.00s Real=0.00s
[2026-04-03T02:16:32.445+0600][43.706s][info][gc,start       ] GC(152) Pause Young (Mixed) (G1 Evacuation Pause)
[2026-04-03T02:16:32.445+0600][43.707s][info][gc,task        ] GC(152) Using 10 workers of 10 for evacuation
[2026-04-03T02:16:32.450+0600][43.712s][info][gc,phases      ] GC(152)   Pre Evacuate Collection Set: 0.31ms
[2026-04-03T02:16:32.450+0600][43.712s][info][gc,phases      ] GC(152)   Merge Heap Roots: 0.12ms
[2026-04-03T02:16:32.450+0600][43.712s][info][gc,phases      ] GC(152)   Evacuate Collection Set: 4.26ms
[2026-04-03T02:16:32.450+0600][43.712s][info][gc,phases      ] GC(152)   Post Evacuate Collection Set: 0.66ms
[2026-04-03T02:16:32.450+0600][43.712s][info][gc,phases      ] GC(152)   Other: 0.13ms
[2026-04-03T02:16:32.450+0600][43.712s][info][gc,heap        ] GC(152) Eden regions: 89->0(174)
[2026-04-03T02:16:32.450+0600][43.712s][info][gc,heap        ] GC(152) Survivor regions: 10->10(21)
[2026-04-03T02:16:32.450+0600][43.712s][info][gc,heap        ] GC(152) Old regions: 85->84
[2026-04-03T02:16:32.450+0600][43.712s][info][gc,heap        ] GC(152) Humongous regions: 236->23
[2026-04-03T02:16:32.450+0600][43.712s][info][gc,metaspace   ] GC(152) Metaspace: 130927K(132416K)->130927K(132416K) NonClass: 114428K(115136K)->114428K(115136K) Class: 16498K(17280K)->16498K(17280K)
[2026-04-03T02:16:32.450+0600][43.712s][info][gc             ] GC(152) Pause Young (Mixed) (G1 Evacuation Pause) 417M->114M(431M) 5.879ms
[2026-04-03T02:16:32.451+0600][43.712s][info][gc,cpu         ] GC(152) User=0.04s Sys=0.01s Real=0.01s
[2026-04-03T02:16:32.452+0600][43.713s][info][gc,start       ] GC(153) Pause Young (Concurrent Start) (G1 Humongous Allocation)
[2026-04-03T02:16:32.452+0600][43.713s][info][gc,task        ] GC(153) Using 10 workers of 10 for evacuation
[2026-04-03T02:16:32.455+0600][43.717s][info][gc,phases      ] GC(153)   Pre Evacuate Collection Set: 0.23ms
[2026-04-03T02:16:32.455+0600][43.717s][info][gc,phases      ] GC(153)   Merge Heap Roots: 0.08ms
[2026-04-03T02:16:32.455+0600][43.717s][info][gc,phases      ] GC(153)   Evacuate Collection Set: 2.31ms
[2026-04-03T02:16:32.455+0600][43.717s][info][gc,phases      ] GC(153)   Post Evacuate Collection Set: 0.53ms
[2026-04-03T02:16:32.455+0600][43.717s][info][gc,phases      ] GC(153)   Other: 0.11ms
[2026-04-03T02:16:32.455+0600][43.717s][info][gc,heap        ] GC(153) Eden regions: 2->0(183)
[2026-04-03T02:16:32.455+0600][43.717s][info][gc,heap        ] GC(153) Survivor regions: 10->10(23)
[2026-04-03T02:16:32.455+0600][43.717s][info][gc,heap        ] GC(153) Old regions: 84->84
[2026-04-03T02:16:32.455+0600][43.717s][info][gc,heap        ] GC(153) Humongous regions: 23->8
[2026-04-03T02:16:32.455+0600][43.717s][info][gc,metaspace   ] GC(153) Metaspace: 130927K(132416K)->130927K(132416K) NonClass: 114428K(115136K)->114428K(115136K) Class: 16498K(17280K)->16498K(17280K)
[2026-04-03T02:16:32.455+0600][43.717s][info][gc             ] GC(153) Pause Young (Concurrent Start) (G1 Humongous Allocation) 115M->100M(431M) 3.522ms
[2026-04-03T02:16:32.455+0600][43.717s][info][gc             ] GC(154) Concurrent Mark Cycle
[2026-04-03T02:16:32.455+0600][43.717s][info][gc,marking     ] GC(154) Concurrent Scan Root Regions
[2026-04-03T02:16:32.455+0600][43.717s][info][gc,cpu         ] GC(153) User=0.03s Sys=0.00s Real=0.00s
[2026-04-03T02:16:32.457+0600][43.719s][info][gc,marking     ] GC(154) Concurrent Scan Root Regions 2.034ms
[2026-04-03T02:16:32.457+0600][43.719s][info][gc,marking     ] GC(154) Concurrent Mark
[2026-04-03T02:16:32.457+0600][43.719s][info][gc,marking     ] GC(154) Concurrent Mark From Roots
[2026-04-03T02:16:32.457+0600][43.719s][info][gc,task        ] GC(154) Using 3 workers of 3 for marking
[2026-04-03T02:16:32.537+0600][43.799s][info][gc,marking     ] GC(154) Concurrent Mark From Roots 79.960ms
[2026-04-03T02:16:32.537+0600][43.799s][info][gc,marking     ] GC(154) Concurrent Preclean
[2026-04-03T02:16:32.538+0600][43.799s][info][gc,marking     ] GC(154) Concurrent Preclean 0.211ms
[2026-04-03T02:16:32.538+0600][43.800s][info][gc,start       ] GC(154) Pause Remark
[2026-04-03T02:16:32.545+0600][43.807s][info][gc             ] GC(154) Pause Remark 316M->316M(452M) 7.473ms
[2026-04-03T02:16:32.545+0600][43.807s][info][gc,cpu         ] GC(154) User=0.05s Sys=0.00s Real=0.01s
[2026-04-03T02:16:32.546+0600][43.808s][info][gc,marking     ] GC(154) Concurrent Mark 88.353ms
[2026-04-03T02:16:32.546+0600][43.808s][info][gc,marking     ] GC(154) Concurrent Rebuild Remembered Sets and Scrub Regions
[2026-04-03T02:16:32.569+0600][43.831s][info][gc,marking     ] GC(154) Concurrent Rebuild Remembered Sets and Scrub Regions 23.682ms
[2026-04-03T02:16:32.570+0600][43.832s][info][gc,start       ] GC(154) Pause Cleanup
[2026-04-03T02:16:32.570+0600][43.832s][info][gc             ] GC(154) Pause Cleanup 326M->326M(452M) 0.342ms
[2026-04-03T02:16:32.570+0600][43.832s][info][gc,cpu         ] GC(154) User=0.00s Sys=0.00s Real=0.00s
[2026-04-03T02:16:32.570+0600][43.832s][info][gc,marking     ] GC(154) Concurrent Clear Claimed Marks
[2026-04-03T02:16:32.571+0600][43.833s][info][gc,marking     ] GC(154) Concurrent Clear Claimed Marks 0.312ms
[2026-04-03T02:16:32.571+0600][43.833s][info][gc,marking     ] GC(154) Concurrent Cleanup for Next Mark
[2026-04-03T02:16:32.572+0600][43.834s][info][gc,marking     ] GC(154) Concurrent Cleanup for Next Mark 0.892ms
[2026-04-03T02:16:32.572+0600][43.834s][info][gc             ] GC(154) Concurrent Mark Cycle 116.677ms
[2026-04-03T02:16:32.615+0600][43.877s][info][gc,start       ] GC(155) Pause Young (Prepare Mixed) (G1 Evacuation Pause)
[2026-04-03T02:16:32.615+0600][43.877s][info][gc,task        ] GC(155) Using 10 workers of 10 for evacuation
[2026-04-03T02:16:32.620+0600][43.881s][info][gc,phases      ] GC(155)   Pre Evacuate Collection Set: 0.43ms
[2026-04-03T02:16:32.620+0600][43.882s][info][gc,phases      ] GC(155)   Merge Heap Roots: 0.19ms
[2026-04-03T02:16:32.620+0600][43.882s][info][gc,phases      ] GC(155)   Evacuate Collection Set: 2.99ms
[2026-04-03T02:16:32.620+0600][43.882s][info][gc,phases      ] GC(155)   Post Evacuate Collection Set: 0.83ms
[2026-04-03T02:16:32.620+0600][43.882s][info][gc,phases      ] GC(155)   Other: 0.10ms
[2026-04-03T02:16:32.620+0600][43.882s][info][gc,heap        ] GC(155) Eden regions: 66->0(294)
[2026-04-03T02:16:32.620+0600][43.882s][info][gc,heap        ] GC(155) Survivor regions: 10->8(25)
[2026-04-03T02:16:32.620+0600][43.882s][info][gc,heap        ] GC(155) Old regions: 84->84
[2026-04-03T02:16:32.620+0600][43.882s][info][gc,heap        ] GC(155) Humongous regions: 432->23
[2026-04-03T02:16:32.620+0600][43.882s][info][gc,metaspace   ] GC(155) Metaspace: 130931K(132416K)->130931K(132416K) NonClass: 114433K(115136K)->114433K(115136K) Class: 16498K(17280K)->16498K(17280K)
[2026-04-03T02:16:32.620+0600][43.882s][info][gc             ] GC(155) Pause Young (Prepare Mixed) (G1 Evacuation Pause) 590M->112M(600M) 4.893ms
[2026-04-03T02:16:32.620+0600][43.882s][info][gc,cpu         ] GC(155) User=0.03s Sys=0.00s Real=0.01s
[2026-04-03T02:16:33.164+0600][44.426s][info][gc,start       ] GC(156) Pause Young (Mixed) (GCLocker Initiated GC)
[2026-04-03T02:16:33.164+0600][44.426s][info][gc,task        ] GC(156) Using 10 workers of 10 for evacuation
[2026-04-03T02:16:33.172+0600][44.434s][info][gc,phases      ] GC(156)   Pre Evacuate Collection Set: 0.50ms
[2026-04-03T02:16:33.172+0600][44.434s][info][gc,phases      ] GC(156)   Merge Heap Roots: 0.31ms
[2026-04-03T02:16:33.172+0600][44.434s][info][gc,phases      ] GC(156)   Evacuate Collection Set: 5.83ms
[2026-04-03T02:16:33.172+0600][44.434s][info][gc,phases      ] GC(156)   Post Evacuate Collection Set: 0.98ms
[2026-04-03T02:16:33.172+0600][44.434s][info][gc,phases      ] GC(156)   Other: 0.15ms
[2026-04-03T02:16:33.172+0600][44.434s][info][gc,heap        ] GC(156) Eden regions: 287->0(331)
[2026-04-03T02:16:33.172+0600][44.434s][info][gc,heap        ] GC(156) Survivor regions: 8->9(38)
[2026-04-03T02:16:33.172+0600][44.434s][info][gc,heap        ] GC(156) Old regions: 84->83
[2026-04-03T02:16:33.172+0600][44.434s][info][gc,heap        ] GC(156) Humongous regions: 221->8
[2026-04-03T02:16:33.172+0600][44.434s][info][gc,metaspace   ] GC(156) Metaspace: 130962K(132416K)->130962K(132416K) NonClass: 114464K(115136K)->114464K(115136K) Class: 16498K(17280K)->16498K(17280K)
[2026-04-03T02:16:33.172+0600][44.434s][info][gc             ] GC(156) Pause Young (Mixed) (GCLocker Initiated GC) 597M->98M(610M) 8.164ms
[2026-04-03T02:16:33.173+0600][44.434s][info][gc,cpu         ] GC(156) User=0.04s Sys=0.01s Real=0.01s
[2026-04-03T02:16:33.217+0600][44.479s][info][gc,start       ] GC(157) Pause Young (Concurrent Start) (G1 Humongous Allocation)
[2026-04-03T02:16:33.217+0600][44.479s][info][gc,task        ] GC(157) Using 10 workers of 10 for evacuation
[2026-04-03T02:16:33.221+0600][44.483s][info][gc,phases      ] GC(157)   Pre Evacuate Collection Set: 0.44ms
[2026-04-03T02:16:33.221+0600][44.483s][info][gc,phases      ] GC(157)   Merge Heap Roots: 0.15ms
[2026-04-03T02:16:33.221+0600][44.483s][info][gc,phases      ] GC(157)   Evacuate Collection Set: 2.22ms
[2026-04-03T02:16:33.221+0600][44.483s][info][gc,phases      ] GC(157)   Post Evacuate Collection Set: 0.57ms
[2026-04-03T02:16:33.221+0600][44.483s][info][gc,phases      ] GC(157)   Other: 0.15ms
[2026-04-03T02:16:33.221+0600][44.483s][info][gc,heap        ] GC(157) Eden regions: 36->0(358)
[2026-04-03T02:16:33.221+0600][44.483s][info][gc,heap        ] GC(157) Survivor regions: 9->6(43)
[2026-04-03T02:16:33.221+0600][44.483s][info][gc,heap        ] GC(157) Old regions: 83->83
[2026-04-03T02:16:33.221+0600][44.483s][info][gc,heap        ] GC(157) Humongous regions: 39->8
[2026-04-03T02:16:33.221+0600][44.483s][info][gc,metaspace   ] GC(157) Metaspace: 130962K(132416K)->130962K(132416K) NonClass: 114464K(115136K)->114464K(115136K) Class: 16498K(17280K)->16498K(17280K)
[2026-04-03T02:16:33.221+0600][44.483s][info][gc             ] GC(157) Pause Young (Concurrent Start) (G1 Humongous Allocation) 164M->96M(610M) 3.811ms
[2026-04-03T02:16:33.221+0600][44.483s][info][gc             ] GC(158) Concurrent Undo Cycle
[2026-04-03T02:16:33.221+0600][44.483s][info][gc,cpu         ] GC(157) User=0.02s Sys=0.00s Real=0.01s
[2026-04-03T02:16:33.221+0600][44.483s][info][gc,marking     ] GC(158) Concurrent Clear Claimed Marks
[2026-04-03T02:16:33.222+0600][44.483s][info][gc,marking     ] GC(158) Concurrent Clear Claimed Marks 0.321ms
[2026-04-03T02:16:33.222+0600][44.484s][info][gc,marking     ] GC(158) Concurrent Cleanup for Next Mark
[2026-04-03T02:16:33.222+0600][44.484s][info][gc,marking     ] GC(158) Concurrent Cleanup for Next Mark 0.207ms
[2026-04-03T02:16:33.222+0600][44.484s][info][gc             ] GC(158) Concurrent Undo Cycle 0.730ms
[2026-04-03T02:16:33.224+0600][44.486s][info][gc,start       ] GC(159) Pause Young (Concurrent Start) (G1 Humongous Allocation)
[2026-04-03T02:16:33.224+0600][44.486s][info][gc,task        ] GC(159) Using 10 workers of 10 for evacuation
[2026-04-03T02:16:33.227+0600][44.489s][info][gc,phases      ] GC(159)   Pre Evacuate Collection Set: 0.30ms
[2026-04-03T02:16:33.227+0600][44.489s][info][gc,phases      ] GC(159)   Merge Heap Roots: 0.08ms
[2026-04-03T02:16:33.227+0600][44.489s][info][gc,phases      ] GC(159)   Evacuate Collection Set: 2.11ms
[2026-04-03T02:16:33.227+0600][44.489s][info][gc,phases      ] GC(159)   Post Evacuate Collection Set: 0.50ms
[2026-04-03T02:16:33.227+0600][44.489s][info][gc,phases      ] GC(159)   Other: 0.11ms
[2026-04-03T02:16:33.227+0600][44.489s][info][gc,heap        ] GC(159) Eden regions: 3->0(361)
[2026-04-03T02:16:33.227+0600][44.489s][info][gc,heap        ] GC(159) Survivor regions: 6->5(46)
[2026-04-03T02:16:33.227+0600][44.489s][info][gc,heap        ] GC(159) Old regions: 83->84
[2026-04-03T02:16:33.227+0600][44.489s][info][gc,heap        ] GC(159) Humongous regions: 10->8
[2026-04-03T02:16:33.227+0600][44.489s][info][gc,metaspace   ] GC(159) Metaspace: 130962K(132416K)->130962K(132416K) NonClass: 114464K(115136K)->114464K(115136K) Class: 16498K(17280K)->16498K(17280K)
[2026-04-03T02:16:33.227+0600][44.489s][info][gc             ] GC(159) Pause Young (Concurrent Start) (G1 Humongous Allocation) 100M->95M(610M) 3.355ms
[2026-04-03T02:16:33.227+0600][44.489s][info][gc             ] GC(160) Concurrent Mark Cycle
[2026-04-03T02:16:33.227+0600][44.489s][info][gc,marking     ] GC(160) Concurrent Scan Root Regions
[2026-04-03T02:16:33.228+0600][44.489s][info][gc,cpu         ] GC(159) User=0.02s Sys=0.00s Real=0.00s
[2026-04-03T02:16:33.230+0600][44.492s][info][gc,marking     ] GC(160) Concurrent Scan Root Regions 2.864ms
[2026-04-03T02:16:33.230+0600][44.492s][info][gc,marking     ] GC(160) Concurrent Mark
[2026-04-03T02:16:33.230+0600][44.492s][info][gc,marking     ] GC(160) Concurrent Mark From Roots
[2026-04-03T02:16:33.230+0600][44.492s][info][gc,task        ] GC(160) Using 3 workers of 3 for marking
[2026-04-03T02:16:33.309+0600][44.571s][info][gc,marking     ] GC(160) Concurrent Mark From Roots 78.668ms
[2026-04-03T02:16:33.309+0600][44.571s][info][gc,marking     ] GC(160) Concurrent Preclean
[2026-04-03T02:16:33.310+0600][44.572s][info][gc,marking     ] GC(160) Concurrent Preclean 0.690ms
[2026-04-03T02:16:33.310+0600][44.572s][info][gc,start       ] GC(160) Pause Remark
[2026-04-03T02:16:33.319+0600][44.581s][info][gc             ] GC(160) Pause Remark 177M->177M(430M) 8.923ms
[2026-04-03T02:16:33.319+0600][44.581s][info][gc,cpu         ] GC(160) User=0.06s Sys=0.00s Real=0.00s
[2026-04-03T02:16:33.320+0600][44.582s][info][gc,marking     ] GC(160) Concurrent Mark 89.261ms
[2026-04-03T02:16:33.320+0600][44.582s][info][gc,marking     ] GC(160) Concurrent Rebuild Remembered Sets and Scrub Regions
[2026-04-03T02:16:33.352+0600][44.614s][info][gc,marking     ] GC(160) Concurrent Rebuild Remembered Sets and Scrub Regions 32.419ms
[2026-04-03T02:16:33.353+0600][44.615s][info][gc,start       ] GC(160) Pause Cleanup
[2026-04-03T02:16:33.353+0600][44.615s][info][gc             ] GC(160) Pause Cleanup 216M->216M(430M) 0.397ms
[2026-04-03T02:16:33.353+0600][44.615s][info][gc,cpu         ] GC(160) User=0.00s Sys=0.00s Real=0.00s
[2026-04-03T02:16:33.353+0600][44.615s][info][gc,marking     ] GC(160) Concurrent Clear Claimed Marks
[2026-04-03T02:16:33.354+0600][44.616s][info][gc,marking     ] GC(160) Concurrent Clear Claimed Marks 0.420ms
[2026-04-03T02:16:33.354+0600][44.616s][info][gc,marking     ] GC(160) Concurrent Cleanup for Next Mark
[2026-04-03T02:16:33.355+0600][44.616s][info][gc,marking     ] GC(160) Concurrent Cleanup for Next Mark 0.664ms
[2026-04-03T02:16:33.355+0600][44.617s][info][gc             ] GC(160) Concurrent Mark Cycle 127.198ms
[2026-04-03T02:16:33.519+0600][44.780s][info][gc,start       ] GC(161) Pause Young (Prepare Mixed) (G1 Evacuation Pause)
[2026-04-03T02:16:33.519+0600][44.781s][info][gc,task        ] GC(161) Using 10 workers of 10 for evacuation
[2026-04-03T02:16:33.523+0600][44.785s][info][gc,phases      ] GC(161)   Pre Evacuate Collection Set: 0.35ms
[2026-04-03T02:16:33.523+0600][44.785s][info][gc,phases      ] GC(161)   Merge Heap Roots: 0.20ms
[2026-04-03T02:16:33.523+0600][44.785s][info][gc,phases      ] GC(161)   Evacuate Collection Set: 3.13ms
[2026-04-03T02:16:33.523+0600][44.785s][info][gc,phases      ] GC(161)   Post Evacuate Collection Set: 0.73ms
[2026-04-03T02:16:33.523+0600][44.785s][info][gc,phases      ] GC(161)   Other: 0.11ms
[2026-04-03T02:16:33.523+0600][44.785s][info][gc,heap        ] GC(161) Eden regions: 192->0(265)
[2026-04-03T02:16:33.523+0600][44.785s][info][gc,heap        ] GC(161) Survivor regions: 5->6(33)
[2026-04-03T02:16:33.523+0600][44.785s][info][gc,heap        ] GC(161) Old regions: 84->85
[2026-04-03T02:16:33.523+0600][44.785s][info][gc,heap        ] GC(161) Humongous regions: 164->8
[2026-04-03T02:16:33.523+0600][44.785s][info][gc,metaspace   ] GC(161) Metaspace: 130971K(132416K)->130971K(132416K) NonClass: 114473K(115136K)->114473K(115136K) Class: 16498K(17280K)->16498K(17280K)
[2026-04-03T02:16:33.523+0600][44.785s][info][gc             ] GC(161) Pause Young (Prepare Mixed) (G1 Evacuation Pause) 443M->96M(452M) 4.855ms
[2026-04-03T02:16:33.524+0600][44.785s][info][gc,cpu         ] GC(161) User=0.02s Sys=0.01s Real=0.01s
[2026-04-03T02:16:33.778+0600][45.040s][info][gc,start       ] GC(162) Pause Young (Mixed) (G1 Evacuation Pause)
[2026-04-03T02:16:33.779+0600][45.040s][info][gc,task        ] GC(162) Using 10 workers of 10 for evacuation
[2026-04-03T02:16:33.785+0600][45.047s][info][gc,phases      ] GC(162)   Pre Evacuate Collection Set: 0.46ms
[2026-04-03T02:16:33.785+0600][45.047s][info][gc,phases      ] GC(162)   Merge Heap Roots: 0.27ms
[2026-04-03T02:16:33.785+0600][45.047s][info][gc,phases      ] GC(162)   Evacuate Collection Set: 4.73ms
[2026-04-03T02:16:33.785+0600][45.047s][info][gc,phases      ] GC(162)   Post Evacuate Collection Set: 0.87ms
[2026-04-03T02:16:33.785+0600][45.047s][info][gc,phases      ] GC(162)   Other: 0.13ms
[2026-04-03T02:16:33.785+0600][45.047s][info][gc,heap        ] GC(162) Eden regions: 206->0(268)
[2026-04-03T02:16:33.785+0600][45.047s][info][gc,heap        ] GC(162) Survivor regions: 6->8(34)
[2026-04-03T02:16:33.785+0600][45.047s][info][gc,heap        ] GC(162) Old regions: 85->83
[2026-04-03T02:16:33.785+0600][45.047s][info][gc,heap        ] GC(162) Humongous regions: 155->8
[2026-04-03T02:16:33.785+0600][45.047s][info][gc,metaspace   ] GC(162) Metaspace: 130980K(132480K)->130980K(132480K) NonClass: 114481K(115200K)->114481K(115200K) Class: 16498K(17280K)->16498K(17280K)
[2026-04-03T02:16:33.785+0600][45.047s][info][gc             ] GC(162) Pause Young (Mixed) (G1 Evacuation Pause) 449M->98M(460M) 6.846ms
[2026-04-03T02:16:33.785+0600][45.047s][info][gc,cpu         ] GC(162) User=0.04s Sys=0.02s Real=0.01s
[2026-04-03T02:16:33.797+0600][45.059s][info][gc,start       ] GC(163) Pause Young (Concurrent Start) (G1 Humongous Allocation)
[2026-04-03T02:16:33.797+0600][45.059s][info][gc,task        ] GC(163) Using 10 workers of 10 for evacuation
[2026-04-03T02:16:33.802+0600][45.064s][info][gc,phases      ] GC(163)   Pre Evacuate Collection Set: 0.37ms
[2026-04-03T02:16:33.802+0600][45.064s][info][gc,phases      ] GC(163)   Merge Heap Roots: 0.14ms
[2026-04-03T02:16:33.802+0600][45.064s][info][gc,phases      ] GC(163)   Evacuate Collection Set: 3.24ms
[2026-04-03T02:16:33.802+0600][45.064s][info][gc,phases      ] GC(163)   Post Evacuate Collection Set: 0.91ms
[2026-04-03T02:16:33.802+0600][45.064s][info][gc,phases      ] GC(163)   Other: 0.16ms
[2026-04-03T02:16:33.802+0600][45.064s][info][gc,heap        ] GC(163) Eden regions: 13->0(269)
[2026-04-03T02:16:33.802+0600][45.064s][info][gc,heap        ] GC(163) Survivor regions: 8->7(35)
[2026-04-03T02:16:33.802+0600][45.064s][info][gc,heap        ] GC(163) Old regions: 83->83
[2026-04-03T02:16:33.802+0600][45.064s][info][gc,heap        ] GC(163) Humongous regions: 8->8
[2026-04-03T02:16:33.802+0600][45.064s][info][gc,metaspace   ] GC(163) Metaspace: 130980K(132480K)->130980K(132480K) NonClass: 114482K(115200K)->114482K(115200K) Class: 16498K(17280K)->16498K(17280K)
[2026-04-03T02:16:33.802+0600][45.064s][info][gc             ] GC(163) Pause Young (Concurrent Start) (G1 Humongous Allocation) 110M->97M(460M) 5.147ms
[2026-04-03T02:16:33.802+0600][45.064s][info][gc             ] GC(164) Concurrent Mark Cycle
[2026-04-03T02:16:33.803+0600][45.064s][info][gc,marking     ] GC(164) Concurrent Scan Root Regions
[2026-04-03T02:16:33.802+0600][45.064s][info][gc,cpu         ] GC(163) User=0.03s Sys=0.00s Real=0.01s
[2026-04-03T02:16:33.805+0600][45.067s][info][gc,marking     ] GC(164) Concurrent Scan Root Regions 2.595ms
[2026-04-03T02:16:33.805+0600][45.067s][info][gc,marking     ] GC(164) Concurrent Mark
[2026-04-03T02:16:33.805+0600][45.067s][info][gc,marking     ] GC(164) Concurrent Mark From Roots
[2026-04-03T02:16:33.805+0600][45.067s][info][gc,task        ] GC(164) Using 3 workers of 3 for marking
[2026-04-03T02:16:33.885+0600][45.147s][info][gc,marking     ] GC(164) Concurrent Mark From Roots 79.595ms
[2026-04-03T02:16:33.885+0600][45.147s][info][gc,marking     ] GC(164) Concurrent Preclean
[2026-04-03T02:16:33.885+0600][45.147s][info][gc,marking     ] GC(164) Concurrent Preclean 0.392ms
[2026-04-03T02:16:33.886+0600][45.148s][info][gc,start       ] GC(164) Pause Remark
[2026-04-03T02:16:33.896+0600][45.158s][info][gc             ] GC(164) Pause Remark 181M->181M(460M) 9.708ms
[2026-04-03T02:16:33.896+0600][45.158s][info][gc,cpu         ] GC(164) User=0.08s Sys=0.00s Real=0.01s
[2026-04-03T02:16:33.896+0600][45.158s][info][gc,marking     ] GC(164) Concurrent Mark 90.838ms
[2026-04-03T02:16:33.896+0600][45.158s][info][gc,marking     ] GC(164) Concurrent Rebuild Remembered Sets and Scrub Regions
[2026-04-03T02:16:33.933+0600][45.195s][info][gc,marking     ] GC(164) Concurrent Rebuild Remembered Sets and Scrub Regions 37.248ms
[2026-04-03T02:16:33.934+0600][45.196s][info][gc,start       ] GC(164) Pause Cleanup
[2026-04-03T02:16:33.934+0600][45.196s][info][gc             ] GC(164) Pause Cleanup 219M->219M(460M) 0.307ms
[2026-04-03T02:16:33.934+0600][45.196s][info][gc,cpu         ] GC(164) User=0.00s Sys=0.00s Real=0.00s
[2026-04-03T02:16:33.934+0600][45.196s][info][gc,marking     ] GC(164) Concurrent Clear Claimed Marks
[2026-04-03T02:16:33.935+0600][45.197s][info][gc,marking     ] GC(164) Concurrent Clear Claimed Marks 0.348ms
[2026-04-03T02:16:33.935+0600][45.197s][info][gc,marking     ] GC(164) Concurrent Cleanup for Next Mark
[2026-04-03T02:16:33.935+0600][45.197s][info][gc,marking     ] GC(164) Concurrent Cleanup for Next Mark 0.705ms
[2026-04-03T02:16:33.935+0600][45.197s][info][gc             ] GC(164) Concurrent Mark Cycle 133.016ms
[2026-04-03T02:16:34.183+0600][45.445s][info][gc,start       ] GC(165) Pause Young (Prepare Mixed) (G1 Evacuation Pause)
[2026-04-03T02:16:34.183+0600][45.445s][info][gc,task        ] GC(165) Using 10 workers of 10 for evacuation
[2026-04-03T02:16:34.188+0600][45.450s][info][gc,phases      ] GC(165)   Pre Evacuate Collection Set: 0.33ms
[2026-04-03T02:16:34.188+0600][45.450s][info][gc,phases      ] GC(165)   Merge Heap Roots: 0.19ms
[2026-04-03T02:16:34.188+0600][45.450s][info][gc,phases      ] GC(165)   Evacuate Collection Set: 3.44ms
[2026-04-03T02:16:34.188+0600][45.450s][info][gc,phases      ] GC(165)   Post Evacuate Collection Set: 0.82ms
[2026-04-03T02:16:34.188+0600][45.450s][info][gc,phases      ] GC(165)   Other: 0.10ms
[2026-04-03T02:16:34.188+0600][45.450s][info][gc,heap        ] GC(165) Eden regions: 223->0(277)
[2026-04-03T02:16:34.188+0600][45.450s][info][gc,heap        ] GC(165) Survivor regions: 7->9(35)
[2026-04-03T02:16:34.188+0600][45.450s][info][gc,heap        ] GC(165) Old regions: 83->84
[2026-04-03T02:16:34.188+0600][45.450s][info][gc,heap        ] GC(165) Humongous regions: 154->8
[2026-04-03T02:16:34.188+0600][45.450s][info][gc,metaspace   ] GC(165) Metaspace: 130998K(132480K)->130998K(132480K) NonClass: 114499K(115200K)->114499K(115200K) Class: 16498K(17280K)->16498K(17280K)
[2026-04-03T02:16:34.189+0600][45.450s][info][gc             ] GC(165) Pause Young (Prepare Mixed) (G1 Evacuation Pause) 466M->98M(477M) 5.171ms
[2026-04-03T02:16:34.189+0600][45.450s][info][gc,cpu         ] GC(165) User=0.02s Sys=0.02s Real=0.00s
[2026-04-03T02:16:34.456+0600][45.718s][info][gc,start       ] GC(166) Pause Young (Mixed) (G1 Evacuation Pause)
[2026-04-03T02:16:34.456+0600][45.718s][info][gc,task        ] GC(166) Using 10 workers of 10 for evacuation
[2026-04-03T02:16:34.461+0600][45.723s][info][gc,phases      ] GC(166)   Pre Evacuate Collection Set: 0.33ms
[2026-04-03T02:16:34.461+0600][45.723s][info][gc,phases      ] GC(166)   Merge Heap Roots: 0.21ms
[2026-04-03T02:16:34.461+0600][45.723s][info][gc,phases      ] GC(166)   Evacuate Collection Set: 3.76ms
[2026-04-03T02:16:34.461+0600][45.723s][info][gc,phases      ] GC(166)   Post Evacuate Collection Set: 0.72ms
[2026-04-03T02:16:34.461+0600][45.723s][info][gc,phases      ] GC(166)   Other: 0.11ms
[2026-04-03T02:16:34.461+0600][45.723s][info][gc,heap        ] GC(166) Eden regions: 247->0(342)
[2026-04-03T02:16:34.461+0600][45.723s][info][gc,heap        ] GC(166) Survivor regions: 9->10(36)
[2026-04-03T02:16:34.461+0600][45.723s][info][gc,heap        ] GC(166) Old regions: 84->83
[2026-04-03T02:16:34.461+0600][45.723s][info][gc,heap        ] GC(166) Humongous regions: 237->18
[2026-04-03T02:16:34.461+0600][45.723s][info][gc,metaspace   ] GC(166) Metaspace: 131003K(132480K)->131003K(132480K) NonClass: 114505K(115200K)->114505K(115200K) Class: 16498K(17280K)->16498K(17280K)
[2026-04-03T02:16:34.461+0600][45.723s][info][gc             ] GC(166) Pause Young (Mixed) (G1 Evacuation Pause) 574M->109M(587M) 5.421ms
[2026-04-03T02:16:34.461+0600][45.723s][info][gc,cpu         ] GC(166) User=0.03s Sys=0.01s Real=0.01s
[2026-04-03T02:16:34.464+0600][45.726s][info][gc,start       ] GC(167) Pause Young (Concurrent Start) (G1 Humongous Allocation)
[2026-04-03T02:16:34.464+0600][45.726s][info][gc,task        ] GC(167) Using 10 workers of 10 for evacuation
[2026-04-03T02:16:34.467+0600][45.729s][info][gc,phases      ] GC(167)   Pre Evacuate Collection Set: 0.26ms
[2026-04-03T02:16:34.467+0600][45.729s][info][gc,phases      ] GC(167)   Merge Heap Roots: 0.06ms
[2026-04-03T02:16:34.467+0600][45.729s][info][gc,phases      ] GC(167)   Evacuate Collection Set: 2.10ms
[2026-04-03T02:16:34.467+0600][45.729s][info][gc,phases      ] GC(167)   Post Evacuate Collection Set: 0.47ms
[2026-04-03T02:16:34.467+0600][45.729s][info][gc,phases      ] GC(167)   Other: 0.09ms
[2026-04-03T02:16:34.467+0600][45.729s][info][gc,heap        ] GC(167) Eden regions: 4->0(342)
[2026-04-03T02:16:34.467+0600][45.729s][info][gc,heap        ] GC(167) Survivor regions: 10->10(44)
[2026-04-03T02:16:34.467+0600][45.729s][info][gc,heap        ] GC(167) Old regions: 83->83
[2026-04-03T02:16:34.467+0600][45.729s][info][gc,heap        ] GC(167) Humongous regions: 53->18
[2026-04-03T02:16:34.467+0600][45.729s][info][gc,metaspace   ] GC(167) Metaspace: 131003K(132480K)->131003K(132480K) NonClass: 114505K(115200K)->114505K(115200K) Class: 16498K(17280K)->16498K(17280K)
[2026-04-03T02:16:34.467+0600][45.729s][info][gc             ] GC(167) Pause Young (Concurrent Start) (G1 Humongous Allocation) 148M->110M(587M) 3.238ms
[2026-04-03T02:16:34.467+0600][45.729s][info][gc             ] GC(168) Concurrent Undo Cycle
[2026-04-03T02:16:34.467+0600][45.729s][info][gc,cpu         ] GC(167) User=0.02s Sys=0.00s Real=0.00s
[2026-04-03T02:16:34.467+0600][45.729s][info][gc,marking     ] GC(168) Concurrent Clear Claimed Marks
[2026-04-03T02:16:34.468+0600][45.729s][info][gc,marking     ] GC(168) Concurrent Clear Claimed Marks 0.250ms
[2026-04-03T02:16:34.468+0600][45.729s][info][gc,marking     ] GC(168) Concurrent Cleanup for Next Mark
[2026-04-03T02:16:34.468+0600][45.730s][info][gc,marking     ] GC(168) Concurrent Cleanup for Next Mark 0.182ms
[2026-04-03T02:16:34.468+0600][45.730s][info][gc             ] GC(168) Concurrent Undo Cycle 0.628ms
[2026-04-03T02:16:34.468+0600][45.730s][info][gc,start       ] GC(169) Pause Young (Concurrent Start) (G1 Humongous Allocation)
[2026-04-03T02:16:34.469+0600][45.730s][info][gc,task        ] GC(169) Using 10 workers of 10 for evacuation
[2026-04-03T02:16:34.472+0600][45.734s][info][gc,phases      ] GC(169)   Pre Evacuate Collection Set: 0.28ms
[2026-04-03T02:16:34.472+0600][45.734s][info][gc,phases      ] GC(169)   Merge Heap Roots: 0.06ms
[2026-04-03T02:16:34.472+0600][45.734s][info][gc,phases      ] GC(169)   Evacuate Collection Set: 2.42ms
[2026-04-03T02:16:34.472+0600][45.734s][info][gc,phases      ] GC(169)   Post Evacuate Collection Set: 0.61ms
[2026-04-03T02:16:34.472+0600][45.734s][info][gc,phases      ] GC(169)   Other: 0.12ms
[2026-04-03T02:16:34.472+0600][45.734s][info][gc,heap        ] GC(169) Eden regions: 3->0(342)
[2026-04-03T02:16:34.472+0600][45.734s][info][gc,heap        ] GC(169) Survivor regions: 10->10(44)
[2026-04-03T02:16:34.472+0600][45.734s][info][gc,heap        ] GC(169) Old regions: 83->84
[2026-04-03T02:16:34.472+0600][45.734s][info][gc,heap        ] GC(169) Humongous regions: 23->8
[2026-04-03T02:16:34.472+0600][45.734s][info][gc,metaspace   ] GC(169) Metaspace: 131003K(132480K)->131003K(132480K) NonClass: 114505K(115200K)->114505K(115200K) Class: 16498K(17280K)->16498K(17280K)
[2026-04-03T02:16:34.472+0600][45.734s][info][gc             ] GC(169) Pause Young (Concurrent Start) (G1 Humongous Allocation) 117M->100M(587M) 3.730ms
[2026-04-03T02:16:34.472+0600][45.734s][info][gc             ] GC(170) Concurrent Mark Cycle
[2026-04-03T02:16:34.472+0600][45.734s][info][gc,cpu         ] GC(169) User=0.03s Sys=0.00s Real=0.01s
[2026-04-03T02:16:34.472+0600][45.734s][info][gc,marking     ] GC(170) Concurrent Scan Root Regions
[2026-04-03T02:16:34.475+0600][45.737s][info][gc,marking     ] GC(170) Concurrent Scan Root Regions 2.269ms
[2026-04-03T02:16:34.475+0600][45.737s][info][gc,marking     ] GC(170) Concurrent Mark
[2026-04-03T02:16:34.475+0600][45.737s][info][gc,marking     ] GC(170) Concurrent Mark From Roots
[2026-04-03T02:16:34.475+0600][45.737s][info][gc,task        ] GC(170) Using 3 workers of 3 for marking
[2026-04-03T02:16:34.549+0600][45.811s][info][gc,marking     ] GC(170) Concurrent Mark From Roots 74.471ms
[2026-04-03T02:16:34.549+0600][45.811s][info][gc,marking     ] GC(170) Concurrent Preclean
[2026-04-03T02:16:34.550+0600][45.812s][info][gc,marking     ] GC(170) Concurrent Preclean 0.432ms
[2026-04-03T02:16:34.550+0600][45.812s][info][gc,start       ] GC(170) Pause Remark
[2026-04-03T02:16:34.558+0600][45.820s][info][gc             ] GC(170) Pause Remark 292M->292M(587M) 8.092ms
[2026-04-03T02:16:34.558+0600][45.820s][info][gc,cpu         ] GC(170) User=0.06s Sys=0.00s Real=0.00s
[2026-04-03T02:16:34.559+0600][45.821s][info][gc,marking     ] GC(170) Concurrent Mark 83.890ms
[2026-04-03T02:16:34.559+0600][45.821s][info][gc,marking     ] GC(170) Concurrent Rebuild Remembered Sets and Scrub Regions
[2026-04-03T02:16:34.589+0600][45.851s][info][gc,marking     ] GC(170) Concurrent Rebuild Remembered Sets and Scrub Regions 30.514ms
[2026-04-03T02:16:34.590+0600][45.852s][info][gc,start       ] GC(170) Pause Cleanup
[2026-04-03T02:16:34.590+0600][45.852s][info][gc             ] GC(170) Pause Cleanup 305M->305M(587M) 0.430ms
[2026-04-03T02:16:34.590+0600][45.852s][info][gc,cpu         ] GC(170) User=0.00s Sys=0.00s Real=0.01s
[2026-04-03T02:16:34.590+0600][45.852s][info][gc,marking     ] GC(170) Concurrent Clear Claimed Marks
[2026-04-03T02:16:34.591+0600][45.853s][info][gc,marking     ] GC(170) Concurrent Clear Claimed Marks 0.412ms
[2026-04-03T02:16:34.591+0600][45.853s][info][gc,marking     ] GC(170) Concurrent Cleanup for Next Mark
[2026-04-03T02:16:34.592+0600][45.854s][info][gc,marking     ] GC(170) Concurrent Cleanup for Next Mark 1.727ms
[2026-04-03T02:16:34.593+0600][45.854s][info][gc             ] GC(170) Concurrent Mark Cycle 120.275ms
[2026-04-03T02:16:34.620+0600][45.882s][info][gc,start       ] GC(171) Pause Young (Prepare Mixed) (G1 Evacuation Pause)
[2026-04-03T02:16:34.620+0600][45.882s][info][gc,task        ] GC(171) Using 10 workers of 10 for evacuation
[2026-04-03T02:16:34.625+0600][45.887s][info][gc,phases      ] GC(171)   Pre Evacuate Collection Set: 0.44ms
[2026-04-03T02:16:34.626+0600][45.887s][info][gc,phases      ] GC(171)   Merge Heap Roots: 0.22ms
[2026-04-03T02:16:34.626+0600][45.887s][info][gc,phases      ] GC(171)   Evacuate Collection Set: 3.60ms
[2026-04-03T02:16:34.626+0600][45.887s][info][gc,phases      ] GC(171)   Post Evacuate Collection Set: 0.68ms
[2026-04-03T02:16:34.626+0600][45.887s][info][gc,phases      ] GC(171)   Other: 0.08ms
[2026-04-03T02:16:34.626+0600][45.887s][info][gc,heap        ] GC(171) Eden regions: 66->0(362)
[2026-04-03T02:16:34.626+0600][45.887s][info][gc,heap        ] GC(171) Survivor regions: 10->10(44)
[2026-04-03T02:16:34.626+0600][45.887s][info][gc,heap        ] GC(171) Old regions: 84->84
[2026-04-03T02:16:34.626+0600][45.887s][info][gc,heap        ] GC(171) Humongous regions: 451->13
[2026-04-03T02:16:34.626+0600][45.887s][info][gc,metaspace   ] GC(171) Metaspace: 131008K(132480K)->131008K(132480K) NonClass: 114510K(115200K)->114510K(115200K) Class: 16498K(17280K)->16498K(17280K)
[2026-04-03T02:16:34.626+0600][45.888s][info][gc             ] GC(171) Pause Young (Prepare Mixed) (G1 Evacuation Pause) 609M->104M(621M) 5.268ms
[2026-04-03T02:16:34.626+0600][45.888s][info][gc,cpu         ] GC(171) User=0.02s Sys=0.01s Real=0.00s
[2026-04-03T02:16:35.187+0600][46.449s][info][gc,start       ] GC(172) Pause Young (Mixed) (G1 Evacuation Pause)
[2026-04-03T02:16:35.187+0600][46.449s][info][gc,task        ] GC(172) Using 10 workers of 10 for evacuation
[2026-04-03T02:16:35.193+0600][46.455s][info][gc,phases      ] GC(172)   Pre Evacuate Collection Set: 0.27ms
[2026-04-03T02:16:35.193+0600][46.455s][info][gc,phases      ] GC(172)   Merge Heap Roots: 0.23ms
[2026-04-03T02:16:35.193+0600][46.455s][info][gc,phases      ] GC(172)   Evacuate Collection Set: 4.31ms
[2026-04-03T02:16:35.193+0600][46.455s][info][gc,phases      ] GC(172)   Post Evacuate Collection Set: 0.58ms
[2026-04-03T02:16:35.193+0600][46.455s][info][gc,phases      ] GC(172)   Other: 0.11ms
[2026-04-03T02:16:35.193+0600][46.455s][info][gc,heap        ] GC(172) Eden regions: 320->0(373)
[2026-04-03T02:16:35.193+0600][46.455s][info][gc,heap        ] GC(172) Survivor regions: 10->11(47)
[2026-04-03T02:16:35.193+0600][46.455s][info][gc,heap        ] GC(172) Old regions: 84->83
[2026-04-03T02:16:35.193+0600][46.455s][info][gc,heap        ] GC(172) Humongous regions: 214->8
[2026-04-03T02:16:35.193+0600][46.455s][info][gc,metaspace   ] GC(172) Metaspace: 131076K(132544K)->131076K(132544K) NonClass: 114576K(115264K)->114576K(115264K) Class: 16499K(17280K)->16499K(17280K)
[2026-04-03T02:16:35.193+0600][46.455s][info][gc             ] GC(172) Pause Young (Mixed) (G1 Evacuation Pause) 625M->100M(640M) 5.837ms
[2026-04-03T02:16:35.193+0600][46.455s][info][gc,cpu         ] GC(172) User=0.03s Sys=0.01s Real=0.01s
[2026-04-03T02:16:35.210+0600][46.472s][info][gc,start       ] GC(173) Pause Young (Concurrent Start) (G1 Humongous Allocation)
[2026-04-03T02:16:35.210+0600][46.472s][info][gc,task        ] GC(173) Using 10 workers of 10 for evacuation
[2026-04-03T02:16:35.215+0600][46.477s][info][gc,phases      ] GC(173)   Pre Evacuate Collection Set: 0.52ms
[2026-04-03T02:16:35.215+0600][46.477s][info][gc,phases      ] GC(173)   Merge Heap Roots: 0.16ms
[2026-04-03T02:16:35.215+0600][46.477s][info][gc,phases      ] GC(173)   Evacuate Collection Set: 3.32ms
[2026-04-03T02:16:35.215+0600][46.477s][info][gc,phases      ] GC(173)   Post Evacuate Collection Set: 0.67ms
[2026-04-03T02:16:35.215+0600][46.477s][info][gc,phases      ] GC(173)   Other: 0.22ms
[2026-04-03T02:16:35.215+0600][46.477s][info][gc,heap        ] GC(173) Eden regions: 22->0(373)
[2026-04-03T02:16:35.215+0600][46.477s][info][gc,heap        ] GC(173) Survivor regions: 11->11(48)
[2026-04-03T02:16:35.215+0600][46.477s][info][gc,heap        ] GC(173) Old regions: 83->84
[2026-04-03T02:16:35.215+0600][46.477s][info][gc,heap        ] GC(173) Humongous regions: 8->8
[2026-04-03T02:16:35.215+0600][46.477s][info][gc,metaspace   ] GC(173) Metaspace: 131076K(132544K)->131076K(132544K) NonClass: 114576K(115264K)->114576K(115264K) Class: 16499K(17280K)->16499K(17280K)
[2026-04-03T02:16:35.215+0600][46.477s][info][gc             ] GC(173) Pause Young (Concurrent Start) (G1 Humongous Allocation) 121M->101M(640M) 5.196ms
[2026-04-03T02:16:35.215+0600][46.477s][info][gc             ] GC(174) Concurrent Mark Cycle
[2026-04-03T02:16:35.215+0600][46.477s][info][gc,cpu         ] GC(173) User=0.04s Sys=0.01s Real=0.00s
[2026-04-03T02:16:35.215+0600][46.477s][info][gc,marking     ] GC(174) Concurrent Scan Root Regions
[2026-04-03T02:16:35.219+0600][46.481s][info][gc,marking     ] GC(174) Concurrent Scan Root Regions 3.363ms
[2026-04-03T02:16:35.219+0600][46.481s][info][gc,marking     ] GC(174) Concurrent Mark
[2026-04-03T02:16:35.219+0600][46.481s][info][gc,marking     ] GC(174) Concurrent Mark From Roots
[2026-04-03T02:16:35.219+0600][46.481s][info][gc,task        ] GC(174) Using 3 workers of 3 for marking
[2026-04-03T02:16:35.305+0600][46.567s][info][gc,marking     ] GC(174) Concurrent Mark From Roots 86.563ms
[2026-04-03T02:16:35.305+0600][46.567s][info][gc,marking     ] GC(174) Concurrent Preclean
[2026-04-03T02:16:35.306+0600][46.568s][info][gc,marking     ] GC(174) Concurrent Preclean 0.599ms
[2026-04-03T02:16:35.306+0600][46.568s][info][gc,start       ] GC(174) Pause Remark
[2026-04-03T02:16:35.315+0600][46.577s][info][gc             ] GC(174) Pause Remark 197M->197M(490M) 8.807ms
[2026-04-03T02:16:35.315+0600][46.577s][info][gc,cpu         ] GC(174) User=0.06s Sys=0.01s Real=0.01s
[2026-04-03T02:16:35.316+0600][46.578s][info][gc,marking     ] GC(174) Concurrent Mark 97.551ms
[2026-04-03T02:16:35.316+0600][46.578s][info][gc,marking     ] GC(174) Concurrent Rebuild Remembered Sets and Scrub Regions
[2026-04-03T02:16:35.350+0600][46.612s][info][gc,marking     ] GC(174) Concurrent Rebuild Remembered Sets and Scrub Regions 33.383ms
[2026-04-03T02:16:35.351+0600][46.612s][info][gc,start       ] GC(174) Pause Cleanup
[2026-04-03T02:16:35.351+0600][46.613s][info][gc             ] GC(174) Pause Cleanup 233M->233M(490M) 0.376ms
[2026-04-03T02:16:35.351+0600][46.613s][info][gc,cpu         ] GC(174) User=0.00s Sys=0.00s Real=0.00s
[2026-04-03T02:16:35.353+0600][46.615s][info][gc,marking     ] GC(174) Concurrent Clear Claimed Marks
[2026-04-03T02:16:35.353+0600][46.615s][info][gc,marking     ] GC(174) Concurrent Clear Claimed Marks 0.400ms
[2026-04-03T02:16:35.353+0600][46.615s][info][gc,marking     ] GC(174) Concurrent Cleanup for Next Mark
[2026-04-03T02:16:35.354+0600][46.616s][info][gc,marking     ] GC(174) Concurrent Cleanup for Next Mark 0.711ms
[2026-04-03T02:16:35.354+0600][46.616s][info][gc             ] GC(174) Concurrent Mark Cycle 138.735ms
[2026-04-03T02:16:35.529+0600][46.791s][info][gc,start       ] GC(175) Pause Young (Prepare Mixed) (G1 Evacuation Pause)
[2026-04-03T02:16:35.529+0600][46.791s][info][gc,task        ] GC(175) Using 10 workers of 10 for evacuation
[2026-04-03T02:16:35.536+0600][46.798s][info][gc,phases      ] GC(175)   Pre Evacuate Collection Set: 0.45ms
[2026-04-03T02:16:35.536+0600][46.798s][info][gc,phases      ] GC(175)   Merge Heap Roots: 0.21ms
[2026-04-03T02:16:35.536+0600][46.798s][info][gc,phases      ] GC(175)   Evacuate Collection Set: 4.91ms
[2026-04-03T02:16:35.536+0600][46.798s][info][gc,phases      ] GC(175)   Post Evacuate Collection Set: 0.84ms
[2026-04-03T02:16:35.536+0600][46.798s][info][gc,phases      ] GC(175)   Other: 0.12ms
[2026-04-03T02:16:35.536+0600][46.798s][info][gc,heap        ] GC(175) Eden regions: 215->0(290)
[2026-04-03T02:16:35.536+0600][46.798s][info][gc,heap        ] GC(175) Survivor regions: 11->11(37)
[2026-04-03T02:16:35.536+0600][46.798s][info][gc,heap        ] GC(175) Old regions: 84->84
[2026-04-03T02:16:35.536+0600][46.798s][info][gc,heap        ] GC(175) Humongous regions: 182->10
[2026-04-03T02:16:35.536+0600][46.798s][info][gc,metaspace   ] GC(175) Metaspace: 131079K(132544K)->131079K(132544K) NonClass: 114579K(115264K)->114579K(115264K) Class: 16499K(17280K)->16499K(17280K)
[2026-04-03T02:16:35.536+0600][46.798s][info][gc             ] GC(175) Pause Young (Prepare Mixed) (G1 Evacuation Pause) 490M->103M(503M) 6.912ms
[2026-04-03T02:16:35.536+0600][46.798s][info][gc,cpu         ] GC(175) User=0.04s Sys=0.01s Real=0.01s
[2026-04-03T02:16:35.836+0600][47.098s][info][gc,start       ] GC(176) Pause Young (Mixed) (G1 Evacuation Pause)
[2026-04-03T02:16:35.836+0600][47.098s][info][gc,task        ] GC(176) Using 10 workers of 10 for evacuation
[2026-04-03T02:16:35.841+0600][47.103s][info][gc,phases      ] GC(176)   Pre Evacuate Collection Set: 0.43ms
[2026-04-03T02:16:35.842+0600][47.103s][info][gc,phases      ] GC(176)   Merge Heap Roots: 0.29ms
[2026-04-03T02:16:35.842+0600][47.103s][info][gc,phases      ] GC(176)   Evacuate Collection Set: 3.43ms
[2026-04-03T02:16:35.842+0600][47.103s][info][gc,phases      ] GC(176)   Post Evacuate Collection Set: 0.84ms
[2026-04-03T02:16:35.842+0600][47.103s][info][gc,phases      ] GC(176)   Other: 0.11ms
[2026-04-03T02:16:35.842+0600][47.103s][info][gc,heap        ] GC(176) Eden regions: 224->0(301)
[2026-04-03T02:16:35.842+0600][47.103s][info][gc,heap        ] GC(176) Survivor regions: 11->9(38)
[2026-04-03T02:16:35.842+0600][47.103s][info][gc,heap        ] GC(176) Old regions: 84->83
[2026-04-03T02:16:35.842+0600][47.103s][info][gc,heap        ] GC(176) Humongous regions: 188->8
[2026-04-03T02:16:35.842+0600][47.103s][info][gc,metaspace   ] GC(176) Metaspace: 131096K(132544K)->131096K(132544K) NonClass: 114596K(115264K)->114596K(115264K) Class: 16499K(17280K)->16499K(17280K)
[2026-04-03T02:16:35.842+0600][47.104s][info][gc             ] GC(176) Pause Young (Mixed) (G1 Evacuation Pause) 505M->98M(517M) 5.347ms
[2026-04-03T02:16:35.842+0600][47.104s][info][gc,cpu         ] GC(176) User=0.03s Sys=0.01s Real=0.01s
[2026-04-03T02:16:35.850+0600][47.112s][info][gc,start       ] GC(177) Pause Young (Concurrent Start) (G1 Humongous Allocation)
[2026-04-03T02:16:35.850+0600][47.112s][info][gc,task        ] GC(177) Using 10 workers of 10 for evacuation
[2026-04-03T02:16:35.854+0600][47.116s][info][gc,phases      ] GC(177)   Pre Evacuate Collection Set: 0.43ms
[2026-04-03T02:16:35.854+0600][47.116s][info][gc,phases      ] GC(177)   Merge Heap Roots: 0.14ms
[2026-04-03T02:16:35.854+0600][47.116s][info][gc,phases      ] GC(177)   Evacuate Collection Set: 2.18ms
[2026-04-03T02:16:35.854+0600][47.116s][info][gc,phases      ] GC(177)   Post Evacuate Collection Set: 0.48ms
[2026-04-03T02:16:35.854+0600][47.116s][info][gc,phases      ] GC(177)   Other: 0.18ms
[2026-04-03T02:16:35.854+0600][47.116s][info][gc,heap        ] GC(177) Eden regions: 5->0(303)
[2026-04-03T02:16:35.854+0600][47.116s][info][gc,heap        ] GC(177) Survivor regions: 9->7(39)
[2026-04-03T02:16:35.854+0600][47.116s][info][gc,heap        ] GC(177) Old regions: 83->85
[2026-04-03T02:16:35.854+0600][47.116s][info][gc,heap        ] GC(177) Humongous regions: 8->8
[2026-04-03T02:16:35.854+0600][47.116s][info][gc,metaspace   ] GC(177) Metaspace: 131096K(132544K)->131096K(132544K) NonClass: 114596K(115264K)->114596K(115264K) Class: 16499K(17280K)->16499K(17280K)
[2026-04-03T02:16:35.854+0600][47.116s][info][gc             ] GC(177) Pause Young (Concurrent Start) (G1 Humongous Allocation) 102M->98M(517M) 3.729ms
[2026-04-03T02:16:35.854+0600][47.116s][info][gc             ] GC(178) Concurrent Mark Cycle
[2026-04-03T02:16:35.854+0600][47.116s][info][gc,marking     ] GC(178) Concurrent Scan Root Regions
[2026-04-03T02:16:35.854+0600][47.116s][info][gc,cpu         ] GC(177) User=0.02s Sys=0.00s Real=0.00s
[2026-04-03T02:16:35.857+0600][47.119s][info][gc,marking     ] GC(178) Concurrent Scan Root Regions 2.981ms
[2026-04-03T02:16:35.857+0600][47.119s][info][gc,marking     ] GC(178) Concurrent Mark
[2026-04-03T02:16:35.857+0600][47.119s][info][gc,marking     ] GC(178) Concurrent Mark From Roots
[2026-04-03T02:16:35.857+0600][47.119s][info][gc,task        ] GC(178) Using 3 workers of 3 for marking
[2026-04-03T02:16:35.945+0600][47.207s][info][gc,marking     ] GC(178) Concurrent Mark From Roots 87.976ms
[2026-04-03T02:16:35.945+0600][47.207s][info][gc,marking     ] GC(178) Concurrent Preclean
[2026-04-03T02:16:35.946+0600][47.208s][info][gc,marking     ] GC(178) Concurrent Preclean 0.446ms
[2026-04-03T02:16:35.946+0600][47.208s][info][gc,start       ] GC(178) Pause Remark
[2026-04-03T02:16:35.955+0600][47.216s][info][gc             ] GC(178) Pause Remark 176M->176M(404M) 8.436ms
[2026-04-03T02:16:35.955+0600][47.217s][info][gc,cpu         ] GC(178) User=0.06s Sys=0.00s Real=0.01s
[2026-04-03T02:16:35.955+0600][47.217s][info][gc,marking     ] GC(178) Concurrent Mark 97.948ms
[2026-04-03T02:16:35.955+0600][47.217s][info][gc,marking     ] GC(178) Concurrent Rebuild Remembered Sets and Scrub Regions
[2026-04-03T02:16:35.982+0600][47.244s][info][gc,marking     ] GC(178) Concurrent Rebuild Remembered Sets and Scrub Regions 26.613ms
[2026-04-03T02:16:35.982+0600][47.244s][info][gc,start       ] GC(178) Pause Cleanup
[2026-04-03T02:16:35.982+0600][47.244s][info][gc             ] GC(178) Pause Cleanup 185M->185M(404M) 0.208ms
[2026-04-03T02:16:35.982+0600][47.244s][info][gc,cpu         ] GC(178) User=0.00s Sys=0.00s Real=0.00s
[2026-04-03T02:16:35.982+0600][47.244s][info][gc,marking     ] GC(178) Concurrent Clear Claimed Marks
[2026-04-03T02:16:35.983+0600][47.245s][info][gc,marking     ] GC(178) Concurrent Clear Claimed Marks 0.290ms
[2026-04-03T02:16:35.983+0600][47.245s][info][gc,marking     ] GC(178) Concurrent Cleanup for Next Mark
[2026-04-03T02:16:35.983+0600][47.245s][info][gc,marking     ] GC(178) Concurrent Cleanup for Next Mark 0.510ms
[2026-04-03T02:16:35.983+0600][47.245s][info][gc             ] GC(178) Concurrent Mark Cycle 129.288ms
[2026-04-03T02:16:36.212+0600][47.474s][info][gc,start       ] GC(179) Pause Young (Prepare Mixed) (G1 Evacuation Pause)
[2026-04-03T02:16:36.212+0600][47.474s][info][gc,task        ] GC(179) Using 9 workers of 10 for evacuation
[2026-04-03T02:16:36.219+0600][47.481s][info][gc,phases      ] GC(179)   Pre Evacuate Collection Set: 0.45ms
[2026-04-03T02:16:36.219+0600][47.481s][info][gc,phases      ] GC(179)   Merge Heap Roots: 0.23ms
[2026-04-03T02:16:36.219+0600][47.481s][info][gc,phases      ] GC(179)   Evacuate Collection Set: 5.30ms
[2026-04-03T02:16:36.219+0600][47.481s][info][gc,phases      ] GC(179)   Post Evacuate Collection Set: 0.63ms
[2026-04-03T02:16:36.219+0600][47.481s][info][gc,phases      ] GC(179)   Other: 0.14ms
[2026-04-03T02:16:36.219+0600][47.481s][info][gc,heap        ] GC(179) Eden regions: 216->0(239)
[2026-04-03T02:16:36.219+0600][47.481s][info][gc,heap        ] GC(179) Survivor regions: 7->10(31)
[2026-04-03T02:16:36.219+0600][47.481s][info][gc,heap        ] GC(179) Old regions: 85->86
[2026-04-03T02:16:36.219+0600][47.481s][info][gc,heap        ] GC(179) Humongous regions: 96->8
[2026-04-03T02:16:36.219+0600][47.481s][info][gc,metaspace   ] GC(179) Metaspace: 131120K(132608K)->131120K(132608K) NonClass: 114616K(115328K)->114616K(115328K) Class: 16504K(17280K)->16504K(17280K)
[2026-04-03T02:16:36.219+0600][47.481s][info][gc             ] GC(179) Pause Young (Prepare Mixed) (G1 Evacuation Pause) 402M->102M(415M) 7.047ms
[2026-04-03T02:16:36.219+0600][47.481s][info][gc,cpu         ] GC(179) User=0.04s Sys=0.01s Real=0.00s
[2026-04-03T02:16:36.444+0600][47.706s][info][gc,start       ] GC(180) Pause Young (Mixed) (G1 Evacuation Pause)
[2026-04-03T02:16:36.444+0600][47.706s][info][gc,task        ] GC(180) Using 9 workers of 10 for evacuation
[2026-04-03T02:16:36.451+0600][47.713s][info][gc,phases      ] GC(180)   Pre Evacuate Collection Set: 0.35ms
[2026-04-03T02:16:36.451+0600][47.713s][info][gc,phases      ] GC(180)   Merge Heap Roots: 0.21ms
[2026-04-03T02:16:36.451+0600][47.713s][info][gc,phases      ] GC(180)   Evacuate Collection Set: 5.10ms
[2026-04-03T02:16:36.451+0600][47.713s][info][gc,phases      ] GC(180)   Post Evacuate Collection Set: 0.65ms
[2026-04-03T02:16:36.451+0600][47.713s][info][gc,phases      ] GC(180)   Other: 0.11ms
[2026-04-03T02:16:36.451+0600][47.713s][info][gc,heap        ] GC(180) Eden regions: 221->0(245)
[2026-04-03T02:16:36.451+0600][47.713s][info][gc,heap        ] GC(180) Survivor regions: 10->10(32)
[2026-04-03T02:16:36.451+0600][47.713s][info][gc,heap        ] GC(180) Old regions: 86->84
[2026-04-03T02:16:36.451+0600][47.713s][info][gc,heap        ] GC(180) Humongous regions: 98->8
[2026-04-03T02:16:36.451+0600][47.713s][info][gc,metaspace   ] GC(180) Metaspace: 131120K(132608K)->131120K(132608K) NonClass: 114616K(115328K)->114616K(115328K) Class: 16504K(17280K)->16504K(17280K)
[2026-04-03T02:16:36.451+0600][47.713s][info][gc             ] GC(180) Pause Young (Mixed) (G1 Evacuation Pause) 413M->101M(425M) 6.709ms
[2026-04-03T02:16:36.451+0600][47.713s][info][gc,cpu         ] GC(180) User=0.03s Sys=0.01s Real=0.01s
[2026-04-03T02:16:36.513+0600][47.774s][info][gc,start       ] GC(181) Pause Young (Concurrent Start) (G1 Humongous Allocation)
[2026-04-03T02:16:36.513+0600][47.775s][info][gc,task        ] GC(181) Using 10 workers of 10 for evacuation
[2026-04-03T02:16:36.520+0600][47.781s][info][gc,phases      ] GC(181)   Pre Evacuate Collection Set: 0.40ms
[2026-04-03T02:16:36.520+0600][47.781s][info][gc,phases      ] GC(181)   Merge Heap Roots: 0.19ms
[2026-04-03T02:16:36.520+0600][47.782s][info][gc,phases      ] GC(181)   Evacuate Collection Set: 5.46ms
[2026-04-03T02:16:36.520+0600][47.782s][info][gc,phases      ] GC(181)   Post Evacuate Collection Set: 0.65ms
[2026-04-03T02:16:36.520+0600][47.782s][info][gc,phases      ] GC(181)   Other: 0.13ms
[2026-04-03T02:16:36.520+0600][47.782s][info][gc,heap        ] GC(181) Eden regions: 69->0(245)
[2026-04-03T02:16:36.520+0600][47.782s][info][gc,heap        ] GC(181) Survivor regions: 10->10(32)
[2026-04-03T02:16:36.520+0600][47.782s][info][gc,heap        ] GC(181) Old regions: 84->84
[2026-04-03T02:16:36.520+0600][47.782s][info][gc,heap        ] GC(181) Humongous regions: 8->8
[2026-04-03T02:16:36.520+0600][47.782s][info][gc,metaspace   ] GC(181) Metaspace: 131120K(132608K)->131120K(132608K) NonClass: 114616K(115328K)->114616K(115328K) Class: 16504K(17280K)->16504K(17280K)
[2026-04-03T02:16:36.520+0600][47.782s][info][gc             ] GC(181) Pause Young (Concurrent Start) (G1 Humongous Allocation) 169M->100M(425M) 7.192ms
[2026-04-03T02:16:36.520+0600][47.782s][info][gc             ] GC(182) Concurrent Mark Cycle
[2026-04-03T02:16:36.520+0600][47.782s][info][gc,marking     ] GC(182) Concurrent Scan Root Regions
[2026-04-03T02:16:36.520+0600][47.782s][info][gc,cpu         ] GC(181) User=0.05s Sys=0.00s Real=0.01s
[2026-04-03T02:16:36.523+0600][47.785s][info][gc,marking     ] GC(182) Concurrent Scan Root Regions 3.053ms
[2026-04-03T02:16:36.523+0600][47.785s][info][gc,marking     ] GC(182) Concurrent Mark
[2026-04-03T02:16:36.523+0600][47.785s][info][gc,marking     ] GC(182) Concurrent Mark From Roots
[2026-04-03T02:16:36.523+0600][47.785s][info][gc,task        ] GC(182) Using 3 workers of 3 for marking
[2026-04-03T02:16:36.600+0600][47.862s][info][gc,marking     ] GC(182) Concurrent Mark From Roots 77.091ms
[2026-04-03T02:16:36.600+0600][47.862s][info][gc,marking     ] GC(182) Concurrent Preclean
[2026-04-03T02:16:36.601+0600][47.862s][info][gc,marking     ] GC(182) Concurrent Preclean 0.301ms
[2026-04-03T02:16:36.601+0600][47.863s][info][gc,start       ] GC(182) Pause Remark
[2026-04-03T02:16:36.611+0600][47.873s][info][gc             ] GC(182) Pause Remark 178M->178M(410M) 9.571ms
[2026-04-03T02:16:36.611+0600][47.873s][info][gc,cpu         ] GC(182) User=0.06s Sys=0.00s Real=0.01s
[2026-04-03T02:16:36.611+0600][47.873s][info][gc,marking     ] GC(182) Concurrent Mark 87.982ms
[2026-04-03T02:16:36.611+0600][47.873s][info][gc,marking     ] GC(182) Concurrent Rebuild Remembered Sets and Scrub Regions
[2026-04-03T02:16:36.650+0600][47.912s][info][gc,marking     ] GC(182) Concurrent Rebuild Remembered Sets and Scrub Regions 39.222ms
[2026-04-03T02:16:36.651+0600][47.913s][info][gc,start       ] GC(182) Pause Cleanup
[2026-04-03T02:16:36.651+0600][47.913s][info][gc             ] GC(182) Pause Cleanup 245M->245M(410M) 0.451ms
[2026-04-03T02:16:36.651+0600][47.913s][info][gc,cpu         ] GC(182) User=0.00s Sys=0.00s Real=0.00s
[2026-04-03T02:16:36.652+0600][47.913s][info][gc,marking     ] GC(182) Concurrent Clear Claimed Marks
[2026-04-03T02:16:36.652+0600][47.914s][info][gc,marking     ] GC(182) Concurrent Clear Claimed Marks 0.531ms
[2026-04-03T02:16:36.652+0600][47.914s][info][gc,marking     ] GC(182) Concurrent Cleanup for Next Mark
[2026-04-03T02:16:36.653+0600][47.915s][info][gc,marking     ] GC(182) Concurrent Cleanup for Next Mark 0.937ms
[2026-04-03T02:16:36.653+0600][47.915s][info][gc             ] GC(182) Concurrent Mark Cycle 133.298ms
[2026-04-03T02:16:36.889+0600][48.151s][info][gc,start       ] GC(183) Pause Young (Prepare Mixed) (G1 Evacuation Pause)
[2026-04-03T02:16:36.889+0600][48.151s][info][gc,task        ] GC(183) Using 9 workers of 10 for evacuation
[2026-04-03T02:16:36.895+0600][48.157s][info][gc,phases      ] GC(183)   Pre Evacuate Collection Set: 0.41ms
[2026-04-03T02:16:36.895+0600][48.157s][info][gc,phases      ] GC(183)   Merge Heap Roots: 0.27ms
[2026-04-03T02:16:36.896+0600][48.157s][info][gc,phases      ] GC(183)   Evacuate Collection Set: 4.82ms
[2026-04-03T02:16:36.896+0600][48.157s][info][gc,phases      ] GC(183)   Post Evacuate Collection Set: 0.69ms
[2026-04-03T02:16:36.896+0600][48.157s][info][gc,phases      ] GC(183)   Other: 0.10ms
[2026-04-03T02:16:36.896+0600][48.157s][info][gc,heap        ] GC(183) Eden regions: 184->0(243)
[2026-04-03T02:16:36.896+0600][48.157s][info][gc,heap        ] GC(183) Survivor regions: 10->9(31)
[2026-04-03T02:16:36.896+0600][48.157s][info][gc,heap        ] GC(183) Old regions: 84->85
[2026-04-03T02:16:36.896+0600][48.157s][info][gc,heap        ] GC(183) Humongous regions: 132->8
[2026-04-03T02:16:36.896+0600][48.157s][info][gc,metaspace   ] GC(183) Metaspace: 131417K(132928K)->131417K(132928K) NonClass: 114843K(115648K)->114843K(115648K) Class: 16573K(17280K)->16573K(17280K)
[2026-04-03T02:16:36.896+0600][48.158s][info][gc             ] GC(183) Pause Young (Prepare Mixed) (G1 Evacuation Pause) 408M->99M(420M) 6.617ms
[2026-04-03T02:16:36.896+0600][48.158s][info][gc,cpu         ] GC(183) User=0.03s Sys=0.02s Real=0.01s
[2026-04-03T02:16:36.992+0600][48.254s][info][gc,start       ] GC(184) Pause Full (System.gc())
[2026-04-03T02:16:36.992+0600][48.254s][info][gc,task        ] GC(184) Using 10 workers of 10 for full compaction
[2026-04-03T02:16:36.993+0600][48.255s][info][gc,phases,start] GC(184) Phase 1: Mark live objects
[2026-04-03T02:16:37.088+0600][48.350s][info][gc,phases      ] GC(184) Phase 1: Mark live objects 95.479ms
[2026-04-03T02:16:37.088+0600][48.350s][info][gc,phases,start] GC(184) Phase 2: Prepare compaction
[2026-04-03T02:16:37.090+0600][48.352s][info][gc,phases      ] GC(184) Phase 2: Prepare compaction 1.693ms
[2026-04-03T02:16:37.090+0600][48.352s][info][gc,phases,start] GC(184) Phase 3: Adjust pointers
[2026-04-03T02:16:37.112+0600][48.374s][info][gc,phases      ] GC(184) Phase 3: Adjust pointers 21.701ms
[2026-04-03T02:16:37.112+0600][48.374s][info][gc,phases,start] GC(184) Phase 4: Compact heap
[2026-04-03T02:16:37.114+0600][48.375s][info][gc,phases      ] GC(184) Phase 4: Compact heap 1.778ms
[2026-04-03T02:16:37.114+0600][48.375s][info][gc,phases,start] GC(184) Phase 5: Reset Metadata
[2026-04-03T02:16:37.119+0600][48.381s][info][gc,phases      ] GC(184) Phase 5: Reset Metadata 5.552ms
[2026-04-03T02:16:37.135+0600][48.397s][info][gc,heap        ] GC(184) Eden regions: 77->0(192)
[2026-04-03T02:16:37.135+0600][48.397s][info][gc,heap        ] GC(184) Survivor regions: 9->0(31)
[2026-04-03T02:16:37.135+0600][48.397s][info][gc,heap        ] GC(184) Old regions: 85->88
[2026-04-03T02:16:37.135+0600][48.397s][info][gc,heap        ] GC(184) Humongous regions: 31->8
[2026-04-03T02:16:37.135+0600][48.397s][info][gc,metaspace   ] GC(184) Metaspace: 131455K(132928K)->131357K(132928K) NonClass: 114873K(115648K)->114801K(115648K) Class: 16581K(17280K)->16555K(17280K)
[2026-04-03T02:16:37.135+0600][48.397s][info][gc             ] GC(184) Pause Full (System.gc()) 199M->92M(320M) 143.187ms
[2026-04-03T02:16:37.135+0600][48.397s][info][gc,cpu         ] GC(184) User=0.99s Sys=0.07s Real=0.14s
[2026-04-03T02:16:37.156+0600][48.418s][info][gc,start       ] GC(185) Pause Young (Concurrent Start) (G1 Humongous Allocation)
[2026-04-03T02:16:37.156+0600][48.418s][info][gc,task        ] GC(185) Using 8 workers of 10 for evacuation
[2026-04-03T02:16:37.159+0600][48.421s][info][gc,phases      ] GC(185)   Pre Evacuate Collection Set: 0.36ms
[2026-04-03T02:16:37.159+0600][48.421s][info][gc,phases      ] GC(185)   Merge Heap Roots: 0.17ms
[2026-04-03T02:16:37.159+0600][48.421s][info][gc,phases      ] GC(185)   Evacuate Collection Set: 2.20ms
[2026-04-03T02:16:37.160+0600][48.421s][info][gc,phases      ] GC(185)   Post Evacuate Collection Set: 0.51ms
[2026-04-03T02:16:37.160+0600][48.421s][info][gc,phases      ] GC(185)   Other: 0.12ms
[2026-04-03T02:16:37.160+0600][48.421s][info][gc,heap        ] GC(185) Eden regions: 7->0(190)
[2026-04-03T02:16:37.160+0600][48.421s][info][gc,heap        ] GC(185) Survivor regions: 0->2(24)
[2026-04-03T02:16:37.160+0600][48.421s][info][gc,heap        ] GC(185) Old regions: 88->88
[2026-04-03T02:16:37.160+0600][48.421s][info][gc,heap        ] GC(185) Humongous regions: 8->8
[2026-04-03T02:16:37.160+0600][48.421s][info][gc,metaspace   ] GC(185) Metaspace: 131358K(132928K)->131358K(132928K) NonClass: 114802K(115648K)->114802K(115648K) Class: 16555K(17280K)->16555K(17280K)
[2026-04-03T02:16:37.160+0600][48.421s][info][gc             ] GC(185) Pause Young (Concurrent Start) (G1 Humongous Allocation) 98M->93M(320M) 3.644ms
[2026-04-03T02:16:37.160+0600][48.422s][info][gc             ] GC(186) Concurrent Mark Cycle
[2026-04-03T02:16:37.160+0600][48.422s][info][gc,cpu         ] GC(185) User=0.01s Sys=0.00s Real=0.01s
[2026-04-03T02:16:37.160+0600][48.422s][info][gc,marking     ] GC(186) Concurrent Scan Root Regions
[2026-04-03T02:16:37.162+0600][48.424s][info][gc,marking     ] GC(186) Concurrent Scan Root Regions 2.226ms
[2026-04-03T02:16:37.162+0600][48.424s][info][gc,marking     ] GC(186) Concurrent Mark
[2026-04-03T02:16:37.162+0600][48.424s][info][gc,marking     ] GC(186) Concurrent Mark From Roots
[2026-04-03T02:16:37.162+0600][48.424s][info][gc,task        ] GC(186) Using 3 workers of 3 for marking
[2026-04-03T02:16:37.224+0600][48.486s][info][gc,marking     ] GC(186) Concurrent Mark From Roots 61.454ms
[2026-04-03T02:16:37.224+0600][48.486s][info][gc,marking     ] GC(186) Concurrent Preclean
[2026-04-03T02:16:37.224+0600][48.486s][info][gc,marking     ] GC(186) Concurrent Preclean 0.265ms
[2026-04-03T02:16:37.234+0600][48.496s][info][gc,start       ] GC(186) Pause Remark
[2026-04-03T02:16:37.241+0600][48.503s][info][gc             ] GC(186) Pause Remark 121M->121M(320M) 7.256ms
[2026-04-03T02:16:37.241+0600][48.503s][info][gc,cpu         ] GC(186) User=0.05s Sys=0.00s Real=0.01s
[2026-04-03T02:16:37.242+0600][48.503s][info][gc,marking     ] GC(186) Concurrent Mark 79.405ms
[2026-04-03T02:16:37.242+0600][48.503s][info][gc,marking     ] GC(186) Concurrent Rebuild Remembered Sets and Scrub Regions
[2026-04-03T02:16:37.267+0600][48.528s][info][gc,marking     ] GC(186) Concurrent Rebuild Remembered Sets and Scrub Regions 24.973ms
[2026-04-03T02:16:37.267+0600][48.529s][info][gc,start       ] GC(186) Pause Cleanup
[2026-04-03T02:16:37.267+0600][48.529s][info][gc             ] GC(186) Pause Cleanup 132M->132M(320M) 0.286ms
[2026-04-03T02:16:37.267+0600][48.529s][info][gc,cpu         ] GC(186) User=0.00s Sys=0.00s Real=0.00s
[2026-04-03T02:16:37.268+0600][48.529s][info][gc,marking     ] GC(186) Concurrent Clear Claimed Marks
[2026-04-03T02:16:37.268+0600][48.530s][info][gc,marking     ] GC(186) Concurrent Clear Claimed Marks 0.363ms
[2026-04-03T02:16:37.268+0600][48.530s][info][gc,marking     ] GC(186) Concurrent Cleanup for Next Mark
[2026-04-03T02:16:37.268+0600][48.530s][info][gc,marking     ] GC(186) Concurrent Cleanup for Next Mark 0.450ms
[2026-04-03T02:16:37.268+0600][48.530s][info][gc             ] GC(186) Concurrent Mark Cycle 108.713ms
[2026-04-03T02:16:37.319+0600][48.580s][info][gc,start       ] GC(187) Pause Young (Prepare Mixed) (G1 Evacuation Pause)
[2026-04-03T02:16:37.319+0600][48.581s][info][gc,task        ] GC(187) Using 9 workers of 10 for evacuation
[2026-04-03T02:16:37.323+0600][48.585s][info][gc,phases      ] GC(187)   Pre Evacuate Collection Set: 0.31ms
[2026-04-03T02:16:37.323+0600][48.585s][info][gc,phases      ] GC(187)   Merge Heap Roots: 0.08ms
[2026-04-03T02:16:37.323+0600][48.585s][info][gc,phases      ] GC(187)   Evacuate Collection Set: 2.50ms
[2026-04-03T02:16:37.323+0600][48.585s][info][gc,phases      ] GC(187)   Post Evacuate Collection Set: 1.05ms
[2026-04-03T02:16:37.323+0600][48.585s][info][gc,phases      ] GC(187)   Other: 0.11ms
[2026-04-03T02:16:37.323+0600][48.585s][info][gc,heap        ] GC(187) Eden regions: 55->0(278)
[2026-04-03T02:16:37.323+0600][48.585s][info][gc,heap        ] GC(187) Survivor regions: 2->5(24)
[2026-04-03T02:16:37.323+0600][48.585s][info][gc,heap        ] GC(187) Old regions: 88->88
[2026-04-03T02:16:37.323+0600][48.585s][info][gc,heap        ] GC(187) Humongous regions: 260->23
[2026-04-03T02:16:37.323+0600][48.585s][info][gc,metaspace   ] GC(187) Metaspace: 131359K(132928K)->131359K(132928K) NonClass: 114803K(115648K)->114803K(115648K) Class: 16555K(17280K)->16555K(17280K)
[2026-04-03T02:16:37.323+0600][48.585s][info][gc             ] GC(187) Pause Young (Prepare Mixed) (G1 Evacuation Pause) 400M->111M(473M) 4.316ms
[2026-04-03T02:16:37.323+0600][48.585s][info][gc,cpu         ] GC(187) User=0.01s Sys=0.01s Real=0.01s
[2026-04-03T02:16:37.435+0600][48.697s][info][gc,start       ] GC(188) Pause Young (Mixed) (G1 Evacuation Pause)
[2026-04-03T02:16:37.436+0600][48.697s][info][gc,task        ] GC(188) Using 10 workers of 10 for evacuation
[2026-04-03T02:16:37.440+0600][48.701s][info][gc,phases      ] GC(188)   Pre Evacuate Collection Set: 0.33ms
[2026-04-03T02:16:37.440+0600][48.702s][info][gc,phases      ] GC(188)   Merge Heap Roots: 0.12ms
[2026-04-03T02:16:37.440+0600][48.702s][info][gc,phases      ] GC(188)   Evacuate Collection Set: 2.50ms
[2026-04-03T02:16:37.440+0600][48.702s][info][gc,phases      ] GC(188)   Post Evacuate Collection Set: 0.89ms
[2026-04-03T02:16:37.440+0600][48.702s][info][gc,phases      ] GC(188)   Other: 0.16ms
[2026-04-03T02:16:37.440+0600][48.702s][info][gc,heap        ] GC(188) Eden regions: 63->0(341)
[2026-04-03T02:16:37.440+0600][48.702s][info][gc,heap        ] GC(188) Survivor regions: 5->4(36)
[2026-04-03T02:16:37.440+0600][48.702s][info][gc,heap        ] GC(188) Old regions: 88->87
[2026-04-03T02:16:37.440+0600][48.702s][info][gc,heap        ] GC(188) Humongous regions: 414->8
[2026-04-03T02:16:37.440+0600][48.702s][info][gc,metaspace   ] GC(188) Metaspace: 131360K(132928K)->131360K(132928K) NonClass: 114805K(115648K)->114805K(115648K) Class: 16555K(17280K)->16555K(17280K)
[2026-04-03T02:16:37.440+0600][48.702s][info][gc             ] GC(188) Pause Young (Mixed) (G1 Evacuation Pause) 565M->94M(575M) 4.397ms
[2026-04-03T02:16:37.440+0600][48.702s][info][gc,cpu         ] GC(188) User=0.03s Sys=0.00s Real=0.01s
[2026-04-03T02:16:37.447+0600][48.709s][info][gc,start       ] GC(189) Pause Young (Concurrent Start) (G1 Humongous Allocation)
[2026-04-03T02:16:37.447+0600][48.709s][info][gc,task        ] GC(189) Using 10 workers of 10 for evacuation
[2026-04-03T02:16:37.451+0600][48.713s][info][gc,phases      ] GC(189)   Pre Evacuate Collection Set: 0.46ms
[2026-04-03T02:16:37.451+0600][48.713s][info][gc,phases      ] GC(189)   Merge Heap Roots: 0.15ms
[2026-04-03T02:16:37.451+0600][48.713s][info][gc,phases      ] GC(189)   Evacuate Collection Set: 1.98ms
[2026-04-03T02:16:37.451+0600][48.713s][info][gc,phases      ] GC(189)   Post Evacuate Collection Set: 0.75ms
[2026-04-03T02:16:37.451+0600][48.713s][info][gc,phases      ] GC(189)   Other: 0.20ms
[2026-04-03T02:16:37.451+0600][48.713s][info][gc,heap        ] GC(189) Eden regions: 4->0(341)
[2026-04-03T02:16:37.451+0600][48.713s][info][gc,heap        ] GC(189) Survivor regions: 4->4(44)
[2026-04-03T02:16:37.451+0600][48.713s][info][gc,heap        ] GC(189) Old regions: 87->87
[2026-04-03T02:16:37.451+0600][48.713s][info][gc,heap        ] GC(189) Humongous regions: 55->8
[2026-04-03T02:16:37.451+0600][48.713s][info][gc,metaspace   ] GC(189) Metaspace: 131360K(132928K)->131360K(132928K) NonClass: 114805K(115648K)->114805K(115648K) Class: 16555K(17280K)->16555K(17280K)
[2026-04-03T02:16:37.451+0600][48.713s][info][gc             ] GC(189) Pause Young (Concurrent Start) (G1 Humongous Allocation) 145M->94M(575M) 3.859ms
[2026-04-03T02:16:37.451+0600][48.713s][info][gc             ] GC(190) Concurrent Undo Cycle
[2026-04-03T02:16:37.451+0600][48.713s][info][gc,cpu         ] GC(189) User=0.03s Sys=0.00s Real=0.01s
[2026-04-03T02:16:37.451+0600][48.713s][info][gc,marking     ] GC(190) Concurrent Clear Claimed Marks
[2026-04-03T02:16:37.452+0600][48.713s][info][gc,marking     ] GC(190) Concurrent Clear Claimed Marks 0.319ms
[2026-04-03T02:16:37.452+0600][48.713s][info][gc,marking     ] GC(190) Concurrent Cleanup for Next Mark
[2026-04-03T02:16:37.452+0600][48.714s][info][gc,marking     ] GC(190) Concurrent Cleanup for Next Mark 0.288ms
[2026-04-03T02:16:37.452+0600][48.714s][info][gc             ] GC(190) Concurrent Undo Cycle 0.828ms
[2026-04-03T02:16:37.452+0600][48.714s][info][gc,start       ] GC(191) Pause Young (Concurrent Start) (G1 Humongous Allocation)
[2026-04-03T02:16:37.453+0600][48.714s][info][gc,task        ] GC(191) Using 10 workers of 10 for evacuation
[2026-04-03T02:16:37.455+0600][48.717s][info][gc,phases      ] GC(191)   Pre Evacuate Collection Set: 0.28ms
[2026-04-03T02:16:37.456+0600][48.717s][info][gc,phases      ] GC(191)   Merge Heap Roots: 0.07ms
[2026-04-03T02:16:37.456+0600][48.717s][info][gc,phases      ] GC(191)   Evacuate Collection Set: 1.73ms
[2026-04-03T02:16:37.456+0600][48.717s][info][gc,phases      ] GC(191)   Post Evacuate Collection Set: 0.65ms
[2026-04-03T02:16:37.456+0600][48.717s][info][gc,phases      ] GC(191)   Other: 0.18ms
[2026-04-03T02:16:37.456+0600][48.717s][info][gc,heap        ] GC(191) Eden regions: 1->0(341)
[2026-04-03T02:16:37.456+0600][48.718s][info][gc,heap        ] GC(191) Survivor regions: 4->4(44)
[2026-04-03T02:16:37.456+0600][48.718s][info][gc,heap        ] GC(191) Old regions: 87->87
[2026-04-03T02:16:37.456+0600][48.718s][info][gc,heap        ] GC(191) Humongous regions: 18->8
[2026-04-03T02:16:37.456+0600][48.718s][info][gc,metaspace   ] GC(191) Metaspace: 131360K(132928K)->131360K(132928K) NonClass: 114805K(115648K)->114805K(115648K) Class: 16555K(17280K)->16555K(17280K)
[2026-04-03T02:16:37.456+0600][48.718s][info][gc             ] GC(191) Pause Young (Concurrent Start) (G1 Humongous Allocation) 105M->94M(575M) 3.224ms
[2026-04-03T02:16:37.456+0600][48.718s][info][gc             ] GC(192) Concurrent Mark Cycle
[2026-04-03T02:16:37.456+0600][48.718s][info][gc,marking     ] GC(192) Concurrent Scan Root Regions
[2026-04-03T02:16:37.456+0600][48.718s][info][gc,cpu         ] GC(191) User=0.02s Sys=0.00s Real=0.00s
[2026-04-03T02:16:37.458+0600][48.720s][info][gc,marking     ] GC(192) Concurrent Scan Root Regions 2.015ms
[2026-04-03T02:16:37.458+0600][48.720s][info][gc,marking     ] GC(192) Concurrent Mark
[2026-04-03T02:16:37.458+0600][48.720s][info][gc,marking     ] GC(192) Concurrent Mark From Roots
[2026-04-03T02:16:37.458+0600][48.720s][info][gc,task        ] GC(192) Using 3 workers of 3 for marking
[2026-04-03T02:16:37.540+0600][48.801s][info][gc,marking     ] GC(192) Concurrent Mark From Roots 81.562ms
[2026-04-03T02:16:37.540+0600][48.802s][info][gc,marking     ] GC(192) Concurrent Preclean
[2026-04-03T02:16:37.540+0600][48.802s][info][gc,marking     ] GC(192) Concurrent Preclean 0.623ms
[2026-04-03T02:16:37.541+0600][48.803s][info][gc,start       ] GC(192) Pause Remark
[2026-04-03T02:16:37.550+0600][48.812s][info][gc             ] GC(192) Pause Remark 177M->177M(447M) 9.100ms
[2026-04-03T02:16:37.550+0600][48.812s][info][gc,cpu         ] GC(192) User=0.07s Sys=0.00s Real=0.01s
[2026-04-03T02:16:37.550+0600][48.812s][info][gc,marking     ] GC(192) Concurrent Mark 92.069ms
[2026-04-03T02:16:37.550+0600][48.812s][info][gc,marking     ] GC(192) Concurrent Rebuild Remembered Sets and Scrub Regions
[2026-04-03T02:16:37.577+0600][48.839s][info][gc,marking     ] GC(192) Concurrent Rebuild Remembered Sets and Scrub Regions 27.206ms
[2026-04-03T02:16:37.578+0600][48.840s][info][gc,start       ] GC(192) Pause Cleanup
[2026-04-03T02:16:37.578+0600][48.840s][info][gc             ] GC(192) Pause Cleanup 182M->182M(447M) 0.332ms
[2026-04-03T02:16:37.578+0600][48.840s][info][gc,cpu         ] GC(192) User=0.01s Sys=0.00s Real=0.00s
[2026-04-03T02:16:37.578+0600][48.840s][info][gc,marking     ] GC(192) Concurrent Clear Claimed Marks
[2026-04-03T02:16:37.579+0600][48.841s][info][gc,marking     ] GC(192) Concurrent Clear Claimed Marks 0.446ms
[2026-04-03T02:16:37.579+0600][48.841s][info][gc,marking     ] GC(192) Concurrent Cleanup for Next Mark
[2026-04-03T02:16:37.580+0600][48.842s][info][gc,marking     ] GC(192) Concurrent Cleanup for Next Mark 1.234ms
[2026-04-03T02:16:37.580+0600][48.842s][info][gc             ] GC(192) Concurrent Mark Cycle 124.314ms
[2026-04-03T02:16:38.052+0600][49.314s][info][gc,start       ] GC(193) Pause Young (Prepare Mixed) (G1 Evacuation Pause)
[2026-04-03T02:16:38.052+0600][49.314s][info][gc,task        ] GC(193) Using 10 workers of 10 for evacuation
[2026-04-03T02:16:38.056+0600][49.318s][info][gc,phases      ] GC(193)   Pre Evacuate Collection Set: 0.41ms
[2026-04-03T02:16:38.056+0600][49.318s][info][gc,phases      ] GC(193)   Merge Heap Roots: 0.18ms
[2026-04-03T02:16:38.056+0600][49.318s][info][gc,phases      ] GC(193)   Evacuate Collection Set: 2.90ms
[2026-04-03T02:16:38.056+0600][49.318s][info][gc,phases      ] GC(193)   Post Evacuate Collection Set: 0.61ms
[2026-04-03T02:16:38.056+0600][49.318s][info][gc,phases      ] GC(193)   Other: 0.11ms
[2026-04-03T02:16:38.056+0600][49.318s][info][gc,heap        ] GC(193) Eden regions: 240->0(266)
[2026-04-03T02:16:38.056+0600][49.318s][info][gc,heap        ] GC(193) Survivor regions: 4->4(34)
[2026-04-03T02:16:38.056+0600][49.318s][info][gc,heap        ] GC(193) Old regions: 87->87
[2026-04-03T02:16:38.056+0600][49.318s][info][gc,heap        ] GC(193) Humongous regions: 116->8
[2026-04-03T02:16:38.056+0600][49.318s][info][gc,metaspace   ] GC(193) Metaspace: 131374K(132928K)->131374K(132928K) NonClass: 114818K(115648K)->114818K(115648K) Class: 16555K(17280K)->16555K(17280K)
[2026-04-03T02:16:38.056+0600][49.318s][info][gc             ] GC(193) Pause Young (Prepare Mixed) (G1 Evacuation Pause) 442M->94M(451M) 4.510ms
[2026-04-03T02:16:38.056+0600][49.318s][info][gc,cpu         ] GC(193) User=0.02s Sys=0.00s Real=0.00s
[2026-04-03T02:16:38.322+0600][49.584s][info][gc,start       ] GC(194) Pause Young (Mixed) (GCLocker Initiated GC)
[2026-04-03T02:16:38.322+0600][49.584s][info][gc,task        ] GC(194) Using 10 workers of 10 for evacuation
[2026-04-03T02:16:38.328+0600][49.590s][info][gc,phases      ] GC(194)   Pre Evacuate Collection Set: 0.45ms
[2026-04-03T02:16:38.328+0600][49.590s][info][gc,phases      ] GC(194)   Merge Heap Roots: 0.18ms
[2026-04-03T02:16:38.328+0600][49.590s][info][gc,phases      ] GC(194)   Evacuate Collection Set: 4.36ms
[2026-04-03T02:16:38.328+0600][49.590s][info][gc,phases      ] GC(194)   Post Evacuate Collection Set: 0.69ms
[2026-04-03T02:16:38.328+0600][49.590s][info][gc,phases      ] GC(194)   Other: 0.13ms
[2026-04-03T02:16:38.328+0600][49.590s][info][gc,heap        ] GC(194) Eden regions: 200->0(268)
[2026-04-03T02:16:38.328+0600][49.590s][info][gc,heap        ] GC(194) Survivor regions: 4->6(34)
[2026-04-03T02:16:38.328+0600][49.590s][info][gc,heap        ] GC(194) Old regions: 87->86
[2026-04-03T02:16:38.328+0600][49.590s][info][gc,heap        ] GC(194) Humongous regions: 160->8
[2026-04-03T02:16:38.328+0600][49.590s][info][gc,metaspace   ] GC(194) Metaspace: 131374K(132928K)->131374K(132928K) NonClass: 114818K(115648K)->114818K(115648K) Class: 16555K(17280K)->16555K(17280K)
[2026-04-03T02:16:38.328+0600][49.590s][info][gc             ] GC(194) Pause Young (Mixed) (GCLocker Initiated GC) 446M->96M(458M) 6.170ms
[2026-04-03T02:16:38.328+0600][49.590s][info][gc,cpu         ] GC(194) User=0.03s Sys=0.03s Real=0.00s
[2026-04-03T02:16:38.330+0600][49.592s][info][gc,start       ] GC(195) Pause Young (Concurrent Start) (G1 Humongous Allocation)
[2026-04-03T02:16:38.331+0600][49.592s][info][gc,task        ] GC(195) Using 10 workers of 10 for evacuation
[2026-04-03T02:16:38.334+0600][49.596s][info][gc,phases      ] GC(195)   Pre Evacuate Collection Set: 0.34ms
[2026-04-03T02:16:38.334+0600][49.596s][info][gc,phases      ] GC(195)   Merge Heap Roots: 0.09ms
[2026-04-03T02:16:38.334+0600][49.596s][info][gc,phases      ] GC(195)   Evacuate Collection Set: 2.44ms
[2026-04-03T02:16:38.334+0600][49.596s][info][gc,phases      ] GC(195)   Post Evacuate Collection Set: 0.56ms
[2026-04-03T02:16:38.334+0600][49.596s][info][gc,phases      ] GC(195)   Other: 0.13ms
[2026-04-03T02:16:38.334+0600][49.596s][info][gc,heap        ] GC(195) Eden regions: 4->0(268)
[2026-04-03T02:16:38.334+0600][49.596s][info][gc,heap        ] GC(195) Survivor regions: 6->6(35)
[2026-04-03T02:16:38.334+0600][49.596s][info][gc,heap        ] GC(195) Old regions: 86->86
[2026-04-03T02:16:38.334+0600][49.596s][info][gc,heap        ] GC(195) Humongous regions: 8->8
[2026-04-03T02:16:38.334+0600][49.596s][info][gc,metaspace   ] GC(195) Metaspace: 131374K(132928K)->131374K(132928K) NonClass: 114818K(115648K)->114818K(115648K) Class: 16555K(17280K)->16555K(17280K)
[2026-04-03T02:16:38.334+0600][49.596s][info][gc             ] GC(195) Pause Young (Concurrent Start) (G1 Humongous Allocation) 99M->96M(458M) 3.848ms
[2026-04-03T02:16:38.334+0600][49.596s][info][gc             ] GC(196) Concurrent Mark Cycle
[2026-04-03T02:16:38.334+0600][49.596s][info][gc,cpu         ] GC(195) User=0.03s Sys=0.00s Real=0.00s
[2026-04-03T02:16:38.334+0600][49.596s][info][gc,marking     ] GC(196) Concurrent Scan Root Regions
[2026-04-03T02:16:38.341+0600][49.603s][info][gc,marking     ] GC(196) Concurrent Scan Root Regions 6.264ms
[2026-04-03T02:16:38.341+0600][49.603s][info][gc,marking     ] GC(196) Concurrent Mark
[2026-04-03T02:16:38.341+0600][49.603s][info][gc,marking     ] GC(196) Concurrent Mark From Roots
[2026-04-03T02:16:38.341+0600][49.603s][info][gc,task        ] GC(196) Using 3 workers of 3 for marking
[2026-04-03T02:16:38.424+0600][49.686s][info][gc,marking     ] GC(196) Concurrent Mark From Roots 83.406ms
[2026-04-03T02:16:38.424+0600][49.686s][info][gc,marking     ] GC(196) Concurrent Preclean
[2026-04-03T02:16:38.425+0600][49.687s][info][gc,marking     ] GC(196) Concurrent Preclean 0.444ms
[2026-04-03T02:16:38.425+0600][49.687s][info][gc,start       ] GC(196) Pause Remark
[2026-04-03T02:16:38.434+0600][49.696s][info][gc             ] GC(196) Pause Remark 174M->174M(458M) 9.237ms
[2026-04-03T02:16:38.435+0600][49.696s][info][gc,cpu         ] GC(196) User=0.07s Sys=0.00s Real=0.01s
[2026-04-03T02:16:38.435+0600][49.697s][info][gc,marking     ] GC(196) Concurrent Mark 93.959ms
[2026-04-03T02:16:38.435+0600][49.697s][info][gc,marking     ] GC(196) Concurrent Rebuild Remembered Sets and Scrub Regions
[2026-04-03T02:16:38.479+0600][49.741s][info][gc,marking     ] GC(196) Concurrent Rebuild Remembered Sets and Scrub Regions 43.994ms
[2026-04-03T02:16:38.479+0600][49.741s][info][gc,start       ] GC(196) Pause Cleanup
[2026-04-03T02:16:38.480+0600][49.741s][info][gc             ] GC(196) Pause Cleanup 220M->220M(458M) 0.317ms
[2026-04-03T02:16:38.480+0600][49.742s][info][gc,cpu         ] GC(196) User=0.00s Sys=0.00s Real=0.00s
[2026-04-03T02:16:38.480+0600][49.742s][info][gc,marking     ] GC(196) Concurrent Clear Claimed Marks
[2026-04-03T02:16:38.480+0600][49.742s][info][gc,marking     ] GC(196) Concurrent Clear Claimed Marks 0.403ms
[2026-04-03T02:16:38.480+0600][49.742s][info][gc,marking     ] GC(196) Concurrent Cleanup for Next Mark
[2026-04-03T02:16:38.481+0600][49.743s][info][gc,marking     ] GC(196) Concurrent Cleanup for Next Mark 0.879ms
[2026-04-03T02:16:38.481+0600][49.743s][info][gc             ] GC(196) Concurrent Mark Cycle 146.774ms
[2026-04-03T02:16:38.665+0600][49.926s][info][gc,start       ] GC(197) Pause Young (Prepare Mixed) (G1 Evacuation Pause)
[2026-04-03T02:16:38.665+0600][49.926s][info][gc,task        ] GC(197) Using 10 workers of 10 for evacuation
[2026-04-03T02:16:38.669+0600][49.931s][info][gc,phases      ] GC(197)   Pre Evacuate Collection Set: 0.24ms
[2026-04-03T02:16:38.669+0600][49.931s][info][gc,phases      ] GC(197)   Merge Heap Roots: 0.16ms
[2026-04-03T02:16:38.669+0600][49.931s][info][gc,phases      ] GC(197)   Evacuate Collection Set: 3.32ms
[2026-04-03T02:16:38.669+0600][49.931s][info][gc,phases      ] GC(197)   Post Evacuate Collection Set: 0.73ms
[2026-04-03T02:16:38.669+0600][49.931s][info][gc,phases      ] GC(197)   Other: 0.09ms
[2026-04-03T02:16:38.669+0600][49.931s][info][gc,heap        ] GC(197) Eden regions: 201->0(279)
[2026-04-03T02:16:38.669+0600][49.931s][info][gc,heap        ] GC(197) Survivor regions: 6->6(35)
[2026-04-03T02:16:38.669+0600][49.931s][info][gc,heap        ] GC(197) Old regions: 86->86
[2026-04-03T02:16:38.669+0600][49.931s][info][gc,heap        ] GC(197) Humongous regions: 176->8
[2026-04-03T02:16:38.669+0600][49.931s][info][gc,metaspace   ] GC(197) Metaspace: 131375K(132928K)->131375K(132928K) NonClass: 114819K(115648K)->114819K(115648K) Class: 16555K(17280K)->16555K(17280K)
[2026-04-03T02:16:38.669+0600][49.931s][info][gc             ] GC(197) Pause Young (Prepare Mixed) (G1 Evacuation Pause) 465M->95M(475M) 4.821ms
[2026-04-03T02:16:38.669+0600][49.931s][info][gc,cpu         ] GC(197) User=0.03s Sys=0.00s Real=0.00s
[2026-04-03T02:16:39.006+0600][50.268s][info][gc,start       ] GC(198) Pause Young (Mixed) (G1 Evacuation Pause)
[2026-04-03T02:16:39.006+0600][50.268s][info][gc,task        ] GC(198) Using 10 workers of 10 for evacuation
[2026-04-03T02:16:39.009+0600][50.271s][info][gc,phases      ] GC(198)   Pre Evacuate Collection Set: 0.32ms
[2026-04-03T02:16:39.010+0600][50.271s][info][gc,phases      ] GC(198)   Merge Heap Roots: 0.12ms
[2026-04-03T02:16:39.010+0600][50.271s][info][gc,phases      ] GC(198)   Evacuate Collection Set: 2.02ms
[2026-04-03T02:16:39.010+0600][50.271s][info][gc,phases      ] GC(198)   Post Evacuate Collection Set: 0.77ms
[2026-04-03T02:16:39.010+0600][50.271s][info][gc,phases      ] GC(198)   Other: 0.10ms
[2026-04-03T02:16:39.010+0600][50.271s][info][gc,heap        ] GC(198) Eden regions: 223->0(283)
[2026-04-03T02:16:39.010+0600][50.271s][info][gc,heap        ] GC(198) Survivor regions: 6->5(36)
[2026-04-03T02:16:39.010+0600][50.271s][info][gc,heap        ] GC(198) Old regions: 86->85
[2026-04-03T02:16:39.010+0600][50.271s][info][gc,heap        ] GC(198) Humongous regions: 160->8
[2026-04-03T02:16:39.010+0600][50.271s][info][gc,metaspace   ] GC(198) Metaspace: 131401K(132928K)->131401K(132928K) NonClass: 114846K(115648K)->114846K(115648K) Class: 16555K(17280K)->16555K(17280K)
[2026-04-03T02:16:39.010+0600][50.271s][info][gc             ] GC(198) Pause Young (Mixed) (G1 Evacuation Pause) 470M->94M(480M) 3.544ms
[2026-04-03T02:16:39.010+0600][50.272s][info][gc,cpu         ] GC(198) User=0.01s Sys=0.00s Real=0.00s
[2026-04-03T02:16:39.210+0600][50.472s][info][gc,start       ] GC(199) Pause Young (Concurrent Start) (G1 Humongous Allocation)
[2026-04-03T02:16:39.210+0600][50.472s][info][gc,task        ] GC(199) Using 10 workers of 10 for evacuation
[2026-04-03T02:16:39.213+0600][50.475s][info][gc,phases      ] GC(199)   Pre Evacuate Collection Set: 0.39ms
[2026-04-03T02:16:39.213+0600][50.475s][info][gc,phases      ] GC(199)   Merge Heap Roots: 0.14ms
[2026-04-03T02:16:39.213+0600][50.475s][info][gc,phases      ] GC(199)   Evacuate Collection Set: 1.51ms
[2026-04-03T02:16:39.213+0600][50.475s][info][gc,phases      ] GC(199)   Post Evacuate Collection Set: 0.54ms
[2026-04-03T02:16:39.213+0600][50.475s][info][gc,phases      ] GC(199)   Other: 0.25ms
[2026-04-03T02:16:39.213+0600][50.475s][info][gc,heap        ] GC(199) Eden regions: 111->0(284)
[2026-04-03T02:16:39.213+0600][50.475s][info][gc,heap        ] GC(199) Survivor regions: 5->4(36)
[2026-04-03T02:16:39.213+0600][50.475s][info][gc,heap        ] GC(199) Old regions: 85->85
[2026-04-03T02:16:39.213+0600][50.475s][info][gc,heap        ] GC(199) Humongous regions: 8->8
[2026-04-03T02:16:39.213+0600][50.475s][info][gc,metaspace   ] GC(199) Metaspace: 131407K(132928K)->131407K(132928K) NonClass: 114851K(115648K)->114851K(115648K) Class: 16555K(17280K)->16555K(17280K)
[2026-04-03T02:16:39.213+0600][50.475s][info][gc             ] GC(199) Pause Young (Concurrent Start) (G1 Humongous Allocation) 205M->94M(480M) 3.042ms
[2026-04-03T02:16:39.213+0600][50.475s][info][gc,cpu         ] GC(199) User=0.02s Sys=0.00s Real=0.00s
[2026-04-03T02:16:39.213+0600][50.475s][info][gc             ] GC(200) Concurrent Mark Cycle
[2026-04-03T02:16:39.214+0600][50.475s][info][gc,marking     ] GC(200) Concurrent Scan Root Regions
[2026-04-03T02:16:39.215+0600][50.477s][info][gc,marking     ] GC(200) Concurrent Scan Root Regions 1.305ms
[2026-04-03T02:16:39.215+0600][50.477s][info][gc,marking     ] GC(200) Concurrent Mark
[2026-04-03T02:16:39.215+0600][50.477s][info][gc,marking     ] GC(200) Concurrent Mark From Roots
[2026-04-03T02:16:39.215+0600][50.477s][info][gc,task        ] GC(200) Using 3 workers of 3 for marking
[2026-04-03T02:16:39.295+0600][50.557s][info][gc,marking     ] GC(200) Concurrent Mark From Roots 79.859ms
[2026-04-03T02:16:39.295+0600][50.557s][info][gc,marking     ] GC(200) Concurrent Preclean
[2026-04-03T02:16:39.295+0600][50.557s][info][gc,marking     ] GC(200) Concurrent Preclean 0.623ms
[2026-04-03T02:16:39.296+0600][50.558s][info][gc,start       ] GC(200) Pause Remark
[2026-04-03T02:16:39.305+0600][50.567s][info][gc             ] GC(200) Pause Remark 194M->194M(480M) 9.349ms
[2026-04-03T02:16:39.305+0600][50.567s][info][gc,cpu         ] GC(200) User=0.07s Sys=0.00s Real=0.01s
[2026-04-03T02:16:39.306+0600][50.567s][info][gc,marking     ] GC(200) Concurrent Mark 90.739ms
[2026-04-03T02:16:39.306+0600][50.568s][info][gc,marking     ] GC(200) Concurrent Rebuild Remembered Sets and Scrub Regions
[2026-04-03T02:16:39.338+0600][50.600s][info][gc,marking     ] GC(200) Concurrent Rebuild Remembered Sets and Scrub Regions 32.804ms
[2026-04-03T02:16:39.339+0600][50.601s][info][gc,start       ] GC(200) Pause Cleanup
[2026-04-03T02:16:39.339+0600][50.601s][info][gc             ] GC(200) Pause Cleanup 230M->230M(480M) 0.314ms
[2026-04-03T02:16:39.339+0600][50.601s][info][gc,cpu         ] GC(200) User=0.00s Sys=0.00s Real=0.00s
[2026-04-03T02:16:39.339+0600][50.601s][info][gc,marking     ] GC(200) Concurrent Clear Claimed Marks
[2026-04-03T02:16:39.340+0600][50.602s][info][gc,marking     ] GC(200) Concurrent Clear Claimed Marks 0.330ms
[2026-04-03T02:16:39.340+0600][50.602s][info][gc,marking     ] GC(200) Concurrent Cleanup for Next Mark
[2026-04-03T02:16:39.341+0600][50.602s][info][gc,marking     ] GC(200) Concurrent Cleanup for Next Mark 0.814ms
[2026-04-03T02:16:39.341+0600][50.602s][info][gc             ] GC(200) Concurrent Mark Cycle 127.109ms
[2026-04-03T02:16:39.497+0600][50.758s][info][gc,start       ] GC(201) Pause Young (Prepare Mixed) (GCLocker Initiated GC)
[2026-04-03T02:16:39.497+0600][50.759s][info][gc,task        ] GC(201) Using 10 workers of 10 for evacuation
[2026-04-03T02:16:39.502+0600][50.764s][info][gc,phases      ] GC(201)   Pre Evacuate Collection Set: 0.43ms
[2026-04-03T02:16:39.502+0600][50.764s][info][gc,phases      ] GC(201)   Merge Heap Roots: 0.25ms
[2026-04-03T02:16:39.502+0600][50.764s][info][gc,phases      ] GC(201)   Evacuate Collection Set: 4.02ms
[2026-04-03T02:16:39.502+0600][50.764s][info][gc,phases      ] GC(201)   Post Evacuate Collection Set: 0.86ms
[2026-04-03T02:16:39.502+0600][50.764s][info][gc,phases      ] GC(201)   Other: 0.14ms
[2026-04-03T02:16:39.502+0600][50.764s][info][gc,heap        ] GC(201) Eden regions: 210->0(285)
[2026-04-03T02:16:39.502+0600][50.764s][info][gc,heap        ] GC(201) Survivor regions: 4->6(36)
[2026-04-03T02:16:39.503+0600][50.764s][info][gc,heap        ] GC(201) Old regions: 85->85
[2026-04-03T02:16:39.503+0600][50.764s][info][gc,heap        ] GC(201) Humongous regions: 181->8
[2026-04-03T02:16:39.503+0600][50.764s][info][gc,metaspace   ] GC(201) Metaspace: 131408K(132928K)->131408K(132928K) NonClass: 114852K(115648K)->114852K(115648K) Class: 16555K(17280K)->16555K(17280K)
[2026-04-03T02:16:39.503+0600][50.764s][info][gc             ] GC(201) Pause Young (Prepare Mixed) (GCLocker Initiated GC) 477M->96M(486M) 6.003ms
[2026-04-03T02:16:39.503+0600][50.765s][info][gc,cpu         ] GC(201) User=0.03s Sys=0.01s Real=0.01s
[2026-04-03T02:16:39.766+0600][51.028s][info][gc,start       ] GC(202) Pause Young (Mixed) (GCLocker Initiated GC)
[2026-04-03T02:16:39.766+0600][51.028s][info][gc,task        ] GC(202) Using 10 workers of 10 for evacuation
[2026-04-03T02:16:39.772+0600][51.034s][info][gc,phases      ] GC(202)   Pre Evacuate Collection Set: 0.45ms
[2026-04-03T02:16:39.773+0600][51.034s][info][gc,phases      ] GC(202)   Merge Heap Roots: 0.21ms
[2026-04-03T02:16:39.773+0600][51.034s][info][gc,phases      ] GC(202)   Evacuate Collection Set: 4.53ms
[2026-04-03T02:16:39.773+0600][51.034s][info][gc,phases      ] GC(202)   Post Evacuate Collection Set: 0.80ms
[2026-04-03T02:16:39.773+0600][51.034s][info][gc,phases      ] GC(202)   Other: 0.12ms
[2026-04-03T02:16:39.773+0600][51.034s][info][gc,heap        ] GC(202) Eden regions: 219->0(289)
[2026-04-03T02:16:39.773+0600][51.034s][info][gc,heap        ] GC(202) Survivor regions: 6->7(37)
[2026-04-03T02:16:39.773+0600][51.034s][info][gc,heap        ] GC(202) Old regions: 85->85
[2026-04-03T02:16:39.773+0600][51.034s][info][gc,heap        ] GC(202) Humongous regions: 176->8
[2026-04-03T02:16:39.773+0600][51.034s][info][gc,metaspace   ] GC(202) Metaspace: 131427K(132928K)->131427K(132928K) NonClass: 114870K(115648K)->114870K(115648K) Class: 16557K(17280K)->16557K(17280K)
[2026-04-03T02:16:39.773+0600][51.035s][info][gc             ] GC(202) Pause Young (Mixed) (GCLocker Initiated GC) 483M->97M(494M) 6.438ms
[2026-04-03T02:16:39.773+0600][51.035s][info][gc,cpu         ] GC(202) User=0.02s Sys=0.01s Real=0.01s
[2026-04-03T02:16:39.777+0600][51.039s][info][gc,start       ] GC(203) Pause Young (Concurrent Start) (G1 Humongous Allocation)
[2026-04-03T02:16:39.777+0600][51.039s][info][gc,task        ] GC(203) Using 10 workers of 10 for evacuation
[2026-04-03T02:16:39.781+0600][51.043s][info][gc,phases      ] GC(203)   Pre Evacuate Collection Set: 0.28ms
[2026-04-03T02:16:39.781+0600][51.043s][info][gc,phases      ] GC(203)   Merge Heap Roots: 0.10ms
[2026-04-03T02:16:39.781+0600][51.043s][info][gc,phases      ] GC(203)   Evacuate Collection Set: 2.64ms
[2026-04-03T02:16:39.781+0600][51.043s][info][gc,phases      ] GC(203)   Post Evacuate Collection Set: 0.73ms
[2026-04-03T02:16:39.781+0600][51.043s][info][gc,phases      ] GC(203)   Other: 0.12ms
[2026-04-03T02:16:39.781+0600][51.043s][info][gc,heap        ] GC(203) Eden regions: 7->0(290)
[2026-04-03T02:16:39.781+0600][51.043s][info][gc,heap        ] GC(203) Survivor regions: 7->6(37)
[2026-04-03T02:16:39.781+0600][51.043s][info][gc,heap        ] GC(203) Old regions: 85->85
[2026-04-03T02:16:39.781+0600][51.043s][info][gc,heap        ] GC(203) Humongous regions: 8->8
[2026-04-03T02:16:39.781+0600][51.043s][info][gc,metaspace   ] GC(203) Metaspace: 131427K(132928K)->131427K(132928K) NonClass: 114870K(115648K)->114870K(115648K) Class: 16557K(17280K)->16557K(17280K)
[2026-04-03T02:16:39.781+0600][51.043s][info][gc             ] GC(203) Pause Young (Concurrent Start) (G1 Humongous Allocation) 103M->95M(494M) 4.134ms
[2026-04-03T02:16:39.781+0600][51.043s][info][gc             ] GC(204) Concurrent Mark Cycle
[2026-04-03T02:16:39.782+0600][51.043s][info][gc,marking     ] GC(204) Concurrent Scan Root Regions
[2026-04-03T02:16:39.782+0600][51.043s][info][gc,cpu         ] GC(203) User=0.03s Sys=0.00s Real=0.01s
[2026-04-03T02:16:39.784+0600][51.046s][info][gc,marking     ] GC(204) Concurrent Scan Root Regions 2.742ms
[2026-04-03T02:16:39.784+0600][51.046s][info][gc,marking     ] GC(204) Concurrent Mark
[2026-04-03T02:16:39.784+0600][51.046s][info][gc,marking     ] GC(204) Concurrent Mark From Roots
[2026-04-03T02:16:39.784+0600][51.046s][info][gc,task        ] GC(204) Using 3 workers of 3 for marking
[2026-04-03T02:16:39.867+0600][51.129s][info][gc,marking     ] GC(204) Concurrent Mark From Roots 82.395ms
[2026-04-03T02:16:39.867+0600][51.129s][info][gc,marking     ] GC(204) Concurrent Preclean
[2026-04-03T02:16:39.868+0600][51.129s][info][gc,marking     ] GC(204) Concurrent Preclean 0.649ms
[2026-04-03T02:16:39.868+0600][51.130s][info][gc,start       ] GC(204) Pause Remark
[2026-04-03T02:16:39.877+0600][51.139s][info][gc             ] GC(204) Pause Remark 198M->198M(477M) 9.015ms
[2026-04-03T02:16:39.877+0600][51.139s][info][gc,cpu         ] GC(204) User=0.07s Sys=0.00s Real=0.01s
[2026-04-03T02:16:39.878+0600][51.139s][info][gc,marking     ] GC(204) Concurrent Mark 93.192ms
[2026-04-03T02:16:39.878+0600][51.140s][info][gc,marking     ] GC(204) Concurrent Rebuild Remembered Sets and Scrub Regions
[2026-04-03T02:16:39.908+0600][51.169s][info][gc,marking     ] GC(204) Concurrent Rebuild Remembered Sets and Scrub Regions 29.895ms
[2026-04-03T02:16:39.908+0600][51.170s][info][gc,start       ] GC(204) Pause Cleanup
[2026-04-03T02:16:39.908+0600][51.170s][info][gc             ] GC(204) Pause Cleanup 226M->226M(477M) 0.257ms
[2026-04-03T02:16:39.908+0600][51.170s][info][gc,cpu         ] GC(204) User=0.00s Sys=0.00s Real=0.00s
[2026-04-03T02:16:39.908+0600][51.170s][info][gc,marking     ] GC(204) Concurrent Clear Claimed Marks
[2026-04-03T02:16:39.909+0600][51.170s][info][gc,marking     ] GC(204) Concurrent Clear Claimed Marks 0.322ms
[2026-04-03T02:16:39.909+0600][51.171s][info][gc,marking     ] GC(204) Concurrent Cleanup for Next Mark
[2026-04-03T02:16:39.909+0600][51.171s][info][gc,marking     ] GC(204) Concurrent Cleanup for Next Mark 0.669ms
[2026-04-03T02:16:39.909+0600][51.171s][info][gc             ] GC(204) Concurrent Mark Cycle 127.906ms
[2026-04-03T02:16:40.144+0600][51.406s][info][gc,start       ] GC(205) Pause Young (Prepare Mixed) (G1 Evacuation Pause)
[2026-04-03T02:16:40.144+0600][51.406s][info][gc,task        ] GC(205) Using 10 workers of 10 for evacuation
[2026-04-03T02:16:40.151+0600][51.413s][info][gc,phases      ] GC(205)   Pre Evacuate Collection Set: 0.38ms
[2026-04-03T02:16:40.151+0600][51.413s][info][gc,phases      ] GC(205)   Merge Heap Roots: 0.25ms
[2026-04-03T02:16:40.151+0600][51.413s][info][gc,phases      ] GC(205)   Evacuate Collection Set: 4.76ms
[2026-04-03T02:16:40.151+0600][51.413s][info][gc,phases      ] GC(205)   Post Evacuate Collection Set: 1.03ms
[2026-04-03T02:16:40.151+0600][51.413s][info][gc,phases      ] GC(205)   Other: 0.14ms
[2026-04-03T02:16:40.151+0600][51.413s][info][gc,heap        ] GC(205) Eden regions: 232->0(282)
[2026-04-03T02:16:40.151+0600][51.413s][info][gc,heap        ] GC(205) Survivor regions: 6->9(36)
[2026-04-03T02:16:40.151+0600][51.413s][info][gc,heap        ] GC(205) Old regions: 85->85
[2026-04-03T02:16:40.151+0600][51.413s][info][gc,heap        ] GC(205) Humongous regions: 154->8
[2026-04-03T02:16:40.151+0600][51.413s][info][gc,metaspace   ] GC(205) Metaspace: 131448K(132928K)->131448K(132928K) NonClass: 114890K(115648K)->114890K(115648K) Class: 16558K(17280K)->16558K(17280K)
[2026-04-03T02:16:40.151+0600][51.413s][info][gc             ] GC(205) Pause Young (Prepare Mixed) (G1 Evacuation Pause) 473M->98M(486M) 6.937ms
[2026-04-03T02:16:40.151+0600][51.413s][info][gc,cpu         ] GC(205) User=0.03s Sys=0.02s Real=0.01s
[2026-04-03T02:16:40.451+0600][51.713s][info][gc,start       ] GC(206) Pause Young (Mixed) (G1 Evacuation Pause)
[2026-04-03T02:16:40.451+0600][51.713s][info][gc,task        ] GC(206) Using 10 workers of 10 for evacuation
[2026-04-03T02:16:40.456+0600][51.718s][info][gc,phases      ] GC(206)   Pre Evacuate Collection Set: 0.34ms
[2026-04-03T02:16:40.456+0600][51.718s][info][gc,phases      ] GC(206)   Merge Heap Roots: 0.20ms
[2026-04-03T02:16:40.456+0600][51.718s][info][gc,phases      ] GC(206)   Evacuate Collection Set: 3.88ms
[2026-04-03T02:16:40.456+0600][51.718s][info][gc,phases      ] GC(206)   Post Evacuate Collection Set: 0.79ms
[2026-04-03T02:16:40.456+0600][51.718s][info][gc,phases      ] GC(206)   Other: 0.12ms
[2026-04-03T02:16:40.456+0600][51.718s][info][gc,heap        ] GC(206) Eden regions: 264->0(345)
[2026-04-03T02:16:40.456+0600][51.718s][info][gc,heap        ] GC(206) Survivor regions: 9->9(37)
[2026-04-03T02:16:40.456+0600][51.718s][info][gc,heap        ] GC(206) Old regions: 85->85
[2026-04-03T02:16:40.456+0600][51.718s][info][gc,heap        ] GC(206) Humongous regions: 223->13
[2026-04-03T02:16:40.456+0600][51.718s][info][gc,metaspace   ] GC(206) Metaspace: 131448K(132928K)->131448K(132928K) NonClass: 114890K(115648K)->114890K(115648K) Class: 16558K(17280K)->16558K(17280K)
[2026-04-03T02:16:40.456+0600][51.718s][info][gc             ] GC(206) Pause Young (Mixed) (G1 Evacuation Pause) 577M->103M(591M) 5.658ms
[2026-04-03T02:16:40.456+0600][51.718s][info][gc,cpu         ] GC(206) User=0.04s Sys=0.01s Real=0.00s
[2026-04-03T02:16:40.466+0600][51.727s][info][gc,start       ] GC(207) Pause Young (Concurrent Start) (G1 Humongous Allocation)
[2026-04-03T02:16:40.466+0600][51.728s][info][gc,task        ] GC(207) Using 10 workers of 10 for evacuation
[2026-04-03T02:16:40.470+0600][51.732s][info][gc,phases      ] GC(207)   Pre Evacuate Collection Set: 0.44ms
[2026-04-03T02:16:40.470+0600][51.732s][info][gc,phases      ] GC(207)   Merge Heap Roots: 0.15ms
[2026-04-03T02:16:40.470+0600][51.732s][info][gc,phases      ] GC(207)   Evacuate Collection Set: 3.10ms
[2026-04-03T02:16:40.470+0600][51.732s][info][gc,phases      ] GC(207)   Post Evacuate Collection Set: 0.64ms
[2026-04-03T02:16:40.470+0600][51.732s][info][gc,phases      ] GC(207)   Other: 0.25ms
[2026-04-03T02:16:40.470+0600][51.732s][info][gc,heap        ] GC(207) Eden regions: 9->0(346)
[2026-04-03T02:16:40.470+0600][51.732s][info][gc,heap        ] GC(207) Survivor regions: 9->8(45)
[2026-04-03T02:16:40.470+0600][51.732s][info][gc,heap        ] GC(207) Old regions: 85->86
[2026-04-03T02:16:40.470+0600][51.732s][info][gc,heap        ] GC(207) Humongous regions: 103->8
[2026-04-03T02:16:40.470+0600][51.732s][info][gc,metaspace   ] GC(207) Metaspace: 131455K(132928K)->131455K(132928K) NonClass: 114897K(115648K)->114897K(115648K) Class: 16558K(17280K)->16558K(17280K)
[2026-04-03T02:16:40.470+0600][51.732s][info][gc             ] GC(207) Pause Young (Concurrent Start) (G1 Humongous Allocation) 202M->98M(591M) 4.932ms
[2026-04-03T02:16:40.471+0600][51.732s][info][gc,cpu         ] GC(207) User=0.03s Sys=0.00s Real=0.01s
[2026-04-03T02:16:40.471+0600][51.732s][info][gc             ] GC(208) Concurrent Undo Cycle
[2026-04-03T02:16:40.471+0600][51.733s][info][gc,marking     ] GC(208) Concurrent Clear Claimed Marks
[2026-04-03T02:16:40.471+0600][51.733s][info][gc,marking     ] GC(208) Concurrent Clear Claimed Marks 0.387ms
[2026-04-03T02:16:40.471+0600][51.733s][info][gc,marking     ] GC(208) Concurrent Cleanup for Next Mark
[2026-04-03T02:16:40.472+0600][51.734s][info][gc,marking     ] GC(208) Concurrent Cleanup for Next Mark 0.890ms
[2026-04-03T02:16:40.472+0600][51.734s][info][gc             ] GC(208) Concurrent Undo Cycle 1.605ms
[2026-04-03T02:16:40.475+0600][51.737s][info][gc,start       ] GC(209) Pause Young (Concurrent Start) (G1 Humongous Allocation)
[2026-04-03T02:16:40.475+0600][51.737s][info][gc,task        ] GC(209) Using 10 workers of 10 for evacuation
[2026-04-03T02:16:40.479+0600][51.741s][info][gc,phases      ] GC(209)   Pre Evacuate Collection Set: 0.42ms
[2026-04-03T02:16:40.479+0600][51.741s][info][gc,phases      ] GC(209)   Merge Heap Roots: 0.14ms
[2026-04-03T02:16:40.479+0600][51.741s][info][gc,phases      ] GC(209)   Evacuate Collection Set: 2.52ms
[2026-04-03T02:16:40.479+0600][51.741s][info][gc,phases      ] GC(209)   Post Evacuate Collection Set: 0.76ms
[2026-04-03T02:16:40.479+0600][51.741s][info][gc,phases      ] GC(209)   Other: 0.18ms
[2026-04-03T02:16:40.479+0600][51.741s][info][gc,heap        ] GC(209) Eden regions: 3->0(346)
[2026-04-03T02:16:40.479+0600][51.741s][info][gc,heap        ] GC(209) Survivor regions: 8->8(45)
[2026-04-03T02:16:40.479+0600][51.741s][info][gc,heap        ] GC(209) Old regions: 86->86
[2026-04-03T02:16:40.479+0600][51.741s][info][gc,heap        ] GC(209) Humongous regions: 43->23
[2026-04-03T02:16:40.479+0600][51.741s][info][gc,metaspace   ] GC(209) Metaspace: 131457K(132928K)->131457K(132928K) NonClass: 114899K(115648K)->114899K(115648K) Class: 16558K(17280K)->16558K(17280K)
[2026-04-03T02:16:40.479+0600][51.741s][info][gc             ] GC(209) Pause Young (Concurrent Start) (G1 Humongous Allocation) 136M->114M(591M) 4.431ms
[2026-04-03T02:16:40.480+0600][51.741s][info][gc,cpu         ] GC(209) User=0.04s Sys=0.00s Real=0.00s
[2026-04-03T02:16:40.480+0600][51.741s][info][gc             ] GC(210) Concurrent Undo Cycle
[2026-04-03T02:16:40.480+0600][51.742s][info][gc,marking     ] GC(210) Concurrent Clear Claimed Marks
[2026-04-03T02:16:40.480+0600][51.742s][info][gc,marking     ] GC(210) Concurrent Clear Claimed Marks 0.311ms
[2026-04-03T02:16:40.480+0600][51.742s][info][gc,marking     ] GC(210) Concurrent Cleanup for Next Mark
[2026-04-03T02:16:40.480+0600][51.742s][info][gc,marking     ] GC(210) Concurrent Cleanup for Next Mark 0.254ms
[2026-04-03T02:16:40.480+0600][51.742s][info][gc             ] GC(210) Concurrent Undo Cycle 0.839ms
[2026-04-03T02:16:40.481+0600][51.743s][info][gc,start       ] GC(211) Pause Young (Concurrent Start) (G1 Humongous Allocation)
[2026-04-03T02:16:40.481+0600][51.743s][info][gc,task        ] GC(211) Using 10 workers of 10 for evacuation
[2026-04-03T02:16:40.485+0600][51.747s][info][gc,phases      ] GC(211)   Pre Evacuate Collection Set: 0.49ms
[2026-04-03T02:16:40.485+0600][51.747s][info][gc,phases      ] GC(211)   Merge Heap Roots: 0.13ms
[2026-04-03T02:16:40.485+0600][51.747s][info][gc,phases      ] GC(211)   Evacuate Collection Set: 2.65ms
[2026-04-03T02:16:40.485+0600][51.747s][info][gc,phases      ] GC(211)   Post Evacuate Collection Set: 0.85ms
[2026-04-03T02:16:40.485+0600][51.747s][info][gc,phases      ] GC(211)   Other: 0.23ms
[2026-04-03T02:16:40.485+0600][51.747s][info][gc,heap        ] GC(211) Eden regions: 2->0(346)
[2026-04-03T02:16:40.485+0600][51.747s][info][gc,heap        ] GC(211) Survivor regions: 8->8(45)
[2026-04-03T02:16:40.485+0600][51.747s][info][gc,heap        ] GC(211) Old regions: 86->86
[2026-04-03T02:16:40.485+0600][51.747s][info][gc,heap        ] GC(211) Humongous regions: 28->13
[2026-04-03T02:16:40.485+0600][51.747s][info][gc,metaspace   ] GC(211) Metaspace: 131457K(132928K)->131457K(132928K) NonClass: 114899K(115648K)->114899K(115648K) Class: 16558K(17280K)->16558K(17280K)
[2026-04-03T02:16:40.485+0600][51.747s][info][gc             ] GC(211) Pause Young (Concurrent Start) (G1 Humongous Allocation) 120M->104M(591M) 4.747ms
[2026-04-03T02:16:40.486+0600][51.747s][info][gc             ] GC(212) Concurrent Mark Cycle
[2026-04-03T02:16:40.486+0600][51.747s][info][gc,marking     ] GC(212) Concurrent Scan Root Regions
[2026-04-03T02:16:40.486+0600][51.747s][info][gc,cpu         ] GC(211) User=0.04s Sys=0.00s Real=0.00s
[2026-04-03T02:16:40.488+0600][51.750s][info][gc,marking     ] GC(212) Concurrent Scan Root Regions 2.588ms
[2026-04-03T02:16:40.488+0600][51.750s][info][gc,marking     ] GC(212) Concurrent Mark
[2026-04-03T02:16:40.488+0600][51.750s][info][gc,marking     ] GC(212) Concurrent Mark From Roots
[2026-04-03T02:16:40.488+0600][51.750s][info][gc,task        ] GC(212) Using 3 workers of 3 for marking
[2026-04-03T02:16:40.570+0600][51.832s][info][gc,marking     ] GC(212) Concurrent Mark From Roots 81.518ms
[2026-04-03T02:16:40.570+0600][51.832s][info][gc,marking     ] GC(212) Concurrent Preclean
[2026-04-03T02:16:40.570+0600][51.832s][info][gc,marking     ] GC(212) Concurrent Preclean 0.495ms
[2026-04-03T02:16:40.571+0600][51.833s][info][gc,start       ] GC(212) Pause Remark
[2026-04-03T02:16:40.579+0600][51.841s][info][gc             ] GC(212) Pause Remark 241M->241M(591M) 8.205ms
[2026-04-03T02:16:40.579+0600][51.841s][info][gc,cpu         ] GC(212) User=0.05s Sys=0.01s Real=0.00s
[2026-04-03T02:16:40.579+0600][51.841s][info][gc,marking     ] GC(212) Concurrent Mark 90.955ms
[2026-04-03T02:16:40.579+0600][51.841s][info][gc,marking     ] GC(212) Concurrent Rebuild Remembered Sets and Scrub Regions
[2026-04-03T02:16:40.602+0600][51.864s][info][gc,marking     ] GC(212) Concurrent Rebuild Remembered Sets and Scrub Regions 22.807ms
[2026-04-03T02:16:40.603+0600][51.865s][info][gc,start       ] GC(212) Pause Cleanup
[2026-04-03T02:16:40.603+0600][51.865s][info][gc             ] GC(212) Pause Cleanup 292M->292M(591M) 0.376ms
[2026-04-03T02:16:40.603+0600][51.865s][info][gc,cpu         ] GC(212) User=0.01s Sys=0.00s Real=0.00s
[2026-04-03T02:16:40.603+0600][51.865s][info][gc,marking     ] GC(212) Concurrent Clear Claimed Marks
[2026-04-03T02:16:40.604+0600][51.865s][info][gc,marking     ] GC(212) Concurrent Clear Claimed Marks 0.370ms
[2026-04-03T02:16:40.604+0600][51.866s][info][gc,marking     ] GC(212) Concurrent Cleanup for Next Mark
[2026-04-03T02:16:40.605+0600][51.867s][info][gc,marking     ] GC(212) Concurrent Cleanup for Next Mark 1.568ms
[2026-04-03T02:16:40.605+0600][51.867s][info][gc             ] GC(212) Concurrent Mark Cycle 119.783ms
[2026-04-03T02:16:40.647+0600][51.909s][info][gc,start       ] GC(213) Pause Young (Prepare Mixed) (G1 Evacuation Pause)
[2026-04-03T02:16:40.648+0600][51.909s][info][gc,task        ] GC(213) Using 10 workers of 10 for evacuation
[2026-04-03T02:16:40.652+0600][51.914s][info][gc,phases      ] GC(213)   Pre Evacuate Collection Set: 0.60ms
[2026-04-03T02:16:40.652+0600][51.914s][info][gc,phases      ] GC(213)   Merge Heap Roots: 0.28ms
[2026-04-03T02:16:40.652+0600][51.914s][info][gc,phases      ] GC(213)   Evacuate Collection Set: 2.66ms
[2026-04-03T02:16:40.652+0600][51.914s][info][gc,phases      ] GC(213)   Post Evacuate Collection Set: 0.90ms
[2026-04-03T02:16:40.652+0600][51.914s][info][gc,phases      ] GC(213)   Other: 0.10ms
[2026-04-03T02:16:40.652+0600][51.914s][info][gc,heap        ] GC(213) Eden regions: 71->0(364)
[2026-04-03T02:16:40.652+0600][51.914s][info][gc,heap        ] GC(213) Survivor regions: 8->5(45)
[2026-04-03T02:16:40.652+0600][51.914s][info][gc,heap        ] GC(213) Old regions: 86->86
[2026-04-03T02:16:40.652+0600][51.914s][info][gc,heap        ] GC(213) Humongous regions: 445->8
[2026-04-03T02:16:40.652+0600][51.914s][info][gc,metaspace   ] GC(213) Metaspace: 131472K(132928K)->131472K(132928K) NonClass: 114914K(115648K)->114914K(115648K) Class: 16558K(17280K)->16558K(17280K)
[2026-04-03T02:16:40.652+0600][51.914s][info][gc             ] GC(213) Pause Young (Prepare Mixed) (G1 Evacuation Pause) 607M->96M(615M) 4.839ms
[2026-04-03T02:16:40.652+0600][51.914s][info][gc,cpu         ] GC(213) User=0.03s Sys=0.01s Real=0.01s
[2026-04-03T02:16:41.207+0600][52.469s][info][gc,start       ] GC(214) Pause Young (Mixed) (G1 Evacuation Pause)
[2026-04-03T02:16:41.207+0600][52.469s][info][gc,task        ] GC(214) Using 10 workers of 10 for evacuation
[2026-04-03T02:16:41.213+0600][52.474s][info][gc,phases      ] GC(214)   Pre Evacuate Collection Set: 0.33ms
[2026-04-03T02:16:41.213+0600][52.474s][info][gc,phases      ] GC(214)   Merge Heap Roots: 0.23ms
[2026-04-03T02:16:41.213+0600][52.474s][info][gc,phases      ] GC(214)   Evacuate Collection Set: 3.66ms
[2026-04-03T02:16:41.213+0600][52.474s][info][gc,phases      ] GC(214)   Post Evacuate Collection Set: 0.88ms
[2026-04-03T02:16:41.213+0600][52.474s][info][gc,phases      ] GC(214)   Other: 0.13ms
[2026-04-03T02:16:41.213+0600][52.475s][info][gc,heap        ] GC(214) Eden regions: 345->0(371)
[2026-04-03T02:16:41.213+0600][52.475s][info][gc,heap        ] GC(214) Survivor regions: 5->7(47)
[2026-04-03T02:16:41.213+0600][52.475s][info][gc,heap        ] GC(214) Old regions: 86->86
[2026-04-03T02:16:41.213+0600][52.475s][info][gc,heap        ] GC(214) Humongous regions: 186->8
[2026-04-03T02:16:41.213+0600][52.475s][info][gc,metaspace   ] GC(214) Metaspace: 131490K(132928K)->131490K(132928K) NonClass: 114932K(115648K)->114932K(115648K) Class: 16558K(17280K)->16558K(17280K)
[2026-04-03T02:16:41.213+0600][52.475s][info][gc             ] GC(214) Pause Young (Mixed) (G1 Evacuation Pause) 619M->97M(630M) 5.508ms
[2026-04-03T02:16:41.213+0600][52.475s][info][gc,cpu         ] GC(214) User=0.04s Sys=0.00s Real=0.01s
[2026-04-03T02:16:41.229+0600][52.490s][info][gc,start       ] GC(215) Pause Young (Concurrent Start) (G1 Humongous Allocation)
[2026-04-03T02:16:41.229+0600][52.491s][info][gc,task        ] GC(215) Using 10 workers of 10 for evacuation
[2026-04-03T02:16:41.233+0600][52.495s][info][gc,phases      ] GC(215)   Pre Evacuate Collection Set: 0.44ms
[2026-04-03T02:16:41.233+0600][52.495s][info][gc,phases      ] GC(215)   Merge Heap Roots: 0.17ms
[2026-04-03T02:16:41.233+0600][52.495s][info][gc,phases      ] GC(215)   Evacuate Collection Set: 2.84ms
[2026-04-03T02:16:41.233+0600][52.495s][info][gc,phases      ] GC(215)   Post Evacuate Collection Set: 0.59ms
[2026-04-03T02:16:41.233+0600][52.495s][info][gc,phases      ] GC(215)   Other: 0.20ms
[2026-04-03T02:16:41.233+0600][52.495s][info][gc,heap        ] GC(215) Eden regions: 14->0(369)
[2026-04-03T02:16:41.233+0600][52.495s][info][gc,heap        ] GC(215) Survivor regions: 7->9(48)
[2026-04-03T02:16:41.233+0600][52.495s][info][gc,heap        ] GC(215) Old regions: 86->86
[2026-04-03T02:16:41.233+0600][52.495s][info][gc,heap        ] GC(215) Humongous regions: 8->8
[2026-04-03T02:16:41.233+0600][52.495s][info][gc,metaspace   ] GC(215) Metaspace: 131490K(132928K)->131490K(132928K) NonClass: 114932K(115648K)->114932K(115648K) Class: 16558K(17280K)->16558K(17280K)
[2026-04-03T02:16:41.233+0600][52.495s][info][gc             ] GC(215) Pause Young (Concurrent Start) (G1 Humongous Allocation) 111M->99M(630M) 4.557ms
[2026-04-03T02:16:41.233+0600][52.495s][info][gc,cpu         ] GC(215) User=0.03s Sys=0.01s Real=0.01s
[2026-04-03T02:16:41.233+0600][52.495s][info][gc             ] GC(216) Concurrent Mark Cycle
[2026-04-03T02:16:41.233+0600][52.495s][info][gc,marking     ] GC(216) Concurrent Scan Root Regions
[2026-04-03T02:16:41.237+0600][52.499s][info][gc,marking     ] GC(216) Concurrent Scan Root Regions 3.634ms
[2026-04-03T02:16:41.237+0600][52.499s][info][gc,marking     ] GC(216) Concurrent Mark
[2026-04-03T02:16:41.237+0600][52.499s][info][gc,marking     ] GC(216) Concurrent Mark From Roots
[2026-04-03T02:16:41.237+0600][52.499s][info][gc,task        ] GC(216) Using 3 workers of 3 for marking
[2026-04-03T02:16:41.315+0600][52.576s][info][gc,marking     ] GC(216) Concurrent Mark From Roots 77.398ms
[2026-04-03T02:16:41.315+0600][52.576s][info][gc,marking     ] GC(216) Concurrent Preclean
[2026-04-03T02:16:41.315+0600][52.577s][info][gc,marking     ] GC(216) Concurrent Preclean 0.624ms
[2026-04-03T02:16:41.316+0600][52.578s][info][gc,start       ] GC(216) Pause Remark
[2026-04-03T02:16:41.325+0600][52.587s][info][gc             ] GC(216) Pause Remark 190M->190M(484M) 9.346ms
[2026-04-03T02:16:41.325+0600][52.587s][info][gc,cpu         ] GC(216) User=0.06s Sys=0.00s Real=0.01s
[2026-04-03T02:16:41.326+0600][52.587s][info][gc,marking     ] GC(216) Concurrent Mark 88.533ms
[2026-04-03T02:16:41.326+0600][52.588s][info][gc,marking     ] GC(216) Concurrent Rebuild Remembered Sets and Scrub Regions
[2026-04-03T02:16:41.361+0600][52.623s][info][gc,marking     ] GC(216) Concurrent Rebuild Remembered Sets and Scrub Regions 35.610ms
[2026-04-03T02:16:41.362+0600][52.624s][info][gc,start       ] GC(216) Pause Cleanup
[2026-04-03T02:16:41.362+0600][52.624s][info][gc             ] GC(216) Pause Cleanup 231M->231M(484M) 0.331ms
[2026-04-03T02:16:41.362+0600][52.624s][info][gc,cpu         ] GC(216) User=0.00s Sys=0.00s Real=0.00s
[2026-04-03T02:16:41.362+0600][52.624s][info][gc,marking     ] GC(216) Concurrent Clear Claimed Marks
[2026-04-03T02:16:41.363+0600][52.625s][info][gc,marking     ] GC(216) Concurrent Clear Claimed Marks 0.366ms
[2026-04-03T02:16:41.363+0600][52.625s][info][gc,marking     ] GC(216) Concurrent Cleanup for Next Mark
[2026-04-03T02:16:41.364+0600][52.626s][info][gc,marking     ] GC(216) Concurrent Cleanup for Next Mark 1.598ms
[2026-04-03T02:16:41.364+0600][52.626s][info][gc             ] GC(216) Concurrent Mark Cycle 131.111ms
[2026-04-03T02:16:41.541+0600][52.803s][info][gc,start       ] GC(217) Pause Young (Prepare Mixed) (G1 Evacuation Pause)
[2026-04-03T02:16:41.541+0600][52.803s][info][gc,task        ] GC(217) Using 10 workers of 10 for evacuation
[2026-04-03T02:16:41.547+0600][52.809s][info][gc,phases      ] GC(217)   Pre Evacuate Collection Set: 0.32ms
[2026-04-03T02:16:41.547+0600][52.809s][info][gc,phases      ] GC(217)   Merge Heap Roots: 0.22ms
[2026-04-03T02:16:41.547+0600][52.809s][info][gc,phases      ] GC(217)   Evacuate Collection Set: 4.40ms
[2026-04-03T02:16:41.547+0600][52.809s][info][gc,phases      ] GC(217)   Post Evacuate Collection Set: 0.72ms
[2026-04-03T02:16:41.547+0600][52.809s][info][gc,phases      ] GC(217)   Other: 0.12ms
[2026-04-03T02:16:41.547+0600][52.809s][info][gc,heap        ] GC(217) Eden regions: 213->0(291)
[2026-04-03T02:16:41.547+0600][52.809s][info][gc,heap        ] GC(217) Survivor regions: 9->8(37)
[2026-04-03T02:16:41.547+0600][52.809s][info][gc,heap        ] GC(217) Old regions: 86->87
[2026-04-03T02:16:41.547+0600][52.809s][info][gc,heap        ] GC(217) Humongous regions: 182->14
[2026-04-03T02:16:41.547+0600][52.809s][info][gc,metaspace   ] GC(217) Metaspace: 131490K(132928K)->131490K(132928K) NonClass: 114932K(115648K)->114932K(115648K) Class: 16558K(17280K)->16558K(17280K)
[2026-04-03T02:16:41.547+0600][52.809s][info][gc             ] GC(217) Pause Young (Prepare Mixed) (G1 Evacuation Pause) 486M->104M(499M) 6.082ms
[2026-04-03T02:16:41.548+0600][52.809s][info][gc,cpu         ] GC(217) User=0.03s Sys=0.01s Real=0.00s
[2026-04-03T02:16:41.868+0600][53.130s][info][gc,start       ] GC(218) Pause Young (Mixed) (G1 Evacuation Pause)
[2026-04-03T02:16:41.868+0600][53.130s][info][gc,task        ] GC(218) Using 10 workers of 10 for evacuation
[2026-04-03T02:16:41.872+0600][53.134s][info][gc,phases      ] GC(218)   Pre Evacuate Collection Set: 0.39ms
[2026-04-03T02:16:41.872+0600][53.134s][info][gc,phases      ] GC(218)   Merge Heap Roots: 0.13ms
[2026-04-03T02:16:41.872+0600][53.134s][info][gc,phases      ] GC(218)   Evacuate Collection Set: 2.80ms
[2026-04-03T02:16:41.872+0600][53.134s][info][gc,phases      ] GC(218)   Post Evacuate Collection Set: 0.83ms
[2026-04-03T02:16:41.872+0600][53.134s][info][gc,phases      ] GC(218)   Other: 0.09ms
[2026-04-03T02:16:41.873+0600][53.134s][info][gc,heap        ] GC(218) Eden regions: 228->0(312)
[2026-04-03T02:16:41.873+0600][53.134s][info][gc,heap        ] GC(218) Survivor regions: 8->7(40)
[2026-04-03T02:16:41.873+0600][53.134s][info][gc,heap        ] GC(218) Old regions: 87->85
[2026-04-03T02:16:41.873+0600][53.134s][info][gc,heap        ] GC(218) Humongous regions: 202->8
[2026-04-03T02:16:41.873+0600][53.134s][info][gc,metaspace   ] GC(218) Metaspace: 131521K(132992K)->131521K(132992K) NonClass: 114963K(115712K)->114963K(115712K) Class: 16558K(17280K)->16558K(17280K)
[2026-04-03T02:16:41.873+0600][53.134s][info][gc             ] GC(218) Pause Young (Mixed) (G1 Evacuation Pause) 520M->97M(532M) 4.471ms
[2026-04-03T02:16:41.873+0600][53.135s][info][gc,cpu         ] GC(218) User=0.03s Sys=0.01s Real=0.01s
[2026-04-03T02:16:41.897+0600][53.158s][info][gc,start       ] GC(219) Pause Young (Concurrent Start) (G1 Humongous Allocation)
[2026-04-03T02:16:41.897+0600][53.159s][info][gc,task        ] GC(219) Using 10 workers of 10 for evacuation
[2026-04-03T02:16:41.902+0600][53.163s][info][gc,phases      ] GC(219)   Pre Evacuate Collection Set: 0.29ms
[2026-04-03T02:16:41.902+0600][53.164s][info][gc,phases      ] GC(219)   Merge Heap Roots: 0.12ms
[2026-04-03T02:16:41.902+0600][53.164s][info][gc,phases      ] GC(219)   Evacuate Collection Set: 3.47ms
[2026-04-03T02:16:41.902+0600][53.164s][info][gc,phases      ] GC(219)   Post Evacuate Collection Set: 0.54ms
[2026-04-03T02:16:41.902+0600][53.164s][info][gc,phases      ] GC(219)   Other: 0.51ms
[2026-04-03T02:16:41.902+0600][53.164s][info][gc,heap        ] GC(219) Eden regions: 17->0(312)
[2026-04-03T02:16:41.902+0600][53.164s][info][gc,heap        ] GC(219) Survivor regions: 7->7(40)
[2026-04-03T02:16:41.902+0600][53.164s][info][gc,heap        ] GC(219) Old regions: 85->85
[2026-04-03T02:16:41.902+0600][53.164s][info][gc,heap        ] GC(219) Humongous regions: 8->8
[2026-04-03T02:16:41.902+0600][53.164s][info][gc,metaspace   ] GC(219) Metaspace: 131536K(132992K)->131536K(132992K) NonClass: 114978K(115712K)->114978K(115712K) Class: 16558K(17280K)->16558K(17280K)
[2026-04-03T02:16:41.902+0600][53.164s][info][gc             ] GC(219) Pause Young (Concurrent Start) (G1 Humongous Allocation) 114M->97M(532M) 5.222ms
[2026-04-03T02:16:41.902+0600][53.164s][info][gc             ] GC(220) Concurrent Mark Cycle
[2026-04-03T02:16:41.902+0600][53.164s][info][gc,marking     ] GC(220) Concurrent Scan Root Regions
[2026-04-03T02:16:41.902+0600][53.164s][info][gc,cpu         ] GC(219) User=0.03s Sys=0.01s Real=0.01s
[2026-04-03T02:16:41.904+0600][53.166s][info][gc,marking     ] GC(220) Concurrent Scan Root Regions 2.477ms
[2026-04-03T02:16:41.904+0600][53.166s][info][gc,marking     ] GC(220) Concurrent Mark
[2026-04-03T02:16:41.904+0600][53.166s][info][gc,marking     ] GC(220) Concurrent Mark From Roots
[2026-04-03T02:16:41.904+0600][53.166s][info][gc,task        ] GC(220) Using 3 workers of 3 for marking
[2026-04-03T02:16:41.978+0600][53.240s][info][gc,marking     ] GC(220) Concurrent Mark From Roots 73.660ms
[2026-04-03T02:16:41.978+0600][53.240s][info][gc,marking     ] GC(220) Concurrent Preclean
[2026-04-03T02:16:41.979+0600][53.241s][info][gc,marking     ] GC(220) Concurrent Preclean 0.498ms
[2026-04-03T02:16:41.979+0600][53.241s][info][gc,start       ] GC(220) Pause Remark
[2026-04-03T02:16:41.987+0600][53.249s][info][gc             ] GC(220) Pause Remark 136M->136M(404M) 8.246ms
[2026-04-03T02:16:41.988+0600][53.249s][info][gc,cpu         ] GC(220) User=0.07s Sys=0.00s Real=0.01s
[2026-04-03T02:16:41.988+0600][53.250s][info][gc,marking     ] GC(220) Concurrent Mark 83.319ms
[2026-04-03T02:16:41.988+0600][53.250s][info][gc,marking     ] GC(220) Concurrent Rebuild Remembered Sets and Scrub Regions
[2026-04-03T02:16:42.015+0600][53.277s][info][gc,marking     ] GC(220) Concurrent Rebuild Remembered Sets and Scrub Regions 26.873ms
[2026-04-03T02:16:42.015+0600][53.277s][info][gc,start       ] GC(220) Pause Cleanup
[2026-04-03T02:16:42.016+0600][53.277s][info][gc             ] GC(220) Pause Cleanup 145M->145M(404M) 0.314ms
[2026-04-03T02:16:42.016+0600][53.278s][info][gc,cpu         ] GC(220) User=0.00s Sys=0.00s Real=0.00s
[2026-04-03T02:16:42.016+0600][53.278s][info][gc,marking     ] GC(220) Concurrent Clear Claimed Marks
[2026-04-03T02:16:42.016+0600][53.278s][info][gc,marking     ] GC(220) Concurrent Clear Claimed Marks 0.331ms
[2026-04-03T02:16:42.016+0600][53.278s][info][gc,marking     ] GC(220) Concurrent Cleanup for Next Mark
[2026-04-03T02:16:42.017+0600][53.279s][info][gc,marking     ] GC(220) Concurrent Cleanup for Next Mark 0.591ms
[2026-04-03T02:16:42.017+0600][53.279s][info][gc             ] GC(220) Concurrent Mark Cycle 115.048ms
[2026-04-03T02:16:42.348+0600][53.610s][info][gc,start       ] GC(221) Pause Young (Prepare Mixed) (G1 Evacuation Pause)
[2026-04-03T02:16:42.348+0600][53.610s][info][gc,task        ] GC(221) Using 10 workers of 10 for evacuation
[2026-04-03T02:16:42.353+0600][53.615s][info][gc,phases      ] GC(221)   Pre Evacuate Collection Set: 0.29ms
[2026-04-03T02:16:42.353+0600][53.615s][info][gc,phases      ] GC(221)   Merge Heap Roots: 0.20ms
[2026-04-03T02:16:42.353+0600][53.615s][info][gc,phases      ] GC(221)   Evacuate Collection Set: 3.81ms
[2026-04-03T02:16:42.353+0600][53.615s][info][gc,phases      ] GC(221)   Post Evacuate Collection Set: 0.72ms
[2026-04-03T02:16:42.353+0600][53.615s][info][gc,phases      ] GC(221)   Other: 0.10ms
[2026-04-03T02:16:42.353+0600][53.615s][info][gc,heap        ] GC(221) Eden regions: 230->0(249)
[2026-04-03T02:16:42.353+0600][53.615s][info][gc,heap        ] GC(221) Survivor regions: 7->7(31)
[2026-04-03T02:16:42.353+0600][53.615s][info][gc,heap        ] GC(221) Old regions: 85->86
[2026-04-03T02:16:42.353+0600][53.615s][info][gc,heap        ] GC(221) Humongous regions: 97->8
[2026-04-03T02:16:42.353+0600][53.615s][info][gc,metaspace   ] GC(221) Metaspace: 131557K(132992K)->131557K(132992K) NonClass: 114996K(115712K)->114996K(115712K) Class: 16561K(17280K)->16561K(17280K)
[2026-04-03T02:16:42.353+0600][53.615s][info][gc             ] GC(221) Pause Young (Prepare Mixed) (G1 Evacuation Pause) 416M->97M(427M) 5.381ms
[2026-04-03T02:16:42.353+0600][53.615s][info][gc,cpu         ] GC(221) User=0.03s Sys=0.00s Real=0.01s
[2026-04-03T02:16:42.592+0600][53.853s][info][gc,start       ] GC(222) Pause Young (Mixed) (G1 Evacuation Pause)
[2026-04-03T02:16:42.592+0600][53.854s][info][gc,task        ] GC(222) Using 10 workers of 10 for evacuation
[2026-04-03T02:16:42.598+0600][53.860s][info][gc,phases      ] GC(222)   Pre Evacuate Collection Set: 0.29ms
[2026-04-03T02:16:42.598+0600][53.860s][info][gc,phases      ] GC(222)   Merge Heap Roots: 0.18ms
[2026-04-03T02:16:42.598+0600][53.860s][info][gc,phases      ] GC(222)   Evacuate Collection Set: 4.90ms
[2026-04-03T02:16:42.598+0600][53.860s][info][gc,phases      ] GC(222)   Post Evacuate Collection Set: 0.72ms
[2026-04-03T02:16:42.598+0600][53.860s][info][gc,phases      ] GC(222)   Other: 0.11ms
[2026-04-03T02:16:42.598+0600][53.860s][info][gc,heap        ] GC(222) Eden regions: 190->0(260)
[2026-04-03T02:16:42.598+0600][53.860s][info][gc,heap        ] GC(222) Survivor regions: 7->7(32)
[2026-04-03T02:16:42.598+0600][53.860s][info][gc,heap        ] GC(222) Old regions: 86->84
[2026-04-03T02:16:42.598+0600][53.860s][info][gc,heap        ] GC(222) Humongous regions: 155->8
[2026-04-03T02:16:42.598+0600][53.860s][info][gc,metaspace   ] GC(222) Metaspace: 131559K(132992K)->131559K(132992K) NonClass: 114997K(115712K)->114997K(115712K) Class: 16561K(17280K)->16561K(17280K)
[2026-04-03T02:16:42.598+0600][53.860s][info][gc             ] GC(222) Pause Young (Mixed) (G1 Evacuation Pause) 434M->97M(445M) 6.493ms
[2026-04-03T02:16:42.598+0600][53.860s][info][gc,cpu         ] GC(222) User=0.04s Sys=0.01s Real=0.00s
[2026-04-03T02:16:42.612+0600][53.873s][info][gc,start       ] GC(223) Pause Young (Concurrent Start) (GCLocker Initiated GC)
[2026-04-03T02:16:42.612+0600][53.874s][info][gc,task        ] GC(223) Using 10 workers of 10 for evacuation
[2026-04-03T02:16:42.616+0600][53.878s][info][gc,phases      ] GC(223)   Pre Evacuate Collection Set: 0.47ms
[2026-04-03T02:16:42.616+0600][53.878s][info][gc,phases      ] GC(223)   Merge Heap Roots: 0.13ms
[2026-04-03T02:16:42.616+0600][53.878s][info][gc,phases      ] GC(223)   Evacuate Collection Set: 2.91ms
[2026-04-03T02:16:42.616+0600][53.878s][info][gc,phases      ] GC(223)   Post Evacuate Collection Set: 0.63ms
[2026-04-03T02:16:42.616+0600][53.878s][info][gc,phases      ] GC(223)   Other: 0.15ms
[2026-04-03T02:16:42.616+0600][53.878s][info][gc,heap        ] GC(223) Eden regions: 12->0(259)
[2026-04-03T02:16:42.616+0600][53.878s][info][gc,heap        ] GC(223) Survivor regions: 7->8(34)
[2026-04-03T02:16:42.616+0600][53.878s][info][gc,heap        ] GC(223) Old regions: 84->85
[2026-04-03T02:16:42.616+0600][53.878s][info][gc,heap        ] GC(223) Humongous regions: 8->8
[2026-04-03T02:16:42.616+0600][53.878s][info][gc,metaspace   ] GC(223) Metaspace: 131559K(132992K)->131559K(132992K) NonClass: 114997K(115712K)->114997K(115712K) Class: 16561K(17280K)->16561K(17280K)
[2026-04-03T02:16:42.616+0600][53.878s][info][gc             ] GC(223) Pause Young (Concurrent Start) (GCLocker Initiated GC) 109M->97M(445M) 4.642ms
[2026-04-03T02:16:42.616+0600][53.878s][info][gc             ] GC(224) Concurrent Mark Cycle
[2026-04-03T02:16:42.616+0600][53.878s][info][gc,cpu         ] GC(223) User=0.03s Sys=0.00s Real=0.00s
[2026-04-03T02:16:42.616+0600][53.878s][info][gc,marking     ] GC(224) Concurrent Scan Root Regions
[2026-04-03T02:16:42.621+0600][53.883s][info][gc,marking     ] GC(224) Concurrent Scan Root Regions 4.794ms
[2026-04-03T02:16:42.621+0600][53.883s][info][gc,marking     ] GC(224) Concurrent Mark
[2026-04-03T02:16:42.621+0600][53.883s][info][gc,marking     ] GC(224) Concurrent Mark From Roots
[2026-04-03T02:16:42.621+0600][53.883s][info][gc,task        ] GC(224) Using 3 workers of 3 for marking
[2026-04-03T02:16:42.699+0600][53.961s][info][gc,marking     ] GC(224) Concurrent Mark From Roots 77.430ms
[2026-04-03T02:16:42.699+0600][53.961s][info][gc,marking     ] GC(224) Concurrent Preclean
[2026-04-03T02:16:42.700+0600][53.961s][info][gc,marking     ] GC(224) Concurrent Preclean 0.652ms
[2026-04-03T02:16:42.700+0600][53.962s][info][gc,start       ] GC(224) Pause Remark
[2026-04-03T02:16:42.709+0600][53.971s][info][gc             ] GC(224) Pause Remark 189M->189M(445M) 9.233ms
[2026-04-03T02:16:42.709+0600][53.971s][info][gc,cpu         ] GC(224) User=0.07s Sys=0.00s Real=0.00s
[2026-04-03T02:16:42.710+0600][53.971s][info][gc,marking     ] GC(224) Concurrent Mark 88.240ms
[2026-04-03T02:16:42.710+0600][53.971s][info][gc,marking     ] GC(224) Concurrent Rebuild Remembered Sets and Scrub Regions
[2026-04-03T02:16:42.746+0600][54.008s][info][gc,marking     ] GC(224) Concurrent Rebuild Remembered Sets and Scrub Regions 36.695ms
[2026-04-03T02:16:42.747+0600][54.008s][info][gc,start       ] GC(224) Pause Cleanup
[2026-04-03T02:16:42.747+0600][54.009s][info][gc             ] GC(224) Pause Cleanup 224M->224M(445M) 0.363ms
[2026-04-03T02:16:42.747+0600][54.009s][info][gc,cpu         ] GC(224) User=0.01s Sys=0.00s Real=0.00s
[2026-04-03T02:16:42.747+0600][54.009s][info][gc,marking     ] GC(224) Concurrent Clear Claimed Marks
[2026-04-03T02:16:42.748+0600][54.009s][info][gc,marking     ] GC(224) Concurrent Clear Claimed Marks 0.383ms
[2026-04-03T02:16:42.748+0600][54.009s][info][gc,marking     ] GC(224) Concurrent Cleanup for Next Mark
[2026-04-03T02:16:42.749+0600][54.011s][info][gc,marking     ] GC(224) Concurrent Cleanup for Next Mark 1.119ms
[2026-04-03T02:16:42.749+0600][54.011s][info][gc             ] GC(224) Concurrent Mark Cycle 132.468ms
[2026-04-03T02:16:42.901+0600][54.163s][info][gc,start       ] GC(225) Pause Young (Prepare Mixed) (GCLocker Initiated GC)
[2026-04-03T02:16:42.901+0600][54.163s][info][gc,task        ] GC(225) Using 10 workers of 10 for evacuation
[2026-04-03T02:16:42.908+0600][54.170s][info][gc,phases      ] GC(225)   Pre Evacuate Collection Set: 0.50ms
[2026-04-03T02:16:42.908+0600][54.170s][info][gc,phases      ] GC(225)   Merge Heap Roots: 0.24ms
[2026-04-03T02:16:42.908+0600][54.170s][info][gc,phases      ] GC(225)   Evacuate Collection Set: 4.92ms
[2026-04-03T02:16:42.908+0600][54.170s][info][gc,phases      ] GC(225)   Post Evacuate Collection Set: 0.92ms
[2026-04-03T02:16:42.908+0600][54.170s][info][gc,phases      ] GC(225)   Other: 0.16ms
[2026-04-03T02:16:42.908+0600][54.170s][info][gc,heap        ] GC(225) Eden regions: 197->0(263)
[2026-04-03T02:16:42.908+0600][54.170s][info][gc,heap        ] GC(225) Survivor regions: 8->9(34)
[2026-04-03T02:16:42.908+0600][54.170s][info][gc,heap        ] GC(225) Old regions: 85->85
[2026-04-03T02:16:42.908+0600][54.170s][info][gc,heap        ] GC(225) Humongous regions: 155->8
[2026-04-03T02:16:42.908+0600][54.170s][info][gc,metaspace   ] GC(225) Metaspace: 131559K(132992K)->131559K(132992K) NonClass: 114997K(115712K)->114997K(115712K) Class: 16561K(17280K)->16561K(17280K)
[2026-04-03T02:16:42.908+0600][54.170s][info][gc             ] GC(225) Pause Young (Prepare Mixed) (GCLocker Initiated GC) 441M->99M(454M) 7.023ms
[2026-04-03T02:16:42.908+0600][54.170s][info][gc,cpu         ] GC(225) User=0.03s Sys=0.02s Real=0.00s
[2026-04-03T02:16:43.226+0600][54.488s][info][gc,start       ] GC(226) Pause Young (Mixed) (G1 Evacuation Pause)
[2026-04-03T02:16:43.226+0600][54.488s][info][gc,task        ] GC(226) Using 10 workers of 10 for evacuation
[2026-04-03T02:16:43.232+0600][54.494s][info][gc,phases      ] GC(226)   Pre Evacuate Collection Set: 0.39ms
[2026-04-03T02:16:43.232+0600][54.494s][info][gc,phases      ] GC(226)   Merge Heap Roots: 0.24ms
[2026-04-03T02:16:43.232+0600][54.494s][info][gc,phases      ] GC(226)   Evacuate Collection Set: 4.56ms
[2026-04-03T02:16:43.232+0600][54.494s][info][gc,phases      ] GC(226)   Post Evacuate Collection Set: 0.87ms
[2026-04-03T02:16:43.232+0600][54.494s][info][gc,phases      ] GC(226)   Other: 0.11ms
[2026-04-03T02:16:43.232+0600][54.494s][info][gc,heap        ] GC(226) Eden regions: 219->0(270)
[2026-04-03T02:16:43.232+0600][54.494s][info][gc,heap        ] GC(226) Survivor regions: 9->9(34)
[2026-04-03T02:16:43.232+0600][54.494s][info][gc,heap        ] GC(226) Old regions: 85->85
[2026-04-03T02:16:43.232+0600][54.494s][info][gc,heap        ] GC(226) Humongous regions: 143->10
[2026-04-03T02:16:43.232+0600][54.494s][info][gc,metaspace   ] GC(226) Metaspace: 131562K(132992K)->131562K(132992K) NonClass: 115000K(115712K)->115000K(115712K) Class: 16562K(17280K)->16562K(17280K)
[2026-04-03T02:16:43.232+0600][54.494s][info][gc             ] GC(226) Pause Young (Mixed) (G1 Evacuation Pause) 453M->101M(466M) 6.454ms
[2026-04-03T02:16:43.232+0600][54.494s][info][gc,cpu         ] GC(226) User=0.04s Sys=0.01s Real=0.01s
[2026-04-03T02:16:43.235+0600][54.497s][info][gc,start       ] GC(227) Pause Young (Concurrent Start) (G1 Humongous Allocation)
[2026-04-03T02:16:43.235+0600][54.497s][info][gc,task        ] GC(227) Using 10 workers of 10 for evacuation
[2026-04-03T02:16:43.239+0600][54.501s][info][gc,phases      ] GC(227)   Pre Evacuate Collection Set: 0.32ms
[2026-04-03T02:16:43.239+0600][54.501s][info][gc,phases      ] GC(227)   Merge Heap Roots: 0.10ms
[2026-04-03T02:16:43.239+0600][54.501s][info][gc,phases      ] GC(227)   Evacuate Collection Set: 2.43ms
[2026-04-03T02:16:43.239+0600][54.501s][info][gc,phases      ] GC(227)   Post Evacuate Collection Set: 0.53ms
[2026-04-03T02:16:43.239+0600][54.501s][info][gc,phases      ] GC(227)   Other: 0.12ms
[2026-04-03T02:16:43.239+0600][54.501s][info][gc,heap        ] GC(227) Eden regions: 4->0(273)
[2026-04-03T02:16:43.239+0600][54.501s][info][gc,heap        ] GC(227) Survivor regions: 9->6(35)
[2026-04-03T02:16:43.239+0600][54.501s][info][gc,heap        ] GC(227) Old regions: 85->85
[2026-04-03T02:16:43.239+0600][54.501s][info][gc,heap        ] GC(227) Humongous regions: 12->8
[2026-04-03T02:16:43.239+0600][54.501s][info][gc,metaspace   ] GC(227) Metaspace: 131562K(132992K)->131562K(132992K) NonClass: 115000K(115712K)->115000K(115712K) Class: 16562K(17280K)->16562K(17280K)
[2026-04-03T02:16:43.239+0600][54.501s][info][gc             ] GC(227) Pause Young (Concurrent Start) (G1 Humongous Allocation) 106M->97M(466M) 3.775ms
[2026-04-03T02:16:43.239+0600][54.501s][info][gc             ] GC(228) Concurrent Mark Cycle
[2026-04-03T02:16:43.239+0600][54.501s][info][gc,cpu         ] GC(227) User=0.03s Sys=0.01s Real=0.00s
[2026-04-03T02:16:43.239+0600][54.501s][info][gc,marking     ] GC(228) Concurrent Scan Root Regions
[2026-04-03T02:16:43.242+0600][54.504s][info][gc,marking     ] GC(228) Concurrent Scan Root Regions 2.793ms
[2026-04-03T02:16:43.242+0600][54.504s][info][gc,marking     ] GC(228) Concurrent Mark
[2026-04-03T02:16:43.242+0600][54.504s][info][gc,marking     ] GC(228) Concurrent Mark From Roots
[2026-04-03T02:16:43.242+0600][54.504s][info][gc,task        ] GC(228) Using 3 workers of 3 for marking
[2026-04-03T02:16:43.340+0600][54.602s][info][gc,marking     ] GC(228) Concurrent Mark From Roots 98.091ms
[2026-04-03T02:16:43.340+0600][54.602s][info][gc,marking     ] GC(228) Concurrent Preclean
[2026-04-03T02:16:43.341+0600][54.603s][info][gc,marking     ] GC(228) Concurrent Preclean 0.592ms
[2026-04-03T02:16:43.341+0600][54.603s][info][gc,start       ] GC(228) Pause Remark
[2026-04-03T02:16:43.350+0600][54.612s][info][gc             ] GC(228) Pause Remark 188M->188M(367M) 8.542ms
[2026-04-03T02:16:43.350+0600][54.612s][info][gc,cpu         ] GC(228) User=0.07s Sys=0.00s Real=0.01s
[2026-04-03T02:16:43.350+0600][54.612s][info][gc,marking     ] GC(228) Concurrent Mark 108.017ms
[2026-04-03T02:16:43.350+0600][54.612s][info][gc,marking     ] GC(228) Concurrent Rebuild Remembered Sets and Scrub Regions
[2026-04-03T02:16:43.387+0600][54.649s][info][gc,marking     ] GC(228) Concurrent Rebuild Remembered Sets and Scrub Regions 37.100ms
[2026-04-03T02:16:43.388+0600][54.650s][info][gc,start       ] GC(228) Pause Cleanup
[2026-04-03T02:16:43.388+0600][54.650s][info][gc             ] GC(228) Pause Cleanup 233M->233M(367M) 0.218ms
[2026-04-03T02:16:43.388+0600][54.650s][info][gc,cpu         ] GC(228) User=0.00s Sys=0.00s Real=0.00s
[2026-04-03T02:16:43.388+0600][54.650s][info][gc,marking     ] GC(228) Concurrent Clear Claimed Marks
[2026-04-03T02:16:43.389+0600][54.650s][info][gc,marking     ] GC(228) Concurrent Clear Claimed Marks 0.355ms
[2026-04-03T02:16:43.389+0600][54.650s][info][gc,marking     ] GC(228) Concurrent Cleanup for Next Mark
[2026-04-03T02:16:43.389+0600][54.651s][info][gc,marking     ] GC(228) Concurrent Cleanup for Next Mark 0.677ms
[2026-04-03T02:16:43.389+0600][54.651s][info][gc             ] GC(228) Concurrent Mark Cycle 150.143ms
[2026-04-03T02:16:43.504+0600][54.765s][info][gc,start       ] GC(229) Pause Young (Prepare Mixed) (G1 Evacuation Pause)
[2026-04-03T02:16:43.504+0600][54.766s][info][gc,task        ] GC(229) Using 9 workers of 10 for evacuation
[2026-04-03T02:16:43.507+0600][54.769s][info][gc,phases      ] GC(229)   Pre Evacuate Collection Set: 0.30ms
[2026-04-03T02:16:43.507+0600][54.769s][info][gc,phases      ] GC(229)   Merge Heap Roots: 0.15ms
[2026-04-03T02:16:43.507+0600][54.769s][info][gc,phases      ] GC(229)   Evacuate Collection Set: 2.19ms
[2026-04-03T02:16:43.507+0600][54.769s][info][gc,phases      ] GC(229)   Post Evacuate Collection Set: 0.41ms
[2026-04-03T02:16:43.507+0600][54.769s][info][gc,phases      ] GC(229)   Other: 0.07ms
[2026-04-03T02:16:43.507+0600][54.769s][info][gc,heap        ] GC(229) Eden regions: 210->0(220)
[2026-04-03T02:16:43.507+0600][54.769s][info][gc,heap        ] GC(229) Survivor regions: 6->5(28)
[2026-04-03T02:16:43.507+0600][54.769s][info][gc,heap        ] GC(229) Old regions: 85->86
[2026-04-03T02:16:43.507+0600][54.769s][info][gc,heap        ] GC(229) Humongous regions: 68->8
[2026-04-03T02:16:43.507+0600][54.769s][info][gc,metaspace   ] GC(229) Metaspace: 131562K(132992K)->131562K(132992K) NonClass: 115000K(115712K)->115000K(115712K) Class: 16562K(17280K)->16562K(17280K)
[2026-04-03T02:16:43.507+0600][54.769s][info][gc             ] GC(229) Pause Young (Prepare Mixed) (G1 Evacuation Pause) 367M->96M(375M) 3.330ms
[2026-04-03T02:16:43.507+0600][54.769s][info][gc,cpu         ] GC(229) User=0.01s Sys=0.01s Real=0.00s
[2026-04-03T02:16:43.595+0600][54.857s][info][gc,start       ] GC(230) Pause Young (Mixed) (G1 Evacuation Pause)
[2026-04-03T02:16:43.595+0600][54.857s][info][gc,task        ] GC(230) Using 10 workers of 10 for evacuation
[2026-04-03T02:16:43.599+0600][54.861s][info][gc,phases      ] GC(230)   Pre Evacuate Collection Set: 0.26ms
[2026-04-03T02:16:43.599+0600][54.861s][info][gc,phases      ] GC(230)   Merge Heap Roots: 0.16ms
[2026-04-03T02:16:43.599+0600][54.861s][info][gc,phases      ] GC(230)   Evacuate Collection Set: 3.06ms
[2026-04-03T02:16:43.599+0600][54.861s][info][gc,phases      ] GC(230)   Post Evacuate Collection Set: 0.81ms
[2026-04-03T02:16:43.599+0600][54.861s][info][gc,phases      ] GC(230)   Other: 0.09ms
[2026-04-03T02:16:43.599+0600][54.861s][info][gc,heap        ] GC(230) Eden regions: 53->0(277)
[2026-04-03T02:16:43.599+0600][54.861s][info][gc,heap        ] GC(230) Survivor regions: 5->6(29)
[2026-04-03T02:16:43.599+0600][54.861s][info][gc,heap        ] GC(230) Old regions: 86->85
[2026-04-03T02:16:43.599+0600][54.861s][info][gc,heap        ] GC(230) Humongous regions: 323->18
[2026-04-03T02:16:43.599+0600][54.861s][info][gc,metaspace   ] GC(230) Metaspace: 131562K(132992K)->131562K(132992K) NonClass: 115000K(115712K)->115000K(115712K) Class: 16562K(17280K)->16562K(17280K)
[2026-04-03T02:16:43.599+0600][54.861s][info][gc             ] GC(230) Pause Young (Mixed) (G1 Evacuation Pause) 464M->107M(473M) 4.646ms
[2026-04-03T02:16:43.599+0600][54.861s][info][gc,cpu         ] GC(230) User=0.02s Sys=0.02s Real=0.00s
[2026-04-03T02:16:43.600+0600][54.862s][info][gc,start       ] GC(231) Pause Young (Concurrent Start) (G1 Humongous Allocation)
[2026-04-03T02:16:43.600+0600][54.862s][info][gc,task        ] GC(231) Using 10 workers of 10 for evacuation
[2026-04-03T02:16:43.603+0600][54.865s][info][gc,phases      ] GC(231)   Pre Evacuate Collection Set: 0.19ms
[2026-04-03T02:16:43.603+0600][54.865s][info][gc,phases      ] GC(231)   Merge Heap Roots: 0.06ms
[2026-04-03T02:16:43.603+0600][54.865s][info][gc,phases      ] GC(231)   Evacuate Collection Set: 1.64ms
[2026-04-03T02:16:43.603+0600][54.865s][info][gc,phases      ] GC(231)   Post Evacuate Collection Set: 0.41ms
[2026-04-03T02:16:43.603+0600][54.865s][info][gc,phases      ] GC(231)   Other: 0.10ms
[2026-04-03T02:16:43.603+0600][54.865s][info][gc,heap        ] GC(231) Eden regions: 2->0(277)
[2026-04-03T02:16:43.603+0600][54.865s][info][gc,heap        ] GC(231) Survivor regions: 6->6(36)
[2026-04-03T02:16:43.603+0600][54.865s][info][gc,heap        ] GC(231) Old regions: 85->85
[2026-04-03T02:16:43.603+0600][54.865s][info][gc,heap        ] GC(231) Humongous regions: 18->8
[2026-04-03T02:16:43.603+0600][54.865s][info][gc,metaspace   ] GC(231) Metaspace: 131562K(132992K)->131562K(132992K) NonClass: 115000K(115712K)->115000K(115712K) Class: 16562K(17280K)->16562K(17280K)
[2026-04-03T02:16:43.603+0600][54.865s][info][gc             ] GC(231) Pause Young (Concurrent Start) (G1 Humongous Allocation) 108M->97M(473M) 2.586ms
[2026-04-03T02:16:43.603+0600][54.865s][info][gc             ] GC(232) Concurrent Mark Cycle
[2026-04-03T02:16:43.603+0600][54.865s][info][gc,marking     ] GC(232) Concurrent Scan Root Regions
[2026-04-03T02:16:43.603+0600][54.865s][info][gc,cpu         ] GC(231) User=0.02s Sys=0.00s Real=0.00s
[2026-04-03T02:16:43.605+0600][54.866s][info][gc,marking     ] GC(232) Concurrent Scan Root Regions 1.625ms
[2026-04-03T02:16:43.605+0600][54.867s][info][gc,marking     ] GC(232) Concurrent Mark
[2026-04-03T02:16:43.605+0600][54.867s][info][gc,marking     ] GC(232) Concurrent Mark From Roots
[2026-04-03T02:16:43.605+0600][54.867s][info][gc,task        ] GC(232) Using 3 workers of 3 for marking
[2026-04-03T02:16:43.677+0600][54.938s][info][gc,marking     ] GC(232) Concurrent Mark From Roots 71.876ms
[2026-04-03T02:16:43.677+0600][54.938s][info][gc,marking     ] GC(232) Concurrent Preclean
[2026-04-03T02:16:43.677+0600][54.939s][info][gc,marking     ] GC(232) Concurrent Preclean 0.674ms
[2026-04-03T02:16:43.678+0600][54.939s][info][gc,start       ] GC(232) Pause Remark
[2026-04-03T02:16:43.686+0600][54.948s][info][gc             ] GC(232) Pause Remark 188M->188M(473M) 8.441ms
[2026-04-03T02:16:43.686+0600][54.948s][info][gc,cpu         ] GC(232) User=0.06s Sys=0.01s Real=0.01s
[2026-04-03T02:16:43.686+0600][54.948s][info][gc,marking     ] GC(232) Concurrent Mark 81.773ms
[2026-04-03T02:16:43.686+0600][54.948s][info][gc,marking     ] GC(232) Concurrent Rebuild Remembered Sets and Scrub Regions
[2026-04-03T02:16:43.720+0600][54.982s][info][gc,marking     ] GC(232) Concurrent Rebuild Remembered Sets and Scrub Regions 33.358ms
[2026-04-03T02:16:43.722+0600][54.984s][info][gc,start       ] GC(232) Pause Cleanup
[2026-04-03T02:16:43.723+0600][54.985s][info][gc             ] GC(232) Pause Cleanup 428M->428M(473M) 0.433ms
[2026-04-03T02:16:43.723+0600][54.985s][info][gc,cpu         ] GC(232) User=0.00s Sys=0.00s Real=0.00s
[2026-04-03T02:16:43.723+0600][54.985s][info][gc,marking     ] GC(232) Concurrent Clear Claimed Marks
[2026-04-03T02:16:43.724+0600][54.985s][info][gc,marking     ] GC(232) Concurrent Clear Claimed Marks 0.436ms
[2026-04-03T02:16:43.724+0600][54.985s][info][gc,marking     ] GC(232) Concurrent Cleanup for Next Mark
[2026-04-03T02:16:43.726+0600][54.987s][info][gc,marking     ] GC(232) Concurrent Cleanup for Next Mark 1.974ms
[2026-04-03T02:16:43.726+0600][54.988s][info][gc             ] GC(232) Concurrent Mark Cycle 122.865ms
[2026-04-03T02:16:43.763+0600][55.025s][info][gc,start       ] GC(233) Pause Young (Prepare Mixed) (G1 Evacuation Pause)
[2026-04-03T02:16:43.763+0600][55.025s][info][gc,task        ] GC(233) Using 10 workers of 10 for evacuation
[2026-04-03T02:16:43.767+0600][55.029s][info][gc,phases      ] GC(233)   Pre Evacuate Collection Set: 0.40ms
[2026-04-03T02:16:43.767+0600][55.029s][info][gc,phases      ] GC(233)   Merge Heap Roots: 0.13ms
[2026-04-03T02:16:43.767+0600][55.029s][info][gc,phases      ] GC(233)   Evacuate Collection Set: 2.59ms
[2026-04-03T02:16:43.767+0600][55.029s][info][gc,phases      ] GC(233)   Post Evacuate Collection Set: 0.95ms
[2026-04-03T02:16:43.767+0600][55.029s][info][gc,phases      ] GC(233)   Other: 0.11ms
[2026-04-03T02:16:43.767+0600][55.029s][info][gc,heap        ] GC(233) Eden regions: 62->0(329)
[2026-04-03T02:16:43.767+0600][55.029s][info][gc,heap        ] GC(233) Survivor regions: 6->4(36)
[2026-04-03T02:16:43.767+0600][55.029s][info][gc,heap        ] GC(233) Old regions: 85->85
[2026-04-03T02:16:43.767+0600][55.029s][info][gc,heap        ] GC(233) Humongous regions: 398->8
[2026-04-03T02:16:43.767+0600][55.029s][info][gc,metaspace   ] GC(233) Metaspace: 131567K(132992K)->131567K(132992K) NonClass: 115005K(115712K)->115005K(115712K) Class: 16562K(17280K)->16562K(17280K)
[2026-04-03T02:16:43.767+0600][55.029s][info][gc             ] GC(233) Pause Young (Prepare Mixed) (G1 Evacuation Pause) 549M->95M(555M) 4.608ms
[2026-04-03T02:16:43.767+0600][55.029s][info][gc,cpu         ] GC(233) User=0.03s Sys=0.00s Real=0.00s
[2026-04-03T02:16:44.311+0600][55.573s][info][gc,start       ] GC(234) Pause Young (Mixed) (G1 Evacuation Pause)
[2026-04-03T02:16:44.312+0600][55.573s][info][gc,task        ] GC(234) Using 10 workers of 10 for evacuation
[2026-04-03T02:16:44.316+0600][55.578s][info][gc,phases      ] GC(234)   Pre Evacuate Collection Set: 0.42ms
[2026-04-03T02:16:44.316+0600][55.578s][info][gc,phases      ] GC(234)   Merge Heap Roots: 0.20ms
[2026-04-03T02:16:44.316+0600][55.578s][info][gc,phases      ] GC(234)   Evacuate Collection Set: 3.21ms
[2026-04-03T02:16:44.316+0600][55.578s][info][gc,phases      ] GC(234)   Post Evacuate Collection Set: 0.64ms
[2026-04-03T02:16:44.316+0600][55.578s][info][gc,phases      ] GC(234)   Other: 0.13ms
[2026-04-03T02:16:44.316+0600][55.578s][info][gc,heap        ] GC(234) Eden regions: 318->0(341)
[2026-04-03T02:16:44.316+0600][55.578s][info][gc,heap        ] GC(234) Survivor regions: 4->7(42)
[2026-04-03T02:16:44.316+0600][55.578s][info][gc,heap        ] GC(234) Old regions: 85->85
[2026-04-03T02:16:44.316+0600][55.578s][info][gc,heap        ] GC(234) Humongous regions: 165->8
[2026-04-03T02:16:44.316+0600][55.578s][info][gc,metaspace   ] GC(234) Metaspace: 131580K(132992K)->131580K(132992K) NonClass: 115018K(115712K)->115018K(115712K) Class: 16562K(17280K)->16562K(17280K)
[2026-04-03T02:16:44.316+0600][55.578s][info][gc             ] GC(234) Pause Young (Mixed) (G1 Evacuation Pause) 570M->97M(580M) 4.932ms
[2026-04-03T02:16:44.317+0600][55.578s][info][gc,cpu         ] GC(234) User=0.03s Sys=0.01s Real=0.00s
[2026-04-03T02:16:44.331+0600][55.593s][info][gc,start       ] GC(235) Pause Young (Concurrent Start) (GCLocker Initiated GC)
[2026-04-03T02:16:44.331+0600][55.593s][info][gc,task        ] GC(235) Using 10 workers of 10 for evacuation
[2026-04-03T02:16:44.336+0600][55.598s][info][gc,phases      ] GC(235)   Pre Evacuate Collection Set: 0.56ms
[2026-04-03T02:16:44.336+0600][55.598s][info][gc,phases      ] GC(235)   Merge Heap Roots: 0.13ms
[2026-04-03T02:16:44.336+0600][55.598s][info][gc,phases      ] GC(235)   Evacuate Collection Set: 2.33ms
[2026-04-03T02:16:44.336+0600][55.598s][info][gc,phases      ] GC(235)   Post Evacuate Collection Set: 0.91ms
[2026-04-03T02:16:44.336+0600][55.598s][info][gc,phases      ] GC(235)   Other: 0.33ms
[2026-04-03T02:16:44.336+0600][55.598s][info][gc,heap        ] GC(235) Eden regions: 22->0(340)
[2026-04-03T02:16:44.336+0600][55.598s][info][gc,heap        ] GC(235) Survivor regions: 7->8(44)
[2026-04-03T02:16:44.336+0600][55.598s][info][gc,heap        ] GC(235) Old regions: 85->85
[2026-04-03T02:16:44.336+0600][55.598s][info][gc,heap        ] GC(235) Humongous regions: 8->8
[2026-04-03T02:16:44.336+0600][55.598s][info][gc,metaspace   ] GC(235) Metaspace: 131580K(132992K)->131580K(132992K) NonClass: 115018K(115712K)->115018K(115712K) Class: 16562K(17280K)->16562K(17280K)
[2026-04-03T02:16:44.336+0600][55.598s][info][gc             ] GC(235) Pause Young (Concurrent Start) (GCLocker Initiated GC) 119M->98M(580M) 4.802ms
[2026-04-03T02:16:44.336+0600][55.598s][info][gc             ] GC(236) Concurrent Mark Cycle
[2026-04-03T02:16:44.336+0600][55.598s][info][gc,marking     ] GC(236) Concurrent Scan Root Regions
[2026-04-03T02:16:44.336+0600][55.598s][info][gc,cpu         ] GC(235) User=0.02s Sys=0.01s Real=0.00s
[2026-04-03T02:16:44.339+0600][55.601s][info][gc,marking     ] GC(236) Concurrent Scan Root Regions 2.674ms
[2026-04-03T02:16:44.339+0600][55.601s][info][gc,marking     ] GC(236) Concurrent Mark
[2026-04-03T02:16:44.339+0600][55.601s][info][gc,marking     ] GC(236) Concurrent Mark From Roots
[2026-04-03T02:16:44.339+0600][55.601s][info][gc,task        ] GC(236) Using 3 workers of 3 for marking
[2026-04-03T02:16:44.418+0600][55.679s][info][gc,marking     ] GC(236) Concurrent Mark From Roots 78.397ms
[2026-04-03T02:16:44.418+0600][55.679s][info][gc,marking     ] GC(236) Concurrent Preclean
[2026-04-03T02:16:44.418+0600][55.680s][info][gc,marking     ] GC(236) Concurrent Preclean 0.508ms
[2026-04-03T02:16:44.418+0600][55.680s][info][gc,start       ] GC(236) Pause Remark
[2026-04-03T02:16:44.428+0600][55.689s][info][gc             ] GC(236) Pause Remark 179M->179M(477M) 9.094ms
[2026-04-03T02:16:44.428+0600][55.690s][info][gc,cpu         ] GC(236) User=0.06s Sys=0.00s Real=0.01s
[2026-04-03T02:16:44.428+0600][55.690s][info][gc,marking     ] GC(236) Concurrent Mark 88.821ms
[2026-04-03T02:16:44.428+0600][55.690s][info][gc,marking     ] GC(236) Concurrent Rebuild Remembered Sets and Scrub Regions
[2026-04-03T02:16:44.461+0600][55.723s][info][gc,marking     ] GC(236) Concurrent Rebuild Remembered Sets and Scrub Regions 32.686ms
[2026-04-03T02:16:44.461+0600][55.723s][info][gc,start       ] GC(236) Pause Cleanup
[2026-04-03T02:16:44.461+0600][55.723s][info][gc             ] GC(236) Pause Cleanup 223M->223M(477M) 0.257ms
[2026-04-03T02:16:44.461+0600][55.723s][info][gc,cpu         ] GC(236) User=0.00s Sys=0.00s Real=0.00s
[2026-04-03T02:16:44.462+0600][55.723s][info][gc,marking     ] GC(236) Concurrent Clear Claimed Marks
[2026-04-03T02:16:44.462+0600][55.724s][info][gc,marking     ] GC(236) Concurrent Clear Claimed Marks 0.445ms
[2026-04-03T02:16:44.462+0600][55.724s][info][gc,marking     ] GC(236) Concurrent Cleanup for Next Mark
[2026-04-03T02:16:44.463+0600][55.725s][info][gc,marking     ] GC(236) Concurrent Cleanup for Next Mark 0.644ms
[2026-04-03T02:16:44.463+0600][55.725s][info][gc             ] GC(236) Concurrent Mark Cycle 126.428ms
[2026-04-03T02:16:44.639+0600][55.901s][info][gc,start       ] GC(237) Pause Young (Prepare Mixed) (GCLocker Initiated GC)
[2026-04-03T02:16:44.639+0600][55.901s][info][gc,task        ] GC(237) Using 10 workers of 10 for evacuation
[2026-04-03T02:16:44.645+0600][55.907s][info][gc,phases      ] GC(237)   Pre Evacuate Collection Set: 0.32ms
[2026-04-03T02:16:44.646+0600][55.907s][info][gc,phases      ] GC(237)   Merge Heap Roots: 0.31ms
[2026-04-03T02:16:44.646+0600][55.907s][info][gc,phases      ] GC(237)   Evacuate Collection Set: 4.68ms
[2026-04-03T02:16:44.646+0600][55.907s][info][gc,phases      ] GC(237)   Post Evacuate Collection Set: 0.72ms
[2026-04-03T02:16:44.646+0600][55.907s][info][gc,phases      ] GC(237)   Other: 0.13ms
[2026-04-03T02:16:44.646+0600][55.907s][info][gc,heap        ] GC(237) Eden regions: 208->0(283)
[2026-04-03T02:16:44.646+0600][55.907s][info][gc,heap        ] GC(237) Survivor regions: 8->9(36)
[2026-04-03T02:16:44.646+0600][55.907s][info][gc,heap        ] GC(237) Old regions: 85->86
[2026-04-03T02:16:44.646+0600][55.907s][info][gc,heap        ] GC(237) Humongous regions: 176->8
[2026-04-03T02:16:44.646+0600][55.907s][info][gc,metaspace   ] GC(237) Metaspace: 131584K(132992K)->131584K(132992K) NonClass: 115022K(115712K)->115022K(115712K) Class: 16562K(17280K)->16562K(17280K)
[2026-04-03T02:16:44.646+0600][55.908s][info][gc             ] GC(237) Pause Young (Prepare Mixed) (GCLocker Initiated GC) 474M->100M(487M) 6.467ms
[2026-04-03T02:16:44.646+0600][55.908s][info][gc,cpu         ] GC(237) User=0.03s Sys=0.02s Real=0.01s
[2026-04-03T02:16:44.905+0600][56.167s][info][gc,start       ] GC(238) Pause Young (Mixed) (G1 Evacuation Pause)
[2026-04-03T02:16:44.905+0600][56.167s][info][gc,task        ] GC(238) Using 10 workers of 10 for evacuation
[2026-04-03T02:16:44.911+0600][56.173s][info][gc,phases      ] GC(238)   Pre Evacuate Collection Set: 0.39ms
[2026-04-03T02:16:44.911+0600][56.173s][info][gc,phases      ] GC(238)   Merge Heap Roots: 0.18ms
[2026-04-03T02:16:44.911+0600][56.173s][info][gc,phases      ] GC(238)   Evacuate Collection Set: 4.36ms
[2026-04-03T02:16:44.911+0600][56.173s][info][gc,phases      ] GC(238)   Post Evacuate Collection Set: 0.90ms
[2026-04-03T02:16:44.911+0600][56.173s][info][gc,phases      ] GC(238)   Other: 0.13ms
[2026-04-03T02:16:44.911+0600][56.173s][info][gc,heap        ] GC(238) Eden regions: 216->0(289)
[2026-04-03T02:16:44.911+0600][56.173s][info][gc,heap        ] GC(238) Survivor regions: 9->8(37)
[2026-04-03T02:16:44.911+0600][56.173s][info][gc,heap        ] GC(238) Old regions: 86->85
[2026-04-03T02:16:44.911+0600][56.173s][info][gc,heap        ] GC(238) Humongous regions: 176->8
[2026-04-03T02:16:44.911+0600][56.173s][info][gc,metaspace   ] GC(238) Metaspace: 131589K(133056K)->131589K(133056K) NonClass: 115026K(115776K)->115026K(115776K) Class: 16562K(17280K)->16562K(17280K)
[2026-04-03T02:16:44.911+0600][56.173s][info][gc             ] GC(238) Pause Young (Mixed) (G1 Evacuation Pause) 484M->98M(495M) 6.258ms
[2026-04-03T02:16:44.912+0600][56.173s][info][gc,cpu         ] GC(238) User=0.04s Sys=0.02s Real=0.01s
[2026-04-03T02:16:44.925+0600][56.187s][info][gc,start       ] GC(239) Pause Young (Concurrent Start) (GCLocker Initiated GC)
[2026-04-03T02:16:44.925+0600][56.187s][info][gc,task        ] GC(239) Using 10 workers of 10 for evacuation
[2026-04-03T02:16:44.930+0600][56.192s][info][gc,phases      ] GC(239)   Pre Evacuate Collection Set: 0.54ms
[2026-04-03T02:16:44.930+0600][56.192s][info][gc,phases      ] GC(239)   Merge Heap Roots: 0.20ms
[2026-04-03T02:16:44.930+0600][56.192s][info][gc,phases      ] GC(239)   Evacuate Collection Set: 3.32ms
[2026-04-03T02:16:44.931+0600][56.192s][info][gc,phases      ] GC(239)   Post Evacuate Collection Set: 0.74ms
[2026-04-03T02:16:44.931+0600][56.192s][info][gc,phases      ] GC(239)   Other: 0.17ms
[2026-04-03T02:16:44.931+0600][56.192s][info][gc,heap        ] GC(239) Eden regions: 20->0(289)
[2026-04-03T02:16:44.931+0600][56.192s][info][gc,heap        ] GC(239) Survivor regions: 8->8(38)
[2026-04-03T02:16:44.931+0600][56.192s][info][gc,heap        ] GC(239) Old regions: 85->85
[2026-04-03T02:16:44.931+0600][56.192s][info][gc,heap        ] GC(239) Humongous regions: 8->8
[2026-04-03T02:16:44.931+0600][56.192s][info][gc,metaspace   ] GC(239) Metaspace: 131589K(133056K)->131589K(133056K) NonClass: 115026K(115776K)->115026K(115776K) Class: 16562K(17280K)->16562K(17280K)
[2026-04-03T02:16:44.931+0600][56.193s][info][gc             ] GC(239) Pause Young (Concurrent Start) (GCLocker Initiated GC) 118M->98M(495M) 5.305ms
[2026-04-03T02:16:44.931+0600][56.193s][info][gc             ] GC(240) Concurrent Mark Cycle
[2026-04-03T02:16:44.931+0600][56.193s][info][gc,cpu         ] GC(239) User=0.03s Sys=0.00s Real=0.01s
[2026-04-03T02:16:44.931+0600][56.193s][info][gc,marking     ] GC(240) Concurrent Scan Root Regions
[2026-04-03T02:16:44.934+0600][56.196s][info][gc,marking     ] GC(240) Concurrent Scan Root Regions 2.860ms
[2026-04-03T02:16:44.934+0600][56.196s][info][gc,marking     ] GC(240) Concurrent Mark
[2026-04-03T02:16:44.934+0600][56.196s][info][gc,marking     ] GC(240) Concurrent Mark From Roots
[2026-04-03T02:16:44.934+0600][56.196s][info][gc,task        ] GC(240) Using 3 workers of 3 for marking
[2026-04-03T02:16:45.011+0600][56.273s][info][gc,marking     ] GC(240) Concurrent Mark From Roots 76.930ms
[2026-04-03T02:16:45.011+0600][56.273s][info][gc,marking     ] GC(240) Concurrent Preclean
[2026-04-03T02:16:45.011+0600][56.273s][info][gc,marking     ] GC(240) Concurrent Preclean 0.397ms
[2026-04-03T02:16:45.011+0600][56.273s][info][gc,start       ] GC(240) Pause Remark
[2026-04-03T02:16:45.020+0600][56.282s][info][gc             ] GC(240) Pause Remark 169M->169M(477M) 8.283ms
[2026-04-03T02:16:45.020+0600][56.282s][info][gc,cpu         ] GC(240) User=0.06s Sys=0.00s Real=0.01s
[2026-04-03T02:16:45.020+0600][56.282s][info][gc,marking     ] GC(240) Concurrent Mark 86.336ms
[2026-04-03T02:16:45.020+0600][56.282s][info][gc,marking     ] GC(240) Concurrent Rebuild Remembered Sets and Scrub Regions
[2026-04-03T02:16:45.052+0600][56.314s][info][gc,marking     ] GC(240) Concurrent Rebuild Remembered Sets and Scrub Regions 32.051ms
[2026-04-03T02:16:45.053+0600][56.315s][info][gc,start       ] GC(240) Pause Cleanup
[2026-04-03T02:16:45.053+0600][56.315s][info][gc             ] GC(240) Pause Cleanup 188M->188M(477M) 0.462ms
[2026-04-03T02:16:45.053+0600][56.315s][info][gc,cpu         ] GC(240) User=0.00s Sys=0.00s Real=0.00s
[2026-04-03T02:16:45.054+0600][56.315s][info][gc,marking     ] GC(240) Concurrent Clear Claimed Marks
[2026-04-03T02:16:45.054+0600][56.316s][info][gc,marking     ] GC(240) Concurrent Clear Claimed Marks 0.510ms
[2026-04-03T02:16:45.054+0600][56.316s][info][gc,marking     ] GC(240) Concurrent Cleanup for Next Mark
[2026-04-03T02:16:45.055+0600][56.317s][info][gc,marking     ] GC(240) Concurrent Cleanup for Next Mark 1.258ms
[2026-04-03T02:16:45.056+0600][56.318s][info][gc             ] GC(240) Concurrent Mark Cycle 125.120ms
[2026-04-03T02:16:45.425+0600][56.687s][info][gc,start       ] GC(241) Pause Young (Prepare Mixed) (GCLocker Initiated GC)
[2026-04-03T02:16:45.425+0600][56.687s][info][gc,task        ] GC(241) Using 10 workers of 10 for evacuation
[2026-04-03T02:16:45.432+0600][56.694s][info][gc,phases      ] GC(241)   Pre Evacuate Collection Set: 0.60ms
[2026-04-03T02:16:45.432+0600][56.694s][info][gc,phases      ] GC(241)   Merge Heap Roots: 0.35ms
[2026-04-03T02:16:45.432+0600][56.694s][info][gc,phases      ] GC(241)   Evacuate Collection Set: 5.05ms
[2026-04-03T02:16:45.432+0600][56.694s][info][gc,phases      ] GC(241)   Post Evacuate Collection Set: 0.85ms
[2026-04-03T02:16:45.432+0600][56.694s][info][gc,phases      ] GC(241)   Other: 0.12ms
[2026-04-03T02:16:45.432+0600][56.694s][info][gc,heap        ] GC(241) Eden regions: 261->0(283)
[2026-04-03T02:16:45.432+0600][56.694s][info][gc,heap        ] GC(241) Survivor regions: 8->9(36)
[2026-04-03T02:16:45.432+0600][56.694s][info][gc,heap        ] GC(241) Old regions: 85->86
[2026-04-03T02:16:45.432+0600][56.694s][info][gc,heap        ] GC(241) Humongous regions: 123->8
[2026-04-03T02:16:45.432+0600][56.694s][info][gc,metaspace   ] GC(241) Metaspace: 131606K(133056K)->131606K(133056K) NonClass: 115043K(115776K)->115043K(115776K) Class: 16563K(17280K)->16563K(17280K)
[2026-04-03T02:16:45.432+0600][56.694s][info][gc             ] GC(241) Pause Young (Prepare Mixed) (GCLocker Initiated GC) 474M->100M(487M) 7.326ms
[2026-04-03T02:16:45.432+0600][56.694s][info][gc,cpu         ] GC(241) User=0.04s Sys=0.02s Real=0.01s
[2026-04-03T02:16:45.707+0600][56.969s][info][gc,start       ] GC(242) Pause Young (Mixed) (G1 Evacuation Pause)
[2026-04-03T02:16:45.707+0600][56.969s][info][gc,task        ] GC(242) Using 10 workers of 10 for evacuation
[2026-04-03T02:16:45.714+0600][56.976s][info][gc,phases      ] GC(242)   Pre Evacuate Collection Set: 0.41ms
[2026-04-03T02:16:45.714+0600][56.976s][info][gc,phases      ] GC(242)   Merge Heap Roots: 0.29ms
[2026-04-03T02:16:45.714+0600][56.976s][info][gc,phases      ] GC(242)   Evacuate Collection Set: 4.99ms
[2026-04-03T02:16:45.714+0600][56.976s][info][gc,phases      ] GC(242)   Post Evacuate Collection Set: 0.71ms
[2026-04-03T02:16:45.714+0600][56.976s][info][gc,phases      ] GC(242)   Other: 0.12ms
[2026-04-03T02:16:45.714+0600][56.976s][info][gc,heap        ] GC(242) Eden regions: 216->0(291)
[2026-04-03T02:16:45.714+0600][56.976s][info][gc,heap        ] GC(242) Survivor regions: 9->9(37)
[2026-04-03T02:16:45.714+0600][56.976s][info][gc,heap        ] GC(242) Old regions: 86->85
[2026-04-03T02:16:45.714+0600][56.976s][info][gc,heap        ] GC(242) Humongous regions: 180->8
[2026-04-03T02:16:45.714+0600][56.976s][info][gc,metaspace   ] GC(242) Metaspace: 131606K(133056K)->131606K(133056K) NonClass: 115043K(115776K)->115043K(115776K) Class: 16563K(17280K)->16563K(17280K)
[2026-04-03T02:16:45.714+0600][56.976s][info][gc             ] GC(242) Pause Young (Mixed) (G1 Evacuation Pause) 488M->99M(500M) 6.828ms
[2026-04-03T02:16:45.714+0600][56.976s][info][gc,cpu         ] GC(242) User=0.04s Sys=0.01s Real=0.01s
[2026-04-03T02:16:45.716+0600][56.978s][info][gc,start       ] GC(243) Pause Young (Concurrent Start) (G1 Humongous Allocation)
[2026-04-03T02:16:45.716+0600][56.978s][info][gc,task        ] GC(243) Using 10 workers of 10 for evacuation
[2026-04-03T02:16:45.720+0600][56.982s][info][gc,phases      ] GC(243)   Pre Evacuate Collection Set: 0.29ms
[2026-04-03T02:16:45.720+0600][56.982s][info][gc,phases      ] GC(243)   Merge Heap Roots: 0.12ms
[2026-04-03T02:16:45.720+0600][56.982s][info][gc,phases      ] GC(243)   Evacuate Collection Set: 3.02ms
[2026-04-03T02:16:45.720+0600][56.982s][info][gc,phases      ] GC(243)   Post Evacuate Collection Set: 0.71ms
[2026-04-03T02:16:45.720+0600][56.982s][info][gc,phases      ] GC(243)   Other: 0.12ms
[2026-04-03T02:16:45.720+0600][56.982s][info][gc,heap        ] GC(243) Eden regions: 5->0(254)
[2026-04-03T02:16:45.720+0600][56.982s][info][gc,heap        ] GC(243) Survivor regions: 9->9(38)
[2026-04-03T02:16:45.720+0600][56.982s][info][gc,heap        ] GC(243) Old regions: 85->85
[2026-04-03T02:16:45.720+0600][56.982s][info][gc,heap        ] GC(243) Humongous regions: 8->8
[2026-04-03T02:16:45.720+0600][56.982s][info][gc,metaspace   ] GC(243) Metaspace: 131606K(133056K)->131606K(133056K) NonClass: 115043K(115776K)->115043K(115776K) Class: 16563K(17280K)->16563K(17280K)
[2026-04-03T02:16:45.721+0600][56.982s][info][gc             ] GC(243) Pause Young (Concurrent Start) (G1 Humongous Allocation) 103M->99M(500M) 4.621ms
[2026-04-03T02:16:45.721+0600][56.982s][info][gc             ] GC(244) Concurrent Mark Cycle
[2026-04-03T02:16:45.721+0600][56.983s][info][gc,marking     ] GC(244) Concurrent Scan Root Regions
[2026-04-03T02:16:45.721+0600][56.983s][info][gc,cpu         ] GC(243) User=0.04s Sys=0.00s Real=0.01s
[2026-04-03T02:16:45.724+0600][56.986s][info][gc,marking     ] GC(244) Concurrent Scan Root Regions 3.172ms
[2026-04-03T02:16:45.724+0600][56.986s][info][gc,marking     ] GC(244) Concurrent Mark
[2026-04-03T02:16:45.724+0600][56.986s][info][gc,marking     ] GC(244) Concurrent Mark From Roots
[2026-04-03T02:16:45.724+0600][56.986s][info][gc,task        ] GC(244) Using 3 workers of 3 for marking
[2026-04-03T02:16:45.802+0600][57.064s][info][gc,marking     ] GC(244) Concurrent Mark From Roots 77.954ms
[2026-04-03T02:16:45.802+0600][57.064s][info][gc,marking     ] GC(244) Concurrent Preclean
[2026-04-03T02:16:45.803+0600][57.064s][info][gc,marking     ] GC(244) Concurrent Preclean 0.527ms
[2026-04-03T02:16:45.803+0600][57.065s][info][gc,start       ] GC(244) Pause Remark
[2026-04-03T02:16:45.812+0600][57.074s][info][gc             ] GC(244) Pause Remark 186M->186M(467M) 8.807ms
[2026-04-03T02:16:45.812+0600][57.074s][info][gc,cpu         ] GC(244) User=0.06s Sys=0.00s Real=0.01s
[2026-04-03T02:16:45.815+0600][57.077s][info][gc,marking     ] GC(244) Concurrent Mark 90.967ms
[2026-04-03T02:16:45.815+0600][57.077s][info][gc,marking     ] GC(244) Concurrent Rebuild Remembered Sets and Scrub Regions
[2026-04-03T02:16:45.849+0600][57.111s][info][gc,marking     ] GC(244) Concurrent Rebuild Remembered Sets and Scrub Regions 33.715ms
[2026-04-03T02:16:45.849+0600][57.111s][info][gc,start       ] GC(244) Pause Cleanup
[2026-04-03T02:16:45.849+0600][57.111s][info][gc             ] GC(244) Pause Cleanup 226M->226M(467M) 0.357ms
[2026-04-03T02:16:45.850+0600][57.111s][info][gc,cpu         ] GC(244) User=0.00s Sys=0.00s Real=0.00s
[2026-04-03T02:16:45.850+0600][57.112s][info][gc,marking     ] GC(244) Concurrent Clear Claimed Marks
[2026-04-03T02:16:45.850+0600][57.112s][info][gc,marking     ] GC(244) Concurrent Clear Claimed Marks 0.420ms
[2026-04-03T02:16:45.850+0600][57.112s][info][gc,marking     ] GC(244) Concurrent Cleanup for Next Mark
[2026-04-03T02:16:45.851+0600][57.113s][info][gc,marking     ] GC(244) Concurrent Cleanup for Next Mark 1.251ms
[2026-04-03T02:16:45.852+0600][57.113s][info][gc             ] GC(244) Concurrent Mark Cycle 130.944ms
[2026-04-03T02:16:46.017+0600][57.279s][info][gc,start       ] GC(245) Pause Young (Prepare Mixed) (G1 Evacuation Pause)
[2026-04-03T02:16:46.017+0600][57.279s][info][gc,task        ] GC(245) Using 10 workers of 10 for evacuation
[2026-04-03T02:16:46.023+0600][57.285s][info][gc,phases      ] GC(245)   Pre Evacuate Collection Set: 0.35ms
[2026-04-03T02:16:46.023+0600][57.285s][info][gc,phases      ] GC(245)   Merge Heap Roots: 0.19ms
[2026-04-03T02:16:46.023+0600][57.285s][info][gc,phases      ] GC(245)   Evacuate Collection Set: 4.28ms
[2026-04-03T02:16:46.023+0600][57.285s][info][gc,phases      ] GC(245)   Post Evacuate Collection Set: 0.72ms
[2026-04-03T02:16:46.023+0600][57.285s][info][gc,phases      ] GC(245)   Other: 0.10ms
[2026-04-03T02:16:46.023+0600][57.285s][info][gc,heap        ] GC(245) Eden regions: 212->0(266)
[2026-04-03T02:16:46.023+0600][57.285s][info][gc,heap        ] GC(245) Survivor regions: 9->9(33)
[2026-04-03T02:16:46.023+0600][57.285s][info][gc,heap        ] GC(245) Old regions: 85->86
[2026-04-03T02:16:46.023+0600][57.285s][info][gc,heap        ] GC(245) Humongous regions: 172->8
[2026-04-03T02:16:46.023+0600][57.285s][info][gc,metaspace   ] GC(245) Metaspace: 131606K(133056K)->131606K(133056K) NonClass: 115043K(115776K)->115043K(115776K) Class: 16563K(17280K)->16563K(17280K)
[2026-04-03T02:16:46.023+0600][57.285s][info][gc             ] GC(245) Pause Young (Prepare Mixed) (G1 Evacuation Pause) 475M->99M(488M) 5.931ms
[2026-04-03T02:16:46.023+0600][57.285s][info][gc,cpu         ] GC(245) User=0.04s Sys=0.01s Real=0.01s
[2026-04-03T02:16:46.370+0600][57.632s][info][gc,start       ] GC(246) Pause Young (Mixed) (G1 Evacuation Pause)
[2026-04-03T02:16:46.370+0600][57.632s][info][gc,task        ] GC(246) Using 10 workers of 10 for evacuation
[2026-04-03T02:16:46.378+0600][57.640s][info][gc,phases      ] GC(246)   Pre Evacuate Collection Set: 0.66ms
[2026-04-03T02:16:46.378+0600][57.640s][info][gc,phases      ] GC(246)   Merge Heap Roots: 0.31ms
[2026-04-03T02:16:46.378+0600][57.640s][info][gc,phases      ] GC(246)   Evacuate Collection Set: 5.43ms
[2026-04-03T02:16:46.378+0600][57.640s][info][gc,phases      ] GC(246)   Post Evacuate Collection Set: 0.94ms
[2026-04-03T02:16:46.378+0600][57.640s][info][gc,phases      ] GC(246)   Other: 0.15ms
[2026-04-03T02:16:46.378+0600][57.640s][info][gc,heap        ] GC(246) Eden regions: 260->0(288)
[2026-04-03T02:16:46.378+0600][57.640s][info][gc,heap        ] GC(246) Survivor regions: 9->10(35)
[2026-04-03T02:16:46.378+0600][57.640s][info][gc,heap        ] GC(246) Old regions: 86->86
[2026-04-03T02:16:46.378+0600][57.640s][info][gc,heap        ] GC(246) Humongous regions: 133->8
[2026-04-03T02:16:46.378+0600][57.640s][info][gc,metaspace   ] GC(246) Metaspace: 131612K(133056K)->131612K(133056K) NonClass: 115048K(115776K)->115048K(115776K) Class: 16563K(17280K)->16563K(17280K)
[2026-04-03T02:16:46.378+0600][57.640s][info][gc             ] GC(246) Pause Young (Mixed) (G1 Evacuation Pause) 484M->101M(499M) 7.808ms
[2026-04-03T02:16:46.378+0600][57.640s][info][gc,cpu         ] GC(246) User=0.04s Sys=0.01s Real=0.00s
[2026-04-03T02:16:46.393+0600][57.655s][info][gc,start       ] GC(247) Pause Young (Concurrent Start) (G1 Humongous Allocation)
[2026-04-03T02:16:46.393+0600][57.655s][info][gc,task        ] GC(247) Using 10 workers of 10 for evacuation
[2026-04-03T02:16:46.398+0600][57.660s][info][gc,phases      ] GC(247)   Pre Evacuate Collection Set: 0.45ms
[2026-04-03T02:16:46.398+0600][57.660s][info][gc,phases      ] GC(247)   Merge Heap Roots: 0.15ms
[2026-04-03T02:16:46.398+0600][57.660s][info][gc,phases      ] GC(247)   Evacuate Collection Set: 3.04ms
[2026-04-03T02:16:46.398+0600][57.660s][info][gc,phases      ] GC(247)   Post Evacuate Collection Set: 0.64ms
[2026-04-03T02:16:46.398+0600][57.660s][info][gc,phases      ] GC(247)   Other: 0.26ms
[2026-04-03T02:16:46.398+0600][57.660s][info][gc,heap        ] GC(247) Eden regions: 22->0(289)
[2026-04-03T02:16:46.398+0600][57.660s][info][gc,heap        ] GC(247) Survivor regions: 10->10(38)
[2026-04-03T02:16:46.398+0600][57.660s][info][gc,heap        ] GC(247) Old regions: 86->86
[2026-04-03T02:16:46.398+0600][57.660s][info][gc,heap        ] GC(247) Humongous regions: 8->8
[2026-04-03T02:16:46.398+0600][57.660s][info][gc,metaspace   ] GC(247) Metaspace: 131612K(133056K)->131612K(133056K) NonClass: 115048K(115776K)->115048K(115776K) Class: 16563K(17280K)->16563K(17280K)
[2026-04-03T02:16:46.398+0600][57.660s][info][gc             ] GC(247) Pause Young (Concurrent Start) (G1 Humongous Allocation) 122M->101M(499M) 4.808ms
[2026-04-03T02:16:46.398+0600][57.660s][info][gc             ] GC(248) Concurrent Mark Cycle
[2026-04-03T02:16:46.398+0600][57.660s][info][gc,cpu         ] GC(247) User=0.03s Sys=0.00s Real=0.00s
[2026-04-03T02:16:46.398+0600][57.660s][info][gc,marking     ] GC(248) Concurrent Scan Root Regions
[2026-04-03T02:16:46.402+0600][57.663s][info][gc,marking     ] GC(248) Concurrent Scan Root Regions 3.214ms
[2026-04-03T02:16:46.402+0600][57.663s][info][gc,marking     ] GC(248) Concurrent Mark
[2026-04-03T02:16:46.402+0600][57.663s][info][gc,marking     ] GC(248) Concurrent Mark From Roots
[2026-04-03T02:16:46.402+0600][57.664s][info][gc,task        ] GC(248) Using 3 workers of 3 for marking
[2026-04-03T02:16:46.488+0600][57.750s][info][gc,marking     ] GC(248) Concurrent Mark From Roots 86.624ms
[2026-04-03T02:16:46.488+0600][57.750s][info][gc,marking     ] GC(248) Concurrent Preclean
[2026-04-03T02:16:46.489+0600][57.750s][info][gc,marking     ] GC(248) Concurrent Preclean 0.261ms
[2026-04-03T02:16:46.489+0600][57.751s][info][gc,start       ] GC(248) Pause Remark
[2026-04-03T02:16:46.498+0600][57.760s][info][gc             ] GC(248) Pause Remark 211M->211M(417M) 9.001ms
[2026-04-03T02:16:46.498+0600][57.760s][info][gc,cpu         ] GC(248) User=0.06s Sys=0.00s Real=0.01s
[2026-04-03T02:16:46.498+0600][57.760s][info][gc,marking     ] GC(248) Concurrent Mark 96.686ms
[2026-04-03T02:16:46.498+0600][57.760s][info][gc,marking     ] GC(248) Concurrent Rebuild Remembered Sets and Scrub Regions
[2026-04-03T02:16:46.535+0600][57.796s][info][gc,marking     ] GC(248) Concurrent Rebuild Remembered Sets and Scrub Regions 36.169ms
[2026-04-03T02:16:46.535+0600][57.797s][info][gc,start       ] GC(248) Pause Cleanup
[2026-04-03T02:16:46.535+0600][57.797s][info][gc             ] GC(248) Pause Cleanup 259M->259M(417M) 0.341ms
[2026-04-03T02:16:46.535+0600][57.797s][info][gc,cpu         ] GC(248) User=0.00s Sys=0.00s Real=0.00s
[2026-04-03T02:16:46.536+0600][57.797s][info][gc,marking     ] GC(248) Concurrent Clear Claimed Marks
[2026-04-03T02:16:46.536+0600][57.798s][info][gc,marking     ] GC(248) Concurrent Clear Claimed Marks 0.394ms
[2026-04-03T02:16:46.536+0600][57.798s][info][gc,marking     ] GC(248) Concurrent Cleanup for Next Mark
[2026-04-03T02:16:46.537+0600][57.799s][info][gc,marking     ] GC(248) Concurrent Cleanup for Next Mark 0.714ms
[2026-04-03T02:16:46.537+0600][57.799s][info][gc             ] GC(248) Concurrent Mark Cycle 138.491ms
[2026-04-03T02:16:46.678+0600][57.940s][info][gc,start       ] GC(249) Pause Young (Prepare Mixed) (G1 Evacuation Pause)
[2026-04-03T02:16:46.678+0600][57.940s][info][gc,task        ] GC(249) Using 10 workers of 10 for evacuation
[2026-04-03T02:16:46.683+0600][57.945s][info][gc,phases      ] GC(249)   Pre Evacuate Collection Set: 0.33ms
[2026-04-03T02:16:46.683+0600][57.945s][info][gc,phases      ] GC(249)   Merge Heap Roots: 0.15ms
[2026-04-03T02:16:46.683+0600][57.945s][info][gc,phases      ] GC(249)   Evacuate Collection Set: 3.64ms
[2026-04-03T02:16:46.683+0600][57.945s][info][gc,phases      ] GC(249)   Post Evacuate Collection Set: 0.73ms
[2026-04-03T02:16:46.683+0600][57.945s][info][gc,phases      ] GC(249)   Other: 0.10ms
[2026-04-03T02:16:46.683+0600][57.945s][info][gc,heap        ] GC(249) Eden regions: 174->0(309)
[2026-04-03T02:16:46.683+0600][57.945s][info][gc,heap        ] GC(249) Survivor regions: 10->10(35)
[2026-04-03T02:16:46.683+0600][57.945s][info][gc,heap        ] GC(249) Old regions: 86->87
[2026-04-03T02:16:46.683+0600][57.945s][info][gc,heap        ] GC(249) Humongous regions: 252->23
[2026-04-03T02:16:46.683+0600][57.945s][info][gc,metaspace   ] GC(249) Metaspace: 131615K(133056K)->131615K(133056K) NonClass: 115052K(115776K)->115052K(115776K) Class: 16563K(17280K)->16563K(17280K)
[2026-04-03T02:16:46.683+0600][57.945s][info][gc             ] GC(249) Pause Young (Prepare Mixed) (G1 Evacuation Pause) 519M->116M(533M) 5.219ms
[2026-04-03T02:16:46.683+0600][57.945s][info][gc,cpu         ] GC(249) User=0.02s Sys=0.02s Real=0.01s
[2026-04-03T02:16:46.790+0600][58.052s][info][gc,start       ] GC(250) Pause Young (Mixed) (G1 Evacuation Pause)
[2026-04-03T02:16:46.790+0600][58.052s][info][gc,task        ] GC(250) Using 10 workers of 10 for evacuation
[2026-04-03T02:16:46.794+0600][58.056s][info][gc,phases      ] GC(250)   Pre Evacuate Collection Set: 0.39ms
[2026-04-03T02:16:46.794+0600][58.056s][info][gc,phases      ] GC(250)   Merge Heap Roots: 0.15ms
[2026-04-03T02:16:46.794+0600][58.056s][info][gc,phases      ] GC(250)   Evacuate Collection Set: 2.51ms
[2026-04-03T02:16:46.794+0600][58.056s][info][gc,phases      ] GC(250)   Post Evacuate Collection Set: 0.75ms
[2026-04-03T02:16:46.794+0600][58.056s][info][gc,phases      ] GC(250)   Other: 0.08ms
[2026-04-03T02:16:46.794+0600][58.056s][info][gc,heap        ] GC(250) Eden regions: 69->0(394)
[2026-04-03T02:16:46.794+0600][58.056s][info][gc,heap        ] GC(250) Survivor regions: 10->6(40)
[2026-04-03T02:16:46.794+0600][58.056s][info][gc,heap        ] GC(250) Old regions: 87->86
[2026-04-03T02:16:46.794+0600][58.056s][info][gc,heap        ] GC(250) Humongous regions: 494->13
[2026-04-03T02:16:46.794+0600][58.056s][info][gc,metaspace   ] GC(250) Metaspace: 131622K(133056K)->131622K(133056K) NonClass: 115059K(115776K)->115059K(115776K) Class: 16563K(17280K)->16563K(17280K)
[2026-04-03T02:16:46.794+0600][58.056s][info][gc             ] GC(250) Pause Young (Mixed) (G1 Evacuation Pause) 656M->102M(667M) 4.124ms
[2026-04-03T02:16:46.794+0600][58.056s][info][gc,cpu         ] GC(250) User=0.02s Sys=0.00s Real=0.00s
[2026-04-03T02:16:46.795+0600][58.057s][info][gc,start       ] GC(251) Pause Young (Concurrent Start) (G1 Humongous Allocation)
[2026-04-03T02:16:46.795+0600][58.057s][info][gc,task        ] GC(251) Using 10 workers of 10 for evacuation
[2026-04-03T02:16:46.797+0600][58.059s][info][gc,phases      ] GC(251)   Pre Evacuate Collection Set: 0.28ms
[2026-04-03T02:16:46.797+0600][58.059s][info][gc,phases      ] GC(251)   Merge Heap Roots: 0.06ms
[2026-04-03T02:16:46.797+0600][58.059s][info][gc,phases      ] GC(251)   Evacuate Collection Set: 1.36ms
[2026-04-03T02:16:46.797+0600][58.059s][info][gc,phases      ] GC(251)   Post Evacuate Collection Set: 0.38ms
[2026-04-03T02:16:46.797+0600][58.059s][info][gc,phases      ] GC(251)   Other: 0.08ms
[2026-04-03T02:16:46.797+0600][58.059s][info][gc,heap        ] GC(251) Eden regions: 1->0(394)
[2026-04-03T02:16:46.797+0600][58.059s][info][gc,heap        ] GC(251) Survivor regions: 6->6(50)
[2026-04-03T02:16:46.797+0600][58.059s][info][gc,heap        ] GC(251) Old regions: 86->86
[2026-04-03T02:16:46.797+0600][58.059s][info][gc,heap        ] GC(251) Humongous regions: 13->8
[2026-04-03T02:16:46.797+0600][58.059s][info][gc,metaspace   ] GC(251) Metaspace: 131622K(133056K)->131622K(133056K) NonClass: 115059K(115776K)->115059K(115776K) Class: 16563K(17280K)->16563K(17280K)
[2026-04-03T02:16:46.797+0600][58.059s][info][gc             ] GC(251) Pause Young (Concurrent Start) (G1 Humongous Allocation) 103M->97M(667M) 2.345ms
[2026-04-03T02:16:46.797+0600][58.059s][info][gc             ] GC(252) Concurrent Mark Cycle
[2026-04-03T02:16:46.797+0600][58.059s][info][gc,marking     ] GC(252) Concurrent Scan Root Regions
[2026-04-03T02:16:46.797+0600][58.059s][info][gc,cpu         ] GC(251) User=0.02s Sys=0.01s Real=0.00s
[2026-04-03T02:16:46.799+0600][58.061s][info][gc,marking     ] GC(252) Concurrent Scan Root Regions 1.593ms
[2026-04-03T02:16:46.799+0600][58.061s][info][gc,marking     ] GC(252) Concurrent Mark
[2026-04-03T02:16:46.799+0600][58.061s][info][gc,marking     ] GC(252) Concurrent Mark From Roots
[2026-04-03T02:16:46.799+0600][58.061s][info][gc,task        ] GC(252) Using 3 workers of 3 for marking
[2026-04-03T02:16:46.867+0600][58.129s][info][gc,marking     ] GC(252) Concurrent Mark From Roots 68.312ms
[2026-04-03T02:16:46.867+0600][58.129s][info][gc,marking     ] GC(252) Concurrent Preclean
[2026-04-03T02:16:46.868+0600][58.129s][info][gc,marking     ] GC(252) Concurrent Preclean 0.380ms
[2026-04-03T02:16:46.868+0600][58.130s][info][gc,start       ] GC(252) Pause Remark
[2026-04-03T02:16:46.876+0600][58.138s][info][gc             ] GC(252) Pause Remark 208M->208M(524M) 8.056ms
[2026-04-03T02:16:46.876+0600][58.138s][info][gc,cpu         ] GC(252) User=0.05s Sys=0.00s Real=0.01s
[2026-04-03T02:16:46.876+0600][58.138s][info][gc,marking     ] GC(252) Concurrent Mark 77.593ms
[2026-04-03T02:16:46.876+0600][58.138s][info][gc,marking     ] GC(252) Concurrent Rebuild Remembered Sets and Scrub Regions
[2026-04-03T02:16:46.902+0600][58.164s][info][gc,marking     ] GC(252) Concurrent Rebuild Remembered Sets and Scrub Regions 25.815ms
[2026-04-03T02:16:46.903+0600][58.165s][info][gc,start       ] GC(252) Pause Cleanup
[2026-04-03T02:16:46.903+0600][58.165s][info][gc             ] GC(252) Pause Cleanup 219M->219M(524M) 0.325ms
[2026-04-03T02:16:46.903+0600][58.165s][info][gc,cpu         ] GC(252) User=0.00s Sys=0.00s Real=0.00s
[2026-04-03T02:16:46.903+0600][58.165s][info][gc,marking     ] GC(252) Concurrent Clear Claimed Marks
[2026-04-03T02:16:46.903+0600][58.165s][info][gc,marking     ] GC(252) Concurrent Clear Claimed Marks 0.308ms
[2026-04-03T02:16:46.903+0600][58.165s][info][gc,marking     ] GC(252) Concurrent Cleanup for Next Mark
[2026-04-03T02:16:46.904+0600][58.166s][info][gc,marking     ] GC(252) Concurrent Cleanup for Next Mark 0.948ms
[2026-04-03T02:16:46.904+0600][58.166s][info][gc             ] GC(252) Concurrent Mark Cycle 107.342ms
[2026-04-03T02:16:47.339+0600][58.600s][info][gc,start       ] GC(253) Pause Young (Prepare Mixed) (G1 Evacuation Pause)
[2026-04-03T02:16:47.339+0600][58.601s][info][gc,task        ] GC(253) Using 10 workers of 10 for evacuation
[2026-04-03T02:16:47.344+0600][58.605s][info][gc,phases      ] GC(253)   Pre Evacuate Collection Set: 0.39ms
[2026-04-03T02:16:47.344+0600][58.606s][info][gc,phases      ] GC(253)   Merge Heap Roots: 0.20ms
[2026-04-03T02:16:47.344+0600][58.606s][info][gc,phases      ] GC(253)   Evacuate Collection Set: 3.66ms
[2026-04-03T02:16:47.344+0600][58.606s][info][gc,phases      ] GC(253)   Post Evacuate Collection Set: 0.57ms
[2026-04-03T02:16:47.344+0600][58.606s][info][gc,phases      ] GC(253)   Other: 0.11ms
[2026-04-03T02:16:47.344+0600][58.606s][info][gc,heap        ] GC(253) Eden regions: 275->0(316)
[2026-04-03T02:16:47.344+0600][58.606s][info][gc,heap        ] GC(253) Survivor regions: 6->7(40)
[2026-04-03T02:16:47.344+0600][58.606s][info][gc,heap        ] GC(253) Old regions: 86->87
[2026-04-03T02:16:47.344+0600][58.606s][info][gc,heap        ] GC(253) Humongous regions: 164->8
[2026-04-03T02:16:47.344+0600][58.606s][info][gc,metaspace   ] GC(253) Metaspace: 131647K(133120K)->131647K(133120K) NonClass: 115083K(115840K)->115083K(115840K) Class: 16564K(17280K)->16564K(17280K)
[2026-04-03T02:16:47.344+0600][58.606s][info][gc             ] GC(253) Pause Young (Prepare Mixed) (G1 Evacuation Pause) 528M->98M(539M) 5.204ms
[2026-04-03T02:16:47.344+0600][58.606s][info][gc,cpu         ] GC(253) User=0.03s Sys=0.00s Real=0.01s
[2026-04-03T02:16:47.635+0600][58.897s][info][gc,start       ] GC(254) Pause Young (Mixed) (GCLocker Initiated GC)
[2026-04-03T02:16:47.635+0600][58.897s][info][gc,task        ] GC(254) Using 10 workers of 10 for evacuation
[2026-04-03T02:16:47.641+0600][58.903s][info][gc,phases      ] GC(254)   Pre Evacuate Collection Set: 0.36ms
[2026-04-03T02:16:47.641+0600][58.903s][info][gc,phases      ] GC(254)   Merge Heap Roots: 0.22ms
[2026-04-03T02:16:47.641+0600][58.903s][info][gc,phases      ] GC(254)   Evacuate Collection Set: 4.78ms
[2026-04-03T02:16:47.641+0600][58.903s][info][gc,phases      ] GC(254)   Post Evacuate Collection Set: 0.68ms
[2026-04-03T02:16:47.641+0600][58.903s][info][gc,phases      ] GC(254)   Other: 0.12ms
[2026-04-03T02:16:47.641+0600][58.903s][info][gc,heap        ] GC(254) Eden regions: 248->0(324)
[2026-04-03T02:16:47.641+0600][58.903s][info][gc,heap        ] GC(254) Survivor regions: 7->9(41)
[2026-04-03T02:16:47.641+0600][58.903s][info][gc,heap        ] GC(254) Old regions: 87->86
[2026-04-03T02:16:47.641+0600][58.903s][info][gc,heap        ] GC(254) Humongous regions: 203->8
[2026-04-03T02:16:47.641+0600][58.903s][info][gc,metaspace   ] GC(254) Metaspace: 131649K(133120K)->131649K(133120K) NonClass: 115085K(115840K)->115085K(115840K) Class: 16564K(17280K)->16564K(17280K)
[2026-04-03T02:16:47.641+0600][58.903s][info][gc             ] GC(254) Pause Young (Mixed) (GCLocker Initiated GC) 541M->100M(555M) 6.481ms
[2026-04-03T02:16:47.641+0600][58.903s][info][gc,cpu         ] GC(254) User=0.03s Sys=0.02s Real=0.01s
[2026-04-03T02:16:47.644+0600][58.906s][info][gc,start       ] GC(255) Pause Young (Concurrent Start) (G1 Humongous Allocation)
[2026-04-03T02:16:47.644+0600][58.906s][info][gc,task        ] GC(255) Using 10 workers of 10 for evacuation
[2026-04-03T02:16:47.648+0600][58.910s][info][gc,phases      ] GC(255)   Pre Evacuate Collection Set: 0.30ms
[2026-04-03T02:16:47.648+0600][58.910s][info][gc,phases      ] GC(255)   Merge Heap Roots: 0.10ms
[2026-04-03T02:16:47.648+0600][58.910s][info][gc,phases      ] GC(255)   Evacuate Collection Set: 2.73ms
[2026-04-03T02:16:47.648+0600][58.910s][info][gc,phases      ] GC(255)   Post Evacuate Collection Set: 0.52ms
[2026-04-03T02:16:47.648+0600][58.910s][info][gc,phases      ] GC(255)   Other: 0.10ms
[2026-04-03T02:16:47.648+0600][58.910s][info][gc,heap        ] GC(255) Eden regions: 6->0(307)
[2026-04-03T02:16:47.648+0600][58.910s][info][gc,heap        ] GC(255) Survivor regions: 9->8(42)
[2026-04-03T02:16:47.648+0600][58.910s][info][gc,heap        ] GC(255) Old regions: 86->86
[2026-04-03T02:16:47.648+0600][58.910s][info][gc,heap        ] GC(255) Humongous regions: 8->8
[2026-04-03T02:16:47.648+0600][58.910s][info][gc,metaspace   ] GC(255) Metaspace: 131649K(133120K)->131649K(133120K) NonClass: 115085K(115840K)->115085K(115840K) Class: 16564K(17280K)->16564K(17280K)
[2026-04-03T02:16:47.648+0600][58.910s][info][gc             ] GC(255) Pause Young (Concurrent Start) (G1 Humongous Allocation) 105M->99M(555M) 4.032ms
[2026-04-03T02:16:47.648+0600][58.910s][info][gc             ] GC(256) Concurrent Mark Cycle
[2026-04-03T02:16:47.649+0600][58.910s][info][gc,marking     ] GC(256) Concurrent Scan Root Regions
[2026-04-03T02:16:47.649+0600][58.910s][info][gc,cpu         ] GC(255) User=0.03s Sys=0.00s Real=0.00s
[2026-04-03T02:16:47.650+0600][58.912s][info][gc,marking     ] GC(256) Concurrent Scan Root Regions 1.707ms
[2026-04-03T02:16:47.650+0600][58.912s][info][gc,marking     ] GC(256) Concurrent Mark
[2026-04-03T02:16:47.650+0600][58.912s][info][gc,marking     ] GC(256) Concurrent Mark From Roots
[2026-04-03T02:16:47.650+0600][58.912s][info][gc,task        ] GC(256) Using 3 workers of 3 for marking
[2026-04-03T02:16:47.727+0600][58.989s][info][gc,marking     ] GC(256) Concurrent Mark From Roots 76.568ms
[2026-04-03T02:16:47.727+0600][58.989s][info][gc,marking     ] GC(256) Concurrent Preclean
[2026-04-03T02:16:47.728+0600][58.989s][info][gc,marking     ] GC(256) Concurrent Preclean 0.613ms
[2026-04-03T02:16:47.728+0600][58.990s][info][gc,start       ] GC(256) Pause Remark
[2026-04-03T02:16:47.737+0600][58.999s][info][gc             ] GC(256) Pause Remark 182M->182M(460M) 9.431ms
[2026-04-03T02:16:47.738+0600][58.999s][info][gc,cpu         ] GC(256) User=0.06s Sys=0.00s Real=0.01s
[2026-04-03T02:16:47.738+0600][59.000s][info][gc,marking     ] GC(256) Concurrent Mark 87.402ms
[2026-04-03T02:16:47.738+0600][59.000s][info][gc,marking     ] GC(256) Concurrent Rebuild Remembered Sets and Scrub Regions
[2026-04-03T02:16:47.768+0600][59.030s][info][gc,marking     ] GC(256) Concurrent Rebuild Remembered Sets and Scrub Regions 30.732ms
[2026-04-03T02:16:47.769+0600][59.031s][info][gc,start       ] GC(256) Pause Cleanup
[2026-04-03T02:16:47.769+0600][59.031s][info][gc             ] GC(256) Pause Cleanup 219M->219M(460M) 0.309ms
[2026-04-03T02:16:47.769+0600][59.031s][info][gc,cpu         ] GC(256) User=0.00s Sys=0.00s Real=0.00s
[2026-04-03T02:16:47.769+0600][59.031s][info][gc,marking     ] GC(256) Concurrent Clear Claimed Marks
[2026-04-03T02:16:47.770+0600][59.031s][info][gc,marking     ] GC(256) Concurrent Clear Claimed Marks 0.310ms
[2026-04-03T02:16:47.770+0600][59.031s][info][gc,marking     ] GC(256) Concurrent Cleanup for Next Mark
[2026-04-03T02:16:47.770+0600][59.032s][info][gc,marking     ] GC(256) Concurrent Cleanup for Next Mark 0.823ms
[2026-04-03T02:16:47.771+0600][59.032s][info][gc             ] GC(256) Concurrent Mark Cycle 122.095ms
[2026-04-03T02:16:47.932+0600][59.194s][info][gc,start       ] GC(257) Pause Young (Prepare Mixed) (G1 Evacuation Pause)
[2026-04-03T02:16:47.932+0600][59.194s][info][gc,task        ] GC(257) Using 10 workers of 10 for evacuation
[2026-04-03T02:16:47.938+0600][59.200s][info][gc,phases      ] GC(257)   Pre Evacuate Collection Set: 0.40ms
[2026-04-03T02:16:47.938+0600][59.200s][info][gc,phases      ] GC(257)   Merge Heap Roots: 0.17ms
[2026-04-03T02:16:47.938+0600][59.200s][info][gc,phases      ] GC(257)   Evacuate Collection Set: 4.09ms
[2026-04-03T02:16:47.938+0600][59.200s][info][gc,phases      ] GC(257)   Post Evacuate Collection Set: 0.75ms
[2026-04-03T02:16:47.938+0600][59.200s][info][gc,phases      ] GC(257)   Other: 0.10ms
[2026-04-03T02:16:47.938+0600][59.200s][info][gc,heap        ] GC(257) Eden regions: 205->0(273)
[2026-04-03T02:16:47.938+0600][59.200s][info][gc,heap        ] GC(257) Survivor regions: 8->7(35)
[2026-04-03T02:16:47.938+0600][59.200s][info][gc,heap        ] GC(257) Old regions: 86->87
[2026-04-03T02:16:47.938+0600][59.200s][info][gc,heap        ] GC(257) Humongous regions: 170->8
[2026-04-03T02:16:47.938+0600][59.200s][info][gc,metaspace   ] GC(257) Metaspace: 131649K(133120K)->131649K(133120K) NonClass: 115085K(115840K)->115085K(115840K) Class: 16564K(17280K)->16564K(17280K)
[2026-04-03T02:16:47.938+0600][59.200s][info][gc             ] GC(257) Pause Young (Prepare Mixed) (G1 Evacuation Pause) 466M->99M(477M) 5.958ms
[2026-04-03T02:16:47.938+0600][59.200s][info][gc,cpu         ] GC(257) User=0.04s Sys=0.00s Real=0.00s
[2026-04-03T02:16:48.407+0600][59.669s][info][gc,start       ] GC(258) Pause Young (Mixed) (G1 Evacuation Pause)
[2026-04-03T02:16:48.407+0600][59.669s][info][gc,task        ] GC(258) Using 10 workers of 10 for evacuation
[2026-04-03T02:16:48.412+0600][59.674s][info][gc,phases      ] GC(258)   Pre Evacuate Collection Set: 0.36ms
[2026-04-03T02:16:48.412+0600][59.674s][info][gc,phases      ] GC(258)   Merge Heap Roots: 0.25ms
[2026-04-03T02:16:48.412+0600][59.674s][info][gc,phases      ] GC(258)   Evacuate Collection Set: 3.89ms
[2026-04-03T02:16:48.412+0600][59.674s][info][gc,phases      ] GC(258)   Post Evacuate Collection Set: 0.74ms
[2026-04-03T02:16:48.412+0600][59.674s][info][gc,phases      ] GC(258)   Other: 0.10ms
[2026-04-03T02:16:48.412+0600][59.674s][info][gc,heap        ] GC(258) Eden regions: 267->0(287)
[2026-04-03T02:16:48.412+0600][59.674s][info][gc,heap        ] GC(258) Survivor regions: 7->7(35)
[2026-04-03T02:16:48.412+0600][59.674s][info][gc,heap        ] GC(258) Old regions: 87->85
[2026-04-03T02:16:48.412+0600][59.674s][info][gc,heap        ] GC(258) Humongous regions: 123->8
[2026-04-03T02:16:48.412+0600][59.674s][info][gc,metaspace   ] GC(258) Metaspace: 131672K(133184K)->131672K(133184K) NonClass: 115108K(115904K)->115108K(115904K) Class: 16564K(17280K)->16564K(17280K)
[2026-04-03T02:16:48.412+0600][59.674s][info][gc             ] GC(258) Pause Young (Mixed) (G1 Evacuation Pause) 481M->98M(491M) 5.578ms
[2026-04-03T02:16:48.413+0600][59.674s][info][gc,cpu         ] GC(258) User=0.04s Sys=0.01s Real=0.01s
[2026-04-03T02:16:48.423+0600][59.684s][info][gc,start       ] GC(259) Pause Young (Concurrent Start) (GCLocker Initiated GC)
[2026-04-03T02:16:48.423+0600][59.685s][info][gc,task        ] GC(259) Using 10 workers of 10 for evacuation
[2026-04-03T02:16:48.427+0600][59.688s][info][gc,phases      ] GC(259)   Pre Evacuate Collection Set: 0.53ms
[2026-04-03T02:16:48.427+0600][59.689s][info][gc,phases      ] GC(259)   Merge Heap Roots: 0.13ms
[2026-04-03T02:16:48.427+0600][59.689s][info][gc,phases      ] GC(259)   Evacuate Collection Set: 2.51ms
[2026-04-03T02:16:48.427+0600][59.689s][info][gc,phases      ] GC(259)   Post Evacuate Collection Set: 0.61ms
[2026-04-03T02:16:48.427+0600][59.689s][info][gc,phases      ] GC(259)   Other: 0.17ms
[2026-04-03T02:16:48.427+0600][59.689s][info][gc,heap        ] GC(259) Eden regions: 16->0(287)
[2026-04-03T02:16:48.427+0600][59.689s][info][gc,heap        ] GC(259) Survivor regions: 7->7(37)
[2026-04-03T02:16:48.427+0600][59.689s][info][gc,heap        ] GC(259) Old regions: 85->85
[2026-04-03T02:16:48.427+0600][59.689s][info][gc,heap        ] GC(259) Humongous regions: 8->8
[2026-04-03T02:16:48.427+0600][59.689s][info][gc,metaspace   ] GC(259) Metaspace: 131672K(133184K)->131672K(133184K) NonClass: 115108K(115904K)->115108K(115904K) Class: 16564K(17280K)->16564K(17280K)
[2026-04-03T02:16:48.427+0600][59.689s][info][gc             ] GC(259) Pause Young (Concurrent Start) (GCLocker Initiated GC) 114M->98M(491M) 4.380ms
[2026-04-03T02:16:48.427+0600][59.689s][info][gc             ] GC(260) Concurrent Mark Cycle
[2026-04-03T02:16:48.427+0600][59.689s][info][gc,marking     ] GC(260) Concurrent Scan Root Regions
[2026-04-03T02:16:48.427+0600][59.689s][info][gc,cpu         ] GC(259) User=0.03s Sys=0.00s Real=0.00s
[2026-04-03T02:16:48.430+0600][59.692s][info][gc,marking     ] GC(260) Concurrent Scan Root Regions 2.530ms
[2026-04-03T02:16:48.430+0600][59.692s][info][gc,marking     ] GC(260) Concurrent Mark
[2026-04-03T02:16:48.430+0600][59.692s][info][gc,marking     ] GC(260) Concurrent Mark From Roots
[2026-04-03T02:16:48.430+0600][59.692s][info][gc,task        ] GC(260) Using 3 workers of 3 for marking
[2026-04-03T02:16:48.510+0600][59.772s][info][gc,marking     ] GC(260) Concurrent Mark From Roots 79.891ms
[2026-04-03T02:16:48.510+0600][59.772s][info][gc,marking     ] GC(260) Concurrent Preclean
[2026-04-03T02:16:48.511+0600][59.773s][info][gc,marking     ] GC(260) Concurrent Preclean 0.763ms
[2026-04-03T02:16:48.511+0600][59.773s][info][gc,start       ] GC(260) Pause Remark
[2026-04-03T02:16:48.521+0600][59.783s][info][gc             ] GC(260) Pause Remark 194M->194M(480M) 10.148ms
[2026-04-03T02:16:48.521+0600][59.783s][info][gc,cpu         ] GC(260) User=0.08s Sys=0.00s Real=0.01s
[2026-04-03T02:16:48.522+0600][59.784s][info][gc,marking     ] GC(260) Concurrent Mark 92.417ms
[2026-04-03T02:16:48.522+0600][59.784s][info][gc,marking     ] GC(260) Concurrent Rebuild Remembered Sets and Scrub Regions
[2026-04-03T02:16:48.558+0600][59.820s][info][gc,marking     ] GC(260) Concurrent Rebuild Remembered Sets and Scrub Regions 35.517ms
[2026-04-03T02:16:48.559+0600][59.821s][info][gc,start       ] GC(260) Pause Cleanup
[2026-04-03T02:16:48.560+0600][59.821s][info][gc             ] GC(260) Pause Cleanup 230M->230M(480M) 0.410ms
[2026-04-03T02:16:48.560+0600][59.822s][info][gc,cpu         ] GC(260) User=0.01s Sys=0.00s Real=0.01s
[2026-04-03T02:16:48.560+0600][59.822s][info][gc,marking     ] GC(260) Concurrent Clear Claimed Marks
[2026-04-03T02:16:48.562+0600][59.824s][info][gc,marking     ] GC(260) Concurrent Clear Claimed Marks 1.636ms
[2026-04-03T02:16:48.562+0600][59.824s][info][gc,marking     ] GC(260) Concurrent Cleanup for Next Mark
[2026-04-03T02:16:48.563+0600][59.825s][info][gc,marking     ] GC(260) Concurrent Cleanup for Next Mark 0.993ms
[2026-04-03T02:16:48.563+0600][59.825s][info][gc             ] GC(260) Concurrent Mark Cycle 135.928ms
[2026-04-03T02:16:48.723+0600][59.984s][info][gc,start       ] GC(261) Pause Young (Prepare Mixed) (G1 Evacuation Pause)
[2026-04-03T02:16:48.723+0600][59.985s][info][gc,task        ] GC(261) Using 10 workers of 10 for evacuation
[2026-04-03T02:16:48.728+0600][59.990s][info][gc,phases      ] GC(261)   Pre Evacuate Collection Set: 0.45ms
[2026-04-03T02:16:48.728+0600][59.990s][info][gc,phases      ] GC(261)   Merge Heap Roots: 0.21ms
[2026-04-03T02:16:48.728+0600][59.990s][info][gc,phases      ] GC(261)   Evacuate Collection Set: 3.86ms
[2026-04-03T02:16:48.728+0600][59.990s][info][gc,phases      ] GC(261)   Post Evacuate Collection Set: 0.76ms
[2026-04-03T02:16:48.728+0600][59.990s][info][gc,phases      ] GC(261)   Other: 0.12ms
[2026-04-03T02:16:48.728+0600][59.990s][info][gc,heap        ] GC(261) Eden regions: 212->0(290)
[2026-04-03T02:16:48.728+0600][59.990s][info][gc,heap        ] GC(261) Survivor regions: 7->7(36)
[2026-04-03T02:16:48.728+0600][59.990s][info][gc,heap        ] GC(261) Old regions: 85->86
[2026-04-03T02:16:48.728+0600][59.990s][info][gc,heap        ] GC(261) Humongous regions: 184->8
[2026-04-03T02:16:48.728+0600][59.990s][info][gc,metaspace   ] GC(261) Metaspace: 131672K(133184K)->131672K(133184K) NonClass: 115108K(115904K)->115108K(115904K) Class: 16564K(17280K)->16564K(17280K)
[2026-04-03T02:16:48.728+0600][59.990s][info][gc             ] GC(261) Pause Young (Prepare Mixed) (G1 Evacuation Pause) 486M->99M(496M) 5.750ms
[2026-04-03T02:16:48.728+0600][59.990s][info][gc,cpu         ] GC(261) User=0.03s Sys=0.01s Real=0.00s
[2026-04-03T02:16:48.999+0600][60.261s][info][gc,start       ] GC(262) Pause Young (Mixed) (G1 Evacuation Pause)
[2026-04-03T02:16:48.999+0600][60.261s][info][gc,task        ] GC(262) Using 10 workers of 10 for evacuation
[2026-04-03T02:16:49.005+0600][60.267s][info][gc,phases      ] GC(262)   Pre Evacuate Collection Set: 0.31ms
[2026-04-03T02:16:49.005+0600][60.267s][info][gc,phases      ] GC(262)   Merge Heap Roots: 0.18ms
[2026-04-03T02:16:49.005+0600][60.267s][info][gc,phases      ] GC(262)   Evacuate Collection Set: 4.08ms
[2026-04-03T02:16:49.005+0600][60.267s][info][gc,phases      ] GC(262)   Post Evacuate Collection Set: 0.70ms
[2026-04-03T02:16:49.005+0600][60.267s][info][gc,phases      ] GC(262)   Other: 0.18ms
[2026-04-03T02:16:49.005+0600][60.267s][info][gc,heap        ] GC(262) Eden regions: 227->0(303)
[2026-04-03T02:16:49.005+0600][60.267s][info][gc,heap        ] GC(262) Survivor regions: 7->7(39)
[2026-04-03T02:16:49.005+0600][60.267s][info][gc,heap        ] GC(262) Old regions: 86->85
[2026-04-03T02:16:49.005+0600][60.267s][info][gc,heap        ] GC(262) Humongous regions: 189->8
[2026-04-03T02:16:49.005+0600][60.267s][info][gc,metaspace   ] GC(262) Metaspace: 131672K(133184K)->131672K(133184K) NonClass: 115108K(115904K)->115108K(115904K) Class: 16564K(17280K)->16564K(17280K)
[2026-04-03T02:16:49.005+0600][60.267s][info][gc             ] GC(262) Pause Young (Mixed) (G1 Evacuation Pause) 507M->98M(517M) 5.737ms
[2026-04-03T02:16:49.005+0600][60.267s][info][gc,cpu         ] GC(262) User=0.03s Sys=0.01s Real=0.01s
[2026-04-03T02:16:49.021+0600][60.283s][info][gc,start       ] GC(263) Pause Young (Concurrent Start) (G1 Humongous Allocation)
[2026-04-03T02:16:49.021+0600][60.283s][info][gc,task        ] GC(263) Using 10 workers of 10 for evacuation
[2026-04-03T02:16:49.026+0600][60.288s][info][gc,phases      ] GC(263)   Pre Evacuate Collection Set: 0.44ms
[2026-04-03T02:16:49.026+0600][60.288s][info][gc,phases      ] GC(263)   Merge Heap Roots: 0.15ms
[2026-04-03T02:16:49.026+0600][60.288s][info][gc,phases      ] GC(263)   Evacuate Collection Set: 3.31ms
[2026-04-03T02:16:49.026+0600][60.288s][info][gc,phases      ] GC(263)   Post Evacuate Collection Set: 0.71ms
[2026-04-03T02:16:49.026+0600][60.288s][info][gc,phases      ] GC(263)   Other: 0.18ms
[2026-04-03T02:16:49.026+0600][60.288s][info][gc,heap        ] GC(263) Eden regions: 15->0(302)
[2026-04-03T02:16:49.026+0600][60.288s][info][gc,heap        ] GC(263) Survivor regions: 7->8(39)
[2026-04-03T02:16:49.026+0600][60.288s][info][gc,heap        ] GC(263) Old regions: 85->85
[2026-04-03T02:16:49.026+0600][60.288s][info][gc,heap        ] GC(263) Humongous regions: 8->8
[2026-04-03T02:16:49.026+0600][60.288s][info][gc,metaspace   ] GC(263) Metaspace: 131672K(133184K)->131672K(133184K) NonClass: 115108K(115904K)->115108K(115904K) Class: 16564K(17280K)->16564K(17280K)
[2026-04-03T02:16:49.026+0600][60.288s][info][gc             ] GC(263) Pause Young (Concurrent Start) (G1 Humongous Allocation) 113M->99M(517M) 5.096ms
[2026-04-03T02:16:49.027+0600][60.288s][info][gc             ] GC(264) Concurrent Mark Cycle
[2026-04-03T02:16:49.027+0600][60.288s][info][gc,marking     ] GC(264) Concurrent Scan Root Regions
[2026-04-03T02:16:49.027+0600][60.288s][info][gc,cpu         ] GC(263) User=0.03s Sys=0.00s Real=0.00s
[2026-04-03T02:16:49.030+0600][60.291s][info][gc,marking     ] GC(264) Concurrent Scan Root Regions 2.927ms
[2026-04-03T02:16:49.030+0600][60.291s][info][gc,marking     ] GC(264) Concurrent Mark
[2026-04-03T02:16:49.030+0600][60.291s][info][gc,marking     ] GC(264) Concurrent Mark From Roots
[2026-04-03T02:16:49.030+0600][60.291s][info][gc,task        ] GC(264) Using 3 workers of 3 for marking
[2026-04-03T02:16:49.104+0600][60.365s][info][gc,marking     ] GC(264) Concurrent Mark From Roots 74.005ms
[2026-04-03T02:16:49.104+0600][60.366s][info][gc,marking     ] GC(264) Concurrent Preclean
[2026-04-03T02:16:49.104+0600][60.366s][info][gc,marking     ] GC(264) Concurrent Preclean 0.442ms
[2026-04-03T02:16:49.104+0600][60.366s][info][gc,start       ] GC(264) Pause Remark
[2026-04-03T02:16:49.113+0600][60.375s][info][gc             ] GC(264) Pause Remark 178M->178M(460M) 8.441ms
[2026-04-03T02:16:49.113+0600][60.375s][info][gc,cpu         ] GC(264) User=0.05s Sys=0.00s Real=0.01s
[2026-04-03T02:16:49.113+0600][60.375s][info][gc,marking     ] GC(264) Concurrent Mark 83.689ms
[2026-04-03T02:16:49.113+0600][60.375s][info][gc,marking     ] GC(264) Concurrent Rebuild Remembered Sets and Scrub Regions
[2026-04-03T02:16:49.148+0600][60.410s][info][gc,marking     ] GC(264) Concurrent Rebuild Remembered Sets and Scrub Regions 34.569ms
[2026-04-03T02:16:49.148+0600][60.410s][info][gc,start       ] GC(264) Pause Cleanup
[2026-04-03T02:16:49.149+0600][60.411s][info][gc             ] GC(264) Pause Cleanup 205M->205M(460M) 0.305ms
[2026-04-03T02:16:49.149+0600][60.411s][info][gc,cpu         ] GC(264) User=0.00s Sys=0.00s Real=0.00s
[2026-04-03T02:16:49.149+0600][60.411s][info][gc,marking     ] GC(264) Concurrent Clear Claimed Marks
[2026-04-03T02:16:49.149+0600][60.411s][info][gc,marking     ] GC(264) Concurrent Clear Claimed Marks 0.408ms
[2026-04-03T02:16:49.149+0600][60.411s][info][gc,marking     ] GC(264) Concurrent Cleanup for Next Mark
[2026-04-03T02:16:49.150+0600][60.412s][info][gc,marking     ] GC(264) Concurrent Cleanup for Next Mark 0.642ms
[2026-04-03T02:16:49.150+0600][60.412s][info][gc             ] GC(264) Concurrent Mark Cycle 123.662ms
[2026-04-03T02:16:49.390+0600][60.652s][info][gc,start       ] GC(265) Pause Young (Prepare Mixed) (G1 Evacuation Pause)
[2026-04-03T02:16:49.390+0600][60.652s][info][gc,task        ] GC(265) Using 10 workers of 10 for evacuation
[2026-04-03T02:16:49.397+0600][60.659s][info][gc,phases      ] GC(265)   Pre Evacuate Collection Set: 0.45ms
[2026-04-03T02:16:49.397+0600][60.659s][info][gc,phases      ] GC(265)   Merge Heap Roots: 0.33ms
[2026-04-03T02:16:49.397+0600][60.659s][info][gc,phases      ] GC(265)   Evacuate Collection Set: 4.79ms
[2026-04-03T02:16:49.397+0600][60.659s][info][gc,phases      ] GC(265)   Post Evacuate Collection Set: 0.93ms
[2026-04-03T02:16:49.397+0600][60.659s][info][gc,phases      ] GC(265)   Other: 0.13ms
[2026-04-03T02:16:49.397+0600][60.659s][info][gc,heap        ] GC(265) Eden regions: 234->0(273)
[2026-04-03T02:16:49.397+0600][60.659s][info][gc,heap        ] GC(265) Survivor regions: 8->9(35)
[2026-04-03T02:16:49.397+0600][60.659s][info][gc,heap        ] GC(265) Old regions: 85->86
[2026-04-03T02:16:49.397+0600][60.659s][info][gc,heap        ] GC(265) Humongous regions: 133->8
[2026-04-03T02:16:49.397+0600][60.659s][info][gc,metaspace   ] GC(265) Metaspace: 131673K(133184K)->131673K(133184K) NonClass: 115109K(115904K)->115109K(115904K) Class: 16564K(17280K)->16564K(17280K)
[2026-04-03T02:16:49.397+0600][60.659s][info][gc             ] GC(265) Pause Young (Prepare Mixed) (G1 Evacuation Pause) 458M->100M(470M) 7.002ms
[2026-04-03T02:16:49.397+0600][60.659s][info][gc,cpu         ] GC(265) User=0.03s Sys=0.02s Real=0.00s
[2026-04-03T02:16:49.642+0600][60.904s][info][gc,start       ] GC(266) Pause Young (Mixed) (G1 Evacuation Pause)
[2026-04-03T02:16:49.642+0600][60.904s][info][gc,task        ] GC(266) Using 10 workers of 10 for evacuation
[2026-04-03T02:16:49.648+0600][60.910s][info][gc,phases      ] GC(266)   Pre Evacuate Collection Set: 0.42ms
[2026-04-03T02:16:49.648+0600][60.910s][info][gc,phases      ] GC(266)   Merge Heap Roots: 0.19ms
[2026-04-03T02:16:49.648+0600][60.910s][info][gc,phases      ] GC(266)   Evacuate Collection Set: 4.68ms
[2026-04-03T02:16:49.648+0600][60.910s][info][gc,phases      ] GC(266)   Post Evacuate Collection Set: 0.93ms
[2026-04-03T02:16:49.648+0600][60.910s][info][gc,phases      ] GC(266)   Other: 0.12ms
[2026-04-03T02:16:49.648+0600][60.910s][info][gc,heap        ] GC(266) Eden regions: 213->0(365)
[2026-04-03T02:16:49.648+0600][60.910s][info][gc,heap        ] GC(266) Survivor regions: 9->10(40)
[2026-04-03T02:16:49.648+0600][60.910s][info][gc,heap        ] GC(266) Old regions: 86->85
[2026-04-03T02:16:49.648+0600][60.910s][info][gc,heap        ] GC(266) Humongous regions: 307->18
[2026-04-03T02:16:49.649+0600][60.910s][info][gc,metaspace   ] GC(266) Metaspace: 131674K(133184K)->131674K(133184K) NonClass: 115110K(115904K)->115110K(115904K) Class: 16564K(17280K)->16564K(17280K)
[2026-04-03T02:16:49.649+0600][60.910s][info][gc             ] GC(266) Pause Young (Mixed) (G1 Evacuation Pause) 612M->111M(626M) 6.681ms
[2026-04-03T02:16:49.649+0600][60.911s][info][gc,cpu         ] GC(266) User=0.03s Sys=0.01s Real=0.00s
[2026-04-03T02:16:49.650+0600][60.912s][info][gc,start       ] GC(267) Pause Young (Concurrent Start) (G1 Humongous Allocation)
[2026-04-03T02:16:49.650+0600][60.912s][info][gc,task        ] GC(267) Using 10 workers of 10 for evacuation
[2026-04-03T02:16:49.653+0600][60.915s][info][gc,phases      ] GC(267)   Pre Evacuate Collection Set: 0.23ms
[2026-04-03T02:16:49.653+0600][60.915s][info][gc,phases      ] GC(267)   Merge Heap Roots: 0.07ms
[2026-04-03T02:16:49.653+0600][60.915s][info][gc,phases      ] GC(267)   Evacuate Collection Set: 2.09ms
[2026-04-03T02:16:49.653+0600][60.915s][info][gc,phases      ] GC(267)   Post Evacuate Collection Set: 0.52ms
[2026-04-03T02:16:49.653+0600][60.915s][info][gc,phases      ] GC(267)   Other: 0.13ms
[2026-04-03T02:16:49.653+0600][60.915s][info][gc,heap        ] GC(267) Eden regions: 2->0(365)
[2026-04-03T02:16:49.653+0600][60.915s][info][gc,heap        ] GC(267) Survivor regions: 10->10(47)
[2026-04-03T02:16:49.653+0600][60.915s][info][gc,heap        ] GC(267) Old regions: 85->85
[2026-04-03T02:16:49.653+0600][60.915s][info][gc,heap        ] GC(267) Humongous regions: 23->13
[2026-04-03T02:16:49.653+0600][60.915s][info][gc,metaspace   ] GC(267) Metaspace: 131674K(133184K)->131674K(133184K) NonClass: 115110K(115904K)->115110K(115904K) Class: 16564K(17280K)->16564K(17280K)
[2026-04-03T02:16:49.653+0600][60.915s][info][gc             ] GC(267) Pause Young (Concurrent Start) (G1 Humongous Allocation) 118M->106M(626M) 3.358ms
[2026-04-03T02:16:49.653+0600][60.915s][info][gc             ] GC(268) Concurrent Mark Cycle
[2026-04-03T02:16:49.653+0600][60.915s][info][gc,cpu         ] GC(267) User=0.02s Sys=0.00s Real=0.00s
[2026-04-03T02:16:49.653+0600][60.915s][info][gc,marking     ] GC(268) Concurrent Scan Root Regions
[2026-04-03T02:16:49.655+0600][60.917s][info][gc,marking     ] GC(268) Concurrent Scan Root Regions 2.099ms
[2026-04-03T02:16:49.655+0600][60.917s][info][gc,marking     ] GC(268) Concurrent Mark
[2026-04-03T02:16:49.655+0600][60.917s][info][gc,marking     ] GC(268) Concurrent Mark From Roots
[2026-04-03T02:16:49.655+0600][60.917s][info][gc,task        ] GC(268) Using 3 workers of 3 for marking
[2026-04-03T02:16:49.734+0600][60.996s][info][gc,marking     ] GC(268) Concurrent Mark From Roots 78.766ms
[2026-04-03T02:16:49.734+0600][60.996s][info][gc,marking     ] GC(268) Concurrent Preclean
[2026-04-03T02:16:49.735+0600][60.997s][info][gc,marking     ] GC(268) Concurrent Preclean 0.255ms
[2026-04-03T02:16:49.735+0600][60.997s][info][gc,start       ] GC(268) Pause Remark
[2026-04-03T02:16:49.744+0600][61.006s][info][gc             ] GC(268) Pause Remark 266M->266M(626M) 9.010ms
[2026-04-03T02:16:49.744+0600][61.006s][info][gc,cpu         ] GC(268) User=0.06s Sys=0.00s Real=0.01s
[2026-04-03T02:16:49.745+0600][61.006s][info][gc,marking     ] GC(268) Concurrent Mark 89.011ms
[2026-04-03T02:16:49.745+0600][61.007s][info][gc,marking     ] GC(268) Concurrent Rebuild Remembered Sets and Scrub Regions
[2026-04-03T02:16:49.773+0600][61.035s][info][gc,marking     ] GC(268) Concurrent Rebuild Remembered Sets and Scrub Regions 28.250ms
[2026-04-03T02:16:49.774+0600][61.036s][info][gc,start       ] GC(268) Pause Cleanup
[2026-04-03T02:16:49.774+0600][61.036s][info][gc             ] GC(268) Pause Cleanup 380M->380M(626M) 0.416ms
[2026-04-03T02:16:49.774+0600][61.036s][info][gc,cpu         ] GC(268) User=0.00s Sys=0.00s Real=0.00s
[2026-04-03T02:16:49.774+0600][61.036s][info][gc,marking     ] GC(268) Concurrent Clear Claimed Marks
[2026-04-03T02:16:49.775+0600][61.037s][info][gc,marking     ] GC(268) Concurrent Clear Claimed Marks 0.479ms
[2026-04-03T02:16:49.775+0600][61.037s][info][gc,marking     ] GC(268) Concurrent Cleanup for Next Mark
[2026-04-03T02:16:49.777+0600][61.039s][info][gc,marking     ] GC(268) Concurrent Cleanup for Next Mark 2.005ms
[2026-04-03T02:16:49.777+0600][61.039s][info][gc             ] GC(268) Concurrent Mark Cycle 123.800ms
[2026-04-03T02:16:49.811+0600][61.073s][info][gc,start       ] GC(269) Pause Young (Prepare Mixed) (G1 Evacuation Pause)
[2026-04-03T02:16:49.811+0600][61.073s][info][gc,task        ] GC(269) Using 10 workers of 10 for evacuation
[2026-04-03T02:16:49.815+0600][61.077s][info][gc,phases      ] GC(269)   Pre Evacuate Collection Set: 0.35ms
[2026-04-03T02:16:49.815+0600][61.077s][info][gc,phases      ] GC(269)   Merge Heap Roots: 0.19ms
[2026-04-03T02:16:49.815+0600][61.077s][info][gc,phases      ] GC(269)   Evacuate Collection Set: 2.67ms
[2026-04-03T02:16:49.815+0600][61.077s][info][gc,phases      ] GC(269)   Post Evacuate Collection Set: 0.70ms
[2026-04-03T02:16:49.815+0600][61.077s][info][gc,phases      ] GC(269)   Other: 0.09ms
[2026-04-03T02:16:49.815+0600][61.077s][info][gc,heap        ] GC(269) Eden regions: 73->0(377)
[2026-04-03T02:16:49.815+0600][61.077s][info][gc,heap        ] GC(269) Survivor regions: 10->5(47)
[2026-04-03T02:16:49.815+0600][61.077s][info][gc,heap        ] GC(269) Old regions: 85->85
[2026-04-03T02:16:49.815+0600][61.077s][info][gc,heap        ] GC(269) Humongous regions: 465->8
[2026-04-03T02:16:49.815+0600][61.077s][info][gc,metaspace   ] GC(269) Metaspace: 131675K(133184K)->131675K(133184K) NonClass: 115111K(115904K)->115111K(115904K) Class: 16564K(17280K)->16564K(17280K)
[2026-04-03T02:16:49.815+0600][61.077s][info][gc             ] GC(269) Pause Young (Prepare Mixed) (G1 Evacuation Pause) 631M->97M(638M) 4.277ms
[2026-04-03T02:16:49.815+0600][61.077s][info][gc,cpu         ] GC(269) User=0.03s Sys=0.00s Real=0.00s
[2026-04-03T02:16:50.384+0600][61.646s][info][gc,start       ] GC(270) Pause Young (Mixed) (G1 Evacuation Pause)
[2026-04-03T02:16:50.384+0600][61.646s][info][gc,task        ] GC(270) Using 10 workers of 10 for evacuation
[2026-04-03T02:16:50.388+0600][61.650s][info][gc,phases      ] GC(270)   Pre Evacuate Collection Set: 0.29ms
[2026-04-03T02:16:50.389+0600][61.650s][info][gc,phases      ] GC(270)   Merge Heap Roots: 0.18ms
[2026-04-03T02:16:50.389+0600][61.650s][info][gc,phases      ] GC(270)   Evacuate Collection Set: 3.04ms
[2026-04-03T02:16:50.389+0600][61.650s][info][gc,phases      ] GC(270)   Post Evacuate Collection Set: 0.67ms
[2026-04-03T02:16:50.389+0600][61.650s][info][gc,phases      ] GC(270)   Other: 0.09ms
[2026-04-03T02:16:50.389+0600][61.650s][info][gc,heap        ] GC(270) Eden regions: 362->0(393)
[2026-04-03T02:16:50.389+0600][61.650s][info][gc,heap        ] GC(270) Survivor regions: 5->7(48)
[2026-04-03T02:16:50.389+0600][61.650s][info][gc,heap        ] GC(270) Old regions: 85->85
[2026-04-03T02:16:50.389+0600][61.650s][info][gc,heap        ] GC(270) Humongous regions: 207->8
[2026-04-03T02:16:50.389+0600][61.651s][info][gc,metaspace   ] GC(270) Metaspace: 131694K(133184K)->131694K(133184K) NonClass: 115130K(115904K)->115130K(115904K) Class: 16564K(17280K)->16564K(17280K)
[2026-04-03T02:16:50.389+0600][61.651s][info][gc             ] GC(270) Pause Young (Mixed) (G1 Evacuation Pause) 658M->98M(667M) 4.515ms
[2026-04-03T02:16:50.389+0600][61.651s][info][gc,cpu         ] GC(270) User=0.03s Sys=0.00s Real=0.00s
[2026-04-03T02:16:50.405+0600][61.666s][info][gc,start       ] GC(271) Pause Young (Concurrent Start) (GCLocker Initiated GC)
[2026-04-03T02:16:50.405+0600][61.667s][info][gc,task        ] GC(271) Using 10 workers of 10 for evacuation
[2026-04-03T02:16:50.409+0600][61.671s][info][gc,phases      ] GC(271)   Pre Evacuate Collection Set: 0.51ms
[2026-04-03T02:16:50.409+0600][61.671s][info][gc,phases      ] GC(271)   Merge Heap Roots: 0.19ms
[2026-04-03T02:16:50.409+0600][61.671s][info][gc,phases      ] GC(271)   Evacuate Collection Set: 2.62ms
[2026-04-03T02:16:50.409+0600][61.671s][info][gc,phases      ] GC(271)   Post Evacuate Collection Set: 0.55ms
[2026-04-03T02:16:50.409+0600][61.671s][info][gc,phases      ] GC(271)   Other: 0.17ms
[2026-04-03T02:16:50.409+0600][61.671s][info][gc,heap        ] GC(271) Eden regions: 23->0(392)
[2026-04-03T02:16:50.409+0600][61.671s][info][gc,heap        ] GC(271) Survivor regions: 7->8(50)
[2026-04-03T02:16:50.409+0600][61.671s][info][gc,heap        ] GC(271) Old regions: 85->85
[2026-04-03T02:16:50.409+0600][61.671s][info][gc,heap        ] GC(271) Humongous regions: 8->8
[2026-04-03T02:16:50.409+0600][61.671s][info][gc,metaspace   ] GC(271) Metaspace: 131694K(133184K)->131694K(133184K) NonClass: 115130K(115904K)->115130K(115904K) Class: 16564K(17280K)->16564K(17280K)
[2026-04-03T02:16:50.409+0600][61.671s][info][gc             ] GC(271) Pause Young (Concurrent Start) (GCLocker Initiated GC) 121M->99M(667M) 4.404ms
[2026-04-03T02:16:50.409+0600][61.671s][info][gc,cpu         ] GC(271) User=0.03s Sys=0.00s Real=0.00s
[2026-04-03T02:16:50.409+0600][61.671s][info][gc             ] GC(272) Concurrent Mark Cycle
[2026-04-03T02:16:50.409+0600][61.671s][info][gc,marking     ] GC(272) Concurrent Scan Root Regions
[2026-04-03T02:16:50.412+0600][61.673s][info][gc,marking     ] GC(272) Concurrent Scan Root Regions 2.392ms
[2026-04-03T02:16:50.412+0600][61.674s][info][gc,marking     ] GC(272) Concurrent Mark
[2026-04-03T02:16:50.412+0600][61.674s][info][gc,marking     ] GC(272) Concurrent Mark From Roots
[2026-04-03T02:16:50.412+0600][61.674s][info][gc,task        ] GC(272) Using 3 workers of 3 for marking
[2026-04-03T02:16:50.497+0600][61.759s][info][gc,marking     ] GC(272) Concurrent Mark From Roots 85.115ms
[2026-04-03T02:16:50.497+0600][61.759s][info][gc,marking     ] GC(272) Concurrent Preclean
[2026-04-03T02:16:50.498+0600][61.759s][info][gc,marking     ] GC(272) Concurrent Preclean 0.599ms
[2026-04-03T02:16:50.498+0600][61.760s][info][gc,start       ] GC(272) Pause Remark
[2026-04-03T02:16:50.508+0600][61.770s][info][gc             ] GC(272) Pause Remark 193M->193M(477M) 10.375ms
[2026-04-03T02:16:50.509+0600][61.770s][info][gc,cpu         ] GC(272) User=0.07s Sys=0.00s Real=0.01s
[2026-04-03T02:16:50.511+0600][61.773s][info][gc,marking     ] GC(272) Concurrent Mark 99.565ms
[2026-04-03T02:16:50.511+0600][61.773s][info][gc,marking     ] GC(272) Concurrent Rebuild Remembered Sets and Scrub Regions
[2026-04-03T02:16:50.545+0600][61.807s][info][gc,marking     ] GC(272) Concurrent Rebuild Remembered Sets and Scrub Regions 33.711ms
[2026-04-03T02:16:50.545+0600][61.807s][info][gc,start       ] GC(272) Pause Cleanup
[2026-04-03T02:16:50.546+0600][61.808s][info][gc             ] GC(272) Pause Cleanup 230M->230M(477M) 0.306ms
[2026-04-03T02:16:50.546+0600][61.808s][info][gc,cpu         ] GC(272) User=0.01s Sys=0.00s Real=0.00s
[2026-04-03T02:16:50.546+0600][61.808s][info][gc,marking     ] GC(272) Concurrent Clear Claimed Marks
[2026-04-03T02:16:50.547+0600][61.808s][info][gc,marking     ] GC(272) Concurrent Clear Claimed Marks 0.491ms
[2026-04-03T02:16:50.547+0600][61.809s][info][gc,marking     ] GC(272) Concurrent Cleanup for Next Mark
[2026-04-03T02:16:50.550+0600][61.812s][info][gc,marking     ] GC(272) Concurrent Cleanup for Next Mark 3.087ms
[2026-04-03T02:16:50.550+0600][61.812s][info][gc             ] GC(272) Concurrent Mark Cycle 140.725ms
[2026-04-03T02:16:50.722+0600][61.984s][info][gc,start       ] GC(273) Pause Young (Prepare Mixed) (G1 Evacuation Pause)
[2026-04-03T02:16:50.722+0600][61.984s][info][gc,task        ] GC(273) Using 10 workers of 10 for evacuation
[2026-04-03T02:16:50.729+0600][61.991s][info][gc,phases      ] GC(273)   Pre Evacuate Collection Set: 0.38ms
[2026-04-03T02:16:50.729+0600][61.991s][info][gc,phases      ] GC(273)   Merge Heap Roots: 0.22ms
[2026-04-03T02:16:50.729+0600][61.991s][info][gc,phases      ] GC(273)   Evacuate Collection Set: 5.34ms
[2026-04-03T02:16:50.729+0600][61.991s][info][gc,phases      ] GC(273)   Post Evacuate Collection Set: 0.76ms
[2026-04-03T02:16:50.729+0600][61.991s][info][gc,phases      ] GC(273)   Other: 0.12ms
[2026-04-03T02:16:50.729+0600][61.991s][info][gc,heap        ] GC(273) Eden regions: 208->0(283)
[2026-04-03T02:16:50.729+0600][61.991s][info][gc,heap        ] GC(273) Survivor regions: 8->8(36)
[2026-04-03T02:16:50.729+0600][61.991s][info][gc,heap        ] GC(273) Old regions: 85->86
[2026-04-03T02:16:50.729+0600][61.991s][info][gc,heap        ] GC(273) Humongous regions: 176->8
[2026-04-03T02:16:50.729+0600][61.991s][info][gc,metaspace   ] GC(273) Metaspace: 131694K(133184K)->131694K(133184K) NonClass: 115130K(115904K)->115130K(115904K) Class: 16564K(17280K)->16564K(17280K)
[2026-04-03T02:16:50.729+0600][61.991s][info][gc             ] GC(273) Pause Young (Prepare Mixed) (G1 Evacuation Pause) 475M->100M(486M) 7.121ms
[2026-04-03T02:16:50.729+0600][61.991s][info][gc,cpu         ] GC(273) User=0.03s Sys=0.02s Real=0.00s
[2026-04-03T02:16:50.986+0600][62.248s][info][gc,start       ] GC(274) Pause Young (Mixed) (G1 Evacuation Pause)
[2026-04-03T02:16:50.986+0600][62.248s][info][gc,task        ] GC(274) Using 10 workers of 10 for evacuation
[2026-04-03T02:16:50.993+0600][62.255s][info][gc,phases      ] GC(274)   Pre Evacuate Collection Set: 0.44ms
[2026-04-03T02:16:50.993+0600][62.255s][info][gc,phases      ] GC(274)   Merge Heap Roots: 0.26ms
[2026-04-03T02:16:50.993+0600][62.255s][info][gc,phases      ] GC(274)   Evacuate Collection Set: 4.68ms
[2026-04-03T02:16:50.993+0600][62.255s][info][gc,phases      ] GC(274)   Post Evacuate Collection Set: 0.98ms
[2026-04-03T02:16:50.993+0600][62.255s][info][gc,phases      ] GC(274)   Other: 0.12ms
[2026-04-03T02:16:50.993+0600][62.255s][info][gc,heap        ] GC(274) Eden regions: 235->0(292)
[2026-04-03T02:16:50.993+0600][62.255s][info][gc,heap        ] GC(274) Survivor regions: 8->8(37)
[2026-04-03T02:16:50.993+0600][62.255s][info][gc,heap        ] GC(274) Old regions: 86->85
[2026-04-03T02:16:50.993+0600][62.255s][info][gc,heap        ] GC(274) Humongous regions: 163->12
[2026-04-03T02:16:50.993+0600][62.255s][info][gc,metaspace   ] GC(274) Metaspace: 131695K(133184K)->131695K(133184K) NonClass: 115130K(115904K)->115130K(115904K) Class: 16564K(17280K)->16564K(17280K)
[2026-04-03T02:16:50.993+0600][62.255s][info][gc             ] GC(274) Pause Young (Mixed) (G1 Evacuation Pause) 490M->104M(500M) 6.795ms
[2026-04-03T02:16:50.993+0600][62.255s][info][gc,cpu         ] GC(274) User=0.03s Sys=0.01s Real=0.01s
[2026-04-03T02:16:50.994+0600][62.256s][info][gc,start       ] GC(275) Pause Young (Concurrent Start) (G1 Humongous Allocation)
[2026-04-03T02:16:50.994+0600][62.256s][info][gc,task        ] GC(275) Using 10 workers of 10 for evacuation
[2026-04-03T02:16:50.999+0600][62.261s][info][gc,phases      ] GC(275)   Pre Evacuate Collection Set: 0.29ms
[2026-04-03T02:16:50.999+0600][62.261s][info][gc,phases      ] GC(275)   Merge Heap Roots: 0.09ms
[2026-04-03T02:16:50.999+0600][62.261s][info][gc,phases      ] GC(275)   Evacuate Collection Set: 3.04ms
[2026-04-03T02:16:50.999+0600][62.261s][info][gc,phases      ] GC(275)   Post Evacuate Collection Set: 0.66ms
[2026-04-03T02:16:50.999+0600][62.261s][info][gc,phases      ] GC(275)   Other: 0.14ms
[2026-04-03T02:16:50.999+0600][62.261s][info][gc,heap        ] GC(275) Eden regions: 4->0(292)
[2026-04-03T02:16:50.999+0600][62.261s][info][gc,heap        ] GC(275) Survivor regions: 8->8(38)
[2026-04-03T02:16:50.999+0600][62.261s][info][gc,heap        ] GC(275) Old regions: 85->86
[2026-04-03T02:16:50.999+0600][62.261s][info][gc,heap        ] GC(275) Humongous regions: 12->8
[2026-04-03T02:16:50.999+0600][62.261s][info][gc,metaspace   ] GC(275) Metaspace: 131695K(133184K)->131695K(133184K) NonClass: 115130K(115904K)->115130K(115904K) Class: 16564K(17280K)->16564K(17280K)
[2026-04-03T02:16:50.999+0600][62.261s][info][gc             ] GC(275) Pause Young (Concurrent Start) (G1 Humongous Allocation) 107M->99M(500M) 4.540ms
[2026-04-03T02:16:50.999+0600][62.261s][info][gc             ] GC(276) Concurrent Mark Cycle
[2026-04-03T02:16:50.999+0600][62.261s][info][gc,marking     ] GC(276) Concurrent Scan Root Regions
[2026-04-03T02:16:50.999+0600][62.261s][info][gc,cpu         ] GC(275) User=0.03s Sys=0.00s Real=0.00s
[2026-04-03T02:16:51.001+0600][62.263s][info][gc,marking     ] GC(276) Concurrent Scan Root Regions 2.173ms
[2026-04-03T02:16:51.001+0600][62.263s][info][gc,marking     ] GC(276) Concurrent Mark
[2026-04-03T02:16:51.001+0600][62.263s][info][gc,marking     ] GC(276) Concurrent Mark From Roots
[2026-04-03T02:16:51.001+0600][62.263s][info][gc,task        ] GC(276) Using 3 workers of 3 for marking
[2026-04-03T02:16:51.063+0600][62.325s][info][gc,marking     ] GC(276) Concurrent Mark From Roots 61.605ms
[2026-04-03T02:16:51.063+0600][62.325s][info][gc,marking     ] GC(276) Concurrent Preclean
[2026-04-03T02:16:51.063+0600][62.325s][info][gc,marking     ] GC(276) Concurrent Preclean 0.258ms
[2026-04-03T02:16:51.064+0600][62.325s][info][gc,start       ] GC(276) Pause Remark
[2026-04-03T02:16:51.073+0600][62.334s][info][gc             ] GC(276) Pause Remark 137M->137M(407M) 8.998ms
[2026-04-03T02:16:51.073+0600][62.335s][info][gc,cpu         ] GC(276) User=0.07s Sys=0.00s Real=0.01s
[2026-04-03T02:16:51.073+0600][62.335s][info][gc,marking     ] GC(276) Concurrent Mark 71.582ms
[2026-04-03T02:16:51.073+0600][62.335s][info][gc,marking     ] GC(276) Concurrent Rebuild Remembered Sets and Scrub Regions
[2026-04-03T02:16:51.099+0600][62.361s][info][gc,marking     ] GC(276) Concurrent Rebuild Remembered Sets and Scrub Regions 25.837ms
[2026-04-03T02:16:51.099+0600][62.361s][info][gc,start       ] GC(276) Pause Cleanup
[2026-04-03T02:16:51.099+0600][62.361s][info][gc             ] GC(276) Pause Cleanup 144M->144M(407M) 0.272ms
[2026-04-03T02:16:51.099+0600][62.361s][info][gc,cpu         ] GC(276) User=0.00s Sys=0.00s Real=0.00s
[2026-04-03T02:16:51.099+0600][62.361s][info][gc,marking     ] GC(276) Concurrent Clear Claimed Marks
[2026-04-03T02:16:51.100+0600][62.362s][info][gc,marking     ] GC(276) Concurrent Clear Claimed Marks 0.320ms
[2026-04-03T02:16:51.100+0600][62.362s][info][gc,marking     ] GC(276) Concurrent Cleanup for Next Mark
[2026-04-03T02:16:51.100+0600][62.362s][info][gc,marking     ] GC(276) Concurrent Cleanup for Next Mark 0.477ms
[2026-04-03T02:16:51.100+0600][62.362s][info][gc             ] GC(276) Concurrent Mark Cycle 101.391ms
[2026-04-03T02:16:51.328+0600][62.590s][info][gc,start       ] GC(277) Pause Young (Prepare Mixed) (G1 Evacuation Pause)
[2026-04-03T02:16:51.328+0600][62.590s][info][gc,task        ] GC(277) Using 9 workers of 10 for evacuation
[2026-04-03T02:16:51.333+0600][62.595s][info][gc,phases      ] GC(277)   Pre Evacuate Collection Set: 0.27ms
[2026-04-03T02:16:51.333+0600][62.595s][info][gc,phases      ] GC(277)   Merge Heap Roots: 0.15ms
[2026-04-03T02:16:51.333+0600][62.595s][info][gc,phases      ] GC(277)   Evacuate Collection Set: 3.89ms
[2026-04-03T02:16:51.333+0600][62.595s][info][gc,phases      ] GC(277)   Post Evacuate Collection Set: 0.68ms
[2026-04-03T02:16:51.333+0600][62.595s][info][gc,phases      ] GC(277)   Other: 0.09ms
[2026-04-03T02:16:51.333+0600][62.595s][info][gc,heap        ] GC(277) Eden regions: 214->0(244)
[2026-04-03T02:16:51.333+0600][62.595s][info][gc,heap        ] GC(277) Survivor regions: 8->8(31)
[2026-04-03T02:16:51.333+0600][62.595s][info][gc,heap        ] GC(277) Old regions: 86->87
[2026-04-03T02:16:51.333+0600][62.595s][info][gc,heap        ] GC(277) Humongous regions: 104->8
[2026-04-03T02:16:51.333+0600][62.595s][info][gc,metaspace   ] GC(277) Metaspace: 131695K(133184K)->131695K(133184K) NonClass: 115130K(115904K)->115130K(115904K) Class: 16564K(17280K)->16564K(17280K)
[2026-04-03T02:16:51.333+0600][62.595s][info][gc             ] GC(277) Pause Young (Prepare Mixed) (G1 Evacuation Pause) 409M->100M(421M) 5.343ms
[2026-04-03T02:16:51.334+0600][62.595s][info][gc,cpu         ] GC(277) User=0.03s Sys=0.00s Real=0.01s
[2026-04-03T02:16:51.504+0600][62.766s][info][gc,start       ] GC(278) Pause Young (Mixed) (G1 Evacuation Pause)
[2026-04-03T02:16:51.504+0600][62.766s][info][gc,task        ] GC(278) Using 10 workers of 10 for evacuation
[2026-04-03T02:16:51.509+0600][62.770s][info][gc,phases      ] GC(278)   Pre Evacuate Collection Set: 0.28ms
[2026-04-03T02:16:51.509+0600][62.771s][info][gc,phases      ] GC(278)   Merge Heap Roots: 0.12ms
[2026-04-03T02:16:51.509+0600][62.771s][info][gc,phases      ] GC(278)   Evacuate Collection Set: 3.39ms
[2026-04-03T02:16:51.509+0600][62.771s][info][gc,phases      ] GC(278)   Post Evacuate Collection Set: 0.61ms
[2026-04-03T02:16:51.509+0600][62.771s][info][gc,phases      ] GC(278)   Other: 0.08ms
[2026-04-03T02:16:51.509+0600][62.771s][info][gc,heap        ] GC(278) Eden regions: 145->0(323)
[2026-04-03T02:16:51.509+0600][62.771s][info][gc,heap        ] GC(278) Survivor regions: 8->10(35)
[2026-04-03T02:16:51.509+0600][62.771s][info][gc,heap        ] GC(278) Old regions: 87->86
[2026-04-03T02:16:51.509+0600][62.771s][info][gc,heap        ] GC(278) Humongous regions: 306->18
[2026-04-03T02:16:51.509+0600][62.771s][info][gc,metaspace   ] GC(278) Metaspace: 131696K(133184K)->131696K(133184K) NonClass: 115131K(115904K)->115131K(115904K) Class: 16564K(17280K)->16564K(17280K)
[2026-04-03T02:16:51.509+0600][62.771s][info][gc             ] GC(278) Pause Young (Mixed) (G1 Evacuation Pause) 543M->112M(556M) 4.760ms
[2026-04-03T02:16:51.509+0600][62.771s][info][gc,cpu         ] GC(278) User=0.02s Sys=0.01s Real=0.00s
[2026-04-03T02:16:51.510+0600][62.772s][info][gc,start       ] GC(279) Pause Young (Concurrent Start) (G1 Humongous Allocation)
[2026-04-03T02:16:51.510+0600][62.772s][info][gc,task        ] GC(279) Using 10 workers of 10 for evacuation
[2026-04-03T02:16:51.513+0600][62.775s][info][gc,phases      ] GC(279)   Pre Evacuate Collection Set: 0.24ms
[2026-04-03T02:16:51.513+0600][62.775s][info][gc,phases      ] GC(279)   Merge Heap Roots: 0.07ms
[2026-04-03T02:16:51.513+0600][62.775s][info][gc,phases      ] GC(279)   Evacuate Collection Set: 2.00ms
[2026-04-03T02:16:51.513+0600][62.775s][info][gc,phases      ] GC(279)   Post Evacuate Collection Set: 0.47ms
[2026-04-03T02:16:51.513+0600][62.775s][info][gc,phases      ] GC(279)   Other: 0.13ms
[2026-04-03T02:16:51.513+0600][62.775s][info][gc,heap        ] GC(279) Eden regions: 2->0(323)
[2026-04-03T02:16:51.513+0600][62.775s][info][gc,heap        ] GC(279) Survivor regions: 10->10(42)
[2026-04-03T02:16:51.513+0600][62.775s][info][gc,heap        ] GC(279) Old regions: 86->86
[2026-04-03T02:16:51.513+0600][62.775s][info][gc,heap        ] GC(279) Humongous regions: 23->13
[2026-04-03T02:16:51.513+0600][62.775s][info][gc,metaspace   ] GC(279) Metaspace: 131696K(133184K)->131696K(133184K) NonClass: 115131K(115904K)->115131K(115904K) Class: 16564K(17280K)->16564K(17280K)
[2026-04-03T02:16:51.513+0600][62.775s][info][gc             ] GC(279) Pause Young (Concurrent Start) (G1 Humongous Allocation) 119M->107M(556M) 3.275ms
[2026-04-03T02:16:51.513+0600][62.775s][info][gc             ] GC(280) Concurrent Mark Cycle
[2026-04-03T02:16:51.513+0600][62.775s][info][gc,marking     ] GC(280) Concurrent Scan Root Regions
[2026-04-03T02:16:51.513+0600][62.775s][info][gc,cpu         ] GC(279) User=0.02s Sys=0.00s Real=0.01s
[2026-04-03T02:16:51.516+0600][62.777s][info][gc,marking     ] GC(280) Concurrent Scan Root Regions 2.475ms
[2026-04-03T02:16:51.516+0600][62.777s][info][gc,marking     ] GC(280) Concurrent Mark
[2026-04-03T02:16:51.516+0600][62.778s][info][gc,marking     ] GC(280) Concurrent Mark From Roots
[2026-04-03T02:16:51.516+0600][62.778s][info][gc,task        ] GC(280) Using 3 workers of 3 for marking
[2026-04-03T02:16:51.592+0600][62.854s][info][gc,marking     ] GC(280) Concurrent Mark From Roots 76.091ms
[2026-04-03T02:16:51.592+0600][62.854s][info][gc,marking     ] GC(280) Concurrent Preclean
[2026-04-03T02:16:51.592+0600][62.854s][info][gc,marking     ] GC(280) Concurrent Preclean 0.506ms
[2026-04-03T02:16:51.593+0600][62.855s][info][gc,start       ] GC(280) Pause Remark
[2026-04-03T02:16:51.601+0600][62.863s][info][gc             ] GC(280) Pause Remark 244M->244M(556M) 8.581ms
[2026-04-03T02:16:51.602+0600][62.863s][info][gc,cpu         ] GC(280) User=0.07s Sys=0.01s Real=0.01s
[2026-04-03T02:16:51.602+0600][62.864s][info][gc,marking     ] GC(280) Concurrent Mark 86.168ms
[2026-04-03T02:16:51.602+0600][62.864s][info][gc,marking     ] GC(280) Concurrent Rebuild Remembered Sets and Scrub Regions
[2026-04-03T02:16:51.629+0600][62.891s][info][gc,marking     ] GC(280) Concurrent Rebuild Remembered Sets and Scrub Regions 27.523ms
[2026-04-03T02:16:51.647+0600][62.909s][info][gc,start       ] GC(280) Pause Cleanup
[2026-04-03T02:16:51.647+0600][62.909s][info][gc             ] GC(280) Pause Cleanup 280M->280M(556M) 0.374ms
[2026-04-03T02:16:51.647+0600][62.909s][info][gc,cpu         ] GC(280) User=0.00s Sys=0.00s Real=0.00s
[2026-04-03T02:16:51.648+0600][62.909s][info][gc,marking     ] GC(280) Concurrent Clear Claimed Marks
[2026-04-03T02:16:51.648+0600][62.910s][info][gc,marking     ] GC(280) Concurrent Clear Claimed Marks 0.581ms
[2026-04-03T02:16:51.648+0600][62.910s][info][gc,marking     ] GC(280) Concurrent Cleanup for Next Mark
[2026-04-03T02:16:51.650+0600][62.912s][info][gc,marking     ] GC(280) Concurrent Cleanup for Next Mark 1.724ms
[2026-04-03T02:16:51.650+0600][62.912s][info][gc             ] GC(280) Concurrent Mark Cycle 137.079ms
[2026-04-03T02:16:51.697+0600][62.959s][info][gc,start       ] GC(281) Pause Young (Prepare Mixed) (G1 Evacuation Pause)
[2026-04-03T02:16:51.697+0600][62.959s][info][gc,task        ] GC(281) Using 10 workers of 10 for evacuation
[2026-04-03T02:16:51.701+0600][62.962s][info][gc,phases      ] GC(281)   Pre Evacuate Collection Set: 0.28ms
[2026-04-03T02:16:51.701+0600][62.962s][info][gc,phases      ] GC(281)   Merge Heap Roots: 0.18ms
[2026-04-03T02:16:51.701+0600][62.962s][info][gc,phases      ] GC(281)   Evacuate Collection Set: 2.47ms
[2026-04-03T02:16:51.701+0600][62.962s][info][gc,phases      ] GC(281)   Post Evacuate Collection Set: 0.68ms
[2026-04-03T02:16:51.701+0600][62.963s][info][gc,phases      ] GC(281)   Other: 0.08ms
[2026-04-03T02:16:51.701+0600][62.963s][info][gc,heap        ] GC(281) Eden regions: 69->0(364)
[2026-04-03T02:16:51.701+0600][62.963s][info][gc,heap        ] GC(281) Survivor regions: 10->5(45)
[2026-04-03T02:16:51.701+0600][62.963s][info][gc,heap        ] GC(281) Old regions: 86->86
[2026-04-03T02:16:51.701+0600][62.963s][info][gc,heap        ] GC(281) Humongous regions: 445->8
[2026-04-03T02:16:51.701+0600][62.963s][info][gc,metaspace   ] GC(281) Metaspace: 131697K(133184K)->131697K(133184K) NonClass: 115133K(115904K)->115133K(115904K) Class: 16564K(17280K)->16564K(17280K)
[2026-04-03T02:16:51.701+0600][62.963s][info][gc             ] GC(281) Pause Young (Prepare Mixed) (G1 Evacuation Pause) 608M->98M(615M) 3.944ms
[2026-04-03T02:16:51.701+0600][62.963s][info][gc,cpu         ] GC(281) User=0.02s Sys=0.01s Real=0.01s
[2026-04-03T02:16:52.252+0600][63.514s][info][gc,start       ] GC(282) Pause Young (Mixed) (G1 Evacuation Pause)
[2026-04-03T02:16:52.252+0600][63.514s][info][gc,task        ] GC(282) Using 10 workers of 10 for evacuation
[2026-04-03T02:16:52.258+0600][63.520s][info][gc,phases      ] GC(282)   Pre Evacuate Collection Set: 0.30ms
[2026-04-03T02:16:52.258+0600][63.520s][info][gc,phases      ] GC(282)   Merge Heap Roots: 0.25ms
[2026-04-03T02:16:52.258+0600][63.520s][info][gc,phases      ] GC(282)   Evacuate Collection Set: 4.12ms
[2026-04-03T02:16:52.258+0600][63.520s][info][gc,phases      ] GC(282)   Post Evacuate Collection Set: 0.91ms
[2026-04-03T02:16:52.258+0600][63.520s][info][gc,phases      ] GC(282)   Other: 0.11ms
[2026-04-03T02:16:52.258+0600][63.520s][info][gc,heap        ] GC(282) Eden regions: 345->0(371)
[2026-04-03T02:16:52.258+0600][63.520s][info][gc,heap        ] GC(282) Survivor regions: 5->7(47)
[2026-04-03T02:16:52.258+0600][63.520s][info][gc,heap        ] GC(282) Old regions: 86->86
[2026-04-03T02:16:52.258+0600][63.520s][info][gc,heap        ] GC(282) Humongous regions: 186->8
[2026-04-03T02:16:52.258+0600][63.520s][info][gc,metaspace   ] GC(282) Metaspace: 131708K(133184K)->131708K(133184K) NonClass: 115143K(115904K)->115143K(115904K) Class: 16564K(17280K)->16564K(17280K)
[2026-04-03T02:16:52.258+0600][63.520s][info][gc             ] GC(282) Pause Young (Mixed) (G1 Evacuation Pause) 621M->99M(630M) 6.010ms
[2026-04-03T02:16:52.258+0600][63.520s][info][gc,cpu         ] GC(282) User=0.03s Sys=0.01s Real=0.00s
[2026-04-03T02:16:52.271+0600][63.533s][info][gc,start       ] GC(283) Pause Young (Concurrent Start) (GCLocker Initiated GC)
[2026-04-03T02:16:52.271+0600][63.533s][info][gc,task        ] GC(283) Using 10 workers of 10 for evacuation
[2026-04-03T02:16:52.275+0600][63.537s][info][gc,phases      ] GC(283)   Pre Evacuate Collection Set: 0.38ms
[2026-04-03T02:16:52.275+0600][63.537s][info][gc,phases      ] GC(283)   Merge Heap Roots: 0.16ms
[2026-04-03T02:16:52.275+0600][63.537s][info][gc,phases      ] GC(283)   Evacuate Collection Set: 2.65ms
[2026-04-03T02:16:52.275+0600][63.537s][info][gc,phases      ] GC(283)   Post Evacuate Collection Set: 0.71ms
[2026-04-03T02:16:52.275+0600][63.537s][info][gc,phases      ] GC(283)   Other: 0.19ms
[2026-04-03T02:16:52.275+0600][63.537s][info][gc,heap        ] GC(283) Eden regions: 12->0(370)
[2026-04-03T02:16:52.275+0600][63.537s][info][gc,heap        ] GC(283) Survivor regions: 7->8(48)
[2026-04-03T02:16:52.275+0600][63.537s][info][gc,heap        ] GC(283) Old regions: 86->86
[2026-04-03T02:16:52.275+0600][63.537s][info][gc,heap        ] GC(283) Humongous regions: 8->8
[2026-04-03T02:16:52.275+0600][63.537s][info][gc,metaspace   ] GC(283) Metaspace: 131708K(133184K)->131708K(133184K) NonClass: 115143K(115904K)->115143K(115904K) Class: 16564K(17280K)->16564K(17280K)
[2026-04-03T02:16:52.275+0600][63.537s][info][gc             ] GC(283) Pause Young (Concurrent Start) (GCLocker Initiated GC) 111M->100M(630M) 4.418ms
[2026-04-03T02:16:52.275+0600][63.537s][info][gc             ] GC(284) Concurrent Mark Cycle
[2026-04-03T02:16:52.276+0600][63.537s][info][gc,cpu         ] GC(283) User=0.03s Sys=0.00s Real=0.00s
[2026-04-03T02:16:52.276+0600][63.537s][info][gc,marking     ] GC(284) Concurrent Scan Root Regions
[2026-04-03T02:16:52.279+0600][63.540s][info][gc,marking     ] GC(284) Concurrent Scan Root Regions 3.010ms
[2026-04-03T02:16:52.279+0600][63.541s][info][gc,marking     ] GC(284) Concurrent Mark
[2026-04-03T02:16:52.279+0600][63.541s][info][gc,marking     ] GC(284) Concurrent Mark From Roots
[2026-04-03T02:16:52.279+0600][63.541s][info][gc,task        ] GC(284) Using 3 workers of 3 for marking
[2026-04-03T02:16:52.361+0600][63.623s][info][gc,marking     ] GC(284) Concurrent Mark From Roots 82.373ms
[2026-04-03T02:16:52.361+0600][63.623s][info][gc,marking     ] GC(284) Concurrent Preclean
[2026-04-03T02:16:52.362+0600][63.624s][info][gc,marking     ] GC(284) Concurrent Preclean 0.650ms
[2026-04-03T02:16:52.362+0600][63.624s][info][gc,start       ] GC(284) Pause Remark
[2026-04-03T02:16:52.372+0600][63.634s][info][gc             ] GC(284) Pause Remark 195M->195M(487M) 9.600ms
[2026-04-03T02:16:52.372+0600][63.634s][info][gc,cpu         ] GC(284) User=0.07s Sys=0.01s Real=0.01s
[2026-04-03T02:16:52.372+0600][63.634s][info][gc,marking     ] GC(284) Concurrent Mark 93.572ms
[2026-04-03T02:16:52.372+0600][63.634s][info][gc,marking     ] GC(284) Concurrent Rebuild Remembered Sets and Scrub Regions
[2026-04-03T02:16:52.403+0600][63.665s][info][gc,marking     ] GC(284) Concurrent Rebuild Remembered Sets and Scrub Regions 30.492ms
[2026-04-03T02:16:52.403+0600][63.665s][info][gc,start       ] GC(284) Pause Cleanup
[2026-04-03T02:16:52.404+0600][63.665s][info][gc             ] GC(284) Pause Cleanup 228M->228M(487M) 0.293ms
[2026-04-03T02:16:52.404+0600][63.666s][info][gc,cpu         ] GC(284) User=0.00s Sys=0.00s Real=0.00s
[2026-04-03T02:16:52.404+0600][63.666s][info][gc,marking     ] GC(284) Concurrent Clear Claimed Marks
[2026-04-03T02:16:52.404+0600][63.666s][info][gc,marking     ] GC(284) Concurrent Clear Claimed Marks 0.384ms
[2026-04-03T02:16:52.404+0600][63.666s][info][gc,marking     ] GC(284) Concurrent Cleanup for Next Mark
[2026-04-03T02:16:52.405+0600][63.667s][info][gc,marking     ] GC(284) Concurrent Cleanup for Next Mark 0.921ms
[2026-04-03T02:16:52.405+0600][63.667s][info][gc             ] GC(284) Concurrent Mark Cycle 129.687ms
[2026-04-03T02:16:52.578+0600][63.840s][info][gc,start       ] GC(285) Pause Young (Prepare Mixed) (G1 Evacuation Pause)
[2026-04-03T02:16:52.578+0600][63.840s][info][gc,task        ] GC(285) Using 10 workers of 10 for evacuation
[2026-04-03T02:16:52.583+0600][63.845s][info][gc,phases      ] GC(285)   Pre Evacuate Collection Set: 0.34ms
[2026-04-03T02:16:52.583+0600][63.845s][info][gc,phases      ] GC(285)   Merge Heap Roots: 0.23ms
[2026-04-03T02:16:52.583+0600][63.845s][info][gc,phases      ] GC(285)   Evacuate Collection Set: 3.78ms
[2026-04-03T02:16:52.583+0600][63.845s][info][gc,phases      ] GC(285)   Post Evacuate Collection Set: 0.72ms
[2026-04-03T02:16:52.583+0600][63.845s][info][gc,phases      ] GC(285)   Other: 0.11ms
[2026-04-03T02:16:52.583+0600][63.845s][info][gc,heap        ] GC(285) Eden regions: 217->0(296)
[2026-04-03T02:16:52.583+0600][63.845s][info][gc,heap        ] GC(285) Survivor regions: 8->6(37)
[2026-04-03T02:16:52.583+0600][63.845s][info][gc,heap        ] GC(285) Old regions: 86->87
[2026-04-03T02:16:52.583+0600][63.845s][info][gc,heap        ] GC(285) Humongous regions: 186->8
[2026-04-03T02:16:52.583+0600][63.845s][info][gc,metaspace   ] GC(285) Metaspace: 131711K(133184K)->131711K(133184K) NonClass: 115146K(115904K)->115146K(115904K) Class: 16564K(17280K)->16564K(17280K)
[2026-04-03T02:16:52.583+0600][63.845s][info][gc             ] GC(285) Pause Young (Prepare Mixed) (G1 Evacuation Pause) 495M->98M(504M) 5.515ms
[2026-04-03T02:16:52.584+0600][63.845s][info][gc,cpu         ] GC(285) User=0.03s Sys=0.00s Real=0.01s
[2026-04-03T02:16:52.861+0600][64.123s][info][gc,start       ] GC(286) Pause Young (Mixed) (G1 Evacuation Pause)
[2026-04-03T02:16:52.861+0600][64.123s][info][gc,task        ] GC(286) Using 10 workers of 10 for evacuation
[2026-04-03T02:16:52.867+0600][64.129s][info][gc,phases      ] GC(286)   Pre Evacuate Collection Set: 0.49ms
[2026-04-03T02:16:52.867+0600][64.129s][info][gc,phases      ] GC(286)   Merge Heap Roots: 0.22ms
[2026-04-03T02:16:52.867+0600][64.129s][info][gc,phases      ] GC(286)   Evacuate Collection Set: 4.50ms
[2026-04-03T02:16:52.867+0600][64.129s][info][gc,phases      ] GC(286)   Post Evacuate Collection Set: 0.70ms
[2026-04-03T02:16:52.867+0600][64.129s][info][gc,phases      ] GC(286)   Other: 0.12ms
[2026-04-03T02:16:52.867+0600][64.129s][info][gc,heap        ] GC(286) Eden regions: 245->0(303)
[2026-04-03T02:16:52.867+0600][64.129s][info][gc,heap        ] GC(286) Survivor regions: 6->8(38)
[2026-04-03T02:16:52.867+0600][64.129s][info][gc,heap        ] GC(286) Old regions: 87->86
[2026-04-03T02:16:52.867+0600][64.129s][info][gc,heap        ] GC(286) Humongous regions: 172->8
[2026-04-03T02:16:52.867+0600][64.129s][info][gc,metaspace   ] GC(286) Metaspace: 131713K(133184K)->131713K(133184K) NonClass: 115148K(115904K)->115148K(115904K) Class: 16564K(17280K)->16564K(17280K)
[2026-04-03T02:16:52.867+0600][64.129s][info][gc             ] GC(286) Pause Young (Mixed) (G1 Evacuation Pause) 507M->100M(519M) 6.329ms
[2026-04-03T02:16:52.867+0600][64.129s][info][gc,cpu         ] GC(286) User=0.04s Sys=0.01s Real=0.00s
[2026-04-03T02:16:52.874+0600][64.136s][info][gc,start       ] GC(287) Pause Young (Concurrent Start) (G1 Humongous Allocation)
[2026-04-03T02:16:52.874+0600][64.136s][info][gc,task        ] GC(287) Using 10 workers of 10 for evacuation
[2026-04-03T02:16:52.878+0600][64.140s][info][gc,phases      ] GC(287)   Pre Evacuate Collection Set: 0.31ms
[2026-04-03T02:16:52.878+0600][64.140s][info][gc,phases      ] GC(287)   Merge Heap Roots: 0.12ms
[2026-04-03T02:16:52.878+0600][64.140s][info][gc,phases      ] GC(287)   Evacuate Collection Set: 2.93ms
[2026-04-03T02:16:52.878+0600][64.140s][info][gc,phases      ] GC(287)   Post Evacuate Collection Set: 0.46ms
[2026-04-03T02:16:52.878+0600][64.140s][info][gc,phases      ] GC(287)   Other: 0.12ms
[2026-04-03T02:16:52.878+0600][64.140s][info][gc,heap        ] GC(287) Eden regions: 10->0(304)
[2026-04-03T02:16:52.878+0600][64.140s][info][gc,heap        ] GC(287) Survivor regions: 8->7(39)
[2026-04-03T02:16:52.878+0600][64.140s][info][gc,heap        ] GC(287) Old regions: 86->86
[2026-04-03T02:16:52.878+0600][64.140s][info][gc,heap        ] GC(287) Humongous regions: 8->8
[2026-04-03T02:16:52.878+0600][64.140s][info][gc,metaspace   ] GC(287) Metaspace: 131713K(133184K)->131713K(133184K) NonClass: 115148K(115904K)->115148K(115904K) Class: 16564K(17280K)->16564K(17280K)
[2026-04-03T02:16:52.878+0600][64.140s][info][gc             ] GC(287) Pause Young (Concurrent Start) (G1 Humongous Allocation) 109M->99M(519M) 4.211ms
[2026-04-03T02:16:52.878+0600][64.140s][info][gc             ] GC(288) Concurrent Mark Cycle
[2026-04-03T02:16:52.878+0600][64.140s][info][gc,cpu         ] GC(287) User=0.03s Sys=0.01s Real=0.00s
[2026-04-03T02:16:52.878+0600][64.140s][info][gc,marking     ] GC(288) Concurrent Scan Root Regions
[2026-04-03T02:16:52.881+0600][64.143s][info][gc,marking     ] GC(288) Concurrent Scan Root Regions 3.023ms
[2026-04-03T02:16:52.882+0600][64.143s][info][gc,marking     ] GC(288) Concurrent Mark
[2026-04-03T02:16:52.882+0600][64.143s][info][gc,marking     ] GC(288) Concurrent Mark From Roots
[2026-04-03T02:16:52.882+0600][64.143s][info][gc,task        ] GC(288) Using 3 workers of 3 for marking
[2026-04-03T02:16:52.944+0600][64.206s][info][gc,marking     ] GC(288) Concurrent Mark From Roots 62.331ms
[2026-04-03T02:16:52.944+0600][64.206s][info][gc,marking     ] GC(288) Concurrent Preclean
[2026-04-03T02:16:52.944+0600][64.206s][info][gc,marking     ] GC(288) Concurrent Preclean 0.279ms
[2026-04-03T02:16:52.945+0600][64.207s][info][gc,start       ] GC(288) Pause Remark
[2026-04-03T02:16:52.954+0600][64.216s][info][gc             ] GC(288) Pause Remark 131M->131M(394M) 9.133ms
[2026-04-03T02:16:52.954+0600][64.216s][info][gc,cpu         ] GC(288) User=0.07s Sys=0.00s Real=0.01s
[2026-04-03T02:16:52.954+0600][64.216s][info][gc,marking     ] GC(288) Concurrent Mark 72.624ms
[2026-04-03T02:16:52.954+0600][64.216s][info][gc,marking     ] GC(288) Concurrent Rebuild Remembered Sets and Scrub Regions
[2026-04-03T02:16:52.979+0600][64.241s][info][gc,marking     ] GC(288) Concurrent Rebuild Remembered Sets and Scrub Regions 24.978ms
[2026-04-03T02:16:52.980+0600][64.242s][info][gc,start       ] GC(288) Pause Cleanup
[2026-04-03T02:16:52.980+0600][64.242s][info][gc             ] GC(288) Pause Cleanup 141M->141M(394M) 0.608ms
[2026-04-03T02:16:52.980+0600][64.242s][info][gc,cpu         ] GC(288) User=0.01s Sys=0.00s Real=0.01s
[2026-04-03T02:16:52.981+0600][64.242s][info][gc,marking     ] GC(288) Concurrent Clear Claimed Marks
[2026-04-03T02:16:52.981+0600][64.243s][info][gc,marking     ] GC(288) Concurrent Clear Claimed Marks 0.455ms
[2026-04-03T02:16:52.981+0600][64.243s][info][gc,marking     ] GC(288) Concurrent Cleanup for Next Mark
[2026-04-03T02:16:52.982+0600][64.243s][info][gc,marking     ] GC(288) Concurrent Cleanup for Next Mark 0.531ms
[2026-04-03T02:16:52.982+0600][64.244s][info][gc             ] GC(288) Concurrent Mark Cycle 103.275ms
[2026-04-03T02:16:53.229+0600][64.491s][info][gc,start       ] GC(289) Pause Young (Prepare Mixed) (G1 Evacuation Pause)
[2026-04-03T02:16:53.229+0600][64.491s][info][gc,task        ] GC(289) Using 9 workers of 10 for evacuation
[2026-04-03T02:16:53.234+0600][64.496s][info][gc,phases      ] GC(289)   Pre Evacuate Collection Set: 0.35ms
[2026-04-03T02:16:53.234+0600][64.496s][info][gc,phases      ] GC(289)   Merge Heap Roots: 0.18ms
[2026-04-03T02:16:53.234+0600][64.496s][info][gc,phases      ] GC(289)   Evacuate Collection Set: 3.65ms
[2026-04-03T02:16:53.234+0600][64.496s][info][gc,phases      ] GC(289)   Post Evacuate Collection Set: 0.56ms
[2026-04-03T02:16:53.234+0600][64.496s][info][gc,phases      ] GC(289)   Other: 0.10ms
[2026-04-03T02:16:53.234+0600][64.496s][info][gc,heap        ] GC(289) Eden regions: 208->0(241)
[2026-04-03T02:16:53.234+0600][64.496s][info][gc,heap        ] GC(289) Survivor regions: 7->8(30)
[2026-04-03T02:16:53.234+0600][64.496s][info][gc,heap        ] GC(289) Old regions: 86->87
[2026-04-03T02:16:53.234+0600][64.496s][info][gc,heap        ] GC(289) Humongous regions: 106->8
[2026-04-03T02:16:53.234+0600][64.496s][info][gc,metaspace   ] GC(289) Metaspace: 131721K(133184K)->131721K(133184K) NonClass: 115154K(115904K)->115154K(115904K) Class: 16566K(17280K)->16566K(17280K)
[2026-04-03T02:16:53.234+0600][64.496s][info][gc             ] GC(289) Pause Young (Prepare Mixed) (G1 Evacuation Pause) 405M->100M(416M) 5.088ms
[2026-04-03T02:16:53.234+0600][64.496s][info][gc,cpu         ] GC(289) User=0.03s Sys=0.01s Real=0.01s
[2026-04-03T02:16:53.422+0600][64.684s][info][gc,start       ] GC(290) Pause Young (Mixed) (G1 Evacuation Pause)
[2026-04-03T02:16:53.422+0600][64.684s][info][gc,task        ] GC(290) Using 10 workers of 10 for evacuation
[2026-04-03T02:16:53.426+0600][64.688s][info][gc,phases      ] GC(290)   Pre Evacuate Collection Set: 0.25ms
[2026-04-03T02:16:53.426+0600][64.688s][info][gc,phases      ] GC(290)   Merge Heap Roots: 0.13ms
[2026-04-03T02:16:53.426+0600][64.688s][info][gc,phases      ] GC(290)   Evacuate Collection Set: 3.33ms
[2026-04-03T02:16:53.426+0600][64.688s][info][gc,phases      ] GC(290)   Post Evacuate Collection Set: 0.66ms
[2026-04-03T02:16:53.426+0600][64.688s][info][gc,phases      ] GC(290)   Other: 0.10ms
[2026-04-03T02:16:53.426+0600][64.688s][info][gc,heap        ] GC(290) Eden regions: 150->0(335)
[2026-04-03T02:16:53.426+0600][64.688s][info][gc,heap        ] GC(290) Survivor regions: 8->10(33)
[2026-04-03T02:16:53.426+0600][64.688s][info][gc,heap        ] GC(290) Old regions: 87->86
[2026-04-03T02:16:53.426+0600][64.688s][info][gc,heap        ] GC(290) Humongous regions: 321->23
[2026-04-03T02:16:53.426+0600][64.688s][info][gc,metaspace   ] GC(290) Metaspace: 131721K(133184K)->131721K(133184K) NonClass: 115154K(115904K)->115154K(115904K) Class: 16566K(17280K)->16566K(17280K)
[2026-04-03T02:16:53.426+0600][64.688s][info][gc             ] GC(290) Pause Young (Mixed) (G1 Evacuation Pause) 563M->117M(576M) 4.737ms
[2026-04-03T02:16:53.426+0600][64.688s][info][gc,cpu         ] GC(290) User=0.02s Sys=0.00s Real=0.00s
[2026-04-03T02:16:53.431+0600][64.693s][info][gc,start       ] GC(291) Pause Young (Concurrent Start) (G1 Humongous Allocation)
[2026-04-03T02:16:53.431+0600][64.693s][info][gc,task        ] GC(291) Using 10 workers of 10 for evacuation
[2026-04-03T02:16:53.434+0600][64.696s][info][gc,phases      ] GC(291)   Pre Evacuate Collection Set: 0.27ms
[2026-04-03T02:16:53.434+0600][64.696s][info][gc,phases      ] GC(291)   Merge Heap Roots: 0.08ms
[2026-04-03T02:16:53.434+0600][64.696s][info][gc,phases      ] GC(291)   Evacuate Collection Set: 2.03ms
[2026-04-03T02:16:53.434+0600][64.696s][info][gc,phases      ] GC(291)   Post Evacuate Collection Set: 0.50ms
[2026-04-03T02:16:53.434+0600][64.696s][info][gc,phases      ] GC(291)   Other: 0.10ms
[2026-04-03T02:16:53.434+0600][64.696s][info][gc,heap        ] GC(291) Eden regions: 7->0(337)
[2026-04-03T02:16:53.434+0600][64.696s][info][gc,heap        ] GC(291) Survivor regions: 10->8(44)
[2026-04-03T02:16:53.434+0600][64.696s][info][gc,heap        ] GC(291) Old regions: 86->86
[2026-04-03T02:16:53.434+0600][64.696s][info][gc,heap        ] GC(291) Humongous regions: 65->13
[2026-04-03T02:16:53.434+0600][64.696s][info][gc,metaspace   ] GC(291) Metaspace: 131721K(133184K)->131721K(133184K) NonClass: 115154K(115904K)->115154K(115904K) Class: 16566K(17280K)->16566K(17280K)
[2026-04-03T02:16:53.434+0600][64.696s][info][gc             ] GC(291) Pause Young (Concurrent Start) (G1 Humongous Allocation) 165M->105M(576M) 3.239ms
[2026-04-03T02:16:53.434+0600][64.696s][info][gc             ] GC(292) Concurrent Undo Cycle
[2026-04-03T02:16:53.434+0600][64.696s][info][gc,cpu         ] GC(291) User=0.02s Sys=0.00s Real=0.00s
[2026-04-03T02:16:53.434+0600][64.696s][info][gc,marking     ] GC(292) Concurrent Clear Claimed Marks
[2026-04-03T02:16:53.435+0600][64.697s][info][gc,marking     ] GC(292) Concurrent Clear Claimed Marks 0.350ms
[2026-04-03T02:16:53.435+0600][64.697s][info][gc,marking     ] GC(292) Concurrent Cleanup for Next Mark
[2026-04-03T02:16:53.435+0600][64.697s][info][gc,marking     ] GC(292) Concurrent Cleanup for Next Mark 0.282ms
[2026-04-03T02:16:53.435+0600][64.697s][info][gc             ] GC(292) Concurrent Undo Cycle 0.865ms
[2026-04-03T02:16:53.436+0600][64.698s][info][gc,start       ] GC(293) Pause Young (Concurrent Start) (G1 Humongous Allocation)
[2026-04-03T02:16:53.436+0600][64.698s][info][gc,task        ] GC(293) Using 10 workers of 10 for evacuation
[2026-04-03T02:16:53.439+0600][64.701s][info][gc,phases      ] GC(293)   Pre Evacuate Collection Set: 0.20ms
[2026-04-03T02:16:53.439+0600][64.701s][info][gc,phases      ] GC(293)   Merge Heap Roots: 0.09ms
[2026-04-03T02:16:53.439+0600][64.701s][info][gc,phases      ] GC(293)   Evacuate Collection Set: 2.18ms
[2026-04-03T02:16:53.439+0600][64.701s][info][gc,phases      ] GC(293)   Post Evacuate Collection Set: 0.62ms
[2026-04-03T02:16:53.439+0600][64.701s][info][gc,phases      ] GC(293)   Other: 0.10ms
[2026-04-03T02:16:53.439+0600][64.701s][info][gc,heap        ] GC(293) Eden regions: 2->0(337)
[2026-04-03T02:16:53.439+0600][64.701s][info][gc,heap        ] GC(293) Survivor regions: 8->8(44)
[2026-04-03T02:16:53.439+0600][64.701s][info][gc,heap        ] GC(293) Old regions: 86->86
[2026-04-03T02:16:53.439+0600][64.701s][info][gc,heap        ] GC(293) Humongous regions: 23->18
[2026-04-03T02:16:53.439+0600][64.701s][info][gc,metaspace   ] GC(293) Metaspace: 131721K(133184K)->131721K(133184K) NonClass: 115154K(115904K)->115154K(115904K) Class: 16566K(17280K)->16566K(17280K)
[2026-04-03T02:16:53.439+0600][64.701s][info][gc             ] GC(293) Pause Young (Concurrent Start) (G1 Humongous Allocation) 117M->111M(576M) 3.424ms
[2026-04-03T02:16:53.439+0600][64.701s][info][gc             ] GC(294) Concurrent Mark Cycle
[2026-04-03T02:16:53.439+0600][64.701s][info][gc,marking     ] GC(294) Concurrent Scan Root Regions
[2026-04-03T02:16:53.439+0600][64.701s][info][gc,cpu         ] GC(293) User=0.02s Sys=0.00s Real=0.00s
[2026-04-03T02:16:53.443+0600][64.705s][info][gc,marking     ] GC(294) Concurrent Scan Root Regions 3.374ms
[2026-04-03T02:16:53.443+0600][64.705s][info][gc,marking     ] GC(294) Concurrent Mark
[2026-04-03T02:16:53.443+0600][64.705s][info][gc,marking     ] GC(294) Concurrent Mark From Roots
[2026-04-03T02:16:53.443+0600][64.705s][info][gc,task        ] GC(294) Using 3 workers of 3 for marking
[2026-04-03T02:16:53.516+0600][64.777s][info][gc,marking     ] GC(294) Concurrent Mark From Roots 72.731ms
[2026-04-03T02:16:53.516+0600][64.778s][info][gc,marking     ] GC(294) Concurrent Preclean
[2026-04-03T02:16:53.516+0600][64.778s][info][gc,marking     ] GC(294) Concurrent Preclean 0.408ms
[2026-04-03T02:16:53.516+0600][64.778s][info][gc,start       ] GC(294) Pause Remark
[2026-04-03T02:16:53.525+0600][64.787s][info][gc             ] GC(294) Pause Remark 189M->189M(497M) 9.000ms
[2026-04-03T02:16:53.526+0600][64.788s][info][gc,cpu         ] GC(294) User=0.07s Sys=0.00s Real=0.01s
[2026-04-03T02:16:53.526+0600][64.788s][info][gc,marking     ] GC(294) Concurrent Mark 82.958ms
[2026-04-03T02:16:53.526+0600][64.788s][info][gc,marking     ] GC(294) Concurrent Rebuild Remembered Sets and Scrub Regions
[2026-04-03T02:16:53.558+0600][64.820s][info][gc,marking     ] GC(294) Concurrent Rebuild Remembered Sets and Scrub Regions 32.321ms
[2026-04-03T02:16:53.561+0600][64.823s][info][gc,start       ] GC(294) Pause Cleanup
[2026-04-03T02:16:53.561+0600][64.823s][info][gc             ] GC(294) Pause Cleanup 486M->486M(497M) 0.427ms
[2026-04-03T02:16:53.561+0600][64.823s][info][gc,cpu         ] GC(294) User=0.00s Sys=0.00s Real=0.00s
[2026-04-03T02:16:53.562+0600][64.824s][info][gc,marking     ] GC(294) Concurrent Clear Claimed Marks
[2026-04-03T02:16:53.562+0600][64.824s][info][gc,marking     ] GC(294) Concurrent Clear Claimed Marks 0.465ms
[2026-04-03T02:16:53.562+0600][64.824s][info][gc,marking     ] GC(294) Concurrent Cleanup for Next Mark
[2026-04-03T02:16:53.564+0600][64.826s][info][gc,marking     ] GC(294) Concurrent Cleanup for Next Mark 1.772ms
[2026-04-03T02:16:53.564+0600][64.826s][info][gc             ] GC(294) Concurrent Mark Cycle 124.606ms
[2026-04-03T02:16:53.588+0600][64.850s][info][gc,start       ] GC(295) Pause Young (Prepare Mixed) (G1 Evacuation Pause)
[2026-04-03T02:16:53.589+0600][64.850s][info][gc,task        ] GC(295) Using 10 workers of 10 for evacuation
[2026-04-03T02:16:53.592+0600][64.854s][info][gc,phases      ] GC(295)   Pre Evacuate Collection Set: 0.42ms
[2026-04-03T02:16:53.593+0600][64.854s][info][gc,phases      ] GC(295)   Merge Heap Roots: 0.28ms
[2026-04-03T02:16:53.593+0600][64.854s][info][gc,phases      ] GC(295)   Evacuate Collection Set: 2.26ms
[2026-04-03T02:16:53.593+0600][64.854s][info][gc,phases      ] GC(295)   Post Evacuate Collection Set: 0.87ms
[2026-04-03T02:16:53.593+0600][64.854s][info][gc,phases      ] GC(295)   Other: 0.11ms
[2026-04-03T02:16:53.593+0600][64.855s][info][gc,heap        ] GC(295) Eden regions: 66->0(327)
[2026-04-03T02:16:53.593+0600][64.855s][info][gc,heap        ] GC(295) Survivor regions: 8->4(40)
[2026-04-03T02:16:53.593+0600][64.855s][info][gc,heap        ] GC(295) Old regions: 86->87
[2026-04-03T02:16:53.593+0600][64.855s][info][gc,heap        ] GC(295) Humongous regions: 388->8
[2026-04-03T02:16:53.593+0600][64.855s][info][gc,metaspace   ] GC(295) Metaspace: 131726K(133184K)->131726K(133184K) NonClass: 115159K(115904K)->115159K(115904K) Class: 16566K(17280K)->16566K(17280K)
[2026-04-03T02:16:53.593+0600][64.855s][info][gc             ] GC(295) Pause Young (Prepare Mixed) (G1 Evacuation Pause) 547M->97M(553M) 4.342ms
[2026-04-03T02:16:53.593+0600][64.855s][info][gc,cpu         ] GC(295) User=0.03s Sys=0.00s Real=0.01s
[2026-04-03T02:16:54.095+0600][65.357s][info][gc,start       ] GC(296) Pause Young (Mixed) (G1 Evacuation Pause)
[2026-04-03T02:16:54.095+0600][65.357s][info][gc,task        ] GC(296) Using 10 workers of 10 for evacuation
[2026-04-03T02:16:54.100+0600][65.362s][info][gc,phases      ] GC(296)   Pre Evacuate Collection Set: 0.26ms
[2026-04-03T02:16:54.100+0600][65.362s][info][gc,phases      ] GC(296)   Merge Heap Roots: 0.14ms
[2026-04-03T02:16:54.100+0600][65.362s][info][gc,phases      ] GC(296)   Evacuate Collection Set: 3.67ms
[2026-04-03T02:16:54.100+0600][65.362s][info][gc,phases      ] GC(296)   Post Evacuate Collection Set: 0.60ms
[2026-04-03T02:16:54.100+0600][65.362s][info][gc,phases      ] GC(296)   Other: 0.10ms
[2026-04-03T02:16:54.100+0600][65.362s][info][gc,heap        ] GC(296) Eden regions: 314->0(339)
[2026-04-03T02:16:54.100+0600][65.362s][info][gc,heap        ] GC(296) Survivor regions: 4->7(43)
[2026-04-03T02:16:54.100+0600][65.362s][info][gc,heap        ] GC(296) Old regions: 87->86
[2026-04-03T02:16:54.100+0600][65.362s][info][gc,heap        ] GC(296) Humongous regions: 165->8
[2026-04-03T02:16:54.100+0600][65.362s][info][gc,metaspace   ] GC(296) Metaspace: 131739K(133184K)->131739K(133184K) NonClass: 115173K(115904K)->115173K(115904K) Class: 16566K(17280K)->16566K(17280K)
[2026-04-03T02:16:54.100+0600][65.362s][info][gc             ] GC(296) Pause Young (Mixed) (G1 Evacuation Pause) 568M->99M(578M) 5.027ms
[2026-04-03T02:16:54.100+0600][65.362s][info][gc,cpu         ] GC(296) User=0.02s Sys=0.02s Real=0.01s
[2026-04-03T02:16:54.116+0600][65.378s][info][gc,start       ] GC(297) Pause Young (Concurrent Start) (G1 Humongous Allocation)
[2026-04-03T02:16:54.116+0600][65.378s][info][gc,task        ] GC(297) Using 10 workers of 10 for evacuation
[2026-04-03T02:16:54.120+0600][65.382s][info][gc,phases      ] GC(297)   Pre Evacuate Collection Set: 0.53ms
[2026-04-03T02:16:54.120+0600][65.382s][info][gc,phases      ] GC(297)   Merge Heap Roots: 0.16ms
[2026-04-03T02:16:54.120+0600][65.382s][info][gc,phases      ] GC(297)   Evacuate Collection Set: 2.67ms
[2026-04-03T02:16:54.120+0600][65.382s][info][gc,phases      ] GC(297)   Post Evacuate Collection Set: 0.58ms
[2026-04-03T02:16:54.120+0600][65.382s][info][gc,phases      ] GC(297)   Other: 0.18ms
[2026-04-03T02:16:54.120+0600][65.382s][info][gc,heap        ] GC(297) Eden regions: 24->0(338)
[2026-04-03T02:16:54.120+0600][65.382s][info][gc,heap        ] GC(297) Survivor regions: 7->8(44)
[2026-04-03T02:16:54.120+0600][65.382s][info][gc,heap        ] GC(297) Old regions: 86->86
[2026-04-03T02:16:54.120+0600][65.382s][info][gc,heap        ] GC(297) Humongous regions: 8->8
[2026-04-03T02:16:54.120+0600][65.382s][info][gc,metaspace   ] GC(297) Metaspace: 131739K(133184K)->131739K(133184K) NonClass: 115173K(115904K)->115173K(115904K) Class: 16566K(17280K)->16566K(17280K)
[2026-04-03T02:16:54.120+0600][65.382s][info][gc             ] GC(297) Pause Young (Concurrent Start) (G1 Humongous Allocation) 123M->100M(578M) 4.435ms
[2026-04-03T02:16:54.120+0600][65.382s][info][gc             ] GC(298) Concurrent Mark Cycle
[2026-04-03T02:16:54.121+0600][65.382s][info][gc,marking     ] GC(298) Concurrent Scan Root Regions
[2026-04-03T02:16:54.121+0600][65.382s][info][gc,cpu         ] GC(297) User=0.03s Sys=0.01s Real=0.01s
[2026-04-03T02:16:54.123+0600][65.385s][info][gc,marking     ] GC(298) Concurrent Scan Root Regions 2.696ms
[2026-04-03T02:16:54.123+0600][65.385s][info][gc,marking     ] GC(298) Concurrent Mark
[2026-04-03T02:16:54.123+0600][65.385s][info][gc,marking     ] GC(298) Concurrent Mark From Roots
[2026-04-03T02:16:54.123+0600][65.385s][info][gc,task        ] GC(298) Using 3 workers of 3 for marking
[2026-04-03T02:16:54.207+0600][65.469s][info][gc,marking     ] GC(298) Concurrent Mark From Roots 83.463ms
[2026-04-03T02:16:54.207+0600][65.469s][info][gc,marking     ] GC(298) Concurrent Preclean
[2026-04-03T02:16:54.207+0600][65.469s][info][gc,marking     ] GC(298) Concurrent Preclean 0.220ms
[2026-04-03T02:16:54.207+0600][65.469s][info][gc,start       ] GC(298) Pause Remark
[2026-04-03T02:16:54.216+0600][65.478s][info][gc             ] GC(298) Pause Remark 204M->204M(500M) 8.862ms
[2026-04-03T02:16:54.217+0600][65.478s][info][gc,cpu         ] GC(298) User=0.07s Sys=0.01s Real=0.01s
[2026-04-03T02:16:54.217+0600][65.479s][info][gc,marking     ] GC(298) Concurrent Mark 93.441ms
[2026-04-03T02:16:54.217+0600][65.479s][info][gc,marking     ] GC(298) Concurrent Rebuild Remembered Sets and Scrub Regions
[2026-04-03T02:16:54.251+0600][65.513s][info][gc,marking     ] GC(298) Concurrent Rebuild Remembered Sets and Scrub Regions 34.204ms
[2026-04-03T02:16:54.251+0600][65.513s][info][gc,start       ] GC(298) Pause Cleanup
[2026-04-03T02:16:54.252+0600][65.514s][info][gc             ] GC(298) Pause Cleanup 234M->234M(500M) 0.503ms
[2026-04-03T02:16:54.252+0600][65.514s][info][gc,cpu         ] GC(298) User=0.00s Sys=0.00s Real=0.00s
[2026-04-03T02:16:54.252+0600][65.514s][info][gc,marking     ] GC(298) Concurrent Clear Claimed Marks
[2026-04-03T02:16:54.253+0600][65.515s][info][gc,marking     ] GC(298) Concurrent Clear Claimed Marks 0.432ms
[2026-04-03T02:16:54.253+0600][65.515s][info][gc,marking     ] GC(298) Concurrent Cleanup for Next Mark
[2026-04-03T02:16:54.255+0600][65.517s][info][gc,marking     ] GC(298) Concurrent Cleanup for Next Mark 2.002ms
[2026-04-03T02:16:54.255+0600][65.517s][info][gc             ] GC(298) Concurrent Mark Cycle 134.477ms
[2026-04-03T02:16:54.454+0600][65.715s][info][gc,start       ] GC(299) Pause Young (Prepare Mixed) (G1 Evacuation Pause)
[2026-04-03T02:16:54.454+0600][65.715s][info][gc,task        ] GC(299) Using 10 workers of 10 for evacuation
[2026-04-03T02:16:54.457+0600][65.719s][info][gc,phases      ] GC(299)   Pre Evacuate Collection Set: 0.34ms
[2026-04-03T02:16:54.457+0600][65.719s][info][gc,phases      ] GC(299)   Merge Heap Roots: 0.16ms
[2026-04-03T02:16:54.457+0600][65.719s][info][gc,phases      ] GC(299)   Evacuate Collection Set: 2.64ms
[2026-04-03T02:16:54.457+0600][65.719s][info][gc,phases      ] GC(299)   Post Evacuate Collection Set: 0.54ms
[2026-04-03T02:16:54.457+0600][65.719s][info][gc,phases      ] GC(299)   Other: 0.08ms
[2026-04-03T02:16:54.457+0600][65.719s][info][gc,heap        ] GC(299) Eden regions: 222->0(305)
[2026-04-03T02:16:54.457+0600][65.719s][info][gc,heap        ] GC(299) Survivor regions: 8->7(38)
[2026-04-03T02:16:54.457+0600][65.719s][info][gc,heap        ] GC(299) Old regions: 86->87
[2026-04-03T02:16:54.457+0600][65.719s][info][gc,heap        ] GC(299) Humongous regions: 197->8
[2026-04-03T02:16:54.457+0600][65.719s][info][gc,metaspace   ] GC(299) Metaspace: 131741K(133184K)->131741K(133184K) NonClass: 115174K(115904K)->115174K(115904K) Class: 16566K(17280K)->16566K(17280K)
[2026-04-03T02:16:54.458+0600][65.719s][info][gc             ] GC(299) Pause Young (Prepare Mixed) (G1 Evacuation Pause) 511M->99M(521M) 4.002ms
[2026-04-03T02:16:54.458+0600][65.719s][info][gc,cpu         ] GC(299) User=0.03s Sys=0.00s Real=0.00s
[2026-04-03T02:16:54.766+0600][66.028s][info][gc,start       ] GC(300) Pause Young (Mixed) (G1 Evacuation Pause)
[2026-04-03T02:16:54.766+0600][66.028s][info][gc,task        ] GC(300) Using 10 workers of 10 for evacuation
[2026-04-03T02:16:54.774+0600][66.036s][info][gc,phases      ] GC(300)   Pre Evacuate Collection Set: 0.63ms
[2026-04-03T02:16:54.774+0600][66.036s][info][gc,phases      ] GC(300)   Merge Heap Roots: 0.30ms
[2026-04-03T02:16:54.774+0600][66.036s][info][gc,phases      ] GC(300)   Evacuate Collection Set: 5.48ms
[2026-04-03T02:16:54.774+0600][66.036s][info][gc,phases      ] GC(300)   Post Evacuate Collection Set: 1.05ms
[2026-04-03T02:16:54.774+0600][66.036s][info][gc,phases      ] GC(300)   Other: 0.17ms
[2026-04-03T02:16:54.774+0600][66.036s][info][gc,heap        ] GC(300) Eden regions: 251->0(310)
[2026-04-03T02:16:54.774+0600][66.036s][info][gc,heap        ] GC(300) Survivor regions: 7->8(39)
[2026-04-03T02:16:54.774+0600][66.036s][info][gc,heap        ] GC(300) Old regions: 87->86
[2026-04-03T02:16:54.774+0600][66.036s][info][gc,heap        ] GC(300) Humongous regions: 176->8
[2026-04-03T02:16:54.774+0600][66.036s][info][gc,metaspace   ] GC(300) Metaspace: 131743K(133184K)->131743K(133184K) NonClass: 115177K(115904K)->115177K(115904K) Class: 16566K(17280K)->16566K(17280K)
[2026-04-03T02:16:54.774+0600][66.036s][info][gc             ] GC(300) Pause Young (Mixed) (G1 Evacuation Pause) 518M->100M(530M) 8.052ms
[2026-04-03T02:16:54.774+0600][66.036s][info][gc,cpu         ] GC(300) User=0.05s Sys=0.02s Real=0.01s
[2026-04-03T02:16:54.783+0600][66.045s][info][gc,start       ] GC(301) Pause Young (Concurrent Start) (G1 Humongous Allocation)
[2026-04-03T02:16:54.783+0600][66.045s][info][gc,task        ] GC(301) Using 10 workers of 10 for evacuation
[2026-04-03T02:16:54.787+0600][66.049s][info][gc,phases      ] GC(301)   Pre Evacuate Collection Set: 0.40ms
[2026-04-03T02:16:54.787+0600][66.049s][info][gc,phases      ] GC(301)   Merge Heap Roots: 0.10ms
[2026-04-03T02:16:54.787+0600][66.049s][info][gc,phases      ] GC(301)   Evacuate Collection Set: 2.77ms
[2026-04-03T02:16:54.787+0600][66.049s][info][gc,phases      ] GC(301)   Post Evacuate Collection Set: 0.63ms
[2026-04-03T02:16:54.787+0600][66.049s][info][gc,phases      ] GC(301)   Other: 0.19ms
[2026-04-03T02:16:54.787+0600][66.049s][info][gc,heap        ] GC(301) Eden regions: 13->0(311)
[2026-04-03T02:16:54.787+0600][66.049s][info][gc,heap        ] GC(301) Survivor regions: 8->7(40)
[2026-04-03T02:16:54.787+0600][66.049s][info][gc,heap        ] GC(301) Old regions: 86->86
[2026-04-03T02:16:54.787+0600][66.049s][info][gc,heap        ] GC(301) Humongous regions: 8->8
[2026-04-03T02:16:54.787+0600][66.049s][info][gc,metaspace   ] GC(301) Metaspace: 131743K(133184K)->131743K(133184K) NonClass: 115177K(115904K)->115177K(115904K) Class: 16566K(17280K)->16566K(17280K)
[2026-04-03T02:16:54.787+0600][66.049s][info][gc             ] GC(301) Pause Young (Concurrent Start) (G1 Humongous Allocation) 113M->100M(530M) 4.451ms
[2026-04-03T02:16:54.787+0600][66.049s][info][gc,cpu         ] GC(301) User=0.03s Sys=0.00s Real=0.00s
[2026-04-03T02:16:54.787+0600][66.049s][info][gc             ] GC(302) Concurrent Mark Cycle
[2026-04-03T02:16:54.787+0600][66.049s][info][gc,marking     ] GC(302) Concurrent Scan Root Regions
[2026-04-03T02:16:54.790+0600][66.052s][info][gc,marking     ] GC(302) Concurrent Scan Root Regions 2.633ms
[2026-04-03T02:16:54.790+0600][66.052s][info][gc,marking     ] GC(302) Concurrent Mark
[2026-04-03T02:16:54.790+0600][66.052s][info][gc,marking     ] GC(302) Concurrent Mark From Roots
[2026-04-03T02:16:54.790+0600][66.052s][info][gc,task        ] GC(302) Using 3 workers of 3 for marking
[2026-04-03T02:16:54.856+0600][66.118s][info][gc,marking     ] GC(302) Concurrent Mark From Roots 65.795ms
[2026-04-03T02:16:54.856+0600][66.118s][info][gc,marking     ] GC(302) Concurrent Preclean
[2026-04-03T02:16:54.856+0600][66.118s][info][gc,marking     ] GC(302) Concurrent Preclean 0.189ms
[2026-04-03T02:16:54.856+0600][66.118s][info][gc,start       ] GC(302) Pause Remark
[2026-04-03T02:16:54.864+0600][66.126s][info][gc             ] GC(302) Pause Remark 155M->155M(414M) 7.663ms
[2026-04-03T02:16:54.864+0600][66.126s][info][gc,cpu         ] GC(302) User=0.05s Sys=0.00s Real=0.01s
[2026-04-03T02:16:54.864+0600][66.126s][info][gc,marking     ] GC(302) Concurrent Mark 74.382ms
[2026-04-03T02:16:54.864+0600][66.126s][info][gc,marking     ] GC(302) Concurrent Rebuild Remembered Sets and Scrub Regions
[2026-04-03T02:16:54.891+0600][66.153s][info][gc,marking     ] GC(302) Concurrent Rebuild Remembered Sets and Scrub Regions 26.186ms
[2026-04-03T02:16:54.891+0600][66.153s][info][gc,start       ] GC(302) Pause Cleanup
[2026-04-03T02:16:54.891+0600][66.153s][info][gc             ] GC(302) Pause Cleanup 166M->166M(414M) 0.325ms
[2026-04-03T02:16:54.892+0600][66.153s][info][gc,cpu         ] GC(302) User=0.00s Sys=0.00s Real=0.00s
[2026-04-03T02:16:54.892+0600][66.153s][info][gc,marking     ] GC(302) Concurrent Clear Claimed Marks
[2026-04-03T02:16:54.892+0600][66.154s][info][gc,marking     ] GC(302) Concurrent Clear Claimed Marks 0.410ms
[2026-04-03T02:16:54.892+0600][66.154s][info][gc,marking     ] GC(302) Concurrent Cleanup for Next Mark
[2026-04-03T02:16:54.893+0600][66.155s][info][gc,marking     ] GC(302) Concurrent Cleanup for Next Mark 0.834ms
[2026-04-03T02:16:54.893+0600][66.155s][info][gc             ] GC(302) Concurrent Mark Cycle 105.751ms
[2026-04-03T02:16:55.116+0600][66.378s][info][gc,start       ] GC(303) Pause Young (Prepare Mixed) (G1 Evacuation Pause)
[2026-04-03T02:16:55.116+0600][66.378s][info][gc,task        ] GC(303) Using 10 workers of 10 for evacuation
[2026-04-03T02:16:55.121+0600][66.382s][info][gc,phases      ] GC(303)   Pre Evacuate Collection Set: 0.31ms
[2026-04-03T02:16:55.121+0600][66.382s][info][gc,phases      ] GC(303)   Merge Heap Roots: 0.16ms
[2026-04-03T02:16:55.121+0600][66.382s][info][gc,phases      ] GC(303)   Evacuate Collection Set: 3.21ms
[2026-04-03T02:16:55.121+0600][66.382s][info][gc,phases      ] GC(303)   Post Evacuate Collection Set: 0.54ms
[2026-04-03T02:16:55.121+0600][66.382s][info][gc,phases      ] GC(303)   Other: 0.10ms
[2026-04-03T02:16:55.121+0600][66.383s][info][gc,heap        ] GC(303) Eden regions: 222->0(249)
[2026-04-03T02:16:55.121+0600][66.383s][info][gc,heap        ] GC(303) Survivor regions: 7->8(31)
[2026-04-03T02:16:55.121+0600][66.383s][info][gc,heap        ] GC(303) Old regions: 86->87
[2026-04-03T02:16:55.121+0600][66.383s][info][gc,heap        ] GC(303) Humongous regions: 105->10
[2026-04-03T02:16:55.121+0600][66.383s][info][gc,metaspace   ] GC(303) Metaspace: 131751K(133184K)->131751K(133184K) NonClass: 115184K(115904K)->115184K(115904K) Class: 16566K(17280K)->16566K(17280K)
[2026-04-03T02:16:55.121+0600][66.383s][info][gc             ] GC(303) Pause Young (Prepare Mixed) (G1 Evacuation Pause) 419M->102M(429M) 4.564ms
[2026-04-03T02:16:55.121+0600][66.383s][info][gc,cpu         ] GC(303) User=0.02s Sys=0.01s Real=0.01s
[2026-04-03T02:16:55.312+0600][66.574s][info][gc,start       ] GC(304) Pause Young (Mixed) (G1 Evacuation Pause)
[2026-04-03T02:16:55.312+0600][66.574s][info][gc,task        ] GC(304) Using 10 workers of 10 for evacuation
[2026-04-03T02:16:55.317+0600][66.579s][info][gc,phases      ] GC(304)   Pre Evacuate Collection Set: 0.33ms
[2026-04-03T02:16:55.317+0600][66.579s][info][gc,phases      ] GC(304)   Merge Heap Roots: 0.26ms
[2026-04-03T02:16:55.317+0600][66.579s][info][gc,phases      ] GC(304)   Evacuate Collection Set: 3.62ms
[2026-04-03T02:16:55.317+0600][66.579s][info][gc,phases      ] GC(304)   Post Evacuate Collection Set: 0.74ms
[2026-04-03T02:16:55.317+0600][66.579s][info][gc,phases      ] GC(304)   Other: 0.10ms
[2026-04-03T02:16:55.317+0600][66.579s][info][gc,heap        ] GC(304) Eden regions: 154->0(346)
[2026-04-03T02:16:55.317+0600][66.579s][info][gc,heap        ] GC(304) Survivor regions: 8->10(35)
[2026-04-03T02:16:55.317+0600][66.579s][info][gc,heap        ] GC(304) Old regions: 87->86
[2026-04-03T02:16:55.317+0600][66.579s][info][gc,heap        ] GC(304) Humongous regions: 335->13
[2026-04-03T02:16:55.317+0600][66.579s][info][gc,metaspace   ] GC(304) Metaspace: 131754K(133184K)->131754K(133184K) NonClass: 115187K(115904K)->115187K(115904K) Class: 16567K(17280K)->16567K(17280K)
[2026-04-03T02:16:55.317+0600][66.579s][info][gc             ] GC(304) Pause Young (Mixed) (G1 Evacuation Pause) 581M->108M(594M) 5.331ms
[2026-04-03T02:16:55.317+0600][66.579s][info][gc,cpu         ] GC(304) User=0.02s Sys=0.01s Real=0.00s
[2026-04-03T02:16:55.318+0600][66.580s][info][gc,start       ] GC(305) Pause Young (Concurrent Start) (G1 Humongous Allocation)
[2026-04-03T02:16:55.318+0600][66.580s][info][gc,task        ] GC(305) Using 10 workers of 10 for evacuation
[2026-04-03T02:16:55.321+0600][66.583s][info][gc,phases      ] GC(305)   Pre Evacuate Collection Set: 0.28ms
[2026-04-03T02:16:55.321+0600][66.583s][info][gc,phases      ] GC(305)   Merge Heap Roots: 0.06ms
[2026-04-03T02:16:55.321+0600][66.583s][info][gc,phases      ] GC(305)   Evacuate Collection Set: 2.19ms
[2026-04-03T02:16:55.321+0600][66.583s][info][gc,phases      ] GC(305)   Post Evacuate Collection Set: 0.50ms
[2026-04-03T02:16:55.321+0600][66.583s][info][gc,phases      ] GC(305)   Other: 0.11ms
[2026-04-03T02:16:55.321+0600][66.583s][info][gc,heap        ] GC(305) Eden regions: 3->0(345)
[2026-04-03T02:16:55.321+0600][66.583s][info][gc,heap        ] GC(305) Survivor regions: 10->11(45)
[2026-04-03T02:16:55.321+0600][66.583s][info][gc,heap        ] GC(305) Old regions: 86->86
[2026-04-03T02:16:55.321+0600][66.583s][info][gc,heap        ] GC(305) Humongous regions: 13->13
[2026-04-03T02:16:55.321+0600][66.583s][info][gc,metaspace   ] GC(305) Metaspace: 131754K(133184K)->131754K(133184K) NonClass: 115187K(115904K)->115187K(115904K) Class: 16567K(17280K)->16567K(17280K)
[2026-04-03T02:16:55.321+0600][66.583s][info][gc             ] GC(305) Pause Young (Concurrent Start) (G1 Humongous Allocation) 110M->108M(594M) 3.423ms
[2026-04-03T02:16:55.321+0600][66.583s][info][gc             ] GC(306) Concurrent Mark Cycle
[2026-04-03T02:16:55.321+0600][66.583s][info][gc,marking     ] GC(306) Concurrent Scan Root Regions
[2026-04-03T02:16:55.321+0600][66.583s][info][gc,cpu         ] GC(305) User=0.03s Sys=0.00s Real=0.01s
[2026-04-03T02:16:55.324+0600][66.586s][info][gc,marking     ] GC(306) Concurrent Scan Root Regions 2.830ms
[2026-04-03T02:16:55.324+0600][66.586s][info][gc,marking     ] GC(306) Concurrent Mark
[2026-04-03T02:16:55.324+0600][66.586s][info][gc,marking     ] GC(306) Concurrent Mark From Roots
[2026-04-03T02:16:55.324+0600][66.586s][info][gc,task        ] GC(306) Using 3 workers of 3 for marking
[2026-04-03T02:16:55.405+0600][66.667s][info][gc,marking     ] GC(306) Concurrent Mark From Roots 80.296ms
[2026-04-03T02:16:55.405+0600][66.667s][info][gc,marking     ] GC(306) Concurrent Preclean
[2026-04-03T02:16:55.405+0600][66.667s][info][gc,marking     ] GC(306) Concurrent Preclean 0.183ms
[2026-04-03T02:16:55.405+0600][66.667s][info][gc,start       ] GC(306) Pause Remark
[2026-04-03T02:16:55.413+0600][66.675s][info][gc             ] GC(306) Pause Remark 230M->230M(594M) 7.703ms
[2026-04-03T02:16:55.413+0600][66.675s][info][gc,cpu         ] GC(306) User=0.05s Sys=0.01s Real=0.01s
[2026-04-03T02:16:55.413+0600][66.675s][info][gc,marking     ] GC(306) Concurrent Mark 88.941ms
[2026-04-03T02:16:55.413+0600][66.675s][info][gc,marking     ] GC(306) Concurrent Rebuild Remembered Sets and Scrub Regions
[2026-04-03T02:16:55.440+0600][66.701s][info][gc,marking     ] GC(306) Concurrent Rebuild Remembered Sets and Scrub Regions 26.208ms
[2026-04-03T02:16:55.441+0600][66.703s][info][gc,start       ] GC(306) Pause Cleanup
[2026-04-03T02:16:55.441+0600][66.703s][info][gc             ] GC(306) Pause Cleanup 412M->412M(594M) 0.375ms
[2026-04-03T02:16:55.441+0600][66.703s][info][gc,cpu         ] GC(306) User=0.00s Sys=0.00s Real=0.00s
[2026-04-03T02:16:55.441+0600][66.703s][info][gc,marking     ] GC(306) Concurrent Clear Claimed Marks
[2026-04-03T02:16:55.442+0600][66.704s][info][gc,marking     ] GC(306) Concurrent Clear Claimed Marks 0.498ms
[2026-04-03T02:16:55.442+0600][66.704s][info][gc,marking     ] GC(306) Concurrent Cleanup for Next Mark
[2026-04-03T02:16:55.444+0600][66.706s][info][gc,marking     ] GC(306) Concurrent Cleanup for Next Mark 2.258ms
[2026-04-03T02:16:55.444+0600][66.706s][info][gc             ] GC(306) Concurrent Mark Cycle 122.812ms
[2026-04-03T02:16:55.478+0600][66.740s][info][gc,start       ] GC(307) Pause Young (Prepare Mixed) (G1 Evacuation Pause)
[2026-04-03T02:16:55.478+0600][66.740s][info][gc,task        ] GC(307) Using 10 workers of 10 for evacuation
[2026-04-03T02:16:55.482+0600][66.744s][info][gc,phases      ] GC(307)   Pre Evacuate Collection Set: 0.36ms
[2026-04-03T02:16:55.483+0600][66.744s][info][gc,phases      ] GC(307)   Merge Heap Roots: 0.21ms
[2026-04-03T02:16:55.483+0600][66.744s][info][gc,phases      ] GC(307)   Evacuate Collection Set: 2.71ms
[2026-04-03T02:16:55.483+0600][66.744s][info][gc,phases      ] GC(307)   Post Evacuate Collection Set: 0.74ms
[2026-04-03T02:16:55.483+0600][66.744s][info][gc,phases      ] GC(307)   Other: 0.09ms
[2026-04-03T02:16:55.483+0600][66.744s][info][gc,heap        ] GC(307) Eden regions: 72->0(357)
[2026-04-03T02:16:55.483+0600][66.744s][info][gc,heap        ] GC(307) Survivor regions: 11->6(45)
[2026-04-03T02:16:55.483+0600][66.744s][info][gc,heap        ] GC(307) Old regions: 86->86
[2026-04-03T02:16:55.483+0600][66.744s][info][gc,heap        ] GC(307) Humongous regions: 430->8
[2026-04-03T02:16:55.483+0600][66.744s][info][gc,metaspace   ] GC(307) Metaspace: 131754K(133184K)->131754K(133184K) NonClass: 115187K(115904K)->115187K(115904K) Class: 16567K(17280K)->16567K(17280K)
[2026-04-03T02:16:55.483+0600][66.744s][info][gc             ] GC(307) Pause Young (Prepare Mixed) (G1 Evacuation Pause) 597M->98M(605M) 4.371ms
[2026-04-03T02:16:55.483+0600][66.745s][info][gc,cpu         ] GC(307) User=0.02s Sys=0.01s Real=0.01s
[2026-04-03T02:16:56.005+0600][67.267s][info][gc,start       ] GC(308) Pause Young (Mixed) (G1 Evacuation Pause)
[2026-04-03T02:16:56.005+0600][67.267s][info][gc,task        ] GC(308) Using 10 workers of 10 for evacuation
[2026-04-03T02:16:56.010+0600][67.272s][info][gc,phases      ] GC(308)   Pre Evacuate Collection Set: 0.42ms
[2026-04-03T02:16:56.010+0600][67.272s][info][gc,phases      ] GC(308)   Merge Heap Roots: 0.19ms
[2026-04-03T02:16:56.010+0600][67.272s][info][gc,phases      ] GC(308)   Evacuate Collection Set: 3.48ms
[2026-04-03T02:16:56.010+0600][67.272s][info][gc,phases      ] GC(308)   Post Evacuate Collection Set: 0.80ms
[2026-04-03T02:16:56.010+0600][67.272s][info][gc,phases      ] GC(308)   Other: 0.13ms
[2026-04-03T02:16:56.010+0600][67.272s][info][gc,heap        ] GC(308) Eden regions: 340->0(369)
[2026-04-03T02:16:56.010+0600][67.272s][info][gc,heap        ] GC(308) Survivor regions: 6->6(46)
[2026-04-03T02:16:56.010+0600][67.272s][info][gc,heap        ] GC(308) Old regions: 86->86
[2026-04-03T02:16:56.010+0600][67.272s][info][gc,heap        ] GC(308) Humongous regions: 186->8
[2026-04-03T02:16:56.010+0600][67.272s][info][gc,metaspace   ] GC(308) Metaspace: 131766K(133248K)->131766K(133248K) NonClass: 115198K(115968K)->115198K(115968K) Class: 16567K(17280K)->16567K(17280K)
[2026-04-03T02:16:56.010+0600][67.272s][info][gc             ] GC(308) Pause Young (Mixed) (G1 Evacuation Pause) 616M->99M(625M) 5.313ms
[2026-04-03T02:16:56.010+0600][67.272s][info][gc,cpu         ] GC(308) User=0.03s Sys=0.01s Real=0.01s
[2026-04-03T02:16:56.024+0600][67.286s][info][gc,start       ] GC(309) Pause Young (Concurrent Start) (G1 Humongous Allocation)
[2026-04-03T02:16:56.024+0600][67.286s][info][gc,task        ] GC(309) Using 10 workers of 10 for evacuation
[2026-04-03T02:16:56.029+0600][67.291s][info][gc,phases      ] GC(309)   Pre Evacuate Collection Set: 0.63ms
[2026-04-03T02:16:56.029+0600][67.291s][info][gc,phases      ] GC(309)   Merge Heap Roots: 0.19ms
[2026-04-03T02:16:56.029+0600][67.291s][info][gc,phases      ] GC(309)   Evacuate Collection Set: 2.85ms
[2026-04-03T02:16:56.029+0600][67.291s][info][gc,phases      ] GC(309)   Post Evacuate Collection Set: 0.80ms
[2026-04-03T02:16:56.029+0600][67.291s][info][gc,phases      ] GC(309)   Other: 0.16ms
[2026-04-03T02:16:56.029+0600][67.291s][info][gc,heap        ] GC(309) Eden regions: 14->0(367)
[2026-04-03T02:16:56.029+0600][67.291s][info][gc,heap        ] GC(309) Survivor regions: 6->8(47)
[2026-04-03T02:16:56.029+0600][67.291s][info][gc,heap        ] GC(309) Old regions: 86->86
[2026-04-03T02:16:56.029+0600][67.291s][info][gc,heap        ] GC(309) Humongous regions: 8->8
[2026-04-03T02:16:56.029+0600][67.291s][info][gc,metaspace   ] GC(309) Metaspace: 131766K(133248K)->131766K(133248K) NonClass: 115198K(115968K)->115198K(115968K) Class: 16567K(17280K)->16567K(17280K)
[2026-04-03T02:16:56.029+0600][67.291s][info][gc             ] GC(309) Pause Young (Concurrent Start) (G1 Humongous Allocation) 112M->101M(625M) 5.032ms
[2026-04-03T02:16:56.029+0600][67.291s][info][gc             ] GC(310) Concurrent Mark Cycle
[2026-04-03T02:16:56.030+0600][67.291s][info][gc,marking     ] GC(310) Concurrent Scan Root Regions
[2026-04-03T02:16:56.030+0600][67.291s][info][gc,cpu         ] GC(309) User=0.03s Sys=0.01s Real=0.00s
[2026-04-03T02:16:56.032+0600][67.294s][info][gc,marking     ] GC(310) Concurrent Scan Root Regions 2.888ms
[2026-04-03T02:16:56.032+0600][67.294s][info][gc,marking     ] GC(310) Concurrent Mark
[2026-04-03T02:16:56.032+0600][67.294s][info][gc,marking     ] GC(310) Concurrent Mark From Roots
[2026-04-03T02:16:56.033+0600][67.294s][info][gc,task        ] GC(310) Using 3 workers of 3 for marking
[2026-04-03T02:16:56.122+0600][67.384s][info][gc,marking     ] GC(310) Concurrent Mark From Roots 89.759ms
[2026-04-03T02:16:56.122+0600][67.384s][info][gc,marking     ] GC(310) Concurrent Preclean
[2026-04-03T02:16:56.123+0600][67.385s][info][gc,marking     ] GC(310) Concurrent Preclean 0.619ms
[2026-04-03T02:16:56.123+0600][67.385s][info][gc,start       ] GC(310) Pause Remark
[2026-04-03T02:16:56.133+0600][67.395s][info][gc             ] GC(310) Pause Remark 210M->210M(514M) 9.781ms
[2026-04-03T02:16:56.133+0600][67.395s][info][gc,cpu         ] GC(310) User=0.06s Sys=0.00s Real=0.01s
[2026-04-03T02:16:56.134+0600][67.395s][info][gc,marking     ] GC(310) Concurrent Mark 101.069ms
[2026-04-03T02:16:56.134+0600][67.395s][info][gc,marking     ] GC(310) Concurrent Rebuild Remembered Sets and Scrub Regions
[2026-04-03T02:16:56.166+0600][67.428s][info][gc,marking     ] GC(310) Concurrent Rebuild Remembered Sets and Scrub Regions 32.599ms
[2026-04-03T02:16:56.167+0600][67.429s][info][gc,start       ] GC(310) Pause Cleanup
[2026-04-03T02:16:56.168+0600][67.429s][info][gc             ] GC(310) Pause Cleanup 243M->243M(514M) 0.394ms
[2026-04-03T02:16:56.168+0600][67.429s][info][gc,cpu         ] GC(310) User=0.00s Sys=0.00s Real=0.00s
[2026-04-03T02:16:56.168+0600][67.430s][info][gc,marking     ] GC(310) Concurrent Clear Claimed Marks
[2026-04-03T02:16:56.168+0600][67.430s][info][gc,marking     ] GC(310) Concurrent Clear Claimed Marks 0.412ms
[2026-04-03T02:16:56.168+0600][67.430s][info][gc,marking     ] GC(310) Concurrent Cleanup for Next Mark
[2026-04-03T02:16:56.169+0600][67.431s][info][gc,marking     ] GC(310) Concurrent Cleanup for Next Mark 1.043ms
[2026-04-03T02:16:56.169+0600][67.431s][info][gc             ] GC(310) Concurrent Mark Cycle 139.859ms
[2026-04-03T02:16:56.343+0600][67.605s][info][gc,start       ] GC(311) Pause Young (Prepare Mixed) (G1 Evacuation Pause)
[2026-04-03T02:16:56.343+0600][67.605s][info][gc,task        ] GC(311) Using 10 workers of 10 for evacuation
[2026-04-03T02:16:56.349+0600][67.611s][info][gc,phases      ] GC(311)   Pre Evacuate Collection Set: 0.41ms
[2026-04-03T02:16:56.349+0600][67.611s][info][gc,phases      ] GC(311)   Merge Heap Roots: 0.25ms
[2026-04-03T02:16:56.349+0600][67.611s][info][gc,phases      ] GC(311)   Evacuate Collection Set: 4.52ms
[2026-04-03T02:16:56.349+0600][67.611s][info][gc,phases      ] GC(311)   Post Evacuate Collection Set: 0.82ms
[2026-04-03T02:16:56.349+0600][67.611s][info][gc,phases      ] GC(311)   Other: 0.12ms
[2026-04-03T02:16:56.349+0600][67.611s][info][gc,heap        ] GC(311) Eden regions: 228->0(309)
[2026-04-03T02:16:56.349+0600][67.611s][info][gc,heap        ] GC(311) Survivor regions: 8->7(39)
[2026-04-03T02:16:56.349+0600][67.611s][info][gc,heap        ] GC(311) Old regions: 86->87
[2026-04-03T02:16:56.349+0600][67.611s][info][gc,heap        ] GC(311) Humongous regions: 197->8
[2026-04-03T02:16:56.349+0600][67.611s][info][gc,metaspace   ] GC(311) Metaspace: 131766K(133248K)->131766K(133248K) NonClass: 115198K(115968K)->115198K(115968K) Class: 16567K(17280K)->16567K(17280K)
[2026-04-03T02:16:56.349+0600][67.611s][info][gc             ] GC(311) Pause Young (Prepare Mixed) (G1 Evacuation Pause) 518M->100M(527M) 6.431ms
[2026-04-03T02:16:56.350+0600][67.611s][info][gc,cpu         ] GC(311) User=0.04s Sys=0.01s Real=0.00s
[2026-04-03T02:16:56.662+0600][67.924s][info][gc,start       ] GC(312) Pause Young (Mixed) (G1 Evacuation Pause)
[2026-04-03T02:16:56.662+0600][67.924s][info][gc,task        ] GC(312) Using 10 workers of 10 for evacuation
[2026-04-03T02:16:56.666+0600][67.928s][info][gc,phases      ] GC(312)   Pre Evacuate Collection Set: 0.25ms
[2026-04-03T02:16:56.666+0600][67.928s][info][gc,phases      ] GC(312)   Merge Heap Roots: 0.16ms
[2026-04-03T02:16:56.666+0600][67.928s][info][gc,phases      ] GC(312)   Evacuate Collection Set: 2.69ms
[2026-04-03T02:16:56.666+0600][67.928s][info][gc,phases      ] GC(312)   Post Evacuate Collection Set: 0.63ms
[2026-04-03T02:16:56.666+0600][67.928s][info][gc,phases      ] GC(312)   Other: 0.08ms
[2026-04-03T02:16:56.666+0600][67.928s][info][gc,heap        ] GC(312) Eden regions: 257->0(317)
[2026-04-03T02:16:56.666+0600][67.928s][info][gc,heap        ] GC(312) Survivor regions: 7->7(40)
[2026-04-03T02:16:56.666+0600][67.928s][info][gc,heap        ] GC(312) Old regions: 87->86
[2026-04-03T02:16:56.666+0600][67.928s][info][gc,heap        ] GC(312) Humongous regions: 183->8
[2026-04-03T02:16:56.666+0600][67.928s][info][gc,metaspace   ] GC(312) Metaspace: 131767K(133248K)->131767K(133248K) NonClass: 115199K(115968K)->115199K(115968K) Class: 16567K(17280K)->16567K(17280K)
[2026-04-03T02:16:56.666+0600][67.928s][info][gc             ] GC(312) Pause Young (Mixed) (G1 Evacuation Pause) 532M->99M(541M) 4.035ms
[2026-04-03T02:16:56.666+0600][67.928s][info][gc,cpu         ] GC(312) User=0.02s Sys=0.00s Real=0.00s
[2026-04-03T02:16:56.670+0600][67.932s][info][gc,start       ] GC(313) Pause Young (Concurrent Start) (G1 Humongous Allocation)
[2026-04-03T02:16:56.670+0600][67.932s][info][gc,task        ] GC(313) Using 10 workers of 10 for evacuation
[2026-04-03T02:16:56.673+0600][67.934s][info][gc,phases      ] GC(313)   Pre Evacuate Collection Set: 0.30ms
[2026-04-03T02:16:56.673+0600][67.934s][info][gc,phases      ] GC(313)   Merge Heap Roots: 0.07ms
[2026-04-03T02:16:56.673+0600][67.934s][info][gc,phases      ] GC(313)   Evacuate Collection Set: 1.57ms
[2026-04-03T02:16:56.673+0600][67.934s][info][gc,phases      ] GC(313)   Post Evacuate Collection Set: 0.42ms
[2026-04-03T02:16:56.673+0600][67.934s][info][gc,phases      ] GC(313)   Other: 0.11ms
[2026-04-03T02:16:56.673+0600][67.934s][info][gc,heap        ] GC(313) Eden regions: 2->0(317)
[2026-04-03T02:16:56.673+0600][67.934s][info][gc,heap        ] GC(313) Survivor regions: 7->7(41)
[2026-04-03T02:16:56.673+0600][67.934s][info][gc,heap        ] GC(313) Old regions: 86->86
[2026-04-03T02:16:56.673+0600][67.934s][info][gc,heap        ] GC(313) Humongous regions: 8->8
[2026-04-03T02:16:56.673+0600][67.934s][info][gc,metaspace   ] GC(313) Metaspace: 131767K(133248K)->131767K(133248K) NonClass: 115199K(115968K)->115199K(115968K) Class: 16567K(17280K)->16567K(17280K)
[2026-04-03T02:16:56.673+0600][67.935s][info][gc             ] GC(313) Pause Young (Concurrent Start) (G1 Humongous Allocation) 101M->99M(541M) 2.666ms
[2026-04-03T02:16:56.673+0600][67.935s][info][gc             ] GC(314) Concurrent Mark Cycle
[2026-04-03T02:16:56.673+0600][67.935s][info][gc,cpu         ] GC(313) User=0.02s Sys=0.00s Real=0.00s
[2026-04-03T02:16:56.673+0600][67.935s][info][gc,marking     ] GC(314) Concurrent Scan Root Regions
[2026-04-03T02:16:56.674+0600][67.936s][info][gc,marking     ] GC(314) Concurrent Scan Root Regions 1.343ms
[2026-04-03T02:16:56.674+0600][67.936s][info][gc,marking     ] GC(314) Concurrent Mark
[2026-04-03T02:16:56.674+0600][67.936s][info][gc,marking     ] GC(314) Concurrent Mark From Roots
[2026-04-03T02:16:56.674+0600][67.936s][info][gc,task        ] GC(314) Using 3 workers of 3 for marking
[2026-04-03T02:16:56.737+0600][67.999s][info][gc,marking     ] GC(314) Concurrent Mark From Roots 62.895ms
[2026-04-03T02:16:56.737+0600][67.999s][info][gc,marking     ] GC(314) Concurrent Preclean
[2026-04-03T02:16:56.738+0600][67.999s][info][gc,marking     ] GC(314) Concurrent Preclean 0.428ms
[2026-04-03T02:16:56.738+0600][68.000s][info][gc,start       ] GC(314) Pause Remark
[2026-04-03T02:16:56.747+0600][68.009s][info][gc             ] GC(314) Pause Remark 144M->144M(407M) 8.508ms
[2026-04-03T02:16:56.747+0600][68.009s][info][gc,cpu         ] GC(314) User=0.06s Sys=0.00s Real=0.01s
[2026-04-03T02:16:56.747+0600][68.009s][info][gc,marking     ] GC(314) Concurrent Mark 72.980ms
[2026-04-03T02:16:56.747+0600][68.009s][info][gc,marking     ] GC(314) Concurrent Rebuild Remembered Sets and Scrub Regions
[2026-04-03T02:16:56.775+0600][68.037s][info][gc,marking     ] GC(314) Concurrent Rebuild Remembered Sets and Scrub Regions 28.135ms
[2026-04-03T02:16:56.776+0600][68.038s][info][gc,start       ] GC(314) Pause Cleanup
[2026-04-03T02:16:56.776+0600][68.038s][info][gc             ] GC(314) Pause Cleanup 167M->167M(407M) 0.325ms
[2026-04-03T02:16:56.776+0600][68.038s][info][gc,cpu         ] GC(314) User=0.00s Sys=0.00s Real=0.00s
[2026-04-03T02:16:56.776+0600][68.038s][info][gc,marking     ] GC(314) Concurrent Clear Claimed Marks
[2026-04-03T02:16:56.777+0600][68.039s][info][gc,marking     ] GC(314) Concurrent Clear Claimed Marks 0.390ms
[2026-04-03T02:16:56.777+0600][68.039s][info][gc,marking     ] GC(314) Concurrent Cleanup for Next Mark
[2026-04-03T02:16:56.777+0600][68.039s][info][gc,marking     ] GC(314) Concurrent Cleanup for Next Mark 0.579ms
[2026-04-03T02:16:56.777+0600][68.039s][info][gc             ] GC(314) Concurrent Mark Cycle 104.727ms
[2026-04-03T02:16:56.967+0600][68.229s][info][gc,start       ] GC(315) Pause Young (Prepare Mixed) (G1 Evacuation Pause)
[2026-04-03T02:16:56.967+0600][68.229s][info][gc,task        ] GC(315) Using 9 workers of 10 for evacuation
[2026-04-03T02:16:56.974+0600][68.236s][info][gc,phases      ] GC(315)   Pre Evacuate Collection Set: 0.63ms
[2026-04-03T02:16:56.974+0600][68.236s][info][gc,phases      ] GC(315)   Merge Heap Roots: 0.24ms
[2026-04-03T02:16:56.974+0600][68.236s][info][gc,phases      ] GC(315)   Evacuate Collection Set: 5.28ms
[2026-04-03T02:16:56.974+0600][68.236s][info][gc,phases      ] GC(315)   Post Evacuate Collection Set: 0.71ms
[2026-04-03T02:16:56.974+0600][68.236s][info][gc,phases      ] GC(315)   Other: 0.14ms
[2026-04-03T02:16:56.974+0600][68.236s][info][gc,heap        ] GC(315) Eden regions: 230->0(241)
[2026-04-03T02:16:56.974+0600][68.236s][info][gc,heap        ] GC(315) Survivor regions: 7->9(31)
[2026-04-03T02:16:56.974+0600][68.236s][info][gc,heap        ] GC(315) Old regions: 86->87
[2026-04-03T02:16:56.974+0600][68.236s][info][gc,heap        ] GC(315) Humongous regions: 84->8
[2026-04-03T02:16:56.974+0600][68.236s][info][gc,metaspace   ] GC(315) Metaspace: 131770K(133248K)->131770K(133248K) NonClass: 115203K(115968K)->115203K(115968K) Class: 16567K(17280K)->16567K(17280K)
[2026-04-03T02:16:56.974+0600][68.236s][info][gc             ] GC(315) Pause Young (Prepare Mixed) (G1 Evacuation Pause) 405M->101M(417M) 7.361ms
[2026-04-03T02:16:56.974+0600][68.236s][info][gc,cpu         ] GC(315) User=0.03s Sys=0.02s Real=0.01s
[2026-04-03T02:16:57.235+0600][68.497s][info][gc,start       ] GC(316) Pause Young (Mixed) (G1 Evacuation Pause)
[2026-04-03T02:16:57.235+0600][68.497s][info][gc,task        ] GC(316) Using 10 workers of 10 for evacuation
[2026-04-03T02:16:57.239+0600][68.501s][info][gc,phases      ] GC(316)   Pre Evacuate Collection Set: 0.22ms
[2026-04-03T02:16:57.239+0600][68.501s][info][gc,phases      ] GC(316)   Merge Heap Roots: 0.19ms
[2026-04-03T02:16:57.239+0600][68.501s][info][gc,phases      ] GC(316)   Evacuate Collection Set: 2.88ms
[2026-04-03T02:16:57.239+0600][68.501s][info][gc,phases      ] GC(316)   Post Evacuate Collection Set: 0.65ms
[2026-04-03T02:16:57.239+0600][68.501s][info][gc,phases      ] GC(316)   Other: 0.08ms
[2026-04-03T02:16:57.240+0600][68.501s][info][gc,heap        ] GC(316) Eden regions: 236->0(255)
[2026-04-03T02:16:57.240+0600][68.501s][info][gc,heap        ] GC(316) Survivor regions: 9->6(32)
[2026-04-03T02:16:57.240+0600][68.501s][info][gc,heap        ] GC(316) Old regions: 87->86
[2026-04-03T02:16:57.240+0600][68.501s][info][gc,heap        ] GC(316) Humongous regions: 98->8
[2026-04-03T02:16:57.240+0600][68.501s][info][gc,metaspace   ] GC(316) Metaspace: 131771K(133248K)->131771K(133248K) NonClass: 115203K(115968K)->115203K(115968K) Class: 16567K(17280K)->16567K(17280K)
[2026-04-03T02:16:57.240+0600][68.501s][info][gc             ] GC(316) Pause Young (Mixed) (G1 Evacuation Pause) 427M->99M(436M) 4.259ms
[2026-04-03T02:16:57.240+0600][68.502s][info][gc,cpu         ] GC(316) User=0.02s Sys=0.01s Real=0.00s
[2026-04-03T02:16:57.285+0600][68.547s][info][gc,start       ] GC(317) Pause Young (Concurrent Start) (G1 Humongous Allocation)
[2026-04-03T02:16:57.285+0600][68.547s][info][gc,task        ] GC(317) Using 10 workers of 10 for evacuation
[2026-04-03T02:16:57.290+0600][68.552s][info][gc,phases      ] GC(317)   Pre Evacuate Collection Set: 0.49ms
[2026-04-03T02:16:57.290+0600][68.552s][info][gc,phases      ] GC(317)   Merge Heap Roots: 0.30ms
[2026-04-03T02:16:57.290+0600][68.552s][info][gc,phases      ] GC(317)   Evacuate Collection Set: 3.21ms
[2026-04-03T02:16:57.290+0600][68.552s][info][gc,phases      ] GC(317)   Post Evacuate Collection Set: 0.78ms
[2026-04-03T02:16:57.290+0600][68.552s][info][gc,phases      ] GC(317)   Other: 0.20ms
[2026-04-03T02:16:57.290+0600][68.552s][info][gc,heap        ] GC(317) Eden regions: 75->0(255)
[2026-04-03T02:16:57.290+0600][68.552s][info][gc,heap        ] GC(317) Survivor regions: 6->6(33)
[2026-04-03T02:16:57.290+0600][68.552s][info][gc,heap        ] GC(317) Old regions: 86->86
[2026-04-03T02:16:57.290+0600][68.552s][info][gc,heap        ] GC(317) Humongous regions: 8->8
[2026-04-03T02:16:57.290+0600][68.552s][info][gc,metaspace   ] GC(317) Metaspace: 131771K(133248K)->131771K(133248K) NonClass: 115203K(115968K)->115203K(115968K) Class: 16567K(17280K)->16567K(17280K)
[2026-04-03T02:16:57.291+0600][68.552s][info][gc             ] GC(317) Pause Young (Concurrent Start) (G1 Humongous Allocation) 174M->98M(436M) 5.328ms
[2026-04-03T02:16:57.291+0600][68.552s][info][gc             ] GC(318) Concurrent Mark Cycle
[2026-04-03T02:16:57.291+0600][68.553s][info][gc,marking     ] GC(318) Concurrent Scan Root Regions
[2026-04-03T02:16:57.291+0600][68.553s][info][gc,cpu         ] GC(317) User=0.04s Sys=0.00s Real=0.01s
[2026-04-03T02:16:57.294+0600][68.556s][info][gc,marking     ] GC(318) Concurrent Scan Root Regions 3.192ms
[2026-04-03T02:16:57.294+0600][68.556s][info][gc,marking     ] GC(318) Concurrent Mark
[2026-04-03T02:16:57.294+0600][68.556s][info][gc,marking     ] GC(318) Concurrent Mark From Roots
[2026-04-03T02:16:57.294+0600][68.556s][info][gc,task        ] GC(318) Using 3 workers of 3 for marking
[2026-04-03T02:16:57.366+0600][68.628s][info][gc,marking     ] GC(318) Concurrent Mark From Roots 72.005ms
[2026-04-03T02:16:57.366+0600][68.628s][info][gc,marking     ] GC(318) Concurrent Preclean
[2026-04-03T02:16:57.366+0600][68.628s][info][gc,marking     ] GC(318) Concurrent Preclean 0.253ms
[2026-04-03T02:16:57.367+0600][68.628s][info][gc,start       ] GC(318) Pause Remark
[2026-04-03T02:16:57.375+0600][68.637s][info][gc             ] GC(318) Pause Remark 177M->177M(436M) 8.355ms
[2026-04-03T02:16:57.375+0600][68.637s][info][gc,cpu         ] GC(318) User=0.06s Sys=0.01s Real=0.01s
[2026-04-03T02:16:57.375+0600][68.637s][info][gc,marking     ] GC(318) Concurrent Mark 81.401ms
[2026-04-03T02:16:57.375+0600][68.637s][info][gc,marking     ] GC(318) Concurrent Rebuild Remembered Sets and Scrub Regions
[2026-04-03T02:16:57.407+0600][68.669s][info][gc,marking     ] GC(318) Concurrent Rebuild Remembered Sets and Scrub Regions 31.793ms
[2026-04-03T02:16:57.408+0600][68.669s][info][gc,start       ] GC(318) Pause Cleanup
[2026-04-03T02:16:57.408+0600][68.670s][info][gc             ] GC(318) Pause Cleanup 208M->208M(436M) 0.362ms
[2026-04-03T02:16:57.408+0600][68.670s][info][gc,cpu         ] GC(318) User=0.00s Sys=0.00s Real=0.00s
[2026-04-03T02:16:57.408+0600][68.670s][info][gc,marking     ] GC(318) Concurrent Clear Claimed Marks
[2026-04-03T02:16:57.408+0600][68.670s][info][gc,marking     ] GC(318) Concurrent Clear Claimed Marks 0.378ms
[2026-04-03T02:16:57.409+0600][68.670s][info][gc,marking     ] GC(318) Concurrent Cleanup for Next Mark
[2026-04-03T02:16:57.409+0600][68.671s][info][gc,marking     ] GC(318) Concurrent Cleanup for Next Mark 0.884ms
[2026-04-03T02:16:57.409+0600][68.671s][info][gc             ] GC(318) Concurrent Mark Cycle 118.925ms
[2026-04-03T02:16:57.548+0600][68.810s][info][gc,start       ] GC(319) Pause Full (System.gc())
[2026-04-03T02:16:57.549+0600][68.810s][info][gc,task        ] GC(319) Using 10 workers of 10 for full compaction
[2026-04-03T02:16:57.549+0600][68.811s][info][gc,phases,start] GC(319) Phase 1: Mark live objects
[2026-04-03T02:16:57.634+0600][68.896s][info][gc,phases      ] GC(319) Phase 1: Mark live objects 85.309ms
[2026-04-03T02:16:57.634+0600][68.896s][info][gc,phases,start] GC(319) Phase 2: Prepare compaction
[2026-04-03T02:16:57.637+0600][68.899s][info][gc,phases      ] GC(319) Phase 2: Prepare compaction 2.763ms
[2026-04-03T02:16:57.637+0600][68.899s][info][gc,phases,start] GC(319) Phase 3: Adjust pointers
[2026-04-03T02:16:57.658+0600][68.920s][info][gc,phases      ] GC(319) Phase 3: Adjust pointers 21.021ms
[2026-04-03T02:16:57.658+0600][68.920s][info][gc,phases,start] GC(319) Phase 4: Compact heap
[2026-04-03T02:16:57.660+0600][68.922s][info][gc,phases      ] GC(319) Phase 4: Compact heap 1.923ms
[2026-04-03T02:16:57.660+0600][68.922s][info][gc,phases,start] GC(319) Phase 5: Reset Metadata
[2026-04-03T02:16:57.665+0600][68.927s][info][gc,phases      ] GC(319) Phase 5: Reset Metadata 4.850ms
[2026-04-03T02:16:57.680+0600][68.942s][info][gc,heap        ] GC(319) Eden regions: 154->0(190)
[2026-04-03T02:16:57.680+0600][68.942s][info][gc,heap        ] GC(319) Survivor regions: 6->0(33)
[2026-04-03T02:16:57.680+0600][68.942s][info][gc,heap        ] GC(319) Old regions: 86->88
[2026-04-03T02:16:57.680+0600][68.942s][info][gc,heap        ] GC(319) Humongous regions: 134->8
[2026-04-03T02:16:57.680+0600][68.942s][info][gc,metaspace   ] GC(319) Metaspace: 131778K(133248K)->131778K(133248K) NonClass: 115209K(115968K)->115209K(115968K) Class: 16568K(17280K)->16568K(17280K)
[2026-04-03T02:16:57.680+0600][68.942s][info][gc             ] GC(319) Pause Full (System.gc()) 378M->92M(320M) 131.902ms
[2026-04-03T02:16:57.680+0600][68.942s][info][gc,cpu         ] GC(319) User=0.94s Sys=0.05s Real=0.14s
[2026-04-03T02:16:57.696+0600][68.958s][info][gc,start       ] GC(320) Pause Young (Concurrent Start) (G1 Humongous Allocation)
[2026-04-03T02:16:57.696+0600][68.958s][info][gc,task        ] GC(320) Using 8 workers of 10 for evacuation
[2026-04-03T02:16:57.699+0600][68.961s][info][gc,phases      ] GC(320)   Pre Evacuate Collection Set: 0.32ms
[2026-04-03T02:16:57.699+0600][68.961s][info][gc,phases      ] GC(320)   Merge Heap Roots: 0.18ms
[2026-04-03T02:16:57.699+0600][68.961s][info][gc,phases      ] GC(320)   Evacuate Collection Set: 1.67ms
[2026-04-03T02:16:57.699+0600][68.961s][info][gc,phases      ] GC(320)   Post Evacuate Collection Set: 0.51ms
[2026-04-03T02:16:57.699+0600][68.961s][info][gc,phases      ] GC(320)   Other: 0.25ms
[2026-04-03T02:16:57.699+0600][68.961s][info][gc,heap        ] GC(320) Eden regions: 5->0(191)
[2026-04-03T02:16:57.699+0600][68.961s][info][gc,heap        ] GC(320) Survivor regions: 0->1(24)
[2026-04-03T02:16:57.699+0600][68.961s][info][gc,heap        ] GC(320) Old regions: 88->88
[2026-04-03T02:16:57.699+0600][68.961s][info][gc,heap        ] GC(320) Humongous regions: 8->8
[2026-04-03T02:16:57.699+0600][68.961s][info][gc,metaspace   ] GC(320) Metaspace: 131778K(133248K)->131778K(133248K) NonClass: 115209K(115968K)->115209K(115968K) Class: 16568K(17280K)->16568K(17280K)
[2026-04-03T02:16:57.700+0600][68.961s][info][gc             ] GC(320) Pause Young (Concurrent Start) (G1 Humongous Allocation) 97M->93M(320M) 3.184ms
[2026-04-03T02:16:57.700+0600][68.961s][info][gc             ] GC(321) Concurrent Mark Cycle
[2026-04-03T02:16:57.700+0600][68.961s][info][gc,marking     ] GC(321) Concurrent Scan Root Regions
[2026-04-03T02:16:57.700+0600][68.961s][info][gc,cpu         ] GC(320) User=0.01s Sys=0.00s Real=0.00s
[2026-04-03T02:16:57.701+0600][68.963s][info][gc,marking     ] GC(321) Concurrent Scan Root Regions 1.133ms
[2026-04-03T02:16:57.701+0600][68.963s][info][gc,marking     ] GC(321) Concurrent Mark
[2026-04-03T02:16:57.701+0600][68.963s][info][gc,marking     ] GC(321) Concurrent Mark From Roots
[2026-04-03T02:16:57.701+0600][68.963s][info][gc,task        ] GC(321) Using 3 workers of 3 for marking
[2026-04-03T02:16:57.762+0600][69.024s][info][gc,marking     ] GC(321) Concurrent Mark From Roots 60.872ms
[2026-04-03T02:16:57.762+0600][69.024s][info][gc,marking     ] GC(321) Concurrent Preclean
[2026-04-03T02:16:57.762+0600][69.024s][info][gc,marking     ] GC(321) Concurrent Preclean 0.393ms
[2026-04-03T02:16:57.763+0600][69.024s][info][gc,start       ] GC(321) Pause Remark
[2026-04-03T02:16:57.772+0600][69.034s][info][gc             ] GC(321) Pause Remark 120M->120M(320M) 9.674ms
[2026-04-03T02:16:57.772+0600][69.034s][info][gc,cpu         ] GC(321) User=0.05s Sys=0.01s Real=0.01s
[2026-04-03T02:16:57.773+0600][69.035s][info][gc,marking     ] GC(321) Concurrent Mark 71.829ms
[2026-04-03T02:16:57.773+0600][69.035s][info][gc,marking     ] GC(321) Concurrent Rebuild Remembered Sets and Scrub Regions
[2026-04-03T02:16:57.797+0600][69.059s][info][gc,marking     ] GC(321) Concurrent Rebuild Remembered Sets and Scrub Regions 24.329ms
[2026-04-03T02:16:57.797+0600][69.059s][info][gc,start       ] GC(321) Pause Cleanup
[2026-04-03T02:16:57.798+0600][69.059s][info][gc             ] GC(321) Pause Cleanup 130M->130M(320M) 0.206ms
[2026-04-03T02:16:57.798+0600][69.059s][info][gc,cpu         ] GC(321) User=0.00s Sys=0.00s Real=0.00s
[2026-04-03T02:16:57.798+0600][69.060s][info][gc,marking     ] GC(321) Concurrent Clear Claimed Marks
[2026-04-03T02:16:57.798+0600][69.060s][info][gc,marking     ] GC(321) Concurrent Clear Claimed Marks 0.385ms
[2026-04-03T02:16:57.798+0600][69.060s][info][gc,marking     ] GC(321) Concurrent Cleanup for Next Mark
[2026-04-03T02:16:57.799+0600][69.060s][info][gc,marking     ] GC(321) Concurrent Cleanup for Next Mark 0.462ms
[2026-04-03T02:16:57.799+0600][69.061s][info][gc             ] GC(321) Concurrent Mark Cycle 99.092ms
[2026-04-03T02:16:57.858+0600][69.120s][info][gc,start       ] GC(322) Pause Young (Prepare Mixed) (G1 Evacuation Pause)
[2026-04-03T02:16:57.858+0600][69.120s][info][gc,task        ] GC(322) Using 10 workers of 10 for evacuation
[2026-04-03T02:16:57.862+0600][69.124s][info][gc,phases      ] GC(322)   Pre Evacuate Collection Set: 0.28ms
[2026-04-03T02:16:57.862+0600][69.124s][info][gc,phases      ] GC(322)   Merge Heap Roots: 0.10ms
[2026-04-03T02:16:57.862+0600][69.124s][info][gc,phases      ] GC(322)   Evacuate Collection Set: 2.32ms
[2026-04-03T02:16:57.862+0600][69.124s][info][gc,phases      ] GC(322)   Post Evacuate Collection Set: 0.56ms
[2026-04-03T02:16:57.862+0600][69.124s][info][gc,phases      ] GC(322)   Other: 0.08ms
[2026-04-03T02:16:57.862+0600][69.124s][info][gc,heap        ] GC(322) Eden regions: 56->0(250)
[2026-04-03T02:16:57.862+0600][69.124s][info][gc,heap        ] GC(322) Survivor regions: 1->5(25)
[2026-04-03T02:16:57.862+0600][69.124s][info][gc,heap        ] GC(322) Old regions: 88->88
[2026-04-03T02:16:57.862+0600][69.124s][info][gc,heap        ] GC(322) Humongous regions: 275->23
[2026-04-03T02:16:57.862+0600][69.124s][info][gc,metaspace   ] GC(322) Metaspace: 131778K(133248K)->131778K(133248K) NonClass: 115210K(115968K)->115210K(115968K) Class: 16568K(17280K)->16568K(17280K)
[2026-04-03T02:16:57.862+0600][69.124s][info][gc             ] GC(322) Pause Young (Prepare Mixed) (G1 Evacuation Pause) 416M->111M(425M) 3.563ms
[2026-04-03T02:16:57.862+0600][69.124s][info][gc,cpu         ] GC(322) User=0.01s Sys=0.01s Real=0.01s
[2026-04-03T02:16:57.959+0600][69.221s][info][gc,start       ] GC(323) Pause Young (Mixed) (G1 Evacuation Pause)
[2026-04-03T02:16:57.959+0600][69.221s][info][gc,task        ] GC(323) Using 10 workers of 10 for evacuation
[2026-04-03T02:16:57.963+0600][69.225s][info][gc,phases      ] GC(323)   Pre Evacuate Collection Set: 0.28ms
[2026-04-03T02:16:57.963+0600][69.225s][info][gc,phases      ] GC(323)   Merge Heap Roots: 0.11ms
[2026-04-03T02:16:57.963+0600][69.225s][info][gc,phases      ] GC(323)   Evacuate Collection Set: 2.68ms
[2026-04-03T02:16:57.963+0600][69.225s][info][gc,phases      ] GC(323)   Post Evacuate Collection Set: 1.13ms
[2026-04-03T02:16:57.963+0600][69.225s][info][gc,phases      ] GC(323)   Other: 0.10ms
[2026-04-03T02:16:57.963+0600][69.225s][info][gc,heap        ] GC(323) Eden regions: 60->0(343)
[2026-04-03T02:16:57.963+0600][69.225s][info][gc,heap        ] GC(323) Survivor regions: 5->5(32)
[2026-04-03T02:16:57.963+0600][69.225s][info][gc,heap        ] GC(323) Old regions: 88->88
[2026-04-03T02:16:57.963+0600][69.225s][info][gc,heap        ] GC(323) Humongous regions: 379->13
[2026-04-03T02:16:57.963+0600][69.225s][info][gc,metaspace   ] GC(323) Metaspace: 131780K(133248K)->131780K(133248K) NonClass: 115212K(115968K)->115212K(115968K) Class: 16568K(17280K)->16568K(17280K)
[2026-04-03T02:16:57.963+0600][69.225s][info][gc             ] GC(323) Pause Young (Mixed) (G1 Evacuation Pause) 527M->101M(581M) 4.546ms
[2026-04-03T02:16:57.963+0600][69.225s][info][gc,cpu         ] GC(323) User=0.01s Sys=0.01s Real=0.01s
[2026-04-03T02:16:57.964+0600][69.226s][info][gc,start       ] GC(324) Pause Young (Concurrent Start) (G1 Humongous Allocation)
[2026-04-03T02:16:57.964+0600][69.226s][info][gc,task        ] GC(324) Using 10 workers of 10 for evacuation
[2026-04-03T02:16:57.966+0600][69.228s][info][gc,phases      ] GC(324)   Pre Evacuate Collection Set: 0.18ms
[2026-04-03T02:16:57.966+0600][69.228s][info][gc,phases      ] GC(324)   Merge Heap Roots: 0.06ms
[2026-04-03T02:16:57.966+0600][69.228s][info][gc,phases      ] GC(324)   Evacuate Collection Set: 1.81ms
[2026-04-03T02:16:57.966+0600][69.228s][info][gc,phases      ] GC(324)   Post Evacuate Collection Set: 0.35ms
[2026-04-03T02:16:57.966+0600][69.228s][info][gc,phases      ] GC(324)   Other: 0.07ms
[2026-04-03T02:16:57.966+0600][69.228s][info][gc,heap        ] GC(324) Eden regions: 2->0(343)
[2026-04-03T02:16:57.966+0600][69.228s][info][gc,heap        ] GC(324) Survivor regions: 5->5(44)
[2026-04-03T02:16:57.966+0600][69.228s][info][gc,heap        ] GC(324) Old regions: 88->88
[2026-04-03T02:16:57.966+0600][69.228s][info][gc,heap        ] GC(324) Humongous regions: 13->8
[2026-04-03T02:16:57.966+0600][69.228s][info][gc,metaspace   ] GC(324) Metaspace: 131780K(133248K)->131780K(133248K) NonClass: 115212K(115968K)->115212K(115968K) Class: 16568K(17280K)->16568K(17280K)
[2026-04-03T02:16:57.966+0600][69.228s][info][gc             ] GC(324) Pause Young (Concurrent Start) (G1 Humongous Allocation) 102M->96M(581M) 2.625ms
[2026-04-03T02:16:57.967+0600][69.228s][info][gc             ] GC(325) Concurrent Mark Cycle
[2026-04-03T02:16:57.967+0600][69.228s][info][gc,cpu         ] GC(324) User=0.01s Sys=0.01s Real=0.00s
[2026-04-03T02:16:57.967+0600][69.228s][info][gc,marking     ] GC(325) Concurrent Scan Root Regions
[2026-04-03T02:16:57.968+0600][69.230s][info][gc,marking     ] GC(325) Concurrent Scan Root Regions 1.431ms
[2026-04-03T02:16:57.968+0600][69.230s][info][gc,marking     ] GC(325) Concurrent Mark
[2026-04-03T02:16:57.968+0600][69.230s][info][gc,marking     ] GC(325) Concurrent Mark From Roots
[2026-04-03T02:16:57.968+0600][69.230s][info][gc,task        ] GC(325) Using 3 workers of 3 for marking
[2026-04-03T02:16:58.043+0600][69.305s][info][gc,marking     ] GC(325) Concurrent Mark From Roots 74.990ms
[2026-04-03T02:16:58.043+0600][69.305s][info][gc,marking     ] GC(325) Concurrent Preclean
[2026-04-03T02:16:58.044+0600][69.306s][info][gc,marking     ] GC(325) Concurrent Preclean 0.547ms
[2026-04-03T02:16:58.044+0600][69.306s][info][gc,start       ] GC(325) Pause Remark
[2026-04-03T02:16:58.053+0600][69.314s][info][gc             ] GC(325) Pause Remark 261M->261M(581M) 8.429ms
[2026-04-03T02:16:58.053+0600][69.315s][info][gc,cpu         ] GC(325) User=0.06s Sys=0.00s Real=0.01s
[2026-04-03T02:16:58.053+0600][69.315s][info][gc,marking     ] GC(325) Concurrent Mark 84.841ms
[2026-04-03T02:16:58.053+0600][69.315s][info][gc,marking     ] GC(325) Concurrent Rebuild Remembered Sets and Scrub Regions
[2026-04-03T02:16:58.079+0600][69.341s][info][gc,marking     ] GC(325) Concurrent Rebuild Remembered Sets and Scrub Regions 25.754ms
[2026-04-03T02:16:58.079+0600][69.341s][info][gc,start       ] GC(325) Pause Cleanup
[2026-04-03T02:16:58.079+0600][69.341s][info][gc             ] GC(325) Pause Cleanup 269M->269M(581M) 0.359ms
[2026-04-03T02:16:58.080+0600][69.341s][info][gc,cpu         ] GC(325) User=0.00s Sys=0.00s Real=0.00s
[2026-04-03T02:16:58.080+0600][69.342s][info][gc,marking     ] GC(325) Concurrent Clear Claimed Marks
[2026-04-03T02:16:58.080+0600][69.342s][info][gc,marking     ] GC(325) Concurrent Clear Claimed Marks 0.362ms
[2026-04-03T02:16:58.080+0600][69.342s][info][gc,marking     ] GC(325) Concurrent Cleanup for Next Mark
[2026-04-03T02:16:58.082+0600][69.344s][info][gc,marking     ] GC(325) Concurrent Cleanup for Next Mark 1.718ms
[2026-04-03T02:16:58.082+0600][69.344s][info][gc             ] GC(325) Concurrent Mark Cycle 115.270ms
[2026-04-03T02:16:58.550+0600][69.812s][info][gc,start       ] GC(326) Pause Young (Prepare Mixed) (G1 Evacuation Pause)
[2026-04-03T02:16:58.550+0600][69.812s][info][gc,task        ] GC(326) Using 10 workers of 10 for evacuation
[2026-04-03T02:16:58.556+0600][69.818s][info][gc,phases      ] GC(326)   Pre Evacuate Collection Set: 0.50ms
[2026-04-03T02:16:58.556+0600][69.818s][info][gc,phases      ] GC(326)   Merge Heap Roots: 0.44ms
[2026-04-03T02:16:58.556+0600][69.818s][info][gc,phases      ] GC(326)   Evacuate Collection Set: 4.25ms
[2026-04-03T02:16:58.556+0600][69.818s][info][gc,phases      ] GC(326)   Post Evacuate Collection Set: 0.89ms
[2026-04-03T02:16:58.556+0600][69.818s][info][gc,phases      ] GC(326)   Other: 0.14ms
[2026-04-03T02:16:58.556+0600][69.818s][info][gc,heap        ] GC(326) Eden regions: 278->0(351)
[2026-04-03T02:16:58.556+0600][69.818s][info][gc,heap        ] GC(326) Survivor regions: 5->6(44)
[2026-04-03T02:16:58.556+0600][69.818s][info][gc,heap        ] GC(326) Old regions: 88->88
[2026-04-03T02:16:58.556+0600][69.818s][info][gc,heap        ] GC(326) Humongous regions: 219->8
[2026-04-03T02:16:58.556+0600][69.818s][info][gc,metaspace   ] GC(326) Metaspace: 131799K(133248K)->131799K(133248K) NonClass: 115231K(115968K)->115231K(115968K) Class: 16568K(17280K)->16568K(17280K)
[2026-04-03T02:16:58.556+0600][69.818s][info][gc             ] GC(326) Pause Young (Prepare Mixed) (G1 Evacuation Pause) 585M->97M(596M) 6.536ms
[2026-04-03T02:16:58.556+0600][69.818s][info][gc,cpu         ] GC(326) User=0.03s Sys=0.01s Real=0.00s
[2026-04-03T02:16:58.910+0600][70.172s][info][gc,start       ] GC(327) Pause Young (Mixed) (G1 Evacuation Pause)
[2026-04-03T02:16:58.910+0600][70.172s][info][gc,task        ] GC(327) Using 10 workers of 10 for evacuation
[2026-04-03T02:16:58.915+0600][70.177s][info][gc,phases      ] GC(327)   Pre Evacuate Collection Set: 0.37ms
[2026-04-03T02:16:58.915+0600][70.177s][info][gc,phases      ] GC(327)   Merge Heap Roots: 0.25ms
[2026-04-03T02:16:58.915+0600][70.177s][info][gc,phases      ] GC(327)   Evacuate Collection Set: 3.49ms
[2026-04-03T02:16:58.915+0600][70.177s][info][gc,phases      ] GC(327)   Post Evacuate Collection Set: 0.79ms
[2026-04-03T02:16:58.915+0600][70.177s][info][gc,phases      ] GC(327)   Other: 0.10ms
[2026-04-03T02:16:58.915+0600][70.177s][info][gc,heap        ] GC(327) Eden regions: 282->0(360)
[2026-04-03T02:16:58.915+0600][70.177s][info][gc,heap        ] GC(327) Survivor regions: 6->6(45)
[2026-04-03T02:16:58.915+0600][70.177s][info][gc,heap        ] GC(327) Old regions: 88->87
[2026-04-03T02:16:58.915+0600][70.177s][info][gc,heap        ] GC(327) Humongous regions: 228->8
[2026-04-03T02:16:58.915+0600][70.177s][info][gc,metaspace   ] GC(327) Metaspace: 131799K(133248K)->131799K(133248K) NonClass: 115231K(115968K)->115231K(115968K) Class: 16568K(17280K)->16568K(17280K)
[2026-04-03T02:16:58.915+0600][70.177s][info][gc             ] GC(327) Pause Young (Mixed) (G1 Evacuation Pause) 599M->97M(610M) 5.312ms
[2026-04-03T02:16:58.915+0600][70.177s][info][gc,cpu         ] GC(327) User=0.03s Sys=0.01s Real=0.00s
[2026-04-03T02:16:58.917+0600][70.179s][info][gc,start       ] GC(328) Pause Young (Concurrent Start) (G1 Humongous Allocation)
[2026-04-03T02:16:58.917+0600][70.179s][info][gc,task        ] GC(328) Using 10 workers of 10 for evacuation
[2026-04-03T02:16:58.921+0600][70.183s][info][gc,phases      ] GC(328)   Pre Evacuate Collection Set: 0.40ms
[2026-04-03T02:16:58.921+0600][70.183s][info][gc,phases      ] GC(328)   Merge Heap Roots: 0.09ms
[2026-04-03T02:16:58.921+0600][70.183s][info][gc,phases      ] GC(328)   Evacuate Collection Set: 2.60ms
[2026-04-03T02:16:58.921+0600][70.183s][info][gc,phases      ] GC(328)   Post Evacuate Collection Set: 0.60ms
[2026-04-03T02:16:58.921+0600][70.183s][info][gc,phases      ] GC(328)   Other: 0.13ms
[2026-04-03T02:16:58.921+0600][70.183s][info][gc,heap        ] GC(328) Eden regions: 3->0(313)
[2026-04-03T02:16:58.921+0600][70.183s][info][gc,heap        ] GC(328) Survivor regions: 6->6(46)
[2026-04-03T02:16:58.921+0600][70.183s][info][gc,heap        ] GC(328) Old regions: 87->87
[2026-04-03T02:16:58.921+0600][70.183s][info][gc,heap        ] GC(328) Humongous regions: 8->8
[2026-04-03T02:16:58.921+0600][70.183s][info][gc,metaspace   ] GC(328) Metaspace: 131799K(133248K)->131799K(133248K) NonClass: 115231K(115968K)->115231K(115968K) Class: 16568K(17280K)->16568K(17280K)
[2026-04-03T02:16:58.921+0600][70.183s][info][gc             ] GC(328) Pause Young (Concurrent Start) (G1 Humongous Allocation) 100M->97M(610M) 4.131ms
[2026-04-03T02:16:58.921+0600][70.183s][info][gc             ] GC(329) Concurrent Mark Cycle
[2026-04-03T02:16:58.921+0600][70.183s][info][gc,marking     ] GC(329) Concurrent Scan Root Regions
[2026-04-03T02:16:58.921+0600][70.183s][info][gc,cpu         ] GC(328) User=0.03s Sys=0.00s Real=0.01s
[2026-04-03T02:16:58.923+0600][70.185s][info][gc,marking     ] GC(329) Concurrent Scan Root Regions 1.897ms
[2026-04-03T02:16:58.923+0600][70.185s][info][gc,marking     ] GC(329) Concurrent Mark
[2026-04-03T02:16:58.923+0600][70.185s][info][gc,marking     ] GC(329) Concurrent Mark From Roots
[2026-04-03T02:16:58.923+0600][70.185s][info][gc,task        ] GC(329) Using 3 workers of 3 for marking
[2026-04-03T02:16:59.009+0600][70.270s][info][gc,marking     ] GC(329) Concurrent Mark From Roots 85.602ms
[2026-04-03T02:16:59.009+0600][70.271s][info][gc,marking     ] GC(329) Concurrent Preclean
[2026-04-03T02:16:59.009+0600][70.271s][info][gc,marking     ] GC(329) Concurrent Preclean 0.567ms
[2026-04-03T02:16:59.010+0600][70.272s][info][gc,start       ] GC(329) Pause Remark
[2026-04-03T02:16:59.020+0600][70.282s][info][gc             ] GC(329) Pause Remark 189M->189M(464M) 10.356ms
[2026-04-03T02:16:59.020+0600][70.282s][info][gc,cpu         ] GC(329) User=0.08s Sys=0.00s Real=0.02s
[2026-04-03T02:16:59.020+0600][70.282s][info][gc,marking     ] GC(329) Concurrent Mark 97.404ms
[2026-04-03T02:16:59.020+0600][70.282s][info][gc,marking     ] GC(329) Concurrent Rebuild Remembered Sets and Scrub Regions
[2026-04-03T02:16:59.050+0600][70.312s][info][gc,marking     ] GC(329) Concurrent Rebuild Remembered Sets and Scrub Regions 29.736ms
[2026-04-03T02:16:59.051+0600][70.313s][info][gc,start       ] GC(329) Pause Cleanup
[2026-04-03T02:16:59.051+0600][70.313s][info][gc             ] GC(329) Pause Cleanup 216M->216M(464M) 0.528ms
[2026-04-03T02:16:59.051+0600][70.313s][info][gc,cpu         ] GC(329) User=0.00s Sys=0.01s Real=0.00s
[2026-04-03T02:16:59.052+0600][70.313s][info][gc,marking     ] GC(329) Concurrent Clear Claimed Marks
[2026-04-03T02:16:59.052+0600][70.314s][info][gc,marking     ] GC(329) Concurrent Clear Claimed Marks 0.439ms
[2026-04-03T02:16:59.052+0600][70.314s][info][gc,marking     ] GC(329) Concurrent Cleanup for Next Mark
[2026-04-03T02:16:59.053+0600][70.315s][info][gc,marking     ] GC(329) Concurrent Cleanup for Next Mark 0.959ms
[2026-04-03T02:16:59.053+0600][70.315s][info][gc             ] GC(329) Concurrent Mark Cycle 132.214ms
[2026-04-03T02:16:59.209+0600][70.471s][info][gc,start       ] GC(330) Pause Young (Prepare Mixed) (G1 Evacuation Pause)
[2026-04-03T02:16:59.209+0600][70.471s][info][gc,task        ] GC(330) Using 10 workers of 10 for evacuation
[2026-04-03T02:16:59.215+0600][70.477s][info][gc,phases      ] GC(330)   Pre Evacuate Collection Set: 0.48ms
[2026-04-03T02:16:59.215+0600][70.477s][info][gc,phases      ] GC(330)   Merge Heap Roots: 0.22ms
[2026-04-03T02:16:59.215+0600][70.477s][info][gc,phases      ] GC(330)   Evacuate Collection Set: 4.14ms
[2026-04-03T02:16:59.215+0600][70.477s][info][gc,phases      ] GC(330)   Post Evacuate Collection Set: 0.58ms
[2026-04-03T02:16:59.215+0600][70.477s][info][gc,phases      ] GC(330)   Other: 0.11ms
[2026-04-03T02:16:59.215+0600][70.477s][info][gc,heap        ] GC(330) Eden regions: 205->0(247)
[2026-04-03T02:16:59.215+0600][70.477s][info][gc,heap        ] GC(330) Survivor regions: 6->7(35)
[2026-04-03T02:16:59.215+0600][70.477s][info][gc,heap        ] GC(330) Old regions: 87->87
[2026-04-03T02:16:59.215+0600][70.477s][info][gc,heap        ] GC(330) Humongous regions: 166->8
[2026-04-03T02:16:59.215+0600][70.477s][info][gc,metaspace   ] GC(330) Metaspace: 131799K(133248K)->131799K(133248K) NonClass: 115231K(115968K)->115231K(115968K) Class: 16568K(17280K)->16568K(17280K)
[2026-04-03T02:16:59.215+0600][70.477s][info][gc             ] GC(330) Pause Young (Prepare Mixed) (G1 Evacuation Pause) 460M->98M(471M) 5.798ms
[2026-04-03T02:16:59.215+0600][70.477s][info][gc,cpu         ] GC(330) User=0.03s Sys=0.01s Real=0.01s
[2026-04-03T02:16:59.633+0600][70.895s][info][gc,start       ] GC(331) Pause Young (Mixed) (G1 Evacuation Pause)
[2026-04-03T02:16:59.633+0600][70.895s][info][gc,task        ] GC(331) Using 10 workers of 10 for evacuation
[2026-04-03T02:16:59.638+0600][70.900s][info][gc,phases      ] GC(331)   Pre Evacuate Collection Set: 0.53ms
[2026-04-03T02:16:59.639+0600][70.900s][info][gc,phases      ] GC(331)   Merge Heap Roots: 0.33ms
[2026-04-03T02:16:59.639+0600][70.900s][info][gc,phases      ] GC(331)   Evacuate Collection Set: 2.74ms
[2026-04-03T02:16:59.639+0600][70.900s][info][gc,phases      ] GC(331)   Post Evacuate Collection Set: 1.35ms
[2026-04-03T02:16:59.639+0600][70.900s][info][gc,phases      ] GC(331)   Other: 0.15ms
[2026-04-03T02:16:59.639+0600][70.900s][info][gc,heap        ] GC(331) Eden regions: 247->0(263)
[2026-04-03T02:16:59.639+0600][70.900s][info][gc,heap        ] GC(331) Survivor regions: 7->7(32)
[2026-04-03T02:16:59.639+0600][70.900s][info][gc,heap        ] GC(331) Old regions: 87->87
[2026-04-03T02:16:59.639+0600][70.900s][info][gc,heap        ] GC(331) Humongous regions: 102->8
[2026-04-03T02:16:59.639+0600][70.901s][info][gc,metaspace   ] GC(331) Metaspace: 131811K(133248K)->131811K(133248K) NonClass: 115243K(115968K)->115243K(115968K) Class: 16568K(17280K)->16568K(17280K)
[2026-04-03T02:16:59.639+0600][70.901s][info][gc             ] GC(331) Pause Young (Mixed) (G1 Evacuation Pause) 439M->99M(471M) 5.403ms
[2026-04-03T02:16:59.639+0600][70.901s][info][gc,cpu         ] GC(331) User=0.03s Sys=0.00s Real=0.00s
[2026-04-03T02:16:59.644+0600][70.906s][info][gc,start       ] GC(332) Pause Young (Concurrent Start) (GCLocker Initiated GC)
[2026-04-03T02:16:59.644+0600][70.906s][info][gc,task        ] GC(332) Using 10 workers of 10 for evacuation
[2026-04-03T02:16:59.648+0600][70.910s][info][gc,phases      ] GC(332)   Pre Evacuate Collection Set: 0.37ms
[2026-04-03T02:16:59.648+0600][70.910s][info][gc,phases      ] GC(332)   Merge Heap Roots: 0.21ms
[2026-04-03T02:16:59.648+0600][70.910s][info][gc,phases      ] GC(332)   Evacuate Collection Set: 2.28ms
[2026-04-03T02:16:59.648+0600][70.910s][info][gc,phases      ] GC(332)   Post Evacuate Collection Set: 0.66ms
[2026-04-03T02:16:59.648+0600][70.910s][info][gc,phases      ] GC(332)   Other: 0.28ms
[2026-04-03T02:16:59.648+0600][70.910s][info][gc,heap        ] GC(332) Eden regions: 7->0(276)
[2026-04-03T02:16:59.648+0600][70.910s][info][gc,heap        ] GC(332) Survivor regions: 7->6(34)
[2026-04-03T02:16:59.648+0600][70.910s][info][gc,heap        ] GC(332) Old regions: 87->87
[2026-04-03T02:16:59.648+0600][70.910s][info][gc,heap        ] GC(332) Humongous regions: 8->8
[2026-04-03T02:16:59.648+0600][70.910s][info][gc,metaspace   ] GC(332) Metaspace: 131811K(133248K)->131811K(133248K) NonClass: 115243K(115968K)->115243K(115968K) Class: 16568K(17280K)->16568K(17280K)
[2026-04-03T02:16:59.648+0600][70.910s][info][gc             ] GC(332) Pause Young (Concurrent Start) (GCLocker Initiated GC) 105M->98M(471M) 4.110ms
[2026-04-03T02:16:59.648+0600][70.910s][info][gc             ] GC(333) Concurrent Mark Cycle
[2026-04-03T02:16:59.648+0600][70.910s][info][gc,cpu         ] GC(332) User=0.03s Sys=0.00s Real=0.00s
[2026-04-03T02:16:59.649+0600][70.910s][info][gc,marking     ] GC(333) Concurrent Scan Root Regions
[2026-04-03T02:16:59.651+0600][70.913s][info][gc,marking     ] GC(333) Concurrent Scan Root Regions 2.584ms
[2026-04-03T02:16:59.651+0600][70.913s][info][gc,marking     ] GC(333) Concurrent Mark
[2026-04-03T02:16:59.651+0600][70.913s][info][gc,marking     ] GC(333) Concurrent Mark From Roots
[2026-04-03T02:16:59.651+0600][70.913s][info][gc,task        ] GC(333) Using 3 workers of 3 for marking
[2026-04-03T02:16:59.727+0600][70.989s][info][gc,marking     ] GC(333) Concurrent Mark From Roots 76.239ms
[2026-04-03T02:16:59.728+0600][70.989s][info][gc,marking     ] GC(333) Concurrent Preclean
[2026-04-03T02:16:59.728+0600][70.990s][info][gc,marking     ] GC(333) Concurrent Preclean 0.512ms
[2026-04-03T02:16:59.728+0600][70.990s][info][gc,start       ] GC(333) Pause Remark
[2026-04-03T02:16:59.738+0600][71.000s][info][gc             ] GC(333) Pause Remark 200M->200M(471M) 9.571ms
[2026-04-03T02:16:59.738+0600][71.000s][info][gc,cpu         ] GC(333) User=0.07s Sys=0.00s Real=0.01s
[2026-04-03T02:16:59.739+0600][71.000s][info][gc,marking     ] GC(333) Concurrent Mark 87.315ms
[2026-04-03T02:16:59.739+0600][71.001s][info][gc,marking     ] GC(333) Concurrent Rebuild Remembered Sets and Scrub Regions
[2026-04-03T02:16:59.771+0600][71.033s][info][gc,marking     ] GC(333) Concurrent Rebuild Remembered Sets and Scrub Regions 32.541ms
[2026-04-03T02:16:59.772+0600][71.033s][info][gc,start       ] GC(333) Pause Cleanup
[2026-04-03T02:16:59.772+0600][71.034s][info][gc             ] GC(333) Pause Cleanup 231M->231M(471M) 0.346ms
[2026-04-03T02:16:59.772+0600][71.034s][info][gc,cpu         ] GC(333) User=0.00s Sys=0.00s Real=0.00s
[2026-04-03T02:16:59.772+0600][71.034s][info][gc,marking     ] GC(333) Concurrent Clear Claimed Marks
[2026-04-03T02:16:59.773+0600][71.035s][info][gc,marking     ] GC(333) Concurrent Clear Claimed Marks 0.494ms
[2026-04-03T02:16:59.773+0600][71.035s][info][gc,marking     ] GC(333) Concurrent Cleanup for Next Mark
[2026-04-03T02:16:59.774+0600][71.036s][info][gc,marking     ] GC(333) Concurrent Cleanup for Next Mark 1.299ms
[2026-04-03T02:16:59.774+0600][71.036s][info][gc             ] GC(333) Concurrent Mark Cycle 125.693ms
[2026-04-03T02:16:59.915+0600][71.177s][info][gc,start       ] GC(334) Pause Young (Prepare Mixed) (G1 Evacuation Pause)
[2026-04-03T02:16:59.915+0600][71.177s][info][gc,task        ] GC(334) Using 10 workers of 10 for evacuation
[2026-04-03T02:16:59.922+0600][71.184s][info][gc,phases      ] GC(334)   Pre Evacuate Collection Set: 0.32ms
[2026-04-03T02:16:59.922+0600][71.184s][info][gc,phases      ] GC(334)   Merge Heap Roots: 0.23ms
[2026-04-03T02:16:59.922+0600][71.184s][info][gc,phases      ] GC(334)   Evacuate Collection Set: 5.33ms
[2026-04-03T02:16:59.922+0600][71.184s][info][gc,phases      ] GC(334)   Post Evacuate Collection Set: 0.77ms
[2026-04-03T02:16:59.922+0600][71.184s][info][gc,phases      ] GC(334)   Other: 0.10ms
[2026-04-03T02:16:59.922+0600][71.184s][info][gc,heap        ] GC(334) Eden regions: 202->0(279)
[2026-04-03T02:16:59.922+0600][71.184s][info][gc,heap        ] GC(334) Survivor regions: 6->8(36)
[2026-04-03T02:16:59.922+0600][71.184s][info][gc,heap        ] GC(334) Old regions: 87->87
[2026-04-03T02:16:59.922+0600][71.184s][info][gc,heap        ] GC(334) Humongous regions: 176->8
[2026-04-03T02:16:59.922+0600][71.184s][info][gc,metaspace   ] GC(334) Metaspace: 131811K(133248K)->131811K(133248K) NonClass: 115243K(115968K)->115243K(115968K) Class: 16568K(17280K)->16568K(17280K)
[2026-04-03T02:16:59.922+0600][71.184s][info][gc             ] GC(334) Pause Young (Prepare Mixed) (G1 Evacuation Pause) 468M->100M(479M) 7.065ms
[2026-04-03T02:16:59.922+0600][71.184s][info][gc,cpu         ] GC(334) User=0.03s Sys=0.02s Real=0.01s
[2026-04-03T02:17:00.165+0600][71.427s][info][gc,start       ] GC(335) Pause Young (Mixed) (G1 Evacuation Pause)
[2026-04-03T02:17:00.165+0600][71.427s][info][gc,task        ] GC(335) Using 10 workers of 10 for evacuation
[2026-04-03T02:17:00.172+0600][71.434s][info][gc,phases      ] GC(335)   Pre Evacuate Collection Set: 0.35ms
[2026-04-03T02:17:00.172+0600][71.434s][info][gc,phases      ] GC(335)   Merge Heap Roots: 0.24ms
[2026-04-03T02:17:00.172+0600][71.434s][info][gc,phases      ] GC(335)   Evacuate Collection Set: 5.17ms
[2026-04-03T02:17:00.172+0600][71.434s][info][gc,phases      ] GC(335)   Post Evacuate Collection Set: 0.91ms
[2026-04-03T02:17:00.172+0600][71.434s][info][gc,phases      ] GC(335)   Other: 0.12ms
[2026-04-03T02:17:00.172+0600][71.434s][info][gc,heap        ] GC(335) Eden regions: 208->0(284)
[2026-04-03T02:17:00.172+0600][71.434s][info][gc,heap        ] GC(335) Survivor regions: 8->7(36)
[2026-04-03T02:17:00.172+0600][71.434s][info][gc,heap        ] GC(335) Old regions: 87->86
[2026-04-03T02:17:00.172+0600][71.434s][info][gc,heap        ] GC(335) Humongous regions: 176->8
[2026-04-03T02:17:00.172+0600][71.434s][info][gc,metaspace   ] GC(335) Metaspace: 131811K(133248K)->131811K(133248K) NonClass: 115243K(115968K)->115243K(115968K) Class: 16568K(17280K)->16568K(17280K)
[2026-04-03T02:17:00.172+0600][71.434s][info][gc             ] GC(335) Pause Young (Mixed) (G1 Evacuation Pause) 476M->99M(486M) 7.085ms
[2026-04-03T02:17:00.172+0600][71.434s][info][gc,cpu         ] GC(335) User=0.04s Sys=0.01s Real=0.01s
[2026-04-03T02:17:00.184+0600][71.446s][info][gc,start       ] GC(336) Pause Young (Concurrent Start) (GCLocker Initiated GC)
[2026-04-03T02:17:00.184+0600][71.446s][info][gc,task        ] GC(336) Using 10 workers of 10 for evacuation
[2026-04-03T02:17:00.189+0600][71.451s][info][gc,phases      ] GC(336)   Pre Evacuate Collection Set: 0.40ms
[2026-04-03T02:17:00.189+0600][71.451s][info][gc,phases      ] GC(336)   Merge Heap Roots: 0.15ms
[2026-04-03T02:17:00.189+0600][71.451s][info][gc,phases      ] GC(336)   Evacuate Collection Set: 3.06ms
[2026-04-03T02:17:00.189+0600][71.451s][info][gc,phases      ] GC(336)   Post Evacuate Collection Set: 0.75ms
[2026-04-03T02:17:00.189+0600][71.451s][info][gc,phases      ] GC(336)   Other: 0.28ms
[2026-04-03T02:17:00.189+0600][71.451s][info][gc,heap        ] GC(336) Eden regions: 16->0(284)
[2026-04-03T02:17:00.189+0600][71.451s][info][gc,heap        ] GC(336) Survivor regions: 7->7(37)
[2026-04-03T02:17:00.189+0600][71.451s][info][gc,heap        ] GC(336) Old regions: 86->86
[2026-04-03T02:17:00.189+0600][71.451s][info][gc,heap        ] GC(336) Humongous regions: 8->8
[2026-04-03T02:17:00.189+0600][71.451s][info][gc,metaspace   ] GC(336) Metaspace: 131811K(133248K)->131811K(133248K) NonClass: 115243K(115968K)->115243K(115968K) Class: 16568K(17280K)->16568K(17280K)
[2026-04-03T02:17:00.189+0600][71.451s][info][gc             ] GC(336) Pause Young (Concurrent Start) (GCLocker Initiated GC) 114M->99M(486M) 4.945ms
[2026-04-03T02:17:00.189+0600][71.451s][info][gc             ] GC(337) Concurrent Mark Cycle
[2026-04-03T02:17:00.189+0600][71.451s][info][gc,cpu         ] GC(336) User=0.04s Sys=0.00s Real=0.00s
[2026-04-03T02:17:00.189+0600][71.451s][info][gc,marking     ] GC(337) Concurrent Scan Root Regions
[2026-04-03T02:17:00.192+0600][71.454s][info][gc,marking     ] GC(337) Concurrent Scan Root Regions 2.820ms
[2026-04-03T02:17:00.192+0600][71.454s][info][gc,marking     ] GC(337) Concurrent Mark
[2026-04-03T02:17:00.192+0600][71.454s][info][gc,marking     ] GC(337) Concurrent Mark From Roots
[2026-04-03T02:17:00.192+0600][71.454s][info][gc,task        ] GC(337) Using 3 workers of 3 for marking
[2026-04-03T02:17:00.277+0600][71.539s][info][gc,marking     ] GC(337) Concurrent Mark From Roots 85.003ms
[2026-04-03T02:17:00.277+0600][71.539s][info][gc,marking     ] GC(337) Concurrent Preclean
[2026-04-03T02:17:00.278+0600][71.540s][info][gc,marking     ] GC(337) Concurrent Preclean 0.715ms
[2026-04-03T02:17:00.279+0600][71.541s][info][gc,start       ] GC(337) Pause Remark
[2026-04-03T02:17:00.290+0600][71.552s][info][gc             ] GC(337) Pause Remark 187M->187M(477M) 10.919ms
[2026-04-03T02:17:00.290+0600][71.552s][info][gc,cpu         ] GC(337) User=0.08s Sys=0.00s Real=0.02s
[2026-04-03T02:17:00.290+0600][71.552s][info][gc,marking     ] GC(337) Concurrent Mark 98.276ms
[2026-04-03T02:17:00.291+0600][71.552s][info][gc,marking     ] GC(337) Concurrent Rebuild Remembered Sets and Scrub Regions
[2026-04-03T02:17:00.329+0600][71.591s][info][gc,marking     ] GC(337) Concurrent Rebuild Remembered Sets and Scrub Regions 38.237ms
[2026-04-03T02:17:00.329+0600][71.591s][info][gc,start       ] GC(337) Pause Cleanup
[2026-04-03T02:17:00.330+0600][71.591s][info][gc             ] GC(337) Pause Cleanup 222M->222M(477M) 0.420ms
[2026-04-03T02:17:00.330+0600][71.592s][info][gc,cpu         ] GC(337) User=0.00s Sys=0.00s Real=0.01s
[2026-04-03T02:17:00.330+0600][71.592s][info][gc,marking     ] GC(337) Concurrent Clear Claimed Marks
[2026-04-03T02:17:00.330+0600][71.592s][info][gc,marking     ] GC(337) Concurrent Clear Claimed Marks 0.387ms
[2026-04-03T02:17:00.330+0600][71.592s][info][gc,marking     ] GC(337) Concurrent Cleanup for Next Mark
[2026-04-03T02:17:00.331+0600][71.593s][info][gc,marking     ] GC(337) Concurrent Cleanup for Next Mark 1.010ms
[2026-04-03T02:17:00.331+0600][71.593s][info][gc             ] GC(337) Concurrent Mark Cycle 142.125ms
[2026-04-03T02:17:00.569+0600][71.831s][info][gc,start       ] GC(338) Pause Young (Prepare Mixed) (G1 Evacuation Pause)
[2026-04-03T02:17:00.570+0600][71.831s][info][gc,task        ] GC(338) Using 10 workers of 10 for evacuation
[2026-04-03T02:17:00.576+0600][71.838s][info][gc,phases      ] GC(338)   Pre Evacuate Collection Set: 0.46ms
[2026-04-03T02:17:00.576+0600][71.838s][info][gc,phases      ] GC(338)   Merge Heap Roots: 0.21ms
[2026-04-03T02:17:00.576+0600][71.838s][info][gc,phases      ] GC(338)   Evacuate Collection Set: 4.98ms
[2026-04-03T02:17:00.576+0600][71.838s][info][gc,phases      ] GC(338)   Post Evacuate Collection Set: 1.02ms
[2026-04-03T02:17:00.576+0600][71.838s][info][gc,phases      ] GC(338)   Other: 0.11ms
[2026-04-03T02:17:00.576+0600][71.838s][info][gc,heap        ] GC(338) Eden regions: 230->0(283)
[2026-04-03T02:17:00.576+0600][71.838s][info][gc,heap        ] GC(338) Survivor regions: 7->8(36)
[2026-04-03T02:17:00.576+0600][71.838s][info][gc,heap        ] GC(338) Old regions: 86->86
[2026-04-03T02:17:00.576+0600][71.838s][info][gc,heap        ] GC(338) Humongous regions: 154->8
[2026-04-03T02:17:00.577+0600][71.838s][info][gc,metaspace   ] GC(338) Metaspace: 131815K(133248K)->131815K(133248K) NonClass: 115247K(115968K)->115247K(115968K) Class: 16568K(17280K)->16568K(17280K)
[2026-04-03T02:17:00.577+0600][71.838s][info][gc             ] GC(338) Pause Young (Prepare Mixed) (G1 Evacuation Pause) 475M->100M(485M) 7.122ms
[2026-04-03T02:17:00.577+0600][71.839s][info][gc,cpu         ] GC(338) User=0.05s Sys=0.01s Real=0.01s
[2026-04-03T02:17:00.852+0600][72.114s][info][gc,start       ] GC(339) Pause Young (Mixed) (G1 Evacuation Pause)
[2026-04-03T02:17:00.852+0600][72.114s][info][gc,task        ] GC(339) Using 10 workers of 10 for evacuation
[2026-04-03T02:17:00.857+0600][72.119s][info][gc,phases      ] GC(339)   Pre Evacuate Collection Set: 0.25ms
[2026-04-03T02:17:00.857+0600][72.119s][info][gc,phases      ] GC(339)   Merge Heap Roots: 0.19ms
[2026-04-03T02:17:00.857+0600][72.119s][info][gc,phases      ] GC(339)   Evacuate Collection Set: 3.90ms
[2026-04-03T02:17:00.857+0600][72.119s][info][gc,phases      ] GC(339)   Post Evacuate Collection Set: 0.75ms
[2026-04-03T02:17:00.857+0600][72.119s][info][gc,phases      ] GC(339)   Other: 0.11ms
[2026-04-03T02:17:00.857+0600][72.119s][info][gc,heap        ] GC(339) Eden regions: 239->0(342)
[2026-04-03T02:17:00.857+0600][72.119s][info][gc,heap        ] GC(339) Survivor regions: 8->9(41)
[2026-04-03T02:17:00.857+0600][72.119s][info][gc,heap        ] GC(339) Old regions: 86->86
[2026-04-03T02:17:00.857+0600][72.119s][info][gc,heap        ] GC(339) Humongous regions: 242->23
[2026-04-03T02:17:00.858+0600][72.119s][info][gc,metaspace   ] GC(339) Metaspace: 131818K(133248K)->131818K(133248K) NonClass: 115248K(115968K)->115248K(115968K) Class: 16569K(17280K)->16569K(17280K)
[2026-04-03T02:17:00.858+0600][72.119s][info][gc             ] GC(339) Pause Young (Mixed) (G1 Evacuation Pause) 573M->115M(585M) 5.507ms
[2026-04-03T02:17:00.858+0600][72.120s][info][gc,cpu         ] GC(339) User=0.03s Sys=0.02s Real=0.00s
[2026-04-03T02:17:00.858+0600][72.120s][info][gc,start       ] GC(340) Pause Young (Concurrent Start) (G1 Humongous Allocation)
[2026-04-03T02:17:00.858+0600][72.120s][info][gc,task        ] GC(340) Using 10 workers of 10 for evacuation
[2026-04-03T02:17:00.861+0600][72.123s][info][gc,phases      ] GC(340)   Pre Evacuate Collection Set: 0.24ms
[2026-04-03T02:17:00.861+0600][72.123s][info][gc,phases      ] GC(340)   Merge Heap Roots: 0.08ms
[2026-04-03T02:17:00.861+0600][72.123s][info][gc,phases      ] GC(340)   Evacuate Collection Set: 2.07ms
[2026-04-03T02:17:00.861+0600][72.123s][info][gc,phases      ] GC(340)   Post Evacuate Collection Set: 0.61ms
[2026-04-03T02:17:00.861+0600][72.123s][info][gc,phases      ] GC(340)   Other: 0.10ms
[2026-04-03T02:17:00.862+0600][72.123s][info][gc,heap        ] GC(340) Eden regions: 3->0(342)
[2026-04-03T02:17:00.862+0600][72.123s][info][gc,heap        ] GC(340) Survivor regions: 9->9(44)
[2026-04-03T02:17:00.862+0600][72.123s][info][gc,heap        ] GC(340) Old regions: 86->86
[2026-04-03T02:17:00.862+0600][72.123s][info][gc,heap        ] GC(340) Humongous regions: 23->8
[2026-04-03T02:17:00.862+0600][72.123s][info][gc,metaspace   ] GC(340) Metaspace: 131818K(133248K)->131818K(133248K) NonClass: 115248K(115968K)->115248K(115968K) Class: 16569K(17280K)->16569K(17280K)
[2026-04-03T02:17:00.862+0600][72.124s][info][gc             ] GC(340) Pause Young (Concurrent Start) (G1 Humongous Allocation) 118M->100M(585M) 3.415ms
[2026-04-03T02:17:00.862+0600][72.124s][info][gc             ] GC(341) Concurrent Mark Cycle
[2026-04-03T02:17:00.862+0600][72.124s][info][gc,cpu         ] GC(340) User=0.03s Sys=0.00s Real=0.01s
[2026-04-03T02:17:00.862+0600][72.124s][info][gc,marking     ] GC(341) Concurrent Scan Root Regions
[2026-04-03T02:17:00.868+0600][72.130s][info][gc,marking     ] GC(341) Concurrent Scan Root Regions 6.471ms
[2026-04-03T02:17:00.868+0600][72.130s][info][gc,marking     ] GC(341) Concurrent Mark
[2026-04-03T02:17:00.868+0600][72.130s][info][gc,marking     ] GC(341) Concurrent Mark From Roots
[2026-04-03T02:17:00.868+0600][72.130s][info][gc,task        ] GC(341) Using 3 workers of 3 for marking
[2026-04-03T02:17:00.950+0600][72.212s][info][gc,marking     ] GC(341) Concurrent Mark From Roots 81.467ms
[2026-04-03T02:17:00.950+0600][72.212s][info][gc,marking     ] GC(341) Concurrent Preclean
[2026-04-03T02:17:00.950+0600][72.212s][info][gc,marking     ] GC(341) Concurrent Preclean 0.335ms
[2026-04-03T02:17:00.951+0600][72.213s][info][gc,start       ] GC(341) Pause Remark
[2026-04-03T02:17:00.958+0600][72.220s][info][gc             ] GC(341) Pause Remark 336M->336M(585M) 7.146ms
[2026-04-03T02:17:00.958+0600][72.220s][info][gc,cpu         ] GC(341) User=0.05s Sys=0.00s Real=0.00s
[2026-04-03T02:17:00.958+0600][72.220s][info][gc,marking     ] GC(341) Concurrent Mark 89.692ms
[2026-04-03T02:17:00.958+0600][72.220s][info][gc,marking     ] GC(341) Concurrent Rebuild Remembered Sets and Scrub Regions
[2026-04-03T02:17:00.983+0600][72.245s][info][gc,marking     ] GC(341) Concurrent Rebuild Remembered Sets and Scrub Regions 25.108ms
[2026-04-03T02:17:00.984+0600][72.246s][info][gc,start       ] GC(341) Pause Cleanup
[2026-04-03T02:17:00.984+0600][72.246s][info][gc             ] GC(341) Pause Cleanup 486M->486M(585M) 0.303ms
[2026-04-03T02:17:00.984+0600][72.246s][info][gc,cpu         ] GC(341) User=0.00s Sys=0.00s Real=0.00s
[2026-04-03T02:17:00.985+0600][72.246s][info][gc,marking     ] GC(341) Concurrent Clear Claimed Marks
[2026-04-03T02:17:00.985+0600][72.247s][info][gc,marking     ] GC(341) Concurrent Clear Claimed Marks 0.427ms
[2026-04-03T02:17:00.985+0600][72.247s][info][gc,marking     ] GC(341) Concurrent Cleanup for Next Mark
[2026-04-03T02:17:00.987+0600][72.249s][info][gc,marking     ] GC(341) Concurrent Cleanup for Next Mark 1.664ms
[2026-04-03T02:17:00.987+0600][72.249s][info][gc             ] GC(341) Concurrent Mark Cycle 125.080ms
[2026-04-03T02:17:01.039+0600][72.301s][info][gc,start       ] GC(342) Pause Young (Prepare Mixed) (G1 Evacuation Pause)
[2026-04-03T02:17:01.039+0600][72.301s][info][gc,task        ] GC(342) Using 10 workers of 10 for evacuation
[2026-04-03T02:17:01.042+0600][72.304s][info][gc,phases      ] GC(342)   Pre Evacuate Collection Set: 0.35ms
[2026-04-03T02:17:01.042+0600][72.304s][info][gc,phases      ] GC(342)   Merge Heap Roots: 0.15ms
[2026-04-03T02:17:01.042+0600][72.304s][info][gc,phases      ] GC(342)   Evacuate Collection Set: 1.67ms
[2026-04-03T02:17:01.042+0600][72.304s][info][gc,phases      ] GC(342)   Post Evacuate Collection Set: 0.67ms
[2026-04-03T02:17:01.042+0600][72.304s][info][gc,phases      ] GC(342)   Other: 0.07ms
[2026-04-03T02:17:01.042+0600][72.304s][info][gc,heap        ] GC(342) Eden regions: 73->0(417)
[2026-04-03T02:17:01.042+0600][72.304s][info][gc,heap        ] GC(342) Survivor regions: 9->4(49)
[2026-04-03T02:17:01.042+0600][72.304s][info][gc,heap        ] GC(342) Old regions: 86->86
[2026-04-03T02:17:01.042+0600][72.304s][info][gc,heap        ] GC(342) Humongous regions: 530->8
[2026-04-03T02:17:01.042+0600][72.304s][info][gc,metaspace   ] GC(342) Metaspace: 131823K(133248K)->131823K(133248K) NonClass: 115254K(115968K)->115254K(115968K) Class: 16569K(17280K)->16569K(17280K)
[2026-04-03T02:17:01.042+0600][72.304s][info][gc             ] GC(342) Pause Young (Prepare Mixed) (G1 Evacuation Pause) 695M->96M(702M) 3.106ms
[2026-04-03T02:17:01.042+0600][72.304s][info][gc,cpu         ] GC(342) User=0.02s Sys=0.00s Real=0.01s
[2026-04-03T02:17:01.627+0600][72.889s][info][gc,start       ] GC(343) Pause Young (Mixed) (G1 Evacuation Pause)
[2026-04-03T02:17:01.627+0600][72.889s][info][gc,task        ] GC(343) Using 10 workers of 10 for evacuation
[2026-04-03T02:17:01.632+0600][72.894s][info][gc,phases      ] GC(343)   Pre Evacuate Collection Set: 0.38ms
[2026-04-03T02:17:01.632+0600][72.894s][info][gc,phases      ] GC(343)   Merge Heap Roots: 0.18ms
[2026-04-03T02:17:01.632+0600][72.894s][info][gc,phases      ] GC(343)   Evacuate Collection Set: 3.19ms
[2026-04-03T02:17:01.632+0600][72.894s][info][gc,phases      ] GC(343)   Post Evacuate Collection Set: 0.63ms
[2026-04-03T02:17:01.632+0600][72.894s][info][gc,phases      ] GC(343)   Other: 0.11ms
[2026-04-03T02:17:01.632+0600][72.894s][info][gc,heap        ] GC(343) Eden regions: 399->0(428)
[2026-04-03T02:17:01.632+0600][72.894s][info][gc,heap        ] GC(343) Survivor regions: 4->7(33)
[2026-04-03T02:17:01.632+0600][72.894s][info][gc,heap        ] GC(343) Old regions: 86->86
[2026-04-03T02:17:01.632+0600][72.894s][info][gc,heap        ] GC(343) Humongous regions: 228->8
[2026-04-03T02:17:01.632+0600][72.894s][info][gc,metaspace   ] GC(343) Metaspace: 131842K(133248K)->131842K(133248K) NonClass: 115272K(115968K)->115272K(115968K) Class: 16569K(17280K)->16569K(17280K)
[2026-04-03T02:17:01.632+0600][72.894s][info][gc             ] GC(343) Pause Young (Mixed) (G1 Evacuation Pause) 715M->98M(725M) 4.733ms
[2026-04-03T02:17:01.632+0600][72.894s][info][gc,cpu         ] GC(343) User=0.02s Sys=0.02s Real=0.01s
[2026-04-03T02:17:01.648+0600][72.910s][info][gc,start       ] GC(344) Pause Young (Concurrent Start) (GCLocker Initiated GC)
[2026-04-03T02:17:01.648+0600][72.910s][info][gc,task        ] GC(344) Using 10 workers of 10 for evacuation
[2026-04-03T02:17:01.652+0600][72.914s][info][gc,phases      ] GC(344)   Pre Evacuate Collection Set: 0.55ms
[2026-04-03T02:17:01.652+0600][72.914s][info][gc,phases      ] GC(344)   Merge Heap Roots: 0.18ms
[2026-04-03T02:17:01.652+0600][72.914s][info][gc,phases      ] GC(344)   Evacuate Collection Set: 2.80ms
[2026-04-03T02:17:01.652+0600][72.914s][info][gc,phases      ] GC(344)   Post Evacuate Collection Set: 0.70ms
[2026-04-03T02:17:01.652+0600][72.914s][info][gc,phases      ] GC(344)   Other: 0.24ms
[2026-04-03T02:17:01.652+0600][72.914s][info][gc,heap        ] GC(344) Eden regions: 15->0(427)
[2026-04-03T02:17:01.653+0600][72.914s][info][gc,heap        ] GC(344) Survivor regions: 7->8(55)
[2026-04-03T02:17:01.653+0600][72.914s][info][gc,heap        ] GC(344) Old regions: 86->86
[2026-04-03T02:17:01.653+0600][72.914s][info][gc,heap        ] GC(344) Humongous regions: 8->8
[2026-04-03T02:17:01.653+0600][72.914s][info][gc,metaspace   ] GC(344) Metaspace: 131842K(133248K)->131842K(133248K) NonClass: 115272K(115968K)->115272K(115968K) Class: 16569K(17280K)->16569K(17280K)
[2026-04-03T02:17:01.653+0600][72.914s][info][gc             ] GC(344) Pause Young (Concurrent Start) (GCLocker Initiated GC) 113M->100M(725M) 4.784ms
[2026-04-03T02:17:01.653+0600][72.915s][info][gc             ] GC(345) Concurrent Mark Cycle
[2026-04-03T02:17:01.653+0600][72.915s][info][gc,marking     ] GC(345) Concurrent Scan Root Regions
[2026-04-03T02:17:01.653+0600][72.915s][info][gc,cpu         ] GC(344) User=0.03s Sys=0.01s Real=0.01s
[2026-04-03T02:17:01.656+0600][72.918s][info][gc,marking     ] GC(345) Concurrent Scan Root Regions 3.686ms
[2026-04-03T02:17:01.656+0600][72.918s][info][gc,marking     ] GC(345) Concurrent Mark
[2026-04-03T02:17:01.656+0600][72.918s][info][gc,marking     ] GC(345) Concurrent Mark From Roots
[2026-04-03T02:17:01.656+0600][72.918s][info][gc,task        ] GC(345) Using 3 workers of 3 for marking
[2026-04-03T02:17:01.738+0600][73.000s][info][gc,marking     ] GC(345) Concurrent Mark From Roots 81.774ms
[2026-04-03T02:17:01.738+0600][73.000s][info][gc,marking     ] GC(345) Concurrent Preclean
[2026-04-03T02:17:01.739+0600][73.001s][info][gc,marking     ] GC(345) Concurrent Preclean 0.530ms
[2026-04-03T02:17:01.739+0600][73.001s][info][gc,start       ] GC(345) Pause Remark
[2026-04-03T02:17:01.749+0600][73.011s][info][gc             ] GC(345) Pause Remark 191M->191M(480M) 9.680ms
[2026-04-03T02:17:01.749+0600][73.011s][info][gc,cpu         ] GC(345) User=0.07s Sys=0.00s Real=0.01s
[2026-04-03T02:17:01.749+0600][73.011s][info][gc,marking     ] GC(345) Concurrent Mark 92.698ms
[2026-04-03T02:17:01.749+0600][73.011s][info][gc,marking     ] GC(345) Concurrent Rebuild Remembered Sets and Scrub Regions
[2026-04-03T02:17:01.781+0600][73.043s][info][gc,marking     ] GC(345) Concurrent Rebuild Remembered Sets and Scrub Regions 31.508ms
[2026-04-03T02:17:01.781+0600][73.043s][info][gc,start       ] GC(345) Pause Cleanup
[2026-04-03T02:17:01.782+0600][73.043s][info][gc             ] GC(345) Pause Cleanup 231M->231M(480M) 0.282ms
[2026-04-03T02:17:01.782+0600][73.043s][info][gc,cpu         ] GC(345) User=0.00s Sys=0.00s Real=0.00s
[2026-04-03T02:17:01.782+0600][73.044s][info][gc,marking     ] GC(345) Concurrent Clear Claimed Marks
[2026-04-03T02:17:01.782+0600][73.044s][info][gc,marking     ] GC(345) Concurrent Clear Claimed Marks 0.410ms
[2026-04-03T02:17:01.782+0600][73.044s][info][gc,marking     ] GC(345) Concurrent Cleanup for Next Mark
[2026-04-03T02:17:01.783+0600][73.045s][info][gc,marking     ] GC(345) Concurrent Cleanup for Next Mark 1.147ms
[2026-04-03T02:17:01.783+0600][73.045s][info][gc             ] GC(345) Concurrent Mark Cycle 130.725ms
[2026-04-03T02:17:01.954+0600][73.216s][info][gc,start       ] GC(346) Pause Young (Prepare Mixed) (G1 Evacuation Pause)
[2026-04-03T02:17:01.954+0600][73.216s][info][gc,task        ] GC(346) Using 10 workers of 10 for evacuation
[2026-04-03T02:17:01.960+0600][73.222s][info][gc,phases      ] GC(346)   Pre Evacuate Collection Set: 0.45ms
[2026-04-03T02:17:01.960+0600][73.222s][info][gc,phases      ] GC(346)   Merge Heap Roots: 0.22ms
[2026-04-03T02:17:01.960+0600][73.222s][info][gc,phases      ] GC(346)   Evacuate Collection Set: 4.44ms
[2026-04-03T02:17:01.960+0600][73.222s][info][gc,phases      ] GC(346)   Post Evacuate Collection Set: 0.73ms
[2026-04-03T02:17:01.960+0600][73.222s][info][gc,phases      ] GC(346)   Other: 0.11ms
[2026-04-03T02:17:01.960+0600][73.222s][info][gc,heap        ] GC(346) Eden regions: 210->0(285)
[2026-04-03T02:17:01.960+0600][73.222s][info][gc,heap        ] GC(346) Survivor regions: 8->7(36)
[2026-04-03T02:17:01.960+0600][73.222s][info][gc,heap        ] GC(346) Old regions: 86->87
[2026-04-03T02:17:01.960+0600][73.222s][info][gc,heap        ] GC(346) Humongous regions: 176->8
[2026-04-03T02:17:01.960+0600][73.222s][info][gc,metaspace   ] GC(346) Metaspace: 131842K(133248K)->131842K(133248K) NonClass: 115272K(115968K)->115272K(115968K) Class: 16569K(17280K)->16569K(17280K)
[2026-04-03T02:17:01.960+0600][73.222s][info][gc             ] GC(346) Pause Young (Prepare Mixed) (G1 Evacuation Pause) 478M->99M(488M) 6.252ms
[2026-04-03T02:17:01.960+0600][73.222s][info][gc,cpu         ] GC(346) User=0.02s Sys=0.02s Real=0.01s
[2026-04-03T02:17:02.273+0600][73.535s][info][gc,start       ] GC(347) Pause Young (Mixed) (G1 Evacuation Pause)
[2026-04-03T02:17:02.273+0600][73.535s][info][gc,task        ] GC(347) Using 10 workers of 10 for evacuation
[2026-04-03T02:17:02.277+0600][73.539s][info][gc,phases      ] GC(347)   Pre Evacuate Collection Set: 0.45ms
[2026-04-03T02:17:02.277+0600][73.539s][info][gc,phases      ] GC(347)   Merge Heap Roots: 0.34ms
[2026-04-03T02:17:02.277+0600][73.539s][info][gc,phases      ] GC(347)   Evacuate Collection Set: 2.29ms
[2026-04-03T02:17:02.277+0600][73.539s][info][gc,phases      ] GC(347)   Post Evacuate Collection Set: 0.57ms
[2026-04-03T02:17:02.277+0600][73.539s][info][gc,phases      ] GC(347)   Other: 0.09ms
[2026-04-03T02:17:02.277+0600][73.539s][info][gc,heap        ] GC(347) Eden regions: 213->0(290)
[2026-04-03T02:17:02.277+0600][73.539s][info][gc,heap        ] GC(347) Survivor regions: 7->6(37)
[2026-04-03T02:17:02.277+0600][73.539s][info][gc,heap        ] GC(347) Old regions: 87->86
[2026-04-03T02:17:02.277+0600][73.539s][info][gc,heap        ] GC(347) Humongous regions: 181->8
[2026-04-03T02:17:02.277+0600][73.539s][info][gc,metaspace   ] GC(347) Metaspace: 131843K(133248K)->131843K(133248K) NonClass: 115274K(115968K)->115274K(115968K) Class: 16569K(17280K)->16569K(17280K)
[2026-04-03T02:17:02.277+0600][73.539s][info][gc             ] GC(347) Pause Young (Mixed) (G1 Evacuation Pause) 485M->97M(494M) 3.959ms
[2026-04-03T02:17:02.277+0600][73.539s][info][gc,cpu         ] GC(347) User=0.02s Sys=0.00s Real=0.00s
[2026-04-03T02:17:02.510+0600][73.772s][info][gc,start       ] GC(348) Pause Young (Concurrent Start) (G1 Humongous Allocation)
[2026-04-03T02:17:02.510+0600][73.772s][info][gc,task        ] GC(348) Using 10 workers of 10 for evacuation
[2026-04-03T02:17:02.513+0600][73.774s][info][gc,phases      ] GC(348)   Pre Evacuate Collection Set: 0.28ms
[2026-04-03T02:17:02.513+0600][73.775s][info][gc,phases      ] GC(348)   Merge Heap Roots: 0.12ms
[2026-04-03T02:17:02.513+0600][73.775s][info][gc,phases      ] GC(348)   Evacuate Collection Set: 1.46ms
[2026-04-03T02:17:02.513+0600][73.775s][info][gc,phases      ] GC(348)   Post Evacuate Collection Set: 0.69ms
[2026-04-03T02:17:02.513+0600][73.775s][info][gc,phases      ] GC(348)   Other: 0.14ms
[2026-04-03T02:17:02.513+0600][73.775s][info][gc,heap        ] GC(348) Eden regions: 140->0(291)
[2026-04-03T02:17:02.513+0600][73.775s][info][gc,heap        ] GC(348) Survivor regions: 6->5(37)
[2026-04-03T02:17:02.513+0600][73.775s][info][gc,heap        ] GC(348) Old regions: 86->86
[2026-04-03T02:17:02.513+0600][73.775s][info][gc,heap        ] GC(348) Humongous regions: 8->8
[2026-04-03T02:17:02.513+0600][73.775s][info][gc,metaspace   ] GC(348) Metaspace: 131851K(133312K)->131851K(133312K) NonClass: 115280K(116032K)->115280K(116032K) Class: 16570K(17280K)->16570K(17280K)
[2026-04-03T02:17:02.513+0600][73.775s][info][gc             ] GC(348) Pause Young (Concurrent Start) (G1 Humongous Allocation) 237M->97M(494M) 3.142ms
[2026-04-03T02:17:02.513+0600][73.775s][info][gc,cpu         ] GC(348) User=0.02s Sys=0.00s Real=0.00s
[2026-04-03T02:17:02.513+0600][73.775s][info][gc             ] GC(349) Concurrent Mark Cycle
[2026-04-03T02:17:02.513+0600][73.775s][info][gc,marking     ] GC(349) Concurrent Scan Root Regions
[2026-04-03T02:17:02.515+0600][73.777s][info][gc,marking     ] GC(349) Concurrent Scan Root Regions 1.849ms
[2026-04-03T02:17:02.515+0600][73.777s][info][gc,marking     ] GC(349) Concurrent Mark
[2026-04-03T02:17:02.515+0600][73.777s][info][gc,marking     ] GC(349) Concurrent Mark From Roots
[2026-04-03T02:17:02.515+0600][73.777s][info][gc,task        ] GC(349) Using 3 workers of 3 for marking
[2026-04-03T02:17:02.600+0600][73.862s][info][gc,marking     ] GC(349) Concurrent Mark From Roots 84.912ms
[2026-04-03T02:17:02.600+0600][73.862s][info][gc,marking     ] GC(349) Concurrent Preclean
[2026-04-03T02:17:02.601+0600][73.863s][info][gc,marking     ] GC(349) Concurrent Preclean 0.634ms
[2026-04-03T02:17:02.601+0600][73.863s][info][gc,start       ] GC(349) Pause Remark
[2026-04-03T02:17:02.612+0600][73.874s][info][gc             ] GC(349) Pause Remark 201M->201M(487M) 10.594ms
[2026-04-03T02:17:02.612+0600][73.874s][info][gc,cpu         ] GC(349) User=0.08s Sys=0.01s Real=0.01s
[2026-04-03T02:17:02.612+0600][73.874s][info][gc,marking     ] GC(349) Concurrent Mark 97.039ms
[2026-04-03T02:17:02.612+0600][73.874s][info][gc,marking     ] GC(349) Concurrent Rebuild Remembered Sets and Scrub Regions
[2026-04-03T02:17:02.646+0600][73.908s][info][gc,marking     ] GC(349) Concurrent Rebuild Remembered Sets and Scrub Regions 33.997ms
[2026-04-03T02:17:02.647+0600][73.909s][info][gc,start       ] GC(349) Pause Cleanup
[2026-04-03T02:17:02.647+0600][73.909s][info][gc             ] GC(349) Pause Cleanup 236M->236M(487M) 0.434ms
[2026-04-03T02:17:02.647+0600][73.909s][info][gc,cpu         ] GC(349) User=0.00s Sys=0.00s Real=0.00s
[2026-04-03T02:17:02.647+0600][73.909s][info][gc,marking     ] GC(349) Concurrent Clear Claimed Marks
[2026-04-03T02:17:02.648+0600][73.910s][info][gc,marking     ] GC(349) Concurrent Clear Claimed Marks 0.449ms
[2026-04-03T02:17:02.648+0600][73.910s][info][gc,marking     ] GC(349) Concurrent Cleanup for Next Mark
[2026-04-03T02:17:02.649+0600][73.911s][info][gc,marking     ] GC(349) Concurrent Cleanup for Next Mark 1.218ms
[2026-04-03T02:17:02.649+0600][73.911s][info][gc             ] GC(349) Concurrent Mark Cycle 135.981ms
[2026-04-03T02:17:02.824+0600][74.086s][info][gc,start       ] GC(350) Pause Young (Prepare Mixed) (GCLocker Initiated GC)
[2026-04-03T02:17:02.824+0600][74.086s][info][gc,task        ] GC(350) Using 10 workers of 10 for evacuation
[2026-04-03T02:17:02.831+0600][74.093s][info][gc,phases      ] GC(350)   Pre Evacuate Collection Set: 0.58ms
[2026-04-03T02:17:02.831+0600][74.093s][info][gc,phases      ] GC(350)   Merge Heap Roots: 0.28ms
[2026-04-03T02:17:02.831+0600][74.093s][info][gc,phases      ] GC(350)   Evacuate Collection Set: 5.04ms
[2026-04-03T02:17:02.831+0600][74.093s][info][gc,phases      ] GC(350)   Post Evacuate Collection Set: 0.77ms
[2026-04-03T02:17:02.831+0600][74.093s][info][gc,phases      ] GC(350)   Other: 0.17ms
[2026-04-03T02:17:02.831+0600][74.093s][info][gc,heap        ] GC(350) Eden regions: 215->0(289)
[2026-04-03T02:17:02.831+0600][74.093s][info][gc,heap        ] GC(350) Survivor regions: 5->9(37)
[2026-04-03T02:17:02.831+0600][74.093s][info][gc,heap        ] GC(350) Old regions: 86->87
[2026-04-03T02:17:02.831+0600][74.093s][info][gc,heap        ] GC(350) Humongous regions: 181->8
[2026-04-03T02:17:02.831+0600][74.093s][info][gc,metaspace   ] GC(350) Metaspace: 131851K(133312K)->131851K(133312K) NonClass: 115280K(116032K)->115280K(116032K) Class: 16570K(17280K)->16570K(17280K)
[2026-04-03T02:17:02.831+0600][74.093s][info][gc             ] GC(350) Pause Young (Prepare Mixed) (GCLocker Initiated GC) 485M->101M(497M) 7.188ms
[2026-04-03T02:17:02.831+0600][74.093s][info][gc,cpu         ] GC(350) User=0.03s Sys=0.02s Real=0.01s
[2026-04-03T02:17:03.128+0600][74.390s][info][gc,start       ] GC(351) Pause Young (Mixed) (GCLocker Initiated GC)
[2026-04-03T02:17:03.128+0600][74.390s][info][gc,task        ] GC(351) Using 10 workers of 10 for evacuation
[2026-04-03T02:17:03.134+0600][74.396s][info][gc,phases      ] GC(351)   Pre Evacuate Collection Set: 0.37ms
[2026-04-03T02:17:03.134+0600][74.396s][info][gc,phases      ] GC(351)   Merge Heap Roots: 0.34ms
[2026-04-03T02:17:03.134+0600][74.396s][info][gc,phases      ] GC(351)   Evacuate Collection Set: 4.66ms
[2026-04-03T02:17:03.134+0600][74.396s][info][gc,phases      ] GC(351)   Post Evacuate Collection Set: 0.94ms
[2026-04-03T02:17:03.135+0600][74.396s][info][gc,phases      ] GC(351)   Other: 0.18ms
[2026-04-03T02:17:03.135+0600][74.396s][info][gc,heap        ] GC(351) Eden regions: 225->0(298)
[2026-04-03T02:17:03.135+0600][74.396s][info][gc,heap        ] GC(351) Survivor regions: 9->8(38)
[2026-04-03T02:17:03.135+0600][74.396s][info][gc,heap        ] GC(351) Old regions: 87->86
[2026-04-03T02:17:03.135+0600][74.396s][info][gc,heap        ] GC(351) Humongous regions: 182->8
[2026-04-03T02:17:03.135+0600][74.396s][info][gc,metaspace   ] GC(351) Metaspace: 131853K(133312K)->131853K(133312K) NonClass: 115282K(116032K)->115282K(116032K) Class: 16570K(17280K)->16570K(17280K)
[2026-04-03T02:17:03.135+0600][74.396s][info][gc             ] GC(351) Pause Young (Mixed) (GCLocker Initiated GC) 500M->100M(511M) 6.968ms
[2026-04-03T02:17:03.135+0600][74.397s][info][gc,cpu         ] GC(351) User=0.04s Sys=0.02s Real=0.01s
[2026-04-03T02:17:03.139+0600][74.401s][info][gc,start       ] GC(352) Pause Young (Concurrent Start) (G1 Humongous Allocation)
[2026-04-03T02:17:03.139+0600][74.401s][info][gc,task        ] GC(352) Using 10 workers of 10 for evacuation
[2026-04-03T02:17:03.143+0600][74.405s][info][gc,phases      ] GC(352)   Pre Evacuate Collection Set: 0.43ms
[2026-04-03T02:17:03.144+0600][74.405s][info][gc,phases      ] GC(352)   Merge Heap Roots: 0.13ms
[2026-04-03T02:17:03.144+0600][74.405s][info][gc,phases      ] GC(352)   Evacuate Collection Set: 2.91ms
[2026-04-03T02:17:03.144+0600][74.405s][info][gc,phases      ] GC(352)   Post Evacuate Collection Set: 0.93ms
[2026-04-03T02:17:03.144+0600][74.405s][info][gc,phases      ] GC(352)   Other: 0.13ms
[2026-04-03T02:17:03.144+0600][74.405s][info][gc,heap        ] GC(352) Eden regions: 4->0(299)
[2026-04-03T02:17:03.144+0600][74.406s][info][gc,heap        ] GC(352) Survivor regions: 8->7(39)
[2026-04-03T02:17:03.144+0600][74.406s][info][gc,heap        ] GC(352) Old regions: 86->86
[2026-04-03T02:17:03.144+0600][74.406s][info][gc,heap        ] GC(352) Humongous regions: 10->8
[2026-04-03T02:17:03.144+0600][74.406s][info][gc,metaspace   ] GC(352) Metaspace: 131853K(133312K)->131853K(133312K) NonClass: 115282K(116032K)->115282K(116032K) Class: 16570K(17280K)->16570K(17280K)
[2026-04-03T02:17:03.144+0600][74.406s][info][gc             ] GC(352) Pause Young (Concurrent Start) (G1 Humongous Allocation) 106M->99M(511M) 4.863ms
[2026-04-03T02:17:03.144+0600][74.406s][info][gc             ] GC(353) Concurrent Mark Cycle
[2026-04-03T02:17:03.144+0600][74.406s][info][gc,marking     ] GC(353) Concurrent Scan Root Regions
[2026-04-03T02:17:03.144+0600][74.406s][info][gc,cpu         ] GC(352) User=0.04s Sys=0.00s Real=0.01s
[2026-04-03T02:17:03.147+0600][74.409s][info][gc,marking     ] GC(353) Concurrent Scan Root Regions 2.823ms
[2026-04-03T02:17:03.147+0600][74.409s][info][gc,marking     ] GC(353) Concurrent Mark
[2026-04-03T02:17:03.147+0600][74.409s][info][gc,marking     ] GC(353) Concurrent Mark From Roots
[2026-04-03T02:17:03.147+0600][74.409s][info][gc,task        ] GC(353) Using 3 workers of 3 for marking
[2026-04-03T02:17:03.236+0600][74.498s][info][gc,marking     ] GC(353) Concurrent Mark From Roots 89.139ms
[2026-04-03T02:17:03.236+0600][74.498s][info][gc,marking     ] GC(353) Concurrent Preclean
[2026-04-03T02:17:03.237+0600][74.498s][info][gc,marking     ] GC(353) Concurrent Preclean 0.530ms
[2026-04-03T02:17:03.237+0600][74.499s][info][gc,start       ] GC(353) Pause Remark
[2026-04-03T02:17:03.247+0600][74.509s][info][gc             ] GC(353) Pause Remark 183M->183M(450M) 10.081ms
[2026-04-03T02:17:03.247+0600][74.509s][info][gc,cpu         ] GC(353) User=0.08s Sys=0.00s Real=0.01s
[2026-04-03T02:17:03.248+0600][74.509s][info][gc,marking     ] GC(353) Concurrent Mark 100.732ms
[2026-04-03T02:17:03.248+0600][74.509s][info][gc,marking     ] GC(353) Concurrent Rebuild Remembered Sets and Scrub Regions
[2026-04-03T02:17:03.285+0600][74.547s][info][gc,marking     ] GC(353) Concurrent Rebuild Remembered Sets and Scrub Regions 37.205ms
[2026-04-03T02:17:03.285+0600][74.547s][info][gc,start       ] GC(353) Pause Cleanup
[2026-04-03T02:17:03.286+0600][74.547s][info][gc             ] GC(353) Pause Cleanup 221M->221M(450M) 0.302ms
[2026-04-03T02:17:03.286+0600][74.548s][info][gc,cpu         ] GC(353) User=0.00s Sys=0.00s Real=0.00s
[2026-04-03T02:17:03.288+0600][74.550s][info][gc,marking     ] GC(353) Concurrent Clear Claimed Marks
[2026-04-03T02:17:03.288+0600][74.550s][info][gc,marking     ] GC(353) Concurrent Clear Claimed Marks 0.411ms
[2026-04-03T02:17:03.288+0600][74.550s][info][gc,marking     ] GC(353) Concurrent Cleanup for Next Mark
[2026-04-03T02:17:03.289+0600][74.551s][info][gc,marking     ] GC(353) Concurrent Cleanup for Next Mark 0.957ms
[2026-04-03T02:17:03.289+0600][74.551s][info][gc             ] GC(353) Concurrent Mark Cycle 145.494ms
[2026-04-03T02:17:03.522+0600][74.784s][info][gc,start       ] GC(354) Pause Young (Prepare Mixed) (G1 Evacuation Pause)
[2026-04-03T02:17:03.522+0600][74.784s][info][gc,task        ] GC(354) Using 10 workers of 10 for evacuation
[2026-04-03T02:17:03.530+0600][74.792s][info][gc,phases      ] GC(354)   Pre Evacuate Collection Set: 0.41ms
[2026-04-03T02:17:03.530+0600][74.792s][info][gc,phases      ] GC(354)   Merge Heap Roots: 0.24ms
[2026-04-03T02:17:03.530+0600][74.792s][info][gc,phases      ] GC(354)   Evacuate Collection Set: 5.98ms
[2026-04-03T02:17:03.530+0600][74.792s][info][gc,phases      ] GC(354)   Post Evacuate Collection Set: 0.94ms
[2026-04-03T02:17:03.530+0600][74.792s][info][gc,phases      ] GC(354)   Other: 0.14ms
[2026-04-03T02:17:03.530+0600][74.792s][info][gc,heap        ] GC(354) Eden regions: 211->0(267)
[2026-04-03T02:17:03.530+0600][74.792s][info][gc,heap        ] GC(354) Survivor regions: 7->8(34)
[2026-04-03T02:17:03.530+0600][74.792s][info][gc,heap        ] GC(354) Old regions: 86->87
[2026-04-03T02:17:03.530+0600][74.792s][info][gc,heap        ] GC(354) Humongous regions: 146->8
[2026-04-03T02:17:03.530+0600][74.792s][info][gc,metaspace   ] GC(354) Metaspace: 131882K(133312K)->131882K(133312K) NonClass: 115310K(116032K)->115310K(116032K) Class: 16572K(17280K)->16572K(17280K)
[2026-04-03T02:17:03.530+0600][74.792s][info][gc             ] GC(354) Pause Young (Prepare Mixed) (G1 Evacuation Pause) 448M->101M(459M) 8.138ms
[2026-04-03T02:17:03.530+0600][74.792s][info][gc,cpu         ] GC(354) User=0.05s Sys=0.01s Real=0.01s
[2026-04-03T02:17:03.819+0600][75.081s][info][gc,start       ] GC(355) Pause Young (Mixed) (G1 Evacuation Pause)
[2026-04-03T02:17:03.819+0600][75.081s][info][gc,task        ] GC(355) Using 10 workers of 10 for evacuation
[2026-04-03T02:17:03.823+0600][75.085s][info][gc,phases      ] GC(355)   Pre Evacuate Collection Set: 0.41ms
[2026-04-03T02:17:03.823+0600][75.085s][info][gc,phases      ] GC(355)   Merge Heap Roots: 0.18ms
[2026-04-03T02:17:03.823+0600][75.085s][info][gc,phases      ] GC(355)   Evacuate Collection Set: 3.08ms
[2026-04-03T02:17:03.823+0600][75.085s][info][gc,phases      ] GC(355)   Post Evacuate Collection Set: 0.53ms
[2026-04-03T02:17:03.823+0600][75.085s][info][gc,phases      ] GC(355)   Other: 0.10ms
[2026-04-03T02:17:03.823+0600][75.085s][info][gc,heap        ] GC(355) Eden regions: 270->0(275)
[2026-04-03T02:17:03.823+0600][75.085s][info][gc,heap        ] GC(355) Survivor regions: 8->7(35)
[2026-04-03T02:17:03.823+0600][75.085s][info][gc,heap        ] GC(355) Old regions: 87->86
[2026-04-03T02:17:03.823+0600][75.085s][info][gc,heap        ] GC(355) Humongous regions: 98->8
[2026-04-03T02:17:03.823+0600][75.085s][info][gc,metaspace   ] GC(355) Metaspace: 131885K(133312K)->131885K(133312K) NonClass: 115313K(116032K)->115313K(116032K) Class: 16572K(17280K)->16572K(17280K)
[2026-04-03T02:17:03.823+0600][75.085s][info][gc             ] GC(355) Pause Young (Mixed) (G1 Evacuation Pause) 461M->99M(470M) 4.560ms
[2026-04-03T02:17:03.824+0600][75.085s][info][gc,cpu         ] GC(355) User=0.03s Sys=0.01s Real=0.01s
[2026-04-03T02:17:03.824+0600][75.086s][info][gc,start       ] GC(356) Pause Young (Concurrent Start) (G1 Humongous Allocation)
[2026-04-03T02:17:03.824+0600][75.086s][info][gc,task        ] GC(356) Using 10 workers of 10 for evacuation
[2026-04-03T02:17:03.827+0600][75.089s][info][gc,phases      ] GC(356)   Pre Evacuate Collection Set: 0.24ms
[2026-04-03T02:17:03.828+0600][75.089s][info][gc,phases      ] GC(356)   Merge Heap Roots: 0.07ms
[2026-04-03T02:17:03.828+0600][75.089s][info][gc,phases      ] GC(356)   Evacuate Collection Set: 2.09ms
[2026-04-03T02:17:03.828+0600][75.089s][info][gc,phases      ] GC(356)   Post Evacuate Collection Set: 0.50ms
[2026-04-03T02:17:03.828+0600][75.089s][info][gc,phases      ] GC(356)   Other: 0.09ms
[2026-04-03T02:17:03.828+0600][75.089s][info][gc,heap        ] GC(356) Eden regions: 3->0(259)
[2026-04-03T02:17:03.828+0600][75.090s][info][gc,heap        ] GC(356) Survivor regions: 7->8(36)
[2026-04-03T02:17:03.828+0600][75.090s][info][gc,heap        ] GC(356) Old regions: 86->86
[2026-04-03T02:17:03.828+0600][75.090s][info][gc,heap        ] GC(356) Humongous regions: 8->8
[2026-04-03T02:17:03.828+0600][75.090s][info][gc,metaspace   ] GC(356) Metaspace: 131885K(133312K)->131885K(133312K) NonClass: 115313K(116032K)->115313K(116032K) Class: 16572K(17280K)->16572K(17280K)
[2026-04-03T02:17:03.828+0600][75.090s][info][gc             ] GC(356) Pause Young (Concurrent Start) (G1 Humongous Allocation) 101M->100M(470M) 3.258ms
[2026-04-03T02:17:03.828+0600][75.090s][info][gc             ] GC(357) Concurrent Mark Cycle
[2026-04-03T02:17:03.828+0600][75.090s][info][gc,marking     ] GC(357) Concurrent Scan Root Regions
[2026-04-03T02:17:03.828+0600][75.090s][info][gc,cpu         ] GC(356) User=0.03s Sys=0.00s Real=0.00s
[2026-04-03T02:17:03.830+0600][75.092s][info][gc,marking     ] GC(357) Concurrent Scan Root Regions 2.197ms
[2026-04-03T02:17:03.830+0600][75.092s][info][gc,marking     ] GC(357) Concurrent Mark
[2026-04-03T02:17:03.830+0600][75.092s][info][gc,marking     ] GC(357) Concurrent Mark From Roots
[2026-04-03T02:17:03.830+0600][75.092s][info][gc,task        ] GC(357) Using 3 workers of 3 for marking
[2026-04-03T02:17:03.902+0600][75.164s][info][gc,start       ] GC(358) Pause Young (Normal) (G1 Evacuation Pause)
[2026-04-03T02:17:03.902+0600][75.164s][info][gc,task        ] GC(358) Using 10 workers of 10 for evacuation
[2026-04-03T02:17:03.908+0600][75.169s][info][gc,phases      ] GC(358)   Pre Evacuate Collection Set: 0.54ms
[2026-04-03T02:17:03.908+0600][75.169s][info][gc,phases      ] GC(358)   Merge Heap Roots: 0.27ms
[2026-04-03T02:17:03.908+0600][75.169s][info][gc,phases      ] GC(358)   Evacuate Collection Set: 3.49ms
[2026-04-03T02:17:03.908+0600][75.170s][info][gc,phases      ] GC(358)   Post Evacuate Collection Set: 0.86ms
[2026-04-03T02:17:03.908+0600][75.170s][info][gc,phases      ] GC(358)   Other: 0.14ms
[2026-04-03T02:17:03.908+0600][75.170s][info][gc,heap        ] GC(358) Eden regions: 39->0(269)
[2026-04-03T02:17:03.908+0600][75.170s][info][gc,heap        ] GC(358) Survivor regions: 8->5(34)
[2026-04-03T02:17:03.908+0600][75.170s][info][gc,heap        ] GC(358) Old regions: 86->87
[2026-04-03T02:17:03.908+0600][75.170s][info][gc,heap        ] GC(358) Humongous regions: 341->8
[2026-04-03T02:17:03.908+0600][75.170s][info][gc,metaspace   ] GC(358) Metaspace: 131885K(133312K)->131885K(133312K) NonClass: 115313K(116032K)->115313K(116032K) Class: 16572K(17280K)->16572K(17280K)
[2026-04-03T02:17:03.908+0600][75.170s][info][gc             ] GC(358) Pause Young (Normal) (G1 Evacuation Pause) 472M->97M(480M) 5.723ms
[2026-04-03T02:17:03.908+0600][75.170s][info][gc,cpu         ] GC(358) User=0.03s Sys=0.00s Real=0.00s
[2026-04-03T02:17:03.932+0600][75.194s][info][gc,marking     ] GC(357) Concurrent Mark From Roots 102.286ms
[2026-04-03T02:17:03.933+0600][75.194s][info][gc,marking     ] GC(357) Concurrent Preclean
[2026-04-03T02:17:03.933+0600][75.195s][info][gc,marking     ] GC(357) Concurrent Preclean 0.250ms
[2026-04-03T02:17:03.933+0600][75.195s][info][gc,start       ] GC(357) Pause Remark
[2026-04-03T02:17:03.942+0600][75.204s][info][gc             ] GC(357) Pause Remark 134M->134M(387M) 8.821ms
[2026-04-03T02:17:03.942+0600][75.204s][info][gc,cpu         ] GC(357) User=0.07s Sys=0.00s Real=0.01s
[2026-04-03T02:17:03.942+0600][75.204s][info][gc,marking     ] GC(357) Concurrent Mark 112.197ms
[2026-04-03T02:17:03.942+0600][75.204s][info][gc,marking     ] GC(357) Concurrent Rebuild Remembered Sets and Scrub Regions
[2026-04-03T02:17:03.969+0600][75.231s][info][gc,marking     ] GC(357) Concurrent Rebuild Remembered Sets and Scrub Regions 26.968ms
[2026-04-03T02:17:03.970+0600][75.232s][info][gc,start       ] GC(357) Pause Cleanup
[2026-04-03T02:17:03.970+0600][75.232s][info][gc             ] GC(357) Pause Cleanup 140M->140M(387M) 0.292ms
[2026-04-03T02:17:03.970+0600][75.232s][info][gc,cpu         ] GC(357) User=0.00s Sys=0.00s Real=0.00s
[2026-04-03T02:17:03.970+0600][75.232s][info][gc,marking     ] GC(357) Concurrent Clear Claimed Marks
[2026-04-03T02:17:03.971+0600][75.232s][info][gc,marking     ] GC(357) Concurrent Clear Claimed Marks 0.335ms
[2026-04-03T02:17:03.971+0600][75.233s][info][gc,marking     ] GC(357) Concurrent Cleanup for Next Mark
[2026-04-03T02:17:03.971+0600][75.233s][info][gc,marking     ] GC(357) Concurrent Cleanup for Next Mark 0.607ms
[2026-04-03T02:17:03.971+0600][75.233s][info][gc             ] GC(357) Concurrent Mark Cycle 143.518ms
[2026-04-03T02:17:04.030+0600][75.292s][info][gc,start       ] GC(359) Pause Young (Prepare Mixed) (G1 Evacuation Pause)
[2026-04-03T02:17:04.031+0600][75.292s][info][gc,task        ] GC(359) Using 10 workers of 10 for evacuation
[2026-04-03T02:17:04.034+0600][75.296s][info][gc,phases      ] GC(359)   Pre Evacuate Collection Set: 0.21ms
[2026-04-03T02:17:04.034+0600][75.296s][info][gc,phases      ] GC(359)   Merge Heap Roots: 0.09ms
[2026-04-03T02:17:04.034+0600][75.296s][info][gc,phases      ] GC(359)   Evacuate Collection Set: 2.28ms
[2026-04-03T02:17:04.034+0600][75.296s][info][gc,phases      ] GC(359)   Post Evacuate Collection Set: 0.60ms
[2026-04-03T02:17:04.034+0600][75.296s][info][gc,phases      ] GC(359)   Other: 0.09ms
[2026-04-03T02:17:04.034+0600][75.296s][info][gc,heap        ] GC(359) Eden regions: 49->0(300)
[2026-04-03T02:17:04.034+0600][75.296s][info][gc,heap        ] GC(359) Survivor regions: 5->4(35)
[2026-04-03T02:17:04.034+0600][75.296s][info][gc,heap        ] GC(359) Old regions: 87->88
[2026-04-03T02:17:04.034+0600][75.296s][info][gc,heap        ] GC(359) Humongous regions: 362->8
[2026-04-03T02:17:04.034+0600][75.296s][info][gc,metaspace   ] GC(359) Metaspace: 131885K(133312K)->131885K(133312K) NonClass: 115313K(116032K)->115313K(116032K) Class: 16572K(17280K)->16572K(17280K)
[2026-04-03T02:17:04.034+0600][75.296s][info][gc             ] GC(359) Pause Young (Prepare Mixed) (G1 Evacuation Pause) 500M->97M(508M) 3.504ms
[2026-04-03T02:17:04.034+0600][75.296s][info][gc,cpu         ] GC(359) User=0.02s Sys=0.00s Real=0.00s
[2026-04-03T02:17:04.474+0600][75.736s][info][gc,start       ] GC(360) Pause Young (Mixed) (G1 Evacuation Pause)
[2026-04-03T02:17:04.474+0600][75.736s][info][gc,task        ] GC(360) Using 10 workers of 10 for evacuation
[2026-04-03T02:17:04.478+0600][75.740s][info][gc,phases      ] GC(360)   Pre Evacuate Collection Set: 0.39ms
[2026-04-03T02:17:04.478+0600][75.740s][info][gc,phases      ] GC(360)   Merge Heap Roots: 0.19ms
[2026-04-03T02:17:04.478+0600][75.740s][info][gc,phases      ] GC(360)   Evacuate Collection Set: 3.09ms
[2026-04-03T02:17:04.478+0600][75.740s][info][gc,phases      ] GC(360)   Post Evacuate Collection Set: 0.60ms
[2026-04-03T02:17:04.478+0600][75.740s][info][gc,phases      ] GC(360)   Other: 0.14ms
[2026-04-03T02:17:04.478+0600][75.740s][info][gc,heap        ] GC(360) Eden regions: 293->0(310)
[2026-04-03T02:17:04.478+0600][75.740s][info][gc,heap        ] GC(360) Survivor regions: 4->6(38)
[2026-04-03T02:17:04.478+0600][75.740s][info][gc,heap        ] GC(360) Old regions: 88->87
[2026-04-03T02:17:04.478+0600][75.740s][info][gc,heap        ] GC(360) Humongous regions: 137->10
[2026-04-03T02:17:04.478+0600][75.740s][info][gc,metaspace   ] GC(360) Metaspace: 131903K(133312K)->131903K(133312K) NonClass: 115330K(116032K)->115330K(116032K) Class: 16572K(17280K)->16572K(17280K)
[2026-04-03T02:17:04.478+0600][75.740s][info][gc             ] GC(360) Pause Young (Mixed) (G1 Evacuation Pause) 519M->100M(528M) 4.689ms
[2026-04-03T02:17:04.479+0600][75.740s][info][gc,cpu         ] GC(360) User=0.02s Sys=0.01s Real=0.00s
[2026-04-03T02:17:04.481+0600][75.743s][info][gc,start       ] GC(361) Pause Young (Concurrent Start) (G1 Humongous Allocation)
[2026-04-03T02:17:04.481+0600][75.743s][info][gc,task        ] GC(361) Using 10 workers of 10 for evacuation
[2026-04-03T02:17:04.484+0600][75.746s][info][gc,phases      ] GC(361)   Pre Evacuate Collection Set: 0.28ms
[2026-04-03T02:17:04.484+0600][75.746s][info][gc,phases      ] GC(361)   Merge Heap Roots: 0.10ms
[2026-04-03T02:17:04.484+0600][75.746s][info][gc,phases      ] GC(361)   Evacuate Collection Set: 1.95ms
[2026-04-03T02:17:04.484+0600][75.746s][info][gc,phases      ] GC(361)   Post Evacuate Collection Set: 0.44ms
[2026-04-03T02:17:04.484+0600][75.746s][info][gc,phases      ] GC(361)   Other: 0.10ms
[2026-04-03T02:17:04.484+0600][75.746s][info][gc,heap        ] GC(361) Eden regions: 3->0(311)
[2026-04-03T02:17:04.484+0600][75.746s][info][gc,heap        ] GC(361) Survivor regions: 6->5(40)
[2026-04-03T02:17:04.484+0600][75.746s][info][gc,heap        ] GC(361) Old regions: 87->87
[2026-04-03T02:17:04.484+0600][75.746s][info][gc,heap        ] GC(361) Humongous regions: 10->8
[2026-04-03T02:17:04.484+0600][75.746s][info][gc,metaspace   ] GC(361) Metaspace: 131903K(133312K)->131903K(133312K) NonClass: 115330K(116032K)->115330K(116032K) Class: 16572K(17280K)->16572K(17280K)
[2026-04-03T02:17:04.484+0600][75.746s][info][gc             ] GC(361) Pause Young (Concurrent Start) (G1 Humongous Allocation) 103M->98M(528M) 3.087ms
[2026-04-03T02:17:04.484+0600][75.746s][info][gc             ] GC(362) Concurrent Mark Cycle
[2026-04-03T02:17:04.484+0600][75.746s][info][gc,marking     ] GC(362) Concurrent Scan Root Regions
[2026-04-03T02:17:04.484+0600][75.746s][info][gc,cpu         ] GC(361) User=0.02s Sys=0.00s Real=0.00s
[2026-04-03T02:17:04.486+0600][75.748s][info][gc,marking     ] GC(362) Concurrent Scan Root Regions 1.776ms
[2026-04-03T02:17:04.486+0600][75.748s][info][gc,marking     ] GC(362) Concurrent Mark
[2026-04-03T02:17:04.486+0600][75.748s][info][gc,marking     ] GC(362) Concurrent Mark From Roots
[2026-04-03T02:17:04.486+0600][75.748s][info][gc,task        ] GC(362) Using 3 workers of 3 for marking
[2026-04-03T02:17:04.569+0600][75.831s][info][gc,marking     ] GC(362) Concurrent Mark From Roots 83.408ms
[2026-04-03T02:17:04.570+0600][75.831s][info][gc,marking     ] GC(362) Concurrent Preclean
[2026-04-03T02:17:04.570+0600][75.832s][info][gc,marking     ] GC(362) Concurrent Preclean 0.516ms
[2026-04-03T02:17:04.570+0600][75.832s][info][gc,start       ] GC(362) Pause Remark
[2026-04-03T02:17:04.580+0600][75.841s][info][gc             ] GC(362) Pause Remark 188M->188M(467M) 9.137ms
[2026-04-03T02:17:04.580+0600][75.842s][info][gc,cpu         ] GC(362) User=0.07s Sys=0.00s Real=0.01s
[2026-04-03T02:17:04.580+0600][75.842s][info][gc,marking     ] GC(362) Concurrent Mark 93.987ms
[2026-04-03T02:17:04.580+0600][75.842s][info][gc,marking     ] GC(362) Concurrent Rebuild Remembered Sets and Scrub Regions
[2026-04-03T02:17:04.611+0600][75.873s][info][gc,marking     ] GC(362) Concurrent Rebuild Remembered Sets and Scrub Regions 30.682ms
[2026-04-03T02:17:04.611+0600][75.873s][info][gc,start       ] GC(362) Pause Cleanup
[2026-04-03T02:17:04.611+0600][75.873s][info][gc             ] GC(362) Pause Cleanup 211M->211M(467M) 0.291ms
[2026-04-03T02:17:04.612+0600][75.873s][info][gc,cpu         ] GC(362) User=0.00s Sys=0.00s Real=0.00s
[2026-04-03T02:17:04.612+0600][75.874s][info][gc,marking     ] GC(362) Concurrent Clear Claimed Marks
[2026-04-03T02:17:04.612+0600][75.874s][info][gc,marking     ] GC(362) Concurrent Clear Claimed Marks 0.417ms
[2026-04-03T02:17:04.612+0600][75.874s][info][gc,marking     ] GC(362) Concurrent Cleanup for Next Mark
[2026-04-03T02:17:04.613+0600][75.875s][info][gc,marking     ] GC(362) Concurrent Cleanup for Next Mark 1.116ms
[2026-04-03T02:17:04.613+0600][75.875s][info][gc             ] GC(362) Concurrent Mark Cycle 129.139ms
[2026-04-03T02:17:04.798+0600][76.060s][info][gc,start       ] GC(363) Pause Young (Prepare Mixed) (G1 Evacuation Pause)
[2026-04-03T02:17:04.798+0600][76.060s][info][gc,task        ] GC(363) Using 10 workers of 10 for evacuation
[2026-04-03T02:17:04.802+0600][76.064s][info][gc,phases      ] GC(363)   Pre Evacuate Collection Set: 0.21ms
[2026-04-03T02:17:04.802+0600][76.064s][info][gc,phases      ] GC(363)   Merge Heap Roots: 0.15ms
[2026-04-03T02:17:04.802+0600][76.064s][info][gc,phases      ] GC(363)   Evacuate Collection Set: 2.65ms
[2026-04-03T02:17:04.802+0600][76.064s][info][gc,phases      ] GC(363)   Post Evacuate Collection Set: 0.66ms
[2026-04-03T02:17:04.802+0600][76.064s][info][gc,phases      ] GC(363)   Other: 0.09ms
[2026-04-03T02:17:04.802+0600][76.064s][info][gc,heap        ] GC(363) Eden regions: 211->0(289)
[2026-04-03T02:17:04.802+0600][76.064s][info][gc,heap        ] GC(363) Survivor regions: 5->6(35)
[2026-04-03T02:17:04.802+0600][76.064s][info][gc,heap        ] GC(363) Old regions: 87->88
[2026-04-03T02:17:04.802+0600][76.064s][info][gc,heap        ] GC(363) Humongous regions: 183->8
[2026-04-03T02:17:04.802+0600][76.064s][info][gc,metaspace   ] GC(363) Metaspace: 131903K(133312K)->131903K(133312K) NonClass: 115330K(116032K)->115330K(116032K) Class: 16572K(17280K)->16572K(17280K)
[2026-04-03T02:17:04.802+0600][76.064s][info][gc             ] GC(363) Pause Young (Prepare Mixed) (G1 Evacuation Pause) 484M->99M(493M) 4.006ms
[2026-04-03T02:17:04.802+0600][76.064s][info][gc,cpu         ] GC(363) User=0.02s Sys=0.01s Real=0.01s
[2026-04-03T02:17:05.091+0600][76.353s][info][gc,start       ] GC(364) Pause Young (Mixed) (G1 Evacuation Pause)
[2026-04-03T02:17:05.091+0600][76.353s][info][gc,task        ] GC(364) Using 10 workers of 10 for evacuation
[2026-04-03T02:17:05.097+0600][76.358s][info][gc,phases      ] GC(364)   Pre Evacuate Collection Set: 0.39ms
[2026-04-03T02:17:05.097+0600][76.359s][info][gc,phases      ] GC(364)   Merge Heap Roots: 0.19ms
[2026-04-03T02:17:05.097+0600][76.359s][info][gc,phases      ] GC(364)   Evacuate Collection Set: 4.01ms
[2026-04-03T02:17:05.097+0600][76.359s][info][gc,phases      ] GC(364)   Post Evacuate Collection Set: 0.68ms
[2026-04-03T02:17:05.097+0600][76.359s][info][gc,phases      ] GC(364)   Other: 0.11ms
[2026-04-03T02:17:05.097+0600][76.359s][info][gc,heap        ] GC(364) Eden regions: 230->0(296)
[2026-04-03T02:17:05.097+0600][76.359s][info][gc,heap        ] GC(364) Survivor regions: 6->8(38)
[2026-04-03T02:17:05.097+0600][76.359s][info][gc,heap        ] GC(364) Old regions: 88->87
[2026-04-03T02:17:05.097+0600][76.359s][info][gc,heap        ] GC(364) Humongous regions: 176->8
[2026-04-03T02:17:05.097+0600][76.359s][info][gc,metaspace   ] GC(364) Metaspace: 131903K(133312K)->131903K(133312K) NonClass: 115330K(116032K)->115330K(116032K) Class: 16572K(17280K)->16572K(17280K)
[2026-04-03T02:17:05.097+0600][76.359s][info][gc             ] GC(364) Pause Young (Mixed) (G1 Evacuation Pause) 497M->100M(508M) 5.889ms
[2026-04-03T02:17:05.097+0600][76.359s][info][gc,cpu         ] GC(364) User=0.03s Sys=0.01s Real=0.00s
[2026-04-03T02:17:05.113+0600][76.375s][info][gc,start       ] GC(365) Pause Young (Concurrent Start) (GCLocker Initiated GC)
[2026-04-03T02:17:05.113+0600][76.375s][info][gc,task        ] GC(365) Using 10 workers of 10 for evacuation
[2026-04-03T02:17:05.119+0600][76.381s][info][gc,phases      ] GC(365)   Pre Evacuate Collection Set: 0.80ms
[2026-04-03T02:17:05.119+0600][76.381s][info][gc,phases      ] GC(365)   Merge Heap Roots: 0.14ms
[2026-04-03T02:17:05.119+0600][76.381s][info][gc,phases      ] GC(365)   Evacuate Collection Set: 3.45ms
[2026-04-03T02:17:05.119+0600][76.381s][info][gc,phases      ] GC(365)   Post Evacuate Collection Set: 0.71ms
[2026-04-03T02:17:05.119+0600][76.381s][info][gc,phases      ] GC(365)   Other: 0.33ms
[2026-04-03T02:17:05.119+0600][76.381s][info][gc,heap        ] GC(365) Eden regions: 13->0(297)
[2026-04-03T02:17:05.119+0600][76.381s][info][gc,heap        ] GC(365) Survivor regions: 8->7(38)
[2026-04-03T02:17:05.119+0600][76.381s][info][gc,heap        ] GC(365) Old regions: 87->87
[2026-04-03T02:17:05.119+0600][76.381s][info][gc,heap        ] GC(365) Humongous regions: 8->8
[2026-04-03T02:17:05.119+0600][76.381s][info][gc,metaspace   ] GC(365) Metaspace: 131903K(133312K)->131903K(133312K) NonClass: 115330K(116032K)->115330K(116032K) Class: 16572K(17280K)->16572K(17280K)
[2026-04-03T02:17:05.119+0600][76.381s][info][gc             ] GC(365) Pause Young (Concurrent Start) (GCLocker Initiated GC) 113M->100M(508M) 5.751ms
[2026-04-03T02:17:05.119+0600][76.381s][info][gc             ] GC(366) Concurrent Mark Cycle
[2026-04-03T02:17:05.119+0600][76.381s][info][gc,marking     ] GC(366) Concurrent Scan Root Regions
[2026-04-03T02:17:05.119+0600][76.381s][info][gc,cpu         ] GC(365) User=0.04s Sys=0.00s Real=0.00s
[2026-04-03T02:17:05.122+0600][76.384s][info][gc,marking     ] GC(366) Concurrent Scan Root Regions 2.929ms
[2026-04-03T02:17:05.122+0600][76.384s][info][gc,marking     ] GC(366) Concurrent Mark
[2026-04-03T02:17:05.122+0600][76.384s][info][gc,marking     ] GC(366) Concurrent Mark From Roots
[2026-04-03T02:17:05.122+0600][76.384s][info][gc,task        ] GC(366) Using 3 workers of 3 for marking
[2026-04-03T02:17:05.207+0600][76.468s][info][gc,marking     ] GC(366) Concurrent Mark From Roots 84.213ms
[2026-04-03T02:17:05.207+0600][76.469s][info][gc,marking     ] GC(366) Concurrent Preclean
[2026-04-03T02:17:05.207+0600][76.469s][info][gc,marking     ] GC(366) Concurrent Preclean 0.631ms
[2026-04-03T02:17:05.209+0600][76.471s][info][gc,start       ] GC(366) Pause Remark
[2026-04-03T02:17:05.218+0600][76.480s][info][gc             ] GC(366) Pause Remark 189M->189M(480M) 9.695ms
[2026-04-03T02:17:05.219+0600][76.481s][info][gc,cpu         ] GC(366) User=0.07s Sys=0.01s Real=0.01s
[2026-04-03T02:17:05.219+0600][76.481s][info][gc,marking     ] GC(366) Concurrent Mark 96.660ms
[2026-04-03T02:17:05.219+0600][76.481s][info][gc,marking     ] GC(366) Concurrent Rebuild Remembered Sets and Scrub Regions
[2026-04-03T02:17:05.258+0600][76.520s][info][gc,marking     ] GC(366) Concurrent Rebuild Remembered Sets and Scrub Regions 38.778ms
[2026-04-03T02:17:05.258+0600][76.520s][info][gc,start       ] GC(366) Pause Cleanup
[2026-04-03T02:17:05.258+0600][76.520s][info][gc             ] GC(366) Pause Cleanup 218M->218M(480M) 0.301ms
[2026-04-03T02:17:05.259+0600][76.520s][info][gc,cpu         ] GC(366) User=0.00s Sys=0.00s Real=0.00s
[2026-04-03T02:17:05.259+0600][76.521s][info][gc,marking     ] GC(366) Concurrent Clear Claimed Marks
[2026-04-03T02:17:05.259+0600][76.521s][info][gc,marking     ] GC(366) Concurrent Clear Claimed Marks 0.384ms
[2026-04-03T02:17:05.259+0600][76.521s][info][gc,marking     ] GC(366) Concurrent Cleanup for Next Mark
[2026-04-03T02:17:05.260+0600][76.522s][info][gc,marking     ] GC(366) Concurrent Cleanup for Next Mark 0.900ms
[2026-04-03T02:17:05.260+0600][76.522s][info][gc             ] GC(366) Concurrent Mark Cycle 140.814ms
[2026-04-03T02:17:05.609+0600][76.871s][info][gc,start       ] GC(367) Pause Young (Prepare Mixed) (G1 Evacuation Pause)
[2026-04-03T02:17:05.609+0600][76.871s][info][gc,task        ] GC(367) Using 10 workers of 10 for evacuation
[2026-04-03T02:17:05.614+0600][76.876s][info][gc,phases      ] GC(367)   Pre Evacuate Collection Set: 0.30ms
[2026-04-03T02:17:05.614+0600][76.876s][info][gc,phases      ] GC(367)   Merge Heap Roots: 0.24ms
[2026-04-03T02:17:05.614+0600][76.876s][info][gc,phases      ] GC(367)   Evacuate Collection Set: 3.72ms
[2026-04-03T02:17:05.614+0600][76.876s][info][gc,phases      ] GC(367)   Post Evacuate Collection Set: 0.86ms
[2026-04-03T02:17:05.614+0600][76.876s][info][gc,phases      ] GC(367)   Other: 0.12ms
[2026-04-03T02:17:05.614+0600][76.876s][info][gc,heap        ] GC(367) Eden regions: 263->0(285)
[2026-04-03T02:17:05.614+0600][76.876s][info][gc,heap        ] GC(367) Survivor regions: 7->8(36)
[2026-04-03T02:17:05.614+0600][76.876s][info][gc,heap        ] GC(367) Old regions: 87->88
[2026-04-03T02:17:05.614+0600][76.876s][info][gc,heap        ] GC(367) Humongous regions: 123->8
[2026-04-03T02:17:05.614+0600][76.876s][info][gc,metaspace   ] GC(367) Metaspace: 131910K(133312K)->131910K(133312K) NonClass: 115337K(116032K)->115337K(116032K) Class: 16572K(17280K)->16572K(17280K)
[2026-04-03T02:17:05.614+0600][76.876s][info][gc             ] GC(367) Pause Young (Prepare Mixed) (G1 Evacuation Pause) 478M->100M(489M) 5.544ms
[2026-04-03T02:17:05.614+0600][76.876s][info][gc,cpu         ] GC(367) User=0.03s Sys=0.02s Real=0.01s
[2026-04-03T02:17:05.863+0600][77.125s][info][gc,start       ] GC(368) Pause Young (Mixed) (GCLocker Initiated GC)
[2026-04-03T02:17:05.863+0600][77.125s][info][gc,task        ] GC(368) Using 10 workers of 10 for evacuation
[2026-04-03T02:17:05.869+0600][77.131s][info][gc,phases      ] GC(368)   Pre Evacuate Collection Set: 0.65ms
[2026-04-03T02:17:05.869+0600][77.131s][info][gc,phases      ] GC(368)   Merge Heap Roots: 0.30ms
[2026-04-03T02:17:05.869+0600][77.131s][info][gc,phases      ] GC(368)   Evacuate Collection Set: 4.62ms
[2026-04-03T02:17:05.869+0600][77.131s][info][gc,phases      ] GC(368)   Post Evacuate Collection Set: 0.72ms
[2026-04-03T02:17:05.869+0600][77.131s][info][gc,phases      ] GC(368)   Other: 0.15ms
[2026-04-03T02:17:05.869+0600][77.131s][info][gc,heap        ] GC(368) Eden regions: 217->0(289)
[2026-04-03T02:17:05.870+0600][77.131s][info][gc,heap        ] GC(368) Survivor regions: 8->9(37)
[2026-04-03T02:17:05.870+0600][77.131s][info][gc,heap        ] GC(368) Old regions: 88->87
[2026-04-03T02:17:05.870+0600][77.131s][info][gc,heap        ] GC(368) Humongous regions: 176->8
[2026-04-03T02:17:05.870+0600][77.131s][info][gc,metaspace   ] GC(368) Metaspace: 131910K(133312K)->131910K(133312K) NonClass: 115337K(116032K)->115337K(116032K) Class: 16572K(17280K)->16572K(17280K)
[2026-04-03T02:17:05.870+0600][77.131s][info][gc             ] GC(368) Pause Young (Mixed) (GCLocker Initiated GC) 485M->102M(498M) 6.869ms
[2026-04-03T02:17:05.870+0600][77.132s][info][gc,cpu         ] GC(368) User=0.03s Sys=0.01s Real=0.01s
[2026-04-03T02:17:05.872+0600][77.134s][info][gc,start       ] GC(369) Pause Young (Concurrent Start) (G1 Humongous Allocation)
[2026-04-03T02:17:05.872+0600][77.134s][info][gc,task        ] GC(369) Using 10 workers of 10 for evacuation
[2026-04-03T02:17:05.876+0600][77.138s][info][gc,phases      ] GC(369)   Pre Evacuate Collection Set: 0.33ms
[2026-04-03T02:17:05.876+0600][77.138s][info][gc,phases      ] GC(369)   Merge Heap Roots: 0.10ms
[2026-04-03T02:17:05.876+0600][77.138s][info][gc,phases      ] GC(369)   Evacuate Collection Set: 2.94ms
[2026-04-03T02:17:05.876+0600][77.138s][info][gc,phases      ] GC(369)   Post Evacuate Collection Set: 0.52ms
[2026-04-03T02:17:05.876+0600][77.138s][info][gc,phases      ] GC(369)   Other: 0.12ms
[2026-04-03T02:17:05.876+0600][77.138s][info][gc,heap        ] GC(369) Eden regions: 6->0(290)
[2026-04-03T02:17:05.876+0600][77.138s][info][gc,heap        ] GC(369) Survivor regions: 9->8(38)
[2026-04-03T02:17:05.876+0600][77.138s][info][gc,heap        ] GC(369) Old regions: 87->87
[2026-04-03T02:17:05.876+0600][77.138s][info][gc,heap        ] GC(369) Humongous regions: 8->8
[2026-04-03T02:17:05.876+0600][77.138s][info][gc,metaspace   ] GC(369) Metaspace: 131910K(133312K)->131910K(133312K) NonClass: 115337K(116032K)->115337K(116032K) Class: 16572K(17280K)->16572K(17280K)
[2026-04-03T02:17:05.876+0600][77.138s][info][gc             ] GC(369) Pause Young (Concurrent Start) (G1 Humongous Allocation) 107M->101M(498M) 4.295ms
[2026-04-03T02:17:05.876+0600][77.138s][info][gc             ] GC(370) Concurrent Mark Cycle
[2026-04-03T02:17:05.876+0600][77.138s][info][gc,marking     ] GC(370) Concurrent Scan Root Regions
[2026-04-03T02:17:05.876+0600][77.138s][info][gc,cpu         ] GC(369) User=0.03s Sys=0.00s Real=0.00s
[2026-04-03T02:17:05.879+0600][77.141s][info][gc,marking     ] GC(370) Concurrent Scan Root Regions 2.469ms
[2026-04-03T02:17:05.879+0600][77.141s][info][gc,marking     ] GC(370) Concurrent Mark
[2026-04-03T02:17:05.879+0600][77.141s][info][gc,marking     ] GC(370) Concurrent Mark From Roots
[2026-04-03T02:17:05.879+0600][77.141s][info][gc,task        ] GC(370) Using 3 workers of 3 for marking
[2026-04-03T02:17:05.968+0600][77.229s][info][gc,marking     ] GC(370) Concurrent Mark From Roots 88.658ms
[2026-04-03T02:17:05.968+0600][77.230s][info][gc,marking     ] GC(370) Concurrent Preclean
[2026-04-03T02:17:05.968+0600][77.230s][info][gc,marking     ] GC(370) Concurrent Preclean 0.545ms
[2026-04-03T02:17:05.969+0600][77.231s][info][gc,start       ] GC(370) Pause Remark
[2026-04-03T02:17:05.978+0600][77.240s][info][gc             ] GC(370) Pause Remark 203M->203M(497M) 9.600ms
[2026-04-03T02:17:05.978+0600][77.240s][info][gc,cpu         ] GC(370) User=0.08s Sys=0.00s Real=0.01s
[2026-04-03T02:17:05.979+0600][77.240s][info][gc,marking     ] GC(370) Concurrent Mark 99.636ms
[2026-04-03T02:17:05.979+0600][77.241s][info][gc,marking     ] GC(370) Concurrent Rebuild Remembered Sets and Scrub Regions
[2026-04-03T02:17:06.011+0600][77.272s][info][gc,marking     ] GC(370) Concurrent Rebuild Remembered Sets and Scrub Regions 31.928ms
[2026-04-03T02:17:06.011+0600][77.273s][info][gc,start       ] GC(370) Pause Cleanup
[2026-04-03T02:17:06.012+0600][77.273s][info][gc             ] GC(370) Pause Cleanup 236M->236M(497M) 0.333ms
[2026-04-03T02:17:06.012+0600][77.274s][info][gc,cpu         ] GC(370) User=0.00s Sys=0.00s Real=0.00s
[2026-04-03T02:17:06.012+0600][77.274s][info][gc,marking     ] GC(370) Concurrent Clear Claimed Marks
[2026-04-03T02:17:06.012+0600][77.274s][info][gc,marking     ] GC(370) Concurrent Clear Claimed Marks 0.362ms
[2026-04-03T02:17:06.012+0600][77.274s][info][gc,marking     ] GC(370) Concurrent Cleanup for Next Mark
[2026-04-03T02:17:06.013+0600][77.275s][info][gc,marking     ] GC(370) Concurrent Cleanup for Next Mark 1.180ms
[2026-04-03T02:17:06.013+0600][77.275s][info][gc             ] GC(370) Concurrent Mark Cycle 137.096ms
[2026-04-03T02:17:06.202+0600][77.464s][info][gc,start       ] GC(371) Pause Young (Prepare Mixed) (GCLocker Initiated GC)
[2026-04-03T02:17:06.202+0600][77.464s][info][gc,task        ] GC(371) Using 10 workers of 10 for evacuation
[2026-04-03T02:17:06.209+0600][77.471s][info][gc,phases      ] GC(371)   Pre Evacuate Collection Set: 0.51ms
[2026-04-03T02:17:06.209+0600][77.471s][info][gc,phases      ] GC(371)   Merge Heap Roots: 0.30ms
[2026-04-03T02:17:06.209+0600][77.471s][info][gc,phases      ] GC(371)   Evacuate Collection Set: 4.76ms
[2026-04-03T02:17:06.209+0600][77.471s][info][gc,phases      ] GC(371)   Post Evacuate Collection Set: 0.81ms
[2026-04-03T02:17:06.209+0600][77.471s][info][gc,phases      ] GC(371)   Other: 0.13ms
[2026-04-03T02:17:06.209+0600][77.471s][info][gc,heap        ] GC(371) Eden regions: 226->0(298)
[2026-04-03T02:17:06.209+0600][77.471s][info][gc,heap        ] GC(371) Survivor regions: 8->8(38)
[2026-04-03T02:17:06.209+0600][77.471s][info][gc,heap        ] GC(371) Old regions: 87->88
[2026-04-03T02:17:06.209+0600][77.471s][info][gc,heap        ] GC(371) Humongous regions: 180->8
[2026-04-03T02:17:06.209+0600][77.471s][info][gc,metaspace   ] GC(371) Metaspace: 131910K(133312K)->131910K(133312K) NonClass: 115337K(116032K)->115337K(116032K) Class: 16572K(17280K)->16572K(17280K)
[2026-04-03T02:17:06.209+0600][77.471s][info][gc             ] GC(371) Pause Young (Prepare Mixed) (GCLocker Initiated GC) 499M->101M(510M) 6.885ms
[2026-04-03T02:17:06.209+0600][77.471s][info][gc,cpu         ] GC(371) User=0.05s Sys=0.01s Real=0.00s
[2026-04-03T02:17:06.557+0600][77.819s][info][gc,start       ] GC(372) Pause Young (Mixed) (G1 Evacuation Pause)
[2026-04-03T02:17:06.557+0600][77.819s][info][gc,task        ] GC(372) Using 10 workers of 10 for evacuation
[2026-04-03T02:17:06.564+0600][77.826s][info][gc,phases      ] GC(372)   Pre Evacuate Collection Set: 0.52ms
[2026-04-03T02:17:06.564+0600][77.826s][info][gc,phases      ] GC(372)   Merge Heap Roots: 0.28ms
[2026-04-03T02:17:06.564+0600][77.826s][info][gc,phases      ] GC(372)   Evacuate Collection Set: 4.80ms
[2026-04-03T02:17:06.564+0600][77.826s][info][gc,phases      ] GC(372)   Post Evacuate Collection Set: 0.74ms
[2026-04-03T02:17:06.564+0600][77.826s][info][gc,phases      ] GC(372)   Other: 0.14ms
[2026-04-03T02:17:06.564+0600][77.826s][info][gc,heap        ] GC(372) Eden regions: 264->0(302)
[2026-04-03T02:17:06.564+0600][77.826s][info][gc,heap        ] GC(372) Survivor regions: 8->9(39)
[2026-04-03T02:17:06.564+0600][77.826s][info][gc,heap        ] GC(372) Old regions: 88->87
[2026-04-03T02:17:06.564+0600][77.826s][info][gc,heap        ] GC(372) Humongous regions: 150->8
[2026-04-03T02:17:06.564+0600][77.826s][info][gc,metaspace   ] GC(372) Metaspace: 131914K(133376K)->131914K(133376K) NonClass: 115340K(116096K)->115340K(116096K) Class: 16573K(17280K)->16573K(17280K)
[2026-04-03T02:17:06.564+0600][77.826s][info][gc             ] GC(372) Pause Young (Mixed) (G1 Evacuation Pause) 507M->102M(519M) 6.775ms
[2026-04-03T02:17:06.564+0600][77.826s][info][gc,cpu         ] GC(372) User=0.03s Sys=0.01s Real=0.01s
[2026-04-03T02:17:06.590+0600][77.852s][info][gc,start       ] GC(373) Pause Young (Concurrent Start) (G1 Humongous Allocation)
[2026-04-03T02:17:06.591+0600][77.852s][info][gc,task        ] GC(373) Using 10 workers of 10 for evacuation
[2026-04-03T02:17:06.596+0600][77.858s][info][gc,phases      ] GC(373)   Pre Evacuate Collection Set: 0.45ms
[2026-04-03T02:17:06.596+0600][77.858s][info][gc,phases      ] GC(373)   Merge Heap Roots: 0.16ms
[2026-04-03T02:17:06.596+0600][77.858s][info][gc,phases      ] GC(373)   Evacuate Collection Set: 3.53ms
[2026-04-03T02:17:06.596+0600][77.858s][info][gc,phases      ] GC(373)   Post Evacuate Collection Set: 0.73ms
[2026-04-03T02:17:06.596+0600][77.858s][info][gc,phases      ] GC(373)   Other: 0.37ms
[2026-04-03T02:17:06.596+0600][77.858s][info][gc,heap        ] GC(373) Eden regions: 37->0(301)
[2026-04-03T02:17:06.596+0600][77.858s][info][gc,heap        ] GC(373) Survivor regions: 9->10(39)
[2026-04-03T02:17:06.596+0600][77.858s][info][gc,heap        ] GC(373) Old regions: 87->87
[2026-04-03T02:17:06.596+0600][77.858s][info][gc,heap        ] GC(373) Humongous regions: 8->8
[2026-04-03T02:17:06.596+0600][77.858s][info][gc,metaspace   ] GC(373) Metaspace: 131914K(133376K)->131914K(133376K) NonClass: 115340K(116096K)->115340K(116096K) Class: 16573K(17280K)->16573K(17280K)
[2026-04-03T02:17:06.596+0600][77.858s][info][gc             ] GC(373) Pause Young (Concurrent Start) (G1 Humongous Allocation) 139M->103M(519M) 5.549ms
[2026-04-03T02:17:06.596+0600][77.858s][info][gc             ] GC(374) Concurrent Mark Cycle
[2026-04-03T02:17:06.596+0600][77.858s][info][gc,marking     ] GC(374) Concurrent Scan Root Regions
[2026-04-03T02:17:06.596+0600][77.858s][info][gc,cpu         ] GC(373) User=0.04s Sys=0.01s Real=0.00s
[2026-04-03T02:17:06.599+0600][77.861s][info][gc,marking     ] GC(374) Concurrent Scan Root Regions 3.163ms
[2026-04-03T02:17:06.599+0600][77.861s][info][gc,marking     ] GC(374) Concurrent Mark
[2026-04-03T02:17:06.599+0600][77.861s][info][gc,marking     ] GC(374) Concurrent Mark From Roots
[2026-04-03T02:17:06.599+0600][77.861s][info][gc,task        ] GC(374) Using 3 workers of 3 for marking
[2026-04-03T02:17:06.677+0600][77.939s][info][gc,marking     ] GC(374) Concurrent Mark From Roots 77.911ms
[2026-04-03T02:17:06.677+0600][77.939s][info][gc,marking     ] GC(374) Concurrent Preclean
[2026-04-03T02:17:06.678+0600][77.940s][info][gc,marking     ] GC(374) Concurrent Preclean 0.286ms
[2026-04-03T02:17:06.678+0600][77.940s][info][gc,start       ] GC(374) Pause Remark
[2026-04-03T02:17:06.687+0600][77.949s][info][gc             ] GC(374) Pause Remark 203M->203M(420M) 9.051ms
[2026-04-03T02:17:06.687+0600][77.949s][info][gc,cpu         ] GC(374) User=0.06s Sys=0.00s Real=0.01s
[2026-04-03T02:17:06.688+0600][77.949s][info][gc,marking     ] GC(374) Concurrent Mark 88.171ms
[2026-04-03T02:17:06.688+0600][77.950s][info][gc,marking     ] GC(374) Concurrent Rebuild Remembered Sets and Scrub Regions
[2026-04-03T02:17:06.724+0600][77.986s][info][gc,marking     ] GC(374) Concurrent Rebuild Remembered Sets and Scrub Regions 36.640ms
[2026-04-03T02:17:06.725+0600][77.986s][info][gc,start       ] GC(374) Pause Cleanup
[2026-04-03T02:17:06.725+0600][77.987s][info][gc             ] GC(374) Pause Cleanup 258M->258M(420M) 0.388ms
[2026-04-03T02:17:06.725+0600][77.987s][info][gc,cpu         ] GC(374) User=0.00s Sys=0.00s Real=0.00s
[2026-04-03T02:17:06.725+0600][77.987s][info][gc,marking     ] GC(374) Concurrent Clear Claimed Marks
[2026-04-03T02:17:06.725+0600][77.987s][info][gc,marking     ] GC(374) Concurrent Clear Claimed Marks 0.297ms
[2026-04-03T02:17:06.725+0600][77.987s][info][gc,marking     ] GC(374) Concurrent Cleanup for Next Mark
[2026-04-03T02:17:06.727+0600][77.988s][info][gc,marking     ] GC(374) Concurrent Cleanup for Next Mark 1.006ms
[2026-04-03T02:17:06.727+0600][77.988s][info][gc             ] GC(374) Concurrent Mark Cycle 130.469ms
[2026-04-03T02:17:06.861+0600][78.123s][info][gc,start       ] GC(375) Pause Young (Prepare Mixed) (G1 Evacuation Pause)
[2026-04-03T02:17:06.861+0600][78.123s][info][gc,task        ] GC(375) Using 10 workers of 10 for evacuation
[2026-04-03T02:17:06.866+0600][78.128s][info][gc,phases      ] GC(375)   Pre Evacuate Collection Set: 0.34ms
[2026-04-03T02:17:06.866+0600][78.128s][info][gc,phases      ] GC(375)   Merge Heap Roots: 0.16ms
[2026-04-03T02:17:06.866+0600][78.128s][info][gc,phases      ] GC(375)   Evacuate Collection Set: 3.28ms
[2026-04-03T02:17:06.866+0600][78.128s][info][gc,phases      ] GC(375)   Post Evacuate Collection Set: 0.81ms
[2026-04-03T02:17:06.866+0600][78.128s][info][gc,phases      ] GC(375)   Other: 0.10ms
[2026-04-03T02:17:06.866+0600][78.128s][info][gc,heap        ] GC(375) Eden regions: 171->0(315)
[2026-04-03T02:17:06.866+0600][78.128s][info][gc,heap        ] GC(375) Survivor regions: 10->9(32)
[2026-04-03T02:17:06.866+0600][78.128s][info][gc,heap        ] GC(375) Old regions: 87->88
[2026-04-03T02:17:06.866+0600][78.128s][info][gc,heap        ] GC(375) Humongous regions: 262->23
[2026-04-03T02:17:06.866+0600][78.128s][info][gc,metaspace   ] GC(375) Metaspace: 131917K(133376K)->131917K(133376K) NonClass: 115343K(116096K)->115343K(116096K) Class: 16573K(17280K)->16573K(17280K)
[2026-04-03T02:17:06.866+0600][78.128s][info][gc             ] GC(375) Pause Young (Prepare Mixed) (G1 Evacuation Pause) 528M->118M(540M) 5.038ms
[2026-04-03T02:17:06.866+0600][78.128s][info][gc,cpu         ] GC(375) User=0.02s Sys=0.02s Real=0.00s
[2026-04-03T02:17:06.986+0600][78.248s][info][gc,start       ] GC(376) Pause Young (Mixed) (G1 Evacuation Pause)
[2026-04-03T02:17:06.986+0600][78.248s][info][gc,task        ] GC(376) Using 10 workers of 10 for evacuation
[2026-04-03T02:17:06.990+0600][78.252s][info][gc,phases      ] GC(376)   Pre Evacuate Collection Set: 0.29ms
[2026-04-03T02:17:06.990+0600][78.252s][info][gc,phases      ] GC(376)   Merge Heap Roots: 0.16ms
[2026-04-03T02:17:06.990+0600][78.252s][info][gc,phases      ] GC(376)   Evacuate Collection Set: 2.61ms
[2026-04-03T02:17:06.990+0600][78.252s][info][gc,phases      ] GC(376)   Post Evacuate Collection Set: 0.79ms
[2026-04-03T02:17:06.990+0600][78.252s][info][gc,phases      ] GC(376)   Other: 0.09ms
[2026-04-03T02:17:06.990+0600][78.252s][info][gc,heap        ] GC(376) Eden regions: 71->0(415)
[2026-04-03T02:17:06.990+0600][78.252s][info][gc,heap        ] GC(376) Survivor regions: 9->4(41)
[2026-04-03T02:17:06.990+0600][78.252s][info][gc,heap        ] GC(376) Old regions: 88->88
[2026-04-03T02:17:06.990+0600][78.252s][info][gc,heap        ] GC(376) Humongous regions: 525->8
[2026-04-03T02:17:06.990+0600][78.252s][info][gc,metaspace   ] GC(376) Metaspace: 131918K(133376K)->131918K(133376K) NonClass: 115344K(116096K)->115344K(116096K) Class: 16573K(17280K)->16573K(17280K)
[2026-04-03T02:17:06.990+0600][78.252s][info][gc             ] GC(376) Pause Young (Mixed) (G1 Evacuation Pause) 691M->98M(699M) 4.168ms
[2026-04-03T02:17:06.990+0600][78.252s][info][gc,cpu         ] GC(376) User=0.02s Sys=0.01s Real=0.01s
[2026-04-03T02:17:07.403+0600][78.665s][info][gc,start       ] GC(377) Pause Young (Concurrent Start) (G1 Humongous Allocation)
[2026-04-03T02:17:07.403+0600][78.665s][info][gc,task        ] GC(377) Using 10 workers of 10 for evacuation
[2026-04-03T02:17:07.407+0600][78.669s][info][gc,phases      ] GC(377)   Pre Evacuate Collection Set: 0.41ms
[2026-04-03T02:17:07.407+0600][78.669s][info][gc,phases      ] GC(377)   Merge Heap Roots: 0.24ms
[2026-04-03T02:17:07.407+0600][78.669s][info][gc,phases      ] GC(377)   Evacuate Collection Set: 2.09ms
[2026-04-03T02:17:07.407+0600][78.669s][info][gc,phases      ] GC(377)   Post Evacuate Collection Set: 0.60ms
[2026-04-03T02:17:07.407+0600][78.669s][info][gc,phases      ] GC(377)   Other: 0.15ms
[2026-04-03T02:17:07.407+0600][78.669s][info][gc,heap        ] GC(377) Eden regions: 266->0(413)
[2026-04-03T02:17:07.407+0600][78.669s][info][gc,heap        ] GC(377) Survivor regions: 4->6(53)
[2026-04-03T02:17:07.407+0600][78.669s][info][gc,heap        ] GC(377) Old regions: 88->88
[2026-04-03T02:17:07.407+0600][78.669s][info][gc,heap        ] GC(377) Humongous regions: 110->8
[2026-04-03T02:17:07.407+0600][78.669s][info][gc,metaspace   ] GC(377) Metaspace: 131920K(133376K)->131920K(133376K) NonClass: 115347K(116096K)->115347K(116096K) Class: 16573K(17280K)->16573K(17280K)
[2026-04-03T02:17:07.407+0600][78.669s][info][gc             ] GC(377) Pause Young (Concurrent Start) (G1 Humongous Allocation) 466M->100M(699M) 3.749ms
[2026-04-03T02:17:07.407+0600][78.669s][info][gc             ] GC(378) Concurrent Undo Cycle
[2026-04-03T02:17:07.407+0600][78.669s][info][gc,cpu         ] GC(377) User=0.03s Sys=0.00s Real=0.00s
[2026-04-03T02:17:07.407+0600][78.669s][info][gc,marking     ] GC(378) Concurrent Clear Claimed Marks
[2026-04-03T02:17:07.407+0600][78.669s][info][gc,marking     ] GC(378) Concurrent Clear Claimed Marks 0.190ms
[2026-04-03T02:17:07.407+0600][78.669s][info][gc,marking     ] GC(378) Concurrent Cleanup for Next Mark
[2026-04-03T02:17:07.408+0600][78.669s][info][gc,marking     ] GC(378) Concurrent Cleanup for Next Mark 0.230ms
[2026-04-03T02:17:07.408+0600][78.670s][info][gc             ] GC(378) Concurrent Undo Cycle 0.610ms
[2026-04-03T02:17:07.414+0600][78.676s][info][gc,start       ] GC(379) Pause Young (Concurrent Start) (G1 Humongous Allocation)
[2026-04-03T02:17:07.415+0600][78.676s][info][gc,task        ] GC(379) Using 10 workers of 10 for evacuation
[2026-04-03T02:17:07.418+0600][78.680s][info][gc,phases      ] GC(379)   Pre Evacuate Collection Set: 0.47ms
[2026-04-03T02:17:07.418+0600][78.680s][info][gc,phases      ] GC(379)   Merge Heap Roots: 0.16ms
[2026-04-03T02:17:07.418+0600][78.680s][info][gc,phases      ] GC(379)   Evacuate Collection Set: 1.88ms
[2026-04-03T02:17:07.418+0600][78.680s][info][gc,phases      ] GC(379)   Post Evacuate Collection Set: 0.50ms
[2026-04-03T02:17:07.418+0600][78.680s][info][gc,phases      ] GC(379)   Other: 0.19ms
[2026-04-03T02:17:07.418+0600][78.680s][info][gc,heap        ] GC(379) Eden regions: 4->0(414)
[2026-04-03T02:17:07.418+0600][78.680s][info][gc,heap        ] GC(379) Survivor regions: 6->5(53)
[2026-04-03T02:17:07.418+0600][78.680s][info][gc,heap        ] GC(379) Old regions: 88->88
[2026-04-03T02:17:07.418+0600][78.680s][info][gc,heap        ] GC(379) Humongous regions: 16->8
[2026-04-03T02:17:07.418+0600][78.680s][info][gc,metaspace   ] GC(379) Metaspace: 131920K(133376K)->131920K(133376K) NonClass: 115347K(116096K)->115347K(116096K) Class: 16573K(17280K)->16573K(17280K)
[2026-04-03T02:17:07.418+0600][78.680s][info][gc             ] GC(379) Pause Young (Concurrent Start) (G1 Humongous Allocation) 111M->99M(699M) 3.564ms
[2026-04-03T02:17:07.418+0600][78.680s][info][gc             ] GC(380) Concurrent Undo Cycle
[2026-04-03T02:17:07.418+0600][78.680s][info][gc,cpu         ] GC(379) User=0.02s Sys=0.00s Real=0.00s
[2026-04-03T02:17:07.418+0600][78.680s][info][gc,marking     ] GC(380) Concurrent Clear Claimed Marks
[2026-04-03T02:17:07.418+0600][78.680s][info][gc,marking     ] GC(380) Concurrent Clear Claimed Marks 0.290ms
[2026-04-03T02:17:07.418+0600][78.680s][info][gc,marking     ] GC(380) Concurrent Cleanup for Next Mark
[2026-04-03T02:17:07.419+0600][78.681s][info][gc,marking     ] GC(380) Concurrent Cleanup for Next Mark 0.184ms
[2026-04-03T02:17:07.419+0600][78.681s][info][gc             ] GC(380) Concurrent Undo Cycle 0.597ms
[2026-04-03T02:17:07.443+0600][78.705s][info][gc,start       ] GC(381) Pause Young (Concurrent Start) (G1 Humongous Allocation)
[2026-04-03T02:17:07.443+0600][78.705s][info][gc,task        ] GC(381) Using 10 workers of 10 for evacuation
[2026-04-03T02:17:07.447+0600][78.708s][info][gc,phases      ] GC(381)   Pre Evacuate Collection Set: 0.44ms
[2026-04-03T02:17:07.447+0600][78.708s][info][gc,phases      ] GC(381)   Merge Heap Roots: 0.13ms
[2026-04-03T02:17:07.447+0600][78.708s][info][gc,phases      ] GC(381)   Evacuate Collection Set: 2.15ms
[2026-04-03T02:17:07.447+0600][78.708s][info][gc,phases      ] GC(381)   Post Evacuate Collection Set: 0.53ms
[2026-04-03T02:17:07.447+0600][78.709s][info][gc,phases      ] GC(381)   Other: 0.14ms
[2026-04-03T02:17:07.447+0600][78.709s][info][gc,heap        ] GC(381) Eden regions: 30->0(413)
[2026-04-03T02:17:07.447+0600][78.709s][info][gc,heap        ] GC(381) Survivor regions: 5->6(53)
[2026-04-03T02:17:07.447+0600][78.709s][info][gc,heap        ] GC(381) Old regions: 88->89
[2026-04-03T02:17:07.447+0600][78.709s][info][gc,heap        ] GC(381) Humongous regions: 21->8
[2026-04-03T02:17:07.447+0600][78.709s][info][gc,metaspace   ] GC(381) Metaspace: 131920K(133376K)->131920K(133376K) NonClass: 115347K(116096K)->115347K(116096K) Class: 16573K(17280K)->16573K(17280K)
[2026-04-03T02:17:07.447+0600][78.709s][info][gc             ] GC(381) Pause Young (Concurrent Start) (G1 Humongous Allocation) 142M->100M(699M) 3.713ms
[2026-04-03T02:17:07.447+0600][78.709s][info][gc             ] GC(382) Concurrent Undo Cycle
[2026-04-03T02:17:07.447+0600][78.709s][info][gc,cpu         ] GC(381) User=0.02s Sys=0.00s Real=0.00s
[2026-04-03T02:17:07.447+0600][78.709s][info][gc,marking     ] GC(382) Concurrent Clear Claimed Marks
[2026-04-03T02:17:07.447+0600][78.709s][info][gc,marking     ] GC(382) Concurrent Clear Claimed Marks 0.362ms
[2026-04-03T02:17:07.447+0600][78.709s][info][gc,marking     ] GC(382) Concurrent Cleanup for Next Mark
[2026-04-03T02:17:07.448+0600][78.709s][info][gc,marking     ] GC(382) Concurrent Cleanup for Next Mark 0.259ms
[2026-04-03T02:17:07.448+0600][78.710s][info][gc             ] GC(382) Concurrent Undo Cycle 0.879ms
[2026-04-03T02:17:07.474+0600][78.736s][info][gc,start       ] GC(383) Pause Young (Concurrent Start) (GCLocker Initiated GC)
[2026-04-03T02:17:07.475+0600][78.736s][info][gc,task        ] GC(383) Using 10 workers of 10 for evacuation
[2026-04-03T02:17:07.479+0600][78.741s][info][gc,phases      ] GC(383)   Pre Evacuate Collection Set: 0.45ms
[2026-04-03T02:17:07.479+0600][78.741s][info][gc,phases      ] GC(383)   Merge Heap Roots: 0.14ms
[2026-04-03T02:17:07.479+0600][78.741s][info][gc,phases      ] GC(383)   Evacuate Collection Set: 2.83ms
[2026-04-03T02:17:07.479+0600][78.741s][info][gc,phases      ] GC(383)   Post Evacuate Collection Set: 0.58ms
[2026-04-03T02:17:07.479+0600][78.741s][info][gc,phases      ] GC(383)   Other: 0.18ms
[2026-04-03T02:17:07.479+0600][78.741s][info][gc,heap        ] GC(383) Eden regions: 20->0(411)
[2026-04-03T02:17:07.479+0600][78.741s][info][gc,heap        ] GC(383) Survivor regions: 6->8(53)
[2026-04-03T02:17:07.479+0600][78.741s][info][gc,heap        ] GC(383) Old regions: 89->89
[2026-04-03T02:17:07.479+0600][78.741s][info][gc,heap        ] GC(383) Humongous regions: 23->8
[2026-04-03T02:17:07.479+0600][78.741s][info][gc,metaspace   ] GC(383) Metaspace: 131920K(133376K)->131920K(133376K) NonClass: 115347K(116096K)->115347K(116096K) Class: 16573K(17280K)->16573K(17280K)
[2026-04-03T02:17:07.479+0600][78.741s][info][gc             ] GC(383) Pause Young (Concurrent Start) (GCLocker Initiated GC) 134M->103M(699M) 4.542ms
[2026-04-03T02:17:07.479+0600][78.741s][info][gc,cpu         ] GC(383) User=0.03s Sys=0.01s Real=0.00s
[2026-04-03T02:17:07.479+0600][78.741s][info][gc             ] GC(384) Concurrent Mark Cycle
[2026-04-03T02:17:07.479+0600][78.741s][info][gc,marking     ] GC(384) Concurrent Scan Root Regions
[2026-04-03T02:17:07.482+0600][78.744s][info][gc,marking     ] GC(384) Concurrent Scan Root Regions 2.526ms
[2026-04-03T02:17:07.482+0600][78.744s][info][gc,marking     ] GC(384) Concurrent Mark
[2026-04-03T02:17:07.482+0600][78.744s][info][gc,marking     ] GC(384) Concurrent Mark From Roots
[2026-04-03T02:17:07.482+0600][78.744s][info][gc,task        ] GC(384) Using 3 workers of 3 for marking
[2026-04-03T02:17:07.564+0600][78.826s][info][gc,marking     ] GC(384) Concurrent Mark From Roots 82.456ms
[2026-04-03T02:17:07.564+0600][78.826s][info][gc,marking     ] GC(384) Concurrent Preclean
[2026-04-03T02:17:07.565+0600][78.827s][info][gc,marking     ] GC(384) Concurrent Preclean 0.507ms
[2026-04-03T02:17:07.565+0600][78.827s][info][gc,start       ] GC(384) Pause Remark
[2026-04-03T02:17:07.575+0600][78.837s][info][gc             ] GC(384) Pause Remark 197M->197M(484M) 9.495ms
[2026-04-03T02:17:07.575+0600][78.837s][info][gc,cpu         ] GC(384) User=0.06s Sys=0.00s Real=0.01s
[2026-04-03T02:17:07.575+0600][78.837s][info][gc,marking     ] GC(384) Concurrent Mark 93.521ms
[2026-04-03T02:17:07.575+0600][78.837s][info][gc,marking     ] GC(384) Concurrent Rebuild Remembered Sets and Scrub Regions
[2026-04-03T02:17:07.612+0600][78.874s][info][gc,marking     ] GC(384) Concurrent Rebuild Remembered Sets and Scrub Regions 36.533ms
[2026-04-03T02:17:07.612+0600][78.874s][info][gc,start       ] GC(384) Pause Cleanup
[2026-04-03T02:17:07.613+0600][78.875s][info][gc             ] GC(384) Pause Cleanup 243M->243M(484M) 0.363ms
[2026-04-03T02:17:07.613+0600][78.875s][info][gc,cpu         ] GC(384) User=0.01s Sys=0.00s Real=0.00s
[2026-04-03T02:17:07.613+0600][78.875s][info][gc,marking     ] GC(384) Concurrent Clear Claimed Marks
[2026-04-03T02:17:07.613+0600][78.875s][info][gc,marking     ] GC(384) Concurrent Clear Claimed Marks 0.402ms
[2026-04-03T02:17:07.613+0600][78.875s][info][gc,marking     ] GC(384) Concurrent Cleanup for Next Mark
[2026-04-03T02:17:07.616+0600][78.878s][info][gc,marking     ] GC(384) Concurrent Cleanup for Next Mark 2.381ms
[2026-04-03T02:17:07.616+0600][78.878s][info][gc             ] GC(384) Concurrent Mark Cycle 136.688ms
[2026-04-03T02:17:07.773+0600][79.035s][info][gc,start       ] GC(385) Pause Young (Prepare Mixed) (G1 Evacuation Pause)
[2026-04-03T02:17:07.773+0600][79.035s][info][gc,task        ] GC(385) Using 10 workers of 10 for evacuation
[2026-04-03T02:17:07.778+0600][79.040s][info][gc,phases      ] GC(385)   Pre Evacuate Collection Set: 0.52ms
[2026-04-03T02:17:07.778+0600][79.040s][info][gc,phases      ] GC(385)   Merge Heap Roots: 0.21ms
[2026-04-03T02:17:07.778+0600][79.040s][info][gc,phases      ] GC(385)   Evacuate Collection Set: 3.59ms
[2026-04-03T02:17:07.778+0600][79.040s][info][gc,phases      ] GC(385)   Post Evacuate Collection Set: 0.73ms
[2026-04-03T02:17:07.778+0600][79.040s][info][gc,phases      ] GC(385)   Other: 0.12ms
[2026-04-03T02:17:07.778+0600][79.040s][info][gc,heap        ] GC(385) Eden regions: 211->0(290)
[2026-04-03T02:17:07.778+0600][79.040s][info][gc,heap        ] GC(385) Survivor regions: 8->7(37)
[2026-04-03T02:17:07.778+0600][79.040s][info][gc,heap        ] GC(385) Old regions: 89->90
[2026-04-03T02:17:07.778+0600][79.040s][info][gc,heap        ] GC(385) Humongous regions: 180->10
[2026-04-03T02:17:07.778+0600][79.040s][info][gc,metaspace   ] GC(385) Metaspace: 131920K(133376K)->131920K(133376K) NonClass: 115347K(116096K)->115347K(116096K) Class: 16573K(17280K)->16573K(17280K)
[2026-04-03T02:17:07.778+0600][79.040s][info][gc             ] GC(385) Pause Young (Prepare Mixed) (G1 Evacuation Pause) 486M->104M(496M) 5.568ms
[2026-04-03T02:17:07.778+0600][79.040s][info][gc,cpu         ] GC(385) User=0.03s Sys=0.01s Real=0.00s
[2026-04-03T02:17:08.024+0600][79.286s][info][gc,start       ] GC(386) Pause Young (Mixed) (G1 Evacuation Pause)
[2026-04-03T02:17:08.024+0600][79.286s][info][gc,task        ] GC(386) Using 10 workers of 10 for evacuation
[2026-04-03T02:17:08.029+0600][79.290s][info][gc,phases      ] GC(386)   Pre Evacuate Collection Set: 0.34ms
[2026-04-03T02:17:08.029+0600][79.291s][info][gc,phases      ] GC(386)   Merge Heap Roots: 0.19ms
[2026-04-03T02:17:08.029+0600][79.291s][info][gc,phases      ] GC(386)   Evacuate Collection Set: 3.27ms
[2026-04-03T02:17:08.029+0600][79.291s][info][gc,phases      ] GC(386)   Post Evacuate Collection Set: 0.66ms
[2026-04-03T02:17:08.029+0600][79.291s][info][gc,phases      ] GC(386)   Other: 0.12ms
[2026-04-03T02:17:08.029+0600][79.291s][info][gc,heap        ] GC(386) Eden regions: 223->0(302)
[2026-04-03T02:17:08.029+0600][79.291s][info][gc,heap        ] GC(386) Survivor regions: 7->5(38)
[2026-04-03T02:17:08.029+0600][79.291s][info][gc,heap        ] GC(386) Old regions: 90->88
[2026-04-03T02:17:08.029+0600][79.291s][info][gc,heap        ] GC(386) Humongous regions: 188->10
[2026-04-03T02:17:08.029+0600][79.291s][info][gc,metaspace   ] GC(386) Metaspace: 131922K(133376K)->131922K(133376K) NonClass: 115348K(116096K)->115348K(116096K) Class: 16573K(17280K)->16573K(17280K)
[2026-04-03T02:17:08.029+0600][79.291s][info][gc             ] GC(386) Pause Young (Mixed) (G1 Evacuation Pause) 505M->102M(513M) 4.909ms
[2026-04-03T02:17:08.029+0600][79.291s][info][gc,cpu         ] GC(386) User=0.03s Sys=0.00s Real=0.00s
[2026-04-03T02:17:08.034+0600][79.296s][info][gc,start       ] GC(387) Pause Young (Concurrent Start) (G1 Humongous Allocation)
[2026-04-03T02:17:08.034+0600][79.296s][info][gc,task        ] GC(387) Using 10 workers of 10 for evacuation
[2026-04-03T02:17:08.038+0600][79.300s][info][gc,phases      ] GC(387)   Pre Evacuate Collection Set: 0.45ms
[2026-04-03T02:17:08.038+0600][79.300s][info][gc,phases      ] GC(387)   Merge Heap Roots: 0.12ms
[2026-04-03T02:17:08.038+0600][79.300s][info][gc,phases      ] GC(387)   Evacuate Collection Set: 2.20ms
[2026-04-03T02:17:08.038+0600][79.300s][info][gc,phases      ] GC(387)   Post Evacuate Collection Set: 0.81ms
[2026-04-03T02:17:08.038+0600][79.300s][info][gc,phases      ] GC(387)   Other: 0.41ms
[2026-04-03T02:17:08.038+0600][79.300s][info][gc,heap        ] GC(387) Eden regions: 2->0(302)
[2026-04-03T02:17:08.038+0600][79.300s][info][gc,heap        ] GC(387) Survivor regions: 5->5(39)
[2026-04-03T02:17:08.038+0600][79.300s][info][gc,heap        ] GC(387) Old regions: 88->88
[2026-04-03T02:17:08.038+0600][79.300s][info][gc,heap        ] GC(387) Humongous regions: 10->8
[2026-04-03T02:17:08.038+0600][79.300s][info][gc,metaspace   ] GC(387) Metaspace: 131922K(133376K)->131922K(133376K) NonClass: 115348K(116096K)->115348K(116096K) Class: 16573K(17280K)->16573K(17280K)
[2026-04-03T02:17:08.039+0600][79.300s][info][gc             ] GC(387) Pause Young (Concurrent Start) (G1 Humongous Allocation) 103M->99M(513M) 4.307ms
[2026-04-03T02:17:08.039+0600][79.300s][info][gc             ] GC(388) Concurrent Mark Cycle
[2026-04-03T02:17:08.039+0600][79.301s][info][gc,cpu         ] GC(387) User=0.03s Sys=0.00s Real=0.00s
[2026-04-03T02:17:08.039+0600][79.301s][info][gc,marking     ] GC(388) Concurrent Scan Root Regions
[2026-04-03T02:17:08.041+0600][79.303s][info][gc,marking     ] GC(388) Concurrent Scan Root Regions 2.200ms
[2026-04-03T02:17:08.041+0600][79.303s][info][gc,marking     ] GC(388) Concurrent Mark
[2026-04-03T02:17:08.041+0600][79.303s][info][gc,marking     ] GC(388) Concurrent Mark From Roots
[2026-04-03T02:17:08.041+0600][79.303s][info][gc,task        ] GC(388) Using 3 workers of 3 for marking
[2026-04-03T02:17:08.125+0600][79.387s][info][gc,marking     ] GC(388) Concurrent Mark From Roots 84.087ms
[2026-04-03T02:17:08.125+0600][79.387s][info][gc,marking     ] GC(388) Concurrent Preclean
[2026-04-03T02:17:08.125+0600][79.387s][info][gc,marking     ] GC(388) Concurrent Preclean 0.365ms
[2026-04-03T02:17:08.126+0600][79.388s][info][gc,start       ] GC(388) Pause Remark
[2026-04-03T02:17:08.134+0600][79.395s][info][gc             ] GC(388) Pause Remark 197M->197M(494M) 7.750ms
[2026-04-03T02:17:08.134+0600][79.396s][info][gc,cpu         ] GC(388) User=0.05s Sys=0.00s Real=0.01s
[2026-04-03T02:17:08.134+0600][79.396s][info][gc,marking     ] GC(388) Concurrent Mark 92.937ms
[2026-04-03T02:17:08.134+0600][79.396s][info][gc,marking     ] GC(388) Concurrent Rebuild Remembered Sets and Scrub Regions
[2026-04-03T02:17:08.164+0600][79.426s][info][gc,marking     ] GC(388) Concurrent Rebuild Remembered Sets and Scrub Regions 29.918ms
[2026-04-03T02:17:08.164+0600][79.426s][info][gc,start       ] GC(388) Pause Cleanup
[2026-04-03T02:17:08.165+0600][79.427s][info][gc             ] GC(388) Pause Cleanup 214M->214M(494M) 0.443ms
[2026-04-03T02:17:08.165+0600][79.427s][info][gc,cpu         ] GC(388) User=0.00s Sys=0.00s Real=0.00s
[2026-04-03T02:17:08.165+0600][79.427s][info][gc,marking     ] GC(388) Concurrent Clear Claimed Marks
[2026-04-03T02:17:08.165+0600][79.427s][info][gc,marking     ] GC(388) Concurrent Clear Claimed Marks 0.467ms
[2026-04-03T02:17:08.166+0600][79.427s][info][gc,marking     ] GC(388) Concurrent Cleanup for Next Mark
[2026-04-03T02:17:08.167+0600][79.429s][info][gc,marking     ] GC(388) Concurrent Cleanup for Next Mark 1.483ms
[2026-04-03T02:17:08.167+0600][79.429s][info][gc             ] GC(388) Concurrent Mark Cycle 128.518ms
[2026-04-03T02:17:08.547+0600][79.808s][info][gc,start       ] GC(389) Pause Young (Prepare Mixed) (GCLocker Initiated GC)
[2026-04-03T02:17:08.547+0600][79.808s][info][gc,task        ] GC(389) Using 10 workers of 10 for evacuation
[2026-04-03T02:17:08.552+0600][79.814s][info][gc,phases      ] GC(389)   Pre Evacuate Collection Set: 0.39ms
[2026-04-03T02:17:08.552+0600][79.814s][info][gc,phases      ] GC(389)   Merge Heap Roots: 0.27ms
[2026-04-03T02:17:08.552+0600][79.814s][info][gc,phases      ] GC(389)   Evacuate Collection Set: 3.83ms
[2026-04-03T02:17:08.552+0600][79.814s][info][gc,phases      ] GC(389)   Post Evacuate Collection Set: 0.89ms
[2026-04-03T02:17:08.552+0600][79.814s][info][gc,phases      ] GC(389)   Other: 0.11ms
[2026-04-03T02:17:08.552+0600][79.814s][info][gc,heap        ] GC(389) Eden regions: 278->0(297)
[2026-04-03T02:17:08.552+0600][79.814s][info][gc,heap        ] GC(389) Survivor regions: 5->6(37)
[2026-04-03T02:17:08.552+0600][79.814s][info][gc,heap        ] GC(389) Old regions: 88->89
[2026-04-03T02:17:08.552+0600][79.814s][info][gc,heap        ] GC(389) Humongous regions: 128->8
[2026-04-03T02:17:08.552+0600][79.814s][info][gc,metaspace   ] GC(389) Metaspace: 131961K(133376K)->131961K(133376K) NonClass: 115381K(116096K)->115381K(116096K) Class: 16579K(17280K)->16579K(17280K)
[2026-04-03T02:17:08.552+0600][79.814s][info][gc             ] GC(389) Pause Young (Prepare Mixed) (GCLocker Initiated GC) 497M->101M(506M) 5.781ms
[2026-04-03T02:17:08.552+0600][79.814s][info][gc,cpu         ] GC(389) User=0.02s Sys=0.02s Real=0.01s
[2026-04-03T02:17:08.806+0600][80.067s][info][gc,start       ] GC(390) Pause Young (Mixed) (G1 Evacuation Pause)
[2026-04-03T02:17:08.806+0600][80.068s][info][gc,task        ] GC(390) Using 10 workers of 10 for evacuation
[2026-04-03T02:17:08.811+0600][80.073s][info][gc,phases      ] GC(390)   Pre Evacuate Collection Set: 0.47ms
[2026-04-03T02:17:08.811+0600][80.073s][info][gc,phases      ] GC(390)   Merge Heap Roots: 0.26ms
[2026-04-03T02:17:08.811+0600][80.073s][info][gc,phases      ] GC(390)   Evacuate Collection Set: 3.95ms
[2026-04-03T02:17:08.811+0600][80.073s][info][gc,phases      ] GC(390)   Post Evacuate Collection Set: 0.72ms
[2026-04-03T02:17:08.811+0600][80.073s][info][gc,phases      ] GC(390)   Other: 0.11ms
[2026-04-03T02:17:08.811+0600][80.073s][info][gc,heap        ] GC(390) Eden regions: 225->0(307)
[2026-04-03T02:17:08.811+0600][80.073s][info][gc,heap        ] GC(390) Survivor regions: 6->7(38)
[2026-04-03T02:17:08.811+0600][80.073s][info][gc,heap        ] GC(390) Old regions: 89->87
[2026-04-03T02:17:08.811+0600][80.073s][info][gc,heap        ] GC(390) Humongous regions: 197->8
[2026-04-03T02:17:08.811+0600][80.073s][info][gc,metaspace   ] GC(390) Metaspace: 131961K(133376K)->131961K(133376K) NonClass: 115381K(116096K)->115381K(116096K) Class: 16579K(17280K)->16579K(17280K)
[2026-04-03T02:17:08.811+0600][80.073s][info][gc             ] GC(390) Pause Young (Mixed) (G1 Evacuation Pause) 515M->100M(524M) 5.848ms
[2026-04-03T02:17:08.811+0600][80.073s][info][gc,cpu         ] GC(390) User=0.03s Sys=0.01s Real=0.01s
[2026-04-03T02:17:08.827+0600][80.089s][info][gc,start       ] GC(391) Pause Young (Concurrent Start) (GCLocker Initiated GC)
[2026-04-03T02:17:08.827+0600][80.089s][info][gc,task        ] GC(391) Using 10 workers of 10 for evacuation
[2026-04-03T02:17:08.832+0600][80.093s][info][gc,phases      ] GC(391)   Pre Evacuate Collection Set: 0.66ms
[2026-04-03T02:17:08.832+0600][80.093s][info][gc,phases      ] GC(391)   Merge Heap Roots: 0.21ms
[2026-04-03T02:17:08.832+0600][80.094s][info][gc,phases      ] GC(391)   Evacuate Collection Set: 2.11ms
[2026-04-03T02:17:08.832+0600][80.094s][info][gc,phases      ] GC(391)   Post Evacuate Collection Set: 0.81ms
[2026-04-03T02:17:08.832+0600][80.094s][info][gc,phases      ] GC(391)   Other: 0.28ms
[2026-04-03T02:17:08.832+0600][80.094s][info][gc,heap        ] GC(391) Eden regions: 23->0(308)
[2026-04-03T02:17:08.832+0600][80.094s][info][gc,heap        ] GC(391) Survivor regions: 7->6(40)
[2026-04-03T02:17:08.832+0600][80.094s][info][gc,heap        ] GC(391) Old regions: 87->87
[2026-04-03T02:17:08.832+0600][80.094s][info][gc,heap        ] GC(391) Humongous regions: 14->8
[2026-04-03T02:17:08.832+0600][80.094s][info][gc,metaspace   ] GC(391) Metaspace: 131961K(133376K)->131961K(133376K) NonClass: 115381K(116096K)->115381K(116096K) Class: 16579K(17280K)->16579K(17280K)
[2026-04-03T02:17:08.832+0600][80.094s][info][gc             ] GC(391) Pause Young (Concurrent Start) (GCLocker Initiated GC) 128M->99M(524M) 4.477ms
[2026-04-03T02:17:08.832+0600][80.094s][info][gc             ] GC(392) Concurrent Mark Cycle
[2026-04-03T02:17:08.832+0600][80.094s][info][gc,marking     ] GC(392) Concurrent Scan Root Regions
[2026-04-03T02:17:08.832+0600][80.094s][info][gc,cpu         ] GC(391) User=0.02s Sys=0.00s Real=0.01s
[2026-04-03T02:17:08.835+0600][80.097s][info][gc,marking     ] GC(392) Concurrent Scan Root Regions 2.776ms
[2026-04-03T02:17:08.835+0600][80.097s][info][gc,marking     ] GC(392) Concurrent Mark
[2026-04-03T02:17:08.835+0600][80.097s][info][gc,marking     ] GC(392) Concurrent Mark From Roots
[2026-04-03T02:17:08.835+0600][80.097s][info][gc,task        ] GC(392) Using 3 workers of 3 for marking
[2026-04-03T02:17:08.917+0600][80.179s][info][gc,marking     ] GC(392) Concurrent Mark From Roots 82.254ms
[2026-04-03T02:17:08.917+0600][80.179s][info][gc,marking     ] GC(392) Concurrent Preclean
[2026-04-03T02:17:08.918+0600][80.180s][info][gc,marking     ] GC(392) Concurrent Preclean 0.503ms
[2026-04-03T02:17:08.918+0600][80.180s][info][gc,start       ] GC(392) Pause Remark
[2026-04-03T02:17:08.928+0600][80.190s][info][gc             ] GC(392) Pause Remark 193M->193M(464M) 9.570ms
[2026-04-03T02:17:08.928+0600][80.190s][info][gc,cpu         ] GC(392) User=0.07s Sys=0.00s Real=0.01s
[2026-04-03T02:17:08.928+0600][80.190s][info][gc,marking     ] GC(392) Concurrent Mark 93.203ms
[2026-04-03T02:17:08.928+0600][80.190s][info][gc,marking     ] GC(392) Concurrent Rebuild Remembered Sets and Scrub Regions
[2026-04-03T02:17:08.963+0600][80.225s][info][gc,marking     ] GC(392) Concurrent Rebuild Remembered Sets and Scrub Regions 35.249ms
[2026-04-03T02:17:08.964+0600][80.226s][info][gc,start       ] GC(392) Pause Cleanup
[2026-04-03T02:17:08.964+0600][80.226s][info][gc             ] GC(392) Pause Cleanup 235M->235M(464M) 0.435ms
[2026-04-03T02:17:08.965+0600][80.226s][info][gc,cpu         ] GC(392) User=0.00s Sys=0.00s Real=0.00s
[2026-04-03T02:17:08.965+0600][80.227s][info][gc,marking     ] GC(392) Concurrent Clear Claimed Marks
[2026-04-03T02:17:08.965+0600][80.227s][info][gc,marking     ] GC(392) Concurrent Clear Claimed Marks 0.466ms
[2026-04-03T02:17:08.965+0600][80.227s][info][gc,marking     ] GC(392) Concurrent Cleanup for Next Mark
[2026-04-03T02:17:08.966+0600][80.228s][info][gc,marking     ] GC(392) Concurrent Cleanup for Next Mark 1.122ms
[2026-04-03T02:17:08.966+0600][80.228s][info][gc             ] GC(392) Concurrent Mark Cycle 134.439ms
[2026-04-03T02:17:09.117+0600][80.379s][info][gc,start       ] GC(393) Pause Young (Prepare Mixed) (G1 Evacuation Pause)
[2026-04-03T02:17:09.117+0600][80.379s][info][gc,task        ] GC(393) Using 10 workers of 10 for evacuation
[2026-04-03T02:17:09.123+0600][80.385s][info][gc,phases      ] GC(393)   Pre Evacuate Collection Set: 0.33ms
[2026-04-03T02:17:09.123+0600][80.385s][info][gc,phases      ] GC(393)   Merge Heap Roots: 0.20ms
[2026-04-03T02:17:09.123+0600][80.385s][info][gc,phases      ] GC(393)   Evacuate Collection Set: 4.41ms
[2026-04-03T02:17:09.123+0600][80.385s][info][gc,phases      ] GC(393)   Post Evacuate Collection Set: 0.84ms
[2026-04-03T02:17:09.123+0600][80.385s][info][gc,phases      ] GC(393)   Other: 0.11ms
[2026-04-03T02:17:09.123+0600][80.385s][info][gc,heap        ] GC(393) Eden regions: 206->0(278)
[2026-04-03T02:17:09.123+0600][80.385s][info][gc,heap        ] GC(393) Survivor regions: 6->8(36)
[2026-04-03T02:17:09.123+0600][80.385s][info][gc,heap        ] GC(393) Old regions: 87->88
[2026-04-03T02:17:09.123+0600][80.385s][info][gc,heap        ] GC(393) Humongous regions: 170->8
[2026-04-03T02:17:09.123+0600][80.385s][info][gc,metaspace   ] GC(393) Metaspace: 131961K(133376K)->131961K(133376K) NonClass: 115381K(116096K)->115381K(116096K) Class: 16579K(17280K)->16579K(17280K)
[2026-04-03T02:17:09.123+0600][80.385s][info][gc             ] GC(393) Pause Young (Prepare Mixed) (G1 Evacuation Pause) 467M->101M(478M) 6.180ms
[2026-04-03T02:17:09.123+0600][80.385s][info][gc,cpu         ] GC(393) User=0.04s Sys=0.01s Real=0.01s
[2026-04-03T02:17:09.443+0600][80.705s][info][gc,start       ] GC(394) Pause Young (Mixed) (G1 Evacuation Pause)
[2026-04-03T02:17:09.443+0600][80.705s][info][gc,task        ] GC(394) Using 10 workers of 10 for evacuation
[2026-04-03T02:17:09.449+0600][80.711s][info][gc,phases      ] GC(394)   Pre Evacuate Collection Set: 0.33ms
[2026-04-03T02:17:09.449+0600][80.711s][info][gc,phases      ] GC(394)   Merge Heap Roots: 0.20ms
[2026-04-03T02:17:09.449+0600][80.711s][info][gc,phases      ] GC(394)   Evacuate Collection Set: 4.66ms
[2026-04-03T02:17:09.449+0600][80.711s][info][gc,phases      ] GC(394)   Post Evacuate Collection Set: 0.84ms
[2026-04-03T02:17:09.449+0600][80.711s][info][gc,phases      ] GC(394)   Other: 0.11ms
[2026-04-03T02:17:09.449+0600][80.711s][info][gc,heap        ] GC(394) Eden regions: 264->0(285)
[2026-04-03T02:17:09.449+0600][80.711s][info][gc,heap        ] GC(394) Survivor regions: 8->8(36)
[2026-04-03T02:17:09.449+0600][80.711s][info][gc,heap        ] GC(394) Old regions: 88->87
[2026-04-03T02:17:09.449+0600][80.711s][info][gc,heap        ] GC(394) Humongous regions: 120->8
[2026-04-03T02:17:09.449+0600][80.711s][info][gc,metaspace   ] GC(394) Metaspace: 131965K(133376K)->131965K(133376K) NonClass: 115385K(116096K)->115385K(116096K) Class: 16579K(17280K)->16579K(17280K)
[2026-04-03T02:17:09.449+0600][80.711s][info][gc             ] GC(394) Pause Young (Mixed) (G1 Evacuation Pause) 477M->101M(489M) 6.456ms
[2026-04-03T02:17:09.449+0600][80.711s][info][gc,cpu         ] GC(394) User=0.04s Sys=0.02s Real=0.00s
[2026-04-03T02:17:09.461+0600][80.723s][info][gc,start       ] GC(395) Pause Young (Concurrent Start) (G1 Humongous Allocation)
[2026-04-03T02:17:09.461+0600][80.723s][info][gc,task        ] GC(395) Using 10 workers of 10 for evacuation
[2026-04-03T02:17:09.465+0600][80.727s][info][gc,phases      ] GC(395)   Pre Evacuate Collection Set: 0.45ms
[2026-04-03T02:17:09.465+0600][80.727s][info][gc,phases      ] GC(395)   Merge Heap Roots: 0.11ms
[2026-04-03T02:17:09.465+0600][80.727s][info][gc,phases      ] GC(395)   Evacuate Collection Set: 2.27ms
[2026-04-03T02:17:09.465+0600][80.727s][info][gc,phases      ] GC(395)   Post Evacuate Collection Set: 0.64ms
[2026-04-03T02:17:09.465+0600][80.727s][info][gc,phases      ] GC(395)   Other: 0.19ms
[2026-04-03T02:17:09.465+0600][80.727s][info][gc,heap        ] GC(395) Eden regions: 14->0(285)
[2026-04-03T02:17:09.465+0600][80.727s][info][gc,heap        ] GC(395) Survivor regions: 8->8(37)
[2026-04-03T02:17:09.465+0600][80.727s][info][gc,heap        ] GC(395) Old regions: 87->87
[2026-04-03T02:17:09.465+0600][80.727s][info][gc,heap        ] GC(395) Humongous regions: 8->8
[2026-04-03T02:17:09.465+0600][80.727s][info][gc,metaspace   ] GC(395) Metaspace: 131965K(133376K)->131965K(133376K) NonClass: 115385K(116096K)->115385K(116096K) Class: 16579K(17280K)->16579K(17280K)
[2026-04-03T02:17:09.465+0600][80.727s][info][gc             ] GC(395) Pause Young (Concurrent Start) (G1 Humongous Allocation) 115M->101M(489M) 3.912ms
[2026-04-03T02:17:09.465+0600][80.727s][info][gc             ] GC(396) Concurrent Mark Cycle
[2026-04-03T02:17:09.465+0600][80.727s][info][gc,marking     ] GC(396) Concurrent Scan Root Regions
[2026-04-03T02:17:09.465+0600][80.727s][info][gc,cpu         ] GC(395) User=0.03s Sys=0.00s Real=0.00s
[2026-04-03T02:17:09.467+0600][80.729s][info][gc,marking     ] GC(396) Concurrent Scan Root Regions 1.743ms
[2026-04-03T02:17:09.467+0600][80.729s][info][gc,marking     ] GC(396) Concurrent Mark
[2026-04-03T02:17:09.467+0600][80.729s][info][gc,marking     ] GC(396) Concurrent Mark From Roots
[2026-04-03T02:17:09.467+0600][80.729s][info][gc,task        ] GC(396) Using 3 workers of 3 for marking
[2026-04-03T02:17:09.558+0600][80.820s][info][gc,marking     ] GC(396) Concurrent Mark From Roots 90.651ms
[2026-04-03T02:17:09.558+0600][80.820s][info][gc,marking     ] GC(396) Concurrent Preclean
[2026-04-03T02:17:09.558+0600][80.820s][info][gc,marking     ] GC(396) Concurrent Preclean 0.481ms
[2026-04-03T02:17:09.559+0600][80.821s][info][gc,start       ] GC(396) Pause Remark
[2026-04-03T02:17:09.571+0600][80.833s][info][gc             ] GC(396) Pause Remark 225M->225M(440M) 11.996ms
[2026-04-03T02:17:09.571+0600][80.833s][info][gc,cpu         ] GC(396) User=0.07s Sys=0.00s Real=0.02s
[2026-04-03T02:17:09.571+0600][80.833s][info][gc,marking     ] GC(396) Concurrent Mark 104.017ms
[2026-04-03T02:17:09.571+0600][80.833s][info][gc,marking     ] GC(396) Concurrent Rebuild Remembered Sets and Scrub Regions
[2026-04-03T02:17:09.605+0600][80.867s][info][gc,marking     ] GC(396) Concurrent Rebuild Remembered Sets and Scrub Regions 34.076ms
[2026-04-03T02:17:09.606+0600][80.868s][info][gc,start       ] GC(396) Pause Cleanup
[2026-04-03T02:17:09.606+0600][80.868s][info][gc             ] GC(396) Pause Cleanup 237M->237M(440M) 0.423ms
[2026-04-03T02:17:09.606+0600][80.868s][info][gc,cpu         ] GC(396) User=0.00s Sys=0.00s Real=0.00s
[2026-04-03T02:17:09.606+0600][80.868s][info][gc,marking     ] GC(396) Concurrent Clear Claimed Marks
[2026-04-03T02:17:09.607+0600][80.869s][info][gc,marking     ] GC(396) Concurrent Clear Claimed Marks 0.416ms
[2026-04-03T02:17:09.607+0600][80.869s][info][gc,marking     ] GC(396) Concurrent Cleanup for Next Mark
[2026-04-03T02:17:09.607+0600][80.869s][info][gc,marking     ] GC(396) Concurrent Cleanup for Next Mark 0.650ms
[2026-04-03T02:17:09.608+0600][80.869s][info][gc             ] GC(396) Concurrent Mark Cycle 142.201ms
[2026-04-03T02:17:09.713+0600][80.974s][info][gc,start       ] GC(397) Pause Young (Prepare Mixed) (G1 Evacuation Pause)
[2026-04-03T02:17:09.713+0600][80.975s][info][gc,task        ] GC(397) Using 10 workers of 10 for evacuation
[2026-04-03T02:17:09.717+0600][80.979s][info][gc,phases      ] GC(397)   Pre Evacuate Collection Set: 0.26ms
[2026-04-03T02:17:09.717+0600][80.979s][info][gc,phases      ] GC(397)   Merge Heap Roots: 0.12ms
[2026-04-03T02:17:09.717+0600][80.979s][info][gc,phases      ] GC(397)   Evacuate Collection Set: 3.19ms
[2026-04-03T02:17:09.717+0600][80.979s][info][gc,phases      ] GC(397)   Post Evacuate Collection Set: 0.76ms
[2026-04-03T02:17:09.717+0600][80.979s][info][gc,phases      ] GC(397)   Other: 0.09ms
[2026-04-03T02:17:09.717+0600][80.979s][info][gc,heap        ] GC(397) Eden regions: 156->0(355)
[2026-04-03T02:17:09.717+0600][80.979s][info][gc,heap        ] GC(397) Survivor regions: 8->8(36)
[2026-04-03T02:17:09.717+0600][80.979s][info][gc,heap        ] GC(397) Old regions: 87->88
[2026-04-03T02:17:09.717+0600][80.979s][info][gc,heap        ] GC(397) Humongous regions: 346->23
[2026-04-03T02:17:09.717+0600][80.979s][info][gc,metaspace   ] GC(397) Metaspace: 131966K(133376K)->131966K(133376K) NonClass: 115386K(116096K)->115386K(116096K) Class: 16579K(17280K)->16579K(17280K)
[2026-04-03T02:17:09.717+0600][80.979s][info][gc             ] GC(397) Pause Young (Prepare Mixed) (G1 Evacuation Pause) 595M->117M(606M) 4.681ms
[2026-04-03T02:17:09.717+0600][80.979s][info][gc,cpu         ] GC(397) User=0.03s Sys=0.00s Real=0.00s
[2026-04-03T02:17:09.813+0600][81.074s][info][gc,start       ] GC(398) Pause Young (Mixed) (G1 Evacuation Pause)
[2026-04-03T02:17:09.813+0600][81.075s][info][gc,task        ] GC(398) Using 10 workers of 10 for evacuation
[2026-04-03T02:17:09.818+0600][81.080s][info][gc,phases      ] GC(398)   Pre Evacuate Collection Set: 0.47ms
[2026-04-03T02:17:09.818+0600][81.080s][info][gc,phases      ] GC(398)   Merge Heap Roots: 0.28ms
[2026-04-03T02:17:09.818+0600][81.080s][info][gc,phases      ] GC(398)   Evacuate Collection Set: 3.16ms
[2026-04-03T02:17:09.818+0600][81.080s][info][gc,phases      ] GC(398)   Post Evacuate Collection Set: 1.07ms
[2026-04-03T02:17:09.818+0600][81.080s][info][gc,phases      ] GC(398)   Other: 0.11ms
[2026-04-03T02:17:09.818+0600][81.080s][info][gc,heap        ] GC(398) Eden regions: 77->0(362)
[2026-04-03T02:17:09.818+0600][81.080s][info][gc,heap        ] GC(398) Survivor regions: 8->6(46)
[2026-04-03T02:17:09.818+0600][81.080s][info][gc,heap        ] GC(398) Old regions: 88->88
[2026-04-03T02:17:09.818+0600][81.080s][info][gc,heap        ] GC(398) Humongous regions: 433->8
[2026-04-03T02:17:09.818+0600][81.080s][info][gc,metaspace   ] GC(398) Metaspace: 131967K(133376K)->131967K(133376K) NonClass: 115387K(116096K)->115387K(116096K) Class: 16579K(17280K)->16579K(17280K)
[2026-04-03T02:17:09.818+0600][81.080s][info][gc             ] GC(398) Pause Young (Mixed) (G1 Evacuation Pause) 604M->100M(614M) 5.377ms
[2026-04-03T02:17:09.818+0600][81.080s][info][gc,cpu         ] GC(398) User=0.03s Sys=0.00s Real=0.00s
[2026-04-03T02:17:09.872+0600][81.134s][info][gc,start       ] GC(399) Pause Young (Concurrent Start) (G1 Humongous Allocation)
[2026-04-03T02:17:09.872+0600][81.134s][info][gc,task        ] GC(399) Using 10 workers of 10 for evacuation
[2026-04-03T02:17:09.874+0600][81.136s][info][gc,phases      ] GC(399)   Pre Evacuate Collection Set: 0.36ms
[2026-04-03T02:17:09.874+0600][81.136s][info][gc,phases      ] GC(399)   Merge Heap Roots: 0.10ms
[2026-04-03T02:17:09.874+0600][81.136s][info][gc,phases      ] GC(399)   Evacuate Collection Set: 1.44ms
[2026-04-03T02:17:09.874+0600][81.136s][info][gc,phases      ] GC(399)   Post Evacuate Collection Set: 0.48ms
[2026-04-03T02:17:09.874+0600][81.136s][info][gc,phases      ] GC(399)   Other: 0.13ms
[2026-04-03T02:17:09.874+0600][81.136s][info][gc,heap        ] GC(399) Eden regions: 59->0(364)
[2026-04-03T02:17:09.874+0600][81.136s][info][gc,heap        ] GC(399) Survivor regions: 6->4(46)
[2026-04-03T02:17:09.874+0600][81.136s][info][gc,heap        ] GC(399) Old regions: 88->88
[2026-04-03T02:17:09.874+0600][81.136s][info][gc,heap        ] GC(399) Humongous regions: 45->8
[2026-04-03T02:17:09.874+0600][81.136s][info][gc,metaspace   ] GC(399) Metaspace: 131967K(133376K)->131967K(133376K) NonClass: 115387K(116096K)->115387K(116096K) Class: 16579K(17280K)->16579K(17280K)
[2026-04-03T02:17:09.874+0600][81.136s][info][gc             ] GC(399) Pause Young (Concurrent Start) (G1 Humongous Allocation) 195M->98M(614M) 2.786ms
[2026-04-03T02:17:09.874+0600][81.136s][info][gc             ] GC(400) Concurrent Undo Cycle
[2026-04-03T02:17:09.875+0600][81.136s][info][gc,cpu         ] GC(399) User=0.01s Sys=0.00s Real=0.00s
[2026-04-03T02:17:09.875+0600][81.136s][info][gc,marking     ] GC(400) Concurrent Clear Claimed Marks
[2026-04-03T02:17:09.875+0600][81.137s][info][gc,marking     ] GC(400) Concurrent Clear Claimed Marks 0.288ms
[2026-04-03T02:17:09.875+0600][81.137s][info][gc,marking     ] GC(400) Concurrent Cleanup for Next Mark
[2026-04-03T02:17:09.875+0600][81.137s][info][gc,marking     ] GC(400) Concurrent Cleanup for Next Mark 0.199ms
[2026-04-03T02:17:09.875+0600][81.137s][info][gc             ] GC(400) Concurrent Undo Cycle 0.647ms
[2026-04-03T02:17:09.937+0600][81.199s][info][gc,start       ] GC(401) Pause Young (Concurrent Start) (G1 Humongous Allocation)
[2026-04-03T02:17:09.937+0600][81.199s][info][gc,task        ] GC(401) Using 10 workers of 10 for evacuation
[2026-04-03T02:17:09.941+0600][81.203s][info][gc,phases      ] GC(401)   Pre Evacuate Collection Set: 0.37ms
[2026-04-03T02:17:09.941+0600][81.203s][info][gc,phases      ] GC(401)   Merge Heap Roots: 0.13ms
[2026-04-03T02:17:09.941+0600][81.203s][info][gc,phases      ] GC(401)   Evacuate Collection Set: 2.56ms
[2026-04-03T02:17:09.941+0600][81.203s][info][gc,phases      ] GC(401)   Post Evacuate Collection Set: 0.58ms
[2026-04-03T02:17:09.941+0600][81.203s][info][gc,phases      ] GC(401)   Other: 0.19ms
[2026-04-03T02:17:09.941+0600][81.203s][info][gc,heap        ] GC(401) Eden regions: 27->0(363)
[2026-04-03T02:17:09.941+0600][81.203s][info][gc,heap        ] GC(401) Survivor regions: 4->5(46)
[2026-04-03T02:17:09.941+0600][81.203s][info][gc,heap        ] GC(401) Old regions: 88->88
[2026-04-03T02:17:09.941+0600][81.203s][info][gc,heap        ] GC(401) Humongous regions: 47->10
[2026-04-03T02:17:09.941+0600][81.203s][info][gc,metaspace   ] GC(401) Metaspace: 131971K(133376K)->131971K(133376K) NonClass: 115391K(116096K)->115391K(116096K) Class: 16579K(17280K)->16579K(17280K)
[2026-04-03T02:17:09.941+0600][81.203s][info][gc             ] GC(401) Pause Young (Concurrent Start) (G1 Humongous Allocation) 164M->101M(614M) 4.145ms
[2026-04-03T02:17:09.941+0600][81.203s][info][gc             ] GC(402) Concurrent Undo Cycle
[2026-04-03T02:17:09.941+0600][81.203s][info][gc,cpu         ] GC(401) User=0.02s Sys=0.00s Real=0.01s
[2026-04-03T02:17:09.941+0600][81.203s][info][gc,marking     ] GC(402) Concurrent Clear Claimed Marks
[2026-04-03T02:17:09.941+0600][81.203s][info][gc,marking     ] GC(402) Concurrent Clear Claimed Marks 0.359ms
[2026-04-03T02:17:09.941+0600][81.203s][info][gc,marking     ] GC(402) Concurrent Cleanup for Next Mark
[2026-04-03T02:17:09.943+0600][81.205s][info][gc,marking     ] GC(402) Concurrent Cleanup for Next Mark 1.869ms
[2026-04-03T02:17:09.943+0600][81.205s][info][gc             ] GC(402) Concurrent Undo Cycle 2.506ms
[2026-04-03T02:17:10.251+0600][81.513s][info][gc,start       ] GC(403) Pause Young (Concurrent Start) (G1 Humongous Allocation)
[2026-04-03T02:17:10.251+0600][81.513s][info][gc,task        ] GC(403) Using 10 workers of 10 for evacuation
[2026-04-03T02:17:10.254+0600][81.516s][info][gc,phases      ] GC(403)   Pre Evacuate Collection Set: 0.37ms
[2026-04-03T02:17:10.254+0600][81.516s][info][gc,phases      ] GC(403)   Merge Heap Roots: 0.15ms
[2026-04-03T02:17:10.254+0600][81.516s][info][gc,phases      ] GC(403)   Evacuate Collection Set: 1.73ms
[2026-04-03T02:17:10.254+0600][81.516s][info][gc,phases      ] GC(403)   Post Evacuate Collection Set: 0.54ms
[2026-04-03T02:17:10.254+0600][81.516s][info][gc,phases      ] GC(403)   Other: 0.14ms
[2026-04-03T02:17:10.254+0600][81.516s][info][gc,heap        ] GC(403) Eden regions: 175->0(363)
[2026-04-03T02:17:10.254+0600][81.516s][info][gc,heap        ] GC(403) Survivor regions: 5->5(46)
[2026-04-03T02:17:10.254+0600][81.516s][info][gc,heap        ] GC(403) Old regions: 88->88
[2026-04-03T02:17:10.254+0600][81.516s][info][gc,heap        ] GC(403) Humongous regions: 44->8
[2026-04-03T02:17:10.254+0600][81.516s][info][gc,metaspace   ] GC(403) Metaspace: 131972K(133376K)->131972K(133376K) NonClass: 115392K(116096K)->115392K(116096K) Class: 16579K(17280K)->16579K(17280K)
[2026-04-03T02:17:10.254+0600][81.516s][info][gc             ] GC(403) Pause Young (Concurrent Start) (G1 Humongous Allocation) 310M->99M(614M) 3.171ms
[2026-04-03T02:17:10.254+0600][81.516s][info][gc             ] GC(404) Concurrent Undo Cycle
[2026-04-03T02:17:10.255+0600][81.516s][info][gc,cpu         ] GC(403) User=0.02s Sys=0.00s Real=0.00s
[2026-04-03T02:17:10.255+0600][81.516s][info][gc,marking     ] GC(404) Concurrent Clear Claimed Marks
[2026-04-03T02:17:10.255+0600][81.517s][info][gc,marking     ] GC(404) Concurrent Clear Claimed Marks 0.317ms
[2026-04-03T02:17:10.255+0600][81.517s][info][gc,marking     ] GC(404) Concurrent Cleanup for Next Mark
[2026-04-03T02:17:10.255+0600][81.517s][info][gc,marking     ] GC(404) Concurrent Cleanup for Next Mark 0.227ms
[2026-04-03T02:17:10.255+0600][81.517s][info][gc             ] GC(404) Concurrent Undo Cycle 0.710ms
[2026-04-03T02:17:10.314+0600][81.576s][info][gc,start       ] GC(405) Pause Young (Concurrent Start) (G1 Humongous Allocation)
[2026-04-03T02:17:10.314+0600][81.576s][info][gc,task        ] GC(405) Using 10 workers of 10 for evacuation
[2026-04-03T02:17:10.317+0600][81.579s][info][gc,phases      ] GC(405)   Pre Evacuate Collection Set: 0.41ms
[2026-04-03T02:17:10.317+0600][81.579s][info][gc,phases      ] GC(405)   Merge Heap Roots: 0.11ms
[2026-04-03T02:17:10.317+0600][81.579s][info][gc,phases      ] GC(405)   Evacuate Collection Set: 1.62ms
[2026-04-03T02:17:10.317+0600][81.579s][info][gc,phases      ] GC(405)   Post Evacuate Collection Set: 0.47ms
[2026-04-03T02:17:10.317+0600][81.579s][info][gc,phases      ] GC(405)   Other: 0.19ms
[2026-04-03T02:17:10.317+0600][81.579s][info][gc,heap        ] GC(405) Eden regions: 53->0(363)
[2026-04-03T02:17:10.317+0600][81.579s][info][gc,heap        ] GC(405) Survivor regions: 5->5(46)
[2026-04-03T02:17:10.317+0600][81.579s][info][gc,heap        ] GC(405) Old regions: 88->88
[2026-04-03T02:17:10.317+0600][81.579s][info][gc,heap        ] GC(405) Humongous regions: 50->8
[2026-04-03T02:17:10.317+0600][81.579s][info][gc,metaspace   ] GC(405) Metaspace: 131972K(133376K)->131972K(133376K) NonClass: 115392K(116096K)->115392K(116096K) Class: 16579K(17280K)->16579K(17280K)
[2026-04-03T02:17:10.317+0600][81.579s][info][gc             ] GC(405) Pause Young (Concurrent Start) (G1 Humongous Allocation) 194M->99M(614M) 3.029ms
[2026-04-03T02:17:10.317+0600][81.579s][info][gc             ] GC(406) Concurrent Undo Cycle
[2026-04-03T02:17:10.317+0600][81.579s][info][gc,cpu         ] GC(405) User=0.02s Sys=0.00s Real=0.00s
[2026-04-03T02:17:10.317+0600][81.579s][info][gc,marking     ] GC(406) Concurrent Clear Claimed Marks
[2026-04-03T02:17:10.318+0600][81.580s][info][gc,marking     ] GC(406) Concurrent Clear Claimed Marks 0.316ms
[2026-04-03T02:17:10.318+0600][81.580s][info][gc,marking     ] GC(406) Concurrent Cleanup for Next Mark
[2026-04-03T02:17:10.318+0600][81.580s][info][gc,marking     ] GC(406) Concurrent Cleanup for Next Mark 0.256ms
[2026-04-03T02:17:10.318+0600][81.580s][info][gc             ] GC(406) Concurrent Undo Cycle 0.755ms
[2026-04-03T02:17:10.379+0600][81.641s][info][gc,start       ] GC(407) Pause Young (Concurrent Start) (G1 Humongous Allocation)
[2026-04-03T02:17:10.379+0600][81.641s][info][gc,task        ] GC(407) Using 10 workers of 10 for evacuation
[2026-04-03T02:17:10.382+0600][81.644s][info][gc,phases      ] GC(407)   Pre Evacuate Collection Set: 0.38ms
[2026-04-03T02:17:10.382+0600][81.644s][info][gc,phases      ] GC(407)   Merge Heap Roots: 0.09ms
[2026-04-03T02:17:10.382+0600][81.644s][info][gc,phases      ] GC(407)   Evacuate Collection Set: 1.66ms
[2026-04-03T02:17:10.382+0600][81.644s][info][gc,phases      ] GC(407)   Post Evacuate Collection Set: 0.41ms
[2026-04-03T02:17:10.382+0600][81.644s][info][gc,phases      ] GC(407)   Other: 0.11ms
[2026-04-03T02:17:10.382+0600][81.644s][info][gc,heap        ] GC(407) Eden regions: 54->0(363)
[2026-04-03T02:17:10.382+0600][81.644s][info][gc,heap        ] GC(407) Survivor regions: 5->5(46)
[2026-04-03T02:17:10.382+0600][81.644s][info][gc,heap        ] GC(407) Old regions: 88->89
[2026-04-03T02:17:10.382+0600][81.644s][info][gc,heap        ] GC(407) Humongous regions: 50->8
[2026-04-03T02:17:10.382+0600][81.644s][info][gc,metaspace   ] GC(407) Metaspace: 131972K(133376K)->131972K(133376K) NonClass: 115392K(116096K)->115392K(116096K) Class: 16579K(17280K)->16579K(17280K)
[2026-04-03T02:17:10.382+0600][81.644s][info][gc             ] GC(407) Pause Young (Concurrent Start) (G1 Humongous Allocation) 195M->99M(614M) 2.934ms
[2026-04-03T02:17:10.382+0600][81.644s][info][gc             ] GC(408) Concurrent Undo Cycle
[2026-04-03T02:17:10.382+0600][81.644s][info][gc,cpu         ] GC(407) User=0.01s Sys=0.00s Real=0.01s
[2026-04-03T02:17:10.382+0600][81.644s][info][gc,marking     ] GC(408) Concurrent Clear Claimed Marks
[2026-04-03T02:17:10.382+0600][81.644s][info][gc,marking     ] GC(408) Concurrent Clear Claimed Marks 0.284ms
[2026-04-03T02:17:10.382+0600][81.644s][info][gc,marking     ] GC(408) Concurrent Cleanup for Next Mark
[2026-04-03T02:17:10.382+0600][81.644s][info][gc,marking     ] GC(408) Concurrent Cleanup for Next Mark 0.199ms
[2026-04-03T02:17:10.383+0600][81.644s][info][gc             ] GC(408) Concurrent Undo Cycle 0.651ms
[2026-04-03T02:17:10.444+0600][81.706s][info][gc,start       ] GC(409) Pause Young (Concurrent Start) (G1 Humongous Allocation)
[2026-04-03T02:17:10.444+0600][81.706s][info][gc,task        ] GC(409) Using 10 workers of 10 for evacuation
[2026-04-03T02:17:10.447+0600][81.709s][info][gc,phases      ] GC(409)   Pre Evacuate Collection Set: 0.38ms
[2026-04-03T02:17:10.447+0600][81.709s][info][gc,phases      ] GC(409)   Merge Heap Roots: 0.13ms
[2026-04-03T02:17:10.447+0600][81.709s][info][gc,phases      ] GC(409)   Evacuate Collection Set: 1.45ms
[2026-04-03T02:17:10.447+0600][81.709s][info][gc,phases      ] GC(409)   Post Evacuate Collection Set: 0.43ms
[2026-04-03T02:17:10.447+0600][81.709s][info][gc,phases      ] GC(409)   Other: 0.11ms
[2026-04-03T02:17:10.447+0600][81.709s][info][gc,heap        ] GC(409) Eden regions: 54->0(363)
[2026-04-03T02:17:10.447+0600][81.709s][info][gc,heap        ] GC(409) Survivor regions: 5->5(46)
[2026-04-03T02:17:10.447+0600][81.709s][info][gc,heap        ] GC(409) Old regions: 89->89
[2026-04-03T02:17:10.447+0600][81.709s][info][gc,heap        ] GC(409) Humongous regions: 50->8
[2026-04-03T02:17:10.447+0600][81.709s][info][gc,metaspace   ] GC(409) Metaspace: 131972K(133376K)->131972K(133376K) NonClass: 115392K(116096K)->115392K(116096K) Class: 16579K(17280K)->16579K(17280K)
[2026-04-03T02:17:10.447+0600][81.709s][info][gc             ] GC(409) Pause Young (Concurrent Start) (G1 Humongous Allocation) 195M->99M(614M) 2.735ms
[2026-04-03T02:17:10.447+0600][81.709s][info][gc             ] GC(410) Concurrent Undo Cycle
[2026-04-03T02:17:10.447+0600][81.709s][info][gc,cpu         ] GC(409) User=0.01s Sys=0.00s Real=0.00s
[2026-04-03T02:17:10.447+0600][81.709s][info][gc,marking     ] GC(410) Concurrent Clear Claimed Marks
[2026-04-03T02:17:10.447+0600][81.709s][info][gc,marking     ] GC(410) Concurrent Clear Claimed Marks 0.266ms
[2026-04-03T02:17:10.447+0600][81.709s][info][gc,marking     ] GC(410) Concurrent Cleanup for Next Mark
[2026-04-03T02:17:10.448+0600][81.709s][info][gc,marking     ] GC(410) Concurrent Cleanup for Next Mark 0.160ms
[2026-04-03T02:17:10.448+0600][81.710s][info][gc             ] GC(410) Concurrent Undo Cycle 0.575ms
[2026-04-03T02:17:10.524+0600][81.786s][info][gc,start       ] GC(411) Pause Young (Concurrent Start) (GCLocker Initiated GC)
[2026-04-03T02:17:10.524+0600][81.786s][info][gc,task        ] GC(411) Using 10 workers of 10 for evacuation
[2026-04-03T02:17:10.528+0600][81.790s][info][gc,phases      ] GC(411)   Pre Evacuate Collection Set: 0.43ms
[2026-04-03T02:17:10.528+0600][81.790s][info][gc,phases      ] GC(411)   Merge Heap Roots: 0.16ms
[2026-04-03T02:17:10.528+0600][81.790s][info][gc,phases      ] GC(411)   Evacuate Collection Set: 2.59ms
[2026-04-03T02:17:10.528+0600][81.790s][info][gc,phases      ] GC(411)   Post Evacuate Collection Set: 0.78ms
[2026-04-03T02:17:10.528+0600][81.790s][info][gc,phases      ] GC(411)   Other: 0.16ms
[2026-04-03T02:17:10.528+0600][81.790s][info][gc,heap        ] GC(411) Eden regions: 78->0(360)
[2026-04-03T02:17:10.528+0600][81.790s][info][gc,heap        ] GC(411) Survivor regions: 5->8(46)
[2026-04-03T02:17:10.528+0600][81.790s][info][gc,heap        ] GC(411) Old regions: 89->89
[2026-04-03T02:17:10.528+0600][81.790s][info][gc,heap        ] GC(411) Humongous regions: 55->8
[2026-04-03T02:17:10.528+0600][81.790s][info][gc,metaspace   ] GC(411) Metaspace: 131972K(133376K)->131972K(133376K) NonClass: 115392K(116096K)->115392K(116096K) Class: 16579K(17280K)->16579K(17280K)
[2026-04-03T02:17:10.529+0600][81.790s][info][gc             ] GC(411) Pause Young (Concurrent Start) (GCLocker Initiated GC) 224M->102M(614M) 4.484ms
[2026-04-03T02:17:10.529+0600][81.791s][info][gc,cpu         ] GC(411) User=0.03s Sys=0.00s Real=0.00s
[2026-04-03T02:17:10.529+0600][81.791s][info][gc             ] GC(412) Concurrent Mark Cycle
[2026-04-03T02:17:10.529+0600][81.791s][info][gc,marking     ] GC(412) Concurrent Scan Root Regions
[2026-04-03T02:17:10.532+0600][81.794s][info][gc,marking     ] GC(412) Concurrent Scan Root Regions 2.964ms
[2026-04-03T02:17:10.532+0600][81.794s][info][gc,marking     ] GC(412) Concurrent Mark
[2026-04-03T02:17:10.532+0600][81.794s][info][gc,marking     ] GC(412) Concurrent Mark From Roots
[2026-04-03T02:17:10.532+0600][81.794s][info][gc,task        ] GC(412) Using 3 workers of 3 for marking
[2026-04-03T02:17:10.612+0600][81.874s][info][gc,marking     ] GC(412) Concurrent Mark From Roots 80.448ms
[2026-04-03T02:17:10.612+0600][81.874s][info][gc,marking     ] GC(412) Concurrent Preclean
[2026-04-03T02:17:10.613+0600][81.875s][info][gc,marking     ] GC(412) Concurrent Preclean 0.324ms
[2026-04-03T02:17:10.613+0600][81.875s][info][gc,start       ] GC(412) Pause Remark
[2026-04-03T02:17:10.623+0600][81.885s][info][gc             ] GC(412) Pause Remark 190M->190M(490M) 9.497ms
[2026-04-03T02:17:10.623+0600][81.885s][info][gc,cpu         ] GC(412) User=0.07s Sys=0.00s Real=0.01s
[2026-04-03T02:17:10.623+0600][81.885s][info][gc,marking     ] GC(412) Concurrent Mark 91.056ms
[2026-04-03T02:17:10.623+0600][81.885s][info][gc,marking     ] GC(412) Concurrent Rebuild Remembered Sets and Scrub Regions
[2026-04-03T02:17:10.661+0600][81.923s][info][gc,marking     ] GC(412) Concurrent Rebuild Remembered Sets and Scrub Regions 38.304ms
[2026-04-03T02:17:10.662+0600][81.924s][info][gc,start       ] GC(412) Pause Cleanup
[2026-04-03T02:17:10.662+0600][81.924s][info][gc             ] GC(412) Pause Cleanup 241M->241M(490M) 0.315ms
[2026-04-03T02:17:10.662+0600][81.924s][info][gc,cpu         ] GC(412) User=0.00s Sys=0.00s Real=0.00s
[2026-04-03T02:17:10.663+0600][81.924s][info][gc,marking     ] GC(412) Concurrent Clear Claimed Marks
[2026-04-03T02:17:10.663+0600][81.925s][info][gc,marking     ] GC(412) Concurrent Clear Claimed Marks 0.432ms
[2026-04-03T02:17:10.663+0600][81.925s][info][gc,marking     ] GC(412) Concurrent Cleanup for Next Mark
[2026-04-03T02:17:10.664+0600][81.926s][info][gc,marking     ] GC(412) Concurrent Cleanup for Next Mark 1.191ms
[2026-04-03T02:17:10.664+0600][81.926s][info][gc             ] GC(412) Concurrent Mark Cycle 135.531ms
[2026-04-03T02:17:10.829+0600][82.091s][info][gc,start       ] GC(413) Pause Young (Prepare Mixed) (GCLocker Initiated GC)
[2026-04-03T02:17:10.829+0600][82.091s][info][gc,task        ] GC(413) Using 10 workers of 10 for evacuation
[2026-04-03T02:17:10.836+0600][82.097s][info][gc,phases      ] GC(413)   Pre Evacuate Collection Set: 0.51ms
[2026-04-03T02:17:10.836+0600][82.097s][info][gc,phases      ] GC(413)   Merge Heap Roots: 0.27ms
[2026-04-03T02:17:10.836+0600][82.097s][info][gc,phases      ] GC(413)   Evacuate Collection Set: 4.71ms
[2026-04-03T02:17:10.836+0600][82.097s][info][gc,phases      ] GC(413)   Post Evacuate Collection Set: 0.67ms
[2026-04-03T02:17:10.836+0600][82.098s][info][gc,phases      ] GC(413)   Other: 0.14ms
[2026-04-03T02:17:10.836+0600][82.098s][info][gc,heap        ] GC(413) Eden regions: 217->0(291)
[2026-04-03T02:17:10.836+0600][82.098s][info][gc,heap        ] GC(413) Survivor regions: 8->8(37)
[2026-04-03T02:17:10.836+0600][82.098s][info][gc,heap        ] GC(413) Old regions: 89->90
[2026-04-03T02:17:10.836+0600][82.098s][info][gc,heap        ] GC(413) Humongous regions: 176->8
[2026-04-03T02:17:10.836+0600][82.098s][info][gc,metaspace   ] GC(413) Metaspace: 131972K(133376K)->131972K(133376K) NonClass: 115392K(116096K)->115392K(116096K) Class: 16579K(17280K)->16579K(17280K)
[2026-04-03T02:17:10.836+0600][82.098s][info][gc             ] GC(413) Pause Young (Prepare Mixed) (GCLocker Initiated GC) 487M->103M(499M) 6.611ms
[2026-04-03T02:17:10.836+0600][82.098s][info][gc,cpu         ] GC(413) User=0.03s Sys=0.01s Real=0.01s
[2026-04-03T02:17:11.160+0600][82.421s][info][gc,start       ] GC(414) Pause Young (Mixed) (G1 Evacuation Pause)
[2026-04-03T02:17:11.160+0600][82.422s][info][gc,task        ] GC(414) Using 10 workers of 10 for evacuation
[2026-04-03T02:17:11.167+0600][82.428s][info][gc,phases      ] GC(414)   Pre Evacuate Collection Set: 0.47ms
[2026-04-03T02:17:11.167+0600][82.429s][info][gc,phases      ] GC(414)   Merge Heap Roots: 0.24ms
[2026-04-03T02:17:11.167+0600][82.429s][info][gc,phases      ] GC(414)   Evacuate Collection Set: 5.00ms
[2026-04-03T02:17:11.167+0600][82.429s][info][gc,phases      ] GC(414)   Post Evacuate Collection Set: 1.07ms
[2026-04-03T02:17:11.167+0600][82.429s][info][gc,phases      ] GC(414)   Other: 0.13ms
[2026-04-03T02:17:11.167+0600][82.429s][info][gc,heap        ] GC(414) Eden regions: 247->0(296)
[2026-04-03T02:17:11.167+0600][82.429s][info][gc,heap        ] GC(414) Survivor regions: 8->8(38)
[2026-04-03T02:17:11.167+0600][82.429s][info][gc,heap        ] GC(414) Old regions: 90->88
[2026-04-03T02:17:11.167+0600][82.429s][info][gc,heap        ] GC(414) Humongous regions: 154->8
[2026-04-03T02:17:11.167+0600][82.429s][info][gc,metaspace   ] GC(414) Metaspace: 131973K(133376K)->131973K(133376K) NonClass: 115393K(116096K)->115393K(116096K) Class: 16579K(17280K)->16579K(17280K)
[2026-04-03T02:17:11.167+0600][82.429s][info][gc             ] GC(414) Pause Young (Mixed) (G1 Evacuation Pause) 496M->102M(507M) 7.243ms
[2026-04-03T02:17:11.167+0600][82.429s][info][gc,cpu         ] GC(414) User=0.04s Sys=0.01s Real=0.01s
[2026-04-03T02:17:11.286+0600][82.547s][info][gc,start       ] GC(415) Pause Young (Concurrent Start) (G1 Humongous Allocation)
[2026-04-03T02:17:11.286+0600][82.548s][info][gc,task        ] GC(415) Using 10 workers of 10 for evacuation
[2026-04-03T02:17:11.291+0600][82.553s][info][gc,phases      ] GC(415)   Pre Evacuate Collection Set: 0.59ms
[2026-04-03T02:17:11.291+0600][82.553s][info][gc,phases      ] GC(415)   Merge Heap Roots: 0.20ms
[2026-04-03T02:17:11.291+0600][82.553s][info][gc,phases      ] GC(415)   Evacuate Collection Set: 3.15ms
[2026-04-03T02:17:11.291+0600][82.553s][info][gc,phases      ] GC(415)   Post Evacuate Collection Set: 0.92ms
[2026-04-03T02:17:11.291+0600][82.553s][info][gc,phases      ] GC(415)   Other: 0.24ms
[2026-04-03T02:17:11.291+0600][82.553s][info][gc,heap        ] GC(415) Eden regions: 146->0(295)
[2026-04-03T02:17:11.291+0600][82.553s][info][gc,heap        ] GC(415) Survivor regions: 8->9(38)
[2026-04-03T02:17:11.291+0600][82.553s][info][gc,heap        ] GC(415) Old regions: 88->89
[2026-04-03T02:17:11.291+0600][82.553s][info][gc,heap        ] GC(415) Humongous regions: 29->8
[2026-04-03T02:17:11.291+0600][82.553s][info][gc,metaspace   ] GC(415) Metaspace: 131974K(133376K)->131974K(133376K) NonClass: 115394K(116096K)->115394K(116096K) Class: 16579K(17280K)->16579K(17280K)
[2026-04-03T02:17:11.291+0600][82.553s][info][gc             ] GC(415) Pause Young (Concurrent Start) (G1 Humongous Allocation) 269M->103M(507M) 5.460ms
[2026-04-03T02:17:11.291+0600][82.553s][info][gc             ] GC(416) Concurrent Undo Cycle
[2026-04-03T02:17:11.291+0600][82.553s][info][gc,cpu         ] GC(415) User=0.05s Sys=0.01s Real=0.01s
[2026-04-03T02:17:11.291+0600][82.553s][info][gc,marking     ] GC(416) Concurrent Clear Claimed Marks
[2026-04-03T02:17:11.292+0600][82.553s][info][gc,marking     ] GC(416) Concurrent Clear Claimed Marks 0.407ms
[2026-04-03T02:17:11.292+0600][82.554s][info][gc,marking     ] GC(416) Concurrent Cleanup for Next Mark
[2026-04-03T02:17:11.292+0600][82.554s][info][gc,marking     ] GC(416) Concurrent Cleanup for Next Mark 0.414ms
[2026-04-03T02:17:11.292+0600][82.554s][info][gc             ] GC(416) Concurrent Undo Cycle 1.096ms
[2026-04-03T02:17:11.326+0600][82.588s][info][gc,start       ] GC(417) Pause Young (Concurrent Start) (G1 Humongous Allocation)
[2026-04-03T02:17:11.326+0600][82.588s][info][gc,task        ] GC(417) Using 10 workers of 10 for evacuation
[2026-04-03T02:17:11.329+0600][82.591s][info][gc,phases      ] GC(417)   Pre Evacuate Collection Set: 0.38ms
[2026-04-03T02:17:11.329+0600][82.591s][info][gc,phases      ] GC(417)   Merge Heap Roots: 0.10ms
[2026-04-03T02:17:11.329+0600][82.591s][info][gc,phases      ] GC(417)   Evacuate Collection Set: 1.37ms
[2026-04-03T02:17:11.329+0600][82.591s][info][gc,phases      ] GC(417)   Post Evacuate Collection Set: 0.48ms
[2026-04-03T02:17:11.329+0600][82.591s][info][gc,phases      ] GC(417)   Other: 0.11ms
[2026-04-03T02:17:11.329+0600][82.591s][info][gc,heap        ] GC(417) Eden regions: 33->0(299)
[2026-04-03T02:17:11.329+0600][82.591s][info][gc,heap        ] GC(417) Survivor regions: 9->5(38)
[2026-04-03T02:17:11.329+0600][82.591s][info][gc,heap        ] GC(417) Old regions: 89->89
[2026-04-03T02:17:11.329+0600][82.591s][info][gc,heap        ] GC(417) Humongous regions: 24->8
[2026-04-03T02:17:11.329+0600][82.591s][info][gc,metaspace   ] GC(417) Metaspace: 131976K(133376K)->131976K(133376K) NonClass: 115396K(116096K)->115396K(116096K) Class: 16579K(17280K)->16579K(17280K)
[2026-04-03T02:17:11.329+0600][82.591s][info][gc             ] GC(417) Pause Young (Concurrent Start) (G1 Humongous Allocation) 151M->100M(507M) 2.661ms
[2026-04-03T02:17:11.329+0600][82.591s][info][gc             ] GC(418) Concurrent Undo Cycle
[2026-04-03T02:17:11.329+0600][82.591s][info][gc,cpu         ] GC(417) User=0.02s Sys=0.00s Real=0.00s
[2026-04-03T02:17:11.329+0600][82.591s][info][gc,marking     ] GC(418) Concurrent Clear Claimed Marks
[2026-04-03T02:17:11.329+0600][82.591s][info][gc,marking     ] GC(418) Concurrent Clear Claimed Marks 0.241ms
[2026-04-03T02:17:11.329+0600][82.591s][info][gc,marking     ] GC(418) Concurrent Cleanup for Next Mark
[2026-04-03T02:17:11.330+0600][82.591s][info][gc,marking     ] GC(418) Concurrent Cleanup for Next Mark 0.159ms
[2026-04-03T02:17:11.330+0600][82.591s][info][gc             ] GC(418) Concurrent Undo Cycle 0.517ms
[2026-04-03T02:17:11.396+0600][82.658s][info][gc,start       ] GC(419) Pause Young (Concurrent Start) (G1 Humongous Allocation)
[2026-04-03T02:17:11.396+0600][82.658s][info][gc,task        ] GC(419) Using 10 workers of 10 for evacuation
[2026-04-03T02:17:11.399+0600][82.661s][info][gc,phases      ] GC(419)   Pre Evacuate Collection Set: 0.46ms
[2026-04-03T02:17:11.399+0600][82.661s][info][gc,phases      ] GC(419)   Merge Heap Roots: 0.16ms
[2026-04-03T02:17:11.399+0600][82.661s][info][gc,phases      ] GC(419)   Evacuate Collection Set: 1.42ms
[2026-04-03T02:17:11.399+0600][82.661s][info][gc,phases      ] GC(419)   Post Evacuate Collection Set: 0.59ms
[2026-04-03T02:17:11.399+0600][82.661s][info][gc,phases      ] GC(419)   Other: 0.13ms
[2026-04-03T02:17:11.399+0600][82.661s][info][gc,heap        ] GC(419) Eden regions: 26->0(302)
[2026-04-03T02:17:11.399+0600][82.661s][info][gc,heap        ] GC(419) Survivor regions: 5->2(38)
[2026-04-03T02:17:11.399+0600][82.661s][info][gc,heap        ] GC(419) Old regions: 89->89
[2026-04-03T02:17:11.399+0600][82.661s][info][gc,heap        ] GC(419) Humongous regions: 27->8
[2026-04-03T02:17:11.399+0600][82.661s][info][gc,metaspace   ] GC(419) Metaspace: 131977K(133376K)->131977K(133376K) NonClass: 115397K(116096K)->115397K(116096K) Class: 16579K(17280K)->16579K(17280K)
[2026-04-03T02:17:11.399+0600][82.661s][info][gc             ] GC(419) Pause Young (Concurrent Start) (G1 Humongous Allocation) 145M->97M(507M) 3.044ms
[2026-04-03T02:17:11.399+0600][82.661s][info][gc             ] GC(420) Concurrent Undo Cycle
[2026-04-03T02:17:11.399+0600][82.661s][info][gc,cpu         ] GC(419) User=0.01s Sys=0.00s Real=0.00s
[2026-04-03T02:17:11.399+0600][82.661s][info][gc,marking     ] GC(420) Concurrent Clear Claimed Marks
[2026-04-03T02:17:11.400+0600][82.661s][info][gc,marking     ] GC(420) Concurrent Clear Claimed Marks 0.238ms
[2026-04-03T02:17:11.400+0600][82.661s][info][gc,marking     ] GC(420) Concurrent Cleanup for Next Mark
[2026-04-03T02:17:11.400+0600][82.662s][info][gc,marking     ] GC(420) Concurrent Cleanup for Next Mark 0.172ms
[2026-04-03T02:17:11.400+0600][82.662s][info][gc             ] GC(420) Concurrent Undo Cycle 0.553ms
[2026-04-03T02:17:11.425+0600][82.687s][info][gc,start       ] GC(421) Pause Young (Concurrent Start) (G1 Humongous Allocation)
[2026-04-03T02:17:11.425+0600][82.687s][info][gc,task        ] GC(421) Using 10 workers of 10 for evacuation
[2026-04-03T02:17:11.428+0600][82.689s][info][gc,phases      ] GC(421)   Pre Evacuate Collection Set: 0.50ms
[2026-04-03T02:17:11.428+0600][82.690s][info][gc,phases      ] GC(421)   Merge Heap Roots: 0.07ms
[2026-04-03T02:17:11.428+0600][82.690s][info][gc,phases      ] GC(421)   Evacuate Collection Set: 1.48ms
[2026-04-03T02:17:11.428+0600][82.690s][info][gc,phases      ] GC(421)   Post Evacuate Collection Set: 0.47ms
[2026-04-03T02:17:11.428+0600][82.690s][info][gc,phases      ] GC(421)   Other: 0.15ms
[2026-04-03T02:17:11.428+0600][82.690s][info][gc,heap        ] GC(421) Eden regions: 17->0(301)
[2026-04-03T02:17:11.428+0600][82.690s][info][gc,heap        ] GC(421) Survivor regions: 2->3(38)
[2026-04-03T02:17:11.428+0600][82.690s][info][gc,heap        ] GC(421) Old regions: 89->89
[2026-04-03T02:17:11.428+0600][82.690s][info][gc,heap        ] GC(421) Humongous regions: 36->18
[2026-04-03T02:17:11.428+0600][82.690s][info][gc,metaspace   ] GC(421) Metaspace: 131977K(133376K)->131977K(133376K) NonClass: 115397K(116096K)->115397K(116096K) Class: 16579K(17280K)->16579K(17280K)
[2026-04-03T02:17:11.428+0600][82.690s][info][gc             ] GC(421) Pause Young (Concurrent Start) (G1 Humongous Allocation) 142M->108M(507M) 2.962ms
[2026-04-03T02:17:11.428+0600][82.690s][info][gc             ] GC(422) Concurrent Undo Cycle
[2026-04-03T02:17:11.428+0600][82.690s][info][gc,cpu         ] GC(421) User=0.01s Sys=0.00s Real=0.00s
[2026-04-03T02:17:11.428+0600][82.690s][info][gc,marking     ] GC(422) Concurrent Clear Claimed Marks
[2026-04-03T02:17:11.428+0600][82.690s][info][gc,marking     ] GC(422) Concurrent Clear Claimed Marks 0.336ms
[2026-04-03T02:17:11.428+0600][82.690s][info][gc,marking     ] GC(422) Concurrent Cleanup for Next Mark
[2026-04-03T02:17:11.429+0600][82.690s][info][gc,marking     ] GC(422) Concurrent Cleanup for Next Mark 0.237ms
[2026-04-03T02:17:11.429+0600][82.691s][info][gc             ] GC(422) Concurrent Undo Cycle 0.786ms
[2026-04-03T02:17:11.429+0600][82.691s][info][gc,start       ] GC(423) Pause Young (Concurrent Start) (G1 Humongous Allocation)
[2026-04-03T02:17:11.429+0600][82.691s][info][gc,task        ] GC(423) Using 10 workers of 10 for evacuation
[2026-04-03T02:17:11.431+0600][82.693s][info][gc,phases      ] GC(423)   Pre Evacuate Collection Set: 0.27ms
[2026-04-03T02:17:11.431+0600][82.693s][info][gc,phases      ] GC(423)   Merge Heap Roots: 0.08ms
[2026-04-03T02:17:11.431+0600][82.693s][info][gc,phases      ] GC(423)   Evacuate Collection Set: 1.51ms
[2026-04-03T02:17:11.431+0600][82.693s][info][gc,phases      ] GC(423)   Post Evacuate Collection Set: 0.44ms
[2026-04-03T02:17:11.431+0600][82.693s][info][gc,phases      ] GC(423)   Other: 0.11ms
[2026-04-03T02:17:11.431+0600][82.693s][info][gc,heap        ] GC(423) Eden regions: 2->0(255)
[2026-04-03T02:17:11.431+0600][82.693s][info][gc,heap        ] GC(423) Survivor regions: 3->3(38)
[2026-04-03T02:17:11.431+0600][82.693s][info][gc,heap        ] GC(423) Old regions: 89->89
[2026-04-03T02:17:11.431+0600][82.693s][info][gc,heap        ] GC(423) Humongous regions: 23->13
[2026-04-03T02:17:11.431+0600][82.693s][info][gc,metaspace   ] GC(423) Metaspace: 131977K(133376K)->131977K(133376K) NonClass: 115397K(116096K)->115397K(116096K) Class: 16579K(17280K)->16579K(17280K)
[2026-04-03T02:17:11.431+0600][82.693s][info][gc             ] GC(423) Pause Young (Concurrent Start) (G1 Humongous Allocation) 115M->103M(507M) 2.641ms
[2026-04-03T02:17:11.431+0600][82.693s][info][gc             ] GC(424) Concurrent Mark Cycle
[2026-04-03T02:17:11.432+0600][82.693s][info][gc,cpu         ] GC(423) User=0.01s Sys=0.00s Real=0.01s
[2026-04-03T02:17:11.432+0600][82.693s][info][gc,marking     ] GC(424) Concurrent Scan Root Regions
[2026-04-03T02:17:11.434+0600][82.696s][info][gc,marking     ] GC(424) Concurrent Scan Root Regions 2.312ms
[2026-04-03T02:17:11.434+0600][82.696s][info][gc,marking     ] GC(424) Concurrent Mark
[2026-04-03T02:17:11.434+0600][82.696s][info][gc,marking     ] GC(424) Concurrent Mark From Roots
[2026-04-03T02:17:11.434+0600][82.696s][info][gc,task        ] GC(424) Using 3 workers of 3 for marking
[2026-04-03T02:17:11.519+0600][82.781s][info][gc,marking     ] GC(424) Concurrent Mark From Roots 84.792ms
[2026-04-03T02:17:11.519+0600][82.781s][info][gc,marking     ] GC(424) Concurrent Preclean
[2026-04-03T02:17:11.519+0600][82.781s][info][gc,marking     ] GC(424) Concurrent Preclean 0.334ms
[2026-04-03T02:17:11.520+0600][82.781s][info][gc,start       ] GC(424) Pause Remark
[2026-04-03T02:17:11.531+0600][82.793s][info][gc             ] GC(424) Pause Remark 491M->491M(724M) 11.723ms
[2026-04-03T02:17:11.531+0600][82.793s][info][gc,cpu         ] GC(424) User=0.07s Sys=0.01s Real=0.02s
[2026-04-03T02:17:11.532+0600][82.794s][info][gc,marking     ] GC(424) Concurrent Mark 97.664ms
[2026-04-03T02:17:11.532+0600][82.794s][info][gc,marking     ] GC(424) Concurrent Rebuild Remembered Sets and Scrub Regions
[2026-04-03T02:17:11.565+0600][82.826s][info][gc,marking     ] GC(424) Concurrent Rebuild Remembered Sets and Scrub Regions 32.791ms
[2026-04-03T02:17:11.567+0600][82.829s][info][gc,start       ] GC(424) Pause Cleanup
[2026-04-03T02:17:11.568+0600][82.830s][info][gc             ] GC(424) Pause Cleanup 521M->521M(724M) 0.556ms
[2026-04-03T02:17:11.568+0600][82.830s][info][gc,cpu         ] GC(424) User=0.00s Sys=0.00s Real=0.00s
[2026-04-03T02:17:11.568+0600][82.830s][info][gc,marking     ] GC(424) Concurrent Clear Claimed Marks
[2026-04-03T02:17:11.568+0600][82.830s][info][gc,marking     ] GC(424) Concurrent Clear Claimed Marks 0.402ms
[2026-04-03T02:17:11.568+0600][82.830s][info][gc,marking     ] GC(424) Concurrent Cleanup for Next Mark
[2026-04-03T02:17:11.571+0600][82.833s][info][gc,marking     ] GC(424) Concurrent Cleanup for Next Mark 2.504ms
[2026-04-03T02:17:11.571+0600][82.833s][info][gc             ] GC(424) Concurrent Mark Cycle 139.594ms
[2026-04-03T02:17:11.623+0600][82.884s][info][gc,start       ] GC(425) Pause Young (Prepare Mixed) (G1 Humongous Allocation)
[2026-04-03T02:17:11.623+0600][82.885s][info][gc,task        ] GC(425) Using 10 workers of 10 for evacuation
[2026-04-03T02:17:11.626+0600][82.888s][info][gc,phases      ] GC(425)   Pre Evacuate Collection Set: 0.32ms
[2026-04-03T02:17:11.627+0600][82.888s][info][gc,phases      ] GC(425)   Merge Heap Roots: 0.12ms
[2026-04-03T02:17:11.627+0600][82.888s][info][gc,phases      ] GC(425)   Evacuate Collection Set: 2.36ms
[2026-04-03T02:17:11.627+0600][82.888s][info][gc,phases      ] GC(425)   Post Evacuate Collection Set: 0.84ms
[2026-04-03T02:17:11.627+0600][82.888s][info][gc,phases      ] GC(425)   Other: 0.13ms
[2026-04-03T02:17:11.627+0600][82.889s][info][gc,heap        ] GC(425) Eden regions: 75->0(433)
[2026-04-03T02:17:11.627+0600][82.889s][info][gc,heap        ] GC(425) Survivor regions: 3->6(16)
[2026-04-03T02:17:11.627+0600][82.889s][info][gc,heap        ] GC(425) Old regions: 89->89
[2026-04-03T02:17:11.627+0600][82.889s][info][gc,heap        ] GC(425) Humongous regions: 567->23
[2026-04-03T02:17:11.627+0600][82.889s][info][gc,metaspace   ] GC(425) Metaspace: 131977K(133376K)->131977K(133376K) NonClass: 115397K(116096K)->115397K(116096K) Class: 16579K(17280K)->16579K(17280K)
[2026-04-03T02:17:11.627+0600][82.889s][info][gc             ] GC(425) Pause Young (Prepare Mixed) (G1 Humongous Allocation) 732M->116M(749M) 4.259ms
[2026-04-03T02:17:11.627+0600][82.889s][info][gc,cpu         ] GC(425) User=0.02s Sys=0.01s Real=0.00s
[2026-04-03T02:17:12.165+0600][83.427s][info][gc,start       ] GC(426) Pause Young (Mixed) (G1 Humongous Allocation)
[2026-04-03T02:17:12.165+0600][83.427s][info][gc,task        ] GC(426) Using 10 workers of 10 for evacuation
[2026-04-03T02:17:12.170+0600][83.432s][info][gc,phases      ] GC(426)   Pre Evacuate Collection Set: 0.47ms
[2026-04-03T02:17:12.170+0600][83.432s][info][gc,phases      ] GC(426)   Merge Heap Roots: 0.29ms
[2026-04-03T02:17:12.170+0600][83.432s][info][gc,phases      ] GC(426)   Evacuate Collection Set: 3.07ms
[2026-04-03T02:17:12.170+0600][83.432s][info][gc,phases      ] GC(426)   Post Evacuate Collection Set: 1.24ms
[2026-04-03T02:17:12.170+0600][83.432s][info][gc,phases      ] GC(426)   Other: 0.22ms
[2026-04-03T02:17:12.170+0600][83.432s][info][gc,heap        ] GC(426) Eden regions: 350->0(445)
[2026-04-03T02:17:12.170+0600][83.432s][info][gc,heap        ] GC(426) Survivor regions: 6->5(6)
[2026-04-03T02:17:12.170+0600][83.432s][info][gc,heap        ] GC(426) Old regions: 89->88
[2026-04-03T02:17:12.170+0600][83.432s][info][gc,heap        ] GC(426) Humongous regions: 299->8
[2026-04-03T02:17:12.170+0600][83.432s][info][gc,metaspace   ] GC(426) Metaspace: 131994K(133440K)->131994K(133440K) NonClass: 115411K(116160K)->115411K(116160K) Class: 16583K(17280K)->16583K(17280K)
[2026-04-03T02:17:12.170+0600][83.432s][info][gc             ] GC(426) Pause Young (Mixed) (G1 Humongous Allocation) 742M->100M(750M) 5.628ms
[2026-04-03T02:17:12.171+0600][83.432s][info][gc,cpu         ] GC(426) User=0.03s Sys=0.00s Real=0.01s
[2026-04-03T02:17:12.201+0600][83.463s][info][gc,start       ] GC(427) Pause Young (Concurrent Start) (G1 Humongous Allocation)
[2026-04-03T02:17:12.202+0600][83.463s][info][gc,task        ] GC(427) Using 10 workers of 10 for evacuation
[2026-04-03T02:17:12.206+0600][83.468s][info][gc,phases      ] GC(427)   Pre Evacuate Collection Set: 0.50ms
[2026-04-03T02:17:12.206+0600][83.468s][info][gc,phases      ] GC(427)   Merge Heap Roots: 0.17ms
[2026-04-03T02:17:12.206+0600][83.468s][info][gc,phases      ] GC(427)   Evacuate Collection Set: 2.67ms
[2026-04-03T02:17:12.206+0600][83.468s][info][gc,phases      ] GC(427)   Post Evacuate Collection Set: 0.66ms
[2026-04-03T02:17:12.206+0600][83.468s][info][gc,phases      ] GC(427)   Other: 0.21ms
[2026-04-03T02:17:12.206+0600][83.468s][info][gc,heap        ] GC(427) Eden regions: 24->0(444)
[2026-04-03T02:17:12.206+0600][83.468s][info][gc,heap        ] GC(427) Survivor regions: 5->6(57)
[2026-04-03T02:17:12.206+0600][83.468s][info][gc,heap        ] GC(427) Old regions: 88->88
[2026-04-03T02:17:12.206+0600][83.468s][info][gc,heap        ] GC(427) Humongous regions: 29->8
[2026-04-03T02:17:12.206+0600][83.468s][info][gc,metaspace   ] GC(427) Metaspace: 131994K(133440K)->131994K(133440K) NonClass: 115411K(116160K)->115411K(116160K) Class: 16583K(17280K)->16583K(17280K)
[2026-04-03T02:17:12.206+0600][83.468s][info][gc             ] GC(427) Pause Young (Concurrent Start) (G1 Humongous Allocation) 144M->100M(750M) 4.505ms
[2026-04-03T02:17:12.206+0600][83.468s][info][gc             ] GC(428) Concurrent Undo Cycle
[2026-04-03T02:17:12.206+0600][83.468s][info][gc,cpu         ] GC(427) User=0.03s Sys=0.00s Real=0.00s
[2026-04-03T02:17:12.206+0600][83.468s][info][gc,marking     ] GC(428) Concurrent Clear Claimed Marks
[2026-04-03T02:17:12.206+0600][83.468s][info][gc,marking     ] GC(428) Concurrent Clear Claimed Marks 0.358ms
[2026-04-03T02:17:12.206+0600][83.468s][info][gc,marking     ] GC(428) Concurrent Cleanup for Next Mark
[2026-04-03T02:17:12.207+0600][83.469s][info][gc,marking     ] GC(428) Concurrent Cleanup for Next Mark 0.890ms
[2026-04-03T02:17:12.207+0600][83.469s][info][gc             ] GC(428) Concurrent Undo Cycle 1.457ms
[2026-04-03T02:17:12.215+0600][83.477s][info][gc,start       ] GC(429) Pause Young (Concurrent Start) (G1 Humongous Allocation)
[2026-04-03T02:17:12.216+0600][83.477s][info][gc,task        ] GC(429) Using 10 workers of 10 for evacuation
[2026-04-03T02:17:12.219+0600][83.481s][info][gc,phases      ] GC(429)   Pre Evacuate Collection Set: 0.42ms
[2026-04-03T02:17:12.219+0600][83.481s][info][gc,phases      ] GC(429)   Merge Heap Roots: 0.14ms
[2026-04-03T02:17:12.219+0600][83.481s][info][gc,phases      ] GC(429)   Evacuate Collection Set: 2.05ms
[2026-04-03T02:17:12.219+0600][83.481s][info][gc,phases      ] GC(429)   Post Evacuate Collection Set: 0.63ms
[2026-04-03T02:17:12.219+0600][83.481s][info][gc,phases      ] GC(429)   Other: 0.24ms
[2026-04-03T02:17:12.219+0600][83.481s][info][gc,heap        ] GC(429) Eden regions: 5->0(445)
[2026-04-03T02:17:12.219+0600][83.481s][info][gc,heap        ] GC(429) Survivor regions: 6->5(57)
[2026-04-03T02:17:12.219+0600][83.481s][info][gc,heap        ] GC(429) Old regions: 88->88
[2026-04-03T02:17:12.219+0600][83.481s][info][gc,heap        ] GC(429) Humongous regions: 18->8
[2026-04-03T02:17:12.219+0600][83.481s][info][gc,metaspace   ] GC(429) Metaspace: 131994K(133440K)->131994K(133440K) NonClass: 115411K(116160K)->115411K(116160K) Class: 16583K(17280K)->16583K(17280K)
[2026-04-03T02:17:12.219+0600][83.481s][info][gc             ] GC(429) Pause Young (Concurrent Start) (G1 Humongous Allocation) 114M->99M(750M) 3.822ms
[2026-04-03T02:17:12.219+0600][83.481s][info][gc             ] GC(430) Concurrent Undo Cycle
[2026-04-03T02:17:12.219+0600][83.481s][info][gc,marking     ] GC(430) Concurrent Clear Claimed Marks
[2026-04-03T02:17:12.219+0600][83.481s][info][gc,cpu         ] GC(429) User=0.02s Sys=0.00s Real=0.00s
[2026-04-03T02:17:12.220+0600][83.482s][info][gc,marking     ] GC(430) Concurrent Clear Claimed Marks 0.289ms
[2026-04-03T02:17:12.220+0600][83.482s][info][gc,marking     ] GC(430) Concurrent Cleanup for Next Mark
[2026-04-03T02:17:12.220+0600][83.482s][info][gc,marking     ] GC(430) Concurrent Cleanup for Next Mark 0.222ms
[2026-04-03T02:17:12.220+0600][83.482s][info][gc             ] GC(430) Concurrent Undo Cycle 0.661ms
[2026-04-03T02:17:12.248+0600][83.510s][info][gc,start       ] GC(431) Pause Young (Concurrent Start) (G1 Humongous Allocation)
[2026-04-03T02:17:12.248+0600][83.510s][info][gc,task        ] GC(431) Using 10 workers of 10 for evacuation
[2026-04-03T02:17:12.252+0600][83.514s][info][gc,phases      ] GC(431)   Pre Evacuate Collection Set: 0.51ms
[2026-04-03T02:17:12.252+0600][83.514s][info][gc,phases      ] GC(431)   Merge Heap Roots: 0.13ms
[2026-04-03T02:17:12.252+0600][83.514s][info][gc,phases      ] GC(431)   Evacuate Collection Set: 2.18ms
[2026-04-03T02:17:12.252+0600][83.514s][info][gc,phases      ] GC(431)   Post Evacuate Collection Set: 0.74ms
[2026-04-03T02:17:12.252+0600][83.514s][info][gc,phases      ] GC(431)   Other: 0.25ms
[2026-04-03T02:17:12.252+0600][83.514s][info][gc,heap        ] GC(431) Eden regions: 31->0(445)
[2026-04-03T02:17:12.252+0600][83.514s][info][gc,heap        ] GC(431) Survivor regions: 5->5(57)
[2026-04-03T02:17:12.252+0600][83.514s][info][gc,heap        ] GC(431) Old regions: 88->88
[2026-04-03T02:17:12.252+0600][83.514s][info][gc,heap        ] GC(431) Humongous regions: 23->8
[2026-04-03T02:17:12.252+0600][83.514s][info][gc,metaspace   ] GC(431) Metaspace: 131994K(133440K)->131994K(133440K) NonClass: 115411K(116160K)->115411K(116160K) Class: 16583K(17280K)->16583K(17280K)
[2026-04-03T02:17:12.252+0600][83.514s][info][gc             ] GC(431) Pause Young (Concurrent Start) (G1 Humongous Allocation) 145M->99M(750M) 4.209ms
[2026-04-03T02:17:12.253+0600][83.514s][info][gc             ] GC(432) Concurrent Undo Cycle
[2026-04-03T02:17:12.253+0600][83.515s][info][gc,cpu         ] GC(431) User=0.03s Sys=0.00s Real=0.01s
[2026-04-03T02:17:12.253+0600][83.515s][info][gc,marking     ] GC(432) Concurrent Clear Claimed Marks
[2026-04-03T02:17:12.253+0600][83.515s][info][gc,marking     ] GC(432) Concurrent Clear Claimed Marks 0.438ms
[2026-04-03T02:17:12.253+0600][83.515s][info][gc,marking     ] GC(432) Concurrent Cleanup for Next Mark
[2026-04-03T02:17:12.253+0600][83.515s][info][gc,marking     ] GC(432) Concurrent Cleanup for Next Mark 0.251ms
[2026-04-03T02:17:12.253+0600][83.515s][info][gc             ] GC(432) Concurrent Undo Cycle 0.874ms
[2026-04-03T02:17:12.285+0600][83.547s][info][gc,start       ] GC(433) Pause Young (Concurrent Start) (G1 Humongous Allocation)
[2026-04-03T02:17:12.285+0600][83.547s][info][gc,task        ] GC(433) Using 10 workers of 10 for evacuation
[2026-04-03T02:17:12.290+0600][83.552s][info][gc,phases      ] GC(433)   Pre Evacuate Collection Set: 0.59ms
[2026-04-03T02:17:12.290+0600][83.552s][info][gc,phases      ] GC(433)   Merge Heap Roots: 0.14ms
[2026-04-03T02:17:12.290+0600][83.552s][info][gc,phases      ] GC(433)   Evacuate Collection Set: 2.71ms
[2026-04-03T02:17:12.290+0600][83.552s][info][gc,phases      ] GC(433)   Post Evacuate Collection Set: 0.66ms
[2026-04-03T02:17:12.290+0600][83.552s][info][gc,phases      ] GC(433)   Other: 0.21ms
[2026-04-03T02:17:12.290+0600][83.552s][info][gc,heap        ] GC(433) Eden regions: 23->0(443)
[2026-04-03T02:17:12.290+0600][83.552s][info][gc,heap        ] GC(433) Survivor regions: 5->7(57)
[2026-04-03T02:17:12.290+0600][83.552s][info][gc,heap        ] GC(433) Old regions: 88->88
[2026-04-03T02:17:12.290+0600][83.552s][info][gc,heap        ] GC(433) Humongous regions: 25->8
[2026-04-03T02:17:12.290+0600][83.552s][info][gc,metaspace   ] GC(433) Metaspace: 131994K(133440K)->131994K(133440K) NonClass: 115411K(116160K)->115411K(116160K) Class: 16583K(17280K)->16583K(17280K)
[2026-04-03T02:17:12.290+0600][83.552s][info][gc             ] GC(433) Pause Young (Concurrent Start) (G1 Humongous Allocation) 139M->101M(750M) 4.676ms
[2026-04-03T02:17:12.290+0600][83.552s][info][gc,cpu         ] GC(433) User=0.03s Sys=0.00s Real=0.01s
[2026-04-03T02:17:12.290+0600][83.552s][info][gc             ] GC(434) Concurrent Undo Cycle
[2026-04-03T02:17:12.290+0600][83.552s][info][gc,marking     ] GC(434) Concurrent Clear Claimed Marks
[2026-04-03T02:17:12.290+0600][83.552s][info][gc,marking     ] GC(434) Concurrent Clear Claimed Marks 0.312ms
[2026-04-03T02:17:12.290+0600][83.552s][info][gc,marking     ] GC(434) Concurrent Cleanup for Next Mark
[2026-04-03T02:17:12.291+0600][83.553s][info][gc,marking     ] GC(434) Concurrent Cleanup for Next Mark 0.327ms
[2026-04-03T02:17:12.291+0600][83.553s][info][gc             ] GC(434) Concurrent Undo Cycle 0.886ms
[2026-04-03T02:17:12.325+0600][83.586s][info][gc,start       ] GC(435) Pause Young (Concurrent Start) (G1 Humongous Allocation)
[2026-04-03T02:17:12.325+0600][83.587s][info][gc,task        ] GC(435) Using 10 workers of 10 for evacuation
[2026-04-03T02:17:12.328+0600][83.590s][info][gc,phases      ] GC(435)   Pre Evacuate Collection Set: 0.51ms
[2026-04-03T02:17:12.328+0600][83.590s][info][gc,phases      ] GC(435)   Merge Heap Roots: 0.10ms
[2026-04-03T02:17:12.328+0600][83.590s][info][gc,phases      ] GC(435)   Evacuate Collection Set: 2.31ms
[2026-04-03T02:17:12.328+0600][83.590s][info][gc,phases      ] GC(435)   Post Evacuate Collection Set: 0.58ms
[2026-04-03T02:17:12.328+0600][83.590s][info][gc,phases      ] GC(435)   Other: 0.17ms
[2026-04-03T02:17:12.328+0600][83.590s][info][gc,heap        ] GC(435) Eden regions: 32->0(444)
[2026-04-03T02:17:12.328+0600][83.590s][info][gc,heap        ] GC(435) Survivor regions: 7->6(57)
[2026-04-03T02:17:12.328+0600][83.590s][info][gc,heap        ] GC(435) Old regions: 88->88
[2026-04-03T02:17:12.329+0600][83.590s][info][gc,heap        ] GC(435) Humongous regions: 27->8
[2026-04-03T02:17:12.329+0600][83.590s][info][gc,metaspace   ] GC(435) Metaspace: 131994K(133440K)->131994K(133440K) NonClass: 115411K(116160K)->115411K(116160K) Class: 16583K(17280K)->16583K(17280K)
[2026-04-03T02:17:12.329+0600][83.590s][info][gc             ] GC(435) Pause Young (Concurrent Start) (G1 Humongous Allocation) 151M->100M(750M) 3.984ms
[2026-04-03T02:17:12.329+0600][83.591s][info][gc             ] GC(436) Concurrent Undo Cycle
[2026-04-03T02:17:12.329+0600][83.591s][info][gc,cpu         ] GC(435) User=0.03s Sys=0.00s Real=0.00s
[2026-04-03T02:17:12.329+0600][83.591s][info][gc,marking     ] GC(436) Concurrent Clear Claimed Marks
[2026-04-03T02:17:12.329+0600][83.591s][info][gc,marking     ] GC(436) Concurrent Clear Claimed Marks 0.319ms
[2026-04-03T02:17:12.329+0600][83.591s][info][gc,marking     ] GC(436) Concurrent Cleanup for Next Mark
[2026-04-03T02:17:12.329+0600][83.591s][info][gc,marking     ] GC(436) Concurrent Cleanup for Next Mark 0.257ms
[2026-04-03T02:17:12.329+0600][83.591s][info][gc             ] GC(436) Concurrent Undo Cycle 0.827ms
[2026-04-03T02:17:12.361+0600][83.623s][info][gc,start       ] GC(437) Pause Young (Concurrent Start) (G1 Humongous Allocation)
[2026-04-03T02:17:12.361+0600][83.623s][info][gc,task        ] GC(437) Using 10 workers of 10 for evacuation
[2026-04-03T02:17:12.365+0600][83.627s][info][gc,phases      ] GC(437)   Pre Evacuate Collection Set: 0.67ms
[2026-04-03T02:17:12.365+0600][83.627s][info][gc,phases      ] GC(437)   Merge Heap Roots: 0.16ms
[2026-04-03T02:17:12.365+0600][83.627s][info][gc,phases      ] GC(437)   Evacuate Collection Set: 2.31ms
[2026-04-03T02:17:12.365+0600][83.627s][info][gc,phases      ] GC(437)   Post Evacuate Collection Set: 0.65ms
[2026-04-03T02:17:12.365+0600][83.627s][info][gc,phases      ] GC(437)   Other: 0.20ms
[2026-04-03T02:17:12.365+0600][83.627s][info][gc,heap        ] GC(437) Eden regions: 25->0(444)
[2026-04-03T02:17:12.365+0600][83.627s][info][gc,heap        ] GC(437) Survivor regions: 6->6(57)
[2026-04-03T02:17:12.365+0600][83.627s][info][gc,heap        ] GC(437) Old regions: 88->88
[2026-04-03T02:17:12.365+0600][83.627s][info][gc,heap        ] GC(437) Humongous regions: 31->8
[2026-04-03T02:17:12.365+0600][83.627s][info][gc,metaspace   ] GC(437) Metaspace: 131994K(133440K)->131994K(133440K) NonClass: 115411K(116160K)->115411K(116160K) Class: 16583K(17280K)->16583K(17280K)
[2026-04-03T02:17:12.365+0600][83.627s][info][gc             ] GC(437) Pause Young (Concurrent Start) (G1 Humongous Allocation) 148M->100M(750M) 4.322ms
[2026-04-03T02:17:12.366+0600][83.627s][info][gc             ] GC(438) Concurrent Undo Cycle
[2026-04-03T02:17:12.366+0600][83.627s][info][gc,cpu         ] GC(437) User=0.04s Sys=0.00s Real=0.00s
[2026-04-03T02:17:12.366+0600][83.628s][info][gc,marking     ] GC(438) Concurrent Clear Claimed Marks
[2026-04-03T02:17:12.366+0600][83.628s][info][gc,marking     ] GC(438) Concurrent Clear Claimed Marks 0.429ms
[2026-04-03T02:17:12.366+0600][83.628s][info][gc,marking     ] GC(438) Concurrent Cleanup for Next Mark
[2026-04-03T02:17:12.366+0600][83.628s][info][gc,marking     ] GC(438) Concurrent Cleanup for Next Mark 0.255ms
[2026-04-03T02:17:12.366+0600][83.628s][info][gc             ] GC(438) Concurrent Undo Cycle 0.979ms
[2026-04-03T02:17:12.399+0600][83.661s][info][gc,start       ] GC(439) Pause Young (Concurrent Start) (G1 Humongous Allocation)
[2026-04-03T02:17:12.399+0600][83.661s][info][gc,task        ] GC(439) Using 10 workers of 10 for evacuation
[2026-04-03T02:17:12.403+0600][83.665s][info][gc,phases      ] GC(439)   Pre Evacuate Collection Set: 0.44ms
[2026-04-03T02:17:12.403+0600][83.665s][info][gc,phases      ] GC(439)   Merge Heap Roots: 0.15ms
[2026-04-03T02:17:12.403+0600][83.665s][info][gc,phases      ] GC(439)   Evacuate Collection Set: 2.23ms
[2026-04-03T02:17:12.403+0600][83.665s][info][gc,phases      ] GC(439)   Post Evacuate Collection Set: 0.61ms
[2026-04-03T02:17:12.403+0600][83.665s][info][gc,phases      ] GC(439)   Other: 0.33ms
[2026-04-03T02:17:12.403+0600][83.665s][info][gc,heap        ] GC(439) Eden regions: 33->0(444)
[2026-04-03T02:17:12.403+0600][83.665s][info][gc,heap        ] GC(439) Survivor regions: 6->6(57)
[2026-04-03T02:17:12.403+0600][83.665s][info][gc,heap        ] GC(439) Old regions: 88->89
[2026-04-03T02:17:12.403+0600][83.665s][info][gc,heap        ] GC(439) Humongous regions: 33->8
[2026-04-03T02:17:12.403+0600][83.665s][info][gc,metaspace   ] GC(439) Metaspace: 131994K(133440K)->131994K(133440K) NonClass: 115411K(116160K)->115411K(116160K) Class: 16583K(17280K)->16583K(17280K)
[2026-04-03T02:17:12.403+0600][83.665s][info][gc             ] GC(439) Pause Young (Concurrent Start) (G1 Humongous Allocation) 158M->100M(750M) 4.134ms
[2026-04-03T02:17:12.403+0600][83.665s][info][gc             ] GC(440) Concurrent Undo Cycle
[2026-04-03T02:17:12.404+0600][83.665s][info][gc,cpu         ] GC(439) User=0.02s Sys=0.01s Real=0.01s
[2026-04-03T02:17:12.404+0600][83.666s][info][gc,marking     ] GC(440) Concurrent Clear Claimed Marks
[2026-04-03T02:17:12.404+0600][83.666s][info][gc,marking     ] GC(440) Concurrent Clear Claimed Marks 0.334ms
[2026-04-03T02:17:12.404+0600][83.666s][info][gc,marking     ] GC(440) Concurrent Cleanup for Next Mark
[2026-04-03T02:17:12.404+0600][83.666s][info][gc,marking     ] GC(440) Concurrent Cleanup for Next Mark 0.255ms
[2026-04-03T02:17:12.404+0600][83.666s][info][gc             ] GC(440) Concurrent Undo Cycle 0.819ms
[2026-04-03T02:17:12.438+0600][83.700s][info][gc,start       ] GC(441) Pause Young (Concurrent Start) (G1 Humongous Allocation)
[2026-04-03T02:17:12.439+0600][83.700s][info][gc,task        ] GC(441) Using 10 workers of 10 for evacuation
[2026-04-03T02:17:12.442+0600][83.704s][info][gc,phases      ] GC(441)   Pre Evacuate Collection Set: 0.76ms
[2026-04-03T02:17:12.442+0600][83.704s][info][gc,phases      ] GC(441)   Merge Heap Roots: 0.12ms
[2026-04-03T02:17:12.442+0600][83.704s][info][gc,phases      ] GC(441)   Evacuate Collection Set: 1.71ms
[2026-04-03T02:17:12.442+0600][83.704s][info][gc,phases      ] GC(441)   Post Evacuate Collection Set: 0.43ms
[2026-04-03T02:17:12.442+0600][83.704s][info][gc,phases      ] GC(441)   Other: 0.14ms
[2026-04-03T02:17:12.442+0600][83.704s][info][gc,heap        ] GC(441) Eden regions: 26->0(446)
[2026-04-03T02:17:12.442+0600][83.704s][info][gc,heap        ] GC(441) Survivor regions: 6->4(57)
[2026-04-03T02:17:12.442+0600][83.704s][info][gc,heap        ] GC(441) Old regions: 89->89
[2026-04-03T02:17:12.442+0600][83.704s][info][gc,heap        ] GC(441) Humongous regions: 33->8
[2026-04-03T02:17:12.442+0600][83.704s][info][gc,metaspace   ] GC(441) Metaspace: 131994K(133440K)->131994K(133440K) NonClass: 115411K(116160K)->115411K(116160K) Class: 16583K(17280K)->16583K(17280K)
[2026-04-03T02:17:12.442+0600][83.704s][info][gc             ] GC(441) Pause Young (Concurrent Start) (G1 Humongous Allocation) 151M->99M(750M) 3.454ms
[2026-04-03T02:17:12.442+0600][83.704s][info][gc             ] GC(442) Concurrent Undo Cycle
[2026-04-03T02:17:12.442+0600][83.704s][info][gc,cpu         ] GC(441) User=0.02s Sys=0.00s Real=0.01s
[2026-04-03T02:17:12.442+0600][83.704s][info][gc,marking     ] GC(442) Concurrent Clear Claimed Marks
[2026-04-03T02:17:12.442+0600][83.704s][info][gc,marking     ] GC(442) Concurrent Clear Claimed Marks 0.267ms
[2026-04-03T02:17:12.442+0600][83.704s][info][gc,marking     ] GC(442) Concurrent Cleanup for Next Mark
[2026-04-03T02:17:12.443+0600][83.704s][info][gc,marking     ] GC(442) Concurrent Cleanup for Next Mark 0.245ms
[2026-04-03T02:17:12.443+0600][83.705s][info][gc             ] GC(442) Concurrent Undo Cycle 0.688ms
[2026-04-03T02:17:12.496+0600][83.758s][info][gc,start       ] GC(443) Pause Young (Concurrent Start) (GCLocker Initiated GC)
[2026-04-03T02:17:12.496+0600][83.758s][info][gc,task        ] GC(443) Using 10 workers of 10 for evacuation
[2026-04-03T02:17:12.501+0600][83.763s][info][gc,phases      ] GC(443)   Pre Evacuate Collection Set: 0.50ms
[2026-04-03T02:17:12.501+0600][83.763s][info][gc,phases      ] GC(443)   Merge Heap Roots: 0.15ms
[2026-04-03T02:17:12.501+0600][83.763s][info][gc,phases      ] GC(443)   Evacuate Collection Set: 2.80ms
[2026-04-03T02:17:12.501+0600][83.763s][info][gc,phases      ] GC(443)   Post Evacuate Collection Set: 0.58ms
[2026-04-03T02:17:12.501+0600][83.763s][info][gc,phases      ] GC(443)   Other: 0.24ms
[2026-04-03T02:17:12.501+0600][83.763s][info][gc,heap        ] GC(443) Eden regions: 50->0(444)
[2026-04-03T02:17:12.501+0600][83.763s][info][gc,heap        ] GC(443) Survivor regions: 4->6(57)
[2026-04-03T02:17:12.501+0600][83.763s][info][gc,heap        ] GC(443) Old regions: 89->89
[2026-04-03T02:17:12.501+0600][83.763s][info][gc,heap        ] GC(443) Humongous regions: 36->8
[2026-04-03T02:17:12.501+0600][83.763s][info][gc,metaspace   ] GC(443) Metaspace: 131994K(133440K)->131994K(133440K) NonClass: 115411K(116160K)->115411K(116160K) Class: 16583K(17280K)->16583K(17280K)
[2026-04-03T02:17:12.501+0600][83.763s][info][gc             ] GC(443) Pause Young (Concurrent Start) (GCLocker Initiated GC) 177M->101M(750M) 4.626ms
[2026-04-03T02:17:12.501+0600][83.763s][info][gc             ] GC(444) Concurrent Mark Cycle
[2026-04-03T02:17:12.501+0600][83.763s][info][gc,marking     ] GC(444) Concurrent Scan Root Regions
[2026-04-03T02:17:12.501+0600][83.763s][info][gc,cpu         ] GC(443) User=0.04s Sys=0.00s Real=0.01s
[2026-04-03T02:17:12.504+0600][83.766s][info][gc,marking     ] GC(444) Concurrent Scan Root Regions 3.201ms
[2026-04-03T02:17:12.504+0600][83.766s][info][gc,marking     ] GC(444) Concurrent Mark
[2026-04-03T02:17:12.504+0600][83.766s][info][gc,marking     ] GC(444) Concurrent Mark From Roots
[2026-04-03T02:17:12.504+0600][83.766s][info][gc,task        ] GC(444) Using 3 workers of 3 for marking
[2026-04-03T02:17:12.592+0600][83.854s][info][gc,marking     ] GC(444) Concurrent Mark From Roots 87.615ms
[2026-04-03T02:17:12.592+0600][83.854s][info][gc,marking     ] GC(444) Concurrent Preclean
[2026-04-03T02:17:12.593+0600][83.855s][info][gc,marking     ] GC(444) Concurrent Preclean 0.690ms
[2026-04-03T02:17:12.593+0600][83.855s][info][gc,start       ] GC(444) Pause Remark
[2026-04-03T02:17:12.606+0600][83.868s][info][gc             ] GC(444) Pause Remark 212M->212M(517M) 12.715ms
[2026-04-03T02:17:12.606+0600][83.868s][info][gc,cpu         ] GC(444) User=0.07s Sys=0.00s Real=0.01s
[2026-04-03T02:17:12.606+0600][83.868s][info][gc,marking     ] GC(444) Concurrent Mark 101.781ms
[2026-04-03T02:17:12.606+0600][83.868s][info][gc,marking     ] GC(444) Concurrent Rebuild Remembered Sets and Scrub Regions
[2026-04-03T02:17:12.644+0600][83.906s][info][gc,marking     ] GC(444) Concurrent Rebuild Remembered Sets and Scrub Regions 37.370ms
[2026-04-03T02:17:12.644+0600][83.906s][info][gc,start       ] GC(444) Pause Cleanup
[2026-04-03T02:17:12.645+0600][83.907s][info][gc             ] GC(444) Pause Cleanup 237M->237M(517M) 0.359ms
[2026-04-03T02:17:12.645+0600][83.907s][info][gc,cpu         ] GC(444) User=0.00s Sys=0.00s Real=0.00s
[2026-04-03T02:17:12.645+0600][83.907s][info][gc,marking     ] GC(444) Concurrent Clear Claimed Marks
[2026-04-03T02:17:12.645+0600][83.907s][info][gc,marking     ] GC(444) Concurrent Clear Claimed Marks 0.381ms
[2026-04-03T02:17:12.645+0600][83.907s][info][gc,marking     ] GC(444) Concurrent Cleanup for Next Mark
[2026-04-03T02:17:12.646+0600][83.908s][info][gc,marking     ] GC(444) Concurrent Cleanup for Next Mark 1.008ms
[2026-04-03T02:17:12.647+0600][83.908s][info][gc             ] GC(444) Concurrent Mark Cycle 145.560ms
[2026-04-03T02:17:12.883+0600][84.144s][info][gc,start       ] GC(445) Pause Young (Prepare Mixed) (G1 Evacuation Pause)
[2026-04-03T02:17:12.883+0600][84.145s][info][gc,task        ] GC(445) Using 10 workers of 10 for evacuation
[2026-04-03T02:17:12.889+0600][84.151s][info][gc,phases      ] GC(445)   Pre Evacuate Collection Set: 0.39ms
[2026-04-03T02:17:12.889+0600][84.151s][info][gc,phases      ] GC(445)   Merge Heap Roots: 0.25ms
[2026-04-03T02:17:12.889+0600][84.151s][info][gc,phases      ] GC(445)   Evacuate Collection Set: 4.76ms
[2026-04-03T02:17:12.889+0600][84.151s][info][gc,phases      ] GC(445)   Post Evacuate Collection Set: 0.73ms
[2026-04-03T02:17:12.889+0600][84.151s][info][gc,phases      ] GC(445)   Other: 0.12ms
[2026-04-03T02:17:12.889+0600][84.151s][info][gc,heap        ] GC(445) Eden regions: 246->0(310)
[2026-04-03T02:17:12.889+0600][84.151s][info][gc,heap        ] GC(445) Survivor regions: 6->7(39)
[2026-04-03T02:17:12.889+0600][84.151s][info][gc,heap        ] GC(445) Old regions: 89->90
[2026-04-03T02:17:12.889+0600][84.151s][info][gc,heap        ] GC(445) Humongous regions: 180->10
[2026-04-03T02:17:12.889+0600][84.151s][info][gc,metaspace   ] GC(445) Metaspace: 131994K(133440K)->131994K(133440K) NonClass: 115411K(116160K)->115411K(116160K) Class: 16583K(17280K)->16583K(17280K)
[2026-04-03T02:17:12.889+0600][84.151s][info][gc             ] GC(445) Pause Young (Prepare Mixed) (G1 Evacuation Pause) 519M->104M(529M) 6.587ms
[2026-04-03T02:17:12.889+0600][84.151s][info][gc,cpu         ] GC(445) User=0.03s Sys=0.02s Real=0.00s
[2026-04-03T02:17:13.252+0600][84.514s][info][gc,start       ] GC(446) Pause Young (Mixed) (G1 Evacuation Pause)
[2026-04-03T02:17:13.252+0600][84.514s][info][gc,task        ] GC(446) Using 10 workers of 10 for evacuation
[2026-04-03T02:17:13.255+0600][84.517s][info][gc,phases      ] GC(446)   Pre Evacuate Collection Set: 0.34ms
[2026-04-03T02:17:13.255+0600][84.517s][info][gc,phases      ] GC(446)   Merge Heap Roots: 0.18ms
[2026-04-03T02:17:13.255+0600][84.517s][info][gc,phases      ] GC(446)   Evacuate Collection Set: 2.16ms
[2026-04-03T02:17:13.255+0600][84.517s][info][gc,phases      ] GC(446)   Post Evacuate Collection Set: 0.58ms
[2026-04-03T02:17:13.255+0600][84.517s][info][gc,phases      ] GC(446)   Other: 0.09ms
[2026-04-03T02:17:13.255+0600][84.517s][info][gc,heap        ] GC(446) Eden regions: 310->0(317)
[2026-04-03T02:17:13.255+0600][84.517s][info][gc,heap        ] GC(446) Survivor regions: 7->6(40)
[2026-04-03T02:17:13.255+0600][84.517s][info][gc,heap        ] GC(446) Old regions: 90->88
[2026-04-03T02:17:13.255+0600][84.517s][info][gc,heap        ] GC(446) Humongous regions: 126->8
[2026-04-03T02:17:13.255+0600][84.517s][info][gc,metaspace   ] GC(446) Metaspace: 131999K(133440K)->131999K(133440K) NonClass: 115416K(116160K)->115416K(116160K) Class: 16583K(17280K)->16583K(17280K)
[2026-04-03T02:17:13.255+0600][84.517s][info][gc             ] GC(446) Pause Young (Mixed) (G1 Evacuation Pause) 530M->100M(539M) 3.585ms
[2026-04-03T02:17:13.255+0600][84.517s][info][gc,cpu         ] GC(446) User=0.02s Sys=0.00s Real=0.00s
[2026-04-03T02:17:13.333+0600][84.595s][info][gc,start       ] GC(447) Pause Young (Concurrent Start) (G1 Humongous Allocation)
[2026-04-03T02:17:13.333+0600][84.595s][info][gc,task        ] GC(447) Using 10 workers of 10 for evacuation
[2026-04-03T02:17:13.335+0600][84.597s][info][gc,phases      ] GC(447)   Pre Evacuate Collection Set: 0.31ms
[2026-04-03T02:17:13.335+0600][84.597s][info][gc,phases      ] GC(447)   Merge Heap Roots: 0.15ms
[2026-04-03T02:17:13.335+0600][84.597s][info][gc,phases      ] GC(447)   Evacuate Collection Set: 1.52ms
[2026-04-03T02:17:13.335+0600][84.597s][info][gc,phases      ] GC(447)   Post Evacuate Collection Set: 0.48ms
[2026-04-03T02:17:13.335+0600][84.597s][info][gc,phases      ] GC(447)   Other: 0.12ms
[2026-04-03T02:17:13.336+0600][84.597s][info][gc,heap        ] GC(447) Eden regions: 42->0(319)
[2026-04-03T02:17:13.336+0600][84.597s][info][gc,heap        ] GC(447) Survivor regions: 6->4(41)
[2026-04-03T02:17:13.336+0600][84.597s][info][gc,heap        ] GC(447) Old regions: 88->89
[2026-04-03T02:17:13.336+0600][84.597s][info][gc,heap        ] GC(447) Humongous regions: 45->13
[2026-04-03T02:17:13.336+0600][84.597s][info][gc,metaspace   ] GC(447) Metaspace: 132001K(133440K)->132001K(133440K) NonClass: 115418K(116160K)->115418K(116160K) Class: 16583K(17280K)->16583K(17280K)
[2026-04-03T02:17:13.336+0600][84.597s][info][gc             ] GC(447) Pause Young (Concurrent Start) (G1 Humongous Allocation) 178M->103M(539M) 2.823ms
[2026-04-03T02:17:13.336+0600][84.597s][info][gc             ] GC(448) Concurrent Undo Cycle
[2026-04-03T02:17:13.336+0600][84.598s][info][gc,cpu         ] GC(447) User=0.01s Sys=0.00s Real=0.00s
[2026-04-03T02:17:13.336+0600][84.598s][info][gc,marking     ] GC(448) Concurrent Clear Claimed Marks
[2026-04-03T02:17:13.336+0600][84.598s][info][gc,marking     ] GC(448) Concurrent Clear Claimed Marks 0.239ms
[2026-04-03T02:17:13.336+0600][84.598s][info][gc,marking     ] GC(448) Concurrent Cleanup for Next Mark
[2026-04-03T02:17:13.336+0600][84.598s][info][gc,marking     ] GC(448) Concurrent Cleanup for Next Mark 0.168ms
[2026-04-03T02:17:13.336+0600][84.598s][info][gc             ] GC(448) Concurrent Undo Cycle 0.580ms
[2026-04-03T02:17:13.338+0600][84.600s][info][gc,start       ] GC(449) Pause Young (Concurrent Start) (G1 Humongous Allocation)
[2026-04-03T02:17:13.338+0600][84.600s][info][gc,task        ] GC(449) Using 10 workers of 10 for evacuation
[2026-04-03T02:17:13.341+0600][84.602s][info][gc,phases      ] GC(449)   Pre Evacuate Collection Set: 0.28ms
[2026-04-03T02:17:13.341+0600][84.602s][info][gc,phases      ] GC(449)   Merge Heap Roots: 0.08ms
[2026-04-03T02:17:13.341+0600][84.602s][info][gc,phases      ] GC(449)   Evacuate Collection Set: 1.35ms
[2026-04-03T02:17:13.341+0600][84.602s][info][gc,phases      ] GC(449)   Post Evacuate Collection Set: 0.58ms
[2026-04-03T02:17:13.341+0600][84.602s][info][gc,phases      ] GC(449)   Other: 0.13ms
[2026-04-03T02:17:13.341+0600][84.603s][info][gc,heap        ] GC(449) Eden regions: 3->0(301)
[2026-04-03T02:17:13.341+0600][84.603s][info][gc,heap        ] GC(449) Survivor regions: 4->4(41)
[2026-04-03T02:17:13.341+0600][84.603s][info][gc,heap        ] GC(449) Old regions: 89->89
[2026-04-03T02:17:13.341+0600][84.603s][info][gc,heap        ] GC(449) Humongous regions: 38->13
[2026-04-03T02:17:13.341+0600][84.603s][info][gc,metaspace   ] GC(449) Metaspace: 132001K(133440K)->132001K(133440K) NonClass: 115418K(116160K)->115418K(116160K) Class: 16583K(17280K)->16583K(17280K)
[2026-04-03T02:17:13.341+0600][84.603s][info][gc             ] GC(449) Pause Young (Concurrent Start) (G1 Humongous Allocation) 131M->104M(539M) 2.656ms
[2026-04-03T02:17:13.341+0600][84.603s][info][gc             ] GC(450) Concurrent Undo Cycle
[2026-04-03T02:17:13.341+0600][84.603s][info][gc,cpu         ] GC(449) User=0.01s Sys=0.00s Real=0.01s
[2026-04-03T02:17:13.341+0600][84.603s][info][gc,marking     ] GC(450) Concurrent Clear Claimed Marks
[2026-04-03T02:17:13.341+0600][84.603s][info][gc,marking     ] GC(450) Concurrent Clear Claimed Marks 0.281ms
[2026-04-03T02:17:13.341+0600][84.603s][info][gc,marking     ] GC(450) Concurrent Cleanup for Next Mark
[2026-04-03T02:17:13.341+0600][84.603s][info][gc,marking     ] GC(450) Concurrent Cleanup for Next Mark 0.293ms
[2026-04-03T02:17:13.342+0600][84.603s][info][gc             ] GC(450) Concurrent Undo Cycle 0.776ms
[2026-04-03T02:17:13.344+0600][84.606s][info][gc,start       ] GC(451) Pause Young (Concurrent Start) (G1 Humongous Allocation)
[2026-04-03T02:17:13.344+0600][84.606s][info][gc,task        ] GC(451) Using 10 workers of 10 for evacuation
[2026-04-03T02:17:13.347+0600][84.609s][info][gc,phases      ] GC(451)   Pre Evacuate Collection Set: 0.36ms
[2026-04-03T02:17:13.347+0600][84.609s][info][gc,phases      ] GC(451)   Merge Heap Roots: 0.10ms
[2026-04-03T02:17:13.347+0600][84.609s][info][gc,phases      ] GC(451)   Evacuate Collection Set: 1.46ms
[2026-04-03T02:17:13.347+0600][84.609s][info][gc,phases      ] GC(451)   Post Evacuate Collection Set: 0.58ms
[2026-04-03T02:17:13.347+0600][84.609s][info][gc,phases      ] GC(451)   Other: 0.10ms
[2026-04-03T02:17:13.347+0600][84.609s][info][gc,heap        ] GC(451) Eden regions: 5->0(301)
[2026-04-03T02:17:13.347+0600][84.609s][info][gc,heap        ] GC(451) Survivor regions: 4->4(39)
[2026-04-03T02:17:13.347+0600][84.609s][info][gc,heap        ] GC(451) Old regions: 89->89
[2026-04-03T02:17:13.347+0600][84.609s][info][gc,heap        ] GC(451) Humongous regions: 58->23
[2026-04-03T02:17:13.347+0600][84.609s][info][gc,metaspace   ] GC(451) Metaspace: 132001K(133440K)->132001K(133440K) NonClass: 115418K(116160K)->115418K(116160K) Class: 16583K(17280K)->16583K(17280K)
[2026-04-03T02:17:13.347+0600][84.609s][info][gc             ] GC(451) Pause Young (Concurrent Start) (G1 Humongous Allocation) 153M->114M(539M) 2.856ms
[2026-04-03T02:17:13.347+0600][84.609s][info][gc             ] GC(452) Concurrent Undo Cycle
[2026-04-03T02:17:13.347+0600][84.609s][info][gc,cpu         ] GC(451) User=0.02s Sys=0.00s Real=0.00s
[2026-04-03T02:17:13.347+0600][84.609s][info][gc,marking     ] GC(452) Concurrent Clear Claimed Marks
[2026-04-03T02:17:13.348+0600][84.610s][info][gc,marking     ] GC(452) Concurrent Clear Claimed Marks 0.295ms
[2026-04-03T02:17:13.348+0600][84.610s][info][gc,marking     ] GC(452) Concurrent Cleanup for Next Mark
[2026-04-03T02:17:13.348+0600][84.610s][info][gc,marking     ] GC(452) Concurrent Cleanup for Next Mark 0.299ms
[2026-04-03T02:17:13.348+0600][84.610s][info][gc             ] GC(452) Concurrent Undo Cycle 0.786ms
[2026-04-03T02:17:13.348+0600][84.610s][info][gc,start       ] GC(453) Pause Young (Concurrent Start) (G1 Humongous Allocation)
[2026-04-03T02:17:13.348+0600][84.610s][info][gc,task        ] GC(453) Using 10 workers of 10 for evacuation
[2026-04-03T02:17:13.351+0600][84.613s][info][gc,phases      ] GC(453)   Pre Evacuate Collection Set: 0.38ms
[2026-04-03T02:17:13.351+0600][84.613s][info][gc,phases      ] GC(453)   Merge Heap Roots: 0.08ms
[2026-04-03T02:17:13.352+0600][84.613s][info][gc,phases      ] GC(453)   Evacuate Collection Set: 1.92ms
[2026-04-03T02:17:13.352+0600][84.613s][info][gc,phases      ] GC(453)   Post Evacuate Collection Set: 0.59ms
[2026-04-03T02:17:13.352+0600][84.613s][info][gc,phases      ] GC(453)   Other: 0.11ms
[2026-04-03T02:17:13.352+0600][84.613s][info][gc,heap        ] GC(453) Eden regions: 2->0(298)
[2026-04-03T02:17:13.352+0600][84.613s][info][gc,heap        ] GC(453) Survivor regions: 4->4(39)
[2026-04-03T02:17:13.352+0600][84.613s][info][gc,heap        ] GC(453) Old regions: 89->90
[2026-04-03T02:17:13.352+0600][84.613s][info][gc,heap        ] GC(453) Humongous regions: 28->8
[2026-04-03T02:17:13.352+0600][84.613s][info][gc,metaspace   ] GC(453) Metaspace: 132001K(133440K)->132001K(133440K) NonClass: 115418K(116160K)->115418K(116160K) Class: 16583K(17280K)->16583K(17280K)
[2026-04-03T02:17:13.352+0600][84.613s][info][gc             ] GC(453) Pause Young (Concurrent Start) (G1 Humongous Allocation) 121M->99M(539M) 3.262ms
[2026-04-03T02:17:13.352+0600][84.614s][info][gc             ] GC(454) Concurrent Mark Cycle
[2026-04-03T02:17:13.352+0600][84.614s][info][gc,marking     ] GC(454) Concurrent Scan Root Regions
[2026-04-03T02:17:13.352+0600][84.614s][info][gc,cpu         ] GC(453) User=0.02s Sys=0.00s Real=0.01s
[2026-04-03T02:17:13.355+0600][84.617s][info][gc,marking     ] GC(454) Concurrent Scan Root Regions 2.916ms
[2026-04-03T02:17:13.355+0600][84.617s][info][gc,marking     ] GC(454) Concurrent Mark
[2026-04-03T02:17:13.355+0600][84.617s][info][gc,marking     ] GC(454) Concurrent Mark From Roots
[2026-04-03T02:17:13.355+0600][84.617s][info][gc,task        ] GC(454) Using 3 workers of 3 for marking
[2026-04-03T02:17:13.428+0600][84.690s][info][gc,marking     ] GC(454) Concurrent Mark From Roots 73.291ms
[2026-04-03T02:17:13.428+0600][84.690s][info][gc,marking     ] GC(454) Concurrent Preclean
[2026-04-03T02:17:13.429+0600][84.690s][info][gc,marking     ] GC(454) Concurrent Preclean 0.348ms
[2026-04-03T02:17:13.429+0600][84.691s][info][gc,start       ] GC(454) Pause Remark
[2026-04-03T02:17:13.437+0600][84.699s][info][gc             ] GC(454) Pause Remark 422M->422M(619M) 7.823ms
[2026-04-03T02:17:13.437+0600][84.699s][info][gc,cpu         ] GC(454) User=0.05s Sys=0.00s Real=0.01s
[2026-04-03T02:17:13.437+0600][84.699s][info][gc,marking     ] GC(454) Concurrent Mark 82.242ms
[2026-04-03T02:17:13.437+0600][84.699s][info][gc,marking     ] GC(454) Concurrent Rebuild Remembered Sets and Scrub Regions
[2026-04-03T02:17:13.467+0600][84.729s][info][gc,marking     ] GC(454) Concurrent Rebuild Remembered Sets and Scrub Regions 30.407ms
[2026-04-03T02:17:13.471+0600][84.733s][info][gc,start       ] GC(454) Pause Cleanup
[2026-04-03T02:17:13.471+0600][84.733s][info][gc             ] GC(454) Pause Cleanup 558M->558M(619M) 0.407ms
[2026-04-03T02:17:13.472+0600][84.733s][info][gc,cpu         ] GC(454) User=0.00s Sys=0.00s Real=0.00s
[2026-04-03T02:17:13.472+0600][84.734s][info][gc,marking     ] GC(454) Concurrent Clear Claimed Marks
[2026-04-03T02:17:13.472+0600][84.734s][info][gc,marking     ] GC(454) Concurrent Clear Claimed Marks 0.374ms
[2026-04-03T02:17:13.472+0600][84.734s][info][gc,marking     ] GC(454) Concurrent Cleanup for Next Mark
[2026-04-03T02:17:13.473+0600][84.735s][info][gc,marking     ] GC(454) Concurrent Cleanup for Next Mark 1.160ms
[2026-04-03T02:17:13.473+0600][84.735s][info][gc             ] GC(454) Concurrent Mark Cycle 121.729ms
[2026-04-03T02:17:13.507+0600][84.769s][info][gc,start       ] GC(455) Pause Young (Prepare Mixed) (G1 Evacuation Pause)
[2026-04-03T02:17:13.507+0600][84.769s][info][gc,task        ] GC(455) Using 10 workers of 10 for evacuation
[2026-04-03T02:17:13.511+0600][84.773s][info][gc,phases      ] GC(455)   Pre Evacuate Collection Set: 0.28ms
[2026-04-03T02:17:13.511+0600][84.773s][info][gc,phases      ] GC(455)   Merge Heap Roots: 0.13ms
[2026-04-03T02:17:13.511+0600][84.773s][info][gc,phases      ] GC(455)   Evacuate Collection Set: 2.43ms
[2026-04-03T02:17:13.511+0600][84.773s][info][gc,phases      ] GC(455)   Post Evacuate Collection Set: 0.89ms
[2026-04-03T02:17:13.511+0600][84.773s][info][gc,phases      ] GC(455)   Other: 0.07ms
[2026-04-03T02:17:13.511+0600][84.773s][info][gc,heap        ] GC(455) Eden regions: 73->0(444)
[2026-04-03T02:17:13.511+0600][84.773s][info][gc,heap        ] GC(455) Survivor regions: 4->6(6)
[2026-04-03T02:17:13.511+0600][84.773s][info][gc,heap        ] GC(455) Old regions: 90->90
[2026-04-03T02:17:13.511+0600][84.773s][info][gc,heap        ] GC(455) Humongous regions: 577->13
[2026-04-03T02:17:13.511+0600][84.773s][info][gc,metaspace   ] GC(455) Metaspace: 132001K(133440K)->132001K(133440K) NonClass: 115418K(116160K)->115418K(116160K) Class: 16583K(17280K)->16583K(17280K)
[2026-04-03T02:17:13.511+0600][84.773s][info][gc             ] GC(455) Pause Young (Prepare Mixed) (G1 Evacuation Pause) 741M->107M(750M) 4.033ms
[2026-04-03T02:17:13.511+0600][84.773s][info][gc,cpu         ] GC(455) User=0.02s Sys=0.01s Real=0.01s
[2026-04-03T02:17:14.100+0600][85.362s][info][gc,start       ] GC(456) Pause Young (Mixed) (GCLocker Initiated GC)
[2026-04-03T02:17:14.100+0600][85.362s][info][gc,task        ] GC(456) Using 10 workers of 10 for evacuation
[2026-04-03T02:17:14.109+0600][85.371s][info][gc,phases      ] GC(456)   Pre Evacuate Collection Set: 0.63ms
[2026-04-03T02:17:14.109+0600][85.371s][info][gc,phases      ] GC(456)   Merge Heap Roots: 0.36ms
[2026-04-03T02:17:14.109+0600][85.371s][info][gc,phases      ] GC(456)   Evacuate Collection Set: 3.55ms
[2026-04-03T02:17:14.109+0600][85.371s][info][gc,phases      ] GC(456)   Post Evacuate Collection Set: 4.49ms
[2026-04-03T02:17:14.109+0600][85.371s][info][gc,phases      ] GC(456)   Other: 0.17ms
[2026-04-03T02:17:14.109+0600][85.371s][info][gc,heap        ] GC(456) Eden regions: 398->0(336)
[2026-04-03T02:17:14.109+0600][85.371s][info][gc,heap        ] GC(456) Survivor regions: 6->4(4)
[2026-04-03T02:17:14.109+0600][85.371s][info][gc,heap        ] GC(456) Old regions: 90->302
[2026-04-03T02:17:14.109+0600][85.371s][info][gc,heap        ] GC(456) Humongous regions: 252->8
[2026-04-03T02:17:14.109+0600][85.371s][info][gc,metaspace   ] GC(456) Metaspace: 132002K(133440K)->132002K(133440K) NonClass: 115419K(116160K)->115419K(116160K) Class: 16583K(17280K)->16583K(17280K)
[2026-04-03T02:17:14.109+0600][85.371s][info][gc             ] GC(456) Pause Young (Mixed) (GCLocker Initiated GC) (Evacuation Failure) 744M->313M(750M) 9.697ms
[2026-04-03T02:17:14.109+0600][85.371s][info][gc,cpu         ] GC(456) User=0.06s Sys=0.01s Real=0.01s
[2026-04-03T02:17:14.111+0600][85.373s][info][gc,start       ] GC(457) Pause Young (Concurrent Start) (GCLocker Initiated GC)
[2026-04-03T02:17:14.111+0600][85.373s][info][gc,task        ] GC(457) Using 10 workers of 10 for evacuation
[2026-04-03T02:17:14.115+0600][85.377s][info][gc,phases      ] GC(457)   Pre Evacuate Collection Set: 0.35ms
[2026-04-03T02:17:14.115+0600][85.377s][info][gc,phases      ] GC(457)   Merge Heap Roots: 0.13ms
[2026-04-03T02:17:14.115+0600][85.377s][info][gc,phases      ] GC(457)   Evacuate Collection Set: 2.35ms
[2026-04-03T02:17:14.115+0600][85.377s][info][gc,phases      ] GC(457)   Post Evacuate Collection Set: 0.75ms
[2026-04-03T02:17:14.115+0600][85.377s][info][gc,phases      ] GC(457)   Other: 0.13ms
[2026-04-03T02:17:14.115+0600][85.377s][info][gc,heap        ] GC(457) Eden regions: 5->0(348)
[2026-04-03T02:17:14.115+0600][85.377s][info][gc,heap        ] GC(457) Survivor regions: 4->6(43)
[2026-04-03T02:17:14.115+0600][85.377s][info][gc,heap        ] GC(457) Old regions: 302->303
[2026-04-03T02:17:14.115+0600][85.377s][info][gc,heap        ] GC(457) Humongous regions: 10->10
[2026-04-03T02:17:14.115+0600][85.377s][info][gc,metaspace   ] GC(457) Metaspace: 132002K(133440K)->132002K(133440K) NonClass: 115419K(116160K)->115419K(116160K) Class: 16583K(17280K)->16583K(17280K)
[2026-04-03T02:17:14.115+0600][85.377s][info][gc             ] GC(457) Pause Young (Concurrent Start) (GCLocker Initiated GC) 319M->316M(750M) 4.040ms
[2026-04-03T02:17:14.115+0600][85.377s][info][gc,cpu         ] GC(457) User=0.02s Sys=0.01s Real=0.00s
[2026-04-03T02:17:14.115+0600][85.377s][info][gc             ] GC(458) Concurrent Mark Cycle
[2026-04-03T02:17:14.115+0600][85.377s][info][gc,marking     ] GC(458) Concurrent Scan Root Regions
[2026-04-03T02:17:14.119+0600][85.381s][info][gc,marking     ] GC(458) Concurrent Scan Root Regions 3.984ms
[2026-04-03T02:17:14.119+0600][85.381s][info][gc,marking     ] GC(458) Concurrent Mark
[2026-04-03T02:17:14.119+0600][85.381s][info][gc,marking     ] GC(458) Concurrent Mark From Roots
[2026-04-03T02:17:14.119+0600][85.381s][info][gc,task        ] GC(458) Using 3 workers of 3 for marking
[2026-04-03T02:17:14.209+0600][85.470s][info][gc,marking     ] GC(458) Concurrent Mark From Roots 89.167ms
[2026-04-03T02:17:14.209+0600][85.471s][info][gc,marking     ] GC(458) Concurrent Preclean
[2026-04-03T02:17:14.209+0600][85.471s][info][gc,marking     ] GC(458) Concurrent Preclean 0.650ms
[2026-04-03T02:17:14.210+0600][85.472s][info][gc,start       ] GC(458) Pause Remark
[2026-04-03T02:17:14.219+0600][85.481s][info][gc             ] GC(458) Pause Remark 438M->432M(750M) 9.529ms
[2026-04-03T02:17:14.219+0600][85.481s][info][gc,cpu         ] GC(458) User=0.07s Sys=0.00s Real=0.00s
[2026-04-03T02:17:14.220+0600][85.482s][info][gc,marking     ] GC(458) Concurrent Mark 100.244ms
[2026-04-03T02:17:14.220+0600][85.482s][info][gc,marking     ] GC(458) Concurrent Rebuild Remembered Sets and Scrub Regions
[2026-04-03T02:17:14.262+0600][85.524s][info][gc,marking     ] GC(458) Concurrent Rebuild Remembered Sets and Scrub Regions 42.114ms
[2026-04-03T02:17:14.262+0600][85.524s][info][gc,start       ] GC(458) Pause Cleanup
[2026-04-03T02:17:14.263+0600][85.525s][info][gc             ] GC(458) Pause Cleanup 478M->478M(750M) 0.605ms
[2026-04-03T02:17:14.263+0600][85.525s][info][gc,cpu         ] GC(458) User=0.01s Sys=0.00s Real=0.00s
[2026-04-03T02:17:14.263+0600][85.525s][info][gc,marking     ] GC(458) Concurrent Clear Claimed Marks
[2026-04-03T02:17:14.264+0600][85.525s][info][gc,marking     ] GC(458) Concurrent Clear Claimed Marks 0.402ms
[2026-04-03T02:17:14.264+0600][85.525s][info][gc,marking     ] GC(458) Concurrent Cleanup for Next Mark
[2026-04-03T02:17:14.265+0600][85.527s][info][gc,marking     ] GC(458) Concurrent Cleanup for Next Mark 1.758ms
[2026-04-03T02:17:14.265+0600][85.527s][info][gc             ] GC(458) Concurrent Mark Cycle 150.240ms
[2026-04-03T02:17:14.435+0600][85.697s][info][gc,start       ] GC(459) Pause Young (Prepare Mixed) (G1 Humongous Allocation)
[2026-04-03T02:17:14.435+0600][85.697s][info][gc,task        ] GC(459) Using 10 workers of 10 for evacuation
[2026-04-03T02:17:14.440+0600][85.702s][info][gc,phases      ] GC(459)   Pre Evacuate Collection Set: 0.52ms
[2026-04-03T02:17:14.440+0600][85.702s][info][gc,phases      ] GC(459)   Merge Heap Roots: 0.26ms
[2026-04-03T02:17:14.440+0600][85.702s][info][gc,phases      ] GC(459)   Evacuate Collection Set: 2.76ms
[2026-04-03T02:17:14.440+0600][85.702s][info][gc,phases      ] GC(459)   Post Evacuate Collection Set: 1.86ms
[2026-04-03T02:17:14.440+0600][85.702s][info][gc,phases      ] GC(459)   Other: 0.15ms
[2026-04-03T02:17:14.440+0600][85.702s][info][gc,heap        ] GC(459) Eden regions: 244->0(305)
[2026-04-03T02:17:14.440+0600][85.702s][info][gc,heap        ] GC(459) Survivor regions: 6->2(2)
[2026-04-03T02:17:14.440+0600][85.702s][info][gc,heap        ] GC(459) Old regions: 297->377
[2026-04-03T02:17:14.440+0600][85.702s][info][gc,heap        ] GC(459) Humongous regions: 201->8
[2026-04-03T02:17:14.440+0600][85.702s][info][gc,metaspace   ] GC(459) Metaspace: 132002K(133440K)->132002K(133440K) NonClass: 115419K(116160K)->115419K(116160K) Class: 16583K(17280K)->16583K(17280K)
[2026-04-03T02:17:14.440+0600][85.702s][info][gc             ] GC(459) Pause Young (Prepare Mixed) (G1 Humongous Allocation) (Evacuation Failure) 745M->385M(750M) 5.854ms
[2026-04-03T02:17:14.441+0600][85.702s][info][gc,cpu         ] GC(459) User=0.04s Sys=0.00s Real=0.01s
[2026-04-03T02:17:14.719+0600][85.981s][info][gc,start       ] GC(460) Pause Young (Mixed) (G1 Humongous Allocation)
[2026-04-03T02:17:14.719+0600][85.981s][info][gc,task        ] GC(460) Using 10 workers of 10 for evacuation
[2026-04-03T02:17:14.724+0600][85.986s][info][gc,phases      ] GC(460)   Pre Evacuate Collection Set: 0.29ms
[2026-04-03T02:17:14.724+0600][85.986s][info][gc,phases      ] GC(460)   Merge Heap Roots: 0.23ms
[2026-04-03T02:17:14.724+0600][85.986s][info][gc,phases      ] GC(460)   Evacuate Collection Set: 1.73ms
[2026-04-03T02:17:14.724+0600][85.986s][info][gc,phases      ] GC(460)   Post Evacuate Collection Set: 2.38ms
[2026-04-03T02:17:14.724+0600][85.986s][info][gc,phases      ] GC(460)   Other: 0.09ms
[2026-04-03T02:17:14.724+0600][85.986s][info][gc,heap        ] GC(460) Eden regions: 219->0(215)
[2026-04-03T02:17:14.724+0600][85.986s][info][gc,heap        ] GC(460) Survivor regions: 2->1(1)
[2026-04-03T02:17:14.724+0600][85.986s][info][gc,heap        ] GC(460) Old regions: 377->486
[2026-04-03T02:17:14.724+0600][85.986s][info][gc,heap        ] GC(460) Humongous regions: 151->10
[2026-04-03T02:17:14.724+0600][85.986s][info][gc,metaspace   ] GC(460) Metaspace: 132002K(133440K)->132002K(133440K) NonClass: 115419K(116160K)->115419K(116160K) Class: 16583K(17280K)->16583K(17280K)
[2026-04-03T02:17:14.724+0600][85.986s][info][gc             ] GC(460) Pause Young (Mixed) (G1 Humongous Allocation) (Evacuation Failure) 747M->495M(750M) 4.959ms
[2026-04-03T02:17:14.724+0600][85.986s][info][gc,cpu         ] GC(460) User=0.03s Sys=0.01s Real=0.01s
[2026-04-03T02:17:14.946+0600][86.208s][info][gc,start       ] GC(461) Pause Young (Mixed) (G1 Evacuation Pause)
[2026-04-03T02:17:14.946+0600][86.208s][info][gc,task        ] GC(461) Using 10 workers of 10 for evacuation
[2026-04-03T02:17:14.953+0600][86.215s][info][gc,phases      ] GC(461)   Pre Evacuate Collection Set: 0.41ms
[2026-04-03T02:17:14.953+0600][86.215s][info][gc,phases      ] GC(461)   Merge Heap Roots: 0.29ms
[2026-04-03T02:17:14.953+0600][86.215s][info][gc,phases      ] GC(461)   Evacuate Collection Set: 2.68ms
[2026-04-03T02:17:14.953+0600][86.215s][info][gc,phases      ] GC(461)   Post Evacuate Collection Set: 3.18ms
[2026-04-03T02:17:14.953+0600][86.215s][info][gc,phases      ] GC(461)   Other: 0.12ms
[2026-04-03T02:17:14.953+0600][86.215s][info][gc,heap        ] GC(461) Eden regions: 185->0(101)
[2026-04-03T02:17:14.953+0600][86.215s][info][gc,heap        ] GC(461) Survivor regions: 1->0(0)
[2026-04-03T02:17:14.953+0600][86.215s][info][gc,heap        ] GC(461) Old regions: 486->596
[2026-04-03T02:17:14.953+0600][86.215s][info][gc,heap        ] GC(461) Humongous regions: 78->15
[2026-04-03T02:17:14.953+0600][86.215s][info][gc,metaspace   ] GC(461) Metaspace: 132002K(133440K)->132002K(133440K) NonClass: 115419K(116160K)->115419K(116160K) Class: 16583K(17280K)->16583K(17280K)
[2026-04-03T02:17:14.953+0600][86.215s][info][gc             ] GC(461) Pause Young (Mixed) (G1 Evacuation Pause) (Evacuation Failure) 748M->609M(750M) 6.992ms
[2026-04-03T02:17:14.953+0600][86.215s][info][gc,cpu         ] GC(461) User=0.05s Sys=0.00s Real=0.01s
[2026-04-03T02:17:15.032+0600][86.294s][info][gc,start       ] GC(462) Pause Young (Mixed) (G1 Evacuation Pause)
[2026-04-03T02:17:15.032+0600][86.294s][info][gc,task        ] GC(462) Using 10 workers of 10 for evacuation
[2026-04-03T02:17:15.034+0600][86.296s][info][gc,phases      ] GC(462)   Pre Evacuate Collection Set: 0.38ms
[2026-04-03T02:17:15.034+0600][86.296s][info][gc,phases      ] GC(462)   Merge Heap Roots: 0.17ms
[2026-04-03T02:17:15.034+0600][86.296s][info][gc,phases      ] GC(462)   Evacuate Collection Set: 1.12ms
[2026-04-03T02:17:15.034+0600][86.296s][info][gc,phases      ] GC(462)   Post Evacuate Collection Set: 0.51ms
[2026-04-03T02:17:15.034+0600][86.296s][info][gc,phases      ] GC(462)   Other: 0.08ms
[2026-04-03T02:17:15.034+0600][86.296s][info][gc,heap        ] GC(462) Eden regions: 101->0(122)
[2026-04-03T02:17:15.034+0600][86.296s][info][gc,heap        ] GC(462) Survivor regions: 0->1(9)
[2026-04-03T02:17:15.034+0600][86.296s][info][gc,heap        ] GC(462) Old regions: 596->574
[2026-04-03T02:17:15.034+0600][86.296s][info][gc,heap        ] GC(462) Humongous regions: 44->15
[2026-04-03T02:17:15.034+0600][86.296s][info][gc,metaspace   ] GC(462) Metaspace: 132003K(133440K)->132003K(133440K) NonClass: 115420K(116160K)->115420K(116160K) Class: 16583K(17280K)->16583K(17280K)
[2026-04-03T02:17:15.034+0600][86.296s][info][gc             ] GC(462) Pause Young (Mixed) (G1 Evacuation Pause) 739M->586M(750M) 2.456ms
[2026-04-03T02:17:15.034+0600][86.296s][info][gc,cpu         ] GC(462) User=0.01s Sys=0.00s Real=0.00s
[2026-04-03T02:17:15.037+0600][86.298s][info][gc,start       ] GC(463) Pause Young (Concurrent Start) (G1 Humongous Allocation)
[2026-04-03T02:17:15.037+0600][86.299s][info][gc,task        ] GC(463) Using 10 workers of 10 for evacuation
[2026-04-03T02:17:15.039+0600][86.301s][info][gc,phases      ] GC(463)   Pre Evacuate Collection Set: 0.32ms
[2026-04-03T02:17:15.039+0600][86.301s][info][gc,phases      ] GC(463)   Merge Heap Roots: 0.07ms
[2026-04-03T02:17:15.039+0600][86.301s][info][gc,phases      ] GC(463)   Evacuate Collection Set: 1.16ms
[2026-04-03T02:17:15.039+0600][86.301s][info][gc,phases      ] GC(463)   Post Evacuate Collection Set: 0.36ms
[2026-04-03T02:17:15.039+0600][86.301s][info][gc,phases      ] GC(463)   Other: 0.11ms
[2026-04-03T02:17:15.039+0600][86.301s][info][gc,heap        ] GC(463) Eden regions: 1->0(122)
[2026-04-03T02:17:15.039+0600][86.301s][info][gc,heap        ] GC(463) Survivor regions: 1->1(16)
[2026-04-03T02:17:15.039+0600][86.301s][info][gc,heap        ] GC(463) Old regions: 574->574
[2026-04-03T02:17:15.039+0600][86.301s][info][gc,heap        ] GC(463) Humongous regions: 15->15
[2026-04-03T02:17:15.039+0600][86.301s][info][gc,metaspace   ] GC(463) Metaspace: 132003K(133440K)->132003K(133440K) NonClass: 115420K(116160K)->115420K(116160K) Class: 16583K(17280K)->16583K(17280K)
[2026-04-03T02:17:15.039+0600][86.301s][info][gc             ] GC(463) Pause Young (Concurrent Start) (G1 Humongous Allocation) 587M->586M(750M) 2.193ms
[2026-04-03T02:17:15.039+0600][86.301s][info][gc,cpu         ] GC(463) User=0.01s Sys=0.00s Real=0.00s
[2026-04-03T02:17:15.039+0600][86.301s][info][gc             ] GC(464) Concurrent Mark Cycle
[2026-04-03T02:17:15.039+0600][86.301s][info][gc,marking     ] GC(464) Concurrent Scan Root Regions
[2026-04-03T02:17:15.041+0600][86.302s][info][gc,marking     ] GC(464) Concurrent Scan Root Regions 1.624ms
[2026-04-03T02:17:15.041+0600][86.302s][info][gc,marking     ] GC(464) Concurrent Mark
[2026-04-03T02:17:15.041+0600][86.302s][info][gc,marking     ] GC(464) Concurrent Mark From Roots
[2026-04-03T02:17:15.041+0600][86.303s][info][gc,task        ] GC(464) Using 3 workers of 3 for marking
[2026-04-03T02:17:15.095+0600][86.357s][info][gc,marking     ] GC(464) Concurrent Mark From Roots 54.311ms
[2026-04-03T02:17:15.095+0600][86.357s][info][gc,marking     ] GC(464) Concurrent Preclean
[2026-04-03T02:17:15.095+0600][86.357s][info][gc,marking     ] GC(464) Concurrent Preclean 0.462ms
[2026-04-03T02:17:15.096+0600][86.358s][info][gc,start       ] GC(464) Pause Remark
[2026-04-03T02:17:15.105+0600][86.366s][info][gc             ] GC(464) Pause Remark 614M->462M(750M) 8.774ms
[2026-04-03T02:17:15.105+0600][86.367s][info][gc,cpu         ] GC(464) User=0.06s Sys=0.00s Real=0.01s
[2026-04-03T02:17:15.105+0600][86.367s][info][gc,marking     ] GC(464) Concurrent Mark 64.364ms
[2026-04-03T02:17:15.105+0600][86.367s][info][gc,marking     ] GC(464) Concurrent Rebuild Remembered Sets and Scrub Regions
[2026-04-03T02:17:15.140+0600][86.402s][info][gc,marking     ] GC(464) Concurrent Rebuild Remembered Sets and Scrub Regions 34.875ms
[2026-04-03T02:17:15.140+0600][86.402s][info][gc,start       ] GC(464) Pause Cleanup
[2026-04-03T02:17:15.141+0600][86.403s][info][gc             ] GC(464) Pause Cleanup 490M->490M(750M) 0.679ms
[2026-04-03T02:17:15.141+0600][86.403s][info][gc,cpu         ] GC(464) User=0.00s Sys=0.00s Real=0.00s
[2026-04-03T02:17:15.141+0600][86.403s][info][gc,marking     ] GC(464) Concurrent Clear Claimed Marks
[2026-04-03T02:17:15.142+0600][86.404s][info][gc,marking     ] GC(464) Concurrent Clear Claimed Marks 0.346ms
[2026-04-03T02:17:15.142+0600][86.404s][info][gc,marking     ] GC(464) Concurrent Cleanup for Next Mark
[2026-04-03T02:17:15.143+0600][86.404s][info][gc,marking     ] GC(464) Concurrent Cleanup for Next Mark 0.872ms
[2026-04-03T02:17:15.143+0600][86.405s][info][gc             ] GC(464) Concurrent Mark Cycle 103.752ms
[2026-04-03T02:17:15.166+0600][86.428s][info][gc,start       ] GC(465) Pause Young (Prepare Mixed) (G1 Humongous Allocation)
[2026-04-03T02:17:15.166+0600][86.428s][info][gc,task        ] GC(465) Using 10 workers of 10 for evacuation
[2026-04-03T02:17:15.169+0600][86.431s][info][gc,phases      ] GC(465)   Pre Evacuate Collection Set: 0.42ms
[2026-04-03T02:17:15.169+0600][86.431s][info][gc,phases      ] GC(465)   Merge Heap Roots: 0.21ms
[2026-04-03T02:17:15.169+0600][86.431s][info][gc,phases      ] GC(465)   Evacuate Collection Set: 1.27ms
[2026-04-03T02:17:15.169+0600][86.431s][info][gc,phases      ] GC(465)   Post Evacuate Collection Set: 0.68ms
[2026-04-03T02:17:15.169+0600][86.431s][info][gc,phases      ] GC(465)   Other: 0.12ms
[2026-04-03T02:17:15.169+0600][86.431s][info][gc,heap        ] GC(465) Eden regions: 51->0(252)
[2026-04-03T02:17:15.169+0600][86.431s][info][gc,heap        ] GC(465) Survivor regions: 1->4(16)
[2026-04-03T02:17:15.169+0600][86.431s][info][gc,heap        ] GC(465) Old regions: 428->428
[2026-04-03T02:17:15.169+0600][86.431s][info][gc,heap        ] GC(465) Humongous regions: 170->23
[2026-04-03T02:17:15.169+0600][86.431s][info][gc,metaspace   ] GC(465) Metaspace: 132004K(133440K)->132004K(133440K) NonClass: 115421K(116160K)->115421K(116160K) Class: 16583K(17280K)->16583K(17280K)
[2026-04-03T02:17:15.169+0600][86.431s][info][gc             ] GC(465) Pause Young (Prepare Mixed) (G1 Humongous Allocation) 646M->452M(750M) 2.979ms
[2026-04-03T02:17:15.169+0600][86.431s][info][gc,cpu         ] GC(465) User=0.01s Sys=0.00s Real=0.00s
[2026-04-03T02:17:15.179+0600][86.441s][info][gc,start       ] GC(466) Pause Young (Mixed) (G1 Humongous Allocation)
[2026-04-03T02:17:15.179+0600][86.441s][info][gc,task        ] GC(466) Using 10 workers of 10 for evacuation
[2026-04-03T02:17:15.183+0600][86.445s][info][gc,phases      ] GC(466)   Pre Evacuate Collection Set: 0.51ms
[2026-04-03T02:17:15.183+0600][86.445s][info][gc,phases      ] GC(466)   Merge Heap Roots: 0.24ms
[2026-04-03T02:17:15.183+0600][86.445s][info][gc,phases      ] GC(466)   Evacuate Collection Set: 1.72ms
[2026-04-03T02:17:15.183+0600][86.445s][info][gc,phases      ] GC(466)   Post Evacuate Collection Set: 1.14ms
[2026-04-03T02:17:15.183+0600][86.445s][info][gc,phases      ] GC(466)   Other: 0.19ms
[2026-04-03T02:17:15.183+0600][86.445s][info][gc,heap        ] GC(466) Eden regions: 12->0(322)
[2026-04-03T02:17:15.183+0600][86.445s][info][gc,heap        ] GC(466) Survivor regions: 4->5(32)
[2026-04-03T02:17:15.183+0600][86.445s][info][gc,heap        ] GC(466) Old regions: 428->353
[2026-04-03T02:17:15.183+0600][86.445s][info][gc,heap        ] GC(466) Humongous regions: 168->13
[2026-04-03T02:17:15.183+0600][86.445s][info][gc,metaspace   ] GC(466) Metaspace: 132004K(133440K)->132004K(133440K) NonClass: 115421K(116160K)->115421K(116160K) Class: 16583K(17280K)->16583K(17280K)
[2026-04-03T02:17:15.183+0600][86.445s][info][gc             ] GC(466) Pause Young (Mixed) (G1 Humongous Allocation) 609M->368M(750M) 4.155ms
[2026-04-03T02:17:15.183+0600][86.445s][info][gc,cpu         ] GC(466) User=0.01s Sys=0.00s Real=0.01s
[2026-04-03T02:17:15.246+0600][86.508s][info][gc,start       ] GC(467) Pause Young (Mixed) (G1 Humongous Allocation)
[2026-04-03T02:17:15.246+0600][86.508s][info][gc,task        ] GC(467) Using 10 workers of 10 for evacuation
[2026-04-03T02:17:15.248+0600][86.510s][info][gc,phases      ] GC(467)   Pre Evacuate Collection Set: 0.47ms
[2026-04-03T02:17:15.248+0600][86.510s][info][gc,phases      ] GC(467)   Merge Heap Roots: 0.11ms
[2026-04-03T02:17:15.248+0600][86.510s][info][gc,phases      ] GC(467)   Evacuate Collection Set: 1.05ms
[2026-04-03T02:17:15.248+0600][86.510s][info][gc,phases      ] GC(467)   Post Evacuate Collection Set: 0.65ms
[2026-04-03T02:17:15.248+0600][86.510s][info][gc,phases      ] GC(467)   Other: 0.13ms
[2026-04-03T02:17:15.248+0600][86.510s][info][gc,heap        ] GC(467) Eden regions: 52->0(385)
[2026-04-03T02:17:15.248+0600][86.510s][info][gc,heap        ] GC(467) Survivor regions: 5->5(41)
[2026-04-03T02:17:15.249+0600][86.510s][info][gc,heap        ] GC(467) Old regions: 353->278
[2026-04-03T02:17:15.249+0600][86.510s][info][gc,heap        ] GC(467) Humongous regions: 242->13
[2026-04-03T02:17:15.249+0600][86.510s][info][gc,metaspace   ] GC(467) Metaspace: 132004K(133440K)->132004K(133440K) NonClass: 115421K(116160K)->115421K(116160K) Class: 16583K(17280K)->16583K(17280K)
[2026-04-03T02:17:15.249+0600][86.510s][info][gc             ] GC(467) Pause Young (Mixed) (G1 Humongous Allocation) 649M->294M(750M) 2.786ms
[2026-04-03T02:17:15.249+0600][86.511s][info][gc,cpu         ] GC(467) User=0.02s Sys=0.00s Real=0.00s
[2026-04-03T02:17:15.528+0600][86.790s][info][gc,start       ] GC(468) Pause Young (Mixed) (G1 Evacuation Pause)
[2026-04-03T02:17:15.528+0600][86.790s][info][gc,task        ] GC(468) Using 10 workers of 10 for evacuation
[2026-04-03T02:17:15.532+0600][86.794s][info][gc,phases      ] GC(468)   Pre Evacuate Collection Set: 0.40ms
[2026-04-03T02:17:15.532+0600][86.794s][info][gc,phases      ] GC(468)   Merge Heap Roots: 0.15ms
[2026-04-03T02:17:15.532+0600][86.794s][info][gc,phases      ] GC(468)   Evacuate Collection Set: 1.10ms
[2026-04-03T02:17:15.532+0600][86.794s][info][gc,phases      ] GC(468)   Post Evacuate Collection Set: 1.87ms
[2026-04-03T02:17:15.532+0600][86.794s][info][gc,phases      ] GC(468)   Other: 0.13ms
[2026-04-03T02:17:15.532+0600][86.794s][info][gc,heap        ] GC(468) Eden regions: 182->0(324)
[2026-04-03T02:17:15.532+0600][86.794s][info][gc,heap        ] GC(468) Survivor regions: 5->0(0)
[2026-04-03T02:17:15.532+0600][86.794s][info][gc,heap        ] GC(468) Old regions: 278->367
[2026-04-03T02:17:15.532+0600][86.794s][info][gc,heap        ] GC(468) Humongous regions: 285->8
[2026-04-03T02:17:15.532+0600][86.794s][info][gc,metaspace   ] GC(468) Metaspace: 132004K(133440K)->132004K(133440K) NonClass: 115421K(116160K)->115421K(116160K) Class: 16583K(17280K)->16583K(17280K)
[2026-04-03T02:17:15.532+0600][86.794s][info][gc             ] GC(468) Pause Young (Mixed) (G1 Evacuation Pause) (Evacuation Failure) 748M->374M(750M) 3.887ms
[2026-04-03T02:17:15.532+0600][86.794s][info][gc,cpu         ] GC(468) User=0.02s Sys=0.00s Real=0.01s
[2026-04-03T02:17:15.840+0600][87.102s][info][gc,start       ] GC(469) Pause Young (Mixed) (GCLocker Initiated GC)
[2026-04-03T02:17:15.840+0600][87.102s][info][gc,task        ] GC(469) Using 10 workers of 10 for evacuation
[2026-04-03T02:17:15.844+0600][87.106s][info][gc,phases      ] GC(469)   Pre Evacuate Collection Set: 0.60ms
[2026-04-03T02:17:15.844+0600][87.106s][info][gc,phases      ] GC(469)   Merge Heap Roots: 0.36ms
[2026-04-03T02:17:15.844+0600][87.106s][info][gc,phases      ] GC(469)   Evacuate Collection Set: 2.22ms
[2026-04-03T02:17:15.844+0600][87.106s][info][gc,phases      ] GC(469)   Post Evacuate Collection Set: 0.80ms
[2026-04-03T02:17:15.844+0600][87.106s][info][gc,phases      ] GC(469)   Other: 0.14ms
[2026-04-03T02:17:15.844+0600][87.106s][info][gc,heap        ] GC(469) Eden regions: 239->0(389)
[2026-04-03T02:17:15.844+0600][87.106s][info][gc,heap        ] GC(469) Survivor regions: 0->2(3)
[2026-04-03T02:17:15.844+0600][87.106s][info][gc,heap        ] GC(469) Old regions: 367->293
[2026-04-03T02:17:15.844+0600][87.106s][info][gc,heap        ] GC(469) Humongous regions: 141->8
[2026-04-03T02:17:15.844+0600][87.106s][info][gc,metaspace   ] GC(469) Metaspace: 132005K(133440K)->132005K(133440K) NonClass: 115422K(116160K)->115422K(116160K) Class: 16583K(17280K)->16583K(17280K)
[2026-04-03T02:17:15.844+0600][87.106s][info][gc             ] GC(469) Pause Young (Mixed) (GCLocker Initiated GC) 746M->302M(750M) 4.470ms
[2026-04-03T02:17:15.844+0600][87.106s][info][gc,cpu         ] GC(469) User=0.03s Sys=0.00s Real=0.01s
[2026-04-03T02:17:16.108+0600][87.370s][info][gc,start       ] GC(470) Pause Young (Mixed) (G1 Humongous Allocation)
[2026-04-03T02:17:16.108+0600][87.370s][info][gc,task        ] GC(470) Using 10 workers of 10 for evacuation
[2026-04-03T02:17:16.113+0600][87.374s][info][gc,phases      ] GC(470)   Pre Evacuate Collection Set: 0.63ms
[2026-04-03T02:17:16.113+0600][87.375s][info][gc,phases      ] GC(470)   Merge Heap Roots: 0.24ms
[2026-04-03T02:17:16.113+0600][87.375s][info][gc,phases      ] GC(470)   Evacuate Collection Set: 2.65ms
[2026-04-03T02:17:16.113+0600][87.375s][info][gc,phases      ] GC(470)   Post Evacuate Collection Set: 1.11ms
[2026-04-03T02:17:16.113+0600][87.375s][info][gc,phases      ] GC(470)   Other: 0.12ms
[2026-04-03T02:17:16.113+0600][87.375s][info][gc,heap        ] GC(470) Eden regions: 249->0(391)
[2026-04-03T02:17:16.113+0600][87.375s][info][gc,heap        ] GC(470) Survivor regions: 2->5(9)
[2026-04-03T02:17:16.113+0600][87.375s][info][gc,heap        ] GC(470) Old regions: 293->292
[2026-04-03T02:17:16.113+0600][87.375s][info][gc,heap        ] GC(470) Humongous regions: 197->8
[2026-04-03T02:17:16.113+0600][87.375s][info][gc,metaspace   ] GC(470) Metaspace: 132005K(133440K)->132005K(133440K) NonClass: 115422K(116160K)->115422K(116160K) Class: 16583K(17280K)->16583K(17280K)
[2026-04-03T02:17:16.113+0600][87.375s][info][gc             ] GC(470) Pause Young (Mixed) (G1 Humongous Allocation) 739M->303M(750M) 5.124ms
[2026-04-03T02:17:16.113+0600][87.375s][info][gc,cpu         ] GC(470) User=0.03s Sys=0.00s Real=0.01s
[2026-04-03T02:17:16.114+0600][87.376s][info][gc,start       ] GC(471) Pause Young (Concurrent Start) (GCLocker Initiated GC)
[2026-04-03T02:17:16.114+0600][87.376s][info][gc,task        ] GC(471) Using 10 workers of 10 for evacuation
[2026-04-03T02:17:16.118+0600][87.380s][info][gc,phases      ] GC(471)   Pre Evacuate Collection Set: 0.56ms
[2026-04-03T02:17:16.118+0600][87.380s][info][gc,phases      ] GC(471)   Merge Heap Roots: 0.13ms
[2026-04-03T02:17:16.118+0600][87.380s][info][gc,phases      ] GC(471)   Evacuate Collection Set: 2.43ms
[2026-04-03T02:17:16.118+0600][87.380s][info][gc,phases      ] GC(471)   Post Evacuate Collection Set: 0.68ms
[2026-04-03T02:17:16.118+0600][87.380s][info][gc,phases      ] GC(471)   Other: 0.15ms
[2026-04-03T02:17:16.118+0600][87.380s][info][gc,heap        ] GC(471) Eden regions: 4->0(401)
[2026-04-03T02:17:16.118+0600][87.380s][info][gc,heap        ] GC(471) Survivor regions: 5->5(50)
[2026-04-03T02:17:16.118+0600][87.380s][info][gc,heap        ] GC(471) Old regions: 292->292
[2026-04-03T02:17:16.118+0600][87.380s][info][gc,heap        ] GC(471) Humongous regions: 10->8
[2026-04-03T02:17:16.118+0600][87.380s][info][gc,metaspace   ] GC(471) Metaspace: 132005K(133440K)->132005K(133440K) NonClass: 115422K(116160K)->115422K(116160K) Class: 16583K(17280K)->16583K(17280K)
[2026-04-03T02:17:16.118+0600][87.380s][info][gc             ] GC(471) Pause Young (Concurrent Start) (GCLocker Initiated GC) 308M->303M(750M) 4.300ms
[2026-04-03T02:17:16.118+0600][87.380s][info][gc,cpu         ] GC(471) User=0.03s Sys=0.00s Real=0.00s
[2026-04-03T02:17:16.118+0600][87.380s][info][gc             ] GC(472) Concurrent Mark Cycle
[2026-04-03T02:17:16.118+0600][87.380s][info][gc,marking     ] GC(472) Concurrent Scan Root Regions
[2026-04-03T02:17:16.121+0600][87.383s][info][gc,marking     ] GC(472) Concurrent Scan Root Regions 2.241ms
[2026-04-03T02:17:16.121+0600][87.383s][info][gc,marking     ] GC(472) Concurrent Mark
[2026-04-03T02:17:16.121+0600][87.383s][info][gc,marking     ] GC(472) Concurrent Mark From Roots
[2026-04-03T02:17:16.121+0600][87.383s][info][gc,task        ] GC(472) Using 3 workers of 3 for marking
[2026-04-03T02:17:16.212+0600][87.474s][info][gc,marking     ] GC(472) Concurrent Mark From Roots 91.301ms
[2026-04-03T02:17:16.212+0600][87.474s][info][gc,marking     ] GC(472) Concurrent Preclean
[2026-04-03T02:17:16.213+0600][87.474s][info][gc,marking     ] GC(472) Concurrent Preclean 0.421ms
[2026-04-03T02:17:16.213+0600][87.475s][info][gc,start       ] GC(472) Pause Remark
[2026-04-03T02:17:16.221+0600][87.483s][info][gc             ] GC(472) Pause Remark 426M->394M(750M) 7.948ms
[2026-04-03T02:17:16.221+0600][87.483s][info][gc,cpu         ] GC(472) User=0.06s Sys=0.00s Real=0.01s
[2026-04-03T02:17:16.221+0600][87.483s][info][gc,marking     ] GC(472) Concurrent Mark 100.550ms
[2026-04-03T02:17:16.221+0600][87.483s][info][gc,marking     ] GC(472) Concurrent Rebuild Remembered Sets and Scrub Regions
[2026-04-03T02:17:16.260+0600][87.522s][info][gc,marking     ] GC(472) Concurrent Rebuild Remembered Sets and Scrub Regions 38.908ms
[2026-04-03T02:17:16.261+0600][87.523s][info][gc,start       ] GC(472) Pause Cleanup
[2026-04-03T02:17:16.261+0600][87.523s][info][gc             ] GC(472) Pause Cleanup 435M->435M(750M) 0.618ms
[2026-04-03T02:17:16.261+0600][87.523s][info][gc,cpu         ] GC(472) User=0.00s Sys=0.00s Real=0.00s
[2026-04-03T02:17:16.262+0600][87.523s][info][gc,marking     ] GC(472) Concurrent Clear Claimed Marks
[2026-04-03T02:17:16.262+0600][87.524s][info][gc,marking     ] GC(472) Concurrent Clear Claimed Marks 0.364ms
[2026-04-03T02:17:16.262+0600][87.524s][info][gc,marking     ] GC(472) Concurrent Cleanup for Next Mark
[2026-04-03T02:17:16.263+0600][87.525s][info][gc,marking     ] GC(472) Concurrent Cleanup for Next Mark 0.864ms
[2026-04-03T02:17:16.263+0600][87.525s][info][gc             ] GC(472) Concurrent Mark Cycle 144.505ms
[2026-04-03T02:17:16.536+0600][87.798s][info][gc,start       ] GC(473) Pause Young (Prepare Mixed) (G1 Evacuation Pause)
[2026-04-03T02:17:16.536+0600][87.798s][info][gc,task        ] GC(473) Using 10 workers of 10 for evacuation
[2026-04-03T02:17:16.544+0600][87.806s][info][gc,phases      ] GC(473)   Pre Evacuate Collection Set: 0.61ms
[2026-04-03T02:17:16.544+0600][87.806s][info][gc,phases      ] GC(473)   Merge Heap Roots: 0.28ms
[2026-04-03T02:17:16.544+0600][87.806s][info][gc,phases      ] GC(473)   Evacuate Collection Set: 3.10ms
[2026-04-03T02:17:16.544+0600][87.806s][info][gc,phases      ] GC(473)   Post Evacuate Collection Set: 4.24ms
[2026-04-03T02:17:16.544+0600][87.806s][info][gc,phases      ] GC(473)   Other: 0.12ms
[2026-04-03T02:17:16.544+0600][87.806s][info][gc,heap        ] GC(473) Eden regions: 293->0(272)
[2026-04-03T02:17:16.544+0600][87.806s][info][gc,heap        ] GC(473) Survivor regions: 5->0(0)
[2026-04-03T02:17:16.544+0600][87.806s][info][gc,heap        ] GC(473) Old regions: 260->432
[2026-04-03T02:17:16.544+0600][87.806s][info][gc,heap        ] GC(473) Humongous regions: 192->8
[2026-04-03T02:17:16.544+0600][87.806s][info][gc,metaspace   ] GC(473) Metaspace: 132006K(133440K)->132006K(133440K) NonClass: 115423K(116160K)->115423K(116160K) Class: 16583K(17280K)->16583K(17280K)
[2026-04-03T02:17:16.545+0600][87.806s][info][gc             ] GC(473) Pause Young (Prepare Mixed) (G1 Evacuation Pause) (Evacuation Failure) 748M->439M(750M) 8.761ms
[2026-04-03T02:17:16.545+0600][87.807s][info][gc,cpu         ] GC(473) User=0.06s Sys=0.01s Real=0.01s
[2026-04-03T02:17:16.769+0600][88.031s][info][gc,start       ] GC(474) Pause Young (Mixed) (G1 Humongous Allocation)
[2026-04-03T02:17:16.769+0600][88.031s][info][gc,task        ] GC(474) Using 10 workers of 10 for evacuation
[2026-04-03T02:17:16.779+0600][88.040s][info][gc,phases      ] GC(474)   Pre Evacuate Collection Set: 0.80ms
[2026-04-03T02:17:16.779+0600][88.041s][info][gc,phases      ] GC(474)   Merge Heap Roots: 0.28ms
[2026-04-03T02:17:16.779+0600][88.041s][info][gc,phases      ] GC(474)   Evacuate Collection Set: 3.98ms
[2026-04-03T02:17:16.779+0600][88.041s][info][gc,phases      ] GC(474)   Post Evacuate Collection Set: 4.41ms
[2026-04-03T02:17:16.779+0600][88.041s][info][gc,phases      ] GC(474)   Other: 0.13ms
[2026-04-03T02:17:16.779+0600][88.041s][info][gc,heap        ] GC(474) Eden regions: 240->0(124)
[2026-04-03T02:17:16.779+0600][88.041s][info][gc,heap        ] GC(474) Survivor regions: 0->1(1)
[2026-04-03T02:17:16.779+0600][88.041s][info][gc,heap        ] GC(474) Old regions: 432->579
[2026-04-03T02:17:16.779+0600][88.041s][info][gc,heap        ] GC(474) Humongous regions: 77->8
[2026-04-03T02:17:16.779+0600][88.041s][info][gc,metaspace   ] GC(474) Metaspace: 132006K(133440K)->132006K(133440K) NonClass: 115423K(116160K)->115423K(116160K) Class: 16583K(17280K)->16583K(17280K)
[2026-04-03T02:17:16.779+0600][88.041s][info][gc             ] GC(474) Pause Young (Mixed) (G1 Humongous Allocation) (Evacuation Failure) 747M->586M(750M) 9.915ms
[2026-04-03T02:17:16.779+0600][88.041s][info][gc,cpu         ] GC(474) User=0.09s Sys=0.00s Real=0.01s
[2026-04-03T02:17:16.924+0600][88.186s][info][gc,start       ] GC(475) Pause Young (Mixed) (G1 Humongous Allocation)
[2026-04-03T02:17:16.924+0600][88.186s][info][gc,task        ] GC(475) Using 10 workers of 10 for evacuation
[2026-04-03T02:17:16.927+0600][88.189s][info][gc,phases      ] GC(475)   Pre Evacuate Collection Set: 0.33ms
[2026-04-03T02:17:16.927+0600][88.189s][info][gc,phases      ] GC(475)   Merge Heap Roots: 0.25ms
[2026-04-03T02:17:16.927+0600][88.189s][info][gc,phases      ] GC(475)   Evacuate Collection Set: 2.06ms
[2026-04-03T02:17:16.927+0600][88.189s][info][gc,phases      ] GC(475)   Post Evacuate Collection Set: 0.63ms
[2026-04-03T02:17:16.927+0600][88.189s][info][gc,phases      ] GC(475)   Other: 0.11ms
[2026-04-03T02:17:16.927+0600][88.189s][info][gc,heap        ] GC(475) Eden regions: 123->0(180)
[2026-04-03T02:17:16.927+0600][88.189s][info][gc,heap        ] GC(475) Survivor regions: 1->1(2)
[2026-04-03T02:17:16.927+0600][88.189s][info][gc,heap        ] GC(475) Old regions: 579->521
[2026-04-03T02:17:16.927+0600][88.189s][info][gc,heap        ] GC(475) Humongous regions: 45->10
[2026-04-03T02:17:16.928+0600][88.189s][info][gc,metaspace   ] GC(475) Metaspace: 132006K(133440K)->132006K(133440K) NonClass: 115423K(116160K)->115423K(116160K) Class: 16583K(17280K)->16583K(17280K)
[2026-04-03T02:17:16.928+0600][88.189s][info][gc             ] GC(475) Pause Young (Mixed) (G1 Humongous Allocation) 746M->530M(750M) 3.619ms
[2026-04-03T02:17:16.928+0600][88.190s][info][gc,cpu         ] GC(475) User=0.03s Sys=0.00s Real=0.00s
[2026-04-03T02:17:16.972+0600][88.234s][info][gc,start       ] GC(476) Pause Young (Concurrent Start) (G1 Humongous Allocation)
[2026-04-03T02:17:16.972+0600][88.234s][info][gc,task        ] GC(476) Using 10 workers of 10 for evacuation
[2026-04-03T02:17:16.977+0600][88.239s][info][gc,phases      ] GC(476)   Pre Evacuate Collection Set: 0.61ms
[2026-04-03T02:17:16.977+0600][88.239s][info][gc,phases      ] GC(476)   Merge Heap Roots: 0.36ms
[2026-04-03T02:17:16.977+0600][88.239s][info][gc,phases      ] GC(476)   Evacuate Collection Set: 3.37ms
[2026-04-03T02:17:16.977+0600][88.239s][info][gc,phases      ] GC(476)   Post Evacuate Collection Set: 0.66ms
[2026-04-03T02:17:16.977+0600][88.239s][info][gc,phases      ] GC(476)   Other: 0.18ms
[2026-04-03T02:17:16.977+0600][88.239s][info][gc,heap        ] GC(476) Eden regions: 72->0(172)
[2026-04-03T02:17:16.977+0600][88.239s][info][gc,heap        ] GC(476) Survivor regions: 1->4(23)
[2026-04-03T02:17:16.977+0600][88.239s][info][gc,heap        ] GC(476) Old regions: 521->521
[2026-04-03T02:17:16.977+0600][88.239s][info][gc,heap        ] GC(476) Humongous regions: 15->15
[2026-04-03T02:17:16.977+0600][88.239s][info][gc,metaspace   ] GC(476) Metaspace: 132006K(133440K)->132006K(133440K) NonClass: 115423K(116160K)->115423K(116160K) Class: 16583K(17280K)->16583K(17280K)
[2026-04-03T02:17:16.977+0600][88.239s][info][gc             ] GC(476) Pause Young (Concurrent Start) (G1 Humongous Allocation) 607M->538M(750M) 5.548ms
[2026-04-03T02:17:16.977+0600][88.239s][info][gc             ] GC(477) Concurrent Mark Cycle
[2026-04-03T02:17:16.977+0600][88.239s][info][gc,cpu         ] GC(476) User=0.03s Sys=0.01s Real=0.00s
[2026-04-03T02:17:16.977+0600][88.239s][info][gc,marking     ] GC(477) Concurrent Scan Root Regions
[2026-04-03T02:17:16.981+0600][88.242s][info][gc,marking     ] GC(477) Concurrent Scan Root Regions 3.161ms
[2026-04-03T02:17:16.981+0600][88.243s][info][gc,marking     ] GC(477) Concurrent Mark
[2026-04-03T02:17:16.981+0600][88.243s][info][gc,marking     ] GC(477) Concurrent Mark From Roots
[2026-04-03T02:17:16.981+0600][88.243s][info][gc,task        ] GC(477) Using 3 workers of 3 for marking
[2026-04-03T02:17:17.051+0600][88.313s][info][gc,marking     ] GC(477) Concurrent Mark From Roots 70.384ms
[2026-04-03T02:17:17.051+0600][88.313s][info][gc,marking     ] GC(477) Concurrent Preclean
[2026-04-03T02:17:17.051+0600][88.313s][info][gc,marking     ] GC(477) Concurrent Preclean 0.269ms
[2026-04-03T02:17:17.052+0600][88.314s][info][gc,start       ] GC(477) Pause Remark
[2026-04-03T02:17:17.060+0600][88.322s][info][gc             ] GC(477) Pause Remark 615M->543M(750M) 7.920ms
[2026-04-03T02:17:17.060+0600][88.322s][info][gc,cpu         ] GC(477) User=0.04s Sys=0.01s Real=0.01s
[2026-04-03T02:17:17.060+0600][88.322s][info][gc,marking     ] GC(477) Concurrent Mark 79.330ms
[2026-04-03T02:17:17.060+0600][88.322s][info][gc,marking     ] GC(477) Concurrent Rebuild Remembered Sets and Scrub Regions
[2026-04-03T02:17:17.099+0600][88.361s][info][gc,marking     ] GC(477) Concurrent Rebuild Remembered Sets and Scrub Regions 39.309ms
[2026-04-03T02:17:17.100+0600][88.362s][info][gc,start       ] GC(477) Pause Cleanup
[2026-04-03T02:17:17.101+0600][88.362s][info][gc             ] GC(477) Pause Cleanup 577M->577M(750M) 0.754ms
[2026-04-03T02:17:17.101+0600][88.363s][info][gc,cpu         ] GC(477) User=0.00s Sys=0.00s Real=0.00s
[2026-04-03T02:17:17.101+0600][88.363s][info][gc,marking     ] GC(477) Concurrent Clear Claimed Marks
[2026-04-03T02:17:17.101+0600][88.363s][info][gc,marking     ] GC(477) Concurrent Clear Claimed Marks 0.344ms
[2026-04-03T02:17:17.101+0600][88.363s][info][gc,marking     ] GC(477) Concurrent Cleanup for Next Mark
[2026-04-03T02:17:17.102+0600][88.364s][info][gc,marking     ] GC(477) Concurrent Cleanup for Next Mark 0.801ms
[2026-04-03T02:17:17.102+0600][88.364s][info][gc             ] GC(477) Concurrent Mark Cycle 124.795ms
[2026-04-03T02:17:17.212+0600][88.474s][info][gc,start       ] GC(478) Pause Young (Prepare Mixed) (G1 Humongous Allocation)
[2026-04-03T02:17:17.212+0600][88.474s][info][gc,task        ] GC(478) Using 10 workers of 10 for evacuation
[2026-04-03T02:17:17.218+0600][88.479s][info][gc,phases      ] GC(478)   Pre Evacuate Collection Set: 0.61ms
[2026-04-03T02:17:17.218+0600][88.479s][info][gc,phases      ] GC(478)   Merge Heap Roots: 0.36ms
[2026-04-03T02:17:17.218+0600][88.479s][info][gc,phases      ] GC(478)   Evacuate Collection Set: 3.24ms
[2026-04-03T02:17:17.218+0600][88.479s][info][gc,phases      ] GC(478)   Post Evacuate Collection Set: 0.83ms
[2026-04-03T02:17:17.218+0600][88.480s][info][gc,phases      ] GC(478)   Other: 0.19ms
[2026-04-03T02:17:17.218+0600][88.480s][info][gc,heap        ] GC(478) Eden regions: 143->0(242)
[2026-04-03T02:17:17.218+0600][88.480s][info][gc,heap        ] GC(478) Survivor regions: 4->3(19)
[2026-04-03T02:17:17.218+0600][88.480s][info][gc,heap        ] GC(478) Old regions: 449->449
[2026-04-03T02:17:17.218+0600][88.480s][info][gc,heap        ] GC(478) Humongous regions: 135->10
[2026-04-03T02:17:17.218+0600][88.480s][info][gc,metaspace   ] GC(478) Metaspace: 132006K(133440K)->132006K(133440K) NonClass: 115423K(116160K)->115423K(116160K) Class: 16583K(17280K)->16583K(17280K)
[2026-04-03T02:17:17.218+0600][88.480s][info][gc             ] GC(478) Pause Young (Prepare Mixed) (G1 Humongous Allocation) 729M->460M(750M) 5.613ms
[2026-04-03T02:17:17.218+0600][88.480s][info][gc,cpu         ] GC(478) User=0.03s Sys=0.00s Real=0.00s
[2026-04-03T02:17:17.903+0600][89.165s][info][gc,heap,exit   ] Heap
[2026-04-03T02:17:17.904+0600][89.165s][info][gc,heap,exit   ]  garbage-first heap   total 768000K, used 512353K [0x00000000d1200000, 0x0000000100000000)
[2026-04-03T02:17:17.904+0600][89.165s][info][gc,heap,exit   ]   region size 1024K, 31 young (31744K), 3 survivors (3072K)
[2026-04-03T02:17:17.904+0600][89.165s][info][gc,heap,exit   ]  Metaspace       used 132501K, committed 133952K, reserved 1179648K
[2026-04-03T02:17:17.904+0600][89.165s][info][gc,heap,exit   ]   class space    used 16675K, committed 17344K, reserved 1048576K
