[2026-04-03T02:08:45.549+0600][0.005s][info][gc,init] CardTable entry size: 512
[2026-04-03T02:08:45.549+0600][0.005s][info][gc     ] Using G1
[2026-04-03T02:08:45.553+0600][0.009s][info][gc,init] Version: 21.0.10+7-Ubuntu-124.04 (release)
[2026-04-03T02:08:45.553+0600][0.009s][info][gc,init] CPUs: 12 total, 12 available
[2026-04-03T02:08:45.553+0600][0.009s][info][gc,init] Memory: 15683M
[2026-04-03T02:08:45.553+0600][0.009s][info][gc,init] Large Page Support: Disabled
[2026-04-03T02:08:45.553+0600][0.009s][info][gc,init] NUMA Support: Disabled
[2026-04-03T02:08:45.553+0600][0.009s][info][gc,init] Compressed Oops: Enabled (32-bit)
[2026-04-03T02:08:45.553+0600][0.009s][info][gc,init] Heap Region Size: 1M
[2026-04-03T02:08:45.553+0600][0.009s][info][gc,init] Heap Min Capacity: 8M
[2026-04-03T02:08:45.553+0600][0.009s][info][gc,init] Heap Initial Capacity: 246M
[2026-04-03T02:08:45.553+0600][0.009s][info][gc,init] Heap Max Capacity: 500M
[2026-04-03T02:08:45.553+0600][0.009s][info][gc,init] Pre-touch: Disabled
[2026-04-03T02:08:45.553+0600][0.009s][info][gc,init] Parallel Workers: 10
[2026-04-03T02:08:45.553+0600][0.009s][info][gc,init] Concurrent Workers: 3
[2026-04-03T02:08:45.553+0600][0.009s][info][gc,init] Concurrent Refinement Workers: 10
[2026-04-03T02:08:45.553+0600][0.009s][info][gc,init] Periodic GC: Disabled
[2026-04-03T02:08:45.563+0600][0.019s][info][gc,metaspace] CDS archive(s) mapped at: [0x00007d52ff000000-0x00007d52ffc9c000-0x00007d52ffc9c000), size 13221888, SharedBaseAddress: 0x00007d52ff000000, ArchiveRelocationMode: 1.
[2026-04-03T02:08:45.563+0600][0.019s][info][gc,metaspace] Compressed class space mapped at: 0x00007d5300000000-0x00007d5340000000, reserved size: 1073741824
[2026-04-03T02:08:45.563+0600][0.019s][info][gc,metaspace] Narrow klass base: 0x00007d52ff000000, Narrow klass shift: 0, Narrow klass range: 0x100000000
[2026-04-03T02:08:45.920+0600][0.376s][info][gc,start    ] GC(0) Pause Young (Normal) (G1 Evacuation Pause)
[2026-04-03T02:08:45.920+0600][0.376s][info][gc,task     ] GC(0) Using 5 workers of 10 for evacuation
[2026-04-03T02:08:45.923+0600][0.379s][info][gc,phases   ] GC(0)   Pre Evacuate Collection Set: 0.12ms
[2026-04-03T02:08:45.923+0600][0.379s][info][gc,phases   ] GC(0)   Merge Heap Roots: 0.09ms
[2026-04-03T02:08:45.923+0600][0.379s][info][gc,phases   ] GC(0)   Evacuate Collection Set: 1.86ms
[2026-04-03T02:08:45.923+0600][0.379s][info][gc,phases   ] GC(0)   Post Evacuate Collection Set: 0.36ms
[2026-04-03T02:08:45.923+0600][0.379s][info][gc,phases   ] GC(0)   Other: 0.61ms
[2026-04-03T02:08:45.923+0600][0.379s][info][gc,heap     ] GC(0) Eden regions: 23->0(46)
[2026-04-03T02:08:45.923+0600][0.379s][info][gc,heap     ] GC(0) Survivor regions: 0->3(3)
[2026-04-03T02:08:45.923+0600][0.379s][info][gc,heap     ] GC(0) Old regions: 2->2
[2026-04-03T02:08:45.923+0600][0.379s][info][gc,heap     ] GC(0) Humongous regions: 0->0
[2026-04-03T02:08:45.923+0600][0.379s][info][gc,metaspace] GC(0) Metaspace: 2598K(2752K)->2598K(2752K) NonClass: 2365K(2432K)->2365K(2432K) Class: 233K(320K)->233K(320K)
[2026-04-03T02:08:45.923+0600][0.379s][info][gc          ] GC(0) Pause Young (Normal) (G1 Evacuation Pause) 24M->3M(248M) 3.310ms
[2026-04-03T02:08:45.923+0600][0.379s][info][gc,cpu      ] GC(0) User=0.02s Sys=0.01s Real=0.00s
[2026-04-03T02:08:46.063+0600][0.519s][info][gc,start    ] GC(1) Pause Young (Normal) (G1 Evacuation Pause)
[2026-04-03T02:08:46.063+0600][0.519s][info][gc,task     ] GC(1) Using 5 workers of 10 for evacuation
[2026-04-03T02:08:46.065+0600][0.521s][info][gc,phases   ] GC(1)   Pre Evacuate Collection Set: 0.12ms
[2026-04-03T02:08:46.065+0600][0.521s][info][gc,phases   ] GC(1)   Merge Heap Roots: 0.04ms
[2026-04-03T02:08:46.065+0600][0.521s][info][gc,phases   ] GC(1)   Evacuate Collection Set: 1.52ms
[2026-04-03T02:08:46.065+0600][0.521s][info][gc,phases   ] GC(1)   Post Evacuate Collection Set: 0.27ms
[2026-04-03T02:08:46.065+0600][0.521s][info][gc,phases   ] GC(1)   Other: 0.07ms
[2026-04-03T02:08:46.065+0600][0.521s][info][gc,heap     ] GC(1) Eden regions: 46->0(144)
[2026-04-03T02:08:46.065+0600][0.521s][info][gc,heap     ] GC(1) Survivor regions: 3->3(7)
[2026-04-03T02:08:46.065+0600][0.521s][info][gc,heap     ] GC(1) Old regions: 2->2
[2026-04-03T02:08:46.065+0600][0.521s][info][gc,heap     ] GC(1) Humongous regions: 0->0
[2026-04-03T02:08:46.065+0600][0.521s][info][gc,metaspace] GC(1) Metaspace: 3956K(4096K)->3956K(4096K) NonClass: 3507K(3584K)->3507K(3584K) Class: 448K(512K)->448K(512K)
[2026-04-03T02:08:46.065+0600][0.521s][info][gc          ] GC(1) Pause Young (Normal) (G1 Evacuation Pause) 49M->3M(248M) 2.209ms
[2026-04-03T02:08:46.065+0600][0.521s][info][gc,cpu      ] GC(1) User=0.00s Sys=0.00s Real=0.00s
[2026-04-03T02:08:46.596+0600][1.051s][info][gc,start    ] GC(2) Pause Young (Normal) (G1 Evacuation Pause)
[2026-04-03T02:08:46.596+0600][1.052s][info][gc,task     ] GC(2) Using 5 workers of 10 for evacuation
[2026-04-03T02:08:46.599+0600][1.055s][info][gc,phases   ] GC(2)   Pre Evacuate Collection Set: 0.26ms
[2026-04-03T02:08:46.599+0600][1.055s][info][gc,phases   ] GC(2)   Merge Heap Roots: 0.11ms
[2026-04-03T02:08:46.599+0600][1.055s][info][gc,phases   ] GC(2)   Evacuate Collection Set: 2.25ms
[2026-04-03T02:08:46.599+0600][1.055s][info][gc,phases   ] GC(2)   Post Evacuate Collection Set: 0.54ms
[2026-04-03T02:08:46.599+0600][1.055s][info][gc,phases   ] GC(2)   Other: 0.12ms
[2026-04-03T02:08:46.599+0600][1.055s][info][gc,heap     ] GC(2) Eden regions: 144->0(143)
[2026-04-03T02:08:46.599+0600][1.055s][info][gc,heap     ] GC(2) Survivor regions: 3->4(19)
[2026-04-03T02:08:46.599+0600][1.055s][info][gc,heap     ] GC(2) Old regions: 2->2
[2026-04-03T02:08:46.599+0600][1.055s][info][gc,heap     ] GC(2) Humongous regions: 0->0
[2026-04-03T02:08:46.599+0600][1.055s][info][gc,metaspace] GC(2) Metaspace: 10140K(10368K)->10140K(10368K) NonClass: 8876K(9024K)->8876K(9024K) Class: 1264K(1344K)->1264K(1344K)
[2026-04-03T02:08:46.599+0600][1.055s][info][gc          ] GC(2) Pause Young (Normal) (G1 Evacuation Pause) 147M->4M(248M) 3.529ms
[2026-04-03T02:08:46.599+0600][1.055s][info][gc,cpu      ] GC(2) User=0.01s Sys=0.01s Real=0.00s
[2026-04-03T02:08:49.226+0600][3.682s][info][gc,start    ] GC(3) Pause Young (Normal) (G1 Evacuation Pause)
[2026-04-03T02:08:49.227+0600][3.682s][info][gc,task     ] GC(3) Using 5 workers of 10 for evacuation
[2026-04-03T02:08:49.233+0600][3.689s][info][gc,phases   ] GC(3)   Pre Evacuate Collection Set: 0.23ms
[2026-04-03T02:08:49.233+0600][3.689s][info][gc,phases   ] GC(3)   Merge Heap Roots: 0.08ms
[2026-04-03T02:08:49.233+0600][3.689s][info][gc,phases   ] GC(3)   Evacuate Collection Set: 4.80ms
[2026-04-03T02:08:49.233+0600][3.689s][info][gc,phases   ] GC(3)   Post Evacuate Collection Set: 1.25ms
[2026-04-03T02:08:49.233+0600][3.689s][info][gc,phases   ] GC(3)   Other: 0.09ms
[2026-04-03T02:08:49.233+0600][3.689s][info][gc,heap     ] GC(3) Eden regions: 143->0(133)
[2026-04-03T02:08:49.233+0600][3.689s][info][gc,heap     ] GC(3) Survivor regions: 4->14(19)
[2026-04-03T02:08:49.233+0600][3.689s][info][gc,heap     ] GC(3) Old regions: 2->2
[2026-04-03T02:08:49.233+0600][3.689s][info][gc,heap     ] GC(3) Humongous regions: 7->7
[2026-04-03T02:08:49.233+0600][3.689s][info][gc,metaspace] GC(3) Metaspace: 18899K(19200K)->18899K(19200K) NonClass: 16498K(16640K)->16498K(16640K) Class: 2401K(2560K)->2401K(2560K)
[2026-04-03T02:08:49.233+0600][3.689s][info][gc          ] GC(3) Pause Young (Normal) (G1 Evacuation Pause) 154M->21M(248M) 6.723ms
[2026-04-03T02:08:49.233+0600][3.689s][info][gc,cpu      ] GC(3) User=0.04s Sys=0.00s Real=0.01s
[2026-04-03T02:08:49.413+0600][3.869s][info][gc,start    ] GC(4) Pause Young (Concurrent Start) (Metadata GC Threshold)
[2026-04-03T02:08:49.413+0600][3.869s][info][gc,task     ] GC(4) Using 5 workers of 10 for evacuation
[2026-04-03T02:08:49.418+0600][3.874s][info][gc,phases   ] GC(4)   Pre Evacuate Collection Set: 0.36ms
[2026-04-03T02:08:49.418+0600][3.874s][info][gc,phases   ] GC(4)   Merge Heap Roots: 0.05ms
[2026-04-03T02:08:49.418+0600][3.874s][info][gc,phases   ] GC(4)   Evacuate Collection Set: 4.19ms
[2026-04-03T02:08:49.418+0600][3.874s][info][gc,phases   ] GC(4)   Post Evacuate Collection Set: 0.89ms
[2026-04-03T02:08:49.418+0600][3.874s][info][gc,phases   ] GC(4)   Other: 0.18ms
[2026-04-03T02:08:49.418+0600][3.874s][info][gc,heap     ] GC(4) Eden regions: 7->0(136)
[2026-04-03T02:08:49.419+0600][3.874s][info][gc,heap     ] GC(4) Survivor regions: 14->11(19)
[2026-04-03T02:08:49.419+0600][3.874s][info][gc,heap     ] GC(4) Old regions: 2->6
[2026-04-03T02:08:49.419+0600][3.874s][info][gc,heap     ] GC(4) Humongous regions: 7->7
[2026-04-03T02:08:49.419+0600][3.874s][info][gc,metaspace] GC(4) Metaspace: 21213K(21504K)->21213K(21504K) NonClass: 18581K(18688K)->18581K(18688K) Class: 2632K(2816K)->2632K(2816K)
[2026-04-03T02:08:49.419+0600][3.874s][info][gc          ] GC(4) Pause Young (Concurrent Start) (Metadata GC Threshold) 28M->22M(248M) 5.897ms
[2026-04-03T02:08:49.419+0600][3.874s][info][gc,cpu      ] GC(4) User=0.02s Sys=0.00s Real=0.00s
[2026-04-03T02:08:49.419+0600][3.874s][info][gc          ] GC(5) Concurrent Mark Cycle
[2026-04-03T02:08:49.419+0600][3.875s][info][gc,marking  ] GC(5) Concurrent Scan Root Regions
[2026-04-03T02:08:49.421+0600][3.877s][info][gc,marking  ] GC(5) Concurrent Scan Root Regions 2.634ms
[2026-04-03T02:08:49.421+0600][3.877s][info][gc,marking  ] GC(5) Concurrent Mark
[2026-04-03T02:08:49.421+0600][3.877s][info][gc,marking  ] GC(5) Concurrent Mark From Roots
[2026-04-03T02:08:49.421+0600][3.877s][info][gc,task     ] GC(5) Using 3 workers of 3 for marking
[2026-04-03T02:08:49.424+0600][3.880s][info][gc,marking  ] GC(5) Concurrent Mark From Roots 2.789ms
[2026-04-03T02:08:49.424+0600][3.880s][info][gc,marking  ] GC(5) Concurrent Preclean
[2026-04-03T02:08:49.424+0600][3.880s][info][gc,marking  ] GC(5) Concurrent Preclean 0.018ms
[2026-04-03T02:08:49.424+0600][3.880s][info][gc,start    ] GC(5) Pause Remark
[2026-04-03T02:08:49.427+0600][3.883s][info][gc          ] GC(5) Pause Remark 22M->22M(80M) 3.053ms
[2026-04-03T02:08:49.428+0600][3.883s][info][gc,cpu      ] GC(5) User=0.01s Sys=0.00s Real=0.00s
[2026-04-03T02:08:49.428+0600][3.883s][info][gc,marking  ] GC(5) Concurrent Mark 6.198ms
[2026-04-03T02:08:49.428+0600][3.884s][info][gc,marking  ] GC(5) Concurrent Rebuild Remembered Sets and Scrub Regions
[2026-04-03T02:08:49.429+0600][3.885s][info][gc,marking  ] GC(5) Concurrent Rebuild Remembered Sets and Scrub Regions 1.648ms
[2026-04-03T02:08:49.442+0600][3.898s][info][gc,start    ] GC(5) Pause Cleanup
[2026-04-03T02:08:49.442+0600][3.898s][info][gc          ] GC(5) Pause Cleanup 22M->22M(80M) 0.274ms
[2026-04-03T02:08:49.442+0600][3.898s][info][gc,cpu      ] GC(5) User=0.00s Sys=0.00s Real=0.00s
[2026-04-03T02:08:49.442+0600][3.898s][info][gc,marking  ] GC(5) Concurrent Clear Claimed Marks
[2026-04-03T02:08:49.442+0600][3.898s][info][gc,marking  ] GC(5) Concurrent Clear Claimed Marks 0.055ms
[2026-04-03T02:08:49.442+0600][3.898s][info][gc,marking  ] GC(5) Concurrent Cleanup for Next Mark
[2026-04-03T02:08:49.443+0600][3.899s][info][gc,marking  ] GC(5) Concurrent Cleanup for Next Mark 0.735ms
[2026-04-03T02:08:49.443+0600][3.899s][info][gc          ] GC(5) Concurrent Mark Cycle 24.535ms
[2026-04-03T02:08:50.758+0600][5.214s][info][gc,start    ] GC(6) Pause Young (Prepare Mixed) (G1 Evacuation Pause)
[2026-04-03T02:08:50.758+0600][5.214s][info][gc,task     ] GC(6) Using 3 workers of 10 for evacuation
[2026-04-03T02:08:50.767+0600][5.223s][info][gc,phases   ] GC(6)   Pre Evacuate Collection Set: 0.29ms
[2026-04-03T02:08:50.767+0600][5.223s][info][gc,phases   ] GC(6)   Merge Heap Roots: 0.15ms
[2026-04-03T02:08:50.767+0600][5.223s][info][gc,phases   ] GC(6)   Evacuate Collection Set: 7.62ms
[2026-04-03T02:08:50.767+0600][5.223s][info][gc,phases   ] GC(6)   Post Evacuate Collection Set: 0.87ms
[2026-04-03T02:08:50.767+0600][5.223s][info][gc,phases   ] GC(6)   Other: 0.06ms
[2026-04-03T02:08:50.767+0600][5.223s][info][gc,heap     ] GC(6) Eden regions: 54->0(56)
[2026-04-03T02:08:50.767+0600][5.223s][info][gc,heap     ] GC(6) Survivor regions: 11->3(19)
[2026-04-03T02:08:50.767+0600][5.223s][info][gc,heap     ] GC(6) Old regions: 6->16
[2026-04-03T02:08:50.767+0600][5.223s][info][gc,heap     ] GC(6) Humongous regions: 15->9
[2026-04-03T02:08:50.767+0600][5.223s][info][gc,metaspace] GC(6) Metaspace: 28632K(28928K)->28632K(28928K) NonClass: 25069K(25216K)->25069K(25216K) Class: 3562K(3712K)->3562K(3712K)
[2026-04-03T02:08:50.767+0600][5.223s][info][gc          ] GC(6) Pause Young (Prepare Mixed) (G1 Evacuation Pause) 84M->25M(99M) 9.214ms
[2026-04-03T02:08:50.767+0600][5.223s][info][gc,cpu      ] GC(6) User=0.02s Sys=0.01s Real=0.01s
[2026-04-03T02:08:52.262+0600][6.718s][info][gc,start    ] GC(7) Pause Young (Mixed) (Metadata GC Threshold)
[2026-04-03T02:08:52.262+0600][6.718s][info][gc,task     ] GC(7) Using 2 workers of 10 for evacuation
[2026-04-03T02:08:52.270+0600][6.726s][info][gc,phases   ] GC(7)   Pre Evacuate Collection Set: 0.18ms
[2026-04-03T02:08:52.270+0600][6.726s][info][gc,phases   ] GC(7)   Merge Heap Roots: 0.08ms
[2026-04-03T02:08:52.270+0600][6.726s][info][gc,phases   ] GC(7)   Evacuate Collection Set: 6.86ms
[2026-04-03T02:08:52.270+0600][6.726s][info][gc,phases   ] GC(7)   Post Evacuate Collection Set: 0.91ms
[2026-04-03T02:08:52.270+0600][6.726s][info][gc,phases   ] GC(7)   Other: 0.09ms
[2026-04-03T02:08:52.270+0600][6.726s][info][gc,heap     ] GC(7) Eden regions: 52->0(54)
[2026-04-03T02:08:52.270+0600][6.726s][info][gc,heap     ] GC(7) Survivor regions: 3->5(8)
[2026-04-03T02:08:52.270+0600][6.726s][info][gc,heap     ] GC(7) Old regions: 16->15
[2026-04-03T02:08:52.270+0600][6.726s][info][gc,heap     ] GC(7) Humongous regions: 21->7
[2026-04-03T02:08:52.270+0600][6.726s][info][gc,metaspace] GC(7) Metaspace: 35829K(36160K)->35829K(36160K) NonClass: 31370K(31552K)->31370K(31552K) Class: 4458K(4608K)->4458K(4608K)
[2026-04-03T02:08:52.270+0600][6.726s][info][gc          ] GC(7) Pause Young (Mixed) (Metadata GC Threshold) 89M->25M(99M) 8.404ms
[2026-04-03T02:08:52.270+0600][6.726s][info][gc,cpu      ] GC(7) User=0.02s Sys=0.00s Real=0.01s
[2026-04-03T02:08:52.294+0600][6.750s][info][gc,start    ] GC(8) Pause Young (Concurrent Start) (Metadata GC Threshold)
[2026-04-03T02:08:52.294+0600][6.750s][info][gc,task     ] GC(8) Using 2 workers of 10 for evacuation
[2026-04-03T02:08:52.301+0600][6.757s][info][gc,phases   ] GC(8)   Pre Evacuate Collection Set: 0.27ms
[2026-04-03T02:08:52.301+0600][6.757s][info][gc,phases   ] GC(8)   Merge Heap Roots: 0.12ms
[2026-04-03T02:08:52.301+0600][6.757s][info][gc,phases   ] GC(8)   Evacuate Collection Set: 6.09ms
[2026-04-03T02:08:52.301+0600][6.757s][info][gc,phases   ] GC(8)   Post Evacuate Collection Set: 0.39ms
[2026-04-03T02:08:52.301+0600][6.757s][info][gc,phases   ] GC(8)   Other: 0.16ms
[2026-04-03T02:08:52.301+0600][6.757s][info][gc,heap     ] GC(8) Eden regions: 4->0(55)
[2026-04-03T02:08:52.301+0600][6.757s][info][gc,heap     ] GC(8) Survivor regions: 5->4(8)
[2026-04-03T02:08:52.301+0600][6.757s][info][gc,heap     ] GC(8) Old regions: 15->16
[2026-04-03T02:08:52.301+0600][6.757s][info][gc,heap     ] GC(8) Humongous regions: 7->7
[2026-04-03T02:08:52.301+0600][6.757s][info][gc,metaspace] GC(8) Metaspace: 36126K(36480K)->36126K(36480K) NonClass: 31629K(31808K)->31629K(31808K) Class: 4496K(4672K)->4496K(4672K)
[2026-04-03T02:08:52.301+0600][6.757s][info][gc          ] GC(8) Pause Young (Concurrent Start) (Metadata GC Threshold) 29M->25M(99M) 7.253ms
[2026-04-03T02:08:52.301+0600][6.757s][info][gc,cpu      ] GC(8) User=0.02s Sys=0.00s Real=0.01s
[2026-04-03T02:08:52.302+0600][6.757s][info][gc          ] GC(9) Concurrent Mark Cycle
[2026-04-03T02:08:52.302+0600][6.757s][info][gc,marking  ] GC(9) Concurrent Scan Root Regions
[2026-04-03T02:08:52.304+0600][6.760s][info][gc,marking  ] GC(9) Concurrent Scan Root Regions 2.247ms
[2026-04-03T02:08:52.304+0600][6.760s][info][gc,marking  ] GC(9) Concurrent Mark
[2026-04-03T02:08:52.304+0600][6.760s][info][gc,marking  ] GC(9) Concurrent Mark From Roots
[2026-04-03T02:08:52.304+0600][6.760s][info][gc,task     ] GC(9) Using 3 workers of 3 for marking
[2026-04-03T02:08:52.310+0600][6.765s][info][gc,marking  ] GC(9) Concurrent Mark From Roots 5.695ms
[2026-04-03T02:08:52.310+0600][6.766s][info][gc,marking  ] GC(9) Concurrent Preclean
[2026-04-03T02:08:52.310+0600][6.766s][info][gc,marking  ] GC(9) Concurrent Preclean 0.081ms
[2026-04-03T02:08:52.310+0600][6.766s][info][gc,start    ] GC(9) Pause Remark
[2026-04-03T02:08:52.315+0600][6.771s][info][gc          ] GC(9) Pause Remark 26M->26M(90M) 4.890ms
[2026-04-03T02:08:52.315+0600][6.771s][info][gc,cpu      ] GC(9) User=0.01s Sys=0.00s Real=0.00s
[2026-04-03T02:08:52.315+0600][6.771s][info][gc,marking  ] GC(9) Concurrent Mark 11.279ms
[2026-04-03T02:08:52.315+0600][6.771s][info][gc,marking  ] GC(9) Concurrent Rebuild Remembered Sets and Scrub Regions
[2026-04-03T02:08:52.318+0600][6.774s][info][gc,marking  ] GC(9) Concurrent Rebuild Remembered Sets and Scrub Regions 3.089ms
[2026-04-03T02:08:52.318+0600][6.774s][info][gc,start    ] GC(9) Pause Cleanup
[2026-04-03T02:08:52.319+0600][6.775s][info][gc          ] GC(9) Pause Cleanup 26M->26M(90M) 0.213ms
[2026-04-03T02:08:52.319+0600][6.775s][info][gc,cpu      ] GC(9) User=0.00s Sys=0.00s Real=0.00s
[2026-04-03T02:08:52.319+0600][6.775s][info][gc,marking  ] GC(9) Concurrent Clear Claimed Marks
[2026-04-03T02:08:52.319+0600][6.775s][info][gc,marking  ] GC(9) Concurrent Clear Claimed Marks 0.062ms
[2026-04-03T02:08:52.319+0600][6.775s][info][gc,marking  ] GC(9) Concurrent Cleanup for Next Mark
[2026-04-03T02:08:52.319+0600][6.775s][info][gc,marking  ] GC(9) Concurrent Cleanup for Next Mark 0.416ms
[2026-04-03T02:08:52.319+0600][6.775s][info][gc          ] GC(9) Concurrent Mark Cycle 17.768ms
[2026-04-03T02:08:53.835+0600][8.291s][info][gc,start    ] GC(10) Pause Young (Prepare Mixed) (G1 Evacuation Pause)
[2026-04-03T02:08:53.835+0600][8.291s][info][gc,task     ] GC(10) Using 2 workers of 10 for evacuation
[2026-04-03T02:08:53.847+0600][8.303s][info][gc,phases   ] GC(10)   Pre Evacuate Collection Set: 0.27ms
[2026-04-03T02:08:53.847+0600][8.303s][info][gc,phases   ] GC(10)   Merge Heap Roots: 0.15ms
[2026-04-03T02:08:53.847+0600][8.303s][info][gc,phases   ] GC(10)   Evacuate Collection Set: 10.74ms
[2026-04-03T02:08:53.847+0600][8.303s][info][gc,phases   ] GC(10)   Post Evacuate Collection Set: 0.73ms
[2026-04-03T02:08:53.847+0600][8.303s][info][gc,phases   ] GC(10)   Other: 0.09ms
[2026-04-03T02:08:53.847+0600][8.303s][info][gc,heap     ] GC(10) Eden regions: 50->0(51)
[2026-04-03T02:08:53.847+0600][8.303s][info][gc,heap     ] GC(10) Survivor regions: 4->6(8)
[2026-04-03T02:08:53.847+0600][8.303s][info][gc,heap     ] GC(10) Old regions: 16->16
[2026-04-03T02:08:53.847+0600][8.303s][info][gc,heap     ] GC(10) Humongous regions: 20->8
[2026-04-03T02:08:53.847+0600][8.303s][info][gc,metaspace] GC(10) Metaspace: 42822K(43264K)->42822K(43264K) NonClass: 37501K(37760K)->37501K(37760K) Class: 5320K(5504K)->5320K(5504K)
[2026-04-03T02:08:53.847+0600][8.303s][info][gc          ] GC(10) Pause Young (Prepare Mixed) (G1 Evacuation Pause) 88M->28M(96M) 12.244ms
[2026-04-03T02:08:53.847+0600][8.303s][info][gc,cpu      ] GC(10) User=0.03s Sys=0.00s Real=0.01s
[2026-04-03T02:08:55.540+0600][9.995s][info][gc,start    ] GC(11) Pause Young (Mixed) (G1 Evacuation Pause)
[2026-04-03T02:08:55.540+0600][9.996s][info][gc,task     ] GC(11) Using 2 workers of 10 for evacuation
[2026-04-03T02:08:55.552+0600][10.008s][info][gc,phases   ] GC(11)   Pre Evacuate Collection Set: 0.34ms
[2026-04-03T02:08:55.552+0600][10.008s][info][gc,phases   ] GC(11)   Merge Heap Roots: 0.22ms
[2026-04-03T02:08:55.552+0600][10.008s][info][gc,phases   ] GC(11)   Evacuate Collection Set: 11.23ms
[2026-04-03T02:08:55.552+0600][10.008s][info][gc,phases   ] GC(11)   Post Evacuate Collection Set: 0.83ms
[2026-04-03T02:08:55.552+0600][10.008s][info][gc,phases   ] GC(11)   Other: 0.08ms
[2026-04-03T02:08:55.552+0600][10.008s][info][gc,heap     ] GC(11) Eden regions: 51->0(55)
[2026-04-03T02:08:55.552+0600][10.008s][info][gc,heap     ] GC(11) Survivor regions: 6->7(8)
[2026-04-03T02:08:55.552+0600][10.008s][info][gc,heap     ] GC(11) Old regions: 16->17
[2026-04-03T02:08:55.553+0600][10.008s][info][gc,heap     ] GC(11) Humongous regions: 22->8
[2026-04-03T02:08:55.553+0600][10.008s][info][gc,metaspace] GC(11) Metaspace: 50257K(50688K)->50257K(50688K) NonClass: 44030K(44288K)->44030K(44288K) Class: 6226K(6400K)->6226K(6400K)
[2026-04-03T02:08:55.553+0600][10.008s][info][gc          ] GC(11) Pause Young (Mixed) (G1 Evacuation Pause) 93M->30M(104M) 12.995ms
[2026-04-03T02:08:55.553+0600][10.008s][info][gc,cpu      ] GC(11) User=0.03s Sys=0.00s Real=0.02s
[2026-04-03T02:08:56.235+0600][10.691s][info][gc,start    ] GC(12) Pause Young (Normal) (G1 Evacuation Pause)
[2026-04-03T02:08:56.235+0600][10.691s][info][gc,task     ] GC(12) Using 2 workers of 10 for evacuation
[2026-04-03T02:08:56.250+0600][10.706s][info][gc,phases   ] GC(12)   Pre Evacuate Collection Set: 0.38ms
[2026-04-03T02:08:56.250+0600][10.706s][info][gc,phases   ] GC(12)   Merge Heap Roots: 0.17ms
[2026-04-03T02:08:56.250+0600][10.706s][info][gc,phases   ] GC(12)   Evacuate Collection Set: 13.06ms
[2026-04-03T02:08:56.250+0600][10.706s][info][gc,phases   ] GC(12)   Post Evacuate Collection Set: 0.93ms
[2026-04-03T02:08:56.250+0600][10.706s][info][gc,phases   ] GC(12)   Other: 0.14ms
[2026-04-03T02:08:56.250+0600][10.706s][info][gc,heap     ] GC(12) Eden regions: 55->0(56)
[2026-04-03T02:08:56.250+0600][10.706s][info][gc,heap     ] GC(12) Survivor regions: 7->6(8)
[2026-04-03T02:08:56.250+0600][10.706s][info][gc,heap     ] GC(12) Old regions: 17->21
[2026-04-03T02:08:56.250+0600][10.706s][info][gc,heap     ] GC(12) Humongous regions: 8->8
[2026-04-03T02:08:56.250+0600][10.706s][info][gc,metaspace] GC(12) Metaspace: 60648K(61120K)->60648K(61120K) NonClass: 53228K(53504K)->53228K(53504K) Class: 7419K(7616K)->7419K(7616K)
[2026-04-03T02:08:56.250+0600][10.706s][info][gc          ] GC(12) Pause Young (Normal) (G1 Evacuation Pause) 85M->34M(104M) 15.026ms
[2026-04-03T02:08:56.250+0600][10.706s][info][gc,cpu      ] GC(12) User=0.07s Sys=0.00s Real=0.02s
[2026-04-03T02:08:56.271+0600][10.727s][info][gc,start    ] GC(13) Pause Young (Concurrent Start) (Metadata GC Threshold)
[2026-04-03T02:08:56.271+0600][10.727s][info][gc,task     ] GC(13) Using 2 workers of 10 for evacuation
[2026-04-03T02:08:56.281+0600][10.737s][info][gc,phases   ] GC(13)   Pre Evacuate Collection Set: 0.37ms
[2026-04-03T02:08:56.281+0600][10.737s][info][gc,phases   ] GC(13)   Merge Heap Roots: 0.21ms
[2026-04-03T02:08:56.281+0600][10.737s][info][gc,phases   ] GC(13)   Evacuate Collection Set: 7.93ms
[2026-04-03T02:08:56.281+0600][10.737s][info][gc,phases   ] GC(13)   Post Evacuate Collection Set: 1.07ms
[2026-04-03T02:08:56.281+0600][10.737s][info][gc,phases   ] GC(13)   Other: 0.23ms
[2026-04-03T02:08:56.281+0600][10.737s][info][gc,heap     ] GC(13) Eden regions: 1->0(59)
[2026-04-03T02:08:56.281+0600][10.737s][info][gc,heap     ] GC(13) Survivor regions: 6->3(8)
[2026-04-03T02:08:56.281+0600][10.737s][info][gc,heap     ] GC(13) Old regions: 21->24
[2026-04-03T02:08:56.281+0600][10.737s][info][gc,heap     ] GC(13) Humongous regions: 8->8
[2026-04-03T02:08:56.281+0600][10.737s][info][gc,metaspace] GC(13) Metaspace: 60709K(61120K)->60709K(61120K) NonClass: 53289K(53504K)->53289K(53504K) Class: 7420K(7616K)->7420K(7616K)
[2026-04-03T02:08:56.281+0600][10.737s][info][gc          ] GC(13) Pause Young (Concurrent Start) (Metadata GC Threshold) 35M->34M(104M) 10.167ms
[2026-04-03T02:08:56.281+0600][10.737s][info][gc,cpu      ] GC(13) User=0.04s Sys=0.00s Real=0.01s
[2026-04-03T02:08:56.282+0600][10.737s][info][gc          ] GC(14) Concurrent Mark Cycle
[2026-04-03T02:08:56.282+0600][10.737s][info][gc,marking  ] GC(14) Concurrent Scan Root Regions
[2026-04-03T02:08:56.284+0600][10.740s][info][gc,marking  ] GC(14) Concurrent Scan Root Regions 2.051ms
[2026-04-03T02:08:56.284+0600][10.740s][info][gc,marking  ] GC(14) Concurrent Mark
[2026-04-03T02:08:56.284+0600][10.740s][info][gc,marking  ] GC(14) Concurrent Mark From Roots
[2026-04-03T02:08:56.284+0600][10.740s][info][gc,task     ] GC(14) Using 3 workers of 3 for marking
[2026-04-03T02:08:56.301+0600][10.756s][info][gc,marking  ] GC(14) Concurrent Mark From Roots 16.812ms
[2026-04-03T02:08:56.301+0600][10.757s][info][gc,marking  ] GC(14) Concurrent Preclean
[2026-04-03T02:08:56.301+0600][10.757s][info][gc,marking  ] GC(14) Concurrent Preclean 0.193ms
[2026-04-03T02:08:56.301+0600][10.757s][info][gc,start    ] GC(14) Pause Remark
[2026-04-03T02:08:56.309+0600][10.765s][info][gc          ] GC(14) Pause Remark 34M->34M(104M) 7.840ms
[2026-04-03T02:08:56.309+0600][10.765s][info][gc,cpu      ] GC(14) User=0.02s Sys=0.00s Real=0.00s
[2026-04-03T02:08:56.310+0600][10.765s][info][gc,marking  ] GC(14) Concurrent Mark 25.778ms
[2026-04-03T02:08:56.310+0600][10.765s][info][gc,marking  ] GC(14) Concurrent Rebuild Remembered Sets and Scrub Regions
[2026-04-03T02:08:56.318+0600][10.774s][info][gc,marking  ] GC(14) Concurrent Rebuild Remembered Sets and Scrub Regions 8.380ms
[2026-04-03T02:08:56.318+0600][10.774s][info][gc,start    ] GC(14) Pause Cleanup
[2026-04-03T02:08:56.319+0600][10.774s][info][gc          ] GC(14) Pause Cleanup 34M->34M(104M) 0.255ms
[2026-04-03T02:08:56.319+0600][10.774s][info][gc,cpu      ] GC(14) User=0.00s Sys=0.00s Real=0.00s
[2026-04-03T02:08:56.319+0600][10.775s][info][gc,marking  ] GC(14) Concurrent Clear Claimed Marks
[2026-04-03T02:08:56.319+0600][10.775s][info][gc,marking  ] GC(14) Concurrent Clear Claimed Marks 0.125ms
[2026-04-03T02:08:56.319+0600][10.775s][info][gc,marking  ] GC(14) Concurrent Cleanup for Next Mark
[2026-04-03T02:08:56.319+0600][10.775s][info][gc,marking  ] GC(14) Concurrent Cleanup for Next Mark 0.476ms
[2026-04-03T02:08:56.319+0600][10.775s][info][gc          ] GC(14) Concurrent Mark Cycle 37.916ms
[2026-04-03T02:08:56.795+0600][11.251s][info][gc,start    ] GC(15) Pause Young (Prepare Mixed) (G1 Evacuation Pause)
[2026-04-03T02:08:56.795+0600][11.251s][info][gc,task     ] GC(15) Using 2 workers of 10 for evacuation
[2026-04-03T02:08:56.808+0600][11.264s][info][gc,phases   ] GC(15)   Pre Evacuate Collection Set: 0.12ms
[2026-04-03T02:08:56.808+0600][11.264s][info][gc,phases   ] GC(15)   Merge Heap Roots: 0.17ms
[2026-04-03T02:08:56.808+0600][11.264s][info][gc,phases   ] GC(15)   Evacuate Collection Set: 11.39ms
[2026-04-03T02:08:56.808+0600][11.264s][info][gc,phases   ] GC(15)   Post Evacuate Collection Set: 1.29ms
[2026-04-03T02:08:56.808+0600][11.264s][info][gc,phases   ] GC(15)   Other: 0.07ms
[2026-04-03T02:08:56.808+0600][11.264s][info][gc,heap     ] GC(15) Eden regions: 59->0(56)
[2026-04-03T02:08:56.808+0600][11.264s][info][gc,heap     ] GC(15) Survivor regions: 3->6(8)
[2026-04-03T02:08:56.808+0600][11.264s][info][gc,heap     ] GC(15) Old regions: 24->24
[2026-04-03T02:08:56.808+0600][11.264s][info][gc,heap     ] GC(15) Humongous regions: 8->8
[2026-04-03T02:08:56.808+0600][11.264s][info][gc,metaspace] GC(15) Metaspace: 63469K(63936K)->63469K(63936K) NonClass: 55655K(55936K)->55655K(55936K) Class: 7814K(8000K)->7814K(8000K)
[2026-04-03T02:08:56.808+0600][11.264s][info][gc          ] GC(15) Pause Young (Prepare Mixed) (G1 Evacuation Pause) 93M->36M(104M) 13.269ms
[2026-04-03T02:08:56.808+0600][11.264s][info][gc,cpu      ] GC(15) User=0.02s Sys=0.00s Real=0.01s
[2026-04-03T02:08:57.300+0600][11.756s][info][gc,start    ] GC(16) Pause Young (Mixed) (G1 Evacuation Pause)
[2026-04-03T02:08:57.300+0600][11.756s][info][gc,task     ] GC(16) Using 2 workers of 10 for evacuation
[2026-04-03T02:08:57.311+0600][11.767s][info][gc,phases   ] GC(16)   Pre Evacuate Collection Set: 0.12ms
[2026-04-03T02:08:57.311+0600][11.767s][info][gc,phases   ] GC(16)   Merge Heap Roots: 0.08ms
[2026-04-03T02:08:57.311+0600][11.767s][info][gc,phases   ] GC(16)   Evacuate Collection Set: 9.50ms
[2026-04-03T02:08:57.311+0600][11.767s][info][gc,phases   ] GC(16)   Post Evacuate Collection Set: 1.09ms
[2026-04-03T02:08:57.311+0600][11.767s][info][gc,phases   ] GC(16)   Other: 0.07ms
[2026-04-03T02:08:57.311+0600][11.767s][info][gc,heap     ] GC(16) Eden regions: 56->0(56)
[2026-04-03T02:08:57.311+0600][11.767s][info][gc,heap     ] GC(16) Survivor regions: 6->5(8)
[2026-04-03T02:08:57.311+0600][11.767s][info][gc,heap     ] GC(16) Old regions: 24->26
[2026-04-03T02:08:57.311+0600][11.767s][info][gc,heap     ] GC(16) Humongous regions: 8->8
[2026-04-03T02:08:57.311+0600][11.767s][info][gc,metaspace] GC(16) Metaspace: 70721K(71232K)->70721K(71232K) NonClass: 62077K(62400K)->62077K(62400K) Class: 8644K(8832K)->8644K(8832K)
[2026-04-03T02:08:57.311+0600][11.767s][info][gc          ] GC(16) Pause Young (Mixed) (G1 Evacuation Pause) 92M->38M(104M) 11.082ms
[2026-04-03T02:08:57.311+0600][11.767s][info][gc,cpu      ] GC(16) User=0.02s Sys=0.00s Real=0.01s
[2026-04-03T02:08:57.555+0600][12.011s][info][gc,start    ] GC(17) Pause Young (Concurrent Start) (G1 Humongous Allocation)
[2026-04-03T02:08:57.555+0600][12.011s][info][gc,task     ] GC(17) Using 2 workers of 10 for evacuation
[2026-04-03T02:08:57.564+0600][12.020s][info][gc,phases   ] GC(17)   Pre Evacuate Collection Set: 0.32ms
[2026-04-03T02:08:57.564+0600][12.020s][info][gc,phases   ] GC(17)   Merge Heap Roots: 0.11ms
[2026-04-03T02:08:57.564+0600][12.020s][info][gc,phases   ] GC(17)   Evacuate Collection Set: 7.32ms
[2026-04-03T02:08:57.564+0600][12.020s][info][gc,phases   ] GC(17)   Post Evacuate Collection Set: 0.89ms
[2026-04-03T02:08:57.564+0600][12.020s][info][gc,phases   ] GC(17)   Other: 0.14ms
[2026-04-03T02:08:57.564+0600][12.020s][info][gc,heap     ] GC(17) Eden regions: 18->0(52)
[2026-04-03T02:08:57.564+0600][12.020s][info][gc,heap     ] GC(17) Survivor regions: 5->5(8)
[2026-04-03T02:08:57.564+0600][12.020s][info][gc,heap     ] GC(17) Old regions: 26->28
[2026-04-03T02:08:57.564+0600][12.020s][info][gc,heap     ] GC(17) Humongous regions: 8->8
[2026-04-03T02:08:57.564+0600][12.020s][info][gc,metaspace] GC(17) Metaspace: 75065K(75584K)->75065K(75584K) NonClass: 66002K(66304K)->66002K(66304K) Class: 9063K(9280K)->9063K(9280K)
[2026-04-03T02:08:57.564+0600][12.020s][info][gc          ] GC(17) Pause Young (Concurrent Start) (G1 Humongous Allocation) 55M->40M(104M) 8.982ms
[2026-04-03T02:08:57.564+0600][12.020s][info][gc,cpu      ] GC(17) User=0.02s Sys=0.00s Real=0.01s
[2026-04-03T02:08:57.564+0600][12.020s][info][gc          ] GC(18) Concurrent Mark Cycle
[2026-04-03T02:08:57.564+0600][12.020s][info][gc,marking  ] GC(18) Concurrent Scan Root Regions
[2026-04-03T02:08:57.567+0600][12.023s][info][gc,marking  ] GC(18) Concurrent Scan Root Regions 2.772ms
[2026-04-03T02:08:57.567+0600][12.023s][info][gc,marking  ] GC(18) Concurrent Mark
[2026-04-03T02:08:57.567+0600][12.023s][info][gc,marking  ] GC(18) Concurrent Mark From Roots
[2026-04-03T02:08:57.567+0600][12.023s][info][gc,task     ] GC(18) Using 3 workers of 3 for marking
[2026-04-03T02:08:57.579+0600][12.035s][info][gc,marking  ] GC(18) Concurrent Mark From Roots 12.271ms
[2026-04-03T02:08:57.579+0600][12.035s][info][gc,marking  ] GC(18) Concurrent Preclean
[2026-04-03T02:08:57.579+0600][12.035s][info][gc,marking  ] GC(18) Concurrent Preclean 0.086ms
[2026-04-03T02:08:57.579+0600][12.035s][info][gc,start    ] GC(18) Pause Remark
[2026-04-03T02:08:57.586+0600][12.042s][info][gc          ] GC(18) Pause Remark 41M->41M(104M) 7.098ms
[2026-04-03T02:08:57.586+0600][12.042s][info][gc,cpu      ] GC(18) User=0.02s Sys=0.00s Real=0.01s
[2026-04-03T02:08:57.587+0600][12.042s][info][gc,marking  ] GC(18) Concurrent Mark 19.795ms
[2026-04-03T02:08:57.587+0600][12.043s][info][gc,marking  ] GC(18) Concurrent Rebuild Remembered Sets and Scrub Regions
[2026-04-03T02:08:57.596+0600][12.052s][info][gc,marking  ] GC(18) Concurrent Rebuild Remembered Sets and Scrub Regions 9.048ms
[2026-04-03T02:08:57.599+0600][12.055s][info][gc,start    ] GC(18) Pause Cleanup
[2026-04-03T02:08:57.599+0600][12.055s][info][gc          ] GC(18) Pause Cleanup 42M->42M(104M) 0.323ms
[2026-04-03T02:08:57.600+0600][12.055s][info][gc,cpu      ] GC(18) User=0.00s Sys=0.00s Real=0.00s
[2026-04-03T02:08:57.600+0600][12.056s][info][gc,marking  ] GC(18) Concurrent Clear Claimed Marks
[2026-04-03T02:08:57.600+0600][12.056s][info][gc,marking  ] GC(18) Concurrent Clear Claimed Marks 0.098ms
[2026-04-03T02:08:57.600+0600][12.056s][info][gc,marking  ] GC(18) Concurrent Cleanup for Next Mark
[2026-04-03T02:08:57.600+0600][12.056s][info][gc,marking  ] GC(18) Concurrent Cleanup for Next Mark 0.341ms
[2026-04-03T02:08:57.600+0600][12.056s][info][gc          ] GC(18) Concurrent Mark Cycle 36.208ms
[2026-04-03T02:08:58.025+0600][12.481s][info][gc,start    ] GC(19) Pause Young (Prepare Mixed) (G1 Evacuation Pause)
[2026-04-03T02:08:58.025+0600][12.481s][info][gc,task     ] GC(19) Using 2 workers of 10 for evacuation
[2026-04-03T02:08:58.034+0600][12.489s][info][gc,phases   ] GC(19)   Pre Evacuate Collection Set: 0.29ms
[2026-04-03T02:08:58.034+0600][12.489s][info][gc,phases   ] GC(19)   Merge Heap Roots: 0.09ms
[2026-04-03T02:08:58.034+0600][12.489s][info][gc,phases   ] GC(19)   Evacuate Collection Set: 7.10ms
[2026-04-03T02:08:58.034+0600][12.489s][info][gc,phases   ] GC(19)   Post Evacuate Collection Set: 0.72ms
[2026-04-03T02:08:58.034+0600][12.489s][info][gc,phases   ] GC(19)   Other: 0.08ms
[2026-04-03T02:08:58.034+0600][12.489s][info][gc,heap     ] GC(19) Eden regions: 52->0(52)
[2026-04-03T02:08:58.034+0600][12.489s][info][gc,heap     ] GC(19) Survivor regions: 5->3(8)
[2026-04-03T02:08:58.034+0600][12.489s][info][gc,heap     ] GC(19) Old regions: 28->31
[2026-04-03T02:08:58.034+0600][12.489s][info][gc,heap     ] GC(19) Humongous regions: 9->8
[2026-04-03T02:08:58.034+0600][12.489s][info][gc,metaspace] GC(19) Metaspace: 81772K(82240K)->81772K(82240K) NonClass: 71724K(72000K)->71724K(72000K) Class: 10047K(10240K)->10047K(10240K)
[2026-04-03T02:08:58.034+0600][12.490s][info][gc          ] GC(19) Pause Young (Prepare Mixed) (G1 Evacuation Pause) 93M->41M(104M) 8.490ms
[2026-04-03T02:08:58.034+0600][12.490s][info][gc,cpu      ] GC(19) User=0.01s Sys=0.00s Real=0.01s
[2026-04-03T02:08:58.717+0600][13.173s][info][gc,start    ] GC(20) Pause Young (Mixed) (G1 Evacuation Pause)
[2026-04-03T02:08:58.717+0600][13.173s][info][gc,task     ] GC(20) Using 2 workers of 10 for evacuation
[2026-04-03T02:08:58.729+0600][13.185s][info][gc,phases   ] GC(20)   Pre Evacuate Collection Set: 0.21ms
[2026-04-03T02:08:58.729+0600][13.185s][info][gc,phases   ] GC(20)   Merge Heap Roots: 0.08ms
[2026-04-03T02:08:58.729+0600][13.185s][info][gc,phases   ] GC(20)   Evacuate Collection Set: 10.60ms
[2026-04-03T02:08:58.729+0600][13.185s][info][gc,phases   ] GC(20)   Post Evacuate Collection Set: 0.78ms
[2026-04-03T02:08:58.729+0600][13.185s][info][gc,phases   ] GC(20)   Other: 0.08ms
[2026-04-03T02:08:58.729+0600][13.185s][info][gc,heap     ] GC(20) Eden regions: 52->0(49)
[2026-04-03T02:08:58.729+0600][13.185s][info][gc,heap     ] GC(20) Survivor regions: 3->7(7)
[2026-04-03T02:08:58.729+0600][13.185s][info][gc,heap     ] GC(20) Old regions: 31->30
[2026-04-03T02:08:58.729+0600][13.185s][info][gc,heap     ] GC(20) Humongous regions: 8->8
[2026-04-03T02:08:58.729+0600][13.185s][info][gc,metaspace] GC(20) Metaspace: 90870K(91392K)->90870K(91392K) NonClass: 79616K(79872K)->79616K(79872K) Class: 11253K(11520K)->11253K(11520K)
[2026-04-03T02:08:58.729+0600][13.185s][info][gc          ] GC(20) Pause Young (Mixed) (G1 Evacuation Pause) 93M->44M(104M) 11.972ms
[2026-04-03T02:08:58.729+0600][13.185s][info][gc,cpu      ] GC(20) User=0.03s Sys=0.00s Real=0.01s
[2026-04-03T02:08:59.375+0600][13.831s][info][gc,start    ] GC(21) Pause Young (Concurrent Start) (G1 Humongous Allocation)
[2026-04-03T02:08:59.375+0600][13.831s][info][gc,task     ] GC(21) Using 2 workers of 10 for evacuation
[2026-04-03T02:08:59.388+0600][13.844s][info][gc,phases   ] GC(21)   Pre Evacuate Collection Set: 0.26ms
[2026-04-03T02:08:59.388+0600][13.844s][info][gc,phases   ] GC(21)   Merge Heap Roots: 0.10ms
[2026-04-03T02:08:59.388+0600][13.844s][info][gc,phases   ] GC(21)   Evacuate Collection Set: 11.15ms
[2026-04-03T02:08:59.388+0600][13.844s][info][gc,phases   ] GC(21)   Post Evacuate Collection Set: 0.77ms
[2026-04-03T02:08:59.388+0600][13.844s][info][gc,phases   ] GC(21)   Other: 0.16ms
[2026-04-03T02:08:59.388+0600][13.844s][info][gc,heap     ] GC(21) Eden regions: 42->0(48)
[2026-04-03T02:08:59.388+0600][13.844s][info][gc,heap     ] GC(21) Survivor regions: 7->2(7)
[2026-04-03T02:08:59.388+0600][13.844s][info][gc,heap     ] GC(21) Old regions: 30->37
[2026-04-03T02:08:59.388+0600][13.844s][info][gc,heap     ] GC(21) Humongous regions: 8->8
[2026-04-03T02:08:59.388+0600][13.844s][info][gc,metaspace] GC(21) Metaspace: 99810K(100416K)->99810K(100416K) NonClass: 87353K(87680K)->87353K(87680K) Class: 12456K(12736K)->12456K(12736K)
[2026-04-03T02:08:59.388+0600][13.844s][info][gc          ] GC(21) Pause Young (Concurrent Start) (G1 Humongous Allocation) 85M->45M(104M) 12.819ms
[2026-04-03T02:08:59.388+0600][13.844s][info][gc,cpu      ] GC(21) User=0.02s Sys=0.00s Real=0.01s
[2026-04-03T02:08:59.388+0600][13.844s][info][gc          ] GC(22) Concurrent Mark Cycle
[2026-04-03T02:08:59.388+0600][13.844s][info][gc,marking  ] GC(22) Concurrent Scan Root Regions
[2026-04-03T02:08:59.391+0600][13.847s][info][gc,marking  ] GC(22) Concurrent Scan Root Regions 2.806ms
[2026-04-03T02:08:59.391+0600][13.847s][info][gc,marking  ] GC(22) Concurrent Mark
[2026-04-03T02:08:59.391+0600][13.847s][info][gc,marking  ] GC(22) Concurrent Mark From Roots
[2026-04-03T02:08:59.391+0600][13.847s][info][gc,task     ] GC(22) Using 3 workers of 3 for marking
[2026-04-03T02:08:59.411+0600][13.866s][info][gc,marking  ] GC(22) Concurrent Mark From Roots 19.622ms
[2026-04-03T02:08:59.411+0600][13.867s][info][gc,marking  ] GC(22) Concurrent Preclean
[2026-04-03T02:08:59.411+0600][13.867s][info][gc,marking  ] GC(22) Concurrent Preclean 0.327ms
[2026-04-03T02:08:59.411+0600][13.867s][info][gc,start    ] GC(22) Pause Remark
[2026-04-03T02:08:59.420+0600][13.876s][info][gc          ] GC(22) Pause Remark 49M->49M(104M) 9.309ms
[2026-04-03T02:08:59.421+0600][13.876s][info][gc,cpu      ] GC(22) User=0.01s Sys=0.01s Real=0.01s
[2026-04-03T02:08:59.421+0600][13.877s][info][gc,marking  ] GC(22) Concurrent Mark 29.701ms
[2026-04-03T02:08:59.421+0600][13.877s][info][gc,marking  ] GC(22) Concurrent Rebuild Remembered Sets and Scrub Regions
[2026-04-03T02:08:59.434+0600][13.889s][info][gc,marking  ] GC(22) Concurrent Rebuild Remembered Sets and Scrub Regions 12.957ms
[2026-04-03T02:08:59.434+0600][13.890s][info][gc,start    ] GC(22) Pause Cleanup
[2026-04-03T02:08:59.434+0600][13.890s][info][gc          ] GC(22) Pause Cleanup 52M->52M(104M) 0.282ms
[2026-04-03T02:08:59.434+0600][13.890s][info][gc,cpu      ] GC(22) User=0.00s Sys=0.00s Real=0.00s
[2026-04-03T02:08:59.434+0600][13.890s][info][gc,marking  ] GC(22) Concurrent Clear Claimed Marks
[2026-04-03T02:08:59.434+0600][13.890s][info][gc,marking  ] GC(22) Concurrent Clear Claimed Marks 0.098ms
[2026-04-03T02:08:59.434+0600][13.890s][info][gc,marking  ] GC(22) Concurrent Cleanup for Next Mark
[2026-04-03T02:08:59.435+0600][13.891s][info][gc,marking  ] GC(22) Concurrent Cleanup for Next Mark 0.272ms
[2026-04-03T02:08:59.435+0600][13.891s][info][gc          ] GC(22) Concurrent Mark Cycle 46.679ms
[2026-04-03T02:08:59.910+0600][14.366s][info][gc,start    ] GC(23) Pause Young (Prepare Mixed) (G1 Evacuation Pause)
[2026-04-03T02:08:59.910+0600][14.366s][info][gc,task     ] GC(23) Using 2 workers of 10 for evacuation
[2026-04-03T02:08:59.922+0600][14.378s][info][gc,phases   ] GC(23)   Pre Evacuate Collection Set: 0.22ms
[2026-04-03T02:08:59.922+0600][14.378s][info][gc,phases   ] GC(23)   Merge Heap Roots: 0.15ms
[2026-04-03T02:08:59.922+0600][14.378s][info][gc,phases   ] GC(23)   Evacuate Collection Set: 10.76ms
[2026-04-03T02:08:59.922+0600][14.378s][info][gc,phases   ] GC(23)   Post Evacuate Collection Set: 0.79ms
[2026-04-03T02:08:59.922+0600][14.378s][info][gc,phases   ] GC(23)   Other: 0.09ms
[2026-04-03T02:08:59.922+0600][14.378s][info][gc,heap     ] GC(23) Eden regions: 48->0(43)
[2026-04-03T02:08:59.922+0600][14.378s][info][gc,heap     ] GC(23) Survivor regions: 2->6(7)
[2026-04-03T02:08:59.922+0600][14.378s][info][gc,heap     ] GC(23) Old regions: 37->37
[2026-04-03T02:08:59.922+0600][14.378s][info][gc,heap     ] GC(23) Humongous regions: 11->8
[2026-04-03T02:08:59.922+0600][14.378s][info][gc,metaspace] GC(23) Metaspace: 104158K(104768K)->104158K(104768K) NonClass: 91097K(91456K)->91097K(91456K) Class: 13061K(13312K)->13061K(13312K)
[2026-04-03T02:08:59.923+0600][14.378s][info][gc          ] GC(23) Pause Young (Prepare Mixed) (G1 Evacuation Pause) 96M->50M(104M) 12.289ms
[2026-04-03T02:08:59.923+0600][14.378s][info][gc,cpu      ] GC(23) User=0.03s Sys=0.00s Real=0.01s
[2026-04-03T02:09:00.413+0600][14.869s][info][gc,start    ] GC(24) Pause Young (Mixed) (G1 Evacuation Pause)
[2026-04-03T02:09:00.413+0600][14.869s][info][gc,task     ] GC(24) Using 2 workers of 10 for evacuation
[2026-04-03T02:09:00.429+0600][14.885s][info][gc,phases   ] GC(24)   Pre Evacuate Collection Set: 0.14ms
[2026-04-03T02:09:00.429+0600][14.885s][info][gc,phases   ] GC(24)   Merge Heap Roots: 0.15ms
[2026-04-03T02:09:00.429+0600][14.885s][info][gc,phases   ] GC(24)   Evacuate Collection Set: 14.66ms
[2026-04-03T02:09:00.429+0600][14.885s][info][gc,phases   ] GC(24)   Post Evacuate Collection Set: 0.82ms
[2026-04-03T02:09:00.429+0600][14.885s][info][gc,phases   ] GC(24)   Other: 0.09ms
[2026-04-03T02:09:00.429+0600][14.885s][info][gc,heap     ] GC(24) Eden regions: 43->0(44)
[2026-04-03T02:09:00.429+0600][14.885s][info][gc,heap     ] GC(24) Survivor regions: 6->4(7)
[2026-04-03T02:09:00.429+0600][14.885s][info][gc,heap     ] GC(24) Old regions: 37->42
[2026-04-03T02:09:00.429+0600][14.885s][info][gc,heap     ] GC(24) Humongous regions: 13->8
[2026-04-03T02:09:00.429+0600][14.885s][info][gc,metaspace] GC(24) Metaspace: 109689K(110464K)->109689K(110464K) NonClass: 95826K(96256K)->95826K(96256K) Class: 13863K(14208K)->13863K(14208K)
[2026-04-03T02:09:00.429+0600][14.885s][info][gc          ] GC(24) Pause Young (Mixed) (G1 Evacuation Pause) 98M->53M(109M) 16.100ms
[2026-04-03T02:09:00.429+0600][14.885s][info][gc,cpu      ] GC(24) User=0.03s Sys=0.01s Real=0.01s
[2026-04-03T02:09:00.729+0600][15.185s][info][gc,start    ] GC(25) Pause Young (Concurrent Start) (G1 Humongous Allocation)
[2026-04-03T02:09:00.729+0600][15.185s][info][gc,task     ] GC(25) Using 2 workers of 10 for evacuation
[2026-04-03T02:09:00.739+0600][15.195s][info][gc,phases   ] GC(25)   Pre Evacuate Collection Set: 0.36ms
[2026-04-03T02:09:00.739+0600][15.195s][info][gc,phases   ] GC(25)   Merge Heap Roots: 0.15ms
[2026-04-03T02:09:00.739+0600][15.195s][info][gc,phases   ] GC(25)   Evacuate Collection Set: 7.99ms
[2026-04-03T02:09:00.739+0600][15.195s][info][gc,phases   ] GC(25)   Post Evacuate Collection Set: 0.52ms
[2026-04-03T02:09:00.739+0600][15.195s][info][gc,phases   ] GC(25)   Other: 0.22ms
[2026-04-03T02:09:00.739+0600][15.195s][info][gc,heap     ] GC(25) Eden regions: 8->0(40)
[2026-04-03T02:09:00.739+0600][15.195s][info][gc,heap     ] GC(25) Survivor regions: 4->2(6)
[2026-04-03T02:09:00.739+0600][15.195s][info][gc,heap     ] GC(25) Old regions: 42->46
[2026-04-03T02:09:00.739+0600][15.195s][info][gc,heap     ] GC(25) Humongous regions: 8->8
[2026-04-03T02:09:00.739+0600][15.195s][info][gc,metaspace] GC(25) Metaspace: 110371K(111168K)->110371K(111168K) NonClass: 96344K(96768K)->96344K(96768K) Class: 14027K(14400K)->14027K(14400K)
[2026-04-03T02:09:00.739+0600][15.195s][info][gc          ] GC(25) Pause Young (Concurrent Start) (G1 Humongous Allocation) 60M->54M(109M) 9.445ms
[2026-04-03T02:09:00.739+0600][15.195s][info][gc          ] GC(26) Concurrent Mark Cycle
[2026-04-03T02:09:00.739+0600][15.195s][info][gc,cpu      ] GC(25) User=0.03s Sys=0.00s Real=0.01s
[2026-04-03T02:09:00.739+0600][15.195s][info][gc,marking  ] GC(26) Concurrent Scan Root Regions
[2026-04-03T02:09:00.741+0600][15.197s][info][gc,marking  ] GC(26) Concurrent Scan Root Regions 2.312ms
[2026-04-03T02:09:00.741+0600][15.197s][info][gc,marking  ] GC(26) Concurrent Mark
[2026-04-03T02:09:00.741+0600][15.197s][info][gc,marking  ] GC(26) Concurrent Mark From Roots
[2026-04-03T02:09:00.741+0600][15.197s][info][gc,task     ] GC(26) Using 3 workers of 3 for marking
[2026-04-03T02:09:00.766+0600][15.222s][info][gc,marking  ] GC(26) Concurrent Mark From Roots 24.815ms
[2026-04-03T02:09:00.766+0600][15.222s][info][gc,marking  ] GC(26) Concurrent Preclean
[2026-04-03T02:09:00.766+0600][15.222s][info][gc,marking  ] GC(26) Concurrent Preclean 0.151ms
[2026-04-03T02:09:00.767+0600][15.222s][info][gc,start    ] GC(26) Pause Remark
[2026-04-03T02:09:00.776+0600][15.232s][info][gc          ] GC(26) Pause Remark 57M->57M(109M) 9.923ms
[2026-04-03T02:09:00.777+0600][15.232s][info][gc,cpu      ] GC(26) User=0.02s Sys=0.00s Real=0.01s
[2026-04-03T02:09:00.777+0600][15.233s][info][gc,marking  ] GC(26) Concurrent Mark 35.358ms
[2026-04-03T02:09:00.777+0600][15.233s][info][gc,marking  ] GC(26) Concurrent Rebuild Remembered Sets and Scrub Regions
[2026-04-03T02:09:00.791+0600][15.247s][info][gc,marking  ] GC(26) Concurrent Rebuild Remembered Sets and Scrub Regions 14.243ms
[2026-04-03T02:09:00.791+0600][15.247s][info][gc,start    ] GC(26) Pause Cleanup
[2026-04-03T02:09:00.791+0600][15.247s][info][gc          ] GC(26) Pause Cleanup 57M->57M(109M) 0.310ms
[2026-04-03T02:09:00.791+0600][15.247s][info][gc,cpu      ] GC(26) User=0.00s Sys=0.00s Real=0.00s
[2026-04-03T02:09:00.792+0600][15.247s][info][gc,marking  ] GC(26) Concurrent Clear Claimed Marks
[2026-04-03T02:09:00.792+0600][15.248s][info][gc,marking  ] GC(26) Concurrent Clear Claimed Marks 0.180ms
[2026-04-03T02:09:00.792+0600][15.248s][info][gc,marking  ] GC(26) Concurrent Cleanup for Next Mark
[2026-04-03T02:09:00.792+0600][15.248s][info][gc,marking  ] GC(26) Concurrent Cleanup for Next Mark 0.241ms
[2026-04-03T02:09:00.792+0600][15.248s][info][gc          ] GC(26) Concurrent Mark Cycle 53.182ms
[2026-04-03T02:09:01.424+0600][15.880s][info][gc,start    ] GC(27) Pause Young (Prepare Mixed) (G1 Evacuation Pause)
[2026-04-03T02:09:01.424+0600][15.880s][info][gc,task     ] GC(27) Using 2 workers of 10 for evacuation
[2026-04-03T02:09:01.437+0600][15.893s][info][gc,phases   ] GC(27)   Pre Evacuate Collection Set: 0.25ms
[2026-04-03T02:09:01.437+0600][15.893s][info][gc,phases   ] GC(27)   Merge Heap Roots: 0.20ms
[2026-04-03T02:09:01.437+0600][15.893s][info][gc,phases   ] GC(27)   Evacuate Collection Set: 11.42ms
[2026-04-03T02:09:01.437+0600][15.893s][info][gc,phases   ] GC(27)   Post Evacuate Collection Set: 0.88ms
[2026-04-03T02:09:01.437+0600][15.893s][info][gc,phases   ] GC(27)   Other: 0.11ms
[2026-04-03T02:09:01.437+0600][15.893s][info][gc,heap     ] GC(27) Eden regions: 26->0(25)
[2026-04-03T02:09:01.437+0600][15.893s][info][gc,heap     ] GC(27) Survivor regions: 2->5(6)
[2026-04-03T02:09:01.437+0600][15.893s][info][gc,heap     ] GC(27) Old regions: 46->46
[2026-04-03T02:09:01.437+0600][15.893s][info][gc,heap     ] GC(27) Humongous regions: 41->35
[2026-04-03T02:09:01.437+0600][15.893s][info][gc,metaspace] GC(27) Metaspace: 112702K(114112K)->112702K(114112K) NonClass: 98138K(98944K)->98138K(98944K) Class: 14563K(15168K)->14563K(15168K)
[2026-04-03T02:09:01.437+0600][15.893s][info][gc          ] GC(27) Pause Young (Prepare Mixed) (G1 Evacuation Pause) 113M->84M(120M) 13.229ms
[2026-04-03T02:09:01.437+0600][15.893s][info][gc,cpu      ] GC(27) User=0.05s Sys=0.01s Real=0.01s
[2026-04-03T02:09:01.807+0600][16.263s][info][gc,start    ] GC(28) Pause Young (Mixed) (G1 Evacuation Pause)
[2026-04-03T02:09:01.808+0600][16.263s][info][gc,task     ] GC(28) Using 2 workers of 10 for evacuation
[2026-04-03T02:09:01.818+0600][16.274s][info][gc,phases   ] GC(28)   Pre Evacuate Collection Set: 0.25ms
[2026-04-03T02:09:01.818+0600][16.274s][info][gc,phases   ] GC(28)   Merge Heap Roots: 0.13ms
[2026-04-03T02:09:01.818+0600][16.274s][info][gc,phases   ] GC(28)   Evacuate Collection Set: 9.62ms
[2026-04-03T02:09:01.818+0600][16.274s][info][gc,phases   ] GC(28)   Post Evacuate Collection Set: 0.53ms
[2026-04-03T02:09:01.818+0600][16.274s][info][gc,phases   ] GC(28)   Other: 0.11ms
[2026-04-03T02:09:01.818+0600][16.274s][info][gc,heap     ] GC(28) Eden regions: 17->0(56)
[2026-04-03T02:09:01.818+0600][16.274s][info][gc,heap     ] GC(28) Survivor regions: 5->1(4)
[2026-04-03T02:09:01.818+0600][16.274s][info][gc,heap     ] GC(28) Old regions: 46->47
[2026-04-03T02:09:01.818+0600][16.274s][info][gc,heap     ] GC(28) Humongous regions: 56->8
[2026-04-03T02:09:01.818+0600][16.274s][info][gc,metaspace] GC(28) Metaspace: 114119K(115584K)->114119K(115584K) NonClass: 99274K(100096K)->99274K(100096K) Class: 14844K(15488K)->14844K(15488K)
[2026-04-03T02:09:01.818+0600][16.274s][info][gc          ] GC(28) Pause Young (Mixed) (G1 Evacuation Pause) 122M->54M(128M) 10.917ms
[2026-04-03T02:09:01.818+0600][16.274s][info][gc,cpu      ] GC(28) User=0.05s Sys=0.00s Real=0.01s
[2026-04-03T02:09:01.980+0600][16.436s][info][gc,start    ] GC(29) Pause Young (Concurrent Start) (G1 Humongous Allocation)
[2026-04-03T02:09:01.980+0600][16.436s][info][gc,task     ] GC(29) Using 3 workers of 10 for evacuation
[2026-04-03T02:09:01.984+0600][16.440s][info][gc,phases   ] GC(29)   Pre Evacuate Collection Set: 0.41ms
[2026-04-03T02:09:01.984+0600][16.440s][info][gc,phases   ] GC(29)   Merge Heap Roots: 0.13ms
[2026-04-03T02:09:01.984+0600][16.440s][info][gc,phases   ] GC(29)   Evacuate Collection Set: 2.70ms
[2026-04-03T02:09:01.984+0600][16.440s][info][gc,phases   ] GC(29)   Post Evacuate Collection Set: 0.70ms
[2026-04-03T02:09:01.984+0600][16.440s][info][gc,phases   ] GC(29)   Other: 0.14ms
[2026-04-03T02:09:01.984+0600][16.440s][info][gc,heap     ] GC(29) Eden regions: 15->0(58)
[2026-04-03T02:09:01.984+0600][16.440s][info][gc,heap     ] GC(29) Survivor regions: 1->1(8)
[2026-04-03T02:09:01.984+0600][16.440s][info][gc,heap     ] GC(29) Old regions: 47->47
[2026-04-03T02:09:01.984+0600][16.440s][info][gc,heap     ] GC(29) Humongous regions: 8->8
[2026-04-03T02:09:01.984+0600][16.440s][info][gc,metaspace] GC(29) Metaspace: 115224K(116736K)->115224K(116736K) NonClass: 100116K(100992K)->100116K(100992K) Class: 15108K(15744K)->15108K(15744K)
[2026-04-03T02:09:01.984+0600][16.440s][info][gc          ] GC(29) Pause Young (Concurrent Start) (G1 Humongous Allocation) 68M->54M(128M) 4.405ms
[2026-04-03T02:09:01.984+0600][16.440s][info][gc,cpu      ] GC(29) User=0.02s Sys=0.00s Real=0.00s
[2026-04-03T02:09:01.984+0600][16.440s][info][gc          ] GC(30) Concurrent Mark Cycle
[2026-04-03T02:09:01.984+0600][16.440s][info][gc,marking  ] GC(30) Concurrent Scan Root Regions
[2026-04-03T02:09:01.987+0600][16.442s][info][gc,marking  ] GC(30) Concurrent Scan Root Regions 2.160ms
[2026-04-03T02:09:01.987+0600][16.443s][info][gc,marking  ] GC(30) Concurrent Mark
[2026-04-03T02:09:01.987+0600][16.443s][info][gc,marking  ] GC(30) Concurrent Mark From Roots
[2026-04-03T02:09:01.987+0600][16.443s][info][gc,task     ] GC(30) Using 3 workers of 3 for marking
[2026-04-03T02:09:02.023+0600][16.478s][info][gc,marking  ] GC(30) Concurrent Mark From Roots 35.857ms
[2026-04-03T02:09:02.023+0600][16.479s][info][gc,marking  ] GC(30) Concurrent Preclean
[2026-04-03T02:09:02.023+0600][16.479s][info][gc,marking  ] GC(30) Concurrent Preclean 0.546ms
[2026-04-03T02:09:02.024+0600][16.480s][info][gc,start    ] GC(30) Pause Remark
[2026-04-03T02:09:02.044+0600][16.500s][info][gc          ] GC(30) Pause Remark 61M->61M(128M) 20.640ms
[2026-04-03T02:09:02.044+0600][16.500s][info][gc,cpu      ] GC(30) User=0.08s Sys=0.00s Real=0.02s
[2026-04-03T02:09:02.044+0600][16.500s][info][gc,marking  ] GC(30) Concurrent Mark 57.828ms
[2026-04-03T02:09:02.045+0600][16.500s][info][gc,marking  ] GC(30) Concurrent Rebuild Remembered Sets and Scrub Regions
[2026-04-03T02:09:02.073+0600][16.529s][info][gc,marking  ] GC(30) Concurrent Rebuild Remembered Sets and Scrub Regions 28.266ms
[2026-04-03T02:09:02.073+0600][16.529s][info][gc,start    ] GC(30) Pause Cleanup
[2026-04-03T02:09:02.073+0600][16.529s][info][gc          ] GC(30) Pause Cleanup 64M->64M(128M) 0.252ms
[2026-04-03T02:09:02.073+0600][16.529s][info][gc,cpu      ] GC(30) User=0.00s Sys=0.00s Real=0.00s
[2026-04-03T02:09:02.073+0600][16.529s][info][gc,marking  ] GC(30) Concurrent Clear Claimed Marks
[2026-04-03T02:09:02.074+0600][16.530s][info][gc,marking  ] GC(30) Concurrent Clear Claimed Marks 0.334ms
[2026-04-03T02:09:02.074+0600][16.530s][info][gc,marking  ] GC(30) Concurrent Cleanup for Next Mark
[2026-04-03T02:09:02.075+0600][16.530s][info][gc,marking  ] GC(30) Concurrent Cleanup for Next Mark 0.679ms
[2026-04-03T02:09:02.075+0600][16.530s][info][gc          ] GC(30) Concurrent Mark Cycle 90.293ms
[2026-04-03T02:09:02.571+0600][17.027s][info][gc,start    ] GC(31) Pause Young (Prepare Mixed) (G1 Evacuation Pause)
[2026-04-03T02:09:02.571+0600][17.027s][info][gc,task     ] GC(31) Using 3 workers of 10 for evacuation
[2026-04-03T02:09:02.582+0600][17.038s][info][gc,phases   ] GC(31)   Pre Evacuate Collection Set: 0.51ms
[2026-04-03T02:09:02.582+0600][17.038s][info][gc,phases   ] GC(31)   Merge Heap Roots: 0.24ms
[2026-04-03T02:09:02.582+0600][17.038s][info][gc,phases   ] GC(31)   Evacuate Collection Set: 9.37ms
[2026-04-03T02:09:02.582+0600][17.038s][info][gc,phases   ] GC(31)   Post Evacuate Collection Set: 0.69ms
[2026-04-03T02:09:02.582+0600][17.038s][info][gc,phases   ] GC(31)   Other: 0.11ms
[2026-04-03T02:09:02.582+0600][17.038s][info][gc,heap     ] GC(31) Eden regions: 41->0(52)
[2026-04-03T02:09:02.582+0600][17.038s][info][gc,heap     ] GC(31) Survivor regions: 1->5(8)
[2026-04-03T02:09:02.582+0600][17.038s][info][gc,heap     ] GC(31) Old regions: 46->46
[2026-04-03T02:09:02.582+0600][17.038s][info][gc,heap     ] GC(31) Humongous regions: 49->26
[2026-04-03T02:09:02.582+0600][17.038s][info][gc,metaspace] GC(31) Metaspace: 116037K(117312K)->116037K(117312K) NonClass: 100913K(101568K)->100913K(101568K) Class: 15123K(15744K)->15123K(15744K)
[2026-04-03T02:09:02.582+0600][17.038s][info][gc          ] GC(31) Pause Young (Prepare Mixed) (G1 Evacuation Pause) 136M->76M(142M) 11.213ms
[2026-04-03T02:09:02.582+0600][17.038s][info][gc,cpu      ] GC(31) User=0.04s Sys=0.00s Real=0.01s
[2026-04-03T02:09:02.858+0600][17.314s][info][gc,start    ] GC(32) Pause Young (Mixed) (G1 Evacuation Pause)
[2026-04-03T02:09:02.858+0600][17.314s][info][gc,task     ] GC(32) Using 3 workers of 10 for evacuation
[2026-04-03T02:09:02.896+0600][17.352s][info][gc,phases   ] GC(32)   Pre Evacuate Collection Set: 0.46ms
[2026-04-03T02:09:02.896+0600][17.352s][info][gc,phases   ] GC(32)   Merge Heap Roots: 0.14ms
[2026-04-03T02:09:02.896+0600][17.352s][info][gc,phases   ] GC(32)   Evacuate Collection Set: 36.86ms
[2026-04-03T02:09:02.896+0600][17.352s][info][gc,phases   ] GC(32)   Post Evacuate Collection Set: 0.56ms
[2026-04-03T02:09:02.896+0600][17.352s][info][gc,phases   ] GC(32)   Other: 0.15ms
[2026-04-03T02:09:02.896+0600][17.352s][info][gc,heap     ] GC(32) Eden regions: 28->0(69)
[2026-04-03T02:09:02.896+0600][17.352s][info][gc,heap     ] GC(32) Survivor regions: 5->7(8)
[2026-04-03T02:09:02.896+0600][17.352s][info][gc,heap     ] GC(32) Old regions: 46->47
[2026-04-03T02:09:02.896+0600][17.352s][info][gc,heap     ] GC(32) Humongous regions: 63->8
[2026-04-03T02:09:02.896+0600][17.352s][info][gc,metaspace] GC(32) Metaspace: 116471K(117696K)->116471K(117696K) NonClass: 101300K(101888K)->101300K(101888K) Class: 15171K(15808K)->15171K(15808K)
[2026-04-03T02:09:02.896+0600][17.352s][info][gc          ] GC(32) Pause Young (Mixed) (G1 Evacuation Pause) 141M->61M(152M) 38.512ms
[2026-04-03T02:09:02.896+0600][17.352s][info][gc,cpu      ] GC(32) User=0.11s Sys=0.02s Real=0.04s
[2026-04-03T02:09:03.023+0600][17.479s][info][gc,start    ] GC(33) Pause Young (Concurrent Start) (G1 Evacuation Pause)
[2026-04-03T02:09:03.023+0600][17.479s][info][gc,task     ] GC(33) Using 3 workers of 10 for evacuation
[2026-04-03T02:09:03.061+0600][17.517s][info][gc,phases   ] GC(33)   Pre Evacuate Collection Set: 0.34ms
[2026-04-03T02:09:03.061+0600][17.517s][info][gc,phases   ] GC(33)   Merge Heap Roots: 0.20ms
[2026-04-03T02:09:03.061+0600][17.517s][info][gc,phases   ] GC(33)   Evacuate Collection Set: 36.39ms
[2026-04-03T02:09:03.061+0600][17.517s][info][gc,phases   ] GC(33)   Post Evacuate Collection Set: 0.44ms
[2026-04-03T02:09:03.061+0600][17.517s][info][gc,phases   ] GC(33)   Other: 0.21ms
[2026-04-03T02:09:03.061+0600][17.517s][info][gc,heap     ] GC(33) Eden regions: 69->0(47)
[2026-04-03T02:09:03.061+0600][17.517s][info][gc,heap     ] GC(33) Survivor regions: 7->10(10)
[2026-04-03T02:09:03.061+0600][17.517s][info][gc,heap     ] GC(33) Old regions: 47->74
[2026-04-03T02:09:03.061+0600][17.517s][info][gc,heap     ] GC(33) Humongous regions: 8->8
[2026-04-03T02:09:03.061+0600][17.517s][info][gc,metaspace] GC(33) Metaspace: 116515K(117696K)->116515K(117696K) NonClass: 101343K(101888K)->101343K(101888K) Class: 15171K(15808K)->15171K(15808K)
[2026-04-03T02:09:03.061+0600][17.517s][info][gc          ] GC(33) Pause Young (Concurrent Start) (G1 Evacuation Pause) 130M->91M(168M) 38.020ms
[2026-04-03T02:09:03.061+0600][17.517s][info][gc          ] GC(34) Concurrent Mark Cycle
[2026-04-03T02:09:03.061+0600][17.517s][info][gc,marking  ] GC(34) Concurrent Scan Root Regions
[2026-04-03T02:09:03.061+0600][17.517s][info][gc,cpu      ] GC(33) User=0.10s Sys=0.02s Real=0.04s
[2026-04-03T02:09:03.070+0600][17.526s][info][gc,marking  ] GC(34) Concurrent Scan Root Regions 8.822ms
[2026-04-03T02:09:03.070+0600][17.526s][info][gc,marking  ] GC(34) Concurrent Mark
[2026-04-03T02:09:03.070+0600][17.526s][info][gc,marking  ] GC(34) Concurrent Mark From Roots
[2026-04-03T02:09:03.070+0600][17.526s][info][gc,task     ] GC(34) Using 3 workers of 3 for marking
[2026-04-03T02:09:03.097+0600][17.553s][info][gc,marking  ] GC(34) Concurrent Mark From Roots 27.187ms
[2026-04-03T02:09:03.097+0600][17.553s][info][gc,marking  ] GC(34) Concurrent Preclean
[2026-04-03T02:09:03.097+0600][17.553s][info][gc,marking  ] GC(34) Concurrent Preclean 0.182ms
[2026-04-03T02:09:03.098+0600][17.554s][info][gc,start    ] GC(34) Pause Remark
[2026-04-03T02:09:03.117+0600][17.573s][info][gc          ] GC(34) Pause Remark 94M->94M(168M) 19.228ms
[2026-04-03T02:09:03.117+0600][17.573s][info][gc,cpu      ] GC(34) User=0.05s Sys=0.00s Real=0.02s
[2026-04-03T02:09:03.117+0600][17.573s][info][gc,marking  ] GC(34) Concurrent Mark 47.351ms
[2026-04-03T02:09:03.117+0600][17.573s][info][gc,marking  ] GC(34) Concurrent Rebuild Remembered Sets and Scrub Regions
[2026-04-03T02:09:03.153+0600][17.609s][info][gc,marking  ] GC(34) Concurrent Rebuild Remembered Sets and Scrub Regions 35.536ms
[2026-04-03T02:09:03.153+0600][17.609s][info][gc,start    ] GC(34) Pause Cleanup
[2026-04-03T02:09:03.154+0600][17.610s][info][gc          ] GC(34) Pause Cleanup 102M->102M(168M) 0.477ms
[2026-04-03T02:09:03.154+0600][17.610s][info][gc,cpu      ] GC(34) User=0.00s Sys=0.00s Real=0.00s
[2026-04-03T02:09:03.154+0600][17.610s][info][gc,marking  ] GC(34) Concurrent Clear Claimed Marks
[2026-04-03T02:09:03.154+0600][17.610s][info][gc,marking  ] GC(34) Concurrent Clear Claimed Marks 0.307ms
[2026-04-03T02:09:03.154+0600][17.610s][info][gc,marking  ] GC(34) Concurrent Cleanup for Next Mark
[2026-04-03T02:09:03.155+0600][17.611s][info][gc,marking  ] GC(34) Concurrent Cleanup for Next Mark 0.764ms
[2026-04-03T02:09:03.155+0600][17.611s][info][gc          ] GC(34) Concurrent Mark Cycle 94.253ms
[2026-04-03T02:09:03.271+0600][17.727s][info][gc,start    ] GC(35) Pause Young (Prepare Mixed) (G1 Evacuation Pause)
[2026-04-03T02:09:03.272+0600][17.727s][info][gc,task     ] GC(35) Using 4 workers of 10 for evacuation
[2026-04-03T02:09:03.315+0600][17.771s][info][gc,phases   ] GC(35)   Pre Evacuate Collection Set: 0.35ms
[2026-04-03T02:09:03.315+0600][17.771s][info][gc,phases   ] GC(35)   Merge Heap Roots: 0.17ms
[2026-04-03T02:09:03.315+0600][17.771s][info][gc,phases   ] GC(35)   Evacuate Collection Set: 41.96ms
[2026-04-03T02:09:03.315+0600][17.771s][info][gc,phases   ] GC(35)   Post Evacuate Collection Set: 0.45ms
[2026-04-03T02:09:03.315+0600][17.771s][info][gc,phases   ] GC(35)   Other: 0.09ms
[2026-04-03T02:09:03.315+0600][17.771s][info][gc,heap     ] GC(35) Eden regions: 47->0(33)
[2026-04-03T02:09:03.315+0600][17.771s][info][gc,heap     ] GC(35) Survivor regions: 10->8(8)
[2026-04-03T02:09:03.315+0600][17.771s][info][gc,heap     ] GC(35) Old regions: 74->93
[2026-04-03T02:09:03.315+0600][17.771s][info][gc,heap     ] GC(35) Humongous regions: 26->17
[2026-04-03T02:09:03.315+0600][17.771s][info][gc,metaspace] GC(35) Metaspace: 116583K(117888K)->116583K(117888K) NonClass: 101419K(102080K)->101419K(102080K) Class: 15164K(15808K)->15164K(15808K)
[2026-04-03T02:09:03.315+0600][17.771s][info][gc          ] GC(35) Pause Young (Prepare Mixed) (G1 Evacuation Pause) 156M->117M(184M) 43.348ms
[2026-04-03T02:09:03.315+0600][17.771s][info][gc,cpu      ] GC(35) User=0.15s Sys=0.02s Real=0.04s
[2026-04-03T02:09:03.472+0600][17.928s][info][gc,start    ] GC(36) Pause Young (Mixed) (G1 Evacuation Pause)
[2026-04-03T02:09:03.472+0600][17.928s][info][gc,task     ] GC(36) Using 4 workers of 10 for evacuation
[2026-04-03T02:09:03.492+0600][17.948s][info][gc,phases   ] GC(36)   Pre Evacuate Collection Set: 0.22ms
[2026-04-03T02:09:03.492+0600][17.948s][info][gc,phases   ] GC(36)   Merge Heap Roots: 0.15ms
[2026-04-03T02:09:03.492+0600][17.948s][info][gc,phases   ] GC(36)   Evacuate Collection Set: 18.85ms
[2026-04-03T02:09:03.492+0600][17.948s][info][gc,phases   ] GC(36)   Post Evacuate Collection Set: 0.48ms
[2026-04-03T02:09:03.492+0600][17.948s][info][gc,phases   ] GC(36)   Other: 0.10ms
[2026-04-03T02:09:03.492+0600][17.948s][info][gc,heap     ] GC(36) Eden regions: 26->0(18)
[2026-04-03T02:09:03.492+0600][17.948s][info][gc,heap     ] GC(36) Survivor regions: 8->6(6)
[2026-04-03T02:09:03.492+0600][17.948s][info][gc,heap     ] GC(36) Old regions: 93->106
[2026-04-03T02:09:03.492+0600][17.948s][info][gc,heap     ] GC(36) Humongous regions: 61->57
[2026-04-03T02:09:03.492+0600][17.948s][info][gc,metaspace] GC(36) Metaspace: 116640K(117888K)->116640K(117888K) NonClass: 101475K(102080K)->101475K(102080K) Class: 15164K(15808K)->15164K(15808K)
[2026-04-03T02:09:03.492+0600][17.948s][info][gc          ] GC(36) Pause Young (Mixed) (G1 Evacuation Pause) 187M->168M(209M) 20.088ms
[2026-04-03T02:09:03.492+0600][17.948s][info][gc,cpu      ] GC(36) User=0.09s Sys=0.01s Real=0.02s
[2026-04-03T02:09:03.710+0600][18.166s][info][gc,start    ] GC(37) Pause Young (Concurrent Start) (G1 Evacuation Pause)
[2026-04-03T02:09:03.710+0600][18.166s][info][gc,task     ] GC(37) Using 5 workers of 10 for evacuation
[2026-04-03T02:09:03.715+0600][18.171s][info][gc,phases   ] GC(37)   Pre Evacuate Collection Set: 0.30ms
[2026-04-03T02:09:03.715+0600][18.171s][info][gc,phases   ] GC(37)   Merge Heap Roots: 0.10ms
[2026-04-03T02:09:03.715+0600][18.171s][info][gc,phases   ] GC(37)   Evacuate Collection Set: 3.26ms
[2026-04-03T02:09:03.715+0600][18.171s][info][gc,phases   ] GC(37)   Post Evacuate Collection Set: 0.43ms
[2026-04-03T02:09:03.715+0600][18.171s][info][gc,phases   ] GC(37)   Other: 0.23ms
[2026-04-03T02:09:03.715+0600][18.171s][info][gc,heap     ] GC(37) Eden regions: 18->0(18)
[2026-04-03T02:09:03.715+0600][18.171s][info][gc,heap     ] GC(37) Survivor regions: 6->2(3)
[2026-04-03T02:09:03.715+0600][18.171s][info][gc,heap     ] GC(37) Old regions: 106->114
[2026-04-03T02:09:03.715+0600][18.171s][info][gc,heap     ] GC(37) Humongous regions: 57->57
[2026-04-03T02:09:03.715+0600][18.171s][info][gc,metaspace] GC(37) Metaspace: 116647K(117888K)->116647K(117888K) NonClass: 101483K(102080K)->101483K(102080K) Class: 15164K(15808K)->15164K(15808K)
[2026-04-03T02:09:03.715+0600][18.171s][info][gc          ] GC(37) Pause Young (Concurrent Start) (G1 Evacuation Pause) 186M->171M(209M) 4.654ms
[2026-04-03T02:09:03.715+0600][18.171s][info][gc          ] GC(38) Concurrent Mark Cycle
[2026-04-03T02:09:03.715+0600][18.171s][info][gc,cpu      ] GC(37) User=0.03s Sys=0.00s Real=0.00s
[2026-04-03T02:09:03.715+0600][18.171s][info][gc,marking  ] GC(38) Concurrent Scan Root Regions
[2026-04-03T02:09:03.720+0600][18.176s][info][gc,marking  ] GC(38) Concurrent Scan Root Regions 4.608ms
[2026-04-03T02:09:03.720+0600][18.176s][info][gc,marking  ] GC(38) Concurrent Mark
[2026-04-03T02:09:03.720+0600][18.176s][info][gc,marking  ] GC(38) Concurrent Mark From Roots
[2026-04-03T02:09:03.720+0600][18.176s][info][gc,task     ] GC(38) Using 3 workers of 3 for marking
[2026-04-03T02:09:03.820+0600][18.276s][info][gc,start    ] GC(39) Pause Young (Normal) (G1 Evacuation Pause)
[2026-04-03T02:09:03.820+0600][18.276s][info][gc,task     ] GC(39) Using 5 workers of 10 for evacuation
[2026-04-03T02:09:03.822+0600][18.278s][info][gc,phases   ] GC(39)   Pre Evacuate Collection Set: 0.32ms
[2026-04-03T02:09:03.822+0600][18.278s][info][gc,phases   ] GC(39)   Merge Heap Roots: 0.11ms
[2026-04-03T02:09:03.822+0600][18.278s][info][gc,phases   ] GC(39)   Evacuate Collection Set: 1.30ms
[2026-04-03T02:09:03.822+0600][18.278s][info][gc,phases   ] GC(39)   Post Evacuate Collection Set: 0.41ms
[2026-04-03T02:09:03.822+0600][18.278s][info][gc,phases   ] GC(39)   Other: 0.10ms
[2026-04-03T02:09:03.823+0600][18.278s][info][gc,heap     ] GC(39) Eden regions: 18->0(18)
[2026-04-03T02:09:03.823+0600][18.278s][info][gc,heap     ] GC(39) Survivor regions: 2->3(3)
[2026-04-03T02:09:03.823+0600][18.278s][info][gc,heap     ] GC(39) Old regions: 114->115
[2026-04-03T02:09:03.823+0600][18.278s][info][gc,heap     ] GC(39) Humongous regions: 57->57
[2026-04-03T02:09:03.823+0600][18.278s][info][gc,metaspace] GC(39) Metaspace: 116648K(117888K)->116648K(117888K) NonClass: 101483K(102080K)->101483K(102080K) Class: 15164K(15808K)->15164K(15808K)
[2026-04-03T02:09:03.823+0600][18.278s][info][gc          ] GC(39) Pause Young (Normal) (G1 Evacuation Pause) 189M->174M(209M) 2.617ms
[2026-04-03T02:09:03.823+0600][18.279s][info][gc,cpu      ] GC(39) User=0.01s Sys=0.00s Real=0.00s
[2026-04-03T02:09:03.840+0600][18.296s][info][gc,marking  ] GC(38) Concurrent Mark From Roots 120.135ms
[2026-04-03T02:09:03.840+0600][18.296s][info][gc,marking  ] GC(38) Concurrent Preclean
[2026-04-03T02:09:03.840+0600][18.296s][info][gc,marking  ] GC(38) Concurrent Preclean 0.349ms
[2026-04-03T02:09:03.842+0600][18.298s][info][gc,start    ] GC(38) Pause Remark
[2026-04-03T02:09:03.850+0600][18.306s][info][gc          ] GC(38) Pause Remark 186M->184M(289M) 8.396ms
[2026-04-03T02:09:03.850+0600][18.306s][info][gc,cpu      ] GC(38) User=0.03s Sys=0.00s Real=0.01s
[2026-04-03T02:09:03.851+0600][18.306s][info][gc,marking  ] GC(38) Concurrent Mark 130.714ms
[2026-04-03T02:09:03.851+0600][18.306s][info][gc,marking  ] GC(38) Concurrent Rebuild Remembered Sets and Scrub Regions
[2026-04-03T02:09:03.860+0600][18.315s][info][gc,start    ] GC(40) Pause Young (Normal) (G1 Evacuation Pause)
[2026-04-03T02:09:03.860+0600][18.316s][info][gc,task     ] GC(40) Using 6 workers of 10 for evacuation
[2026-04-03T02:09:03.863+0600][18.319s][info][gc,phases   ] GC(40)   Pre Evacuate Collection Set: 0.30ms
[2026-04-03T02:09:03.863+0600][18.319s][info][gc,phases   ] GC(40)   Merge Heap Roots: 0.11ms
[2026-04-03T02:09:03.863+0600][18.319s][info][gc,phases   ] GC(40)   Evacuate Collection Set: 1.45ms
[2026-04-03T02:09:03.863+0600][18.319s][info][gc,phases   ] GC(40)   Post Evacuate Collection Set: 1.38ms
[2026-04-03T02:09:03.863+0600][18.319s][info][gc,phases   ] GC(40)   Other: 0.10ms
[2026-04-03T02:09:03.863+0600][18.319s][info][gc,heap     ] GC(40) Eden regions: 18->0(96)
[2026-04-03T02:09:03.863+0600][18.319s][info][gc,heap     ] GC(40) Survivor regions: 3->3(3)
[2026-04-03T02:09:03.863+0600][18.319s][info][gc,heap     ] GC(40) Old regions: 114->115
[2026-04-03T02:09:03.863+0600][18.319s][info][gc,heap     ] GC(40) Humongous regions: 56->56
[2026-04-03T02:09:03.863+0600][18.319s][info][gc,metaspace] GC(40) Metaspace: 116649K(117888K)->116649K(117888K) NonClass: 101485K(102080K)->101485K(102080K) Class: 15164K(15808K)->15164K(15808K)
[2026-04-03T02:09:03.863+0600][18.319s][info][gc          ] GC(40) Pause Young (Normal) (G1 Evacuation Pause) 190M->173M(334M) 3.643ms
[2026-04-03T02:09:03.863+0600][18.319s][info][gc,cpu      ] GC(40) User=0.01s Sys=0.01s Real=0.01s
[2026-04-03T02:09:03.904+0600][18.360s][info][gc,marking  ] GC(38) Concurrent Rebuild Remembered Sets and Scrub Regions 53.477ms
[2026-04-03T02:09:03.908+0600][18.364s][info][gc,start    ] GC(38) Pause Cleanup
[2026-04-03T02:09:03.909+0600][18.364s][info][gc          ] GC(38) Pause Cleanup 199M->199M(334M) 0.522ms
[2026-04-03T02:09:03.909+0600][18.364s][info][gc,cpu      ] GC(38) User=0.00s Sys=0.00s Real=0.00s
[2026-04-03T02:09:03.909+0600][18.365s][info][gc,marking  ] GC(38) Concurrent Clear Claimed Marks
[2026-04-03T02:09:03.909+0600][18.365s][info][gc,marking  ] GC(38) Concurrent Clear Claimed Marks 0.307ms
[2026-04-03T02:09:03.909+0600][18.365s][info][gc,marking  ] GC(38) Concurrent Cleanup for Next Mark
[2026-04-03T02:09:03.910+0600][18.366s][info][gc,marking  ] GC(38) Concurrent Cleanup for Next Mark 1.394ms
[2026-04-03T02:09:03.911+0600][18.366s][info][gc          ] GC(38) Concurrent Mark Cycle 195.537ms
[2026-04-03T02:09:04.788+0600][19.244s][info][gc,start    ] GC(41) Pause Young (Prepare Mixed) (G1 Evacuation Pause)
[2026-04-03T02:09:04.788+0600][19.244s][info][gc,task     ] GC(41) Using 8 workers of 10 for evacuation
[2026-04-03T02:09:04.791+0600][19.247s][info][gc,phases   ] GC(41)   Pre Evacuate Collection Set: 0.37ms
[2026-04-03T02:09:04.791+0600][19.247s][info][gc,phases   ] GC(41)   Merge Heap Roots: 0.20ms
[2026-04-03T02:09:04.791+0600][19.247s][info][gc,phases   ] GC(41)   Evacuate Collection Set: 1.65ms
[2026-04-03T02:09:04.791+0600][19.247s][info][gc,phases   ] GC(41)   Post Evacuate Collection Set: 0.65ms
[2026-04-03T02:09:04.791+0600][19.247s][info][gc,phases   ] GC(41)   Other: 0.10ms
[2026-04-03T02:09:04.791+0600][19.247s][info][gc,heap     ] GC(41) Eden regions: 96->0(104)
[2026-04-03T02:09:04.791+0600][19.247s][info][gc,heap     ] GC(41) Survivor regions: 3->2(13)
[2026-04-03T02:09:04.791+0600][19.247s][info][gc,heap     ] GC(41) Old regions: 115->115
[2026-04-03T02:09:04.791+0600][19.247s][info][gc,heap     ] GC(41) Humongous regions: 89->56
[2026-04-03T02:09:04.791+0600][19.247s][info][gc,metaspace] GC(41) Metaspace: 120186K(121216K)->120186K(121216K) NonClass: 104657K(105216K)->104657K(105216K) Class: 15529K(16000K)->15529K(16000K)
[2026-04-03T02:09:04.791+0600][19.247s][info][gc          ] GC(41) Pause Young (Prepare Mixed) (G1 Evacuation Pause) 302M->171M(334M) 3.184ms
[2026-04-03T02:09:04.791+0600][19.247s][info][gc,cpu      ] GC(41) User=0.01s Sys=0.00s Real=0.01s
[2026-04-03T02:09:05.473+0600][19.929s][info][gc,start    ] GC(42) Pause Young (Mixed) (G1 Evacuation Pause)
[2026-04-03T02:09:05.473+0600][19.929s][info][gc,task     ] GC(42) Using 8 workers of 10 for evacuation
[2026-04-03T02:09:05.477+0600][19.933s][info][gc,phases   ] GC(42)   Pre Evacuate Collection Set: 0.39ms
[2026-04-03T02:09:05.477+0600][19.933s][info][gc,phases   ] GC(42)   Merge Heap Roots: 0.17ms
[2026-04-03T02:09:05.477+0600][19.933s][info][gc,phases   ] GC(42)   Evacuate Collection Set: 2.39ms
[2026-04-03T02:09:05.477+0600][19.933s][info][gc,phases   ] GC(42)   Post Evacuate Collection Set: 0.90ms
[2026-04-03T02:09:05.477+0600][19.933s][info][gc,phases   ] GC(42)   Other: 0.09ms
[2026-04-03T02:09:05.477+0600][19.933s][info][gc,heap     ] GC(42) Eden regions: 104->0(116)
[2026-04-03T02:09:05.477+0600][19.933s][info][gc,heap     ] GC(42) Survivor regions: 2->3(14)
[2026-04-03T02:09:05.477+0600][19.933s][info][gc,heap     ] GC(42) Old regions: 115->107
[2026-04-03T02:09:05.477+0600][19.933s][info][gc,heap     ] GC(42) Humongous regions: 79->56
[2026-04-03T02:09:05.477+0600][19.933s][info][gc,metaspace] GC(42) Metaspace: 121149K(122240K)->121149K(122240K) NonClass: 105514K(106112K)->105514K(106112K) Class: 15634K(16128K)->15634K(16128K)
[2026-04-03T02:09:05.477+0600][19.933s][info][gc          ] GC(42) Pause Young (Mixed) (G1 Evacuation Pause) 298M->164M(334M) 4.209ms
[2026-04-03T02:09:05.477+0600][19.933s][info][gc,cpu      ] GC(42) User=0.02s Sys=0.00s Real=0.00s
[2026-04-03T02:09:05.584+0600][20.039s][info][gc,start    ] GC(43) Pause Young (Concurrent Start) (G1 Humongous Allocation)
[2026-04-03T02:09:05.584+0600][20.039s][info][gc,task     ] GC(43) Using 8 workers of 10 for evacuation
[2026-04-03T02:09:05.587+0600][20.043s][info][gc,phases   ] GC(43)   Pre Evacuate Collection Set: 0.37ms
[2026-04-03T02:09:05.587+0600][20.043s][info][gc,phases   ] GC(43)   Merge Heap Roots: 0.10ms
[2026-04-03T02:09:05.587+0600][20.043s][info][gc,phases   ] GC(43)   Evacuate Collection Set: 2.01ms
[2026-04-03T02:09:05.587+0600][20.043s][info][gc,phases   ] GC(43)   Post Evacuate Collection Set: 0.45ms
[2026-04-03T02:09:05.587+0600][20.043s][info][gc,phases   ] GC(43)   Other: 0.12ms
[2026-04-03T02:09:05.587+0600][20.043s][info][gc,heap     ] GC(43) Eden regions: 17->0(124)
[2026-04-03T02:09:05.587+0600][20.043s][info][gc,heap     ] GC(43) Survivor regions: 3->2(15)
[2026-04-03T02:09:05.587+0600][20.043s][info][gc,heap     ] GC(43) Old regions: 107->107
[2026-04-03T02:09:05.587+0600][20.043s][info][gc,heap     ] GC(43) Humongous regions: 56->56
[2026-04-03T02:09:05.587+0600][20.043s][info][gc,metaspace] GC(43) Metaspace: 121177K(122240K)->121177K(122240K) NonClass: 105543K(106112K)->105543K(106112K) Class: 15634K(16128K)->15634K(16128K)
[2026-04-03T02:09:05.587+0600][20.043s][info][gc          ] GC(43) Pause Young (Concurrent Start) (G1 Humongous Allocation) 181M->164M(334M) 3.322ms
[2026-04-03T02:09:05.587+0600][20.043s][info][gc,cpu      ] GC(43) User=0.03s Sys=0.00s Real=0.00s
[2026-04-03T02:09:05.587+0600][20.043s][info][gc          ] GC(44) Concurrent Mark Cycle
[2026-04-03T02:09:05.587+0600][20.043s][info][gc,marking  ] GC(44) Concurrent Scan Root Regions
[2026-04-03T02:09:05.590+0600][20.046s][info][gc,marking  ] GC(44) Concurrent Scan Root Regions 3.452ms
[2026-04-03T02:09:05.591+0600][20.046s][info][gc,marking  ] GC(44) Concurrent Mark
[2026-04-03T02:09:05.591+0600][20.046s][info][gc,marking  ] GC(44) Concurrent Mark From Roots
[2026-04-03T02:09:05.591+0600][20.046s][info][gc,task     ] GC(44) Using 3 workers of 3 for marking
[2026-04-03T02:09:05.660+0600][20.115s][info][gc,marking  ] GC(44) Concurrent Mark From Roots 68.941ms
[2026-04-03T02:09:05.660+0600][20.115s][info][gc,marking  ] GC(44) Concurrent Preclean
[2026-04-03T02:09:05.660+0600][20.116s][info][gc,marking  ] GC(44) Concurrent Preclean 0.254ms
[2026-04-03T02:09:05.660+0600][20.116s][info][gc,start    ] GC(44) Pause Remark
[2026-04-03T02:09:05.667+0600][20.123s][info][gc          ] GC(44) Pause Remark 180M->129M(334M) 7.281ms
[2026-04-03T02:09:05.668+0600][20.124s][info][gc,cpu      ] GC(44) User=0.06s Sys=0.01s Real=0.00s
[2026-04-03T02:09:05.668+0600][20.124s][info][gc,marking  ] GC(44) Concurrent Mark 77.254ms
[2026-04-03T02:09:05.668+0600][20.124s][info][gc,marking  ] GC(44) Concurrent Rebuild Remembered Sets and Scrub Regions
[2026-04-03T02:09:05.706+0600][20.162s][info][gc,marking  ] GC(44) Concurrent Rebuild Remembered Sets and Scrub Regions 37.990ms
[2026-04-03T02:09:05.706+0600][20.162s][info][gc,start    ] GC(44) Pause Cleanup
[2026-04-03T02:09:05.706+0600][20.162s][info][gc          ] GC(44) Pause Cleanup 132M->132M(334M) 0.323ms
[2026-04-03T02:09:05.707+0600][20.162s][info][gc,cpu      ] GC(44) User=0.00s Sys=0.00s Real=0.00s
[2026-04-03T02:09:05.707+0600][20.162s][info][gc,marking  ] GC(44) Concurrent Clear Claimed Marks
[2026-04-03T02:09:05.707+0600][20.163s][info][gc,marking  ] GC(44) Concurrent Clear Claimed Marks 0.320ms
[2026-04-03T02:09:05.707+0600][20.163s][info][gc,marking  ] GC(44) Concurrent Cleanup for Next Mark
[2026-04-03T02:09:05.707+0600][20.163s][info][gc,marking  ] GC(44) Concurrent Cleanup for Next Mark 0.466ms
[2026-04-03T02:09:05.707+0600][20.163s][info][gc          ] GC(44) Concurrent Mark Cycle 120.551ms
[2026-04-03T02:09:06.062+0600][20.518s][info][gc,start    ] GC(45) Pause Young (Prepare Mixed) (G1 Evacuation Pause)
[2026-04-03T02:09:06.062+0600][20.518s][info][gc,task     ] GC(45) Using 8 workers of 10 for evacuation
[2026-04-03T02:09:06.066+0600][20.522s][info][gc,phases   ] GC(45)   Pre Evacuate Collection Set: 0.33ms
[2026-04-03T02:09:06.067+0600][20.522s][info][gc,phases   ] GC(45)   Merge Heap Roots: 0.17ms
[2026-04-03T02:09:06.067+0600][20.522s][info][gc,phases   ] GC(45)   Evacuate Collection Set: 2.95ms
[2026-04-03T02:09:06.067+0600][20.522s][info][gc,phases   ] GC(45)   Post Evacuate Collection Set: 0.78ms
[2026-04-03T02:09:06.067+0600][20.522s][info][gc,phases   ] GC(45)   Other: 0.12ms
[2026-04-03T02:09:06.067+0600][20.522s][info][gc,heap     ] GC(45) Eden regions: 124->0(165)
[2026-04-03T02:09:06.067+0600][20.522s][info][gc,heap     ] GC(45) Survivor regions: 2->4(16)
[2026-04-03T02:09:06.067+0600][20.522s][info][gc,heap     ] GC(45) Old regions: 96->96
[2026-04-03T02:09:06.067+0600][20.522s][info][gc,heap     ] GC(45) Humongous regions: 52->16
[2026-04-03T02:09:06.067+0600][20.522s][info][gc,metaspace] GC(45) Metaspace: 121651K(122752K)->121651K(122752K) NonClass: 105936K(106560K)->105936K(106560K) Class: 15715K(16192K)->15715K(16192K)
[2026-04-03T02:09:06.067+0600][20.523s][info][gc          ] GC(45) Pause Young (Prepare Mixed) (G1 Evacuation Pause) 273M->114M(334M) 4.636ms
[2026-04-03T02:09:06.067+0600][20.523s][info][gc,cpu      ] GC(45) User=0.02s Sys=0.01s Real=0.00s
[2026-04-03T02:09:06.180+0600][20.636s][info][gc,start    ] GC(46) Pause Full (System.gc())
[2026-04-03T02:09:06.180+0600][20.636s][info][gc,task     ] GC(46) Using 8 workers of 10 for full compaction
[2026-04-03T02:09:06.180+0600][20.636s][info][gc,phases,start] GC(46) Phase 1: Mark live objects
[2026-04-03T02:09:06.277+0600][20.733s][info][gc,phases      ] GC(46) Phase 1: Mark live objects 96.758ms
[2026-04-03T02:09:06.277+0600][20.733s][info][gc,phases,start] GC(46) Phase 2: Prepare compaction
[2026-04-03T02:09:06.283+0600][20.739s][info][gc,phases      ] GC(46) Phase 2: Prepare compaction 6.335ms
[2026-04-03T02:09:06.284+0600][20.739s][info][gc,phases,start] GC(46) Phase 3: Adjust pointers
[2026-04-03T02:09:06.301+0600][20.757s][info][gc,phases      ] GC(46) Phase 3: Adjust pointers 17.087ms
[2026-04-03T02:09:06.301+0600][20.757s][info][gc,phases,start] GC(46) Phase 4: Compact heap
[2026-04-03T02:09:06.310+0600][20.766s][info][gc,phases      ] GC(46) Phase 4: Compact heap 8.917ms
[2026-04-03T02:09:06.310+0600][20.766s][info][gc,phases,start] GC(46) Phase 5: Reset Metadata
[2026-04-03T02:09:06.314+0600][20.770s][info][gc,phases      ] GC(46) Phase 5: Reset Metadata 4.340ms
[2026-04-03T02:09:06.325+0600][20.781s][info][gc,heap        ] GC(46) Eden regions: 59->0(148)
[2026-04-03T02:09:06.325+0600][20.781s][info][gc,heap        ] GC(46) Survivor regions: 4->0(16)
[2026-04-03T02:09:06.325+0600][20.781s][info][gc,heap        ] GC(46) Old regions: 96->75
[2026-04-03T02:09:06.325+0600][20.781s][info][gc,heap        ] GC(46) Humongous regions: 24->8
[2026-04-03T02:09:06.325+0600][20.781s][info][gc,metaspace   ] GC(46) Metaspace: 121795K(122880K)->121784K(122880K) NonClass: 106069K(106688K)->106061K(106688K) Class: 15726K(16192K)->15722K(16192K)
[2026-04-03T02:09:06.325+0600][20.781s][info][gc             ] GC(46) Pause Full (System.gc()) 181M->77M(277M) 145.710ms
[2026-04-03T02:09:06.326+0600][20.781s][info][gc,cpu         ] GC(46) User=0.96s Sys=0.03s Real=0.14s
[2026-04-03T02:09:06.358+0600][20.814s][info][gc,start       ] GC(47) Pause Young (Concurrent Start) (G1 Humongous Allocation)
[2026-04-03T02:09:06.358+0600][20.814s][info][gc,task        ] GC(47) Using 7 workers of 10 for evacuation
[2026-04-03T02:09:06.361+0600][20.817s][info][gc,phases      ] GC(47)   Pre Evacuate Collection Set: 0.55ms
[2026-04-03T02:09:06.361+0600][20.817s][info][gc,phases      ] GC(47)   Merge Heap Roots: 0.23ms
[2026-04-03T02:09:06.361+0600][20.817s][info][gc,phases      ] GC(47)   Evacuate Collection Set: 1.47ms
[2026-04-03T02:09:06.361+0600][20.817s][info][gc,phases      ] GC(47)   Post Evacuate Collection Set: 0.47ms
[2026-04-03T02:09:06.361+0600][20.817s][info][gc,phases      ] GC(47)   Other: 0.29ms
[2026-04-03T02:09:06.361+0600][20.817s][info][gc,heap        ] GC(47) Eden regions: 5->0(153)
[2026-04-03T02:09:06.361+0600][20.817s][info][gc,heap        ] GC(47) Survivor regions: 0->1(19)
[2026-04-03T02:09:06.361+0600][20.817s][info][gc,heap        ] GC(47) Old regions: 75->75
[2026-04-03T02:09:06.361+0600][20.817s][info][gc,heap        ] GC(47) Humongous regions: 8->8
[2026-04-03T02:09:06.361+0600][20.817s][info][gc,metaspace   ] GC(47) Metaspace: 121861K(122944K)->121861K(122944K) NonClass: 106131K(106752K)->106131K(106752K) Class: 15729K(16192K)->15729K(16192K)
[2026-04-03T02:09:06.361+0600][20.817s][info][gc             ] GC(47) Pause Young (Concurrent Start) (G1 Humongous Allocation) 82M->78M(277M) 3.295ms
[2026-04-03T02:09:06.361+0600][20.817s][info][gc             ] GC(48) Concurrent Mark Cycle
[2026-04-03T02:09:06.361+0600][20.817s][info][gc,marking     ] GC(48) Concurrent Scan Root Regions
[2026-04-03T02:09:06.361+0600][20.817s][info][gc,cpu         ] GC(47) User=0.02s Sys=0.00s Real=0.01s
[2026-04-03T02:09:06.364+0600][20.820s][info][gc,marking     ] GC(48) Concurrent Scan Root Regions 2.345ms
[2026-04-03T02:09:06.364+0600][20.820s][info][gc,marking     ] GC(48) Concurrent Mark
[2026-04-03T02:09:06.364+0600][20.820s][info][gc,marking     ] GC(48) Concurrent Mark From Roots
[2026-04-03T02:09:06.364+0600][20.820s][info][gc,task        ] GC(48) Using 3 workers of 3 for marking
[2026-04-03T02:09:06.464+0600][20.920s][info][gc,marking     ] GC(48) Concurrent Mark From Roots 100.025ms
[2026-04-03T02:09:06.464+0600][20.920s][info][gc,marking     ] GC(48) Concurrent Preclean
[2026-04-03T02:09:06.464+0600][20.920s][info][gc,marking     ] GC(48) Concurrent Preclean 0.259ms
[2026-04-03T02:09:06.464+0600][20.920s][info][gc,start       ] GC(48) Pause Remark
[2026-04-03T02:09:06.472+0600][20.927s][info][gc             ] GC(48) Pause Remark 87M->87M(277M) 7.115ms
[2026-04-03T02:09:06.472+0600][20.928s][info][gc,cpu         ] GC(48) User=0.03s Sys=0.00s Real=0.01s
[2026-04-03T02:09:06.472+0600][20.928s][info][gc,marking     ] GC(48) Concurrent Mark 108.162ms
[2026-04-03T02:09:06.472+0600][20.928s][info][gc,marking     ] GC(48) Concurrent Rebuild Remembered Sets and Scrub Regions
[2026-04-03T02:09:06.494+0600][20.950s][info][gc,marking     ] GC(48) Concurrent Rebuild Remembered Sets and Scrub Regions 21.657ms
[2026-04-03T02:09:06.494+0600][20.950s][info][gc,start       ] GC(48) Pause Cleanup
[2026-04-03T02:09:06.494+0600][20.950s][info][gc             ] GC(48) Pause Cleanup 87M->87M(277M) 0.221ms
[2026-04-03T02:09:06.494+0600][20.950s][info][gc,cpu         ] GC(48) User=0.00s Sys=0.00s Real=0.00s
[2026-04-03T02:09:06.495+0600][20.951s][info][gc,marking     ] GC(48) Concurrent Clear Claimed Marks
[2026-04-03T02:09:06.495+0600][20.951s][info][gc,marking     ] GC(48) Concurrent Clear Claimed Marks 0.274ms
[2026-04-03T02:09:06.495+0600][20.951s][info][gc,marking     ] GC(48) Concurrent Cleanup for Next Mark
[2026-04-03T02:09:06.495+0600][20.951s][info][gc,marking     ] GC(48) Concurrent Cleanup for Next Mark 0.567ms
[2026-04-03T02:09:06.496+0600][20.951s][info][gc             ] GC(48) Concurrent Mark Cycle 134.228ms
[2026-04-03T02:09:06.981+0600][21.437s][info][gc,start       ] GC(49) Pause Young (Prepare Mixed) (G1 Evacuation Pause)
[2026-04-03T02:09:06.982+0600][21.437s][info][gc,task        ] GC(49) Using 7 workers of 10 for evacuation
[2026-04-03T02:09:06.987+0600][21.443s][info][gc,phases      ] GC(49)   Pre Evacuate Collection Set: 0.29ms
[2026-04-03T02:09:06.987+0600][21.443s][info][gc,phases      ] GC(49)   Merge Heap Roots: 0.14ms
[2026-04-03T02:09:06.987+0600][21.443s][info][gc,phases      ] GC(49)   Evacuate Collection Set: 3.61ms
[2026-04-03T02:09:06.987+0600][21.443s][info][gc,phases      ] GC(49)   Post Evacuate Collection Set: 0.92ms
[2026-04-03T02:09:06.987+0600][21.443s][info][gc,phases      ] GC(49)   Other: 0.16ms
[2026-04-03T02:09:06.987+0600][21.443s][info][gc,heap        ] GC(49) Eden regions: 61->0(180)
[2026-04-03T02:09:06.987+0600][21.443s][info][gc,heap        ] GC(49) Survivor regions: 1->5(20)
[2026-04-03T02:09:06.987+0600][21.443s][info][gc,heap        ] GC(49) Old regions: 75->75
[2026-04-03T02:09:06.987+0600][21.443s][info][gc,heap        ] GC(49) Humongous regions: 190->28
[2026-04-03T02:09:06.987+0600][21.443s][info][gc,metaspace   ] GC(49) Metaspace: 123157K(124416K)->123157K(124416K) NonClass: 107210K(107904K)->107210K(107904K) Class: 15946K(16512K)->15946K(16512K)
[2026-04-03T02:09:06.987+0600][21.443s][info][gc             ] GC(49) Pause Young (Prepare Mixed) (G1 Evacuation Pause) 321M->102M(332M) 5.431ms
[2026-04-03T02:09:06.987+0600][21.443s][info][gc,cpu         ] GC(49) User=0.03s Sys=0.00s Real=0.00s
[2026-04-03T02:09:07.300+0600][21.756s][info][gc,start       ] GC(50) Pause Young (Mixed) (G1 Evacuation Pause)
[2026-04-03T02:09:07.300+0600][21.756s][info][gc,task        ] GC(50) Using 7 workers of 10 for evacuation
[2026-04-03T02:09:07.306+0600][21.762s][info][gc,phases      ] GC(50)   Pre Evacuate Collection Set: 0.43ms
[2026-04-03T02:09:07.306+0600][21.762s][info][gc,phases      ] GC(50)   Merge Heap Roots: 0.13ms
[2026-04-03T02:09:07.306+0600][21.762s][info][gc,phases      ] GC(50)   Evacuate Collection Set: 4.77ms
[2026-04-03T02:09:07.307+0600][21.762s][info][gc,phases      ] GC(50)   Post Evacuate Collection Set: 0.71ms
[2026-04-03T02:09:07.307+0600][21.762s][info][gc,phases      ] GC(50)   Other: 0.11ms
[2026-04-03T02:09:07.307+0600][21.762s][info][gc,heap        ] GC(50) Eden regions: 37->0(197)
[2026-04-03T02:09:07.307+0600][21.762s][info][gc,heap        ] GC(50) Survivor regions: 5->5(24)
[2026-04-03T02:09:07.307+0600][21.762s][info][gc,heap        ] GC(50) Old regions: 75->75
[2026-04-03T02:09:07.307+0600][21.762s][info][gc,heap        ] GC(50) Humongous regions: 215->8
[2026-04-03T02:09:07.307+0600][21.762s][info][gc,metaspace   ] GC(50) Metaspace: 123325K(124544K)->123325K(124544K) NonClass: 107356K(108032K)->107356K(108032K) Class: 15968K(16512K)->15968K(16512K)
[2026-04-03T02:09:07.307+0600][21.762s][info][gc             ] GC(50) Pause Young (Mixed) (G1 Evacuation Pause) 326M->82M(338M) 6.492ms
[2026-04-03T02:09:07.307+0600][21.763s][info][gc,cpu         ] GC(50) User=0.04s Sys=0.00s Real=0.00s
[2026-04-03T02:09:07.420+0600][21.876s][info][gc,start       ] GC(51) Pause Young (Concurrent Start) (G1 Humongous Allocation)
[2026-04-03T02:09:07.420+0600][21.876s][info][gc,task        ] GC(51) Using 8 workers of 10 for evacuation
[2026-04-03T02:09:07.424+0600][21.880s][info][gc,phases      ] GC(51)   Pre Evacuate Collection Set: 0.44ms
[2026-04-03T02:09:07.424+0600][21.880s][info][gc,phases      ] GC(51)   Merge Heap Roots: 0.13ms
[2026-04-03T02:09:07.424+0600][21.880s][info][gc,phases      ] GC(51)   Evacuate Collection Set: 2.69ms
[2026-04-03T02:09:07.424+0600][21.880s][info][gc,phases      ] GC(51)   Post Evacuate Collection Set: 0.84ms
[2026-04-03T02:09:07.424+0600][21.880s][info][gc,phases      ] GC(51)   Other: 0.13ms
[2026-04-03T02:09:07.424+0600][21.880s][info][gc,heap        ] GC(51) Eden regions: 5->0(197)
[2026-04-03T02:09:07.424+0600][21.880s][info][gc,heap        ] GC(51) Survivor regions: 5->5(26)
[2026-04-03T02:09:07.424+0600][21.880s][info][gc,heap        ] GC(51) Old regions: 75->75
[2026-04-03T02:09:07.424+0600][21.880s][info][gc,heap        ] GC(51) Humongous regions: 8->8
[2026-04-03T02:09:07.425+0600][21.880s][info][gc,metaspace   ] GC(51) Metaspace: 123327K(124544K)->123327K(124544K) NonClass: 107358K(108032K)->107358K(108032K) Class: 15968K(16512K)->15968K(16512K)
[2026-04-03T02:09:07.425+0600][21.880s][info][gc             ] GC(51) Pause Young (Concurrent Start) (G1 Humongous Allocation) 87M->82M(338M) 4.572ms
[2026-04-03T02:09:07.425+0600][21.880s][info][gc             ] GC(52) Concurrent Mark Cycle
[2026-04-03T02:09:07.425+0600][21.881s][info][gc,cpu         ] GC(51) User=0.02s Sys=0.00s Real=0.00s
[2026-04-03T02:09:07.425+0600][21.881s][info][gc,marking     ] GC(52) Concurrent Scan Root Regions
[2026-04-03T02:09:07.428+0600][21.884s][info][gc,marking     ] GC(52) Concurrent Scan Root Regions 3.208ms
[2026-04-03T02:09:07.428+0600][21.884s][info][gc,marking     ] GC(52) Concurrent Mark
[2026-04-03T02:09:07.428+0600][21.884s][info][gc,marking     ] GC(52) Concurrent Mark From Roots
[2026-04-03T02:09:07.428+0600][21.884s][info][gc,task        ] GC(52) Using 3 workers of 3 for marking
[2026-04-03T02:09:07.537+0600][21.993s][info][gc,marking     ] GC(52) Concurrent Mark From Roots 109.303ms
[2026-04-03T02:09:07.537+0600][21.993s][info][gc,marking     ] GC(52) Concurrent Preclean
[2026-04-03T02:09:07.538+0600][21.993s][info][gc,marking     ] GC(52) Concurrent Preclean 0.215ms
[2026-04-03T02:09:07.538+0600][21.994s][info][gc,start       ] GC(52) Pause Remark
[2026-04-03T02:09:07.546+0600][22.002s][info][gc             ] GC(52) Pause Remark 103M->103M(334M) 7.889ms
[2026-04-03T02:09:07.546+0600][22.002s][info][gc,cpu         ] GC(52) User=0.06s Sys=0.00s Real=0.01s
[2026-04-03T02:09:07.546+0600][22.002s][info][gc,marking     ] GC(52) Concurrent Mark 118.098ms
[2026-04-03T02:09:07.546+0600][22.002s][info][gc,marking     ] GC(52) Concurrent Rebuild Remembered Sets and Scrub Regions
[2026-04-03T02:09:07.572+0600][22.028s][info][gc,marking     ] GC(52) Concurrent Rebuild Remembered Sets and Scrub Regions 26.258ms
[2026-04-03T02:09:07.573+0600][22.029s][info][gc,start       ] GC(52) Pause Cleanup
[2026-04-03T02:09:07.573+0600][22.029s][info][gc             ] GC(52) Pause Cleanup 106M->106M(334M) 0.266ms
[2026-04-03T02:09:07.573+0600][22.029s][info][gc,cpu         ] GC(52) User=0.01s Sys=0.00s Real=0.00s
[2026-04-03T02:09:07.573+0600][22.029s][info][gc,marking     ] GC(52) Concurrent Clear Claimed Marks
[2026-04-03T02:09:07.573+0600][22.029s][info][gc,marking     ] GC(52) Concurrent Clear Claimed Marks 0.285ms
[2026-04-03T02:09:07.573+0600][22.029s][info][gc,marking     ] GC(52) Concurrent Cleanup for Next Mark
[2026-04-03T02:09:07.574+0600][22.030s][info][gc,marking     ] GC(52) Concurrent Cleanup for Next Mark 0.870ms
[2026-04-03T02:09:07.574+0600][22.030s][info][gc             ] GC(52) Concurrent Mark Cycle 149.805ms
[2026-04-03T02:09:07.696+0600][22.152s][info][gc,start       ] GC(53) Pause Young (Prepare Mixed) (G1 Evacuation Pause)
[2026-04-03T02:09:07.696+0600][22.152s][info][gc,task        ] GC(53) Using 9 workers of 10 for evacuation
[2026-04-03T02:09:07.701+0600][22.157s][info][gc,phases      ] GC(53)   Pre Evacuate Collection Set: 0.51ms
[2026-04-03T02:09:07.701+0600][22.157s][info][gc,phases      ] GC(53)   Merge Heap Roots: 0.13ms
[2026-04-03T02:09:07.701+0600][22.157s][info][gc,phases      ] GC(53)   Evacuate Collection Set: 3.14ms
[2026-04-03T02:09:07.701+0600][22.157s][info][gc,phases      ] GC(53)   Post Evacuate Collection Set: 0.83ms
[2026-04-03T02:09:07.701+0600][22.157s][info][gc,phases      ] GC(53)   Other: 0.10ms
[2026-04-03T02:09:07.701+0600][22.157s][info][gc,heap        ] GC(53) Eden regions: 32->0(246)
[2026-04-03T02:09:07.701+0600][22.157s][info][gc,heap        ] GC(53) Survivor regions: 5->6(25)
[2026-04-03T02:09:07.701+0600][22.157s][info][gc,heap        ] GC(53) Old regions: 75->75
[2026-04-03T02:09:07.701+0600][22.157s][info][gc,heap        ] GC(53) Humongous regions: 302->13
[2026-04-03T02:09:07.701+0600][22.157s][info][gc,metaspace   ] GC(53) Metaspace: 123368K(124608K)->123368K(124608K) NonClass: 107395K(108096K)->107395K(108096K) Class: 15972K(16512K)->15972K(16512K)
[2026-04-03T02:09:07.701+0600][22.157s][info][gc             ] GC(53) Pause Young (Prepare Mixed) (G1 Evacuation Pause) 408M->87M(420M) 5.080ms
[2026-04-03T02:09:07.701+0600][22.157s][info][gc,cpu         ] GC(53) User=0.03s Sys=0.01s Real=0.01s
[2026-04-03T02:09:09.264+0600][23.720s][info][gc,start       ] GC(54) Pause Young (Mixed) (G1 Evacuation Pause)
[2026-04-03T02:09:09.264+0600][23.720s][info][gc,task        ] GC(54) Using 10 workers of 10 for evacuation
[2026-04-03T02:09:09.269+0600][23.725s][info][gc,phases      ] GC(54)   Pre Evacuate Collection Set: 0.37ms
[2026-04-03T02:09:09.269+0600][23.725s][info][gc,phases      ] GC(54)   Merge Heap Roots: 0.20ms
[2026-04-03T02:09:09.269+0600][23.725s][info][gc,phases      ] GC(54)   Evacuate Collection Set: 3.70ms
[2026-04-03T02:09:09.269+0600][23.725s][info][gc,phases      ] GC(54)   Post Evacuate Collection Set: 0.68ms
[2026-04-03T02:09:09.269+0600][23.725s][info][gc,phases      ] GC(54)   Other: 0.12ms
[2026-04-03T02:09:09.269+0600][23.725s][info][gc,heap        ] GC(54) Eden regions: 175->0(250)
[2026-04-03T02:09:09.269+0600][23.725s][info][gc,heap        ] GC(54) Survivor regions: 6->5(32)
[2026-04-03T02:09:09.269+0600][23.725s][info][gc,heap        ] GC(54) Old regions: 75->75
[2026-04-03T02:09:09.269+0600][23.725s][info][gc,heap        ] GC(54) Humongous regions: 164->8
[2026-04-03T02:09:09.269+0600][23.725s][info][gc,metaspace   ] GC(54) Metaspace: 127547K(129024K)->127547K(129024K) NonClass: 111059K(111872K)->111059K(111872K) Class: 16487K(17152K)->16487K(17152K)
[2026-04-03T02:09:09.269+0600][23.725s][info][gc             ] GC(54) Pause Young (Mixed) (G1 Evacuation Pause) 413M->82M(426M) 5.351ms
[2026-04-03T02:09:09.269+0600][23.725s][info][gc,cpu         ] GC(54) User=0.03s Sys=0.01s Real=0.00s
[2026-04-03T02:09:09.572+0600][24.028s][info][gc,start       ] GC(55) Pause Young (Concurrent Start) (G1 Humongous Allocation)
[2026-04-03T02:09:09.573+0600][24.028s][info][gc,task        ] GC(55) Using 10 workers of 10 for evacuation
[2026-04-03T02:09:09.577+0600][24.033s][info][gc,phases      ] GC(55)   Pre Evacuate Collection Set: 0.44ms
[2026-04-03T02:09:09.577+0600][24.033s][info][gc,phases      ] GC(55)   Merge Heap Roots: 0.13ms
[2026-04-03T02:09:09.578+0600][24.033s][info][gc,phases      ] GC(55)   Evacuate Collection Set: 3.23ms
[2026-04-03T02:09:09.578+0600][24.033s][info][gc,phases      ] GC(55)   Post Evacuate Collection Set: 0.80ms
[2026-04-03T02:09:09.578+0600][24.033s][info][gc,phases      ] GC(55)   Other: 0.22ms
[2026-04-03T02:09:09.578+0600][24.033s][info][gc,heap        ] GC(55) Eden regions: 107->0(249)
[2026-04-03T02:09:09.578+0600][24.033s][info][gc,heap        ] GC(55) Survivor regions: 5->6(32)
[2026-04-03T02:09:09.578+0600][24.033s][info][gc,heap        ] GC(55) Old regions: 75->75
[2026-04-03T02:09:09.578+0600][24.033s][info][gc,heap        ] GC(55) Humongous regions: 8->8
[2026-04-03T02:09:09.578+0600][24.033s][info][gc,metaspace   ] GC(55) Metaspace: 127764K(129216K)->127764K(129216K) NonClass: 111274K(112064K)->111274K(112064K) Class: 16490K(17152K)->16490K(17152K)
[2026-04-03T02:09:09.578+0600][24.034s][info][gc             ] GC(55) Pause Young (Concurrent Start) (G1 Humongous Allocation) 189M->82M(426M) 5.186ms
[2026-04-03T02:09:09.578+0600][24.034s][info][gc             ] GC(56) Concurrent Mark Cycle
[2026-04-03T02:09:09.578+0600][24.034s][info][gc,cpu         ] GC(55) User=0.04s Sys=0.00s Real=0.00s
[2026-04-03T02:09:09.578+0600][24.034s][info][gc,marking     ] GC(56) Concurrent Scan Root Regions
[2026-04-03T02:09:09.580+0600][24.036s][info][gc,marking     ] GC(56) Concurrent Scan Root Regions 2.166ms
[2026-04-03T02:09:09.580+0600][24.036s][info][gc,marking     ] GC(56) Concurrent Mark
[2026-04-03T02:09:09.580+0600][24.036s][info][gc,marking     ] GC(56) Concurrent Mark From Roots
[2026-04-03T02:09:09.580+0600][24.036s][info][gc,task        ] GC(56) Using 3 workers of 3 for marking
[2026-04-03T02:09:09.705+0600][24.161s][info][gc,marking     ] GC(56) Concurrent Mark From Roots 124.649ms
[2026-04-03T02:09:09.705+0600][24.161s][info][gc,marking     ] GC(56) Concurrent Preclean
[2026-04-03T02:09:09.705+0600][24.161s][info][gc,marking     ] GC(56) Concurrent Preclean 0.261ms
[2026-04-03T02:09:09.706+0600][24.162s][info][gc,start       ] GC(56) Pause Remark
[2026-04-03T02:09:09.714+0600][24.169s][info][gc             ] GC(56) Pause Remark 136M->136M(384M) 7.536ms
[2026-04-03T02:09:09.714+0600][24.170s][info][gc,cpu         ] GC(56) User=0.05s Sys=0.00s Real=0.01s
[2026-04-03T02:09:09.714+0600][24.170s][info][gc,marking     ] GC(56) Concurrent Mark 133.968ms
[2026-04-03T02:09:09.714+0600][24.170s][info][gc,marking     ] GC(56) Concurrent Rebuild Remembered Sets and Scrub Regions
[2026-04-03T02:09:09.754+0600][24.210s][info][gc,marking     ] GC(56) Concurrent Rebuild Remembered Sets and Scrub Regions 39.661ms
[2026-04-03T02:09:09.754+0600][24.210s][info][gc,start       ] GC(56) Pause Cleanup
[2026-04-03T02:09:09.755+0600][24.211s][info][gc             ] GC(56) Pause Cleanup 139M->139M(384M) 0.242ms
[2026-04-03T02:09:09.755+0600][24.211s][info][gc,cpu         ] GC(56) User=0.00s Sys=0.00s Real=0.00s
[2026-04-03T02:09:09.758+0600][24.214s][info][gc,marking     ] GC(56) Concurrent Clear Claimed Marks
[2026-04-03T02:09:09.758+0600][24.214s][info][gc,marking     ] GC(56) Concurrent Clear Claimed Marks 0.421ms
[2026-04-03T02:09:09.758+0600][24.214s][info][gc,marking     ] GC(56) Concurrent Cleanup for Next Mark
[2026-04-03T02:09:09.762+0600][24.218s][info][gc,marking     ] GC(56) Concurrent Cleanup for Next Mark 3.442ms
[2026-04-03T02:09:09.762+0600][24.218s][info][gc             ] GC(56) Concurrent Mark Cycle 184.105ms
[2026-04-03T02:09:10.190+0600][24.646s][info][gc,start       ] GC(57) Pause Young (Prepare Mixed) (GCLocker Initiated GC)
[2026-04-03T02:09:10.190+0600][24.646s][info][gc,task        ] GC(57) Using 9 workers of 10 for evacuation
[2026-04-03T02:09:10.198+0600][24.654s][info][gc,phases      ] GC(57)   Pre Evacuate Collection Set: 0.32ms
[2026-04-03T02:09:10.198+0600][24.654s][info][gc,phases      ] GC(57)   Merge Heap Roots: 0.23ms
[2026-04-03T02:09:10.198+0600][24.654s][info][gc,phases      ] GC(57)   Evacuate Collection Set: 6.50ms
[2026-04-03T02:09:10.198+0600][24.654s][info][gc,phases      ] GC(57)   Post Evacuate Collection Set: 0.78ms
[2026-04-03T02:09:10.198+0600][24.654s][info][gc,phases      ] GC(57)   Other: 0.14ms
[2026-04-03T02:09:10.199+0600][24.654s][info][gc,heap        ] GC(57) Eden regions: 164->0(227)
[2026-04-03T02:09:10.199+0600][24.654s][info][gc,heap        ] GC(57) Survivor regions: 6->8(29)
[2026-04-03T02:09:10.199+0600][24.654s][info][gc,heap        ] GC(57) Old regions: 75->75
[2026-04-03T02:09:10.199+0600][24.654s][info][gc,heap        ] GC(57) Humongous regions: 139->8
[2026-04-03T02:09:10.199+0600][24.654s][info][gc,metaspace   ] GC(57) Metaspace: 128135K(129600K)->128135K(129600K) NonClass: 111631K(112448K)->111631K(112448K) Class: 16504K(17152K)->16504K(17152K)
[2026-04-03T02:09:10.199+0600][24.654s][info][gc             ] GC(57) Pause Young (Prepare Mixed) (GCLocker Initiated GC) 377M->85M(392M) 8.314ms
[2026-04-03T02:09:10.199+0600][24.655s][info][gc,cpu         ] GC(57) User=0.07s Sys=0.01s Real=0.00s
[2026-04-03T02:09:10.599+0600][25.055s][info][gc,start       ] GC(58) Pause Young (Mixed) (G1 Evacuation Pause)
[2026-04-03T02:09:10.599+0600][25.055s][info][gc,task        ] GC(58) Using 9 workers of 10 for evacuation
[2026-04-03T02:09:10.608+0600][25.064s][info][gc,phases      ] GC(58)   Pre Evacuate Collection Set: 0.51ms
[2026-04-03T02:09:10.608+0600][25.064s][info][gc,phases      ] GC(58)   Merge Heap Roots: 0.30ms
[2026-04-03T02:09:10.608+0600][25.064s][info][gc,phases      ] GC(58)   Evacuate Collection Set: 7.09ms
[2026-04-03T02:09:10.608+0600][25.064s][info][gc,phases      ] GC(58)   Post Evacuate Collection Set: 1.24ms
[2026-04-03T02:09:10.608+0600][25.064s][info][gc,phases      ] GC(58)   Other: 0.13ms
[2026-04-03T02:09:10.608+0600][25.064s][info][gc,heap        ] GC(58) Eden regions: 175->0(231)
[2026-04-03T02:09:10.608+0600][25.064s][info][gc,heap        ] GC(58) Survivor regions: 8->12(30)
[2026-04-03T02:09:10.608+0600][25.064s][info][gc,heap        ] GC(58) Old regions: 75->75
[2026-04-03T02:09:10.608+0600][25.064s][info][gc,heap        ] GC(58) Humongous regions: 134->8
[2026-04-03T02:09:10.608+0600][25.064s][info][gc,metaspace   ] GC(58) Metaspace: 128400K(129920K)->128400K(129920K) NonClass: 111887K(112704K)->111887K(112704K) Class: 16513K(17216K)->16513K(17216K)
[2026-04-03T02:09:10.609+0600][25.064s][info][gc             ] GC(58) Pause Young (Mixed) (G1 Evacuation Pause) 386M->89M(405M) 9.671ms
[2026-04-03T02:09:10.609+0600][25.065s][info][gc,cpu         ] GC(58) User=0.06s Sys=0.02s Real=0.01s
[2026-04-03T02:09:10.612+0600][25.068s][info][gc,start       ] GC(59) Pause Young (Concurrent Start) (G1 Humongous Allocation)
[2026-04-03T02:09:10.612+0600][25.068s][info][gc,task        ] GC(59) Using 9 workers of 10 for evacuation
[2026-04-03T02:09:10.619+0600][25.074s][info][gc,phases      ] GC(59)   Pre Evacuate Collection Set: 0.34ms
[2026-04-03T02:09:10.619+0600][25.075s][info][gc,phases      ] GC(59)   Merge Heap Roots: 0.18ms
[2026-04-03T02:09:10.619+0600][25.075s][info][gc,phases      ] GC(59)   Evacuate Collection Set: 4.23ms
[2026-04-03T02:09:10.619+0600][25.075s][info][gc,phases      ] GC(59)   Post Evacuate Collection Set: 1.04ms
[2026-04-03T02:09:10.619+0600][25.075s][info][gc,phases      ] GC(59)   Other: 0.27ms
[2026-04-03T02:09:10.619+0600][25.075s][info][gc,heap        ] GC(59) Eden regions: 5->0(234)
[2026-04-03T02:09:10.619+0600][25.075s][info][gc,heap        ] GC(59) Survivor regions: 12->9(31)
[2026-04-03T02:09:10.619+0600][25.075s][info][gc,heap        ] GC(59) Old regions: 75->75
[2026-04-03T02:09:10.619+0600][25.075s][info][gc,heap        ] GC(59) Humongous regions: 8->8
[2026-04-03T02:09:10.619+0600][25.075s][info][gc,metaspace   ] GC(59) Metaspace: 128400K(129920K)->128400K(129920K) NonClass: 111887K(112704K)->111887K(112704K) Class: 16513K(17216K)->16513K(17216K)
[2026-04-03T02:09:10.619+0600][25.075s][info][gc             ] GC(59) Pause Young (Concurrent Start) (G1 Humongous Allocation) 93M->86M(405M) 6.478ms
[2026-04-03T02:09:10.619+0600][25.075s][info][gc             ] GC(60) Concurrent Mark Cycle
[2026-04-03T02:09:10.619+0600][25.075s][info][gc,marking     ] GC(60) Concurrent Scan Root Regions
[2026-04-03T02:09:10.619+0600][25.075s][info][gc,cpu         ] GC(59) User=0.05s Sys=0.00s Real=0.00s
[2026-04-03T02:09:10.626+0600][25.082s][info][gc,marking     ] GC(60) Concurrent Scan Root Regions 7.321ms
[2026-04-03T02:09:10.626+0600][25.082s][info][gc,marking     ] GC(60) Concurrent Mark
[2026-04-03T02:09:10.626+0600][25.082s][info][gc,marking     ] GC(60) Concurrent Mark From Roots
[2026-04-03T02:09:10.626+0600][25.082s][info][gc,task        ] GC(60) Using 3 workers of 3 for marking
[2026-04-03T02:09:10.740+0600][25.196s][info][gc,marking     ] GC(60) Concurrent Mark From Roots 114.002ms
[2026-04-03T02:09:10.741+0600][25.196s][info][gc,marking     ] GC(60) Concurrent Preclean
[2026-04-03T02:09:10.741+0600][25.197s][info][gc,marking     ] GC(60) Concurrent Preclean 0.600ms
[2026-04-03T02:09:10.742+0600][25.197s][info][gc,start       ] GC(60) Pause Remark
[2026-04-03T02:09:10.750+0600][25.206s][info][gc             ] GC(60) Pause Remark 162M->162M(405M) 8.359ms
[2026-04-03T02:09:10.750+0600][25.206s][info][gc,cpu         ] GC(60) User=0.06s Sys=0.00s Real=0.01s
[2026-04-03T02:09:10.750+0600][25.206s][info][gc,marking     ] GC(60) Concurrent Mark 123.848ms
[2026-04-03T02:09:10.750+0600][25.206s][info][gc,marking     ] GC(60) Concurrent Rebuild Remembered Sets and Scrub Regions
[2026-04-03T02:09:10.777+0600][25.233s][info][gc,marking     ] GC(60) Concurrent Rebuild Remembered Sets and Scrub Regions 26.695ms
[2026-04-03T02:09:10.777+0600][25.233s][info][gc,start       ] GC(60) Pause Cleanup
[2026-04-03T02:09:10.778+0600][25.234s][info][gc             ] GC(60) Pause Cleanup 173M->173M(405M) 0.349ms
[2026-04-03T02:09:10.778+0600][25.234s][info][gc,cpu         ] GC(60) User=0.01s Sys=0.00s Real=0.00s
[2026-04-03T02:09:10.778+0600][25.234s][info][gc,marking     ] GC(60) Concurrent Clear Claimed Marks
[2026-04-03T02:09:10.778+0600][25.234s][info][gc,marking     ] GC(60) Concurrent Clear Claimed Marks 0.363ms
[2026-04-03T02:09:10.778+0600][25.234s][info][gc,marking     ] GC(60) Concurrent Cleanup for Next Mark
[2026-04-03T02:09:10.780+0600][25.236s][info][gc,marking     ] GC(60) Concurrent Cleanup for Next Mark 1.928ms
[2026-04-03T02:09:10.780+0600][25.236s][info][gc             ] GC(60) Concurrent Mark Cycle 161.533ms
[2026-04-03T02:09:11.063+0600][25.519s][info][gc,start       ] GC(61) Pause Young (Prepare Mixed) (G1 Evacuation Pause)
[2026-04-03T02:09:11.063+0600][25.519s][info][gc,task        ] GC(61) Using 10 workers of 10 for evacuation
[2026-04-03T02:09:11.071+0600][25.527s][info][gc,phases      ] GC(61)   Pre Evacuate Collection Set: 0.32ms
[2026-04-03T02:09:11.072+0600][25.527s][info][gc,phases      ] GC(61)   Merge Heap Roots: 0.17ms
[2026-04-03T02:09:11.072+0600][25.527s][info][gc,phases      ] GC(61)   Evacuate Collection Set: 6.81ms
[2026-04-03T02:09:11.072+0600][25.527s][info][gc,phases      ] GC(61)   Post Evacuate Collection Set: 1.03ms
[2026-04-03T02:09:11.072+0600][25.527s][info][gc,phases      ] GC(61)   Other: 0.13ms
[2026-04-03T02:09:11.072+0600][25.528s][info][gc,heap        ] GC(61) Eden regions: 177->0(246)
[2026-04-03T02:09:11.072+0600][25.528s][info][gc,heap        ] GC(61) Survivor regions: 9->8(31)
[2026-04-03T02:09:11.072+0600][25.528s][info][gc,heap        ] GC(61) Old regions: 75->75
[2026-04-03T02:09:11.072+0600][25.528s][info][gc,heap        ] GC(61) Humongous regions: 155->8
[2026-04-03T02:09:11.072+0600][25.528s][info][gc,metaspace   ] GC(61) Metaspace: 128695K(130240K)->128695K(130240K) NonClass: 112178K(113024K)->112178K(113024K) Class: 16517K(17216K)->16517K(17216K)
[2026-04-03T02:09:11.072+0600][25.528s][info][gc             ] GC(61) Pause Young (Prepare Mixed) (G1 Evacuation Pause) 410M->84M(424M) 8.780ms
[2026-04-03T02:09:11.072+0600][25.528s][info][gc,cpu         ] GC(61) User=0.06s Sys=0.00s Real=0.01s
[2026-04-03T02:09:11.725+0600][26.181s][info][gc,start       ] GC(62) Pause Young (Mixed) (G1 Evacuation Pause)
[2026-04-03T02:09:11.725+0600][26.181s][info][gc,task        ] GC(62) Using 10 workers of 10 for evacuation
[2026-04-03T02:09:11.730+0600][26.186s][info][gc,phases      ] GC(62)   Pre Evacuate Collection Set: 0.46ms
[2026-04-03T02:09:11.731+0600][26.186s][info][gc,phases      ] GC(62)   Merge Heap Roots: 0.17ms
[2026-04-03T02:09:11.731+0600][26.186s][info][gc,phases      ] GC(62)   Evacuate Collection Set: 3.67ms
[2026-04-03T02:09:11.731+0600][26.186s][info][gc,phases      ] GC(62)   Post Evacuate Collection Set: 0.94ms
[2026-04-03T02:09:11.731+0600][26.186s][info][gc,phases      ] GC(62)   Other: 0.13ms
[2026-04-03T02:09:11.731+0600][26.186s][info][gc,heap        ] GC(62) Eden regions: 246->0(246)
[2026-04-03T02:09:11.731+0600][26.186s][info][gc,heap        ] GC(62) Survivor regions: 8->8(32)
[2026-04-03T02:09:11.731+0600][26.186s][info][gc,heap        ] GC(62) Old regions: 75->74
[2026-04-03T02:09:11.731+0600][26.186s][info][gc,heap        ] GC(62) Humongous regions: 81->8
[2026-04-03T02:09:11.731+0600][26.186s][info][gc,metaspace   ] GC(62) Metaspace: 129054K(130560K)->129054K(130560K) NonClass: 112501K(113344K)->112501K(113344K) Class: 16553K(17216K)->16553K(17216K)
[2026-04-03T02:09:11.731+0600][26.187s][info][gc             ] GC(62) Pause Young (Mixed) (G1 Evacuation Pause) 403M->85M(424M) 5.656ms
[2026-04-03T02:09:11.731+0600][26.187s][info][gc,cpu         ] GC(62) User=0.04s Sys=0.00s Real=0.01s
[2026-04-03T02:09:11.743+0600][26.199s][info][gc,start       ] GC(63) Pause Young (Concurrent Start) (G1 Humongous Allocation)
[2026-04-03T02:09:11.743+0600][26.199s][info][gc,task        ] GC(63) Using 10 workers of 10 for evacuation
[2026-04-03T02:09:11.749+0600][26.204s][info][gc,phases      ] GC(63)   Pre Evacuate Collection Set: 0.46ms
[2026-04-03T02:09:11.749+0600][26.205s][info][gc,phases      ] GC(63)   Merge Heap Roots: 0.10ms
[2026-04-03T02:09:11.749+0600][26.205s][info][gc,phases      ] GC(63)   Evacuate Collection Set: 3.94ms
[2026-04-03T02:09:11.749+0600][26.205s][info][gc,phases      ] GC(63)   Post Evacuate Collection Set: 0.96ms
[2026-04-03T02:09:11.749+0600][26.205s][info][gc,phases      ] GC(63)   Other: 0.18ms
[2026-04-03T02:09:11.749+0600][26.205s][info][gc,heap        ] GC(63) Eden regions: 14->0(246)
[2026-04-03T02:09:11.749+0600][26.205s][info][gc,heap        ] GC(63) Survivor regions: 8->8(32)
[2026-04-03T02:09:11.749+0600][26.205s][info][gc,heap        ] GC(63) Old regions: 74->74
[2026-04-03T02:09:11.749+0600][26.205s][info][gc,heap        ] GC(63) Humongous regions: 8->8
[2026-04-03T02:09:11.749+0600][26.205s][info][gc,metaspace   ] GC(63) Metaspace: 129058K(130560K)->129058K(130560K) NonClass: 112505K(113344K)->112505K(113344K) Class: 16553K(17216K)->16553K(17216K)
[2026-04-03T02:09:11.749+0600][26.205s][info][gc             ] GC(63) Pause Young (Concurrent Start) (G1 Humongous Allocation) 98M->85M(424M) 6.066ms
[2026-04-03T02:09:11.749+0600][26.205s][info][gc,cpu         ] GC(63) User=0.05s Sys=0.00s Real=0.00s
[2026-04-03T02:09:11.749+0600][26.205s][info][gc             ] GC(64) Concurrent Mark Cycle
[2026-04-03T02:09:11.749+0600][26.205s][info][gc,marking     ] GC(64) Concurrent Scan Root Regions
[2026-04-03T02:09:11.756+0600][26.212s][info][gc,marking     ] GC(64) Concurrent Scan Root Regions 6.965ms
[2026-04-03T02:09:11.756+0600][26.212s][info][gc,marking     ] GC(64) Concurrent Mark
[2026-04-03T02:09:11.756+0600][26.212s][info][gc,marking     ] GC(64) Concurrent Mark From Roots
[2026-04-03T02:09:11.756+0600][26.212s][info][gc,task        ] GC(64) Using 3 workers of 3 for marking
[2026-04-03T02:09:11.866+0600][26.322s][info][gc,marking     ] GC(64) Concurrent Mark From Roots 110.092ms
[2026-04-03T02:09:11.866+0600][26.322s][info][gc,marking     ] GC(64) Concurrent Preclean
[2026-04-03T02:09:11.867+0600][26.323s][info][gc,marking     ] GC(64) Concurrent Preclean 0.328ms
[2026-04-03T02:09:11.867+0600][26.323s][info][gc,start       ] GC(64) Pause Remark
[2026-04-03T02:09:11.875+0600][26.331s][info][gc             ] GC(64) Pause Remark 166M->166M(424M) 8.082ms
[2026-04-03T02:09:11.876+0600][26.331s][info][gc,cpu         ] GC(64) User=0.05s Sys=0.00s Real=0.01s
[2026-04-03T02:09:11.878+0600][26.334s][info][gc,marking     ] GC(64) Concurrent Mark 121.517ms
[2026-04-03T02:09:11.878+0600][26.334s][info][gc,marking     ] GC(64) Concurrent Rebuild Remembered Sets and Scrub Regions
[2026-04-03T02:09:11.912+0600][26.368s][info][gc,marking     ] GC(64) Concurrent Rebuild Remembered Sets and Scrub Regions 34.429ms
[2026-04-03T02:09:11.913+0600][26.369s][info][gc,start       ] GC(64) Pause Cleanup
[2026-04-03T02:09:11.913+0600][26.369s][info][gc             ] GC(64) Pause Cleanup 194M->194M(424M) 0.295ms
[2026-04-03T02:09:11.913+0600][26.369s][info][gc,cpu         ] GC(64) User=0.00s Sys=0.01s Real=0.00s
[2026-04-03T02:09:11.913+0600][26.369s][info][gc,marking     ] GC(64) Concurrent Clear Claimed Marks
[2026-04-03T02:09:11.914+0600][26.370s][info][gc,marking     ] GC(64) Concurrent Clear Claimed Marks 0.453ms
[2026-04-03T02:09:11.914+0600][26.370s][info][gc,marking     ] GC(64) Concurrent Cleanup for Next Mark
[2026-04-03T02:09:11.915+0600][26.371s][info][gc,marking     ] GC(64) Concurrent Cleanup for Next Mark 1.274ms
[2026-04-03T02:09:11.915+0600][26.371s][info][gc             ] GC(64) Concurrent Mark Cycle 166.125ms
[2026-04-03T02:09:12.163+0600][26.619s][info][gc,start       ] GC(65) Pause Young (Prepare Mixed) (G1 Evacuation Pause)
[2026-04-03T02:09:12.163+0600][26.619s][info][gc,task        ] GC(65) Using 10 workers of 10 for evacuation
[2026-04-03T02:09:12.170+0600][26.626s][info][gc,phases      ] GC(65)   Pre Evacuate Collection Set: 0.48ms
[2026-04-03T02:09:12.170+0600][26.626s][info][gc,phases      ] GC(65)   Merge Heap Roots: 0.20ms
[2026-04-03T02:09:12.170+0600][26.626s][info][gc,phases      ] GC(65)   Evacuate Collection Set: 5.09ms
[2026-04-03T02:09:12.170+0600][26.626s][info][gc,phases      ] GC(65)   Post Evacuate Collection Set: 0.79ms
[2026-04-03T02:09:12.170+0600][26.626s][info][gc,phases      ] GC(65)   Other: 0.11ms
[2026-04-03T02:09:12.170+0600][26.626s][info][gc,heap        ] GC(65) Eden regions: 187->0(254)
[2026-04-03T02:09:12.170+0600][26.626s][info][gc,heap        ] GC(65) Survivor regions: 8->8(32)
[2026-04-03T02:09:12.170+0600][26.626s][info][gc,heap        ] GC(65) Old regions: 74->74
[2026-04-03T02:09:12.170+0600][26.626s][info][gc,heap        ] GC(65) Humongous regions: 161->12
[2026-04-03T02:09:12.170+0600][26.626s][info][gc,metaspace   ] GC(65) Metaspace: 129248K(130752K)->129248K(130752K) NonClass: 112692K(113536K)->112692K(113536K) Class: 16555K(17216K)->16555K(17216K)
[2026-04-03T02:09:12.170+0600][26.626s][info][gc             ] GC(65) Pause Young (Prepare Mixed) (G1 Evacuation Pause) 425M->89M(438M) 6.970ms
[2026-04-03T02:09:12.170+0600][26.626s][info][gc,cpu         ] GC(65) User=0.04s Sys=0.02s Real=0.01s
[2026-04-03T02:09:12.557+0600][27.013s][info][gc,start       ] GC(66) Pause Young (Mixed) (G1 Evacuation Pause)
[2026-04-03T02:09:12.557+0600][27.013s][info][gc,task        ] GC(66) Using 10 workers of 10 for evacuation
[2026-04-03T02:09:12.563+0600][27.019s][info][gc,phases      ] GC(66)   Pre Evacuate Collection Set: 0.37ms
[2026-04-03T02:09:12.563+0600][27.019s][info][gc,phases      ] GC(66)   Merge Heap Roots: 0.14ms
[2026-04-03T02:09:12.563+0600][27.019s][info][gc,phases      ] GC(66)   Evacuate Collection Set: 4.50ms
[2026-04-03T02:09:12.563+0600][27.019s][info][gc,phases      ] GC(66)   Post Evacuate Collection Set: 0.89ms
[2026-04-03T02:09:12.563+0600][27.019s][info][gc,phases      ] GC(66)   Other: 0.10ms
[2026-04-03T02:09:12.563+0600][27.019s][info][gc,heap        ] GC(66) Eden regions: 193->0(266)
[2026-04-03T02:09:12.563+0600][27.019s][info][gc,heap        ] GC(66) Survivor regions: 8->8(33)
[2026-04-03T02:09:12.563+0600][27.019s][info][gc,heap        ] GC(66) Old regions: 74->73
[2026-04-03T02:09:12.563+0600][27.019s][info][gc,heap        ] GC(66) Humongous regions: 174->8
[2026-04-03T02:09:12.563+0600][27.019s][info][gc,metaspace   ] GC(66) Metaspace: 129391K(130944K)->129391K(130944K) NonClass: 112833K(113664K)->112833K(113664K) Class: 16558K(17280K)->16558K(17280K)
[2026-04-03T02:09:12.563+0600][27.019s][info][gc             ] GC(66) Pause Young (Mixed) (G1 Evacuation Pause) 444M->85M(457M) 6.283ms
[2026-04-03T02:09:12.563+0600][27.019s][info][gc,cpu         ] GC(66) User=0.03s Sys=0.00s Real=0.01s
[2026-04-03T02:09:12.593+0600][27.049s][info][gc,start       ] GC(67) Pause Young (Concurrent Start) (GCLocker Initiated GC)
[2026-04-03T02:09:12.593+0600][27.049s][info][gc,task        ] GC(67) Using 10 workers of 10 for evacuation
[2026-04-03T02:09:12.599+0600][27.055s][info][gc,phases      ] GC(67)   Pre Evacuate Collection Set: 0.34ms
[2026-04-03T02:09:12.599+0600][27.055s][info][gc,phases      ] GC(67)   Merge Heap Roots: 0.19ms
[2026-04-03T02:09:12.599+0600][27.055s][info][gc,phases      ] GC(67)   Evacuate Collection Set: 4.11ms
[2026-04-03T02:09:12.599+0600][27.055s][info][gc,phases      ] GC(67)   Post Evacuate Collection Set: 0.97ms
[2026-04-03T02:09:12.599+0600][27.055s][info][gc,phases      ] GC(67)   Other: 0.16ms
[2026-04-03T02:09:12.599+0600][27.055s][info][gc,heap        ] GC(67) Eden regions: 28->0(265)
[2026-04-03T02:09:12.599+0600][27.055s][info][gc,heap        ] GC(67) Survivor regions: 8->9(35)
[2026-04-03T02:09:12.599+0600][27.055s][info][gc,heap        ] GC(67) Old regions: 73->73
[2026-04-03T02:09:12.599+0600][27.055s][info][gc,heap        ] GC(67) Humongous regions: 8->8
[2026-04-03T02:09:12.599+0600][27.055s][info][gc,metaspace   ] GC(67) Metaspace: 129402K(130944K)->129402K(130944K) NonClass: 112843K(113664K)->112843K(113664K) Class: 16558K(17280K)->16558K(17280K)
[2026-04-03T02:09:12.599+0600][27.055s][info][gc             ] GC(67) Pause Young (Concurrent Start) (GCLocker Initiated GC) 112M->86M(457M) 6.111ms
[2026-04-03T02:09:12.599+0600][27.055s][info][gc             ] GC(68) Concurrent Mark Cycle
[2026-04-03T02:09:12.599+0600][27.055s][info][gc,cpu         ] GC(67) User=0.05s Sys=0.00s Real=0.00s
[2026-04-03T02:09:12.599+0600][27.055s][info][gc,marking     ] GC(68) Concurrent Scan Root Regions
[2026-04-03T02:09:12.604+0600][27.060s][info][gc,marking     ] GC(68) Concurrent Scan Root Regions 4.472ms
[2026-04-03T02:09:12.604+0600][27.060s][info][gc,marking     ] GC(68) Concurrent Mark
[2026-04-03T02:09:12.604+0600][27.060s][info][gc,marking     ] GC(68) Concurrent Mark From Roots
[2026-04-03T02:09:12.604+0600][27.060s][info][gc,task        ] GC(68) Using 3 workers of 3 for marking
[2026-04-03T02:09:12.711+0600][27.166s][info][gc,marking     ] GC(68) Concurrent Mark From Roots 106.515ms
[2026-04-03T02:09:12.711+0600][27.167s][info][gc,marking     ] GC(68) Concurrent Preclean
[2026-04-03T02:09:12.712+0600][27.167s][info][gc,marking     ] GC(68) Concurrent Preclean 0.501ms
[2026-04-03T02:09:12.713+0600][27.169s][info][gc,start       ] GC(68) Pause Remark
[2026-04-03T02:09:12.722+0600][27.178s][info][gc             ] GC(68) Pause Remark 171M->171M(440M) 8.749ms
[2026-04-03T02:09:12.722+0600][27.178s][info][gc,cpu         ] GC(68) User=0.06s Sys=0.00s Real=0.01s
[2026-04-03T02:09:12.722+0600][27.178s][info][gc,marking     ] GC(68) Concurrent Mark 118.372ms
[2026-04-03T02:09:12.722+0600][27.178s][info][gc,marking     ] GC(68) Concurrent Rebuild Remembered Sets and Scrub Regions
[2026-04-03T02:09:12.761+0600][27.217s][info][gc,marking     ] GC(68) Concurrent Rebuild Remembered Sets and Scrub Regions 38.486ms
[2026-04-03T02:09:12.761+0600][27.217s][info][gc,start       ] GC(68) Pause Cleanup
[2026-04-03T02:09:12.762+0600][27.218s][info][gc             ] GC(68) Pause Cleanup 205M->205M(440M) 0.383ms
[2026-04-03T02:09:12.762+0600][27.218s][info][gc,cpu         ] GC(68) User=0.00s Sys=0.00s Real=0.00s
[2026-04-03T02:09:12.762+0600][27.218s][info][gc,marking     ] GC(68) Concurrent Clear Claimed Marks
[2026-04-03T02:09:12.763+0600][27.218s][info][gc,marking     ] GC(68) Concurrent Clear Claimed Marks 0.424ms
[2026-04-03T02:09:12.763+0600][27.218s][info][gc,marking     ] GC(68) Concurrent Cleanup for Next Mark
[2026-04-03T02:09:12.764+0600][27.220s][info][gc,marking     ] GC(68) Concurrent Cleanup for Next Mark 1.316ms
[2026-04-03T02:09:12.764+0600][27.220s][info][gc             ] GC(68) Concurrent Mark Cycle 164.638ms
[2026-04-03T02:09:13.245+0600][27.701s][info][gc,start       ] GC(69) Pause Young (Prepare Mixed) (G1 Evacuation Pause)
[2026-04-03T02:09:13.246+0600][27.701s][info][gc,task        ] GC(69) Using 10 workers of 10 for evacuation
[2026-04-03T02:09:13.253+0600][27.709s][info][gc,phases      ] GC(69)   Pre Evacuate Collection Set: 0.37ms
[2026-04-03T02:09:13.253+0600][27.709s][info][gc,phases      ] GC(69)   Merge Heap Roots: 0.22ms
[2026-04-03T02:09:13.253+0600][27.709s][info][gc,phases      ] GC(69)   Evacuate Collection Set: 5.48ms
[2026-04-03T02:09:13.253+0600][27.709s][info][gc,phases      ] GC(69)   Post Evacuate Collection Set: 1.15ms
[2026-04-03T02:09:13.253+0600][27.709s][info][gc,phases      ] GC(69)   Other: 0.12ms
[2026-04-03T02:09:13.253+0600][27.709s][info][gc,heap        ] GC(69) Eden regions: 206->0(265)
[2026-04-03T02:09:13.253+0600][27.709s][info][gc,heap        ] GC(69) Survivor regions: 9->8(33)
[2026-04-03T02:09:13.253+0600][27.709s][info][gc,heap        ] GC(69) Old regions: 73->75
[2026-04-03T02:09:13.253+0600][27.709s][info][gc,heap        ] GC(69) Humongous regions: 157->8
[2026-04-03T02:09:13.253+0600][27.709s][info][gc,metaspace   ] GC(69) Metaspace: 129899K(131456K)->129899K(131456K) NonClass: 113269K(114112K)->113269K(114112K) Class: 16629K(17344K)->16629K(17344K)
[2026-04-03T02:09:13.253+0600][27.709s][info][gc             ] GC(69) Pause Young (Prepare Mixed) (G1 Evacuation Pause) 441M->86M(455M) 7.682ms
[2026-04-03T02:09:13.253+0600][27.709s][info][gc,cpu         ] GC(69) User=0.05s Sys=0.02s Real=0.01s
[2026-04-03T02:09:13.820+0600][28.276s][info][gc,start       ] GC(70) Pause Young (Mixed) (G1 Evacuation Pause)
[2026-04-03T02:09:13.820+0600][28.276s][info][gc,task        ] GC(70) Using 10 workers of 10 for evacuation
[2026-04-03T02:09:13.826+0600][28.282s][info][gc,phases      ] GC(70)   Pre Evacuate Collection Set: 0.33ms
[2026-04-03T02:09:13.826+0600][28.282s][info][gc,phases      ] GC(70)   Merge Heap Roots: 0.24ms
[2026-04-03T02:09:13.826+0600][28.282s][info][gc,phases      ] GC(70)   Evacuate Collection Set: 4.33ms
[2026-04-03T02:09:13.826+0600][28.282s][info][gc,phases      ] GC(70)   Post Evacuate Collection Set: 0.96ms
[2026-04-03T02:09:13.826+0600][28.282s][info][gc,phases      ] GC(70)   Other: 0.16ms
[2026-04-03T02:09:13.826+0600][28.282s][info][gc,heap        ] GC(70) Eden regions: 265->0(267)
[2026-04-03T02:09:13.826+0600][28.282s][info][gc,heap        ] GC(70) Survivor regions: 8->9(35)
[2026-04-03T02:09:13.826+0600][28.282s][info][gc,heap        ] GC(70) Old regions: 75->75
[2026-04-03T02:09:13.826+0600][28.282s][info][gc,heap        ] GC(70) Humongous regions: 103->8
[2026-04-03T02:09:13.826+0600][28.282s][info][gc,metaspace   ] GC(70) Metaspace: 130092K(131648K)->130092K(131648K) NonClass: 113445K(114304K)->113445K(114304K) Class: 16647K(17344K)->16647K(17344K)
[2026-04-03T02:09:13.826+0600][28.282s][info][gc             ] GC(70) Pause Young (Mixed) (G1 Evacuation Pause) 446M->87M(461M) 6.358ms
[2026-04-03T02:09:13.827+0600][28.282s][info][gc,cpu         ] GC(70) User=0.05s Sys=0.01s Real=0.00s
[2026-04-03T02:09:13.829+0600][28.285s][info][gc,start       ] GC(71) Pause Young (Concurrent Start) (G1 Humongous Allocation)
[2026-04-03T02:09:13.829+0600][28.285s][info][gc,task        ] GC(71) Using 10 workers of 10 for evacuation
[2026-04-03T02:09:13.834+0600][28.290s][info][gc,phases      ] GC(71)   Pre Evacuate Collection Set: 0.39ms
[2026-04-03T02:09:13.834+0600][28.290s][info][gc,phases      ] GC(71)   Merge Heap Roots: 0.10ms
[2026-04-03T02:09:13.834+0600][28.290s][info][gc,phases      ] GC(71)   Evacuate Collection Set: 4.07ms
[2026-04-03T02:09:13.834+0600][28.290s][info][gc,phases      ] GC(71)   Post Evacuate Collection Set: 0.75ms
[2026-04-03T02:09:13.834+0600][28.290s][info][gc,phases      ] GC(71)   Other: 0.16ms
[2026-04-03T02:09:13.834+0600][28.290s][info][gc,heap        ] GC(71) Eden regions: 5->0(268)
[2026-04-03T02:09:13.835+0600][28.290s][info][gc,heap        ] GC(71) Survivor regions: 9->8(35)
[2026-04-03T02:09:13.835+0600][28.290s][info][gc,heap        ] GC(71) Old regions: 75->75
[2026-04-03T02:09:13.835+0600][28.290s][info][gc,heap        ] GC(71) Humongous regions: 8->8
[2026-04-03T02:09:13.835+0600][28.290s][info][gc,metaspace   ] GC(71) Metaspace: 130092K(131648K)->130092K(131648K) NonClass: 113445K(114304K)->113445K(114304K) Class: 16647K(17344K)->16647K(17344K)
[2026-04-03T02:09:13.835+0600][28.290s][info][gc             ] GC(71) Pause Young (Concurrent Start) (G1 Humongous Allocation) 92M->87M(461M) 5.800ms
[2026-04-03T02:09:13.835+0600][28.291s][info][gc             ] GC(72) Concurrent Mark Cycle
[2026-04-03T02:09:13.835+0600][28.291s][info][gc,cpu         ] GC(71) User=0.05s Sys=0.00s Real=0.01s
[2026-04-03T02:09:13.835+0600][28.291s][info][gc,marking     ] GC(72) Concurrent Scan Root Regions
[2026-04-03T02:09:13.838+0600][28.294s][info][gc,marking     ] GC(72) Concurrent Scan Root Regions 3.246ms
[2026-04-03T02:09:13.838+0600][28.294s][info][gc,marking     ] GC(72) Concurrent Mark
[2026-04-03T02:09:13.838+0600][28.294s][info][gc,marking     ] GC(72) Concurrent Mark From Roots
[2026-04-03T02:09:13.838+0600][28.294s][info][gc,task        ] GC(72) Using 3 workers of 3 for marking
[2026-04-03T02:09:13.956+0600][28.411s][info][gc,marking     ] GC(72) Concurrent Mark From Roots 117.405ms
[2026-04-03T02:09:13.956+0600][28.411s][info][gc,marking     ] GC(72) Concurrent Preclean
[2026-04-03T02:09:13.956+0600][28.412s][info][gc,marking     ] GC(72) Concurrent Preclean 0.320ms
[2026-04-03T02:09:13.956+0600][28.412s][info][gc,start       ] GC(72) Pause Remark
[2026-04-03T02:09:13.979+0600][28.435s][info][gc             ] GC(72) Pause Remark 470M->470M(500M) 22.835ms
[2026-04-03T02:09:13.979+0600][28.435s][info][gc,cpu         ] GC(72) User=0.21s Sys=0.00s Real=0.02s
[2026-04-03T02:09:13.979+0600][28.435s][info][gc,marking     ] GC(72) Concurrent Mark 141.396ms
[2026-04-03T02:09:13.980+0600][28.435s][info][gc,marking     ] GC(72) Concurrent Rebuild Remembered Sets and Scrub Regions
[2026-04-03T02:09:14.010+0600][28.466s][info][gc,marking     ] GC(72) Concurrent Rebuild Remembered Sets and Scrub Regions 30.825ms
[2026-04-03T02:09:14.011+0600][28.467s][info][gc,start       ] GC(72) Pause Cleanup
[2026-04-03T02:09:14.011+0600][28.467s][info][gc             ] GC(72) Pause Cleanup 482M->482M(500M) 0.507ms
[2026-04-03T02:09:14.012+0600][28.467s][info][gc,cpu         ] GC(72) User=0.00s Sys=0.00s Real=0.00s
[2026-04-03T02:09:14.012+0600][28.468s][info][gc,marking     ] GC(72) Concurrent Clear Claimed Marks
[2026-04-03T02:09:14.012+0600][28.468s][info][gc,marking     ] GC(72) Concurrent Clear Claimed Marks 0.577ms
[2026-04-03T02:09:14.012+0600][28.468s][info][gc,marking     ] GC(72) Concurrent Cleanup for Next Mark
[2026-04-03T02:09:14.016+0600][28.471s][info][gc,marking     ] GC(72) Concurrent Cleanup for Next Mark 3.207ms
[2026-04-03T02:09:14.016+0600][28.472s][info][gc             ] GC(72) Concurrent Mark Cycle 181.046ms
[2026-04-03T02:09:14.058+0600][28.514s][info][gc,start       ] GC(73) Pause Young (Prepare Mixed) (G1 Humongous Allocation)
[2026-04-03T02:09:14.058+0600][28.514s][info][gc,task        ] GC(73) Using 10 workers of 10 for evacuation
[2026-04-03T02:09:14.066+0600][28.522s][info][gc,phases      ] GC(73)   Pre Evacuate Collection Set: 0.51ms
[2026-04-03T02:09:14.066+0600][28.522s][info][gc,phases      ] GC(73)   Merge Heap Roots: 0.22ms
[2026-04-03T02:09:14.066+0600][28.522s][info][gc,phases      ] GC(73)   Evacuate Collection Set: 4.45ms
[2026-04-03T02:09:14.066+0600][28.522s][info][gc,phases      ] GC(73)   Post Evacuate Collection Set: 2.33ms
[2026-04-03T02:09:14.066+0600][28.522s][info][gc,phases      ] GC(73)   Other: 0.11ms
[2026-04-03T02:09:14.066+0600][28.522s][info][gc,heap        ] GC(73) Eden regions: 62->0(299)
[2026-04-03T02:09:14.066+0600][28.522s][info][gc,heap        ] GC(73) Survivor regions: 8->1(1)
[2026-04-03T02:09:14.066+0600][28.522s][info][gc,heap        ] GC(73) Old regions: 75->123
[2026-04-03T02:09:14.066+0600][28.522s][info][gc,heap        ] GC(73) Humongous regions: 354->8
[2026-04-03T02:09:14.066+0600][28.522s][info][gc,metaspace   ] GC(73) Metaspace: 130054K(131712K)->130054K(131712K) NonClass: 113425K(114368K)->113425K(114368K) Class: 16628K(17344K)->16628K(17344K)
[2026-04-03T02:09:14.066+0600][28.522s][info][gc             ] GC(73) Pause Young (Prepare Mixed) (G1 Humongous Allocation) (Evacuation Failure) 495M->129M(500M) 7.988ms
[2026-04-03T02:09:14.066+0600][28.522s][info][gc,cpu         ] GC(73) User=0.07s Sys=0.00s Real=0.01s
[2026-04-03T02:09:14.150+0600][28.606s][info][gc,start       ] GC(74) Pause Young (Mixed) (G1 Humongous Allocation)
[2026-04-03T02:09:14.151+0600][28.606s][info][gc,task        ] GC(74) Using 10 workers of 10 for evacuation
[2026-04-03T02:09:14.155+0600][28.611s][info][gc,phases      ] GC(74)   Pre Evacuate Collection Set: 0.49ms
[2026-04-03T02:09:14.155+0600][28.611s][info][gc,phases      ] GC(74)   Merge Heap Roots: 0.21ms
[2026-04-03T02:09:14.155+0600][28.611s][info][gc,phases      ] GC(74)   Evacuate Collection Set: 2.10ms
[2026-04-03T02:09:14.155+0600][28.611s][info][gc,phases      ] GC(74)   Post Evacuate Collection Set: 0.97ms
[2026-04-03T02:09:14.155+0600][28.611s][info][gc,phases      ] GC(74)   Other: 0.24ms
[2026-04-03T02:09:14.155+0600][28.611s][info][gc,heap        ] GC(74) Eden regions: 38->0(295)
[2026-04-03T02:09:14.155+0600][28.611s][info][gc,heap        ] GC(74) Survivor regions: 1->5(7)
[2026-04-03T02:09:14.155+0600][28.611s][info][gc,heap        ] GC(74) Old regions: 123->123
[2026-04-03T02:09:14.155+0600][28.611s][info][gc,heap        ] GC(74) Humongous regions: 331->15
[2026-04-03T02:09:14.155+0600][28.611s][info][gc,metaspace   ] GC(74) Metaspace: 130069K(131712K)->130069K(131712K) NonClass: 113441K(114368K)->113441K(114368K) Class: 16628K(17344K)->16628K(17344K)
[2026-04-03T02:09:14.155+0600][28.611s][info][gc             ] GC(74) Pause Young (Mixed) (G1 Humongous Allocation) 489M->139M(500M) 4.498ms
[2026-04-03T02:09:14.155+0600][28.611s][info][gc,cpu         ] GC(74) User=0.03s Sys=0.00s Real=0.00s
[2026-04-03T02:09:14.156+0600][28.612s][info][gc,start       ] GC(75) Pause Young (Concurrent Start) (G1 Humongous Allocation)
[2026-04-03T02:09:14.156+0600][28.612s][info][gc,task        ] GC(75) Using 10 workers of 10 for evacuation
[2026-04-03T02:09:14.159+0600][28.615s][info][gc,phases      ] GC(75)   Pre Evacuate Collection Set: 0.35ms
[2026-04-03T02:09:14.159+0600][28.615s][info][gc,phases      ] GC(75)   Merge Heap Roots: 0.09ms
[2026-04-03T02:09:14.159+0600][28.615s][info][gc,phases      ] GC(75)   Evacuate Collection Set: 1.74ms
[2026-04-03T02:09:14.159+0600][28.615s][info][gc,phases      ] GC(75)   Post Evacuate Collection Set: 0.71ms
[2026-04-03T02:09:14.159+0600][28.615s][info][gc,phases      ] GC(75)   Other: 0.16ms
[2026-04-03T02:09:14.159+0600][28.615s][info][gc,heap        ] GC(75) Eden regions: 2->0(295)
[2026-04-03T02:09:14.159+0600][28.615s][info][gc,heap        ] GC(75) Survivor regions: 5->5(38)
[2026-04-03T02:09:14.159+0600][28.615s][info][gc,heap        ] GC(75) Old regions: 123->123
[2026-04-03T02:09:14.159+0600][28.615s][info][gc,heap        ] GC(75) Humongous regions: 20->15
[2026-04-03T02:09:14.159+0600][28.615s][info][gc,metaspace   ] GC(75) Metaspace: 130069K(131712K)->130069K(131712K) NonClass: 113441K(114368K)->113441K(114368K) Class: 16628K(17344K)->16628K(17344K)
[2026-04-03T02:09:14.159+0600][28.615s][info][gc             ] GC(75) Pause Young (Concurrent Start) (G1 Humongous Allocation) 146M->139M(500M) 3.274ms
[2026-04-03T02:09:14.159+0600][28.615s][info][gc,cpu         ] GC(75) User=0.02s Sys=0.00s Real=0.00s
[2026-04-03T02:09:14.159+0600][28.615s][info][gc             ] GC(76) Concurrent Mark Cycle
[2026-04-03T02:09:14.159+0600][28.615s][info][gc,marking     ] GC(76) Concurrent Scan Root Regions
[2026-04-03T02:09:14.162+0600][28.618s][info][gc,marking     ] GC(76) Concurrent Scan Root Regions 2.373ms
[2026-04-03T02:09:14.162+0600][28.618s][info][gc,marking     ] GC(76) Concurrent Mark
[2026-04-03T02:09:14.162+0600][28.618s][info][gc,marking     ] GC(76) Concurrent Mark From Roots
[2026-04-03T02:09:14.162+0600][28.618s][info][gc,task        ] GC(76) Using 3 workers of 3 for marking
[2026-04-03T02:09:14.268+0600][28.724s][info][gc,marking     ] GC(76) Concurrent Mark From Roots 105.672ms
[2026-04-03T02:09:14.268+0600][28.724s][info][gc,marking     ] GC(76) Concurrent Preclean
[2026-04-03T02:09:14.268+0600][28.724s][info][gc,marking     ] GC(76) Concurrent Preclean 0.573ms
[2026-04-03T02:09:14.269+0600][28.725s][info][gc,start       ] GC(76) Pause Remark
[2026-04-03T02:09:14.294+0600][28.750s][info][gc             ] GC(76) Pause Remark 233M->230M(500M) 25.113ms
[2026-04-03T02:09:14.294+0600][28.750s][info][gc,cpu         ] GC(76) User=0.21s Sys=0.00s Real=0.03s
[2026-04-03T02:09:14.294+0600][28.750s][info][gc,marking     ] GC(76) Concurrent Mark 132.359ms
[2026-04-03T02:09:14.294+0600][28.750s][info][gc,marking     ] GC(76) Concurrent Rebuild Remembered Sets and Scrub Regions
[2026-04-03T02:09:14.327+0600][28.783s][info][gc,marking     ] GC(76) Concurrent Rebuild Remembered Sets and Scrub Regions 32.846ms
[2026-04-03T02:09:14.328+0600][28.783s][info][gc,start       ] GC(76) Pause Cleanup
[2026-04-03T02:09:14.328+0600][28.784s][info][gc             ] GC(76) Pause Cleanup 236M->236M(500M) 0.479ms
[2026-04-03T02:09:14.328+0600][28.784s][info][gc,cpu         ] GC(76) User=0.01s Sys=0.00s Real=0.00s
[2026-04-03T02:09:14.328+0600][28.784s][info][gc,marking     ] GC(76) Concurrent Clear Claimed Marks
[2026-04-03T02:09:14.329+0600][28.785s][info][gc,marking     ] GC(76) Concurrent Clear Claimed Marks 0.475ms
[2026-04-03T02:09:14.329+0600][28.785s][info][gc,marking     ] GC(76) Concurrent Cleanup for Next Mark
[2026-04-03T02:09:14.330+0600][28.786s][info][gc,marking     ] GC(76) Concurrent Cleanup for Next Mark 0.925ms
[2026-04-03T02:09:14.330+0600][28.786s][info][gc             ] GC(76) Concurrent Mark Cycle 170.561ms
[2026-04-03T02:09:14.819+0600][29.275s][info][gc,start       ] GC(77) Pause Young (Prepare Mixed) (G1 Evacuation Pause)
[2026-04-03T02:09:14.819+0600][29.275s][info][gc,task        ] GC(77) Using 10 workers of 10 for evacuation
[2026-04-03T02:09:14.823+0600][29.279s][info][gc,phases      ] GC(77)   Pre Evacuate Collection Set: 0.29ms
[2026-04-03T02:09:14.824+0600][29.279s][info][gc,phases      ] GC(77)   Merge Heap Roots: 0.15ms
[2026-04-03T02:09:14.824+0600][29.279s][info][gc,phases      ] GC(77)   Evacuate Collection Set: 1.71ms
[2026-04-03T02:09:14.824+0600][29.279s][info][gc,phases      ] GC(77)   Post Evacuate Collection Set: 2.41ms
[2026-04-03T02:09:14.824+0600][29.279s][info][gc,phases      ] GC(77)   Other: 0.11ms
[2026-04-03T02:09:14.824+0600][29.279s][info][gc,heap        ] GC(77) Eden regions: 245->0(156)
[2026-04-03T02:09:14.824+0600][29.279s][info][gc,heap        ] GC(77) Survivor regions: 5->0(0)
[2026-04-03T02:09:14.824+0600][29.279s][info][gc,heap        ] GC(77) Old regions: 120->309
[2026-04-03T02:09:14.824+0600][29.279s][info][gc,heap        ] GC(77) Humongous regions: 130->10
[2026-04-03T02:09:14.824+0600][29.279s][info][gc,metaspace   ] GC(77) Metaspace: 130048K(131776K)->130048K(131776K) NonClass: 113496K(114432K)->113496K(114432K) Class: 16552K(17344K)->16552K(17344K)
[2026-04-03T02:09:14.824+0600][29.279s][info][gc             ] GC(77) Pause Young (Prepare Mixed) (G1 Evacuation Pause) (Evacuation Failure) 496M->317M(500M) 4.904ms
[2026-04-03T02:09:14.824+0600][29.280s][info][gc,cpu         ] GC(77) User=0.03s Sys=0.00s Real=0.01s
[2026-04-03T02:09:15.002+0600][29.458s][info][gc,start       ] GC(78) Pause Young (Mixed) (GCLocker Initiated GC)
[2026-04-03T02:09:15.002+0600][29.458s][info][gc,task        ] GC(78) Using 10 workers of 10 for evacuation
[2026-04-03T02:09:15.007+0600][29.463s][info][gc,phases      ] GC(78)   Pre Evacuate Collection Set: 0.45ms
[2026-04-03T02:09:15.007+0600][29.463s][info][gc,phases      ] GC(78)   Merge Heap Roots: 0.24ms
[2026-04-03T02:09:15.008+0600][29.463s][info][gc,phases      ] GC(78)   Evacuate Collection Set: 2.35ms
[2026-04-03T02:09:15.008+0600][29.463s][info][gc,phases      ] GC(78)   Post Evacuate Collection Set: 2.33ms
[2026-04-03T02:09:15.008+0600][29.463s][info][gc,phases      ] GC(78)   Other: 0.12ms
[2026-04-03T02:09:15.008+0600][29.463s][info][gc,heap        ] GC(78) Eden regions: 109->0(99)
[2026-04-03T02:09:15.008+0600][29.463s][info][gc,heap        ] GC(78) Survivor regions: 0->0(0)
[2026-04-03T02:09:15.008+0600][29.463s][info][gc,heap        ] GC(78) Old regions: 309->366
[2026-04-03T02:09:15.008+0600][29.463s][info][gc,heap        ] GC(78) Humongous regions: 82->10
[2026-04-03T02:09:15.008+0600][29.464s][info][gc,metaspace   ] GC(78) Metaspace: 130107K(131776K)->130107K(131776K) NonClass: 113554K(114432K)->113554K(114432K) Class: 16553K(17344K)->16553K(17344K)
[2026-04-03T02:09:15.008+0600][29.464s][info][gc             ] GC(78) Pause Young (Mixed) (GCLocker Initiated GC) (Evacuation Failure) 498M->374M(500M) 5.873ms
[2026-04-03T02:09:15.008+0600][29.464s][info][gc,cpu         ] GC(78) User=0.05s Sys=0.00s Real=0.00s
[2026-04-03T02:09:15.009+0600][29.465s][info][gc,start       ] GC(79) Pause Young (Concurrent Start) (G1 Humongous Allocation)
[2026-04-03T02:09:15.009+0600][29.465s][info][gc,task        ] GC(79) Using 10 workers of 10 for evacuation
[2026-04-03T02:09:15.012+0600][29.468s][info][gc,phases      ] GC(79)   Pre Evacuate Collection Set: 0.32ms
[2026-04-03T02:09:15.012+0600][29.468s][info][gc,phases      ] GC(79)   Merge Heap Roots: 0.05ms
[2026-04-03T02:09:15.012+0600][29.468s][info][gc,phases      ] GC(79)   Evacuate Collection Set: 1.67ms
[2026-04-03T02:09:15.012+0600][29.468s][info][gc,phases      ] GC(79)   Post Evacuate Collection Set: 0.52ms
[2026-04-03T02:09:15.012+0600][29.468s][info][gc,phases      ] GC(79)   Other: 0.12ms
[2026-04-03T02:09:15.012+0600][29.468s][info][gc,heap        ] GC(79) Eden regions: 3->0(76)
[2026-04-03T02:09:15.012+0600][29.468s][info][gc,heap        ] GC(79) Survivor regions: 0->1(13)
[2026-04-03T02:09:15.012+0600][29.468s][info][gc,heap        ] GC(79) Old regions: 366->366
[2026-04-03T02:09:15.012+0600][29.468s][info][gc,heap        ] GC(79) Humongous regions: 10->10
[2026-04-03T02:09:15.012+0600][29.468s][info][gc,metaspace   ] GC(79) Metaspace: 130107K(131776K)->130107K(131776K) NonClass: 113554K(114432K)->113554K(114432K) Class: 16553K(17344K)->16553K(17344K)
[2026-04-03T02:09:15.012+0600][29.468s][info][gc             ] GC(79) Pause Young (Concurrent Start) (G1 Humongous Allocation) 376M->374M(500M) 2.948ms
[2026-04-03T02:09:15.012+0600][29.468s][info][gc             ] GC(80) Concurrent Mark Cycle
[2026-04-03T02:09:15.012+0600][29.468s][info][gc,marking     ] GC(80) Concurrent Scan Root Regions
[2026-04-03T02:09:15.012+0600][29.468s][info][gc,cpu         ] GC(79) User=0.02s Sys=0.00s Real=0.01s
[2026-04-03T02:09:15.014+0600][29.470s][info][gc,marking     ] GC(80) Concurrent Scan Root Regions 2.004ms
[2026-04-03T02:09:15.014+0600][29.470s][info][gc,marking     ] GC(80) Concurrent Mark
[2026-04-03T02:09:15.014+0600][29.470s][info][gc,marking     ] GC(80) Concurrent Mark From Roots
[2026-04-03T02:09:15.014+0600][29.470s][info][gc,task        ] GC(80) Using 3 workers of 3 for marking
[2026-04-03T02:09:15.131+0600][29.587s][info][gc,marking     ] GC(80) Concurrent Mark From Roots 116.713ms
[2026-04-03T02:09:15.131+0600][29.587s][info][gc,marking     ] GC(80) Concurrent Preclean
[2026-04-03T02:09:15.132+0600][29.587s][info][gc,marking     ] GC(80) Concurrent Preclean 0.492ms
[2026-04-03T02:09:15.132+0600][29.588s][info][gc,start       ] GC(80) Pause Remark
[2026-04-03T02:09:15.156+0600][29.611s][info][gc             ] GC(80) Pause Remark 480M->468M(500M) 23.621ms
[2026-04-03T02:09:15.156+0600][29.612s][info][gc,cpu         ] GC(80) User=0.24s Sys=0.00s Real=0.02s
[2026-04-03T02:09:15.156+0600][29.612s][info][gc,marking     ] GC(80) Concurrent Mark 141.599ms
[2026-04-03T02:09:15.156+0600][29.612s][info][gc,marking     ] GC(80) Concurrent Rebuild Remembered Sets and Scrub Regions
[2026-04-03T02:09:15.193+0600][29.649s][info][gc,marking     ] GC(80) Concurrent Rebuild Remembered Sets and Scrub Regions 37.240ms
[2026-04-03T02:09:15.194+0600][29.650s][info][gc,start       ] GC(80) Pause Cleanup
[2026-04-03T02:09:15.194+0600][29.650s][info][gc             ] GC(80) Pause Cleanup 483M->483M(500M) 0.614ms
[2026-04-03T02:09:15.195+0600][29.650s][info][gc,cpu         ] GC(80) User=0.00s Sys=0.00s Real=0.00s
[2026-04-03T02:09:15.195+0600][29.650s][info][gc,marking     ] GC(80) Concurrent Clear Claimed Marks
[2026-04-03T02:09:15.195+0600][29.651s][info][gc,marking     ] GC(80) Concurrent Clear Claimed Marks 0.431ms
[2026-04-03T02:09:15.195+0600][29.651s][info][gc,marking     ] GC(80) Concurrent Cleanup for Next Mark
[2026-04-03T02:09:15.197+0600][29.653s][info][gc,marking     ] GC(80) Concurrent Cleanup for Next Mark 1.835ms
[2026-04-03T02:09:15.197+0600][29.653s][info][gc             ] GC(80) Concurrent Mark Cycle 184.842ms
[2026-04-03T02:09:15.213+0600][29.669s][info][gc,start       ] GC(81) Pause Young (Prepare Mixed) (G1 Humongous Allocation)
[2026-04-03T02:09:15.213+0600][29.669s][info][gc,task        ] GC(81) Using 10 workers of 10 for evacuation
[2026-04-03T02:09:15.217+0600][29.673s][info][gc,phases      ] GC(81)   Pre Evacuate Collection Set: 0.35ms
[2026-04-03T02:09:15.217+0600][29.673s][info][gc,phases      ] GC(81)   Merge Heap Roots: 0.19ms
[2026-04-03T02:09:15.217+0600][29.673s][info][gc,phases      ] GC(81)   Evacuate Collection Set: 2.19ms
[2026-04-03T02:09:15.217+0600][29.673s][info][gc,phases      ] GC(81)   Post Evacuate Collection Set: 1.22ms
[2026-04-03T02:09:15.217+0600][29.673s][info][gc,phases      ] GC(81)   Other: 0.10ms
[2026-04-03T02:09:15.217+0600][29.673s][info][gc,heap        ] GC(81) Eden regions: 75->0(65)
[2026-04-03T02:09:15.217+0600][29.673s][info][gc,heap        ] GC(81) Survivor regions: 1->1(1)
[2026-04-03T02:09:15.217+0600][29.673s][info][gc,heap        ] GC(81) Old regions: 356->393
[2026-04-03T02:09:15.217+0600][29.673s][info][gc,heap        ] GC(81) Humongous regions: 67->8
[2026-04-03T02:09:15.217+0600][29.673s][info][gc,metaspace   ] GC(81) Metaspace: 130093K(131776K)->130093K(131776K) NonClass: 113545K(114432K)->113545K(114432K) Class: 16547K(17344K)->16547K(17344K)
[2026-04-03T02:09:15.217+0600][29.673s][info][gc             ] GC(81) Pause Young (Prepare Mixed) (G1 Humongous Allocation) (Evacuation Failure) 496M->399M(500M) 4.412ms
[2026-04-03T02:09:15.217+0600][29.673s][info][gc,cpu         ] GC(81) User=0.03s Sys=0.00s Real=0.00s
[2026-04-03T02:09:15.296+0600][29.752s][info][gc,start       ] GC(82) Pause Young (Mixed) (G1 Evacuation Pause)
[2026-04-03T02:09:15.296+0600][29.752s][info][gc,task        ] GC(82) Using 10 workers of 10 for evacuation
[2026-04-03T02:09:15.302+0600][29.757s][info][gc,phases      ] GC(82)   Pre Evacuate Collection Set: 0.47ms
[2026-04-03T02:09:15.302+0600][29.757s][info][gc,phases      ] GC(82)   Merge Heap Roots: 0.24ms
[2026-04-03T02:09:15.302+0600][29.757s][info][gc,phases      ] GC(82)   Evacuate Collection Set: 2.28ms
[2026-04-03T02:09:15.302+0600][29.757s][info][gc,phases      ] GC(82)   Post Evacuate Collection Set: 1.95ms
[2026-04-03T02:09:15.302+0600][29.758s][info][gc,phases      ] GC(82)   Other: 0.14ms
[2026-04-03T02:09:15.302+0600][29.758s][info][gc,heap        ] GC(82) Eden regions: 52->0(42)
[2026-04-03T02:09:15.302+0600][29.758s][info][gc,heap        ] GC(82) Survivor regions: 1->0(0)
[2026-04-03T02:09:15.302+0600][29.758s][info][gc,heap        ] GC(82) Old regions: 393->423
[2026-04-03T02:09:15.302+0600][29.758s][info][gc,heap        ] GC(82) Humongous regions: 54->10
[2026-04-03T02:09:15.302+0600][29.758s][info][gc,metaspace   ] GC(82) Metaspace: 130101K(131776K)->130101K(131776K) NonClass: 113553K(114432K)->113553K(114432K) Class: 16547K(17344K)->16547K(17344K)
[2026-04-03T02:09:15.302+0600][29.758s][info][gc             ] GC(82) Pause Young (Mixed) (G1 Evacuation Pause) (Evacuation Failure) 497M->430M(500M) 5.404ms
[2026-04-03T02:09:15.302+0600][29.758s][info][gc,cpu         ] GC(82) User=0.05s Sys=0.00s Real=0.01s
[2026-04-03T02:09:15.372+0600][29.828s][info][gc,start       ] GC(83) Pause Young (Mixed) (G1 Humongous Allocation)
[2026-04-03T02:09:15.372+0600][29.828s][info][gc,task        ] GC(83) Using 10 workers of 10 for evacuation
[2026-04-03T02:09:15.375+0600][29.831s][info][gc,phases      ] GC(83)   Pre Evacuate Collection Set: 0.42ms
[2026-04-03T02:09:15.375+0600][29.831s][info][gc,phases      ] GC(83)   Merge Heap Roots: 0.14ms
[2026-04-03T02:09:15.375+0600][29.831s][info][gc,phases      ] GC(83)   Evacuate Collection Set: 1.16ms
[2026-04-03T02:09:15.375+0600][29.831s][info][gc,phases      ] GC(83)   Post Evacuate Collection Set: 1.05ms
[2026-04-03T02:09:15.375+0600][29.831s][info][gc,phases      ] GC(83)   Other: 0.10ms
[2026-04-03T02:09:15.375+0600][29.831s][info][gc,heap        ] GC(83) Eden regions: 35->0(41)
[2026-04-03T02:09:15.375+0600][29.831s][info][gc,heap        ] GC(83) Survivor regions: 0->1(1)
[2026-04-03T02:09:15.375+0600][29.831s][info][gc,heap        ] GC(83) Old regions: 423->423
[2026-04-03T02:09:15.375+0600][29.831s][info][gc,heap        ] GC(83) Humongous regions: 41->10
[2026-04-03T02:09:15.375+0600][29.831s][info][gc,metaspace   ] GC(83) Metaspace: 130113K(131776K)->130113K(131776K) NonClass: 113565K(114432K)->113565K(114432K) Class: 16547K(17344K)->16547K(17344K)
[2026-04-03T02:09:15.375+0600][29.831s][info][gc             ] GC(83) Pause Young (Mixed) (G1 Humongous Allocation) (Evacuation Failure) 496M->430M(500M) 3.185ms
[2026-04-03T02:09:15.375+0600][29.831s][info][gc,cpu         ] GC(83) User=0.02s Sys=0.00s Real=0.00s
[2026-04-03T02:09:15.438+0600][29.894s][info][gc,start       ] GC(84) Pause Young (Mixed) (G1 Evacuation Pause)
[2026-04-03T02:09:15.438+0600][29.894s][info][gc,task        ] GC(84) Using 10 workers of 10 for evacuation
[2026-04-03T02:09:15.444+0600][29.900s][info][gc,phases      ] GC(84)   Pre Evacuate Collection Set: 0.46ms
[2026-04-03T02:09:15.444+0600][29.900s][info][gc,phases      ] GC(84)   Merge Heap Roots: 0.27ms
[2026-04-03T02:09:15.444+0600][29.900s][info][gc,phases      ] GC(84)   Evacuate Collection Set: 2.94ms
[2026-04-03T02:09:15.444+0600][29.900s][info][gc,phases      ] GC(84)   Post Evacuate Collection Set: 2.17ms
[2026-04-03T02:09:15.444+0600][29.900s][info][gc,phases      ] GC(84)   Other: 0.11ms
[2026-04-03T02:09:15.444+0600][29.900s][info][gc,heap        ] GC(84) Eden regions: 38->0(25)
[2026-04-03T02:09:15.444+0600][29.900s][info][gc,heap        ] GC(84) Survivor regions: 1->0(0)
[2026-04-03T02:09:15.444+0600][29.900s][info][gc,heap        ] GC(84) Old regions: 423->450
[2026-04-03T02:09:15.444+0600][29.900s][info][gc,heap        ] GC(84) Humongous regions: 38->10
[2026-04-03T02:09:15.444+0600][29.900s][info][gc,metaspace   ] GC(84) Metaspace: 130119K(131776K)->130119K(131776K) NonClass: 113570K(114432K)->113570K(114432K) Class: 16548K(17344K)->16548K(17344K)
[2026-04-03T02:09:15.444+0600][29.900s][info][gc             ] GC(84) Pause Young (Mixed) (G1 Evacuation Pause) (Evacuation Failure) 496M->456M(500M) 6.259ms
[2026-04-03T02:09:15.445+0600][29.900s][info][gc,cpu         ] GC(84) User=0.05s Sys=0.01s Real=0.01s
[2026-04-03T02:09:15.474+0600][29.930s][info][gc,start       ] GC(85) Pause Young (Mixed) (G1 Evacuation Pause)
[2026-04-03T02:09:15.474+0600][29.930s][info][gc,task        ] GC(85) Using 10 workers of 10 for evacuation
[2026-04-03T02:09:15.478+0600][29.934s][info][gc,phases      ] GC(85)   Pre Evacuate Collection Set: 0.29ms
[2026-04-03T02:09:15.478+0600][29.934s][info][gc,phases      ] GC(85)   Merge Heap Roots: 0.11ms
[2026-04-03T02:09:15.478+0600][29.934s][info][gc,phases      ] GC(85)   Evacuate Collection Set: 1.40ms
[2026-04-03T02:09:15.478+0600][29.934s][info][gc,phases      ] GC(85)   Post Evacuate Collection Set: 1.30ms
[2026-04-03T02:09:15.478+0600][29.934s][info][gc,phases      ] GC(85)   Other: 0.09ms
[2026-04-03T02:09:15.478+0600][29.934s][info][gc,heap        ] GC(85) Eden regions: 19->0(21)
[2026-04-03T02:09:15.478+0600][29.934s][info][gc,heap        ] GC(85) Survivor regions: 0->0(0)
[2026-04-03T02:09:15.478+0600][29.934s][info][gc,heap        ] GC(85) Old regions: 450->469
[2026-04-03T02:09:15.478+0600][29.934s][info][gc,heap        ] GC(85) Humongous regions: 31->10
[2026-04-03T02:09:15.478+0600][29.934s][info][gc,metaspace   ] GC(85) Metaspace: 130122K(131776K)->130122K(131776K) NonClass: 113574K(114432K)->113574K(114432K) Class: 16548K(17344K)->16548K(17344K)
[2026-04-03T02:09:15.478+0600][29.934s][info][gc             ] GC(85) Pause Young (Mixed) (G1 Evacuation Pause) (Evacuation Failure) 496M->475M(500M) 3.492ms
[2026-04-03T02:09:15.478+0600][29.934s][info][gc,cpu         ] GC(85) User=0.03s Sys=0.00s Real=0.00s
[2026-04-03T02:09:15.501+0600][29.957s][info][gc,start       ] GC(86) Pause Young (Mixed) (G1 Evacuation Pause)
[2026-04-03T02:09:15.502+0600][29.957s][info][gc,task        ] GC(86) Using 10 workers of 10 for evacuation
[2026-04-03T02:09:15.507+0600][29.963s][info][gc,phases      ] GC(86)   Pre Evacuate Collection Set: 0.62ms
[2026-04-03T02:09:15.507+0600][29.963s][info][gc,phases      ] GC(86)   Merge Heap Roots: 0.22ms
[2026-04-03T02:09:15.507+0600][29.963s][info][gc,phases      ] GC(86)   Evacuate Collection Set: 2.71ms
[2026-04-03T02:09:15.507+0600][29.963s][info][gc,phases      ] GC(86)   Post Evacuate Collection Set: 1.78ms
[2026-04-03T02:09:15.507+0600][29.963s][info][gc,phases      ] GC(86)   Other: 0.11ms
[2026-04-03T02:09:15.507+0600][29.963s][info][gc,heap        ] GC(86) Eden regions: 17->0(5)
[2026-04-03T02:09:15.507+0600][29.963s][info][gc,heap        ] GC(86) Survivor regions: 0->0(0)
[2026-04-03T02:09:15.507+0600][29.963s][info][gc,heap        ] GC(86) Old regions: 469->485
[2026-04-03T02:09:15.507+0600][29.963s][info][gc,heap        ] GC(86) Humongous regions: 14->10
[2026-04-03T02:09:15.507+0600][29.963s][info][gc,metaspace   ] GC(86) Metaspace: 130123K(131776K)->130123K(131776K) NonClass: 113574K(114432K)->113574K(114432K) Class: 16548K(17344K)->16548K(17344K)
[2026-04-03T02:09:15.507+0600][29.963s][info][gc             ] GC(86) Pause Young (Mixed) (G1 Evacuation Pause) (Evacuation Failure) 496M->491M(500M) 5.760ms
[2026-04-03T02:09:15.507+0600][29.963s][info][gc,cpu         ] GC(86) User=0.05s Sys=0.00s Real=0.00s
[2026-04-03T02:09:15.512+0600][29.968s][info][gc,start       ] GC(87) Pause Young (Mixed) (GCLocker Initiated GC)
[2026-04-03T02:09:15.513+0600][29.968s][info][gc,task        ] GC(87) Using 10 workers of 10 for evacuation
[2026-04-03T02:09:15.515+0600][29.971s][info][gc,phases      ] GC(87)   Pre Evacuate Collection Set: 0.43ms
[2026-04-03T02:09:15.515+0600][29.971s][info][gc,phases      ] GC(87)   Merge Heap Roots: 0.19ms
[2026-04-03T02:09:15.515+0600][29.971s][info][gc,phases      ] GC(87)   Evacuate Collection Set: 1.50ms
[2026-04-03T02:09:15.515+0600][29.971s][info][gc,phases      ] GC(87)   Post Evacuate Collection Set: 0.52ms
[2026-04-03T02:09:15.515+0600][29.971s][info][gc,phases      ] GC(87)   Other: 0.09ms
[2026-04-03T02:09:15.515+0600][29.971s][info][gc,heap        ] GC(87) Eden regions: 4->0(4)
[2026-04-03T02:09:15.515+0600][29.971s][info][gc,heap        ] GC(87) Survivor regions: 0->1(1)
[2026-04-03T02:09:15.515+0600][29.971s][info][gc,heap        ] GC(87) Old regions: 485->485
[2026-04-03T02:09:15.515+0600][29.971s][info][gc,heap        ] GC(87) Humongous regions: 10->10
[2026-04-03T02:09:15.515+0600][29.971s][info][gc,metaspace   ] GC(87) Metaspace: 130124K(131776K)->130124K(131776K) NonClass: 113575K(114432K)->113575K(114432K) Class: 16548K(17344K)->16548K(17344K)
[2026-04-03T02:09:15.515+0600][29.971s][info][gc             ] GC(87) Pause Young (Mixed) (GCLocker Initiated GC) (Evacuation Failure) 494M->491M(500M) 3.014ms
[2026-04-03T02:09:15.516+0600][29.971s][info][gc,cpu         ] GC(87) User=0.02s Sys=0.00s Real=0.00s
[2026-04-03T02:09:15.518+0600][29.973s][info][gc,start       ] GC(88) Pause Young (Concurrent Start) (G1 Humongous Allocation)
[2026-04-03T02:09:15.518+0600][29.973s][info][gc,task        ] GC(88) Using 10 workers of 10 for evacuation
[2026-04-03T02:09:15.520+0600][29.976s][info][gc,phases      ] GC(88)   Pre Evacuate Collection Set: 0.27ms
[2026-04-03T02:09:15.520+0600][29.976s][info][gc,phases      ] GC(88)   Merge Heap Roots: 0.06ms
[2026-04-03T02:09:15.520+0600][29.976s][info][gc,phases      ] GC(88)   Evacuate Collection Set: 1.89ms
[2026-04-03T02:09:15.520+0600][29.976s][info][gc,phases      ] GC(88)   Post Evacuate Collection Set: 0.41ms
[2026-04-03T02:09:15.520+0600][29.976s][info][gc,phases      ] GC(88)   Other: 0.13ms
[2026-04-03T02:09:15.520+0600][29.976s][info][gc,heap        ] GC(88) Eden regions: 1->0(4)
[2026-04-03T02:09:15.520+0600][29.976s][info][gc,heap        ] GC(88) Survivor regions: 1->1(1)
[2026-04-03T02:09:15.520+0600][29.976s][info][gc,heap        ] GC(88) Old regions: 485->485
[2026-04-03T02:09:15.520+0600][29.976s][info][gc,heap        ] GC(88) Humongous regions: 12->10
[2026-04-03T02:09:15.520+0600][29.976s][info][gc,metaspace   ] GC(88) Metaspace: 130124K(131776K)->130124K(131776K) NonClass: 113575K(114432K)->113575K(114432K) Class: 16548K(17344K)->16548K(17344K)
[2026-04-03T02:09:15.521+0600][29.976s][info][gc             ] GC(88) Pause Young (Concurrent Start) (G1 Humongous Allocation) 493M->491M(500M) 2.970ms
[2026-04-03T02:09:15.521+0600][29.976s][info][gc             ] GC(89) Concurrent Mark Cycle
[2026-04-03T02:09:15.521+0600][29.976s][info][gc,marking     ] GC(89) Concurrent Scan Root Regions
[2026-04-03T02:09:15.521+0600][29.976s][info][gc,cpu         ] GC(88) User=0.01s Sys=0.00s Real=0.01s
[2026-04-03T02:09:15.522+0600][29.978s][info][gc,marking     ] GC(89) Concurrent Scan Root Regions 1.551ms
[2026-04-03T02:09:15.522+0600][29.978s][info][gc,marking     ] GC(89) Concurrent Mark
[2026-04-03T02:09:15.522+0600][29.978s][info][gc,marking     ] GC(89) Concurrent Mark From Roots
[2026-04-03T02:09:15.522+0600][29.978s][info][gc,task        ] GC(89) Using 3 workers of 3 for marking
[2026-04-03T02:09:15.522+0600][29.978s][info][gc,start       ] GC(90) Pause Young (Normal) (GCLocker Initiated GC)
[2026-04-03T02:09:15.522+0600][29.978s][info][gc,task        ] GC(90) Using 10 workers of 10 for evacuation
[2026-04-03T02:09:15.524+0600][29.980s][info][gc,phases      ] GC(90)   Pre Evacuate Collection Set: 0.21ms
[2026-04-03T02:09:15.524+0600][29.980s][info][gc,phases      ] GC(90)   Merge Heap Roots: 0.07ms
[2026-04-03T02:09:15.524+0600][29.980s][info][gc,phases      ] GC(90)   Evacuate Collection Set: 0.63ms
[2026-04-03T02:09:15.524+0600][29.980s][info][gc,phases      ] GC(90)   Post Evacuate Collection Set: 0.36ms
[2026-04-03T02:09:15.524+0600][29.980s][info][gc,phases      ] GC(90)   Other: 0.06ms
[2026-04-03T02:09:15.524+0600][29.980s][info][gc,heap        ] GC(90) Eden regions: 1->0(4)
[2026-04-03T02:09:15.524+0600][29.980s][info][gc,heap        ] GC(90) Survivor regions: 1->1(1)
[2026-04-03T02:09:15.524+0600][29.980s][info][gc,heap        ] GC(90) Old regions: 485->485
[2026-04-03T02:09:15.524+0600][29.980s][info][gc,heap        ] GC(90) Humongous regions: 12->10
[2026-04-03T02:09:15.524+0600][29.980s][info][gc,metaspace   ] GC(90) Metaspace: 130124K(131776K)->130124K(131776K) NonClass: 113575K(114432K)->113575K(114432K) Class: 16548K(17344K)->16548K(17344K)
[2026-04-03T02:09:15.524+0600][29.980s][info][gc             ] GC(90) Pause Young (Normal) (GCLocker Initiated GC) 493M->491M(500M) 1.484ms
[2026-04-03T02:09:15.524+0600][29.980s][info][gc,cpu         ] GC(90) User=0.01s Sys=0.00s Real=0.00s
[2026-04-03T02:09:15.524+0600][29.980s][info][gc,start       ] GC(91) Pause Young (Normal) (G1 Humongous Allocation)
[2026-04-03T02:09:15.524+0600][29.980s][info][gc,task        ] GC(91) Using 10 workers of 10 for evacuation
[2026-04-03T02:09:15.526+0600][29.981s][info][gc,phases      ] GC(91)   Pre Evacuate Collection Set: 0.23ms
[2026-04-03T02:09:15.526+0600][29.982s][info][gc,phases      ] GC(91)   Merge Heap Roots: 0.05ms
[2026-04-03T02:09:15.526+0600][29.982s][info][gc,phases      ] GC(91)   Evacuate Collection Set: 0.59ms
[2026-04-03T02:09:15.526+0600][29.982s][info][gc,phases      ] GC(91)   Post Evacuate Collection Set: 0.33ms
[2026-04-03T02:09:15.526+0600][29.982s][info][gc,phases      ] GC(91)   Other: 0.06ms
[2026-04-03T02:09:15.526+0600][29.982s][info][gc,heap        ] GC(91) Eden regions: 0->0(2)
[2026-04-03T02:09:15.526+0600][29.982s][info][gc,heap        ] GC(91) Survivor regions: 1->1(1)
[2026-04-03T02:09:15.526+0600][29.982s][info][gc,heap        ] GC(91) Old regions: 485->485
[2026-04-03T02:09:15.526+0600][29.982s][info][gc,heap        ] GC(91) Humongous regions: 12->12
[2026-04-03T02:09:15.526+0600][29.982s][info][gc,metaspace   ] GC(91) Metaspace: 130124K(131776K)->130124K(131776K) NonClass: 113575K(114432K)->113575K(114432K) Class: 16548K(17344K)->16548K(17344K)
[2026-04-03T02:09:15.526+0600][29.982s][info][gc             ] GC(91) Pause Young (Normal) (G1 Humongous Allocation) 493M->493M(500M) 1.488ms
[2026-04-03T02:09:15.526+0600][29.982s][info][gc,cpu         ] GC(91) User=0.01s Sys=0.00s Real=0.00s
[2026-04-03T02:09:15.526+0600][29.982s][info][gc,start       ] GC(92) Pause Young (Normal) (G1 Evacuation Pause)
[2026-04-03T02:09:15.526+0600][29.982s][info][gc,task        ] GC(92) Using 10 workers of 10 for evacuation
[2026-04-03T02:09:15.528+0600][29.984s][info][gc,phases      ] GC(92)   Pre Evacuate Collection Set: 0.23ms
[2026-04-03T02:09:15.528+0600][29.984s][info][gc,phases      ] GC(92)   Merge Heap Roots: 0.06ms
[2026-04-03T02:09:15.528+0600][29.984s][info][gc,phases      ] GC(92)   Evacuate Collection Set: 0.72ms
[2026-04-03T02:09:15.528+0600][29.984s][info][gc,phases      ] GC(92)   Post Evacuate Collection Set: 0.43ms
[2026-04-03T02:09:15.528+0600][29.984s][info][gc,phases      ] GC(92)   Other: 0.07ms
[2026-04-03T02:09:15.528+0600][29.984s][info][gc,heap        ] GC(92) Eden regions: 0->0(1)
[2026-04-03T02:09:15.528+0600][29.984s][info][gc,heap        ] GC(92) Survivor regions: 1->0(0)
[2026-04-03T02:09:15.528+0600][29.984s][info][gc,heap        ] GC(92) Old regions: 485->486
[2026-04-03T02:09:15.528+0600][29.984s][info][gc,heap        ] GC(92) Humongous regions: 14->14
[2026-04-03T02:09:15.528+0600][29.984s][info][gc,metaspace   ] GC(92) Metaspace: 130124K(131776K)->130124K(131776K) NonClass: 113575K(114432K)->113575K(114432K) Class: 16548K(17344K)->16548K(17344K)
[2026-04-03T02:09:15.528+0600][29.984s][info][gc             ] GC(92) Pause Young (Normal) (G1 Evacuation Pause) (Evacuation Failure) 495M->495M(500M) 1.752ms
[2026-04-03T02:09:15.528+0600][29.984s][info][gc,cpu         ] GC(92) User=0.01s Sys=0.00s Real=0.00s
[2026-04-03T02:09:15.528+0600][29.984s][info][gc,ergo        ] Attempting full compaction
[2026-04-03T02:09:15.528+0600][29.984s][info][gc,start       ] GC(93) Pause Full (G1 Compaction Pause)
[2026-04-03T02:09:15.528+0600][29.984s][info][gc,task        ] GC(93) Using 10 workers of 10 for full compaction
[2026-04-03T02:09:15.529+0600][29.985s][info][gc,phases,start] GC(93) Phase 1: Mark live objects
[2026-04-03T02:09:15.632+0600][30.088s][info][gc,phases      ] GC(93) Phase 1: Mark live objects 103.053ms
[2026-04-03T02:09:15.632+0600][30.088s][info][gc,phases,start] GC(93) Phase 2: Prepare compaction
[2026-04-03T02:09:15.636+0600][30.092s][info][gc,phases      ] GC(93) Phase 2: Prepare compaction 4.002ms
[2026-04-03T02:09:15.636+0600][30.092s][info][gc,phases,start] GC(93) Phase 3: Adjust pointers
[2026-04-03T02:09:15.656+0600][30.112s][info][gc,phases      ] GC(93) Phase 3: Adjust pointers 20.424ms
[2026-04-03T02:09:15.656+0600][30.112s][info][gc,phases,start] GC(93) Phase 4: Compact heap
[2026-04-03T02:09:15.660+0600][30.116s][info][gc,phases      ] GC(93) Phase 4: Compact heap 3.859ms
[2026-04-03T02:09:15.660+0600][30.116s][info][gc,phases,start] GC(93) Phase 5: Reset Metadata
[2026-04-03T02:09:15.664+0600][30.120s][info][gc,phases      ] GC(93) Phase 5: Reset Metadata 3.429ms
[2026-04-03T02:09:15.678+0600][30.134s][info][gc,heap        ] GC(93) Eden regions: 0->0(166)
[2026-04-03T02:09:15.678+0600][30.134s][info][gc,heap        ] GC(93) Survivor regions: 0->0(0)
[2026-04-03T02:09:15.678+0600][30.134s][info][gc,heap        ] GC(93) Old regions: 486->84
[2026-04-03T02:09:15.678+0600][30.134s][info][gc,heap        ] GC(93) Humongous regions: 14->12
[2026-04-03T02:09:15.678+0600][30.134s][info][gc,metaspace   ] GC(93) Metaspace: 130124K(131776K)->129759K(131776K) NonClass: 113575K(114432K)->113299K(114432K) Class: 16548K(17344K)->16460K(17344K)
[2026-04-03T02:09:15.678+0600][30.134s][info][gc             ] GC(93) Pause Full (G1 Compaction Pause) 495M->90M(320M) 150.203ms
[2026-04-03T02:09:15.678+0600][30.134s][info][gc,cpu         ] GC(93) User=1.08s Sys=0.06s Real=0.15s
[2026-04-03T02:09:15.679+0600][30.135s][info][gc,marking     ] GC(89) Concurrent Mark From Roots 156.397ms
[2026-04-03T02:09:15.679+0600][30.135s][info][gc,marking     ] GC(89) Concurrent Mark Abort
[2026-04-03T02:09:15.679+0600][30.135s][info][gc             ] GC(89) Concurrent Mark Cycle 158.116ms
[2026-04-03T02:09:15.680+0600][30.136s][info][gc,start       ] GC(94) Pause Young (Concurrent Start) (G1 Humongous Allocation)
[2026-04-03T02:09:15.680+0600][30.136s][info][gc,task        ] GC(94) Using 8 workers of 10 for evacuation
[2026-04-03T02:09:15.682+0600][30.138s][info][gc,phases      ] GC(94)   Pre Evacuate Collection Set: 0.36ms
[2026-04-03T02:09:15.682+0600][30.138s][info][gc,phases      ] GC(94)   Merge Heap Roots: 0.07ms
[2026-04-03T02:09:15.682+0600][30.138s][info][gc,phases      ] GC(94)   Evacuate Collection Set: 1.59ms
[2026-04-03T02:09:15.682+0600][30.138s][info][gc,phases      ] GC(94)   Post Evacuate Collection Set: 0.40ms
[2026-04-03T02:09:15.682+0600][30.138s][info][gc,phases      ] GC(94)   Other: 0.21ms
[2026-04-03T02:09:15.682+0600][30.138s][info][gc,heap        ] GC(94) Eden regions: 1->0(172)
[2026-04-03T02:09:15.682+0600][30.138s][info][gc,heap        ] GC(94) Survivor regions: 0->1(21)
[2026-04-03T02:09:15.682+0600][30.138s][info][gc,heap        ] GC(94) Old regions: 84->84
[2026-04-03T02:09:15.682+0600][30.138s][info][gc,heap        ] GC(94) Humongous regions: 12->12
[2026-04-03T02:09:15.683+0600][30.138s][info][gc,metaspace   ] GC(94) Metaspace: 129759K(131776K)->129759K(131776K) NonClass: 113299K(114432K)->113299K(114432K) Class: 16460K(17344K)->16460K(17344K)
[2026-04-03T02:09:15.683+0600][30.138s][info][gc             ] GC(94) Pause Young (Concurrent Start) (G1 Humongous Allocation) 90M->90M(320M) 2.819ms
[2026-04-03T02:09:15.683+0600][30.138s][info][gc             ] GC(95) Concurrent Mark Cycle
[2026-04-03T02:09:15.683+0600][30.138s][info][gc,marking     ] GC(95) Concurrent Scan Root Regions
[2026-04-03T02:09:15.683+0600][30.138s][info][gc,cpu         ] GC(94) User=0.00s Sys=0.00s Real=0.00s
[2026-04-03T02:09:15.684+0600][30.140s][info][gc,marking     ] GC(95) Concurrent Scan Root Regions 1.796ms
[2026-04-03T02:09:15.684+0600][30.140s][info][gc,marking     ] GC(95) Concurrent Mark
[2026-04-03T02:09:15.684+0600][30.140s][info][gc,marking     ] GC(95) Concurrent Mark From Roots
[2026-04-03T02:09:15.685+0600][30.140s][info][gc,task        ] GC(95) Using 3 workers of 3 for marking
[2026-04-03T02:09:15.814+0600][30.270s][info][gc,marking     ] GC(95) Concurrent Mark From Roots 129.290ms
[2026-04-03T02:09:15.814+0600][30.270s][info][gc,marking     ] GC(95) Concurrent Preclean
[2026-04-03T02:09:15.814+0600][30.270s][info][gc,marking     ] GC(95) Concurrent Preclean 0.548ms
[2026-04-03T02:09:15.815+0600][30.271s][info][gc,start       ] GC(95) Pause Remark
[2026-04-03T02:09:15.826+0600][30.282s][info][gc             ] GC(95) Pause Remark 169M->165M(320M) 10.491ms
[2026-04-03T02:09:15.826+0600][30.282s][info][gc,cpu         ] GC(95) User=0.09s Sys=0.00s Real=0.01s
[2026-04-03T02:09:15.830+0600][30.286s][info][gc,marking     ] GC(95) Concurrent Mark 145.237ms
[2026-04-03T02:09:15.830+0600][30.286s][info][gc,marking     ] GC(95) Concurrent Rebuild Remembered Sets and Scrub Regions
[2026-04-03T02:09:15.870+0600][30.326s][info][gc,marking     ] GC(95) Concurrent Rebuild Remembered Sets and Scrub Regions 40.011ms
[2026-04-03T02:09:15.870+0600][30.326s][info][gc,start       ] GC(95) Pause Cleanup
[2026-04-03T02:09:15.871+0600][30.326s][info][gc             ] GC(95) Pause Cleanup 191M->191M(320M) 0.300ms
[2026-04-03T02:09:15.871+0600][30.327s][info][gc,cpu         ] GC(95) User=0.00s Sys=0.00s Real=0.00s
[2026-04-03T02:09:15.871+0600][30.327s][info][gc,marking     ] GC(95) Concurrent Clear Claimed Marks
[2026-04-03T02:09:15.871+0600][30.327s][info][gc,marking     ] GC(95) Concurrent Clear Claimed Marks 0.421ms
[2026-04-03T02:09:15.871+0600][30.327s][info][gc,marking     ] GC(95) Concurrent Cleanup for Next Mark
[2026-04-03T02:09:15.872+0600][30.328s][info][gc,marking     ] GC(95) Concurrent Cleanup for Next Mark 0.642ms
[2026-04-03T02:09:15.872+0600][30.328s][info][gc             ] GC(95) Concurrent Mark Cycle 189.352ms
[2026-04-03T02:09:15.988+0600][30.444s][info][gc,start       ] GC(96) Pause Young (Prepare Mixed) (G1 Evacuation Pause)
[2026-04-03T02:09:15.988+0600][30.444s][info][gc,task        ] GC(96) Using 7 workers of 10 for evacuation
[2026-04-03T02:09:15.994+0600][30.450s][info][gc,phases      ] GC(96)   Pre Evacuate Collection Set: 0.47ms
[2026-04-03T02:09:15.995+0600][30.450s][info][gc,phases      ] GC(96)   Merge Heap Roots: 0.26ms
[2026-04-03T02:09:15.995+0600][30.450s][info][gc,phases      ] GC(96)   Evacuate Collection Set: 4.83ms
[2026-04-03T02:09:15.995+0600][30.450s][info][gc,phases      ] GC(96)   Post Evacuate Collection Set: 0.73ms
[2026-04-03T02:09:15.995+0600][30.450s][info][gc,phases      ] GC(96)   Other: 0.13ms
[2026-04-03T02:09:15.995+0600][30.451s][info][gc,heap        ] GC(96) Eden regions: 134->0(182)
[2026-04-03T02:09:15.995+0600][30.451s][info][gc,heap        ] GC(96) Survivor regions: 1->4(22)
[2026-04-03T02:09:15.995+0600][30.451s][info][gc,heap        ] GC(96) Old regions: 84->84
[2026-04-03T02:09:15.995+0600][30.451s][info][gc,heap        ] GC(96) Humongous regions: 101->8
[2026-04-03T02:09:15.995+0600][30.451s][info][gc,metaspace   ] GC(96) Metaspace: 129809K(131776K)->129809K(131776K) NonClass: 113348K(114432K)->113348K(114432K) Class: 16461K(17344K)->16461K(17344K)
[2026-04-03T02:09:15.995+0600][30.451s][info][gc             ] GC(96) Pause Young (Prepare Mixed) (G1 Evacuation Pause) 313M->90M(324M) 6.944ms
[2026-04-03T02:09:15.995+0600][30.451s][info][gc,cpu         ] GC(96) User=0.04s Sys=0.01s Real=0.01s
[2026-04-03T02:09:16.274+0600][30.730s][info][gc,start       ] GC(97) Pause Young (Mixed) (G1 Evacuation Pause)
[2026-04-03T02:09:16.274+0600][30.730s][info][gc,task        ] GC(97) Using 7 workers of 10 for evacuation
[2026-04-03T02:09:16.278+0600][30.734s][info][gc,phases      ] GC(97)   Pre Evacuate Collection Set: 0.34ms
[2026-04-03T02:09:16.278+0600][30.734s][info][gc,phases      ] GC(97)   Merge Heap Roots: 0.21ms
[2026-04-03T02:09:16.278+0600][30.734s][info][gc,phases      ] GC(97)   Evacuate Collection Set: 2.32ms
[2026-04-03T02:09:16.278+0600][30.734s][info][gc,phases      ] GC(97)   Post Evacuate Collection Set: 0.57ms
[2026-04-03T02:09:16.278+0600][30.734s][info][gc,phases      ] GC(97)   Other: 0.11ms
[2026-04-03T02:09:16.278+0600][30.734s][info][gc,heap        ] GC(97) Eden regions: 118->0(191)
[2026-04-03T02:09:16.278+0600][30.734s][info][gc,heap        ] GC(97) Survivor regions: 4->2(24)
[2026-04-03T02:09:16.278+0600][30.734s][info][gc,heap        ] GC(97) Old regions: 84->83
[2026-04-03T02:09:16.278+0600][30.734s][info][gc,heap        ] GC(97) Humongous regions: 118->8
[2026-04-03T02:09:16.278+0600][30.734s][info][gc,metaspace   ] GC(97) Metaspace: 129854K(131776K)->129854K(131776K) NonClass: 113389K(114432K)->113389K(114432K) Class: 16464K(17344K)->16464K(17344K)
[2026-04-03T02:09:16.278+0600][30.734s][info][gc             ] GC(97) Pause Young (Mixed) (G1 Evacuation Pause) 318M->88M(327M) 3.948ms
[2026-04-03T02:09:16.278+0600][30.734s][info][gc,cpu         ] GC(97) User=0.02s Sys=0.00s Real=0.00s
[2026-04-03T02:09:16.563+0600][31.019s][info][gc,start       ] GC(98) Pause Young (Concurrent Start) (G1 Humongous Allocation)
[2026-04-03T02:09:16.563+0600][31.019s][info][gc,task        ] GC(98) Using 7 workers of 10 for evacuation
[2026-04-03T02:09:16.565+0600][31.021s][info][gc,phases      ] GC(98)   Pre Evacuate Collection Set: 0.42ms
[2026-04-03T02:09:16.566+0600][31.021s][info][gc,phases      ] GC(98)   Merge Heap Roots: 0.13ms
[2026-04-03T02:09:16.566+0600][31.021s][info][gc,phases      ] GC(98)   Evacuate Collection Set: 1.38ms
[2026-04-03T02:09:16.566+0600][31.021s][info][gc,phases      ] GC(98)   Post Evacuate Collection Set: 0.57ms
[2026-04-03T02:09:16.566+0600][31.021s][info][gc,phases      ] GC(98)   Other: 0.24ms
[2026-04-03T02:09:16.566+0600][31.021s][info][gc,heap        ] GC(98) Eden regions: 153->0(194)
[2026-04-03T02:09:16.566+0600][31.021s][info][gc,heap        ] GC(98) Survivor regions: 2->2(25)
[2026-04-03T02:09:16.566+0600][31.021s][info][gc,heap        ] GC(98) Old regions: 83->83
[2026-04-03T02:09:16.566+0600][31.021s][info][gc,heap        ] GC(98) Humongous regions: 8->8
[2026-04-03T02:09:16.566+0600][31.021s][info][gc,metaspace   ] GC(98) Metaspace: 129870K(131776K)->129870K(131776K) NonClass: 113405K(114432K)->113405K(114432K) Class: 16464K(17344K)->16464K(17344K)
[2026-04-03T02:09:16.566+0600][31.022s][info][gc             ] GC(98) Pause Young (Concurrent Start) (G1 Humongous Allocation) 240M->88M(327M) 2.976ms
[2026-04-03T02:09:16.566+0600][31.022s][info][gc             ] GC(99) Concurrent Mark Cycle
[2026-04-03T02:09:16.566+0600][31.022s][info][gc,cpu         ] GC(98) User=0.02s Sys=0.01s Real=0.00s
[2026-04-03T02:09:16.566+0600][31.022s][info][gc,marking     ] GC(99) Concurrent Scan Root Regions
[2026-04-03T02:09:16.567+0600][31.023s][info][gc,marking     ] GC(99) Concurrent Scan Root Regions 1.564ms
[2026-04-03T02:09:16.567+0600][31.023s][info][gc,marking     ] GC(99) Concurrent Mark
[2026-04-03T02:09:16.567+0600][31.023s][info][gc,marking     ] GC(99) Concurrent Mark From Roots
[2026-04-03T02:09:16.567+0600][31.023s][info][gc,task        ] GC(99) Using 3 workers of 3 for marking
[2026-04-03T02:09:16.676+0600][31.132s][info][gc,marking     ] GC(99) Concurrent Mark From Roots 108.855ms
[2026-04-03T02:09:16.676+0600][31.132s][info][gc,marking     ] GC(99) Concurrent Preclean
[2026-04-03T02:09:16.677+0600][31.133s][info][gc,marking     ] GC(99) Concurrent Preclean 0.755ms
[2026-04-03T02:09:16.678+0600][31.133s][info][gc,start       ] GC(99) Pause Remark
[2026-04-03T02:09:16.687+0600][31.143s][info][gc             ] GC(99) Pause Remark 194M->194M(327M) 9.673ms
[2026-04-03T02:09:16.687+0600][31.143s][info][gc,cpu         ] GC(99) User=0.06s Sys=0.00s Real=0.01s
[2026-04-03T02:09:16.688+0600][31.144s][info][gc,marking     ] GC(99) Concurrent Mark 120.282ms
[2026-04-03T02:09:16.688+0600][31.144s][info][gc,marking     ] GC(99) Concurrent Rebuild Remembered Sets and Scrub Regions
[2026-04-03T02:09:16.721+0600][31.177s][info][gc,marking     ] GC(99) Concurrent Rebuild Remembered Sets and Scrub Regions 33.479ms
[2026-04-03T02:09:16.722+0600][31.178s][info][gc,start       ] GC(99) Pause Cleanup
[2026-04-03T02:09:16.722+0600][31.178s][info][gc             ] GC(99) Pause Cleanup 228M->228M(327M) 0.393ms
[2026-04-03T02:09:16.722+0600][31.178s][info][gc,cpu         ] GC(99) User=0.00s Sys=0.00s Real=0.00s
[2026-04-03T02:09:16.723+0600][31.178s][info][gc,marking     ] GC(99) Concurrent Clear Claimed Marks
[2026-04-03T02:09:16.723+0600][31.179s][info][gc,marking     ] GC(99) Concurrent Clear Claimed Marks 0.354ms
[2026-04-03T02:09:16.723+0600][31.179s][info][gc,marking     ] GC(99) Concurrent Cleanup for Next Mark
[2026-04-03T02:09:16.724+0600][31.180s][info][gc,marking     ] GC(99) Concurrent Cleanup for Next Mark 0.691ms
[2026-04-03T02:09:16.724+0600][31.180s][info][gc             ] GC(99) Concurrent Mark Cycle 158.046ms
[2026-04-03T02:09:16.796+0600][31.252s][info][gc,start       ] GC(100) Pause Young (Prepare Mixed) (G1 Evacuation Pause)
[2026-04-03T02:09:16.796+0600][31.252s][info][gc,task        ] GC(100) Using 7 workers of 10 for evacuation
[2026-04-03T02:09:16.801+0600][31.257s][info][gc,phases      ] GC(100)   Pre Evacuate Collection Set: 0.29ms
[2026-04-03T02:09:16.801+0600][31.257s][info][gc,phases      ] GC(100)   Merge Heap Roots: 0.20ms
[2026-04-03T02:09:16.801+0600][31.257s][info][gc,phases      ] GC(100)   Evacuate Collection Set: 3.56ms
[2026-04-03T02:09:16.801+0600][31.257s][info][gc,phases      ] GC(100)   Post Evacuate Collection Set: 0.69ms
[2026-04-03T02:09:16.801+0600][31.257s][info][gc,phases      ] GC(100)   Other: 0.11ms
[2026-04-03T02:09:16.801+0600][31.257s][info][gc,heap        ] GC(100) Eden regions: 124->0(194)
[2026-04-03T02:09:16.801+0600][31.257s][info][gc,heap        ] GC(100) Survivor regions: 2->4(25)
[2026-04-03T02:09:16.801+0600][31.257s][info][gc,heap        ] GC(100) Old regions: 83->83
[2026-04-03T02:09:16.801+0600][31.257s][info][gc,heap        ] GC(100) Humongous regions: 118->8
[2026-04-03T02:09:16.801+0600][31.257s][info][gc,metaspace   ] GC(100) Metaspace: 129888K(131840K)->129888K(131840K) NonClass: 113421K(114496K)->113421K(114496K) Class: 16466K(17344K)->16466K(17344K)
[2026-04-03T02:09:16.801+0600][31.257s][info][gc             ] GC(100) Pause Young (Prepare Mixed) (G1 Evacuation Pause) 322M->89M(331M) 5.170ms
[2026-04-03T02:09:16.801+0600][31.257s][info][gc,cpu         ] GC(100) User=0.03s Sys=0.00s Real=0.01s
[2026-04-03T02:09:17.009+0600][31.464s][info][gc,start       ] GC(101) Pause Young (Mixed) (G1 Evacuation Pause)
[2026-04-03T02:09:17.009+0600][31.465s][info][gc,task        ] GC(101) Using 8 workers of 10 for evacuation
[2026-04-03T02:09:17.013+0600][31.469s][info][gc,phases      ] GC(101)   Pre Evacuate Collection Set: 0.39ms
[2026-04-03T02:09:17.013+0600][31.469s][info][gc,phases      ] GC(101)   Merge Heap Roots: 0.23ms
[2026-04-03T02:09:17.013+0600][31.469s][info][gc,phases      ] GC(101)   Evacuate Collection Set: 2.98ms
[2026-04-03T02:09:17.013+0600][31.469s][info][gc,phases      ] GC(101)   Post Evacuate Collection Set: 0.88ms
[2026-04-03T02:09:17.013+0600][31.469s][info][gc,phases      ] GC(101)   Other: 0.10ms
[2026-04-03T02:09:17.013+0600][31.469s][info][gc,heap        ] GC(101) Eden regions: 136->0(200)
[2026-04-03T02:09:17.013+0600][31.469s][info][gc,heap        ] GC(101) Survivor regions: 4->3(25)
[2026-04-03T02:09:17.013+0600][31.469s][info][gc,heap        ] GC(101) Old regions: 83->81
[2026-04-03T02:09:17.013+0600][31.469s][info][gc,heap        ] GC(101) Humongous regions: 113->8
[2026-04-03T02:09:17.013+0600][31.469s][info][gc,metaspace   ] GC(101) Metaspace: 129917K(131904K)->129917K(131904K) NonClass: 113450K(114560K)->113450K(114560K) Class: 16466K(17344K)->16466K(17344K)
[2026-04-03T02:09:17.013+0600][31.469s][info][gc             ] GC(101) Pause Young (Mixed) (G1 Evacuation Pause) 330M->89M(339M) 4.864ms
[2026-04-03T02:09:17.013+0600][31.469s][info][gc,cpu         ] GC(101) User=0.02s Sys=0.01s Real=0.01s
[2026-04-03T02:09:17.037+0600][31.492s][info][gc,start       ] GC(102) Pause Young (Concurrent Start) (G1 Humongous Allocation)
[2026-04-03T02:09:17.037+0600][31.493s][info][gc,task        ] GC(102) Using 8 workers of 10 for evacuation
[2026-04-03T02:09:17.041+0600][31.497s][info][gc,phases      ] GC(102)   Pre Evacuate Collection Set: 0.39ms
[2026-04-03T02:09:17.042+0600][31.497s][info][gc,phases      ] GC(102)   Merge Heap Roots: 0.21ms
[2026-04-03T02:09:17.042+0600][31.497s][info][gc,phases      ] GC(102)   Evacuate Collection Set: 2.88ms
[2026-04-03T02:09:17.042+0600][31.497s][info][gc,phases      ] GC(102)   Post Evacuate Collection Set: 1.08ms
[2026-04-03T02:09:17.042+0600][31.497s][info][gc,phases      ] GC(102)   Other: 0.19ms
[2026-04-03T02:09:17.042+0600][31.497s][info][gc,heap        ] GC(102) Eden regions: 17->0(198)
[2026-04-03T02:09:17.042+0600][31.497s][info][gc,heap        ] GC(102) Survivor regions: 3->5(26)
[2026-04-03T02:09:17.042+0600][31.497s][info][gc,heap        ] GC(102) Old regions: 81->81
[2026-04-03T02:09:17.042+0600][31.498s][info][gc,heap        ] GC(102) Humongous regions: 8->8
[2026-04-03T02:09:17.042+0600][31.498s][info][gc,metaspace   ] GC(102) Metaspace: 129925K(131904K)->129925K(131904K) NonClass: 113458K(114560K)->113458K(114560K) Class: 16466K(17344K)->16466K(17344K)
[2026-04-03T02:09:17.042+0600][31.498s][info][gc             ] GC(102) Pause Young (Concurrent Start) (G1 Humongous Allocation) 106M->91M(339M) 5.116ms
[2026-04-03T02:09:17.042+0600][31.498s][info][gc             ] GC(103) Concurrent Mark Cycle
[2026-04-03T02:09:17.042+0600][31.498s][info][gc,marking     ] GC(103) Concurrent Scan Root Regions
[2026-04-03T02:09:17.042+0600][31.498s][info][gc,cpu         ] GC(102) User=0.03s Sys=0.00s Real=0.01s
[2026-04-03T02:09:17.045+0600][31.501s][info][gc,marking     ] GC(103) Concurrent Scan Root Regions 3.039ms
[2026-04-03T02:09:17.045+0600][31.501s][info][gc,marking     ] GC(103) Concurrent Mark
[2026-04-03T02:09:17.045+0600][31.501s][info][gc,marking     ] GC(103) Concurrent Mark From Roots
[2026-04-03T02:09:17.045+0600][31.501s][info][gc,task        ] GC(103) Using 3 workers of 3 for marking
[2026-04-03T02:09:17.158+0600][31.614s][info][gc,marking     ] GC(103) Concurrent Mark From Roots 112.693ms
[2026-04-03T02:09:17.158+0600][31.614s][info][gc,marking     ] GC(103) Concurrent Preclean
[2026-04-03T02:09:17.159+0600][31.615s][info][gc,marking     ] GC(103) Concurrent Preclean 0.835ms
[2026-04-03T02:09:17.159+0600][31.615s][info][gc,start       ] GC(103) Pause Remark
[2026-04-03T02:09:17.169+0600][31.624s][info][gc             ] GC(103) Pause Remark 188M->188M(339M) 9.432ms
[2026-04-03T02:09:17.169+0600][31.625s][info][gc,cpu         ] GC(103) User=0.06s Sys=0.00s Real=0.01s
[2026-04-03T02:09:17.169+0600][31.625s][info][gc,marking     ] GC(103) Concurrent Mark 124.094ms
[2026-04-03T02:09:17.169+0600][31.625s][info][gc,marking     ] GC(103) Concurrent Rebuild Remembered Sets and Scrub Regions
[2026-04-03T02:09:17.202+0600][31.658s][info][gc,marking     ] GC(103) Concurrent Rebuild Remembered Sets and Scrub Regions 33.293ms
[2026-04-03T02:09:17.203+0600][31.659s][info][gc,start       ] GC(103) Pause Cleanup
[2026-04-03T02:09:17.203+0600][31.659s][info][gc             ] GC(103) Pause Cleanup 218M->218M(339M) 0.356ms
[2026-04-03T02:09:17.203+0600][31.659s][info][gc,cpu         ] GC(103) User=0.00s Sys=0.00s Real=0.00s
[2026-04-03T02:09:17.204+0600][31.659s][info][gc,marking     ] GC(103) Concurrent Clear Claimed Marks
[2026-04-03T02:09:17.204+0600][31.660s][info][gc,marking     ] GC(103) Concurrent Clear Claimed Marks 0.515ms
[2026-04-03T02:09:17.204+0600][31.660s][info][gc,marking     ] GC(103) Concurrent Cleanup for Next Mark
[2026-04-03T02:09:17.205+0600][31.661s][info][gc,marking     ] GC(103) Concurrent Cleanup for Next Mark 0.721ms
[2026-04-03T02:09:17.205+0600][31.661s][info][gc             ] GC(103) Concurrent Mark Cycle 163.078ms
[2026-04-03T02:09:17.310+0600][31.766s][info][gc,start       ] GC(104) Pause Young (Prepare Mixed) (G1 Evacuation Pause)
[2026-04-03T02:09:17.310+0600][31.766s][info][gc,task        ] GC(104) Using 8 workers of 10 for evacuation
[2026-04-03T02:09:17.317+0600][31.773s][info][gc,phases      ] GC(104)   Pre Evacuate Collection Set: 0.46ms
[2026-04-03T02:09:17.317+0600][31.773s][info][gc,phases      ] GC(104)   Merge Heap Roots: 0.24ms
[2026-04-03T02:09:17.317+0600][31.773s][info][gc,phases      ] GC(104)   Evacuate Collection Set: 4.63ms
[2026-04-03T02:09:17.317+0600][31.773s][info][gc,phases      ] GC(104)   Post Evacuate Collection Set: 0.74ms
[2026-04-03T02:09:17.317+0600][31.773s][info][gc,phases      ] GC(104)   Other: 0.15ms
[2026-04-03T02:09:17.317+0600][31.773s][info][gc,heap        ] GC(104) Eden regions: 138->0(201)
[2026-04-03T02:09:17.317+0600][31.773s][info][gc,heap        ] GC(104) Survivor regions: 5->5(26)
[2026-04-03T02:09:17.317+0600][31.773s][info][gc,heap        ] GC(104) Old regions: 81->81
[2026-04-03T02:09:17.317+0600][31.773s][info][gc,heap        ] GC(104) Humongous regions: 115->8
[2026-04-03T02:09:17.317+0600][31.773s][info][gc,metaspace   ] GC(104) Metaspace: 129958K(131904K)->129958K(131904K) NonClass: 113490K(114560K)->113490K(114560K) Class: 16467K(17344K)->16467K(17344K)
[2026-04-03T02:09:17.317+0600][31.773s][info][gc             ] GC(104) Pause Young (Prepare Mixed) (G1 Evacuation Pause) 336M->91M(344M) 6.670ms
[2026-04-03T02:09:17.317+0600][31.773s][info][gc,cpu         ] GC(104) User=0.04s Sys=0.01s Real=0.00s
[2026-04-03T02:09:17.560+0600][32.016s][info][gc,start       ] GC(105) Pause Young (Mixed) (G1 Evacuation Pause)
[2026-04-03T02:09:17.560+0600][32.016s][info][gc,task        ] GC(105) Using 8 workers of 10 for evacuation
[2026-04-03T02:09:17.568+0600][32.024s][info][gc,phases      ] GC(105)   Pre Evacuate Collection Set: 0.43ms
[2026-04-03T02:09:17.568+0600][32.024s][info][gc,phases      ] GC(105)   Merge Heap Roots: 0.28ms
[2026-04-03T02:09:17.568+0600][32.024s][info][gc,phases      ] GC(105)   Evacuate Collection Set: 5.59ms
[2026-04-03T02:09:17.568+0600][32.024s][info][gc,phases      ] GC(105)   Post Evacuate Collection Set: 0.99ms
[2026-04-03T02:09:17.568+0600][32.024s][info][gc,phases      ] GC(105)   Other: 0.15ms
[2026-04-03T02:09:17.568+0600][32.024s][info][gc,heap        ] GC(105) Eden regions: 147->0(205)
[2026-04-03T02:09:17.568+0600][32.024s][info][gc,heap        ] GC(105) Survivor regions: 5->5(26)
[2026-04-03T02:09:17.568+0600][32.024s][info][gc,heap        ] GC(105) Old regions: 81->80
[2026-04-03T02:09:17.568+0600][32.024s][info][gc,heap        ] GC(105) Humongous regions: 111->8
[2026-04-03T02:09:17.568+0600][32.024s][info][gc,metaspace   ] GC(105) Metaspace: 129975K(131904K)->129975K(131904K) NonClass: 113506K(114560K)->113506K(114560K) Class: 16468K(17344K)->16468K(17344K)
[2026-04-03T02:09:17.568+0600][32.024s][info][gc             ] GC(105) Pause Young (Mixed) (G1 Evacuation Pause) 341M->91M(350M) 7.873ms
[2026-04-03T02:09:17.568+0600][32.024s][info][gc,cpu         ] GC(105) User=0.05s Sys=0.01s Real=0.00s
[2026-04-03T02:09:17.586+0600][32.042s][info][gc,start       ] GC(106) Pause Young (Concurrent Start) (G1 Humongous Allocation)
[2026-04-03T02:09:17.587+0600][32.042s][info][gc,task        ] GC(106) Using 8 workers of 10 for evacuation
[2026-04-03T02:09:17.592+0600][32.047s][info][gc,phases      ] GC(106)   Pre Evacuate Collection Set: 0.52ms
[2026-04-03T02:09:17.592+0600][32.047s][info][gc,phases      ] GC(106)   Merge Heap Roots: 0.14ms
[2026-04-03T02:09:17.592+0600][32.048s][info][gc,phases      ] GC(106)   Evacuate Collection Set: 3.06ms
[2026-04-03T02:09:17.592+0600][32.048s][info][gc,phases      ] GC(106)   Post Evacuate Collection Set: 0.82ms
[2026-04-03T02:09:17.592+0600][32.048s][info][gc,phases      ] GC(106)   Other: 0.44ms
[2026-04-03T02:09:17.592+0600][32.048s][info][gc,heap        ] GC(106) Eden regions: 20->0(205)
[2026-04-03T02:09:17.592+0600][32.048s][info][gc,heap        ] GC(106) Survivor regions: 5->5(27)
[2026-04-03T02:09:17.592+0600][32.048s][info][gc,heap        ] GC(106) Old regions: 80->80
[2026-04-03T02:09:17.592+0600][32.048s][info][gc,heap        ] GC(106) Humongous regions: 8->8
[2026-04-03T02:09:17.592+0600][32.048s][info][gc,metaspace   ] GC(106) Metaspace: 129977K(131904K)->129977K(131904K) NonClass: 113509K(114560K)->113509K(114560K) Class: 16468K(17344K)->16468K(17344K)
[2026-04-03T02:09:17.592+0600][32.048s][info][gc             ] GC(106) Pause Young (Concurrent Start) (G1 Humongous Allocation) 111M->90M(350M) 5.416ms
[2026-04-03T02:09:17.592+0600][32.048s][info][gc             ] GC(107) Concurrent Mark Cycle
[2026-04-03T02:09:17.592+0600][32.048s][info][gc,cpu         ] GC(106) User=0.04s Sys=0.00s Real=0.01s
[2026-04-03T02:09:17.592+0600][32.048s][info][gc,marking     ] GC(107) Concurrent Scan Root Regions
[2026-04-03T02:09:17.595+0600][32.051s][info][gc,marking     ] GC(107) Concurrent Scan Root Regions 2.970ms
[2026-04-03T02:09:17.595+0600][32.051s][info][gc,marking     ] GC(107) Concurrent Mark
[2026-04-03T02:09:17.595+0600][32.051s][info][gc,marking     ] GC(107) Concurrent Mark From Roots
[2026-04-03T02:09:17.595+0600][32.051s][info][gc,task        ] GC(107) Using 3 workers of 3 for marking
[2026-04-03T02:09:17.696+0600][32.151s][info][gc,marking     ] GC(107) Concurrent Mark From Roots 100.529ms
[2026-04-03T02:09:17.696+0600][32.152s][info][gc,marking     ] GC(107) Concurrent Preclean
[2026-04-03T02:09:17.696+0600][32.152s][info][gc,marking     ] GC(107) Concurrent Preclean 0.467ms
[2026-04-03T02:09:17.697+0600][32.152s][info][gc,start       ] GC(107) Pause Remark
[2026-04-03T02:09:17.707+0600][32.163s][info][gc             ] GC(107) Pause Remark 147M->147M(350M) 10.756ms
[2026-04-03T02:09:17.708+0600][32.163s][info][gc,cpu         ] GC(107) User=0.08s Sys=0.00s Real=0.01s
[2026-04-03T02:09:17.708+0600][32.164s][info][gc,marking     ] GC(107) Concurrent Mark 112.605ms
[2026-04-03T02:09:17.708+0600][32.164s][info][gc,marking     ] GC(107) Concurrent Rebuild Remembered Sets and Scrub Regions
[2026-04-03T02:09:17.738+0600][32.194s][info][gc,marking     ] GC(107) Concurrent Rebuild Remembered Sets and Scrub Regions 29.822ms
[2026-04-03T02:09:17.738+0600][32.194s][info][gc,start       ] GC(107) Pause Cleanup
[2026-04-03T02:09:17.739+0600][32.194s][info][gc             ] GC(107) Pause Cleanup 158M->158M(350M) 0.334ms
[2026-04-03T02:09:17.739+0600][32.194s][info][gc,cpu         ] GC(107) User=0.00s Sys=0.00s Real=0.00s
[2026-04-03T02:09:17.739+0600][32.195s][info][gc,marking     ] GC(107) Concurrent Clear Claimed Marks
[2026-04-03T02:09:17.739+0600][32.195s][info][gc,marking     ] GC(107) Concurrent Clear Claimed Marks 0.426ms
[2026-04-03T02:09:17.739+0600][32.195s][info][gc,marking     ] GC(107) Concurrent Cleanup for Next Mark
[2026-04-03T02:09:17.740+0600][32.196s][info][gc,marking     ] GC(107) Concurrent Cleanup for Next Mark 0.707ms
[2026-04-03T02:09:17.740+0600][32.196s][info][gc             ] GC(107) Concurrent Mark Cycle 148.007ms
[2026-04-03T02:09:17.979+0600][32.435s][info][gc,start       ] GC(108) Pause Young (Prepare Mixed) (G1 Evacuation Pause)
[2026-04-03T02:09:17.979+0600][32.435s][info][gc,task        ] GC(108) Using 8 workers of 10 for evacuation
[2026-04-03T02:09:17.988+0600][32.444s][info][gc,phases      ] GC(108)   Pre Evacuate Collection Set: 0.42ms
[2026-04-03T02:09:17.988+0600][32.444s][info][gc,phases      ] GC(108)   Merge Heap Roots: 0.21ms
[2026-04-03T02:09:17.988+0600][32.444s][info][gc,phases      ] GC(108)   Evacuate Collection Set: 6.90ms
[2026-04-03T02:09:17.988+0600][32.444s][info][gc,phases      ] GC(108)   Post Evacuate Collection Set: 0.82ms
[2026-04-03T02:09:17.988+0600][32.444s][info][gc,phases      ] GC(108)   Other: 0.15ms
[2026-04-03T02:09:17.988+0600][32.444s][info][gc,heap        ] GC(108) Eden regions: 174->0(205)
[2026-04-03T02:09:17.988+0600][32.444s][info][gc,heap        ] GC(108) Survivor regions: 5->11(27)
[2026-04-03T02:09:17.988+0600][32.444s][info][gc,heap        ] GC(108) Old regions: 80->80
[2026-04-03T02:09:17.988+0600][32.444s][info][gc,heap        ] GC(108) Humongous regions: 91->8
[2026-04-03T02:09:17.988+0600][32.444s][info][gc,metaspace   ] GC(108) Metaspace: 130010K(131904K)->130010K(131904K) NonClass: 113540K(114560K)->113540K(114560K) Class: 16469K(17344K)->16469K(17344K)
[2026-04-03T02:09:17.988+0600][32.444s][info][gc             ] GC(108) Pause Young (Prepare Mixed) (G1 Evacuation Pause) 347M->96M(361M) 8.993ms
[2026-04-03T02:09:17.988+0600][32.444s][info][gc,cpu         ] GC(108) User=0.04s Sys=0.03s Real=0.01s
[2026-04-03T02:09:18.235+0600][32.690s][info][gc,start       ] GC(109) Pause Young (Mixed) (G1 Evacuation Pause)
[2026-04-03T02:09:18.235+0600][32.691s][info][gc,task        ] GC(109) Using 9 workers of 10 for evacuation
[2026-04-03T02:09:18.241+0600][32.697s][info][gc,phases      ] GC(109)   Pre Evacuate Collection Set: 0.27ms
[2026-04-03T02:09:18.241+0600][32.697s][info][gc,phases      ] GC(109)   Merge Heap Roots: 0.18ms
[2026-04-03T02:09:18.241+0600][32.697s][info][gc,phases      ] GC(109)   Evacuate Collection Set: 5.39ms
[2026-04-03T02:09:18.241+0600][32.697s][info][gc,phases      ] GC(109)   Post Evacuate Collection Set: 0.75ms
[2026-04-03T02:09:18.241+0600][32.697s][info][gc,phases      ] GC(109)   Other: 0.12ms
[2026-04-03T02:09:18.241+0600][32.697s][info][gc,heap        ] GC(109) Eden regions: 153->0(238)
[2026-04-03T02:09:18.241+0600][32.697s][info][gc,heap        ] GC(109) Survivor regions: 11->7(27)
[2026-04-03T02:09:18.241+0600][32.697s][info][gc,heap        ] GC(109) Old regions: 80->80
[2026-04-03T02:09:18.241+0600][32.697s][info][gc,heap        ] GC(109) Humongous regions: 157->23
[2026-04-03T02:09:18.241+0600][32.697s][info][gc,metaspace   ] GC(109) Metaspace: 130040K(131904K)->130040K(131904K) NonClass: 113569K(114560K)->113569K(114560K) Class: 16470K(17344K)->16470K(17344K)
[2026-04-03T02:09:18.242+0600][32.697s][info][gc             ] GC(109) Pause Young (Mixed) (G1 Evacuation Pause) 398M->107M(409M) 7.010ms
[2026-04-03T02:09:18.242+0600][32.698s][info][gc,cpu         ] GC(109) User=0.04s Sys=0.01s Real=0.01s
[2026-04-03T02:09:18.242+0600][32.698s][info][gc,start       ] GC(110) Pause Young (Concurrent Start) (G1 Humongous Allocation)
[2026-04-03T02:09:18.242+0600][32.698s][info][gc,task        ] GC(110) Using 9 workers of 10 for evacuation
[2026-04-03T02:09:18.246+0600][32.702s][info][gc,phases      ] GC(110)   Pre Evacuate Collection Set: 0.24ms
[2026-04-03T02:09:18.246+0600][32.702s][info][gc,phases      ] GC(110)   Merge Heap Roots: 0.08ms
[2026-04-03T02:09:18.246+0600][32.702s][info][gc,phases      ] GC(110)   Evacuate Collection Set: 2.55ms
[2026-04-03T02:09:18.246+0600][32.702s][info][gc,phases      ] GC(110)   Post Evacuate Collection Set: 0.46ms
[2026-04-03T02:09:18.246+0600][32.702s][info][gc,phases      ] GC(110)   Other: 0.11ms
[2026-04-03T02:09:18.246+0600][32.702s][info][gc,heap        ] GC(110) Eden regions: 3->0(238)
[2026-04-03T02:09:18.246+0600][32.702s][info][gc,heap        ] GC(110) Survivor regions: 7->7(31)
[2026-04-03T02:09:18.246+0600][32.702s][info][gc,heap        ] GC(110) Old regions: 80->80
[2026-04-03T02:09:18.246+0600][32.702s][info][gc,heap        ] GC(110) Humongous regions: 23->23
[2026-04-03T02:09:18.246+0600][32.702s][info][gc,metaspace   ] GC(110) Metaspace: 130040K(131904K)->130040K(131904K) NonClass: 113569K(114560K)->113569K(114560K) Class: 16470K(17344K)->16470K(17344K)
[2026-04-03T02:09:18.246+0600][32.702s][info][gc             ] GC(110) Pause Young (Concurrent Start) (G1 Humongous Allocation) 109M->108M(409M) 3.655ms
[2026-04-03T02:09:18.246+0600][32.702s][info][gc             ] GC(111) Concurrent Mark Cycle
[2026-04-03T02:09:18.246+0600][32.702s][info][gc,cpu         ] GC(110) User=0.02s Sys=0.01s Real=0.00s
[2026-04-03T02:09:18.246+0600][32.702s][info][gc,marking     ] GC(111) Concurrent Scan Root Regions
[2026-04-03T02:09:18.249+0600][32.705s][info][gc,marking     ] GC(111) Concurrent Scan Root Regions 3.389ms
[2026-04-03T02:09:18.249+0600][32.705s][info][gc,marking     ] GC(111) Concurrent Mark
[2026-04-03T02:09:18.249+0600][32.705s][info][gc,marking     ] GC(111) Concurrent Mark From Roots
[2026-04-03T02:09:18.249+0600][32.705s][info][gc,task        ] GC(111) Using 3 workers of 3 for marking
[2026-04-03T02:09:18.334+0600][32.790s][info][gc,start       ] GC(112) Pause Young (Normal) (G1 Evacuation Pause)
[2026-04-03T02:09:18.334+0600][32.790s][info][gc,task        ] GC(112) Using 9 workers of 10 for evacuation
[2026-04-03T02:09:18.341+0600][32.797s][info][gc,phases      ] GC(112)   Pre Evacuate Collection Set: 0.47ms
[2026-04-03T02:09:18.341+0600][32.797s][info][gc,phases      ] GC(112)   Merge Heap Roots: 0.19ms
[2026-04-03T02:09:18.341+0600][32.797s][info][gc,phases      ] GC(112)   Evacuate Collection Set: 5.16ms
[2026-04-03T02:09:18.341+0600][32.797s][info][gc,phases      ] GC(112)   Post Evacuate Collection Set: 0.74ms
[2026-04-03T02:09:18.341+0600][32.797s][info][gc,phases      ] GC(112)   Other: 0.11ms
[2026-04-03T02:09:18.341+0600][32.797s][info][gc,heap        ] GC(112) Eden regions: 44->0(243)
[2026-04-03T02:09:18.341+0600][32.797s][info][gc,heap        ] GC(112) Survivor regions: 7->7(31)
[2026-04-03T02:09:18.341+0600][32.797s][info][gc,heap        ] GC(112) Old regions: 80->80
[2026-04-03T02:09:18.341+0600][32.797s][info][gc,heap        ] GC(112) Humongous regions: 280->10
[2026-04-03T02:09:18.341+0600][32.797s][info][gc,metaspace   ] GC(112) Metaspace: 130056K(131904K)->130056K(131904K) NonClass: 113585K(114560K)->113585K(114560K) Class: 16471K(17344K)->16471K(17344K)
[2026-04-03T02:09:18.341+0600][32.797s][info][gc             ] GC(112) Pause Young (Normal) (G1 Evacuation Pause) 409M->95M(418M) 6.987ms
[2026-04-03T02:09:18.341+0600][32.797s][info][gc,cpu         ] GC(112) User=0.04s Sys=0.02s Real=0.01s
[2026-04-03T02:09:18.377+0600][32.833s][info][gc,marking     ] GC(111) Concurrent Mark From Roots 127.116ms
[2026-04-03T02:09:18.377+0600][32.833s][info][gc,marking     ] GC(111) Concurrent Preclean
[2026-04-03T02:09:18.377+0600][32.833s][info][gc,marking     ] GC(111) Concurrent Preclean 0.277ms
[2026-04-03T02:09:18.377+0600][32.833s][info][gc,start       ] GC(111) Pause Remark
[2026-04-03T02:09:18.386+0600][32.842s][info][gc             ] GC(111) Pause Remark 121M->121M(364M) 8.809ms
[2026-04-03T02:09:18.386+0600][32.842s][info][gc,cpu         ] GC(111) User=0.06s Sys=0.00s Real=0.01s
[2026-04-03T02:09:18.387+0600][32.842s][info][gc,marking     ] GC(111) Concurrent Mark 137.107ms
[2026-04-03T02:09:18.387+0600][32.842s][info][gc,marking     ] GC(111) Concurrent Rebuild Remembered Sets and Scrub Regions
[2026-04-03T02:09:18.414+0600][32.870s][info][gc,marking     ] GC(111) Concurrent Rebuild Remembered Sets and Scrub Regions 27.308ms
[2026-04-03T02:09:18.414+0600][32.870s][info][gc,start       ] GC(111) Pause Cleanup
[2026-04-03T02:09:18.415+0600][32.871s][info][gc             ] GC(111) Pause Cleanup 132M->132M(364M) 0.386ms
[2026-04-03T02:09:18.415+0600][32.871s][info][gc,cpu         ] GC(111) User=0.01s Sys=0.00s Real=0.00s
[2026-04-03T02:09:18.415+0600][32.871s][info][gc,marking     ] GC(111) Concurrent Clear Claimed Marks
[2026-04-03T02:09:18.415+0600][32.871s][info][gc,marking     ] GC(111) Concurrent Clear Claimed Marks 0.323ms
[2026-04-03T02:09:18.415+0600][32.871s][info][gc,marking     ] GC(111) Concurrent Cleanup for Next Mark
[2026-04-03T02:09:18.416+0600][32.872s][info][gc,marking     ] GC(111) Concurrent Cleanup for Next Mark 0.878ms
[2026-04-03T02:09:18.416+0600][32.872s][info][gc             ] GC(111) Concurrent Mark Cycle 170.567ms
[2026-04-03T02:09:18.440+0600][32.896s][info][gc,start       ] GC(113) Pause Young (Prepare Mixed) (G1 Evacuation Pause)
[2026-04-03T02:09:18.440+0600][32.896s][info][gc,task        ] GC(113) Using 10 workers of 10 for evacuation
[2026-04-03T02:09:18.445+0600][32.901s][info][gc,phases      ] GC(113)   Pre Evacuate Collection Set: 0.43ms
[2026-04-03T02:09:18.445+0600][32.901s][info][gc,phases      ] GC(113)   Merge Heap Roots: 0.14ms
[2026-04-03T02:09:18.445+0600][32.901s][info][gc,phases      ] GC(113)   Evacuate Collection Set: 3.26ms
[2026-04-03T02:09:18.445+0600][32.901s][info][gc,phases      ] GC(113)   Post Evacuate Collection Set: 0.73ms
[2026-04-03T02:09:18.445+0600][32.901s][info][gc,phases      ] GC(113)   Other: 0.09ms
[2026-04-03T02:09:18.445+0600][32.901s][info][gc,heap        ] GC(113) Eden regions: 35->0(258)
[2026-04-03T02:09:18.445+0600][32.901s][info][gc,heap        ] GC(113) Survivor regions: 7->8(28)
[2026-04-03T02:09:18.445+0600][32.901s][info][gc,heap        ] GC(113) Old regions: 80->80
[2026-04-03T02:09:18.445+0600][32.901s][info][gc,heap        ] GC(113) Humongous regions: 314->18
[2026-04-03T02:09:18.445+0600][32.901s][info][gc,metaspace   ] GC(113) Metaspace: 130072K(131904K)->130072K(131904K) NonClass: 113601K(114560K)->113601K(114560K) Class: 16471K(17344K)->16471K(17344K)
[2026-04-03T02:09:18.445+0600][32.901s][info][gc             ] GC(113) Pause Young (Prepare Mixed) (G1 Evacuation Pause) 434M->104M(444M) 4.989ms
[2026-04-03T02:09:18.445+0600][32.901s][info][gc,cpu         ] GC(113) User=0.02s Sys=0.01s Real=0.00s
[2026-04-03T02:09:18.840+0600][33.295s][info][gc,start       ] GC(114) Pause Young (Mixed) (G1 Evacuation Pause)
[2026-04-03T02:09:18.840+0600][33.296s][info][gc,task        ] GC(114) Using 10 workers of 10 for evacuation
[2026-04-03T02:09:18.844+0600][33.300s][info][gc,phases      ] GC(114)   Pre Evacuate Collection Set: 0.39ms
[2026-04-03T02:09:18.844+0600][33.300s][info][gc,phases      ] GC(114)   Merge Heap Roots: 0.19ms
[2026-04-03T02:09:18.844+0600][33.300s][info][gc,phases      ] GC(114)   Evacuate Collection Set: 3.11ms
[2026-04-03T02:09:18.844+0600][33.300s][info][gc,phases      ] GC(114)   Post Evacuate Collection Set: 0.53ms
[2026-04-03T02:09:18.844+0600][33.300s][info][gc,phases      ] GC(114)   Other: 0.09ms
[2026-04-03T02:09:18.844+0600][33.300s][info][gc,heap        ] GC(114) Eden regions: 203->0(263)
[2026-04-03T02:09:18.844+0600][33.300s][info][gc,heap        ] GC(114) Survivor regions: 8->8(34)
[2026-04-03T02:09:18.844+0600][33.300s][info][gc,heap        ] GC(114) Old regions: 80->80
[2026-04-03T02:09:18.844+0600][33.300s][info][gc,heap        ] GC(114) Humongous regions: 153->8
[2026-04-03T02:09:18.844+0600][33.300s][info][gc,metaspace   ] GC(114) Metaspace: 130107K(131904K)->130107K(131904K) NonClass: 113636K(114560K)->113636K(114560K) Class: 16471K(17344K)->16471K(17344K)
[2026-04-03T02:09:18.844+0600][33.300s][info][gc             ] GC(114) Pause Young (Mixed) (G1 Evacuation Pause) 442M->93M(453M) 4.599ms
[2026-04-03T02:09:18.844+0600][33.300s][info][gc,cpu         ] GC(114) User=0.02s Sys=0.01s Real=0.01s
[2026-04-03T02:09:18.962+0600][33.418s][info][gc,start       ] GC(115) Pause Young (Concurrent Start) (G1 Humongous Allocation)
[2026-04-03T02:09:18.962+0600][33.418s][info][gc,task        ] GC(115) Using 10 workers of 10 for evacuation
[2026-04-03T02:09:18.965+0600][33.421s][info][gc,phases      ] GC(115)   Pre Evacuate Collection Set: 0.40ms
[2026-04-03T02:09:18.965+0600][33.421s][info][gc,phases      ] GC(115)   Merge Heap Roots: 0.09ms
[2026-04-03T02:09:18.965+0600][33.421s][info][gc,phases      ] GC(115)   Evacuate Collection Set: 2.05ms
[2026-04-03T02:09:18.965+0600][33.421s][info][gc,phases      ] GC(115)   Post Evacuate Collection Set: 0.40ms
[2026-04-03T02:09:18.965+0600][33.421s][info][gc,phases      ] GC(115)   Other: 0.15ms
[2026-04-03T02:09:18.965+0600][33.421s][info][gc,heap        ] GC(115) Eden regions: 55->0(263)
[2026-04-03T02:09:18.965+0600][33.421s][info][gc,heap        ] GC(115) Survivor regions: 8->8(34)
[2026-04-03T02:09:18.965+0600][33.421s][info][gc,heap        ] GC(115) Old regions: 80->80
[2026-04-03T02:09:18.965+0600][33.421s][info][gc,heap        ] GC(115) Humongous regions: 8->8
[2026-04-03T02:09:18.965+0600][33.421s][info][gc,metaspace   ] GC(115) Metaspace: 130135K(131904K)->130135K(131904K) NonClass: 113663K(114560K)->113663K(114560K) Class: 16471K(17344K)->16471K(17344K)
[2026-04-03T02:09:18.965+0600][33.421s][info][gc             ] GC(115) Pause Young (Concurrent Start) (G1 Humongous Allocation) 148M->93M(453M) 3.391ms
[2026-04-03T02:09:18.965+0600][33.421s][info][gc             ] GC(116) Concurrent Mark Cycle
[2026-04-03T02:09:18.965+0600][33.421s][info][gc,cpu         ] GC(115) User=0.02s Sys=0.00s Real=0.00s
[2026-04-03T02:09:18.965+0600][33.421s][info][gc,marking     ] GC(116) Concurrent Scan Root Regions
[2026-04-03T02:09:18.967+0600][33.423s][info][gc,marking     ] GC(116) Concurrent Scan Root Regions 2.077ms
[2026-04-03T02:09:18.967+0600][33.423s][info][gc,marking     ] GC(116) Concurrent Mark
[2026-04-03T02:09:18.967+0600][33.423s][info][gc,marking     ] GC(116) Concurrent Mark From Roots
[2026-04-03T02:09:18.967+0600][33.423s][info][gc,task        ] GC(116) Using 3 workers of 3 for marking
[2026-04-03T02:09:19.076+0600][33.532s][info][gc,marking     ] GC(116) Concurrent Mark From Roots 108.460ms
[2026-04-03T02:09:19.076+0600][33.532s][info][gc,marking     ] GC(116) Concurrent Preclean
[2026-04-03T02:09:19.077+0600][33.533s][info][gc,marking     ] GC(116) Concurrent Preclean 0.729ms
[2026-04-03T02:09:19.078+0600][33.533s][info][gc,start       ] GC(116) Pause Remark
[2026-04-03T02:09:19.087+0600][33.542s][info][gc             ] GC(116) Pause Remark 198M->198M(453M) 9.074ms
[2026-04-03T02:09:19.087+0600][33.543s][info][gc,cpu         ] GC(116) User=0.07s Sys=0.00s Real=0.01s
[2026-04-03T02:09:19.087+0600][33.543s][info][gc,marking     ] GC(116) Concurrent Mark 119.870ms
[2026-04-03T02:09:19.087+0600][33.543s][info][gc,marking     ] GC(116) Concurrent Rebuild Remembered Sets and Scrub Regions
[2026-04-03T02:09:19.124+0600][33.580s][info][gc,marking     ] GC(116) Concurrent Rebuild Remembered Sets and Scrub Regions 37.098ms
[2026-04-03T02:09:19.125+0600][33.581s][info][gc,start       ] GC(116) Pause Cleanup
[2026-04-03T02:09:19.125+0600][33.581s][info][gc             ] GC(116) Pause Cleanup 231M->231M(453M) 0.301ms
[2026-04-03T02:09:19.125+0600][33.581s][info][gc,cpu         ] GC(116) User=0.00s Sys=0.00s Real=0.00s
[2026-04-03T02:09:19.126+0600][33.581s][info][gc,marking     ] GC(116) Concurrent Clear Claimed Marks
[2026-04-03T02:09:19.126+0600][33.582s][info][gc,marking     ] GC(116) Concurrent Clear Claimed Marks 0.407ms
[2026-04-03T02:09:19.126+0600][33.582s][info][gc,marking     ] GC(116) Concurrent Cleanup for Next Mark
[2026-04-03T02:09:19.127+0600][33.583s][info][gc,marking     ] GC(116) Concurrent Cleanup for Next Mark 0.907ms
[2026-04-03T02:09:19.127+0600][33.583s][info][gc             ] GC(116) Concurrent Mark Cycle 161.910ms
[2026-04-03T02:09:19.319+0600][33.775s][info][gc,start       ] GC(117) Pause Young (Prepare Mixed) (GCLocker Initiated GC)
[2026-04-03T02:09:19.319+0600][33.775s][info][gc,task        ] GC(117) Using 10 workers of 10 for evacuation
[2026-04-03T02:09:19.327+0600][33.783s][info][gc,phases      ] GC(117)   Pre Evacuate Collection Set: 0.43ms
[2026-04-03T02:09:19.327+0600][33.783s][info][gc,phases      ] GC(117)   Merge Heap Roots: 0.23ms
[2026-04-03T02:09:19.327+0600][33.783s][info][gc,phases      ] GC(117)   Evacuate Collection Set: 5.95ms
[2026-04-03T02:09:19.327+0600][33.783s][info][gc,phases      ] GC(117)   Post Evacuate Collection Set: 0.75ms
[2026-04-03T02:09:19.327+0600][33.783s][info][gc,phases      ] GC(117)   Other: 0.16ms
[2026-04-03T02:09:19.327+0600][33.783s][info][gc,heap        ] GC(117) Eden regions: 201->0(268)
[2026-04-03T02:09:19.327+0600][33.783s][info][gc,heap        ] GC(117) Survivor regions: 8->11(34)
[2026-04-03T02:09:19.327+0600][33.783s][info][gc,heap        ] GC(117) Old regions: 80->80
[2026-04-03T02:09:19.327+0600][33.783s][info][gc,heap        ] GC(117) Humongous regions: 166->10
[2026-04-03T02:09:19.327+0600][33.783s][info][gc,metaspace   ] GC(117) Metaspace: 130142K(131904K)->130142K(131904K) NonClass: 113670K(114560K)->113670K(114560K) Class: 16472K(17344K)->16472K(17344K)
[2026-04-03T02:09:19.327+0600][33.783s][info][gc             ] GC(117) Pause Young (Prepare Mixed) (GCLocker Initiated GC) 452M->99M(466M) 7.867ms
[2026-04-03T02:09:19.327+0600][33.783s][info][gc,cpu         ] GC(117) User=0.05s Sys=0.02s Real=0.01s
[2026-04-03T02:09:19.655+0600][34.110s][info][gc,start       ] GC(118) Pause Young (Mixed) (G1 Evacuation Pause)
[2026-04-03T02:09:19.655+0600][34.111s][info][gc,task        ] GC(118) Using 10 workers of 10 for evacuation
[2026-04-03T02:09:19.662+0600][34.118s][info][gc,phases      ] GC(118)   Pre Evacuate Collection Set: 0.43ms
[2026-04-03T02:09:19.662+0600][34.118s][info][gc,phases      ] GC(118)   Merge Heap Roots: 0.24ms
[2026-04-03T02:09:19.662+0600][34.118s][info][gc,phases      ] GC(118)   Evacuate Collection Set: 5.87ms
[2026-04-03T02:09:19.662+0600][34.118s][info][gc,phases      ] GC(118)   Post Evacuate Collection Set: 0.69ms
[2026-04-03T02:09:19.662+0600][34.118s][info][gc,phases      ] GC(118)   Other: 0.12ms
[2026-04-03T02:09:19.662+0600][34.118s][info][gc,heap        ] GC(118) Eden regions: 203->0(277)
[2026-04-03T02:09:19.662+0600][34.118s][info][gc,heap        ] GC(118) Survivor regions: 11->9(34)
[2026-04-03T02:09:19.662+0600][34.118s][info][gc,heap        ] GC(118) Old regions: 80->80
[2026-04-03T02:09:19.662+0600][34.118s][info][gc,heap        ] GC(118) Humongous regions: 172->8
[2026-04-03T02:09:19.662+0600][34.118s][info][gc,metaspace   ] GC(118) Metaspace: 130153K(131904K)->130153K(131904K) NonClass: 113681K(114560K)->113681K(114560K) Class: 16472K(17344K)->16472K(17344K)
[2026-04-03T02:09:19.662+0600][34.118s][info][gc             ] GC(118) Pause Young (Mixed) (G1 Evacuation Pause) 464M->95M(477M) 7.663ms
[2026-04-03T02:09:19.662+0600][34.118s][info][gc,cpu         ] GC(118) User=0.06s Sys=0.01s Real=0.01s
[2026-04-03T02:09:19.678+0600][34.134s][info][gc,start       ] GC(119) Pause Young (Concurrent Start) (G1 Humongous Allocation)
[2026-04-03T02:09:19.679+0600][34.134s][info][gc,task        ] GC(119) Using 10 workers of 10 for evacuation
[2026-04-03T02:09:19.684+0600][34.139s][info][gc,phases      ] GC(119)   Pre Evacuate Collection Set: 0.64ms
[2026-04-03T02:09:19.684+0600][34.139s][info][gc,phases      ] GC(119)   Merge Heap Roots: 0.16ms
[2026-04-03T02:09:19.684+0600][34.139s][info][gc,phases      ] GC(119)   Evacuate Collection Set: 3.37ms
[2026-04-03T02:09:19.684+0600][34.140s][info][gc,phases      ] GC(119)   Post Evacuate Collection Set: 0.59ms
[2026-04-03T02:09:19.684+0600][34.140s][info][gc,phases      ] GC(119)   Other: 0.20ms
[2026-04-03T02:09:19.684+0600][34.140s][info][gc,heap        ] GC(119) Eden regions: 18->0(277)
[2026-04-03T02:09:19.684+0600][34.140s][info][gc,heap        ] GC(119) Survivor regions: 9->9(36)
[2026-04-03T02:09:19.684+0600][34.140s][info][gc,heap        ] GC(119) Old regions: 80->80
[2026-04-03T02:09:19.684+0600][34.140s][info][gc,heap        ] GC(119) Humongous regions: 8->8
[2026-04-03T02:09:19.684+0600][34.140s][info][gc,metaspace   ] GC(119) Metaspace: 130153K(131904K)->130153K(131904K) NonClass: 113681K(114560K)->113681K(114560K) Class: 16472K(17344K)->16472K(17344K)
[2026-04-03T02:09:19.684+0600][34.140s][info][gc             ] GC(119) Pause Young (Concurrent Start) (G1 Humongous Allocation) 113M->95M(477M) 5.314ms
[2026-04-03T02:09:19.684+0600][34.140s][info][gc             ] GC(120) Concurrent Mark Cycle
[2026-04-03T02:09:19.684+0600][34.140s][info][gc,marking     ] GC(120) Concurrent Scan Root Regions
[2026-04-03T02:09:19.684+0600][34.140s][info][gc,cpu         ] GC(119) User=0.04s Sys=0.00s Real=0.01s
[2026-04-03T02:09:19.688+0600][34.143s][info][gc,marking     ] GC(120) Concurrent Scan Root Regions 3.577ms
[2026-04-03T02:09:19.688+0600][34.144s][info][gc,marking     ] GC(120) Concurrent Mark
[2026-04-03T02:09:19.688+0600][34.144s][info][gc,marking     ] GC(120) Concurrent Mark From Roots
[2026-04-03T02:09:19.688+0600][34.144s][info][gc,task        ] GC(120) Using 3 workers of 3 for marking
[2026-04-03T02:09:19.797+0600][34.253s][info][gc,marking     ] GC(120) Concurrent Mark From Roots 109.364ms
[2026-04-03T02:09:19.797+0600][34.253s][info][gc,marking     ] GC(120) Concurrent Preclean
[2026-04-03T02:09:19.797+0600][34.253s][info][gc,marking     ] GC(120) Concurrent Preclean 0.380ms
[2026-04-03T02:09:19.798+0600][34.254s][info][gc,start       ] GC(120) Pause Remark
[2026-04-03T02:09:19.806+0600][34.262s][info][gc             ] GC(120) Pause Remark 194M->194M(464M) 8.496ms
[2026-04-03T02:09:19.807+0600][34.262s][info][gc,cpu         ] GC(120) User=0.07s Sys=0.00s Real=0.01s
[2026-04-03T02:09:19.810+0600][34.265s][info][gc,marking     ] GC(120) Concurrent Mark 121.898ms
[2026-04-03T02:09:19.810+0600][34.265s][info][gc,marking     ] GC(120) Concurrent Rebuild Remembered Sets and Scrub Regions
[2026-04-03T02:09:19.842+0600][34.298s][info][gc,marking     ] GC(120) Concurrent Rebuild Remembered Sets and Scrub Regions 32.319ms
[2026-04-03T02:09:19.842+0600][34.298s][info][gc,start       ] GC(120) Pause Cleanup
[2026-04-03T02:09:19.843+0600][34.299s][info][gc             ] GC(120) Pause Cleanup 230M->230M(464M) 0.309ms
[2026-04-03T02:09:19.843+0600][34.299s][info][gc,cpu         ] GC(120) User=0.00s Sys=0.00s Real=0.00s
[2026-04-03T02:09:19.843+0600][34.299s][info][gc,marking     ] GC(120) Concurrent Clear Claimed Marks
[2026-04-03T02:09:19.843+0600][34.299s][info][gc,marking     ] GC(120) Concurrent Clear Claimed Marks 0.362ms
[2026-04-03T02:09:19.843+0600][34.299s][info][gc,marking     ] GC(120) Concurrent Cleanup for Next Mark
[2026-04-03T02:09:19.845+0600][34.300s][info][gc,marking     ] GC(120) Concurrent Cleanup for Next Mark 1.233ms
[2026-04-03T02:09:19.845+0600][34.301s][info][gc             ] GC(120) Concurrent Mark Cycle 160.789ms
[2026-04-03T02:09:20.151+0600][34.607s][info][gc,start       ] GC(121) Pause Young (Prepare Mixed) (G1 Evacuation Pause)
[2026-04-03T02:09:20.151+0600][34.607s][info][gc,task        ] GC(121) Using 10 workers of 10 for evacuation
[2026-04-03T02:09:20.155+0600][34.611s][info][gc,phases      ] GC(121)   Pre Evacuate Collection Set: 0.39ms
[2026-04-03T02:09:20.155+0600][34.611s][info][gc,phases      ] GC(121)   Merge Heap Roots: 0.14ms
[2026-04-03T02:09:20.155+0600][34.611s][info][gc,phases      ] GC(121)   Evacuate Collection Set: 2.81ms
[2026-04-03T02:09:20.155+0600][34.611s][info][gc,phases      ] GC(121)   Post Evacuate Collection Set: 0.68ms
[2026-04-03T02:09:20.155+0600][34.611s][info][gc,phases      ] GC(121)   Other: 0.08ms
[2026-04-03T02:09:20.155+0600][34.611s][info][gc,heap        ] GC(121) Eden regions: 215->0(276)
[2026-04-03T02:09:20.155+0600][34.611s][info][gc,heap        ] GC(121) Survivor regions: 9->7(35)
[2026-04-03T02:09:20.155+0600][34.611s][info][gc,heap        ] GC(121) Old regions: 80->81
[2026-04-03T02:09:20.155+0600][34.611s][info][gc,heap        ] GC(121) Humongous regions: 160->8
[2026-04-03T02:09:20.155+0600][34.611s][info][gc,metaspace   ] GC(121) Metaspace: 130209K(131904K)->130209K(131904K) NonClass: 113737K(114560K)->113737K(114560K) Class: 16472K(17344K)->16472K(17344K)
[2026-04-03T02:09:20.155+0600][34.611s][info][gc             ] GC(121) Pause Young (Prepare Mixed) (G1 Evacuation Pause) 462M->94M(472M) 4.342ms
[2026-04-03T02:09:20.155+0600][34.611s][info][gc,cpu         ] GC(121) User=0.03s Sys=0.01s Real=0.00s
[2026-04-03T02:09:20.607+0600][35.063s][info][gc,start       ] GC(122) Pause Young (Mixed) (G1 Evacuation Pause)
[2026-04-03T02:09:20.607+0600][35.063s][info][gc,task        ] GC(122) Using 10 workers of 10 for evacuation
[2026-04-03T02:09:20.613+0600][35.069s][info][gc,phases      ] GC(122)   Pre Evacuate Collection Set: 0.28ms
[2026-04-03T02:09:20.613+0600][35.069s][info][gc,phases      ] GC(122)   Merge Heap Roots: 0.19ms
[2026-04-03T02:09:20.613+0600][35.069s][info][gc,phases      ] GC(122)   Evacuate Collection Set: 4.89ms
[2026-04-03T02:09:20.613+0600][35.069s][info][gc,phases      ] GC(122)   Post Evacuate Collection Set: 0.87ms
[2026-04-03T02:09:20.613+0600][35.069s][info][gc,phases      ] GC(122)   Other: 0.12ms
[2026-04-03T02:09:20.613+0600][35.069s][info][gc,heap        ] GC(122) Eden regions: 256->0(287)
[2026-04-03T02:09:20.613+0600][35.069s][info][gc,heap        ] GC(122) Survivor regions: 7->8(17)
[2026-04-03T02:09:20.613+0600][35.069s][info][gc,heap        ] GC(122) Old regions: 81->80
[2026-04-03T02:09:20.613+0600][35.069s][info][gc,heap        ] GC(122) Humongous regions: 139->8
[2026-04-03T02:09:20.613+0600][35.069s][info][gc,metaspace   ] GC(122) Metaspace: 130236K(131968K)->130236K(131968K) NonClass: 113763K(114624K)->113763K(114624K) Class: 16473K(17344K)->16473K(17344K)
[2026-04-03T02:09:20.613+0600][35.069s][info][gc             ] GC(122) Pause Young (Mixed) (G1 Evacuation Pause) 481M->94M(492M) 6.675ms
[2026-04-03T02:09:20.614+0600][35.069s][info][gc,cpu         ] GC(122) User=0.04s Sys=0.01s Real=0.01s
[2026-04-03T02:09:20.636+0600][35.092s][info][gc,start       ] GC(123) Pause Young (Concurrent Start) (GCLocker Initiated GC)
[2026-04-03T02:09:20.636+0600][35.092s][info][gc,task        ] GC(123) Using 10 workers of 10 for evacuation
[2026-04-03T02:09:20.641+0600][35.097s][info][gc,phases      ] GC(123)   Pre Evacuate Collection Set: 0.59ms
[2026-04-03T02:09:20.641+0600][35.097s][info][gc,phases      ] GC(123)   Merge Heap Roots: 0.18ms
[2026-04-03T02:09:20.641+0600][35.097s][info][gc,phases      ] GC(123)   Evacuate Collection Set: 3.30ms
[2026-04-03T02:09:20.641+0600][35.097s][info][gc,phases      ] GC(123)   Post Evacuate Collection Set: 0.62ms
[2026-04-03T02:09:20.641+0600][35.097s][info][gc,phases      ] GC(123)   Other: 0.29ms
[2026-04-03T02:09:20.641+0600][35.097s][info][gc,heap        ] GC(123) Eden regions: 19->0(286)
[2026-04-03T02:09:20.641+0600][35.097s][info][gc,heap        ] GC(123) Survivor regions: 8->9(37)
[2026-04-03T02:09:20.641+0600][35.097s][info][gc,heap        ] GC(123) Old regions: 80->80
[2026-04-03T02:09:20.641+0600][35.097s][info][gc,heap        ] GC(123) Humongous regions: 8->8
[2026-04-03T02:09:20.641+0600][35.097s][info][gc,metaspace   ] GC(123) Metaspace: 130236K(131968K)->130236K(131968K) NonClass: 113763K(114624K)->113763K(114624K) Class: 16473K(17344K)->16473K(17344K)
[2026-04-03T02:09:20.641+0600][35.097s][info][gc             ] GC(123) Pause Young (Concurrent Start) (GCLocker Initiated GC) 113M->95M(492M) 5.369ms
[2026-04-03T02:09:20.641+0600][35.097s][info][gc             ] GC(124) Concurrent Mark Cycle
[2026-04-03T02:09:20.641+0600][35.097s][info][gc,marking     ] GC(124) Concurrent Scan Root Regions
[2026-04-03T02:09:20.641+0600][35.097s][info][gc,cpu         ] GC(123) User=0.04s Sys=0.00s Real=0.01s
[2026-04-03T02:09:20.645+0600][35.100s][info][gc,marking     ] GC(124) Concurrent Scan Root Regions 3.353ms
[2026-04-03T02:09:20.645+0600][35.100s][info][gc,marking     ] GC(124) Concurrent Mark
[2026-04-03T02:09:20.645+0600][35.100s][info][gc,marking     ] GC(124) Concurrent Mark From Roots
[2026-04-03T02:09:20.645+0600][35.100s][info][gc,task        ] GC(124) Using 3 workers of 3 for marking
[2026-04-03T02:09:20.749+0600][35.205s][info][gc,marking     ] GC(124) Concurrent Mark From Roots 104.505ms
[2026-04-03T02:09:20.749+0600][35.205s][info][gc,marking     ] GC(124) Concurrent Preclean
[2026-04-03T02:09:20.750+0600][35.206s][info][gc,marking     ] GC(124) Concurrent Preclean 0.570ms
[2026-04-03T02:09:20.750+0600][35.206s][info][gc,start       ] GC(124) Pause Remark
[2026-04-03T02:09:20.758+0600][35.214s][info][gc             ] GC(124) Pause Remark 196M->196M(477M) 8.032ms
[2026-04-03T02:09:20.758+0600][35.214s][info][gc,cpu         ] GC(124) User=0.06s Sys=0.00s Real=0.00s
[2026-04-03T02:09:20.758+0600][35.214s][info][gc,marking     ] GC(124) Concurrent Mark 113.892ms
[2026-04-03T02:09:20.758+0600][35.214s][info][gc,marking     ] GC(124) Concurrent Rebuild Remembered Sets and Scrub Regions
[2026-04-03T02:09:20.791+0600][35.247s][info][gc,marking     ] GC(124) Concurrent Rebuild Remembered Sets and Scrub Regions 32.715ms
[2026-04-03T02:09:20.792+0600][35.248s][info][gc,start       ] GC(124) Pause Cleanup
[2026-04-03T02:09:20.792+0600][35.248s][info][gc             ] GC(124) Pause Cleanup 229M->229M(477M) 0.436ms
[2026-04-03T02:09:20.792+0600][35.248s][info][gc,cpu         ] GC(124) User=0.00s Sys=0.00s Real=0.00s
[2026-04-03T02:09:20.793+0600][35.249s][info][gc,marking     ] GC(124) Concurrent Clear Claimed Marks
[2026-04-03T02:09:20.793+0600][35.249s][info][gc,marking     ] GC(124) Concurrent Clear Claimed Marks 0.296ms
[2026-04-03T02:09:20.793+0600][35.249s][info][gc,marking     ] GC(124) Concurrent Cleanup for Next Mark
[2026-04-03T02:09:20.794+0600][35.250s][info][gc,marking     ] GC(124) Concurrent Cleanup for Next Mark 1.293ms
[2026-04-03T02:09:20.794+0600][35.250s][info][gc             ] GC(124) Concurrent Mark Cycle 153.383ms
[2026-04-03T02:09:20.991+0600][35.447s][info][gc,start       ] GC(125) Pause Young (Prepare Mixed) (G1 Evacuation Pause)
[2026-04-03T02:09:20.991+0600][35.447s][info][gc,task        ] GC(125) Using 10 workers of 10 for evacuation
[2026-04-03T02:09:20.998+0600][35.454s][info][gc,phases      ] GC(125)   Pre Evacuate Collection Set: 0.55ms
[2026-04-03T02:09:20.999+0600][35.454s][info][gc,phases      ] GC(125)   Merge Heap Roots: 0.26ms
[2026-04-03T02:09:20.999+0600][35.454s][info][gc,phases      ] GC(125)   Evacuate Collection Set: 5.38ms
[2026-04-03T02:09:20.999+0600][35.454s][info][gc,phases      ] GC(125)   Post Evacuate Collection Set: 0.89ms
[2026-04-03T02:09:20.999+0600][35.454s][info][gc,phases      ] GC(125)   Other: 0.15ms
[2026-04-03T02:09:20.999+0600][35.454s][info][gc,heap        ] GC(125) Eden regions: 212->0(283)
[2026-04-03T02:09:20.999+0600][35.455s][info][gc,heap        ] GC(125) Survivor regions: 9->9(23)
[2026-04-03T02:09:20.999+0600][35.455s][info][gc,heap        ] GC(125) Old regions: 80->81
[2026-04-03T02:09:20.999+0600][35.455s][info][gc,heap        ] GC(125) Humongous regions: 176->8
[2026-04-03T02:09:20.999+0600][35.455s][info][gc,metaspace   ] GC(125) Metaspace: 130252K(132032K)->130252K(132032K) NonClass: 113779K(114688K)->113779K(114688K) Class: 16473K(17344K)->16473K(17344K)
[2026-04-03T02:09:20.999+0600][35.455s][info][gc             ] GC(125) Pause Young (Prepare Mixed) (G1 Evacuation Pause) 475M->95M(487M) 7.572ms
[2026-04-03T02:09:20.999+0600][35.455s][info][gc,cpu         ] GC(125) User=0.05s Sys=0.01s Real=0.00s
[2026-04-03T02:09:21.374+0600][35.830s][info][gc,start       ] GC(126) Pause Young (Mixed) (G1 Evacuation Pause)
[2026-04-03T02:09:21.374+0600][35.830s][info][gc,task        ] GC(126) Using 10 workers of 10 for evacuation
[2026-04-03T02:09:21.381+0600][35.837s][info][gc,phases      ] GC(126)   Pre Evacuate Collection Set: 0.39ms
[2026-04-03T02:09:21.381+0600][35.837s][info][gc,phases      ] GC(126)   Merge Heap Roots: 0.15ms
[2026-04-03T02:09:21.381+0600][35.837s][info][gc,phases      ] GC(126)   Evacuate Collection Set: 3.83ms
[2026-04-03T02:09:21.381+0600][35.837s][info][gc,phases      ] GC(126)   Post Evacuate Collection Set: 2.52ms
[2026-04-03T02:09:21.381+0600][35.837s][info][gc,phases      ] GC(126)   Other: 0.11ms
[2026-04-03T02:09:21.381+0600][35.837s][info][gc,heap        ] GC(126) Eden regions: 233->0(269)
[2026-04-03T02:09:21.381+0600][35.837s][info][gc,heap        ] GC(126) Survivor regions: 9->4(4)
[2026-04-03T02:09:21.381+0600][35.837s][info][gc,heap        ] GC(126) Old regions: 81->191
[2026-04-03T02:09:21.381+0600][35.837s][info][gc,heap        ] GC(126) Humongous regions: 173->8
[2026-04-03T02:09:21.381+0600][35.837s][info][gc,metaspace   ] GC(126) Metaspace: 130270K(132032K)->130270K(132032K) NonClass: 113797K(114688K)->113797K(114688K) Class: 16473K(17344K)->16473K(17344K)
[2026-04-03T02:09:21.381+0600][35.837s][info][gc             ] GC(126) Pause Young (Mixed) (G1 Evacuation Pause) (Evacuation Failure) 493M->201M(500M) 7.331ms
[2026-04-03T02:09:21.381+0600][35.837s][info][gc,cpu         ] GC(126) User=0.05s Sys=0.01s Real=0.01s
[2026-04-03T02:09:21.411+0600][35.866s][info][gc,start       ] GC(127) Pause Young (Concurrent Start) (G1 Humongous Allocation)
[2026-04-03T02:09:21.411+0600][35.867s][info][gc,task        ] GC(127) Using 10 workers of 10 for evacuation
[2026-04-03T02:09:21.414+0600][35.870s][info][gc,phases      ] GC(127)   Pre Evacuate Collection Set: 0.42ms
[2026-04-03T02:09:21.414+0600][35.870s][info][gc,phases      ] GC(127)   Merge Heap Roots: 0.17ms
[2026-04-03T02:09:21.414+0600][35.870s][info][gc,phases      ] GC(127)   Evacuate Collection Set: 1.66ms
[2026-04-03T02:09:21.414+0600][35.870s][info][gc,phases      ] GC(127)   Post Evacuate Collection Set: 0.71ms
[2026-04-03T02:09:21.414+0600][35.870s][info][gc,phases      ] GC(127)   Other: 0.21ms
[2026-04-03T02:09:21.414+0600][35.870s][info][gc,heap        ] GC(127) Eden regions: 11->0(271)
[2026-04-03T02:09:21.414+0600][35.870s][info][gc,heap        ] GC(127) Survivor regions: 4->4(35)
[2026-04-03T02:09:21.414+0600][35.870s][info][gc,heap        ] GC(127) Old regions: 191->192
[2026-04-03T02:09:21.414+0600][35.870s][info][gc,heap        ] GC(127) Humongous regions: 8->8
[2026-04-03T02:09:21.414+0600][35.870s][info][gc,metaspace   ] GC(127) Metaspace: 130271K(132032K)->130271K(132032K) NonClass: 113798K(114688K)->113798K(114688K) Class: 16473K(17344K)->16473K(17344K)
[2026-04-03T02:09:21.414+0600][35.870s][info][gc             ] GC(127) Pause Young (Concurrent Start) (G1 Humongous Allocation) 211M->201M(500M) 3.452ms
[2026-04-03T02:09:21.414+0600][35.870s][info][gc             ] GC(128) Concurrent Mark Cycle
[2026-04-03T02:09:21.414+0600][35.870s][info][gc,marking     ] GC(128) Concurrent Scan Root Regions
[2026-04-03T02:09:21.414+0600][35.870s][info][gc,cpu         ] GC(127) User=0.03s Sys=0.00s Real=0.00s
[2026-04-03T02:09:21.417+0600][35.873s][info][gc,marking     ] GC(128) Concurrent Scan Root Regions 2.750ms
[2026-04-03T02:09:21.417+0600][35.873s][info][gc,marking     ] GC(128) Concurrent Mark
[2026-04-03T02:09:21.417+0600][35.873s][info][gc,marking     ] GC(128) Concurrent Mark From Roots
[2026-04-03T02:09:21.417+0600][35.873s][info][gc,task        ] GC(128) Using 3 workers of 3 for marking
[2026-04-03T02:09:21.520+0600][35.976s][info][gc,marking     ] GC(128) Concurrent Mark From Roots 102.725ms
[2026-04-03T02:09:21.520+0600][35.976s][info][gc,marking     ] GC(128) Concurrent Preclean
[2026-04-03T02:09:21.521+0600][35.977s][info][gc,marking     ] GC(128) Concurrent Preclean 0.808ms
[2026-04-03T02:09:21.521+0600][35.977s][info][gc,start       ] GC(128) Pause Remark
[2026-04-03T02:09:21.531+0600][35.987s][info][gc             ] GC(128) Pause Remark 276M->276M(500M) 9.547ms
[2026-04-03T02:09:21.531+0600][35.987s][info][gc,cpu         ] GC(128) User=0.07s Sys=0.00s Real=0.01s
[2026-04-03T02:09:21.532+0600][35.988s][info][gc,marking     ] GC(128) Concurrent Mark 115.038ms
[2026-04-03T02:09:21.532+0600][35.988s][info][gc,marking     ] GC(128) Concurrent Rebuild Remembered Sets and Scrub Regions
[2026-04-03T02:09:21.572+0600][36.028s][info][gc,marking     ] GC(128) Concurrent Rebuild Remembered Sets and Scrub Regions 39.526ms
[2026-04-03T02:09:21.572+0600][36.028s][info][gc,start       ] GC(128) Pause Cleanup
[2026-04-03T02:09:21.573+0600][36.028s][info][gc             ] GC(128) Pause Cleanup 306M->306M(500M) 0.514ms
[2026-04-03T02:09:21.573+0600][36.029s][info][gc,cpu         ] GC(128) User=0.00s Sys=0.00s Real=0.00s
[2026-04-03T02:09:21.574+0600][36.030s][info][gc,marking     ] GC(128) Concurrent Clear Claimed Marks
[2026-04-03T02:09:21.574+0600][36.030s][info][gc,marking     ] GC(128) Concurrent Clear Claimed Marks 0.359ms
[2026-04-03T02:09:21.574+0600][36.030s][info][gc,marking     ] GC(128) Concurrent Cleanup for Next Mark
[2026-04-03T02:09:21.576+0600][36.032s][info][gc,marking     ] GC(128) Concurrent Cleanup for Next Mark 1.855ms
[2026-04-03T02:09:21.576+0600][36.032s][info][gc             ] GC(128) Concurrent Mark Cycle 162.356ms
[2026-04-03T02:09:21.735+0600][36.191s][info][gc,start       ] GC(129) Pause Young (Prepare Mixed) (G1 Humongous Allocation)
[2026-04-03T02:09:21.735+0600][36.191s][info][gc,task        ] GC(129) Using 10 workers of 10 for evacuation
[2026-04-03T02:09:21.744+0600][36.200s][info][gc,phases      ] GC(129)   Pre Evacuate Collection Set: 0.56ms
[2026-04-03T02:09:21.745+0600][36.200s][info][gc,phases      ] GC(129)   Merge Heap Roots: 0.33ms
[2026-04-03T02:09:21.745+0600][36.200s][info][gc,phases      ] GC(129)   Evacuate Collection Set: 5.60ms
[2026-04-03T02:09:21.745+0600][36.200s][info][gc,phases      ] GC(129)   Post Evacuate Collection Set: 2.38ms
[2026-04-03T02:09:21.745+0600][36.200s][info][gc,phases      ] GC(129)   Other: 0.16ms
[2026-04-03T02:09:21.745+0600][36.200s][info][gc,heap        ] GC(129) Eden regions: 222->0(211)
[2026-04-03T02:09:21.745+0600][36.201s][info][gc,heap        ] GC(129) Survivor regions: 4->3(3)
[2026-04-03T02:09:21.745+0600][36.201s][info][gc,heap        ] GC(129) Old regions: 192->251
[2026-04-03T02:09:21.745+0600][36.201s][info][gc,heap        ] GC(129) Humongous regions: 79->10
[2026-04-03T02:09:21.745+0600][36.201s][info][gc,metaspace   ] GC(129) Metaspace: 130281K(132032K)->130281K(132032K) NonClass: 113808K(114688K)->113808K(114688K) Class: 16473K(17344K)->16473K(17344K)
[2026-04-03T02:09:21.745+0600][36.201s][info][gc             ] GC(129) Pause Young (Prepare Mixed) (G1 Humongous Allocation) (Evacuation Failure) 493M->261M(500M) 9.458ms
[2026-04-03T02:09:21.745+0600][36.201s][info][gc,cpu         ] GC(129) User=0.09s Sys=0.00s Real=0.01s
[2026-04-03T02:09:21.876+0600][36.332s][info][gc,start       ] GC(130) Pause Young (Mixed) (G1 Humongous Allocation)
[2026-04-03T02:09:21.876+0600][36.332s][info][gc,task        ] GC(130) Using 10 workers of 10 for evacuation
[2026-04-03T02:09:21.881+0600][36.336s][info][gc,phases      ] GC(130)   Pre Evacuate Collection Set: 0.50ms
[2026-04-03T02:09:21.881+0600][36.336s][info][gc,phases      ] GC(130)   Merge Heap Roots: 0.28ms
[2026-04-03T02:09:21.881+0600][36.337s][info][gc,phases      ] GC(130)   Evacuate Collection Set: 2.57ms
[2026-04-03T02:09:21.881+0600][36.337s][info][gc,phases      ] GC(130)   Post Evacuate Collection Set: 0.94ms
[2026-04-03T02:09:21.881+0600][36.337s][info][gc,phases      ] GC(130)   Other: 0.13ms
[2026-04-03T02:09:21.881+0600][36.337s][info][gc,heap        ] GC(130) Eden regions: 62->0(255)
[2026-04-03T02:09:21.881+0600][36.337s][info][gc,heap        ] GC(130) Survivor regions: 3->6(27)
[2026-04-03T02:09:21.881+0600][36.337s][info][gc,heap        ] GC(130) Old regions: 251->202
[2026-04-03T02:09:21.881+0600][36.337s][info][gc,heap        ] GC(130) Humongous regions: 127->12
[2026-04-03T02:09:21.881+0600][36.337s][info][gc,metaspace   ] GC(130) Metaspace: 130288K(132032K)->130288K(132032K) NonClass: 113815K(114688K)->113815K(114688K) Class: 16473K(17344K)->16473K(17344K)
[2026-04-03T02:09:21.881+0600][36.337s][info][gc             ] GC(130) Pause Young (Mixed) (G1 Humongous Allocation) 439M->216M(500M) 4.840ms
[2026-04-03T02:09:21.881+0600][36.337s][info][gc,cpu         ] GC(130) User=0.04s Sys=0.00s Real=0.01s
[2026-04-03T02:09:21.898+0600][36.354s][info][gc,start       ] GC(131) Pause Young (Mixed) (G1 Humongous Allocation)
[2026-04-03T02:09:21.898+0600][36.354s][info][gc,task        ] GC(131) Using 10 workers of 10 for evacuation
[2026-04-03T02:09:21.902+0600][36.358s][info][gc,phases      ] GC(131)   Pre Evacuate Collection Set: 0.48ms
[2026-04-03T02:09:21.902+0600][36.358s][info][gc,phases      ] GC(131)   Merge Heap Roots: 0.21ms
[2026-04-03T02:09:21.902+0600][36.358s][info][gc,phases      ] GC(131)   Evacuate Collection Set: 2.71ms
[2026-04-03T02:09:21.902+0600][36.358s][info][gc,phases      ] GC(131)   Post Evacuate Collection Set: 0.75ms
[2026-04-03T02:09:21.902+0600][36.358s][info][gc,phases      ] GC(131)   Other: 0.13ms
[2026-04-03T02:09:21.902+0600][36.358s][info][gc,heap        ] GC(131) Eden regions: 14->0(274)
[2026-04-03T02:09:21.902+0600][36.358s][info][gc,heap        ] GC(131) Survivor regions: 6->7(33)
[2026-04-03T02:09:21.902+0600][36.358s][info][gc,heap        ] GC(131) Old regions: 202->167
[2026-04-03T02:09:21.902+0600][36.358s][info][gc,heap        ] GC(131) Humongous regions: 192->27
[2026-04-03T02:09:21.902+0600][36.358s][info][gc,metaspace   ] GC(131) Metaspace: 130288K(132032K)->130288K(132032K) NonClass: 113815K(114688K)->113815K(114688K) Class: 16473K(17344K)->16473K(17344K)
[2026-04-03T02:09:21.903+0600][36.358s][info][gc             ] GC(131) Pause Young (Mixed) (G1 Humongous Allocation) 410M->197M(500M) 4.622ms
[2026-04-03T02:09:21.903+0600][36.359s][info][gc,cpu         ] GC(131) User=0.04s Sys=0.01s Real=0.01s
[2026-04-03T02:09:21.904+0600][36.360s][info][gc,start       ] GC(132) Pause Young (Concurrent Start) (G1 Humongous Allocation)
[2026-04-03T02:09:21.905+0600][36.360s][info][gc,task        ] GC(132) Using 10 workers of 10 for evacuation
[2026-04-03T02:09:21.908+0600][36.364s][info][gc,phases      ] GC(132)   Pre Evacuate Collection Set: 0.41ms
[2026-04-03T02:09:21.909+0600][36.364s][info][gc,phases      ] GC(132)   Merge Heap Roots: 0.16ms
[2026-04-03T02:09:21.909+0600][36.364s][info][gc,phases      ] GC(132)   Evacuate Collection Set: 2.43ms
[2026-04-03T02:09:21.909+0600][36.364s][info][gc,phases      ] GC(132)   Post Evacuate Collection Set: 0.71ms
[2026-04-03T02:09:21.909+0600][36.364s][info][gc,phases      ] GC(132)   Other: 0.19ms
[2026-04-03T02:09:21.909+0600][36.364s][info][gc,heap        ] GC(132) Eden regions: 2->0(289)
[2026-04-03T02:09:21.909+0600][36.364s][info][gc,heap        ] GC(132) Survivor regions: 7->7(36)
[2026-04-03T02:09:21.909+0600][36.364s][info][gc,heap        ] GC(132) Old regions: 167->167
[2026-04-03T02:09:21.909+0600][36.365s][info][gc,heap        ] GC(132) Humongous regions: 32->12
[2026-04-03T02:09:21.909+0600][36.365s][info][gc,metaspace   ] GC(132) Metaspace: 130288K(132032K)->130288K(132032K) NonClass: 113815K(114688K)->113815K(114688K) Class: 16473K(17344K)->16473K(17344K)
[2026-04-03T02:09:21.909+0600][36.365s][info][gc             ] GC(132) Pause Young (Concurrent Start) (G1 Humongous Allocation) 204M->182M(500M) 4.238ms
[2026-04-03T02:09:21.909+0600][36.365s][info][gc             ] GC(133) Concurrent Mark Cycle
[2026-04-03T02:09:21.909+0600][36.365s][info][gc,cpu         ] GC(132) User=0.03s Sys=0.00s Real=0.00s
[2026-04-03T02:09:21.909+0600][36.365s][info][gc,marking     ] GC(133) Concurrent Scan Root Regions
[2026-04-03T02:09:21.914+0600][36.370s][info][gc,marking     ] GC(133) Concurrent Scan Root Regions 4.875ms
[2026-04-03T02:09:21.914+0600][36.370s][info][gc,marking     ] GC(133) Concurrent Mark
[2026-04-03T02:09:21.914+0600][36.370s][info][gc,marking     ] GC(133) Concurrent Mark From Roots
[2026-04-03T02:09:21.914+0600][36.370s][info][gc,task        ] GC(133) Using 3 workers of 3 for marking
[2026-04-03T02:09:22.027+0600][36.483s][info][gc,marking     ] GC(133) Concurrent Mark From Roots 113.222ms
[2026-04-03T02:09:22.027+0600][36.483s][info][gc,marking     ] GC(133) Concurrent Preclean
[2026-04-03T02:09:22.028+0600][36.483s][info][gc,marking     ] GC(133) Concurrent Preclean 0.341ms
[2026-04-03T02:09:22.028+0600][36.484s][info][gc,start       ] GC(133) Pause Remark
[2026-04-03T02:09:22.038+0600][36.494s][info][gc             ] GC(133) Pause Remark 320M->297M(500M) 9.774ms
[2026-04-03T02:09:22.038+0600][36.494s][info][gc,cpu         ] GC(133) User=0.08s Sys=0.00s Real=0.01s
[2026-04-03T02:09:22.038+0600][36.494s][info][gc,marking     ] GC(133) Concurrent Mark 124.341ms
[2026-04-03T02:09:22.038+0600][36.494s][info][gc,marking     ] GC(133) Concurrent Rebuild Remembered Sets and Scrub Regions
[2026-04-03T02:09:22.058+0600][36.514s][info][gc,start       ] GC(134) Pause Young (Normal) (G1 Humongous Allocation)
[2026-04-03T02:09:22.058+0600][36.514s][info][gc,task        ] GC(134) Using 10 workers of 10 for evacuation
[2026-04-03T02:09:22.063+0600][36.519s][info][gc,phases      ] GC(134)   Pre Evacuate Collection Set: 0.42ms
[2026-04-03T02:09:22.064+0600][36.519s][info][gc,phases      ] GC(134)   Merge Heap Roots: 0.22ms
[2026-04-03T02:09:22.064+0600][36.519s][info][gc,phases      ] GC(134)   Evacuate Collection Set: 3.09ms
[2026-04-03T02:09:22.064+0600][36.519s][info][gc,phases      ] GC(134)   Post Evacuate Collection Set: 1.43ms
[2026-04-03T02:09:22.064+0600][36.519s][info][gc,phases      ] GC(134)   Other: 0.13ms
[2026-04-03T02:09:22.064+0600][36.519s][info][gc,heap        ] GC(134) Eden regions: 54->0(293)
[2026-04-03T02:09:22.064+0600][36.520s][info][gc,heap        ] GC(134) Survivor regions: 7->7(37)
[2026-04-03T02:09:22.064+0600][36.520s][info][gc,heap        ] GC(134) Old regions: 144->144
[2026-04-03T02:09:22.064+0600][36.520s][info][gc,heap        ] GC(134) Humongous regions: 231->17
[2026-04-03T02:09:22.064+0600][36.520s][info][gc,metaspace   ] GC(134) Metaspace: 130311K(132032K)->130311K(132032K) NonClass: 113837K(114688K)->113837K(114688K) Class: 16474K(17344K)->16474K(17344K)
[2026-04-03T02:09:22.064+0600][36.520s][info][gc             ] GC(134) Pause Young (Normal) (G1 Humongous Allocation) 432M->165M(500M) 5.794ms
[2026-04-03T02:09:22.064+0600][36.520s][info][gc,cpu         ] GC(134) User=0.04s Sys=0.00s Real=0.01s
[2026-04-03T02:09:22.094+0600][36.550s][info][gc,marking     ] GC(133) Concurrent Rebuild Remembered Sets and Scrub Regions 55.732ms
[2026-04-03T02:09:22.094+0600][36.550s][info][gc,start       ] GC(133) Pause Cleanup
[2026-04-03T02:09:22.095+0600][36.551s][info][gc             ] GC(133) Pause Cleanup 380M->380M(500M) 0.512ms
[2026-04-03T02:09:22.095+0600][36.551s][info][gc,cpu         ] GC(133) User=0.00s Sys=0.00s Real=0.00s
[2026-04-03T02:09:22.095+0600][36.551s][info][gc,marking     ] GC(133) Concurrent Clear Claimed Marks
[2026-04-03T02:09:22.096+0600][36.552s][info][gc,marking     ] GC(133) Concurrent Clear Claimed Marks 0.414ms
[2026-04-03T02:09:22.096+0600][36.552s][info][gc,marking     ] GC(133) Concurrent Cleanup for Next Mark
[2026-04-03T02:09:22.097+0600][36.553s][info][gc,marking     ] GC(133) Concurrent Cleanup for Next Mark 1.224ms
[2026-04-03T02:09:22.097+0600][36.553s][info][gc             ] GC(133) Concurrent Mark Cycle 188.335ms
[2026-04-03T02:09:22.186+0600][36.642s][info][gc,start       ] GC(135) Pause Young (Prepare Mixed) (G1 Humongous Allocation)
[2026-04-03T02:09:22.186+0600][36.642s][info][gc,task        ] GC(135) Using 10 workers of 10 for evacuation
[2026-04-03T02:09:22.189+0600][36.645s][info][gc,phases      ] GC(135)   Pre Evacuate Collection Set: 0.44ms
[2026-04-03T02:09:22.190+0600][36.645s][info][gc,phases      ] GC(135)   Merge Heap Roots: 0.33ms
[2026-04-03T02:09:22.190+0600][36.645s][info][gc,phases      ] GC(135)   Evacuate Collection Set: 1.69ms
[2026-04-03T02:09:22.190+0600][36.645s][info][gc,phases      ] GC(135)   Post Evacuate Collection Set: 0.87ms
[2026-04-03T02:09:22.190+0600][36.645s][info][gc,phases      ] GC(135)   Other: 0.10ms
[2026-04-03T02:09:22.190+0600][36.645s][info][gc,heap        ] GC(135) Eden regions: 73->0(295)
[2026-04-03T02:09:22.190+0600][36.645s][info][gc,heap        ] GC(135) Survivor regions: 7->5(35)
[2026-04-03T02:09:22.190+0600][36.645s][info][gc,heap        ] GC(135) Old regions: 144->144
[2026-04-03T02:09:22.190+0600][36.645s][info][gc,heap        ] GC(135) Humongous regions: 241->12
[2026-04-03T02:09:22.190+0600][36.645s][info][gc,metaspace   ] GC(135) Metaspace: 130328K(132032K)->130328K(132032K) NonClass: 113854K(114688K)->113854K(114688K) Class: 16474K(17344K)->16474K(17344K)
[2026-04-03T02:09:22.190+0600][36.646s][info][gc             ] GC(135) Pause Young (Prepare Mixed) (G1 Humongous Allocation) 461M->157M(500M) 3.715ms
[2026-04-03T02:09:22.190+0600][36.646s][info][gc,cpu         ] GC(135) User=0.03s Sys=0.00s Real=0.01s
[2026-04-03T02:09:22.615+0600][37.071s][info][gc,start       ] GC(136) Pause Young (Mixed) (G1 Humongous Allocation)
[2026-04-03T02:09:22.615+0600][37.071s][info][gc,task        ] GC(136) Using 10 workers of 10 for evacuation
[2026-04-03T02:09:22.619+0600][37.075s][info][gc,phases      ] GC(136)   Pre Evacuate Collection Set: 0.49ms
[2026-04-03T02:09:22.619+0600][37.075s][info][gc,phases      ] GC(136)   Merge Heap Roots: 0.25ms
[2026-04-03T02:09:22.619+0600][37.075s][info][gc,phases      ] GC(136)   Evacuate Collection Set: 2.26ms
[2026-04-03T02:09:22.619+0600][37.075s][info][gc,phases      ] GC(136)   Post Evacuate Collection Set: 0.84ms
[2026-04-03T02:09:22.619+0600][37.075s][info][gc,phases      ] GC(136)   Other: 0.11ms
[2026-04-03T02:09:22.619+0600][37.075s][info][gc,heap        ] GC(136) Eden regions: 213->0(294)
[2026-04-03T02:09:22.619+0600][37.075s][info][gc,heap        ] GC(136) Survivor regions: 5->6(32)
[2026-04-03T02:09:22.619+0600][37.075s][info][gc,heap        ] GC(136) Old regions: 144->109
[2026-04-03T02:09:22.619+0600][37.075s][info][gc,heap        ] GC(136) Humongous regions: 106->12
[2026-04-03T02:09:22.619+0600][37.075s][info][gc,metaspace   ] GC(136) Metaspace: 130368K(132096K)->130368K(132096K) NonClass: 113893K(114752K)->113893K(114752K) Class: 16475K(17344K)->16475K(17344K)
[2026-04-03T02:09:22.619+0600][37.075s][info][gc             ] GC(136) Pause Young (Mixed) (G1 Humongous Allocation) 464M->124M(500M) 4.278ms
[2026-04-03T02:09:22.620+0600][37.075s][info][gc,cpu         ] GC(136) User=0.03s Sys=0.00s Real=0.00s
[2026-04-03T02:09:22.641+0600][37.097s][info][gc,start       ] GC(137) Pause Young (Concurrent Start) (G1 Humongous Allocation)
[2026-04-03T02:09:22.642+0600][37.098s][info][gc,task        ] GC(137) Using 10 workers of 10 for evacuation
[2026-04-03T02:09:22.646+0600][37.102s][info][gc,phases      ] GC(137)   Pre Evacuate Collection Set: 0.73ms
[2026-04-03T02:09:22.646+0600][37.102s][info][gc,phases      ] GC(137)   Merge Heap Roots: 0.15ms
[2026-04-03T02:09:22.646+0600][37.102s][info][gc,phases      ] GC(137)   Evacuate Collection Set: 2.90ms
[2026-04-03T02:09:22.646+0600][37.102s][info][gc,phases      ] GC(137)   Post Evacuate Collection Set: 0.65ms
[2026-04-03T02:09:22.646+0600][37.102s][info][gc,phases      ] GC(137)   Other: 0.17ms
[2026-04-03T02:09:22.646+0600][37.102s][info][gc,heap        ] GC(137) Eden regions: 25->0(292)
[2026-04-03T02:09:22.646+0600][37.102s][info][gc,heap        ] GC(137) Survivor regions: 6->8(38)
[2026-04-03T02:09:22.646+0600][37.102s][info][gc,heap        ] GC(137) Old regions: 109->109
[2026-04-03T02:09:22.646+0600][37.102s][info][gc,heap        ] GC(137) Humongous regions: 17->12
[2026-04-03T02:09:22.646+0600][37.102s][info][gc,metaspace   ] GC(137) Metaspace: 130368K(132096K)->130368K(132096K) NonClass: 113893K(114752K)->113893K(114752K) Class: 16475K(17344K)->16475K(17344K)
[2026-04-03T02:09:22.646+0600][37.102s][info][gc             ] GC(137) Pause Young (Concurrent Start) (G1 Humongous Allocation) 154M->126M(500M) 4.966ms
[2026-04-03T02:09:22.647+0600][37.102s][info][gc,cpu         ] GC(137) User=0.04s Sys=0.00s Real=0.00s
[2026-04-03T02:09:22.647+0600][37.103s][info][gc             ] GC(138) Concurrent Mark Cycle
[2026-04-03T02:09:22.647+0600][37.103s][info][gc,marking     ] GC(138) Concurrent Scan Root Regions
[2026-04-03T02:09:22.650+0600][37.106s][info][gc,marking     ] GC(138) Concurrent Scan Root Regions 3.603ms
[2026-04-03T02:09:22.650+0600][37.106s][info][gc,marking     ] GC(138) Concurrent Mark
[2026-04-03T02:09:22.650+0600][37.106s][info][gc,marking     ] GC(138) Concurrent Mark From Roots
[2026-04-03T02:09:22.650+0600][37.106s][info][gc,task        ] GC(138) Using 3 workers of 3 for marking
[2026-04-03T02:09:22.761+0600][37.217s][info][gc,marking     ] GC(138) Concurrent Mark From Roots 110.975ms
[2026-04-03T02:09:22.762+0600][37.217s][info][gc,marking     ] GC(138) Concurrent Preclean
[2026-04-03T02:09:22.762+0600][37.218s][info][gc,marking     ] GC(138) Concurrent Preclean 0.521ms
[2026-04-03T02:09:22.762+0600][37.218s][info][gc,start       ] GC(138) Pause Remark
[2026-04-03T02:09:22.772+0600][37.228s][info][gc             ] GC(138) Pause Remark 224M->215M(500M) 9.494ms
[2026-04-03T02:09:22.772+0600][37.228s][info][gc,cpu         ] GC(138) User=0.06s Sys=0.01s Real=0.01s
[2026-04-03T02:09:22.772+0600][37.228s][info][gc,marking     ] GC(138) Concurrent Mark 121.809ms
[2026-04-03T02:09:22.772+0600][37.228s][info][gc,marking     ] GC(138) Concurrent Rebuild Remembered Sets and Scrub Regions
[2026-04-03T02:09:22.816+0600][37.272s][info][gc,marking     ] GC(138) Concurrent Rebuild Remembered Sets and Scrub Regions 43.613ms
[2026-04-03T02:09:22.816+0600][37.272s][info][gc,start       ] GC(138) Pause Cleanup
[2026-04-03T02:09:22.817+0600][37.273s][info][gc             ] GC(138) Pause Cleanup 249M->249M(500M) 0.376ms
[2026-04-03T02:09:22.817+0600][37.273s][info][gc,cpu         ] GC(138) User=0.01s Sys=0.00s Real=0.00s
[2026-04-03T02:09:22.817+0600][37.273s][info][gc,marking     ] GC(138) Concurrent Clear Claimed Marks
[2026-04-03T02:09:22.817+0600][37.273s][info][gc,marking     ] GC(138) Concurrent Clear Claimed Marks 0.380ms
[2026-04-03T02:09:22.817+0600][37.273s][info][gc,marking     ] GC(138) Concurrent Cleanup for Next Mark
[2026-04-03T02:09:22.818+0600][37.274s][info][gc,marking     ] GC(138) Concurrent Cleanup for Next Mark 0.908ms
[2026-04-03T02:09:22.818+0600][37.274s][info][gc             ] GC(138) Concurrent Mark Cycle 171.745ms
[2026-04-03T02:09:23.007+0600][37.463s][info][gc,start       ] GC(139) Pause Young (Prepare Mixed) (GCLocker Initiated GC)
[2026-04-03T02:09:23.007+0600][37.463s][info][gc,task        ] GC(139) Using 10 workers of 10 for evacuation
[2026-04-03T02:09:23.014+0600][37.470s][info][gc,phases      ] GC(139)   Pre Evacuate Collection Set: 0.43ms
[2026-04-03T02:09:23.014+0600][37.470s][info][gc,phases      ] GC(139)   Merge Heap Roots: 0.34ms
[2026-04-03T02:09:23.014+0600][37.470s][info][gc,phases      ] GC(139)   Evacuate Collection Set: 3.75ms
[2026-04-03T02:09:23.014+0600][37.470s][info][gc,phases      ] GC(139)   Post Evacuate Collection Set: 2.06ms
[2026-04-03T02:09:23.014+0600][37.470s][info][gc,phases      ] GC(139)   Other: 0.13ms
[2026-04-03T02:09:23.014+0600][37.470s][info][gc,heap        ] GC(139) Eden regions: 207->0(293)
[2026-04-03T02:09:23.014+0600][37.470s][info][gc,heap        ] GC(139) Survivor regions: 8->3(3)
[2026-04-03T02:09:23.014+0600][37.470s][info][gc,heap        ] GC(139) Old regions: 100->160
[2026-04-03T02:09:23.014+0600][37.470s][info][gc,heap        ] GC(139) Humongous regions: 182->12
[2026-04-03T02:09:23.014+0600][37.470s][info][gc,metaspace   ] GC(139) Metaspace: 130377K(132096K)->130377K(132096K) NonClass: 113901K(114752K)->113901K(114752K) Class: 16476K(17344K)->16476K(17344K)
[2026-04-03T02:09:23.014+0600][37.470s][info][gc             ] GC(139) Pause Young (Prepare Mixed) (GCLocker Initiated GC) (Evacuation Failure) 494M->173M(500M) 7.052ms
[2026-04-03T02:09:23.014+0600][37.470s][info][gc,cpu         ] GC(139) User=0.07s Sys=0.00s Real=0.01s
[2026-04-03T02:09:23.276+0600][37.731s][info][gc,start       ] GC(140) Pause Young (Mixed) (G1 Evacuation Pause)
[2026-04-03T02:09:23.276+0600][37.731s][info][gc,task        ] GC(140) Using 10 workers of 10 for evacuation
[2026-04-03T02:09:23.284+0600][37.740s][info][gc,phases      ] GC(140)   Pre Evacuate Collection Set: 0.59ms
[2026-04-03T02:09:23.284+0600][37.740s][info][gc,phases      ] GC(140)   Merge Heap Roots: 0.25ms
[2026-04-03T02:09:23.284+0600][37.740s][info][gc,phases      ] GC(140)   Evacuate Collection Set: 4.35ms
[2026-04-03T02:09:23.284+0600][37.740s][info][gc,phases      ] GC(140)   Post Evacuate Collection Set: 2.77ms
[2026-04-03T02:09:23.284+0600][37.740s][info][gc,phases      ] GC(140)   Other: 0.14ms
[2026-04-03T02:09:23.284+0600][37.740s][info][gc,heap        ] GC(140) Eden regions: 180->0(215)
[2026-04-03T02:09:23.284+0600][37.740s][info][gc,heap        ] GC(140) Survivor regions: 3->0(0)
[2026-04-03T02:09:23.284+0600][37.740s][info][gc,heap        ] GC(140) Old regions: 160->246
[2026-04-03T02:09:23.284+0600][37.740s][info][gc,heap        ] GC(140) Humongous regions: 157->14
[2026-04-03T02:09:23.284+0600][37.740s][info][gc,metaspace   ] GC(140) Metaspace: 130399K(132096K)->130399K(132096K) NonClass: 113923K(114752K)->113923K(114752K) Class: 16476K(17344K)->16476K(17344K)
[2026-04-03T02:09:23.284+0600][37.740s][info][gc             ] GC(140) Pause Young (Mixed) (G1 Evacuation Pause) (Evacuation Failure) 498M->258M(500M) 8.424ms
[2026-04-03T02:09:23.284+0600][37.740s][info][gc,cpu         ] GC(140) User=0.08s Sys=0.00s Real=0.01s
[2026-04-03T02:09:23.304+0600][37.760s][info][gc,start       ] GC(141) Pause Young (Concurrent Start) (GCLocker Initiated GC)
[2026-04-03T02:09:23.304+0600][37.760s][info][gc,task        ] GC(141) Using 10 workers of 10 for evacuation
[2026-04-03T02:09:23.308+0600][37.764s][info][gc,phases      ] GC(141)   Pre Evacuate Collection Set: 0.58ms
[2026-04-03T02:09:23.308+0600][37.764s][info][gc,phases      ] GC(141)   Merge Heap Roots: 0.16ms
[2026-04-03T02:09:23.308+0600][37.764s][info][gc,phases      ] GC(141)   Evacuate Collection Set: 1.98ms
[2026-04-03T02:09:23.308+0600][37.764s][info][gc,phases      ] GC(141)   Post Evacuate Collection Set: 0.58ms
[2026-04-03T02:09:23.308+0600][37.764s][info][gc,phases      ] GC(141)   Other: 0.27ms
[2026-04-03T02:09:23.308+0600][37.764s][info][gc,heap        ] GC(141) Eden regions: 15->0(213)
[2026-04-03T02:09:23.308+0600][37.764s][info][gc,heap        ] GC(141) Survivor regions: 0->2(27)
[2026-04-03T02:09:23.308+0600][37.764s][info][gc,heap        ] GC(141) Old regions: 246->246
[2026-04-03T02:09:23.308+0600][37.764s][info][gc,heap        ] GC(141) Humongous regions: 14->14
[2026-04-03T02:09:23.308+0600][37.764s][info][gc,metaspace   ] GC(141) Metaspace: 130401K(132096K)->130401K(132096K) NonClass: 113925K(114752K)->113925K(114752K) Class: 16476K(17344K)->16476K(17344K)
[2026-04-03T02:09:23.308+0600][37.764s][info][gc             ] GC(141) Pause Young (Concurrent Start) (GCLocker Initiated GC) 272M->260M(500M) 3.943ms
[2026-04-03T02:09:23.308+0600][37.764s][info][gc             ] GC(142) Concurrent Mark Cycle
[2026-04-03T02:09:23.308+0600][37.764s][info][gc,cpu         ] GC(141) User=0.02s Sys=0.00s Real=0.00s
[2026-04-03T02:09:23.308+0600][37.764s][info][gc,marking     ] GC(142) Concurrent Scan Root Regions
[2026-04-03T02:09:23.310+0600][37.766s][info][gc,marking     ] GC(142) Concurrent Scan Root Regions 2.008ms
[2026-04-03T02:09:23.310+0600][37.766s][info][gc,marking     ] GC(142) Concurrent Mark
[2026-04-03T02:09:23.310+0600][37.766s][info][gc,marking     ] GC(142) Concurrent Mark From Roots
[2026-04-03T02:09:23.310+0600][37.766s][info][gc,task        ] GC(142) Using 3 workers of 3 for marking
[2026-04-03T02:09:23.428+0600][37.884s][info][gc,marking     ] GC(142) Concurrent Mark From Roots 118.286ms
[2026-04-03T02:09:23.429+0600][37.884s][info][gc,marking     ] GC(142) Concurrent Preclean
[2026-04-03T02:09:23.429+0600][37.885s][info][gc,marking     ] GC(142) Concurrent Preclean 0.467ms
[2026-04-03T02:09:23.429+0600][37.885s][info][gc,start       ] GC(142) Pause Remark
[2026-04-03T02:09:23.438+0600][37.894s][info][gc             ] GC(142) Pause Remark 381M->345M(500M) 8.777ms
[2026-04-03T02:09:23.438+0600][37.894s][info][gc,cpu         ] GC(142) User=0.07s Sys=0.01s Real=0.01s
[2026-04-03T02:09:23.438+0600][37.894s][info][gc,marking     ] GC(142) Concurrent Mark 128.215ms
[2026-04-03T02:09:23.438+0600][37.894s][info][gc,marking     ] GC(142) Concurrent Rebuild Remembered Sets and Scrub Regions
[2026-04-03T02:09:23.485+0600][37.941s][info][gc,marking     ] GC(142) Concurrent Rebuild Remembered Sets and Scrub Regions 46.367ms
[2026-04-03T02:09:23.485+0600][37.941s][info][gc,start       ] GC(142) Pause Cleanup
[2026-04-03T02:09:23.486+0600][37.942s][info][gc             ] GC(142) Pause Cleanup 372M->372M(500M) 0.558ms
[2026-04-03T02:09:23.486+0600][37.942s][info][gc,cpu         ] GC(142) User=0.00s Sys=0.00s Real=0.00s
[2026-04-03T02:09:23.486+0600][37.942s][info][gc,marking     ] GC(142) Concurrent Clear Claimed Marks
[2026-04-03T02:09:23.487+0600][37.943s][info][gc,marking     ] GC(142) Concurrent Clear Claimed Marks 0.427ms
[2026-04-03T02:09:23.487+0600][37.943s][info][gc,marking     ] GC(142) Concurrent Cleanup for Next Mark
[2026-04-03T02:09:23.488+0600][37.944s][info][gc,marking     ] GC(142) Concurrent Cleanup for Next Mark 1.218ms
[2026-04-03T02:09:23.488+0600][37.944s][info][gc             ] GC(142) Concurrent Mark Cycle 180.139ms
[2026-04-03T02:09:23.653+0600][38.109s][info][gc,start       ] GC(143) Pause Young (Prepare Mixed) (G1 Evacuation Pause)
[2026-04-03T02:09:23.653+0600][38.109s][info][gc,task        ] GC(143) Using 10 workers of 10 for evacuation
[2026-04-03T02:09:23.657+0600][38.113s][info][gc,phases      ] GC(143)   Pre Evacuate Collection Set: 0.34ms
[2026-04-03T02:09:23.657+0600][38.113s][info][gc,phases      ] GC(143)   Merge Heap Roots: 0.16ms
[2026-04-03T02:09:23.657+0600][38.113s][info][gc,phases      ] GC(143)   Evacuate Collection Set: 1.51ms
[2026-04-03T02:09:23.657+0600][38.113s][info][gc,phases      ] GC(143)   Post Evacuate Collection Set: 1.45ms
[2026-04-03T02:09:23.657+0600][38.113s][info][gc,phases      ] GC(143)   Other: 0.08ms
[2026-04-03T02:09:23.657+0600][38.113s][info][gc,heap        ] GC(143) Eden regions: 143->0(161)
[2026-04-03T02:09:23.657+0600][38.113s][info][gc,heap        ] GC(143) Survivor regions: 2->0(0)
[2026-04-03T02:09:23.657+0600][38.113s][info][gc,heap        ] GC(143) Old regions: 216->306
[2026-04-03T02:09:23.657+0600][38.113s][info][gc,heap        ] GC(143) Humongous regions: 139->8
[2026-04-03T02:09:23.657+0600][38.113s][info][gc,metaspace   ] GC(143) Metaspace: 130433K(132096K)->130433K(132096K) NonClass: 113956K(114752K)->113956K(114752K) Class: 16476K(17344K)->16476K(17344K)
[2026-04-03T02:09:23.657+0600][38.113s][info][gc             ] GC(143) Pause Young (Prepare Mixed) (G1 Evacuation Pause) (Evacuation Failure) 498M->312M(500M) 3.765ms
[2026-04-03T02:09:23.657+0600][38.113s][info][gc,cpu         ] GC(143) User=0.03s Sys=0.00s Real=0.00s
[2026-04-03T02:09:23.923+0600][38.379s][info][gc,start       ] GC(144) Pause Young (Mixed) (G1 Evacuation Pause)
[2026-04-03T02:09:23.923+0600][38.379s][info][gc,task        ] GC(144) Using 10 workers of 10 for evacuation
[2026-04-03T02:09:23.926+0600][38.382s][info][gc,phases      ] GC(144)   Pre Evacuate Collection Set: 0.37ms
[2026-04-03T02:09:23.926+0600][38.382s][info][gc,phases      ] GC(144)   Merge Heap Roots: 0.19ms
[2026-04-03T02:09:23.926+0600][38.382s][info][gc,phases      ] GC(144)   Evacuate Collection Set: 1.65ms
[2026-04-03T02:09:23.926+0600][38.382s][info][gc,phases      ] GC(144)   Post Evacuate Collection Set: 0.68ms
[2026-04-03T02:09:23.926+0600][38.382s][info][gc,phases      ] GC(144)   Other: 0.10ms
[2026-04-03T02:09:23.926+0600][38.382s][info][gc,heap        ] GC(144) Eden regions: 161->0(205)
[2026-04-03T02:09:23.926+0600][38.382s][info][gc,heap        ] GC(144) Survivor regions: 0->5(18)
[2026-04-03T02:09:23.926+0600][38.382s][info][gc,heap        ] GC(144) Old regions: 306->257
[2026-04-03T02:09:23.926+0600][38.382s][info][gc,heap        ] GC(144) Humongous regions: 15->8
[2026-04-03T02:09:23.926+0600][38.382s][info][gc,metaspace   ] GC(144) Metaspace: 130436K(132096K)->130436K(132096K) NonClass: 113960K(114752K)->113960K(114752K) Class: 16476K(17344K)->16476K(17344K)
[2026-04-03T02:09:23.926+0600][38.382s][info][gc             ] GC(144) Pause Young (Mixed) (G1 Evacuation Pause) 480M->267M(500M) 3.248ms
[2026-04-03T02:09:23.926+0600][38.382s][info][gc,cpu         ] GC(144) User=0.03s Sys=0.00s Real=0.00s
[2026-04-03T02:09:24.084+0600][38.540s][info][gc,start       ] GC(145) Pause Young (Mixed) (GCLocker Initiated GC)
[2026-04-03T02:09:24.084+0600][38.540s][info][gc,task        ] GC(145) Using 10 workers of 10 for evacuation
[2026-04-03T02:09:24.090+0600][38.546s][info][gc,phases      ] GC(145)   Pre Evacuate Collection Set: 0.56ms
[2026-04-03T02:09:24.090+0600][38.546s][info][gc,phases      ] GC(145)   Merge Heap Roots: 0.32ms
[2026-04-03T02:09:24.090+0600][38.546s][info][gc,phases      ] GC(145)   Evacuate Collection Set: 2.84ms
[2026-04-03T02:09:24.090+0600][38.546s][info][gc,phases      ] GC(145)   Post Evacuate Collection Set: 1.80ms
[2026-04-03T02:09:24.090+0600][38.546s][info][gc,phases      ] GC(145)   Other: 0.18ms
[2026-04-03T02:09:24.090+0600][38.546s][info][gc,heap        ] GC(145) Eden regions: 126->0(183)
[2026-04-03T02:09:24.090+0600][38.546s][info][gc,heap        ] GC(145) Survivor regions: 5->1(1)
[2026-04-03T02:09:24.090+0600][38.546s][info][gc,heap        ] GC(145) Old regions: 257->283
[2026-04-03T02:09:24.090+0600][38.546s][info][gc,heap        ] GC(145) Humongous regions: 111->8
[2026-04-03T02:09:24.090+0600][38.546s][info][gc,metaspace   ] GC(145) Metaspace: 130441K(132096K)->130441K(132096K) NonClass: 113965K(114752K)->113965K(114752K) Class: 16476K(17344K)->16476K(17344K)
[2026-04-03T02:09:24.090+0600][38.546s][info][gc             ] GC(145) Pause Young (Mixed) (GCLocker Initiated GC) (Evacuation Failure) 495M->290M(500M) 6.004ms
[2026-04-03T02:09:24.090+0600][38.546s][info][gc,cpu         ] GC(145) User=0.04s Sys=0.00s Real=0.01s
[2026-04-03T02:09:24.230+0600][38.686s][info][gc,start       ] GC(146) Pause Young (Mixed) (G1 Humongous Allocation)
[2026-04-03T02:09:24.230+0600][38.686s][info][gc,task        ] GC(146) Using 10 workers of 10 for evacuation
[2026-04-03T02:09:24.235+0600][38.690s][info][gc,phases      ] GC(146)   Pre Evacuate Collection Set: 0.34ms
[2026-04-03T02:09:24.235+0600][38.691s][info][gc,phases      ] GC(146)   Merge Heap Roots: 0.20ms
[2026-04-03T02:09:24.235+0600][38.691s][info][gc,phases      ] GC(146)   Evacuate Collection Set: 2.33ms
[2026-04-03T02:09:24.235+0600][38.691s][info][gc,phases      ] GC(146)   Post Evacuate Collection Set: 1.48ms
[2026-04-03T02:09:24.235+0600][38.691s][info][gc,phases      ] GC(146)   Other: 0.09ms
[2026-04-03T02:09:24.235+0600][38.691s][info][gc,heap        ] GC(146) Eden regions: 114->0(124)
[2026-04-03T02:09:24.235+0600][38.691s][info][gc,heap        ] GC(146) Survivor regions: 1->0(0)
[2026-04-03T02:09:24.235+0600][38.691s][info][gc,heap        ] GC(146) Old regions: 283->341
[2026-04-03T02:09:24.235+0600][38.691s][info][gc,heap        ] GC(146) Humongous regions: 102->10
[2026-04-03T02:09:24.235+0600][38.691s][info][gc,metaspace   ] GC(146) Metaspace: 130450K(132096K)->130450K(132096K) NonClass: 113974K(114752K)->113974K(114752K) Class: 16476K(17344K)->16476K(17344K)
[2026-04-03T02:09:24.235+0600][38.691s][info][gc             ] GC(146) Pause Young (Mixed) (G1 Humongous Allocation) (Evacuation Failure) 498M->349M(500M) 4.704ms
[2026-04-03T02:09:24.235+0600][38.691s][info][gc,cpu         ] GC(146) User=0.04s Sys=0.00s Real=0.00s
[2026-04-03T02:09:24.236+0600][38.692s][info][gc,start       ] GC(147) Pause Young (Concurrent Start) (G1 Humongous Allocation)
[2026-04-03T02:09:24.236+0600][38.692s][info][gc,task        ] GC(147) Using 10 workers of 10 for evacuation
[2026-04-03T02:09:24.238+0600][38.694s][info][gc,phases      ] GC(147)   Pre Evacuate Collection Set: 0.28ms
[2026-04-03T02:09:24.238+0600][38.694s][info][gc,phases      ] GC(147)   Merge Heap Roots: 0.06ms
[2026-04-03T02:09:24.238+0600][38.694s][info][gc,phases      ] GC(147)   Evacuate Collection Set: 1.78ms
[2026-04-03T02:09:24.238+0600][38.694s][info][gc,phases      ] GC(147)   Post Evacuate Collection Set: 0.37ms
[2026-04-03T02:09:24.238+0600][38.694s][info][gc,phases      ] GC(147)   Other: 0.09ms
[2026-04-03T02:09:24.238+0600][38.694s][info][gc,heap        ] GC(147) Eden regions: 2->0(121)
[2026-04-03T02:09:24.238+0600][38.694s][info][gc,heap        ] GC(147) Survivor regions: 0->1(16)
[2026-04-03T02:09:24.238+0600][38.694s][info][gc,heap        ] GC(147) Old regions: 341->341
[2026-04-03T02:09:24.238+0600][38.694s][info][gc,heap        ] GC(147) Humongous regions: 12->12
[2026-04-03T02:09:24.238+0600][38.694s][info][gc,metaspace   ] GC(147) Metaspace: 130450K(132096K)->130450K(132096K) NonClass: 113974K(114752K)->113974K(114752K) Class: 16476K(17344K)->16476K(17344K)
[2026-04-03T02:09:24.239+0600][38.694s][info][gc             ] GC(147) Pause Young (Concurrent Start) (G1 Humongous Allocation) 353M->351M(500M) 2.781ms
[2026-04-03T02:09:24.239+0600][38.694s][info][gc             ] GC(148) Concurrent Mark Cycle
[2026-04-03T02:09:24.239+0600][38.694s][info][gc,marking     ] GC(148) Concurrent Scan Root Regions
[2026-04-03T02:09:24.239+0600][38.695s][info][gc,cpu         ] GC(147) User=0.01s Sys=0.01s Real=0.00s
[2026-04-03T02:09:24.241+0600][38.696s][info][gc,marking     ] GC(148) Concurrent Scan Root Regions 1.879ms
[2026-04-03T02:09:24.241+0600][38.696s][info][gc,marking     ] GC(148) Concurrent Mark
[2026-04-03T02:09:24.241+0600][38.696s][info][gc,marking     ] GC(148) Concurrent Mark From Roots
[2026-04-03T02:09:24.241+0600][38.696s][info][gc,task        ] GC(148) Using 3 workers of 3 for marking
[2026-04-03T02:09:24.358+0600][38.813s][info][gc,marking     ] GC(148) Concurrent Mark From Roots 116.984ms
[2026-04-03T02:09:24.358+0600][38.814s][info][gc,marking     ] GC(148) Concurrent Preclean
[2026-04-03T02:09:24.359+0600][38.815s][info][gc,marking     ] GC(148) Concurrent Preclean 0.993ms
[2026-04-03T02:09:24.359+0600][38.815s][info][gc,start       ] GC(148) Pause Remark
[2026-04-03T02:09:24.369+0600][38.825s][info][gc             ] GC(148) Pause Remark 463M->386M(500M) 10.015ms
[2026-04-03T02:09:24.369+0600][38.825s][info][gc,cpu         ] GC(148) User=0.07s Sys=0.01s Real=0.01s
[2026-04-03T02:09:24.370+0600][38.826s][info][gc,marking     ] GC(148) Concurrent Mark 129.248ms
[2026-04-03T02:09:24.370+0600][38.826s][info][gc,marking     ] GC(148) Concurrent Rebuild Remembered Sets and Scrub Regions
[2026-04-03T02:09:24.417+0600][38.872s][info][gc,marking     ] GC(148) Concurrent Rebuild Remembered Sets and Scrub Regions 46.667ms
[2026-04-03T02:09:24.417+0600][38.873s][info][gc,start       ] GC(148) Pause Cleanup
[2026-04-03T02:09:24.418+0600][38.874s][info][gc             ] GC(148) Pause Cleanup 429M->429M(500M) 0.494ms
[2026-04-03T02:09:24.418+0600][38.874s][info][gc,cpu         ] GC(148) User=0.00s Sys=0.00s Real=0.00s
[2026-04-03T02:09:24.418+0600][38.874s][info][gc,marking     ] GC(148) Concurrent Clear Claimed Marks
[2026-04-03T02:09:24.418+0600][38.874s][info][gc,marking     ] GC(148) Concurrent Clear Claimed Marks 0.350ms
[2026-04-03T02:09:24.418+0600][38.874s][info][gc,marking     ] GC(148) Concurrent Cleanup for Next Mark
[2026-04-03T02:09:24.419+0600][38.875s][info][gc,marking     ] GC(148) Concurrent Cleanup for Next Mark 0.904ms
[2026-04-03T02:09:24.419+0600][38.875s][info][gc             ] GC(148) Concurrent Mark Cycle 180.627ms
[2026-04-03T02:09:24.460+0600][38.916s][info][gc,start       ] GC(149) Pause Young (Prepare Mixed) (GCLocker Initiated GC)
[2026-04-03T02:09:24.460+0600][38.916s][info][gc,task        ] GC(149) Using 10 workers of 10 for evacuation
[2026-04-03T02:09:24.465+0600][38.920s][info][gc,phases      ] GC(149)   Pre Evacuate Collection Set: 0.57ms
[2026-04-03T02:09:24.465+0600][38.921s][info][gc,phases      ] GC(149)   Merge Heap Roots: 0.28ms
[2026-04-03T02:09:24.465+0600][38.921s][info][gc,phases      ] GC(149)   Evacuate Collection Set: 2.54ms
[2026-04-03T02:09:24.465+0600][38.921s][info][gc,phases      ] GC(149)   Post Evacuate Collection Set: 1.10ms
[2026-04-03T02:09:24.465+0600][38.921s][info][gc,phases      ] GC(149)   Other: 0.14ms
[2026-04-03T02:09:24.465+0600][38.921s][info][gc,heap        ] GC(149) Eden regions: 121->0(196)
[2026-04-03T02:09:24.465+0600][38.921s][info][gc,heap        ] GC(149) Survivor regions: 1->3(9)
[2026-04-03T02:09:24.465+0600][38.921s][info][gc,heap        ] GC(149) Old regions: 268->268
[2026-04-03T02:09:24.465+0600][38.921s][info][gc,heap        ] GC(149) Humongous regions: 101->8
[2026-04-03T02:09:24.465+0600][38.921s][info][gc,metaspace   ] GC(149) Metaspace: 130463K(132096K)->130463K(132096K) NonClass: 113987K(114752K)->113987K(114752K) Class: 16476K(17344K)->16476K(17344K)
[2026-04-03T02:09:24.465+0600][38.921s][info][gc             ] GC(149) Pause Young (Prepare Mixed) (GCLocker Initiated GC) 488M->276M(500M) 5.252ms
[2026-04-03T02:09:24.465+0600][38.921s][info][gc,cpu         ] GC(149) User=0.03s Sys=0.00s Real=0.00s
[2026-04-03T02:09:24.623+0600][39.079s][info][gc,start       ] GC(150) Pause Young (Mixed) (G1 Humongous Allocation)
[2026-04-03T02:09:24.623+0600][39.079s][info][gc,task        ] GC(150) Using 10 workers of 10 for evacuation
[2026-04-03T02:09:24.627+0600][39.083s][info][gc,phases      ] GC(150)   Pre Evacuate Collection Set: 0.59ms
[2026-04-03T02:09:24.628+0600][39.083s][info][gc,phases      ] GC(150)   Merge Heap Roots: 0.23ms
[2026-04-03T02:09:24.628+0600][39.083s][info][gc,phases      ] GC(150)   Evacuate Collection Set: 1.95ms
[2026-04-03T02:09:24.628+0600][39.083s][info][gc,phases      ] GC(150)   Post Evacuate Collection Set: 1.47ms
[2026-04-03T02:09:24.628+0600][39.083s][info][gc,phases      ] GC(150)   Other: 0.12ms
[2026-04-03T02:09:24.628+0600][39.083s][info][gc,heap        ] GC(150) Eden regions: 126->0(191)
[2026-04-03T02:09:24.628+0600][39.083s][info][gc,heap        ] GC(150) Survivor regions: 3->1(1)
[2026-04-03T02:09:24.628+0600][39.084s][info][gc,heap        ] GC(150) Old regions: 268->275
[2026-04-03T02:09:24.628+0600][39.084s][info][gc,heap        ] GC(150) Humongous regions: 102->8
[2026-04-03T02:09:24.628+0600][39.084s][info][gc,metaspace   ] GC(150) Metaspace: 130479K(132096K)->130479K(132096K) NonClass: 114003K(114752K)->114003K(114752K) Class: 16476K(17344K)->16476K(17344K)
[2026-04-03T02:09:24.628+0600][39.084s][info][gc             ] GC(150) Pause Young (Mixed) (G1 Humongous Allocation) (Evacuation Failure) 495M->281M(500M) 4.651ms
[2026-04-03T02:09:24.628+0600][39.084s][info][gc,cpu         ] GC(150) User=0.03s Sys=0.00s Real=0.00s
[2026-04-03T02:09:24.863+0600][39.319s][info][gc,start       ] GC(151) Pause Young (Mixed) (G1 Humongous Allocation)
[2026-04-03T02:09:24.863+0600][39.319s][info][gc,task        ] GC(151) Using 10 workers of 10 for evacuation
[2026-04-03T02:09:24.868+0600][39.324s][info][gc,phases      ] GC(151)   Pre Evacuate Collection Set: 0.41ms
[2026-04-03T02:09:24.868+0600][39.324s][info][gc,phases      ] GC(151)   Merge Heap Roots: 0.21ms
[2026-04-03T02:09:24.868+0600][39.324s][info][gc,phases      ] GC(151)   Evacuate Collection Set: 2.24ms
[2026-04-03T02:09:24.868+0600][39.324s][info][gc,phases      ] GC(151)   Post Evacuate Collection Set: 1.91ms
[2026-04-03T02:09:24.868+0600][39.324s][info][gc,phases      ] GC(151)   Other: 0.12ms
[2026-04-03T02:09:24.868+0600][39.324s][info][gc,heap        ] GC(151) Eden regions: 125->0(155)
[2026-04-03T02:09:24.868+0600][39.324s][info][gc,heap        ] GC(151) Survivor regions: 1->1(2)
[2026-04-03T02:09:24.868+0600][39.324s][info][gc,heap        ] GC(151) Old regions: 275->311
[2026-04-03T02:09:24.868+0600][39.324s][info][gc,heap        ] GC(151) Humongous regions: 97->8
[2026-04-03T02:09:24.868+0600][39.324s][info][gc,metaspace   ] GC(151) Metaspace: 130507K(132160K)->130507K(132160K) NonClass: 114031K(114816K)->114031K(114816K) Class: 16476K(17344K)->16476K(17344K)
[2026-04-03T02:09:24.868+0600][39.324s][info][gc             ] GC(151) Pause Young (Mixed) (G1 Humongous Allocation) (Evacuation Failure) 494M->317M(500M) 5.166ms
[2026-04-03T02:09:24.868+0600][39.324s][info][gc,cpu         ] GC(151) User=0.04s Sys=0.00s Real=0.00s
[2026-04-03T02:09:25.020+0600][39.476s][info][gc,start       ] GC(152) Pause Young (Mixed) (G1 Humongous Allocation)
[2026-04-03T02:09:25.020+0600][39.476s][info][gc,task        ] GC(152) Using 10 workers of 10 for evacuation
[2026-04-03T02:09:25.024+0600][39.480s][info][gc,phases      ] GC(152)   Pre Evacuate Collection Set: 0.48ms
[2026-04-03T02:09:25.024+0600][39.480s][info][gc,phases      ] GC(152)   Merge Heap Roots: 0.38ms
[2026-04-03T02:09:25.024+0600][39.480s][info][gc,phases      ] GC(152)   Evacuate Collection Set: 2.09ms
[2026-04-03T02:09:25.024+0600][39.480s][info][gc,phases      ] GC(152)   Post Evacuate Collection Set: 0.93ms
[2026-04-03T02:09:25.024+0600][39.480s][info][gc,phases      ] GC(152)   Other: 0.16ms
[2026-04-03T02:09:25.025+0600][39.480s][info][gc,heap        ] GC(152) Eden regions: 140->0(199)
[2026-04-03T02:09:25.025+0600][39.480s][info][gc,heap        ] GC(152) Survivor regions: 1->1(2)
[2026-04-03T02:09:25.025+0600][39.480s][info][gc,heap        ] GC(152) Old regions: 311->262
[2026-04-03T02:09:25.025+0600][39.480s][info][gc,heap        ] GC(152) Humongous regions: 46->13
[2026-04-03T02:09:25.025+0600][39.480s][info][gc,metaspace   ] GC(152) Metaspace: 130516K(132160K)->130516K(132160K) NonClass: 114040K(114816K)->114040K(114816K) Class: 16476K(17344K)->16476K(17344K)
[2026-04-03T02:09:25.025+0600][39.480s][info][gc             ] GC(152) Pause Young (Mixed) (G1 Humongous Allocation) 494M->273M(500M) 4.466ms
[2026-04-03T02:09:25.025+0600][39.481s][info][gc,cpu         ] GC(152) User=0.03s Sys=0.01s Real=0.00s
[2026-04-03T02:09:25.215+0600][39.671s][info][gc,start       ] GC(153) Pause Young (Mixed) (G1 Humongous Allocation)
[2026-04-03T02:09:25.215+0600][39.671s][info][gc,task        ] GC(153) Using 10 workers of 10 for evacuation
[2026-04-03T02:09:25.218+0600][39.674s][info][gc,phases      ] GC(153)   Pre Evacuate Collection Set: 0.40ms
[2026-04-03T02:09:25.218+0600][39.674s][info][gc,phases      ] GC(153)   Merge Heap Roots: 0.14ms
[2026-04-03T02:09:25.218+0600][39.674s][info][gc,phases      ] GC(153)   Evacuate Collection Set: 1.75ms
[2026-04-03T02:09:25.218+0600][39.674s][info][gc,phases      ] GC(153)   Post Evacuate Collection Set: 0.75ms
[2026-04-03T02:09:25.218+0600][39.674s][info][gc,phases      ] GC(153)   Other: 0.11ms
[2026-04-03T02:09:25.218+0600][39.674s][info][gc,heap        ] GC(153) Eden regions: 127->0(206)
[2026-04-03T02:09:25.218+0600][39.674s][info][gc,heap        ] GC(153) Survivor regions: 1->4(15)
[2026-04-03T02:09:25.218+0600][39.674s][info][gc,heap        ] GC(153) Old regions: 262->250
[2026-04-03T02:09:25.218+0600][39.674s][info][gc,heap        ] GC(153) Humongous regions: 95->15
[2026-04-03T02:09:25.218+0600][39.674s][info][gc,metaspace   ] GC(153) Metaspace: 130524K(132160K)->130524K(132160K) NonClass: 114048K(114816K)->114048K(114816K) Class: 16476K(17344K)->16476K(17344K)
[2026-04-03T02:09:25.218+0600][39.674s][info][gc             ] GC(153) Pause Young (Mixed) (G1 Humongous Allocation) 482M->265M(500M) 3.455ms
[2026-04-03T02:09:25.219+0600][39.674s][info][gc,cpu         ] GC(153) User=0.01s Sys=0.01s Real=0.00s
[2026-04-03T02:09:25.219+0600][39.675s][info][gc,start       ] GC(154) Pause Young (Concurrent Start) (G1 Humongous Allocation)
[2026-04-03T02:09:25.219+0600][39.675s][info][gc,task        ] GC(154) Using 10 workers of 10 for evacuation
[2026-04-03T02:09:25.223+0600][39.679s][info][gc,phases      ] GC(154)   Pre Evacuate Collection Set: 0.50ms
[2026-04-03T02:09:25.223+0600][39.679s][info][gc,phases      ] GC(154)   Merge Heap Roots: 0.15ms
[2026-04-03T02:09:25.223+0600][39.679s][info][gc,phases      ] GC(154)   Evacuate Collection Set: 1.54ms
[2026-04-03T02:09:25.223+0600][39.679s][info][gc,phases      ] GC(154)   Post Evacuate Collection Set: 0.95ms
[2026-04-03T02:09:25.223+0600][39.679s][info][gc,phases      ] GC(154)   Other: 0.20ms
[2026-04-03T02:09:25.223+0600][39.679s][info][gc,heap        ] GC(154) Eden regions: 2->0(171)
[2026-04-03T02:09:25.223+0600][39.679s][info][gc,heap        ] GC(154) Survivor regions: 4->4(27)
[2026-04-03T02:09:25.223+0600][39.679s][info][gc,heap        ] GC(154) Old regions: 250->250
[2026-04-03T02:09:25.223+0600][39.679s][info][gc,heap        ] GC(154) Humongous regions: 25->25
[2026-04-03T02:09:25.223+0600][39.679s][info][gc,metaspace   ] GC(154) Metaspace: 130524K(132160K)->130524K(132160K) NonClass: 114048K(114816K)->114048K(114816K) Class: 16476K(17344K)->16476K(17344K)
[2026-04-03T02:09:25.223+0600][39.679s][info][gc             ] GC(154) Pause Young (Concurrent Start) (G1 Humongous Allocation) 276M->275M(500M) 3.647ms
[2026-04-03T02:09:25.223+0600][39.679s][info][gc,cpu         ] GC(154) User=0.01s Sys=0.00s Real=0.01s
[2026-04-03T02:09:25.223+0600][39.679s][info][gc             ] GC(155) Concurrent Mark Cycle
[2026-04-03T02:09:25.223+0600][39.679s][info][gc,marking     ] GC(155) Concurrent Scan Root Regions
[2026-04-03T02:09:25.225+0600][39.681s][info][gc,marking     ] GC(155) Concurrent Scan Root Regions 2.113ms
[2026-04-03T02:09:25.225+0600][39.681s][info][gc,marking     ] GC(155) Concurrent Mark
[2026-04-03T02:09:25.225+0600][39.681s][info][gc,marking     ] GC(155) Concurrent Mark From Roots
[2026-04-03T02:09:25.225+0600][39.681s][info][gc,task        ] GC(155) Using 3 workers of 3 for marking
[2026-04-03T02:09:25.233+0600][39.688s][info][gc,start       ] GC(156) Pause Young (Normal) (G1 Humongous Allocation)
[2026-04-03T02:09:25.233+0600][39.689s][info][gc,task        ] GC(156) Using 10 workers of 10 for evacuation
[2026-04-03T02:09:25.237+0600][39.693s][info][gc,phases      ] GC(156)   Pre Evacuate Collection Set: 0.62ms
[2026-04-03T02:09:25.237+0600][39.693s][info][gc,phases      ] GC(156)   Merge Heap Roots: 0.24ms
[2026-04-03T02:09:25.237+0600][39.693s][info][gc,phases      ] GC(156)   Evacuate Collection Set: 2.55ms
[2026-04-03T02:09:25.238+0600][39.693s][info][gc,phases      ] GC(156)   Post Evacuate Collection Set: 1.20ms
[2026-04-03T02:09:25.238+0600][39.693s][info][gc,phases      ] GC(156)   Other: 0.15ms
[2026-04-03T02:09:25.238+0600][39.693s][info][gc,heap        ] GC(156) Eden regions: 10->0(169)
[2026-04-03T02:09:25.238+0600][39.693s][info][gc,heap        ] GC(156) Survivor regions: 4->5(22)
[2026-04-03T02:09:25.238+0600][39.693s][info][gc,heap        ] GC(156) Old regions: 250->250
[2026-04-03T02:09:25.238+0600][39.693s][info][gc,heap        ] GC(156) Humongous regions: 130->25
[2026-04-03T02:09:25.238+0600][39.693s][info][gc,metaspace   ] GC(156) Metaspace: 130524K(132160K)->130524K(132160K) NonClass: 114048K(114816K)->114048K(114816K) Class: 16476K(17344K)->16476K(17344K)
[2026-04-03T02:09:25.238+0600][39.694s][info][gc             ] GC(156) Pause Young (Normal) (G1 Humongous Allocation) 389M->277M(500M) 5.093ms
[2026-04-03T02:09:25.238+0600][39.694s][info][gc,cpu         ] GC(156) User=0.03s Sys=0.00s Real=0.00s
[2026-04-03T02:09:25.249+0600][39.705s][info][gc,start       ] GC(157) Pause Young (Normal) (G1 Humongous Allocation)
[2026-04-03T02:09:25.250+0600][39.705s][info][gc,task        ] GC(157) Using 10 workers of 10 for evacuation
[2026-04-03T02:09:25.253+0600][39.709s][info][gc,phases      ] GC(157)   Pre Evacuate Collection Set: 0.48ms
[2026-04-03T02:09:25.253+0600][39.709s][info][gc,phases      ] GC(157)   Merge Heap Roots: 0.25ms
[2026-04-03T02:09:25.253+0600][39.709s][info][gc,phases      ] GC(157)   Evacuate Collection Set: 2.11ms
[2026-04-03T02:09:25.253+0600][39.709s][info][gc,phases      ] GC(157)   Post Evacuate Collection Set: 0.62ms
[2026-04-03T02:09:25.253+0600][39.709s][info][gc,phases      ] GC(157)   Other: 0.12ms
[2026-04-03T02:09:25.253+0600][39.709s][info][gc,heap        ] GC(157) Eden regions: 9->0(177)
[2026-04-03T02:09:25.253+0600][39.709s][info][gc,heap        ] GC(157) Survivor regions: 5->5(22)
[2026-04-03T02:09:25.253+0600][39.709s][info][gc,heap        ] GC(157) Old regions: 250->250
[2026-04-03T02:09:25.253+0600][39.709s][info][gc,heap        ] GC(157) Humongous regions: 130->15
[2026-04-03T02:09:25.253+0600][39.709s][info][gc,metaspace   ] GC(157) Metaspace: 130524K(132160K)->130524K(132160K) NonClass: 114048K(114816K)->114048K(114816K) Class: 16476K(17344K)->16476K(17344K)
[2026-04-03T02:09:25.253+0600][39.709s][info][gc             ] GC(157) Pause Young (Normal) (G1 Humongous Allocation) 391M->267M(500M) 3.876ms
[2026-04-03T02:09:25.253+0600][39.709s][info][gc,cpu         ] GC(157) User=0.03s Sys=0.00s Real=0.01s
[2026-04-03T02:09:25.341+0600][39.797s][info][gc,marking     ] GC(155) Concurrent Mark From Roots 115.483ms
[2026-04-03T02:09:25.341+0600][39.797s][info][gc,marking     ] GC(155) Concurrent Preclean
[2026-04-03T02:09:25.341+0600][39.797s][info][gc,marking     ] GC(155) Concurrent Preclean 0.310ms
[2026-04-03T02:09:25.342+0600][39.797s][info][gc,start       ] GC(155) Pause Remark
[2026-04-03T02:09:25.350+0600][39.806s][info][gc             ] GC(155) Pause Remark 413M->395M(500M) 8.287ms
[2026-04-03T02:09:25.350+0600][39.806s][info][gc,cpu         ] GC(155) User=0.07s Sys=0.00s Real=0.01s
[2026-04-03T02:09:25.350+0600][39.806s][info][gc,marking     ] GC(155) Concurrent Mark 124.643ms
[2026-04-03T02:09:25.350+0600][39.806s][info][gc,marking     ] GC(155) Concurrent Rebuild Remembered Sets and Scrub Regions
[2026-04-03T02:09:25.381+0600][39.837s][info][gc,start       ] GC(158) Pause Young (Normal) (G1 Humongous Allocation)
[2026-04-03T02:09:25.382+0600][39.837s][info][gc,task        ] GC(158) Using 10 workers of 10 for evacuation
[2026-04-03T02:09:25.385+0600][39.841s][info][gc,phases      ] GC(158)   Pre Evacuate Collection Set: 0.40ms
[2026-04-03T02:09:25.385+0600][39.841s][info][gc,phases      ] GC(158)   Merge Heap Roots: 0.26ms
[2026-04-03T02:09:25.385+0600][39.841s][info][gc,phases      ] GC(158)   Evacuate Collection Set: 2.22ms
[2026-04-03T02:09:25.385+0600][39.841s][info][gc,phases      ] GC(158)   Post Evacuate Collection Set: 0.73ms
[2026-04-03T02:09:25.385+0600][39.841s][info][gc,phases      ] GC(158)   Other: 0.14ms
[2026-04-03T02:09:25.385+0600][39.841s][info][gc,heap        ] GC(158) Eden regions: 50->0(196)
[2026-04-03T02:09:25.385+0600][39.841s][info][gc,heap        ] GC(158) Survivor regions: 5->4(23)
[2026-04-03T02:09:25.385+0600][39.841s][info][gc,heap        ] GC(158) Old regions: 231->231
[2026-04-03T02:09:25.385+0600][39.841s][info][gc,heap        ] GC(158) Humongous regions: 149->13
[2026-04-03T02:09:25.385+0600][39.841s][info][gc,metaspace   ] GC(158) Metaspace: 130536K(132160K)->130536K(132160K) NonClass: 114060K(114816K)->114060K(114816K) Class: 16476K(17344K)->16476K(17344K)
[2026-04-03T02:09:25.385+0600][39.841s][info][gc             ] GC(158) Pause Young (Normal) (G1 Humongous Allocation) 432M->245M(500M) 4.104ms
[2026-04-03T02:09:25.386+0600][39.841s][info][gc,cpu         ] GC(158) User=0.04s Sys=0.01s Real=0.00s
[2026-04-03T02:09:25.424+0600][39.880s][info][gc,start       ] GC(159) Pause Young (Normal) (G1 Humongous Allocation)
[2026-04-03T02:09:25.424+0600][39.880s][info][gc,task        ] GC(159) Using 10 workers of 10 for evacuation
[2026-04-03T02:09:25.428+0600][39.884s][info][gc,phases      ] GC(159)   Pre Evacuate Collection Set: 0.42ms
[2026-04-03T02:09:25.428+0600][39.884s][info][gc,phases      ] GC(159)   Merge Heap Roots: 0.17ms
[2026-04-03T02:09:25.428+0600][39.884s][info][gc,phases      ] GC(159)   Evacuate Collection Set: 2.05ms
[2026-04-03T02:09:25.428+0600][39.884s][info][gc,phases      ] GC(159)   Post Evacuate Collection Set: 0.70ms
[2026-04-03T02:09:25.428+0600][39.884s][info][gc,phases      ] GC(159)   Other: 0.10ms
[2026-04-03T02:09:25.428+0600][39.884s][info][gc,heap        ] GC(159) Eden regions: 9->0(190)
[2026-04-03T02:09:25.428+0600][39.884s][info][gc,heap        ] GC(159) Survivor regions: 4->6(25)
[2026-04-03T02:09:25.428+0600][39.884s][info][gc,heap        ] GC(159) Old regions: 231->231
[2026-04-03T02:09:25.428+0600][39.884s][info][gc,heap        ] GC(159) Humongous regions: 143->18
[2026-04-03T02:09:25.428+0600][39.884s][info][gc,metaspace   ] GC(159) Metaspace: 130536K(132160K)->130536K(132160K) NonClass: 114060K(114816K)->114060K(114816K) Class: 16476K(17344K)->16476K(17344K)
[2026-04-03T02:09:25.428+0600][39.884s][info][gc             ] GC(159) Pause Young (Normal) (G1 Humongous Allocation) 383M->252M(500M) 3.789ms
[2026-04-03T02:09:25.428+0600][39.884s][info][gc,cpu         ] GC(159) User=0.02s Sys=0.01s Real=0.00s
[2026-04-03T02:09:25.434+0600][39.890s][info][gc,marking     ] GC(155) Concurrent Rebuild Remembered Sets and Scrub Regions 83.736ms
[2026-04-03T02:09:25.435+0600][39.891s][info][gc,start       ] GC(155) Pause Cleanup
[2026-04-03T02:09:25.436+0600][39.892s][info][gc             ] GC(155) Pause Cleanup 341M->341M(500M) 0.544ms
[2026-04-03T02:09:25.436+0600][39.892s][info][gc,cpu         ] GC(155) User=0.00s Sys=0.00s Real=0.00s
[2026-04-03T02:09:25.436+0600][39.892s][info][gc,marking     ] GC(155) Concurrent Clear Claimed Marks
[2026-04-03T02:09:25.436+0600][39.892s][info][gc,marking     ] GC(155) Concurrent Clear Claimed Marks 0.365ms
[2026-04-03T02:09:25.436+0600][39.892s][info][gc,marking     ] GC(155) Concurrent Cleanup for Next Mark
[2026-04-03T02:09:25.437+0600][39.893s][info][gc,marking     ] GC(155) Concurrent Cleanup for Next Mark 0.977ms
[2026-04-03T02:09:25.437+0600][39.893s][info][gc             ] GC(155) Concurrent Mark Cycle 214.162ms
[2026-04-03T02:09:25.442+0600][39.898s][info][gc,start       ] GC(160) Pause Young (Prepare Mixed) (G1 Humongous Allocation)
[2026-04-03T02:09:25.443+0600][39.898s][info][gc,task        ] GC(160) Using 10 workers of 10 for evacuation
[2026-04-03T02:09:25.446+0600][39.902s][info][gc,phases      ] GC(160)   Pre Evacuate Collection Set: 0.41ms
[2026-04-03T02:09:25.446+0600][39.902s][info][gc,phases      ] GC(160)   Merge Heap Roots: 0.15ms
[2026-04-03T02:09:25.446+0600][39.902s][info][gc,phases      ] GC(160)   Evacuate Collection Set: 1.70ms
[2026-04-03T02:09:25.446+0600][39.902s][info][gc,phases      ] GC(160)   Post Evacuate Collection Set: 0.62ms
[2026-04-03T02:09:25.446+0600][39.902s][info][gc,phases      ] GC(160)   Other: 0.22ms
[2026-04-03T02:09:25.446+0600][39.902s][info][gc,heap        ] GC(160) Eden regions: 8->0(203)
[2026-04-03T02:09:25.446+0600][39.902s][info][gc,heap        ] GC(160) Survivor regions: 6->5(25)
[2026-04-03T02:09:25.446+0600][39.902s][info][gc,heap        ] GC(160) Old regions: 231->231
[2026-04-03T02:09:25.446+0600][39.902s][info][gc,heap        ] GC(160) Humongous regions: 147->13
[2026-04-03T02:09:25.446+0600][39.902s][info][gc,metaspace   ] GC(160) Metaspace: 130536K(132160K)->130536K(132160K) NonClass: 114060K(114816K)->114060K(114816K) Class: 16476K(17344K)->16476K(17344K)
[2026-04-03T02:09:25.446+0600][39.902s][info][gc             ] GC(160) Pause Young (Prepare Mixed) (G1 Humongous Allocation) 389M->246M(500M) 3.400ms
[2026-04-03T02:09:25.446+0600][39.902s][info][gc,cpu         ] GC(160) User=0.03s Sys=0.00s Real=0.00s
[2026-04-03T02:09:25.672+0600][40.128s][info][gc,start       ] GC(161) Pause Young (Mixed) (G1 Evacuation Pause)
[2026-04-03T02:09:25.672+0600][40.128s][info][gc,task        ] GC(161) Using 10 workers of 10 for evacuation
[2026-04-03T02:09:25.675+0600][40.131s][info][gc,phases      ] GC(161)   Pre Evacuate Collection Set: 0.34ms
[2026-04-03T02:09:25.675+0600][40.131s][info][gc,phases      ] GC(161)   Merge Heap Roots: 0.14ms
[2026-04-03T02:09:25.675+0600][40.131s][info][gc,phases      ] GC(161)   Evacuate Collection Set: 1.20ms
[2026-04-03T02:09:25.675+0600][40.131s][info][gc,phases      ] GC(161)   Post Evacuate Collection Set: 1.67ms
[2026-04-03T02:09:25.675+0600][40.131s][info][gc,phases      ] GC(161)   Other: 0.09ms
[2026-04-03T02:09:25.675+0600][40.131s][info][gc,heap        ] GC(161) Eden regions: 113->0(168)
[2026-04-03T02:09:25.675+0600][40.131s][info][gc,heap        ] GC(161) Survivor regions: 5->0(0)
[2026-04-03T02:09:25.675+0600][40.131s][info][gc,heap        ] GC(161) Old regions: 231->290
[2026-04-03T02:09:25.675+0600][40.131s][info][gc,heap        ] GC(161) Humongous regions: 151->8
[2026-04-03T02:09:25.675+0600][40.131s][info][gc,metaspace   ] GC(161) Metaspace: 130548K(132160K)->130548K(132160K) NonClass: 114072K(114816K)->114072K(114816K) Class: 16476K(17344K)->16476K(17344K)
[2026-04-03T02:09:25.675+0600][40.131s][info][gc             ] GC(161) Pause Young (Mixed) (G1 Evacuation Pause) (Evacuation Failure) 497M->296M(500M) 3.636ms
[2026-04-03T02:09:25.675+0600][40.131s][info][gc,cpu         ] GC(161) User=0.03s Sys=0.00s Real=0.00s
[2026-04-03T02:09:25.975+0600][40.430s][info][gc,start       ] GC(162) Pause Young (Mixed) (G1 Evacuation Pause)
[2026-04-03T02:09:25.975+0600][40.431s][info][gc,task        ] GC(162) Using 10 workers of 10 for evacuation
[2026-04-03T02:09:25.978+0600][40.434s][info][gc,phases      ] GC(162)   Pre Evacuate Collection Set: 0.42ms
[2026-04-03T02:09:25.978+0600][40.434s][info][gc,phases      ] GC(162)   Merge Heap Roots: 0.21ms
[2026-04-03T02:09:25.978+0600][40.434s][info][gc,phases      ] GC(162)   Evacuate Collection Set: 2.05ms
[2026-04-03T02:09:25.978+0600][40.434s][info][gc,phases      ] GC(162)   Post Evacuate Collection Set: 0.65ms
[2026-04-03T02:09:25.978+0600][40.434s][info][gc,phases      ] GC(162)   Other: 0.12ms
[2026-04-03T02:09:25.978+0600][40.434s][info][gc,heap        ] GC(162) Eden regions: 168->0(209)
[2026-04-03T02:09:25.978+0600][40.434s][info][gc,heap        ] GC(162) Survivor regions: 0->4(8)
[2026-04-03T02:09:25.978+0600][40.434s][info][gc,heap        ] GC(162) Old regions: 290->241
[2026-04-03T02:09:25.978+0600][40.434s][info][gc,heap        ] GC(162) Humongous regions: 34->8
[2026-04-03T02:09:25.978+0600][40.434s][info][gc,metaspace   ] GC(162) Metaspace: 130551K(132160K)->130551K(132160K) NonClass: 114074K(114816K)->114074K(114816K) Class: 16476K(17344K)->16476K(17344K)
[2026-04-03T02:09:25.978+0600][40.434s][info][gc             ] GC(162) Pause Young (Mixed) (G1 Evacuation Pause) 490M->249M(500M) 3.760ms
[2026-04-03T02:09:25.978+0600][40.434s][info][gc,cpu         ] GC(162) User=0.03s Sys=0.00s Real=0.00s
[2026-04-03T02:09:26.185+0600][40.641s][info][gc,start       ] GC(163) Pause Young (Mixed) (G1 Evacuation Pause)
[2026-04-03T02:09:26.185+0600][40.641s][info][gc,task        ] GC(163) Using 10 workers of 10 for evacuation
[2026-04-03T02:09:26.190+0600][40.646s][info][gc,phases      ] GC(163)   Pre Evacuate Collection Set: 0.48ms
[2026-04-03T02:09:26.190+0600][40.646s][info][gc,phases      ] GC(163)   Merge Heap Roots: 0.18ms
[2026-04-03T02:09:26.190+0600][40.646s][info][gc,phases      ] GC(163)   Evacuate Collection Set: 2.57ms
[2026-04-03T02:09:26.190+0600][40.646s][info][gc,phases      ] GC(163)   Post Evacuate Collection Set: 2.03ms
[2026-04-03T02:09:26.190+0600][40.646s][info][gc,phases      ] GC(163)   Other: 0.10ms
[2026-04-03T02:09:26.190+0600][40.646s][info][gc,heap        ] GC(163) Eden regions: 140->0(166)
[2026-04-03T02:09:26.190+0600][40.646s][info][gc,heap        ] GC(163) Survivor regions: 4->0(0)
[2026-04-03T02:09:26.190+0600][40.646s][info][gc,heap        ] GC(163) Old regions: 241->301
[2026-04-03T02:09:26.190+0600][40.646s][info][gc,heap        ] GC(163) Humongous regions: 115->8
[2026-04-03T02:09:26.190+0600][40.646s][info][gc,metaspace   ] GC(163) Metaspace: 130567K(132160K)->130567K(132160K) NonClass: 114090K(114816K)->114090K(114816K) Class: 16476K(17344K)->16476K(17344K)
[2026-04-03T02:09:26.190+0600][40.646s][info][gc             ] GC(163) Pause Young (Mixed) (G1 Evacuation Pause) (Evacuation Failure) 496M->306M(500M) 5.709ms
[2026-04-03T02:09:26.191+0600][40.646s][info][gc,cpu         ] GC(163) User=0.05s Sys=0.00s Real=0.01s
[2026-04-03T02:09:26.192+0600][40.648s][info][gc,start       ] GC(164) Pause Young (Concurrent Start) (G1 Humongous Allocation)
[2026-04-03T02:09:26.192+0600][40.648s][info][gc,task        ] GC(164) Using 10 workers of 10 for evacuation
[2026-04-03T02:09:26.194+0600][40.650s][info][gc,phases      ] GC(164)   Pre Evacuate Collection Set: 0.39ms
[2026-04-03T02:09:26.195+0600][40.650s][info][gc,phases      ] GC(164)   Merge Heap Roots: 0.07ms
[2026-04-03T02:09:26.195+0600][40.650s][info][gc,phases      ] GC(164)   Evacuate Collection Set: 1.62ms
[2026-04-03T02:09:26.195+0600][40.650s][info][gc,phases      ] GC(164)   Post Evacuate Collection Set: 0.53ms
[2026-04-03T02:09:26.195+0600][40.650s][info][gc,phases      ] GC(164)   Other: 0.14ms
[2026-04-03T02:09:26.195+0600][40.650s][info][gc,heap        ] GC(164) Eden regions: 4->0(165)
[2026-04-03T02:09:26.195+0600][40.650s][info][gc,heap        ] GC(164) Survivor regions: 0->1(21)
[2026-04-03T02:09:26.195+0600][40.650s][info][gc,heap        ] GC(164) Old regions: 301->301
[2026-04-03T02:09:26.195+0600][40.650s][info][gc,heap        ] GC(164) Humongous regions: 8->8
[2026-04-03T02:09:26.195+0600][40.651s][info][gc,metaspace   ] GC(164) Metaspace: 130567K(132160K)->130567K(132160K) NonClass: 114090K(114816K)->114090K(114816K) Class: 16476K(17344K)->16476K(17344K)
[2026-04-03T02:09:26.195+0600][40.651s][info][gc             ] GC(164) Pause Young (Concurrent Start) (G1 Humongous Allocation) 309M->307M(500M) 2.998ms
[2026-04-03T02:09:26.195+0600][40.651s][info][gc             ] GC(165) Concurrent Mark Cycle
[2026-04-03T02:09:26.195+0600][40.651s][info][gc,cpu         ] GC(164) User=0.01s Sys=0.00s Real=0.00s
[2026-04-03T02:09:26.195+0600][40.651s][info][gc,marking     ] GC(165) Concurrent Scan Root Regions
[2026-04-03T02:09:26.199+0600][40.655s][info][gc,marking     ] GC(165) Concurrent Scan Root Regions 4.137ms
[2026-04-03T02:09:26.199+0600][40.655s][info][gc,marking     ] GC(165) Concurrent Mark
[2026-04-03T02:09:26.199+0600][40.655s][info][gc,marking     ] GC(165) Concurrent Mark From Roots
[2026-04-03T02:09:26.199+0600][40.655s][info][gc,task        ] GC(165) Using 3 workers of 3 for marking
[2026-04-03T02:09:26.316+0600][40.772s][info][gc,marking     ] GC(165) Concurrent Mark From Roots 116.741ms
[2026-04-03T02:09:26.316+0600][40.772s][info][gc,marking     ] GC(165) Concurrent Preclean
[2026-04-03T02:09:26.316+0600][40.772s][info][gc,marking     ] GC(165) Concurrent Preclean 0.577ms
[2026-04-03T02:09:26.317+0600][40.773s][info][gc,start       ] GC(165) Pause Remark
[2026-04-03T02:09:26.326+0600][40.782s][info][gc             ] GC(165) Pause Remark 408M->395M(500M) 9.292ms
[2026-04-03T02:09:26.326+0600][40.782s][info][gc,cpu         ] GC(165) User=0.07s Sys=0.00s Real=0.01s
[2026-04-03T02:09:26.327+0600][40.782s][info][gc,marking     ] GC(165) Concurrent Mark 127.446ms
[2026-04-03T02:09:26.327+0600][40.782s][info][gc,marking     ] GC(165) Concurrent Rebuild Remembered Sets and Scrub Regions
[2026-04-03T02:09:26.378+0600][40.834s][info][gc,marking     ] GC(165) Concurrent Rebuild Remembered Sets and Scrub Regions 51.751ms
[2026-04-03T02:09:26.379+0600][40.835s][info][gc,start       ] GC(165) Pause Cleanup
[2026-04-03T02:09:26.380+0600][40.836s][info][gc             ] GC(165) Pause Cleanup 439M->439M(500M) 0.793ms
[2026-04-03T02:09:26.380+0600][40.836s][info][gc,cpu         ] GC(165) User=0.00s Sys=0.00s Real=0.01s
[2026-04-03T02:09:26.380+0600][40.836s][info][gc,marking     ] GC(165) Concurrent Clear Claimed Marks
[2026-04-03T02:09:26.381+0600][40.836s][info][gc,marking     ] GC(165) Concurrent Clear Claimed Marks 0.359ms
[2026-04-03T02:09:26.381+0600][40.836s][info][gc,marking     ] GC(165) Concurrent Cleanup for Next Mark
[2026-04-03T02:09:26.382+0600][40.838s][info][gc,marking     ] GC(165) Concurrent Cleanup for Next Mark 1.506ms
[2026-04-03T02:09:26.382+0600][40.838s][info][gc             ] GC(165) Concurrent Mark Cycle 187.424ms
[2026-04-03T02:09:26.429+0600][40.885s][info][gc,start       ] GC(166) Pause Young (Prepare Mixed) (G1 Humongous Allocation)
[2026-04-03T02:09:26.429+0600][40.885s][info][gc,task        ] GC(166) Using 10 workers of 10 for evacuation
[2026-04-03T02:09:26.433+0600][40.889s][info][gc,phases      ] GC(166)   Pre Evacuate Collection Set: 0.67ms
[2026-04-03T02:09:26.433+0600][40.889s][info][gc,phases      ] GC(166)   Merge Heap Roots: 0.30ms
[2026-04-03T02:09:26.433+0600][40.889s][info][gc,phases      ] GC(166)   Evacuate Collection Set: 2.07ms
[2026-04-03T02:09:26.433+0600][40.889s][info][gc,phases      ] GC(166)   Post Evacuate Collection Set: 0.81ms
[2026-04-03T02:09:26.433+0600][40.889s][info][gc,phases      ] GC(166)   Other: 0.13ms
[2026-04-03T02:09:26.433+0600][40.889s][info][gc,heap        ] GC(166) Eden regions: 110->0(178)
[2026-04-03T02:09:26.433+0600][40.889s][info][gc,heap        ] GC(166) Survivor regions: 1->1(1)
[2026-04-03T02:09:26.433+0600][40.889s][info][gc,heap        ] GC(166) Old regions: 288->288
[2026-04-03T02:09:26.433+0600][40.889s][info][gc,heap        ] GC(166) Humongous regions: 100->8
[2026-04-03T02:09:26.433+0600][40.889s][info][gc,metaspace   ] GC(166) Metaspace: 130567K(132160K)->130567K(132160K) NonClass: 114090K(114816K)->114090K(114816K) Class: 16476K(17344K)->16476K(17344K)
[2026-04-03T02:09:26.433+0600][40.889s][info][gc             ] GC(166) Pause Young (Prepare Mixed) (G1 Humongous Allocation) 496M->294M(500M) 4.304ms
[2026-04-03T02:09:26.433+0600][40.889s][info][gc,cpu         ] GC(166) User=0.03s Sys=0.01s Real=0.01s
[2026-04-03T02:09:26.601+0600][41.057s][info][gc,start       ] GC(167) Pause Young (Mixed) (G1 Humongous Allocation)
[2026-04-03T02:09:26.601+0600][41.057s][info][gc,task        ] GC(167) Using 10 workers of 10 for evacuation
[2026-04-03T02:09:26.604+0600][41.060s][info][gc,phases      ] GC(167)   Pre Evacuate Collection Set: 0.41ms
[2026-04-03T02:09:26.604+0600][41.060s][info][gc,phases      ] GC(167)   Merge Heap Roots: 0.25ms
[2026-04-03T02:09:26.604+0600][41.060s][info][gc,phases      ] GC(167)   Evacuate Collection Set: 1.80ms
[2026-04-03T02:09:26.604+0600][41.060s][info][gc,phases      ] GC(167)   Post Evacuate Collection Set: 0.59ms
[2026-04-03T02:09:26.604+0600][41.060s][info][gc,phases      ] GC(167)   Other: 0.13ms
[2026-04-03T02:09:26.604+0600][41.060s][info][gc,heap        ] GC(167) Eden regions: 112->0(223)
[2026-04-03T02:09:26.604+0600][41.060s][info][gc,heap        ] GC(167) Survivor regions: 1->2(5)
[2026-04-03T02:09:26.604+0600][41.060s][info][gc,heap        ] GC(167) Old regions: 288->239
[2026-04-03T02:09:26.604+0600][41.060s][info][gc,heap        ] GC(167) Humongous regions: 94->8
[2026-04-03T02:09:26.604+0600][41.060s][info][gc,metaspace   ] GC(167) Metaspace: 130567K(132160K)->130567K(132160K) NonClass: 114090K(114816K)->114090K(114816K) Class: 16476K(17344K)->16476K(17344K)
[2026-04-03T02:09:26.604+0600][41.060s][info][gc             ] GC(167) Pause Young (Mixed) (G1 Humongous Allocation) 492M->244M(500M) 3.453ms
[2026-04-03T02:09:26.605+0600][41.060s][info][gc,cpu         ] GC(167) User=0.03s Sys=0.00s Real=0.00s
[2026-04-03T02:09:26.789+0600][41.244s][info][gc,start       ] GC(168) Pause Young (Mixed) (G1 Humongous Allocation)
[2026-04-03T02:09:26.789+0600][41.245s][info][gc,task        ] GC(168) Using 10 workers of 10 for evacuation
[2026-04-03T02:09:26.793+0600][41.248s][info][gc,phases      ] GC(168)   Pre Evacuate Collection Set: 0.37ms
[2026-04-03T02:09:26.793+0600][41.249s][info][gc,phases      ] GC(168)   Merge Heap Roots: 0.27ms
[2026-04-03T02:09:26.793+0600][41.249s][info][gc,phases      ] GC(168)   Evacuate Collection Set: 2.39ms
[2026-04-03T02:09:26.793+0600][41.249s][info][gc,phases      ] GC(168)   Post Evacuate Collection Set: 0.80ms
[2026-04-03T02:09:26.793+0600][41.249s][info][gc,phases      ] GC(168)   Other: 0.12ms
[2026-04-03T02:09:26.793+0600][41.249s][info][gc,heap        ] GC(168) Eden regions: 144->0(267)
[2026-04-03T02:09:26.793+0600][41.249s][info][gc,heap        ] GC(168) Survivor regions: 2->2(4)
[2026-04-03T02:09:26.793+0600][41.249s][info][gc,heap        ] GC(168) Old regions: 239->189
[2026-04-03T02:09:26.793+0600][41.249s][info][gc,heap        ] GC(168) Humongous regions: 111->8
[2026-04-03T02:09:26.793+0600][41.249s][info][gc,metaspace   ] GC(168) Metaspace: 130578K(132160K)->130578K(132160K) NonClass: 114102K(114816K)->114102K(114816K) Class: 16476K(17344K)->16476K(17344K)
[2026-04-03T02:09:26.793+0600][41.249s][info][gc             ] GC(168) Pause Young (Mixed) (G1 Humongous Allocation) 491M->195M(500M) 4.277ms
[2026-04-03T02:09:26.793+0600][41.249s][info][gc,cpu         ] GC(168) User=0.02s Sys=0.00s Real=0.01s
[2026-04-03T02:09:27.108+0600][41.564s][info][gc,start       ] GC(169) Pause Young (Mixed) (G1 Evacuation Pause)
[2026-04-03T02:09:27.108+0600][41.564s][info][gc,task        ] GC(169) Using 10 workers of 10 for evacuation
[2026-04-03T02:09:27.118+0600][41.574s][info][gc,phases      ] GC(169)   Pre Evacuate Collection Set: 0.65ms
[2026-04-03T02:09:27.118+0600][41.574s][info][gc,phases      ] GC(169)   Merge Heap Roots: 0.27ms
[2026-04-03T02:09:27.118+0600][41.574s][info][gc,phases      ] GC(169)   Evacuate Collection Set: 4.02ms
[2026-04-03T02:09:27.118+0600][41.574s][info][gc,phases      ] GC(169)   Post Evacuate Collection Set: 4.25ms
[2026-04-03T02:09:27.118+0600][41.574s][info][gc,phases      ] GC(169)   Other: 0.13ms
[2026-04-03T02:09:27.118+0600][41.574s][info][gc,heap        ] GC(169) Eden regions: 207->0(119)
[2026-04-03T02:09:27.118+0600][41.574s][info][gc,heap        ] GC(169) Survivor regions: 2->0(0)
[2026-04-03T02:09:27.118+0600][41.574s][info][gc,heap        ] GC(169) Old regions: 189->348
[2026-04-03T02:09:27.118+0600][41.574s][info][gc,heap        ] GC(169) Humongous regions: 102->8
[2026-04-03T02:09:27.118+0600][41.574s][info][gc,metaspace   ] GC(169) Metaspace: 130670K(132224K)->130670K(132224K) NonClass: 114178K(114880K)->114178K(114880K) Class: 16491K(17344K)->16491K(17344K)
[2026-04-03T02:09:27.118+0600][41.574s][info][gc             ] GC(169) Pause Young (Mixed) (G1 Evacuation Pause) (Evacuation Failure) 496M->353M(500M) 9.694ms
[2026-04-03T02:09:27.118+0600][41.574s][info][gc,cpu         ] GC(169) User=0.07s Sys=0.00s Real=0.01s
[2026-04-03T02:09:27.219+0600][41.674s][info][gc,start       ] GC(170) Pause Young (Mixed) (G1 Humongous Allocation)
[2026-04-03T02:09:27.219+0600][41.675s][info][gc,task        ] GC(170) Using 10 workers of 10 for evacuation
[2026-04-03T02:09:27.227+0600][41.683s][info][gc,phases      ] GC(170)   Pre Evacuate Collection Set: 0.60ms
[2026-04-03T02:09:27.227+0600][41.683s][info][gc,phases      ] GC(170)   Merge Heap Roots: 0.19ms
[2026-04-03T02:09:27.227+0600][41.683s][info][gc,phases      ] GC(170)   Evacuate Collection Set: 5.06ms
[2026-04-03T02:09:27.227+0600][41.683s][info][gc,phases      ] GC(170)   Post Evacuate Collection Set: 2.07ms
[2026-04-03T02:09:27.227+0600][41.683s][info][gc,phases      ] GC(170)   Other: 0.12ms
[2026-04-03T02:09:27.227+0600][41.683s][info][gc,heap        ] GC(170) Eden regions: 111->0(73)
[2026-04-03T02:09:27.227+0600][41.683s][info][gc,heap        ] GC(170) Survivor regions: 0->1(2)
[2026-04-03T02:09:27.227+0600][41.683s][info][gc,heap        ] GC(170) Old regions: 348->393
[2026-04-03T02:09:27.227+0600][41.683s][info][gc,heap        ] GC(170) Humongous regions: 39->8
[2026-04-03T02:09:27.227+0600][41.683s][info][gc,metaspace   ] GC(170) Metaspace: 130695K(132288K)->130695K(132288K) NonClass: 114203K(114944K)->114203K(114944K) Class: 16491K(17344K)->16491K(17344K)
[2026-04-03T02:09:27.227+0600][41.683s][info][gc             ] GC(170) Pause Young (Mixed) (G1 Humongous Allocation) (Evacuation Failure) 495M->399M(500M) 8.420ms
[2026-04-03T02:09:27.227+0600][41.683s][info][gc,cpu         ] GC(170) User=0.07s Sys=0.00s Real=0.01s
[2026-04-03T02:09:27.229+0600][41.685s][info][gc,start       ] GC(171) Pause Young (Concurrent Start) (G1 Humongous Allocation)
[2026-04-03T02:09:27.230+0600][41.685s][info][gc,task        ] GC(171) Using 10 workers of 10 for evacuation
[2026-04-03T02:09:27.233+0600][41.689s][info][gc,phases      ] GC(171)   Pre Evacuate Collection Set: 0.51ms
[2026-04-03T02:09:27.233+0600][41.689s][info][gc,phases      ] GC(171)   Merge Heap Roots: 0.15ms
[2026-04-03T02:09:27.233+0600][41.689s][info][gc,phases      ] GC(171)   Evacuate Collection Set: 1.79ms
[2026-04-03T02:09:27.233+0600][41.689s][info][gc,phases      ] GC(171)   Post Evacuate Collection Set: 0.59ms
[2026-04-03T02:09:27.233+0600][41.689s][info][gc,phases      ] GC(171)   Other: 0.27ms
[2026-04-03T02:09:27.233+0600][41.689s][info][gc,heap        ] GC(171) Eden regions: 2->0(72)
[2026-04-03T02:09:27.233+0600][41.689s][info][gc,heap        ] GC(171) Survivor regions: 1->2(10)
[2026-04-03T02:09:27.233+0600][41.689s][info][gc,heap        ] GC(171) Old regions: 393->393
[2026-04-03T02:09:27.233+0600][41.689s][info][gc,heap        ] GC(171) Humongous regions: 10->8
[2026-04-03T02:09:27.233+0600][41.689s][info][gc,metaspace   ] GC(171) Metaspace: 130695K(132288K)->130695K(132288K) NonClass: 114203K(114944K)->114203K(114944K) Class: 16491K(17344K)->16491K(17344K)
[2026-04-03T02:09:27.233+0600][41.689s][info][gc             ] GC(171) Pause Young (Concurrent Start) (G1 Humongous Allocation) 403M->399M(500M) 3.577ms
[2026-04-03T02:09:27.233+0600][41.689s][info][gc             ] GC(172) Concurrent Mark Cycle
[2026-04-03T02:09:27.233+0600][41.689s][info][gc,marking     ] GC(172) Concurrent Scan Root Regions
[2026-04-03T02:09:27.233+0600][41.689s][info][gc,cpu         ] GC(171) User=0.02s Sys=0.01s Real=0.01s
[2026-04-03T02:09:27.237+0600][41.693s][info][gc,marking     ] GC(172) Concurrent Scan Root Regions 3.731ms
[2026-04-03T02:09:27.237+0600][41.693s][info][gc,marking     ] GC(172) Concurrent Mark
[2026-04-03T02:09:27.237+0600][41.693s][info][gc,marking     ] GC(172) Concurrent Mark From Roots
[2026-04-03T02:09:27.237+0600][41.693s][info][gc,task        ] GC(172) Using 3 workers of 3 for marking
[2026-04-03T02:09:27.333+0600][41.788s][info][gc,marking     ] GC(172) Concurrent Mark From Roots 95.510ms
[2026-04-03T02:09:27.333+0600][41.788s][info][gc,marking     ] GC(172) Concurrent Preclean
[2026-04-03T02:09:27.333+0600][41.789s][info][gc,marking     ] GC(172) Concurrent Preclean 0.639ms
[2026-04-03T02:09:27.334+0600][41.789s][info][gc,start       ] GC(172) Pause Remark
[2026-04-03T02:09:27.342+0600][41.798s][info][gc             ] GC(172) Pause Remark 439M->408M(500M) 8.239ms
[2026-04-03T02:09:27.342+0600][41.798s][info][gc,cpu         ] GC(172) User=0.04s Sys=0.01s Real=0.01s
[2026-04-03T02:09:27.342+0600][41.798s][info][gc,marking     ] GC(172) Concurrent Mark 105.179ms
[2026-04-03T02:09:27.342+0600][41.798s][info][gc,marking     ] GC(172) Concurrent Rebuild Remembered Sets and Scrub Regions
[2026-04-03T02:09:27.386+0600][41.841s][info][gc,marking     ] GC(172) Concurrent Rebuild Remembered Sets and Scrub Regions 43.227ms
[2026-04-03T02:09:27.386+0600][41.842s][info][gc,start       ] GC(172) Pause Cleanup
[2026-04-03T02:09:27.386+0600][41.842s][info][gc             ] GC(172) Pause Cleanup 443M->443M(500M) 0.578ms
[2026-04-03T02:09:27.387+0600][41.842s][info][gc,cpu         ] GC(172) User=0.01s Sys=0.00s Real=0.00s
[2026-04-03T02:09:27.387+0600][41.843s][info][gc,marking     ] GC(172) Concurrent Clear Claimed Marks
[2026-04-03T02:09:27.387+0600][41.843s][info][gc,marking     ] GC(172) Concurrent Clear Claimed Marks 0.316ms
[2026-04-03T02:09:27.387+0600][41.843s][info][gc,marking     ] GC(172) Concurrent Cleanup for Next Mark
[2026-04-03T02:09:27.388+0600][41.844s][info][gc,marking     ] GC(172) Concurrent Cleanup for Next Mark 0.657ms
[2026-04-03T02:09:27.388+0600][41.844s][info][gc             ] GC(172) Concurrent Mark Cycle 154.694ms
[2026-04-03T02:09:27.395+0600][41.851s][info][gc,start       ] GC(173) Pause Young (Prepare Mixed) (G1 Humongous Allocation)
[2026-04-03T02:09:27.395+0600][41.851s][info][gc,task        ] GC(173) Using 10 workers of 10 for evacuation
[2026-04-03T02:09:27.398+0600][41.854s][info][gc,phases      ] GC(173)   Pre Evacuate Collection Set: 0.34ms
[2026-04-03T02:09:27.398+0600][41.854s][info][gc,phases      ] GC(173)   Merge Heap Roots: 0.17ms
[2026-04-03T02:09:27.398+0600][41.854s][info][gc,phases      ] GC(173)   Evacuate Collection Set: 1.84ms
[2026-04-03T02:09:27.398+0600][41.854s][info][gc,phases      ] GC(173)   Post Evacuate Collection Set: 0.50ms
[2026-04-03T02:09:27.398+0600][41.854s][info][gc,phases      ] GC(173)   Other: 0.09ms
[2026-04-03T02:09:27.398+0600][41.854s][info][gc,heap        ] GC(173) Eden regions: 45->0(102)
[2026-04-03T02:09:27.398+0600][41.854s][info][gc,heap        ] GC(173) Survivor regions: 2->3(10)
[2026-04-03T02:09:27.398+0600][41.854s][info][gc,heap        ] GC(173) Old regions: 362->362
[2026-04-03T02:09:27.398+0600][41.854s][info][gc,heap        ] GC(173) Humongous regions: 44->8
[2026-04-03T02:09:27.398+0600][41.854s][info][gc,metaspace   ] GC(173) Metaspace: 130697K(132288K)->130697K(132288K) NonClass: 114205K(114944K)->114205K(114944K) Class: 16491K(17344K)->16491K(17344K)
[2026-04-03T02:09:27.398+0600][41.854s][info][gc             ] GC(173) Pause Young (Prepare Mixed) (G1 Humongous Allocation) 449M->370M(500M) 3.175ms
[2026-04-03T02:09:27.398+0600][41.854s][info][gc,cpu         ] GC(173) User=0.02s Sys=0.00s Real=0.00s
[2026-04-03T02:09:27.400+0600][41.856s][info][gc,start       ] GC(174) Pause Young (Mixed) (G1 Humongous Allocation)
[2026-04-03T02:09:27.400+0600][41.856s][info][gc,task        ] GC(174) Using 10 workers of 10 for evacuation
[2026-04-03T02:09:27.403+0600][41.859s][info][gc,phases      ] GC(174)   Pre Evacuate Collection Set: 0.32ms
[2026-04-03T02:09:27.403+0600][41.859s][info][gc,phases      ] GC(174)   Merge Heap Roots: 0.15ms
[2026-04-03T02:09:27.403+0600][41.859s][info][gc,phases      ] GC(174)   Evacuate Collection Set: 1.80ms
[2026-04-03T02:09:27.403+0600][41.859s][info][gc,phases      ] GC(174)   Post Evacuate Collection Set: 0.57ms
[2026-04-03T02:09:27.403+0600][41.859s][info][gc,phases      ] GC(174)   Other: 0.09ms
[2026-04-03T02:09:27.403+0600][41.859s][info][gc,heap        ] GC(174) Eden regions: 2->0(151)
[2026-04-03T02:09:27.403+0600][41.859s][info][gc,heap        ] GC(174) Survivor regions: 3->3(14)
[2026-04-03T02:09:27.403+0600][41.859s][info][gc,heap        ] GC(174) Old regions: 362->313
[2026-04-03T02:09:27.403+0600][41.859s][info][gc,heap        ] GC(174) Humongous regions: 28->8
[2026-04-03T02:09:27.403+0600][41.859s][info][gc,metaspace   ] GC(174) Metaspace: 130697K(132288K)->130697K(132288K) NonClass: 114205K(114944K)->114205K(114944K) Class: 16491K(17344K)->16491K(17344K)
[2026-04-03T02:09:27.403+0600][41.859s][info][gc             ] GC(174) Pause Young (Mixed) (G1 Humongous Allocation) 391M->321M(500M) 3.215ms
[2026-04-03T02:09:27.403+0600][41.859s][info][gc,cpu         ] GC(174) User=0.03s Sys=0.00s Real=0.00s
[2026-04-03T02:09:27.407+0600][41.863s][info][gc,start       ] GC(175) Pause Young (Mixed) (G1 Humongous Allocation)
[2026-04-03T02:09:27.407+0600][41.863s][info][gc,task        ] GC(175) Using 10 workers of 10 for evacuation
[2026-04-03T02:09:27.411+0600][41.866s][info][gc,phases      ] GC(175)   Pre Evacuate Collection Set: 0.42ms
[2026-04-03T02:09:27.411+0600][41.867s][info][gc,phases      ] GC(175)   Merge Heap Roots: 0.20ms
[2026-04-03T02:09:27.411+0600][41.867s][info][gc,phases      ] GC(175)   Evacuate Collection Set: 1.85ms
[2026-04-03T02:09:27.411+0600][41.867s][info][gc,phases      ] GC(175)   Post Evacuate Collection Set: 0.58ms
[2026-04-03T02:09:27.411+0600][41.867s][info][gc,phases      ] GC(175)   Other: 0.09ms
[2026-04-03T02:09:27.411+0600][41.867s][info][gc,heap        ] GC(175) Eden regions: 5->0(190)
[2026-04-03T02:09:27.411+0600][41.867s][info][gc,heap        ] GC(175) Survivor regions: 3->4(20)
[2026-04-03T02:09:27.411+0600][41.867s][info][gc,heap        ] GC(175) Old regions: 313->263
[2026-04-03T02:09:27.411+0600][41.867s][info][gc,heap        ] GC(175) Humongous regions: 63->18
[2026-04-03T02:09:27.411+0600][41.867s][info][gc,metaspace   ] GC(175) Metaspace: 130698K(132288K)->130698K(132288K) NonClass: 114206K(114944K)->114206K(114944K) Class: 16491K(17344K)->16491K(17344K)
[2026-04-03T02:09:27.411+0600][41.867s][info][gc             ] GC(175) Pause Young (Mixed) (G1 Humongous Allocation) 380M->282M(500M) 3.467ms
[2026-04-03T02:09:27.411+0600][41.867s][info][gc,cpu         ] GC(175) User=0.02s Sys=0.00s Real=0.01s
[2026-04-03T02:09:27.418+0600][41.874s][info][gc,start       ] GC(176) Pause Young (Mixed) (G1 Humongous Allocation)
[2026-04-03T02:09:27.418+0600][41.874s][info][gc,task        ] GC(176) Using 10 workers of 10 for evacuation
[2026-04-03T02:09:27.421+0600][41.877s][info][gc,phases      ] GC(176)   Pre Evacuate Collection Set: 0.39ms
[2026-04-03T02:09:27.421+0600][41.877s][info][gc,phases      ] GC(176)   Merge Heap Roots: 0.29ms
[2026-04-03T02:09:27.421+0600][41.877s][info][gc,phases      ] GC(176)   Evacuate Collection Set: 1.89ms
[2026-04-03T02:09:27.422+0600][41.877s][info][gc,phases      ] GC(176)   Post Evacuate Collection Set: 0.65ms
[2026-04-03T02:09:27.422+0600][41.877s][info][gc,phases      ] GC(176)   Other: 0.09ms
[2026-04-03T02:09:27.422+0600][41.877s][info][gc,heap        ] GC(176) Eden regions: 8->0(249)
[2026-04-03T02:09:27.422+0600][41.877s][info][gc,heap        ] GC(176) Survivor regions: 4->5(25)
[2026-04-03T02:09:27.422+0600][41.877s][info][gc,heap        ] GC(176) Old regions: 263->213
[2026-04-03T02:09:27.422+0600][41.877s][info][gc,heap        ] GC(176) Humongous regions: 103->8
[2026-04-03T02:09:27.422+0600][41.877s][info][gc,metaspace   ] GC(176) Metaspace: 130698K(132288K)->130698K(132288K) NonClass: 114206K(114944K)->114206K(114944K) Class: 16491K(17344K)->16491K(17344K)
[2026-04-03T02:09:27.422+0600][41.877s][info][gc             ] GC(176) Pause Young (Mixed) (G1 Humongous Allocation) 375M->223M(500M) 3.607ms
[2026-04-03T02:09:27.422+0600][41.878s][info][gc,cpu         ] GC(176) User=0.02s Sys=0.00s Real=0.01s
[2026-04-03T02:09:27.435+0600][41.891s][info][gc,start       ] GC(177) Pause Young (Mixed) (G1 Humongous Allocation)
[2026-04-03T02:09:27.435+0600][41.891s][info][gc,task        ] GC(177) Using 10 workers of 10 for evacuation
[2026-04-03T02:09:27.438+0600][41.894s][info][gc,phases      ] GC(177)   Pre Evacuate Collection Set: 0.35ms
[2026-04-03T02:09:27.438+0600][41.894s][info][gc,phases      ] GC(177)   Merge Heap Roots: 0.14ms
[2026-04-03T02:09:27.438+0600][41.894s][info][gc,phases      ] GC(177)   Evacuate Collection Set: 1.79ms
[2026-04-03T02:09:27.438+0600][41.894s][info][gc,phases      ] GC(177)   Post Evacuate Collection Set: 0.71ms
[2026-04-03T02:09:27.438+0600][41.894s][info][gc,phases      ] GC(177)   Other: 0.09ms
[2026-04-03T02:09:27.438+0600][41.894s][info][gc,heap        ] GC(177) Eden regions: 14->0(297)
[2026-04-03T02:09:27.438+0600][41.894s][info][gc,heap        ] GC(177) Survivor regions: 5->3(32)
[2026-04-03T02:09:27.438+0600][41.894s][info][gc,heap        ] GC(177) Old regions: 213->164
[2026-04-03T02:09:27.438+0600][41.894s][info][gc,heap        ] GC(177) Humongous regions: 167->8
[2026-04-03T02:09:27.438+0600][41.894s][info][gc,metaspace   ] GC(177) Metaspace: 130698K(132288K)->130698K(132288K) NonClass: 114206K(114944K)->114206K(114944K) Class: 16491K(17344K)->16491K(17344K)
[2026-04-03T02:09:27.438+0600][41.894s][info][gc             ] GC(177) Pause Young (Mixed) (G1 Humongous Allocation) 396M->173M(500M) 3.336ms
[2026-04-03T02:09:27.438+0600][41.894s][info][gc,cpu         ] GC(177) User=0.02s Sys=0.00s Real=0.00s
[2026-04-03T02:09:27.504+0600][41.960s][info][gc,start       ] GC(178) Pause Young (Mixed) (G1 Humongous Allocation)
[2026-04-03T02:09:27.504+0600][41.960s][info][gc,task        ] GC(178) Using 10 workers of 10 for evacuation
[2026-04-03T02:09:27.508+0600][41.964s][info][gc,phases      ] GC(178)   Pre Evacuate Collection Set: 0.44ms
[2026-04-03T02:09:27.508+0600][41.964s][info][gc,phases      ] GC(178)   Merge Heap Roots: 0.18ms
[2026-04-03T02:09:27.508+0600][41.964s][info][gc,phases      ] GC(178)   Evacuate Collection Set: 2.16ms
[2026-04-03T02:09:27.508+0600][41.964s][info][gc,phases      ] GC(178)   Post Evacuate Collection Set: 0.77ms
[2026-04-03T02:09:27.508+0600][41.964s][info][gc,phases      ] GC(178)   Other: 0.09ms
[2026-04-03T02:09:27.508+0600][41.964s][info][gc,heap        ] GC(178) Eden regions: 51->0(294)
[2026-04-03T02:09:27.508+0600][41.964s][info][gc,heap        ] GC(178) Survivor regions: 3->6(38)
[2026-04-03T02:09:27.508+0600][41.964s][info][gc,heap        ] GC(178) Old regions: 164->116
[2026-04-03T02:09:27.508+0600][41.964s][info][gc,heap        ] GC(178) Humongous regions: 243->18
[2026-04-03T02:09:27.508+0600][41.964s][info][gc,metaspace   ] GC(178) Metaspace: 130699K(132288K)->130699K(132288K) NonClass: 114207K(114944K)->114207K(114944K) Class: 16491K(17344K)->16491K(17344K)
[2026-04-03T02:09:27.508+0600][41.964s][info][gc             ] GC(178) Pause Young (Mixed) (G1 Humongous Allocation) 458M->138M(500M) 3.923ms
[2026-04-03T02:09:27.508+0600][41.964s][info][gc,cpu         ] GC(178) User=0.02s Sys=0.00s Real=0.00s
[2026-04-03T02:09:27.762+0600][42.218s][info][gc,start       ] GC(179) Pause Young (Mixed) (G1 Evacuation Pause)
[2026-04-03T02:09:27.762+0600][42.218s][info][gc,task        ] GC(179) Using 10 workers of 10 for evacuation
[2026-04-03T02:09:27.766+0600][42.222s][info][gc,phases      ] GC(179)   Pre Evacuate Collection Set: 0.25ms
[2026-04-03T02:09:27.766+0600][42.222s][info][gc,phases      ] GC(179)   Merge Heap Roots: 0.11ms
[2026-04-03T02:09:27.766+0600][42.222s][info][gc,phases      ] GC(179)   Evacuate Collection Set: 1.62ms
[2026-04-03T02:09:27.766+0600][42.222s][info][gc,phases      ] GC(179)   Post Evacuate Collection Set: 1.53ms
[2026-04-03T02:09:27.766+0600][42.222s][info][gc,phases      ] GC(179)   Other: 0.07ms
[2026-04-03T02:09:27.766+0600][42.222s][info][gc,heap        ] GC(179) Eden regions: 138->0(260)
[2026-04-03T02:09:27.766+0600][42.222s][info][gc,heap        ] GC(179) Survivor regions: 6->0(0)
[2026-04-03T02:09:27.766+0600][42.222s][info][gc,heap        ] GC(179) Old regions: 116->207
[2026-04-03T02:09:27.766+0600][42.222s][info][gc,heap        ] GC(179) Humongous regions: 240->8
[2026-04-03T02:09:27.766+0600][42.222s][info][gc,metaspace   ] GC(179) Metaspace: 130731K(132288K)->130731K(132288K) NonClass: 114239K(114944K)->114239K(114944K) Class: 16492K(17344K)->16492K(17344K)
[2026-04-03T02:09:27.766+0600][42.222s][info][gc             ] GC(179) Pause Young (Mixed) (G1 Evacuation Pause) (Evacuation Failure) 498M->213M(500M) 3.804ms
[2026-04-03T02:09:27.766+0600][42.222s][info][gc,cpu         ] GC(179) User=0.02s Sys=0.00s Real=0.00s
[2026-04-03T02:09:28.007+0600][42.463s][info][gc,start       ] GC(180) Pause Young (Concurrent Start) (G1 Humongous Allocation)
[2026-04-03T02:09:28.007+0600][42.463s][info][gc,task        ] GC(180) Using 10 workers of 10 for evacuation
[2026-04-03T02:09:28.009+0600][42.465s][info][gc,phases      ] GC(180)   Pre Evacuate Collection Set: 0.30ms
[2026-04-03T02:09:28.009+0600][42.465s][info][gc,phases      ] GC(180)   Merge Heap Roots: 0.12ms
[2026-04-03T02:09:28.009+0600][42.465s][info][gc,phases      ] GC(180)   Evacuate Collection Set: 1.13ms
[2026-04-03T02:09:28.009+0600][42.465s][info][gc,phases      ] GC(180)   Post Evacuate Collection Set: 0.48ms
[2026-04-03T02:09:28.009+0600][42.465s][info][gc,phases      ] GC(180)   Other: 0.09ms
[2026-04-03T02:09:28.009+0600][42.465s][info][gc,heap        ] GC(180) Eden regions: 123->0(249)
[2026-04-03T02:09:28.009+0600][42.465s][info][gc,heap        ] GC(180) Survivor regions: 0->1(33)
[2026-04-03T02:09:28.009+0600][42.465s][info][gc,heap        ] GC(180) Old regions: 207->207
[2026-04-03T02:09:28.009+0600][42.465s][info][gc,heap        ] GC(180) Humongous regions: 8->8
[2026-04-03T02:09:28.009+0600][42.465s][info][gc,metaspace   ] GC(180) Metaspace: 130732K(132288K)->130732K(132288K) NonClass: 114240K(114944K)->114240K(114944K) Class: 16492K(17344K)->16492K(17344K)
[2026-04-03T02:09:28.009+0600][42.465s][info][gc             ] GC(180) Pause Young (Concurrent Start) (G1 Humongous Allocation) 336M->214M(500M) 2.323ms
[2026-04-03T02:09:28.009+0600][42.465s][info][gc             ] GC(181) Concurrent Mark Cycle
[2026-04-03T02:09:28.010+0600][42.465s][info][gc,cpu         ] GC(180) User=0.01s Sys=0.00s Real=0.00s
[2026-04-03T02:09:28.010+0600][42.465s][info][gc,marking     ] GC(181) Concurrent Scan Root Regions
[2026-04-03T02:09:28.012+0600][42.468s][info][gc,marking     ] GC(181) Concurrent Scan Root Regions 2.231ms
[2026-04-03T02:09:28.012+0600][42.468s][info][gc,marking     ] GC(181) Concurrent Mark
[2026-04-03T02:09:28.012+0600][42.468s][info][gc,marking     ] GC(181) Concurrent Mark From Roots
[2026-04-03T02:09:28.012+0600][42.468s][info][gc,task        ] GC(181) Using 3 workers of 3 for marking
[2026-04-03T02:09:28.130+0600][42.586s][info][gc,marking     ] GC(181) Concurrent Mark From Roots 117.968ms
[2026-04-03T02:09:28.130+0600][42.586s][info][gc,marking     ] GC(181) Concurrent Preclean
[2026-04-03T02:09:28.131+0600][42.587s][info][gc,marking     ] GC(181) Concurrent Preclean 0.898ms
[2026-04-03T02:09:28.131+0600][42.587s][info][gc,start       ] GC(181) Pause Remark
[2026-04-03T02:09:28.141+0600][42.596s][info][gc             ] GC(181) Pause Remark 368M->361M(500M) 9.346ms
[2026-04-03T02:09:28.141+0600][42.597s][info][gc,cpu         ] GC(181) User=0.06s Sys=0.01s Real=0.01s
[2026-04-03T02:09:28.142+0600][42.598s][info][gc,marking     ] GC(181) Concurrent Mark 130.432ms
[2026-04-03T02:09:28.142+0600][42.598s][info][gc,marking     ] GC(181) Concurrent Rebuild Remembered Sets and Scrub Regions
[2026-04-03T02:09:28.193+0600][42.649s][info][gc,marking     ] GC(181) Concurrent Rebuild Remembered Sets and Scrub Regions 50.811ms
[2026-04-03T02:09:28.194+0600][42.650s][info][gc,start       ] GC(181) Pause Cleanup
[2026-04-03T02:09:28.194+0600][42.650s][info][gc             ] GC(181) Pause Cleanup 406M->406M(500M) 0.649ms
[2026-04-03T02:09:28.194+0600][42.650s][info][gc,cpu         ] GC(181) User=0.00s Sys=0.00s Real=0.00s
[2026-04-03T02:09:28.195+0600][42.650s][info][gc,marking     ] GC(181) Concurrent Clear Claimed Marks
[2026-04-03T02:09:28.195+0600][42.651s][info][gc,marking     ] GC(181) Concurrent Clear Claimed Marks 0.363ms
[2026-04-03T02:09:28.195+0600][42.651s][info][gc,marking     ] GC(181) Concurrent Cleanup for Next Mark
[2026-04-03T02:09:28.196+0600][42.652s][info][gc,marking     ] GC(181) Concurrent Cleanup for Next Mark 1.005ms
[2026-04-03T02:09:28.196+0600][42.652s][info][gc             ] GC(181) Concurrent Mark Cycle 186.558ms
[2026-04-03T02:09:28.259+0600][42.715s][info][gc,start       ] GC(182) Pause Young (Prepare Mixed) (GCLocker Initiated GC)
[2026-04-03T02:09:28.260+0600][42.715s][info][gc,task        ] GC(182) Using 10 workers of 10 for evacuation
[2026-04-03T02:09:28.265+0600][42.721s][info][gc,phases      ] GC(182)   Pre Evacuate Collection Set: 0.49ms
[2026-04-03T02:09:28.265+0600][42.721s][info][gc,phases      ] GC(182)   Merge Heap Roots: 0.34ms
[2026-04-03T02:09:28.265+0600][42.721s][info][gc,phases      ] GC(182)   Evacuate Collection Set: 2.49ms
[2026-04-03T02:09:28.265+0600][42.721s][info][gc,phases      ] GC(182)   Post Evacuate Collection Set: 1.84ms
[2026-04-03T02:09:28.265+0600][42.721s][info][gc,phases      ] GC(182)   Other: 0.12ms
[2026-04-03T02:09:28.265+0600][42.721s][info][gc,heap        ] GC(182) Eden regions: 160->0(198)
[2026-04-03T02:09:28.265+0600][42.721s][info][gc,heap        ] GC(182) Survivor regions: 1->0(0)
[2026-04-03T02:09:28.265+0600][42.721s][info][gc,heap        ] GC(182) Old regions: 200->269
[2026-04-03T02:09:28.265+0600][42.721s][info][gc,heap        ] GC(182) Humongous regions: 139->8
[2026-04-03T02:09:28.265+0600][42.721s][info][gc,metaspace   ] GC(182) Metaspace: 130742K(132288K)->130742K(132288K) NonClass: 114250K(114944K)->114250K(114944K) Class: 16492K(17344K)->16492K(17344K)
[2026-04-03T02:09:28.265+0600][42.721s][info][gc             ] GC(182) Pause Young (Prepare Mixed) (GCLocker Initiated GC) (Evacuation Failure) 498M->275M(500M) 5.574ms
[2026-04-03T02:09:28.265+0600][42.721s][info][gc,cpu         ] GC(182) User=0.04s Sys=0.01s Real=0.01s
[2026-04-03T02:09:28.423+0600][42.879s][info][gc,start       ] GC(183) Pause Young (Mixed) (G1 Humongous Allocation)
[2026-04-03T02:09:28.424+0600][42.879s][info][gc,task        ] GC(183) Using 10 workers of 10 for evacuation
[2026-04-03T02:09:28.426+0600][42.882s][info][gc,phases      ] GC(183)   Pre Evacuate Collection Set: 0.46ms
[2026-04-03T02:09:28.426+0600][42.882s][info][gc,phases      ] GC(183)   Merge Heap Roots: 0.17ms
[2026-04-03T02:09:28.426+0600][42.882s][info][gc,phases      ] GC(183)   Evacuate Collection Set: 1.13ms
[2026-04-03T02:09:28.426+0600][42.882s][info][gc,phases      ] GC(183)   Post Evacuate Collection Set: 0.57ms
[2026-04-03T02:09:28.426+0600][42.882s][info][gc,phases      ] GC(183)   Other: 0.11ms
[2026-04-03T02:09:28.426+0600][42.882s][info][gc,heap        ] GC(183) Eden regions: 119->0(245)
[2026-04-03T02:09:28.426+0600][42.882s][info][gc,heap        ] GC(183) Survivor regions: 0->1(4)
[2026-04-03T02:09:28.426+0600][42.882s][info][gc,heap        ] GC(183) Old regions: 269->220
[2026-04-03T02:09:28.426+0600][42.882s][info][gc,heap        ] GC(183) Humongous regions: 108->8
[2026-04-03T02:09:28.426+0600][42.882s][info][gc,metaspace   ] GC(183) Metaspace: 130751K(132288K)->130751K(132288K) NonClass: 114258K(114944K)->114258K(114944K) Class: 16492K(17344K)->16492K(17344K)
[2026-04-03T02:09:28.426+0600][42.882s][info][gc             ] GC(183) Pause Young (Mixed) (G1 Humongous Allocation) 494M->226M(500M) 2.709ms
[2026-04-03T02:09:28.426+0600][42.882s][info][gc,cpu         ] GC(183) User=0.01s Sys=0.00s Real=0.00s
[2026-04-03T02:09:28.616+0600][43.072s][info][gc,start       ] GC(184) Pause Young (Mixed) (GCLocker Initiated GC)
[2026-04-03T02:09:28.617+0600][43.072s][info][gc,task        ] GC(184) Using 10 workers of 10 for evacuation
[2026-04-03T02:09:28.621+0600][43.077s][info][gc,phases      ] GC(184)   Pre Evacuate Collection Set: 0.55ms
[2026-04-03T02:09:28.621+0600][43.077s][info][gc,phases      ] GC(184)   Merge Heap Roots: 0.25ms
[2026-04-03T02:09:28.621+0600][43.077s][info][gc,phases      ] GC(184)   Evacuate Collection Set: 2.65ms
[2026-04-03T02:09:28.621+0600][43.077s][info][gc,phases      ] GC(184)   Post Evacuate Collection Set: 1.07ms
[2026-04-03T02:09:28.621+0600][43.077s][info][gc,phases      ] GC(184)   Other: 0.11ms
[2026-04-03T02:09:28.621+0600][43.077s][info][gc,heap        ] GC(184) Eden regions: 158->0(263)
[2026-04-03T02:09:28.621+0600][43.077s][info][gc,heap        ] GC(184) Survivor regions: 1->2(3)
[2026-04-03T02:09:28.621+0600][43.077s][info][gc,heap        ] GC(184) Old regions: 220->198
[2026-04-03T02:09:28.621+0600][43.077s][info][gc,heap        ] GC(184) Humongous regions: 118->8
[2026-04-03T02:09:28.621+0600][43.077s][info][gc,metaspace   ] GC(184) Metaspace: 130763K(132288K)->130763K(132288K) NonClass: 114271K(114944K)->114271K(114944K) Class: 16492K(17344K)->16492K(17344K)
[2026-04-03T02:09:28.621+0600][43.077s][info][gc             ] GC(184) Pause Young (Mixed) (GCLocker Initiated GC) (Evacuation Failure) 494M->207M(500M) 4.918ms
[2026-04-03T02:09:28.622+0600][43.077s][info][gc,cpu         ] GC(184) User=0.03s Sys=0.00s Real=0.01s
[2026-04-03T02:09:28.623+0600][43.079s][info][gc,start       ] GC(185) Pause Young (Concurrent Start) (GCLocker Initiated GC)
[2026-04-03T02:09:28.623+0600][43.079s][info][gc,task        ] GC(185) Using 10 workers of 10 for evacuation
[2026-04-03T02:09:28.627+0600][43.083s][info][gc,phases      ] GC(185)   Pre Evacuate Collection Set: 0.47ms
[2026-04-03T02:09:28.627+0600][43.083s][info][gc,phases      ] GC(185)   Merge Heap Roots: 0.16ms
[2026-04-03T02:09:28.627+0600][43.083s][info][gc,phases      ] GC(185)   Evacuate Collection Set: 2.25ms
[2026-04-03T02:09:28.627+0600][43.083s][info][gc,phases      ] GC(185)   Post Evacuate Collection Set: 0.81ms
[2026-04-03T02:09:28.627+0600][43.083s][info][gc,phases      ] GC(185)   Other: 0.26ms
[2026-04-03T02:09:28.627+0600][43.083s][info][gc,heap        ] GC(185) Eden regions: 5->0(243)
[2026-04-03T02:09:28.627+0600][43.083s][info][gc,heap        ] GC(185) Survivor regions: 2->3(34)
[2026-04-03T02:09:28.627+0600][43.083s][info][gc,heap        ] GC(185) Old regions: 198->198
[2026-04-03T02:09:28.627+0600][43.083s][info][gc,heap        ] GC(185) Humongous regions: 10->10
[2026-04-03T02:09:28.627+0600][43.083s][info][gc,metaspace   ] GC(185) Metaspace: 130763K(132288K)->130763K(132288K) NonClass: 114271K(114944K)->114271K(114944K) Class: 16492K(17344K)->16492K(17344K)
[2026-04-03T02:09:28.627+0600][43.083s][info][gc             ] GC(185) Pause Young (Concurrent Start) (GCLocker Initiated GC) 213M->209M(500M) 4.319ms
[2026-04-03T02:09:28.628+0600][43.083s][info][gc,cpu         ] GC(185) User=0.03s Sys=0.00s Real=0.00s
[2026-04-03T02:09:28.628+0600][43.083s][info][gc             ] GC(186) Concurrent Mark Cycle
[2026-04-03T02:09:28.628+0600][43.084s][info][gc,marking     ] GC(186) Concurrent Scan Root Regions
[2026-04-03T02:09:28.631+0600][43.087s][info][gc,marking     ] GC(186) Concurrent Scan Root Regions 3.414ms
[2026-04-03T02:09:28.631+0600][43.087s][info][gc,marking     ] GC(186) Concurrent Mark
[2026-04-03T02:09:28.631+0600][43.087s][info][gc,marking     ] GC(186) Concurrent Mark From Roots
[2026-04-03T02:09:28.631+0600][43.087s][info][gc,task        ] GC(186) Using 3 workers of 3 for marking
[2026-04-03T02:09:28.738+0600][43.194s][info][gc,marking     ] GC(186) Concurrent Mark From Roots 106.775ms
[2026-04-03T02:09:28.738+0600][43.194s][info][gc,marking     ] GC(186) Concurrent Preclean
[2026-04-03T02:09:28.738+0600][43.194s][info][gc,marking     ] GC(186) Concurrent Preclean 0.410ms
[2026-04-03T02:09:28.739+0600][43.195s][info][gc,start       ] GC(186) Pause Remark
[2026-04-03T02:09:28.746+0600][43.202s][info][gc             ] GC(186) Pause Remark 337M->328M(500M) 7.181ms
[2026-04-03T02:09:28.746+0600][43.202s][info][gc,cpu         ] GC(186) User=0.05s Sys=0.00s Real=0.01s
[2026-04-03T02:09:28.746+0600][43.202s][info][gc,marking     ] GC(186) Concurrent Mark 115.122ms
[2026-04-03T02:09:28.746+0600][43.202s][info][gc,marking     ] GC(186) Concurrent Rebuild Remembered Sets and Scrub Regions
[2026-04-03T02:09:28.793+0600][43.249s][info][gc,marking     ] GC(186) Concurrent Rebuild Remembered Sets and Scrub Regions 46.667ms
[2026-04-03T02:09:28.793+0600][43.249s][info][gc,start       ] GC(186) Pause Cleanup
[2026-04-03T02:09:28.794+0600][43.250s][info][gc             ] GC(186) Pause Cleanup 370M->370M(500M) 0.535ms
[2026-04-03T02:09:28.794+0600][43.250s][info][gc,cpu         ] GC(186) User=0.00s Sys=0.00s Real=0.00s
[2026-04-03T02:09:28.794+0600][43.250s][info][gc,marking     ] GC(186) Concurrent Clear Claimed Marks
[2026-04-03T02:09:28.795+0600][43.251s][info][gc,marking     ] GC(186) Concurrent Clear Claimed Marks 0.335ms
[2026-04-03T02:09:28.795+0600][43.251s][info][gc,marking     ] GC(186) Concurrent Cleanup for Next Mark
[2026-04-03T02:09:28.795+0600][43.251s][info][gc,marking     ] GC(186) Concurrent Cleanup for Next Mark 0.750ms
[2026-04-03T02:09:28.795+0600][43.251s][info][gc             ] GC(186) Concurrent Mark Cycle 167.894ms
[2026-04-03T02:09:28.916+0600][43.372s][info][gc,start       ] GC(187) Pause Young (Prepare Mixed) (G1 Humongous Allocation)
[2026-04-03T02:09:28.916+0600][43.372s][info][gc,task        ] GC(187) Using 10 workers of 10 for evacuation
[2026-04-03T02:09:28.919+0600][43.375s][info][gc,phases      ] GC(187)   Pre Evacuate Collection Set: 0.27ms
[2026-04-03T02:09:28.919+0600][43.375s][info][gc,phases      ] GC(187)   Merge Heap Roots: 0.16ms
[2026-04-03T02:09:28.919+0600][43.375s][info][gc,phases      ] GC(187)   Evacuate Collection Set: 1.54ms
[2026-04-03T02:09:28.919+0600][43.375s][info][gc,phases      ] GC(187)   Post Evacuate Collection Set: 0.83ms
[2026-04-03T02:09:28.919+0600][43.375s][info][gc,phases      ] GC(187)   Other: 0.07ms
[2026-04-03T02:09:28.919+0600][43.375s][info][gc,heap        ] GC(187) Eden regions: 162->0(257)
[2026-04-03T02:09:28.919+0600][43.375s][info][gc,heap        ] GC(187) Survivor regions: 3->4(24)
[2026-04-03T02:09:28.919+0600][43.375s][info][gc,heap        ] GC(187) Old regions: 189->189
[2026-04-03T02:09:28.919+0600][43.375s][info][gc,heap        ] GC(187) Humongous regions: 122->10
[2026-04-03T02:09:28.919+0600][43.375s][info][gc,metaspace   ] GC(187) Metaspace: 130775K(132288K)->130775K(132288K) NonClass: 114282K(114944K)->114282K(114944K) Class: 16492K(17344K)->16492K(17344K)
[2026-04-03T02:09:28.919+0600][43.375s][info][gc             ] GC(187) Pause Young (Prepare Mixed) (G1 Humongous Allocation) 474M->201M(500M) 3.092ms
[2026-04-03T02:09:28.919+0600][43.375s][info][gc,cpu         ] GC(187) User=0.02s Sys=0.00s Real=0.00s
[2026-04-03T02:09:29.164+0600][43.620s][info][gc,start       ] GC(188) Pause Young (Mixed) (G1 Evacuation Pause)
[2026-04-03T02:09:29.164+0600][43.620s][info][gc,task        ] GC(188) Using 10 workers of 10 for evacuation
[2026-04-03T02:09:29.175+0600][43.630s][info][gc,phases      ] GC(188)   Pre Evacuate Collection Set: 0.53ms
[2026-04-03T02:09:29.175+0600][43.631s][info][gc,phases      ] GC(188)   Merge Heap Roots: 0.31ms
[2026-04-03T02:09:29.175+0600][43.631s][info][gc,phases      ] GC(188)   Evacuate Collection Set: 5.87ms
[2026-04-03T02:09:29.175+0600][43.631s][info][gc,phases      ] GC(188)   Post Evacuate Collection Set: 3.55ms
[2026-04-03T02:09:29.175+0600][43.631s][info][gc,phases      ] GC(188)   Other: 0.13ms
[2026-04-03T02:09:29.175+0600][43.631s][info][gc,heap        ] GC(188) Eden regions: 221->0(174)
[2026-04-03T02:09:29.175+0600][43.631s][info][gc,heap        ] GC(188) Survivor regions: 4->0(0)
[2026-04-03T02:09:29.175+0600][43.631s][info][gc,heap        ] GC(188) Old regions: 189->291
[2026-04-03T02:09:29.175+0600][43.631s][info][gc,heap        ] GC(188) Humongous regions: 86->10
[2026-04-03T02:09:29.175+0600][43.631s][info][gc,metaspace   ] GC(188) Metaspace: 130778K(132288K)->130778K(132288K) NonClass: 114285K(114944K)->114285K(114944K) Class: 16492K(17344K)->16492K(17344K)
[2026-04-03T02:09:29.175+0600][43.631s][info][gc             ] GC(188) Pause Young (Mixed) (G1 Evacuation Pause) (Evacuation Failure) 498M->299M(500M) 10.842ms
[2026-04-03T02:09:29.175+0600][43.631s][info][gc,cpu         ] GC(188) User=0.10s Sys=0.00s Real=0.01s
[2026-04-03T02:09:29.299+0600][43.755s][info][gc,start       ] GC(189) Pause Young (Mixed) (G1 Humongous Allocation)
[2026-04-03T02:09:29.299+0600][43.755s][info][gc,task        ] GC(189) Using 10 workers of 10 for evacuation
[2026-04-03T02:09:29.304+0600][43.760s][info][gc,phases      ] GC(189)   Pre Evacuate Collection Set: 0.47ms
[2026-04-03T02:09:29.304+0600][43.760s][info][gc,phases      ] GC(189)   Merge Heap Roots: 0.29ms
[2026-04-03T02:09:29.304+0600][43.760s][info][gc,phases      ] GC(189)   Evacuate Collection Set: 3.36ms
[2026-04-03T02:09:29.304+0600][43.760s][info][gc,phases      ] GC(189)   Post Evacuate Collection Set: 0.58ms
[2026-04-03T02:09:29.304+0600][43.760s][info][gc,phases      ] GC(189)   Other: 0.13ms
[2026-04-03T02:09:29.304+0600][43.760s][info][gc,heap        ] GC(189) Eden regions: 73->0(191)
[2026-04-03T02:09:29.304+0600][43.760s][info][gc,heap        ] GC(189) Survivor regions: 0->4(22)
[2026-04-03T02:09:29.304+0600][43.760s][info][gc,heap        ] GC(189) Old regions: 291->260
[2026-04-03T02:09:29.304+0600][43.760s][info][gc,heap        ] GC(189) Humongous regions: 101->20
[2026-04-03T02:09:29.304+0600][43.760s][info][gc,metaspace   ] GC(189) Metaspace: 130782K(132288K)->130782K(132288K) NonClass: 114289K(114944K)->114289K(114944K) Class: 16492K(17344K)->16492K(17344K)
[2026-04-03T02:09:29.304+0600][43.760s][info][gc             ] GC(189) Pause Young (Mixed) (G1 Humongous Allocation) 463M->281M(500M) 5.138ms
[2026-04-03T02:09:29.304+0600][43.760s][info][gc,cpu         ] GC(189) User=0.03s Sys=0.00s Real=0.01s
[2026-04-03T02:09:29.305+0600][43.761s][info][gc,start       ] GC(190) Pause Young (Concurrent Start) (G1 Humongous Allocation)
[2026-04-03T02:09:29.305+0600][43.761s][info][gc,task        ] GC(190) Using 10 workers of 10 for evacuation
[2026-04-03T02:09:29.309+0600][43.765s][info][gc,phases      ] GC(190)   Pre Evacuate Collection Set: 0.42ms
[2026-04-03T02:09:29.309+0600][43.765s][info][gc,phases      ] GC(190)   Merge Heap Roots: 0.15ms
[2026-04-03T02:09:29.309+0600][43.765s][info][gc,phases      ] GC(190)   Evacuate Collection Set: 2.45ms
[2026-04-03T02:09:29.309+0600][43.765s][info][gc,phases      ] GC(190)   Post Evacuate Collection Set: 0.74ms
[2026-04-03T02:09:29.309+0600][43.765s][info][gc,phases      ] GC(190)   Other: 0.11ms
[2026-04-03T02:09:29.309+0600][43.765s][info][gc,heap        ] GC(190) Eden regions: 2->0(156)
[2026-04-03T02:09:29.310+0600][43.765s][info][gc,heap        ] GC(190) Survivor regions: 4->4(25)
[2026-04-03T02:09:29.310+0600][43.765s][info][gc,heap        ] GC(190) Old regions: 260->260
[2026-04-03T02:09:29.310+0600][43.765s][info][gc,heap        ] GC(190) Humongous regions: 25->10
[2026-04-03T02:09:29.310+0600][43.765s][info][gc,metaspace   ] GC(190) Metaspace: 130782K(132288K)->130782K(132288K) NonClass: 114289K(114944K)->114289K(114944K) Class: 16492K(17344K)->16492K(17344K)
[2026-04-03T02:09:29.310+0600][43.765s][info][gc             ] GC(190) Pause Young (Concurrent Start) (G1 Humongous Allocation) 288M->271M(500M) 4.147ms
[2026-04-03T02:09:29.310+0600][43.765s][info][gc             ] GC(191) Concurrent Mark Cycle
[2026-04-03T02:09:29.310+0600][43.766s][info][gc,marking     ] GC(191) Concurrent Scan Root Regions
[2026-04-03T02:09:29.310+0600][43.766s][info][gc,cpu         ] GC(190) User=0.03s Sys=0.00s Real=0.01s
[2026-04-03T02:09:29.313+0600][43.769s][info][gc,marking     ] GC(191) Concurrent Scan Root Regions 3.308ms
[2026-04-03T02:09:29.313+0600][43.769s][info][gc,marking     ] GC(191) Concurrent Mark
[2026-04-03T02:09:29.313+0600][43.769s][info][gc,marking     ] GC(191) Concurrent Mark From Roots
[2026-04-03T02:09:29.313+0600][43.769s][info][gc,task        ] GC(191) Using 3 workers of 3 for marking
[2026-04-03T02:09:29.322+0600][43.778s][info][gc,start       ] GC(192) Pause Young (Normal) (G1 Humongous Allocation)
[2026-04-03T02:09:29.322+0600][43.778s][info][gc,task        ] GC(192) Using 10 workers of 10 for evacuation
[2026-04-03T02:09:29.327+0600][43.783s][info][gc,phases      ] GC(192)   Pre Evacuate Collection Set: 0.56ms
[2026-04-03T02:09:29.327+0600][43.783s][info][gc,phases      ] GC(192)   Merge Heap Roots: 0.22ms
[2026-04-03T02:09:29.327+0600][43.783s][info][gc,phases      ] GC(192)   Evacuate Collection Set: 2.69ms
[2026-04-03T02:09:29.327+0600][43.783s][info][gc,phases      ] GC(192)   Post Evacuate Collection Set: 0.87ms
[2026-04-03T02:09:29.327+0600][43.783s][info][gc,phases      ] GC(192)   Other: 0.14ms
[2026-04-03T02:09:29.327+0600][43.783s][info][gc,heap        ] GC(192) Eden regions: 10->0(155)
[2026-04-03T02:09:29.327+0600][43.783s][info][gc,heap        ] GC(192) Survivor regions: 4->5(20)
[2026-04-03T02:09:29.327+0600][43.783s][info][gc,heap        ] GC(192) Old regions: 260->260
[2026-04-03T02:09:29.327+0600][43.783s][info][gc,heap        ] GC(192) Humongous regions: 130->10
[2026-04-03T02:09:29.327+0600][43.783s][info][gc,metaspace   ] GC(192) Metaspace: 130782K(132288K)->130782K(132288K) NonClass: 114289K(114944K)->114289K(114944K) Class: 16492K(17344K)->16492K(17344K)
[2026-04-03T02:09:29.327+0600][43.783s][info][gc             ] GC(192) Pause Young (Normal) (G1 Humongous Allocation) 401M->272M(500M) 4.827ms
[2026-04-03T02:09:29.327+0600][43.783s][info][gc,cpu         ] GC(192) User=0.04s Sys=0.00s Real=0.00s
[2026-04-03T02:09:29.343+0600][43.799s][info][gc,start       ] GC(193) Pause Young (Normal) (G1 Humongous Allocation)
[2026-04-03T02:09:29.343+0600][43.799s][info][gc,task        ] GC(193) Using 10 workers of 10 for evacuation
[2026-04-03T02:09:29.347+0600][43.803s][info][gc,phases      ] GC(193)   Pre Evacuate Collection Set: 0.47ms
[2026-04-03T02:09:29.347+0600][43.803s][info][gc,phases      ] GC(193)   Merge Heap Roots: 0.22ms
[2026-04-03T02:09:29.347+0600][43.803s][info][gc,phases      ] GC(193)   Evacuate Collection Set: 2.44ms
[2026-04-03T02:09:29.347+0600][43.803s][info][gc,phases      ] GC(193)   Post Evacuate Collection Set: 0.80ms
[2026-04-03T02:09:29.347+0600][43.803s][info][gc,phases      ] GC(193)   Other: 0.13ms
[2026-04-03T02:09:29.347+0600][43.803s][info][gc,heap        ] GC(193) Eden regions: 10->0(152)
[2026-04-03T02:09:29.347+0600][43.803s][info][gc,heap        ] GC(193) Survivor regions: 5->5(20)
[2026-04-03T02:09:29.347+0600][43.803s][info][gc,heap        ] GC(193) Old regions: 260->260
[2026-04-03T02:09:29.347+0600][43.803s][info][gc,heap        ] GC(193) Humongous regions: 130->15
[2026-04-03T02:09:29.347+0600][43.803s][info][gc,metaspace   ] GC(193) Metaspace: 130782K(132288K)->130782K(132288K) NonClass: 114289K(114944K)->114289K(114944K) Class: 16492K(17344K)->16492K(17344K)
[2026-04-03T02:09:29.347+0600][43.803s][info][gc             ] GC(193) Pause Young (Normal) (G1 Humongous Allocation) 402M->277M(500M) 4.429ms
[2026-04-03T02:09:29.348+0600][43.803s][info][gc,cpu         ] GC(193) User=0.03s Sys=0.01s Real=0.00s
[2026-04-03T02:09:29.427+0600][43.883s][info][gc,marking     ] GC(191) Concurrent Mark From Roots 113.559ms
[2026-04-03T02:09:29.427+0600][43.883s][info][gc,marking     ] GC(191) Concurrent Preclean
[2026-04-03T02:09:29.427+0600][43.883s][info][gc,marking     ] GC(191) Concurrent Preclean 0.391ms
[2026-04-03T02:09:29.427+0600][43.883s][info][gc,start       ] GC(191) Pause Remark
[2026-04-03T02:09:29.435+0600][43.890s][info][gc             ] GC(191) Pause Remark 375M->335M(500M) 7.105ms
[2026-04-03T02:09:29.435+0600][43.891s][info][gc,cpu         ] GC(191) User=0.05s Sys=0.00s Real=0.01s
[2026-04-03T02:09:29.435+0600][43.891s][info][gc,marking     ] GC(191) Concurrent Mark 121.818ms
[2026-04-03T02:09:29.435+0600][43.891s][info][gc,marking     ] GC(191) Concurrent Rebuild Remembered Sets and Scrub Regions
[2026-04-03T02:09:29.457+0600][43.913s][info][gc,start       ] GC(194) Pause Young (Normal) (G1 Humongous Allocation)
[2026-04-03T02:09:29.457+0600][43.913s][info][gc,task        ] GC(194) Using 10 workers of 10 for evacuation
[2026-04-03T02:09:29.460+0600][43.916s][info][gc,phases      ] GC(194)   Pre Evacuate Collection Set: 0.41ms
[2026-04-03T02:09:29.461+0600][43.916s][info][gc,phases      ] GC(194)   Merge Heap Roots: 0.23ms
[2026-04-03T02:09:29.461+0600][43.916s][info][gc,phases      ] GC(194)   Evacuate Collection Set: 1.96ms
[2026-04-03T02:09:29.461+0600][43.916s][info][gc,phases      ] GC(194)   Post Evacuate Collection Set: 0.82ms
[2026-04-03T02:09:29.461+0600][43.916s][info][gc,phases      ] GC(194)   Other: 0.14ms
[2026-04-03T02:09:29.461+0600][43.917s][info][gc,heap        ] GC(194) Eden regions: 48->0(186)
[2026-04-03T02:09:29.461+0600][43.917s][info][gc,heap        ] GC(194) Survivor regions: 5->4(20)
[2026-04-03T02:09:29.461+0600][43.917s][info][gc,heap        ] GC(194) Old regions: 222->222
[2026-04-03T02:09:29.461+0600][43.917s][info][gc,heap        ] GC(194) Humongous regions: 147->8
[2026-04-03T02:09:29.461+0600][43.917s][info][gc,metaspace   ] GC(194) Metaspace: 130786K(132288K)->130786K(132288K) NonClass: 114293K(114944K)->114293K(114944K) Class: 16492K(17344K)->16492K(17344K)
[2026-04-03T02:09:29.461+0600][43.917s][info][gc             ] GC(194) Pause Young (Normal) (G1 Humongous Allocation) 419M->231M(500M) 4.042ms
[2026-04-03T02:09:29.461+0600][43.917s][info][gc,cpu         ] GC(194) User=0.03s Sys=0.01s Real=0.01s
[2026-04-03T02:09:29.479+0600][43.935s][info][gc,start       ] GC(195) Pause Young (Normal) (G1 Humongous Allocation)
[2026-04-03T02:09:29.479+0600][43.935s][info][gc,task        ] GC(195) Using 10 workers of 10 for evacuation
[2026-04-03T02:09:29.483+0600][43.939s][info][gc,phases      ] GC(195)   Pre Evacuate Collection Set: 0.52ms
[2026-04-03T02:09:29.483+0600][43.939s][info][gc,phases      ] GC(195)   Merge Heap Roots: 0.17ms
[2026-04-03T02:09:29.483+0600][43.939s][info][gc,phases      ] GC(195)   Evacuate Collection Set: 2.08ms
[2026-04-03T02:09:29.483+0600][43.939s][info][gc,phases      ] GC(195)   Post Evacuate Collection Set: 0.81ms
[2026-04-03T02:09:29.483+0600][43.939s][info][gc,phases      ] GC(195)   Other: 0.13ms
[2026-04-03T02:09:29.483+0600][43.939s][info][gc,heap        ] GC(195) Eden regions: 9->0(181)
[2026-04-03T02:09:29.483+0600][43.939s][info][gc,heap        ] GC(195) Survivor regions: 4->6(24)
[2026-04-03T02:09:29.483+0600][43.939s][info][gc,heap        ] GC(195) Old regions: 222->222
[2026-04-03T02:09:29.483+0600][43.939s][info][gc,heap        ] GC(195) Humongous regions: 153->13
[2026-04-03T02:09:29.483+0600][43.939s][info][gc,metaspace   ] GC(195) Metaspace: 130786K(132288K)->130786K(132288K) NonClass: 114293K(114944K)->114293K(114944K) Class: 16492K(17344K)->16492K(17344K)
[2026-04-03T02:09:29.483+0600][43.939s][info][gc             ] GC(195) Pause Young (Normal) (G1 Humongous Allocation) 384M->238M(500M) 4.108ms
[2026-04-03T02:09:29.484+0600][43.939s][info][gc,cpu         ] GC(195) User=0.03s Sys=0.00s Real=0.01s
[2026-04-03T02:09:29.503+0600][43.959s][info][gc,marking     ] GC(191) Concurrent Rebuild Remembered Sets and Scrub Regions 68.471ms
[2026-04-03T02:09:29.504+0600][43.960s][info][gc,start       ] GC(191) Pause Cleanup
[2026-04-03T02:09:29.505+0600][43.960s][info][gc             ] GC(191) Pause Cleanup 359M->359M(500M) 0.667ms
[2026-04-03T02:09:29.505+0600][43.961s][info][gc,cpu         ] GC(191) User=0.00s Sys=0.00s Real=0.00s
[2026-04-03T02:09:29.505+0600][43.961s][info][gc,marking     ] GC(191) Concurrent Clear Claimed Marks
[2026-04-03T02:09:29.505+0600][43.961s][info][gc,marking     ] GC(191) Concurrent Clear Claimed Marks 0.426ms
[2026-04-03T02:09:29.505+0600][43.961s][info][gc,marking     ] GC(191) Concurrent Cleanup for Next Mark
[2026-04-03T02:09:29.506+0600][43.962s][info][gc,marking     ] GC(191) Concurrent Cleanup for Next Mark 0.782ms
[2026-04-03T02:09:29.506+0600][43.962s][info][gc             ] GC(191) Concurrent Mark Cycle 196.736ms
[2026-04-03T02:09:29.570+0600][44.026s][info][gc,start       ] GC(196) Pause Young (Prepare Mixed) (G1 Humongous Allocation)
[2026-04-03T02:09:29.570+0600][44.026s][info][gc,task        ] GC(196) Using 10 workers of 10 for evacuation
[2026-04-03T02:09:29.572+0600][44.028s][info][gc,phases      ] GC(196)   Pre Evacuate Collection Set: 0.40ms
[2026-04-03T02:09:29.572+0600][44.028s][info][gc,phases      ] GC(196)   Merge Heap Roots: 0.19ms
[2026-04-03T02:09:29.572+0600][44.028s][info][gc,phases      ] GC(196)   Evacuate Collection Set: 0.92ms
[2026-04-03T02:09:29.572+0600][44.028s][info][gc,phases      ] GC(196)   Post Evacuate Collection Set: 0.51ms
[2026-04-03T02:09:29.572+0600][44.028s][info][gc,phases      ] GC(196)   Other: 0.12ms
[2026-04-03T02:09:29.572+0600][44.028s][info][gc,heap        ] GC(196) Eden regions: 63->0(198)
[2026-04-03T02:09:29.572+0600][44.028s][info][gc,heap        ] GC(196) Survivor regions: 6->3(24)
[2026-04-03T02:09:29.572+0600][44.028s][info][gc,heap        ] GC(196) Old regions: 222->222
[2026-04-03T02:09:29.572+0600][44.028s][info][gc,heap        ] GC(196) Humongous regions: 147->8
[2026-04-03T02:09:29.572+0600][44.028s][info][gc,metaspace   ] GC(196) Metaspace: 130786K(132288K)->130786K(132288K) NonClass: 114294K(114944K)->114294K(114944K) Class: 16492K(17344K)->16492K(17344K)
[2026-04-03T02:09:29.572+0600][44.028s][info][gc             ] GC(196) Pause Young (Prepare Mixed) (G1 Humongous Allocation) 434M->230M(500M) 2.430ms
[2026-04-03T02:09:29.572+0600][44.028s][info][gc,cpu         ] GC(196) User=0.01s Sys=0.00s Real=0.01s
[2026-04-03T02:09:29.955+0600][44.411s][info][gc,start       ] GC(197) Pause Young (Mixed) (G1 Evacuation Pause)
[2026-04-03T02:09:29.955+0600][44.411s][info][gc,task        ] GC(197) Using 10 workers of 10 for evacuation
[2026-04-03T02:09:29.959+0600][44.415s][info][gc,phases      ] GC(197)   Pre Evacuate Collection Set: 0.42ms
[2026-04-03T02:09:29.959+0600][44.415s][info][gc,phases      ] GC(197)   Merge Heap Roots: 0.20ms
[2026-04-03T02:09:29.959+0600][44.415s][info][gc,phases      ] GC(197)   Evacuate Collection Set: 1.25ms
[2026-04-03T02:09:29.959+0600][44.415s][info][gc,phases      ] GC(197)   Post Evacuate Collection Set: 2.01ms
[2026-04-03T02:09:29.959+0600][44.415s][info][gc,phases      ] GC(197)   Other: 0.10ms
[2026-04-03T02:09:29.959+0600][44.415s][info][gc,heap        ] GC(197) Eden regions: 194->0(122)
[2026-04-03T02:09:29.959+0600][44.415s][info][gc,heap        ] GC(197) Survivor regions: 3->0(0)
[2026-04-03T02:09:29.959+0600][44.415s][info][gc,heap        ] GC(197) Old regions: 222->338
[2026-04-03T02:09:29.959+0600][44.415s][info][gc,heap        ] GC(197) Humongous regions: 81->8
[2026-04-03T02:09:29.959+0600][44.415s][info][gc,metaspace   ] GC(197) Metaspace: 130801K(132288K)->130801K(132288K) NonClass: 114308K(114944K)->114308K(114944K) Class: 16492K(17344K)->16492K(17344K)
[2026-04-03T02:09:29.959+0600][44.415s][info][gc             ] GC(197) Pause Young (Mixed) (G1 Evacuation Pause) (Evacuation Failure) 497M->344M(500M) 4.247ms
[2026-04-03T02:09:29.959+0600][44.415s][info][gc,cpu         ] GC(197) User=0.03s Sys=0.00s Real=0.00s
[2026-04-03T02:09:30.068+0600][44.524s][info][gc,start       ] GC(198) Pause Young (Mixed) (GCLocker Initiated GC)
[2026-04-03T02:09:30.068+0600][44.524s][info][gc,task        ] GC(198) Using 10 workers of 10 for evacuation
[2026-04-03T02:09:30.074+0600][44.530s][info][gc,phases      ] GC(198)   Pre Evacuate Collection Set: 0.44ms
[2026-04-03T02:09:30.074+0600][44.530s][info][gc,phases      ] GC(198)   Merge Heap Roots: 0.25ms
[2026-04-03T02:09:30.074+0600][44.530s][info][gc,phases      ] GC(198)   Evacuate Collection Set: 3.37ms
[2026-04-03T02:09:30.074+0600][44.530s][info][gc,phases      ] GC(198)   Post Evacuate Collection Set: 2.33ms
[2026-04-03T02:09:30.074+0600][44.530s][info][gc,phases      ] GC(198)   Other: 0.20ms
[2026-04-03T02:09:30.075+0600][44.530s][info][gc,heap        ] GC(198) Eden regions: 86->0(99)
[2026-04-03T02:09:30.075+0600][44.530s][info][gc,heap        ] GC(198) Survivor regions: 0->0(0)
[2026-04-03T02:09:30.075+0600][44.530s][info][gc,heap        ] GC(198) Old regions: 338->368
[2026-04-03T02:09:30.075+0600][44.530s][info][gc,heap        ] GC(198) Humongous regions: 76->8
[2026-04-03T02:09:30.075+0600][44.530s][info][gc,metaspace   ] GC(198) Metaspace: 130802K(132288K)->130802K(132288K) NonClass: 114310K(114944K)->114310K(114944K) Class: 16492K(17344K)->16492K(17344K)
[2026-04-03T02:09:30.075+0600][44.531s][info][gc             ] GC(198) Pause Young (Mixed) (GCLocker Initiated GC) (Evacuation Failure) 498M->374M(500M) 7.006ms
[2026-04-03T02:09:30.075+0600][44.531s][info][gc,cpu         ] GC(198) User=0.06s Sys=0.00s Real=0.01s
[2026-04-03T02:09:30.155+0600][44.611s][info][gc,start       ] GC(199) Pause Young (Mixed) (G1 Humongous Allocation)
[2026-04-03T02:09:30.155+0600][44.611s][info][gc,task        ] GC(199) Using 10 workers of 10 for evacuation
[2026-04-03T02:09:30.158+0600][44.614s][info][gc,phases      ] GC(199)   Pre Evacuate Collection Set: 0.43ms
[2026-04-03T02:09:30.158+0600][44.614s][info][gc,phases      ] GC(199)   Merge Heap Roots: 0.20ms
[2026-04-03T02:09:30.158+0600][44.614s][info][gc,phases      ] GC(199)   Evacuate Collection Set: 1.60ms
[2026-04-03T02:09:30.158+0600][44.614s][info][gc,phases      ] GC(199)   Post Evacuate Collection Set: 0.52ms
[2026-04-03T02:09:30.158+0600][44.614s][info][gc,phases      ] GC(199)   Other: 0.14ms
[2026-04-03T02:09:30.158+0600][44.614s][info][gc,heap        ] GC(199) Eden regions: 66->0(112)
[2026-04-03T02:09:30.158+0600][44.614s][info][gc,heap        ] GC(199) Survivor regions: 0->1(2)
[2026-04-03T02:09:30.158+0600][44.614s][info][gc,heap        ] GC(199) Old regions: 368->354
[2026-04-03T02:09:30.158+0600][44.614s][info][gc,heap        ] GC(199) Humongous regions: 64->8
[2026-04-03T02:09:30.158+0600][44.614s][info][gc,metaspace   ] GC(199) Metaspace: 130810K(132288K)->130810K(132288K) NonClass: 114317K(114944K)->114317K(114944K) Class: 16492K(17344K)->16492K(17344K)
[2026-04-03T02:09:30.159+0600][44.614s][info][gc             ] GC(199) Pause Young (Mixed) (G1 Humongous Allocation) 496M->361M(500M) 3.227ms
[2026-04-03T02:09:30.159+0600][44.615s][info][gc,cpu         ] GC(199) User=0.02s Sys=0.00s Real=0.00s
[2026-04-03T02:09:30.165+0600][44.621s][info][gc,start       ] GC(200) Pause Young (Concurrent Start) (G1 Humongous Allocation)
[2026-04-03T02:09:30.165+0600][44.621s][info][gc,task        ] GC(200) Using 10 workers of 10 for evacuation
[2026-04-03T02:09:30.168+0600][44.624s][info][gc,phases      ] GC(200)   Pre Evacuate Collection Set: 0.50ms
[2026-04-03T02:09:30.168+0600][44.624s][info][gc,phases      ] GC(200)   Merge Heap Roots: 0.11ms
[2026-04-03T02:09:30.168+0600][44.624s][info][gc,phases      ] GC(200)   Evacuate Collection Set: 1.60ms
[2026-04-03T02:09:30.168+0600][44.624s][info][gc,phases      ] GC(200)   Post Evacuate Collection Set: 0.46ms
[2026-04-03T02:09:30.168+0600][44.624s][info][gc,phases      ] GC(200)   Other: 0.20ms
[2026-04-03T02:09:30.168+0600][44.624s][info][gc,heap        ] GC(200) Eden regions: 2->0(107)
[2026-04-03T02:09:30.168+0600][44.624s][info][gc,heap        ] GC(200) Survivor regions: 1->1(15)
[2026-04-03T02:09:30.168+0600][44.624s][info][gc,heap        ] GC(200) Old regions: 354->354
[2026-04-03T02:09:30.168+0600][44.624s][info][gc,heap        ] GC(200) Humongous regions: 10->8
[2026-04-03T02:09:30.168+0600][44.624s][info][gc,metaspace   ] GC(200) Metaspace: 130810K(132288K)->130810K(132288K) NonClass: 114317K(114944K)->114317K(114944K) Class: 16492K(17344K)->16492K(17344K)
[2026-04-03T02:09:30.168+0600][44.624s][info][gc             ] GC(200) Pause Young (Concurrent Start) (G1 Humongous Allocation) 364M->361M(500M) 3.167ms
[2026-04-03T02:09:30.168+0600][44.624s][info][gc,cpu         ] GC(200) User=0.02s Sys=0.00s Real=0.00s
[2026-04-03T02:09:30.168+0600][44.624s][info][gc             ] GC(201) Concurrent Mark Cycle
[2026-04-03T02:09:30.168+0600][44.624s][info][gc,marking     ] GC(201) Concurrent Scan Root Regions
[2026-04-03T02:09:30.171+0600][44.627s][info][gc,marking     ] GC(201) Concurrent Scan Root Regions 2.736ms
[2026-04-03T02:09:30.171+0600][44.627s][info][gc,marking     ] GC(201) Concurrent Mark
[2026-04-03T02:09:30.171+0600][44.627s][info][gc,marking     ] GC(201) Concurrent Mark From Roots
[2026-04-03T02:09:30.171+0600][44.627s][info][gc,task        ] GC(201) Using 3 workers of 3 for marking
[2026-04-03T02:09:30.277+0600][44.733s][info][gc,marking     ] GC(201) Concurrent Mark From Roots 106.074ms
[2026-04-03T02:09:30.277+0600][44.733s][info][gc,marking     ] GC(201) Concurrent Preclean
[2026-04-03T02:09:30.278+0600][44.734s][info][gc,marking     ] GC(201) Concurrent Preclean 0.668ms
[2026-04-03T02:09:30.278+0600][44.734s][info][gc,start       ] GC(201) Pause Remark
[2026-04-03T02:09:30.287+0600][44.743s][info][gc             ] GC(201) Pause Remark 471M->455M(500M) 8.866ms
[2026-04-03T02:09:30.287+0600][44.743s][info][gc,cpu         ] GC(201) User=0.06s Sys=0.00s Real=0.01s
[2026-04-03T02:09:30.289+0600][44.744s][info][gc,marking     ] GC(201) Concurrent Mark 117.718ms
[2026-04-03T02:09:30.289+0600][44.744s][info][gc,marking     ] GC(201) Concurrent Rebuild Remembered Sets and Scrub Regions
[2026-04-03T02:09:30.336+0600][44.792s][info][gc,start       ] GC(202) Pause Young (Normal) (G1 Evacuation Pause)
[2026-04-03T02:09:30.336+0600][44.792s][info][gc,task        ] GC(202) Using 10 workers of 10 for evacuation
[2026-04-03T02:09:30.341+0600][44.796s][info][gc,phases      ] GC(202)   Pre Evacuate Collection Set: 0.36ms
[2026-04-03T02:09:30.341+0600][44.796s][info][gc,phases      ] GC(202)   Merge Heap Roots: 0.21ms
[2026-04-03T02:09:30.341+0600][44.796s][info][gc,phases      ] GC(202)   Evacuate Collection Set: 2.59ms
[2026-04-03T02:09:30.341+0600][44.796s][info][gc,phases      ] GC(202)   Post Evacuate Collection Set: 1.43ms
[2026-04-03T02:09:30.341+0600][44.796s][info][gc,phases      ] GC(202)   Other: 0.14ms
[2026-04-03T02:09:30.341+0600][44.797s][info][gc,heap        ] GC(202) Eden regions: 85->0(89)
[2026-04-03T02:09:30.341+0600][44.797s][info][gc,heap        ] GC(202) Survivor regions: 1->0(0)
[2026-04-03T02:09:30.341+0600][44.797s][info][gc,heap        ] GC(202) Old regions: 338->378
[2026-04-03T02:09:30.341+0600][44.797s][info][gc,heap        ] GC(202) Humongous regions: 76->8
[2026-04-03T02:09:30.341+0600][44.797s][info][gc,metaspace   ] GC(202) Metaspace: 130812K(132288K)->130812K(132288K) NonClass: 114319K(114944K)->114319K(114944K) Class: 16492K(17344K)->16492K(17344K)
[2026-04-03T02:09:30.341+0600][44.797s][info][gc             ] GC(202) Pause Young (Normal) (G1 Evacuation Pause) (Evacuation Failure) 498M->384M(500M) 5.083ms
[2026-04-03T02:09:30.341+0600][44.797s][info][gc,cpu         ] GC(202) User=0.04s Sys=0.01s Real=0.01s
[2026-04-03T02:09:30.344+0600][44.799s][info][gc,marking     ] GC(201) Concurrent Rebuild Remembered Sets and Scrub Regions 55.002ms
[2026-04-03T02:09:30.344+0600][44.800s][info][gc,start       ] GC(201) Pause Cleanup
[2026-04-03T02:09:30.345+0600][44.801s][info][gc             ] GC(201) Pause Cleanup 389M->389M(500M) 0.641ms
[2026-04-03T02:09:30.345+0600][44.801s][info][gc,cpu         ] GC(201) User=0.00s Sys=0.00s Real=0.00s
[2026-04-03T02:09:30.345+0600][44.801s][info][gc,marking     ] GC(201) Concurrent Clear Claimed Marks
[2026-04-03T02:09:30.345+0600][44.801s][info][gc,marking     ] GC(201) Concurrent Clear Claimed Marks 0.306ms
[2026-04-03T02:09:30.345+0600][44.801s][info][gc,marking     ] GC(201) Concurrent Cleanup for Next Mark
[2026-04-03T02:09:30.347+0600][44.803s][info][gc,marking     ] GC(201) Concurrent Cleanup for Next Mark 1.697ms
[2026-04-03T02:09:30.347+0600][44.803s][info][gc             ] GC(201) Concurrent Mark Cycle 179.209ms
[2026-04-03T02:09:30.442+0600][44.898s][info][gc,start       ] GC(203) Pause Young (Prepare Mixed) (GCLocker Initiated GC)
[2026-04-03T02:09:30.442+0600][44.898s][info][gc,task        ] GC(203) Using 10 workers of 10 for evacuation
[2026-04-03T02:09:30.447+0600][44.903s][info][gc,phases      ] GC(203)   Pre Evacuate Collection Set: 0.40ms
[2026-04-03T02:09:30.447+0600][44.903s][info][gc,phases      ] GC(203)   Merge Heap Roots: 0.21ms
[2026-04-03T02:09:30.447+0600][44.903s][info][gc,phases      ] GC(203)   Evacuate Collection Set: 2.83ms
[2026-04-03T02:09:30.447+0600][44.903s][info][gc,phases      ] GC(203)   Post Evacuate Collection Set: 1.68ms
[2026-04-03T02:09:30.447+0600][44.903s][info][gc,phases      ] GC(203)   Other: 0.10ms
[2026-04-03T02:09:30.447+0600][44.903s][info][gc,heap        ] GC(203) Eden regions: 70->0(30)
[2026-04-03T02:09:30.447+0600][44.903s][info][gc,heap        ] GC(203) Survivor regions: 0->0(0)
[2026-04-03T02:09:30.447+0600][44.903s][info][gc,heap        ] GC(203) Old regions: 378->437
[2026-04-03T02:09:30.447+0600][44.903s][info][gc,heap        ] GC(203) Humongous regions: 52->8
[2026-04-03T02:09:30.447+0600][44.903s][info][gc,metaspace   ] GC(203) Metaspace: 130812K(132288K)->130812K(132288K) NonClass: 114319K(114944K)->114319K(114944K) Class: 16492K(17344K)->16492K(17344K)
[2026-04-03T02:09:30.447+0600][44.903s][info][gc             ] GC(203) Pause Young (Prepare Mixed) (GCLocker Initiated GC) (Evacuation Failure) 498M->443M(500M) 5.538ms
[2026-04-03T02:09:30.448+0600][44.903s][info][gc,cpu         ] GC(203) User=0.05s Sys=0.00s Real=0.00s
[2026-04-03T02:09:30.494+0600][44.950s][info][gc,start       ] GC(204) Pause Young (Mixed) (G1 Evacuation Pause)
[2026-04-03T02:09:30.494+0600][44.950s][info][gc,task        ] GC(204) Using 10 workers of 10 for evacuation
[2026-04-03T02:09:30.498+0600][44.954s][info][gc,phases      ] GC(204)   Pre Evacuate Collection Set: 0.41ms
[2026-04-03T02:09:30.498+0600][44.954s][info][gc,phases      ] GC(204)   Merge Heap Roots: 0.20ms
[2026-04-03T02:09:30.498+0600][44.954s][info][gc,phases      ] GC(204)   Evacuate Collection Set: 2.49ms
[2026-04-03T02:09:30.498+0600][44.954s][info][gc,phases      ] GC(204)   Post Evacuate Collection Set: 0.78ms
[2026-04-03T02:09:30.498+0600][44.954s][info][gc,phases      ] GC(204)   Other: 0.10ms
[2026-04-03T02:09:30.498+0600][44.954s][info][gc,heap        ] GC(204) Eden regions: 30->0(60)
[2026-04-03T02:09:30.498+0600][44.954s][info][gc,heap        ] GC(204) Survivor regions: 0->1(2)
[2026-04-03T02:09:30.498+0600][44.954s][info][gc,heap        ] GC(204) Old regions: 437->404
[2026-04-03T02:09:30.498+0600][44.954s][info][gc,heap        ] GC(204) Humongous regions: 31->10
[2026-04-03T02:09:30.498+0600][44.954s][info][gc,metaspace   ] GC(204) Metaspace: 130812K(132288K)->130812K(132288K) NonClass: 114319K(114944K)->114319K(114944K) Class: 16492K(17344K)->16492K(17344K)
[2026-04-03T02:09:30.499+0600][44.954s][info][gc             ] GC(204) Pause Young (Mixed) (G1 Evacuation Pause) (Evacuation Failure) 496M->413M(500M) 4.278ms
[2026-04-03T02:09:30.499+0600][44.955s][info][gc,cpu         ] GC(204) User=0.04s Sys=0.00s Real=0.00s
[2026-04-03T02:09:30.547+0600][45.002s][info][gc,start       ] GC(205) Pause Young (Mixed) (G1 Humongous Allocation)
[2026-04-03T02:09:30.547+0600][45.003s][info][gc,task        ] GC(205) Using 10 workers of 10 for evacuation
[2026-04-03T02:09:30.549+0600][45.005s][info][gc,phases      ] GC(205)   Pre Evacuate Collection Set: 0.45ms
[2026-04-03T02:09:30.549+0600][45.005s][info][gc,phases      ] GC(205)   Merge Heap Roots: 0.13ms
[2026-04-03T02:09:30.549+0600][45.005s][info][gc,phases      ] GC(205)   Evacuate Collection Set: 1.12ms
[2026-04-03T02:09:30.549+0600][45.005s][info][gc,phases      ] GC(205)   Post Evacuate Collection Set: 0.44ms
[2026-04-03T02:09:30.549+0600][45.005s][info][gc,phases      ] GC(205)   Other: 0.10ms
[2026-04-03T02:09:30.549+0600][45.005s][info][gc,heap        ] GC(205) Eden regions: 35->0(109)
[2026-04-03T02:09:30.549+0600][45.005s][info][gc,heap        ] GC(205) Survivor regions: 1->1(8)
[2026-04-03T02:09:30.549+0600][45.005s][info][gc,heap        ] GC(205) Old regions: 404->355
[2026-04-03T02:09:30.549+0600][45.005s][info][gc,heap        ] GC(205) Humongous regions: 43->10
[2026-04-03T02:09:30.549+0600][45.005s][info][gc,metaspace   ] GC(205) Metaspace: 130812K(132288K)->130812K(132288K) NonClass: 114319K(114944K)->114319K(114944K) Class: 16492K(17344K)->16492K(17344K)
[2026-04-03T02:09:30.549+0600][45.005s][info][gc             ] GC(205) Pause Young (Mixed) (G1 Humongous Allocation) 481M->363M(500M) 2.508ms
[2026-04-03T02:09:30.549+0600][45.005s][info][gc,cpu         ] GC(205) User=0.01s Sys=0.00s Real=0.00s
[2026-04-03T02:09:30.631+0600][45.087s][info][gc,start       ] GC(206) Pause Young (Mixed) (G1 Humongous Allocation)
[2026-04-03T02:09:30.631+0600][45.087s][info][gc,task        ] GC(206) Using 10 workers of 10 for evacuation
[2026-04-03T02:09:30.634+0600][45.090s][info][gc,phases      ] GC(206)   Pre Evacuate Collection Set: 0.37ms
[2026-04-03T02:09:30.634+0600][45.090s][info][gc,phases      ] GC(206)   Merge Heap Roots: 0.19ms
[2026-04-03T02:09:30.634+0600][45.090s][info][gc,phases      ] GC(206)   Evacuate Collection Set: 1.20ms
[2026-04-03T02:09:30.634+0600][45.090s][info][gc,phases      ] GC(206)   Post Evacuate Collection Set: 0.48ms
[2026-04-03T02:09:30.634+0600][45.090s][info][gc,phases      ] GC(206)   Other: 0.09ms
[2026-04-03T02:09:30.634+0600][45.090s][info][gc,heap        ] GC(206) Eden regions: 57->0(154)
[2026-04-03T02:09:30.634+0600][45.090s][info][gc,heap        ] GC(206) Survivor regions: 1->1(14)
[2026-04-03T02:09:30.634+0600][45.090s][info][gc,heap        ] GC(206) Old regions: 355->305
[2026-04-03T02:09:30.634+0600][45.090s][info][gc,heap        ] GC(206) Humongous regions: 52->10
[2026-04-03T02:09:30.634+0600][45.090s][info][gc,metaspace   ] GC(206) Metaspace: 130817K(132288K)->130817K(132288K) NonClass: 114324K(114944K)->114324K(114944K) Class: 16492K(17344K)->16492K(17344K)
[2026-04-03T02:09:30.634+0600][45.090s][info][gc             ] GC(206) Pause Young (Mixed) (G1 Humongous Allocation) 462M->313M(500M) 2.567ms
[2026-04-03T02:09:30.634+0600][45.090s][info][gc,cpu         ] GC(206) User=0.01s Sys=0.01s Real=0.00s
[2026-04-03T02:09:30.781+0600][45.236s][info][gc,start       ] GC(207) Pause Young (Mixed) (GCLocker Initiated GC)
[2026-04-03T02:09:30.781+0600][45.237s][info][gc,task        ] GC(207) Using 10 workers of 10 for evacuation
[2026-04-03T02:09:30.785+0600][45.241s][info][gc,phases      ] GC(207)   Pre Evacuate Collection Set: 0.58ms
[2026-04-03T02:09:30.785+0600][45.241s][info][gc,phases      ] GC(207)   Merge Heap Roots: 0.25ms
[2026-04-03T02:09:30.785+0600][45.241s][info][gc,phases      ] GC(207)   Evacuate Collection Set: 2.85ms
[2026-04-03T02:09:30.785+0600][45.241s][info][gc,phases      ] GC(207)   Post Evacuate Collection Set: 0.67ms
[2026-04-03T02:09:30.785+0600][45.241s][info][gc,phases      ] GC(207)   Other: 0.13ms
[2026-04-03T02:09:30.785+0600][45.241s][info][gc,heap        ] GC(207) Eden regions: 107->0(193)
[2026-04-03T02:09:30.785+0600][45.241s][info][gc,heap        ] GC(207) Survivor regions: 1->4(9)
[2026-04-03T02:09:30.785+0600][45.241s][info][gc,heap        ] GC(207) Old regions: 305->255
[2026-04-03T02:09:30.785+0600][45.241s][info][gc,heap        ] GC(207) Humongous regions: 78->10
[2026-04-03T02:09:30.785+0600][45.241s][info][gc,metaspace   ] GC(207) Metaspace: 130818K(132288K)->130818K(132288K) NonClass: 114325K(114944K)->114325K(114944K) Class: 16492K(17344K)->16492K(17344K)
[2026-04-03T02:09:30.785+0600][45.241s][info][gc             ] GC(207) Pause Young (Mixed) (GCLocker Initiated GC) 488M->267M(500M) 4.815ms
[2026-04-03T02:09:30.786+0600][45.241s][info][gc,cpu         ] GC(207) User=0.03s Sys=0.00s Real=0.00s
[2026-04-03T02:09:31.029+0600][45.484s][info][gc,start       ] GC(208) Pause Young (Mixed) (G1 Humongous Allocation)
[2026-04-03T02:09:31.029+0600][45.485s][info][gc,task        ] GC(208) Using 10 workers of 10 for evacuation
[2026-04-03T02:09:31.034+0600][45.490s][info][gc,phases      ] GC(208)   Pre Evacuate Collection Set: 0.55ms
[2026-04-03T02:09:31.034+0600][45.490s][info][gc,phases      ] GC(208)   Merge Heap Roots: 0.21ms
[2026-04-03T02:09:31.034+0600][45.490s][info][gc,phases      ] GC(208)   Evacuate Collection Set: 3.16ms
[2026-04-03T02:09:31.034+0600][45.490s][info][gc,phases      ] GC(208)   Post Evacuate Collection Set: 0.95ms
[2026-04-03T02:09:31.034+0600][45.490s][info][gc,phases      ] GC(208)   Other: 0.16ms
[2026-04-03T02:09:31.034+0600][45.490s][info][gc,heap        ] GC(208) Eden regions: 131->0(217)
[2026-04-03T02:09:31.034+0600][45.490s][info][gc,heap        ] GC(208) Survivor regions: 4->6(17)
[2026-04-03T02:09:31.034+0600][45.490s][info][gc,heap        ] GC(208) Old regions: 255->223
[2026-04-03T02:09:31.034+0600][45.490s][info][gc,heap        ] GC(208) Humongous regions: 93->10
[2026-04-03T02:09:31.034+0600][45.490s][info][gc,metaspace   ] GC(208) Metaspace: 130837K(132288K)->130837K(132288K) NonClass: 114344K(114944K)->114344K(114944K) Class: 16492K(17344K)->16492K(17344K)
[2026-04-03T02:09:31.034+0600][45.490s][info][gc             ] GC(208) Pause Young (Mixed) (G1 Humongous Allocation) 481M->236M(500M) 5.380ms
[2026-04-03T02:09:31.034+0600][45.490s][info][gc,cpu         ] GC(208) User=0.04s Sys=0.00s Real=0.01s
[2026-04-03T02:09:31.043+0600][45.499s][info][gc,start       ] GC(209) Pause Young (Concurrent Start) (G1 Humongous Allocation)
[2026-04-03T02:09:31.043+0600][45.499s][info][gc,task        ] GC(209) Using 10 workers of 10 for evacuation
[2026-04-03T02:09:31.047+0600][45.503s][info][gc,phases      ] GC(209)   Pre Evacuate Collection Set: 0.48ms
[2026-04-03T02:09:31.047+0600][45.503s][info][gc,phases      ] GC(209)   Merge Heap Roots: 0.17ms
[2026-04-03T02:09:31.047+0600][45.503s][info][gc,phases      ] GC(209)   Evacuate Collection Set: 2.17ms
[2026-04-03T02:09:31.047+0600][45.503s][info][gc,phases      ] GC(209)   Post Evacuate Collection Set: 0.54ms
[2026-04-03T02:09:31.047+0600][45.503s][info][gc,phases      ] GC(209)   Other: 0.25ms
[2026-04-03T02:09:31.047+0600][45.503s][info][gc,heap        ] GC(209) Eden regions: 9->0(199)
[2026-04-03T02:09:31.047+0600][45.503s][info][gc,heap        ] GC(209) Survivor regions: 6->5(28)
[2026-04-03T02:09:31.047+0600][45.503s][info][gc,heap        ] GC(209) Old regions: 223->223
[2026-04-03T02:09:31.047+0600][45.503s][info][gc,heap        ] GC(209) Humongous regions: 12->10
[2026-04-03T02:09:31.047+0600][45.503s][info][gc,metaspace   ] GC(209) Metaspace: 130842K(132352K)->130842K(132352K) NonClass: 114349K(115008K)->114349K(115008K) Class: 16492K(17344K)->16492K(17344K)
[2026-04-03T02:09:31.047+0600][45.503s][info][gc             ] GC(209) Pause Young (Concurrent Start) (G1 Humongous Allocation) 247M->235M(500M) 3.915ms
[2026-04-03T02:09:31.047+0600][45.503s][info][gc             ] GC(210) Concurrent Mark Cycle
[2026-04-03T02:09:31.047+0600][45.503s][info][gc,cpu         ] GC(209) User=0.03s Sys=0.00s Real=0.00s
[2026-04-03T02:09:31.047+0600][45.503s][info][gc,marking     ] GC(210) Concurrent Scan Root Regions
[2026-04-03T02:09:31.050+0600][45.506s][info][gc,marking     ] GC(210) Concurrent Scan Root Regions 2.243ms
[2026-04-03T02:09:31.050+0600][45.506s][info][gc,marking     ] GC(210) Concurrent Mark
[2026-04-03T02:09:31.050+0600][45.506s][info][gc,marking     ] GC(210) Concurrent Mark From Roots
[2026-04-03T02:09:31.050+0600][45.506s][info][gc,task        ] GC(210) Using 3 workers of 3 for marking
[2026-04-03T02:09:31.164+0600][45.620s][info][gc,marking     ] GC(210) Concurrent Mark From Roots 114.592ms
[2026-04-03T02:09:31.164+0600][45.620s][info][gc,marking     ] GC(210) Concurrent Preclean
[2026-04-03T02:09:31.165+0600][45.621s][info][gc,marking     ] GC(210) Concurrent Preclean 0.487ms
[2026-04-03T02:09:31.165+0600][45.621s][info][gc,start       ] GC(210) Pause Remark
[2026-04-03T02:09:31.175+0600][45.631s][info][gc             ] GC(210) Pause Remark 350M->300M(500M) 10.035ms
[2026-04-03T02:09:31.176+0600][45.631s][info][gc,cpu         ] GC(210) User=0.07s Sys=0.00s Real=0.01s
[2026-04-03T02:09:31.176+0600][45.632s][info][gc,marking     ] GC(210) Concurrent Mark 126.084ms
[2026-04-03T02:09:31.176+0600][45.632s][info][gc,marking     ] GC(210) Concurrent Rebuild Remembered Sets and Scrub Regions
[2026-04-03T02:09:31.227+0600][45.683s][info][gc,marking     ] GC(210) Concurrent Rebuild Remembered Sets and Scrub Regions 51.303ms
[2026-04-03T02:09:31.228+0600][45.684s][info][gc,start       ] GC(210) Pause Cleanup
[2026-04-03T02:09:31.228+0600][45.684s][info][gc             ] GC(210) Pause Cleanup 349M->349M(500M) 0.574ms
[2026-04-03T02:09:31.228+0600][45.684s][info][gc,cpu         ] GC(210) User=0.00s Sys=0.00s Real=0.00s
[2026-04-03T02:09:31.230+0600][45.685s][info][gc,marking     ] GC(210) Concurrent Clear Claimed Marks
[2026-04-03T02:09:31.230+0600][45.686s][info][gc,marking     ] GC(210) Concurrent Clear Claimed Marks 0.377ms
[2026-04-03T02:09:31.230+0600][45.686s][info][gc,marking     ] GC(210) Concurrent Cleanup for Next Mark
[2026-04-03T02:09:31.231+0600][45.687s][info][gc,marking     ] GC(210) Concurrent Cleanup for Next Mark 0.802ms
[2026-04-03T02:09:31.231+0600][45.687s][info][gc             ] GC(210) Concurrent Mark Cycle 183.561ms
[2026-04-03T02:09:31.331+0600][45.787s][info][gc,start       ] GC(211) Pause Young (Prepare Mixed) (G1 Evacuation Pause)
[2026-04-03T02:09:31.331+0600][45.787s][info][gc,task        ] GC(211) Using 10 workers of 10 for evacuation
[2026-04-03T02:09:31.334+0600][45.790s][info][gc,phases      ] GC(211)   Pre Evacuate Collection Set: 0.39ms
[2026-04-03T02:09:31.334+0600][45.790s][info][gc,phases      ] GC(211)   Merge Heap Roots: 0.15ms
[2026-04-03T02:09:31.334+0600][45.790s][info][gc,phases      ] GC(211)   Evacuate Collection Set: 1.29ms
[2026-04-03T02:09:31.334+0600][45.790s][info][gc,phases      ] GC(211)   Post Evacuate Collection Set: 0.69ms
[2026-04-03T02:09:31.334+0600][45.790s][info][gc,phases      ] GC(211)   Other: 0.09ms
[2026-04-03T02:09:31.334+0600][45.790s][info][gc,heap        ] GC(211) Eden regions: 199->0(249)
[2026-04-03T02:09:31.334+0600][45.790s][info][gc,heap        ] GC(211) Survivor regions: 5->3(26)
[2026-04-03T02:09:31.334+0600][45.790s][info][gc,heap        ] GC(211) Old regions: 175->175
[2026-04-03T02:09:31.334+0600][45.790s][info][gc,heap        ] GC(211) Humongous regions: 78->8
[2026-04-03T02:09:31.334+0600][45.790s][info][gc,metaspace   ] GC(211) Metaspace: 130845K(132352K)->130845K(132352K) NonClass: 114352K(115008K)->114352K(115008K) Class: 16493K(17344K)->16493K(17344K)
[2026-04-03T02:09:31.334+0600][45.790s][info][gc             ] GC(211) Pause Young (Prepare Mixed) (G1 Evacuation Pause) 454M->183M(500M) 2.831ms
[2026-04-03T02:09:31.334+0600][45.790s][info][gc,cpu         ] GC(211) User=0.01s Sys=0.00s Real=0.00s
[2026-04-03T02:09:31.390+0600][45.846s][info][gc,start       ] GC(212) Pause Young (Mixed) (G1 Humongous Allocation)
[2026-04-03T02:09:31.391+0600][45.846s][info][gc,task        ] GC(212) Using 10 workers of 10 for evacuation
[2026-04-03T02:09:31.393+0600][45.849s][info][gc,phases      ] GC(212)   Pre Evacuate Collection Set: 0.34ms
[2026-04-03T02:09:31.394+0600][45.849s][info][gc,phases      ] GC(212)   Merge Heap Roots: 0.14ms
[2026-04-03T02:09:31.394+0600][45.849s][info][gc,phases      ] GC(212)   Evacuate Collection Set: 1.67ms
[2026-04-03T02:09:31.394+0600][45.849s][info][gc,phases      ] GC(212)   Post Evacuate Collection Set: 0.68ms
[2026-04-03T02:09:31.394+0600][45.849s][info][gc,phases      ] GC(212)   Other: 0.08ms
[2026-04-03T02:09:31.394+0600][45.849s][info][gc,heap        ] GC(212) Eden regions: 43->0(281)
[2026-04-03T02:09:31.394+0600][45.849s][info][gc,heap        ] GC(212) Survivor regions: 3->6(32)
[2026-04-03T02:09:31.394+0600][45.849s][info][gc,heap        ] GC(212) Old regions: 175->125
[2026-04-03T02:09:31.394+0600][45.849s][info][gc,heap        ] GC(212) Humongous regions: 181->13
[2026-04-03T02:09:31.394+0600][45.849s][info][gc,metaspace   ] GC(212) Metaspace: 130845K(132352K)->130845K(132352K) NonClass: 114352K(115008K)->114352K(115008K) Class: 16493K(17344K)->16493K(17344K)
[2026-04-03T02:09:31.394+0600][45.850s][info][gc             ] GC(212) Pause Young (Mixed) (G1 Humongous Allocation) 399M->142M(500M) 3.179ms
[2026-04-03T02:09:31.394+0600][45.850s][info][gc,cpu         ] GC(212) User=0.02s Sys=0.00s Real=0.00s
[2026-04-03T02:09:31.465+0600][45.921s][info][gc,start       ] GC(213) Pause Young (Mixed) (G1 Humongous Allocation)
[2026-04-03T02:09:31.465+0600][45.921s][info][gc,task        ] GC(213) Using 10 workers of 10 for evacuation
[2026-04-03T02:09:31.469+0600][45.925s][info][gc,phases      ] GC(213)   Pre Evacuate Collection Set: 0.53ms
[2026-04-03T02:09:31.469+0600][45.925s][info][gc,phases      ] GC(213)   Merge Heap Roots: 0.18ms
[2026-04-03T02:09:31.469+0600][45.925s][info][gc,phases      ] GC(213)   Evacuate Collection Set: 1.79ms
[2026-04-03T02:09:31.469+0600][45.925s][info][gc,phases      ] GC(213)   Post Evacuate Collection Set: 0.93ms
[2026-04-03T02:09:31.469+0600][45.925s][info][gc,phases      ] GC(213)   Other: 0.13ms
[2026-04-03T02:09:31.469+0600][45.925s][info][gc,heap        ] GC(213) Eden regions: 56->0(292)
[2026-04-03T02:09:31.469+0600][45.925s][info][gc,heap        ] GC(213) Survivor regions: 6->6(36)
[2026-04-03T02:09:31.469+0600][45.925s][info][gc,heap        ] GC(213) Old regions: 125->107
[2026-04-03T02:09:31.469+0600][45.925s][info][gc,heap        ] GC(213) Humongous regions: 277->18
[2026-04-03T02:09:31.469+0600][45.925s][info][gc,metaspace   ] GC(213) Metaspace: 130846K(132352K)->130846K(132352K) NonClass: 114353K(115008K)->114353K(115008K) Class: 16493K(17344K)->16493K(17344K)
[2026-04-03T02:09:31.469+0600][45.925s][info][gc             ] GC(213) Pause Young (Mixed) (G1 Humongous Allocation) 462M->128M(500M) 3.945ms
[2026-04-03T02:09:31.469+0600][45.925s][info][gc,cpu         ] GC(213) User=0.02s Sys=0.01s Real=0.00s
[2026-04-03T02:09:31.470+0600][45.926s][info][gc,start       ] GC(214) Pause Young (Concurrent Start) (G1 Humongous Allocation)
[2026-04-03T02:09:31.470+0600][45.926s][info][gc,task        ] GC(214) Using 10 workers of 10 for evacuation
[2026-04-03T02:09:31.473+0600][45.929s][info][gc,phases      ] GC(214)   Pre Evacuate Collection Set: 0.41ms
[2026-04-03T02:09:31.473+0600][45.929s][info][gc,phases      ] GC(214)   Merge Heap Roots: 0.09ms
[2026-04-03T02:09:31.473+0600][45.929s][info][gc,phases      ] GC(214)   Evacuate Collection Set: 1.68ms
[2026-04-03T02:09:31.473+0600][45.929s][info][gc,phases      ] GC(214)   Post Evacuate Collection Set: 0.61ms
[2026-04-03T02:09:31.473+0600][45.929s][info][gc,phases      ] GC(214)   Other: 0.14ms
[2026-04-03T02:09:31.473+0600][45.929s][info][gc,heap        ] GC(214) Eden regions: 2->0(290)
[2026-04-03T02:09:31.473+0600][45.929s][info][gc,heap        ] GC(214) Survivor regions: 6->6(38)
[2026-04-03T02:09:31.473+0600][45.929s][info][gc,heap        ] GC(214) Old regions: 107->107
[2026-04-03T02:09:31.473+0600][45.929s][info][gc,heap        ] GC(214) Humongous regions: 23->13
[2026-04-03T02:09:31.473+0600][45.929s][info][gc,metaspace   ] GC(214) Metaspace: 130846K(132352K)->130846K(132352K) NonClass: 114353K(115008K)->114353K(115008K) Class: 16493K(17344K)->16493K(17344K)
[2026-04-03T02:09:31.473+0600][45.929s][info][gc             ] GC(214) Pause Young (Concurrent Start) (G1 Humongous Allocation) 135M->123M(500M) 3.174ms
[2026-04-03T02:09:31.473+0600][45.929s][info][gc             ] GC(215) Concurrent Mark Cycle
[2026-04-03T02:09:31.473+0600][45.929s][info][gc,cpu         ] GC(214) User=0.03s Sys=0.00s Real=0.00s
[2026-04-03T02:09:31.473+0600][45.929s][info][gc,marking     ] GC(215) Concurrent Scan Root Regions
[2026-04-03T02:09:31.476+0600][45.932s][info][gc,marking     ] GC(215) Concurrent Scan Root Regions 2.422ms
[2026-04-03T02:09:31.476+0600][45.932s][info][gc,marking     ] GC(215) Concurrent Mark
[2026-04-03T02:09:31.476+0600][45.932s][info][gc,marking     ] GC(215) Concurrent Mark From Roots
[2026-04-03T02:09:31.476+0600][45.932s][info][gc,task        ] GC(215) Using 3 workers of 3 for marking
[2026-04-03T02:09:31.576+0600][46.032s][info][gc,marking     ] GC(215) Concurrent Mark From Roots 100.054ms
[2026-04-03T02:09:31.576+0600][46.032s][info][gc,marking     ] GC(215) Concurrent Preclean
[2026-04-03T02:09:31.576+0600][46.032s][info][gc,marking     ] GC(215) Concurrent Preclean 0.211ms
[2026-04-03T02:09:31.577+0600][46.032s][info][gc,start       ] GC(215) Pause Remark
[2026-04-03T02:09:31.584+0600][46.039s][info][gc             ] GC(215) Pause Remark 472M->472M(500M) 6.973ms
[2026-04-03T02:09:31.584+0600][46.040s][info][gc,cpu         ] GC(215) User=0.05s Sys=0.00s Real=0.01s
[2026-04-03T02:09:31.584+0600][46.040s][info][gc,marking     ] GC(215) Concurrent Mark 107.970ms
[2026-04-03T02:09:31.584+0600][46.040s][info][gc,marking     ] GC(215) Concurrent Rebuild Remembered Sets and Scrub Regions
[2026-04-03T02:09:31.607+0600][46.063s][info][gc,start       ] GC(216) Pause Young (Normal) (G1 Humongous Allocation)
[2026-04-03T02:09:31.607+0600][46.063s][info][gc,task        ] GC(216) Using 10 workers of 10 for evacuation
[2026-04-03T02:09:31.612+0600][46.068s][info][gc,phases      ] GC(216)   Pre Evacuate Collection Set: 0.51ms
[2026-04-03T02:09:31.613+0600][46.068s][info][gc,phases      ] GC(216)   Merge Heap Roots: 0.25ms
[2026-04-03T02:09:31.613+0600][46.068s][info][gc,phases      ] GC(216)   Evacuate Collection Set: 2.66ms
[2026-04-03T02:09:31.613+0600][46.068s][info][gc,phases      ] GC(216)   Post Evacuate Collection Set: 1.47ms
[2026-04-03T02:09:31.613+0600][46.068s][info][gc,phases      ] GC(216)   Other: 0.15ms
[2026-04-03T02:09:31.613+0600][46.069s][info][gc,heap        ] GC(216) Eden regions: 85->0(265)
[2026-04-03T02:09:31.613+0600][46.069s][info][gc,heap        ] GC(216) Survivor regions: 6->3(3)
[2026-04-03T02:09:31.613+0600][46.069s][info][gc,heap        ] GC(216) Old regions: 107->152
[2026-04-03T02:09:31.613+0600][46.069s][info][gc,heap        ] GC(216) Humongous regions: 299->8
[2026-04-03T02:09:31.613+0600][46.069s][info][gc,metaspace   ] GC(216) Metaspace: 130858K(132352K)->130858K(132352K) NonClass: 114365K(115008K)->114365K(115008K) Class: 16493K(17344K)->16493K(17344K)
[2026-04-03T02:09:31.613+0600][46.069s][info][gc             ] GC(216) Pause Young (Normal) (G1 Humongous Allocation) (Evacuation Failure) 494M->161M(500M) 5.391ms
[2026-04-03T02:09:31.613+0600][46.069s][info][gc,cpu         ] GC(216) User=0.04s Sys=0.00s Real=0.01s
[2026-04-03T02:09:31.641+0600][46.097s][info][gc,marking     ] GC(215) Concurrent Rebuild Remembered Sets and Scrub Regions 56.822ms
[2026-04-03T02:09:31.641+0600][46.097s][info][gc,start       ] GC(215) Pause Cleanup
[2026-04-03T02:09:31.642+0600][46.098s][info][gc             ] GC(215) Pause Cleanup 195M->195M(500M) 0.494ms
[2026-04-03T02:09:31.642+0600][46.098s][info][gc,cpu         ] GC(215) User=0.00s Sys=0.00s Real=0.00s
[2026-04-03T02:09:31.642+0600][46.098s][info][gc,marking     ] GC(215) Concurrent Clear Claimed Marks
[2026-04-03T02:09:31.642+0600][46.098s][info][gc,marking     ] GC(215) Concurrent Clear Claimed Marks 0.358ms
[2026-04-03T02:09:31.642+0600][46.098s][info][gc,marking     ] GC(215) Concurrent Cleanup for Next Mark
[2026-04-03T02:09:31.643+0600][46.099s][info][gc,marking     ] GC(215) Concurrent Cleanup for Next Mark 0.882ms
[2026-04-03T02:09:31.643+0600][46.099s][info][gc             ] GC(215) Concurrent Mark Cycle 169.921ms
[2026-04-03T02:09:32.056+0600][46.512s][info][gc,start       ] GC(217) Pause Young (Prepare Mixed) (G1 Humongous Allocation)
[2026-04-03T02:09:32.056+0600][46.512s][info][gc,task        ] GC(217) Using 10 workers of 10 for evacuation
[2026-04-03T02:09:32.061+0600][46.517s][info][gc,phases      ] GC(217)   Pre Evacuate Collection Set: 0.43ms
[2026-04-03T02:09:32.061+0600][46.517s][info][gc,phases      ] GC(217)   Merge Heap Roots: 0.28ms
[2026-04-03T02:09:32.061+0600][46.517s][info][gc,phases      ] GC(217)   Evacuate Collection Set: 2.32ms
[2026-04-03T02:09:32.061+0600][46.517s][info][gc,phases      ] GC(217)   Post Evacuate Collection Set: 1.64ms
[2026-04-03T02:09:32.061+0600][46.517s][info][gc,phases      ] GC(217)   Other: 0.11ms
[2026-04-03T02:09:32.061+0600][46.517s][info][gc,heap        ] GC(217) Eden regions: 228->0(215)
[2026-04-03T02:09:32.061+0600][46.517s][info][gc,heap        ] GC(217) Survivor regions: 3->3(3)
[2026-04-03T02:09:32.061+0600][46.517s][info][gc,heap        ] GC(217) Old regions: 152->225
[2026-04-03T02:09:32.061+0600][46.517s][info][gc,heap        ] GC(217) Humongous regions: 114->12
[2026-04-03T02:09:32.061+0600][46.517s][info][gc,metaspace   ] GC(217) Metaspace: 130898K(132352K)->130898K(132352K) NonClass: 114404K(115008K)->114404K(115008K) Class: 16494K(17344K)->16494K(17344K)
[2026-04-03T02:09:32.061+0600][46.517s][info][gc             ] GC(217) Pause Young (Prepare Mixed) (G1 Humongous Allocation) (Evacuation Failure) 495M->238M(500M) 5.089ms
[2026-04-03T02:09:32.061+0600][46.517s][info][gc,cpu         ] GC(217) User=0.04s Sys=0.00s Real=0.01s
[2026-04-03T02:09:32.242+0600][46.698s][info][gc,start       ] GC(218) Pause Young (Mixed) (GCLocker Initiated GC)
[2026-04-03T02:09:32.243+0600][46.698s][info][gc,task        ] GC(218) Using 10 workers of 10 for evacuation
[2026-04-03T02:09:32.250+0600][46.706s][info][gc,phases      ] GC(218)   Pre Evacuate Collection Set: 1.02ms
[2026-04-03T02:09:32.251+0600][46.706s][info][gc,phases      ] GC(218)   Merge Heap Roots: 0.31ms
[2026-04-03T02:09:32.251+0600][46.706s][info][gc,phases      ] GC(218)   Evacuate Collection Set: 3.80ms
[2026-04-03T02:09:32.251+0600][46.706s][info][gc,phases      ] GC(218)   Post Evacuate Collection Set: 2.59ms
[2026-04-03T02:09:32.251+0600][46.706s][info][gc,phases      ] GC(218)   Other: 0.14ms
[2026-04-03T02:09:32.251+0600][46.706s][info][gc,heap        ] GC(218) Eden regions: 148->0(159)
[2026-04-03T02:09:32.251+0600][46.706s][info][gc,heap        ] GC(218) Survivor regions: 3->0(0)
[2026-04-03T02:09:32.251+0600][46.706s][info][gc,heap        ] GC(218) Old regions: 225->302
[2026-04-03T02:09:32.251+0600][46.706s][info][gc,heap        ] GC(218) Humongous regions: 124->14
[2026-04-03T02:09:32.251+0600][46.706s][info][gc,metaspace   ] GC(218) Metaspace: 130900K(132352K)->130900K(132352K) NonClass: 114406K(115008K)->114406K(115008K) Class: 16494K(17344K)->16494K(17344K)
[2026-04-03T02:09:32.251+0600][46.707s][info][gc             ] GC(218) Pause Young (Mixed) (GCLocker Initiated GC) (Evacuation Failure) 498M->314M(500M) 8.231ms
[2026-04-03T02:09:32.251+0600][46.707s][info][gc,cpu         ] GC(218) User=0.06s Sys=0.01s Real=0.01s
[2026-04-03T02:09:32.253+0600][46.709s][info][gc,start       ] GC(219) Pause Young (Concurrent Start) (GCLocker Initiated GC)
[2026-04-03T02:09:32.253+0600][46.709s][info][gc,task        ] GC(219) Using 10 workers of 10 for evacuation
[2026-04-03T02:09:32.256+0600][46.712s][info][gc,phases      ] GC(219)   Pre Evacuate Collection Set: 0.33ms
[2026-04-03T02:09:32.256+0600][46.712s][info][gc,phases      ] GC(219)   Merge Heap Roots: 0.13ms
[2026-04-03T02:09:32.256+0600][46.712s][info][gc,phases      ] GC(219)   Evacuate Collection Set: 1.94ms
[2026-04-03T02:09:32.256+0600][46.712s][info][gc,phases      ] GC(219)   Post Evacuate Collection Set: 0.55ms
[2026-04-03T02:09:32.256+0600][46.712s][info][gc,phases      ] GC(219)   Other: 0.14ms
[2026-04-03T02:09:32.256+0600][46.712s][info][gc,heap        ] GC(219) Eden regions: 5->0(158)
[2026-04-03T02:09:32.256+0600][46.712s][info][gc,heap        ] GC(219) Survivor regions: 0->1(20)
[2026-04-03T02:09:32.256+0600][46.712s][info][gc,heap        ] GC(219) Old regions: 302->302
[2026-04-03T02:09:32.256+0600][46.712s][info][gc,heap        ] GC(219) Humongous regions: 14->14
[2026-04-03T02:09:32.256+0600][46.712s][info][gc,metaspace   ] GC(219) Metaspace: 130900K(132352K)->130900K(132352K) NonClass: 114406K(115008K)->114406K(115008K) Class: 16494K(17344K)->16494K(17344K)
[2026-04-03T02:09:32.256+0600][46.712s][info][gc             ] GC(219) Pause Young (Concurrent Start) (GCLocker Initiated GC) 318M->314M(500M) 3.321ms
[2026-04-03T02:09:32.257+0600][46.712s][info][gc,cpu         ] GC(219) User=0.01s Sys=0.00s Real=0.00s
[2026-04-03T02:09:32.257+0600][46.713s][info][gc             ] GC(220) Concurrent Mark Cycle
[2026-04-03T02:09:32.257+0600][46.713s][info][gc,marking     ] GC(220) Concurrent Scan Root Regions
[2026-04-03T02:09:32.259+0600][46.715s][info][gc,marking     ] GC(220) Concurrent Scan Root Regions 2.044ms
[2026-04-03T02:09:32.259+0600][46.715s][info][gc,marking     ] GC(220) Concurrent Mark
[2026-04-03T02:09:32.259+0600][46.715s][info][gc,marking     ] GC(220) Concurrent Mark From Roots
[2026-04-03T02:09:32.259+0600][46.715s][info][gc,task        ] GC(220) Using 3 workers of 3 for marking
[2026-04-03T02:09:32.366+0600][46.822s][info][gc,marking     ] GC(220) Concurrent Mark From Roots 107.232ms
[2026-04-03T02:09:32.366+0600][46.822s][info][gc,marking     ] GC(220) Concurrent Preclean
[2026-04-03T02:09:32.367+0600][46.822s][info][gc,marking     ] GC(220) Concurrent Preclean 0.439ms
[2026-04-03T02:09:32.367+0600][46.823s][info][gc,start       ] GC(220) Pause Remark
[2026-04-03T02:09:32.375+0600][46.831s][info][gc             ] GC(220) Pause Remark 437M->393M(500M) 7.948ms
[2026-04-03T02:09:32.375+0600][46.831s][info][gc,cpu         ] GC(220) User=0.06s Sys=0.00s Real=0.01s
[2026-04-03T02:09:32.375+0600][46.831s][info][gc,marking     ] GC(220) Concurrent Mark 116.217ms
[2026-04-03T02:09:32.375+0600][46.831s][info][gc,marking     ] GC(220) Concurrent Rebuild Remembered Sets and Scrub Regions
[2026-04-03T02:09:32.424+0600][46.880s][info][gc,marking     ] GC(220) Concurrent Rebuild Remembered Sets and Scrub Regions 49.245ms
[2026-04-03T02:09:32.425+0600][46.881s][info][gc,start       ] GC(220) Pause Cleanup
[2026-04-03T02:09:32.425+0600][46.881s][info][gc             ] GC(220) Pause Cleanup 436M->436M(500M) 0.487ms
[2026-04-03T02:09:32.425+0600][46.881s][info][gc,cpu         ] GC(220) User=0.01s Sys=0.00s Real=0.00s
[2026-04-03T02:09:32.425+0600][46.881s][info][gc,marking     ] GC(220) Concurrent Clear Claimed Marks
[2026-04-03T02:09:32.426+0600][46.882s][info][gc,marking     ] GC(220) Concurrent Clear Claimed Marks 0.353ms
[2026-04-03T02:09:32.426+0600][46.882s][info][gc,marking     ] GC(220) Concurrent Cleanup for Next Mark
[2026-04-03T02:09:32.426+0600][46.882s][info][gc,marking     ] GC(220) Concurrent Cleanup for Next Mark 0.608ms
[2026-04-03T02:09:32.426+0600][46.882s][info][gc             ] GC(220) Concurrent Mark Cycle 169.870ms
[2026-04-03T02:09:32.475+0600][46.931s][info][gc,start       ] GC(221) Pause Young (Prepare Mixed) (GCLocker Initiated GC)
[2026-04-03T02:09:32.475+0600][46.931s][info][gc,task        ] GC(221) Using 10 workers of 10 for evacuation
[2026-04-03T02:09:32.480+0600][46.936s][info][gc,phases      ] GC(221)   Pre Evacuate Collection Set: 0.42ms
[2026-04-03T02:09:32.480+0600][46.936s][info][gc,phases      ] GC(221)   Merge Heap Roots: 0.25ms
[2026-04-03T02:09:32.480+0600][46.936s][info][gc,phases      ] GC(221)   Evacuate Collection Set: 2.78ms
[2026-04-03T02:09:32.480+0600][46.936s][info][gc,phases      ] GC(221)   Post Evacuate Collection Set: 1.74ms
[2026-04-03T02:09:32.480+0600][46.936s][info][gc,phases      ] GC(221)   Other: 0.12ms
[2026-04-03T02:09:32.480+0600][46.936s][info][gc,heap        ] GC(221) Eden regions: 123->0(140)
[2026-04-03T02:09:32.480+0600][46.936s][info][gc,heap        ] GC(221) Survivor regions: 1->0(0)
[2026-04-03T02:09:32.480+0600][46.936s][info][gc,heap        ] GC(221) Old regions: 263->327
[2026-04-03T02:09:32.480+0600][46.936s][info][gc,heap        ] GC(221) Humongous regions: 113->8
[2026-04-03T02:09:32.480+0600][46.936s][info][gc,metaspace   ] GC(221) Metaspace: 130902K(132352K)->130902K(132352K) NonClass: 114408K(115008K)->114408K(115008K) Class: 16494K(17344K)->16494K(17344K)
[2026-04-03T02:09:32.480+0600][46.936s][info][gc             ] GC(221) Pause Young (Prepare Mixed) (GCLocker Initiated GC) (Evacuation Failure) 497M->332M(500M) 5.686ms
[2026-04-03T02:09:32.480+0600][46.936s][info][gc,cpu         ] GC(221) User=0.04s Sys=0.00s Real=0.01s
[2026-04-03T02:09:32.609+0600][47.065s][info][gc,start       ] GC(222) Pause Young (Mixed) (G1 Evacuation Pause)
[2026-04-03T02:09:32.610+0600][47.065s][info][gc,task        ] GC(222) Using 10 workers of 10 for evacuation
[2026-04-03T02:09:32.616+0600][47.071s][info][gc,phases      ] GC(222)   Pre Evacuate Collection Set: 0.47ms
[2026-04-03T02:09:32.616+0600][47.072s][info][gc,phases      ] GC(222)   Merge Heap Roots: 0.26ms
[2026-04-03T02:09:32.616+0600][47.072s][info][gc,phases      ] GC(222)   Evacuate Collection Set: 2.73ms
[2026-04-03T02:09:32.616+0600][47.072s][info][gc,phases      ] GC(222)   Post Evacuate Collection Set: 2.32ms
[2026-04-03T02:09:32.616+0600][47.072s][info][gc,phases      ] GC(222)   Other: 0.14ms
[2026-04-03T02:09:32.616+0600][47.072s][info][gc,heap        ] GC(222) Eden regions: 96->0(86)
[2026-04-03T02:09:32.616+0600][47.072s][info][gc,heap        ] GC(222) Survivor regions: 0->0(0)
[2026-04-03T02:09:32.616+0600][47.072s][info][gc,heap        ] GC(222) Old regions: 327->381
[2026-04-03T02:09:32.616+0600][47.072s][info][gc,heap        ] GC(222) Humongous regions: 77->8
[2026-04-03T02:09:32.616+0600][47.072s][info][gc,metaspace   ] GC(222) Metaspace: 130902K(132352K)->130902K(132352K) NonClass: 114408K(115008K)->114408K(115008K) Class: 16494K(17344K)->16494K(17344K)
[2026-04-03T02:09:32.616+0600][47.072s][info][gc             ] GC(222) Pause Young (Mixed) (G1 Evacuation Pause) (Evacuation Failure) 497M->386M(500M) 6.444ms
[2026-04-03T02:09:32.616+0600][47.072s][info][gc,cpu         ] GC(222) User=0.05s Sys=0.00s Real=0.01s
[2026-04-03T02:09:32.686+0600][47.142s][info][gc,start       ] GC(223) Pause Young (Mixed) (G1 Humongous Allocation)
[2026-04-03T02:09:32.687+0600][47.142s][info][gc,task        ] GC(223) Using 10 workers of 10 for evacuation
[2026-04-03T02:09:32.690+0600][47.146s][info][gc,phases      ] GC(223)   Pre Evacuate Collection Set: 0.63ms
[2026-04-03T02:09:32.690+0600][47.146s][info][gc,phases      ] GC(223)   Merge Heap Roots: 0.17ms
[2026-04-03T02:09:32.690+0600][47.146s][info][gc,phases      ] GC(223)   Evacuate Collection Set: 1.65ms
[2026-04-03T02:09:32.690+0600][47.146s][info][gc,phases      ] GC(223)   Post Evacuate Collection Set: 0.51ms
[2026-04-03T02:09:32.690+0600][47.146s][info][gc,phases      ] GC(223)   Other: 0.12ms
[2026-04-03T02:09:32.690+0600][47.146s][info][gc,heap        ] GC(223) Eden regions: 61->0(134)
[2026-04-03T02:09:32.690+0600][47.146s][info][gc,heap        ] GC(223) Survivor regions: 0->1(2)
[2026-04-03T02:09:32.690+0600][47.146s][info][gc,heap        ] GC(223) Old regions: 381->332
[2026-04-03T02:09:32.690+0600][47.146s][info][gc,heap        ] GC(223) Humongous regions: 56->8
[2026-04-03T02:09:32.690+0600][47.146s][info][gc,metaspace   ] GC(223) Metaspace: 130906K(132352K)->130906K(132352K) NonClass: 114412K(115008K)->114412K(115008K) Class: 16494K(17344K)->16494K(17344K)
[2026-04-03T02:09:32.690+0600][47.146s][info][gc             ] GC(223) Pause Young (Mixed) (G1 Humongous Allocation) 495M->337M(500M) 3.438ms
[2026-04-03T02:09:32.690+0600][47.146s][info][gc,cpu         ] GC(223) User=0.02s Sys=0.00s Real=0.01s
[2026-04-03T02:09:32.814+0600][47.270s][info][gc,start       ] GC(224) Pause Young (Mixed) (G1 Humongous Allocation)
[2026-04-03T02:09:32.815+0600][47.270s][info][gc,task        ] GC(224) Using 10 workers of 10 for evacuation
[2026-04-03T02:09:32.820+0600][47.276s][info][gc,phases      ] GC(224)   Pre Evacuate Collection Set: 0.43ms
[2026-04-03T02:09:32.820+0600][47.276s][info][gc,phases      ] GC(224)   Merge Heap Roots: 0.22ms
[2026-04-03T02:09:32.820+0600][47.276s][info][gc,phases      ] GC(224)   Evacuate Collection Set: 3.37ms
[2026-04-03T02:09:32.820+0600][47.276s][info][gc,phases      ] GC(224)   Post Evacuate Collection Set: 1.19ms
[2026-04-03T02:09:32.820+0600][47.276s][info][gc,phases      ] GC(224)   Other: 0.11ms
[2026-04-03T02:09:32.820+0600][47.276s][info][gc,heap        ] GC(224) Eden regions: 99->0(154)
[2026-04-03T02:09:32.820+0600][47.276s][info][gc,heap        ] GC(224) Survivor regions: 1->2(3)
[2026-04-03T02:09:32.820+0600][47.276s][info][gc,heap        ] GC(224) Old regions: 332->311
[2026-04-03T02:09:32.820+0600][47.276s][info][gc,heap        ] GC(224) Humongous regions: 65->8
[2026-04-03T02:09:32.820+0600][47.276s][info][gc,metaspace   ] GC(224) Metaspace: 130920K(132416K)->130920K(132416K) NonClass: 114425K(115072K)->114425K(115072K) Class: 16494K(17344K)->16494K(17344K)
[2026-04-03T02:09:32.820+0600][47.276s][info][gc             ] GC(224) Pause Young (Mixed) (G1 Humongous Allocation) (Evacuation Failure) 493M->317M(500M) 5.670ms
[2026-04-03T02:09:32.820+0600][47.276s][info][gc,cpu         ] GC(224) User=0.04s Sys=0.01s Real=0.01s
[2026-04-03T02:09:33.000+0600][47.456s][info][gc,start       ] GC(225) Pause Young (Mixed) (G1 Humongous Allocation)
[2026-04-03T02:09:33.000+0600][47.456s][info][gc,task        ] GC(225) Using 10 workers of 10 for evacuation
[2026-04-03T02:09:33.004+0600][47.460s][info][gc,phases      ] GC(225)   Pre Evacuate Collection Set: 0.36ms
[2026-04-03T02:09:33.004+0600][47.460s][info][gc,phases      ] GC(225)   Merge Heap Roots: 0.18ms
[2026-04-03T02:09:33.004+0600][47.460s][info][gc,phases      ] GC(225)   Evacuate Collection Set: 2.55ms
[2026-04-03T02:09:33.004+0600][47.460s][info][gc,phases      ] GC(225)   Post Evacuate Collection Set: 0.65ms
[2026-04-03T02:09:33.004+0600][47.460s][info][gc,phases      ] GC(225)   Other: 0.11ms
[2026-04-03T02:09:33.004+0600][47.460s][info][gc,heap        ] GC(225) Eden regions: 99->0(157)
[2026-04-03T02:09:33.004+0600][47.460s][info][gc,heap        ] GC(225) Survivor regions: 2->5(14)
[2026-04-03T02:09:33.004+0600][47.460s][info][gc,heap        ] GC(225) Old regions: 311->305
[2026-04-03T02:09:33.004+0600][47.460s][info][gc,heap        ] GC(225) Humongous regions: 74->8
[2026-04-03T02:09:33.004+0600][47.460s][info][gc,metaspace   ] GC(225) Metaspace: 130936K(132416K)->130936K(132416K) NonClass: 114440K(115072K)->114440K(115072K) Class: 16496K(17344K)->16496K(17344K)
[2026-04-03T02:09:33.004+0600][47.460s][info][gc             ] GC(225) Pause Young (Mixed) (G1 Humongous Allocation) 482M->314M(500M) 4.209ms
[2026-04-03T02:09:33.004+0600][47.460s][info][gc,cpu         ] GC(225) User=0.03s Sys=0.00s Real=0.00s
[2026-04-03T02:09:33.009+0600][47.464s][info][gc,start       ] GC(226) Pause Young (Concurrent Start) (G1 Humongous Allocation)
[2026-04-03T02:09:33.009+0600][47.465s][info][gc,task        ] GC(226) Using 10 workers of 10 for evacuation
[2026-04-03T02:09:33.012+0600][47.468s][info][gc,phases      ] GC(226)   Pre Evacuate Collection Set: 0.49ms
[2026-04-03T02:09:33.012+0600][47.468s][info][gc,phases      ] GC(226)   Merge Heap Roots: 0.13ms
[2026-04-03T02:09:33.012+0600][47.468s][info][gc,phases      ] GC(226)   Evacuate Collection Set: 1.88ms
[2026-04-03T02:09:33.012+0600][47.468s][info][gc,phases      ] GC(226)   Post Evacuate Collection Set: 0.56ms
[2026-04-03T02:09:33.012+0600][47.468s][info][gc,phases      ] GC(226)   Other: 0.26ms
[2026-04-03T02:09:33.012+0600][47.468s][info][gc,heap        ] GC(226) Eden regions: 2->0(159)
[2026-04-03T02:09:33.012+0600][47.468s][info][gc,heap        ] GC(226) Survivor regions: 5->3(21)
[2026-04-03T02:09:33.012+0600][47.468s][info][gc,heap        ] GC(226) Old regions: 305->305
[2026-04-03T02:09:33.012+0600][47.468s][info][gc,heap        ] GC(226) Humongous regions: 10->8
[2026-04-03T02:09:33.012+0600][47.468s][info][gc,metaspace   ] GC(226) Metaspace: 130936K(132416K)->130936K(132416K) NonClass: 114440K(115072K)->114440K(115072K) Class: 16496K(17344K)->16496K(17344K)
[2026-04-03T02:09:33.012+0600][47.468s][info][gc             ] GC(226) Pause Young (Concurrent Start) (G1 Humongous Allocation) 318M->312M(500M) 3.603ms
[2026-04-03T02:09:33.012+0600][47.468s][info][gc             ] GC(227) Concurrent Mark Cycle
[2026-04-03T02:09:33.012+0600][47.468s][info][gc,cpu         ] GC(226) User=0.03s Sys=0.00s Real=0.01s
[2026-04-03T02:09:33.012+0600][47.468s][info][gc,marking     ] GC(227) Concurrent Scan Root Regions
[2026-04-03T02:09:33.016+0600][47.472s][info][gc,marking     ] GC(227) Concurrent Scan Root Regions 3.345ms
[2026-04-03T02:09:33.016+0600][47.472s][info][gc,marking     ] GC(227) Concurrent Mark
[2026-04-03T02:09:33.016+0600][47.472s][info][gc,marking     ] GC(227) Concurrent Mark From Roots
[2026-04-03T02:09:33.016+0600][47.472s][info][gc,task        ] GC(227) Using 3 workers of 3 for marking
[2026-04-03T02:09:33.122+0600][47.578s][info][gc,marking     ] GC(227) Concurrent Mark From Roots 106.164ms
[2026-04-03T02:09:33.122+0600][47.578s][info][gc,marking     ] GC(227) Concurrent Preclean
[2026-04-03T02:09:33.123+0600][47.579s][info][gc,marking     ] GC(227) Concurrent Preclean 0.802ms
[2026-04-03T02:09:33.123+0600][47.579s][info][gc,start       ] GC(227) Pause Remark
[2026-04-03T02:09:33.132+0600][47.588s][info][gc             ] GC(227) Pause Remark 422M->376M(500M) 9.056ms
[2026-04-03T02:09:33.133+0600][47.588s][info][gc,cpu         ] GC(227) User=0.07s Sys=0.00s Real=0.01s
[2026-04-03T02:09:33.134+0600][47.590s][info][gc,marking     ] GC(227) Concurrent Mark 118.088ms
[2026-04-03T02:09:33.134+0600][47.590s][info][gc,marking     ] GC(227) Concurrent Rebuild Remembered Sets and Scrub Regions
[2026-04-03T02:09:33.181+0600][47.636s][info][gc,marking     ] GC(227) Concurrent Rebuild Remembered Sets and Scrub Regions 46.630ms
[2026-04-03T02:09:33.181+0600][47.637s][info][gc,start       ] GC(227) Pause Cleanup
[2026-04-03T02:09:33.182+0600][47.638s][info][gc             ] GC(227) Pause Cleanup 410M->410M(500M) 0.604ms
[2026-04-03T02:09:33.182+0600][47.638s][info][gc,cpu         ] GC(227) User=0.01s Sys=0.00s Real=0.00s
[2026-04-03T02:09:33.182+0600][47.638s][info][gc,marking     ] GC(227) Concurrent Clear Claimed Marks
[2026-04-03T02:09:33.182+0600][47.638s][info][gc,marking     ] GC(227) Concurrent Clear Claimed Marks 0.427ms
[2026-04-03T02:09:33.182+0600][47.638s][info][gc,marking     ] GC(227) Concurrent Cleanup for Next Mark
[2026-04-03T02:09:33.184+0600][47.639s][info][gc,marking     ] GC(227) Concurrent Cleanup for Next Mark 1.084ms
[2026-04-03T02:09:33.184+0600][47.639s][info][gc             ] GC(227) Concurrent Mark Cycle 171.407ms
[2026-04-03T02:09:33.215+0600][47.671s][info][gc,start       ] GC(228) Pause Young (Prepare Mixed) (G1 Evacuation Pause)
[2026-04-03T02:09:33.215+0600][47.671s][info][gc,task        ] GC(228) Using 10 workers of 10 for evacuation
[2026-04-03T02:09:33.222+0600][47.677s][info][gc,phases      ] GC(228)   Pre Evacuate Collection Set: 0.54ms
[2026-04-03T02:09:33.222+0600][47.677s][info][gc,phases      ] GC(228)   Merge Heap Roots: 0.29ms
[2026-04-03T02:09:33.222+0600][47.678s][info][gc,phases      ] GC(228)   Evacuate Collection Set: 4.56ms
[2026-04-03T02:09:33.222+0600][47.678s][info][gc,phases      ] GC(228)   Post Evacuate Collection Set: 1.17ms
[2026-04-03T02:09:33.222+0600][47.678s][info][gc,phases      ] GC(228)   Other: 0.13ms
[2026-04-03T02:09:33.222+0600][47.678s][info][gc,heap        ] GC(228) Eden regions: 159->0(203)
[2026-04-03T02:09:33.222+0600][47.678s][info][gc,heap        ] GC(228) Survivor regions: 3->5(21)
[2026-04-03T02:09:33.222+0600][47.678s][info][gc,heap        ] GC(228) Old regions: 259->259
[2026-04-03T02:09:33.222+0600][47.678s][info][gc,heap        ] GC(228) Humongous regions: 44->8
[2026-04-03T02:09:33.222+0600][47.678s][info][gc,metaspace   ] GC(228) Metaspace: 130942K(132416K)->130942K(132416K) NonClass: 114444K(115072K)->114444K(115072K) Class: 16498K(17344K)->16498K(17344K)
[2026-04-03T02:09:33.222+0600][47.678s][info][gc             ] GC(228) Pause Young (Prepare Mixed) (G1 Evacuation Pause) 461M->268M(500M) 7.056ms
[2026-04-03T02:09:33.222+0600][47.678s][info][gc,cpu         ] GC(228) User=0.03s Sys=0.00s Real=0.01s
[2026-04-03T02:09:33.417+0600][47.873s][info][gc,start       ] GC(229) Pause Young (Mixed) (G1 Humongous Allocation)
[2026-04-03T02:09:33.417+0600][47.873s][info][gc,task        ] GC(229) Using 10 workers of 10 for evacuation
[2026-04-03T02:09:33.423+0600][47.879s][info][gc,phases      ] GC(229)   Pre Evacuate Collection Set: 0.45ms
[2026-04-03T02:09:33.423+0600][47.879s][info][gc,phases      ] GC(229)   Merge Heap Roots: 0.23ms
[2026-04-03T02:09:33.423+0600][47.879s][info][gc,phases      ] GC(229)   Evacuate Collection Set: 3.23ms
[2026-04-03T02:09:33.423+0600][47.879s][info][gc,phases      ] GC(229)   Post Evacuate Collection Set: 2.10ms
[2026-04-03T02:09:33.423+0600][47.879s][info][gc,phases      ] GC(229)   Other: 0.12ms
[2026-04-03T02:09:33.423+0600][47.879s][info][gc,heap        ] GC(229) Eden regions: 162->0(173)
[2026-04-03T02:09:33.423+0600][47.879s][info][gc,heap        ] GC(229) Survivor regions: 5->3(3)
[2026-04-03T02:09:33.423+0600][47.879s][info][gc,heap        ] GC(229) Old regions: 259->291
[2026-04-03T02:09:33.423+0600][47.879s][info][gc,heap        ] GC(229) Humongous regions: 71->8
[2026-04-03T02:09:33.423+0600][47.879s][info][gc,metaspace   ] GC(229) Metaspace: 130946K(132416K)->130946K(132416K) NonClass: 114447K(115072K)->114447K(115072K) Class: 16498K(17344K)->16498K(17344K)
[2026-04-03T02:09:33.423+0600][47.879s][info][gc             ] GC(229) Pause Young (Mixed) (G1 Humongous Allocation) (Evacuation Failure) 493M->299M(500M) 6.419ms
[2026-04-03T02:09:33.424+0600][47.879s][info][gc,cpu         ] GC(229) User=0.06s Sys=0.00s Real=0.01s
[2026-04-03T02:09:33.644+0600][48.100s][info][gc,start       ] GC(230) Pause Young (Mixed) (G1 Humongous Allocation)
[2026-04-03T02:09:33.644+0600][48.100s][info][gc,task        ] GC(230) Using 10 workers of 10 for evacuation
[2026-04-03T02:09:33.650+0600][48.106s][info][gc,phases      ] GC(230)   Pre Evacuate Collection Set: 0.42ms
[2026-04-03T02:09:33.650+0600][48.106s][info][gc,phases      ] GC(230)   Merge Heap Roots: 0.40ms
[2026-04-03T02:09:33.650+0600][48.106s][info][gc,phases      ] GC(230)   Evacuate Collection Set: 3.92ms
[2026-04-03T02:09:33.650+0600][48.106s][info][gc,phases      ] GC(230)   Post Evacuate Collection Set: 0.74ms
[2026-04-03T02:09:33.650+0600][48.106s][info][gc,phases      ] GC(230)   Other: 0.13ms
[2026-04-03T02:09:33.650+0600][48.106s][info][gc,heap        ] GC(230) Eden regions: 122->0(221)
[2026-04-03T02:09:33.650+0600][48.106s][info][gc,heap        ] GC(230) Survivor regions: 3->4(13)
[2026-04-03T02:09:33.650+0600][48.106s][info][gc,heap        ] GC(230) Old regions: 291->242
[2026-04-03T02:09:33.650+0600][48.106s][info][gc,heap        ] GC(230) Humongous regions: 71->8
[2026-04-03T02:09:33.650+0600][48.106s][info][gc,metaspace   ] GC(230) Metaspace: 131240K(132672K)->131240K(132672K) NonClass: 114670K(115328K)->114670K(115328K) Class: 16569K(17344K)->16569K(17344K)
[2026-04-03T02:09:33.650+0600][48.106s][info][gc             ] GC(230) Pause Young (Mixed) (G1 Humongous Allocation) 483M->250M(500M) 5.943ms
[2026-04-03T02:09:33.650+0600][48.106s][info][gc,cpu         ] GC(230) User=0.04s Sys=0.00s Real=0.01s
[2026-04-03T02:09:33.851+0600][48.307s][info][gc,start       ] GC(231) Pause Full (System.gc())
[2026-04-03T02:09:33.851+0600][48.307s][info][gc,task        ] GC(231) Using 10 workers of 10 for full compaction
[2026-04-03T02:09:33.851+0600][48.307s][info][gc,phases,start] GC(231) Phase 1: Mark live objects
[2026-04-03T02:09:33.954+0600][48.409s][info][gc,phases      ] GC(231) Phase 1: Mark live objects 102.367ms
[2026-04-03T02:09:33.954+0600][48.410s][info][gc,phases,start] GC(231) Phase 2: Prepare compaction
[2026-04-03T02:09:33.958+0600][48.414s][info][gc,phases      ] GC(231) Phase 2: Prepare compaction 3.960ms
[2026-04-03T02:09:33.958+0600][48.414s][info][gc,phases,start] GC(231) Phase 3: Adjust pointers
[2026-04-03T02:09:33.983+0600][48.439s][info][gc,phases      ] GC(231) Phase 3: Adjust pointers 24.909ms
[2026-04-03T02:09:33.983+0600][48.439s][info][gc,phases,start] GC(231) Phase 4: Compact heap
[2026-04-03T02:09:33.986+0600][48.442s][info][gc,phases      ] GC(231) Phase 4: Compact heap 3.109ms
[2026-04-03T02:09:33.986+0600][48.442s][info][gc,phases,start] GC(231) Phase 5: Reset Metadata
[2026-04-03T02:09:33.990+0600][48.446s][info][gc,phases      ] GC(231) Phase 5: Reset Metadata 4.545ms
[2026-04-03T02:09:34.006+0600][48.462s][info][gc,heap        ] GC(231) Eden regions: 112->0(194)
[2026-04-03T02:09:34.006+0600][48.462s][info][gc,heap        ] GC(231) Survivor regions: 4->0(13)
[2026-04-03T02:09:34.006+0600][48.462s][info][gc,heap        ] GC(231) Old regions: 242->89
[2026-04-03T02:09:34.006+0600][48.462s][info][gc,heap        ] GC(231) Humongous regions: 92->8
[2026-04-03T02:09:34.006+0600][48.462s][info][gc,metaspace   ] GC(231) Metaspace: 131349K(132800K)->131209K(132800K) NonClass: 114756K(115456K)->114653K(115456K) Class: 16593K(17344K)->16556K(17344K)
[2026-04-03T02:09:34.006+0600][48.462s][info][gc             ] GC(231) Pause Full (System.gc()) 446M->90M(324M) 155.278ms
[2026-04-03T02:09:34.006+0600][48.462s][info][gc,cpu         ] GC(231) User=1.23s Sys=0.07s Real=0.15s
[2026-04-03T02:09:34.029+0600][48.484s][info][gc,start       ] GC(232) Pause Young (Concurrent Start) (G1 Humongous Allocation)
[2026-04-03T02:09:34.029+0600][48.485s][info][gc,task        ] GC(232) Using 8 workers of 10 for evacuation
[2026-04-03T02:09:34.032+0600][48.488s][info][gc,phases      ] GC(232)   Pre Evacuate Collection Set: 0.34ms
[2026-04-03T02:09:34.033+0600][48.488s][info][gc,phases      ] GC(232)   Merge Heap Roots: 0.18ms
[2026-04-03T02:09:34.033+0600][48.488s][info][gc,phases      ] GC(232)   Evacuate Collection Set: 2.29ms
[2026-04-03T02:09:34.033+0600][48.488s][info][gc,phases      ] GC(232)   Post Evacuate Collection Set: 0.73ms
[2026-04-03T02:09:34.033+0600][48.488s][info][gc,phases      ] GC(232)   Other: 0.15ms
[2026-04-03T02:09:34.033+0600][48.489s][info][gc,heap        ] GC(232) Eden regions: 6->0(193)
[2026-04-03T02:09:34.033+0600][48.489s][info][gc,heap        ] GC(232) Survivor regions: 0->1(25)
[2026-04-03T02:09:34.033+0600][48.489s][info][gc,heap        ] GC(232) Old regions: 89->89
[2026-04-03T02:09:34.033+0600][48.489s][info][gc,heap        ] GC(232) Humongous regions: 8->8
[2026-04-03T02:09:34.033+0600][48.489s][info][gc,metaspace   ] GC(232) Metaspace: 131211K(132800K)->131211K(132800K) NonClass: 114654K(115456K)->114654K(115456K) Class: 16556K(17344K)->16556K(17344K)
[2026-04-03T02:09:34.033+0600][48.489s][info][gc             ] GC(232) Pause Young (Concurrent Start) (G1 Humongous Allocation) 96M->91M(324M) 4.167ms
[2026-04-03T02:09:34.033+0600][48.489s][info][gc             ] GC(233) Concurrent Mark Cycle
[2026-04-03T02:09:34.033+0600][48.489s][info][gc,cpu         ] GC(232) User=0.02s Sys=0.00s Real=0.01s
[2026-04-03T02:09:34.033+0600][48.489s][info][gc,marking     ] GC(233) Concurrent Scan Root Regions
[2026-04-03T02:09:34.035+0600][48.491s][info][gc,marking     ] GC(233) Concurrent Scan Root Regions 2.497ms
[2026-04-03T02:09:34.036+0600][48.492s][info][gc,marking     ] GC(233) Concurrent Mark
[2026-04-03T02:09:34.036+0600][48.492s][info][gc,marking     ] GC(233) Concurrent Mark From Roots
[2026-04-03T02:09:34.036+0600][48.492s][info][gc,task        ] GC(233) Using 3 workers of 3 for marking
[2026-04-03T02:09:34.127+0600][48.583s][info][gc,marking     ] GC(233) Concurrent Mark From Roots 91.714ms
[2026-04-03T02:09:34.128+0600][48.583s][info][gc,marking     ] GC(233) Concurrent Preclean
[2026-04-03T02:09:34.128+0600][48.584s][info][gc,marking     ] GC(233) Concurrent Preclean 0.808ms
[2026-04-03T02:09:34.129+0600][48.585s][info][gc,start       ] GC(233) Pause Remark
[2026-04-03T02:09:34.139+0600][48.595s][info][gc             ] GC(233) Pause Remark 130M->130M(324M) 10.461ms
[2026-04-03T02:09:34.140+0600][48.595s][info][gc,cpu         ] GC(233) User=0.06s Sys=0.00s Real=0.01s
[2026-04-03T02:09:34.140+0600][48.596s][info][gc,marking     ] GC(233) Concurrent Mark 104.110ms
[2026-04-03T02:09:34.140+0600][48.596s][info][gc,marking     ] GC(233) Concurrent Rebuild Remembered Sets and Scrub Regions
[2026-04-03T02:09:34.172+0600][48.628s][info][gc,marking     ] GC(233) Concurrent Rebuild Remembered Sets and Scrub Regions 31.760ms
[2026-04-03T02:09:34.172+0600][48.628s][info][gc,start       ] GC(233) Pause Cleanup
[2026-04-03T02:09:34.172+0600][48.628s][info][gc             ] GC(233) Pause Cleanup 157M->157M(324M) 0.303ms
[2026-04-03T02:09:34.173+0600][48.628s][info][gc,cpu         ] GC(233) User=0.00s Sys=0.00s Real=0.00s
[2026-04-03T02:09:34.173+0600][48.628s][info][gc,marking     ] GC(233) Concurrent Clear Claimed Marks
[2026-04-03T02:09:34.173+0600][48.629s][info][gc,marking     ] GC(233) Concurrent Clear Claimed Marks 0.406ms
[2026-04-03T02:09:34.173+0600][48.629s][info][gc,marking     ] GC(233) Concurrent Cleanup for Next Mark
[2026-04-03T02:09:34.174+0600][48.629s][info][gc,marking     ] GC(233) Concurrent Cleanup for Next Mark 0.530ms
[2026-04-03T02:09:34.174+0600][48.630s][info][gc             ] GC(233) Concurrent Mark Cycle 140.735ms
[2026-04-03T02:09:34.209+0600][48.665s][info][gc,start       ] GC(234) Pause Young (Prepare Mixed) (G1 Evacuation Pause)
[2026-04-03T02:09:34.209+0600][48.665s][info][gc,task        ] GC(234) Using 9 workers of 10 for evacuation
[2026-04-03T02:09:34.212+0600][48.668s][info][gc,phases      ] GC(234)   Pre Evacuate Collection Set: 0.35ms
[2026-04-03T02:09:34.212+0600][48.668s][info][gc,phases      ] GC(234)   Merge Heap Roots: 0.11ms
[2026-04-03T02:09:34.212+0600][48.668s][info][gc,phases      ] GC(234)   Evacuate Collection Set: 2.34ms
[2026-04-03T02:09:34.212+0600][48.668s][info][gc,phases      ] GC(234)   Post Evacuate Collection Set: 0.56ms
[2026-04-03T02:09:34.212+0600][48.668s][info][gc,phases      ] GC(234)   Other: 0.08ms
[2026-04-03T02:09:34.212+0600][48.668s][info][gc,heap        ] GC(234) Eden regions: 54->0(234)
[2026-04-03T02:09:34.212+0600][48.668s][info][gc,heap        ] GC(234) Survivor regions: 1->4(25)
[2026-04-03T02:09:34.212+0600][48.668s][info][gc,heap        ] GC(234) Old regions: 89->89
[2026-04-03T02:09:34.212+0600][48.668s][info][gc,heap        ] GC(234) Humongous regions: 250->18
[2026-04-03T02:09:34.212+0600][48.668s][info][gc,metaspace   ] GC(234) Metaspace: 131211K(132800K)->131211K(132800K) NonClass: 114654K(115456K)->114654K(115456K) Class: 16556K(17344K)->16556K(17344K)
[2026-04-03T02:09:34.212+0600][48.668s][info][gc             ] GC(234) Pause Young (Prepare Mixed) (G1 Evacuation Pause) 387M->104M(398M) 3.684ms
[2026-04-03T02:09:34.213+0600][48.668s][info][gc,cpu         ] GC(234) User=0.02s Sys=0.00s Real=0.01s
[2026-04-03T02:09:34.304+0600][48.760s][info][gc,start       ] GC(235) Pause Young (Mixed) (G1 Evacuation Pause)
[2026-04-03T02:09:34.304+0600][48.760s][info][gc,task        ] GC(235) Using 10 workers of 10 for evacuation
[2026-04-03T02:09:34.308+0600][48.764s][info][gc,phases      ] GC(235)   Pre Evacuate Collection Set: 0.27ms
[2026-04-03T02:09:34.308+0600][48.764s][info][gc,phases      ] GC(235)   Merge Heap Roots: 0.10ms
[2026-04-03T02:09:34.308+0600][48.764s][info][gc,phases      ] GC(235)   Evacuate Collection Set: 2.50ms
[2026-04-03T02:09:34.308+0600][48.764s][info][gc,phases      ] GC(235)   Post Evacuate Collection Set: 0.68ms
[2026-04-03T02:09:34.308+0600][48.764s][info][gc,phases      ] GC(235)   Other: 0.09ms
[2026-04-03T02:09:34.308+0600][48.764s][info][gc,heap        ] GC(235) Eden regions: 58->0(282)
[2026-04-03T02:09:34.308+0600][48.764s][info][gc,heap        ] GC(235) Survivor regions: 4->5(27)
[2026-04-03T02:09:34.308+0600][48.764s][info][gc,heap        ] GC(235) Old regions: 89->88
[2026-04-03T02:09:34.308+0600][48.764s][info][gc,heap        ] GC(235) Humongous regions: 322->23
[2026-04-03T02:09:34.308+0600][48.764s][info][gc,metaspace   ] GC(235) Metaspace: 131213K(132800K)->131213K(132800K) NonClass: 114657K(115456K)->114657K(115456K) Class: 16556K(17344K)->16556K(17344K)
[2026-04-03T02:09:34.308+0600][48.764s][info][gc             ] GC(235) Pause Young (Mixed) (G1 Evacuation Pause) 466M->110M(479M) 3.901ms
[2026-04-03T02:09:34.308+0600][48.764s][info][gc,cpu         ] GC(235) User=0.01s Sys=0.01s Real=0.00s
[2026-04-03T02:09:34.309+0600][48.765s][info][gc,start       ] GC(236) Pause Young (Concurrent Start) (G1 Humongous Allocation)
[2026-04-03T02:09:34.309+0600][48.765s][info][gc,task        ] GC(236) Using 10 workers of 10 for evacuation
[2026-04-03T02:09:34.311+0600][48.767s][info][gc,phases      ] GC(236)   Pre Evacuate Collection Set: 0.27ms
[2026-04-03T02:09:34.312+0600][48.767s][info][gc,phases      ] GC(236)   Merge Heap Roots: 0.05ms
[2026-04-03T02:09:34.312+0600][48.767s][info][gc,phases      ] GC(236)   Evacuate Collection Set: 1.83ms
[2026-04-03T02:09:34.312+0600][48.767s][info][gc,phases      ] GC(236)   Post Evacuate Collection Set: 0.44ms
[2026-04-03T02:09:34.312+0600][48.767s][info][gc,phases      ] GC(236)   Other: 0.09ms
[2026-04-03T02:09:34.312+0600][48.767s][info][gc,heap        ] GC(236) Eden regions: 3->0(282)
[2026-04-03T02:09:34.312+0600][48.767s][info][gc,heap        ] GC(236) Survivor regions: 5->5(36)
[2026-04-03T02:09:34.312+0600][48.767s][info][gc,heap        ] GC(236) Old regions: 88->88
[2026-04-03T02:09:34.312+0600][48.767s][info][gc,heap        ] GC(236) Humongous regions: 23->8
[2026-04-03T02:09:34.312+0600][48.767s][info][gc,metaspace   ] GC(236) Metaspace: 131213K(132800K)->131213K(132800K) NonClass: 114657K(115456K)->114657K(115456K) Class: 16556K(17344K)->16556K(17344K)
[2026-04-03T02:09:34.312+0600][48.768s][info][gc             ] GC(236) Pause Young (Concurrent Start) (G1 Humongous Allocation) 112M->95M(479M) 2.861ms
[2026-04-03T02:09:34.312+0600][48.768s][info][gc             ] GC(237) Concurrent Mark Cycle
[2026-04-03T02:09:34.312+0600][48.768s][info][gc,cpu         ] GC(236) User=0.02s Sys=0.00s Real=0.01s
[2026-04-03T02:09:34.312+0600][48.768s][info][gc,marking     ] GC(237) Concurrent Scan Root Regions
[2026-04-03T02:09:34.314+0600][48.770s][info][gc,marking     ] GC(237) Concurrent Scan Root Regions 2.599ms
[2026-04-03T02:09:34.315+0600][48.770s][info][gc,marking     ] GC(237) Concurrent Mark
[2026-04-03T02:09:34.315+0600][48.770s][info][gc,marking     ] GC(237) Concurrent Mark From Roots
[2026-04-03T02:09:34.315+0600][48.770s][info][gc,task        ] GC(237) Using 3 workers of 3 for marking
[2026-04-03T02:09:34.412+0600][48.868s][info][gc,marking     ] GC(237) Concurrent Mark From Roots 97.882ms
[2026-04-03T02:09:34.412+0600][48.868s][info][gc,marking     ] GC(237) Concurrent Preclean
[2026-04-03T02:09:34.413+0600][48.869s][info][gc,marking     ] GC(237) Concurrent Preclean 0.246ms
[2026-04-03T02:09:34.413+0600][48.869s][info][gc,start       ] GC(237) Pause Remark
[2026-04-03T02:09:34.420+0600][48.876s][info][gc             ] GC(237) Pause Remark 349M->349M(484M) 7.490ms
[2026-04-03T02:09:34.421+0600][48.877s][info][gc,cpu         ] GC(237) User=0.05s Sys=0.00s Real=0.01s
[2026-04-03T02:09:34.421+0600][48.877s][info][gc,marking     ] GC(237) Concurrent Mark 106.310ms
[2026-04-03T02:09:34.421+0600][48.877s][info][gc,marking     ] GC(237) Concurrent Rebuild Remembered Sets and Scrub Regions
[2026-04-03T02:09:34.455+0600][48.911s][info][gc,marking     ] GC(237) Concurrent Rebuild Remembered Sets and Scrub Regions 33.854ms
[2026-04-03T02:09:34.455+0600][48.911s][info][gc,start       ] GC(237) Pause Cleanup
[2026-04-03T02:09:34.456+0600][48.911s][info][gc             ] GC(237) Pause Cleanup 385M->385M(484M) 0.364ms
[2026-04-03T02:09:34.456+0600][48.912s][info][gc,cpu         ] GC(237) User=0.00s Sys=0.00s Real=0.00s
[2026-04-03T02:09:34.456+0600][48.912s][info][gc,marking     ] GC(237) Concurrent Clear Claimed Marks
[2026-04-03T02:09:34.456+0600][48.912s][info][gc,marking     ] GC(237) Concurrent Clear Claimed Marks 0.416ms
[2026-04-03T02:09:34.456+0600][48.912s][info][gc,marking     ] GC(237) Concurrent Cleanup for Next Mark
[2026-04-03T02:09:34.458+0600][48.914s][info][gc,marking     ] GC(237) Concurrent Cleanup for Next Mark 1.566ms
[2026-04-03T02:09:34.458+0600][48.914s][info][gc             ] GC(237) Concurrent Mark Cycle 146.092ms
[2026-04-03T02:09:34.598+0600][49.054s][info][gc,start       ] GC(238) Pause Young (Prepare Mixed) (G1 Evacuation Pause)
[2026-04-03T02:09:34.598+0600][49.054s][info][gc,task        ] GC(238) Using 10 workers of 10 for evacuation
[2026-04-03T02:09:34.601+0600][49.057s][info][gc,phases      ] GC(238)   Pre Evacuate Collection Set: 0.34ms
[2026-04-03T02:09:34.601+0600][49.057s][info][gc,phases      ] GC(238)   Merge Heap Roots: 0.11ms
[2026-04-03T02:09:34.601+0600][49.057s][info][gc,phases      ] GC(238)   Evacuate Collection Set: 2.07ms
[2026-04-03T02:09:34.601+0600][49.057s][info][gc,phases      ] GC(238)   Post Evacuate Collection Set: 0.64ms
[2026-04-03T02:09:34.601+0600][49.057s][info][gc,phases      ] GC(238)   Other: 0.10ms
[2026-04-03T02:09:34.601+0600][49.057s][info][gc,heap        ] GC(238) Eden regions: 121->0(288)
[2026-04-03T02:09:34.601+0600][49.057s][info][gc,heap        ] GC(238) Survivor regions: 5->4(16)
[2026-04-03T02:09:34.601+0600][49.057s][info][gc,heap        ] GC(238) Old regions: 88->88
[2026-04-03T02:09:34.601+0600][49.057s][info][gc,heap        ] GC(238) Humongous regions: 270->8
[2026-04-03T02:09:34.601+0600][49.057s][info][gc,metaspace   ] GC(238) Metaspace: 131220K(132800K)->131220K(132800K) NonClass: 114664K(115456K)->114664K(115456K) Class: 16556K(17344K)->16556K(17344K)
[2026-04-03T02:09:34.601+0600][49.057s][info][gc             ] GC(238) Pause Young (Prepare Mixed) (G1 Evacuation Pause) 478M->93M(488M) 3.482ms
[2026-04-03T02:09:34.601+0600][49.057s][info][gc,cpu         ] GC(238) User=0.02s Sys=0.01s Real=0.01s
[2026-04-03T02:09:35.039+0600][49.495s][info][gc,start       ] GC(239) Pause Young (Mixed) (GCLocker Initiated GC)
[2026-04-03T02:09:35.039+0600][49.495s][info][gc,task        ] GC(239) Using 10 workers of 10 for evacuation
[2026-04-03T02:09:35.045+0600][49.501s][info][gc,phases      ] GC(239)   Pre Evacuate Collection Set: 0.49ms
[2026-04-03T02:09:35.045+0600][49.501s][info][gc,phases      ] GC(239)   Merge Heap Roots: 0.32ms
[2026-04-03T02:09:35.045+0600][49.501s][info][gc,phases      ] GC(239)   Evacuate Collection Set: 3.90ms
[2026-04-03T02:09:35.045+0600][49.501s][info][gc,phases      ] GC(239)   Post Evacuate Collection Set: 0.61ms
[2026-04-03T02:09:35.045+0600][49.501s][info][gc,phases      ] GC(239)   Other: 0.13ms
[2026-04-03T02:09:35.045+0600][49.501s][info][gc,heap        ] GC(239) Eden regions: 278->0(290)
[2026-04-03T02:09:35.045+0600][49.501s][info][gc,heap        ] GC(239) Survivor regions: 4->7(12)
[2026-04-03T02:09:35.045+0600][49.501s][info][gc,heap        ] GC(239) Old regions: 88->86
[2026-04-03T02:09:35.045+0600][49.501s][info][gc,heap        ] GC(239) Humongous regions: 118->8
[2026-04-03T02:09:35.045+0600][49.501s][info][gc,metaspace   ] GC(239) Metaspace: 131228K(132800K)->131228K(132800K) NonClass: 114672K(115456K)->114672K(115456K) Class: 16556K(17344K)->16556K(17344K)
[2026-04-03T02:09:35.045+0600][49.501s][info][gc             ] GC(239) Pause Young (Mixed) (GCLocker Initiated GC) 481M->96M(495M) 5.721ms
[2026-04-03T02:09:35.045+0600][49.501s][info][gc,cpu         ] GC(239) User=0.03s Sys=0.02s Real=0.01s
[2026-04-03T02:09:35.049+0600][49.505s][info][gc,start       ] GC(240) Pause Young (Concurrent Start) (G1 Humongous Allocation)
[2026-04-03T02:09:35.049+0600][49.505s][info][gc,task        ] GC(240) Using 10 workers of 10 for evacuation
[2026-04-03T02:09:35.052+0600][49.508s][info][gc,phases      ] GC(240)   Pre Evacuate Collection Set: 0.43ms
[2026-04-03T02:09:35.052+0600][49.508s][info][gc,phases      ] GC(240)   Merge Heap Roots: 0.10ms
[2026-04-03T02:09:35.052+0600][49.508s][info][gc,phases      ] GC(240)   Evacuate Collection Set: 2.19ms
[2026-04-03T02:09:35.052+0600][49.508s][info][gc,phases      ] GC(240)   Post Evacuate Collection Set: 0.57ms
[2026-04-03T02:09:35.052+0600][49.508s][info][gc,phases      ] GC(240)   Other: 0.16ms
[2026-04-03T02:09:35.052+0600][49.508s][info][gc,heap        ] GC(240) Eden regions: 6->0(291)
[2026-04-03T02:09:35.052+0600][49.508s][info][gc,heap        ] GC(240) Survivor regions: 7->6(38)
[2026-04-03T02:09:35.052+0600][49.508s][info][gc,heap        ] GC(240) Old regions: 86->86
[2026-04-03T02:09:35.052+0600][49.508s][info][gc,heap        ] GC(240) Humongous regions: 8->8
[2026-04-03T02:09:35.052+0600][49.508s][info][gc,metaspace   ] GC(240) Metaspace: 131228K(132800K)->131228K(132800K) NonClass: 114672K(115456K)->114672K(115456K) Class: 16556K(17344K)->16556K(17344K)
[2026-04-03T02:09:35.053+0600][49.508s][info][gc             ] GC(240) Pause Young (Concurrent Start) (G1 Humongous Allocation) 102M->96M(495M) 3.737ms
[2026-04-03T02:09:35.053+0600][49.508s][info][gc             ] GC(241) Concurrent Mark Cycle
[2026-04-03T02:09:35.053+0600][49.509s][info][gc,cpu         ] GC(240) User=0.02s Sys=0.00s Real=0.01s
[2026-04-03T02:09:35.053+0600][49.509s][info][gc,marking     ] GC(241) Concurrent Scan Root Regions
[2026-04-03T02:09:35.055+0600][49.511s][info][gc,marking     ] GC(241) Concurrent Scan Root Regions 2.239ms
[2026-04-03T02:09:35.055+0600][49.511s][info][gc,marking     ] GC(241) Concurrent Mark
[2026-04-03T02:09:35.055+0600][49.511s][info][gc,marking     ] GC(241) Concurrent Mark From Roots
[2026-04-03T02:09:35.055+0600][49.511s][info][gc,task        ] GC(241) Using 3 workers of 3 for marking
[2026-04-03T02:09:35.174+0600][49.630s][info][gc,marking     ] GC(241) Concurrent Mark From Roots 119.104ms
[2026-04-03T02:09:35.174+0600][49.630s][info][gc,marking     ] GC(241) Concurrent Preclean
[2026-04-03T02:09:35.175+0600][49.631s][info][gc,marking     ] GC(241) Concurrent Preclean 0.573ms
[2026-04-03T02:09:35.177+0600][49.632s][info][gc,start       ] GC(241) Pause Remark
[2026-04-03T02:09:35.186+0600][49.642s][info][gc             ] GC(241) Pause Remark 231M->231M(495M) 9.603ms
[2026-04-03T02:09:35.186+0600][49.642s][info][gc,cpu         ] GC(241) User=0.07s Sys=0.00s Real=0.01s
[2026-04-03T02:09:35.187+0600][49.643s][info][gc,marking     ] GC(241) Concurrent Mark 132.204ms
[2026-04-03T02:09:35.187+0600][49.643s][info][gc,marking     ] GC(241) Concurrent Rebuild Remembered Sets and Scrub Regions
[2026-04-03T02:09:35.224+0600][49.680s][info][gc,marking     ] GC(241) Concurrent Rebuild Remembered Sets and Scrub Regions 36.625ms
[2026-04-03T02:09:35.224+0600][49.680s][info][gc,start       ] GC(241) Pause Cleanup
[2026-04-03T02:09:35.225+0600][49.681s][info][gc             ] GC(241) Pause Cleanup 275M->275M(495M) 0.547ms
[2026-04-03T02:09:35.225+0600][49.681s][info][gc,cpu         ] GC(241) User=0.01s Sys=0.00s Real=0.00s
[2026-04-03T02:09:35.225+0600][49.681s][info][gc,marking     ] GC(241) Concurrent Clear Claimed Marks
[2026-04-03T02:09:35.226+0600][49.681s][info][gc,marking     ] GC(241) Concurrent Clear Claimed Marks 0.382ms
[2026-04-03T02:09:35.226+0600][49.681s][info][gc,marking     ] GC(241) Concurrent Cleanup for Next Mark
[2026-04-03T02:09:35.227+0600][49.683s][info][gc,marking     ] GC(241) Concurrent Cleanup for Next Mark 1.279ms
[2026-04-03T02:09:35.227+0600][49.683s][info][gc             ] GC(241) Concurrent Mark Cycle 174.379ms
[2026-04-03T02:09:35.369+0600][49.825s][info][gc,start       ] GC(242) Pause Young (Prepare Mixed) (G1 Humongous Allocation)
[2026-04-03T02:09:35.369+0600][49.825s][info][gc,task        ] GC(242) Using 10 workers of 10 for evacuation
[2026-04-03T02:09:35.374+0600][49.830s][info][gc,phases      ] GC(242)   Pre Evacuate Collection Set: 0.37ms
[2026-04-03T02:09:35.374+0600][49.830s][info][gc,phases      ] GC(242)   Merge Heap Roots: 0.18ms
[2026-04-03T02:09:35.374+0600][49.830s][info][gc,phases      ] GC(242)   Evacuate Collection Set: 2.51ms
[2026-04-03T02:09:35.374+0600][49.830s][info][gc,phases      ] GC(242)   Post Evacuate Collection Set: 1.62ms
[2026-04-03T02:09:35.374+0600][49.830s][info][gc,phases      ] GC(242)   Other: 0.10ms
[2026-04-03T02:09:35.374+0600][49.830s][info][gc,heap        ] GC(242) Eden regions: 219->0(299)
[2026-04-03T02:09:35.374+0600][49.830s][info][gc,heap        ] GC(242) Survivor regions: 6->1(1)
[2026-04-03T02:09:35.374+0600][49.830s][info][gc,heap        ] GC(242) Old regions: 86->161
[2026-04-03T02:09:35.374+0600][49.830s][info][gc,heap        ] GC(242) Humongous regions: 188->12
[2026-04-03T02:09:35.374+0600][49.830s][info][gc,metaspace   ] GC(242) Metaspace: 131229K(132800K)->131229K(132800K) NonClass: 114673K(115456K)->114673K(115456K) Class: 16556K(17344K)->16556K(17344K)
[2026-04-03T02:09:35.374+0600][49.830s][info][gc             ] GC(242) Pause Young (Prepare Mixed) (G1 Humongous Allocation) (Evacuation Failure) 495M->171M(500M) 5.095ms
[2026-04-03T02:09:35.374+0600][49.830s][info][gc,cpu         ] GC(242) User=0.03s Sys=0.01s Real=0.01s
[2026-04-03T02:09:35.607+0600][50.063s][info][gc,start       ] GC(243) Pause Young (Mixed) (GCLocker Initiated GC)
[2026-04-03T02:09:35.608+0600][50.063s][info][gc,task        ] GC(243) Using 10 workers of 10 for evacuation
[2026-04-03T02:09:35.614+0600][50.070s][info][gc,phases      ] GC(243)   Pre Evacuate Collection Set: 0.72ms
[2026-04-03T02:09:35.614+0600][50.070s][info][gc,phases      ] GC(243)   Merge Heap Roots: 0.29ms
[2026-04-03T02:09:35.614+0600][50.070s][info][gc,phases      ] GC(243)   Evacuate Collection Set: 3.59ms
[2026-04-03T02:09:35.614+0600][50.070s][info][gc,phases      ] GC(243)   Post Evacuate Collection Set: 1.71ms
[2026-04-03T02:09:35.614+0600][50.070s][info][gc,phases      ] GC(243)   Other: 0.12ms
[2026-04-03T02:09:35.614+0600][50.070s][info][gc,heap        ] GC(243) Eden regions: 187->0(246)
[2026-04-03T02:09:35.614+0600][50.070s][info][gc,heap        ] GC(243) Survivor regions: 1->1(2)
[2026-04-03T02:09:35.614+0600][50.070s][info][gc,heap        ] GC(243) Old regions: 161->214
[2026-04-03T02:09:35.614+0600][50.070s][info][gc,heap        ] GC(243) Humongous regions: 149->14
[2026-04-03T02:09:35.614+0600][50.070s][info][gc,metaspace   ] GC(243) Metaspace: 131236K(132800K)->131236K(132800K) NonClass: 114679K(115456K)->114679K(115456K) Class: 16556K(17344K)->16556K(17344K)
[2026-04-03T02:09:35.614+0600][50.070s][info][gc             ] GC(243) Pause Young (Mixed) (GCLocker Initiated GC) (Evacuation Failure) 494M->225M(500M) 6.768ms
[2026-04-03T02:09:35.614+0600][50.070s][info][gc,cpu         ] GC(243) User=0.05s Sys=0.01s Real=0.01s
[2026-04-03T02:09:35.615+0600][50.071s][info][gc,start       ] GC(244) Pause Young (Concurrent Start) (G1 Humongous Allocation)
[2026-04-03T02:09:35.615+0600][50.071s][info][gc,task        ] GC(244) Using 10 workers of 10 for evacuation
[2026-04-03T02:09:35.618+0600][50.074s][info][gc,phases      ] GC(244)   Pre Evacuate Collection Set: 0.35ms
[2026-04-03T02:09:35.618+0600][50.074s][info][gc,phases      ] GC(244)   Merge Heap Roots: 0.12ms
[2026-04-03T02:09:35.618+0600][50.074s][info][gc,phases      ] GC(244)   Evacuate Collection Set: 1.89ms
[2026-04-03T02:09:35.618+0600][50.074s][info][gc,phases      ] GC(244)   Post Evacuate Collection Set: 0.65ms
[2026-04-03T02:09:35.618+0600][50.074s][info][gc,phases      ] GC(244)   Other: 0.12ms
[2026-04-03T02:09:35.618+0600][50.074s][info][gc,heap        ] GC(244) Eden regions: 2->0(245)
[2026-04-03T02:09:35.618+0600][50.074s][info][gc,heap        ] GC(244) Survivor regions: 1->2(31)
[2026-04-03T02:09:35.618+0600][50.074s][info][gc,heap        ] GC(244) Old regions: 214->214
[2026-04-03T02:09:35.618+0600][50.074s][info][gc,heap        ] GC(244) Humongous regions: 14->14
[2026-04-03T02:09:35.618+0600][50.074s][info][gc,metaspace   ] GC(244) Metaspace: 131236K(132800K)->131236K(132800K) NonClass: 114679K(115456K)->114679K(115456K) Class: 16556K(17344K)->16556K(17344K)
[2026-04-03T02:09:35.618+0600][50.074s][info][gc             ] GC(244) Pause Young (Concurrent Start) (G1 Humongous Allocation) 227M->225M(500M) 3.357ms
[2026-04-03T02:09:35.618+0600][50.074s][info][gc             ] GC(245) Concurrent Mark Cycle
[2026-04-03T02:09:35.619+0600][50.074s][info][gc,cpu         ] GC(244) User=0.02s Sys=0.00s Real=0.00s
[2026-04-03T02:09:35.619+0600][50.074s][info][gc,marking     ] GC(245) Concurrent Scan Root Regions
[2026-04-03T02:09:35.621+0600][50.077s][info][gc,marking     ] GC(245) Concurrent Scan Root Regions 2.724ms
[2026-04-03T02:09:35.621+0600][50.077s][info][gc,marking     ] GC(245) Concurrent Mark
[2026-04-03T02:09:35.621+0600][50.077s][info][gc,marking     ] GC(245) Concurrent Mark From Roots
[2026-04-03T02:09:35.621+0600][50.077s][info][gc,task        ] GC(245) Using 3 workers of 3 for marking
[2026-04-03T02:09:35.722+0600][50.178s][info][gc,marking     ] GC(245) Concurrent Mark From Roots 101.124ms
[2026-04-03T02:09:35.723+0600][50.178s][info][gc,marking     ] GC(245) Concurrent Preclean
[2026-04-03T02:09:35.723+0600][50.179s][info][gc,marking     ] GC(245) Concurrent Preclean 0.268ms
[2026-04-03T02:09:35.723+0600][50.179s][info][gc,start       ] GC(245) Pause Remark
[2026-04-03T02:09:35.733+0600][50.189s][info][gc             ] GC(245) Pause Remark 296M->279M(500M) 9.858ms
[2026-04-03T02:09:35.733+0600][50.189s][info][gc,cpu         ] GC(245) User=0.06s Sys=0.00s Real=0.01s
[2026-04-03T02:09:35.733+0600][50.189s][info][gc,marking     ] GC(245) Concurrent Mark 112.017ms
[2026-04-03T02:09:35.733+0600][50.189s][info][gc,marking     ] GC(245) Concurrent Rebuild Remembered Sets and Scrub Regions
[2026-04-03T02:09:35.767+0600][50.223s][info][gc,marking     ] GC(245) Concurrent Rebuild Remembered Sets and Scrub Regions 34.013ms
[2026-04-03T02:09:35.768+0600][50.224s][info][gc,start       ] GC(245) Pause Cleanup
[2026-04-03T02:09:35.768+0600][50.224s][info][gc             ] GC(245) Pause Cleanup 286M->286M(500M) 0.510ms
[2026-04-03T02:09:35.768+0600][50.224s][info][gc,cpu         ] GC(245) User=0.00s Sys=0.00s Real=0.00s
[2026-04-03T02:09:35.769+0600][50.224s][info][gc,marking     ] GC(245) Concurrent Clear Claimed Marks
[2026-04-03T02:09:35.769+0600][50.225s][info][gc,marking     ] GC(245) Concurrent Clear Claimed Marks 0.403ms
[2026-04-03T02:09:35.769+0600][50.225s][info][gc,marking     ] GC(245) Concurrent Cleanup for Next Mark
[2026-04-03T02:09:35.770+0600][50.226s][info][gc,marking     ] GC(245) Concurrent Cleanup for Next Mark 0.797ms
[2026-04-03T02:09:35.770+0600][50.226s][info][gc             ] GC(245) Concurrent Mark Cycle 151.492ms
[2026-04-03T02:09:36.085+0600][50.541s][info][gc,start       ] GC(246) Pause Young (Prepare Mixed) (GCLocker Initiated GC)
[2026-04-03T02:09:36.085+0600][50.541s][info][gc,task        ] GC(246) Using 10 workers of 10 for evacuation
[2026-04-03T02:09:36.092+0600][50.548s][info][gc,phases      ] GC(246)   Pre Evacuate Collection Set: 0.60ms
[2026-04-03T02:09:36.092+0600][50.548s][info][gc,phases      ] GC(246)   Merge Heap Roots: 0.37ms
[2026-04-03T02:09:36.092+0600][50.548s][info][gc,phases      ] GC(246)   Evacuate Collection Set: 2.76ms
[2026-04-03T02:09:36.092+0600][50.548s][info][gc,phases      ] GC(246)   Post Evacuate Collection Set: 3.34ms
[2026-04-03T02:09:36.093+0600][50.548s][info][gc,phases      ] GC(246)   Other: 0.13ms
[2026-04-03T02:09:36.093+0600][50.548s][info][gc,heap        ] GC(246) Eden regions: 216->0(88)
[2026-04-03T02:09:36.093+0600][50.548s][info][gc,heap        ] GC(246) Survivor regions: 2->0(0)
[2026-04-03T02:09:36.093+0600][50.548s][info][gc,heap        ] GC(246) Old regions: 201->375
[2026-04-03T02:09:36.093+0600][50.548s][info][gc,heap        ] GC(246) Humongous regions: 81->12
[2026-04-03T02:09:36.093+0600][50.548s][info][gc,metaspace   ] GC(246) Metaspace: 131264K(132800K)->131264K(132800K) NonClass: 114707K(115456K)->114707K(115456K) Class: 16556K(17344K)->16556K(17344K)
[2026-04-03T02:09:36.093+0600][50.548s][info][gc             ] GC(246) Pause Young (Prepare Mixed) (GCLocker Initiated GC) (Evacuation Failure) 494M->381M(500M) 7.510ms
[2026-04-03T02:09:36.093+0600][50.549s][info][gc,cpu         ] GC(246) User=0.06s Sys=0.00s Real=0.01s
[2026-04-03T02:09:36.161+0600][50.617s][info][gc,start       ] GC(247) Pause Young (Mixed) (G1 Humongous Allocation)
[2026-04-03T02:09:36.161+0600][50.617s][info][gc,task        ] GC(247) Using 10 workers of 10 for evacuation
[2026-04-03T02:09:36.165+0600][50.621s][info][gc,phases      ] GC(247)   Pre Evacuate Collection Set: 0.48ms
[2026-04-03T02:09:36.165+0600][50.621s][info][gc,phases      ] GC(247)   Merge Heap Roots: 0.24ms
[2026-04-03T02:09:36.165+0600][50.621s][info][gc,phases      ] GC(247)   Evacuate Collection Set: 1.78ms
[2026-04-03T02:09:36.165+0600][50.621s][info][gc,phases      ] GC(247)   Post Evacuate Collection Set: 1.30ms
[2026-04-03T02:09:36.165+0600][50.621s][info][gc,phases      ] GC(247)   Other: 0.11ms
[2026-04-03T02:09:36.165+0600][50.621s][info][gc,heap        ] GC(247) Eden regions: 60->0(95)
[2026-04-03T02:09:36.165+0600][50.621s][info][gc,heap        ] GC(247) Survivor regions: 0->1(1)
[2026-04-03T02:09:36.165+0600][50.621s][info][gc,heap        ] GC(247) Old regions: 375->365
[2026-04-03T02:09:36.165+0600][50.621s][info][gc,heap        ] GC(247) Humongous regions: 64->14
[2026-04-03T02:09:36.165+0600][50.621s][info][gc,metaspace   ] GC(247) Metaspace: 131264K(132800K)->131264K(132800K) NonClass: 114707K(115456K)->114707K(115456K) Class: 16556K(17344K)->16556K(17344K)
[2026-04-03T02:09:36.165+0600][50.621s][info][gc             ] GC(247) Pause Young (Mixed) (G1 Humongous Allocation) (Evacuation Failure) 493M->374M(500M) 4.213ms
[2026-04-03T02:09:36.166+0600][50.621s][info][gc,cpu         ] GC(247) User=0.03s Sys=0.00s Real=0.00s
[2026-04-03T02:09:36.253+0600][50.709s][info][gc,start       ] GC(248) Pause Young (Mixed) (GCLocker Initiated GC)
[2026-04-03T02:09:36.253+0600][50.709s][info][gc,task        ] GC(248) Using 10 workers of 10 for evacuation
[2026-04-03T02:09:36.258+0600][50.714s][info][gc,phases      ] GC(248)   Pre Evacuate Collection Set: 0.60ms
[2026-04-03T02:09:36.258+0600][50.714s][info][gc,phases      ] GC(248)   Merge Heap Roots: 0.19ms
[2026-04-03T02:09:36.258+0600][50.714s][info][gc,phases      ] GC(248)   Evacuate Collection Set: 1.95ms
[2026-04-03T02:09:36.258+0600][50.714s][info][gc,phases      ] GC(248)   Post Evacuate Collection Set: 2.17ms
[2026-04-03T02:09:36.258+0600][50.714s][info][gc,phases      ] GC(248)   Other: 0.13ms
[2026-04-03T02:09:36.258+0600][50.714s][info][gc,heap        ] GC(248) Eden regions: 67->0(55)
[2026-04-03T02:09:36.258+0600][50.714s][info][gc,heap        ] GC(248) Survivor regions: 1->0(0)
[2026-04-03T02:09:36.258+0600][50.714s][info][gc,heap        ] GC(248) Old regions: 365->406
[2026-04-03T02:09:36.258+0600][50.714s][info][gc,heap        ] GC(248) Humongous regions: 67->14
[2026-04-03T02:09:36.258+0600][50.714s][info][gc,metaspace   ] GC(248) Metaspace: 131264K(132800K)->131264K(132800K) NonClass: 114707K(115456K)->114707K(115456K) Class: 16556K(17344K)->16556K(17344K)
[2026-04-03T02:09:36.258+0600][50.714s][info][gc             ] GC(248) Pause Young (Mixed) (GCLocker Initiated GC) (Evacuation Failure) 494M->414M(500M) 5.410ms
[2026-04-03T02:09:36.258+0600][50.714s][info][gc,cpu         ] GC(248) User=0.03s Sys=0.00s Real=0.00s
[2026-04-03T02:09:36.260+0600][50.715s][info][gc,start       ] GC(249) Pause Young (Concurrent Start) (GCLocker Initiated GC)
[2026-04-03T02:09:36.260+0600][50.715s][info][gc,task        ] GC(249) Using 10 workers of 10 for evacuation
[2026-04-03T02:09:36.263+0600][50.719s][info][gc,phases      ] GC(249)   Pre Evacuate Collection Set: 0.34ms
[2026-04-03T02:09:36.263+0600][50.719s][info][gc,phases      ] GC(249)   Merge Heap Roots: 0.08ms
[2026-04-03T02:09:36.263+0600][50.719s][info][gc,phases      ] GC(249)   Evacuate Collection Set: 2.00ms
[2026-04-03T02:09:36.263+0600][50.719s][info][gc,phases      ] GC(249)   Post Evacuate Collection Set: 0.55ms
[2026-04-03T02:09:36.263+0600][50.719s][info][gc,phases      ] GC(249)   Other: 0.16ms
[2026-04-03T02:09:36.263+0600][50.719s][info][gc,heap        ] GC(249) Eden regions: 2->0(52)
[2026-04-03T02:09:36.263+0600][50.719s][info][gc,heap        ] GC(249) Survivor regions: 0->1(7)
[2026-04-03T02:09:36.263+0600][50.719s][info][gc,heap        ] GC(249) Old regions: 406->406
[2026-04-03T02:09:36.263+0600][50.719s][info][gc,heap        ] GC(249) Humongous regions: 16->16
[2026-04-03T02:09:36.263+0600][50.719s][info][gc,metaspace   ] GC(249) Metaspace: 131264K(132800K)->131264K(132800K) NonClass: 114707K(115456K)->114707K(115456K) Class: 16556K(17344K)->16556K(17344K)
[2026-04-03T02:09:36.263+0600][50.719s][info][gc             ] GC(249) Pause Young (Concurrent Start) (GCLocker Initiated GC) 418M->416M(500M) 3.406ms
[2026-04-03T02:09:36.263+0600][50.719s][info][gc,cpu         ] GC(249) User=0.02s Sys=0.00s Real=0.01s
[2026-04-03T02:09:36.263+0600][50.719s][info][gc             ] GC(250) Concurrent Mark Cycle
[2026-04-03T02:09:36.263+0600][50.719s][info][gc,marking     ] GC(250) Concurrent Scan Root Regions
[2026-04-03T02:09:36.266+0600][50.722s][info][gc,marking     ] GC(250) Concurrent Scan Root Regions 2.492ms
[2026-04-03T02:09:36.266+0600][50.722s][info][gc,marking     ] GC(250) Concurrent Mark
[2026-04-03T02:09:36.266+0600][50.722s][info][gc,marking     ] GC(250) Concurrent Mark From Roots
[2026-04-03T02:09:36.266+0600][50.722s][info][gc,task        ] GC(250) Using 3 workers of 3 for marking
[2026-04-03T02:09:36.329+0600][50.785s][info][gc,start       ] GC(251) Pause Young (Normal) (G1 Humongous Allocation)
[2026-04-03T02:09:36.329+0600][50.785s][info][gc,task        ] GC(251) Using 10 workers of 10 for evacuation
[2026-04-03T02:09:36.331+0600][50.787s][info][gc,phases      ] GC(251)   Pre Evacuate Collection Set: 0.43ms
[2026-04-03T02:09:36.331+0600][50.787s][info][gc,phases      ] GC(251)   Merge Heap Roots: 0.13ms
[2026-04-03T02:09:36.331+0600][50.787s][info][gc,phases      ] GC(251)   Evacuate Collection Set: 0.96ms
[2026-04-03T02:09:36.331+0600][50.787s][info][gc,phases      ] GC(251)   Post Evacuate Collection Set: 0.54ms
[2026-04-03T02:09:36.331+0600][50.787s][info][gc,phases      ] GC(251)   Other: 0.09ms
[2026-04-03T02:09:36.331+0600][50.787s][info][gc,heap        ] GC(251) Eden regions: 38->0(52)
[2026-04-03T02:09:36.331+0600][50.787s][info][gc,heap        ] GC(251) Survivor regions: 1->1(4)
[2026-04-03T02:09:36.331+0600][50.787s][info][gc,heap        ] GC(251) Old regions: 406->406
[2026-04-03T02:09:36.331+0600][50.787s][info][gc,heap        ] GC(251) Humongous regions: 51->16
[2026-04-03T02:09:36.331+0600][50.787s][info][gc,metaspace   ] GC(251) Metaspace: 131264K(132800K)->131264K(132800K) NonClass: 114708K(115456K)->114708K(115456K) Class: 16556K(17344K)->16556K(17344K)
[2026-04-03T02:09:36.331+0600][50.787s][info][gc             ] GC(251) Pause Young (Normal) (G1 Humongous Allocation) 489M->416M(500M) 2.462ms
[2026-04-03T02:09:36.331+0600][50.787s][info][gc,cpu         ] GC(251) User=0.01s Sys=0.00s Real=0.01s
[2026-04-03T02:09:36.383+0600][50.839s][info][gc,marking     ] GC(250) Concurrent Mark From Roots 117.676ms
[2026-04-03T02:09:36.384+0600][50.839s][info][gc,marking     ] GC(250) Concurrent Preclean
[2026-04-03T02:09:36.384+0600][50.840s][info][gc,marking     ] GC(250) Concurrent Preclean 0.346ms
[2026-04-03T02:09:36.385+0600][50.840s][info][gc,start       ] GC(250) Pause Remark
[2026-04-03T02:09:36.394+0600][50.850s][info][gc             ] GC(250) Pause Remark 474M->410M(500M) 9.078ms
[2026-04-03T02:09:36.394+0600][50.850s][info][gc,cpu         ] GC(250) User=0.06s Sys=0.00s Real=0.01s
[2026-04-03T02:09:36.394+0600][50.850s][info][gc,marking     ] GC(250) Concurrent Mark 128.453ms
[2026-04-03T02:09:36.394+0600][50.850s][info][gc,marking     ] GC(250) Concurrent Rebuild Remembered Sets and Scrub Regions
[2026-04-03T02:09:36.416+0600][50.872s][info][gc,start       ] GC(252) Pause Young (Normal) (G1 Evacuation Pause)
[2026-04-03T02:09:36.416+0600][50.872s][info][gc,task        ] GC(252) Using 10 workers of 10 for evacuation
[2026-04-03T02:09:36.419+0600][50.874s][info][gc,phases      ] GC(252)   Pre Evacuate Collection Set: 0.46ms
[2026-04-03T02:09:36.419+0600][50.875s][info][gc,phases      ] GC(252)   Merge Heap Roots: 0.14ms
[2026-04-03T02:09:36.419+0600][50.875s][info][gc,phases      ] GC(252)   Evacuate Collection Set: 1.38ms
[2026-04-03T02:09:36.419+0600][50.875s][info][gc,phases      ] GC(252)   Post Evacuate Collection Set: 0.54ms
[2026-04-03T02:09:36.419+0600][50.875s][info][gc,phases      ] GC(252)   Other: 0.11ms
[2026-04-03T02:09:36.419+0600][50.875s][info][gc,heap        ] GC(252) Eden regions: 52->0(117)
[2026-04-03T02:09:36.419+0600][50.875s][info][gc,heap        ] GC(252) Survivor regions: 1->2(7)
[2026-04-03T02:09:36.419+0600][50.875s][info][gc,heap        ] GC(252) Old regions: 348->348
[2026-04-03T02:09:36.419+0600][50.875s][info][gc,heap        ] GC(252) Humongous regions: 48->8
[2026-04-03T02:09:36.419+0600][50.875s][info][gc,metaspace   ] GC(252) Metaspace: 131264K(132800K)->131264K(132800K) NonClass: 114708K(115456K)->114708K(115456K) Class: 16556K(17344K)->16556K(17344K)
[2026-04-03T02:09:36.419+0600][50.875s][info][gc             ] GC(252) Pause Young (Normal) (G1 Evacuation Pause) 444M->353M(500M) 2.938ms
[2026-04-03T02:09:36.419+0600][50.875s][info][gc,cpu         ] GC(252) User=0.02s Sys=0.00s Real=0.00s
[2026-04-03T02:09:36.446+0600][50.902s][info][gc,marking     ] GC(250) Concurrent Rebuild Remembered Sets and Scrub Regions 51.409ms
[2026-04-03T02:09:36.446+0600][50.902s][info][gc,start       ] GC(250) Pause Cleanup
[2026-04-03T02:09:36.447+0600][50.903s][info][gc             ] GC(250) Pause Cleanup 371M->371M(500M) 0.717ms
[2026-04-03T02:09:36.447+0600][50.903s][info][gc,cpu         ] GC(250) User=0.00s Sys=0.00s Real=0.00s
[2026-04-03T02:09:36.447+0600][50.903s][info][gc,marking     ] GC(250) Concurrent Clear Claimed Marks
[2026-04-03T02:09:36.448+0600][50.903s][info][gc,marking     ] GC(250) Concurrent Clear Claimed Marks 0.313ms
[2026-04-03T02:09:36.448+0600][50.903s][info][gc,marking     ] GC(250) Concurrent Cleanup for Next Mark
[2026-04-03T02:09:36.449+0600][50.905s][info][gc,marking     ] GC(250) Concurrent Cleanup for Next Mark 1.235ms
[2026-04-03T02:09:36.449+0600][50.905s][info][gc             ] GC(250) Concurrent Mark Cycle 185.728ms
[2026-04-03T02:09:36.530+0600][50.986s][info][gc,start       ] GC(253) Pause Young (Prepare Mixed) (G1 Humongous Allocation)
[2026-04-03T02:09:36.530+0600][50.986s][info][gc,task        ] GC(253) Using 10 workers of 10 for evacuation
[2026-04-03T02:09:36.532+0600][50.988s][info][gc,phases      ] GC(253)   Pre Evacuate Collection Set: 0.34ms
[2026-04-03T02:09:36.532+0600][50.988s][info][gc,phases      ] GC(253)   Merge Heap Roots: 0.14ms
[2026-04-03T02:09:36.532+0600][50.988s][info][gc,phases      ] GC(253)   Evacuate Collection Set: 1.31ms
[2026-04-03T02:09:36.532+0600][50.988s][info][gc,phases      ] GC(253)   Post Evacuate Collection Set: 0.55ms
[2026-04-03T02:09:36.532+0600][50.988s][info][gc,phases      ] GC(253)   Other: 0.10ms
[2026-04-03T02:09:36.532+0600][50.988s][info][gc,heap        ] GC(253) Eden regions: 78->0(118)
[2026-04-03T02:09:36.532+0600][50.988s][info][gc,heap        ] GC(253) Survivor regions: 2->1(3)
[2026-04-03T02:09:36.532+0600][50.988s][info][gc,heap        ] GC(253) Old regions: 348->348
[2026-04-03T02:09:36.532+0600][50.988s][info][gc,heap        ] GC(253) Humongous regions: 69->8
[2026-04-03T02:09:36.532+0600][50.988s][info][gc,metaspace   ] GC(253) Metaspace: 131264K(132800K)->131264K(132800K) NonClass: 114708K(115456K)->114708K(115456K) Class: 16556K(17344K)->16556K(17344K)
[2026-04-03T02:09:36.532+0600][50.988s][info][gc             ] GC(253) Pause Young (Prepare Mixed) (G1 Humongous Allocation) 492M->352M(500M) 2.698ms
[2026-04-03T02:09:36.533+0600][50.988s][info][gc,cpu         ] GC(253) User=0.02s Sys=0.00s Real=0.00s
[2026-04-03T02:09:36.631+0600][51.087s][info][gc,start       ] GC(254) Pause Young (Mixed) (GCLocker Initiated GC)
[2026-04-03T02:09:36.631+0600][51.087s][info][gc,task        ] GC(254) Using 10 workers of 10 for evacuation
[2026-04-03T02:09:36.636+0600][51.092s][info][gc,phases      ] GC(254)   Pre Evacuate Collection Set: 0.46ms
[2026-04-03T02:09:36.636+0600][51.092s][info][gc,phases      ] GC(254)   Merge Heap Roots: 0.20ms
[2026-04-03T02:09:36.636+0600][51.092s][info][gc,phases      ] GC(254)   Evacuate Collection Set: 2.31ms
[2026-04-03T02:09:36.636+0600][51.092s][info][gc,phases      ] GC(254)   Post Evacuate Collection Set: 1.88ms
[2026-04-03T02:09:36.636+0600][51.092s][info][gc,phases      ] GC(254)   Other: 0.11ms
[2026-04-03T02:09:36.636+0600][51.092s][info][gc,heap        ] GC(254) Eden regions: 86->0(81)
[2026-04-03T02:09:36.636+0600][51.092s][info][gc,heap        ] GC(254) Survivor regions: 1->0(0)
[2026-04-03T02:09:36.636+0600][51.092s][info][gc,heap        ] GC(254) Old regions: 348->386
[2026-04-03T02:09:36.636+0600][51.092s][info][gc,heap        ] GC(254) Humongous regions: 65->8
[2026-04-03T02:09:36.637+0600][51.092s][info][gc,metaspace   ] GC(254) Metaspace: 131282K(132864K)->131282K(132864K) NonClass: 114725K(115520K)->114725K(115520K) Class: 16557K(17344K)->16557K(17344K)
[2026-04-03T02:09:36.637+0600][51.092s][info][gc             ] GC(254) Pause Young (Mixed) (GCLocker Initiated GC) (Evacuation Failure) 495M->389M(500M) 5.252ms
[2026-04-03T02:09:36.637+0600][51.093s][info][gc,cpu         ] GC(254) User=0.04s Sys=0.00s Real=0.00s
[2026-04-03T02:09:36.705+0600][51.160s][info][gc,start       ] GC(255) Pause Young (Mixed) (G1 Humongous Allocation)
[2026-04-03T02:09:36.705+0600][51.161s][info][gc,task        ] GC(255) Using 10 workers of 10 for evacuation
[2026-04-03T02:09:36.708+0600][51.164s][info][gc,phases      ] GC(255)   Pre Evacuate Collection Set: 0.37ms
[2026-04-03T02:09:36.708+0600][51.164s][info][gc,phases      ] GC(255)   Merge Heap Roots: 0.16ms
[2026-04-03T02:09:36.708+0600][51.164s][info][gc,phases      ] GC(255)   Evacuate Collection Set: 2.17ms
[2026-04-03T02:09:36.708+0600][51.164s][info][gc,phases      ] GC(255)   Post Evacuate Collection Set: 0.67ms
[2026-04-03T02:09:36.708+0600][51.164s][info][gc,phases      ] GC(255)   Other: 0.13ms
[2026-04-03T02:09:36.708+0600][51.164s][info][gc,heap        ] GC(255) Eden regions: 59->0(129)
[2026-04-03T02:09:36.708+0600][51.164s][info][gc,heap        ] GC(255) Survivor regions: 0->1(3)
[2026-04-03T02:09:36.708+0600][51.164s][info][gc,heap        ] GC(255) Old regions: 386->337
[2026-04-03T02:09:36.708+0600][51.164s][info][gc,heap        ] GC(255) Humongous regions: 52->8
[2026-04-03T02:09:36.708+0600][51.164s][info][gc,metaspace   ] GC(255) Metaspace: 131284K(132864K)->131284K(132864K) NonClass: 114726K(115520K)->114726K(115520K) Class: 16557K(17344K)->16557K(17344K)
[2026-04-03T02:09:36.708+0600][51.164s][info][gc             ] GC(255) Pause Young (Mixed) (G1 Humongous Allocation) 491M->340M(500M) 3.834ms
[2026-04-03T02:09:36.709+0600][51.164s][info][gc,cpu         ] GC(255) User=0.02s Sys=0.00s Real=0.00s
[2026-04-03T02:09:36.833+0600][51.289s][info][gc,start       ] GC(256) Pause Young (Mixed) (G1 Humongous Allocation)
[2026-04-03T02:09:36.833+0600][51.289s][info][gc,task        ] GC(256) Using 10 workers of 10 for evacuation
[2026-04-03T02:09:36.839+0600][51.294s][info][gc,phases      ] GC(256)   Pre Evacuate Collection Set: 0.39ms
[2026-04-03T02:09:36.839+0600][51.295s][info][gc,phases      ] GC(256)   Merge Heap Roots: 0.25ms
[2026-04-03T02:09:36.839+0600][51.295s][info][gc,phases      ] GC(256)   Evacuate Collection Set: 2.89ms
[2026-04-03T02:09:36.839+0600][51.295s][info][gc,phases      ] GC(256)   Post Evacuate Collection Set: 1.66ms
[2026-04-03T02:09:36.839+0600][51.295s][info][gc,phases      ] GC(256)   Other: 0.12ms
[2026-04-03T02:09:36.839+0600][51.295s][info][gc,heap        ] GC(256) Eden regions: 94->0(142)
[2026-04-03T02:09:36.839+0600][51.295s][info][gc,heap        ] GC(256) Survivor regions: 1->1(1)
[2026-04-03T02:09:36.839+0600][51.295s][info][gc,heap        ] GC(256) Old regions: 337->324
[2026-04-03T02:09:36.839+0600][51.295s][info][gc,heap        ] GC(256) Humongous regions: 67->8
[2026-04-03T02:09:36.839+0600][51.295s][info][gc,metaspace   ] GC(256) Metaspace: 131289K(132864K)->131289K(132864K) NonClass: 114731K(115520K)->114731K(115520K) Class: 16557K(17344K)->16557K(17344K)
[2026-04-03T02:09:36.839+0600][51.295s][info][gc             ] GC(256) Pause Young (Mixed) (G1 Humongous Allocation) (Evacuation Failure) 493M->328M(500M) 5.757ms
[2026-04-03T02:09:36.839+0600][51.295s][info][gc,cpu         ] GC(256) User=0.03s Sys=0.00s Real=0.00s
[2026-04-03T02:09:37.010+0600][51.466s][info][gc,start       ] GC(257) Pause Young (Mixed) (G1 Humongous Allocation)
[2026-04-03T02:09:37.010+0600][51.466s][info][gc,task        ] GC(257) Using 10 workers of 10 for evacuation
[2026-04-03T02:09:37.015+0600][51.471s][info][gc,phases      ] GC(257)   Pre Evacuate Collection Set: 0.62ms
[2026-04-03T02:09:37.015+0600][51.471s][info][gc,phases      ] GC(257)   Merge Heap Roots: 0.24ms
[2026-04-03T02:09:37.015+0600][51.471s][info][gc,phases      ] GC(257)   Evacuate Collection Set: 2.51ms
[2026-04-03T02:09:37.015+0600][51.471s][info][gc,phases      ] GC(257)   Post Evacuate Collection Set: 0.65ms
[2026-04-03T02:09:37.015+0600][51.471s][info][gc,phases      ] GC(257)   Other: 0.20ms
[2026-04-03T02:09:37.015+0600][51.471s][info][gc,heap        ] GC(257) Eden regions: 99->0(183)
[2026-04-03T02:09:37.015+0600][51.471s][info][gc,heap        ] GC(257) Survivor regions: 1->7(8)
[2026-04-03T02:09:37.015+0600][51.471s][info][gc,heap        ] GC(257) Old regions: 324->275
[2026-04-03T02:09:37.015+0600][51.471s][info][gc,heap        ] GC(257) Humongous regions: 68->10
[2026-04-03T02:09:37.015+0600][51.471s][info][gc,metaspace   ] GC(257) Metaspace: 131310K(132864K)->131310K(132864K) NonClass: 114752K(115520K)->114752K(115520K) Class: 16558K(17344K)->16558K(17344K)
[2026-04-03T02:09:37.015+0600][51.471s][info][gc             ] GC(257) Pause Young (Mixed) (G1 Humongous Allocation) 487M->286M(500M) 4.581ms
[2026-04-03T02:09:37.015+0600][51.471s][info][gc,cpu         ] GC(257) User=0.03s Sys=0.00s Real=0.00s
[2026-04-03T02:09:37.172+0600][51.628s][info][gc,start       ] GC(258) Pause Young (Mixed) (G1 Evacuation Pause)
[2026-04-03T02:09:37.172+0600][51.628s][info][gc,task        ] GC(258) Using 10 workers of 10 for evacuation
[2026-04-03T02:09:37.183+0600][51.638s][info][gc,phases      ] GC(258)   Pre Evacuate Collection Set: 0.64ms
[2026-04-03T02:09:37.183+0600][51.639s][info][gc,phases      ] GC(258)   Merge Heap Roots: 0.26ms
[2026-04-03T02:09:37.183+0600][51.639s][info][gc,phases      ] GC(258)   Evacuate Collection Set: 5.90ms
[2026-04-03T02:09:37.183+0600][51.639s][info][gc,phases      ] GC(258)   Post Evacuate Collection Set: 3.40ms
[2026-04-03T02:09:37.183+0600][51.639s][info][gc,phases      ] GC(258)   Other: 0.13ms
[2026-04-03T02:09:37.183+0600][51.639s][info][gc,heap        ] GC(258) Eden regions: 164->0(107)
[2026-04-03T02:09:37.183+0600][51.639s][info][gc,heap        ] GC(258) Survivor regions: 7->0(0)
[2026-04-03T02:09:37.183+0600][51.639s][info][gc,heap        ] GC(258) Old regions: 275->358
[2026-04-03T02:09:37.183+0600][51.639s][info][gc,heap        ] GC(258) Humongous regions: 54->10
[2026-04-03T02:09:37.183+0600][51.639s][info][gc,metaspace   ] GC(258) Metaspace: 131310K(132864K)->131310K(132864K) NonClass: 114752K(115520K)->114752K(115520K) Class: 16558K(17344K)->16558K(17344K)
[2026-04-03T02:09:37.183+0600][51.639s][info][gc             ] GC(258) Pause Young (Mixed) (G1 Evacuation Pause) (Evacuation Failure) 494M->363M(500M) 11.002ms
[2026-04-03T02:09:37.183+0600][51.639s][info][gc,cpu         ] GC(258) User=0.09s Sys=0.01s Real=0.01s
[2026-04-03T02:09:37.186+0600][51.642s][info][gc,start       ] GC(259) Pause Young (Concurrent Start) (G1 Humongous Allocation)
[2026-04-03T02:09:37.186+0600][51.642s][info][gc,task        ] GC(259) Using 10 workers of 10 for evacuation
[2026-04-03T02:09:37.189+0600][51.645s][info][gc,phases      ] GC(259)   Pre Evacuate Collection Set: 0.47ms
[2026-04-03T02:09:37.190+0600][51.645s][info][gc,phases      ] GC(259)   Merge Heap Roots: 0.15ms
[2026-04-03T02:09:37.190+0600][51.645s][info][gc,phases      ] GC(259)   Evacuate Collection Set: 1.74ms
[2026-04-03T02:09:37.190+0600][51.645s][info][gc,phases      ] GC(259)   Post Evacuate Collection Set: 0.68ms
[2026-04-03T02:09:37.190+0600][51.645s][info][gc,phases      ] GC(259)   Other: 0.38ms
[2026-04-03T02:09:37.190+0600][51.645s][info][gc,heap        ] GC(259) Eden regions: 4->0(106)
[2026-04-03T02:09:37.190+0600][51.645s][info][gc,heap        ] GC(259) Survivor regions: 0->1(14)
[2026-04-03T02:09:37.190+0600][51.645s][info][gc,heap        ] GC(259) Old regions: 358->358
[2026-04-03T02:09:37.190+0600][51.645s][info][gc,heap        ] GC(259) Humongous regions: 10->10
[2026-04-03T02:09:37.190+0600][51.645s][info][gc,metaspace   ] GC(259) Metaspace: 131310K(132864K)->131310K(132864K) NonClass: 114752K(115520K)->114752K(115520K) Class: 16558K(17344K)->16558K(17344K)
[2026-04-03T02:09:37.190+0600][51.646s][info][gc             ] GC(259) Pause Young (Concurrent Start) (G1 Humongous Allocation) 367M->363M(500M) 3.718ms
[2026-04-03T02:09:37.190+0600][51.646s][info][gc             ] GC(260) Concurrent Mark Cycle
[2026-04-03T02:09:37.190+0600][51.646s][info][gc,marking     ] GC(260) Concurrent Scan Root Regions
[2026-04-03T02:09:37.190+0600][51.646s][info][gc,cpu         ] GC(259) User=0.02s Sys=0.00s Real=0.01s
[2026-04-03T02:09:37.192+0600][51.648s][info][gc,marking     ] GC(260) Concurrent Scan Root Regions 2.629ms
[2026-04-03T02:09:37.192+0600][51.648s][info][gc,marking     ] GC(260) Concurrent Mark
[2026-04-03T02:09:37.193+0600][51.648s][info][gc,marking     ] GC(260) Concurrent Mark From Roots
[2026-04-03T02:09:37.193+0600][51.648s][info][gc,task        ] GC(260) Using 3 workers of 3 for marking
[2026-04-03T02:09:37.291+0600][51.747s][info][gc,marking     ] GC(260) Concurrent Mark From Roots 98.704ms
[2026-04-03T02:09:37.291+0600][51.747s][info][gc,marking     ] GC(260) Concurrent Preclean
[2026-04-03T02:09:37.292+0600][51.748s][info][gc,marking     ] GC(260) Concurrent Preclean 0.411ms
[2026-04-03T02:09:37.292+0600][51.748s][info][gc,start       ] GC(260) Pause Remark
[2026-04-03T02:09:37.301+0600][51.757s][info][gc             ] GC(260) Pause Remark 419M->360M(500M) 8.994ms
[2026-04-03T02:09:37.301+0600][51.757s][info][gc,cpu         ] GC(260) User=0.07s Sys=0.01s Real=0.01s
[2026-04-03T02:09:37.301+0600][51.757s][info][gc,marking     ] GC(260) Concurrent Mark 108.935ms
[2026-04-03T02:09:37.302+0600][51.757s][info][gc,marking     ] GC(260) Concurrent Rebuild Remembered Sets and Scrub Regions
[2026-04-03T02:09:37.348+0600][51.804s][info][gc,marking     ] GC(260) Concurrent Rebuild Remembered Sets and Scrub Regions 46.375ms
[2026-04-03T02:09:37.348+0600][51.804s][info][gc,start       ] GC(260) Pause Cleanup
[2026-04-03T02:09:37.349+0600][51.805s][info][gc             ] GC(260) Pause Cleanup 391M->391M(500M) 0.591ms
[2026-04-03T02:09:37.349+0600][51.805s][info][gc,cpu         ] GC(260) User=0.00s Sys=0.01s Real=0.00s
[2026-04-03T02:09:37.349+0600][51.805s][info][gc,marking     ] GC(260) Concurrent Clear Claimed Marks
[2026-04-03T02:09:37.350+0600][51.806s][info][gc,marking     ] GC(260) Concurrent Clear Claimed Marks 0.393ms
[2026-04-03T02:09:37.350+0600][51.806s][info][gc,marking     ] GC(260) Concurrent Cleanup for Next Mark
[2026-04-03T02:09:37.351+0600][51.807s][info][gc,marking     ] GC(260) Concurrent Cleanup for Next Mark 0.886ms
[2026-04-03T02:09:37.351+0600][51.807s][info][gc             ] GC(260) Concurrent Mark Cycle 161.136ms
[2026-04-03T02:09:37.369+0600][51.824s][info][gc,start       ] GC(261) Pause Young (Prepare Mixed) (G1 Humongous Allocation)
[2026-04-03T02:09:37.369+0600][51.825s][info][gc,task        ] GC(261) Using 10 workers of 10 for evacuation
[2026-04-03T02:09:37.372+0600][51.828s][info][gc,phases      ] GC(261)   Pre Evacuate Collection Set: 0.44ms
[2026-04-03T02:09:37.372+0600][51.828s][info][gc,phases      ] GC(261)   Merge Heap Roots: 0.31ms
[2026-04-03T02:09:37.372+0600][51.828s][info][gc,phases      ] GC(261)   Evacuate Collection Set: 2.22ms
[2026-04-03T02:09:37.372+0600][51.828s][info][gc,phases      ] GC(261)   Post Evacuate Collection Set: 0.60ms
[2026-04-03T02:09:37.372+0600][51.828s][info][gc,phases      ] GC(261)   Other: 0.10ms
[2026-04-03T02:09:37.372+0600][51.828s][info][gc,heap        ] GC(261) Eden regions: 56->0(153)
[2026-04-03T02:09:37.372+0600][51.828s][info][gc,heap        ] GC(261) Survivor regions: 1->3(14)
[2026-04-03T02:09:37.372+0600][51.828s][info][gc,heap        ] GC(261) Old regions: 301->301
[2026-04-03T02:09:37.372+0600][51.828s][info][gc,heap        ] GC(261) Humongous regions: 62->18
[2026-04-03T02:09:37.372+0600][51.828s][info][gc,metaspace   ] GC(261) Metaspace: 131318K(132864K)->131318K(132864K) NonClass: 114759K(115520K)->114759K(115520K) Class: 16558K(17344K)->16558K(17344K)
[2026-04-03T02:09:37.372+0600][51.828s][info][gc             ] GC(261) Pause Young (Prepare Mixed) (G1 Humongous Allocation) 413M->317M(500M) 3.956ms
[2026-04-03T02:09:37.373+0600][51.828s][info][gc,cpu         ] GC(261) User=0.03s Sys=0.00s Real=0.01s
[2026-04-03T02:09:37.377+0600][51.833s][info][gc,start       ] GC(262) Pause Young (Mixed) (G1 Humongous Allocation)
[2026-04-03T02:09:37.378+0600][51.833s][info][gc,task        ] GC(262) Using 10 workers of 10 for evacuation
[2026-04-03T02:09:37.381+0600][51.837s][info][gc,phases      ] GC(262)   Pre Evacuate Collection Set: 0.50ms
[2026-04-03T02:09:37.381+0600][51.837s][info][gc,phases      ] GC(262)   Merge Heap Roots: 0.27ms
[2026-04-03T02:09:37.381+0600][51.837s][info][gc,phases      ] GC(262)   Evacuate Collection Set: 2.20ms
[2026-04-03T02:09:37.381+0600][51.837s][info][gc,phases      ] GC(262)   Post Evacuate Collection Set: 0.61ms
[2026-04-03T02:09:37.381+0600][51.837s][info][gc,phases      ] GC(262)   Other: 0.10ms
[2026-04-03T02:09:37.381+0600][51.837s][info][gc,heap        ] GC(262) Eden regions: 6->0(192)
[2026-04-03T02:09:37.381+0600][51.837s][info][gc,heap        ] GC(262) Survivor regions: 3->4(20)
[2026-04-03T02:09:37.381+0600][51.837s][info][gc,heap        ] GC(262) Old regions: 301->252
[2026-04-03T02:09:37.381+0600][51.837s][info][gc,heap        ] GC(262) Humongous regions: 83->23
[2026-04-03T02:09:37.381+0600][51.837s][info][gc,metaspace   ] GC(262) Metaspace: 131319K(132864K)->131319K(132864K) NonClass: 114760K(115520K)->114760K(115520K) Class: 16558K(17344K)->16558K(17344K)
[2026-04-03T02:09:37.381+0600][51.837s][info][gc             ] GC(262) Pause Young (Mixed) (G1 Humongous Allocation) 387M->272M(500M) 3.960ms
[2026-04-03T02:09:37.382+0600][51.837s][info][gc,cpu         ] GC(262) User=0.03s Sys=0.00s Real=0.01s
[2026-04-03T02:09:37.391+0600][51.846s][info][gc,start       ] GC(263) Pause Young (Mixed) (G1 Humongous Allocation)
[2026-04-03T02:09:37.391+0600][51.846s][info][gc,task        ] GC(263) Using 10 workers of 10 for evacuation
[2026-04-03T02:09:37.395+0600][51.851s][info][gc,phases      ] GC(263)   Pre Evacuate Collection Set: 0.54ms
[2026-04-03T02:09:37.395+0600][51.851s][info][gc,phases      ] GC(263)   Merge Heap Roots: 0.22ms
[2026-04-03T02:09:37.395+0600][51.851s][info][gc,phases      ] GC(263)   Evacuate Collection Set: 2.50ms
[2026-04-03T02:09:37.395+0600][51.851s][info][gc,phases      ] GC(263)   Post Evacuate Collection Set: 0.74ms
[2026-04-03T02:09:37.395+0600][51.851s][info][gc,phases      ] GC(263)   Other: 0.12ms
[2026-04-03T02:09:37.395+0600][51.851s][info][gc,heap        ] GC(263) Eden regions: 10->0(239)
[2026-04-03T02:09:37.395+0600][51.851s][info][gc,heap        ] GC(263) Survivor regions: 4->5(25)
[2026-04-03T02:09:37.395+0600][51.851s][info][gc,heap        ] GC(263) Old regions: 252->202
[2026-04-03T02:09:37.395+0600][51.851s][info][gc,heap        ] GC(263) Humongous regions: 138->18
[2026-04-03T02:09:37.395+0600][51.851s][info][gc,metaspace   ] GC(263) Metaspace: 131319K(132864K)->131319K(132864K) NonClass: 114760K(115520K)->114760K(115520K) Class: 16558K(17344K)->16558K(17344K)
[2026-04-03T02:09:37.395+0600][51.851s][info][gc             ] GC(263) Pause Young (Mixed) (G1 Humongous Allocation) 397M->219M(500M) 4.402ms
[2026-04-03T02:09:37.395+0600][51.851s][info][gc,cpu         ] GC(263) User=0.03s Sys=0.00s Real=0.00s
[2026-04-03T02:09:37.463+0600][51.919s][info][gc,start       ] GC(264) Pause Young (Mixed) (G1 Humongous Allocation)
[2026-04-03T02:09:37.463+0600][51.919s][info][gc,task        ] GC(264) Using 10 workers of 10 for evacuation
[2026-04-03T02:09:37.466+0600][51.922s][info][gc,phases      ] GC(264)   Pre Evacuate Collection Set: 0.32ms
[2026-04-03T02:09:37.466+0600][51.922s][info][gc,phases      ] GC(264)   Merge Heap Roots: 0.17ms
[2026-04-03T02:09:37.466+0600][51.922s][info][gc,phases      ] GC(264)   Evacuate Collection Set: 1.50ms
[2026-04-03T02:09:37.466+0600][51.922s][info][gc,phases      ] GC(264)   Post Evacuate Collection Set: 0.52ms
[2026-04-03T02:09:37.466+0600][51.922s][info][gc,phases      ] GC(264)   Other: 0.09ms
[2026-04-03T02:09:37.466+0600][51.922s][info][gc,heap        ] GC(264) Eden regions: 48->0(294)
[2026-04-03T02:09:37.466+0600][51.922s][info][gc,heap        ] GC(264) Survivor regions: 5->3(31)
[2026-04-03T02:09:37.466+0600][51.922s][info][gc,heap        ] GC(264) Old regions: 202->152
[2026-04-03T02:09:37.466+0600][51.922s][info][gc,heap        ] GC(264) Humongous regions: 177->8
[2026-04-03T02:09:37.466+0600][51.922s][info][gc,metaspace   ] GC(264) Metaspace: 131319K(132864K)->131319K(132864K) NonClass: 114760K(115520K)->114760K(115520K) Class: 16558K(17344K)->16558K(17344K)
[2026-04-03T02:09:37.466+0600][51.922s][info][gc             ] GC(264) Pause Young (Mixed) (G1 Humongous Allocation) 426M->158M(500M) 2.862ms
[2026-04-03T02:09:37.466+0600][51.922s][info][gc,cpu         ] GC(264) User=0.02s Sys=0.00s Real=0.00s
[2026-04-03T02:09:37.484+0600][51.940s][info][gc,start       ] GC(265) Pause Young (Mixed) (G1 Humongous Allocation)
[2026-04-03T02:09:37.484+0600][51.940s][info][gc,task        ] GC(265) Using 10 workers of 10 for evacuation
[2026-04-03T02:09:37.488+0600][51.944s][info][gc,phases      ] GC(265)   Pre Evacuate Collection Set: 0.37ms
[2026-04-03T02:09:37.488+0600][51.944s][info][gc,phases      ] GC(265)   Merge Heap Roots: 0.13ms
[2026-04-03T02:09:37.488+0600][51.944s][info][gc,phases      ] GC(265)   Evacuate Collection Set: 2.44ms
[2026-04-03T02:09:37.488+0600][51.944s][info][gc,phases      ] GC(265)   Post Evacuate Collection Set: 0.74ms
[2026-04-03T02:09:37.488+0600][51.944s][info][gc,phases      ] GC(265)   Other: 0.12ms
[2026-04-03T02:09:37.488+0600][51.944s][info][gc,heap        ] GC(265) Eden regions: 16->0(294)
[2026-04-03T02:09:37.488+0600][51.944s][info][gc,heap        ] GC(265) Survivor regions: 3->6(38)
[2026-04-03T02:09:37.488+0600][51.944s][info][gc,heap        ] GC(265) Old regions: 152->112
[2026-04-03T02:09:37.488+0600][51.944s][info][gc,heap        ] GC(265) Humongous regions: 238->23
[2026-04-03T02:09:37.488+0600][51.944s][info][gc,metaspace   ] GC(265) Metaspace: 131319K(132864K)->131319K(132864K) NonClass: 114760K(115520K)->114760K(115520K) Class: 16558K(17344K)->16558K(17344K)
[2026-04-03T02:09:37.488+0600][51.944s][info][gc             ] GC(265) Pause Young (Mixed) (G1 Humongous Allocation) 404M->137M(500M) 4.142ms
[2026-04-03T02:09:37.488+0600][51.944s][info][gc,cpu         ] GC(265) User=0.03s Sys=0.00s Real=0.00s
[2026-04-03T02:09:37.490+0600][51.945s][info][gc,start       ] GC(266) Pause Young (Concurrent Start) (G1 Humongous Allocation)
[2026-04-03T02:09:37.490+0600][51.946s][info][gc,task        ] GC(266) Using 10 workers of 10 for evacuation
[2026-04-03T02:09:37.493+0600][51.949s][info][gc,phases      ] GC(266)   Pre Evacuate Collection Set: 0.43ms
[2026-04-03T02:09:37.493+0600][51.949s][info][gc,phases      ] GC(266)   Merge Heap Roots: 0.16ms
[2026-04-03T02:09:37.493+0600][51.949s][info][gc,phases      ] GC(266)   Evacuate Collection Set: 1.81ms
[2026-04-03T02:09:37.493+0600][51.949s][info][gc,phases      ] GC(266)   Post Evacuate Collection Set: 0.55ms
[2026-04-03T02:09:37.493+0600][51.949s][info][gc,phases      ] GC(266)   Other: 0.24ms
[2026-04-03T02:09:37.493+0600][51.949s][info][gc,heap        ] GC(266) Eden regions: 2->0(274)
[2026-04-03T02:09:37.493+0600][51.949s][info][gc,heap        ] GC(266) Survivor regions: 6->6(38)
[2026-04-03T02:09:37.493+0600][51.949s][info][gc,heap        ] GC(266) Old regions: 112->112
[2026-04-03T02:09:37.493+0600][51.949s][info][gc,heap        ] GC(266) Humongous regions: 28->8
[2026-04-03T02:09:37.493+0600][51.949s][info][gc,metaspace   ] GC(266) Metaspace: 131319K(132864K)->131319K(132864K) NonClass: 114760K(115520K)->114760K(115520K) Class: 16558K(17344K)->16558K(17344K)
[2026-04-03T02:09:37.493+0600][51.949s][info][gc             ] GC(266) Pause Young (Concurrent Start) (G1 Humongous Allocation) 144M->122M(500M) 3.442ms
[2026-04-03T02:09:37.493+0600][51.949s][info][gc             ] GC(267) Concurrent Mark Cycle
[2026-04-03T02:09:37.493+0600][51.949s][info][gc,cpu         ] GC(266) User=0.02s Sys=0.00s Real=0.01s
[2026-04-03T02:09:37.493+0600][51.949s][info][gc,marking     ] GC(267) Concurrent Scan Root Regions
[2026-04-03T02:09:37.495+0600][51.951s][info][gc,marking     ] GC(267) Concurrent Scan Root Regions 1.745ms
[2026-04-03T02:09:37.495+0600][51.951s][info][gc,marking     ] GC(267) Concurrent Mark
[2026-04-03T02:09:37.495+0600][51.951s][info][gc,marking     ] GC(267) Concurrent Mark From Roots
[2026-04-03T02:09:37.495+0600][51.951s][info][gc,task        ] GC(267) Using 3 workers of 3 for marking
[2026-04-03T02:09:37.605+0600][52.060s][info][gc,marking     ] GC(267) Concurrent Mark From Roots 109.435ms
[2026-04-03T02:09:37.605+0600][52.060s][info][gc,marking     ] GC(267) Concurrent Preclean
[2026-04-03T02:09:37.605+0600][52.061s][info][gc,marking     ] GC(267) Concurrent Preclean 0.413ms
[2026-04-03T02:09:37.605+0600][52.061s][info][gc,start       ] GC(267) Pause Remark
[2026-04-03T02:09:37.613+0600][52.068s][info][gc             ] GC(267) Pause Remark 309M->300M(500M) 7.302ms
[2026-04-03T02:09:37.613+0600][52.069s][info][gc,cpu         ] GC(267) User=0.05s Sys=0.00s Real=0.01s
[2026-04-03T02:09:37.613+0600][52.069s][info][gc,marking     ] GC(267) Concurrent Mark 117.922ms
[2026-04-03T02:09:37.613+0600][52.069s][info][gc,marking     ] GC(267) Concurrent Rebuild Remembered Sets and Scrub Regions
[2026-04-03T02:09:37.660+0600][52.116s][info][gc,marking     ] GC(267) Concurrent Rebuild Remembered Sets and Scrub Regions 47.373ms
[2026-04-03T02:09:37.661+0600][52.117s][info][gc,start       ] GC(267) Pause Cleanup
[2026-04-03T02:09:37.661+0600][52.117s][info][gc             ] GC(267) Pause Cleanup 346M->346M(500M) 0.413ms
[2026-04-03T02:09:37.661+0600][52.117s][info][gc,cpu         ] GC(267) User=0.00s Sys=0.00s Real=0.00s
[2026-04-03T02:09:37.662+0600][52.117s][info][gc,marking     ] GC(267) Concurrent Clear Claimed Marks
[2026-04-03T02:09:37.662+0600][52.118s][info][gc,marking     ] GC(267) Concurrent Clear Claimed Marks 0.436ms
[2026-04-03T02:09:37.662+0600][52.118s][info][gc,marking     ] GC(267) Concurrent Cleanup for Next Mark
[2026-04-03T02:09:37.663+0600][52.119s][info][gc,marking     ] GC(267) Concurrent Cleanup for Next Mark 0.902ms
[2026-04-03T02:09:37.663+0600][52.119s][info][gc             ] GC(267) Concurrent Mark Cycle 169.880ms
[2026-04-03T02:09:37.910+0600][52.366s][info][gc,start       ] GC(268) Pause Young (Prepare Mixed) (G1 Evacuation Pause)
[2026-04-03T02:09:37.911+0600][52.366s][info][gc,task        ] GC(268) Using 10 workers of 10 for evacuation
[2026-04-03T02:09:37.915+0600][52.371s][info][gc,phases      ] GC(268)   Pre Evacuate Collection Set: 0.83ms
[2026-04-03T02:09:37.915+0600][52.371s][info][gc,phases      ] GC(268)   Merge Heap Roots: 0.26ms
[2026-04-03T02:09:37.915+0600][52.371s][info][gc,phases      ] GC(268)   Evacuate Collection Set: 1.20ms
[2026-04-03T02:09:37.915+0600][52.371s][info][gc,phases      ] GC(268)   Post Evacuate Collection Set: 1.65ms
[2026-04-03T02:09:37.915+0600][52.371s][info][gc,phases      ] GC(268)   Other: 0.16ms
[2026-04-03T02:09:37.915+0600][52.371s][info][gc,heap        ] GC(268) Eden regions: 191->0(195)
[2026-04-03T02:09:37.915+0600][52.371s][info][gc,heap        ] GC(268) Survivor regions: 6->0(0)
[2026-04-03T02:09:37.915+0600][52.371s][info][gc,heap        ] GC(268) Old regions: 103->241
[2026-04-03T02:09:37.915+0600][52.371s][info][gc,heap        ] GC(268) Humongous regions: 200->8
[2026-04-03T02:09:37.915+0600][52.371s][info][gc,metaspace   ] GC(268) Metaspace: 131364K(132864K)->131364K(132864K) NonClass: 114805K(115520K)->114805K(115520K) Class: 16558K(17344K)->16558K(17344K)
[2026-04-03T02:09:37.915+0600][52.371s][info][gc             ] GC(268) Pause Young (Prepare Mixed) (G1 Evacuation Pause) (Evacuation Failure) 496M->246M(500M) 4.347ms
[2026-04-03T02:09:37.915+0600][52.371s][info][gc,cpu         ] GC(268) User=0.03s Sys=0.00s Real=0.00s
[2026-04-03T02:09:38.147+0600][52.603s][info][gc,start       ] GC(269) Pause Young (Mixed) (G1 Evacuation Pause)
[2026-04-03T02:09:38.147+0600][52.603s][info][gc,task        ] GC(269) Using 10 workers of 10 for evacuation
[2026-04-03T02:09:38.152+0600][52.608s][info][gc,phases      ] GC(269)   Pre Evacuate Collection Set: 0.43ms
[2026-04-03T02:09:38.152+0600][52.608s][info][gc,phases      ] GC(269)   Merge Heap Roots: 0.22ms
[2026-04-03T02:09:38.152+0600][52.608s][info][gc,phases      ] GC(269)   Evacuate Collection Set: 1.61ms
[2026-04-03T02:09:38.152+0600][52.608s][info][gc,phases      ] GC(269)   Post Evacuate Collection Set: 2.24ms
[2026-04-03T02:09:38.152+0600][52.608s][info][gc,phases      ] GC(269)   Other: 0.14ms
[2026-04-03T02:09:38.152+0600][52.608s][info][gc,heap        ] GC(269) Eden regions: 169->0(120)
[2026-04-03T02:09:38.152+0600][52.608s][info][gc,heap        ] GC(269) Survivor regions: 0->0(0)
[2026-04-03T02:09:38.152+0600][52.608s][info][gc,heap        ] GC(269) Old regions: 241->345
[2026-04-03T02:09:38.152+0600][52.608s][info][gc,heap        ] GC(269) Humongous regions: 90->8
[2026-04-03T02:09:38.152+0600][52.608s][info][gc,metaspace   ] GC(269) Metaspace: 131365K(132864K)->131365K(132864K) NonClass: 114806K(115520K)->114806K(115520K) Class: 16558K(17344K)->16558K(17344K)
[2026-04-03T02:09:38.152+0600][52.608s][info][gc             ] GC(269) Pause Young (Mixed) (G1 Evacuation Pause) (Evacuation Failure) 497M->350M(500M) 5.017ms
[2026-04-03T02:09:38.153+0600][52.608s][info][gc,cpu         ] GC(269) User=0.04s Sys=0.00s Real=0.01s
[2026-04-03T02:09:38.155+0600][52.610s][info][gc,start       ] GC(270) Pause Young (Concurrent Start) (G1 Humongous Allocation)
[2026-04-03T02:09:38.155+0600][52.611s][info][gc,task        ] GC(270) Using 10 workers of 10 for evacuation
[2026-04-03T02:09:38.158+0600][52.614s][info][gc,phases      ] GC(270)   Pre Evacuate Collection Set: 0.53ms
[2026-04-03T02:09:38.158+0600][52.614s][info][gc,phases      ] GC(270)   Merge Heap Roots: 0.08ms
[2026-04-03T02:09:38.158+0600][52.614s][info][gc,phases      ] GC(270)   Evacuate Collection Set: 2.00ms
[2026-04-03T02:09:38.158+0600][52.614s][info][gc,phases      ] GC(270)   Post Evacuate Collection Set: 0.53ms
[2026-04-03T02:09:38.158+0600][52.614s][info][gc,phases      ] GC(270)   Other: 0.13ms
[2026-04-03T02:09:38.158+0600][52.614s][info][gc,heap        ] GC(270) Eden regions: 2->0(121)
[2026-04-03T02:09:38.158+0600][52.614s][info][gc,heap        ] GC(270) Survivor regions: 0->1(15)
[2026-04-03T02:09:38.158+0600][52.614s][info][gc,heap        ] GC(270) Old regions: 345->345
[2026-04-03T02:09:38.158+0600][52.614s][info][gc,heap        ] GC(270) Humongous regions: 8->8
[2026-04-03T02:09:38.158+0600][52.614s][info][gc,metaspace   ] GC(270) Metaspace: 131365K(132864K)->131365K(132864K) NonClass: 114806K(115520K)->114806K(115520K) Class: 16558K(17344K)->16558K(17344K)
[2026-04-03T02:09:38.158+0600][52.614s][info][gc             ] GC(270) Pause Young (Concurrent Start) (G1 Humongous Allocation) 351M->350M(500M) 3.642ms
[2026-04-03T02:09:38.158+0600][52.614s][info][gc,cpu         ] GC(270) User=0.02s Sys=0.00s Real=0.00s
[2026-04-03T02:09:38.158+0600][52.614s][info][gc             ] GC(271) Concurrent Mark Cycle
[2026-04-03T02:09:38.158+0600][52.614s][info][gc,marking     ] GC(271) Concurrent Scan Root Regions
[2026-04-03T02:09:38.161+0600][52.617s][info][gc,marking     ] GC(271) Concurrent Scan Root Regions 2.482ms
[2026-04-03T02:09:38.161+0600][52.617s][info][gc,marking     ] GC(271) Concurrent Mark
[2026-04-03T02:09:38.161+0600][52.617s][info][gc,marking     ] GC(271) Concurrent Mark From Roots
[2026-04-03T02:09:38.161+0600][52.617s][info][gc,task        ] GC(271) Using 3 workers of 3 for marking
[2026-04-03T02:09:38.290+0600][52.745s][info][gc,marking     ] GC(271) Concurrent Mark From Roots 128.583ms
[2026-04-03T02:09:38.290+0600][52.746s][info][gc,marking     ] GC(271) Concurrent Preclean
[2026-04-03T02:09:38.290+0600][52.746s][info][gc,marking     ] GC(271) Concurrent Preclean 0.732ms
[2026-04-03T02:09:38.291+0600][52.747s][info][gc,start       ] GC(271) Pause Remark
[2026-04-03T02:09:38.301+0600][52.757s][info][gc             ] GC(271) Pause Remark 467M->453M(500M) 10.040ms
[2026-04-03T02:09:38.301+0600][52.757s][info][gc,cpu         ] GC(271) User=0.07s Sys=0.00s Real=0.01s
[2026-04-03T02:09:38.301+0600][52.757s][info][gc,marking     ] GC(271) Concurrent Mark 140.473ms
[2026-04-03T02:09:38.302+0600][52.757s][info][gc,marking     ] GC(271) Concurrent Rebuild Remembered Sets and Scrub Regions
[2026-04-03T02:09:38.342+0600][52.798s][info][gc,marking     ] GC(271) Concurrent Rebuild Remembered Sets and Scrub Regions 40.852ms
[2026-04-03T02:09:38.343+0600][52.799s][info][gc,start       ] GC(271) Pause Cleanup
[2026-04-03T02:09:38.344+0600][52.799s][info][gc             ] GC(271) Pause Cleanup 494M->494M(500M) 0.609ms
[2026-04-03T02:09:38.344+0600][52.800s][info][gc,cpu         ] GC(271) User=0.00s Sys=0.00s Real=0.00s
[2026-04-03T02:09:38.344+0600][52.800s][info][gc,marking     ] GC(271) Concurrent Clear Claimed Marks
[2026-04-03T02:09:38.344+0600][52.800s][info][gc,marking     ] GC(271) Concurrent Clear Claimed Marks 0.374ms
[2026-04-03T02:09:38.344+0600][52.800s][info][gc,marking     ] GC(271) Concurrent Cleanup for Next Mark
[2026-04-03T02:09:38.345+0600][52.801s][info][gc,start       ] GC(272) Pause Young (Prepare Mixed) (G1 Evacuation Pause)
[2026-04-03T02:09:38.345+0600][52.801s][info][gc,task        ] GC(272) Using 10 workers of 10 for evacuation
[2026-04-03T02:09:38.350+0600][52.806s][info][gc,phases      ] GC(272)   Pre Evacuate Collection Set: 0.40ms
[2026-04-03T02:09:38.350+0600][52.806s][info][gc,phases      ] GC(272)   Merge Heap Roots: 0.20ms
[2026-04-03T02:09:38.350+0600][52.806s][info][gc,phases      ] GC(272)   Evacuate Collection Set: 2.44ms
[2026-04-03T02:09:38.350+0600][52.806s][info][gc,phases      ] GC(272)   Post Evacuate Collection Set: 1.63ms
[2026-04-03T02:09:38.350+0600][52.806s][info][gc,phases      ] GC(272)   Other: 0.11ms
[2026-04-03T02:09:38.350+0600][52.806s][info][gc,heap        ] GC(272) Eden regions: 90->0(86)
[2026-04-03T02:09:38.350+0600][52.806s][info][gc,heap        ] GC(272) Survivor regions: 1->0(0)
[2026-04-03T02:09:38.350+0600][52.806s][info][gc,heap        ] GC(272) Old regions: 331->381
[2026-04-03T02:09:38.350+0600][52.806s][info][gc,heap        ] GC(272) Humongous regions: 78->8
[2026-04-03T02:09:38.350+0600][52.806s][info][gc,metaspace   ] GC(272) Metaspace: 131365K(132864K)->131365K(132864K) NonClass: 114806K(115520K)->114806K(115520K) Class: 16558K(17344K)->16558K(17344K)
[2026-04-03T02:09:38.350+0600][52.806s][info][gc             ] GC(272) Pause Young (Prepare Mixed) (G1 Evacuation Pause) (Evacuation Failure) 496M->385M(500M) 5.086ms
[2026-04-03T02:09:38.350+0600][52.806s][info][gc,cpu         ] GC(272) User=0.03s Sys=0.00s Real=0.01s
[2026-04-03T02:09:38.351+0600][52.807s][info][gc,marking     ] GC(271) Concurrent Cleanup for Next Mark 6.630ms
[2026-04-03T02:09:38.351+0600][52.807s][info][gc             ] GC(271) Concurrent Mark Cycle 192.652ms
[2026-04-03T02:09:38.434+0600][52.890s][info][gc,start       ] GC(273) Pause Young (Mixed) (G1 Humongous Allocation)
[2026-04-03T02:09:38.434+0600][52.890s][info][gc,task        ] GC(273) Using 10 workers of 10 for evacuation
[2026-04-03T02:09:38.439+0600][52.895s][info][gc,phases      ] GC(273)   Pre Evacuate Collection Set: 0.59ms
[2026-04-03T02:09:38.439+0600][52.895s][info][gc,phases      ] GC(273)   Merge Heap Roots: 0.25ms
[2026-04-03T02:09:38.439+0600][52.895s][info][gc,phases      ] GC(273)   Evacuate Collection Set: 1.87ms
[2026-04-03T02:09:38.439+0600][52.895s][info][gc,phases      ] GC(273)   Post Evacuate Collection Set: 1.96ms
[2026-04-03T02:09:38.439+0600][52.895s][info][gc,phases      ] GC(273)   Other: 0.11ms
[2026-04-03T02:09:38.439+0600][52.895s][info][gc,heap        ] GC(273) Eden regions: 66->0(54)
[2026-04-03T02:09:38.439+0600][52.895s][info][gc,heap        ] GC(273) Survivor regions: 0->1(1)
[2026-04-03T02:09:38.439+0600][52.895s][info][gc,heap        ] GC(273) Old regions: 381->412
[2026-04-03T02:09:38.439+0600][52.895s][info][gc,heap        ] GC(273) Humongous regions: 52->8
[2026-04-03T02:09:38.439+0600][52.895s][info][gc,metaspace   ] GC(273) Metaspace: 131365K(132864K)->131365K(132864K) NonClass: 114806K(115520K)->114806K(115520K) Class: 16558K(17344K)->16558K(17344K)
[2026-04-03T02:09:38.439+0600][52.895s][info][gc             ] GC(273) Pause Young (Mixed) (G1 Humongous Allocation) (Evacuation Failure) 495M->417M(500M) 5.175ms
[2026-04-03T02:09:38.439+0600][52.895s][info][gc,cpu         ] GC(273) User=0.04s Sys=0.00s Real=0.00s
[2026-04-03T02:09:38.496+0600][52.952s][info][gc,start       ] GC(274) Pause Young (Mixed) (G1 Evacuation Pause)
[2026-04-03T02:09:38.496+0600][52.952s][info][gc,task        ] GC(274) Using 10 workers of 10 for evacuation
[2026-04-03T02:09:38.501+0600][52.957s][info][gc,phases      ] GC(274)   Pre Evacuate Collection Set: 0.49ms
[2026-04-03T02:09:38.501+0600][52.957s][info][gc,phases      ] GC(274)   Merge Heap Roots: 0.18ms
[2026-04-03T02:09:38.501+0600][52.957s][info][gc,phases      ] GC(274)   Evacuate Collection Set: 2.54ms
[2026-04-03T02:09:38.501+0600][52.957s][info][gc,phases      ] GC(274)   Post Evacuate Collection Set: 2.12ms
[2026-04-03T02:09:38.501+0600][52.957s][info][gc,phases      ] GC(274)   Other: 0.11ms
[2026-04-03T02:09:38.501+0600][52.957s][info][gc,heap        ] GC(274) Eden regions: 39->0(29)
[2026-04-03T02:09:38.501+0600][52.957s][info][gc,heap        ] GC(274) Survivor regions: 1->0(0)
[2026-04-03T02:09:38.501+0600][52.957s][info][gc,heap        ] GC(274) Old regions: 412->438
[2026-04-03T02:09:38.501+0600][52.957s][info][gc,heap        ] GC(274) Humongous regions: 48->8
[2026-04-03T02:09:38.502+0600][52.957s][info][gc,metaspace   ] GC(274) Metaspace: 131365K(132864K)->131365K(132864K) NonClass: 114806K(115520K)->114806K(115520K) Class: 16558K(17344K)->16558K(17344K)
[2026-04-03T02:09:38.502+0600][52.957s][info][gc             ] GC(274) Pause Young (Mixed) (G1 Evacuation Pause) (Evacuation Failure) 496M->442M(500M) 5.796ms
[2026-04-03T02:09:38.502+0600][52.958s][info][gc,cpu         ] GC(274) User=0.05s Sys=0.00s Real=0.01s
[2026-04-03T02:09:38.537+0600][52.992s][info][gc,start       ] GC(275) Pause Young (Mixed) (G1 Evacuation Pause)
[2026-04-03T02:09:38.537+0600][52.993s][info][gc,task        ] GC(275) Using 10 workers of 10 for evacuation
[2026-04-03T02:09:38.541+0600][52.997s][info][gc,phases      ] GC(275)   Pre Evacuate Collection Set: 0.61ms
[2026-04-03T02:09:38.541+0600][52.997s][info][gc,phases      ] GC(275)   Merge Heap Roots: 0.17ms
[2026-04-03T02:09:38.541+0600][52.997s][info][gc,phases      ] GC(275)   Evacuate Collection Set: 2.38ms
[2026-04-03T02:09:38.541+0600][52.997s][info][gc,phases      ] GC(275)   Post Evacuate Collection Set: 0.73ms
[2026-04-03T02:09:38.541+0600][52.997s][info][gc,phases      ] GC(275)   Other: 0.16ms
[2026-04-03T02:09:38.541+0600][52.997s][info][gc,heap        ] GC(275) Eden regions: 29->0(75)
[2026-04-03T02:09:38.541+0600][52.997s][info][gc,heap        ] GC(275) Survivor regions: 0->3(4)
[2026-04-03T02:09:38.541+0600][52.997s][info][gc,heap        ] GC(275) Old regions: 438->389
[2026-04-03T02:09:38.541+0600][52.997s][info][gc,heap        ] GC(275) Humongous regions: 29->8
[2026-04-03T02:09:38.541+0600][52.997s][info][gc,metaspace   ] GC(275) Metaspace: 131365K(132864K)->131365K(132864K) NonClass: 114806K(115520K)->114806K(115520K) Class: 16558K(17344K)->16558K(17344K)
[2026-04-03T02:09:38.541+0600][52.997s][info][gc             ] GC(275) Pause Young (Mixed) (G1 Evacuation Pause) 492M->395M(500M) 4.395ms
[2026-04-03T02:09:38.541+0600][52.997s][info][gc,cpu         ] GC(275) User=0.03s Sys=0.00s Real=0.01s
[2026-04-03T02:09:38.606+0600][53.062s][info][gc,start       ] GC(276) Pause Young (Mixed) (G1 Humongous Allocation)
[2026-04-03T02:09:38.606+0600][53.062s][info][gc,task        ] GC(276) Using 10 workers of 10 for evacuation
[2026-04-03T02:09:38.609+0600][53.065s][info][gc,phases      ] GC(276)   Pre Evacuate Collection Set: 0.45ms
[2026-04-03T02:09:38.609+0600][53.065s][info][gc,phases      ] GC(276)   Merge Heap Roots: 0.14ms
[2026-04-03T02:09:38.609+0600][53.065s][info][gc,phases      ] GC(276)   Evacuate Collection Set: 1.68ms
[2026-04-03T02:09:38.609+0600][53.065s][info][gc,phases      ] GC(276)   Post Evacuate Collection Set: 0.61ms
[2026-04-03T02:09:38.609+0600][53.065s][info][gc,phases      ] GC(276)   Other: 0.11ms
[2026-04-03T02:09:38.609+0600][53.065s][info][gc,heap        ] GC(276) Eden regions: 48->0(125)
[2026-04-03T02:09:38.609+0600][53.065s][info][gc,heap        ] GC(276) Survivor regions: 3->3(10)
[2026-04-03T02:09:38.609+0600][53.065s][info][gc,heap        ] GC(276) Old regions: 389->339
[2026-04-03T02:09:38.609+0600][53.065s][info][gc,heap        ] GC(276) Humongous regions: 45->8
[2026-04-03T02:09:38.609+0600][53.065s][info][gc,metaspace   ] GC(276) Metaspace: 131377K(132864K)->131377K(132864K) NonClass: 114819K(115520K)->114819K(115520K) Class: 16558K(17344K)->16558K(17344K)
[2026-04-03T02:09:38.609+0600][53.065s][info][gc             ] GC(276) Pause Young (Mixed) (G1 Humongous Allocation) 480M->345M(500M) 3.259ms
[2026-04-03T02:09:38.609+0600][53.065s][info][gc,cpu         ] GC(276) User=0.02s Sys=0.00s Real=0.00s
[2026-04-03T02:09:38.719+0600][53.175s][info][gc,start       ] GC(277) Pause Young (Mixed) (G1 Humongous Allocation)
[2026-04-03T02:09:38.719+0600][53.175s][info][gc,task        ] GC(277) Using 10 workers of 10 for evacuation
[2026-04-03T02:09:38.724+0600][53.179s][info][gc,phases      ] GC(277)   Pre Evacuate Collection Set: 0.42ms
[2026-04-03T02:09:38.724+0600][53.179s][info][gc,phases      ] GC(277)   Merge Heap Roots: 0.20ms
[2026-04-03T02:09:38.724+0600][53.180s][info][gc,phases      ] GC(277)   Evacuate Collection Set: 2.93ms
[2026-04-03T02:09:38.724+0600][53.180s][info][gc,phases      ] GC(277)   Post Evacuate Collection Set: 0.59ms
[2026-04-03T02:09:38.724+0600][53.180s][info][gc,phases      ] GC(277)   Other: 0.11ms
[2026-04-03T02:09:38.724+0600][53.180s][info][gc,heap        ] GC(277) Eden regions: 80->0(147)
[2026-04-03T02:09:38.724+0600][53.180s][info][gc,heap        ] GC(277) Survivor regions: 3->4(16)
[2026-04-03T02:09:38.724+0600][53.180s][info][gc,heap        ] GC(277) Old regions: 339->316
[2026-04-03T02:09:38.724+0600][53.180s][info][gc,heap        ] GC(277) Humongous regions: 59->8
[2026-04-03T02:09:38.724+0600][53.180s][info][gc,metaspace   ] GC(277) Metaspace: 131405K(132864K)->131405K(132864K) NonClass: 114846K(115520K)->114846K(115520K) Class: 16558K(17344K)->16558K(17344K)
[2026-04-03T02:09:38.724+0600][53.180s][info][gc             ] GC(277) Pause Young (Mixed) (G1 Humongous Allocation) 475M->323M(500M) 4.556ms
[2026-04-03T02:09:38.724+0600][53.180s][info][gc,cpu         ] GC(277) User=0.04s Sys=0.00s Real=0.01s
[2026-04-03T02:09:38.725+0600][53.181s][info][gc,start       ] GC(278) Pause Young (Concurrent Start) (G1 Humongous Allocation)
[2026-04-03T02:09:38.725+0600][53.181s][info][gc,task        ] GC(278) Using 10 workers of 10 for evacuation
[2026-04-03T02:09:38.728+0600][53.184s][info][gc,phases      ] GC(278)   Pre Evacuate Collection Set: 0.38ms
[2026-04-03T02:09:38.728+0600][53.184s][info][gc,phases      ] GC(278)   Merge Heap Roots: 0.09ms
[2026-04-03T02:09:38.728+0600][53.184s][info][gc,phases      ] GC(278)   Evacuate Collection Set: 2.29ms
[2026-04-03T02:09:38.728+0600][53.184s][info][gc,phases      ] GC(278)   Post Evacuate Collection Set: 0.49ms
[2026-04-03T02:09:38.728+0600][53.184s][info][gc,phases      ] GC(278)   Other: 0.11ms
[2026-04-03T02:09:38.728+0600][53.184s][info][gc,heap        ] GC(278) Eden regions: 2->0(147)
[2026-04-03T02:09:38.728+0600][53.184s][info][gc,heap        ] GC(278) Survivor regions: 4->4(19)
[2026-04-03T02:09:38.728+0600][53.184s][info][gc,heap        ] GC(278) Old regions: 316->316
[2026-04-03T02:09:38.728+0600][53.184s][info][gc,heap        ] GC(278) Humongous regions: 10->8
[2026-04-03T02:09:38.728+0600][53.184s][info][gc,metaspace   ] GC(278) Metaspace: 131405K(132864K)->131405K(132864K) NonClass: 114846K(115520K)->114846K(115520K) Class: 16558K(17344K)->16558K(17344K)
[2026-04-03T02:09:38.728+0600][53.184s][info][gc             ] GC(278) Pause Young (Concurrent Start) (G1 Humongous Allocation) 326M->322M(500M) 3.601ms
[2026-04-03T02:09:38.729+0600][53.184s][info][gc             ] GC(279) Concurrent Mark Cycle
[2026-04-03T02:09:38.729+0600][53.184s][info][gc,cpu         ] GC(278) User=0.02s Sys=0.01s Real=0.00s
[2026-04-03T02:09:38.729+0600][53.185s][info][gc,marking     ] GC(279) Concurrent Scan Root Regions
[2026-04-03T02:09:38.732+0600][53.188s][info][gc,marking     ] GC(279) Concurrent Scan Root Regions 3.042ms
[2026-04-03T02:09:38.732+0600][53.188s][info][gc,marking     ] GC(279) Concurrent Mark
[2026-04-03T02:09:38.732+0600][53.188s][info][gc,marking     ] GC(279) Concurrent Mark From Roots
[2026-04-03T02:09:38.732+0600][53.188s][info][gc,task        ] GC(279) Using 3 workers of 3 for marking
[2026-04-03T02:09:38.860+0600][53.316s][info][gc,marking     ] GC(279) Concurrent Mark From Roots 128.580ms
[2026-04-03T02:09:38.861+0600][53.316s][info][gc,marking     ] GC(279) Concurrent Preclean
[2026-04-03T02:09:38.861+0600][53.317s][info][gc,marking     ] GC(279) Concurrent Preclean 0.731ms
[2026-04-03T02:09:38.863+0600][53.319s][info][gc,start       ] GC(279) Pause Remark
[2026-04-03T02:09:38.881+0600][53.337s][info][gc             ] GC(279) Pause Remark 449M->376M(500M) 17.851ms
[2026-04-03T02:09:38.881+0600][53.337s][info][gc,cpu         ] GC(279) User=0.08s Sys=0.00s Real=0.02s
[2026-04-03T02:09:38.884+0600][53.340s][info][gc,marking     ] GC(279) Concurrent Mark 151.946ms
[2026-04-03T02:09:38.884+0600][53.340s][info][gc,marking     ] GC(279) Concurrent Rebuild Remembered Sets and Scrub Regions
[2026-04-03T02:09:38.932+0600][53.388s][info][gc,marking     ] GC(279) Concurrent Rebuild Remembered Sets and Scrub Regions 48.450ms
[2026-04-03T02:09:38.933+0600][53.389s][info][gc,start       ] GC(279) Pause Cleanup
[2026-04-03T02:09:38.933+0600][53.389s][info][gc             ] GC(279) Pause Cleanup 423M->423M(500M) 0.496ms
[2026-04-03T02:09:38.933+0600][53.389s][info][gc,cpu         ] GC(279) User=0.01s Sys=0.01s Real=0.00s
[2026-04-03T02:09:38.934+0600][53.389s][info][gc,marking     ] GC(279) Concurrent Clear Claimed Marks
[2026-04-03T02:09:38.934+0600][53.390s][info][gc,marking     ] GC(279) Concurrent Clear Claimed Marks 0.390ms
[2026-04-03T02:09:38.934+0600][53.390s][info][gc,marking     ] GC(279) Concurrent Cleanup for Next Mark
[2026-04-03T02:09:38.935+0600][53.391s][info][gc,marking     ] GC(279) Concurrent Cleanup for Next Mark 0.983ms
[2026-04-03T02:09:38.935+0600][53.391s][info][gc             ] GC(279) Concurrent Mark Cycle 206.429ms
[2026-04-03T02:09:38.968+0600][53.424s][info][gc,start       ] GC(280) Pause Young (Prepare Mixed) (G1 Humongous Allocation)
[2026-04-03T02:09:38.969+0600][53.424s][info][gc,task        ] GC(280) Using 10 workers of 10 for evacuation
[2026-04-03T02:09:38.971+0600][53.427s][info][gc,phases      ] GC(280)   Pre Evacuate Collection Set: 0.37ms
[2026-04-03T02:09:38.971+0600][53.427s][info][gc,phases      ] GC(280)   Merge Heap Roots: 0.15ms
[2026-04-03T02:09:38.971+0600][53.427s][info][gc,phases      ] GC(280)   Evacuate Collection Set: 1.26ms
[2026-04-03T02:09:38.971+0600][53.427s][info][gc,phases      ] GC(280)   Post Evacuate Collection Set: 0.51ms
[2026-04-03T02:09:38.971+0600][53.427s][info][gc,phases      ] GC(280)   Other: 0.09ms
[2026-04-03T02:09:38.971+0600][53.427s][info][gc,heap        ] GC(280) Eden regions: 110->0(222)
[2026-04-03T02:09:38.971+0600][53.427s][info][gc,heap        ] GC(280) Survivor regions: 4->2(19)
[2026-04-03T02:09:38.971+0600][53.427s][info][gc,heap        ] GC(280) Old regions: 243->243
[2026-04-03T02:09:38.971+0600][53.427s][info][gc,heap        ] GC(280) Humongous regions: 102->8
[2026-04-03T02:09:38.971+0600][53.427s][info][gc,metaspace   ] GC(280) Metaspace: 131406K(132864K)->131406K(132864K) NonClass: 114847K(115520K)->114847K(115520K) Class: 16558K(17344K)->16558K(17344K)
[2026-04-03T02:09:38.971+0600][53.427s][info][gc             ] GC(280) Pause Young (Prepare Mixed) (G1 Humongous Allocation) 453M->248M(500M) 2.580ms
[2026-04-03T02:09:38.971+0600][53.427s][info][gc,cpu         ] GC(280) User=0.02s Sys=0.00s Real=0.01s
[2026-04-03T02:09:39.318+0600][53.773s][info][gc,start       ] GC(281) Pause Young (Mixed) (G1 Humongous Allocation)
[2026-04-03T02:09:39.318+0600][53.774s][info][gc,task        ] GC(281) Using 10 workers of 10 for evacuation
[2026-04-03T02:09:39.321+0600][53.777s][info][gc,phases      ] GC(281)   Pre Evacuate Collection Set: 0.40ms
[2026-04-03T02:09:39.321+0600][53.777s][info][gc,phases      ] GC(281)   Merge Heap Roots: 0.25ms
[2026-04-03T02:09:39.321+0600][53.777s][info][gc,phases      ] GC(281)   Evacuate Collection Set: 1.79ms
[2026-04-03T02:09:39.321+0600][53.777s][info][gc,phases      ] GC(281)   Post Evacuate Collection Set: 0.65ms
[2026-04-03T02:09:39.321+0600][53.777s][info][gc,phases      ] GC(281)   Other: 0.15ms
[2026-04-03T02:09:39.321+0600][53.777s][info][gc,heap        ] GC(281) Eden regions: 193->0(271)
[2026-04-03T02:09:39.321+0600][53.777s][info][gc,heap        ] GC(281) Survivor regions: 2->3(8)
[2026-04-03T02:09:39.321+0600][53.777s][info][gc,heap        ] GC(281) Old regions: 243->193
[2026-04-03T02:09:39.321+0600][53.777s][info][gc,heap        ] GC(281) Humongous regions: 54->8
[2026-04-03T02:09:39.321+0600][53.777s][info][gc,metaspace   ] GC(281) Metaspace: 131430K(132864K)->131430K(132864K) NonClass: 114868K(115520K)->114868K(115520K) Class: 16561K(17344K)->16561K(17344K)
[2026-04-03T02:09:39.321+0600][53.777s][info][gc             ] GC(281) Pause Young (Mixed) (G1 Humongous Allocation) 486M->199M(500M) 3.561ms
[2026-04-03T02:09:39.321+0600][53.777s][info][gc,cpu         ] GC(281) User=0.02s Sys=0.00s Real=0.01s
[2026-04-03T02:09:39.503+0600][53.959s][info][gc,start       ] GC(282) Pause Young (Mixed) (G1 Humongous Allocation)
[2026-04-03T02:09:39.503+0600][53.959s][info][gc,task        ] GC(282) Using 10 workers of 10 for evacuation
[2026-04-03T02:09:39.507+0600][53.963s][info][gc,phases      ] GC(282)   Pre Evacuate Collection Set: 0.44ms
[2026-04-03T02:09:39.507+0600][53.963s][info][gc,phases      ] GC(282)   Merge Heap Roots: 0.21ms
[2026-04-03T02:09:39.507+0600][53.963s][info][gc,phases      ] GC(282)   Evacuate Collection Set: 2.16ms
[2026-04-03T02:09:39.507+0600][53.963s][info][gc,phases      ] GC(282)   Post Evacuate Collection Set: 0.83ms
[2026-04-03T02:09:39.507+0600][53.963s][info][gc,phases      ] GC(282)   Other: 0.15ms
[2026-04-03T02:09:39.507+0600][53.963s][info][gc,heap        ] GC(282) Eden regions: 155->0(296)
[2026-04-03T02:09:39.507+0600][53.963s][info][gc,heap        ] GC(282) Survivor regions: 3->4(13)
[2026-04-03T02:09:39.507+0600][53.963s][info][gc,heap        ] GC(282) Old regions: 193->143
[2026-04-03T02:09:39.507+0600][53.963s][info][gc,heap        ] GC(282) Humongous regions: 136->8
[2026-04-03T02:09:39.507+0600][53.963s][info][gc,metaspace   ] GC(282) Metaspace: 131430K(132864K)->131430K(132864K) NonClass: 114869K(115520K)->114869K(115520K) Class: 16561K(17344K)->16561K(17344K)
[2026-04-03T02:09:39.507+0600][53.963s][info][gc             ] GC(282) Pause Young (Mixed) (G1 Humongous Allocation) 482M->149M(500M) 4.152ms
[2026-04-03T02:09:39.508+0600][53.963s][info][gc,cpu         ] GC(282) User=0.03s Sys=0.00s Real=0.00s
[2026-04-03T02:09:39.741+0600][54.197s][info][gc,start       ] GC(283) Pause Young (Mixed) (GCLocker Initiated GC)
[2026-04-03T02:09:39.741+0600][54.197s][info][gc,task        ] GC(283) Using 10 workers of 10 for evacuation
[2026-04-03T02:09:39.745+0600][54.201s][info][gc,phases      ] GC(283)   Pre Evacuate Collection Set: 0.55ms
[2026-04-03T02:09:39.745+0600][54.201s][info][gc,phases      ] GC(283)   Merge Heap Roots: 0.25ms
[2026-04-03T02:09:39.745+0600][54.201s][info][gc,phases      ] GC(283)   Evacuate Collection Set: 2.52ms
[2026-04-03T02:09:39.745+0600][54.201s][info][gc,phases      ] GC(283)   Post Evacuate Collection Set: 0.97ms
[2026-04-03T02:09:39.745+0600][54.201s][info][gc,phases      ] GC(283)   Other: 0.13ms
[2026-04-03T02:09:39.745+0600][54.201s][info][gc,heap        ] GC(283) Eden regions: 192->0(295)
[2026-04-03T02:09:39.746+0600][54.201s][info][gc,heap        ] GC(283) Survivor regions: 4->5(12)
[2026-04-03T02:09:39.746+0600][54.201s][info][gc,heap        ] GC(283) Old regions: 143->109
[2026-04-03T02:09:39.746+0600][54.201s][info][gc,heap        ] GC(283) Humongous regions: 149->8
[2026-04-03T02:09:39.746+0600][54.201s][info][gc,metaspace   ] GC(283) Metaspace: 131430K(132864K)->131430K(132864K) NonClass: 114869K(115520K)->114869K(115520K) Class: 16561K(17344K)->16561K(17344K)
[2026-04-03T02:09:39.746+0600][54.201s][info][gc             ] GC(283) Pause Young (Mixed) (GCLocker Initiated GC) 482M->118M(500M) 4.896ms
[2026-04-03T02:09:39.746+0600][54.202s][info][gc,cpu         ] GC(283) User=0.03s Sys=0.00s Real=0.00s
[2026-04-03T02:09:39.747+0600][54.203s][info][gc,start       ] GC(284) Pause Young (Concurrent Start) (G1 Humongous Allocation)
[2026-04-03T02:09:39.748+0600][54.203s][info][gc,task        ] GC(284) Using 10 workers of 10 for evacuation
[2026-04-03T02:09:39.751+0600][54.207s][info][gc,phases      ] GC(284)   Pre Evacuate Collection Set: 0.39ms
[2026-04-03T02:09:39.751+0600][54.207s][info][gc,phases      ] GC(284)   Merge Heap Roots: 0.11ms
[2026-04-03T02:09:39.751+0600][54.207s][info][gc,phases      ] GC(284)   Evacuate Collection Set: 2.37ms
[2026-04-03T02:09:39.751+0600][54.207s][info][gc,phases      ] GC(284)   Post Evacuate Collection Set: 0.62ms
[2026-04-03T02:09:39.751+0600][54.207s][info][gc,phases      ] GC(284)   Other: 0.17ms
[2026-04-03T02:09:39.751+0600][54.207s][info][gc,heap        ] GC(284) Eden regions: 4->0(282)
[2026-04-03T02:09:39.751+0600][54.207s][info][gc,heap        ] GC(284) Survivor regions: 5->5(38)
[2026-04-03T02:09:39.751+0600][54.207s][info][gc,heap        ] GC(284) Old regions: 109->109
[2026-04-03T02:09:39.751+0600][54.207s][info][gc,heap        ] GC(284) Humongous regions: 10->8
[2026-04-03T02:09:39.751+0600][54.207s][info][gc,metaspace   ] GC(284) Metaspace: 131430K(132864K)->131430K(132864K) NonClass: 114869K(115520K)->114869K(115520K) Class: 16561K(17344K)->16561K(17344K)
[2026-04-03T02:09:39.751+0600][54.207s][info][gc             ] GC(284) Pause Young (Concurrent Start) (G1 Humongous Allocation) 124M->117M(500M) 3.913ms
[2026-04-03T02:09:39.751+0600][54.207s][info][gc             ] GC(285) Concurrent Mark Cycle
[2026-04-03T02:09:39.752+0600][54.207s][info][gc,marking     ] GC(285) Concurrent Scan Root Regions
[2026-04-03T02:09:39.752+0600][54.207s][info][gc,cpu         ] GC(284) User=0.03s Sys=0.00s Real=0.01s
[2026-04-03T02:09:39.755+0600][54.211s][info][gc,marking     ] GC(285) Concurrent Scan Root Regions 3.357ms
[2026-04-03T02:09:39.755+0600][54.211s][info][gc,marking     ] GC(285) Concurrent Mark
[2026-04-03T02:09:39.755+0600][54.211s][info][gc,marking     ] GC(285) Concurrent Mark From Roots
[2026-04-03T02:09:39.755+0600][54.211s][info][gc,task        ] GC(285) Using 3 workers of 3 for marking
[2026-04-03T02:09:39.880+0600][54.336s][info][gc,marking     ] GC(285) Concurrent Mark From Roots 124.715ms
[2026-04-03T02:09:39.880+0600][54.336s][info][gc,marking     ] GC(285) Concurrent Preclean
[2026-04-03T02:09:39.881+0600][54.336s][info][gc,marking     ] GC(285) Concurrent Preclean 0.749ms
[2026-04-03T02:09:39.881+0600][54.337s][info][gc,start       ] GC(285) Pause Remark
[2026-04-03T02:09:39.890+0600][54.346s][info][gc             ] GC(285) Pause Remark 252M->250M(500M) 9.513ms
[2026-04-03T02:09:39.891+0600][54.347s][info][gc,cpu         ] GC(285) User=0.08s Sys=0.00s Real=0.01s
[2026-04-03T02:09:39.891+0600][54.347s][info][gc,marking     ] GC(285) Concurrent Mark 135.870ms
[2026-04-03T02:09:39.891+0600][54.347s][info][gc,marking     ] GC(285) Concurrent Rebuild Remembered Sets and Scrub Regions
[2026-04-03T02:09:39.928+0600][54.384s][info][gc,marking     ] GC(285) Concurrent Rebuild Remembered Sets and Scrub Regions 37.211ms
[2026-04-03T02:09:39.929+0600][54.384s][info][gc,start       ] GC(285) Pause Cleanup
[2026-04-03T02:09:39.929+0600][54.385s][info][gc             ] GC(285) Pause Cleanup 290M->290M(500M) 0.473ms
[2026-04-03T02:09:39.929+0600][54.385s][info][gc,cpu         ] GC(285) User=0.00s Sys=0.00s Real=0.00s
[2026-04-03T02:09:39.929+0600][54.385s][info][gc,marking     ] GC(285) Concurrent Clear Claimed Marks
[2026-04-03T02:09:39.930+0600][54.386s][info][gc,marking     ] GC(285) Concurrent Clear Claimed Marks 0.409ms
[2026-04-03T02:09:39.930+0600][54.386s][info][gc,marking     ] GC(285) Concurrent Cleanup for Next Mark
[2026-04-03T02:09:39.931+0600][54.386s][info][gc,marking     ] GC(285) Concurrent Cleanup for Next Mark 0.808ms
[2026-04-03T02:09:39.931+0600][54.387s][info][gc             ] GC(285) Concurrent Mark Cycle 179.237ms
[2026-04-03T02:09:40.096+0600][54.552s][info][gc,start       ] GC(286) Pause Young (Prepare Mixed) (G1 Evacuation Pause)
[2026-04-03T02:09:40.096+0600][54.552s][info][gc,task        ] GC(286) Using 10 workers of 10 for evacuation
[2026-04-03T02:09:40.101+0600][54.557s][info][gc,phases      ] GC(286)   Pre Evacuate Collection Set: 0.46ms
[2026-04-03T02:09:40.101+0600][54.557s][info][gc,phases      ] GC(286)   Merge Heap Roots: 0.13ms
[2026-04-03T02:09:40.101+0600][54.557s][info][gc,phases      ] GC(286)   Evacuate Collection Set: 2.19ms
[2026-04-03T02:09:40.101+0600][54.557s][info][gc,phases      ] GC(286)   Post Evacuate Collection Set: 2.02ms
[2026-04-03T02:09:40.101+0600][54.557s][info][gc,phases      ] GC(286)   Other: 0.09ms
[2026-04-03T02:09:40.101+0600][54.557s][info][gc,heap        ] GC(286) Eden regions: 225->0(219)
[2026-04-03T02:09:40.101+0600][54.557s][info][gc,heap        ] GC(286) Survivor regions: 5->0(0)
[2026-04-03T02:09:40.101+0600][54.557s][info][gc,heap        ] GC(286) Old regions: 107->215
[2026-04-03T02:09:40.101+0600][54.557s][info][gc,heap        ] GC(286) Humongous regions: 163->8
[2026-04-03T02:09:40.101+0600][54.557s][info][gc,metaspace   ] GC(286) Metaspace: 131433K(132864K)->131433K(132864K) NonClass: 114871K(115520K)->114871K(115520K) Class: 16561K(17344K)->16561K(17344K)
[2026-04-03T02:09:40.101+0600][54.557s][info][gc             ] GC(286) Pause Young (Prepare Mixed) (G1 Evacuation Pause) (Evacuation Failure) 495M->220M(500M) 5.119ms
[2026-04-03T02:09:40.101+0600][54.557s][info][gc,cpu         ] GC(286) User=0.04s Sys=0.01s Real=0.01s
[2026-04-03T02:09:40.353+0600][54.809s][info][gc,start       ] GC(287) Pause Young (Mixed) (G1 Evacuation Pause)
[2026-04-03T02:09:40.353+0600][54.809s][info][gc,task        ] GC(287) Using 10 workers of 10 for evacuation
[2026-04-03T02:09:40.358+0600][54.814s][info][gc,phases      ] GC(287)   Pre Evacuate Collection Set: 0.51ms
[2026-04-03T02:09:40.358+0600][54.814s][info][gc,phases      ] GC(287)   Merge Heap Roots: 0.19ms
[2026-04-03T02:09:40.358+0600][54.814s][info][gc,phases      ] GC(287)   Evacuate Collection Set: 1.71ms
[2026-04-03T02:09:40.358+0600][54.814s][info][gc,phases      ] GC(287)   Post Evacuate Collection Set: 2.05ms
[2026-04-03T02:09:40.358+0600][54.814s][info][gc,phases      ] GC(287)   Other: 0.12ms
[2026-04-03T02:09:40.358+0600][54.814s][info][gc,heap        ] GC(287) Eden regions: 189->0(172)
[2026-04-03T02:09:40.358+0600][54.814s][info][gc,heap        ] GC(287) Survivor regions: 0->0(0)
[2026-04-03T02:09:40.358+0600][54.814s][info][gc,heap        ] GC(287) Old regions: 215->284
[2026-04-03T02:09:40.358+0600][54.814s][info][gc,heap        ] GC(287) Humongous regions: 96->8
[2026-04-03T02:09:40.358+0600][54.814s][info][gc,metaspace   ] GC(287) Metaspace: 131435K(132864K)->131435K(132864K) NonClass: 114873K(115520K)->114873K(115520K) Class: 16562K(17344K)->16562K(17344K)
[2026-04-03T02:09:40.358+0600][54.814s][info][gc             ] GC(287) Pause Young (Mixed) (G1 Evacuation Pause) (Evacuation Failure) 497M->289M(500M) 4.885ms
[2026-04-03T02:09:40.358+0600][54.814s][info][gc,cpu         ] GC(287) User=0.02s Sys=0.01s Real=0.00s
[2026-04-03T02:09:40.389+0600][54.845s][info][gc,start       ] GC(288) Pause Young (Concurrent Start) (G1 Humongous Allocation)
[2026-04-03T02:09:40.389+0600][54.845s][info][gc,task        ] GC(288) Using 10 workers of 10 for evacuation
[2026-04-03T02:09:40.393+0600][54.849s][info][gc,phases      ] GC(288)   Pre Evacuate Collection Set: 0.58ms
[2026-04-03T02:09:40.413+0600][54.868s][info][gc,phases      ] GC(288)   Merge Heap Roots: 0.16ms
[2026-04-03T02:09:40.413+0600][54.869s][info][gc,phases      ] GC(288)   Evacuate Collection Set: 2.17ms
[2026-04-03T02:09:40.413+0600][54.869s][info][gc,phases      ] GC(288)   Post Evacuate Collection Set: 0.77ms
[2026-04-03T02:09:40.413+0600][54.869s][info][gc,phases      ] GC(288)   Other: 0.18ms
[2026-04-03T02:09:40.413+0600][54.869s][info][gc,heap        ] GC(288) Eden regions: 42->0(174)
[2026-04-03T02:09:40.413+0600][54.869s][info][gc,heap        ] GC(288) Survivor regions: 0->3(22)
[2026-04-03T02:09:40.413+0600][54.869s][info][gc,heap        ] GC(288) Old regions: 284->284
[2026-04-03T02:09:40.413+0600][54.869s][info][gc,heap        ] GC(288) Humongous regions: 8->8
[2026-04-03T02:09:40.413+0600][54.869s][info][gc,metaspace   ] GC(288) Metaspace: 131435K(132864K)->131435K(132864K) NonClass: 114873K(115520K)->114873K(115520K) Class: 16562K(17344K)->16562K(17344K)
[2026-04-03T02:09:40.413+0600][54.869s][info][gc             ] GC(288) Pause Young (Concurrent Start) (G1 Humongous Allocation) 331M->291M(500M) 24.142ms
[2026-04-03T02:09:40.413+0600][54.869s][info][gc             ] GC(289) Concurrent Mark Cycle
[2026-04-03T02:09:40.413+0600][54.869s][info][gc,marking     ] GC(289) Concurrent Scan Root Regions
[2026-04-03T02:09:40.413+0600][54.869s][info][gc,cpu         ] GC(288) User=0.02s Sys=0.00s Real=0.03s
[2026-04-03T02:09:40.417+0600][54.873s][info][gc,marking     ] GC(289) Concurrent Scan Root Regions 4.292ms
[2026-04-03T02:09:40.418+0600][54.873s][info][gc,marking     ] GC(289) Concurrent Mark
[2026-04-03T02:09:40.418+0600][54.873s][info][gc,marking     ] GC(289) Concurrent Mark From Roots
[2026-04-03T02:09:40.418+0600][54.873s][info][gc,task        ] GC(289) Using 3 workers of 3 for marking
[2026-04-03T02:09:40.510+0600][54.966s][info][gc,marking     ] GC(289) Concurrent Mark From Roots 92.315ms
[2026-04-03T02:09:40.510+0600][54.966s][info][gc,marking     ] GC(289) Concurrent Preclean
[2026-04-03T02:09:40.510+0600][54.966s][info][gc,marking     ] GC(289) Concurrent Preclean 0.232ms
[2026-04-03T02:09:40.510+0600][54.966s][info][gc,start       ] GC(289) Pause Remark
[2026-04-03T02:09:40.518+0600][54.973s][info][gc             ] GC(289) Pause Remark 368M->361M(500M) 7.087ms
[2026-04-03T02:09:40.518+0600][54.974s][info][gc,cpu         ] GC(289) User=0.05s Sys=0.00s Real=0.00s
[2026-04-03T02:09:40.518+0600][54.974s][info][gc,marking     ] GC(289) Concurrent Mark 100.390ms
[2026-04-03T02:09:40.518+0600][54.974s][info][gc,marking     ] GC(289) Concurrent Rebuild Remembered Sets and Scrub Regions
[2026-04-03T02:09:40.549+0600][55.005s][info][gc,marking     ] GC(289) Concurrent Rebuild Remembered Sets and Scrub Regions 31.352ms
[2026-04-03T02:09:40.550+0600][55.006s][info][gc,start       ] GC(289) Pause Cleanup
[2026-04-03T02:09:40.550+0600][55.006s][info][gc             ] GC(289) Pause Cleanup 377M->377M(500M) 0.585ms
[2026-04-03T02:09:40.550+0600][55.006s][info][gc,cpu         ] GC(289) User=0.00s Sys=0.00s Real=0.01s
[2026-04-03T02:09:40.550+0600][55.006s][info][gc,marking     ] GC(289) Concurrent Clear Claimed Marks
[2026-04-03T02:09:40.551+0600][55.007s][info][gc,marking     ] GC(289) Concurrent Clear Claimed Marks 0.230ms
[2026-04-03T02:09:40.551+0600][55.007s][info][gc,marking     ] GC(289) Concurrent Cleanup for Next Mark
[2026-04-03T02:09:40.551+0600][55.007s][info][gc,marking     ] GC(289) Concurrent Cleanup for Next Mark 0.687ms
[2026-04-03T02:09:40.551+0600][55.007s][info][gc             ] GC(289) Concurrent Mark Cycle 138.293ms
[2026-04-03T02:09:40.577+0600][55.032s][info][gc,start       ] GC(290) Pause Young (Prepare Mixed) (G1 Humongous Allocation)
[2026-04-03T02:09:40.577+0600][55.033s][info][gc,task        ] GC(290) Using 10 workers of 10 for evacuation
[2026-04-03T02:09:40.581+0600][55.037s][info][gc,phases      ] GC(290)   Pre Evacuate Collection Set: 0.37ms
[2026-04-03T02:09:40.581+0600][55.037s][info][gc,phases      ] GC(290)   Merge Heap Roots: 0.14ms
[2026-04-03T02:09:40.581+0600][55.037s][info][gc,phases      ] GC(290)   Evacuate Collection Set: 2.90ms
[2026-04-03T02:09:40.581+0600][55.037s][info][gc,phases      ] GC(290)   Post Evacuate Collection Set: 0.64ms
[2026-04-03T02:09:40.581+0600][55.037s][info][gc,phases      ] GC(290)   Other: 0.10ms
[2026-04-03T02:09:40.581+0600][55.037s][info][gc,heap        ] GC(290) Eden regions: 79->0(165)
[2026-04-03T02:09:40.581+0600][55.037s][info][gc,heap        ] GC(290) Survivor regions: 3->6(23)
[2026-04-03T02:09:40.581+0600][55.037s][info][gc,heap        ] GC(290) Old regions: 277->277
[2026-04-03T02:09:40.581+0600][55.037s][info][gc,heap        ] GC(290) Humongous regions: 116->18
[2026-04-03T02:09:40.581+0600][55.037s][info][gc,metaspace   ] GC(290) Metaspace: 131436K(132864K)->131436K(132864K) NonClass: 114874K(115520K)->114874K(115520K) Class: 16562K(17344K)->16562K(17344K)
[2026-04-03T02:09:40.581+0600][55.037s][info][gc             ] GC(290) Pause Young (Prepare Mixed) (G1 Humongous Allocation) 471M->298M(500M) 4.443ms
[2026-04-03T02:09:40.581+0600][55.037s][info][gc,cpu         ] GC(290) User=0.03s Sys=0.00s Real=0.01s
[2026-04-03T02:09:40.591+0600][55.046s][info][gc,start       ] GC(291) Pause Young (Mixed) (G1 Humongous Allocation)
[2026-04-03T02:09:40.591+0600][55.047s][info][gc,task        ] GC(291) Using 10 workers of 10 for evacuation
[2026-04-03T02:09:40.594+0600][55.050s][info][gc,phases      ] GC(291)   Pre Evacuate Collection Set: 0.56ms
[2026-04-03T02:09:40.594+0600][55.050s][info][gc,phases      ] GC(291)   Merge Heap Roots: 0.15ms
[2026-04-03T02:09:40.594+0600][55.050s][info][gc,phases      ] GC(291)   Evacuate Collection Set: 2.25ms
[2026-04-03T02:09:40.595+0600][55.050s][info][gc,phases      ] GC(291)   Post Evacuate Collection Set: 0.73ms
[2026-04-03T02:09:40.595+0600][55.050s][info][gc,phases      ] GC(291)   Other: 0.11ms
[2026-04-03T02:09:40.595+0600][55.050s][info][gc,heap        ] GC(291) Eden regions: 11->0(207)
[2026-04-03T02:09:40.595+0600][55.050s][info][gc,heap        ] GC(291) Survivor regions: 6->8(22)
[2026-04-03T02:09:40.595+0600][55.050s][info][gc,heap        ] GC(291) Old regions: 277->228
[2026-04-03T02:09:40.595+0600][55.050s][info][gc,heap        ] GC(291) Humongous regions: 133->13
[2026-04-03T02:09:40.595+0600][55.050s][info][gc,metaspace   ] GC(291) Metaspace: 131436K(132864K)->131436K(132864K) NonClass: 114874K(115520K)->114874K(115520K) Class: 16562K(17344K)->16562K(17344K)
[2026-04-03T02:09:40.595+0600][55.051s][info][gc             ] GC(291) Pause Young (Mixed) (G1 Humongous Allocation) 423M->244M(500M) 4.097ms
[2026-04-03T02:09:40.595+0600][55.051s][info][gc,cpu         ] GC(291) User=0.03s Sys=0.01s Real=0.00s
[2026-04-03T02:09:40.661+0600][55.117s][info][gc,start       ] GC(292) Pause Young (Mixed) (G1 Humongous Allocation)
[2026-04-03T02:09:40.662+0600][55.117s][info][gc,task        ] GC(292) Using 10 workers of 10 for evacuation
[2026-04-03T02:09:40.665+0600][55.120s][info][gc,phases      ] GC(292)   Pre Evacuate Collection Set: 0.27ms
[2026-04-03T02:09:40.665+0600][55.121s][info][gc,phases      ] GC(292)   Merge Heap Roots: 0.11ms
[2026-04-03T02:09:40.665+0600][55.121s][info][gc,phases      ] GC(292)   Evacuate Collection Set: 1.92ms
[2026-04-03T02:09:40.665+0600][55.121s][info][gc,phases      ] GC(292)   Post Evacuate Collection Set: 0.63ms
[2026-04-03T02:09:40.665+0600][55.121s][info][gc,phases      ] GC(292)   Other: 0.08ms
[2026-04-03T02:09:40.665+0600][55.121s][info][gc,heap        ] GC(292) Eden regions: 49->0(255)
[2026-04-03T02:09:40.665+0600][55.121s][info][gc,heap        ] GC(292) Survivor regions: 8->5(27)
[2026-04-03T02:09:40.665+0600][55.121s][info][gc,heap        ] GC(292) Old regions: 228->178
[2026-04-03T02:09:40.665+0600][55.121s][info][gc,heap        ] GC(292) Humongous regions: 187->8
[2026-04-03T02:09:40.665+0600][55.121s][info][gc,metaspace   ] GC(292) Metaspace: 131436K(132864K)->131436K(132864K) NonClass: 114874K(115520K)->114874K(115520K) Class: 16562K(17344K)->16562K(17344K)
[2026-04-03T02:09:40.665+0600][55.121s][info][gc             ] GC(292) Pause Young (Mixed) (G1 Humongous Allocation) 467M->187M(500M) 3.268ms
[2026-04-03T02:09:40.665+0600][55.121s][info][gc,cpu         ] GC(292) User=0.02s Sys=0.00s Real=0.00s
[2026-04-03T02:09:40.682+0600][55.137s][info][gc,start       ] GC(293) Pause Young (Mixed) (G1 Humongous Allocation)
[2026-04-03T02:09:40.682+0600][55.138s][info][gc,task        ] GC(293) Using 10 workers of 10 for evacuation
[2026-04-03T02:09:40.686+0600][55.141s][info][gc,phases      ] GC(293)   Pre Evacuate Collection Set: 0.41ms
[2026-04-03T02:09:40.686+0600][55.142s][info][gc,phases      ] GC(293)   Merge Heap Roots: 0.13ms
[2026-04-03T02:09:40.686+0600][55.142s][info][gc,phases      ] GC(293)   Evacuate Collection Set: 2.47ms
[2026-04-03T02:09:40.686+0600][55.142s][info][gc,phases      ] GC(293)   Post Evacuate Collection Set: 0.83ms
[2026-04-03T02:09:40.686+0600][55.142s][info][gc,phases      ] GC(293)   Other: 0.10ms
[2026-04-03T02:09:40.686+0600][55.142s][info][gc,heap        ] GC(293) Eden regions: 16->0(278)
[2026-04-03T02:09:40.686+0600][55.142s][info][gc,heap        ] GC(293) Survivor regions: 5->9(33)
[2026-04-03T02:09:40.686+0600][55.142s][info][gc,heap        ] GC(293) Old regions: 178->128
[2026-04-03T02:09:40.686+0600][55.142s][info][gc,heap        ] GC(293) Humongous regions: 233->23
[2026-04-03T02:09:40.686+0600][55.142s][info][gc,metaspace   ] GC(293) Metaspace: 131436K(132864K)->131436K(132864K) NonClass: 114874K(115520K)->114874K(115520K) Class: 16562K(17344K)->16562K(17344K)
[2026-04-03T02:09:40.686+0600][55.142s][info][gc             ] GC(293) Pause Young (Mixed) (G1 Humongous Allocation) 428M->157M(500M) 4.500ms
[2026-04-03T02:09:40.686+0600][55.142s][info][gc,cpu         ] GC(293) User=0.03s Sys=0.00s Real=0.00s
[2026-04-03T02:09:40.918+0600][55.374s][info][gc,start       ] GC(294) Pause Young (Mixed) (G1 Evacuation Pause)
[2026-04-03T02:09:40.918+0600][55.374s][info][gc,task        ] GC(294) Using 10 workers of 10 for evacuation
[2026-04-03T02:09:40.923+0600][55.378s][info][gc,phases      ] GC(294)   Pre Evacuate Collection Set: 0.50ms
[2026-04-03T02:09:40.923+0600][55.379s][info][gc,phases      ] GC(294)   Merge Heap Roots: 0.15ms
[2026-04-03T02:09:40.923+0600][55.379s][info][gc,phases      ] GC(294)   Evacuate Collection Set: 2.37ms
[2026-04-03T02:09:40.923+0600][55.379s][info][gc,phases      ] GC(294)   Post Evacuate Collection Set: 1.76ms
[2026-04-03T02:09:40.923+0600][55.379s][info][gc,phases      ] GC(294)   Other: 0.11ms
[2026-04-03T02:09:40.923+0600][55.379s][info][gc,heap        ] GC(294) Eden regions: 138->0(219)
[2026-04-03T02:09:40.923+0600][55.379s][info][gc,heap        ] GC(294) Survivor regions: 9->0(0)
[2026-04-03T02:09:40.923+0600][55.379s][info][gc,heap        ] GC(294) Old regions: 128->232
[2026-04-03T02:09:40.923+0600][55.379s][info][gc,heap        ] GC(294) Humongous regions: 225->8
[2026-04-03T02:09:40.923+0600][55.379s][info][gc,metaspace   ] GC(294) Metaspace: 131453K(132928K)->131453K(132928K) NonClass: 114890K(115584K)->114890K(115584K) Class: 16563K(17344K)->16563K(17344K)
[2026-04-03T02:09:40.923+0600][55.379s][info][gc             ] GC(294) Pause Young (Mixed) (G1 Evacuation Pause) (Evacuation Failure) 497M->237M(500M) 5.129ms
[2026-04-03T02:09:40.923+0600][55.379s][info][gc,cpu         ] GC(294) User=0.03s Sys=0.00s Real=0.01s
[2026-04-03T02:09:41.138+0600][55.594s][info][gc,start       ] GC(295) Pause Young (Concurrent Start) (G1 Humongous Allocation)
[2026-04-03T02:09:41.138+0600][55.594s][info][gc,task        ] GC(295) Using 10 workers of 10 for evacuation
[2026-04-03T02:09:41.140+0600][55.596s][info][gc,phases      ] GC(295)   Pre Evacuate Collection Set: 0.24ms
[2026-04-03T02:09:41.141+0600][55.596s][info][gc,phases      ] GC(295)   Merge Heap Roots: 0.17ms
[2026-04-03T02:09:41.141+0600][55.596s][info][gc,phases      ] GC(295)   Evacuate Collection Set: 1.13ms
[2026-04-03T02:09:41.141+0600][55.596s][info][gc,phases      ] GC(295)   Post Evacuate Collection Set: 0.54ms
[2026-04-03T02:09:41.141+0600][55.596s][info][gc,phases      ] GC(295)   Other: 0.09ms
[2026-04-03T02:09:41.141+0600][55.596s][info][gc,heap        ] GC(295) Eden regions: 120->0(208)
[2026-04-03T02:09:41.141+0600][55.596s][info][gc,heap        ] GC(295) Survivor regions: 0->2(28)
[2026-04-03T02:09:41.141+0600][55.596s][info][gc,heap        ] GC(295) Old regions: 232->232
[2026-04-03T02:09:41.141+0600][55.596s][info][gc,heap        ] GC(295) Humongous regions: 8->8
[2026-04-03T02:09:41.141+0600][55.596s][info][gc,metaspace   ] GC(295) Metaspace: 131456K(132928K)->131456K(132928K) NonClass: 114893K(115584K)->114893K(115584K) Class: 16563K(17344K)->16563K(17344K)
[2026-04-03T02:09:41.141+0600][55.596s][info][gc             ] GC(295) Pause Young (Concurrent Start) (G1 Humongous Allocation) 357M->238M(500M) 2.341ms
[2026-04-03T02:09:41.141+0600][55.597s][info][gc             ] GC(296) Concurrent Mark Cycle
[2026-04-03T02:09:41.141+0600][55.597s][info][gc,cpu         ] GC(295) User=0.01s Sys=0.01s Real=0.01s
[2026-04-03T02:09:41.141+0600][55.597s][info][gc,marking     ] GC(296) Concurrent Scan Root Regions
[2026-04-03T02:09:41.142+0600][55.598s][info][gc,marking     ] GC(296) Concurrent Scan Root Regions 1.208ms
[2026-04-03T02:09:41.142+0600][55.598s][info][gc,marking     ] GC(296) Concurrent Mark
[2026-04-03T02:09:41.142+0600][55.598s][info][gc,marking     ] GC(296) Concurrent Mark From Roots
[2026-04-03T02:09:41.142+0600][55.598s][info][gc,task        ] GC(296) Using 3 workers of 3 for marking
[2026-04-03T02:09:41.262+0600][55.717s][info][gc,marking     ] GC(296) Concurrent Mark From Roots 119.527ms
[2026-04-03T02:09:41.262+0600][55.717s][info][gc,marking     ] GC(296) Concurrent Preclean
[2026-04-03T02:09:41.262+0600][55.718s][info][gc,marking     ] GC(296) Concurrent Preclean 0.786ms
[2026-04-03T02:09:41.263+0600][55.719s][info][gc,start       ] GC(296) Pause Remark
[2026-04-03T02:09:41.272+0600][55.728s][info][gc             ] GC(296) Pause Remark 393M->390M(500M) 9.248ms
[2026-04-03T02:09:41.272+0600][55.728s][info][gc,cpu         ] GC(296) User=0.06s Sys=0.00s Real=0.01s
[2026-04-03T02:09:41.272+0600][55.728s][info][gc,marking     ] GC(296) Concurrent Mark 130.453ms
[2026-04-03T02:09:41.273+0600][55.728s][info][gc,marking     ] GC(296) Concurrent Rebuild Remembered Sets and Scrub Regions
[2026-04-03T02:09:41.320+0600][55.775s][info][gc,marking     ] GC(296) Concurrent Rebuild Remembered Sets and Scrub Regions 47.086ms
[2026-04-03T02:09:41.321+0600][55.777s][info][gc,start       ] GC(296) Pause Cleanup
[2026-04-03T02:09:41.321+0600][55.777s][info][gc             ] GC(296) Pause Cleanup 434M->434M(500M) 0.555ms
[2026-04-03T02:09:41.321+0600][55.777s][info][gc,cpu         ] GC(296) User=0.00s Sys=0.00s Real=0.00s
[2026-04-03T02:09:41.325+0600][55.780s][info][gc,marking     ] GC(296) Concurrent Clear Claimed Marks
[2026-04-03T02:09:41.325+0600][55.781s][info][gc,marking     ] GC(296) Concurrent Clear Claimed Marks 0.377ms
[2026-04-03T02:09:41.325+0600][55.781s][info][gc,marking     ] GC(296) Concurrent Cleanup for Next Mark
[2026-04-03T02:09:41.326+0600][55.782s][info][gc,marking     ] GC(296) Concurrent Cleanup for Next Mark 1.143ms
[2026-04-03T02:09:41.326+0600][55.782s][info][gc             ] GC(296) Concurrent Mark Cycle 185.554ms
[2026-04-03T02:09:41.363+0600][55.819s][info][gc,start       ] GC(297) Pause Young (Prepare Mixed) (GCLocker Initiated GC)
[2026-04-03T02:09:41.363+0600][55.819s][info][gc,task        ] GC(297) Using 10 workers of 10 for evacuation
[2026-04-03T02:09:41.368+0600][55.823s][info][gc,phases      ] GC(297)   Pre Evacuate Collection Set: 0.52ms
[2026-04-03T02:09:41.368+0600][55.823s][info][gc,phases      ] GC(297)   Merge Heap Roots: 0.35ms
[2026-04-03T02:09:41.368+0600][55.823s][info][gc,phases      ] GC(297)   Evacuate Collection Set: 2.17ms
[2026-04-03T02:09:41.368+0600][55.823s][info][gc,phases      ] GC(297)   Post Evacuate Collection Set: 1.15ms
[2026-04-03T02:09:41.368+0600][55.823s][info][gc,phases      ] GC(297)   Other: 0.11ms
[2026-04-03T02:09:41.368+0600][55.824s][info][gc,heap        ] GC(297) Eden regions: 146->0(190)
[2026-04-03T02:09:41.368+0600][55.824s][info][gc,heap        ] GC(297) Survivor regions: 2->2(2)
[2026-04-03T02:09:41.368+0600][55.824s][info][gc,heap        ] GC(297) Old regions: 228->265
[2026-04-03T02:09:41.368+0600][55.824s][info][gc,heap        ] GC(297) Humongous regions: 122->8
[2026-04-03T02:09:41.368+0600][55.824s][info][gc,metaspace   ] GC(297) Metaspace: 131456K(132928K)->131456K(132928K) NonClass: 114893K(115584K)->114893K(115584K) Class: 16563K(17344K)->16563K(17344K)
[2026-04-03T02:09:41.368+0600][55.824s][info][gc             ] GC(297) Pause Young (Prepare Mixed) (GCLocker Initiated GC) (Evacuation Failure) 494M->271M(500M) 4.617ms
[2026-04-03T02:09:41.368+0600][55.824s][info][gc,cpu         ] GC(297) User=0.04s Sys=0.00s Real=0.00s
[2026-04-03T02:09:41.526+0600][55.982s][info][gc,start       ] GC(298) Pause Young (Mixed) (GCLocker Initiated GC)
[2026-04-03T02:09:41.526+0600][55.982s][info][gc,task        ] GC(298) Using 10 workers of 10 for evacuation
[2026-04-03T02:09:41.532+0600][55.988s][info][gc,phases      ] GC(298)   Pre Evacuate Collection Set: 0.52ms
[2026-04-03T02:09:41.532+0600][55.988s][info][gc,phases      ] GC(298)   Merge Heap Roots: 0.22ms
[2026-04-03T02:09:41.532+0600][55.988s][info][gc,phases      ] GC(298)   Evacuate Collection Set: 2.11ms
[2026-04-03T02:09:41.532+0600][55.988s][info][gc,phases      ] GC(298)   Post Evacuate Collection Set: 2.46ms
[2026-04-03T02:09:41.532+0600][55.988s][info][gc,phases      ] GC(298)   Other: 0.13ms
[2026-04-03T02:09:41.532+0600][55.988s][info][gc,heap        ] GC(298) Eden regions: 124->0(135)
[2026-04-03T02:09:41.532+0600][55.988s][info][gc,heap        ] GC(298) Survivor regions: 2->0(0)
[2026-04-03T02:09:41.532+0600][55.988s][info][gc,heap        ] GC(298) Old regions: 265->332
[2026-04-03T02:09:41.532+0600][55.988s][info][gc,heap        ] GC(298) Humongous regions: 109->8
[2026-04-03T02:09:41.532+0600][55.988s][info][gc,metaspace   ] GC(298) Metaspace: 131461K(132928K)->131461K(132928K) NonClass: 114898K(115584K)->114898K(115584K) Class: 16563K(17344K)->16563K(17344K)
[2026-04-03T02:09:41.532+0600][55.988s][info][gc             ] GC(298) Pause Young (Mixed) (GCLocker Initiated GC) (Evacuation Failure) 496M->336M(500M) 5.750ms
[2026-04-03T02:09:41.532+0600][55.988s][info][gc,cpu         ] GC(298) User=0.04s Sys=0.00s Real=0.01s
[2026-04-03T02:09:41.643+0600][56.099s][info][gc,start       ] GC(299) Pause Young (Mixed) (GCLocker Initiated GC)
[2026-04-03T02:09:41.643+0600][56.099s][info][gc,task        ] GC(299) Using 10 workers of 10 for evacuation
[2026-04-03T02:09:41.648+0600][56.104s][info][gc,phases      ] GC(299)   Pre Evacuate Collection Set: 0.44ms
[2026-04-03T02:09:41.648+0600][56.104s][info][gc,phases      ] GC(299)   Merge Heap Roots: 0.28ms
[2026-04-03T02:09:41.648+0600][56.104s][info][gc,phases      ] GC(299)   Evacuate Collection Set: 2.51ms
[2026-04-03T02:09:41.648+0600][56.104s][info][gc,phases      ] GC(299)   Post Evacuate Collection Set: 1.24ms
[2026-04-03T02:09:41.648+0600][56.104s][info][gc,phases      ] GC(299)   Other: 0.11ms
[2026-04-03T02:09:41.648+0600][56.104s][info][gc,heap        ] GC(299) Eden regions: 95->0(143)
[2026-04-03T02:09:41.648+0600][56.104s][info][gc,heap        ] GC(299) Survivor regions: 0->1(2)
[2026-04-03T02:09:41.648+0600][56.104s][info][gc,heap        ] GC(299) Old regions: 332->323
[2026-04-03T02:09:41.648+0600][56.104s][info][gc,heap        ] GC(299) Humongous regions: 71->8
[2026-04-03T02:09:41.648+0600][56.104s][info][gc,metaspace   ] GC(299) Metaspace: 131466K(132928K)->131466K(132928K) NonClass: 114903K(115584K)->114903K(115584K) Class: 16563K(17344K)->16563K(17344K)
[2026-04-03T02:09:41.648+0600][56.104s][info][gc             ] GC(299) Pause Young (Mixed) (GCLocker Initiated GC) (Evacuation Failure) 494M->328M(500M) 4.877ms
[2026-04-03T02:09:41.648+0600][56.104s][info][gc,cpu         ] GC(299) User=0.04s Sys=0.01s Real=0.00s
[2026-04-03T02:09:41.761+0600][56.216s][info][gc,start       ] GC(300) Pause Young (Mixed) (G1 Humongous Allocation)
[2026-04-03T02:09:41.761+0600][56.217s][info][gc,task        ] GC(300) Using 10 workers of 10 for evacuation
[2026-04-03T02:09:41.764+0600][56.220s][info][gc,phases      ] GC(300)   Pre Evacuate Collection Set: 0.49ms
[2026-04-03T02:09:41.764+0600][56.220s][info][gc,phases      ] GC(300)   Merge Heap Roots: 0.13ms
[2026-04-03T02:09:41.764+0600][56.220s][info][gc,phases      ] GC(300)   Evacuate Collection Set: 1.98ms
[2026-04-03T02:09:41.764+0600][56.220s][info][gc,phases      ] GC(300)   Post Evacuate Collection Set: 0.60ms
[2026-04-03T02:09:41.764+0600][56.220s][info][gc,phases      ] GC(300)   Other: 0.10ms
[2026-04-03T02:09:41.764+0600][56.220s][info][gc,heap        ] GC(300) Eden regions: 90->0(157)
[2026-04-03T02:09:41.764+0600][56.220s][info][gc,heap        ] GC(300) Survivor regions: 1->2(5)
[2026-04-03T02:09:41.764+0600][56.220s][info][gc,heap        ] GC(300) Old regions: 323->306
[2026-04-03T02:09:41.764+0600][56.220s][info][gc,heap        ] GC(300) Humongous regions: 81->10
[2026-04-03T02:09:41.764+0600][56.220s][info][gc,metaspace   ] GC(300) Metaspace: 131466K(132928K)->131466K(132928K) NonClass: 114903K(115584K)->114903K(115584K) Class: 16563K(17344K)->16563K(17344K)
[2026-04-03T02:09:41.764+0600][56.220s][info][gc             ] GC(300) Pause Young (Mixed) (G1 Humongous Allocation) 490M->313M(500M) 3.611ms
[2026-04-03T02:09:41.764+0600][56.220s][info][gc,cpu         ] GC(300) User=0.03s Sys=0.00s Real=0.00s
[2026-04-03T02:09:41.765+0600][56.221s][info][gc,start       ] GC(301) Pause Young (Concurrent Start) (G1 Humongous Allocation)
[2026-04-03T02:09:41.765+0600][56.221s][info][gc,task        ] GC(301) Using 10 workers of 10 for evacuation
[2026-04-03T02:09:41.768+0600][56.224s][info][gc,phases      ] GC(301)   Pre Evacuate Collection Set: 0.33ms
[2026-04-03T02:09:41.768+0600][56.224s][info][gc,phases      ] GC(301)   Merge Heap Roots: 0.08ms
[2026-04-03T02:09:41.768+0600][56.224s][info][gc,phases      ] GC(301)   Evacuate Collection Set: 1.84ms
[2026-04-03T02:09:41.768+0600][56.224s][info][gc,phases      ] GC(301)   Post Evacuate Collection Set: 0.45ms
[2026-04-03T02:09:41.768+0600][56.224s][info][gc,phases      ] GC(301)   Other: 0.10ms
[2026-04-03T02:09:41.768+0600][56.224s][info][gc,heap        ] GC(301) Eden regions: 2->0(157)
[2026-04-03T02:09:41.768+0600][56.224s][info][gc,heap        ] GC(301) Survivor regions: 2->2(20)
[2026-04-03T02:09:41.768+0600][56.224s][info][gc,heap        ] GC(301) Old regions: 306->306
[2026-04-03T02:09:41.768+0600][56.224s][info][gc,heap        ] GC(301) Humongous regions: 12->10
[2026-04-03T02:09:41.768+0600][56.224s][info][gc,metaspace   ] GC(301) Metaspace: 131466K(132928K)->131466K(132928K) NonClass: 114903K(115584K)->114903K(115584K) Class: 16563K(17344K)->16563K(17344K)
[2026-04-03T02:09:41.768+0600][56.224s][info][gc             ] GC(301) Pause Young (Concurrent Start) (G1 Humongous Allocation) 317M->312M(500M) 3.036ms
[2026-04-03T02:09:41.768+0600][56.224s][info][gc             ] GC(302) Concurrent Mark Cycle
[2026-04-03T02:09:41.769+0600][56.224s][info][gc,cpu         ] GC(301) User=0.02s Sys=0.01s Real=0.00s
[2026-04-03T02:09:41.769+0600][56.224s][info][gc,marking     ] GC(302) Concurrent Scan Root Regions
[2026-04-03T02:09:41.772+0600][56.228s][info][gc,marking     ] GC(302) Concurrent Scan Root Regions 3.120ms
[2026-04-03T02:09:41.772+0600][56.228s][info][gc,marking     ] GC(302) Concurrent Mark
[2026-04-03T02:09:41.772+0600][56.228s][info][gc,marking     ] GC(302) Concurrent Mark From Roots
[2026-04-03T02:09:41.772+0600][56.228s][info][gc,task        ] GC(302) Using 3 workers of 3 for marking
[2026-04-03T02:09:41.891+0600][56.347s][info][gc,marking     ] GC(302) Concurrent Mark From Roots 119.369ms
[2026-04-03T02:09:41.891+0600][56.347s][info][gc,marking     ] GC(302) Concurrent Preclean
[2026-04-03T02:09:41.892+0600][56.348s][info][gc,marking     ] GC(302) Concurrent Preclean 0.762ms
[2026-04-03T02:09:41.892+0600][56.348s][info][gc,start       ] GC(302) Pause Remark
[2026-04-03T02:09:41.902+0600][56.358s][info][gc             ] GC(302) Pause Remark 450M->380M(500M) 9.283ms
[2026-04-03T02:09:41.902+0600][56.358s][info][gc,cpu         ] GC(302) User=0.06s Sys=0.00s Real=0.01s
[2026-04-03T02:09:41.902+0600][56.358s][info][gc,marking     ] GC(302) Concurrent Mark 130.436ms
[2026-04-03T02:09:41.902+0600][56.358s][info][gc,marking     ] GC(302) Concurrent Rebuild Remembered Sets and Scrub Regions
[2026-04-03T02:09:41.942+0600][56.398s][info][gc,marking     ] GC(302) Concurrent Rebuild Remembered Sets and Scrub Regions 39.927ms
[2026-04-03T02:09:41.943+0600][56.398s][info][gc,start       ] GC(302) Pause Cleanup
[2026-04-03T02:09:41.943+0600][56.399s][info][gc             ] GC(302) Pause Cleanup 420M->420M(500M) 0.581ms
[2026-04-03T02:09:41.943+0600][56.399s][info][gc,cpu         ] GC(302) User=0.00s Sys=0.00s Real=0.00s
[2026-04-03T02:09:41.944+0600][56.399s][info][gc,marking     ] GC(302) Concurrent Clear Claimed Marks
[2026-04-03T02:09:41.944+0600][56.400s][info][gc,marking     ] GC(302) Concurrent Clear Claimed Marks 0.455ms
[2026-04-03T02:09:41.944+0600][56.400s][info][gc,marking     ] GC(302) Concurrent Cleanup for Next Mark
[2026-04-03T02:09:41.945+0600][56.401s][info][gc,marking     ] GC(302) Concurrent Cleanup for Next Mark 1.034ms
[2026-04-03T02:09:41.945+0600][56.401s][info][gc             ] GC(302) Concurrent Mark Cycle 176.677ms
[2026-04-03T02:09:42.010+0600][56.466s][info][gc,start       ] GC(303) Pause Young (Prepare Mixed) (G1 Humongous Allocation)
[2026-04-03T02:09:42.011+0600][56.466s][info][gc,task        ] GC(303) Using 10 workers of 10 for evacuation
[2026-04-03T02:09:42.014+0600][56.470s][info][gc,phases      ] GC(303)   Pre Evacuate Collection Set: 0.47ms
[2026-04-03T02:09:42.014+0600][56.470s][info][gc,phases      ] GC(303)   Merge Heap Roots: 0.24ms
[2026-04-03T02:09:42.014+0600][56.470s][info][gc,phases      ] GC(303)   Evacuate Collection Set: 1.88ms
[2026-04-03T02:09:42.014+0600][56.470s][info][gc,phases      ] GC(303)   Post Evacuate Collection Set: 0.82ms
[2026-04-03T02:09:42.014+0600][56.470s][info][gc,phases      ] GC(303)   Other: 0.17ms
[2026-04-03T02:09:42.014+0600][56.470s][info][gc,heap        ] GC(303) Eden regions: 129->0(223)
[2026-04-03T02:09:42.014+0600][56.470s][info][gc,heap        ] GC(303) Survivor regions: 2->3(12)
[2026-04-03T02:09:42.014+0600][56.470s][info][gc,heap        ] GC(303) Old regions: 235->235
[2026-04-03T02:09:42.014+0600][56.470s][info][gc,heap        ] GC(303) Humongous regions: 122->10
[2026-04-03T02:09:42.014+0600][56.470s][info][gc,metaspace   ] GC(303) Metaspace: 131466K(132928K)->131466K(132928K) NonClass: 114903K(115584K)->114903K(115584K) Class: 16563K(17344K)->16563K(17344K)
[2026-04-03T02:09:42.014+0600][56.470s][info][gc             ] GC(303) Pause Young (Prepare Mixed) (G1 Humongous Allocation) 483M->242M(500M) 3.977ms
[2026-04-03T02:09:42.015+0600][56.470s][info][gc,cpu         ] GC(303) User=0.03s Sys=0.00s Real=0.00s
[2026-04-03T02:09:42.366+0600][56.822s][info][gc,start       ] GC(304) Pause Young (Mixed) (G1 Humongous Allocation)
[2026-04-03T02:09:42.366+0600][56.822s][info][gc,task        ] GC(304) Using 10 workers of 10 for evacuation
[2026-04-03T02:09:42.369+0600][56.825s][info][gc,phases      ] GC(304)   Pre Evacuate Collection Set: 0.49ms
[2026-04-03T02:09:42.370+0600][56.825s][info][gc,phases      ] GC(304)   Merge Heap Roots: 0.32ms
[2026-04-03T02:09:42.370+0600][56.825s][info][gc,phases      ] GC(304)   Evacuate Collection Set: 1.75ms
[2026-04-03T02:09:42.370+0600][56.825s][info][gc,phases      ] GC(304)   Post Evacuate Collection Set: 0.91ms
[2026-04-03T02:09:42.370+0600][56.825s][info][gc,phases      ] GC(304)   Other: 0.13ms
[2026-04-03T02:09:42.370+0600][56.826s][info][gc,heap        ] GC(304) Eden regions: 203->0(269)
[2026-04-03T02:09:42.370+0600][56.826s][info][gc,heap        ] GC(304) Survivor regions: 3->2(2)
[2026-04-03T02:09:42.370+0600][56.826s][info][gc,heap        ] GC(304) Old regions: 235->185
[2026-04-03T02:09:42.370+0600][56.826s][info][gc,heap        ] GC(304) Humongous regions: 57->10
[2026-04-03T02:09:42.370+0600][56.826s][info][gc,metaspace   ] GC(304) Metaspace: 131480K(132928K)->131480K(132928K) NonClass: 114917K(115584K)->114917K(115584K) Class: 16563K(17344K)->16563K(17344K)
[2026-04-03T02:09:42.370+0600][56.826s][info][gc             ] GC(304) Pause Young (Mixed) (G1 Humongous Allocation) 492M->193M(500M) 4.049ms
[2026-04-03T02:09:42.370+0600][56.826s][info][gc,cpu         ] GC(304) User=0.02s Sys=0.00s Real=0.01s
[2026-04-03T02:09:42.582+0600][57.038s][info][gc,start       ] GC(305) Pause Young (Mixed) (GCLocker Initiated GC)
[2026-04-03T02:09:42.582+0600][57.038s][info][gc,task        ] GC(305) Using 10 workers of 10 for evacuation
[2026-04-03T02:09:42.589+0600][57.045s][info][gc,phases      ] GC(305)   Pre Evacuate Collection Set: 0.42ms
[2026-04-03T02:09:42.589+0600][57.045s][info][gc,phases      ] GC(305)   Merge Heap Roots: 0.22ms
[2026-04-03T02:09:42.589+0600][57.045s][info][gc,phases      ] GC(305)   Evacuate Collection Set: 3.01ms
[2026-04-03T02:09:42.589+0600][57.045s][info][gc,phases      ] GC(305)   Post Evacuate Collection Set: 2.79ms
[2026-04-03T02:09:42.589+0600][57.045s][info][gc,phases      ] GC(305)   Other: 0.13ms
[2026-04-03T02:09:42.589+0600][57.045s][info][gc,heap        ] GC(305) Eden regions: 170->0(202)
[2026-04-03T02:09:42.589+0600][57.045s][info][gc,heap        ] GC(305) Survivor regions: 2->0(0)
[2026-04-03T02:09:42.589+0600][57.045s][info][gc,heap        ] GC(305) Old regions: 185->261
[2026-04-03T02:09:42.589+0600][57.045s][info][gc,heap        ] GC(305) Humongous regions: 143->12
[2026-04-03T02:09:42.589+0600][57.045s][info][gc,metaspace   ] GC(305) Metaspace: 131480K(132928K)->131480K(132928K) NonClass: 114917K(115584K)->114917K(115584K) Class: 16563K(17344K)->16563K(17344K)
[2026-04-03T02:09:42.589+0600][57.045s][info][gc             ] GC(305) Pause Young (Mixed) (GCLocker Initiated GC) (Evacuation Failure) 496M->270M(500M) 6.885ms
[2026-04-03T02:09:42.589+0600][57.045s][info][gc,cpu         ] GC(305) User=0.06s Sys=0.00s Real=0.00s
[2026-04-03T02:09:42.737+0600][57.193s][info][gc,start       ] GC(306) Pause Young (Mixed) (G1 Humongous Allocation)
[2026-04-03T02:09:42.738+0600][57.193s][info][gc,task        ] GC(306) Using 10 workers of 10 for evacuation
[2026-04-03T02:09:42.740+0600][57.196s][info][gc,phases      ] GC(306)   Pre Evacuate Collection Set: 0.33ms
[2026-04-03T02:09:42.740+0600][57.196s][info][gc,phases      ] GC(306)   Merge Heap Roots: 0.16ms
[2026-04-03T02:09:42.740+0600][57.196s][info][gc,phases      ] GC(306)   Evacuate Collection Set: 1.66ms
[2026-04-03T02:09:42.740+0600][57.196s][info][gc,phases      ] GC(306)   Post Evacuate Collection Set: 0.44ms
[2026-04-03T02:09:42.740+0600][57.196s][info][gc,phases      ] GC(306)   Other: 0.10ms
[2026-04-03T02:09:42.740+0600][57.196s][info][gc,heap        ] GC(306) Eden regions: 122->0(226)
[2026-04-03T02:09:42.740+0600][57.196s][info][gc,heap        ] GC(306) Survivor regions: 0->1(5)
[2026-04-03T02:09:42.740+0600][57.196s][info][gc,heap        ] GC(306) Old regions: 261->236
[2026-04-03T02:09:42.740+0600][57.196s][info][gc,heap        ] GC(306) Humongous regions: 112->12
[2026-04-03T02:09:42.740+0600][57.196s][info][gc,metaspace   ] GC(306) Metaspace: 131480K(132928K)->131480K(132928K) NonClass: 114917K(115584K)->114917K(115584K) Class: 16563K(17344K)->16563K(17344K)
[2026-04-03T02:09:42.740+0600][57.196s][info][gc             ] GC(306) Pause Young (Mixed) (G1 Humongous Allocation) 492M->246M(500M) 2.936ms
[2026-04-03T02:09:42.740+0600][57.196s][info][gc,cpu         ] GC(306) User=0.02s Sys=0.00s Real=0.01s
[2026-04-03T02:09:42.761+0600][57.216s][info][gc,start       ] GC(307) Pause Young (Concurrent Start) (GCLocker Initiated GC)
[2026-04-03T02:09:42.761+0600][57.216s][info][gc,task        ] GC(307) Using 10 workers of 10 for evacuation
[2026-04-03T02:09:42.764+0600][57.220s][info][gc,phases      ] GC(307)   Pre Evacuate Collection Set: 0.54ms
[2026-04-03T02:09:42.764+0600][57.220s][info][gc,phases      ] GC(307)   Merge Heap Roots: 0.12ms
[2026-04-03T02:09:42.764+0600][57.220s][info][gc,phases      ] GC(307)   Evacuate Collection Set: 2.23ms
[2026-04-03T02:09:42.764+0600][57.220s][info][gc,phases      ] GC(307)   Post Evacuate Collection Set: 0.51ms
[2026-04-03T02:09:42.764+0600][57.220s][info][gc,phases      ] GC(307)   Other: 0.16ms
[2026-04-03T02:09:42.764+0600][57.220s][info][gc,heap        ] GC(307) Eden regions: 27->0(197)
[2026-04-03T02:09:42.764+0600][57.220s][info][gc,heap        ] GC(307) Survivor regions: 1->4(29)
[2026-04-03T02:09:42.764+0600][57.220s][info][gc,heap        ] GC(307) Old regions: 236->236
[2026-04-03T02:09:42.764+0600][57.220s][info][gc,heap        ] GC(307) Humongous regions: 17->12
[2026-04-03T02:09:42.764+0600][57.220s][info][gc,metaspace   ] GC(307) Metaspace: 131480K(132928K)->131480K(132928K) NonClass: 114917K(115584K)->114917K(115584K) Class: 16563K(17344K)->16563K(17344K)
[2026-04-03T02:09:42.764+0600][57.220s][info][gc             ] GC(307) Pause Young (Concurrent Start) (GCLocker Initiated GC) 278M->248M(500M) 3.823ms
[2026-04-03T02:09:42.764+0600][57.220s][info][gc             ] GC(308) Concurrent Mark Cycle
[2026-04-03T02:09:42.764+0600][57.220s][info][gc,marking     ] GC(308) Concurrent Scan Root Regions
[2026-04-03T02:09:42.764+0600][57.220s][info][gc,cpu         ] GC(307) User=0.03s Sys=0.00s Real=0.00s
[2026-04-03T02:09:42.767+0600][57.223s][info][gc,marking     ] GC(308) Concurrent Scan Root Regions 2.280ms
[2026-04-03T02:09:42.767+0600][57.223s][info][gc,marking     ] GC(308) Concurrent Mark
[2026-04-03T02:09:42.767+0600][57.223s][info][gc,marking     ] GC(308) Concurrent Mark From Roots
[2026-04-03T02:09:42.767+0600][57.223s][info][gc,task        ] GC(308) Using 3 workers of 3 for marking
[2026-04-03T02:09:42.879+0600][57.335s][info][gc,marking     ] GC(308) Concurrent Mark From Roots 112.426ms
[2026-04-03T02:09:42.879+0600][57.335s][info][gc,marking     ] GC(308) Concurrent Preclean
[2026-04-03T02:09:42.880+0600][57.336s][info][gc,marking     ] GC(308) Concurrent Preclean 0.517ms
[2026-04-03T02:09:42.880+0600][57.336s][info][gc,start       ] GC(308) Pause Remark
[2026-04-03T02:09:42.890+0600][57.345s][info][gc             ] GC(308) Pause Remark 379M->354M(500M) 9.324ms
[2026-04-03T02:09:42.890+0600][57.346s][info][gc,cpu         ] GC(308) User=0.07s Sys=0.00s Real=0.01s
[2026-04-03T02:09:42.890+0600][57.346s][info][gc,marking     ] GC(308) Concurrent Mark 123.153ms
[2026-04-03T02:09:42.890+0600][57.346s][info][gc,marking     ] GC(308) Concurrent Rebuild Remembered Sets and Scrub Regions
[2026-04-03T02:09:42.938+0600][57.394s][info][gc,marking     ] GC(308) Concurrent Rebuild Remembered Sets and Scrub Regions 48.140ms
[2026-04-03T02:09:42.939+0600][57.395s][info][gc,start       ] GC(308) Pause Cleanup
[2026-04-03T02:09:42.939+0600][57.395s][info][gc             ] GC(308) Pause Cleanup 400M->400M(500M) 0.652ms
[2026-04-03T02:09:42.939+0600][57.395s][info][gc,cpu         ] GC(308) User=0.00s Sys=0.00s Real=0.00s
[2026-04-03T02:09:42.940+0600][57.395s][info][gc,marking     ] GC(308) Concurrent Clear Claimed Marks
[2026-04-03T02:09:42.940+0600][57.396s][info][gc,marking     ] GC(308) Concurrent Clear Claimed Marks 0.384ms
[2026-04-03T02:09:42.940+0600][57.396s][info][gc,marking     ] GC(308) Concurrent Cleanup for Next Mark
[2026-04-03T02:09:42.941+0600][57.397s][info][gc,marking     ] GC(308) Concurrent Cleanup for Next Mark 0.774ms
[2026-04-03T02:09:42.941+0600][57.397s][info][gc             ] GC(308) Concurrent Mark Cycle 176.439ms
[2026-04-03T02:09:42.998+0600][57.454s][info][gc,start       ] GC(309) Pause Young (Prepare Mixed) (G1 Humongous Allocation)
[2026-04-03T02:09:42.998+0600][57.454s][info][gc,task        ] GC(309) Using 10 workers of 10 for evacuation
[2026-04-03T02:09:43.001+0600][57.457s][info][gc,phases      ] GC(309)   Pre Evacuate Collection Set: 0.41ms
[2026-04-03T02:09:43.001+0600][57.457s][info][gc,phases      ] GC(309)   Merge Heap Roots: 0.21ms
[2026-04-03T02:09:43.001+0600][57.457s][info][gc,phases      ] GC(309)   Evacuate Collection Set: 1.38ms
[2026-04-03T02:09:43.001+0600][57.457s][info][gc,phases      ] GC(309)   Post Evacuate Collection Set: 0.73ms
[2026-04-03T02:09:43.001+0600][57.457s][info][gc,phases      ] GC(309)   Other: 0.13ms
[2026-04-03T02:09:43.001+0600][57.457s][info][gc,heap        ] GC(309) Eden regions: 147->0(227)
[2026-04-03T02:09:43.001+0600][57.457s][info][gc,heap        ] GC(309) Survivor regions: 4->2(7)
[2026-04-03T02:09:43.001+0600][57.457s][info][gc,heap        ] GC(309) Old regions: 215->215
[2026-04-03T02:09:43.001+0600][57.457s][info][gc,heap        ] GC(309) Humongous regions: 127->8
[2026-04-03T02:09:43.001+0600][57.457s][info][gc,metaspace   ] GC(309) Metaspace: 131482K(132928K)->131482K(132928K) NonClass: 114919K(115584K)->114919K(115584K) Class: 16563K(17344K)->16563K(17344K)
[2026-04-03T02:09:43.001+0600][57.457s][info][gc             ] GC(309) Pause Young (Prepare Mixed) (G1 Humongous Allocation) 488M->221M(500M) 3.222ms
[2026-04-03T02:09:43.002+0600][57.457s][info][gc,cpu         ] GC(309) User=0.02s Sys=0.00s Real=0.01s
[2026-04-03T02:09:43.257+0600][57.713s][info][gc,start       ] GC(310) Pause Young (Mixed) (G1 Humongous Allocation)
[2026-04-03T02:09:43.257+0600][57.713s][info][gc,task        ] GC(310) Using 10 workers of 10 for evacuation
[2026-04-03T02:09:43.261+0600][57.717s][info][gc,phases      ] GC(310)   Pre Evacuate Collection Set: 0.39ms
[2026-04-03T02:09:43.261+0600][57.717s][info][gc,phases      ] GC(310)   Merge Heap Roots: 0.25ms
[2026-04-03T02:09:43.261+0600][57.717s][info][gc,phases      ] GC(310)   Evacuate Collection Set: 2.05ms
[2026-04-03T02:09:43.261+0600][57.717s][info][gc,phases      ] GC(310)   Post Evacuate Collection Set: 0.94ms
[2026-04-03T02:09:43.261+0600][57.717s][info][gc,phases      ] GC(310)   Other: 0.12ms
[2026-04-03T02:09:43.261+0600][57.717s][info][gc,heap        ] GC(310) Eden regions: 173->0(267)
[2026-04-03T02:09:43.261+0600][57.717s][info][gc,heap        ] GC(310) Survivor regions: 2->5(6)
[2026-04-03T02:09:43.261+0600][57.717s][info][gc,heap        ] GC(310) Old regions: 215->165
[2026-04-03T02:09:43.261+0600][57.717s][info][gc,heap        ] GC(310) Humongous regions: 104->8
[2026-04-03T02:09:43.261+0600][57.717s][info][gc,metaspace   ] GC(310) Metaspace: 131487K(132928K)->131487K(132928K) NonClass: 114924K(115584K)->114924K(115584K) Class: 16563K(17344K)->16563K(17344K)
[2026-04-03T02:09:43.261+0600][57.717s][info][gc             ] GC(310) Pause Young (Mixed) (G1 Humongous Allocation) 490M->175M(500M) 4.060ms
[2026-04-03T02:09:43.261+0600][57.717s][info][gc,cpu         ] GC(310) User=0.03s Sys=0.00s Real=0.01s
[2026-04-03T02:09:43.500+0600][57.956s][info][gc,start       ] GC(311) Pause Young (Mixed) (G1 Humongous Allocation)
[2026-04-03T02:09:43.500+0600][57.956s][info][gc,task        ] GC(311) Using 10 workers of 10 for evacuation
[2026-04-03T02:09:43.503+0600][57.959s][info][gc,phases      ] GC(311)   Pre Evacuate Collection Set: 0.30ms
[2026-04-03T02:09:43.503+0600][57.959s][info][gc,phases      ] GC(311)   Merge Heap Roots: 0.17ms
[2026-04-03T02:09:43.503+0600][57.959s][info][gc,phases      ] GC(311)   Evacuate Collection Set: 1.60ms
[2026-04-03T02:09:43.503+0600][57.959s][info][gc,phases      ] GC(311)   Post Evacuate Collection Set: 0.63ms
[2026-04-03T02:09:43.503+0600][57.959s][info][gc,phases      ] GC(311)   Other: 0.09ms
[2026-04-03T02:09:43.503+0600][57.959s][info][gc,heap        ] GC(311) Eden regions: 218->0(295)
[2026-04-03T02:09:43.503+0600][57.959s][info][gc,heap        ] GC(311) Survivor regions: 5->5(10)
[2026-04-03T02:09:43.503+0600][57.959s][info][gc,heap        ] GC(311) Old regions: 165->116
[2026-04-03T02:09:43.503+0600][57.959s][info][gc,heap        ] GC(311) Humongous regions: 102->13
[2026-04-03T02:09:43.503+0600][57.959s][info][gc,metaspace   ] GC(311) Metaspace: 131490K(132928K)->131490K(132928K) NonClass: 114927K(115584K)->114927K(115584K) Class: 16563K(17344K)->16563K(17344K)
[2026-04-03T02:09:43.503+0600][57.959s][info][gc             ] GC(311) Pause Young (Mixed) (G1 Humongous Allocation) 486M->130M(500M) 3.037ms
[2026-04-03T02:09:43.503+0600][57.959s][info][gc,cpu         ] GC(311) User=0.02s Sys=0.00s Real=0.00s
[2026-04-03T02:09:43.525+0600][57.981s][info][gc,start       ] GC(312) Pause Young (Mixed) (G1 Humongous Allocation)
[2026-04-03T02:09:43.525+0600][57.981s][info][gc,task        ] GC(312) Using 10 workers of 10 for evacuation
[2026-04-03T02:09:43.528+0600][57.983s][info][gc,phases      ] GC(312)   Pre Evacuate Collection Set: 0.31ms
[2026-04-03T02:09:43.528+0600][57.984s][info][gc,phases      ] GC(312)   Merge Heap Roots: 0.10ms
[2026-04-03T02:09:43.528+0600][57.984s][info][gc,phases      ] GC(312)   Evacuate Collection Set: 1.50ms
[2026-04-03T02:09:43.528+0600][57.984s][info][gc,phases      ] GC(312)   Post Evacuate Collection Set: 0.66ms
[2026-04-03T02:09:43.528+0600][57.984s][info][gc,phases      ] GC(312)   Other: 0.08ms
[2026-04-03T02:09:43.528+0600][57.984s][info][gc,heap        ] GC(312) Eden regions: 26->0(295)
[2026-04-03T02:09:43.528+0600][57.984s][info][gc,heap        ] GC(312) Survivor regions: 5->5(31)
[2026-04-03T02:09:43.528+0600][57.984s][info][gc,heap        ] GC(312) Old regions: 116->110
[2026-04-03T02:09:43.528+0600][57.984s][info][gc,heap        ] GC(312) Humongous regions: 322->8
[2026-04-03T02:09:43.528+0600][57.984s][info][gc,metaspace   ] GC(312) Metaspace: 131490K(132928K)->131490K(132928K) NonClass: 114927K(115584K)->114927K(115584K) Class: 16563K(17344K)->16563K(17344K)
[2026-04-03T02:09:43.528+0600][57.984s][info][gc             ] GC(312) Pause Young (Mixed) (G1 Humongous Allocation) 464M->119M(500M) 2.965ms
[2026-04-03T02:09:43.528+0600][57.984s][info][gc,cpu         ] GC(312) User=0.02s Sys=0.00s Real=0.00s
[2026-04-03T02:09:43.529+0600][57.985s][info][gc,start       ] GC(313) Pause Young (Concurrent Start) (G1 Humongous Allocation)
[2026-04-03T02:09:43.529+0600][57.985s][info][gc,task        ] GC(313) Using 10 workers of 10 for evacuation
[2026-04-03T02:09:43.532+0600][57.988s][info][gc,phases      ] GC(313)   Pre Evacuate Collection Set: 0.31ms
[2026-04-03T02:09:43.532+0600][57.988s][info][gc,phases      ] GC(313)   Merge Heap Roots: 0.16ms
[2026-04-03T02:09:43.532+0600][57.988s][info][gc,phases      ] GC(313)   Evacuate Collection Set: 1.54ms
[2026-04-03T02:09:43.532+0600][57.988s][info][gc,phases      ] GC(313)   Post Evacuate Collection Set: 0.55ms
[2026-04-03T02:09:43.532+0600][57.988s][info][gc,phases      ] GC(313)   Other: 0.13ms
[2026-04-03T02:09:43.532+0600][57.988s][info][gc,heap        ] GC(313) Eden regions: 1->0(295)
[2026-04-03T02:09:43.532+0600][57.988s][info][gc,heap        ] GC(313) Survivor regions: 5->5(38)
[2026-04-03T02:09:43.532+0600][57.988s][info][gc,heap        ] GC(313) Old regions: 110->110
[2026-04-03T02:09:43.532+0600][57.988s][info][gc,heap        ] GC(313) Humongous regions: 13->8
[2026-04-03T02:09:43.532+0600][57.988s][info][gc,metaspace   ] GC(313) Metaspace: 131490K(132928K)->131490K(132928K) NonClass: 114927K(115584K)->114927K(115584K) Class: 16563K(17344K)->16563K(17344K)
[2026-04-03T02:09:43.532+0600][57.988s][info][gc             ] GC(313) Pause Young (Concurrent Start) (G1 Humongous Allocation) 125M->119M(500M) 2.940ms
[2026-04-03T02:09:43.532+0600][57.988s][info][gc             ] GC(314) Concurrent Mark Cycle
[2026-04-03T02:09:43.532+0600][57.988s][info][gc,marking     ] GC(314) Concurrent Scan Root Regions
[2026-04-03T02:09:43.532+0600][57.988s][info][gc,cpu         ] GC(313) User=0.02s Sys=0.00s Real=0.01s
[2026-04-03T02:09:43.535+0600][57.991s][info][gc,marking     ] GC(314) Concurrent Scan Root Regions 2.573ms
[2026-04-03T02:09:43.535+0600][57.991s][info][gc,marking     ] GC(314) Concurrent Mark
[2026-04-03T02:09:43.535+0600][57.991s][info][gc,marking     ] GC(314) Concurrent Mark From Roots
[2026-04-03T02:09:43.535+0600][57.991s][info][gc,task        ] GC(314) Using 3 workers of 3 for marking
[2026-04-03T02:09:43.629+0600][58.085s][info][gc,start       ] GC(315) Pause Young (Normal) (G1 Humongous Allocation)
[2026-04-03T02:09:43.629+0600][58.085s][info][gc,task        ] GC(315) Using 10 workers of 10 for evacuation
[2026-04-03T02:09:43.633+0600][58.089s][info][gc,phases      ] GC(315)   Pre Evacuate Collection Set: 0.46ms
[2026-04-03T02:09:43.633+0600][58.089s][info][gc,phases      ] GC(315)   Merge Heap Roots: 0.13ms
[2026-04-03T02:09:43.633+0600][58.089s][info][gc,phases      ] GC(315)   Evacuate Collection Set: 2.31ms
[2026-04-03T02:09:43.633+0600][58.089s][info][gc,phases      ] GC(315)   Post Evacuate Collection Set: 0.85ms
[2026-04-03T02:09:43.633+0600][58.089s][info][gc,phases      ] GC(315)   Other: 0.10ms
[2026-04-03T02:09:43.633+0600][58.089s][info][gc,heap        ] GC(315) Eden regions: 54->0(293)
[2026-04-03T02:09:43.633+0600][58.089s][info][gc,heap        ] GC(315) Survivor regions: 5->7(16)
[2026-04-03T02:09:43.633+0600][58.089s][info][gc,heap        ] GC(315) Old regions: 110->110
[2026-04-03T02:09:43.633+0600][58.089s][info][gc,heap        ] GC(315) Humongous regions: 315->13
[2026-04-03T02:09:43.633+0600][58.089s][info][gc,metaspace   ] GC(315) Metaspace: 131494K(132928K)->131494K(132928K) NonClass: 114931K(115584K)->114931K(115584K) Class: 16563K(17344K)->16563K(17344K)
[2026-04-03T02:09:43.633+0600][58.089s][info][gc             ] GC(315) Pause Young (Normal) (G1 Humongous Allocation) 480M->126M(500M) 4.133ms
[2026-04-03T02:09:43.633+0600][58.089s][info][gc,cpu         ] GC(315) User=0.03s Sys=0.01s Real=0.01s
[2026-04-03T02:09:43.641+0600][58.097s][info][gc,marking     ] GC(314) Concurrent Mark From Roots 105.936ms
[2026-04-03T02:09:43.641+0600][58.097s][info][gc,marking     ] GC(314) Concurrent Preclean
[2026-04-03T02:09:43.642+0600][58.098s][info][gc,marking     ] GC(314) Concurrent Preclean 0.750ms
[2026-04-03T02:09:43.642+0600][58.098s][info][gc,start       ] GC(314) Pause Remark
[2026-04-03T02:09:43.651+0600][58.107s][info][gc             ] GC(314) Pause Remark 182M->182M(500M) 8.880ms
[2026-04-03T02:09:43.651+0600][58.107s][info][gc,cpu         ] GC(314) User=0.06s Sys=0.00s Real=0.01s
[2026-04-03T02:09:43.651+0600][58.107s][info][gc,marking     ] GC(314) Concurrent Mark 116.427ms
[2026-04-03T02:09:43.652+0600][58.107s][info][gc,marking     ] GC(314) Concurrent Rebuild Remembered Sets and Scrub Regions
[2026-04-03T02:09:43.691+0600][58.147s][info][gc,marking     ] GC(314) Concurrent Rebuild Remembered Sets and Scrub Regions 39.533ms
[2026-04-03T02:09:43.692+0600][58.147s][info][gc,start       ] GC(314) Pause Cleanup
[2026-04-03T02:09:43.692+0600][58.148s][info][gc             ] GC(314) Pause Cleanup 247M->247M(500M) 0.562ms
[2026-04-03T02:09:43.692+0600][58.148s][info][gc,cpu         ] GC(314) User=0.00s Sys=0.00s Real=0.00s
[2026-04-03T02:09:43.692+0600][58.148s][info][gc,marking     ] GC(314) Concurrent Clear Claimed Marks
[2026-04-03T02:09:43.693+0600][58.149s][info][gc,marking     ] GC(314) Concurrent Clear Claimed Marks 0.339ms
[2026-04-03T02:09:43.693+0600][58.149s][info][gc,marking     ] GC(314) Concurrent Cleanup for Next Mark
[2026-04-03T02:09:43.693+0600][58.149s][info][gc,marking     ] GC(314) Concurrent Cleanup for Next Mark 0.706ms
[2026-04-03T02:09:43.693+0600][58.149s][info][gc             ] GC(314) Concurrent Mark Cycle 161.251ms
[2026-04-03T02:09:44.039+0600][58.495s][info][gc,start       ] GC(316) Pause Young (Prepare Mixed) (G1 Evacuation Pause)
[2026-04-03T02:09:44.039+0600][58.495s][info][gc,task        ] GC(316) Using 10 workers of 10 for evacuation
[2026-04-03T02:09:44.043+0600][58.499s][info][gc,phases      ] GC(316)   Pre Evacuate Collection Set: 0.45ms
[2026-04-03T02:09:44.044+0600][58.499s][info][gc,phases      ] GC(316)   Merge Heap Roots: 0.26ms
[2026-04-03T02:09:44.044+0600][58.499s][info][gc,phases      ] GC(316)   Evacuate Collection Set: 1.40ms
[2026-04-03T02:09:44.044+0600][58.499s][info][gc,phases      ] GC(316)   Post Evacuate Collection Set: 2.50ms
[2026-04-03T02:09:44.044+0600][58.499s][info][gc,phases      ] GC(316)   Other: 0.13ms
[2026-04-03T02:09:44.044+0600][58.499s][info][gc,heap        ] GC(316) Eden regions: 225->0(189)
[2026-04-03T02:09:44.044+0600][58.499s][info][gc,heap        ] GC(316) Survivor regions: 7->0(0)
[2026-04-03T02:09:44.044+0600][58.499s][info][gc,heap        ] GC(316) Old regions: 110->274
[2026-04-03T02:09:44.044+0600][58.499s][info][gc,heap        ] GC(316) Humongous regions: 158->8
[2026-04-03T02:09:44.044+0600][58.500s][info][gc,metaspace   ] GC(316) Metaspace: 131530K(132992K)->131530K(132992K) NonClass: 114967K(115648K)->114967K(115648K) Class: 16563K(17344K)->16563K(17344K)
[2026-04-03T02:09:44.044+0600][58.500s][info][gc             ] GC(316) Pause Young (Prepare Mixed) (G1 Evacuation Pause) (Evacuation Failure) 496M->279M(500M) 5.038ms
[2026-04-03T02:09:44.044+0600][58.500s][info][gc,cpu         ] GC(316) User=0.04s Sys=0.00s Real=0.01s
[2026-04-03T02:09:44.218+0600][58.673s][info][gc,start       ] GC(317) Pause Young (Mixed) (G1 Evacuation Pause)
[2026-04-03T02:09:44.218+0600][58.674s][info][gc,task        ] GC(317) Using 10 workers of 10 for evacuation
[2026-04-03T02:09:44.222+0600][58.678s][info][gc,phases      ] GC(317)   Pre Evacuate Collection Set: 0.52ms
[2026-04-03T02:09:44.222+0600][58.678s][info][gc,phases      ] GC(317)   Merge Heap Roots: 0.19ms
[2026-04-03T02:09:44.222+0600][58.678s][info][gc,phases      ] GC(317)   Evacuate Collection Set: 1.61ms
[2026-04-03T02:09:44.222+0600][58.678s][info][gc,phases      ] GC(317)   Post Evacuate Collection Set: 1.64ms
[2026-04-03T02:09:44.222+0600][58.678s][info][gc,phases      ] GC(317)   Other: 0.11ms
[2026-04-03T02:09:44.222+0600][58.678s][info][gc,heap        ] GC(317) Eden regions: 129->0(123)
[2026-04-03T02:09:44.222+0600][58.678s][info][gc,heap        ] GC(317) Survivor regions: 0->0(0)
[2026-04-03T02:09:44.222+0600][58.678s][info][gc,heap        ] GC(317) Old regions: 274->344
[2026-04-03T02:09:44.222+0600][58.678s][info][gc,heap        ] GC(317) Humongous regions: 97->8
[2026-04-03T02:09:44.222+0600][58.678s][info][gc,metaspace   ] GC(317) Metaspace: 131530K(132992K)->131530K(132992K) NonClass: 114967K(115648K)->114967K(115648K) Class: 16563K(17344K)->16563K(17344K)
[2026-04-03T02:09:44.222+0600][58.678s][info][gc             ] GC(317) Pause Young (Mixed) (G1 Evacuation Pause) (Evacuation Failure) 497M->349M(500M) 4.376ms
[2026-04-03T02:09:44.222+0600][58.678s][info][gc,cpu         ] GC(317) User=0.04s Sys=0.00s Real=0.01s
[2026-04-03T02:09:44.237+0600][58.693s][info][gc,start       ] GC(318) Pause Young (Concurrent Start) (GCLocker Initiated GC)
[2026-04-03T02:09:44.237+0600][58.693s][info][gc,task        ] GC(318) Using 10 workers of 10 for evacuation
[2026-04-03T02:09:44.241+0600][58.697s][info][gc,phases      ] GC(318)   Pre Evacuate Collection Set: 0.58ms
[2026-04-03T02:09:44.241+0600][58.697s][info][gc,phases      ] GC(318)   Merge Heap Roots: 0.13ms
[2026-04-03T02:09:44.241+0600][58.697s][info][gc,phases      ] GC(318)   Evacuate Collection Set: 1.74ms
[2026-04-03T02:09:44.241+0600][58.697s][info][gc,phases      ] GC(318)   Post Evacuate Collection Set: 0.56ms
[2026-04-03T02:09:44.241+0600][58.697s][info][gc,phases      ] GC(318)   Other: 0.25ms
[2026-04-03T02:09:44.241+0600][58.697s][info][gc,heap        ] GC(318) Eden regions: 13->0(114)
[2026-04-03T02:09:44.241+0600][58.697s][info][gc,heap        ] GC(318) Survivor regions: 0->2(16)
[2026-04-03T02:09:44.241+0600][58.697s][info][gc,heap        ] GC(318) Old regions: 344->344
[2026-04-03T02:09:44.241+0600][58.697s][info][gc,heap        ] GC(318) Humongous regions: 8->8
[2026-04-03T02:09:44.241+0600][58.697s][info][gc,metaspace   ] GC(318) Metaspace: 131530K(132992K)->131530K(132992K) NonClass: 114967K(115648K)->114967K(115648K) Class: 16563K(17344K)->16563K(17344K)
[2026-04-03T02:09:44.241+0600][58.697s][info][gc             ] GC(318) Pause Young (Concurrent Start) (GCLocker Initiated GC) 362M->350M(500M) 3.642ms
[2026-04-03T02:09:44.241+0600][58.697s][info][gc,cpu         ] GC(318) User=0.02s Sys=0.00s Real=0.01s
[2026-04-03T02:09:44.241+0600][58.697s][info][gc             ] GC(319) Concurrent Mark Cycle
[2026-04-03T02:09:44.241+0600][58.697s][info][gc,marking     ] GC(319) Concurrent Scan Root Regions
[2026-04-03T02:09:44.244+0600][58.700s][info][gc,marking     ] GC(319) Concurrent Scan Root Regions 2.742ms
[2026-04-03T02:09:44.244+0600][58.700s][info][gc,marking     ] GC(319) Concurrent Mark
[2026-04-03T02:09:44.244+0600][58.700s][info][gc,marking     ] GC(319) Concurrent Mark From Roots
[2026-04-03T02:09:44.244+0600][58.700s][info][gc,task        ] GC(319) Using 3 workers of 3 for marking
[2026-04-03T02:09:44.360+0600][58.816s][info][gc,marking     ] GC(319) Concurrent Mark From Roots 116.353ms
[2026-04-03T02:09:44.360+0600][58.816s][info][gc,marking     ] GC(319) Concurrent Preclean
[2026-04-03T02:09:44.361+0600][58.817s][info][gc,marking     ] GC(319) Concurrent Preclean 0.787ms
[2026-04-03T02:09:44.362+0600][58.817s][info][gc,start       ] GC(319) Pause Remark
[2026-04-03T02:09:44.371+0600][58.827s][info][gc             ] GC(319) Pause Remark 493M->490M(500M) 9.220ms
[2026-04-03T02:09:44.371+0600][58.827s][info][gc,cpu         ] GC(319) User=0.06s Sys=0.00s Real=0.01s
[2026-04-03T02:09:44.371+0600][58.827s][info][gc,marking     ] GC(319) Concurrent Mark 127.198ms
[2026-04-03T02:09:44.371+0600][58.827s][info][gc,marking     ] GC(319) Concurrent Rebuild Remembered Sets and Scrub Regions
[2026-04-03T02:09:44.378+0600][58.834s][info][gc,start       ] GC(320) Pause Young (Normal) (GCLocker Initiated GC)
[2026-04-03T02:09:44.378+0600][58.834s][info][gc,task        ] GC(320) Using 10 workers of 10 for evacuation
[2026-04-03T02:09:44.384+0600][58.839s][info][gc,phases      ] GC(320)   Pre Evacuate Collection Set: 0.34ms
[2026-04-03T02:09:44.384+0600][58.839s][info][gc,phases      ] GC(320)   Merge Heap Roots: 0.24ms
[2026-04-03T02:09:44.384+0600][58.839s][info][gc,phases      ] GC(320)   Evacuate Collection Set: 2.98ms
[2026-04-03T02:09:44.384+0600][58.839s][info][gc,phases      ] GC(320)   Post Evacuate Collection Set: 1.57ms
[2026-04-03T02:09:44.384+0600][58.839s][info][gc,phases      ] GC(320)   Other: 0.11ms
[2026-04-03T02:09:44.384+0600][58.840s][info][gc,heap        ] GC(320) Eden regions: 86->0(71)
[2026-04-03T02:09:44.384+0600][58.840s][info][gc,heap        ] GC(320) Survivor regions: 2->0(0)
[2026-04-03T02:09:44.384+0600][58.840s][info][gc,heap        ] GC(320) Old regions: 341->396
[2026-04-03T02:09:44.384+0600][58.840s][info][gc,heap        ] GC(320) Humongous regions: 71->8
[2026-04-03T02:09:44.384+0600][58.840s][info][gc,metaspace   ] GC(320) Metaspace: 131532K(132992K)->131532K(132992K) NonClass: 114968K(115648K)->114968K(115648K) Class: 16563K(17344K)->16563K(17344K)
[2026-04-03T02:09:44.384+0600][58.840s][info][gc             ] GC(320) Pause Young (Normal) (GCLocker Initiated GC) (Evacuation Failure) 495M->399M(500M) 5.566ms
[2026-04-03T02:09:44.384+0600][58.840s][info][gc,cpu         ] GC(320) User=0.05s Sys=0.00s Real=0.01s
[2026-04-03T02:09:44.426+0600][58.882s][info][gc,marking     ] GC(319) Concurrent Rebuild Remembered Sets and Scrub Regions 54.421ms
[2026-04-03T02:09:44.426+0600][58.882s][info][gc,start       ] GC(319) Pause Cleanup
[2026-04-03T02:09:44.427+0600][58.883s][info][gc             ] GC(319) Pause Cleanup 439M->439M(500M) 0.790ms
[2026-04-03T02:09:44.427+0600][58.883s][info][gc,cpu         ] GC(319) User=0.00s Sys=0.00s Real=0.00s
[2026-04-03T02:09:44.428+0600][58.884s][info][gc,marking     ] GC(319) Concurrent Clear Claimed Marks
[2026-04-03T02:09:44.428+0600][58.884s][info][gc,marking     ] GC(319) Concurrent Clear Claimed Marks 0.368ms
[2026-04-03T02:09:44.428+0600][58.884s][info][gc,marking     ] GC(319) Concurrent Cleanup for Next Mark
[2026-04-03T02:09:44.430+0600][58.886s][info][gc,marking     ] GC(319) Concurrent Cleanup for Next Mark 1.807ms
[2026-04-03T02:09:44.430+0600][58.886s][info][gc             ] GC(319) Concurrent Mark Cycle 188.974ms
[2026-04-03T02:09:44.461+0600][58.917s][info][gc,start       ] GC(321) Pause Young (Prepare Mixed) (GCLocker Initiated GC)
[2026-04-03T02:09:44.461+0600][58.917s][info][gc,task        ] GC(321) Using 10 workers of 10 for evacuation
[2026-04-03T02:09:44.466+0600][58.922s][info][gc,phases      ] GC(321)   Pre Evacuate Collection Set: 0.44ms
[2026-04-03T02:09:44.466+0600][58.922s][info][gc,phases      ] GC(321)   Merge Heap Roots: 0.26ms
[2026-04-03T02:09:44.466+0600][58.922s][info][gc,phases      ] GC(321)   Evacuate Collection Set: 2.62ms
[2026-04-03T02:09:44.466+0600][58.922s][info][gc,phases      ] GC(321)   Post Evacuate Collection Set: 1.35ms
[2026-04-03T02:09:44.466+0600][58.922s][info][gc,phases      ] GC(321)   Other: 0.10ms
[2026-04-03T02:09:44.466+0600][58.922s][info][gc,heap        ] GC(321) Eden regions: 52->0(27)
[2026-04-03T02:09:44.466+0600][58.922s][info][gc,heap        ] GC(321) Survivor regions: 0->0(0)
[2026-04-03T02:09:44.466+0600][58.922s][info][gc,heap        ] GC(321) Old regions: 396->438
[2026-04-03T02:09:44.466+0600][58.922s][info][gc,heap        ] GC(321) Humongous regions: 52->10
[2026-04-03T02:09:44.466+0600][58.922s][info][gc,metaspace   ] GC(321) Metaspace: 131532K(132992K)->131532K(132992K) NonClass: 114968K(115648K)->114968K(115648K) Class: 16563K(17344K)->16563K(17344K)
[2026-04-03T02:09:44.466+0600][58.922s][info][gc             ] GC(321) Pause Young (Prepare Mixed) (GCLocker Initiated GC) (Evacuation Failure) 495M->443M(500M) 5.089ms
[2026-04-03T02:09:44.466+0600][58.922s][info][gc,cpu         ] GC(321) User=0.05s Sys=0.00s Real=0.00s
[2026-04-03T02:09:44.501+0600][58.957s][info][gc,start       ] GC(322) Pause Young (Mixed) (G1 Evacuation Pause)
[2026-04-03T02:09:44.501+0600][58.957s][info][gc,task        ] GC(322) Using 10 workers of 10 for evacuation
[2026-04-03T02:09:44.505+0600][58.960s][info][gc,phases      ] GC(322)   Pre Evacuate Collection Set: 0.45ms
[2026-04-03T02:09:44.505+0600][58.960s][info][gc,phases      ] GC(322)   Merge Heap Roots: 0.18ms
[2026-04-03T02:09:44.505+0600][58.960s][info][gc,phases      ] GC(322)   Evacuate Collection Set: 2.18ms
[2026-04-03T02:09:44.505+0600][58.961s][info][gc,phases      ] GC(322)   Post Evacuate Collection Set: 0.65ms
[2026-04-03T02:09:44.505+0600][58.961s][info][gc,phases      ] GC(322)   Other: 0.09ms
[2026-04-03T02:09:44.505+0600][58.961s][info][gc,heap        ] GC(322) Eden regions: 27->0(68)
[2026-04-03T02:09:44.505+0600][58.961s][info][gc,heap        ] GC(322) Survivor regions: 0->1(2)
[2026-04-03T02:09:44.505+0600][58.961s][info][gc,heap        ] GC(322) Old regions: 438->394
[2026-04-03T02:09:44.505+0600][58.961s][info][gc,heap        ] GC(322) Humongous regions: 33->12
[2026-04-03T02:09:44.505+0600][58.961s][info][gc,metaspace   ] GC(322) Metaspace: 131532K(132992K)->131532K(132992K) NonClass: 114968K(115648K)->114968K(115648K) Class: 16563K(17344K)->16563K(17344K)
[2026-04-03T02:09:44.505+0600][58.961s][info][gc             ] GC(322) Pause Young (Mixed) (G1 Evacuation Pause) (Evacuation Failure) 493M->402M(500M) 3.850ms
[2026-04-03T02:09:44.505+0600][58.961s][info][gc,cpu         ] GC(322) User=0.03s Sys=0.00s Real=0.00s
[2026-04-03T02:09:44.572+0600][59.028s][info][gc,start       ] GC(323) Pause Young (Mixed) (GCLocker Initiated GC)
[2026-04-03T02:09:44.573+0600][59.028s][info][gc,task        ] GC(323) Using 10 workers of 10 for evacuation
[2026-04-03T02:09:44.578+0600][59.034s][info][gc,phases      ] GC(323)   Pre Evacuate Collection Set: 0.67ms
[2026-04-03T02:09:44.578+0600][59.034s][info][gc,phases      ] GC(323)   Merge Heap Roots: 0.24ms
[2026-04-03T02:09:44.578+0600][59.034s][info][gc,phases      ] GC(323)   Evacuate Collection Set: 2.38ms
[2026-04-03T02:09:44.578+0600][59.034s][info][gc,phases      ] GC(323)   Post Evacuate Collection Set: 1.91ms
[2026-04-03T02:09:44.578+0600][59.034s][info][gc,phases      ] GC(323)   Other: 0.11ms
[2026-04-03T02:09:44.578+0600][59.034s][info][gc,heap        ] GC(323) Eden regions: 53->0(32)
[2026-04-03T02:09:44.578+0600][59.034s][info][gc,heap        ] GC(323) Survivor regions: 1->0(0)
[2026-04-03T02:09:44.578+0600][59.034s][info][gc,heap        ] GC(323) Old regions: 394->431
[2026-04-03T02:09:44.578+0600][59.034s][info][gc,heap        ] GC(323) Humongous regions: 52->12
[2026-04-03T02:09:44.578+0600][59.034s][info][gc,metaspace   ] GC(323) Metaspace: 131532K(132992K)->131532K(132992K) NonClass: 114968K(115648K)->114968K(115648K) Class: 16563K(17344K)->16563K(17344K)
[2026-04-03T02:09:44.578+0600][59.034s][info][gc             ] GC(323) Pause Young (Mixed) (GCLocker Initiated GC) (Evacuation Failure) 495M->438M(500M) 5.589ms
[2026-04-03T02:09:44.578+0600][59.034s][info][gc,cpu         ] GC(323) User=0.02s Sys=0.01s Real=0.00s
[2026-04-03T02:09:44.611+0600][59.067s][info][gc,start       ] GC(324) Pause Young (Mixed) (GCLocker Initiated GC)
[2026-04-03T02:09:44.612+0600][59.067s][info][gc,task        ] GC(324) Using 10 workers of 10 for evacuation
[2026-04-03T02:09:44.616+0600][59.071s][info][gc,phases      ] GC(324)   Pre Evacuate Collection Set: 0.67ms
[2026-04-03T02:09:44.616+0600][59.071s][info][gc,phases      ] GC(324)   Merge Heap Roots: 0.20ms
[2026-04-03T02:09:44.616+0600][59.071s][info][gc,phases      ] GC(324)   Evacuate Collection Set: 2.16ms
[2026-04-03T02:09:44.616+0600][59.071s][info][gc,phases      ] GC(324)   Post Evacuate Collection Set: 0.89ms
[2026-04-03T02:09:44.616+0600][59.071s][info][gc,phases      ] GC(324)   Other: 0.10ms
[2026-04-03T02:09:44.616+0600][59.072s][info][gc,heap        ] GC(324) Eden regions: 32->0(61)
[2026-04-03T02:09:44.616+0600][59.072s][info][gc,heap        ] GC(324) Survivor regions: 0->1(2)
[2026-04-03T02:09:44.616+0600][59.072s][info][gc,heap        ] GC(324) Old regions: 431->401
[2026-04-03T02:09:44.616+0600][59.072s][info][gc,heap        ] GC(324) Humongous regions: 35->12
[2026-04-03T02:09:44.616+0600][59.072s][info][gc,metaspace   ] GC(324) Metaspace: 131532K(132992K)->131532K(132992K) NonClass: 114968K(115648K)->114968K(115648K) Class: 16563K(17344K)->16563K(17344K)
[2026-04-03T02:09:44.616+0600][59.072s][info][gc             ] GC(324) Pause Young (Mixed) (GCLocker Initiated GC) (Evacuation Failure) 493M->409M(500M) 4.300ms
[2026-04-03T02:09:44.616+0600][59.072s][info][gc,cpu         ] GC(324) User=0.03s Sys=0.00s Real=0.00s
[2026-04-03T02:09:44.659+0600][59.115s][info][gc,start       ] GC(325) Pause Young (Mixed) (G1 Humongous Allocation)
[2026-04-03T02:09:44.659+0600][59.115s][info][gc,task        ] GC(325) Using 10 workers of 10 for evacuation
[2026-04-03T02:09:44.662+0600][59.117s][info][gc,phases      ] GC(325)   Pre Evacuate Collection Set: 0.33ms
[2026-04-03T02:09:44.662+0600][59.117s][info][gc,phases      ] GC(325)   Merge Heap Roots: 0.15ms
[2026-04-03T02:09:44.662+0600][59.117s][info][gc,phases      ] GC(325)   Evacuate Collection Set: 1.15ms
[2026-04-03T02:09:44.662+0600][59.117s][info][gc,phases      ] GC(325)   Post Evacuate Collection Set: 0.37ms
[2026-04-03T02:09:44.662+0600][59.117s][info][gc,phases      ] GC(325)   Other: 0.09ms
[2026-04-03T02:09:44.662+0600][59.117s][info][gc,heap        ] GC(325) Eden regions: 30->0(110)
[2026-04-03T02:09:44.662+0600][59.118s][info][gc,heap        ] GC(325) Survivor regions: 1->1(8)
[2026-04-03T02:09:44.662+0600][59.118s][info][gc,heap        ] GC(325) Old regions: 401->352
[2026-04-03T02:09:44.662+0600][59.118s][info][gc,heap        ] GC(325) Humongous regions: 45->12
[2026-04-03T02:09:44.662+0600][59.118s][info][gc,metaspace   ] GC(325) Metaspace: 131532K(132992K)->131532K(132992K) NonClass: 114968K(115648K)->114968K(115648K) Class: 16563K(17344K)->16563K(17344K)
[2026-04-03T02:09:44.662+0600][59.118s][info][gc             ] GC(325) Pause Young (Mixed) (G1 Humongous Allocation) 472M->360M(500M) 2.344ms
[2026-04-03T02:09:44.662+0600][59.118s][info][gc,cpu         ] GC(325) User=0.02s Sys=0.00s Real=0.01s
[2026-04-03T02:09:44.696+0600][59.152s][info][gc,start       ] GC(326) Pause Young (Mixed) (G1 Humongous Allocation)
[2026-04-03T02:09:44.696+0600][59.152s][info][gc,task        ] GC(326) Using 10 workers of 10 for evacuation
[2026-04-03T02:09:44.699+0600][59.155s][info][gc,phases      ] GC(326)   Pre Evacuate Collection Set: 0.39ms
[2026-04-03T02:09:44.699+0600][59.155s][info][gc,phases      ] GC(326)   Merge Heap Roots: 0.14ms
[2026-04-03T02:09:44.699+0600][59.155s][info][gc,phases      ] GC(326)   Evacuate Collection Set: 1.67ms
[2026-04-03T02:09:44.699+0600][59.155s][info][gc,phases      ] GC(326)   Post Evacuate Collection Set: 0.43ms
[2026-04-03T02:09:44.699+0600][59.155s][info][gc,phases      ] GC(326)   Other: 0.09ms
[2026-04-03T02:09:44.699+0600][59.155s][info][gc,heap        ] GC(326) Eden regions: 33->0(139)
[2026-04-03T02:09:44.699+0600][59.155s][info][gc,heap        ] GC(326) Survivor regions: 1->2(14)
[2026-04-03T02:09:44.699+0600][59.155s][info][gc,heap        ] GC(326) Old regions: 352->322
[2026-04-03T02:09:44.699+0600][59.155s][info][gc,heap        ] GC(326) Humongous regions: 33->12
[2026-04-03T02:09:44.699+0600][59.155s][info][gc,metaspace   ] GC(326) Metaspace: 131532K(132992K)->131532K(132992K) NonClass: 114968K(115648K)->114968K(115648K) Class: 16563K(17344K)->16563K(17344K)
[2026-04-03T02:09:44.699+0600][59.155s][info][gc             ] GC(326) Pause Young (Mixed) (G1 Humongous Allocation) 413M->330M(500M) 2.973ms
[2026-04-03T02:09:44.699+0600][59.155s][info][gc,cpu         ] GC(326) User=0.02s Sys=0.00s Real=0.00s
[2026-04-03T02:09:44.719+0600][59.174s][info][gc,start       ] GC(327) Pause Young (Concurrent Start) (GCLocker Initiated GC)
[2026-04-03T02:09:44.719+0600][59.174s][info][gc,task        ] GC(327) Using 10 workers of 10 for evacuation
[2026-04-03T02:09:44.722+0600][59.178s][info][gc,phases      ] GC(327)   Pre Evacuate Collection Set: 0.48ms
[2026-04-03T02:09:44.722+0600][59.178s][info][gc,phases      ] GC(327)   Merge Heap Roots: 0.13ms
[2026-04-03T02:09:44.722+0600][59.178s][info][gc,phases      ] GC(327)   Evacuate Collection Set: 2.32ms
[2026-04-03T02:09:44.722+0600][59.178s][info][gc,phases      ] GC(327)   Post Evacuate Collection Set: 0.51ms
[2026-04-03T02:09:44.722+0600][59.178s][info][gc,phases      ] GC(327)   Other: 0.15ms
[2026-04-03T02:09:44.722+0600][59.178s][info][gc,heap        ] GC(327) Eden regions: 18->0(123)
[2026-04-03T02:09:44.722+0600][59.178s][info][gc,heap        ] GC(327) Survivor regions: 2->4(18)
[2026-04-03T02:09:44.722+0600][59.178s][info][gc,heap        ] GC(327) Old regions: 322->322
[2026-04-03T02:09:44.722+0600][59.178s][info][gc,heap        ] GC(327) Humongous regions: 17->12
[2026-04-03T02:09:44.722+0600][59.178s][info][gc,metaspace   ] GC(327) Metaspace: 131532K(132992K)->131532K(132992K) NonClass: 114968K(115648K)->114968K(115648K) Class: 16563K(17344K)->16563K(17344K)
[2026-04-03T02:09:44.722+0600][59.178s][info][gc             ] GC(327) Pause Young (Concurrent Start) (GCLocker Initiated GC) 352M->332M(500M) 3.857ms
[2026-04-03T02:09:44.722+0600][59.178s][info][gc             ] GC(328) Concurrent Mark Cycle
[2026-04-03T02:09:44.722+0600][59.178s][info][gc,cpu         ] GC(327) User=0.03s Sys=0.00s Real=0.01s
[2026-04-03T02:09:44.722+0600][59.178s][info][gc,marking     ] GC(328) Concurrent Scan Root Regions
[2026-04-03T02:09:44.725+0600][59.181s][info][gc,marking     ] GC(328) Concurrent Scan Root Regions 2.906ms
[2026-04-03T02:09:44.726+0600][59.181s][info][gc,marking     ] GC(328) Concurrent Mark
[2026-04-03T02:09:44.726+0600][59.181s][info][gc,marking     ] GC(328) Concurrent Mark From Roots
[2026-04-03T02:09:44.726+0600][59.181s][info][gc,task        ] GC(328) Using 3 workers of 3 for marking
[2026-04-03T02:09:44.820+0600][59.276s][info][gc,start       ] GC(329) Pause Young (Normal) (G1 Humongous Allocation)
[2026-04-03T02:09:44.820+0600][59.276s][info][gc,task        ] GC(329) Using 10 workers of 10 for evacuation
[2026-04-03T02:09:44.823+0600][59.279s][info][gc,phases      ] GC(329)   Pre Evacuate Collection Set: 0.34ms
[2026-04-03T02:09:44.824+0600][59.279s][info][gc,phases      ] GC(329)   Merge Heap Roots: 0.19ms
[2026-04-03T02:09:44.824+0600][59.279s][info][gc,phases      ] GC(329)   Evacuate Collection Set: 1.97ms
[2026-04-03T02:09:44.824+0600][59.279s][info][gc,phases      ] GC(329)   Post Evacuate Collection Set: 0.50ms
[2026-04-03T02:09:44.824+0600][59.279s][info][gc,phases      ] GC(329)   Other: 0.09ms
[2026-04-03T02:09:44.824+0600][59.279s][info][gc,heap        ] GC(329) Eden regions: 65->0(126)
[2026-04-03T02:09:44.824+0600][59.279s][info][gc,heap        ] GC(329) Survivor regions: 4->2(16)
[2026-04-03T02:09:44.824+0600][59.279s][info][gc,heap        ] GC(329) Old regions: 322->322
[2026-04-03T02:09:44.824+0600][59.280s][info][gc,heap        ] GC(329) Humongous regions: 66->12
[2026-04-03T02:09:44.824+0600][59.280s][info][gc,metaspace   ] GC(329) Metaspace: 131532K(132992K)->131532K(132992K) NonClass: 114968K(115648K)->114968K(115648K) Class: 16563K(17344K)->16563K(17344K)
[2026-04-03T02:09:44.824+0600][59.280s][info][gc             ] GC(329) Pause Young (Normal) (G1 Humongous Allocation) 451M->331M(500M) 3.419ms
[2026-04-03T02:09:44.824+0600][59.280s][info][gc,cpu         ] GC(329) User=0.02s Sys=0.00s Real=0.00s
[2026-04-03T02:09:44.856+0600][59.312s][info][gc,marking     ] GC(328) Concurrent Mark From Roots 130.348ms
[2026-04-03T02:09:44.856+0600][59.312s][info][gc,marking     ] GC(328) Concurrent Preclean
[2026-04-03T02:09:44.857+0600][59.312s][info][gc,marking     ] GC(328) Concurrent Preclean 0.622ms
[2026-04-03T02:09:44.857+0600][59.313s][info][gc,start       ] GC(328) Pause Remark
[2026-04-03T02:09:44.866+0600][59.322s][info][gc             ] GC(328) Pause Remark 366M->292M(500M) 9.492ms
[2026-04-03T02:09:44.867+0600][59.322s][info][gc,cpu         ] GC(328) User=0.06s Sys=0.00s Real=0.01s
[2026-04-03T02:09:44.867+0600][59.323s][info][gc,marking     ] GC(328) Concurrent Mark 141.334ms
[2026-04-03T02:09:44.867+0600][59.323s][info][gc,marking     ] GC(328) Concurrent Rebuild Remembered Sets and Scrub Regions
[2026-04-03T02:09:44.909+0600][59.365s][info][gc,marking     ] GC(328) Concurrent Rebuild Remembered Sets and Scrub Regions 41.981ms
[2026-04-03T02:09:44.909+0600][59.365s][info][gc,start       ] GC(328) Pause Cleanup
[2026-04-03T02:09:44.910+0600][59.366s][info][gc             ] GC(328) Pause Cleanup 340M->340M(500M) 0.521ms
[2026-04-03T02:09:44.910+0600][59.366s][info][gc,cpu         ] GC(328) User=0.00s Sys=0.00s Real=0.01s
[2026-04-03T02:09:44.910+0600][59.366s][info][gc,marking     ] GC(328) Concurrent Clear Claimed Marks
[2026-04-03T02:09:44.911+0600][59.367s][info][gc,marking     ] GC(328) Concurrent Clear Claimed Marks 0.403ms
[2026-04-03T02:09:44.911+0600][59.367s][info][gc,marking     ] GC(328) Concurrent Cleanup for Next Mark
[2026-04-03T02:09:44.912+0600][59.368s][info][gc,marking     ] GC(328) Concurrent Cleanup for Next Mark 0.953ms
[2026-04-03T02:09:44.912+0600][59.368s][info][gc             ] GC(328) Concurrent Mark Cycle 189.339ms
[2026-04-03T02:09:44.982+0600][59.438s][info][gc,start       ] GC(330) Pause Young (Prepare Mixed) (G1 Humongous Allocation)
[2026-04-03T02:09:44.983+0600][59.438s][info][gc,task        ] GC(330) Using 10 workers of 10 for evacuation
[2026-04-03T02:09:44.984+0600][59.440s][info][gc,phases      ] GC(330)   Pre Evacuate Collection Set: 0.28ms
[2026-04-03T02:09:44.984+0600][59.440s][info][gc,phases      ] GC(330)   Merge Heap Roots: 0.16ms
[2026-04-03T02:09:44.984+0600][59.440s][info][gc,phases      ] GC(330)   Evacuate Collection Set: 0.93ms
[2026-04-03T02:09:44.984+0600][59.440s][info][gc,phases      ] GC(330)   Post Evacuate Collection Set: 0.41ms
[2026-04-03T02:09:44.984+0600][59.440s][info][gc,phases      ] GC(330)   Other: 0.09ms
[2026-04-03T02:09:44.984+0600][59.440s][info][gc,heap        ] GC(330) Eden regions: 71->0(190)
[2026-04-03T02:09:44.984+0600][59.440s][info][gc,heap        ] GC(330) Survivor regions: 2->2(16)
[2026-04-03T02:09:44.984+0600][59.440s][info][gc,heap        ] GC(330) Old regions: 251->251
[2026-04-03T02:09:44.985+0600][59.440s][info][gc,heap        ] GC(330) Humongous regions: 80->8
[2026-04-03T02:09:44.985+0600][59.440s][info][gc,metaspace   ] GC(330) Metaspace: 131541K(132992K)->131541K(132992K) NonClass: 114977K(115648K)->114977K(115648K) Class: 16563K(17344K)->16563K(17344K)
[2026-04-03T02:09:44.985+0600][59.440s][info][gc             ] GC(330) Pause Young (Prepare Mixed) (G1 Humongous Allocation) 399M->256M(500M) 2.073ms
[2026-04-03T02:09:44.985+0600][59.440s][info][gc,cpu         ] GC(330) User=0.01s Sys=0.00s Real=0.00s
[2026-04-03T02:09:45.301+0600][59.757s][info][gc,start       ] GC(331) Pause Young (Mixed) (GCLocker Initiated GC)
[2026-04-03T02:09:45.301+0600][59.757s][info][gc,task        ] GC(331) Using 10 workers of 10 for evacuation
[2026-04-03T02:09:45.306+0600][59.762s][info][gc,phases      ] GC(331)   Pre Evacuate Collection Set: 0.67ms
[2026-04-03T02:09:45.306+0600][59.762s][info][gc,phases      ] GC(331)   Merge Heap Roots: 0.26ms
[2026-04-03T02:09:45.306+0600][59.762s][info][gc,phases      ] GC(331)   Evacuate Collection Set: 2.62ms
[2026-04-03T02:09:45.306+0600][59.762s][info][gc,phases      ] GC(331)   Post Evacuate Collection Set: 0.76ms
[2026-04-03T02:09:45.306+0600][59.762s][info][gc,phases      ] GC(331)   Other: 0.15ms
[2026-04-03T02:09:45.306+0600][59.762s][info][gc,heap        ] GC(331) Eden regions: 191->0(232)
[2026-04-03T02:09:45.306+0600][59.762s][info][gc,heap        ] GC(331) Survivor regions: 2->5(17)
[2026-04-03T02:09:45.306+0600][59.762s][info][gc,heap        ] GC(331) Old regions: 251->201
[2026-04-03T02:09:45.306+0600][59.762s][info][gc,heap        ] GC(331) Humongous regions: 39->8
[2026-04-03T02:09:45.306+0600][59.762s][info][gc,metaspace   ] GC(331) Metaspace: 131550K(132992K)->131550K(132992K) NonClass: 114986K(115648K)->114986K(115648K) Class: 16563K(17344K)->16563K(17344K)
[2026-04-03T02:09:45.306+0600][59.762s][info][gc             ] GC(331) Pause Young (Mixed) (GCLocker Initiated GC) 478M->210M(500M) 4.776ms
[2026-04-03T02:09:45.306+0600][59.762s][info][gc,cpu         ] GC(331) User=0.03s Sys=0.01s Real=0.00s
[2026-04-03T02:09:45.497+0600][59.953s][info][gc,start       ] GC(332) Pause Young (Mixed) (G1 Humongous Allocation)
[2026-04-03T02:09:45.497+0600][59.953s][info][gc,task        ] GC(332) Using 10 workers of 10 for evacuation
[2026-04-03T02:09:45.499+0600][59.955s][info][gc,phases      ] GC(332)   Pre Evacuate Collection Set: 0.31ms
[2026-04-03T02:09:45.499+0600][59.955s][info][gc,phases      ] GC(332)   Merge Heap Roots: 0.15ms
[2026-04-03T02:09:45.499+0600][59.955s][info][gc,phases      ] GC(332)   Evacuate Collection Set: 1.34ms
[2026-04-03T02:09:45.499+0600][59.955s][info][gc,phases      ] GC(332)   Post Evacuate Collection Set: 0.58ms
[2026-04-03T02:09:45.499+0600][59.955s][info][gc,phases      ] GC(332)   Other: 0.10ms
[2026-04-03T02:09:45.499+0600][59.955s][info][gc,heap        ] GC(332) Eden regions: 135->0(276)
[2026-04-03T02:09:45.499+0600][59.955s][info][gc,heap        ] GC(332) Survivor regions: 5->3(30)
[2026-04-03T02:09:45.499+0600][59.955s][info][gc,heap        ] GC(332) Old regions: 201->151
[2026-04-03T02:09:45.499+0600][59.955s][info][gc,heap        ] GC(332) Humongous regions: 129->8
[2026-04-03T02:09:45.499+0600][59.955s][info][gc,metaspace   ] GC(332) Metaspace: 131550K(132992K)->131550K(132992K) NonClass: 114986K(115648K)->114986K(115648K) Class: 16563K(17344K)->16563K(17344K)
[2026-04-03T02:09:45.499+0600][59.955s][info][gc             ] GC(332) Pause Young (Mixed) (G1 Humongous Allocation) 466M->158M(500M) 2.717ms
[2026-04-03T02:09:45.499+0600][59.955s][info][gc,cpu         ] GC(332) User=0.02s Sys=0.00s Real=0.00s
[2026-04-03T02:09:45.705+0600][60.161s][info][gc,start       ] GC(333) Pause Young (Mixed) (G1 Humongous Allocation)
[2026-04-03T02:09:45.705+0600][60.161s][info][gc,task        ] GC(333) Using 10 workers of 10 for evacuation
[2026-04-03T02:09:45.709+0600][60.165s][info][gc,phases      ] GC(333)   Pre Evacuate Collection Set: 0.37ms
[2026-04-03T02:09:45.709+0600][60.165s][info][gc,phases      ] GC(333)   Merge Heap Roots: 0.19ms
[2026-04-03T02:09:45.709+0600][60.165s][info][gc,phases      ] GC(333)   Evacuate Collection Set: 2.48ms
[2026-04-03T02:09:45.709+0600][60.165s][info][gc,phases      ] GC(333)   Post Evacuate Collection Set: 0.79ms
[2026-04-03T02:09:45.709+0600][60.165s][info][gc,phases      ] GC(333)   Other: 0.16ms
[2026-04-03T02:09:45.709+0600][60.165s][info][gc,heap        ] GC(333) Eden regions: 190->0(296)
[2026-04-03T02:09:45.709+0600][60.165s][info][gc,heap        ] GC(333) Survivor regions: 3->4(11)
[2026-04-03T02:09:45.709+0600][60.165s][info][gc,heap        ] GC(333) Old regions: 151->110
[2026-04-03T02:09:45.709+0600][60.165s][info][gc,heap        ] GC(333) Humongous regions: 145->8
[2026-04-03T02:09:45.709+0600][60.165s][info][gc,metaspace   ] GC(333) Metaspace: 131550K(132992K)->131550K(132992K) NonClass: 114986K(115648K)->114986K(115648K) Class: 16563K(17344K)->16563K(17344K)
[2026-04-03T02:09:45.709+0600][60.165s][info][gc             ] GC(333) Pause Young (Mixed) (G1 Humongous Allocation) 484M->118M(500M) 4.251ms
[2026-04-03T02:09:45.709+0600][60.165s][info][gc,cpu         ] GC(333) User=0.03s Sys=0.01s Real=0.00s
[2026-04-03T02:09:45.710+0600][60.166s][info][gc,start       ] GC(334) Pause Young (Concurrent Start) (G1 Humongous Allocation)
[2026-04-03T02:09:45.710+0600][60.166s][info][gc,task        ] GC(334) Using 10 workers of 10 for evacuation
[2026-04-03T02:09:45.713+0600][60.169s][info][gc,phases      ] GC(334)   Pre Evacuate Collection Set: 0.28ms
[2026-04-03T02:09:45.713+0600][60.169s][info][gc,phases      ] GC(334)   Merge Heap Roots: 0.08ms
[2026-04-03T02:09:45.713+0600][60.169s][info][gc,phases      ] GC(334)   Evacuate Collection Set: 2.12ms
[2026-04-03T02:09:45.713+0600][60.169s][info][gc,phases      ] GC(334)   Post Evacuate Collection Set: 0.86ms
[2026-04-03T02:09:45.713+0600][60.169s][info][gc,phases      ] GC(334)   Other: 0.09ms
[2026-04-03T02:09:45.713+0600][60.169s][info][gc,heap        ] GC(334) Eden regions: 3->0(296)
[2026-04-03T02:09:45.713+0600][60.169s][info][gc,heap        ] GC(334) Survivor regions: 4->4(38)
[2026-04-03T02:09:45.713+0600][60.169s][info][gc,heap        ] GC(334) Old regions: 110->110
[2026-04-03T02:09:45.713+0600][60.169s][info][gc,heap        ] GC(334) Humongous regions: 10->8
[2026-04-03T02:09:45.713+0600][60.169s][info][gc,metaspace   ] GC(334) Metaspace: 131550K(132992K)->131550K(132992K) NonClass: 114986K(115648K)->114986K(115648K) Class: 16563K(17344K)->16563K(17344K)
[2026-04-03T02:09:45.713+0600][60.169s][info][gc             ] GC(334) Pause Young (Concurrent Start) (G1 Humongous Allocation) 123M->118M(500M) 3.667ms
[2026-04-03T02:09:45.714+0600][60.169s][info][gc             ] GC(335) Concurrent Mark Cycle
[2026-04-03T02:09:45.714+0600][60.169s][info][gc,cpu         ] GC(334) User=0.02s Sys=0.00s Real=0.00s
[2026-04-03T02:09:45.714+0600][60.169s][info][gc,marking     ] GC(335) Concurrent Scan Root Regions
[2026-04-03T02:09:45.716+0600][60.172s][info][gc,marking     ] GC(335) Concurrent Scan Root Regions 2.399ms
[2026-04-03T02:09:45.716+0600][60.172s][info][gc,marking     ] GC(335) Concurrent Mark
[2026-04-03T02:09:45.716+0600][60.172s][info][gc,marking     ] GC(335) Concurrent Mark From Roots
[2026-04-03T02:09:45.716+0600][60.172s][info][gc,task        ] GC(335) Using 3 workers of 3 for marking
[2026-04-03T02:09:45.834+0600][60.290s][info][gc,marking     ] GC(335) Concurrent Mark From Roots 118.188ms
[2026-04-03T02:09:45.834+0600][60.290s][info][gc,marking     ] GC(335) Concurrent Preclean
[2026-04-03T02:09:45.835+0600][60.291s][info][gc,marking     ] GC(335) Concurrent Preclean 0.974ms
[2026-04-03T02:09:45.836+0600][60.292s][info][gc,start       ] GC(335) Pause Remark
[2026-04-03T02:09:45.845+0600][60.301s][info][gc             ] GC(335) Pause Remark 270M->270M(500M) 8.813ms
[2026-04-03T02:09:45.845+0600][60.301s][info][gc,cpu         ] GC(335) User=0.06s Sys=0.01s Real=0.01s
[2026-04-03T02:09:45.845+0600][60.301s][info][gc,marking     ] GC(335) Concurrent Mark 129.027ms
[2026-04-03T02:09:45.845+0600][60.301s][info][gc,marking     ] GC(335) Concurrent Rebuild Remembered Sets and Scrub Regions
[2026-04-03T02:09:45.885+0600][60.341s][info][gc,marking     ] GC(335) Concurrent Rebuild Remembered Sets and Scrub Regions 40.089ms
[2026-04-03T02:09:45.886+0600][60.342s][info][gc,start       ] GC(335) Pause Cleanup
[2026-04-03T02:09:45.886+0600][60.342s][info][gc             ] GC(335) Pause Cleanup 314M->314M(500M) 0.564ms
[2026-04-03T02:09:45.887+0600][60.342s][info][gc,cpu         ] GC(335) User=0.00s Sys=0.00s Real=0.00s
[2026-04-03T02:09:45.887+0600][60.343s][info][gc,marking     ] GC(335) Concurrent Clear Claimed Marks
[2026-04-03T02:09:45.887+0600][60.343s][info][gc,marking     ] GC(335) Concurrent Clear Claimed Marks 0.461ms
[2026-04-03T02:09:45.887+0600][60.343s][info][gc,marking     ] GC(335) Concurrent Cleanup for Next Mark
[2026-04-03T02:09:45.888+0600][60.344s][info][gc,marking     ] GC(335) Concurrent Cleanup for Next Mark 0.918ms
[2026-04-03T02:09:45.888+0600][60.344s][info][gc             ] GC(335) Concurrent Mark Cycle 174.642ms
[2026-04-03T02:09:46.016+0600][60.472s][info][gc,start       ] GC(336) Pause Young (Prepare Mixed) (G1 Humongous Allocation)
[2026-04-03T02:09:46.016+0600][60.472s][info][gc,task        ] GC(336) Using 10 workers of 10 for evacuation
[2026-04-03T02:09:46.020+0600][60.476s][info][gc,phases      ] GC(336)   Pre Evacuate Collection Set: 0.44ms
[2026-04-03T02:09:46.020+0600][60.476s][info][gc,phases      ] GC(336)   Merge Heap Roots: 0.32ms
[2026-04-03T02:09:46.020+0600][60.476s][info][gc,phases      ] GC(336)   Evacuate Collection Set: 2.44ms
[2026-04-03T02:09:46.020+0600][60.476s][info][gc,phases      ] GC(336)   Post Evacuate Collection Set: 0.98ms
[2026-04-03T02:09:46.021+0600][60.476s][info][gc,phases      ] GC(336)   Other: 0.13ms
[2026-04-03T02:09:46.021+0600][60.476s][info][gc,heap        ] GC(336) Eden regions: 217->0(296)
[2026-04-03T02:09:46.021+0600][60.476s][info][gc,heap        ] GC(336) Survivor regions: 4->4(8)
[2026-04-03T02:09:46.021+0600][60.476s][info][gc,heap        ] GC(336) Old regions: 110->110
[2026-04-03T02:09:46.021+0600][60.476s][info][gc,heap        ] GC(336) Humongous regions: 161->10
[2026-04-03T02:09:46.021+0600][60.476s][info][gc,metaspace   ] GC(336) Metaspace: 131550K(132992K)->131550K(132992K) NonClass: 114986K(115648K)->114986K(115648K) Class: 16563K(17344K)->16563K(17344K)
[2026-04-03T02:09:46.021+0600][60.476s][info][gc             ] GC(336) Pause Young (Prepare Mixed) (G1 Humongous Allocation) 488M->121M(500M) 4.660ms
[2026-04-03T02:09:46.021+0600][60.477s][info][gc,cpu         ] GC(336) User=0.03s Sys=0.00s Real=0.01s
[2026-04-03T02:09:46.344+0600][60.800s][info][gc,start       ] GC(337) Pause Young (Mixed) (G1 Humongous Allocation)
[2026-04-03T02:09:46.344+0600][60.800s][info][gc,task        ] GC(337) Using 10 workers of 10 for evacuation
[2026-04-03T02:09:46.348+0600][60.804s][info][gc,phases      ] GC(337)   Pre Evacuate Collection Set: 0.52ms
[2026-04-03T02:09:46.348+0600][60.804s][info][gc,phases      ] GC(337)   Merge Heap Roots: 0.22ms
[2026-04-03T02:09:46.348+0600][60.804s][info][gc,phases      ] GC(337)   Evacuate Collection Set: 2.10ms
[2026-04-03T02:09:46.348+0600][60.804s][info][gc,phases      ] GC(337)   Post Evacuate Collection Set: 0.76ms
[2026-04-03T02:09:46.348+0600][60.804s][info][gc,phases      ] GC(337)   Other: 0.13ms
[2026-04-03T02:09:46.348+0600][60.804s][info][gc,heap        ] GC(337) Eden regions: 264->0(296)
[2026-04-03T02:09:46.348+0600][60.804s][info][gc,heap        ] GC(337) Survivor regions: 4->4(8)
[2026-04-03T02:09:46.348+0600][60.804s][info][gc,heap        ] GC(337) Old regions: 110->106
[2026-04-03T02:09:46.348+0600][60.804s][info][gc,heap        ] GC(337) Humongous regions: 114->8
[2026-04-03T02:09:46.348+0600][60.804s][info][gc,metaspace   ] GC(337) Metaspace: 131550K(132992K)->131550K(132992K) NonClass: 114987K(115648K)->114987K(115648K) Class: 16563K(17344K)->16563K(17344K)
[2026-04-03T02:09:46.348+0600][60.804s][info][gc             ] GC(337) Pause Young (Mixed) (G1 Humongous Allocation) 488M->114M(500M) 4.072ms
[2026-04-03T02:09:46.348+0600][60.804s][info][gc,cpu         ] GC(337) User=0.02s Sys=0.00s Real=0.00s
[2026-04-03T02:09:46.364+0600][60.820s][info][gc,start       ] GC(338) Pause Young (Concurrent Start) (G1 Humongous Allocation)
[2026-04-03T02:09:46.364+0600][60.820s][info][gc,task        ] GC(338) Using 10 workers of 10 for evacuation
[2026-04-03T02:09:46.366+0600][60.822s][info][gc,phases      ] GC(338)   Pre Evacuate Collection Set: 0.35ms
[2026-04-03T02:09:46.367+0600][60.822s][info][gc,phases      ] GC(338)   Merge Heap Roots: 0.10ms
[2026-04-03T02:09:46.367+0600][60.822s][info][gc,phases      ] GC(338)   Evacuate Collection Set: 1.40ms
[2026-04-03T02:09:46.367+0600][60.822s][info][gc,phases      ] GC(338)   Post Evacuate Collection Set: 0.46ms
[2026-04-03T02:09:46.367+0600][60.822s][info][gc,phases      ] GC(338)   Other: 0.19ms
[2026-04-03T02:09:46.367+0600][60.822s][info][gc,heap        ] GC(338) Eden regions: 6->0(297)
[2026-04-03T02:09:46.367+0600][60.822s][info][gc,heap        ] GC(338) Survivor regions: 4->3(38)
[2026-04-03T02:09:46.367+0600][60.822s][info][gc,heap        ] GC(338) Old regions: 106->106
[2026-04-03T02:09:46.367+0600][60.822s][info][gc,heap        ] GC(338) Humongous regions: 10->8
[2026-04-03T02:09:46.367+0600][60.822s][info][gc,metaspace   ] GC(338) Metaspace: 131550K(132992K)->131550K(132992K) NonClass: 114987K(115648K)->114987K(115648K) Class: 16563K(17344K)->16563K(17344K)
[2026-04-03T02:09:46.367+0600][60.823s][info][gc             ] GC(338) Pause Young (Concurrent Start) (G1 Humongous Allocation) 121M->113M(500M) 2.763ms
[2026-04-03T02:09:46.367+0600][60.823s][info][gc             ] GC(339) Concurrent Mark Cycle
[2026-04-03T02:09:46.367+0600][60.823s][info][gc,cpu         ] GC(338) User=0.02s Sys=0.00s Real=0.00s
[2026-04-03T02:09:46.367+0600][60.823s][info][gc,marking     ] GC(339) Concurrent Scan Root Regions
[2026-04-03T02:09:46.369+0600][60.825s][info][gc,marking     ] GC(339) Concurrent Scan Root Regions 2.180ms
[2026-04-03T02:09:46.369+0600][60.825s][info][gc,marking     ] GC(339) Concurrent Mark
[2026-04-03T02:09:46.369+0600][60.825s][info][gc,marking     ] GC(339) Concurrent Mark From Roots
[2026-04-03T02:09:46.369+0600][60.825s][info][gc,task        ] GC(339) Using 3 workers of 3 for marking
[2026-04-03T02:09:46.456+0600][60.912s][info][gc,marking     ] GC(339) Concurrent Mark From Roots 87.074ms
[2026-04-03T02:09:46.456+0600][60.912s][info][gc,marking     ] GC(339) Concurrent Preclean
[2026-04-03T02:09:46.457+0600][60.913s][info][gc,marking     ] GC(339) Concurrent Preclean 0.738ms
[2026-04-03T02:09:46.457+0600][60.913s][info][gc,start       ] GC(339) Pause Remark
[2026-04-03T02:09:46.465+0600][60.921s][info][gc             ] GC(339) Pause Remark 175M->175M(480M) 7.762ms
[2026-04-03T02:09:46.465+0600][60.921s][info][gc,cpu         ] GC(339) User=0.06s Sys=0.00s Real=0.01s
[2026-04-03T02:09:46.465+0600][60.921s][info][gc,marking     ] GC(339) Concurrent Mark 96.322ms
[2026-04-03T02:09:46.465+0600][60.921s][info][gc,marking     ] GC(339) Concurrent Rebuild Remembered Sets and Scrub Regions
[2026-04-03T02:09:46.501+0600][60.957s][info][gc,marking     ] GC(339) Concurrent Rebuild Remembered Sets and Scrub Regions 35.640ms
[2026-04-03T02:09:46.504+0600][60.960s][info][gc,start       ] GC(339) Pause Cleanup
[2026-04-03T02:09:46.504+0600][60.960s][info][gc             ] GC(339) Pause Cleanup 390M->390M(480M) 0.520ms
[2026-04-03T02:09:46.505+0600][60.960s][info][gc,cpu         ] GC(339) User=0.00s Sys=0.00s Real=0.00s
[2026-04-03T02:09:46.505+0600][60.961s][info][gc,marking     ] GC(339) Concurrent Clear Claimed Marks
[2026-04-03T02:09:46.505+0600][60.961s][info][gc,marking     ] GC(339) Concurrent Clear Claimed Marks 0.355ms
[2026-04-03T02:09:46.505+0600][60.961s][info][gc,marking     ] GC(339) Concurrent Cleanup for Next Mark
[2026-04-03T02:09:46.506+0600][60.962s][info][gc,marking     ] GC(339) Concurrent Cleanup for Next Mark 1.221ms
[2026-04-03T02:09:46.507+0600][60.962s][info][gc             ] GC(339) Concurrent Mark Cycle 139.814ms
[2026-04-03T02:09:46.514+0600][60.970s][info][gc,start       ] GC(340) Pause Young (Prepare Mixed) (G1 Humongous Allocation)
[2026-04-03T02:09:46.514+0600][60.970s][info][gc,task        ] GC(340) Using 10 workers of 10 for evacuation
[2026-04-03T02:09:46.517+0600][60.973s][info][gc,phases      ] GC(340)   Pre Evacuate Collection Set: 0.41ms
[2026-04-03T02:09:46.517+0600][60.973s][info][gc,phases      ] GC(340)   Merge Heap Roots: 0.25ms
[2026-04-03T02:09:46.517+0600][60.973s][info][gc,phases      ] GC(340)   Evacuate Collection Set: 1.79ms
[2026-04-03T02:09:46.517+0600][60.973s][info][gc,phases      ] GC(340)   Post Evacuate Collection Set: 0.80ms
[2026-04-03T02:09:46.517+0600][60.973s][info][gc,phases      ] GC(340)   Other: 0.09ms
[2026-04-03T02:09:46.517+0600][60.973s][info][gc,heap        ] GC(340) Eden regions: 63->0(292)
[2026-04-03T02:09:46.517+0600][60.973s][info][gc,heap        ] GC(340) Survivor regions: 3->5(16)
[2026-04-03T02:09:46.517+0600][60.973s][info][gc,heap        ] GC(340) Old regions: 106->106
[2026-04-03T02:09:46.517+0600][60.973s][info][gc,heap        ] GC(340) Humongous regions: 312->13
[2026-04-03T02:09:46.517+0600][60.973s][info][gc,metaspace   ] GC(340) Metaspace: 131552K(132992K)->131552K(132992K) NonClass: 114988K(115648K)->114988K(115648K) Class: 16563K(17344K)->16563K(17344K)
[2026-04-03T02:09:46.517+0600][60.973s][info][gc             ] GC(340) Pause Young (Prepare Mixed) (G1 Humongous Allocation) 479M->120M(495M) 3.599ms
[2026-04-03T02:09:46.517+0600][60.973s][info][gc,cpu         ] GC(340) User=0.02s Sys=0.01s Real=0.00s
[2026-04-03T02:09:46.591+0600][61.047s][info][gc,start       ] GC(341) Pause Young (Mixed) (G1 Humongous Allocation)
[2026-04-03T02:09:46.591+0600][61.047s][info][gc,task        ] GC(341) Using 10 workers of 10 for evacuation
[2026-04-03T02:09:46.595+0600][61.051s][info][gc,phases      ] GC(341)   Pre Evacuate Collection Set: 0.50ms
[2026-04-03T02:09:46.595+0600][61.051s][info][gc,phases      ] GC(341)   Merge Heap Roots: 0.17ms
[2026-04-03T02:09:46.595+0600][61.051s][info][gc,phases      ] GC(341)   Evacuate Collection Set: 1.81ms
[2026-04-03T02:09:46.595+0600][61.051s][info][gc,phases      ] GC(341)   Post Evacuate Collection Set: 1.49ms
[2026-04-03T02:09:46.595+0600][61.051s][info][gc,phases      ] GC(341)   Other: 0.13ms
[2026-04-03T02:09:46.595+0600][61.051s][info][gc,heap        ] GC(341) Eden regions: 56->0(290)
[2026-04-03T02:09:46.595+0600][61.051s][info][gc,heap        ] GC(341) Survivor regions: 5->7(13)
[2026-04-03T02:09:46.595+0600][61.051s][info][gc,heap        ] GC(341) Old regions: 106->102
[2026-04-03T02:09:46.595+0600][61.051s][info][gc,heap        ] GC(341) Humongous regions: 320->18
[2026-04-03T02:09:46.595+0600][61.051s][info][gc,metaspace   ] GC(341) Metaspace: 131553K(132992K)->131553K(132992K) NonClass: 114989K(115648K)->114989K(115648K) Class: 16563K(17344K)->16563K(17344K)
[2026-04-03T02:09:46.595+0600][61.051s][info][gc             ] GC(341) Pause Young (Mixed) (G1 Humongous Allocation) 482M->122M(495M) 4.428ms
[2026-04-03T02:09:46.596+0600][61.051s][info][gc,cpu         ] GC(341) User=0.02s Sys=0.00s Real=0.00s
[2026-04-03T02:09:46.597+0600][61.053s][info][gc,start       ] GC(342) Pause Young (Concurrent Start) (G1 Humongous Allocation)
[2026-04-03T02:09:46.597+0600][61.053s][info][gc,task        ] GC(342) Using 10 workers of 10 for evacuation
[2026-04-03T02:09:46.600+0600][61.056s][info][gc,phases      ] GC(342)   Pre Evacuate Collection Set: 0.46ms
[2026-04-03T02:09:46.600+0600][61.056s][info][gc,phases      ] GC(342)   Merge Heap Roots: 0.12ms
[2026-04-03T02:09:46.600+0600][61.056s][info][gc,phases      ] GC(342)   Evacuate Collection Set: 1.86ms
[2026-04-03T02:09:46.600+0600][61.056s][info][gc,phases      ] GC(342)   Post Evacuate Collection Set: 0.64ms
[2026-04-03T02:09:46.600+0600][61.056s][info][gc,phases      ] GC(342)   Other: 0.21ms
[2026-04-03T02:09:46.600+0600][61.056s][info][gc,heap        ] GC(342) Eden regions: 2->0(290)
[2026-04-03T02:09:46.600+0600][61.056s][info][gc,heap        ] GC(342) Survivor regions: 7->7(38)
[2026-04-03T02:09:46.600+0600][61.056s][info][gc,heap        ] GC(342) Old regions: 102->102
[2026-04-03T02:09:46.600+0600][61.056s][info][gc,heap        ] GC(342) Humongous regions: 28->18
[2026-04-03T02:09:46.601+0600][61.056s][info][gc,metaspace   ] GC(342) Metaspace: 131553K(132992K)->131553K(132992K) NonClass: 114989K(115648K)->114989K(115648K) Class: 16563K(17344K)->16563K(17344K)
[2026-04-03T02:09:46.601+0600][61.056s][info][gc             ] GC(342) Pause Young (Concurrent Start) (G1 Humongous Allocation) 133M->122M(495M) 3.605ms
[2026-04-03T02:09:46.601+0600][61.056s][info][gc             ] GC(343) Concurrent Mark Cycle
[2026-04-03T02:09:46.601+0600][61.057s][info][gc,marking     ] GC(343) Concurrent Scan Root Regions
[2026-04-03T02:09:46.601+0600][61.057s][info][gc,cpu         ] GC(342) User=0.02s Sys=0.00s Real=0.01s
[2026-04-03T02:09:46.603+0600][61.059s][info][gc,marking     ] GC(343) Concurrent Scan Root Regions 2.448ms
[2026-04-03T02:09:46.603+0600][61.059s][info][gc,marking     ] GC(343) Concurrent Mark
[2026-04-03T02:09:46.603+0600][61.059s][info][gc,marking     ] GC(343) Concurrent Mark From Roots
[2026-04-03T02:09:46.603+0600][61.059s][info][gc,task        ] GC(343) Using 3 workers of 3 for marking
[2026-04-03T02:09:46.701+0600][61.157s][info][gc,marking     ] GC(343) Concurrent Mark From Roots 97.717ms
[2026-04-03T02:09:46.701+0600][61.157s][info][gc,marking     ] GC(343) Concurrent Preclean
[2026-04-03T02:09:46.702+0600][61.157s][info][gc,marking     ] GC(343) Concurrent Preclean 0.456ms
[2026-04-03T02:09:46.702+0600][61.158s][info][gc,start       ] GC(343) Pause Remark
[2026-04-03T02:09:46.710+0600][61.166s][info][gc             ] GC(343) Pause Remark 304M->304M(495M) 8.123ms
[2026-04-03T02:09:46.710+0600][61.166s][info][gc,cpu         ] GC(343) User=0.06s Sys=0.00s Real=0.01s
[2026-04-03T02:09:46.710+0600][61.166s][info][gc,marking     ] GC(343) Concurrent Mark 107.248ms
[2026-04-03T02:09:46.711+0600][61.166s][info][gc,marking     ] GC(343) Concurrent Rebuild Remembered Sets and Scrub Regions
[2026-04-03T02:09:46.753+0600][61.209s][info][gc,marking     ] GC(343) Concurrent Rebuild Remembered Sets and Scrub Regions 42.009ms
[2026-04-03T02:09:46.753+0600][61.209s][info][gc,start       ] GC(343) Pause Cleanup
[2026-04-03T02:09:46.754+0600][61.209s][info][gc             ] GC(343) Pause Cleanup 348M->348M(495M) 0.469ms
[2026-04-03T02:09:46.754+0600][61.210s][info][gc,cpu         ] GC(343) User=0.00s Sys=0.00s Real=0.00s
[2026-04-03T02:09:46.756+0600][61.212s][info][gc,marking     ] GC(343) Concurrent Clear Claimed Marks
[2026-04-03T02:09:46.756+0600][61.212s][info][gc,marking     ] GC(343) Concurrent Clear Claimed Marks 0.432ms
[2026-04-03T02:09:46.756+0600][61.212s][info][gc,marking     ] GC(343) Concurrent Cleanup for Next Mark
[2026-04-03T02:09:46.758+0600][61.213s][info][gc,marking     ] GC(343) Concurrent Cleanup for Next Mark 1.120ms
[2026-04-03T02:09:46.758+0600][61.214s][info][gc             ] GC(343) Concurrent Mark Cycle 157.038ms
[2026-04-03T02:09:46.968+0600][61.424s][info][gc,start       ] GC(344) Pause Young (Prepare Mixed) (G1 Evacuation Pause)
[2026-04-03T02:09:46.968+0600][61.424s][info][gc,task        ] GC(344) Using 10 workers of 10 for evacuation
[2026-04-03T02:09:46.971+0600][61.427s][info][gc,phases      ] GC(344)   Pre Evacuate Collection Set: 0.24ms
[2026-04-03T02:09:46.971+0600][61.427s][info][gc,phases      ] GC(344)   Merge Heap Roots: 0.12ms
[2026-04-03T02:09:46.971+0600][61.427s][info][gc,phases      ] GC(344)   Evacuate Collection Set: 2.06ms
[2026-04-03T02:09:46.971+0600][61.427s][info][gc,phases      ] GC(344)   Post Evacuate Collection Set: 0.54ms
[2026-04-03T02:09:46.971+0600][61.427s][info][gc,phases      ] GC(344)   Other: 0.07ms
[2026-04-03T02:09:46.971+0600][61.427s][info][gc,heap        ] GC(344) Eden regions: 181->0(295)
[2026-04-03T02:09:46.971+0600][61.427s][info][gc,heap        ] GC(344) Survivor regions: 7->5(5)
[2026-04-03T02:09:46.971+0600][61.427s][info][gc,heap        ] GC(344) Old regions: 102->102
[2026-04-03T02:09:46.971+0600][61.427s][info][gc,heap        ] GC(344) Humongous regions: 205->8
[2026-04-03T02:09:46.971+0600][61.427s][info][gc,metaspace   ] GC(344) Metaspace: 131588K(132992K)->131588K(132992K) NonClass: 115022K(115648K)->115022K(115648K) Class: 16565K(17344K)->16565K(17344K)
[2026-04-03T02:09:46.971+0600][61.427s][info][gc             ] GC(344) Pause Young (Prepare Mixed) (G1 Evacuation Pause) 490M->110M(500M) 3.290ms
[2026-04-03T02:09:46.972+0600][61.427s][info][gc,cpu         ] GC(344) User=0.01s Sys=0.00s Real=0.01s
[2026-04-03T02:09:47.313+0600][61.769s][info][gc,start       ] GC(345) Pause Young (Mixed) (G1 Humongous Allocation)
[2026-04-03T02:09:47.313+0600][61.769s][info][gc,task        ] GC(345) Using 10 workers of 10 for evacuation
[2026-04-03T02:09:47.320+0600][61.776s][info][gc,phases      ] GC(345)   Pre Evacuate Collection Set: 0.59ms
[2026-04-03T02:09:47.320+0600][61.776s][info][gc,phases      ] GC(345)   Merge Heap Roots: 0.28ms
[2026-04-03T02:09:47.320+0600][61.776s][info][gc,phases      ] GC(345)   Evacuate Collection Set: 3.36ms
[2026-04-03T02:09:47.320+0600][61.776s][info][gc,phases      ] GC(345)   Post Evacuate Collection Set: 2.40ms
[2026-04-03T02:09:47.320+0600][61.776s][info][gc,phases      ] GC(345)   Other: 0.14ms
[2026-04-03T02:09:47.320+0600][61.776s][info][gc,heap        ] GC(345) Eden regions: 244->0(232)
[2026-04-03T02:09:47.320+0600][61.776s][info][gc,heap        ] GC(345) Survivor regions: 5->4(4)
[2026-04-03T02:09:47.320+0600][61.776s][info][gc,heap        ] GC(345) Old regions: 102->217
[2026-04-03T02:09:47.320+0600][61.776s][info][gc,heap        ] GC(345) Humongous regions: 145->8
[2026-04-03T02:09:47.320+0600][61.776s][info][gc,metaspace   ] GC(345) Metaspace: 131590K(132992K)->131590K(132992K) NonClass: 115025K(115648K)->115025K(115648K) Class: 16565K(17344K)->16565K(17344K)
[2026-04-03T02:09:47.320+0600][61.776s][info][gc             ] GC(345) Pause Young (Mixed) (G1 Humongous Allocation) (Evacuation Failure) 491M->225M(500M) 7.088ms
[2026-04-03T02:09:47.320+0600][61.776s][info][gc,cpu         ] GC(345) User=0.05s Sys=0.00s Real=0.01s
[2026-04-03T02:09:47.324+0600][61.780s][info][gc,start       ] GC(346) Pause Young (Concurrent Start) (G1 Humongous Allocation)
[2026-04-03T02:09:47.324+0600][61.780s][info][gc,task        ] GC(346) Using 10 workers of 10 for evacuation
[2026-04-03T02:09:47.328+0600][61.784s][info][gc,phases      ] GC(346)   Pre Evacuate Collection Set: 0.42ms
[2026-04-03T02:09:47.328+0600][61.784s][info][gc,phases      ] GC(346)   Merge Heap Roots: 0.17ms
[2026-04-03T02:09:47.328+0600][61.784s][info][gc,phases      ] GC(346)   Evacuate Collection Set: 2.04ms
[2026-04-03T02:09:47.328+0600][61.784s][info][gc,phases      ] GC(346)   Post Evacuate Collection Set: 0.46ms
[2026-04-03T02:09:47.328+0600][61.784s][info][gc,phases      ] GC(346)   Other: 0.14ms
[2026-04-03T02:09:47.328+0600][61.784s][info][gc,heap        ] GC(346) Eden regions: 4->0(237)
[2026-04-03T02:09:47.328+0600][61.784s][info][gc,heap        ] GC(346) Survivor regions: 4->5(30)
[2026-04-03T02:09:47.328+0600][61.784s][info][gc,heap        ] GC(346) Old regions: 217->218
[2026-04-03T02:09:47.328+0600][61.784s][info][gc,heap        ] GC(346) Humongous regions: 10->8
[2026-04-03T02:09:47.328+0600][61.784s][info][gc,metaspace   ] GC(346) Metaspace: 131590K(132992K)->131590K(132992K) NonClass: 115025K(115648K)->115025K(115648K) Class: 16565K(17344K)->16565K(17344K)
[2026-04-03T02:09:47.328+0600][61.784s][info][gc             ] GC(346) Pause Young (Concurrent Start) (G1 Humongous Allocation) 231M->226M(500M) 3.542ms
[2026-04-03T02:09:47.328+0600][61.784s][info][gc             ] GC(347) Concurrent Mark Cycle
[2026-04-03T02:09:47.328+0600][61.784s][info][gc,cpu         ] GC(346) User=0.02s Sys=0.00s Real=0.00s
[2026-04-03T02:09:47.328+0600][61.784s][info][gc,marking     ] GC(347) Concurrent Scan Root Regions
[2026-04-03T02:09:47.330+0600][61.786s][info][gc,marking     ] GC(347) Concurrent Scan Root Regions 2.377ms
[2026-04-03T02:09:47.330+0600][61.786s][info][gc,marking     ] GC(347) Concurrent Mark
[2026-04-03T02:09:47.331+0600][61.786s][info][gc,marking     ] GC(347) Concurrent Mark From Roots
[2026-04-03T02:09:47.331+0600][61.786s][info][gc,task        ] GC(347) Using 3 workers of 3 for marking
[2026-04-03T02:09:47.458+0600][61.914s][info][gc,marking     ] GC(347) Concurrent Mark From Roots 127.561ms
[2026-04-03T02:09:47.458+0600][61.914s][info][gc,marking     ] GC(347) Concurrent Preclean
[2026-04-03T02:09:47.459+0600][61.915s][info][gc,marking     ] GC(347) Concurrent Preclean 0.805ms
[2026-04-03T02:09:47.459+0600][61.915s][info][gc,start       ] GC(347) Pause Remark
[2026-04-03T02:09:47.468+0600][61.924s][info][gc             ] GC(347) Pause Remark 383M->382M(500M) 8.744ms
[2026-04-03T02:09:47.468+0600][61.924s][info][gc,cpu         ] GC(347) User=0.07s Sys=0.00s Real=0.01s
[2026-04-03T02:09:47.468+0600][61.924s][info][gc,marking     ] GC(347) Concurrent Mark 137.988ms
[2026-04-03T02:09:47.469+0600][61.924s][info][gc,marking     ] GC(347) Concurrent Rebuild Remembered Sets and Scrub Regions
[2026-04-03T02:09:47.511+0600][61.967s][info][gc,marking     ] GC(347) Concurrent Rebuild Remembered Sets and Scrub Regions 42.148ms
[2026-04-03T02:09:47.511+0600][61.967s][info][gc,start       ] GC(347) Pause Cleanup
[2026-04-03T02:09:47.512+0600][61.968s][info][gc             ] GC(347) Pause Cleanup 426M->426M(500M) 0.435ms
[2026-04-03T02:09:47.512+0600][61.968s][info][gc,cpu         ] GC(347) User=0.00s Sys=0.00s Real=0.00s
[2026-04-03T02:09:47.512+0600][61.968s][info][gc,marking     ] GC(347) Concurrent Clear Claimed Marks
[2026-04-03T02:09:47.512+0600][61.968s][info][gc,marking     ] GC(347) Concurrent Clear Claimed Marks 0.362ms
[2026-04-03T02:09:47.512+0600][61.968s][info][gc,marking     ] GC(347) Concurrent Cleanup for Next Mark
[2026-04-03T02:09:47.513+0600][61.969s][info][gc,marking     ] GC(347) Concurrent Cleanup for Next Mark 0.752ms
[2026-04-03T02:09:47.513+0600][61.969s][info][gc             ] GC(347) Concurrent Mark Cycle 185.265ms
[2026-04-03T02:09:47.560+0600][62.016s][info][gc,start       ] GC(348) Pause Young (Prepare Mixed) (GCLocker Initiated GC)
[2026-04-03T02:09:47.560+0600][62.016s][info][gc,task        ] GC(348) Using 10 workers of 10 for evacuation
[2026-04-03T02:09:47.566+0600][62.022s][info][gc,phases      ] GC(348)   Pre Evacuate Collection Set: 0.42ms
[2026-04-03T02:09:47.567+0600][62.022s][info][gc,phases      ] GC(348)   Merge Heap Roots: 0.24ms
[2026-04-03T02:09:47.567+0600][62.022s][info][gc,phases      ] GC(348)   Evacuate Collection Set: 3.44ms
[2026-04-03T02:09:47.567+0600][62.022s][info][gc,phases      ] GC(348)   Post Evacuate Collection Set: 2.06ms
[2026-04-03T02:09:47.567+0600][62.022s][info][gc,phases      ] GC(348)   Other: 0.15ms
[2026-04-03T02:09:47.567+0600][62.022s][info][gc,heap        ] GC(348) Eden regions: 152->0(175)
[2026-04-03T02:09:47.567+0600][62.022s][info][gc,heap        ] GC(348) Survivor regions: 5->0(0)
[2026-04-03T02:09:47.567+0600][62.022s][info][gc,heap        ] GC(348) Old regions: 217->292
[2026-04-03T02:09:47.567+0600][62.022s][info][gc,heap        ] GC(348) Humongous regions: 126->8
[2026-04-03T02:09:47.567+0600][62.022s][info][gc,metaspace   ] GC(348) Metaspace: 131590K(132992K)->131590K(132992K) NonClass: 115025K(115648K)->115025K(115648K) Class: 16565K(17344K)->16565K(17344K)
[2026-04-03T02:09:47.567+0600][62.023s][info][gc             ] GC(348) Pause Young (Prepare Mixed) (GCLocker Initiated GC) (Evacuation Failure) 495M->295M(500M) 6.622ms
[2026-04-03T02:09:47.567+0600][62.023s][info][gc,cpu         ] GC(348) User=0.05s Sys=0.00s Real=0.00s
[2026-04-03T02:09:47.706+0600][62.162s][info][gc,start       ] GC(349) Pause Young (Mixed) (GCLocker Initiated GC)
[2026-04-03T02:09:47.706+0600][62.162s][info][gc,task        ] GC(349) Using 10 workers of 10 for evacuation
[2026-04-03T02:09:47.712+0600][62.167s][info][gc,phases      ] GC(349)   Pre Evacuate Collection Set: 0.67ms
[2026-04-03T02:09:47.712+0600][62.168s][info][gc,phases      ] GC(349)   Merge Heap Roots: 0.21ms
[2026-04-03T02:09:47.712+0600][62.168s][info][gc,phases      ] GC(349)   Evacuate Collection Set: 2.62ms
[2026-04-03T02:09:47.712+0600][62.168s][info][gc,phases      ] GC(349)   Post Evacuate Collection Set: 1.89ms
[2026-04-03T02:09:47.712+0600][62.168s][info][gc,phases      ] GC(349)   Other: 0.16ms
[2026-04-03T02:09:47.712+0600][62.168s][info][gc,heap        ] GC(349) Eden regions: 115->0(144)
[2026-04-03T02:09:47.712+0600][62.168s][info][gc,heap        ] GC(349) Survivor regions: 0->1(1)
[2026-04-03T02:09:47.712+0600][62.168s][info][gc,heap        ] GC(349) Old regions: 292->322
[2026-04-03T02:09:47.712+0600][62.168s][info][gc,heap        ] GC(349) Humongous regions: 92->8
[2026-04-03T02:09:47.712+0600][62.168s][info][gc,metaspace   ] GC(349) Metaspace: 131591K(132992K)->131591K(132992K) NonClass: 115026K(115648K)->115026K(115648K) Class: 16565K(17344K)->16565K(17344K)
[2026-04-03T02:09:47.712+0600][62.168s][info][gc             ] GC(349) Pause Young (Mixed) (GCLocker Initiated GC) (Evacuation Failure) 494M->326M(500M) 5.893ms
[2026-04-03T02:09:47.712+0600][62.168s][info][gc,cpu         ] GC(349) User=0.03s Sys=0.01s Real=0.01s
[2026-04-03T02:09:47.819+0600][62.275s][info][gc,start       ] GC(350) Pause Young (Mixed) (G1 Humongous Allocation)
[2026-04-03T02:09:47.819+0600][62.275s][info][gc,task        ] GC(350) Using 10 workers of 10 for evacuation
[2026-04-03T02:09:47.824+0600][62.280s][info][gc,phases      ] GC(350)   Pre Evacuate Collection Set: 0.45ms
[2026-04-03T02:09:47.824+0600][62.280s][info][gc,phases      ] GC(350)   Merge Heap Roots: 0.30ms
[2026-04-03T02:09:47.824+0600][62.280s][info][gc,phases      ] GC(350)   Evacuate Collection Set: 2.36ms
[2026-04-03T02:09:47.824+0600][62.280s][info][gc,phases      ] GC(350)   Post Evacuate Collection Set: 2.09ms
[2026-04-03T02:09:47.824+0600][62.280s][info][gc,phases      ] GC(350)   Other: 0.11ms
[2026-04-03T02:09:47.825+0600][62.280s][info][gc,heap        ] GC(350) Eden regions: 96->0(87)
[2026-04-03T02:09:47.825+0600][62.280s][info][gc,heap        ] GC(350) Survivor regions: 1->0(0)
[2026-04-03T02:09:47.825+0600][62.280s][info][gc,heap        ] GC(350) Old regions: 322->378
[2026-04-03T02:09:47.825+0600][62.280s][info][gc,heap        ] GC(350) Humongous regions: 81->10
[2026-04-03T02:09:47.825+0600][62.280s][info][gc,metaspace   ] GC(350) Metaspace: 131591K(132992K)->131591K(132992K) NonClass: 115026K(115648K)->115026K(115648K) Class: 16565K(17344K)->16565K(17344K)
[2026-04-03T02:09:47.825+0600][62.280s][info][gc             ] GC(350) Pause Young (Mixed) (G1 Humongous Allocation) (Evacuation Failure) 494M->382M(500M) 5.607ms
[2026-04-03T02:09:47.825+0600][62.281s][info][gc,cpu         ] GC(350) User=0.04s Sys=0.00s Real=0.01s
[2026-04-03T02:09:47.947+0600][62.403s][info][gc,start       ] GC(351) Pause Young (Mixed) (G1 Evacuation Pause)
[2026-04-03T02:09:47.947+0600][62.403s][info][gc,task        ] GC(351) Using 10 workers of 10 for evacuation
[2026-04-03T02:09:47.950+0600][62.406s][info][gc,phases      ] GC(351)   Pre Evacuate Collection Set: 0.33ms
[2026-04-03T02:09:47.950+0600][62.406s][info][gc,phases      ] GC(351)   Merge Heap Roots: 0.12ms
[2026-04-03T02:09:47.950+0600][62.406s][info][gc,phases      ] GC(351)   Evacuate Collection Set: 1.22ms
[2026-04-03T02:09:47.950+0600][62.406s][info][gc,phases      ] GC(351)   Post Evacuate Collection Set: 1.19ms
[2026-04-03T02:09:47.950+0600][62.406s][info][gc,phases      ] GC(351)   Other: 0.06ms
[2026-04-03T02:09:47.950+0600][62.406s][info][gc,heap        ] GC(351) Eden regions: 71->0(25)
[2026-04-03T02:09:47.950+0600][62.406s][info][gc,heap        ] GC(351) Survivor regions: 0->0(0)
[2026-04-03T02:09:47.950+0600][62.406s][info][gc,heap        ] GC(351) Old regions: 378->440
[2026-04-03T02:09:47.950+0600][62.406s][info][gc,heap        ] GC(351) Humongous regions: 51->12
[2026-04-03T02:09:47.950+0600][62.406s][info][gc,metaspace   ] GC(351) Metaspace: 131591K(132992K)->131591K(132992K) NonClass: 115026K(115648K)->115026K(115648K) Class: 16565K(17344K)->16565K(17344K)
[2026-04-03T02:09:47.950+0600][62.406s][info][gc             ] GC(351) Pause Young (Mixed) (G1 Evacuation Pause) (Evacuation Failure) 494M->446M(500M) 3.134ms
[2026-04-03T02:09:47.951+0600][62.406s][info][gc,cpu         ] GC(351) User=0.02s Sys=0.00s Real=0.01s
[2026-04-03T02:09:47.952+0600][62.408s][info][gc,start       ] GC(352) Pause Young (Concurrent Start) (G1 Humongous Allocation)
[2026-04-03T02:09:47.952+0600][62.408s][info][gc,task        ] GC(352) Using 10 workers of 10 for evacuation
[2026-04-03T02:09:47.955+0600][62.411s][info][gc,phases      ] GC(352)   Pre Evacuate Collection Set: 0.42ms
[2026-04-03T02:09:47.955+0600][62.411s][info][gc,phases      ] GC(352)   Merge Heap Roots: 0.08ms
[2026-04-03T02:09:47.955+0600][62.411s][info][gc,phases      ] GC(352)   Evacuate Collection Set: 1.33ms
[2026-04-03T02:09:47.955+0600][62.411s][info][gc,phases      ] GC(352)   Post Evacuate Collection Set: 0.40ms
[2026-04-03T02:09:47.955+0600][62.411s][info][gc,phases      ] GC(352)   Other: 0.20ms
[2026-04-03T02:09:47.955+0600][62.411s][info][gc,heap        ] GC(352) Eden regions: 1->0(25)
[2026-04-03T02:09:47.955+0600][62.411s][info][gc,heap        ] GC(352) Survivor regions: 0->1(4)
[2026-04-03T02:09:47.955+0600][62.411s][info][gc,heap        ] GC(352) Old regions: 440->440
[2026-04-03T02:09:47.955+0600][62.411s][info][gc,heap        ] GC(352) Humongous regions: 12->12
[2026-04-03T02:09:47.955+0600][62.411s][info][gc,metaspace   ] GC(352) Metaspace: 131591K(132992K)->131591K(132992K) NonClass: 115026K(115648K)->115026K(115648K) Class: 16565K(17344K)->16565K(17344K)
[2026-04-03T02:09:47.955+0600][62.411s][info][gc             ] GC(352) Pause Young (Concurrent Start) (G1 Humongous Allocation) 446M->446M(500M) 2.660ms
[2026-04-03T02:09:47.955+0600][62.411s][info][gc             ] GC(353) Concurrent Mark Cycle
[2026-04-03T02:09:47.955+0600][62.411s][info][gc,cpu         ] GC(352) User=0.01s Sys=0.01s Real=0.00s
[2026-04-03T02:09:47.955+0600][62.411s][info][gc,marking     ] GC(353) Concurrent Scan Root Regions
[2026-04-03T02:09:47.957+0600][62.412s][info][gc,marking     ] GC(353) Concurrent Scan Root Regions 1.307ms
[2026-04-03T02:09:47.957+0600][62.412s][info][gc,marking     ] GC(353) Concurrent Mark
[2026-04-03T02:09:47.957+0600][62.412s][info][gc,marking     ] GC(353) Concurrent Mark From Roots
[2026-04-03T02:09:47.957+0600][62.412s][info][gc,task        ] GC(353) Using 3 workers of 3 for marking
[2026-04-03T02:09:48.003+0600][62.459s][info][gc,start       ] GC(354) Pause Young (Normal) (G1 Humongous Allocation)
[2026-04-03T02:09:48.003+0600][62.459s][info][gc,task        ] GC(354) Using 10 workers of 10 for evacuation
[2026-04-03T02:09:48.006+0600][62.462s][info][gc,phases      ] GC(354)   Pre Evacuate Collection Set: 0.34ms
[2026-04-03T02:09:48.006+0600][62.462s][info][gc,phases      ] GC(354)   Merge Heap Roots: 0.16ms
[2026-04-03T02:09:48.006+0600][62.462s][info][gc,phases      ] GC(354)   Evacuate Collection Set: 1.33ms
[2026-04-03T02:09:48.006+0600][62.462s][info][gc,phases      ] GC(354)   Post Evacuate Collection Set: 0.48ms
[2026-04-03T02:09:48.006+0600][62.462s][info][gc,phases      ] GC(354)   Other: 0.08ms
[2026-04-03T02:09:48.006+0600][62.462s][info][gc,heap        ] GC(354) Eden regions: 17->0(25)
[2026-04-03T02:09:48.006+0600][62.462s][info][gc,heap        ] GC(354) Survivor regions: 1->1(4)
[2026-04-03T02:09:48.006+0600][62.462s][info][gc,heap        ] GC(354) Old regions: 440->440
[2026-04-03T02:09:48.006+0600][62.462s][info][gc,heap        ] GC(354) Humongous regions: 26->12
[2026-04-03T02:09:48.006+0600][62.462s][info][gc,metaspace   ] GC(354) Metaspace: 131591K(132992K)->131591K(132992K) NonClass: 115026K(115648K)->115026K(115648K) Class: 16565K(17344K)->16565K(17344K)
[2026-04-03T02:09:48.006+0600][62.462s][info][gc             ] GC(354) Pause Young (Normal) (G1 Humongous Allocation) 477M->447M(500M) 2.660ms
[2026-04-03T02:09:48.006+0600][62.462s][info][gc,cpu         ] GC(354) User=0.01s Sys=0.00s Real=0.00s
[2026-04-03T02:09:48.051+0600][62.507s][info][gc,start       ] GC(355) Pause Young (Normal) (G1 Evacuation Pause)
[2026-04-03T02:09:48.052+0600][62.507s][info][gc,task        ] GC(355) Using 10 workers of 10 for evacuation
[2026-04-03T02:09:48.054+0600][62.510s][info][gc,phases      ] GC(355)   Pre Evacuate Collection Set: 0.49ms
[2026-04-03T02:09:48.054+0600][62.510s][info][gc,phases      ] GC(355)   Merge Heap Roots: 0.18ms
[2026-04-03T02:09:48.054+0600][62.510s][info][gc,phases      ] GC(355)   Evacuate Collection Set: 1.24ms
[2026-04-03T02:09:48.054+0600][62.510s][info][gc,phases      ] GC(355)   Post Evacuate Collection Set: 0.68ms
[2026-04-03T02:09:48.054+0600][62.510s][info][gc,phases      ] GC(355)   Other: 0.12ms
[2026-04-03T02:09:48.054+0600][62.510s][info][gc,heap        ] GC(355) Eden regions: 25->0(25)
[2026-04-03T02:09:48.054+0600][62.510s][info][gc,heap        ] GC(355) Survivor regions: 1->2(4)
[2026-04-03T02:09:48.054+0600][62.510s][info][gc,heap        ] GC(355) Old regions: 440->440
[2026-04-03T02:09:48.054+0600][62.510s][info][gc,heap        ] GC(355) Humongous regions: 30->12
[2026-04-03T02:09:48.054+0600][62.510s][info][gc,metaspace   ] GC(355) Metaspace: 131591K(132992K)->131591K(132992K) NonClass: 115026K(115648K)->115026K(115648K) Class: 16565K(17344K)->16565K(17344K)
[2026-04-03T02:09:48.054+0600][62.510s][info][gc             ] GC(355) Pause Young (Normal) (G1 Evacuation Pause) 490M->447M(500M) 3.018ms
[2026-04-03T02:09:48.055+0600][62.510s][info][gc,cpu         ] GC(355) User=0.02s Sys=0.01s Real=0.00s
[2026-04-03T02:09:48.060+0600][62.516s][info][gc,marking     ] GC(353) Concurrent Mark From Roots 103.245ms
[2026-04-03T02:09:48.060+0600][62.516s][info][gc,marking     ] GC(353) Concurrent Preclean
[2026-04-03T02:09:48.061+0600][62.517s][info][gc,marking     ] GC(353) Concurrent Preclean 1.366ms
[2026-04-03T02:09:48.062+0600][62.517s][info][gc,start       ] GC(353) Pause Remark
[2026-04-03T02:09:48.070+0600][62.526s][info][gc             ] GC(353) Pause Remark 452M->370M(500M) 8.861ms
[2026-04-03T02:09:48.071+0600][62.527s][info][gc,cpu         ] GC(353) User=0.06s Sys=0.00s Real=0.01s
[2026-04-03T02:09:48.071+0600][62.527s][info][gc,marking     ] GC(353) Concurrent Mark 114.303ms
[2026-04-03T02:09:48.071+0600][62.527s][info][gc,marking     ] GC(353) Concurrent Rebuild Remembered Sets and Scrub Regions
[2026-04-03T02:09:48.098+0600][62.554s][info][gc,start       ] GC(356) Pause Young (Normal) (G1 Evacuation Pause)
[2026-04-03T02:09:48.099+0600][62.554s][info][gc,task        ] GC(356) Using 10 workers of 10 for evacuation
[2026-04-03T02:09:48.101+0600][62.557s][info][gc,phases      ] GC(356)   Pre Evacuate Collection Set: 0.52ms
[2026-04-03T02:09:48.101+0600][62.557s][info][gc,phases      ] GC(356)   Merge Heap Roots: 0.14ms
[2026-04-03T02:09:48.101+0600][62.557s][info][gc,phases      ] GC(356)   Evacuate Collection Set: 1.24ms
[2026-04-03T02:09:48.101+0600][62.557s][info][gc,phases      ] GC(356)   Post Evacuate Collection Set: 0.54ms
[2026-04-03T02:09:48.101+0600][62.557s][info][gc,phases      ] GC(356)   Other: 0.15ms
[2026-04-03T02:09:48.101+0600][62.557s][info][gc,heap        ] GC(356) Eden regions: 25->0(104)
[2026-04-03T02:09:48.101+0600][62.557s][info][gc,heap        ] GC(356) Survivor regions: 2->2(4)
[2026-04-03T02:09:48.101+0600][62.557s][info][gc,heap        ] GC(356) Old regions: 361->361
[2026-04-03T02:09:48.101+0600][62.557s][info][gc,heap        ] GC(356) Humongous regions: 18->8
[2026-04-03T02:09:48.101+0600][62.557s][info][gc,metaspace   ] GC(356) Metaspace: 131591K(132992K)->131591K(132992K) NonClass: 115026K(115648K)->115026K(115648K) Class: 16565K(17344K)->16565K(17344K)
[2026-04-03T02:09:48.101+0600][62.557s][info][gc             ] GC(356) Pause Young (Normal) (G1 Evacuation Pause) 400M->365M(500M) 2.882ms
[2026-04-03T02:09:48.101+0600][62.557s][info][gc,cpu         ] GC(356) User=0.02s Sys=0.00s Real=0.01s
[2026-04-03T02:09:48.126+0600][62.582s][info][gc,marking     ] GC(353) Concurrent Rebuild Remembered Sets and Scrub Regions 55.219ms
[2026-04-03T02:09:48.127+0600][62.582s][info][gc,start       ] GC(353) Pause Cleanup
[2026-04-03T02:09:48.127+0600][62.583s][info][gc             ] GC(353) Pause Cleanup 384M->384M(500M) 0.582ms
[2026-04-03T02:09:48.127+0600][62.583s][info][gc,cpu         ] GC(353) User=0.00s Sys=0.00s Real=0.00s
[2026-04-03T02:09:48.127+0600][62.583s][info][gc,marking     ] GC(353) Concurrent Clear Claimed Marks
[2026-04-03T02:09:48.128+0600][62.584s][info][gc,marking     ] GC(353) Concurrent Clear Claimed Marks 0.299ms
[2026-04-03T02:09:48.128+0600][62.584s][info][gc,marking     ] GC(353) Concurrent Cleanup for Next Mark
[2026-04-03T02:09:48.129+0600][62.584s][info][gc,marking     ] GC(353) Concurrent Cleanup for Next Mark 0.881ms
[2026-04-03T02:09:48.129+0600][62.584s][info][gc             ] GC(353) Concurrent Mark Cycle 173.482ms
[2026-04-03T02:09:48.207+0600][62.663s][info][gc,start       ] GC(357) Pause Young (Prepare Mixed) (G1 Humongous Allocation)
[2026-04-03T02:09:48.207+0600][62.663s][info][gc,task        ] GC(357) Using 10 workers of 10 for evacuation
[2026-04-03T02:09:48.209+0600][62.665s][info][gc,phases      ] GC(357)   Pre Evacuate Collection Set: 0.36ms
[2026-04-03T02:09:48.209+0600][62.665s][info][gc,phases      ] GC(357)   Merge Heap Roots: 0.14ms
[2026-04-03T02:09:48.209+0600][62.665s][info][gc,phases      ] GC(357)   Evacuate Collection Set: 0.88ms
[2026-04-03T02:09:48.209+0600][62.665s][info][gc,phases      ] GC(357)   Post Evacuate Collection Set: 0.49ms
[2026-04-03T02:09:48.209+0600][62.665s][info][gc,phases      ] GC(357)   Other: 0.09ms
[2026-04-03T02:09:48.209+0600][62.665s][info][gc,heap        ] GC(357) Eden regions: 100->0(105)
[2026-04-03T02:09:48.209+0600][62.665s][info][gc,heap        ] GC(357) Survivor regions: 2->1(2)
[2026-04-03T02:09:48.209+0600][62.665s][info][gc,heap        ] GC(357) Old regions: 361->361
[2026-04-03T02:09:48.209+0600][62.665s][info][gc,heap        ] GC(357) Humongous regions: 35->8
[2026-04-03T02:09:48.209+0600][62.665s][info][gc,metaspace   ] GC(357) Metaspace: 131591K(132992K)->131591K(132992K) NonClass: 115026K(115648K)->115026K(115648K) Class: 16565K(17344K)->16565K(17344K)
[2026-04-03T02:09:48.209+0600][62.665s][info][gc             ] GC(357) Pause Young (Prepare Mixed) (G1 Humongous Allocation) 491M->364M(500M) 2.194ms
[2026-04-03T02:09:48.209+0600][62.665s][info][gc,cpu         ] GC(357) User=0.01s Sys=0.00s Real=0.00s
[2026-04-03T02:09:48.319+0600][62.775s][info][gc,start       ] GC(358) Pause Young (Mixed) (G1 Evacuation Pause)
[2026-04-03T02:09:48.319+0600][62.775s][info][gc,task        ] GC(358) Using 10 workers of 10 for evacuation
[2026-04-03T02:09:48.322+0600][62.778s][info][gc,phases      ] GC(358)   Pre Evacuate Collection Set: 0.32ms
[2026-04-03T02:09:48.322+0600][62.778s][info][gc,phases      ] GC(358)   Merge Heap Roots: 0.24ms
[2026-04-03T02:09:48.322+0600][62.778s][info][gc,phases      ] GC(358)   Evacuate Collection Set: 1.11ms
[2026-04-03T02:09:48.322+0600][62.778s][info][gc,phases      ] GC(358)   Post Evacuate Collection Set: 1.30ms
[2026-04-03T02:09:48.322+0600][62.778s][info][gc,phases      ] GC(358)   Other: 0.08ms
[2026-04-03T02:09:48.322+0600][62.778s][info][gc,heap        ] GC(358) Eden regions: 95->0(86)
[2026-04-03T02:09:48.322+0600][62.778s][info][gc,heap        ] GC(358) Survivor regions: 1->0(0)
[2026-04-03T02:09:48.322+0600][62.778s][info][gc,heap        ] GC(358) Old regions: 361->381
[2026-04-03T02:09:48.322+0600][62.778s][info][gc,heap        ] GC(358) Humongous regions: 43->8
[2026-04-03T02:09:48.322+0600][62.778s][info][gc,metaspace   ] GC(358) Metaspace: 131591K(132992K)->131591K(132992K) NonClass: 115026K(115648K)->115026K(115648K) Class: 16565K(17344K)->16565K(17344K)
[2026-04-03T02:09:48.322+0600][62.778s][info][gc             ] GC(358) Pause Young (Mixed) (G1 Evacuation Pause) (Evacuation Failure) 494M->383M(500M) 3.278ms
[2026-04-03T02:09:48.323+0600][62.778s][info][gc,cpu         ] GC(358) User=0.02s Sys=0.00s Real=0.01s
[2026-04-03T02:09:48.374+0600][62.830s][info][gc,start       ] GC(359) Pause Young (Mixed) (G1 Humongous Allocation)
[2026-04-03T02:09:48.374+0600][62.830s][info][gc,task        ] GC(359) Using 10 workers of 10 for evacuation
[2026-04-03T02:09:48.377+0600][62.833s][info][gc,phases      ] GC(359)   Pre Evacuate Collection Set: 0.39ms
[2026-04-03T02:09:48.377+0600][62.833s][info][gc,phases      ] GC(359)   Merge Heap Roots: 0.17ms
[2026-04-03T02:09:48.377+0600][62.833s][info][gc,phases      ] GC(359)   Evacuate Collection Set: 1.46ms
[2026-04-03T02:09:48.377+0600][62.833s][info][gc,phases      ] GC(359)   Post Evacuate Collection Set: 0.65ms
[2026-04-03T02:09:48.377+0600][62.833s][info][gc,phases      ] GC(359)   Other: 0.11ms
[2026-04-03T02:09:48.377+0600][62.833s][info][gc,heap        ] GC(359) Eden regions: 31->0(123)
[2026-04-03T02:09:48.377+0600][62.833s][info][gc,heap        ] GC(359) Survivor regions: 0->2(11)
[2026-04-03T02:09:48.377+0600][62.833s][info][gc,heap        ] GC(359) Old regions: 381->332
[2026-04-03T02:09:48.377+0600][62.833s][info][gc,heap        ] GC(359) Humongous regions: 36->18
[2026-04-03T02:09:48.377+0600][62.833s][info][gc,metaspace   ] GC(359) Metaspace: 131591K(132992K)->131591K(132992K) NonClass: 115026K(115648K)->115026K(115648K) Class: 16565K(17344K)->16565K(17344K)
[2026-04-03T02:09:48.377+0600][62.833s][info][gc             ] GC(359) Pause Young (Mixed) (G1 Humongous Allocation) 442M->346M(500M) 3.281ms
[2026-04-03T02:09:48.377+0600][62.833s][info][gc,cpu         ] GC(359) User=0.02s Sys=0.00s Real=0.00s
[2026-04-03T02:09:48.380+0600][62.836s][info][gc,start       ] GC(360) Pause Young (Mixed) (G1 Humongous Allocation)
[2026-04-03T02:09:48.380+0600][62.836s][info][gc,task        ] GC(360) Using 10 workers of 10 for evacuation
[2026-04-03T02:09:48.383+0600][62.839s][info][gc,phases      ] GC(360)   Pre Evacuate Collection Set: 0.35ms
[2026-04-03T02:09:48.383+0600][62.839s][info][gc,phases      ] GC(360)   Merge Heap Roots: 0.11ms
[2026-04-03T02:09:48.383+0600][62.839s][info][gc,phases      ] GC(360)   Evacuate Collection Set: 1.40ms
[2026-04-03T02:09:48.383+0600][62.839s][info][gc,phases      ] GC(360)   Post Evacuate Collection Set: 0.56ms
[2026-04-03T02:09:48.383+0600][62.839s][info][gc,phases      ] GC(360)   Other: 0.09ms
[2026-04-03T02:09:48.383+0600][62.839s][info][gc,heap        ] GC(360) Eden regions: 3->0(172)
[2026-04-03T02:09:48.383+0600][62.839s][info][gc,heap        ] GC(360) Survivor regions: 2->3(16)
[2026-04-03T02:09:48.383+0600][62.839s][info][gc,heap        ] GC(360) Old regions: 332->282
[2026-04-03T02:09:48.383+0600][62.839s][info][gc,heap        ] GC(360) Humongous regions: 43->18
[2026-04-03T02:09:48.383+0600][62.839s][info][gc,metaspace   ] GC(360) Metaspace: 131591K(132992K)->131591K(132992K) NonClass: 115026K(115648K)->115026K(115648K) Class: 16565K(17344K)->16565K(17344K)
[2026-04-03T02:09:48.383+0600][62.839s][info][gc             ] GC(360) Pause Young (Mixed) (G1 Humongous Allocation) 374M->297M(500M) 2.795ms
[2026-04-03T02:09:48.383+0600][62.839s][info][gc,cpu         ] GC(360) User=0.02s Sys=0.00s Real=0.00s
[2026-04-03T02:09:48.387+0600][62.843s][info][gc,start       ] GC(361) Pause Young (Mixed) (G1 Humongous Allocation)
[2026-04-03T02:09:48.387+0600][62.843s][info][gc,task        ] GC(361) Using 10 workers of 10 for evacuation
[2026-04-03T02:09:48.390+0600][62.846s][info][gc,phases      ] GC(361)   Pre Evacuate Collection Set: 0.61ms
[2026-04-03T02:09:48.390+0600][62.846s][info][gc,phases      ] GC(361)   Merge Heap Roots: 0.15ms
[2026-04-03T02:09:48.390+0600][62.846s][info][gc,phases      ] GC(361)   Evacuate Collection Set: 1.23ms
[2026-04-03T02:09:48.390+0600][62.846s][info][gc,phases      ] GC(361)   Post Evacuate Collection Set: 0.63ms
[2026-04-03T02:09:48.390+0600][62.846s][info][gc,phases      ] GC(361)   Other: 0.12ms
[2026-04-03T02:09:48.390+0600][62.846s][info][gc,heap        ] GC(361) Eden regions: 4->0(215)
[2026-04-03T02:09:48.390+0600][62.846s][info][gc,heap        ] GC(361) Survivor regions: 3->3(22)
[2026-04-03T02:09:48.390+0600][62.846s][info][gc,heap        ] GC(361) Old regions: 282->232
[2026-04-03T02:09:48.390+0600][62.846s][info][gc,heap        ] GC(361) Humongous regions: 68->23
[2026-04-03T02:09:48.390+0600][62.846s][info][gc,metaspace   ] GC(361) Metaspace: 131591K(132992K)->131591K(132992K) NonClass: 115026K(115648K)->115026K(115648K) Class: 16565K(17344K)->16565K(17344K)
[2026-04-03T02:09:48.390+0600][62.846s][info][gc             ] GC(361) Pause Young (Mixed) (G1 Humongous Allocation) 350M->253M(500M) 3.031ms
[2026-04-03T02:09:48.390+0600][62.846s][info][gc,cpu         ] GC(361) User=0.02s Sys=0.00s Real=0.01s
[2026-04-03T02:09:48.398+0600][62.854s][info][gc,start       ] GC(362) Pause Young (Mixed) (G1 Humongous Allocation)
[2026-04-03T02:09:48.398+0600][62.854s][info][gc,task        ] GC(362) Using 10 workers of 10 for evacuation
[2026-04-03T02:09:48.401+0600][62.857s][info][gc,phases      ] GC(362)   Pre Evacuate Collection Set: 0.48ms
[2026-04-03T02:09:48.401+0600][62.857s][info][gc,phases      ] GC(362)   Merge Heap Roots: 0.11ms
[2026-04-03T02:09:48.401+0600][62.857s][info][gc,phases      ] GC(362)   Evacuate Collection Set: 1.51ms
[2026-04-03T02:09:48.401+0600][62.857s][info][gc,phases      ] GC(362)   Post Evacuate Collection Set: 0.81ms
[2026-04-03T02:09:48.401+0600][62.857s][info][gc,phases      ] GC(362)   Other: 0.09ms
[2026-04-03T02:09:48.401+0600][62.857s][info][gc,heap        ] GC(362) Eden regions: 9->0(266)
[2026-04-03T02:09:48.401+0600][62.857s][info][gc,heap        ] GC(362) Survivor regions: 3->4(28)
[2026-04-03T02:09:48.401+0600][62.857s][info][gc,heap        ] GC(362) Old regions: 232->183
[2026-04-03T02:09:48.401+0600][62.857s][info][gc,heap        ] GC(362) Humongous regions: 118->13
[2026-04-03T02:09:48.401+0600][62.857s][info][gc,metaspace   ] GC(362) Metaspace: 131591K(132992K)->131591K(132992K) NonClass: 115026K(115648K)->115026K(115648K) Class: 16565K(17344K)->16565K(17344K)
[2026-04-03T02:09:48.401+0600][62.857s][info][gc             ] GC(362) Pause Young (Mixed) (G1 Humongous Allocation) 357M->196M(500M) 3.260ms
[2026-04-03T02:09:48.402+0600][62.857s][info][gc,cpu         ] GC(362) User=0.01s Sys=0.00s Real=0.01s
[2026-04-03T02:09:48.463+0600][62.919s][info][gc,start       ] GC(363) Pause Young (Mixed) (GCLocker Initiated GC)
[2026-04-03T02:09:48.463+0600][62.919s][info][gc,task        ] GC(363) Using 10 workers of 10 for evacuation
[2026-04-03T02:09:48.466+0600][62.922s][info][gc,phases      ] GC(363)   Pre Evacuate Collection Set: 0.31ms
[2026-04-03T02:09:48.466+0600][62.922s][info][gc,phases      ] GC(363)   Merge Heap Roots: 0.13ms
[2026-04-03T02:09:48.466+0600][62.922s][info][gc,phases      ] GC(363)   Evacuate Collection Set: 1.23ms
[2026-04-03T02:09:48.466+0600][62.922s][info][gc,phases      ] GC(363)   Post Evacuate Collection Set: 0.60ms
[2026-04-03T02:09:48.466+0600][62.922s][info][gc,phases      ] GC(363)   Other: 0.08ms
[2026-04-03T02:09:48.466+0600][62.922s][info][gc,heap        ] GC(363) Eden regions: 52->0(274)
[2026-04-03T02:09:48.466+0600][62.922s][info][gc,heap        ] GC(363) Survivor regions: 4->3(34)
[2026-04-03T02:09:48.466+0600][62.922s][info][gc,heap        ] GC(363) Old regions: 183->180
[2026-04-03T02:09:48.466+0600][62.922s][info][gc,heap        ] GC(363) Humongous regions: 192->8
[2026-04-03T02:09:48.466+0600][62.922s][info][gc,metaspace   ] GC(363) Metaspace: 131591K(132992K)->131591K(132992K) NonClass: 115026K(115648K)->115026K(115648K) Class: 16565K(17344K)->16565K(17344K)
[2026-04-03T02:09:48.466+0600][62.922s][info][gc             ] GC(363) Pause Young (Mixed) (GCLocker Initiated GC) 426M->187M(500M) 2.605ms
[2026-04-03T02:09:48.466+0600][62.922s][info][gc,cpu         ] GC(363) User=0.02s Sys=0.00s Real=0.00s
[2026-04-03T02:09:48.467+0600][62.923s][info][gc,start       ] GC(364) Pause Young (Concurrent Start) (G1 Humongous Allocation)
[2026-04-03T02:09:48.467+0600][62.923s][info][gc,task        ] GC(364) Using 10 workers of 10 for evacuation
[2026-04-03T02:09:48.470+0600][62.925s][info][gc,phases      ] GC(364)   Pre Evacuate Collection Set: 0.34ms
[2026-04-03T02:09:48.470+0600][62.926s][info][gc,phases      ] GC(364)   Merge Heap Roots: 0.10ms
[2026-04-03T02:09:48.470+0600][62.926s][info][gc,phases      ] GC(364)   Evacuate Collection Set: 1.41ms
[2026-04-03T02:09:48.470+0600][62.926s][info][gc,phases      ] GC(364)   Post Evacuate Collection Set: 0.42ms
[2026-04-03T02:09:48.470+0600][62.926s][info][gc,phases      ] GC(364)   Other: 0.09ms
[2026-04-03T02:09:48.470+0600][62.926s][info][gc,heap        ] GC(364) Eden regions: 1->0(223)
[2026-04-03T02:09:48.470+0600][62.926s][info][gc,heap        ] GC(364) Survivor regions: 3->3(35)
[2026-04-03T02:09:48.470+0600][62.926s][info][gc,heap        ] GC(364) Old regions: 180->180
[2026-04-03T02:09:48.470+0600][62.926s][info][gc,heap        ] GC(364) Humongous regions: 18->18
[2026-04-03T02:09:48.470+0600][62.926s][info][gc,metaspace   ] GC(364) Metaspace: 131591K(132992K)->131591K(132992K) NonClass: 115026K(115648K)->115026K(115648K) Class: 16565K(17344K)->16565K(17344K)
[2026-04-03T02:09:48.470+0600][62.926s][info][gc             ] GC(364) Pause Young (Concurrent Start) (G1 Humongous Allocation) 198M->197M(500M) 2.622ms
[2026-04-03T02:09:48.470+0600][62.926s][info][gc             ] GC(365) Concurrent Mark Cycle
[2026-04-03T02:09:48.470+0600][62.926s][info][gc,marking     ] GC(365) Concurrent Scan Root Regions
[2026-04-03T02:09:48.470+0600][62.926s][info][gc,cpu         ] GC(364) User=0.02s Sys=0.01s Real=0.01s
[2026-04-03T02:09:48.472+0600][62.928s][info][gc,marking     ] GC(365) Concurrent Scan Root Regions 2.039ms
[2026-04-03T02:09:48.472+0600][62.928s][info][gc,marking     ] GC(365) Concurrent Mark
[2026-04-03T02:09:48.472+0600][62.928s][info][gc,marking     ] GC(365) Concurrent Mark From Roots
[2026-04-03T02:09:48.472+0600][62.928s][info][gc,task        ] GC(365) Using 3 workers of 3 for marking
[2026-04-03T02:09:48.483+0600][62.939s][info][gc,start       ] GC(366) Pause Young (Normal) (G1 Humongous Allocation)
[2026-04-03T02:09:48.483+0600][62.939s][info][gc,task        ] GC(366) Using 10 workers of 10 for evacuation
[2026-04-03T02:09:48.486+0600][62.942s][info][gc,phases      ] GC(366)   Pre Evacuate Collection Set: 0.54ms
[2026-04-03T02:09:48.486+0600][62.942s][info][gc,phases      ] GC(366)   Merge Heap Roots: 0.11ms
[2026-04-03T02:09:48.486+0600][62.942s][info][gc,phases      ] GC(366)   Evacuate Collection Set: 1.18ms
[2026-04-03T02:09:48.486+0600][62.942s][info][gc,phases      ] GC(366)   Post Evacuate Collection Set: 0.71ms
[2026-04-03T02:09:48.486+0600][62.942s][info][gc,phases      ] GC(366)   Other: 0.10ms
[2026-04-03T02:09:48.486+0600][62.942s][info][gc,heap        ] GC(366) Eden regions: 10->0(221)
[2026-04-03T02:09:48.486+0600][62.942s][info][gc,heap        ] GC(366) Survivor regions: 3->5(29)
[2026-04-03T02:09:48.486+0600][62.942s][info][gc,heap        ] GC(366) Old regions: 180->180
[2026-04-03T02:09:48.486+0600][62.942s][info][gc,heap        ] GC(366) Humongous regions: 203->18
[2026-04-03T02:09:48.486+0600][62.942s][info][gc,metaspace   ] GC(366) Metaspace: 131591K(132992K)->131591K(132992K) NonClass: 115026K(115648K)->115026K(115648K) Class: 16565K(17344K)->16565K(17344K)
[2026-04-03T02:09:48.486+0600][62.942s][info][gc             ] GC(366) Pause Young (Normal) (G1 Humongous Allocation) 392M->199M(500M) 2.968ms
[2026-04-03T02:09:48.486+0600][62.942s][info][gc,cpu         ] GC(366) User=0.02s Sys=0.00s Real=0.00s
[2026-04-03T02:09:48.579+0600][63.035s][info][gc,marking     ] GC(365) Concurrent Mark From Roots 106.883ms
[2026-04-03T02:09:48.579+0600][63.035s][info][gc,marking     ] GC(365) Concurrent Preclean
[2026-04-03T02:09:48.579+0600][63.035s][info][gc,marking     ] GC(365) Concurrent Preclean 0.289ms
[2026-04-03T02:09:48.580+0600][63.035s][info][gc,start       ] GC(365) Pause Remark
[2026-04-03T02:09:48.588+0600][63.043s][info][gc             ] GC(365) Pause Remark 411M->394M(500M) 8.074ms
[2026-04-03T02:09:48.588+0600][63.044s][info][gc,cpu         ] GC(365) User=0.05s Sys=0.01s Real=0.01s
[2026-04-03T02:09:48.588+0600][63.044s][info][gc,marking     ] GC(365) Concurrent Mark 115.971ms
[2026-04-03T02:09:48.588+0600][63.044s][info][gc,marking     ] GC(365) Concurrent Rebuild Remembered Sets and Scrub Regions
[2026-04-03T02:09:48.633+0600][63.089s][info][gc,marking     ] GC(365) Concurrent Rebuild Remembered Sets and Scrub Regions 44.790ms
[2026-04-03T02:09:48.633+0600][63.089s][info][gc,start       ] GC(365) Pause Cleanup
[2026-04-03T02:09:48.634+0600][63.090s][info][gc             ] GC(365) Pause Cleanup 439M->439M(500M) 0.528ms
[2026-04-03T02:09:48.634+0600][63.090s][info][gc,cpu         ] GC(365) User=0.00s Sys=0.00s Real=0.00s
[2026-04-03T02:09:48.634+0600][63.090s][info][gc,marking     ] GC(365) Concurrent Clear Claimed Marks
[2026-04-03T02:09:48.634+0600][63.090s][info][gc,marking     ] GC(365) Concurrent Clear Claimed Marks 0.320ms
[2026-04-03T02:09:48.634+0600][63.090s][info][gc,marking     ] GC(365) Concurrent Cleanup for Next Mark
[2026-04-03T02:09:48.636+0600][63.092s][info][gc,marking     ] GC(365) Concurrent Cleanup for Next Mark 1.466ms
[2026-04-03T02:09:48.636+0600][63.092s][info][gc             ] GC(365) Concurrent Mark Cycle 166.209ms
[2026-04-03T02:09:48.663+0600][63.119s][info][gc,start       ] GC(367) Pause Young (Prepare Mixed) (G1 Humongous Allocation)
[2026-04-03T02:09:48.663+0600][63.119s][info][gc,task        ] GC(367) Using 10 workers of 10 for evacuation
[2026-04-03T02:09:48.666+0600][63.122s][info][gc,phases      ] GC(367)   Pre Evacuate Collection Set: 0.44ms
[2026-04-03T02:09:48.666+0600][63.122s][info][gc,phases      ] GC(367)   Merge Heap Roots: 0.15ms
[2026-04-03T02:09:48.666+0600][63.122s][info][gc,phases      ] GC(367)   Evacuate Collection Set: 1.39ms
[2026-04-03T02:09:48.666+0600][63.122s][info][gc,phases      ] GC(367)   Post Evacuate Collection Set: 0.61ms
[2026-04-03T02:09:48.666+0600][63.122s][info][gc,phases      ] GC(367)   Other: 0.08ms
[2026-04-03T02:09:48.666+0600][63.122s][info][gc,heap        ] GC(367) Eden regions: 93->0(256)
[2026-04-03T02:09:48.666+0600][63.122s][info][gc,heap        ] GC(367) Survivor regions: 5->3(29)
[2026-04-03T02:09:48.666+0600][63.122s][info][gc,heap        ] GC(367) Old regions: 163->163
[2026-04-03T02:09:48.666+0600][63.122s][info][gc,heap        ] GC(367) Humongous regions: 209->8
[2026-04-03T02:09:48.666+0600][63.122s][info][gc,metaspace   ] GC(367) Metaspace: 131594K(132992K)->131594K(132992K) NonClass: 115029K(115648K)->115029K(115648K) Class: 16565K(17344K)->16565K(17344K)
[2026-04-03T02:09:48.666+0600][63.122s][info][gc             ] GC(367) Pause Young (Prepare Mixed) (G1 Humongous Allocation) 465M->170M(500M) 2.887ms
[2026-04-03T02:09:48.666+0600][63.122s][info][gc,cpu         ] GC(367) User=0.01s Sys=0.00s Real=0.00s
[2026-04-03T02:09:49.068+0600][63.524s][info][gc,start       ] GC(368) Pause Young (Mixed) (G1 Humongous Allocation)
[2026-04-03T02:09:49.068+0600][63.524s][info][gc,task        ] GC(368) Using 10 workers of 10 for evacuation
[2026-04-03T02:09:49.073+0600][63.529s][info][gc,phases      ] GC(368)   Pre Evacuate Collection Set: 0.60ms
[2026-04-03T02:09:49.073+0600][63.529s][info][gc,phases      ] GC(368)   Merge Heap Roots: 0.34ms
[2026-04-03T02:09:49.073+0600][63.529s][info][gc,phases      ] GC(368)   Evacuate Collection Set: 2.07ms
[2026-04-03T02:09:49.073+0600][63.529s][info][gc,phases      ] GC(368)   Post Evacuate Collection Set: 1.01ms
[2026-04-03T02:09:49.073+0600][63.529s][info][gc,phases      ] GC(368)   Other: 0.15ms
[2026-04-03T02:09:49.073+0600][63.529s][info][gc,heap        ] GC(368) Eden regions: 234->0(294)
[2026-04-03T02:09:49.073+0600][63.529s][info][gc,heap        ] GC(368) Survivor regions: 3->6(8)
[2026-04-03T02:09:49.073+0600][63.529s][info][gc,heap        ] GC(368) Old regions: 163->114
[2026-04-03T02:09:49.073+0600][63.529s][info][gc,heap        ] GC(368) Humongous regions: 92->8
[2026-04-03T02:09:49.073+0600][63.529s][info][gc,metaspace   ] GC(368) Metaspace: 131604K(132992K)->131604K(132992K) NonClass: 115039K(115648K)->115039K(115648K) Class: 16565K(17344K)->16565K(17344K)
[2026-04-03T02:09:49.073+0600][63.529s][info][gc             ] GC(368) Pause Young (Mixed) (G1 Humongous Allocation) 487M->122M(500M) 4.552ms
[2026-04-03T02:09:49.073+0600][63.529s][info][gc,cpu         ] GC(368) User=0.03s Sys=0.00s Real=0.01s
[2026-04-03T02:09:49.318+0600][63.774s][info][gc,start       ] GC(369) Pause Young (Mixed) (GCLocker Initiated GC)
[2026-04-03T02:09:49.318+0600][63.774s][info][gc,task        ] GC(369) Using 10 workers of 10 for evacuation
[2026-04-03T02:09:49.323+0600][63.779s][info][gc,phases      ] GC(369)   Pre Evacuate Collection Set: 0.46ms
[2026-04-03T02:09:49.323+0600][63.779s][info][gc,phases      ] GC(369)   Merge Heap Roots: 0.25ms
[2026-04-03T02:09:49.323+0600][63.779s][info][gc,phases      ] GC(369)   Evacuate Collection Set: 2.78ms
[2026-04-03T02:09:49.323+0600][63.779s][info][gc,phases      ] GC(369)   Post Evacuate Collection Set: 0.82ms
[2026-04-03T02:09:49.323+0600][63.779s][info][gc,phases      ] GC(369)   Other: 0.13ms
[2026-04-03T02:09:49.323+0600][63.779s][info][gc,heap        ] GC(369) Eden regions: 203->0(294)
[2026-04-03T02:09:49.323+0600][63.779s][info][gc,heap        ] GC(369) Survivor regions: 6->6(7)
[2026-04-03T02:09:49.323+0600][63.779s][info][gc,heap        ] GC(369) Old regions: 114->111
[2026-04-03T02:09:49.323+0600][63.779s][info][gc,heap        ] GC(369) Humongous regions: 170->8
[2026-04-03T02:09:49.323+0600][63.779s][info][gc,metaspace   ] GC(369) Metaspace: 131607K(132992K)->131607K(132992K) NonClass: 115042K(115648K)->115042K(115648K) Class: 16565K(17344K)->16565K(17344K)
[2026-04-03T02:09:49.323+0600][63.779s][info][gc             ] GC(369) Pause Young (Mixed) (GCLocker Initiated GC) 487M->120M(500M) 4.767ms
[2026-04-03T02:09:49.323+0600][63.779s][info][gc,cpu         ] GC(369) User=0.04s Sys=0.00s Real=0.01s
[2026-04-03T02:09:49.324+0600][63.780s][info][gc,start       ] GC(370) Pause Young (Concurrent Start) (GCLocker Initiated GC)
[2026-04-03T02:09:49.324+0600][63.780s][info][gc,task        ] GC(370) Using 10 workers of 10 for evacuation
[2026-04-03T02:09:49.328+0600][63.784s][info][gc,phases      ] GC(370)   Pre Evacuate Collection Set: 0.39ms
[2026-04-03T02:09:49.328+0600][63.784s][info][gc,phases      ] GC(370)   Merge Heap Roots: 0.08ms
[2026-04-03T02:09:49.328+0600][63.784s][info][gc,phases      ] GC(370)   Evacuate Collection Set: 2.80ms
[2026-04-03T02:09:49.328+0600][63.784s][info][gc,phases      ] GC(370)   Post Evacuate Collection Set: 0.74ms
[2026-04-03T02:09:49.328+0600][63.784s][info][gc,phases      ] GC(370)   Other: 0.13ms
[2026-04-03T02:09:49.328+0600][63.784s][info][gc,heap        ] GC(370) Eden regions: 5->0(294)
[2026-04-03T02:09:49.328+0600][63.784s][info][gc,heap        ] GC(370) Survivor regions: 6->6(38)
[2026-04-03T02:09:49.328+0600][63.784s][info][gc,heap        ] GC(370) Old regions: 111->111
[2026-04-03T02:09:49.328+0600][63.784s][info][gc,heap        ] GC(370) Humongous regions: 10->8
[2026-04-03T02:09:49.328+0600][63.784s][info][gc,metaspace   ] GC(370) Metaspace: 131607K(132992K)->131607K(132992K) NonClass: 115042K(115648K)->115042K(115648K) Class: 16565K(17344K)->16565K(17344K)
[2026-04-03T02:09:49.328+0600][63.784s][info][gc             ] GC(370) Pause Young (Concurrent Start) (GCLocker Initiated GC) 126M->120M(500M) 4.492ms
[2026-04-03T02:09:49.329+0600][63.784s][info][gc             ] GC(371) Concurrent Mark Cycle
[2026-04-03T02:09:49.329+0600][63.785s][info][gc,marking     ] GC(371) Concurrent Scan Root Regions
[2026-04-03T02:09:49.329+0600][63.785s][info][gc,cpu         ] GC(370) User=0.04s Sys=0.00s Real=0.00s
[2026-04-03T02:09:49.331+0600][63.787s][info][gc,marking     ] GC(371) Concurrent Scan Root Regions 2.837ms
[2026-04-03T02:09:49.332+0600][63.787s][info][gc,marking     ] GC(371) Concurrent Mark
[2026-04-03T02:09:49.332+0600][63.787s][info][gc,marking     ] GC(371) Concurrent Mark From Roots
[2026-04-03T02:09:49.332+0600][63.787s][info][gc,task        ] GC(371) Using 3 workers of 3 for marking
[2026-04-03T02:09:49.460+0600][63.916s][info][gc,marking     ] GC(371) Concurrent Mark From Roots 128.541ms
[2026-04-03T02:09:49.460+0600][63.916s][info][gc,marking     ] GC(371) Concurrent Preclean
[2026-04-03T02:09:49.461+0600][63.917s][info][gc,marking     ] GC(371) Concurrent Preclean 0.599ms
[2026-04-03T02:09:49.461+0600][63.917s][info][gc,start       ] GC(371) Pause Remark
[2026-04-03T02:09:49.470+0600][63.926s][info][gc             ] GC(371) Pause Remark 288M->288M(500M) 9.118ms
[2026-04-03T02:09:49.471+0600][63.926s][info][gc,cpu         ] GC(371) User=0.07s Sys=0.00s Real=0.01s
[2026-04-03T02:09:49.471+0600][63.927s][info][gc,marking     ] GC(371) Concurrent Mark 139.150ms
[2026-04-03T02:09:49.471+0600][63.927s][info][gc,marking     ] GC(371) Concurrent Rebuild Remembered Sets and Scrub Regions
[2026-04-03T02:09:49.508+0600][63.964s][info][gc,marking     ] GC(371) Concurrent Rebuild Remembered Sets and Scrub Regions 37.169ms
[2026-04-03T02:09:49.508+0600][63.964s][info][gc,start       ] GC(371) Pause Cleanup
[2026-04-03T02:09:49.509+0600][63.965s][info][gc             ] GC(371) Pause Cleanup 313M->313M(500M) 0.544ms
[2026-04-03T02:09:49.509+0600][63.965s][info][gc,cpu         ] GC(371) User=0.00s Sys=0.00s Real=0.00s
[2026-04-03T02:09:49.509+0600][63.965s][info][gc,marking     ] GC(371) Concurrent Clear Claimed Marks
[2026-04-03T02:09:49.510+0600][63.966s][info][gc,marking     ] GC(371) Concurrent Clear Claimed Marks 0.457ms
[2026-04-03T02:09:49.510+0600][63.966s][info][gc,marking     ] GC(371) Concurrent Cleanup for Next Mark
[2026-04-03T02:09:49.511+0600][63.967s][info][gc,marking     ] GC(371) Concurrent Cleanup for Next Mark 1.258ms
[2026-04-03T02:09:49.511+0600][63.967s][info][gc             ] GC(371) Concurrent Mark Cycle 182.668ms
[2026-04-03T02:09:49.616+0600][64.072s][info][gc,start       ] GC(372) Pause Young (Prepare Mixed) (G1 Humongous Allocation)
[2026-04-03T02:09:49.616+0600][64.072s][info][gc,task        ] GC(372) Using 10 workers of 10 for evacuation
[2026-04-03T02:09:49.619+0600][64.075s][info][gc,phases      ] GC(372)   Pre Evacuate Collection Set: 0.31ms
[2026-04-03T02:09:49.619+0600][64.075s][info][gc,phases      ] GC(372)   Merge Heap Roots: 0.20ms
[2026-04-03T02:09:49.619+0600][64.075s][info][gc,phases      ] GC(372)   Evacuate Collection Set: 1.69ms
[2026-04-03T02:09:49.619+0600][64.075s][info][gc,phases      ] GC(372)   Post Evacuate Collection Set: 0.90ms
[2026-04-03T02:09:49.619+0600][64.075s][info][gc,phases      ] GC(372)   Other: 0.09ms
[2026-04-03T02:09:49.619+0600][64.075s][info][gc,heap        ] GC(372) Eden regions: 206->0(295)
[2026-04-03T02:09:49.619+0600][64.075s][info][gc,heap        ] GC(372) Survivor regions: 6->5(8)
[2026-04-03T02:09:49.619+0600][64.075s][info][gc,heap        ] GC(372) Old regions: 111->111
[2026-04-03T02:09:49.619+0600][64.075s][info][gc,heap        ] GC(372) Humongous regions: 169->8
[2026-04-03T02:09:49.619+0600][64.075s][info][gc,metaspace   ] GC(372) Metaspace: 131607K(132992K)->131607K(132992K) NonClass: 115042K(115648K)->115042K(115648K) Class: 16565K(17344K)->16565K(17344K)
[2026-04-03T02:09:49.619+0600][64.075s][info][gc             ] GC(372) Pause Young (Prepare Mixed) (G1 Humongous Allocation) 486M->119M(500M) 3.444ms
[2026-04-03T02:09:49.619+0600][64.075s][info][gc,cpu         ] GC(372) User=0.02s Sys=0.00s Real=0.00s
[2026-04-03T02:09:49.950+0600][64.406s][info][gc,start       ] GC(373) Pause Young (Mixed) (G1 Evacuation Pause)
[2026-04-03T02:09:49.950+0600][64.406s][info][gc,task        ] GC(373) Using 10 workers of 10 for evacuation
[2026-04-03T02:09:49.959+0600][64.415s][info][gc,phases      ] GC(373)   Pre Evacuate Collection Set: 0.37ms
[2026-04-03T02:09:49.959+0600][64.415s][info][gc,phases      ] GC(373)   Merge Heap Roots: 0.22ms
[2026-04-03T02:09:49.959+0600][64.415s][info][gc,phases      ] GC(373)   Evacuate Collection Set: 3.88ms
[2026-04-03T02:09:49.959+0600][64.415s][info][gc,phases      ] GC(373)   Post Evacuate Collection Set: 4.27ms
[2026-04-03T02:09:49.959+0600][64.415s][info][gc,phases      ] GC(373)   Other: 0.12ms
[2026-04-03T02:09:49.959+0600][64.415s][info][gc,heap        ] GC(373) Eden regions: 246->0(187)
[2026-04-03T02:09:49.959+0600][64.415s][info][gc,heap        ] GC(373) Survivor regions: 5->0(0)
[2026-04-03T02:09:49.959+0600][64.415s][info][gc,heap        ] GC(373) Old regions: 111->280
[2026-04-03T02:09:49.959+0600][64.415s][info][gc,heap        ] GC(373) Humongous regions: 138->8
[2026-04-03T02:09:49.959+0600][64.415s][info][gc,metaspace   ] GC(373) Metaspace: 131616K(133056K)->131616K(133056K) NonClass: 115050K(115712K)->115050K(115712K) Class: 16566K(17344K)->16566K(17344K)
[2026-04-03T02:09:49.959+0600][64.415s][info][gc             ] GC(373) Pause Young (Mixed) (G1 Evacuation Pause) (Evacuation Failure) 495M->284M(500M) 9.201ms
[2026-04-03T02:09:49.959+0600][64.415s][info][gc,cpu         ] GC(373) User=0.08s Sys=0.01s Real=0.00s
[2026-04-03T02:09:49.972+0600][64.428s][info][gc,start       ] GC(374) Pause Young (Concurrent Start) (G1 Humongous Allocation)
[2026-04-03T02:09:49.972+0600][64.428s][info][gc,task        ] GC(374) Using 10 workers of 10 for evacuation
[2026-04-03T02:09:49.975+0600][64.431s][info][gc,phases      ] GC(374)   Pre Evacuate Collection Set: 0.57ms
[2026-04-03T02:09:49.976+0600][64.431s][info][gc,phases      ] GC(374)   Merge Heap Roots: 0.19ms
[2026-04-03T02:09:49.976+0600][64.431s][info][gc,phases      ] GC(374)   Evacuate Collection Set: 2.00ms
[2026-04-03T02:09:49.976+0600][64.431s][info][gc,phases      ] GC(374)   Post Evacuate Collection Set: 0.68ms
[2026-04-03T02:09:49.976+0600][64.431s][info][gc,phases      ] GC(374)   Other: 0.21ms
[2026-04-03T02:09:49.976+0600][64.431s][info][gc,heap        ] GC(374) Eden regions: 19->0(185)
[2026-04-03T02:09:49.976+0600][64.432s][info][gc,heap        ] GC(374) Survivor regions: 0->2(24)
[2026-04-03T02:09:49.976+0600][64.432s][info][gc,heap        ] GC(374) Old regions: 280->280
[2026-04-03T02:09:49.976+0600][64.432s][info][gc,heap        ] GC(374) Humongous regions: 8->8
[2026-04-03T02:09:49.976+0600][64.432s][info][gc,metaspace   ] GC(374) Metaspace: 131616K(133056K)->131616K(133056K) NonClass: 115050K(115712K)->115050K(115712K) Class: 16566K(17344K)->16566K(17344K)
[2026-04-03T02:09:49.976+0600][64.432s][info][gc             ] GC(374) Pause Young (Concurrent Start) (G1 Humongous Allocation) 302M->286M(500M) 4.029ms
[2026-04-03T02:09:49.976+0600][64.432s][info][gc             ] GC(375) Concurrent Mark Cycle
[2026-04-03T02:09:49.976+0600][64.432s][info][gc,cpu         ] GC(374) User=0.02s Sys=0.00s Real=0.00s
[2026-04-03T02:09:49.976+0600][64.432s][info][gc,marking     ] GC(375) Concurrent Scan Root Regions
[2026-04-03T02:09:49.979+0600][64.435s][info][gc,marking     ] GC(375) Concurrent Scan Root Regions 3.372ms
[2026-04-03T02:09:49.979+0600][64.435s][info][gc,marking     ] GC(375) Concurrent Mark
[2026-04-03T02:09:49.979+0600][64.435s][info][gc,marking     ] GC(375) Concurrent Mark From Roots
[2026-04-03T02:09:49.979+0600][64.435s][info][gc,task        ] GC(375) Using 3 workers of 3 for marking
[2026-04-03T02:09:50.100+0600][64.556s][info][gc,marking     ] GC(375) Concurrent Mark From Roots 120.522ms
[2026-04-03T02:09:50.100+0600][64.556s][info][gc,marking     ] GC(375) Concurrent Preclean
[2026-04-03T02:09:50.101+0600][64.557s][info][gc,marking     ] GC(375) Concurrent Preclean 0.623ms
[2026-04-03T02:09:50.101+0600][64.557s][info][gc,start       ] GC(375) Pause Remark
[2026-04-03T02:09:50.110+0600][64.566s][info][gc             ] GC(375) Pause Remark 428M->427M(500M) 9.228ms
[2026-04-03T02:09:50.110+0600][64.566s][info][gc,cpu         ] GC(375) User=0.07s Sys=0.00s Real=0.01s
[2026-04-03T02:09:50.111+0600][64.566s][info][gc,marking     ] GC(375) Concurrent Mark 131.173ms
[2026-04-03T02:09:50.111+0600][64.567s][info][gc,marking     ] GC(375) Concurrent Rebuild Remembered Sets and Scrub Regions
[2026-04-03T02:09:50.151+0600][64.607s][info][gc,marking     ] GC(375) Concurrent Rebuild Remembered Sets and Scrub Regions 39.932ms
[2026-04-03T02:09:50.151+0600][64.607s][info][gc,start       ] GC(375) Pause Cleanup
[2026-04-03T02:09:50.152+0600][64.607s][info][gc             ] GC(375) Pause Cleanup 441M->441M(500M) 0.532ms
[2026-04-03T02:09:50.152+0600][64.607s][info][gc,cpu         ] GC(375) User=0.00s Sys=0.00s Real=0.00s
[2026-04-03T02:09:50.152+0600][64.608s][info][gc,marking     ] GC(375) Concurrent Clear Claimed Marks
[2026-04-03T02:09:50.152+0600][64.608s][info][gc,marking     ] GC(375) Concurrent Clear Claimed Marks 0.370ms
[2026-04-03T02:09:50.152+0600][64.608s][info][gc,marking     ] GC(375) Concurrent Cleanup for Next Mark
[2026-04-03T02:09:50.153+0600][64.609s][info][gc,marking     ] GC(375) Concurrent Cleanup for Next Mark 0.759ms
[2026-04-03T02:09:50.153+0600][64.609s][info][gc             ] GC(375) Concurrent Mark Cycle 177.168ms
[2026-04-03T02:09:50.222+0600][64.678s][info][gc,start       ] GC(376) Pause Young (Prepare Mixed) (G1 Humongous Allocation)
[2026-04-03T02:09:50.222+0600][64.678s][info][gc,task        ] GC(376) Using 10 workers of 10 for evacuation
[2026-04-03T02:09:50.225+0600][64.681s][info][gc,phases      ] GC(376)   Pre Evacuate Collection Set: 0.40ms
[2026-04-03T02:09:50.226+0600][64.681s][info][gc,phases      ] GC(376)   Merge Heap Roots: 0.20ms
[2026-04-03T02:09:50.226+0600][64.681s][info][gc,phases      ] GC(376)   Evacuate Collection Set: 1.74ms
[2026-04-03T02:09:50.226+0600][64.681s][info][gc,phases      ] GC(376)   Post Evacuate Collection Set: 0.63ms
[2026-04-03T02:09:50.226+0600][64.681s][info][gc,phases      ] GC(376)   Other: 0.10ms
[2026-04-03T02:09:50.226+0600][64.681s][info][gc,heap        ] GC(376) Eden regions: 141->0(186)
[2026-04-03T02:09:50.226+0600][64.681s][info][gc,heap        ] GC(376) Survivor regions: 2->2(6)
[2026-04-03T02:09:50.226+0600][64.681s][info][gc,heap        ] GC(376) Old regions: 279->279
[2026-04-03T02:09:50.226+0600][64.681s][info][gc,heap        ] GC(376) Humongous regions: 72->8
[2026-04-03T02:09:50.226+0600][64.682s][info][gc,metaspace   ] GC(376) Metaspace: 131616K(133056K)->131616K(133056K) NonClass: 115050K(115712K)->115050K(115712K) Class: 16566K(17344K)->16566K(17344K)
[2026-04-03T02:09:50.226+0600][64.682s][info][gc             ] GC(376) Pause Young (Prepare Mixed) (G1 Humongous Allocation) 490M->284M(500M) 3.319ms
[2026-04-03T02:09:50.226+0600][64.682s][info][gc,cpu         ] GC(376) User=0.01s Sys=0.00s Real=0.00s
[2026-04-03T02:09:50.246+0600][64.702s][info][gc,start       ] GC(377) Pause Young (Mixed) (G1 Humongous Allocation)
[2026-04-03T02:09:50.246+0600][64.702s][info][gc,task        ] GC(377) Using 10 workers of 10 for evacuation
[2026-04-03T02:09:50.249+0600][64.705s][info][gc,phases      ] GC(377)   Pre Evacuate Collection Set: 0.37ms
[2026-04-03T02:09:50.249+0600][64.705s][info][gc,phases      ] GC(377)   Merge Heap Roots: 0.13ms
[2026-04-03T02:09:50.249+0600][64.705s][info][gc,phases      ] GC(377)   Evacuate Collection Set: 1.78ms
[2026-04-03T02:09:50.249+0600][64.705s][info][gc,phases      ] GC(377)   Post Evacuate Collection Set: 0.67ms
[2026-04-03T02:09:50.249+0600][64.705s][info][gc,phases      ] GC(377)   Other: 0.09ms
[2026-04-03T02:09:50.249+0600][64.705s][info][gc,heap        ] GC(377) Eden regions: 18->0(222)
[2026-04-03T02:09:50.249+0600][64.705s][info][gc,heap        ] GC(377) Survivor regions: 2->5(24)
[2026-04-03T02:09:50.249+0600][64.705s][info][gc,heap        ] GC(377) Old regions: 279->230
[2026-04-03T02:09:50.249+0600][64.705s][info][gc,heap        ] GC(377) Humongous regions: 153->18
[2026-04-03T02:09:50.249+0600][64.705s][info][gc,metaspace   ] GC(377) Metaspace: 131616K(133056K)->131616K(133056K) NonClass: 115050K(115712K)->115050K(115712K) Class: 16566K(17344K)->16566K(17344K)
[2026-04-03T02:09:50.249+0600][64.705s][info][gc             ] GC(377) Pause Young (Mixed) (G1 Humongous Allocation) 447M->247M(500M) 3.314ms
[2026-04-03T02:09:50.249+0600][64.705s][info][gc,cpu         ] GC(377) User=0.02s Sys=0.00s Real=0.00s
[2026-04-03T02:09:50.260+0600][64.716s][info][gc,start       ] GC(378) Pause Young (Mixed) (G1 Humongous Allocation)
[2026-04-03T02:09:50.260+0600][64.716s][info][gc,task        ] GC(378) Using 10 workers of 10 for evacuation
[2026-04-03T02:09:50.264+0600][64.719s][info][gc,phases      ] GC(378)   Pre Evacuate Collection Set: 0.47ms
[2026-04-03T02:09:50.264+0600][64.720s][info][gc,phases      ] GC(378)   Merge Heap Roots: 0.16ms
[2026-04-03T02:09:50.264+0600][64.720s][info][gc,phases      ] GC(378)   Evacuate Collection Set: 2.24ms
[2026-04-03T02:09:50.264+0600][64.720s][info][gc,phases      ] GC(378)   Post Evacuate Collection Set: 0.58ms
[2026-04-03T02:09:50.264+0600][64.720s][info][gc,phases      ] GC(378)   Other: 0.09ms
[2026-04-03T02:09:50.264+0600][64.720s][info][gc,heap        ] GC(378) Eden regions: 13->0(269)
[2026-04-03T02:09:50.264+0600][64.720s][info][gc,heap        ] GC(378) Survivor regions: 5->5(29)
[2026-04-03T02:09:50.264+0600][64.720s][info][gc,heap        ] GC(378) Old regions: 230->180
[2026-04-03T02:09:50.264+0600][64.720s][info][gc,heap        ] GC(378) Humongous regions: 170->18
[2026-04-03T02:09:50.264+0600][64.720s][info][gc,metaspace   ] GC(378) Metaspace: 131616K(133056K)->131616K(133056K) NonClass: 115050K(115712K)->115050K(115712K) Class: 16566K(17344K)->16566K(17344K)
[2026-04-03T02:09:50.264+0600][64.720s][info][gc             ] GC(378) Pause Young (Mixed) (G1 Humongous Allocation) 411M->198M(500M) 3.848ms
[2026-04-03T02:09:50.264+0600][64.720s][info][gc,cpu         ] GC(378) User=0.02s Sys=0.00s Real=0.00s
[2026-04-03T02:09:50.329+0600][64.785s][info][gc,start       ] GC(379) Pause Young (Mixed) (G1 Humongous Allocation)
[2026-04-03T02:09:50.330+0600][64.785s][info][gc,task        ] GC(379) Using 10 workers of 10 for evacuation
[2026-04-03T02:09:50.333+0600][64.789s][info][gc,phases      ] GC(379)   Pre Evacuate Collection Set: 0.43ms
[2026-04-03T02:09:50.333+0600][64.789s][info][gc,phases      ] GC(379)   Merge Heap Roots: 0.14ms
[2026-04-03T02:09:50.333+0600][64.789s][info][gc,phases      ] GC(379)   Evacuate Collection Set: 2.05ms
[2026-04-03T02:09:50.333+0600][64.789s][info][gc,phases      ] GC(379)   Post Evacuate Collection Set: 0.65ms
[2026-04-03T02:09:50.333+0600][64.789s][info][gc,phases      ] GC(379)   Other: 0.11ms
[2026-04-03T02:09:50.333+0600][64.789s][info][gc,heap        ] GC(379) Eden regions: 51->0(294)
[2026-04-03T02:09:50.333+0600][64.789s][info][gc,heap        ] GC(379) Survivor regions: 5->6(35)
[2026-04-03T02:09:50.333+0600][64.789s][info][gc,heap        ] GC(379) Old regions: 180->132
[2026-04-03T02:09:50.333+0600][64.789s][info][gc,heap        ] GC(379) Humongous regions: 215->23
[2026-04-03T02:09:50.333+0600][64.789s][info][gc,metaspace   ] GC(379) Metaspace: 131617K(133056K)->131617K(133056K) NonClass: 115051K(115712K)->115051K(115712K) Class: 16566K(17344K)->16566K(17344K)
[2026-04-03T02:09:50.333+0600][64.789s][info][gc             ] GC(379) Pause Young (Mixed) (G1 Humongous Allocation) 446M->156M(500M) 3.634ms
[2026-04-03T02:09:50.333+0600][64.789s][info][gc,cpu         ] GC(379) User=0.03s Sys=0.00s Real=0.01s
[2026-04-03T02:09:50.455+0600][64.911s][info][gc,start       ] GC(380) Pause Young (Mixed) (GCLocker Initiated GC)
[2026-04-03T02:09:50.455+0600][64.911s][info][gc,task        ] GC(380) Using 10 workers of 10 for evacuation
[2026-04-03T02:09:50.460+0600][64.916s][info][gc,phases      ] GC(380)   Pre Evacuate Collection Set: 0.80ms
[2026-04-03T02:09:50.460+0600][64.916s][info][gc,phases      ] GC(380)   Merge Heap Roots: 0.34ms
[2026-04-03T02:09:50.460+0600][64.916s][info][gc,phases      ] GC(380)   Evacuate Collection Set: 3.01ms
[2026-04-03T02:09:50.460+0600][64.916s][info][gc,phases      ] GC(380)   Post Evacuate Collection Set: 0.86ms
[2026-04-03T02:09:50.460+0600][64.916s][info][gc,phases      ] GC(380)   Other: 0.12ms
[2026-04-03T02:09:50.460+0600][64.916s][info][gc,heap        ] GC(380) Eden regions: 92->0(294)
[2026-04-03T02:09:50.460+0600][64.916s][info][gc,heap        ] GC(380) Survivor regions: 6->6(7)
[2026-04-03T02:09:50.460+0600][64.916s][info][gc,heap        ] GC(380) Old regions: 132->113
[2026-04-03T02:09:50.460+0600][64.916s][info][gc,heap        ] GC(380) Humongous regions: 263->8
[2026-04-03T02:09:50.460+0600][64.916s][info][gc,metaspace   ] GC(380) Metaspace: 131617K(133056K)->131617K(133056K) NonClass: 115051K(115712K)->115051K(115712K) Class: 16566K(17344K)->16566K(17344K)
[2026-04-03T02:09:50.460+0600][64.916s][info][gc             ] GC(380) Pause Young (Mixed) (GCLocker Initiated GC) 488M->122M(500M) 5.471ms
[2026-04-03T02:09:50.460+0600][64.916s][info][gc,cpu         ] GC(380) User=0.04s Sys=0.00s Real=0.01s
[2026-04-03T02:09:50.464+0600][64.920s][info][gc,start       ] GC(381) Pause Young (Concurrent Start) (GCLocker Initiated GC)
[2026-04-03T02:09:50.464+0600][64.920s][info][gc,task        ] GC(381) Using 10 workers of 10 for evacuation
[2026-04-03T02:09:50.467+0600][64.923s][info][gc,phases      ] GC(381)   Pre Evacuate Collection Set: 0.54ms
[2026-04-03T02:09:50.468+0600][64.923s][info][gc,phases      ] GC(381)   Merge Heap Roots: 0.12ms
[2026-04-03T02:09:50.468+0600][64.923s][info][gc,phases      ] GC(381)   Evacuate Collection Set: 2.27ms
[2026-04-03T02:09:50.468+0600][64.923s][info][gc,phases      ] GC(381)   Post Evacuate Collection Set: 0.61ms
[2026-04-03T02:09:50.468+0600][64.923s][info][gc,phases      ] GC(381)   Other: 0.13ms
[2026-04-03T02:09:50.468+0600][64.923s][info][gc,heap        ] GC(381) Eden regions: 5->0(295)
[2026-04-03T02:09:50.468+0600][64.923s][info][gc,heap        ] GC(381) Survivor regions: 6->5(38)
[2026-04-03T02:09:50.468+0600][64.923s][info][gc,heap        ] GC(381) Old regions: 113->113
[2026-04-03T02:09:50.468+0600][64.923s][info][gc,heap        ] GC(381) Humongous regions: 10->8
[2026-04-03T02:09:50.468+0600][64.923s][info][gc,metaspace   ] GC(381) Metaspace: 131617K(133056K)->131617K(133056K) NonClass: 115051K(115712K)->115051K(115712K) Class: 16566K(17344K)->16566K(17344K)
[2026-04-03T02:09:50.468+0600][64.924s][info][gc             ] GC(381) Pause Young (Concurrent Start) (GCLocker Initiated GC) 129M->122M(500M) 3.984ms
[2026-04-03T02:09:50.468+0600][64.924s][info][gc             ] GC(382) Concurrent Mark Cycle
[2026-04-03T02:09:50.468+0600][64.924s][info][gc,cpu         ] GC(381) User=0.03s Sys=0.00s Real=0.00s
[2026-04-03T02:09:50.468+0600][64.924s][info][gc,marking     ] GC(382) Concurrent Scan Root Regions
[2026-04-03T02:09:50.471+0600][64.927s][info][gc,marking     ] GC(382) Concurrent Scan Root Regions 3.536ms
[2026-04-03T02:09:50.471+0600][64.927s][info][gc,marking     ] GC(382) Concurrent Mark
[2026-04-03T02:09:50.471+0600][64.927s][info][gc,marking     ] GC(382) Concurrent Mark From Roots
[2026-04-03T02:09:50.472+0600][64.927s][info][gc,task        ] GC(382) Using 3 workers of 3 for marking
[2026-04-03T02:09:50.567+0600][65.023s][info][gc,marking     ] GC(382) Concurrent Mark From Roots 95.623ms
[2026-04-03T02:09:50.567+0600][65.023s][info][gc,marking     ] GC(382) Concurrent Preclean
[2026-04-03T02:09:50.567+0600][65.023s][info][gc,marking     ] GC(382) Concurrent Preclean 0.257ms
[2026-04-03T02:09:50.568+0600][65.024s][info][gc,start       ] GC(382) Pause Remark
[2026-04-03T02:09:50.575+0600][65.031s][info][gc             ] GC(382) Pause Remark 190M->189M(500M) 7.769ms
[2026-04-03T02:09:50.576+0600][65.032s][info][gc,cpu         ] GC(382) User=0.06s Sys=0.00s Real=0.01s
[2026-04-03T02:09:50.576+0600][65.032s][info][gc,marking     ] GC(382) Concurrent Mark 104.297ms
[2026-04-03T02:09:50.576+0600][65.032s][info][gc,marking     ] GC(382) Concurrent Rebuild Remembered Sets and Scrub Regions
[2026-04-03T02:09:50.614+0600][65.070s][info][gc,marking     ] GC(382) Concurrent Rebuild Remembered Sets and Scrub Regions 37.847ms
[2026-04-03T02:09:50.614+0600][65.070s][info][gc,start       ] GC(382) Pause Cleanup
[2026-04-03T02:09:50.614+0600][65.070s][info][gc             ] GC(382) Pause Cleanup 201M->201M(500M) 0.359ms
[2026-04-03T02:09:50.615+0600][65.070s][info][gc,cpu         ] GC(382) User=0.01s Sys=0.00s Real=0.00s
[2026-04-03T02:09:50.615+0600][65.070s][info][gc,marking     ] GC(382) Concurrent Clear Claimed Marks
[2026-04-03T02:09:50.615+0600][65.071s][info][gc,marking     ] GC(382) Concurrent Clear Claimed Marks 0.382ms
[2026-04-03T02:09:50.615+0600][65.071s][info][gc,marking     ] GC(382) Concurrent Cleanup for Next Mark
[2026-04-03T02:09:50.616+0600][65.071s][info][gc,marking     ] GC(382) Concurrent Cleanup for Next Mark 0.511ms
[2026-04-03T02:09:50.616+0600][65.071s][info][gc             ] GC(382) Concurrent Mark Cycle 147.841ms
[2026-04-03T02:09:50.948+0600][65.404s][info][gc,start       ] GC(383) Pause Young (Prepare Mixed) (GCLocker Initiated GC)
[2026-04-03T02:09:50.948+0600][65.404s][info][gc,task        ] GC(383) Using 10 workers of 10 for evacuation
[2026-04-03T02:09:50.956+0600][65.412s][info][gc,phases      ] GC(383)   Pre Evacuate Collection Set: 0.59ms
[2026-04-03T02:09:50.956+0600][65.412s][info][gc,phases      ] GC(383)   Merge Heap Roots: 0.42ms
[2026-04-03T02:09:50.956+0600][65.412s][info][gc,phases      ] GC(383)   Evacuate Collection Set: 2.95ms
[2026-04-03T02:09:50.956+0600][65.412s][info][gc,phases      ] GC(383)   Post Evacuate Collection Set: 3.73ms
[2026-04-03T02:09:50.956+0600][65.412s][info][gc,phases      ] GC(383)   Other: 0.16ms
[2026-04-03T02:09:50.956+0600][65.412s][info][gc,heap        ] GC(383) Eden regions: 262->0(161)
[2026-04-03T02:09:50.956+0600][65.412s][info][gc,heap        ] GC(383) Survivor regions: 5->0(0)
[2026-04-03T02:09:50.956+0600][65.412s][info][gc,heap        ] GC(383) Old regions: 112->306
[2026-04-03T02:09:50.956+0600][65.412s][info][gc,heap        ] GC(383) Humongous regions: 121->8
[2026-04-03T02:09:50.956+0600][65.412s][info][gc,metaspace   ] GC(383) Metaspace: 131627K(133056K)->131627K(133056K) NonClass: 115061K(115712K)->115061K(115712K) Class: 16566K(17344K)->16566K(17344K)
[2026-04-03T02:09:50.956+0600][65.412s][info][gc             ] GC(383) Pause Young (Prepare Mixed) (GCLocker Initiated GC) (Evacuation Failure) 496M->310M(500M) 8.162ms
[2026-04-03T02:09:50.956+0600][65.412s][info][gc,cpu         ] GC(383) User=0.07s Sys=0.00s Real=0.01s
[2026-04-03T02:09:51.079+0600][65.535s][info][gc,start       ] GC(384) Pause Young (Mixed) (GCLocker Initiated GC)
[2026-04-03T02:09:51.079+0600][65.535s][info][gc,task        ] GC(384) Using 10 workers of 10 for evacuation
[2026-04-03T02:09:51.085+0600][65.541s][info][gc,phases      ] GC(384)   Pre Evacuate Collection Set: 0.48ms
[2026-04-03T02:09:51.085+0600][65.541s][info][gc,phases      ] GC(384)   Merge Heap Roots: 0.21ms
[2026-04-03T02:09:51.085+0600][65.541s][info][gc,phases      ] GC(384)   Evacuate Collection Set: 2.60ms
[2026-04-03T02:09:51.085+0600][65.541s][info][gc,phases      ] GC(384)   Post Evacuate Collection Set: 2.17ms
[2026-04-03T02:09:51.085+0600][65.541s][info][gc,phases      ] GC(384)   Other: 0.11ms
[2026-04-03T02:09:51.085+0600][65.541s][info][gc,heap        ] GC(384) Eden regions: 102->0(91)
[2026-04-03T02:09:51.085+0600][65.541s][info][gc,heap        ] GC(384) Survivor regions: 0->0(0)
[2026-04-03T02:09:51.085+0600][65.541s][info][gc,heap        ] GC(384) Old regions: 306->376
[2026-04-03T02:09:51.085+0600][65.541s][info][gc,heap        ] GC(384) Humongous regions: 92->8
[2026-04-03T02:09:51.085+0600][65.541s][info][gc,metaspace   ] GC(384) Metaspace: 131627K(133056K)->131627K(133056K) NonClass: 115061K(115712K)->115061K(115712K) Class: 16566K(17344K)->16566K(17344K)
[2026-04-03T02:09:51.085+0600][65.541s][info][gc             ] GC(384) Pause Young (Mixed) (GCLocker Initiated GC) (Evacuation Failure) 496M->380M(500M) 5.867ms
[2026-04-03T02:09:51.085+0600][65.541s][info][gc,cpu         ] GC(384) User=0.04s Sys=0.00s Real=0.01s
[2026-04-03T02:09:51.091+0600][65.547s][info][gc,start       ] GC(385) Pause Young (Concurrent Start) (GCLocker Initiated GC)
[2026-04-03T02:09:51.092+0600][65.547s][info][gc,task        ] GC(385) Using 10 workers of 10 for evacuation
[2026-04-03T02:09:51.095+0600][65.551s][info][gc,phases      ] GC(385)   Pre Evacuate Collection Set: 0.46ms
[2026-04-03T02:09:51.095+0600][65.551s][info][gc,phases      ] GC(385)   Merge Heap Roots: 0.08ms
[2026-04-03T02:09:51.095+0600][65.551s][info][gc,phases      ] GC(385)   Evacuate Collection Set: 2.09ms
[2026-04-03T02:09:51.095+0600][65.551s][info][gc,phases      ] GC(385)   Post Evacuate Collection Set: 0.72ms
[2026-04-03T02:09:51.095+0600][65.551s][info][gc,phases      ] GC(385)   Other: 0.25ms
[2026-04-03T02:09:51.095+0600][65.551s][info][gc,heap        ] GC(385) Eden regions: 6->0(90)
[2026-04-03T02:09:51.095+0600][65.551s][info][gc,heap        ] GC(385) Survivor regions: 0->1(12)
[2026-04-03T02:09:51.095+0600][65.551s][info][gc,heap        ] GC(385) Old regions: 376->376
[2026-04-03T02:09:51.095+0600][65.551s][info][gc,heap        ] GC(385) Humongous regions: 8->8
[2026-04-03T02:09:51.095+0600][65.551s][info][gc,metaspace   ] GC(385) Metaspace: 131627K(133056K)->131627K(133056K) NonClass: 115061K(115712K)->115061K(115712K) Class: 16566K(17344K)->16566K(17344K)
[2026-04-03T02:09:51.095+0600][65.551s][info][gc             ] GC(385) Pause Young (Concurrent Start) (GCLocker Initiated GC) 386M->381M(500M) 3.988ms
[2026-04-03T02:09:51.096+0600][65.552s][info][gc,cpu         ] GC(385) User=0.01s Sys=0.00s Real=0.00s
[2026-04-03T02:09:51.096+0600][65.552s][info][gc             ] GC(386) Concurrent Mark Cycle
[2026-04-03T02:09:51.096+0600][65.552s][info][gc,marking     ] GC(386) Concurrent Scan Root Regions
[2026-04-03T02:09:51.098+0600][65.554s][info][gc,marking     ] GC(386) Concurrent Scan Root Regions 2.718ms
[2026-04-03T02:09:51.099+0600][65.554s][info][gc,marking     ] GC(386) Concurrent Mark
[2026-04-03T02:09:51.099+0600][65.554s][info][gc,marking     ] GC(386) Concurrent Mark From Roots
[2026-04-03T02:09:51.099+0600][65.554s][info][gc,task        ] GC(386) Using 3 workers of 3 for marking
[2026-04-03T02:09:51.187+0600][65.643s][info][gc,start       ] GC(387) Pause Young (Normal) (G1 Evacuation Pause)
[2026-04-03T02:09:51.187+0600][65.643s][info][gc,task        ] GC(387) Using 10 workers of 10 for evacuation
[2026-04-03T02:09:51.191+0600][65.647s][info][gc,phases      ] GC(387)   Pre Evacuate Collection Set: 0.50ms
[2026-04-03T02:09:51.191+0600][65.647s][info][gc,phases      ] GC(387)   Merge Heap Roots: 0.17ms
[2026-04-03T02:09:51.191+0600][65.647s][info][gc,phases      ] GC(387)   Evacuate Collection Set: 1.85ms
[2026-04-03T02:09:51.191+0600][65.647s][info][gc,phases      ] GC(387)   Post Evacuate Collection Set: 1.04ms
[2026-04-03T02:09:51.191+0600][65.647s][info][gc,phases      ] GC(387)   Other: 0.11ms
[2026-04-03T02:09:51.191+0600][65.647s][info][gc,heap        ] GC(387) Eden regions: 61->0(57)
[2026-04-03T02:09:51.191+0600][65.647s][info][gc,heap        ] GC(387) Survivor regions: 1->0(0)
[2026-04-03T02:09:51.191+0600][65.647s][info][gc,heap        ] GC(387) Old regions: 376->410
[2026-04-03T02:09:51.191+0600][65.647s][info][gc,heap        ] GC(387) Humongous regions: 62->8
[2026-04-03T02:09:51.191+0600][65.647s][info][gc,metaspace   ] GC(387) Metaspace: 131629K(133056K)->131629K(133056K) NonClass: 115063K(115712K)->115063K(115712K) Class: 16566K(17344K)->16566K(17344K)
[2026-04-03T02:09:51.191+0600][65.647s][info][gc             ] GC(387) Pause Young (Normal) (G1 Evacuation Pause) (Evacuation Failure) 496M->414M(500M) 3.963ms
[2026-04-03T02:09:51.191+0600][65.647s][info][gc,cpu         ] GC(387) User=0.02s Sys=0.01s Real=0.01s
[2026-04-03T02:09:51.220+0600][65.676s][info][gc,marking     ] GC(386) Concurrent Mark From Roots 121.811ms
[2026-04-03T02:09:51.220+0600][65.676s][info][gc,marking     ] GC(386) Concurrent Preclean
[2026-04-03T02:09:51.221+0600][65.677s][info][gc,marking     ] GC(386) Concurrent Preclean 0.379ms
[2026-04-03T02:09:51.221+0600][65.677s][info][gc,start       ] GC(386) Pause Remark
[2026-04-03T02:09:51.231+0600][65.686s][info][gc             ] GC(386) Pause Remark 439M->414M(500M) 9.384ms
[2026-04-03T02:09:51.231+0600][65.687s][info][gc,cpu         ] GC(386) User=0.06s Sys=0.00s Real=0.01s
[2026-04-03T02:09:51.231+0600][65.687s][info][gc,marking     ] GC(386) Concurrent Mark 132.459ms
[2026-04-03T02:09:51.231+0600][65.687s][info][gc,marking     ] GC(386) Concurrent Rebuild Remembered Sets and Scrub Regions
[2026-04-03T02:09:51.281+0600][65.737s][info][gc,marking     ] GC(386) Concurrent Rebuild Remembered Sets and Scrub Regions 49.858ms
[2026-04-03T02:09:51.281+0600][65.737s][info][gc,start       ] GC(386) Pause Cleanup
[2026-04-03T02:09:51.282+0600][65.738s][info][gc             ] GC(386) Pause Cleanup 474M->474M(500M) 0.632ms
[2026-04-03T02:09:51.282+0600][65.738s][info][gc,cpu         ] GC(386) User=0.00s Sys=0.00s Real=0.00s
[2026-04-03T02:09:51.282+0600][65.738s][info][gc,marking     ] GC(386) Concurrent Clear Claimed Marks
[2026-04-03T02:09:51.283+0600][65.739s][info][gc,marking     ] GC(386) Concurrent Clear Claimed Marks 0.430ms
[2026-04-03T02:09:51.283+0600][65.739s][info][gc,marking     ] GC(386) Concurrent Cleanup for Next Mark
[2026-04-03T02:09:51.284+0600][65.740s][info][gc,marking     ] GC(386) Concurrent Cleanup for Next Mark 0.859ms
[2026-04-03T02:09:51.284+0600][65.740s][info][gc             ] GC(386) Concurrent Mark Cycle 188.138ms
[2026-04-03T02:09:51.294+0600][65.750s][info][gc,start       ] GC(388) Pause Young (Prepare Mixed) (G1 Humongous Allocation)
[2026-04-03T02:09:51.294+0600][65.750s][info][gc,task        ] GC(388) Using 10 workers of 10 for evacuation
[2026-04-03T02:09:51.296+0600][65.752s][info][gc,phases      ] GC(388)   Pre Evacuate Collection Set: 0.38ms
[2026-04-03T02:09:51.297+0600][65.752s][info][gc,phases      ] GC(388)   Merge Heap Roots: 0.18ms
[2026-04-03T02:09:51.297+0600][65.752s][info][gc,phases      ] GC(388)   Evacuate Collection Set: 0.98ms
[2026-04-03T02:09:51.297+0600][65.752s][info][gc,phases      ] GC(388)   Post Evacuate Collection Set: 0.49ms
[2026-04-03T02:09:51.297+0600][65.752s][info][gc,phases      ] GC(388)   Other: 0.10ms
[2026-04-03T02:09:51.297+0600][65.752s][info][gc,heap        ] GC(388) Eden regions: 57->0(81)
[2026-04-03T02:09:51.297+0600][65.752s][info][gc,heap        ] GC(388) Survivor regions: 0->1(4)
[2026-04-03T02:09:51.297+0600][65.752s][info][gc,heap        ] GC(388) Old regions: 385->385
[2026-04-03T02:09:51.297+0600][65.753s][info][gc,heap        ] GC(388) Humongous regions: 54->8
[2026-04-03T02:09:51.297+0600][65.753s][info][gc,metaspace   ] GC(388) Metaspace: 131629K(133056K)->131629K(133056K) NonClass: 115063K(115712K)->115063K(115712K) Class: 16566K(17344K)->16566K(17344K)
[2026-04-03T02:09:51.297+0600][65.753s][info][gc             ] GC(388) Pause Young (Prepare Mixed) (G1 Humongous Allocation) 492M->390M(500M) 2.450ms
[2026-04-03T02:09:51.297+0600][65.753s][info][gc,cpu         ] GC(388) User=0.01s Sys=0.00s Real=0.00s
[2026-04-03T02:09:51.370+0600][65.826s][info][gc,start       ] GC(389) Pause Young (Mixed) (G1 Evacuation Pause)
[2026-04-03T02:09:51.370+0600][65.826s][info][gc,task        ] GC(389) Using 10 workers of 10 for evacuation
[2026-04-03T02:09:51.374+0600][65.830s][info][gc,phases      ] GC(389)   Pre Evacuate Collection Set: 0.38ms
[2026-04-03T02:09:51.374+0600][65.830s][info][gc,phases      ] GC(389)   Merge Heap Roots: 0.14ms
[2026-04-03T02:09:51.374+0600][65.830s][info][gc,phases      ] GC(389)   Evacuate Collection Set: 1.50ms
[2026-04-03T02:09:51.374+0600][65.830s][info][gc,phases      ] GC(389)   Post Evacuate Collection Set: 1.48ms
[2026-04-03T02:09:51.374+0600][65.830s][info][gc,phases      ] GC(389)   Other: 0.10ms
[2026-04-03T02:09:51.374+0600][65.830s][info][gc,heap        ] GC(389) Eden regions: 59->0(73)
[2026-04-03T02:09:51.374+0600][65.830s][info][gc,heap        ] GC(389) Survivor regions: 1->0(0)
[2026-04-03T02:09:51.374+0600][65.830s][info][gc,heap        ] GC(389) Old regions: 385->394
[2026-04-03T02:09:51.374+0600][65.830s][info][gc,heap        ] GC(389) Humongous regions: 55->8
[2026-04-03T02:09:51.374+0600][65.830s][info][gc,metaspace   ] GC(389) Metaspace: 131629K(133056K)->131629K(133056K) NonClass: 115063K(115712K)->115063K(115712K) Class: 16566K(17344K)->16566K(17344K)
[2026-04-03T02:09:51.374+0600][65.830s][info][gc             ] GC(389) Pause Young (Mixed) (G1 Evacuation Pause) (Evacuation Failure) 496M->398M(500M) 3.895ms
[2026-04-03T02:09:51.374+0600][65.830s][info][gc,cpu         ] GC(389) User=0.03s Sys=0.00s Real=0.00s
[2026-04-03T02:09:51.439+0600][65.894s][info][gc,start       ] GC(390) Pause Young (Mixed) (G1 Evacuation Pause)
[2026-04-03T02:09:51.439+0600][65.895s][info][gc,task        ] GC(390) Using 10 workers of 10 for evacuation
[2026-04-03T02:09:51.443+0600][65.898s][info][gc,phases      ] GC(390)   Pre Evacuate Collection Set: 0.33ms
[2026-04-03T02:09:51.443+0600][65.898s][info][gc,phases      ] GC(390)   Merge Heap Roots: 0.12ms
[2026-04-03T02:09:51.443+0600][65.898s][info][gc,phases      ] GC(390)   Evacuate Collection Set: 1.87ms
[2026-04-03T02:09:51.443+0600][65.898s][info][gc,phases      ] GC(390)   Post Evacuate Collection Set: 1.49ms
[2026-04-03T02:09:51.443+0600][65.898s][info][gc,phases      ] GC(390)   Other: 0.07ms
[2026-04-03T02:09:51.443+0600][65.899s][info][gc,heap        ] GC(390) Eden regions: 56->0(39)
[2026-04-03T02:09:51.443+0600][65.899s][info][gc,heap        ] GC(390) Survivor regions: 0->0(0)
[2026-04-03T02:09:51.443+0600][65.899s][info][gc,heap        ] GC(390) Old regions: 394->428
[2026-04-03T02:09:51.443+0600][65.899s][info][gc,heap        ] GC(390) Humongous regions: 50->8
[2026-04-03T02:09:51.443+0600][65.899s][info][gc,metaspace   ] GC(390) Metaspace: 131629K(133056K)->131629K(133056K) NonClass: 115063K(115712K)->115063K(115712K) Class: 16566K(17344K)->16566K(17344K)
[2026-04-03T02:09:51.443+0600][65.899s][info][gc             ] GC(390) Pause Young (Mixed) (G1 Evacuation Pause) (Evacuation Failure) 496M->432M(500M) 4.132ms
[2026-04-03T02:09:51.443+0600][65.899s][info][gc,cpu         ] GC(390) User=0.04s Sys=0.00s Real=0.01s
[2026-04-03T02:09:51.484+0600][65.939s][info][gc,start       ] GC(391) Pause Young (Mixed) (G1 Evacuation Pause)
[2026-04-03T02:09:51.484+0600][65.939s][info][gc,task        ] GC(391) Using 10 workers of 10 for evacuation
[2026-04-03T02:09:51.488+0600][65.944s][info][gc,phases      ] GC(391)   Pre Evacuate Collection Set: 0.53ms
[2026-04-03T02:09:51.488+0600][65.944s][info][gc,phases      ] GC(391)   Merge Heap Roots: 0.18ms
[2026-04-03T02:09:51.488+0600][65.944s][info][gc,phases      ] GC(391)   Evacuate Collection Set: 2.85ms
[2026-04-03T02:09:51.488+0600][65.944s][info][gc,phases      ] GC(391)   Post Evacuate Collection Set: 0.81ms
[2026-04-03T02:09:51.488+0600][65.944s][info][gc,phases      ] GC(391)   Other: 0.10ms
[2026-04-03T02:09:51.488+0600][65.944s][info][gc,heap        ] GC(391) Eden regions: 39->0(74)
[2026-04-03T02:09:51.488+0600][65.944s][info][gc,heap        ] GC(391) Survivor regions: 0->3(4)
[2026-04-03T02:09:51.488+0600][65.944s][info][gc,heap        ] GC(391) Old regions: 428->390
[2026-04-03T02:09:51.488+0600][65.944s][info][gc,heap        ] GC(391) Humongous regions: 29->8
[2026-04-03T02:09:51.488+0600][65.944s][info][gc,metaspace   ] GC(391) Metaspace: 131629K(133056K)->131629K(133056K) NonClass: 115063K(115712K)->115063K(115712K) Class: 16566K(17344K)->16566K(17344K)
[2026-04-03T02:09:51.488+0600][65.944s][info][gc             ] GC(391) Pause Young (Mixed) (G1 Evacuation Pause) (Evacuation Failure) 492M->397M(500M) 4.754ms
[2026-04-03T02:09:51.488+0600][65.944s][info][gc,cpu         ] GC(391) User=0.04s Sys=0.00s Real=0.00s
[2026-04-03T02:09:51.545+0600][66.001s][info][gc,start       ] GC(392) Pause Young (Mixed) (G1 Humongous Allocation)
[2026-04-03T02:09:51.545+0600][66.001s][info][gc,task        ] GC(392) Using 10 workers of 10 for evacuation
[2026-04-03T02:09:51.548+0600][66.004s][info][gc,phases      ] GC(392)   Pre Evacuate Collection Set: 0.42ms
[2026-04-03T02:09:51.548+0600][66.004s][info][gc,phases      ] GC(392)   Merge Heap Roots: 0.15ms
[2026-04-03T02:09:51.548+0600][66.004s][info][gc,phases      ] GC(392)   Evacuate Collection Set: 1.78ms
[2026-04-03T02:09:51.548+0600][66.004s][info][gc,phases      ] GC(392)   Post Evacuate Collection Set: 0.44ms
[2026-04-03T02:09:51.548+0600][66.004s][info][gc,phases      ] GC(392)   Other: 0.10ms
[2026-04-03T02:09:51.548+0600][66.004s][info][gc,heap        ] GC(392) Eden regions: 42->0(123)
[2026-04-03T02:09:51.548+0600][66.004s][info][gc,heap        ] GC(392) Survivor regions: 3->3(10)
[2026-04-03T02:09:51.548+0600][66.004s][info][gc,heap        ] GC(392) Old regions: 390->341
[2026-04-03T02:09:51.548+0600][66.004s][info][gc,heap        ] GC(392) Humongous regions: 45->8
[2026-04-03T02:09:51.548+0600][66.004s][info][gc,metaspace   ] GC(392) Metaspace: 131629K(133056K)->131629K(133056K) NonClass: 115063K(115712K)->115063K(115712K) Class: 16566K(17344K)->16566K(17344K)
[2026-04-03T02:09:51.548+0600][66.004s][info][gc             ] GC(392) Pause Young (Mixed) (G1 Humongous Allocation) 475M->346M(500M) 3.151ms
[2026-04-03T02:09:51.548+0600][66.004s][info][gc,cpu         ] GC(392) User=0.03s Sys=0.00s Real=0.00s
[2026-04-03T02:09:51.661+0600][66.117s][info][gc,start       ] GC(393) Pause Young (Mixed) (G1 Humongous Allocation)
[2026-04-03T02:09:51.661+0600][66.117s][info][gc,task        ] GC(393) Using 10 workers of 10 for evacuation
[2026-04-03T02:09:51.665+0600][66.121s][info][gc,phases      ] GC(393)   Pre Evacuate Collection Set: 0.33ms
[2026-04-03T02:09:51.665+0600][66.121s][info][gc,phases      ] GC(393)   Merge Heap Roots: 0.13ms
[2026-04-03T02:09:51.665+0600][66.121s][info][gc,phases      ] GC(393)   Evacuate Collection Set: 2.60ms
[2026-04-03T02:09:51.665+0600][66.121s][info][gc,phases      ] GC(393)   Post Evacuate Collection Set: 0.54ms
[2026-04-03T02:09:51.665+0600][66.121s][info][gc,phases      ] GC(393)   Other: 0.08ms
[2026-04-03T02:09:51.665+0600][66.121s][info][gc,heap        ] GC(393) Eden regions: 88->0(163)
[2026-04-03T02:09:51.665+0600][66.121s][info][gc,heap        ] GC(393) Survivor regions: 3->4(16)
[2026-04-03T02:09:51.665+0600][66.121s][info][gc,heap        ] GC(393) Old regions: 341->299
[2026-04-03T02:09:51.665+0600][66.121s][info][gc,heap        ] GC(393) Humongous regions: 50->8
[2026-04-03T02:09:51.665+0600][66.121s][info][gc,metaspace   ] GC(393) Metaspace: 131632K(133056K)->131632K(133056K) NonClass: 115066K(115712K)->115066K(115712K) Class: 16566K(17344K)->16566K(17344K)
[2026-04-03T02:09:51.665+0600][66.121s][info][gc             ] GC(393) Pause Young (Mixed) (G1 Humongous Allocation) 476M->306M(500M) 3.961ms
[2026-04-03T02:09:51.665+0600][66.121s][info][gc,cpu         ] GC(393) User=0.03s Sys=0.00s Real=0.00s
[2026-04-03T02:09:51.673+0600][66.129s][info][gc,start       ] GC(394) Pause Young (Concurrent Start) (G1 Humongous Allocation)
[2026-04-03T02:09:51.673+0600][66.129s][info][gc,task        ] GC(394) Using 10 workers of 10 for evacuation
[2026-04-03T02:09:51.676+0600][66.131s][info][gc,phases      ] GC(394)   Pre Evacuate Collection Set: 0.50ms
[2026-04-03T02:09:51.676+0600][66.132s][info][gc,phases      ] GC(394)   Merge Heap Roots: 0.08ms
[2026-04-03T02:09:51.676+0600][66.132s][info][gc,phases      ] GC(394)   Evacuate Collection Set: 1.55ms
[2026-04-03T02:09:51.676+0600][66.132s][info][gc,phases      ] GC(394)   Post Evacuate Collection Set: 0.41ms
[2026-04-03T02:09:51.676+0600][66.132s][info][gc,phases      ] GC(394)   Other: 0.14ms
[2026-04-03T02:09:51.676+0600][66.132s][info][gc,heap        ] GC(394) Eden regions: 2->0(158)
[2026-04-03T02:09:51.676+0600][66.132s][info][gc,heap        ] GC(394) Survivor regions: 4->4(21)
[2026-04-03T02:09:51.676+0600][66.132s][info][gc,heap        ] GC(394) Old regions: 299->299
[2026-04-03T02:09:51.676+0600][66.132s][info][gc,heap        ] GC(394) Humongous regions: 13->8
[2026-04-03T02:09:51.676+0600][66.132s][info][gc,metaspace   ] GC(394) Metaspace: 131632K(133056K)->131632K(133056K) NonClass: 115066K(115712K)->115066K(115712K) Class: 16566K(17344K)->16566K(17344K)
[2026-04-03T02:09:51.676+0600][66.132s][info][gc             ] GC(394) Pause Young (Concurrent Start) (G1 Humongous Allocation) 313M->306M(500M) 2.941ms
[2026-04-03T02:09:51.676+0600][66.132s][info][gc,cpu         ] GC(394) User=0.02s Sys=0.00s Real=0.00s
[2026-04-03T02:09:51.676+0600][66.132s][info][gc             ] GC(395) Concurrent Mark Cycle
[2026-04-03T02:09:51.676+0600][66.132s][info][gc,marking     ] GC(395) Concurrent Scan Root Regions
[2026-04-03T02:09:51.678+0600][66.134s][info][gc,marking     ] GC(395) Concurrent Scan Root Regions 2.564ms
[2026-04-03T02:09:51.679+0600][66.134s][info][gc,marking     ] GC(395) Concurrent Mark
[2026-04-03T02:09:51.679+0600][66.134s][info][gc,marking     ] GC(395) Concurrent Mark From Roots
[2026-04-03T02:09:51.679+0600][66.134s][info][gc,task        ] GC(395) Using 3 workers of 3 for marking
[2026-04-03T02:09:51.765+0600][66.221s][info][gc,marking     ] GC(395) Concurrent Mark From Roots 86.668ms
[2026-04-03T02:09:51.765+0600][66.221s][info][gc,marking     ] GC(395) Concurrent Preclean
[2026-04-03T02:09:51.766+0600][66.221s][info][gc,marking     ] GC(395) Concurrent Preclean 0.290ms
[2026-04-03T02:09:51.766+0600][66.222s][info][gc,start       ] GC(395) Pause Remark
[2026-04-03T02:09:51.773+0600][66.229s][info][gc             ] GC(395) Pause Remark 349M->309M(500M) 7.306ms
[2026-04-03T02:09:51.773+0600][66.229s][info][gc,cpu         ] GC(395) User=0.05s Sys=0.01s Real=0.01s
[2026-04-03T02:09:51.774+0600][66.229s][info][gc,marking     ] GC(395) Concurrent Mark 95.012ms
[2026-04-03T02:09:51.774+0600][66.230s][info][gc,marking     ] GC(395) Concurrent Rebuild Remembered Sets and Scrub Regions
[2026-04-03T02:09:51.815+0600][66.270s][info][gc,marking     ] GC(395) Concurrent Rebuild Remembered Sets and Scrub Regions 40.934ms
[2026-04-03T02:09:51.815+0600][66.271s][info][gc,start       ] GC(395) Pause Cleanup
[2026-04-03T02:09:51.816+0600][66.272s][info][gc             ] GC(395) Pause Cleanup 351M->351M(500M) 0.584ms
[2026-04-03T02:09:51.816+0600][66.272s][info][gc,cpu         ] GC(395) User=0.01s Sys=0.00s Real=0.00s
[2026-04-03T02:09:51.816+0600][66.272s][info][gc,marking     ] GC(395) Concurrent Clear Claimed Marks
[2026-04-03T02:09:51.816+0600][66.272s][info][gc,marking     ] GC(395) Concurrent Clear Claimed Marks 0.324ms
[2026-04-03T02:09:51.816+0600][66.272s][info][gc,marking     ] GC(395) Concurrent Cleanup for Next Mark
[2026-04-03T02:09:51.817+0600][66.273s][info][gc,marking     ] GC(395) Concurrent Cleanup for Next Mark 0.984ms
[2026-04-03T02:09:51.817+0600][66.273s][info][gc             ] GC(395) Concurrent Mark Cycle 141.406ms
[2026-04-03T02:09:51.929+0600][66.385s][info][gc,start       ] GC(396) Pause Young (Prepare Mixed) (GCLocker Initiated GC)
[2026-04-03T02:09:51.929+0600][66.385s][info][gc,task        ] GC(396) Using 10 workers of 10 for evacuation
[2026-04-03T02:09:51.934+0600][66.390s][info][gc,phases      ] GC(396)   Pre Evacuate Collection Set: 0.45ms
[2026-04-03T02:09:51.934+0600][66.390s][info][gc,phases      ] GC(396)   Merge Heap Roots: 0.25ms
[2026-04-03T02:09:51.934+0600][66.390s][info][gc,phases      ] GC(396)   Evacuate Collection Set: 3.59ms
[2026-04-03T02:09:51.934+0600][66.390s][info][gc,phases      ] GC(396)   Post Evacuate Collection Set: 0.82ms
[2026-04-03T02:09:51.934+0600][66.390s][info][gc,phases      ] GC(396)   Other: 0.12ms
[2026-04-03T02:09:51.934+0600][66.390s][info][gc,heap        ] GC(396) Eden regions: 156->0(190)
[2026-04-03T02:09:51.934+0600][66.390s][info][gc,heap        ] GC(396) Survivor regions: 4->9(11)
[2026-04-03T02:09:51.934+0600][66.390s][info][gc,heap        ] GC(396) Old regions: 259->259
[2026-04-03T02:09:51.934+0600][66.390s][info][gc,heap        ] GC(396) Humongous regions: 70->8
[2026-04-03T02:09:51.934+0600][66.390s][info][gc,metaspace   ] GC(396) Metaspace: 131639K(133056K)->131639K(133056K) NonClass: 115073K(115712K)->115073K(115712K) Class: 16566K(17344K)->16566K(17344K)
[2026-04-03T02:09:51.934+0600][66.390s][info][gc             ] GC(396) Pause Young (Prepare Mixed) (GCLocker Initiated GC) 484M->271M(500M) 5.540ms
[2026-04-03T02:09:51.935+0600][66.390s][info][gc,cpu         ] GC(396) User=0.04s Sys=0.00s Real=0.01s
[2026-04-03T02:09:52.111+0600][66.566s][info][gc,start       ] GC(397) Pause Young (Mixed) (G1 Humongous Allocation)
[2026-04-03T02:09:52.111+0600][66.567s][info][gc,task        ] GC(397) Using 10 workers of 10 for evacuation
[2026-04-03T02:09:52.114+0600][66.569s][info][gc,phases      ] GC(397)   Pre Evacuate Collection Set: 0.30ms
[2026-04-03T02:09:52.114+0600][66.570s][info][gc,phases      ] GC(397)   Merge Heap Roots: 0.15ms
[2026-04-03T02:09:52.114+0600][66.570s][info][gc,phases      ] GC(397)   Evacuate Collection Set: 1.92ms
[2026-04-03T02:09:52.114+0600][66.570s][info][gc,phases      ] GC(397)   Post Evacuate Collection Set: 0.50ms
[2026-04-03T02:09:52.114+0600][66.570s][info][gc,phases      ] GC(397)   Other: 0.09ms
[2026-04-03T02:09:52.114+0600][66.570s][info][gc,heap        ] GC(397) Eden regions: 145->0(238)
[2026-04-03T02:09:52.114+0600][66.570s][info][gc,heap        ] GC(397) Survivor regions: 9->6(10)
[2026-04-03T02:09:52.114+0600][66.570s][info][gc,heap        ] GC(397) Old regions: 259->209
[2026-04-03T02:09:52.114+0600][66.570s][info][gc,heap        ] GC(397) Humongous regions: 77->8
[2026-04-03T02:09:52.114+0600][66.570s][info][gc,metaspace   ] GC(397) Metaspace: 131644K(133056K)->131644K(133056K) NonClass: 115076K(115712K)->115076K(115712K) Class: 16568K(17344K)->16568K(17344K)
[2026-04-03T02:09:52.114+0600][66.570s][info][gc             ] GC(397) Pause Young (Mixed) (G1 Humongous Allocation) 484M->218M(500M) 3.204ms
[2026-04-03T02:09:52.114+0600][66.570s][info][gc,cpu         ] GC(397) User=0.02s Sys=0.00s Real=0.00s
[2026-04-03T02:09:52.122+0600][66.578s][info][gc,start       ] GC(398) Pause Young (Mixed) (G1 Humongous Allocation)
[2026-04-03T02:09:52.122+0600][66.578s][info][gc,task        ] GC(398) Using 10 workers of 10 for evacuation
[2026-04-03T02:09:52.125+0600][66.581s][info][gc,phases      ] GC(398)   Pre Evacuate Collection Set: 0.38ms
[2026-04-03T02:09:52.125+0600][66.581s][info][gc,phases      ] GC(398)   Merge Heap Roots: 0.15ms
[2026-04-03T02:09:52.125+0600][66.581s][info][gc,phases      ] GC(398)   Evacuate Collection Set: 1.94ms
[2026-04-03T02:09:52.125+0600][66.581s][info][gc,phases      ] GC(398)   Post Evacuate Collection Set: 0.54ms
[2026-04-03T02:09:52.125+0600][66.581s][info][gc,phases      ] GC(398)   Other: 0.09ms
[2026-04-03T02:09:52.125+0600][66.581s][info][gc,heap        ] GC(398) Eden regions: 11->0(266)
[2026-04-03T02:09:52.125+0600][66.581s][info][gc,heap        ] GC(398) Survivor regions: 6->7(31)
[2026-04-03T02:09:52.125+0600][66.581s][info][gc,heap        ] GC(398) Old regions: 209->159
[2026-04-03T02:09:52.125+0600][66.581s][info][gc,heap        ] GC(398) Humongous regions: 128->23
[2026-04-03T02:09:52.125+0600][66.581s][info][gc,metaspace   ] GC(398) Metaspace: 131644K(133056K)->131644K(133056K) NonClass: 115076K(115712K)->115076K(115712K) Class: 16568K(17344K)->16568K(17344K)
[2026-04-03T02:09:52.125+0600][66.581s][info][gc             ] GC(398) Pause Young (Mixed) (G1 Humongous Allocation) 348M->184M(500M) 3.352ms
[2026-04-03T02:09:52.125+0600][66.581s][info][gc,cpu         ] GC(398) User=0.03s Sys=0.01s Real=0.00s
[2026-04-03T02:09:52.183+0600][66.639s][info][gc,start       ] GC(399) Pause Young (Mixed) (G1 Humongous Allocation)
[2026-04-03T02:09:52.183+0600][66.639s][info][gc,task        ] GC(399) Using 10 workers of 10 for evacuation
[2026-04-03T02:09:52.186+0600][66.642s][info][gc,phases      ] GC(399)   Pre Evacuate Collection Set: 0.29ms
[2026-04-03T02:09:52.186+0600][66.642s][info][gc,phases      ] GC(399)   Merge Heap Roots: 0.10ms
[2026-04-03T02:09:52.186+0600][66.642s][info][gc,phases      ] GC(399)   Evacuate Collection Set: 1.37ms
[2026-04-03T02:09:52.186+0600][66.642s][info][gc,phases      ] GC(399)   Post Evacuate Collection Set: 0.50ms
[2026-04-03T02:09:52.186+0600][66.642s][info][gc,phases      ] GC(399)   Other: 0.07ms
[2026-04-03T02:09:52.186+0600][66.642s][info][gc,heap        ] GC(399) Eden regions: 54->0(295)
[2026-04-03T02:09:52.186+0600][66.642s][info][gc,heap        ] GC(399) Survivor regions: 7->5(28)
[2026-04-03T02:09:52.186+0600][66.642s][info][gc,heap        ] GC(399) Old regions: 159->111
[2026-04-03T02:09:52.186+0600][66.642s][info][gc,heap        ] GC(399) Humongous regions: 252->8
[2026-04-03T02:09:52.186+0600][66.642s][info][gc,metaspace   ] GC(399) Metaspace: 131644K(133056K)->131644K(133056K) NonClass: 115076K(115712K)->115076K(115712K) Class: 16568K(17344K)->16568K(17344K)
[2026-04-03T02:09:52.186+0600][66.642s][info][gc             ] GC(399) Pause Young (Mixed) (G1 Humongous Allocation) 467M->119M(500M) 2.542ms
[2026-04-03T02:09:52.186+0600][66.642s][info][gc,cpu         ] GC(399) User=0.02s Sys=0.00s Real=0.00s
[2026-04-03T02:09:52.191+0600][66.647s][info][gc,start       ] GC(400) Pause Young (Concurrent Start) (G1 Humongous Allocation)
[2026-04-03T02:09:52.192+0600][66.647s][info][gc,task        ] GC(400) Using 10 workers of 10 for evacuation
[2026-04-03T02:09:52.195+0600][66.650s][info][gc,phases      ] GC(400)   Pre Evacuate Collection Set: 0.37ms
[2026-04-03T02:09:52.195+0600][66.651s][info][gc,phases      ] GC(400)   Merge Heap Roots: 0.14ms
[2026-04-03T02:09:52.195+0600][66.651s][info][gc,phases      ] GC(400)   Evacuate Collection Set: 1.83ms
[2026-04-03T02:09:52.195+0600][66.651s][info][gc,phases      ] GC(400)   Post Evacuate Collection Set: 0.46ms
[2026-04-03T02:09:52.195+0600][66.651s][info][gc,phases      ] GC(400)   Other: 0.24ms
[2026-04-03T02:09:52.195+0600][66.651s][info][gc,heap        ] GC(400) Eden regions: 5->0(294)
[2026-04-03T02:09:52.195+0600][66.651s][info][gc,heap        ] GC(400) Survivor regions: 5->6(38)
[2026-04-03T02:09:52.195+0600][66.651s][info][gc,heap        ] GC(400) Old regions: 111->111
[2026-04-03T02:09:52.195+0600][66.651s][info][gc,heap        ] GC(400) Humongous regions: 13->8
[2026-04-03T02:09:52.195+0600][66.651s][info][gc,metaspace   ] GC(400) Metaspace: 131644K(133056K)->131644K(133056K) NonClass: 115076K(115712K)->115076K(115712K) Class: 16568K(17344K)->16568K(17344K)
[2026-04-03T02:09:52.195+0600][66.651s][info][gc             ] GC(400) Pause Young (Concurrent Start) (G1 Humongous Allocation) 129M->120M(500M) 3.410ms
[2026-04-03T02:09:52.195+0600][66.651s][info][gc             ] GC(401) Concurrent Mark Cycle
[2026-04-03T02:09:52.195+0600][66.651s][info][gc,marking     ] GC(401) Concurrent Scan Root Regions
[2026-04-03T02:09:52.195+0600][66.651s][info][gc,cpu         ] GC(400) User=0.02s Sys=0.00s Real=0.00s
[2026-04-03T02:09:52.197+0600][66.653s][info][gc,marking     ] GC(401) Concurrent Scan Root Regions 2.450ms
[2026-04-03T02:09:52.197+0600][66.653s][info][gc,marking     ] GC(401) Concurrent Mark
[2026-04-03T02:09:52.197+0600][66.653s][info][gc,marking     ] GC(401) Concurrent Mark From Roots
[2026-04-03T02:09:52.197+0600][66.653s][info][gc,task        ] GC(401) Using 3 workers of 3 for marking
[2026-04-03T02:09:52.246+0600][66.702s][info][gc,start       ] GC(402) Pause Young (Normal) (G1 Evacuation Pause)
[2026-04-03T02:09:52.246+0600][66.702s][info][gc,task        ] GC(402) Using 10 workers of 10 for evacuation
[2026-04-03T02:09:52.251+0600][66.707s][info][gc,phases      ] GC(402)   Pre Evacuate Collection Set: 0.40ms
[2026-04-03T02:09:52.251+0600][66.707s][info][gc,phases      ] GC(402)   Merge Heap Roots: 0.15ms
[2026-04-03T02:09:52.251+0600][66.707s][info][gc,phases      ] GC(402)   Evacuate Collection Set: 2.53ms
[2026-04-03T02:09:52.251+0600][66.707s][info][gc,phases      ] GC(402)   Post Evacuate Collection Set: 1.70ms
[2026-04-03T02:09:52.251+0600][66.707s][info][gc,phases      ] GC(402)   Other: 0.09ms
[2026-04-03T02:09:52.251+0600][66.707s][info][gc,heap        ] GC(402) Eden regions: 42->0(294)
[2026-04-03T02:09:52.251+0600][66.707s][info][gc,heap        ] GC(402) Survivor regions: 6->0(0)
[2026-04-03T02:09:52.251+0600][66.707s][info][gc,heap        ] GC(402) Old regions: 111->141
[2026-04-03T02:09:52.251+0600][66.707s][info][gc,heap        ] GC(402) Humongous regions: 341->8
[2026-04-03T02:09:52.251+0600][66.707s][info][gc,metaspace   ] GC(402) Metaspace: 131647K(133056K)->131647K(133056K) NonClass: 115079K(115712K)->115079K(115712K) Class: 16568K(17344K)->16568K(17344K)
[2026-04-03T02:09:52.251+0600][66.707s][info][gc             ] GC(402) Pause Young (Normal) (G1 Evacuation Pause) (Evacuation Failure) 495M->145M(500M) 5.198ms
[2026-04-03T02:09:52.252+0600][66.707s][info][gc,cpu         ] GC(402) User=0.03s Sys=0.01s Real=0.01s
[2026-04-03T02:09:52.313+0600][66.768s][info][gc,marking     ] GC(401) Concurrent Mark From Roots 115.133ms
[2026-04-03T02:09:52.313+0600][66.769s][info][gc,marking     ] GC(401) Concurrent Preclean
[2026-04-03T02:09:52.313+0600][66.769s][info][gc,marking     ] GC(401) Concurrent Preclean 0.262ms
[2026-04-03T02:09:52.313+0600][66.769s][info][gc,start       ] GC(401) Pause Remark
[2026-04-03T02:09:52.322+0600][66.778s][info][gc             ] GC(401) Pause Remark 205M->205M(500M) 8.728ms
[2026-04-03T02:09:52.322+0600][66.778s][info][gc,cpu         ] GC(401) User=0.06s Sys=0.00s Real=0.01s
[2026-04-03T02:09:52.323+0600][66.778s][info][gc,marking     ] GC(401) Concurrent Mark 125.138ms
[2026-04-03T02:09:52.323+0600][66.779s][info][gc,marking     ] GC(401) Concurrent Rebuild Remembered Sets and Scrub Regions
[2026-04-03T02:09:52.370+0600][66.826s][info][gc,marking     ] GC(401) Concurrent Rebuild Remembered Sets and Scrub Regions 46.902ms
[2026-04-03T02:09:52.370+0600][66.826s][info][gc,start       ] GC(401) Pause Cleanup
[2026-04-03T02:09:52.371+0600][66.827s][info][gc             ] GC(401) Pause Cleanup 258M->258M(500M) 0.629ms
[2026-04-03T02:09:52.371+0600][66.827s][info][gc,cpu         ] GC(401) User=0.01s Sys=0.00s Real=0.00s
[2026-04-03T02:09:52.371+0600][66.827s][info][gc,marking     ] GC(401) Concurrent Clear Claimed Marks
[2026-04-03T02:09:52.371+0600][66.827s][info][gc,marking     ] GC(401) Concurrent Clear Claimed Marks 0.336ms
[2026-04-03T02:09:52.371+0600][66.827s][info][gc,marking     ] GC(401) Concurrent Cleanup for Next Mark
[2026-04-03T02:09:52.372+0600][66.828s][info][gc,marking     ] GC(401) Concurrent Cleanup for Next Mark 0.922ms
[2026-04-03T02:09:52.372+0600][66.828s][info][gc             ] GC(401) Concurrent Mark Cycle 177.429ms
[2026-04-03T02:09:52.749+0600][67.205s][info][gc,start       ] GC(403) Pause Young (Prepare Mixed) (G1 Humongous Allocation)
[2026-04-03T02:09:52.750+0600][67.205s][info][gc,task        ] GC(403) Using 10 workers of 10 for evacuation
[2026-04-03T02:09:52.754+0600][67.210s][info][gc,phases      ] GC(403)   Pre Evacuate Collection Set: 0.34ms
[2026-04-03T02:09:52.754+0600][67.210s][info][gc,phases      ] GC(403)   Merge Heap Roots: 0.19ms
[2026-04-03T02:09:52.754+0600][67.210s][info][gc,phases      ] GC(403)   Evacuate Collection Set: 1.80ms
[2026-04-03T02:09:52.754+0600][67.210s][info][gc,phases      ] GC(403)   Post Evacuate Collection Set: 2.03ms
[2026-04-03T02:09:52.754+0600][67.210s][info][gc,phases      ] GC(403)   Other: 0.10ms
[2026-04-03T02:09:52.754+0600][67.210s][info][gc,heap        ] GC(403) Eden regions: 245->0(194)
[2026-04-03T02:09:52.754+0600][67.210s][info][gc,heap        ] GC(403) Survivor regions: 0->2(2)
[2026-04-03T02:09:52.754+0600][67.210s][info][gc,heap        ] GC(403) Old regions: 141->267
[2026-04-03T02:09:52.754+0600][67.210s][info][gc,heap        ] GC(403) Humongous regions: 112->8
[2026-04-03T02:09:52.754+0600][67.210s][info][gc,metaspace   ] GC(403) Metaspace: 131658K(133056K)->131658K(133056K) NonClass: 115090K(115712K)->115090K(115712K) Class: 16568K(17344K)->16568K(17344K)
[2026-04-03T02:09:52.754+0600][67.210s][info][gc             ] GC(403) Pause Young (Prepare Mixed) (G1 Humongous Allocation) (Evacuation Failure) 493M->273M(500M) 4.724ms
[2026-04-03T02:09:52.754+0600][67.210s][info][gc,cpu         ] GC(403) User=0.03s Sys=0.00s Real=0.01s
[2026-04-03T02:09:52.917+0600][67.373s][info][gc,start       ] GC(404) Pause Young (Mixed) (GCLocker Initiated GC)
[2026-04-03T02:09:52.917+0600][67.373s][info][gc,task        ] GC(404) Using 10 workers of 10 for evacuation
[2026-04-03T02:09:52.923+0600][67.379s][info][gc,phases      ] GC(404)   Pre Evacuate Collection Set: 0.49ms
[2026-04-03T02:09:52.923+0600][67.379s][info][gc,phases      ] GC(404)   Merge Heap Roots: 0.19ms
[2026-04-03T02:09:52.923+0600][67.379s][info][gc,phases      ] GC(404)   Evacuate Collection Set: 2.80ms
[2026-04-03T02:09:52.923+0600][67.379s][info][gc,phases      ] GC(404)   Post Evacuate Collection Set: 2.18ms
[2026-04-03T02:09:52.923+0600][67.379s][info][gc,phases      ] GC(404)   Other: 0.11ms
[2026-04-03T02:09:52.923+0600][67.379s][info][gc,heap        ] GC(404) Eden regions: 126->0(121)
[2026-04-03T02:09:52.923+0600][67.379s][info][gc,heap        ] GC(404) Survivor regions: 2->0(0)
[2026-04-03T02:09:52.923+0600][67.379s][info][gc,heap        ] GC(404) Old regions: 267->346
[2026-04-03T02:09:52.923+0600][67.379s][info][gc,heap        ] GC(404) Humongous regions: 105->8
[2026-04-03T02:09:52.923+0600][67.379s][info][gc,metaspace   ] GC(404) Metaspace: 131658K(133056K)->131658K(133056K) NonClass: 115090K(115712K)->115090K(115712K) Class: 16568K(17344K)->16568K(17344K)
[2026-04-03T02:09:52.923+0600][67.379s][info][gc             ] GC(404) Pause Young (Mixed) (GCLocker Initiated GC) (Evacuation Failure) 496M->350M(500M) 6.239ms
[2026-04-03T02:09:52.923+0600][67.379s][info][gc,cpu         ] GC(404) User=0.04s Sys=0.00s Real=0.01s
[2026-04-03T02:09:52.925+0600][67.381s][info][gc,start       ] GC(405) Pause Young (Concurrent Start) (GCLocker Initiated GC)
[2026-04-03T02:09:52.925+0600][67.381s][info][gc,task        ] GC(405) Using 10 workers of 10 for evacuation
[2026-04-03T02:09:52.929+0600][67.385s][info][gc,phases      ] GC(405)   Pre Evacuate Collection Set: 0.49ms
[2026-04-03T02:09:52.929+0600][67.385s][info][gc,phases      ] GC(405)   Merge Heap Roots: 0.17ms
[2026-04-03T02:09:52.929+0600][67.385s][info][gc,phases      ] GC(405)   Evacuate Collection Set: 2.18ms
[2026-04-03T02:09:52.929+0600][67.385s][info][gc,phases      ] GC(405)   Post Evacuate Collection Set: 0.67ms
[2026-04-03T02:09:52.929+0600][67.385s][info][gc,phases      ] GC(405)   Other: 0.23ms
[2026-04-03T02:09:52.929+0600][67.385s][info][gc,heap        ] GC(405) Eden regions: 4->0(120)
[2026-04-03T02:09:52.929+0600][67.385s][info][gc,heap        ] GC(405) Survivor regions: 0->1(16)
[2026-04-03T02:09:52.929+0600][67.385s][info][gc,heap        ] GC(405) Old regions: 346->346
[2026-04-03T02:09:52.929+0600][67.385s][info][gc,heap        ] GC(405) Humongous regions: 8->8
[2026-04-03T02:09:52.929+0600][67.385s][info][gc,metaspace   ] GC(405) Metaspace: 131658K(133056K)->131658K(133056K) NonClass: 115090K(115712K)->115090K(115712K) Class: 16568K(17344K)->16568K(17344K)
[2026-04-03T02:09:52.929+0600][67.385s][info][gc             ] GC(405) Pause Young (Concurrent Start) (GCLocker Initiated GC) 353M->350M(500M) 4.031ms
[2026-04-03T02:09:52.929+0600][67.385s][info][gc             ] GC(406) Concurrent Mark Cycle
[2026-04-03T02:09:52.929+0600][67.385s][info][gc,cpu         ] GC(405) User=0.02s Sys=0.01s Real=0.00s
[2026-04-03T02:09:52.929+0600][67.385s][info][gc,marking     ] GC(406) Concurrent Scan Root Regions
[2026-04-03T02:09:52.931+0600][67.387s][info][gc,marking     ] GC(406) Concurrent Scan Root Regions 1.942ms
[2026-04-03T02:09:52.931+0600][67.387s][info][gc,marking     ] GC(406) Concurrent Mark
[2026-04-03T02:09:52.931+0600][67.387s][info][gc,marking     ] GC(406) Concurrent Mark From Roots
[2026-04-03T02:09:52.931+0600][67.387s][info][gc,task        ] GC(406) Using 3 workers of 3 for marking
[2026-04-03T02:09:53.051+0600][67.507s][info][gc,marking     ] GC(406) Concurrent Mark From Roots 119.278ms
[2026-04-03T02:09:53.051+0600][67.507s][info][gc,marking     ] GC(406) Concurrent Preclean
[2026-04-03T02:09:53.051+0600][67.507s][info][gc,marking     ] GC(406) Concurrent Preclean 0.499ms
[2026-04-03T02:09:53.052+0600][67.508s][info][gc,start       ] GC(406) Pause Remark
[2026-04-03T02:09:53.061+0600][67.517s][info][gc             ] GC(406) Pause Remark 488M->467M(500M) 9.048ms
[2026-04-03T02:09:53.061+0600][67.517s][info][gc,cpu         ] GC(406) User=0.07s Sys=0.00s Real=0.01s
[2026-04-03T02:09:53.061+0600][67.517s][info][gc,marking     ] GC(406) Concurrent Mark 129.597ms
[2026-04-03T02:09:53.061+0600][67.517s][info][gc,marking     ] GC(406) Concurrent Rebuild Remembered Sets and Scrub Regions
[2026-04-03T02:09:53.073+0600][67.529s][info][gc,start       ] GC(407) Pause Young (Normal) (G1 Humongous Allocation)
[2026-04-03T02:09:53.073+0600][67.529s][info][gc,task        ] GC(407) Using 10 workers of 10 for evacuation
[2026-04-03T02:09:53.076+0600][67.532s][info][gc,phases      ] GC(407)   Pre Evacuate Collection Set: 0.29ms
[2026-04-03T02:09:53.076+0600][67.532s][info][gc,phases      ] GC(407)   Merge Heap Roots: 0.21ms
[2026-04-03T02:09:53.076+0600][67.532s][info][gc,phases      ] GC(407)   Evacuate Collection Set: 1.39ms
[2026-04-03T02:09:53.076+0600][67.532s][info][gc,phases      ] GC(407)   Post Evacuate Collection Set: 0.64ms
[2026-04-03T02:09:53.076+0600][67.532s][info][gc,phases      ] GC(407)   Other: 0.12ms
[2026-04-03T02:09:53.076+0600][67.532s][info][gc,heap        ] GC(407) Eden regions: 82->0(141)
[2026-04-03T02:09:53.076+0600][67.532s][info][gc,heap        ] GC(407) Survivor regions: 1->1(9)
[2026-04-03T02:09:53.076+0600][67.532s][info][gc,heap        ] GC(407) Old regions: 325->325
[2026-04-03T02:09:53.076+0600][67.532s][info][gc,heap        ] GC(407) Humongous regions: 83->8
[2026-04-03T02:09:53.076+0600][67.532s][info][gc,metaspace   ] GC(407) Metaspace: 131658K(133056K)->131658K(133056K) NonClass: 115090K(115712K)->115090K(115712K) Class: 16568K(17344K)->16568K(17344K)
[2026-04-03T02:09:53.076+0600][67.532s][info][gc             ] GC(407) Pause Young (Normal) (G1 Humongous Allocation) 486M->330M(500M) 2.991ms
[2026-04-03T02:09:53.076+0600][67.532s][info][gc,cpu         ] GC(407) User=0.01s Sys=0.00s Real=0.00s
[2026-04-03T02:09:53.114+0600][67.570s][info][gc,marking     ] GC(406) Concurrent Rebuild Remembered Sets and Scrub Regions 53.220ms
[2026-04-03T02:09:53.115+0600][67.571s][info][gc,start       ] GC(406) Pause Cleanup
[2026-04-03T02:09:53.115+0600][67.571s][info][gc             ] GC(406) Pause Cleanup 372M->372M(500M) 0.768ms
[2026-04-03T02:09:53.116+0600][67.571s][info][gc,cpu         ] GC(406) User=0.01s Sys=0.00s Real=0.00s
[2026-04-03T02:09:53.116+0600][67.572s][info][gc,marking     ] GC(406) Concurrent Clear Claimed Marks
[2026-04-03T02:09:53.116+0600][67.572s][info][gc,marking     ] GC(406) Concurrent Clear Claimed Marks 0.371ms
[2026-04-03T02:09:53.116+0600][67.572s][info][gc,marking     ] GC(406) Concurrent Cleanup for Next Mark
[2026-04-03T02:09:53.117+0600][67.573s][info][gc,marking     ] GC(406) Concurrent Cleanup for Next Mark 1.058ms
[2026-04-03T02:09:53.117+0600][67.573s][info][gc             ] GC(406) Concurrent Mark Cycle 187.856ms
[2026-04-03T02:09:53.193+0600][67.649s][info][gc,start       ] GC(408) Pause Young (Prepare Mixed) (GCLocker Initiated GC)
[2026-04-03T02:09:53.194+0600][67.649s][info][gc,task        ] GC(408) Using 10 workers of 10 for evacuation
[2026-04-03T02:09:53.198+0600][67.654s][info][gc,phases      ] GC(408)   Pre Evacuate Collection Set: 0.42ms
[2026-04-03T02:09:53.198+0600][67.654s][info][gc,phases      ] GC(408)   Merge Heap Roots: 0.17ms
[2026-04-03T02:09:53.198+0600][67.654s][info][gc,phases      ] GC(408)   Evacuate Collection Set: 1.92ms
[2026-04-03T02:09:53.198+0600][67.654s][info][gc,phases      ] GC(408)   Post Evacuate Collection Set: 1.58ms
[2026-04-03T02:09:53.198+0600][67.654s][info][gc,phases      ] GC(408)   Other: 0.10ms
[2026-04-03T02:09:53.198+0600][67.654s][info][gc,heap        ] GC(408) Eden regions: 96->0(86)
[2026-04-03T02:09:53.198+0600][67.654s][info][gc,heap        ] GC(408) Survivor regions: 1->0(0)
[2026-04-03T02:09:53.198+0600][67.654s][info][gc,heap        ] GC(408) Old regions: 325->381
[2026-04-03T02:09:53.198+0600][67.654s][info][gc,heap        ] GC(408) Humongous regions: 78->8
[2026-04-03T02:09:53.198+0600][67.654s][info][gc,metaspace   ] GC(408) Metaspace: 131658K(133056K)->131658K(133056K) NonClass: 115090K(115712K)->115090K(115712K) Class: 16568K(17344K)->16568K(17344K)
[2026-04-03T02:09:53.198+0600][67.654s][info][gc             ] GC(408) Pause Young (Prepare Mixed) (GCLocker Initiated GC) (Evacuation Failure) 496M->385M(500M) 4.459ms
[2026-04-03T02:09:53.198+0600][67.654s][info][gc,cpu         ] GC(408) User=0.03s Sys=0.00s Real=0.00s
[2026-04-03T02:09:53.270+0600][67.726s][info][gc,start       ] GC(409) Pause Young (Mixed) (G1 Evacuation Pause)
[2026-04-03T02:09:53.270+0600][67.726s][info][gc,task        ] GC(409) Using 10 workers of 10 for evacuation
[2026-04-03T02:09:53.275+0600][67.731s][info][gc,phases      ] GC(409)   Pre Evacuate Collection Set: 0.42ms
[2026-04-03T02:09:53.275+0600][67.731s][info][gc,phases      ] GC(409)   Merge Heap Roots: 0.21ms
[2026-04-03T02:09:53.275+0600][67.731s][info][gc,phases      ] GC(409)   Evacuate Collection Set: 2.22ms
[2026-04-03T02:09:53.275+0600][67.731s][info][gc,phases      ] GC(409)   Post Evacuate Collection Set: 1.79ms
[2026-04-03T02:09:53.275+0600][67.731s][info][gc,phases      ] GC(409)   Other: 0.13ms
[2026-04-03T02:09:53.275+0600][67.731s][info][gc,heap        ] GC(409) Eden regions: 65->0(56)
[2026-04-03T02:09:53.275+0600][67.731s][info][gc,heap        ] GC(409) Survivor regions: 0->0(0)
[2026-04-03T02:09:53.275+0600][67.731s][info][gc,heap        ] GC(409) Old regions: 381->411
[2026-04-03T02:09:53.275+0600][67.731s][info][gc,heap        ] GC(409) Humongous regions: 54->8
[2026-04-03T02:09:53.275+0600][67.731s][info][gc,metaspace   ] GC(409) Metaspace: 131658K(133056K)->131658K(133056K) NonClass: 115090K(115712K)->115090K(115712K) Class: 16568K(17344K)->16568K(17344K)
[2026-04-03T02:09:53.275+0600][67.731s][info][gc             ] GC(409) Pause Young (Mixed) (G1 Evacuation Pause) (Evacuation Failure) 496M->415M(500M) 5.069ms
[2026-04-03T02:09:53.275+0600][67.731s][info][gc,cpu         ] GC(409) User=0.04s Sys=0.00s Real=0.00s
[2026-04-03T02:09:53.325+0600][67.780s][info][gc,start       ] GC(410) Pause Young (Mixed) (G1 Evacuation Pause)
[2026-04-03T02:09:53.325+0600][67.781s][info][gc,task        ] GC(410) Using 10 workers of 10 for evacuation
[2026-04-03T02:09:53.330+0600][67.786s][info][gc,phases      ] GC(410)   Pre Evacuate Collection Set: 0.32ms
[2026-04-03T02:09:53.330+0600][67.786s][info][gc,phases      ] GC(410)   Merge Heap Roots: 0.18ms
[2026-04-03T02:09:53.330+0600][67.786s][info][gc,phases      ] GC(410)   Evacuate Collection Set: 2.73ms
[2026-04-03T02:09:53.330+0600][67.786s][info][gc,phases      ] GC(410)   Post Evacuate Collection Set: 1.80ms
[2026-04-03T02:09:53.330+0600][67.786s][info][gc,phases      ] GC(410)   Other: 0.09ms
[2026-04-03T02:09:53.330+0600][67.786s][info][gc,heap        ] GC(410) Eden regions: 43->0(31)
[2026-04-03T02:09:53.330+0600][67.786s][info][gc,heap        ] GC(410) Survivor regions: 0->0(0)
[2026-04-03T02:09:53.330+0600][67.786s][info][gc,heap        ] GC(410) Old regions: 411->436
[2026-04-03T02:09:53.330+0600][67.786s][info][gc,heap        ] GC(410) Humongous regions: 46->8
[2026-04-03T02:09:53.330+0600][67.786s][info][gc,metaspace   ] GC(410) Metaspace: 131658K(133056K)->131658K(133056K) NonClass: 115090K(115712K)->115090K(115712K) Class: 16568K(17344K)->16568K(17344K)
[2026-04-03T02:09:53.330+0600][67.786s][info][gc             ] GC(410) Pause Young (Mixed) (G1 Evacuation Pause) (Evacuation Failure) 496M->440M(500M) 5.410ms
[2026-04-03T02:09:53.330+0600][67.786s][info][gc,cpu         ] GC(410) User=0.04s Sys=0.01s Real=0.01s
[2026-04-03T02:09:53.367+0600][67.822s][info][gc,start       ] GC(411) Pause Young (Mixed) (G1 Evacuation Pause)
[2026-04-03T02:09:53.367+0600][67.822s][info][gc,task        ] GC(411) Using 10 workers of 10 for evacuation
[2026-04-03T02:09:53.371+0600][67.827s][info][gc,phases      ] GC(411)   Pre Evacuate Collection Set: 0.57ms
[2026-04-03T02:09:53.371+0600][67.827s][info][gc,phases      ] GC(411)   Merge Heap Roots: 0.23ms
[2026-04-03T02:09:53.371+0600][67.827s][info][gc,phases      ] GC(411)   Evacuate Collection Set: 2.53ms
[2026-04-03T02:09:53.371+0600][67.827s][info][gc,phases      ] GC(411)   Post Evacuate Collection Set: 0.62ms
[2026-04-03T02:09:53.371+0600][67.827s][info][gc,phases      ] GC(411)   Other: 0.11ms
[2026-04-03T02:09:53.371+0600][67.827s][info][gc,heap        ] GC(411) Eden regions: 31->0(77)
[2026-04-03T02:09:53.371+0600][67.827s][info][gc,heap        ] GC(411) Survivor regions: 0->3(4)
[2026-04-03T02:09:53.371+0600][67.827s][info][gc,heap        ] GC(411) Old regions: 436->387
[2026-04-03T02:09:53.371+0600][67.827s][info][gc,heap        ] GC(411) Humongous regions: 29->8
[2026-04-03T02:09:53.371+0600][67.827s][info][gc,metaspace   ] GC(411) Metaspace: 131658K(133056K)->131658K(133056K) NonClass: 115090K(115712K)->115090K(115712K) Class: 16568K(17344K)->16568K(17344K)
[2026-04-03T02:09:53.371+0600][67.827s][info][gc             ] GC(411) Pause Young (Mixed) (G1 Evacuation Pause) 492M->392M(500M) 4.364ms
[2026-04-03T02:09:53.371+0600][67.827s][info][gc,cpu         ] GC(411) User=0.03s Sys=0.00s Real=0.01s
[2026-04-03T02:09:53.428+0600][67.884s][info][gc,start       ] GC(412) Pause Young (Mixed) (G1 Humongous Allocation)
[2026-04-03T02:09:53.428+0600][67.884s][info][gc,task        ] GC(412) Using 10 workers of 10 for evacuation
[2026-04-03T02:09:53.430+0600][67.886s][info][gc,phases      ] GC(412)   Pre Evacuate Collection Set: 0.47ms
[2026-04-03T02:09:53.430+0600][67.886s][info][gc,phases      ] GC(412)   Merge Heap Roots: 0.12ms
[2026-04-03T02:09:53.430+0600][67.886s][info][gc,phases      ] GC(412)   Evacuate Collection Set: 1.53ms
[2026-04-03T02:09:53.431+0600][67.886s][info][gc,phases      ] GC(412)   Post Evacuate Collection Set: 0.41ms
[2026-04-03T02:09:53.431+0600][67.886s][info][gc,phases      ] GC(412)   Other: 0.08ms
[2026-04-03T02:09:53.431+0600][67.886s][info][gc,heap        ] GC(412) Eden regions: 44->0(128)
[2026-04-03T02:09:53.431+0600][67.886s][info][gc,heap        ] GC(412) Survivor regions: 3->1(10)
[2026-04-03T02:09:53.431+0600][67.886s][info][gc,heap        ] GC(412) Old regions: 387->338
[2026-04-03T02:09:53.431+0600][67.886s][info][gc,heap        ] GC(412) Humongous regions: 45->8
[2026-04-03T02:09:53.431+0600][67.886s][info][gc,metaspace   ] GC(412) Metaspace: 131658K(133056K)->131658K(133056K) NonClass: 115090K(115712K)->115090K(115712K) Class: 16568K(17344K)->16568K(17344K)
[2026-04-03T02:09:53.431+0600][67.886s][info][gc             ] GC(412) Pause Young (Mixed) (G1 Humongous Allocation) 473M->342M(500M) 2.861ms
[2026-04-03T02:09:53.431+0600][67.887s][info][gc,cpu         ] GC(412) User=0.02s Sys=0.01s Real=0.01s
[2026-04-03T02:09:53.570+0600][68.026s][info][gc,start       ] GC(413) Pause Young (Mixed) (G1 Humongous Allocation)
[2026-04-03T02:09:53.570+0600][68.026s][info][gc,task        ] GC(413) Using 10 workers of 10 for evacuation
[2026-04-03T02:09:53.573+0600][68.029s][info][gc,phases      ] GC(413)   Pre Evacuate Collection Set: 0.43ms
[2026-04-03T02:09:53.573+0600][68.029s][info][gc,phases      ] GC(413)   Merge Heap Roots: 0.15ms
[2026-04-03T02:09:53.573+0600][68.029s][info][gc,phases      ] GC(413)   Evacuate Collection Set: 1.78ms
[2026-04-03T02:09:53.573+0600][68.029s][info][gc,phases      ] GC(413)   Post Evacuate Collection Set: 0.42ms
[2026-04-03T02:09:53.573+0600][68.029s][info][gc,phases      ] GC(413)   Other: 0.08ms
[2026-04-03T02:09:53.573+0600][68.029s][info][gc,heap        ] GC(413) Eden regions: 94->0(139)
[2026-04-03T02:09:53.573+0600][68.029s][info][gc,heap        ] GC(413) Survivor regions: 1->3(10)
[2026-04-03T02:09:53.573+0600][68.029s][info][gc,heap        ] GC(413) Old regions: 338->325
[2026-04-03T02:09:53.573+0600][68.029s][info][gc,heap        ] GC(413) Humongous regions: 57->8
[2026-04-03T02:09:53.573+0600][68.029s][info][gc,metaspace   ] GC(413) Metaspace: 131659K(133056K)->131659K(133056K) NonClass: 115091K(115712K)->115091K(115712K) Class: 16568K(17344K)->16568K(17344K)
[2026-04-03T02:09:53.573+0600][68.029s][info][gc             ] GC(413) Pause Young (Mixed) (G1 Humongous Allocation) 484M->331M(500M) 3.094ms
[2026-04-03T02:09:53.573+0600][68.029s][info][gc,cpu         ] GC(413) User=0.02s Sys=0.00s Real=0.00s
[2026-04-03T02:09:53.581+0600][68.037s][info][gc,start       ] GC(414) Pause Young (Concurrent Start) (G1 Humongous Allocation)
[2026-04-03T02:09:53.581+0600][68.037s][info][gc,task        ] GC(414) Using 10 workers of 10 for evacuation
[2026-04-03T02:09:53.583+0600][68.039s][info][gc,phases      ] GC(414)   Pre Evacuate Collection Set: 0.50ms
[2026-04-03T02:09:53.583+0600][68.039s][info][gc,phases      ] GC(414)   Merge Heap Roots: 0.09ms
[2026-04-03T02:09:53.583+0600][68.039s][info][gc,phases      ] GC(414)   Evacuate Collection Set: 1.27ms
[2026-04-03T02:09:53.583+0600][68.039s][info][gc,phases      ] GC(414)   Post Evacuate Collection Set: 0.41ms
[2026-04-03T02:09:53.583+0600][68.039s][info][gc,phases      ] GC(414)   Other: 0.13ms
[2026-04-03T02:09:53.583+0600][68.039s][info][gc,heap        ] GC(414) Eden regions: 2->0(139)
[2026-04-03T02:09:53.583+0600][68.039s][info][gc,heap        ] GC(414) Survivor regions: 3->3(18)
[2026-04-03T02:09:53.583+0600][68.039s][info][gc,heap        ] GC(414) Old regions: 325->325
[2026-04-03T02:09:53.583+0600][68.039s][info][gc,heap        ] GC(414) Humongous regions: 13->8
[2026-04-03T02:09:53.583+0600][68.039s][info][gc,metaspace   ] GC(414) Metaspace: 131659K(133056K)->131659K(133056K) NonClass: 115091K(115712K)->115091K(115712K) Class: 16568K(17344K)->16568K(17344K)
[2026-04-03T02:09:53.583+0600][68.039s][info][gc             ] GC(414) Pause Young (Concurrent Start) (G1 Humongous Allocation) 338M->330M(500M) 2.651ms
[2026-04-03T02:09:53.583+0600][68.039s][info][gc             ] GC(415) Concurrent Mark Cycle
[2026-04-03T02:09:53.583+0600][68.039s][info][gc,cpu         ] GC(414) User=0.02s Sys=0.00s Real=0.00s
[2026-04-03T02:09:53.583+0600][68.039s][info][gc,marking     ] GC(415) Concurrent Scan Root Regions
[2026-04-03T02:09:53.585+0600][68.041s][info][gc,marking     ] GC(415) Concurrent Scan Root Regions 2.082ms
[2026-04-03T02:09:53.586+0600][68.041s][info][gc,marking     ] GC(415) Concurrent Mark
[2026-04-03T02:09:53.586+0600][68.041s][info][gc,marking     ] GC(415) Concurrent Mark From Roots
[2026-04-03T02:09:53.586+0600][68.041s][info][gc,task        ] GC(415) Using 3 workers of 3 for marking
[2026-04-03T02:09:53.690+0600][68.146s][info][gc,marking     ] GC(415) Concurrent Mark From Roots 104.513ms
[2026-04-03T02:09:53.690+0600][68.146s][info][gc,marking     ] GC(415) Concurrent Preclean
[2026-04-03T02:09:53.691+0600][68.147s][info][gc,marking     ] GC(415) Concurrent Preclean 0.813ms
[2026-04-03T02:09:53.691+0600][68.147s][info][gc,start       ] GC(415) Pause Remark
[2026-04-03T02:09:53.701+0600][68.157s][info][gc             ] GC(415) Pause Remark 413M->357M(500M) 9.608ms
[2026-04-03T02:09:53.701+0600][68.157s][info][gc,cpu         ] GC(415) User=0.06s Sys=0.01s Real=0.01s
[2026-04-03T02:09:53.701+0600][68.157s][info][gc,marking     ] GC(415) Concurrent Mark 115.845ms
[2026-04-03T02:09:53.701+0600][68.157s][info][gc,marking     ] GC(415) Concurrent Rebuild Remembered Sets and Scrub Regions
[2026-04-03T02:09:53.754+0600][68.210s][info][gc,marking     ] GC(415) Concurrent Rebuild Remembered Sets and Scrub Regions 52.907ms
[2026-04-03T02:09:53.755+0600][68.211s][info][gc,start       ] GC(415) Pause Cleanup
[2026-04-03T02:09:53.755+0600][68.211s][info][gc             ] GC(415) Pause Cleanup 408M->408M(500M) 0.459ms
[2026-04-03T02:09:53.755+0600][68.211s][info][gc,cpu         ] GC(415) User=0.00s Sys=0.00s Real=0.00s
[2026-04-03T02:09:53.755+0600][68.211s][info][gc,marking     ] GC(415) Concurrent Clear Claimed Marks
[2026-04-03T02:09:53.756+0600][68.212s][info][gc,marking     ] GC(415) Concurrent Clear Claimed Marks 0.341ms
[2026-04-03T02:09:53.756+0600][68.212s][info][gc,marking     ] GC(415) Concurrent Cleanup for Next Mark
[2026-04-03T02:09:53.757+0600][68.212s][info][gc,marking     ] GC(415) Concurrent Cleanup for Next Mark 0.748ms
[2026-04-03T02:09:53.757+0600][68.212s][info][gc             ] GC(415) Concurrent Mark Cycle 173.287ms
[2026-04-03T02:09:53.807+0600][68.263s][info][gc,start       ] GC(416) Pause Young (Prepare Mixed) (G1 Evacuation Pause)
[2026-04-03T02:09:53.807+0600][68.263s][info][gc,task        ] GC(416) Using 10 workers of 10 for evacuation
[2026-04-03T02:09:53.812+0600][68.268s][info][gc,phases      ] GC(416)   Pre Evacuate Collection Set: 0.51ms
[2026-04-03T02:09:53.812+0600][68.268s][info][gc,phases      ] GC(416)   Merge Heap Roots: 0.22ms
[2026-04-03T02:09:53.812+0600][68.268s][info][gc,phases      ] GC(416)   Evacuate Collection Set: 3.21ms
[2026-04-03T02:09:53.812+0600][68.268s][info][gc,phases      ] GC(416)   Post Evacuate Collection Set: 1.18ms
[2026-04-03T02:09:53.812+0600][68.268s][info][gc,phases      ] GC(416)   Other: 0.13ms
[2026-04-03T02:09:53.812+0600][68.268s][info][gc,heap        ] GC(416) Eden regions: 139->0(190)
[2026-04-03T02:09:53.812+0600][68.268s][info][gc,heap        ] GC(416) Survivor regions: 3->6(18)
[2026-04-03T02:09:53.812+0600][68.268s][info][gc,heap        ] GC(416) Old regions: 269->269
[2026-04-03T02:09:53.812+0600][68.268s][info][gc,heap        ] GC(416) Humongous regions: 63->8
[2026-04-03T02:09:53.812+0600][68.268s][info][gc,metaspace   ] GC(416) Metaspace: 131659K(133056K)->131659K(133056K) NonClass: 115091K(115712K)->115091K(115712K) Class: 16568K(17344K)->16568K(17344K)
[2026-04-03T02:09:53.812+0600][68.268s][info][gc             ] GC(416) Pause Young (Prepare Mixed) (G1 Evacuation Pause) 468M->278M(500M) 5.579ms
[2026-04-03T02:09:53.812+0600][68.268s][info][gc,cpu         ] GC(416) User=0.04s Sys=0.00s Real=0.01s
[2026-04-03T02:09:53.957+0600][68.413s][info][gc,start       ] GC(417) Pause Young (Mixed) (G1 Humongous Allocation)
[2026-04-03T02:09:53.957+0600][68.413s][info][gc,task        ] GC(417) Using 10 workers of 10 for evacuation
[2026-04-03T02:09:53.959+0600][68.415s][info][gc,phases      ] GC(417)   Pre Evacuate Collection Set: 0.30ms
[2026-04-03T02:09:53.959+0600][68.415s][info][gc,phases      ] GC(417)   Merge Heap Roots: 0.13ms
[2026-04-03T02:09:53.959+0600][68.415s][info][gc,phases      ] GC(417)   Evacuate Collection Set: 1.19ms
[2026-04-03T02:09:53.959+0600][68.415s][info][gc,phases      ] GC(417)   Post Evacuate Collection Set: 0.49ms
[2026-04-03T02:09:53.959+0600][68.415s][info][gc,phases      ] GC(417)   Other: 0.08ms
[2026-04-03T02:09:53.959+0600][68.415s][info][gc,heap        ] GC(417) Eden regions: 141->0(238)
[2026-04-03T02:09:53.959+0600][68.415s][info][gc,heap        ] GC(417) Survivor regions: 6->3(12)
[2026-04-03T02:09:53.959+0600][68.415s][info][gc,heap        ] GC(417) Old regions: 269->219
[2026-04-03T02:09:53.959+0600][68.415s][info][gc,heap        ] GC(417) Humongous regions: 72->8
[2026-04-03T02:09:53.959+0600][68.415s][info][gc,metaspace   ] GC(417) Metaspace: 131661K(133056K)->131661K(133056K) NonClass: 115092K(115712K)->115092K(115712K) Class: 16568K(17344K)->16568K(17344K)
[2026-04-03T02:09:53.959+0600][68.415s][info][gc             ] GC(417) Pause Young (Mixed) (G1 Humongous Allocation) 482M->225M(500M) 2.406ms
[2026-04-03T02:09:53.959+0600][68.415s][info][gc,cpu         ] GC(417) User=0.01s Sys=0.00s Real=0.00s
[2026-04-03T02:09:54.144+0600][68.600s][info][gc,start       ] GC(418) Pause Young (Mixed) (G1 Humongous Allocation)
[2026-04-03T02:09:54.144+0600][68.600s][info][gc,task        ] GC(418) Using 10 workers of 10 for evacuation
[2026-04-03T02:09:54.148+0600][68.604s][info][gc,phases      ] GC(418)   Pre Evacuate Collection Set: 0.39ms
[2026-04-03T02:09:54.149+0600][68.604s][info][gc,phases      ] GC(418)   Merge Heap Roots: 0.25ms
[2026-04-03T02:09:54.149+0600][68.604s][info][gc,phases      ] GC(418)   Evacuate Collection Set: 2.59ms
[2026-04-03T02:09:54.149+0600][68.604s][info][gc,phases      ] GC(418)   Post Evacuate Collection Set: 1.08ms
[2026-04-03T02:09:54.149+0600][68.604s][info][gc,phases      ] GC(418)   Other: 0.13ms
[2026-04-03T02:09:54.149+0600][68.604s][info][gc,heap        ] GC(418) Eden regions: 209->0(283)
[2026-04-03T02:09:54.149+0600][68.604s][info][gc,heap        ] GC(418) Survivor regions: 3->5(8)
[2026-04-03T02:09:54.149+0600][68.604s][info][gc,heap        ] GC(418) Old regions: 219->169
[2026-04-03T02:09:54.149+0600][68.604s][info][gc,heap        ] GC(418) Humongous regions: 61->8
[2026-04-03T02:09:54.149+0600][68.604s][info][gc,metaspace   ] GC(418) Metaspace: 131661K(133056K)->131661K(133056K) NonClass: 115092K(115712K)->115092K(115712K) Class: 16568K(17344K)->16568K(17344K)
[2026-04-03T02:09:54.149+0600][68.605s][info][gc             ] GC(418) Pause Young (Mixed) (G1 Humongous Allocation) 487M->177M(500M) 4.761ms
[2026-04-03T02:09:54.149+0600][68.605s][info][gc,cpu         ] GC(418) User=0.03s Sys=0.00s Real=0.00s
[2026-04-03T02:09:54.350+0600][68.805s][info][gc,start       ] GC(419) Pause Full (System.gc())
[2026-04-03T02:09:54.350+0600][68.806s][info][gc,task        ] GC(419) Using 10 workers of 10 for full compaction
[2026-04-03T02:09:54.350+0600][68.806s][info][gc,phases,start] GC(419) Phase 1: Mark live objects
[2026-04-03T02:09:54.429+0600][68.885s][info][gc,phases      ] GC(419) Phase 1: Mark live objects 79.641ms
[2026-04-03T02:09:54.430+0600][68.885s][info][gc,phases,start] GC(419) Phase 2: Prepare compaction
[2026-04-03T02:09:54.432+0600][68.888s][info][gc,phases      ] GC(419) Phase 2: Prepare compaction 2.642ms
[2026-04-03T02:09:54.432+0600][68.888s][info][gc,phases,start] GC(419) Phase 3: Adjust pointers
[2026-04-03T02:09:54.454+0600][68.909s][info][gc,phases      ] GC(419) Phase 3: Adjust pointers 21.259ms
[2026-04-03T02:09:54.454+0600][68.909s][info][gc,phases,start] GC(419) Phase 4: Compact heap
[2026-04-03T02:09:54.456+0600][68.912s][info][gc,phases      ] GC(419) Phase 4: Compact heap 2.175ms
[2026-04-03T02:09:54.456+0600][68.912s][info][gc,phases,start] GC(419) Phase 5: Reset Metadata
[2026-04-03T02:09:54.460+0600][68.916s][info][gc,phases      ] GC(419) Phase 5: Reset Metadata 4.645ms
[2026-04-03T02:09:54.476+0600][68.932s][info][gc,heap        ] GC(419) Eden regions: 138->0(198)
[2026-04-03T02:09:54.476+0600][68.932s][info][gc,heap        ] GC(419) Survivor regions: 5->0(8)
[2026-04-03T02:09:54.476+0600][68.932s][info][gc,heap        ] GC(419) Old regions: 169->91
[2026-04-03T02:09:54.476+0600][68.932s][info][gc,heap        ] GC(419) Humongous regions: 128->8
[2026-04-03T02:09:54.476+0600][68.932s][info][gc,metaspace   ] GC(419) Metaspace: 131668K(133056K)->131668K(133056K) NonClass: 115099K(115712K)->115099K(115712K) Class: 16569K(17344K)->16569K(17344K)
[2026-04-03T02:09:54.476+0600][68.932s][info][gc             ] GC(419) Pause Full (System.gc()) 434M->93M(330M) 126.813ms
[2026-04-03T02:09:54.476+0600][68.932s][info][gc,cpu         ] GC(419) User=0.92s Sys=0.04s Real=0.13s
[2026-04-03T02:09:54.493+0600][68.949s][info][gc,start       ] GC(420) Pause Young (Concurrent Start) (G1 Humongous Allocation)
[2026-04-03T02:09:54.494+0600][68.949s][info][gc,task        ] GC(420) Using 8 workers of 10 for evacuation
[2026-04-03T02:09:54.497+0600][68.952s][info][gc,phases      ] GC(420)   Pre Evacuate Collection Set: 0.35ms
[2026-04-03T02:09:54.497+0600][68.952s][info][gc,phases      ] GC(420)   Merge Heap Roots: 0.16ms
[2026-04-03T02:09:54.497+0600][68.952s][info][gc,phases      ] GC(420)   Evacuate Collection Set: 1.92ms
[2026-04-03T02:09:54.497+0600][68.952s][info][gc,phases      ] GC(420)   Post Evacuate Collection Set: 0.47ms
[2026-04-03T02:09:54.497+0600][68.952s][info][gc,phases      ] GC(420)   Other: 0.11ms
[2026-04-03T02:09:54.497+0600][68.952s][info][gc,heap        ] GC(420) Eden regions: 7->0(197)
[2026-04-03T02:09:54.497+0600][68.953s][info][gc,heap        ] GC(420) Survivor regions: 0->1(25)
[2026-04-03T02:09:54.497+0600][68.953s][info][gc,heap        ] GC(420) Old regions: 91->91
[2026-04-03T02:09:54.497+0600][68.953s][info][gc,heap        ] GC(420) Humongous regions: 8->8
[2026-04-03T02:09:54.497+0600][68.953s][info][gc,metaspace   ] GC(420) Metaspace: 131669K(133056K)->131669K(133056K) NonClass: 115100K(115712K)->115100K(115712K) Class: 16569K(17344K)->16569K(17344K)
[2026-04-03T02:09:54.497+0600][68.953s][info][gc             ] GC(420) Pause Young (Concurrent Start) (G1 Humongous Allocation) 99M->94M(330M) 3.254ms
[2026-04-03T02:09:54.497+0600][68.953s][info][gc             ] GC(421) Concurrent Mark Cycle
[2026-04-03T02:09:54.497+0600][68.953s][info][gc,cpu         ] GC(420) User=0.02s Sys=0.00s Real=0.00s
[2026-04-03T02:09:54.497+0600][68.953s][info][gc,marking     ] GC(421) Concurrent Scan Root Regions
[2026-04-03T02:09:54.499+0600][68.955s][info][gc,marking     ] GC(421) Concurrent Scan Root Regions 1.908ms
[2026-04-03T02:09:54.499+0600][68.955s][info][gc,marking     ] GC(421) Concurrent Mark
[2026-04-03T02:09:54.499+0600][68.955s][info][gc,marking     ] GC(421) Concurrent Mark From Roots
[2026-04-03T02:09:54.499+0600][68.955s][info][gc,task        ] GC(421) Using 3 workers of 3 for marking
[2026-04-03T02:09:54.607+0600][69.063s][info][gc,marking     ] GC(421) Concurrent Mark From Roots 107.914ms
[2026-04-03T02:09:54.607+0600][69.063s][info][gc,marking     ] GC(421) Concurrent Preclean
[2026-04-03T02:09:54.607+0600][69.063s][info][gc,marking     ] GC(421) Concurrent Preclean 0.607ms
[2026-04-03T02:09:54.608+0600][69.064s][info][gc,start       ] GC(421) Pause Remark
[2026-04-03T02:09:54.618+0600][69.074s][info][gc             ] GC(421) Pause Remark 154M->154M(330M) 10.173ms
[2026-04-03T02:09:54.618+0600][69.074s][info][gc,cpu         ] GC(421) User=0.06s Sys=0.00s Real=0.01s
[2026-04-03T02:09:54.618+0600][69.074s][info][gc,marking     ] GC(421) Concurrent Mark 119.647ms
[2026-04-03T02:09:54.619+0600][69.074s][info][gc,marking     ] GC(421) Concurrent Rebuild Remembered Sets and Scrub Regions
[2026-04-03T02:09:54.651+0600][69.107s][info][gc,marking     ] GC(421) Concurrent Rebuild Remembered Sets and Scrub Regions 32.867ms
[2026-04-03T02:09:54.652+0600][69.108s][info][gc,start       ] GC(421) Pause Cleanup
[2026-04-03T02:09:54.652+0600][69.108s][info][gc             ] GC(421) Pause Cleanup 289M->289M(330M) 0.352ms
[2026-04-03T02:09:54.653+0600][69.108s][info][gc,cpu         ] GC(421) User=0.00s Sys=0.00s Real=0.00s
[2026-04-03T02:09:54.653+0600][69.109s][info][gc,marking     ] GC(421) Concurrent Clear Claimed Marks
[2026-04-03T02:09:54.653+0600][69.109s][info][gc,marking     ] GC(421) Concurrent Clear Claimed Marks 0.524ms
[2026-04-03T02:09:54.653+0600][69.109s][info][gc,marking     ] GC(421) Concurrent Cleanup for Next Mark
[2026-04-03T02:09:54.654+0600][69.110s][info][gc,marking     ] GC(421) Concurrent Cleanup for Next Mark 1.042ms
[2026-04-03T02:09:54.654+0600][69.110s][info][gc             ] GC(421) Concurrent Mark Cycle 157.643ms
[2026-04-03T02:09:54.671+0600][69.127s][info][gc,start       ] GC(422) Pause Young (Prepare Mixed) (GCLocker Initiated GC)
[2026-04-03T02:09:54.671+0600][69.127s][info][gc,task        ] GC(422) Using 9 workers of 10 for evacuation
[2026-04-03T02:09:54.675+0600][69.131s][info][gc,phases      ] GC(422)   Pre Evacuate Collection Set: 0.26ms
[2026-04-03T02:09:54.675+0600][69.131s][info][gc,phases      ] GC(422)   Merge Heap Roots: 0.11ms
[2026-04-03T02:09:54.675+0600][69.131s][info][gc,phases      ] GC(422)   Evacuate Collection Set: 2.78ms
[2026-04-03T02:09:54.675+0600][69.131s][info][gc,phases      ] GC(422)   Post Evacuate Collection Set: 0.62ms
[2026-04-03T02:09:54.675+0600][69.131s][info][gc,phases      ] GC(422)   Other: 0.08ms
[2026-04-03T02:09:54.675+0600][69.131s][info][gc,heap        ] GC(422) Eden regions: 53->0(223)
[2026-04-03T02:09:54.675+0600][69.131s][info][gc,heap        ] GC(422) Survivor regions: 1->4(25)
[2026-04-03T02:09:54.675+0600][69.131s][info][gc,heap        ] GC(422) Old regions: 91->91
[2026-04-03T02:09:54.675+0600][69.131s][info][gc,heap        ] GC(422) Humongous regions: 230->18
[2026-04-03T02:09:54.675+0600][69.131s][info][gc,metaspace   ] GC(422) Metaspace: 131670K(133056K)->131670K(133056K) NonClass: 115100K(115712K)->115100K(115712K) Class: 16569K(17344K)->16569K(17344K)
[2026-04-03T02:09:54.675+0600][69.131s][info][gc             ] GC(422) Pause Young (Prepare Mixed) (GCLocker Initiated GC) 369M->107M(379M) 4.105ms
[2026-04-03T02:09:54.675+0600][69.131s][info][gc,cpu         ] GC(422) User=0.02s Sys=0.01s Real=0.00s
[2026-04-03T02:09:54.774+0600][69.230s][info][gc,start       ] GC(423) Pause Young (Mixed) (G1 Evacuation Pause)
[2026-04-03T02:09:54.774+0600][69.230s][info][gc,task        ] GC(423) Using 10 workers of 10 for evacuation
[2026-04-03T02:09:54.777+0600][69.233s][info][gc,phases      ] GC(423)   Pre Evacuate Collection Set: 0.29ms
[2026-04-03T02:09:54.777+0600][69.233s][info][gc,phases      ] GC(423)   Merge Heap Roots: 0.10ms
[2026-04-03T02:09:54.777+0600][69.233s][info][gc,phases      ] GC(423)   Evacuate Collection Set: 2.08ms
[2026-04-03T02:09:54.777+0600][69.233s][info][gc,phases      ] GC(423)   Post Evacuate Collection Set: 0.58ms
[2026-04-03T02:09:54.777+0600][69.233s][info][gc,phases      ] GC(423)   Other: 0.08ms
[2026-04-03T02:09:54.777+0600][69.233s][info][gc,heap        ] GC(423) Eden regions: 57->0(277)
[2026-04-03T02:09:54.777+0600][69.233s][info][gc,heap        ] GC(423) Survivor regions: 4->5(29)
[2026-04-03T02:09:54.777+0600][69.233s][info][gc,heap        ] GC(423) Old regions: 91->90
[2026-04-03T02:09:54.777+0600][69.233s][info][gc,heap        ] GC(423) Humongous regions: 312->23
[2026-04-03T02:09:54.777+0600][69.233s][info][gc,metaspace   ] GC(423) Metaspace: 131673K(133056K)->131673K(133056K) NonClass: 115103K(115712K)->115103K(115712K) Class: 16569K(17344K)->16569K(17344K)
[2026-04-03T02:09:54.777+0600][69.233s][info][gc             ] GC(423) Pause Young (Mixed) (G1 Evacuation Pause) 458M->112M(470M) 3.379ms
[2026-04-03T02:09:54.777+0600][69.233s][info][gc,cpu         ] GC(423) User=0.01s Sys=0.01s Real=0.00s
[2026-04-03T02:09:54.778+0600][69.233s][info][gc,start       ] GC(424) Pause Young (Concurrent Start) (G1 Humongous Allocation)
[2026-04-03T02:09:54.778+0600][69.234s][info][gc,task        ] GC(424) Using 10 workers of 10 for evacuation
[2026-04-03T02:09:54.780+0600][69.236s][info][gc,phases      ] GC(424)   Pre Evacuate Collection Set: 0.30ms
[2026-04-03T02:09:54.780+0600][69.236s][info][gc,phases      ] GC(424)   Merge Heap Roots: 0.10ms
[2026-04-03T02:09:54.780+0600][69.236s][info][gc,phases      ] GC(424)   Evacuate Collection Set: 1.32ms
[2026-04-03T02:09:54.780+0600][69.236s][info][gc,phases      ] GC(424)   Post Evacuate Collection Set: 0.45ms
[2026-04-03T02:09:54.780+0600][69.236s][info][gc,phases      ] GC(424)   Other: 0.16ms
[2026-04-03T02:09:54.780+0600][69.236s][info][gc,heap        ] GC(424) Eden regions: 2->0(277)
[2026-04-03T02:09:54.780+0600][69.236s][info][gc,heap        ] GC(424) Survivor regions: 5->5(36)
[2026-04-03T02:09:54.780+0600][69.236s][info][gc,heap        ] GC(424) Old regions: 90->90
[2026-04-03T02:09:54.780+0600][69.236s][info][gc,heap        ] GC(424) Humongous regions: 23->8
[2026-04-03T02:09:54.780+0600][69.236s][info][gc,metaspace   ] GC(424) Metaspace: 131673K(133056K)->131673K(133056K) NonClass: 115103K(115712K)->115103K(115712K) Class: 16569K(17344K)->16569K(17344K)
[2026-04-03T02:09:54.780+0600][69.236s][info][gc             ] GC(424) Pause Young (Concurrent Start) (G1 Humongous Allocation) 113M->96M(470M) 2.570ms
[2026-04-03T02:09:54.780+0600][69.236s][info][gc             ] GC(425) Concurrent Mark Cycle
[2026-04-03T02:09:54.780+0600][69.236s][info][gc,cpu         ] GC(424) User=0.01s Sys=0.00s Real=0.01s
[2026-04-03T02:09:54.780+0600][69.236s][info][gc,marking     ] GC(425) Concurrent Scan Root Regions
[2026-04-03T02:09:54.782+0600][69.237s][info][gc,marking     ] GC(425) Concurrent Scan Root Regions 1.366ms
[2026-04-03T02:09:54.782+0600][69.238s][info][gc,marking     ] GC(425) Concurrent Mark
[2026-04-03T02:09:54.782+0600][69.238s][info][gc,marking     ] GC(425) Concurrent Mark From Roots
[2026-04-03T02:09:54.782+0600][69.238s][info][gc,task        ] GC(425) Using 3 workers of 3 for marking
[2026-04-03T02:09:54.887+0600][69.343s][info][gc,marking     ] GC(425) Concurrent Mark From Roots 105.728ms
[2026-04-03T02:09:54.887+0600][69.343s][info][gc,marking     ] GC(425) Concurrent Preclean
[2026-04-03T02:09:54.888+0600][69.344s][info][gc,marking     ] GC(425) Concurrent Preclean 0.283ms
[2026-04-03T02:09:54.888+0600][69.344s][info][gc,start       ] GC(425) Pause Remark
[2026-04-03T02:09:54.896+0600][69.352s][info][gc             ] GC(425) Pause Remark 380M->380M(500M) 8.148ms
[2026-04-03T02:09:54.896+0600][69.352s][info][gc,cpu         ] GC(425) User=0.06s Sys=0.00s Real=0.01s
[2026-04-03T02:09:54.897+0600][69.353s][info][gc,marking     ] GC(425) Concurrent Mark 114.986ms
[2026-04-03T02:09:54.897+0600][69.353s][info][gc,marking     ] GC(425) Concurrent Rebuild Remembered Sets and Scrub Regions
[2026-04-03T02:09:54.928+0600][69.384s][info][gc,marking     ] GC(425) Concurrent Rebuild Remembered Sets and Scrub Regions 31.302ms
[2026-04-03T02:09:54.929+0600][69.385s][info][gc,start       ] GC(425) Pause Cleanup
[2026-04-03T02:09:54.929+0600][69.385s][info][gc             ] GC(425) Pause Cleanup 404M->404M(500M) 0.449ms
[2026-04-03T02:09:54.929+0600][69.385s][info][gc,cpu         ] GC(425) User=0.00s Sys=0.00s Real=0.00s
[2026-04-03T02:09:54.929+0600][69.385s][info][gc,marking     ] GC(425) Concurrent Clear Claimed Marks
[2026-04-03T02:09:54.930+0600][69.386s][info][gc,marking     ] GC(425) Concurrent Clear Claimed Marks 0.383ms
[2026-04-03T02:09:54.930+0600][69.386s][info][gc,marking     ] GC(425) Concurrent Cleanup for Next Mark
[2026-04-03T02:09:54.932+0600][69.387s][info][gc,marking     ] GC(425) Concurrent Cleanup for Next Mark 1.809ms
[2026-04-03T02:09:54.932+0600][69.388s][info][gc             ] GC(425) Concurrent Mark Cycle 151.500ms
[2026-04-03T02:09:55.032+0600][69.488s][info][gc,start       ] GC(426) Pause Young (Prepare Mixed) (G1 Humongous Allocation)
[2026-04-03T02:09:55.032+0600][69.488s][info][gc,task        ] GC(426) Using 10 workers of 10 for evacuation
[2026-04-03T02:09:55.036+0600][69.491s][info][gc,phases      ] GC(426)   Pre Evacuate Collection Set: 0.40ms
[2026-04-03T02:09:55.036+0600][69.491s][info][gc,phases      ] GC(426)   Merge Heap Roots: 0.12ms
[2026-04-03T02:09:55.036+0600][69.491s][info][gc,phases      ] GC(426)   Evacuate Collection Set: 2.21ms
[2026-04-03T02:09:55.036+0600][69.491s][info][gc,phases      ] GC(426)   Post Evacuate Collection Set: 0.77ms
[2026-04-03T02:09:55.036+0600][69.491s][info][gc,phases      ] GC(426)   Other: 0.09ms
[2026-04-03T02:09:55.036+0600][69.492s][info][gc,heap        ] GC(426) Eden regions: 108->0(298)
[2026-04-03T02:09:55.036+0600][69.492s][info][gc,heap        ] GC(426) Survivor regions: 5->2(2)
[2026-04-03T02:09:55.036+0600][69.492s][info][gc,heap        ] GC(426) Old regions: 90->93
[2026-04-03T02:09:55.036+0600][69.492s][info][gc,heap        ] GC(426) Humongous regions: 295->8
[2026-04-03T02:09:55.036+0600][69.492s][info][gc,metaspace   ] GC(426) Metaspace: 131678K(133120K)->131678K(133120K) NonClass: 115108K(115776K)->115108K(115776K) Class: 16569K(17344K)->16569K(17344K)
[2026-04-03T02:09:55.036+0600][69.492s][info][gc             ] GC(426) Pause Young (Prepare Mixed) (G1 Humongous Allocation) (Evacuation Failure) 491M->98M(500M) 3.862ms
[2026-04-03T02:09:55.036+0600][69.492s][info][gc,cpu         ] GC(426) User=0.02s Sys=0.01s Real=0.00s
[2026-04-03T02:09:55.527+0600][69.983s][info][gc,start       ] GC(427) Pause Young (Mixed) (G1 Evacuation Pause)
[2026-04-03T02:09:55.527+0600][69.983s][info][gc,task        ] GC(427) Using 10 workers of 10 for evacuation
[2026-04-03T02:09:55.534+0600][69.990s][info][gc,phases      ] GC(427)   Pre Evacuate Collection Set: 0.53ms
[2026-04-03T02:09:55.534+0600][69.990s][info][gc,phases      ] GC(427)   Merge Heap Roots: 0.23ms
[2026-04-03T02:09:55.534+0600][69.990s][info][gc,phases      ] GC(427)   Evacuate Collection Set: 2.30ms
[2026-04-03T02:09:55.534+0600][69.990s][info][gc,phases      ] GC(427)   Post Evacuate Collection Set: 3.46ms
[2026-04-03T02:09:55.534+0600][69.990s][info][gc,phases      ] GC(427)   Other: 0.13ms
[2026-04-03T02:09:55.534+0600][69.990s][info][gc,heap        ] GC(427) Eden regions: 282->0(193)
[2026-04-03T02:09:55.534+0600][69.990s][info][gc,heap        ] GC(427) Survivor regions: 2->0(0)
[2026-04-03T02:09:55.534+0600][69.990s][info][gc,heap        ] GC(427) Old regions: 93->272
[2026-04-03T02:09:55.534+0600][69.990s][info][gc,heap        ] GC(427) Humongous regions: 123->8
[2026-04-03T02:09:55.534+0600][69.990s][info][gc,metaspace   ] GC(427) Metaspace: 131679K(133120K)->131679K(133120K) NonClass: 115109K(115776K)->115109K(115776K) Class: 16569K(17344K)->16569K(17344K)
[2026-04-03T02:09:55.534+0600][69.990s][info][gc             ] GC(427) Pause Young (Mixed) (G1 Evacuation Pause) (Evacuation Failure) 495M->275M(500M) 7.001ms
[2026-04-03T02:09:55.534+0600][69.990s][info][gc,cpu         ] GC(427) User=0.04s Sys=0.01s Real=0.01s
[2026-04-03T02:09:55.543+0600][69.999s][info][gc,start       ] GC(428) Pause Young (Concurrent Start) (GCLocker Initiated GC)
[2026-04-03T02:09:55.544+0600][69.999s][info][gc,task        ] GC(428) Using 10 workers of 10 for evacuation
[2026-04-03T02:09:55.547+0600][70.003s][info][gc,phases      ] GC(428)   Pre Evacuate Collection Set: 0.60ms
[2026-04-03T02:09:55.547+0600][70.003s][info][gc,phases      ] GC(428)   Merge Heap Roots: 0.11ms
[2026-04-03T02:09:55.547+0600][70.003s][info][gc,phases      ] GC(428)   Evacuate Collection Set: 2.18ms
[2026-04-03T02:09:55.547+0600][70.003s][info][gc,phases      ] GC(428)   Post Evacuate Collection Set: 0.69ms
[2026-04-03T02:09:55.547+0600][70.003s][info][gc,phases      ] GC(428)   Other: 0.19ms
[2026-04-03T02:09:55.547+0600][70.003s][info][gc,heap        ] GC(428) Eden regions: 15->0(183)
[2026-04-03T02:09:55.547+0600][70.003s][info][gc,heap        ] GC(428) Survivor regions: 0->2(25)
[2026-04-03T02:09:55.547+0600][70.003s][info][gc,heap        ] GC(428) Old regions: 272->272
[2026-04-03T02:09:55.547+0600][70.003s][info][gc,heap        ] GC(428) Humongous regions: 8->8
[2026-04-03T02:09:55.547+0600][70.003s][info][gc,metaspace   ] GC(428) Metaspace: 131679K(133120K)->131679K(133120K) NonClass: 115109K(115776K)->115109K(115776K) Class: 16569K(17344K)->16569K(17344K)
[2026-04-03T02:09:55.547+0600][70.003s][info][gc             ] GC(428) Pause Young (Concurrent Start) (GCLocker Initiated GC) 290M->276M(500M) 4.060ms
[2026-04-03T02:09:55.548+0600][70.003s][info][gc             ] GC(429) Concurrent Mark Cycle
[2026-04-03T02:09:55.548+0600][70.003s][info][gc,marking     ] GC(429) Concurrent Scan Root Regions
[2026-04-03T02:09:55.548+0600][70.003s][info][gc,cpu         ] GC(428) User=0.02s Sys=0.00s Real=0.00s
[2026-04-03T02:09:55.549+0600][70.005s][info][gc,marking     ] GC(429) Concurrent Scan Root Regions 1.793ms
[2026-04-03T02:09:55.549+0600][70.005s][info][gc,marking     ] GC(429) Concurrent Mark
[2026-04-03T02:09:55.549+0600][70.005s][info][gc,marking     ] GC(429) Concurrent Mark From Roots
[2026-04-03T02:09:55.549+0600][70.005s][info][gc,task        ] GC(429) Using 3 workers of 3 for marking
[2026-04-03T02:09:55.672+0600][70.128s][info][gc,marking     ] GC(429) Concurrent Mark From Roots 122.915ms
[2026-04-03T02:09:55.672+0600][70.128s][info][gc,marking     ] GC(429) Concurrent Preclean
[2026-04-03T02:09:55.673+0600][70.129s][info][gc,marking     ] GC(429) Concurrent Preclean 0.567ms
[2026-04-03T02:09:55.673+0600][70.129s][info][gc,start       ] GC(429) Pause Remark
[2026-04-03T02:09:55.682+0600][70.138s][info][gc             ] GC(429) Pause Remark 437M->435M(500M) 8.691ms
[2026-04-03T02:09:55.682+0600][70.138s][info][gc,cpu         ] GC(429) User=0.07s Sys=0.01s Real=0.01s
[2026-04-03T02:09:55.682+0600][70.138s][info][gc,marking     ] GC(429) Concurrent Mark 132.893ms
[2026-04-03T02:09:55.682+0600][70.138s][info][gc,marking     ] GC(429) Concurrent Rebuild Remembered Sets and Scrub Regions
[2026-04-03T02:09:55.719+0600][70.175s][info][gc,marking     ] GC(429) Concurrent Rebuild Remembered Sets and Scrub Regions 36.869ms
[2026-04-03T02:09:55.720+0600][70.176s][info][gc,start       ] GC(429) Pause Cleanup
[2026-04-03T02:09:55.720+0600][70.176s][info][gc             ] GC(429) Pause Cleanup 480M->480M(500M) 0.521ms
[2026-04-03T02:09:55.720+0600][70.176s][info][gc,cpu         ] GC(429) User=0.00s Sys=0.00s Real=0.00s
[2026-04-03T02:09:55.721+0600][70.176s][info][gc,marking     ] GC(429) Concurrent Clear Claimed Marks
[2026-04-03T02:09:55.721+0600][70.177s][info][gc,marking     ] GC(429) Concurrent Clear Claimed Marks 0.349ms
[2026-04-03T02:09:55.721+0600][70.177s][info][gc,marking     ] GC(429) Concurrent Cleanup for Next Mark
[2026-04-03T02:09:55.722+0600][70.178s][info][gc,marking     ] GC(429) Concurrent Cleanup for Next Mark 1.033ms
[2026-04-03T02:09:55.722+0600][70.178s][info][gc             ] GC(429) Concurrent Mark Cycle 174.460ms
[2026-04-03T02:09:55.733+0600][70.189s][info][gc,start       ] GC(430) Pause Young (Prepare Mixed) (G1 Evacuation Pause)
[2026-04-03T02:09:55.733+0600][70.189s][info][gc,task        ] GC(430) Using 10 workers of 10 for evacuation
[2026-04-03T02:09:55.736+0600][70.192s][info][gc,phases      ] GC(430)   Pre Evacuate Collection Set: 0.42ms
[2026-04-03T02:09:55.736+0600][70.192s][info][gc,phases      ] GC(430)   Merge Heap Roots: 0.20ms
[2026-04-03T02:09:55.736+0600][70.192s][info][gc,phases      ] GC(430)   Evacuate Collection Set: 1.35ms
[2026-04-03T02:09:55.736+0600][70.192s][info][gc,phases      ] GC(430)   Post Evacuate Collection Set: 1.24ms
[2026-04-03T02:09:55.736+0600][70.192s][info][gc,phases      ] GC(430)   Other: 0.10ms
[2026-04-03T02:09:55.736+0600][70.192s][info][gc,heap        ] GC(430) Eden regions: 115->0(142)
[2026-04-03T02:09:55.736+0600][70.192s][info][gc,heap        ] GC(430) Survivor regions: 2->0(0)
[2026-04-03T02:09:55.736+0600][70.192s][info][gc,heap        ] GC(430) Old regions: 270->325
[2026-04-03T02:09:55.736+0600][70.192s][info][gc,heap        ] GC(430) Humongous regions: 113->8
[2026-04-03T02:09:55.736+0600][70.192s][info][gc,metaspace   ] GC(430) Metaspace: 131679K(133120K)->131679K(133120K) NonClass: 115109K(115776K)->115109K(115776K) Class: 16569K(17344K)->16569K(17344K)
[2026-04-03T02:09:55.736+0600][70.192s][info][gc             ] GC(430) Pause Young (Prepare Mixed) (G1 Evacuation Pause) (Evacuation Failure) 494M->328M(500M) 3.582ms
[2026-04-03T02:09:55.736+0600][70.192s][info][gc,cpu         ] GC(430) User=0.02s Sys=0.01s Real=0.00s
[2026-04-03T02:09:55.845+0600][70.300s][info][gc,start       ] GC(431) Pause Young (Mixed) (GCLocker Initiated GC)
[2026-04-03T02:09:55.845+0600][70.300s][info][gc,task        ] GC(431) Using 10 workers of 10 for evacuation
[2026-04-03T02:09:55.851+0600][70.307s][info][gc,phases      ] GC(431)   Pre Evacuate Collection Set: 0.39ms
[2026-04-03T02:09:55.851+0600][70.307s][info][gc,phases      ] GC(431)   Merge Heap Roots: 0.22ms
[2026-04-03T02:09:55.851+0600][70.307s][info][gc,phases      ] GC(431)   Evacuate Collection Set: 3.22ms
[2026-04-03T02:09:55.851+0600][70.307s][info][gc,phases      ] GC(431)   Post Evacuate Collection Set: 2.41ms
[2026-04-03T02:09:55.851+0600][70.307s][info][gc,phases      ] GC(431)   Other: 0.12ms
[2026-04-03T02:09:55.851+0600][70.307s][info][gc,heap        ] GC(431) Eden regions: 101->0(84)
[2026-04-03T02:09:55.851+0600][70.307s][info][gc,heap        ] GC(431) Survivor regions: 0->1(1)
[2026-04-03T02:09:55.851+0600][70.307s][info][gc,heap        ] GC(431) Old regions: 325->382
[2026-04-03T02:09:55.851+0600][70.307s][info][gc,heap        ] GC(431) Humongous regions: 73->8
[2026-04-03T02:09:55.851+0600][70.307s][info][gc,metaspace   ] GC(431) Metaspace: 131679K(133120K)->131679K(133120K) NonClass: 115109K(115776K)->115109K(115776K) Class: 16569K(17344K)->16569K(17344K)
[2026-04-03T02:09:55.851+0600][70.307s][info][gc             ] GC(431) Pause Young (Mixed) (GCLocker Initiated GC) (Evacuation Failure) 494M->386M(500M) 6.639ms
[2026-04-03T02:09:55.851+0600][70.307s][info][gc,cpu         ] GC(431) User=0.05s Sys=0.00s Real=0.01s
[2026-04-03T02:09:55.916+0600][70.372s][info][gc,start       ] GC(432) Pause Young (Mixed) (G1 Humongous Allocation)
[2026-04-03T02:09:55.916+0600][70.372s][info][gc,task        ] GC(432) Using 10 workers of 10 for evacuation
[2026-04-03T02:09:55.922+0600][70.377s][info][gc,phases      ] GC(432)   Pre Evacuate Collection Set: 0.53ms
[2026-04-03T02:09:55.922+0600][70.378s][info][gc,phases      ] GC(432)   Merge Heap Roots: 0.32ms
[2026-04-03T02:09:55.922+0600][70.378s][info][gc,phases      ] GC(432)   Evacuate Collection Set: 2.33ms
[2026-04-03T02:09:55.922+0600][70.378s][info][gc,phases      ] GC(432)   Post Evacuate Collection Set: 1.99ms
[2026-04-03T02:09:55.922+0600][70.378s][info][gc,phases      ] GC(432)   Other: 0.14ms
[2026-04-03T02:09:55.922+0600][70.378s][info][gc,heap        ] GC(432) Eden regions: 61->0(41)
[2026-04-03T02:09:55.922+0600][70.378s][info][gc,heap        ] GC(432) Survivor regions: 1->0(0)
[2026-04-03T02:09:55.922+0600][70.378s][info][gc,heap        ] GC(432) Old regions: 382->424
[2026-04-03T02:09:55.922+0600][70.378s][info][gc,heap        ] GC(432) Humongous regions: 56->10
[2026-04-03T02:09:55.922+0600][70.378s][info][gc,metaspace   ] GC(432) Metaspace: 131679K(133120K)->131679K(133120K) NonClass: 115109K(115776K)->115109K(115776K) Class: 16569K(17344K)->16569K(17344K)
[2026-04-03T02:09:55.922+0600][70.378s][info][gc             ] GC(432) Pause Young (Mixed) (G1 Humongous Allocation) (Evacuation Failure) 495M->429M(500M) 5.698ms
[2026-04-03T02:09:55.922+0600][70.378s][info][gc,cpu         ] GC(432) User=0.04s Sys=0.00s Real=0.01s
[2026-04-03T02:09:55.967+0600][70.423s][info][gc,start       ] GC(433) Pause Young (Mixed) (G1 Evacuation Pause)
[2026-04-03T02:09:55.967+0600][70.423s][info][gc,task        ] GC(433) Using 10 workers of 10 for evacuation
[2026-04-03T02:09:55.971+0600][70.427s][info][gc,phases      ] GC(433)   Pre Evacuate Collection Set: 0.46ms
[2026-04-03T02:09:55.971+0600][70.427s][info][gc,phases      ] GC(433)   Merge Heap Roots: 0.17ms
[2026-04-03T02:09:55.971+0600][70.427s][info][gc,phases      ] GC(433)   Evacuate Collection Set: 1.54ms
[2026-04-03T02:09:55.971+0600][70.427s][info][gc,phases      ] GC(433)   Post Evacuate Collection Set: 1.55ms
[2026-04-03T02:09:55.971+0600][70.427s][info][gc,phases      ] GC(433)   Other: 0.09ms
[2026-04-03T02:09:55.971+0600][70.427s][info][gc,heap        ] GC(433) Eden regions: 32->0(25)
[2026-04-03T02:09:55.971+0600][70.427s][info][gc,heap        ] GC(433) Survivor regions: 0->0(0)
[2026-04-03T02:09:55.971+0600][70.427s][info][gc,heap        ] GC(433) Old regions: 424->448
[2026-04-03T02:09:55.971+0600][70.427s][info][gc,heap        ] GC(433) Humongous regions: 44->12
[2026-04-03T02:09:55.971+0600][70.427s][info][gc,metaspace   ] GC(433) Metaspace: 131679K(133120K)->131679K(133120K) NonClass: 115109K(115776K)->115109K(115776K) Class: 16569K(17344K)->16569K(17344K)
[2026-04-03T02:09:55.971+0600][70.427s][info][gc             ] GC(433) Pause Young (Mixed) (G1 Evacuation Pause) (Evacuation Failure) 495M->455M(500M) 4.180ms
[2026-04-03T02:09:55.971+0600][70.427s][info][gc,cpu         ] GC(433) User=0.03s Sys=0.00s Real=0.01s
[2026-04-03T02:09:55.992+0600][70.447s][info][gc,start       ] GC(434) Pause Young (Mixed) (GCLocker Initiated GC)
[2026-04-03T02:09:55.992+0600][70.448s][info][gc,task        ] GC(434) Using 10 workers of 10 for evacuation
[2026-04-03T02:09:55.995+0600][70.451s][info][gc,phases      ] GC(434)   Pre Evacuate Collection Set: 0.48ms
[2026-04-03T02:09:55.995+0600][70.451s][info][gc,phases      ] GC(434)   Merge Heap Roots: 0.13ms
[2026-04-03T02:09:55.995+0600][70.451s][info][gc,phases      ] GC(434)   Evacuate Collection Set: 1.72ms
[2026-04-03T02:09:55.995+0600][70.451s][info][gc,phases      ] GC(434)   Post Evacuate Collection Set: 0.54ms
[2026-04-03T02:09:55.995+0600][70.451s][info][gc,phases      ] GC(434)   Other: 0.18ms
[2026-04-03T02:09:55.995+0600][70.451s][info][gc,heap        ] GC(434) Eden regions: 25->0(25)
[2026-04-03T02:09:55.995+0600][70.451s][info][gc,heap        ] GC(434) Survivor regions: 0->2(4)
[2026-04-03T02:09:55.995+0600][70.451s][info][gc,heap        ] GC(434) Old regions: 448->439
[2026-04-03T02:09:55.995+0600][70.451s][info][gc,heap        ] GC(434) Humongous regions: 16->12
[2026-04-03T02:09:55.995+0600][70.451s][info][gc,metaspace   ] GC(434) Metaspace: 131679K(133120K)->131679K(133120K) NonClass: 115109K(115776K)->115109K(115776K) Class: 16569K(17344K)->16569K(17344K)
[2026-04-03T02:09:55.995+0600][70.451s][info][gc             ] GC(434) Pause Young (Mixed) (GCLocker Initiated GC) 484M->446M(500M) 3.352ms
[2026-04-03T02:09:55.995+0600][70.451s][info][gc,cpu         ] GC(434) User=0.02s Sys=0.00s Real=0.00s
[2026-04-03T02:09:55.996+0600][70.452s][info][gc,start       ] GC(435) Pause Young (Concurrent Start) (GCLocker Initiated GC)
[2026-04-03T02:09:55.996+0600][70.452s][info][gc,task        ] GC(435) Using 10 workers of 10 for evacuation
[2026-04-03T02:09:55.998+0600][70.454s][info][gc,phases      ] GC(435)   Pre Evacuate Collection Set: 0.34ms
[2026-04-03T02:09:55.998+0600][70.454s][info][gc,phases      ] GC(435)   Merge Heap Roots: 0.07ms
[2026-04-03T02:09:55.998+0600][70.454s][info][gc,phases      ] GC(435)   Evacuate Collection Set: 1.65ms
[2026-04-03T02:09:55.998+0600][70.454s][info][gc,phases      ] GC(435)   Post Evacuate Collection Set: 0.46ms
[2026-04-03T02:09:55.998+0600][70.454s][info][gc,phases      ] GC(435)   Other: 0.12ms
[2026-04-03T02:09:55.998+0600][70.454s][info][gc,heap        ] GC(435) Eden regions: 1->0(25)
[2026-04-03T02:09:55.998+0600][70.454s][info][gc,heap        ] GC(435) Survivor regions: 2->2(4)
[2026-04-03T02:09:55.999+0600][70.454s][info][gc,heap        ] GC(435) Old regions: 439->439
[2026-04-03T02:09:55.999+0600][70.454s][info][gc,heap        ] GC(435) Humongous regions: 12->12
[2026-04-03T02:09:55.999+0600][70.454s][info][gc,metaspace   ] GC(435) Metaspace: 131679K(133120K)->131679K(133120K) NonClass: 115109K(115776K)->115109K(115776K) Class: 16569K(17344K)->16569K(17344K)
[2026-04-03T02:09:55.999+0600][70.454s][info][gc             ] GC(435) Pause Young (Concurrent Start) (GCLocker Initiated GC) 447M->447M(500M) 2.933ms
[2026-04-03T02:09:55.999+0600][70.455s][info][gc             ] GC(436) Concurrent Mark Cycle
[2026-04-03T02:09:55.999+0600][70.455s][info][gc,marking     ] GC(436) Concurrent Scan Root Regions
[2026-04-03T02:09:55.999+0600][70.455s][info][gc,cpu         ] GC(435) User=0.02s Sys=0.00s Real=0.00s
[2026-04-03T02:09:56.001+0600][70.457s][info][gc,marking     ] GC(436) Concurrent Scan Root Regions 2.434ms
[2026-04-03T02:09:56.001+0600][70.457s][info][gc,marking     ] GC(436) Concurrent Mark
[2026-04-03T02:09:56.001+0600][70.457s][info][gc,marking     ] GC(436) Concurrent Mark From Roots
[2026-04-03T02:09:56.001+0600][70.457s][info][gc,task        ] GC(436) Using 3 workers of 3 for marking
[2026-04-03T02:09:56.045+0600][70.501s][info][gc,start       ] GC(437) Pause Young (Normal) (GCLocker Initiated GC)
[2026-04-03T02:09:56.045+0600][70.501s][info][gc,task        ] GC(437) Using 10 workers of 10 for evacuation
[2026-04-03T02:09:56.050+0600][70.505s][info][gc,phases      ] GC(437)   Pre Evacuate Collection Set: 0.42ms
[2026-04-03T02:09:56.050+0600][70.506s][info][gc,phases      ] GC(437)   Merge Heap Roots: 0.15ms
[2026-04-03T02:09:56.050+0600][70.506s][info][gc,phases      ] GC(437)   Evacuate Collection Set: 3.16ms
[2026-04-03T02:09:56.050+0600][70.506s][info][gc,phases      ] GC(437)   Post Evacuate Collection Set: 0.85ms
[2026-04-03T02:09:56.050+0600][70.506s][info][gc,phases      ] GC(437)   Other: 0.11ms
[2026-04-03T02:09:56.050+0600][70.506s][info][gc,heap        ] GC(437) Eden regions: 25->0(25)
[2026-04-03T02:09:56.050+0600][70.506s][info][gc,heap        ] GC(437) Survivor regions: 2->1(1)
[2026-04-03T02:09:56.050+0600][70.506s][info][gc,heap        ] GC(437) Old regions: 439->456
[2026-04-03T02:09:56.050+0600][70.506s][info][gc,heap        ] GC(437) Humongous regions: 33->12
[2026-04-03T02:09:56.050+0600][70.506s][info][gc,metaspace   ] GC(437) Metaspace: 131679K(133120K)->131679K(133120K) NonClass: 115109K(115776K)->115109K(115776K) Class: 16569K(17344K)->16569K(17344K)
[2026-04-03T02:09:56.050+0600][70.506s][info][gc             ] GC(437) Pause Young (Normal) (GCLocker Initiated GC) (Evacuation Failure) 493M->464M(500M) 5.032ms
[2026-04-03T02:09:56.050+0600][70.506s][info][gc,cpu         ] GC(437) User=0.04s Sys=0.00s Real=0.01s
[2026-04-03T02:09:56.075+0600][70.531s][info][gc,start       ] GC(438) Pause Young (Normal) (G1 Evacuation Pause)
[2026-04-03T02:09:56.075+0600][70.531s][info][gc,task        ] GC(438) Using 10 workers of 10 for evacuation
[2026-04-03T02:09:56.080+0600][70.536s][info][gc,phases      ] GC(438)   Pre Evacuate Collection Set: 0.50ms
[2026-04-03T02:09:56.080+0600][70.536s][info][gc,phases      ] GC(438)   Merge Heap Roots: 0.28ms
[2026-04-03T02:09:56.080+0600][70.536s][info][gc,phases      ] GC(438)   Evacuate Collection Set: 2.86ms
[2026-04-03T02:09:56.080+0600][70.536s][info][gc,phases      ] GC(438)   Post Evacuate Collection Set: 1.33ms
[2026-04-03T02:09:56.080+0600][70.536s][info][gc,phases      ] GC(438)   Other: 0.09ms
[2026-04-03T02:09:56.081+0600][70.536s][info][gc,heap        ] GC(438) Eden regions: 14->0(17)
[2026-04-03T02:09:56.081+0600][70.536s][info][gc,heap        ] GC(438) Survivor regions: 1->0(0)
[2026-04-03T02:09:56.081+0600][70.536s][info][gc,heap        ] GC(438) Old regions: 456->471
[2026-04-03T02:09:56.081+0600][70.536s][info][gc,heap        ] GC(438) Humongous regions: 29->12
[2026-04-03T02:09:56.081+0600][70.536s][info][gc,metaspace   ] GC(438) Metaspace: 131679K(133120K)->131679K(133120K) NonClass: 115109K(115776K)->115109K(115776K) Class: 16569K(17344K)->16569K(17344K)
[2026-04-03T02:09:56.081+0600][70.536s][info][gc             ] GC(438) Pause Young (Normal) (G1 Evacuation Pause) (Evacuation Failure) 495M->478M(500M) 5.365ms
[2026-04-03T02:09:56.081+0600][70.537s][info][gc,cpu         ] GC(438) User=0.03s Sys=0.00s Real=0.01s
[2026-04-03T02:09:56.096+0600][70.552s][info][gc,start       ] GC(439) Pause Young (Normal) (G1 Humongous Allocation)
[2026-04-03T02:09:56.096+0600][70.552s][info][gc,task        ] GC(439) Using 10 workers of 10 for evacuation
[2026-04-03T02:09:56.099+0600][70.555s][info][gc,phases      ] GC(439)   Pre Evacuate Collection Set: 0.52ms
[2026-04-03T02:09:56.099+0600][70.555s][info][gc,phases      ] GC(439)   Merge Heap Roots: 0.11ms
[2026-04-03T02:09:56.099+0600][70.555s][info][gc,phases      ] GC(439)   Evacuate Collection Set: 1.20ms
[2026-04-03T02:09:56.099+0600][70.555s][info][gc,phases      ] GC(439)   Post Evacuate Collection Set: 1.29ms
[2026-04-03T02:09:56.099+0600][70.555s][info][gc,phases      ] GC(439)   Other: 0.13ms
[2026-04-03T02:09:56.099+0600][70.555s][info][gc,heap        ] GC(439) Eden regions: 15->0(2)
[2026-04-03T02:09:56.099+0600][70.555s][info][gc,heap        ] GC(439) Survivor regions: 0->0(0)
[2026-04-03T02:09:56.099+0600][70.555s][info][gc,heap        ] GC(439) Old regions: 471->486
[2026-04-03T02:09:56.099+0600][70.555s][info][gc,heap        ] GC(439) Humongous regions: 14->12
[2026-04-03T02:09:56.099+0600][70.555s][info][gc,metaspace   ] GC(439) Metaspace: 131679K(133120K)->131679K(133120K) NonClass: 115109K(115776K)->115109K(115776K) Class: 16569K(17344K)->16569K(17344K)
[2026-04-03T02:09:56.099+0600][70.555s][info][gc             ] GC(439) Pause Young (Normal) (G1 Humongous Allocation) (Evacuation Failure) 495M->493M(500M) 3.602ms
[2026-04-03T02:09:56.099+0600][70.555s][info][gc,cpu         ] GC(439) User=0.02s Sys=0.00s Real=0.00s
[2026-04-03T02:09:56.100+0600][70.556s][info][gc,start       ] GC(440) Pause Young (Normal) (G1 Evacuation Pause)
[2026-04-03T02:09:56.100+0600][70.556s][info][gc,task        ] GC(440) Using 10 workers of 10 for evacuation
[2026-04-03T02:09:56.102+0600][70.558s][info][gc,phases      ] GC(440)   Pre Evacuate Collection Set: 0.32ms
[2026-04-03T02:09:56.102+0600][70.558s][info][gc,phases      ] GC(440)   Merge Heap Roots: 0.05ms
[2026-04-03T02:09:56.102+0600][70.558s][info][gc,phases      ] GC(440)   Evacuate Collection Set: 0.80ms
[2026-04-03T02:09:56.102+0600][70.558s][info][gc,phases      ] GC(440)   Post Evacuate Collection Set: 0.53ms
[2026-04-03T02:09:56.102+0600][70.558s][info][gc,phases      ] GC(440)   Other: 0.07ms
[2026-04-03T02:09:56.102+0600][70.558s][info][gc,heap        ] GC(440) Eden regions: 0->0(1)
[2026-04-03T02:09:56.102+0600][70.558s][info][gc,heap        ] GC(440) Survivor regions: 0->0(0)
[2026-04-03T02:09:56.102+0600][70.558s][info][gc,heap        ] GC(440) Old regions: 486->486
[2026-04-03T02:09:56.102+0600][70.558s][info][gc,heap        ] GC(440) Humongous regions: 14->14
[2026-04-03T02:09:56.102+0600][70.558s][info][gc,metaspace   ] GC(440) Metaspace: 131679K(133120K)->131679K(133120K) NonClass: 115109K(115776K)->115109K(115776K) Class: 16569K(17344K)->16569K(17344K)
[2026-04-03T02:09:56.102+0600][70.558s][info][gc             ] GC(440) Pause Young (Normal) (G1 Evacuation Pause) 495M->495M(500M) 1.993ms
[2026-04-03T02:09:56.102+0600][70.558s][info][gc,cpu         ] GC(440) User=0.00s Sys=0.00s Real=0.00s
[2026-04-03T02:09:56.102+0600][70.558s][info][gc,ergo        ] Attempting full compaction
[2026-04-03T02:09:56.102+0600][70.558s][info][gc,start       ] GC(441) Pause Full (G1 Compaction Pause)
[2026-04-03T02:09:56.102+0600][70.558s][info][gc,task        ] GC(441) Using 10 workers of 10 for full compaction
[2026-04-03T02:09:56.104+0600][70.559s][info][gc,phases,start] GC(441) Phase 1: Mark live objects
[2026-04-03T02:09:56.196+0600][70.652s][info][gc,phases      ] GC(441) Phase 1: Mark live objects 92.457ms
[2026-04-03T02:09:56.196+0600][70.652s][info][gc,phases,start] GC(441) Phase 2: Prepare compaction
[2026-04-03T02:09:56.198+0600][70.654s][info][gc,phases      ] GC(441) Phase 2: Prepare compaction 2.137ms
[2026-04-03T02:09:56.198+0600][70.654s][info][gc,phases,start] GC(441) Phase 3: Adjust pointers
[2026-04-03T02:09:56.221+0600][70.677s][info][gc,phases      ] GC(441) Phase 3: Adjust pointers 22.797ms
[2026-04-03T02:09:56.221+0600][70.677s][info][gc,phases,start] GC(441) Phase 4: Compact heap
[2026-04-03T02:09:56.223+0600][70.679s][info][gc,phases      ] GC(441) Phase 4: Compact heap 1.773ms
[2026-04-03T02:09:56.223+0600][70.679s][info][gc,phases,start] GC(441) Phase 5: Reset Metadata
[2026-04-03T02:09:56.229+0600][70.685s][info][gc,phases      ] GC(441) Phase 5: Reset Metadata 5.840ms
[2026-04-03T02:09:56.245+0600][70.701s][info][gc,heap        ] GC(441) Eden regions: 0->0(195)
[2026-04-03T02:09:56.245+0600][70.701s][info][gc,heap        ] GC(441) Survivor regions: 0->0(0)
[2026-04-03T02:09:56.245+0600][70.701s][info][gc,heap        ] GC(441) Old regions: 486->93
[2026-04-03T02:09:56.245+0600][70.701s][info][gc,heap        ] GC(441) Humongous regions: 14->10
[2026-04-03T02:09:56.245+0600][70.701s][info][gc,metaspace   ] GC(441) Metaspace: 131679K(133120K)->131592K(133120K) NonClass: 115109K(115776K)->115046K(115776K) Class: 16569K(17344K)->16545K(17344K)
[2026-04-03T02:09:56.246+0600][70.701s][info][gc             ] GC(441) Pause Full (G1 Compaction Pause) 495M->97M(344M) 143.261ms
[2026-04-03T02:09:56.246+0600][70.701s][info][gc,cpu         ] GC(441) User=1.01s Sys=0.05s Real=0.14s
[2026-04-03T02:09:56.246+0600][70.702s][info][gc,marking     ] GC(436) Concurrent Mark From Roots 244.503ms
[2026-04-03T02:09:56.246+0600][70.702s][info][gc,marking     ] GC(436) Concurrent Mark Abort
[2026-04-03T02:09:56.246+0600][70.702s][info][gc             ] GC(436) Concurrent Mark Cycle 247.193ms
[2026-04-03T02:09:56.248+0600][70.704s][info][gc,start       ] GC(442) Pause Young (Concurrent Start) (G1 Humongous Allocation)
[2026-04-03T02:09:56.248+0600][70.704s][info][gc,task        ] GC(442) Using 9 workers of 10 for evacuation
[2026-04-03T02:09:56.251+0600][70.707s][info][gc,phases      ] GC(442)   Pre Evacuate Collection Set: 0.22ms
[2026-04-03T02:09:56.251+0600][70.707s][info][gc,phases      ] GC(442)   Merge Heap Roots: 0.06ms
[2026-04-03T02:09:56.251+0600][70.707s][info][gc,phases      ] GC(442)   Evacuate Collection Set: 1.56ms
[2026-04-03T02:09:56.251+0600][70.707s][info][gc,phases      ] GC(442)   Post Evacuate Collection Set: 0.65ms
[2026-04-03T02:09:56.251+0600][70.707s][info][gc,phases      ] GC(442)   Other: 0.12ms
[2026-04-03T02:09:56.251+0600][70.707s][info][gc,heap        ] GC(442) Eden regions: 5->0(199)
[2026-04-03T02:09:56.251+0600][70.707s][info][gc,heap        ] GC(442) Survivor regions: 0->1(25)
[2026-04-03T02:09:56.251+0600][70.707s][info][gc,heap        ] GC(442) Old regions: 93->93
[2026-04-03T02:09:56.251+0600][70.707s][info][gc,heap        ] GC(442) Humongous regions: 10->10
[2026-04-03T02:09:56.251+0600][70.707s][info][gc,metaspace   ] GC(442) Metaspace: 131592K(133120K)->131592K(133120K) NonClass: 115046K(115776K)->115046K(115776K) Class: 16545K(17344K)->16545K(17344K)
[2026-04-03T02:09:56.251+0600][70.707s][info][gc             ] GC(442) Pause Young (Concurrent Start) (G1 Humongous Allocation) 102M->98M(344M) 2.866ms
[2026-04-03T02:09:56.251+0600][70.707s][info][gc,cpu         ] GC(442) User=0.01s Sys=0.00s Real=0.01s
[2026-04-03T02:09:56.251+0600][70.707s][info][gc             ] GC(443) Concurrent Mark Cycle
[2026-04-03T02:09:56.251+0600][70.707s][info][gc,marking     ] GC(443) Concurrent Scan Root Regions
[2026-04-03T02:09:56.253+0600][70.709s][info][gc,marking     ] GC(443) Concurrent Scan Root Regions 2.241ms
[2026-04-03T02:09:56.253+0600][70.709s][info][gc,marking     ] GC(443) Concurrent Mark
[2026-04-03T02:09:56.253+0600][70.709s][info][gc,marking     ] GC(443) Concurrent Mark From Roots
[2026-04-03T02:09:56.253+0600][70.709s][info][gc,task        ] GC(443) Using 3 workers of 3 for marking
[2026-04-03T02:09:56.377+0600][70.833s][info][gc,marking     ] GC(443) Concurrent Mark From Roots 123.641ms
[2026-04-03T02:09:56.377+0600][70.833s][info][gc,marking     ] GC(443) Concurrent Preclean
[2026-04-03T02:09:56.379+0600][70.835s][info][gc,marking     ] GC(443) Concurrent Preclean 1.436ms
[2026-04-03T02:09:56.379+0600][70.835s][info][gc,start       ] GC(443) Pause Remark
[2026-04-03T02:09:56.390+0600][70.845s][info][gc             ] GC(443) Pause Remark 197M->195M(344M) 10.220ms
[2026-04-03T02:09:56.390+0600][70.846s][info][gc,cpu         ] GC(443) User=0.07s Sys=0.00s Real=0.02s
[2026-04-03T02:09:56.390+0600][70.846s][info][gc,marking     ] GC(443) Concurrent Mark 136.699ms
[2026-04-03T02:09:56.390+0600][70.846s][info][gc,marking     ] GC(443) Concurrent Rebuild Remembered Sets and Scrub Regions
[2026-04-03T02:09:56.416+0600][70.871s][info][gc,marking     ] GC(443) Concurrent Rebuild Remembered Sets and Scrub Regions 25.246ms
[2026-04-03T02:09:56.416+0600][70.872s][info][gc,start       ] GC(443) Pause Cleanup
[2026-04-03T02:09:56.416+0600][70.872s][info][gc             ] GC(443) Pause Cleanup 201M->201M(344M) 0.241ms
[2026-04-03T02:09:56.416+0600][70.872s][info][gc,cpu         ] GC(443) User=0.00s Sys=0.00s Real=0.00s
[2026-04-03T02:09:56.416+0600][70.872s][info][gc,marking     ] GC(443) Concurrent Clear Claimed Marks
[2026-04-03T02:09:56.417+0600][70.873s][info][gc,marking     ] GC(443) Concurrent Clear Claimed Marks 0.296ms
[2026-04-03T02:09:56.417+0600][70.873s][info][gc,marking     ] GC(443) Concurrent Cleanup for Next Mark
[2026-04-03T02:09:56.417+0600][70.873s][info][gc,marking     ] GC(443) Concurrent Cleanup for Next Mark 0.504ms
[2026-04-03T02:09:56.417+0600][70.873s][info][gc             ] GC(443) Concurrent Mark Cycle 166.199ms
[2026-04-03T02:09:56.656+0600][71.112s][info][gc,start       ] GC(444) Pause Young (Prepare Mixed) (G1 Evacuation Pause)
[2026-04-03T02:09:56.657+0600][71.112s][info][gc,task        ] GC(444) Using 8 workers of 10 for evacuation
[2026-04-03T02:09:56.659+0600][71.115s][info][gc,phases      ] GC(444)   Pre Evacuate Collection Set: 0.19ms
[2026-04-03T02:09:56.659+0600][71.115s][info][gc,phases      ] GC(444)   Merge Heap Roots: 0.12ms
[2026-04-03T02:09:56.659+0600][71.115s][info][gc,phases      ] GC(444)   Evacuate Collection Set: 1.54ms
[2026-04-03T02:09:56.659+0600][71.115s][info][gc,phases      ] GC(444)   Post Evacuate Collection Set: 0.54ms
[2026-04-03T02:09:56.659+0600][71.115s][info][gc,phases      ] GC(444)   Other: 0.06ms
[2026-04-03T02:09:56.659+0600][71.115s][info][gc,heap        ] GC(444) Eden regions: 178->0(205)
[2026-04-03T02:09:56.659+0600][71.115s][info][gc,heap        ] GC(444) Survivor regions: 1->2(25)
[2026-04-03T02:09:56.659+0600][71.115s][info][gc,heap        ] GC(444) Old regions: 93->93
[2026-04-03T02:09:56.659+0600][71.115s][info][gc,heap        ] GC(444) Humongous regions: 72->8
[2026-04-03T02:09:56.659+0600][71.115s][info][gc,metaspace   ] GC(444) Metaspace: 131604K(133120K)->131604K(133120K) NonClass: 115058K(115776K)->115058K(115776K) Class: 16545K(17344K)->16545K(17344K)
[2026-04-03T02:09:56.659+0600][71.115s][info][gc             ] GC(444) Pause Young (Prepare Mixed) (G1 Evacuation Pause) 338M->96M(346M) 2.656ms
[2026-04-03T02:09:56.659+0600][71.115s][info][gc,cpu         ] GC(444) User=0.01s Sys=0.00s Real=0.00s
[2026-04-03T02:09:56.838+0600][71.294s][info][gc,start       ] GC(445) Pause Young (Mixed) (G1 Evacuation Pause)
[2026-04-03T02:09:56.838+0600][71.294s][info][gc,task        ] GC(445) Using 8 workers of 10 for evacuation
[2026-04-03T02:09:56.842+0600][71.298s][info][gc,phases      ] GC(445)   Pre Evacuate Collection Set: 0.28ms
[2026-04-03T02:09:56.842+0600][71.298s][info][gc,phases      ] GC(445)   Merge Heap Roots: 0.17ms
[2026-04-03T02:09:56.842+0600][71.298s][info][gc,phases      ] GC(445)   Evacuate Collection Set: 2.46ms
[2026-04-03T02:09:56.842+0600][71.298s][info][gc,phases      ] GC(445)   Post Evacuate Collection Set: 0.63ms
[2026-04-03T02:09:56.842+0600][71.298s][info][gc,phases      ] GC(445)   Other: 0.20ms
[2026-04-03T02:09:56.842+0600][71.298s][info][gc,heap        ] GC(445) Eden regions: 138->0(210)
[2026-04-03T02:09:56.842+0600][71.298s][info][gc,heap        ] GC(445) Survivor regions: 2->3(26)
[2026-04-03T02:09:56.842+0600][71.298s][info][gc,heap        ] GC(445) Old regions: 93->92
[2026-04-03T02:09:56.842+0600][71.298s][info][gc,heap        ] GC(445) Humongous regions: 118->8
[2026-04-03T02:09:56.842+0600][71.298s][info][gc,metaspace   ] GC(445) Metaspace: 131604K(133120K)->131604K(133120K) NonClass: 115058K(115776K)->115058K(115776K) Class: 16545K(17344K)->16545K(17344K)
[2026-04-03T02:09:56.842+0600][71.298s][info][gc             ] GC(445) Pause Young (Mixed) (G1 Evacuation Pause) 344M->98M(355M) 4.041ms
[2026-04-03T02:09:56.843+0600][71.298s][info][gc,cpu         ] GC(445) User=0.02s Sys=0.00s Real=0.01s
[2026-04-03T02:09:56.856+0600][71.312s][info][gc,start       ] GC(446) Pause Young (Concurrent Start) (GCLocker Initiated GC)
[2026-04-03T02:09:56.856+0600][71.312s][info][gc,task        ] GC(446) Using 8 workers of 10 for evacuation
[2026-04-03T02:09:56.861+0600][71.316s][info][gc,phases      ] GC(446)   Pre Evacuate Collection Set: 0.39ms
[2026-04-03T02:09:56.861+0600][71.317s][info][gc,phases      ] GC(446)   Merge Heap Roots: 0.14ms
[2026-04-03T02:09:56.861+0600][71.317s][info][gc,phases      ] GC(446)   Evacuate Collection Set: 2.77ms
[2026-04-03T02:09:56.861+0600][71.317s][info][gc,phases      ] GC(446)   Post Evacuate Collection Set: 0.68ms
[2026-04-03T02:09:56.861+0600][71.317s][info][gc,phases      ] GC(446)   Other: 0.16ms
[2026-04-03T02:09:56.861+0600][71.317s][info][gc,heap        ] GC(446) Eden regions: 22->0(208)
[2026-04-03T02:09:56.861+0600][71.317s][info][gc,heap        ] GC(446) Survivor regions: 3->5(27)
[2026-04-03T02:09:56.861+0600][71.317s][info][gc,heap        ] GC(446) Old regions: 92->92
[2026-04-03T02:09:56.861+0600][71.317s][info][gc,heap        ] GC(446) Humongous regions: 8->8
[2026-04-03T02:09:56.861+0600][71.317s][info][gc,metaspace   ] GC(446) Metaspace: 131604K(133120K)->131604K(133120K) NonClass: 115058K(115776K)->115058K(115776K) Class: 16545K(17344K)->16545K(17344K)
[2026-04-03T02:09:56.861+0600][71.317s][info][gc             ] GC(446) Pause Young (Concurrent Start) (GCLocker Initiated GC) 120M->100M(355M) 4.472ms
[2026-04-03T02:09:56.861+0600][71.317s][info][gc             ] GC(447) Concurrent Mark Cycle
[2026-04-03T02:09:56.861+0600][71.317s][info][gc,cpu         ] GC(446) User=0.02s Sys=0.01s Real=0.01s
[2026-04-03T02:09:56.861+0600][71.317s][info][gc,marking     ] GC(447) Concurrent Scan Root Regions
[2026-04-03T02:09:56.864+0600][71.320s][info][gc,marking     ] GC(447) Concurrent Scan Root Regions 3.307ms
[2026-04-03T02:09:56.864+0600][71.320s][info][gc,marking     ] GC(447) Concurrent Mark
[2026-04-03T02:09:56.864+0600][71.320s][info][gc,marking     ] GC(447) Concurrent Mark From Roots
[2026-04-03T02:09:56.864+0600][71.320s][info][gc,task        ] GC(447) Using 3 workers of 3 for marking
[2026-04-03T02:09:56.980+0600][71.436s][info][gc,marking     ] GC(447) Concurrent Mark From Roots 115.332ms
[2026-04-03T02:09:56.980+0600][71.436s][info][gc,marking     ] GC(447) Concurrent Preclean
[2026-04-03T02:09:56.980+0600][71.436s][info][gc,marking     ] GC(447) Concurrent Preclean 0.454ms
[2026-04-03T02:09:56.981+0600][71.437s][info][gc,start       ] GC(447) Pause Remark
[2026-04-03T02:09:56.990+0600][71.446s][info][gc             ] GC(447) Pause Remark 260M->260M(355M) 9.657ms
[2026-04-03T02:09:56.991+0600][71.446s][info][gc,cpu         ] GC(447) User=0.06s Sys=0.00s Real=0.01s
[2026-04-03T02:09:56.991+0600][71.447s][info][gc,marking     ] GC(447) Concurrent Mark 126.340ms
[2026-04-03T02:09:56.991+0600][71.447s][info][gc,marking     ] GC(447) Concurrent Rebuild Remembered Sets and Scrub Regions
[2026-04-03T02:09:57.022+0600][71.478s][info][gc,marking     ] GC(447) Concurrent Rebuild Remembered Sets and Scrub Regions 31.547ms
[2026-04-03T02:09:57.023+0600][71.479s][info][gc,start       ] GC(447) Pause Cleanup
[2026-04-03T02:09:57.024+0600][71.479s][info][gc             ] GC(447) Pause Cleanup 284M->284M(355M) 0.486ms
[2026-04-03T02:09:57.024+0600][71.480s][info][gc,cpu         ] GC(447) User=0.00s Sys=0.00s Real=0.00s
[2026-04-03T02:09:57.024+0600][71.480s][info][gc,marking     ] GC(447) Concurrent Clear Claimed Marks
[2026-04-03T02:09:57.024+0600][71.480s][info][gc,marking     ] GC(447) Concurrent Clear Claimed Marks 0.379ms
[2026-04-03T02:09:57.024+0600][71.480s][info][gc,marking     ] GC(447) Concurrent Cleanup for Next Mark
[2026-04-03T02:09:57.025+0600][71.481s][info][gc,marking     ] GC(447) Concurrent Cleanup for Next Mark 0.725ms
[2026-04-03T02:09:57.025+0600][71.481s][info][gc             ] GC(447) Concurrent Mark Cycle 164.171ms
[2026-04-03T02:09:57.079+0600][71.535s][info][gc,start       ] GC(448) Pause Young (Prepare Mixed) (G1 Evacuation Pause)
[2026-04-03T02:09:57.079+0600][71.535s][info][gc,task        ] GC(448) Using 8 workers of 10 for evacuation
[2026-04-03T02:09:57.083+0600][71.539s][info][gc,phases      ] GC(448)   Pre Evacuate Collection Set: 0.25ms
[2026-04-03T02:09:57.083+0600][71.539s][info][gc,phases      ] GC(448)   Merge Heap Roots: 0.12ms
[2026-04-03T02:09:57.083+0600][71.539s][info][gc,phases      ] GC(448)   Evacuate Collection Set: 2.35ms
[2026-04-03T02:09:57.083+0600][71.539s][info][gc,phases      ] GC(448)   Post Evacuate Collection Set: 0.74ms
[2026-04-03T02:09:57.083+0600][71.539s][info][gc,phases      ] GC(448)   Other: 0.09ms
[2026-04-03T02:09:57.083+0600][71.539s][info][gc,heap        ] GC(448) Eden regions: 135->0(218)
[2026-04-03T02:09:57.083+0600][71.539s][info][gc,heap        ] GC(448) Survivor regions: 5->3(27)
[2026-04-03T02:09:57.083+0600][71.539s][info][gc,heap        ] GC(448) Old regions: 92->92
[2026-04-03T02:09:57.083+0600][71.539s][info][gc,heap        ] GC(448) Humongous regions: 134->8
[2026-04-03T02:09:57.083+0600][71.539s][info][gc,metaspace   ] GC(448) Metaspace: 131604K(133120K)->131604K(133120K) NonClass: 115058K(115776K)->115058K(115776K) Class: 16545K(17344K)->16545K(17344K)
[2026-04-03T02:09:57.083+0600][71.539s][info][gc             ] GC(448) Pause Young (Prepare Mixed) (G1 Evacuation Pause) 361M->98M(369M) 3.843ms
[2026-04-03T02:09:57.083+0600][71.539s][info][gc,cpu         ] GC(448) User=0.02s Sys=0.01s Real=0.01s
[2026-04-03T02:09:57.261+0600][71.717s][info][gc,start       ] GC(449) Pause Young (Mixed) (G1 Evacuation Pause)
[2026-04-03T02:09:57.261+0600][71.717s][info][gc,task        ] GC(449) Using 8 workers of 10 for evacuation
[2026-04-03T02:09:57.268+0600][71.723s][info][gc,phases      ] GC(449)   Pre Evacuate Collection Set: 0.34ms
[2026-04-03T02:09:57.268+0600][71.724s][info][gc,phases      ] GC(449)   Merge Heap Roots: 0.20ms
[2026-04-03T02:09:57.268+0600][71.724s][info][gc,phases      ] GC(449)   Evacuate Collection Set: 5.03ms
[2026-04-03T02:09:57.268+0600][71.724s][info][gc,phases      ] GC(449)   Post Evacuate Collection Set: 0.96ms
[2026-04-03T02:09:57.268+0600][71.724s][info][gc,phases      ] GC(449)   Other: 0.10ms
[2026-04-03T02:09:57.268+0600][71.724s][info][gc,heap        ] GC(449) Eden regions: 159->0(218)
[2026-04-03T02:09:57.268+0600][71.724s][info][gc,heap        ] GC(449) Survivor regions: 3->8(28)
[2026-04-03T02:09:57.268+0600][71.724s][info][gc,heap        ] GC(449) Old regions: 92->90
[2026-04-03T02:09:57.268+0600][71.724s][info][gc,heap        ] GC(449) Humongous regions: 115->8
[2026-04-03T02:09:57.268+0600][71.724s][info][gc,metaspace   ] GC(449) Metaspace: 131604K(133120K)->131604K(133120K) NonClass: 115058K(115776K)->115058K(115776K) Class: 16545K(17344K)->16545K(17344K)
[2026-04-03T02:09:57.268+0600][71.724s][info][gc             ] GC(449) Pause Young (Mixed) (G1 Evacuation Pause) 364M->102M(377M) 6.943ms
[2026-04-03T02:09:57.268+0600][71.724s][info][gc,cpu         ] GC(449) User=0.04s Sys=0.01s Real=0.00s
[2026-04-03T02:09:57.271+0600][71.727s][info][gc,start       ] GC(450) Pause Young (Concurrent Start) (G1 Humongous Allocation)
[2026-04-03T02:09:57.271+0600][71.727s][info][gc,task        ] GC(450) Using 9 workers of 10 for evacuation
[2026-04-03T02:09:57.275+0600][71.730s][info][gc,phases      ] GC(450)   Pre Evacuate Collection Set: 0.26ms
[2026-04-03T02:09:57.275+0600][71.731s][info][gc,phases      ] GC(450)   Merge Heap Roots: 0.10ms
[2026-04-03T02:09:57.275+0600][71.731s][info][gc,phases      ] GC(450)   Evacuate Collection Set: 2.56ms
[2026-04-03T02:09:57.275+0600][71.731s][info][gc,phases      ] GC(450)   Post Evacuate Collection Set: 0.80ms
[2026-04-03T02:09:57.275+0600][71.731s][info][gc,phases      ] GC(450)   Other: 0.12ms
[2026-04-03T02:09:57.275+0600][71.731s][info][gc,heap        ] GC(450) Eden regions: 5->0(208)
[2026-04-03T02:09:57.275+0600][71.731s][info][gc,heap        ] GC(450) Survivor regions: 8->4(29)
[2026-04-03T02:09:57.275+0600][71.731s][info][gc,heap        ] GC(450) Old regions: 90->90
[2026-04-03T02:09:57.275+0600][71.731s][info][gc,heap        ] GC(450) Humongous regions: 8->8
[2026-04-03T02:09:57.275+0600][71.731s][info][gc,metaspace   ] GC(450) Metaspace: 131604K(133120K)->131604K(133120K) NonClass: 115058K(115776K)->115058K(115776K) Class: 16545K(17344K)->16545K(17344K)
[2026-04-03T02:09:57.275+0600][71.731s][info][gc             ] GC(450) Pause Young (Concurrent Start) (G1 Humongous Allocation) 107M->98M(377M) 4.190ms
[2026-04-03T02:09:57.275+0600][71.731s][info][gc             ] GC(451) Concurrent Mark Cycle
[2026-04-03T02:09:57.275+0600][71.731s][info][gc,marking     ] GC(451) Concurrent Scan Root Regions
[2026-04-03T02:09:57.275+0600][71.731s][info][gc,cpu         ] GC(450) User=0.03s Sys=0.01s Real=0.00s
[2026-04-03T02:09:57.278+0600][71.734s][info][gc,marking     ] GC(451) Concurrent Scan Root Regions 3.104ms
[2026-04-03T02:09:57.278+0600][71.734s][info][gc,marking     ] GC(451) Concurrent Mark
[2026-04-03T02:09:57.278+0600][71.734s][info][gc,marking     ] GC(451) Concurrent Mark From Roots
[2026-04-03T02:09:57.278+0600][71.734s][info][gc,task        ] GC(451) Using 3 workers of 3 for marking
[2026-04-03T02:09:57.413+0600][71.869s][info][gc,marking     ] GC(451) Concurrent Mark From Roots 135.053ms
[2026-04-03T02:09:57.413+0600][71.869s][info][gc,marking     ] GC(451) Concurrent Preclean
[2026-04-03T02:09:57.414+0600][71.870s][info][gc,marking     ] GC(451) Concurrent Preclean 0.696ms
[2026-04-03T02:09:57.414+0600][71.870s][info][gc,start       ] GC(451) Pause Remark
[2026-04-03T02:09:57.424+0600][71.880s][info][gc             ] GC(451) Pause Remark 256M->256M(377M) 9.838ms
[2026-04-03T02:09:57.424+0600][71.880s][info][gc,cpu         ] GC(451) User=0.07s Sys=0.00s Real=0.01s
[2026-04-03T02:09:57.425+0600][71.881s][info][gc,marking     ] GC(451) Concurrent Mark 146.642ms
[2026-04-03T02:09:57.425+0600][71.881s][info][gc,marking     ] GC(451) Concurrent Rebuild Remembered Sets and Scrub Regions
[2026-04-03T02:09:57.452+0600][71.908s][info][gc,marking     ] GC(451) Concurrent Rebuild Remembered Sets and Scrub Regions 27.506ms
[2026-04-03T02:09:57.453+0600][71.909s][info][gc,start       ] GC(451) Pause Cleanup
[2026-04-03T02:09:57.453+0600][71.909s][info][gc             ] GC(451) Pause Cleanup 273M->273M(377M) 0.223ms
[2026-04-03T02:09:57.453+0600][71.909s][info][gc,cpu         ] GC(451) User=0.01s Sys=0.00s Real=0.00s
[2026-04-03T02:09:57.453+0600][71.909s][info][gc,marking     ] GC(451) Concurrent Clear Claimed Marks
[2026-04-03T02:09:57.453+0600][71.909s][info][gc,marking     ] GC(451) Concurrent Clear Claimed Marks 0.341ms
[2026-04-03T02:09:57.453+0600][71.909s][info][gc,marking     ] GC(451) Concurrent Cleanup for Next Mark
[2026-04-03T02:09:57.454+0600][71.910s][info][gc,marking     ] GC(451) Concurrent Cleanup for Next Mark 0.939ms
[2026-04-03T02:09:57.454+0600][71.910s][info][gc             ] GC(451) Concurrent Mark Cycle 179.580ms
[2026-04-03T02:09:57.568+0600][72.023s][info][gc,start       ] GC(452) Pause Young (Prepare Mixed) (G1 Evacuation Pause)
[2026-04-03T02:09:57.568+0600][72.024s][info][gc,task        ] GC(452) Using 9 workers of 10 for evacuation
[2026-04-03T02:09:57.571+0600][72.027s][info][gc,phases      ] GC(452)   Pre Evacuate Collection Set: 0.24ms
[2026-04-03T02:09:57.571+0600][72.027s][info][gc,phases      ] GC(452)   Merge Heap Roots: 0.15ms
[2026-04-03T02:09:57.571+0600][72.027s][info][gc,phases      ] GC(452)   Evacuate Collection Set: 2.34ms
[2026-04-03T02:09:57.571+0600][72.027s][info][gc,phases      ] GC(452)   Post Evacuate Collection Set: 0.53ms
[2026-04-03T02:09:57.571+0600][72.027s][info][gc,phases      ] GC(452)   Other: 0.08ms
[2026-04-03T02:09:57.571+0600][72.027s][info][gc,heap        ] GC(452) Eden regions: 158->0(222)
[2026-04-03T02:09:57.571+0600][72.027s][info][gc,heap        ] GC(452) Survivor regions: 4->4(27)
[2026-04-03T02:09:57.571+0600][72.027s][info][gc,heap        ] GC(452) Old regions: 90->90
[2026-04-03T02:09:57.571+0600][72.027s][info][gc,heap        ] GC(452) Humongous regions: 125->8
[2026-04-03T02:09:57.571+0600][72.027s][info][gc,metaspace   ] GC(452) Metaspace: 131606K(133120K)->131606K(133120K) NonClass: 115060K(115776K)->115060K(115776K) Class: 16546K(17344K)->16546K(17344K)
[2026-04-03T02:09:57.571+0600][72.027s][info][gc             ] GC(452) Pause Young (Prepare Mixed) (G1 Evacuation Pause) 373M->98M(381M) 3.583ms
[2026-04-03T02:09:57.571+0600][72.027s][info][gc,cpu         ] GC(452) User=0.02s Sys=0.00s Real=0.01s
[2026-04-03T02:09:57.791+0600][72.247s][info][gc,start       ] GC(453) Pause Young (Mixed) (G1 Evacuation Pause)
[2026-04-03T02:09:57.791+0600][72.247s][info][gc,task        ] GC(453) Using 9 workers of 10 for evacuation
[2026-04-03T02:09:57.798+0600][72.254s][info][gc,phases      ] GC(453)   Pre Evacuate Collection Set: 0.55ms
[2026-04-03T02:09:57.798+0600][72.254s][info][gc,phases      ] GC(453)   Merge Heap Roots: 0.31ms
[2026-04-03T02:09:57.799+0600][72.254s][info][gc,phases      ] GC(453)   Evacuate Collection Set: 4.86ms
[2026-04-03T02:09:57.799+0600][72.254s][info][gc,phases      ] GC(453)   Post Evacuate Collection Set: 1.13ms
[2026-04-03T02:09:57.799+0600][72.254s][info][gc,phases      ] GC(453)   Other: 0.14ms
[2026-04-03T02:09:57.799+0600][72.254s][info][gc,heap        ] GC(453) Eden regions: 210->0(225)
[2026-04-03T02:09:57.799+0600][72.254s][info][gc,heap        ] GC(453) Survivor regions: 4->7(29)
[2026-04-03T02:09:57.799+0600][72.254s][info][gc,heap        ] GC(453) Old regions: 90->88
[2026-04-03T02:09:57.799+0600][72.254s][info][gc,heap        ] GC(453) Humongous regions: 77->8
[2026-04-03T02:09:57.799+0600][72.254s][info][gc,metaspace   ] GC(453) Metaspace: 131609K(133120K)->131609K(133120K) NonClass: 115063K(115776K)->115063K(115776K) Class: 16546K(17344K)->16546K(17344K)
[2026-04-03T02:09:57.799+0600][72.255s][info][gc             ] GC(453) Pause Young (Mixed) (G1 Evacuation Pause) 377M->100M(388M) 7.450ms
[2026-04-03T02:09:57.799+0600][72.255s][info][gc,cpu         ] GC(453) User=0.04s Sys=0.01s Real=0.00s
[2026-04-03T02:09:57.806+0600][72.262s][info][gc,start       ] GC(454) Pause Young (Concurrent Start) (G1 Humongous Allocation)
[2026-04-03T02:09:57.806+0600][72.262s][info][gc,task        ] GC(454) Using 9 workers of 10 for evacuation
[2026-04-03T02:09:57.811+0600][72.267s][info][gc,phases      ] GC(454)   Pre Evacuate Collection Set: 0.52ms
[2026-04-03T02:09:57.811+0600][72.267s][info][gc,phases      ] GC(454)   Merge Heap Roots: 0.15ms
[2026-04-03T02:09:57.811+0600][72.267s][info][gc,phases      ] GC(454)   Evacuate Collection Set: 2.87ms
[2026-04-03T02:09:57.811+0600][72.267s][info][gc,phases      ] GC(454)   Post Evacuate Collection Set: 0.60ms
[2026-04-03T02:09:57.811+0600][72.267s][info][gc,phases      ] GC(454)   Other: 0.35ms
[2026-04-03T02:09:57.811+0600][72.267s][info][gc,heap        ] GC(454) Eden regions: 14->0(226)
[2026-04-03T02:09:57.811+0600][72.267s][info][gc,heap        ] GC(454) Survivor regions: 7->6(29)
[2026-04-03T02:09:57.811+0600][72.267s][info][gc,heap        ] GC(454) Old regions: 88->88
[2026-04-03T02:09:57.811+0600][72.267s][info][gc,heap        ] GC(454) Humongous regions: 8->8
[2026-04-03T02:09:57.811+0600][72.267s][info][gc,metaspace   ] GC(454) Metaspace: 131609K(133120K)->131609K(133120K) NonClass: 115063K(115776K)->115063K(115776K) Class: 16546K(17344K)->16546K(17344K)
[2026-04-03T02:09:57.811+0600][72.267s][info][gc             ] GC(454) Pause Young (Concurrent Start) (G1 Humongous Allocation) 114M->100M(388M) 4.793ms
[2026-04-03T02:09:57.811+0600][72.267s][info][gc,cpu         ] GC(454) User=0.03s Sys=0.00s Real=0.01s
[2026-04-03T02:09:57.811+0600][72.267s][info][gc             ] GC(455) Concurrent Mark Cycle
[2026-04-03T02:09:57.811+0600][72.267s][info][gc,marking     ] GC(455) Concurrent Scan Root Regions
[2026-04-03T02:09:57.815+0600][72.271s][info][gc,marking     ] GC(455) Concurrent Scan Root Regions 3.476ms
[2026-04-03T02:09:57.815+0600][72.271s][info][gc,marking     ] GC(455) Concurrent Mark
[2026-04-03T02:09:57.815+0600][72.271s][info][gc,marking     ] GC(455) Concurrent Mark From Roots
[2026-04-03T02:09:57.815+0600][72.271s][info][gc,task        ] GC(455) Using 3 workers of 3 for marking
[2026-04-03T02:09:57.901+0600][72.357s][info][gc,marking     ] GC(455) Concurrent Mark From Roots 86.110ms
[2026-04-03T02:09:57.901+0600][72.357s][info][gc,marking     ] GC(455) Concurrent Preclean
[2026-04-03T02:09:57.901+0600][72.357s][info][gc,marking     ] GC(455) Concurrent Preclean 0.229ms
[2026-04-03T02:09:57.902+0600][72.357s][info][gc,start       ] GC(455) Pause Remark
[2026-04-03T02:09:57.909+0600][72.365s][info][gc             ] GC(455) Pause Remark 170M->170M(388M) 7.157ms
[2026-04-03T02:09:57.909+0600][72.365s][info][gc,cpu         ] GC(455) User=0.04s Sys=0.00s Real=0.00s
[2026-04-03T02:09:57.909+0600][72.365s][info][gc,marking     ] GC(455) Concurrent Mark 94.414ms
[2026-04-03T02:09:57.909+0600][72.365s][info][gc,marking     ] GC(455) Concurrent Rebuild Remembered Sets and Scrub Regions
[2026-04-03T02:09:57.934+0600][72.389s][info][gc,marking     ] GC(455) Concurrent Rebuild Remembered Sets and Scrub Regions 24.186ms
[2026-04-03T02:09:57.934+0600][72.390s][info][gc,start       ] GC(455) Pause Cleanup
[2026-04-03T02:09:57.934+0600][72.390s][info][gc             ] GC(455) Pause Cleanup 183M->183M(388M) 0.344ms
[2026-04-03T02:09:57.934+0600][72.390s][info][gc,cpu         ] GC(455) User=0.01s Sys=0.00s Real=0.00s
[2026-04-03T02:09:57.935+0600][72.390s][info][gc,marking     ] GC(455) Concurrent Clear Claimed Marks
[2026-04-03T02:09:57.935+0600][72.391s][info][gc,marking     ] GC(455) Concurrent Clear Claimed Marks 0.331ms
[2026-04-03T02:09:57.935+0600][72.391s][info][gc,marking     ] GC(455) Concurrent Cleanup for Next Mark
[2026-04-03T02:09:57.935+0600][72.391s][info][gc,marking     ] GC(455) Concurrent Cleanup for Next Mark 0.538ms
[2026-04-03T02:09:57.936+0600][72.391s][info][gc             ] GC(455) Concurrent Mark Cycle 124.281ms
[2026-04-03T02:09:57.989+0600][72.444s][info][gc,start       ] GC(456) Pause Young (Prepare Mixed) (G1 Evacuation Pause)
[2026-04-03T02:09:57.989+0600][72.445s][info][gc,task        ] GC(456) Using 10 workers of 10 for evacuation
[2026-04-03T02:09:57.993+0600][72.449s][info][gc,phases      ] GC(456)   Pre Evacuate Collection Set: 0.38ms
[2026-04-03T02:09:57.993+0600][72.449s][info][gc,phases      ] GC(456)   Merge Heap Roots: 0.14ms
[2026-04-03T02:09:57.993+0600][72.449s][info][gc,phases      ] GC(456)   Evacuate Collection Set: 2.78ms
[2026-04-03T02:09:57.993+0600][72.449s][info][gc,phases      ] GC(456)   Post Evacuate Collection Set: 0.79ms
[2026-04-03T02:09:57.993+0600][72.449s][info][gc,phases      ] GC(456)   Other: 0.10ms
[2026-04-03T02:09:57.993+0600][72.449s][info][gc,heap        ] GC(456) Eden regions: 83->0(278)
[2026-04-03T02:09:57.993+0600][72.449s][info][gc,heap        ] GC(456) Survivor regions: 6->7(29)
[2026-04-03T02:09:57.993+0600][72.449s][info][gc,heap        ] GC(456) Old regions: 88->88
[2026-04-03T02:09:57.993+0600][72.449s][info][gc,heap        ] GC(456) Humongous regions: 291->13
[2026-04-03T02:09:57.993+0600][72.449s][info][gc,metaspace   ] GC(456) Metaspace: 131611K(133120K)->131611K(133120K) NonClass: 115065K(115776K)->115065K(115776K) Class: 16546K(17344K)->16546K(17344K)
[2026-04-03T02:09:57.993+0600][72.449s][info][gc             ] GC(456) Pause Young (Prepare Mixed) (G1 Evacuation Pause) 466M->105M(475M) 4.474ms
[2026-04-03T02:09:57.993+0600][72.449s][info][gc,cpu         ] GC(456) User=0.01s Sys=0.01s Real=0.01s
[2026-04-03T02:09:58.070+0600][72.526s][info][gc,start       ] GC(457) Pause Young (Mixed) (G1 Humongous Allocation)
[2026-04-03T02:09:58.070+0600][72.526s][info][gc,task        ] GC(457) Using 10 workers of 10 for evacuation
[2026-04-03T02:09:58.074+0600][72.530s][info][gc,phases      ] GC(457)   Pre Evacuate Collection Set: 0.43ms
[2026-04-03T02:09:58.074+0600][72.530s][info][gc,phases      ] GC(457)   Merge Heap Roots: 0.19ms
[2026-04-03T02:09:58.074+0600][72.530s][info][gc,phases      ] GC(457)   Evacuate Collection Set: 2.32ms
[2026-04-03T02:09:58.074+0600][72.530s][info][gc,phases      ] GC(457)   Post Evacuate Collection Set: 0.60ms
[2026-04-03T02:09:58.074+0600][72.530s][info][gc,phases      ] GC(457)   Other: 0.11ms
[2026-04-03T02:09:58.074+0600][72.530s][info][gc,heap        ] GC(457) Eden regions: 61->0(294)
[2026-04-03T02:09:58.074+0600][72.530s][info][gc,heap        ] GC(457) Survivor regions: 7->6(7)
[2026-04-03T02:09:58.074+0600][72.530s][info][gc,heap        ] GC(457) Old regions: 88->88
[2026-04-03T02:09:58.074+0600][72.530s][info][gc,heap        ] GC(457) Humongous regions: 337->13
[2026-04-03T02:09:58.074+0600][72.530s][info][gc,metaspace   ] GC(457) Metaspace: 131612K(133120K)->131612K(133120K) NonClass: 115065K(115776K)->115065K(115776K) Class: 16546K(17344K)->16546K(17344K)
[2026-04-03T02:09:58.074+0600][72.530s][info][gc             ] GC(457) Pause Young (Mixed) (G1 Humongous Allocation) 489M->105M(500M) 3.957ms
[2026-04-03T02:09:58.074+0600][72.530s][info][gc,cpu         ] GC(457) User=0.02s Sys=0.00s Real=0.00s
[2026-04-03T02:09:58.075+0600][72.531s][info][gc,start       ] GC(458) Pause Young (Concurrent Start) (G1 Humongous Allocation)
[2026-04-03T02:09:58.075+0600][72.531s][info][gc,task        ] GC(458) Using 10 workers of 10 for evacuation
[2026-04-03T02:09:58.078+0600][72.534s][info][gc,phases      ] GC(458)   Pre Evacuate Collection Set: 0.30ms
[2026-04-03T02:09:58.078+0600][72.534s][info][gc,phases      ] GC(458)   Merge Heap Roots: 0.08ms
[2026-04-03T02:09:58.078+0600][72.534s][info][gc,phases      ] GC(458)   Evacuate Collection Set: 1.61ms
[2026-04-03T02:09:58.078+0600][72.534s][info][gc,phases      ] GC(458)   Post Evacuate Collection Set: 0.41ms
[2026-04-03T02:09:58.078+0600][72.534s][info][gc,phases      ] GC(458)   Other: 0.11ms
[2026-04-03T02:09:58.078+0600][72.534s][info][gc,heap        ] GC(458) Eden regions: 1->0(285)
[2026-04-03T02:09:58.078+0600][72.534s][info][gc,heap        ] GC(458) Survivor regions: 6->7(38)
[2026-04-03T02:09:58.078+0600][72.534s][info][gc,heap        ] GC(458) Old regions: 88->88
[2026-04-03T02:09:58.078+0600][72.534s][info][gc,heap        ] GC(458) Humongous regions: 23->18
[2026-04-03T02:09:58.078+0600][72.534s][info][gc,metaspace   ] GC(458) Metaspace: 131612K(133120K)->131612K(133120K) NonClass: 115065K(115776K)->115065K(115776K) Class: 16546K(17344K)->16546K(17344K)
[2026-04-03T02:09:58.078+0600][72.534s][info][gc             ] GC(458) Pause Young (Concurrent Start) (G1 Humongous Allocation) 116M->110M(500M) 2.728ms
[2026-04-03T02:09:58.078+0600][72.534s][info][gc             ] GC(459) Concurrent Mark Cycle
[2026-04-03T02:09:58.078+0600][72.534s][info][gc,cpu         ] GC(458) User=0.01s Sys=0.01s Real=0.00s
[2026-04-03T02:09:58.078+0600][72.534s][info][gc,marking     ] GC(459) Concurrent Scan Root Regions
[2026-04-03T02:09:58.081+0600][72.536s][info][gc,marking     ] GC(459) Concurrent Scan Root Regions 2.353ms
[2026-04-03T02:09:58.081+0600][72.536s][info][gc,marking     ] GC(459) Concurrent Mark
[2026-04-03T02:09:58.081+0600][72.536s][info][gc,marking     ] GC(459) Concurrent Mark From Roots
[2026-04-03T02:09:58.081+0600][72.536s][info][gc,task        ] GC(459) Using 3 workers of 3 for marking
[2026-04-03T02:09:58.186+0600][72.642s][info][gc,marking     ] GC(459) Concurrent Mark From Roots 105.717ms
[2026-04-03T02:09:58.186+0600][72.642s][info][gc,marking     ] GC(459) Concurrent Preclean
[2026-04-03T02:09:58.187+0600][72.643s][info][gc,marking     ] GC(459) Concurrent Preclean 0.499ms
[2026-04-03T02:09:58.187+0600][72.643s][info][gc,start       ] GC(459) Pause Remark
[2026-04-03T02:09:58.196+0600][72.651s][info][gc             ] GC(459) Pause Remark 352M->352M(500M) 8.307ms
[2026-04-03T02:09:58.196+0600][72.652s][info][gc,cpu         ] GC(459) User=0.06s Sys=0.00s Real=0.01s
[2026-04-03T02:09:58.196+0600][72.652s][info][gc,marking     ] GC(459) Concurrent Mark 115.399ms
[2026-04-03T02:09:58.196+0600][72.652s][info][gc,marking     ] GC(459) Concurrent Rebuild Remembered Sets and Scrub Regions
[2026-04-03T02:09:58.232+0600][72.688s][info][gc,marking     ] GC(459) Concurrent Rebuild Remembered Sets and Scrub Regions 36.093ms
[2026-04-03T02:09:58.233+0600][72.688s][info][gc,start       ] GC(459) Pause Cleanup
[2026-04-03T02:09:58.233+0600][72.689s][info][gc             ] GC(459) Pause Cleanup 381M->381M(500M) 0.307ms
[2026-04-03T02:09:58.233+0600][72.689s][info][gc,cpu         ] GC(459) User=0.01s Sys=0.00s Real=0.00s
[2026-04-03T02:09:58.233+0600][72.689s][info][gc,marking     ] GC(459) Concurrent Clear Claimed Marks
[2026-04-03T02:09:58.233+0600][72.689s][info][gc,marking     ] GC(459) Concurrent Clear Claimed Marks 0.258ms
[2026-04-03T02:09:58.233+0600][72.689s][info][gc,marking     ] GC(459) Concurrent Cleanup for Next Mark
[2026-04-03T02:09:58.234+0600][72.690s][info][gc,marking     ] GC(459) Concurrent Cleanup for Next Mark 1.209ms
[2026-04-03T02:09:58.235+0600][72.690s][info][gc             ] GC(459) Concurrent Mark Cycle 156.484ms
[2026-04-03T02:09:58.438+0600][72.894s][info][gc,start       ] GC(460) Pause Young (Prepare Mixed) (G1 Evacuation Pause)
[2026-04-03T02:09:58.438+0600][72.894s][info][gc,task        ] GC(460) Using 10 workers of 10 for evacuation
[2026-04-03T02:09:58.442+0600][72.898s][info][gc,phases      ] GC(460)   Pre Evacuate Collection Set: 0.39ms
[2026-04-03T02:09:58.443+0600][72.898s][info][gc,phases      ] GC(460)   Merge Heap Roots: 0.17ms
[2026-04-03T02:09:58.443+0600][72.898s][info][gc,phases      ] GC(460)   Evacuate Collection Set: 1.61ms
[2026-04-03T02:09:58.443+0600][72.898s][info][gc,phases      ] GC(460)   Post Evacuate Collection Set: 2.08ms
[2026-04-03T02:09:58.443+0600][72.898s][info][gc,phases      ] GC(460)   Other: 0.16ms
[2026-04-03T02:09:58.443+0600][72.898s][info][gc,heap        ] GC(460) Eden regions: 180->0(223)
[2026-04-03T02:09:58.443+0600][72.898s][info][gc,heap        ] GC(460) Survivor regions: 7->0(0)
[2026-04-03T02:09:58.443+0600][72.898s][info][gc,heap        ] GC(460) Old regions: 88->206
[2026-04-03T02:09:58.443+0600][72.898s][info][gc,heap        ] GC(460) Humongous regions: 225->8
[2026-04-03T02:09:58.443+0600][72.899s][info][gc,metaspace   ] GC(460) Metaspace: 131624K(133120K)->131624K(133120K) NonClass: 115077K(115776K)->115077K(115776K) Class: 16546K(17344K)->16546K(17344K)
[2026-04-03T02:09:58.443+0600][72.899s][info][gc             ] GC(460) Pause Young (Prepare Mixed) (G1 Evacuation Pause) (Evacuation Failure) 497M->212M(500M) 4.695ms
[2026-04-03T02:09:58.443+0600][72.899s][info][gc,cpu         ] GC(460) User=0.03s Sys=0.00s Real=0.01s
[2026-04-03T02:09:58.711+0600][73.167s][info][gc,start       ] GC(461) Pause Young (Mixed) (G1 Evacuation Pause)
[2026-04-03T02:09:58.711+0600][73.167s][info][gc,task        ] GC(461) Using 10 workers of 10 for evacuation
[2026-04-03T02:09:58.717+0600][73.172s][info][gc,phases      ] GC(461)   Pre Evacuate Collection Set: 0.49ms
[2026-04-03T02:09:58.717+0600][73.173s][info][gc,phases      ] GC(461)   Merge Heap Roots: 0.16ms
[2026-04-03T02:09:58.717+0600][73.173s][info][gc,phases      ] GC(461)   Evacuate Collection Set: 2.22ms
[2026-04-03T02:09:58.717+0600][73.173s][info][gc,phases      ] GC(461)   Post Evacuate Collection Set: 2.31ms
[2026-04-03T02:09:58.717+0600][73.173s][info][gc,phases      ] GC(461)   Other: 0.10ms
[2026-04-03T02:09:58.717+0600][73.173s][info][gc,heap        ] GC(461) Eden regions: 193->0(131)
[2026-04-03T02:09:58.717+0600][73.173s][info][gc,heap        ] GC(461) Survivor regions: 0->0(0)
[2026-04-03T02:09:58.717+0600][73.173s][info][gc,heap        ] GC(461) Old regions: 206->331
[2026-04-03T02:09:58.717+0600][73.173s][info][gc,heap        ] GC(461) Humongous regions: 101->8
[2026-04-03T02:09:58.717+0600][73.173s][info][gc,metaspace   ] GC(461) Metaspace: 131624K(133120K)->131624K(133120K) NonClass: 115077K(115776K)->115077K(115776K) Class: 16546K(17344K)->16546K(17344K)
[2026-04-03T02:09:58.717+0600][73.173s][info][gc             ] GC(461) Pause Young (Mixed) (G1 Evacuation Pause) (Evacuation Failure) 498M->337M(500M) 5.590ms
[2026-04-03T02:09:58.717+0600][73.173s][info][gc,cpu         ] GC(461) User=0.04s Sys=0.00s Real=0.00s
[2026-04-03T02:09:58.718+0600][73.174s][info][gc,start       ] GC(462) Pause Young (Concurrent Start) (G1 Humongous Allocation)
[2026-04-03T02:09:58.718+0600][73.174s][info][gc,task        ] GC(462) Using 10 workers of 10 for evacuation
[2026-04-03T02:09:58.722+0600][73.178s][info][gc,phases      ] GC(462)   Pre Evacuate Collection Set: 0.34ms
[2026-04-03T02:09:58.722+0600][73.178s][info][gc,phases      ] GC(462)   Merge Heap Roots: 0.07ms
[2026-04-03T02:09:58.722+0600][73.178s][info][gc,phases      ] GC(462)   Evacuate Collection Set: 1.91ms
[2026-04-03T02:09:58.722+0600][73.178s][info][gc,phases      ] GC(462)   Post Evacuate Collection Set: 0.67ms
[2026-04-03T02:09:58.722+0600][73.178s][info][gc,phases      ] GC(462)   Other: 0.13ms
[2026-04-03T02:09:58.722+0600][73.178s][info][gc,heap        ] GC(462) Eden regions: 3->0(102)
[2026-04-03T02:09:58.722+0600][73.178s][info][gc,heap        ] GC(462) Survivor regions: 0->1(17)
[2026-04-03T02:09:58.722+0600][73.178s][info][gc,heap        ] GC(462) Old regions: 331->331
[2026-04-03T02:09:58.722+0600][73.178s][info][gc,heap        ] GC(462) Humongous regions: 8->8
[2026-04-03T02:09:58.722+0600][73.178s][info][gc,metaspace   ] GC(462) Metaspace: 131624K(133120K)->131624K(133120K) NonClass: 115077K(115776K)->115077K(115776K) Class: 16546K(17344K)->16546K(17344K)
[2026-04-03T02:09:58.722+0600][73.178s][info][gc             ] GC(462) Pause Young (Concurrent Start) (G1 Humongous Allocation) 340M->338M(500M) 3.422ms
[2026-04-03T02:09:58.722+0600][73.178s][info][gc,cpu         ] GC(462) User=0.02s Sys=0.00s Real=0.01s
[2026-04-03T02:09:58.722+0600][73.178s][info][gc             ] GC(463) Concurrent Mark Cycle
[2026-04-03T02:09:58.722+0600][73.178s][info][gc,marking     ] GC(463) Concurrent Scan Root Regions
[2026-04-03T02:09:58.724+0600][73.180s][info][gc,marking     ] GC(463) Concurrent Scan Root Regions 2.124ms
[2026-04-03T02:09:58.724+0600][73.180s][info][gc,marking     ] GC(463) Concurrent Mark
[2026-04-03T02:09:58.724+0600][73.180s][info][gc,marking     ] GC(463) Concurrent Mark From Roots
[2026-04-03T02:09:58.724+0600][73.180s][info][gc,task        ] GC(463) Using 3 workers of 3 for marking
[2026-04-03T02:09:58.847+0600][73.302s][info][gc,marking     ] GC(463) Concurrent Mark From Roots 122.292ms
[2026-04-03T02:09:58.847+0600][73.303s][info][gc,marking     ] GC(463) Concurrent Preclean
[2026-04-03T02:09:58.847+0600][73.303s][info][gc,marking     ] GC(463) Concurrent Preclean 0.807ms
[2026-04-03T02:09:58.848+0600][73.304s][info][gc,start       ] GC(463) Pause Remark
[2026-04-03T02:09:58.857+0600][73.313s][info][gc             ] GC(463) Pause Remark 474M->465M(500M) 9.571ms
[2026-04-03T02:09:58.858+0600][73.313s][info][gc,cpu         ] GC(463) User=0.07s Sys=0.00s Real=0.01s
[2026-04-03T02:09:58.858+0600][73.314s][info][gc,marking     ] GC(463) Concurrent Mark 133.652ms
[2026-04-03T02:09:58.858+0600][73.314s][info][gc,marking     ] GC(463) Concurrent Rebuild Remembered Sets and Scrub Regions
[2026-04-03T02:09:58.885+0600][73.341s][info][gc,start       ] GC(464) Pause Young (Normal) (G1 Evacuation Pause)
[2026-04-03T02:09:58.885+0600][73.341s][info][gc,task        ] GC(464) Using 10 workers of 10 for evacuation
[2026-04-03T02:09:58.889+0600][73.345s][info][gc,phases      ] GC(464)   Pre Evacuate Collection Set: 0.36ms
[2026-04-03T02:09:58.889+0600][73.345s][info][gc,phases      ] GC(464)   Merge Heap Roots: 0.29ms
[2026-04-03T02:09:58.889+0600][73.345s][info][gc,phases      ] GC(464)   Evacuate Collection Set: 1.85ms
[2026-04-03T02:09:58.889+0600][73.345s][info][gc,phases      ] GC(464)   Post Evacuate Collection Set: 1.45ms
[2026-04-03T02:09:58.889+0600][73.345s][info][gc,phases      ] GC(464)   Other: 0.12ms
[2026-04-03T02:09:58.889+0600][73.345s][info][gc,heap        ] GC(464) Eden regions: 89->0(88)
[2026-04-03T02:09:58.889+0600][73.345s][info][gc,heap        ] GC(464) Survivor regions: 1->0(0)
[2026-04-03T02:09:58.889+0600][73.345s][info][gc,heap        ] GC(464) Old regions: 322->364
[2026-04-03T02:09:58.889+0600][73.345s][info][gc,heap        ] GC(464) Humongous regions: 88->8
[2026-04-03T02:09:58.889+0600][73.345s][info][gc,metaspace   ] GC(464) Metaspace: 131624K(133120K)->131624K(133120K) NonClass: 115077K(115776K)->115077K(115776K) Class: 16546K(17344K)->16546K(17344K)
[2026-04-03T02:09:58.889+0600][73.345s][info][gc             ] GC(464) Pause Young (Normal) (G1 Evacuation Pause) (Evacuation Failure) 498M->370M(500M) 4.433ms
[2026-04-03T02:09:58.890+0600][73.345s][info][gc,cpu         ] GC(464) User=0.04s Sys=0.00s Real=0.00s
[2026-04-03T02:09:58.901+0600][73.357s][info][gc,marking     ] GC(463) Concurrent Rebuild Remembered Sets and Scrub Regions 43.187ms
[2026-04-03T02:09:58.902+0600][73.358s][info][gc,start       ] GC(463) Pause Cleanup
[2026-04-03T02:09:58.902+0600][73.358s][info][gc             ] GC(463) Pause Cleanup 379M->379M(500M) 0.694ms
[2026-04-03T02:09:58.902+0600][73.358s][info][gc,cpu         ] GC(463) User=0.00s Sys=0.00s Real=0.00s
[2026-04-03T02:09:58.903+0600][73.359s][info][gc,marking     ] GC(463) Concurrent Clear Claimed Marks
[2026-04-03T02:09:58.903+0600][73.359s][info][gc,marking     ] GC(463) Concurrent Clear Claimed Marks 0.441ms
[2026-04-03T02:09:58.903+0600][73.359s][info][gc,marking     ] GC(463) Concurrent Cleanup for Next Mark
[2026-04-03T02:09:58.904+0600][73.360s][info][gc,marking     ] GC(463) Concurrent Cleanup for Next Mark 0.966ms
[2026-04-03T02:09:58.904+0600][73.360s][info][gc             ] GC(463) Concurrent Mark Cycle 182.177ms
[2026-04-03T02:09:58.977+0600][73.433s][info][gc,start       ] GC(465) Pause Young (Prepare Mixed) (G1 Humongous Allocation)
[2026-04-03T02:09:58.977+0600][73.433s][info][gc,task        ] GC(465) Using 10 workers of 10 for evacuation
[2026-04-03T02:09:58.980+0600][73.436s][info][gc,phases      ] GC(465)   Pre Evacuate Collection Set: 0.39ms
[2026-04-03T02:09:58.980+0600][73.436s][info][gc,phases      ] GC(465)   Merge Heap Roots: 0.14ms
[2026-04-03T02:09:58.980+0600][73.436s][info][gc,phases      ] GC(465)   Evacuate Collection Set: 2.03ms
[2026-04-03T02:09:58.980+0600][73.436s][info][gc,phases      ] GC(465)   Post Evacuate Collection Set: 0.95ms
[2026-04-03T02:09:58.980+0600][73.436s][info][gc,phases      ] GC(465)   Other: 0.09ms
[2026-04-03T02:09:58.980+0600][73.436s][info][gc,heap        ] GC(465) Eden regions: 73->0(69)
[2026-04-03T02:09:58.980+0600][73.436s][info][gc,heap        ] GC(465) Survivor regions: 0->1(1)
[2026-04-03T02:09:58.980+0600][73.436s][info][gc,heap        ] GC(465) Old regions: 364->397
[2026-04-03T02:09:58.980+0600][73.436s][info][gc,heap        ] GC(465) Humongous regions: 62->8
[2026-04-03T02:09:58.980+0600][73.436s][info][gc,metaspace   ] GC(465) Metaspace: 131624K(133120K)->131624K(133120K) NonClass: 115077K(115776K)->115077K(115776K) Class: 16546K(17344K)->16546K(17344K)
[2026-04-03T02:09:58.981+0600][73.436s][info][gc             ] GC(465) Pause Young (Prepare Mixed) (G1 Humongous Allocation) (Evacuation Failure) 497M->404M(500M) 3.858ms
[2026-04-03T02:09:58.981+0600][73.437s][info][gc,cpu         ] GC(465) User=0.03s Sys=0.00s Real=0.01s
[2026-04-03T02:09:59.041+0600][73.497s][info][gc,start       ] GC(466) Pause Young (Mixed) (G1 Humongous Allocation)
[2026-04-03T02:09:59.041+0600][73.497s][info][gc,task        ] GC(466) Using 10 workers of 10 for evacuation
[2026-04-03T02:09:59.046+0600][73.501s][info][gc,phases      ] GC(466)   Pre Evacuate Collection Set: 0.36ms
[2026-04-03T02:09:59.046+0600][73.502s][info][gc,phases      ] GC(466)   Merge Heap Roots: 0.18ms
[2026-04-03T02:09:59.046+0600][73.502s][info][gc,phases      ] GC(466)   Evacuate Collection Set: 2.23ms
[2026-04-03T02:09:59.046+0600][73.502s][info][gc,phases      ] GC(466)   Post Evacuate Collection Set: 1.58ms
[2026-04-03T02:09:59.046+0600][73.502s][info][gc,phases      ] GC(466)   Other: 0.09ms
[2026-04-03T02:09:59.046+0600][73.502s][info][gc,heap        ] GC(466) Eden regions: 56->0(49)
[2026-04-03T02:09:59.046+0600][73.502s][info][gc,heap        ] GC(466) Survivor regions: 1->0(0)
[2026-04-03T02:09:59.046+0600][73.502s][info][gc,heap        ] GC(466) Old regions: 397->418
[2026-04-03T02:09:59.046+0600][73.502s][info][gc,heap        ] GC(466) Humongous regions: 46->8
[2026-04-03T02:09:59.046+0600][73.502s][info][gc,metaspace   ] GC(466) Metaspace: 131624K(133120K)->131624K(133120K) NonClass: 115077K(115776K)->115077K(115776K) Class: 16546K(17344K)->16546K(17344K)
[2026-04-03T02:09:59.046+0600][73.502s][info][gc             ] GC(466) Pause Young (Mixed) (G1 Humongous Allocation) (Evacuation Failure) 498M->424M(500M) 4.731ms
[2026-04-03T02:09:59.046+0600][73.502s][info][gc,cpu         ] GC(466) User=0.03s Sys=0.00s Real=0.00s
[2026-04-03T02:09:59.092+0600][73.548s][info][gc,start       ] GC(467) Pause Young (Mixed) (G1 Evacuation Pause)
[2026-04-03T02:09:59.092+0600][73.548s][info][gc,task        ] GC(467) Using 10 workers of 10 for evacuation
[2026-04-03T02:09:59.097+0600][73.553s][info][gc,phases      ] GC(467)   Pre Evacuate Collection Set: 0.49ms
[2026-04-03T02:09:59.097+0600][73.553s][info][gc,phases      ] GC(467)   Merge Heap Roots: 0.19ms
[2026-04-03T02:09:59.097+0600][73.553s][info][gc,phases      ] GC(467)   Evacuate Collection Set: 2.45ms
[2026-04-03T02:09:59.097+0600][73.553s][info][gc,phases      ] GC(467)   Post Evacuate Collection Set: 1.89ms
[2026-04-03T02:09:59.097+0600][73.553s][info][gc,phases      ] GC(467)   Other: 0.10ms
[2026-04-03T02:09:59.097+0600][73.553s][info][gc,heap        ] GC(467) Eden regions: 40->0(25)
[2026-04-03T02:09:59.097+0600][73.553s][info][gc,heap        ] GC(467) Survivor regions: 0->0(0)
[2026-04-03T02:09:59.097+0600][73.553s][info][gc,heap        ] GC(467) Old regions: 418->441
[2026-04-03T02:09:59.097+0600][73.553s][info][gc,heap        ] GC(467) Humongous regions: 42->10
[2026-04-03T02:09:59.097+0600][73.553s][info][gc,metaspace   ] GC(467) Metaspace: 131624K(133120K)->131624K(133120K) NonClass: 115077K(115776K)->115077K(115776K) Class: 16546K(17344K)->16546K(17344K)
[2026-04-03T02:09:59.097+0600][73.553s][info][gc             ] GC(467) Pause Young (Mixed) (G1 Evacuation Pause) (Evacuation Failure) 498M->449M(500M) 5.475ms
[2026-04-03T02:09:59.097+0600][73.553s][info][gc,cpu         ] GC(467) User=0.05s Sys=0.00s Real=0.00s
[2026-04-03T02:09:59.131+0600][73.587s][info][gc,start       ] GC(468) Pause Young (Mixed) (G1 Evacuation Pause)
[2026-04-03T02:09:59.131+0600][73.587s][info][gc,task        ] GC(468) Using 10 workers of 10 for evacuation
[2026-04-03T02:09:59.135+0600][73.591s][info][gc,phases      ] GC(468)   Pre Evacuate Collection Set: 0.43ms
[2026-04-03T02:09:59.135+0600][73.591s][info][gc,phases      ] GC(468)   Merge Heap Roots: 0.19ms
[2026-04-03T02:09:59.135+0600][73.591s][info][gc,phases      ] GC(468)   Evacuate Collection Set: 2.40ms
[2026-04-03T02:09:59.135+0600][73.591s][info][gc,phases      ] GC(468)   Post Evacuate Collection Set: 0.56ms
[2026-04-03T02:09:59.135+0600][73.591s][info][gc,phases      ] GC(468)   Other: 0.12ms
[2026-04-03T02:09:59.135+0600][73.591s][info][gc,heap        ] GC(468) Eden regions: 25->0(71)
[2026-04-03T02:09:59.135+0600][73.591s][info][gc,heap        ] GC(468) Survivor regions: 0->2(3)
[2026-04-03T02:09:59.135+0600][73.591s][info][gc,heap        ] GC(468) Old regions: 441->392
[2026-04-03T02:09:59.135+0600][73.591s][info][gc,heap        ] GC(468) Humongous regions: 31->10
[2026-04-03T02:09:59.135+0600][73.591s][info][gc,metaspace   ] GC(468) Metaspace: 131624K(133120K)->131624K(133120K) NonClass: 115077K(115776K)->115077K(115776K) Class: 16546K(17344K)->16546K(17344K)
[2026-04-03T02:09:59.135+0600][73.591s][info][gc             ] GC(468) Pause Young (Mixed) (G1 Evacuation Pause) 495M->402M(500M) 4.046ms
[2026-04-03T02:09:59.135+0600][73.591s][info][gc,cpu         ] GC(468) User=0.03s Sys=0.00s Real=0.00s
[2026-04-03T02:09:59.185+0600][73.641s][info][gc,start       ] GC(469) Pause Young (Mixed) (G1 Humongous Allocation)
[2026-04-03T02:09:59.185+0600][73.641s][info][gc,task        ] GC(469) Using 10 workers of 10 for evacuation
[2026-04-03T02:09:59.189+0600][73.644s][info][gc,phases      ] GC(469)   Pre Evacuate Collection Set: 0.43ms
[2026-04-03T02:09:59.189+0600][73.645s][info][gc,phases      ] GC(469)   Merge Heap Roots: 0.15ms
[2026-04-03T02:09:59.189+0600][73.645s][info][gc,phases      ] GC(469)   Evacuate Collection Set: 2.39ms
[2026-04-03T02:09:59.189+0600][73.645s][info][gc,phases      ] GC(469)   Post Evacuate Collection Set: 0.48ms
[2026-04-03T02:09:59.189+0600][73.645s][info][gc,phases      ] GC(469)   Other: 0.11ms
[2026-04-03T02:09:59.189+0600][73.645s][info][gc,heap        ] GC(469) Eden regions: 49->0(109)
[2026-04-03T02:09:59.189+0600][73.645s][info][gc,heap        ] GC(469) Survivor regions: 2->2(10)
[2026-04-03T02:09:59.189+0600][73.645s][info][gc,heap        ] GC(469) Old regions: 392->343
[2026-04-03T02:09:59.189+0600][73.645s][info][gc,heap        ] GC(469) Humongous regions: 43->10
[2026-04-03T02:09:59.189+0600][73.645s][info][gc,metaspace   ] GC(469) Metaspace: 131624K(133120K)->131624K(133120K) NonClass: 115077K(115776K)->115077K(115776K) Class: 16546K(17344K)->16546K(17344K)
[2026-04-03T02:09:59.189+0600][73.645s][info][gc             ] GC(469) Pause Young (Mixed) (G1 Humongous Allocation) 483M->352M(500M) 3.954ms
[2026-04-03T02:09:59.189+0600][73.645s][info][gc,cpu         ] GC(469) User=0.02s Sys=0.01s Real=0.00s
[2026-04-03T02:09:59.278+0600][73.734s][info][gc,start       ] GC(470) Pause Young (Mixed) (GCLocker Initiated GC)
[2026-04-03T02:09:59.278+0600][73.734s][info][gc,task        ] GC(470) Using 10 workers of 10 for evacuation
[2026-04-03T02:09:59.282+0600][73.738s][info][gc,phases      ] GC(470)   Pre Evacuate Collection Set: 0.58ms
[2026-04-03T02:09:59.282+0600][73.738s][info][gc,phases      ] GC(470)   Merge Heap Roots: 0.18ms
[2026-04-03T02:09:59.282+0600][73.738s][info][gc,phases      ] GC(470)   Evacuate Collection Set: 2.74ms
[2026-04-03T02:09:59.282+0600][73.738s][info][gc,phases      ] GC(470)   Post Evacuate Collection Set: 0.76ms
[2026-04-03T02:09:59.282+0600][73.738s][info][gc,phases      ] GC(470)   Other: 0.13ms
[2026-04-03T02:09:59.282+0600][73.738s][info][gc,heap        ] GC(470) Eden regions: 83->0(115)
[2026-04-03T02:09:59.282+0600][73.738s][info][gc,heap        ] GC(470) Survivor regions: 2->4(11)
[2026-04-03T02:09:59.282+0600][73.738s][info][gc,heap        ] GC(470) Old regions: 343->334
[2026-04-03T02:09:59.282+0600][73.738s][info][gc,heap        ] GC(470) Humongous regions: 61->10
[2026-04-03T02:09:59.282+0600][73.738s][info][gc,metaspace   ] GC(470) Metaspace: 131624K(133120K)->131624K(133120K) NonClass: 115077K(115776K)->115077K(115776K) Class: 16546K(17344K)->16546K(17344K)
[2026-04-03T02:09:59.282+0600][73.738s][info][gc             ] GC(470) Pause Young (Mixed) (GCLocker Initiated GC) 485M->345M(500M) 4.777ms
[2026-04-03T02:09:59.283+0600][73.738s][info][gc,cpu         ] GC(470) User=0.03s Sys=0.00s Real=0.01s
[2026-04-03T02:09:59.286+0600][73.741s][info][gc,start       ] GC(471) Pause Young (Concurrent Start) (GCLocker Initiated GC)
[2026-04-03T02:09:59.286+0600][73.742s][info][gc,task        ] GC(471) Using 10 workers of 10 for evacuation
[2026-04-03T02:09:59.290+0600][73.746s][info][gc,phases      ] GC(471)   Pre Evacuate Collection Set: 0.52ms
[2026-04-03T02:09:59.290+0600][73.746s][info][gc,phases      ] GC(471)   Merge Heap Roots: 0.13ms
[2026-04-03T02:09:59.290+0600][73.746s][info][gc,phases      ] GC(471)   Evacuate Collection Set: 3.04ms
[2026-04-03T02:09:59.290+0600][73.746s][info][gc,phases      ] GC(471)   Post Evacuate Collection Set: 0.76ms
[2026-04-03T02:09:59.290+0600][73.746s][info][gc,phases      ] GC(471)   Other: 0.21ms
[2026-04-03T02:09:59.290+0600][73.746s][info][gc,heap        ] GC(471) Eden regions: 5->0(120)
[2026-04-03T02:09:59.290+0600][73.746s][info][gc,heap        ] GC(471) Survivor regions: 4->4(15)
[2026-04-03T02:09:59.290+0600][73.746s][info][gc,heap        ] GC(471) Old regions: 334->334
[2026-04-03T02:09:59.290+0600][73.746s][info][gc,heap        ] GC(471) Humongous regions: 12->10
[2026-04-03T02:09:59.290+0600][73.746s][info][gc,metaspace   ] GC(471) Metaspace: 131624K(133120K)->131624K(133120K) NonClass: 115077K(115776K)->115077K(115776K) Class: 16546K(17344K)->16546K(17344K)
[2026-04-03T02:09:59.291+0600][73.746s][info][gc             ] GC(471) Pause Young (Concurrent Start) (GCLocker Initiated GC) 352M->345M(500M) 5.039ms
[2026-04-03T02:09:59.291+0600][73.746s][info][gc             ] GC(472) Concurrent Mark Cycle
[2026-04-03T02:09:59.291+0600][73.747s][info][gc,marking     ] GC(472) Concurrent Scan Root Regions
[2026-04-03T02:09:59.291+0600][73.747s][info][gc,cpu         ] GC(471) User=0.04s Sys=0.00s Real=0.01s
[2026-04-03T02:09:59.295+0600][73.751s][info][gc,marking     ] GC(472) Concurrent Scan Root Regions 3.979ms
[2026-04-03T02:09:59.295+0600][73.751s][info][gc,marking     ] GC(472) Concurrent Mark
[2026-04-03T02:09:59.295+0600][73.751s][info][gc,marking     ] GC(472) Concurrent Mark From Roots
[2026-04-03T02:09:59.295+0600][73.751s][info][gc,task        ] GC(472) Using 3 workers of 3 for marking
[2026-04-03T02:09:59.382+0600][73.838s][info][gc,start       ] GC(473) Pause Young (Normal) (G1 Humongous Allocation)
[2026-04-03T02:09:59.382+0600][73.838s][info][gc,task        ] GC(473) Using 10 workers of 10 for evacuation
[2026-04-03T02:09:59.386+0600][73.842s][info][gc,phases      ] GC(473)   Pre Evacuate Collection Set: 0.57ms
[2026-04-03T02:09:59.386+0600][73.842s][info][gc,phases      ] GC(473)   Merge Heap Roots: 0.20ms
[2026-04-03T02:09:59.386+0600][73.842s][info][gc,phases      ] GC(473)   Evacuate Collection Set: 2.17ms
[2026-04-03T02:09:59.386+0600][73.842s][info][gc,phases      ] GC(473)   Post Evacuate Collection Set: 0.73ms
[2026-04-03T02:09:59.386+0600][73.842s][info][gc,phases      ] GC(473)   Other: 0.10ms
[2026-04-03T02:09:59.386+0600][73.842s][info][gc,heap        ] GC(473) Eden regions: 29->0(121)
[2026-04-03T02:09:59.386+0600][73.842s][info][gc,heap        ] GC(473) Survivor regions: 4->3(16)
[2026-04-03T02:09:59.386+0600][73.842s][info][gc,heap        ] GC(473) Old regions: 334->334
[2026-04-03T02:09:59.386+0600][73.842s][info][gc,heap        ] GC(473) Humongous regions: 50->10
[2026-04-03T02:09:59.386+0600][73.842s][info][gc,metaspace   ] GC(473) Metaspace: 131626K(133120K)->131626K(133120K) NonClass: 115080K(115776K)->115080K(115776K) Class: 16546K(17344K)->16546K(17344K)
[2026-04-03T02:09:59.386+0600][73.842s][info][gc             ] GC(473) Pause Young (Normal) (G1 Humongous Allocation) 413M->344M(500M) 4.159ms
[2026-04-03T02:09:59.386+0600][73.842s][info][gc,cpu         ] GC(473) User=0.02s Sys=0.00s Real=0.00s
[2026-04-03T02:09:59.414+0600][73.870s][info][gc,marking     ] GC(472) Concurrent Mark From Roots 119.675ms
[2026-04-03T02:09:59.415+0600][73.870s][info][gc,marking     ] GC(472) Concurrent Preclean
[2026-04-03T02:09:59.415+0600][73.871s][info][gc,marking     ] GC(472) Concurrent Preclean 0.742ms
[2026-04-03T02:09:59.416+0600][73.872s][info][gc,start       ] GC(472) Pause Remark
[2026-04-03T02:09:59.425+0600][73.881s][info][gc             ] GC(472) Pause Remark 364M->296M(500M) 9.363ms
[2026-04-03T02:09:59.425+0600][73.881s][info][gc,cpu         ] GC(472) User=0.07s Sys=0.01s Real=0.01s
[2026-04-03T02:09:59.426+0600][73.882s][info][gc,marking     ] GC(472) Concurrent Mark 131.123ms
[2026-04-03T02:09:59.426+0600][73.882s][info][gc,marking     ] GC(472) Concurrent Rebuild Remembered Sets and Scrub Regions
[2026-04-03T02:09:59.459+0600][73.914s][info][gc,marking     ] GC(472) Concurrent Rebuild Remembered Sets and Scrub Regions 32.644ms
[2026-04-03T02:09:59.459+0600][73.915s][info][gc,start       ] GC(472) Pause Cleanup
[2026-04-03T02:09:59.459+0600][73.915s][info][gc             ] GC(472) Pause Cleanup 321M->321M(500M) 0.473ms
[2026-04-03T02:09:59.460+0600][73.915s][info][gc,cpu         ] GC(472) User=0.00s Sys=0.00s Real=0.00s
[2026-04-03T02:09:59.460+0600][73.916s][info][gc,marking     ] GC(472) Concurrent Clear Claimed Marks
[2026-04-03T02:09:59.460+0600][73.916s][info][gc,marking     ] GC(472) Concurrent Clear Claimed Marks 0.344ms
[2026-04-03T02:09:59.460+0600][73.916s][info][gc,marking     ] GC(472) Concurrent Cleanup for Next Mark
[2026-04-03T02:09:59.461+0600][73.917s][info][gc,marking     ] GC(472) Concurrent Cleanup for Next Mark 0.638ms
[2026-04-03T02:09:59.461+0600][73.917s][info][gc             ] GC(472) Concurrent Mark Cycle 170.153ms
[2026-04-03T02:09:59.671+0600][74.127s][info][gc,start       ] GC(474) Pause Young (Prepare Mixed) (G1 Evacuation Pause)
[2026-04-03T02:09:59.671+0600][74.127s][info][gc,task        ] GC(474) Using 10 workers of 10 for evacuation
[2026-04-03T02:09:59.674+0600][74.130s][info][gc,phases      ] GC(474)   Pre Evacuate Collection Set: 0.38ms
[2026-04-03T02:09:59.674+0600][74.130s][info][gc,phases      ] GC(474)   Merge Heap Roots: 0.17ms
[2026-04-03T02:09:59.674+0600][74.130s][info][gc,phases      ] GC(474)   Evacuate Collection Set: 1.27ms
[2026-04-03T02:09:59.674+0600][74.130s][info][gc,phases      ] GC(474)   Post Evacuate Collection Set: 0.49ms
[2026-04-03T02:09:59.674+0600][74.130s][info][gc,phases      ] GC(474)   Other: 0.10ms
[2026-04-03T02:09:59.674+0600][74.130s][info][gc,heap        ] GC(474) Eden regions: 121->0(177)
[2026-04-03T02:09:59.674+0600][74.130s][info][gc,heap        ] GC(474) Survivor regions: 3->3(16)
[2026-04-03T02:09:59.674+0600][74.130s][info][gc,heap        ] GC(474) Old regions: 268->268
[2026-04-03T02:09:59.674+0600][74.130s][info][gc,heap        ] GC(474) Humongous regions: 34->8
[2026-04-03T02:09:59.674+0600][74.130s][info][gc,metaspace   ] GC(474) Metaspace: 131627K(133120K)->131627K(133120K) NonClass: 115080K(115776K)->115080K(115776K) Class: 16546K(17344K)->16546K(17344K)
[2026-04-03T02:09:59.674+0600][74.130s][info][gc             ] GC(474) Pause Young (Prepare Mixed) (G1 Evacuation Pause) 423M->276M(500M) 2.630ms
[2026-04-03T02:09:59.674+0600][74.130s][info][gc,cpu         ] GC(474) User=0.02s Sys=0.00s Real=0.00s
[2026-04-03T02:09:59.844+0600][74.299s][info][gc,start       ] GC(475) Pause Young (Mixed) (G1 Humongous Allocation)
[2026-04-03T02:09:59.844+0600][74.300s][info][gc,task        ] GC(475) Using 10 workers of 10 for evacuation
[2026-04-03T02:09:59.847+0600][74.303s][info][gc,phases      ] GC(475)   Pre Evacuate Collection Set: 0.53ms
[2026-04-03T02:09:59.847+0600][74.303s][info][gc,phases      ] GC(475)   Merge Heap Roots: 0.17ms
[2026-04-03T02:09:59.847+0600][74.303s][info][gc,phases      ] GC(475)   Evacuate Collection Set: 1.94ms
[2026-04-03T02:09:59.847+0600][74.303s][info][gc,phases      ] GC(475)   Post Evacuate Collection Set: 0.66ms
[2026-04-03T02:09:59.847+0600][74.303s][info][gc,phases      ] GC(475)   Other: 0.10ms
[2026-04-03T02:09:59.847+0600][74.303s][info][gc,heap        ] GC(475) Eden regions: 119->0(217)
[2026-04-03T02:09:59.847+0600][74.303s][info][gc,heap        ] GC(475) Survivor regions: 3->3(23)
[2026-04-03T02:09:59.847+0600][74.303s][info][gc,heap        ] GC(475) Old regions: 268->218
[2026-04-03T02:09:59.847+0600][74.303s][info][gc,heap        ] GC(475) Humongous regions: 71->8
[2026-04-03T02:09:59.847+0600][74.303s][info][gc,metaspace   ] GC(475) Metaspace: 131628K(133120K)->131628K(133120K) NonClass: 115081K(115776K)->115081K(115776K) Class: 16546K(17344K)->16546K(17344K)
[2026-04-03T02:09:59.847+0600][74.303s][info][gc             ] GC(475) Pause Young (Mixed) (G1 Humongous Allocation) 457M->226M(500M) 3.668ms
[2026-04-03T02:09:59.847+0600][74.303s][info][gc,cpu         ] GC(475) User=0.03s Sys=0.00s Real=0.00s
[2026-04-03T02:10:00.038+0600][74.494s][info][gc,start       ] GC(476) Pause Young (Mixed) (GCLocker Initiated GC)
[2026-04-03T02:10:00.038+0600][74.494s][info][gc,task        ] GC(476) Using 10 workers of 10 for evacuation
[2026-04-03T02:10:00.042+0600][74.498s][info][gc,phases      ] GC(476)   Pre Evacuate Collection Set: 0.57ms
[2026-04-03T02:10:00.042+0600][74.498s][info][gc,phases      ] GC(476)   Merge Heap Roots: 0.23ms
[2026-04-03T02:10:00.042+0600][74.498s][info][gc,phases      ] GC(476)   Evacuate Collection Set: 2.73ms
[2026-04-03T02:10:00.042+0600][74.498s][info][gc,phases      ] GC(476)   Post Evacuate Collection Set: 0.77ms
[2026-04-03T02:10:00.042+0600][74.498s][info][gc,phases      ] GC(476)   Other: 0.16ms
[2026-04-03T02:10:00.042+0600][74.498s][info][gc,heap        ] GC(476) Eden regions: 147->0(256)
[2026-04-03T02:10:00.042+0600][74.498s][info][gc,heap        ] GC(476) Survivor regions: 3->5(14)
[2026-04-03T02:10:00.042+0600][74.498s][info][gc,heap        ] GC(476) Old regions: 218->168
[2026-04-03T02:10:00.042+0600][74.498s][info][gc,heap        ] GC(476) Humongous regions: 118->8
[2026-04-03T02:10:00.042+0600][74.498s][info][gc,metaspace   ] GC(476) Metaspace: 131628K(133120K)->131628K(133120K) NonClass: 115081K(115776K)->115081K(115776K) Class: 16546K(17344K)->16546K(17344K)
[2026-04-03T02:10:00.043+0600][74.498s][info][gc             ] GC(476) Pause Young (Mixed) (GCLocker Initiated GC) 483M->179M(500M) 4.787ms
[2026-04-03T02:10:00.043+0600][74.499s][info][gc,cpu         ] GC(476) User=0.04s Sys=0.00s Real=0.01s
[2026-04-03T02:10:00.247+0600][74.703s][info][gc,start       ] GC(477) Pause Young (Mixed) (G1 Humongous Allocation)
[2026-04-03T02:10:00.247+0600][74.703s][info][gc,task        ] GC(477) Using 10 workers of 10 for evacuation
[2026-04-03T02:10:00.252+0600][74.708s][info][gc,phases      ] GC(477)   Pre Evacuate Collection Set: 0.45ms
[2026-04-03T02:10:00.252+0600][74.708s][info][gc,phases      ] GC(477)   Merge Heap Roots: 0.27ms
[2026-04-03T02:10:00.252+0600][74.708s][info][gc,phases      ] GC(477)   Evacuate Collection Set: 3.06ms
[2026-04-03T02:10:00.252+0600][74.708s][info][gc,phases      ] GC(477)   Post Evacuate Collection Set: 0.89ms
[2026-04-03T02:10:00.252+0600][74.708s][info][gc,phases      ] GC(477)   Other: 0.13ms
[2026-04-03T02:10:00.252+0600][74.708s][info][gc,heap        ] GC(477) Eden regions: 173->0(295)
[2026-04-03T02:10:00.252+0600][74.708s][info][gc,heap        ] GC(477) Survivor regions: 5->5(14)
[2026-04-03T02:10:00.252+0600][74.708s][info][gc,heap        ] GC(477) Old regions: 168->118
[2026-04-03T02:10:00.252+0600][74.708s][info][gc,heap        ] GC(477) Humongous regions: 140->8
[2026-04-03T02:10:00.252+0600][74.708s][info][gc,metaspace   ] GC(477) Metaspace: 131630K(133120K)->131630K(133120K) NonClass: 115083K(115776K)->115083K(115776K) Class: 16546K(17344K)->16546K(17344K)
[2026-04-03T02:10:00.252+0600][74.708s][info][gc             ] GC(477) Pause Young (Mixed) (G1 Humongous Allocation) 483M->129M(500M) 5.109ms
[2026-04-03T02:10:00.252+0600][74.708s][info][gc,cpu         ] GC(477) User=0.04s Sys=0.00s Real=0.01s
[2026-04-03T02:10:00.578+0600][75.034s][info][gc,start       ] GC(478) Pause Young (Mixed) (G1 Humongous Allocation)
[2026-04-03T02:10:00.578+0600][75.034s][info][gc,task        ] GC(478) Using 10 workers of 10 for evacuation
[2026-04-03T02:10:00.582+0600][75.038s][info][gc,phases      ] GC(478)   Pre Evacuate Collection Set: 0.30ms
[2026-04-03T02:10:00.582+0600][75.038s][info][gc,phases      ] GC(478)   Merge Heap Roots: 0.15ms
[2026-04-03T02:10:00.582+0600][75.038s][info][gc,phases      ] GC(478)   Evacuate Collection Set: 2.23ms
[2026-04-03T02:10:00.582+0600][75.038s][info][gc,phases      ] GC(478)   Post Evacuate Collection Set: 0.78ms
[2026-04-03T02:10:00.582+0600][75.038s][info][gc,phases      ] GC(478)   Other: 0.09ms
[2026-04-03T02:10:00.582+0600][75.038s][info][gc,heap        ] GC(478) Eden regions: 214->0(295)
[2026-04-03T02:10:00.582+0600][75.038s][info][gc,heap        ] GC(478) Survivor regions: 5->5(5)
[2026-04-03T02:10:00.582+0600][75.038s][info][gc,heap        ] GC(478) Old regions: 118->112
[2026-04-03T02:10:00.582+0600][75.038s][info][gc,heap        ] GC(478) Humongous regions: 158->8
[2026-04-03T02:10:00.582+0600][75.038s][info][gc,metaspace   ] GC(478) Metaspace: 131649K(133120K)->131649K(133120K) NonClass: 115102K(115776K)->115102K(115776K) Class: 16546K(17344K)->16546K(17344K)
[2026-04-03T02:10:00.582+0600][75.038s][info][gc             ] GC(478) Pause Young (Mixed) (G1 Humongous Allocation) 492M->123M(500M) 3.800ms
[2026-04-03T02:10:00.582+0600][75.038s][info][gc,cpu         ] GC(478) User=0.03s Sys=0.00s Real=0.01s
[2026-04-03T02:10:00.589+0600][75.045s][info][gc,start       ] GC(479) Pause Young (Concurrent Start) (G1 Humongous Allocation)
[2026-04-03T02:10:00.589+0600][75.045s][info][gc,task        ] GC(479) Using 10 workers of 10 for evacuation
[2026-04-03T02:10:00.592+0600][75.048s][info][gc,phases      ] GC(479)   Pre Evacuate Collection Set: 0.38ms
[2026-04-03T02:10:00.592+0600][75.048s][info][gc,phases      ] GC(479)   Merge Heap Roots: 0.09ms
[2026-04-03T02:10:00.592+0600][75.048s][info][gc,phases      ] GC(479)   Evacuate Collection Set: 1.89ms
[2026-04-03T02:10:00.592+0600][75.048s][info][gc,phases      ] GC(479)   Post Evacuate Collection Set: 0.48ms
[2026-04-03T02:10:00.592+0600][75.048s][info][gc,phases      ] GC(479)   Other: 0.13ms
[2026-04-03T02:10:00.592+0600][75.048s][info][gc,heap        ] GC(479) Eden regions: 5->0(295)
[2026-04-03T02:10:00.592+0600][75.048s][info][gc,heap        ] GC(479) Survivor regions: 5->5(38)
[2026-04-03T02:10:00.592+0600][75.048s][info][gc,heap        ] GC(479) Old regions: 112->112
[2026-04-03T02:10:00.592+0600][75.048s][info][gc,heap        ] GC(479) Humongous regions: 13->8
[2026-04-03T02:10:00.592+0600][75.048s][info][gc,metaspace   ] GC(479) Metaspace: 131650K(133120K)->131650K(133120K) NonClass: 115103K(115776K)->115103K(115776K) Class: 16546K(17344K)->16546K(17344K)
[2026-04-03T02:10:00.592+0600][75.048s][info][gc             ] GC(479) Pause Young (Concurrent Start) (G1 Humongous Allocation) 133M->122M(500M) 3.222ms
[2026-04-03T02:10:00.592+0600][75.048s][info][gc             ] GC(480) Concurrent Mark Cycle
[2026-04-03T02:10:00.592+0600][75.048s][info][gc,cpu         ] GC(479) User=0.02s Sys=0.00s Real=0.01s
[2026-04-03T02:10:00.592+0600][75.048s][info][gc,marking     ] GC(480) Concurrent Scan Root Regions
[2026-04-03T02:10:00.595+0600][75.051s][info][gc,marking     ] GC(480) Concurrent Scan Root Regions 2.632ms
[2026-04-03T02:10:00.595+0600][75.051s][info][gc,marking     ] GC(480) Concurrent Mark
[2026-04-03T02:10:00.595+0600][75.051s][info][gc,marking     ] GC(480) Concurrent Mark From Roots
[2026-04-03T02:10:00.595+0600][75.051s][info][gc,task        ] GC(480) Using 3 workers of 3 for marking
[2026-04-03T02:10:00.690+0600][75.146s][info][gc,marking     ] GC(480) Concurrent Mark From Roots 95.540ms
[2026-04-03T02:10:00.691+0600][75.146s][info][gc,marking     ] GC(480) Concurrent Preclean
[2026-04-03T02:10:00.691+0600][75.147s][info][gc,marking     ] GC(480) Concurrent Preclean 0.442ms
[2026-04-03T02:10:00.691+0600][75.147s][info][gc,start       ] GC(480) Pause Remark
[2026-04-03T02:10:00.700+0600][75.156s][info][gc             ] GC(480) Pause Remark 196M->193M(497M) 8.869ms
[2026-04-03T02:10:00.700+0600][75.156s][info][gc,cpu         ] GC(480) User=0.06s Sys=0.00s Real=0.01s
[2026-04-03T02:10:00.701+0600][75.156s][info][gc,marking     ] GC(480) Concurrent Mark 105.674ms
[2026-04-03T02:10:00.701+0600][75.157s][info][gc,marking     ] GC(480) Concurrent Rebuild Remembered Sets and Scrub Regions
[2026-04-03T02:10:00.744+0600][75.200s][info][gc,marking     ] GC(480) Concurrent Rebuild Remembered Sets and Scrub Regions 43.480ms
[2026-04-03T02:10:00.745+0600][75.200s][info][gc,start       ] GC(480) Pause Cleanup
[2026-04-03T02:10:00.745+0600][75.201s][info][gc             ] GC(480) Pause Cleanup 240M->240M(497M) 0.370ms
[2026-04-03T02:10:00.745+0600][75.201s][info][gc,cpu         ] GC(480) User=0.00s Sys=0.00s Real=0.00s
[2026-04-03T02:10:00.745+0600][75.201s][info][gc,marking     ] GC(480) Concurrent Clear Claimed Marks
[2026-04-03T02:10:00.745+0600][75.201s][info][gc,marking     ] GC(480) Concurrent Clear Claimed Marks 0.323ms
[2026-04-03T02:10:00.746+0600][75.201s][info][gc,marking     ] GC(480) Concurrent Cleanup for Next Mark
[2026-04-03T02:10:00.746+0600][75.202s][info][gc,marking     ] GC(480) Concurrent Cleanup for Next Mark 0.727ms
[2026-04-03T02:10:00.746+0600][75.202s][info][gc             ] GC(480) Concurrent Mark Cycle 154.153ms
[2026-04-03T02:10:00.956+0600][75.412s][info][gc,start       ] GC(481) Pause Young (Prepare Mixed) (G1 Humongous Allocation)
[2026-04-03T02:10:00.956+0600][75.412s][info][gc,task        ] GC(481) Using 10 workers of 10 for evacuation
[2026-04-03T02:10:00.959+0600][75.415s][info][gc,phases      ] GC(481)   Pre Evacuate Collection Set: 0.27ms
[2026-04-03T02:10:00.959+0600][75.415s][info][gc,phases      ] GC(481)   Merge Heap Roots: 0.15ms
[2026-04-03T02:10:00.959+0600][75.415s][info][gc,phases      ] GC(481)   Evacuate Collection Set: 1.95ms
[2026-04-03T02:10:00.959+0600][75.415s][info][gc,phases      ] GC(481)   Post Evacuate Collection Set: 1.08ms
[2026-04-03T02:10:00.959+0600][75.415s][info][gc,phases      ] GC(481)   Other: 0.07ms
[2026-04-03T02:10:00.959+0600][75.415s][info][gc,heap        ] GC(481) Eden regions: 269->0(286)
[2026-04-03T02:10:00.959+0600][75.415s][info][gc,heap        ] GC(481) Survivor regions: 5->3(3)
[2026-04-03T02:10:00.959+0600][75.415s][info][gc,heap        ] GC(481) Old regions: 109->146
[2026-04-03T02:10:00.959+0600][75.415s][info][gc,heap        ] GC(481) Humongous regions: 114->10
[2026-04-03T02:10:00.959+0600][75.415s][info][gc,metaspace   ] GC(481) Metaspace: 131651K(133120K)->131651K(133120K) NonClass: 115104K(115776K)->115104K(115776K) Class: 16546K(17344K)->16546K(17344K)
[2026-04-03T02:10:00.959+0600][75.415s][info][gc             ] GC(481) Pause Young (Prepare Mixed) (G1 Humongous Allocation) (Evacuation Failure) 494M->156M(500M) 3.768ms
[2026-04-03T02:10:00.960+0600][75.415s][info][gc,cpu         ] GC(481) User=0.03s Sys=0.00s Real=0.00s
[2026-04-03T02:10:00.999+0600][75.455s][info][gc,start       ] GC(482) Pause Young (Mixed) (G1 Humongous Allocation)
[2026-04-03T02:10:00.999+0600][75.455s][info][gc,task        ] GC(482) Using 10 workers of 10 for evacuation
[2026-04-03T02:10:01.003+0600][75.459s][info][gc,phases      ] GC(482)   Pre Evacuate Collection Set: 0.44ms
[2026-04-03T02:10:01.003+0600][75.459s][info][gc,phases      ] GC(482)   Merge Heap Roots: 0.18ms
[2026-04-03T02:10:01.003+0600][75.459s][info][gc,phases      ] GC(482)   Evacuate Collection Set: 2.05ms
[2026-04-03T02:10:01.003+0600][75.459s][info][gc,phases      ] GC(482)   Post Evacuate Collection Set: 1.03ms
[2026-04-03T02:10:01.003+0600][75.459s][info][gc,phases      ] GC(482)   Other: 0.10ms
[2026-04-03T02:10:01.003+0600][75.459s][info][gc,heap        ] GC(482) Eden regions: 37->0(278)
[2026-04-03T02:10:01.003+0600][75.459s][info][gc,heap        ] GC(482) Survivor regions: 3->8(37)
[2026-04-03T02:10:01.003+0600][75.459s][info][gc,heap        ] GC(482) Old regions: 146->143
[2026-04-03T02:10:01.003+0600][75.459s][info][gc,heap        ] GC(482) Humongous regions: 271->15
[2026-04-03T02:10:01.003+0600][75.459s][info][gc,metaspace   ] GC(482) Metaspace: 131654K(133120K)->131654K(133120K) NonClass: 115107K(115776K)->115107K(115776K) Class: 16546K(17344K)->16546K(17344K)
[2026-04-03T02:10:01.003+0600][75.459s][info][gc             ] GC(482) Pause Young (Mixed) (G1 Humongous Allocation) 454M->162M(500M) 4.097ms
[2026-04-03T02:10:01.003+0600][75.459s][info][gc,cpu         ] GC(482) User=0.02s Sys=0.00s Real=0.01s
[2026-04-03T02:10:01.005+0600][75.461s][info][gc,start       ] GC(483) Pause Young (Concurrent Start) (G1 Humongous Allocation)
[2026-04-03T02:10:01.005+0600][75.461s][info][gc,task        ] GC(483) Using 10 workers of 10 for evacuation
[2026-04-03T02:10:01.009+0600][75.465s][info][gc,phases      ] GC(483)   Pre Evacuate Collection Set: 0.44ms
[2026-04-03T02:10:01.009+0600][75.465s][info][gc,phases      ] GC(483)   Merge Heap Roots: 0.16ms
[2026-04-03T02:10:01.009+0600][75.465s][info][gc,phases      ] GC(483)   Evacuate Collection Set: 2.69ms
[2026-04-03T02:10:01.009+0600][75.465s][info][gc,phases      ] GC(483)   Post Evacuate Collection Set: 0.60ms
[2026-04-03T02:10:01.009+0600][75.465s][info][gc,phases      ] GC(483)   Other: 0.25ms
[2026-04-03T02:10:01.009+0600][75.465s][info][gc,heap        ] GC(483) Eden regions: 2->0(273)
[2026-04-03T02:10:01.009+0600][75.465s][info][gc,heap        ] GC(483) Survivor regions: 8->7(36)
[2026-04-03T02:10:01.009+0600][75.465s][info][gc,heap        ] GC(483) Old regions: 143->143
[2026-04-03T02:10:01.009+0600][75.465s][info][gc,heap        ] GC(483) Humongous regions: 25->15
[2026-04-03T02:10:01.009+0600][75.465s][info][gc,metaspace   ] GC(483) Metaspace: 131654K(133120K)->131654K(133120K) NonClass: 115107K(115776K)->115107K(115776K) Class: 16546K(17344K)->16546K(17344K)
[2026-04-03T02:10:01.009+0600][75.465s][info][gc             ] GC(483) Pause Young (Concurrent Start) (G1 Humongous Allocation) 173M->161M(500M) 4.468ms
[2026-04-03T02:10:01.009+0600][75.465s][info][gc,cpu         ] GC(483) User=0.02s Sys=0.00s Real=0.00s
[2026-04-03T02:10:01.009+0600][75.465s][info][gc             ] GC(484) Concurrent Mark Cycle
[2026-04-03T02:10:01.010+0600][75.465s][info][gc,marking     ] GC(484) Concurrent Scan Root Regions
[2026-04-03T02:10:01.013+0600][75.469s][info][gc,marking     ] GC(484) Concurrent Scan Root Regions 3.459ms
[2026-04-03T02:10:01.013+0600][75.469s][info][gc,marking     ] GC(484) Concurrent Mark
[2026-04-03T02:10:01.013+0600][75.469s][info][gc,marking     ] GC(484) Concurrent Mark From Roots
[2026-04-03T02:10:01.013+0600][75.469s][info][gc,task        ] GC(484) Using 3 workers of 3 for marking
[2026-04-03T02:10:01.112+0600][75.568s][info][gc,start       ] GC(485) Pause Young (Normal) (G1 Humongous Allocation)
[2026-04-03T02:10:01.113+0600][75.568s][info][gc,task        ] GC(485) Using 10 workers of 10 for evacuation
[2026-04-03T02:10:01.117+0600][75.572s][info][gc,phases      ] GC(485)   Pre Evacuate Collection Set: 0.46ms
[2026-04-03T02:10:01.117+0600][75.572s][info][gc,phases      ] GC(485)   Merge Heap Roots: 0.21ms
[2026-04-03T02:10:01.117+0600][75.572s][info][gc,phases      ] GC(485)   Evacuate Collection Set: 2.30ms
[2026-04-03T02:10:01.117+0600][75.572s][info][gc,phases      ] GC(485)   Post Evacuate Collection Set: 0.88ms
[2026-04-03T02:10:01.117+0600][75.572s][info][gc,phases      ] GC(485)   Other: 0.10ms
[2026-04-03T02:10:01.117+0600][75.573s][info][gc,heap        ] GC(485) Eden regions: 54->0(268)
[2026-04-03T02:10:01.117+0600][75.573s][info][gc,heap        ] GC(485) Survivor regions: 7->8(27)
[2026-04-03T02:10:01.117+0600][75.573s][info][gc,heap        ] GC(485) Old regions: 143->143
[2026-04-03T02:10:01.117+0600][75.573s][info][gc,heap        ] GC(485) Humongous regions: 269->20
[2026-04-03T02:10:01.117+0600][75.573s][info][gc,metaspace   ] GC(485) Metaspace: 131654K(133120K)->131654K(133120K) NonClass: 115107K(115776K)->115107K(115776K) Class: 16546K(17344K)->16546K(17344K)
[2026-04-03T02:10:01.117+0600][75.573s][info][gc             ] GC(485) Pause Young (Normal) (G1 Humongous Allocation) 469M->167M(500M) 4.266ms
[2026-04-03T02:10:01.117+0600][75.573s][info][gc,cpu         ] GC(485) User=0.04s Sys=0.01s Real=0.00s
[2026-04-03T02:10:01.143+0600][75.599s][info][gc,marking     ] GC(484) Concurrent Mark From Roots 129.585ms
[2026-04-03T02:10:01.143+0600][75.599s][info][gc,marking     ] GC(484) Concurrent Preclean
[2026-04-03T02:10:01.144+0600][75.599s][info][gc,marking     ] GC(484) Concurrent Preclean 0.677ms
[2026-04-03T02:10:01.144+0600][75.600s][info][gc,start       ] GC(484) Pause Remark
[2026-04-03T02:10:01.153+0600][75.609s][info][gc             ] GC(484) Pause Remark 351M->347M(500M) 8.740ms
[2026-04-03T02:10:01.153+0600][75.609s][info][gc,cpu         ] GC(484) User=0.07s Sys=0.00s Real=0.01s
[2026-04-03T02:10:01.154+0600][75.609s][info][gc,marking     ] GC(484) Concurrent Mark 140.527ms
[2026-04-03T02:10:01.154+0600][75.610s][info][gc,marking     ] GC(484) Concurrent Rebuild Remembered Sets and Scrub Regions
[2026-04-03T02:10:01.194+0600][75.650s][info][gc,marking     ] GC(484) Concurrent Rebuild Remembered Sets and Scrub Regions 40.017ms
[2026-04-03T02:10:01.194+0600][75.650s][info][gc,start       ] GC(484) Pause Cleanup
[2026-04-03T02:10:01.195+0600][75.651s][info][gc             ] GC(484) Pause Cleanup 407M->407M(500M) 0.549ms
[2026-04-03T02:10:01.195+0600][75.651s][info][gc,cpu         ] GC(484) User=0.00s Sys=0.00s Real=0.00s
[2026-04-03T02:10:01.195+0600][75.651s][info][gc,marking     ] GC(484) Concurrent Clear Claimed Marks
[2026-04-03T02:10:01.195+0600][75.651s][info][gc,marking     ] GC(484) Concurrent Clear Claimed Marks 0.394ms
[2026-04-03T02:10:01.195+0600][75.651s][info][gc,marking     ] GC(484) Concurrent Cleanup for Next Mark
[2026-04-03T02:10:01.196+0600][75.652s][info][gc,marking     ] GC(484) Concurrent Cleanup for Next Mark 0.695ms
[2026-04-03T02:10:01.196+0600][75.652s][info][gc             ] GC(484) Concurrent Mark Cycle 186.792ms
[2026-04-03T02:10:01.268+0600][75.724s][info][gc,start       ] GC(486) Pause Young (Prepare Mixed) (G1 Humongous Allocation)
[2026-04-03T02:10:01.268+0600][75.724s][info][gc,task        ] GC(486) Using 10 workers of 10 for evacuation
[2026-04-03T02:10:01.270+0600][75.726s][info][gc,phases      ] GC(486)   Pre Evacuate Collection Set: 0.27ms
[2026-04-03T02:10:01.270+0600][75.726s][info][gc,phases      ] GC(486)   Merge Heap Roots: 0.10ms
[2026-04-03T02:10:01.270+0600][75.726s][info][gc,phases      ] GC(486)   Evacuate Collection Set: 1.27ms
[2026-04-03T02:10:01.270+0600][75.726s][info][gc,phases      ] GC(486)   Post Evacuate Collection Set: 0.56ms
[2026-04-03T02:10:01.270+0600][75.726s][info][gc,phases      ] GC(486)   Other: 0.09ms
[2026-04-03T02:10:01.270+0600][75.726s][info][gc,heap        ] GC(486) Eden regions: 92->0(292)
[2026-04-03T02:10:01.270+0600][75.726s][info][gc,heap        ] GC(486) Survivor regions: 8->5(10)
[2026-04-03T02:10:01.270+0600][75.726s][info][gc,heap        ] GC(486) Old regions: 139->139
[2026-04-03T02:10:01.270+0600][75.726s][info][gc,heap        ] GC(486) Humongous regions: 251->10
[2026-04-03T02:10:01.270+0600][75.726s][info][gc,metaspace   ] GC(486) Metaspace: 131656K(133120K)->131656K(133120K) NonClass: 115109K(115776K)->115109K(115776K) Class: 16547K(17344K)->16547K(17344K)
[2026-04-03T02:10:01.270+0600][75.726s][info][gc             ] GC(486) Pause Young (Prepare Mixed) (G1 Humongous Allocation) 487M->151M(500M) 2.492ms
[2026-04-03T02:10:01.270+0600][75.726s][info][gc,cpu         ] GC(486) User=0.01s Sys=0.00s Real=0.01s
[2026-04-03T02:10:01.671+0600][76.126s][info][gc,start       ] GC(487) Pause Young (Mixed) (G1 Evacuation Pause)
[2026-04-03T02:10:01.671+0600][76.127s][info][gc,task        ] GC(487) Using 10 workers of 10 for evacuation
[2026-04-03T02:10:01.678+0600][76.134s][info][gc,phases      ] GC(487)   Pre Evacuate Collection Set: 0.39ms
[2026-04-03T02:10:01.678+0600][76.134s][info][gc,phases      ] GC(487)   Merge Heap Roots: 0.20ms
[2026-04-03T02:10:01.678+0600][76.134s][info][gc,phases      ] GC(487)   Evacuate Collection Set: 2.77ms
[2026-04-03T02:10:01.678+0600][76.134s][info][gc,phases      ] GC(487)   Post Evacuate Collection Set: 3.46ms
[2026-04-03T02:10:01.678+0600][76.134s][info][gc,phases      ] GC(487)   Other: 0.12ms
[2026-04-03T02:10:01.678+0600][76.134s][info][gc,heap        ] GC(487) Eden regions: 247->0(157)
[2026-04-03T02:10:01.678+0600][76.134s][info][gc,heap        ] GC(487) Survivor regions: 5->0(0)
[2026-04-03T02:10:01.678+0600][76.134s][info][gc,heap        ] GC(487) Old regions: 139->310
[2026-04-03T02:10:01.678+0600][76.134s][info][gc,heap        ] GC(487) Humongous regions: 109->8
[2026-04-03T02:10:01.678+0600][76.134s][info][gc,metaspace   ] GC(487) Metaspace: 131666K(133120K)->131666K(133120K) NonClass: 115118K(115776K)->115118K(115776K) Class: 16547K(17344K)->16547K(17344K)
[2026-04-03T02:10:01.678+0600][76.134s][info][gc             ] GC(487) Pause Young (Mixed) (G1 Evacuation Pause) (Evacuation Failure) 497M->316M(500M) 7.228ms
[2026-04-03T02:10:01.678+0600][76.134s][info][gc,cpu         ] GC(487) User=0.06s Sys=0.00s Real=0.00s
[2026-04-03T02:10:01.689+0600][76.144s][info][gc,start       ] GC(488) Pause Young (Concurrent Start) (G1 Humongous Allocation)
[2026-04-03T02:10:01.689+0600][76.145s][info][gc,task        ] GC(488) Using 10 workers of 10 for evacuation
[2026-04-03T02:10:01.692+0600][76.148s][info][gc,phases      ] GC(488)   Pre Evacuate Collection Set: 0.49ms
[2026-04-03T02:10:01.692+0600][76.148s][info][gc,phases      ] GC(488)   Merge Heap Roots: 0.11ms
[2026-04-03T02:10:01.692+0600][76.148s][info][gc,phases      ] GC(488)   Evacuate Collection Set: 1.63ms
[2026-04-03T02:10:01.692+0600][76.148s][info][gc,phases      ] GC(488)   Post Evacuate Collection Set: 0.51ms
[2026-04-03T02:10:01.692+0600][76.148s][info][gc,phases      ] GC(488)   Other: 0.21ms
[2026-04-03T02:10:01.692+0600][76.148s][info][gc,heap        ] GC(488) Eden regions: 16->0(144)
[2026-04-03T02:10:01.692+0600][76.148s][info][gc,heap        ] GC(488) Survivor regions: 0->2(20)
[2026-04-03T02:10:01.692+0600][76.148s][info][gc,heap        ] GC(488) Old regions: 310->310
[2026-04-03T02:10:01.692+0600][76.148s][info][gc,heap        ] GC(488) Humongous regions: 8->8
[2026-04-03T02:10:01.692+0600][76.148s][info][gc,metaspace   ] GC(488) Metaspace: 131666K(133120K)->131666K(133120K) NonClass: 115118K(115776K)->115118K(115776K) Class: 16547K(17344K)->16547K(17344K)
[2026-04-03T02:10:01.692+0600][76.148s][info][gc             ] GC(488) Pause Young (Concurrent Start) (G1 Humongous Allocation) 331M->318M(500M) 3.301ms
[2026-04-03T02:10:01.692+0600][76.148s][info][gc,cpu         ] GC(488) User=0.02s Sys=0.00s Real=0.01s
[2026-04-03T02:10:01.692+0600][76.148s][info][gc             ] GC(489) Concurrent Mark Cycle
[2026-04-03T02:10:01.692+0600][76.148s][info][gc,marking     ] GC(489) Concurrent Scan Root Regions
[2026-04-03T02:10:01.695+0600][76.150s][info][gc,marking     ] GC(489) Concurrent Scan Root Regions 2.350ms
[2026-04-03T02:10:01.695+0600][76.150s][info][gc,marking     ] GC(489) Concurrent Mark
[2026-04-03T02:10:01.695+0600][76.151s][info][gc,marking     ] GC(489) Concurrent Mark From Roots
[2026-04-03T02:10:01.695+0600][76.151s][info][gc,task        ] GC(489) Using 3 workers of 3 for marking
[2026-04-03T02:10:01.815+0600][76.271s][info][gc,marking     ] GC(489) Concurrent Mark From Roots 120.179ms
[2026-04-03T02:10:01.815+0600][76.271s][info][gc,marking     ] GC(489) Concurrent Preclean
[2026-04-03T02:10:01.815+0600][76.271s][info][gc,marking     ] GC(489) Concurrent Preclean 0.428ms
[2026-04-03T02:10:01.816+0600][76.272s][info][gc,start       ] GC(489) Pause Remark
[2026-04-03T02:10:01.825+0600][76.281s][info][gc             ] GC(489) Pause Remark 467M->454M(500M) 9.070ms
[2026-04-03T02:10:01.825+0600][76.281s][info][gc,cpu         ] GC(489) User=0.07s Sys=0.00s Real=0.01s
[2026-04-03T02:10:01.825+0600][76.281s][info][gc,marking     ] GC(489) Concurrent Mark 130.565ms
[2026-04-03T02:10:01.825+0600][76.281s][info][gc,marking     ] GC(489) Concurrent Rebuild Remembered Sets and Scrub Regions
[2026-04-03T02:10:01.864+0600][76.320s][info][gc,start       ] GC(490) Pause Young (Normal) (G1 Evacuation Pause)
[2026-04-03T02:10:01.864+0600][76.320s][info][gc,task        ] GC(490) Using 10 workers of 10 for evacuation
[2026-04-03T02:10:01.868+0600][76.324s][info][gc,phases      ] GC(490)   Pre Evacuate Collection Set: 0.57ms
[2026-04-03T02:10:01.868+0600][76.324s][info][gc,phases      ] GC(490)   Merge Heap Roots: 0.19ms
[2026-04-03T02:10:01.868+0600][76.324s][info][gc,phases      ] GC(490)   Evacuate Collection Set: 1.92ms
[2026-04-03T02:10:01.868+0600][76.324s][info][gc,phases      ] GC(490)   Post Evacuate Collection Set: 1.73ms
[2026-04-03T02:10:01.868+0600][76.324s][info][gc,phases      ] GC(490)   Other: 0.11ms
[2026-04-03T02:10:01.868+0600][76.324s][info][gc,heap        ] GC(490) Eden regions: 107->0(111)
[2026-04-03T02:10:01.868+0600][76.324s][info][gc,heap        ] GC(490) Survivor regions: 2->0(0)
[2026-04-03T02:10:01.868+0600][76.324s][info][gc,heap        ] GC(490) Old regions: 297->356
[2026-04-03T02:10:01.868+0600][76.324s][info][gc,heap        ] GC(490) Humongous regions: 94->8
[2026-04-03T02:10:01.868+0600][76.324s][info][gc,metaspace   ] GC(490) Metaspace: 131666K(133120K)->131666K(133120K) NonClass: 115118K(115776K)->115118K(115776K) Class: 16547K(17344K)->16547K(17344K)
[2026-04-03T02:10:01.868+0600][76.324s][info][gc             ] GC(490) Pause Young (Normal) (G1 Evacuation Pause) (Evacuation Failure) 497M->361M(500M) 4.811ms
[2026-04-03T02:10:01.869+0600][76.324s][info][gc,cpu         ] GC(490) User=0.03s Sys=0.00s Real=0.00s
[2026-04-03T02:10:01.878+0600][76.334s][info][gc,marking     ] GC(489) Concurrent Rebuild Remembered Sets and Scrub Regions 52.985ms
[2026-04-03T02:10:01.879+0600][76.334s][info][gc,start       ] GC(489) Pause Cleanup
[2026-04-03T02:10:01.879+0600][76.335s][info][gc             ] GC(489) Pause Cleanup 381M->381M(500M) 0.502ms
[2026-04-03T02:10:01.879+0600][76.335s][info][gc,cpu         ] GC(489) User=0.00s Sys=0.00s Real=0.00s
[2026-04-03T02:10:01.879+0600][76.335s][info][gc,marking     ] GC(489) Concurrent Clear Claimed Marks
[2026-04-03T02:10:01.880+0600][76.336s][info][gc,marking     ] GC(489) Concurrent Clear Claimed Marks 0.293ms
[2026-04-03T02:10:01.880+0600][76.336s][info][gc,marking     ] GC(489) Concurrent Cleanup for Next Mark
[2026-04-03T02:10:01.880+0600][76.336s][info][gc,marking     ] GC(489) Concurrent Cleanup for Next Mark 0.732ms
[2026-04-03T02:10:01.880+0600][76.336s][info][gc             ] GC(489) Concurrent Mark Cycle 188.382ms
[2026-04-03T02:10:01.962+0600][76.418s][info][gc,start       ] GC(491) Pause Young (Prepare Mixed) (GCLocker Initiated GC)
[2026-04-03T02:10:01.962+0600][76.418s][info][gc,task        ] GC(491) Using 10 workers of 10 for evacuation
[2026-04-03T02:10:01.967+0600][76.423s][info][gc,phases      ] GC(491)   Pre Evacuate Collection Set: 0.63ms
[2026-04-03T02:10:01.967+0600][76.423s][info][gc,phases      ] GC(491)   Merge Heap Roots: 0.24ms
[2026-04-03T02:10:01.967+0600][76.423s][info][gc,phases      ] GC(491)   Evacuate Collection Set: 2.13ms
[2026-04-03T02:10:01.967+0600][76.423s][info][gc,phases      ] GC(491)   Post Evacuate Collection Set: 1.71ms
[2026-04-03T02:10:01.967+0600][76.423s][info][gc,phases      ] GC(491)   Other: 0.15ms
[2026-04-03T02:10:01.967+0600][76.423s][info][gc,heap        ] GC(491) Eden regions: 75->0(62)
[2026-04-03T02:10:01.967+0600][76.423s][info][gc,heap        ] GC(491) Survivor regions: 0->0(0)
[2026-04-03T02:10:01.967+0600][76.423s][info][gc,heap        ] GC(491) Old regions: 356->405
[2026-04-03T02:10:01.967+0600][76.423s][info][gc,heap        ] GC(491) Humongous regions: 69->8
[2026-04-03T02:10:01.967+0600][76.423s][info][gc,metaspace   ] GC(491) Metaspace: 131666K(133120K)->131666K(133120K) NonClass: 115118K(115776K)->115118K(115776K) Class: 16547K(17344K)->16547K(17344K)
[2026-04-03T02:10:01.967+0600][76.423s][info][gc             ] GC(491) Pause Young (Prepare Mixed) (GCLocker Initiated GC) (Evacuation Failure) 497M->410M(500M) 5.277ms
[2026-04-03T02:10:01.967+0600][76.423s][info][gc,cpu         ] GC(491) User=0.04s Sys=0.00s Real=0.00s
[2026-04-03T02:10:02.019+0600][76.475s][info][gc,start       ] GC(492) Pause Young (Mixed) (G1 Humongous Allocation)
[2026-04-03T02:10:02.019+0600][76.475s][info][gc,task        ] GC(492) Using 10 workers of 10 for evacuation
[2026-04-03T02:10:02.022+0600][76.478s][info][gc,phases      ] GC(492)   Pre Evacuate Collection Set: 0.57ms
[2026-04-03T02:10:02.022+0600][76.478s][info][gc,phases      ] GC(492)   Merge Heap Roots: 0.17ms
[2026-04-03T02:10:02.022+0600][76.478s][info][gc,phases      ] GC(492)   Evacuate Collection Set: 1.29ms
[2026-04-03T02:10:02.022+0600][76.478s][info][gc,phases      ] GC(492)   Post Evacuate Collection Set: 0.70ms
[2026-04-03T02:10:02.022+0600][76.478s][info][gc,phases      ] GC(492)   Other: 0.11ms
[2026-04-03T02:10:02.022+0600][76.478s][info][gc,heap        ] GC(492) Eden regions: 42->0(110)
[2026-04-03T02:10:02.022+0600][76.478s][info][gc,heap        ] GC(492) Survivor regions: 0->1(8)
[2026-04-03T02:10:02.022+0600][76.478s][info][gc,heap        ] GC(492) Old regions: 405->356
[2026-04-03T02:10:02.022+0600][76.478s][info][gc,heap        ] GC(492) Humongous regions: 45->8
[2026-04-03T02:10:02.022+0600][76.478s][info][gc,metaspace   ] GC(492) Metaspace: 131666K(133120K)->131666K(133120K) NonClass: 115118K(115776K)->115118K(115776K) Class: 16547K(17344K)->16547K(17344K)
[2026-04-03T02:10:02.022+0600][76.478s][info][gc             ] GC(492) Pause Young (Mixed) (G1 Humongous Allocation) 489M->361M(500M) 3.179ms
[2026-04-03T02:10:02.022+0600][76.478s][info][gc,cpu         ] GC(492) User=0.01s Sys=0.00s Real=0.01s
[2026-04-03T02:10:02.118+0600][76.573s][info][gc,start       ] GC(493) Pause Young (Mixed) (G1 Humongous Allocation)
[2026-04-03T02:10:02.118+0600][76.574s][info][gc,task        ] GC(493) Using 10 workers of 10 for evacuation
[2026-04-03T02:10:02.121+0600][76.577s][info][gc,phases      ] GC(493)   Pre Evacuate Collection Set: 0.53ms
[2026-04-03T02:10:02.121+0600][76.577s][info][gc,phases      ] GC(493)   Merge Heap Roots: 0.21ms
[2026-04-03T02:10:02.121+0600][76.577s][info][gc,phases      ] GC(493)   Evacuate Collection Set: 2.12ms
[2026-04-03T02:10:02.121+0600][76.577s][info][gc,phases      ] GC(493)   Post Evacuate Collection Set: 0.63ms
[2026-04-03T02:10:02.121+0600][76.577s][info][gc,phases      ] GC(493)   Other: 0.14ms
[2026-04-03T02:10:02.122+0600][76.577s][info][gc,heap        ] GC(493) Eden regions: 79->0(158)
[2026-04-03T02:10:02.122+0600][76.577s][info][gc,heap        ] GC(493) Survivor regions: 1->3(3)
[2026-04-03T02:10:02.122+0600][76.577s][info][gc,heap        ] GC(493) Old regions: 356->306
[2026-04-03T02:10:02.122+0600][76.577s][info][gc,heap        ] GC(493) Humongous regions: 61->8
[2026-04-03T02:10:02.122+0600][76.577s][info][gc,metaspace   ] GC(493) Metaspace: 131666K(133120K)->131666K(133120K) NonClass: 115118K(115776K)->115118K(115776K) Class: 16547K(17344K)->16547K(17344K)
[2026-04-03T02:10:02.122+0600][76.578s][info][gc             ] GC(493) Pause Young (Mixed) (G1 Humongous Allocation) 492M->313M(500M) 4.050ms
[2026-04-03T02:10:02.122+0600][76.578s][info][gc,cpu         ] GC(493) User=0.03s Sys=0.00s Real=0.01s
[2026-04-03T02:10:02.232+0600][76.688s][info][gc,start       ] GC(494) Pause Young (Mixed) (G1 Humongous Allocation)
[2026-04-03T02:10:02.232+0600][76.688s][info][gc,task        ] GC(494) Using 10 workers of 10 for evacuation
[2026-04-03T02:10:02.234+0600][76.690s][info][gc,phases      ] GC(494)   Pre Evacuate Collection Set: 0.46ms
[2026-04-03T02:10:02.234+0600][76.690s][info][gc,phases      ] GC(494)   Merge Heap Roots: 0.14ms
[2026-04-03T02:10:02.234+0600][76.690s][info][gc,phases      ] GC(494)   Evacuate Collection Set: 1.14ms
[2026-04-03T02:10:02.234+0600][76.690s][info][gc,phases      ] GC(494)   Post Evacuate Collection Set: 0.61ms
[2026-04-03T02:10:02.234+0600][76.690s][info][gc,phases      ] GC(494)   Other: 0.18ms
[2026-04-03T02:10:02.234+0600][76.690s][info][gc,heap        ] GC(494) Eden regions: 93->0(204)
[2026-04-03T02:10:02.234+0600][76.690s][info][gc,heap        ] GC(494) Survivor regions: 3->1(17)
[2026-04-03T02:10:02.234+0600][76.690s][info][gc,heap        ] GC(494) Old regions: 306->256
[2026-04-03T02:10:02.235+0600][76.690s][info][gc,heap        ] GC(494) Humongous regions: 81->8
[2026-04-03T02:10:02.235+0600][76.690s][info][gc,metaspace   ] GC(494) Metaspace: 131666K(133120K)->131666K(133120K) NonClass: 115118K(115776K)->115118K(115776K) Class: 16547K(17344K)->16547K(17344K)
[2026-04-03T02:10:02.235+0600][76.690s][info][gc             ] GC(494) Pause Young (Mixed) (G1 Humongous Allocation) 478M->262M(500M) 2.815ms
[2026-04-03T02:10:02.235+0600][76.691s][info][gc,cpu         ] GC(494) User=0.01s Sys=0.00s Real=0.00s
[2026-04-03T02:10:02.484+0600][76.940s][info][gc,start       ] GC(495) Pause Young (Mixed) (G1 Evacuation Pause)
[2026-04-03T02:10:02.484+0600][76.940s][info][gc,task        ] GC(495) Using 10 workers of 10 for evacuation
[2026-04-03T02:10:02.487+0600][76.943s][info][gc,phases      ] GC(495)   Pre Evacuate Collection Set: 0.39ms
[2026-04-03T02:10:02.487+0600][76.943s][info][gc,phases      ] GC(495)   Merge Heap Roots: 0.15ms
[2026-04-03T02:10:02.487+0600][76.943s][info][gc,phases      ] GC(495)   Evacuate Collection Set: 1.04ms
[2026-04-03T02:10:02.487+0600][76.943s][info][gc,phases      ] GC(495)   Post Evacuate Collection Set: 1.59ms
[2026-04-03T02:10:02.487+0600][76.943s][info][gc,phases      ] GC(495)   Other: 0.08ms
[2026-04-03T02:10:02.487+0600][76.943s][info][gc,heap        ] GC(495) Eden regions: 141->0(129)
[2026-04-03T02:10:02.487+0600][76.943s][info][gc,heap        ] GC(495) Survivor regions: 1->0(0)
[2026-04-03T02:10:02.487+0600][76.943s][info][gc,heap        ] GC(495) Old regions: 256->338
[2026-04-03T02:10:02.487+0600][76.943s][info][gc,heap        ] GC(495) Humongous regions: 102->8
[2026-04-03T02:10:02.487+0600][76.943s][info][gc,metaspace   ] GC(495) Metaspace: 131669K(133120K)->131669K(133120K) NonClass: 115122K(115776K)->115122K(115776K) Class: 16547K(17344K)->16547K(17344K)
[2026-04-03T02:10:02.487+0600][76.943s][info][gc             ] GC(495) Pause Young (Mixed) (G1 Evacuation Pause) (Evacuation Failure) 497M->343M(500M) 3.461ms
[2026-04-03T02:10:02.487+0600][76.943s][info][gc,cpu         ] GC(495) User=0.03s Sys=0.00s Real=0.00s
[2026-04-03T02:10:02.671+0600][77.127s][info][gc,start       ] GC(496) Pause Young (Concurrent Start) (G1 Humongous Allocation)
[2026-04-03T02:10:02.672+0600][77.127s][info][gc,task        ] GC(496) Using 10 workers of 10 for evacuation
[2026-04-03T02:10:02.674+0600][77.130s][info][gc,phases      ] GC(496)   Pre Evacuate Collection Set: 0.31ms
[2026-04-03T02:10:02.674+0600][77.130s][info][gc,phases      ] GC(496)   Merge Heap Roots: 0.10ms
[2026-04-03T02:10:02.674+0600][77.130s][info][gc,phases      ] GC(496)   Evacuate Collection Set: 1.28ms
[2026-04-03T02:10:02.674+0600][77.130s][info][gc,phases      ] GC(496)   Post Evacuate Collection Set: 0.55ms
[2026-04-03T02:10:02.674+0600][77.130s][info][gc,phases      ] GC(496)   Other: 0.29ms
[2026-04-03T02:10:02.674+0600][77.130s][info][gc,heap        ] GC(496) Eden regions: 110->0(128)
[2026-04-03T02:10:02.674+0600][77.130s][info][gc,heap        ] GC(496) Survivor regions: 0->1(17)
[2026-04-03T02:10:02.674+0600][77.130s][info][gc,heap        ] GC(496) Old regions: 338->338
[2026-04-03T02:10:02.674+0600][77.130s][info][gc,heap        ] GC(496) Humongous regions: 8->8
[2026-04-03T02:10:02.674+0600][77.130s][info][gc,metaspace   ] GC(496) Metaspace: 131669K(133120K)->131669K(133120K) NonClass: 115122K(115776K)->115122K(115776K) Class: 16547K(17344K)->16547K(17344K)
[2026-04-03T02:10:02.674+0600][77.130s][info][gc             ] GC(496) Pause Young (Concurrent Start) (G1 Humongous Allocation) 453M->344M(500M) 2.741ms
[2026-04-03T02:10:02.674+0600][77.130s][info][gc,cpu         ] GC(496) User=0.01s Sys=0.00s Real=0.00s
[2026-04-03T02:10:02.674+0600][77.130s][info][gc             ] GC(497) Concurrent Mark Cycle
[2026-04-03T02:10:02.674+0600][77.130s][info][gc,marking     ] GC(497) Concurrent Scan Root Regions
[2026-04-03T02:10:02.676+0600][77.132s][info][gc,marking     ] GC(497) Concurrent Scan Root Regions 1.525ms
[2026-04-03T02:10:02.676+0600][77.132s][info][gc,marking     ] GC(497) Concurrent Mark
[2026-04-03T02:10:02.676+0600][77.132s][info][gc,marking     ] GC(497) Concurrent Mark From Roots
[2026-04-03T02:10:02.676+0600][77.132s][info][gc,task        ] GC(497) Using 3 workers of 3 for marking
[2026-04-03T02:10:02.783+0600][77.239s][info][gc,marking     ] GC(497) Concurrent Mark From Roots 107.460ms
[2026-04-03T02:10:02.783+0600][77.239s][info][gc,marking     ] GC(497) Concurrent Preclean
[2026-04-03T02:10:02.784+0600][77.240s][info][gc,marking     ] GC(497) Concurrent Preclean 0.917ms
[2026-04-03T02:10:02.785+0600][77.241s][info][gc,start       ] GC(497) Pause Remark
[2026-04-03T02:10:02.794+0600][77.250s][info][gc             ] GC(497) Pause Remark 472M->378M(500M) 9.343ms
[2026-04-03T02:10:02.794+0600][77.250s][info][gc,cpu         ] GC(497) User=0.07s Sys=0.00s Real=0.01s
[2026-04-03T02:10:02.795+0600][77.250s][info][gc,marking     ] GC(497) Concurrent Mark 118.615ms
[2026-04-03T02:10:02.795+0600][77.250s][info][gc,marking     ] GC(497) Concurrent Rebuild Remembered Sets and Scrub Regions
[2026-04-03T02:10:02.832+0600][77.288s][info][gc,marking     ] GC(497) Concurrent Rebuild Remembered Sets and Scrub Regions 37.561ms
[2026-04-03T02:10:02.833+0600][77.288s][info][gc,start       ] GC(497) Pause Cleanup
[2026-04-03T02:10:02.833+0600][77.289s][info][gc             ] GC(497) Pause Cleanup 408M->408M(500M) 0.531ms
[2026-04-03T02:10:02.833+0600][77.289s][info][gc,cpu         ] GC(497) User=0.00s Sys=0.00s Real=0.00s
[2026-04-03T02:10:02.833+0600][77.289s][info][gc,marking     ] GC(497) Concurrent Clear Claimed Marks
[2026-04-03T02:10:02.834+0600][77.290s][info][gc,marking     ] GC(497) Concurrent Clear Claimed Marks 0.347ms
[2026-04-03T02:10:02.834+0600][77.290s][info][gc,marking     ] GC(497) Concurrent Cleanup for Next Mark
[2026-04-03T02:10:02.834+0600][77.290s][info][gc,marking     ] GC(497) Concurrent Cleanup for Next Mark 0.744ms
[2026-04-03T02:10:02.834+0600][77.290s][info][gc             ] GC(497) Concurrent Mark Cycle 160.204ms
[2026-04-03T02:10:02.889+0600][77.345s][info][gc,start       ] GC(498) Pause Young (Prepare Mixed) (G1 Evacuation Pause)
[2026-04-03T02:10:02.890+0600][77.345s][info][gc,task        ] GC(498) Using 10 workers of 10 for evacuation
[2026-04-03T02:10:02.894+0600][77.349s][info][gc,phases      ] GC(498)   Pre Evacuate Collection Set: 0.79ms
[2026-04-03T02:10:02.894+0600][77.349s][info][gc,phases      ] GC(498)   Merge Heap Roots: 0.22ms
[2026-04-03T02:10:02.894+0600][77.349s][info][gc,phases      ] GC(498)   Evacuate Collection Set: 1.91ms
[2026-04-03T02:10:02.894+0600][77.350s][info][gc,phases      ] GC(498)   Post Evacuate Collection Set: 0.95ms
[2026-04-03T02:10:02.894+0600][77.350s][info][gc,phases      ] GC(498)   Other: 0.14ms
[2026-04-03T02:10:02.894+0600][77.350s][info][gc,heap        ] GC(498) Eden regions: 128->0(214)
[2026-04-03T02:10:02.894+0600][77.350s][info][gc,heap        ] GC(498) Survivor regions: 1->3(9)
[2026-04-03T02:10:02.894+0600][77.350s][info][gc,heap        ] GC(498) Old regions: 244->244
[2026-04-03T02:10:02.894+0600][77.350s][info][gc,heap        ] GC(498) Humongous regions: 118->8
[2026-04-03T02:10:02.894+0600][77.350s][info][gc,metaspace   ] GC(498) Metaspace: 131670K(133120K)->131670K(133120K) NonClass: 115122K(115776K)->115122K(115776K) Class: 16547K(17344K)->16547K(17344K)
[2026-04-03T02:10:02.894+0600][77.350s][info][gc             ] GC(498) Pause Young (Prepare Mixed) (G1 Evacuation Pause) 488M->252M(500M) 4.387ms
[2026-04-03T02:10:02.894+0600][77.350s][info][gc,cpu         ] GC(498) User=0.03s Sys=0.00s Real=0.01s
[2026-04-03T02:10:03.040+0600][77.496s][info][gc,start       ] GC(499) Pause Young (Mixed) (G1 Humongous Allocation)
[2026-04-03T02:10:03.041+0600][77.496s][info][gc,task        ] GC(499) Using 10 workers of 10 for evacuation
[2026-04-03T02:10:03.043+0600][77.499s][info][gc,phases      ] GC(499)   Pre Evacuate Collection Set: 0.47ms
[2026-04-03T02:10:03.043+0600][77.499s][info][gc,phases      ] GC(499)   Merge Heap Roots: 0.24ms
[2026-04-03T02:10:03.043+0600][77.499s][info][gc,phases      ] GC(499)   Evacuate Collection Set: 1.12ms
[2026-04-03T02:10:03.043+0600][77.499s][info][gc,phases      ] GC(499)   Post Evacuate Collection Set: 0.77ms
[2026-04-03T02:10:03.043+0600][77.499s][info][gc,phases      ] GC(499)   Other: 0.11ms
[2026-04-03T02:10:03.043+0600][77.499s][info][gc,heap        ] GC(499) Eden regions: 130->0(257)
[2026-04-03T02:10:03.043+0600][77.499s][info][gc,heap        ] GC(499) Survivor regions: 3->2(15)
[2026-04-03T02:10:03.043+0600][77.499s][info][gc,heap        ] GC(499) Old regions: 244->195
[2026-04-03T02:10:03.043+0600][77.499s][info][gc,heap        ] GC(499) Humongous regions: 108->8
[2026-04-03T02:10:03.043+0600][77.499s][info][gc,metaspace   ] GC(499) Metaspace: 131670K(133120K)->131670K(133120K) NonClass: 115122K(115776K)->115122K(115776K) Class: 16547K(17344K)->16547K(17344K)
[2026-04-03T02:10:03.043+0600][77.499s][info][gc             ] GC(499) Pause Young (Mixed) (G1 Humongous Allocation) 482M->201M(500M) 3.002ms
[2026-04-03T02:10:03.044+0600][77.499s][info][gc,cpu         ] GC(499) User=0.01s Sys=0.01s Real=0.00s
[2026-04-03T02:10:03.244+0600][77.700s][info][gc,start       ] GC(500) Pause Young (Mixed) (G1 Humongous Allocation)
[2026-04-03T02:10:03.244+0600][77.700s][info][gc,task        ] GC(500) Using 10 workers of 10 for evacuation
[2026-04-03T02:10:03.248+0600][77.704s][info][gc,phases      ] GC(500)   Pre Evacuate Collection Set: 0.39ms
[2026-04-03T02:10:03.248+0600][77.704s][info][gc,phases      ] GC(500)   Merge Heap Roots: 0.17ms
[2026-04-03T02:10:03.248+0600][77.704s][info][gc,phases      ] GC(500)   Evacuate Collection Set: 2.09ms
[2026-04-03T02:10:03.248+0600][77.704s][info][gc,phases      ] GC(500)   Post Evacuate Collection Set: 1.24ms
[2026-04-03T02:10:03.248+0600][77.704s][info][gc,phases      ] GC(500)   Other: 0.13ms
[2026-04-03T02:10:03.248+0600][77.704s][info][gc,heap        ] GC(500) Eden regions: 164->0(296)
[2026-04-03T02:10:03.248+0600][77.704s][info][gc,heap        ] GC(500) Survivor regions: 2->4(13)
[2026-04-03T02:10:03.248+0600][77.704s][info][gc,heap        ] GC(500) Old regions: 195->145
[2026-04-03T02:10:03.248+0600][77.704s][info][gc,heap        ] GC(500) Humongous regions: 126->8
[2026-04-03T02:10:03.248+0600][77.704s][info][gc,metaspace   ] GC(500) Metaspace: 131670K(133120K)->131670K(133120K) NonClass: 115122K(115776K)->115122K(115776K) Class: 16547K(17344K)->16547K(17344K)
[2026-04-03T02:10:03.248+0600][77.704s][info][gc             ] GC(500) Pause Young (Mixed) (G1 Humongous Allocation) 483M->153M(500M) 4.351ms
[2026-04-03T02:10:03.248+0600][77.704s][info][gc,cpu         ] GC(500) User=0.03s Sys=0.00s Real=0.00s
[2026-04-03T02:10:03.539+0600][77.995s][info][gc,start       ] GC(501) Pause Young (Mixed) (G1 Humongous Allocation)
[2026-04-03T02:10:03.539+0600][77.995s][info][gc,task        ] GC(501) Using 10 workers of 10 for evacuation
[2026-04-03T02:10:03.541+0600][77.997s][info][gc,phases      ] GC(501)   Pre Evacuate Collection Set: 0.49ms
[2026-04-03T02:10:03.542+0600][77.997s][info][gc,phases      ] GC(501)   Merge Heap Roots: 0.15ms
[2026-04-03T02:10:03.542+0600][77.997s][info][gc,phases      ] GC(501)   Evacuate Collection Set: 1.21ms
[2026-04-03T02:10:03.542+0600][77.997s][info][gc,phases      ] GC(501)   Post Evacuate Collection Set: 0.81ms
[2026-04-03T02:10:03.542+0600][77.997s][info][gc,phases      ] GC(501)   Other: 0.08ms
[2026-04-03T02:10:03.542+0600][77.997s][info][gc,heap        ] GC(501) Eden regions: 200->0(296)
[2026-04-03T02:10:03.542+0600][77.997s][info][gc,heap        ] GC(501) Survivor regions: 4->4(7)
[2026-04-03T02:10:03.542+0600][77.997s][info][gc,heap        ] GC(501) Old regions: 145->111
[2026-04-03T02:10:03.542+0600][77.997s][info][gc,heap        ] GC(501) Humongous regions: 144->8
[2026-04-03T02:10:03.542+0600][77.997s][info][gc,metaspace   ] GC(501) Metaspace: 131670K(133120K)->131670K(133120K) NonClass: 115122K(115776K)->115122K(115776K) Class: 16547K(17344K)->16547K(17344K)
[2026-04-03T02:10:03.542+0600][77.998s][info][gc             ] GC(501) Pause Young (Mixed) (G1 Humongous Allocation) 489M->119M(500M) 2.954ms
[2026-04-03T02:10:03.542+0600][77.998s][info][gc,cpu         ] GC(501) User=0.02s Sys=0.00s Real=0.01s
[2026-04-03T02:10:03.545+0600][78.001s][info][gc,start       ] GC(502) Pause Young (Concurrent Start) (G1 Humongous Allocation)
[2026-04-03T02:10:03.545+0600][78.001s][info][gc,task        ] GC(502) Using 10 workers of 10 for evacuation
[2026-04-03T02:10:03.547+0600][78.003s][info][gc,phases      ] GC(502)   Pre Evacuate Collection Set: 0.46ms
[2026-04-03T02:10:03.547+0600][78.003s][info][gc,phases      ] GC(502)   Merge Heap Roots: 0.07ms
[2026-04-03T02:10:03.547+0600][78.003s][info][gc,phases      ] GC(502)   Evacuate Collection Set: 1.35ms
[2026-04-03T02:10:03.547+0600][78.003s][info][gc,phases      ] GC(502)   Post Evacuate Collection Set: 0.46ms
[2026-04-03T02:10:03.547+0600][78.003s][info][gc,phases      ] GC(502)   Other: 0.09ms
[2026-04-03T02:10:03.548+0600][78.003s][info][gc,heap        ] GC(502) Eden regions: 2->0(284)
[2026-04-03T02:10:03.548+0600][78.003s][info][gc,heap        ] GC(502) Survivor regions: 4->4(38)
[2026-04-03T02:10:03.548+0600][78.003s][info][gc,heap        ] GC(502) Old regions: 111->111
[2026-04-03T02:10:03.548+0600][78.003s][info][gc,heap        ] GC(502) Humongous regions: 13->8
[2026-04-03T02:10:03.548+0600][78.003s][info][gc,metaspace   ] GC(502) Metaspace: 131670K(133120K)->131670K(133120K) NonClass: 115122K(115776K)->115122K(115776K) Class: 16547K(17344K)->16547K(17344K)
[2026-04-03T02:10:03.548+0600][78.003s][info][gc             ] GC(502) Pause Young (Concurrent Start) (G1 Humongous Allocation) 126M->119M(500M) 2.641ms
[2026-04-03T02:10:03.548+0600][78.003s][info][gc             ] GC(503) Concurrent Mark Cycle
[2026-04-03T02:10:03.548+0600][78.004s][info][gc,marking     ] GC(503) Concurrent Scan Root Regions
[2026-04-03T02:10:03.548+0600][78.004s][info][gc,cpu         ] GC(502) User=0.02s Sys=0.00s Real=0.00s
[2026-04-03T02:10:03.549+0600][78.005s][info][gc,marking     ] GC(503) Concurrent Scan Root Regions 1.349ms
[2026-04-03T02:10:03.549+0600][78.005s][info][gc,marking     ] GC(503) Concurrent Mark
[2026-04-03T02:10:03.549+0600][78.005s][info][gc,marking     ] GC(503) Concurrent Mark From Roots
[2026-04-03T02:10:03.549+0600][78.005s][info][gc,task        ] GC(503) Using 3 workers of 3 for marking
[2026-04-03T02:10:03.669+0600][78.125s][info][gc,marking     ] GC(503) Concurrent Mark From Roots 120.291ms
[2026-04-03T02:10:03.669+0600][78.125s][info][gc,marking     ] GC(503) Concurrent Preclean
[2026-04-03T02:10:03.670+0600][78.126s][info][gc,marking     ] GC(503) Concurrent Preclean 0.594ms
[2026-04-03T02:10:03.670+0600][78.126s][info][gc,start       ] GC(503) Pause Remark
[2026-04-03T02:10:03.679+0600][78.135s][info][gc             ] GC(503) Pause Remark 235M->235M(500M) 8.986ms
[2026-04-03T02:10:03.680+0600][78.135s][info][gc,cpu         ] GC(503) User=0.07s Sys=0.00s Real=0.00s
[2026-04-03T02:10:03.680+0600][78.136s][info][gc,marking     ] GC(503) Concurrent Mark 130.740ms
[2026-04-03T02:10:03.680+0600][78.136s][info][gc,marking     ] GC(503) Concurrent Rebuild Remembered Sets and Scrub Regions
[2026-04-03T02:10:03.725+0600][78.181s][info][gc,marking     ] GC(503) Concurrent Rebuild Remembered Sets and Scrub Regions 45.481ms
[2026-04-03T02:10:03.726+0600][78.182s][info][gc,start       ] GC(503) Pause Cleanup
[2026-04-03T02:10:03.726+0600][78.182s][info][gc             ] GC(503) Pause Cleanup 290M->290M(500M) 0.465ms
[2026-04-03T02:10:03.726+0600][78.182s][info][gc,cpu         ] GC(503) User=0.00s Sys=0.00s Real=0.00s
[2026-04-03T02:10:03.727+0600][78.182s][info][gc,marking     ] GC(503) Concurrent Clear Claimed Marks
[2026-04-03T02:10:03.727+0600][78.183s][info][gc,marking     ] GC(503) Concurrent Clear Claimed Marks 0.383ms
[2026-04-03T02:10:03.727+0600][78.183s][info][gc,marking     ] GC(503) Concurrent Cleanup for Next Mark
[2026-04-03T02:10:03.728+0600][78.183s][info][gc,marking     ] GC(503) Concurrent Cleanup for Next Mark 0.647ms
[2026-04-03T02:10:03.728+0600][78.184s][info][gc             ] GC(503) Concurrent Mark Cycle 180.041ms
[2026-04-03T02:10:03.908+0600][78.363s][info][gc,start       ] GC(504) Pause Young (Prepare Mixed) (G1 Evacuation Pause)
[2026-04-03T02:10:03.908+0600][78.364s][info][gc,task        ] GC(504) Using 10 workers of 10 for evacuation
[2026-04-03T02:10:03.911+0600][78.367s][info][gc,phases      ] GC(504)   Pre Evacuate Collection Set: 0.32ms
[2026-04-03T02:10:03.911+0600][78.367s][info][gc,phases      ] GC(504)   Merge Heap Roots: 0.19ms
[2026-04-03T02:10:03.911+0600][78.367s][info][gc,phases      ] GC(504)   Evacuate Collection Set: 1.73ms
[2026-04-03T02:10:03.911+0600][78.367s][info][gc,phases      ] GC(504)   Post Evacuate Collection Set: 1.39ms
[2026-04-03T02:10:03.912+0600][78.367s][info][gc,phases      ] GC(504)   Other: 0.09ms
[2026-04-03T02:10:03.912+0600][78.367s][info][gc,heap        ] GC(504) Eden regions: 269->0(252)
[2026-04-03T02:10:03.912+0600][78.367s][info][gc,heap        ] GC(504) Survivor regions: 4->0(0)
[2026-04-03T02:10:03.912+0600][78.367s][info][gc,heap        ] GC(504) Old regions: 111->176
[2026-04-03T02:10:03.912+0600][78.367s][info][gc,heap        ] GC(504) Humongous regions: 116->8
[2026-04-03T02:10:03.912+0600][78.367s][info][gc,metaspace   ] GC(504) Metaspace: 131676K(133120K)->131676K(133120K) NonClass: 115129K(115776K)->115129K(115776K) Class: 16547K(17344K)->16547K(17344K)
[2026-04-03T02:10:03.912+0600][78.367s][info][gc             ] GC(504) Pause Young (Prepare Mixed) (G1 Evacuation Pause) (Evacuation Failure) 496M->181M(500M) 3.968ms
[2026-04-03T02:10:03.912+0600][78.368s][info][gc,cpu         ] GC(504) User=0.03s Sys=0.00s Real=0.01s
[2026-04-03T02:10:03.932+0600][78.388s][info][gc,start       ] GC(505) Pause Young (Mixed) (G1 Humongous Allocation)
[2026-04-03T02:10:03.932+0600][78.388s][info][gc,task        ] GC(505) Using 10 workers of 10 for evacuation
[2026-04-03T02:10:03.935+0600][78.391s][info][gc,phases      ] GC(505)   Pre Evacuate Collection Set: 0.46ms
[2026-04-03T02:10:03.935+0600][78.391s][info][gc,phases      ] GC(505)   Merge Heap Roots: 0.18ms
[2026-04-03T02:10:03.935+0600][78.391s][info][gc,phases      ] GC(505)   Evacuate Collection Set: 1.43ms
[2026-04-03T02:10:03.935+0600][78.391s][info][gc,phases      ] GC(505)   Post Evacuate Collection Set: 0.81ms
[2026-04-03T02:10:03.935+0600][78.391s][info][gc,phases      ] GC(505)   Other: 0.11ms
[2026-04-03T02:10:03.935+0600][78.391s][info][gc,heap        ] GC(505) Eden regions: 22->0(243)
[2026-04-03T02:10:03.935+0600][78.391s][info][gc,heap        ] GC(505) Survivor regions: 0->4(32)
[2026-04-03T02:10:03.935+0600][78.391s][info][gc,heap        ] GC(505) Old regions: 176->172
[2026-04-03T02:10:03.935+0600][78.391s][info][gc,heap        ] GC(505) Humongous regions: 223->18
[2026-04-03T02:10:03.935+0600][78.391s][info][gc,metaspace   ] GC(505) Metaspace: 131676K(133120K)->131676K(133120K) NonClass: 115129K(115776K)->115129K(115776K) Class: 16547K(17344K)->16547K(17344K)
[2026-04-03T02:10:03.935+0600][78.391s][info][gc             ] GC(505) Pause Young (Mixed) (G1 Humongous Allocation) 417M->190M(500M) 3.379ms
[2026-04-03T02:10:03.936+0600][78.391s][info][gc,cpu         ] GC(505) User=0.02s Sys=0.00s Real=0.00s
[2026-04-03T02:10:03.937+0600][78.393s][info][gc,start       ] GC(506) Pause Young (Concurrent Start) (G1 Humongous Allocation)
[2026-04-03T02:10:03.937+0600][78.393s][info][gc,task        ] GC(506) Using 10 workers of 10 for evacuation
[2026-04-03T02:10:03.940+0600][78.396s][info][gc,phases      ] GC(506)   Pre Evacuate Collection Set: 0.42ms
[2026-04-03T02:10:03.940+0600][78.396s][info][gc,phases      ] GC(506)   Merge Heap Roots: 0.07ms
[2026-04-03T02:10:03.940+0600][78.396s][info][gc,phases      ] GC(506)   Evacuate Collection Set: 1.93ms
[2026-04-03T02:10:03.940+0600][78.396s][info][gc,phases      ] GC(506)   Post Evacuate Collection Set: 0.86ms
[2026-04-03T02:10:03.940+0600][78.396s][info][gc,phases      ] GC(506)   Other: 0.13ms
[2026-04-03T02:10:03.940+0600][78.396s][info][gc,heap        ] GC(506) Eden regions: 2->0(225)
[2026-04-03T02:10:03.941+0600][78.396s][info][gc,heap        ] GC(506) Survivor regions: 4->4(31)
[2026-04-03T02:10:03.941+0600][78.396s][info][gc,heap        ] GC(506) Old regions: 172->172
[2026-04-03T02:10:03.941+0600][78.396s][info][gc,heap        ] GC(506) Humongous regions: 23->8
[2026-04-03T02:10:03.941+0600][78.396s][info][gc,metaspace   ] GC(506) Metaspace: 131676K(133120K)->131676K(133120K) NonClass: 115129K(115776K)->115129K(115776K) Class: 16547K(17344K)->16547K(17344K)
[2026-04-03T02:10:03.941+0600][78.396s][info][gc             ] GC(506) Pause Young (Concurrent Start) (G1 Humongous Allocation) 197M->179M(500M) 3.692ms
[2026-04-03T02:10:03.941+0600][78.397s][info][gc             ] GC(507) Concurrent Mark Cycle
[2026-04-03T02:10:03.941+0600][78.397s][info][gc,marking     ] GC(507) Concurrent Scan Root Regions
[2026-04-03T02:10:03.941+0600][78.397s][info][gc,cpu         ] GC(506) User=0.02s Sys=0.00s Real=0.01s
[2026-04-03T02:10:03.942+0600][78.398s][info][gc,marking     ] GC(507) Concurrent Scan Root Regions 1.400ms
[2026-04-03T02:10:03.942+0600][78.398s][info][gc,marking     ] GC(507) Concurrent Mark
[2026-04-03T02:10:03.942+0600][78.398s][info][gc,marking     ] GC(507) Concurrent Mark From Roots
[2026-04-03T02:10:03.942+0600][78.398s][info][gc,task        ] GC(507) Using 3 workers of 3 for marking
[2026-04-03T02:10:04.026+0600][78.482s][info][gc,start       ] GC(508) Pause Young (Normal) (G1 Humongous Allocation)
[2026-04-03T02:10:04.026+0600][78.482s][info][gc,task        ] GC(508) Using 10 workers of 10 for evacuation
[2026-04-03T02:10:04.030+0600][78.486s][info][gc,phases      ] GC(508)   Pre Evacuate Collection Set: 0.51ms
[2026-04-03T02:10:04.030+0600][78.486s][info][gc,phases      ] GC(508)   Merge Heap Roots: 0.14ms
[2026-04-03T02:10:04.030+0600][78.486s][info][gc,phases      ] GC(508)   Evacuate Collection Set: 1.31ms
[2026-04-03T02:10:04.030+0600][78.486s][info][gc,phases      ] GC(508)   Post Evacuate Collection Set: 1.14ms
[2026-04-03T02:10:04.030+0600][78.486s][info][gc,phases      ] GC(508)   Other: 0.10ms
[2026-04-03T02:10:04.030+0600][78.486s][info][gc,heap        ] GC(508) Eden regions: 52->0(220)
[2026-04-03T02:10:04.030+0600][78.486s][info][gc,heap        ] GC(508) Survivor regions: 4->4(29)
[2026-04-03T02:10:04.030+0600][78.486s][info][gc,heap        ] GC(508) Old regions: 172->172
[2026-04-03T02:10:04.030+0600][78.486s][info][gc,heap        ] GC(508) Humongous regions: 232->18
[2026-04-03T02:10:04.030+0600][78.486s][info][gc,metaspace   ] GC(508) Metaspace: 131676K(133120K)->131676K(133120K) NonClass: 115129K(115776K)->115129K(115776K) Class: 16547K(17344K)->16547K(17344K)
[2026-04-03T02:10:04.030+0600][78.486s][info][gc             ] GC(508) Pause Young (Normal) (G1 Humongous Allocation) 455M->190M(500M) 3.620ms
[2026-04-03T02:10:04.030+0600][78.486s][info][gc,cpu         ] GC(508) User=0.01s Sys=0.01s Real=0.01s
[2026-04-03T02:10:04.046+0600][78.502s][info][gc,marking     ] GC(507) Concurrent Mark From Roots 103.335ms
[2026-04-03T02:10:04.046+0600][78.502s][info][gc,marking     ] GC(507) Concurrent Preclean
[2026-04-03T02:10:04.046+0600][78.502s][info][gc,start       ] GC(509) Pause Young (Normal) (G1 Humongous Allocation)
[2026-04-03T02:10:04.046+0600][78.502s][info][gc,task        ] GC(509) Using 10 workers of 10 for evacuation
[2026-04-03T02:10:04.049+0600][78.505s][info][gc,phases      ] GC(509)   Pre Evacuate Collection Set: 0.47ms
[2026-04-03T02:10:04.049+0600][78.505s][info][gc,phases      ] GC(509)   Merge Heap Roots: 0.29ms
[2026-04-03T02:10:04.049+0600][78.505s][info][gc,phases      ] GC(509)   Evacuate Collection Set: 1.19ms
[2026-04-03T02:10:04.050+0600][78.505s][info][gc,phases      ] GC(509)   Post Evacuate Collection Set: 0.89ms
[2026-04-03T02:10:04.050+0600][78.505s][info][gc,phases      ] GC(509)   Other: 0.14ms
[2026-04-03T02:10:04.050+0600][78.505s][info][gc,heap        ] GC(509) Eden regions: 13->0(227)
[2026-04-03T02:10:04.050+0600][78.505s][info][gc,heap        ] GC(509) Survivor regions: 4->4(28)
[2026-04-03T02:10:04.050+0600][78.505s][info][gc,heap        ] GC(509) Old regions: 172->172
[2026-04-03T02:10:04.050+0600][78.505s][info][gc,heap        ] GC(509) Humongous regions: 240->8
[2026-04-03T02:10:04.050+0600][78.505s][info][gc,metaspace   ] GC(509) Metaspace: 131676K(133120K)->131676K(133120K) NonClass: 115129K(115776K)->115129K(115776K) Class: 16547K(17344K)->16547K(17344K)
[2026-04-03T02:10:04.050+0600][78.506s][info][gc             ] GC(509) Pause Young (Normal) (G1 Humongous Allocation) 424M->180M(500M) 3.318ms
[2026-04-03T02:10:04.050+0600][78.506s][info][gc,cpu         ] GC(509) User=0.02s Sys=0.00s Real=0.01s
[2026-04-03T02:10:04.050+0600][78.506s][info][gc,marking     ] GC(507) Concurrent Preclean 4.687ms
[2026-04-03T02:10:04.051+0600][78.507s][info][gc,start       ] GC(507) Pause Remark
[2026-04-03T02:10:04.059+0600][78.515s][info][gc             ] GC(507) Pause Remark 186M->183M(500M) 8.086ms
[2026-04-03T02:10:04.060+0600][78.515s][info][gc,cpu         ] GC(507) User=0.06s Sys=0.00s Real=0.00s
[2026-04-03T02:10:04.060+0600][78.516s][info][gc,marking     ] GC(507) Concurrent Mark 117.330ms
[2026-04-03T02:10:04.060+0600][78.516s][info][gc,marking     ] GC(507) Concurrent Rebuild Remembered Sets and Scrub Regions
[2026-04-03T02:10:04.101+0600][78.557s][info][gc,marking     ] GC(507) Concurrent Rebuild Remembered Sets and Scrub Regions 40.895ms
[2026-04-03T02:10:04.101+0600][78.557s][info][gc,start       ] GC(507) Pause Cleanup
[2026-04-03T02:10:04.102+0600][78.557s][info][gc             ] GC(507) Pause Cleanup 257M->257M(500M) 0.522ms
[2026-04-03T02:10:04.102+0600][78.558s][info][gc,cpu         ] GC(507) User=0.00s Sys=0.00s Real=0.00s
[2026-04-03T02:10:04.102+0600][78.558s][info][gc,marking     ] GC(507) Concurrent Clear Claimed Marks
[2026-04-03T02:10:04.102+0600][78.558s][info][gc,marking     ] GC(507) Concurrent Clear Claimed Marks 0.345ms
[2026-04-03T02:10:04.102+0600][78.558s][info][gc,marking     ] GC(507) Concurrent Cleanup for Next Mark
[2026-04-03T02:10:04.103+0600][78.559s][info][gc,marking     ] GC(507) Concurrent Cleanup for Next Mark 0.882ms
[2026-04-03T02:10:04.103+0600][78.559s][info][gc             ] GC(507) Concurrent Mark Cycle 162.466ms
[2026-04-03T02:10:04.413+0600][78.869s][info][gc,start       ] GC(510) Pause Young (Prepare Mixed) (G1 Evacuation Pause)
[2026-04-03T02:10:04.413+0600][78.869s][info][gc,task        ] GC(510) Using 10 workers of 10 for evacuation
[2026-04-03T02:10:04.416+0600][78.872s][info][gc,phases      ] GC(510)   Pre Evacuate Collection Set: 0.23ms
[2026-04-03T02:10:04.416+0600][78.872s][info][gc,phases      ] GC(510)   Merge Heap Roots: 0.14ms
[2026-04-03T02:10:04.416+0600][78.872s][info][gc,phases      ] GC(510)   Evacuate Collection Set: 0.98ms
[2026-04-03T02:10:04.416+0600][78.872s][info][gc,phases      ] GC(510)   Post Evacuate Collection Set: 1.58ms
[2026-04-03T02:10:04.416+0600][78.872s][info][gc,phases      ] GC(510)   Other: 0.09ms
[2026-04-03T02:10:04.416+0600][78.872s][info][gc,heap        ] GC(510) Eden regions: 209->0(138)
[2026-04-03T02:10:04.416+0600][78.872s][info][gc,heap        ] GC(510) Survivor regions: 4->0(0)
[2026-04-03T02:10:04.416+0600][78.872s][info][gc,heap        ] GC(510) Old regions: 169->313
[2026-04-03T02:10:04.416+0600][78.872s][info][gc,heap        ] GC(510) Humongous regions: 118->8
[2026-04-03T02:10:04.416+0600][78.872s][info][gc,metaspace   ] GC(510) Metaspace: 131682K(133184K)->131682K(133184K) NonClass: 115135K(115840K)->115135K(115840K) Class: 16547K(17344K)->16547K(17344K)
[2026-04-03T02:10:04.416+0600][78.872s][info][gc             ] GC(510) Pause Young (Prepare Mixed) (G1 Evacuation Pause) (Evacuation Failure) 495M->318M(500M) 3.218ms
[2026-04-03T02:10:04.416+0600][78.872s][info][gc,cpu         ] GC(510) User=0.02s Sys=0.00s Real=0.00s
[2026-04-03T02:10:04.564+0600][79.020s][info][gc,start       ] GC(511) Pause Young (Mixed) (G1 Humongous Allocation)
[2026-04-03T02:10:04.564+0600][79.020s][info][gc,task        ] GC(511) Using 10 workers of 10 for evacuation
[2026-04-03T02:10:04.567+0600][79.023s][info][gc,phases      ] GC(511)   Pre Evacuate Collection Set: 0.34ms
[2026-04-03T02:10:04.567+0600][79.023s][info][gc,phases      ] GC(511)   Merge Heap Roots: 0.19ms
[2026-04-03T02:10:04.567+0600][79.023s][info][gc,phases      ] GC(511)   Evacuate Collection Set: 1.28ms
[2026-04-03T02:10:04.567+0600][79.023s][info][gc,phases      ] GC(511)   Post Evacuate Collection Set: 0.56ms
[2026-04-03T02:10:04.567+0600][79.023s][info][gc,phases      ] GC(511)   Other: 0.15ms
[2026-04-03T02:10:04.567+0600][79.023s][info][gc,heap        ] GC(511) Eden regions: 112->0(179)
[2026-04-03T02:10:04.567+0600][79.023s][info][gc,heap        ] GC(511) Survivor regions: 0->1(4)
[2026-04-03T02:10:04.567+0600][79.023s][info][gc,heap        ] GC(511) Old regions: 313->264
[2026-04-03T02:10:04.567+0600][79.023s][info][gc,heap        ] GC(511) Humongous regions: 71->8
[2026-04-03T02:10:04.567+0600][79.023s][info][gc,metaspace   ] GC(511) Metaspace: 131682K(133184K)->131682K(133184K) NonClass: 115135K(115840K)->115135K(115840K) Class: 16547K(17344K)->16547K(17344K)
[2026-04-03T02:10:04.567+0600][79.023s][info][gc             ] GC(511) Pause Young (Mixed) (G1 Humongous Allocation) 493M->269M(500M) 2.859ms
[2026-04-03T02:10:04.567+0600][79.023s][info][gc,cpu         ] GC(511) User=0.02s Sys=0.00s Real=0.00s
[2026-04-03T02:10:04.707+0600][79.163s][info][gc,start       ] GC(512) Pause Young (Mixed) (G1 Humongous Allocation)
[2026-04-03T02:10:04.707+0600][79.163s][info][gc,task        ] GC(512) Using 10 workers of 10 for evacuation
[2026-04-03T02:10:04.711+0600][79.167s][info][gc,phases      ] GC(512)   Pre Evacuate Collection Set: 0.57ms
[2026-04-03T02:10:04.711+0600][79.167s][info][gc,phases      ] GC(512)   Merge Heap Roots: 0.18ms
[2026-04-03T02:10:04.711+0600][79.167s][info][gc,phases      ] GC(512)   Evacuate Collection Set: 1.88ms
[2026-04-03T02:10:04.711+0600][79.167s][info][gc,phases      ] GC(512)   Post Evacuate Collection Set: 0.71ms
[2026-04-03T02:10:04.711+0600][79.167s][info][gc,phases      ] GC(512)   Other: 0.15ms
[2026-04-03T02:10:04.711+0600][79.167s][info][gc,heap        ] GC(512) Eden regions: 130->0(189)
[2026-04-03T02:10:04.711+0600][79.167s][info][gc,heap        ] GC(512) Survivor regions: 1->2(2)
[2026-04-03T02:10:04.711+0600][79.167s][info][gc,heap        ] GC(512) Old regions: 264->256
[2026-04-03T02:10:04.711+0600][79.167s][info][gc,heap        ] GC(512) Humongous regions: 103->8
[2026-04-03T02:10:04.711+0600][79.167s][info][gc,metaspace   ] GC(512) Metaspace: 131682K(133184K)->131682K(133184K) NonClass: 115135K(115840K)->115135K(115840K) Class: 16547K(17344K)->16547K(17344K)
[2026-04-03T02:10:04.711+0600][79.167s][info][gc             ] GC(512) Pause Young (Mixed) (G1 Humongous Allocation) 494M->263M(500M) 3.872ms
[2026-04-03T02:10:04.711+0600][79.167s][info][gc,cpu         ] GC(512) User=0.02s Sys=0.00s Real=0.01s
[2026-04-03T02:10:04.712+0600][79.168s][info][gc,start       ] GC(513) Pause Young (Concurrent Start) (G1 Humongous Allocation)
[2026-04-03T02:10:04.712+0600][79.168s][info][gc,task        ] GC(513) Using 10 workers of 10 for evacuation
[2026-04-03T02:10:04.716+0600][79.172s][info][gc,phases      ] GC(513)   Pre Evacuate Collection Set: 0.54ms
[2026-04-03T02:10:04.716+0600][79.172s][info][gc,phases      ] GC(513)   Merge Heap Roots: 0.14ms
[2026-04-03T02:10:04.716+0600][79.172s][info][gc,phases      ] GC(513)   Evacuate Collection Set: 2.20ms
[2026-04-03T02:10:04.716+0600][79.172s][info][gc,phases      ] GC(513)   Post Evacuate Collection Set: 0.76ms
[2026-04-03T02:10:04.716+0600][79.172s][info][gc,phases      ] GC(513)   Other: 0.18ms
[2026-04-03T02:10:04.716+0600][79.172s][info][gc,heap        ] GC(513) Eden regions: 2->0(170)
[2026-04-03T02:10:04.716+0600][79.172s][info][gc,heap        ] GC(513) Survivor regions: 2->2(24)
[2026-04-03T02:10:04.716+0600][79.172s][info][gc,heap        ] GC(513) Old regions: 256->256
[2026-04-03T02:10:04.716+0600][79.172s][info][gc,heap        ] GC(513) Humongous regions: 10->8
[2026-04-03T02:10:04.716+0600][79.172s][info][gc,metaspace   ] GC(513) Metaspace: 131682K(133184K)->131682K(133184K) NonClass: 115135K(115840K)->115135K(115840K) Class: 16547K(17344K)->16547K(17344K)
[2026-04-03T02:10:04.716+0600][79.172s][info][gc             ] GC(513) Pause Young (Concurrent Start) (G1 Humongous Allocation) 267M->263M(500M) 4.071ms
[2026-04-03T02:10:04.716+0600][79.172s][info][gc             ] GC(514) Concurrent Mark Cycle
[2026-04-03T02:10:04.716+0600][79.172s][info][gc,marking     ] GC(514) Concurrent Scan Root Regions
[2026-04-03T02:10:04.716+0600][79.172s][info][gc,cpu         ] GC(513) User=0.02s Sys=0.00s Real=0.00s
[2026-04-03T02:10:04.719+0600][79.175s][info][gc,marking     ] GC(514) Concurrent Scan Root Regions 3.070ms
[2026-04-03T02:10:04.719+0600][79.175s][info][gc,marking     ] GC(514) Concurrent Mark
[2026-04-03T02:10:04.719+0600][79.175s][info][gc,marking     ] GC(514) Concurrent Mark From Roots
[2026-04-03T02:10:04.719+0600][79.175s][info][gc,task        ] GC(514) Using 3 workers of 3 for marking
[2026-04-03T02:10:04.843+0600][79.298s][info][gc,marking     ] GC(514) Concurrent Mark From Roots 123.228ms
[2026-04-03T02:10:04.843+0600][79.299s][info][gc,marking     ] GC(514) Concurrent Preclean
[2026-04-03T02:10:04.843+0600][79.299s][info][gc,marking     ] GC(514) Concurrent Preclean 0.743ms
[2026-04-03T02:10:04.844+0600][79.300s][info][gc,start       ] GC(514) Pause Remark
[2026-04-03T02:10:04.854+0600][79.310s][info][gc             ] GC(514) Pause Remark 385M->375M(500M) 9.852ms
[2026-04-03T02:10:04.854+0600][79.310s][info][gc,cpu         ] GC(514) User=0.07s Sys=0.00s Real=0.01s
[2026-04-03T02:10:04.854+0600][79.310s][info][gc,marking     ] GC(514) Concurrent Mark 134.922ms
[2026-04-03T02:10:04.854+0600][79.310s][info][gc,marking     ] GC(514) Concurrent Rebuild Remembered Sets and Scrub Regions
[2026-04-03T02:10:04.896+0600][79.352s][info][gc,marking     ] GC(514) Concurrent Rebuild Remembered Sets and Scrub Regions 41.793ms
[2026-04-03T02:10:04.897+0600][79.352s][info][gc,start       ] GC(514) Pause Cleanup
[2026-04-03T02:10:04.897+0600][79.353s][info][gc             ] GC(514) Pause Cleanup 421M->421M(500M) 0.613ms
[2026-04-03T02:10:04.897+0600][79.353s][info][gc,cpu         ] GC(514) User=0.00s Sys=0.00s Real=0.00s
[2026-04-03T02:10:04.897+0600][79.353s][info][gc,marking     ] GC(514) Concurrent Clear Claimed Marks
[2026-04-03T02:10:04.898+0600][79.354s][info][gc,marking     ] GC(514) Concurrent Clear Claimed Marks 0.396ms
[2026-04-03T02:10:04.898+0600][79.354s][info][gc,marking     ] GC(514) Concurrent Cleanup for Next Mark
[2026-04-03T02:10:04.899+0600][79.355s][info][gc,marking     ] GC(514) Concurrent Cleanup for Next Mark 1.208ms
[2026-04-03T02:10:04.899+0600][79.355s][info][gc             ] GC(514) Concurrent Mark Cycle 183.234ms
[2026-04-03T02:10:04.945+0600][79.400s][info][gc,start       ] GC(515) Pause Young (Prepare Mixed) (G1 Humongous Allocation)
[2026-04-03T02:10:04.945+0600][79.401s][info][gc,task        ] GC(515) Using 10 workers of 10 for evacuation
[2026-04-03T02:10:04.948+0600][79.404s][info][gc,phases      ] GC(515)   Pre Evacuate Collection Set: 0.42ms
[2026-04-03T02:10:04.949+0600][79.404s][info][gc,phases      ] GC(515)   Merge Heap Roots: 0.21ms
[2026-04-03T02:10:04.949+0600][79.404s][info][gc,phases      ] GC(515)   Evacuate Collection Set: 2.33ms
[2026-04-03T02:10:04.949+0600][79.404s][info][gc,phases      ] GC(515)   Post Evacuate Collection Set: 0.67ms
[2026-04-03T02:10:04.949+0600][79.404s][info][gc,phases      ] GC(515)   Other: 0.11ms
[2026-04-03T02:10:04.949+0600][79.404s][info][gc,heap        ] GC(515) Eden regions: 133->0(186)
[2026-04-03T02:10:04.949+0600][79.404s][info][gc,heap        ] GC(515) Survivor regions: 2->3(4)
[2026-04-03T02:10:04.949+0600][79.404s][info][gc,heap        ] GC(515) Old regions: 246->246
[2026-04-03T02:10:04.949+0600][79.405s][info][gc,heap        ] GC(515) Humongous regions: 115->8
[2026-04-03T02:10:04.949+0600][79.405s][info][gc,metaspace   ] GC(515) Metaspace: 131683K(133184K)->131683K(133184K) NonClass: 115136K(115840K)->115136K(115840K) Class: 16547K(17344K)->16547K(17344K)
[2026-04-03T02:10:04.949+0600][79.405s][info][gc             ] GC(515) Pause Young (Prepare Mixed) (G1 Humongous Allocation) 492M->253M(500M) 4.074ms
[2026-04-03T02:10:04.949+0600][79.405s][info][gc,cpu         ] GC(515) User=0.03s Sys=0.00s Real=0.00s
[2026-04-03T02:10:05.111+0600][79.567s][info][gc,start       ] GC(516) Pause Young (Mixed) (GCLocker Initiated GC)
[2026-04-03T02:10:05.111+0600][79.567s][info][gc,task        ] GC(516) Using 10 workers of 10 for evacuation
[2026-04-03T02:10:05.117+0600][79.573s][info][gc,phases      ] GC(516)   Pre Evacuate Collection Set: 0.55ms
[2026-04-03T02:10:05.117+0600][79.573s][info][gc,phases      ] GC(516)   Merge Heap Roots: 0.27ms
[2026-04-03T02:10:05.117+0600][79.573s][info][gc,phases      ] GC(516)   Evacuate Collection Set: 2.49ms
[2026-04-03T02:10:05.117+0600][79.573s][info][gc,phases      ] GC(516)   Post Evacuate Collection Set: 2.33ms
[2026-04-03T02:10:05.117+0600][79.573s][info][gc,phases      ] GC(516)   Other: 0.13ms
[2026-04-03T02:10:05.117+0600][79.573s][info][gc,heap        ] GC(516) Eden regions: 142->0(148)
[2026-04-03T02:10:05.117+0600][79.573s][info][gc,heap        ] GC(516) Survivor regions: 3->0(0)
[2026-04-03T02:10:05.117+0600][79.573s][info][gc,heap        ] GC(516) Old regions: 246->309
[2026-04-03T02:10:05.117+0600][79.573s][info][gc,heap        ] GC(516) Humongous regions: 109->8
[2026-04-03T02:10:05.117+0600][79.573s][info][gc,metaspace   ] GC(516) Metaspace: 131683K(133184K)->131683K(133184K) NonClass: 115136K(115840K)->115136K(115840K) Class: 16547K(17344K)->16547K(17344K)
[2026-04-03T02:10:05.117+0600][79.573s][info][gc             ] GC(516) Pause Young (Mixed) (GCLocker Initiated GC) (Evacuation Failure) 495M->313M(500M) 6.170ms
[2026-04-03T02:10:05.117+0600][79.573s][info][gc,cpu         ] GC(516) User=0.05s Sys=0.00s Real=0.00s
[2026-04-03T02:10:05.264+0600][79.720s][info][gc,start       ] GC(517) Pause Young (Mixed) (G1 Humongous Allocation)
[2026-04-03T02:10:05.264+0600][79.720s][info][gc,task        ] GC(517) Using 10 workers of 10 for evacuation
[2026-04-03T02:10:05.268+0600][79.724s][info][gc,phases      ] GC(517)   Pre Evacuate Collection Set: 0.47ms
[2026-04-03T02:10:05.269+0600][79.724s][info][gc,phases      ] GC(517)   Merge Heap Roots: 0.20ms
[2026-04-03T02:10:05.269+0600][79.724s][info][gc,phases      ] GC(517)   Evacuate Collection Set: 2.34ms
[2026-04-03T02:10:05.269+0600][79.724s][info][gc,phases      ] GC(517)   Post Evacuate Collection Set: 0.85ms
[2026-04-03T02:10:05.269+0600][79.724s][info][gc,phases      ] GC(517)   Other: 0.17ms
[2026-04-03T02:10:05.269+0600][79.724s][info][gc,heap        ] GC(517) Eden regions: 96->0(171)
[2026-04-03T02:10:05.269+0600][79.724s][info][gc,heap        ] GC(517) Survivor regions: 0->1(2)
[2026-04-03T02:10:05.269+0600][79.724s][info][gc,heap        ] GC(517) Old regions: 309->278
[2026-04-03T02:10:05.269+0600][79.725s][info][gc,heap        ] GC(517) Humongous regions: 93->10
[2026-04-03T02:10:05.269+0600][79.725s][info][gc,metaspace   ] GC(517) Metaspace: 131690K(133184K)->131690K(133184K) NonClass: 115143K(115840K)->115143K(115840K) Class: 16547K(17344K)->16547K(17344K)
[2026-04-03T02:10:05.269+0600][79.725s][info][gc             ] GC(517) Pause Young (Mixed) (G1 Humongous Allocation) (Evacuation Failure) 494M->285M(500M) 4.351ms
[2026-04-03T02:10:05.269+0600][79.725s][info][gc,cpu         ] GC(517) User=0.04s Sys=0.00s Real=0.00s
[2026-04-03T02:10:05.597+0600][80.052s][info][gc,start       ] GC(518) Pause Young (Mixed) (G1 Evacuation Pause)
[2026-04-03T02:10:05.597+0600][80.053s][info][gc,task        ] GC(518) Using 10 workers of 10 for evacuation
[2026-04-03T02:10:05.600+0600][80.056s][info][gc,phases      ] GC(518)   Pre Evacuate Collection Set: 0.40ms
[2026-04-03T02:10:05.600+0600][80.056s][info][gc,phases      ] GC(518)   Merge Heap Roots: 0.19ms
[2026-04-03T02:10:05.600+0600][80.056s][info][gc,phases      ] GC(518)   Evacuate Collection Set: 1.74ms
[2026-04-03T02:10:05.600+0600][80.056s][info][gc,phases      ] GC(518)   Post Evacuate Collection Set: 0.61ms
[2026-04-03T02:10:05.600+0600][80.056s][info][gc,phases      ] GC(518)   Other: 0.12ms
[2026-04-03T02:10:05.600+0600][80.056s][info][gc,heap        ] GC(518) Eden regions: 171->0(194)
[2026-04-03T02:10:05.600+0600][80.056s][info][gc,heap        ] GC(518) Survivor regions: 1->7(16)
[2026-04-03T02:10:05.600+0600][80.056s][info][gc,heap        ] GC(518) Old regions: 278->244
[2026-04-03T02:10:05.600+0600][80.056s][info][gc,heap        ] GC(518) Humongous regions: 34->12
[2026-04-03T02:10:05.600+0600][80.056s][info][gc,metaspace   ] GC(518) Metaspace: 131723K(133184K)->131723K(133184K) NonClass: 115169K(115840K)->115169K(115840K) Class: 16553K(17344K)->16553K(17344K)
[2026-04-03T02:10:05.600+0600][80.056s][info][gc             ] GC(518) Pause Young (Mixed) (G1 Evacuation Pause) 480M->258M(500M) 3.318ms
[2026-04-03T02:10:05.600+0600][80.056s][info][gc,cpu         ] GC(518) User=0.02s Sys=0.00s Real=0.01s
[2026-04-03T02:10:05.601+0600][80.057s][info][gc,start       ] GC(519) Pause Young (Concurrent Start) (G1 Humongous Allocation)
[2026-04-03T02:10:05.601+0600][80.057s][info][gc,task        ] GC(519) Using 10 workers of 10 for evacuation
[2026-04-03T02:10:05.604+0600][80.060s][info][gc,phases      ] GC(519)   Pre Evacuate Collection Set: 0.27ms
[2026-04-03T02:10:05.604+0600][80.060s][info][gc,phases      ] GC(519)   Merge Heap Roots: 0.06ms
[2026-04-03T02:10:05.604+0600][80.060s][info][gc,phases      ] GC(519)   Evacuate Collection Set: 1.70ms
[2026-04-03T02:10:05.604+0600][80.060s][info][gc,phases      ] GC(519)   Post Evacuate Collection Set: 0.60ms
[2026-04-03T02:10:05.604+0600][80.060s][info][gc,phases      ] GC(519)   Other: 0.10ms
[2026-04-03T02:10:05.604+0600][80.060s][info][gc,heap        ] GC(519) Eden regions: 3->0(175)
[2026-04-03T02:10:05.604+0600][80.060s][info][gc,heap        ] GC(519) Survivor regions: 7->6(26)
[2026-04-03T02:10:05.604+0600][80.060s][info][gc,heap        ] GC(519) Old regions: 244->244
[2026-04-03T02:10:05.604+0600][80.060s][info][gc,heap        ] GC(519) Humongous regions: 12->12
[2026-04-03T02:10:05.604+0600][80.060s][info][gc,metaspace   ] GC(519) Metaspace: 131723K(133184K)->131723K(133184K) NonClass: 115169K(115840K)->115169K(115840K) Class: 16553K(17344K)->16553K(17344K)
[2026-04-03T02:10:05.604+0600][80.060s][info][gc             ] GC(519) Pause Young (Concurrent Start) (G1 Humongous Allocation) 260M->257M(500M) 3.031ms
[2026-04-03T02:10:05.604+0600][80.060s][info][gc             ] GC(520) Concurrent Mark Cycle
[2026-04-03T02:10:05.605+0600][80.060s][info][gc,marking     ] GC(520) Concurrent Scan Root Regions
[2026-04-03T02:10:05.605+0600][80.060s][info][gc,cpu         ] GC(519) User=0.02s Sys=0.01s Real=0.00s
[2026-04-03T02:10:05.607+0600][80.063s][info][gc,marking     ] GC(520) Concurrent Scan Root Regions 2.461ms
[2026-04-03T02:10:05.607+0600][80.063s][info][gc,marking     ] GC(520) Concurrent Mark
[2026-04-03T02:10:05.607+0600][80.063s][info][gc,marking     ] GC(520) Concurrent Mark From Roots
[2026-04-03T02:10:05.607+0600][80.063s][info][gc,task        ] GC(520) Using 3 workers of 3 for marking
[2026-04-03T02:10:05.724+0600][80.180s][info][gc,marking     ] GC(520) Concurrent Mark From Roots 117.284ms
[2026-04-03T02:10:05.724+0600][80.180s][info][gc,marking     ] GC(520) Concurrent Preclean
[2026-04-03T02:10:05.725+0600][80.181s][info][gc,marking     ] GC(520) Concurrent Preclean 0.394ms
[2026-04-03T02:10:05.725+0600][80.181s][info][gc,start       ] GC(520) Pause Remark
[2026-04-03T02:10:05.733+0600][80.189s][info][gc             ] GC(520) Pause Remark 425M->390M(500M) 7.695ms
[2026-04-03T02:10:05.733+0600][80.189s][info][gc,cpu         ] GC(520) User=0.05s Sys=0.00s Real=0.01s
[2026-04-03T02:10:05.733+0600][80.189s][info][gc,marking     ] GC(520) Concurrent Mark 126.122ms
[2026-04-03T02:10:05.733+0600][80.189s][info][gc,marking     ] GC(520) Concurrent Rebuild Remembered Sets and Scrub Regions
[2026-04-03T02:10:05.774+0600][80.230s][info][gc,marking     ] GC(520) Concurrent Rebuild Remembered Sets and Scrub Regions 40.604ms
[2026-04-03T02:10:05.774+0600][80.230s][info][gc,start       ] GC(520) Pause Cleanup
[2026-04-03T02:10:05.775+0600][80.231s][info][gc             ] GC(520) Pause Cleanup 434M->434M(500M) 0.613ms
[2026-04-03T02:10:05.775+0600][80.231s][info][gc,cpu         ] GC(520) User=0.00s Sys=0.00s Real=0.00s
[2026-04-03T02:10:05.775+0600][80.231s][info][gc,marking     ] GC(520) Concurrent Clear Claimed Marks
[2026-04-03T02:10:05.776+0600][80.231s][info][gc,marking     ] GC(520) Concurrent Clear Claimed Marks 0.341ms
[2026-04-03T02:10:05.776+0600][80.231s][info][gc,marking     ] GC(520) Concurrent Cleanup for Next Mark
[2026-04-03T02:10:05.776+0600][80.232s][info][gc,marking     ] GC(520) Concurrent Cleanup for Next Mark 0.678ms
[2026-04-03T02:10:05.776+0600][80.232s][info][gc             ] GC(520) Concurrent Mark Cycle 171.842ms
[2026-04-03T02:10:05.795+0600][80.250s][info][gc,start       ] GC(521) Pause Young (Prepare Mixed) (G1 Humongous Allocation)
[2026-04-03T02:10:05.795+0600][80.250s][info][gc,task        ] GC(521) Using 10 workers of 10 for evacuation
[2026-04-03T02:10:05.798+0600][80.253s][info][gc,phases      ] GC(521)   Pre Evacuate Collection Set: 0.36ms
[2026-04-03T02:10:05.798+0600][80.254s][info][gc,phases      ] GC(521)   Merge Heap Roots: 0.18ms
[2026-04-03T02:10:05.798+0600][80.254s][info][gc,phases      ] GC(521)   Evacuate Collection Set: 1.70ms
[2026-04-03T02:10:05.798+0600][80.254s][info][gc,phases      ] GC(521)   Post Evacuate Collection Set: 0.63ms
[2026-04-03T02:10:05.798+0600][80.254s][info][gc,phases      ] GC(521)   Other: 0.11ms
[2026-04-03T02:10:05.798+0600][80.254s][info][gc,heap        ] GC(521) Eden regions: 134->0(215)
[2026-04-03T02:10:05.798+0600][80.254s][info][gc,heap        ] GC(521) Survivor regions: 6->3(22)
[2026-04-03T02:10:05.798+0600][80.254s][info][gc,heap        ] GC(521) Old regions: 209->209
[2026-04-03T02:10:05.798+0600][80.254s][info][gc,heap        ] GC(521) Humongous regions: 129->10
[2026-04-03T02:10:05.798+0600][80.254s][info][gc,metaspace   ] GC(521) Metaspace: 131723K(133184K)->131723K(133184K) NonClass: 115169K(115840K)->115169K(115840K) Class: 16553K(17344K)->16553K(17344K)
[2026-04-03T02:10:05.798+0600][80.254s][info][gc             ] GC(521) Pause Young (Prepare Mixed) (G1 Humongous Allocation) 473M->218M(500M) 3.286ms
[2026-04-03T02:10:05.798+0600][80.254s][info][gc,cpu         ] GC(521) User=0.02s Sys=0.00s Real=0.00s
[2026-04-03T02:10:05.944+0600][80.400s][info][gc,start       ] GC(522) Pause Young (Mixed) (G1 Humongous Allocation)
[2026-04-03T02:10:05.944+0600][80.400s][info][gc,task        ] GC(522) Using 10 workers of 10 for evacuation
[2026-04-03T02:10:05.946+0600][80.402s][info][gc,phases      ] GC(522)   Pre Evacuate Collection Set: 0.45ms
[2026-04-03T02:10:05.946+0600][80.402s][info][gc,phases      ] GC(522)   Merge Heap Roots: 0.15ms
[2026-04-03T02:10:05.946+0600][80.402s][info][gc,phases      ] GC(522)   Evacuate Collection Set: 1.24ms
[2026-04-03T02:10:05.947+0600][80.402s][info][gc,phases      ] GC(522)   Post Evacuate Collection Set: 0.63ms
[2026-04-03T02:10:05.947+0600][80.402s][info][gc,phases      ] GC(522)   Other: 0.12ms
[2026-04-03T02:10:05.947+0600][80.402s][info][gc,heap        ] GC(522) Eden regions: 129->0(258)
[2026-04-03T02:10:05.947+0600][80.402s][info][gc,heap        ] GC(522) Survivor regions: 3->3(28)
[2026-04-03T02:10:05.947+0600][80.402s][info][gc,heap        ] GC(522) Old regions: 209->159
[2026-04-03T02:10:05.947+0600][80.402s][info][gc,heap        ] GC(522) Humongous regions: 117->10
[2026-04-03T02:10:05.947+0600][80.402s][info][gc,metaspace   ] GC(522) Metaspace: 131723K(133184K)->131723K(133184K) NonClass: 115169K(115840K)->115169K(115840K) Class: 16553K(17344K)->16553K(17344K)
[2026-04-03T02:10:05.947+0600][80.402s][info][gc             ] GC(522) Pause Young (Mixed) (G1 Humongous Allocation) 454M->168M(500M) 2.839ms
[2026-04-03T02:10:05.947+0600][80.403s][info][gc,cpu         ] GC(522) User=0.01s Sys=0.01s Real=0.00s
[2026-04-03T02:10:06.131+0600][80.587s][info][gc,start       ] GC(523) Pause Young (Mixed) (G1 Humongous Allocation)
[2026-04-03T02:10:06.131+0600][80.587s][info][gc,task        ] GC(523) Using 10 workers of 10 for evacuation
[2026-04-03T02:10:06.134+0600][80.590s][info][gc,phases      ] GC(523)   Pre Evacuate Collection Set: 0.37ms
[2026-04-03T02:10:06.134+0600][80.590s][info][gc,phases      ] GC(523)   Merge Heap Roots: 0.16ms
[2026-04-03T02:10:06.134+0600][80.590s][info][gc,phases      ] GC(523)   Evacuate Collection Set: 1.56ms
[2026-04-03T02:10:06.134+0600][80.590s][info][gc,phases      ] GC(523)   Post Evacuate Collection Set: 0.62ms
[2026-04-03T02:10:06.134+0600][80.590s][info][gc,phases      ] GC(523)   Other: 0.10ms
[2026-04-03T02:10:06.134+0600][80.590s][info][gc,heap        ] GC(523) Eden regions: 165->0(297)
[2026-04-03T02:10:06.134+0600][80.590s][info][gc,heap        ] GC(523) Survivor regions: 3->3(33)
[2026-04-03T02:10:06.134+0600][80.590s][info][gc,heap        ] GC(523) Old regions: 159->111
[2026-04-03T02:10:06.134+0600][80.590s][info][gc,heap        ] GC(523) Humongous regions: 136->10
[2026-04-03T02:10:06.134+0600][80.590s][info][gc,metaspace   ] GC(523) Metaspace: 131723K(133184K)->131723K(133184K) NonClass: 115169K(115840K)->115169K(115840K) Class: 16553K(17344K)->16553K(17344K)
[2026-04-03T02:10:06.134+0600][80.590s][info][gc             ] GC(523) Pause Young (Mixed) (G1 Humongous Allocation) 459M->121M(500M) 3.061ms
[2026-04-03T02:10:06.134+0600][80.590s][info][gc,cpu         ] GC(523) User=0.02s Sys=0.00s Real=0.00s
[2026-04-03T02:10:06.154+0600][80.610s][info][gc,start       ] GC(524) Pause Young (Concurrent Start) (GCLocker Initiated GC)
[2026-04-03T02:10:06.154+0600][80.610s][info][gc,task        ] GC(524) Using 10 workers of 10 for evacuation
[2026-04-03T02:10:06.159+0600][80.614s][info][gc,phases      ] GC(524)   Pre Evacuate Collection Set: 0.71ms
[2026-04-03T02:10:06.159+0600][80.614s][info][gc,phases      ] GC(524)   Merge Heap Roots: 0.24ms
[2026-04-03T02:10:06.159+0600][80.614s][info][gc,phases      ] GC(524)   Evacuate Collection Set: 2.70ms
[2026-04-03T02:10:06.159+0600][80.614s][info][gc,phases      ] GC(524)   Post Evacuate Collection Set: 0.88ms
[2026-04-03T02:10:06.159+0600][80.615s][info][gc,phases      ] GC(524)   Other: 0.21ms
[2026-04-03T02:10:06.159+0600][80.615s][info][gc,heap        ] GC(524) Eden regions: 26->0(277)
[2026-04-03T02:10:06.159+0600][80.615s][info][gc,heap        ] GC(524) Survivor regions: 3->5(38)
[2026-04-03T02:10:06.159+0600][80.615s][info][gc,heap        ] GC(524) Old regions: 111->111
[2026-04-03T02:10:06.159+0600][80.615s][info][gc,heap        ] GC(524) Humongous regions: 15->10
[2026-04-03T02:10:06.159+0600][80.615s][info][gc,metaspace   ] GC(524) Metaspace: 131723K(133184K)->131723K(133184K) NonClass: 115169K(115840K)->115169K(115840K) Class: 16553K(17344K)->16553K(17344K)
[2026-04-03T02:10:06.159+0600][80.615s][info][gc             ] GC(524) Pause Young (Concurrent Start) (GCLocker Initiated GC) 151M->122M(500M) 5.155ms
[2026-04-03T02:10:06.159+0600][80.615s][info][gc             ] GC(525) Concurrent Mark Cycle
[2026-04-03T02:10:06.159+0600][80.615s][info][gc,marking     ] GC(525) Concurrent Scan Root Regions
[2026-04-03T02:10:06.159+0600][80.615s][info][gc,cpu         ] GC(524) User=0.03s Sys=0.00s Real=0.00s
[2026-04-03T02:10:06.162+0600][80.618s][info][gc,marking     ] GC(525) Concurrent Scan Root Regions 2.791ms
[2026-04-03T02:10:06.162+0600][80.618s][info][gc,marking     ] GC(525) Concurrent Mark
[2026-04-03T02:10:06.162+0600][80.618s][info][gc,marking     ] GC(525) Concurrent Mark From Roots
[2026-04-03T02:10:06.162+0600][80.618s][info][gc,task        ] GC(525) Using 3 workers of 3 for marking
[2026-04-03T02:10:06.279+0600][80.735s][info][gc,marking     ] GC(525) Concurrent Mark From Roots 116.828ms
[2026-04-03T02:10:06.279+0600][80.735s][info][gc,marking     ] GC(525) Concurrent Preclean
[2026-04-03T02:10:06.279+0600][80.735s][info][gc,marking     ] GC(525) Concurrent Preclean 0.248ms
[2026-04-03T02:10:06.279+0600][80.735s][info][gc,start       ] GC(525) Pause Remark
[2026-04-03T02:10:06.288+0600][80.743s][info][gc             ] GC(525) Pause Remark 246M->245M(500M) 8.282ms
[2026-04-03T02:10:06.288+0600][80.744s][info][gc,cpu         ] GC(525) User=0.07s Sys=0.00s Real=0.01s
[2026-04-03T02:10:06.288+0600][80.744s][info][gc,marking     ] GC(525) Concurrent Mark 126.121ms
[2026-04-03T02:10:06.288+0600][80.744s][info][gc,marking     ] GC(525) Concurrent Rebuild Remembered Sets and Scrub Regions
[2026-04-03T02:10:06.327+0600][80.782s][info][gc,marking     ] GC(525) Concurrent Rebuild Remembered Sets and Scrub Regions 38.562ms
[2026-04-03T02:10:06.327+0600][80.783s][info][gc,start       ] GC(525) Pause Cleanup
[2026-04-03T02:10:06.327+0600][80.783s][info][gc             ] GC(525) Pause Cleanup 266M->266M(500M) 0.415ms
[2026-04-03T02:10:06.328+0600][80.783s][info][gc,cpu         ] GC(525) User=0.01s Sys=0.00s Real=0.00s
[2026-04-03T02:10:06.328+0600][80.784s][info][gc,marking     ] GC(525) Concurrent Clear Claimed Marks
[2026-04-03T02:10:06.328+0600][80.784s][info][gc,marking     ] GC(525) Concurrent Clear Claimed Marks 0.404ms
[2026-04-03T02:10:06.328+0600][80.784s][info][gc,marking     ] GC(525) Concurrent Cleanup for Next Mark
[2026-04-03T02:10:06.329+0600][80.785s][info][gc,marking     ] GC(525) Concurrent Cleanup for Next Mark 0.894ms
[2026-04-03T02:10:06.329+0600][80.785s][info][gc             ] GC(525) Concurrent Mark Cycle 170.149ms
[2026-04-03T02:10:06.545+0600][81.000s][info][gc,start       ] GC(526) Pause Young (Prepare Mixed) (G1 Evacuation Pause)
[2026-04-03T02:10:06.545+0600][81.001s][info][gc,task        ] GC(526) Using 10 workers of 10 for evacuation
[2026-04-03T02:10:06.552+0600][81.008s][info][gc,phases      ] GC(526)   Pre Evacuate Collection Set: 0.48ms
[2026-04-03T02:10:06.552+0600][81.008s][info][gc,phases      ] GC(526)   Merge Heap Roots: 0.29ms
[2026-04-03T02:10:06.552+0600][81.008s][info][gc,phases      ] GC(526)   Evacuate Collection Set: 2.80ms
[2026-04-03T02:10:06.552+0600][81.008s][info][gc,phases      ] GC(526)   Post Evacuate Collection Set: 3.54ms
[2026-04-03T02:10:06.552+0600][81.008s][info][gc,phases      ] GC(526)   Other: 0.14ms
[2026-04-03T02:10:06.552+0600][81.008s][info][gc,heap        ] GC(526) Eden regions: 229->0(172)
[2026-04-03T02:10:06.552+0600][81.008s][info][gc,heap        ] GC(526) Survivor regions: 5->0(0)
[2026-04-03T02:10:06.552+0600][81.008s][info][gc,heap        ] GC(526) Old regions: 110->275
[2026-04-03T02:10:06.552+0600][81.008s][info][gc,heap        ] GC(526) Humongous regions: 156->10
[2026-04-03T02:10:06.552+0600][81.008s][info][gc,metaspace   ] GC(526) Metaspace: 131736K(133184K)->131736K(133184K) NonClass: 115180K(115840K)->115180K(115840K) Class: 16555K(17344K)->16555K(17344K)
[2026-04-03T02:10:06.552+0600][81.008s][info][gc             ] GC(526) Pause Young (Prepare Mixed) (G1 Evacuation Pause) (Evacuation Failure) 496M->283M(500M) 7.614ms
[2026-04-03T02:10:06.552+0600][81.008s][info][gc,cpu         ] GC(526) User=0.05s Sys=0.01s Real=0.01s
[2026-04-03T02:10:06.710+0600][81.165s][info][gc,start       ] GC(527) Pause Young (Mixed) (G1 Evacuation Pause)
[2026-04-03T02:10:06.710+0600][81.166s][info][gc,task        ] GC(527) Using 10 workers of 10 for evacuation
[2026-04-03T02:10:06.714+0600][81.170s][info][gc,phases      ] GC(527)   Pre Evacuate Collection Set: 0.30ms
[2026-04-03T02:10:06.714+0600][81.170s][info][gc,phases      ] GC(527)   Merge Heap Roots: 0.16ms
[2026-04-03T02:10:06.714+0600][81.170s][info][gc,phases      ] GC(527)   Evacuate Collection Set: 2.27ms
[2026-04-03T02:10:06.714+0600][81.170s][info][gc,phases      ] GC(527)   Post Evacuate Collection Set: 1.78ms
[2026-04-03T02:10:06.714+0600][81.170s][info][gc,phases      ] GC(527)   Other: 0.10ms
[2026-04-03T02:10:06.714+0600][81.170s][info][gc,heap        ] GC(527) Eden regions: 164->0(106)
[2026-04-03T02:10:06.714+0600][81.170s][info][gc,heap        ] GC(527) Survivor regions: 0->0(0)
[2026-04-03T02:10:06.714+0600][81.170s][info][gc,heap        ] GC(527) Old regions: 275->359
[2026-04-03T02:10:06.714+0600][81.170s][info][gc,heap        ] GC(527) Humongous regions: 61->10
[2026-04-03T02:10:06.714+0600][81.170s][info][gc,metaspace   ] GC(527) Metaspace: 131736K(133184K)->131736K(133184K) NonClass: 115180K(115840K)->115180K(115840K) Class: 16555K(17344K)->16555K(17344K)
[2026-04-03T02:10:06.714+0600][81.170s][info][gc             ] GC(527) Pause Young (Mixed) (G1 Evacuation Pause) (Evacuation Failure) 498M->367M(500M) 4.851ms
[2026-04-03T02:10:06.715+0600][81.170s][info][gc,cpu         ] GC(527) User=0.03s Sys=0.00s Real=0.01s
[2026-04-03T02:10:06.728+0600][81.184s][info][gc,start       ] GC(528) Pause Young (Concurrent Start) (G1 Humongous Allocation)
[2026-04-03T02:10:06.728+0600][81.184s][info][gc,task        ] GC(528) Using 10 workers of 10 for evacuation
[2026-04-03T02:10:06.730+0600][81.186s][info][gc,phases      ] GC(528)   Pre Evacuate Collection Set: 0.31ms
[2026-04-03T02:10:06.731+0600][81.186s][info][gc,phases      ] GC(528)   Merge Heap Roots: 0.06ms
[2026-04-03T02:10:06.731+0600][81.186s][info][gc,phases      ] GC(528)   Evacuate Collection Set: 1.36ms
[2026-04-03T02:10:06.731+0600][81.186s][info][gc,phases      ] GC(528)   Post Evacuate Collection Set: 0.46ms
[2026-04-03T02:10:06.731+0600][81.186s][info][gc,phases      ] GC(528)   Other: 0.09ms
[2026-04-03T02:10:06.731+0600][81.186s][info][gc,heap        ] GC(528) Eden regions: 6->0(104)
[2026-04-03T02:10:06.731+0600][81.186s][info][gc,heap        ] GC(528) Survivor regions: 0->1(14)
[2026-04-03T02:10:06.731+0600][81.186s][info][gc,heap        ] GC(528) Old regions: 359->359
[2026-04-03T02:10:06.731+0600][81.186s][info][gc,heap        ] GC(528) Humongous regions: 10->10
[2026-04-03T02:10:06.731+0600][81.186s][info][gc,metaspace   ] GC(528) Metaspace: 131737K(133184K)->131737K(133184K) NonClass: 115181K(115840K)->115181K(115840K) Class: 16555K(17344K)->16555K(17344K)
[2026-04-03T02:10:06.731+0600][81.186s][info][gc             ] GC(528) Pause Young (Concurrent Start) (G1 Humongous Allocation) 372M->367M(500M) 2.468ms
[2026-04-03T02:10:06.731+0600][81.187s][info][gc             ] GC(529) Concurrent Mark Cycle
[2026-04-03T02:10:06.731+0600][81.187s][info][gc,cpu         ] GC(528) User=0.01s Sys=0.00s Real=0.01s
[2026-04-03T02:10:06.731+0600][81.187s][info][gc,marking     ] GC(529) Concurrent Scan Root Regions
[2026-04-03T02:10:06.732+0600][81.188s][info][gc,marking     ] GC(529) Concurrent Scan Root Regions 1.358ms
[2026-04-03T02:10:06.732+0600][81.188s][info][gc,marking     ] GC(529) Concurrent Mark
[2026-04-03T02:10:06.732+0600][81.188s][info][gc,marking     ] GC(529) Concurrent Mark From Roots
[2026-04-03T02:10:06.732+0600][81.188s][info][gc,task        ] GC(529) Using 3 workers of 3 for marking
[2026-04-03T02:10:06.798+0600][81.254s][info][gc,start       ] GC(530) Pause Young (Normal) (G1 Humongous Allocation)
[2026-04-03T02:10:06.798+0600][81.254s][info][gc,task        ] GC(530) Using 10 workers of 10 for evacuation
[2026-04-03T02:10:06.801+0600][81.257s][info][gc,phases      ] GC(530)   Pre Evacuate Collection Set: 0.58ms
[2026-04-03T02:10:06.801+0600][81.257s][info][gc,phases      ] GC(530)   Merge Heap Roots: 0.19ms
[2026-04-03T02:10:06.801+0600][81.257s][info][gc,phases      ] GC(530)   Evacuate Collection Set: 1.28ms
[2026-04-03T02:10:06.801+0600][81.257s][info][gc,phases      ] GC(530)   Post Evacuate Collection Set: 0.84ms
[2026-04-03T02:10:06.801+0600][81.257s][info][gc,phases      ] GC(530)   Other: 0.09ms
[2026-04-03T02:10:06.801+0600][81.257s][info][gc,heap        ] GC(530) Eden regions: 26->0(102)
[2026-04-03T02:10:06.801+0600][81.257s][info][gc,heap        ] GC(530) Survivor regions: 1->3(14)
[2026-04-03T02:10:06.801+0600][81.257s][info][gc,heap        ] GC(530) Old regions: 359->359
[2026-04-03T02:10:06.801+0600][81.257s][info][gc,heap        ] GC(530) Humongous regions: 78->10
[2026-04-03T02:10:06.801+0600][81.257s][info][gc,metaspace   ] GC(530) Metaspace: 131738K(133184K)->131738K(133184K) NonClass: 115182K(115840K)->115182K(115840K) Class: 16555K(17344K)->16555K(17344K)
[2026-04-03T02:10:06.801+0600][81.257s][info][gc             ] GC(530) Pause Young (Normal) (G1 Humongous Allocation) 461M->369M(500M) 3.278ms
[2026-04-03T02:10:06.801+0600][81.257s][info][gc,cpu         ] GC(530) User=0.01s Sys=0.00s Real=0.01s
[2026-04-03T02:10:06.811+0600][81.267s][info][gc,start       ] GC(531) Pause Young (Normal) (G1 Humongous Allocation)
[2026-04-03T02:10:06.811+0600][81.267s][info][gc,task        ] GC(531) Using 10 workers of 10 for evacuation
[2026-04-03T02:10:06.814+0600][81.270s][info][gc,phases      ] GC(531)   Pre Evacuate Collection Set: 0.43ms
[2026-04-03T02:10:06.814+0600][81.270s][info][gc,phases      ] GC(531)   Merge Heap Roots: 0.11ms
[2026-04-03T02:10:06.814+0600][81.270s][info][gc,phases      ] GC(531)   Evacuate Collection Set: 1.15ms
[2026-04-03T02:10:06.814+0600][81.270s][info][gc,phases      ] GC(531)   Post Evacuate Collection Set: 0.58ms
[2026-04-03T02:10:06.814+0600][81.270s][info][gc,phases      ] GC(531)   Other: 0.09ms
[2026-04-03T02:10:06.814+0600][81.270s][info][gc,heap        ] GC(531) Eden regions: 7->0(97)
[2026-04-03T02:10:06.814+0600][81.270s][info][gc,heap        ] GC(531) Survivor regions: 3->4(14)
[2026-04-03T02:10:06.814+0600][81.270s][info][gc,heap        ] GC(531) Old regions: 359->359
[2026-04-03T02:10:06.814+0600][81.270s][info][gc,heap        ] GC(531) Humongous regions: 95->15
[2026-04-03T02:10:06.814+0600][81.270s][info][gc,metaspace   ] GC(531) Metaspace: 131738K(133184K)->131738K(133184K) NonClass: 115182K(115840K)->115182K(115840K) Class: 16555K(17344K)->16555K(17344K)
[2026-04-03T02:10:06.814+0600][81.270s][info][gc             ] GC(531) Pause Young (Normal) (G1 Humongous Allocation) 461M->375M(500M) 2.637ms
[2026-04-03T02:10:06.814+0600][81.270s][info][gc,cpu         ] GC(531) User=0.02s Sys=0.01s Real=0.00s
[2026-04-03T02:10:06.821+0600][81.277s][info][gc,start       ] GC(532) Pause Young (Normal) (G1 Humongous Allocation)
[2026-04-03T02:10:06.821+0600][81.277s][info][gc,task        ] GC(532) Using 10 workers of 10 for evacuation
[2026-04-03T02:10:06.824+0600][81.280s][info][gc,phases      ] GC(532)   Pre Evacuate Collection Set: 0.51ms
[2026-04-03T02:10:06.825+0600][81.280s][info][gc,phases      ] GC(532)   Merge Heap Roots: 0.16ms
[2026-04-03T02:10:06.825+0600][81.280s][info][gc,phases      ] GC(532)   Evacuate Collection Set: 1.24ms
[2026-04-03T02:10:06.825+0600][81.280s][info][gc,phases      ] GC(532)   Post Evacuate Collection Set: 1.01ms
[2026-04-03T02:10:06.825+0600][81.280s][info][gc,phases      ] GC(532)   Other: 0.12ms
[2026-04-03T02:10:06.825+0600][81.280s][info][gc,heap        ] GC(532) Eden regions: 6->0(86)
[2026-04-03T02:10:06.825+0600][81.280s][info][gc,heap        ] GC(532) Survivor regions: 4->5(13)
[2026-04-03T02:10:06.825+0600][81.280s][info][gc,heap        ] GC(532) Old regions: 359->359
[2026-04-03T02:10:06.825+0600][81.280s][info][gc,heap        ] GC(532) Humongous regions: 95->25
[2026-04-03T02:10:06.825+0600][81.281s][info][gc,metaspace   ] GC(532) Metaspace: 131738K(133184K)->131738K(133184K) NonClass: 115182K(115840K)->115182K(115840K) Class: 16555K(17344K)->16555K(17344K)
[2026-04-03T02:10:06.825+0600][81.281s][info][gc             ] GC(532) Pause Young (Normal) (G1 Humongous Allocation) 461M->386M(500M) 3.354ms
[2026-04-03T02:10:06.825+0600][81.281s][info][gc,cpu         ] GC(532) User=0.01s Sys=0.00s Real=0.00s
[2026-04-03T02:10:06.831+0600][81.287s][info][gc,start       ] GC(533) Pause Young (Normal) (G1 Humongous Allocation)
[2026-04-03T02:10:06.831+0600][81.287s][info][gc,task        ] GC(533) Using 10 workers of 10 for evacuation
[2026-04-03T02:10:06.833+0600][81.289s][info][gc,phases      ] GC(533)   Pre Evacuate Collection Set: 0.48ms
[2026-04-03T02:10:06.833+0600][81.289s][info][gc,phases      ] GC(533)   Merge Heap Roots: 0.11ms
[2026-04-03T02:10:06.833+0600][81.289s][info][gc,phases      ] GC(533)   Evacuate Collection Set: 1.05ms
[2026-04-03T02:10:06.833+0600][81.289s][info][gc,phases      ] GC(533)   Post Evacuate Collection Set: 0.69ms
[2026-04-03T02:10:06.833+0600][81.289s][info][gc,phases      ] GC(533)   Other: 0.11ms
[2026-04-03T02:10:06.833+0600][81.289s][info][gc,heap        ] GC(533) Eden regions: 6->0(101)
[2026-04-03T02:10:06.833+0600][81.289s][info][gc,heap        ] GC(533) Survivor regions: 5->4(12)
[2026-04-03T02:10:06.833+0600][81.289s][info][gc,heap        ] GC(533) Old regions: 359->359
[2026-04-03T02:10:06.833+0600][81.289s][info][gc,heap        ] GC(533) Humongous regions: 95->10
[2026-04-03T02:10:06.833+0600][81.289s][info][gc,metaspace   ] GC(533) Metaspace: 131738K(133184K)->131738K(133184K) NonClass: 115182K(115840K)->115182K(115840K) Class: 16555K(17344K)->16555K(17344K)
[2026-04-03T02:10:06.833+0600][81.289s][info][gc             ] GC(533) Pause Young (Normal) (G1 Humongous Allocation) 462M->370M(500M) 2.714ms
[2026-04-03T02:10:06.834+0600][81.289s][info][gc,cpu         ] GC(533) User=0.01s Sys=0.00s Real=0.00s
[2026-04-03T02:10:06.844+0600][81.300s][info][gc,marking     ] GC(529) Concurrent Mark From Roots 112.193ms
[2026-04-03T02:10:06.844+0600][81.300s][info][gc,marking     ] GC(529) Concurrent Preclean
[2026-04-03T02:10:06.845+0600][81.301s][info][gc,marking     ] GC(529) Concurrent Preclean 0.617ms
[2026-04-03T02:10:06.845+0600][81.301s][info][gc,start       ] GC(529) Pause Remark
[2026-04-03T02:10:06.854+0600][81.310s][info][gc             ] GC(529) Pause Remark 418M->341M(500M) 8.707ms
[2026-04-03T02:10:06.854+0600][81.310s][info][gc,cpu         ] GC(529) User=0.06s Sys=0.00s Real=0.01s
[2026-04-03T02:10:06.854+0600][81.310s][info][gc,marking     ] GC(529) Concurrent Mark 122.240ms
[2026-04-03T02:10:06.854+0600][81.310s][info][gc,marking     ] GC(529) Concurrent Rebuild Remembered Sets and Scrub Regions
[2026-04-03T02:10:06.898+0600][81.354s][info][gc,marking     ] GC(529) Concurrent Rebuild Remembered Sets and Scrub Regions 43.418ms
[2026-04-03T02:10:06.898+0600][81.354s][info][gc,start       ] GC(529) Pause Cleanup
[2026-04-03T02:10:06.899+0600][81.355s][info][gc             ] GC(529) Pause Cleanup 392M->392M(500M) 0.566ms
[2026-04-03T02:10:06.899+0600][81.355s][info][gc,cpu         ] GC(529) User=0.01s Sys=0.00s Real=0.00s
[2026-04-03T02:10:06.899+0600][81.355s][info][gc,marking     ] GC(529) Concurrent Clear Claimed Marks
[2026-04-03T02:10:06.899+0600][81.355s][info][gc,marking     ] GC(529) Concurrent Clear Claimed Marks 0.355ms
[2026-04-03T02:10:06.899+0600][81.355s][info][gc,marking     ] GC(529) Concurrent Cleanup for Next Mark
[2026-04-03T02:10:06.900+0600][81.356s][info][gc,marking     ] GC(529) Concurrent Cleanup for Next Mark 0.872ms
[2026-04-03T02:10:06.900+0600][81.356s][info][gc             ] GC(529) Concurrent Mark Cycle 169.791ms
[2026-04-03T02:10:06.926+0600][81.382s][info][gc,start       ] GC(534) Pause Young (Prepare Mixed) (G1 Humongous Allocation)
[2026-04-03T02:10:06.926+0600][81.382s][info][gc,task        ] GC(534) Using 10 workers of 10 for evacuation
[2026-04-03T02:10:06.928+0600][81.384s][info][gc,phases      ] GC(534)   Pre Evacuate Collection Set: 0.34ms
[2026-04-03T02:10:06.928+0600][81.384s][info][gc,phases      ] GC(534)   Merge Heap Roots: 0.17ms
[2026-04-03T02:10:06.928+0600][81.384s][info][gc,phases      ] GC(534)   Evacuate Collection Set: 0.87ms
[2026-04-03T02:10:06.928+0600][81.384s][info][gc,phases      ] GC(534)   Post Evacuate Collection Set: 0.55ms
[2026-04-03T02:10:06.928+0600][81.384s][info][gc,phases      ] GC(534)   Other: 0.09ms
[2026-04-03T02:10:06.928+0600][81.384s][info][gc,heap        ] GC(534) Eden regions: 47->0(164)
[2026-04-03T02:10:06.928+0600][81.384s][info][gc,heap        ] GC(534) Survivor regions: 4->4(14)
[2026-04-03T02:10:06.928+0600][81.384s][info][gc,heap        ] GC(534) Old regions: 284->284
[2026-04-03T02:10:06.928+0600][81.384s][info][gc,heap        ] GC(534) Humongous regions: 127->13
[2026-04-03T02:10:06.928+0600][81.384s][info][gc,metaspace   ] GC(534) Metaspace: 131738K(133184K)->131738K(133184K) NonClass: 115182K(115840K)->115182K(115840K) Class: 16555K(17344K)->16555K(17344K)
[2026-04-03T02:10:06.928+0600][81.384s][info][gc             ] GC(534) Pause Young (Prepare Mixed) (G1 Humongous Allocation) 459M->298M(500M) 2.254ms
[2026-04-03T02:10:06.928+0600][81.384s][info][gc,cpu         ] GC(534) User=0.01s Sys=0.00s Real=0.00s
[2026-04-03T02:10:06.934+0600][81.390s][info][gc,start       ] GC(535) Pause Young (Mixed) (G1 Humongous Allocation)
[2026-04-03T02:10:06.935+0600][81.390s][info][gc,task        ] GC(535) Using 10 workers of 10 for evacuation
[2026-04-03T02:10:06.938+0600][81.393s][info][gc,phases      ] GC(535)   Pre Evacuate Collection Set: 0.37ms
[2026-04-03T02:10:06.938+0600][81.393s][info][gc,phases      ] GC(535)   Merge Heap Roots: 0.15ms
[2026-04-03T02:10:06.938+0600][81.393s][info][gc,phases      ] GC(535)   Evacuate Collection Set: 1.73ms
[2026-04-03T02:10:06.938+0600][81.393s][info][gc,phases      ] GC(535)   Post Evacuate Collection Set: 0.64ms
[2026-04-03T02:10:06.938+0600][81.393s][info][gc,phases      ] GC(535)   Other: 0.11ms
[2026-04-03T02:10:06.938+0600][81.394s][info][gc,heap        ] GC(535) Eden regions: 5->0(194)
[2026-04-03T02:10:06.938+0600][81.394s][info][gc,heap        ] GC(535) Survivor regions: 4->5(21)
[2026-04-03T02:10:06.938+0600][81.394s][info][gc,heap        ] GC(535) Old regions: 284->235
[2026-04-03T02:10:06.938+0600][81.394s][info][gc,heap        ] GC(535) Humongous regions: 103->23
[2026-04-03T02:10:06.938+0600][81.394s][info][gc,metaspace   ] GC(535) Metaspace: 131738K(133184K)->131738K(133184K) NonClass: 115182K(115840K)->115182K(115840K) Class: 16555K(17344K)->16555K(17344K)
[2026-04-03T02:10:06.938+0600][81.394s][info][gc             ] GC(535) Pause Young (Mixed) (G1 Humongous Allocation) 393M->259M(500M) 3.271ms
[2026-04-03T02:10:06.938+0600][81.394s][info][gc,cpu         ] GC(535) User=0.02s Sys=0.00s Real=0.00s
[2026-04-03T02:10:06.948+0600][81.404s][info][gc,start       ] GC(536) Pause Young (Mixed) (G1 Humongous Allocation)
[2026-04-03T02:10:06.948+0600][81.404s][info][gc,task        ] GC(536) Using 10 workers of 10 for evacuation
[2026-04-03T02:10:06.951+0600][81.407s][info][gc,phases      ] GC(536)   Pre Evacuate Collection Set: 0.49ms
[2026-04-03T02:10:06.951+0600][81.407s][info][gc,phases      ] GC(536)   Merge Heap Roots: 0.12ms
[2026-04-03T02:10:06.951+0600][81.407s][info][gc,phases      ] GC(536)   Evacuate Collection Set: 1.30ms
[2026-04-03T02:10:06.951+0600][81.407s][info][gc,phases      ] GC(536)   Post Evacuate Collection Set: 0.56ms
[2026-04-03T02:10:06.951+0600][81.407s][info][gc,phases      ] GC(536)   Other: 0.09ms
[2026-04-03T02:10:06.951+0600][81.407s][info][gc,heap        ] GC(536) Eden regions: 8->0(241)
[2026-04-03T02:10:06.951+0600][81.407s][info][gc,heap        ] GC(536) Survivor regions: 5->5(25)
[2026-04-03T02:10:06.951+0600][81.407s][info][gc,heap        ] GC(536) Old regions: 235->185
[2026-04-03T02:10:06.951+0600][81.407s][info][gc,heap        ] GC(536) Humongous regions: 160->13
[2026-04-03T02:10:06.951+0600][81.407s][info][gc,metaspace   ] GC(536) Metaspace: 131738K(133184K)->131738K(133184K) NonClass: 115182K(115840K)->115182K(115840K) Class: 16555K(17344K)->16555K(17344K)
[2026-04-03T02:10:06.951+0600][81.407s][info][gc             ] GC(536) Pause Young (Mixed) (G1 Humongous Allocation) 404M->199M(500M) 2.919ms
[2026-04-03T02:10:06.951+0600][81.407s][info][gc,cpu         ] GC(536) User=0.01s Sys=0.01s Real=0.01s
[2026-04-03T02:10:07.204+0600][81.660s][info][gc,start       ] GC(537) Pause Young (Mixed) (G1 Evacuation Pause)
[2026-04-03T02:10:07.204+0600][81.660s][info][gc,task        ] GC(537) Using 10 workers of 10 for evacuation
[2026-04-03T02:10:07.207+0600][81.663s][info][gc,phases      ] GC(537)   Pre Evacuate Collection Set: 0.47ms
[2026-04-03T02:10:07.207+0600][81.663s][info][gc,phases      ] GC(537)   Merge Heap Roots: 0.15ms
[2026-04-03T02:10:07.207+0600][81.663s][info][gc,phases      ] GC(537)   Evacuate Collection Set: 1.08ms
[2026-04-03T02:10:07.207+0600][81.663s][info][gc,phases      ] GC(537)   Post Evacuate Collection Set: 1.43ms
[2026-04-03T02:10:07.207+0600][81.663s][info][gc,phases      ] GC(537)   Other: 0.08ms
[2026-04-03T02:10:07.207+0600][81.663s][info][gc,heap        ] GC(537) Eden regions: 152->0(206)
[2026-04-03T02:10:07.207+0600][81.663s][info][gc,heap        ] GC(537) Survivor regions: 5->0(0)
[2026-04-03T02:10:07.207+0600][81.663s][info][gc,heap        ] GC(537) Old regions: 185->246
[2026-04-03T02:10:07.207+0600][81.663s][info][gc,heap        ] GC(537) Humongous regions: 158->8
[2026-04-03T02:10:07.207+0600][81.663s][info][gc,metaspace   ] GC(537) Metaspace: 131743K(133184K)->131743K(133184K) NonClass: 115187K(115840K)->115187K(115840K) Class: 16555K(17344K)->16555K(17344K)
[2026-04-03T02:10:07.207+0600][81.663s][info][gc             ] GC(537) Pause Young (Mixed) (G1 Evacuation Pause) (Evacuation Failure) 496M->252M(500M) 3.407ms
[2026-04-03T02:10:07.208+0600][81.663s][info][gc,cpu         ] GC(537) User=0.02s Sys=0.00s Real=0.00s
[2026-04-03T02:10:07.457+0600][81.913s][info][gc,start       ] GC(538) Pause Young (Mixed) (G1 Evacuation Pause)
[2026-04-03T02:10:07.458+0600][81.913s][info][gc,task        ] GC(538) Using 10 workers of 10 for evacuation
[2026-04-03T02:10:07.463+0600][81.919s][info][gc,phases      ] GC(538)   Pre Evacuate Collection Set: 0.37ms
[2026-04-03T02:10:07.463+0600][81.919s][info][gc,phases      ] GC(538)   Merge Heap Roots: 0.21ms
[2026-04-03T02:10:07.463+0600][81.919s][info][gc,phases      ] GC(538)   Evacuate Collection Set: 2.00ms
[2026-04-03T02:10:07.463+0600][81.919s][info][gc,phases      ] GC(538)   Post Evacuate Collection Set: 3.00ms
[2026-04-03T02:10:07.463+0600][81.919s][info][gc,phases      ] GC(538)   Other: 0.16ms
[2026-04-03T02:10:07.463+0600][81.919s][info][gc,heap        ] GC(538) Eden regions: 178->0(109)
[2026-04-03T02:10:07.463+0600][81.919s][info][gc,heap        ] GC(538) Survivor regions: 0->0(0)
[2026-04-03T02:10:07.463+0600][81.919s][info][gc,heap        ] GC(538) Old regions: 246->358
[2026-04-03T02:10:07.463+0600][81.919s][info][gc,heap        ] GC(538) Humongous regions: 76->8
[2026-04-03T02:10:07.463+0600][81.919s][info][gc,metaspace   ] GC(538) Metaspace: 131755K(133184K)->131755K(133184K) NonClass: 115195K(115840K)->115195K(115840K) Class: 16559K(17344K)->16559K(17344K)
[2026-04-03T02:10:07.463+0600][81.919s][info][gc             ] GC(538) Pause Young (Mixed) (G1 Evacuation Pause) (Evacuation Failure) 498M->364M(500M) 6.021ms
[2026-04-03T02:10:07.464+0600][81.919s][info][gc,cpu         ] GC(538) User=0.04s Sys=0.00s Real=0.01s
[2026-04-03T02:10:07.473+0600][81.929s][info][gc,start       ] GC(539) Pause Young (Concurrent Start) (GCLocker Initiated GC)
[2026-04-03T02:10:07.474+0600][81.929s][info][gc,task        ] GC(539) Using 10 workers of 10 for evacuation
[2026-04-03T02:10:07.477+0600][81.933s][info][gc,phases      ] GC(539)   Pre Evacuate Collection Set: 0.78ms
[2026-04-03T02:10:07.477+0600][81.933s][info][gc,phases      ] GC(539)   Merge Heap Roots: 0.10ms
[2026-04-03T02:10:07.477+0600][81.933s][info][gc,phases      ] GC(539)   Evacuate Collection Set: 1.78ms
[2026-04-03T02:10:07.477+0600][81.933s][info][gc,phases      ] GC(539)   Post Evacuate Collection Set: 0.70ms
[2026-04-03T02:10:07.477+0600][81.933s][info][gc,phases      ] GC(539)   Other: 0.16ms
[2026-04-03T02:10:07.477+0600][81.933s][info][gc,heap        ] GC(539) Eden regions: 15->0(106)
[2026-04-03T02:10:07.477+0600][81.933s][info][gc,heap        ] GC(539) Survivor regions: 0->2(14)
[2026-04-03T02:10:07.477+0600][81.933s][info][gc,heap        ] GC(539) Old regions: 358->358
[2026-04-03T02:10:07.477+0600][81.933s][info][gc,heap        ] GC(539) Humongous regions: 8->8
[2026-04-03T02:10:07.477+0600][81.933s][info][gc,metaspace   ] GC(539) Metaspace: 131755K(133184K)->131755K(133184K) NonClass: 115195K(115840K)->115195K(115840K) Class: 16559K(17344K)->16559K(17344K)
[2026-04-03T02:10:07.477+0600][81.933s][info][gc             ] GC(539) Pause Young (Concurrent Start) (GCLocker Initiated GC) 379M->365M(500M) 3.857ms
[2026-04-03T02:10:07.477+0600][81.933s][info][gc             ] GC(540) Concurrent Mark Cycle
[2026-04-03T02:10:07.477+0600][81.933s][info][gc,cpu         ] GC(539) User=0.02s Sys=0.00s Real=0.00s
[2026-04-03T02:10:07.477+0600][81.933s][info][gc,marking     ] GC(540) Concurrent Scan Root Regions
[2026-04-03T02:10:07.480+0600][81.936s][info][gc,marking     ] GC(540) Concurrent Scan Root Regions 2.375ms
[2026-04-03T02:10:07.480+0600][81.936s][info][gc,marking     ] GC(540) Concurrent Mark
[2026-04-03T02:10:07.480+0600][81.936s][info][gc,marking     ] GC(540) Concurrent Mark From Roots
[2026-04-03T02:10:07.480+0600][81.936s][info][gc,task        ] GC(540) Using 3 workers of 3 for marking
[2026-04-03T02:10:07.585+0600][82.041s][info][gc,start       ] GC(541) Pause Young (Normal) (GCLocker Initiated GC)
[2026-04-03T02:10:07.585+0600][82.041s][info][gc,task        ] GC(541) Using 10 workers of 10 for evacuation
[2026-04-03T02:10:07.590+0600][82.046s][info][gc,phases      ] GC(541)   Pre Evacuate Collection Set: 0.45ms
[2026-04-03T02:10:07.590+0600][82.046s][info][gc,phases      ] GC(541)   Merge Heap Roots: 0.24ms
[2026-04-03T02:10:07.590+0600][82.046s][info][gc,phases      ] GC(541)   Evacuate Collection Set: 2.37ms
[2026-04-03T02:10:07.590+0600][82.046s][info][gc,phases      ] GC(541)   Post Evacuate Collection Set: 1.43ms
[2026-04-03T02:10:07.590+0600][82.046s][info][gc,phases      ] GC(541)   Other: 0.12ms
[2026-04-03T02:10:07.590+0600][82.046s][info][gc,heap        ] GC(541) Eden regions: 69->0(69)
[2026-04-03T02:10:07.590+0600][82.046s][info][gc,heap        ] GC(541) Survivor regions: 2->0(0)
[2026-04-03T02:10:07.590+0600][82.046s][info][gc,heap        ] GC(541) Old regions: 358->398
[2026-04-03T02:10:07.590+0600][82.046s][info][gc,heap        ] GC(541) Humongous regions: 71->8
[2026-04-03T02:10:07.590+0600][82.046s][info][gc,metaspace   ] GC(541) Metaspace: 131755K(133184K)->131755K(133184K) NonClass: 115195K(115840K)->115195K(115840K) Class: 16559K(17344K)->16559K(17344K)
[2026-04-03T02:10:07.590+0600][82.046s][info][gc             ] GC(541) Pause Young (Normal) (GCLocker Initiated GC) (Evacuation Failure) 497M->403M(500M) 4.990ms
[2026-04-03T02:10:07.590+0600][82.046s][info][gc,cpu         ] GC(541) User=0.03s Sys=0.00s Real=0.01s
[2026-04-03T02:10:07.616+0600][82.072s][info][gc,marking     ] GC(540) Concurrent Mark From Roots 135.911ms
[2026-04-03T02:10:07.616+0600][82.072s][info][gc,marking     ] GC(540) Concurrent Preclean
[2026-04-03T02:10:07.616+0600][82.072s][info][gc,marking     ] GC(540) Concurrent Preclean 0.310ms
[2026-04-03T02:10:07.617+0600][82.072s][info][gc,start       ] GC(540) Pause Remark
[2026-04-03T02:10:07.626+0600][82.082s][info][gc             ] GC(540) Pause Remark 433M->406M(500M) 9.619ms
[2026-04-03T02:10:07.626+0600][82.082s][info][gc,cpu         ] GC(540) User=0.07s Sys=0.00s Real=0.01s
[2026-04-03T02:10:07.627+0600][82.083s][info][gc,marking     ] GC(540) Concurrent Mark 146.810ms
[2026-04-03T02:10:07.627+0600][82.083s][info][gc,marking     ] GC(540) Concurrent Rebuild Remembered Sets and Scrub Regions
[2026-04-03T02:10:07.673+0600][82.129s][info][gc,marking     ] GC(540) Concurrent Rebuild Remembered Sets and Scrub Regions 45.855ms
[2026-04-03T02:10:07.673+0600][82.129s][info][gc,start       ] GC(540) Pause Cleanup
[2026-04-03T02:10:07.674+0600][82.130s][info][gc             ] GC(540) Pause Cleanup 462M->462M(500M) 0.607ms
[2026-04-03T02:10:07.674+0600][82.130s][info][gc,cpu         ] GC(540) User=0.00s Sys=0.00s Real=0.00s
[2026-04-03T02:10:07.674+0600][82.130s][info][gc,marking     ] GC(540) Concurrent Clear Claimed Marks
[2026-04-03T02:10:07.674+0600][82.130s][info][gc,marking     ] GC(540) Concurrent Clear Claimed Marks 0.338ms
[2026-04-03T02:10:07.674+0600][82.130s][info][gc,marking     ] GC(540) Concurrent Cleanup for Next Mark
[2026-04-03T02:10:07.675+0600][82.131s][info][gc,marking     ] GC(540) Concurrent Cleanup for Next Mark 0.848ms
[2026-04-03T02:10:07.675+0600][82.131s][info][gc             ] GC(540) Concurrent Mark Cycle 197.958ms
[2026-04-03T02:10:07.702+0600][82.158s][info][gc,start       ] GC(542) Pause Young (Prepare Mixed) (G1 Evacuation Pause)
[2026-04-03T02:10:07.702+0600][82.158s][info][gc,task        ] GC(542) Using 10 workers of 10 for evacuation
[2026-04-03T02:10:07.705+0600][82.161s][info][gc,phases      ] GC(542)   Pre Evacuate Collection Set: 0.43ms
[2026-04-03T02:10:07.705+0600][82.161s][info][gc,phases      ] GC(542)   Merge Heap Roots: 0.13ms
[2026-04-03T02:10:07.705+0600][82.161s][info][gc,phases      ] GC(542)   Evacuate Collection Set: 1.25ms
[2026-04-03T02:10:07.705+0600][82.161s][info][gc,phases      ] GC(542)   Post Evacuate Collection Set: 1.03ms
[2026-04-03T02:10:07.705+0600][82.161s][info][gc,phases      ] GC(542)   Other: 0.09ms
[2026-04-03T02:10:07.705+0600][82.161s][info][gc,heap        ] GC(542) Eden regions: 65->0(60)
[2026-04-03T02:10:07.705+0600][82.161s][info][gc,heap        ] GC(542) Survivor regions: 0->0(0)
[2026-04-03T02:10:07.705+0600][82.161s][info][gc,heap        ] GC(542) Old regions: 371->407
[2026-04-03T02:10:07.705+0600][82.161s][info][gc,heap        ] GC(542) Humongous regions: 64->8
[2026-04-03T02:10:07.705+0600][82.161s][info][gc,metaspace   ] GC(542) Metaspace: 131755K(133184K)->131755K(133184K) NonClass: 115195K(115840K)->115195K(115840K) Class: 16559K(17344K)->16559K(17344K)
[2026-04-03T02:10:07.705+0600][82.161s][info][gc             ] GC(542) Pause Young (Prepare Mixed) (G1 Evacuation Pause) (Evacuation Failure) 497M->412M(500M) 3.207ms
[2026-04-03T02:10:07.705+0600][82.161s][info][gc,cpu         ] GC(542) User=0.03s Sys=0.00s Real=0.00s
[2026-04-03T02:10:07.759+0600][82.215s][info][gc,start       ] GC(543) Pause Young (Mixed) (GCLocker Initiated GC)
[2026-04-03T02:10:07.759+0600][82.215s][info][gc,task        ] GC(543) Using 10 workers of 10 for evacuation
[2026-04-03T02:10:07.764+0600][82.220s][info][gc,phases      ] GC(543)   Pre Evacuate Collection Set: 0.40ms
[2026-04-03T02:10:07.764+0600][82.220s][info][gc,phases      ] GC(543)   Merge Heap Roots: 0.26ms
[2026-04-03T02:10:07.764+0600][82.220s][info][gc,phases      ] GC(543)   Evacuate Collection Set: 2.45ms
[2026-04-03T02:10:07.764+0600][82.220s][info][gc,phases      ] GC(543)   Post Evacuate Collection Set: 1.70ms
[2026-04-03T02:10:07.764+0600][82.220s][info][gc,phases      ] GC(543)   Other: 0.12ms
[2026-04-03T02:10:07.764+0600][82.220s][info][gc,heap        ] GC(543) Eden regions: 50->0(44)
[2026-04-03T02:10:07.764+0600][82.220s][info][gc,heap        ] GC(543) Survivor regions: 0->1(1)
[2026-04-03T02:10:07.764+0600][82.220s][info][gc,heap        ] GC(543) Old regions: 407->422
[2026-04-03T02:10:07.764+0600][82.220s][info][gc,heap        ] GC(543) Humongous regions: 42->8
[2026-04-03T02:10:07.764+0600][82.220s][info][gc,metaspace   ] GC(543) Metaspace: 131755K(133184K)->131755K(133184K) NonClass: 115195K(115840K)->115195K(115840K) Class: 16559K(17344K)->16559K(17344K)
[2026-04-03T02:10:07.764+0600][82.220s][info][gc             ] GC(543) Pause Young (Mixed) (GCLocker Initiated GC) (Evacuation Failure) 496M->428M(500M) 5.258ms
[2026-04-03T02:10:07.764+0600][82.220s][info][gc,cpu         ] GC(543) User=0.04s Sys=0.00s Real=0.01s
[2026-04-03T02:10:07.805+0600][82.260s][info][gc,start       ] GC(544) Pause Young (Mixed) (G1 Humongous Allocation)
[2026-04-03T02:10:07.805+0600][82.261s][info][gc,task        ] GC(544) Using 10 workers of 10 for evacuation
[2026-04-03T02:10:07.808+0600][82.263s][info][gc,phases      ] GC(544)   Pre Evacuate Collection Set: 0.53ms
[2026-04-03T02:10:07.808+0600][82.264s][info][gc,phases      ] GC(544)   Merge Heap Roots: 0.17ms
[2026-04-03T02:10:07.808+0600][82.264s][info][gc,phases      ] GC(544)   Evacuate Collection Set: 0.97ms
[2026-04-03T02:10:07.808+0600][82.264s][info][gc,phases      ] GC(544)   Post Evacuate Collection Set: 1.16ms
[2026-04-03T02:10:07.808+0600][82.264s][info][gc,phases      ] GC(544)   Other: 0.11ms
[2026-04-03T02:10:07.808+0600][82.264s][info][gc,heap        ] GC(544) Eden regions: 38->0(25)
[2026-04-03T02:10:07.808+0600][82.264s][info][gc,heap        ] GC(544) Survivor regions: 1->0(0)
[2026-04-03T02:10:07.808+0600][82.264s][info][gc,heap        ] GC(544) Old regions: 422->445
[2026-04-03T02:10:07.808+0600][82.264s][info][gc,heap        ] GC(544) Humongous regions: 39->8
[2026-04-03T02:10:07.808+0600][82.264s][info][gc,metaspace   ] GC(544) Metaspace: 131755K(133184K)->131755K(133184K) NonClass: 115195K(115840K)->115195K(115840K) Class: 16559K(17344K)->16559K(17344K)
[2026-04-03T02:10:07.808+0600][82.264s][info][gc             ] GC(544) Pause Young (Mixed) (G1 Humongous Allocation) (Evacuation Failure) 496M->449M(500M) 3.328ms
[2026-04-03T02:10:07.808+0600][82.264s][info][gc,cpu         ] GC(544) User=0.02s Sys=0.00s Real=0.00s
[2026-04-03T02:10:07.840+0600][82.295s][info][gc,start       ] GC(545) Pause Young (Mixed) (G1 Humongous Allocation)
[2026-04-03T02:10:07.840+0600][82.296s][info][gc,task        ] GC(545) Using 10 workers of 10 for evacuation
[2026-04-03T02:10:07.842+0600][82.298s][info][gc,phases      ] GC(545)   Pre Evacuate Collection Set: 0.48ms
[2026-04-03T02:10:07.842+0600][82.298s][info][gc,phases      ] GC(545)   Merge Heap Roots: 0.12ms
[2026-04-03T02:10:07.842+0600][82.298s][info][gc,phases      ] GC(545)   Evacuate Collection Set: 1.09ms
[2026-04-03T02:10:07.842+0600][82.298s][info][gc,phases      ] GC(545)   Post Evacuate Collection Set: 0.40ms
[2026-04-03T02:10:07.842+0600][82.298s][info][gc,phases      ] GC(545)   Other: 0.09ms
[2026-04-03T02:10:07.842+0600][82.298s][info][gc,heap        ] GC(545) Eden regions: 24->0(65)
[2026-04-03T02:10:07.842+0600][82.298s][info][gc,heap        ] GC(545) Survivor regions: 0->1(2)
[2026-04-03T02:10:07.842+0600][82.298s][info][gc,heap        ] GC(545) Old regions: 445->396
[2026-04-03T02:10:07.842+0600][82.298s][info][gc,heap        ] GC(545) Humongous regions: 29->13
[2026-04-03T02:10:07.842+0600][82.298s][info][gc,metaspace   ] GC(545) Metaspace: 131755K(133184K)->131755K(133184K) NonClass: 115195K(115840K)->115195K(115840K) Class: 16559K(17344K)->16559K(17344K)
[2026-04-03T02:10:07.842+0600][82.298s][info][gc             ] GC(545) Pause Young (Mixed) (G1 Humongous Allocation) 494M->405M(500M) 2.417ms
[2026-04-03T02:10:07.842+0600][82.298s][info][gc,cpu         ] GC(545) User=0.01s Sys=0.00s Real=0.01s
[2026-04-03T02:10:07.874+0600][82.329s][info][gc,start       ] GC(546) Pause Young (Mixed) (G1 Humongous Allocation)
[2026-04-03T02:10:07.874+0600][82.329s][info][gc,task        ] GC(546) Using 10 workers of 10 for evacuation
[2026-04-03T02:10:07.876+0600][82.331s][info][gc,phases      ] GC(546)   Pre Evacuate Collection Set: 0.37ms
[2026-04-03T02:10:07.876+0600][82.332s][info][gc,phases      ] GC(546)   Merge Heap Roots: 0.19ms
[2026-04-03T02:10:07.876+0600][82.332s][info][gc,phases      ] GC(546)   Evacuate Collection Set: 0.98ms
[2026-04-03T02:10:07.876+0600][82.332s][info][gc,phases      ] GC(546)   Post Evacuate Collection Set: 0.37ms
[2026-04-03T02:10:07.876+0600][82.332s][info][gc,phases      ] GC(546)   Other: 0.09ms
[2026-04-03T02:10:07.876+0600][82.332s][info][gc,heap        ] GC(546) Eden regions: 33->0(115)
[2026-04-03T02:10:07.876+0600][82.332s][info][gc,heap        ] GC(546) Survivor regions: 1->1(9)
[2026-04-03T02:10:07.876+0600][82.332s][info][gc,heap        ] GC(546) Old regions: 396->346
[2026-04-03T02:10:07.876+0600][82.332s][info][gc,heap        ] GC(546) Humongous regions: 34->13
[2026-04-03T02:10:07.876+0600][82.332s][info][gc,metaspace   ] GC(546) Metaspace: 131755K(133184K)->131755K(133184K) NonClass: 115195K(115840K)->115195K(115840K) Class: 16559K(17344K)->16559K(17344K)
[2026-04-03T02:10:07.876+0600][82.332s][info][gc             ] GC(546) Pause Young (Mixed) (G1 Humongous Allocation) 458M->356M(500M) 2.255ms
[2026-04-03T02:10:07.876+0600][82.332s][info][gc,cpu         ] GC(546) User=0.02s Sys=0.00s Real=0.00s
[2026-04-03T02:10:07.906+0600][82.362s][info][gc,start       ] GC(547) Pause Young (Mixed) (G1 Humongous Allocation)
[2026-04-03T02:10:07.906+0600][82.362s][info][gc,task        ] GC(547) Using 10 workers of 10 for evacuation
[2026-04-03T02:10:07.908+0600][82.364s][info][gc,phases      ] GC(547)   Pre Evacuate Collection Set: 0.30ms
[2026-04-03T02:10:07.908+0600][82.364s][info][gc,phases      ] GC(547)   Merge Heap Roots: 0.11ms
[2026-04-03T02:10:07.909+0600][82.364s][info][gc,phases      ] GC(547)   Evacuate Collection Set: 1.28ms
[2026-04-03T02:10:07.909+0600][82.364s][info][gc,phases      ] GC(547)   Post Evacuate Collection Set: 0.62ms
[2026-04-03T02:10:07.909+0600][82.364s][info][gc,phases      ] GC(547)   Other: 0.09ms
[2026-04-03T02:10:07.909+0600][82.364s][info][gc,heap        ] GC(547) Eden regions: 25->0(135)
[2026-04-03T02:10:07.909+0600][82.364s][info][gc,heap        ] GC(547) Survivor regions: 1->1(15)
[2026-04-03T02:10:07.909+0600][82.364s][info][gc,heap        ] GC(547) Old regions: 346->326
[2026-04-03T02:10:07.909+0600][82.364s][info][gc,heap        ] GC(547) Humongous regions: 34->13
[2026-04-03T02:10:07.909+0600][82.364s][info][gc,metaspace   ] GC(547) Metaspace: 131755K(133184K)->131755K(133184K) NonClass: 115195K(115840K)->115195K(115840K) Class: 16559K(17344K)->16559K(17344K)
[2026-04-03T02:10:07.909+0600][82.364s][info][gc             ] GC(547) Pause Young (Mixed) (G1 Humongous Allocation) 401M->336M(500M) 2.653ms
[2026-04-03T02:10:07.909+0600][82.365s][info][gc,cpu         ] GC(547) User=0.02s Sys=0.00s Real=0.00s
[2026-04-03T02:10:07.927+0600][82.383s][info][gc,start       ] GC(548) Pause Young (Concurrent Start) (GCLocker Initiated GC)
[2026-04-03T02:10:07.927+0600][82.383s][info][gc,task        ] GC(548) Using 10 workers of 10 for evacuation
[2026-04-03T02:10:07.931+0600][82.387s][info][gc,phases      ] GC(548)   Pre Evacuate Collection Set: 0.61ms
[2026-04-03T02:10:07.931+0600][82.387s][info][gc,phases      ] GC(548)   Merge Heap Roots: 0.13ms
[2026-04-03T02:10:07.931+0600][82.387s][info][gc,phases      ] GC(548)   Evacuate Collection Set: 2.18ms
[2026-04-03T02:10:07.931+0600][82.387s][info][gc,phases      ] GC(548)   Post Evacuate Collection Set: 0.61ms
[2026-04-03T02:10:07.931+0600][82.387s][info][gc,phases      ] GC(548)   Other: 0.16ms
[2026-04-03T02:10:07.931+0600][82.387s][info][gc,heap        ] GC(548) Eden regions: 26->0(122)
[2026-04-03T02:10:07.931+0600][82.387s][info][gc,heap        ] GC(548) Survivor regions: 1->3(17)
[2026-04-03T02:10:07.931+0600][82.387s][info][gc,heap        ] GC(548) Old regions: 326->326
[2026-04-03T02:10:07.931+0600][82.387s][info][gc,heap        ] GC(548) Humongous regions: 18->13
[2026-04-03T02:10:07.931+0600][82.387s][info][gc,metaspace   ] GC(548) Metaspace: 131755K(133184K)->131755K(133184K) NonClass: 115195K(115840K)->115195K(115840K) Class: 16559K(17344K)->16559K(17344K)
[2026-04-03T02:10:07.931+0600][82.387s][info][gc             ] GC(548) Pause Young (Concurrent Start) (GCLocker Initiated GC) 366M->338M(500M) 4.026ms
[2026-04-03T02:10:07.932+0600][82.387s][info][gc,cpu         ] GC(548) User=0.02s Sys=0.00s Real=0.01s
[2026-04-03T02:10:07.932+0600][82.387s][info][gc             ] GC(549) Concurrent Mark Cycle
[2026-04-03T02:10:07.932+0600][82.388s][info][gc,marking     ] GC(549) Concurrent Scan Root Regions
[2026-04-03T02:10:07.934+0600][82.390s][info][gc,marking     ] GC(549) Concurrent Scan Root Regions 2.513ms
[2026-04-03T02:10:07.934+0600][82.390s][info][gc,marking     ] GC(549) Concurrent Mark
[2026-04-03T02:10:07.934+0600][82.390s][info][gc,marking     ] GC(549) Concurrent Mark From Roots
[2026-04-03T02:10:07.934+0600][82.390s][info][gc,task        ] GC(549) Using 3 workers of 3 for marking
[2026-04-03T02:10:08.036+0600][82.492s][info][gc,start       ] GC(550) Pause Young (Normal) (G1 Humongous Allocation)
[2026-04-03T02:10:08.036+0600][82.492s][info][gc,task        ] GC(550) Using 10 workers of 10 for evacuation
[2026-04-03T02:10:08.039+0600][82.495s][info][gc,phases      ] GC(550)   Pre Evacuate Collection Set: 0.50ms
[2026-04-03T02:10:08.039+0600][82.495s][info][gc,phases      ] GC(550)   Merge Heap Roots: 0.19ms
[2026-04-03T02:10:08.039+0600][82.495s][info][gc,phases      ] GC(550)   Evacuate Collection Set: 1.18ms
[2026-04-03T02:10:08.039+0600][82.495s][info][gc,phases      ] GC(550)   Post Evacuate Collection Set: 0.70ms
[2026-04-03T02:10:08.039+0600][82.495s][info][gc,phases      ] GC(550)   Other: 0.12ms
[2026-04-03T02:10:08.039+0600][82.495s][info][gc,heap        ] GC(550) Eden regions: 67->0(126)
[2026-04-03T02:10:08.039+0600][82.495s][info][gc,heap        ] GC(550) Survivor regions: 3->1(16)
[2026-04-03T02:10:08.039+0600][82.495s][info][gc,heap        ] GC(550) Old regions: 326->326
[2026-04-03T02:10:08.039+0600][82.495s][info][gc,heap        ] GC(550) Humongous regions: 71->13
[2026-04-03T02:10:08.039+0600][82.495s][info][gc,metaspace   ] GC(550) Metaspace: 131755K(133184K)->131755K(133184K) NonClass: 115195K(115840K)->115195K(115840K) Class: 16559K(17344K)->16559K(17344K)
[2026-04-03T02:10:08.039+0600][82.495s][info][gc             ] GC(550) Pause Young (Normal) (G1 Humongous Allocation) 463M->337M(500M) 3.100ms
[2026-04-03T02:10:08.039+0600][82.495s][info][gc,cpu         ] GC(550) User=0.02s Sys=0.00s Real=0.00s
[2026-04-03T02:10:08.054+0600][82.510s][info][gc,marking     ] GC(549) Concurrent Mark From Roots 120.034ms
[2026-04-03T02:10:08.054+0600][82.510s][info][gc,marking     ] GC(549) Concurrent Preclean
[2026-04-03T02:10:08.055+0600][82.511s][info][gc,marking     ] GC(549) Concurrent Preclean 0.631ms
[2026-04-03T02:10:08.055+0600][82.511s][info][gc,start       ] GC(549) Pause Remark
[2026-04-03T02:10:08.065+0600][82.520s][info][gc             ] GC(549) Pause Remark 356M->296M(500M) 9.057ms
[2026-04-03T02:10:08.065+0600][82.521s][info][gc,cpu         ] GC(549) User=0.07s Sys=0.00s Real=0.01s
[2026-04-03T02:10:08.065+0600][82.521s][info][gc,marking     ] GC(549) Concurrent Mark 130.682ms
[2026-04-03T02:10:08.065+0600][82.521s][info][gc,marking     ] GC(549) Concurrent Rebuild Remembered Sets and Scrub Regions
[2026-04-03T02:10:08.118+0600][82.574s][info][gc,marking     ] GC(549) Concurrent Rebuild Remembered Sets and Scrub Regions 52.971ms
[2026-04-03T02:10:08.119+0600][82.574s][info][gc,start       ] GC(549) Pause Cleanup
[2026-04-03T02:10:08.119+0600][82.575s][info][gc             ] GC(549) Pause Cleanup 354M->354M(500M) 0.708ms
[2026-04-03T02:10:08.119+0600][82.575s][info][gc,cpu         ] GC(549) User=0.00s Sys=0.00s Real=0.00s
[2026-04-03T02:10:08.120+0600][82.575s][info][gc,marking     ] GC(549) Concurrent Clear Claimed Marks
[2026-04-03T02:10:08.121+0600][82.577s][info][gc,marking     ] GC(549) Concurrent Clear Claimed Marks 1.448ms
[2026-04-03T02:10:08.121+0600][82.577s][info][gc,marking     ] GC(549) Concurrent Cleanup for Next Mark
[2026-04-03T02:10:08.122+0600][82.578s][info][gc,marking     ] GC(549) Concurrent Cleanup for Next Mark 1.095ms
[2026-04-03T02:10:08.122+0600][82.578s][info][gc             ] GC(549) Concurrent Mark Cycle 190.708ms
[2026-04-03T02:10:08.233+0600][82.689s][info][gc,start       ] GC(551) Pause Young (Prepare Mixed) (G1 Humongous Allocation)
[2026-04-03T02:10:08.233+0600][82.689s][info][gc,task        ] GC(551) Using 10 workers of 10 for evacuation
[2026-04-03T02:10:08.236+0600][82.692s][info][gc,phases      ] GC(551)   Pre Evacuate Collection Set: 0.30ms
[2026-04-03T02:10:08.236+0600][82.692s][info][gc,phases      ] GC(551)   Merge Heap Roots: 0.17ms
[2026-04-03T02:10:08.236+0600][82.692s][info][gc,phases      ] GC(551)   Evacuate Collection Set: 1.31ms
[2026-04-03T02:10:08.236+0600][82.692s][info][gc,phases      ] GC(551)   Post Evacuate Collection Set: 0.53ms
[2026-04-03T02:10:08.236+0600][82.692s][info][gc,phases      ] GC(551)   Other: 0.08ms
[2026-04-03T02:10:08.236+0600][82.692s][info][gc,heap        ] GC(551) Eden regions: 118->0(177)
[2026-04-03T02:10:08.236+0600][82.692s][info][gc,heap        ] GC(551) Survivor regions: 1->3(16)
[2026-04-03T02:10:08.236+0600][82.692s][info][gc,heap        ] GC(551) Old regions: 270->270
[2026-04-03T02:10:08.236+0600][82.692s][info][gc,heap        ] GC(551) Humongous regions: 78->8
[2026-04-03T02:10:08.236+0600][82.692s][info][gc,metaspace   ] GC(551) Metaspace: 131761K(133184K)->131761K(133184K) NonClass: 115200K(115840K)->115200K(115840K) Class: 16560K(17344K)->16560K(17344K)
[2026-04-03T02:10:08.236+0600][82.692s][info][gc             ] GC(551) Pause Young (Prepare Mixed) (G1 Humongous Allocation) 464M->278M(500M) 2.661ms
[2026-04-03T02:10:08.236+0600][82.692s][info][gc,cpu         ] GC(551) User=0.01s Sys=0.00s Real=0.00s
[2026-04-03T02:10:08.414+0600][82.869s][info][gc,start       ] GC(552) Pause Young (Mixed) (G1 Humongous Allocation)
[2026-04-03T02:10:08.414+0600][82.870s][info][gc,task        ] GC(552) Using 10 workers of 10 for evacuation
[2026-04-03T02:10:08.420+0600][82.876s][info][gc,phases      ] GC(552)   Pre Evacuate Collection Set: 0.44ms
[2026-04-03T02:10:08.420+0600][82.876s][info][gc,phases      ] GC(552)   Merge Heap Roots: 0.20ms
[2026-04-03T02:10:08.420+0600][82.876s][info][gc,phases      ] GC(552)   Evacuate Collection Set: 3.67ms
[2026-04-03T02:10:08.420+0600][82.876s][info][gc,phases      ] GC(552)   Post Evacuate Collection Set: 2.22ms
[2026-04-03T02:10:08.420+0600][82.876s][info][gc,phases      ] GC(552)   Other: 0.14ms
[2026-04-03T02:10:08.420+0600][82.876s][info][gc,heap        ] GC(552) Eden regions: 155->0(153)
[2026-04-03T02:10:08.420+0600][82.876s][info][gc,heap        ] GC(552) Survivor regions: 3->4(4)
[2026-04-03T02:10:08.420+0600][82.876s][info][gc,heap        ] GC(552) Old regions: 270->305
[2026-04-03T02:10:08.420+0600][82.876s][info][gc,heap        ] GC(552) Humongous regions: 68->8
[2026-04-03T02:10:08.420+0600][82.876s][info][gc,metaspace   ] GC(552) Metaspace: 131761K(133184K)->131761K(133184K) NonClass: 115200K(115840K)->115200K(115840K) Class: 16560K(17344K)->16560K(17344K)
[2026-04-03T02:10:08.421+0600][82.876s][info][gc             ] GC(552) Pause Young (Mixed) (G1 Humongous Allocation) (Evacuation Failure) 493M->315M(500M) 6.976ms
[2026-04-03T02:10:08.421+0600][82.877s][info][gc,cpu         ] GC(552) User=0.06s Sys=0.00s Real=0.01s
[2026-04-03T02:10:08.569+0600][83.024s][info][gc,start       ] GC(553) Pause Young (Mixed) (G1 Humongous Allocation)
[2026-04-03T02:10:08.569+0600][83.025s][info][gc,task        ] GC(553) Using 10 workers of 10 for evacuation
[2026-04-03T02:10:08.571+0600][83.027s][info][gc,phases      ] GC(553)   Pre Evacuate Collection Set: 0.37ms
[2026-04-03T02:10:08.571+0600][83.027s][info][gc,phases      ] GC(553)   Merge Heap Roots: 0.21ms
[2026-04-03T02:10:08.571+0600][83.027s][info][gc,phases      ] GC(553)   Evacuate Collection Set: 1.36ms
[2026-04-03T02:10:08.571+0600][83.027s][info][gc,phases      ] GC(553)   Post Evacuate Collection Set: 0.67ms
[2026-04-03T02:10:08.571+0600][83.027s][info][gc,phases      ] GC(553)   Other: 0.09ms
[2026-04-03T02:10:08.571+0600][83.027s][info][gc,heap        ] GC(553) Eden regions: 121->0(195)
[2026-04-03T02:10:08.571+0600][83.027s][info][gc,heap        ] GC(553) Survivor regions: 4->3(11)
[2026-04-03T02:10:08.571+0600][83.027s][info][gc,heap        ] GC(553) Old regions: 305->256
[2026-04-03T02:10:08.571+0600][83.027s][info][gc,heap        ] GC(553) Humongous regions: 59->8
[2026-04-03T02:10:08.571+0600][83.027s][info][gc,metaspace   ] GC(553) Metaspace: 131764K(133184K)->131764K(133184K) NonClass: 115203K(115840K)->115203K(115840K) Class: 16560K(17344K)->16560K(17344K)
[2026-04-03T02:10:08.572+0600][83.027s][info][gc             ] GC(553) Pause Young (Mixed) (G1 Humongous Allocation) 486M->263M(500M) 2.911ms
[2026-04-03T02:10:08.572+0600][83.027s][info][gc,cpu         ] GC(553) User=0.01s Sys=0.00s Real=0.01s
[2026-04-03T02:10:08.601+0600][83.057s][info][gc,start       ] GC(554) Pause Young (Mixed) (G1 Humongous Allocation)
[2026-04-03T02:10:08.601+0600][83.057s][info][gc,task        ] GC(554) Using 10 workers of 10 for evacuation
[2026-04-03T02:10:08.604+0600][83.060s][info][gc,phases      ] GC(554)   Pre Evacuate Collection Set: 0.32ms
[2026-04-03T02:10:08.605+0600][83.060s][info][gc,phases      ] GC(554)   Merge Heap Roots: 0.17ms
[2026-04-03T02:10:08.605+0600][83.060s][info][gc,phases      ] GC(554)   Evacuate Collection Set: 1.97ms
[2026-04-03T02:10:08.605+0600][83.060s][info][gc,phases      ] GC(554)   Post Evacuate Collection Set: 0.61ms
[2026-04-03T02:10:08.605+0600][83.060s][info][gc,phases      ] GC(554)   Other: 0.09ms
[2026-04-03T02:10:08.605+0600][83.060s][info][gc,heap        ] GC(554) Eden regions: 27->0(226)
[2026-04-03T02:10:08.605+0600][83.060s][info][gc,heap        ] GC(554) Survivor regions: 3->5(25)
[2026-04-03T02:10:08.605+0600][83.060s][info][gc,heap        ] GC(554) Old regions: 256->206
[2026-04-03T02:10:08.605+0600][83.060s][info][gc,heap        ] GC(554) Humongous regions: 91->13
[2026-04-03T02:10:08.605+0600][83.060s][info][gc,metaspace   ] GC(554) Metaspace: 131764K(133184K)->131764K(133184K) NonClass: 115203K(115840K)->115203K(115840K) Class: 16560K(17344K)->16560K(17344K)
[2026-04-03T02:10:08.605+0600][83.060s][info][gc             ] GC(554) Pause Young (Mixed) (G1 Humongous Allocation) 373M->221M(500M) 3.405ms
[2026-04-03T02:10:08.605+0600][83.061s][info][gc,cpu         ] GC(554) User=0.02s Sys=0.01s Real=0.00s
[2026-04-03T02:10:08.614+0600][83.070s][info][gc,start       ] GC(555) Pause Young (Mixed) (G1 Humongous Allocation)
[2026-04-03T02:10:08.614+0600][83.070s][info][gc,task        ] GC(555) Using 10 workers of 10 for evacuation
[2026-04-03T02:10:08.618+0600][83.074s][info][gc,phases      ] GC(555)   Pre Evacuate Collection Set: 0.48ms
[2026-04-03T02:10:08.618+0600][83.074s][info][gc,phases      ] GC(555)   Merge Heap Roots: 0.21ms
[2026-04-03T02:10:08.618+0600][83.074s][info][gc,phases      ] GC(555)   Evacuate Collection Set: 2.06ms
[2026-04-03T02:10:08.618+0600][83.074s][info][gc,phases      ] GC(555)   Post Evacuate Collection Set: 0.77ms
[2026-04-03T02:10:08.618+0600][83.074s][info][gc,phases      ] GC(555)   Other: 0.13ms
[2026-04-03T02:10:08.618+0600][83.074s][info][gc,heap        ] GC(555) Eden regions: 13->0(231)
[2026-04-03T02:10:08.618+0600][83.074s][info][gc,heap        ] GC(555) Survivor regions: 5->7(29)
[2026-04-03T02:10:08.618+0600][83.074s][info][gc,heap        ] GC(555) Old regions: 206->198
[2026-04-03T02:10:08.618+0600][83.074s][info][gc,heap        ] GC(555) Humongous regions: 168->13
[2026-04-03T02:10:08.618+0600][83.074s][info][gc,metaspace   ] GC(555) Metaspace: 131764K(133184K)->131764K(133184K) NonClass: 115203K(115840K)->115203K(115840K) Class: 16560K(17344K)->16560K(17344K)
[2026-04-03T02:10:08.618+0600][83.074s][info][gc             ] GC(555) Pause Young (Mixed) (G1 Humongous Allocation) 388M->214M(500M) 3.937ms
[2026-04-03T02:10:08.618+0600][83.074s][info][gc,cpu         ] GC(555) User=0.02s Sys=0.00s Real=0.00s
[2026-04-03T02:10:08.619+0600][83.075s][info][gc,start       ] GC(556) Pause Young (Concurrent Start) (G1 Humongous Allocation)
[2026-04-03T02:10:08.619+0600][83.075s][info][gc,task        ] GC(556) Using 10 workers of 10 for evacuation
[2026-04-03T02:10:08.623+0600][83.079s][info][gc,phases      ] GC(556)   Pre Evacuate Collection Set: 0.31ms
[2026-04-03T02:10:08.623+0600][83.079s][info][gc,phases      ] GC(556)   Merge Heap Roots: 0.21ms
[2026-04-03T02:10:08.623+0600][83.079s][info][gc,phases      ] GC(556)   Evacuate Collection Set: 2.15ms
[2026-04-03T02:10:08.623+0600][83.079s][info][gc,phases      ] GC(556)   Post Evacuate Collection Set: 0.86ms
[2026-04-03T02:10:08.623+0600][83.079s][info][gc,phases      ] GC(556)   Other: 0.22ms
[2026-04-03T02:10:08.623+0600][83.079s][info][gc,heap        ] GC(556) Eden regions: 1->0(219)
[2026-04-03T02:10:08.623+0600][83.079s][info][gc,heap        ] GC(556) Survivor regions: 7->7(30)
[2026-04-03T02:10:08.623+0600][83.079s][info][gc,heap        ] GC(556) Old regions: 198->198
[2026-04-03T02:10:08.623+0600][83.079s][info][gc,heap        ] GC(556) Humongous regions: 23->18
[2026-04-03T02:10:08.623+0600][83.079s][info][gc,metaspace   ] GC(556) Metaspace: 131764K(133184K)->131764K(133184K) NonClass: 115203K(115840K)->115203K(115840K) Class: 16560K(17344K)->16560K(17344K)
[2026-04-03T02:10:08.623+0600][83.079s][info][gc             ] GC(556) Pause Young (Concurrent Start) (G1 Humongous Allocation) 225M->219M(500M) 4.032ms
[2026-04-03T02:10:08.623+0600][83.079s][info][gc,cpu         ] GC(556) User=0.02s Sys=0.00s Real=0.01s
[2026-04-03T02:10:08.623+0600][83.079s][info][gc             ] GC(557) Concurrent Mark Cycle
[2026-04-03T02:10:08.623+0600][83.079s][info][gc,marking     ] GC(557) Concurrent Scan Root Regions
[2026-04-03T02:10:08.625+0600][83.081s][info][gc,marking     ] GC(557) Concurrent Scan Root Regions 1.665ms
[2026-04-03T02:10:08.625+0600][83.081s][info][gc,marking     ] GC(557) Concurrent Mark
[2026-04-03T02:10:08.625+0600][83.081s][info][gc,marking     ] GC(557) Concurrent Mark From Roots
[2026-04-03T02:10:08.625+0600][83.081s][info][gc,task        ] GC(557) Using 3 workers of 3 for marking
[2026-04-03T02:10:08.708+0600][83.163s][info][gc,start       ] GC(558) Pause Young (Normal) (G1 Humongous Allocation)
[2026-04-03T02:10:08.708+0600][83.163s][info][gc,task        ] GC(558) Using 10 workers of 10 for evacuation
[2026-04-03T02:10:08.712+0600][83.168s][info][gc,phases      ] GC(558)   Pre Evacuate Collection Set: 0.46ms
[2026-04-03T02:10:08.712+0600][83.168s][info][gc,phases      ] GC(558)   Merge Heap Roots: 0.25ms
[2026-04-03T02:10:08.712+0600][83.168s][info][gc,phases      ] GC(558)   Evacuate Collection Set: 2.28ms
[2026-04-03T02:10:08.712+0600][83.168s][info][gc,phases      ] GC(558)   Post Evacuate Collection Set: 0.98ms
[2026-04-03T02:10:08.712+0600][83.168s][info][gc,phases      ] GC(558)   Other: 0.10ms
[2026-04-03T02:10:08.712+0600][83.168s][info][gc,heap        ] GC(558) Eden regions: 49->0(228)
[2026-04-03T02:10:08.712+0600][83.168s][info][gc,heap        ] GC(558) Survivor regions: 7->6(29)
[2026-04-03T02:10:08.712+0600][83.168s][info][gc,heap        ] GC(558) Old regions: 198->198
[2026-04-03T02:10:08.712+0600][83.168s][info][gc,heap        ] GC(558) Humongous regions: 167->8
[2026-04-03T02:10:08.712+0600][83.168s][info][gc,metaspace   ] GC(558) Metaspace: 131764K(133184K)->131764K(133184K) NonClass: 115203K(115840K)->115203K(115840K) Class: 16560K(17344K)->16560K(17344K)
[2026-04-03T02:10:08.712+0600][83.168s][info][gc             ] GC(558) Pause Young (Normal) (G1 Humongous Allocation) 417M->208M(500M) 4.424ms
[2026-04-03T02:10:08.712+0600][83.168s][info][gc,cpu         ] GC(558) User=0.02s Sys=0.01s Real=0.01s
[2026-04-03T02:10:08.725+0600][83.181s][info][gc,start       ] GC(559) Pause Young (Normal) (G1 Humongous Allocation)
[2026-04-03T02:10:08.725+0600][83.181s][info][gc,task        ] GC(559) Using 10 workers of 10 for evacuation
[2026-04-03T02:10:08.730+0600][83.186s][info][gc,phases      ] GC(559)   Pre Evacuate Collection Set: 0.44ms
[2026-04-03T02:10:08.730+0600][83.186s][info][gc,phases      ] GC(559)   Merge Heap Roots: 0.24ms
[2026-04-03T02:10:08.730+0600][83.186s][info][gc,phases      ] GC(559)   Evacuate Collection Set: 2.42ms
[2026-04-03T02:10:08.730+0600][83.186s][info][gc,phases      ] GC(559)   Post Evacuate Collection Set: 1.22ms
[2026-04-03T02:10:08.730+0600][83.186s][info][gc,phases      ] GC(559)   Other: 0.13ms
[2026-04-03T02:10:08.730+0600][83.186s][info][gc,heap        ] GC(559) Eden regions: 10->0(227)
[2026-04-03T02:10:08.730+0600][83.186s][info][gc,heap        ] GC(559) Survivor regions: 6->7(30)
[2026-04-03T02:10:08.730+0600][83.186s][info][gc,heap        ] GC(559) Old regions: 198->198
[2026-04-03T02:10:08.730+0600][83.186s][info][gc,heap        ] GC(559) Humongous regions: 178->8
[2026-04-03T02:10:08.730+0600][83.186s][info][gc,metaspace   ] GC(559) Metaspace: 131764K(133184K)->131764K(133184K) NonClass: 115203K(115840K)->115203K(115840K) Class: 16560K(17344K)->16560K(17344K)
[2026-04-03T02:10:08.730+0600][83.186s][info][gc             ] GC(559) Pause Young (Normal) (G1 Humongous Allocation) 388M->210M(500M) 5.037ms
[2026-04-03T02:10:08.730+0600][83.186s][info][gc,cpu         ] GC(559) User=0.03s Sys=0.00s Real=0.01s
[2026-04-03T02:10:08.738+0600][83.194s][info][gc,marking     ] GC(557) Concurrent Mark From Roots 113.043ms
[2026-04-03T02:10:08.738+0600][83.194s][info][gc,marking     ] GC(557) Concurrent Preclean
[2026-04-03T02:10:08.739+0600][83.195s][info][gc,marking     ] GC(557) Concurrent Preclean 0.699ms
[2026-04-03T02:10:08.740+0600][83.195s][info][gc,start       ] GC(557) Pause Remark
[2026-04-03T02:10:08.749+0600][83.205s][info][gc             ] GC(557) Pause Remark 322M->284M(500M) 9.161ms
[2026-04-03T02:10:08.749+0600][83.205s][info][gc,cpu         ] GC(557) User=0.06s Sys=0.00s Real=0.01s
[2026-04-03T02:10:08.749+0600][83.205s][info][gc,marking     ] GC(557) Concurrent Mark 124.098ms
[2026-04-03T02:10:08.749+0600][83.205s][info][gc,marking     ] GC(557) Concurrent Rebuild Remembered Sets and Scrub Regions
[2026-04-03T02:10:08.791+0600][83.246s][info][gc,marking     ] GC(557) Concurrent Rebuild Remembered Sets and Scrub Regions 41.319ms
[2026-04-03T02:10:08.791+0600][83.247s][info][gc,start       ] GC(557) Pause Cleanup
[2026-04-03T02:10:08.792+0600][83.247s][info][gc             ] GC(557) Pause Cleanup 377M->377M(500M) 0.464ms
[2026-04-03T02:10:08.792+0600][83.248s][info][gc,cpu         ] GC(557) User=0.01s Sys=0.00s Real=0.00s
[2026-04-03T02:10:08.792+0600][83.248s][info][gc,marking     ] GC(557) Concurrent Clear Claimed Marks
[2026-04-03T02:10:08.792+0600][83.248s][info][gc,marking     ] GC(557) Concurrent Clear Claimed Marks 0.384ms
[2026-04-03T02:10:08.792+0600][83.248s][info][gc,marking     ] GC(557) Concurrent Cleanup for Next Mark
[2026-04-03T02:10:08.793+0600][83.249s][info][gc,marking     ] GC(557) Concurrent Cleanup for Next Mark 0.706ms
[2026-04-03T02:10:08.793+0600][83.249s][info][gc             ] GC(557) Concurrent Mark Cycle 169.581ms
[2026-04-03T02:10:08.889+0600][83.345s][info][gc,start       ] GC(560) Pause Young (Prepare Mixed) (G1 Humongous Allocation)
[2026-04-03T02:10:08.889+0600][83.345s][info][gc,task        ] GC(560) Using 10 workers of 10 for evacuation
[2026-04-03T02:10:08.893+0600][83.348s][info][gc,phases      ] GC(560)   Pre Evacuate Collection Set: 0.42ms
[2026-04-03T02:10:08.893+0600][83.348s][info][gc,phases      ] GC(560)   Merge Heap Roots: 0.19ms
[2026-04-03T02:10:08.893+0600][83.348s][info][gc,phases      ] GC(560)   Evacuate Collection Set: 1.72ms
[2026-04-03T02:10:08.893+0600][83.349s][info][gc,phases      ] GC(560)   Post Evacuate Collection Set: 1.34ms
[2026-04-03T02:10:08.893+0600][83.349s][info][gc,phases      ] GC(560)   Other: 0.11ms
[2026-04-03T02:10:08.893+0600][83.349s][info][gc,heap        ] GC(560) Eden regions: 103->0(267)
[2026-04-03T02:10:08.893+0600][83.349s][info][gc,heap        ] GC(560) Survivor regions: 7->6(16)
[2026-04-03T02:10:08.893+0600][83.349s][info][gc,heap        ] GC(560) Old regions: 160->160
[2026-04-03T02:10:08.893+0600][83.349s][info][gc,heap        ] GC(560) Humongous regions: 214->8
[2026-04-03T02:10:08.893+0600][83.349s][info][gc,metaspace   ] GC(560) Metaspace: 131772K(133184K)->131772K(133184K) NonClass: 115212K(115840K)->115212K(115840K) Class: 16560K(17344K)->16560K(17344K)
[2026-04-03T02:10:08.893+0600][83.349s][info][gc             ] GC(560) Pause Young (Prepare Mixed) (G1 Humongous Allocation) 480M->170M(500M) 4.042ms
[2026-04-03T02:10:08.893+0600][83.349s][info][gc,cpu         ] GC(560) User=0.02s Sys=0.00s Real=0.01s
[2026-04-03T02:10:09.241+0600][83.697s][info][gc,start       ] GC(561) Pause Young (Mixed) (G1 Humongous Allocation)
[2026-04-03T02:10:09.241+0600][83.697s][info][gc,task        ] GC(561) Using 10 workers of 10 for evacuation
[2026-04-03T02:10:09.244+0600][83.700s][info][gc,phases      ] GC(561)   Pre Evacuate Collection Set: 0.53ms
[2026-04-03T02:10:09.244+0600][83.700s][info][gc,phases      ] GC(561)   Merge Heap Roots: 0.24ms
[2026-04-03T02:10:09.245+0600][83.700s][info][gc,phases      ] GC(561)   Evacuate Collection Set: 1.50ms
[2026-04-03T02:10:09.245+0600][83.700s][info][gc,phases      ] GC(561)   Post Evacuate Collection Set: 0.56ms
[2026-04-03T02:10:09.245+0600][83.700s][info][gc,phases      ] GC(561)   Other: 0.11ms
[2026-04-03T02:10:09.245+0600][83.700s][info][gc,heap        ] GC(561) Eden regions: 224->0(295)
[2026-04-03T02:10:09.245+0600][83.700s][info][gc,heap        ] GC(561) Survivor regions: 6->5(18)
[2026-04-03T02:10:09.245+0600][83.700s][info][gc,heap        ] GC(561) Old regions: 160->111
[2026-04-03T02:10:09.245+0600][83.700s][info][gc,heap        ] GC(561) Humongous regions: 92->8
[2026-04-03T02:10:09.245+0600][83.700s][info][gc,metaspace   ] GC(561) Metaspace: 131773K(133184K)->131773K(133184K) NonClass: 115213K(115840K)->115213K(115840K) Class: 16560K(17344K)->16560K(17344K)
[2026-04-03T02:10:09.245+0600][83.700s][info][gc             ] GC(561) Pause Young (Mixed) (G1 Humongous Allocation) 477M->121M(500M) 3.216ms
[2026-04-03T02:10:09.245+0600][83.701s][info][gc,cpu         ] GC(561) User=0.01s Sys=0.00s Real=0.00s
[2026-04-03T02:10:09.265+0600][83.721s][info][gc,start       ] GC(562) Pause Young (Concurrent Start) (GCLocker Initiated GC)
[2026-04-03T02:10:09.265+0600][83.721s][info][gc,task        ] GC(562) Using 10 workers of 10 for evacuation
[2026-04-03T02:10:09.270+0600][83.726s][info][gc,phases      ] GC(562)   Pre Evacuate Collection Set: 0.66ms
[2026-04-03T02:10:09.270+0600][83.726s][info][gc,phases      ] GC(562)   Merge Heap Roots: 0.23ms
[2026-04-03T02:10:09.270+0600][83.726s][info][gc,phases      ] GC(562)   Evacuate Collection Set: 2.45ms
[2026-04-03T02:10:09.270+0600][83.726s][info][gc,phases      ] GC(562)   Post Evacuate Collection Set: 0.82ms
[2026-04-03T02:10:09.270+0600][83.726s][info][gc,phases      ] GC(562)   Other: 0.27ms
[2026-04-03T02:10:09.270+0600][83.726s][info][gc,heap        ] GC(562) Eden regions: 26->0(292)
[2026-04-03T02:10:09.270+0600][83.726s][info][gc,heap        ] GC(562) Survivor regions: 5->6(38)
[2026-04-03T02:10:09.270+0600][83.726s][info][gc,heap        ] GC(562) Old regions: 111->111
[2026-04-03T02:10:09.270+0600][83.726s][info][gc,heap        ] GC(562) Humongous regions: 13->8
[2026-04-03T02:10:09.270+0600][83.726s][info][gc,metaspace   ] GC(562) Metaspace: 131773K(133184K)->131773K(133184K) NonClass: 115213K(115840K)->115213K(115840K) Class: 16560K(17344K)->16560K(17344K)
[2026-04-03T02:10:09.270+0600][83.726s][info][gc             ] GC(562) Pause Young (Concurrent Start) (GCLocker Initiated GC) 151M->122M(500M) 4.842ms
[2026-04-03T02:10:09.270+0600][83.726s][info][gc             ] GC(563) Concurrent Mark Cycle
[2026-04-03T02:10:09.270+0600][83.726s][info][gc,marking     ] GC(563) Concurrent Scan Root Regions
[2026-04-03T02:10:09.270+0600][83.726s][info][gc,cpu         ] GC(562) User=0.03s Sys=0.01s Real=0.01s
[2026-04-03T02:10:09.272+0600][83.728s][info][gc,marking     ] GC(563) Concurrent Scan Root Regions 2.235ms
[2026-04-03T02:10:09.272+0600][83.728s][info][gc,marking     ] GC(563) Concurrent Mark
[2026-04-03T02:10:09.272+0600][83.728s][info][gc,marking     ] GC(563) Concurrent Mark From Roots
[2026-04-03T02:10:09.272+0600][83.728s][info][gc,task        ] GC(563) Using 3 workers of 3 for marking
[2026-04-03T02:10:09.398+0600][83.854s][info][gc,marking     ] GC(563) Concurrent Mark From Roots 125.318ms
[2026-04-03T02:10:09.398+0600][83.854s][info][gc,marking     ] GC(563) Concurrent Preclean
[2026-04-03T02:10:09.398+0600][83.854s][info][gc,marking     ] GC(563) Concurrent Preclean 0.502ms
[2026-04-03T02:10:09.399+0600][83.855s][info][gc,start       ] GC(563) Pause Remark
[2026-04-03T02:10:09.409+0600][83.864s][info][gc             ] GC(563) Pause Remark 278M->278M(500M) 9.850ms
[2026-04-03T02:10:09.409+0600][83.865s][info][gc,cpu         ] GC(563) User=0.07s Sys=0.00s Real=0.01s
[2026-04-03T02:10:09.409+0600][83.865s][info][gc,marking     ] GC(563) Concurrent Mark 136.424ms
[2026-04-03T02:10:09.409+0600][83.865s][info][gc,marking     ] GC(563) Concurrent Rebuild Remembered Sets and Scrub Regions
[2026-04-03T02:10:09.458+0600][83.914s][info][gc,marking     ] GC(563) Concurrent Rebuild Remembered Sets and Scrub Regions 48.916ms
[2026-04-03T02:10:09.458+0600][83.914s][info][gc,start       ] GC(563) Pause Cleanup
[2026-04-03T02:10:09.459+0600][83.915s][info][gc             ] GC(563) Pause Cleanup 328M->328M(500M) 0.431ms
[2026-04-03T02:10:09.459+0600][83.915s][info][gc,cpu         ] GC(563) User=0.00s Sys=0.00s Real=0.00s
[2026-04-03T02:10:09.459+0600][83.915s][info][gc,marking     ] GC(563) Concurrent Clear Claimed Marks
[2026-04-03T02:10:09.459+0600][83.915s][info][gc,marking     ] GC(563) Concurrent Clear Claimed Marks 0.377ms
[2026-04-03T02:10:09.459+0600][83.915s][info][gc,marking     ] GC(563) Concurrent Cleanup for Next Mark
[2026-04-03T02:10:09.460+0600][83.916s][info][gc,marking     ] GC(563) Concurrent Cleanup for Next Mark 0.746ms
[2026-04-03T02:10:09.460+0600][83.916s][info][gc             ] GC(563) Concurrent Mark Cycle 190.206ms
[2026-04-03T02:10:09.592+0600][84.048s][info][gc,start       ] GC(564) Pause Young (Prepare Mixed) (GCLocker Initiated GC)
[2026-04-03T02:10:09.592+0600][84.048s][info][gc,task        ] GC(564) Using 10 workers of 10 for evacuation
[2026-04-03T02:10:09.599+0600][84.055s][info][gc,phases      ] GC(564)   Pre Evacuate Collection Set: 0.42ms
[2026-04-03T02:10:09.599+0600][84.055s][info][gc,phases      ] GC(564)   Merge Heap Roots: 0.37ms
[2026-04-03T02:10:09.599+0600][84.055s][info][gc,phases      ] GC(564)   Evacuate Collection Set: 3.39ms
[2026-04-03T02:10:09.599+0600][84.055s][info][gc,phases      ] GC(564)   Post Evacuate Collection Set: 2.39ms
[2026-04-03T02:10:09.599+0600][84.055s][info][gc,phases      ] GC(564)   Other: 0.14ms
[2026-04-03T02:10:09.599+0600][84.055s][info][gc,heap        ] GC(564) Eden regions: 206->0(231)
[2026-04-03T02:10:09.599+0600][84.055s][info][gc,heap        ] GC(564) Survivor regions: 6->1(1)
[2026-04-03T02:10:09.599+0600][84.055s][info][gc,heap        ] GC(564) Old regions: 111->210
[2026-04-03T02:10:09.599+0600][84.055s][info][gc,heap        ] GC(564) Humongous regions: 176->8
[2026-04-03T02:10:09.599+0600][84.055s][info][gc,metaspace   ] GC(564) Metaspace: 131774K(133184K)->131774K(133184K) NonClass: 115214K(115840K)->115214K(115840K) Class: 16560K(17344K)->16560K(17344K)
[2026-04-03T02:10:09.599+0600][84.055s][info][gc             ] GC(564) Pause Young (Prepare Mixed) (GCLocker Initiated GC) (Evacuation Failure) 496M->217M(500M) 7.058ms
[2026-04-03T02:10:09.599+0600][84.055s][info][gc,cpu         ] GC(564) User=0.06s Sys=0.01s Real=0.00s
[2026-04-03T02:10:09.811+0600][84.267s][info][gc,start       ] GC(565) Pause Young (Mixed) (G1 Evacuation Pause)
[2026-04-03T02:10:09.811+0600][84.267s][info][gc,task        ] GC(565) Using 10 workers of 10 for evacuation
[2026-04-03T02:10:09.817+0600][84.273s][info][gc,phases      ] GC(565)   Pre Evacuate Collection Set: 0.40ms
[2026-04-03T02:10:09.817+0600][84.273s][info][gc,phases      ] GC(565)   Merge Heap Roots: 0.19ms
[2026-04-03T02:10:09.817+0600][84.273s][info][gc,phases      ] GC(565)   Evacuate Collection Set: 3.04ms
[2026-04-03T02:10:09.817+0600][84.273s][info][gc,phases      ] GC(565)   Post Evacuate Collection Set: 2.43ms
[2026-04-03T02:10:09.817+0600][84.273s][info][gc,phases      ] GC(565)   Other: 0.10ms
[2026-04-03T02:10:09.817+0600][84.273s][info][gc,heap        ] GC(565) Eden regions: 155->0(176)
[2026-04-03T02:10:09.817+0600][84.273s][info][gc,heap        ] GC(565) Survivor regions: 1->0(0)
[2026-04-03T02:10:09.817+0600][84.273s][info][gc,heap        ] GC(565) Old regions: 210->284
[2026-04-03T02:10:09.817+0600][84.273s][info][gc,heap        ] GC(565) Humongous regions: 134->10
[2026-04-03T02:10:09.817+0600][84.273s][info][gc,metaspace   ] GC(565) Metaspace: 131774K(133184K)->131774K(133184K) NonClass: 115214K(115840K)->115214K(115840K) Class: 16560K(17344K)->16560K(17344K)
[2026-04-03T02:10:09.817+0600][84.273s][info][gc             ] GC(565) Pause Young (Mixed) (G1 Evacuation Pause) (Evacuation Failure) 498M->292M(500M) 6.488ms
[2026-04-03T02:10:09.817+0600][84.273s][info][gc,cpu         ] GC(565) User=0.05s Sys=0.00s Real=0.00s
[2026-04-03T02:10:09.830+0600][84.286s][info][gc,start       ] GC(566) Pause Young (Concurrent Start) (GCLocker Initiated GC)
[2026-04-03T02:10:09.830+0600][84.286s][info][gc,task        ] GC(566) Using 10 workers of 10 for evacuation
[2026-04-03T02:10:09.833+0600][84.289s][info][gc,phases      ] GC(566)   Pre Evacuate Collection Set: 0.49ms
[2026-04-03T02:10:09.833+0600][84.289s][info][gc,phases      ] GC(566)   Merge Heap Roots: 0.23ms
[2026-04-03T02:10:09.833+0600][84.289s][info][gc,phases      ] GC(566)   Evacuate Collection Set: 1.84ms
[2026-04-03T02:10:09.833+0600][84.289s][info][gc,phases      ] GC(566)   Post Evacuate Collection Set: 0.60ms
[2026-04-03T02:10:09.833+0600][84.289s][info][gc,phases      ] GC(566)   Other: 0.13ms
[2026-04-03T02:10:09.833+0600][84.289s][info][gc,heap        ] GC(566) Eden regions: 17->0(167)
[2026-04-03T02:10:09.833+0600][84.289s][info][gc,heap        ] GC(566) Survivor regions: 0->2(22)
[2026-04-03T02:10:09.834+0600][84.289s][info][gc,heap        ] GC(566) Old regions: 284->284
[2026-04-03T02:10:09.834+0600][84.289s][info][gc,heap        ] GC(566) Humongous regions: 10->10
[2026-04-03T02:10:09.834+0600][84.289s][info][gc,metaspace   ] GC(566) Metaspace: 131774K(133184K)->131774K(133184K) NonClass: 115214K(115840K)->115214K(115840K) Class: 16560K(17344K)->16560K(17344K)
[2026-04-03T02:10:09.834+0600][84.289s][info][gc             ] GC(566) Pause Young (Concurrent Start) (GCLocker Initiated GC) 308M->293M(500M) 3.593ms
[2026-04-03T02:10:09.834+0600][84.290s][info][gc             ] GC(567) Concurrent Mark Cycle
[2026-04-03T02:10:09.834+0600][84.290s][info][gc,cpu         ] GC(566) User=0.02s Sys=0.00s Real=0.00s
[2026-04-03T02:10:09.834+0600][84.290s][info][gc,marking     ] GC(567) Concurrent Scan Root Regions
[2026-04-03T02:10:09.836+0600][84.292s][info][gc,marking     ] GC(567) Concurrent Scan Root Regions 2.366ms
[2026-04-03T02:10:09.836+0600][84.292s][info][gc,marking     ] GC(567) Concurrent Mark
[2026-04-03T02:10:09.836+0600][84.292s][info][gc,marking     ] GC(567) Concurrent Mark From Roots
[2026-04-03T02:10:09.836+0600][84.292s][info][gc,task        ] GC(567) Using 3 workers of 3 for marking
[2026-04-03T02:10:09.960+0600][84.416s][info][gc,marking     ] GC(567) Concurrent Mark From Roots 123.577ms
[2026-04-03T02:10:09.960+0600][84.416s][info][gc,marking     ] GC(567) Concurrent Preclean
[2026-04-03T02:10:09.960+0600][84.416s][info][gc,marking     ] GC(567) Concurrent Preclean 0.577ms
[2026-04-03T02:10:09.961+0600][84.417s][info][gc,start       ] GC(567) Pause Remark
[2026-04-03T02:10:09.970+0600][84.426s][info][gc             ] GC(567) Pause Remark 416M->362M(500M) 8.767ms
[2026-04-03T02:10:09.970+0600][84.426s][info][gc,cpu         ] GC(567) User=0.06s Sys=0.00s Real=0.01s
[2026-04-03T02:10:09.970+0600][84.426s][info][gc,marking     ] GC(567) Concurrent Mark 133.885ms
[2026-04-03T02:10:09.970+0600][84.426s][info][gc,marking     ] GC(567) Concurrent Rebuild Remembered Sets and Scrub Regions
[2026-04-03T02:10:10.014+0600][84.470s][info][gc,marking     ] GC(567) Concurrent Rebuild Remembered Sets and Scrub Regions 43.545ms
[2026-04-03T02:10:10.014+0600][84.470s][info][gc,start       ] GC(567) Pause Cleanup
[2026-04-03T02:10:10.015+0600][84.471s][info][gc             ] GC(567) Pause Cleanup 386M->386M(500M) 0.615ms
[2026-04-03T02:10:10.015+0600][84.471s][info][gc,cpu         ] GC(567) User=0.00s Sys=0.00s Real=0.00s
[2026-04-03T02:10:10.015+0600][84.471s][info][gc,marking     ] GC(567) Concurrent Clear Claimed Marks
[2026-04-03T02:10:10.016+0600][84.471s][info][gc,marking     ] GC(567) Concurrent Clear Claimed Marks 0.434ms
[2026-04-03T02:10:10.016+0600][84.471s][info][gc,marking     ] GC(567) Concurrent Cleanup for Next Mark
[2026-04-03T02:10:10.017+0600][84.473s][info][gc,marking     ] GC(567) Concurrent Cleanup for Next Mark 1.588ms
[2026-04-03T02:10:10.017+0600][84.473s][info][gc             ] GC(567) Concurrent Mark Cycle 183.572ms
[2026-04-03T02:10:10.134+0600][84.590s][info][gc,start       ] GC(568) Pause Young (Prepare Mixed) (G1 Humongous Allocation)
[2026-04-03T02:10:10.134+0600][84.590s][info][gc,task        ] GC(568) Using 10 workers of 10 for evacuation
[2026-04-03T02:10:10.137+0600][84.593s][info][gc,phases      ] GC(568)   Pre Evacuate Collection Set: 0.41ms
[2026-04-03T02:10:10.137+0600][84.593s][info][gc,phases      ] GC(568)   Merge Heap Roots: 0.22ms
[2026-04-03T02:10:10.137+0600][84.593s][info][gc,phases      ] GC(568)   Evacuate Collection Set: 1.66ms
[2026-04-03T02:10:10.137+0600][84.593s][info][gc,phases      ] GC(568)   Post Evacuate Collection Set: 0.58ms
[2026-04-03T02:10:10.137+0600][84.593s][info][gc,phases      ] GC(568)   Other: 0.15ms
[2026-04-03T02:10:10.137+0600][84.593s][info][gc,heap        ] GC(568) Eden regions: 146->0(216)
[2026-04-03T02:10:10.137+0600][84.593s][info][gc,heap        ] GC(568) Survivor regions: 2->3(5)
[2026-04-03T02:10:10.137+0600][84.593s][info][gc,heap        ] GC(568) Old regions: 232->232
[2026-04-03T02:10:10.137+0600][84.593s][info][gc,heap        ] GC(568) Humongous regions: 115->8
[2026-04-03T02:10:10.137+0600][84.593s][info][gc,metaspace   ] GC(568) Metaspace: 131778K(133184K)->131778K(133184K) NonClass: 115217K(115840K)->115217K(115840K) Class: 16560K(17344K)->16560K(17344K)
[2026-04-03T02:10:10.137+0600][84.593s][info][gc             ] GC(568) Pause Young (Prepare Mixed) (G1 Humongous Allocation) 492M->241M(500M) 3.314ms
[2026-04-03T02:10:10.137+0600][84.593s][info][gc,cpu         ] GC(568) User=0.02s Sys=0.00s Real=0.00s
[2026-04-03T02:10:10.359+0600][84.815s][info][gc,start       ] GC(569) Pause Young (Mixed) (G1 Evacuation Pause)
[2026-04-03T02:10:10.359+0600][84.815s][info][gc,task        ] GC(569) Using 10 workers of 10 for evacuation
[2026-04-03T02:10:10.369+0600][84.825s][info][gc,phases      ] GC(569)   Pre Evacuate Collection Set: 0.42ms
[2026-04-03T02:10:10.369+0600][84.825s][info][gc,phases      ] GC(569)   Merge Heap Roots: 0.33ms
[2026-04-03T02:10:10.369+0600][84.825s][info][gc,phases      ] GC(569)   Evacuate Collection Set: 5.92ms
[2026-04-03T02:10:10.369+0600][84.825s][info][gc,phases      ] GC(569)   Post Evacuate Collection Set: 3.14ms
[2026-04-03T02:10:10.369+0600][84.825s][info][gc,phases      ] GC(569)   Other: 0.15ms
[2026-04-03T02:10:10.369+0600][84.825s][info][gc,heap        ] GC(569) Eden regions: 197->0(168)
[2026-04-03T02:10:10.369+0600][84.825s][info][gc,heap        ] GC(569) Survivor regions: 3->0(0)
[2026-04-03T02:10:10.369+0600][84.825s][info][gc,heap        ] GC(569) Old regions: 232->299
[2026-04-03T02:10:10.369+0600][84.825s][info][gc,heap        ] GC(569) Humongous regions: 68->8
[2026-04-03T02:10:10.369+0600][84.825s][info][gc,metaspace   ] GC(569) Metaspace: 131779K(133184K)->131779K(133184K) NonClass: 115218K(115840K)->115218K(115840K) Class: 16560K(17344K)->16560K(17344K)
[2026-04-03T02:10:10.369+0600][84.825s][info][gc             ] GC(569) Pause Young (Mixed) (G1 Evacuation Pause) (Evacuation Failure) 498M->305M(500M) 10.306ms
[2026-04-03T02:10:10.369+0600][84.825s][info][gc,cpu         ] GC(569) User=0.10s Sys=0.01s Real=0.01s
[2026-04-03T02:10:10.480+0600][84.936s][info][gc,start       ] GC(570) Pause Young (Mixed) (G1 Humongous Allocation)
[2026-04-03T02:10:10.480+0600][84.936s][info][gc,task        ] GC(570) Using 10 workers of 10 for evacuation
[2026-04-03T02:10:10.484+0600][84.940s][info][gc,phases      ] GC(570)   Pre Evacuate Collection Set: 0.38ms
[2026-04-03T02:10:10.484+0600][84.940s][info][gc,phases      ] GC(570)   Merge Heap Roots: 0.28ms
[2026-04-03T02:10:10.484+0600][84.940s][info][gc,phases      ] GC(570)   Evacuate Collection Set: 2.53ms
[2026-04-03T02:10:10.484+0600][84.940s][info][gc,phases      ] GC(570)   Post Evacuate Collection Set: 0.70ms
[2026-04-03T02:10:10.484+0600][84.940s][info][gc,phases      ] GC(570)   Other: 0.12ms
[2026-04-03T02:10:10.484+0600][84.940s][info][gc,heap        ] GC(570) Eden regions: 79->0(201)
[2026-04-03T02:10:10.484+0600][84.940s][info][gc,heap        ] GC(570) Survivor regions: 0->5(21)
[2026-04-03T02:10:10.484+0600][84.940s][info][gc,heap        ] GC(570) Old regions: 299->250
[2026-04-03T02:10:10.484+0600][84.940s][info][gc,heap        ] GC(570) Humongous regions: 96->13
[2026-04-03T02:10:10.484+0600][84.940s][info][gc,metaspace   ] GC(570) Metaspace: 131780K(133184K)->131780K(133184K) NonClass: 115219K(115840K)->115219K(115840K) Class: 16560K(17344K)->16560K(17344K)
[2026-04-03T02:10:10.484+0600][84.940s][info][gc             ] GC(570) Pause Young (Mixed) (G1 Humongous Allocation) 472M->264M(500M) 4.263ms
[2026-04-03T02:10:10.485+0600][84.940s][info][gc,cpu         ] GC(570) User=0.03s Sys=0.00s Real=0.00s
[2026-04-03T02:10:10.493+0600][84.949s][info][gc,start       ] GC(571) Pause Young (Mixed) (G1 Humongous Allocation)
[2026-04-03T02:10:10.493+0600][84.949s][info][gc,task        ] GC(571) Using 10 workers of 10 for evacuation
[2026-04-03T02:10:10.497+0600][84.953s][info][gc,phases      ] GC(571)   Pre Evacuate Collection Set: 0.36ms
[2026-04-03T02:10:10.497+0600][84.953s][info][gc,phases      ] GC(571)   Merge Heap Roots: 0.22ms
[2026-04-03T02:10:10.497+0600][84.953s][info][gc,phases      ] GC(571)   Evacuate Collection Set: 2.68ms
[2026-04-03T02:10:10.497+0600][84.953s][info][gc,phases      ] GC(571)   Post Evacuate Collection Set: 0.72ms
[2026-04-03T02:10:10.497+0600][84.953s][info][gc,phases      ] GC(571)   Other: 0.10ms
[2026-04-03T02:10:10.497+0600][84.953s][info][gc,heap        ] GC(571) Eden regions: 11->0(220)
[2026-04-03T02:10:10.497+0600][84.953s][info][gc,heap        ] GC(571) Survivor regions: 5->6(26)
[2026-04-03T02:10:10.497+0600][84.953s][info][gc,heap        ] GC(571) Old regions: 250->231
[2026-04-03T02:10:10.497+0600][84.953s][info][gc,heap        ] GC(571) Humongous regions: 143->8
[2026-04-03T02:10:10.497+0600][84.953s][info][gc,metaspace   ] GC(571) Metaspace: 131780K(133184K)->131780K(133184K) NonClass: 115219K(115840K)->115219K(115840K) Class: 16560K(17344K)->16560K(17344K)
[2026-04-03T02:10:10.497+0600][84.953s][info][gc             ] GC(571) Pause Young (Mixed) (G1 Humongous Allocation) 405M->242M(500M) 4.376ms
[2026-04-03T02:10:10.497+0600][84.953s][info][gc,cpu         ] GC(571) User=0.03s Sys=0.00s Real=0.00s
[2026-04-03T02:10:10.498+0600][84.954s][info][gc,start       ] GC(572) Pause Young (Concurrent Start) (G1 Humongous Allocation)
[2026-04-03T02:10:10.498+0600][84.954s][info][gc,task        ] GC(572) Using 10 workers of 10 for evacuation
[2026-04-03T02:10:10.502+0600][84.958s][info][gc,phases      ] GC(572)   Pre Evacuate Collection Set: 0.41ms
[2026-04-03T02:10:10.502+0600][84.958s][info][gc,phases      ] GC(572)   Merge Heap Roots: 0.18ms
[2026-04-03T02:10:10.502+0600][84.958s][info][gc,phases      ] GC(572)   Evacuate Collection Set: 2.24ms
[2026-04-03T02:10:10.502+0600][84.958s][info][gc,phases      ] GC(572)   Post Evacuate Collection Set: 0.68ms
[2026-04-03T02:10:10.502+0600][84.958s][info][gc,phases      ] GC(572)   Other: 0.27ms
[2026-04-03T02:10:10.502+0600][84.958s][info][gc,heap        ] GC(572) Eden regions: 1->0(181)
[2026-04-03T02:10:10.502+0600][84.958s][info][gc,heap        ] GC(572) Survivor regions: 6->6(29)
[2026-04-03T02:10:10.502+0600][84.958s][info][gc,heap        ] GC(572) Old regions: 231->231
[2026-04-03T02:10:10.502+0600][84.958s][info][gc,heap        ] GC(572) Humongous regions: 18->18
[2026-04-03T02:10:10.502+0600][84.958s][info][gc,metaspace   ] GC(572) Metaspace: 131780K(133184K)->131780K(133184K) NonClass: 115219K(115840K)->115219K(115840K) Class: 16560K(17344K)->16560K(17344K)
[2026-04-03T02:10:10.502+0600][84.958s][info][gc             ] GC(572) Pause Young (Concurrent Start) (G1 Humongous Allocation) 253M->252M(500M) 4.038ms
[2026-04-03T02:10:10.503+0600][84.958s][info][gc,cpu         ] GC(572) User=0.03s Sys=0.00s Real=0.01s
[2026-04-03T02:10:10.503+0600][84.958s][info][gc             ] GC(573) Concurrent Mark Cycle
[2026-04-03T02:10:10.503+0600][84.959s][info][gc,marking     ] GC(573) Concurrent Scan Root Regions
[2026-04-03T02:10:10.506+0600][84.962s][info][gc,marking     ] GC(573) Concurrent Scan Root Regions 3.506ms
[2026-04-03T02:10:10.506+0600][84.962s][info][gc,marking     ] GC(573) Concurrent Mark
[2026-04-03T02:10:10.506+0600][84.962s][info][gc,marking     ] GC(573) Concurrent Mark From Roots
[2026-04-03T02:10:10.506+0600][84.962s][info][gc,task        ] GC(573) Using 3 workers of 3 for marking
[2026-04-03T02:10:10.578+0600][85.034s][info][gc,start       ] GC(574) Pause Young (Normal) (G1 Humongous Allocation)
[2026-04-03T02:10:10.579+0600][85.034s][info][gc,task        ] GC(574) Using 10 workers of 10 for evacuation
[2026-04-03T02:10:10.582+0600][85.038s][info][gc,phases      ] GC(574)   Pre Evacuate Collection Set: 0.30ms
[2026-04-03T02:10:10.582+0600][85.038s][info][gc,phases      ] GC(574)   Merge Heap Roots: 0.18ms
[2026-04-03T02:10:10.582+0600][85.038s][info][gc,phases      ] GC(574)   Evacuate Collection Set: 2.04ms
[2026-04-03T02:10:10.582+0600][85.038s][info][gc,phases      ] GC(574)   Post Evacuate Collection Set: 0.55ms
[2026-04-03T02:10:10.582+0600][85.038s][info][gc,phases      ] GC(574)   Other: 0.08ms
[2026-04-03T02:10:10.582+0600][85.038s][info][gc,heap        ] GC(574) Eden regions: 50->0(192)
[2026-04-03T02:10:10.582+0600][85.038s][info][gc,heap        ] GC(574) Survivor regions: 6->4(24)
[2026-04-03T02:10:10.582+0600][85.038s][info][gc,heap        ] GC(574) Old regions: 231->231
[2026-04-03T02:10:10.582+0600][85.038s][info][gc,heap        ] GC(574) Humongous regions: 187->8
[2026-04-03T02:10:10.582+0600][85.038s][info][gc,metaspace   ] GC(574) Metaspace: 131780K(133184K)->131780K(133184K) NonClass: 115219K(115840K)->115219K(115840K) Class: 16560K(17344K)->16560K(17344K)
[2026-04-03T02:10:10.582+0600][85.038s][info][gc             ] GC(574) Pause Young (Normal) (G1 Humongous Allocation) 470M->240M(500M) 3.508ms
[2026-04-03T02:10:10.582+0600][85.038s][info][gc,cpu         ] GC(574) User=0.02s Sys=0.00s Real=0.01s
[2026-04-03T02:10:10.600+0600][85.056s][info][gc,start       ] GC(575) Pause Young (Normal) (G1 Humongous Allocation)
[2026-04-03T02:10:10.600+0600][85.056s][info][gc,task        ] GC(575) Using 10 workers of 10 for evacuation
[2026-04-03T02:10:10.604+0600][85.059s][info][gc,phases      ] GC(575)   Pre Evacuate Collection Set: 0.36ms
[2026-04-03T02:10:10.604+0600][85.060s][info][gc,phases      ] GC(575)   Merge Heap Roots: 0.16ms
[2026-04-03T02:10:10.604+0600][85.060s][info][gc,phases      ] GC(575)   Evacuate Collection Set: 2.34ms
[2026-04-03T02:10:10.604+0600][85.060s][info][gc,phases      ] GC(575)   Post Evacuate Collection Set: 0.60ms
[2026-04-03T02:10:10.604+0600][85.060s][info][gc,phases      ] GC(575)   Other: 0.09ms
[2026-04-03T02:10:10.604+0600][85.060s][info][gc,heap        ] GC(575) Eden regions: 12->0(185)
[2026-04-03T02:10:10.604+0600][85.060s][info][gc,heap        ] GC(575) Survivor regions: 4->7(25)
[2026-04-03T02:10:10.604+0600][85.060s][info][gc,heap        ] GC(575) Old regions: 231->231
[2026-04-03T02:10:10.604+0600][85.060s][info][gc,heap        ] GC(575) Humongous regions: 163->13
[2026-04-03T02:10:10.604+0600][85.060s][info][gc,metaspace   ] GC(575) Metaspace: 131780K(133184K)->131780K(133184K) NonClass: 115219K(115840K)->115219K(115840K) Class: 16560K(17344K)->16560K(17344K)
[2026-04-03T02:10:10.604+0600][85.060s][info][gc             ] GC(575) Pause Young (Normal) (G1 Humongous Allocation) 407M->247M(500M) 3.868ms
[2026-04-03T02:10:10.604+0600][85.060s][info][gc,cpu         ] GC(575) User=0.02s Sys=0.01s Real=0.00s
[2026-04-03T02:10:10.618+0600][85.074s][info][gc,start       ] GC(576) Pause Young (Normal) (G1 Humongous Allocation)
[2026-04-03T02:10:10.618+0600][85.074s][info][gc,task        ] GC(576) Using 10 workers of 10 for evacuation
[2026-04-03T02:10:10.622+0600][85.078s][info][gc,phases      ] GC(576)   Pre Evacuate Collection Set: 0.51ms
[2026-04-03T02:10:10.622+0600][85.078s][info][gc,phases      ] GC(576)   Merge Heap Roots: 0.25ms
[2026-04-03T02:10:10.622+0600][85.078s][info][gc,phases      ] GC(576)   Evacuate Collection Set: 2.21ms
[2026-04-03T02:10:10.622+0600][85.078s][info][gc,phases      ] GC(576)   Post Evacuate Collection Set: 0.83ms
[2026-04-03T02:10:10.622+0600][85.078s][info][gc,phases      ] GC(576)   Other: 0.11ms
[2026-04-03T02:10:10.622+0600][85.078s][info][gc,heap        ] GC(576) Eden regions: 9->0(187)
[2026-04-03T02:10:10.622+0600][85.078s][info][gc,heap        ] GC(576) Survivor regions: 7->6(24)
[2026-04-03T02:10:10.622+0600][85.078s][info][gc,heap        ] GC(576) Old regions: 231->231
[2026-04-03T02:10:10.622+0600][85.078s][info][gc,heap        ] GC(576) Humongous regions: 165->13
[2026-04-03T02:10:10.622+0600][85.078s][info][gc,metaspace   ] GC(576) Metaspace: 131780K(133184K)->131780K(133184K) NonClass: 115219K(115840K)->115219K(115840K) Class: 16560K(17344K)->16560K(17344K)
[2026-04-03T02:10:10.622+0600][85.078s][info][gc             ] GC(576) Pause Young (Normal) (G1 Humongous Allocation) 408M->247M(500M) 4.305ms
[2026-04-03T02:10:10.622+0600][85.078s][info][gc,cpu         ] GC(576) User=0.03s Sys=0.00s Real=0.01s
[2026-04-03T02:10:10.624+0600][85.080s][info][gc,marking     ] GC(573) Concurrent Mark From Roots 117.705ms
[2026-04-03T02:10:10.624+0600][85.080s][info][gc,marking     ] GC(573) Concurrent Preclean
[2026-04-03T02:10:10.625+0600][85.081s][info][gc,marking     ] GC(573) Concurrent Preclean 0.746ms
[2026-04-03T02:10:10.625+0600][85.081s][info][gc,start       ] GC(573) Pause Remark
[2026-04-03T02:10:10.635+0600][85.091s][info][gc             ] GC(573) Pause Remark 259M->245M(500M) 9.475ms
[2026-04-03T02:10:10.635+0600][85.091s][info][gc,cpu         ] GC(573) User=0.06s Sys=0.00s Real=0.01s
[2026-04-03T02:10:10.635+0600][85.091s][info][gc,marking     ] GC(573) Concurrent Mark 128.874ms
[2026-04-03T02:10:10.635+0600][85.091s][info][gc,marking     ] GC(573) Concurrent Rebuild Remembered Sets and Scrub Regions
[2026-04-03T02:10:10.683+0600][85.139s][info][gc,marking     ] GC(573) Concurrent Rebuild Remembered Sets and Scrub Regions 48.102ms
[2026-04-03T02:10:10.684+0600][85.140s][info][gc,start       ] GC(573) Pause Cleanup
[2026-04-03T02:10:10.684+0600][85.140s][info][gc             ] GC(573) Pause Cleanup 329M->329M(500M) 0.556ms
[2026-04-03T02:10:10.684+0600][85.140s][info][gc,cpu         ] GC(573) User=0.00s Sys=0.00s Real=0.00s
[2026-04-03T02:10:10.684+0600][85.140s][info][gc,marking     ] GC(573) Concurrent Clear Claimed Marks
[2026-04-03T02:10:10.685+0600][85.141s][info][gc,marking     ] GC(573) Concurrent Clear Claimed Marks 0.362ms
[2026-04-03T02:10:10.685+0600][85.141s][info][gc,marking     ] GC(573) Concurrent Cleanup for Next Mark
[2026-04-03T02:10:10.686+0600][85.142s][info][gc,marking     ] GC(573) Concurrent Cleanup for Next Mark 0.746ms
[2026-04-03T02:10:10.686+0600][85.142s][info][gc             ] GC(573) Concurrent Mark Cycle 183.143ms
[2026-04-03T02:10:10.882+0600][85.338s][info][gc,start       ] GC(577) Pause Young (Prepare Mixed) (G1 Evacuation Pause)
[2026-04-03T02:10:10.882+0600][85.338s][info][gc,task        ] GC(577) Using 10 workers of 10 for evacuation
[2026-04-03T02:10:10.886+0600][85.342s][info][gc,phases      ] GC(577)   Pre Evacuate Collection Set: 0.28ms
[2026-04-03T02:10:10.886+0600][85.342s][info][gc,phases      ] GC(577)   Merge Heap Roots: 0.17ms
[2026-04-03T02:10:10.886+0600][85.342s][info][gc,phases      ] GC(577)   Evacuate Collection Set: 1.55ms
[2026-04-03T02:10:10.886+0600][85.342s][info][gc,phases      ] GC(577)   Post Evacuate Collection Set: 1.33ms
[2026-04-03T02:10:10.886+0600][85.342s][info][gc,phases      ] GC(577)   Other: 0.12ms
[2026-04-03T02:10:10.886+0600][85.342s][info][gc,heap        ] GC(577) Eden regions: 144->0(138)
[2026-04-03T02:10:10.886+0600][85.342s][info][gc,heap        ] GC(577) Survivor regions: 6->0(0)
[2026-04-03T02:10:10.886+0600][85.342s][info][gc,heap        ] GC(577) Old regions: 217->317
[2026-04-03T02:10:10.886+0600][85.342s][info][gc,heap        ] GC(577) Humongous regions: 133->8
[2026-04-03T02:10:10.886+0600][85.342s][info][gc,metaspace   ] GC(577) Metaspace: 131786K(133248K)->131786K(133248K) NonClass: 115226K(115904K)->115226K(115904K) Class: 16560K(17344K)->16560K(17344K)
[2026-04-03T02:10:10.886+0600][85.342s][info][gc             ] GC(577) Pause Young (Prepare Mixed) (G1 Evacuation Pause) (Evacuation Failure) 497M->323M(500M) 3.706ms
[2026-04-03T02:10:10.886+0600][85.342s][info][gc,cpu         ] GC(577) User=0.03s Sys=0.00s Real=0.00s
[2026-04-03T02:10:11.092+0600][85.548s][info][gc,start       ] GC(578) Pause Young (Mixed) (G1 Evacuation Pause)
[2026-04-03T02:10:11.092+0600][85.548s][info][gc,task        ] GC(578) Using 10 workers of 10 for evacuation
[2026-04-03T02:10:11.095+0600][85.551s][info][gc,phases      ] GC(578)   Pre Evacuate Collection Set: 0.52ms
[2026-04-03T02:10:11.096+0600][85.551s][info][gc,phases      ] GC(578)   Merge Heap Roots: 0.19ms
[2026-04-03T02:10:11.096+0600][85.551s][info][gc,phases      ] GC(578)   Evacuate Collection Set: 1.71ms
[2026-04-03T02:10:11.096+0600][85.551s][info][gc,phases      ] GC(578)   Post Evacuate Collection Set: 0.77ms
[2026-04-03T02:10:11.096+0600][85.551s][info][gc,phases      ] GC(578)   Other: 0.11ms
[2026-04-03T02:10:11.096+0600][85.551s][info][gc,heap        ] GC(578) Eden regions: 138->0(179)
[2026-04-03T02:10:11.096+0600][85.551s][info][gc,heap        ] GC(578) Survivor regions: 0->3(11)
[2026-04-03T02:10:11.096+0600][85.551s][info][gc,heap        ] GC(578) Old regions: 317->268
[2026-04-03T02:10:11.096+0600][85.551s][info][gc,heap        ] GC(578) Humongous regions: 34->8
[2026-04-03T02:10:11.096+0600][85.551s][info][gc,metaspace   ] GC(578) Metaspace: 131786K(133248K)->131786K(133248K) NonClass: 115226K(115904K)->115226K(115904K) Class: 16560K(17344K)->16560K(17344K)
[2026-04-03T02:10:11.096+0600][85.552s][info][gc             ] GC(578) Pause Young (Mixed) (G1 Evacuation Pause) 487M->276M(500M) 3.571ms
[2026-04-03T02:10:11.096+0600][85.552s][info][gc,cpu         ] GC(578) User=0.02s Sys=0.01s Real=0.00s
[2026-04-03T02:10:11.225+0600][85.681s][info][gc,start       ] GC(579) Pause Young (Mixed) (G1 Humongous Allocation)
[2026-04-03T02:10:11.225+0600][85.681s][info][gc,task        ] GC(579) Using 10 workers of 10 for evacuation
[2026-04-03T02:10:11.228+0600][85.684s][info][gc,phases      ] GC(579)   Pre Evacuate Collection Set: 0.38ms
[2026-04-03T02:10:11.228+0600][85.684s][info][gc,phases      ] GC(579)   Merge Heap Roots: 0.25ms
[2026-04-03T02:10:11.228+0600][85.684s][info][gc,phases      ] GC(579)   Evacuate Collection Set: 1.77ms
[2026-04-03T02:10:11.228+0600][85.684s][info][gc,phases      ] GC(579)   Post Evacuate Collection Set: 0.73ms
[2026-04-03T02:10:11.228+0600][85.684s][info][gc,phases      ] GC(579)   Other: 0.12ms
[2026-04-03T02:10:11.228+0600][85.684s][info][gc,heap        ] GC(579) Eden regions: 122->0(220)
[2026-04-03T02:10:11.228+0600][85.684s][info][gc,heap        ] GC(579) Survivor regions: 3->4(7)
[2026-04-03T02:10:11.228+0600][85.684s][info][gc,heap        ] GC(579) Old regions: 268->218
[2026-04-03T02:10:11.228+0600][85.684s][info][gc,heap        ] GC(579) Humongous regions: 100->8
[2026-04-03T02:10:11.228+0600][85.684s][info][gc,metaspace   ] GC(579) Metaspace: 131786K(133248K)->131786K(133248K) NonClass: 115226K(115904K)->115226K(115904K) Class: 16560K(17344K)->16560K(17344K)
[2026-04-03T02:10:11.229+0600][85.684s][info][gc             ] GC(579) Pause Young (Mixed) (G1 Humongous Allocation) 489M->226M(500M) 3.531ms
[2026-04-03T02:10:11.229+0600][85.685s][info][gc,cpu         ] GC(579) User=0.02s Sys=0.00s Real=0.00s
[2026-04-03T02:10:11.418+0600][85.874s][info][gc,start       ] GC(580) Pause Young (Mixed) (GCLocker Initiated GC)
[2026-04-03T02:10:11.418+0600][85.874s][info][gc,task        ] GC(580) Using 10 workers of 10 for evacuation
[2026-04-03T02:10:11.423+0600][85.879s][info][gc,phases      ] GC(580)   Pre Evacuate Collection Set: 0.44ms
[2026-04-03T02:10:11.423+0600][85.879s][info][gc,phases      ] GC(580)   Merge Heap Roots: 0.19ms
[2026-04-03T02:10:11.423+0600][85.879s][info][gc,phases      ] GC(580)   Evacuate Collection Set: 2.50ms
[2026-04-03T02:10:11.423+0600][85.879s][info][gc,phases      ] GC(580)   Post Evacuate Collection Set: 2.08ms
[2026-04-03T02:10:11.423+0600][85.879s][info][gc,phases      ] GC(580)   Other: 0.11ms
[2026-04-03T02:10:11.423+0600][85.879s][info][gc,heap        ] GC(580) Eden regions: 152->0(174)
[2026-04-03T02:10:11.423+0600][85.879s][info][gc,heap        ] GC(580) Survivor regions: 4->0(0)
[2026-04-03T02:10:11.423+0600][85.879s][info][gc,heap        ] GC(580) Old regions: 218->287
[2026-04-03T02:10:11.423+0600][85.879s][info][gc,heap        ] GC(580) Humongous regions: 126->8
[2026-04-03T02:10:11.423+0600][85.879s][info][gc,metaspace   ] GC(580) Metaspace: 131786K(133248K)->131786K(133248K) NonClass: 115226K(115904K)->115226K(115904K) Class: 16560K(17344K)->16560K(17344K)
[2026-04-03T02:10:11.423+0600][85.879s][info][gc             ] GC(580) Pause Young (Mixed) (GCLocker Initiated GC) (Evacuation Failure) 496M->293M(500M) 5.635ms
[2026-04-03T02:10:11.424+0600][85.879s][info][gc,cpu         ] GC(580) User=0.04s Sys=0.01s Real=0.01s
[2026-04-03T02:10:11.427+0600][85.883s][info][gc,start       ] GC(581) Pause Young (Concurrent Start) (GCLocker Initiated GC)
[2026-04-03T02:10:11.428+0600][85.883s][info][gc,task        ] GC(581) Using 10 workers of 10 for evacuation
[2026-04-03T02:10:11.430+0600][85.886s][info][gc,phases      ] GC(581)   Pre Evacuate Collection Set: 0.40ms
[2026-04-03T02:10:11.430+0600][85.886s][info][gc,phases      ] GC(581)   Merge Heap Roots: 0.11ms
[2026-04-03T02:10:11.430+0600][85.886s][info][gc,phases      ] GC(581)   Evacuate Collection Set: 1.53ms
[2026-04-03T02:10:11.430+0600][85.886s][info][gc,phases      ] GC(581)   Post Evacuate Collection Set: 0.48ms
[2026-04-03T02:10:11.430+0600][85.886s][info][gc,phases      ] GC(581)   Other: 0.14ms
[2026-04-03T02:10:11.430+0600][85.886s][info][gc,heap        ] GC(581) Eden regions: 6->0(160)
[2026-04-03T02:10:11.430+0600][85.886s][info][gc,heap        ] GC(581) Survivor regions: 0->1(22)
[2026-04-03T02:10:11.430+0600][85.886s][info][gc,heap        ] GC(581) Old regions: 287->287
[2026-04-03T02:10:11.430+0600][85.886s][info][gc,heap        ] GC(581) Humongous regions: 8->8
[2026-04-03T02:10:11.430+0600][85.886s][info][gc,metaspace   ] GC(581) Metaspace: 131786K(133248K)->131786K(133248K) NonClass: 115226K(115904K)->115226K(115904K) Class: 16560K(17344K)->16560K(17344K)
[2026-04-03T02:10:11.430+0600][85.886s][info][gc             ] GC(581) Pause Young (Concurrent Start) (GCLocker Initiated GC) 299M->294M(500M) 2.959ms
[2026-04-03T02:10:11.430+0600][85.886s][info][gc             ] GC(582) Concurrent Mark Cycle
[2026-04-03T02:10:11.431+0600][85.886s][info][gc,cpu         ] GC(581) User=0.01s Sys=0.00s Real=0.01s
[2026-04-03T02:10:11.431+0600][85.886s][info][gc,marking     ] GC(582) Concurrent Scan Root Regions
[2026-04-03T02:10:11.434+0600][85.890s][info][gc,marking     ] GC(582) Concurrent Scan Root Regions 3.854ms
[2026-04-03T02:10:11.435+0600][85.890s][info][gc,marking     ] GC(582) Concurrent Mark
[2026-04-03T02:10:11.435+0600][85.890s][info][gc,marking     ] GC(582) Concurrent Mark From Roots
[2026-04-03T02:10:11.435+0600][85.890s][info][gc,task        ] GC(582) Using 3 workers of 3 for marking
[2026-04-03T02:10:11.551+0600][86.007s][info][gc,marking     ] GC(582) Concurrent Mark From Roots 116.338ms
[2026-04-03T02:10:11.551+0600][86.007s][info][gc,marking     ] GC(582) Concurrent Preclean
[2026-04-03T02:10:11.552+0600][86.007s][info][gc,marking     ] GC(582) Concurrent Preclean 0.556ms
[2026-04-03T02:10:11.552+0600][86.008s][info][gc,start       ] GC(582) Pause Remark
[2026-04-03T02:10:11.561+0600][86.017s][info][gc             ] GC(582) Pause Remark 439M->426M(500M) 9.166ms
[2026-04-03T02:10:11.561+0600][86.017s][info][gc,cpu         ] GC(582) User=0.07s Sys=0.00s Real=0.01s
[2026-04-03T02:10:11.562+0600][86.018s][info][gc,marking     ] GC(582) Concurrent Mark 127.587ms
[2026-04-03T02:10:11.562+0600][86.018s][info][gc,marking     ] GC(582) Concurrent Rebuild Remembered Sets and Scrub Regions
[2026-04-03T02:10:11.610+0600][86.066s][info][gc,marking     ] GC(582) Concurrent Rebuild Remembered Sets and Scrub Regions 47.470ms
[2026-04-03T02:10:11.610+0600][86.066s][info][gc,start       ] GC(582) Pause Cleanup
[2026-04-03T02:10:11.611+0600][86.067s][info][gc             ] GC(582) Pause Cleanup 488M->488M(500M) 0.651ms
[2026-04-03T02:10:11.611+0600][86.067s][info][gc,cpu         ] GC(582) User=0.01s Sys=0.00s Real=0.00s
[2026-04-03T02:10:11.611+0600][86.067s][info][gc,marking     ] GC(582) Concurrent Clear Claimed Marks
[2026-04-03T02:10:11.612+0600][86.067s][info][gc,marking     ] GC(582) Concurrent Clear Claimed Marks 0.401ms
[2026-04-03T02:10:11.612+0600][86.067s][info][gc,marking     ] GC(582) Concurrent Cleanup for Next Mark
[2026-04-03T02:10:11.612+0600][86.068s][info][gc,start       ] GC(583) Pause Young (Prepare Mixed) (G1 Humongous Allocation)
[2026-04-03T02:10:11.612+0600][86.068s][info][gc,task        ] GC(583) Using 10 workers of 10 for evacuation
[2026-04-03T02:10:11.616+0600][86.072s][info][gc,phases      ] GC(583)   Pre Evacuate Collection Set: 0.56ms
[2026-04-03T02:10:11.616+0600][86.072s][info][gc,phases      ] GC(583)   Merge Heap Roots: 0.29ms
[2026-04-03T02:10:11.616+0600][86.072s][info][gc,phases      ] GC(583)   Evacuate Collection Set: 2.24ms
[2026-04-03T02:10:11.616+0600][86.072s][info][gc,phases      ] GC(583)   Post Evacuate Collection Set: 1.02ms
[2026-04-03T02:10:11.616+0600][86.072s][info][gc,phases      ] GC(583)   Other: 0.13ms
[2026-04-03T02:10:11.617+0600][86.072s][info][gc,heap        ] GC(583) Eden regions: 119->0(175)
[2026-04-03T02:10:11.617+0600][86.072s][info][gc,heap        ] GC(583) Survivor regions: 1->3(8)
[2026-04-03T02:10:11.617+0600][86.072s][info][gc,heap        ] GC(583) Old regions: 274->274
[2026-04-03T02:10:11.617+0600][86.072s][info][gc,heap        ] GC(583) Humongous regions: 98->8
[2026-04-03T02:10:11.617+0600][86.072s][info][gc,metaspace   ] GC(583) Metaspace: 131786K(133248K)->131786K(133248K) NonClass: 115226K(115904K)->115226K(115904K) Class: 16560K(17344K)->16560K(17344K)
[2026-04-03T02:10:11.617+0600][86.073s][info][gc             ] GC(583) Pause Young (Prepare Mixed) (G1 Humongous Allocation) 489M->282M(500M) 4.589ms
[2026-04-03T02:10:11.617+0600][86.073s][info][gc,cpu         ] GC(583) User=0.03s Sys=0.00s Real=0.00s
[2026-04-03T02:10:11.617+0600][86.073s][info][gc,marking     ] GC(582) Concurrent Cleanup for Next Mark 5.775ms
[2026-04-03T02:10:11.617+0600][86.073s][info][gc             ] GC(582) Concurrent Mark Cycle 186.935ms
[2026-04-03T02:10:11.767+0600][86.223s][info][gc,start       ] GC(584) Pause Young (Mixed) (G1 Humongous Allocation)
[2026-04-03T02:10:11.767+0600][86.223s][info][gc,task        ] GC(584) Using 10 workers of 10 for evacuation
[2026-04-03T02:10:11.770+0600][86.226s][info][gc,phases      ] GC(584)   Pre Evacuate Collection Set: 0.51ms
[2026-04-03T02:10:11.770+0600][86.226s][info][gc,phases      ] GC(584)   Merge Heap Roots: 0.23ms
[2026-04-03T02:10:11.770+0600][86.226s][info][gc,phases      ] GC(584)   Evacuate Collection Set: 1.16ms
[2026-04-03T02:10:11.770+0600][86.226s][info][gc,phases      ] GC(584)   Post Evacuate Collection Set: 0.81ms
[2026-04-03T02:10:11.770+0600][86.226s][info][gc,phases      ] GC(584)   Other: 0.09ms
[2026-04-03T02:10:11.770+0600][86.226s][info][gc,heap        ] GC(584) Eden regions: 118->0(219)
[2026-04-03T02:10:11.770+0600][86.226s][info][gc,heap        ] GC(584) Survivor regions: 3->2(3)
[2026-04-03T02:10:11.770+0600][86.226s][info][gc,heap        ] GC(584) Old regions: 274->225
[2026-04-03T02:10:11.770+0600][86.226s][info][gc,heap        ] GC(584) Humongous regions: 102->8
[2026-04-03T02:10:11.770+0600][86.226s][info][gc,metaspace   ] GC(584) Metaspace: 131786K(133248K)->131786K(133248K) NonClass: 115226K(115904K)->115226K(115904K) Class: 16560K(17344K)->16560K(17344K)
[2026-04-03T02:10:11.770+0600][86.226s][info][gc             ] GC(584) Pause Young (Mixed) (G1 Humongous Allocation) 494M->231M(500M) 3.002ms
[2026-04-03T02:10:11.770+0600][86.226s][info][gc,cpu         ] GC(584) User=0.02s Sys=0.00s Real=0.01s
[2026-04-03T02:10:12.026+0600][86.482s][info][gc,start       ] GC(585) Pause Young (Mixed) (G1 Evacuation Pause)
[2026-04-03T02:10:12.026+0600][86.482s][info][gc,task        ] GC(585) Using 10 workers of 10 for evacuation
[2026-04-03T02:10:12.033+0600][86.489s][info][gc,phases      ] GC(585)   Pre Evacuate Collection Set: 0.59ms
[2026-04-03T02:10:12.033+0600][86.489s][info][gc,phases      ] GC(585)   Merge Heap Roots: 0.21ms
[2026-04-03T02:10:12.033+0600][86.489s][info][gc,phases      ] GC(585)   Evacuate Collection Set: 2.67ms
[2026-04-03T02:10:12.033+0600][86.489s][info][gc,phases      ] GC(585)   Post Evacuate Collection Set: 3.31ms
[2026-04-03T02:10:12.033+0600][86.489s][info][gc,phases      ] GC(585)   Other: 0.15ms
[2026-04-03T02:10:12.033+0600][86.489s][info][gc,heap        ] GC(585) Eden regions: 177->0(115)
[2026-04-03T02:10:12.033+0600][86.489s][info][gc,heap        ] GC(585) Survivor regions: 2->0(0)
[2026-04-03T02:10:12.033+0600][86.489s][info][gc,heap        ] GC(585) Old regions: 225->352
[2026-04-03T02:10:12.033+0600][86.489s][info][gc,heap        ] GC(585) Humongous regions: 96->8
[2026-04-03T02:10:12.033+0600][86.489s][info][gc,metaspace   ] GC(585) Metaspace: 131786K(133248K)->131786K(133248K) NonClass: 115226K(115904K)->115226K(115904K) Class: 16560K(17344K)->16560K(17344K)
[2026-04-03T02:10:12.033+0600][86.489s][info][gc             ] GC(585) Pause Young (Mixed) (G1 Evacuation Pause) (Evacuation Failure) 496M->357M(500M) 7.248ms
[2026-04-03T02:10:12.033+0600][86.489s][info][gc,cpu         ] GC(585) User=0.06s Sys=0.00s Real=0.01s
[2026-04-03T02:10:12.127+0600][86.583s][info][gc,start       ] GC(586) Pause Young (Mixed) (G1 Humongous Allocation)
[2026-04-03T02:10:12.127+0600][86.583s][info][gc,task        ] GC(586) Using 10 workers of 10 for evacuation
[2026-04-03T02:10:12.138+0600][86.594s][info][gc,phases      ] GC(586)   Pre Evacuate Collection Set: 0.46ms
[2026-04-03T02:10:12.138+0600][86.594s][info][gc,phases      ] GC(586)   Merge Heap Roots: 0.26ms
[2026-04-03T02:10:12.138+0600][86.594s][info][gc,phases      ] GC(586)   Evacuate Collection Set: 6.14ms
[2026-04-03T02:10:12.138+0600][86.594s][info][gc,phases      ] GC(586)   Post Evacuate Collection Set: 3.33ms
[2026-04-03T02:10:12.138+0600][86.594s][info][gc,phases      ] GC(586)   Other: 0.13ms
[2026-04-03T02:10:12.138+0600][86.594s][info][gc,heap        ] GC(586) Eden regions: 114->0(25)
[2026-04-03T02:10:12.138+0600][86.594s][info][gc,heap        ] GC(586) Survivor regions: 0->1(1)
[2026-04-03T02:10:12.138+0600][86.594s][info][gc,heap        ] GC(586) Old regions: 352->444
[2026-04-03T02:10:12.138+0600][86.594s][info][gc,heap        ] GC(586) Humongous regions: 33->8
[2026-04-03T02:10:12.138+0600][86.594s][info][gc,metaspace   ] GC(586) Metaspace: 131787K(133248K)->131787K(133248K) NonClass: 115226K(115904K)->115226K(115904K) Class: 16560K(17344K)->16560K(17344K)
[2026-04-03T02:10:12.138+0600][86.594s][info][gc             ] GC(586) Pause Young (Mixed) (G1 Humongous Allocation) (Evacuation Failure) 496M->450M(500M) 10.668ms
[2026-04-03T02:10:12.138+0600][86.594s][info][gc,cpu         ] GC(586) User=0.09s Sys=0.00s Real=0.01s
[2026-04-03T02:10:12.166+0600][86.622s][info][gc,start       ] GC(587) Pause Young (Mixed) (G1 Evacuation Pause)
[2026-04-03T02:10:12.166+0600][86.622s][info][gc,task        ] GC(587) Using 10 workers of 10 for evacuation
[2026-04-03T02:10:12.170+0600][86.626s][info][gc,phases      ] GC(587)   Pre Evacuate Collection Set: 0.42ms
[2026-04-03T02:10:12.170+0600][86.626s][info][gc,phases      ] GC(587)   Merge Heap Roots: 0.23ms
[2026-04-03T02:10:12.170+0600][86.626s][info][gc,phases      ] GC(587)   Evacuate Collection Set: 2.57ms
[2026-04-03T02:10:12.170+0600][86.626s][info][gc,phases      ] GC(587)   Post Evacuate Collection Set: 0.83ms
[2026-04-03T02:10:12.170+0600][86.626s][info][gc,phases      ] GC(587)   Other: 0.11ms
[2026-04-03T02:10:12.170+0600][86.626s][info][gc,heap        ] GC(587) Eden regions: 25->0(30)
[2026-04-03T02:10:12.170+0600][86.626s][info][gc,heap        ] GC(587) Survivor regions: 1->3(4)
[2026-04-03T02:10:12.170+0600][86.626s][info][gc,heap        ] GC(587) Old regions: 444->432
[2026-04-03T02:10:12.170+0600][86.626s][info][gc,heap        ] GC(587) Humongous regions: 20->10
[2026-04-03T02:10:12.170+0600][86.626s][info][gc,metaspace   ] GC(587) Metaspace: 131787K(133248K)->131787K(133248K) NonClass: 115226K(115904K)->115226K(115904K) Class: 16560K(17344K)->16560K(17344K)
[2026-04-03T02:10:12.170+0600][86.626s][info][gc             ] GC(587) Pause Young (Mixed) (G1 Evacuation Pause) 487M->440M(500M) 4.443ms
[2026-04-03T02:10:12.171+0600][86.626s][info][gc,cpu         ] GC(587) User=0.03s Sys=0.00s Real=0.01s
[2026-04-03T02:10:12.178+0600][86.634s][info][gc,start       ] GC(588) Pause Young (Concurrent Start) (G1 Humongous Allocation)
[2026-04-03T02:10:12.178+0600][86.634s][info][gc,task        ] GC(588) Using 10 workers of 10 for evacuation
[2026-04-03T02:10:12.182+0600][86.638s][info][gc,phases      ] GC(588)   Pre Evacuate Collection Set: 0.62ms
[2026-04-03T02:10:12.182+0600][86.638s][info][gc,phases      ] GC(588)   Merge Heap Roots: 0.28ms
[2026-04-03T02:10:12.182+0600][86.638s][info][gc,phases      ] GC(588)   Evacuate Collection Set: 2.27ms
[2026-04-03T02:10:12.182+0600][86.638s][info][gc,phases      ] GC(588)   Post Evacuate Collection Set: 0.74ms
[2026-04-03T02:10:12.182+0600][86.638s][info][gc,phases      ] GC(588)   Other: 0.24ms
[2026-04-03T02:10:12.182+0600][86.638s][info][gc,heap        ] GC(588) Eden regions: 3->0(30)
[2026-04-03T02:10:12.182+0600][86.638s][info][gc,heap        ] GC(588) Survivor regions: 3->3(5)
[2026-04-03T02:10:12.182+0600][86.638s][info][gc,heap        ] GC(588) Old regions: 432->432
[2026-04-03T02:10:12.182+0600][86.638s][info][gc,heap        ] GC(588) Humongous regions: 10->10
[2026-04-03T02:10:12.182+0600][86.638s][info][gc,metaspace   ] GC(588) Metaspace: 131787K(133248K)->131787K(133248K) NonClass: 115226K(115904K)->115226K(115904K) Class: 16560K(17344K)->16560K(17344K)
[2026-04-03T02:10:12.182+0600][86.638s][info][gc             ] GC(588) Pause Young (Concurrent Start) (G1 Humongous Allocation) 443M->440M(500M) 4.394ms
[2026-04-03T02:10:12.183+0600][86.638s][info][gc             ] GC(589) Concurrent Mark Cycle
[2026-04-03T02:10:12.183+0600][86.638s][info][gc,cpu         ] GC(588) User=0.02s Sys=0.00s Real=0.01s
[2026-04-03T02:10:12.183+0600][86.638s][info][gc,marking     ] GC(589) Concurrent Scan Root Regions
[2026-04-03T02:10:12.186+0600][86.641s][info][gc,marking     ] GC(589) Concurrent Scan Root Regions 3.019ms
[2026-04-03T02:10:12.186+0600][86.642s][info][gc,marking     ] GC(589) Concurrent Mark
[2026-04-03T02:10:12.186+0600][86.642s][info][gc,marking     ] GC(589) Concurrent Mark From Roots
[2026-04-03T02:10:12.186+0600][86.642s][info][gc,task        ] GC(589) Using 3 workers of 3 for marking
[2026-04-03T02:10:12.253+0600][86.709s][info][gc,start       ] GC(590) Pause Young (Normal) (G1 Humongous Allocation)
[2026-04-03T02:10:12.253+0600][86.709s][info][gc,task        ] GC(590) Using 10 workers of 10 for evacuation
[2026-04-03T02:10:12.257+0600][86.713s][info][gc,phases      ] GC(590)   Pre Evacuate Collection Set: 0.42ms
[2026-04-03T02:10:12.257+0600][86.713s][info][gc,phases      ] GC(590)   Merge Heap Roots: 0.20ms
[2026-04-03T02:10:12.257+0600][86.713s][info][gc,phases      ] GC(590)   Evacuate Collection Set: 2.36ms
[2026-04-03T02:10:12.257+0600][86.713s][info][gc,phases      ] GC(590)   Post Evacuate Collection Set: 0.56ms
[2026-04-03T02:10:12.257+0600][86.713s][info][gc,phases      ] GC(590)   Other: 0.09ms
[2026-04-03T02:10:12.257+0600][86.713s][info][gc,heap        ] GC(590) Eden regions: 18->0(30)
[2026-04-03T02:10:12.257+0600][86.713s][info][gc,heap        ] GC(590) Survivor regions: 3->3(5)
[2026-04-03T02:10:12.257+0600][86.713s][info][gc,heap        ] GC(590) Old regions: 432->432
[2026-04-03T02:10:12.257+0600][86.713s][info][gc,heap        ] GC(590) Humongous regions: 24->10
[2026-04-03T02:10:12.257+0600][86.713s][info][gc,metaspace   ] GC(590) Metaspace: 131787K(133248K)->131787K(133248K) NonClass: 115226K(115904K)->115226K(115904K) Class: 16560K(17344K)->16560K(17344K)
[2026-04-03T02:10:12.257+0600][86.713s][info][gc             ] GC(590) Pause Young (Normal) (G1 Humongous Allocation) 472M->440M(500M) 3.869ms
[2026-04-03T02:10:12.257+0600][86.713s][info][gc,cpu         ] GC(590) User=0.02s Sys=0.00s Real=0.00s
[2026-04-03T02:10:12.276+0600][86.732s][info][gc,marking     ] GC(589) Concurrent Mark From Roots 89.995ms
[2026-04-03T02:10:12.276+0600][86.732s][info][gc,marking     ] GC(589) Concurrent Preclean
[2026-04-03T02:10:12.277+0600][86.733s][info][gc,marking     ] GC(589) Concurrent Preclean 0.846ms
[2026-04-03T02:10:12.277+0600][86.733s][info][gc,start       ] GC(589) Pause Remark
[2026-04-03T02:10:12.286+0600][86.742s][info][gc             ] GC(589) Pause Remark 468M->418M(500M) 8.691ms
[2026-04-03T02:10:12.286+0600][86.742s][info][gc,cpu         ] GC(589) User=0.06s Sys=0.00s Real=0.01s
[2026-04-03T02:10:12.286+0600][86.742s][info][gc,marking     ] GC(589) Concurrent Mark 100.390ms
[2026-04-03T02:10:12.286+0600][86.742s][info][gc,marking     ] GC(589) Concurrent Rebuild Remembered Sets and Scrub Regions
[2026-04-03T02:10:12.309+0600][86.765s][info][gc,start       ] GC(591) Pause Young (Normal) (G1 Humongous Allocation)
[2026-04-03T02:10:12.309+0600][86.765s][info][gc,task        ] GC(591) Using 10 workers of 10 for evacuation
[2026-04-03T02:10:12.314+0600][86.769s][info][gc,phases      ] GC(591)   Pre Evacuate Collection Set: 0.44ms
[2026-04-03T02:10:12.314+0600][86.770s][info][gc,phases      ] GC(591)   Merge Heap Roots: 0.35ms
[2026-04-03T02:10:12.314+0600][86.770s][info][gc,phases      ] GC(591)   Evacuate Collection Set: 2.61ms
[2026-04-03T02:10:12.314+0600][86.770s][info][gc,phases      ] GC(591)   Post Evacuate Collection Set: 0.77ms
[2026-04-03T02:10:12.314+0600][86.770s][info][gc,phases      ] GC(591)   Other: 0.14ms
[2026-04-03T02:10:12.314+0600][86.770s][info][gc,heap        ] GC(591) Eden regions: 24->0(80)
[2026-04-03T02:10:12.314+0600][86.770s][info][gc,heap        ] GC(591) Survivor regions: 3->3(5)
[2026-04-03T02:10:12.314+0600][86.770s][info][gc,heap        ] GC(591) Old regions: 382->382
[2026-04-03T02:10:12.314+0600][86.770s][info][gc,heap        ] GC(591) Humongous regions: 33->10
[2026-04-03T02:10:12.314+0600][86.770s][info][gc,metaspace   ] GC(591) Metaspace: 131787K(133248K)->131787K(133248K) NonClass: 115226K(115904K)->115226K(115904K) Class: 16560K(17344K)->16560K(17344K)
[2026-04-03T02:10:12.314+0600][86.770s][info][gc             ] GC(591) Pause Young (Normal) (G1 Humongous Allocation) 437M->390M(500M) 4.785ms
[2026-04-03T02:10:12.314+0600][86.770s][info][gc,cpu         ] GC(591) User=0.02s Sys=0.00s Real=0.01s
[2026-04-03T02:10:12.320+0600][86.776s][info][gc,start       ] GC(592) Pause Young (Normal) (G1 Humongous Allocation)
[2026-04-03T02:10:12.320+0600][86.776s][info][gc,task        ] GC(592) Using 10 workers of 10 for evacuation
[2026-04-03T02:10:12.323+0600][86.779s][info][gc,phases      ] GC(592)   Pre Evacuate Collection Set: 0.38ms
[2026-04-03T02:10:12.323+0600][86.779s][info][gc,phases      ] GC(592)   Merge Heap Roots: 0.19ms
[2026-04-03T02:10:12.323+0600][86.779s][info][gc,phases      ] GC(592)   Evacuate Collection Set: 1.75ms
[2026-04-03T02:10:12.323+0600][86.779s][info][gc,phases      ] GC(592)   Post Evacuate Collection Set: 0.60ms
[2026-04-03T02:10:12.323+0600][86.779s][info][gc,phases      ] GC(592)   Other: 0.13ms
[2026-04-03T02:10:12.323+0600][86.779s][info][gc,heap        ] GC(592) Eden regions: 2->0(75)
[2026-04-03T02:10:12.323+0600][86.779s][info][gc,heap        ] GC(592) Survivor regions: 3->3(11)
[2026-04-03T02:10:12.323+0600][86.779s][info][gc,heap        ] GC(592) Old regions: 382->382
[2026-04-03T02:10:12.323+0600][86.779s][info][gc,heap        ] GC(592) Humongous regions: 30->15
[2026-04-03T02:10:12.323+0600][86.779s][info][gc,metaspace   ] GC(592) Metaspace: 131787K(133248K)->131787K(133248K) NonClass: 115226K(115904K)->115226K(115904K) Class: 16560K(17344K)->16560K(17344K)
[2026-04-03T02:10:12.323+0600][86.779s][info][gc             ] GC(592) Pause Young (Normal) (G1 Humongous Allocation) 412M->396M(500M) 3.345ms
[2026-04-03T02:10:12.323+0600][86.779s][info][gc,cpu         ] GC(592) User=0.02s Sys=0.00s Real=0.00s
[2026-04-03T02:10:12.325+0600][86.781s][info][gc,start       ] GC(593) Pause Young (Normal) (G1 Humongous Allocation)
[2026-04-03T02:10:12.325+0600][86.781s][info][gc,task        ] GC(593) Using 10 workers of 10 for evacuation
[2026-04-03T02:10:12.329+0600][86.784s][info][gc,phases      ] GC(593)   Pre Evacuate Collection Set: 0.33ms
[2026-04-03T02:10:12.329+0600][86.785s][info][gc,phases      ] GC(593)   Merge Heap Roots: 0.27ms
[2026-04-03T02:10:12.329+0600][86.785s][info][gc,phases      ] GC(593)   Evacuate Collection Set: 1.84ms
[2026-04-03T02:10:12.329+0600][86.785s][info][gc,phases      ] GC(593)   Post Evacuate Collection Set: 1.07ms
[2026-04-03T02:10:12.329+0600][86.785s][info][gc,phases      ] GC(593)   Other: 0.10ms
[2026-04-03T02:10:12.329+0600][86.785s][info][gc,heap        ] GC(593) Eden regions: 2->0(70)
[2026-04-03T02:10:12.329+0600][86.785s][info][gc,heap        ] GC(593) Survivor regions: 3->3(10)
[2026-04-03T02:10:12.329+0600][86.785s][info][gc,heap        ] GC(593) Old regions: 382->382
[2026-04-03T02:10:12.329+0600][86.785s][info][gc,heap        ] GC(593) Humongous regions: 30->20
[2026-04-03T02:10:12.329+0600][86.785s][info][gc,metaspace   ] GC(593) Metaspace: 131787K(133248K)->131787K(133248K) NonClass: 115226K(115904K)->115226K(115904K) Class: 16560K(17344K)->16560K(17344K)
[2026-04-03T02:10:12.329+0600][86.785s][info][gc             ] GC(593) Pause Young (Normal) (G1 Humongous Allocation) 412M->401M(500M) 4.292ms
[2026-04-03T02:10:12.329+0600][86.785s][info][gc,cpu         ] GC(593) User=0.02s Sys=0.00s Real=0.00s
[2026-04-03T02:10:12.331+0600][86.787s][info][gc,start       ] GC(594) Pause Young (Normal) (G1 Humongous Allocation)
[2026-04-03T02:10:12.331+0600][86.787s][info][gc,task        ] GC(594) Using 10 workers of 10 for evacuation
[2026-04-03T02:10:12.334+0600][86.790s][info][gc,phases      ] GC(594)   Pre Evacuate Collection Set: 0.47ms
[2026-04-03T02:10:12.334+0600][86.790s][info][gc,phases      ] GC(594)   Merge Heap Roots: 0.26ms
[2026-04-03T02:10:12.334+0600][86.790s][info][gc,phases      ] GC(594)   Evacuate Collection Set: 1.75ms
[2026-04-03T02:10:12.334+0600][86.790s][info][gc,phases      ] GC(594)   Post Evacuate Collection Set: 0.64ms
[2026-04-03T02:10:12.334+0600][86.790s][info][gc,phases      ] GC(594)   Other: 0.09ms
[2026-04-03T02:10:12.334+0600][86.790s][info][gc,heap        ] GC(594) Eden regions: 2->0(70)
[2026-04-03T02:10:12.334+0600][86.790s][info][gc,heap        ] GC(594) Survivor regions: 3->3(10)
[2026-04-03T02:10:12.334+0600][86.790s][info][gc,heap        ] GC(594) Old regions: 382->382
[2026-04-03T02:10:12.334+0600][86.790s][info][gc,heap        ] GC(594) Humongous regions: 30->20
[2026-04-03T02:10:12.334+0600][86.790s][info][gc,metaspace   ] GC(594) Metaspace: 131787K(133248K)->131787K(133248K) NonClass: 115226K(115904K)->115226K(115904K) Class: 16560K(17344K)->16560K(17344K)
[2026-04-03T02:10:12.335+0600][86.790s][info][gc             ] GC(594) Pause Young (Normal) (G1 Humongous Allocation) 412M->401M(500M) 3.495ms
[2026-04-03T02:10:12.335+0600][86.791s][info][gc,cpu         ] GC(594) User=0.02s Sys=0.00s Real=0.00s
[2026-04-03T02:10:12.336+0600][86.792s][info][gc,start       ] GC(595) Pause Young (Normal) (G1 Humongous Allocation)
[2026-04-03T02:10:12.336+0600][86.792s][info][gc,task        ] GC(595) Using 10 workers of 10 for evacuation
[2026-04-03T02:10:12.340+0600][86.796s][info][gc,phases      ] GC(595)   Pre Evacuate Collection Set: 0.50ms
[2026-04-03T02:10:12.340+0600][86.796s][info][gc,phases      ] GC(595)   Merge Heap Roots: 0.24ms
[2026-04-03T02:10:12.340+0600][86.796s][info][gc,phases      ] GC(595)   Evacuate Collection Set: 1.81ms
[2026-04-03T02:10:12.340+0600][86.796s][info][gc,phases      ] GC(595)   Post Evacuate Collection Set: 0.65ms
[2026-04-03T02:10:12.340+0600][86.796s][info][gc,phases      ] GC(595)   Other: 0.10ms
[2026-04-03T02:10:12.340+0600][86.796s][info][gc,heap        ] GC(595) Eden regions: 1->0(75)
[2026-04-03T02:10:12.340+0600][86.796s][info][gc,heap        ] GC(595) Survivor regions: 3->3(10)
[2026-04-03T02:10:12.340+0600][86.796s][info][gc,heap        ] GC(595) Old regions: 382->382
[2026-04-03T02:10:12.340+0600][86.796s][info][gc,heap        ] GC(595) Humongous regions: 30->15
[2026-04-03T02:10:12.340+0600][86.796s][info][gc,metaspace   ] GC(595) Metaspace: 131787K(133248K)->131787K(133248K) NonClass: 115226K(115904K)->115226K(115904K) Class: 16560K(17344K)->16560K(17344K)
[2026-04-03T02:10:12.340+0600][86.796s][info][gc             ] GC(595) Pause Young (Normal) (G1 Humongous Allocation) 412M->396M(500M) 3.635ms
[2026-04-03T02:10:12.340+0600][86.796s][info][gc,cpu         ] GC(595) User=0.02s Sys=0.01s Real=0.01s
[2026-04-03T02:10:12.342+0600][86.798s][info][gc,start       ] GC(596) Pause Young (Normal) (G1 Humongous Allocation)
[2026-04-03T02:10:12.342+0600][86.798s][info][gc,task        ] GC(596) Using 10 workers of 10 for evacuation
[2026-04-03T02:10:12.346+0600][86.801s][info][gc,phases      ] GC(596)   Pre Evacuate Collection Set: 0.65ms
[2026-04-03T02:10:12.346+0600][86.802s][info][gc,phases      ] GC(596)   Merge Heap Roots: 0.36ms
[2026-04-03T02:10:12.346+0600][86.802s][info][gc,phases      ] GC(596)   Evacuate Collection Set: 1.84ms
[2026-04-03T02:10:12.346+0600][86.802s][info][gc,phases      ] GC(596)   Post Evacuate Collection Set: 0.60ms
[2026-04-03T02:10:12.346+0600][86.802s][info][gc,phases      ] GC(596)   Other: 0.09ms
[2026-04-03T02:10:12.346+0600][86.802s][info][gc,heap        ] GC(596) Eden regions: 1->0(64)
[2026-04-03T02:10:12.346+0600][86.802s][info][gc,heap        ] GC(596) Survivor regions: 3->4(10)
[2026-04-03T02:10:12.346+0600][86.802s][info][gc,heap        ] GC(596) Old regions: 382->382
[2026-04-03T02:10:12.346+0600][86.802s][info][gc,heap        ] GC(596) Humongous regions: 30->25
[2026-04-03T02:10:12.346+0600][86.802s][info][gc,metaspace   ] GC(596) Metaspace: 131787K(133248K)->131787K(133248K) NonClass: 115226K(115904K)->115226K(115904K) Class: 16560K(17344K)->16560K(17344K)
[2026-04-03T02:10:12.346+0600][86.802s][info][gc             ] GC(596) Pause Young (Normal) (G1 Humongous Allocation) 412M->406M(500M) 3.856ms
[2026-04-03T02:10:12.346+0600][86.802s][info][gc,cpu         ] GC(596) User=0.02s Sys=0.00s Real=0.00s
[2026-04-03T02:10:12.347+0600][86.803s][info][gc,start       ] GC(597) Pause Young (Normal) (G1 Humongous Allocation)
[2026-04-03T02:10:12.348+0600][86.803s][info][gc,task        ] GC(597) Using 10 workers of 10 for evacuation
[2026-04-03T02:10:12.351+0600][86.807s][info][gc,phases      ] GC(597)   Pre Evacuate Collection Set: 0.34ms
[2026-04-03T02:10:12.351+0600][86.807s][info][gc,phases      ] GC(597)   Merge Heap Roots: 0.30ms
[2026-04-03T02:10:12.351+0600][86.807s][info][gc,phases      ] GC(597)   Evacuate Collection Set: 1.79ms
[2026-04-03T02:10:12.351+0600][86.807s][info][gc,phases      ] GC(597)   Post Evacuate Collection Set: 0.60ms
[2026-04-03T02:10:12.351+0600][86.807s][info][gc,phases      ] GC(597)   Other: 0.12ms
[2026-04-03T02:10:12.351+0600][86.807s][info][gc,heap        ] GC(597) Eden regions: 2->0(79)
[2026-04-03T02:10:12.351+0600][86.807s][info][gc,heap        ] GC(597) Survivor regions: 4->4(9)
[2026-04-03T02:10:12.351+0600][86.807s][info][gc,heap        ] GC(597) Old regions: 382->382
[2026-04-03T02:10:12.351+0600][86.807s][info][gc,heap        ] GC(597) Humongous regions: 30->10
[2026-04-03T02:10:12.351+0600][86.807s][info][gc,metaspace   ] GC(597) Metaspace: 131787K(133248K)->131787K(133248K) NonClass: 115226K(115904K)->115226K(115904K) Class: 16560K(17344K)->16560K(17344K)
[2026-04-03T02:10:12.351+0600][86.807s][info][gc             ] GC(597) Pause Young (Normal) (G1 Humongous Allocation) 413M->392M(500M) 3.448ms
[2026-04-03T02:10:12.351+0600][86.807s][info][gc,cpu         ] GC(597) User=0.02s Sys=0.00s Real=0.01s
[2026-04-03T02:10:12.353+0600][86.809s][info][gc,start       ] GC(598) Pause Young (Normal) (G1 Humongous Allocation)
[2026-04-03T02:10:12.353+0600][86.809s][info][gc,task        ] GC(598) Using 10 workers of 10 for evacuation
[2026-04-03T02:10:12.357+0600][86.812s][info][gc,phases      ] GC(598)   Pre Evacuate Collection Set: 0.42ms
[2026-04-03T02:10:12.357+0600][86.813s][info][gc,phases      ] GC(598)   Merge Heap Roots: 0.25ms
[2026-04-03T02:10:12.357+0600][86.813s][info][gc,phases      ] GC(598)   Evacuate Collection Set: 2.02ms
[2026-04-03T02:10:12.357+0600][86.813s][info][gc,phases      ] GC(598)   Post Evacuate Collection Set: 0.65ms
[2026-04-03T02:10:12.357+0600][86.813s][info][gc,phases      ] GC(598)   Other: 0.09ms
[2026-04-03T02:10:12.357+0600][86.813s][info][gc,heap        ] GC(598) Eden regions: 1->0(79)
[2026-04-03T02:10:12.357+0600][86.813s][info][gc,heap        ] GC(598) Survivor regions: 4->4(11)
[2026-04-03T02:10:12.357+0600][86.813s][info][gc,heap        ] GC(598) Old regions: 382->382
[2026-04-03T02:10:12.357+0600][86.813s][info][gc,heap        ] GC(598) Humongous regions: 30->10
[2026-04-03T02:10:12.357+0600][86.813s][info][gc,metaspace   ] GC(598) Metaspace: 131787K(133248K)->131787K(133248K) NonClass: 115226K(115904K)->115226K(115904K) Class: 16560K(17344K)->16560K(17344K)
[2026-04-03T02:10:12.357+0600][86.813s][info][gc             ] GC(598) Pause Young (Normal) (G1 Humongous Allocation) 413M->391M(500M) 3.792ms
[2026-04-03T02:10:12.357+0600][86.813s][info][gc,cpu         ] GC(598) User=0.02s Sys=0.00s Real=0.00s
[2026-04-03T02:10:12.359+0600][86.815s][info][gc,start       ] GC(599) Pause Young (Normal) (G1 Humongous Allocation)
[2026-04-03T02:10:12.359+0600][86.815s][info][gc,task        ] GC(599) Using 10 workers of 10 for evacuation
[2026-04-03T02:10:12.362+0600][86.818s][info][gc,phases      ] GC(599)   Pre Evacuate Collection Set: 0.44ms
[2026-04-03T02:10:12.362+0600][86.818s][info][gc,phases      ] GC(599)   Merge Heap Roots: 0.20ms
[2026-04-03T02:10:12.362+0600][86.818s][info][gc,phases      ] GC(599)   Evacuate Collection Set: 1.90ms
[2026-04-03T02:10:12.362+0600][86.818s][info][gc,phases      ] GC(599)   Post Evacuate Collection Set: 0.58ms
[2026-04-03T02:10:12.362+0600][86.818s][info][gc,phases      ] GC(599)   Other: 0.11ms
[2026-04-03T02:10:12.362+0600][86.818s][info][gc,heap        ] GC(599) Eden regions: 2->0(69)
[2026-04-03T02:10:12.362+0600][86.818s][info][gc,heap        ] GC(599) Survivor regions: 4->4(11)
[2026-04-03T02:10:12.362+0600][86.818s][info][gc,heap        ] GC(599) Old regions: 382->382
[2026-04-03T02:10:12.362+0600][86.818s][info][gc,heap        ] GC(599) Humongous regions: 30->20
[2026-04-03T02:10:12.362+0600][86.818s][info][gc,metaspace   ] GC(599) Metaspace: 131787K(133248K)->131787K(133248K) NonClass: 115226K(115904K)->115226K(115904K) Class: 16560K(17344K)->16560K(17344K)
[2026-04-03T02:10:12.362+0600][86.818s][info][gc             ] GC(599) Pause Young (Normal) (G1 Humongous Allocation) 413M->402M(500M) 3.532ms
[2026-04-03T02:10:12.363+0600][86.818s][info][gc,cpu         ] GC(599) User=0.02s Sys=0.00s Real=0.01s
[2026-04-03T02:10:12.364+0600][86.820s][info][gc,start       ] GC(600) Pause Young (Normal) (G1 Humongous Allocation)
[2026-04-03T02:10:12.364+0600][86.820s][info][gc,task        ] GC(600) Using 10 workers of 10 for evacuation
[2026-04-03T02:10:12.367+0600][86.823s][info][gc,phases      ] GC(600)   Pre Evacuate Collection Set: 0.31ms
[2026-04-03T02:10:12.367+0600][86.823s][info][gc,phases      ] GC(600)   Merge Heap Roots: 0.19ms
[2026-04-03T02:10:12.367+0600][86.823s][info][gc,phases      ] GC(600)   Evacuate Collection Set: 1.94ms
[2026-04-03T02:10:12.367+0600][86.823s][info][gc,phases      ] GC(600)   Post Evacuate Collection Set: 0.55ms
[2026-04-03T02:10:12.367+0600][86.823s][info][gc,phases      ] GC(600)   Other: 0.09ms
[2026-04-03T02:10:12.367+0600][86.823s][info][gc,heap        ] GC(600) Eden regions: 2->0(74)
[2026-04-03T02:10:12.367+0600][86.823s][info][gc,heap        ] GC(600) Survivor regions: 4->4(10)
[2026-04-03T02:10:12.367+0600][86.823s][info][gc,heap        ] GC(600) Old regions: 382->382
[2026-04-03T02:10:12.367+0600][86.823s][info][gc,heap        ] GC(600) Humongous regions: 30->15
[2026-04-03T02:10:12.367+0600][86.823s][info][gc,metaspace   ] GC(600) Metaspace: 131787K(133248K)->131787K(133248K) NonClass: 115226K(115904K)->115226K(115904K) Class: 16560K(17344K)->16560K(17344K)
[2026-04-03T02:10:12.367+0600][86.823s][info][gc             ] GC(600) Pause Young (Normal) (G1 Humongous Allocation) 413M->397M(500M) 3.320ms
[2026-04-03T02:10:12.367+0600][86.823s][info][gc,cpu         ] GC(600) User=0.02s Sys=0.00s Real=0.00s
[2026-04-03T02:10:12.369+0600][86.825s][info][gc,start       ] GC(601) Pause Young (Normal) (G1 Humongous Allocation)
[2026-04-03T02:10:12.369+0600][86.825s][info][gc,task        ] GC(601) Using 10 workers of 10 for evacuation
[2026-04-03T02:10:12.373+0600][86.828s][info][gc,phases      ] GC(601)   Pre Evacuate Collection Set: 0.31ms
[2026-04-03T02:10:12.373+0600][86.829s][info][gc,phases      ] GC(601)   Merge Heap Roots: 0.24ms
[2026-04-03T02:10:12.373+0600][86.829s][info][gc,phases      ] GC(601)   Evacuate Collection Set: 1.90ms
[2026-04-03T02:10:12.373+0600][86.829s][info][gc,phases      ] GC(601)   Post Evacuate Collection Set: 0.61ms
[2026-04-03T02:10:12.373+0600][86.829s][info][gc,phases      ] GC(601)   Other: 0.10ms
[2026-04-03T02:10:12.373+0600][86.829s][info][gc,heap        ] GC(601) Eden regions: 1->0(74)
[2026-04-03T02:10:12.373+0600][86.829s][info][gc,heap        ] GC(601) Survivor regions: 4->4(10)
[2026-04-03T02:10:12.373+0600][86.829s][info][gc,heap        ] GC(601) Old regions: 382->382
[2026-04-03T02:10:12.373+0600][86.829s][info][gc,heap        ] GC(601) Humongous regions: 30->15
[2026-04-03T02:10:12.373+0600][86.829s][info][gc,metaspace   ] GC(601) Metaspace: 131787K(133248K)->131787K(133248K) NonClass: 115226K(115904K)->115226K(115904K) Class: 16560K(17344K)->16560K(17344K)
[2026-04-03T02:10:12.373+0600][86.829s][info][gc             ] GC(601) Pause Young (Normal) (G1 Humongous Allocation) 413M->397M(500M) 3.552ms
[2026-04-03T02:10:12.373+0600][86.829s][info][gc,cpu         ] GC(601) User=0.02s Sys=0.00s Real=0.01s
[2026-04-03T02:10:12.375+0600][86.831s][info][gc,start       ] GC(602) Pause Young (Normal) (G1 Humongous Allocation)
[2026-04-03T02:10:12.375+0600][86.831s][info][gc,task        ] GC(602) Using 10 workers of 10 for evacuation
[2026-04-03T02:10:12.378+0600][86.834s][info][gc,phases      ] GC(602)   Pre Evacuate Collection Set: 0.37ms
[2026-04-03T02:10:12.378+0600][86.834s][info][gc,phases      ] GC(602)   Merge Heap Roots: 0.18ms
[2026-04-03T02:10:12.378+0600][86.834s][info][gc,phases      ] GC(602)   Evacuate Collection Set: 1.95ms
[2026-04-03T02:10:12.378+0600][86.834s][info][gc,phases      ] GC(602)   Post Evacuate Collection Set: 0.57ms
[2026-04-03T02:10:12.378+0600][86.834s][info][gc,phases      ] GC(602)   Other: 0.13ms
[2026-04-03T02:10:12.378+0600][86.834s][info][gc,heap        ] GC(602) Eden regions: 1->0(63)
[2026-04-03T02:10:12.378+0600][86.834s][info][gc,heap        ] GC(602) Survivor regions: 4->5(10)
[2026-04-03T02:10:12.378+0600][86.834s][info][gc,heap        ] GC(602) Old regions: 382->382
[2026-04-03T02:10:12.378+0600][86.834s][info][gc,heap        ] GC(602) Humongous regions: 30->25
[2026-04-03T02:10:12.378+0600][86.834s][info][gc,metaspace   ] GC(602) Metaspace: 131787K(133248K)->131787K(133248K) NonClass: 115226K(115904K)->115226K(115904K) Class: 16560K(17344K)->16560K(17344K)
[2026-04-03T02:10:12.378+0600][86.834s][info][gc             ] GC(602) Pause Young (Normal) (G1 Humongous Allocation) 413M->407M(500M) 3.551ms
[2026-04-03T02:10:12.378+0600][86.834s][info][gc,cpu         ] GC(602) User=0.02s Sys=0.00s Real=0.00s
[2026-04-03T02:10:12.380+0600][86.836s][info][gc,start       ] GC(603) Pause Young (Normal) (G1 Humongous Allocation)
[2026-04-03T02:10:12.380+0600][86.836s][info][gc,task        ] GC(603) Using 10 workers of 10 for evacuation
[2026-04-03T02:10:12.383+0600][86.839s][info][gc,phases      ] GC(603)   Pre Evacuate Collection Set: 0.27ms
[2026-04-03T02:10:12.383+0600][86.839s][info][gc,phases      ] GC(603)   Merge Heap Roots: 0.19ms
[2026-04-03T02:10:12.383+0600][86.839s][info][gc,phases      ] GC(603)   Evacuate Collection Set: 1.90ms
[2026-04-03T02:10:12.383+0600][86.839s][info][gc,phases      ] GC(603)   Post Evacuate Collection Set: 0.61ms
[2026-04-03T02:10:12.383+0600][86.839s][info][gc,phases      ] GC(603)   Other: 0.09ms
[2026-04-03T02:10:12.383+0600][86.839s][info][gc,heap        ] GC(603) Eden regions: 2->0(79)
[2026-04-03T02:10:12.383+0600][86.839s][info][gc,heap        ] GC(603) Survivor regions: 5->4(9)
[2026-04-03T02:10:12.383+0600][86.839s][info][gc,heap        ] GC(603) Old regions: 382->382
[2026-04-03T02:10:12.383+0600][86.839s][info][gc,heap        ] GC(603) Humongous regions: 30->10
[2026-04-03T02:10:12.383+0600][86.839s][info][gc,metaspace   ] GC(603) Metaspace: 131787K(133248K)->131787K(133248K) NonClass: 115226K(115904K)->115226K(115904K) Class: 16560K(17344K)->16560K(17344K)
[2026-04-03T02:10:12.383+0600][86.839s][info][gc             ] GC(603) Pause Young (Normal) (G1 Humongous Allocation) 413M->392M(500M) 3.354ms
[2026-04-03T02:10:12.384+0600][86.839s][info][gc,cpu         ] GC(603) User=0.02s Sys=0.00s Real=0.00s
[2026-04-03T02:10:12.386+0600][86.842s][info][gc,start       ] GC(604) Pause Young (Normal) (G1 Humongous Allocation)
[2026-04-03T02:10:12.386+0600][86.842s][info][gc,task        ] GC(604) Using 10 workers of 10 for evacuation
[2026-04-03T02:10:12.389+0600][86.845s][info][gc,phases      ] GC(604)   Pre Evacuate Collection Set: 0.36ms
[2026-04-03T02:10:12.389+0600][86.845s][info][gc,phases      ] GC(604)   Merge Heap Roots: 0.18ms
[2026-04-03T02:10:12.389+0600][86.845s][info][gc,phases      ] GC(604)   Evacuate Collection Set: 1.94ms
[2026-04-03T02:10:12.389+0600][86.845s][info][gc,phases      ] GC(604)   Post Evacuate Collection Set: 0.72ms
[2026-04-03T02:10:12.389+0600][86.845s][info][gc,phases      ] GC(604)   Other: 0.09ms
[2026-04-03T02:10:12.389+0600][86.845s][info][gc,heap        ] GC(604) Eden regions: 2->0(74)
[2026-04-03T02:10:12.389+0600][86.845s][info][gc,heap        ] GC(604) Survivor regions: 4->4(11)
[2026-04-03T02:10:12.389+0600][86.845s][info][gc,heap        ] GC(604) Old regions: 382->382
[2026-04-03T02:10:12.389+0600][86.845s][info][gc,heap        ] GC(604) Humongous regions: 30->15
[2026-04-03T02:10:12.390+0600][86.845s][info][gc,metaspace   ] GC(604) Metaspace: 131787K(133248K)->131787K(133248K) NonClass: 115226K(115904K)->115226K(115904K) Class: 16560K(17344K)->16560K(17344K)
[2026-04-03T02:10:12.390+0600][86.845s][info][gc             ] GC(604) Pause Young (Normal) (G1 Humongous Allocation) 414M->397M(500M) 3.554ms
[2026-04-03T02:10:12.390+0600][86.846s][info][gc,cpu         ] GC(604) User=0.02s Sys=0.01s Real=0.00s
[2026-04-03T02:10:12.391+0600][86.847s][info][gc,start       ] GC(605) Pause Young (Normal) (G1 Humongous Allocation)
[2026-04-03T02:10:12.391+0600][86.847s][info][gc,task        ] GC(605) Using 10 workers of 10 for evacuation
[2026-04-03T02:10:12.395+0600][86.851s][info][gc,phases      ] GC(605)   Pre Evacuate Collection Set: 0.49ms
[2026-04-03T02:10:12.395+0600][86.851s][info][gc,phases      ] GC(605)   Merge Heap Roots: 0.21ms
[2026-04-03T02:10:12.395+0600][86.851s][info][gc,phases      ] GC(605)   Evacuate Collection Set: 1.74ms
[2026-04-03T02:10:12.395+0600][86.851s][info][gc,phases      ] GC(605)   Post Evacuate Collection Set: 0.71ms
[2026-04-03T02:10:12.395+0600][86.851s][info][gc,phases      ] GC(605)   Other: 0.14ms
[2026-04-03T02:10:12.395+0600][86.851s][info][gc,heap        ] GC(605) Eden regions: 1->0(74)
[2026-04-03T02:10:12.395+0600][86.851s][info][gc,heap        ] GC(605) Survivor regions: 4->4(10)
[2026-04-03T02:10:12.395+0600][86.851s][info][gc,heap        ] GC(605) Old regions: 382->382
[2026-04-03T02:10:12.395+0600][86.851s][info][gc,heap        ] GC(605) Humongous regions: 30->15
[2026-04-03T02:10:12.395+0600][86.851s][info][gc,metaspace   ] GC(605) Metaspace: 131787K(133248K)->131787K(133248K) NonClass: 115226K(115904K)->115226K(115904K) Class: 16560K(17344K)->16560K(17344K)
[2026-04-03T02:10:12.395+0600][86.851s][info][gc             ] GC(605) Pause Young (Normal) (G1 Humongous Allocation) 413M->397M(500M) 3.671ms
[2026-04-03T02:10:12.395+0600][86.851s][info][gc,cpu         ] GC(605) User=0.02s Sys=0.00s Real=0.00s
[2026-04-03T02:10:12.397+0600][86.853s][info][gc,start       ] GC(606) Pause Young (Normal) (G1 Humongous Allocation)
[2026-04-03T02:10:12.397+0600][86.853s][info][gc,task        ] GC(606) Using 10 workers of 10 for evacuation
[2026-04-03T02:10:12.400+0600][86.856s][info][gc,phases      ] GC(606)   Pre Evacuate Collection Set: 0.44ms
[2026-04-03T02:10:12.400+0600][86.856s][info][gc,phases      ] GC(606)   Merge Heap Roots: 0.22ms
[2026-04-03T02:10:12.400+0600][86.856s][info][gc,phases      ] GC(606)   Evacuate Collection Set: 1.70ms
[2026-04-03T02:10:12.400+0600][86.856s][info][gc,phases      ] GC(606)   Post Evacuate Collection Set: 0.56ms
[2026-04-03T02:10:12.400+0600][86.856s][info][gc,phases      ] GC(606)   Other: 0.12ms
[2026-04-03T02:10:12.400+0600][86.856s][info][gc,heap        ] GC(606) Eden regions: 2->0(78)
[2026-04-03T02:10:12.400+0600][86.856s][info][gc,heap        ] GC(606) Survivor regions: 4->3(10)
[2026-04-03T02:10:12.400+0600][86.856s][info][gc,heap        ] GC(606) Old regions: 382->384
[2026-04-03T02:10:12.400+0600][86.856s][info][gc,heap        ] GC(606) Humongous regions: 30->10
[2026-04-03T02:10:12.400+0600][86.856s][info][gc,metaspace   ] GC(606) Metaspace: 131787K(133248K)->131787K(133248K) NonClass: 115226K(115904K)->115226K(115904K) Class: 16560K(17344K)->16560K(17344K)
[2026-04-03T02:10:12.400+0600][86.856s][info][gc             ] GC(606) Pause Young (Normal) (G1 Humongous Allocation) 414M->392M(500M) 3.426ms
[2026-04-03T02:10:12.401+0600][86.856s][info][gc,cpu         ] GC(606) User=0.02s Sys=0.00s Real=0.01s
[2026-04-03T02:10:12.403+0600][86.859s][info][gc,start       ] GC(607) Pause Young (Normal) (G1 Humongous Allocation)
[2026-04-03T02:10:12.403+0600][86.859s][info][gc,task        ] GC(607) Using 10 workers of 10 for evacuation
[2026-04-03T02:10:12.406+0600][86.862s][info][gc,phases      ] GC(607)   Pre Evacuate Collection Set: 0.53ms
[2026-04-03T02:10:12.406+0600][86.862s][info][gc,phases      ] GC(607)   Merge Heap Roots: 0.28ms
[2026-04-03T02:10:12.406+0600][86.862s][info][gc,phases      ] GC(607)   Evacuate Collection Set: 1.49ms
[2026-04-03T02:10:12.406+0600][86.862s][info][gc,phases      ] GC(607)   Post Evacuate Collection Set: 0.71ms
[2026-04-03T02:10:12.406+0600][86.862s][info][gc,phases      ] GC(607)   Other: 0.11ms
[2026-04-03T02:10:12.406+0600][86.862s][info][gc,heap        ] GC(607) Eden regions: 2->0(78)
[2026-04-03T02:10:12.406+0600][86.862s][info][gc,heap        ] GC(607) Survivor regions: 3->3(11)
[2026-04-03T02:10:12.406+0600][86.862s][info][gc,heap        ] GC(607) Old regions: 384->384
[2026-04-03T02:10:12.406+0600][86.862s][info][gc,heap        ] GC(607) Humongous regions: 30->10
[2026-04-03T02:10:12.406+0600][86.862s][info][gc,metaspace   ] GC(607) Metaspace: 131787K(133248K)->131787K(133248K) NonClass: 115226K(115904K)->115226K(115904K) Class: 16560K(17344K)->16560K(17344K)
[2026-04-03T02:10:12.406+0600][86.862s][info][gc             ] GC(607) Pause Young (Normal) (G1 Humongous Allocation) 414M->393M(500M) 3.472ms
[2026-04-03T02:10:12.406+0600][86.862s][info][gc,cpu         ] GC(607) User=0.02s Sys=0.00s Real=0.00s
[2026-04-03T02:10:12.409+0600][86.865s][info][gc,start       ] GC(608) Pause Young (Normal) (G1 Humongous Allocation)
[2026-04-03T02:10:12.409+0600][86.865s][info][gc,task        ] GC(608) Using 10 workers of 10 for evacuation
[2026-04-03T02:10:12.412+0600][86.868s][info][gc,phases      ] GC(608)   Pre Evacuate Collection Set: 0.54ms
[2026-04-03T02:10:12.412+0600][86.868s][info][gc,phases      ] GC(608)   Merge Heap Roots: 0.22ms
[2026-04-03T02:10:12.412+0600][86.868s][info][gc,phases      ] GC(608)   Evacuate Collection Set: 1.52ms
[2026-04-03T02:10:12.412+0600][86.868s][info][gc,phases      ] GC(608)   Post Evacuate Collection Set: 0.65ms
[2026-04-03T02:10:12.412+0600][86.868s][info][gc,phases      ] GC(608)   Other: 0.12ms
[2026-04-03T02:10:12.412+0600][86.868s][info][gc,heap        ] GC(608) Eden regions: 2->0(73)
[2026-04-03T02:10:12.412+0600][86.868s][info][gc,heap        ] GC(608) Survivor regions: 3->3(11)
[2026-04-03T02:10:12.412+0600][86.868s][info][gc,heap        ] GC(608) Old regions: 384->384
[2026-04-03T02:10:12.412+0600][86.868s][info][gc,heap        ] GC(608) Humongous regions: 30->15
[2026-04-03T02:10:12.412+0600][86.868s][info][gc,metaspace   ] GC(608) Metaspace: 131787K(133248K)->131787K(133248K) NonClass: 115226K(115904K)->115226K(115904K) Class: 16560K(17344K)->16560K(17344K)
[2026-04-03T02:10:12.412+0600][86.868s][info][gc             ] GC(608) Pause Young (Normal) (G1 Humongous Allocation) 414M->398M(500M) 3.360ms
[2026-04-03T02:10:12.412+0600][86.868s][info][gc,cpu         ] GC(608) User=0.01s Sys=0.00s Real=0.01s
[2026-04-03T02:10:12.414+0600][86.870s][info][gc,start       ] GC(609) Pause Young (Normal) (G1 Humongous Allocation)
[2026-04-03T02:10:12.414+0600][86.870s][info][gc,task        ] GC(609) Using 10 workers of 10 for evacuation
[2026-04-03T02:10:12.417+0600][86.872s][info][gc,phases      ] GC(609)   Pre Evacuate Collection Set: 0.35ms
[2026-04-03T02:10:12.417+0600][86.873s][info][gc,phases      ] GC(609)   Merge Heap Roots: 0.19ms
[2026-04-03T02:10:12.417+0600][86.873s][info][gc,phases      ] GC(609)   Evacuate Collection Set: 1.49ms
[2026-04-03T02:10:12.417+0600][86.873s][info][gc,phases      ] GC(609)   Post Evacuate Collection Set: 0.49ms
[2026-04-03T02:10:12.417+0600][86.873s][info][gc,phases      ] GC(609)   Other: 0.09ms
[2026-04-03T02:10:12.417+0600][86.873s][info][gc,heap        ] GC(609) Eden regions: 2->0(73)
[2026-04-03T02:10:12.417+0600][86.873s][info][gc,heap        ] GC(609) Survivor regions: 3->3(10)
[2026-04-03T02:10:12.417+0600][86.873s][info][gc,heap        ] GC(609) Old regions: 384->384
[2026-04-03T02:10:12.417+0600][86.873s][info][gc,heap        ] GC(609) Humongous regions: 30->15
[2026-04-03T02:10:12.417+0600][86.873s][info][gc,metaspace   ] GC(609) Metaspace: 131787K(133248K)->131787K(133248K) NonClass: 115226K(115904K)->115226K(115904K) Class: 16560K(17344K)->16560K(17344K)
[2026-04-03T02:10:12.417+0600][86.873s][info][gc             ] GC(609) Pause Young (Normal) (G1 Humongous Allocation) 414M->398M(500M) 2.898ms
[2026-04-03T02:10:12.417+0600][86.873s][info][gc,cpu         ] GC(609) User=0.02s Sys=0.00s Real=0.00s
[2026-04-03T02:10:12.419+0600][86.875s][info][gc,start       ] GC(610) Pause Young (Normal) (G1 Humongous Allocation)
[2026-04-03T02:10:12.419+0600][86.875s][info][gc,task        ] GC(610) Using 10 workers of 10 for evacuation
[2026-04-03T02:10:12.422+0600][86.878s][info][gc,phases      ] GC(610)   Pre Evacuate Collection Set: 0.31ms
[2026-04-03T02:10:12.422+0600][86.878s][info][gc,phases      ] GC(610)   Merge Heap Roots: 0.19ms
[2026-04-03T02:10:12.422+0600][86.878s][info][gc,phases      ] GC(610)   Evacuate Collection Set: 1.33ms
[2026-04-03T02:10:12.422+0600][86.878s][info][gc,phases      ] GC(610)   Post Evacuate Collection Set: 0.47ms
[2026-04-03T02:10:12.422+0600][86.878s][info][gc,phases      ] GC(610)   Other: 0.08ms
[2026-04-03T02:10:12.422+0600][86.878s][info][gc,heap        ] GC(610) Eden regions: 2->0(74)
[2026-04-03T02:10:12.422+0600][86.878s][info][gc,heap        ] GC(610) Survivor regions: 3->2(10)
[2026-04-03T02:10:12.422+0600][86.878s][info][gc,heap        ] GC(610) Old regions: 384->384
[2026-04-03T02:10:12.422+0600][86.878s][info][gc,heap        ] GC(610) Humongous regions: 30->15
[2026-04-03T02:10:12.422+0600][86.878s][info][gc,metaspace   ] GC(610) Metaspace: 131787K(133248K)->131787K(133248K) NonClass: 115226K(115904K)->115226K(115904K) Class: 16560K(17344K)->16560K(17344K)
[2026-04-03T02:10:12.422+0600][86.878s][info][gc             ] GC(610) Pause Young (Normal) (G1 Humongous Allocation) 414M->397M(500M) 2.668ms
[2026-04-03T02:10:12.422+0600][86.878s][info][gc,cpu         ] GC(610) User=0.02s Sys=0.00s Real=0.01s
[2026-04-03T02:10:12.423+0600][86.879s][info][gc,marking     ] GC(589) Concurrent Rebuild Remembered Sets and Scrub Regions 137.293ms
[2026-04-03T02:10:12.424+0600][86.880s][info][gc,start       ] GC(589) Pause Cleanup
[2026-04-03T02:10:12.424+0600][86.880s][info][gc             ] GC(589) Pause Cleanup 411M->411M(500M) 0.530ms
[2026-04-03T02:10:12.424+0600][86.880s][info][gc,cpu         ] GC(589) User=0.00s Sys=0.00s Real=0.00s
[2026-04-03T02:10:12.425+0600][86.880s][info][gc,marking     ] GC(589) Concurrent Clear Claimed Marks
[2026-04-03T02:10:12.425+0600][86.881s][info][gc,marking     ] GC(589) Concurrent Clear Claimed Marks 0.352ms
[2026-04-03T02:10:12.425+0600][86.881s][info][gc,marking     ] GC(589) Concurrent Cleanup for Next Mark
[2026-04-03T02:10:12.426+0600][86.882s][info][gc,start       ] GC(611) Pause Young (Prepare Mixed) (G1 Humongous Allocation)
[2026-04-03T02:10:12.426+0600][86.882s][info][gc,task        ] GC(611) Using 10 workers of 10 for evacuation
[2026-04-03T02:10:12.428+0600][86.884s][info][gc,phases      ] GC(611)   Pre Evacuate Collection Set: 0.33ms
[2026-04-03T02:10:12.428+0600][86.884s][info][gc,phases      ] GC(611)   Merge Heap Roots: 0.16ms
[2026-04-03T02:10:12.428+0600][86.884s][info][gc,phases      ] GC(611)   Evacuate Collection Set: 1.37ms
[2026-04-03T02:10:12.428+0600][86.884s][info][gc,phases      ] GC(611)   Post Evacuate Collection Set: 0.49ms
[2026-04-03T02:10:12.428+0600][86.884s][info][gc,phases      ] GC(611)   Other: 0.09ms
[2026-04-03T02:10:12.429+0600][86.884s][info][gc,heap        ] GC(611) Eden regions: 3->0(74)
[2026-04-03T02:10:12.429+0600][86.884s][info][gc,heap        ] GC(611) Survivor regions: 2->2(10)
[2026-04-03T02:10:12.429+0600][86.884s][info][gc,heap        ] GC(611) Old regions: 384->384
[2026-04-03T02:10:12.429+0600][86.884s][info][gc,heap        ] GC(611) Humongous regions: 32->15
[2026-04-03T02:10:12.429+0600][86.884s][info][gc,metaspace   ] GC(611) Metaspace: 131787K(133248K)->131787K(133248K) NonClass: 115226K(115904K)->115226K(115904K) Class: 16560K(17344K)->16560K(17344K)
[2026-04-03T02:10:12.429+0600][86.884s][info][gc             ] GC(611) Pause Young (Prepare Mixed) (G1 Humongous Allocation) 416M->397M(500M) 2.714ms
[2026-04-03T02:10:12.429+0600][86.885s][info][gc,cpu         ] GC(611) User=0.02s Sys=0.00s Real=0.00s
[2026-04-03T02:10:12.429+0600][86.885s][info][gc,marking     ] GC(589) Concurrent Cleanup for Next Mark 3.920ms
[2026-04-03T02:10:12.429+0600][86.885s][info][gc             ] GC(589) Concurrent Mark Cycle 246.460ms
[2026-04-03T02:10:12.431+0600][86.887s][info][gc,start       ] GC(612) Pause Young (Mixed) (G1 Humongous Allocation)
[2026-04-03T02:10:12.431+0600][86.887s][info][gc,task        ] GC(612) Using 10 workers of 10 for evacuation
[2026-04-03T02:10:12.434+0600][86.890s][info][gc,phases      ] GC(612)   Pre Evacuate Collection Set: 0.30ms
[2026-04-03T02:10:12.434+0600][86.890s][info][gc,phases      ] GC(612)   Merge Heap Roots: 0.14ms
[2026-04-03T02:10:12.434+0600][86.890s][info][gc,phases      ] GC(612)   Evacuate Collection Set: 1.47ms
[2026-04-03T02:10:12.434+0600][86.890s][info][gc,phases      ] GC(612)   Post Evacuate Collection Set: 0.67ms
[2026-04-03T02:10:12.434+0600][86.890s][info][gc,phases      ] GC(612)   Other: 0.09ms
[2026-04-03T02:10:12.434+0600][86.890s][info][gc,heap        ] GC(612) Eden regions: 2->0(128)
[2026-04-03T02:10:12.434+0600][86.890s][info][gc,heap        ] GC(612) Survivor regions: 2->2(10)
[2026-04-03T02:10:12.434+0600][86.890s][info][gc,heap        ] GC(612) Old regions: 384->335
[2026-04-03T02:10:12.434+0600][86.890s][info][gc,heap        ] GC(612) Humongous regions: 32->10
[2026-04-03T02:10:12.434+0600][86.890s][info][gc,metaspace   ] GC(612) Metaspace: 131787K(133248K)->131787K(133248K) NonClass: 115226K(115904K)->115226K(115904K) Class: 16560K(17344K)->16560K(17344K)
[2026-04-03T02:10:12.434+0600][86.890s][info][gc             ] GC(612) Pause Young (Mixed) (G1 Humongous Allocation) 416M->342M(500M) 2.974ms
[2026-04-03T02:10:12.434+0600][86.890s][info][gc,cpu         ] GC(612) User=0.01s Sys=0.00s Real=0.00s
[2026-04-03T02:10:12.487+0600][86.943s][info][gc,start       ] GC(613) Pause Young (Mixed) (G1 Humongous Allocation)
[2026-04-03T02:10:12.487+0600][86.943s][info][gc,task        ] GC(613) Using 10 workers of 10 for evacuation
[2026-04-03T02:10:12.489+0600][86.945s][info][gc,phases      ] GC(613)   Pre Evacuate Collection Set: 0.36ms
[2026-04-03T02:10:12.489+0600][86.945s][info][gc,phases      ] GC(613)   Merge Heap Roots: 0.09ms
[2026-04-03T02:10:12.489+0600][86.945s][info][gc,phases      ] GC(613)   Evacuate Collection Set: 0.93ms
[2026-04-03T02:10:12.489+0600][86.945s][info][gc,phases      ] GC(613)   Post Evacuate Collection Set: 0.45ms
[2026-04-03T02:10:12.489+0600][86.945s][info][gc,phases      ] GC(613)   Other: 0.08ms
[2026-04-03T02:10:12.489+0600][86.945s][info][gc,heap        ] GC(613) Eden regions: 41->0(168)
[2026-04-03T02:10:12.489+0600][86.945s][info][gc,heap        ] GC(613) Survivor regions: 2->2(17)
[2026-04-03T02:10:12.489+0600][86.945s][info][gc,heap        ] GC(613) Old regions: 335->285
[2026-04-03T02:10:12.489+0600][86.945s][info][gc,heap        ] GC(613) Humongous regions: 60->20
[2026-04-03T02:10:12.489+0600][86.945s][info][gc,metaspace   ] GC(613) Metaspace: 131787K(133248K)->131787K(133248K) NonClass: 115226K(115904K)->115226K(115904K) Class: 16560K(17344K)->16560K(17344K)
[2026-04-03T02:10:12.489+0600][86.945s][info][gc             ] GC(613) Pause Young (Mixed) (G1 Humongous Allocation) 433M->304M(500M) 2.125ms
[2026-04-03T02:10:12.489+0600][86.945s][info][gc,cpu         ] GC(613) User=0.01s Sys=0.00s Real=0.00s
[2026-04-03T02:10:12.492+0600][86.948s][info][gc,start       ] GC(614) Pause Young (Mixed) (G1 Humongous Allocation)
[2026-04-03T02:10:12.493+0600][86.948s][info][gc,task        ] GC(614) Using 10 workers of 10 for evacuation
[2026-04-03T02:10:12.495+0600][86.951s][info][gc,phases      ] GC(614)   Pre Evacuate Collection Set: 0.30ms
[2026-04-03T02:10:12.495+0600][86.951s][info][gc,phases      ] GC(614)   Merge Heap Roots: 0.14ms
[2026-04-03T02:10:12.495+0600][86.951s][info][gc,phases      ] GC(614)   Evacuate Collection Set: 1.10ms
[2026-04-03T02:10:12.495+0600][86.951s][info][gc,phases      ] GC(614)   Post Evacuate Collection Set: 0.71ms
[2026-04-03T02:10:12.495+0600][86.951s][info][gc,phases      ] GC(614)   Other: 0.10ms
[2026-04-03T02:10:12.495+0600][86.951s][info][gc,heap        ] GC(614) Eden regions: 4->0(217)
[2026-04-03T02:10:12.495+0600][86.951s][info][gc,heap        ] GC(614) Survivor regions: 2->3(22)
[2026-04-03T02:10:12.495+0600][86.951s][info][gc,heap        ] GC(614) Old regions: 285->235
[2026-04-03T02:10:12.495+0600][86.951s][info][gc,heap        ] GC(614) Humongous regions: 80->20
[2026-04-03T02:10:12.495+0600][86.951s][info][gc,metaspace   ] GC(614) Metaspace: 131787K(133248K)->131787K(133248K) NonClass: 115226K(115904K)->115226K(115904K) Class: 16560K(17344K)->16560K(17344K)
[2026-04-03T02:10:12.495+0600][86.951s][info][gc             ] GC(614) Pause Young (Mixed) (G1 Humongous Allocation) 367M->255M(500M) 2.612ms
[2026-04-03T02:10:12.495+0600][86.951s][info][gc,cpu         ] GC(614) User=0.02s Sys=0.00s Real=0.00s
[2026-04-03T02:10:12.502+0600][86.957s][info][gc,start       ] GC(615) Pause Young (Mixed) (G1 Humongous Allocation)
[2026-04-03T02:10:12.502+0600][86.958s][info][gc,task        ] GC(615) Using 10 workers of 10 for evacuation
[2026-04-03T02:10:12.505+0600][86.961s][info][gc,phases      ] GC(615)   Pre Evacuate Collection Set: 0.33ms
[2026-04-03T02:10:12.505+0600][86.961s][info][gc,phases      ] GC(615)   Merge Heap Roots: 0.25ms
[2026-04-03T02:10:12.505+0600][86.961s][info][gc,phases      ] GC(615)   Evacuate Collection Set: 1.43ms
[2026-04-03T02:10:12.505+0600][86.961s][info][gc,phases      ] GC(615)   Post Evacuate Collection Set: 0.77ms
[2026-04-03T02:10:12.505+0600][86.961s][info][gc,phases      ] GC(615)   Other: 0.19ms
[2026-04-03T02:10:12.505+0600][86.961s][info][gc,heap        ] GC(615) Eden regions: 7->0(252)
[2026-04-03T02:10:12.505+0600][86.961s][info][gc,heap        ] GC(615) Survivor regions: 3->5(28)
[2026-04-03T02:10:12.505+0600][86.961s][info][gc,heap        ] GC(615) Old regions: 235->185
[2026-04-03T02:10:12.505+0600][86.961s][info][gc,heap        ] GC(615) Humongous regions: 130->25
[2026-04-03T02:10:12.505+0600][86.961s][info][gc,metaspace   ] GC(615) Metaspace: 131787K(133248K)->131787K(133248K) NonClass: 115226K(115904K)->115226K(115904K) Class: 16560K(17344K)->16560K(17344K)
[2026-04-03T02:10:12.505+0600][86.961s][info][gc             ] GC(615) Pause Young (Mixed) (G1 Humongous Allocation) 371M->212M(500M) 3.405ms
[2026-04-03T02:10:12.505+0600][86.961s][info][gc,cpu         ] GC(615) User=0.02s Sys=0.00s Real=0.00s
[2026-04-03T02:10:12.584+0600][87.040s][info][gc,start       ] GC(616) Pause Young (Mixed) (G1 Humongous Allocation)
[2026-04-03T02:10:12.584+0600][87.040s][info][gc,task        ] GC(616) Using 10 workers of 10 for evacuation
[2026-04-03T02:10:12.586+0600][87.042s][info][gc,phases      ] GC(616)   Pre Evacuate Collection Set: 0.42ms
[2026-04-03T02:10:12.586+0600][87.042s][info][gc,phases      ] GC(616)   Merge Heap Roots: 0.11ms
[2026-04-03T02:10:12.586+0600][87.042s][info][gc,phases      ] GC(616)   Evacuate Collection Set: 1.15ms
[2026-04-03T02:10:12.586+0600][87.042s][info][gc,phases      ] GC(616)   Post Evacuate Collection Set: 0.59ms
[2026-04-03T02:10:12.586+0600][87.042s][info][gc,phases      ] GC(616)   Other: 0.12ms
[2026-04-03T02:10:12.586+0600][87.042s][info][gc,heap        ] GC(616) Eden regions: 80->0(298)
[2026-04-03T02:10:12.586+0600][87.042s][info][gc,heap        ] GC(616) Survivor regions: 5->2(20)
[2026-04-03T02:10:12.586+0600][87.042s][info][gc,heap        ] GC(616) Old regions: 185->136
[2026-04-03T02:10:12.586+0600][87.042s][info][gc,heap        ] GC(616) Humongous regions: 210->10
[2026-04-03T02:10:12.586+0600][87.042s][info][gc,metaspace   ] GC(616) Metaspace: 131787K(133248K)->131787K(133248K) NonClass: 115226K(115904K)->115226K(115904K) Class: 16560K(17344K)->16560K(17344K)
[2026-04-03T02:10:12.586+0600][87.042s][info][gc             ] GC(616) Pause Young (Mixed) (G1 Humongous Allocation) 476M->145M(500M) 2.656ms
[2026-04-03T02:10:12.586+0600][87.042s][info][gc,cpu         ] GC(616) User=0.01s Sys=0.00s Real=0.00s
[2026-04-03T02:10:12.982+0600][87.438s][info][gc,start       ] GC(617) Pause Young (Mixed) (G1 Humongous Allocation)
[2026-04-03T02:10:12.982+0600][87.438s][info][gc,task        ] GC(617) Using 10 workers of 10 for evacuation
[2026-04-03T02:10:12.987+0600][87.443s][info][gc,phases      ] GC(617)   Pre Evacuate Collection Set: 0.59ms
[2026-04-03T02:10:12.987+0600][87.443s][info][gc,phases      ] GC(617)   Merge Heap Roots: 0.31ms
[2026-04-03T02:10:12.987+0600][87.443s][info][gc,phases      ] GC(617)   Evacuate Collection Set: 2.52ms
[2026-04-03T02:10:12.987+0600][87.443s][info][gc,phases      ] GC(617)   Post Evacuate Collection Set: 1.17ms
[2026-04-03T02:10:12.987+0600][87.443s][info][gc,phases      ] GC(617)   Other: 0.15ms
[2026-04-03T02:10:12.987+0600][87.443s][info][gc,heap        ] GC(617) Eden regions: 248->0(296)
[2026-04-03T02:10:12.987+0600][87.443s][info][gc,heap        ] GC(617) Survivor regions: 2->4(5)
[2026-04-03T02:10:12.987+0600][87.443s][info][gc,heap        ] GC(617) Old regions: 136->130
[2026-04-03T02:10:12.987+0600][87.443s][info][gc,heap        ] GC(617) Humongous regions: 109->10
[2026-04-03T02:10:12.987+0600][87.443s][info][gc,metaspace   ] GC(617) Metaspace: 131788K(133248K)->131788K(133248K) NonClass: 115227K(115904K)->115227K(115904K) Class: 16560K(17344K)->16560K(17344K)
[2026-04-03T02:10:12.987+0600][87.443s][info][gc             ] GC(617) Pause Young (Mixed) (G1 Humongous Allocation) (Evacuation Failure) 492M->142M(500M) 5.148ms
[2026-04-03T02:10:12.988+0600][87.443s][info][gc,cpu         ] GC(617) User=0.03s Sys=0.01s Real=0.00s
[2026-04-03T02:10:12.988+0600][87.444s][info][gc,start       ] GC(618) Pause Young (Concurrent Start) (G1 Humongous Allocation)
[2026-04-03T02:10:12.988+0600][87.444s][info][gc,task        ] GC(618) Using 10 workers of 10 for evacuation
[2026-04-03T02:10:12.992+0600][87.448s][info][gc,phases      ] GC(618)   Pre Evacuate Collection Set: 0.51ms
[2026-04-03T02:10:12.992+0600][87.448s][info][gc,phases      ] GC(618)   Merge Heap Roots: 0.13ms
[2026-04-03T02:10:12.992+0600][87.448s][info][gc,phases      ] GC(618)   Evacuate Collection Set: 1.73ms
[2026-04-03T02:10:12.992+0600][87.448s][info][gc,phases      ] GC(618)   Post Evacuate Collection Set: 0.53ms
[2026-04-03T02:10:12.992+0600][87.448s][info][gc,phases      ] GC(618)   Other: 0.25ms
[2026-04-03T02:10:12.992+0600][87.448s][info][gc,heap        ] GC(618) Eden regions: 4->0(296)
[2026-04-03T02:10:12.992+0600][87.448s][info][gc,heap        ] GC(618) Survivor regions: 4->4(38)
[2026-04-03T02:10:12.992+0600][87.448s][info][gc,heap        ] GC(618) Old regions: 130->131
[2026-04-03T02:10:12.992+0600][87.448s][info][gc,heap        ] GC(618) Humongous regions: 12->10
[2026-04-03T02:10:12.992+0600][87.448s][info][gc,metaspace   ] GC(618) Metaspace: 131788K(133248K)->131788K(133248K) NonClass: 115227K(115904K)->115227K(115904K) Class: 16560K(17344K)->16560K(17344K)
[2026-04-03T02:10:12.992+0600][87.448s][info][gc             ] GC(618) Pause Young (Concurrent Start) (G1 Humongous Allocation) 147M->141M(500M) 3.482ms
[2026-04-03T02:10:12.992+0600][87.448s][info][gc             ] GC(619) Concurrent Mark Cycle
[2026-04-03T02:10:12.992+0600][87.448s][info][gc,cpu         ] GC(618) User=0.02s Sys=0.00s Real=0.01s
[2026-04-03T02:10:12.992+0600][87.448s][info][gc,marking     ] GC(619) Concurrent Scan Root Regions
[2026-04-03T02:10:12.995+0600][87.451s][info][gc,marking     ] GC(619) Concurrent Scan Root Regions 2.763ms
[2026-04-03T02:10:12.995+0600][87.451s][info][gc,marking     ] GC(619) Concurrent Mark
[2026-04-03T02:10:12.995+0600][87.451s][info][gc,marking     ] GC(619) Concurrent Mark From Roots
[2026-04-03T02:10:12.995+0600][87.451s][info][gc,task        ] GC(619) Using 3 workers of 3 for marking
[2026-04-03T02:10:13.128+0600][87.584s][info][gc,marking     ] GC(619) Concurrent Mark From Roots 132.751ms
[2026-04-03T02:10:13.128+0600][87.584s][info][gc,marking     ] GC(619) Concurrent Preclean
[2026-04-03T02:10:13.128+0600][87.584s][info][gc,marking     ] GC(619) Concurrent Preclean 0.571ms
[2026-04-03T02:10:13.129+0600][87.585s][info][gc,start       ] GC(619) Pause Remark
[2026-04-03T02:10:13.138+0600][87.594s][info][gc             ] GC(619) Pause Remark 302M->299M(500M) 8.937ms
[2026-04-03T02:10:13.138+0600][87.594s][info][gc,cpu         ] GC(619) User=0.08s Sys=0.01s Real=0.01s
[2026-04-03T02:10:13.138+0600][87.594s][info][gc,marking     ] GC(619) Concurrent Mark 143.145ms
[2026-04-03T02:10:13.138+0600][87.594s][info][gc,marking     ] GC(619) Concurrent Rebuild Remembered Sets and Scrub Regions
[2026-04-03T02:10:13.185+0600][87.641s][info][gc,marking     ] GC(619) Concurrent Rebuild Remembered Sets and Scrub Regions 46.882ms
[2026-04-03T02:10:13.185+0600][87.641s][info][gc,start       ] GC(619) Pause Cleanup
[2026-04-03T02:10:13.186+0600][87.642s][info][gc             ] GC(619) Pause Cleanup 350M->350M(500M) 0.435ms
[2026-04-03T02:10:13.186+0600][87.642s][info][gc,cpu         ] GC(619) User=0.00s Sys=0.00s Real=0.00s
[2026-04-03T02:10:13.186+0600][87.642s][info][gc,marking     ] GC(619) Concurrent Clear Claimed Marks
[2026-04-03T02:10:13.186+0600][87.642s][info][gc,marking     ] GC(619) Concurrent Clear Claimed Marks 0.286ms
[2026-04-03T02:10:13.186+0600][87.642s][info][gc,marking     ] GC(619) Concurrent Cleanup for Next Mark
[2026-04-03T02:10:13.187+0600][87.643s][info][gc,marking     ] GC(619) Concurrent Cleanup for Next Mark 1.066ms
[2026-04-03T02:10:13.187+0600][87.643s][info][gc             ] GC(619) Concurrent Mark Cycle 195.445ms
[2026-04-03T02:10:13.278+0600][87.734s][info][gc,start       ] GC(620) Pause Young (Prepare Mixed) (G1 Evacuation Pause)
[2026-04-03T02:10:13.278+0600][87.734s][info][gc,task        ] GC(620) Using 10 workers of 10 for evacuation
[2026-04-03T02:10:13.283+0600][87.739s][info][gc,phases      ] GC(620)   Pre Evacuate Collection Set: 0.36ms
[2026-04-03T02:10:13.283+0600][87.739s][info][gc,phases      ] GC(620)   Merge Heap Roots: 0.22ms
[2026-04-03T02:10:13.283+0600][87.739s][info][gc,phases      ] GC(620)   Evacuate Collection Set: 2.49ms
[2026-04-03T02:10:13.283+0600][87.739s][info][gc,phases      ] GC(620)   Post Evacuate Collection Set: 1.55ms
[2026-04-03T02:10:13.283+0600][87.739s][info][gc,phases      ] GC(620)   Other: 0.09ms
[2026-04-03T02:10:13.283+0600][87.739s][info][gc,heap        ] GC(620) Eden regions: 192->0(268)
[2026-04-03T02:10:13.283+0600][87.739s][info][gc,heap        ] GC(620) Survivor regions: 4->0(0)
[2026-04-03T02:10:13.283+0600][87.739s][info][gc,heap        ] GC(620) Old regions: 130->199
[2026-04-03T02:10:13.283+0600][87.739s][info][gc,heap        ] GC(620) Humongous regions: 174->8
[2026-04-03T02:10:13.283+0600][87.739s][info][gc,metaspace   ] GC(620) Metaspace: 131788K(133248K)->131788K(133248K) NonClass: 115227K(115904K)->115227K(115904K) Class: 16560K(17344K)->16560K(17344K)
[2026-04-03T02:10:13.283+0600][87.739s][info][gc             ] GC(620) Pause Young (Prepare Mixed) (G1 Evacuation Pause) (Evacuation Failure) 496M->204M(500M) 5.004ms
[2026-04-03T02:10:13.283+0600][87.739s][info][gc,cpu         ] GC(620) User=0.03s Sys=0.00s Real=0.01s
[2026-04-03T02:10:13.464+0600][87.919s][info][gc,start       ] GC(621) Pause Young (Mixed) (G1 Evacuation Pause)
[2026-04-03T02:10:13.464+0600][87.920s][info][gc,task        ] GC(621) Using 10 workers of 10 for evacuation
[2026-04-03T02:10:13.470+0600][87.926s][info][gc,phases      ] GC(621)   Pre Evacuate Collection Set: 0.35ms
[2026-04-03T02:10:13.470+0600][87.926s][info][gc,phases      ] GC(621)   Merge Heap Roots: 0.21ms
[2026-04-03T02:10:13.470+0600][87.926s][info][gc,phases      ] GC(621)   Evacuate Collection Set: 3.04ms
[2026-04-03T02:10:13.470+0600][87.926s][info][gc,phases      ] GC(621)   Post Evacuate Collection Set: 2.56ms
[2026-04-03T02:10:13.470+0600][87.926s][info][gc,phases      ] GC(621)   Other: 0.09ms
[2026-04-03T02:10:13.470+0600][87.926s][info][gc,heap        ] GC(621) Eden regions: 167->0(182)
[2026-04-03T02:10:13.470+0600][87.926s][info][gc,heap        ] GC(621) Survivor regions: 0->0(0)
[2026-04-03T02:10:13.470+0600][87.926s][info][gc,heap        ] GC(621) Old regions: 199->285
[2026-04-03T02:10:13.470+0600][87.926s][info][gc,heap        ] GC(621) Humongous regions: 134->8
[2026-04-03T02:10:13.470+0600][87.926s][info][gc,metaspace   ] GC(621) Metaspace: 131788K(133248K)->131788K(133248K) NonClass: 115227K(115904K)->115227K(115904K) Class: 16560K(17344K)->16560K(17344K)
[2026-04-03T02:10:13.470+0600][87.926s][info][gc             ] GC(621) Pause Young (Mixed) (G1 Evacuation Pause) (Evacuation Failure) 497M->290M(500M) 6.529ms
[2026-04-03T02:10:13.470+0600][87.926s][info][gc,cpu         ] GC(621) User=0.04s Sys=0.01s Real=0.01s
[2026-04-03T02:10:13.482+0600][87.938s][info][gc,start       ] GC(622) Pause Young (Concurrent Start) (GCLocker Initiated GC)
[2026-04-03T02:10:13.482+0600][87.938s][info][gc,task        ] GC(622) Using 10 workers of 10 for evacuation
[2026-04-03T02:10:13.486+0600][87.942s][info][gc,phases      ] GC(622)   Pre Evacuate Collection Set: 0.62ms
[2026-04-03T02:10:13.486+0600][87.942s][info][gc,phases      ] GC(622)   Merge Heap Roots: 0.14ms
[2026-04-03T02:10:13.486+0600][87.942s][info][gc,phases      ] GC(622)   Evacuate Collection Set: 2.54ms
[2026-04-03T02:10:13.486+0600][87.942s][info][gc,phases      ] GC(622)   Post Evacuate Collection Set: 0.77ms
[2026-04-03T02:10:13.486+0600][87.942s][info][gc,phases      ] GC(622)   Other: 0.20ms
[2026-04-03T02:10:13.486+0600][87.942s][info][gc,heap        ] GC(622) Eden regions: 9->0(181)
[2026-04-03T02:10:13.486+0600][87.942s][info][gc,heap        ] GC(622) Survivor regions: 0->1(23)
[2026-04-03T02:10:13.486+0600][87.942s][info][gc,heap        ] GC(622) Old regions: 285->285
[2026-04-03T02:10:13.486+0600][87.942s][info][gc,heap        ] GC(622) Humongous regions: 8->8
[2026-04-03T02:10:13.486+0600][87.942s][info][gc,metaspace   ] GC(622) Metaspace: 131788K(133248K)->131788K(133248K) NonClass: 115227K(115904K)->115227K(115904K) Class: 16560K(17344K)->16560K(17344K)
[2026-04-03T02:10:13.487+0600][87.942s][info][gc             ] GC(622) Pause Young (Concurrent Start) (GCLocker Initiated GC) 299M->291M(500M) 4.588ms
[2026-04-03T02:10:13.487+0600][87.942s][info][gc             ] GC(623) Concurrent Mark Cycle
[2026-04-03T02:10:13.487+0600][87.942s][info][gc,marking     ] GC(623) Concurrent Scan Root Regions
[2026-04-03T02:10:13.487+0600][87.943s][info][gc,cpu         ] GC(622) User=0.03s Sys=0.00s Real=0.00s
[2026-04-03T02:10:13.490+0600][87.946s][info][gc,marking     ] GC(623) Concurrent Scan Root Regions 3.189ms
[2026-04-03T02:10:13.490+0600][87.946s][info][gc,marking     ] GC(623) Concurrent Mark
[2026-04-03T02:10:13.490+0600][87.946s][info][gc,marking     ] GC(623) Concurrent Mark From Roots
[2026-04-03T02:10:13.490+0600][87.946s][info][gc,task        ] GC(623) Using 3 workers of 3 for marking
[2026-04-03T02:10:13.604+0600][88.059s][info][gc,marking     ] GC(623) Concurrent Mark From Roots 113.646ms
[2026-04-03T02:10:13.604+0600][88.060s][info][gc,marking     ] GC(623) Concurrent Preclean
[2026-04-03T02:10:13.604+0600][88.060s][info][gc,marking     ] GC(623) Concurrent Preclean 0.446ms
[2026-04-03T02:10:13.604+0600][88.060s][info][gc,start       ] GC(623) Pause Remark
[2026-04-03T02:10:13.614+0600][88.070s][info][gc             ] GC(623) Pause Remark 435M->393M(500M) 9.257ms
[2026-04-03T02:10:13.614+0600][88.070s][info][gc,cpu         ] GC(623) User=0.06s Sys=0.01s Real=0.01s
[2026-04-03T02:10:13.614+0600][88.070s][info][gc,marking     ] GC(623) Concurrent Mark 124.479ms
[2026-04-03T02:10:13.614+0600][88.070s][info][gc,marking     ] GC(623) Concurrent Rebuild Remembered Sets and Scrub Regions
[2026-04-03T02:10:13.657+0600][88.113s][info][gc,marking     ] GC(623) Concurrent Rebuild Remembered Sets and Scrub Regions 42.566ms
[2026-04-03T02:10:13.657+0600][88.113s][info][gc,start       ] GC(623) Pause Cleanup
[2026-04-03T02:10:13.658+0600][88.114s][info][gc             ] GC(623) Pause Cleanup 439M->439M(500M) 0.489ms
[2026-04-03T02:10:13.658+0600][88.114s][info][gc,cpu         ] GC(623) User=0.00s Sys=0.00s Real=0.00s
[2026-04-03T02:10:13.658+0600][88.114s][info][gc,marking     ] GC(623) Concurrent Clear Claimed Marks
[2026-04-03T02:10:13.659+0600][88.114s][info][gc,marking     ] GC(623) Concurrent Clear Claimed Marks 0.333ms
[2026-04-03T02:10:13.659+0600][88.114s][info][gc,marking     ] GC(623) Concurrent Cleanup for Next Mark
[2026-04-03T02:10:13.660+0600][88.116s][info][gc,marking     ] GC(623) Concurrent Cleanup for Next Mark 1.094ms
[2026-04-03T02:10:13.660+0600][88.116s][info][gc             ] GC(623) Concurrent Mark Cycle 173.205ms
[2026-04-03T02:10:13.699+0600][88.154s][info][gc,start       ] GC(624) Pause Young (Prepare Mixed) (G1 Humongous Allocation)
[2026-04-03T02:10:13.699+0600][88.155s][info][gc,task        ] GC(624) Using 10 workers of 10 for evacuation
[2026-04-03T02:10:13.702+0600][88.158s][info][gc,phases      ] GC(624)   Pre Evacuate Collection Set: 0.57ms
[2026-04-03T02:10:13.703+0600][88.158s][info][gc,phases      ] GC(624)   Merge Heap Roots: 0.23ms
[2026-04-03T02:10:13.703+0600][88.158s][info][gc,phases      ] GC(624)   Evacuate Collection Set: 1.89ms
[2026-04-03T02:10:13.703+0600][88.158s][info][gc,phases      ] GC(624)   Post Evacuate Collection Set: 0.91ms
[2026-04-03T02:10:13.703+0600][88.158s][info][gc,phases      ] GC(624)   Other: 0.14ms
[2026-04-03T02:10:13.703+0600][88.159s][info][gc,heap        ] GC(624) Eden regions: 147->0(222)
[2026-04-03T02:10:13.703+0600][88.159s][info][gc,heap        ] GC(624) Survivor regions: 1->3(4)
[2026-04-03T02:10:13.703+0600][88.159s][info][gc,heap        ] GC(624) Old regions: 242->242
[2026-04-03T02:10:13.703+0600][88.159s][info][gc,heap        ] GC(624) Humongous regions: 106->8
[2026-04-03T02:10:13.703+0600][88.159s][info][gc,metaspace   ] GC(624) Metaspace: 131788K(133248K)->131788K(133248K) NonClass: 115227K(115904K)->115227K(115904K) Class: 16560K(17344K)->16560K(17344K)
[2026-04-03T02:10:13.703+0600][88.159s][info][gc             ] GC(624) Pause Young (Prepare Mixed) (G1 Humongous Allocation) 493M->250M(500M) 4.127ms
[2026-04-03T02:10:13.703+0600][88.159s][info][gc,cpu         ] GC(624) User=0.03s Sys=0.00s Real=0.01s
[2026-04-03T02:10:13.914+0600][88.370s][info][gc,start       ] GC(625) Pause Young (Mixed) (G1 Humongous Allocation)
[2026-04-03T02:10:13.914+0600][88.370s][info][gc,task        ] GC(625) Using 10 workers of 10 for evacuation
[2026-04-03T02:10:13.923+0600][88.378s][info][gc,phases      ] GC(625)   Pre Evacuate Collection Set: 0.67ms
[2026-04-03T02:10:13.923+0600][88.378s][info][gc,phases      ] GC(625)   Merge Heap Roots: 0.22ms
[2026-04-03T02:10:13.923+0600][88.378s][info][gc,phases      ] GC(625)   Evacuate Collection Set: 3.67ms
[2026-04-03T02:10:13.923+0600][88.378s][info][gc,phases      ] GC(625)   Post Evacuate Collection Set: 3.35ms
[2026-04-03T02:10:13.923+0600][88.379s][info][gc,phases      ] GC(625)   Other: 0.12ms
[2026-04-03T02:10:13.923+0600][88.379s][info][gc,heap        ] GC(625) Eden regions: 174->0(108)
[2026-04-03T02:10:13.923+0600][88.379s][info][gc,heap        ] GC(625) Survivor regions: 3->0(0)
[2026-04-03T02:10:13.923+0600][88.379s][info][gc,heap        ] GC(625) Old regions: 242->359
[2026-04-03T02:10:13.923+0600][88.379s][info][gc,heap        ] GC(625) Humongous regions: 81->8
[2026-04-03T02:10:13.923+0600][88.379s][info][gc,metaspace   ] GC(625) Metaspace: 131789K(133248K)->131789K(133248K) NonClass: 115228K(115904K)->115228K(115904K) Class: 16560K(17344K)->16560K(17344K)
[2026-04-03T02:10:13.923+0600][88.379s][info][gc             ] GC(625) Pause Young (Mixed) (G1 Humongous Allocation) (Evacuation Failure) 497M->364M(500M) 8.371ms
[2026-04-03T02:10:13.923+0600][88.379s][info][gc,cpu         ] GC(625) User=0.06s Sys=0.00s Real=0.01s
[2026-04-03T02:10:14.017+0600][88.473s][info][gc,start       ] GC(626) Pause Young (Mixed) (G1 Humongous Allocation)
[2026-04-03T02:10:14.017+0600][88.473s][info][gc,task        ] GC(626) Using 10 workers of 10 for evacuation
[2026-04-03T02:10:14.019+0600][88.475s][info][gc,phases      ] GC(626)   Pre Evacuate Collection Set: 0.46ms
[2026-04-03T02:10:14.020+0600][88.475s][info][gc,phases      ] GC(626)   Merge Heap Roots: 0.17ms
[2026-04-03T02:10:14.020+0600][88.475s][info][gc,phases      ] GC(626)   Evacuate Collection Set: 1.02ms
[2026-04-03T02:10:14.020+0600][88.475s][info][gc,phases      ] GC(626)   Post Evacuate Collection Set: 0.61ms
[2026-04-03T02:10:14.020+0600][88.475s][info][gc,phases      ] GC(626)   Other: 0.08ms
[2026-04-03T02:10:14.020+0600][88.475s][info][gc,heap        ] GC(626) Eden regions: 96->0(154)
[2026-04-03T02:10:14.020+0600][88.475s][info][gc,heap        ] GC(626) Survivor regions: 0->1(4)
[2026-04-03T02:10:14.020+0600][88.475s][info][gc,heap        ] GC(626) Old regions: 359->310
[2026-04-03T02:10:14.020+0600][88.475s][info][gc,heap        ] GC(626) Humongous regions: 41->10
[2026-04-03T02:10:14.020+0600][88.475s][info][gc,metaspace   ] GC(626) Metaspace: 131789K(133248K)->131789K(133248K) NonClass: 115228K(115904K)->115228K(115904K) Class: 16560K(17344K)->16560K(17344K)
[2026-04-03T02:10:14.020+0600][88.476s][info][gc             ] GC(626) Pause Young (Mixed) (G1 Humongous Allocation) 492M->316M(500M) 2.550ms
[2026-04-03T02:10:14.020+0600][88.476s][info][gc,cpu         ] GC(626) User=0.02s Sys=0.00s Real=0.01s
[2026-04-03T02:10:14.171+0600][88.627s][info][gc,start       ] GC(627) Pause Young (Mixed) (G1 Evacuation Pause)
[2026-04-03T02:10:14.171+0600][88.627s][info][gc,task        ] GC(627) Using 10 workers of 10 for evacuation
[2026-04-03T02:10:14.179+0600][88.635s][info][gc,phases      ] GC(627)   Pre Evacuate Collection Set: 0.47ms
[2026-04-03T02:10:14.179+0600][88.635s][info][gc,phases      ] GC(627)   Merge Heap Roots: 0.22ms
[2026-04-03T02:10:14.179+0600][88.635s][info][gc,phases      ] GC(627)   Evacuate Collection Set: 3.79ms
[2026-04-03T02:10:14.179+0600][88.635s][info][gc,phases      ] GC(627)   Post Evacuate Collection Set: 2.98ms
[2026-04-03T02:10:14.179+0600][88.635s][info][gc,phases      ] GC(627)   Other: 0.14ms
[2026-04-03T02:10:14.179+0600][88.635s][info][gc,heap        ] GC(627) Eden regions: 126->0(73)
[2026-04-03T02:10:14.179+0600][88.635s][info][gc,heap        ] GC(627) Survivor regions: 1->0(0)
[2026-04-03T02:10:14.179+0600][88.635s][info][gc,heap        ] GC(627) Old regions: 310->392
[2026-04-03T02:10:14.179+0600][88.635s][info][gc,heap        ] GC(627) Humongous regions: 63->10
[2026-04-03T02:10:14.179+0600][88.635s][info][gc,metaspace   ] GC(627) Metaspace: 131789K(133248K)->131789K(133248K) NonClass: 115228K(115904K)->115228K(115904K) Class: 16560K(17344K)->16560K(17344K)
[2026-04-03T02:10:14.179+0600][88.635s][info][gc             ] GC(627) Pause Young (Mixed) (G1 Evacuation Pause) (Evacuation Failure) 495M->398M(500M) 7.920ms
[2026-04-03T02:10:14.179+0600][88.635s][info][gc,cpu         ] GC(627) User=0.06s Sys=0.00s Real=0.00s
[2026-04-03T02:10:14.195+0600][88.651s][info][gc,start       ] GC(628) Pause Young (Concurrent Start) (G1 Humongous Allocation)
[2026-04-03T02:10:14.195+0600][88.651s][info][gc,task        ] GC(628) Using 10 workers of 10 for evacuation
[2026-04-03T02:10:14.198+0600][88.654s][info][gc,phases      ] GC(628)   Pre Evacuate Collection Set: 0.64ms
[2026-04-03T02:10:14.198+0600][88.654s][info][gc,phases      ] GC(628)   Merge Heap Roots: 0.18ms
[2026-04-03T02:10:14.198+0600][88.654s][info][gc,phases      ] GC(628)   Evacuate Collection Set: 1.79ms
[2026-04-03T02:10:14.198+0600][88.654s][info][gc,phases      ] GC(628)   Post Evacuate Collection Set: 0.57ms
[2026-04-03T02:10:14.198+0600][88.654s][info][gc,phases      ] GC(628)   Other: 0.25ms
[2026-04-03T02:10:14.198+0600][88.654s][info][gc,heap        ] GC(628) Eden regions: 22->0(71)
[2026-04-03T02:10:14.198+0600][88.654s][info][gc,heap        ] GC(628) Survivor regions: 0->2(10)
[2026-04-03T02:10:14.198+0600][88.654s][info][gc,heap        ] GC(628) Old regions: 392->392
[2026-04-03T02:10:14.198+0600][88.654s][info][gc,heap        ] GC(628) Humongous regions: 10->10
[2026-04-03T02:10:14.198+0600][88.654s][info][gc,metaspace   ] GC(628) Metaspace: 131789K(133248K)->131789K(133248K) NonClass: 115228K(115904K)->115228K(115904K) Class: 16560K(17344K)->16560K(17344K)
[2026-04-03T02:10:14.198+0600][88.654s][info][gc             ] GC(628) Pause Young (Concurrent Start) (G1 Humongous Allocation) 420M->400M(500M) 3.743ms
[2026-04-03T02:10:14.199+0600][88.654s][info][gc             ] GC(629) Concurrent Mark Cycle
[2026-04-03T02:10:14.199+0600][88.654s][info][gc,marking     ] GC(629) Concurrent Scan Root Regions
[2026-04-03T02:10:14.199+0600][88.654s][info][gc,cpu         ] GC(628) User=0.02s Sys=0.00s Real=0.00s
[2026-04-03T02:10:14.203+0600][88.659s][info][gc,marking     ] GC(629) Concurrent Scan Root Regions 4.061ms
[2026-04-03T02:10:14.203+0600][88.659s][info][gc,marking     ] GC(629) Concurrent Mark
[2026-04-03T02:10:14.203+0600][88.659s][info][gc,marking     ] GC(629) Concurrent Mark From Roots
[2026-04-03T02:10:14.203+0600][88.659s][info][gc,task        ] GC(629) Using 3 workers of 3 for marking
[2026-04-03T02:10:14.291+0600][88.747s][info][gc,start       ] GC(630) Pause Young (Normal) (G1 Evacuation Pause)
[2026-04-03T02:10:14.291+0600][88.747s][info][gc,task        ] GC(630) Using 10 workers of 10 for evacuation
[2026-04-03T02:10:14.298+0600][88.754s][info][gc,phases      ] GC(630)   Pre Evacuate Collection Set: 0.66ms
[2026-04-03T02:10:14.299+0600][88.754s][info][gc,phases      ] GC(630)   Merge Heap Roots: 0.39ms
[2026-04-03T02:10:14.299+0600][88.754s][info][gc,phases      ] GC(630)   Evacuate Collection Set: 3.91ms
[2026-04-03T02:10:14.299+0600][88.754s][info][gc,phases      ] GC(630)   Post Evacuate Collection Set: 2.19ms
[2026-04-03T02:10:14.299+0600][88.755s][info][gc,phases      ] GC(630)   Other: 0.13ms
[2026-04-03T02:10:14.299+0600][88.755s][info][gc,heap        ] GC(630) Eden regions: 71->0(23)
[2026-04-03T02:10:14.299+0600][88.755s][info][gc,heap        ] GC(630) Survivor regions: 2->2(2)
[2026-04-03T02:10:14.299+0600][88.755s][info][gc,heap        ] GC(630) Old regions: 392->462
[2026-04-03T02:10:14.299+0600][88.755s][info][gc,heap        ] GC(630) Humongous regions: 33->10
[2026-04-03T02:10:14.299+0600][88.755s][info][gc,metaspace   ] GC(630) Metaspace: 131789K(133248K)->131789K(133248K) NonClass: 115228K(115904K)->115228K(115904K) Class: 16560K(17344K)->16560K(17344K)
[2026-04-03T02:10:14.299+0600][88.755s][info][gc             ] GC(630) Pause Young (Normal) (G1 Evacuation Pause) (Evacuation Failure) 494M->470M(500M) 7.686ms
[2026-04-03T02:10:14.299+0600][88.755s][info][gc,cpu         ] GC(630) User=0.06s Sys=0.01s Real=0.00s
[2026-04-03T02:10:14.315+0600][88.771s][info][gc,start       ] GC(631) Pause Young (Normal) (G1 Humongous Allocation)
[2026-04-03T02:10:14.315+0600][88.771s][info][gc,task        ] GC(631) Using 10 workers of 10 for evacuation
[2026-04-03T02:10:14.322+0600][88.778s][info][gc,phases      ] GC(631)   Pre Evacuate Collection Set: 0.54ms
[2026-04-03T02:10:14.322+0600][88.778s][info][gc,phases      ] GC(631)   Merge Heap Roots: 0.45ms
[2026-04-03T02:10:14.322+0600][88.778s][info][gc,phases      ] GC(631)   Evacuate Collection Set: 4.40ms
[2026-04-03T02:10:14.322+0600][88.778s][info][gc,phases      ] GC(631)   Post Evacuate Collection Set: 1.57ms
[2026-04-03T02:10:14.322+0600][88.778s][info][gc,phases      ] GC(631)   Other: 0.10ms
[2026-04-03T02:10:14.322+0600][88.778s][info][gc,heap        ] GC(631) Eden regions: 20->0(6)
[2026-04-03T02:10:14.322+0600][88.778s][info][gc,heap        ] GC(631) Survivor regions: 2->0(0)
[2026-04-03T02:10:14.322+0600][88.778s][info][gc,heap        ] GC(631) Old regions: 462->484
[2026-04-03T02:10:14.322+0600][88.778s][info][gc,heap        ] GC(631) Humongous regions: 16->10
[2026-04-03T02:10:14.322+0600][88.778s][info][gc,metaspace   ] GC(631) Metaspace: 131789K(133248K)->131789K(133248K) NonClass: 115228K(115904K)->115228K(115904K) Class: 16560K(17344K)->16560K(17344K)
[2026-04-03T02:10:14.322+0600][88.778s][info][gc             ] GC(631) Pause Young (Normal) (G1 Humongous Allocation) (Evacuation Failure) 496M->490M(500M) 7.467ms
[2026-04-03T02:10:14.322+0600][88.778s][info][gc,cpu         ] GC(631) User=0.05s Sys=0.01s Real=0.01s
[2026-04-03T02:10:14.326+0600][88.782s][info][gc,start       ] GC(632) Pause Young (Normal) (G1 Humongous Allocation)
[2026-04-03T02:10:14.326+0600][88.782s][info][gc,task        ] GC(632) Using 10 workers of 10 for evacuation
[2026-04-03T02:10:14.329+0600][88.785s][info][gc,phases      ] GC(632)   Pre Evacuate Collection Set: 0.45ms
[2026-04-03T02:10:14.329+0600][88.785s][info][gc,phases      ] GC(632)   Merge Heap Roots: 0.19ms
[2026-04-03T02:10:14.329+0600][88.785s][info][gc,phases      ] GC(632)   Evacuate Collection Set: 1.06ms
[2026-04-03T02:10:14.329+0600][88.785s][info][gc,phases      ] GC(632)   Post Evacuate Collection Set: 0.52ms
[2026-04-03T02:10:14.329+0600][88.785s][info][gc,phases      ] GC(632)   Other: 0.11ms
[2026-04-03T02:10:14.329+0600][88.785s][info][gc,heap        ] GC(632) Eden regions: 3->0(3)
[2026-04-03T02:10:14.329+0600][88.785s][info][gc,heap        ] GC(632) Survivor regions: 0->1(1)
[2026-04-03T02:10:14.329+0600][88.785s][info][gc,heap        ] GC(632) Old regions: 484->484
[2026-04-03T02:10:14.329+0600][88.785s][info][gc,heap        ] GC(632) Humongous regions: 12->12
[2026-04-03T02:10:14.329+0600][88.785s][info][gc,metaspace   ] GC(632) Metaspace: 131789K(133248K)->131789K(133248K) NonClass: 115228K(115904K)->115228K(115904K) Class: 16560K(17344K)->16560K(17344K)
[2026-04-03T02:10:14.329+0600][88.785s][info][gc             ] GC(632) Pause Young (Normal) (G1 Humongous Allocation) 494M->492M(500M) 2.675ms
[2026-04-03T02:10:14.329+0600][88.785s][info][gc,cpu         ] GC(632) User=0.01s Sys=0.00s Real=0.00s
[2026-04-03T02:10:14.332+0600][88.788s][info][gc,start       ] GC(633) Pause Young (Normal) (G1 Evacuation Pause)
[2026-04-03T02:10:14.332+0600][88.788s][info][gc,task        ] GC(633) Using 10 workers of 10 for evacuation
[2026-04-03T02:10:14.335+0600][88.791s][info][gc,phases      ] GC(633)   Pre Evacuate Collection Set: 0.47ms
[2026-04-03T02:10:14.335+0600][88.791s][info][gc,phases      ] GC(633)   Merge Heap Roots: 0.18ms
[2026-04-03T02:10:14.335+0600][88.791s][info][gc,phases      ] GC(633)   Evacuate Collection Set: 1.18ms
[2026-04-03T02:10:14.335+0600][88.791s][info][gc,phases      ] GC(633)   Post Evacuate Collection Set: 0.68ms
[2026-04-03T02:10:14.335+0600][88.791s][info][gc,phases      ] GC(633)   Other: 0.09ms
[2026-04-03T02:10:14.335+0600][88.791s][info][gc,heap        ] GC(633) Eden regions: 1->0(2)
[2026-04-03T02:10:14.335+0600][88.791s][info][gc,heap        ] GC(633) Survivor regions: 1->0(0)
[2026-04-03T02:10:14.335+0600][88.791s][info][gc,heap        ] GC(633) Old regions: 484->486
[2026-04-03T02:10:14.335+0600][88.791s][info][gc,heap        ] GC(633) Humongous regions: 14->12
[2026-04-03T02:10:14.335+0600][88.791s][info][gc,metaspace   ] GC(633) Metaspace: 131789K(133248K)->131789K(133248K) NonClass: 115228K(115904K)->115228K(115904K) Class: 16560K(17344K)->16560K(17344K)
[2026-04-03T02:10:14.335+0600][88.791s][info][gc             ] GC(633) Pause Young (Normal) (G1 Evacuation Pause) (Evacuation Failure) 495M->493M(500M) 2.922ms
[2026-04-03T02:10:14.335+0600][88.791s][info][gc,cpu         ] GC(633) User=0.01s Sys=0.01s Real=0.00s
[2026-04-03T02:10:14.339+0600][88.795s][info][gc,start       ] GC(634) Pause Young (Normal) (G1 Evacuation Pause)
[2026-04-03T02:10:14.340+0600][88.795s][info][gc,task        ] GC(634) Using 10 workers of 10 for evacuation
[2026-04-03T02:10:14.342+0600][88.798s][info][gc,phases      ] GC(634)   Pre Evacuate Collection Set: 0.40ms
[2026-04-03T02:10:14.342+0600][88.798s][info][gc,phases      ] GC(634)   Merge Heap Roots: 0.15ms
[2026-04-03T02:10:14.342+0600][88.798s][info][gc,phases      ] GC(634)   Evacuate Collection Set: 0.83ms
[2026-04-03T02:10:14.342+0600][88.798s][info][gc,phases      ] GC(634)   Post Evacuate Collection Set: 0.72ms
[2026-04-03T02:10:14.342+0600][88.798s][info][gc,phases      ] GC(634)   Other: 0.08ms
[2026-04-03T02:10:14.342+0600][88.798s][info][gc,heap        ] GC(634) Eden regions: 2->0(1)
[2026-04-03T02:10:14.342+0600][88.798s][info][gc,heap        ] GC(634) Survivor regions: 0->0(0)
[2026-04-03T02:10:14.342+0600][88.798s][info][gc,heap        ] GC(634) Old regions: 486->488
[2026-04-03T02:10:14.342+0600][88.798s][info][gc,heap        ] GC(634) Humongous regions: 12->12
[2026-04-03T02:10:14.342+0600][88.798s][info][gc,metaspace   ] GC(634) Metaspace: 131789K(133248K)->131789K(133248K) NonClass: 115228K(115904K)->115228K(115904K) Class: 16560K(17344K)->16560K(17344K)
[2026-04-03T02:10:14.342+0600][88.798s][info][gc             ] GC(634) Pause Young (Normal) (G1 Evacuation Pause) (Evacuation Failure) 495M->495M(500M) 2.458ms
[2026-04-03T02:10:14.342+0600][88.798s][info][gc,cpu         ] GC(634) User=0.01s Sys=0.00s Real=0.01s
[2026-04-03T02:10:14.342+0600][88.798s][info][gc,ergo        ] Attempting full compaction
[2026-04-03T02:10:14.342+0600][88.798s][info][gc,start       ] GC(635) Pause Full (G1 Compaction Pause)
[2026-04-03T02:10:14.342+0600][88.798s][info][gc,task        ] GC(635) Using 10 workers of 10 for full compaction
[2026-04-03T02:10:14.343+0600][88.799s][info][gc,phases,start] GC(635) Phase 1: Mark live objects
[2026-04-03T02:10:14.437+0600][88.893s][info][gc,phases      ] GC(635) Phase 1: Mark live objects 93.404ms
[2026-04-03T02:10:14.437+0600][88.893s][info][gc,phases,start] GC(635) Phase 2: Prepare compaction
[2026-04-03T02:10:14.440+0600][88.896s][info][gc,phases      ] GC(635) Phase 2: Prepare compaction 3.526ms
[2026-04-03T02:10:14.440+0600][88.896s][info][gc,phases,start] GC(635) Phase 3: Adjust pointers
[2026-04-03T02:10:14.467+0600][88.922s][info][gc,phases      ] GC(635) Phase 3: Adjust pointers 26.063ms
[2026-04-03T02:10:14.467+0600][88.922s][info][gc,phases,start] GC(635) Phase 4: Compact heap
[2026-04-03T02:10:14.470+0600][88.925s][info][gc,phases      ] GC(635) Phase 4: Compact heap 2.938ms
[2026-04-03T02:10:14.470+0600][88.925s][info][gc,phases,start] GC(635) Phase 5: Reset Metadata
[2026-04-03T02:10:14.475+0600][88.931s][info][gc,phases      ] GC(635) Phase 5: Reset Metadata 5.572ms
[2026-04-03T02:10:14.492+0600][88.948s][info][gc,heap        ] GC(635) Eden regions: 0->0(202)
[2026-04-03T02:10:14.492+0600][88.948s][info][gc,heap        ] GC(635) Survivor regions: 0->0(0)
[2026-04-03T02:10:14.492+0600][88.948s][info][gc,heap        ] GC(635) Old regions: 488->93
[2026-04-03T02:10:14.492+0600][88.948s][info][gc,heap        ] GC(635) Humongous regions: 12->8
[2026-04-03T02:10:14.492+0600][88.948s][info][gc,metaspace   ] GC(635) Metaspace: 131789K(133248K)->131759K(133248K) NonClass: 115228K(115904K)->115203K(115904K) Class: 16560K(17344K)->16555K(17344K)
[2026-04-03T02:10:14.492+0600][88.948s][info][gc             ] GC(635) Pause Full (G1 Compaction Pause) 495M->95M(337M) 149.702ms
[2026-04-03T02:10:14.492+0600][88.948s][info][gc,cpu         ] GC(635) User=1.07s Sys=0.05s Real=0.15s
[2026-04-03T02:10:14.492+0600][88.948s][info][gc,marking     ] GC(629) Concurrent Mark From Roots 289.286ms
[2026-04-03T02:10:14.492+0600][88.948s][info][gc,marking     ] GC(629) Concurrent Mark Abort
[2026-04-03T02:10:14.492+0600][88.948s][info][gc             ] GC(629) Concurrent Mark Cycle 293.612ms
[2026-04-03T02:10:14.495+0600][88.951s][info][gc,start       ] GC(636) Pause Young (Concurrent Start) (G1 Humongous Allocation)
[2026-04-03T02:10:14.495+0600][88.951s][info][gc,task        ] GC(636) Using 9 workers of 10 for evacuation
[2026-04-03T02:10:14.497+0600][88.953s][info][gc,phases      ] GC(636)   Pre Evacuate Collection Set: 0.36ms
[2026-04-03T02:10:14.497+0600][88.953s][info][gc,phases      ] GC(636)   Merge Heap Roots: 0.06ms
[2026-04-03T02:10:14.497+0600][88.953s][info][gc,phases      ] GC(636)   Evacuate Collection Set: 1.15ms
[2026-04-03T02:10:14.497+0600][88.953s][info][gc,phases      ] GC(636)   Post Evacuate Collection Set: 0.41ms
[2026-04-03T02:10:14.497+0600][88.953s][info][gc,phases      ] GC(636)   Other: 0.12ms
[2026-04-03T02:10:14.497+0600][88.953s][info][gc,heap        ] GC(636) Eden regions: 3->0(201)
[2026-04-03T02:10:14.497+0600][88.953s][info][gc,heap        ] GC(636) Survivor regions: 0->1(26)
[2026-04-03T02:10:14.497+0600][88.953s][info][gc,heap        ] GC(636) Old regions: 93->93
[2026-04-03T02:10:14.497+0600][88.953s][info][gc,heap        ] GC(636) Humongous regions: 8->8
[2026-04-03T02:10:14.497+0600][88.953s][info][gc,metaspace   ] GC(636) Metaspace: 131759K(133248K)->131759K(133248K) NonClass: 115203K(115904K)->115203K(115904K) Class: 16555K(17344K)->16555K(17344K)
[2026-04-03T02:10:14.497+0600][88.953s][info][gc             ] GC(636) Pause Young (Concurrent Start) (G1 Humongous Allocation) 97M->95M(337M) 2.337ms
[2026-04-03T02:10:14.497+0600][88.953s][info][gc             ] GC(637) Concurrent Mark Cycle
[2026-04-03T02:10:14.497+0600][88.953s][info][gc,cpu         ] GC(636) User=0.01s Sys=0.00s Real=0.00s
[2026-04-03T02:10:14.497+0600][88.953s][info][gc,marking     ] GC(637) Concurrent Scan Root Regions
[2026-04-03T02:10:14.499+0600][88.955s][info][gc,marking     ] GC(637) Concurrent Scan Root Regions 1.684ms
[2026-04-03T02:10:14.499+0600][88.955s][info][gc,marking     ] GC(637) Concurrent Mark
[2026-04-03T02:10:14.499+0600][88.955s][info][gc,marking     ] GC(637) Concurrent Mark From Roots
[2026-04-03T02:10:14.499+0600][88.955s][info][gc,task        ] GC(637) Using 3 workers of 3 for marking
[2026-04-03T02:10:14.610+0600][89.066s][info][gc,marking     ] GC(637) Concurrent Mark From Roots 111.070ms
[2026-04-03T02:10:14.610+0600][89.066s][info][gc,marking     ] GC(637) Concurrent Preclean
[2026-04-03T02:10:14.611+0600][89.067s][info][gc,marking     ] GC(637) Concurrent Preclean 0.628ms
[2026-04-03T02:10:14.616+0600][89.072s][info][gc,start       ] GC(637) Pause Remark
[2026-04-03T02:10:14.626+0600][89.082s][info][gc             ] GC(637) Pause Remark 176M->176M(337M) 9.502ms
[2026-04-03T02:10:14.626+0600][89.082s][info][gc,cpu         ] GC(637) User=0.06s Sys=0.00s Real=0.01s
[2026-04-03T02:10:14.626+0600][89.082s][info][gc,marking     ] GC(637) Concurrent Mark 127.253ms
[2026-04-03T02:10:14.626+0600][89.082s][info][gc,marking     ] GC(637) Concurrent Rebuild Remembered Sets and Scrub Regions
[2026-04-03T02:10:14.651+0600][89.107s][info][gc,marking     ] GC(637) Concurrent Rebuild Remembered Sets and Scrub Regions 24.996ms
[2026-04-03T02:10:14.652+0600][89.108s][info][gc,start       ] GC(637) Pause Cleanup
[2026-04-03T02:10:14.652+0600][89.108s][info][gc             ] GC(637) Pause Cleanup 182M->182M(337M) 0.234ms
[2026-04-03T02:10:14.652+0600][89.108s][info][gc,cpu         ] GC(637) User=0.00s Sys=0.00s Real=0.00s
[2026-04-03T02:10:14.652+0600][89.108s][info][gc,marking     ] GC(637) Concurrent Clear Claimed Marks
[2026-04-03T02:10:14.652+0600][89.108s][info][gc,marking     ] GC(637) Concurrent Clear Claimed Marks 0.284ms
[2026-04-03T02:10:14.652+0600][89.108s][info][gc,marking     ] GC(637) Concurrent Cleanup for Next Mark
[2026-04-03T02:10:14.653+0600][89.109s][info][gc,marking     ] GC(637) Concurrent Cleanup for Next Mark 0.452ms
[2026-04-03T02:10:14.653+0600][89.109s][info][gc             ] GC(637) Concurrent Mark Cycle 155.734ms
[2026-04-03T02:10:14.770+0600][89.226s][info][gc,start       ] GC(638) Pause Young (Prepare Mixed) (G1 Evacuation Pause)
[2026-04-03T02:10:14.770+0600][89.226s][info][gc,task        ] GC(638) Using 8 workers of 10 for evacuation
[2026-04-03T02:10:14.774+0600][89.230s][info][gc,phases      ] GC(638)   Pre Evacuate Collection Set: 0.60ms
[2026-04-03T02:10:14.774+0600][89.230s][info][gc,phases      ] GC(638)   Merge Heap Roots: 0.31ms
[2026-04-03T02:10:14.774+0600][89.230s][info][gc,phases      ] GC(638)   Evacuate Collection Set: 2.09ms
[2026-04-03T02:10:14.774+0600][89.230s][info][gc,phases      ] GC(638)   Post Evacuate Collection Set: 0.72ms
[2026-04-03T02:10:14.774+0600][89.230s][info][gc,phases      ] GC(638)   Other: 0.15ms
[2026-04-03T02:10:14.774+0600][89.230s][info][gc,heap        ] GC(638) Eden regions: 121->0(201)
[2026-04-03T02:10:14.774+0600][89.230s][info][gc,heap        ] GC(638) Survivor regions: 1->1(26)
[2026-04-03T02:10:14.774+0600][89.230s][info][gc,heap        ] GC(638) Old regions: 93->93
[2026-04-03T02:10:14.774+0600][89.230s][info][gc,heap        ] GC(638) Humongous regions: 122->8
[2026-04-03T02:10:14.774+0600][89.230s][info][gc,metaspace   ] GC(638) Metaspace: 131859K(133312K)->131859K(133312K) NonClass: 115281K(115968K)->115281K(115968K) Class: 16577K(17344K)->16577K(17344K)
[2026-04-03T02:10:14.774+0600][89.230s][info][gc             ] GC(638) Pause Young (Prepare Mixed) (G1 Evacuation Pause) 330M->96M(338M) 4.186ms
[2026-04-03T02:10:14.774+0600][89.230s][info][gc,cpu         ] GC(638) User=0.02s Sys=0.00s Real=0.00s
[2026-04-03T02:10:15.490+0600][89.946s][info][gc,heap,exit   ] Heap
[2026-04-03T02:10:15.490+0600][89.946s][info][gc,heap,exit   ]  garbage-first heap   total 346112K, used 131001K [0x00000000e0c00000, 0x0000000100000000)
[2026-04-03T02:10:15.490+0600][89.946s][info][gc,heap,exit   ]   region size 1024K, 27 young (27648K), 1 survivors (1024K)
[2026-04-03T02:10:15.490+0600][89.946s][info][gc,heap,exit   ]  Metaspace       used 132363K, committed 133696K, reserved 1179648K
[2026-04-03T02:10:15.490+0600][89.946s][info][gc,heap,exit   ]   class space    used 16675K, committed 17344K, reserved 1048576K
