[2026-04-03T02:41:46.185+0600][0.004s][info][gc,init] CardTable entry size: 512
[2026-04-03T02:41:46.185+0600][0.004s][info][gc     ] Using G1
[2026-04-03T02:41:46.189+0600][0.008s][info][gc,init] Version: 21.0.10+7-Ubuntu-124.04 (release)
[2026-04-03T02:41:46.189+0600][0.008s][info][gc,init] CPUs: 12 total, 12 available
[2026-04-03T02:41:46.189+0600][0.008s][info][gc,init] Memory: 15683M
[2026-04-03T02:41:46.189+0600][0.008s][info][gc,init] Large Page Support: Disabled
[2026-04-03T02:41:46.189+0600][0.008s][info][gc,init] NUMA Support: Disabled
[2026-04-03T02:41:46.189+0600][0.008s][info][gc,init] Compressed Oops: Enabled (32-bit)
[2026-04-03T02:41:46.189+0600][0.008s][info][gc,init] Heap Region Size: 1M
[2026-04-03T02:41:46.189+0600][0.008s][info][gc,init] Heap Min Capacity: 8M
[2026-04-03T02:41:46.189+0600][0.008s][info][gc,init] Heap Initial Capacity: 246M
[2026-04-03T02:41:46.189+0600][0.008s][info][gc,init] Heap Max Capacity: 1750M
[2026-04-03T02:41:46.189+0600][0.008s][info][gc,init] Pre-touch: Disabled
[2026-04-03T02:41:46.189+0600][0.008s][info][gc,init] Parallel Workers: 10
[2026-04-03T02:41:46.189+0600][0.008s][info][gc,init] Concurrent Workers: 3
[2026-04-03T02:41:46.189+0600][0.008s][info][gc,init] Concurrent Refinement Workers: 10
[2026-04-03T02:41:46.189+0600][0.008s][info][gc,init] Periodic GC: Disabled
[2026-04-03T02:41:46.200+0600][0.019s][info][gc,metaspace] CDS archive(s) mapped at: [0x00007016d7000000-0x00007016d7c9c000-0x00007016d7c9c000), size 13221888, SharedBaseAddress: 0x00007016d7000000, ArchiveRelocationMode: 1.
[2026-04-03T02:41:46.200+0600][0.019s][info][gc,metaspace] Compressed class space mapped at: 0x00007016d8000000-0x0000701718000000, reserved size: 1073741824
[2026-04-03T02:41:46.200+0600][0.019s][info][gc,metaspace] Narrow klass base: 0x00007016d7000000, Narrow klass shift: 0, Narrow klass range: 0x100000000
[2026-04-03T02:41:46.562+0600][0.381s][info][gc,start    ] GC(0) Pause Young (Normal) (G1 Evacuation Pause)
[2026-04-03T02:41:46.563+0600][0.382s][info][gc,task     ] GC(0) Using 5 workers of 10 for evacuation
[2026-04-03T02:41:46.566+0600][0.385s][info][gc,phases   ] GC(0)   Pre Evacuate Collection Set: 0.14ms
[2026-04-03T02:41:46.566+0600][0.385s][info][gc,phases   ] GC(0)   Merge Heap Roots: 0.12ms
[2026-04-03T02:41:46.566+0600][0.385s][info][gc,phases   ] GC(0)   Evacuate Collection Set: 1.98ms
[2026-04-03T02:41:46.566+0600][0.385s][info][gc,phases   ] GC(0)   Post Evacuate Collection Set: 0.38ms
[2026-04-03T02:41:46.566+0600][0.385s][info][gc,phases   ] GC(0)   Other: 0.88ms
[2026-04-03T02:41:46.566+0600][0.385s][info][gc,heap     ] GC(0) Eden regions: 23->0(46)
[2026-04-03T02:41:46.566+0600][0.385s][info][gc,heap     ] GC(0) Survivor regions: 0->3(3)
[2026-04-03T02:41:46.566+0600][0.385s][info][gc,heap     ] GC(0) Old regions: 2->2
[2026-04-03T02:41:46.566+0600][0.385s][info][gc,heap     ] GC(0) Humongous regions: 0->0
[2026-04-03T02:41:46.566+0600][0.385s][info][gc,metaspace] GC(0) Metaspace: 2597K(2752K)->2597K(2752K) NonClass: 2364K(2432K)->2364K(2432K) Class: 233K(320K)->233K(320K)
[2026-04-03T02:41:46.566+0600][0.385s][info][gc          ] GC(0) Pause Young (Normal) (G1 Evacuation Pause) 24M->3M(248M) 3.757ms
[2026-04-03T02:41:46.566+0600][0.385s][info][gc,cpu      ] GC(0) User=0.01s Sys=0.00s Real=0.00s
[2026-04-03T02:41:46.705+0600][0.524s][info][gc,start    ] GC(1) Pause Young (Normal) (G1 Evacuation Pause)
[2026-04-03T02:41:46.705+0600][0.524s][info][gc,task     ] GC(1) Using 5 workers of 10 for evacuation
[2026-04-03T02:41:46.708+0600][0.527s][info][gc,phases   ] GC(1)   Pre Evacuate Collection Set: 0.33ms
[2026-04-03T02:41:46.708+0600][0.527s][info][gc,phases   ] GC(1)   Merge Heap Roots: 0.12ms
[2026-04-03T02:41:46.708+0600][0.527s][info][gc,phases   ] GC(1)   Evacuate Collection Set: 1.61ms
[2026-04-03T02:41:46.708+0600][0.527s][info][gc,phases   ] GC(1)   Post Evacuate Collection Set: 0.77ms
[2026-04-03T02:41:46.708+0600][0.527s][info][gc,phases   ] GC(1)   Other: 0.09ms
[2026-04-03T02:41:46.708+0600][0.527s][info][gc,heap     ] GC(1) Eden regions: 46->0(144)
[2026-04-03T02:41:46.708+0600][0.527s][info][gc,heap     ] GC(1) Survivor regions: 3->3(7)
[2026-04-03T02:41:46.708+0600][0.527s][info][gc,heap     ] GC(1) Old regions: 2->2
[2026-04-03T02:41:46.708+0600][0.527s][info][gc,heap     ] GC(1) Humongous regions: 0->0
[2026-04-03T02:41:46.708+0600][0.527s][info][gc,metaspace] GC(1) Metaspace: 3949K(4096K)->3949K(4096K) NonClass: 3501K(3584K)->3501K(3584K) Class: 448K(512K)->448K(512K)
[2026-04-03T02:41:46.708+0600][0.527s][info][gc          ] GC(1) Pause Young (Normal) (G1 Evacuation Pause) 49M->3M(248M) 3.114ms
[2026-04-03T02:41:46.708+0600][0.527s][info][gc,cpu      ] GC(1) User=0.01s Sys=0.00s Real=0.00s
[2026-04-03T02:41:47.250+0600][1.069s][info][gc,start    ] GC(2) Pause Young (Normal) (G1 Evacuation Pause)
[2026-04-03T02:41:47.250+0600][1.069s][info][gc,task     ] GC(2) Using 5 workers of 10 for evacuation
[2026-04-03T02:41:47.253+0600][1.072s][info][gc,phases   ] GC(2)   Pre Evacuate Collection Set: 0.33ms
[2026-04-03T02:41:47.253+0600][1.073s][info][gc,phases   ] GC(2)   Merge Heap Roots: 0.11ms
[2026-04-03T02:41:47.253+0600][1.073s][info][gc,phases   ] GC(2)   Evacuate Collection Set: 2.41ms
[2026-04-03T02:41:47.254+0600][1.073s][info][gc,phases   ] GC(2)   Post Evacuate Collection Set: 0.53ms
[2026-04-03T02:41:47.254+0600][1.073s][info][gc,phases   ] GC(2)   Other: 0.09ms
[2026-04-03T02:41:47.254+0600][1.073s][info][gc,heap     ] GC(2) Eden regions: 144->0(143)
[2026-04-03T02:41:47.254+0600][1.073s][info][gc,heap     ] GC(2) Survivor regions: 3->4(19)
[2026-04-03T02:41:47.254+0600][1.073s][info][gc,heap     ] GC(2) Old regions: 2->2
[2026-04-03T02:41:47.254+0600][1.073s][info][gc,heap     ] GC(2) Humongous regions: 0->0
[2026-04-03T02:41:47.254+0600][1.073s][info][gc,metaspace] GC(2) Metaspace: 10136K(10368K)->10136K(10368K) NonClass: 8872K(9024K)->8872K(9024K) Class: 1264K(1344K)->1264K(1344K)
[2026-04-03T02:41:47.254+0600][1.073s][info][gc          ] GC(2) Pause Young (Normal) (G1 Evacuation Pause) 147M->4M(248M) 3.660ms
[2026-04-03T02:41:47.254+0600][1.073s][info][gc,cpu      ] GC(2) User=0.01s Sys=0.00s Real=0.00s
[2026-04-03T02:41:49.879+0600][3.698s][info][gc,start    ] GC(3) Pause Young (Normal) (G1 Evacuation Pause)
[2026-04-03T02:41:49.879+0600][3.698s][info][gc,task     ] GC(3) Using 5 workers of 10 for evacuation
[2026-04-03T02:41:49.885+0600][3.704s][info][gc,phases   ] GC(3)   Pre Evacuate Collection Set: 0.32ms
[2026-04-03T02:41:49.885+0600][3.705s][info][gc,phases   ] GC(3)   Merge Heap Roots: 0.16ms
[2026-04-03T02:41:49.886+0600][3.705s][info][gc,phases   ] GC(3)   Evacuate Collection Set: 4.91ms
[2026-04-03T02:41:49.886+0600][3.705s][info][gc,phases   ] GC(3)   Post Evacuate Collection Set: 1.13ms
[2026-04-03T02:41:49.886+0600][3.705s][info][gc,phases   ] GC(3)   Other: 0.09ms
[2026-04-03T02:41:49.886+0600][3.705s][info][gc,heap     ] GC(3) Eden regions: 143->0(134)
[2026-04-03T02:41:49.886+0600][3.705s][info][gc,heap     ] GC(3) Survivor regions: 4->13(19)
[2026-04-03T02:41:49.886+0600][3.705s][info][gc,heap     ] GC(3) Old regions: 2->2
[2026-04-03T02:41:49.886+0600][3.705s][info][gc,heap     ] GC(3) Humongous regions: 7->7
[2026-04-03T02:41:49.886+0600][3.705s][info][gc,metaspace] GC(3) Metaspace: 18902K(19200K)->18902K(19200K) NonClass: 16500K(16640K)->16500K(16640K) Class: 2401K(2560K)->2401K(2560K)
[2026-04-03T02:41:49.886+0600][3.705s][info][gc          ] GC(3) Pause Young (Normal) (G1 Evacuation Pause) 154M->20M(248M) 6.910ms
[2026-04-03T02:41:49.886+0600][3.705s][info][gc,cpu      ] GC(3) User=0.03s Sys=0.01s Real=0.01s
[2026-04-03T02:41:50.071+0600][3.890s][info][gc,start    ] GC(4) Pause Young (Concurrent Start) (Metadata GC Threshold)
[2026-04-03T02:41:50.071+0600][3.890s][info][gc,task     ] GC(4) Using 5 workers of 10 for evacuation
[2026-04-03T02:41:50.077+0600][3.896s][info][gc,phases   ] GC(4)   Pre Evacuate Collection Set: 0.24ms
[2026-04-03T02:41:50.077+0600][3.896s][info][gc,phases   ] GC(4)   Merge Heap Roots: 0.06ms
[2026-04-03T02:41:50.077+0600][3.896s][info][gc,phases   ] GC(4)   Evacuate Collection Set: 4.35ms
[2026-04-03T02:41:50.077+0600][3.896s][info][gc,phases   ] GC(4)   Post Evacuate Collection Set: 1.22ms
[2026-04-03T02:41:50.077+0600][3.896s][info][gc,phases   ] GC(4)   Other: 0.09ms
[2026-04-03T02:41:50.077+0600][3.896s][info][gc,heap     ] GC(4) Eden regions: 7->0(136)
[2026-04-03T02:41:50.077+0600][3.896s][info][gc,heap     ] GC(4) Survivor regions: 13->11(19)
[2026-04-03T02:41:50.077+0600][3.896s][info][gc,heap     ] GC(4) Old regions: 2->6
[2026-04-03T02:41:50.077+0600][3.896s][info][gc,heap     ] GC(4) Humongous regions: 7->7
[2026-04-03T02:41:50.077+0600][3.896s][info][gc,metaspace] GC(4) Metaspace: 21213K(21504K)->21213K(21504K) NonClass: 18580K(18688K)->18580K(18688K) Class: 2632K(2816K)->2632K(2816K)
[2026-04-03T02:41:50.077+0600][3.896s][info][gc          ] GC(4) Pause Young (Concurrent Start) (Metadata GC Threshold) 27M->21M(248M) 6.231ms
[2026-04-03T02:41:50.077+0600][3.896s][info][gc,cpu      ] GC(4) User=0.02s Sys=0.01s Real=0.00s
[2026-04-03T02:41:50.077+0600][3.896s][info][gc          ] GC(5) Concurrent Mark Cycle
[2026-04-03T02:41:50.077+0600][3.896s][info][gc,marking  ] GC(5) Concurrent Scan Root Regions
[2026-04-03T02:41:50.080+0600][3.899s][info][gc,marking  ] GC(5) Concurrent Scan Root Regions 2.581ms
[2026-04-03T02:41:50.080+0600][3.899s][info][gc,marking  ] GC(5) Concurrent Mark
[2026-04-03T02:41:50.080+0600][3.899s][info][gc,marking  ] GC(5) Concurrent Mark From Roots
[2026-04-03T02:41:50.080+0600][3.899s][info][gc,task     ] GC(5) Using 3 workers of 3 for marking
[2026-04-03T02:41:50.083+0600][3.902s][info][gc,marking  ] GC(5) Concurrent Mark From Roots 2.895ms
[2026-04-03T02:41:50.083+0600][3.902s][info][gc,marking  ] GC(5) Concurrent Preclean
[2026-04-03T02:41:50.083+0600][3.902s][info][gc,marking  ] GC(5) Concurrent Preclean 0.018ms
[2026-04-03T02:41:50.083+0600][3.902s][info][gc,start    ] GC(5) Pause Remark
[2026-04-03T02:41:50.086+0600][3.905s][info][gc          ] GC(5) Pause Remark 22M->22M(80M) 2.984ms
[2026-04-03T02:41:50.086+0600][3.905s][info][gc,cpu      ] GC(5) User=0.00s Sys=0.00s Real=0.00s
[2026-04-03T02:41:50.086+0600][3.905s][info][gc,marking  ] GC(5) Concurrent Mark 6.251ms
[2026-04-03T02:41:50.086+0600][3.905s][info][gc,marking  ] GC(5) Concurrent Rebuild Remembered Sets and Scrub Regions
[2026-04-03T02:41:50.088+0600][3.907s][info][gc,marking  ] GC(5) Concurrent Rebuild Remembered Sets and Scrub Regions 1.372ms
[2026-04-03T02:41:50.099+0600][3.918s][info][gc,start    ] GC(5) Pause Cleanup
[2026-04-03T02:41:50.100+0600][3.919s][info][gc          ] GC(5) Pause Cleanup 22M->22M(80M) 0.175ms
[2026-04-03T02:41:50.100+0600][3.919s][info][gc,cpu      ] GC(5) User=0.00s Sys=0.00s Real=0.00s
[2026-04-03T02:41:50.100+0600][3.919s][info][gc,marking  ] GC(5) Concurrent Clear Claimed Marks
[2026-04-03T02:41:50.100+0600][3.919s][info][gc,marking  ] GC(5) Concurrent Clear Claimed Marks 0.088ms
[2026-04-03T02:41:50.100+0600][3.919s][info][gc,marking  ] GC(5) Concurrent Cleanup for Next Mark
[2026-04-03T02:41:50.101+0600][3.920s][info][gc,marking  ] GC(5) Concurrent Cleanup for Next Mark 0.760ms
[2026-04-03T02:41:50.101+0600][3.920s][info][gc          ] GC(5) Concurrent Mark Cycle 23.270ms
[2026-04-03T02:41:51.420+0600][5.239s][info][gc,start    ] GC(6) Pause Young (Prepare Mixed) (G1 Evacuation Pause)
[2026-04-03T02:41:51.420+0600][5.239s][info][gc,task     ] GC(6) Using 3 workers of 10 for evacuation
[2026-04-03T02:41:51.429+0600][5.248s][info][gc,phases   ] GC(6)   Pre Evacuate Collection Set: 0.30ms
[2026-04-03T02:41:51.430+0600][5.249s][info][gc,phases   ] GC(6)   Merge Heap Roots: 0.07ms
[2026-04-03T02:41:51.430+0600][5.249s][info][gc,phases   ] GC(6)   Evacuate Collection Set: 7.68ms
[2026-04-03T02:41:51.430+0600][5.249s][info][gc,phases   ] GC(6)   Post Evacuate Collection Set: 1.13ms
[2026-04-03T02:41:51.430+0600][5.249s][info][gc,phases   ] GC(6)   Other: 0.07ms
[2026-04-03T02:41:51.430+0600][5.249s][info][gc,heap     ] GC(6) Eden regions: 54->0(56)
[2026-04-03T02:41:51.430+0600][5.249s][info][gc,heap     ] GC(6) Survivor regions: 11->3(19)
[2026-04-03T02:41:51.430+0600][5.249s][info][gc,heap     ] GC(6) Old regions: 6->16
[2026-04-03T02:41:51.430+0600][5.249s][info][gc,heap     ] GC(6) Humongous regions: 15->9
[2026-04-03T02:41:51.430+0600][5.249s][info][gc,metaspace] GC(6) Metaspace: 28613K(28928K)->28613K(28928K) NonClass: 25050K(25216K)->25050K(25216K) Class: 3562K(3712K)->3562K(3712K)
[2026-04-03T02:41:51.430+0600][5.249s][info][gc          ] GC(6) Pause Young (Prepare Mixed) (G1 Evacuation Pause) 83M->25M(99M) 9.472ms
[2026-04-03T02:41:51.430+0600][5.249s][info][gc,cpu      ] GC(6) User=0.01s Sys=0.01s Real=0.00s
[2026-04-03T02:41:52.905+0600][6.724s][info][gc,start    ] GC(7) Pause Young (Mixed) (Metadata GC Threshold)
[2026-04-03T02:41:52.905+0600][6.724s][info][gc,task     ] GC(7) Using 2 workers of 10 for evacuation
[2026-04-03T02:41:52.914+0600][6.733s][info][gc,phases   ] GC(7)   Pre Evacuate Collection Set: 0.18ms
[2026-04-03T02:41:52.914+0600][6.733s][info][gc,phases   ] GC(7)   Merge Heap Roots: 0.09ms
[2026-04-03T02:41:52.914+0600][6.733s][info][gc,phases   ] GC(7)   Evacuate Collection Set: 7.84ms
[2026-04-03T02:41:52.914+0600][6.733s][info][gc,phases   ] GC(7)   Post Evacuate Collection Set: 0.67ms
[2026-04-03T02:41:52.914+0600][6.733s][info][gc,phases   ] GC(7)   Other: 0.07ms
[2026-04-03T02:41:52.914+0600][6.733s][info][gc,heap     ] GC(7) Eden regions: 52->0(54)
[2026-04-03T02:41:52.914+0600][6.733s][info][gc,heap     ] GC(7) Survivor regions: 3->5(8)
[2026-04-03T02:41:52.914+0600][6.733s][info][gc,heap     ] GC(7) Old regions: 16->15
[2026-04-03T02:41:52.914+0600][6.733s][info][gc,heap     ] GC(7) Humongous regions: 21->7
[2026-04-03T02:41:52.914+0600][6.733s][info][gc,metaspace] GC(7) Metaspace: 35816K(36160K)->35816K(36160K) NonClass: 31357K(31552K)->31357K(31552K) Class: 4458K(4608K)->4458K(4608K)
[2026-04-03T02:41:52.914+0600][6.733s][info][gc          ] GC(7) Pause Young (Mixed) (Metadata GC Threshold) 89M->25M(99M) 9.064ms
[2026-04-03T02:41:52.914+0600][6.733s][info][gc,cpu      ] GC(7) User=0.03s Sys=0.00s Real=0.01s
[2026-04-03T02:41:52.937+0600][6.756s][info][gc,start    ] GC(8) Pause Young (Concurrent Start) (Metadata GC Threshold)
[2026-04-03T02:41:52.937+0600][6.756s][info][gc,task     ] GC(8) Using 2 workers of 10 for evacuation
[2026-04-03T02:41:52.945+0600][6.764s][info][gc,phases   ] GC(8)   Pre Evacuate Collection Set: 0.31ms
[2026-04-03T02:41:52.945+0600][6.764s][info][gc,phases   ] GC(8)   Merge Heap Roots: 0.07ms
[2026-04-03T02:41:52.945+0600][6.764s][info][gc,phases   ] GC(8)   Evacuate Collection Set: 6.88ms
[2026-04-03T02:41:52.945+0600][6.764s][info][gc,phases   ] GC(8)   Post Evacuate Collection Set: 0.47ms
[2026-04-03T02:41:52.945+0600][6.764s][info][gc,phases   ] GC(8)   Other: 0.21ms
[2026-04-03T02:41:52.945+0600][6.764s][info][gc,heap     ] GC(8) Eden regions: 4->0(55)
[2026-04-03T02:41:52.945+0600][6.764s][info][gc,heap     ] GC(8) Survivor regions: 5->4(8)
[2026-04-03T02:41:52.945+0600][6.764s][info][gc,heap     ] GC(8) Old regions: 15->16
[2026-04-03T02:41:52.945+0600][6.764s][info][gc,heap     ] GC(8) Humongous regions: 7->7
[2026-04-03T02:41:52.945+0600][6.764s][info][gc,metaspace] GC(8) Metaspace: 36112K(36480K)->36112K(36480K) NonClass: 31616K(31808K)->31616K(31808K) Class: 4496K(4672K)->4496K(4672K)
[2026-04-03T02:41:52.945+0600][6.764s][info][gc          ] GC(8) Pause Young (Concurrent Start) (Metadata GC Threshold) 29M->25M(99M) 8.356ms
[2026-04-03T02:41:52.945+0600][6.765s][info][gc,cpu      ] GC(8) User=0.03s Sys=0.01s Real=0.01s
[2026-04-03T02:41:52.946+0600][6.765s][info][gc          ] GC(9) Concurrent Mark Cycle
[2026-04-03T02:41:52.946+0600][6.765s][info][gc,marking  ] GC(9) Concurrent Scan Root Regions
[2026-04-03T02:41:52.948+0600][6.767s][info][gc,marking  ] GC(9) Concurrent Scan Root Regions 2.755ms
[2026-04-03T02:41:52.948+0600][6.767s][info][gc,marking  ] GC(9) Concurrent Mark
[2026-04-03T02:41:52.948+0600][6.767s][info][gc,marking  ] GC(9) Concurrent Mark From Roots
[2026-04-03T02:41:52.948+0600][6.768s][info][gc,task     ] GC(9) Using 3 workers of 3 for marking
[2026-04-03T02:41:52.954+0600][6.773s][info][gc,marking  ] GC(9) Concurrent Mark From Roots 5.782ms
[2026-04-03T02:41:52.954+0600][6.773s][info][gc,marking  ] GC(9) Concurrent Preclean
[2026-04-03T02:41:52.954+0600][6.773s][info][gc,marking  ] GC(9) Concurrent Preclean 0.066ms
[2026-04-03T02:41:52.955+0600][6.774s][info][gc,start    ] GC(9) Pause Remark
[2026-04-03T02:41:52.960+0600][6.779s][info][gc          ] GC(9) Pause Remark 26M->26M(90M) 5.195ms
[2026-04-03T02:41:52.960+0600][6.779s][info][gc,cpu      ] GC(9) User=0.02s Sys=0.00s Real=0.01s
[2026-04-03T02:41:52.960+0600][6.779s][info][gc,marking  ] GC(9) Concurrent Mark 11.391ms
[2026-04-03T02:41:52.960+0600][6.779s][info][gc,marking  ] GC(9) Concurrent Rebuild Remembered Sets and Scrub Regions
[2026-04-03T02:41:52.963+0600][6.782s][info][gc,marking  ] GC(9) Concurrent Rebuild Remembered Sets and Scrub Regions 3.255ms
[2026-04-03T02:41:52.963+0600][6.782s][info][gc,start    ] GC(9) Pause Cleanup
[2026-04-03T02:41:52.964+0600][6.783s][info][gc          ] GC(9) Pause Cleanup 26M->26M(90M) 0.206ms
[2026-04-03T02:41:52.964+0600][6.783s][info][gc,cpu      ] GC(9) User=0.00s Sys=0.00s Real=0.00s
[2026-04-03T02:41:52.964+0600][6.783s][info][gc,marking  ] GC(9) Concurrent Clear Claimed Marks
[2026-04-03T02:41:52.964+0600][6.783s][info][gc,marking  ] GC(9) Concurrent Clear Claimed Marks 0.062ms
[2026-04-03T02:41:52.964+0600][6.783s][info][gc,marking  ] GC(9) Concurrent Cleanup for Next Mark
[2026-04-03T02:41:52.964+0600][6.783s][info][gc,marking  ] GC(9) Concurrent Cleanup for Next Mark 0.307ms
[2026-04-03T02:41:52.964+0600][6.783s][info][gc          ] GC(9) Concurrent Mark Cycle 18.555ms
[2026-04-03T02:41:54.499+0600][8.318s][info][gc,start    ] GC(10) Pause Young (Prepare Mixed) (G1 Evacuation Pause)
[2026-04-03T02:41:54.499+0600][8.318s][info][gc,task     ] GC(10) Using 2 workers of 10 for evacuation
[2026-04-03T02:41:54.510+0600][8.329s][info][gc,phases   ] GC(10)   Pre Evacuate Collection Set: 0.22ms
[2026-04-03T02:41:54.510+0600][8.329s][info][gc,phases   ] GC(10)   Merge Heap Roots: 0.16ms
[2026-04-03T02:41:54.510+0600][8.329s][info][gc,phases   ] GC(10)   Evacuate Collection Set: 9.77ms
[2026-04-03T02:41:54.510+0600][8.329s][info][gc,phases   ] GC(10)   Post Evacuate Collection Set: 0.87ms
[2026-04-03T02:41:54.510+0600][8.329s][info][gc,phases   ] GC(10)   Other: 0.07ms
[2026-04-03T02:41:54.510+0600][8.330s][info][gc,heap     ] GC(10) Eden regions: 50->0(51)
[2026-04-03T02:41:54.510+0600][8.330s][info][gc,heap     ] GC(10) Survivor regions: 4->6(8)
[2026-04-03T02:41:54.511+0600][8.330s][info][gc,heap     ] GC(10) Old regions: 16->16
[2026-04-03T02:41:54.511+0600][8.330s][info][gc,heap     ] GC(10) Humongous regions: 20->8
[2026-04-03T02:41:54.511+0600][8.330s][info][gc,metaspace] GC(10) Metaspace: 42819K(43264K)->42819K(43264K) NonClass: 37499K(37760K)->37499K(37760K) Class: 5319K(5504K)->5319K(5504K)
[2026-04-03T02:41:54.511+0600][8.330s][info][gc          ] GC(10) Pause Young (Prepare Mixed) (G1 Evacuation Pause) 88M->28M(96M) 11.307ms
[2026-04-03T02:41:54.511+0600][8.330s][info][gc,cpu      ] GC(10) User=0.01s Sys=0.01s Real=0.02s
[2026-04-03T02:41:56.176+0600][9.995s][info][gc,start    ] GC(11) Pause Young (Mixed) (G1 Evacuation Pause)
[2026-04-03T02:41:56.176+0600][9.995s][info][gc,task     ] GC(11) Using 2 workers of 10 for evacuation
[2026-04-03T02:41:56.189+0600][10.008s][info][gc,phases   ] GC(11)   Pre Evacuate Collection Set: 0.15ms
[2026-04-03T02:41:56.189+0600][10.008s][info][gc,phases   ] GC(11)   Merge Heap Roots: 0.09ms
[2026-04-03T02:41:56.189+0600][10.008s][info][gc,phases   ] GC(11)   Evacuate Collection Set: 11.66ms
[2026-04-03T02:41:56.189+0600][10.008s][info][gc,phases   ] GC(11)   Post Evacuate Collection Set: 0.72ms
[2026-04-03T02:41:56.189+0600][10.008s][info][gc,phases   ] GC(11)   Other: 0.07ms
[2026-04-03T02:41:56.189+0600][10.008s][info][gc,heap     ] GC(11) Eden regions: 51->0(55)
[2026-04-03T02:41:56.189+0600][10.008s][info][gc,heap     ] GC(11) Survivor regions: 6->7(8)
[2026-04-03T02:41:56.189+0600][10.008s][info][gc,heap     ] GC(11) Old regions: 16->17
[2026-04-03T02:41:56.189+0600][10.008s][info][gc,heap     ] GC(11) Humongous regions: 22->8
[2026-04-03T02:41:56.189+0600][10.008s][info][gc,metaspace] GC(11) Metaspace: 50264K(50688K)->50264K(50688K) NonClass: 44038K(44288K)->44038K(44288K) Class: 6226K(6400K)->6226K(6400K)
[2026-04-03T02:41:56.189+0600][10.008s][info][gc          ] GC(11) Pause Young (Mixed) (G1 Evacuation Pause) 93M->31M(104M) 12.920ms
[2026-04-03T02:41:56.189+0600][10.008s][info][gc,cpu      ] GC(11) User=0.02s Sys=0.00s Real=0.01s
[2026-04-03T02:41:56.861+0600][10.680s][info][gc,start    ] GC(12) Pause Young (Concurrent Start) (Metadata GC Threshold)
[2026-04-03T02:41:56.861+0600][10.680s][info][gc,task     ] GC(12) Using 2 workers of 10 for evacuation
[2026-04-03T02:41:56.877+0600][10.696s][info][gc,phases   ] GC(12)   Pre Evacuate Collection Set: 0.35ms
[2026-04-03T02:41:56.877+0600][10.696s][info][gc,phases   ] GC(12)   Merge Heap Roots: 0.16ms
[2026-04-03T02:41:56.877+0600][10.696s][info][gc,phases   ] GC(12)   Evacuate Collection Set: 14.06ms
[2026-04-03T02:41:56.877+0600][10.696s][info][gc,phases   ] GC(12)   Post Evacuate Collection Set: 0.80ms
[2026-04-03T02:41:56.877+0600][10.696s][info][gc,phases   ] GC(12)   Other: 0.24ms
[2026-04-03T02:41:56.877+0600][10.696s][info][gc,heap     ] GC(12) Eden regions: 55->0(56)
[2026-04-03T02:41:56.877+0600][10.696s][info][gc,heap     ] GC(12) Survivor regions: 7->6(8)
[2026-04-03T02:41:56.877+0600][10.696s][info][gc,heap     ] GC(12) Old regions: 17->21
[2026-04-03T02:41:56.877+0600][10.696s][info][gc,heap     ] GC(12) Humongous regions: 8->8
[2026-04-03T02:41:56.877+0600][10.696s][info][gc,metaspace] GC(12) Metaspace: 60649K(61120K)->60649K(61120K) NonClass: 53229K(53504K)->53229K(53504K) Class: 7419K(7616K)->7419K(7616K)
[2026-04-03T02:41:56.877+0600][10.696s][info][gc          ] GC(12) Pause Young (Concurrent Start) (Metadata GC Threshold) 86M->33M(104M) 15.934ms
[2026-04-03T02:41:56.877+0600][10.696s][info][gc,cpu      ] GC(12) User=0.06s Sys=0.01s Real=0.01s
[2026-04-03T02:41:56.877+0600][10.696s][info][gc          ] GC(13) Concurrent Mark Cycle
[2026-04-03T02:41:56.877+0600][10.696s][info][gc,marking  ] GC(13) Concurrent Scan Root Regions
[2026-04-03T02:41:56.881+0600][10.700s][info][gc,marking  ] GC(13) Concurrent Scan Root Regions 3.745ms
[2026-04-03T02:41:56.881+0600][10.700s][info][gc,marking  ] GC(13) Concurrent Mark
[2026-04-03T02:41:56.881+0600][10.700s][info][gc,marking  ] GC(13) Concurrent Mark From Roots
[2026-04-03T02:41:56.881+0600][10.700s][info][gc,task     ] GC(13) Using 3 workers of 3 for marking
[2026-04-03T02:41:56.894+0600][10.713s][info][gc,marking  ] GC(13) Concurrent Mark From Roots 12.727ms
[2026-04-03T02:41:56.894+0600][10.713s][info][gc,marking  ] GC(13) Concurrent Preclean
[2026-04-03T02:41:56.894+0600][10.713s][info][gc,marking  ] GC(13) Concurrent Preclean 0.089ms
[2026-04-03T02:41:56.894+0600][10.713s][info][gc,start    ] GC(13) Pause Remark
[2026-04-03T02:41:56.902+0600][10.721s][info][gc          ] GC(13) Pause Remark 34M->34M(104M) 7.787ms
[2026-04-03T02:41:56.902+0600][10.721s][info][gc,cpu      ] GC(13) User=0.03s Sys=0.00s Real=0.01s
[2026-04-03T02:41:56.902+0600][10.721s][info][gc,marking  ] GC(13) Concurrent Mark 21.480ms
[2026-04-03T02:41:56.903+0600][10.722s][info][gc,marking  ] GC(13) Concurrent Rebuild Remembered Sets and Scrub Regions
[2026-04-03T02:41:56.909+0600][10.728s][info][gc,marking  ] GC(13) Concurrent Rebuild Remembered Sets and Scrub Regions 6.197ms
[2026-04-03T02:41:56.909+0600][10.728s][info][gc,start    ] GC(13) Pause Cleanup
[2026-04-03T02:41:56.909+0600][10.728s][info][gc          ] GC(13) Pause Cleanup 34M->34M(104M) 0.313ms
[2026-04-03T02:41:56.909+0600][10.728s][info][gc,cpu      ] GC(13) User=0.00s Sys=0.00s Real=0.00s
[2026-04-03T02:41:56.909+0600][10.729s][info][gc,marking  ] GC(13) Concurrent Clear Claimed Marks
[2026-04-03T02:41:56.910+0600][10.729s][info][gc,marking  ] GC(13) Concurrent Clear Claimed Marks 0.109ms
[2026-04-03T02:41:56.910+0600][10.729s][info][gc,marking  ] GC(13) Concurrent Cleanup for Next Mark
[2026-04-03T02:41:56.910+0600][10.729s][info][gc,marking  ] GC(13) Concurrent Cleanup for Next Mark 0.401ms
[2026-04-03T02:41:56.910+0600][10.729s][info][gc          ] GC(13) Concurrent Mark Cycle 33.044ms
[2026-04-03T02:41:57.385+0600][11.204s][info][gc,start    ] GC(14) Pause Young (Prepare Mixed) (G1 Evacuation Pause)
[2026-04-03T02:41:57.385+0600][11.204s][info][gc,task     ] GC(14) Using 2 workers of 10 for evacuation
[2026-04-03T02:41:57.397+0600][11.216s][info][gc,phases   ] GC(14)   Pre Evacuate Collection Set: 0.33ms
[2026-04-03T02:41:57.397+0600][11.216s][info][gc,phases   ] GC(14)   Merge Heap Roots: 0.24ms
[2026-04-03T02:41:57.397+0600][11.216s][info][gc,phases   ] GC(14)   Evacuate Collection Set: 9.74ms
[2026-04-03T02:41:57.397+0600][11.216s][info][gc,phases   ] GC(14)   Post Evacuate Collection Set: 1.45ms
[2026-04-03T02:41:57.397+0600][11.216s][info][gc,phases   ] GC(14)   Other: 0.09ms
[2026-04-03T02:41:57.397+0600][11.216s][info][gc,heap     ] GC(14) Eden regions: 56->0(57)
[2026-04-03T02:41:57.397+0600][11.216s][info][gc,heap     ] GC(14) Survivor regions: 6->5(8)
[2026-04-03T02:41:57.397+0600][11.216s][info][gc,heap     ] GC(14) Old regions: 21->23
[2026-04-03T02:41:57.397+0600][11.216s][info][gc,heap     ] GC(14) Humongous regions: 8->8
[2026-04-03T02:41:57.397+0600][11.216s][info][gc,metaspace] GC(14) Metaspace: 63401K(63872K)->63401K(63872K) NonClass: 55602K(55872K)->55602K(55872K) Class: 7798K(8000K)->7798K(8000K)
[2026-04-03T02:41:57.397+0600][11.216s][info][gc          ] GC(14) Pause Young (Prepare Mixed) (G1 Evacuation Pause) 89M->35M(104M) 12.117ms
[2026-04-03T02:41:57.397+0600][11.216s][info][gc,cpu      ] GC(14) User=0.02s Sys=0.00s Real=0.01s
[2026-04-03T02:41:57.869+0600][11.688s][info][gc,start    ] GC(15) Pause Young (Mixed) (G1 Evacuation Pause)
[2026-04-03T02:41:57.869+0600][11.688s][info][gc,task     ] GC(15) Using 2 workers of 10 for evacuation
[2026-04-03T02:41:57.881+0600][11.700s][info][gc,phases   ] GC(15)   Pre Evacuate Collection Set: 0.25ms
[2026-04-03T02:41:57.881+0600][11.700s][info][gc,phases   ] GC(15)   Merge Heap Roots: 0.23ms
[2026-04-03T02:41:57.881+0600][11.700s][info][gc,phases   ] GC(15)   Evacuate Collection Set: 9.85ms
[2026-04-03T02:41:57.881+0600][11.700s][info][gc,phases   ] GC(15)   Post Evacuate Collection Set: 1.07ms
[2026-04-03T02:41:57.881+0600][11.700s][info][gc,phases   ] GC(15)   Other: 0.08ms
[2026-04-03T02:41:57.881+0600][11.700s][info][gc,heap     ] GC(15) Eden regions: 57->0(56)
[2026-04-03T02:41:57.881+0600][11.700s][info][gc,heap     ] GC(15) Survivor regions: 5->5(8)
[2026-04-03T02:41:57.881+0600][11.700s][info][gc,heap     ] GC(15) Old regions: 23->26
[2026-04-03T02:41:57.881+0600][11.700s][info][gc,heap     ] GC(15) Humongous regions: 8->8
[2026-04-03T02:41:57.881+0600][11.700s][info][gc,metaspace] GC(15) Metaspace: 70154K(70656K)->70154K(70656K) NonClass: 61576K(61888K)->61576K(61888K) Class: 8577K(8768K)->8577K(8768K)
[2026-04-03T02:41:57.881+0600][11.700s][info][gc          ] GC(15) Pause Young (Mixed) (G1 Evacuation Pause) 92M->37M(104M) 11.756ms
[2026-04-03T02:41:57.881+0600][11.700s][info][gc,cpu      ] GC(15) User=0.02s Sys=0.00s Real=0.02s
[2026-04-03T02:41:58.165+0600][11.984s][info][gc,start    ] GC(16) Pause Young (Concurrent Start) (G1 Humongous Allocation)
[2026-04-03T02:41:58.165+0600][11.984s][info][gc,task     ] GC(16) Using 2 workers of 10 for evacuation
[2026-04-03T02:41:58.174+0600][11.993s][info][gc,phases   ] GC(16)   Pre Evacuate Collection Set: 0.23ms
[2026-04-03T02:41:58.174+0600][11.993s][info][gc,phases   ] GC(16)   Merge Heap Roots: 0.23ms
[2026-04-03T02:41:58.174+0600][11.993s][info][gc,phases   ] GC(16)   Evacuate Collection Set: 7.45ms
[2026-04-03T02:41:58.174+0600][11.993s][info][gc,phases   ] GC(16)   Post Evacuate Collection Set: 1.06ms
[2026-04-03T02:41:58.174+0600][11.993s][info][gc,phases   ] GC(16)   Other: 0.20ms
[2026-04-03T02:41:58.174+0600][11.993s][info][gc,heap     ] GC(16) Eden regions: 21->0(73)
[2026-04-03T02:41:58.174+0600][11.993s][info][gc,heap     ] GC(16) Survivor regions: 5->5(8)
[2026-04-03T02:41:58.174+0600][11.993s][info][gc,heap     ] GC(16) Old regions: 26->28
[2026-04-03T02:41:58.174+0600][11.993s][info][gc,heap     ] GC(16) Humongous regions: 8->8
[2026-04-03T02:41:58.174+0600][11.993s][info][gc,metaspace] GC(16) Metaspace: 75086K(75584K)->75086K(75584K) NonClass: 66023K(66304K)->66023K(66304K) Class: 9063K(9280K)->9063K(9280K)
[2026-04-03T02:41:58.174+0600][11.993s][info][gc          ] GC(16) Pause Young (Concurrent Start) (G1 Humongous Allocation) 58M->40M(130M) 9.459ms
[2026-04-03T02:41:58.174+0600][11.993s][info][gc,cpu      ] GC(16) User=0.02s Sys=0.00s Real=0.01s
[2026-04-03T02:41:58.174+0600][11.993s][info][gc          ] GC(17) Concurrent Mark Cycle
[2026-04-03T02:41:58.174+0600][11.993s][info][gc,marking  ] GC(17) Concurrent Scan Root Regions
[2026-04-03T02:41:58.177+0600][11.996s][info][gc,marking  ] GC(17) Concurrent Scan Root Regions 2.532ms
[2026-04-03T02:41:58.177+0600][11.996s][info][gc,marking  ] GC(17) Concurrent Mark
[2026-04-03T02:41:58.177+0600][11.996s][info][gc,marking  ] GC(17) Concurrent Mark From Roots
[2026-04-03T02:41:58.177+0600][11.996s][info][gc,task     ] GC(17) Using 3 workers of 3 for marking
[2026-04-03T02:41:58.189+0600][12.008s][info][gc,marking  ] GC(17) Concurrent Mark From Roots 12.422ms
[2026-04-03T02:41:58.189+0600][12.008s][info][gc,marking  ] GC(17) Concurrent Preclean
[2026-04-03T02:41:58.189+0600][12.008s][info][gc,marking  ] GC(17) Concurrent Preclean 0.089ms
[2026-04-03T02:41:58.190+0600][12.009s][info][gc,start    ] GC(17) Pause Remark
[2026-04-03T02:41:58.197+0600][12.016s][info][gc          ] GC(17) Pause Remark 42M->42M(130M) 7.623ms
[2026-04-03T02:41:58.197+0600][12.016s][info][gc,cpu      ] GC(17) User=0.02s Sys=0.00s Real=0.00s
[2026-04-03T02:41:58.198+0600][12.017s][info][gc,marking  ] GC(17) Concurrent Mark 20.752ms
[2026-04-03T02:41:58.198+0600][12.017s][info][gc,marking  ] GC(17) Concurrent Rebuild Remembered Sets and Scrub Regions
[2026-04-03T02:41:58.205+0600][12.024s][info][gc,marking  ] GC(17) Concurrent Rebuild Remembered Sets and Scrub Regions 7.267ms
[2026-04-03T02:41:58.205+0600][12.024s][info][gc,start    ] GC(17) Pause Cleanup
[2026-04-03T02:41:58.205+0600][12.024s][info][gc          ] GC(17) Pause Cleanup 42M->42M(130M) 0.264ms
[2026-04-03T02:41:58.205+0600][12.024s][info][gc,cpu      ] GC(17) User=0.00s Sys=0.00s Real=0.00s
[2026-04-03T02:41:58.206+0600][12.025s][info][gc,marking  ] GC(17) Concurrent Clear Claimed Marks
[2026-04-03T02:41:58.206+0600][12.025s][info][gc,marking  ] GC(17) Concurrent Clear Claimed Marks 0.080ms
[2026-04-03T02:41:58.206+0600][12.025s][info][gc,marking  ] GC(17) Concurrent Cleanup for Next Mark
[2026-04-03T02:41:58.206+0600][12.025s][info][gc,marking  ] GC(17) Concurrent Cleanup for Next Mark 0.429ms
[2026-04-03T02:41:58.206+0600][12.025s][info][gc          ] GC(17) Concurrent Mark Cycle 31.883ms
[2026-04-03T02:41:58.797+0600][12.616s][info][gc,start    ] GC(18) Pause Young (Prepare Mixed) (G1 Evacuation Pause)
[2026-04-03T02:41:58.797+0600][12.616s][info][gc,task     ] GC(18) Using 3 workers of 10 for evacuation
[2026-04-03T02:41:58.805+0600][12.624s][info][gc,phases   ] GC(18)   Pre Evacuate Collection Set: 0.26ms
[2026-04-03T02:41:58.805+0600][12.624s][info][gc,phases   ] GC(18)   Merge Heap Roots: 0.12ms
[2026-04-03T02:41:58.805+0600][12.624s][info][gc,phases   ] GC(18)   Evacuate Collection Set: 6.11ms
[2026-04-03T02:41:58.805+0600][12.624s][info][gc,phases   ] GC(18)   Post Evacuate Collection Set: 1.40ms
[2026-04-03T02:41:58.805+0600][12.624s][info][gc,phases   ] GC(18)   Other: 0.17ms
[2026-04-03T02:41:58.805+0600][12.624s][info][gc,heap     ] GC(18) Eden regions: 73->0(70)
[2026-04-03T02:41:58.805+0600][12.624s][info][gc,heap     ] GC(18) Survivor regions: 5->8(10)
[2026-04-03T02:41:58.805+0600][12.624s][info][gc,heap     ] GC(18) Old regions: 28->28
[2026-04-03T02:41:58.805+0600][12.624s][info][gc,heap     ] GC(18) Humongous regions: 9->8
[2026-04-03T02:41:58.805+0600][12.624s][info][gc,metaspace] GC(18) Metaspace: 83725K(84224K)->83725K(84224K) NonClass: 73462K(73728K)->73462K(73728K) Class: 10263K(10496K)->10263K(10496K)
[2026-04-03T02:41:58.805+0600][12.624s][info][gc          ] GC(18) Pause Young (Prepare Mixed) (G1 Evacuation Pause) 114M->43M(130M) 8.372ms
[2026-04-03T02:41:58.806+0600][12.625s][info][gc,cpu      ] GC(18) User=0.03s Sys=0.00s Real=0.01s
[2026-04-03T02:41:59.945+0600][13.764s][info][gc,start    ] GC(19) Pause Young (Mixed) (G1 Evacuation Pause)
[2026-04-03T02:41:59.945+0600][13.764s][info][gc,task     ] GC(19) Using 3 workers of 10 for evacuation
[2026-04-03T02:41:59.956+0600][13.775s][info][gc,phases   ] GC(19)   Pre Evacuate Collection Set: 0.29ms
[2026-04-03T02:41:59.956+0600][13.775s][info][gc,phases   ] GC(19)   Merge Heap Roots: 0.17ms
[2026-04-03T02:41:59.956+0600][13.775s][info][gc,phases   ] GC(19)   Evacuate Collection Set: 9.43ms
[2026-04-03T02:41:59.956+0600][13.775s][info][gc,phases   ] GC(19)   Post Evacuate Collection Set: 1.02ms
[2026-04-03T02:41:59.956+0600][13.775s][info][gc,phases   ] GC(19)   Other: 0.12ms
[2026-04-03T02:41:59.956+0600][13.775s][info][gc,heap     ] GC(19) Eden regions: 70->0(69)
[2026-04-03T02:41:59.956+0600][13.775s][info][gc,heap     ] GC(19) Survivor regions: 8->9(10)
[2026-04-03T02:41:59.956+0600][13.775s][info][gc,heap     ] GC(19) Old regions: 28->30
[2026-04-03T02:41:59.956+0600][13.775s][info][gc,heap     ] GC(19) Humongous regions: 8->8
[2026-04-03T02:41:59.956+0600][13.775s][info][gc,metaspace] GC(19) Metaspace: 99299K(99904K)->99299K(99904K) NonClass: 86924K(87232K)->86924K(87232K) Class: 12375K(12672K)->12375K(12672K)
[2026-04-03T02:41:59.956+0600][13.775s][info][gc          ] GC(19) Pause Young (Mixed) (G1 Evacuation Pause) 113M->46M(130M) 11.462ms
[2026-04-03T02:41:59.956+0600][13.775s][info][gc,cpu      ] GC(19) User=0.04s Sys=0.00s Real=0.01s
[2026-04-03T02:41:59.990+0600][13.809s][info][gc,start    ] GC(20) Pause Young (Concurrent Start) (G1 Humongous Allocation)
[2026-04-03T02:41:59.990+0600][13.809s][info][gc,task     ] GC(20) Using 3 workers of 10 for evacuation
[2026-04-03T02:41:59.998+0600][13.817s][info][gc,phases   ] GC(20)   Pre Evacuate Collection Set: 0.25ms
[2026-04-03T02:41:59.998+0600][13.817s][info][gc,phases   ] GC(20)   Merge Heap Roots: 0.08ms
[2026-04-03T02:41:59.998+0600][13.817s][info][gc,phases   ] GC(20)   Evacuate Collection Set: 6.63ms
[2026-04-03T02:41:59.998+0600][13.817s][info][gc,phases   ] GC(20)   Post Evacuate Collection Set: 0.45ms
[2026-04-03T02:41:59.998+0600][13.817s][info][gc,phases   ] GC(20)   Other: 0.11ms
[2026-04-03T02:41:59.998+0600][13.817s][info][gc,heap     ] GC(20) Eden regions: 3->0(71)
[2026-04-03T02:41:59.998+0600][13.817s][info][gc,heap     ] GC(20) Survivor regions: 9->4(10)
[2026-04-03T02:41:59.998+0600][13.817s][info][gc,heap     ] GC(20) Old regions: 30->35
[2026-04-03T02:41:59.998+0600][13.817s][info][gc,heap     ] GC(20) Humongous regions: 8->8
[2026-04-03T02:41:59.998+0600][13.817s][info][gc,metaspace] GC(20) Metaspace: 99815K(100480K)->99815K(100480K) NonClass: 87358K(87744K)->87358K(87744K) Class: 12456K(12736K)->12456K(12736K)
[2026-04-03T02:41:59.998+0600][13.817s][info][gc          ] GC(20) Pause Young (Concurrent Start) (G1 Humongous Allocation) 49M->46M(130M) 7.778ms
[2026-04-03T02:41:59.998+0600][13.817s][info][gc,cpu      ] GC(20) User=0.02s Sys=0.00s Real=0.00s
[2026-04-03T02:41:59.998+0600][13.817s][info][gc          ] GC(21) Concurrent Mark Cycle
[2026-04-03T02:41:59.998+0600][13.817s][info][gc,marking  ] GC(21) Concurrent Scan Root Regions
[2026-04-03T02:42:00.001+0600][13.820s][info][gc,marking  ] GC(21) Concurrent Scan Root Regions 3.231ms
[2026-04-03T02:42:00.001+0600][13.820s][info][gc,marking  ] GC(21) Concurrent Mark
[2026-04-03T02:42:00.001+0600][13.820s][info][gc,marking  ] GC(21) Concurrent Mark From Roots
[2026-04-03T02:42:00.001+0600][13.820s][info][gc,task     ] GC(21) Using 3 workers of 3 for marking
[2026-04-03T02:42:00.024+0600][13.843s][info][gc,marking  ] GC(21) Concurrent Mark From Roots 22.536ms
[2026-04-03T02:42:00.024+0600][13.843s][info][gc,marking  ] GC(21) Concurrent Preclean
[2026-04-03T02:42:00.024+0600][13.843s][info][gc,marking  ] GC(21) Concurrent Preclean 0.426ms
[2026-04-03T02:42:00.025+0600][13.844s][info][gc,start    ] GC(21) Pause Remark
[2026-04-03T02:42:00.033+0600][13.852s][info][gc          ] GC(21) Pause Remark 50M->50M(130M) 8.788ms
[2026-04-03T02:42:00.034+0600][13.853s][info][gc,cpu      ] GC(21) User=0.03s Sys=0.00s Real=0.01s
[2026-04-03T02:42:00.034+0600][13.853s][info][gc,marking  ] GC(21) Concurrent Mark 32.394ms
[2026-04-03T02:42:00.034+0600][13.853s][info][gc,marking  ] GC(21) Concurrent Rebuild Remembered Sets and Scrub Regions
[2026-04-03T02:42:00.045+0600][13.864s][info][gc,marking  ] GC(21) Concurrent Rebuild Remembered Sets and Scrub Regions 11.226ms
[2026-04-03T02:42:00.045+0600][13.864s][info][gc,start    ] GC(21) Pause Cleanup
[2026-04-03T02:42:00.045+0600][13.864s][info][gc          ] GC(21) Pause Cleanup 53M->53M(130M) 0.215ms
[2026-04-03T02:42:00.045+0600][13.864s][info][gc,cpu      ] GC(21) User=0.00s Sys=0.00s Real=0.00s
[2026-04-03T02:42:00.046+0600][13.865s][info][gc,marking  ] GC(21) Concurrent Clear Claimed Marks
[2026-04-03T02:42:00.046+0600][13.865s][info][gc,marking  ] GC(21) Concurrent Clear Claimed Marks 0.137ms
[2026-04-03T02:42:00.046+0600][13.865s][info][gc,marking  ] GC(21) Concurrent Cleanup for Next Mark
[2026-04-03T02:42:00.046+0600][13.865s][info][gc,marking  ] GC(21) Concurrent Cleanup for Next Mark 0.321ms
[2026-04-03T02:42:00.046+0600][13.865s][info][gc          ] GC(21) Concurrent Mark Cycle 48.166ms
[2026-04-03T02:42:00.788+0600][14.607s][info][gc,start    ] GC(22) Pause Young (Prepare Mixed) (G1 Evacuation Pause)
[2026-04-03T02:42:00.788+0600][14.607s][info][gc,task     ] GC(22) Using 3 workers of 10 for evacuation
[2026-04-03T02:42:00.798+0600][14.617s][info][gc,phases   ] GC(22)   Pre Evacuate Collection Set: 0.33ms
[2026-04-03T02:42:00.798+0600][14.617s][info][gc,phases   ] GC(22)   Merge Heap Roots: 0.24ms
[2026-04-03T02:42:00.798+0600][14.617s][info][gc,phases   ] GC(22)   Evacuate Collection Set: 8.04ms
[2026-04-03T02:42:00.798+0600][14.617s][info][gc,phases   ] GC(22)   Post Evacuate Collection Set: 1.13ms
[2026-04-03T02:42:00.798+0600][14.617s][info][gc,phases   ] GC(22)   Other: 0.08ms
[2026-04-03T02:42:00.798+0600][14.617s][info][gc,heap     ] GC(22) Eden regions: 71->0(66)
[2026-04-03T02:42:00.798+0600][14.617s][info][gc,heap     ] GC(22) Survivor regions: 4->9(10)
[2026-04-03T02:42:00.798+0600][14.617s][info][gc,heap     ] GC(22) Old regions: 35->35
[2026-04-03T02:42:00.798+0600][14.617s][info][gc,heap     ] GC(22) Humongous regions: 11->8
[2026-04-03T02:42:00.798+0600][14.617s][info][gc,metaspace] GC(22) Metaspace: 107578K(108224K)->107578K(108224K) NonClass: 94039K(94400K)->94039K(94400K) Class: 13538K(13824K)->13538K(13824K)
[2026-04-03T02:42:00.798+0600][14.617s][info][gc          ] GC(22) Pause Young (Prepare Mixed) (G1 Evacuation Pause) 120M->51M(130M) 10.079ms
[2026-04-03T02:42:00.798+0600][14.617s][info][gc,cpu      ] GC(22) User=0.03s Sys=0.00s Real=0.01s
[2026-04-03T02:42:02.007+0600][15.826s][info][gc,start    ] GC(23) Pause Young (Mixed) (G1 Evacuation Pause)
[2026-04-03T02:42:02.007+0600][15.826s][info][gc,task     ] GC(23) Using 4 workers of 10 for evacuation
[2026-04-03T02:42:02.029+0600][15.848s][info][gc,phases   ] GC(23)   Pre Evacuate Collection Set: 0.24ms
[2026-04-03T02:42:02.029+0600][15.848s][info][gc,phases   ] GC(23)   Merge Heap Roots: 0.15ms
[2026-04-03T02:42:02.029+0600][15.848s][info][gc,phases   ] GC(23)   Evacuate Collection Set: 19.95ms
[2026-04-03T02:42:02.029+0600][15.848s][info][gc,phases   ] GC(23)   Post Evacuate Collection Set: 1.07ms
[2026-04-03T02:42:02.029+0600][15.848s][info][gc,phases   ] GC(23)   Other: 0.12ms
[2026-04-03T02:42:02.029+0600][15.848s][info][gc,heap     ] GC(23) Eden regions: 55->0(61)
[2026-04-03T02:42:02.029+0600][15.848s][info][gc,heap     ] GC(23) Survivor regions: 9->8(10)
[2026-04-03T02:42:02.029+0600][15.848s][info][gc,heap     ] GC(23) Old regions: 35->43
[2026-04-03T02:42:02.029+0600][15.848s][info][gc,heap     ] GC(23) Humongous regions: 75->64
[2026-04-03T02:42:02.029+0600][15.848s][info][gc,metaspace] GC(23) Metaspace: 112878K(114240K)->112878K(114240K) NonClass: 98313K(99072K)->98313K(99072K) Class: 14564K(15168K)->14564K(15168K)
[2026-04-03T02:42:02.029+0600][15.848s][info][gc          ] GC(23) Pause Young (Mixed) (G1 Evacuation Pause) 173M->113M(191M) 21.958ms
[2026-04-03T02:42:02.029+0600][15.848s][info][gc,cpu      ] GC(23) User=0.11s Sys=0.01s Real=0.02s
[2026-04-03T02:42:02.245+0600][16.064s][info][gc,start    ] GC(24) Pause Young (Concurrent Start) (G1 Humongous Allocation)
[2026-04-03T02:42:02.246+0600][16.065s][info][gc,task     ] GC(24) Using 4 workers of 10 for evacuation
[2026-04-03T02:42:02.253+0600][16.072s][info][gc,phases   ] GC(24)   Pre Evacuate Collection Set: 0.36ms
[2026-04-03T02:42:02.253+0600][16.072s][info][gc,phases   ] GC(24)   Merge Heap Roots: 0.14ms
[2026-04-03T02:42:02.253+0600][16.072s][info][gc,phases   ] GC(24)   Evacuate Collection Set: 5.84ms
[2026-04-03T02:42:02.253+0600][16.072s][info][gc,phases   ] GC(24)   Post Evacuate Collection Set: 0.70ms
[2026-04-03T02:42:02.253+0600][16.072s][info][gc,phases   ] GC(24)   Other: 0.24ms
[2026-04-03T02:42:02.253+0600][16.072s][info][gc,heap     ] GC(24) Eden regions: 12->0(84)
[2026-04-03T02:42:02.253+0600][16.072s][info][gc,heap     ] GC(24) Survivor regions: 8->2(9)
[2026-04-03T02:42:02.253+0600][16.072s][info][gc,heap     ] GC(24) Old regions: 43->49
[2026-04-03T02:42:02.253+0600][16.072s][info][gc,heap     ] GC(24) Humongous regions: 64->40
[2026-04-03T02:42:02.253+0600][16.072s][info][gc,metaspace] GC(24) Metaspace: 113764K(115136K)->113764K(115136K) NonClass: 99040K(99840K)->99040K(99840K) Class: 14723K(15296K)->14723K(15296K)
[2026-04-03T02:42:02.253+0600][16.072s][info][gc          ] GC(24) Pause Young (Concurrent Start) (G1 Humongous Allocation) 125M->90M(191M) 7.657ms
[2026-04-03T02:42:02.253+0600][16.072s][info][gc,cpu      ] GC(24) User=0.05s Sys=0.00s Real=0.01s
[2026-04-03T02:42:02.253+0600][16.072s][info][gc          ] GC(25) Concurrent Mark Cycle
[2026-04-03T02:42:02.253+0600][16.072s][info][gc,marking  ] GC(25) Concurrent Scan Root Regions
[2026-04-03T02:42:02.257+0600][16.076s][info][gc,marking  ] GC(25) Concurrent Scan Root Regions 3.443ms
[2026-04-03T02:42:02.257+0600][16.076s][info][gc,marking  ] GC(25) Concurrent Mark
[2026-04-03T02:42:02.257+0600][16.076s][info][gc,marking  ] GC(25) Concurrent Mark From Roots
[2026-04-03T02:42:02.257+0600][16.076s][info][gc,task     ] GC(25) Using 3 workers of 3 for marking
[2026-04-03T02:42:02.308+0600][16.127s][info][gc,marking  ] GC(25) Concurrent Mark From Roots 51.019ms
[2026-04-03T02:42:02.308+0600][16.127s][info][gc,marking  ] GC(25) Concurrent Preclean
[2026-04-03T02:42:02.308+0600][16.127s][info][gc,marking  ] GC(25) Concurrent Preclean 0.419ms
[2026-04-03T02:42:02.309+0600][16.128s][info][gc,start    ] GC(25) Pause Remark
[2026-04-03T02:42:02.318+0600][16.137s][info][gc          ] GC(25) Pause Remark 101M->101M(191M) 9.505ms
[2026-04-03T02:42:02.318+0600][16.137s][info][gc,cpu      ] GC(25) User=0.06s Sys=0.00s Real=0.01s
[2026-04-03T02:42:02.318+0600][16.137s][info][gc,marking  ] GC(25) Concurrent Mark 61.613ms
[2026-04-03T02:42:02.318+0600][16.137s][info][gc,marking  ] GC(25) Concurrent Rebuild Remembered Sets and Scrub Regions
[2026-04-03T02:42:02.342+0600][16.161s][info][gc,marking  ] GC(25) Concurrent Rebuild Remembered Sets and Scrub Regions 23.618ms
[2026-04-03T02:42:02.342+0600][16.161s][info][gc,start    ] GC(25) Pause Cleanup
[2026-04-03T02:42:02.343+0600][16.162s][info][gc          ] GC(25) Pause Cleanup 111M->111M(191M) 0.318ms
[2026-04-03T02:42:02.343+0600][16.162s][info][gc,cpu      ] GC(25) User=0.00s Sys=0.00s Real=0.00s
[2026-04-03T02:42:02.345+0600][16.164s][info][gc,marking  ] GC(25) Concurrent Clear Claimed Marks
[2026-04-03T02:42:02.345+0600][16.164s][info][gc,marking  ] GC(25) Concurrent Clear Claimed Marks 0.403ms
[2026-04-03T02:42:02.345+0600][16.164s][info][gc,marking  ] GC(25) Concurrent Cleanup for Next Mark
[2026-04-03T02:42:02.346+0600][16.165s][info][gc,marking  ] GC(25) Concurrent Cleanup for Next Mark 0.827ms
[2026-04-03T02:42:02.346+0600][16.165s][info][gc          ] GC(25) Concurrent Mark Cycle 92.757ms
[2026-04-03T02:42:03.042+0600][16.861s][info][gc,start    ] GC(26) Pause Young (Prepare Mixed) (G1 Evacuation Pause)
[2026-04-03T02:42:03.042+0600][16.861s][info][gc,task     ] GC(26) Using 4 workers of 10 for evacuation
[2026-04-03T02:42:03.051+0600][16.870s][info][gc,phases   ] GC(26)   Pre Evacuate Collection Set: 0.54ms
[2026-04-03T02:42:03.051+0600][16.870s][info][gc,phases   ] GC(26)   Merge Heap Roots: 0.22ms
[2026-04-03T02:42:03.051+0600][16.870s][info][gc,phases   ] GC(26)   Evacuate Collection Set: 7.03ms
[2026-04-03T02:42:03.051+0600][16.870s][info][gc,phases   ] GC(26)   Post Evacuate Collection Set: 0.73ms
[2026-04-03T02:42:03.051+0600][16.870s][info][gc,phases   ] GC(26)   Other: 0.14ms
[2026-04-03T02:42:03.051+0600][16.870s][info][gc,heap     ] GC(26) Eden regions: 52->0(89)
[2026-04-03T02:42:03.051+0600][16.870s][info][gc,heap     ] GC(26) Survivor regions: 2->6(11)
[2026-04-03T02:42:03.051+0600][16.870s][info][gc,heap     ] GC(26) Old regions: 49->49
[2026-04-03T02:42:03.051+0600][16.870s][info][gc,heap     ] GC(26) Humongous regions: 94->40
[2026-04-03T02:42:03.051+0600][16.870s][info][gc,metaspace] GC(26) Metaspace: 116118K(117632K)->116118K(117632K) NonClass: 100986K(101824K)->100986K(101824K) Class: 15132K(15808K)->15132K(15808K)
[2026-04-03T02:42:03.051+0600][16.870s][info][gc          ] GC(26) Pause Young (Prepare Mixed) (G1 Evacuation Pause) 196M->93M(203M) 9.066ms
[2026-04-03T02:42:03.051+0600][16.870s][info][gc,cpu      ] GC(26) User=0.04s Sys=0.01s Real=0.01s
[2026-04-03T02:42:03.471+0600][17.290s][info][gc,start    ] GC(27) Pause Young (Mixed) (G1 Evacuation Pause)
[2026-04-03T02:42:03.471+0600][17.290s][info][gc,task     ] GC(27) Using 4 workers of 10 for evacuation
[2026-04-03T02:42:03.504+0600][17.323s][info][gc,phases   ] GC(27)   Pre Evacuate Collection Set: 0.34ms
[2026-04-03T02:42:03.504+0600][17.323s][info][gc,phases   ] GC(27)   Merge Heap Roots: 0.23ms
[2026-04-03T02:42:03.504+0600][17.323s][info][gc,phases   ] GC(27)   Evacuate Collection Set: 31.83ms
[2026-04-03T02:42:03.504+0600][17.323s][info][gc,phases   ] GC(27)   Post Evacuate Collection Set: 0.65ms
[2026-04-03T02:42:03.504+0600][17.323s][info][gc,phases   ] GC(27)   Other: 0.10ms
[2026-04-03T02:42:03.504+0600][17.323s][info][gc,heap     ] GC(27) Eden regions: 76->0(78)
[2026-04-03T02:42:03.504+0600][17.323s][info][gc,heap     ] GC(27) Survivor regions: 6->12(12)
[2026-04-03T02:42:03.504+0600][17.323s][info][gc,heap     ] GC(27) Old regions: 49->62
[2026-04-03T02:42:03.504+0600][17.323s][info][gc,heap     ] GC(27) Humongous regions: 72->40
[2026-04-03T02:42:03.504+0600][17.323s][info][gc,metaspace] GC(27) Metaspace: 116863K(118400K)->116863K(118400K) NonClass: 101627K(102528K)->101627K(102528K) Class: 15236K(15872K)->15236K(15872K)
[2026-04-03T02:42:03.504+0600][17.323s][info][gc          ] GC(27) Pause Young (Mixed) (G1 Evacuation Pause) 201M->113M(230M) 33.428ms
[2026-04-03T02:42:03.504+0600][17.323s][info][gc,cpu      ] GC(27) User=0.13s Sys=0.02s Real=0.03s
[2026-04-03T02:42:03.607+0600][17.426s][info][gc,start    ] GC(28) Pause Young (Concurrent Start) (G1 Humongous Allocation)
[2026-04-03T02:42:03.607+0600][17.426s][info][gc,task     ] GC(28) Using 5 workers of 10 for evacuation
[2026-04-03T02:42:03.712+0600][17.531s][info][gc,phases   ] GC(28)   Pre Evacuate Collection Set: 0.41ms
[2026-04-03T02:42:03.712+0600][17.531s][info][gc,phases   ] GC(28)   Merge Heap Roots: 0.14ms
[2026-04-03T02:42:03.712+0600][17.531s][info][gc,phases   ] GC(28)   Evacuate Collection Set: 103.72ms
[2026-04-03T02:42:03.712+0600][17.531s][info][gc,phases   ] GC(28)   Post Evacuate Collection Set: 1.20ms
[2026-04-03T02:42:03.712+0600][17.531s][info][gc,phases   ] GC(28)   Other: 0.20ms
[2026-04-03T02:42:03.712+0600][17.532s][info][gc,heap     ] GC(28) Eden regions: 59->0(69)
[2026-04-03T02:42:03.712+0600][17.532s][info][gc,heap     ] GC(28) Survivor regions: 12->12(12)
[2026-04-03T02:42:03.712+0600][17.532s][info][gc,heap     ] GC(28) Old regions: 62->93
[2026-04-03T02:42:03.713+0600][17.532s][info][gc,heap     ] GC(28) Humongous regions: 40->40
[2026-04-03T02:42:03.713+0600][17.532s][info][gc,metaspace] GC(28) Metaspace: 116898K(118400K)->116898K(118400K) NonClass: 101661K(102528K)->101661K(102528K) Class: 15236K(15872K)->15236K(15872K)
[2026-04-03T02:42:03.713+0600][17.532s][info][gc          ] GC(28) Pause Young (Concurrent Start) (G1 Humongous Allocation) 172M->144M(276M) 105.958ms
[2026-04-03T02:42:03.713+0600][17.532s][info][gc,cpu      ] GC(28) User=0.64s Sys=0.00s Real=0.11s
[2026-04-03T02:42:03.713+0600][17.532s][info][gc          ] GC(29) Concurrent Mark Cycle
[2026-04-03T02:42:03.713+0600][17.532s][info][gc,marking  ] GC(29) Concurrent Scan Root Regions
[2026-04-03T02:42:03.727+0600][17.546s][info][gc,marking  ] GC(29) Concurrent Scan Root Regions 13.838ms
[2026-04-03T02:42:03.727+0600][17.546s][info][gc,marking  ] GC(29) Concurrent Mark
[2026-04-03T02:42:03.727+0600][17.546s][info][gc,marking  ] GC(29) Concurrent Mark From Roots
[2026-04-03T02:42:03.727+0600][17.546s][info][gc,task     ] GC(29) Using 3 workers of 3 for marking
[2026-04-03T02:42:03.774+0600][17.593s][info][gc,marking  ] GC(29) Concurrent Mark From Roots 46.918ms
[2026-04-03T02:42:03.774+0600][17.593s][info][gc,marking  ] GC(29) Concurrent Preclean
[2026-04-03T02:42:03.774+0600][17.593s][info][gc,marking  ] GC(29) Concurrent Preclean 0.175ms
[2026-04-03T02:42:03.774+0600][17.593s][info][gc,start    ] GC(29) Pause Remark
[2026-04-03T02:42:03.795+0600][17.614s][info][gc          ] GC(29) Pause Remark 151M->151M(276M) 20.469ms
[2026-04-03T02:42:03.795+0600][17.614s][info][gc,cpu      ] GC(29) User=0.11s Sys=0.00s Real=0.02s
[2026-04-03T02:42:03.795+0600][17.614s][info][gc,marking  ] GC(29) Concurrent Mark 68.263ms
[2026-04-03T02:42:03.795+0600][17.614s][info][gc,marking  ] GC(29) Concurrent Rebuild Remembered Sets and Scrub Regions
[2026-04-03T02:42:03.837+0600][17.656s][info][gc,marking  ] GC(29) Concurrent Rebuild Remembered Sets and Scrub Regions 42.101ms
[2026-04-03T02:42:03.838+0600][17.657s][info][gc,start    ] GC(29) Pause Cleanup
[2026-04-03T02:42:03.838+0600][17.657s][info][gc          ] GC(29) Pause Cleanup 162M->162M(276M) 0.536ms
[2026-04-03T02:42:03.838+0600][17.657s][info][gc,cpu      ] GC(29) User=0.01s Sys=0.00s Real=0.00s
[2026-04-03T02:42:03.838+0600][17.657s][info][gc,marking  ] GC(29) Concurrent Clear Claimed Marks
[2026-04-03T02:42:03.839+0600][17.658s][info][gc,marking  ] GC(29) Concurrent Clear Claimed Marks 0.287ms
[2026-04-03T02:42:03.839+0600][17.658s][info][gc,marking  ] GC(29) Concurrent Cleanup for Next Mark
[2026-04-03T02:42:03.840+0600][17.659s][info][gc,marking  ] GC(29) Concurrent Cleanup for Next Mark 1.149ms
[2026-04-03T02:42:03.840+0600][17.659s][info][gc          ] GC(29) Concurrent Mark Cycle 127.153ms
[2026-04-03T02:42:04.139+0600][17.958s][info][gc,start    ] GC(30) Pause Young (Prepare Mixed) (G1 Evacuation Pause)
[2026-04-03T02:42:04.139+0600][17.958s][info][gc,task     ] GC(30) Using 6 workers of 10 for evacuation
[2026-04-03T02:42:04.155+0600][17.974s][info][gc,phases   ] GC(30)   Pre Evacuate Collection Set: 0.30ms
[2026-04-03T02:42:04.155+0600][17.974s][info][gc,phases   ] GC(30)   Merge Heap Roots: 0.27ms
[2026-04-03T02:42:04.155+0600][17.974s][info][gc,phases   ] GC(30)   Evacuate Collection Set: 14.61ms
[2026-04-03T02:42:04.155+0600][17.974s][info][gc,phases   ] GC(30)   Post Evacuate Collection Set: 0.49ms
[2026-04-03T02:42:04.155+0600][17.974s][info][gc,phases   ] GC(30)   Other: 0.19ms
[2026-04-03T02:42:04.155+0600][17.974s][info][gc,heap     ] GC(30) Eden regions: 69->0(49)
[2026-04-03T02:42:04.155+0600][17.974s][info][gc,heap     ] GC(30) Survivor regions: 12->11(11)
[2026-04-03T02:42:04.155+0600][17.974s][info][gc,heap     ] GC(30) Old regions: 93->109
[2026-04-03T02:42:04.155+0600][17.974s][info][gc,heap     ] GC(30) Humongous regions: 94->81
[2026-04-03T02:42:04.155+0600][17.974s][info][gc,metaspace] GC(30) Metaspace: 116289K(118400K)->116289K(118400K) NonClass: 101249K(102528K)->101249K(102528K) Class: 15039K(15872K)->15039K(15872K)
[2026-04-03T02:42:04.155+0600][17.974s][info][gc          ] GC(30) Pause Young (Prepare Mixed) (G1 Evacuation Pause) 267M->200M(295M) 16.370ms
[2026-04-03T02:42:04.155+0600][17.974s][info][gc,cpu      ] GC(30) User=0.07s Sys=0.01s Real=0.02s
[2026-04-03T02:42:04.670+0600][18.489s][info][gc,start    ] GC(31) Pause Young (Mixed) (G1 Evacuation Pause)
[2026-04-03T02:42:04.670+0600][18.489s][info][gc,task     ] GC(31) Using 7 workers of 10 for evacuation
[2026-04-03T02:42:04.674+0600][18.493s][info][gc,phases   ] GC(31)   Pre Evacuate Collection Set: 0.34ms
[2026-04-03T02:42:04.674+0600][18.493s][info][gc,phases   ] GC(31)   Merge Heap Roots: 0.21ms
[2026-04-03T02:42:04.674+0600][18.493s][info][gc,phases   ] GC(31)   Evacuate Collection Set: 2.41ms
[2026-04-03T02:42:04.674+0600][18.493s][info][gc,phases   ] GC(31)   Post Evacuate Collection Set: 0.60ms
[2026-04-03T02:42:04.674+0600][18.493s][info][gc,phases   ] GC(31)   Other: 0.10ms
[2026-04-03T02:42:04.674+0600][18.493s][info][gc,heap     ] GC(31) Eden regions: 49->0(70)
[2026-04-03T02:42:04.674+0600][18.493s][info][gc,heap     ] GC(31) Survivor regions: 11->3(8)
[2026-04-03T02:42:04.674+0600][18.493s][info][gc,heap     ] GC(31) Old regions: 109->113
[2026-04-03T02:42:04.674+0600][18.493s][info][gc,heap     ] GC(31) Humongous regions: 105->58
[2026-04-03T02:42:04.674+0600][18.493s][info][gc,metaspace] GC(31) Metaspace: 116355K(118464K)->116355K(118464K) NonClass: 101315K(102592K)->101315K(102592K) Class: 15040K(15872K)->15040K(15872K)
[2026-04-03T02:42:04.674+0600][18.493s][info][gc          ] GC(31) Pause Young (Mixed) (G1 Evacuation Pause) 273M->173M(295M) 3.914ms
[2026-04-03T02:42:04.674+0600][18.493s][info][gc,cpu      ] GC(31) User=0.01s Sys=0.00s Real=0.00s
[2026-04-03T02:42:04.693+0600][18.512s][info][gc,start    ] GC(32) Pause Young (Concurrent Start) (G1 Humongous Allocation)
[2026-04-03T02:42:04.693+0600][18.512s][info][gc,task     ] GC(32) Using 7 workers of 10 for evacuation
[2026-04-03T02:42:04.695+0600][18.514s][info][gc,phases   ] GC(32)   Pre Evacuate Collection Set: 0.30ms
[2026-04-03T02:42:04.695+0600][18.514s][info][gc,phases   ] GC(32)   Merge Heap Roots: 0.06ms
[2026-04-03T02:42:04.695+0600][18.514s][info][gc,phases   ] GC(32)   Evacuate Collection Set: 1.16ms
[2026-04-03T02:42:04.695+0600][18.514s][info][gc,phases   ] GC(32)   Post Evacuate Collection Set: 0.38ms
[2026-04-03T02:42:04.695+0600][18.514s][info][gc,phases   ] GC(32)   Other: 0.13ms
[2026-04-03T02:42:04.695+0600][18.514s][info][gc,heap     ] GC(32) Eden regions: 3->0(77)
[2026-04-03T02:42:04.695+0600][18.514s][info][gc,heap     ] GC(32) Survivor regions: 3->1(10)
[2026-04-03T02:42:04.695+0600][18.514s][info][gc,heap     ] GC(32) Old regions: 113->113
[2026-04-03T02:42:04.695+0600][18.514s][info][gc,heap     ] GC(32) Humongous regions: 58->58
[2026-04-03T02:42:04.695+0600][18.514s][info][gc,metaspace] GC(32) Metaspace: 116362K(118464K)->116362K(118464K) NonClass: 101321K(102592K)->101321K(102592K) Class: 15040K(15872K)->15040K(15872K)
[2026-04-03T02:42:04.695+0600][18.514s][info][gc          ] GC(32) Pause Young (Concurrent Start) (G1 Humongous Allocation) 176M->171M(295M) 2.275ms
[2026-04-03T02:42:04.695+0600][18.514s][info][gc,cpu      ] GC(32) User=0.00s Sys=0.00s Real=0.00s
[2026-04-03T02:42:04.695+0600][18.514s][info][gc          ] GC(33) Concurrent Mark Cycle
[2026-04-03T02:42:04.695+0600][18.514s][info][gc,marking  ] GC(33) Concurrent Scan Root Regions
[2026-04-03T02:42:04.697+0600][18.516s][info][gc,marking  ] GC(33) Concurrent Scan Root Regions 1.711ms
[2026-04-03T02:42:04.697+0600][18.516s][info][gc,marking  ] GC(33) Concurrent Mark
[2026-04-03T02:42:04.697+0600][18.516s][info][gc,marking  ] GC(33) Concurrent Mark From Roots
[2026-04-03T02:42:04.697+0600][18.516s][info][gc,task     ] GC(33) Using 3 workers of 3 for marking
[2026-04-03T02:42:04.780+0600][18.599s][info][gc,marking  ] GC(33) Concurrent Mark From Roots 83.244ms
[2026-04-03T02:42:04.780+0600][18.599s][info][gc,marking  ] GC(33) Concurrent Preclean
[2026-04-03T02:42:04.780+0600][18.599s][info][gc,marking  ] GC(33) Concurrent Preclean 0.246ms
[2026-04-03T02:42:04.781+0600][18.600s][info][gc,start    ] GC(33) Pause Remark
[2026-04-03T02:42:04.800+0600][18.619s][info][gc          ] GC(33) Pause Remark 184M->151M(295M) 19.855ms
[2026-04-03T02:42:04.801+0600][18.620s][info][gc,cpu      ] GC(33) User=0.14s Sys=0.00s Real=0.02s
[2026-04-03T02:42:04.801+0600][18.620s][info][gc,marking  ] GC(33) Concurrent Mark 104.081ms
[2026-04-03T02:42:04.801+0600][18.620s][info][gc,marking  ] GC(33) Concurrent Rebuild Remembered Sets and Scrub Regions
[2026-04-03T02:42:04.846+0600][18.665s][info][gc,marking  ] GC(33) Concurrent Rebuild Remembered Sets and Scrub Regions 45.354ms
[2026-04-03T02:42:04.847+0600][18.666s][info][gc,start    ] GC(33) Pause Cleanup
[2026-04-03T02:42:04.847+0600][18.666s][info][gc          ] GC(33) Pause Cleanup 155M->155M(295M) 0.506ms
[2026-04-03T02:42:04.847+0600][18.666s][info][gc,cpu      ] GC(33) User=0.00s Sys=0.00s Real=0.00s
[2026-04-03T02:42:04.847+0600][18.666s][info][gc,marking  ] GC(33) Concurrent Clear Claimed Marks
[2026-04-03T02:42:04.848+0600][18.667s][info][gc,marking  ] GC(33) Concurrent Clear Claimed Marks 0.322ms
[2026-04-03T02:42:04.848+0600][18.667s][info][gc,marking  ] GC(33) Concurrent Cleanup for Next Mark
[2026-04-03T02:42:04.848+0600][18.668s][info][gc,marking  ] GC(33) Concurrent Cleanup for Next Mark 0.727ms
[2026-04-03T02:42:04.849+0600][18.668s][info][gc          ] GC(33) Concurrent Mark Cycle 153.732ms
[2026-04-03T02:42:05.438+0600][19.257s][info][gc,start    ] GC(34) Pause Young (Prepare Mixed) (G1 Evacuation Pause)
[2026-04-03T02:42:05.439+0600][19.258s][info][gc,task     ] GC(34) Using 7 workers of 10 for evacuation
[2026-04-03T02:42:05.443+0600][19.262s][info][gc,phases   ] GC(34)   Pre Evacuate Collection Set: 0.45ms
[2026-04-03T02:42:05.443+0600][19.262s][info][gc,phases   ] GC(34)   Merge Heap Roots: 0.34ms
[2026-04-03T02:42:05.443+0600][19.262s][info][gc,phases   ] GC(34)   Evacuate Collection Set: 2.00ms
[2026-04-03T02:42:05.443+0600][19.262s][info][gc,phases   ] GC(34)   Post Evacuate Collection Set: 1.06ms
[2026-04-03T02:42:05.443+0600][19.262s][info][gc,phases   ] GC(34)   Other: 0.13ms
[2026-04-03T02:42:05.443+0600][19.262s][info][gc,heap     ] GC(34) Eden regions: 77->0(101)
[2026-04-03T02:42:05.443+0600][19.262s][info][gc,heap     ] GC(34) Survivor regions: 1->2(10)
[2026-04-03T02:42:05.443+0600][19.262s][info][gc,heap     ] GC(34) Old regions: 98->98
[2026-04-03T02:42:05.443+0600][19.262s][info][gc,heap     ] GC(34) Humongous regions: 54->40
[2026-04-03T02:42:05.443+0600][19.262s][info][gc,metaspace] GC(34) Metaspace: 120381K(121536K)->120381K(121536K) NonClass: 104903K(105536K)->104903K(105536K) Class: 15478K(16000K)->15478K(16000K)
[2026-04-03T02:42:05.443+0600][19.262s][info][gc          ] GC(34) Pause Young (Prepare Mixed) (G1 Evacuation Pause) 229M->139M(295M) 4.445ms
[2026-04-03T02:42:05.443+0600][19.262s][info][gc,cpu      ] GC(34) User=0.02s Sys=0.00s Real=0.01s
[2026-04-03T02:42:05.897+0600][19.716s][info][gc,start    ] GC(35) Pause Young (Mixed) (G1 Evacuation Pause)
[2026-04-03T02:42:05.897+0600][19.716s][info][gc,task     ] GC(35) Using 7 workers of 10 for evacuation
[2026-04-03T02:42:05.902+0600][19.721s][info][gc,phases   ] GC(35)   Pre Evacuate Collection Set: 0.42ms
[2026-04-03T02:42:05.902+0600][19.721s][info][gc,phases   ] GC(35)   Merge Heap Roots: 0.14ms
[2026-04-03T02:42:05.902+0600][19.721s][info][gc,phases   ] GC(35)   Evacuate Collection Set: 3.44ms
[2026-04-03T02:42:05.902+0600][19.721s][info][gc,phases   ] GC(35)   Post Evacuate Collection Set: 0.86ms
[2026-04-03T02:42:05.902+0600][19.721s][info][gc,phases   ] GC(35)   Other: 0.12ms
[2026-04-03T02:42:05.902+0600][19.721s][info][gc,heap     ] GC(35) Eden regions: 101->0(115)
[2026-04-03T02:42:05.902+0600][19.721s][info][gc,heap     ] GC(35) Survivor regions: 2->3(13)
[2026-04-03T02:42:05.902+0600][19.721s][info][gc,heap     ] GC(35) Old regions: 98->83
[2026-04-03T02:42:05.902+0600][19.721s][info][gc,heap     ] GC(35) Humongous regions: 58->40
[2026-04-03T02:42:05.902+0600][19.721s][info][gc,metaspace] GC(35) Metaspace: 120951K(122048K)->120951K(122048K) NonClass: 105413K(105984K)->105413K(105984K) Class: 15538K(16064K)->15538K(16064K)
[2026-04-03T02:42:05.902+0600][19.721s][info][gc          ] GC(35) Pause Young (Mixed) (G1 Evacuation Pause) 258M->124M(295M) 5.333ms
[2026-04-03T02:42:05.902+0600][19.721s][info][gc,cpu      ] GC(35) User=0.04s Sys=0.00s Real=0.01s
[2026-04-03T02:42:05.919+0600][19.738s][info][gc,start    ] GC(36) Pause Young (Concurrent Start) (G1 Humongous Allocation)
[2026-04-03T02:42:05.919+0600][19.738s][info][gc,task     ] GC(36) Using 7 workers of 10 for evacuation
[2026-04-03T02:42:05.923+0600][19.742s][info][gc,phases   ] GC(36)   Pre Evacuate Collection Set: 0.33ms
[2026-04-03T02:42:05.923+0600][19.743s][info][gc,phases   ] GC(36)   Merge Heap Roots: 0.11ms
[2026-04-03T02:42:05.924+0600][19.743s][info][gc,phases   ] GC(36)   Evacuate Collection Set: 2.57ms
[2026-04-03T02:42:05.924+0600][19.743s][info][gc,phases   ] GC(36)   Post Evacuate Collection Set: 0.68ms
[2026-04-03T02:42:05.924+0600][19.743s][info][gc,phases   ] GC(36)   Other: 0.34ms
[2026-04-03T02:42:05.924+0600][19.743s][info][gc,heap     ] GC(36) Eden regions: 3->0(123)
[2026-04-03T02:42:05.924+0600][19.743s][info][gc,heap     ] GC(36) Survivor regions: 3->2(15)
[2026-04-03T02:42:05.924+0600][19.743s][info][gc,heap     ] GC(36) Old regions: 83->83
[2026-04-03T02:42:05.924+0600][19.743s][info][gc,heap     ] GC(36) Humongous regions: 40->40
[2026-04-03T02:42:05.924+0600][19.743s][info][gc,metaspace] GC(36) Metaspace: 120959K(122048K)->120959K(122048K) NonClass: 105420K(105984K)->105420K(105984K) Class: 15538K(16064K)->15538K(16064K)
[2026-04-03T02:42:05.924+0600][19.743s][info][gc          ] GC(36) Pause Young (Concurrent Start) (G1 Humongous Allocation) 127M->124M(295M) 4.315ms
[2026-04-03T02:42:05.924+0600][19.743s][info][gc          ] GC(37) Concurrent Mark Cycle
[2026-04-03T02:42:05.924+0600][19.743s][info][gc,cpu      ] GC(36) User=0.03s Sys=0.00s Real=0.01s
[2026-04-03T02:42:05.924+0600][19.743s][info][gc,marking  ] GC(37) Concurrent Scan Root Regions
[2026-04-03T02:42:05.928+0600][19.747s][info][gc,marking  ] GC(37) Concurrent Scan Root Regions 4.109ms
[2026-04-03T02:42:05.928+0600][19.747s][info][gc,marking  ] GC(37) Concurrent Mark
[2026-04-03T02:42:05.928+0600][19.747s][info][gc,marking  ] GC(37) Concurrent Mark From Roots
[2026-04-03T02:42:05.928+0600][19.747s][info][gc,task     ] GC(37) Using 3 workers of 3 for marking
[2026-04-03T02:42:06.015+0600][19.834s][info][gc,marking  ] GC(37) Concurrent Mark From Roots 86.894ms
[2026-04-03T02:42:06.015+0600][19.834s][info][gc,marking  ] GC(37) Concurrent Preclean
[2026-04-03T02:42:06.016+0600][19.835s][info][gc,marking  ] GC(37) Concurrent Preclean 0.584ms
[2026-04-03T02:42:06.016+0600][19.835s][info][gc,start    ] GC(37) Pause Remark
[2026-04-03T02:42:06.023+0600][19.842s][info][gc          ] GC(37) Pause Remark 140M->140M(295M) 7.458ms
[2026-04-03T02:42:06.024+0600][19.843s][info][gc,cpu      ] GC(37) User=0.06s Sys=0.00s Real=0.01s
[2026-04-03T02:42:06.024+0600][19.843s][info][gc,marking  ] GC(37) Concurrent Mark 95.692ms
[2026-04-03T02:42:06.024+0600][19.843s][info][gc,marking  ] GC(37) Concurrent Rebuild Remembered Sets and Scrub Regions
[2026-04-03T02:42:06.060+0600][19.879s][info][gc,marking  ] GC(37) Concurrent Rebuild Remembered Sets and Scrub Regions 36.665ms
[2026-04-03T02:42:06.061+0600][19.880s][info][gc,start    ] GC(37) Pause Cleanup
[2026-04-03T02:42:06.061+0600][19.880s][info][gc          ] GC(37) Pause Cleanup 144M->144M(295M) 0.417ms
[2026-04-03T02:42:06.061+0600][19.880s][info][gc,cpu      ] GC(37) User=0.01s Sys=0.00s Real=0.00s
[2026-04-03T02:42:06.061+0600][19.880s][info][gc,marking  ] GC(37) Concurrent Clear Claimed Marks
[2026-04-03T02:42:06.061+0600][19.880s][info][gc,marking  ] GC(37) Concurrent Clear Claimed Marks 0.210ms
[2026-04-03T02:42:06.061+0600][19.880s][info][gc,marking  ] GC(37) Concurrent Cleanup for Next Mark
[2026-04-03T02:42:06.062+0600][19.881s][info][gc,marking  ] GC(37) Concurrent Cleanup for Next Mark 0.464ms
[2026-04-03T02:42:06.062+0600][19.881s][info][gc          ] GC(37) Concurrent Mark Cycle 138.267ms
[2026-04-03T02:42:06.448+0600][20.267s][info][gc,start    ] GC(38) Pause Young (Prepare Mixed) (G1 Evacuation Pause)
[2026-04-03T02:42:06.448+0600][20.267s][info][gc,task     ] GC(38) Using 7 workers of 10 for evacuation
[2026-04-03T02:42:06.453+0600][20.272s][info][gc,phases   ] GC(38)   Pre Evacuate Collection Set: 0.41ms
[2026-04-03T02:42:06.453+0600][20.272s][info][gc,phases   ] GC(38)   Merge Heap Roots: 0.22ms
[2026-04-03T02:42:06.453+0600][20.272s][info][gc,phases   ] GC(38)   Evacuate Collection Set: 2.91ms
[2026-04-03T02:42:06.453+0600][20.272s][info][gc,phases   ] GC(38)   Post Evacuate Collection Set: 0.84ms
[2026-04-03T02:42:06.453+0600][20.272s][info][gc,phases   ] GC(38)   Other: 0.12ms
[2026-04-03T02:42:06.453+0600][20.272s][info][gc,heap     ] GC(38) Eden regions: 123->0(127)
[2026-04-03T02:42:06.453+0600][20.272s][info][gc,heap     ] GC(38) Survivor regions: 2->4(16)
[2026-04-03T02:42:06.453+0600][20.272s][info][gc,heap     ] GC(38) Old regions: 83->83
[2026-04-03T02:42:06.453+0600][20.272s][info][gc,heap     ] GC(38) Humongous regions: 71->40
[2026-04-03T02:42:06.453+0600][20.272s][info][gc,metaspace] GC(38) Metaspace: 121413K(122560K)->121413K(122560K) NonClass: 105801K(106432K)->105801K(106432K) Class: 15611K(16128K)->15611K(16128K)
[2026-04-03T02:42:06.453+0600][20.272s][info][gc          ] GC(38) Pause Young (Prepare Mixed) (G1 Evacuation Pause) 278M->125M(295M) 4.871ms
[2026-04-03T02:42:06.453+0600][20.272s][info][gc,cpu      ] GC(38) User=0.03s Sys=0.00s Real=0.01s
[2026-04-03T02:42:06.610+0600][20.429s][info][gc,start    ] GC(39) Pause Full (System.gc())
[2026-04-03T02:42:06.610+0600][20.429s][info][gc,task     ] GC(39) Using 7 workers of 10 for full compaction
[2026-04-03T02:42:06.611+0600][20.430s][info][gc,phases,start] GC(39) Phase 1: Mark live objects
[2026-04-03T02:42:06.695+0600][20.514s][info][gc,phases      ] GC(39) Phase 1: Mark live objects 83.862ms
[2026-04-03T02:42:06.695+0600][20.514s][info][gc,phases,start] GC(39) Phase 2: Prepare compaction
[2026-04-03T02:42:06.701+0600][20.520s][info][gc,phases      ] GC(39) Phase 2: Prepare compaction 6.585ms
[2026-04-03T02:42:06.701+0600][20.520s][info][gc,phases,start] GC(39) Phase 3: Adjust pointers
[2026-04-03T02:42:06.719+0600][20.538s][info][gc,phases      ] GC(39) Phase 3: Adjust pointers 17.490ms
[2026-04-03T02:42:06.719+0600][20.538s][info][gc,phases,start] GC(39) Phase 4: Compact heap
[2026-04-03T02:42:06.730+0600][20.549s][info][gc,phases      ] GC(39) Phase 4: Compact heap 11.534ms
[2026-04-03T02:42:06.731+0600][20.550s][info][gc,phases,start] GC(39) Phase 5: Reset Metadata
[2026-04-03T02:42:06.733+0600][20.552s][info][gc,phases      ] GC(39) Phase 5: Reset Metadata 2.902ms
[2026-04-03T02:42:06.744+0600][20.563s][info][gc,heap        ] GC(39) Eden regions: 66->0(142)
[2026-04-03T02:42:06.744+0600][20.563s][info][gc,heap        ] GC(39) Survivor regions: 4->0(16)
[2026-04-03T02:42:06.744+0600][20.563s][info][gc,heap        ] GC(39) Old regions: 83->73
[2026-04-03T02:42:06.744+0600][20.563s][info][gc,heap        ] GC(39) Humongous regions: 53->8
[2026-04-03T02:42:06.744+0600][20.563s][info][gc,metaspace   ] GC(39) Metaspace: 121582K(122688K)->121572K(122688K) NonClass: 105958K(106560K)->105951K(106560K) Class: 15624K(16128K)->15621K(16128K)
[2026-04-03T02:42:06.744+0600][20.563s][info][gc             ] GC(39) Pause Full (System.gc()) 204M->77M(270M) 133.380ms
[2026-04-03T02:42:06.744+0600][20.563s][info][gc,cpu         ] GC(39) User=0.77s Sys=0.04s Real=0.13s
[2026-04-03T02:42:06.784+0600][20.603s][info][gc,start       ] GC(40) Pause Young (Concurrent Start) (G1 Humongous Allocation)
[2026-04-03T02:42:06.784+0600][20.603s][info][gc,task        ] GC(40) Using 6 workers of 10 for evacuation
[2026-04-03T02:42:06.788+0600][20.607s][info][gc,phases      ] GC(40)   Pre Evacuate Collection Set: 0.48ms
[2026-04-03T02:42:06.788+0600][20.607s][info][gc,phases      ] GC(40)   Merge Heap Roots: 0.19ms
[2026-04-03T02:42:06.788+0600][20.607s][info][gc,phases      ] GC(40)   Evacuate Collection Set: 2.35ms
[2026-04-03T02:42:06.788+0600][20.607s][info][gc,phases      ] GC(40)   Post Evacuate Collection Set: 0.65ms
[2026-04-03T02:42:06.788+0600][20.607s][info][gc,phases      ] GC(40)   Other: 0.46ms
[2026-04-03T02:42:06.788+0600][20.607s][info][gc,heap        ] GC(40) Eden regions: 5->0(147)
[2026-04-03T02:42:06.788+0600][20.607s][info][gc,heap        ] GC(40) Survivor regions: 0->1(18)
[2026-04-03T02:42:06.788+0600][20.607s][info][gc,heap        ] GC(40) Old regions: 73->73
[2026-04-03T02:42:06.788+0600][20.607s][info][gc,heap        ] GC(40) Humongous regions: 8->8
[2026-04-03T02:42:06.788+0600][20.607s][info][gc,metaspace   ] GC(40) Metaspace: 121649K(122752K)->121649K(122752K) NonClass: 106021K(106624K)->106021K(106624K) Class: 15627K(16128K)->15627K(16128K)
[2026-04-03T02:42:06.788+0600][20.607s][info][gc             ] GC(40) Pause Young (Concurrent Start) (G1 Humongous Allocation) 82M->78M(270M) 4.530ms
[2026-04-03T02:42:06.788+0600][20.607s][info][gc             ] GC(41) Concurrent Mark Cycle
[2026-04-03T02:42:06.788+0600][20.607s][info][gc,cpu         ] GC(40) User=0.01s Sys=0.00s Real=0.00s
[2026-04-03T02:42:06.788+0600][20.607s][info][gc,marking     ] GC(41) Concurrent Scan Root Regions
[2026-04-03T02:42:06.791+0600][20.610s][info][gc,marking     ] GC(41) Concurrent Scan Root Regions 2.355ms
[2026-04-03T02:42:06.791+0600][20.610s][info][gc,marking     ] GC(41) Concurrent Mark
[2026-04-03T02:42:06.791+0600][20.610s][info][gc,marking     ] GC(41) Concurrent Mark From Roots
[2026-04-03T02:42:06.791+0600][20.610s][info][gc,task        ] GC(41) Using 3 workers of 3 for marking
[2026-04-03T02:42:06.886+0600][20.705s][info][gc,marking     ] GC(41) Concurrent Mark From Roots 95.545ms
[2026-04-03T02:42:06.886+0600][20.705s][info][gc,marking     ] GC(41) Concurrent Preclean
[2026-04-03T02:42:06.887+0600][20.706s][info][gc,marking     ] GC(41) Concurrent Preclean 0.236ms
[2026-04-03T02:42:06.887+0600][20.706s][info][gc,start       ] GC(41) Pause Remark
[2026-04-03T02:42:06.895+0600][20.715s][info][gc             ] GC(41) Pause Remark 87M->87M(270M) 8.572ms
[2026-04-03T02:42:06.896+0600][20.715s][info][gc,cpu         ] GC(41) User=0.05s Sys=0.00s Real=0.01s
[2026-04-03T02:42:06.896+0600][20.715s][info][gc,marking     ] GC(41) Concurrent Mark 105.077ms
[2026-04-03T02:42:06.896+0600][20.715s][info][gc,marking     ] GC(41) Concurrent Rebuild Remembered Sets and Scrub Regions
[2026-04-03T02:42:06.926+0600][20.745s][info][gc,marking     ] GC(41) Concurrent Rebuild Remembered Sets and Scrub Regions 29.685ms
[2026-04-03T02:42:06.926+0600][20.745s][info][gc,start       ] GC(41) Pause Cleanup
[2026-04-03T02:42:06.926+0600][20.745s][info][gc             ] GC(41) Pause Cleanup 87M->87M(270M) 0.475ms
[2026-04-03T02:42:06.926+0600][20.746s][info][gc,cpu         ] GC(41) User=0.00s Sys=0.00s Real=0.00s
[2026-04-03T02:42:06.927+0600][20.746s][info][gc,marking     ] GC(41) Concurrent Clear Claimed Marks
[2026-04-03T02:42:06.927+0600][20.746s][info][gc,marking     ] GC(41) Concurrent Clear Claimed Marks 0.287ms
[2026-04-03T02:42:06.927+0600][20.746s][info][gc,marking     ] GC(41) Concurrent Cleanup for Next Mark
[2026-04-03T02:42:06.927+0600][20.746s][info][gc,marking     ] GC(41) Concurrent Cleanup for Next Mark 0.425ms
[2026-04-03T02:42:06.927+0600][20.746s][info][gc             ] GC(41) Concurrent Mark Cycle 139.151ms
[2026-04-03T02:42:07.494+0600][21.313s][info][gc,start       ] GC(42) Pause Young (Prepare Mixed) (G1 Evacuation Pause)
[2026-04-03T02:42:07.494+0600][21.313s][info][gc,task        ] GC(42) Using 8 workers of 10 for evacuation
[2026-04-03T02:42:07.500+0600][21.319s][info][gc,phases      ] GC(42)   Pre Evacuate Collection Set: 0.37ms
[2026-04-03T02:42:07.500+0600][21.319s][info][gc,phases      ] GC(42)   Merge Heap Roots: 0.14ms
[2026-04-03T02:42:07.500+0600][21.319s][info][gc,phases      ] GC(42)   Evacuate Collection Set: 4.27ms
[2026-04-03T02:42:07.500+0600][21.319s][info][gc,phases      ] GC(42)   Post Evacuate Collection Set: 0.75ms
[2026-04-03T02:42:07.500+0600][21.319s][info][gc,phases      ] GC(42)   Other: 0.13ms
[2026-04-03T02:42:07.500+0600][21.319s][info][gc,heap        ] GC(42) Eden regions: 61->0(201)
[2026-04-03T02:42:07.500+0600][21.319s][info][gc,heap        ] GC(42) Survivor regions: 1->5(19)
[2026-04-03T02:42:07.500+0600][21.319s][info][gc,heap        ] GC(42) Old regions: 73->73
[2026-04-03T02:42:07.500+0600][21.319s][info][gc,heap        ] GC(42) Humongous regions: 220->28
[2026-04-03T02:42:07.500+0600][21.319s][info][gc,metaspace   ] GC(42) Metaspace: 122772K(124032K)->122772K(124032K) NonClass: 106964K(107648K)->106964K(107648K) Class: 15807K(16384K)->15807K(16384K)
[2026-04-03T02:42:07.500+0600][21.319s][info][gc             ] GC(42) Pause Young (Prepare Mixed) (G1 Evacuation Pause) 351M->102M(360M) 6.043ms
[2026-04-03T02:42:07.500+0600][21.319s][info][gc,cpu         ] GC(42) User=0.03s Sys=0.01s Real=0.01s
[2026-04-03T02:42:07.907+0600][21.726s][info][gc,start       ] GC(43) Pause Young (Mixed) (G1 Evacuation Pause)
[2026-04-03T02:42:07.907+0600][21.726s][info][gc,task        ] GC(43) Using 10 workers of 10 for evacuation
[2026-04-03T02:42:07.912+0600][21.731s][info][gc,phases      ] GC(43)   Pre Evacuate Collection Set: 0.29ms
[2026-04-03T02:42:07.912+0600][21.731s][info][gc,phases      ] GC(43)   Merge Heap Roots: 0.16ms
[2026-04-03T02:42:07.912+0600][21.731s][info][gc,phases      ] GC(43)   Evacuate Collection Set: 3.46ms
[2026-04-03T02:42:07.912+0600][21.731s][info][gc,phases      ] GC(43)   Post Evacuate Collection Set: 0.96ms
[2026-04-03T02:42:07.912+0600][21.731s][info][gc,phases      ] GC(43)   Other: 0.10ms
[2026-04-03T02:42:07.912+0600][21.731s][info][gc,heap        ] GC(43) Eden regions: 60->0(268)
[2026-04-03T02:42:07.912+0600][21.731s][info][gc,heap        ] GC(43) Survivor regions: 5->5(26)
[2026-04-03T02:42:07.912+0600][21.731s][info][gc,heap        ] GC(43) Old regions: 73->73
[2026-04-03T02:42:07.912+0600][21.731s][info][gc,heap        ] GC(43) Humongous regions: 312->28
[2026-04-03T02:42:07.912+0600][21.731s][info][gc,metaspace   ] GC(43) Metaspace: 122972K(124224K)->122972K(124224K) NonClass: 107135K(107840K)->107135K(107840K) Class: 15836K(16384K)->15836K(16384K)
[2026-04-03T02:42:07.912+0600][21.731s][info][gc             ] GC(43) Pause Young (Mixed) (G1 Evacuation Pause) 446M->102M(456M) 5.286ms
[2026-04-03T02:42:07.912+0600][21.731s][info][gc,cpu         ] GC(43) User=0.02s Sys=0.02s Real=0.01s
[2026-04-03T02:42:07.913+0600][21.732s][info][gc,start       ] GC(44) Pause Young (Concurrent Start) (G1 Humongous Allocation)
[2026-04-03T02:42:07.914+0600][21.733s][info][gc,task        ] GC(44) Using 10 workers of 10 for evacuation
[2026-04-03T02:42:07.916+0600][21.735s][info][gc,phases      ] GC(44)   Pre Evacuate Collection Set: 0.35ms
[2026-04-03T02:42:07.917+0600][21.736s][info][gc,phases      ] GC(44)   Merge Heap Roots: 0.09ms
[2026-04-03T02:42:07.917+0600][21.736s][info][gc,phases      ] GC(44)   Evacuate Collection Set: 1.94ms
[2026-04-03T02:42:07.917+0600][21.736s][info][gc,phases      ] GC(44)   Post Evacuate Collection Set: 0.47ms
[2026-04-03T02:42:07.917+0600][21.736s][info][gc,phases      ] GC(44)   Other: 0.10ms
[2026-04-03T02:42:07.917+0600][21.736s][info][gc,heap        ] GC(44) Eden regions: 3->0(222)
[2026-04-03T02:42:07.917+0600][21.736s][info][gc,heap        ] GC(44) Survivor regions: 5->6(35)
[2026-04-03T02:42:07.917+0600][21.736s][info][gc,heap        ] GC(44) Old regions: 73->73
[2026-04-03T02:42:07.917+0600][21.736s][info][gc,heap        ] GC(44) Humongous regions: 28->18
[2026-04-03T02:42:07.917+0600][21.736s][info][gc,metaspace   ] GC(44) Metaspace: 122972K(124224K)->122972K(124224K) NonClass: 107135K(107840K)->107135K(107840K) Class: 15836K(16384K)->15836K(16384K)
[2026-04-03T02:42:07.917+0600][21.736s][info][gc             ] GC(44) Pause Young (Concurrent Start) (G1 Humongous Allocation) 104M->92M(456M) 3.156ms
[2026-04-03T02:42:07.917+0600][21.736s][info][gc             ] GC(45) Concurrent Mark Cycle
[2026-04-03T02:42:07.917+0600][21.736s][info][gc,marking     ] GC(45) Concurrent Scan Root Regions
[2026-04-03T02:42:07.917+0600][21.736s][info][gc,cpu         ] GC(44) User=0.02s Sys=0.00s Real=0.00s
[2026-04-03T02:42:07.919+0600][21.738s][info][gc,marking     ] GC(45) Concurrent Scan Root Regions 2.624ms
[2026-04-03T02:42:07.919+0600][21.738s][info][gc,marking     ] GC(45) Concurrent Mark
[2026-04-03T02:42:07.919+0600][21.738s][info][gc,marking     ] GC(45) Concurrent Mark From Roots
[2026-04-03T02:42:07.919+0600][21.739s][info][gc,task        ] GC(45) Using 3 workers of 3 for marking
[2026-04-03T02:42:08.022+0600][21.841s][info][gc,marking     ] GC(45) Concurrent Mark From Roots 102.526ms
[2026-04-03T02:42:08.022+0600][21.841s][info][gc,marking     ] GC(45) Concurrent Preclean
[2026-04-03T02:42:08.023+0600][21.842s][info][gc,marking     ] GC(45) Concurrent Preclean 0.501ms
[2026-04-03T02:42:08.023+0600][21.842s][info][gc,start       ] GC(45) Pause Remark
[2026-04-03T02:42:08.031+0600][21.850s][info][gc             ] GC(45) Pause Remark 338M->338M(534M) 8.260ms
[2026-04-03T02:42:08.031+0600][21.850s][info][gc,cpu         ] GC(45) User=0.06s Sys=0.00s Real=0.01s
[2026-04-03T02:42:08.034+0600][21.853s][info][gc,marking     ] GC(45) Concurrent Mark 114.817ms
[2026-04-03T02:42:08.034+0600][21.853s][info][gc,marking     ] GC(45) Concurrent Rebuild Remembered Sets and Scrub Regions
[2026-04-03T02:42:08.069+0600][21.888s][info][gc,marking     ] GC(45) Concurrent Rebuild Remembered Sets and Scrub Regions 34.252ms
[2026-04-03T02:42:08.069+0600][21.888s][info][gc,start       ] GC(45) Pause Cleanup
[2026-04-03T02:42:08.070+0600][21.889s][info][gc             ] GC(45) Pause Cleanup 344M->344M(534M) 0.251ms
[2026-04-03T02:42:08.070+0600][21.889s][info][gc,cpu         ] GC(45) User=0.00s Sys=0.00s Real=0.00s
[2026-04-03T02:42:08.070+0600][21.889s][info][gc,marking     ] GC(45) Concurrent Clear Claimed Marks
[2026-04-03T02:42:08.070+0600][21.889s][info][gc,marking     ] GC(45) Concurrent Clear Claimed Marks 0.274ms
[2026-04-03T02:42:08.070+0600][21.889s][info][gc,marking     ] GC(45) Concurrent Cleanup for Next Mark
[2026-04-03T02:42:08.074+0600][21.893s][info][gc,marking     ] GC(45) Concurrent Cleanup for Next Mark 3.928ms
[2026-04-03T02:42:08.074+0600][21.893s][info][gc             ] GC(45) Concurrent Mark Cycle 157.327ms
[2026-04-03T02:42:09.413+0600][23.232s][info][gc,start       ] GC(46) Pause Young (Prepare Mixed) (G1 Evacuation Pause)
[2026-04-03T02:42:09.413+0600][23.232s][info][gc,task        ] GC(46) Using 10 workers of 10 for evacuation
[2026-04-03T02:42:09.418+0600][23.237s][info][gc,phases      ] GC(46)   Pre Evacuate Collection Set: 0.32ms
[2026-04-03T02:42:09.419+0600][23.238s][info][gc,phases      ] GC(46)   Merge Heap Roots: 0.17ms
[2026-04-03T02:42:09.419+0600][23.238s][info][gc,phases      ] GC(46)   Evacuate Collection Set: 3.10ms
[2026-04-03T02:42:09.419+0600][23.238s][info][gc,phases      ] GC(46)   Post Evacuate Collection Set: 1.87ms
[2026-04-03T02:42:09.419+0600][23.238s][info][gc,phases      ] GC(46)   Other: 0.09ms
[2026-04-03T02:42:09.419+0600][23.238s][info][gc,heap        ] GC(46) Eden regions: 132->0(390)
[2026-04-03T02:42:09.419+0600][23.238s][info][gc,heap        ] GC(46) Survivor regions: 6->5(29)
[2026-04-03T02:42:09.419+0600][23.238s][info][gc,heap        ] GC(46) Old regions: 73->73
[2026-04-03T02:42:09.419+0600][23.238s][info][gc,heap        ] GC(46) Humongous regions: 336->8
[2026-04-03T02:42:09.419+0600][23.238s][info][gc,metaspace   ] GC(46) Metaspace: 126790K(128256K)->126790K(128256K) NonClass: 110504K(111296K)->110504K(111296K) Class: 16285K(16960K)->16285K(16960K)
[2026-04-03T02:42:09.419+0600][23.238s][info][gc             ] GC(46) Pause Young (Prepare Mixed) (G1 Evacuation Pause) 542M->82M(668M) 5.794ms
[2026-04-03T02:42:09.419+0600][23.238s][info][gc,cpu         ] GC(46) User=0.02s Sys=0.01s Real=0.00s
[2026-04-03T02:42:10.737+0600][24.556s][info][gc,start       ] GC(47) Pause Young (Mixed) (G1 Evacuation Pause)
[2026-04-03T02:42:10.737+0600][24.556s][info][gc,task        ] GC(47) Using 10 workers of 10 for evacuation
[2026-04-03T02:42:10.744+0600][24.563s][info][gc,phases      ] GC(47)   Pre Evacuate Collection Set: 0.51ms
[2026-04-03T02:42:10.744+0600][24.563s][info][gc,phases      ] GC(47)   Merge Heap Roots: 0.28ms
[2026-04-03T02:42:10.744+0600][24.563s][info][gc,phases      ] GC(47)   Evacuate Collection Set: 4.71ms
[2026-04-03T02:42:10.744+0600][24.563s][info][gc,phases      ] GC(47)   Post Evacuate Collection Set: 1.27ms
[2026-04-03T02:42:10.744+0600][24.563s][info][gc,phases      ] GC(47)   Other: 0.26ms
[2026-04-03T02:42:10.744+0600][24.563s][info][gc,heap        ] GC(47) Eden regions: 390->0(399)
[2026-04-03T02:42:10.744+0600][24.563s][info][gc,heap        ] GC(47) Survivor regions: 5->7(50)
[2026-04-03T02:42:10.744+0600][24.563s][info][gc,heap        ] GC(47) Old regions: 73->72
[2026-04-03T02:42:10.744+0600][24.563s][info][gc,heap        ] GC(47) Humongous regions: 202->8
[2026-04-03T02:42:10.744+0600][24.563s][info][gc,metaspace   ] GC(47) Metaspace: 127572K(129024K)->127572K(129024K) NonClass: 111265K(112064K)->111265K(112064K) Class: 16306K(16960K)->16306K(16960K)
[2026-04-03T02:42:10.744+0600][24.563s][info][gc             ] GC(47) Pause Young (Mixed) (G1 Evacuation Pause) 666M->84M(677M) 7.591ms
[2026-04-03T02:42:10.744+0600][24.563s][info][gc,cpu         ] GC(47) User=0.05s Sys=0.01s Real=0.01s
[2026-04-03T02:42:10.851+0600][24.670s][info][gc,start       ] GC(48) Pause Young (Concurrent Start) (G1 Humongous Allocation)
[2026-04-03T02:42:10.851+0600][24.670s][info][gc,task        ] GC(48) Using 10 workers of 10 for evacuation
[2026-04-03T02:42:10.857+0600][24.676s][info][gc,phases      ] GC(48)   Pre Evacuate Collection Set: 0.51ms
[2026-04-03T02:42:10.857+0600][24.676s][info][gc,phases      ] GC(48)   Merge Heap Roots: 0.17ms
[2026-04-03T02:42:10.857+0600][24.676s][info][gc,phases      ] GC(48)   Evacuate Collection Set: 4.73ms
[2026-04-03T02:42:10.857+0600][24.676s][info][gc,phases      ] GC(48)   Post Evacuate Collection Set: 0.73ms
[2026-04-03T02:42:10.857+0600][24.676s][info][gc,phases      ] GC(48)   Other: 0.16ms
[2026-04-03T02:42:10.857+0600][24.676s][info][gc,heap        ] GC(48) Eden regions: 61->0(399)
[2026-04-03T02:42:10.857+0600][24.676s][info][gc,heap        ] GC(48) Survivor regions: 7->7(51)
[2026-04-03T02:42:10.857+0600][24.676s][info][gc,heap        ] GC(48) Old regions: 72->72
[2026-04-03T02:42:10.857+0600][24.676s][info][gc,heap        ] GC(48) Humongous regions: 35->8
[2026-04-03T02:42:10.857+0600][24.676s][info][gc,metaspace   ] GC(48) Metaspace: 127619K(129088K)->127619K(129088K) NonClass: 111309K(112128K)->111309K(112128K) Class: 16310K(16960K)->16310K(16960K)
[2026-04-03T02:42:10.857+0600][24.676s][info][gc             ] GC(48) Pause Young (Concurrent Start) (G1 Humongous Allocation) 171M->83M(677M) 6.718ms
[2026-04-03T02:42:10.857+0600][24.676s][info][gc             ] GC(49) Concurrent Undo Cycle
[2026-04-03T02:42:10.858+0600][24.677s][info][gc,marking     ] GC(49) Concurrent Clear Claimed Marks
[2026-04-03T02:42:10.858+0600][24.677s][info][gc,cpu         ] GC(48) User=0.05s Sys=0.00s Real=0.00s
[2026-04-03T02:42:10.858+0600][24.677s][info][gc,marking     ] GC(49) Concurrent Clear Claimed Marks 0.332ms
[2026-04-03T02:42:10.858+0600][24.677s][info][gc,marking     ] GC(49) Concurrent Cleanup for Next Mark
[2026-04-03T02:42:10.858+0600][24.677s][info][gc,marking     ] GC(49) Concurrent Cleanup for Next Mark 0.320ms
[2026-04-03T02:42:10.858+0600][24.677s][info][gc             ] GC(49) Concurrent Undo Cycle 0.871ms
[2026-04-03T02:42:10.923+0600][24.742s][info][gc,start       ] GC(50) Pause Young (Concurrent Start) (G1 Humongous Allocation)
[2026-04-03T02:42:10.923+0600][24.742s][info][gc,task        ] GC(50) Using 10 workers of 10 for evacuation
[2026-04-03T02:42:10.928+0600][24.747s][info][gc,phases      ] GC(50)   Pre Evacuate Collection Set: 0.67ms
[2026-04-03T02:42:10.928+0600][24.747s][info][gc,phases      ] GC(50)   Merge Heap Roots: 0.14ms
[2026-04-03T02:42:10.928+0600][24.747s][info][gc,phases      ] GC(50)   Evacuate Collection Set: 3.84ms
[2026-04-03T02:42:10.928+0600][24.747s][info][gc,phases      ] GC(50)   Post Evacuate Collection Set: 0.69ms
[2026-04-03T02:42:10.928+0600][24.747s][info][gc,phases      ] GC(50)   Other: 0.17ms
[2026-04-03T02:42:10.928+0600][24.747s][info][gc,heap        ] GC(50) Eden regions: 35->0(399)
[2026-04-03T02:42:10.928+0600][24.747s][info][gc,heap        ] GC(50) Survivor regions: 7->7(51)
[2026-04-03T02:42:10.928+0600][24.747s][info][gc,heap        ] GC(50) Old regions: 72->72
[2026-04-03T02:42:10.928+0600][24.747s][info][gc,heap        ] GC(50) Humongous regions: 29->8
[2026-04-03T02:42:10.928+0600][24.747s][info][gc,metaspace   ] GC(50) Metaspace: 127686K(129088K)->127686K(129088K) NonClass: 111374K(112128K)->111374K(112128K) Class: 16311K(16960K)->16311K(16960K)
[2026-04-03T02:42:10.928+0600][24.747s][info][gc             ] GC(50) Pause Young (Concurrent Start) (G1 Humongous Allocation) 139M->84M(677M) 5.833ms
[2026-04-03T02:42:10.928+0600][24.747s][info][gc             ] GC(51) Concurrent Undo Cycle
[2026-04-03T02:42:10.928+0600][24.748s][info][gc,cpu         ] GC(50) User=0.05s Sys=0.01s Real=0.00s
[2026-04-03T02:42:10.929+0600][24.748s][info][gc,marking     ] GC(51) Concurrent Clear Claimed Marks
[2026-04-03T02:42:10.929+0600][24.748s][info][gc,marking     ] GC(51) Concurrent Clear Claimed Marks 0.336ms
[2026-04-03T02:42:10.929+0600][24.748s][info][gc,marking     ] GC(51) Concurrent Cleanup for Next Mark
[2026-04-03T02:42:10.929+0600][24.748s][info][gc,marking     ] GC(51) Concurrent Cleanup for Next Mark 0.272ms
[2026-04-03T02:42:10.929+0600][24.748s][info][gc             ] GC(51) Concurrent Undo Cycle 0.801ms
[2026-04-03T02:42:10.930+0600][24.749s][info][gc,start       ] GC(52) Pause Young (Concurrent Start) (G1 Humongous Allocation)
[2026-04-03T02:42:10.930+0600][24.749s][info][gc,task        ] GC(52) Using 10 workers of 10 for evacuation
[2026-04-03T02:42:10.935+0600][24.754s][info][gc,phases      ] GC(52)   Pre Evacuate Collection Set: 0.43ms
[2026-04-03T02:42:10.935+0600][24.754s][info][gc,phases      ] GC(52)   Merge Heap Roots: 0.15ms
[2026-04-03T02:42:10.935+0600][24.754s][info][gc,phases      ] GC(52)   Evacuate Collection Set: 3.56ms
[2026-04-03T02:42:10.935+0600][24.754s][info][gc,phases      ] GC(52)   Post Evacuate Collection Set: 0.84ms
[2026-04-03T02:42:10.935+0600][24.754s][info][gc,phases      ] GC(52)   Other: 0.16ms
[2026-04-03T02:42:10.935+0600][24.754s][info][gc,heap        ] GC(52) Eden regions: 0->0(399)
[2026-04-03T02:42:10.935+0600][24.754s][info][gc,heap        ] GC(52) Survivor regions: 7->7(51)
[2026-04-03T02:42:10.935+0600][24.754s][info][gc,heap        ] GC(52) Old regions: 72->72
[2026-04-03T02:42:10.935+0600][24.754s][info][gc,heap        ] GC(52) Humongous regions: 10->10
[2026-04-03T02:42:10.935+0600][24.754s][info][gc,metaspace   ] GC(52) Metaspace: 127686K(129088K)->127686K(129088K) NonClass: 111374K(112128K)->111374K(112128K) Class: 16311K(16960K)->16311K(16960K)
[2026-04-03T02:42:10.936+0600][24.755s][info][gc             ] GC(52) Pause Young (Concurrent Start) (G1 Humongous Allocation) 86M->86M(677M) 5.420ms
[2026-04-03T02:42:10.936+0600][24.755s][info][gc             ] GC(53) Concurrent Undo Cycle
[2026-04-03T02:42:10.936+0600][24.755s][info][gc,cpu         ] GC(52) User=0.03s Sys=0.00s Real=0.00s
[2026-04-03T02:42:10.936+0600][24.755s][info][gc,marking     ] GC(53) Concurrent Clear Claimed Marks
[2026-04-03T02:42:10.936+0600][24.755s][info][gc,marking     ] GC(53) Concurrent Clear Claimed Marks 0.321ms
[2026-04-03T02:42:10.936+0600][24.755s][info][gc,marking     ] GC(53) Concurrent Cleanup for Next Mark
[2026-04-03T02:42:10.936+0600][24.755s][info][gc,marking     ] GC(53) Concurrent Cleanup for Next Mark 0.413ms
[2026-04-03T02:42:10.936+0600][24.756s][info][gc             ] GC(53) Concurrent Undo Cycle 0.931ms
[2026-04-03T02:42:10.938+0600][24.757s][info][gc,start       ] GC(54) Pause Young (Concurrent Start) (G1 Humongous Allocation)
[2026-04-03T02:42:10.938+0600][24.757s][info][gc,task        ] GC(54) Using 10 workers of 10 for evacuation
[2026-04-03T02:42:10.944+0600][24.763s][info][gc,phases      ] GC(54)   Pre Evacuate Collection Set: 0.47ms
[2026-04-03T02:42:10.944+0600][24.763s][info][gc,phases      ] GC(54)   Merge Heap Roots: 0.15ms
[2026-04-03T02:42:10.944+0600][24.763s][info][gc,phases      ] GC(54)   Evacuate Collection Set: 4.21ms
[2026-04-03T02:42:10.944+0600][24.763s][info][gc,phases      ] GC(54)   Post Evacuate Collection Set: 1.04ms
[2026-04-03T02:42:10.944+0600][24.763s][info][gc,phases      ] GC(54)   Other: 0.16ms
[2026-04-03T02:42:10.944+0600][24.763s][info][gc,heap        ] GC(54) Eden regions: 4->0(399)
[2026-04-03T02:42:10.944+0600][24.763s][info][gc,heap        ] GC(54) Survivor regions: 7->7(51)
[2026-04-03T02:42:10.944+0600][24.763s][info][gc,heap        ] GC(54) Old regions: 72->72
[2026-04-03T02:42:10.944+0600][24.763s][info][gc,heap        ] GC(54) Humongous regions: 12->8
[2026-04-03T02:42:10.944+0600][24.763s][info][gc,metaspace   ] GC(54) Metaspace: 127689K(129088K)->127689K(129088K) NonClass: 111377K(112128K)->111377K(112128K) Class: 16311K(16960K)->16311K(16960K)
[2026-04-03T02:42:10.944+0600][24.763s][info][gc             ] GC(54) Pause Young (Concurrent Start) (G1 Humongous Allocation) 91M->83M(677M) 6.380ms
[2026-04-03T02:42:10.945+0600][24.764s][info][gc,cpu         ] GC(54) User=0.04s Sys=0.00s Real=0.01s
[2026-04-03T02:42:10.945+0600][24.764s][info][gc             ] GC(55) Concurrent Mark Cycle
[2026-04-03T02:42:10.945+0600][24.764s][info][gc,marking     ] GC(55) Concurrent Scan Root Regions
[2026-04-03T02:42:10.949+0600][24.768s][info][gc,marking     ] GC(55) Concurrent Scan Root Regions 3.867ms
[2026-04-03T02:42:10.949+0600][24.768s][info][gc,marking     ] GC(55) Concurrent Mark
[2026-04-03T02:42:10.949+0600][24.768s][info][gc,marking     ] GC(55) Concurrent Mark From Roots
[2026-04-03T02:42:10.949+0600][24.768s][info][gc,task        ] GC(55) Using 3 workers of 3 for marking
[2026-04-03T02:42:11.043+0600][24.862s][info][gc,marking     ] GC(55) Concurrent Mark From Roots 94.413ms
[2026-04-03T02:42:11.043+0600][24.862s][info][gc,marking     ] GC(55) Concurrent Preclean
[2026-04-03T02:42:11.044+0600][24.863s][info][gc,marking     ] GC(55) Concurrent Preclean 0.317ms
[2026-04-03T02:42:11.044+0600][24.863s][info][gc,start       ] GC(55) Pause Remark
[2026-04-03T02:42:11.053+0600][24.872s][info][gc             ] GC(55) Pause Remark 139M->139M(380M) 8.803ms
[2026-04-03T02:42:11.053+0600][24.872s][info][gc,cpu         ] GC(55) User=0.07s Sys=0.00s Real=0.01s
[2026-04-03T02:42:11.053+0600][24.872s][info][gc,marking     ] GC(55) Concurrent Mark 104.461ms
[2026-04-03T02:42:11.053+0600][24.872s][info][gc,marking     ] GC(55) Concurrent Rebuild Remembered Sets and Scrub Regions
[2026-04-03T02:42:11.082+0600][24.901s][info][gc,marking     ] GC(55) Concurrent Rebuild Remembered Sets and Scrub Regions 28.403ms
[2026-04-03T02:42:11.082+0600][24.901s][info][gc,start       ] GC(55) Pause Cleanup
[2026-04-03T02:42:11.083+0600][24.902s][info][gc             ] GC(55) Pause Cleanup 145M->145M(380M) 0.333ms
[2026-04-03T02:42:11.083+0600][24.902s][info][gc,cpu         ] GC(55) User=0.01s Sys=0.00s Real=0.00s
[2026-04-03T02:42:11.083+0600][24.902s][info][gc,marking     ] GC(55) Concurrent Clear Claimed Marks
[2026-04-03T02:42:11.083+0600][24.902s][info][gc,marking     ] GC(55) Concurrent Clear Claimed Marks 0.401ms
[2026-04-03T02:42:11.083+0600][24.902s][info][gc,marking     ] GC(55) Concurrent Cleanup for Next Mark
[2026-04-03T02:42:11.085+0600][24.904s][info][gc,marking     ] GC(55) Concurrent Cleanup for Next Mark 1.746ms
[2026-04-03T02:42:11.085+0600][24.904s][info][gc             ] GC(55) Concurrent Mark Cycle 140.527ms
[2026-04-03T02:42:11.408+0600][25.227s][info][gc,start       ] GC(56) Pause Young (Prepare Mixed) (G1 Evacuation Pause)
[2026-04-03T02:42:11.408+0600][25.227s][info][gc,task        ] GC(56) Using 9 workers of 10 for evacuation
[2026-04-03T02:42:11.415+0600][25.234s][info][gc,phases      ] GC(56)   Pre Evacuate Collection Set: 0.50ms
[2026-04-03T02:42:11.415+0600][25.234s][info][gc,phases      ] GC(56)   Merge Heap Roots: 0.24ms
[2026-04-03T02:42:11.415+0600][25.234s][info][gc,phases      ] GC(56)   Evacuate Collection Set: 4.69ms
[2026-04-03T02:42:11.415+0600][25.234s][info][gc,phases      ] GC(56)   Post Evacuate Collection Set: 1.25ms
[2026-04-03T02:42:11.415+0600][25.234s][info][gc,phases      ] GC(56)   Other: 0.12ms
[2026-04-03T02:42:11.415+0600][25.234s][info][gc,heap        ] GC(56) Eden regions: 175->0(236)
[2026-04-03T02:42:11.415+0600][25.234s][info][gc,heap        ] GC(56) Survivor regions: 7->8(29)
[2026-04-03T02:42:11.415+0600][25.234s][info][gc,heap        ] GC(56) Old regions: 72->72
[2026-04-03T02:42:11.415+0600][25.234s][info][gc,heap        ] GC(56) Humongous regions: 145->8
[2026-04-03T02:42:11.415+0600][25.234s][info][gc,metaspace   ] GC(56) Metaspace: 127990K(129536K)->127990K(129536K) NonClass: 111675K(112512K)->111675K(112512K) Class: 16315K(17024K)->16315K(17024K)
[2026-04-03T02:42:11.415+0600][25.234s][info][gc             ] GC(56) Pause Young (Prepare Mixed) (G1 Evacuation Pause) 395M->84M(407M) 7.116ms
[2026-04-03T02:42:11.415+0600][25.234s][info][gc,cpu         ] GC(56) User=0.04s Sys=0.02s Real=0.01s
[2026-04-03T02:42:12.021+0600][25.840s][info][gc,start       ] GC(57) Pause Young (Mixed) (G1 Evacuation Pause)
[2026-04-03T02:42:12.022+0600][25.841s][info][gc,task        ] GC(57) Using 9 workers of 10 for evacuation
[2026-04-03T02:42:12.026+0600][25.845s][info][gc,phases      ] GC(57)   Pre Evacuate Collection Set: 0.39ms
[2026-04-03T02:42:12.026+0600][25.845s][info][gc,phases      ] GC(57)   Merge Heap Roots: 0.16ms
[2026-04-03T02:42:12.026+0600][25.845s][info][gc,phases      ] GC(57)   Evacuate Collection Set: 2.87ms
[2026-04-03T02:42:12.026+0600][25.845s][info][gc,phases      ] GC(57)   Post Evacuate Collection Set: 0.80ms
[2026-04-03T02:42:12.026+0600][25.845s][info][gc,phases      ] GC(57)   Other: 0.08ms
[2026-04-03T02:42:12.026+0600][25.845s][info][gc,heap        ] GC(57) Eden regions: 230->0(242)
[2026-04-03T02:42:12.026+0600][25.845s][info][gc,heap        ] GC(57) Survivor regions: 8->6(31)
[2026-04-03T02:42:12.026+0600][25.845s][info][gc,heap        ] GC(57) Old regions: 72->72
[2026-04-03T02:42:12.026+0600][25.845s][info][gc,heap        ] GC(57) Humongous regions: 97->8
[2026-04-03T02:42:12.026+0600][25.845s][info][gc,metaspace   ] GC(57) Metaspace: 128335K(129856K)->128335K(129856K) NonClass: 111991K(112832K)->111991K(112832K) Class: 16343K(17024K)->16343K(17024K)
[2026-04-03T02:42:12.026+0600][25.845s][info][gc             ] GC(57) Pause Young (Mixed) (G1 Evacuation Pause) 403M->83M(414M) 4.503ms
[2026-04-03T02:42:12.026+0600][25.845s][info][gc,cpu         ] GC(57) User=0.01s Sys=0.01s Real=0.00s
[2026-04-03T02:42:12.120+0600][25.939s][info][gc,start       ] GC(58) Pause Young (Concurrent Start) (G1 Humongous Allocation)
[2026-04-03T02:42:12.120+0600][25.939s][info][gc,task        ] GC(58) Using 9 workers of 10 for evacuation
[2026-04-03T02:42:12.125+0600][25.944s][info][gc,phases      ] GC(58)   Pre Evacuate Collection Set: 0.35ms
[2026-04-03T02:42:12.125+0600][25.944s][info][gc,phases      ] GC(58)   Merge Heap Roots: 0.11ms
[2026-04-03T02:42:12.125+0600][25.944s][info][gc,phases      ] GC(58)   Evacuate Collection Set: 3.35ms
[2026-04-03T02:42:12.125+0600][25.944s][info][gc,phases      ] GC(58)   Post Evacuate Collection Set: 0.66ms
[2026-04-03T02:42:12.125+0600][25.944s][info][gc,phases      ] GC(58)   Other: 0.11ms
[2026-04-03T02:42:12.125+0600][25.944s][info][gc,heap        ] GC(58) Eden regions: 39->0(242)
[2026-04-03T02:42:12.125+0600][25.944s][info][gc,heap        ] GC(58) Survivor regions: 6->6(31)
[2026-04-03T02:42:12.125+0600][25.944s][info][gc,heap        ] GC(58) Old regions: 72->72
[2026-04-03T02:42:12.125+0600][25.944s][info][gc,heap        ] GC(58) Humongous regions: 8->8
[2026-04-03T02:42:12.125+0600][25.944s][info][gc,metaspace   ] GC(58) Metaspace: 128416K(129920K)->128416K(129920K) NonClass: 112060K(112896K)->112060K(112896K) Class: 16355K(17024K)->16355K(17024K)
[2026-04-03T02:42:12.125+0600][25.944s][info][gc             ] GC(58) Pause Young (Concurrent Start) (G1 Humongous Allocation) 121M->83M(414M) 4.855ms
[2026-04-03T02:42:12.125+0600][25.944s][info][gc             ] GC(59) Concurrent Mark Cycle
[2026-04-03T02:42:12.125+0600][25.944s][info][gc,cpu         ] GC(58) User=0.04s Sys=0.00s Real=0.00s
[2026-04-03T02:42:12.125+0600][25.944s][info][gc,marking     ] GC(59) Concurrent Scan Root Regions
[2026-04-03T02:42:12.128+0600][25.947s][info][gc,marking     ] GC(59) Concurrent Scan Root Regions 2.272ms
[2026-04-03T02:42:12.128+0600][25.947s][info][gc,marking     ] GC(59) Concurrent Mark
[2026-04-03T02:42:12.128+0600][25.947s][info][gc,marking     ] GC(59) Concurrent Mark From Roots
[2026-04-03T02:42:12.128+0600][25.947s][info][gc,task        ] GC(59) Using 3 workers of 3 for marking
[2026-04-03T02:42:12.206+0600][26.025s][info][gc,marking     ] GC(59) Concurrent Mark From Roots 78.212ms
[2026-04-03T02:42:12.206+0600][26.025s][info][gc,marking     ] GC(59) Concurrent Preclean
[2026-04-03T02:42:12.206+0600][26.025s][info][gc,marking     ] GC(59) Concurrent Preclean 0.454ms
[2026-04-03T02:42:12.207+0600][26.026s][info][gc,start       ] GC(59) Pause Remark
[2026-04-03T02:42:12.217+0600][26.036s][info][gc             ] GC(59) Pause Remark 135M->135M(374M) 9.464ms
[2026-04-03T02:42:12.217+0600][26.036s][info][gc,cpu         ] GC(59) User=0.06s Sys=0.00s Real=0.01s
[2026-04-03T02:42:12.217+0600][26.036s][info][gc,marking     ] GC(59) Concurrent Mark 89.730ms
[2026-04-03T02:42:12.218+0600][26.037s][info][gc,marking     ] GC(59) Concurrent Rebuild Remembered Sets and Scrub Regions
[2026-04-03T02:42:12.261+0600][26.080s][info][gc,marking     ] GC(59) Concurrent Rebuild Remembered Sets and Scrub Regions 43.925ms
[2026-04-03T02:42:12.262+0600][26.081s][info][gc,start       ] GC(59) Pause Cleanup
[2026-04-03T02:42:12.262+0600][26.081s][info][gc             ] GC(59) Pause Cleanup 173M->173M(374M) 0.468ms
[2026-04-03T02:42:12.263+0600][26.082s][info][gc,cpu         ] GC(59) User=0.00s Sys=0.00s Real=0.00s
[2026-04-03T02:42:12.263+0600][26.082s][info][gc,marking     ] GC(59) Concurrent Clear Claimed Marks
[2026-04-03T02:42:12.263+0600][26.082s][info][gc,marking     ] GC(59) Concurrent Clear Claimed Marks 0.395ms
[2026-04-03T02:42:12.263+0600][26.082s][info][gc,marking     ] GC(59) Concurrent Cleanup for Next Mark
[2026-04-03T02:42:12.264+0600][26.083s][info][gc,marking     ] GC(59) Concurrent Cleanup for Next Mark 0.696ms
[2026-04-03T02:42:12.264+0600][26.083s][info][gc             ] GC(59) Concurrent Mark Cycle 138.669ms
[2026-04-03T02:42:12.491+0600][26.310s][info][gc,start       ] GC(60) Pause Young (Prepare Mixed) (G1 Evacuation Pause)
[2026-04-03T02:42:12.491+0600][26.310s][info][gc,task        ] GC(60) Using 8 workers of 10 for evacuation
[2026-04-03T02:42:12.498+0600][26.317s][info][gc,phases      ] GC(60)   Pre Evacuate Collection Set: 0.29ms
[2026-04-03T02:42:12.498+0600][26.317s][info][gc,phases      ] GC(60)   Merge Heap Roots: 0.16ms
[2026-04-03T02:42:12.498+0600][26.317s][info][gc,phases      ] GC(60)   Evacuate Collection Set: 5.72ms
[2026-04-03T02:42:12.498+0600][26.317s][info][gc,phases      ] GC(60)   Post Evacuate Collection Set: 0.84ms
[2026-04-03T02:42:12.498+0600][26.317s][info][gc,phases      ] GC(60)   Other: 0.10ms
[2026-04-03T02:42:12.498+0600][26.317s][info][gc,heap        ] GC(60) Eden regions: 157->0(221)
[2026-04-03T02:42:12.498+0600][26.317s][info][gc,heap        ] GC(60) Survivor regions: 6->8(28)
[2026-04-03T02:42:12.498+0600][26.317s][info][gc,heap        ] GC(60) Old regions: 72->72
[2026-04-03T02:42:12.498+0600][26.317s][info][gc,heap        ] GC(60) Humongous regions: 139->8
[2026-04-03T02:42:12.498+0600][26.317s][info][gc,metaspace   ] GC(60) Metaspace: 128592K(130048K)->128592K(130048K) NonClass: 112236K(113024K)->112236K(113024K) Class: 16355K(17024K)->16355K(17024K)
[2026-04-03T02:42:12.499+0600][26.318s][info][gc             ] GC(60) Pause Young (Prepare Mixed) (G1 Evacuation Pause) 371M->85M(382M) 7.428ms
[2026-04-03T02:42:12.499+0600][26.318s][info][gc,cpu         ] GC(60) User=0.04s Sys=0.01s Real=0.00s
[2026-04-03T02:42:12.820+0600][26.639s][info][gc,start       ] GC(61) Pause Young (Mixed) (GCLocker Initiated GC)
[2026-04-03T02:42:12.820+0600][26.639s][info][gc,task        ] GC(61) Using 9 workers of 10 for evacuation
[2026-04-03T02:42:12.829+0600][26.648s][info][gc,phases      ] GC(61)   Pre Evacuate Collection Set: 0.45ms
[2026-04-03T02:42:12.829+0600][26.648s][info][gc,phases      ] GC(61)   Merge Heap Roots: 0.34ms
[2026-04-03T02:42:12.829+0600][26.648s][info][gc,phases      ] GC(61)   Evacuate Collection Set: 7.00ms
[2026-04-03T02:42:12.829+0600][26.648s][info][gc,phases      ] GC(61)   Post Evacuate Collection Set: 0.97ms
[2026-04-03T02:42:12.829+0600][26.648s][info][gc,phases      ] GC(61)   Other: 0.28ms
[2026-04-03T02:42:12.829+0600][26.648s][info][gc,heap        ] GC(61) Eden regions: 168->0(227)
[2026-04-03T02:42:12.829+0600][26.648s][info][gc,heap        ] GC(61) Survivor regions: 8->9(29)
[2026-04-03T02:42:12.829+0600][26.648s][info][gc,heap        ] GC(61) Old regions: 72->72
[2026-04-03T02:42:12.829+0600][26.648s][info][gc,heap        ] GC(61) Humongous regions: 136->8
[2026-04-03T02:42:12.829+0600][26.648s][info][gc,metaspace   ] GC(61) Metaspace: 128712K(130176K)->128712K(130176K) NonClass: 112354K(113152K)->112354K(113152K) Class: 16357K(17024K)->16357K(17024K)
[2026-04-03T02:42:12.829+0600][26.648s][info][gc             ] GC(61) Pause Young (Mixed) (GCLocker Initiated GC) 381M->86M(394M) 9.395ms
[2026-04-03T02:42:12.829+0600][26.648s][info][gc,cpu         ] GC(61) User=0.07s Sys=0.01s Real=0.00s
[2026-04-03T02:42:12.833+0600][26.652s][info][gc,start       ] GC(62) Pause Young (Concurrent Start) (G1 Humongous Allocation)
[2026-04-03T02:42:12.833+0600][26.652s][info][gc,task        ] GC(62) Using 9 workers of 10 for evacuation
[2026-04-03T02:42:12.839+0600][26.658s][info][gc,phases      ] GC(62)   Pre Evacuate Collection Set: 0.43ms
[2026-04-03T02:42:12.839+0600][26.658s][info][gc,phases      ] GC(62)   Merge Heap Roots: 0.16ms
[2026-04-03T02:42:12.839+0600][26.658s][info][gc,phases      ] GC(62)   Evacuate Collection Set: 4.75ms
[2026-04-03T02:42:12.839+0600][26.658s][info][gc,phases      ] GC(62)   Post Evacuate Collection Set: 0.88ms
[2026-04-03T02:42:12.839+0600][26.658s][info][gc,phases      ] GC(62)   Other: 0.16ms
[2026-04-03T02:42:12.839+0600][26.658s][info][gc,heap        ] GC(62) Eden regions: 6->0(223)
[2026-04-03T02:42:12.839+0600][26.659s][info][gc,heap        ] GC(62) Survivor regions: 9->11(30)
[2026-04-03T02:42:12.839+0600][26.659s][info][gc,heap        ] GC(62) Old regions: 72->72
[2026-04-03T02:42:12.840+0600][26.659s][info][gc,heap        ] GC(62) Humongous regions: 8->8
[2026-04-03T02:42:12.840+0600][26.659s][info][gc,metaspace   ] GC(62) Metaspace: 128713K(130176K)->128713K(130176K) NonClass: 112356K(113152K)->112356K(113152K) Class: 16357K(17024K)->16357K(17024K)
[2026-04-03T02:42:12.840+0600][26.659s][info][gc             ] GC(62) Pause Young (Concurrent Start) (G1 Humongous Allocation) 91M->88M(394M) 6.771ms
[2026-04-03T02:42:12.840+0600][26.659s][info][gc             ] GC(63) Concurrent Mark Cycle
[2026-04-03T02:42:12.840+0600][26.659s][info][gc,cpu         ] GC(62) User=0.06s Sys=0.00s Real=0.01s
[2026-04-03T02:42:12.840+0600][26.659s][info][gc,marking     ] GC(63) Concurrent Scan Root Regions
[2026-04-03T02:42:12.844+0600][26.663s][info][gc,marking     ] GC(63) Concurrent Scan Root Regions 3.744ms
[2026-04-03T02:42:12.844+0600][26.663s][info][gc,marking     ] GC(63) Concurrent Mark
[2026-04-03T02:42:12.844+0600][26.663s][info][gc,marking     ] GC(63) Concurrent Mark From Roots
[2026-04-03T02:42:12.844+0600][26.663s][info][gc,task        ] GC(63) Using 3 workers of 3 for marking
[2026-04-03T02:42:12.934+0600][26.753s][info][gc,marking     ] GC(63) Concurrent Mark From Roots 90.305ms
[2026-04-03T02:42:12.934+0600][26.753s][info][gc,marking     ] GC(63) Concurrent Preclean
[2026-04-03T02:42:12.934+0600][26.753s][info][gc,marking     ] GC(63) Concurrent Preclean 0.305ms
[2026-04-03T02:42:12.935+0600][26.754s][info][gc,start       ] GC(63) Pause Remark
[2026-04-03T02:42:12.945+0600][26.764s][info][gc             ] GC(63) Pause Remark 142M->142M(374M) 10.003ms
[2026-04-03T02:42:12.945+0600][26.764s][info][gc,cpu         ] GC(63) User=0.08s Sys=0.00s Real=0.01s
[2026-04-03T02:42:12.947+0600][26.766s][info][gc,marking     ] GC(63) Concurrent Mark 103.016ms
[2026-04-03T02:42:12.947+0600][26.766s][info][gc,marking     ] GC(63) Concurrent Rebuild Remembered Sets and Scrub Regions
[2026-04-03T02:42:12.981+0600][26.800s][info][gc,marking     ] GC(63) Concurrent Rebuild Remembered Sets and Scrub Regions 34.680ms
[2026-04-03T02:42:12.982+0600][26.801s][info][gc,start       ] GC(63) Pause Cleanup
[2026-04-03T02:42:12.982+0600][26.801s][info][gc             ] GC(63) Pause Cleanup 169M->169M(374M) 0.326ms
[2026-04-03T02:42:12.982+0600][26.801s][info][gc,cpu         ] GC(63) User=0.00s Sys=0.00s Real=0.00s
[2026-04-03T02:42:12.982+0600][26.801s][info][gc,marking     ] GC(63) Concurrent Clear Claimed Marks
[2026-04-03T02:42:12.983+0600][26.802s][info][gc,marking     ] GC(63) Concurrent Clear Claimed Marks 0.457ms
[2026-04-03T02:42:12.983+0600][26.802s][info][gc,marking     ] GC(63) Concurrent Cleanup for Next Mark
[2026-04-03T02:42:12.984+0600][26.803s][info][gc,marking     ] GC(63) Concurrent Cleanup for Next Mark 0.888ms
[2026-04-03T02:42:12.984+0600][26.803s][info][gc             ] GC(63) Concurrent Mark Cycle 144.266ms
[2026-04-03T02:42:13.188+0600][27.007s][info][gc,start       ] GC(64) Pause Young (Prepare Mixed) (G1 Evacuation Pause)
[2026-04-03T02:42:13.188+0600][27.007s][info][gc,task        ] GC(64) Using 8 workers of 10 for evacuation
[2026-04-03T02:42:13.197+0600][27.016s][info][gc,phases      ] GC(64)   Pre Evacuate Collection Set: 0.56ms
[2026-04-03T02:42:13.197+0600][27.016s][info][gc,phases      ] GC(64)   Merge Heap Roots: 0.24ms
[2026-04-03T02:42:13.197+0600][27.016s][info][gc,phases      ] GC(64)   Evacuate Collection Set: 6.72ms
[2026-04-03T02:42:13.197+0600][27.016s][info][gc,phases      ] GC(64)   Post Evacuate Collection Set: 1.14ms
[2026-04-03T02:42:13.197+0600][27.016s][info][gc,phases      ] GC(64)   Other: 0.13ms
[2026-04-03T02:42:13.197+0600][27.016s][info][gc,heap        ] GC(64) Eden regions: 159->0(222)
[2026-04-03T02:42:13.197+0600][27.016s][info][gc,heap        ] GC(64) Survivor regions: 11->9(28)
[2026-04-03T02:42:13.197+0600][27.016s][info][gc,heap        ] GC(64) Old regions: 72->74
[2026-04-03T02:42:13.197+0600][27.016s][info][gc,heap        ] GC(64) Humongous regions: 132->8
[2026-04-03T02:42:13.197+0600][27.016s][info][gc,metaspace   ] GC(64) Metaspace: 128829K(130304K)->128829K(130304K) NonClass: 112471K(113280K)->112471K(113280K) Class: 16357K(17024K)->16357K(17024K)
[2026-04-03T02:42:13.197+0600][27.016s][info][gc             ] GC(64) Pause Young (Prepare Mixed) (G1 Evacuation Pause) 371M->87M(385M) 9.118ms
[2026-04-03T02:42:13.197+0600][27.016s][info][gc,cpu         ] GC(64) User=0.06s Sys=0.01s Real=0.01s
[2026-04-03T02:42:13.780+0600][27.599s][info][gc,start       ] GC(65) Pause Young (Mixed) (G1 Evacuation Pause)
[2026-04-03T02:42:13.781+0600][27.600s][info][gc,task        ] GC(65) Using 9 workers of 10 for evacuation
[2026-04-03T02:42:13.789+0600][27.608s][info][gc,phases      ] GC(65)   Pre Evacuate Collection Set: 0.47ms
[2026-04-03T02:42:13.789+0600][27.608s][info][gc,phases      ] GC(65)   Merge Heap Roots: 0.25ms
[2026-04-03T02:42:13.789+0600][27.608s][info][gc,phases      ] GC(65)   Evacuate Collection Set: 6.24ms
[2026-04-03T02:42:13.789+0600][27.608s][info][gc,phases      ] GC(65)   Post Evacuate Collection Set: 1.04ms
[2026-04-03T02:42:13.789+0600][27.608s][info][gc,phases      ] GC(65)   Other: 0.12ms
[2026-04-03T02:42:13.789+0600][27.608s][info][gc,heap        ] GC(65) Eden regions: 190->0(227)
[2026-04-03T02:42:13.789+0600][27.608s][info][gc,heap        ] GC(65) Survivor regions: 9->10(29)
[2026-04-03T02:42:13.789+0600][27.608s][info][gc,heap        ] GC(65) Old regions: 74->74
[2026-04-03T02:42:13.789+0600][27.608s][info][gc,heap        ] GC(65) Humongous regions: 112->8
[2026-04-03T02:42:13.789+0600][27.608s][info][gc,metaspace   ] GC(65) Metaspace: 129333K(130880K)->129333K(130880K) NonClass: 112899K(113728K)->112899K(113728K) Class: 16434K(17152K)->16434K(17152K)
[2026-04-03T02:42:13.789+0600][27.608s][info][gc             ] GC(65) Pause Young (Mixed) (G1 Evacuation Pause) 381M->89M(396M) 8.460ms
[2026-04-03T02:42:13.789+0600][27.608s][info][gc,cpu         ] GC(65) User=0.05s Sys=0.02s Real=0.00s
[2026-04-03T02:42:13.803+0600][27.623s][info][gc,start       ] GC(66) Pause Young (Concurrent Start) (G1 Humongous Allocation)
[2026-04-03T02:42:13.804+0600][27.623s][info][gc,task        ] GC(66) Using 9 workers of 10 for evacuation
[2026-04-03T02:42:13.810+0600][27.629s][info][gc,phases      ] GC(66)   Pre Evacuate Collection Set: 0.49ms
[2026-04-03T02:42:13.810+0600][27.629s][info][gc,phases      ] GC(66)   Merge Heap Roots: 0.17ms
[2026-04-03T02:42:13.810+0600][27.629s][info][gc,phases      ] GC(66)   Evacuate Collection Set: 3.90ms
[2026-04-03T02:42:13.810+0600][27.629s][info][gc,phases      ] GC(66)   Post Evacuate Collection Set: 1.59ms
[2026-04-03T02:42:13.810+0600][27.629s][info][gc,phases      ] GC(66)   Other: 0.29ms
[2026-04-03T02:42:13.810+0600][27.629s][info][gc,heap        ] GC(66) Eden regions: 12->0(259)
[2026-04-03T02:42:13.810+0600][27.629s][info][gc,heap        ] GC(66) Survivor regions: 10->11(30)
[2026-04-03T02:42:13.810+0600][27.629s][info][gc,heap        ] GC(66) Old regions: 74->74
[2026-04-03T02:42:13.810+0600][27.629s][info][gc,heap        ] GC(66) Humongous regions: 8->8
[2026-04-03T02:42:13.810+0600][27.629s][info][gc,metaspace   ] GC(66) Metaspace: 129336K(130880K)->129336K(130880K) NonClass: 112902K(113728K)->112902K(113728K) Class: 16434K(17152K)->16434K(17152K)
[2026-04-03T02:42:13.810+0600][27.629s][info][gc             ] GC(66) Pause Young (Concurrent Start) (G1 Humongous Allocation) 100M->90M(451M) 6.844ms
[2026-04-03T02:42:13.810+0600][27.629s][info][gc             ] GC(67) Concurrent Mark Cycle
[2026-04-03T02:42:13.810+0600][27.629s][info][gc,cpu         ] GC(66) User=0.04s Sys=0.01s Real=0.01s
[2026-04-03T02:42:13.811+0600][27.630s][info][gc,marking     ] GC(67) Concurrent Scan Root Regions
[2026-04-03T02:42:13.819+0600][27.638s][info][gc,marking     ] GC(67) Concurrent Scan Root Regions 8.286ms
[2026-04-03T02:42:13.819+0600][27.638s][info][gc,marking     ] GC(67) Concurrent Mark
[2026-04-03T02:42:13.819+0600][27.638s][info][gc,marking     ] GC(67) Concurrent Mark From Roots
[2026-04-03T02:42:13.819+0600][27.638s][info][gc,task        ] GC(67) Using 3 workers of 3 for marking
[2026-04-03T02:42:13.914+0600][27.733s][info][gc,marking     ] GC(67) Concurrent Mark From Roots 94.615ms
[2026-04-03T02:42:13.914+0600][27.733s][info][gc,marking     ] GC(67) Concurrent Preclean
[2026-04-03T02:42:13.914+0600][27.733s][info][gc,marking     ] GC(67) Concurrent Preclean 0.307ms
[2026-04-03T02:42:13.915+0600][27.734s][info][gc,start       ] GC(67) Pause Remark
[2026-04-03T02:42:13.941+0600][27.760s][info][gc             ] GC(67) Pause Remark 143M->143M(380M) 25.662ms
[2026-04-03T02:42:13.941+0600][27.760s][info][gc,cpu         ] GC(67) User=0.21s Sys=0.00s Real=0.03s
[2026-04-03T02:42:13.941+0600][27.761s][info][gc,marking     ] GC(67) Concurrent Mark 122.596ms
[2026-04-03T02:42:13.942+0600][27.761s][info][gc,marking     ] GC(67) Concurrent Rebuild Remembered Sets and Scrub Regions
[2026-04-03T02:42:14.006+0600][27.825s][info][gc,marking     ] GC(67) Concurrent Rebuild Remembered Sets and Scrub Regions 64.605ms
[2026-04-03T02:42:14.009+0600][27.828s][info][gc,start       ] GC(67) Pause Cleanup
[2026-04-03T02:42:14.009+0600][27.828s][info][gc             ] GC(67) Pause Cleanup 196M->196M(380M) 0.329ms
[2026-04-03T02:42:14.010+0600][27.829s][info][gc,cpu         ] GC(67) User=0.00s Sys=0.00s Real=0.00s
[2026-04-03T02:42:14.010+0600][27.829s][info][gc,marking     ] GC(67) Concurrent Clear Claimed Marks
[2026-04-03T02:42:14.010+0600][27.829s][info][gc,marking     ] GC(67) Concurrent Clear Claimed Marks 0.439ms
[2026-04-03T02:42:14.010+0600][27.829s][info][gc,marking     ] GC(67) Concurrent Cleanup for Next Mark
[2026-04-03T02:42:14.012+0600][27.831s][info][gc,marking     ] GC(67) Concurrent Cleanup for Next Mark 2.190ms
[2026-04-03T02:42:14.012+0600][27.831s][info][gc             ] GC(67) Concurrent Mark Cycle 202.014ms
[2026-04-03T02:42:14.255+0600][28.074s][info][gc,start       ] GC(68) Pause Young (Prepare Mixed) (G1 Evacuation Pause)
[2026-04-03T02:42:14.255+0600][28.074s][info][gc,task        ] GC(68) Using 9 workers of 10 for evacuation
[2026-04-03T02:42:14.259+0600][28.078s][info][gc,phases      ] GC(68)   Pre Evacuate Collection Set: 0.25ms
[2026-04-03T02:42:14.259+0600][28.078s][info][gc,phases      ] GC(68)   Merge Heap Roots: 0.18ms
[2026-04-03T02:42:14.259+0600][28.078s][info][gc,phases      ] GC(68)   Evacuate Collection Set: 2.63ms
[2026-04-03T02:42:14.259+0600][28.078s][info][gc,phases      ] GC(68)   Post Evacuate Collection Set: 0.62ms
[2026-04-03T02:42:14.259+0600][28.078s][info][gc,phases      ] GC(68)   Other: 0.07ms
[2026-04-03T02:42:14.259+0600][28.078s][info][gc,heap        ] GC(68) Eden regions: 217->0(223)
[2026-04-03T02:42:14.259+0600][28.078s][info][gc,heap        ] GC(68) Survivor regions: 11->6(29)
[2026-04-03T02:42:14.259+0600][28.078s][info][gc,heap        ] GC(68) Old regions: 74->76
[2026-04-03T02:42:14.259+0600][28.078s][info][gc,heap        ] GC(68) Humongous regions: 73->8
[2026-04-03T02:42:14.259+0600][28.078s][info][gc,metaspace   ] GC(68) Metaspace: 129365K(130880K)->129365K(130880K) NonClass: 112946K(113728K)->112946K(113728K) Class: 16418K(17152K)->16418K(17152K)
[2026-04-03T02:42:14.259+0600][28.078s][info][gc             ] GC(68) Pause Young (Prepare Mixed) (G1 Evacuation Pause) 372M->86M(383M) 4.003ms
[2026-04-03T02:42:14.259+0600][28.078s][info][gc,cpu         ] GC(68) User=0.03s Sys=0.00s Real=0.00s
[2026-04-03T02:42:14.399+0600][28.218s][info][gc,start       ] GC(69) Pause Young (Mixed) (G1 Evacuation Pause)
[2026-04-03T02:42:14.399+0600][28.218s][info][gc,task        ] GC(69) Using 10 workers of 10 for evacuation
[2026-04-03T02:42:14.405+0600][28.224s][info][gc,phases      ] GC(69)   Pre Evacuate Collection Set: 0.36ms
[2026-04-03T02:42:14.405+0600][28.224s][info][gc,phases      ] GC(69)   Merge Heap Roots: 0.19ms
[2026-04-03T02:42:14.405+0600][28.224s][info][gc,phases      ] GC(69)   Evacuate Collection Set: 4.55ms
[2026-04-03T02:42:14.405+0600][28.224s][info][gc,phases      ] GC(69)   Post Evacuate Collection Set: 0.74ms
[2026-04-03T02:42:14.405+0600][28.224s][info][gc,phases      ] GC(69)   Other: 0.10ms
[2026-04-03T02:42:14.405+0600][28.224s][info][gc,heap        ] GC(69) Eden regions: 58->0(256)
[2026-04-03T02:42:14.405+0600][28.224s][info][gc,heap        ] GC(69) Survivor regions: 6->8(32)
[2026-04-03T02:42:14.405+0600][28.224s][info][gc,heap        ] GC(69) Old regions: 76->75
[2026-04-03T02:42:14.405+0600][28.224s][info][gc,heap        ] GC(69) Humongous regions: 293->18
[2026-04-03T02:42:14.405+0600][28.224s][info][gc,metaspace   ] GC(69) Metaspace: 129417K(130944K)->129417K(130944K) NonClass: 112998K(113792K)->112998K(113792K) Class: 16418K(17152K)->16418K(17152K)
[2026-04-03T02:42:14.405+0600][28.224s][info][gc             ] GC(69) Pause Young (Mixed) (G1 Evacuation Pause) 429M->99M(441M) 6.275ms
[2026-04-03T02:42:14.405+0600][28.224s][info][gc,cpu         ] GC(69) User=0.05s Sys=0.01s Real=0.01s
[2026-04-03T02:42:14.407+0600][28.226s][info][gc,start       ] GC(70) Pause Young (Concurrent Start) (G1 Humongous Allocation)
[2026-04-03T02:42:14.407+0600][28.226s][info][gc,task        ] GC(70) Using 10 workers of 10 for evacuation
[2026-04-03T02:42:14.411+0600][28.230s][info][gc,phases      ] GC(70)   Pre Evacuate Collection Set: 0.34ms
[2026-04-03T02:42:14.411+0600][28.230s][info][gc,phases      ] GC(70)   Merge Heap Roots: 0.12ms
[2026-04-03T02:42:14.411+0600][28.230s][info][gc,phases      ] GC(70)   Evacuate Collection Set: 2.98ms
[2026-04-03T02:42:14.411+0600][28.230s][info][gc,phases      ] GC(70)   Post Evacuate Collection Set: 0.53ms
[2026-04-03T02:42:14.411+0600][28.230s][info][gc,phases      ] GC(70)   Other: 0.11ms
[2026-04-03T02:42:14.411+0600][28.230s][info][gc,heap        ] GC(70) Eden regions: 3->0(256)
[2026-04-03T02:42:14.411+0600][28.230s][info][gc,heap        ] GC(70) Survivor regions: 8->8(33)
[2026-04-03T02:42:14.411+0600][28.230s][info][gc,heap        ] GC(70) Old regions: 75->76
[2026-04-03T02:42:14.411+0600][28.230s][info][gc,heap        ] GC(70) Humongous regions: 18->8
[2026-04-03T02:42:14.411+0600][28.230s][info][gc,metaspace   ] GC(70) Metaspace: 129417K(130944K)->129417K(130944K) NonClass: 112999K(113792K)->112999K(113792K) Class: 16418K(17152K)->16418K(17152K)
[2026-04-03T02:42:14.412+0600][28.231s][info][gc             ] GC(70) Pause Young (Concurrent Start) (G1 Humongous Allocation) 101M->89M(441M) 4.358ms
[2026-04-03T02:42:14.412+0600][28.231s][info][gc             ] GC(71) Concurrent Mark Cycle
[2026-04-03T02:42:14.412+0600][28.231s][info][gc,marking     ] GC(71) Concurrent Scan Root Regions
[2026-04-03T02:42:14.412+0600][28.231s][info][gc,cpu         ] GC(70) User=0.04s Sys=0.00s Real=0.01s
[2026-04-03T02:42:14.415+0600][28.234s][info][gc,marking     ] GC(71) Concurrent Scan Root Regions 3.157ms
[2026-04-03T02:42:14.415+0600][28.234s][info][gc,marking     ] GC(71) Concurrent Mark
[2026-04-03T02:42:14.415+0600][28.234s][info][gc,marking     ] GC(71) Concurrent Mark From Roots
[2026-04-03T02:42:14.415+0600][28.234s][info][gc,task        ] GC(71) Using 3 workers of 3 for marking
[2026-04-03T02:42:14.502+0600][28.321s][info][gc,marking     ] GC(71) Concurrent Mark From Roots 86.629ms
[2026-04-03T02:42:14.502+0600][28.321s][info][gc,marking     ] GC(71) Concurrent Preclean
[2026-04-03T02:42:14.502+0600][28.321s][info][gc,marking     ] GC(71) Concurrent Preclean 0.262ms
[2026-04-03T02:42:14.502+0600][28.321s][info][gc,start       ] GC(71) Pause Remark
[2026-04-03T02:42:14.525+0600][28.344s][info][gc             ] GC(71) Pause Remark 196M->196M(441M) 23.191ms
[2026-04-03T02:42:14.526+0600][28.345s][info][gc,cpu         ] GC(71) User=0.22s Sys=0.00s Real=0.02s
[2026-04-03T02:42:14.526+0600][28.345s][info][gc,marking     ] GC(71) Concurrent Mark 111.036ms
[2026-04-03T02:42:14.526+0600][28.345s][info][gc,marking     ] GC(71) Concurrent Rebuild Remembered Sets and Scrub Regions
[2026-04-03T02:42:14.562+0600][28.381s][info][gc,marking     ] GC(71) Concurrent Rebuild Remembered Sets and Scrub Regions 35.882ms
[2026-04-03T02:42:14.562+0600][28.381s][info][gc,start       ] GC(71) Pause Cleanup
[2026-04-03T02:42:14.562+0600][28.381s][info][gc             ] GC(71) Pause Cleanup 214M->214M(441M) 0.258ms
[2026-04-03T02:42:14.563+0600][28.382s][info][gc,cpu         ] GC(71) User=0.00s Sys=0.00s Real=0.00s
[2026-04-03T02:42:14.563+0600][28.382s][info][gc,marking     ] GC(71) Concurrent Clear Claimed Marks
[2026-04-03T02:42:14.563+0600][28.382s][info][gc,marking     ] GC(71) Concurrent Clear Claimed Marks 0.337ms
[2026-04-03T02:42:14.563+0600][28.382s][info][gc,marking     ] GC(71) Concurrent Cleanup for Next Mark
[2026-04-03T02:42:14.564+0600][28.383s][info][gc,marking     ] GC(71) Concurrent Cleanup for Next Mark 1.100ms
[2026-04-03T02:42:14.564+0600][28.383s][info][gc             ] GC(71) Concurrent Mark Cycle 152.584ms
[2026-04-03T02:42:14.667+0600][28.486s][info][gc,start       ] GC(72) Pause Young (Prepare Mixed) (G1 Evacuation Pause)
[2026-04-03T02:42:14.667+0600][28.486s][info][gc,task        ] GC(72) Using 10 workers of 10 for evacuation
[2026-04-03T02:42:14.672+0600][28.491s][info][gc,phases      ] GC(72)   Pre Evacuate Collection Set: 0.46ms
[2026-04-03T02:42:14.672+0600][28.491s][info][gc,phases      ] GC(72)   Merge Heap Roots: 0.14ms
[2026-04-03T02:42:14.672+0600][28.491s][info][gc,phases      ] GC(72)   Evacuate Collection Set: 2.98ms
[2026-04-03T02:42:14.672+0600][28.491s][info][gc,phases      ] GC(72)   Post Evacuate Collection Set: 0.75ms
[2026-04-03T02:42:14.672+0600][28.491s][info][gc,phases      ] GC(72)   Other: 0.09ms
[2026-04-03T02:42:14.672+0600][28.491s][info][gc,heap        ] GC(72) Eden regions: 63->0(342)
[2026-04-03T02:42:14.672+0600][28.491s][info][gc,heap        ] GC(72) Survivor regions: 8->7(37)
[2026-04-03T02:42:14.672+0600][28.491s][info][gc,heap        ] GC(72) Old regions: 76->76
[2026-04-03T02:42:14.672+0600][28.491s][info][gc,heap        ] GC(72) Humongous regions: 428->8
[2026-04-03T02:42:14.672+0600][28.491s][info][gc,metaspace   ] GC(72) Metaspace: 129235K(130944K)->129235K(130944K) NonClass: 112873K(113792K)->112873K(113792K) Class: 16361K(17152K)->16361K(17152K)
[2026-04-03T02:42:14.672+0600][28.491s][info][gc             ] GC(72) Pause Young (Prepare Mixed) (G1 Evacuation Pause) 572M->88M(582M) 4.658ms
[2026-04-03T02:42:14.672+0600][28.491s][info][gc,cpu         ] GC(72) User=0.03s Sys=0.01s Real=0.01s
[2026-04-03T02:42:15.436+0600][29.255s][info][gc,start       ] GC(73) Pause Young (Mixed) (G1 Evacuation Pause)
[2026-04-03T02:42:15.436+0600][29.255s][info][gc,task        ] GC(73) Using 10 workers of 10 for evacuation
[2026-04-03T02:42:15.443+0600][29.262s][info][gc,phases      ] GC(73)   Pre Evacuate Collection Set: 0.40ms
[2026-04-03T02:42:15.443+0600][29.262s][info][gc,phases      ] GC(73)   Merge Heap Roots: 0.28ms
[2026-04-03T02:42:15.443+0600][29.262s][info][gc,phases      ] GC(73)   Evacuate Collection Set: 5.57ms
[2026-04-03T02:42:15.443+0600][29.262s][info][gc,phases      ] GC(73)   Post Evacuate Collection Set: 0.75ms
[2026-04-03T02:42:15.443+0600][29.262s][info][gc,phases      ] GC(73)   Other: 0.13ms
[2026-04-03T02:42:15.443+0600][29.262s][info][gc,heap        ] GC(73) Eden regions: 327->0(345)
[2026-04-03T02:42:15.443+0600][29.262s][info][gc,heap        ] GC(73) Survivor regions: 7->10(44)
[2026-04-03T02:42:15.443+0600][29.262s][info][gc,heap        ] GC(73) Old regions: 76->75
[2026-04-03T02:42:15.443+0600][29.262s][info][gc,heap        ] GC(73) Humongous regions: 172->8
[2026-04-03T02:42:15.443+0600][29.262s][info][gc,metaspace   ] GC(73) Metaspace: 129558K(131136K)->129558K(131136K) NonClass: 113193K(113984K)->113193K(113984K) Class: 16364K(17152K)->16364K(17152K)
[2026-04-03T02:42:15.443+0600][29.262s][info][gc             ] GC(73) Pause Young (Mixed) (G1 Evacuation Pause) 579M->91M(592M) 7.448ms
[2026-04-03T02:42:15.443+0600][29.262s][info][gc,cpu         ] GC(73) User=0.05s Sys=0.03s Real=0.01s
[2026-04-03T02:42:15.462+0600][29.281s][info][gc,start       ] GC(74) Pause Young (Concurrent Start) (GCLocker Initiated GC)
[2026-04-03T02:42:15.462+0600][29.281s][info][gc,task        ] GC(74) Using 10 workers of 10 for evacuation
[2026-04-03T02:42:15.468+0600][29.287s][info][gc,phases      ] GC(74)   Pre Evacuate Collection Set: 0.53ms
[2026-04-03T02:42:15.468+0600][29.287s][info][gc,phases      ] GC(74)   Merge Heap Roots: 0.25ms
[2026-04-03T02:42:15.468+0600][29.287s][info][gc,phases      ] GC(74)   Evacuate Collection Set: 4.22ms
[2026-04-03T02:42:15.468+0600][29.287s][info][gc,phases      ] GC(74)   Post Evacuate Collection Set: 0.61ms
[2026-04-03T02:42:15.468+0600][29.287s][info][gc,phases      ] GC(74)   Other: 0.25ms
[2026-04-03T02:42:15.468+0600][29.287s][info][gc,heap        ] GC(74) Eden regions: 21->0(345)
[2026-04-03T02:42:15.468+0600][29.287s][info][gc,heap        ] GC(74) Survivor regions: 10->10(45)
[2026-04-03T02:42:15.468+0600][29.287s][info][gc,heap        ] GC(74) Old regions: 75->75
[2026-04-03T02:42:15.468+0600][29.287s][info][gc,heap        ] GC(74) Humongous regions: 8->8
[2026-04-03T02:42:15.468+0600][29.287s][info][gc,metaspace   ] GC(74) Metaspace: 129560K(131136K)->129560K(131136K) NonClass: 113195K(113984K)->113195K(113984K) Class: 16364K(17152K)->16364K(17152K)
[2026-04-03T02:42:15.468+0600][29.287s][info][gc             ] GC(74) Pause Young (Concurrent Start) (GCLocker Initiated GC) 111M->91M(592M) 6.195ms
[2026-04-03T02:42:15.468+0600][29.287s][info][gc             ] GC(75) Concurrent Mark Cycle
[2026-04-03T02:42:15.469+0600][29.288s][info][gc,marking     ] GC(75) Concurrent Scan Root Regions
[2026-04-03T02:42:15.469+0600][29.288s][info][gc,cpu         ] GC(74) User=0.06s Sys=0.00s Real=0.00s
[2026-04-03T02:42:15.475+0600][29.294s][info][gc,marking     ] GC(75) Concurrent Scan Root Regions 6.556ms
[2026-04-03T02:42:15.475+0600][29.294s][info][gc,marking     ] GC(75) Concurrent Mark
[2026-04-03T02:42:15.475+0600][29.294s][info][gc,marking     ] GC(75) Concurrent Mark From Roots
[2026-04-03T02:42:15.475+0600][29.294s][info][gc,task        ] GC(75) Using 3 workers of 3 for marking
[2026-04-03T02:42:15.557+0600][29.376s][info][gc,marking     ] GC(75) Concurrent Mark From Roots 81.924ms
[2026-04-03T02:42:15.557+0600][29.376s][info][gc,marking     ] GC(75) Concurrent Preclean
[2026-04-03T02:42:15.558+0600][29.377s][info][gc,marking     ] GC(75) Concurrent Preclean 0.401ms
[2026-04-03T02:42:15.558+0600][29.377s][info][gc,start       ] GC(75) Pause Remark
[2026-04-03T02:42:15.567+0600][29.386s][info][gc             ] GC(75) Pause Remark 162M->162M(434M) 8.657ms
[2026-04-03T02:42:15.567+0600][29.386s][info][gc,cpu         ] GC(75) User=0.08s Sys=0.00s Real=0.01s
[2026-04-03T02:42:15.567+0600][29.386s][info][gc,marking     ] GC(75) Concurrent Mark 91.766ms
[2026-04-03T02:42:15.567+0600][29.386s][info][gc,marking     ] GC(75) Concurrent Rebuild Remembered Sets and Scrub Regions
[2026-04-03T02:42:15.599+0600][29.418s][info][gc,marking     ] GC(75) Concurrent Rebuild Remembered Sets and Scrub Regions 31.900ms
[2026-04-03T02:42:15.600+0600][29.419s][info][gc,start       ] GC(75) Pause Cleanup
[2026-04-03T02:42:15.600+0600][29.419s][info][gc             ] GC(75) Pause Cleanup 180M->180M(434M) 0.404ms
[2026-04-03T02:42:15.600+0600][29.419s][info][gc,cpu         ] GC(75) User=0.01s Sys=0.00s Real=0.00s
[2026-04-03T02:42:15.601+0600][29.420s][info][gc,marking     ] GC(75) Concurrent Clear Claimed Marks
[2026-04-03T02:42:15.601+0600][29.420s][info][gc,marking     ] GC(75) Concurrent Clear Claimed Marks 0.408ms
[2026-04-03T02:42:15.601+0600][29.420s][info][gc,marking     ] GC(75) Concurrent Cleanup for Next Mark
[2026-04-03T02:42:15.603+0600][29.422s][info][gc,marking     ] GC(75) Concurrent Cleanup for Next Mark 1.773ms
[2026-04-03T02:42:15.603+0600][29.422s][info][gc             ] GC(75) Concurrent Mark Cycle 134.438ms
[2026-04-03T02:42:15.833+0600][29.652s][info][gc,start       ] GC(76) Pause Young (Prepare Mixed) (G1 Evacuation Pause)
[2026-04-03T02:42:15.834+0600][29.653s][info][gc,task        ] GC(76) Using 10 workers of 10 for evacuation
[2026-04-03T02:42:15.839+0600][29.658s][info][gc,phases      ] GC(76)   Pre Evacuate Collection Set: 0.31ms
[2026-04-03T02:42:15.839+0600][29.658s][info][gc,phases      ] GC(76)   Merge Heap Roots: 0.20ms
[2026-04-03T02:42:15.839+0600][29.658s][info][gc,phases      ] GC(76)   Evacuate Collection Set: 4.39ms
[2026-04-03T02:42:15.839+0600][29.658s][info][gc,phases      ] GC(76)   Post Evacuate Collection Set: 0.75ms
[2026-04-03T02:42:15.839+0600][29.658s][info][gc,phases      ] GC(76)   Other: 0.11ms
[2026-04-03T02:42:15.839+0600][29.658s][info][gc,heap        ] GC(76) Eden regions: 192->0(268)
[2026-04-03T02:42:15.839+0600][29.658s][info][gc,heap        ] GC(76) Survivor regions: 10->9(34)
[2026-04-03T02:42:15.839+0600][29.658s][info][gc,heap        ] GC(76) Old regions: 75->76
[2026-04-03T02:42:15.839+0600][29.658s][info][gc,heap        ] GC(76) Humongous regions: 176->8
[2026-04-03T02:42:15.839+0600][29.658s][info][gc,metaspace   ] GC(76) Metaspace: 129600K(131136K)->129600K(131136K) NonClass: 113235K(113984K)->113235K(113984K) Class: 16365K(17152K)->16365K(17152K)
[2026-04-03T02:42:15.840+0600][29.659s][info][gc             ] GC(76) Pause Young (Prepare Mixed) (G1 Evacuation Pause) 451M->90M(463M) 6.096ms
[2026-04-03T02:42:15.840+0600][29.659s][info][gc,cpu         ] GC(76) User=0.04s Sys=0.01s Real=0.00s
[2026-04-03T02:42:16.200+0600][30.019s][info][gc,start       ] GC(77) Pause Young (Mixed) (G1 Evacuation Pause)
[2026-04-03T02:42:16.200+0600][30.019s][info][gc,task        ] GC(77) Using 10 workers of 10 for evacuation
[2026-04-03T02:42:16.207+0600][30.026s][info][gc,phases      ] GC(77)   Pre Evacuate Collection Set: 0.48ms
[2026-04-03T02:42:16.208+0600][30.027s][info][gc,phases      ] GC(77)   Merge Heap Roots: 0.23ms
[2026-04-03T02:42:16.208+0600][30.027s][info][gc,phases      ] GC(77)   Evacuate Collection Set: 5.79ms
[2026-04-03T02:42:16.208+0600][30.027s][info][gc,phases      ] GC(77)   Post Evacuate Collection Set: 0.91ms
[2026-04-03T02:42:16.208+0600][30.027s][info][gc,phases      ] GC(77)   Other: 0.20ms
[2026-04-03T02:42:16.208+0600][30.027s][info][gc,heap        ] GC(77) Eden regions: 223->0(275)
[2026-04-03T02:42:16.208+0600][30.027s][info][gc,heap        ] GC(77) Survivor regions: 9->10(35)
[2026-04-03T02:42:16.208+0600][30.027s][info][gc,heap        ] GC(77) Old regions: 76->76
[2026-04-03T02:42:16.208+0600][30.027s][info][gc,heap        ] GC(77) Humongous regions: 157->10
[2026-04-03T02:42:16.208+0600][30.027s][info][gc,metaspace   ] GC(77) Metaspace: 129671K(131200K)->129671K(131200K) NonClass: 113303K(114048K)->113303K(114048K) Class: 16367K(17152K)->16367K(17152K)
[2026-04-03T02:42:16.208+0600][30.027s][info][gc             ] GC(77) Pause Young (Mixed) (G1 Evacuation Pause) 462M->94M(476M) 8.145ms
[2026-04-03T02:42:16.208+0600][30.027s][info][gc,cpu         ] GC(77) User=0.07s Sys=0.02s Real=0.01s
[2026-04-03T02:42:16.209+0600][30.028s][info][gc,start       ] GC(78) Pause Young (Concurrent Start) (G1 Humongous Allocation)
[2026-04-03T02:42:16.209+0600][30.028s][info][gc,task        ] GC(78) Using 10 workers of 10 for evacuation
[2026-04-03T02:42:16.214+0600][30.033s][info][gc,phases      ] GC(78)   Pre Evacuate Collection Set: 0.35ms
[2026-04-03T02:42:16.214+0600][30.033s][info][gc,phases      ] GC(78)   Merge Heap Roots: 0.09ms
[2026-04-03T02:42:16.214+0600][30.033s][info][gc,phases      ] GC(78)   Evacuate Collection Set: 3.51ms
[2026-04-03T02:42:16.214+0600][30.033s][info][gc,phases      ] GC(78)   Post Evacuate Collection Set: 0.75ms
[2026-04-03T02:42:16.214+0600][30.033s][info][gc,phases      ] GC(78)   Other: 0.13ms
[2026-04-03T02:42:16.214+0600][30.033s][info][gc,heap        ] GC(78) Eden regions: 4->0(276)
[2026-04-03T02:42:16.214+0600][30.033s][info][gc,heap        ] GC(78) Survivor regions: 10->9(36)
[2026-04-03T02:42:16.214+0600][30.033s][info][gc,heap        ] GC(78) Old regions: 76->76
[2026-04-03T02:42:16.214+0600][30.033s][info][gc,heap        ] GC(78) Humongous regions: 12->8
[2026-04-03T02:42:16.214+0600][30.033s][info][gc,metaspace   ] GC(78) Metaspace: 129671K(131200K)->129671K(131200K) NonClass: 113303K(114048K)->113303K(114048K) Class: 16367K(17152K)->16367K(17152K)
[2026-04-03T02:42:16.214+0600][30.033s][info][gc             ] GC(78) Pause Young (Concurrent Start) (G1 Humongous Allocation) 100M->91M(476M) 5.179ms
[2026-04-03T02:42:16.214+0600][30.033s][info][gc             ] GC(79) Concurrent Mark Cycle
[2026-04-03T02:42:16.214+0600][30.033s][info][gc,cpu         ] GC(78) User=0.04s Sys=0.00s Real=0.01s
[2026-04-03T02:42:16.214+0600][30.033s][info][gc,marking     ] GC(79) Concurrent Scan Root Regions
[2026-04-03T02:42:16.219+0600][30.038s][info][gc,marking     ] GC(79) Concurrent Scan Root Regions 5.242ms
[2026-04-03T02:42:16.220+0600][30.039s][info][gc,marking     ] GC(79) Concurrent Mark
[2026-04-03T02:42:16.220+0600][30.039s][info][gc,marking     ] GC(79) Concurrent Mark From Roots
[2026-04-03T02:42:16.220+0600][30.039s][info][gc,task        ] GC(79) Using 3 workers of 3 for marking
[2026-04-03T02:42:16.314+0600][30.133s][info][gc,marking     ] GC(79) Concurrent Mark From Roots 94.248ms
[2026-04-03T02:42:16.314+0600][30.133s][info][gc,marking     ] GC(79) Concurrent Preclean
[2026-04-03T02:42:16.314+0600][30.133s][info][gc,marking     ] GC(79) Concurrent Preclean 0.506ms
[2026-04-03T02:42:16.315+0600][30.134s][info][gc,start       ] GC(79) Pause Remark
[2026-04-03T02:42:16.323+0600][30.142s][info][gc             ] GC(79) Pause Remark 177M->177M(437M) 8.130ms
[2026-04-03T02:42:16.323+0600][30.142s][info][gc,cpu         ] GC(79) User=0.06s Sys=0.00s Real=0.01s
[2026-04-03T02:42:16.324+0600][30.143s][info][gc,marking     ] GC(79) Concurrent Mark 104.314ms
[2026-04-03T02:42:16.324+0600][30.143s][info][gc,marking     ] GC(79) Concurrent Rebuild Remembered Sets and Scrub Regions
[2026-04-03T02:42:16.357+0600][30.176s][info][gc,marking     ] GC(79) Concurrent Rebuild Remembered Sets and Scrub Regions 33.096ms
[2026-04-03T02:42:16.357+0600][30.176s][info][gc,start       ] GC(79) Pause Cleanup
[2026-04-03T02:42:16.358+0600][30.177s][info][gc             ] GC(79) Pause Cleanup 201M->201M(437M) 0.553ms
[2026-04-03T02:42:16.358+0600][30.177s][info][gc,cpu         ] GC(79) User=0.00s Sys=0.00s Real=0.00s
[2026-04-03T02:42:16.358+0600][30.177s][info][gc,marking     ] GC(79) Concurrent Clear Claimed Marks
[2026-04-03T02:42:16.359+0600][30.178s][info][gc,marking     ] GC(79) Concurrent Clear Claimed Marks 0.421ms
[2026-04-03T02:42:16.359+0600][30.178s][info][gc,marking     ] GC(79) Concurrent Cleanup for Next Mark
[2026-04-03T02:42:16.360+0600][30.179s][info][gc,marking     ] GC(79) Concurrent Cleanup for Next Mark 1.417ms
[2026-04-03T02:42:16.360+0600][30.179s][info][gc             ] GC(79) Concurrent Mark Cycle 146.215ms
[2026-04-03T02:42:16.825+0600][30.644s][info][gc,start       ] GC(80) Pause Young (Prepare Mixed) (G1 Evacuation Pause)
[2026-04-03T02:42:16.825+0600][30.644s][info][gc,task        ] GC(80) Using 10 workers of 10 for evacuation
[2026-04-03T02:42:16.832+0600][30.651s][info][gc,phases      ] GC(80)   Pre Evacuate Collection Set: 0.36ms
[2026-04-03T02:42:16.832+0600][30.651s][info][gc,phases      ] GC(80)   Merge Heap Roots: 0.24ms
[2026-04-03T02:42:16.832+0600][30.651s][info][gc,phases      ] GC(80)   Evacuate Collection Set: 5.12ms
[2026-04-03T02:42:16.832+0600][30.651s][info][gc,phases      ] GC(80)   Post Evacuate Collection Set: 0.78ms
[2026-04-03T02:42:16.832+0600][30.651s][info][gc,phases      ] GC(80)   Other: 0.19ms
[2026-04-03T02:42:16.832+0600][30.651s][info][gc,heap        ] GC(80) Eden regions: 252->0(262)
[2026-04-03T02:42:16.832+0600][30.651s][info][gc,heap        ] GC(80) Survivor regions: 9->9(33)
[2026-04-03T02:42:16.832+0600][30.651s][info][gc,heap        ] GC(80) Old regions: 76->77
[2026-04-03T02:42:16.832+0600][30.651s][info][gc,heap        ] GC(80) Humongous regions: 106->10
[2026-04-03T02:42:16.832+0600][30.651s][info][gc,metaspace   ] GC(80) Metaspace: 129725K(131200K)->129725K(131200K) NonClass: 113355K(114048K)->113355K(114048K) Class: 16370K(17152K)->16370K(17152K)
[2026-04-03T02:42:16.832+0600][30.651s][info][gc             ] GC(80) Pause Young (Prepare Mixed) (G1 Evacuation Pause) 441M->93M(453M) 7.119ms
[2026-04-03T02:42:16.832+0600][30.651s][info][gc,cpu         ] GC(80) User=0.05s Sys=0.01s Real=0.01s
[2026-04-03T02:42:17.134+0600][30.953s][info][gc,start       ] GC(81) Pause Young (Mixed) (GCLocker Initiated GC)
[2026-04-03T02:42:17.134+0600][30.953s][info][gc,task        ] GC(81) Using 10 workers of 10 for evacuation
[2026-04-03T02:42:17.142+0600][30.961s][info][gc,phases      ] GC(81)   Pre Evacuate Collection Set: 0.46ms
[2026-04-03T02:42:17.142+0600][30.961s][info][gc,phases      ] GC(81)   Merge Heap Roots: 0.33ms
[2026-04-03T02:42:17.142+0600][30.961s][info][gc,phases      ] GC(81)   Evacuate Collection Set: 6.33ms
[2026-04-03T02:42:17.142+0600][30.961s][info][gc,phases      ] GC(81)   Post Evacuate Collection Set: 0.81ms
[2026-04-03T02:42:17.142+0600][30.961s][info][gc,phases      ] GC(81)   Other: 0.14ms
[2026-04-03T02:42:17.142+0600][30.961s][info][gc,heap        ] GC(81) Eden regions: 197->0(268)
[2026-04-03T02:42:17.142+0600][30.961s][info][gc,heap        ] GC(81) Survivor regions: 9->9(34)
[2026-04-03T02:42:17.142+0600][30.961s][info][gc,heap        ] GC(81) Old regions: 77->76
[2026-04-03T02:42:17.142+0600][30.961s][info][gc,heap        ] GC(81) Humongous regions: 170->8
[2026-04-03T02:42:17.142+0600][30.961s][info][gc,metaspace   ] GC(81) Metaspace: 129757K(131264K)->129757K(131264K) NonClass: 113385K(114112K)->113385K(114112K) Class: 16372K(17152K)->16372K(17152K)
[2026-04-03T02:42:17.142+0600][30.961s][info][gc             ] GC(81) Pause Young (Mixed) (GCLocker Initiated GC) 450M->91M(462M) 8.414ms
[2026-04-03T02:42:17.143+0600][30.962s][info][gc,cpu         ] GC(81) User=0.06s Sys=0.01s Real=0.01s
[2026-04-03T02:42:17.159+0600][30.978s][info][gc,start       ] GC(82) Pause Young (Concurrent Start) (GCLocker Initiated GC)
[2026-04-03T02:42:17.159+0600][30.978s][info][gc,task        ] GC(82) Using 10 workers of 10 for evacuation
[2026-04-03T02:42:17.165+0600][30.984s][info][gc,phases      ] GC(82)   Pre Evacuate Collection Set: 0.70ms
[2026-04-03T02:42:17.165+0600][30.984s][info][gc,phases      ] GC(82)   Merge Heap Roots: 0.22ms
[2026-04-03T02:42:17.165+0600][30.984s][info][gc,phases      ] GC(82)   Evacuate Collection Set: 3.86ms
[2026-04-03T02:42:17.165+0600][30.984s][info][gc,phases      ] GC(82)   Post Evacuate Collection Set: 0.77ms
[2026-04-03T02:42:17.165+0600][30.984s][info][gc,phases      ] GC(82)   Other: 0.22ms
[2026-04-03T02:42:17.165+0600][30.984s][info][gc,heap        ] GC(82) Eden regions: 13->0(268)
[2026-04-03T02:42:17.165+0600][30.984s][info][gc,heap        ] GC(82) Survivor regions: 9->9(35)
[2026-04-03T02:42:17.165+0600][30.984s][info][gc,heap        ] GC(82) Old regions: 76->76
[2026-04-03T02:42:17.165+0600][30.984s][info][gc,heap        ] GC(82) Humongous regions: 8->8
[2026-04-03T02:42:17.165+0600][30.984s][info][gc,metaspace   ] GC(82) Metaspace: 129764K(131264K)->129764K(131264K) NonClass: 113392K(114112K)->113392K(114112K) Class: 16372K(17152K)->16372K(17152K)
[2026-04-03T02:42:17.165+0600][30.984s][info][gc             ] GC(82) Pause Young (Concurrent Start) (GCLocker Initiated GC) 104M->92M(462M) 6.205ms
[2026-04-03T02:42:17.165+0600][30.984s][info][gc             ] GC(83) Concurrent Mark Cycle
[2026-04-03T02:42:17.166+0600][30.985s][info][gc,marking     ] GC(83) Concurrent Scan Root Regions
[2026-04-03T02:42:17.166+0600][30.985s][info][gc,cpu         ] GC(82) User=0.05s Sys=0.01s Real=0.01s
[2026-04-03T02:42:17.170+0600][30.989s][info][gc,marking     ] GC(83) Concurrent Scan Root Regions 4.303ms
[2026-04-03T02:42:17.170+0600][30.989s][info][gc,marking     ] GC(83) Concurrent Mark
[2026-04-03T02:42:17.170+0600][30.989s][info][gc,marking     ] GC(83) Concurrent Mark From Roots
[2026-04-03T02:42:17.170+0600][30.989s][info][gc,task        ] GC(83) Using 3 workers of 3 for marking
[2026-04-03T02:42:17.267+0600][31.086s][info][gc,marking     ] GC(83) Concurrent Mark From Roots 96.595ms
[2026-04-03T02:42:17.267+0600][31.086s][info][gc,marking     ] GC(83) Concurrent Preclean
[2026-04-03T02:42:17.267+0600][31.086s][info][gc,marking     ] GC(83) Concurrent Preclean 0.358ms
[2026-04-03T02:42:17.268+0600][31.087s][info][gc,start       ] GC(83) Pause Remark
[2026-04-03T02:42:17.278+0600][31.097s][info][gc             ] GC(83) Pause Remark 181M->181M(450M) 9.748ms
[2026-04-03T02:42:17.278+0600][31.097s][info][gc,cpu         ] GC(83) User=0.06s Sys=0.01s Real=0.01s
[2026-04-03T02:42:17.278+0600][31.098s][info][gc,marking     ] GC(83) Concurrent Mark 108.542ms
[2026-04-03T02:42:17.279+0600][31.098s][info][gc,marking     ] GC(83) Concurrent Rebuild Remembered Sets and Scrub Regions
[2026-04-03T02:42:17.313+0600][31.132s][info][gc,marking     ] GC(83) Concurrent Rebuild Remembered Sets and Scrub Regions 34.315ms
[2026-04-03T02:42:17.313+0600][31.132s][info][gc,start       ] GC(83) Pause Cleanup
[2026-04-03T02:42:17.314+0600][31.133s][info][gc             ] GC(83) Pause Cleanup 211M->211M(450M) 0.430ms
[2026-04-03T02:42:17.314+0600][31.133s][info][gc,cpu         ] GC(83) User=0.00s Sys=0.00s Real=0.00s
[2026-04-03T02:42:17.314+0600][31.133s][info][gc,marking     ] GC(83) Concurrent Clear Claimed Marks
[2026-04-03T02:42:17.314+0600][31.133s][info][gc,marking     ] GC(83) Concurrent Clear Claimed Marks 0.401ms
[2026-04-03T02:42:17.314+0600][31.133s][info][gc,marking     ] GC(83) Concurrent Cleanup for Next Mark
[2026-04-03T02:42:17.315+0600][31.134s][info][gc,marking     ] GC(83) Concurrent Cleanup for Next Mark 0.900ms
[2026-04-03T02:42:17.315+0600][31.134s][info][gc             ] GC(83) Concurrent Mark Cycle 150.010ms
[2026-04-03T02:42:17.543+0600][31.362s][info][gc,start       ] GC(84) Pause Young (Prepare Mixed) (G1 Evacuation Pause)
[2026-04-03T02:42:17.543+0600][31.362s][info][gc,task        ] GC(84) Using 10 workers of 10 for evacuation
[2026-04-03T02:42:17.548+0600][31.367s][info][gc,phases      ] GC(84)   Pre Evacuate Collection Set: 0.35ms
[2026-04-03T02:42:17.548+0600][31.367s][info][gc,phases      ] GC(84)   Merge Heap Roots: 0.24ms
[2026-04-03T02:42:17.548+0600][31.367s][info][gc,phases      ] GC(84)   Evacuate Collection Set: 3.29ms
[2026-04-03T02:42:17.548+0600][31.367s][info][gc,phases      ] GC(84)   Post Evacuate Collection Set: 0.71ms
[2026-04-03T02:42:17.548+0600][31.367s][info][gc,phases      ] GC(84)   Other: 0.10ms
[2026-04-03T02:42:17.548+0600][31.367s][info][gc,heap        ] GC(84) Eden regions: 204->0(276)
[2026-04-03T02:42:17.548+0600][31.367s][info][gc,heap        ] GC(84) Survivor regions: 9->8(35)
[2026-04-03T02:42:17.548+0600][31.367s][info][gc,heap        ] GC(84) Old regions: 76->77
[2026-04-03T02:42:17.548+0600][31.367s][info][gc,heap        ] GC(84) Humongous regions: 176->8
[2026-04-03T02:42:17.548+0600][31.367s][info][gc,metaspace   ] GC(84) Metaspace: 129794K(131264K)->129794K(131264K) NonClass: 113421K(114112K)->113421K(114112K) Class: 16372K(17152K)->16372K(17152K)
[2026-04-03T02:42:17.548+0600][31.367s][info][gc             ] GC(84) Pause Young (Prepare Mixed) (G1 Evacuation Pause) 464M->90M(474M) 4.958ms
[2026-04-03T02:42:17.548+0600][31.367s][info][gc,cpu         ] GC(84) User=0.02s Sys=0.01s Real=0.00s
[2026-04-03T02:42:17.951+0600][31.770s][info][gc,start       ] GC(85) Pause Young (Mixed) (G1 Evacuation Pause)
[2026-04-03T02:42:17.951+0600][31.770s][info][gc,task        ] GC(85) Using 10 workers of 10 for evacuation
[2026-04-03T02:42:17.959+0600][31.778s][info][gc,phases      ] GC(85)   Pre Evacuate Collection Set: 0.45ms
[2026-04-03T02:42:17.959+0600][31.778s][info][gc,phases      ] GC(85)   Merge Heap Roots: 0.28ms
[2026-04-03T02:42:17.959+0600][31.778s][info][gc,phases      ] GC(85)   Evacuate Collection Set: 6.27ms
[2026-04-03T02:42:17.959+0600][31.778s][info][gc,phases      ] GC(85)   Post Evacuate Collection Set: 1.00ms
[2026-04-03T02:42:17.959+0600][31.778s][info][gc,phases      ] GC(85)   Other: 0.14ms
[2026-04-03T02:42:17.959+0600][31.778s][info][gc,heap        ] GC(85) Eden regions: 235->0(282)
[2026-04-03T02:42:17.959+0600][31.778s][info][gc,heap        ] GC(85) Survivor regions: 8->9(36)
[2026-04-03T02:42:17.959+0600][31.778s][info][gc,heap        ] GC(85) Old regions: 77->78
[2026-04-03T02:42:17.959+0600][31.778s][info][gc,heap        ] GC(85) Humongous regions: 154->8
[2026-04-03T02:42:17.959+0600][31.778s][info][gc,metaspace   ] GC(85) Metaspace: 129843K(131328K)->129843K(131328K) NonClass: 113469K(114176K)->113469K(114176K) Class: 16374K(17152K)->16374K(17152K)
[2026-04-03T02:42:17.959+0600][31.778s][info][gc             ] GC(85) Pause Young (Mixed) (G1 Evacuation Pause) 471M->93M(485M) 8.462ms
[2026-04-03T02:42:17.959+0600][31.778s][info][gc,cpu         ] GC(85) User=0.04s Sys=0.02s Real=0.00s
[2026-04-03T02:42:17.978+0600][31.797s][info][gc,start       ] GC(86) Pause Young (Concurrent Start) (G1 Humongous Allocation)
[2026-04-03T02:42:17.979+0600][31.798s][info][gc,task        ] GC(86) Using 10 workers of 10 for evacuation
[2026-04-03T02:42:17.983+0600][31.802s][info][gc,phases      ] GC(86)   Pre Evacuate Collection Set: 0.45ms
[2026-04-03T02:42:17.983+0600][31.802s][info][gc,phases      ] GC(86)   Merge Heap Roots: 0.19ms
[2026-04-03T02:42:17.983+0600][31.802s][info][gc,phases      ] GC(86)   Evacuate Collection Set: 3.23ms
[2026-04-03T02:42:17.983+0600][31.802s][info][gc,phases      ] GC(86)   Post Evacuate Collection Set: 0.71ms
[2026-04-03T02:42:17.983+0600][31.802s][info][gc,phases      ] GC(86)   Other: 0.20ms
[2026-04-03T02:42:17.983+0600][31.803s][info][gc,heap        ] GC(86) Eden regions: 20->0(282)
[2026-04-03T02:42:17.983+0600][31.803s][info][gc,heap        ] GC(86) Survivor regions: 9->9(37)
[2026-04-03T02:42:17.984+0600][31.803s][info][gc,heap        ] GC(86) Old regions: 78->78
[2026-04-03T02:42:17.984+0600][31.803s][info][gc,heap        ] GC(86) Humongous regions: 8->8
[2026-04-03T02:42:17.984+0600][31.803s][info][gc,metaspace   ] GC(86) Metaspace: 129846K(131328K)->129846K(131328K) NonClass: 113472K(114176K)->113472K(114176K) Class: 16374K(17152K)->16374K(17152K)
[2026-04-03T02:42:17.984+0600][31.803s][info][gc             ] GC(86) Pause Young (Concurrent Start) (G1 Humongous Allocation) 112M->93M(485M) 5.099ms
[2026-04-03T02:42:17.984+0600][31.803s][info][gc,cpu         ] GC(86) User=0.05s Sys=0.00s Real=0.01s
[2026-04-03T02:42:17.984+0600][31.803s][info][gc             ] GC(87) Concurrent Mark Cycle
[2026-04-03T02:42:17.984+0600][31.803s][info][gc,marking     ] GC(87) Concurrent Scan Root Regions
[2026-04-03T02:42:17.988+0600][31.807s][info][gc,marking     ] GC(87) Concurrent Scan Root Regions 4.000ms
[2026-04-03T02:42:17.988+0600][31.807s][info][gc,marking     ] GC(87) Concurrent Mark
[2026-04-03T02:42:17.988+0600][31.807s][info][gc,marking     ] GC(87) Concurrent Mark From Roots
[2026-04-03T02:42:17.988+0600][31.807s][info][gc,task        ] GC(87) Using 3 workers of 3 for marking
[2026-04-03T02:42:18.087+0600][31.906s][info][gc,marking     ] GC(87) Concurrent Mark From Roots 99.406ms
[2026-04-03T02:42:18.087+0600][31.907s][info][gc,marking     ] GC(87) Concurrent Preclean
[2026-04-03T02:42:18.088+0600][31.907s][info][gc,marking     ] GC(87) Concurrent Preclean 0.650ms
[2026-04-03T02:42:18.088+0600][31.907s][info][gc,start       ] GC(87) Pause Remark
[2026-04-03T02:42:18.113+0600][31.932s][info][gc             ] GC(87) Pause Remark 179M->179M(387M) 24.365ms
[2026-04-03T02:42:18.113+0600][31.932s][info][gc,cpu         ] GC(87) User=0.20s Sys=0.00s Real=0.03s
[2026-04-03T02:42:18.113+0600][31.932s][info][gc,marking     ] GC(87) Concurrent Mark 125.232ms
[2026-04-03T02:42:18.113+0600][31.932s][info][gc,marking     ] GC(87) Concurrent Rebuild Remembered Sets and Scrub Regions
[2026-04-03T02:42:18.161+0600][31.980s][info][gc,marking     ] GC(87) Concurrent Rebuild Remembered Sets and Scrub Regions 47.398ms
[2026-04-03T02:42:18.161+0600][31.980s][info][gc,start       ] GC(87) Pause Cleanup
[2026-04-03T02:42:18.161+0600][31.980s][info][gc             ] GC(87) Pause Cleanup 226M->226M(387M) 0.299ms
[2026-04-03T02:42:18.161+0600][31.980s][info][gc,cpu         ] GC(87) User=0.00s Sys=0.00s Real=0.00s
[2026-04-03T02:42:18.162+0600][31.981s][info][gc,marking     ] GC(87) Concurrent Clear Claimed Marks
[2026-04-03T02:42:18.162+0600][31.981s][info][gc,marking     ] GC(87) Concurrent Clear Claimed Marks 0.357ms
[2026-04-03T02:42:18.162+0600][31.981s][info][gc,marking     ] GC(87) Concurrent Cleanup for Next Mark
[2026-04-03T02:42:18.163+0600][31.982s][info][gc,marking     ] GC(87) Concurrent Cleanup for Next Mark 0.883ms
[2026-04-03T02:42:18.163+0600][31.982s][info][gc             ] GC(87) Concurrent Mark Cycle 179.118ms
[2026-04-03T02:42:18.337+0600][32.156s][info][gc,start       ] GC(88) Pause Young (Prepare Mixed) (G1 Evacuation Pause)
[2026-04-03T02:42:18.337+0600][32.156s][info][gc,task        ] GC(88) Using 9 workers of 10 for evacuation
[2026-04-03T02:42:18.342+0600][32.161s][info][gc,phases      ] GC(88)   Pre Evacuate Collection Set: 0.26ms
[2026-04-03T02:42:18.342+0600][32.161s][info][gc,phases      ] GC(88)   Merge Heap Roots: 0.39ms
[2026-04-03T02:42:18.342+0600][32.161s][info][gc,phases      ] GC(88)   Evacuate Collection Set: 3.31ms
[2026-04-03T02:42:18.342+0600][32.161s][info][gc,phases      ] GC(88)   Post Evacuate Collection Set: 0.56ms
[2026-04-03T02:42:18.342+0600][32.161s][info][gc,phases      ] GC(88)   Other: 0.11ms
[2026-04-03T02:42:18.342+0600][32.161s][info][gc,heap        ] GC(88) Eden regions: 223->0(231)
[2026-04-03T02:42:18.342+0600][32.161s][info][gc,heap        ] GC(88) Survivor regions: 9->7(29)
[2026-04-03T02:42:18.342+0600][32.161s][info][gc,heap        ] GC(88) Old regions: 78->79
[2026-04-03T02:42:18.342+0600][32.161s][info][gc,heap        ] GC(88) Humongous regions: 80->8
[2026-04-03T02:42:18.342+0600][32.161s][info][gc,metaspace   ] GC(88) Metaspace: 129848K(131328K)->129848K(131328K) NonClass: 113478K(114176K)->113478K(114176K) Class: 16370K(17152K)->16370K(17152K)
[2026-04-03T02:42:18.342+0600][32.161s][info][gc             ] GC(88) Pause Young (Prepare Mixed) (G1 Evacuation Pause) 388M->92M(398M) 4.910ms
[2026-04-03T02:42:18.342+0600][32.161s][info][gc,cpu         ] GC(88) User=0.03s Sys=0.01s Real=0.01s
[2026-04-03T02:42:18.455+0600][32.274s][info][gc,start       ] GC(89) Pause Young (Mixed) (G1 Evacuation Pause)
[2026-04-03T02:42:18.455+0600][32.274s][info][gc,task        ] GC(89) Using 10 workers of 10 for evacuation
[2026-04-03T02:42:18.461+0600][32.280s][info][gc,phases      ] GC(89)   Pre Evacuate Collection Set: 0.43ms
[2026-04-03T02:42:18.461+0600][32.280s][info][gc,phases      ] GC(89)   Merge Heap Roots: 0.24ms
[2026-04-03T02:42:18.461+0600][32.281s][info][gc,phases      ] GC(89)   Evacuate Collection Set: 4.52ms
[2026-04-03T02:42:18.462+0600][32.281s][info][gc,phases      ] GC(89)   Post Evacuate Collection Set: 0.70ms
[2026-04-03T02:42:18.462+0600][32.281s][info][gc,phases      ] GC(89)   Other: 0.11ms
[2026-04-03T02:42:18.462+0600][32.281s][info][gc,heap        ] GC(89) Eden regions: 56->0(269)
[2026-04-03T02:42:18.462+0600][32.281s][info][gc,heap        ] GC(89) Survivor regions: 7->10(30)
[2026-04-03T02:42:18.462+0600][32.281s][info][gc,heap        ] GC(89) Old regions: 79->79
[2026-04-03T02:42:18.462+0600][32.281s][info][gc,heap        ] GC(89) Humongous regions: 313->23
[2026-04-03T02:42:18.462+0600][32.281s][info][gc,metaspace   ] GC(89) Metaspace: 129864K(131328K)->129864K(131328K) NonClass: 113494K(114176K)->113494K(114176K) Class: 16370K(17152K)->16370K(17152K)
[2026-04-03T02:42:18.462+0600][32.281s][info][gc             ] GC(89) Pause Young (Mixed) (G1 Evacuation Pause) 453M->109M(466M) 6.326ms
[2026-04-03T02:42:18.462+0600][32.281s][info][gc,cpu         ] GC(89) User=0.05s Sys=0.01s Real=0.01s
[2026-04-03T02:42:18.463+0600][32.282s][info][gc,start       ] GC(90) Pause Young (Concurrent Start) (G1 Humongous Allocation)
[2026-04-03T02:42:18.463+0600][32.282s][info][gc,task        ] GC(90) Using 10 workers of 10 for evacuation
[2026-04-03T02:42:18.467+0600][32.286s][info][gc,phases      ] GC(90)   Pre Evacuate Collection Set: 0.32ms
[2026-04-03T02:42:18.467+0600][32.286s][info][gc,phases      ] GC(90)   Merge Heap Roots: 0.09ms
[2026-04-03T02:42:18.467+0600][32.286s][info][gc,phases      ] GC(90)   Evacuate Collection Set: 2.96ms
[2026-04-03T02:42:18.467+0600][32.286s][info][gc,phases      ] GC(90)   Post Evacuate Collection Set: 0.66ms
[2026-04-03T02:42:18.467+0600][32.286s][info][gc,phases      ] GC(90)   Other: 0.10ms
[2026-04-03T02:42:18.467+0600][32.286s][info][gc,heap        ] GC(90) Eden regions: 3->0(270)
[2026-04-03T02:42:18.467+0600][32.286s][info][gc,heap        ] GC(90) Survivor regions: 10->9(35)
[2026-04-03T02:42:18.467+0600][32.286s][info][gc,heap        ] GC(90) Old regions: 79->79
[2026-04-03T02:42:18.467+0600][32.286s][info][gc,heap        ] GC(90) Humongous regions: 23->8
[2026-04-03T02:42:18.467+0600][32.286s][info][gc,metaspace   ] GC(90) Metaspace: 129864K(131328K)->129864K(131328K) NonClass: 113494K(114176K)->113494K(114176K) Class: 16370K(17152K)->16370K(17152K)
[2026-04-03T02:42:18.467+0600][32.286s][info][gc             ] GC(90) Pause Young (Concurrent Start) (G1 Humongous Allocation) 111M->94M(466M) 4.418ms
[2026-04-03T02:42:18.467+0600][32.286s][info][gc             ] GC(91) Concurrent Mark Cycle
[2026-04-03T02:42:18.467+0600][32.286s][info][gc,cpu         ] GC(90) User=0.03s Sys=0.00s Real=0.00s
[2026-04-03T02:42:18.467+0600][32.287s][info][gc,marking     ] GC(91) Concurrent Scan Root Regions
[2026-04-03T02:42:18.470+0600][32.289s][info][gc,marking     ] GC(91) Concurrent Scan Root Regions 2.736ms
[2026-04-03T02:42:18.470+0600][32.289s][info][gc,marking     ] GC(91) Concurrent Mark
[2026-04-03T02:42:18.470+0600][32.289s][info][gc,marking     ] GC(91) Concurrent Mark From Roots
[2026-04-03T02:42:18.470+0600][32.289s][info][gc,task        ] GC(91) Using 3 workers of 3 for marking
[2026-04-03T02:42:18.553+0600][32.372s][info][gc,marking     ] GC(91) Concurrent Mark From Roots 82.281ms
[2026-04-03T02:42:18.553+0600][32.372s][info][gc,marking     ] GC(91) Concurrent Preclean
[2026-04-03T02:42:18.553+0600][32.372s][info][gc,marking     ] GC(91) Concurrent Preclean 0.287ms
[2026-04-03T02:42:18.553+0600][32.372s][info][gc,start       ] GC(91) Pause Remark
[2026-04-03T02:42:18.562+0600][32.381s][info][gc             ] GC(91) Pause Remark 191M->191M(466M) 9.123ms
[2026-04-03T02:42:18.563+0600][32.382s][info][gc,cpu         ] GC(91) User=0.07s Sys=0.00s Real=0.01s
[2026-04-03T02:42:18.563+0600][32.382s][info][gc,marking     ] GC(91) Concurrent Mark 92.435ms
[2026-04-03T02:42:18.563+0600][32.382s][info][gc,marking     ] GC(91) Concurrent Rebuild Remembered Sets and Scrub Regions
[2026-04-03T02:42:18.591+0600][32.410s][info][gc,marking     ] GC(91) Concurrent Rebuild Remembered Sets and Scrub Regions 28.290ms
[2026-04-03T02:42:18.591+0600][32.410s][info][gc,start       ] GC(91) Pause Cleanup
[2026-04-03T02:42:18.592+0600][32.411s][info][gc             ] GC(91) Pause Cleanup 198M->198M(466M) 0.275ms
[2026-04-03T02:42:18.592+0600][32.411s][info][gc,cpu         ] GC(91) User=0.00s Sys=0.00s Real=0.00s
[2026-04-03T02:42:18.592+0600][32.411s][info][gc,marking     ] GC(91) Concurrent Clear Claimed Marks
[2026-04-03T02:42:18.592+0600][32.411s][info][gc,marking     ] GC(91) Concurrent Clear Claimed Marks 0.309ms
[2026-04-03T02:42:18.592+0600][32.411s][info][gc,marking     ] GC(91) Concurrent Cleanup for Next Mark
[2026-04-03T02:42:18.593+0600][32.412s][info][gc,marking     ] GC(91) Concurrent Cleanup for Next Mark 1.230ms
[2026-04-03T02:42:18.593+0600][32.412s][info][gc             ] GC(91) Concurrent Mark Cycle 126.063ms
[2026-04-03T02:42:18.651+0600][32.470s][info][gc,start       ] GC(92) Pause Young (Prepare Mixed) (G1 Evacuation Pause)
[2026-04-03T02:42:18.651+0600][32.470s][info][gc,task        ] GC(92) Using 10 workers of 10 for evacuation
[2026-04-03T02:42:18.655+0600][32.474s][info][gc,phases      ] GC(92)   Pre Evacuate Collection Set: 0.33ms
[2026-04-03T02:42:18.655+0600][32.474s][info][gc,phases      ] GC(92)   Merge Heap Roots: 0.15ms
[2026-04-03T02:42:18.655+0600][32.474s][info][gc,phases      ] GC(92)   Evacuate Collection Set: 3.31ms
[2026-04-03T02:42:18.655+0600][32.474s][info][gc,phases      ] GC(92)   Post Evacuate Collection Set: 0.69ms
[2026-04-03T02:42:18.655+0600][32.474s][info][gc,phases      ] GC(92)   Other: 0.10ms
[2026-04-03T02:42:18.655+0600][32.474s][info][gc,heap        ] GC(92) Eden regions: 61->0(326)
[2026-04-03T02:42:18.655+0600][32.474s][info][gc,heap        ] GC(92) Survivor regions: 9->8(38)
[2026-04-03T02:42:18.655+0600][32.474s][info][gc,heap        ] GC(92) Old regions: 79->79
[2026-04-03T02:42:18.655+0600][32.474s][info][gc,heap        ] GC(92) Humongous regions: 401->13
[2026-04-03T02:42:18.655+0600][32.474s][info][gc,metaspace   ] GC(92) Metaspace: 129879K(131328K)->129879K(131328K) NonClass: 113508K(114176K)->113508K(114176K) Class: 16371K(17152K)->16371K(17152K)
[2026-04-03T02:42:18.655+0600][32.474s][info][gc             ] GC(92) Pause Young (Prepare Mixed) (G1 Evacuation Pause) 548M->98M(558M) 4.832ms
[2026-04-03T02:42:18.656+0600][32.475s][info][gc,cpu         ] GC(92) User=0.03s Sys=0.01s Real=0.00s
[2026-04-03T02:42:19.265+0600][33.084s][info][gc,start       ] GC(93) Pause Young (Mixed) (GCLocker Initiated GC)
[2026-04-03T02:42:19.266+0600][33.085s][info][gc,task        ] GC(93) Using 10 workers of 10 for evacuation
[2026-04-03T02:42:19.274+0600][33.093s][info][gc,phases      ] GC(93)   Pre Evacuate Collection Set: 0.50ms
[2026-04-03T02:42:19.274+0600][33.093s][info][gc,phases      ] GC(93)   Merge Heap Roots: 0.34ms
[2026-04-03T02:42:19.274+0600][33.093s][info][gc,phases      ] GC(93)   Evacuate Collection Set: 6.98ms
[2026-04-03T02:42:19.274+0600][33.093s][info][gc,phases      ] GC(93)   Post Evacuate Collection Set: 0.80ms
[2026-04-03T02:42:19.274+0600][33.093s][info][gc,phases      ] GC(93)   Other: 0.14ms
[2026-04-03T02:42:19.274+0600][33.093s][info][gc,heap        ] GC(93) Eden regions: 315->0(332)
[2026-04-03T02:42:19.274+0600][33.093s][info][gc,heap        ] GC(93) Survivor regions: 8->12(42)
[2026-04-03T02:42:19.274+0600][33.093s][info][gc,heap        ] GC(93) Old regions: 79->80
[2026-04-03T02:42:19.274+0600][33.093s][info][gc,heap        ] GC(93) Humongous regions: 158->8
[2026-04-03T02:42:19.274+0600][33.094s][info][gc,metaspace   ] GC(93) Metaspace: 129968K(131456K)->129968K(131456K) NonClass: 113596K(114304K)->113596K(114304K) Class: 16371K(17152K)->16371K(17152K)
[2026-04-03T02:42:19.275+0600][33.094s][info][gc             ] GC(93) Pause Young (Mixed) (GCLocker Initiated GC) 558M->98M(574M) 9.084ms
[2026-04-03T02:42:19.275+0600][33.094s][info][gc,cpu         ] GC(93) User=0.06s Sys=0.01s Real=0.01s
[2026-04-03T02:42:19.281+0600][33.100s][info][gc,start       ] GC(94) Pause Young (Concurrent Start) (G1 Humongous Allocation)
[2026-04-03T02:42:19.281+0600][33.100s][info][gc,task        ] GC(94) Using 10 workers of 10 for evacuation
[2026-04-03T02:42:19.287+0600][33.106s][info][gc,phases      ] GC(94)   Pre Evacuate Collection Set: 0.58ms
[2026-04-03T02:42:19.287+0600][33.106s][info][gc,phases      ] GC(94)   Merge Heap Roots: 0.23ms
[2026-04-03T02:42:19.287+0600][33.106s][info][gc,phases      ] GC(94)   Evacuate Collection Set: 3.46ms
[2026-04-03T02:42:19.287+0600][33.106s][info][gc,phases      ] GC(94)   Post Evacuate Collection Set: 0.75ms
[2026-04-03T02:42:19.287+0600][33.106s][info][gc,phases      ] GC(94)   Other: 0.25ms
[2026-04-03T02:42:19.287+0600][33.106s][info][gc,heap        ] GC(94) Eden regions: 8->0(335)
[2026-04-03T02:42:19.287+0600][33.106s][info][gc,heap        ] GC(94) Survivor regions: 12->9(43)
[2026-04-03T02:42:19.287+0600][33.106s][info][gc,heap        ] GC(94) Old regions: 80->80
[2026-04-03T02:42:19.287+0600][33.106s][info][gc,heap        ] GC(94) Humongous regions: 8->8
[2026-04-03T02:42:19.287+0600][33.106s][info][gc,metaspace   ] GC(94) Metaspace: 129973K(131456K)->129973K(131456K) NonClass: 113601K(114304K)->113601K(114304K) Class: 16371K(17152K)->16371K(17152K)
[2026-04-03T02:42:19.287+0600][33.106s][info][gc             ] GC(94) Pause Young (Concurrent Start) (G1 Humongous Allocation) 106M->96M(574M) 5.809ms
[2026-04-03T02:42:19.287+0600][33.106s][info][gc             ] GC(95) Concurrent Mark Cycle
[2026-04-03T02:42:19.287+0600][33.106s][info][gc,marking     ] GC(95) Concurrent Scan Root Regions
[2026-04-03T02:42:19.287+0600][33.106s][info][gc,cpu         ] GC(94) User=0.04s Sys=0.00s Real=0.00s
[2026-04-03T02:42:19.291+0600][33.110s][info][gc,marking     ] GC(95) Concurrent Scan Root Regions 3.620ms
[2026-04-03T02:42:19.291+0600][33.110s][info][gc,marking     ] GC(95) Concurrent Mark
[2026-04-03T02:42:19.291+0600][33.110s][info][gc,marking     ] GC(95) Concurrent Mark From Roots
[2026-04-03T02:42:19.291+0600][33.110s][info][gc,task        ] GC(95) Using 3 workers of 3 for marking
[2026-04-03T02:42:19.374+0600][33.193s][info][gc,marking     ] GC(95) Concurrent Mark From Roots 83.568ms
[2026-04-03T02:42:19.375+0600][33.194s][info][gc,marking     ] GC(95) Concurrent Preclean
[2026-04-03T02:42:19.375+0600][33.194s][info][gc,marking     ] GC(95) Concurrent Preclean 0.444ms
[2026-04-03T02:42:19.375+0600][33.194s][info][gc,start       ] GC(95) Pause Remark
[2026-04-03T02:42:19.384+0600][33.203s][info][gc             ] GC(95) Pause Remark 174M->174M(457M) 9.063ms
[2026-04-03T02:42:19.385+0600][33.204s][info][gc,cpu         ] GC(95) User=0.06s Sys=0.00s Real=0.01s
[2026-04-03T02:42:19.385+0600][33.204s][info][gc,marking     ] GC(95) Concurrent Mark 93.861ms
[2026-04-03T02:42:19.385+0600][33.204s][info][gc,marking     ] GC(95) Concurrent Rebuild Remembered Sets and Scrub Regions
[2026-04-03T02:42:19.425+0600][33.244s][info][gc,marking     ] GC(95) Concurrent Rebuild Remembered Sets and Scrub Regions 40.162ms
[2026-04-03T02:42:19.425+0600][33.244s][info][gc,start       ] GC(95) Pause Cleanup
[2026-04-03T02:42:19.425+0600][33.245s][info][gc             ] GC(95) Pause Cleanup 201M->201M(457M) 0.239ms
[2026-04-03T02:42:19.426+0600][33.245s][info][gc,cpu         ] GC(95) User=0.00s Sys=0.00s Real=0.00s
[2026-04-03T02:42:19.426+0600][33.245s][info][gc,marking     ] GC(95) Concurrent Clear Claimed Marks
[2026-04-03T02:42:19.426+0600][33.245s][info][gc,marking     ] GC(95) Concurrent Clear Claimed Marks 0.349ms
[2026-04-03T02:42:19.426+0600][33.245s][info][gc,marking     ] GC(95) Concurrent Cleanup for Next Mark
[2026-04-03T02:42:19.427+0600][33.246s][info][gc,marking     ] GC(95) Concurrent Cleanup for Next Mark 0.931ms
[2026-04-03T02:42:19.427+0600][33.246s][info][gc             ] GC(95) Concurrent Mark Cycle 139.895ms
[2026-04-03T02:42:19.651+0600][33.470s][info][gc,start       ] GC(96) Pause Young (Prepare Mixed) (G1 Evacuation Pause)
[2026-04-03T02:42:19.651+0600][33.470s][info][gc,task        ] GC(96) Using 10 workers of 10 for evacuation
[2026-04-03T02:42:19.658+0600][33.477s][info][gc,phases      ] GC(96)   Pre Evacuate Collection Set: 0.40ms
[2026-04-03T02:42:19.658+0600][33.477s][info][gc,phases      ] GC(96)   Merge Heap Roots: 0.19ms
[2026-04-03T02:42:19.658+0600][33.477s][info][gc,phases      ] GC(96)   Evacuate Collection Set: 5.38ms
[2026-04-03T02:42:19.658+0600][33.477s][info][gc,phases      ] GC(96)   Post Evacuate Collection Set: 0.68ms
[2026-04-03T02:42:19.658+0600][33.477s][info][gc,phases      ] GC(96)   Other: 0.12ms
[2026-04-03T02:42:19.658+0600][33.477s][info][gc,heap        ] GC(96) Eden regions: 199->0(273)
[2026-04-03T02:42:19.658+0600][33.477s][info][gc,heap        ] GC(96) Survivor regions: 9->10(35)
[2026-04-03T02:42:19.658+0600][33.477s][info][gc,heap        ] GC(96) Old regions: 80->81
[2026-04-03T02:42:19.658+0600][33.477s][info][gc,heap        ] GC(96) Humongous regions: 174->8
[2026-04-03T02:42:19.658+0600][33.477s][info][gc,metaspace   ] GC(96) Metaspace: 129979K(131456K)->129979K(131456K) NonClass: 113607K(114304K)->113607K(114304K) Class: 16372K(17152K)->16372K(17152K)
[2026-04-03T02:42:19.658+0600][33.477s][info][gc             ] GC(96) Pause Young (Prepare Mixed) (G1 Evacuation Pause) 461M->97M(473M) 7.149ms
[2026-04-03T02:42:19.658+0600][33.477s][info][gc,cpu         ] GC(96) User=0.05s Sys=0.02s Real=0.00s
[2026-04-03T02:42:19.978+0600][33.797s][info][gc,start       ] GC(97) Pause Young (Mixed) (G1 Evacuation Pause)
[2026-04-03T02:42:19.978+0600][33.797s][info][gc,task        ] GC(97) Using 10 workers of 10 for evacuation
[2026-04-03T02:42:19.984+0600][33.803s][info][gc,phases      ] GC(97)   Pre Evacuate Collection Set: 0.54ms
[2026-04-03T02:42:19.984+0600][33.803s][info][gc,phases      ] GC(97)   Merge Heap Roots: 0.22ms
[2026-04-03T02:42:19.984+0600][33.803s][info][gc,phases      ] GC(97)   Evacuate Collection Set: 4.18ms
[2026-04-03T02:42:19.984+0600][33.803s][info][gc,phases      ] GC(97)   Post Evacuate Collection Set: 0.59ms
[2026-04-03T02:42:19.984+0600][33.803s][info][gc,phases      ] GC(97)   Other: 0.13ms
[2026-04-03T02:42:19.984+0600][33.803s][info][gc,heap        ] GC(97) Eden regions: 223->0(290)
[2026-04-03T02:42:19.984+0600][33.803s][info][gc,heap        ] GC(97) Survivor regions: 10->9(36)
[2026-04-03T02:42:19.984+0600][33.803s][info][gc,heap        ] GC(97) Old regions: 81->80
[2026-04-03T02:42:19.984+0600][33.803s][info][gc,heap        ] GC(97) Humongous regions: 176->8
[2026-04-03T02:42:19.984+0600][33.803s][info][gc,metaspace   ] GC(97) Metaspace: 129981K(131456K)->129981K(131456K) NonClass: 113609K(114304K)->113609K(114304K) Class: 16372K(17152K)->16372K(17152K)
[2026-04-03T02:42:19.984+0600][33.803s][info][gc             ] GC(97) Pause Young (Mixed) (G1 Evacuation Pause) 488M->96M(499M) 5.948ms
[2026-04-03T02:42:19.984+0600][33.803s][info][gc,cpu         ] GC(97) User=0.03s Sys=0.02s Real=0.01s
[2026-04-03T02:42:20.003+0600][33.822s][info][gc,start       ] GC(98) Pause Young (Concurrent Start) (GCLocker Initiated GC)
[2026-04-03T02:42:20.003+0600][33.822s][info][gc,task        ] GC(98) Using 10 workers of 10 for evacuation
[2026-04-03T02:42:20.009+0600][33.828s][info][gc,phases      ] GC(98)   Pre Evacuate Collection Set: 0.60ms
[2026-04-03T02:42:20.009+0600][33.828s][info][gc,phases      ] GC(98)   Merge Heap Roots: 0.24ms
[2026-04-03T02:42:20.009+0600][33.828s][info][gc,phases      ] GC(98)   Evacuate Collection Set: 3.96ms
[2026-04-03T02:42:20.009+0600][33.828s][info][gc,phases      ] GC(98)   Post Evacuate Collection Set: 0.52ms
[2026-04-03T02:42:20.009+0600][33.828s][info][gc,phases      ] GC(98)   Other: 0.23ms
[2026-04-03T02:42:20.009+0600][33.828s][info][gc,heap        ] GC(98) Eden regions: 16->0(289)
[2026-04-03T02:42:20.009+0600][33.828s][info][gc,heap        ] GC(98) Survivor regions: 9->10(38)
[2026-04-03T02:42:20.009+0600][33.828s][info][gc,heap        ] GC(98) Old regions: 80->80
[2026-04-03T02:42:20.009+0600][33.828s][info][gc,heap        ] GC(98) Humongous regions: 8->8
[2026-04-03T02:42:20.009+0600][33.828s][info][gc,metaspace   ] GC(98) Metaspace: 129981K(131456K)->129981K(131456K) NonClass: 113609K(114304K)->113609K(114304K) Class: 16372K(17152K)->16372K(17152K)
[2026-04-03T02:42:20.009+0600][33.828s][info][gc             ] GC(98) Pause Young (Concurrent Start) (GCLocker Initiated GC) 112M->96M(499M) 5.885ms
[2026-04-03T02:42:20.009+0600][33.828s][info][gc             ] GC(99) Concurrent Mark Cycle
[2026-04-03T02:42:20.009+0600][33.828s][info][gc,marking     ] GC(99) Concurrent Scan Root Regions
[2026-04-03T02:42:20.009+0600][33.828s][info][gc,cpu         ] GC(98) User=0.04s Sys=0.00s Real=0.00s
[2026-04-03T02:42:20.013+0600][33.832s][info][gc,marking     ] GC(99) Concurrent Scan Root Regions 3.628ms
[2026-04-03T02:42:20.013+0600][33.832s][info][gc,marking     ] GC(99) Concurrent Mark
[2026-04-03T02:42:20.013+0600][33.832s][info][gc,marking     ] GC(99) Concurrent Mark From Roots
[2026-04-03T02:42:20.013+0600][33.832s][info][gc,task        ] GC(99) Using 3 workers of 3 for marking
[2026-04-03T02:42:20.091+0600][33.910s][info][gc,marking     ] GC(99) Concurrent Mark From Roots 78.361ms
[2026-04-03T02:42:20.091+0600][33.910s][info][gc,marking     ] GC(99) Concurrent Preclean
[2026-04-03T02:42:20.092+0600][33.911s][info][gc,marking     ] GC(99) Concurrent Preclean 0.641ms
[2026-04-03T02:42:20.092+0600][33.911s][info][gc,start       ] GC(99) Pause Remark
[2026-04-03T02:42:20.101+0600][33.920s][info][gc             ] GC(99) Pause Remark 183M->183M(467M) 9.005ms
[2026-04-03T02:42:20.101+0600][33.920s][info][gc,cpu         ] GC(99) User=0.07s Sys=0.00s Real=0.01s
[2026-04-03T02:42:20.102+0600][33.921s][info][gc,marking     ] GC(99) Concurrent Mark 88.840ms
[2026-04-03T02:42:20.102+0600][33.921s][info][gc,marking     ] GC(99) Concurrent Rebuild Remembered Sets and Scrub Regions
[2026-04-03T02:42:20.137+0600][33.956s][info][gc,marking     ] GC(99) Concurrent Rebuild Remembered Sets and Scrub Regions 35.134ms
[2026-04-03T02:42:20.137+0600][33.956s][info][gc,start       ] GC(99) Pause Cleanup
[2026-04-03T02:42:20.138+0600][33.957s][info][gc             ] GC(99) Pause Cleanup 210M->210M(467M) 0.347ms
[2026-04-03T02:42:20.138+0600][33.957s][info][gc,cpu         ] GC(99) User=0.00s Sys=0.00s Real=0.00s
[2026-04-03T02:42:20.138+0600][33.957s][info][gc,marking     ] GC(99) Concurrent Clear Claimed Marks
[2026-04-03T02:42:20.138+0600][33.957s][info][gc,marking     ] GC(99) Concurrent Clear Claimed Marks 0.441ms
[2026-04-03T02:42:20.138+0600][33.957s][info][gc,marking     ] GC(99) Concurrent Cleanup for Next Mark
[2026-04-03T02:42:20.139+0600][33.959s][info][gc,marking     ] GC(99) Concurrent Cleanup for Next Mark 1.048ms
[2026-04-03T02:42:20.140+0600][33.959s][info][gc             ] GC(99) Concurrent Mark Cycle 130.686ms
[2026-04-03T02:42:20.558+0600][34.377s][info][gc,start       ] GC(100) Pause Young (Prepare Mixed) (G1 Evacuation Pause)
[2026-04-03T02:42:20.558+0600][34.377s][info][gc,task        ] GC(100) Using 10 workers of 10 for evacuation
[2026-04-03T02:42:20.565+0600][34.384s][info][gc,phases      ] GC(100)   Pre Evacuate Collection Set: 0.54ms
[2026-04-03T02:42:20.565+0600][34.384s][info][gc,phases      ] GC(100)   Merge Heap Roots: 0.30ms
[2026-04-03T02:42:20.565+0600][34.384s][info][gc,phases      ] GC(100)   Evacuate Collection Set: 4.74ms
[2026-04-03T02:42:20.565+0600][34.384s][info][gc,phases      ] GC(100)   Post Evacuate Collection Set: 0.89ms
[2026-04-03T02:42:20.565+0600][34.384s][info][gc,phases      ] GC(100)   Other: 0.12ms
[2026-04-03T02:42:20.565+0600][34.384s][info][gc,heap        ] GC(100) Eden regions: 259->0(280)
[2026-04-03T02:42:20.565+0600][34.384s][info][gc,heap        ] GC(100) Survivor regions: 10->9(35)
[2026-04-03T02:42:20.565+0600][34.384s][info][gc,heap        ] GC(100) Old regions: 80->82
[2026-04-03T02:42:20.565+0600][34.384s][info][gc,heap        ] GC(100) Humongous regions: 123->8
[2026-04-03T02:42:20.565+0600][34.384s][info][gc,metaspace   ] GC(100) Metaspace: 130055K(131520K)->130055K(131520K) NonClass: 113681K(114368K)->113681K(114368K) Class: 16373K(17152K)->16373K(17152K)
[2026-04-03T02:42:20.565+0600][34.384s][info][gc             ] GC(100) Pause Young (Prepare Mixed) (G1 Evacuation Pause) 470M->96M(483M) 6.907ms
[2026-04-03T02:42:20.565+0600][34.384s][info][gc,cpu         ] GC(100) User=0.04s Sys=0.02s Real=0.01s
[2026-04-03T02:42:20.870+0600][34.689s][info][gc,start       ] GC(101) Pause Young (Mixed) (G1 Evacuation Pause)
[2026-04-03T02:42:20.870+0600][34.689s][info][gc,task        ] GC(101) Using 10 workers of 10 for evacuation
[2026-04-03T02:42:20.877+0600][34.696s][info][gc,phases      ] GC(101)   Pre Evacuate Collection Set: 0.40ms
[2026-04-03T02:42:20.877+0600][34.696s][info][gc,phases      ] GC(101)   Merge Heap Roots: 0.25ms
[2026-04-03T02:42:20.877+0600][34.696s][info][gc,phases      ] GC(101)   Evacuate Collection Set: 5.39ms
[2026-04-03T02:42:20.877+0600][34.696s][info][gc,phases      ] GC(101)   Post Evacuate Collection Set: 0.70ms
[2026-04-03T02:42:20.877+0600][34.696s][info][gc,phases      ] GC(101)   Other: 0.13ms
[2026-04-03T02:42:20.877+0600][34.696s][info][gc,heap        ] GC(101) Eden regions: 216->0(286)
[2026-04-03T02:42:20.877+0600][34.696s][info][gc,heap        ] GC(101) Survivor regions: 9->9(37)
[2026-04-03T02:42:20.877+0600][34.696s][info][gc,heap        ] GC(101) Old regions: 82->81
[2026-04-03T02:42:20.877+0600][34.696s][info][gc,heap        ] GC(101) Humongous regions: 176->8
[2026-04-03T02:42:20.877+0600][34.696s][info][gc,metaspace   ] GC(101) Metaspace: 130078K(131584K)->130078K(131584K) NonClass: 113704K(114432K)->113704K(114432K) Class: 16374K(17152K)->16374K(17152K)
[2026-04-03T02:42:20.877+0600][34.696s][info][gc             ] GC(101) Pause Young (Mixed) (G1 Evacuation Pause) 480M->96M(492M) 7.165ms
[2026-04-03T02:42:20.877+0600][34.696s][info][gc,cpu         ] GC(101) User=0.04s Sys=0.02s Real=0.00s
[2026-04-03T02:42:20.892+0600][34.711s][info][gc,start       ] GC(102) Pause Young (Concurrent Start) (G1 Humongous Allocation)
[2026-04-03T02:42:20.893+0600][34.712s][info][gc,task        ] GC(102) Using 10 workers of 10 for evacuation
[2026-04-03T02:42:20.898+0600][34.717s][info][gc,phases      ] GC(102)   Pre Evacuate Collection Set: 0.70ms
[2026-04-03T02:42:20.898+0600][34.718s][info][gc,phases      ] GC(102)   Merge Heap Roots: 0.25ms
[2026-04-03T02:42:20.899+0600][34.718s][info][gc,phases      ] GC(102)   Evacuate Collection Set: 3.64ms
[2026-04-03T02:42:20.899+0600][34.718s][info][gc,phases      ] GC(102)   Post Evacuate Collection Set: 0.95ms
[2026-04-03T02:42:20.899+0600][34.718s][info][gc,phases      ] GC(102)   Other: 0.30ms
[2026-04-03T02:42:20.899+0600][34.718s][info][gc,heap        ] GC(102) Eden regions: 17->0(285)
[2026-04-03T02:42:20.899+0600][34.718s][info][gc,heap        ] GC(102) Survivor regions: 9->10(37)
[2026-04-03T02:42:20.899+0600][34.718s][info][gc,heap        ] GC(102) Old regions: 81->81
[2026-04-03T02:42:20.899+0600][34.718s][info][gc,heap        ] GC(102) Humongous regions: 8->8
[2026-04-03T02:42:20.899+0600][34.718s][info][gc,metaspace   ] GC(102) Metaspace: 130078K(131584K)->130078K(131584K) NonClass: 113704K(114432K)->113704K(114432K) Class: 16374K(17152K)->16374K(17152K)
[2026-04-03T02:42:20.899+0600][34.718s][info][gc             ] GC(102) Pause Young (Concurrent Start) (G1 Humongous Allocation) 113M->98M(492M) 6.211ms
[2026-04-03T02:42:20.899+0600][34.718s][info][gc             ] GC(103) Concurrent Mark Cycle
[2026-04-03T02:42:20.899+0600][34.718s][info][gc,marking     ] GC(103) Concurrent Scan Root Regions
[2026-04-03T02:42:20.899+0600][34.718s][info][gc,cpu         ] GC(102) User=0.04s Sys=0.00s Real=0.00s
[2026-04-03T02:42:20.902+0600][34.721s][info][gc,marking     ] GC(103) Concurrent Scan Root Regions 3.401ms
[2026-04-03T02:42:20.902+0600][34.721s][info][gc,marking     ] GC(103) Concurrent Mark
[2026-04-03T02:42:20.902+0600][34.721s][info][gc,marking     ] GC(103) Concurrent Mark From Roots
[2026-04-03T02:42:20.902+0600][34.721s][info][gc,task        ] GC(103) Using 3 workers of 3 for marking
[2026-04-03T02:42:20.991+0600][34.810s][info][gc,marking     ] GC(103) Concurrent Mark From Roots 88.179ms
[2026-04-03T02:42:20.991+0600][34.810s][info][gc,marking     ] GC(103) Concurrent Preclean
[2026-04-03T02:42:20.991+0600][34.810s][info][gc,marking     ] GC(103) Concurrent Preclean 0.541ms
[2026-04-03T02:42:20.992+0600][34.811s][info][gc,start       ] GC(103) Pause Remark
[2026-04-03T02:42:21.001+0600][34.820s][info][gc             ] GC(103) Pause Remark 175M->175M(470M) 9.392ms
[2026-04-03T02:42:21.001+0600][34.820s][info][gc,cpu         ] GC(103) User=0.06s Sys=0.00s Real=0.01s
[2026-04-03T02:42:21.002+0600][34.821s][info][gc,marking     ] GC(103) Concurrent Mark 100.067ms
[2026-04-03T02:42:21.003+0600][34.822s][info][gc,marking     ] GC(103) Concurrent Rebuild Remembered Sets and Scrub Regions
[2026-04-03T02:42:21.044+0600][34.863s][info][gc,marking     ] GC(103) Concurrent Rebuild Remembered Sets and Scrub Regions 41.697ms
[2026-04-03T02:42:21.045+0600][34.864s][info][gc,start       ] GC(103) Pause Cleanup
[2026-04-03T02:42:21.045+0600][34.864s][info][gc             ] GC(103) Pause Cleanup 217M->217M(470M) 0.478ms
[2026-04-03T02:42:21.045+0600][34.864s][info][gc,cpu         ] GC(103) User=0.01s Sys=0.00s Real=0.00s
[2026-04-03T02:42:21.045+0600][34.864s][info][gc,marking     ] GC(103) Concurrent Clear Claimed Marks
[2026-04-03T02:42:21.046+0600][34.865s][info][gc,marking     ] GC(103) Concurrent Clear Claimed Marks 0.338ms
[2026-04-03T02:42:21.046+0600][34.865s][info][gc,marking     ] GC(103) Concurrent Cleanup for Next Mark
[2026-04-03T02:42:21.047+0600][34.866s][info][gc,marking     ] GC(103) Concurrent Cleanup for Next Mark 0.866ms
[2026-04-03T02:42:21.047+0600][34.866s][info][gc             ] GC(103) Concurrent Mark Cycle 147.821ms
[2026-04-03T02:42:21.259+0600][35.078s][info][gc,start       ] GC(104) Pause Young (Prepare Mixed) (G1 Evacuation Pause)
[2026-04-03T02:42:21.259+0600][35.078s][info][gc,task        ] GC(104) Using 10 workers of 10 for evacuation
[2026-04-03T02:42:21.266+0600][35.085s][info][gc,phases      ] GC(104)   Pre Evacuate Collection Set: 0.34ms
[2026-04-03T02:42:21.266+0600][35.085s][info][gc,phases      ] GC(104)   Merge Heap Roots: 0.30ms
[2026-04-03T02:42:21.266+0600][35.085s][info][gc,phases      ] GC(104)   Evacuate Collection Set: 5.09ms
[2026-04-03T02:42:21.266+0600][35.085s][info][gc,phases      ] GC(104)   Post Evacuate Collection Set: 0.73ms
[2026-04-03T02:42:21.266+0600][35.085s][info][gc,phases      ] GC(104)   Other: 0.11ms
[2026-04-03T02:42:21.266+0600][35.085s][info][gc,heap        ] GC(104) Eden regions: 208->0(282)
[2026-04-03T02:42:21.266+0600][35.085s][info][gc,heap        ] GC(104) Survivor regions: 10->9(36)
[2026-04-03T02:42:21.266+0600][35.085s][info][gc,heap        ] GC(104) Old regions: 81->82
[2026-04-03T02:42:21.266+0600][35.085s][info][gc,heap        ] GC(104) Humongous regions: 176->8
[2026-04-03T02:42:21.266+0600][35.085s][info][gc,metaspace   ] GC(104) Metaspace: 130093K(131584K)->130093K(131584K) NonClass: 113719K(114432K)->113719K(114432K) Class: 16374K(17152K)->16374K(17152K)
[2026-04-03T02:42:21.266+0600][35.085s][info][gc             ] GC(104) Pause Young (Prepare Mixed) (G1 Evacuation Pause) 474M->97M(485M) 6.856ms
[2026-04-03T02:42:21.266+0600][35.085s][info][gc,cpu         ] GC(104) User=0.04s Sys=0.01s Real=0.01s
[2026-04-03T02:42:21.672+0600][35.491s][info][gc,start       ] GC(105) Pause Young (Mixed) (G1 Evacuation Pause)
[2026-04-03T02:42:21.672+0600][35.491s][info][gc,task        ] GC(105) Using 10 workers of 10 for evacuation
[2026-04-03T02:42:21.680+0600][35.499s][info][gc,phases      ] GC(105)   Pre Evacuate Collection Set: 0.36ms
[2026-04-03T02:42:21.680+0600][35.499s][info][gc,phases      ] GC(105)   Merge Heap Roots: 0.26ms
[2026-04-03T02:42:21.680+0600][35.499s][info][gc,phases      ] GC(105)   Evacuate Collection Set: 6.73ms
[2026-04-03T02:42:21.680+0600][35.499s][info][gc,phases      ] GC(105)   Post Evacuate Collection Set: 0.99ms
[2026-04-03T02:42:21.680+0600][35.499s][info][gc,phases      ] GC(105)   Other: 0.15ms
[2026-04-03T02:42:21.680+0600][35.499s][info][gc,heap        ] GC(105) Eden regions: 245->0(291)
[2026-04-03T02:42:21.680+0600][35.499s][info][gc,heap        ] GC(105) Survivor regions: 9->10(37)
[2026-04-03T02:42:21.680+0600][35.499s][info][gc,heap        ] GC(105) Old regions: 82->83
[2026-04-03T02:42:21.680+0600][35.499s][info][gc,heap        ] GC(105) Humongous regions: 154->8
[2026-04-03T02:42:21.680+0600][35.499s][info][gc,metaspace   ] GC(105) Metaspace: 130113K(131648K)->130113K(131648K) NonClass: 113739K(114496K)->113739K(114496K) Class: 16374K(17152K)->16374K(17152K)
[2026-04-03T02:42:21.680+0600][35.499s][info][gc             ] GC(105) Pause Young (Mixed) (G1 Evacuation Pause) 488M->99M(502M) 8.891ms
[2026-04-03T02:42:21.681+0600][35.500s][info][gc,cpu         ] GC(105) User=0.07s Sys=0.02s Real=0.01s
[2026-04-03T02:42:21.743+0600][35.562s][info][gc,start       ] GC(106) Pause Young (Concurrent Start) (G1 Humongous Allocation)
[2026-04-03T02:42:21.743+0600][35.562s][info][gc,task        ] GC(106) Using 10 workers of 10 for evacuation
[2026-04-03T02:42:21.748+0600][35.567s][info][gc,phases      ] GC(106)   Pre Evacuate Collection Set: 0.46ms
[2026-04-03T02:42:21.748+0600][35.567s][info][gc,phases      ] GC(106)   Merge Heap Roots: 0.19ms
[2026-04-03T02:42:21.748+0600][35.567s][info][gc,phases      ] GC(106)   Evacuate Collection Set: 3.75ms
[2026-04-03T02:42:21.748+0600][35.567s][info][gc,phases      ] GC(106)   Post Evacuate Collection Set: 0.70ms
[2026-04-03T02:42:21.748+0600][35.567s][info][gc,phases      ] GC(106)   Other: 0.13ms
[2026-04-03T02:42:21.748+0600][35.567s][info][gc,heap        ] GC(106) Eden regions: 69->0(292)
[2026-04-03T02:42:21.748+0600][35.567s][info][gc,heap        ] GC(106) Survivor regions: 10->9(38)
[2026-04-03T02:42:21.748+0600][35.567s][info][gc,heap        ] GC(106) Old regions: 83->83
[2026-04-03T02:42:21.748+0600][35.567s][info][gc,heap        ] GC(106) Humongous regions: 8->8
[2026-04-03T02:42:21.748+0600][35.567s][info][gc,metaspace   ] GC(106) Metaspace: 130114K(131648K)->130114K(131648K) NonClass: 113739K(114496K)->113739K(114496K) Class: 16374K(17152K)->16374K(17152K)
[2026-04-03T02:42:21.748+0600][35.567s][info][gc             ] GC(106) Pause Young (Concurrent Start) (G1 Humongous Allocation) 168M->99M(502M) 5.538ms
[2026-04-03T02:42:21.748+0600][35.568s][info][gc             ] GC(107) Concurrent Mark Cycle
[2026-04-03T02:42:21.749+0600][35.568s][info][gc,cpu         ] GC(106) User=0.05s Sys=0.00s Real=0.00s
[2026-04-03T02:42:21.749+0600][35.568s][info][gc,marking     ] GC(107) Concurrent Scan Root Regions
[2026-04-03T02:42:21.752+0600][35.571s][info][gc,marking     ] GC(107) Concurrent Scan Root Regions 3.808ms
[2026-04-03T02:42:21.752+0600][35.572s][info][gc,marking     ] GC(107) Concurrent Mark
[2026-04-03T02:42:21.753+0600][35.572s][info][gc,marking     ] GC(107) Concurrent Mark From Roots
[2026-04-03T02:42:21.753+0600][35.572s][info][gc,task        ] GC(107) Using 3 workers of 3 for marking
[2026-04-03T02:42:21.831+0600][35.650s][info][gc,marking     ] GC(107) Concurrent Mark From Roots 78.788ms
[2026-04-03T02:42:21.831+0600][35.650s][info][gc,marking     ] GC(107) Concurrent Preclean
[2026-04-03T02:42:21.832+0600][35.651s][info][gc,marking     ] GC(107) Concurrent Preclean 0.342ms
[2026-04-03T02:42:21.832+0600][35.651s][info][gc,start       ] GC(107) Pause Remark
[2026-04-03T02:42:21.842+0600][35.661s][info][gc             ] GC(107) Pause Remark 180M->180M(404M) 10.009ms
[2026-04-03T02:42:21.842+0600][35.661s][info][gc,cpu         ] GC(107) User=0.06s Sys=0.01s Real=0.01s
[2026-04-03T02:42:21.843+0600][35.662s][info][gc,marking     ] GC(107) Concurrent Mark 90.218ms
[2026-04-03T02:42:21.843+0600][35.662s][info][gc,marking     ] GC(107) Concurrent Rebuild Remembered Sets and Scrub Regions
[2026-04-03T02:42:21.883+0600][35.702s][info][gc,marking     ] GC(107) Concurrent Rebuild Remembered Sets and Scrub Regions 39.920ms
[2026-04-03T02:42:21.883+0600][35.702s][info][gc,start       ] GC(107) Pause Cleanup
[2026-04-03T02:42:21.884+0600][35.703s][info][gc             ] GC(107) Pause Cleanup 244M->244M(404M) 0.430ms
[2026-04-03T02:42:21.884+0600][35.703s][info][gc,cpu         ] GC(107) User=0.00s Sys=0.00s Real=0.00s
[2026-04-03T02:42:21.884+0600][35.703s][info][gc,marking     ] GC(107) Concurrent Clear Claimed Marks
[2026-04-03T02:42:21.884+0600][35.703s][info][gc,marking     ] GC(107) Concurrent Clear Claimed Marks 0.396ms
[2026-04-03T02:42:21.884+0600][35.703s][info][gc,marking     ] GC(107) Concurrent Cleanup for Next Mark
[2026-04-03T02:42:21.886+0600][35.705s][info][gc,marking     ] GC(107) Concurrent Cleanup for Next Mark 1.044ms
[2026-04-03T02:42:21.886+0600][35.705s][info][gc             ] GC(107) Concurrent Mark Cycle 137.165ms
[2026-04-03T02:42:22.025+0600][35.844s][info][gc,start       ] GC(108) Pause Young (Prepare Mixed) (G1 Evacuation Pause)
[2026-04-03T02:42:22.025+0600][35.844s][info][gc,task        ] GC(108) Using 10 workers of 10 for evacuation
[2026-04-03T02:42:22.031+0600][35.850s][info][gc,phases      ] GC(108)   Pre Evacuate Collection Set: 0.26ms
[2026-04-03T02:42:22.031+0600][35.850s][info][gc,phases      ] GC(108)   Merge Heap Roots: 0.18ms
[2026-04-03T02:42:22.031+0600][35.850s][info][gc,phases      ] GC(108)   Evacuate Collection Set: 4.37ms
[2026-04-03T02:42:22.031+0600][35.850s][info][gc,phases      ] GC(108)   Post Evacuate Collection Set: 0.67ms
[2026-04-03T02:42:22.031+0600][35.850s][info][gc,phases      ] GC(108)   Other: 0.10ms
[2026-04-03T02:42:22.031+0600][35.850s][info][gc,heap        ] GC(108) Eden regions: 175->0(284)
[2026-04-03T02:42:22.031+0600][35.850s][info][gc,heap        ] GC(108) Survivor regions: 9->10(31)
[2026-04-03T02:42:22.031+0600][35.850s][info][gc,heap        ] GC(108) Old regions: 83->84
[2026-04-03T02:42:22.031+0600][35.850s][info][gc,heap        ] GC(108) Humongous regions: 212->23
[2026-04-03T02:42:22.031+0600][35.850s][info][gc,metaspace   ] GC(108) Metaspace: 130122K(131648K)->130122K(131648K) NonClass: 113747K(114496K)->113747K(114496K) Class: 16374K(17152K)->16374K(17152K)
[2026-04-03T02:42:22.031+0600][35.850s][info][gc             ] GC(108) Pause Young (Prepare Mixed) (G1 Evacuation Pause) 478M->115M(490M) 5.858ms
[2026-04-03T02:42:22.031+0600][35.850s][info][gc,cpu         ] GC(108) User=0.03s Sys=0.01s Real=0.01s
[2026-04-03T02:42:22.163+0600][35.982s][info][gc,start       ] GC(109) Pause Young (Mixed) (G1 Evacuation Pause)
[2026-04-03T02:42:22.163+0600][35.982s][info][gc,task        ] GC(109) Using 10 workers of 10 for evacuation
[2026-04-03T02:42:22.168+0600][35.987s][info][gc,phases      ] GC(109)   Pre Evacuate Collection Set: 0.31ms
[2026-04-03T02:42:22.168+0600][35.987s][info][gc,phases      ] GC(109)   Merge Heap Roots: 0.13ms
[2026-04-03T02:42:22.168+0600][35.987s][info][gc,phases      ] GC(109)   Evacuate Collection Set: 4.07ms
[2026-04-03T02:42:22.168+0600][35.987s][info][gc,phases      ] GC(109)   Post Evacuate Collection Set: 0.84ms
[2026-04-03T02:42:22.168+0600][35.987s][info][gc,phases      ] GC(109)   Other: 0.08ms
[2026-04-03T02:42:22.168+0600][35.987s][info][gc,heap        ] GC(109) Eden regions: 69->0(392)
[2026-04-03T02:42:22.168+0600][35.987s][info][gc,heap        ] GC(109) Survivor regions: 10->11(37)
[2026-04-03T02:42:22.168+0600][35.987s][info][gc,heap        ] GC(109) Old regions: 84->84
[2026-04-03T02:42:22.168+0600][35.987s][info][gc,heap        ] GC(109) Humongous regions: 497->23
[2026-04-03T02:42:22.168+0600][35.987s][info][gc,metaspace   ] GC(109) Metaspace: 130137K(131648K)->130137K(131648K) NonClass: 113762K(114496K)->113762K(114496K) Class: 16374K(17152K)->16374K(17152K)
[2026-04-03T02:42:22.168+0600][35.987s][info][gc             ] GC(109) Pause Young (Mixed) (G1 Evacuation Pause) 658M->116M(672M) 5.693ms
[2026-04-03T02:42:22.168+0600][35.987s][info][gc,cpu         ] GC(109) User=0.03s Sys=0.01s Real=0.00s
[2026-04-03T02:42:22.186+0600][36.005s][info][gc,start       ] GC(110) Pause Young (Concurrent Start) (G1 Humongous Allocation)
[2026-04-03T02:42:22.187+0600][36.006s][info][gc,task        ] GC(110) Using 10 workers of 10 for evacuation
[2026-04-03T02:42:22.190+0600][36.009s][info][gc,phases      ] GC(110)   Pre Evacuate Collection Set: 0.34ms
[2026-04-03T02:42:22.190+0600][36.009s][info][gc,phases      ] GC(110)   Merge Heap Roots: 0.14ms
[2026-04-03T02:42:22.190+0600][36.009s][info][gc,phases      ] GC(110)   Evacuate Collection Set: 2.14ms
[2026-04-03T02:42:22.190+0600][36.009s][info][gc,phases      ] GC(110)   Post Evacuate Collection Set: 0.59ms
[2026-04-03T02:42:22.190+0600][36.009s][info][gc,phases      ] GC(110)   Other: 0.19ms
[2026-04-03T02:42:22.190+0600][36.009s][info][gc,heap        ] GC(110) Eden regions: 8->0(396)
[2026-04-03T02:42:22.190+0600][36.009s][info][gc,heap        ] GC(110) Survivor regions: 11->7(51)
[2026-04-03T02:42:22.190+0600][36.009s][info][gc,heap        ] GC(110) Old regions: 84->84
[2026-04-03T02:42:22.190+0600][36.009s][info][gc,heap        ] GC(110) Humongous regions: 96->8
[2026-04-03T02:42:22.190+0600][36.009s][info][gc,metaspace   ] GC(110) Metaspace: 130143K(131648K)->130143K(131648K) NonClass: 113768K(114496K)->113768K(114496K) Class: 16374K(17152K)->16374K(17152K)
[2026-04-03T02:42:22.190+0600][36.009s][info][gc             ] GC(110) Pause Young (Concurrent Start) (G1 Humongous Allocation) 196M->97M(672M) 3.673ms
[2026-04-03T02:42:22.190+0600][36.009s][info][gc             ] GC(111) Concurrent Undo Cycle
[2026-04-03T02:42:22.190+0600][36.009s][info][gc,cpu         ] GC(110) User=0.03s Sys=0.01s Real=0.01s
[2026-04-03T02:42:22.190+0600][36.009s][info][gc,marking     ] GC(111) Concurrent Clear Claimed Marks
[2026-04-03T02:42:22.191+0600][36.010s][info][gc,marking     ] GC(111) Concurrent Clear Claimed Marks 0.241ms
[2026-04-03T02:42:22.191+0600][36.010s][info][gc,marking     ] GC(111) Concurrent Cleanup for Next Mark
[2026-04-03T02:42:22.191+0600][36.010s][info][gc,marking     ] GC(111) Concurrent Cleanup for Next Mark 0.248ms
[2026-04-03T02:42:22.191+0600][36.010s][info][gc             ] GC(111) Concurrent Undo Cycle 0.653ms
[2026-04-03T02:42:22.214+0600][36.033s][info][gc,start       ] GC(112) Pause Young (Concurrent Start) (G1 Humongous Allocation)
[2026-04-03T02:42:22.214+0600][36.033s][info][gc,task        ] GC(112) Using 10 workers of 10 for evacuation
[2026-04-03T02:42:22.220+0600][36.039s][info][gc,phases      ] GC(112)   Pre Evacuate Collection Set: 0.60ms
[2026-04-03T02:42:22.220+0600][36.039s][info][gc,phases      ] GC(112)   Merge Heap Roots: 0.18ms
[2026-04-03T02:42:22.220+0600][36.039s][info][gc,phases      ] GC(112)   Evacuate Collection Set: 3.94ms
[2026-04-03T02:42:22.220+0600][36.039s][info][gc,phases      ] GC(112)   Post Evacuate Collection Set: 0.67ms
[2026-04-03T02:42:22.220+0600][36.039s][info][gc,phases      ] GC(112)   Other: 0.31ms
[2026-04-03T02:42:22.220+0600][36.039s][info][gc,heap        ] GC(112) Eden regions: 35->0(393)
[2026-04-03T02:42:22.220+0600][36.039s][info][gc,heap        ] GC(112) Survivor regions: 7->10(51)
[2026-04-03T02:42:22.220+0600][36.039s][info][gc,heap        ] GC(112) Old regions: 84->84
[2026-04-03T02:42:22.220+0600][36.039s][info][gc,heap        ] GC(112) Humongous regions: 13->8
[2026-04-03T02:42:22.220+0600][36.039s][info][gc,metaspace   ] GC(112) Metaspace: 130146K(131648K)->130146K(131648K) NonClass: 113771K(114496K)->113771K(114496K) Class: 16374K(17152K)->16374K(17152K)
[2026-04-03T02:42:22.220+0600][36.039s][info][gc             ] GC(112) Pause Young (Concurrent Start) (G1 Humongous Allocation) 137M->100M(672M) 6.040ms
[2026-04-03T02:42:22.220+0600][36.039s][info][gc             ] GC(113) Concurrent Mark Cycle
[2026-04-03T02:42:22.220+0600][36.039s][info][gc,marking     ] GC(113) Concurrent Scan Root Regions
[2026-04-03T02:42:22.220+0600][36.039s][info][gc,cpu         ] GC(112) User=0.04s Sys=0.00s Real=0.01s
[2026-04-03T02:42:22.223+0600][36.042s][info][gc,marking     ] GC(113) Concurrent Scan Root Regions 3.208ms
[2026-04-03T02:42:22.224+0600][36.043s][info][gc,marking     ] GC(113) Concurrent Mark
[2026-04-03T02:42:22.224+0600][36.043s][info][gc,marking     ] GC(113) Concurrent Mark From Roots
[2026-04-03T02:42:22.224+0600][36.043s][info][gc,task        ] GC(113) Using 3 workers of 3 for marking
[2026-04-03T02:42:22.298+0600][36.117s][info][gc,marking     ] GC(113) Concurrent Mark From Roots 74.268ms
[2026-04-03T02:42:22.298+0600][36.117s][info][gc,marking     ] GC(113) Concurrent Preclean
[2026-04-03T02:42:22.298+0600][36.117s][info][gc,marking     ] GC(113) Concurrent Preclean 0.360ms
[2026-04-03T02:42:22.299+0600][36.118s][info][gc,start       ] GC(113) Pause Remark
[2026-04-03T02:42:22.309+0600][36.128s][info][gc             ] GC(113) Pause Remark 151M->151M(410M) 10.399ms
[2026-04-03T02:42:22.310+0600][36.129s][info][gc,cpu         ] GC(113) User=0.08s Sys=0.00s Real=0.01s
[2026-04-03T02:42:22.310+0600][36.129s][info][gc,marking     ] GC(113) Concurrent Mark 86.253ms
[2026-04-03T02:42:22.310+0600][36.129s][info][gc,marking     ] GC(113) Concurrent Rebuild Remembered Sets and Scrub Regions
[2026-04-03T02:42:22.350+0600][36.169s][info][gc,marking     ] GC(113) Concurrent Rebuild Remembered Sets and Scrub Regions 39.737ms
[2026-04-03T02:42:22.352+0600][36.171s][info][gc,start       ] GC(113) Pause Cleanup
[2026-04-03T02:42:22.353+0600][36.172s][info][gc             ] GC(113) Pause Cleanup 191M->191M(410M) 0.499ms
[2026-04-03T02:42:22.353+0600][36.172s][info][gc,cpu         ] GC(113) User=0.00s Sys=0.00s Real=0.00s
[2026-04-03T02:42:22.353+0600][36.173s][info][gc,marking     ] GC(113) Concurrent Clear Claimed Marks
[2026-04-03T02:42:22.354+0600][36.173s][info][gc,marking     ] GC(113) Concurrent Clear Claimed Marks 0.560ms
[2026-04-03T02:42:22.354+0600][36.173s][info][gc,marking     ] GC(113) Concurrent Cleanup for Next Mark
[2026-04-03T02:42:22.357+0600][36.176s][info][gc,marking     ] GC(113) Concurrent Cleanup for Next Mark 2.544ms
[2026-04-03T02:42:22.357+0600][36.176s][info][gc             ] GC(113) Concurrent Mark Cycle 136.652ms
[2026-04-03T02:42:22.747+0600][36.566s][info][gc,start       ] GC(114) Pause Young (Prepare Mixed) (G1 Evacuation Pause)
[2026-04-03T02:42:22.747+0600][36.566s][info][gc,task        ] GC(114) Using 9 workers of 10 for evacuation
[2026-04-03T02:42:22.751+0600][36.570s][info][gc,phases      ] GC(114)   Pre Evacuate Collection Set: 0.54ms
[2026-04-03T02:42:22.751+0600][36.570s][info][gc,phases      ] GC(114)   Merge Heap Roots: 0.25ms
[2026-04-03T02:42:22.751+0600][36.570s][info][gc,phases      ] GC(114)   Evacuate Collection Set: 2.79ms
[2026-04-03T02:42:22.751+0600][36.570s][info][gc,phases      ] GC(114)   Post Evacuate Collection Set: 0.50ms
[2026-04-03T02:42:22.751+0600][36.570s][info][gc,phases      ] GC(114)   Other: 0.10ms
[2026-04-03T02:42:22.751+0600][36.570s][info][gc,heap        ] GC(114) Eden regions: 219->0(243)
[2026-04-03T02:42:22.751+0600][36.570s][info][gc,heap        ] GC(114) Survivor regions: 10->8(31)
[2026-04-03T02:42:22.751+0600][36.570s][info][gc,heap        ] GC(114) Old regions: 84->85
[2026-04-03T02:42:22.751+0600][36.570s][info][gc,heap        ] GC(114) Humongous regions: 97->8
[2026-04-03T02:42:22.751+0600][36.570s][info][gc,metaspace   ] GC(114) Metaspace: 130183K(131712K)->130183K(131712K) NonClass: 113807K(114560K)->113807K(114560K) Class: 16375K(17152K)->16375K(17152K)
[2026-04-03T02:42:22.751+0600][36.570s][info][gc             ] GC(114) Pause Young (Prepare Mixed) (G1 Evacuation Pause) 408M->99M(419M) 4.437ms
[2026-04-03T02:42:22.751+0600][36.570s][info][gc,cpu         ] GC(114) User=0.02s Sys=0.01s Real=0.01s
[2026-04-03T02:42:22.987+0600][36.806s][info][gc,start       ] GC(115) Pause Young (Mixed) (G1 Evacuation Pause)
[2026-04-03T02:42:22.987+0600][36.806s][info][gc,task        ] GC(115) Using 10 workers of 10 for evacuation
[2026-04-03T02:42:22.992+0600][36.811s][info][gc,phases      ] GC(115)   Pre Evacuate Collection Set: 0.31ms
[2026-04-03T02:42:22.992+0600][36.811s][info][gc,phases      ] GC(115)   Merge Heap Roots: 0.19ms
[2026-04-03T02:42:22.992+0600][36.811s][info][gc,phases      ] GC(115)   Evacuate Collection Set: 3.60ms
[2026-04-03T02:42:22.992+0600][36.811s][info][gc,phases      ] GC(115)   Post Evacuate Collection Set: 0.73ms
[2026-04-03T02:42:22.992+0600][36.812s][info][gc,phases      ] GC(115)   Other: 0.10ms
[2026-04-03T02:42:22.993+0600][36.812s][info][gc,heap        ] GC(115) Eden regions: 181->0(257)
[2026-04-03T02:42:22.993+0600][36.812s][info][gc,heap        ] GC(115) Survivor regions: 8->9(32)
[2026-04-03T02:42:22.993+0600][36.812s][info][gc,heap        ] GC(115) Old regions: 85->85
[2026-04-03T02:42:22.993+0600][36.812s][info][gc,heap        ] GC(115) Humongous regions: 160->8
[2026-04-03T02:42:22.993+0600][36.812s][info][gc,metaspace   ] GC(115) Metaspace: 130191K(131712K)->130191K(131712K) NonClass: 113815K(114560K)->113815K(114560K) Class: 16375K(17152K)->16375K(17152K)
[2026-04-03T02:42:22.993+0600][36.812s][info][gc             ] GC(115) Pause Young (Mixed) (G1 Evacuation Pause) 432M->99M(444M) 5.235ms
[2026-04-03T02:42:22.993+0600][36.812s][info][gc,cpu         ] GC(115) User=0.03s Sys=0.00s Real=0.01s
[2026-04-03T02:42:23.010+0600][36.829s][info][gc,start       ] GC(116) Pause Young (Concurrent Start) (G1 Humongous Allocation)
[2026-04-03T02:42:23.010+0600][36.829s][info][gc,task        ] GC(116) Using 10 workers of 10 for evacuation
[2026-04-03T02:42:23.015+0600][36.834s][info][gc,phases      ] GC(116)   Pre Evacuate Collection Set: 0.48ms
[2026-04-03T02:42:23.015+0600][36.834s][info][gc,phases      ] GC(116)   Merge Heap Roots: 0.16ms
[2026-04-03T02:42:23.015+0600][36.834s][info][gc,phases      ] GC(116)   Evacuate Collection Set: 3.38ms
[2026-04-03T02:42:23.015+0600][36.834s][info][gc,phases      ] GC(116)   Post Evacuate Collection Set: 0.54ms
[2026-04-03T02:42:23.015+0600][36.834s][info][gc,phases      ] GC(116)   Other: 0.21ms
[2026-04-03T02:42:23.015+0600][36.834s][info][gc,heap        ] GC(116) Eden regions: 25->0(256)
[2026-04-03T02:42:23.015+0600][36.834s][info][gc,heap        ] GC(116) Survivor regions: 9->10(34)
[2026-04-03T02:42:23.015+0600][36.834s][info][gc,heap        ] GC(116) Old regions: 85->85
[2026-04-03T02:42:23.015+0600][36.834s][info][gc,heap        ] GC(116) Humongous regions: 8->8
[2026-04-03T02:42:23.015+0600][36.834s][info][gc,metaspace   ] GC(116) Metaspace: 130191K(131712K)->130191K(131712K) NonClass: 113815K(114560K)->113815K(114560K) Class: 16375K(17152K)->16375K(17152K)
[2026-04-03T02:42:23.015+0600][36.834s][info][gc             ] GC(116) Pause Young (Concurrent Start) (G1 Humongous Allocation) 123M->101M(444M) 5.135ms
[2026-04-03T02:42:23.015+0600][36.834s][info][gc             ] GC(117) Concurrent Mark Cycle
[2026-04-03T02:42:23.015+0600][36.834s][info][gc,cpu         ] GC(116) User=0.03s Sys=0.00s Real=0.01s
[2026-04-03T02:42:23.015+0600][36.834s][info][gc,marking     ] GC(117) Concurrent Scan Root Regions
[2026-04-03T02:42:23.020+0600][36.839s][info][gc,marking     ] GC(117) Concurrent Scan Root Regions 5.080ms
[2026-04-03T02:42:23.020+0600][36.839s][info][gc,marking     ] GC(117) Concurrent Mark
[2026-04-03T02:42:23.020+0600][36.839s][info][gc,marking     ] GC(117) Concurrent Mark From Roots
[2026-04-03T02:42:23.020+0600][36.839s][info][gc,task        ] GC(117) Using 3 workers of 3 for marking
[2026-04-03T02:42:23.104+0600][36.923s][info][gc,marking     ] GC(117) Concurrent Mark From Roots 83.547ms
[2026-04-03T02:42:23.104+0600][36.923s][info][gc,marking     ] GC(117) Concurrent Preclean
[2026-04-03T02:42:23.104+0600][36.923s][info][gc,marking     ] GC(117) Concurrent Preclean 0.534ms
[2026-04-03T02:42:23.105+0600][36.924s][info][gc,start       ] GC(117) Pause Remark
[2026-04-03T02:42:23.114+0600][36.933s][info][gc             ] GC(117) Pause Remark 195M->195M(444M) 9.192ms
[2026-04-03T02:42:23.114+0600][36.933s][info][gc,cpu         ] GC(117) User=0.06s Sys=0.00s Real=0.01s
[2026-04-03T02:42:23.114+0600][36.933s][info][gc,marking     ] GC(117) Concurrent Mark 94.229ms
[2026-04-03T02:42:23.114+0600][36.933s][info][gc,marking     ] GC(117) Concurrent Rebuild Remembered Sets and Scrub Regions
[2026-04-03T02:42:23.149+0600][36.968s][info][gc,marking     ] GC(117) Concurrent Rebuild Remembered Sets and Scrub Regions 34.350ms
[2026-04-03T02:42:23.150+0600][36.969s][info][gc,start       ] GC(117) Pause Cleanup
[2026-04-03T02:42:23.150+0600][36.969s][info][gc             ] GC(117) Pause Cleanup 225M->225M(444M) 0.460ms
[2026-04-03T02:42:23.150+0600][36.969s][info][gc,cpu         ] GC(117) User=0.00s Sys=0.00s Real=0.01s
[2026-04-03T02:42:23.151+0600][36.970s][info][gc,marking     ] GC(117) Concurrent Clear Claimed Marks
[2026-04-03T02:42:23.151+0600][36.970s][info][gc,marking     ] GC(117) Concurrent Clear Claimed Marks 0.473ms
[2026-04-03T02:42:23.151+0600][36.970s][info][gc,marking     ] GC(117) Concurrent Cleanup for Next Mark
[2026-04-03T02:42:23.153+0600][36.972s][info][gc,marking     ] GC(117) Concurrent Cleanup for Next Mark 1.524ms
[2026-04-03T02:42:23.153+0600][36.972s][info][gc             ] GC(117) Concurrent Mark Cycle 137.920ms
[2026-04-03T02:42:23.339+0600][37.158s][info][gc,start       ] GC(118) Pause Young (Prepare Mixed) (G1 Evacuation Pause)
[2026-04-03T02:42:23.339+0600][37.158s][info][gc,task        ] GC(118) Using 10 workers of 10 for evacuation
[2026-04-03T02:42:23.344+0600][37.163s][info][gc,phases      ] GC(118)   Pre Evacuate Collection Set: 0.34ms
[2026-04-03T02:42:23.344+0600][37.163s][info][gc,phases      ] GC(118)   Merge Heap Roots: 0.15ms
[2026-04-03T02:42:23.344+0600][37.163s][info][gc,phases      ] GC(118)   Evacuate Collection Set: 4.03ms
[2026-04-03T02:42:23.344+0600][37.164s][info][gc,phases      ] GC(118)   Post Evacuate Collection Set: 0.72ms
[2026-04-03T02:42:23.344+0600][37.164s][info][gc,phases      ] GC(118)   Other: 0.10ms
[2026-04-03T02:42:23.345+0600][37.164s][info][gc,heap        ] GC(118) Eden regions: 192->0(274)
[2026-04-03T02:42:23.345+0600][37.164s][info][gc,heap        ] GC(118) Survivor regions: 10->8(35)
[2026-04-03T02:42:23.345+0600][37.164s][info][gc,heap        ] GC(118) Old regions: 85->85
[2026-04-03T02:42:23.345+0600][37.164s][info][gc,heap        ] GC(118) Humongous regions: 176->8
[2026-04-03T02:42:23.345+0600][37.164s][info][gc,metaspace   ] GC(118) Metaspace: 130214K(131712K)->130214K(131712K) NonClass: 113838K(114560K)->113838K(114560K) Class: 16376K(17152K)->16376K(17152K)
[2026-04-03T02:42:23.345+0600][37.164s][info][gc             ] GC(118) Pause Young (Prepare Mixed) (G1 Evacuation Pause) 461M->99M(471M) 5.615ms
[2026-04-03T02:42:23.345+0600][37.164s][info][gc,cpu         ] GC(118) User=0.03s Sys=0.01s Real=0.01s
[2026-04-03T02:42:23.701+0600][37.520s][info][gc,start       ] GC(119) Pause Young (Mixed) (G1 Evacuation Pause)
[2026-04-03T02:42:23.701+0600][37.520s][info][gc,task        ] GC(119) Using 10 workers of 10 for evacuation
[2026-04-03T02:42:23.706+0600][37.525s][info][gc,phases      ] GC(119)   Pre Evacuate Collection Set: 0.41ms
[2026-04-03T02:42:23.725+0600][37.544s][info][gc,phases      ] GC(119)   Merge Heap Roots: 0.19ms
[2026-04-03T02:42:23.725+0600][37.544s][info][gc,phases      ] GC(119)   Evacuate Collection Set: 3.30ms
[2026-04-03T02:42:23.725+0600][37.544s][info][gc,phases      ] GC(119)   Post Evacuate Collection Set: 0.57ms
[2026-04-03T02:42:23.725+0600][37.544s][info][gc,phases      ] GC(119)   Other: 0.09ms
[2026-04-03T02:42:23.725+0600][37.544s][info][gc,heap        ] GC(119) Eden regions: 218->0(280)
[2026-04-03T02:42:23.725+0600][37.544s][info][gc,heap        ] GC(119) Survivor regions: 8->8(36)
[2026-04-03T02:42:23.725+0600][37.544s][info][gc,heap        ] GC(119) Old regions: 85->84
[2026-04-03T02:42:23.725+0600][37.544s][info][gc,heap        ] GC(119) Humongous regions: 160->8
[2026-04-03T02:42:23.725+0600][37.544s][info][gc,metaspace   ] GC(119) Metaspace: 130258K(131712K)->130258K(131712K) NonClass: 113882K(114560K)->113882K(114560K) Class: 16376K(17152K)->16376K(17152K)
[2026-04-03T02:42:23.725+0600][37.544s][info][gc             ] GC(119) Pause Young (Mixed) (G1 Evacuation Pause) 469M->98M(480M) 23.618ms
[2026-04-03T02:42:23.725+0600][37.544s][info][gc,cpu         ] GC(119) User=0.02s Sys=0.01s Real=0.02s
[2026-04-03T02:42:23.944+0600][37.763s][info][gc,start       ] GC(120) Pause Young (Concurrent Start) (G1 Humongous Allocation)
[2026-04-03T02:42:23.944+0600][37.763s][info][gc,task        ] GC(120) Using 10 workers of 10 for evacuation
[2026-04-03T02:42:23.948+0600][37.767s][info][gc,phases      ] GC(120)   Pre Evacuate Collection Set: 0.38ms
[2026-04-03T02:42:23.948+0600][37.767s][info][gc,phases      ] GC(120)   Merge Heap Roots: 0.17ms
[2026-04-03T02:42:23.948+0600][37.767s][info][gc,phases      ] GC(120)   Evacuate Collection Set: 2.06ms
[2026-04-03T02:42:23.948+0600][37.767s][info][gc,phases      ] GC(120)   Post Evacuate Collection Set: 0.70ms
[2026-04-03T02:42:23.948+0600][37.767s][info][gc,phases      ] GC(120)   Other: 0.24ms
[2026-04-03T02:42:23.948+0600][37.767s][info][gc,heap        ] GC(120) Eden regions: 121->0(281)
[2026-04-03T02:42:23.948+0600][37.767s][info][gc,heap        ] GC(120) Survivor regions: 8->7(36)
[2026-04-03T02:42:23.948+0600][37.767s][info][gc,heap        ] GC(120) Old regions: 84->85
[2026-04-03T02:42:23.948+0600][37.767s][info][gc,heap        ] GC(120) Humongous regions: 8->8
[2026-04-03T02:42:23.948+0600][37.767s][info][gc,metaspace   ] GC(120) Metaspace: 130259K(131776K)->130259K(131776K) NonClass: 113883K(114624K)->113883K(114624K) Class: 16376K(17152K)->16376K(17152K)
[2026-04-03T02:42:23.948+0600][37.767s][info][gc             ] GC(120) Pause Young (Concurrent Start) (G1 Humongous Allocation) 219M->97M(480M) 3.814ms
[2026-04-03T02:42:23.948+0600][37.767s][info][gc             ] GC(121) Concurrent Mark Cycle
[2026-04-03T02:42:23.948+0600][37.767s][info][gc,marking     ] GC(121) Concurrent Scan Root Regions
[2026-04-03T02:42:23.948+0600][37.767s][info][gc,cpu         ] GC(120) User=0.02s Sys=0.01s Real=0.00s
[2026-04-03T02:42:23.951+0600][37.770s][info][gc,marking     ] GC(121) Concurrent Scan Root Regions 2.412ms
[2026-04-03T02:42:23.951+0600][37.770s][info][gc,marking     ] GC(121) Concurrent Mark
[2026-04-03T02:42:23.951+0600][37.770s][info][gc,marking     ] GC(121) Concurrent Mark From Roots
[2026-04-03T02:42:23.951+0600][37.770s][info][gc,task        ] GC(121) Using 3 workers of 3 for marking
[2026-04-03T02:42:24.028+0600][37.847s][info][gc,marking     ] GC(121) Concurrent Mark From Roots 76.723ms
[2026-04-03T02:42:24.028+0600][37.847s][info][gc,marking     ] GC(121) Concurrent Preclean
[2026-04-03T02:42:24.028+0600][37.847s][info][gc,marking     ] GC(121) Concurrent Preclean 0.644ms
[2026-04-03T02:42:24.029+0600][37.848s][info][gc,start       ] GC(121) Pause Remark
[2026-04-03T02:42:24.038+0600][37.857s][info][gc             ] GC(121) Pause Remark 183M->183M(460M) 9.282ms
[2026-04-03T02:42:24.038+0600][37.857s][info][gc,cpu         ] GC(121) User=0.07s Sys=0.00s Real=0.01s
[2026-04-03T02:42:24.038+0600][37.857s][info][gc,marking     ] GC(121) Concurrent Mark 87.472ms
[2026-04-03T02:42:24.038+0600][37.857s][info][gc,marking     ] GC(121) Concurrent Rebuild Remembered Sets and Scrub Regions
[2026-04-03T02:42:24.071+0600][37.890s][info][gc,marking     ] GC(121) Concurrent Rebuild Remembered Sets and Scrub Regions 33.099ms
[2026-04-03T02:42:24.072+0600][37.891s][info][gc,start       ] GC(121) Pause Cleanup
[2026-04-03T02:42:24.072+0600][37.891s][info][gc             ] GC(121) Pause Cleanup 201M->201M(460M) 0.345ms
[2026-04-03T02:42:24.072+0600][37.891s][info][gc,cpu         ] GC(121) User=0.00s Sys=0.00s Real=0.00s
[2026-04-03T02:42:24.072+0600][37.891s][info][gc,marking     ] GC(121) Concurrent Clear Claimed Marks
[2026-04-03T02:42:24.073+0600][37.892s][info][gc,marking     ] GC(121) Concurrent Clear Claimed Marks 0.417ms
[2026-04-03T02:42:24.073+0600][37.892s][info][gc,marking     ] GC(121) Concurrent Cleanup for Next Mark
[2026-04-03T02:42:24.074+0600][37.893s][info][gc,marking     ] GC(121) Concurrent Cleanup for Next Mark 1.013ms
[2026-04-03T02:42:24.074+0600][37.893s][info][gc             ] GC(121) Concurrent Mark Cycle 125.726ms
[2026-04-03T02:42:24.269+0600][38.088s][info][gc,start       ] GC(122) Pause Young (Prepare Mixed) (G1 Evacuation Pause)
[2026-04-03T02:42:24.269+0600][38.088s][info][gc,task        ] GC(122) Using 10 workers of 10 for evacuation
[2026-04-03T02:42:24.274+0600][38.093s][info][gc,phases      ] GC(122)   Pre Evacuate Collection Set: 0.35ms
[2026-04-03T02:42:24.274+0600][38.093s][info][gc,phases      ] GC(122)   Merge Heap Roots: 0.16ms
[2026-04-03T02:42:24.274+0600][38.093s][info][gc,phases      ] GC(122)   Evacuate Collection Set: 3.44ms
[2026-04-03T02:42:24.274+0600][38.093s][info][gc,phases      ] GC(122)   Post Evacuate Collection Set: 0.57ms
[2026-04-03T02:42:24.274+0600][38.093s][info][gc,phases      ] GC(122)   Other: 0.10ms
[2026-04-03T02:42:24.274+0600][38.093s][info][gc,heap        ] GC(122) Eden regions: 200->0(281)
[2026-04-03T02:42:24.274+0600][38.093s][info][gc,heap        ] GC(122) Survivor regions: 7->7(35)
[2026-04-03T02:42:24.274+0600][38.093s][info][gc,heap        ] GC(122) Old regions: 85->86
[2026-04-03T02:42:24.274+0600][38.093s][info][gc,heap        ] GC(122) Humongous regions: 181->8
[2026-04-03T02:42:24.274+0600][38.093s][info][gc,metaspace   ] GC(122) Metaspace: 130268K(131776K)->130268K(131776K) NonClass: 113892K(114624K)->113892K(114624K) Class: 16376K(17152K)->16376K(17152K)
[2026-04-03T02:42:24.274+0600][38.093s][info][gc             ] GC(122) Pause Young (Prepare Mixed) (G1 Evacuation Pause) 470M->98M(481M) 4.927ms
[2026-04-03T02:42:24.274+0600][38.093s][info][gc,cpu         ] GC(122) User=0.03s Sys=0.01s Real=0.01s
[2026-04-03T02:42:24.552+0600][38.371s][info][gc,start       ] GC(123) Pause Young (Mixed) (G1 Evacuation Pause)
[2026-04-03T02:42:24.552+0600][38.371s][info][gc,task        ] GC(123) Using 10 workers of 10 for evacuation
[2026-04-03T02:42:24.558+0600][38.377s][info][gc,phases      ] GC(123)   Pre Evacuate Collection Set: 0.34ms
[2026-04-03T02:42:24.558+0600][38.377s][info][gc,phases      ] GC(123)   Merge Heap Roots: 0.16ms
[2026-04-03T02:42:24.558+0600][38.377s][info][gc,phases      ] GC(123)   Evacuate Collection Set: 4.49ms
[2026-04-03T02:42:24.558+0600][38.377s][info][gc,phases      ] GC(123)   Post Evacuate Collection Set: 0.54ms
[2026-04-03T02:42:24.558+0600][38.377s][info][gc,phases      ] GC(123)   Other: 0.10ms
[2026-04-03T02:42:24.558+0600][38.377s][info][gc,heap        ] GC(123) Eden regions: 221->0(290)
[2026-04-03T02:42:24.558+0600][38.377s][info][gc,heap        ] GC(123) Survivor regions: 7->9(36)
[2026-04-03T02:42:24.558+0600][38.377s][info][gc,heap        ] GC(123) Old regions: 86->84
[2026-04-03T02:42:24.558+0600][38.377s][info][gc,heap        ] GC(123) Humongous regions: 176->8
[2026-04-03T02:42:24.558+0600][38.377s][info][gc,metaspace   ] GC(123) Metaspace: 130281K(131776K)->130281K(131776K) NonClass: 113905K(114624K)->113905K(114624K) Class: 16376K(17152K)->16376K(17152K)
[2026-04-03T02:42:24.558+0600][38.377s][info][gc             ] GC(123) Pause Young (Mixed) (G1 Evacuation Pause) 487M->99M(499M) 5.868ms
[2026-04-03T02:42:24.558+0600][38.377s][info][gc,cpu         ] GC(123) User=0.04s Sys=0.01s Real=0.00s
[2026-04-03T02:42:24.575+0600][38.394s][info][gc,start       ] GC(124) Pause Young (Concurrent Start) (GCLocker Initiated GC)
[2026-04-03T02:42:24.575+0600][38.394s][info][gc,task        ] GC(124) Using 10 workers of 10 for evacuation
[2026-04-03T02:42:24.580+0600][38.400s][info][gc,phases      ] GC(124)   Pre Evacuate Collection Set: 0.51ms
[2026-04-03T02:42:24.581+0600][38.400s][info][gc,phases      ] GC(124)   Merge Heap Roots: 0.21ms
[2026-04-03T02:42:24.581+0600][38.400s][info][gc,phases      ] GC(124)   Evacuate Collection Set: 3.92ms
[2026-04-03T02:42:24.581+0600][38.400s][info][gc,phases      ] GC(124)   Post Evacuate Collection Set: 0.54ms
[2026-04-03T02:42:24.581+0600][38.400s][info][gc,phases      ] GC(124)   Other: 0.18ms
[2026-04-03T02:42:24.581+0600][38.400s][info][gc,heap        ] GC(124) Eden regions: 16->0(289)
[2026-04-03T02:42:24.581+0600][38.400s][info][gc,heap        ] GC(124) Survivor regions: 9->10(38)
[2026-04-03T02:42:24.581+0600][38.400s][info][gc,heap        ] GC(124) Old regions: 84->84
[2026-04-03T02:42:24.581+0600][38.400s][info][gc,heap        ] GC(124) Humongous regions: 8->8
[2026-04-03T02:42:24.581+0600][38.400s][info][gc,metaspace   ] GC(124) Metaspace: 130285K(131776K)->130285K(131776K) NonClass: 113909K(114624K)->113909K(114624K) Class: 16376K(17152K)->16376K(17152K)
[2026-04-03T02:42:24.581+0600][38.400s][info][gc             ] GC(124) Pause Young (Concurrent Start) (GCLocker Initiated GC) 115M->100M(499M) 5.662ms
[2026-04-03T02:42:24.581+0600][38.400s][info][gc             ] GC(125) Concurrent Mark Cycle
[2026-04-03T02:42:24.581+0600][38.400s][info][gc,marking     ] GC(125) Concurrent Scan Root Regions
[2026-04-03T02:42:24.581+0600][38.400s][info][gc,cpu         ] GC(124) User=0.04s Sys=0.00s Real=0.01s
[2026-04-03T02:42:24.584+0600][38.403s][info][gc,marking     ] GC(125) Concurrent Scan Root Regions 3.245ms
[2026-04-03T02:42:24.584+0600][38.403s][info][gc,marking     ] GC(125) Concurrent Mark
[2026-04-03T02:42:24.584+0600][38.403s][info][gc,marking     ] GC(125) Concurrent Mark From Roots
[2026-04-03T02:42:24.584+0600][38.403s][info][gc,task        ] GC(125) Using 3 workers of 3 for marking
[2026-04-03T02:42:24.678+0600][38.497s][info][gc,marking     ] GC(125) Concurrent Mark From Roots 93.905ms
[2026-04-03T02:42:24.678+0600][38.497s][info][gc,marking     ] GC(125) Concurrent Preclean
[2026-04-03T02:42:24.679+0600][38.498s][info][gc,marking     ] GC(125) Concurrent Preclean 0.560ms
[2026-04-03T02:42:24.679+0600][38.498s][info][gc,start       ] GC(125) Pause Remark
[2026-04-03T02:42:24.688+0600][38.507s][info][gc             ] GC(125) Pause Remark 217M->217M(499M) 9.001ms
[2026-04-03T02:42:24.688+0600][38.507s][info][gc,cpu         ] GC(125) User=0.06s Sys=0.00s Real=0.01s
[2026-04-03T02:42:24.689+0600][38.508s][info][gc,marking     ] GC(125) Concurrent Mark 104.404ms
[2026-04-03T02:42:24.689+0600][38.508s][info][gc,marking     ] GC(125) Concurrent Rebuild Remembered Sets and Scrub Regions
[2026-04-03T02:42:24.723+0600][38.542s][info][gc,marking     ] GC(125) Concurrent Rebuild Remembered Sets and Scrub Regions 34.249ms
[2026-04-03T02:42:24.723+0600][38.542s][info][gc,start       ] GC(125) Pause Cleanup
[2026-04-03T02:42:24.724+0600][38.543s][info][gc             ] GC(125) Pause Cleanup 240M->240M(499M) 0.368ms
[2026-04-03T02:42:24.724+0600][38.543s][info][gc,cpu         ] GC(125) User=0.00s Sys=0.00s Real=0.00s
[2026-04-03T02:42:24.724+0600][38.543s][info][gc,marking     ] GC(125) Concurrent Clear Claimed Marks
[2026-04-03T02:42:24.725+0600][38.544s][info][gc,marking     ] GC(125) Concurrent Clear Claimed Marks 0.401ms
[2026-04-03T02:42:24.725+0600][38.544s][info][gc,marking     ] GC(125) Concurrent Cleanup for Next Mark
[2026-04-03T02:42:24.726+0600][38.545s][info][gc,marking     ] GC(125) Concurrent Cleanup for Next Mark 1.288ms
[2026-04-03T02:42:24.726+0600][38.545s][info][gc             ] GC(125) Concurrent Mark Cycle 145.227ms
[2026-04-03T02:42:25.007+0600][38.826s][info][gc,start       ] GC(126) Pause Young (Prepare Mixed) (G1 Evacuation Pause)
[2026-04-03T02:42:25.007+0600][38.826s][info][gc,task        ] GC(126) Using 10 workers of 10 for evacuation
[2026-04-03T02:42:25.014+0600][38.833s][info][gc,phases      ] GC(126)   Pre Evacuate Collection Set: 0.32ms
[2026-04-03T02:42:25.014+0600][38.833s][info][gc,phases      ] GC(126)   Merge Heap Roots: 0.32ms
[2026-04-03T02:42:25.014+0600][38.833s][info][gc,phases      ] GC(126)   Evacuate Collection Set: 4.68ms
[2026-04-03T02:42:25.014+0600][38.833s][info][gc,phases      ] GC(126)   Post Evacuate Collection Set: 0.85ms
[2026-04-03T02:42:25.014+0600][38.833s][info][gc,phases      ] GC(126)   Other: 0.13ms
[2026-04-03T02:42:25.014+0600][38.833s][info][gc,heap        ] GC(126) Eden regions: 247->0(302)
[2026-04-03T02:42:25.014+0600][38.833s][info][gc,heap        ] GC(126) Survivor regions: 10->8(38)
[2026-04-03T02:42:25.014+0600][38.833s][info][gc,heap        ] GC(126) Old regions: 84->86
[2026-04-03T02:42:25.014+0600][38.833s][info][gc,heap        ] GC(126) Humongous regions: 166->8
[2026-04-03T02:42:25.014+0600][38.833s][info][gc,metaspace   ] GC(126) Metaspace: 130328K(131776K)->130328K(131776K) NonClass: 113952K(114624K)->113952K(114624K) Class: 16376K(17152K)->16376K(17152K)
[2026-04-03T02:42:25.014+0600][38.833s][info][gc             ] GC(126) Pause Young (Prepare Mixed) (G1 Evacuation Pause) 505M->100M(517M) 6.654ms
[2026-04-03T02:42:25.014+0600][38.833s][info][gc,cpu         ] GC(126) User=0.03s Sys=0.02s Real=0.01s
[2026-04-03T02:42:25.326+0600][39.145s][info][gc,start       ] GC(127) Pause Young (Mixed) (G1 Evacuation Pause)
[2026-04-03T02:42:25.326+0600][39.145s][info][gc,task        ] GC(127) Using 10 workers of 10 for evacuation
[2026-04-03T02:42:25.332+0600][39.151s][info][gc,phases      ] GC(127)   Pre Evacuate Collection Set: 0.31ms
[2026-04-03T02:42:25.332+0600][39.151s][info][gc,phases      ] GC(127)   Merge Heap Roots: 0.23ms
[2026-04-03T02:42:25.332+0600][39.151s][info][gc,phases      ] GC(127)   Evacuate Collection Set: 4.13ms
[2026-04-03T02:42:25.332+0600][39.151s][info][gc,phases      ] GC(127)   Post Evacuate Collection Set: 0.73ms
[2026-04-03T02:42:25.332+0600][39.151s][info][gc,phases      ] GC(127)   Other: 0.11ms
[2026-04-03T02:42:25.332+0600][39.151s][info][gc,heap        ] GC(127) Eden regions: 252->0(357)
[2026-04-03T02:42:25.332+0600][39.151s][info][gc,heap        ] GC(127) Survivor regions: 8->10(42)
[2026-04-03T02:42:25.332+0600][39.151s][info][gc,heap        ] GC(127) Old regions: 86->85
[2026-04-03T02:42:25.332+0600][39.151s][info][gc,heap        ] GC(127) Humongous regions: 256->18
[2026-04-03T02:42:25.332+0600][39.151s][info][gc,metaspace   ] GC(127) Metaspace: 130339K(131840K)->130339K(131840K) NonClass: 113963K(114688K)->113963K(114688K) Class: 16376K(17152K)->16376K(17152K)
[2026-04-03T02:42:25.332+0600][39.151s][info][gc             ] GC(127) Pause Young (Mixed) (G1 Evacuation Pause) 600M->110M(613M) 5.816ms
[2026-04-03T02:42:25.332+0600][39.151s][info][gc,cpu         ] GC(127) User=0.03s Sys=0.01s Real=0.01s
[2026-04-03T02:42:25.337+0600][39.156s][info][gc,start       ] GC(128) Pause Young (Concurrent Start) (G1 Humongous Allocation)
[2026-04-03T02:42:25.337+0600][39.156s][info][gc,task        ] GC(128) Using 10 workers of 10 for evacuation
[2026-04-03T02:42:25.342+0600][39.161s][info][gc,phases      ] GC(128)   Pre Evacuate Collection Set: 0.52ms
[2026-04-03T02:42:25.342+0600][39.161s][info][gc,phases      ] GC(128)   Merge Heap Roots: 0.17ms
[2026-04-03T02:42:25.342+0600][39.161s][info][gc,phases      ] GC(128)   Evacuate Collection Set: 2.99ms
[2026-04-03T02:42:25.342+0600][39.161s][info][gc,phases      ] GC(128)   Post Evacuate Collection Set: 0.65ms
[2026-04-03T02:42:25.342+0600][39.161s][info][gc,phases      ] GC(128)   Other: 0.13ms
[2026-04-03T02:42:25.342+0600][39.161s][info][gc,heap        ] GC(128) Eden regions: 6->0(357)
[2026-04-03T02:42:25.342+0600][39.161s][info][gc,heap        ] GC(128) Survivor regions: 10->10(46)
[2026-04-03T02:42:25.342+0600][39.161s][info][gc,heap        ] GC(128) Old regions: 85->86
[2026-04-03T02:42:25.342+0600][39.161s][info][gc,heap        ] GC(128) Humongous regions: 73->18
[2026-04-03T02:42:25.342+0600][39.161s][info][gc,metaspace   ] GC(128) Metaspace: 130339K(131840K)->130339K(131840K) NonClass: 113963K(114688K)->113963K(114688K) Class: 16376K(17152K)->16376K(17152K)
[2026-04-03T02:42:25.342+0600][39.161s][info][gc             ] GC(128) Pause Young (Concurrent Start) (G1 Humongous Allocation) 171M->111M(613M) 4.795ms
[2026-04-03T02:42:25.342+0600][39.161s][info][gc             ] GC(129) Concurrent Undo Cycle
[2026-04-03T02:42:25.342+0600][39.161s][info][gc,marking     ] GC(129) Concurrent Clear Claimed Marks
[2026-04-03T02:42:25.342+0600][39.161s][info][gc,cpu         ] GC(128) User=0.03s Sys=0.00s Real=0.01s
[2026-04-03T02:42:25.342+0600][39.161s][info][gc,marking     ] GC(129) Concurrent Clear Claimed Marks 0.301ms
[2026-04-03T02:42:25.342+0600][39.161s][info][gc,marking     ] GC(129) Concurrent Cleanup for Next Mark
[2026-04-03T02:42:25.343+0600][39.162s][info][gc,marking     ] GC(129) Concurrent Cleanup for Next Mark 0.303ms
[2026-04-03T02:42:25.343+0600][39.162s][info][gc             ] GC(129) Concurrent Undo Cycle 0.842ms
[2026-04-03T02:42:25.343+0600][39.163s][info][gc,start       ] GC(130) Pause Young (Concurrent Start) (G1 Humongous Allocation)
[2026-04-03T02:42:25.344+0600][39.163s][info][gc,task        ] GC(130) Using 10 workers of 10 for evacuation
[2026-04-03T02:42:25.348+0600][39.167s][info][gc,phases      ] GC(130)   Pre Evacuate Collection Set: 0.32ms
[2026-04-03T02:42:25.349+0600][39.168s][info][gc,phases      ] GC(130)   Merge Heap Roots: 0.15ms
[2026-04-03T02:42:25.349+0600][39.168s][info][gc,phases      ] GC(130)   Evacuate Collection Set: 3.15ms
[2026-04-03T02:42:25.349+0600][39.168s][info][gc,phases      ] GC(130)   Post Evacuate Collection Set: 1.01ms
[2026-04-03T02:42:25.349+0600][39.168s][info][gc,phases      ] GC(130)   Other: 0.26ms
[2026-04-03T02:42:25.349+0600][39.168s][info][gc,heap        ] GC(130) Eden regions: 2->0(358)
[2026-04-03T02:42:25.349+0600][39.168s][info][gc,heap        ] GC(130) Survivor regions: 10->9(46)
[2026-04-03T02:42:25.349+0600][39.168s][info][gc,heap        ] GC(130) Old regions: 86->86
[2026-04-03T02:42:25.349+0600][39.168s][info][gc,heap        ] GC(130) Humongous regions: 23->18
[2026-04-03T02:42:25.349+0600][39.168s][info][gc,metaspace   ] GC(130) Metaspace: 130339K(131840K)->130339K(131840K) NonClass: 113963K(114688K)->113963K(114688K) Class: 16376K(17152K)->16376K(17152K)
[2026-04-03T02:42:25.349+0600][39.168s][info][gc             ] GC(130) Pause Young (Concurrent Start) (G1 Humongous Allocation) 117M->111M(613M) 5.354ms
[2026-04-03T02:42:25.349+0600][39.168s][info][gc             ] GC(131) Concurrent Mark Cycle
[2026-04-03T02:42:25.349+0600][39.168s][info][gc,cpu         ] GC(130) User=0.04s Sys=0.01s Real=0.00s
[2026-04-03T02:42:25.349+0600][39.168s][info][gc,marking     ] GC(131) Concurrent Scan Root Regions
[2026-04-03T02:42:25.353+0600][39.172s][info][gc,marking     ] GC(131) Concurrent Scan Root Regions 3.519ms
[2026-04-03T02:42:25.353+0600][39.172s][info][gc,marking     ] GC(131) Concurrent Mark
[2026-04-03T02:42:25.353+0600][39.172s][info][gc,marking     ] GC(131) Concurrent Mark From Roots
[2026-04-03T02:42:25.353+0600][39.172s][info][gc,task        ] GC(131) Using 3 workers of 3 for marking
[2026-04-03T02:42:25.430+0600][39.249s][info][gc,marking     ] GC(131) Concurrent Mark From Roots 76.978ms
[2026-04-03T02:42:25.430+0600][39.249s][info][gc,marking     ] GC(131) Concurrent Preclean
[2026-04-03T02:42:25.430+0600][39.249s][info][gc,marking     ] GC(131) Concurrent Preclean 0.263ms
[2026-04-03T02:42:25.431+0600][39.250s][info][gc,start       ] GC(131) Pause Remark
[2026-04-03T02:42:25.439+0600][39.258s][info][gc             ] GC(131) Pause Remark 270M->270M(613M) 8.185ms
[2026-04-03T02:42:25.439+0600][39.258s][info][gc,cpu         ] GC(131) User=0.05s Sys=0.00s Real=0.00s
[2026-04-03T02:42:25.439+0600][39.258s][info][gc,marking     ] GC(131) Concurrent Mark 86.495ms
[2026-04-03T02:42:25.439+0600][39.258s][info][gc,marking     ] GC(131) Concurrent Rebuild Remembered Sets and Scrub Regions
[2026-04-03T02:42:25.473+0600][39.292s][info][gc,marking     ] GC(131) Concurrent Rebuild Remembered Sets and Scrub Regions 33.230ms
[2026-04-03T02:42:25.473+0600][39.292s][info][gc,start       ] GC(131) Pause Cleanup
[2026-04-03T02:42:25.473+0600][39.292s][info][gc             ] GC(131) Pause Cleanup 283M->283M(613M) 0.383ms
[2026-04-03T02:42:25.473+0600][39.292s][info][gc,cpu         ] GC(131) User=0.00s Sys=0.00s Real=0.00s
[2026-04-03T02:42:25.474+0600][39.293s][info][gc,marking     ] GC(131) Concurrent Clear Claimed Marks
[2026-04-03T02:42:25.474+0600][39.293s][info][gc,marking     ] GC(131) Concurrent Clear Claimed Marks 0.362ms
[2026-04-03T02:42:25.474+0600][39.293s][info][gc,marking     ] GC(131) Concurrent Cleanup for Next Mark
[2026-04-03T02:42:25.476+0600][39.295s][info][gc,marking     ] GC(131) Concurrent Cleanup for Next Mark 1.750ms
[2026-04-03T02:42:25.476+0600][39.295s][info][gc             ] GC(131) Concurrent Mark Cycle 126.852ms
[2026-04-03T02:42:25.534+0600][39.353s][info][gc,start       ] GC(132) Pause Young (Prepare Mixed) (G1 Evacuation Pause)
[2026-04-03T02:42:25.534+0600][39.353s][info][gc,task        ] GC(132) Using 10 workers of 10 for evacuation
[2026-04-03T02:42:25.538+0600][39.357s][info][gc,phases      ] GC(132)   Pre Evacuate Collection Set: 0.31ms
[2026-04-03T02:42:25.538+0600][39.357s][info][gc,phases      ] GC(132)   Merge Heap Roots: 0.19ms
[2026-04-03T02:42:25.538+0600][39.357s][info][gc,phases      ] GC(132)   Evacuate Collection Set: 2.65ms
[2026-04-03T02:42:25.538+0600][39.357s][info][gc,phases      ] GC(132)   Post Evacuate Collection Set: 0.63ms
[2026-04-03T02:42:25.538+0600][39.357s][info][gc,phases      ] GC(132)   Other: 0.08ms
[2026-04-03T02:42:25.538+0600][39.357s][info][gc,heap        ] GC(132) Eden regions: 70->0(381)
[2026-04-03T02:42:25.538+0600][39.357s][info][gc,heap        ] GC(132) Survivor regions: 9->7(46)
[2026-04-03T02:42:25.538+0600][39.357s][info][gc,heap        ] GC(132) Old regions: 86->86
[2026-04-03T02:42:25.538+0600][39.357s][info][gc,heap        ] GC(132) Humongous regions: 475->8
[2026-04-03T02:42:25.538+0600][39.357s][info][gc,metaspace   ] GC(132) Metaspace: 130351K(131840K)->130351K(131840K) NonClass: 113974K(114688K)->113974K(114688K) Class: 16376K(17152K)->16376K(17152K)
[2026-04-03T02:42:25.538+0600][39.357s][info][gc             ] GC(132) Pause Young (Prepare Mixed) (G1 Evacuation Pause) 638M->99M(647M) 4.096ms
[2026-04-03T02:42:25.538+0600][39.357s][info][gc,cpu         ] GC(132) User=0.01s Sys=0.01s Real=0.00s
[2026-04-03T02:42:26.144+0600][39.963s][info][gc,start       ] GC(133) Pause Young (Mixed) (G1 Evacuation Pause)
[2026-04-03T02:42:26.145+0600][39.964s][info][gc,task        ] GC(133) Using 10 workers of 10 for evacuation
[2026-04-03T02:42:26.151+0600][39.970s][info][gc,phases      ] GC(133)   Pre Evacuate Collection Set: 0.48ms
[2026-04-03T02:42:26.151+0600][39.970s][info][gc,phases      ] GC(133)   Merge Heap Roots: 0.36ms
[2026-04-03T02:42:26.151+0600][39.970s][info][gc,phases      ] GC(133)   Evacuate Collection Set: 4.70ms
[2026-04-03T02:42:26.151+0600][39.970s][info][gc,phases      ] GC(133)   Post Evacuate Collection Set: 0.80ms
[2026-04-03T02:42:26.151+0600][39.970s][info][gc,phases      ] GC(133)   Other: 0.17ms
[2026-04-03T02:42:26.151+0600][39.970s][info][gc,heap        ] GC(133) Eden regions: 364->0(391)
[2026-04-03T02:42:26.151+0600][39.970s][info][gc,heap        ] GC(133) Survivor regions: 7->8(49)
[2026-04-03T02:42:26.151+0600][39.970s][info][gc,heap        ] GC(133) Old regions: 86->85
[2026-04-03T02:42:26.151+0600][39.970s][info][gc,heap        ] GC(133) Humongous regions: 200->14
[2026-04-03T02:42:26.151+0600][39.970s][info][gc,metaspace   ] GC(133) Metaspace: 130365K(131840K)->130365K(131840K) NonClass: 113988K(114688K)->113988K(114688K) Class: 16376K(17152K)->16376K(17152K)
[2026-04-03T02:42:26.151+0600][39.970s][info][gc             ] GC(133) Pause Young (Mixed) (G1 Evacuation Pause) 655M->106M(666M) 6.907ms
[2026-04-03T02:42:26.151+0600][39.970s][info][gc,cpu         ] GC(133) User=0.05s Sys=0.02s Real=0.01s
[2026-04-03T02:42:26.226+0600][40.045s][info][gc,start       ] GC(134) Pause Young (Concurrent Start) (G1 Humongous Allocation)
[2026-04-03T02:42:26.226+0600][40.045s][info][gc,task        ] GC(134) Using 10 workers of 10 for evacuation
[2026-04-03T02:42:26.232+0600][40.051s][info][gc,phases      ] GC(134)   Pre Evacuate Collection Set: 0.60ms
[2026-04-03T02:42:26.232+0600][40.051s][info][gc,phases      ] GC(134)   Merge Heap Roots: 0.22ms
[2026-04-03T02:42:26.232+0600][40.051s][info][gc,phases      ] GC(134)   Evacuate Collection Set: 3.65ms
[2026-04-03T02:42:26.232+0600][40.051s][info][gc,phases      ] GC(134)   Post Evacuate Collection Set: 0.66ms
[2026-04-03T02:42:26.232+0600][40.051s][info][gc,phases      ] GC(134)   Other: 0.26ms
[2026-04-03T02:42:26.232+0600][40.051s][info][gc,heap        ] GC(134) Eden regions: 55->0(391)
[2026-04-03T02:42:26.232+0600][40.051s][info][gc,heap        ] GC(134) Survivor regions: 8->8(50)
[2026-04-03T02:42:26.232+0600][40.051s][info][gc,heap        ] GC(134) Old regions: 85->86
[2026-04-03T02:42:26.232+0600][40.051s][info][gc,heap        ] GC(134) Humongous regions: 50->8
[2026-04-03T02:42:26.232+0600][40.051s][info][gc,metaspace   ] GC(134) Metaspace: 130380K(131840K)->130380K(131840K) NonClass: 114003K(114688K)->114003K(114688K) Class: 16376K(17152K)->16376K(17152K)
[2026-04-03T02:42:26.232+0600][40.051s][info][gc             ] GC(134) Pause Young (Concurrent Start) (G1 Humongous Allocation) 196M->100M(666M) 5.984ms
[2026-04-03T02:42:26.232+0600][40.051s][info][gc             ] GC(135) Concurrent Undo Cycle
[2026-04-03T02:42:26.232+0600][40.051s][info][gc,cpu         ] GC(134) User=0.05s Sys=0.00s Real=0.01s
[2026-04-03T02:42:26.232+0600][40.051s][info][gc,marking     ] GC(135) Concurrent Clear Claimed Marks
[2026-04-03T02:42:26.232+0600][40.051s][info][gc,marking     ] GC(135) Concurrent Clear Claimed Marks 0.304ms
[2026-04-03T02:42:26.232+0600][40.051s][info][gc,marking     ] GC(135) Concurrent Cleanup for Next Mark
[2026-04-03T02:42:26.234+0600][40.053s][info][gc,marking     ] GC(135) Concurrent Cleanup for Next Mark 1.992ms
[2026-04-03T02:42:26.235+0600][40.054s][info][gc             ] GC(135) Concurrent Undo Cycle 2.520ms
[2026-04-03T02:42:26.312+0600][40.131s][info][gc,start       ] GC(136) Pause Young (Concurrent Start) (G1 Humongous Allocation)
[2026-04-03T02:42:26.312+0600][40.131s][info][gc,task        ] GC(136) Using 10 workers of 10 for evacuation
[2026-04-03T02:42:26.318+0600][40.137s][info][gc,phases      ] GC(136)   Pre Evacuate Collection Set: 0.57ms
[2026-04-03T02:42:26.318+0600][40.137s][info][gc,phases      ] GC(136)   Merge Heap Roots: 0.28ms
[2026-04-03T02:42:26.318+0600][40.137s][info][gc,phases      ] GC(136)   Evacuate Collection Set: 4.02ms
[2026-04-03T02:42:26.318+0600][40.137s][info][gc,phases      ] GC(136)   Post Evacuate Collection Set: 0.73ms
[2026-04-03T02:42:26.318+0600][40.137s][info][gc,phases      ] GC(136)   Other: 0.23ms
[2026-04-03T02:42:26.318+0600][40.137s][info][gc,heap        ] GC(136) Eden regions: 54->0(388)
[2026-04-03T02:42:26.318+0600][40.137s][info][gc,heap        ] GC(136) Survivor regions: 8->11(50)
[2026-04-03T02:42:26.318+0600][40.137s][info][gc,heap        ] GC(136) Old regions: 86->86
[2026-04-03T02:42:26.318+0600][40.137s][info][gc,heap        ] GC(136) Humongous regions: 42->8
[2026-04-03T02:42:26.318+0600][40.137s][info][gc,metaspace   ] GC(136) Metaspace: 130380K(131840K)->130380K(131840K) NonClass: 114003K(114688K)->114003K(114688K) Class: 16376K(17152K)->16376K(17152K)
[2026-04-03T02:42:26.318+0600][40.137s][info][gc             ] GC(136) Pause Young (Concurrent Start) (G1 Humongous Allocation) 187M->102M(666M) 6.240ms
[2026-04-03T02:42:26.318+0600][40.137s][info][gc             ] GC(137) Concurrent Undo Cycle
[2026-04-03T02:42:26.318+0600][40.137s][info][gc,cpu         ] GC(136) User=0.05s Sys=0.00s Real=0.00s
[2026-04-03T02:42:26.318+0600][40.137s][info][gc,marking     ] GC(137) Concurrent Clear Claimed Marks
[2026-04-03T02:42:26.319+0600][40.138s][info][gc,marking     ] GC(137) Concurrent Clear Claimed Marks 0.295ms
[2026-04-03T02:42:26.319+0600][40.138s][info][gc,marking     ] GC(137) Concurrent Cleanup for Next Mark
[2026-04-03T02:42:26.319+0600][40.138s][info][gc,marking     ] GC(137) Concurrent Cleanup for Next Mark 0.329ms
[2026-04-03T02:42:26.319+0600][40.138s][info][gc             ] GC(137) Concurrent Undo Cycle 0.845ms
[2026-04-03T02:42:26.373+0600][40.192s][info][gc,start       ] GC(138) Pause Young (Concurrent Start) (G1 Humongous Allocation)
[2026-04-03T02:42:26.373+0600][40.192s][info][gc,task        ] GC(138) Using 10 workers of 10 for evacuation
[2026-04-03T02:42:26.379+0600][40.198s][info][gc,phases      ] GC(138)   Pre Evacuate Collection Set: 0.52ms
[2026-04-03T02:42:26.379+0600][40.198s][info][gc,phases      ] GC(138)   Merge Heap Roots: 0.22ms
[2026-04-03T02:42:26.379+0600][40.198s][info][gc,phases      ] GC(138)   Evacuate Collection Set: 2.53ms
[2026-04-03T02:42:26.379+0600][40.198s][info][gc,phases      ] GC(138)   Post Evacuate Collection Set: 2.70ms
[2026-04-03T02:42:26.379+0600][40.198s][info][gc,phases      ] GC(138)   Other: 0.22ms
[2026-04-03T02:42:26.379+0600][40.198s][info][gc,heap        ] GC(138) Eden regions: 36->0(521)
[2026-04-03T02:42:26.379+0600][40.198s][info][gc,heap        ] GC(138) Survivor regions: 11->8(50)
[2026-04-03T02:42:26.379+0600][40.198s][info][gc,heap        ] GC(138) Old regions: 86->86
[2026-04-03T02:42:26.379+0600][40.198s][info][gc,heap        ] GC(138) Humongous regions: 45->8
[2026-04-03T02:42:26.379+0600][40.198s][info][gc,metaspace   ] GC(138) Metaspace: 130380K(131840K)->130380K(131840K) NonClass: 114003K(114688K)->114003K(114688K) Class: 16376K(17152K)->16376K(17152K)
[2026-04-03T02:42:26.379+0600][40.198s][info][gc             ] GC(138) Pause Young (Concurrent Start) (G1 Humongous Allocation) 175M->99M(883M) 6.488ms
[2026-04-03T02:42:26.379+0600][40.198s][info][gc             ] GC(139) Concurrent Undo Cycle
[2026-04-03T02:42:26.379+0600][40.198s][info][gc,cpu         ] GC(138) User=0.03s Sys=0.00s Real=0.00s
[2026-04-03T02:42:26.380+0600][40.199s][info][gc,marking     ] GC(139) Concurrent Clear Claimed Marks
[2026-04-03T02:42:26.380+0600][40.199s][info][gc,marking     ] GC(139) Concurrent Clear Claimed Marks 0.287ms
[2026-04-03T02:42:26.380+0600][40.199s][info][gc,marking     ] GC(139) Concurrent Cleanup for Next Mark
[2026-04-03T02:42:26.380+0600][40.199s][info][gc,marking     ] GC(139) Concurrent Cleanup for Next Mark 0.327ms
[2026-04-03T02:42:26.380+0600][40.199s][info][gc             ] GC(139) Concurrent Undo Cycle 0.807ms
[2026-04-03T02:42:26.640+0600][40.459s][info][gc,start       ] GC(140) Pause Young (Concurrent Start) (G1 Humongous Allocation)
[2026-04-03T02:42:26.640+0600][40.459s][info][gc,task        ] GC(140) Using 10 workers of 10 for evacuation
[2026-04-03T02:42:26.646+0600][40.465s][info][gc,phases      ] GC(140)   Pre Evacuate Collection Set: 0.57ms
[2026-04-03T02:42:26.646+0600][40.465s][info][gc,phases      ] GC(140)   Merge Heap Roots: 0.24ms
[2026-04-03T02:42:26.646+0600][40.465s][info][gc,phases      ] GC(140)   Evacuate Collection Set: 4.42ms
[2026-04-03T02:42:26.646+0600][40.465s][info][gc,phases      ] GC(140)   Post Evacuate Collection Set: 0.85ms
[2026-04-03T02:42:26.646+0600][40.465s][info][gc,phases      ] GC(140)   Other: 0.21ms
[2026-04-03T02:42:26.646+0600][40.465s][info][gc,heap        ] GC(140) Eden regions: 165->0(519)
[2026-04-03T02:42:26.646+0600][40.465s][info][gc,heap        ] GC(140) Survivor regions: 8->10(67)
[2026-04-03T02:42:26.646+0600][40.465s][info][gc,heap        ] GC(140) Old regions: 86->86
[2026-04-03T02:42:26.646+0600][40.465s][info][gc,heap        ] GC(140) Humongous regions: 124->8
[2026-04-03T02:42:26.646+0600][40.465s][info][gc,metaspace   ] GC(140) Metaspace: 130380K(131840K)->130380K(131840K) NonClass: 114003K(114688K)->114003K(114688K) Class: 16376K(17152K)->16376K(17152K)
[2026-04-03T02:42:26.646+0600][40.465s][info][gc             ] GC(140) Pause Young (Concurrent Start) (G1 Humongous Allocation) 379M->102M(883M) 6.604ms
[2026-04-03T02:42:26.646+0600][40.465s][info][gc             ] GC(141) Concurrent Undo Cycle
[2026-04-03T02:42:26.646+0600][40.465s][info][gc,cpu         ] GC(140) User=0.04s Sys=0.01s Real=0.01s
[2026-04-03T02:42:26.646+0600][40.465s][info][gc,marking     ] GC(141) Concurrent Clear Claimed Marks
[2026-04-03T02:42:26.647+0600][40.466s][info][gc,marking     ] GC(141) Concurrent Clear Claimed Marks 0.341ms
[2026-04-03T02:42:26.647+0600][40.466s][info][gc,marking     ] GC(141) Concurrent Cleanup for Next Mark
[2026-04-03T02:42:26.647+0600][40.466s][info][gc,marking     ] GC(141) Concurrent Cleanup for Next Mark 0.305ms
[2026-04-03T02:42:26.647+0600][40.466s][info][gc             ] GC(141) Concurrent Undo Cycle 0.833ms
[2026-04-03T02:42:26.894+0600][40.713s][info][gc,start       ] GC(142) Pause Young (Concurrent Start) (G1 Humongous Allocation)
[2026-04-03T02:42:26.894+0600][40.713s][info][gc,task        ] GC(142) Using 10 workers of 10 for evacuation
[2026-04-03T02:42:26.899+0600][40.718s][info][gc,phases      ] GC(142)   Pre Evacuate Collection Set: 0.44ms
[2026-04-03T02:42:26.899+0600][40.718s][info][gc,phases      ] GC(142)   Merge Heap Roots: 0.21ms
[2026-04-03T02:42:26.899+0600][40.718s][info][gc,phases      ] GC(142)   Evacuate Collection Set: 3.54ms
[2026-04-03T02:42:26.899+0600][40.718s][info][gc,phases      ] GC(142)   Post Evacuate Collection Set: 0.81ms
[2026-04-03T02:42:26.899+0600][40.718s][info][gc,phases      ] GC(142)   Other: 0.21ms
[2026-04-03T02:42:26.899+0600][40.718s][info][gc,heap        ] GC(142) Eden regions: 179->0(521)
[2026-04-03T02:42:26.899+0600][40.718s][info][gc,heap        ] GC(142) Survivor regions: 10->8(67)
[2026-04-03T02:42:26.899+0600][40.718s][info][gc,heap        ] GC(142) Old regions: 86->87
[2026-04-03T02:42:26.899+0600][40.718s][info][gc,heap        ] GC(142) Humongous regions: 128->8
[2026-04-03T02:42:26.899+0600][40.718s][info][gc,metaspace   ] GC(142) Metaspace: 130385K(131840K)->130385K(131840K) NonClass: 114008K(114688K)->114008K(114688K) Class: 16376K(17152K)->16376K(17152K)
[2026-04-03T02:42:26.899+0600][40.718s][info][gc             ] GC(142) Pause Young (Concurrent Start) (G1 Humongous Allocation) 400M->101M(883M) 5.515ms
[2026-04-03T02:42:26.899+0600][40.718s][info][gc             ] GC(143) Concurrent Undo Cycle
[2026-04-03T02:42:26.899+0600][40.718s][info][gc,cpu         ] GC(142) User=0.03s Sys=0.01s Real=0.00s
[2026-04-03T02:42:26.899+0600][40.718s][info][gc,marking     ] GC(143) Concurrent Clear Claimed Marks
[2026-04-03T02:42:26.900+0600][40.719s][info][gc,marking     ] GC(143) Concurrent Clear Claimed Marks 0.241ms
[2026-04-03T02:42:26.900+0600][40.719s][info][gc,marking     ] GC(143) Concurrent Cleanup for Next Mark
[2026-04-03T02:42:26.900+0600][40.719s][info][gc,marking     ] GC(143) Concurrent Cleanup for Next Mark 0.234ms
[2026-04-03T02:42:26.900+0600][40.719s][info][gc             ] GC(143) Concurrent Undo Cycle 0.636ms
[2026-04-03T02:42:27.319+0600][41.138s][info][gc,start       ] GC(144) Pause Young (Concurrent Start) (G1 Humongous Allocation)
[2026-04-03T02:42:27.319+0600][41.138s][info][gc,task        ] GC(144) Using 10 workers of 10 for evacuation
[2026-04-03T02:42:27.323+0600][41.142s][info][gc,phases      ] GC(144)   Pre Evacuate Collection Set: 0.36ms
[2026-04-03T02:42:27.323+0600][41.142s][info][gc,phases      ] GC(144)   Merge Heap Roots: 0.18ms
[2026-04-03T02:42:27.323+0600][41.142s][info][gc,phases      ] GC(144)   Evacuate Collection Set: 2.31ms
[2026-04-03T02:42:27.323+0600][41.142s][info][gc,phases      ] GC(144)   Post Evacuate Collection Set: 0.69ms
[2026-04-03T02:42:27.323+0600][41.142s][info][gc,phases      ] GC(144)   Other: 0.13ms
[2026-04-03T02:42:27.323+0600][41.142s][info][gc,heap        ] GC(144) Eden regions: 323->0(520)
[2026-04-03T02:42:27.323+0600][41.142s][info][gc,heap        ] GC(144) Survivor regions: 8->9(67)
[2026-04-03T02:42:27.323+0600][41.142s][info][gc,heap        ] GC(144) Old regions: 87->87
[2026-04-03T02:42:27.323+0600][41.142s][info][gc,heap        ] GC(144) Humongous regions: 130->8
[2026-04-03T02:42:27.323+0600][41.142s][info][gc,metaspace   ] GC(144) Metaspace: 130475K(131904K)->130475K(131904K) NonClass: 114083K(114752K)->114083K(114752K) Class: 16391K(17152K)->16391K(17152K)
[2026-04-03T02:42:27.323+0600][41.142s][info][gc             ] GC(144) Pause Young (Concurrent Start) (G1 Humongous Allocation) 546M->102M(883M) 3.898ms
[2026-04-03T02:42:27.323+0600][41.142s][info][gc             ] GC(145) Concurrent Undo Cycle
[2026-04-03T02:42:27.323+0600][41.142s][info][gc,cpu         ] GC(144) User=0.03s Sys=0.00s Real=0.01s
[2026-04-03T02:42:27.323+0600][41.142s][info][gc,marking     ] GC(145) Concurrent Clear Claimed Marks
[2026-04-03T02:42:27.323+0600][41.142s][info][gc,marking     ] GC(145) Concurrent Clear Claimed Marks 0.251ms
[2026-04-03T02:42:27.323+0600][41.142s][info][gc,marking     ] GC(145) Concurrent Cleanup for Next Mark
[2026-04-03T02:42:27.324+0600][41.143s][info][gc,marking     ] GC(145) Concurrent Cleanup for Next Mark 0.187ms
[2026-04-03T02:42:27.324+0600][41.143s][info][gc             ] GC(145) Concurrent Undo Cycle 0.571ms
[2026-04-03T02:42:27.362+0600][41.181s][info][gc,start       ] GC(146) Pause Young (Concurrent Start) (G1 Humongous Allocation)
[2026-04-03T02:42:27.363+0600][41.182s][info][gc,task        ] GC(146) Using 10 workers of 10 for evacuation
[2026-04-03T02:42:27.368+0600][41.187s][info][gc,phases      ] GC(146)   Pre Evacuate Collection Set: 0.77ms
[2026-04-03T02:42:27.368+0600][41.187s][info][gc,phases      ] GC(146)   Merge Heap Roots: 0.27ms
[2026-04-03T02:42:27.368+0600][41.187s][info][gc,phases      ] GC(146)   Evacuate Collection Set: 3.29ms
[2026-04-03T02:42:27.368+0600][41.187s][info][gc,phases      ] GC(146)   Post Evacuate Collection Set: 0.57ms
[2026-04-03T02:42:27.368+0600][41.187s][info][gc,phases      ] GC(146)   Other: 0.14ms
[2026-04-03T02:42:27.368+0600][41.187s][info][gc,heap        ] GC(146) Eden regions: 21->0(522)
[2026-04-03T02:42:27.368+0600][41.187s][info][gc,heap        ] GC(146) Survivor regions: 9->7(67)
[2026-04-03T02:42:27.368+0600][41.187s][info][gc,heap        ] GC(146) Old regions: 87->87
[2026-04-03T02:42:27.368+0600][41.187s][info][gc,heap        ] GC(146) Humongous regions: 132->18
[2026-04-03T02:42:27.368+0600][41.187s][info][gc,metaspace   ] GC(146) Metaspace: 130504K(131968K)->130504K(131968K) NonClass: 114113K(114816K)->114113K(114816K) Class: 16391K(17152K)->16391K(17152K)
[2026-04-03T02:42:27.368+0600][41.187s][info][gc             ] GC(146) Pause Young (Concurrent Start) (G1 Humongous Allocation) 247M->110M(883M) 5.407ms
[2026-04-03T02:42:27.368+0600][41.187s][info][gc             ] GC(147) Concurrent Undo Cycle
[2026-04-03T02:42:27.368+0600][41.187s][info][gc,cpu         ] GC(146) User=0.03s Sys=0.00s Real=0.00s
[2026-04-03T02:42:27.368+0600][41.187s][info][gc,marking     ] GC(147) Concurrent Clear Claimed Marks
[2026-04-03T02:42:27.368+0600][41.187s][info][gc,marking     ] GC(147) Concurrent Clear Claimed Marks 0.306ms
[2026-04-03T02:42:27.368+0600][41.187s][info][gc,marking     ] GC(147) Concurrent Cleanup for Next Mark
[2026-04-03T02:42:27.369+0600][41.188s][info][gc,marking     ] GC(147) Concurrent Cleanup for Next Mark 0.313ms
[2026-04-03T02:42:27.369+0600][41.188s][info][gc             ] GC(147) Concurrent Undo Cycle 0.864ms
[2026-04-03T02:42:27.375+0600][41.194s][info][gc,start       ] GC(148) Pause Young (Concurrent Start) (G1 Humongous Allocation)
[2026-04-03T02:42:27.375+0600][41.194s][info][gc,task        ] GC(148) Using 10 workers of 10 for evacuation
[2026-04-03T02:42:27.379+0600][41.198s][info][gc,phases      ] GC(148)   Pre Evacuate Collection Set: 0.50ms
[2026-04-03T02:42:27.379+0600][41.198s][info][gc,phases      ] GC(148)   Merge Heap Roots: 0.13ms
[2026-04-03T02:42:27.379+0600][41.198s][info][gc,phases      ] GC(148)   Evacuate Collection Set: 2.59ms
[2026-04-03T02:42:27.379+0600][41.198s][info][gc,phases      ] GC(148)   Post Evacuate Collection Set: 0.60ms
[2026-04-03T02:42:27.379+0600][41.198s][info][gc,phases      ] GC(148)   Other: 0.12ms
[2026-04-03T02:42:27.379+0600][41.198s][info][gc,heap        ] GC(148) Eden regions: 7->0(522)
[2026-04-03T02:42:27.379+0600][41.198s][info][gc,heap        ] GC(148) Survivor regions: 7->7(67)
[2026-04-03T02:42:27.379+0600][41.198s][info][gc,heap        ] GC(148) Old regions: 87->87
[2026-04-03T02:42:27.379+0600][41.198s][info][gc,heap        ] GC(148) Humongous regions: 93->18
[2026-04-03T02:42:27.379+0600][41.198s][info][gc,metaspace   ] GC(148) Metaspace: 130504K(131968K)->130504K(131968K) NonClass: 114113K(114816K)->114113K(114816K) Class: 16391K(17152K)->16391K(17152K)
[2026-04-03T02:42:27.379+0600][41.198s][info][gc             ] GC(148) Pause Young (Concurrent Start) (G1 Humongous Allocation) 191M->110M(883M) 4.226ms
[2026-04-03T02:42:27.380+0600][41.199s][info][gc             ] GC(149) Concurrent Undo Cycle
[2026-04-03T02:42:27.380+0600][41.199s][info][gc,cpu         ] GC(148) User=0.03s Sys=0.00s Real=0.00s
[2026-04-03T02:42:27.380+0600][41.199s][info][gc,marking     ] GC(149) Concurrent Clear Claimed Marks
[2026-04-03T02:42:27.380+0600][41.199s][info][gc,marking     ] GC(149) Concurrent Clear Claimed Marks 0.321ms
[2026-04-03T02:42:27.380+0600][41.199s][info][gc,marking     ] GC(149) Concurrent Cleanup for Next Mark
[2026-04-03T02:42:27.380+0600][41.199s][info][gc,marking     ] GC(149) Concurrent Cleanup for Next Mark 0.321ms
[2026-04-03T02:42:27.380+0600][41.199s][info][gc             ] GC(149) Concurrent Undo Cycle 0.816ms
[2026-04-03T02:42:27.388+0600][41.207s][info][gc,start       ] GC(150) Pause Young (Concurrent Start) (G1 Humongous Allocation)
[2026-04-03T02:42:27.388+0600][41.207s][info][gc,task        ] GC(150) Using 10 workers of 10 for evacuation
[2026-04-03T02:42:27.393+0600][41.212s][info][gc,phases      ] GC(150)   Pre Evacuate Collection Set: 0.51ms
[2026-04-03T02:42:27.393+0600][41.212s][info][gc,phases      ] GC(150)   Merge Heap Roots: 0.23ms
[2026-04-03T02:42:27.393+0600][41.212s][info][gc,phases      ] GC(150)   Evacuate Collection Set: 2.54ms
[2026-04-03T02:42:27.393+0600][41.212s][info][gc,phases      ] GC(150)   Post Evacuate Collection Set: 0.94ms
[2026-04-03T02:42:27.393+0600][41.212s][info][gc,phases      ] GC(150)   Other: 0.24ms
[2026-04-03T02:42:27.393+0600][41.212s][info][gc,heap        ] GC(150) Eden regions: 7->0(522)
[2026-04-03T02:42:27.393+0600][41.212s][info][gc,heap        ] GC(150) Survivor regions: 7->7(67)
[2026-04-03T02:42:27.393+0600][41.212s][info][gc,heap        ] GC(150) Old regions: 87->87
[2026-04-03T02:42:27.393+0600][41.212s][info][gc,heap        ] GC(150) Humongous regions: 98->18
[2026-04-03T02:42:27.393+0600][41.212s][info][gc,metaspace   ] GC(150) Metaspace: 130504K(131968K)->130504K(131968K) NonClass: 114113K(114816K)->114113K(114816K) Class: 16391K(17152K)->16391K(17152K)
[2026-04-03T02:42:27.393+0600][41.212s][info][gc             ] GC(150) Pause Young (Concurrent Start) (G1 Humongous Allocation) 197M->111M(883M) 4.891ms
[2026-04-03T02:42:27.393+0600][41.212s][info][gc             ] GC(151) Concurrent Undo Cycle
[2026-04-03T02:42:27.393+0600][41.212s][info][gc,cpu         ] GC(150) User=0.03s Sys=0.00s Real=0.01s
[2026-04-03T02:42:27.393+0600][41.212s][info][gc,marking     ] GC(151) Concurrent Clear Claimed Marks
[2026-04-03T02:42:27.393+0600][41.212s][info][gc,marking     ] GC(151) Concurrent Clear Claimed Marks 0.274ms
[2026-04-03T02:42:27.393+0600][41.212s][info][gc,marking     ] GC(151) Concurrent Cleanup for Next Mark
[2026-04-03T02:42:27.394+0600][41.213s][info][gc,marking     ] GC(151) Concurrent Cleanup for Next Mark 0.316ms
[2026-04-03T02:42:27.394+0600][41.213s][info][gc             ] GC(151) Concurrent Undo Cycle 0.761ms
[2026-04-03T02:42:27.462+0600][41.281s][info][gc,start       ] GC(152) Pause Young (Concurrent Start) (G1 Humongous Allocation)
[2026-04-03T02:42:27.462+0600][41.281s][info][gc,task        ] GC(152) Using 10 workers of 10 for evacuation
[2026-04-03T02:42:27.467+0600][41.286s][info][gc,phases      ] GC(152)   Pre Evacuate Collection Set: 0.46ms
[2026-04-03T02:42:27.467+0600][41.286s][info][gc,phases      ] GC(152)   Merge Heap Roots: 0.15ms
[2026-04-03T02:42:27.467+0600][41.286s][info][gc,phases      ] GC(152)   Evacuate Collection Set: 1.86ms
[2026-04-03T02:42:27.467+0600][41.286s][info][gc,phases      ] GC(152)   Post Evacuate Collection Set: 1.78ms
[2026-04-03T02:42:27.467+0600][41.286s][info][gc,phases      ] GC(152)   Other: 0.15ms
[2026-04-03T02:42:27.467+0600][41.286s][info][gc,heap        ] GC(152) Eden regions: 45->0(648)
[2026-04-03T02:42:27.467+0600][41.286s][info][gc,heap        ] GC(152) Survivor regions: 7->4(67)
[2026-04-03T02:42:27.467+0600][41.286s][info][gc,heap        ] GC(152) Old regions: 87->89
[2026-04-03T02:42:27.467+0600][41.286s][info][gc,heap        ] GC(152) Humongous regions: 102->8
[2026-04-03T02:42:27.467+0600][41.286s][info][gc,metaspace   ] GC(152) Metaspace: 130506K(131968K)->130506K(131968K) NonClass: 114115K(114816K)->114115K(114816K) Class: 16391K(17152K)->16391K(17152K)
[2026-04-03T02:42:27.467+0600][41.286s][info][gc             ] GC(152) Pause Young (Concurrent Start) (G1 Humongous Allocation) 240M->99M(1087M) 4.642ms
[2026-04-03T02:42:27.467+0600][41.286s][info][gc             ] GC(153) Concurrent Undo Cycle
[2026-04-03T02:42:27.467+0600][41.286s][info][gc,cpu         ] GC(152) User=0.02s Sys=0.00s Real=0.00s
[2026-04-03T02:42:27.467+0600][41.286s][info][gc,marking     ] GC(153) Concurrent Clear Claimed Marks
[2026-04-03T02:42:27.467+0600][41.286s][info][gc,marking     ] GC(153) Concurrent Clear Claimed Marks 0.251ms
[2026-04-03T02:42:27.467+0600][41.286s][info][gc,marking     ] GC(153) Concurrent Cleanup for Next Mark
[2026-04-03T02:42:27.468+0600][41.287s][info][gc,marking     ] GC(153) Concurrent Cleanup for Next Mark 0.694ms
[2026-04-03T02:42:27.468+0600][41.287s][info][gc             ] GC(153) Concurrent Undo Cycle 1.447ms
[2026-04-03T02:42:27.476+0600][41.295s][info][gc,start       ] GC(154) Pause Young (Concurrent Start) (G1 Humongous Allocation)
[2026-04-03T02:42:27.476+0600][41.295s][info][gc,task        ] GC(154) Using 10 workers of 10 for evacuation
[2026-04-03T02:42:27.480+0600][41.299s][info][gc,phases      ] GC(154)   Pre Evacuate Collection Set: 0.60ms
[2026-04-03T02:42:27.480+0600][41.299s][info][gc,phases      ] GC(154)   Merge Heap Roots: 0.17ms
[2026-04-03T02:42:27.480+0600][41.299s][info][gc,phases      ] GC(154)   Evacuate Collection Set: 1.86ms
[2026-04-03T02:42:27.480+0600][41.299s][info][gc,phases      ] GC(154)   Post Evacuate Collection Set: 0.72ms
[2026-04-03T02:42:27.480+0600][41.299s][info][gc,phases      ] GC(154)   Other: 0.38ms
[2026-04-03T02:42:27.480+0600][41.299s][info][gc,heap        ] GC(154) Eden regions: 9->0(646)
[2026-04-03T02:42:27.480+0600][41.299s][info][gc,heap        ] GC(154) Survivor regions: 4->6(82)
[2026-04-03T02:42:27.480+0600][41.299s][info][gc,heap        ] GC(154) Old regions: 89->89
[2026-04-03T02:42:27.480+0600][41.299s][info][gc,heap        ] GC(154) Humongous regions: 173->13
[2026-04-03T02:42:27.480+0600][41.299s][info][gc,metaspace   ] GC(154) Metaspace: 130506K(131968K)->130506K(131968K) NonClass: 114115K(114816K)->114115K(114816K) Class: 16391K(17152K)->16391K(17152K)
[2026-04-03T02:42:27.480+0600][41.299s][info][gc             ] GC(154) Pause Young (Concurrent Start) (G1 Humongous Allocation) 273M->106M(1087M) 4.053ms
[2026-04-03T02:42:27.480+0600][41.299s][info][gc,cpu         ] GC(154) User=0.02s Sys=0.01s Real=0.01s
[2026-04-03T02:42:27.480+0600][41.299s][info][gc             ] GC(155) Concurrent Undo Cycle
[2026-04-03T02:42:27.481+0600][41.300s][info][gc,marking     ] GC(155) Concurrent Clear Claimed Marks
[2026-04-03T02:42:27.481+0600][41.300s][info][gc,marking     ] GC(155) Concurrent Clear Claimed Marks 0.391ms
[2026-04-03T02:42:27.481+0600][41.300s][info][gc,marking     ] GC(155) Concurrent Cleanup for Next Mark
[2026-04-03T02:42:27.481+0600][41.300s][info][gc,marking     ] GC(155) Concurrent Cleanup for Next Mark 0.459ms
[2026-04-03T02:42:27.481+0600][41.301s][info][gc             ] GC(155) Concurrent Undo Cycle 1.049ms
[2026-04-03T02:42:27.484+0600][41.303s][info][gc,start       ] GC(156) Pause Young (Concurrent Start) (G1 Humongous Allocation)
[2026-04-03T02:42:27.484+0600][41.303s][info][gc,task        ] GC(156) Using 10 workers of 10 for evacuation
[2026-04-03T02:42:27.488+0600][41.307s][info][gc,phases      ] GC(156)   Pre Evacuate Collection Set: 0.51ms
[2026-04-03T02:42:27.488+0600][41.307s][info][gc,phases      ] GC(156)   Merge Heap Roots: 0.11ms
[2026-04-03T02:42:27.488+0600][41.307s][info][gc,phases      ] GC(156)   Evacuate Collection Set: 1.93ms
[2026-04-03T02:42:27.488+0600][41.307s][info][gc,phases      ] GC(156)   Post Evacuate Collection Set: 0.59ms
[2026-04-03T02:42:27.488+0600][41.307s][info][gc,phases      ] GC(156)   Other: 0.19ms
[2026-04-03T02:42:27.488+0600][41.307s][info][gc,heap        ] GC(156) Eden regions: 4->0(645)
[2026-04-03T02:42:27.488+0600][41.307s][info][gc,heap        ] GC(156) Survivor regions: 6->7(82)
[2026-04-03T02:42:27.488+0600][41.307s][info][gc,heap        ] GC(156) Old regions: 89->89
[2026-04-03T02:42:27.488+0600][41.307s][info][gc,heap        ] GC(156) Humongous regions: 78->23
[2026-04-03T02:42:27.488+0600][41.307s][info][gc,metaspace   ] GC(156) Metaspace: 130506K(131968K)->130506K(131968K) NonClass: 114115K(114816K)->114115K(114816K) Class: 16391K(17152K)->16391K(17152K)
[2026-04-03T02:42:27.488+0600][41.307s][info][gc             ] GC(156) Pause Young (Concurrent Start) (G1 Humongous Allocation) 175M->117M(1087M) 3.683ms
[2026-04-03T02:42:27.488+0600][41.307s][info][gc,cpu         ] GC(156) User=0.02s Sys=0.00s Real=0.00s
[2026-04-03T02:42:27.488+0600][41.307s][info][gc             ] GC(157) Concurrent Undo Cycle
[2026-04-03T02:42:27.488+0600][41.307s][info][gc,marking     ] GC(157) Concurrent Clear Claimed Marks
[2026-04-03T02:42:27.489+0600][41.308s][info][gc,marking     ] GC(157) Concurrent Clear Claimed Marks 0.331ms
[2026-04-03T02:42:27.489+0600][41.308s][info][gc,marking     ] GC(157) Concurrent Cleanup for Next Mark
[2026-04-03T02:42:27.489+0600][41.308s][info][gc,marking     ] GC(157) Concurrent Cleanup for Next Mark 0.377ms
[2026-04-03T02:42:27.489+0600][41.308s][info][gc             ] GC(157) Concurrent Undo Cycle 0.939ms
[2026-04-03T02:42:27.490+0600][41.309s][info][gc,start       ] GC(158) Pause Young (Concurrent Start) (G1 Humongous Allocation)
[2026-04-03T02:42:27.490+0600][41.309s][info][gc,task        ] GC(158) Using 10 workers of 10 for evacuation
[2026-04-03T02:42:27.494+0600][41.313s][info][gc,phases      ] GC(158)   Pre Evacuate Collection Set: 0.57ms
[2026-04-03T02:42:27.494+0600][41.313s][info][gc,phases      ] GC(158)   Merge Heap Roots: 0.11ms
[2026-04-03T02:42:27.494+0600][41.313s][info][gc,phases      ] GC(158)   Evacuate Collection Set: 1.86ms
[2026-04-03T02:42:27.494+0600][41.313s][info][gc,phases      ] GC(158)   Post Evacuate Collection Set: 0.93ms
[2026-04-03T02:42:27.494+0600][41.313s][info][gc,phases      ] GC(158)   Other: 0.26ms
[2026-04-03T02:42:27.494+0600][41.313s][info][gc,heap        ] GC(158) Eden regions: 2->0(619)
[2026-04-03T02:42:27.494+0600][41.313s][info][gc,heap        ] GC(158) Survivor regions: 7->7(82)
[2026-04-03T02:42:27.494+0600][41.313s][info][gc,heap        ] GC(158) Old regions: 89->89
[2026-04-03T02:42:27.494+0600][41.313s][info][gc,heap        ] GC(158) Humongous regions: 43->23
[2026-04-03T02:42:27.494+0600][41.313s][info][gc,metaspace   ] GC(158) Metaspace: 130506K(131968K)->130506K(131968K) NonClass: 114115K(114816K)->114115K(114816K) Class: 16391K(17152K)->16391K(17152K)
[2026-04-03T02:42:27.494+0600][41.313s][info][gc             ] GC(158) Pause Young (Concurrent Start) (G1 Humongous Allocation) 139M->117M(1087M) 4.218ms
[2026-04-03T02:42:27.494+0600][41.313s][info][gc,cpu         ] GC(158) User=0.02s Sys=0.00s Real=0.00s
[2026-04-03T02:42:27.494+0600][41.313s][info][gc             ] GC(159) Concurrent Mark Cycle
[2026-04-03T02:42:27.494+0600][41.313s][info][gc,marking     ] GC(159) Concurrent Scan Root Regions
[2026-04-03T02:42:27.497+0600][41.316s][info][gc,marking     ] GC(159) Concurrent Scan Root Regions 2.326ms
[2026-04-03T02:42:27.497+0600][41.316s][info][gc,marking     ] GC(159) Concurrent Mark
[2026-04-03T02:42:27.497+0600][41.316s][info][gc,marking     ] GC(159) Concurrent Mark From Roots
[2026-04-03T02:42:27.497+0600][41.316s][info][gc,task        ] GC(159) Using 3 workers of 3 for marking
[2026-04-03T02:42:27.571+0600][41.390s][info][gc,marking     ] GC(159) Concurrent Mark From Roots 74.111ms
[2026-04-03T02:42:27.571+0600][41.390s][info][gc,marking     ] GC(159) Concurrent Preclean
[2026-04-03T02:42:27.571+0600][41.390s][info][gc,marking     ] GC(159) Concurrent Preclean 0.237ms
[2026-04-03T02:42:27.571+0600][41.391s][info][gc,start       ] GC(159) Pause Remark
[2026-04-03T02:42:27.581+0600][41.400s][info][gc             ] GC(159) Pause Remark 267M->267M(727M) 8.999ms
[2026-04-03T02:42:27.581+0600][41.400s][info][gc,cpu         ] GC(159) User=0.06s Sys=0.00s Real=0.01s
[2026-04-03T02:42:27.581+0600][41.400s][info][gc,marking     ] GC(159) Concurrent Mark 84.283ms
[2026-04-03T02:42:27.581+0600][41.400s][info][gc,marking     ] GC(159) Concurrent Rebuild Remembered Sets and Scrub Regions
[2026-04-03T02:42:27.612+0600][41.431s][info][gc,marking     ] GC(159) Concurrent Rebuild Remembered Sets and Scrub Regions 30.546ms
[2026-04-03T02:42:27.612+0600][41.431s][info][gc,start       ] GC(159) Pause Cleanup
[2026-04-03T02:42:27.612+0600][41.431s][info][gc             ] GC(159) Pause Cleanup 277M->277M(727M) 0.386ms
[2026-04-03T02:42:27.612+0600][41.431s][info][gc,cpu         ] GC(159) User=0.00s Sys=0.00s Real=0.00s
[2026-04-03T02:42:27.613+0600][41.432s][info][gc,marking     ] GC(159) Concurrent Clear Claimed Marks
[2026-04-03T02:42:27.613+0600][41.432s][info][gc,marking     ] GC(159) Concurrent Clear Claimed Marks 0.418ms
[2026-04-03T02:42:27.613+0600][41.432s][info][gc,marking     ] GC(159) Concurrent Cleanup for Next Mark
[2026-04-03T02:42:27.615+0600][41.434s][info][gc,marking     ] GC(159) Concurrent Cleanup for Next Mark 1.594ms
[2026-04-03T02:42:27.615+0600][41.434s][info][gc             ] GC(159) Concurrent Mark Cycle 120.559ms
[2026-04-03T02:42:28.141+0600][41.960s][info][gc,start       ] GC(160) Pause Young (Prepare Mixed) (G1 Evacuation Pause)
[2026-04-03T02:42:28.141+0600][41.960s][info][gc,task        ] GC(160) Using 10 workers of 10 for evacuation
[2026-04-03T02:42:28.147+0600][41.966s][info][gc,phases      ] GC(160)   Pre Evacuate Collection Set: 0.55ms
[2026-04-03T02:42:28.147+0600][41.966s][info][gc,phases      ] GC(160)   Merge Heap Roots: 0.35ms
[2026-04-03T02:42:28.147+0600][41.966s][info][gc,phases      ] GC(160)   Evacuate Collection Set: 3.79ms
[2026-04-03T02:42:28.147+0600][41.966s][info][gc,phases      ] GC(160)   Post Evacuate Collection Set: 0.87ms
[2026-04-03T02:42:28.147+0600][41.966s][info][gc,phases      ] GC(160)   Other: 0.14ms
[2026-04-03T02:42:28.147+0600][41.966s][info][gc,heap        ] GC(160) Eden regions: 356->0(433)
[2026-04-03T02:42:28.147+0600][41.966s][info][gc,heap        ] GC(160) Survivor regions: 7->6(55)
[2026-04-03T02:42:28.147+0600][41.966s][info][gc,heap        ] GC(160) Old regions: 89->90
[2026-04-03T02:42:28.147+0600][41.966s][info][gc,heap        ] GC(160) Humongous regions: 275->10
[2026-04-03T02:42:28.147+0600][41.966s][info][gc,metaspace   ] GC(160) Metaspace: 130546K(132032K)->130546K(132032K) NonClass: 114154K(114880K)->114154K(114880K) Class: 16392K(17152K)->16392K(17152K)
[2026-04-03T02:42:28.147+0600][41.966s][info][gc             ] GC(160) Pause Young (Prepare Mixed) (G1 Evacuation Pause) 725M->103M(734M) 6.023ms
[2026-04-03T02:42:28.147+0600][41.966s][info][gc,cpu         ] GC(160) User=0.03s Sys=0.02s Real=0.00s
[2026-04-03T02:42:28.581+0600][42.400s][info][gc,start       ] GC(161) Pause Young (Mixed) (G1 Evacuation Pause)
[2026-04-03T02:42:28.581+0600][42.400s][info][gc,task        ] GC(161) Using 10 workers of 10 for evacuation
[2026-04-03T02:42:28.587+0600][42.406s][info][gc,phases      ] GC(161)   Pre Evacuate Collection Set: 0.38ms
[2026-04-03T02:42:28.587+0600][42.406s][info][gc,phases      ] GC(161)   Merge Heap Roots: 0.27ms
[2026-04-03T02:42:28.587+0600][42.406s][info][gc,phases      ] GC(161)   Evacuate Collection Set: 4.69ms
[2026-04-03T02:42:28.587+0600][42.406s][info][gc,phases      ] GC(161)   Post Evacuate Collection Set: 0.77ms
[2026-04-03T02:42:28.587+0600][42.406s][info][gc,phases      ] GC(161)   Other: 0.12ms
[2026-04-03T02:42:28.587+0600][42.406s][info][gc,heap        ] GC(161) Eden regions: 351->0(440)
[2026-04-03T02:42:28.587+0600][42.406s][info][gc,heap        ] GC(161) Survivor regions: 6->8(55)
[2026-04-03T02:42:28.587+0600][42.406s][info][gc,heap        ] GC(161) Old regions: 90->87
[2026-04-03T02:42:28.587+0600][42.406s][info][gc,heap        ] GC(161) Humongous regions: 292->8
[2026-04-03T02:42:28.587+0600][42.406s][info][gc,metaspace   ] GC(161) Metaspace: 130564K(132032K)->130564K(132032K) NonClass: 114172K(114880K)->114172K(114880K) Class: 16392K(17152K)->16392K(17152K)
[2026-04-03T02:42:28.587+0600][42.406s][info][gc             ] GC(161) Pause Young (Mixed) (G1 Evacuation Pause) 736M->102M(747M) 6.494ms
[2026-04-03T02:42:28.587+0600][42.406s][info][gc,cpu         ] GC(161) User=0.03s Sys=0.02s Real=0.00s
[2026-04-03T02:42:28.603+0600][42.422s][info][gc,start       ] GC(162) Pause Young (Concurrent Start) (GCLocker Initiated GC)
[2026-04-03T02:42:28.603+0600][42.422s][info][gc,task        ] GC(162) Using 10 workers of 10 for evacuation
[2026-04-03T02:42:28.607+0600][42.426s][info][gc,phases      ] GC(162)   Pre Evacuate Collection Set: 0.53ms
[2026-04-03T02:42:28.607+0600][42.426s][info][gc,phases      ] GC(162)   Merge Heap Roots: 0.22ms
[2026-04-03T02:42:28.607+0600][42.426s][info][gc,phases      ] GC(162)   Evacuate Collection Set: 2.56ms
[2026-04-03T02:42:28.607+0600][42.426s][info][gc,phases      ] GC(162)   Post Evacuate Collection Set: 0.78ms
[2026-04-03T02:42:28.607+0600][42.426s][info][gc,phases      ] GC(162)   Other: 0.17ms
[2026-04-03T02:42:28.607+0600][42.426s][info][gc,heap        ] GC(162) Eden regions: 20->0(441)
[2026-04-03T02:42:28.607+0600][42.426s][info][gc,heap        ] GC(162) Survivor regions: 8->7(56)
[2026-04-03T02:42:28.607+0600][42.426s][info][gc,heap        ] GC(162) Old regions: 87->88
[2026-04-03T02:42:28.607+0600][42.426s][info][gc,heap        ] GC(162) Humongous regions: 8->8
[2026-04-03T02:42:28.607+0600][42.426s][info][gc,metaspace   ] GC(162) Metaspace: 130564K(132032K)->130564K(132032K) NonClass: 114172K(114880K)->114172K(114880K) Class: 16392K(17152K)->16392K(17152K)
[2026-04-03T02:42:28.607+0600][42.426s][info][gc             ] GC(162) Pause Young (Concurrent Start) (GCLocker Initiated GC) 122M->101M(747M) 4.594ms
[2026-04-03T02:42:28.607+0600][42.426s][info][gc             ] GC(163) Concurrent Mark Cycle
[2026-04-03T02:42:28.607+0600][42.426s][info][gc,cpu         ] GC(162) User=0.03s Sys=0.01s Real=0.00s
[2026-04-03T02:42:28.607+0600][42.426s][info][gc,marking     ] GC(163) Concurrent Scan Root Regions
[2026-04-03T02:42:28.610+0600][42.429s][info][gc,marking     ] GC(163) Concurrent Scan Root Regions 2.890ms
[2026-04-03T02:42:28.610+0600][42.429s][info][gc,marking     ] GC(163) Concurrent Mark
[2026-04-03T02:42:28.610+0600][42.429s][info][gc,marking     ] GC(163) Concurrent Mark From Roots
[2026-04-03T02:42:28.610+0600][42.429s][info][gc,task        ] GC(163) Using 3 workers of 3 for marking
[2026-04-03T02:42:28.692+0600][42.511s][info][gc,marking     ] GC(163) Concurrent Mark From Roots 81.732ms
[2026-04-03T02:42:28.692+0600][42.511s][info][gc,marking     ] GC(163) Concurrent Preclean
[2026-04-03T02:42:28.693+0600][42.512s][info][gc,marking     ] GC(163) Concurrent Preclean 0.559ms
[2026-04-03T02:42:28.693+0600][42.512s][info][gc,start       ] GC(163) Pause Remark
[2026-04-03T02:42:28.702+0600][42.521s][info][gc             ] GC(163) Pause Remark 193M->193M(484M) 9.142ms
[2026-04-03T02:42:28.703+0600][42.522s][info][gc,cpu         ] GC(163) User=0.07s Sys=0.00s Real=0.01s
[2026-04-03T02:42:28.703+0600][42.522s][info][gc,marking     ] GC(163) Concurrent Mark 92.369ms
[2026-04-03T02:42:28.703+0600][42.522s][info][gc,marking     ] GC(163) Concurrent Rebuild Remembered Sets and Scrub Regions
[2026-04-03T02:42:28.737+0600][42.557s][info][gc,marking     ] GC(163) Concurrent Rebuild Remembered Sets and Scrub Regions 34.580ms
[2026-04-03T02:42:28.738+0600][42.557s][info][gc,start       ] GC(163) Pause Cleanup
[2026-04-03T02:42:28.762+0600][42.581s][info][gc             ] GC(163) Pause Cleanup 224M->224M(484M) 23.796ms
[2026-04-03T02:42:28.762+0600][42.581s][info][gc,cpu         ] GC(163) User=0.00s Sys=0.00s Real=0.03s
[2026-04-03T02:42:28.762+0600][42.581s][info][gc,marking     ] GC(163) Concurrent Clear Claimed Marks
[2026-04-03T02:42:28.763+0600][42.582s][info][gc,marking     ] GC(163) Concurrent Clear Claimed Marks 0.412ms
[2026-04-03T02:42:28.763+0600][42.582s][info][gc,marking     ] GC(163) Concurrent Cleanup for Next Mark
[2026-04-03T02:42:28.763+0600][42.583s][info][gc,marking     ] GC(163) Concurrent Cleanup for Next Mark 0.916ms
[2026-04-03T02:42:28.764+0600][42.583s][info][gc             ] GC(163) Concurrent Mark Cycle 156.164ms
[2026-04-03T02:42:29.029+0600][42.848s][info][gc,start       ] GC(164) Pause Young (Prepare Mixed) (G1 Evacuation Pause)
[2026-04-03T02:42:29.029+0600][42.848s][info][gc,task        ] GC(164) Using 10 workers of 10 for evacuation
[2026-04-03T02:42:29.035+0600][42.854s][info][gc,phases      ] GC(164)   Pre Evacuate Collection Set: 0.74ms
[2026-04-03T02:42:29.035+0600][42.854s][info][gc,phases      ] GC(164)   Merge Heap Roots: 0.39ms
[2026-04-03T02:42:29.035+0600][42.854s][info][gc,phases      ] GC(164)   Evacuate Collection Set: 4.50ms
[2026-04-03T02:42:29.035+0600][42.854s][info][gc,phases      ] GC(164)   Post Evacuate Collection Set: 0.92ms
[2026-04-03T02:42:29.035+0600][42.854s][info][gc,phases      ] GC(164)   Other: 0.13ms
[2026-04-03T02:42:29.035+0600][42.854s][info][gc,heap        ] GC(164) Eden regions: 235->0(287)
[2026-04-03T02:42:29.035+0600][42.854s][info][gc,heap        ] GC(164) Survivor regions: 7->8(37)
[2026-04-03T02:42:29.035+0600][42.854s][info][gc,heap        ] GC(164) Old regions: 88->89
[2026-04-03T02:42:29.035+0600][42.854s][info][gc,heap        ] GC(164) Humongous regions: 154->8
[2026-04-03T02:42:29.035+0600][42.855s][info][gc,metaspace   ] GC(164) Metaspace: 130586K(132096K)->130586K(132096K) NonClass: 114193K(114944K)->114193K(114944K) Class: 16393K(17152K)->16393K(17152K)
[2026-04-03T02:42:29.036+0600][42.855s][info][gc             ] GC(164) Pause Young (Prepare Mixed) (G1 Evacuation Pause) 482M->102M(493M) 7.036ms
[2026-04-03T02:42:29.036+0600][42.855s][info][gc,cpu         ] GC(164) User=0.03s Sys=0.01s Real=0.01s
[2026-04-03T02:42:29.293+0600][43.112s][info][gc,start       ] GC(165) Pause Young (Mixed) (G1 Evacuation Pause)
[2026-04-03T02:42:29.293+0600][43.112s][info][gc,task        ] GC(165) Using 10 workers of 10 for evacuation
[2026-04-03T02:42:29.298+0600][43.117s][info][gc,phases      ] GC(165)   Pre Evacuate Collection Set: 0.33ms
[2026-04-03T02:42:29.298+0600][43.117s][info][gc,phases      ] GC(165)   Merge Heap Roots: 0.18ms
[2026-04-03T02:42:29.298+0600][43.117s][info][gc,phases      ] GC(165)   Evacuate Collection Set: 3.75ms
[2026-04-03T02:42:29.298+0600][43.117s][info][gc,phases      ] GC(165)   Post Evacuate Collection Set: 0.83ms
[2026-04-03T02:42:29.298+0600][43.117s][info][gc,phases      ] GC(165)   Other: 0.11ms
[2026-04-03T02:42:29.298+0600][43.117s][info][gc,heap        ] GC(165) Eden regions: 234->0(360)
[2026-04-03T02:42:29.298+0600][43.117s][info][gc,heap        ] GC(165) Survivor regions: 8->10(37)
[2026-04-03T02:42:29.298+0600][43.117s][info][gc,heap        ] GC(165) Old regions: 89->87
[2026-04-03T02:42:29.298+0600][43.117s][info][gc,heap        ] GC(165) Humongous regions: 277->18
[2026-04-03T02:42:29.298+0600][43.117s][info][gc,metaspace   ] GC(165) Metaspace: 130591K(132096K)->130591K(132096K) NonClass: 114198K(114944K)->114198K(114944K) Class: 16393K(17152K)->16393K(17152K)
[2026-04-03T02:42:29.298+0600][43.117s][info][gc             ] GC(165) Pause Young (Mixed) (G1 Evacuation Pause) 605M->113M(618M) 5.469ms
[2026-04-03T02:42:29.299+0600][43.118s][info][gc,cpu         ] GC(165) User=0.03s Sys=0.01s Real=0.00s
[2026-04-03T02:42:29.300+0600][43.119s][info][gc,start       ] GC(166) Pause Young (Concurrent Start) (G1 Humongous Allocation)
[2026-04-03T02:42:29.300+0600][43.119s][info][gc,task        ] GC(166) Using 10 workers of 10 for evacuation
[2026-04-03T02:42:29.303+0600][43.122s][info][gc,phases      ] GC(166)   Pre Evacuate Collection Set: 0.39ms
[2026-04-03T02:42:29.303+0600][43.122s][info][gc,phases      ] GC(166)   Merge Heap Roots: 0.09ms
[2026-04-03T02:42:29.303+0600][43.122s][info][gc,phases      ] GC(166)   Evacuate Collection Set: 2.48ms
[2026-04-03T02:42:29.303+0600][43.123s][info][gc,phases      ] GC(166)   Post Evacuate Collection Set: 0.46ms
[2026-04-03T02:42:29.303+0600][43.123s][info][gc,phases      ] GC(166)   Other: 0.11ms
[2026-04-03T02:42:29.304+0600][43.123s][info][gc,heap        ] GC(166) Eden regions: 2->0(360)
[2026-04-03T02:42:29.304+0600][43.123s][info][gc,heap        ] GC(166) Survivor regions: 10->10(47)
[2026-04-03T02:42:29.304+0600][43.123s][info][gc,heap        ] GC(166) Old regions: 87->87
[2026-04-03T02:42:29.304+0600][43.123s][info][gc,heap        ] GC(166) Humongous regions: 23->13
[2026-04-03T02:42:29.304+0600][43.123s][info][gc,metaspace   ] GC(166) Metaspace: 130591K(132096K)->130591K(132096K) NonClass: 114198K(114944K)->114198K(114944K) Class: 16393K(17152K)->16393K(17152K)
[2026-04-03T02:42:29.304+0600][43.123s][info][gc             ] GC(166) Pause Young (Concurrent Start) (G1 Humongous Allocation) 119M->108M(618M) 3.817ms
[2026-04-03T02:42:29.304+0600][43.123s][info][gc             ] GC(167) Concurrent Mark Cycle
[2026-04-03T02:42:29.304+0600][43.123s][info][gc,marking     ] GC(167) Concurrent Scan Root Regions
[2026-04-03T02:42:29.304+0600][43.123s][info][gc,cpu         ] GC(166) User=0.03s Sys=0.01s Real=0.00s
[2026-04-03T02:42:29.306+0600][43.125s][info][gc,marking     ] GC(167) Concurrent Scan Root Regions 2.322ms
[2026-04-03T02:42:29.306+0600][43.125s][info][gc,marking     ] GC(167) Concurrent Mark
[2026-04-03T02:42:29.306+0600][43.125s][info][gc,marking     ] GC(167) Concurrent Mark From Roots
[2026-04-03T02:42:29.306+0600][43.125s][info][gc,task        ] GC(167) Using 3 workers of 3 for marking
[2026-04-03T02:42:29.390+0600][43.209s][info][gc,marking     ] GC(167) Concurrent Mark From Roots 83.515ms
[2026-04-03T02:42:29.390+0600][43.209s][info][gc,marking     ] GC(167) Concurrent Preclean
[2026-04-03T02:42:29.390+0600][43.209s][info][gc,marking     ] GC(167) Concurrent Preclean 0.233ms
[2026-04-03T02:42:29.390+0600][43.209s][info][gc,start       ] GC(167) Pause Remark
[2026-04-03T02:42:29.398+0600][43.217s][info][gc             ] GC(167) Pause Remark 301M->301M(618M) 7.412ms
[2026-04-03T02:42:29.398+0600][43.217s][info][gc,cpu         ] GC(167) User=0.05s Sys=0.01s Real=0.00s
[2026-04-03T02:42:29.398+0600][43.217s][info][gc,marking     ] GC(167) Concurrent Mark 91.976ms
[2026-04-03T02:42:29.398+0600][43.217s][info][gc,marking     ] GC(167) Concurrent Rebuild Remembered Sets and Scrub Regions
[2026-04-03T02:42:29.429+0600][43.248s][info][gc,marking     ] GC(167) Concurrent Rebuild Remembered Sets and Scrub Regions 30.800ms
[2026-04-03T02:42:29.430+0600][43.249s][info][gc,start       ] GC(167) Pause Cleanup
[2026-04-03T02:42:29.430+0600][43.249s][info][gc             ] GC(167) Pause Cleanup 473M->473M(618M) 0.438ms
[2026-04-03T02:42:29.430+0600][43.249s][info][gc,cpu         ] GC(167) User=0.00s Sys=0.01s Real=0.00s
[2026-04-03T02:42:29.431+0600][43.250s][info][gc,marking     ] GC(167) Concurrent Clear Claimed Marks
[2026-04-03T02:42:29.431+0600][43.250s][info][gc,marking     ] GC(167) Concurrent Clear Claimed Marks 0.379ms
[2026-04-03T02:42:29.431+0600][43.250s][info][gc,marking     ] GC(167) Concurrent Cleanup for Next Mark
[2026-04-03T02:42:29.433+0600][43.252s][info][gc,marking     ] GC(167) Concurrent Cleanup for Next Mark 2.099ms
[2026-04-03T02:42:29.433+0600][43.252s][info][gc             ] GC(167) Concurrent Mark Cycle 129.556ms
[2026-04-03T02:42:29.463+0600][43.282s][info][gc,start       ] GC(168) Pause Young (Prepare Mixed) (G1 Evacuation Pause)
[2026-04-03T02:42:29.463+0600][43.282s][info][gc,task        ] GC(168) Using 10 workers of 10 for evacuation
[2026-04-03T02:42:29.467+0600][43.286s][info][gc,phases      ] GC(168)   Pre Evacuate Collection Set: 0.26ms
[2026-04-03T02:42:29.467+0600][43.286s][info][gc,phases      ] GC(168)   Merge Heap Roots: 0.24ms
[2026-04-03T02:42:29.467+0600][43.286s][info][gc,phases      ] GC(168)   Evacuate Collection Set: 2.47ms
[2026-04-03T02:42:29.467+0600][43.286s][info][gc,phases      ] GC(168)   Post Evacuate Collection Set: 0.73ms
[2026-04-03T02:42:29.467+0600][43.286s][info][gc,phases      ] GC(168)   Other: 0.08ms
[2026-04-03T02:42:29.467+0600][43.286s][info][gc,heap        ] GC(168) Eden regions: 70->0(391)
[2026-04-03T02:42:29.467+0600][43.286s][info][gc,heap        ] GC(168) Survivor regions: 10->5(47)
[2026-04-03T02:42:29.467+0600][43.286s][info][gc,heap        ] GC(168) Old regions: 87->87
[2026-04-03T02:42:29.467+0600][43.286s][info][gc,heap        ] GC(168) Humongous regions: 488->8
[2026-04-03T02:42:29.467+0600][43.286s][info][gc,metaspace   ] GC(168) Metaspace: 130596K(132096K)->130596K(132096K) NonClass: 114203K(114944K)->114203K(114944K) Class: 16393K(17152K)->16393K(17152K)
[2026-04-03T02:42:29.467+0600][43.286s][info][gc             ] GC(168) Pause Young (Prepare Mixed) (G1 Evacuation Pause) 653M->98M(660M) 4.007ms
[2026-04-03T02:42:29.467+0600][43.286s][info][gc,cpu         ] GC(168) User=0.02s Sys=0.00s Real=0.00s
[2026-04-03T02:42:30.083+0600][43.902s][info][gc,start       ] GC(169) Pause Young (Mixed) (G1 Evacuation Pause)
[2026-04-03T02:42:30.083+0600][43.902s][info][gc,task        ] GC(169) Using 10 workers of 10 for evacuation
[2026-04-03T02:42:30.087+0600][43.906s][info][gc,phases      ] GC(169)   Pre Evacuate Collection Set: 0.24ms
[2026-04-03T02:42:30.087+0600][43.906s][info][gc,phases      ] GC(169)   Merge Heap Roots: 0.25ms
[2026-04-03T02:42:30.087+0600][43.906s][info][gc,phases      ] GC(169)   Evacuate Collection Set: 3.12ms
[2026-04-03T02:42:30.087+0600][43.906s][info][gc,phases      ] GC(169)   Post Evacuate Collection Set: 0.64ms
[2026-04-03T02:42:30.087+0600][43.906s][info][gc,phases      ] GC(169)   Other: 0.10ms
[2026-04-03T02:42:30.087+0600][43.906s][info][gc,heap        ] GC(169) Eden regions: 369->0(403)
[2026-04-03T02:42:30.087+0600][43.906s][info][gc,heap        ] GC(169) Survivor regions: 5->6(51)
[2026-04-03T02:42:30.087+0600][43.906s][info][gc,heap        ] GC(169) Old regions: 87->86
[2026-04-03T02:42:30.087+0600][43.906s][info][gc,heap        ] GC(169) Humongous regions: 214->8
[2026-04-03T02:42:30.087+0600][43.906s][info][gc,metaspace   ] GC(169) Metaspace: 130634K(132096K)->130634K(132096K) NonClass: 114241K(114944K)->114241K(114944K) Class: 16393K(17152K)->16393K(17152K)
[2026-04-03T02:42:30.087+0600][43.906s][info][gc             ] GC(169) Pause Young (Mixed) (G1 Evacuation Pause) 673M->98M(682M) 4.585ms
[2026-04-03T02:42:30.087+0600][43.906s][info][gc,cpu         ] GC(169) User=0.02s Sys=0.01s Real=0.00s
[2026-04-03T02:42:30.103+0600][43.922s][info][gc,start       ] GC(170) Pause Young (Concurrent Start) (GCLocker Initiated GC)
[2026-04-03T02:42:30.103+0600][43.922s][info][gc,task        ] GC(170) Using 10 workers of 10 for evacuation
[2026-04-03T02:42:30.107+0600][43.926s][info][gc,phases      ] GC(170)   Pre Evacuate Collection Set: 0.50ms
[2026-04-03T02:42:30.107+0600][43.926s][info][gc,phases      ] GC(170)   Merge Heap Roots: 0.22ms
[2026-04-03T02:42:30.107+0600][43.926s][info][gc,phases      ] GC(170)   Evacuate Collection Set: 2.97ms
[2026-04-03T02:42:30.107+0600][43.926s][info][gc,phases      ] GC(170)   Post Evacuate Collection Set: 0.70ms
[2026-04-03T02:42:30.107+0600][43.926s][info][gc,phases      ] GC(170)   Other: 0.16ms
[2026-04-03T02:42:30.107+0600][43.926s][info][gc,heap        ] GC(170) Eden regions: 25->0(401)
[2026-04-03T02:42:30.107+0600][43.926s][info][gc,heap        ] GC(170) Survivor regions: 6->8(52)
[2026-04-03T02:42:30.107+0600][43.926s][info][gc,heap        ] GC(170) Old regions: 86->86
[2026-04-03T02:42:30.107+0600][43.926s][info][gc,heap        ] GC(170) Humongous regions: 8->8
[2026-04-03T02:42:30.107+0600][43.927s][info][gc,metaspace   ] GC(170) Metaspace: 130634K(132096K)->130634K(132096K) NonClass: 114241K(114944K)->114241K(114944K) Class: 16393K(17152K)->16393K(17152K)
[2026-04-03T02:42:30.108+0600][43.927s][info][gc             ] GC(170) Pause Young (Concurrent Start) (GCLocker Initiated GC) 122M->100M(682M) 4.889ms
[2026-04-03T02:42:30.108+0600][43.927s][info][gc             ] GC(171) Concurrent Mark Cycle
[2026-04-03T02:42:30.108+0600][43.927s][info][gc,cpu         ] GC(170) User=0.03s Sys=0.00s Real=0.00s
[2026-04-03T02:42:30.108+0600][43.927s][info][gc,marking     ] GC(171) Concurrent Scan Root Regions
[2026-04-03T02:42:30.110+0600][43.929s][info][gc,marking     ] GC(171) Concurrent Scan Root Regions 2.187ms
[2026-04-03T02:42:30.110+0600][43.929s][info][gc,marking     ] GC(171) Concurrent Mark
[2026-04-03T02:42:30.110+0600][43.929s][info][gc,marking     ] GC(171) Concurrent Mark From Roots
[2026-04-03T02:42:30.110+0600][43.929s][info][gc,task        ] GC(171) Using 3 workers of 3 for marking
[2026-04-03T02:42:30.190+0600][44.009s][info][gc,marking     ] GC(171) Concurrent Mark From Roots 79.705ms
[2026-04-03T02:42:30.190+0600][44.009s][info][gc,marking     ] GC(171) Concurrent Preclean
[2026-04-03T02:42:30.190+0600][44.009s][info][gc,marking     ] GC(171) Concurrent Preclean 0.534ms
[2026-04-03T02:42:30.191+0600][44.010s][info][gc,start       ] GC(171) Pause Remark
[2026-04-03T02:42:30.200+0600][44.019s][info][gc             ] GC(171) Pause Remark 191M->191M(480M) 8.992ms
[2026-04-03T02:42:30.200+0600][44.019s][info][gc,cpu         ] GC(171) User=0.07s Sys=0.00s Real=0.01s
[2026-04-03T02:42:30.200+0600][44.019s][info][gc,marking     ] GC(171) Concurrent Mark 90.186ms
[2026-04-03T02:42:30.200+0600][44.019s][info][gc,marking     ] GC(171) Concurrent Rebuild Remembered Sets and Scrub Regions
[2026-04-03T02:42:30.234+0600][44.053s][info][gc,marking     ] GC(171) Concurrent Rebuild Remembered Sets and Scrub Regions 34.218ms
[2026-04-03T02:42:30.235+0600][44.054s][info][gc,start       ] GC(171) Pause Cleanup
[2026-04-03T02:42:30.235+0600][44.054s][info][gc             ] GC(171) Pause Cleanup 230M->230M(480M) 0.436ms
[2026-04-03T02:42:30.235+0600][44.054s][info][gc,cpu         ] GC(171) User=0.00s Sys=0.00s Real=0.00s
[2026-04-03T02:42:30.236+0600][44.055s][info][gc,marking     ] GC(171) Concurrent Clear Claimed Marks
[2026-04-03T02:42:30.236+0600][44.055s][info][gc,marking     ] GC(171) Concurrent Clear Claimed Marks 0.355ms
[2026-04-03T02:42:30.236+0600][44.055s][info][gc,marking     ] GC(171) Concurrent Cleanup for Next Mark
[2026-04-03T02:42:30.237+0600][44.056s][info][gc,marking     ] GC(171) Concurrent Cleanup for Next Mark 0.939ms
[2026-04-03T02:42:30.237+0600][44.056s][info][gc             ] GC(171) Concurrent Mark Cycle 129.480ms
[2026-04-03T02:42:30.440+0600][44.259s][info][gc,start       ] GC(172) Pause Young (Prepare Mixed) (GCLocker Initiated GC)
[2026-04-03T02:42:30.440+0600][44.259s][info][gc,task        ] GC(172) Using 10 workers of 10 for evacuation
[2026-04-03T02:42:30.447+0600][44.266s][info][gc,phases      ] GC(172)   Pre Evacuate Collection Set: 0.46ms
[2026-04-03T02:42:30.447+0600][44.266s][info][gc,phases      ] GC(172)   Merge Heap Roots: 0.44ms
[2026-04-03T02:42:30.447+0600][44.266s][info][gc,phases      ] GC(172)   Evacuate Collection Set: 5.15ms
[2026-04-03T02:42:30.447+0600][44.266s][info][gc,phases      ] GC(172)   Post Evacuate Collection Set: 0.78ms
[2026-04-03T02:42:30.447+0600][44.266s][info][gc,phases      ] GC(172)   Other: 0.11ms
[2026-04-03T02:42:30.447+0600][44.266s][info][gc,heap        ] GC(172) Eden regions: 210->0(285)
[2026-04-03T02:42:30.447+0600][44.266s][info][gc,heap        ] GC(172) Survivor regions: 8->8(36)
[2026-04-03T02:42:30.447+0600][44.266s][info][gc,heap        ] GC(172) Old regions: 86->87
[2026-04-03T02:42:30.447+0600][44.266s][info][gc,heap        ] GC(172) Humongous regions: 176->8
[2026-04-03T02:42:30.447+0600][44.266s][info][gc,metaspace   ] GC(172) Metaspace: 130636K(132160K)->130636K(132160K) NonClass: 114243K(115008K)->114243K(115008K) Class: 16393K(17152K)->16393K(17152K)
[2026-04-03T02:42:30.447+0600][44.266s][info][gc             ] GC(172) Pause Young (Prepare Mixed) (GCLocker Initiated GC) 478M->101M(489M) 7.272ms
[2026-04-03T02:42:30.447+0600][44.266s][info][gc,cpu         ] GC(172) User=0.05s Sys=0.01s Real=0.01s
[2026-04-03T02:42:30.746+0600][44.565s][info][gc,start       ] GC(173) Pause Young (Mixed) (G1 Evacuation Pause)
[2026-04-03T02:42:30.746+0600][44.565s][info][gc,task        ] GC(173) Using 10 workers of 10 for evacuation
[2026-04-03T02:42:30.753+0600][44.572s][info][gc,phases      ] GC(173)   Pre Evacuate Collection Set: 0.52ms
[2026-04-03T02:42:30.753+0600][44.572s][info][gc,phases      ] GC(173)   Merge Heap Roots: 0.22ms
[2026-04-03T02:42:30.753+0600][44.572s][info][gc,phases      ] GC(173)   Evacuate Collection Set: 4.61ms
[2026-04-03T02:42:30.753+0600][44.572s][info][gc,phases      ] GC(173)   Post Evacuate Collection Set: 0.72ms
[2026-04-03T02:42:30.753+0600][44.572s][info][gc,phases      ] GC(173)   Other: 0.12ms
[2026-04-03T02:42:30.753+0600][44.572s][info][gc,heap        ] GC(173) Eden regions: 235->0(290)
[2026-04-03T02:42:30.753+0600][44.572s][info][gc,heap        ] GC(173) Survivor regions: 8->8(37)
[2026-04-03T02:42:30.753+0600][44.572s][info][gc,heap        ] GC(173) Old regions: 87->85
[2026-04-03T02:42:30.753+0600][44.572s][info][gc,heap        ] GC(173) Humongous regions: 159->8
[2026-04-03T02:42:30.753+0600][44.572s][info][gc,metaspace   ] GC(173) Metaspace: 130648K(132160K)->130648K(132160K) NonClass: 114255K(115008K)->114255K(115008K) Class: 16393K(17152K)->16393K(17152K)
[2026-04-03T02:42:30.753+0600][44.572s][info][gc             ] GC(173) Pause Young (Mixed) (G1 Evacuation Pause) 487M->100M(497M) 6.501ms
[2026-04-03T02:42:30.753+0600][44.572s][info][gc,cpu         ] GC(173) User=0.04s Sys=0.02s Real=0.01s
[2026-04-03T02:42:30.759+0600][44.578s][info][gc,start       ] GC(174) Pause Young (Concurrent Start) (G1 Humongous Allocation)
[2026-04-03T02:42:30.759+0600][44.578s][info][gc,task        ] GC(174) Using 10 workers of 10 for evacuation
[2026-04-03T02:42:30.763+0600][44.582s][info][gc,phases      ] GC(174)   Pre Evacuate Collection Set: 0.34ms
[2026-04-03T02:42:30.763+0600][44.582s][info][gc,phases      ] GC(174)   Merge Heap Roots: 0.13ms
[2026-04-03T02:42:30.763+0600][44.582s][info][gc,phases      ] GC(174)   Evacuate Collection Set: 2.84ms
[2026-04-03T02:42:30.763+0600][44.582s][info][gc,phases      ] GC(174)   Post Evacuate Collection Set: 0.73ms
[2026-04-03T02:42:30.763+0600][44.582s][info][gc,phases      ] GC(174)   Other: 0.14ms
[2026-04-03T02:42:30.763+0600][44.583s][info][gc,heap        ] GC(174) Eden regions: 11->0(291)
[2026-04-03T02:42:30.763+0600][44.583s][info][gc,heap        ] GC(174) Survivor regions: 8->7(38)
[2026-04-03T02:42:30.764+0600][44.583s][info][gc,heap        ] GC(174) Old regions: 85->85
[2026-04-03T02:42:30.764+0600][44.583s][info][gc,heap        ] GC(174) Humongous regions: 8->8
[2026-04-03T02:42:30.764+0600][44.583s][info][gc,metaspace   ] GC(174) Metaspace: 130650K(132160K)->130650K(132160K) NonClass: 114257K(115008K)->114257K(115008K) Class: 16393K(17152K)->16393K(17152K)
[2026-04-03T02:42:30.764+0600][44.583s][info][gc             ] GC(174) Pause Young (Concurrent Start) (G1 Humongous Allocation) 110M->99M(497M) 4.499ms
[2026-04-03T02:42:30.764+0600][44.583s][info][gc             ] GC(175) Concurrent Mark Cycle
[2026-04-03T02:42:30.764+0600][44.583s][info][gc,marking     ] GC(175) Concurrent Scan Root Regions
[2026-04-03T02:42:30.764+0600][44.583s][info][gc,cpu         ] GC(174) User=0.04s Sys=0.00s Real=0.01s
[2026-04-03T02:42:30.766+0600][44.585s][info][gc,marking     ] GC(175) Concurrent Scan Root Regions 2.683ms
[2026-04-03T02:42:30.766+0600][44.586s][info][gc,marking     ] GC(175) Concurrent Mark
[2026-04-03T02:42:30.767+0600][44.586s][info][gc,marking     ] GC(175) Concurrent Mark From Roots
[2026-04-03T02:42:30.767+0600][44.586s][info][gc,task        ] GC(175) Using 3 workers of 3 for marking
[2026-04-03T02:42:30.823+0600][44.642s][info][gc,marking     ] GC(175) Concurrent Mark From Roots 56.265ms
[2026-04-03T02:42:30.823+0600][44.642s][info][gc,marking     ] GC(175) Concurrent Preclean
[2026-04-03T02:42:30.823+0600][44.642s][info][gc,marking     ] GC(175) Concurrent Preclean 0.220ms
[2026-04-03T02:42:30.823+0600][44.642s][info][gc,start       ] GC(175) Pause Remark
[2026-04-03T02:42:30.832+0600][44.651s][info][gc             ] GC(175) Pause Remark 132M->132M(397M) 8.668ms
[2026-04-03T02:42:30.832+0600][44.651s][info][gc,cpu         ] GC(175) User=0.05s Sys=0.00s Real=0.01s
[2026-04-03T02:42:30.832+0600][44.651s][info][gc,marking     ] GC(175) Concurrent Mark 65.803ms
[2026-04-03T02:42:30.832+0600][44.651s][info][gc,marking     ] GC(175) Concurrent Rebuild Remembered Sets and Scrub Regions
[2026-04-03T02:42:30.858+0600][44.677s][info][gc,marking     ] GC(175) Concurrent Rebuild Remembered Sets and Scrub Regions 25.560ms
[2026-04-03T02:42:30.858+0600][44.677s][info][gc,start       ] GC(175) Pause Cleanup
[2026-04-03T02:42:30.859+0600][44.678s][info][gc             ] GC(175) Pause Cleanup 144M->144M(397M) 0.333ms
[2026-04-03T02:42:30.859+0600][44.678s][info][gc,cpu         ] GC(175) User=0.00s Sys=0.00s Real=0.00s
[2026-04-03T02:42:30.859+0600][44.678s][info][gc,marking     ] GC(175) Concurrent Clear Claimed Marks
[2026-04-03T02:42:30.859+0600][44.678s][info][gc,marking     ] GC(175) Concurrent Clear Claimed Marks 0.339ms
[2026-04-03T02:42:30.859+0600][44.678s][info][gc,marking     ] GC(175) Concurrent Cleanup for Next Mark
[2026-04-03T02:42:30.860+0600][44.679s][info][gc,marking     ] GC(175) Concurrent Cleanup for Next Mark 0.519ms
[2026-04-03T02:42:30.860+0600][44.679s][info][gc             ] GC(175) Concurrent Mark Cycle 96.223ms
[2026-04-03T02:42:31.086+0600][44.905s][info][gc,start       ] GC(176) Pause Young (Prepare Mixed) (G1 Evacuation Pause)
[2026-04-03T02:42:31.086+0600][44.905s][info][gc,task        ] GC(176) Using 9 workers of 10 for evacuation
[2026-04-03T02:42:31.090+0600][44.909s][info][gc,phases      ] GC(176)   Pre Evacuate Collection Set: 0.23ms
[2026-04-03T02:42:31.090+0600][44.909s][info][gc,phases      ] GC(176)   Merge Heap Roots: 0.15ms
[2026-04-03T02:42:31.090+0600][44.909s][info][gc,phases      ] GC(176)   Evacuate Collection Set: 3.13ms
[2026-04-03T02:42:31.090+0600][44.909s][info][gc,phases      ] GC(176)   Post Evacuate Collection Set: 0.49ms
[2026-04-03T02:42:31.090+0600][44.909s][info][gc,phases      ] GC(176)   Other: 0.09ms
[2026-04-03T02:42:31.090+0600][44.909s][info][gc,heap        ] GC(176) Eden regions: 206->0(241)
[2026-04-03T02:42:31.090+0600][44.909s][info][gc,heap        ] GC(176) Survivor regions: 7->8(31)
[2026-04-03T02:42:31.090+0600][44.909s][info][gc,heap        ] GC(176) Old regions: 85->86
[2026-04-03T02:42:31.090+0600][44.909s][info][gc,heap        ] GC(176) Humongous regions: 108->8
[2026-04-03T02:42:31.090+0600][44.909s][info][gc,metaspace   ] GC(176) Metaspace: 130669K(132160K)->130669K(132160K) NonClass: 114276K(115008K)->114276K(115008K) Class: 16393K(17152K)->16393K(17152K)
[2026-04-03T02:42:31.090+0600][44.909s][info][gc             ] GC(176) Pause Young (Prepare Mixed) (G1 Evacuation Pause) 405M->100M(415M) 4.356ms
[2026-04-03T02:42:31.090+0600][44.909s][info][gc,cpu         ] GC(176) User=0.02s Sys=0.02s Real=0.01s
[2026-04-03T02:42:31.267+0600][45.086s][info][gc,start       ] GC(177) Pause Young (Mixed) (G1 Evacuation Pause)
[2026-04-03T02:42:31.267+0600][45.086s][info][gc,task        ] GC(177) Using 10 workers of 10 for evacuation
[2026-04-03T02:42:31.272+0600][45.091s][info][gc,phases      ] GC(177)   Pre Evacuate Collection Set: 0.22ms
[2026-04-03T02:42:31.272+0600][45.091s][info][gc,phases      ] GC(177)   Merge Heap Roots: 0.15ms
[2026-04-03T02:42:31.272+0600][45.091s][info][gc,phases      ] GC(177)   Evacuate Collection Set: 4.35ms
[2026-04-03T02:42:31.272+0600][45.091s][info][gc,phases      ] GC(177)   Post Evacuate Collection Set: 0.63ms
[2026-04-03T02:42:31.272+0600][45.091s][info][gc,phases      ] GC(177)   Other: 0.08ms
[2026-04-03T02:42:31.272+0600][45.092s][info][gc,heap        ] GC(177) Eden regions: 145->0(280)
[2026-04-03T02:42:31.272+0600][45.092s][info][gc,heap        ] GC(177) Survivor regions: 8->11(32)
[2026-04-03T02:42:31.273+0600][45.092s][info][gc,heap        ] GC(177) Old regions: 86->84
[2026-04-03T02:42:31.273+0600][45.092s][info][gc,heap        ] GC(177) Humongous regions: 236->23
[2026-04-03T02:42:31.273+0600][45.092s][info][gc,metaspace   ] GC(177) Metaspace: 130670K(132160K)->130670K(132160K) NonClass: 114277K(115008K)->114277K(115008K) Class: 16393K(17152K)->16393K(17152K)
[2026-04-03T02:42:31.273+0600][45.092s][info][gc             ] GC(177) Pause Young (Mixed) (G1 Evacuation Pause) 473M->116M(486M) 5.673ms
[2026-04-03T02:42:31.273+0600][45.092s][info][gc,cpu         ] GC(177) User=0.03s Sys=0.02s Real=0.01s
[2026-04-03T02:42:31.273+0600][45.092s][info][gc,start       ] GC(178) Pause Young (Concurrent Start) (G1 Humongous Allocation)
[2026-04-03T02:42:31.273+0600][45.092s][info][gc,task        ] GC(178) Using 10 workers of 10 for evacuation
[2026-04-03T02:42:31.277+0600][45.096s][info][gc,phases      ] GC(178)   Pre Evacuate Collection Set: 0.23ms
[2026-04-03T02:42:31.277+0600][45.096s][info][gc,phases      ] GC(178)   Merge Heap Roots: 0.10ms
[2026-04-03T02:42:31.277+0600][45.096s][info][gc,phases      ] GC(178)   Evacuate Collection Set: 2.37ms
[2026-04-03T02:42:31.277+0600][45.096s][info][gc,phases      ] GC(178)   Post Evacuate Collection Set: 0.56ms
[2026-04-03T02:42:31.277+0600][45.096s][info][gc,phases      ] GC(178)   Other: 0.21ms
[2026-04-03T02:42:31.277+0600][45.096s][info][gc,heap        ] GC(178) Eden regions: 3->0(280)
[2026-04-03T02:42:31.277+0600][45.096s][info][gc,heap        ] GC(178) Survivor regions: 11->11(37)
[2026-04-03T02:42:31.277+0600][45.096s][info][gc,heap        ] GC(178) Old regions: 84->84
[2026-04-03T02:42:31.277+0600][45.096s][info][gc,heap        ] GC(178) Humongous regions: 23->8
[2026-04-03T02:42:31.277+0600][45.096s][info][gc,metaspace   ] GC(178) Metaspace: 130670K(132160K)->130670K(132160K) NonClass: 114277K(115008K)->114277K(115008K) Class: 16393K(17152K)->16393K(17152K)
[2026-04-03T02:42:31.277+0600][45.096s][info][gc             ] GC(178) Pause Young (Concurrent Start) (G1 Humongous Allocation) 118M->101M(486M) 3.787ms
[2026-04-03T02:42:31.277+0600][45.096s][info][gc,cpu         ] GC(178) User=0.02s Sys=0.00s Real=0.00s
[2026-04-03T02:42:31.277+0600][45.096s][info][gc             ] GC(179) Concurrent Mark Cycle
[2026-04-03T02:42:31.277+0600][45.096s][info][gc,marking     ] GC(179) Concurrent Scan Root Regions
[2026-04-03T02:42:31.280+0600][45.099s][info][gc,marking     ] GC(179) Concurrent Scan Root Regions 2.893ms
[2026-04-03T02:42:31.280+0600][45.099s][info][gc,marking     ] GC(179) Concurrent Mark
[2026-04-03T02:42:31.280+0600][45.099s][info][gc,marking     ] GC(179) Concurrent Mark From Roots
[2026-04-03T02:42:31.280+0600][45.099s][info][gc,task        ] GC(179) Using 3 workers of 3 for marking
[2026-04-03T02:42:31.357+0600][45.176s][info][gc,marking     ] GC(179) Concurrent Mark From Roots 76.200ms
[2026-04-03T02:42:31.357+0600][45.176s][info][gc,marking     ] GC(179) Concurrent Preclean
[2026-04-03T02:42:31.357+0600][45.176s][info][gc,marking     ] GC(179) Concurrent Preclean 0.343ms
[2026-04-03T02:42:31.357+0600][45.176s][info][gc,start       ] GC(179) Pause Remark
[2026-04-03T02:42:31.366+0600][45.185s][info][gc             ] GC(179) Pause Remark 315M->315M(486M) 8.899ms
[2026-04-03T02:42:31.367+0600][45.186s][info][gc,cpu         ] GC(179) User=0.07s Sys=0.00s Real=0.01s
[2026-04-03T02:42:31.367+0600][45.186s][info][gc,marking     ] GC(179) Concurrent Mark 86.240ms
[2026-04-03T02:42:31.367+0600][45.186s][info][gc,marking     ] GC(179) Concurrent Rebuild Remembered Sets and Scrub Regions
[2026-04-03T02:42:31.402+0600][45.221s][info][gc,marking     ] GC(179) Concurrent Rebuild Remembered Sets and Scrub Regions 34.836ms
[2026-04-03T02:42:31.402+0600][45.221s][info][gc,start       ] GC(179) Pause Cleanup
[2026-04-03T02:42:31.402+0600][45.221s][info][gc             ] GC(179) Pause Cleanup 327M->327M(486M) 0.425ms
[2026-04-03T02:42:31.402+0600][45.222s][info][gc,cpu         ] GC(179) User=0.01s Sys=0.00s Real=0.00s
[2026-04-03T02:42:31.403+0600][45.222s][info][gc,marking     ] GC(179) Concurrent Clear Claimed Marks
[2026-04-03T02:42:31.403+0600][45.222s][info][gc,marking     ] GC(179) Concurrent Clear Claimed Marks 0.430ms
[2026-04-03T02:42:31.403+0600][45.222s][info][gc,marking     ] GC(179) Concurrent Cleanup for Next Mark
[2026-04-03T02:42:31.404+0600][45.223s][info][gc,marking     ] GC(179) Concurrent Cleanup for Next Mark 1.282ms
[2026-04-03T02:42:31.404+0600][45.223s][info][gc             ] GC(179) Concurrent Mark Cycle 127.062ms
[2026-04-03T02:42:31.430+0600][45.249s][info][gc,start       ] GC(180) Pause Young (Prepare Mixed) (G1 Evacuation Pause)
[2026-04-03T02:42:31.430+0600][45.249s][info][gc,task        ] GC(180) Using 10 workers of 10 for evacuation
[2026-04-03T02:42:31.436+0600][45.255s][info][gc,phases      ] GC(180)   Pre Evacuate Collection Set: 0.27ms
[2026-04-03T02:42:31.436+0600][45.255s][info][gc,phases      ] GC(180)   Merge Heap Roots: 0.22ms
[2026-04-03T02:42:31.436+0600][45.255s][info][gc,phases      ] GC(180)   Evacuate Collection Set: 4.07ms
[2026-04-03T02:42:31.436+0600][45.255s][info][gc,phases      ] GC(180)   Post Evacuate Collection Set: 0.70ms
[2026-04-03T02:42:31.436+0600][45.255s][info][gc,phases      ] GC(180)   Other: 0.10ms
[2026-04-03T02:42:31.436+0600][45.255s][info][gc,heap        ] GC(180) Eden regions: 64->0(317)
[2026-04-03T02:42:31.436+0600][45.255s][info][gc,heap        ] GC(180) Survivor regions: 11->11(37)
[2026-04-03T02:42:31.436+0600][45.255s][info][gc,heap        ] GC(180) Old regions: 84->85
[2026-04-03T02:42:31.436+0600][45.255s][info][gc,heap        ] GC(180) Humongous regions: 377->23
[2026-04-03T02:42:31.436+0600][45.255s][info][gc,metaspace   ] GC(180) Metaspace: 130677K(132160K)->130677K(132160K) NonClass: 114284K(115008K)->114284K(115008K) Class: 16393K(17152K)->16393K(17152K)
[2026-04-03T02:42:31.436+0600][45.255s][info][gc             ] GC(180) Pause Young (Prepare Mixed) (G1 Evacuation Pause) 534M->117M(548M) 5.657ms
[2026-04-03T02:42:31.436+0600][45.255s][info][gc,cpu         ] GC(180) User=0.03s Sys=0.02s Real=0.00s
[2026-04-03T02:42:31.821+0600][45.640s][info][gc,start       ] GC(181) Pause Young (Mixed) (G1 Evacuation Pause)
[2026-04-03T02:42:31.821+0600][45.640s][info][gc,task        ] GC(181) Using 10 workers of 10 for evacuation
[2026-04-03T02:42:31.826+0600][45.645s][info][gc,phases      ] GC(181)   Pre Evacuate Collection Set: 0.42ms
[2026-04-03T02:42:31.826+0600][45.645s][info][gc,phases      ] GC(181)   Merge Heap Roots: 0.17ms
[2026-04-03T02:42:31.826+0600][45.645s][info][gc,phases      ] GC(181)   Evacuate Collection Set: 3.33ms
[2026-04-03T02:42:31.826+0600][45.645s][info][gc,phases      ] GC(181)   Post Evacuate Collection Set: 0.56ms
[2026-04-03T02:42:31.826+0600][45.645s][info][gc,phases      ] GC(181)   Other: 0.09ms
[2026-04-03T02:42:31.826+0600][45.645s][info][gc,heap        ] GC(181) Eden regions: 202->0(325)
[2026-04-03T02:42:31.826+0600][45.645s][info][gc,heap        ] GC(181) Survivor regions: 11->10(41)
[2026-04-03T02:42:31.826+0600][45.645s][info][gc,heap        ] GC(181) Old regions: 85->84
[2026-04-03T02:42:31.826+0600][45.645s][info][gc,heap        ] GC(181) Humongous regions: 250->8
[2026-04-03T02:42:31.826+0600][45.645s][info][gc,metaspace   ] GC(181) Metaspace: 130736K(132224K)->130736K(132224K) NonClass: 114342K(115072K)->114342K(115072K) Class: 16394K(17152K)->16394K(17152K)
[2026-04-03T02:42:31.826+0600][45.645s][info][gc             ] GC(181) Pause Young (Mixed) (G1 Evacuation Pause) 546M->99M(559M) 4.789ms
[2026-04-03T02:42:31.826+0600][45.645s][info][gc,cpu         ] GC(181) User=0.02s Sys=0.01s Real=0.00s
[2026-04-03T02:42:31.928+0600][45.747s][info][gc,start       ] GC(182) Pause Young (Concurrent Start) (G1 Humongous Allocation)
[2026-04-03T02:42:31.928+0600][45.747s][info][gc,task        ] GC(182) Using 10 workers of 10 for evacuation
[2026-04-03T02:42:31.931+0600][45.750s][info][gc,phases      ] GC(182)   Pre Evacuate Collection Set: 0.31ms
[2026-04-03T02:42:31.931+0600][45.750s][info][gc,phases      ] GC(182)   Merge Heap Roots: 0.13ms
[2026-04-03T02:42:31.931+0600][45.750s][info][gc,phases      ] GC(182)   Evacuate Collection Set: 1.95ms
[2026-04-03T02:42:31.931+0600][45.750s][info][gc,phases      ] GC(182)   Post Evacuate Collection Set: 0.52ms
[2026-04-03T02:42:31.931+0600][45.750s][info][gc,phases      ] GC(182)   Other: 0.12ms
[2026-04-03T02:42:31.931+0600][45.750s][info][gc,heap        ] GC(182) Eden regions: 55->0(325)
[2026-04-03T02:42:31.931+0600][45.750s][info][gc,heap        ] GC(182) Survivor regions: 10->10(42)
[2026-04-03T02:42:31.931+0600][45.750s][info][gc,heap        ] GC(182) Old regions: 84->84
[2026-04-03T02:42:31.931+0600][45.750s][info][gc,heap        ] GC(182) Humongous regions: 8->8
[2026-04-03T02:42:31.931+0600][45.750s][info][gc,metaspace   ] GC(182) Metaspace: 130741K(132224K)->130741K(132224K) NonClass: 114347K(115072K)->114347K(115072K) Class: 16394K(17152K)->16394K(17152K)
[2026-04-03T02:42:31.931+0600][45.750s][info][gc             ] GC(182) Pause Young (Concurrent Start) (G1 Humongous Allocation) 154M->99M(559M) 3.240ms
[2026-04-03T02:42:31.931+0600][45.750s][info][gc             ] GC(183) Concurrent Mark Cycle
[2026-04-03T02:42:31.931+0600][45.750s][info][gc,marking     ] GC(183) Concurrent Scan Root Regions
[2026-04-03T02:42:31.931+0600][45.750s][info][gc,cpu         ] GC(182) User=0.02s Sys=0.00s Real=0.01s
[2026-04-03T02:42:31.933+0600][45.752s][info][gc,marking     ] GC(183) Concurrent Scan Root Regions 2.015ms
[2026-04-03T02:42:31.933+0600][45.752s][info][gc,marking     ] GC(183) Concurrent Mark
[2026-04-03T02:42:31.933+0600][45.752s][info][gc,marking     ] GC(183) Concurrent Mark From Roots
[2026-04-03T02:42:31.933+0600][45.752s][info][gc,task        ] GC(183) Using 3 workers of 3 for marking
[2026-04-03T02:42:32.008+0600][45.827s][info][gc,marking     ] GC(183) Concurrent Mark From Roots 74.844ms
[2026-04-03T02:42:32.008+0600][45.827s][info][gc,marking     ] GC(183) Concurrent Preclean
[2026-04-03T02:42:32.009+0600][45.828s][info][gc,marking     ] GC(183) Concurrent Preclean 0.541ms
[2026-04-03T02:42:32.009+0600][45.828s][info][gc,start       ] GC(183) Pause Remark
[2026-04-03T02:42:32.018+0600][45.837s][info][gc             ] GC(183) Pause Remark 201M->201M(497M) 8.900ms
[2026-04-03T02:42:32.018+0600][45.837s][info][gc,cpu         ] GC(183) User=0.06s Sys=0.00s Real=0.01s
[2026-04-03T02:42:32.018+0600][45.837s][info][gc,marking     ] GC(183) Concurrent Mark 85.217ms
[2026-04-03T02:42:32.018+0600][45.837s][info][gc,marking     ] GC(183) Concurrent Rebuild Remembered Sets and Scrub Regions
[2026-04-03T02:42:32.062+0600][45.881s][info][gc,marking     ] GC(183) Concurrent Rebuild Remembered Sets and Scrub Regions 43.579ms
[2026-04-03T02:42:32.063+0600][45.882s][info][gc,start       ] GC(183) Pause Cleanup
[2026-04-03T02:42:32.063+0600][45.882s][info][gc             ] GC(183) Pause Cleanup 250M->250M(497M) 0.328ms
[2026-04-03T02:42:32.064+0600][45.883s][info][gc,cpu         ] GC(183) User=0.00s Sys=0.00s Real=0.00s
[2026-04-03T02:42:32.064+0600][45.883s][info][gc,marking     ] GC(183) Concurrent Clear Claimed Marks
[2026-04-03T02:42:32.064+0600][45.883s][info][gc,marking     ] GC(183) Concurrent Clear Claimed Marks 0.494ms
[2026-04-03T02:42:32.064+0600][45.883s][info][gc,marking     ] GC(183) Concurrent Cleanup for Next Mark
[2026-04-03T02:42:32.066+0600][45.885s][info][gc,marking     ] GC(183) Concurrent Cleanup for Next Mark 2.095ms
[2026-04-03T02:42:32.066+0600][45.885s][info][gc             ] GC(183) Concurrent Mark Cycle 135.403ms
[2026-04-03T02:42:32.233+0600][46.052s][info][gc,start       ] GC(184) Pause Young (Prepare Mixed) (G1 Evacuation Pause)
[2026-04-03T02:42:32.233+0600][46.052s][info][gc,task        ] GC(184) Using 10 workers of 10 for evacuation
[2026-04-03T02:42:32.241+0600][46.060s][info][gc,phases      ] GC(184)   Pre Evacuate Collection Set: 0.50ms
[2026-04-03T02:42:32.241+0600][46.060s][info][gc,phases      ] GC(184)   Merge Heap Roots: 0.28ms
[2026-04-03T02:42:32.241+0600][46.060s][info][gc,phases      ] GC(184)   Evacuate Collection Set: 5.94ms
[2026-04-03T02:42:32.241+0600][46.060s][info][gc,phases      ] GC(184)   Post Evacuate Collection Set: 0.82ms
[2026-04-03T02:42:32.241+0600][46.060s][info][gc,phases      ] GC(184)   Other: 0.13ms
[2026-04-03T02:42:32.241+0600][46.060s][info][gc,heap        ] GC(184) Eden regions: 218->0(294)
[2026-04-03T02:42:32.241+0600][46.060s][info][gc,heap        ] GC(184) Survivor regions: 10->13(38)
[2026-04-03T02:42:32.241+0600][46.060s][info][gc,heap        ] GC(184) Old regions: 84->85
[2026-04-03T02:42:32.241+0600][46.060s][info][gc,heap        ] GC(184) Humongous regions: 187->8
[2026-04-03T02:42:32.241+0600][46.060s][info][gc,metaspace   ] GC(184) Metaspace: 130745K(132224K)->130745K(132224K) NonClass: 114351K(115072K)->114351K(115072K) Class: 16394K(17152K)->16394K(17152K)
[2026-04-03T02:42:32.241+0600][46.060s][info][gc             ] GC(184) Pause Young (Prepare Mixed) (G1 Evacuation Pause) 496M->103M(513M) 7.987ms
[2026-04-03T02:42:32.241+0600][46.060s][info][gc,cpu         ] GC(184) User=0.03s Sys=0.02s Real=0.01s
[2026-04-03T02:42:32.520+0600][46.339s][info][gc,start       ] GC(185) Pause Young (Mixed) (G1 Evacuation Pause)
[2026-04-03T02:42:32.520+0600][46.339s][info][gc,task        ] GC(185) Using 10 workers of 10 for evacuation
[2026-04-03T02:42:32.527+0600][46.346s][info][gc,phases      ] GC(185)   Pre Evacuate Collection Set: 0.39ms
[2026-04-03T02:42:32.527+0600][46.346s][info][gc,phases      ] GC(185)   Merge Heap Roots: 0.20ms
[2026-04-03T02:42:32.527+0600][46.346s][info][gc,phases      ] GC(185)   Evacuate Collection Set: 5.30ms
[2026-04-03T02:42:32.527+0600][46.346s][info][gc,phases      ] GC(185)   Post Evacuate Collection Set: 0.75ms
[2026-04-03T02:42:32.527+0600][46.346s][info][gc,phases      ] GC(185)   Other: 0.15ms
[2026-04-03T02:42:32.527+0600][46.346s][info][gc,heap        ] GC(185) Eden regions: 229->0(306)
[2026-04-03T02:42:32.527+0600][46.346s][info][gc,heap        ] GC(185) Survivor regions: 13->12(39)
[2026-04-03T02:42:32.527+0600][46.346s][info][gc,heap        ] GC(185) Old regions: 85->84
[2026-04-03T02:42:32.527+0600][46.346s][info][gc,heap        ] GC(185) Humongous regions: 191->8
[2026-04-03T02:42:32.527+0600][46.346s][info][gc,metaspace   ] GC(185) Metaspace: 130750K(132224K)->130750K(132224K) NonClass: 114355K(115072K)->114355K(115072K) Class: 16394K(17152K)->16394K(17152K)
[2026-04-03T02:42:32.527+0600][46.346s][info][gc             ] GC(185) Pause Young (Mixed) (G1 Evacuation Pause) 515M->101M(531M) 7.209ms
[2026-04-03T02:42:32.527+0600][46.346s][info][gc,cpu         ] GC(185) User=0.04s Sys=0.02s Real=0.01s
[2026-04-03T02:42:32.542+0600][46.361s][info][gc,start       ] GC(186) Pause Young (Concurrent Start) (GCLocker Initiated GC)
[2026-04-03T02:42:32.542+0600][46.361s][info][gc,task        ] GC(186) Using 10 workers of 10 for evacuation
[2026-04-03T02:42:32.547+0600][46.366s][info][gc,phases      ] GC(186)   Pre Evacuate Collection Set: 0.55ms
[2026-04-03T02:42:32.547+0600][46.366s][info][gc,phases      ] GC(186)   Merge Heap Roots: 0.23ms
[2026-04-03T02:42:32.547+0600][46.366s][info][gc,phases      ] GC(186)   Evacuate Collection Set: 3.44ms
[2026-04-03T02:42:32.547+0600][46.366s][info][gc,phases      ] GC(186)   Post Evacuate Collection Set: 0.58ms
[2026-04-03T02:42:32.547+0600][46.366s][info][gc,phases      ] GC(186)   Other: 0.18ms
[2026-04-03T02:42:32.547+0600][46.366s][info][gc,heap        ] GC(186) Eden regions: 22->0(307)
[2026-04-03T02:42:32.547+0600][46.366s][info][gc,heap        ] GC(186) Survivor regions: 12->11(40)
[2026-04-03T02:42:32.547+0600][46.366s][info][gc,heap        ] GC(186) Old regions: 84->84
[2026-04-03T02:42:32.547+0600][46.366s][info][gc,heap        ] GC(186) Humongous regions: 8->8
[2026-04-03T02:42:32.547+0600][46.366s][info][gc,metaspace   ] GC(186) Metaspace: 130750K(132224K)->130750K(132224K) NonClass: 114355K(115072K)->114355K(115072K) Class: 16394K(17152K)->16394K(17152K)
[2026-04-03T02:42:32.547+0600][46.366s][info][gc             ] GC(186) Pause Young (Concurrent Start) (GCLocker Initiated GC) 123M->100M(531M) 5.260ms
[2026-04-03T02:42:32.547+0600][46.366s][info][gc             ] GC(187) Concurrent Mark Cycle
[2026-04-03T02:42:32.547+0600][46.366s][info][gc,marking     ] GC(187) Concurrent Scan Root Regions
[2026-04-03T02:42:32.547+0600][46.366s][info][gc,cpu         ] GC(186) User=0.03s Sys=0.00s Real=0.00s
[2026-04-03T02:42:32.551+0600][46.370s][info][gc,marking     ] GC(187) Concurrent Scan Root Regions 3.658ms
[2026-04-03T02:42:32.551+0600][46.370s][info][gc,marking     ] GC(187) Concurrent Mark
[2026-04-03T02:42:32.551+0600][46.370s][info][gc,marking     ] GC(187) Concurrent Mark From Roots
[2026-04-03T02:42:32.551+0600][46.370s][info][gc,task        ] GC(187) Using 3 workers of 3 for marking
[2026-04-03T02:42:32.639+0600][46.458s][info][gc,marking     ] GC(187) Concurrent Mark From Roots 88.230ms
[2026-04-03T02:42:32.639+0600][46.458s][info][gc,marking     ] GC(187) Concurrent Preclean
[2026-04-03T02:42:32.640+0600][46.459s][info][gc,marking     ] GC(187) Concurrent Preclean 0.645ms
[2026-04-03T02:42:32.640+0600][46.459s][info][gc,start       ] GC(187) Pause Remark
[2026-04-03T02:42:32.650+0600][46.469s][info][gc             ] GC(187) Pause Remark 200M->200M(490M) 9.102ms
[2026-04-03T02:42:32.650+0600][46.469s][info][gc,cpu         ] GC(187) User=0.07s Sys=0.00s Real=0.00s
[2026-04-03T02:42:32.650+0600][46.469s][info][gc,marking     ] GC(187) Concurrent Mark 98.982ms
[2026-04-03T02:42:32.650+0600][46.469s][info][gc,marking     ] GC(187) Concurrent Rebuild Remembered Sets and Scrub Regions
[2026-04-03T02:42:32.681+0600][46.500s][info][gc,marking     ] GC(187) Concurrent Rebuild Remembered Sets and Scrub Regions 30.999ms
[2026-04-03T02:42:32.682+0600][46.501s][info][gc,start       ] GC(187) Pause Cleanup
[2026-04-03T02:42:32.682+0600][46.501s][info][gc             ] GC(187) Pause Cleanup 230M->230M(490M) 0.387ms
[2026-04-03T02:42:32.682+0600][46.501s][info][gc,cpu         ] GC(187) User=0.00s Sys=0.00s Real=0.00s
[2026-04-03T02:42:32.682+0600][46.501s][info][gc,marking     ] GC(187) Concurrent Clear Claimed Marks
[2026-04-03T02:42:32.683+0600][46.502s][info][gc,marking     ] GC(187) Concurrent Clear Claimed Marks 0.375ms
[2026-04-03T02:42:32.683+0600][46.502s][info][gc,marking     ] GC(187) Concurrent Cleanup for Next Mark
[2026-04-03T02:42:32.684+0600][46.503s][info][gc,marking     ] GC(187) Concurrent Cleanup for Next Mark 1.079ms
[2026-04-03T02:42:32.684+0600][46.503s][info][gc             ] GC(187) Concurrent Mark Cycle 136.571ms
[2026-04-03T02:42:32.946+0600][46.765s][info][gc,start       ] GC(188) Pause Young (Prepare Mixed) (G1 Evacuation Pause)
[2026-04-03T02:42:32.946+0600][46.765s][info][gc,task        ] GC(188) Using 10 workers of 10 for evacuation
[2026-04-03T02:42:32.953+0600][46.772s][info][gc,phases      ] GC(188)   Pre Evacuate Collection Set: 0.47ms
[2026-04-03T02:42:32.953+0600][46.772s][info][gc,phases      ] GC(188)   Merge Heap Roots: 0.22ms
[2026-04-03T02:42:32.953+0600][46.772s][info][gc,phases      ] GC(188)   Evacuate Collection Set: 5.60ms
[2026-04-03T02:42:32.953+0600][46.772s][info][gc,phases      ] GC(188)   Post Evacuate Collection Set: 0.75ms
[2026-04-03T02:42:32.953+0600][46.772s][info][gc,phases      ] GC(188)   Other: 0.12ms
[2026-04-03T02:42:32.953+0600][46.772s][info][gc,heap        ] GC(188) Eden regions: 241->0(289)
[2026-04-03T02:42:32.953+0600][46.772s][info][gc,heap        ] GC(188) Survivor regions: 11->12(37)
[2026-04-03T02:42:32.953+0600][46.772s][info][gc,heap        ] GC(188) Old regions: 84->85
[2026-04-03T02:42:32.953+0600][46.772s][info][gc,heap        ] GC(188) Humongous regions: 154->8
[2026-04-03T02:42:32.953+0600][46.772s][info][gc,metaspace   ] GC(188) Metaspace: 130779K(132224K)->130779K(132224K) NonClass: 114380K(115072K)->114380K(115072K) Class: 16398K(17152K)->16398K(17152K)
[2026-04-03T02:42:32.953+0600][46.772s][info][gc             ] GC(188) Pause Young (Prepare Mixed) (G1 Evacuation Pause) 487M->101M(503M) 7.469ms
[2026-04-03T02:42:32.953+0600][46.772s][info][gc,cpu         ] GC(188) User=0.04s Sys=0.01s Real=0.01s
[2026-04-03T02:42:33.224+0600][47.043s][info][gc,start       ] GC(189) Pause Young (Mixed) (G1 Evacuation Pause)
[2026-04-03T02:42:33.224+0600][47.043s][info][gc,task        ] GC(189) Using 10 workers of 10 for evacuation
[2026-04-03T02:42:33.230+0600][47.049s][info][gc,phases      ] GC(189)   Pre Evacuate Collection Set: 0.37ms
[2026-04-03T02:42:33.230+0600][47.049s][info][gc,phases      ] GC(189)   Merge Heap Roots: 0.42ms
[2026-04-03T02:42:33.230+0600][47.049s][info][gc,phases      ] GC(189)   Evacuate Collection Set: 3.68ms
[2026-04-03T02:42:33.230+0600][47.049s][info][gc,phases      ] GC(189)   Post Evacuate Collection Set: 1.00ms
[2026-04-03T02:42:33.230+0600][47.049s][info][gc,phases      ] GC(189)   Other: 0.12ms
[2026-04-03T02:42:33.230+0600][47.049s][info][gc,heap        ] GC(189) Eden regions: 289->0(291)
[2026-04-03T02:42:33.230+0600][47.049s][info][gc,heap        ] GC(189) Survivor regions: 12->10(38)
[2026-04-03T02:42:33.230+0600][47.049s][info][gc,heap        ] GC(189) Old regions: 85->85
[2026-04-03T02:42:33.230+0600][47.049s][info][gc,heap        ] GC(189) Humongous regions: 98->8
[2026-04-03T02:42:33.230+0600][47.049s][info][gc,metaspace   ] GC(189) Metaspace: 130779K(132224K)->130779K(132224K) NonClass: 114380K(115072K)->114380K(115072K) Class: 16398K(17152K)->16398K(17152K)
[2026-04-03T02:42:33.230+0600][47.049s][info][gc             ] GC(189) Pause Young (Mixed) (G1 Evacuation Pause) 480M->101M(503M) 5.920ms
[2026-04-03T02:42:33.230+0600][47.049s][info][gc,cpu         ] GC(189) User=0.04s Sys=0.00s Real=0.01s
[2026-04-03T02:42:33.259+0600][47.078s][info][gc,start       ] GC(190) Pause Young (Concurrent Start) (G1 Humongous Allocation)
[2026-04-03T02:42:33.260+0600][47.079s][info][gc,task        ] GC(190) Using 10 workers of 10 for evacuation
[2026-04-03T02:42:33.265+0600][47.084s][info][gc,phases      ] GC(190)   Pre Evacuate Collection Set: 0.48ms
[2026-04-03T02:42:33.265+0600][47.084s][info][gc,phases      ] GC(190)   Merge Heap Roots: 0.20ms
[2026-04-03T02:42:33.265+0600][47.084s][info][gc,phases      ] GC(190)   Evacuate Collection Set: 3.48ms
[2026-04-03T02:42:33.265+0600][47.084s][info][gc,phases      ] GC(190)   Post Evacuate Collection Set: 0.82ms
[2026-04-03T02:42:33.265+0600][47.084s][info][gc,phases      ] GC(190)   Other: 0.42ms
[2026-04-03T02:42:33.265+0600][47.084s][info][gc,heap        ] GC(190) Eden regions: 42->0(289)
[2026-04-03T02:42:33.265+0600][47.084s][info][gc,heap        ] GC(190) Survivor regions: 10->12(38)
[2026-04-03T02:42:33.265+0600][47.084s][info][gc,heap        ] GC(190) Old regions: 85->85
[2026-04-03T02:42:33.265+0600][47.084s][info][gc,heap        ] GC(190) Humongous regions: 8->8
[2026-04-03T02:42:33.265+0600][47.084s][info][gc,metaspace   ] GC(190) Metaspace: 130779K(132224K)->130779K(132224K) NonClass: 114380K(115072K)->114380K(115072K) Class: 16398K(17152K)->16398K(17152K)
[2026-04-03T02:42:33.265+0600][47.084s][info][gc             ] GC(190) Pause Young (Concurrent Start) (G1 Humongous Allocation) 142M->103M(503M) 5.725ms
[2026-04-03T02:42:33.265+0600][47.084s][info][gc,cpu         ] GC(190) User=0.04s Sys=0.00s Real=0.01s
[2026-04-03T02:42:33.265+0600][47.084s][info][gc             ] GC(191) Concurrent Mark Cycle
[2026-04-03T02:42:33.265+0600][47.084s][info][gc,marking     ] GC(191) Concurrent Scan Root Regions
[2026-04-03T02:42:33.269+0600][47.088s][info][gc,marking     ] GC(191) Concurrent Scan Root Regions 3.574ms
[2026-04-03T02:42:33.269+0600][47.088s][info][gc,marking     ] GC(191) Concurrent Mark
[2026-04-03T02:42:33.269+0600][47.088s][info][gc,marking     ] GC(191) Concurrent Mark From Roots
[2026-04-03T02:42:33.269+0600][47.088s][info][gc,task        ] GC(191) Using 3 workers of 3 for marking
[2026-04-03T02:42:33.343+0600][47.162s][info][gc,marking     ] GC(191) Concurrent Mark From Roots 73.440ms
[2026-04-03T02:42:33.343+0600][47.162s][info][gc,marking     ] GC(191) Concurrent Preclean
[2026-04-03T02:42:33.343+0600][47.162s][info][gc,marking     ] GC(191) Concurrent Preclean 0.344ms
[2026-04-03T02:42:33.343+0600][47.162s][info][gc,start       ] GC(191) Pause Remark
[2026-04-03T02:42:33.352+0600][47.171s][info][gc             ] GC(191) Pause Remark 196M->196M(420M) 9.023ms
[2026-04-03T02:42:33.352+0600][47.172s][info][gc,cpu         ] GC(191) User=0.06s Sys=0.00s Real=0.01s
[2026-04-03T02:42:33.353+0600][47.172s][info][gc,marking     ] GC(191) Concurrent Mark 83.667ms
[2026-04-03T02:42:33.353+0600][47.172s][info][gc,marking     ] GC(191) Concurrent Rebuild Remembered Sets and Scrub Regions
[2026-04-03T02:42:33.393+0600][47.212s][info][gc,marking     ] GC(191) Concurrent Rebuild Remembered Sets and Scrub Regions 40.445ms
[2026-04-03T02:42:33.394+0600][47.213s][info][gc,start       ] GC(191) Pause Cleanup
[2026-04-03T02:42:33.394+0600][47.213s][info][gc             ] GC(191) Pause Cleanup 257M->257M(420M) 0.361ms
[2026-04-03T02:42:33.394+0600][47.213s][info][gc,cpu         ] GC(191) User=0.00s Sys=0.00s Real=0.00s
[2026-04-03T02:42:33.394+0600][47.213s][info][gc,marking     ] GC(191) Concurrent Clear Claimed Marks
[2026-04-03T02:42:33.395+0600][47.214s][info][gc,marking     ] GC(191) Concurrent Clear Claimed Marks 0.342ms
[2026-04-03T02:42:33.395+0600][47.214s][info][gc,marking     ] GC(191) Concurrent Cleanup for Next Mark
[2026-04-03T02:42:33.396+0600][47.215s][info][gc,marking     ] GC(191) Concurrent Cleanup for Next Mark 0.825ms
[2026-04-03T02:42:33.396+0600][47.215s][info][gc             ] GC(191) Concurrent Mark Cycle 130.422ms
[2026-04-03T02:42:33.632+0600][47.451s][info][gc,start       ] GC(192) Pause Young (Prepare Mixed) (G1 Evacuation Pause)
[2026-04-03T02:42:33.632+0600][47.451s][info][gc,task        ] GC(192) Using 10 workers of 10 for evacuation
[2026-04-03T02:42:33.639+0600][47.458s][info][gc,phases      ] GC(192)   Pre Evacuate Collection Set: 0.38ms
[2026-04-03T02:42:33.640+0600][47.459s][info][gc,phases      ] GC(192)   Merge Heap Roots: 0.25ms
[2026-04-03T02:42:33.640+0600][47.459s][info][gc,phases      ] GC(192)   Evacuate Collection Set: 5.50ms
[2026-04-03T02:42:33.640+0600][47.459s][info][gc,phases      ] GC(192)   Post Evacuate Collection Set: 0.81ms
[2026-04-03T02:42:33.640+0600][47.459s][info][gc,phases      ] GC(192)   Other: 0.12ms
[2026-04-03T02:42:33.640+0600][47.459s][info][gc,heap        ] GC(192) Eden regions: 184->0(249)
[2026-04-03T02:42:33.640+0600][47.459s][info][gc,heap        ] GC(192) Survivor regions: 12->8(32)
[2026-04-03T02:42:33.640+0600][47.459s][info][gc,heap        ] GC(192) Old regions: 85->86
[2026-04-03T02:42:33.640+0600][47.459s][info][gc,heap        ] GC(192) Humongous regions: 139->8
[2026-04-03T02:42:33.640+0600][47.459s][info][gc,metaspace   ] GC(192) Metaspace: 131069K(132480K)->131069K(132480K) NonClass: 114601K(115328K)->114601K(115328K) Class: 16468K(17152K)->16468K(17152K)
[2026-04-03T02:42:33.640+0600][47.459s][info][gc             ] GC(192) Pause Young (Prepare Mixed) (G1 Evacuation Pause) 418M->99M(429M) 7.460ms
[2026-04-03T02:42:33.640+0600][47.459s][info][gc,cpu         ] GC(192) User=0.06s Sys=0.01s Real=0.01s
[2026-04-03T02:42:33.726+0600][47.545s][info][gc,start       ] GC(193) Pause Full (System.gc())
[2026-04-03T02:42:33.726+0600][47.545s][info][gc,task        ] GC(193) Using 10 workers of 10 for full compaction
[2026-04-03T02:42:33.727+0600][47.546s][info][gc,phases,start] GC(193) Phase 1: Mark live objects
[2026-04-03T02:42:33.820+0600][47.639s][info][gc,phases      ] GC(193) Phase 1: Mark live objects 92.988ms
[2026-04-03T02:42:33.820+0600][47.639s][info][gc,phases,start] GC(193) Phase 2: Prepare compaction
[2026-04-03T02:42:33.822+0600][47.641s][info][gc,phases      ] GC(193) Phase 2: Prepare compaction 2.088ms
[2026-04-03T02:42:33.844+0600][47.663s][info][gc,phases,start] GC(193) Phase 3: Adjust pointers
[2026-04-03T02:42:33.868+0600][47.687s][info][gc,phases      ] GC(193) Phase 3: Adjust pointers 24.181ms
[2026-04-03T02:42:33.869+0600][47.688s][info][gc,phases,start] GC(193) Phase 4: Compact heap
[2026-04-03T02:42:33.870+0600][47.689s][info][gc,phases      ] GC(193) Phase 4: Compact heap 1.755ms
[2026-04-03T02:42:33.870+0600][47.689s][info][gc,phases,start] GC(193) Phase 5: Reset Metadata
[2026-04-03T02:42:33.874+0600][47.693s][info][gc,phases      ] GC(193) Phase 5: Reset Metadata 3.781ms
[2026-04-03T02:42:33.891+0600][47.710s][info][gc,heap        ] GC(193) Eden regions: 75->0(196)
[2026-04-03T02:42:33.891+0600][47.710s][info][gc,heap        ] GC(193) Survivor regions: 8->0(32)
[2026-04-03T02:42:33.891+0600][47.710s][info][gc,heap        ] GC(193) Old regions: 86->90
[2026-04-03T02:42:33.891+0600][47.710s][info][gc,heap        ] GC(193) Humongous regions: 24->8
[2026-04-03T02:42:33.891+0600][47.710s][info][gc,metaspace   ] GC(193) Metaspace: 131106K(132544K)->131009K(132544K) NonClass: 114630K(115392K)->114559K(115392K) Class: 16476K(17152K)->16449K(17152K)
[2026-04-03T02:42:33.891+0600][47.710s][info][gc             ] GC(193) Pause Full (System.gc()) 189M->91M(327M) 164.404ms
[2026-04-03T02:42:33.891+0600][47.710s][info][gc,cpu         ] GC(193) User=1.00s Sys=0.05s Real=0.17s
[2026-04-03T02:42:33.912+0600][47.731s][info][gc,start       ] GC(194) Pause Young (Concurrent Start) (G1 Humongous Allocation)
[2026-04-03T02:42:33.912+0600][47.731s][info][gc,task        ] GC(194) Using 8 workers of 10 for evacuation
[2026-04-03T02:42:33.915+0600][47.734s][info][gc,phases      ] GC(194)   Pre Evacuate Collection Set: 0.46ms
[2026-04-03T02:42:33.915+0600][47.734s][info][gc,phases      ] GC(194)   Merge Heap Roots: 0.18ms
[2026-04-03T02:42:33.915+0600][47.734s][info][gc,phases      ] GC(194)   Evacuate Collection Set: 2.23ms
[2026-04-03T02:42:33.915+0600][47.734s][info][gc,phases      ] GC(194)   Post Evacuate Collection Set: 0.49ms
[2026-04-03T02:42:33.915+0600][47.734s][info][gc,phases      ] GC(194)   Other: 0.16ms
[2026-04-03T02:42:33.915+0600][47.734s][info][gc,heap        ] GC(194) Eden regions: 6->0(194)
[2026-04-03T02:42:33.915+0600][47.734s][info][gc,heap        ] GC(194) Survivor regions: 0->2(25)
[2026-04-03T02:42:33.915+0600][47.734s][info][gc,heap        ] GC(194) Old regions: 90->90
[2026-04-03T02:42:33.915+0600][47.734s][info][gc,heap        ] GC(194) Humongous regions: 8->8
[2026-04-03T02:42:33.915+0600][47.734s][info][gc,metaspace   ] GC(194) Metaspace: 131011K(132544K)->131011K(132544K) NonClass: 114561K(115392K)->114561K(115392K) Class: 16449K(17152K)->16449K(17152K)
[2026-04-03T02:42:33.915+0600][47.734s][info][gc             ] GC(194) Pause Young (Concurrent Start) (G1 Humongous Allocation) 97M->93M(327M) 3.855ms
[2026-04-03T02:42:33.915+0600][47.735s][info][gc             ] GC(195) Concurrent Mark Cycle
[2026-04-03T02:42:33.916+0600][47.735s][info][gc,cpu         ] GC(194) User=0.02s Sys=0.00s Real=0.00s
[2026-04-03T02:42:33.916+0600][47.735s][info][gc,marking     ] GC(195) Concurrent Scan Root Regions
[2026-04-03T02:42:33.917+0600][47.736s][info][gc,marking     ] GC(195) Concurrent Scan Root Regions 1.808ms
[2026-04-03T02:42:33.917+0600][47.736s][info][gc,marking     ] GC(195) Concurrent Mark
[2026-04-03T02:42:33.917+0600][47.736s][info][gc,marking     ] GC(195) Concurrent Mark From Roots
[2026-04-03T02:42:33.917+0600][47.736s][info][gc,task        ] GC(195) Using 3 workers of 3 for marking
[2026-04-03T02:42:33.985+0600][47.804s][info][gc,marking     ] GC(195) Concurrent Mark From Roots 67.416ms
[2026-04-03T02:42:33.985+0600][47.804s][info][gc,marking     ] GC(195) Concurrent Preclean
[2026-04-03T02:42:33.986+0600][47.805s][info][gc,marking     ] GC(195) Concurrent Preclean 0.671ms
[2026-04-03T02:42:33.991+0600][47.810s][info][gc,start       ] GC(195) Pause Remark
[2026-04-03T02:42:34.000+0600][47.819s][info][gc             ] GC(195) Pause Remark 121M->121M(327M) 9.237ms
[2026-04-03T02:42:34.001+0600][47.820s][info][gc,cpu         ] GC(195) User=0.05s Sys=0.00s Real=0.01s
[2026-04-03T02:42:34.001+0600][47.820s][info][gc,marking     ] GC(195) Concurrent Mark 83.366ms
[2026-04-03T02:42:34.001+0600][47.820s][info][gc,marking     ] GC(195) Concurrent Rebuild Remembered Sets and Scrub Regions
[2026-04-03T02:42:34.028+0600][47.847s][info][gc,marking     ] GC(195) Concurrent Rebuild Remembered Sets and Scrub Regions 26.856ms
[2026-04-03T02:42:34.028+0600][47.847s][info][gc,start       ] GC(195) Pause Cleanup
[2026-04-03T02:42:34.029+0600][47.848s][info][gc             ] GC(195) Pause Cleanup 133M->133M(327M) 0.389ms
[2026-04-03T02:42:34.029+0600][47.848s][info][gc,cpu         ] GC(195) User=0.00s Sys=0.00s Real=0.00s
[2026-04-03T02:42:34.029+0600][47.848s][info][gc,marking     ] GC(195) Concurrent Clear Claimed Marks
[2026-04-03T02:42:34.029+0600][47.848s][info][gc,marking     ] GC(195) Concurrent Clear Claimed Marks 0.404ms
[2026-04-03T02:42:34.029+0600][47.848s][info][gc,marking     ] GC(195) Concurrent Cleanup for Next Mark
[2026-04-03T02:42:34.030+0600][47.849s][info][gc,marking     ] GC(195) Concurrent Cleanup for Next Mark 0.519ms
[2026-04-03T02:42:34.030+0600][47.849s][info][gc             ] GC(195) Concurrent Mark Cycle 114.293ms
[2026-04-03T02:42:34.084+0600][47.903s][info][gc,start       ] GC(196) Pause Young (Prepare Mixed) (G1 Evacuation Pause)
[2026-04-03T02:42:34.084+0600][47.903s][info][gc,task        ] GC(196) Using 9 workers of 10 for evacuation
[2026-04-03T02:42:34.089+0600][47.908s][info][gc,phases      ] GC(196)   Pre Evacuate Collection Set: 0.31ms
[2026-04-03T02:42:34.089+0600][47.908s][info][gc,phases      ] GC(196)   Merge Heap Roots: 0.11ms
[2026-04-03T02:42:34.089+0600][47.908s][info][gc,phases      ] GC(196)   Evacuate Collection Set: 2.25ms
[2026-04-03T02:42:34.089+0600][47.908s][info][gc,phases      ] GC(196)   Post Evacuate Collection Set: 2.43ms
[2026-04-03T02:42:34.089+0600][47.908s][info][gc,phases      ] GC(196)   Other: 0.10ms
[2026-04-03T02:42:34.089+0600][47.908s][info][gc,heap        ] GC(196) Eden regions: 55->0(408)
[2026-04-03T02:42:34.089+0600][47.908s][info][gc,heap        ] GC(196) Survivor regions: 2->5(26)
[2026-04-03T02:42:34.089+0600][47.908s][info][gc,heap        ] GC(196) Old regions: 90->90
[2026-04-03T02:42:34.089+0600][47.908s][info][gc,heap        ] GC(196) Humongous regions: 260->23
[2026-04-03T02:42:34.089+0600][47.908s][info][gc,metaspace   ] GC(196) Metaspace: 131011K(132544K)->131011K(132544K) NonClass: 114561K(115392K)->114561K(115392K) Class: 16449K(17152K)->16449K(17152K)
[2026-04-03T02:42:34.089+0600][47.908s][info][gc             ] GC(196) Pause Young (Prepare Mixed) (G1 Evacuation Pause) 400M->111M(689M) 5.441ms
[2026-04-03T02:42:34.089+0600][47.908s][info][gc,cpu         ] GC(196) User=0.01s Sys=0.01s Real=0.00s
[2026-04-03T02:42:34.238+0600][48.057s][info][gc,start       ] GC(197) Pause Young (Mixed) (G1 Evacuation Pause)
[2026-04-03T02:42:34.238+0600][48.057s][info][gc,task        ] GC(197) Using 10 workers of 10 for evacuation
[2026-04-03T02:42:34.244+0600][48.063s][info][gc,phases      ] GC(197)   Pre Evacuate Collection Set: 0.30ms
[2026-04-03T02:42:34.244+0600][48.063s][info][gc,phases      ] GC(197)   Merge Heap Roots: 0.18ms
[2026-04-03T02:42:34.244+0600][48.063s][info][gc,phases      ] GC(197)   Evacuate Collection Set: 3.27ms
[2026-04-03T02:42:34.244+0600][48.063s][info][gc,phases      ] GC(197)   Post Evacuate Collection Set: 1.45ms
[2026-04-03T02:42:34.244+0600][48.063s][info][gc,phases      ] GC(197)   Other: 0.11ms
[2026-04-03T02:42:34.244+0600][48.063s][info][gc,heap        ] GC(197) Eden regions: 102->0(412)
[2026-04-03T02:42:34.244+0600][48.063s][info][gc,heap        ] GC(197) Survivor regions: 5->5(52)
[2026-04-03T02:42:34.244+0600][48.063s][info][gc,heap        ] GC(197) Old regions: 90->89
[2026-04-03T02:42:34.244+0600][48.063s][info][gc,heap        ] GC(197) Humongous regions: 492->8
[2026-04-03T02:42:34.244+0600][48.063s][info][gc,metaspace   ] GC(197) Metaspace: 131012K(132544K)->131012K(132544K) NonClass: 114563K(115392K)->114563K(115392K) Class: 16449K(17152K)->16449K(17152K)
[2026-04-03T02:42:34.244+0600][48.063s][info][gc             ] GC(197) Pause Young (Mixed) (G1 Evacuation Pause) 682M->95M(695M) 5.668ms
[2026-04-03T02:42:34.244+0600][48.063s][info][gc,cpu         ] GC(197) User=0.01s Sys=0.01s Real=0.01s
[2026-04-03T02:42:34.245+0600][48.064s][info][gc,start       ] GC(198) Pause Young (Concurrent Start) (G1 Humongous Allocation)
[2026-04-03T02:42:34.245+0600][48.064s][info][gc,task        ] GC(198) Using 10 workers of 10 for evacuation
[2026-04-03T02:42:34.249+0600][48.068s][info][gc,phases      ] GC(198)   Pre Evacuate Collection Set: 0.44ms
[2026-04-03T02:42:34.249+0600][48.068s][info][gc,phases      ] GC(198)   Merge Heap Roots: 0.18ms
[2026-04-03T02:42:34.249+0600][48.068s][info][gc,phases      ] GC(198)   Evacuate Collection Set: 1.88ms
[2026-04-03T02:42:34.249+0600][48.068s][info][gc,phases      ] GC(198)   Post Evacuate Collection Set: 0.79ms
[2026-04-03T02:42:34.249+0600][48.068s][info][gc,phases      ] GC(198)   Other: 0.16ms
[2026-04-03T02:42:34.249+0600][48.068s][info][gc,heap        ] GC(198) Eden regions: 5->0(413)
[2026-04-03T02:42:34.249+0600][48.068s][info][gc,heap        ] GC(198) Survivor regions: 5->4(53)
[2026-04-03T02:42:34.249+0600][48.068s][info][gc,heap        ] GC(198) Old regions: 89->89
[2026-04-03T02:42:34.249+0600][48.068s][info][gc,heap        ] GC(198) Humongous regions: 8->8
[2026-04-03T02:42:34.249+0600][48.068s][info][gc,metaspace   ] GC(198) Metaspace: 131012K(132544K)->131012K(132544K) NonClass: 114563K(115392K)->114563K(115392K) Class: 16449K(17152K)->16449K(17152K)
[2026-04-03T02:42:34.249+0600][48.068s][info][gc             ] GC(198) Pause Young (Concurrent Start) (G1 Humongous Allocation) 99M->95M(695M) 3.730ms
[2026-04-03T02:42:34.249+0600][48.068s][info][gc             ] GC(199) Concurrent Mark Cycle
[2026-04-03T02:42:34.249+0600][48.068s][info][gc,marking     ] GC(199) Concurrent Scan Root Regions
[2026-04-03T02:42:34.249+0600][48.068s][info][gc,cpu         ] GC(198) User=0.02s Sys=0.00s Real=0.00s
[2026-04-03T02:42:34.251+0600][48.070s][info][gc,marking     ] GC(199) Concurrent Scan Root Regions 2.357ms
[2026-04-03T02:42:34.251+0600][48.070s][info][gc,marking     ] GC(199) Concurrent Mark
[2026-04-03T02:42:34.251+0600][48.071s][info][gc,marking     ] GC(199) Concurrent Mark From Roots
[2026-04-03T02:42:34.252+0600][48.071s][info][gc,task        ] GC(199) Using 3 workers of 3 for marking
[2026-04-03T02:42:34.316+0600][48.135s][info][gc,marking     ] GC(199) Concurrent Mark From Roots 64.585ms
[2026-04-03T02:42:34.316+0600][48.135s][info][gc,marking     ] GC(199) Concurrent Preclean
[2026-04-03T02:42:34.317+0600][48.136s][info][gc,marking     ] GC(199) Concurrent Preclean 0.400ms
[2026-04-03T02:42:34.317+0600][48.136s][info][gc,start       ] GC(199) Pause Remark
[2026-04-03T02:42:34.326+0600][48.145s][info][gc             ] GC(199) Pause Remark 164M->164M(454M) 9.286ms
[2026-04-03T02:42:34.327+0600][48.146s][info][gc,cpu         ] GC(199) User=0.07s Sys=0.00s Real=0.01s
[2026-04-03T02:42:34.327+0600][48.146s][info][gc,marking     ] GC(199) Concurrent Mark 75.281ms
[2026-04-03T02:42:34.327+0600][48.146s][info][gc,marking     ] GC(199) Concurrent Rebuild Remembered Sets and Scrub Regions
[2026-04-03T02:42:34.363+0600][48.182s][info][gc,marking     ] GC(199) Concurrent Rebuild Remembered Sets and Scrub Regions 36.081ms
[2026-04-03T02:42:34.363+0600][48.182s][info][gc,start       ] GC(199) Pause Cleanup
[2026-04-03T02:42:34.364+0600][48.183s][info][gc             ] GC(199) Pause Cleanup 179M->179M(454M) 0.427ms
[2026-04-03T02:42:34.364+0600][48.183s][info][gc,cpu         ] GC(199) User=0.00s Sys=0.00s Real=0.00s
[2026-04-03T02:42:34.365+0600][48.184s][info][gc,marking     ] GC(199) Concurrent Clear Claimed Marks
[2026-04-03T02:42:34.365+0600][48.184s][info][gc,marking     ] GC(199) Concurrent Clear Claimed Marks 0.443ms
[2026-04-03T02:42:34.365+0600][48.184s][info][gc,marking     ] GC(199) Concurrent Cleanup for Next Mark
[2026-04-03T02:42:34.368+0600][48.187s][info][gc,marking     ] GC(199) Concurrent Cleanup for Next Mark 2.301ms
[2026-04-03T02:42:34.368+0600][48.187s][info][gc             ] GC(199) Concurrent Mark Cycle 118.695ms
[2026-04-03T02:42:34.819+0600][48.638s][info][gc,start       ] GC(200) Pause Young (Prepare Mixed) (G1 Evacuation Pause)
[2026-04-03T02:42:34.819+0600][48.638s][info][gc,task        ] GC(200) Using 10 workers of 10 for evacuation
[2026-04-03T02:42:34.826+0600][48.645s][info][gc,phases      ] GC(200)   Pre Evacuate Collection Set: 0.36ms
[2026-04-03T02:42:34.826+0600][48.645s][info][gc,phases      ] GC(200)   Merge Heap Roots: 0.28ms
[2026-04-03T02:42:34.826+0600][48.645s][info][gc,phases      ] GC(200)   Evacuate Collection Set: 5.26ms
[2026-04-03T02:42:34.826+0600][48.645s][info][gc,phases      ] GC(200)   Post Evacuate Collection Set: 0.88ms
[2026-04-03T02:42:34.826+0600][48.645s][info][gc,phases      ] GC(200)   Other: 0.13ms
[2026-04-03T02:42:34.826+0600][48.645s][info][gc,heap        ] GC(200) Eden regions: 240->0(270)
[2026-04-03T02:42:34.826+0600][48.645s][info][gc,heap        ] GC(200) Survivor regions: 4->6(34)
[2026-04-03T02:42:34.826+0600][48.645s][info][gc,heap        ] GC(200) Old regions: 89->89
[2026-04-03T02:42:34.826+0600][48.645s][info][gc,heap        ] GC(200) Humongous regions: 121->8
[2026-04-03T02:42:34.826+0600][48.646s][info][gc,metaspace   ] GC(200) Metaspace: 131025K(132544K)->131025K(132544K) NonClass: 114576K(115392K)->114576K(115392K) Class: 16449K(17152K)->16449K(17152K)
[2026-04-03T02:42:34.827+0600][48.646s][info][gc             ] GC(200) Pause Young (Prepare Mixed) (G1 Evacuation Pause) 448M->96M(460M) 7.244ms
[2026-04-03T02:42:34.827+0600][48.646s][info][gc,cpu         ] GC(200) User=0.03s Sys=0.01s Real=0.01s
[2026-04-03T02:42:35.106+0600][48.925s][info][gc,start       ] GC(201) Pause Young (Mixed) (G1 Evacuation Pause)
[2026-04-03T02:42:35.106+0600][48.925s][info][gc,task        ] GC(201) Using 10 workers of 10 for evacuation
[2026-04-03T02:42:35.111+0600][48.930s][info][gc,phases      ] GC(201)   Pre Evacuate Collection Set: 0.37ms
[2026-04-03T02:42:35.111+0600][48.930s][info][gc,phases      ] GC(201)   Merge Heap Roots: 0.23ms
[2026-04-03T02:42:35.111+0600][48.930s][info][gc,phases      ] GC(201)   Evacuate Collection Set: 2.87ms
[2026-04-03T02:42:35.111+0600][48.930s][info][gc,phases      ] GC(201)   Post Evacuate Collection Set: 0.66ms
[2026-04-03T02:42:35.111+0600][48.930s][info][gc,phases      ] GC(201)   Other: 0.19ms
[2026-04-03T02:42:35.111+0600][48.930s][info][gc,heap        ] GC(201) Eden regions: 198->0(280)
[2026-04-03T02:42:35.111+0600][48.930s][info][gc,heap        ] GC(201) Survivor regions: 6->5(35)
[2026-04-03T02:42:35.111+0600][48.930s][info][gc,heap        ] GC(201) Old regions: 89->88
[2026-04-03T02:42:35.111+0600][48.930s][info][gc,heap        ] GC(201) Humongous regions: 176->8
[2026-04-03T02:42:35.111+0600][48.930s][info][gc,metaspace   ] GC(201) Metaspace: 131043K(132544K)->131043K(132544K) NonClass: 114592K(115392K)->114592K(115392K) Class: 16450K(17152K)->16450K(17152K)
[2026-04-03T02:42:35.111+0600][48.930s][info][gc             ] GC(201) Pause Young (Mixed) (G1 Evacuation Pause) 462M->96M(475M) 4.679ms
[2026-04-03T02:42:35.111+0600][48.930s][info][gc,cpu         ] GC(201) User=0.02s Sys=0.02s Real=0.01s
[2026-04-03T02:42:35.131+0600][48.950s][info][gc,start       ] GC(202) Pause Young (Concurrent Start) (GCLocker Initiated GC)
[2026-04-03T02:42:35.131+0600][48.950s][info][gc,task        ] GC(202) Using 10 workers of 10 for evacuation
[2026-04-03T02:42:35.136+0600][48.955s][info][gc,phases      ] GC(202)   Pre Evacuate Collection Set: 0.62ms
[2026-04-03T02:42:35.136+0600][48.955s][info][gc,phases      ] GC(202)   Merge Heap Roots: 0.23ms
[2026-04-03T02:42:35.136+0600][48.955s][info][gc,phases      ] GC(202)   Evacuate Collection Set: 2.62ms
[2026-04-03T02:42:35.136+0600][48.955s][info][gc,phases      ] GC(202)   Post Evacuate Collection Set: 0.69ms
[2026-04-03T02:42:35.136+0600][48.955s][info][gc,phases      ] GC(202)   Other: 0.29ms
[2026-04-03T02:42:35.136+0600][48.955s][info][gc,heap        ] GC(202) Eden regions: 24->0(279)
[2026-04-03T02:42:35.136+0600][48.955s][info][gc,heap        ] GC(202) Survivor regions: 5->6(36)
[2026-04-03T02:42:35.136+0600][48.955s][info][gc,heap        ] GC(202) Old regions: 88->88
[2026-04-03T02:42:35.136+0600][48.955s][info][gc,heap        ] GC(202) Humongous regions: 8->8
[2026-04-03T02:42:35.136+0600][48.955s][info][gc,metaspace   ] GC(202) Metaspace: 131043K(132544K)->131043K(132544K) NonClass: 114592K(115392K)->114592K(115392K) Class: 16450K(17152K)->16450K(17152K)
[2026-04-03T02:42:35.136+0600][48.955s][info][gc             ] GC(202) Pause Young (Concurrent Start) (GCLocker Initiated GC) 120M->96M(475M) 4.892ms
[2026-04-03T02:42:35.136+0600][48.955s][info][gc             ] GC(203) Concurrent Mark Cycle
[2026-04-03T02:42:35.136+0600][48.955s][info][gc,marking     ] GC(203) Concurrent Scan Root Regions
[2026-04-03T02:42:35.136+0600][48.955s][info][gc,cpu         ] GC(202) User=0.03s Sys=0.01s Real=0.00s
[2026-04-03T02:42:35.139+0600][48.958s][info][gc,marking     ] GC(203) Concurrent Scan Root Regions 3.086ms
[2026-04-03T02:42:35.139+0600][48.958s][info][gc,marking     ] GC(203) Concurrent Mark
[2026-04-03T02:42:35.139+0600][48.958s][info][gc,marking     ] GC(203) Concurrent Mark From Roots
[2026-04-03T02:42:35.139+0600][48.958s][info][gc,task        ] GC(203) Using 3 workers of 3 for marking
[2026-04-03T02:42:35.229+0600][49.048s][info][gc,marking     ] GC(203) Concurrent Mark From Roots 89.487ms
[2026-04-03T02:42:35.229+0600][49.048s][info][gc,marking     ] GC(203) Concurrent Preclean
[2026-04-03T02:42:35.230+0600][49.049s][info][gc,marking     ] GC(203) Concurrent Preclean 0.733ms
[2026-04-03T02:42:35.231+0600][49.050s][info][gc,start       ] GC(203) Pause Remark
[2026-04-03T02:42:35.241+0600][49.060s][info][gc             ] GC(203) Pause Remark 180M->180M(475M) 9.658ms
[2026-04-03T02:42:35.241+0600][49.060s][info][gc,cpu         ] GC(203) User=0.07s Sys=0.01s Real=0.01s
[2026-04-03T02:42:35.241+0600][49.060s][info][gc,marking     ] GC(203) Concurrent Mark 101.962ms
[2026-04-03T02:42:35.241+0600][49.060s][info][gc,marking     ] GC(203) Concurrent Rebuild Remembered Sets and Scrub Regions
[2026-04-03T02:42:35.285+0600][49.104s][info][gc,marking     ] GC(203) Concurrent Rebuild Remembered Sets and Scrub Regions 43.949ms
[2026-04-03T02:42:35.286+0600][49.105s][info][gc,start       ] GC(203) Pause Cleanup
[2026-04-03T02:42:35.286+0600][49.105s][info][gc             ] GC(203) Pause Cleanup 227M->227M(475M) 0.489ms
[2026-04-03T02:42:35.286+0600][49.105s][info][gc,cpu         ] GC(203) User=0.00s Sys=0.00s Real=0.00s
[2026-04-03T02:42:35.287+0600][49.106s][info][gc,marking     ] GC(203) Concurrent Clear Claimed Marks
[2026-04-03T02:42:35.287+0600][49.106s][info][gc,marking     ] GC(203) Concurrent Clear Claimed Marks 0.448ms
[2026-04-03T02:42:35.287+0600][49.106s][info][gc,marking     ] GC(203) Concurrent Cleanup for Next Mark
[2026-04-03T02:42:35.289+0600][49.108s][info][gc,marking     ] GC(203) Concurrent Cleanup for Next Mark 1.274ms
[2026-04-03T02:42:35.289+0600][49.108s][info][gc             ] GC(203) Concurrent Mark Cycle 152.622ms
[2026-04-03T02:42:35.470+0600][49.289s][info][gc,start       ] GC(204) Pause Young (Prepare Mixed) (G1 Evacuation Pause)
[2026-04-03T02:42:35.470+0600][49.289s][info][gc,task        ] GC(204) Using 10 workers of 10 for evacuation
[2026-04-03T02:42:35.476+0600][49.295s][info][gc,phases      ] GC(204)   Pre Evacuate Collection Set: 0.40ms
[2026-04-03T02:42:35.476+0600][49.295s][info][gc,phases      ] GC(204)   Merge Heap Roots: 0.31ms
[2026-04-03T02:42:35.476+0600][49.295s][info][gc,phases      ] GC(204)   Evacuate Collection Set: 4.31ms
[2026-04-03T02:42:35.476+0600][49.295s][info][gc,phases      ] GC(204)   Post Evacuate Collection Set: 0.77ms
[2026-04-03T02:42:35.476+0600][49.295s][info][gc,phases      ] GC(204)   Other: 0.21ms
[2026-04-03T02:42:35.476+0600][49.295s][info][gc,heap        ] GC(204) Eden regions: 205->0(282)
[2026-04-03T02:42:35.476+0600][49.295s][info][gc,heap        ] GC(204) Survivor regions: 6->7(36)
[2026-04-03T02:42:35.476+0600][49.295s][info][gc,heap        ] GC(204) Old regions: 88->88
[2026-04-03T02:42:35.476+0600][49.295s][info][gc,heap        ] GC(204) Humongous regions: 176->8
[2026-04-03T02:42:35.476+0600][49.295s][info][gc,metaspace   ] GC(204) Metaspace: 131046K(132544K)->131046K(132544K) NonClass: 114595K(115392K)->114595K(115392K) Class: 16450K(17152K)->16450K(17152K)
[2026-04-03T02:42:35.476+0600][49.295s][info][gc             ] GC(204) Pause Young (Prepare Mixed) (G1 Evacuation Pause) 469M->97M(482M) 6.347ms
[2026-04-03T02:42:35.476+0600][49.295s][info][gc,cpu         ] GC(204) User=0.04s Sys=0.01s Real=0.01s
[2026-04-03T02:42:35.938+0600][49.757s][info][gc,start       ] GC(205) Pause Young (Mixed) (G1 Evacuation Pause)
[2026-04-03T02:42:35.938+0600][49.757s][info][gc,task        ] GC(205) Using 10 workers of 10 for evacuation
[2026-04-03T02:42:35.941+0600][49.760s][info][gc,phases      ] GC(205)   Pre Evacuate Collection Set: 0.22ms
[2026-04-03T02:42:35.941+0600][49.760s][info][gc,phases      ] GC(205)   Merge Heap Roots: 0.17ms
[2026-04-03T02:42:35.941+0600][49.760s][info][gc,phases      ] GC(205)   Evacuate Collection Set: 1.93ms
[2026-04-03T02:42:35.941+0600][49.760s][info][gc,phases      ] GC(205)   Post Evacuate Collection Set: 0.55ms
[2026-04-03T02:42:35.941+0600][49.760s][info][gc,phases      ] GC(205)   Other: 0.08ms
[2026-04-03T02:42:35.941+0600][49.760s][info][gc,heap        ] GC(205) Eden regions: 269->0(287)
[2026-04-03T02:42:35.941+0600][49.760s][info][gc,heap        ] GC(205) Survivor regions: 7->5(37)
[2026-04-03T02:42:35.941+0600][49.760s][info][gc,heap        ] GC(205) Old regions: 88->86
[2026-04-03T02:42:35.941+0600][49.760s][info][gc,heap        ] GC(205) Humongous regions: 118->8
[2026-04-03T02:42:35.941+0600][49.760s][info][gc,metaspace   ] GC(205) Metaspace: 131066K(132544K)->131066K(132544K) NonClass: 114615K(115392K)->114615K(115392K) Class: 16450K(17152K)->16450K(17152K)
[2026-04-03T02:42:35.941+0600][49.760s][info][gc             ] GC(205) Pause Young (Mixed) (G1 Evacuation Pause) 476M->95M(487M) 3.140ms
[2026-04-03T02:42:35.941+0600][49.760s][info][gc,cpu         ] GC(205) User=0.02s Sys=0.00s Real=0.01s
[2026-04-03T02:42:35.948+0600][49.767s][info][gc,start       ] GC(206) Pause Young (Concurrent Start) (G1 Humongous Allocation)
[2026-04-03T02:42:35.948+0600][49.767s][info][gc,task        ] GC(206) Using 10 workers of 10 for evacuation
[2026-04-03T02:42:35.950+0600][49.769s][info][gc,phases      ] GC(206)   Pre Evacuate Collection Set: 0.23ms
[2026-04-03T02:42:35.950+0600][49.769s][info][gc,phases      ] GC(206)   Merge Heap Roots: 0.09ms
[2026-04-03T02:42:35.950+0600][49.769s][info][gc,phases      ] GC(206)   Evacuate Collection Set: 1.19ms
[2026-04-03T02:42:35.950+0600][49.769s][info][gc,phases      ] GC(206)   Post Evacuate Collection Set: 0.36ms
[2026-04-03T02:42:35.950+0600][49.769s][info][gc,phases      ] GC(206)   Other: 0.09ms
[2026-04-03T02:42:35.950+0600][49.769s][info][gc,heap        ] GC(206) Eden regions: 4->0(288)
[2026-04-03T02:42:35.950+0600][49.769s][info][gc,heap        ] GC(206) Survivor regions: 5->4(37)
[2026-04-03T02:42:35.950+0600][49.769s][info][gc,heap        ] GC(206) Old regions: 86->86
[2026-04-03T02:42:35.950+0600][49.769s][info][gc,heap        ] GC(206) Humongous regions: 8->8
[2026-04-03T02:42:35.950+0600][49.769s][info][gc,metaspace   ] GC(206) Metaspace: 131070K(132544K)->131070K(132544K) NonClass: 114619K(115392K)->114619K(115392K) Class: 16450K(17152K)->16450K(17152K)
[2026-04-03T02:42:35.950+0600][49.769s][info][gc             ] GC(206) Pause Young (Concurrent Start) (G1 Humongous Allocation) 98M->94M(487M) 2.197ms
[2026-04-03T02:42:35.950+0600][49.769s][info][gc             ] GC(207) Concurrent Mark Cycle
[2026-04-03T02:42:35.950+0600][49.769s][info][gc,cpu         ] GC(206) User=0.01s Sys=0.00s Real=0.01s
[2026-04-03T02:42:35.950+0600][49.769s][info][gc,marking     ] GC(207) Concurrent Scan Root Regions
[2026-04-03T02:42:35.952+0600][49.771s][info][gc,marking     ] GC(207) Concurrent Scan Root Regions 1.962ms
[2026-04-03T02:42:35.952+0600][49.771s][info][gc,marking     ] GC(207) Concurrent Mark
[2026-04-03T02:42:35.952+0600][49.771s][info][gc,marking     ] GC(207) Concurrent Mark From Roots
[2026-04-03T02:42:35.952+0600][49.771s][info][gc,task        ] GC(207) Using 3 workers of 3 for marking
[2026-04-03T02:42:36.038+0600][49.857s][info][gc,marking     ] GC(207) Concurrent Mark From Roots 86.063ms
[2026-04-03T02:42:36.038+0600][49.857s][info][gc,marking     ] GC(207) Concurrent Preclean
[2026-04-03T02:42:36.042+0600][49.861s][info][gc,marking     ] GC(207) Concurrent Preclean 3.649ms
[2026-04-03T02:42:36.042+0600][49.861s][info][gc,start       ] GC(207) Pause Remark
[2026-04-03T02:42:36.052+0600][49.871s][info][gc             ] GC(207) Pause Remark 199M->199M(484M) 10.127ms
[2026-04-03T02:42:36.053+0600][49.872s][info][gc,cpu         ] GC(207) User=0.08s Sys=0.00s Real=0.01s
[2026-04-03T02:42:36.053+0600][49.872s][info][gc,marking     ] GC(207) Concurrent Mark 100.854ms
[2026-04-03T02:42:36.053+0600][49.872s][info][gc,marking     ] GC(207) Concurrent Rebuild Remembered Sets and Scrub Regions
[2026-04-03T02:42:36.088+0600][49.907s][info][gc,marking     ] GC(207) Concurrent Rebuild Remembered Sets and Scrub Regions 35.307ms
[2026-04-03T02:42:36.089+0600][49.908s][info][gc,start       ] GC(207) Pause Cleanup
[2026-04-03T02:42:36.090+0600][49.909s][info][gc             ] GC(207) Pause Cleanup 238M->238M(484M) 0.610ms
[2026-04-03T02:42:36.090+0600][49.909s][info][gc,cpu         ] GC(207) User=0.00s Sys=0.00s Real=0.01s
[2026-04-03T02:42:36.090+0600][49.909s][info][gc,marking     ] GC(207) Concurrent Clear Claimed Marks
[2026-04-03T02:42:36.091+0600][49.910s][info][gc,marking     ] GC(207) Concurrent Clear Claimed Marks 0.354ms
[2026-04-03T02:42:36.091+0600][49.910s][info][gc,marking     ] GC(207) Concurrent Cleanup for Next Mark
[2026-04-03T02:42:36.092+0600][49.911s][info][gc,marking     ] GC(207) Concurrent Cleanup for Next Mark 1.245ms
[2026-04-03T02:42:36.092+0600][49.911s][info][gc             ] GC(207) Concurrent Mark Cycle 141.910ms
[2026-04-03T02:42:36.254+0600][50.073s][info][gc,start       ] GC(208) Pause Young (Prepare Mixed) (GCLocker Initiated GC)
[2026-04-03T02:42:36.254+0600][50.073s][info][gc,task        ] GC(208) Using 10 workers of 10 for evacuation
[2026-04-03T02:42:36.261+0600][50.080s][info][gc,phases      ] GC(208)   Pre Evacuate Collection Set: 0.57ms
[2026-04-03T02:42:36.261+0600][50.080s][info][gc,phases      ] GC(208)   Merge Heap Roots: 0.42ms
[2026-04-03T02:42:36.261+0600][50.080s][info][gc,phases      ] GC(208)   Evacuate Collection Set: 4.21ms
[2026-04-03T02:42:36.261+0600][50.080s][info][gc,phases      ] GC(208)   Post Evacuate Collection Set: 0.89ms
[2026-04-03T02:42:36.261+0600][50.080s][info][gc,phases      ] GC(208)   Other: 0.12ms
[2026-04-03T02:42:36.261+0600][50.080s][info][gc,heap        ] GC(208) Eden regions: 213->0(287)
[2026-04-03T02:42:36.261+0600][50.080s][info][gc,heap        ] GC(208) Survivor regions: 4->8(37)
[2026-04-03T02:42:36.261+0600][50.080s][info][gc,heap        ] GC(208) Old regions: 86->86
[2026-04-03T02:42:36.261+0600][50.080s][info][gc,heap        ] GC(208) Humongous regions: 181->8
[2026-04-03T02:42:36.261+0600][50.080s][info][gc,metaspace   ] GC(208) Metaspace: 131072K(132544K)->131072K(132544K) NonClass: 114621K(115392K)->114621K(115392K) Class: 16450K(17152K)->16450K(17152K)
[2026-04-03T02:42:36.261+0600][50.080s][info][gc             ] GC(208) Pause Young (Prepare Mixed) (GCLocker Initiated GC) 480M->97M(492M) 6.567ms
[2026-04-03T02:42:36.261+0600][50.080s][info][gc,cpu         ] GC(208) User=0.03s Sys=0.01s Real=0.01s
[2026-04-03T02:42:36.524+0600][50.343s][info][gc,start       ] GC(209) Pause Young (Mixed) (G1 Evacuation Pause)
[2026-04-03T02:42:36.524+0600][50.343s][info][gc,task        ] GC(209) Using 10 workers of 10 for evacuation
[2026-04-03T02:42:36.531+0600][50.350s][info][gc,phases      ] GC(209)   Pre Evacuate Collection Set: 0.35ms
[2026-04-03T02:42:36.531+0600][50.350s][info][gc,phases      ] GC(209)   Merge Heap Roots: 0.45ms
[2026-04-03T02:42:36.531+0600][50.350s][info][gc,phases      ] GC(209)   Evacuate Collection Set: 5.38ms
[2026-04-03T02:42:36.531+0600][50.350s][info][gc,phases      ] GC(209)   Post Evacuate Collection Set: 0.79ms
[2026-04-03T02:42:36.531+0600][50.350s][info][gc,phases      ] GC(209)   Other: 0.13ms
[2026-04-03T02:42:36.531+0600][50.350s][info][gc,heap        ] GC(209) Eden regions: 222->0(294)
[2026-04-03T02:42:36.531+0600][50.350s][info][gc,heap        ] GC(209) Survivor regions: 8->9(37)
[2026-04-03T02:42:36.531+0600][50.350s][info][gc,heap        ] GC(209) Old regions: 86->85
[2026-04-03T02:42:36.531+0600][50.350s][info][gc,heap        ] GC(209) Humongous regions: 180->8
[2026-04-03T02:42:36.531+0600][50.351s][info][gc,metaspace   ] GC(209) Metaspace: 131073K(132544K)->131073K(132544K) NonClass: 114622K(115392K)->114622K(115392K) Class: 16450K(17152K)->16450K(17152K)
[2026-04-03T02:42:36.532+0600][50.351s][info][gc             ] GC(209) Pause Young (Mixed) (G1 Evacuation Pause) 491M->99M(506M) 7.428ms
[2026-04-03T02:42:36.532+0600][50.351s][info][gc,cpu         ] GC(209) User=0.05s Sys=0.02s Real=0.01s
[2026-04-03T02:42:36.535+0600][50.354s][info][gc,start       ] GC(210) Pause Young (Concurrent Start) (G1 Humongous Allocation)
[2026-04-03T02:42:36.535+0600][50.354s][info][gc,task        ] GC(210) Using 10 workers of 10 for evacuation
[2026-04-03T02:42:36.540+0600][50.359s][info][gc,phases      ] GC(210)   Pre Evacuate Collection Set: 0.43ms
[2026-04-03T02:42:36.540+0600][50.359s][info][gc,phases      ] GC(210)   Merge Heap Roots: 0.16ms
[2026-04-03T02:42:36.540+0600][50.359s][info][gc,phases      ] GC(210)   Evacuate Collection Set: 2.88ms
[2026-04-03T02:42:36.540+0600][50.359s][info][gc,phases      ] GC(210)   Post Evacuate Collection Set: 0.58ms
[2026-04-03T02:42:36.540+0600][50.359s][info][gc,phases      ] GC(210)   Other: 0.26ms
[2026-04-03T02:42:36.540+0600][50.359s][info][gc,heap        ] GC(210) Eden regions: 6->0(296)
[2026-04-03T02:42:36.540+0600][50.359s][info][gc,heap        ] GC(210) Survivor regions: 9->7(38)
[2026-04-03T02:42:36.540+0600][50.359s][info][gc,heap        ] GC(210) Old regions: 85->85
[2026-04-03T02:42:36.540+0600][50.359s][info][gc,heap        ] GC(210) Humongous regions: 8->8
[2026-04-03T02:42:36.540+0600][50.359s][info][gc,metaspace   ] GC(210) Metaspace: 131073K(132544K)->131073K(132544K) NonClass: 114622K(115392K)->114622K(115392K) Class: 16450K(17152K)->16450K(17152K)
[2026-04-03T02:42:36.540+0600][50.359s][info][gc             ] GC(210) Pause Young (Concurrent Start) (G1 Humongous Allocation) 105M->97M(506M) 4.662ms
[2026-04-03T02:42:36.540+0600][50.359s][info][gc             ] GC(211) Concurrent Mark Cycle
[2026-04-03T02:42:36.540+0600][50.359s][info][gc,marking     ] GC(211) Concurrent Scan Root Regions
[2026-04-03T02:42:36.540+0600][50.359s][info][gc,cpu         ] GC(210) User=0.03s Sys=0.00s Real=0.01s
[2026-04-03T02:42:36.542+0600][50.361s][info][gc,marking     ] GC(211) Concurrent Scan Root Regions 2.151ms
[2026-04-03T02:42:36.542+0600][50.361s][info][gc,marking     ] GC(211) Concurrent Mark
[2026-04-03T02:42:36.542+0600][50.361s][info][gc,marking     ] GC(211) Concurrent Mark From Roots
[2026-04-03T02:42:36.542+0600][50.361s][info][gc,task        ] GC(211) Using 3 workers of 3 for marking
[2026-04-03T02:42:36.631+0600][50.450s][info][gc,marking     ] GC(211) Concurrent Mark From Roots 88.687ms
[2026-04-03T02:42:36.631+0600][50.450s][info][gc,marking     ] GC(211) Concurrent Preclean
[2026-04-03T02:42:36.632+0600][50.451s][info][gc,marking     ] GC(211) Concurrent Preclean 0.855ms
[2026-04-03T02:42:36.632+0600][50.451s][info][gc,start       ] GC(211) Pause Remark
[2026-04-03T02:42:36.642+0600][50.461s][info][gc             ] GC(211) Pause Remark 197M->197M(474M) 9.591ms
[2026-04-03T02:42:36.642+0600][50.461s][info][gc,cpu         ] GC(211) User=0.07s Sys=0.00s Real=0.01s
[2026-04-03T02:42:36.643+0600][50.462s][info][gc,marking     ] GC(211) Concurrent Mark 100.780ms
[2026-04-03T02:42:36.643+0600][50.462s][info][gc,marking     ] GC(211) Concurrent Rebuild Remembered Sets and Scrub Regions
[2026-04-03T02:42:36.680+0600][50.499s][info][gc,marking     ] GC(211) Concurrent Rebuild Remembered Sets and Scrub Regions 36.995ms
[2026-04-03T02:42:36.680+0600][50.499s][info][gc,start       ] GC(211) Pause Cleanup
[2026-04-03T02:42:36.681+0600][50.500s][info][gc             ] GC(211) Pause Cleanup 237M->237M(474M) 0.377ms
[2026-04-03T02:42:36.681+0600][50.500s][info][gc,cpu         ] GC(211) User=0.00s Sys=0.00s Real=0.00s
[2026-04-03T02:42:36.681+0600][50.500s][info][gc,marking     ] GC(211) Concurrent Clear Claimed Marks
[2026-04-03T02:42:36.681+0600][50.500s][info][gc,marking     ] GC(211) Concurrent Clear Claimed Marks 0.414ms
[2026-04-03T02:42:36.681+0600][50.500s][info][gc,marking     ] GC(211) Concurrent Cleanup for Next Mark
[2026-04-03T02:42:36.683+0600][50.502s][info][gc,marking     ] GC(211) Concurrent Cleanup for Next Mark 1.199ms
[2026-04-03T02:42:36.683+0600][50.502s][info][gc             ] GC(211) Concurrent Mark Cycle 142.974ms
[2026-04-03T02:42:36.917+0600][50.736s][info][gc,start       ] GC(212) Pause Young (Prepare Mixed) (G1 Evacuation Pause)
[2026-04-03T02:42:36.917+0600][50.736s][info][gc,task        ] GC(212) Using 10 workers of 10 for evacuation
[2026-04-03T02:42:36.924+0600][50.743s][info][gc,phases      ] GC(212)   Pre Evacuate Collection Set: 0.39ms
[2026-04-03T02:42:36.924+0600][50.743s][info][gc,phases      ] GC(212)   Merge Heap Roots: 0.25ms
[2026-04-03T02:42:36.924+0600][50.743s][info][gc,phases      ] GC(212)   Evacuate Collection Set: 4.82ms
[2026-04-03T02:42:36.924+0600][50.743s][info][gc,phases      ] GC(212)   Post Evacuate Collection Set: 1.00ms
[2026-04-03T02:42:36.924+0600][50.743s][info][gc,phases      ] GC(212)   Other: 0.14ms
[2026-04-03T02:42:36.924+0600][50.743s][info][gc,heap        ] GC(212) Eden regions: 230->0(282)
[2026-04-03T02:42:36.924+0600][50.743s][info][gc,heap        ] GC(212) Survivor regions: 7->9(36)
[2026-04-03T02:42:36.924+0600][50.743s][info][gc,heap        ] GC(212) Old regions: 85->85
[2026-04-03T02:42:36.924+0600][50.743s][info][gc,heap        ] GC(212) Humongous regions: 154->8
[2026-04-03T02:42:36.924+0600][50.743s][info][gc,metaspace   ] GC(212) Metaspace: 131099K(132544K)->131099K(132544K) NonClass: 114647K(115392K)->114647K(115392K) Class: 16451K(17152K)->16451K(17152K)
[2026-04-03T02:42:36.924+0600][50.743s][info][gc             ] GC(212) Pause Young (Prepare Mixed) (G1 Evacuation Pause) 473M->98M(485M) 6.925ms
[2026-04-03T02:42:36.924+0600][50.743s][info][gc,cpu         ] GC(212) User=0.03s Sys=0.02s Real=0.01s
[2026-04-03T02:42:37.225+0600][51.044s][info][gc,start       ] GC(213) Pause Young (Mixed) (G1 Evacuation Pause)
[2026-04-03T02:42:37.225+0600][51.044s][info][gc,task        ] GC(213) Using 10 workers of 10 for evacuation
[2026-04-03T02:42:37.230+0600][51.049s][info][gc,phases      ] GC(213)   Pre Evacuate Collection Set: 0.40ms
[2026-04-03T02:42:37.231+0600][51.050s][info][gc,phases      ] GC(213)   Merge Heap Roots: 0.26ms
[2026-04-03T02:42:37.231+0600][51.050s][info][gc,phases      ] GC(213)   Evacuate Collection Set: 4.05ms
[2026-04-03T02:42:37.231+0600][51.050s][info][gc,phases      ] GC(213)   Post Evacuate Collection Set: 0.80ms
[2026-04-03T02:42:37.231+0600][51.050s][info][gc,phases      ] GC(213)   Other: 0.12ms
[2026-04-03T02:42:37.231+0600][51.050s][info][gc,heap        ] GC(213) Eden regions: 257->0(318)
[2026-04-03T02:42:37.231+0600][51.050s][info][gc,heap        ] GC(213) Survivor regions: 9->9(37)
[2026-04-03T02:42:37.231+0600][51.050s][info][gc,heap        ] GC(213) Old regions: 85->85
[2026-04-03T02:42:37.231+0600][51.050s][info][gc,heap        ] GC(213) Humongous regions: 184->18
[2026-04-03T02:42:37.231+0600][51.050s][info][gc,metaspace   ] GC(213) Metaspace: 131100K(132544K)->131100K(132544K) NonClass: 114648K(115392K)->114648K(115392K) Class: 16451K(17152K)->16451K(17152K)
[2026-04-03T02:42:37.231+0600][51.050s][info][gc             ] GC(213) Pause Young (Mixed) (G1 Evacuation Pause) 531M->108M(546M) 5.987ms
[2026-04-03T02:42:37.231+0600][51.050s][info][gc,cpu         ] GC(213) User=0.02s Sys=0.01s Real=0.01s
[2026-04-03T02:42:37.231+0600][51.050s][info][gc,start       ] GC(214) Pause Young (Concurrent Start) (G1 Humongous Allocation)
[2026-04-03T02:42:37.231+0600][51.050s][info][gc,task        ] GC(214) Using 10 workers of 10 for evacuation
[2026-04-03T02:42:37.234+0600][51.053s][info][gc,phases      ] GC(214)   Pre Evacuate Collection Set: 0.32ms
[2026-04-03T02:42:37.234+0600][51.053s][info][gc,phases      ] GC(214)   Merge Heap Roots: 0.09ms
[2026-04-03T02:42:37.234+0600][51.053s][info][gc,phases      ] GC(214)   Evacuate Collection Set: 2.07ms
[2026-04-03T02:42:37.234+0600][51.053s][info][gc,phases      ] GC(214)   Post Evacuate Collection Set: 0.50ms
[2026-04-03T02:42:37.234+0600][51.053s][info][gc,phases      ] GC(214)   Other: 0.10ms
[2026-04-03T02:42:37.234+0600][51.053s][info][gc,heap        ] GC(214) Eden regions: 2->0(318)
[2026-04-03T02:42:37.234+0600][51.054s][info][gc,heap        ] GC(214) Survivor regions: 9->9(41)
[2026-04-03T02:42:37.235+0600][51.054s][info][gc,heap        ] GC(214) Old regions: 85->85
[2026-04-03T02:42:37.235+0600][51.054s][info][gc,heap        ] GC(214) Humongous regions: 18->8
[2026-04-03T02:42:37.235+0600][51.054s][info][gc,metaspace   ] GC(214) Metaspace: 131100K(132544K)->131100K(132544K) NonClass: 114648K(115392K)->114648K(115392K) Class: 16451K(17152K)->16451K(17152K)
[2026-04-03T02:42:37.235+0600][51.054s][info][gc             ] GC(214) Pause Young (Concurrent Start) (G1 Humongous Allocation) 109M->98M(546M) 3.353ms
[2026-04-03T02:42:37.235+0600][51.054s][info][gc             ] GC(215) Concurrent Mark Cycle
[2026-04-03T02:42:37.235+0600][51.054s][info][gc,cpu         ] GC(214) User=0.02s Sys=0.01s Real=0.00s
[2026-04-03T02:42:37.235+0600][51.054s][info][gc,marking     ] GC(215) Concurrent Scan Root Regions
[2026-04-03T02:42:37.237+0600][51.056s][info][gc,marking     ] GC(215) Concurrent Scan Root Regions 2.493ms
[2026-04-03T02:42:37.237+0600][51.056s][info][gc,marking     ] GC(215) Concurrent Mark
[2026-04-03T02:42:37.237+0600][51.056s][info][gc,marking     ] GC(215) Concurrent Mark From Roots
[2026-04-03T02:42:37.237+0600][51.056s][info][gc,task        ] GC(215) Using 3 workers of 3 for marking
[2026-04-03T02:42:37.327+0600][51.146s][info][gc,marking     ] GC(215) Concurrent Mark From Roots 89.099ms
[2026-04-03T02:42:37.327+0600][51.146s][info][gc,marking     ] GC(215) Concurrent Preclean
[2026-04-03T02:42:37.327+0600][51.146s][info][gc,marking     ] GC(215) Concurrent Preclean 0.255ms
[2026-04-03T02:42:37.327+0600][51.146s][info][gc,start       ] GC(215) Pause Remark
[2026-04-03T02:42:37.336+0600][51.155s][info][gc             ] GC(215) Pause Remark 408M->408M(602M) 8.945ms
[2026-04-03T02:42:37.336+0600][51.155s][info][gc,cpu         ] GC(215) User=0.06s Sys=0.01s Real=0.01s
[2026-04-03T02:42:37.337+0600][51.156s][info][gc,marking     ] GC(215) Concurrent Mark 99.225ms
[2026-04-03T02:42:37.337+0600][51.156s][info][gc,marking     ] GC(215) Concurrent Rebuild Remembered Sets and Scrub Regions
[2026-04-03T02:42:37.361+0600][51.180s][info][gc,marking     ] GC(215) Concurrent Rebuild Remembered Sets and Scrub Regions 24.734ms
[2026-04-03T02:42:37.362+0600][51.181s][info][gc,start       ] GC(215) Pause Cleanup
[2026-04-03T02:42:37.362+0600][51.181s][info][gc             ] GC(215) Pause Cleanup 414M->414M(602M) 0.313ms
[2026-04-03T02:42:37.362+0600][51.181s][info][gc,cpu         ] GC(215) User=0.00s Sys=0.00s Real=0.00s
[2026-04-03T02:42:37.363+0600][51.182s][info][gc,marking     ] GC(215) Concurrent Clear Claimed Marks
[2026-04-03T02:42:37.363+0600][51.182s][info][gc,marking     ] GC(215) Concurrent Clear Claimed Marks 0.407ms
[2026-04-03T02:42:37.363+0600][51.182s][info][gc,marking     ] GC(215) Concurrent Cleanup for Next Mark
[2026-04-03T02:42:37.365+0600][51.184s][info][gc,marking     ] GC(215) Concurrent Cleanup for Next Mark 1.740ms
[2026-04-03T02:42:37.365+0600][51.184s][info][gc             ] GC(215) Concurrent Mark Cycle 130.138ms
[2026-04-03T02:42:37.411+0600][51.230s][info][gc,start       ] GC(216) Pause Young (Prepare Mixed) (G1 Evacuation Pause)
[2026-04-03T02:42:37.411+0600][51.230s][info][gc,task        ] GC(216) Using 10 workers of 10 for evacuation
[2026-04-03T02:42:37.416+0600][51.235s][info][gc,phases      ] GC(216)   Pre Evacuate Collection Set: 0.34ms
[2026-04-03T02:42:37.416+0600][51.235s][info][gc,phases      ] GC(216)   Merge Heap Roots: 0.33ms
[2026-04-03T02:42:37.416+0600][51.235s][info][gc,phases      ] GC(216)   Evacuate Collection Set: 3.00ms
[2026-04-03T02:42:37.416+0600][51.235s][info][gc,phases      ] GC(216)   Post Evacuate Collection Set: 0.91ms
[2026-04-03T02:42:37.416+0600][51.235s][info][gc,phases      ] GC(216)   Other: 0.10ms
[2026-04-03T02:42:37.416+0600][51.235s][info][gc,heap        ] GC(216) Eden regions: 71->0(400)
[2026-04-03T02:42:37.416+0600][51.235s][info][gc,heap        ] GC(216) Survivor regions: 9->7(46)
[2026-04-03T02:42:37.416+0600][51.235s][info][gc,heap        ] GC(216) Old regions: 85->85
[2026-04-03T02:42:37.416+0600][51.235s][info][gc,heap        ] GC(216) Humongous regions: 507->23
[2026-04-03T02:42:37.416+0600][51.235s][info][gc,metaspace   ] GC(216) Metaspace: 131118K(132608K)->131118K(132608K) NonClass: 114666K(115456K)->114666K(115456K) Class: 16451K(17152K)->16451K(17152K)
[2026-04-03T02:42:37.416+0600][51.235s][info][gc             ] GC(216) Pause Young (Prepare Mixed) (G1 Evacuation Pause) 668M->111M(679M) 5.025ms
[2026-04-03T02:42:37.416+0600][51.235s][info][gc,cpu         ] GC(216) User=0.03s Sys=0.01s Real=0.00s
[2026-04-03T02:42:37.963+0600][51.782s][info][gc,start       ] GC(217) Pause Young (Mixed) (G1 Evacuation Pause)
[2026-04-03T02:42:37.963+0600][51.782s][info][gc,task        ] GC(217) Using 10 workers of 10 for evacuation
[2026-04-03T02:42:37.967+0600][51.786s][info][gc,phases      ] GC(217)   Pre Evacuate Collection Set: 0.26ms
[2026-04-03T02:42:37.967+0600][51.786s][info][gc,phases      ] GC(217)   Merge Heap Roots: 0.14ms
[2026-04-03T02:42:37.967+0600][51.786s][info][gc,phases      ] GC(217)   Evacuate Collection Set: 3.29ms
[2026-04-03T02:42:37.967+0600][51.786s][info][gc,phases      ] GC(217)   Post Evacuate Collection Set: 0.83ms
[2026-04-03T02:42:37.967+0600][51.786s][info][gc,phases      ] GC(217)   Other: 0.11ms
[2026-04-03T02:42:37.967+0600][51.786s][info][gc,heap        ] GC(217) Eden regions: 324->0(414)
[2026-04-03T02:42:37.967+0600][51.786s][info][gc,heap        ] GC(217) Survivor regions: 7->7(51)
[2026-04-03T02:42:37.967+0600][51.786s][info][gc,heap        ] GC(217) Old regions: 85->84
[2026-04-03T02:42:37.967+0600][51.786s][info][gc,heap        ] GC(217) Humongous regions: 278->8
[2026-04-03T02:42:37.967+0600][51.786s][info][gc,metaspace   ] GC(217) Metaspace: 131148K(132608K)->131148K(132608K) NonClass: 114696K(115456K)->114696K(115456K) Class: 16451K(17152K)->16451K(17152K)
[2026-04-03T02:42:37.967+0600][51.787s][info][gc             ] GC(217) Pause Young (Mixed) (G1 Evacuation Pause) 690M->95M(702M) 4.914ms
[2026-04-03T02:42:37.968+0600][51.787s][info][gc,cpu         ] GC(217) User=0.03s Sys=0.01s Real=0.00s
[2026-04-03T02:42:37.982+0600][51.801s][info][gc,start       ] GC(218) Pause Young (Concurrent Start) (GCLocker Initiated GC)
[2026-04-03T02:42:37.982+0600][51.801s][info][gc,task        ] GC(218) Using 10 workers of 10 for evacuation
[2026-04-03T02:42:37.987+0600][51.806s][info][gc,phases      ] GC(218)   Pre Evacuate Collection Set: 0.58ms
[2026-04-03T02:42:37.987+0600][51.806s][info][gc,phases      ] GC(218)   Merge Heap Roots: 0.19ms
[2026-04-03T02:42:37.987+0600][51.806s][info][gc,phases      ] GC(218)   Evacuate Collection Set: 2.88ms
[2026-04-03T02:42:37.987+0600][51.806s][info][gc,phases      ] GC(218)   Post Evacuate Collection Set: 0.71ms
[2026-04-03T02:42:37.987+0600][51.806s][info][gc,phases      ] GC(218)   Other: 0.28ms
[2026-04-03T02:42:37.987+0600][51.806s][info][gc,heap        ] GC(218) Eden regions: 23->0(413)
[2026-04-03T02:42:37.987+0600][51.806s][info][gc,heap        ] GC(218) Survivor regions: 7->8(53)
[2026-04-03T02:42:37.987+0600][51.806s][info][gc,heap        ] GC(218) Old regions: 84->84
[2026-04-03T02:42:37.987+0600][51.806s][info][gc,heap        ] GC(218) Humongous regions: 8->8
[2026-04-03T02:42:37.987+0600][51.806s][info][gc,metaspace   ] GC(218) Metaspace: 131148K(132608K)->131148K(132608K) NonClass: 114696K(115456K)->114696K(115456K) Class: 16451K(17152K)->16451K(17152K)
[2026-04-03T02:42:37.987+0600][51.806s][info][gc             ] GC(218) Pause Young (Concurrent Start) (GCLocker Initiated GC) 118M->97M(702M) 5.014ms
[2026-04-03T02:42:37.987+0600][51.806s][info][gc,cpu         ] GC(218) User=0.03s Sys=0.00s Real=0.00s
[2026-04-03T02:42:37.987+0600][51.806s][info][gc             ] GC(219) Concurrent Mark Cycle
[2026-04-03T02:42:37.988+0600][51.807s][info][gc,marking     ] GC(219) Concurrent Scan Root Regions
[2026-04-03T02:42:37.991+0600][51.810s][info][gc,marking     ] GC(219) Concurrent Scan Root Regions 3.231ms
[2026-04-03T02:42:37.991+0600][51.810s][info][gc,marking     ] GC(219) Concurrent Mark
[2026-04-03T02:42:37.991+0600][51.810s][info][gc,marking     ] GC(219) Concurrent Mark From Roots
[2026-04-03T02:42:37.991+0600][51.810s][info][gc,task        ] GC(219) Using 3 workers of 3 for marking
[2026-04-03T02:42:38.073+0600][51.892s][info][gc,marking     ] GC(219) Concurrent Mark From Roots 82.530ms
[2026-04-03T02:42:38.073+0600][51.892s][info][gc,marking     ] GC(219) Concurrent Preclean
[2026-04-03T02:42:38.074+0600][51.893s][info][gc,marking     ] GC(219) Concurrent Preclean 0.616ms
[2026-04-03T02:42:38.074+0600][51.893s][info][gc,start       ] GC(219) Pause Remark
[2026-04-03T02:42:38.084+0600][51.903s][info][gc             ] GC(219) Pause Remark 196M->196M(487M) 9.526ms
[2026-04-03T02:42:38.084+0600][51.903s][info][gc,cpu         ] GC(219) User=0.07s Sys=0.01s Real=0.01s
[2026-04-03T02:42:38.084+0600][51.903s][info][gc,marking     ] GC(219) Concurrent Mark 93.404ms
[2026-04-03T02:42:38.084+0600][51.903s][info][gc,marking     ] GC(219) Concurrent Rebuild Remembered Sets and Scrub Regions
[2026-04-03T02:42:38.115+0600][51.934s][info][gc,marking     ] GC(219) Concurrent Rebuild Remembered Sets and Scrub Regions 30.583ms
[2026-04-03T02:42:38.115+0600][51.934s][info][gc,start       ] GC(219) Pause Cleanup
[2026-04-03T02:42:38.116+0600][51.935s][info][gc             ] GC(219) Pause Cleanup 225M->225M(487M) 0.308ms
[2026-04-03T02:42:38.116+0600][51.935s][info][gc,cpu         ] GC(219) User=0.00s Sys=0.00s Real=0.00s
[2026-04-03T02:42:38.116+0600][51.935s][info][gc,marking     ] GC(219) Concurrent Clear Claimed Marks
[2026-04-03T02:42:38.116+0600][51.935s][info][gc,marking     ] GC(219) Concurrent Clear Claimed Marks 0.405ms
[2026-04-03T02:42:38.116+0600][51.935s][info][gc,marking     ] GC(219) Concurrent Cleanup for Next Mark
[2026-04-03T02:42:38.117+0600][51.936s][info][gc,marking     ] GC(219) Concurrent Cleanup for Next Mark 0.951ms
[2026-04-03T02:42:38.117+0600][51.936s][info][gc             ] GC(219) Concurrent Mark Cycle 129.945ms
[2026-04-03T02:42:38.314+0600][52.133s][info][gc,start       ] GC(220) Pause Young (Prepare Mixed) (G1 Evacuation Pause)
[2026-04-03T02:42:38.314+0600][52.133s][info][gc,task        ] GC(220) Using 10 workers of 10 for evacuation
[2026-04-03T02:42:38.320+0600][52.139s][info][gc,phases      ] GC(220)   Pre Evacuate Collection Set: 0.41ms
[2026-04-03T02:42:38.320+0600][52.139s][info][gc,phases      ] GC(220)   Merge Heap Roots: 0.29ms
[2026-04-03T02:42:38.320+0600][52.139s][info][gc,phases      ] GC(220)   Evacuate Collection Set: 4.02ms
[2026-04-03T02:42:38.320+0600][52.139s][info][gc,phases      ] GC(220)   Post Evacuate Collection Set: 0.70ms
[2026-04-03T02:42:38.320+0600][52.139s][info][gc,phases      ] GC(220)   Other: 0.13ms
[2026-04-03T02:42:38.320+0600][52.139s][info][gc,heap        ] GC(220) Eden regions: 219->0(296)
[2026-04-03T02:42:38.320+0600][52.139s][info][gc,heap        ] GC(220) Survivor regions: 8->7(37)
[2026-04-03T02:42:38.320+0600][52.139s][info][gc,heap        ] GC(220) Old regions: 84->85
[2026-04-03T02:42:38.320+0600][52.139s][info][gc,heap        ] GC(220) Humongous regions: 186->8
[2026-04-03T02:42:38.320+0600][52.139s][info][gc,metaspace   ] GC(220) Metaspace: 131148K(132608K)->131148K(132608K) NonClass: 114696K(115456K)->114696K(115456K) Class: 16451K(17152K)->16451K(17152K)
[2026-04-03T02:42:38.320+0600][52.139s][info][gc             ] GC(220) Pause Young (Prepare Mixed) (G1 Evacuation Pause) 494M->96M(505M) 5.908ms
[2026-04-03T02:42:38.320+0600][52.139s][info][gc,cpu         ] GC(220) User=0.04s Sys=0.00s Real=0.01s
[2026-04-03T02:42:38.615+0600][52.434s][info][gc,start       ] GC(221) Pause Young (Mixed) (G1 Evacuation Pause)
[2026-04-03T02:42:38.615+0600][52.434s][info][gc,task        ] GC(221) Using 10 workers of 10 for evacuation
[2026-04-03T02:42:38.621+0600][52.440s][info][gc,phases      ] GC(221)   Pre Evacuate Collection Set: 0.25ms
[2026-04-03T02:42:38.621+0600][52.440s][info][gc,phases      ] GC(221)   Merge Heap Roots: 0.21ms
[2026-04-03T02:42:38.621+0600][52.440s][info][gc,phases      ] GC(221)   Evacuate Collection Set: 4.14ms
[2026-04-03T02:42:38.621+0600][52.440s][info][gc,phases      ] GC(221)   Post Evacuate Collection Set: 0.96ms
[2026-04-03T02:42:38.621+0600][52.440s][info][gc,phases      ] GC(221)   Other: 0.10ms
[2026-04-03T02:42:38.621+0600][52.440s][info][gc,heap        ] GC(221) Eden regions: 233->0(304)
[2026-04-03T02:42:38.621+0600][52.440s][info][gc,heap        ] GC(221) Survivor regions: 7->8(38)
[2026-04-03T02:42:38.621+0600][52.440s][info][gc,heap        ] GC(221) Old regions: 85->84
[2026-04-03T02:42:38.621+0600][52.440s][info][gc,heap        ] GC(221) Humongous regions: 187->8
[2026-04-03T02:42:38.621+0600][52.440s][info][gc,metaspace   ] GC(221) Metaspace: 131181K(132672K)->131181K(132672K) NonClass: 114729K(115520K)->114729K(115520K) Class: 16451K(17152K)->16451K(17152K)
[2026-04-03T02:42:38.621+0600][52.440s][info][gc             ] GC(221) Pause Young (Mixed) (G1 Evacuation Pause) 508M->97M(521M) 5.933ms
[2026-04-03T02:42:38.621+0600][52.440s][info][gc,cpu         ] GC(221) User=0.04s Sys=0.00s Real=0.01s
[2026-04-03T02:42:38.634+0600][52.453s][info][gc,start       ] GC(222) Pause Young (Concurrent Start) (G1 Humongous Allocation)
[2026-04-03T02:42:38.634+0600][52.453s][info][gc,task        ] GC(222) Using 10 workers of 10 for evacuation
[2026-04-03T02:42:38.638+0600][52.457s][info][gc,phases      ] GC(222)   Pre Evacuate Collection Set: 0.49ms
[2026-04-03T02:42:38.638+0600][52.457s][info][gc,phases      ] GC(222)   Merge Heap Roots: 0.19ms
[2026-04-03T02:42:38.638+0600][52.457s][info][gc,phases      ] GC(222)   Evacuate Collection Set: 2.99ms
[2026-04-03T02:42:38.638+0600][52.457s][info][gc,phases      ] GC(222)   Post Evacuate Collection Set: 0.71ms
[2026-04-03T02:42:38.638+0600][52.457s][info][gc,phases      ] GC(222)   Other: 0.18ms
[2026-04-03T02:42:38.638+0600][52.457s][info][gc,heap        ] GC(222) Eden regions: 11->0(305)
[2026-04-03T02:42:38.638+0600][52.457s][info][gc,heap        ] GC(222) Survivor regions: 8->7(39)
[2026-04-03T02:42:38.638+0600][52.457s][info][gc,heap        ] GC(222) Old regions: 84->84
[2026-04-03T02:42:38.638+0600][52.457s][info][gc,heap        ] GC(222) Humongous regions: 8->8
[2026-04-03T02:42:38.638+0600][52.457s][info][gc,metaspace   ] GC(222) Metaspace: 131181K(132672K)->131181K(132672K) NonClass: 114729K(115520K)->114729K(115520K) Class: 16451K(17152K)->16451K(17152K)
[2026-04-03T02:42:38.638+0600][52.457s][info][gc             ] GC(222) Pause Young (Concurrent Start) (G1 Humongous Allocation) 107M->96M(521M) 4.885ms
[2026-04-03T02:42:38.639+0600][52.458s][info][gc             ] GC(223) Concurrent Mark Cycle
[2026-04-03T02:42:38.639+0600][52.458s][info][gc,cpu         ] GC(222) User=0.03s Sys=0.00s Real=0.00s
[2026-04-03T02:42:38.639+0600][52.458s][info][gc,marking     ] GC(223) Concurrent Scan Root Regions
[2026-04-03T02:42:38.641+0600][52.460s][info][gc,marking     ] GC(223) Concurrent Scan Root Regions 2.739ms
[2026-04-03T02:42:38.641+0600][52.460s][info][gc,marking     ] GC(223) Concurrent Mark
[2026-04-03T02:42:38.641+0600][52.460s][info][gc,marking     ] GC(223) Concurrent Mark From Roots
[2026-04-03T02:42:38.641+0600][52.460s][info][gc,task        ] GC(223) Using 3 workers of 3 for marking
[2026-04-03T02:42:38.708+0600][52.527s][info][gc,marking     ] GC(223) Concurrent Mark From Roots 66.856ms
[2026-04-03T02:42:38.708+0600][52.527s][info][gc,marking     ] GC(223) Concurrent Preclean
[2026-04-03T02:42:38.709+0600][52.528s][info][gc,marking     ] GC(223) Concurrent Preclean 0.280ms
[2026-04-03T02:42:38.709+0600][52.528s][info][gc,start       ] GC(223) Pause Remark
[2026-04-03T02:42:38.720+0600][52.539s][info][gc             ] GC(223) Pause Remark 144M->144M(417M) 10.414ms
[2026-04-03T02:42:38.720+0600][52.539s][info][gc,cpu         ] GC(223) User=0.07s Sys=0.00s Real=0.02s
[2026-04-03T02:42:38.720+0600][52.539s][info][gc,marking     ] GC(223) Concurrent Mark 78.618ms
[2026-04-03T02:42:38.720+0600][52.539s][info][gc,marking     ] GC(223) Concurrent Rebuild Remembered Sets and Scrub Regions
[2026-04-03T02:42:38.751+0600][52.570s][info][gc,marking     ] GC(223) Concurrent Rebuild Remembered Sets and Scrub Regions 31.271ms
[2026-04-03T02:42:38.752+0600][52.571s][info][gc,start       ] GC(223) Pause Cleanup
[2026-04-03T02:42:38.752+0600][52.571s][info][gc             ] GC(223) Pause Cleanup 168M->168M(417M) 0.327ms
[2026-04-03T02:42:38.752+0600][52.571s][info][gc,cpu         ] GC(223) User=0.00s Sys=0.00s Real=0.00s
[2026-04-03T02:42:38.752+0600][52.571s][info][gc,marking     ] GC(223) Concurrent Clear Claimed Marks
[2026-04-03T02:42:38.753+0600][52.572s][info][gc,marking     ] GC(223) Concurrent Clear Claimed Marks 0.415ms
[2026-04-03T02:42:38.753+0600][52.572s][info][gc,marking     ] GC(223) Concurrent Cleanup for Next Mark
[2026-04-03T02:42:38.753+0600][52.572s][info][gc,marking     ] GC(223) Concurrent Cleanup for Next Mark 0.520ms
[2026-04-03T02:42:38.753+0600][52.572s][info][gc             ] GC(223) Concurrent Mark Cycle 114.888ms
[2026-04-03T02:42:39.117+0600][52.936s][info][gc,start       ] GC(224) Pause Young (Prepare Mixed) (G1 Evacuation Pause)
[2026-04-03T02:42:39.118+0600][52.937s][info][gc,task        ] GC(224) Using 10 workers of 10 for evacuation
[2026-04-03T02:42:39.123+0600][52.942s][info][gc,phases      ] GC(224)   Pre Evacuate Collection Set: 0.43ms
[2026-04-03T02:42:39.123+0600][52.942s][info][gc,phases      ] GC(224)   Merge Heap Roots: 0.25ms
[2026-04-03T02:42:39.123+0600][52.942s][info][gc,phases      ] GC(224)   Evacuate Collection Set: 3.62ms
[2026-04-03T02:42:39.123+0600][52.942s][info][gc,phases      ] GC(224)   Post Evacuate Collection Set: 0.88ms
[2026-04-03T02:42:39.123+0600][52.942s][info][gc,phases      ] GC(224)   Other: 0.12ms
[2026-04-03T02:42:39.123+0600][52.942s][info][gc,heap        ] GC(224) Eden regions: 229->0(251)
[2026-04-03T02:42:39.123+0600][52.942s][info][gc,heap        ] GC(224) Survivor regions: 7->7(32)
[2026-04-03T02:42:39.123+0600][52.942s][info][gc,heap        ] GC(224) Old regions: 84->85
[2026-04-03T02:42:39.123+0600][52.942s][info][gc,heap        ] GC(224) Humongous regions: 102->8
[2026-04-03T02:42:39.123+0600][52.942s][info][gc,metaspace   ] GC(224) Metaspace: 131206K(132672K)->131206K(132672K) NonClass: 114751K(115520K)->114751K(115520K) Class: 16454K(17152K)->16454K(17152K)
[2026-04-03T02:42:39.123+0600][52.942s][info][gc             ] GC(224) Pause Young (Prepare Mixed) (G1 Evacuation Pause) 419M->96M(430M) 5.636ms
[2026-04-03T02:42:39.123+0600][52.942s][info][gc,cpu         ] GC(224) User=0.03s Sys=0.01s Real=0.01s
[2026-04-03T02:42:39.361+0600][53.180s][info][gc,start       ] GC(225) Pause Young (Mixed) (G1 Evacuation Pause)
[2026-04-03T02:42:39.361+0600][53.180s][info][gc,task        ] GC(225) Using 10 workers of 10 for evacuation
[2026-04-03T02:42:39.367+0600][53.186s][info][gc,phases      ] GC(225)   Pre Evacuate Collection Set: 0.44ms
[2026-04-03T02:42:39.367+0600][53.186s][info][gc,phases      ] GC(225)   Merge Heap Roots: 0.22ms
[2026-04-03T02:42:39.367+0600][53.186s][info][gc,phases      ] GC(225)   Evacuate Collection Set: 4.19ms
[2026-04-03T02:42:39.367+0600][53.186s][info][gc,phases      ] GC(225)   Post Evacuate Collection Set: 0.61ms
[2026-04-03T02:42:39.367+0600][53.186s][info][gc,phases      ] GC(225)   Other: 0.12ms
[2026-04-03T02:42:39.367+0600][53.186s][info][gc,heap        ] GC(225) Eden regions: 183->0(255)
[2026-04-03T02:42:39.367+0600][53.186s][info][gc,heap        ] GC(225) Survivor regions: 7->7(33)
[2026-04-03T02:42:39.367+0600][53.186s][info][gc,heap        ] GC(225) Old regions: 85->84
[2026-04-03T02:42:39.367+0600][53.186s][info][gc,heap        ] GC(225) Humongous regions: 155->8
[2026-04-03T02:42:39.367+0600][53.186s][info][gc,metaspace   ] GC(225) Metaspace: 131209K(132672K)->131209K(132672K) NonClass: 114755K(115520K)->114755K(115520K) Class: 16454K(17152K)->16454K(17152K)
[2026-04-03T02:42:39.367+0600][53.186s][info][gc             ] GC(225) Pause Young (Mixed) (G1 Evacuation Pause) 426M->97M(437M) 5.886ms
[2026-04-03T02:42:39.367+0600][53.186s][info][gc,cpu         ] GC(225) User=0.02s Sys=0.01s Real=0.00s
[2026-04-03T02:42:39.377+0600][53.196s][info][gc,start       ] GC(226) Pause Young (Concurrent Start) (GCLocker Initiated GC)
[2026-04-03T02:42:39.377+0600][53.196s][info][gc,task        ] GC(226) Using 10 workers of 10 for evacuation
[2026-04-03T02:42:39.381+0600][53.200s][info][gc,phases      ] GC(226)   Pre Evacuate Collection Set: 0.53ms
[2026-04-03T02:42:39.381+0600][53.200s][info][gc,phases      ] GC(226)   Merge Heap Roots: 0.14ms
[2026-04-03T02:42:39.381+0600][53.200s][info][gc,phases      ] GC(226)   Evacuate Collection Set: 2.64ms
[2026-04-03T02:42:39.381+0600][53.200s][info][gc,phases      ] GC(226)   Post Evacuate Collection Set: 0.62ms
[2026-04-03T02:42:39.381+0600][53.200s][info][gc,phases      ] GC(226)   Other: 0.22ms
[2026-04-03T02:42:39.381+0600][53.200s][info][gc,heap        ] GC(226) Eden regions: 15->0(255)
[2026-04-03T02:42:39.381+0600][53.200s][info][gc,heap        ] GC(226) Survivor regions: 7->7(33)
[2026-04-03T02:42:39.381+0600][53.200s][info][gc,heap        ] GC(226) Old regions: 84->84
[2026-04-03T02:42:39.381+0600][53.200s][info][gc,heap        ] GC(226) Humongous regions: 8->8
[2026-04-03T02:42:39.381+0600][53.200s][info][gc,metaspace   ] GC(226) Metaspace: 131209K(132672K)->131209K(132672K) NonClass: 114755K(115520K)->114755K(115520K) Class: 16454K(17152K)->16454K(17152K)
[2026-04-03T02:42:39.381+0600][53.200s][info][gc             ] GC(226) Pause Young (Concurrent Start) (GCLocker Initiated GC) 111M->97M(437M) 4.459ms
[2026-04-03T02:42:39.381+0600][53.200s][info][gc             ] GC(227) Concurrent Mark Cycle
[2026-04-03T02:42:39.381+0600][53.200s][info][gc,marking     ] GC(227) Concurrent Scan Root Regions
[2026-04-03T02:42:39.381+0600][53.200s][info][gc,cpu         ] GC(226) User=0.03s Sys=0.00s Real=0.01s
[2026-04-03T02:42:39.384+0600][53.203s][info][gc,marking     ] GC(227) Concurrent Scan Root Regions 2.788ms
[2026-04-03T02:42:39.384+0600][53.203s][info][gc,marking     ] GC(227) Concurrent Mark
[2026-04-03T02:42:39.384+0600][53.203s][info][gc,marking     ] GC(227) Concurrent Mark From Roots
[2026-04-03T02:42:39.384+0600][53.203s][info][gc,task        ] GC(227) Using 3 workers of 3 for marking
[2026-04-03T02:42:39.470+0600][53.289s][info][gc,marking     ] GC(227) Concurrent Mark From Roots 86.027ms
[2026-04-03T02:42:39.470+0600][53.289s][info][gc,marking     ] GC(227) Concurrent Preclean
[2026-04-03T02:42:39.471+0600][53.290s][info][gc,marking     ] GC(227) Concurrent Preclean 0.339ms
[2026-04-03T02:42:39.471+0600][53.290s][info][gc,start       ] GC(227) Pause Remark
[2026-04-03T02:42:39.480+0600][53.299s][info][gc             ] GC(227) Pause Remark 188M->188M(437M) 8.779ms
[2026-04-03T02:42:39.480+0600][53.299s][info][gc,cpu         ] GC(227) User=0.08s Sys=0.01s Real=0.01s
[2026-04-03T02:42:39.480+0600][53.299s][info][gc,marking     ] GC(227) Concurrent Mark 96.220ms
[2026-04-03T02:42:39.480+0600][53.299s][info][gc,marking     ] GC(227) Concurrent Rebuild Remembered Sets and Scrub Regions
[2026-04-03T02:42:39.516+0600][53.335s][info][gc,marking     ] GC(227) Concurrent Rebuild Remembered Sets and Scrub Regions 35.907ms
[2026-04-03T02:42:39.517+0600][53.336s][info][gc,start       ] GC(227) Pause Cleanup
[2026-04-03T02:42:39.517+0600][53.336s][info][gc             ] GC(227) Pause Cleanup 225M->225M(437M) 0.384ms
[2026-04-03T02:42:39.517+0600][53.336s][info][gc,cpu         ] GC(227) User=0.00s Sys=0.00s Real=0.00s
[2026-04-03T02:42:39.517+0600][53.336s][info][gc,marking     ] GC(227) Concurrent Clear Claimed Marks
[2026-04-03T02:42:39.518+0600][53.337s][info][gc,marking     ] GC(227) Concurrent Clear Claimed Marks 0.395ms
[2026-04-03T02:42:39.518+0600][53.337s][info][gc,marking     ] GC(227) Concurrent Cleanup for Next Mark
[2026-04-03T02:42:39.518+0600][53.337s][info][gc,marking     ] GC(227) Concurrent Cleanup for Next Mark 0.793ms
[2026-04-03T02:42:39.519+0600][53.338s][info][gc             ] GC(227) Concurrent Mark Cycle 137.487ms
[2026-04-03T02:42:39.673+0600][53.492s][info][gc,start       ] GC(228) Pause Young (Prepare Mixed) (GCLocker Initiated GC)
[2026-04-03T02:42:39.673+0600][53.492s][info][gc,task        ] GC(228) Using 10 workers of 10 for evacuation
[2026-04-03T02:42:39.679+0600][53.498s][info][gc,phases      ] GC(228)   Pre Evacuate Collection Set: 0.32ms
[2026-04-03T02:42:39.679+0600][53.498s][info][gc,phases      ] GC(228)   Merge Heap Roots: 0.24ms
[2026-04-03T02:42:39.679+0600][53.498s][info][gc,phases      ] GC(228)   Evacuate Collection Set: 4.81ms
[2026-04-03T02:42:39.679+0600][53.498s][info][gc,phases      ] GC(228)   Post Evacuate Collection Set: 0.71ms
[2026-04-03T02:42:39.679+0600][53.498s][info][gc,phases      ] GC(228)   Other: 0.12ms
[2026-04-03T02:42:39.679+0600][53.498s][info][gc,heap        ] GC(228) Eden regions: 191->0(261)
[2026-04-03T02:42:39.679+0600][53.498s][info][gc,heap        ] GC(228) Survivor regions: 7->8(33)
[2026-04-03T02:42:39.679+0600][53.498s][info][gc,heap        ] GC(228) Old regions: 84->84
[2026-04-03T02:42:39.679+0600][53.498s][info][gc,heap        ] GC(228) Humongous regions: 159->8
[2026-04-03T02:42:39.679+0600][53.498s][info][gc,metaspace   ] GC(228) Metaspace: 131209K(132672K)->131209K(132672K) NonClass: 114755K(115520K)->114755K(115520K) Class: 16454K(17152K)->16454K(17152K)
[2026-04-03T02:42:39.679+0600][53.498s][info][gc             ] GC(228) Pause Young (Prepare Mixed) (GCLocker Initiated GC) 439M->97M(449M) 6.618ms
[2026-04-03T02:42:39.679+0600][53.498s][info][gc,cpu         ] GC(228) User=0.04s Sys=0.01s Real=0.00s
[2026-04-03T02:42:39.982+0600][53.801s][info][gc,start       ] GC(229) Pause Young (Mixed) (G1 Evacuation Pause)
[2026-04-03T02:42:39.982+0600][53.801s][info][gc,task        ] GC(229) Using 10 workers of 10 for evacuation
[2026-04-03T02:42:39.990+0600][53.809s][info][gc,phases      ] GC(229)   Pre Evacuate Collection Set: 0.47ms
[2026-04-03T02:42:39.990+0600][53.809s][info][gc,phases      ] GC(229)   Merge Heap Roots: 0.29ms
[2026-04-03T02:42:39.990+0600][53.809s][info][gc,phases      ] GC(229)   Evacuate Collection Set: 6.38ms
[2026-04-03T02:42:39.990+0600][53.809s][info][gc,phases      ] GC(229)   Post Evacuate Collection Set: 0.97ms
[2026-04-03T02:42:39.990+0600][53.809s][info][gc,phases      ] GC(229)   Other: 0.15ms
[2026-04-03T02:42:39.990+0600][53.809s][info][gc,heap        ] GC(229) Eden regions: 207->0(266)
[2026-04-03T02:42:39.990+0600][53.809s][info][gc,heap        ] GC(229) Survivor regions: 8->9(34)
[2026-04-03T02:42:39.990+0600][53.810s][info][gc,heap        ] GC(229) Old regions: 84->84
[2026-04-03T02:42:39.990+0600][53.810s][info][gc,heap        ] GC(229) Humongous regions: 150->8
[2026-04-03T02:42:39.991+0600][53.810s][info][gc,metaspace   ] GC(229) Metaspace: 131213K(132672K)->131213K(132672K) NonClass: 114757K(115520K)->114757K(115520K) Class: 16455K(17152K)->16455K(17152K)
[2026-04-03T02:42:39.991+0600][53.810s][info][gc             ] GC(229) Pause Young (Mixed) (G1 Evacuation Pause) 446M->99M(459M) 8.642ms
[2026-04-03T02:42:39.991+0600][53.810s][info][gc,cpu         ] GC(229) User=0.06s Sys=0.02s Real=0.01s
[2026-04-03T02:42:40.021+0600][53.840s][info][gc,start       ] GC(230) Pause Young (Concurrent Start) (G1 Humongous Allocation)
[2026-04-03T02:42:40.021+0600][53.840s][info][gc,task        ] GC(230) Using 10 workers of 10 for evacuation
[2026-04-03T02:42:40.026+0600][53.845s][info][gc,phases      ] GC(230)   Pre Evacuate Collection Set: 0.56ms
[2026-04-03T02:42:40.026+0600][53.845s][info][gc,phases      ] GC(230)   Merge Heap Roots: 0.19ms
[2026-04-03T02:42:40.026+0600][53.845s][info][gc,phases      ] GC(230)   Evacuate Collection Set: 3.31ms
[2026-04-03T02:42:40.026+0600][53.845s][info][gc,phases      ] GC(230)   Post Evacuate Collection Set: 0.68ms
[2026-04-03T02:42:40.026+0600][53.845s][info][gc,phases      ] GC(230)   Other: 0.18ms
[2026-04-03T02:42:40.026+0600][53.845s][info][gc,heap        ] GC(230) Eden regions: 27->0(267)
[2026-04-03T02:42:40.026+0600][53.845s][info][gc,heap        ] GC(230) Survivor regions: 9->8(35)
[2026-04-03T02:42:40.026+0600][53.845s][info][gc,heap        ] GC(230) Old regions: 84->84
[2026-04-03T02:42:40.026+0600][53.845s][info][gc,heap        ] GC(230) Humongous regions: 8->8
[2026-04-03T02:42:40.026+0600][53.845s][info][gc,metaspace   ] GC(230) Metaspace: 131213K(132672K)->131213K(132672K) NonClass: 114757K(115520K)->114757K(115520K) Class: 16455K(17152K)->16455K(17152K)
[2026-04-03T02:42:40.026+0600][53.845s][info][gc             ] GC(230) Pause Young (Concurrent Start) (G1 Humongous Allocation) 126M->98M(459M) 5.257ms
[2026-04-03T02:42:40.026+0600][53.845s][info][gc,cpu         ] GC(230) User=0.03s Sys=0.00s Real=0.00s
[2026-04-03T02:42:40.026+0600][53.845s][info][gc             ] GC(231) Concurrent Mark Cycle
[2026-04-03T02:42:40.026+0600][53.845s][info][gc,marking     ] GC(231) Concurrent Scan Root Regions
[2026-04-03T02:42:40.031+0600][53.850s][info][gc,marking     ] GC(231) Concurrent Scan Root Regions 4.289ms
[2026-04-03T02:42:40.031+0600][53.850s][info][gc,marking     ] GC(231) Concurrent Mark
[2026-04-03T02:42:40.031+0600][53.850s][info][gc,marking     ] GC(231) Concurrent Mark From Roots
[2026-04-03T02:42:40.031+0600][53.850s][info][gc,task        ] GC(231) Using 3 workers of 3 for marking
[2026-04-03T02:42:40.116+0600][53.935s][info][gc,marking     ] GC(231) Concurrent Mark From Roots 85.284ms
[2026-04-03T02:42:40.116+0600][53.935s][info][gc,marking     ] GC(231) Concurrent Preclean
[2026-04-03T02:42:40.116+0600][53.935s][info][gc,marking     ] GC(231) Concurrent Preclean 0.335ms
[2026-04-03T02:42:40.117+0600][53.936s][info][gc,start       ] GC(231) Pause Remark
[2026-04-03T02:42:40.127+0600][53.946s][info][gc             ] GC(231) Pause Remark 167M->167M(404M) 10.019ms
[2026-04-03T02:42:40.127+0600][53.946s][info][gc,cpu         ] GC(231) User=0.08s Sys=0.00s Real=0.01s
[2026-04-03T02:42:40.127+0600][53.946s][info][gc,marking     ] GC(231) Concurrent Mark 96.672ms
[2026-04-03T02:42:40.127+0600][53.946s][info][gc,marking     ] GC(231) Concurrent Rebuild Remembered Sets and Scrub Regions
[2026-04-03T02:42:40.185+0600][54.004s][info][gc,marking     ] GC(231) Concurrent Rebuild Remembered Sets and Scrub Regions 57.617ms
[2026-04-03T02:42:40.185+0600][54.004s][info][gc,start       ] GC(231) Pause Cleanup
[2026-04-03T02:42:40.186+0600][54.005s][info][gc             ] GC(231) Pause Cleanup 231M->231M(404M) 0.330ms
[2026-04-03T02:42:40.186+0600][54.005s][info][gc,cpu         ] GC(231) User=0.01s Sys=0.00s Real=0.00s
[2026-04-03T02:42:40.186+0600][54.005s][info][gc,marking     ] GC(231) Concurrent Clear Claimed Marks
[2026-04-03T02:42:40.187+0600][54.006s][info][gc,marking     ] GC(231) Concurrent Clear Claimed Marks 0.447ms
[2026-04-03T02:42:40.187+0600][54.006s][info][gc,marking     ] GC(231) Concurrent Cleanup for Next Mark
[2026-04-03T02:42:40.188+0600][54.007s][info][gc,marking     ] GC(231) Concurrent Cleanup for Next Mark 1.233ms
[2026-04-03T02:42:40.188+0600][54.007s][info][gc             ] GC(231) Concurrent Mark Cycle 161.918ms
[2026-04-03T02:42:40.337+0600][54.156s][info][gc,start       ] GC(232) Pause Young (Prepare Mixed) (G1 Evacuation Pause)
[2026-04-03T02:42:40.337+0600][54.156s][info][gc,task        ] GC(232) Using 9 workers of 10 for evacuation
[2026-04-03T02:42:40.341+0600][54.160s][info][gc,phases      ] GC(232)   Pre Evacuate Collection Set: 0.45ms
[2026-04-03T02:42:40.341+0600][54.160s][info][gc,phases      ] GC(232)   Merge Heap Roots: 0.17ms
[2026-04-03T02:42:40.341+0600][54.160s][info][gc,phases      ] GC(232)   Evacuate Collection Set: 2.48ms
[2026-04-03T02:42:40.341+0600][54.160s][info][gc,phases      ] GC(232)   Post Evacuate Collection Set: 0.50ms
[2026-04-03T02:42:40.341+0600][54.160s][info][gc,phases      ] GC(232)   Other: 0.10ms
[2026-04-03T02:42:40.341+0600][54.160s][info][gc,heap        ] GC(232) Eden regions: 232->0(240)
[2026-04-03T02:42:40.341+0600][54.160s][info][gc,heap        ] GC(232) Survivor regions: 8->6(31)
[2026-04-03T02:42:40.341+0600][54.160s][info][gc,heap        ] GC(232) Old regions: 84->85
[2026-04-03T02:42:40.341+0600][54.160s][info][gc,heap        ] GC(232) Humongous regions: 80->8
[2026-04-03T02:42:40.341+0600][54.160s][info][gc,metaspace   ] GC(232) Metaspace: 131213K(132672K)->131213K(132672K) NonClass: 114757K(115520K)->114757K(115520K) Class: 16455K(17152K)->16455K(17152K)
[2026-04-03T02:42:40.341+0600][54.160s][info][gc             ] GC(232) Pause Young (Prepare Mixed) (G1 Evacuation Pause) 402M->96M(411M) 3.927ms
[2026-04-03T02:42:40.341+0600][54.160s][info][gc,cpu         ] GC(232) User=0.02s Sys=0.01s Real=0.01s
[2026-04-03T02:42:40.455+0600][54.274s][info][gc,start       ] GC(233) Pause Young (Mixed) (G1 Evacuation Pause)
[2026-04-03T02:42:40.455+0600][54.274s][info][gc,task        ] GC(233) Using 10 workers of 10 for evacuation
[2026-04-03T02:42:40.458+0600][54.277s][info][gc,phases      ] GC(233)   Pre Evacuate Collection Set: 0.35ms
[2026-04-03T02:42:40.458+0600][54.277s][info][gc,phases      ] GC(233)   Merge Heap Roots: 0.18ms
[2026-04-03T02:42:40.458+0600][54.277s][info][gc,phases      ] GC(233)   Evacuate Collection Set: 1.84ms
[2026-04-03T02:42:40.458+0600][54.277s][info][gc,phases      ] GC(233)   Post Evacuate Collection Set: 0.72ms
[2026-04-03T02:42:40.458+0600][54.277s][info][gc,phases      ] GC(233)   Other: 0.09ms
[2026-04-03T02:42:40.458+0600][54.277s][info][gc,heap        ] GC(233) Eden regions: 57->0(303)
[2026-04-03T02:42:40.458+0600][54.277s][info][gc,heap        ] GC(233) Survivor regions: 6->3(31)
[2026-04-03T02:42:40.458+0600][54.277s][info][gc,heap        ] GC(233) Old regions: 85->84
[2026-04-03T02:42:40.458+0600][54.277s][info][gc,heap        ] GC(233) Humongous regions: 359->8
[2026-04-03T02:42:40.458+0600][54.277s][info][gc,metaspace   ] GC(233) Metaspace: 131213K(132672K)->131213K(132672K) NonClass: 114757K(115520K)->114757K(115520K) Class: 16455K(17152K)->16455K(17152K)
[2026-04-03T02:42:40.458+0600][54.277s][info][gc             ] GC(233) Pause Young (Mixed) (G1 Evacuation Pause) 504M->93M(510M) 3.415ms
[2026-04-03T02:42:40.459+0600][54.278s][info][gc,cpu         ] GC(233) User=0.01s Sys=0.00s Real=0.00s
[2026-04-03T02:42:40.469+0600][54.288s][info][gc,start       ] GC(234) Pause Young (Concurrent Start) (G1 Humongous Allocation)
[2026-04-03T02:42:40.469+0600][54.288s][info][gc,task        ] GC(234) Using 10 workers of 10 for evacuation
[2026-04-03T02:42:40.473+0600][54.292s][info][gc,phases      ] GC(234)   Pre Evacuate Collection Set: 0.43ms
[2026-04-03T02:42:40.473+0600][54.292s][info][gc,phases      ] GC(234)   Merge Heap Roots: 0.14ms
[2026-04-03T02:42:40.473+0600][54.292s][info][gc,phases      ] GC(234)   Evacuate Collection Set: 2.33ms
[2026-04-03T02:42:40.473+0600][54.292s][info][gc,phases      ] GC(234)   Post Evacuate Collection Set: 0.82ms
[2026-04-03T02:42:40.473+0600][54.292s][info][gc,phases      ] GC(234)   Other: 0.25ms
[2026-04-03T02:42:40.473+0600][54.292s][info][gc,heap        ] GC(234) Eden regions: 22->0(300)
[2026-04-03T02:42:40.473+0600][54.292s][info][gc,heap        ] GC(234) Survivor regions: 3->6(39)
[2026-04-03T02:42:40.473+0600][54.292s][info][gc,heap        ] GC(234) Old regions: 84->84
[2026-04-03T02:42:40.473+0600][54.292s][info][gc,heap        ] GC(234) Humongous regions: 8->8
[2026-04-03T02:42:40.473+0600][54.292s][info][gc,metaspace   ] GC(234) Metaspace: 131213K(132672K)->131213K(132672K) NonClass: 114757K(115520K)->114757K(115520K) Class: 16455K(17152K)->16455K(17152K)
[2026-04-03T02:42:40.473+0600][54.292s][info][gc             ] GC(234) Pause Young (Concurrent Start) (G1 Humongous Allocation) 115M->96M(510M) 4.328ms
[2026-04-03T02:42:40.474+0600][54.293s][info][gc             ] GC(235) Concurrent Mark Cycle
[2026-04-03T02:42:40.474+0600][54.293s][info][gc,marking     ] GC(235) Concurrent Scan Root Regions
[2026-04-03T02:42:40.474+0600][54.293s][info][gc,cpu         ] GC(234) User=0.03s Sys=0.00s Real=0.01s
[2026-04-03T02:42:40.476+0600][54.295s][info][gc,marking     ] GC(235) Concurrent Scan Root Regions 2.737ms
[2026-04-03T02:42:40.476+0600][54.295s][info][gc,marking     ] GC(235) Concurrent Mark
[2026-04-03T02:42:40.476+0600][54.295s][info][gc,marking     ] GC(235) Concurrent Mark From Roots
[2026-04-03T02:42:40.476+0600][54.295s][info][gc,task        ] GC(235) Using 3 workers of 3 for marking
[2026-04-03T02:42:40.549+0600][54.368s][info][gc,marking     ] GC(235) Concurrent Mark From Roots 72.314ms
[2026-04-03T02:42:40.549+0600][54.368s][info][gc,marking     ] GC(235) Concurrent Preclean
[2026-04-03T02:42:40.549+0600][54.368s][info][gc,marking     ] GC(235) Concurrent Preclean 0.338ms
[2026-04-03T02:42:40.550+0600][54.369s][info][gc,start       ] GC(235) Pause Remark
[2026-04-03T02:42:40.560+0600][54.379s][info][gc             ] GC(235) Pause Remark 426M->426M(660M) 10.171ms
[2026-04-03T02:42:40.561+0600][54.380s][info][gc,cpu         ] GC(235) User=0.06s Sys=0.00s Real=0.01s
[2026-04-03T02:42:40.561+0600][54.380s][info][gc,marking     ] GC(235) Concurrent Mark 84.378ms
[2026-04-03T02:42:40.561+0600][54.380s][info][gc,marking     ] GC(235) Concurrent Rebuild Remembered Sets and Scrub Regions
[2026-04-03T02:42:40.589+0600][54.408s][info][gc,marking     ] GC(235) Concurrent Rebuild Remembered Sets and Scrub Regions 27.686ms
[2026-04-03T02:42:40.589+0600][54.408s][info][gc,start       ] GC(235) Pause Cleanup
[2026-04-03T02:42:40.589+0600][54.408s][info][gc             ] GC(235) Pause Cleanup 486M->486M(660M) 0.354ms
[2026-04-03T02:42:40.589+0600][54.408s][info][gc,cpu         ] GC(235) User=0.00s Sys=0.00s Real=0.00s
[2026-04-03T02:42:40.590+0600][54.409s][info][gc,marking     ] GC(235) Concurrent Clear Claimed Marks
[2026-04-03T02:42:40.590+0600][54.409s][info][gc,marking     ] GC(235) Concurrent Clear Claimed Marks 0.451ms
[2026-04-03T02:42:40.590+0600][54.409s][info][gc,marking     ] GC(235) Concurrent Cleanup for Next Mark
[2026-04-03T02:42:40.593+0600][54.412s][info][gc,marking     ] GC(235) Concurrent Cleanup for Next Mark 2.476ms
[2026-04-03T02:42:40.593+0600][54.412s][info][gc             ] GC(235) Concurrent Mark Cycle 119.085ms
[2026-04-03T02:42:40.803+0600][54.622s][info][gc,start       ] GC(236) Pause Young (Prepare Mixed) (G1 Evacuation Pause)
[2026-04-03T02:42:40.803+0600][54.622s][info][gc,task        ] GC(236) Using 10 workers of 10 for evacuation
[2026-04-03T02:42:40.807+0600][54.626s][info][gc,phases      ] GC(236)   Pre Evacuate Collection Set: 0.27ms
[2026-04-03T02:42:40.807+0600][54.626s][info][gc,phases      ] GC(236)   Merge Heap Roots: 0.18ms
[2026-04-03T02:42:40.807+0600][54.626s][info][gc,phases      ] GC(236)   Evacuate Collection Set: 2.27ms
[2026-04-03T02:42:40.807+0600][54.626s][info][gc,phases      ] GC(236)   Post Evacuate Collection Set: 0.76ms
[2026-04-03T02:42:40.807+0600][54.626s][info][gc,phases      ] GC(236)   Other: 0.09ms
[2026-04-03T02:42:40.807+0600][54.626s][info][gc,heap        ] GC(236) Eden regions: 134->0(403)
[2026-04-03T02:42:40.807+0600][54.626s][info][gc,heap        ] GC(236) Survivor regions: 6->5(46)
[2026-04-03T02:42:40.807+0600][54.626s][info][gc,heap        ] GC(236) Old regions: 84->84
[2026-04-03T02:42:40.807+0600][54.626s][info][gc,heap        ] GC(236) Humongous regions: 451->8
[2026-04-03T02:42:40.807+0600][54.626s][info][gc,metaspace   ] GC(236) Metaspace: 131224K(132672K)->131224K(132672K) NonClass: 114768K(115520K)->114768K(115520K) Class: 16456K(17152K)->16456K(17152K)
[2026-04-03T02:42:40.807+0600][54.626s][info][gc             ] GC(236) Pause Young (Prepare Mixed) (G1 Evacuation Pause) 673M->95M(680M) 3.886ms
[2026-04-03T02:42:40.807+0600][54.626s][info][gc,cpu         ] GC(236) User=0.02s Sys=0.00s Real=0.00s
[2026-04-03T02:42:41.381+0600][55.200s][info][gc,start       ] GC(237) Pause Young (Mixed) (G1 Evacuation Pause)
[2026-04-03T02:42:41.381+0600][55.200s][info][gc,task        ] GC(237) Using 10 workers of 10 for evacuation
[2026-04-03T02:42:41.389+0600][55.208s][info][gc,phases      ] GC(237)   Pre Evacuate Collection Set: 0.58ms
[2026-04-03T02:42:41.389+0600][55.208s][info][gc,phases      ] GC(237)   Merge Heap Roots: 0.35ms
[2026-04-03T02:42:41.389+0600][55.208s][info][gc,phases      ] GC(237)   Evacuate Collection Set: 5.40ms
[2026-04-03T02:42:41.389+0600][55.208s][info][gc,phases      ] GC(237)   Post Evacuate Collection Set: 0.83ms
[2026-04-03T02:42:41.389+0600][55.208s][info][gc,phases      ] GC(237)   Other: 0.15ms
[2026-04-03T02:42:41.389+0600][55.208s][info][gc,heap        ] GC(237) Eden regions: 389->0(405)
[2026-04-03T02:42:41.389+0600][55.208s][info][gc,heap        ] GC(237) Survivor regions: 5->8(51)
[2026-04-03T02:42:41.389+0600][55.208s][info][gc,heap        ] GC(237) Old regions: 84->84
[2026-04-03T02:42:41.389+0600][55.208s][info][gc,heap        ] GC(237) Humongous regions: 202->8
[2026-04-03T02:42:41.389+0600][55.208s][info][gc,metaspace   ] GC(237) Metaspace: 131227K(132672K)->131227K(132672K) NonClass: 114771K(115520K)->114771K(115520K) Class: 16456K(17152K)->16456K(17152K)
[2026-04-03T02:42:41.389+0600][55.208s][info][gc             ] GC(237) Pause Young (Mixed) (G1 Evacuation Pause) 678M->98M(689M) 7.615ms
[2026-04-03T02:42:41.389+0600][55.208s][info][gc,cpu         ] GC(237) User=0.04s Sys=0.02s Real=0.00s
[2026-04-03T02:42:41.396+0600][55.215s][info][gc,start       ] GC(238) Pause Young (Concurrent Start) (G1 Humongous Allocation)
[2026-04-03T02:42:41.396+0600][55.215s][info][gc,task        ] GC(238) Using 10 workers of 10 for evacuation
[2026-04-03T02:42:41.401+0600][55.220s][info][gc,phases      ] GC(238)   Pre Evacuate Collection Set: 0.47ms
[2026-04-03T02:42:41.401+0600][55.220s][info][gc,phases      ] GC(238)   Merge Heap Roots: 0.28ms
[2026-04-03T02:42:41.401+0600][55.220s][info][gc,phases      ] GC(238)   Evacuate Collection Set: 2.70ms
[2026-04-03T02:42:41.401+0600][55.220s][info][gc,phases      ] GC(238)   Post Evacuate Collection Set: 0.82ms
[2026-04-03T02:42:41.401+0600][55.220s][info][gc,phases      ] GC(238)   Other: 0.27ms
[2026-04-03T02:42:41.401+0600][55.220s][info][gc,heap        ] GC(238) Eden regions: 11->0(405)
[2026-04-03T02:42:41.401+0600][55.220s][info][gc,heap        ] GC(238) Survivor regions: 8->8(52)
[2026-04-03T02:42:41.401+0600][55.220s][info][gc,heap        ] GC(238) Old regions: 84->84
[2026-04-03T02:42:41.401+0600][55.220s][info][gc,heap        ] GC(238) Humongous regions: 8->8
[2026-04-03T02:42:41.401+0600][55.220s][info][gc,metaspace   ] GC(238) Metaspace: 131227K(132672K)->131227K(132672K) NonClass: 114771K(115520K)->114771K(115520K) Class: 16456K(17152K)->16456K(17152K)
[2026-04-03T02:42:41.401+0600][55.220s][info][gc             ] GC(238) Pause Young (Concurrent Start) (G1 Humongous Allocation) 109M->98M(689M) 4.899ms
[2026-04-03T02:42:41.401+0600][55.220s][info][gc,cpu         ] GC(238) User=0.03s Sys=0.00s Real=0.01s
[2026-04-03T02:42:41.401+0600][55.220s][info][gc             ] GC(239) Concurrent Mark Cycle
[2026-04-03T02:42:41.401+0600][55.220s][info][gc,marking     ] GC(239) Concurrent Scan Root Regions
[2026-04-03T02:42:41.404+0600][55.223s][info][gc,marking     ] GC(239) Concurrent Scan Root Regions 2.721ms
[2026-04-03T02:42:41.404+0600][55.223s][info][gc,marking     ] GC(239) Concurrent Mark
[2026-04-03T02:42:41.404+0600][55.223s][info][gc,marking     ] GC(239) Concurrent Mark From Roots
[2026-04-03T02:42:41.404+0600][55.223s][info][gc,task        ] GC(239) Using 3 workers of 3 for marking
[2026-04-03T02:42:41.482+0600][55.301s][info][gc,marking     ] GC(239) Concurrent Mark From Roots 77.720ms
[2026-04-03T02:42:41.482+0600][55.301s][info][gc,marking     ] GC(239) Concurrent Preclean
[2026-04-03T02:42:41.482+0600][55.301s][info][gc,marking     ] GC(239) Concurrent Preclean 0.360ms
[2026-04-03T02:42:41.483+0600][55.302s][info][gc,start       ] GC(239) Pause Remark
[2026-04-03T02:42:41.492+0600][55.311s][info][gc             ] GC(239) Pause Remark 179M->179M(474M) 8.875ms
[2026-04-03T02:42:41.492+0600][55.311s][info][gc,cpu         ] GC(239) User=0.06s Sys=0.00s Real=0.01s
[2026-04-03T02:42:41.492+0600][55.311s][info][gc,marking     ] GC(239) Concurrent Mark 87.919ms
[2026-04-03T02:42:41.492+0600][55.311s][info][gc,marking     ] GC(239) Concurrent Rebuild Remembered Sets and Scrub Regions
[2026-04-03T02:42:41.528+0600][55.347s][info][gc,marking     ] GC(239) Concurrent Rebuild Remembered Sets and Scrub Regions 35.912ms
[2026-04-03T02:42:41.528+0600][55.347s][info][gc,start       ] GC(239) Pause Cleanup
[2026-04-03T02:42:41.529+0600][55.348s][info][gc             ] GC(239) Pause Cleanup 226M->226M(474M) 0.355ms
[2026-04-03T02:42:41.529+0600][55.348s][info][gc,cpu         ] GC(239) User=0.00s Sys=0.00s Real=0.00s
[2026-04-03T02:42:41.529+0600][55.348s][info][gc,marking     ] GC(239) Concurrent Clear Claimed Marks
[2026-04-03T02:42:41.529+0600][55.348s][info][gc,marking     ] GC(239) Concurrent Clear Claimed Marks 0.404ms
[2026-04-03T02:42:41.529+0600][55.348s][info][gc,marking     ] GC(239) Concurrent Cleanup for Next Mark
[2026-04-03T02:42:41.530+0600][55.349s][info][gc,marking     ] GC(239) Concurrent Cleanup for Next Mark 0.803ms
[2026-04-03T02:42:41.530+0600][55.349s][info][gc             ] GC(239) Concurrent Mark Cycle 129.057ms
[2026-04-03T02:42:41.714+0600][55.533s][info][gc,start       ] GC(240) Pause Young (Prepare Mixed) (G1 Evacuation Pause)
[2026-04-03T02:42:41.714+0600][55.533s][info][gc,task        ] GC(240) Using 10 workers of 10 for evacuation
[2026-04-03T02:42:41.720+0600][55.539s][info][gc,phases      ] GC(240)   Pre Evacuate Collection Set: 0.39ms
[2026-04-03T02:42:41.720+0600][55.539s][info][gc,phases      ] GC(240)   Merge Heap Roots: 0.27ms
[2026-04-03T02:42:41.720+0600][55.539s][info][gc,phases      ] GC(240)   Evacuate Collection Set: 4.08ms
[2026-04-03T02:42:41.720+0600][55.539s][info][gc,phases      ] GC(240)   Post Evacuate Collection Set: 0.58ms
[2026-04-03T02:42:41.720+0600][55.539s][info][gc,phases      ] GC(240)   Other: 0.12ms
[2026-04-03T02:42:41.720+0600][55.539s][info][gc,heap        ] GC(240) Eden regions: 206->0(281)
[2026-04-03T02:42:41.720+0600][55.539s][info][gc,heap        ] GC(240) Survivor regions: 8->8(36)
[2026-04-03T02:42:41.720+0600][55.539s][info][gc,heap        ] GC(240) Old regions: 84->85
[2026-04-03T02:42:41.720+0600][55.539s][info][gc,heap        ] GC(240) Humongous regions: 176->8
[2026-04-03T02:42:41.720+0600][55.539s][info][gc,metaspace   ] GC(240) Metaspace: 131237K(132672K)->131237K(132672K) NonClass: 114781K(115520K)->114781K(115520K) Class: 16456K(17152K)->16456K(17152K)
[2026-04-03T02:42:41.720+0600][55.539s][info][gc             ] GC(240) Pause Young (Prepare Mixed) (G1 Evacuation Pause) 472M->98M(483M) 5.792ms
[2026-04-03T02:42:41.720+0600][55.539s][info][gc,cpu         ] GC(240) User=0.03s Sys=0.01s Real=0.01s
[2026-04-03T02:42:42.167+0600][55.986s][info][gc,start       ] GC(241) Pause Young (Mixed) (G1 Evacuation Pause)
[2026-04-03T02:42:42.167+0600][55.986s][info][gc,task        ] GC(241) Using 10 workers of 10 for evacuation
[2026-04-03T02:42:42.171+0600][55.990s][info][gc,phases      ] GC(241)   Pre Evacuate Collection Set: 0.37ms
[2026-04-03T02:42:42.171+0600][55.990s][info][gc,phases      ] GC(241)   Merge Heap Roots: 0.18ms
[2026-04-03T02:42:42.171+0600][55.990s][info][gc,phases      ] GC(241)   Evacuate Collection Set: 2.75ms
[2026-04-03T02:42:42.171+0600][55.990s][info][gc,phases      ] GC(241)   Post Evacuate Collection Set: 0.53ms
[2026-04-03T02:42:42.171+0600][55.990s][info][gc,phases      ] GC(241)   Other: 0.11ms
[2026-04-03T02:42:42.171+0600][55.990s][info][gc,heap        ] GC(241) Eden regions: 272->0(287)
[2026-04-03T02:42:42.171+0600][55.990s][info][gc,heap        ] GC(241) Survivor regions: 8->6(37)
[2026-04-03T02:42:42.171+0600][55.990s][info][gc,heap        ] GC(241) Old regions: 85->84
[2026-04-03T02:42:42.171+0600][55.990s][info][gc,heap        ] GC(241) Humongous regions: 118->8
[2026-04-03T02:42:42.171+0600][55.990s][info][gc,metaspace   ] GC(241) Metaspace: 131250K(132672K)->131250K(132672K) NonClass: 114793K(115520K)->114793K(115520K) Class: 16456K(17152K)->16456K(17152K)
[2026-04-03T02:42:42.171+0600][55.990s][info][gc             ] GC(241) Pause Young (Mixed) (G1 Evacuation Pause) 479M->96M(489M) 4.164ms
[2026-04-03T02:42:42.171+0600][55.990s][info][gc,cpu         ] GC(241) User=0.02s Sys=0.01s Real=0.01s
[2026-04-03T02:42:42.188+0600][56.007s][info][gc,start       ] GC(242) Pause Young (Concurrent Start) (G1 Humongous Allocation)
[2026-04-03T02:42:42.188+0600][56.007s][info][gc,task        ] GC(242) Using 10 workers of 10 for evacuation
[2026-04-03T02:42:42.191+0600][56.010s][info][gc,phases      ] GC(242)   Pre Evacuate Collection Set: 0.30ms
[2026-04-03T02:42:42.191+0600][56.010s][info][gc,phases      ] GC(242)   Merge Heap Roots: 0.13ms
[2026-04-03T02:42:42.191+0600][56.010s][info][gc,phases      ] GC(242)   Evacuate Collection Set: 1.46ms
[2026-04-03T02:42:42.191+0600][56.010s][info][gc,phases      ] GC(242)   Post Evacuate Collection Set: 0.39ms
[2026-04-03T02:42:42.191+0600][56.010s][info][gc,phases      ] GC(242)   Other: 0.11ms
[2026-04-03T02:42:42.191+0600][56.010s][info][gc,heap        ] GC(242) Eden regions: 7->0(288)
[2026-04-03T02:42:42.191+0600][56.010s][info][gc,heap        ] GC(242) Survivor regions: 6->5(37)
[2026-04-03T02:42:42.191+0600][56.010s][info][gc,heap        ] GC(242) Old regions: 84->84
[2026-04-03T02:42:42.191+0600][56.010s][info][gc,heap        ] GC(242) Humongous regions: 8->8
[2026-04-03T02:42:42.191+0600][56.010s][info][gc,metaspace   ] GC(242) Metaspace: 131253K(132672K)->131253K(132672K) NonClass: 114796K(115520K)->114796K(115520K) Class: 16456K(17152K)->16456K(17152K)
[2026-04-03T02:42:42.191+0600][56.010s][info][gc             ] GC(242) Pause Young (Concurrent Start) (G1 Humongous Allocation) 103M->95M(489M) 2.602ms
[2026-04-03T02:42:42.191+0600][56.010s][info][gc             ] GC(243) Concurrent Mark Cycle
[2026-04-03T02:42:42.191+0600][56.010s][info][gc,marking     ] GC(243) Concurrent Scan Root Regions
[2026-04-03T02:42:42.191+0600][56.010s][info][gc,cpu         ] GC(242) User=0.02s Sys=0.00s Real=0.01s
[2026-04-03T02:42:42.192+0600][56.011s][info][gc,marking     ] GC(243) Concurrent Scan Root Regions 1.202ms
[2026-04-03T02:42:42.192+0600][56.011s][info][gc,marking     ] GC(243) Concurrent Mark
[2026-04-03T02:42:42.192+0600][56.011s][info][gc,marking     ] GC(243) Concurrent Mark From Roots
[2026-04-03T02:42:42.192+0600][56.011s][info][gc,task        ] GC(243) Using 3 workers of 3 for marking
[2026-04-03T02:42:42.273+0600][56.092s][info][gc,marking     ] GC(243) Concurrent Mark From Roots 80.976ms
[2026-04-03T02:42:42.273+0600][56.092s][info][gc,marking     ] GC(243) Concurrent Preclean
[2026-04-03T02:42:42.274+0600][56.093s][info][gc,marking     ] GC(243) Concurrent Preclean 0.644ms
[2026-04-03T02:42:42.274+0600][56.093s][info][gc,start       ] GC(243) Pause Remark
[2026-04-03T02:42:42.284+0600][56.103s][info][gc             ] GC(243) Pause Remark 194M->194M(480M) 9.194ms
[2026-04-03T02:42:42.284+0600][56.103s][info][gc,cpu         ] GC(243) User=0.07s Sys=0.00s Real=0.01s
[2026-04-03T02:42:42.284+0600][56.103s][info][gc,marking     ] GC(243) Concurrent Mark 91.985ms
[2026-04-03T02:42:42.284+0600][56.103s][info][gc,marking     ] GC(243) Concurrent Rebuild Remembered Sets and Scrub Regions
[2026-04-03T02:42:42.322+0600][56.141s][info][gc,marking     ] GC(243) Concurrent Rebuild Remembered Sets and Scrub Regions 37.632ms
[2026-04-03T02:42:42.323+0600][56.142s][info][gc,start       ] GC(243) Pause Cleanup
[2026-04-03T02:42:42.323+0600][56.142s][info][gc             ] GC(243) Pause Cleanup 233M->233M(480M) 0.378ms
[2026-04-03T02:42:42.323+0600][56.142s][info][gc,cpu         ] GC(243) User=0.00s Sys=0.00s Real=0.00s
[2026-04-03T02:42:42.323+0600][56.142s][info][gc,marking     ] GC(243) Concurrent Clear Claimed Marks
[2026-04-03T02:42:42.324+0600][56.143s][info][gc,marking     ] GC(243) Concurrent Clear Claimed Marks 0.424ms
[2026-04-03T02:42:42.324+0600][56.143s][info][gc,marking     ] GC(243) Concurrent Cleanup for Next Mark
[2026-04-03T02:42:42.324+0600][56.144s][info][gc,marking     ] GC(243) Concurrent Cleanup for Next Mark 0.848ms
[2026-04-03T02:42:42.325+0600][56.144s][info][gc             ] GC(243) Concurrent Mark Cycle 133.664ms
[2026-04-03T02:42:42.500+0600][56.319s][info][gc,start       ] GC(244) Pause Young (Prepare Mixed) (G1 Evacuation Pause)
[2026-04-03T02:42:42.500+0600][56.319s][info][gc,task        ] GC(244) Using 10 workers of 10 for evacuation
[2026-04-03T02:42:42.507+0600][56.326s][info][gc,phases      ] GC(244)   Pre Evacuate Collection Set: 0.54ms
[2026-04-03T02:42:42.507+0600][56.326s][info][gc,phases      ] GC(244)   Merge Heap Roots: 0.34ms
[2026-04-03T02:42:42.507+0600][56.326s][info][gc,phases      ] GC(244)   Evacuate Collection Set: 4.91ms
[2026-04-03T02:42:42.507+0600][56.326s][info][gc,phases      ] GC(244)   Post Evacuate Collection Set: 0.73ms
[2026-04-03T02:42:42.507+0600][56.326s][info][gc,phases      ] GC(244)   Other: 0.13ms
[2026-04-03T02:42:42.507+0600][56.326s][info][gc,heap        ] GC(244) Eden regions: 210->0(285)
[2026-04-03T02:42:42.507+0600][56.326s][info][gc,heap        ] GC(244) Survivor regions: 5->8(36)
[2026-04-03T02:42:42.507+0600][56.326s][info][gc,heap        ] GC(244) Old regions: 84->85
[2026-04-03T02:42:42.507+0600][56.326s][info][gc,heap        ] GC(244) Humongous regions: 181->8
[2026-04-03T02:42:42.507+0600][56.326s][info][gc,metaspace   ] GC(244) Metaspace: 131253K(132672K)->131253K(132672K) NonClass: 114796K(115520K)->114796K(115520K) Class: 16456K(17152K)->16456K(17152K)
[2026-04-03T02:42:42.507+0600][56.326s][info][gc             ] GC(244) Pause Young (Prepare Mixed) (G1 Evacuation Pause) 478M->98M(489M) 7.062ms
[2026-04-03T02:42:42.507+0600][56.326s][info][gc,cpu         ] GC(244) User=0.04s Sys=0.01s Real=0.00s
[2026-04-03T02:42:42.774+0600][56.593s][info][gc,start       ] GC(245) Pause Young (Mixed) (G1 Evacuation Pause)
[2026-04-03T02:42:42.774+0600][56.593s][info][gc,task        ] GC(245) Using 10 workers of 10 for evacuation
[2026-04-03T02:42:42.780+0600][56.599s][info][gc,phases      ] GC(245)   Pre Evacuate Collection Set: 0.41ms
[2026-04-03T02:42:42.780+0600][56.599s][info][gc,phases      ] GC(245)   Merge Heap Roots: 0.24ms
[2026-04-03T02:42:42.780+0600][56.599s][info][gc,phases      ] GC(245)   Evacuate Collection Set: 4.36ms
[2026-04-03T02:42:42.780+0600][56.599s][info][gc,phases      ] GC(245)   Post Evacuate Collection Set: 0.87ms
[2026-04-03T02:42:42.780+0600][56.599s][info][gc,phases      ] GC(245)   Other: 0.12ms
[2026-04-03T02:42:42.780+0600][56.599s][info][gc,heap        ] GC(245) Eden regions: 220->0(290)
[2026-04-03T02:42:42.780+0600][56.599s][info][gc,heap        ] GC(245) Survivor regions: 8->8(37)
[2026-04-03T02:42:42.780+0600][56.599s][info][gc,heap        ] GC(245) Old regions: 85->84
[2026-04-03T02:42:42.780+0600][56.599s][info][gc,heap        ] GC(245) Humongous regions: 176->8
[2026-04-03T02:42:42.780+0600][56.599s][info][gc,metaspace   ] GC(245) Metaspace: 131256K(132736K)->131256K(132736K) NonClass: 114799K(115584K)->114799K(115584K) Class: 16456K(17152K)->16456K(17152K)
[2026-04-03T02:42:42.780+0600][56.600s][info][gc             ] GC(245) Pause Young (Mixed) (G1 Evacuation Pause) 486M->98M(497M) 6.400ms
[2026-04-03T02:42:42.781+0600][56.600s][info][gc,cpu         ] GC(245) User=0.04s Sys=0.01s Real=0.01s
[2026-04-03T02:42:42.795+0600][56.614s][info][gc,start       ] GC(246) Pause Young (Concurrent Start) (GCLocker Initiated GC)
[2026-04-03T02:42:42.795+0600][56.614s][info][gc,task        ] GC(246) Using 10 workers of 10 for evacuation
[2026-04-03T02:42:42.800+0600][56.619s][info][gc,phases      ] GC(246)   Pre Evacuate Collection Set: 0.52ms
[2026-04-03T02:42:42.800+0600][56.619s][info][gc,phases      ] GC(246)   Merge Heap Roots: 0.19ms
[2026-04-03T02:42:42.800+0600][56.619s][info][gc,phases      ] GC(246)   Evacuate Collection Set: 3.06ms
[2026-04-03T02:42:42.800+0600][56.619s][info][gc,phases      ] GC(246)   Post Evacuate Collection Set: 0.73ms
[2026-04-03T02:42:42.800+0600][56.619s][info][gc,phases      ] GC(246)   Other: 0.28ms
[2026-04-03T02:42:42.800+0600][56.619s][info][gc,heap        ] GC(246) Eden regions: 11->0(291)
[2026-04-03T02:42:42.800+0600][56.619s][info][gc,heap        ] GC(246) Survivor regions: 8->7(38)
[2026-04-03T02:42:42.800+0600][56.619s][info][gc,heap        ] GC(246) Old regions: 84->84
[2026-04-03T02:42:42.800+0600][56.619s][info][gc,heap        ] GC(246) Humongous regions: 8->8
[2026-04-03T02:42:42.800+0600][56.619s][info][gc,metaspace   ] GC(246) Metaspace: 131256K(132736K)->131256K(132736K) NonClass: 114799K(115584K)->114799K(115584K) Class: 16456K(17152K)->16456K(17152K)
[2026-04-03T02:42:42.800+0600][56.619s][info][gc             ] GC(246) Pause Young (Concurrent Start) (GCLocker Initiated GC) 109M->98M(497M) 5.137ms
[2026-04-03T02:42:42.800+0600][56.619s][info][gc             ] GC(247) Concurrent Mark Cycle
[2026-04-03T02:42:42.800+0600][56.619s][info][gc,marking     ] GC(247) Concurrent Scan Root Regions
[2026-04-03T02:42:42.800+0600][56.619s][info][gc,cpu         ] GC(246) User=0.03s Sys=0.00s Real=0.01s
[2026-04-03T02:42:42.803+0600][56.622s][info][gc,marking     ] GC(247) Concurrent Scan Root Regions 2.547ms
[2026-04-03T02:42:42.803+0600][56.622s][info][gc,marking     ] GC(247) Concurrent Mark
[2026-04-03T02:42:42.803+0600][56.622s][info][gc,marking     ] GC(247) Concurrent Mark From Roots
[2026-04-03T02:42:42.803+0600][56.622s][info][gc,task        ] GC(247) Using 3 workers of 3 for marking
[2026-04-03T02:42:42.893+0600][56.712s][info][gc,marking     ] GC(247) Concurrent Mark From Roots 89.748ms
[2026-04-03T02:42:42.893+0600][56.712s][info][gc,marking     ] GC(247) Concurrent Preclean
[2026-04-03T02:42:42.893+0600][56.712s][info][gc,marking     ] GC(247) Concurrent Preclean 0.654ms
[2026-04-03T02:42:42.894+0600][56.713s][info][gc,start       ] GC(247) Pause Remark
[2026-04-03T02:42:42.903+0600][56.722s][info][gc             ] GC(247) Pause Remark 205M->205M(477M) 8.773ms
[2026-04-03T02:42:42.903+0600][56.722s][info][gc,cpu         ] GC(247) User=0.06s Sys=0.00s Real=0.01s
[2026-04-03T02:42:42.903+0600][56.722s][info][gc,marking     ] GC(247) Concurrent Mark 100.168ms
[2026-04-03T02:42:42.903+0600][56.722s][info][gc,marking     ] GC(247) Concurrent Rebuild Remembered Sets and Scrub Regions
[2026-04-03T02:42:42.939+0600][56.758s][info][gc,marking     ] GC(247) Concurrent Rebuild Remembered Sets and Scrub Regions 35.985ms
[2026-04-03T02:42:42.940+0600][56.759s][info][gc,start       ] GC(247) Pause Cleanup
[2026-04-03T02:42:42.940+0600][56.759s][info][gc             ] GC(247) Pause Cleanup 248M->248M(477M) 0.410ms
[2026-04-03T02:42:42.940+0600][56.759s][info][gc,cpu         ] GC(247) User=0.00s Sys=0.00s Real=0.01s
[2026-04-03T02:42:42.940+0600][56.759s][info][gc,marking     ] GC(247) Concurrent Clear Claimed Marks
[2026-04-03T02:42:42.941+0600][56.760s][info][gc,marking     ] GC(247) Concurrent Clear Claimed Marks 0.447ms
[2026-04-03T02:42:42.941+0600][56.760s][info][gc,marking     ] GC(247) Concurrent Cleanup for Next Mark
[2026-04-03T02:42:42.943+0600][56.762s][info][gc,marking     ] GC(247) Concurrent Cleanup for Next Mark 1.917ms
[2026-04-03T02:42:42.943+0600][56.762s][info][gc             ] GC(247) Concurrent Mark Cycle 142.633ms
[2026-04-03T02:42:43.161+0600][56.980s][info][gc,start       ] GC(248) Pause Young (Prepare Mixed) (G1 Evacuation Pause)
[2026-04-03T02:42:43.161+0600][56.980s][info][gc,task        ] GC(248) Using 10 workers of 10 for evacuation
[2026-04-03T02:42:43.168+0600][56.987s][info][gc,phases      ] GC(248)   Pre Evacuate Collection Set: 0.34ms
[2026-04-03T02:42:43.168+0600][56.987s][info][gc,phases      ] GC(248)   Merge Heap Roots: 0.32ms
[2026-04-03T02:42:43.168+0600][56.987s][info][gc,phases      ] GC(248)   Evacuate Collection Set: 5.36ms
[2026-04-03T02:42:43.168+0600][56.987s][info][gc,phases      ] GC(248)   Post Evacuate Collection Set: 1.11ms
[2026-04-03T02:42:43.168+0600][56.987s][info][gc,phases      ] GC(248)   Other: 0.24ms
[2026-04-03T02:42:43.168+0600][56.987s][info][gc,heap        ] GC(248) Eden regions: 232->0(282)
[2026-04-03T02:42:43.168+0600][56.987s][info][gc,heap        ] GC(248) Survivor regions: 7->10(36)
[2026-04-03T02:42:43.168+0600][56.987s][info][gc,heap        ] GC(248) Old regions: 84->85
[2026-04-03T02:42:43.168+0600][56.988s][info][gc,heap        ] GC(248) Humongous regions: 154->8
[2026-04-03T02:42:43.169+0600][56.988s][info][gc,metaspace   ] GC(248) Metaspace: 131261K(132736K)->131261K(132736K) NonClass: 114804K(115584K)->114804K(115584K) Class: 16456K(17152K)->16456K(17152K)
[2026-04-03T02:42:43.169+0600][56.988s][info][gc             ] GC(248) Pause Young (Prepare Mixed) (G1 Evacuation Pause) 476M->101M(488M) 7.761ms
[2026-04-03T02:42:43.169+0600][56.988s][info][gc,cpu         ] GC(248) User=0.04s Sys=0.01s Real=0.00s
[2026-04-03T02:42:43.455+0600][57.274s][info][gc,start       ] GC(249) Pause Young (Mixed) (G1 Evacuation Pause)
[2026-04-03T02:42:43.455+0600][57.274s][info][gc,task        ] GC(249) Using 10 workers of 10 for evacuation
[2026-04-03T02:42:43.459+0600][57.278s][info][gc,phases      ] GC(249)   Pre Evacuate Collection Set: 0.24ms
[2026-04-03T02:42:43.459+0600][57.278s][info][gc,phases      ] GC(249)   Merge Heap Roots: 0.19ms
[2026-04-03T02:42:43.459+0600][57.278s][info][gc,phases      ] GC(249)   Evacuate Collection Set: 3.22ms
[2026-04-03T02:42:43.459+0600][57.278s][info][gc,phases      ] GC(249)   Post Evacuate Collection Set: 0.57ms
[2026-04-03T02:42:43.459+0600][57.278s][info][gc,phases      ] GC(249)   Other: 0.10ms
[2026-04-03T02:42:43.459+0600][57.278s][info][gc,heap        ] GC(249) Eden regions: 265->0(313)
[2026-04-03T02:42:43.459+0600][57.278s][info][gc,heap        ] GC(249) Survivor regions: 10->9(37)
[2026-04-03T02:42:43.459+0600][57.278s][info][gc,heap        ] GC(249) Old regions: 85->85
[2026-04-03T02:42:43.459+0600][57.278s][info][gc,heap        ] GC(249) Humongous regions: 168->13
[2026-04-03T02:42:43.459+0600][57.278s][info][gc,metaspace   ] GC(249) Metaspace: 131263K(132736K)->131263K(132736K) NonClass: 114806K(115584K)->114806K(115584K) Class: 16457K(17152K)->16457K(17152K)
[2026-04-03T02:42:43.459+0600][57.278s][info][gc             ] GC(249) Pause Young (Mixed) (G1 Evacuation Pause) 526M->104M(538M) 4.566ms
[2026-04-03T02:42:43.459+0600][57.278s][info][gc,cpu         ] GC(249) User=0.03s Sys=0.01s Real=0.00s
[2026-04-03T02:42:43.460+0600][57.279s][info][gc,start       ] GC(250) Pause Young (Concurrent Start) (G1 Humongous Allocation)
[2026-04-03T02:42:43.460+0600][57.279s][info][gc,task        ] GC(250) Using 10 workers of 10 for evacuation
[2026-04-03T02:42:43.463+0600][57.282s][info][gc,phases      ] GC(250)   Pre Evacuate Collection Set: 0.25ms
[2026-04-03T02:42:43.463+0600][57.282s][info][gc,phases      ] GC(250)   Merge Heap Roots: 0.08ms
[2026-04-03T02:42:43.463+0600][57.282s][info][gc,phases      ] GC(250)   Evacuate Collection Set: 2.01ms
[2026-04-03T02:42:43.463+0600][57.282s][info][gc,phases      ] GC(250)   Post Evacuate Collection Set: 0.51ms
[2026-04-03T02:42:43.463+0600][57.282s][info][gc,phases      ] GC(250)   Other: 0.12ms
[2026-04-03T02:42:43.463+0600][57.282s][info][gc,heap        ] GC(250) Eden regions: 2->0(313)
[2026-04-03T02:42:43.463+0600][57.282s][info][gc,heap        ] GC(250) Survivor regions: 9->9(41)
[2026-04-03T02:42:43.463+0600][57.282s][info][gc,heap        ] GC(250) Old regions: 85->85
[2026-04-03T02:42:43.463+0600][57.282s][info][gc,heap        ] GC(250) Humongous regions: 13->8
[2026-04-03T02:42:43.463+0600][57.282s][info][gc,metaspace   ] GC(250) Metaspace: 131263K(132736K)->131263K(132736K) NonClass: 114806K(115584K)->114806K(115584K) Class: 16457K(17152K)->16457K(17152K)
[2026-04-03T02:42:43.463+0600][57.282s][info][gc             ] GC(250) Pause Young (Concurrent Start) (G1 Humongous Allocation) 106M->100M(538M) 3.304ms
[2026-04-03T02:42:43.463+0600][57.282s][info][gc             ] GC(251) Concurrent Mark Cycle
[2026-04-03T02:42:43.463+0600][57.282s][info][gc,marking     ] GC(251) Concurrent Scan Root Regions
[2026-04-03T02:42:43.463+0600][57.282s][info][gc,cpu         ] GC(250) User=0.02s Sys=0.00s Real=0.00s
[2026-04-03T02:42:43.466+0600][57.285s][info][gc,marking     ] GC(251) Concurrent Scan Root Regions 2.772ms
[2026-04-03T02:42:43.466+0600][57.285s][info][gc,marking     ] GC(251) Concurrent Mark
[2026-04-03T02:42:43.466+0600][57.285s][info][gc,marking     ] GC(251) Concurrent Mark From Roots
[2026-04-03T02:42:43.466+0600][57.285s][info][gc,task        ] GC(251) Using 3 workers of 3 for marking
[2026-04-03T02:42:43.547+0600][57.366s][info][gc,marking     ] GC(251) Concurrent Mark From Roots 80.691ms
[2026-04-03T02:42:43.547+0600][57.366s][info][gc,marking     ] GC(251) Concurrent Preclean
[2026-04-03T02:42:43.547+0600][57.366s][info][gc,marking     ] GC(251) Concurrent Preclean 0.206ms
[2026-04-03T02:42:43.547+0600][57.367s][info][gc,start       ] GC(251) Pause Remark
[2026-04-03T02:42:43.556+0600][57.375s][info][gc             ] GC(251) Pause Remark 432M->432M(635M) 8.408ms
[2026-04-03T02:42:43.556+0600][57.375s][info][gc,cpu         ] GC(251) User=0.05s Sys=0.01s Real=0.01s
[2026-04-03T02:42:43.556+0600][57.375s][info][gc,marking     ] GC(251) Concurrent Mark 90.008ms
[2026-04-03T02:42:43.556+0600][57.375s][info][gc,marking     ] GC(251) Concurrent Rebuild Remembered Sets and Scrub Regions
[2026-04-03T02:42:43.583+0600][57.402s][info][gc,marking     ] GC(251) Concurrent Rebuild Remembered Sets and Scrub Regions 26.387ms
[2026-04-03T02:42:43.583+0600][57.402s][info][gc,start       ] GC(251) Pause Cleanup
[2026-04-03T02:42:43.584+0600][57.403s][info][gc             ] GC(251) Pause Cleanup 443M->443M(635M) 0.352ms
[2026-04-03T02:42:43.584+0600][57.403s][info][gc,cpu         ] GC(251) User=0.00s Sys=0.00s Real=0.00s
[2026-04-03T02:42:43.584+0600][57.403s][info][gc,marking     ] GC(251) Concurrent Clear Claimed Marks
[2026-04-03T02:42:43.584+0600][57.403s][info][gc,marking     ] GC(251) Concurrent Clear Claimed Marks 0.373ms
[2026-04-03T02:42:43.584+0600][57.403s][info][gc,marking     ] GC(251) Concurrent Cleanup for Next Mark
[2026-04-03T02:42:43.586+0600][57.405s][info][gc,marking     ] GC(251) Concurrent Cleanup for Next Mark 1.900ms
[2026-04-03T02:42:43.586+0600][57.405s][info][gc             ] GC(251) Concurrent Mark Cycle 122.799ms
[2026-04-03T02:42:43.631+0600][57.450s][info][gc,start       ] GC(252) Pause Young (Prepare Mixed) (G1 Evacuation Pause)
[2026-04-03T02:42:43.631+0600][57.450s][info][gc,task        ] GC(252) Using 10 workers of 10 for evacuation
[2026-04-03T02:42:43.635+0600][57.454s][info][gc,phases      ] GC(252)   Pre Evacuate Collection Set: 0.40ms
[2026-04-03T02:42:43.635+0600][57.454s][info][gc,phases      ] GC(252)   Merge Heap Roots: 0.20ms
[2026-04-03T02:42:43.635+0600][57.454s][info][gc,phases      ] GC(252)   Evacuate Collection Set: 2.70ms
[2026-04-03T02:42:43.635+0600][57.454s][info][gc,phases      ] GC(252)   Post Evacuate Collection Set: 0.82ms
[2026-04-03T02:42:43.635+0600][57.454s][info][gc,phases      ] GC(252)   Other: 0.10ms
[2026-04-03T02:42:43.635+0600][57.454s][info][gc,heap        ] GC(252) Eden regions: 74->0(436)
[2026-04-03T02:42:43.635+0600][57.454s][info][gc,heap        ] GC(252) Survivor regions: 9->6(44)
[2026-04-03T02:42:43.635+0600][57.454s][info][gc,heap        ] GC(252) Old regions: 85->85
[2026-04-03T02:42:43.635+0600][57.454s][info][gc,heap        ] GC(252) Humongous regions: 564->18
[2026-04-03T02:42:43.635+0600][57.454s][info][gc,metaspace   ] GC(252) Metaspace: 131268K(132736K)->131268K(132736K) NonClass: 114811K(115584K)->114811K(115584K) Class: 16457K(17152K)->16457K(17152K)
[2026-04-03T02:42:43.635+0600][57.454s][info][gc             ] GC(252) Pause Young (Prepare Mixed) (G1 Evacuation Pause) 730M->107M(738M) 4.494ms
[2026-04-03T02:42:43.635+0600][57.454s][info][gc,cpu         ] GC(252) User=0.02s Sys=0.01s Real=0.00s
[2026-04-03T02:42:44.244+0600][58.063s][info][gc,start       ] GC(253) Pause Young (Mixed) (G1 Evacuation Pause)
[2026-04-03T02:42:44.244+0600][58.063s][info][gc,task        ] GC(253) Using 10 workers of 10 for evacuation
[2026-04-03T02:42:44.249+0600][58.068s][info][gc,phases      ] GC(253)   Pre Evacuate Collection Set: 0.42ms
[2026-04-03T02:42:44.249+0600][58.068s][info][gc,phases      ] GC(253)   Merge Heap Roots: 0.33ms
[2026-04-03T02:42:44.249+0600][58.068s][info][gc,phases      ] GC(253)   Evacuate Collection Set: 3.81ms
[2026-04-03T02:42:44.249+0600][58.068s][info][gc,phases      ] GC(253)   Post Evacuate Collection Set: 0.81ms
[2026-04-03T02:42:44.249+0600][58.068s][info][gc,phases      ] GC(253)   Other: 0.12ms
[2026-04-03T02:42:44.249+0600][58.068s][info][gc,heap        ] GC(253) Eden regions: 374->0(443)
[2026-04-03T02:42:44.249+0600][58.068s][info][gc,heap        ] GC(253) Survivor regions: 6->7(56)
[2026-04-03T02:42:44.249+0600][58.068s][info][gc,heap        ] GC(253) Old regions: 85->84
[2026-04-03T02:42:44.249+0600][58.068s][info][gc,heap        ] GC(253) Humongous regions: 278->8
[2026-04-03T02:42:44.249+0600][58.068s][info][gc,metaspace   ] GC(253) Metaspace: 131295K(132736K)->131295K(132736K) NonClass: 114838K(115584K)->114838K(115584K) Class: 16457K(17152K)->16457K(17152K)
[2026-04-03T02:42:44.249+0600][58.068s][info][gc             ] GC(253) Pause Young (Mixed) (G1 Evacuation Pause) 741M->98M(750M) 5.779ms
[2026-04-03T02:42:44.250+0600][58.069s][info][gc,cpu         ] GC(253) User=0.03s Sys=0.01s Real=0.00s
[2026-04-03T02:42:44.330+0600][58.149s][info][gc,start       ] GC(254) Pause Young (Concurrent Start) (G1 Humongous Allocation)
[2026-04-03T02:42:44.330+0600][58.149s][info][gc,task        ] GC(254) Using 10 workers of 10 for evacuation
[2026-04-03T02:42:44.334+0600][58.153s][info][gc,phases      ] GC(254)   Pre Evacuate Collection Set: 0.43ms
[2026-04-03T02:42:44.334+0600][58.153s][info][gc,phases      ] GC(254)   Merge Heap Roots: 0.19ms
[2026-04-03T02:42:44.334+0600][58.153s][info][gc,phases      ] GC(254)   Evacuate Collection Set: 2.41ms
[2026-04-03T02:42:44.334+0600][58.153s][info][gc,phases      ] GC(254)   Post Evacuate Collection Set: 0.68ms
[2026-04-03T02:42:44.334+0600][58.153s][info][gc,phases      ] GC(254)   Other: 0.20ms
[2026-04-03T02:42:44.334+0600][58.153s][info][gc,heap        ] GC(254) Eden regions: 76->0(444)
[2026-04-03T02:42:44.334+0600][58.153s][info][gc,heap        ] GC(254) Survivor regions: 7->6(57)
[2026-04-03T02:42:44.334+0600][58.153s][info][gc,heap        ] GC(254) Old regions: 84->85
[2026-04-03T02:42:44.334+0600][58.153s][info][gc,heap        ] GC(254) Humongous regions: 58->10
[2026-04-03T02:42:44.334+0600][58.153s][info][gc,metaspace   ] GC(254) Metaspace: 131295K(132736K)->131295K(132736K) NonClass: 114838K(115584K)->114838K(115584K) Class: 16457K(17152K)->16457K(17152K)
[2026-04-03T02:42:44.334+0600][58.153s][info][gc             ] GC(254) Pause Young (Concurrent Start) (G1 Humongous Allocation) 224M->99M(750M) 4.217ms
[2026-04-03T02:42:44.334+0600][58.153s][info][gc             ] GC(255) Concurrent Undo Cycle
[2026-04-03T02:42:44.334+0600][58.153s][info][gc,cpu         ] GC(254) User=0.03s Sys=0.00s Real=0.00s
[2026-04-03T02:42:44.335+0600][58.154s][info][gc,marking     ] GC(255) Concurrent Clear Claimed Marks
[2026-04-03T02:42:44.335+0600][58.154s][info][gc,marking     ] GC(255) Concurrent Clear Claimed Marks 0.368ms
[2026-04-03T02:42:44.335+0600][58.154s][info][gc,marking     ] GC(255) Concurrent Cleanup for Next Mark
[2026-04-03T02:42:44.335+0600][58.154s][info][gc,marking     ] GC(255) Concurrent Cleanup for Next Mark 0.255ms
[2026-04-03T02:42:44.335+0600][58.154s][info][gc             ] GC(255) Concurrent Undo Cycle 0.820ms
[2026-04-03T02:42:44.395+0600][58.214s][info][gc,start       ] GC(256) Pause Young (Concurrent Start) (GCLocker Initiated GC)
[2026-04-03T02:42:44.395+0600][58.214s][info][gc,task        ] GC(256) Using 10 workers of 10 for evacuation
[2026-04-03T02:42:44.399+0600][58.218s][info][gc,phases      ] GC(256)   Pre Evacuate Collection Set: 0.36ms
[2026-04-03T02:42:44.399+0600][58.218s][info][gc,phases      ] GC(256)   Merge Heap Roots: 0.23ms
[2026-04-03T02:42:44.399+0600][58.218s][info][gc,phases      ] GC(256)   Evacuate Collection Set: 2.77ms
[2026-04-03T02:42:44.399+0600][58.218s][info][gc,phases      ] GC(256)   Post Evacuate Collection Set: 0.62ms
[2026-04-03T02:42:44.399+0600][58.218s][info][gc,phases      ] GC(256)   Other: 0.15ms
[2026-04-03T02:42:44.400+0600][58.219s][info][gc,heap        ] GC(256) Eden regions: 55->0(444)
[2026-04-03T02:42:44.400+0600][58.219s][info][gc,heap        ] GC(256) Survivor regions: 6->6(57)
[2026-04-03T02:42:44.400+0600][58.219s][info][gc,heap        ] GC(256) Old regions: 85->85
[2026-04-03T02:42:44.400+0600][58.219s][info][gc,heap        ] GC(256) Humongous regions: 52->8
[2026-04-03T02:42:44.400+0600][58.219s][info][gc,metaspace   ] GC(256) Metaspace: 131295K(132736K)->131295K(132736K) NonClass: 114838K(115584K)->114838K(115584K) Class: 16457K(17152K)->16457K(17152K)
[2026-04-03T02:42:44.400+0600][58.219s][info][gc             ] GC(256) Pause Young (Concurrent Start) (GCLocker Initiated GC) 196M->97M(750M) 4.509ms
[2026-04-03T02:42:44.400+0600][58.219s][info][gc             ] GC(257) Concurrent Mark Cycle
[2026-04-03T02:42:44.400+0600][58.219s][info][gc,marking     ] GC(257) Concurrent Scan Root Regions
[2026-04-03T02:42:44.400+0600][58.219s][info][gc,cpu         ] GC(256) User=0.03s Sys=0.00s Real=0.01s
[2026-04-03T02:42:44.402+0600][58.221s][info][gc,marking     ] GC(257) Concurrent Scan Root Regions 2.434ms
[2026-04-03T02:42:44.402+0600][58.221s][info][gc,marking     ] GC(257) Concurrent Mark
[2026-04-03T02:42:44.402+0600][58.221s][info][gc,marking     ] GC(257) Concurrent Mark From Roots
[2026-04-03T02:42:44.402+0600][58.221s][info][gc,task        ] GC(257) Using 3 workers of 3 for marking
[2026-04-03T02:42:44.479+0600][58.298s][info][gc,marking     ] GC(257) Concurrent Mark From Roots 76.325ms
[2026-04-03T02:42:44.479+0600][58.298s][info][gc,marking     ] GC(257) Concurrent Preclean
[2026-04-03T02:42:44.479+0600][58.298s][info][gc,marking     ] GC(257) Concurrent Preclean 0.660ms
[2026-04-03T02:42:44.480+0600][58.299s][info][gc,start       ] GC(257) Pause Remark
[2026-04-03T02:42:44.489+0600][58.309s][info][gc             ] GC(257) Pause Remark 192M->192M(464M) 9.718ms
[2026-04-03T02:42:44.490+0600][58.309s][info][gc,cpu         ] GC(257) User=0.07s Sys=0.00s Real=0.01s
[2026-04-03T02:42:44.490+0600][58.309s][info][gc,marking     ] GC(257) Concurrent Mark 87.666ms
[2026-04-03T02:42:44.490+0600][58.309s][info][gc,marking     ] GC(257) Concurrent Rebuild Remembered Sets and Scrub Regions
[2026-04-03T02:42:44.525+0600][58.344s][info][gc,marking     ] GC(257) Concurrent Rebuild Remembered Sets and Scrub Regions 34.442ms
[2026-04-03T02:42:44.525+0600][58.344s][info][gc,start       ] GC(257) Pause Cleanup
[2026-04-03T02:42:44.525+0600][58.344s][info][gc             ] GC(257) Pause Cleanup 223M->223M(464M) 0.386ms
[2026-04-03T02:42:44.525+0600][58.344s][info][gc,cpu         ] GC(257) User=0.00s Sys=0.00s Real=0.00s
[2026-04-03T02:42:44.526+0600][58.345s][info][gc,marking     ] GC(257) Concurrent Clear Claimed Marks
[2026-04-03T02:42:44.526+0600][58.345s][info][gc,marking     ] GC(257) Concurrent Clear Claimed Marks 0.363ms
[2026-04-03T02:42:44.526+0600][58.345s][info][gc,marking     ] GC(257) Concurrent Cleanup for Next Mark
[2026-04-03T02:42:44.527+0600][58.346s][info][gc,marking     ] GC(257) Concurrent Cleanup for Next Mark 1.272ms
[2026-04-03T02:42:44.527+0600][58.346s][info][gc             ] GC(257) Concurrent Mark Cycle 127.580ms
[2026-04-03T02:42:44.692+0600][58.511s][info][gc,start       ] GC(258) Pause Young (Prepare Mixed) (G1 Evacuation Pause)
[2026-04-03T02:42:44.693+0600][58.512s][info][gc,task        ] GC(258) Using 10 workers of 10 for evacuation
[2026-04-03T02:42:44.699+0600][58.518s][info][gc,phases      ] GC(258)   Pre Evacuate Collection Set: 0.30ms
[2026-04-03T02:42:44.699+0600][58.518s][info][gc,phases      ] GC(258)   Merge Heap Roots: 0.22ms
[2026-04-03T02:42:44.699+0600][58.518s][info][gc,phases      ] GC(258)   Evacuate Collection Set: 5.10ms
[2026-04-03T02:42:44.699+0600][58.518s][info][gc,phases      ] GC(258)   Post Evacuate Collection Set: 0.75ms
[2026-04-03T02:42:44.699+0600][58.518s][info][gc,phases      ] GC(258)   Other: 0.13ms
[2026-04-03T02:42:44.699+0600][58.518s][info][gc,heap        ] GC(258) Eden regions: 205->0(275)
[2026-04-03T02:42:44.699+0600][58.518s][info][gc,heap        ] GC(258) Survivor regions: 6->8(35)
[2026-04-03T02:42:44.699+0600][58.518s][info][gc,heap        ] GC(258) Old regions: 85->86
[2026-04-03T02:42:44.699+0600][58.518s][info][gc,heap        ] GC(258) Humongous regions: 168->8
[2026-04-03T02:42:44.699+0600][58.518s][info][gc,metaspace   ] GC(258) Metaspace: 131295K(132736K)->131295K(132736K) NonClass: 114838K(115584K)->114838K(115584K) Class: 16457K(17152K)->16457K(17152K)
[2026-04-03T02:42:44.699+0600][58.518s][info][gc             ] GC(258) Pause Young (Prepare Mixed) (G1 Evacuation Pause) 462M->99M(473M) 6.817ms
[2026-04-03T02:42:44.699+0600][58.518s][info][gc,cpu         ] GC(258) User=0.05s Sys=0.01s Real=0.00s
[2026-04-03T02:42:45.172+0600][58.991s][info][gc,start       ] GC(259) Pause Young (Mixed) (G1 Evacuation Pause)
[2026-04-03T02:42:45.172+0600][58.991s][info][gc,task        ] GC(259) Using 10 workers of 10 for evacuation
[2026-04-03T02:42:45.176+0600][58.995s][info][gc,phases      ] GC(259)   Pre Evacuate Collection Set: 0.24ms
[2026-04-03T02:42:45.176+0600][58.995s][info][gc,phases      ] GC(259)   Merge Heap Roots: 0.16ms
[2026-04-03T02:42:45.176+0600][58.995s][info][gc,phases      ] GC(259)   Evacuate Collection Set: 2.50ms
[2026-04-03T02:42:45.176+0600][58.995s][info][gc,phases      ] GC(259)   Post Evacuate Collection Set: 0.56ms
[2026-04-03T02:42:45.176+0600][58.995s][info][gc,phases      ] GC(259)   Other: 0.12ms
[2026-04-03T02:42:45.176+0600][58.995s][info][gc,heap        ] GC(259) Eden regions: 261->0(282)
[2026-04-03T02:42:45.176+0600][58.995s][info][gc,heap        ] GC(259) Survivor regions: 8->6(36)
[2026-04-03T02:42:45.176+0600][58.995s][info][gc,heap        ] GC(259) Old regions: 86->85
[2026-04-03T02:42:45.176+0600][58.995s][info][gc,heap        ] GC(259) Humongous regions: 118->8
[2026-04-03T02:42:45.176+0600][58.995s][info][gc,metaspace   ] GC(259) Metaspace: 131318K(132736K)->131318K(132736K) NonClass: 114860K(115584K)->114860K(115584K) Class: 16457K(17152K)->16457K(17152K)
[2026-04-03T02:42:45.176+0600][58.995s][info][gc             ] GC(259) Pause Young (Mixed) (G1 Evacuation Pause) 470M->96M(480M) 3.784ms
[2026-04-03T02:42:45.176+0600][58.995s][info][gc,cpu         ] GC(259) User=0.02s Sys=0.00s Real=0.00s
[2026-04-03T02:42:45.188+0600][59.007s][info][gc,start       ] GC(260) Pause Young (Concurrent Start) (G1 Humongous Allocation)
[2026-04-03T02:42:45.189+0600][59.008s][info][gc,task        ] GC(260) Using 10 workers of 10 for evacuation
[2026-04-03T02:42:45.192+0600][59.011s][info][gc,phases      ] GC(260)   Pre Evacuate Collection Set: 0.37ms
[2026-04-03T02:42:45.192+0600][59.011s][info][gc,phases      ] GC(260)   Merge Heap Roots: 0.12ms
[2026-04-03T02:42:45.192+0600][59.011s][info][gc,phases      ] GC(260)   Evacuate Collection Set: 1.52ms
[2026-04-03T02:42:45.192+0600][59.011s][info][gc,phases      ] GC(260)   Post Evacuate Collection Set: 0.81ms
[2026-04-03T02:42:45.192+0600][59.011s][info][gc,phases      ] GC(260)   Other: 0.14ms
[2026-04-03T02:42:45.192+0600][59.011s][info][gc,heap        ] GC(260) Eden regions: 7->0(283)
[2026-04-03T02:42:45.192+0600][59.011s][info][gc,heap        ] GC(260) Survivor regions: 6->5(36)
[2026-04-03T02:42:45.192+0600][59.011s][info][gc,heap        ] GC(260) Old regions: 85->85
[2026-04-03T02:42:45.192+0600][59.011s][info][gc,heap        ] GC(260) Humongous regions: 8->8
[2026-04-03T02:42:45.192+0600][59.011s][info][gc,metaspace   ] GC(260) Metaspace: 131322K(132736K)->131322K(132736K) NonClass: 114864K(115584K)->114864K(115584K) Class: 16457K(17152K)->16457K(17152K)
[2026-04-03T02:42:45.192+0600][59.011s][info][gc             ] GC(260) Pause Young (Concurrent Start) (G1 Humongous Allocation) 102M->96M(480M) 3.263ms
[2026-04-03T02:42:45.192+0600][59.011s][info][gc             ] GC(261) Concurrent Mark Cycle
[2026-04-03T02:42:45.192+0600][59.011s][info][gc,marking     ] GC(261) Concurrent Scan Root Regions
[2026-04-03T02:42:45.192+0600][59.011s][info][gc,cpu         ] GC(260) User=0.02s Sys=0.00s Real=0.01s
[2026-04-03T02:42:45.194+0600][59.013s][info][gc,marking     ] GC(261) Concurrent Scan Root Regions 1.990ms
[2026-04-03T02:42:45.194+0600][59.013s][info][gc,marking     ] GC(261) Concurrent Mark
[2026-04-03T02:42:45.194+0600][59.013s][info][gc,marking     ] GC(261) Concurrent Mark From Roots
[2026-04-03T02:42:45.194+0600][59.013s][info][gc,task        ] GC(261) Using 3 workers of 3 for marking
[2026-04-03T02:42:45.280+0600][59.099s][info][gc,marking     ] GC(261) Concurrent Mark From Roots 86.038ms
[2026-04-03T02:42:45.280+0600][59.099s][info][gc,marking     ] GC(261) Concurrent Preclean
[2026-04-03T02:42:45.281+0600][59.100s][info][gc,marking     ] GC(261) Concurrent Preclean 0.575ms
[2026-04-03T02:42:45.281+0600][59.100s][info][gc,start       ] GC(261) Pause Remark
[2026-04-03T02:42:45.291+0600][59.110s][info][gc             ] GC(261) Pause Remark 201M->201M(480M) 9.723ms
[2026-04-03T02:42:45.291+0600][59.110s][info][gc,cpu         ] GC(261) User=0.06s Sys=0.01s Real=0.01s
[2026-04-03T02:42:45.291+0600][59.110s][info][gc,marking     ] GC(261) Concurrent Mark 97.205ms
[2026-04-03T02:42:45.291+0600][59.110s][info][gc,marking     ] GC(261) Concurrent Rebuild Remembered Sets and Scrub Regions
[2026-04-03T02:42:45.331+0600][59.150s][info][gc,marking     ] GC(261) Concurrent Rebuild Remembered Sets and Scrub Regions 39.704ms
[2026-04-03T02:42:45.331+0600][59.150s][info][gc,start       ] GC(261) Pause Cleanup
[2026-04-03T02:42:45.332+0600][59.151s][info][gc             ] GC(261) Pause Cleanup 248M->248M(480M) 0.284ms
[2026-04-03T02:42:45.332+0600][59.151s][info][gc,cpu         ] GC(261) User=0.00s Sys=0.00s Real=0.00s
[2026-04-03T02:42:45.332+0600][59.151s][info][gc,marking     ] GC(261) Concurrent Clear Claimed Marks
[2026-04-03T02:42:45.332+0600][59.151s][info][gc,marking     ] GC(261) Concurrent Clear Claimed Marks 0.348ms
[2026-04-03T02:42:45.332+0600][59.151s][info][gc,marking     ] GC(261) Concurrent Cleanup for Next Mark
[2026-04-03T02:42:45.333+0600][59.152s][info][gc,marking     ] GC(261) Concurrent Cleanup for Next Mark 1.035ms
[2026-04-03T02:42:45.333+0600][59.152s][info][gc             ] GC(261) Concurrent Mark Cycle 141.432ms
[2026-04-03T02:42:45.488+0600][59.307s][info][gc,start       ] GC(262) Pause Young (Prepare Mixed) (G1 Evacuation Pause)
[2026-04-03T02:42:45.488+0600][59.307s][info][gc,task        ] GC(262) Using 10 workers of 10 for evacuation
[2026-04-03T02:42:45.494+0600][59.313s][info][gc,phases      ] GC(262)   Pre Evacuate Collection Set: 0.41ms
[2026-04-03T02:42:45.494+0600][59.313s][info][gc,phases      ] GC(262)   Merge Heap Roots: 0.23ms
[2026-04-03T02:42:45.494+0600][59.313s][info][gc,phases      ] GC(262)   Evacuate Collection Set: 4.37ms
[2026-04-03T02:42:45.494+0600][59.313s][info][gc,phases      ] GC(262)   Post Evacuate Collection Set: 0.60ms
[2026-04-03T02:42:45.494+0600][59.313s][info][gc,phases      ] GC(262)   Other: 0.12ms
[2026-04-03T02:42:45.494+0600][59.313s][info][gc,heap        ] GC(262) Eden regions: 209->0(285)
[2026-04-03T02:42:45.494+0600][59.313s][info][gc,heap        ] GC(262) Survivor regions: 5->7(36)
[2026-04-03T02:42:45.494+0600][59.313s][info][gc,heap        ] GC(262) Old regions: 85->85
[2026-04-03T02:42:45.494+0600][59.313s][info][gc,heap        ] GC(262) Humongous regions: 181->8
[2026-04-03T02:42:45.494+0600][59.313s][info][gc,metaspace   ] GC(262) Metaspace: 131337K(132736K)->131337K(132736K) NonClass: 114876K(115584K)->114876K(115584K) Class: 16460K(17152K)->16460K(17152K)
[2026-04-03T02:42:45.494+0600][59.313s][info][gc             ] GC(262) Pause Young (Prepare Mixed) (G1 Evacuation Pause) 478M->98M(487M) 6.037ms
[2026-04-03T02:42:45.494+0600][59.313s][info][gc,cpu         ] GC(262) User=0.04s Sys=0.01s Real=0.01s
[2026-04-03T02:42:45.745+0600][59.564s][info][gc,start       ] GC(263) Pause Young (Mixed) (GCLocker Initiated GC)
[2026-04-03T02:42:45.745+0600][59.564s][info][gc,task        ] GC(263) Using 10 workers of 10 for evacuation
[2026-04-03T02:42:45.752+0600][59.571s][info][gc,phases      ] GC(263)   Pre Evacuate Collection Set: 0.45ms
[2026-04-03T02:42:45.752+0600][59.571s][info][gc,phases      ] GC(263)   Merge Heap Roots: 0.26ms
[2026-04-03T02:42:45.752+0600][59.571s][info][gc,phases      ] GC(263)   Evacuate Collection Set: 5.42ms
[2026-04-03T02:42:45.752+0600][59.571s][info][gc,phases      ] GC(263)   Post Evacuate Collection Set: 0.63ms
[2026-04-03T02:42:45.752+0600][59.571s][info][gc,phases      ] GC(263)   Other: 0.11ms
[2026-04-03T02:42:45.752+0600][59.571s][info][gc,heap        ] GC(263) Eden regions: 219->0(290)
[2026-04-03T02:42:45.752+0600][59.571s][info][gc,heap        ] GC(263) Survivor regions: 7->7(37)
[2026-04-03T02:42:45.752+0600][59.571s][info][gc,heap        ] GC(263) Old regions: 85->85
[2026-04-03T02:42:45.752+0600][59.571s][info][gc,heap        ] GC(263) Humongous regions: 176->8
[2026-04-03T02:42:45.752+0600][59.571s][info][gc,metaspace   ] GC(263) Metaspace: 131337K(132736K)->131337K(132736K) NonClass: 114876K(115584K)->114876K(115584K) Class: 16460K(17152K)->16460K(17152K)
[2026-04-03T02:42:45.752+0600][59.571s][info][gc             ] GC(263) Pause Young (Mixed) (GCLocker Initiated GC) 485M->98M(495M) 7.144ms
[2026-04-03T02:42:45.752+0600][59.571s][info][gc,cpu         ] GC(263) User=0.04s Sys=0.01s Real=0.01s
[2026-04-03T02:42:45.761+0600][59.580s][info][gc,start       ] GC(264) Pause Young (Concurrent Start) (G1 Humongous Allocation)
[2026-04-03T02:42:45.761+0600][59.580s][info][gc,task        ] GC(264) Using 10 workers of 10 for evacuation
[2026-04-03T02:42:45.765+0600][59.584s][info][gc,phases      ] GC(264)   Pre Evacuate Collection Set: 0.39ms
[2026-04-03T02:42:45.765+0600][59.584s][info][gc,phases      ] GC(264)   Merge Heap Roots: 0.14ms
[2026-04-03T02:42:45.765+0600][59.584s][info][gc,phases      ] GC(264)   Evacuate Collection Set: 2.83ms
[2026-04-03T02:42:45.765+0600][59.584s][info][gc,phases      ] GC(264)   Post Evacuate Collection Set: 0.61ms
[2026-04-03T02:42:45.765+0600][59.584s][info][gc,phases      ] GC(264)   Other: 0.14ms
[2026-04-03T02:42:45.765+0600][59.584s][info][gc,heap        ] GC(264) Eden regions: 8->0(290)
[2026-04-03T02:42:45.765+0600][59.584s][info][gc,heap        ] GC(264) Survivor regions: 7->7(38)
[2026-04-03T02:42:45.765+0600][59.584s][info][gc,heap        ] GC(264) Old regions: 85->85
[2026-04-03T02:42:45.765+0600][59.584s][info][gc,heap        ] GC(264) Humongous regions: 8->8
[2026-04-03T02:42:45.765+0600][59.584s][info][gc,metaspace   ] GC(264) Metaspace: 131337K(132736K)->131337K(132736K) NonClass: 114876K(115584K)->114876K(115584K) Class: 16460K(17152K)->16460K(17152K)
[2026-04-03T02:42:45.765+0600][59.584s][info][gc             ] GC(264) Pause Young (Concurrent Start) (G1 Humongous Allocation) 106M->98M(495M) 4.404ms
[2026-04-03T02:42:45.765+0600][59.584s][info][gc             ] GC(265) Concurrent Mark Cycle
[2026-04-03T02:42:45.765+0600][59.584s][info][gc,marking     ] GC(265) Concurrent Scan Root Regions
[2026-04-03T02:42:45.765+0600][59.584s][info][gc,cpu         ] GC(264) User=0.03s Sys=0.00s Real=0.00s
[2026-04-03T02:42:45.768+0600][59.587s][info][gc,marking     ] GC(265) Concurrent Scan Root Regions 2.893ms
[2026-04-03T02:42:45.768+0600][59.587s][info][gc,marking     ] GC(265) Concurrent Mark
[2026-04-03T02:42:45.768+0600][59.587s][info][gc,marking     ] GC(265) Concurrent Mark From Roots
[2026-04-03T02:42:45.768+0600][59.587s][info][gc,task        ] GC(265) Using 3 workers of 3 for marking
[2026-04-03T02:42:45.850+0600][59.669s][info][gc,marking     ] GC(265) Concurrent Mark From Roots 81.984ms
[2026-04-03T02:42:45.851+0600][59.670s][info][gc,marking     ] GC(265) Concurrent Preclean
[2026-04-03T02:42:45.851+0600][59.670s][info][gc,marking     ] GC(265) Concurrent Preclean 0.416ms
[2026-04-03T02:42:45.851+0600][59.670s][info][gc,start       ] GC(265) Pause Remark
[2026-04-03T02:42:45.861+0600][59.680s][info][gc             ] GC(265) Pause Remark 192M->192M(474M) 9.657ms
[2026-04-03T02:42:45.861+0600][59.680s][info][gc,cpu         ] GC(265) User=0.07s Sys=0.00s Real=0.01s
[2026-04-03T02:42:45.862+0600][59.681s][info][gc,marking     ] GC(265) Concurrent Mark 93.197ms
[2026-04-03T02:42:45.862+0600][59.681s][info][gc,marking     ] GC(265) Concurrent Rebuild Remembered Sets and Scrub Regions
[2026-04-03T02:42:45.899+0600][59.718s][info][gc,marking     ] GC(265) Concurrent Rebuild Remembered Sets and Scrub Regions 37.500ms
[2026-04-03T02:42:45.900+0600][59.719s][info][gc,start       ] GC(265) Pause Cleanup
[2026-04-03T02:42:45.900+0600][59.719s][info][gc             ] GC(265) Pause Cleanup 230M->230M(474M) 0.408ms
[2026-04-03T02:42:45.900+0600][59.719s][info][gc,cpu         ] GC(265) User=0.00s Sys=0.01s Real=0.00s
[2026-04-03T02:42:45.900+0600][59.719s][info][gc,marking     ] GC(265) Concurrent Clear Claimed Marks
[2026-04-03T02:42:45.901+0600][59.720s][info][gc,marking     ] GC(265) Concurrent Clear Claimed Marks 0.426ms
[2026-04-03T02:42:45.901+0600][59.720s][info][gc,marking     ] GC(265) Concurrent Cleanup for Next Mark
[2026-04-03T02:42:45.902+0600][59.721s][info][gc,marking     ] GC(265) Concurrent Cleanup for Next Mark 0.812ms
[2026-04-03T02:42:45.902+0600][59.721s][info][gc             ] GC(265) Concurrent Mark Cycle 136.383ms
[2026-04-03T02:42:46.147+0600][59.966s][info][gc,start       ] GC(266) Pause Young (Prepare Mixed) (G1 Evacuation Pause)
[2026-04-03T02:42:46.147+0600][59.966s][info][gc,task        ] GC(266) Using 10 workers of 10 for evacuation
[2026-04-03T02:42:46.154+0600][59.973s][info][gc,phases      ] GC(266)   Pre Evacuate Collection Set: 0.36ms
[2026-04-03T02:42:46.154+0600][59.973s][info][gc,phases      ] GC(266)   Merge Heap Roots: 0.35ms
[2026-04-03T02:42:46.154+0600][59.973s][info][gc,phases      ] GC(266)   Evacuate Collection Set: 5.03ms
[2026-04-03T02:42:46.154+0600][59.973s][info][gc,phases      ] GC(266)   Post Evacuate Collection Set: 1.01ms
[2026-04-03T02:42:46.154+0600][59.973s][info][gc,phases      ] GC(266)   Other: 0.12ms
[2026-04-03T02:42:46.154+0600][59.973s][info][gc,heap        ] GC(266) Eden regions: 228->0(281)
[2026-04-03T02:42:46.154+0600][59.973s][info][gc,heap        ] GC(266) Survivor regions: 7->10(36)
[2026-04-03T02:42:46.154+0600][59.973s][info][gc,heap        ] GC(266) Old regions: 85->86
[2026-04-03T02:42:46.154+0600][59.973s][info][gc,heap        ] GC(266) Humongous regions: 154->8
[2026-04-03T02:42:46.154+0600][59.973s][info][gc,metaspace   ] GC(266) Metaspace: 131337K(132736K)->131337K(132736K) NonClass: 114876K(115584K)->114876K(115584K) Class: 16460K(17152K)->16460K(17152K)
[2026-04-03T02:42:46.154+0600][59.973s][info][gc             ] GC(266) Pause Young (Prepare Mixed) (G1 Evacuation Pause) 472M->101M(485M) 7.244ms
[2026-04-03T02:42:46.154+0600][59.973s][info][gc,cpu         ] GC(266) User=0.05s Sys=0.01s Real=0.01s
[2026-04-03T02:42:46.435+0600][60.254s][info][gc,start       ] GC(267) Pause Young (Mixed) (G1 Evacuation Pause)
[2026-04-03T02:42:46.435+0600][60.254s][info][gc,task        ] GC(267) Using 10 workers of 10 for evacuation
[2026-04-03T02:42:46.440+0600][60.259s][info][gc,phases      ] GC(267)   Pre Evacuate Collection Set: 0.27ms
[2026-04-03T02:42:46.440+0600][60.259s][info][gc,phases      ] GC(267)   Merge Heap Roots: 0.21ms
[2026-04-03T02:42:46.440+0600][60.259s][info][gc,phases      ] GC(267)   Evacuate Collection Set: 3.92ms
[2026-04-03T02:42:46.440+0600][60.259s][info][gc,phases      ] GC(267)   Post Evacuate Collection Set: 0.66ms
[2026-04-03T02:42:46.440+0600][60.259s][info][gc,phases      ] GC(267)   Other: 0.18ms
[2026-04-03T02:42:46.440+0600][60.259s][info][gc,heap        ] GC(267) Eden regions: 261->0(311)
[2026-04-03T02:42:46.440+0600][60.259s][info][gc,heap        ] GC(267) Survivor regions: 10->9(37)
[2026-04-03T02:42:46.440+0600][60.259s][info][gc,heap        ] GC(267) Old regions: 86->84
[2026-04-03T02:42:46.440+0600][60.259s][info][gc,heap        ] GC(267) Humongous regions: 168->23
[2026-04-03T02:42:46.440+0600][60.259s][info][gc,metaspace   ] GC(267) Metaspace: 131339K(132736K)->131339K(132736K) NonClass: 114878K(115584K)->114878K(115584K) Class: 16460K(17152K)->16460K(17152K)
[2026-04-03T02:42:46.440+0600][60.259s][info][gc             ] GC(267) Pause Young (Mixed) (G1 Evacuation Pause) 522M->115M(534M) 5.580ms
[2026-04-03T02:42:46.440+0600][60.259s][info][gc,cpu         ] GC(267) User=0.03s Sys=0.01s Real=0.01s
[2026-04-03T02:42:46.441+0600][60.260s][info][gc,start       ] GC(268) Pause Young (Concurrent Start) (G1 Humongous Allocation)
[2026-04-03T02:42:46.441+0600][60.260s][info][gc,task        ] GC(268) Using 10 workers of 10 for evacuation
[2026-04-03T02:42:46.445+0600][60.264s][info][gc,phases      ] GC(268)   Pre Evacuate Collection Set: 0.29ms
[2026-04-03T02:42:46.445+0600][60.264s][info][gc,phases      ] GC(268)   Merge Heap Roots: 0.09ms
[2026-04-03T02:42:46.445+0600][60.264s][info][gc,phases      ] GC(268)   Evacuate Collection Set: 2.34ms
[2026-04-03T02:42:46.445+0600][60.264s][info][gc,phases      ] GC(268)   Post Evacuate Collection Set: 0.56ms
[2026-04-03T02:42:46.445+0600][60.264s][info][gc,phases      ] GC(268)   Other: 0.22ms
[2026-04-03T02:42:46.445+0600][60.264s][info][gc,heap        ] GC(268) Eden regions: 3->0(291)
[2026-04-03T02:42:46.445+0600][60.264s][info][gc,heap        ] GC(268) Survivor regions: 9->9(40)
[2026-04-03T02:42:46.445+0600][60.264s][info][gc,heap        ] GC(268) Old regions: 84->85
[2026-04-03T02:42:46.445+0600][60.264s][info][gc,heap        ] GC(268) Humongous regions: 28->13
[2026-04-03T02:42:46.445+0600][60.264s][info][gc,metaspace   ] GC(268) Metaspace: 131339K(132736K)->131339K(132736K) NonClass: 114878K(115584K)->114878K(115584K) Class: 16460K(17152K)->16460K(17152K)
[2026-04-03T02:42:46.445+0600][60.264s][info][gc             ] GC(268) Pause Young (Concurrent Start) (G1 Humongous Allocation) 122M->105M(534M) 3.803ms
[2026-04-03T02:42:46.445+0600][60.264s][info][gc,cpu         ] GC(268) User=0.02s Sys=0.01s Real=0.00s
[2026-04-03T02:42:46.445+0600][60.264s][info][gc             ] GC(269) Concurrent Undo Cycle
[2026-04-03T02:42:46.445+0600][60.264s][info][gc,marking     ] GC(269) Concurrent Clear Claimed Marks
[2026-04-03T02:42:46.446+0600][60.265s][info][gc,marking     ] GC(269) Concurrent Clear Claimed Marks 0.222ms
[2026-04-03T02:42:46.446+0600][60.265s][info][gc,marking     ] GC(269) Concurrent Cleanup for Next Mark
[2026-04-03T02:42:46.446+0600][60.265s][info][gc,marking     ] GC(269) Concurrent Cleanup for Next Mark 0.741ms
[2026-04-03T02:42:46.446+0600][60.265s][info][gc             ] GC(269) Concurrent Undo Cycle 1.186ms
[2026-04-03T02:42:46.447+0600][60.266s][info][gc,start       ] GC(270) Pause Young (Concurrent Start) (G1 Humongous Allocation)
[2026-04-03T02:42:46.448+0600][60.267s][info][gc,task        ] GC(270) Using 10 workers of 10 for evacuation
[2026-04-03T02:42:46.451+0600][60.270s][info][gc,phases      ] GC(270)   Pre Evacuate Collection Set: 0.31ms
[2026-04-03T02:42:46.451+0600][60.270s][info][gc,phases      ] GC(270)   Merge Heap Roots: 0.09ms
[2026-04-03T02:42:46.451+0600][60.270s][info][gc,phases      ] GC(270)   Evacuate Collection Set: 2.35ms
[2026-04-03T02:42:46.451+0600][60.270s][info][gc,phases      ] GC(270)   Post Evacuate Collection Set: 0.66ms
[2026-04-03T02:42:46.451+0600][60.270s][info][gc,phases      ] GC(270)   Other: 0.13ms
[2026-04-03T02:42:46.451+0600][60.270s][info][gc,heap        ] GC(270) Eden regions: 2->0(242)
[2026-04-03T02:42:46.451+0600][60.270s][info][gc,heap        ] GC(270) Survivor regions: 9->8(38)
[2026-04-03T02:42:46.451+0600][60.270s][info][gc,heap        ] GC(270) Old regions: 85->86
[2026-04-03T02:42:46.451+0600][60.270s][info][gc,heap        ] GC(270) Humongous regions: 33->23
[2026-04-03T02:42:46.451+0600][60.270s][info][gc,metaspace   ] GC(270) Metaspace: 131339K(132736K)->131339K(132736K) NonClass: 114878K(115584K)->114878K(115584K) Class: 16460K(17152K)->16460K(17152K)
[2026-04-03T02:42:46.451+0600][60.270s][info][gc             ] GC(270) Pause Young (Concurrent Start) (G1 Humongous Allocation) 126M->115M(534M) 3.885ms
[2026-04-03T02:42:46.451+0600][60.270s][info][gc,cpu         ] GC(270) User=0.03s Sys=0.00s Real=0.01s
[2026-04-03T02:42:46.451+0600][60.270s][info][gc             ] GC(271) Concurrent Mark Cycle
[2026-04-03T02:42:46.452+0600][60.271s][info][gc,marking     ] GC(271) Concurrent Scan Root Regions
[2026-04-03T02:42:46.454+0600][60.273s][info][gc,marking     ] GC(271) Concurrent Scan Root Regions 2.037ms
[2026-04-03T02:42:46.454+0600][60.273s][info][gc,marking     ] GC(271) Concurrent Mark
[2026-04-03T02:42:46.454+0600][60.273s][info][gc,marking     ] GC(271) Concurrent Mark From Roots
[2026-04-03T02:42:46.454+0600][60.273s][info][gc,task        ] GC(271) Using 3 workers of 3 for marking
[2026-04-03T02:42:46.535+0600][60.354s][info][gc,marking     ] GC(271) Concurrent Mark From Roots 81.322ms
[2026-04-03T02:42:46.535+0600][60.354s][info][gc,marking     ] GC(271) Concurrent Preclean
[2026-04-03T02:42:46.535+0600][60.354s][info][gc,marking     ] GC(271) Concurrent Preclean 0.362ms
[2026-04-03T02:42:46.536+0600][60.355s][info][gc,start       ] GC(271) Pause Remark
[2026-04-03T02:42:46.545+0600][60.364s][info][gc             ] GC(271) Pause Remark 425M->425M(619M) 9.338ms
[2026-04-03T02:42:46.545+0600][60.364s][info][gc,cpu         ] GC(271) User=0.06s Sys=0.00s Real=0.01s
[2026-04-03T02:42:46.546+0600][60.365s][info][gc,marking     ] GC(271) Concurrent Mark 91.906ms
[2026-04-03T02:42:46.546+0600][60.365s][info][gc,marking     ] GC(271) Concurrent Rebuild Remembered Sets and Scrub Regions
[2026-04-03T02:42:46.573+0600][60.392s][info][gc,marking     ] GC(271) Concurrent Rebuild Remembered Sets and Scrub Regions 27.667ms
[2026-04-03T02:42:46.575+0600][60.394s][info][gc,start       ] GC(271) Pause Cleanup
[2026-04-03T02:42:46.575+0600][60.394s][info][gc             ] GC(271) Pause Cleanup 471M->471M(619M) 0.339ms
[2026-04-03T02:42:46.575+0600][60.394s][info][gc,cpu         ] GC(271) User=0.00s Sys=0.00s Real=0.00s
[2026-04-03T02:42:46.575+0600][60.394s][info][gc,marking     ] GC(271) Concurrent Clear Claimed Marks
[2026-04-03T02:42:46.576+0600][60.395s][info][gc,marking     ] GC(271) Concurrent Clear Claimed Marks 0.465ms
[2026-04-03T02:42:46.576+0600][60.395s][info][gc,marking     ] GC(271) Concurrent Cleanup for Next Mark
[2026-04-03T02:42:46.578+0600][60.397s][info][gc,marking     ] GC(271) Concurrent Cleanup for Next Mark 2.200ms
[2026-04-03T02:42:46.578+0600][60.397s][info][gc             ] GC(271) Concurrent Mark Cycle 126.606ms
[2026-04-03T02:42:46.617+0600][60.436s][info][gc,start       ] GC(272) Pause Young (Prepare Mixed) (G1 Evacuation Pause)
[2026-04-03T02:42:46.617+0600][60.436s][info][gc,task        ] GC(272) Using 10 workers of 10 for evacuation
[2026-04-03T02:42:46.622+0600][60.441s][info][gc,phases      ] GC(272)   Pre Evacuate Collection Set: 0.36ms
[2026-04-03T02:42:46.622+0600][60.441s][info][gc,phases      ] GC(272)   Merge Heap Roots: 0.24ms
[2026-04-03T02:42:46.622+0600][60.441s][info][gc,phases      ] GC(272)   Evacuate Collection Set: 3.19ms
[2026-04-03T02:42:46.622+0600][60.441s][info][gc,phases      ] GC(272)   Post Evacuate Collection Set: 0.88ms
[2026-04-03T02:42:46.622+0600][60.441s][info][gc,phases      ] GC(272)   Other: 0.08ms
[2026-04-03T02:42:46.622+0600][60.441s][info][gc,heap        ] GC(272) Eden regions: 73->0(378)
[2026-04-03T02:42:46.622+0600][60.441s][info][gc,heap        ] GC(272) Survivor regions: 8->7(32)
[2026-04-03T02:42:46.622+0600][60.441s][info][gc,heap        ] GC(272) Old regions: 86->86
[2026-04-03T02:42:46.622+0600][60.441s][info][gc,heap        ] GC(272) Humongous regions: 537->23
[2026-04-03T02:42:46.622+0600][60.441s][info][gc,metaspace   ] GC(272) Metaspace: 131340K(132736K)->131340K(132736K) NonClass: 114879K(115584K)->114879K(115584K) Class: 16460K(17152K)->16460K(17152K)
[2026-04-03T02:42:46.622+0600][60.441s][info][gc             ] GC(272) Pause Young (Prepare Mixed) (G1 Evacuation Pause) 702M->115M(711M) 5.035ms
[2026-04-03T02:42:46.622+0600][60.441s][info][gc,cpu         ] GC(272) User=0.02s Sys=0.01s Real=0.01s
[2026-04-03T02:42:47.176+0600][60.995s][info][gc,start       ] GC(273) Pause Young (Mixed) (G1 Evacuation Pause)
[2026-04-03T02:42:47.176+0600][60.995s][info][gc,task        ] GC(273) Using 10 workers of 10 for evacuation
[2026-04-03T02:42:47.181+0600][61.000s][info][gc,phases      ] GC(273)   Pre Evacuate Collection Set: 0.42ms
[2026-04-03T02:42:47.181+0600][61.000s][info][gc,phases      ] GC(273)   Merge Heap Roots: 0.29ms
[2026-04-03T02:42:47.181+0600][61.000s][info][gc,phases      ] GC(273)   Evacuate Collection Set: 3.45ms
[2026-04-03T02:42:47.181+0600][61.000s][info][gc,phases      ] GC(273)   Post Evacuate Collection Set: 0.87ms
[2026-04-03T02:42:47.181+0600][61.000s][info][gc,phases      ] GC(273)   Other: 0.13ms
[2026-04-03T02:42:47.181+0600][61.000s][info][gc,heap        ] GC(273) Eden regions: 348->0(420)
[2026-04-03T02:42:47.181+0600][61.000s][info][gc,heap        ] GC(273) Survivor regions: 7->6(49)
[2026-04-03T02:42:47.181+0600][61.000s][info][gc,heap        ] GC(273) Old regions: 86->85
[2026-04-03T02:42:47.181+0600][61.000s][info][gc,heap        ] GC(273) Humongous regions: 270->8
[2026-04-03T02:42:47.181+0600][61.000s][info][gc,metaspace   ] GC(273) Metaspace: 131363K(132736K)->131363K(132736K) NonClass: 114903K(115584K)->114903K(115584K) Class: 16460K(17152K)->16460K(17152K)
[2026-04-03T02:42:47.181+0600][61.000s][info][gc             ] GC(273) Pause Young (Mixed) (G1 Evacuation Pause) 710M->98M(717M) 5.423ms
[2026-04-03T02:42:47.181+0600][61.000s][info][gc,cpu         ] GC(273) User=0.03s Sys=0.01s Real=0.01s
[2026-04-03T02:42:47.182+0600][61.001s][info][gc,start       ] GC(274) Pause Young (Concurrent Start) (G1 Humongous Allocation)
[2026-04-03T02:42:47.182+0600][61.001s][info][gc,task        ] GC(274) Using 10 workers of 10 for evacuation
[2026-04-03T02:42:47.185+0600][61.004s][info][gc,phases      ] GC(274)   Pre Evacuate Collection Set: 0.36ms
[2026-04-03T02:42:47.185+0600][61.004s][info][gc,phases      ] GC(274)   Merge Heap Roots: 0.10ms
[2026-04-03T02:42:47.185+0600][61.004s][info][gc,phases      ] GC(274)   Evacuate Collection Set: 2.03ms
[2026-04-03T02:42:47.185+0600][61.004s][info][gc,phases      ] GC(274)   Post Evacuate Collection Set: 0.49ms
[2026-04-03T02:42:47.185+0600][61.004s][info][gc,phases      ] GC(274)   Other: 0.10ms
[2026-04-03T02:42:47.185+0600][61.004s][info][gc,heap        ] GC(274) Eden regions: 2->0(356)
[2026-04-03T02:42:47.185+0600][61.004s][info][gc,heap        ] GC(274) Survivor regions: 6->6(54)
[2026-04-03T02:42:47.185+0600][61.004s][info][gc,heap        ] GC(274) Old regions: 85->86
[2026-04-03T02:42:47.185+0600][61.004s][info][gc,heap        ] GC(274) Humongous regions: 8->8
[2026-04-03T02:42:47.185+0600][61.004s][info][gc,metaspace   ] GC(274) Metaspace: 131363K(132736K)->131363K(132736K) NonClass: 114903K(115584K)->114903K(115584K) Class: 16460K(17152K)->16460K(17152K)
[2026-04-03T02:42:47.185+0600][61.005s][info][gc             ] GC(274) Pause Young (Concurrent Start) (G1 Humongous Allocation) 100M->98M(717M) 3.341ms
[2026-04-03T02:42:47.186+0600][61.005s][info][gc             ] GC(275) Concurrent Mark Cycle
[2026-04-03T02:42:47.186+0600][61.005s][info][gc,cpu         ] GC(274) User=0.02s Sys=0.00s Real=0.00s
[2026-04-03T02:42:47.186+0600][61.005s][info][gc,marking     ] GC(275) Concurrent Scan Root Regions
[2026-04-03T02:42:47.188+0600][61.007s][info][gc,marking     ] GC(275) Concurrent Scan Root Regions 2.180ms
[2026-04-03T02:42:47.188+0600][61.007s][info][gc,marking     ] GC(275) Concurrent Mark
[2026-04-03T02:42:47.188+0600][61.007s][info][gc,marking     ] GC(275) Concurrent Mark From Roots
[2026-04-03T02:42:47.188+0600][61.007s][info][gc,task        ] GC(275) Using 3 workers of 3 for marking
[2026-04-03T02:42:47.271+0600][61.090s][info][gc,marking     ] GC(275) Concurrent Mark From Roots 83.199ms
[2026-04-03T02:42:47.271+0600][61.090s][info][gc,marking     ] GC(275) Concurrent Preclean
[2026-04-03T02:42:47.272+0600][61.091s][info][gc,marking     ] GC(275) Concurrent Preclean 0.760ms
[2026-04-03T02:42:47.272+0600][61.091s][info][gc,start       ] GC(275) Pause Remark
[2026-04-03T02:42:47.283+0600][61.102s][info][gc             ] GC(275) Pause Remark 188M->188M(460M) 10.597ms
[2026-04-03T02:42:47.283+0600][61.102s][info][gc,cpu         ] GC(275) User=0.07s Sys=0.00s Real=0.01s
[2026-04-03T02:42:47.283+0600][61.102s][info][gc,marking     ] GC(275) Concurrent Mark 95.408ms
[2026-04-03T02:42:47.283+0600][61.102s][info][gc,marking     ] GC(275) Concurrent Rebuild Remembered Sets and Scrub Regions
[2026-04-03T02:42:47.319+0600][61.138s][info][gc,marking     ] GC(275) Concurrent Rebuild Remembered Sets and Scrub Regions 35.644ms
[2026-04-03T02:42:47.319+0600][61.138s][info][gc,start       ] GC(275) Pause Cleanup
[2026-04-03T02:42:47.320+0600][61.139s][info][gc             ] GC(275) Pause Cleanup 214M->214M(460M) 0.447ms
[2026-04-03T02:42:47.320+0600][61.139s][info][gc,cpu         ] GC(275) User=0.01s Sys=0.00s Real=0.01s
[2026-04-03T02:42:47.320+0600][61.139s][info][gc,marking     ] GC(275) Concurrent Clear Claimed Marks
[2026-04-03T02:42:47.321+0600][61.140s][info][gc,marking     ] GC(275) Concurrent Clear Claimed Marks 0.402ms
[2026-04-03T02:42:47.321+0600][61.140s][info][gc,marking     ] GC(275) Concurrent Cleanup for Next Mark
[2026-04-03T02:42:47.322+0600][61.141s][info][gc,marking     ] GC(275) Concurrent Cleanup for Next Mark 1.517ms
[2026-04-03T02:42:47.322+0600][61.141s][info][gc             ] GC(275) Concurrent Mark Cycle 136.693ms
[2026-04-03T02:42:47.507+0600][61.326s][info][gc,start       ] GC(276) Pause Young (Prepare Mixed) (GCLocker Initiated GC)
[2026-04-03T02:42:47.507+0600][61.326s][info][gc,task        ] GC(276) Using 10 workers of 10 for evacuation
[2026-04-03T02:42:47.514+0600][61.333s][info][gc,phases      ] GC(276)   Pre Evacuate Collection Set: 0.55ms
[2026-04-03T02:42:47.514+0600][61.333s][info][gc,phases      ] GC(276)   Merge Heap Roots: 0.35ms
[2026-04-03T02:42:47.514+0600][61.333s][info][gc,phases      ] GC(276)   Evacuate Collection Set: 5.44ms
[2026-04-03T02:42:47.514+0600][61.333s][info][gc,phases      ] GC(276)   Post Evacuate Collection Set: 0.75ms
[2026-04-03T02:42:47.514+0600][61.333s][info][gc,phases      ] GC(276)   Other: 0.15ms
[2026-04-03T02:42:47.514+0600][61.333s][info][gc,heap        ] GC(276) Eden regions: 204->0(233)
[2026-04-03T02:42:47.514+0600][61.333s][info][gc,heap        ] GC(276) Survivor regions: 6->8(35)
[2026-04-03T02:42:47.514+0600][61.333s][info][gc,heap        ] GC(276) Old regions: 86->87
[2026-04-03T02:42:47.514+0600][61.333s][info][gc,heap        ] GC(276) Humongous regions: 166->8
[2026-04-03T02:42:47.514+0600][61.333s][info][gc,metaspace   ] GC(276) Metaspace: 131363K(132736K)->131363K(132736K) NonClass: 114903K(115584K)->114903K(115584K) Class: 16460K(17152K)->16460K(17152K)
[2026-04-03T02:42:47.514+0600][61.334s][info][gc             ] GC(276) Pause Young (Prepare Mixed) (GCLocker Initiated GC) 460M->101M(471M) 7.644ms
[2026-04-03T02:42:47.515+0600][61.334s][info][gc,cpu         ] GC(276) User=0.04s Sys=0.02s Real=0.01s
[2026-04-03T02:42:47.794+0600][61.613s][info][gc,start       ] GC(277) Pause Young (Mixed) (G1 Evacuation Pause)
[2026-04-03T02:42:47.795+0600][61.614s][info][gc,task        ] GC(277) Using 10 workers of 10 for evacuation
[2026-04-03T02:42:47.800+0600][61.619s][info][gc,phases      ] GC(277)   Pre Evacuate Collection Set: 0.35ms
[2026-04-03T02:42:47.800+0600][61.619s][info][gc,phases      ] GC(277)   Merge Heap Roots: 0.17ms
[2026-04-03T02:42:47.800+0600][61.619s][info][gc,phases      ] GC(277)   Evacuate Collection Set: 3.98ms
[2026-04-03T02:42:47.800+0600][61.619s][info][gc,phases      ] GC(277)   Post Evacuate Collection Set: 0.88ms
[2026-04-03T02:42:47.800+0600][61.619s][info][gc,phases      ] GC(277)   Other: 0.13ms
[2026-04-03T02:42:47.800+0600][61.619s][info][gc,heap        ] GC(277) Eden regions: 207->0(258)
[2026-04-03T02:42:47.800+0600][61.619s][info][gc,heap        ] GC(277) Survivor regions: 8->8(31)
[2026-04-03T02:42:47.800+0600][61.619s][info][gc,heap        ] GC(277) Old regions: 87->85
[2026-04-03T02:42:47.800+0600][61.619s][info][gc,heap        ] GC(277) Humongous regions: 174->8
[2026-04-03T02:42:47.800+0600][61.619s][info][gc,metaspace   ] GC(277) Metaspace: 131363K(132736K)->131363K(132736K) NonClass: 114903K(115584K)->114903K(115584K) Class: 16460K(17152K)->16460K(17152K)
[2026-04-03T02:42:47.800+0600][61.619s][info][gc             ] GC(277) Pause Young (Mixed) (G1 Evacuation Pause) 474M->99M(484M) 5.910ms
[2026-04-03T02:42:47.800+0600][61.619s][info][gc,cpu         ] GC(277) User=0.03s Sys=0.02s Real=0.01s
[2026-04-03T02:42:47.819+0600][61.638s][info][gc,start       ] GC(278) Pause Young (Concurrent Start) (G1 Humongous Allocation)
[2026-04-03T02:42:47.819+0600][61.638s][info][gc,task        ] GC(278) Using 10 workers of 10 for evacuation
[2026-04-03T02:42:47.824+0600][61.643s][info][gc,phases      ] GC(278)   Pre Evacuate Collection Set: 0.62ms
[2026-04-03T02:42:47.824+0600][61.643s][info][gc,phases      ] GC(278)   Merge Heap Roots: 0.25ms
[2026-04-03T02:42:47.824+0600][61.643s][info][gc,phases      ] GC(278)   Evacuate Collection Set: 3.71ms
[2026-04-03T02:42:47.824+0600][61.643s][info][gc,phases      ] GC(278)   Post Evacuate Collection Set: 0.84ms
[2026-04-03T02:42:47.824+0600][61.644s][info][gc,phases      ] GC(278)   Other: 0.30ms
[2026-04-03T02:42:47.825+0600][61.644s][info][gc,heap        ] GC(278) Eden regions: 22->0(269)
[2026-04-03T02:42:47.825+0600][61.644s][info][gc,heap        ] GC(278) Survivor regions: 8->7(34)
[2026-04-03T02:42:47.825+0600][61.644s][info][gc,heap        ] GC(278) Old regions: 85->85
[2026-04-03T02:42:47.825+0600][61.644s][info][gc,heap        ] GC(278) Humongous regions: 8->8
[2026-04-03T02:42:47.825+0600][61.644s][info][gc,metaspace   ] GC(278) Metaspace: 131363K(132736K)->131363K(132736K) NonClass: 114903K(115584K)->114903K(115584K) Class: 16460K(17152K)->16460K(17152K)
[2026-04-03T02:42:47.825+0600][61.644s][info][gc             ] GC(278) Pause Young (Concurrent Start) (G1 Humongous Allocation) 121M->99M(484M) 6.070ms
[2026-04-03T02:42:47.825+0600][61.644s][info][gc             ] GC(279) Concurrent Mark Cycle
[2026-04-03T02:42:47.825+0600][61.644s][info][gc,cpu         ] GC(278) User=0.04s Sys=0.00s Real=0.01s
[2026-04-03T02:42:47.825+0600][61.644s][info][gc,marking     ] GC(279) Concurrent Scan Root Regions
[2026-04-03T02:42:47.828+0600][61.647s][info][gc,marking     ] GC(279) Concurrent Scan Root Regions 3.050ms
[2026-04-03T02:42:47.828+0600][61.647s][info][gc,marking     ] GC(279) Concurrent Mark
[2026-04-03T02:42:47.828+0600][61.647s][info][gc,marking     ] GC(279) Concurrent Mark From Roots
[2026-04-03T02:42:47.828+0600][61.647s][info][gc,task        ] GC(279) Using 3 workers of 3 for marking
[2026-04-03T02:42:47.919+0600][61.738s][info][gc,marking     ] GC(279) Concurrent Mark From Roots 91.319ms
[2026-04-03T02:42:47.919+0600][61.738s][info][gc,marking     ] GC(279) Concurrent Preclean
[2026-04-03T02:42:47.920+0600][61.739s][info][gc,marking     ] GC(279) Concurrent Preclean 0.371ms
[2026-04-03T02:42:47.920+0600][61.739s][info][gc,start       ] GC(279) Pause Remark
[2026-04-03T02:42:47.930+0600][61.749s][info][gc             ] GC(279) Pause Remark 188M->188M(430M) 10.002ms
[2026-04-03T02:42:47.930+0600][61.749s][info][gc,cpu         ] GC(279) User=0.07s Sys=0.00s Real=0.01s
[2026-04-03T02:42:47.931+0600][61.750s][info][gc,marking     ] GC(279) Concurrent Mark 102.756ms
[2026-04-03T02:42:47.931+0600][61.750s][info][gc,marking     ] GC(279) Concurrent Rebuild Remembered Sets and Scrub Regions
[2026-04-03T02:42:47.962+0600][61.781s][info][gc,marking     ] GC(279) Concurrent Rebuild Remembered Sets and Scrub Regions 31.327ms
[2026-04-03T02:42:47.963+0600][61.782s][info][gc,start       ] GC(279) Pause Cleanup
[2026-04-03T02:42:47.963+0600][61.782s][info][gc             ] GC(279) Pause Cleanup 204M->204M(430M) 0.353ms
[2026-04-03T02:42:47.963+0600][61.782s][info][gc,cpu         ] GC(279) User=0.00s Sys=0.00s Real=0.00s
[2026-04-03T02:42:47.963+0600][61.782s][info][gc,marking     ] GC(279) Concurrent Clear Claimed Marks
[2026-04-03T02:42:47.963+0600][61.782s][info][gc,marking     ] GC(279) Concurrent Clear Claimed Marks 0.370ms
[2026-04-03T02:42:47.963+0600][61.782s][info][gc,marking     ] GC(279) Concurrent Cleanup for Next Mark
[2026-04-03T02:42:47.964+0600][61.783s][info][gc,marking     ] GC(279) Concurrent Cleanup for Next Mark 0.697ms
[2026-04-03T02:42:47.964+0600][61.783s][info][gc             ] GC(279) Concurrent Mark Cycle 139.508ms
[2026-04-03T02:42:48.207+0600][62.026s][info][gc,start       ] GC(280) Pause Young (Prepare Mixed) (G1 Evacuation Pause)
[2026-04-03T02:42:48.207+0600][62.026s][info][gc,task        ] GC(280) Using 10 workers of 10 for evacuation
[2026-04-03T02:42:48.215+0600][62.034s][info][gc,phases      ] GC(280)   Pre Evacuate Collection Set: 0.53ms
[2026-04-03T02:42:48.215+0600][62.034s][info][gc,phases      ] GC(280)   Merge Heap Roots: 0.25ms
[2026-04-03T02:42:48.215+0600][62.034s][info][gc,phases      ] GC(280)   Evacuate Collection Set: 5.63ms
[2026-04-03T02:42:48.215+0600][62.034s][info][gc,phases      ] GC(280)   Post Evacuate Collection Set: 0.78ms
[2026-04-03T02:42:48.215+0600][62.034s][info][gc,phases      ] GC(280)   Other: 0.13ms
[2026-04-03T02:42:48.215+0600][62.034s][info][gc,heap        ] GC(280) Eden regions: 226->0(250)
[2026-04-03T02:42:48.215+0600][62.034s][info][gc,heap        ] GC(280) Survivor regions: 7->11(33)
[2026-04-03T02:42:48.215+0600][62.034s][info][gc,heap        ] GC(280) Old regions: 85->86
[2026-04-03T02:42:48.215+0600][62.034s][info][gc,heap        ] GC(280) Humongous regions: 112->8
[2026-04-03T02:42:48.215+0600][62.034s][info][gc,metaspace   ] GC(280) Metaspace: 131363K(132736K)->131363K(132736K) NonClass: 114903K(115584K)->114903K(115584K) Class: 16460K(17152K)->16460K(17152K)
[2026-04-03T02:42:48.215+0600][62.034s][info][gc             ] GC(280) Pause Young (Prepare Mixed) (G1 Evacuation Pause) 429M->103M(442M) 7.658ms
[2026-04-03T02:42:48.215+0600][62.034s][info][gc,cpu         ] GC(280) User=0.04s Sys=0.02s Real=0.01s
[2026-04-03T02:42:48.420+0600][62.239s][info][gc,start       ] GC(281) Pause Young (Mixed) (G1 Evacuation Pause)
[2026-04-03T02:42:48.420+0600][62.239s][info][gc,task        ] GC(281) Using 10 workers of 10 for evacuation
[2026-04-03T02:42:48.426+0600][62.245s][info][gc,phases      ] GC(281)   Pre Evacuate Collection Set: 0.33ms
[2026-04-03T02:42:48.426+0600][62.245s][info][gc,phases      ] GC(281)   Merge Heap Roots: 0.27ms
[2026-04-03T02:42:48.426+0600][62.245s][info][gc,phases      ] GC(281)   Evacuate Collection Set: 4.24ms
[2026-04-03T02:42:48.426+0600][62.245s][info][gc,phases      ] GC(281)   Post Evacuate Collection Set: 0.73ms
[2026-04-03T02:42:48.426+0600][62.245s][info][gc,phases      ] GC(281)   Other: 0.10ms
[2026-04-03T02:42:48.426+0600][62.245s][info][gc,heap        ] GC(281) Eden regions: 183->0(298)
[2026-04-03T02:42:48.426+0600][62.245s][info][gc,heap        ] GC(281) Survivor regions: 11->9(33)
[2026-04-03T02:42:48.426+0600][62.245s][info][gc,heap        ] GC(281) Old regions: 86->85
[2026-04-03T02:42:48.426+0600][62.245s][info][gc,heap        ] GC(281) Humongous regions: 222->23
[2026-04-03T02:42:48.426+0600][62.245s][info][gc,metaspace   ] GC(281) Metaspace: 131363K(132736K)->131363K(132736K) NonClass: 114903K(115584K)->114903K(115584K) Class: 16460K(17152K)->16460K(17152K)
[2026-04-03T02:42:48.426+0600][62.245s][info][gc             ] GC(281) Pause Young (Mixed) (G1 Evacuation Pause) 500M->116M(512M) 6.013ms
[2026-04-03T02:42:48.426+0600][62.245s][info][gc,cpu         ] GC(281) User=0.03s Sys=0.01s Real=0.00s
[2026-04-03T02:42:48.427+0600][62.246s][info][gc,start       ] GC(282) Pause Young (Concurrent Start) (G1 Humongous Allocation)
[2026-04-03T02:42:48.427+0600][62.246s][info][gc,task        ] GC(282) Using 10 workers of 10 for evacuation
[2026-04-03T02:42:48.430+0600][62.249s][info][gc,phases      ] GC(282)   Pre Evacuate Collection Set: 0.32ms
[2026-04-03T02:42:48.430+0600][62.249s][info][gc,phases      ] GC(282)   Merge Heap Roots: 0.12ms
[2026-04-03T02:42:48.430+0600][62.249s][info][gc,phases      ] GC(282)   Evacuate Collection Set: 2.21ms
[2026-04-03T02:42:48.430+0600][62.249s][info][gc,phases      ] GC(282)   Post Evacuate Collection Set: 0.50ms
[2026-04-03T02:42:48.430+0600][62.249s][info][gc,phases      ] GC(282)   Other: 0.10ms
[2026-04-03T02:42:48.430+0600][62.249s][info][gc,heap        ] GC(282) Eden regions: 3->0(290)
[2026-04-03T02:42:48.430+0600][62.249s][info][gc,heap        ] GC(282) Survivor regions: 9->9(39)
[2026-04-03T02:42:48.430+0600][62.249s][info][gc,heap        ] GC(282) Old regions: 85->85
[2026-04-03T02:42:48.430+0600][62.249s][info][gc,heap        ] GC(282) Humongous regions: 23->8
[2026-04-03T02:42:48.430+0600][62.249s][info][gc,metaspace   ] GC(282) Metaspace: 131363K(132736K)->131363K(132736K) NonClass: 114903K(115584K)->114903K(115584K) Class: 16460K(17152K)->16460K(17152K)
[2026-04-03T02:42:48.430+0600][62.249s][info][gc             ] GC(282) Pause Young (Concurrent Start) (G1 Humongous Allocation) 118M->101M(512M) 3.521ms
[2026-04-03T02:42:48.430+0600][62.249s][info][gc             ] GC(283) Concurrent Mark Cycle
[2026-04-03T02:42:48.430+0600][62.249s][info][gc,cpu         ] GC(282) User=0.02s Sys=0.00s Real=0.01s
[2026-04-03T02:42:48.430+0600][62.249s][info][gc,marking     ] GC(283) Concurrent Scan Root Regions
[2026-04-03T02:42:48.433+0600][62.252s][info][gc,marking     ] GC(283) Concurrent Scan Root Regions 2.406ms
[2026-04-03T02:42:48.433+0600][62.252s][info][gc,marking     ] GC(283) Concurrent Mark
[2026-04-03T02:42:48.433+0600][62.252s][info][gc,marking     ] GC(283) Concurrent Mark From Roots
[2026-04-03T02:42:48.433+0600][62.252s][info][gc,task        ] GC(283) Using 3 workers of 3 for marking
[2026-04-03T02:42:48.516+0600][62.335s][info][gc,marking     ] GC(283) Concurrent Mark From Roots 82.869ms
[2026-04-03T02:42:48.516+0600][62.335s][info][gc,marking     ] GC(283) Concurrent Preclean
[2026-04-03T02:42:48.516+0600][62.335s][info][gc,marking     ] GC(283) Concurrent Preclean 0.464ms
[2026-04-03T02:42:48.517+0600][62.336s][info][gc,start       ] GC(283) Pause Remark
[2026-04-03T02:42:48.526+0600][62.345s][info][gc             ] GC(283) Pause Remark 356M->356M(512M) 8.792ms
[2026-04-03T02:42:48.526+0600][62.345s][info][gc,cpu         ] GC(283) User=0.07s Sys=0.00s Real=0.01s
[2026-04-03T02:42:48.526+0600][62.345s][info][gc,marking     ] GC(283) Concurrent Mark 92.928ms
[2026-04-03T02:42:48.526+0600][62.345s][info][gc,marking     ] GC(283) Concurrent Rebuild Remembered Sets and Scrub Regions
[2026-04-03T02:42:48.558+0600][62.377s][info][gc,marking     ] GC(283) Concurrent Rebuild Remembered Sets and Scrub Regions 32.344ms
[2026-04-03T02:42:48.564+0600][62.383s][info][gc,start       ] GC(283) Pause Cleanup
[2026-04-03T02:42:48.565+0600][62.384s][info][gc             ] GC(283) Pause Cleanup 517M->517M(522M) 0.374ms
[2026-04-03T02:42:48.565+0600][62.384s][info][gc,cpu         ] GC(283) User=0.00s Sys=0.00s Real=0.00s
[2026-04-03T02:42:48.565+0600][62.384s][info][gc,marking     ] GC(283) Concurrent Clear Claimed Marks
[2026-04-03T02:42:48.566+0600][62.385s][info][gc,marking     ] GC(283) Concurrent Clear Claimed Marks 0.358ms
[2026-04-03T02:42:48.566+0600][62.385s][info][gc,marking     ] GC(283) Concurrent Cleanup for Next Mark
[2026-04-03T02:42:48.567+0600][62.386s][info][gc,marking     ] GC(283) Concurrent Cleanup for Next Mark 1.594ms
[2026-04-03T02:42:48.567+0600][62.386s][info][gc             ] GC(283) Concurrent Mark Cycle 136.870ms
[2026-04-03T02:42:48.583+0600][62.402s][info][gc,start       ] GC(284) Pause Young (Prepare Mixed) (G1 Evacuation Pause)
[2026-04-03T02:42:48.583+0600][62.402s][info][gc,task        ] GC(284) Using 10 workers of 10 for evacuation
[2026-04-03T02:42:48.588+0600][62.407s][info][gc,phases      ] GC(284)   Pre Evacuate Collection Set: 0.38ms
[2026-04-03T02:42:48.588+0600][62.407s][info][gc,phases      ] GC(284)   Merge Heap Roots: 0.23ms
[2026-04-03T02:42:48.588+0600][62.407s][info][gc,phases      ] GC(284)   Evacuate Collection Set: 3.37ms
[2026-04-03T02:42:48.588+0600][62.407s][info][gc,phases      ] GC(284)   Post Evacuate Collection Set: 0.97ms
[2026-04-03T02:42:48.588+0600][62.407s][info][gc,phases      ] GC(284)   Other: 0.08ms
[2026-04-03T02:42:48.588+0600][62.407s][info][gc,heap        ] GC(284) Eden regions: 66->0(352)
[2026-04-03T02:42:48.588+0600][62.407s][info][gc,heap        ] GC(284) Survivor regions: 9->7(38)
[2026-04-03T02:42:48.588+0600][62.407s][info][gc,heap        ] GC(284) Old regions: 85->85
[2026-04-03T02:42:48.588+0600][62.408s][info][gc,heap        ] GC(284) Humongous regions: 432->23
[2026-04-03T02:42:48.588+0600][62.408s][info][gc,metaspace   ] GC(284) Metaspace: 131365K(132736K)->131365K(132736K) NonClass: 114904K(115584K)->114904K(115584K) Class: 16460K(17152K)->16460K(17152K)
[2026-04-03T02:42:48.589+0600][62.408s][info][gc             ] GC(284) Pause Young (Prepare Mixed) (G1 Evacuation Pause) 591M->113M(599M) 5.310ms
[2026-04-03T02:42:48.589+0600][62.408s][info][gc,cpu         ] GC(284) User=0.02s Sys=0.01s Real=0.00s
[2026-04-03T02:42:49.052+0600][62.871s][info][gc,start       ] GC(285) Pause Young (Mixed) (G1 Evacuation Pause)
[2026-04-03T02:42:49.052+0600][62.871s][info][gc,task        ] GC(285) Using 10 workers of 10 for evacuation
[2026-04-03T02:42:49.057+0600][62.876s][info][gc,phases      ] GC(285)   Pre Evacuate Collection Set: 0.47ms
[2026-04-03T02:42:49.057+0600][62.876s][info][gc,phases      ] GC(285)   Merge Heap Roots: 0.22ms
[2026-04-03T02:42:49.057+0600][62.876s][info][gc,phases      ] GC(285)   Evacuate Collection Set: 3.36ms
[2026-04-03T02:42:49.057+0600][62.876s][info][gc,phases      ] GC(285)   Post Evacuate Collection Set: 0.72ms
[2026-04-03T02:42:49.057+0600][62.876s][info][gc,phases      ] GC(285)   Other: 0.11ms
[2026-04-03T02:42:49.057+0600][62.876s][info][gc,heap        ] GC(285) Eden regions: 272->0(361)
[2026-04-03T02:42:49.057+0600][62.876s][info][gc,heap        ] GC(285) Survivor regions: 7->6(45)
[2026-04-03T02:42:49.057+0600][62.876s][info][gc,heap        ] GC(285) Old regions: 85->85
[2026-04-03T02:42:49.057+0600][62.876s][info][gc,heap        ] GC(285) Humongous regions: 241->10
[2026-04-03T02:42:49.057+0600][62.876s][info][gc,metaspace   ] GC(285) Metaspace: 131380K(132800K)->131380K(132800K) NonClass: 114920K(115648K)->114920K(115648K) Class: 16460K(17152K)->16460K(17152K)
[2026-04-03T02:42:49.057+0600][62.876s][info][gc             ] GC(285) Pause Young (Mixed) (G1 Evacuation Pause) 603M->99M(612M) 5.158ms
[2026-04-03T02:42:49.057+0600][62.876s][info][gc,cpu         ] GC(285) User=0.03s Sys=0.01s Real=0.00s
[2026-04-03T02:42:49.058+0600][62.877s][info][gc,start       ] GC(286) Pause Young (Concurrent Start) (G1 Humongous Allocation)
[2026-04-03T02:42:49.058+0600][62.877s][info][gc,task        ] GC(286) Using 10 workers of 10 for evacuation
[2026-04-03T02:42:49.062+0600][62.881s][info][gc,phases      ] GC(286)   Pre Evacuate Collection Set: 0.32ms
[2026-04-03T02:42:49.062+0600][62.881s][info][gc,phases      ] GC(286)   Merge Heap Roots: 0.09ms
[2026-04-03T02:42:49.062+0600][62.881s][info][gc,phases      ] GC(286)   Evacuate Collection Set: 2.64ms
[2026-04-03T02:42:49.062+0600][62.881s][info][gc,phases      ] GC(286)   Post Evacuate Collection Set: 0.53ms
[2026-04-03T02:42:49.062+0600][62.881s][info][gc,phases      ] GC(286)   Other: 0.10ms
[2026-04-03T02:42:49.062+0600][62.881s][info][gc,heap        ] GC(286) Eden regions: 3->0(361)
[2026-04-03T02:42:49.062+0600][62.881s][info][gc,heap        ] GC(286) Survivor regions: 6->6(46)
[2026-04-03T02:42:49.062+0600][62.881s][info][gc,heap        ] GC(286) Old regions: 85->85
[2026-04-03T02:42:49.062+0600][62.881s][info][gc,heap        ] GC(286) Humongous regions: 12->8
[2026-04-03T02:42:49.062+0600][62.881s][info][gc,metaspace   ] GC(286) Metaspace: 131380K(132800K)->131380K(132800K) NonClass: 114920K(115648K)->114920K(115648K) Class: 16460K(17152K)->16460K(17152K)
[2026-04-03T02:42:49.062+0600][62.881s][info][gc             ] GC(286) Pause Young (Concurrent Start) (G1 Humongous Allocation) 104M->97M(612M) 3.992ms
[2026-04-03T02:42:49.062+0600][62.881s][info][gc             ] GC(287) Concurrent Mark Cycle
[2026-04-03T02:42:49.062+0600][62.881s][info][gc,marking     ] GC(287) Concurrent Scan Root Regions
[2026-04-03T02:42:49.062+0600][62.881s][info][gc,cpu         ] GC(286) User=0.03s Sys=0.00s Real=0.01s
[2026-04-03T02:42:49.064+0600][62.883s][info][gc,marking     ] GC(287) Concurrent Scan Root Regions 1.818ms
[2026-04-03T02:42:49.064+0600][62.883s][info][gc,marking     ] GC(287) Concurrent Mark
[2026-04-03T02:42:49.064+0600][62.883s][info][gc,marking     ] GC(287) Concurrent Mark From Roots
[2026-04-03T02:42:49.064+0600][62.883s][info][gc,task        ] GC(287) Using 3 workers of 3 for marking
[2026-04-03T02:42:49.135+0600][62.954s][info][gc,marking     ] GC(287) Concurrent Mark From Roots 71.013ms
[2026-04-03T02:42:49.135+0600][62.954s][info][gc,marking     ] GC(287) Concurrent Preclean
[2026-04-03T02:42:49.135+0600][62.954s][info][gc,marking     ] GC(287) Concurrent Preclean 0.587ms
[2026-04-03T02:42:49.136+0600][62.955s][info][gc,start       ] GC(287) Pause Remark
[2026-04-03T02:42:49.145+0600][62.964s][info][gc             ] GC(287) Pause Remark 170M->170M(444M) 9.332ms
[2026-04-03T02:42:49.145+0600][62.964s][info][gc,cpu         ] GC(287) User=0.07s Sys=0.00s Real=0.01s
[2026-04-03T02:42:49.146+0600][62.965s][info][gc,marking     ] GC(287) Concurrent Mark 81.847ms
[2026-04-03T02:42:49.146+0600][62.965s][info][gc,marking     ] GC(287) Concurrent Rebuild Remembered Sets and Scrub Regions
[2026-04-03T02:42:49.185+0600][63.004s][info][gc,marking     ] GC(287) Concurrent Rebuild Remembered Sets and Scrub Regions 39.018ms
[2026-04-03T02:42:49.185+0600][63.004s][info][gc,start       ] GC(287) Pause Cleanup
[2026-04-03T02:42:49.185+0600][63.004s][info][gc             ] GC(287) Pause Cleanup 212M->212M(444M) 0.314ms
[2026-04-03T02:42:49.186+0600][63.005s][info][gc,cpu         ] GC(287) User=0.00s Sys=0.00s Real=0.00s
[2026-04-03T02:42:49.186+0600][63.005s][info][gc,marking     ] GC(287) Concurrent Clear Claimed Marks
[2026-04-03T02:42:49.186+0600][63.005s][info][gc,marking     ] GC(287) Concurrent Clear Claimed Marks 0.330ms
[2026-04-03T02:42:49.186+0600][63.005s][info][gc,marking     ] GC(287) Concurrent Cleanup for Next Mark
[2026-04-03T02:42:49.187+0600][63.006s][info][gc,marking     ] GC(287) Concurrent Cleanup for Next Mark 0.942ms
[2026-04-03T02:42:49.187+0600][63.006s][info][gc             ] GC(287) Concurrent Mark Cycle 125.199ms
[2026-04-03T02:42:49.327+0600][63.146s][info][gc,start       ] GC(288) Pause Young (Prepare Mixed) (G1 Evacuation Pause)
[2026-04-03T02:42:49.327+0600][63.146s][info][gc,task        ] GC(288) Using 10 workers of 10 for evacuation
[2026-04-03T02:42:49.331+0600][63.150s][info][gc,phases      ] GC(288)   Pre Evacuate Collection Set: 0.22ms
[2026-04-03T02:42:49.331+0600][63.150s][info][gc,phases      ] GC(288)   Merge Heap Roots: 0.18ms
[2026-04-03T02:42:49.331+0600][63.150s][info][gc,phases      ] GC(288)   Evacuate Collection Set: 3.06ms
[2026-04-03T02:42:49.331+0600][63.150s][info][gc,phases      ] GC(288)   Post Evacuate Collection Set: 0.54ms
[2026-04-03T02:42:49.331+0600][63.150s][info][gc,phases      ] GC(288)   Other: 0.09ms
[2026-04-03T02:42:49.331+0600][63.150s][info][gc,heap        ] GC(288) Eden regions: 185->0(264)
[2026-04-03T02:42:49.331+0600][63.150s][info][gc,heap        ] GC(288) Survivor regions: 6->6(34)
[2026-04-03T02:42:49.331+0600][63.150s][info][gc,heap        ] GC(288) Old regions: 85->86
[2026-04-03T02:42:49.331+0600][63.150s][info][gc,heap        ] GC(288) Humongous regions: 168->8
[2026-04-03T02:42:49.331+0600][63.150s][info][gc,metaspace   ] GC(288) Metaspace: 131380K(132800K)->131380K(132800K) NonClass: 114920K(115648K)->114920K(115648K) Class: 16460K(17152K)->16460K(17152K)
[2026-04-03T02:42:49.331+0600][63.150s][info][gc             ] GC(288) Pause Young (Prepare Mixed) (G1 Evacuation Pause) 442M->98M(451M) 4.369ms
[2026-04-03T02:42:49.331+0600][63.150s][info][gc,cpu         ] GC(288) User=0.02s Sys=0.01s Real=0.01s
[2026-04-03T02:42:49.558+0600][63.377s][info][gc,start       ] GC(289) Pause Young (Mixed) (GCLocker Initiated GC)
[2026-04-03T02:42:49.558+0600][63.377s][info][gc,task        ] GC(289) Using 10 workers of 10 for evacuation
[2026-04-03T02:42:49.564+0600][63.384s][info][gc,phases      ] GC(289)   Pre Evacuate Collection Set: 0.46ms
[2026-04-03T02:42:49.565+0600][63.384s][info][gc,phases      ] GC(289)   Merge Heap Roots: 0.21ms
[2026-04-03T02:42:49.565+0600][63.384s][info][gc,phases      ] GC(289)   Evacuate Collection Set: 4.70ms
[2026-04-03T02:42:49.565+0600][63.384s][info][gc,phases      ] GC(289)   Post Evacuate Collection Set: 0.73ms
[2026-04-03T02:42:49.565+0600][63.384s][info][gc,phases      ] GC(289)   Other: 0.11ms
[2026-04-03T02:42:49.565+0600][63.384s][info][gc,heap        ] GC(289) Eden regions: 204->0(268)
[2026-04-03T02:42:49.565+0600][63.384s][info][gc,heap        ] GC(289) Survivor regions: 6->8(34)
[2026-04-03T02:42:49.565+0600][63.384s][info][gc,heap        ] GC(289) Old regions: 86->85
[2026-04-03T02:42:49.565+0600][63.384s][info][gc,heap        ] GC(289) Humongous regions: 155->8
[2026-04-03T02:42:49.565+0600][63.384s][info][gc,metaspace   ] GC(289) Metaspace: 131381K(132800K)->131381K(132800K) NonClass: 114920K(115648K)->114920K(115648K) Class: 16460K(17152K)->16460K(17152K)
[2026-04-03T02:42:49.565+0600][63.384s][info][gc             ] GC(289) Pause Young (Mixed) (GCLocker Initiated GC) 449M->100M(460M) 6.504ms
[2026-04-03T02:42:49.565+0600][63.384s][info][gc,cpu         ] GC(289) User=0.03s Sys=0.02s Real=0.01s
[2026-04-03T02:42:49.569+0600][63.388s][info][gc,start       ] GC(290) Pause Young (Concurrent Start) (G1 Humongous Allocation)
[2026-04-03T02:42:49.569+0600][63.388s][info][gc,task        ] GC(290) Using 10 workers of 10 for evacuation
[2026-04-03T02:42:49.573+0600][63.392s][info][gc,phases      ] GC(290)   Pre Evacuate Collection Set: 0.34ms
[2026-04-03T02:42:49.573+0600][63.392s][info][gc,phases      ] GC(290)   Merge Heap Roots: 0.12ms
[2026-04-03T02:42:49.573+0600][63.392s][info][gc,phases      ] GC(290)   Evacuate Collection Set: 2.83ms
[2026-04-03T02:42:49.573+0600][63.392s][info][gc,phases      ] GC(290)   Post Evacuate Collection Set: 0.57ms
[2026-04-03T02:42:49.573+0600][63.393s][info][gc,phases      ] GC(290)   Other: 0.14ms
[2026-04-03T02:42:49.574+0600][63.393s][info][gc,heap        ] GC(290) Eden regions: 7->0(242)
[2026-04-03T02:42:49.574+0600][63.393s][info][gc,heap        ] GC(290) Survivor regions: 8->8(35)
[2026-04-03T02:42:49.574+0600][63.393s][info][gc,heap        ] GC(290) Old regions: 85->85
[2026-04-03T02:42:49.574+0600][63.393s][info][gc,heap        ] GC(290) Humongous regions: 8->8
[2026-04-03T02:42:49.574+0600][63.393s][info][gc,metaspace   ] GC(290) Metaspace: 131381K(132800K)->131381K(132800K) NonClass: 114920K(115648K)->114920K(115648K) Class: 16460K(17152K)->16460K(17152K)
[2026-04-03T02:42:49.574+0600][63.393s][info][gc             ] GC(290) Pause Young (Concurrent Start) (G1 Humongous Allocation) 106M->99M(460M) 4.251ms
[2026-04-03T02:42:49.574+0600][63.393s][info][gc             ] GC(291) Concurrent Mark Cycle
[2026-04-03T02:42:49.574+0600][63.393s][info][gc,marking     ] GC(291) Concurrent Scan Root Regions
[2026-04-03T02:42:49.574+0600][63.393s][info][gc,cpu         ] GC(290) User=0.03s Sys=0.00s Real=0.01s
[2026-04-03T02:42:49.576+0600][63.395s][info][gc,marking     ] GC(291) Concurrent Scan Root Regions 2.593ms
[2026-04-03T02:42:49.576+0600][63.395s][info][gc,marking     ] GC(291) Concurrent Mark
[2026-04-03T02:42:49.576+0600][63.395s][info][gc,marking     ] GC(291) Concurrent Mark From Roots
[2026-04-03T02:42:49.576+0600][63.395s][info][gc,task        ] GC(291) Using 3 workers of 3 for marking
[2026-04-03T02:42:49.655+0600][63.474s][info][gc,marking     ] GC(291) Concurrent Mark From Roots 78.247ms
[2026-04-03T02:42:49.655+0600][63.474s][info][gc,marking     ] GC(291) Concurrent Preclean
[2026-04-03T02:42:49.655+0600][63.474s][info][gc,marking     ] GC(291) Concurrent Preclean 0.359ms
[2026-04-03T02:42:49.655+0600][63.474s][info][gc,start       ] GC(291) Pause Remark
[2026-04-03T02:42:49.665+0600][63.484s][info][gc             ] GC(291) Pause Remark 189M->189M(460M) 10.005ms
[2026-04-03T02:42:49.666+0600][63.485s][info][gc,cpu         ] GC(291) User=0.07s Sys=0.00s Real=0.01s
[2026-04-03T02:42:49.666+0600][63.485s][info][gc,marking     ] GC(291) Concurrent Mark 89.466ms
[2026-04-03T02:42:49.666+0600][63.485s][info][gc,marking     ] GC(291) Concurrent Rebuild Remembered Sets and Scrub Regions
[2026-04-03T02:42:49.708+0600][63.528s][info][gc,marking     ] GC(291) Concurrent Rebuild Remembered Sets and Scrub Regions 42.526ms
[2026-04-03T02:42:49.709+0600][63.528s][info][gc,start       ] GC(291) Pause Cleanup
[2026-04-03T02:42:49.709+0600][63.528s][info][gc             ] GC(291) Pause Cleanup 240M->240M(460M) 0.357ms
[2026-04-03T02:42:49.709+0600][63.528s][info][gc,cpu         ] GC(291) User=0.00s Sys=0.00s Real=0.00s
[2026-04-03T02:42:49.709+0600][63.528s][info][gc,marking     ] GC(291) Concurrent Clear Claimed Marks
[2026-04-03T02:42:49.710+0600][63.529s][info][gc,marking     ] GC(291) Concurrent Clear Claimed Marks 0.433ms
[2026-04-03T02:42:49.710+0600][63.529s][info][gc,marking     ] GC(291) Concurrent Cleanup for Next Mark
[2026-04-03T02:42:49.711+0600][63.530s][info][gc,marking     ] GC(291) Concurrent Cleanup for Next Mark 1.028ms
[2026-04-03T02:42:49.711+0600][63.530s][info][gc             ] GC(291) Concurrent Mark Cycle 137.407ms
[2026-04-03T02:42:49.905+0600][63.724s][info][gc,start       ] GC(292) Pause Young (Prepare Mixed) (G1 Evacuation Pause)
[2026-04-03T02:42:49.905+0600][63.724s][info][gc,task        ] GC(292) Using 10 workers of 10 for evacuation
[2026-04-03T02:42:49.909+0600][63.729s][info][gc,phases      ] GC(292)   Pre Evacuate Collection Set: 0.25ms
[2026-04-03T02:42:49.910+0600][63.729s][info][gc,phases      ] GC(292)   Merge Heap Roots: 0.18ms
[2026-04-03T02:42:49.910+0600][63.729s][info][gc,phases      ] GC(292)   Evacuate Collection Set: 3.51ms
[2026-04-03T02:42:49.910+0600][63.729s][info][gc,phases      ] GC(292)   Post Evacuate Collection Set: 0.60ms
[2026-04-03T02:42:49.910+0600][63.729s][info][gc,phases      ] GC(292)   Other: 0.10ms
[2026-04-03T02:42:49.910+0600][63.729s][info][gc,heap        ] GC(292) Eden regions: 210->0(268)
[2026-04-03T02:42:49.910+0600][63.729s][info][gc,heap        ] GC(292) Survivor regions: 8->9(32)
[2026-04-03T02:42:49.910+0600][63.729s][info][gc,heap        ] GC(292) Old regions: 85->85
[2026-04-03T02:42:49.910+0600][63.729s][info][gc,heap        ] GC(292) Humongous regions: 162->8
[2026-04-03T02:42:49.910+0600][63.729s][info][gc,metaspace   ] GC(292) Metaspace: 131385K(132800K)->131385K(132800K) NonClass: 114924K(115648K)->114924K(115648K) Class: 16460K(17152K)->16460K(17152K)
[2026-04-03T02:42:49.910+0600][63.729s][info][gc             ] GC(292) Pause Young (Prepare Mixed) (G1 Evacuation Pause) 463M->100M(474M) 4.916ms
[2026-04-03T02:42:49.910+0600][63.729s][info][gc,cpu         ] GC(292) User=0.02s Sys=0.01s Real=0.01s
[2026-04-03T02:42:50.197+0600][64.016s][info][gc,start       ] GC(293) Pause Young (Mixed) (G1 Evacuation Pause)
[2026-04-03T02:42:50.197+0600][64.016s][info][gc,task        ] GC(293) Using 10 workers of 10 for evacuation
[2026-04-03T02:42:50.201+0600][64.020s][info][gc,phases      ] GC(293)   Pre Evacuate Collection Set: 0.35ms
[2026-04-03T02:42:50.201+0600][64.020s][info][gc,phases      ] GC(293)   Merge Heap Roots: 0.22ms
[2026-04-03T02:42:50.201+0600][64.020s][info][gc,phases      ] GC(293)   Evacuate Collection Set: 2.01ms
[2026-04-03T02:42:50.201+0600][64.020s][info][gc,phases      ] GC(293)   Post Evacuate Collection Set: 0.62ms
[2026-04-03T02:42:50.201+0600][64.020s][info][gc,phases      ] GC(293)   Other: 0.12ms
[2026-04-03T02:42:50.201+0600][64.020s][info][gc,heap        ] GC(293) Eden regions: 268->0(278)
[2026-04-03T02:42:50.201+0600][64.020s][info][gc,heap        ] GC(293) Survivor regions: 9->6(35)
[2026-04-03T02:42:50.201+0600][64.020s][info][gc,heap        ] GC(293) Old regions: 85->85
[2026-04-03T02:42:50.201+0600][64.020s][info][gc,heap        ] GC(293) Humongous regions: 93->8
[2026-04-03T02:42:50.201+0600][64.020s][info][gc,metaspace   ] GC(293) Metaspace: 131394K(132800K)->131394K(132800K) NonClass: 114932K(115648K)->114932K(115648K) Class: 16462K(17152K)->16462K(17152K)
[2026-04-03T02:42:50.201+0600][64.020s][info][gc             ] GC(293) Pause Young (Mixed) (G1 Evacuation Pause) 453M->98M(474M) 3.673ms
[2026-04-03T02:42:50.201+0600][64.020s][info][gc,cpu         ] GC(293) User=0.03s Sys=0.00s Real=0.01s
[2026-04-03T02:42:50.236+0600][64.055s][info][gc,start       ] GC(294) Pause Young (Concurrent Start) (G1 Humongous Allocation)
[2026-04-03T02:42:50.236+0600][64.055s][info][gc,task        ] GC(294) Using 10 workers of 10 for evacuation
[2026-04-03T02:42:50.239+0600][64.058s][info][gc,phases      ] GC(294)   Pre Evacuate Collection Set: 0.47ms
[2026-04-03T02:42:50.239+0600][64.058s][info][gc,phases      ] GC(294)   Merge Heap Roots: 0.19ms
[2026-04-03T02:42:50.239+0600][64.058s][info][gc,phases      ] GC(294)   Evacuate Collection Set: 1.52ms
[2026-04-03T02:42:50.239+0600][64.058s][info][gc,phases      ] GC(294)   Post Evacuate Collection Set: 0.47ms
[2026-04-03T02:42:50.239+0600][64.058s][info][gc,phases      ] GC(294)   Other: 0.22ms
[2026-04-03T02:42:50.239+0600][64.058s][info][gc,heap        ] GC(294) Eden regions: 13->0(282)
[2026-04-03T02:42:50.239+0600][64.058s][info][gc,heap        ] GC(294) Survivor regions: 6->2(36)
[2026-04-03T02:42:50.239+0600][64.058s][info][gc,heap        ] GC(294) Old regions: 85->85
[2026-04-03T02:42:50.239+0600][64.058s][info][gc,heap        ] GC(294) Humongous regions: 8->8
[2026-04-03T02:42:50.239+0600][64.058s][info][gc,metaspace   ] GC(294) Metaspace: 131398K(132800K)->131398K(132800K) NonClass: 114936K(115648K)->114936K(115648K) Class: 16462K(17152K)->16462K(17152K)
[2026-04-03T02:42:50.239+0600][64.058s][info][gc             ] GC(294) Pause Young (Concurrent Start) (G1 Humongous Allocation) 110M->94M(474M) 3.172ms
[2026-04-03T02:42:50.239+0600][64.058s][info][gc,cpu         ] GC(294) User=0.02s Sys=0.01s Real=0.00s
[2026-04-03T02:42:50.239+0600][64.058s][info][gc             ] GC(295) Concurrent Mark Cycle
[2026-04-03T02:42:50.239+0600][64.058s][info][gc,marking     ] GC(295) Concurrent Scan Root Regions
[2026-04-03T02:42:50.241+0600][64.060s][info][gc,marking     ] GC(295) Concurrent Scan Root Regions 1.848ms
[2026-04-03T02:42:50.241+0600][64.060s][info][gc,marking     ] GC(295) Concurrent Mark
[2026-04-03T02:42:50.241+0600][64.060s][info][gc,marking     ] GC(295) Concurrent Mark From Roots
[2026-04-03T02:42:50.241+0600][64.060s][info][gc,task        ] GC(295) Using 3 workers of 3 for marking
[2026-04-03T02:42:50.323+0600][64.142s][info][gc,marking     ] GC(295) Concurrent Mark From Roots 82.391ms
[2026-04-03T02:42:50.323+0600][64.142s][info][gc,marking     ] GC(295) Concurrent Preclean
[2026-04-03T02:42:50.324+0600][64.143s][info][gc,marking     ] GC(295) Concurrent Preclean 0.619ms
[2026-04-03T02:42:50.329+0600][64.148s][info][gc,start       ] GC(295) Pause Remark
[2026-04-03T02:42:50.339+0600][64.158s][info][gc             ] GC(295) Pause Remark 475M->475M(717M) 10.630ms
[2026-04-03T02:42:50.340+0600][64.159s][info][gc,cpu         ] GC(295) User=0.07s Sys=0.01s Real=0.01s
[2026-04-03T02:42:50.340+0600][64.159s][info][gc,marking     ] GC(295) Concurrent Mark 98.772ms
[2026-04-03T02:42:50.340+0600][64.159s][info][gc,marking     ] GC(295) Concurrent Rebuild Remembered Sets and Scrub Regions
[2026-04-03T02:42:50.366+0600][64.186s][info][gc,marking     ] GC(295) Concurrent Rebuild Remembered Sets and Scrub Regions 26.752ms
[2026-04-03T02:42:50.367+0600][64.186s][info][gc,start       ] GC(295) Pause Cleanup
[2026-04-03T02:42:50.367+0600][64.186s][info][gc             ] GC(295) Pause Cleanup 497M->497M(717M) 0.320ms
[2026-04-03T02:42:50.367+0600][64.186s][info][gc,cpu         ] GC(295) User=0.00s Sys=0.00s Real=0.00s
[2026-04-03T02:42:50.368+0600][64.187s][info][gc,marking     ] GC(295) Concurrent Clear Claimed Marks
[2026-04-03T02:42:50.368+0600][64.187s][info][gc,marking     ] GC(295) Concurrent Clear Claimed Marks 0.405ms
[2026-04-03T02:42:50.368+0600][64.187s][info][gc,marking     ] GC(295) Concurrent Cleanup for Next Mark
[2026-04-03T02:42:50.371+0600][64.190s][info][gc,marking     ] GC(295) Concurrent Cleanup for Next Mark 2.989ms
[2026-04-03T02:42:50.371+0600][64.190s][info][gc             ] GC(295) Concurrent Mark Cycle 132.117ms
[2026-04-03T02:42:50.481+0600][64.300s][info][gc,start       ] GC(296) Pause Young (Prepare Mixed) (G1 Evacuation Pause)
[2026-04-03T02:42:50.481+0600][64.300s][info][gc,task        ] GC(296) Using 10 workers of 10 for evacuation
[2026-04-03T02:42:50.486+0600][64.305s][info][gc,phases      ] GC(296)   Pre Evacuate Collection Set: 0.29ms
[2026-04-03T02:42:50.486+0600][64.305s][info][gc,phases      ] GC(296)   Merge Heap Roots: 0.13ms
[2026-04-03T02:42:50.486+0600][64.305s][info][gc,phases      ] GC(296)   Evacuate Collection Set: 2.81ms
[2026-04-03T02:42:50.486+0600][64.305s][info][gc,phases      ] GC(296)   Post Evacuate Collection Set: 0.82ms
[2026-04-03T02:42:50.486+0600][64.305s][info][gc,phases      ] GC(296)   Other: 0.09ms
[2026-04-03T02:42:50.486+0600][64.305s][info][gc,heap        ] GC(296) Eden regions: 100->0(519)
[2026-04-03T02:42:50.486+0600][64.305s][info][gc,heap        ] GC(296) Survivor regions: 2->6(38)
[2026-04-03T02:42:50.486+0600][64.305s][info][gc,heap        ] GC(296) Old regions: 85->85
[2026-04-03T02:42:50.486+0600][64.305s][info][gc,heap        ] GC(296) Humongous regions: 682->18
[2026-04-03T02:42:50.486+0600][64.305s][info][gc,metaspace   ] GC(296) Metaspace: 131399K(132800K)->131399K(132800K) NonClass: 114937K(115648K)->114937K(115648K) Class: 16462K(17152K)->16462K(17152K)
[2026-04-03T02:42:50.486+0600][64.305s][info][gc             ] GC(296) Pause Young (Prepare Mixed) (G1 Evacuation Pause) 868M->108M(875M) 4.402ms
[2026-04-03T02:42:50.486+0600][64.305s][info][gc,cpu         ] GC(296) User=0.02s Sys=0.00s Real=0.00s
[2026-04-03T02:42:51.175+0600][64.994s][info][gc,start       ] GC(297) Pause Young (Mixed) (GCLocker Initiated GC)
[2026-04-03T02:42:51.175+0600][64.994s][info][gc,task        ] GC(297) Using 10 workers of 10 for evacuation
[2026-04-03T02:42:51.182+0600][65.001s][info][gc,phases      ] GC(297)   Pre Evacuate Collection Set: 0.37ms
[2026-04-03T02:42:51.182+0600][65.001s][info][gc,phases      ] GC(297)   Merge Heap Roots: 0.32ms
[2026-04-03T02:42:51.182+0600][65.001s][info][gc,phases      ] GC(297)   Evacuate Collection Set: 4.74ms
[2026-04-03T02:42:51.182+0600][65.001s][info][gc,phases      ] GC(297)   Post Evacuate Collection Set: 1.17ms
[2026-04-03T02:42:51.182+0600][65.001s][info][gc,phases      ] GC(297)   Other: 0.20ms
[2026-04-03T02:42:51.182+0600][65.001s][info][gc,heap        ] GC(297) Eden regions: 471->0(524)
[2026-04-03T02:42:51.182+0600][65.001s][info][gc,heap        ] GC(297) Survivor regions: 6->8(66)
[2026-04-03T02:42:51.182+0600][65.001s][info][gc,heap        ] GC(297) Old regions: 85->85
[2026-04-03T02:42:51.182+0600][65.001s][info][gc,heap        ] GC(297) Humongous regions: 317->10
[2026-04-03T02:42:51.182+0600][65.001s][info][gc,metaspace   ] GC(297) Metaspace: 131406K(132800K)->131406K(132800K) NonClass: 114944K(115648K)->114944K(115648K) Class: 16462K(17152K)->16462K(17152K)
[2026-04-03T02:42:51.182+0600][65.001s][info][gc             ] GC(297) Pause Young (Mixed) (GCLocker Initiated GC) 878M->101M(888M) 7.092ms
[2026-04-03T02:42:51.183+0600][65.002s][info][gc,cpu         ] GC(297) User=0.03s Sys=0.01s Real=0.01s
[2026-04-03T02:42:51.184+0600][65.003s][info][gc,start       ] GC(298) Pause Young (Concurrent Start) (G1 Humongous Allocation)
[2026-04-03T02:42:51.184+0600][65.003s][info][gc,task        ] GC(298) Using 10 workers of 10 for evacuation
[2026-04-03T02:42:51.187+0600][65.006s][info][gc,phases      ] GC(298)   Pre Evacuate Collection Set: 0.39ms
[2026-04-03T02:42:51.187+0600][65.006s][info][gc,phases      ] GC(298)   Merge Heap Roots: 0.09ms
[2026-04-03T02:42:51.187+0600][65.007s][info][gc,phases      ] GC(298)   Evacuate Collection Set: 2.52ms
[2026-04-03T02:42:51.187+0600][65.007s][info][gc,phases      ] GC(298)   Post Evacuate Collection Set: 0.64ms
[2026-04-03T02:42:51.188+0600][65.007s][info][gc,phases      ] GC(298)   Other: 0.11ms
[2026-04-03T02:42:51.188+0600][65.007s][info][gc,heap        ] GC(298) Eden regions: 5->0(524)
[2026-04-03T02:42:51.188+0600][65.007s][info][gc,heap        ] GC(298) Survivor regions: 8->8(67)
[2026-04-03T02:42:51.188+0600][65.007s][info][gc,heap        ] GC(298) Old regions: 85->85
[2026-04-03T02:42:51.188+0600][65.007s][info][gc,heap        ] GC(298) Humongous regions: 10->8
[2026-04-03T02:42:51.188+0600][65.007s][info][gc,metaspace   ] GC(298) Metaspace: 131406K(132800K)->131406K(132800K) NonClass: 114944K(115648K)->114944K(115648K) Class: 16462K(17152K)->16462K(17152K)
[2026-04-03T02:42:51.188+0600][65.007s][info][gc             ] GC(298) Pause Young (Concurrent Start) (G1 Humongous Allocation) 105M->100M(888M) 4.036ms
[2026-04-03T02:42:51.188+0600][65.007s][info][gc             ] GC(299) Concurrent Mark Cycle
[2026-04-03T02:42:51.188+0600][65.007s][info][gc,marking     ] GC(299) Concurrent Scan Root Regions
[2026-04-03T02:42:51.188+0600][65.007s][info][gc,cpu         ] GC(298) User=0.02s Sys=0.00s Real=0.00s
[2026-04-03T02:42:51.190+0600][65.009s][info][gc,marking     ] GC(299) Concurrent Scan Root Regions 2.589ms
[2026-04-03T02:42:51.190+0600][65.009s][info][gc,marking     ] GC(299) Concurrent Mark
[2026-04-03T02:42:51.190+0600][65.009s][info][gc,marking     ] GC(299) Concurrent Mark From Roots
[2026-04-03T02:42:51.190+0600][65.009s][info][gc,task        ] GC(299) Using 3 workers of 3 for marking
[2026-04-03T02:42:51.281+0600][65.100s][info][gc,marking     ] GC(299) Concurrent Mark From Roots 90.082ms
[2026-04-03T02:42:51.281+0600][65.100s][info][gc,marking     ] GC(299) Concurrent Preclean
[2026-04-03T02:42:51.281+0600][65.100s][info][gc,marking     ] GC(299) Concurrent Preclean 0.493ms
[2026-04-03T02:42:51.281+0600][65.100s][info][gc,start       ] GC(299) Pause Remark
[2026-04-03T02:42:51.290+0600][65.109s][info][gc             ] GC(299) Pause Remark 196M->196M(464M) 8.958ms
[2026-04-03T02:42:51.291+0600][65.110s][info][gc,cpu         ] GC(299) User=0.06s Sys=0.00s Real=0.01s
[2026-04-03T02:42:51.291+0600][65.110s][info][gc,marking     ] GC(299) Concurrent Mark 100.375ms
[2026-04-03T02:42:51.291+0600][65.110s][info][gc,marking     ] GC(299) Concurrent Rebuild Remembered Sets and Scrub Regions
[2026-04-03T02:42:51.325+0600][65.144s][info][gc,marking     ] GC(299) Concurrent Rebuild Remembered Sets and Scrub Regions 34.442ms
[2026-04-03T02:42:51.326+0600][65.145s][info][gc,start       ] GC(299) Pause Cleanup
[2026-04-03T02:42:51.326+0600][65.145s][info][gc             ] GC(299) Pause Cleanup 240M->240M(464M) 0.429ms
[2026-04-03T02:42:51.326+0600][65.145s][info][gc,cpu         ] GC(299) User=0.00s Sys=0.00s Real=0.00s
[2026-04-03T02:42:51.327+0600][65.146s][info][gc,marking     ] GC(299) Concurrent Clear Claimed Marks
[2026-04-03T02:42:51.327+0600][65.146s][info][gc,marking     ] GC(299) Concurrent Clear Claimed Marks 0.437ms
[2026-04-03T02:42:51.327+0600][65.146s][info][gc,marking     ] GC(299) Concurrent Cleanup for Next Mark
[2026-04-03T02:42:51.328+0600][65.147s][info][gc,marking     ] GC(299) Concurrent Cleanup for Next Mark 1.113ms
[2026-04-03T02:42:51.328+0600][65.147s][info][gc             ] GC(299) Concurrent Mark Cycle 140.562ms
[2026-04-03T02:42:51.501+0600][65.320s][info][gc,start       ] GC(300) Pause Young (Prepare Mixed) (G1 Evacuation Pause)
[2026-04-03T02:42:51.501+0600][65.320s][info][gc,task        ] GC(300) Using 10 workers of 10 for evacuation
[2026-04-03T02:42:51.506+0600][65.325s][info][gc,phases      ] GC(300)   Pre Evacuate Collection Set: 0.40ms
[2026-04-03T02:42:51.506+0600][65.325s][info][gc,phases      ] GC(300)   Merge Heap Roots: 0.21ms
[2026-04-03T02:42:51.506+0600][65.325s][info][gc,phases      ] GC(300)   Evacuate Collection Set: 3.58ms
[2026-04-03T02:42:51.506+0600][65.325s][info][gc,phases      ] GC(300)   Post Evacuate Collection Set: 0.58ms
[2026-04-03T02:42:51.506+0600][65.325s][info][gc,phases      ] GC(300)   Other: 0.11ms
[2026-04-03T02:42:51.506+0600][65.325s][info][gc,heap        ] GC(300) Eden regions: 206->0(279)
[2026-04-03T02:42:51.506+0600][65.325s][info][gc,heap        ] GC(300) Survivor regions: 8->7(35)
[2026-04-03T02:42:51.506+0600][65.325s][info][gc,heap        ] GC(300) Old regions: 85->86
[2026-04-03T02:42:51.506+0600][65.325s][info][gc,heap        ] GC(300) Humongous regions: 170->8
[2026-04-03T02:42:51.506+0600][65.325s][info][gc,metaspace   ] GC(300) Metaspace: 131407K(132800K)->131407K(132800K) NonClass: 114945K(115648K)->114945K(115648K) Class: 16462K(17152K)->16462K(17152K)
[2026-04-03T02:42:51.506+0600][65.325s][info][gc             ] GC(300) Pause Young (Prepare Mixed) (G1 Evacuation Pause) 468M->99M(477M) 5.209ms
[2026-04-03T02:42:51.506+0600][65.325s][info][gc,cpu         ] GC(300) User=0.02s Sys=0.01s Real=0.00s
[2026-04-03T02:42:51.826+0600][65.645s][info][gc,start       ] GC(301) Pause Young (Mixed) (G1 Evacuation Pause)
[2026-04-03T02:42:51.826+0600][65.645s][info][gc,task        ] GC(301) Using 10 workers of 10 for evacuation
[2026-04-03T02:42:51.833+0600][65.652s][info][gc,phases      ] GC(301)   Pre Evacuate Collection Set: 0.46ms
[2026-04-03T02:42:51.833+0600][65.652s][info][gc,phases      ] GC(301)   Merge Heap Roots: 0.24ms
[2026-04-03T02:42:51.833+0600][65.652s][info][gc,phases      ] GC(301)   Evacuate Collection Set: 5.20ms
[2026-04-03T02:42:51.833+0600][65.652s][info][gc,phases      ] GC(301)   Post Evacuate Collection Set: 0.80ms
[2026-04-03T02:42:51.833+0600][65.652s][info][gc,phases      ] GC(301)   Other: 0.22ms
[2026-04-03T02:42:51.833+0600][65.652s][info][gc,heap        ] GC(301) Eden regions: 230->0(282)
[2026-04-03T02:42:51.833+0600][65.652s][info][gc,heap        ] GC(301) Survivor regions: 7->9(36)
[2026-04-03T02:42:51.833+0600][65.653s][info][gc,heap        ] GC(301) Old regions: 86->85
[2026-04-03T02:42:51.833+0600][65.653s][info][gc,heap        ] GC(301) Humongous regions: 154->8
[2026-04-03T02:42:51.833+0600][65.653s][info][gc,metaspace   ] GC(301) Metaspace: 131416K(132800K)->131416K(132800K) NonClass: 114954K(115648K)->114954K(115648K) Class: 16462K(17152K)->16462K(17152K)
[2026-04-03T02:42:51.834+0600][65.653s][info][gc             ] GC(301) Pause Young (Mixed) (G1 Evacuation Pause) 475M->101M(486M) 7.266ms
[2026-04-03T02:42:51.834+0600][65.653s][info][gc,cpu         ] GC(301) User=0.04s Sys=0.01s Real=0.01s
[2026-04-03T02:42:51.860+0600][65.679s][info][gc,start       ] GC(302) Pause Young (Concurrent Start) (G1 Humongous Allocation)
[2026-04-03T02:42:51.860+0600][65.679s][info][gc,task        ] GC(302) Using 10 workers of 10 for evacuation
[2026-04-03T02:42:51.865+0600][65.684s][info][gc,phases      ] GC(302)   Pre Evacuate Collection Set: 0.39ms
[2026-04-03T02:42:51.865+0600][65.684s][info][gc,phases      ] GC(302)   Merge Heap Roots: 0.19ms
[2026-04-03T02:42:51.865+0600][65.684s][info][gc,phases      ] GC(302)   Evacuate Collection Set: 3.32ms
[2026-04-03T02:42:51.865+0600][65.684s][info][gc,phases      ] GC(302)   Post Evacuate Collection Set: 1.21ms
[2026-04-03T02:42:51.865+0600][65.685s][info][gc,phases      ] GC(302)   Other: 0.16ms
[2026-04-03T02:42:51.866+0600][65.685s][info][gc,heap        ] GC(302) Eden regions: 25->0(281)
[2026-04-03T02:42:51.866+0600][65.685s][info][gc,heap        ] GC(302) Survivor regions: 9->10(37)
[2026-04-03T02:42:51.866+0600][65.685s][info][gc,heap        ] GC(302) Old regions: 85->85
[2026-04-03T02:42:51.866+0600][65.685s][info][gc,heap        ] GC(302) Humongous regions: 8->8
[2026-04-03T02:42:51.866+0600][65.685s][info][gc,metaspace   ] GC(302) Metaspace: 131416K(132800K)->131416K(132800K) NonClass: 114954K(115648K)->114954K(115648K) Class: 16462K(17152K)->16462K(17152K)
[2026-04-03T02:42:51.866+0600][65.685s][info][gc             ] GC(302) Pause Young (Concurrent Start) (G1 Humongous Allocation) 126M->102M(486M) 5.575ms
[2026-04-03T02:42:51.866+0600][65.685s][info][gc             ] GC(303) Concurrent Mark Cycle
[2026-04-03T02:42:51.866+0600][65.685s][info][gc,marking     ] GC(303) Concurrent Scan Root Regions
[2026-04-03T02:42:51.866+0600][65.685s][info][gc,cpu         ] GC(302) User=0.04s Sys=0.00s Real=0.00s
[2026-04-03T02:42:51.868+0600][65.687s][info][gc,marking     ] GC(303) Concurrent Scan Root Regions 2.480ms
[2026-04-03T02:42:51.868+0600][65.687s][info][gc,marking     ] GC(303) Concurrent Mark
[2026-04-03T02:42:51.868+0600][65.687s][info][gc,marking     ] GC(303) Concurrent Mark From Roots
[2026-04-03T02:42:51.868+0600][65.687s][info][gc,task        ] GC(303) Using 3 workers of 3 for marking
[2026-04-03T02:42:51.950+0600][65.769s][info][gc,marking     ] GC(303) Concurrent Mark From Roots 81.966ms
[2026-04-03T02:42:51.950+0600][65.769s][info][gc,marking     ] GC(303) Concurrent Preclean
[2026-04-03T02:42:51.951+0600][65.770s][info][gc,marking     ] GC(303) Concurrent Preclean 0.331ms
[2026-04-03T02:42:51.951+0600][65.770s][info][gc,start       ] GC(303) Pause Remark
[2026-04-03T02:42:51.960+0600][65.779s][info][gc             ] GC(303) Pause Remark 184M->184M(414M) 8.608ms
[2026-04-03T02:42:51.960+0600][65.779s][info][gc,cpu         ] GC(303) User=0.07s Sys=0.00s Real=0.01s
[2026-04-03T02:42:51.960+0600][65.779s][info][gc,marking     ] GC(303) Concurrent Mark 91.679ms
[2026-04-03T02:42:51.960+0600][65.779s][info][gc,marking     ] GC(303) Concurrent Rebuild Remembered Sets and Scrub Regions
[2026-04-03T02:42:51.999+0600][65.818s][info][gc,marking     ] GC(303) Concurrent Rebuild Remembered Sets and Scrub Regions 38.771ms
[2026-04-03T02:42:51.999+0600][65.818s][info][gc,start       ] GC(303) Pause Cleanup
[2026-04-03T02:42:52.000+0600][65.819s][info][gc             ] GC(303) Pause Cleanup 233M->233M(414M) 0.299ms
[2026-04-03T02:42:52.000+0600][65.819s][info][gc,cpu         ] GC(303) User=0.00s Sys=0.00s Real=0.01s
[2026-04-03T02:42:52.000+0600][65.819s][info][gc,marking     ] GC(303) Concurrent Clear Claimed Marks
[2026-04-03T02:42:52.000+0600][65.819s][info][gc,marking     ] GC(303) Concurrent Clear Claimed Marks 0.371ms
[2026-04-03T02:42:52.000+0600][65.819s][info][gc,marking     ] GC(303) Concurrent Cleanup for Next Mark
[2026-04-03T02:42:52.001+0600][65.820s][info][gc,marking     ] GC(303) Concurrent Cleanup for Next Mark 0.770ms
[2026-04-03T02:42:52.001+0600][65.820s][info][gc             ] GC(303) Concurrent Mark Cycle 135.431ms
[2026-04-03T02:42:52.151+0600][65.970s][info][gc,start       ] GC(304) Pause Young (Prepare Mixed) (G1 Evacuation Pause)
[2026-04-03T02:42:52.151+0600][65.970s][info][gc,task        ] GC(304) Using 10 workers of 10 for evacuation
[2026-04-03T02:42:52.155+0600][65.974s][info][gc,phases      ] GC(304)   Pre Evacuate Collection Set: 0.28ms
[2026-04-03T02:42:52.155+0600][65.974s][info][gc,phases      ] GC(304)   Merge Heap Roots: 0.15ms
[2026-04-03T02:42:52.155+0600][65.974s][info][gc,phases      ] GC(304)   Evacuate Collection Set: 3.32ms
[2026-04-03T02:42:52.155+0600][65.974s][info][gc,phases      ] GC(304)   Post Evacuate Collection Set: 0.51ms
[2026-04-03T02:42:52.155+0600][65.974s][info][gc,phases      ] GC(304)   Other: 0.08ms
[2026-04-03T02:42:52.155+0600][65.974s][info][gc,heap        ] GC(304) Eden regions: 234->0(247)
[2026-04-03T02:42:52.155+0600][65.974s][info][gc,heap        ] GC(304) Survivor regions: 10->8(31)
[2026-04-03T02:42:52.155+0600][65.974s][info][gc,heap        ] GC(304) Old regions: 85->86
[2026-04-03T02:42:52.155+0600][65.974s][info][gc,heap        ] GC(304) Humongous regions: 87->10
[2026-04-03T02:42:52.155+0600][65.974s][info][gc,metaspace   ] GC(304) Metaspace: 131421K(132800K)->131421K(132800K) NonClass: 114958K(115648K)->114958K(115648K) Class: 16463K(17152K)->16463K(17152K)
[2026-04-03T02:42:52.155+0600][65.974s][info][gc             ] GC(304) Pause Young (Prepare Mixed) (G1 Evacuation Pause) 415M->102M(425M) 4.555ms
[2026-04-03T02:42:52.156+0600][65.975s][info][gc,cpu         ] GC(304) User=0.02s Sys=0.01s Real=0.00s
[2026-04-03T02:42:52.228+0600][66.048s][info][gc,start       ] GC(305) Pause Young (Mixed) (G1 Evacuation Pause)
[2026-04-03T02:42:52.229+0600][66.048s][info][gc,task        ] GC(305) Using 10 workers of 10 for evacuation
[2026-04-03T02:42:52.232+0600][66.051s][info][gc,phases      ] GC(305)   Pre Evacuate Collection Set: 0.35ms
[2026-04-03T02:42:52.232+0600][66.051s][info][gc,phases      ] GC(305)   Merge Heap Roots: 0.15ms
[2026-04-03T02:42:52.232+0600][66.051s][info][gc,phases      ] GC(305)   Evacuate Collection Set: 2.13ms
[2026-04-03T02:42:52.232+0600][66.051s][info][gc,phases      ] GC(305)   Post Evacuate Collection Set: 0.62ms
[2026-04-03T02:42:52.232+0600][66.051s][info][gc,phases      ] GC(305)   Other: 0.08ms
[2026-04-03T02:42:52.232+0600][66.051s][info][gc,heap        ] GC(305) Eden regions: 46->0(294)
[2026-04-03T02:42:52.232+0600][66.051s][info][gc,heap        ] GC(305) Survivor regions: 8->4(36)
[2026-04-03T02:42:52.232+0600][66.051s][info][gc,heap        ] GC(305) Old regions: 86->85
[2026-04-03T02:42:52.232+0600][66.051s][info][gc,heap        ] GC(305) Humongous regions: 354->8
[2026-04-03T02:42:52.232+0600][66.051s][info][gc,metaspace   ] GC(305) Metaspace: 131421K(132800K)->131421K(132800K) NonClass: 114958K(115648K)->114958K(115648K) Class: 16463K(17152K)->16463K(17152K)
[2026-04-03T02:42:52.232+0600][66.051s][info][gc             ] GC(305) Pause Young (Mixed) (G1 Evacuation Pause) 492M->95M(498M) 3.589ms
[2026-04-03T02:42:52.232+0600][66.051s][info][gc,cpu         ] GC(305) User=0.02s Sys=0.01s Real=0.01s
[2026-04-03T02:42:52.242+0600][66.061s][info][gc,start       ] GC(306) Pause Young (Concurrent Start) (G1 Humongous Allocation)
[2026-04-03T02:42:52.242+0600][66.061s][info][gc,task        ] GC(306) Using 10 workers of 10 for evacuation
[2026-04-03T02:42:52.245+0600][66.064s][info][gc,phases      ] GC(306)   Pre Evacuate Collection Set: 0.34ms
[2026-04-03T02:42:52.245+0600][66.064s][info][gc,phases      ] GC(306)   Merge Heap Roots: 0.10ms
[2026-04-03T02:42:52.245+0600][66.064s][info][gc,phases      ] GC(306)   Evacuate Collection Set: 2.16ms
[2026-04-03T02:42:52.245+0600][66.064s][info][gc,phases      ] GC(306)   Post Evacuate Collection Set: 0.48ms
[2026-04-03T02:42:52.245+0600][66.064s][info][gc,phases      ] GC(306)   Other: 0.17ms
[2026-04-03T02:42:52.245+0600][66.064s][info][gc,heap        ] GC(306) Eden regions: 23->0(292)
[2026-04-03T02:42:52.245+0600][66.064s][info][gc,heap        ] GC(306) Survivor regions: 4->6(38)
[2026-04-03T02:42:52.245+0600][66.064s][info][gc,heap        ] GC(306) Old regions: 85->85
[2026-04-03T02:42:52.245+0600][66.064s][info][gc,heap        ] GC(306) Humongous regions: 8->8
[2026-04-03T02:42:52.245+0600][66.064s][info][gc,metaspace   ] GC(306) Metaspace: 131421K(132800K)->131421K(132800K) NonClass: 114958K(115648K)->114958K(115648K) Class: 16463K(17152K)->16463K(17152K)
[2026-04-03T02:42:52.245+0600][66.064s][info][gc             ] GC(306) Pause Young (Concurrent Start) (G1 Humongous Allocation) 118M->98M(498M) 3.540ms
[2026-04-03T02:42:52.245+0600][66.064s][info][gc             ] GC(307) Concurrent Mark Cycle
[2026-04-03T02:42:52.245+0600][66.064s][info][gc,marking     ] GC(307) Concurrent Scan Root Regions
[2026-04-03T02:42:52.245+0600][66.064s][info][gc,cpu         ] GC(306) User=0.03s Sys=0.00s Real=0.00s
[2026-04-03T02:42:52.247+0600][66.066s][info][gc,marking     ] GC(307) Concurrent Scan Root Regions 1.960ms
[2026-04-03T02:42:52.247+0600][66.066s][info][gc,marking     ] GC(307) Concurrent Mark
[2026-04-03T02:42:52.247+0600][66.066s][info][gc,marking     ] GC(307) Concurrent Mark From Roots
[2026-04-03T02:42:52.247+0600][66.066s][info][gc,task        ] GC(307) Using 3 workers of 3 for marking
[2026-04-03T02:42:52.311+0600][66.130s][info][gc,marking     ] GC(307) Concurrent Mark From Roots 63.800ms
[2026-04-03T02:42:52.311+0600][66.130s][info][gc,marking     ] GC(307) Concurrent Preclean
[2026-04-03T02:42:52.312+0600][66.131s][info][gc,marking     ] GC(307) Concurrent Preclean 0.499ms
[2026-04-03T02:42:52.314+0600][66.133s][info][gc,start       ] GC(307) Pause Remark
[2026-04-03T02:42:52.325+0600][66.144s][info][gc             ] GC(307) Pause Remark 398M->398M(612M) 10.408ms
[2026-04-03T02:42:52.325+0600][66.144s][info][gc,cpu         ] GC(307) User=0.06s Sys=0.00s Real=0.01s
[2026-04-03T02:42:52.325+0600][66.144s][info][gc,marking     ] GC(307) Concurrent Mark 77.921ms
[2026-04-03T02:42:52.325+0600][66.144s][info][gc,marking     ] GC(307) Concurrent Rebuild Remembered Sets and Scrub Regions
[2026-04-03T02:42:52.353+0600][66.172s][info][gc,marking     ] GC(307) Concurrent Rebuild Remembered Sets and Scrub Regions 27.536ms
[2026-04-03T02:42:52.357+0600][66.176s][info][gc,start       ] GC(307) Pause Cleanup
[2026-04-03T02:42:52.357+0600][66.176s][info][gc             ] GC(307) Pause Cleanup 489M->489M(612M) 0.320ms
[2026-04-03T02:42:52.357+0600][66.176s][info][gc,cpu         ] GC(307) User=0.00s Sys=0.00s Real=0.00s
[2026-04-03T02:42:52.357+0600][66.176s][info][gc,marking     ] GC(307) Concurrent Clear Claimed Marks
[2026-04-03T02:42:52.357+0600][66.176s][info][gc,marking     ] GC(307) Concurrent Clear Claimed Marks 0.342ms
[2026-04-03T02:42:52.357+0600][66.176s][info][gc,marking     ] GC(307) Concurrent Cleanup for Next Mark
[2026-04-03T02:42:52.359+0600][66.178s][info][gc,marking     ] GC(307) Concurrent Cleanup for Next Mark 1.497ms
[2026-04-03T02:42:52.359+0600][66.178s][info][gc             ] GC(307) Concurrent Mark Cycle 113.737ms
[2026-04-03T02:42:52.483+0600][66.302s][info][gc,start       ] GC(308) Pause Young (Prepare Mixed) (G1 Evacuation Pause)
[2026-04-03T02:42:52.483+0600][66.302s][info][gc,task        ] GC(308) Using 10 workers of 10 for evacuation
[2026-04-03T02:42:52.486+0600][66.305s][info][gc,phases      ] GC(308)   Pre Evacuate Collection Set: 0.25ms
[2026-04-03T02:42:52.486+0600][66.305s][info][gc,phases      ] GC(308)   Merge Heap Roots: 0.11ms
[2026-04-03T02:42:52.486+0600][66.305s][info][gc,phases      ] GC(308)   Evacuate Collection Set: 1.93ms
[2026-04-03T02:42:52.486+0600][66.305s][info][gc,phases      ] GC(308)   Post Evacuate Collection Set: 0.60ms
[2026-04-03T02:42:52.486+0600][66.305s][info][gc,phases      ] GC(308)   Other: 0.07ms
[2026-04-03T02:42:52.486+0600][66.305s][info][gc,heap        ] GC(308) Eden regions: 117->0(377)
[2026-04-03T02:42:52.486+0600][66.305s][info][gc,heap        ] GC(308) Survivor regions: 6->5(43)
[2026-04-03T02:42:52.486+0600][66.305s][info][gc,heap        ] GC(308) Old regions: 85->85
[2026-04-03T02:42:52.486+0600][66.305s][info][gc,heap        ] GC(308) Humongous regions: 425->13
[2026-04-03T02:42:52.486+0600][66.305s][info][gc,metaspace   ] GC(308) Metaspace: 131426K(132800K)->131426K(132800K) NonClass: 114962K(115648K)->114962K(115648K) Class: 16463K(17152K)->16463K(17152K)
[2026-04-03T02:42:52.486+0600][66.305s][info][gc             ] GC(308) Pause Young (Prepare Mixed) (G1 Evacuation Pause) 632M->102M(638M) 3.184ms
[2026-04-03T02:42:52.486+0600][66.305s][info][gc,cpu         ] GC(308) User=0.01s Sys=0.00s Real=0.00s
[2026-04-03T02:42:53.046+0600][66.865s][info][gc,start       ] GC(309) Pause Young (Mixed) (GCLocker Initiated GC)
[2026-04-03T02:42:53.046+0600][66.865s][info][gc,task        ] GC(309) Using 10 workers of 10 for evacuation
[2026-04-03T02:42:53.054+0600][66.873s][info][gc,phases      ] GC(309)   Pre Evacuate Collection Set: 0.82ms
[2026-04-03T02:42:53.054+0600][66.873s][info][gc,phases      ] GC(309)   Merge Heap Roots: 0.37ms
[2026-04-03T02:42:53.054+0600][66.873s][info][gc,phases      ] GC(309)   Evacuate Collection Set: 5.94ms
[2026-04-03T02:42:53.054+0600][66.873s][info][gc,phases      ] GC(309)   Post Evacuate Collection Set: 0.74ms
[2026-04-03T02:42:53.054+0600][66.873s][info][gc,phases      ] GC(309)   Other: 0.16ms
[2026-04-03T02:42:53.054+0600][66.873s][info][gc,heap        ] GC(309) Eden regions: 357->0(380)
[2026-04-03T02:42:53.054+0600][66.873s][info][gc,heap        ] GC(309) Survivor regions: 5->8(48)
[2026-04-03T02:42:53.054+0600][66.873s][info][gc,heap        ] GC(309) Old regions: 85->85
[2026-04-03T02:42:53.054+0600][66.873s][info][gc,heap        ] GC(309) Humongous regions: 191->8
[2026-04-03T02:42:53.054+0600][66.873s][info][gc,metaspace   ] GC(309) Metaspace: 131427K(132800K)->131427K(132800K) NonClass: 114963K(115648K)->114963K(115648K) Class: 16463K(17152K)->16463K(17152K)
[2026-04-03T02:42:53.054+0600][66.873s][info][gc             ] GC(309) Pause Young (Mixed) (GCLocker Initiated GC) 637M->100M(647M) 8.449ms
[2026-04-03T02:42:53.054+0600][66.873s][info][gc,cpu         ] GC(309) User=0.04s Sys=0.02s Real=0.01s
[2026-04-03T02:42:53.057+0600][66.876s][info][gc,start       ] GC(310) Pause Young (Concurrent Start) (GCLocker Initiated GC)
[2026-04-03T02:42:53.057+0600][66.876s][info][gc,task        ] GC(310) Using 10 workers of 10 for evacuation
[2026-04-03T02:42:53.061+0600][66.880s][info][gc,phases      ] GC(310)   Pre Evacuate Collection Set: 0.37ms
[2026-04-03T02:42:53.061+0600][66.880s][info][gc,phases      ] GC(310)   Merge Heap Roots: 0.13ms
[2026-04-03T02:42:53.061+0600][66.880s][info][gc,phases      ] GC(310)   Evacuate Collection Set: 3.06ms
[2026-04-03T02:42:53.061+0600][66.880s][info][gc,phases      ] GC(310)   Post Evacuate Collection Set: 0.75ms
[2026-04-03T02:42:53.061+0600][66.880s][info][gc,phases      ] GC(310)   Other: 0.14ms
[2026-04-03T02:42:53.061+0600][66.880s][info][gc,heap        ] GC(310) Eden regions: 6->0(379)
[2026-04-03T02:42:53.061+0600][66.880s][info][gc,heap        ] GC(310) Survivor regions: 8->9(49)
[2026-04-03T02:42:53.061+0600][66.880s][info][gc,heap        ] GC(310) Old regions: 85->85
[2026-04-03T02:42:53.061+0600][66.880s][info][gc,heap        ] GC(310) Humongous regions: 8->8
[2026-04-03T02:42:53.061+0600][66.880s][info][gc,metaspace   ] GC(310) Metaspace: 131427K(132800K)->131427K(132800K) NonClass: 114963K(115648K)->114963K(115648K) Class: 16463K(17152K)->16463K(17152K)
[2026-04-03T02:42:53.061+0600][66.880s][info][gc             ] GC(310) Pause Young (Concurrent Start) (GCLocker Initiated GC) 105M->101M(647M) 4.723ms
[2026-04-03T02:42:53.061+0600][66.880s][info][gc             ] GC(311) Concurrent Mark Cycle
[2026-04-03T02:42:53.061+0600][66.880s][info][gc,cpu         ] GC(310) User=0.03s Sys=0.00s Real=0.01s
[2026-04-03T02:42:53.062+0600][66.881s][info][gc,marking     ] GC(311) Concurrent Scan Root Regions
[2026-04-03T02:42:53.066+0600][66.885s][info][gc,marking     ] GC(311) Concurrent Scan Root Regions 4.887ms
[2026-04-03T02:42:53.066+0600][66.886s][info][gc,marking     ] GC(311) Concurrent Mark
[2026-04-03T02:42:53.067+0600][66.886s][info][gc,marking     ] GC(311) Concurrent Mark From Roots
[2026-04-03T02:42:53.067+0600][66.886s][info][gc,task        ] GC(311) Using 3 workers of 3 for marking
[2026-04-03T02:42:53.158+0600][66.977s][info][gc,marking     ] GC(311) Concurrent Mark From Roots 91.097ms
[2026-04-03T02:42:53.158+0600][66.977s][info][gc,marking     ] GC(311) Concurrent Preclean
[2026-04-03T02:42:53.158+0600][66.977s][info][gc,marking     ] GC(311) Concurrent Preclean 0.569ms
[2026-04-03T02:42:53.159+0600][66.978s][info][gc,start       ] GC(311) Pause Remark
[2026-04-03T02:42:53.167+0600][66.986s][info][gc             ] GC(311) Pause Remark 217M->217M(527M) 8.616ms
[2026-04-03T02:42:53.167+0600][66.986s][info][gc,cpu         ] GC(311) User=0.06s Sys=0.01s Real=0.01s
[2026-04-03T02:42:53.168+0600][66.987s][info][gc,marking     ] GC(311) Concurrent Mark 101.148ms
[2026-04-03T02:42:53.168+0600][66.987s][info][gc,marking     ] GC(311) Concurrent Rebuild Remembered Sets and Scrub Regions
[2026-04-03T02:42:53.203+0600][67.022s][info][gc,marking     ] GC(311) Concurrent Rebuild Remembered Sets and Scrub Regions 35.073ms
[2026-04-03T02:42:53.203+0600][67.022s][info][gc,start       ] GC(311) Pause Cleanup
[2026-04-03T02:42:53.204+0600][67.023s][info][gc             ] GC(311) Pause Cleanup 249M->249M(527M) 0.488ms
[2026-04-03T02:42:53.204+0600][67.023s][info][gc,cpu         ] GC(311) User=0.00s Sys=0.00s Real=0.00s
[2026-04-03T02:42:53.204+0600][67.023s][info][gc,marking     ] GC(311) Concurrent Clear Claimed Marks
[2026-04-03T02:42:53.205+0600][67.024s][info][gc,marking     ] GC(311) Concurrent Clear Claimed Marks 0.399ms
[2026-04-03T02:42:53.205+0600][67.024s][info][gc,marking     ] GC(311) Concurrent Cleanup for Next Mark
[2026-04-03T02:42:53.206+0600][67.025s][info][gc,marking     ] GC(311) Concurrent Cleanup for Next Mark 1.192ms
[2026-04-03T02:42:53.206+0600][67.025s][info][gc             ] GC(311) Concurrent Mark Cycle 144.575ms
[2026-04-03T02:42:53.382+0600][67.201s][info][gc,start       ] GC(312) Pause Young (Prepare Mixed) (GCLocker Initiated GC)
[2026-04-03T02:42:53.382+0600][67.201s][info][gc,task        ] GC(312) Using 10 workers of 10 for evacuation
[2026-04-03T02:42:53.389+0600][67.208s][info][gc,phases      ] GC(312)   Pre Evacuate Collection Set: 0.48ms
[2026-04-03T02:42:53.389+0600][67.208s][info][gc,phases      ] GC(312)   Merge Heap Roots: 0.38ms
[2026-04-03T02:42:53.389+0600][67.208s][info][gc,phases      ] GC(312)   Evacuate Collection Set: 5.33ms
[2026-04-03T02:42:53.389+0600][67.208s][info][gc,phases      ] GC(312)   Post Evacuate Collection Set: 0.89ms
[2026-04-03T02:42:53.389+0600][67.208s][info][gc,phases      ] GC(312)   Other: 0.13ms
[2026-04-03T02:42:53.389+0600][67.208s][info][gc,heap        ] GC(312) Eden regions: 236->0(313)
[2026-04-03T02:42:53.389+0600][67.208s][info][gc,heap        ] GC(312) Survivor regions: 9->8(40)
[2026-04-03T02:42:53.389+0600][67.208s][info][gc,heap        ] GC(312) Old regions: 85->86
[2026-04-03T02:42:53.389+0600][67.208s][info][gc,heap        ] GC(312) Humongous regions: 197->8
[2026-04-03T02:42:53.389+0600][67.208s][info][gc,metaspace   ] GC(312) Metaspace: 131427K(132800K)->131427K(132800K) NonClass: 114963K(115648K)->114963K(115648K) Class: 16463K(17152K)->16463K(17152K)
[2026-04-03T02:42:53.389+0600][67.208s][info][gc             ] GC(312) Pause Young (Prepare Mixed) (GCLocker Initiated GC) 526M->100M(536M) 7.523ms
[2026-04-03T02:42:53.390+0600][67.209s][info][gc,cpu         ] GC(312) User=0.04s Sys=0.02s Real=0.00s
[2026-04-03T02:42:53.751+0600][67.570s][info][gc,start       ] GC(313) Pause Young (Mixed) (G1 Evacuation Pause)
[2026-04-03T02:42:53.751+0600][67.570s][info][gc,task        ] GC(313) Using 10 workers of 10 for evacuation
[2026-04-03T02:42:53.758+0600][67.577s][info][gc,phases      ] GC(313)   Pre Evacuate Collection Set: 0.36ms
[2026-04-03T02:42:53.758+0600][67.577s][info][gc,phases      ] GC(313)   Merge Heap Roots: 0.26ms
[2026-04-03T02:42:53.758+0600][67.577s][info][gc,phases      ] GC(313)   Evacuate Collection Set: 5.28ms
[2026-04-03T02:42:53.758+0600][67.577s][info][gc,phases      ] GC(313)   Post Evacuate Collection Set: 1.01ms
[2026-04-03T02:42:53.758+0600][67.577s][info][gc,phases      ] GC(313)   Other: 0.12ms
[2026-04-03T02:42:53.758+0600][67.577s][info][gc,heap        ] GC(313) Eden regions: 267->0(318)
[2026-04-03T02:42:53.758+0600][67.577s][info][gc,heap        ] GC(313) Survivor regions: 8->8(41)
[2026-04-03T02:42:53.758+0600][67.577s][info][gc,heap        ] GC(313) Old regions: 86->85
[2026-04-03T02:42:53.758+0600][67.577s][info][gc,heap        ] GC(313) Humongous regions: 175->8
[2026-04-03T02:42:53.758+0600][67.577s][info][gc,metaspace   ] GC(313) Metaspace: 131427K(132800K)->131427K(132800K) NonClass: 114964K(115648K)->114964K(115648K) Class: 16463K(17152K)->16463K(17152K)
[2026-04-03T02:42:53.758+0600][67.577s][info][gc             ] GC(313) Pause Young (Mixed) (G1 Evacuation Pause) 534M->100M(544M) 7.334ms
[2026-04-03T02:42:53.758+0600][67.577s][info][gc,cpu         ] GC(313) User=0.04s Sys=0.01s Real=0.00s
[2026-04-03T02:42:53.809+0600][67.628s][info][gc,start       ] GC(314) Pause Young (Concurrent Start) (G1 Humongous Allocation)
[2026-04-03T02:42:53.809+0600][67.628s][info][gc,task        ] GC(314) Using 10 workers of 10 for evacuation
[2026-04-03T02:42:53.814+0600][67.633s][info][gc,phases      ] GC(314)   Pre Evacuate Collection Set: 0.34ms
[2026-04-03T02:42:53.814+0600][67.633s][info][gc,phases      ] GC(314)   Merge Heap Roots: 0.20ms
[2026-04-03T02:42:53.814+0600][67.633s][info][gc,phases      ] GC(314)   Evacuate Collection Set: 3.17ms
[2026-04-03T02:42:53.814+0600][67.633s][info][gc,phases      ] GC(314)   Post Evacuate Collection Set: 0.63ms
[2026-04-03T02:42:53.814+0600][67.633s][info][gc,phases      ] GC(314)   Other: 0.14ms
[2026-04-03T02:42:53.814+0600][67.633s][info][gc,heap        ] GC(314) Eden regions: 59->0(317)
[2026-04-03T02:42:53.814+0600][67.633s][info][gc,heap        ] GC(314) Survivor regions: 8->9(41)
[2026-04-03T02:42:53.814+0600][67.633s][info][gc,heap        ] GC(314) Old regions: 85->86
[2026-04-03T02:42:53.814+0600][67.633s][info][gc,heap        ] GC(314) Humongous regions: 8->8
[2026-04-03T02:42:53.814+0600][67.633s][info][gc,metaspace   ] GC(314) Metaspace: 131427K(132800K)->131427K(132800K) NonClass: 114964K(115648K)->114964K(115648K) Class: 16463K(17152K)->16463K(17152K)
[2026-04-03T02:42:53.814+0600][67.633s][info][gc             ] GC(314) Pause Young (Concurrent Start) (G1 Humongous Allocation) 159M->101M(544M) 4.809ms
[2026-04-03T02:42:53.814+0600][67.633s][info][gc             ] GC(315) Concurrent Mark Cycle
[2026-04-03T02:42:53.814+0600][67.633s][info][gc,marking     ] GC(315) Concurrent Scan Root Regions
[2026-04-03T02:42:53.814+0600][67.633s][info][gc,cpu         ] GC(314) User=0.04s Sys=0.00s Real=0.01s
[2026-04-03T02:42:53.818+0600][67.637s][info][gc,marking     ] GC(315) Concurrent Scan Root Regions 3.527ms
[2026-04-03T02:42:53.818+0600][67.637s][info][gc,marking     ] GC(315) Concurrent Mark
[2026-04-03T02:42:53.818+0600][67.637s][info][gc,marking     ] GC(315) Concurrent Mark From Roots
[2026-04-03T02:42:53.818+0600][67.637s][info][gc,task        ] GC(315) Using 3 workers of 3 for marking
[2026-04-03T02:42:53.900+0600][67.719s][info][gc,marking     ] GC(315) Concurrent Mark From Roots 82.353ms
[2026-04-03T02:42:53.900+0600][67.719s][info][gc,marking     ] GC(315) Concurrent Preclean
[2026-04-03T02:42:53.901+0600][67.720s][info][gc,marking     ] GC(315) Concurrent Preclean 0.427ms
[2026-04-03T02:42:53.901+0600][67.720s][info][gc,start       ] GC(315) Pause Remark
[2026-04-03T02:42:53.910+0600][67.729s][info][gc             ] GC(315) Pause Remark 211M->211M(414M) 9.351ms
[2026-04-03T02:42:53.911+0600][67.730s][info][gc,cpu         ] GC(315) User=0.07s Sys=0.00s Real=0.01s
[2026-04-03T02:42:53.911+0600][67.730s][info][gc,marking     ] GC(315) Concurrent Mark 92.972ms
[2026-04-03T02:42:53.911+0600][67.730s][info][gc,marking     ] GC(315) Concurrent Rebuild Remembered Sets and Scrub Regions
[2026-04-03T02:42:53.947+0600][67.766s][info][gc,marking     ] GC(315) Concurrent Rebuild Remembered Sets and Scrub Regions 36.460ms
[2026-04-03T02:42:53.948+0600][67.767s][info][gc,start       ] GC(315) Pause Cleanup
[2026-04-03T02:42:53.948+0600][67.767s][info][gc             ] GC(315) Pause Cleanup 267M->267M(414M) 0.302ms
[2026-04-03T02:42:53.948+0600][67.767s][info][gc,cpu         ] GC(315) User=0.00s Sys=0.00s Real=0.00s
[2026-04-03T02:42:53.948+0600][67.767s][info][gc,marking     ] GC(315) Concurrent Clear Claimed Marks
[2026-04-03T02:42:53.949+0600][67.768s][info][gc,marking     ] GC(315) Concurrent Clear Claimed Marks 0.372ms
[2026-04-03T02:42:53.949+0600][67.768s][info][gc,marking     ] GC(315) Concurrent Cleanup for Next Mark
[2026-04-03T02:42:53.950+0600][67.769s][info][gc,marking     ] GC(315) Concurrent Cleanup for Next Mark 0.764ms
[2026-04-03T02:42:53.950+0600][67.769s][info][gc             ] GC(315) Concurrent Mark Cycle 135.503ms
[2026-04-03T02:42:54.084+0600][67.903s][info][gc,start       ] GC(316) Pause Young (Prepare Mixed) (G1 Evacuation Pause)
[2026-04-03T02:42:54.084+0600][67.903s][info][gc,task        ] GC(316) Using 9 workers of 10 for evacuation
[2026-04-03T02:42:54.089+0600][67.908s][info][gc,phases      ] GC(316)   Pre Evacuate Collection Set: 0.27ms
[2026-04-03T02:42:54.089+0600][67.908s][info][gc,phases      ] GC(316)   Merge Heap Roots: 0.23ms
[2026-04-03T02:42:54.089+0600][67.908s][info][gc,phases      ] GC(316)   Evacuate Collection Set: 3.50ms
[2026-04-03T02:42:54.089+0600][67.908s][info][gc,phases      ] GC(316)   Post Evacuate Collection Set: 0.65ms
[2026-04-03T02:42:54.089+0600][67.908s][info][gc,phases      ] GC(316)   Other: 0.11ms
[2026-04-03T02:42:54.089+0600][67.908s][info][gc,heap        ] GC(316) Eden regions: 221->0(246)
[2026-04-03T02:42:54.089+0600][67.908s][info][gc,heap        ] GC(316) Survivor regions: 9->7(31)
[2026-04-03T02:42:54.089+0600][67.908s][info][gc,heap        ] GC(316) Old regions: 86->87
[2026-04-03T02:42:54.089+0600][67.908s][info][gc,heap        ] GC(316) Humongous regions: 98->8
[2026-04-03T02:42:54.089+0600][67.908s][info][gc,metaspace   ] GC(316) Metaspace: 131427K(132800K)->131427K(132800K) NonClass: 114964K(115648K)->114964K(115648K) Class: 16463K(17152K)->16463K(17152K)
[2026-04-03T02:42:54.089+0600][67.908s][info][gc             ] GC(316) Pause Young (Prepare Mixed) (G1 Evacuation Pause) 412M->99M(422M) 5.051ms
[2026-04-03T02:42:54.089+0600][67.909s][info][gc,cpu         ] GC(316) User=0.03s Sys=0.01s Real=0.00s
[2026-04-03T02:42:54.350+0600][68.169s][info][gc,start       ] GC(317) Pause Young (Mixed) (G1 Evacuation Pause)
[2026-04-03T02:42:54.351+0600][68.170s][info][gc,task        ] GC(317) Using 10 workers of 10 for evacuation
[2026-04-03T02:42:54.355+0600][68.174s][info][gc,phases      ] GC(317)   Pre Evacuate Collection Set: 0.36ms
[2026-04-03T02:42:54.355+0600][68.174s][info][gc,phases      ] GC(317)   Merge Heap Roots: 0.25ms
[2026-04-03T02:42:54.355+0600][68.174s][info][gc,phases      ] GC(317)   Evacuate Collection Set: 3.36ms
[2026-04-03T02:42:54.355+0600][68.174s][info][gc,phases      ] GC(317)   Post Evacuate Collection Set: 0.54ms
[2026-04-03T02:42:54.355+0600][68.174s][info][gc,phases      ] GC(317)   Other: 0.10ms
[2026-04-03T02:42:54.355+0600][68.174s][info][gc,heap        ] GC(317) Eden regions: 223->0(259)
[2026-04-03T02:42:54.355+0600][68.174s][info][gc,heap        ] GC(317) Survivor regions: 7->4(32)
[2026-04-03T02:42:54.355+0600][68.174s][info][gc,heap        ] GC(317) Old regions: 87->86
[2026-04-03T02:42:54.355+0600][68.174s][info][gc,heap        ] GC(317) Humongous regions: 118->8
[2026-04-03T02:42:54.355+0600][68.174s][info][gc,metaspace   ] GC(317) Metaspace: 131434K(132800K)->131434K(132800K) NonClass: 114970K(115648K)->114970K(115648K) Class: 16464K(17152K)->16464K(17152K)
[2026-04-03T02:42:54.355+0600][68.174s][info][gc             ] GC(317) Pause Young (Mixed) (G1 Evacuation Pause) 432M->97M(439M) 4.871ms
[2026-04-03T02:42:54.355+0600][68.174s][info][gc,cpu         ] GC(317) User=0.03s Sys=0.00s Real=0.00s
[2026-04-03T02:42:54.363+0600][68.183s][info][gc,start       ] GC(318) Pause Young (Concurrent Start) (G1 Humongous Allocation)
[2026-04-03T02:42:54.364+0600][68.183s][info][gc,task        ] GC(318) Using 10 workers of 10 for evacuation
[2026-04-03T02:42:54.368+0600][68.187s][info][gc,phases      ] GC(318)   Pre Evacuate Collection Set: 0.48ms
[2026-04-03T02:42:54.368+0600][68.187s][info][gc,phases      ] GC(318)   Merge Heap Roots: 0.15ms
[2026-04-03T02:42:54.368+0600][68.187s][info][gc,phases      ] GC(318)   Evacuate Collection Set: 3.06ms
[2026-04-03T02:42:54.368+0600][68.187s][info][gc,phases      ] GC(318)   Post Evacuate Collection Set: 0.62ms
[2026-04-03T02:42:54.368+0600][68.187s][info][gc,phases      ] GC(318)   Other: 0.25ms
[2026-04-03T02:42:54.368+0600][68.187s][info][gc,heap        ] GC(318) Eden regions: 14->0(260)
[2026-04-03T02:42:54.368+0600][68.187s][info][gc,heap        ] GC(318) Survivor regions: 4->3(33)
[2026-04-03T02:42:54.368+0600][68.187s][info][gc,heap        ] GC(318) Old regions: 86->86
[2026-04-03T02:42:54.368+0600][68.187s][info][gc,heap        ] GC(318) Humongous regions: 8->8
[2026-04-03T02:42:54.368+0600][68.187s][info][gc,metaspace   ] GC(318) Metaspace: 131434K(132800K)->131434K(132800K) NonClass: 114970K(115648K)->114970K(115648K) Class: 16464K(17152K)->16464K(17152K)
[2026-04-03T02:42:54.368+0600][68.187s][info][gc             ] GC(318) Pause Young (Concurrent Start) (G1 Humongous Allocation) 110M->95M(439M) 4.850ms
[2026-04-03T02:42:54.368+0600][68.187s][info][gc             ] GC(319) Concurrent Mark Cycle
[2026-04-03T02:42:54.368+0600][68.187s][info][gc,marking     ] GC(319) Concurrent Scan Root Regions
[2026-04-03T02:42:54.368+0600][68.188s][info][gc,cpu         ] GC(318) User=0.03s Sys=0.00s Real=0.00s
[2026-04-03T02:42:54.372+0600][68.191s][info][gc,marking     ] GC(319) Concurrent Scan Root Regions 3.290ms
[2026-04-03T02:42:54.372+0600][68.191s][info][gc,marking     ] GC(319) Concurrent Mark
[2026-04-03T02:42:54.372+0600][68.191s][info][gc,marking     ] GC(319) Concurrent Mark From Roots
[2026-04-03T02:42:54.372+0600][68.191s][info][gc,task        ] GC(319) Using 3 workers of 3 for marking
[2026-04-03T02:42:54.447+0600][68.266s][info][gc,marking     ] GC(319) Concurrent Mark From Roots 74.951ms
[2026-04-03T02:42:54.447+0600][68.266s][info][gc,marking     ] GC(319) Concurrent Preclean
[2026-04-03T02:42:54.447+0600][68.266s][info][gc,marking     ] GC(319) Concurrent Preclean 0.347ms
[2026-04-03T02:42:54.448+0600][68.267s][info][gc,start       ] GC(319) Pause Remark
[2026-04-03T02:42:54.457+0600][68.276s][info][gc             ] GC(319) Pause Remark 156M->156M(394M) 9.081ms
[2026-04-03T02:42:54.457+0600][68.276s][info][gc,cpu         ] GC(319) User=0.07s Sys=0.00s Real=0.01s
[2026-04-03T02:42:54.457+0600][68.276s][info][gc,marking     ] GC(319) Concurrent Mark 85.347ms
[2026-04-03T02:42:54.457+0600][68.276s][info][gc,marking     ] GC(319) Concurrent Rebuild Remembered Sets and Scrub Regions
[2026-04-03T02:42:54.502+0600][68.321s][info][gc,marking     ] GC(319) Concurrent Rebuild Remembered Sets and Scrub Regions 44.170ms
[2026-04-03T02:42:54.502+0600][68.321s][info][gc,start       ] GC(319) Pause Cleanup
[2026-04-03T02:42:54.502+0600][68.321s][info][gc             ] GC(319) Pause Cleanup 213M->213M(394M) 0.303ms
[2026-04-03T02:42:54.502+0600][68.321s][info][gc,cpu         ] GC(319) User=0.00s Sys=0.00s Real=0.00s
[2026-04-03T02:42:54.502+0600][68.321s][info][gc,marking     ] GC(319) Concurrent Clear Claimed Marks
[2026-04-03T02:42:54.503+0600][68.322s][info][gc,marking     ] GC(319) Concurrent Clear Claimed Marks 0.451ms
[2026-04-03T02:42:54.503+0600][68.322s][info][gc,marking     ] GC(319) Concurrent Cleanup for Next Mark
[2026-04-03T02:42:54.504+0600][68.323s][info][gc,marking     ] GC(319) Concurrent Cleanup for Next Mark 0.689ms
[2026-04-03T02:42:54.504+0600][68.323s][info][gc             ] GC(319) Concurrent Mark Cycle 135.230ms
[2026-04-03T02:42:54.511+0600][68.330s][info][gc,start       ] GC(320) Pause Full (System.gc())
[2026-04-03T02:42:54.511+0600][68.330s][info][gc,task        ] GC(320) Using 9 workers of 10 for full compaction
[2026-04-03T02:42:54.511+0600][68.330s][info][gc,phases,start] GC(320) Phase 1: Mark live objects
[2026-04-03T02:42:54.590+0600][68.409s][info][gc,phases      ] GC(320) Phase 1: Mark live objects 79.182ms
[2026-04-03T02:42:54.591+0600][68.410s][info][gc,phases,start] GC(320) Phase 2: Prepare compaction
[2026-04-03T02:42:54.593+0600][68.412s][info][gc,phases      ] GC(320) Phase 2: Prepare compaction 2.272ms
[2026-04-03T02:42:54.593+0600][68.412s][info][gc,phases,start] GC(320) Phase 3: Adjust pointers
[2026-04-03T02:42:54.616+0600][68.435s][info][gc,phases      ] GC(320) Phase 3: Adjust pointers 23.287ms
[2026-04-03T02:42:54.616+0600][68.435s][info][gc,phases,start] GC(320) Phase 4: Compact heap
[2026-04-03T02:42:54.619+0600][68.438s][info][gc,phases      ] GC(320) Phase 4: Compact heap 2.431ms
[2026-04-03T02:42:54.619+0600][68.438s][info][gc,phases,start] GC(320) Phase 5: Reset Metadata
[2026-04-03T02:42:54.623+0600][68.443s][info][gc,phases      ] GC(320) Phase 5: Reset Metadata 4.734ms
[2026-04-03T02:42:54.639+0600][68.458s][info][gc,heap        ] GC(320) Eden regions: 86->0(194)
[2026-04-03T02:42:54.639+0600][68.458s][info][gc,heap        ] GC(320) Survivor regions: 3->0(33)
[2026-04-03T02:42:54.639+0600][68.458s][info][gc,heap        ] GC(320) Old regions: 86->89
[2026-04-03T02:42:54.639+0600][68.458s][info][gc,heap        ] GC(320) Humongous regions: 45->8
[2026-04-03T02:42:54.639+0600][68.458s][info][gc,metaspace   ] GC(320) Metaspace: 131434K(132800K)->131434K(132800K) NonClass: 114970K(115648K)->114970K(115648K) Class: 16464K(17152K)->16464K(17152K)
[2026-04-03T02:42:54.639+0600][68.458s][info][gc             ] GC(320) Pause Full (System.gc()) 218M->92M(324M) 128.228ms
[2026-04-03T02:42:54.639+0600][68.458s][info][gc,cpu         ] GC(320) User=0.83s Sys=0.04s Real=0.12s
[2026-04-03T02:42:54.655+0600][68.474s][info][gc,start       ] GC(321) Pause Young (Concurrent Start) (G1 Humongous Allocation)
[2026-04-03T02:42:54.655+0600][68.474s][info][gc,task        ] GC(321) Using 8 workers of 10 for evacuation
[2026-04-03T02:42:54.658+0600][68.477s][info][gc,phases      ] GC(321)   Pre Evacuate Collection Set: 0.36ms
[2026-04-03T02:42:54.658+0600][68.477s][info][gc,phases      ] GC(321)   Merge Heap Roots: 0.07ms
[2026-04-03T02:42:54.658+0600][68.477s][info][gc,phases      ] GC(321)   Evacuate Collection Set: 1.56ms
[2026-04-03T02:42:54.658+0600][68.477s][info][gc,phases      ] GC(321)   Post Evacuate Collection Set: 0.46ms
[2026-04-03T02:42:54.658+0600][68.477s][info][gc,phases      ] GC(321)   Other: 0.14ms
[2026-04-03T02:42:54.658+0600][68.477s][info][gc,heap        ] GC(321) Eden regions: 5->0(193)
[2026-04-03T02:42:54.658+0600][68.477s][info][gc,heap        ] GC(321) Survivor regions: 0->1(25)
[2026-04-03T02:42:54.658+0600][68.477s][info][gc,heap        ] GC(321) Old regions: 89->89
[2026-04-03T02:42:54.658+0600][68.477s][info][gc,heap        ] GC(321) Humongous regions: 8->8
[2026-04-03T02:42:54.658+0600][68.477s][info][gc,metaspace   ] GC(321) Metaspace: 131434K(132800K)->131434K(132800K) NonClass: 114970K(115648K)->114970K(115648K) Class: 16464K(17152K)->16464K(17152K)
[2026-04-03T02:42:54.658+0600][68.477s][info][gc             ] GC(321) Pause Young (Concurrent Start) (G1 Humongous Allocation) 96M->92M(324M) 2.867ms
[2026-04-03T02:42:54.658+0600][68.477s][info][gc             ] GC(322) Concurrent Mark Cycle
[2026-04-03T02:42:54.658+0600][68.477s][info][gc,marking     ] GC(322) Concurrent Scan Root Regions
[2026-04-03T02:42:54.658+0600][68.477s][info][gc,cpu         ] GC(321) User=0.02s Sys=0.00s Real=0.00s
[2026-04-03T02:42:54.660+0600][68.479s][info][gc,marking     ] GC(322) Concurrent Scan Root Regions 2.367ms
[2026-04-03T02:42:54.660+0600][68.479s][info][gc,marking     ] GC(322) Concurrent Mark
[2026-04-03T02:42:54.660+0600][68.479s][info][gc,marking     ] GC(322) Concurrent Mark From Roots
[2026-04-03T02:42:54.660+0600][68.479s][info][gc,task        ] GC(322) Using 3 workers of 3 for marking
[2026-04-03T02:42:54.733+0600][68.552s][info][gc,marking     ] GC(322) Concurrent Mark From Roots 72.704ms
[2026-04-03T02:42:54.733+0600][68.552s][info][gc,marking     ] GC(322) Concurrent Preclean
[2026-04-03T02:42:54.734+0600][68.553s][info][gc,marking     ] GC(322) Concurrent Preclean 0.506ms
[2026-04-03T02:42:54.734+0600][68.553s][info][gc,start       ] GC(322) Pause Remark
[2026-04-03T02:42:54.743+0600][68.562s][info][gc             ] GC(322) Pause Remark 121M->121M(324M) 9.203ms
[2026-04-03T02:42:54.743+0600][68.562s][info][gc,cpu         ] GC(322) User=0.06s Sys=0.00s Real=0.01s
[2026-04-03T02:42:54.744+0600][68.563s][info][gc,marking     ] GC(322) Concurrent Mark 83.149ms
[2026-04-03T02:42:54.744+0600][68.563s][info][gc,marking     ] GC(322) Concurrent Rebuild Remembered Sets and Scrub Regions
[2026-04-03T02:42:54.773+0600][68.592s][info][gc,marking     ] GC(322) Concurrent Rebuild Remembered Sets and Scrub Regions 29.160ms
[2026-04-03T02:42:54.773+0600][68.592s][info][gc,start       ] GC(322) Pause Cleanup
[2026-04-03T02:42:54.774+0600][68.593s][info][gc             ] GC(322) Pause Cleanup 146M->146M(324M) 0.370ms
[2026-04-03T02:42:54.774+0600][68.593s][info][gc,cpu         ] GC(322) User=0.00s Sys=0.00s Real=0.00s
[2026-04-03T02:42:54.774+0600][68.593s][info][gc,marking     ] GC(322) Concurrent Clear Claimed Marks
[2026-04-03T02:42:54.775+0600][68.594s][info][gc,marking     ] GC(322) Concurrent Clear Claimed Marks 0.386ms
[2026-04-03T02:42:54.775+0600][68.594s][info][gc,marking     ] GC(322) Concurrent Cleanup for Next Mark
[2026-04-03T02:42:54.775+0600][68.594s][info][gc,marking     ] GC(322) Concurrent Cleanup for Next Mark 0.672ms
[2026-04-03T02:42:54.775+0600][68.594s][info][gc             ] GC(322) Concurrent Mark Cycle 117.416ms
[2026-04-03T02:42:54.816+0600][68.635s][info][gc,start       ] GC(323) Pause Young (Prepare Mixed) (G1 Evacuation Pause)
[2026-04-03T02:42:54.816+0600][68.635s][info][gc,task        ] GC(323) Using 8 workers of 10 for evacuation
[2026-04-03T02:42:54.819+0600][68.638s][info][gc,phases      ] GC(323)   Pre Evacuate Collection Set: 0.26ms
[2026-04-03T02:42:54.819+0600][68.638s][info][gc,phases      ] GC(323)   Merge Heap Roots: 0.11ms
[2026-04-03T02:42:54.819+0600][68.638s][info][gc,phases      ] GC(323)   Evacuate Collection Set: 2.48ms
[2026-04-03T02:42:54.819+0600][68.638s][info][gc,phases      ] GC(323)   Post Evacuate Collection Set: 0.60ms
[2026-04-03T02:42:54.819+0600][68.638s][info][gc,phases      ] GC(323)   Other: 0.12ms
[2026-04-03T02:42:54.819+0600][68.638s][info][gc,heap        ] GC(323) Eden regions: 54->0(222)
[2026-04-03T02:42:54.819+0600][68.638s][info][gc,heap        ] GC(323) Survivor regions: 1->4(26)
[2026-04-03T02:42:54.819+0600][68.638s][info][gc,heap        ] GC(323) Old regions: 89->89
[2026-04-03T02:42:54.819+0600][68.638s][info][gc,heap        ] GC(323) Humongous regions: 230->18
[2026-04-03T02:42:54.819+0600][68.638s][info][gc,metaspace   ] GC(323) Metaspace: 131434K(132800K)->131434K(132800K) NonClass: 114970K(115648K)->114970K(115648K) Class: 16464K(17152K)->16464K(17152K)
[2026-04-03T02:42:54.819+0600][68.638s][info][gc             ] GC(323) Pause Young (Prepare Mixed) (G1 Evacuation Pause) 368M->106M(378M) 3.811ms
[2026-04-03T02:42:54.819+0600][68.639s][info][gc,cpu         ] GC(323) User=0.01s Sys=0.01s Real=0.00s
[2026-04-03T02:42:54.899+0600][68.718s][info][gc,start       ] GC(324) Pause Young (Mixed) (G1 Evacuation Pause)
[2026-04-03T02:42:54.899+0600][68.718s][info][gc,task        ] GC(324) Using 10 workers of 10 for evacuation
[2026-04-03T02:42:54.903+0600][68.722s][info][gc,phases      ] GC(324)   Pre Evacuate Collection Set: 0.34ms
[2026-04-03T02:42:54.903+0600][68.722s][info][gc,phases      ] GC(324)   Merge Heap Roots: 0.12ms
[2026-04-03T02:42:54.903+0600][68.722s][info][gc,phases      ] GC(324)   Evacuate Collection Set: 2.57ms
[2026-04-03T02:42:54.903+0600][68.722s][info][gc,phases      ] GC(324)   Post Evacuate Collection Set: 0.61ms
[2026-04-03T02:42:54.903+0600][68.722s][info][gc,phases      ] GC(324)   Other: 0.08ms
[2026-04-03T02:42:54.903+0600][68.722s][info][gc,heap        ] GC(324) Eden regions: 58->0(270)
[2026-04-03T02:42:54.903+0600][68.722s][info][gc,heap        ] GC(324) Survivor regions: 4->5(29)
[2026-04-03T02:42:54.903+0600][68.722s][info][gc,heap        ] GC(324) Old regions: 89->88
[2026-04-03T02:42:54.903+0600][68.722s][info][gc,heap        ] GC(324) Humongous regions: 302->23
[2026-04-03T02:42:54.903+0600][68.722s][info][gc,metaspace   ] GC(324) Metaspace: 131440K(132864K)->131440K(132864K) NonClass: 114975K(115712K)->114975K(115712K) Class: 16464K(17152K)->16464K(17152K)
[2026-04-03T02:42:54.903+0600][68.722s][info][gc             ] GC(324) Pause Young (Mixed) (G1 Evacuation Pause) 448M->111M(459M) 3.965ms
[2026-04-03T02:42:54.903+0600][68.722s][info][gc,cpu         ] GC(324) User=0.01s Sys=0.01s Real=0.01s
[2026-04-03T02:42:54.904+0600][68.723s][info][gc,start       ] GC(325) Pause Young (Concurrent Start) (G1 Humongous Allocation)
[2026-04-03T02:42:54.904+0600][68.723s][info][gc,task        ] GC(325) Using 10 workers of 10 for evacuation
[2026-04-03T02:42:54.906+0600][68.725s][info][gc,phases      ] GC(325)   Pre Evacuate Collection Set: 0.29ms
[2026-04-03T02:42:54.906+0600][68.725s][info][gc,phases      ] GC(325)   Merge Heap Roots: 0.06ms
[2026-04-03T02:42:54.906+0600][68.725s][info][gc,phases      ] GC(325)   Evacuate Collection Set: 1.23ms
[2026-04-03T02:42:54.906+0600][68.725s][info][gc,phases      ] GC(325)   Post Evacuate Collection Set: 0.36ms
[2026-04-03T02:42:54.906+0600][68.725s][info][gc,phases      ] GC(325)   Other: 0.07ms
[2026-04-03T02:42:54.906+0600][68.725s][info][gc,heap        ] GC(325) Eden regions: 2->0(270)
[2026-04-03T02:42:54.906+0600][68.725s][info][gc,heap        ] GC(325) Survivor regions: 5->5(35)
[2026-04-03T02:42:54.906+0600][68.725s][info][gc,heap        ] GC(325) Old regions: 88->88
[2026-04-03T02:42:54.906+0600][68.725s][info][gc,heap        ] GC(325) Humongous regions: 23->8
[2026-04-03T02:42:54.906+0600][68.725s][info][gc,metaspace   ] GC(325) Metaspace: 131440K(132864K)->131440K(132864K) NonClass: 114975K(115712K)->114975K(115712K) Class: 16464K(17152K)->16464K(17152K)
[2026-04-03T02:42:54.906+0600][68.725s][info][gc             ] GC(325) Pause Young (Concurrent Start) (G1 Humongous Allocation) 112M->96M(459M) 2.172ms
[2026-04-03T02:42:54.906+0600][68.725s][info][gc             ] GC(326) Concurrent Mark Cycle
[2026-04-03T02:42:54.906+0600][68.725s][info][gc,cpu         ] GC(325) User=0.01s Sys=0.00s Real=0.00s
[2026-04-03T02:42:54.906+0600][68.725s][info][gc,marking     ] GC(326) Concurrent Scan Root Regions
[2026-04-03T02:42:54.908+0600][68.727s][info][gc,marking     ] GC(326) Concurrent Scan Root Regions 2.250ms
[2026-04-03T02:42:54.908+0600][68.727s][info][gc,marking     ] GC(326) Concurrent Mark
[2026-04-03T02:42:54.908+0600][68.728s][info][gc,marking     ] GC(326) Concurrent Mark From Roots
[2026-04-03T02:42:54.908+0600][68.728s][info][gc,task        ] GC(326) Using 3 workers of 3 for marking
[2026-04-03T02:42:54.988+0600][68.807s][info][gc,marking     ] GC(326) Concurrent Mark From Roots 79.121ms
[2026-04-03T02:42:54.988+0600][68.807s][info][gc,marking     ] GC(326) Concurrent Preclean
[2026-04-03T02:42:54.988+0600][68.807s][info][gc,marking     ] GC(326) Concurrent Preclean 0.467ms
[2026-04-03T02:42:54.989+0600][68.808s][info][gc,start       ] GC(326) Pause Remark
[2026-04-03T02:42:54.999+0600][68.818s][info][gc             ] GC(326) Pause Remark 383M->383M(550M) 10.052ms
[2026-04-03T02:42:54.999+0600][68.818s][info][gc,cpu         ] GC(326) User=0.06s Sys=0.00s Real=0.01s
[2026-04-03T02:42:54.999+0600][68.818s][info][gc,marking     ] GC(326) Concurrent Mark 90.466ms
[2026-04-03T02:42:54.999+0600][68.818s][info][gc,marking     ] GC(326) Concurrent Rebuild Remembered Sets and Scrub Regions
[2026-04-03T02:42:55.027+0600][68.846s][info][gc,marking     ] GC(326) Concurrent Rebuild Remembered Sets and Scrub Regions 27.757ms
[2026-04-03T02:42:55.027+0600][68.846s][info][gc,start       ] GC(326) Pause Cleanup
[2026-04-03T02:42:55.027+0600][68.846s][info][gc             ] GC(326) Pause Cleanup 391M->391M(550M) 0.258ms
[2026-04-03T02:42:55.027+0600][68.846s][info][gc,cpu         ] GC(326) User=0.00s Sys=0.00s Real=0.00s
[2026-04-03T02:42:55.027+0600][68.847s][info][gc,marking     ] GC(326) Concurrent Clear Claimed Marks
[2026-04-03T02:42:55.028+0600][68.847s][info][gc,marking     ] GC(326) Concurrent Clear Claimed Marks 0.399ms
[2026-04-03T02:42:55.028+0600][68.847s][info][gc,marking     ] GC(326) Concurrent Cleanup for Next Mark
[2026-04-03T02:42:55.030+0600][68.849s][info][gc,marking     ] GC(326) Concurrent Cleanup for Next Mark 2.060ms
[2026-04-03T02:42:55.030+0600][68.849s][info][gc             ] GC(326) Concurrent Mark Cycle 123.979ms
[2026-04-03T02:42:55.261+0600][69.080s][info][gc,start       ] GC(327) Pause Young (Prepare Mixed) (G1 Evacuation Pause)
[2026-04-03T02:42:55.261+0600][69.080s][info][gc,task        ] GC(327) Using 10 workers of 10 for evacuation
[2026-04-03T02:42:55.265+0600][69.084s][info][gc,phases      ] GC(327)   Pre Evacuate Collection Set: 0.33ms
[2026-04-03T02:42:55.265+0600][69.084s][info][gc,phases      ] GC(327)   Merge Heap Roots: 0.20ms
[2026-04-03T02:42:55.265+0600][69.084s][info][gc,phases      ] GC(327)   Evacuate Collection Set: 3.16ms
[2026-04-03T02:42:55.265+0600][69.084s][info][gc,phases      ] GC(327)   Post Evacuate Collection Set: 0.73ms
[2026-04-03T02:42:55.265+0600][69.084s][info][gc,phases      ] GC(327)   Other: 0.09ms
[2026-04-03T02:42:55.265+0600][69.084s][info][gc,heap        ] GC(327) Eden regions: 147->0(328)
[2026-04-03T02:42:55.265+0600][69.084s][info][gc,heap        ] GC(327) Survivor regions: 5->4(38)
[2026-04-03T02:42:55.265+0600][69.084s][info][gc,heap        ] GC(327) Old regions: 88->88
[2026-04-03T02:42:55.265+0600][69.084s][info][gc,heap        ] GC(327) Humongous regions: 310->8
[2026-04-03T02:42:55.265+0600][69.084s][info][gc,metaspace   ] GC(327) Metaspace: 131453K(132864K)->131453K(132864K) NonClass: 114989K(115712K)->114989K(115712K) Class: 16464K(17152K)->16464K(17152K)
[2026-04-03T02:42:55.266+0600][69.085s][info][gc             ] GC(327) Pause Young (Prepare Mixed) (G1 Evacuation Pause) 545M->95M(554M) 4.835ms
[2026-04-03T02:42:55.266+0600][69.085s][info][gc,cpu         ] GC(327) User=0.03s Sys=0.00s Real=0.00s
[2026-04-03T02:42:55.725+0600][69.544s][info][gc,start       ] GC(328) Pause Young (Mixed) (GCLocker Initiated GC)
[2026-04-03T02:42:55.725+0600][69.544s][info][gc,task        ] GC(328) Using 10 workers of 10 for evacuation
[2026-04-03T02:42:55.731+0600][69.550s][info][gc,phases      ] GC(328)   Pre Evacuate Collection Set: 0.33ms
[2026-04-03T02:42:55.731+0600][69.550s][info][gc,phases      ] GC(328)   Merge Heap Roots: 0.26ms
[2026-04-03T02:42:55.731+0600][69.550s][info][gc,phases      ] GC(328)   Evacuate Collection Set: 4.39ms
[2026-04-03T02:42:55.731+0600][69.550s][info][gc,phases      ] GC(328)   Post Evacuate Collection Set: 0.72ms
[2026-04-03T02:42:55.731+0600][69.550s][info][gc,phases      ] GC(328)   Other: 0.15ms
[2026-04-03T02:42:55.731+0600][69.550s][info][gc,heap        ] GC(328) Eden regions: 302->0(329)
[2026-04-03T02:42:55.731+0600][69.550s][info][gc,heap        ] GC(328) Survivor regions: 4->7(42)
[2026-04-03T02:42:55.731+0600][69.550s][info][gc,heap        ] GC(328) Old regions: 88->87
[2026-04-03T02:42:55.731+0600][69.550s][info][gc,heap        ] GC(328) Humongous regions: 160->8
[2026-04-03T02:42:55.731+0600][69.550s][info][gc,metaspace   ] GC(328) Metaspace: 131454K(132864K)->131454K(132864K) NonClass: 114989K(115712K)->114989K(115712K) Class: 16464K(17152K)->16464K(17152K)
[2026-04-03T02:42:55.731+0600][69.550s][info][gc             ] GC(328) Pause Young (Mixed) (GCLocker Initiated GC) 549M->98M(561M) 6.135ms
[2026-04-03T02:42:55.731+0600][69.550s][info][gc,cpu         ] GC(328) User=0.03s Sys=0.01s Real=0.01s
[2026-04-03T02:42:55.736+0600][69.555s][info][gc,start       ] GC(329) Pause Young (Concurrent Start) (GCLocker Initiated GC)
[2026-04-03T02:42:55.736+0600][69.555s][info][gc,task        ] GC(329) Using 10 workers of 10 for evacuation
[2026-04-03T02:42:55.740+0600][69.559s][info][gc,phases      ] GC(329)   Pre Evacuate Collection Set: 0.41ms
[2026-04-03T02:42:55.740+0600][69.559s][info][gc,phases      ] GC(329)   Merge Heap Roots: 0.13ms
[2026-04-03T02:42:55.740+0600][69.559s][info][gc,phases      ] GC(329)   Evacuate Collection Set: 2.15ms
[2026-04-03T02:42:55.740+0600][69.559s][info][gc,phases      ] GC(329)   Post Evacuate Collection Set: 0.46ms
[2026-04-03T02:42:55.740+0600][69.559s][info][gc,phases      ] GC(329)   Other: 0.14ms
[2026-04-03T02:42:55.740+0600][69.559s][info][gc,heap        ] GC(329) Eden regions: 7->0(330)
[2026-04-03T02:42:55.740+0600][69.559s][info][gc,heap        ] GC(329) Survivor regions: 7->6(42)
[2026-04-03T02:42:55.740+0600][69.559s][info][gc,heap        ] GC(329) Old regions: 87->87
[2026-04-03T02:42:55.740+0600][69.559s][info][gc,heap        ] GC(329) Humongous regions: 8->8
[2026-04-03T02:42:55.740+0600][69.559s][info][gc,metaspace   ] GC(329) Metaspace: 131454K(132864K)->131454K(132864K) NonClass: 114989K(115712K)->114989K(115712K) Class: 16464K(17152K)->16464K(17152K)
[2026-04-03T02:42:55.740+0600][69.559s][info][gc             ] GC(329) Pause Young (Concurrent Start) (GCLocker Initiated GC) 105M->97M(561M) 3.560ms
[2026-04-03T02:42:55.740+0600][69.559s][info][gc,cpu         ] GC(329) User=0.02s Sys=0.00s Real=0.01s
[2026-04-03T02:42:55.740+0600][69.559s][info][gc             ] GC(330) Concurrent Mark Cycle
[2026-04-03T02:42:55.740+0600][69.559s][info][gc,marking     ] GC(330) Concurrent Scan Root Regions
[2026-04-03T02:42:55.744+0600][69.563s][info][gc,marking     ] GC(330) Concurrent Scan Root Regions 3.648ms
[2026-04-03T02:42:55.744+0600][69.563s][info][gc,marking     ] GC(330) Concurrent Mark
[2026-04-03T02:42:55.744+0600][69.563s][info][gc,marking     ] GC(330) Concurrent Mark From Roots
[2026-04-03T02:42:55.744+0600][69.563s][info][gc,task        ] GC(330) Using 3 workers of 3 for marking
[2026-04-03T02:42:55.830+0600][69.649s][info][gc,marking     ] GC(330) Concurrent Mark From Roots 86.363ms
[2026-04-03T02:42:55.830+0600][69.649s][info][gc,marking     ] GC(330) Concurrent Preclean
[2026-04-03T02:42:55.831+0600][69.650s][info][gc,marking     ] GC(330) Concurrent Preclean 0.738ms
[2026-04-03T02:42:55.832+0600][69.651s][info][gc,start       ] GC(330) Pause Remark
[2026-04-03T02:42:55.841+0600][69.660s][info][gc             ] GC(330) Pause Remark 211M->211M(517M) 9.643ms
[2026-04-03T02:42:55.841+0600][69.660s][info][gc,cpu         ] GC(330) User=0.06s Sys=0.00s Real=0.01s
[2026-04-03T02:42:55.842+0600][69.661s][info][gc,marking     ] GC(330) Concurrent Mark 97.725ms
[2026-04-03T02:42:55.842+0600][69.661s][info][gc,marking     ] GC(330) Concurrent Rebuild Remembered Sets and Scrub Regions
[2026-04-03T02:42:55.874+0600][69.693s][info][gc,marking     ] GC(330) Concurrent Rebuild Remembered Sets and Scrub Regions 31.917ms
[2026-04-03T02:42:55.874+0600][69.693s][info][gc,start       ] GC(330) Pause Cleanup
[2026-04-03T02:42:55.875+0600][69.694s][info][gc             ] GC(330) Pause Cleanup 234M->234M(517M) 0.405ms
[2026-04-03T02:42:55.875+0600][69.694s][info][gc,cpu         ] GC(330) User=0.01s Sys=0.00s Real=0.00s
[2026-04-03T02:42:55.875+0600][69.694s][info][gc,marking     ] GC(330) Concurrent Clear Claimed Marks
[2026-04-03T02:42:55.875+0600][69.694s][info][gc,marking     ] GC(330) Concurrent Clear Claimed Marks 0.411ms
[2026-04-03T02:42:55.875+0600][69.695s][info][gc,marking     ] GC(330) Concurrent Cleanup for Next Mark
[2026-04-03T02:42:55.877+0600][69.696s][info][gc,marking     ] GC(330) Concurrent Cleanup for Next Mark 1.120ms
[2026-04-03T02:42:55.877+0600][69.696s][info][gc             ] GC(330) Concurrent Mark Cycle 136.655ms
[2026-04-03T02:42:56.055+0600][69.874s][info][gc,start       ] GC(331) Pause Young (Prepare Mixed) (G1 Evacuation Pause)
[2026-04-03T02:42:56.055+0600][69.874s][info][gc,task        ] GC(331) Using 10 workers of 10 for evacuation
[2026-04-03T02:42:56.061+0600][69.880s][info][gc,phases      ] GC(331)   Pre Evacuate Collection Set: 0.43ms
[2026-04-03T02:42:56.061+0600][69.880s][info][gc,phases      ] GC(331)   Merge Heap Roots: 0.27ms
[2026-04-03T02:42:56.061+0600][69.880s][info][gc,phases      ] GC(331)   Evacuate Collection Set: 4.07ms
[2026-04-03T02:42:56.061+0600][69.880s][info][gc,phases      ] GC(331)   Post Evacuate Collection Set: 0.63ms
[2026-04-03T02:42:56.061+0600][69.880s][info][gc,phases      ] GC(331)   Other: 0.11ms
[2026-04-03T02:42:56.061+0600][69.880s][info][gc,heap        ] GC(331) Eden regions: 232->0(310)
[2026-04-03T02:42:56.061+0600][69.880s][info][gc,heap        ] GC(331) Survivor regions: 6->7(39)
[2026-04-03T02:42:56.061+0600][69.880s][info][gc,heap        ] GC(331) Old regions: 87->87
[2026-04-03T02:42:56.061+0600][69.880s][info][gc,heap        ] GC(331) Humongous regions: 197->8
[2026-04-03T02:42:56.061+0600][69.880s][info][gc,metaspace   ] GC(331) Metaspace: 131454K(132864K)->131454K(132864K) NonClass: 114989K(115712K)->114989K(115712K) Class: 16464K(17152K)->16464K(17152K)
[2026-04-03T02:42:56.061+0600][69.880s][info][gc             ] GC(331) Pause Young (Prepare Mixed) (G1 Evacuation Pause) 518M->98M(529M) 5.877ms
[2026-04-03T02:42:56.061+0600][69.880s][info][gc,cpu         ] GC(331) User=0.04s Sys=0.00s Real=0.01s
[2026-04-03T02:42:56.552+0600][70.372s][info][gc,start       ] GC(332) Pause Young (Mixed) (G1 Evacuation Pause)
[2026-04-03T02:42:56.553+0600][70.372s][info][gc,task        ] GC(332) Using 10 workers of 10 for evacuation
[2026-04-03T02:42:56.556+0600][70.375s][info][gc,phases      ] GC(332)   Pre Evacuate Collection Set: 0.20ms
[2026-04-03T02:42:56.556+0600][70.375s][info][gc,phases      ] GC(332)   Merge Heap Roots: 0.18ms
[2026-04-03T02:42:56.556+0600][70.375s][info][gc,phases      ] GC(332)   Evacuate Collection Set: 1.76ms
[2026-04-03T02:42:56.556+0600][70.375s][info][gc,phases      ] GC(332)   Post Evacuate Collection Set: 0.84ms
[2026-04-03T02:42:56.556+0600][70.375s][info][gc,phases      ] GC(332)   Other: 0.10ms
[2026-04-03T02:42:56.556+0600][70.375s][info][gc,heap        ] GC(332) Eden regions: 296->0(316)
[2026-04-03T02:42:56.556+0600][70.375s][info][gc,heap        ] GC(332) Survivor regions: 7->5(40)
[2026-04-03T02:42:56.556+0600][70.375s][info][gc,heap        ] GC(332) Old regions: 87->87
[2026-04-03T02:42:56.556+0600][70.375s][info][gc,heap        ] GC(332) Humongous regions: 139->8
[2026-04-03T02:42:56.556+0600][70.375s][info][gc,metaspace   ] GC(332) Metaspace: 131470K(132864K)->131470K(132864K) NonClass: 115006K(115712K)->115006K(115712K) Class: 16464K(17152K)->16464K(17152K)
[2026-04-03T02:42:56.556+0600][70.375s][info][gc             ] GC(332) Pause Young (Mixed) (G1 Evacuation Pause) 525M->96M(535M) 3.346ms
[2026-04-03T02:42:56.556+0600][70.375s][info][gc,cpu         ] GC(332) User=0.01s Sys=0.01s Real=0.00s
[2026-04-03T02:42:56.558+0600][70.377s][info][gc,start       ] GC(333) Pause Young (Concurrent Start) (G1 Humongous Allocation)
[2026-04-03T02:42:56.558+0600][70.377s][info][gc,task        ] GC(333) Using 10 workers of 10 for evacuation
[2026-04-03T02:42:56.560+0600][70.379s][info][gc,phases      ] GC(333)   Pre Evacuate Collection Set: 0.34ms
[2026-04-03T02:42:56.560+0600][70.379s][info][gc,phases      ] GC(333)   Merge Heap Roots: 0.07ms
[2026-04-03T02:42:56.560+0600][70.379s][info][gc,phases      ] GC(333)   Evacuate Collection Set: 1.31ms
[2026-04-03T02:42:56.560+0600][70.379s][info][gc,phases      ] GC(333)   Post Evacuate Collection Set: 0.37ms
[2026-04-03T02:42:56.560+0600][70.379s][info][gc,phases      ] GC(333)   Other: 0.17ms
[2026-04-03T02:42:56.560+0600][70.379s][info][gc,heap        ] GC(333) Eden regions: 2->0(316)
[2026-04-03T02:42:56.560+0600][70.379s][info][gc,heap        ] GC(333) Survivor regions: 5->5(41)
[2026-04-03T02:42:56.560+0600][70.379s][info][gc,heap        ] GC(333) Old regions: 87->87
[2026-04-03T02:42:56.560+0600][70.379s][info][gc,heap        ] GC(333) Humongous regions: 8->8
[2026-04-03T02:42:56.560+0600][70.379s][info][gc,metaspace   ] GC(333) Metaspace: 131470K(132864K)->131470K(132864K) NonClass: 115006K(115712K)->115006K(115712K) Class: 16464K(17152K)->16464K(17152K)
[2026-04-03T02:42:56.560+0600][70.379s][info][gc             ] GC(333) Pause Young (Concurrent Start) (G1 Humongous Allocation) 98M->96M(535M) 2.469ms
[2026-04-03T02:42:56.560+0600][70.379s][info][gc             ] GC(334) Concurrent Mark Cycle
[2026-04-03T02:42:56.560+0600][70.379s][info][gc,marking     ] GC(334) Concurrent Scan Root Regions
[2026-04-03T02:42:56.560+0600][70.379s][info][gc,cpu         ] GC(333) User=0.01s Sys=0.00s Real=0.01s
[2026-04-03T02:42:56.562+0600][70.381s][info][gc,marking     ] GC(334) Concurrent Scan Root Regions 1.961ms
[2026-04-03T02:42:56.563+0600][70.382s][info][gc,marking     ] GC(334) Concurrent Mark
[2026-04-03T02:42:56.563+0600][70.382s][info][gc,marking     ] GC(334) Concurrent Mark From Roots
[2026-04-03T02:42:56.563+0600][70.382s][info][gc,task        ] GC(334) Using 3 workers of 3 for marking
[2026-04-03T02:42:56.650+0600][70.469s][info][gc,marking     ] GC(334) Concurrent Mark From Roots 87.010ms
[2026-04-03T02:42:56.650+0600][70.469s][info][gc,marking     ] GC(334) Concurrent Preclean
[2026-04-03T02:42:56.650+0600][70.469s][info][gc,marking     ] GC(334) Concurrent Preclean 0.766ms
[2026-04-03T02:42:56.651+0600][70.470s][info][gc,start       ] GC(334) Pause Remark
[2026-04-03T02:42:56.660+0600][70.479s][info][gc             ] GC(334) Pause Remark 215M->215M(517M) 9.615ms
[2026-04-03T02:42:56.661+0600][70.480s][info][gc,cpu         ] GC(334) User=0.07s Sys=0.00s Real=0.01s
[2026-04-03T02:42:56.661+0600][70.480s][info][gc,marking     ] GC(334) Concurrent Mark 98.375ms
[2026-04-03T02:42:56.661+0600][70.480s][info][gc,marking     ] GC(334) Concurrent Rebuild Remembered Sets and Scrub Regions
[2026-04-03T02:42:56.692+0600][70.512s][info][gc,marking     ] GC(334) Concurrent Rebuild Remembered Sets and Scrub Regions 31.486ms
[2026-04-03T02:42:56.693+0600][70.512s][info][gc,start       ] GC(334) Pause Cleanup
[2026-04-03T02:42:56.693+0600][70.512s][info][gc             ] GC(334) Pause Cleanup 249M->249M(517M) 0.338ms
[2026-04-03T02:42:56.694+0600][70.513s][info][gc,cpu         ] GC(334) User=0.00s Sys=0.00s Real=0.00s
[2026-04-03T02:42:56.694+0600][70.513s][info][gc,marking     ] GC(334) Concurrent Clear Claimed Marks
[2026-04-03T02:42:56.694+0600][70.513s][info][gc,marking     ] GC(334) Concurrent Clear Claimed Marks 0.407ms
[2026-04-03T02:42:56.694+0600][70.513s][info][gc,marking     ] GC(334) Concurrent Cleanup for Next Mark
[2026-04-03T02:42:56.695+0600][70.514s][info][gc,marking     ] GC(334) Concurrent Cleanup for Next Mark 0.960ms
[2026-04-03T02:42:56.695+0600][70.514s][info][gc             ] GC(334) Concurrent Mark Cycle 134.901ms
[2026-04-03T02:42:56.871+0600][70.690s][info][gc,start       ] GC(335) Pause Young (Prepare Mixed) (G1 Evacuation Pause)
[2026-04-03T02:42:56.871+0600][70.690s][info][gc,task        ] GC(335) Using 10 workers of 10 for evacuation
[2026-04-03T02:42:56.877+0600][70.696s][info][gc,phases      ] GC(335)   Pre Evacuate Collection Set: 0.36ms
[2026-04-03T02:42:56.877+0600][70.696s][info][gc,phases      ] GC(335)   Merge Heap Roots: 0.22ms
[2026-04-03T02:42:56.877+0600][70.696s][info][gc,phases      ] GC(335)   Evacuate Collection Set: 4.52ms
[2026-04-03T02:42:56.877+0600][70.696s][info][gc,phases      ] GC(335)   Post Evacuate Collection Set: 0.74ms
[2026-04-03T02:42:56.877+0600][70.696s][info][gc,phases      ] GC(335)   Other: 0.12ms
[2026-04-03T02:42:56.877+0600][70.696s][info][gc,heap        ] GC(335) Eden regions: 228->0(310)
[2026-04-03T02:42:56.877+0600][70.696s][info][gc,heap        ] GC(335) Survivor regions: 5->7(39)
[2026-04-03T02:42:56.877+0600][70.696s][info][gc,heap        ] GC(335) Old regions: 87->87
[2026-04-03T02:42:56.877+0600][70.696s][info][gc,heap        ] GC(335) Humongous regions: 202->8
[2026-04-03T02:42:56.877+0600][70.696s][info][gc,metaspace   ] GC(335) Metaspace: 131470K(132864K)->131470K(132864K) NonClass: 115006K(115712K)->115006K(115712K) Class: 16464K(17152K)->16464K(17152K)
[2026-04-03T02:42:56.877+0600][70.696s][info][gc             ] GC(335) Pause Young (Prepare Mixed) (G1 Evacuation Pause) 518M->98M(529M) 6.263ms
[2026-04-03T02:42:56.877+0600][70.696s][info][gc,cpu         ] GC(335) User=0.03s Sys=0.01s Real=0.00s
[2026-04-03T02:42:57.173+0600][70.992s][info][gc,start       ] GC(336) Pause Young (Mixed) (G1 Evacuation Pause)
[2026-04-03T02:42:57.173+0600][70.992s][info][gc,task        ] GC(336) Using 10 workers of 10 for evacuation
[2026-04-03T02:42:57.177+0600][70.996s][info][gc,phases      ] GC(336)   Pre Evacuate Collection Set: 0.31ms
[2026-04-03T02:42:57.177+0600][70.997s][info][gc,phases      ] GC(336)   Merge Heap Roots: 0.18ms
[2026-04-03T02:42:57.178+0600][70.997s][info][gc,phases      ] GC(336)   Evacuate Collection Set: 3.36ms
[2026-04-03T02:42:57.178+0600][70.997s][info][gc,phases      ] GC(336)   Post Evacuate Collection Set: 0.67ms
[2026-04-03T02:42:57.178+0600][70.997s][info][gc,phases      ] GC(336)   Other: 0.12ms
[2026-04-03T02:42:57.178+0600][70.997s][info][gc,heap        ] GC(336) Eden regions: 247->0(320)
[2026-04-03T02:42:57.178+0600][70.997s][info][gc,heap        ] GC(336) Survivor regions: 7->7(41)
[2026-04-03T02:42:57.178+0600][70.997s][info][gc,heap        ] GC(336) Old regions: 87->87
[2026-04-03T02:42:57.178+0600][70.997s][info][gc,heap        ] GC(336) Humongous regions: 197->8
[2026-04-03T02:42:57.178+0600][70.997s][info][gc,metaspace   ] GC(336) Metaspace: 131470K(132864K)->131470K(132864K) NonClass: 115006K(115712K)->115006K(115712K) Class: 16464K(17152K)->16464K(17152K)
[2026-04-03T02:42:57.178+0600][70.997s][info][gc             ] GC(336) Pause Young (Mixed) (G1 Evacuation Pause) 534M->98M(546M) 4.989ms
[2026-04-03T02:42:57.178+0600][70.997s][info][gc,cpu         ] GC(336) User=0.03s Sys=0.01s Real=0.00s
[2026-04-03T02:42:57.193+0600][71.012s][info][gc,start       ] GC(337) Pause Young (Concurrent Start) (G1 Humongous Allocation)
[2026-04-03T02:42:57.193+0600][71.013s][info][gc,task        ] GC(337) Using 10 workers of 10 for evacuation
[2026-04-03T02:42:57.198+0600][71.017s][info][gc,phases      ] GC(337)   Pre Evacuate Collection Set: 0.50ms
[2026-04-03T02:42:57.199+0600][71.018s][info][gc,phases      ] GC(337)   Merge Heap Roots: 0.19ms
[2026-04-03T02:42:57.199+0600][71.018s][info][gc,phases      ] GC(337)   Evacuate Collection Set: 3.40ms
[2026-04-03T02:42:57.199+0600][71.018s][info][gc,phases      ] GC(337)   Post Evacuate Collection Set: 0.68ms
[2026-04-03T02:42:57.199+0600][71.018s][info][gc,phases      ] GC(337)   Other: 0.19ms
[2026-04-03T02:42:57.199+0600][71.018s][info][gc,heap        ] GC(337) Eden regions: 15->0(320)
[2026-04-03T02:42:57.199+0600][71.018s][info][gc,heap        ] GC(337) Survivor regions: 7->7(41)
[2026-04-03T02:42:57.199+0600][71.018s][info][gc,heap        ] GC(337) Old regions: 87->87
[2026-04-03T02:42:57.199+0600][71.018s][info][gc,heap        ] GC(337) Humongous regions: 8->8
[2026-04-03T02:42:57.199+0600][71.018s][info][gc,metaspace   ] GC(337) Metaspace: 131470K(132864K)->131470K(132864K) NonClass: 115006K(115712K)->115006K(115712K) Class: 16464K(17152K)->16464K(17152K)
[2026-04-03T02:42:57.199+0600][71.018s][info][gc             ] GC(337) Pause Young (Concurrent Start) (G1 Humongous Allocation) 113M->98M(546M) 5.288ms
[2026-04-03T02:42:57.199+0600][71.018s][info][gc             ] GC(338) Concurrent Mark Cycle
[2026-04-03T02:42:57.199+0600][71.018s][info][gc,cpu         ] GC(337) User=0.04s Sys=0.00s Real=0.00s
[2026-04-03T02:42:57.199+0600][71.018s][info][gc,marking     ] GC(338) Concurrent Scan Root Regions
[2026-04-03T02:42:57.201+0600][71.020s][info][gc,marking     ] GC(338) Concurrent Scan Root Regions 2.524ms
[2026-04-03T02:42:57.201+0600][71.020s][info][gc,marking     ] GC(338) Concurrent Mark
[2026-04-03T02:42:57.201+0600][71.020s][info][gc,marking     ] GC(338) Concurrent Mark From Roots
[2026-04-03T02:42:57.201+0600][71.020s][info][gc,task        ] GC(338) Using 3 workers of 3 for marking
[2026-04-03T02:42:57.283+0600][71.102s][info][gc,marking     ] GC(338) Concurrent Mark From Roots 81.109ms
[2026-04-03T02:42:57.283+0600][71.102s][info][gc,marking     ] GC(338) Concurrent Preclean
[2026-04-03T02:42:57.283+0600][71.102s][info][gc,marking     ] GC(338) Concurrent Preclean 0.731ms
[2026-04-03T02:42:57.284+0600][71.103s][info][gc,start       ] GC(338) Pause Remark
[2026-04-03T02:42:57.294+0600][71.113s][info][gc             ] GC(338) Pause Remark 187M->187M(480M) 9.922ms
[2026-04-03T02:42:57.294+0600][71.113s][info][gc,cpu         ] GC(338) User=0.08s Sys=0.00s Real=0.01s
[2026-04-03T02:42:57.294+0600][71.113s][info][gc,marking     ] GC(338) Concurrent Mark 92.657ms
[2026-04-03T02:42:57.294+0600][71.113s][info][gc,marking     ] GC(338) Concurrent Rebuild Remembered Sets and Scrub Regions
[2026-04-03T02:42:57.329+0600][71.148s][info][gc,marking     ] GC(338) Concurrent Rebuild Remembered Sets and Scrub Regions 35.082ms
[2026-04-03T02:42:57.330+0600][71.149s][info][gc,start       ] GC(338) Pause Cleanup
[2026-04-03T02:42:57.330+0600][71.149s][info][gc             ] GC(338) Pause Cleanup 211M->211M(480M) 0.326ms
[2026-04-03T02:42:57.330+0600][71.149s][info][gc,cpu         ] GC(338) User=0.00s Sys=0.00s Real=0.00s
[2026-04-03T02:42:57.330+0600][71.149s][info][gc,marking     ] GC(338) Concurrent Clear Claimed Marks
[2026-04-03T02:42:57.331+0600][71.150s][info][gc,marking     ] GC(338) Concurrent Clear Claimed Marks 0.401ms
[2026-04-03T02:42:57.331+0600][71.150s][info][gc,marking     ] GC(338) Concurrent Cleanup for Next Mark
[2026-04-03T02:42:57.332+0600][71.151s][info][gc,marking     ] GC(338) Concurrent Cleanup for Next Mark 0.929ms
[2026-04-03T02:42:57.332+0600][71.151s][info][gc             ] GC(338) Concurrent Mark Cycle 133.110ms
[2026-04-03T02:42:57.581+0600][71.400s][info][gc,start       ] GC(339) Pause Young (Prepare Mixed) (G1 Evacuation Pause)
[2026-04-03T02:42:57.581+0600][71.400s][info][gc,task        ] GC(339) Using 10 workers of 10 for evacuation
[2026-04-03T02:42:57.588+0600][71.407s][info][gc,phases      ] GC(339)   Pre Evacuate Collection Set: 0.63ms
[2026-04-03T02:42:57.588+0600][71.407s][info][gc,phases      ] GC(339)   Merge Heap Roots: 0.28ms
[2026-04-03T02:42:57.588+0600][71.407s][info][gc,phases      ] GC(339)   Evacuate Collection Set: 5.00ms
[2026-04-03T02:42:57.588+0600][71.407s][info][gc,phases      ] GC(339)   Post Evacuate Collection Set: 1.03ms
[2026-04-03T02:42:57.588+0600][71.407s][info][gc,phases      ] GC(339)   Other: 0.16ms
[2026-04-03T02:42:57.588+0600][71.407s][info][gc,heap        ] GC(339) Eden regions: 253->0(284)
[2026-04-03T02:42:57.588+0600][71.407s][info][gc,heap        ] GC(339) Survivor regions: 7->9(36)
[2026-04-03T02:42:57.588+0600][71.408s][info][gc,heap        ] GC(339) Old regions: 87->87
[2026-04-03T02:42:57.588+0600][71.408s][info][gc,heap        ] GC(339) Humongous regions: 133->8
[2026-04-03T02:42:57.589+0600][71.408s][info][gc,metaspace   ] GC(339) Metaspace: 131475K(132864K)->131475K(132864K) NonClass: 115009K(115712K)->115009K(115712K) Class: 16465K(17152K)->16465K(17152K)
[2026-04-03T02:42:57.589+0600][71.408s][info][gc             ] GC(339) Pause Young (Prepare Mixed) (G1 Evacuation Pause) 476M->100M(489M) 7.436ms
[2026-04-03T02:42:57.589+0600][71.408s][info][gc,cpu         ] GC(339) User=0.05s Sys=0.01s Real=0.00s
[2026-04-03T02:42:57.824+0600][71.643s][info][gc,start       ] GC(340) Pause Young (Mixed) (G1 Evacuation Pause)
[2026-04-03T02:42:57.824+0600][71.643s][info][gc,task        ] GC(340) Using 10 workers of 10 for evacuation
[2026-04-03T02:42:57.829+0600][71.648s][info][gc,phases      ] GC(340)   Pre Evacuate Collection Set: 0.32ms
[2026-04-03T02:42:57.829+0600][71.648s][info][gc,phases      ] GC(340)   Merge Heap Roots: 0.23ms
[2026-04-03T02:42:57.829+0600][71.648s][info][gc,phases      ] GC(340)   Evacuate Collection Set: 3.50ms
[2026-04-03T02:42:57.829+0600][71.648s][info][gc,phases      ] GC(340)   Post Evacuate Collection Set: 0.73ms
[2026-04-03T02:42:57.829+0600][71.648s][info][gc,phases      ] GC(340)   Other: 0.10ms
[2026-04-03T02:42:57.829+0600][71.648s][info][gc,heap        ] GC(340) Eden regions: 196->0(371)
[2026-04-03T02:42:57.829+0600][71.648s][info][gc,heap        ] GC(340) Survivor regions: 9->9(43)
[2026-04-03T02:42:57.829+0600][71.648s][info][gc,heap        ] GC(340) Old regions: 87->87
[2026-04-03T02:42:57.829+0600][71.648s][info][gc,heap        ] GC(340) Humongous regions: 332->18
[2026-04-03T02:42:57.829+0600][71.648s][info][gc,metaspace   ] GC(340) Metaspace: 131477K(132864K)->131477K(132864K) NonClass: 115011K(115712K)->115011K(115712K) Class: 16465K(17152K)->16465K(17152K)
[2026-04-03T02:42:57.829+0600][71.648s][info][gc             ] GC(340) Pause Young (Mixed) (G1 Evacuation Pause) 620M->110M(634M) 5.142ms
[2026-04-03T02:42:57.829+0600][71.648s][info][gc,cpu         ] GC(340) User=0.02s Sys=0.02s Real=0.00s
[2026-04-03T02:42:57.830+0600][71.649s][info][gc,start       ] GC(341) Pause Young (Concurrent Start) (G1 Humongous Allocation)
[2026-04-03T02:42:57.830+0600][71.649s][info][gc,task        ] GC(341) Using 10 workers of 10 for evacuation
[2026-04-03T02:42:57.833+0600][71.652s][info][gc,phases      ] GC(341)   Pre Evacuate Collection Set: 0.36ms
[2026-04-03T02:42:57.833+0600][71.652s][info][gc,phases      ] GC(341)   Merge Heap Roots: 0.10ms
[2026-04-03T02:42:57.833+0600][71.652s][info][gc,phases      ] GC(341)   Evacuate Collection Set: 2.07ms
[2026-04-03T02:42:57.833+0600][71.652s][info][gc,phases      ] GC(341)   Post Evacuate Collection Set: 0.40ms
[2026-04-03T02:42:57.833+0600][71.652s][info][gc,phases      ] GC(341)   Other: 0.09ms
[2026-04-03T02:42:57.833+0600][71.652s][info][gc,heap        ] GC(341) Eden regions: 2->0(371)
[2026-04-03T02:42:57.833+0600][71.652s][info][gc,heap        ] GC(341) Survivor regions: 9->9(48)
[2026-04-03T02:42:57.833+0600][71.652s][info][gc,heap        ] GC(341) Old regions: 87->87
[2026-04-03T02:42:57.833+0600][71.652s][info][gc,heap        ] GC(341) Humongous regions: 18->13
[2026-04-03T02:42:57.833+0600][71.652s][info][gc,metaspace   ] GC(341) Metaspace: 131477K(132864K)->131477K(132864K) NonClass: 115011K(115712K)->115011K(115712K) Class: 16465K(17152K)->16465K(17152K)
[2026-04-03T02:42:57.833+0600][71.652s][info][gc             ] GC(341) Pause Young (Concurrent Start) (G1 Humongous Allocation) 112M->105M(634M) 3.213ms
[2026-04-03T02:42:57.833+0600][71.652s][info][gc             ] GC(342) Concurrent Mark Cycle
[2026-04-03T02:42:57.833+0600][71.652s][info][gc,cpu         ] GC(341) User=0.02s Sys=0.00s Real=0.00s
[2026-04-03T02:42:57.833+0600][71.652s][info][gc,marking     ] GC(342) Concurrent Scan Root Regions
[2026-04-03T02:42:57.835+0600][71.654s][info][gc,marking     ] GC(342) Concurrent Scan Root Regions 2.110ms
[2026-04-03T02:42:57.835+0600][71.654s][info][gc,marking     ] GC(342) Concurrent Mark
[2026-04-03T02:42:57.835+0600][71.654s][info][gc,marking     ] GC(342) Concurrent Mark From Roots
[2026-04-03T02:42:57.835+0600][71.654s][info][gc,task        ] GC(342) Using 3 workers of 3 for marking
[2026-04-03T02:42:57.919+0600][71.738s][info][gc,marking     ] GC(342) Concurrent Mark From Roots 84.067ms
[2026-04-03T02:42:57.919+0600][71.738s][info][gc,marking     ] GC(342) Concurrent Preclean
[2026-04-03T02:42:57.920+0600][71.739s][info][gc,marking     ] GC(342) Concurrent Preclean 0.469ms
[2026-04-03T02:42:57.920+0600][71.739s][info][gc,start       ] GC(342) Pause Remark
[2026-04-03T02:42:57.928+0600][71.747s][info][gc             ] GC(342) Pause Remark 245M->245M(634M) 8.067ms
[2026-04-03T02:42:57.928+0600][71.747s][info][gc,cpu         ] GC(342) User=0.05s Sys=0.00s Real=0.00s
[2026-04-03T02:42:57.929+0600][71.748s][info][gc,marking     ] GC(342) Concurrent Mark 93.317ms
[2026-04-03T02:42:57.929+0600][71.748s][info][gc,marking     ] GC(342) Concurrent Rebuild Remembered Sets and Scrub Regions
[2026-04-03T02:42:57.958+0600][71.777s][info][gc,marking     ] GC(342) Concurrent Rebuild Remembered Sets and Scrub Regions 29.576ms
[2026-04-03T02:42:57.959+0600][71.778s][info][gc,start       ] GC(342) Pause Cleanup
[2026-04-03T02:42:57.960+0600][71.779s][info][gc             ] GC(342) Pause Cleanup 530M->530M(634M) 0.324ms
[2026-04-03T02:42:57.960+0600][71.779s][info][gc,cpu         ] GC(342) User=0.00s Sys=0.00s Real=0.01s
[2026-04-03T02:42:57.960+0600][71.779s][info][gc,marking     ] GC(342) Concurrent Clear Claimed Marks
[2026-04-03T02:42:57.960+0600][71.779s][info][gc,marking     ] GC(342) Concurrent Clear Claimed Marks 0.474ms
[2026-04-03T02:42:57.960+0600][71.779s][info][gc,marking     ] GC(342) Concurrent Cleanup for Next Mark
[2026-04-03T02:42:57.962+0600][71.781s][info][gc,marking     ] GC(342) Concurrent Cleanup for Next Mark 1.945ms
[2026-04-03T02:42:57.963+0600][71.782s][info][gc             ] GC(342) Concurrent Mark Cycle 129.497ms
[2026-04-03T02:42:57.994+0600][71.813s][info][gc,start       ] GC(343) Pause Young (Prepare Mixed) (G1 Evacuation Pause)
[2026-04-03T02:42:57.994+0600][71.813s][info][gc,task        ] GC(343) Using 10 workers of 10 for evacuation
[2026-04-03T02:42:57.999+0600][71.818s][info][gc,phases      ] GC(343)   Pre Evacuate Collection Set: 0.33ms
[2026-04-03T02:42:57.999+0600][71.818s][info][gc,phases      ] GC(343)   Merge Heap Roots: 0.23ms
[2026-04-03T02:42:57.999+0600][71.818s][info][gc,phases      ] GC(343)   Evacuate Collection Set: 2.97ms
[2026-04-03T02:42:57.999+0600][71.818s][info][gc,phases      ] GC(343)   Post Evacuate Collection Set: 0.72ms
[2026-04-03T02:42:57.999+0600][71.818s][info][gc,phases      ] GC(343)   Other: 0.09ms
[2026-04-03T02:42:57.999+0600][71.818s][info][gc,heap        ] GC(343) Eden regions: 93->0(378)
[2026-04-03T02:42:57.999+0600][71.818s][info][gc,heap        ] GC(343) Survivor regions: 9->6(48)
[2026-04-03T02:42:57.999+0600][71.818s][info][gc,heap        ] GC(343) Old regions: 87->87
[2026-04-03T02:42:57.999+0600][71.818s][info][gc,heap        ] GC(343) Humongous regions: 445->8
[2026-04-03T02:42:57.999+0600][71.818s][info][gc,metaspace   ] GC(343) Metaspace: 131477K(132864K)->131477K(132864K) NonClass: 115011K(115712K)->115011K(115712K) Class: 16465K(17152K)->16465K(17152K)
[2026-04-03T02:42:57.999+0600][71.818s][info][gc             ] GC(343) Pause Young (Prepare Mixed) (G1 Evacuation Pause) 630M->97M(640M) 4.646ms
[2026-04-03T02:42:57.999+0600][71.818s][info][gc,cpu         ] GC(343) User=0.03s Sys=0.01s Real=0.00s
[2026-04-03T02:42:58.559+0600][72.378s][info][gc,start       ] GC(344) Pause Young (Mixed) (G1 Evacuation Pause)
[2026-04-03T02:42:58.559+0600][72.378s][info][gc,task        ] GC(344) Using 10 workers of 10 for evacuation
[2026-04-03T02:42:58.565+0600][72.384s][info][gc,phases      ] GC(344)   Pre Evacuate Collection Set: 0.42ms
[2026-04-03T02:42:58.565+0600][72.384s][info][gc,phases      ] GC(344)   Merge Heap Roots: 0.23ms
[2026-04-03T02:42:58.565+0600][72.384s][info][gc,phases      ] GC(344)   Evacuate Collection Set: 4.38ms
[2026-04-03T02:42:58.565+0600][72.384s][info][gc,phases      ] GC(344)   Post Evacuate Collection Set: 0.82ms
[2026-04-03T02:42:58.565+0600][72.384s][info][gc,phases      ] GC(344)   Other: 0.13ms
[2026-04-03T02:42:58.565+0600][72.384s][info][gc,heap        ] GC(344) Eden regions: 345->0(384)
[2026-04-03T02:42:58.565+0600][72.384s][info][gc,heap        ] GC(344) Survivor regions: 6->7(48)
[2026-04-03T02:42:58.565+0600][72.384s][info][gc,heap        ] GC(344) Old regions: 87->86
[2026-04-03T02:42:58.565+0600][72.384s][info][gc,heap        ] GC(344) Humongous regions: 207->8
[2026-04-03T02:42:58.565+0600][72.384s][info][gc,metaspace   ] GC(344) Metaspace: 131489K(132928K)->131489K(132928K) NonClass: 115023K(115776K)->115023K(115776K) Class: 16465K(17152K)->16465K(17152K)
[2026-04-03T02:42:58.565+0600][72.384s][info][gc             ] GC(344) Pause Young (Mixed) (G1 Evacuation Pause) 641M->98M(652M) 6.351ms
[2026-04-03T02:42:58.565+0600][72.384s][info][gc,cpu         ] GC(344) User=0.03s Sys=0.02s Real=0.01s
[2026-04-03T02:42:58.576+0600][72.395s][info][gc,start       ] GC(345) Pause Young (Concurrent Start) (GCLocker Initiated GC)
[2026-04-03T02:42:58.577+0600][72.396s][info][gc,task        ] GC(345) Using 10 workers of 10 for evacuation
[2026-04-03T02:42:58.581+0600][72.400s][info][gc,phases      ] GC(345)   Pre Evacuate Collection Set: 0.49ms
[2026-04-03T02:42:58.581+0600][72.400s][info][gc,phases      ] GC(345)   Merge Heap Roots: 0.24ms
[2026-04-03T02:42:58.581+0600][72.400s][info][gc,phases      ] GC(345)   Evacuate Collection Set: 2.94ms
[2026-04-03T02:42:58.581+0600][72.400s][info][gc,phases      ] GC(345)   Post Evacuate Collection Set: 0.72ms
[2026-04-03T02:42:58.581+0600][72.400s][info][gc,phases      ] GC(345)   Other: 0.22ms
[2026-04-03T02:42:58.581+0600][72.400s][info][gc,heap        ] GC(345) Eden regions: 18->0(384)
[2026-04-03T02:42:58.581+0600][72.400s][info][gc,heap        ] GC(345) Survivor regions: 7->7(49)
[2026-04-03T02:42:58.581+0600][72.400s][info][gc,heap        ] GC(345) Old regions: 86->86
[2026-04-03T02:42:58.581+0600][72.400s][info][gc,heap        ] GC(345) Humongous regions: 8->8
[2026-04-03T02:42:58.581+0600][72.400s][info][gc,metaspace   ] GC(345) Metaspace: 131489K(132928K)->131489K(132928K) NonClass: 115023K(115776K)->115023K(115776K) Class: 16465K(17152K)->16465K(17152K)
[2026-04-03T02:42:58.581+0600][72.400s][info][gc             ] GC(345) Pause Young (Concurrent Start) (GCLocker Initiated GC) 116M->98M(652M) 4.909ms
[2026-04-03T02:42:58.581+0600][72.400s][info][gc             ] GC(346) Concurrent Mark Cycle
[2026-04-03T02:42:58.581+0600][72.400s][info][gc,cpu         ] GC(345) User=0.04s Sys=0.00s Real=0.01s
[2026-04-03T02:42:58.582+0600][72.401s][info][gc,marking     ] GC(346) Concurrent Scan Root Regions
[2026-04-03T02:42:58.584+0600][72.403s][info][gc,marking     ] GC(346) Concurrent Scan Root Regions 2.490ms
[2026-04-03T02:42:58.584+0600][72.403s][info][gc,marking     ] GC(346) Concurrent Mark
[2026-04-03T02:42:58.584+0600][72.403s][info][gc,marking     ] GC(346) Concurrent Mark From Roots
[2026-04-03T02:42:58.584+0600][72.403s][info][gc,task        ] GC(346) Using 3 workers of 3 for marking
[2026-04-03T02:42:58.685+0600][72.505s][info][gc,marking     ] GC(346) Concurrent Mark From Roots 101.344ms
[2026-04-03T02:42:58.686+0600][72.505s][info][gc,marking     ] GC(346) Concurrent Preclean
[2026-04-03T02:42:58.686+0600][72.505s][info][gc,marking     ] GC(346) Concurrent Preclean 0.862ms
[2026-04-03T02:42:58.687+0600][72.506s][info][gc,start       ] GC(346) Pause Remark
[2026-04-03T02:42:58.697+0600][72.516s][info][gc             ] GC(346) Pause Remark 210M->210M(504M) 9.770ms
[2026-04-03T02:42:58.697+0600][72.516s][info][gc,cpu         ] GC(346) User=0.08s Sys=0.00s Real=0.01s
[2026-04-03T02:42:58.697+0600][72.516s][info][gc,marking     ] GC(346) Concurrent Mark 112.963ms
[2026-04-03T02:42:58.697+0600][72.516s][info][gc,marking     ] GC(346) Concurrent Rebuild Remembered Sets and Scrub Regions
[2026-04-03T02:42:58.734+0600][72.553s][info][gc,marking     ] GC(346) Concurrent Rebuild Remembered Sets and Scrub Regions 36.755ms
[2026-04-03T02:42:58.734+0600][72.553s][info][gc,start       ] GC(346) Pause Cleanup
[2026-04-03T02:42:58.735+0600][72.554s][info][gc             ] GC(346) Pause Cleanup 237M->237M(504M) 0.339ms
[2026-04-03T02:42:58.735+0600][72.554s][info][gc,cpu         ] GC(346) User=0.00s Sys=0.00s Real=0.00s
[2026-04-03T02:42:58.735+0600][72.554s][info][gc,marking     ] GC(346) Concurrent Clear Claimed Marks
[2026-04-03T02:42:58.735+0600][72.554s][info][gc,marking     ] GC(346) Concurrent Clear Claimed Marks 0.384ms
[2026-04-03T02:42:58.735+0600][72.554s][info][gc,marking     ] GC(346) Concurrent Cleanup for Next Mark
[2026-04-03T02:42:58.736+0600][72.555s][info][gc,marking     ] GC(346) Concurrent Cleanup for Next Mark 1.147ms
[2026-04-03T02:42:58.736+0600][72.555s][info][gc             ] GC(346) Concurrent Mark Cycle 155.010ms
[2026-04-03T02:42:58.947+0600][72.766s][info][gc,start       ] GC(347) Pause Young (Prepare Mixed) (G1 Evacuation Pause)
[2026-04-03T02:42:58.947+0600][72.766s][info][gc,task        ] GC(347) Using 10 workers of 10 for evacuation
[2026-04-03T02:42:58.951+0600][72.770s][info][gc,phases      ] GC(347)   Pre Evacuate Collection Set: 0.21ms
[2026-04-03T02:42:58.951+0600][72.770s][info][gc,phases      ] GC(347)   Merge Heap Roots: 0.15ms
[2026-04-03T02:42:58.951+0600][72.770s][info][gc,phases      ] GC(347)   Evacuate Collection Set: 2.69ms
[2026-04-03T02:42:58.951+0600][72.770s][info][gc,phases      ] GC(347)   Post Evacuate Collection Set: 0.57ms
[2026-04-03T02:42:58.951+0600][72.770s][info][gc,phases      ] GC(347)   Other: 0.09ms
[2026-04-03T02:42:58.951+0600][72.770s][info][gc,heap        ] GC(347) Eden regions: 227->0(308)
[2026-04-03T02:42:58.951+0600][72.770s][info][gc,heap        ] GC(347) Survivor regions: 7->7(38)
[2026-04-03T02:42:58.951+0600][72.770s][info][gc,heap        ] GC(347) Old regions: 86->87
[2026-04-03T02:42:58.951+0600][72.770s][info][gc,heap        ] GC(347) Humongous regions: 197->8
[2026-04-03T02:42:58.951+0600][72.770s][info][gc,metaspace   ] GC(347) Metaspace: 131489K(132928K)->131489K(132928K) NonClass: 115023K(115776K)->115023K(115776K) Class: 16465K(17152K)->16465K(17152K)
[2026-04-03T02:42:58.951+0600][72.770s][info][gc             ] GC(347) Pause Young (Prepare Mixed) (G1 Evacuation Pause) 514M->98M(525M) 3.936ms
[2026-04-03T02:42:58.951+0600][72.770s][info][gc,cpu         ] GC(347) User=0.03s Sys=0.01s Real=0.01s
[2026-04-03T02:42:59.336+0600][73.155s][info][gc,start       ] GC(348) Pause Young (Mixed) (G1 Evacuation Pause)
[2026-04-03T02:42:59.336+0600][73.155s][info][gc,task        ] GC(348) Using 10 workers of 10 for evacuation
[2026-04-03T02:42:59.340+0600][73.159s][info][gc,phases      ] GC(348)   Pre Evacuate Collection Set: 0.42ms
[2026-04-03T02:42:59.340+0600][73.159s][info][gc,phases      ] GC(348)   Merge Heap Roots: 0.19ms
[2026-04-03T02:42:59.340+0600][73.159s][info][gc,phases      ] GC(348)   Evacuate Collection Set: 2.91ms
[2026-04-03T02:42:59.340+0600][73.159s][info][gc,phases      ] GC(348)   Post Evacuate Collection Set: 0.74ms
[2026-04-03T02:42:59.340+0600][73.159s][info][gc,phases      ] GC(348)   Other: 0.13ms
[2026-04-03T02:42:59.340+0600][73.159s][info][gc,heap        ] GC(348) Eden regions: 250->0(312)
[2026-04-03T02:42:59.340+0600][73.159s][info][gc,heap        ] GC(348) Survivor regions: 7->6(40)
[2026-04-03T02:42:59.340+0600][73.159s][info][gc,heap        ] GC(348) Old regions: 87->86
[2026-04-03T02:42:59.340+0600][73.159s][info][gc,heap        ] GC(348) Humongous regions: 181->8
[2026-04-03T02:42:59.340+0600][73.159s][info][gc,metaspace   ] GC(348) Metaspace: 131491K(132928K)->131491K(132928K) NonClass: 115025K(115776K)->115025K(115776K) Class: 16465K(17152K)->16465K(17152K)
[2026-04-03T02:42:59.340+0600][73.159s][info][gc             ] GC(348) Pause Young (Mixed) (G1 Evacuation Pause) 521M->97M(531M) 4.671ms
[2026-04-03T02:42:59.340+0600][73.159s][info][gc,cpu         ] GC(348) User=0.03s Sys=0.00s Real=0.01s
[2026-04-03T02:42:59.562+0600][73.381s][info][gc,start       ] GC(349) Pause Young (Concurrent Start) (G1 Humongous Allocation)
[2026-04-03T02:42:59.562+0600][73.381s][info][gc,task        ] GC(349) Using 10 workers of 10 for evacuation
[2026-04-03T02:42:59.565+0600][73.384s][info][gc,phases      ] GC(349)   Pre Evacuate Collection Set: 0.27ms
[2026-04-03T02:42:59.565+0600][73.384s][info][gc,phases      ] GC(349)   Merge Heap Roots: 0.13ms
[2026-04-03T02:42:59.565+0600][73.384s][info][gc,phases      ] GC(349)   Evacuate Collection Set: 1.53ms
[2026-04-03T02:42:59.565+0600][73.384s][info][gc,phases      ] GC(349)   Post Evacuate Collection Set: 0.44ms
[2026-04-03T02:42:59.565+0600][73.384s][info][gc,phases      ] GC(349)   Other: 0.12ms
[2026-04-03T02:42:59.565+0600][73.384s][info][gc,heap        ] GC(349) Eden regions: 110->0(313)
[2026-04-03T02:42:59.565+0600][73.384s][info][gc,heap        ] GC(349) Survivor regions: 6->5(40)
[2026-04-03T02:42:59.565+0600][73.384s][info][gc,heap        ] GC(349) Old regions: 86->86
[2026-04-03T02:42:59.565+0600][73.384s][info][gc,heap        ] GC(349) Humongous regions: 8->8
[2026-04-03T02:42:59.565+0600][73.384s][info][gc,metaspace   ] GC(349) Metaspace: 131499K(132928K)->131499K(132928K) NonClass: 115031K(115776K)->115031K(115776K) Class: 16467K(17152K)->16467K(17152K)
[2026-04-03T02:42:59.565+0600][73.384s][info][gc             ] GC(349) Pause Young (Concurrent Start) (G1 Humongous Allocation) 207M->96M(531M) 2.753ms
[2026-04-03T02:42:59.565+0600][73.384s][info][gc             ] GC(350) Concurrent Mark Cycle
[2026-04-03T02:42:59.565+0600][73.384s][info][gc,cpu         ] GC(349) User=0.02s Sys=0.00s Real=0.00s
[2026-04-03T02:42:59.565+0600][73.384s][info][gc,marking     ] GC(350) Concurrent Scan Root Regions
[2026-04-03T02:42:59.567+0600][73.386s][info][gc,marking     ] GC(350) Concurrent Scan Root Regions 1.947ms
[2026-04-03T02:42:59.567+0600][73.386s][info][gc,marking     ] GC(350) Concurrent Mark
[2026-04-03T02:42:59.567+0600][73.386s][info][gc,marking     ] GC(350) Concurrent Mark From Roots
[2026-04-03T02:42:59.567+0600][73.386s][info][gc,task        ] GC(350) Using 3 workers of 3 for marking
[2026-04-03T02:42:59.656+0600][73.475s][info][gc,marking     ] GC(350) Concurrent Mark From Roots 89.122ms
[2026-04-03T02:42:59.656+0600][73.475s][info][gc,marking     ] GC(350) Concurrent Preclean
[2026-04-03T02:42:59.657+0600][73.476s][info][gc,marking     ] GC(350) Concurrent Preclean 0.767ms
[2026-04-03T02:42:59.658+0600][73.477s][info][gc,start       ] GC(350) Pause Remark
[2026-04-03T02:42:59.667+0600][73.486s][info][gc             ] GC(350) Pause Remark 197M->197M(487M) 9.618ms
[2026-04-03T02:42:59.667+0600][73.486s][info][gc,cpu         ] GC(350) User=0.07s Sys=0.00s Real=0.01s
[2026-04-03T02:42:59.668+0600][73.487s][info][gc,marking     ] GC(350) Concurrent Mark 100.615ms
[2026-04-03T02:42:59.668+0600][73.487s][info][gc,marking     ] GC(350) Concurrent Rebuild Remembered Sets and Scrub Regions
[2026-04-03T02:42:59.707+0600][73.526s][info][gc,marking     ] GC(350) Concurrent Rebuild Remembered Sets and Scrub Regions 39.483ms
[2026-04-03T02:42:59.708+0600][73.527s][info][gc,start       ] GC(350) Pause Cleanup
[2026-04-03T02:42:59.708+0600][73.527s][info][gc             ] GC(350) Pause Cleanup 234M->234M(487M) 0.349ms
[2026-04-03T02:42:59.708+0600][73.527s][info][gc,cpu         ] GC(350) User=0.01s Sys=0.00s Real=0.00s
[2026-04-03T02:42:59.708+0600][73.527s][info][gc,marking     ] GC(350) Concurrent Clear Claimed Marks
[2026-04-03T02:42:59.708+0600][73.527s][info][gc,marking     ] GC(350) Concurrent Clear Claimed Marks 0.327ms
[2026-04-03T02:42:59.708+0600][73.527s][info][gc,marking     ] GC(350) Concurrent Cleanup for Next Mark
[2026-04-03T02:42:59.709+0600][73.528s][info][gc,marking     ] GC(350) Concurrent Cleanup for Next Mark 0.811ms
[2026-04-03T02:42:59.709+0600][73.528s][info][gc             ] GC(350) Concurrent Mark Cycle 144.347ms
[2026-04-03T02:42:59.881+0600][73.700s][info][gc,start       ] GC(351) Pause Young (Prepare Mixed) (GCLocker Initiated GC)
[2026-04-03T02:42:59.881+0600][73.700s][info][gc,task        ] GC(351) Using 10 workers of 10 for evacuation
[2026-04-03T02:42:59.888+0600][73.707s][info][gc,phases      ] GC(351)   Pre Evacuate Collection Set: 0.59ms
[2026-04-03T02:42:59.888+0600][73.707s][info][gc,phases      ] GC(351)   Merge Heap Roots: 0.47ms
[2026-04-03T02:42:59.888+0600][73.707s][info][gc,phases      ] GC(351)   Evacuate Collection Set: 5.18ms
[2026-04-03T02:42:59.888+0600][73.707s][info][gc,phases      ] GC(351)   Post Evacuate Collection Set: 0.69ms
[2026-04-03T02:42:59.888+0600][73.707s][info][gc,phases      ] GC(351)   Other: 0.15ms
[2026-04-03T02:42:59.888+0600][73.707s][info][gc,heap        ] GC(351) Eden regions: 215->0(289)
[2026-04-03T02:42:59.888+0600][73.707s][info][gc,heap        ] GC(351) Survivor regions: 5->9(37)
[2026-04-03T02:42:59.888+0600][73.707s][info][gc,heap        ] GC(351) Old regions: 86->87
[2026-04-03T02:42:59.888+0600][73.707s][info][gc,heap        ] GC(351) Humongous regions: 181->8
[2026-04-03T02:42:59.888+0600][73.707s][info][gc,metaspace   ] GC(351) Metaspace: 131499K(132928K)->131499K(132928K) NonClass: 115031K(115776K)->115031K(115776K) Class: 16467K(17152K)->16467K(17152K)
[2026-04-03T02:42:59.888+0600][73.707s][info][gc             ] GC(351) Pause Young (Prepare Mixed) (GCLocker Initiated GC) 484M->100M(497M) 7.451ms
[2026-04-03T02:42:59.888+0600][73.707s][info][gc,cpu         ] GC(351) User=0.03s Sys=0.02s Real=0.00s
[2026-04-03T02:43:00.181+0600][74.000s][info][gc,start       ] GC(352) Pause Young (Mixed) (G1 Evacuation Pause)
[2026-04-03T02:43:00.181+0600][74.000s][info][gc,task        ] GC(352) Using 10 workers of 10 for evacuation
[2026-04-03T02:43:00.190+0600][74.009s][info][gc,phases      ] GC(352)   Pre Evacuate Collection Set: 0.49ms
[2026-04-03T02:43:00.190+0600][74.009s][info][gc,phases      ] GC(352)   Merge Heap Roots: 0.32ms
[2026-04-03T02:43:00.190+0600][74.009s][info][gc,phases      ] GC(352)   Evacuate Collection Set: 6.20ms
[2026-04-03T02:43:00.190+0600][74.009s][info][gc,phases      ] GC(352)   Post Evacuate Collection Set: 1.03ms
[2026-04-03T02:43:00.190+0600][74.009s][info][gc,phases      ] GC(352)   Other: 0.23ms
[2026-04-03T02:43:00.190+0600][74.009s][info][gc,heap        ] GC(352) Eden regions: 225->0(295)
[2026-04-03T02:43:00.190+0600][74.009s][info][gc,heap        ] GC(352) Survivor regions: 9->9(38)
[2026-04-03T02:43:00.190+0600][74.009s][info][gc,heap        ] GC(352) Old regions: 87->86
[2026-04-03T02:43:00.190+0600][74.009s][info][gc,heap        ] GC(352) Humongous regions: 178->8
[2026-04-03T02:43:00.190+0600][74.009s][info][gc,metaspace   ] GC(352) Metaspace: 131499K(132928K)->131499K(132928K) NonClass: 115031K(115776K)->115031K(115776K) Class: 16467K(17152K)->16467K(17152K)
[2026-04-03T02:43:00.190+0600][74.009s][info][gc             ] GC(352) Pause Young (Mixed) (G1 Evacuation Pause) 495M->101M(508M) 8.666ms
[2026-04-03T02:43:00.190+0600][74.009s][info][gc,cpu         ] GC(352) User=0.04s Sys=0.03s Real=0.01s
[2026-04-03T02:43:00.192+0600][74.011s][info][gc,start       ] GC(353) Pause Young (Concurrent Start) (G1 Humongous Allocation)
[2026-04-03T02:43:00.192+0600][74.011s][info][gc,task        ] GC(353) Using 10 workers of 10 for evacuation
[2026-04-03T02:43:00.197+0600][74.016s][info][gc,phases      ] GC(353)   Pre Evacuate Collection Set: 0.35ms
[2026-04-03T02:43:00.197+0600][74.016s][info][gc,phases      ] GC(353)   Merge Heap Roots: 0.11ms
[2026-04-03T02:43:00.197+0600][74.016s][info][gc,phases      ] GC(353)   Evacuate Collection Set: 3.18ms
[2026-04-03T02:43:00.197+0600][74.016s][info][gc,phases      ] GC(353)   Post Evacuate Collection Set: 0.72ms
[2026-04-03T02:43:00.197+0600][74.016s][info][gc,phases      ] GC(353)   Other: 0.12ms
[2026-04-03T02:43:00.197+0600][74.016s][info][gc,heap        ] GC(353) Eden regions: 4->0(295)
[2026-04-03T02:43:00.197+0600][74.016s][info][gc,heap        ] GC(353) Survivor regions: 9->9(38)
[2026-04-03T02:43:00.197+0600][74.016s][info][gc,heap        ] GC(353) Old regions: 86->86
[2026-04-03T02:43:00.197+0600][74.016s][info][gc,heap        ] GC(353) Humongous regions: 8->8
[2026-04-03T02:43:00.197+0600][74.016s][info][gc,metaspace   ] GC(353) Metaspace: 131499K(132928K)->131499K(132928K) NonClass: 115031K(115776K)->115031K(115776K) Class: 16467K(17152K)->16467K(17152K)
[2026-04-03T02:43:00.197+0600][74.016s][info][gc             ] GC(353) Pause Young (Concurrent Start) (G1 Humongous Allocation) 104M->100M(508M) 4.822ms
[2026-04-03T02:43:00.197+0600][74.016s][info][gc             ] GC(354) Concurrent Mark Cycle
[2026-04-03T02:43:00.197+0600][74.016s][info][gc,marking     ] GC(354) Concurrent Scan Root Regions
[2026-04-03T02:43:00.197+0600][74.016s][info][gc,cpu         ] GC(353) User=0.03s Sys=0.01s Real=0.00s
[2026-04-03T02:43:00.200+0600][74.019s][info][gc,marking     ] GC(354) Concurrent Scan Root Regions 3.326ms
[2026-04-03T02:43:00.200+0600][74.019s][info][gc,marking     ] GC(354) Concurrent Mark
[2026-04-03T02:43:00.200+0600][74.019s][info][gc,marking     ] GC(354) Concurrent Mark From Roots
[2026-04-03T02:43:00.200+0600][74.020s][info][gc,task        ] GC(354) Using 3 workers of 3 for marking
[2026-04-03T02:43:00.294+0600][74.113s][info][gc,marking     ] GC(354) Concurrent Mark From Roots 93.421ms
[2026-04-03T02:43:00.294+0600][74.113s][info][gc,marking     ] GC(354) Concurrent Preclean
[2026-04-03T02:43:00.295+0600][74.114s][info][gc,marking     ] GC(354) Concurrent Preclean 0.837ms
[2026-04-03T02:43:00.295+0600][74.114s][info][gc,start       ] GC(354) Pause Remark
[2026-04-03T02:43:00.307+0600][74.126s][info][gc             ] GC(354) Pause Remark 185M->185M(477M) 11.570ms
[2026-04-03T02:43:00.307+0600][74.126s][info][gc,cpu         ] GC(354) User=0.10s Sys=0.01s Real=0.01s
[2026-04-03T02:43:00.308+0600][74.127s][info][gc,marking     ] GC(354) Concurrent Mark 107.391ms
[2026-04-03T02:43:00.308+0600][74.127s][info][gc,marking     ] GC(354) Concurrent Rebuild Remembered Sets and Scrub Regions
[2026-04-03T02:43:00.352+0600][74.171s][info][gc,marking     ] GC(354) Concurrent Rebuild Remembered Sets and Scrub Regions 43.844ms
[2026-04-03T02:43:00.352+0600][74.171s][info][gc,start       ] GC(354) Pause Cleanup
[2026-04-03T02:43:00.353+0600][74.172s][info][gc             ] GC(354) Pause Cleanup 218M->218M(477M) 0.442ms
[2026-04-03T02:43:00.353+0600][74.172s][info][gc,cpu         ] GC(354) User=0.00s Sys=0.00s Real=0.00s
[2026-04-03T02:43:00.353+0600][74.172s][info][gc,marking     ] GC(354) Concurrent Clear Claimed Marks
[2026-04-03T02:43:00.353+0600][74.172s][info][gc,marking     ] GC(354) Concurrent Clear Claimed Marks 0.422ms
[2026-04-03T02:43:00.353+0600][74.172s][info][gc,marking     ] GC(354) Concurrent Cleanup for Next Mark
[2026-04-03T02:43:00.354+0600][74.173s][info][gc,marking     ] GC(354) Concurrent Cleanup for Next Mark 0.890ms
[2026-04-03T02:43:00.354+0600][74.173s][info][gc             ] GC(354) Concurrent Mark Cycle 157.469ms
[2026-04-03T02:43:00.636+0600][74.455s][info][gc,start       ] GC(355) Pause Young (Prepare Mixed) (G1 Evacuation Pause)
[2026-04-03T02:43:00.636+0600][74.455s][info][gc,task        ] GC(355) Using 10 workers of 10 for evacuation
[2026-04-03T02:43:00.642+0600][74.461s][info][gc,phases      ] GC(355)   Pre Evacuate Collection Set: 0.32ms
[2026-04-03T02:43:00.642+0600][74.461s][info][gc,phases      ] GC(355)   Merge Heap Roots: 0.26ms
[2026-04-03T02:43:00.642+0600][74.461s][info][gc,phases      ] GC(355)   Evacuate Collection Set: 4.29ms
[2026-04-03T02:43:00.642+0600][74.461s][info][gc,phases      ] GC(355)   Post Evacuate Collection Set: 0.96ms
[2026-04-03T02:43:00.642+0600][74.461s][info][gc,phases      ] GC(355)   Other: 0.11ms
[2026-04-03T02:43:00.642+0600][74.461s][info][gc,heap        ] GC(355) Eden regions: 230->0(287)
[2026-04-03T02:43:00.642+0600][74.461s][info][gc,heap        ] GC(355) Survivor regions: 9->8(36)
[2026-04-03T02:43:00.642+0600][74.461s][info][gc,heap        ] GC(355) Old regions: 86->87
[2026-04-03T02:43:00.642+0600][74.462s][info][gc,heap        ] GC(355) Humongous regions: 158->8
[2026-04-03T02:43:00.642+0600][74.462s][info][gc,metaspace   ] GC(355) Metaspace: 131528K(132992K)->131528K(132992K) NonClass: 115059K(115840K)->115059K(115840K) Class: 16468K(17152K)->16468K(17152K)
[2026-04-03T02:43:00.643+0600][74.462s][info][gc             ] GC(355) Pause Young (Prepare Mixed) (G1 Evacuation Pause) 480M->100M(492M) 6.276ms
[2026-04-03T02:43:00.643+0600][74.462s][info][gc,cpu         ] GC(355) User=0.04s Sys=0.00s Real=0.01s
[2026-04-03T02:43:00.933+0600][74.752s][info][gc,start       ] GC(356) Pause Young (Mixed) (G1 Evacuation Pause)
[2026-04-03T02:43:00.933+0600][74.752s][info][gc,task        ] GC(356) Using 10 workers of 10 for evacuation
[2026-04-03T02:43:00.938+0600][74.757s][info][gc,phases      ] GC(356)   Pre Evacuate Collection Set: 0.29ms
[2026-04-03T02:43:00.938+0600][74.757s][info][gc,phases      ] GC(356)   Merge Heap Roots: 0.16ms
[2026-04-03T02:43:00.938+0600][74.757s][info][gc,phases      ] GC(356)   Evacuate Collection Set: 3.24ms
[2026-04-03T02:43:00.938+0600][74.757s][info][gc,phases      ] GC(356)   Post Evacuate Collection Set: 0.67ms
[2026-04-03T02:43:00.938+0600][74.757s][info][gc,phases      ] GC(356)   Other: 0.10ms
[2026-04-03T02:43:00.938+0600][74.757s][info][gc,heap        ] GC(356) Eden regions: 265->0(366)
[2026-04-03T02:43:00.938+0600][74.757s][info][gc,heap        ] GC(356) Survivor regions: 8->9(42)
[2026-04-03T02:43:00.938+0600][74.757s][info][gc,heap        ] GC(356) Old regions: 87->86
[2026-04-03T02:43:00.938+0600][74.757s][info][gc,heap        ] GC(356) Humongous regions: 257->23
[2026-04-03T02:43:00.938+0600][74.757s][info][gc,metaspace   ] GC(356) Metaspace: 131535K(132992K)->131535K(132992K) NonClass: 115066K(115840K)->115066K(115840K) Class: 16468K(17152K)->16468K(17152K)
[2026-04-03T02:43:00.938+0600][74.757s][info][gc             ] GC(356) Pause Young (Mixed) (G1 Evacuation Pause) 614M->116M(626M) 4.756ms
[2026-04-03T02:43:00.938+0600][74.757s][info][gc,cpu         ] GC(356) User=0.02s Sys=0.02s Real=0.00s
[2026-04-03T02:43:00.940+0600][74.759s][info][gc,start       ] GC(357) Pause Young (Concurrent Start) (G1 Humongous Allocation)
[2026-04-03T02:43:00.940+0600][74.759s][info][gc,task        ] GC(357) Using 10 workers of 10 for evacuation
[2026-04-03T02:43:00.943+0600][74.762s][info][gc,phases      ] GC(357)   Pre Evacuate Collection Set: 0.36ms
[2026-04-03T02:43:00.944+0600][74.763s][info][gc,phases      ] GC(357)   Merge Heap Roots: 0.09ms
[2026-04-03T02:43:00.944+0600][74.763s][info][gc,phases      ] GC(357)   Evacuate Collection Set: 1.97ms
[2026-04-03T02:43:00.944+0600][74.763s][info][gc,phases      ] GC(357)   Post Evacuate Collection Set: 0.76ms
[2026-04-03T02:43:00.944+0600][74.763s][info][gc,phases      ] GC(357)   Other: 0.09ms
[2026-04-03T02:43:00.944+0600][74.763s][info][gc,heap        ] GC(357) Eden regions: 4->0(365)
[2026-04-03T02:43:00.944+0600][74.763s][info][gc,heap        ] GC(357) Survivor regions: 9->10(47)
[2026-04-03T02:43:00.944+0600][74.763s][info][gc,heap        ] GC(357) Old regions: 86->86
[2026-04-03T02:43:00.944+0600][74.763s][info][gc,heap        ] GC(357) Humongous regions: 48->13
[2026-04-03T02:43:00.944+0600][74.763s][info][gc,metaspace   ] GC(357) Metaspace: 131535K(132992K)->131535K(132992K) NonClass: 115066K(115840K)->115066K(115840K) Class: 16468K(17152K)->16468K(17152K)
[2026-04-03T02:43:00.944+0600][74.763s][info][gc             ] GC(357) Pause Young (Concurrent Start) (G1 Humongous Allocation) 145M->107M(626M) 3.457ms
[2026-04-03T02:43:00.944+0600][74.763s][info][gc             ] GC(358) Concurrent Undo Cycle
[2026-04-03T02:43:00.944+0600][74.763s][info][gc,marking     ] GC(358) Concurrent Clear Claimed Marks
[2026-04-03T02:43:00.944+0600][74.763s][info][gc,cpu         ] GC(357) User=0.02s Sys=0.00s Real=0.00s
[2026-04-03T02:43:00.944+0600][74.763s][info][gc,marking     ] GC(358) Concurrent Clear Claimed Marks 0.297ms
[2026-04-03T02:43:00.944+0600][74.763s][info][gc,marking     ] GC(358) Concurrent Cleanup for Next Mark
[2026-04-03T02:43:00.945+0600][74.764s][info][gc,marking     ] GC(358) Concurrent Cleanup for Next Mark 1.014ms
[2026-04-03T02:43:00.945+0600][74.764s][info][gc             ] GC(358) Concurrent Undo Cycle 1.573ms
[2026-04-03T02:43:00.946+0600][74.765s][info][gc,start       ] GC(359) Pause Young (Concurrent Start) (G1 Humongous Allocation)
[2026-04-03T02:43:00.946+0600][74.765s][info][gc,task        ] GC(359) Using 10 workers of 10 for evacuation
[2026-04-03T02:43:00.949+0600][74.768s][info][gc,phases      ] GC(359)   Pre Evacuate Collection Set: 0.40ms
[2026-04-03T02:43:00.949+0600][74.768s][info][gc,phases      ] GC(359)   Merge Heap Roots: 0.08ms
[2026-04-03T02:43:00.949+0600][74.768s][info][gc,phases      ] GC(359)   Evacuate Collection Set: 2.02ms
[2026-04-03T02:43:00.949+0600][74.768s][info][gc,phases      ] GC(359)   Post Evacuate Collection Set: 0.48ms
[2026-04-03T02:43:00.949+0600][74.768s][info][gc,phases      ] GC(359)   Other: 0.13ms
[2026-04-03T02:43:00.949+0600][74.768s][info][gc,heap        ] GC(359) Eden regions: 2->0(365)
[2026-04-03T02:43:00.949+0600][74.768s][info][gc,heap        ] GC(359) Survivor regions: 10->10(47)
[2026-04-03T02:43:00.949+0600][74.768s][info][gc,heap        ] GC(359) Old regions: 86->86
[2026-04-03T02:43:00.949+0600][74.768s][info][gc,heap        ] GC(359) Humongous regions: 28->18
[2026-04-03T02:43:00.949+0600][74.768s][info][gc,metaspace   ] GC(359) Metaspace: 131535K(132992K)->131535K(132992K) NonClass: 115066K(115840K)->115066K(115840K) Class: 16468K(17152K)->16468K(17152K)
[2026-04-03T02:43:00.949+0600][74.768s][info][gc             ] GC(359) Pause Young (Concurrent Start) (G1 Humongous Allocation) 123M->111M(626M) 3.310ms
[2026-04-03T02:43:00.949+0600][74.768s][info][gc,cpu         ] GC(359) User=0.02s Sys=0.01s Real=0.00s
[2026-04-03T02:43:00.949+0600][74.768s][info][gc             ] GC(360) Concurrent Mark Cycle
[2026-04-03T02:43:00.949+0600][74.768s][info][gc,marking     ] GC(360) Concurrent Scan Root Regions
[2026-04-03T02:43:00.952+0600][74.771s][info][gc,marking     ] GC(360) Concurrent Scan Root Regions 2.277ms
[2026-04-03T02:43:00.952+0600][74.771s][info][gc,marking     ] GC(360) Concurrent Mark
[2026-04-03T02:43:00.952+0600][74.771s][info][gc,marking     ] GC(360) Concurrent Mark From Roots
[2026-04-03T02:43:00.952+0600][74.771s][info][gc,task        ] GC(360) Using 3 workers of 3 for marking
[2026-04-03T02:43:01.030+0600][74.849s][info][gc,marking     ] GC(360) Concurrent Mark From Roots 77.814ms
[2026-04-03T02:43:01.030+0600][74.849s][info][gc,marking     ] GC(360) Concurrent Preclean
[2026-04-03T02:43:01.030+0600][74.849s][info][gc,marking     ] GC(360) Concurrent Preclean 0.594ms
[2026-04-03T02:43:01.031+0600][74.850s][info][gc,start       ] GC(360) Pause Remark
[2026-04-03T02:43:01.040+0600][74.859s][info][gc             ] GC(360) Pause Remark 304M->304M(626M) 8.680ms
[2026-04-03T02:43:01.040+0600][74.859s][info][gc,cpu         ] GC(360) User=0.05s Sys=0.01s Real=0.01s
[2026-04-03T02:43:01.040+0600][74.859s][info][gc,marking     ] GC(360) Concurrent Mark 88.113ms
[2026-04-03T02:43:01.040+0600][74.859s][info][gc,marking     ] GC(360) Concurrent Rebuild Remembered Sets and Scrub Regions
[2026-04-03T02:43:01.072+0600][74.891s][info][gc,marking     ] GC(360) Concurrent Rebuild Remembered Sets and Scrub Regions 32.487ms
[2026-04-03T02:43:01.074+0600][74.893s][info][gc,start       ] GC(360) Pause Cleanup
[2026-04-03T02:43:01.074+0600][74.893s][info][gc             ] GC(360) Pause Cleanup 585M->585M(626M) 0.364ms
[2026-04-03T02:43:01.074+0600][74.893s][info][gc,cpu         ] GC(360) User=0.00s Sys=0.00s Real=0.00s
[2026-04-03T02:43:01.074+0600][74.893s][info][gc,marking     ] GC(360) Concurrent Clear Claimed Marks
[2026-04-03T02:43:01.075+0600][74.894s][info][gc,marking     ] GC(360) Concurrent Clear Claimed Marks 0.536ms
[2026-04-03T02:43:01.075+0600][74.894s][info][gc,marking     ] GC(360) Concurrent Cleanup for Next Mark
[2026-04-03T02:43:01.077+0600][74.896s][info][gc,marking     ] GC(360) Concurrent Cleanup for Next Mark 2.261ms
[2026-04-03T02:43:01.077+0600][74.896s][info][gc             ] GC(360) Concurrent Mark Cycle 128.094ms
[2026-04-03T02:43:01.111+0600][74.930s][info][gc,start       ] GC(361) Pause Young (Prepare Mixed) (G1 Evacuation Pause)
[2026-04-03T02:43:01.112+0600][74.931s][info][gc,task        ] GC(361) Using 10 workers of 10 for evacuation
[2026-04-03T02:43:01.116+0600][74.935s][info][gc,phases      ] GC(361)   Pre Evacuate Collection Set: 0.44ms
[2026-04-03T02:43:01.116+0600][74.935s][info][gc,phases      ] GC(361)   Merge Heap Roots: 0.19ms
[2026-04-03T02:43:01.116+0600][74.935s][info][gc,phases      ] GC(361)   Evacuate Collection Set: 2.75ms
[2026-04-03T02:43:01.116+0600][74.935s][info][gc,phases      ] GC(361)   Post Evacuate Collection Set: 0.85ms
[2026-04-03T02:43:01.116+0600][74.935s][info][gc,phases      ] GC(361)   Other: 0.09ms
[2026-04-03T02:43:01.116+0600][74.935s][info][gc,heap        ] GC(361) Eden regions: 71->0(399)
[2026-04-03T02:43:01.116+0600][74.935s][info][gc,heap        ] GC(361) Survivor regions: 10->4(49)
[2026-04-03T02:43:01.116+0600][74.935s][info][gc,heap        ] GC(361) Old regions: 86->87
[2026-04-03T02:43:01.116+0600][74.935s][info][gc,heap        ] GC(361) Humongous regions: 500->8
[2026-04-03T02:43:01.116+0600][74.935s][info][gc,metaspace   ] GC(361) Metaspace: 131535K(132992K)->131535K(132992K) NonClass: 115067K(115840K)->115067K(115840K) Class: 16468K(17152K)->16468K(17152K)
[2026-04-03T02:43:01.116+0600][74.935s][info][gc             ] GC(361) Pause Young (Prepare Mixed) (G1 Evacuation Pause) 664M->96M(672M) 4.585ms
[2026-04-03T02:43:01.116+0600][74.935s][info][gc,cpu         ] GC(361) User=0.02s Sys=0.01s Real=0.00s
[2026-04-03T02:43:01.675+0600][75.494s][info][gc,start       ] GC(362) Pause Young (Mixed) (G1 Evacuation Pause)
[2026-04-03T02:43:01.675+0600][75.494s][info][gc,task        ] GC(362) Using 10 workers of 10 for evacuation
[2026-04-03T02:43:01.681+0600][75.500s][info][gc,phases      ] GC(362)   Pre Evacuate Collection Set: 0.44ms
[2026-04-03T02:43:01.681+0600][75.500s][info][gc,phases      ] GC(362)   Merge Heap Roots: 0.23ms
[2026-04-03T02:43:01.681+0600][75.500s][info][gc,phases      ] GC(362)   Evacuate Collection Set: 4.03ms
[2026-04-03T02:43:01.681+0600][75.500s][info][gc,phases      ] GC(362)   Post Evacuate Collection Set: 1.04ms
[2026-04-03T02:43:01.681+0600][75.500s][info][gc,phases      ] GC(362)   Other: 0.15ms
[2026-04-03T02:43:01.681+0600][75.500s][info][gc,heap        ] GC(362) Eden regions: 374->0(400)
[2026-04-03T02:43:01.681+0600][75.500s][info][gc,heap        ] GC(362) Survivor regions: 4->7(51)
[2026-04-03T02:43:01.681+0600][75.500s][info][gc,heap        ] GC(362) Old regions: 87->86
[2026-04-03T02:43:01.681+0600][75.500s][info][gc,heap        ] GC(362) Humongous regions: 207->8
[2026-04-03T02:43:01.681+0600][75.500s][info][gc,metaspace   ] GC(362) Metaspace: 131552K(132992K)->131552K(132992K) NonClass: 115083K(115840K)->115083K(115840K) Class: 16469K(17152K)->16469K(17152K)
[2026-04-03T02:43:01.681+0600][75.500s][info][gc             ] GC(362) Pause Young (Mixed) (G1 Evacuation Pause) 669M->99M(679M) 6.421ms
[2026-04-03T02:43:01.681+0600][75.500s][info][gc,cpu         ] GC(362) User=0.03s Sys=0.00s Real=0.01s
[2026-04-03T02:43:01.694+0600][75.513s][info][gc,start       ] GC(363) Pause Young (Concurrent Start) (GCLocker Initiated GC)
[2026-04-03T02:43:01.694+0600][75.513s][info][gc,task        ] GC(363) Using 10 workers of 10 for evacuation
[2026-04-03T02:43:01.698+0600][75.518s][info][gc,phases      ] GC(363)   Pre Evacuate Collection Set: 0.51ms
[2026-04-03T02:43:01.699+0600][75.518s][info][gc,phases      ] GC(363)   Merge Heap Roots: 0.19ms
[2026-04-03T02:43:01.699+0600][75.518s][info][gc,phases      ] GC(363)   Evacuate Collection Set: 2.65ms
[2026-04-03T02:43:01.699+0600][75.518s][info][gc,phases      ] GC(363)   Post Evacuate Collection Set: 0.81ms
[2026-04-03T02:43:01.699+0600][75.518s][info][gc,phases      ] GC(363)   Other: 0.10ms
[2026-04-03T02:43:01.699+0600][75.518s][info][gc,heap        ] GC(363) Eden regions: 19->0(400)
[2026-04-03T02:43:01.699+0600][75.518s][info][gc,heap        ] GC(363) Survivor regions: 7->7(51)
[2026-04-03T02:43:01.699+0600][75.518s][info][gc,heap        ] GC(363) Old regions: 86->86
[2026-04-03T02:43:01.699+0600][75.518s][info][gc,heap        ] GC(363) Humongous regions: 8->8
[2026-04-03T02:43:01.699+0600][75.518s][info][gc,metaspace   ] GC(363) Metaspace: 131552K(132992K)->131552K(132992K) NonClass: 115083K(115840K)->115083K(115840K) Class: 16469K(17152K)->16469K(17152K)
[2026-04-03T02:43:01.699+0600][75.518s][info][gc             ] GC(363) Pause Young (Concurrent Start) (GCLocker Initiated GC) 118M->99M(679M) 4.585ms
[2026-04-03T02:43:01.699+0600][75.518s][info][gc             ] GC(364) Concurrent Mark Cycle
[2026-04-03T02:43:01.699+0600][75.518s][info][gc,cpu         ] GC(363) User=0.03s Sys=0.00s Real=0.00s
[2026-04-03T02:43:01.699+0600][75.518s][info][gc,marking     ] GC(364) Concurrent Scan Root Regions
[2026-04-03T02:43:01.702+0600][75.521s][info][gc,marking     ] GC(364) Concurrent Scan Root Regions 2.841ms
[2026-04-03T02:43:01.702+0600][75.521s][info][gc,marking     ] GC(364) Concurrent Mark
[2026-04-03T02:43:01.702+0600][75.521s][info][gc,marking     ] GC(364) Concurrent Mark From Roots
[2026-04-03T02:43:01.702+0600][75.521s][info][gc,task        ] GC(364) Using 3 workers of 3 for marking
[2026-04-03T02:43:01.788+0600][75.607s][info][gc,marking     ] GC(364) Concurrent Mark From Roots 85.998ms
[2026-04-03T02:43:01.788+0600][75.607s][info][gc,marking     ] GC(364) Concurrent Preclean
[2026-04-03T02:43:01.788+0600][75.607s][info][gc,marking     ] GC(364) Concurrent Preclean 0.348ms
[2026-04-03T02:43:01.789+0600][75.608s][info][gc,start       ] GC(364) Pause Remark
[2026-04-03T02:43:01.798+0600][75.617s][info][gc             ] GC(364) Pause Remark 196M->196M(484M) 9.449ms
[2026-04-03T02:43:01.798+0600][75.617s][info][gc,cpu         ] GC(364) User=0.07s Sys=0.00s Real=0.01s
[2026-04-03T02:43:01.798+0600][75.617s][info][gc,marking     ] GC(364) Concurrent Mark 96.646ms
[2026-04-03T02:43:01.799+0600][75.618s][info][gc,marking     ] GC(364) Concurrent Rebuild Remembered Sets and Scrub Regions
[2026-04-03T02:43:01.834+0600][75.653s][info][gc,marking     ] GC(364) Concurrent Rebuild Remembered Sets and Scrub Regions 35.093ms
[2026-04-03T02:43:01.834+0600][75.653s][info][gc,start       ] GC(364) Pause Cleanup
[2026-04-03T02:43:01.834+0600][75.653s][info][gc             ] GC(364) Pause Cleanup 235M->235M(484M) 0.330ms
[2026-04-03T02:43:01.834+0600][75.653s][info][gc,cpu         ] GC(364) User=0.00s Sys=0.00s Real=0.00s
[2026-04-03T02:43:01.835+0600][75.654s][info][gc,marking     ] GC(364) Concurrent Clear Claimed Marks
[2026-04-03T02:43:01.835+0600][75.654s][info][gc,marking     ] GC(364) Concurrent Clear Claimed Marks 0.423ms
[2026-04-03T02:43:01.835+0600][75.654s][info][gc,marking     ] GC(364) Concurrent Cleanup for Next Mark
[2026-04-03T02:43:01.836+0600][75.655s][info][gc,marking     ] GC(364) Concurrent Cleanup for Next Mark 1.069ms
[2026-04-03T02:43:01.836+0600][75.655s][info][gc             ] GC(364) Concurrent Mark Cycle 137.542ms
[2026-04-03T02:43:02.019+0600][75.838s][info][gc,start       ] GC(365) Pause Young (Prepare Mixed) (GCLocker Initiated GC)
[2026-04-03T02:43:02.019+0600][75.838s][info][gc,task        ] GC(365) Using 10 workers of 10 for evacuation
[2026-04-03T02:43:02.026+0600][75.845s][info][gc,phases      ] GC(365)   Pre Evacuate Collection Set: 0.53ms
[2026-04-03T02:43:02.026+0600][75.845s][info][gc,phases      ] GC(365)   Merge Heap Roots: 0.23ms
[2026-04-03T02:43:02.026+0600][75.845s][info][gc,phases      ] GC(365)   Evacuate Collection Set: 4.95ms
[2026-04-03T02:43:02.026+0600][75.845s][info][gc,phases      ] GC(365)   Post Evacuate Collection Set: 1.05ms
[2026-04-03T02:43:02.026+0600][75.845s][info][gc,phases      ] GC(365)   Other: 0.15ms
[2026-04-03T02:43:02.026+0600][75.845s][info][gc,heap        ] GC(365) Eden regions: 215->0(287)
[2026-04-03T02:43:02.026+0600][75.845s][info][gc,heap        ] GC(365) Survivor regions: 7->8(37)
[2026-04-03T02:43:02.026+0600][75.845s][info][gc,heap        ] GC(365) Old regions: 86->87
[2026-04-03T02:43:02.026+0600][75.845s][info][gc,heap        ] GC(365) Humongous regions: 176->8
[2026-04-03T02:43:02.026+0600][75.845s][info][gc,metaspace   ] GC(365) Metaspace: 131552K(132992K)->131552K(132992K) NonClass: 115083K(115840K)->115083K(115840K) Class: 16469K(17152K)->16469K(17152K)
[2026-04-03T02:43:02.027+0600][75.846s][info][gc             ] GC(365) Pause Young (Prepare Mixed) (GCLocker Initiated GC) 482M->101M(493M) 7.276ms
[2026-04-03T02:43:02.027+0600][75.846s][info][gc,cpu         ] GC(365) User=0.04s Sys=0.02s Real=0.01s
[2026-04-03T02:43:02.335+0600][76.154s][info][gc,start       ] GC(366) Pause Young (Mixed) (G1 Evacuation Pause)
[2026-04-03T02:43:02.336+0600][76.155s][info][gc,task        ] GC(366) Using 10 workers of 10 for evacuation
[2026-04-03T02:43:02.343+0600][76.162s][info][gc,phases      ] GC(366)   Pre Evacuate Collection Set: 0.33ms
[2026-04-03T02:43:02.343+0600][76.162s][info][gc,phases      ] GC(366)   Merge Heap Roots: 0.23ms
[2026-04-03T02:43:02.343+0600][76.162s][info][gc,phases      ] GC(366)   Evacuate Collection Set: 5.11ms
[2026-04-03T02:43:02.343+0600][76.162s][info][gc,phases      ] GC(366)   Post Evacuate Collection Set: 1.39ms
[2026-04-03T02:43:02.343+0600][76.162s][info][gc,phases      ] GC(366)   Other: 0.13ms
[2026-04-03T02:43:02.343+0600][76.162s][info][gc,heap        ] GC(366) Eden regions: 217->0(292)
[2026-04-03T02:43:02.343+0600][76.162s][info][gc,heap        ] GC(366) Survivor regions: 8->8(37)
[2026-04-03T02:43:02.343+0600][76.162s][info][gc,heap        ] GC(366) Old regions: 87->86
[2026-04-03T02:43:02.343+0600][76.162s][info][gc,heap        ] GC(366) Humongous regions: 181->8
[2026-04-03T02:43:02.343+0600][76.162s][info][gc,metaspace   ] GC(366) Metaspace: 131557K(132992K)->131557K(132992K) NonClass: 115087K(115840K)->115087K(115840K) Class: 16469K(17152K)->16469K(17152K)
[2026-04-03T02:43:02.343+0600][76.162s][info][gc             ] GC(366) Pause Young (Mixed) (G1 Evacuation Pause) 491M->100M(501M) 7.504ms
[2026-04-03T02:43:02.343+0600][76.162s][info][gc,cpu         ] GC(366) User=0.05s Sys=0.02s Real=0.01s
[2026-04-03T02:43:02.346+0600][76.165s][info][gc,start       ] GC(367) Pause Young (Concurrent Start) (G1 Humongous Allocation)
[2026-04-03T02:43:02.346+0600][76.165s][info][gc,task        ] GC(367) Using 10 workers of 10 for evacuation
[2026-04-03T02:43:02.350+0600][76.169s][info][gc,phases      ] GC(367)   Pre Evacuate Collection Set: 0.47ms
[2026-04-03T02:43:02.350+0600][76.169s][info][gc,phases      ] GC(367)   Merge Heap Roots: 0.12ms
[2026-04-03T02:43:02.350+0600][76.169s][info][gc,phases      ] GC(367)   Evacuate Collection Set: 2.67ms
[2026-04-03T02:43:02.350+0600][76.169s][info][gc,phases      ] GC(367)   Post Evacuate Collection Set: 0.52ms
[2026-04-03T02:43:02.350+0600][76.169s][info][gc,phases      ] GC(367)   Other: 0.12ms
[2026-04-03T02:43:02.350+0600][76.169s][info][gc,heap        ] GC(367) Eden regions: 5->0(293)
[2026-04-03T02:43:02.350+0600][76.170s][info][gc,heap        ] GC(367) Survivor regions: 8->7(38)
[2026-04-03T02:43:02.350+0600][76.170s][info][gc,heap        ] GC(367) Old regions: 86->87
[2026-04-03T02:43:02.351+0600][76.170s][info][gc,heap        ] GC(367) Humongous regions: 8->8
[2026-04-03T02:43:02.351+0600][76.170s][info][gc,metaspace   ] GC(367) Metaspace: 131557K(132992K)->131557K(132992K) NonClass: 115087K(115840K)->115087K(115840K) Class: 16469K(17152K)->16469K(17152K)
[2026-04-03T02:43:02.351+0600][76.170s][info][gc             ] GC(367) Pause Young (Concurrent Start) (G1 Humongous Allocation) 105M->99M(501M) 4.169ms
[2026-04-03T02:43:02.351+0600][76.170s][info][gc             ] GC(368) Concurrent Mark Cycle
[2026-04-03T02:43:02.351+0600][76.170s][info][gc,marking     ] GC(368) Concurrent Scan Root Regions
[2026-04-03T02:43:02.351+0600][76.170s][info][gc,cpu         ] GC(367) User=0.02s Sys=0.01s Real=0.01s
[2026-04-03T02:43:02.353+0600][76.172s][info][gc,marking     ] GC(368) Concurrent Scan Root Regions 2.574ms
[2026-04-03T02:43:02.353+0600][76.172s][info][gc,marking     ] GC(368) Concurrent Mark
[2026-04-03T02:43:02.353+0600][76.172s][info][gc,marking     ] GC(368) Concurrent Mark From Roots
[2026-04-03T02:43:02.353+0600][76.172s][info][gc,task        ] GC(368) Using 3 workers of 3 for marking
[2026-04-03T02:43:02.433+0600][76.252s][info][gc,marking     ] GC(368) Concurrent Mark From Roots 79.727ms
[2026-04-03T02:43:02.433+0600][76.252s][info][gc,marking     ] GC(368) Concurrent Preclean
[2026-04-03T02:43:02.433+0600][76.252s][info][gc,marking     ] GC(368) Concurrent Preclean 0.298ms
[2026-04-03T02:43:02.434+0600][76.253s][info][gc,start       ] GC(368) Pause Remark
[2026-04-03T02:43:02.442+0600][76.261s][info][gc             ] GC(368) Pause Remark 140M->140M(410M) 8.382ms
[2026-04-03T02:43:02.442+0600][76.261s][info][gc,cpu         ] GC(368) User=0.06s Sys=0.00s Real=0.01s
[2026-04-03T02:43:02.443+0600][76.262s][info][gc,marking     ] GC(368) Concurrent Mark 89.269ms
[2026-04-03T02:43:02.443+0600][76.262s][info][gc,marking     ] GC(368) Concurrent Rebuild Remembered Sets and Scrub Regions
[2026-04-03T02:43:02.470+0600][76.289s][info][gc,marking     ] GC(368) Concurrent Rebuild Remembered Sets and Scrub Regions 27.537ms
[2026-04-03T02:43:02.471+0600][76.290s][info][gc,start       ] GC(368) Pause Cleanup
[2026-04-03T02:43:02.471+0600][76.290s][info][gc             ] GC(368) Pause Cleanup 151M->151M(410M) 0.359ms
[2026-04-03T02:43:02.471+0600][76.290s][info][gc,cpu         ] GC(368) User=0.00s Sys=0.00s Real=0.00s
[2026-04-03T02:43:02.471+0600][76.290s][info][gc,marking     ] GC(368) Concurrent Clear Claimed Marks
[2026-04-03T02:43:02.471+0600][76.290s][info][gc,marking     ] GC(368) Concurrent Clear Claimed Marks 0.344ms
[2026-04-03T02:43:02.471+0600][76.290s][info][gc,marking     ] GC(368) Concurrent Cleanup for Next Mark
[2026-04-03T02:43:02.472+0600][76.291s][info][gc,marking     ] GC(368) Concurrent Cleanup for Next Mark 0.639ms
[2026-04-03T02:43:02.472+0600][76.291s][info][gc             ] GC(368) Concurrent Mark Cycle 121.560ms
[2026-04-03T02:43:02.778+0600][76.597s][info][gc,start       ] GC(369) Pause Young (Prepare Mixed) (G1 Evacuation Pause)
[2026-04-03T02:43:02.778+0600][76.597s][info][gc,task        ] GC(369) Using 10 workers of 10 for evacuation
[2026-04-03T02:43:02.782+0600][76.601s][info][gc,phases      ] GC(369)   Pre Evacuate Collection Set: 0.29ms
[2026-04-03T02:43:02.782+0600][76.601s][info][gc,phases      ] GC(369)   Merge Heap Roots: 0.19ms
[2026-04-03T02:43:02.782+0600][76.601s][info][gc,phases      ] GC(369)   Evacuate Collection Set: 2.61ms
[2026-04-03T02:43:02.782+0600][76.601s][info][gc,phases      ] GC(369)   Post Evacuate Collection Set: 0.57ms
[2026-04-03T02:43:02.782+0600][76.601s][info][gc,phases      ] GC(369)   Other: 0.10ms
[2026-04-03T02:43:02.782+0600][76.601s][info][gc,heap        ] GC(369) Eden regions: 226->0(248)
[2026-04-03T02:43:02.782+0600][76.601s][info][gc,heap        ] GC(369) Survivor regions: 7->6(31)
[2026-04-03T02:43:02.782+0600][76.601s][info][gc,heap        ] GC(369) Old regions: 87->88
[2026-04-03T02:43:02.782+0600][76.601s][info][gc,heap        ] GC(369) Humongous regions: 97->8
[2026-04-03T02:43:02.782+0600][76.601s][info][gc,metaspace   ] GC(369) Metaspace: 131557K(132992K)->131557K(132992K) NonClass: 115088K(115840K)->115088K(115840K) Class: 16469K(17152K)->16469K(17152K)
[2026-04-03T02:43:02.782+0600][76.601s][info][gc             ] GC(369) Pause Young (Prepare Mixed) (G1 Evacuation Pause) 414M->98M(424M) 4.022ms
[2026-04-03T02:43:02.782+0600][76.601s][info][gc,cpu         ] GC(369) User=0.02s Sys=0.00s Real=0.01s
[2026-04-03T02:43:02.997+0600][76.816s][info][gc,start       ] GC(370) Pause Young (Mixed) (G1 Evacuation Pause)
[2026-04-03T02:43:02.997+0600][76.816s][info][gc,task        ] GC(370) Using 10 workers of 10 for evacuation
[2026-04-03T02:43:03.001+0600][76.820s][info][gc,phases      ] GC(370)   Pre Evacuate Collection Set: 0.33ms
[2026-04-03T02:43:03.001+0600][76.820s][info][gc,phases      ] GC(370)   Merge Heap Roots: 0.19ms
[2026-04-03T02:43:03.001+0600][76.820s][info][gc,phases      ] GC(370)   Evacuate Collection Set: 2.85ms
[2026-04-03T02:43:03.001+0600][76.820s][info][gc,phases      ] GC(370)   Post Evacuate Collection Set: 0.59ms
[2026-04-03T02:43:03.001+0600][76.820s][info][gc,phases      ] GC(370)   Other: 0.11ms
[2026-04-03T02:43:03.001+0600][76.820s][info][gc,heap        ] GC(370) Eden regions: 188->0(256)
[2026-04-03T02:43:03.001+0600][76.820s][info][gc,heap        ] GC(370) Survivor regions: 6->6(32)
[2026-04-03T02:43:03.001+0600][76.820s][info][gc,heap        ] GC(370) Old regions: 88->87
[2026-04-03T02:43:03.001+0600][76.820s][info][gc,heap        ] GC(370) Humongous regions: 150->12
[2026-04-03T02:43:03.001+0600][76.820s][info][gc,metaspace   ] GC(370) Metaspace: 131558K(132992K)->131558K(132992K) NonClass: 115088K(115840K)->115088K(115840K) Class: 16469K(17152K)->16469K(17152K)
[2026-04-03T02:43:03.001+0600][76.820s][info][gc             ] GC(370) Pause Young (Mixed) (G1 Evacuation Pause) 428M->102M(438M) 4.368ms
[2026-04-03T02:43:03.001+0600][76.820s][info][gc,cpu         ] GC(370) User=0.03s Sys=0.01s Real=0.01s
[2026-04-03T02:43:03.006+0600][76.825s][info][gc,start       ] GC(371) Pause Young (Concurrent Start) (G1 Humongous Allocation)
[2026-04-03T02:43:03.006+0600][76.825s][info][gc,task        ] GC(371) Using 10 workers of 10 for evacuation
[2026-04-03T02:43:03.009+0600][76.828s][info][gc,phases      ] GC(371)   Pre Evacuate Collection Set: 0.45ms
[2026-04-03T02:43:03.009+0600][76.828s][info][gc,phases      ] GC(371)   Merge Heap Roots: 0.13ms
[2026-04-03T02:43:03.009+0600][76.828s][info][gc,phases      ] GC(371)   Evacuate Collection Set: 1.69ms
[2026-04-03T02:43:03.009+0600][76.828s][info][gc,phases      ] GC(371)   Post Evacuate Collection Set: 0.57ms
[2026-04-03T02:43:03.009+0600][76.828s][info][gc,phases      ] GC(371)   Other: 0.17ms
[2026-04-03T02:43:03.009+0600][76.828s][info][gc,heap        ] GC(371) Eden regions: 4->0(257)
[2026-04-03T02:43:03.009+0600][76.828s][info][gc,heap        ] GC(371) Survivor regions: 6->5(33)
[2026-04-03T02:43:03.009+0600][76.828s][info][gc,heap        ] GC(371) Old regions: 87->87
[2026-04-03T02:43:03.009+0600][76.828s][info][gc,heap        ] GC(371) Humongous regions: 12->8
[2026-04-03T02:43:03.009+0600][76.828s][info][gc,metaspace   ] GC(371) Metaspace: 131558K(132992K)->131558K(132992K) NonClass: 115088K(115840K)->115088K(115840K) Class: 16469K(17152K)->16469K(17152K)
[2026-04-03T02:43:03.009+0600][76.828s][info][gc             ] GC(371) Pause Young (Concurrent Start) (G1 Humongous Allocation) 105M->98M(438M) 3.269ms
[2026-04-03T02:43:03.010+0600][76.829s][info][gc             ] GC(372) Concurrent Mark Cycle
[2026-04-03T02:43:03.010+0600][76.829s][info][gc,cpu         ] GC(371) User=0.02s Sys=0.00s Real=0.00s
[2026-04-03T02:43:03.010+0600][76.829s][info][gc,marking     ] GC(372) Concurrent Scan Root Regions
[2026-04-03T02:43:03.012+0600][76.831s][info][gc,marking     ] GC(372) Concurrent Scan Root Regions 2.505ms
[2026-04-03T02:43:03.012+0600][76.831s][info][gc,marking     ] GC(372) Concurrent Mark
[2026-04-03T02:43:03.012+0600][76.831s][info][gc,marking     ] GC(372) Concurrent Mark From Roots
[2026-04-03T02:43:03.012+0600][76.831s][info][gc,task        ] GC(372) Using 3 workers of 3 for marking
[2026-04-03T02:43:03.103+0600][76.922s][info][gc,marking     ] GC(372) Concurrent Mark From Roots 90.827ms
[2026-04-03T02:43:03.103+0600][76.922s][info][gc,marking     ] GC(372) Concurrent Preclean
[2026-04-03T02:43:03.104+0600][76.923s][info][gc,marking     ] GC(372) Concurrent Preclean 0.659ms
[2026-04-03T02:43:03.104+0600][76.923s][info][gc,start       ] GC(372) Pause Remark
[2026-04-03T02:43:03.113+0600][76.932s][info][gc             ] GC(372) Pause Remark 202M->202M(438M) 8.830ms
[2026-04-03T02:43:03.113+0600][76.932s][info][gc,cpu         ] GC(372) User=0.07s Sys=0.00s Real=0.01s
[2026-04-03T02:43:03.113+0600][76.932s][info][gc,marking     ] GC(372) Concurrent Mark 101.253ms
[2026-04-03T02:43:03.114+0600][76.933s][info][gc,marking     ] GC(372) Concurrent Rebuild Remembered Sets and Scrub Regions
[2026-04-03T02:43:03.153+0600][76.972s][info][gc,marking     ] GC(372) Concurrent Rebuild Remembered Sets and Scrub Regions 39.794ms
[2026-04-03T02:43:03.154+0600][76.973s][info][gc,start       ] GC(372) Pause Cleanup
[2026-04-03T02:43:03.154+0600][76.973s][info][gc             ] GC(372) Pause Cleanup 240M->240M(438M) 0.335ms
[2026-04-03T02:43:03.154+0600][76.973s][info][gc,cpu         ] GC(372) User=0.01s Sys=0.00s Real=0.00s
[2026-04-03T02:43:03.154+0600][76.973s][info][gc,marking     ] GC(372) Concurrent Clear Claimed Marks
[2026-04-03T02:43:03.155+0600][76.974s][info][gc,marking     ] GC(372) Concurrent Clear Claimed Marks 0.468ms
[2026-04-03T02:43:03.155+0600][76.974s][info][gc,marking     ] GC(372) Concurrent Cleanup for Next Mark
[2026-04-03T02:43:03.156+0600][76.975s][info][gc,marking     ] GC(372) Concurrent Cleanup for Next Mark 0.780ms
[2026-04-03T02:43:03.156+0600][76.975s][info][gc             ] GC(372) Concurrent Mark Cycle 146.114ms
[2026-04-03T02:43:03.309+0600][77.128s][info][gc,start       ] GC(373) Pause Young (Prepare Mixed) (G1 Evacuation Pause)
[2026-04-03T02:43:03.310+0600][77.129s][info][gc,task        ] GC(373) Using 10 workers of 10 for evacuation
[2026-04-03T02:43:03.315+0600][77.134s][info][gc,phases      ] GC(373)   Pre Evacuate Collection Set: 0.36ms
[2026-04-03T02:43:03.315+0600][77.134s][info][gc,phases      ] GC(373)   Merge Heap Roots: 0.17ms
[2026-04-03T02:43:03.315+0600][77.134s][info][gc,phases      ] GC(373)   Evacuate Collection Set: 3.78ms
[2026-04-03T02:43:03.315+0600][77.134s][info][gc,phases      ] GC(373)   Post Evacuate Collection Set: 0.64ms
[2026-04-03T02:43:03.315+0600][77.134s][info][gc,phases      ] GC(373)   Other: 0.10ms
[2026-04-03T02:43:03.315+0600][77.134s][info][gc,heap        ] GC(373) Eden regions: 195->0(265)
[2026-04-03T02:43:03.315+0600][77.134s][info][gc,heap        ] GC(373) Survivor regions: 5->7(33)
[2026-04-03T02:43:03.315+0600][77.134s][info][gc,heap        ] GC(373) Old regions: 87->87
[2026-04-03T02:43:03.315+0600][77.134s][info][gc,heap        ] GC(373) Humongous regions: 160->8
[2026-04-03T02:43:03.315+0600][77.134s][info][gc,metaspace   ] GC(373) Metaspace: 131558K(132992K)->131558K(132992K) NonClass: 115088K(115840K)->115088K(115840K) Class: 16469K(17152K)->16469K(17152K)
[2026-04-03T02:43:03.315+0600][77.134s][info][gc             ] GC(373) Pause Young (Prepare Mixed) (G1 Evacuation Pause) 445M->100M(454M) 5.504ms
[2026-04-03T02:43:03.315+0600][77.134s][info][gc,cpu         ] GC(373) User=0.03s Sys=0.01s Real=0.01s
[2026-04-03T02:43:03.633+0600][77.452s][info][gc,start       ] GC(374) Pause Young (Mixed) (G1 Evacuation Pause)
[2026-04-03T02:43:03.633+0600][77.452s][info][gc,task        ] GC(374) Using 10 workers of 10 for evacuation
[2026-04-03T02:43:03.640+0600][77.459s][info][gc,phases      ] GC(374)   Pre Evacuate Collection Set: 0.36ms
[2026-04-03T02:43:03.640+0600][77.459s][info][gc,phases      ] GC(374)   Merge Heap Roots: 0.21ms
[2026-04-03T02:43:03.640+0600][77.459s][info][gc,phases      ] GC(374)   Evacuate Collection Set: 4.90ms
[2026-04-03T02:43:03.640+0600][77.459s][info][gc,phases      ] GC(374)   Post Evacuate Collection Set: 0.94ms
[2026-04-03T02:43:03.640+0600][77.459s][info][gc,phases      ] GC(374)   Other: 0.13ms
[2026-04-03T02:43:03.640+0600][77.459s][info][gc,heap        ] GC(374) Eden regions: 227->0(271)
[2026-04-03T02:43:03.640+0600][77.459s][info][gc,heap        ] GC(374) Survivor regions: 7->9(34)
[2026-04-03T02:43:03.640+0600][77.459s][info][gc,heap        ] GC(374) Old regions: 87->87
[2026-04-03T02:43:03.640+0600][77.459s][info][gc,heap        ] GC(374) Humongous regions: 137->10
[2026-04-03T02:43:03.640+0600][77.459s][info][gc,metaspace   ] GC(374) Metaspace: 131560K(132992K)->131560K(132992K) NonClass: 115090K(115840K)->115090K(115840K) Class: 16469K(17152K)->16469K(17152K)
[2026-04-03T02:43:03.640+0600][77.459s][info][gc             ] GC(374) Pause Young (Mixed) (G1 Evacuation Pause) 456M->104M(468M) 6.846ms
[2026-04-03T02:43:03.640+0600][77.459s][info][gc,cpu         ] GC(374) User=0.03s Sys=0.01s Real=0.01s
[2026-04-03T02:43:03.643+0600][77.462s][info][gc,start       ] GC(375) Pause Young (Concurrent Start) (G1 Humongous Allocation)
[2026-04-03T02:43:03.643+0600][77.462s][info][gc,task        ] GC(375) Using 10 workers of 10 for evacuation
[2026-04-03T02:43:03.647+0600][77.466s][info][gc,phases      ] GC(375)   Pre Evacuate Collection Set: 0.33ms
[2026-04-03T02:43:03.647+0600][77.466s][info][gc,phases      ] GC(375)   Merge Heap Roots: 0.10ms
[2026-04-03T02:43:03.647+0600][77.466s][info][gc,phases      ] GC(375)   Evacuate Collection Set: 2.48ms
[2026-04-03T02:43:03.647+0600][77.466s][info][gc,phases      ] GC(375)   Post Evacuate Collection Set: 0.52ms
[2026-04-03T02:43:03.647+0600][77.466s][info][gc,phases      ] GC(375)   Other: 0.11ms
[2026-04-03T02:43:03.647+0600][77.466s][info][gc,heap        ] GC(375) Eden regions: 5->0(271)
[2026-04-03T02:43:03.647+0600][77.466s][info][gc,heap        ] GC(375) Survivor regions: 9->9(35)
[2026-04-03T02:43:03.647+0600][77.466s][info][gc,heap        ] GC(375) Old regions: 87->87
[2026-04-03T02:43:03.647+0600][77.466s][info][gc,heap        ] GC(375) Humongous regions: 10->8
[2026-04-03T02:43:03.647+0600][77.466s][info][gc,metaspace   ] GC(375) Metaspace: 131560K(132992K)->131560K(132992K) NonClass: 115090K(115840K)->115090K(115840K) Class: 16469K(17152K)->16469K(17152K)
[2026-04-03T02:43:03.647+0600][77.466s][info][gc             ] GC(375) Pause Young (Concurrent Start) (G1 Humongous Allocation) 108M->101M(468M) 3.838ms
[2026-04-03T02:43:03.647+0600][77.466s][info][gc,cpu         ] GC(375) User=0.03s Sys=0.00s Real=0.00s
[2026-04-03T02:43:03.647+0600][77.466s][info][gc             ] GC(376) Concurrent Mark Cycle
[2026-04-03T02:43:03.647+0600][77.466s][info][gc,marking     ] GC(376) Concurrent Scan Root Regions
[2026-04-03T02:43:03.649+0600][77.468s][info][gc,marking     ] GC(376) Concurrent Scan Root Regions 2.346ms
[2026-04-03T02:43:03.649+0600][77.468s][info][gc,marking     ] GC(376) Concurrent Mark
[2026-04-03T02:43:03.649+0600][77.468s][info][gc,marking     ] GC(376) Concurrent Mark From Roots
[2026-04-03T02:43:03.649+0600][77.468s][info][gc,task        ] GC(376) Using 3 workers of 3 for marking
[2026-04-03T02:43:03.735+0600][77.554s][info][gc,marking     ] GC(376) Concurrent Mark From Roots 85.165ms
[2026-04-03T02:43:03.735+0600][77.554s][info][gc,marking     ] GC(376) Concurrent Preclean
[2026-04-03T02:43:03.735+0600][77.554s][info][gc,marking     ] GC(376) Concurrent Preclean 0.422ms
[2026-04-03T02:43:03.736+0600][77.555s][info][gc,start       ] GC(376) Pause Remark
[2026-04-03T02:43:03.745+0600][77.564s][info][gc             ] GC(376) Pause Remark 180M->180M(404M) 9.220ms
[2026-04-03T02:43:03.745+0600][77.564s][info][gc,cpu         ] GC(376) User=0.07s Sys=0.00s Real=0.01s
[2026-04-03T02:43:03.745+0600][77.564s][info][gc,marking     ] GC(376) Concurrent Mark 95.963ms
[2026-04-03T02:43:03.745+0600][77.565s][info][gc,marking     ] GC(376) Concurrent Rebuild Remembered Sets and Scrub Regions
[2026-04-03T02:43:03.789+0600][77.608s][info][gc,marking     ] GC(376) Concurrent Rebuild Remembered Sets and Scrub Regions 43.085ms
[2026-04-03T02:43:03.789+0600][77.608s][info][gc,start       ] GC(376) Pause Cleanup
[2026-04-03T02:43:03.789+0600][77.608s][info][gc             ] GC(376) Pause Cleanup 240M->240M(404M) 0.320ms
[2026-04-03T02:43:03.789+0600][77.608s][info][gc,cpu         ] GC(376) User=0.00s Sys=0.00s Real=0.00s
[2026-04-03T02:43:03.790+0600][77.609s][info][gc,marking     ] GC(376) Concurrent Clear Claimed Marks
[2026-04-03T02:43:03.790+0600][77.609s][info][gc,marking     ] GC(376) Concurrent Clear Claimed Marks 0.422ms
[2026-04-03T02:43:03.790+0600][77.609s][info][gc,marking     ] GC(376) Concurrent Cleanup for Next Mark
[2026-04-03T02:43:03.791+0600][77.610s][info][gc,marking     ] GC(376) Concurrent Cleanup for Next Mark 1.109ms
[2026-04-03T02:43:03.791+0600][77.610s][info][gc             ] GC(376) Concurrent Mark Cycle 144.194ms
[2026-04-03T02:43:03.936+0600][77.755s][info][gc,start       ] GC(377) Pause Young (Prepare Mixed) (G1 Evacuation Pause)
[2026-04-03T02:43:03.936+0600][77.755s][info][gc,task        ] GC(377) Using 9 workers of 10 for evacuation
[2026-04-03T02:43:03.940+0600][77.759s][info][gc,phases      ] GC(377)   Pre Evacuate Collection Set: 0.38ms
[2026-04-03T02:43:03.940+0600][77.759s][info][gc,phases      ] GC(377)   Merge Heap Roots: 0.16ms
[2026-04-03T02:43:03.940+0600][77.759s][info][gc,phases      ] GC(377)   Evacuate Collection Set: 2.56ms
[2026-04-03T02:43:03.940+0600][77.759s][info][gc,phases      ] GC(377)   Post Evacuate Collection Set: 0.46ms
[2026-04-03T02:43:03.940+0600][77.759s][info][gc,phases      ] GC(377)   Other: 0.09ms
[2026-04-03T02:43:03.940+0600][77.759s][info][gc,heap        ] GC(377) Eden regions: 232->0(243)
[2026-04-03T02:43:03.940+0600][77.759s][info][gc,heap        ] GC(377) Survivor regions: 9->6(31)
[2026-04-03T02:43:03.940+0600][77.759s][info][gc,heap        ] GC(377) Old regions: 87->88
[2026-04-03T02:43:03.940+0600][77.759s][info][gc,heap        ] GC(377) Humongous regions: 81->8
[2026-04-03T02:43:03.940+0600][77.759s][info][gc,metaspace   ] GC(377) Metaspace: 131563K(132992K)->131563K(132992K) NonClass: 115093K(115840K)->115093K(115840K) Class: 16469K(17152K)->16469K(17152K)
[2026-04-03T02:43:03.940+0600][77.759s][info][gc             ] GC(377) Pause Young (Prepare Mixed) (G1 Evacuation Pause) 406M->100M(416M) 3.862ms
[2026-04-03T02:43:03.940+0600][77.759s][info][gc,cpu         ] GC(377) User=0.02s Sys=0.00s Real=0.01s
[2026-04-03T02:43:04.003+0600][77.822s][info][gc,start       ] GC(378) Pause Young (Mixed) (G1 Evacuation Pause)
[2026-04-03T02:43:04.003+0600][77.822s][info][gc,task        ] GC(378) Using 10 workers of 10 for evacuation
[2026-04-03T02:43:04.006+0600][77.825s][info][gc,phases      ] GC(378)   Pre Evacuate Collection Set: 0.36ms
[2026-04-03T02:43:04.006+0600][77.825s][info][gc,phases      ] GC(378)   Merge Heap Roots: 0.18ms
[2026-04-03T02:43:04.006+0600][77.825s][info][gc,phases      ] GC(378)   Evacuate Collection Set: 1.68ms
[2026-04-03T02:43:04.006+0600][77.825s][info][gc,phases      ] GC(378)   Post Evacuate Collection Set: 0.74ms
[2026-04-03T02:43:04.006+0600][77.825s][info][gc,phases      ] GC(378)   Other: 0.08ms
[2026-04-03T02:43:04.006+0600][77.825s][info][gc,heap        ] GC(378) Eden regions: 44->0(289)
[2026-04-03T02:43:04.006+0600][77.825s][info][gc,heap        ] GC(378) Survivor regions: 6->4(36)
[2026-04-03T02:43:04.006+0600][77.825s][info][gc,heap        ] GC(378) Old regions: 88->87
[2026-04-03T02:43:04.006+0600][77.825s][info][gc,heap        ] GC(378) Humongous regions: 347->13
[2026-04-03T02:43:04.006+0600][77.825s][info][gc,metaspace   ] GC(378) Metaspace: 131563K(132992K)->131563K(132992K) NonClass: 115093K(115840K)->115093K(115840K) Class: 16469K(17152K)->16469K(17152K)
[2026-04-03T02:43:04.006+0600][77.826s][info][gc             ] GC(378) Pause Young (Mixed) (G1 Evacuation Pause) 483M->103M(489M) 3.266ms
[2026-04-03T02:43:04.007+0600][77.826s][info][gc,cpu         ] GC(378) User=0.01s Sys=0.00s Real=0.00s
[2026-04-03T02:43:04.009+0600][77.828s][info][gc,start       ] GC(379) Pause Young (Concurrent Start) (G1 Humongous Allocation)
[2026-04-03T02:43:04.009+0600][77.828s][info][gc,task        ] GC(379) Using 10 workers of 10 for evacuation
[2026-04-03T02:43:04.012+0600][77.831s][info][gc,phases      ] GC(379)   Pre Evacuate Collection Set: 0.41ms
[2026-04-03T02:43:04.012+0600][77.831s][info][gc,phases      ] GC(379)   Merge Heap Roots: 0.12ms
[2026-04-03T02:43:04.012+0600][77.831s][info][gc,phases      ] GC(379)   Evacuate Collection Set: 1.55ms
[2026-04-03T02:43:04.012+0600][77.831s][info][gc,phases      ] GC(379)   Post Evacuate Collection Set: 0.41ms
[2026-04-03T02:43:04.012+0600][77.831s][info][gc,phases      ] GC(379)   Other: 0.12ms
[2026-04-03T02:43:04.012+0600][77.831s][info][gc,heap        ] GC(379) Eden regions: 2->0(290)
[2026-04-03T02:43:04.012+0600][77.831s][info][gc,heap        ] GC(379) Survivor regions: 4->3(37)
[2026-04-03T02:43:04.012+0600][77.831s][info][gc,heap        ] GC(379) Old regions: 87->87
[2026-04-03T02:43:04.012+0600][77.831s][info][gc,heap        ] GC(379) Humongous regions: 13->8
[2026-04-03T02:43:04.012+0600][77.831s][info][gc,metaspace   ] GC(379) Metaspace: 131563K(132992K)->131563K(132992K) NonClass: 115093K(115840K)->115093K(115840K) Class: 16469K(17152K)->16469K(17152K)
[2026-04-03T02:43:04.012+0600][77.831s][info][gc             ] GC(379) Pause Young (Concurrent Start) (G1 Humongous Allocation) 104M->96M(489M) 2.836ms
[2026-04-03T02:43:04.012+0600][77.831s][info][gc             ] GC(380) Concurrent Mark Cycle
[2026-04-03T02:43:04.012+0600][77.831s][info][gc,marking     ] GC(380) Concurrent Scan Root Regions
[2026-04-03T02:43:04.012+0600][77.831s][info][gc,cpu         ] GC(379) User=0.01s Sys=0.00s Real=0.01s
[2026-04-03T02:43:04.014+0600][77.833s][info][gc,marking     ] GC(380) Concurrent Scan Root Regions 1.495ms
[2026-04-03T02:43:04.014+0600][77.833s][info][gc,marking     ] GC(380) Concurrent Mark
[2026-04-03T02:43:04.014+0600][77.833s][info][gc,marking     ] GC(380) Concurrent Mark From Roots
[2026-04-03T02:43:04.014+0600][77.833s][info][gc,task        ] GC(380) Using 3 workers of 3 for marking
[2026-04-03T02:43:04.082+0600][77.901s][info][gc,marking     ] GC(380) Concurrent Mark From Roots 67.904ms
[2026-04-03T02:43:04.082+0600][77.901s][info][gc,marking     ] GC(380) Concurrent Preclean
[2026-04-03T02:43:04.083+0600][77.902s][info][gc,marking     ] GC(380) Concurrent Preclean 0.771ms
[2026-04-03T02:43:04.083+0600][77.902s][info][gc,start       ] GC(380) Pause Remark
[2026-04-03T02:43:04.092+0600][77.911s][info][gc             ] GC(380) Pause Remark 243M->243M(489M) 8.784ms
[2026-04-03T02:43:04.092+0600][77.911s][info][gc,cpu         ] GC(380) User=0.06s Sys=0.00s Real=0.01s
[2026-04-03T02:43:04.093+0600][77.912s][info][gc,marking     ] GC(380) Concurrent Mark 78.957ms
[2026-04-03T02:43:04.096+0600][77.915s][info][gc,marking     ] GC(380) Concurrent Rebuild Remembered Sets and Scrub Regions
[2026-04-03T02:43:04.130+0600][77.949s][info][gc,marking     ] GC(380) Concurrent Rebuild Remembered Sets and Scrub Regions 34.654ms
[2026-04-03T02:43:04.131+0600][77.950s][info][gc,start       ] GC(380) Pause Cleanup
[2026-04-03T02:43:04.131+0600][77.950s][info][gc             ] GC(380) Pause Cleanup 508M->508M(511M) 0.317ms
[2026-04-03T02:43:04.131+0600][77.950s][info][gc,cpu         ] GC(380) User=0.00s Sys=0.00s Real=0.00s
[2026-04-03T02:43:04.131+0600][77.950s][info][gc,marking     ] GC(380) Concurrent Clear Claimed Marks
[2026-04-03T02:43:04.132+0600][77.951s][info][gc,marking     ] GC(380) Concurrent Clear Claimed Marks 0.468ms
[2026-04-03T02:43:04.132+0600][77.951s][info][gc,marking     ] GC(380) Concurrent Cleanup for Next Mark
[2026-04-03T02:43:04.133+0600][77.952s][info][gc,marking     ] GC(380) Concurrent Cleanup for Next Mark 1.430ms
[2026-04-03T02:43:04.133+0600][77.952s][info][gc             ] GC(380) Concurrent Mark Cycle 121.157ms
[2026-04-03T02:43:04.145+0600][77.964s][info][gc,start       ] GC(381) Pause Young (Prepare Mixed) (G1 Evacuation Pause)
[2026-04-03T02:43:04.145+0600][77.964s][info][gc,task        ] GC(381) Using 10 workers of 10 for evacuation
[2026-04-03T02:43:04.149+0600][77.968s][info][gc,phases      ] GC(381)   Pre Evacuate Collection Set: 0.32ms
[2026-04-03T02:43:04.149+0600][77.968s][info][gc,phases      ] GC(381)   Merge Heap Roots: 0.13ms
[2026-04-03T02:43:04.149+0600][77.968s][info][gc,phases      ] GC(381)   Evacuate Collection Set: 2.45ms
[2026-04-03T02:43:04.149+0600][77.968s][info][gc,phases      ] GC(381)   Post Evacuate Collection Set: 0.97ms
[2026-04-03T02:43:04.149+0600][77.968s][info][gc,phases      ] GC(381)   Other: 0.09ms
[2026-04-03T02:43:04.149+0600][77.968s][info][gc,heap        ] GC(381) Eden regions: 59->0(309)
[2026-04-03T02:43:04.149+0600][77.968s][info][gc,heap        ] GC(381) Survivor regions: 3->4(37)
[2026-04-03T02:43:04.149+0600][77.968s][info][gc,heap        ] GC(381) Old regions: 87->87
[2026-04-03T02:43:04.149+0600][77.968s][info][gc,heap        ] GC(381) Humongous regions: 369->8
[2026-04-03T02:43:04.149+0600][77.968s][info][gc,metaspace   ] GC(381) Metaspace: 131563K(132992K)->131563K(132992K) NonClass: 115093K(115840K)->115093K(115840K) Class: 16469K(17152K)->16469K(17152K)
[2026-04-03T02:43:04.149+0600][77.968s][info][gc             ] GC(381) Pause Young (Prepare Mixed) (G1 Evacuation Pause) 516M->97M(522M) 4.286ms
[2026-04-03T02:43:04.149+0600][77.968s][info][gc,cpu         ] GC(381) User=0.02s Sys=0.00s Real=0.00s
[2026-04-03T02:43:04.600+0600][78.419s][info][gc,start       ] GC(382) Pause Young (Mixed) (G1 Evacuation Pause)
[2026-04-03T02:43:04.601+0600][78.420s][info][gc,task        ] GC(382) Using 10 workers of 10 for evacuation
[2026-04-03T02:43:04.606+0600][78.425s][info][gc,phases      ] GC(382)   Pre Evacuate Collection Set: 0.42ms
[2026-04-03T02:43:04.606+0600][78.425s][info][gc,phases      ] GC(382)   Merge Heap Roots: 0.20ms
[2026-04-03T02:43:04.606+0600][78.425s][info][gc,phases      ] GC(382)   Evacuate Collection Set: 3.78ms
[2026-04-03T02:43:04.606+0600][78.425s][info][gc,phases      ] GC(382)   Post Evacuate Collection Set: 0.77ms
[2026-04-03T02:43:04.606+0600][78.425s][info][gc,phases      ] GC(382)   Other: 0.10ms
[2026-04-03T02:43:04.606+0600][78.425s][info][gc,heap        ] GC(382) Eden regions: 296->0(316)
[2026-04-03T02:43:04.606+0600][78.425s][info][gc,heap        ] GC(382) Survivor regions: 4->6(40)
[2026-04-03T02:43:04.606+0600][78.425s][info][gc,heap        ] GC(382) Old regions: 87->87
[2026-04-03T02:43:04.606+0600][78.425s][info][gc,heap        ] GC(382) Humongous regions: 144->8
[2026-04-03T02:43:04.606+0600][78.425s][info][gc,metaspace   ] GC(382) Metaspace: 131571K(132992K)->131571K(132992K) NonClass: 115101K(115840K)->115101K(115840K) Class: 16469K(17152K)->16469K(17152K)
[2026-04-03T02:43:04.606+0600][78.425s][info][gc             ] GC(382) Pause Young (Mixed) (G1 Evacuation Pause) 529M->99M(538M) 5.540ms
[2026-04-03T02:43:04.606+0600][78.425s][info][gc,cpu         ] GC(382) User=0.02s Sys=0.01s Real=0.00s
[2026-04-03T02:43:04.620+0600][78.439s][info][gc,start       ] GC(383) Pause Young (Concurrent Start) (G1 Humongous Allocation)
[2026-04-03T02:43:04.620+0600][78.439s][info][gc,task        ] GC(383) Using 10 workers of 10 for evacuation
[2026-04-03T02:43:04.625+0600][78.444s][info][gc,phases      ] GC(383)   Pre Evacuate Collection Set: 0.62ms
[2026-04-03T02:43:04.625+0600][78.444s][info][gc,phases      ] GC(383)   Merge Heap Roots: 0.14ms
[2026-04-03T02:43:04.625+0600][78.444s][info][gc,phases      ] GC(383)   Evacuate Collection Set: 2.36ms
[2026-04-03T02:43:04.625+0600][78.444s][info][gc,phases      ] GC(383)   Post Evacuate Collection Set: 0.69ms
[2026-04-03T02:43:04.625+0600][78.444s][info][gc,phases      ] GC(383)   Other: 0.33ms
[2026-04-03T02:43:04.625+0600][78.444s][info][gc,heap        ] GC(383) Eden regions: 12->0(315)
[2026-04-03T02:43:04.625+0600][78.444s][info][gc,heap        ] GC(383) Survivor regions: 6->7(41)
[2026-04-03T02:43:04.625+0600][78.444s][info][gc,heap        ] GC(383) Old regions: 87->87
[2026-04-03T02:43:04.625+0600][78.444s][info][gc,heap        ] GC(383) Humongous regions: 8->8
[2026-04-03T02:43:04.625+0600][78.444s][info][gc,metaspace   ] GC(383) Metaspace: 131571K(132992K)->131571K(132992K) NonClass: 115101K(115840K)->115101K(115840K) Class: 16469K(17152K)->16469K(17152K)
[2026-04-03T02:43:04.625+0600][78.444s][info][gc             ] GC(383) Pause Young (Concurrent Start) (G1 Humongous Allocation) 111M->100M(538M) 4.523ms
[2026-04-03T02:43:04.625+0600][78.444s][info][gc,cpu         ] GC(383) User=0.02s Sys=0.00s Real=0.00s
[2026-04-03T02:43:04.625+0600][78.444s][info][gc             ] GC(384) Concurrent Mark Cycle
[2026-04-03T02:43:04.625+0600][78.444s][info][gc,marking     ] GC(384) Concurrent Scan Root Regions
[2026-04-03T02:43:04.628+0600][78.447s][info][gc,marking     ] GC(384) Concurrent Scan Root Regions 2.751ms
[2026-04-03T02:43:04.628+0600][78.447s][info][gc,marking     ] GC(384) Concurrent Mark
[2026-04-03T02:43:04.628+0600][78.447s][info][gc,marking     ] GC(384) Concurrent Mark From Roots
[2026-04-03T02:43:04.628+0600][78.447s][info][gc,task        ] GC(384) Using 3 workers of 3 for marking
[2026-04-03T02:43:04.717+0600][78.536s][info][gc,marking     ] GC(384) Concurrent Mark From Roots 89.138ms
[2026-04-03T02:43:04.717+0600][78.536s][info][gc,marking     ] GC(384) Concurrent Preclean
[2026-04-03T02:43:04.718+0600][78.537s][info][gc,marking     ] GC(384) Concurrent Preclean 0.571ms
[2026-04-03T02:43:04.718+0600][78.537s][info][gc,start       ] GC(384) Pause Remark
[2026-04-03T02:43:04.727+0600][78.546s][info][gc             ] GC(384) Pause Remark 219M->219M(534M) 8.419ms
[2026-04-03T02:43:04.727+0600][78.546s][info][gc,cpu         ] GC(384) User=0.06s Sys=0.00s Real=0.01s
[2026-04-03T02:43:04.727+0600][78.546s][info][gc,marking     ] GC(384) Concurrent Mark 99.019ms
[2026-04-03T02:43:04.727+0600][78.546s][info][gc,marking     ] GC(384) Concurrent Rebuild Remembered Sets and Scrub Regions
[2026-04-03T02:43:04.767+0600][78.586s][info][gc,marking     ] GC(384) Concurrent Rebuild Remembered Sets and Scrub Regions 39.860ms
[2026-04-03T02:43:04.767+0600][78.586s][info][gc,start       ] GC(384) Pause Cleanup
[2026-04-03T02:43:04.768+0600][78.587s][info][gc             ] GC(384) Pause Cleanup 269M->269M(534M) 0.292ms
[2026-04-03T02:43:04.768+0600][78.587s][info][gc,cpu         ] GC(384) User=0.00s Sys=0.00s Real=0.00s
[2026-04-03T02:43:04.768+0600][78.587s][info][gc,marking     ] GC(384) Concurrent Clear Claimed Marks
[2026-04-03T02:43:04.768+0600][78.587s][info][gc,marking     ] GC(384) Concurrent Clear Claimed Marks 0.360ms
[2026-04-03T02:43:04.768+0600][78.587s][info][gc,marking     ] GC(384) Concurrent Cleanup for Next Mark
[2026-04-03T02:43:04.769+0600][78.588s][info][gc,marking     ] GC(384) Concurrent Cleanup for Next Mark 1.056ms
[2026-04-03T02:43:04.769+0600][78.588s][info][gc             ] GC(384) Concurrent Mark Cycle 144.286ms
[2026-04-03T02:43:04.939+0600][78.758s][info][gc,start       ] GC(385) Pause Young (Prepare Mixed) (GCLocker Initiated GC)
[2026-04-03T02:43:04.939+0600][78.758s][info][gc,task        ] GC(385) Using 10 workers of 10 for evacuation
[2026-04-03T02:43:04.944+0600][78.763s][info][gc,phases      ] GC(385)   Pre Evacuate Collection Set: 0.40ms
[2026-04-03T02:43:04.944+0600][78.763s][info][gc,phases      ] GC(385)   Merge Heap Roots: 0.28ms
[2026-04-03T02:43:04.944+0600][78.763s][info][gc,phases      ] GC(385)   Evacuate Collection Set: 3.96ms
[2026-04-03T02:43:04.944+0600][78.763s][info][gc,phases      ] GC(385)   Post Evacuate Collection Set: 0.72ms
[2026-04-03T02:43:04.944+0600][78.763s][info][gc,phases      ] GC(385)   Other: 0.12ms
[2026-04-03T02:43:04.944+0600][78.763s][info][gc,heap        ] GC(385) Eden regions: 241->0(320)
[2026-04-03T02:43:04.944+0600][78.764s][info][gc,heap        ] GC(385) Survivor regions: 7->8(40)
[2026-04-03T02:43:04.944+0600][78.764s][info][gc,heap        ] GC(385) Old regions: 87->88
[2026-04-03T02:43:04.944+0600][78.764s][info][gc,heap        ] GC(385) Humongous regions: 203->10
[2026-04-03T02:43:04.945+0600][78.764s][info][gc,metaspace   ] GC(385) Metaspace: 131572K(132992K)->131572K(132992K) NonClass: 115102K(115840K)->115102K(115840K) Class: 16469K(17152K)->16469K(17152K)
[2026-04-03T02:43:04.945+0600][78.764s][info][gc             ] GC(385) Pause Young (Prepare Mixed) (GCLocker Initiated GC) 536M->103M(547M) 5.802ms
[2026-04-03T02:43:04.945+0600][78.764s][info][gc,cpu         ] GC(385) User=0.05s Sys=0.01s Real=0.01s
[2026-04-03T02:43:05.263+0600][79.082s][info][gc,start       ] GC(386) Pause Young (Mixed) (G1 Evacuation Pause)
[2026-04-03T02:43:05.263+0600][79.082s][info][gc,task        ] GC(386) Using 10 workers of 10 for evacuation
[2026-04-03T02:43:05.267+0600][79.086s][info][gc,phases      ] GC(386)   Pre Evacuate Collection Set: 0.41ms
[2026-04-03T02:43:05.267+0600][79.086s][info][gc,phases      ] GC(386)   Merge Heap Roots: 0.15ms
[2026-04-03T02:43:05.267+0600][79.086s][info][gc,phases      ] GC(386)   Evacuate Collection Set: 2.89ms
[2026-04-03T02:43:05.267+0600][79.086s][info][gc,phases      ] GC(386)   Post Evacuate Collection Set: 0.64ms
[2026-04-03T02:43:05.267+0600][79.086s][info][gc,phases      ] GC(386)   Other: 0.10ms
[2026-04-03T02:43:05.267+0600][79.086s][info][gc,heap        ] GC(386) Eden regions: 248->0(335)
[2026-04-03T02:43:05.267+0600][79.086s][info][gc,heap        ] GC(386) Survivor regions: 8->6(42)
[2026-04-03T02:43:05.267+0600][79.086s][info][gc,heap        ] GC(386) Old regions: 88->87
[2026-04-03T02:43:05.267+0600][79.086s][info][gc,heap        ] GC(386) Humongous regions: 219->8
[2026-04-03T02:43:05.267+0600][79.086s][info][gc,metaspace   ] GC(386) Metaspace: 131574K(132992K)->131574K(132992K) NonClass: 115104K(115840K)->115104K(115840K) Class: 16469K(17152K)->16469K(17152K)
[2026-04-03T02:43:05.267+0600][79.086s][info][gc             ] GC(386) Pause Young (Mixed) (G1 Evacuation Pause) 560M->99M(569M) 4.479ms
[2026-04-03T02:43:05.268+0600][79.087s][info][gc,cpu         ] GC(386) User=0.03s Sys=0.00s Real=0.00s
[2026-04-03T02:43:05.291+0600][79.110s][info][gc,start       ] GC(387) Pause Young (Concurrent Start) (G1 Humongous Allocation)
[2026-04-03T02:43:05.291+0600][79.110s][info][gc,task        ] GC(387) Using 10 workers of 10 for evacuation
[2026-04-03T02:43:05.295+0600][79.114s][info][gc,phases      ] GC(387)   Pre Evacuate Collection Set: 0.45ms
[2026-04-03T02:43:05.295+0600][79.114s][info][gc,phases      ] GC(387)   Merge Heap Roots: 0.18ms
[2026-04-03T02:43:05.295+0600][79.114s][info][gc,phases      ] GC(387)   Evacuate Collection Set: 2.16ms
[2026-04-03T02:43:05.295+0600][79.114s][info][gc,phases      ] GC(387)   Post Evacuate Collection Set: 0.55ms
[2026-04-03T02:43:05.295+0600][79.114s][info][gc,phases      ] GC(387)   Other: 0.23ms
[2026-04-03T02:43:05.295+0600][79.114s][info][gc,heap        ] GC(387) Eden regions: 18->0(335)
[2026-04-03T02:43:05.295+0600][79.114s][info][gc,heap        ] GC(387) Survivor regions: 6->6(43)
[2026-04-03T02:43:05.295+0600][79.114s][info][gc,heap        ] GC(387) Old regions: 87->87
[2026-04-03T02:43:05.295+0600][79.114s][info][gc,heap        ] GC(387) Humongous regions: 8->8
[2026-04-03T02:43:05.295+0600][79.114s][info][gc,metaspace   ] GC(387) Metaspace: 131576K(132992K)->131576K(132992K) NonClass: 115106K(115840K)->115106K(115840K) Class: 16469K(17152K)->16469K(17152K)
[2026-04-03T02:43:05.295+0600][79.114s][info][gc             ] GC(387) Pause Young (Concurrent Start) (G1 Humongous Allocation) 117M->100M(569M) 3.909ms
[2026-04-03T02:43:05.295+0600][79.114s][info][gc             ] GC(388) Concurrent Mark Cycle
[2026-04-03T02:43:05.295+0600][79.114s][info][gc,marking     ] GC(388) Concurrent Scan Root Regions
[2026-04-03T02:43:05.295+0600][79.114s][info][gc,cpu         ] GC(387) User=0.03s Sys=0.00s Real=0.00s
[2026-04-03T02:43:05.298+0600][79.117s][info][gc,marking     ] GC(388) Concurrent Scan Root Regions 3.302ms
[2026-04-03T02:43:05.298+0600][79.117s][info][gc,marking     ] GC(388) Concurrent Mark
[2026-04-03T02:43:05.298+0600][79.117s][info][gc,marking     ] GC(388) Concurrent Mark From Roots
[2026-04-03T02:43:05.298+0600][79.117s][info][gc,task        ] GC(388) Using 3 workers of 3 for marking
[2026-04-03T02:43:05.366+0600][79.185s][info][gc,marking     ] GC(388) Concurrent Mark From Roots 67.418ms
[2026-04-03T02:43:05.366+0600][79.185s][info][gc,marking     ] GC(388) Concurrent Preclean
[2026-04-03T02:43:05.366+0600][79.185s][info][gc,marking     ] GC(388) Concurrent Preclean 0.389ms
[2026-04-03T02:43:05.366+0600][79.185s][info][gc,start       ] GC(388) Pause Remark
[2026-04-03T02:43:05.374+0600][79.193s][info][gc             ] GC(388) Pause Remark 140M->140M(407M) 7.438ms
[2026-04-03T02:43:05.374+0600][79.193s][info][gc,cpu         ] GC(388) User=0.05s Sys=0.01s Real=0.01s
[2026-04-03T02:43:05.374+0600][79.193s][info][gc,marking     ] GC(388) Concurrent Mark 75.889ms
[2026-04-03T02:43:05.374+0600][79.193s][info][gc,marking     ] GC(388) Concurrent Rebuild Remembered Sets and Scrub Regions
[2026-04-03T02:43:05.402+0600][79.221s][info][gc,marking     ] GC(388) Concurrent Rebuild Remembered Sets and Scrub Regions 28.103ms
[2026-04-03T02:43:05.403+0600][79.222s][info][gc,start       ] GC(388) Pause Cleanup
[2026-04-03T02:43:05.403+0600][79.222s][info][gc             ] GC(388) Pause Cleanup 152M->152M(407M) 0.249ms
[2026-04-03T02:43:05.403+0600][79.222s][info][gc,cpu         ] GC(388) User=0.00s Sys=0.00s Real=0.00s
[2026-04-03T02:43:05.403+0600][79.222s][info][gc,marking     ] GC(388) Concurrent Clear Claimed Marks
[2026-04-03T02:43:05.403+0600][79.222s][info][gc,marking     ] GC(388) Concurrent Clear Claimed Marks 0.298ms
[2026-04-03T02:43:05.403+0600][79.222s][info][gc,marking     ] GC(388) Concurrent Cleanup for Next Mark
[2026-04-03T02:43:05.404+0600][79.223s][info][gc,marking     ] GC(388) Concurrent Cleanup for Next Mark 0.476ms
[2026-04-03T02:43:05.404+0600][79.223s][info][gc             ] GC(388) Concurrent Mark Cycle 109.052ms
[2026-04-03T02:43:05.706+0600][79.525s][info][gc,start       ] GC(389) Pause Young (Prepare Mixed) (G1 Evacuation Pause)
[2026-04-03T02:43:05.706+0600][79.525s][info][gc,task        ] GC(389) Using 10 workers of 10 for evacuation
[2026-04-03T02:43:05.709+0600][79.528s][info][gc,phases      ] GC(389)   Pre Evacuate Collection Set: 0.22ms
[2026-04-03T02:43:05.709+0600][79.528s][info][gc,phases      ] GC(389)   Merge Heap Roots: 0.20ms
[2026-04-03T02:43:05.709+0600][79.529s][info][gc,phases      ] GC(389)   Evacuate Collection Set: 2.51ms
[2026-04-03T02:43:05.709+0600][79.529s][info][gc,phases      ] GC(389)   Post Evacuate Collection Set: 0.53ms
[2026-04-03T02:43:05.710+0600][79.529s][info][gc,phases      ] GC(389)   Other: 0.08ms
[2026-04-03T02:43:05.710+0600][79.529s][info][gc,heap        ] GC(389) Eden regions: 226->0(247)
[2026-04-03T02:43:05.710+0600][79.529s][info][gc,heap        ] GC(389) Survivor regions: 6->6(31)
[2026-04-03T02:43:05.710+0600][79.529s][info][gc,heap        ] GC(389) Old regions: 87->88
[2026-04-03T02:43:05.710+0600][79.529s][info][gc,heap        ] GC(389) Humongous regions: 97->8
[2026-04-03T02:43:05.710+0600][79.529s][info][gc,metaspace   ] GC(389) Metaspace: 131608K(133056K)->131608K(133056K) NonClass: 115132K(115904K)->115132K(115904K) Class: 16476K(17152K)->16476K(17152K)
[2026-04-03T02:43:05.710+0600][79.529s][info][gc             ] GC(389) Pause Young (Prepare Mixed) (G1 Evacuation Pause) 415M->99M(423M) 3.754ms
[2026-04-03T02:43:05.710+0600][79.529s][info][gc,cpu         ] GC(389) User=0.03s Sys=0.00s Real=0.00s
[2026-04-03T02:43:05.910+0600][79.729s][info][gc,start       ] GC(390) Pause Young (Mixed) (G1 Evacuation Pause)
[2026-04-03T02:43:05.910+0600][79.729s][info][gc,task        ] GC(390) Using 10 workers of 10 for evacuation
[2026-04-03T02:43:05.914+0600][79.733s][info][gc,phases      ] GC(390)   Pre Evacuate Collection Set: 0.34ms
[2026-04-03T02:43:05.914+0600][79.733s][info][gc,phases      ] GC(390)   Merge Heap Roots: 0.14ms
[2026-04-03T02:43:05.914+0600][79.733s][info][gc,phases      ] GC(390)   Evacuate Collection Set: 2.74ms
[2026-04-03T02:43:05.914+0600][79.733s][info][gc,phases      ] GC(390)   Post Evacuate Collection Set: 0.61ms
[2026-04-03T02:43:05.914+0600][79.733s][info][gc,phases      ] GC(390)   Other: 0.10ms
[2026-04-03T02:43:05.914+0600][79.733s][info][gc,heap        ] GC(390) Eden regions: 187->0(259)
[2026-04-03T02:43:05.914+0600][79.733s][info][gc,heap        ] GC(390) Survivor regions: 6->6(32)
[2026-04-03T02:43:05.914+0600][79.733s][info][gc,heap        ] GC(390) Old regions: 88->87
[2026-04-03T02:43:05.914+0600][79.733s][info][gc,heap        ] GC(390) Humongous regions: 155->8
[2026-04-03T02:43:05.914+0600][79.733s][info][gc,metaspace   ] GC(390) Metaspace: 131608K(133056K)->131608K(133056K) NonClass: 115132K(115904K)->115132K(115904K) Class: 16476K(17152K)->16476K(17152K)
[2026-04-03T02:43:05.914+0600][79.733s][info][gc             ] GC(390) Pause Young (Mixed) (G1 Evacuation Pause) 433M->99M(442M) 4.237ms
[2026-04-03T02:43:05.914+0600][79.733s][info][gc,cpu         ] GC(390) User=0.02s Sys=0.01s Real=0.00s
[2026-04-03T02:43:05.928+0600][79.747s][info][gc,start       ] GC(391) Pause Young (Concurrent Start) (G1 Humongous Allocation)
[2026-04-03T02:43:05.928+0600][79.747s][info][gc,task        ] GC(391) Using 10 workers of 10 for evacuation
[2026-04-03T02:43:05.932+0600][79.751s][info][gc,phases      ] GC(391)   Pre Evacuate Collection Set: 0.43ms
[2026-04-03T02:43:05.932+0600][79.751s][info][gc,phases      ] GC(391)   Merge Heap Roots: 0.17ms
[2026-04-03T02:43:05.932+0600][79.751s][info][gc,phases      ] GC(391)   Evacuate Collection Set: 2.75ms
[2026-04-03T02:43:05.932+0600][79.751s][info][gc,phases      ] GC(391)   Post Evacuate Collection Set: 0.64ms
[2026-04-03T02:43:05.932+0600][79.751s][info][gc,phases      ] GC(391)   Other: 0.23ms
[2026-04-03T02:43:05.932+0600][79.751s][info][gc,heap        ] GC(391) Eden regions: 14->0(259)
[2026-04-03T02:43:05.932+0600][79.751s][info][gc,heap        ] GC(391) Survivor regions: 6->6(34)
[2026-04-03T02:43:05.932+0600][79.751s][info][gc,heap        ] GC(391) Old regions: 87->87
[2026-04-03T02:43:05.932+0600][79.751s][info][gc,heap        ] GC(391) Humongous regions: 8->8
[2026-04-03T02:43:05.932+0600][79.751s][info][gc,metaspace   ] GC(391) Metaspace: 131608K(133056K)->131608K(133056K) NonClass: 115132K(115904K)->115132K(115904K) Class: 16476K(17152K)->16476K(17152K)
[2026-04-03T02:43:05.932+0600][79.751s][info][gc             ] GC(391) Pause Young (Concurrent Start) (G1 Humongous Allocation) 112M->99M(442M) 4.525ms
[2026-04-03T02:43:05.932+0600][79.751s][info][gc             ] GC(392) Concurrent Mark Cycle
[2026-04-03T02:43:05.932+0600][79.751s][info][gc,marking     ] GC(392) Concurrent Scan Root Regions
[2026-04-03T02:43:05.932+0600][79.751s][info][gc,cpu         ] GC(391) User=0.03s Sys=0.00s Real=0.01s
[2026-04-03T02:43:05.934+0600][79.753s][info][gc,marking     ] GC(392) Concurrent Scan Root Regions 1.864ms
[2026-04-03T02:43:05.934+0600][79.753s][info][gc,marking     ] GC(392) Concurrent Mark
[2026-04-03T02:43:05.934+0600][79.753s][info][gc,marking     ] GC(392) Concurrent Mark From Roots
[2026-04-03T02:43:05.934+0600][79.753s][info][gc,task        ] GC(392) Using 3 workers of 3 for marking
[2026-04-03T02:43:06.014+0600][79.833s][info][gc,marking     ] GC(392) Concurrent Mark From Roots 80.261ms
[2026-04-03T02:43:06.015+0600][79.834s][info][gc,marking     ] GC(392) Concurrent Preclean
[2026-04-03T02:43:06.015+0600][79.834s][info][gc,marking     ] GC(392) Concurrent Preclean 0.784ms
[2026-04-03T02:43:06.016+0600][79.835s][info][gc,start       ] GC(392) Pause Remark
[2026-04-03T02:43:06.025+0600][79.844s][info][gc             ] GC(392) Pause Remark 202M->202M(442M) 9.462ms
[2026-04-03T02:43:06.025+0600][79.844s][info][gc,cpu         ] GC(392) User=0.07s Sys=0.01s Real=0.01s
[2026-04-03T02:43:06.026+0600][79.845s][info][gc,marking     ] GC(392) Concurrent Mark 91.897ms
[2026-04-03T02:43:06.026+0600][79.845s][info][gc,marking     ] GC(392) Concurrent Rebuild Remembered Sets and Scrub Regions
[2026-04-03T02:43:06.065+0600][79.884s][info][gc,marking     ] GC(392) Concurrent Rebuild Remembered Sets and Scrub Regions 38.502ms
[2026-04-03T02:43:06.065+0600][79.884s][info][gc,start       ] GC(392) Pause Cleanup
[2026-04-03T02:43:06.065+0600][79.884s][info][gc             ] GC(392) Pause Cleanup 253M->253M(442M) 0.359ms
[2026-04-03T02:43:06.066+0600][79.885s][info][gc,cpu         ] GC(392) User=0.00s Sys=0.00s Real=0.00s
[2026-04-03T02:43:06.066+0600][79.885s][info][gc,marking     ] GC(392) Concurrent Clear Claimed Marks
[2026-04-03T02:43:06.066+0600][79.885s][info][gc,marking     ] GC(392) Concurrent Clear Claimed Marks 0.510ms
[2026-04-03T02:43:06.066+0600][79.885s][info][gc,marking     ] GC(392) Concurrent Cleanup for Next Mark
[2026-04-03T02:43:06.068+0600][79.887s][info][gc,marking     ] GC(392) Concurrent Cleanup for Next Mark 1.447ms
[2026-04-03T02:43:06.068+0600][79.887s][info][gc             ] GC(392) Concurrent Mark Cycle 135.566ms
[2026-04-03T02:43:06.176+0600][79.995s][info][gc,start       ] GC(393) Pause Young (Prepare Mixed) (GCLocker Initiated GC)
[2026-04-03T02:43:06.177+0600][79.996s][info][gc,task        ] GC(393) Using 10 workers of 10 for evacuation
[2026-04-03T02:43:06.183+0600][80.002s][info][gc,phases      ] GC(393)   Pre Evacuate Collection Set: 0.45ms
[2026-04-03T02:43:06.183+0600][80.002s][info][gc,phases      ] GC(393)   Merge Heap Roots: 0.29ms
[2026-04-03T02:43:06.183+0600][80.002s][info][gc,phases      ] GC(393)   Evacuate Collection Set: 4.92ms
[2026-04-03T02:43:06.183+0600][80.002s][info][gc,phases      ] GC(393)   Post Evacuate Collection Set: 0.63ms
[2026-04-03T02:43:06.183+0600][80.002s][info][gc,phases      ] GC(393)   Other: 0.13ms
[2026-04-03T02:43:06.183+0600][80.002s][info][gc,heap        ] GC(393) Eden regions: 194->0(262)
[2026-04-03T02:43:06.183+0600][80.002s][info][gc,heap        ] GC(393) Survivor regions: 6->8(34)
[2026-04-03T02:43:06.183+0600][80.002s][info][gc,heap        ] GC(393) Old regions: 87->87
[2026-04-03T02:43:06.183+0600][80.002s][info][gc,heap        ] GC(393) Humongous regions: 155->8
[2026-04-03T02:43:06.183+0600][80.002s][info][gc,metaspace   ] GC(393) Metaspace: 131608K(133056K)->131608K(133056K) NonClass: 115132K(115904K)->115132K(115904K) Class: 16476K(17152K)->16476K(17152K)
[2026-04-03T02:43:06.183+0600][80.002s][info][gc             ] GC(393) Pause Young (Prepare Mixed) (GCLocker Initiated GC) 440M->101M(450M) 6.735ms
[2026-04-03T02:43:06.183+0600][80.002s][info][gc,cpu         ] GC(393) User=0.03s Sys=0.02s Real=0.01s
[2026-04-03T02:43:06.470+0600][80.289s][info][gc,start       ] GC(394) Pause Young (Mixed) (G1 Evacuation Pause)
[2026-04-03T02:43:06.470+0600][80.289s][info][gc,task        ] GC(394) Using 10 workers of 10 for evacuation
[2026-04-03T02:43:06.476+0600][80.295s][info][gc,phases      ] GC(394)   Pre Evacuate Collection Set: 0.31ms
[2026-04-03T02:43:06.476+0600][80.295s][info][gc,phases      ] GC(394)   Merge Heap Roots: 0.24ms
[2026-04-03T02:43:06.476+0600][80.295s][info][gc,phases      ] GC(394)   Evacuate Collection Set: 4.39ms
[2026-04-03T02:43:06.476+0600][80.295s][info][gc,phases      ] GC(394)   Post Evacuate Collection Set: 0.70ms
[2026-04-03T02:43:06.476+0600][80.295s][info][gc,phases      ] GC(394)   Other: 0.11ms
[2026-04-03T02:43:06.476+0600][80.295s][info][gc,heap        ] GC(394) Eden regions: 216->0(268)
[2026-04-03T02:43:06.476+0600][80.295s][info][gc,heap        ] GC(394) Survivor regions: 8->8(34)
[2026-04-03T02:43:06.476+0600][80.295s][info][gc,heap        ] GC(394) Old regions: 87->87
[2026-04-03T02:43:06.476+0600][80.295s][info][gc,heap        ] GC(394) Humongous regions: 141->8
[2026-04-03T02:43:06.476+0600][80.295s][info][gc,metaspace   ] GC(394) Metaspace: 131611K(133056K)->131611K(133056K) NonClass: 115135K(115904K)->115135K(115904K) Class: 16476K(17152K)->16476K(17152K)
[2026-04-03T02:43:06.476+0600][80.295s][info][gc             ] GC(394) Pause Young (Mixed) (G1 Evacuation Pause) 450M->101M(461M) 6.044ms
[2026-04-03T02:43:06.476+0600][80.295s][info][gc,cpu         ] GC(394) User=0.04s Sys=0.01s Real=0.00s
[2026-04-03T02:43:06.482+0600][80.301s][info][gc,start       ] GC(395) Pause Young (Concurrent Start) (G1 Humongous Allocation)
[2026-04-03T02:43:06.482+0600][80.301s][info][gc,task        ] GC(395) Using 10 workers of 10 for evacuation
[2026-04-03T02:43:06.485+0600][80.304s][info][gc,phases      ] GC(395)   Pre Evacuate Collection Set: 0.36ms
[2026-04-03T02:43:06.485+0600][80.304s][info][gc,phases      ] GC(395)   Merge Heap Roots: 0.13ms
[2026-04-03T02:43:06.485+0600][80.304s][info][gc,phases      ] GC(395)   Evacuate Collection Set: 2.23ms
[2026-04-03T02:43:06.485+0600][80.304s][info][gc,phases      ] GC(395)   Post Evacuate Collection Set: 0.61ms
[2026-04-03T02:43:06.485+0600][80.304s][info][gc,phases      ] GC(395)   Other: 0.17ms
[2026-04-03T02:43:06.485+0600][80.304s][info][gc,heap        ] GC(395) Eden regions: 7->0(268)
[2026-04-03T02:43:06.485+0600][80.304s][info][gc,heap        ] GC(395) Survivor regions: 8->8(35)
[2026-04-03T02:43:06.485+0600][80.304s][info][gc,heap        ] GC(395) Old regions: 87->87
[2026-04-03T02:43:06.485+0600][80.304s][info][gc,heap        ] GC(395) Humongous regions: 8->8
[2026-04-03T02:43:06.485+0600][80.304s][info][gc,metaspace   ] GC(395) Metaspace: 131611K(133056K)->131611K(133056K) NonClass: 115135K(115904K)->115135K(115904K) Class: 16476K(17152K)->16476K(17152K)
[2026-04-03T02:43:06.485+0600][80.304s][info][gc             ] GC(395) Pause Young (Concurrent Start) (G1 Humongous Allocation) 108M->101M(461M) 3.773ms
[2026-04-03T02:43:06.485+0600][80.304s][info][gc             ] GC(396) Concurrent Mark Cycle
[2026-04-03T02:43:06.485+0600][80.304s][info][gc,marking     ] GC(396) Concurrent Scan Root Regions
[2026-04-03T02:43:06.485+0600][80.304s][info][gc,cpu         ] GC(395) User=0.03s Sys=0.00s Real=0.00s
[2026-04-03T02:43:06.488+0600][80.307s][info][gc,marking     ] GC(396) Concurrent Scan Root Regions 2.088ms
[2026-04-03T02:43:06.488+0600][80.307s][info][gc,marking     ] GC(396) Concurrent Mark
[2026-04-03T02:43:06.488+0600][80.307s][info][gc,marking     ] GC(396) Concurrent Mark From Roots
[2026-04-03T02:43:06.488+0600][80.307s][info][gc,task        ] GC(396) Using 3 workers of 3 for marking
[2026-04-03T02:43:06.569+0600][80.388s][info][gc,marking     ] GC(396) Concurrent Mark From Roots 81.216ms
[2026-04-03T02:43:06.569+0600][80.388s][info][gc,marking     ] GC(396) Concurrent Preclean
[2026-04-03T02:43:06.570+0600][80.389s][info][gc,marking     ] GC(396) Concurrent Preclean 0.706ms
[2026-04-03T02:43:06.570+0600][80.389s][info][gc,start       ] GC(396) Pause Remark
[2026-04-03T02:43:06.579+0600][80.398s][info][gc             ] GC(396) Pause Remark 186M->186M(387M) 9.380ms
[2026-04-03T02:43:06.580+0600][80.399s][info][gc,cpu         ] GC(396) User=0.07s Sys=0.00s Real=0.00s
[2026-04-03T02:43:06.580+0600][80.399s][info][gc,marking     ] GC(396) Concurrent Mark 92.193ms
[2026-04-03T02:43:06.580+0600][80.399s][info][gc,marking     ] GC(396) Concurrent Rebuild Remembered Sets and Scrub Regions
[2026-04-03T02:43:06.618+0600][80.437s][info][gc,marking     ] GC(396) Concurrent Rebuild Remembered Sets and Scrub Regions 38.285ms
[2026-04-03T02:43:06.619+0600][80.438s][info][gc,start       ] GC(396) Pause Cleanup
[2026-04-03T02:43:06.619+0600][80.438s][info][gc             ] GC(396) Pause Cleanup 237M->237M(387M) 0.383ms
[2026-04-03T02:43:06.619+0600][80.438s][info][gc,cpu         ] GC(396) User=0.00s Sys=0.00s Real=0.00s
[2026-04-03T02:43:06.619+0600][80.438s][info][gc,marking     ] GC(396) Concurrent Clear Claimed Marks
[2026-04-03T02:43:06.620+0600][80.439s][info][gc,marking     ] GC(396) Concurrent Clear Claimed Marks 0.594ms
[2026-04-03T02:43:06.620+0600][80.439s][info][gc,marking     ] GC(396) Concurrent Cleanup for Next Mark
[2026-04-03T02:43:06.621+0600][80.440s][info][gc,marking     ] GC(396) Concurrent Cleanup for Next Mark 0.744ms
[2026-04-03T02:43:06.621+0600][80.440s][info][gc             ] GC(396) Concurrent Mark Cycle 135.398ms
[2026-04-03T02:43:06.756+0600][80.575s][info][gc,start       ] GC(397) Pause Young (Prepare Mixed) (G1 Evacuation Pause)
[2026-04-03T02:43:06.757+0600][80.576s][info][gc,task        ] GC(397) Using 9 workers of 10 for evacuation
[2026-04-03T02:43:06.761+0600][80.580s][info][gc,phases      ] GC(397)   Pre Evacuate Collection Set: 0.41ms
[2026-04-03T02:43:06.761+0600][80.580s][info][gc,phases      ] GC(397)   Merge Heap Roots: 0.19ms
[2026-04-03T02:43:06.761+0600][80.580s][info][gc,phases      ] GC(397)   Evacuate Collection Set: 3.62ms
[2026-04-03T02:43:06.761+0600][80.580s][info][gc,phases      ] GC(397)   Post Evacuate Collection Set: 0.51ms
[2026-04-03T02:43:06.761+0600][80.580s][info][gc,phases      ] GC(397)   Other: 0.08ms
[2026-04-03T02:43:06.761+0600][80.580s][info][gc,heap        ] GC(397) Eden regions: 220->0(233)
[2026-04-03T02:43:06.761+0600][80.580s][info][gc,heap        ] GC(397) Survivor regions: 8->6(29)
[2026-04-03T02:43:06.761+0600][80.580s][info][gc,heap        ] GC(397) Old regions: 87->88
[2026-04-03T02:43:06.761+0600][80.580s][info][gc,heap        ] GC(397) Humongous regions: 77->8
[2026-04-03T02:43:06.761+0600][80.581s][info][gc,metaspace   ] GC(397) Metaspace: 131613K(133056K)->131613K(133056K) NonClass: 115136K(115904K)->115136K(115904K) Class: 16476K(17152K)->16476K(17152K)
[2026-04-03T02:43:06.762+0600][80.581s][info][gc             ] GC(397) Pause Young (Prepare Mixed) (G1 Evacuation Pause) 390M->99M(399M) 5.085ms
[2026-04-03T02:43:06.762+0600][80.581s][info][gc,cpu         ] GC(397) User=0.02s Sys=0.01s Real=0.01s
[2026-04-03T02:43:06.817+0600][80.636s][info][gc,start       ] GC(398) Pause Young (Mixed) (G1 Evacuation Pause)
[2026-04-03T02:43:06.817+0600][80.636s][info][gc,task        ] GC(398) Using 10 workers of 10 for evacuation
[2026-04-03T02:43:06.821+0600][80.640s][info][gc,phases      ] GC(398)   Pre Evacuate Collection Set: 0.43ms
[2026-04-03T02:43:06.821+0600][80.640s][info][gc,phases      ] GC(398)   Merge Heap Roots: 0.17ms
[2026-04-03T02:43:06.821+0600][80.640s][info][gc,phases      ] GC(398)   Evacuate Collection Set: 2.63ms
[2026-04-03T02:43:06.821+0600][80.640s][info][gc,phases      ] GC(398)   Post Evacuate Collection Set: 0.57ms
[2026-04-03T02:43:06.821+0600][80.640s][info][gc,phases      ] GC(398)   Other: 0.09ms
[2026-04-03T02:43:06.821+0600][80.640s][info][gc,heap        ] GC(398) Eden regions: 42->0(267)
[2026-04-03T02:43:06.821+0600][80.640s][info][gc,heap        ] GC(398) Survivor regions: 6->6(30)
[2026-04-03T02:43:06.821+0600][80.640s][info][gc,heap        ] GC(398) Old regions: 88->88
[2026-04-03T02:43:06.821+0600][80.640s][info][gc,heap        ] GC(398) Humongous regions: 313->18
[2026-04-03T02:43:06.821+0600][80.640s][info][gc,metaspace   ] GC(398) Metaspace: 131613K(133056K)->131613K(133056K) NonClass: 115137K(115904K)->115137K(115904K) Class: 16476K(17152K)->16476K(17152K)
[2026-04-03T02:43:06.821+0600][80.640s][info][gc             ] GC(398) Pause Young (Mixed) (G1 Evacuation Pause) 446M->109M(456M) 4.168ms
[2026-04-03T02:43:06.821+0600][80.640s][info][gc,cpu         ] GC(398) User=0.02s Sys=0.01s Real=0.01s
[2026-04-03T02:43:06.822+0600][80.641s][info][gc,start       ] GC(399) Pause Young (Concurrent Start) (G1 Humongous Allocation)
[2026-04-03T02:43:06.822+0600][80.641s][info][gc,task        ] GC(399) Using 10 workers of 10 for evacuation
[2026-04-03T02:43:06.825+0600][80.644s][info][gc,phases      ] GC(399)   Pre Evacuate Collection Set: 0.31ms
[2026-04-03T02:43:06.825+0600][80.644s][info][gc,phases      ] GC(399)   Merge Heap Roots: 0.08ms
[2026-04-03T02:43:06.825+0600][80.644s][info][gc,phases      ] GC(399)   Evacuate Collection Set: 1.59ms
[2026-04-03T02:43:06.825+0600][80.644s][info][gc,phases      ] GC(399)   Post Evacuate Collection Set: 0.40ms
[2026-04-03T02:43:06.825+0600][80.644s][info][gc,phases      ] GC(399)   Other: 0.09ms
[2026-04-03T02:43:06.825+0600][80.644s][info][gc,heap        ] GC(399) Eden regions: 2->0(267)
[2026-04-03T02:43:06.825+0600][80.644s][info][gc,heap        ] GC(399) Survivor regions: 6->6(35)
[2026-04-03T02:43:06.825+0600][80.644s][info][gc,heap        ] GC(399) Old regions: 88->88
[2026-04-03T02:43:06.825+0600][80.644s][info][gc,heap        ] GC(399) Humongous regions: 18->8
[2026-04-03T02:43:06.825+0600][80.644s][info][gc,metaspace   ] GC(399) Metaspace: 131613K(133056K)->131613K(133056K) NonClass: 115137K(115904K)->115137K(115904K) Class: 16476K(17152K)->16476K(17152K)
[2026-04-03T02:43:06.825+0600][80.644s][info][gc             ] GC(399) Pause Young (Concurrent Start) (G1 Humongous Allocation) 111M->99M(456M) 2.771ms
[2026-04-03T02:43:06.825+0600][80.644s][info][gc             ] GC(400) Concurrent Mark Cycle
[2026-04-03T02:43:06.825+0600][80.644s][info][gc,marking     ] GC(400) Concurrent Scan Root Regions
[2026-04-03T02:43:06.825+0600][80.644s][info][gc,cpu         ] GC(399) User=0.02s Sys=0.00s Real=0.00s
[2026-04-03T02:43:06.827+0600][80.646s][info][gc,marking     ] GC(400) Concurrent Scan Root Regions 1.781ms
[2026-04-03T02:43:06.827+0600][80.646s][info][gc,marking     ] GC(400) Concurrent Mark
[2026-04-03T02:43:06.827+0600][80.646s][info][gc,marking     ] GC(400) Concurrent Mark From Roots
[2026-04-03T02:43:06.827+0600][80.646s][info][gc,task        ] GC(400) Using 3 workers of 3 for marking
[2026-04-03T02:43:06.899+0600][80.718s][info][gc,marking     ] GC(400) Concurrent Mark From Roots 72.114ms
[2026-04-03T02:43:06.899+0600][80.718s][info][gc,marking     ] GC(400) Concurrent Preclean
[2026-04-03T02:43:06.899+0600][80.718s][info][gc,marking     ] GC(400) Concurrent Preclean 0.456ms
[2026-04-03T02:43:06.900+0600][80.719s][info][gc,start       ] GC(400) Pause Remark
[2026-04-03T02:43:06.910+0600][80.729s][info][gc             ] GC(400) Pause Remark 202M->202M(456M) 9.645ms
[2026-04-03T02:43:06.910+0600][80.729s][info][gc,cpu         ] GC(400) User=0.07s Sys=0.00s Real=0.01s
[2026-04-03T02:43:06.910+0600][80.729s][info][gc,marking     ] GC(400) Concurrent Mark 83.083ms
[2026-04-03T02:43:06.910+0600][80.729s][info][gc,marking     ] GC(400) Concurrent Rebuild Remembered Sets and Scrub Regions
[2026-04-03T02:43:06.946+0600][80.765s][info][gc,marking     ] GC(400) Concurrent Rebuild Remembered Sets and Scrub Regions 36.453ms
[2026-04-03T02:43:06.952+0600][80.771s][info][gc,start       ] GC(400) Pause Cleanup
[2026-04-03T02:43:06.953+0600][80.772s][info][gc             ] GC(400) Pause Cleanup 479M->479M(484M) 0.414ms
[2026-04-03T02:43:06.953+0600][80.772s][info][gc,cpu         ] GC(400) User=0.00s Sys=0.00s Real=0.00s
[2026-04-03T02:43:06.953+0600][80.772s][info][gc,marking     ] GC(400) Concurrent Clear Claimed Marks
[2026-04-03T02:43:06.953+0600][80.772s][info][gc,marking     ] GC(400) Concurrent Clear Claimed Marks 0.349ms
[2026-04-03T02:43:06.953+0600][80.772s][info][gc,marking     ] GC(400) Concurrent Cleanup for Next Mark
[2026-04-03T02:43:06.955+0600][80.774s][info][gc,marking     ] GC(400) Concurrent Cleanup for Next Mark 1.372ms
[2026-04-03T02:43:06.955+0600][80.774s][info][gc             ] GC(400) Concurrent Mark Cycle 129.849ms
[2026-04-03T02:43:06.967+0600][80.786s][info][gc,start       ] GC(401) Pause Young (Prepare Mixed) (G1 Evacuation Pause)
[2026-04-03T02:43:06.967+0600][80.786s][info][gc,task        ] GC(401) Using 10 workers of 10 for evacuation
[2026-04-03T02:43:06.970+0600][80.789s][info][gc,phases      ] GC(401)   Pre Evacuate Collection Set: 0.29ms
[2026-04-03T02:43:06.970+0600][80.789s][info][gc,phases      ] GC(401)   Merge Heap Roots: 0.14ms
[2026-04-03T02:43:06.970+0600][80.789s][info][gc,phases      ] GC(401)   Evacuate Collection Set: 2.28ms
[2026-04-03T02:43:06.970+0600][80.789s][info][gc,phases      ] GC(401)   Post Evacuate Collection Set: 0.60ms
[2026-04-03T02:43:06.970+0600][80.789s][info][gc,phases      ] GC(401)   Other: 0.11ms
[2026-04-03T02:43:06.970+0600][80.789s][info][gc,heap        ] GC(401) Eden regions: 58->0(310)
[2026-04-03T02:43:06.970+0600][80.789s][info][gc,heap        ] GC(401) Survivor regions: 6->5(35)
[2026-04-03T02:43:06.970+0600][80.789s][info][gc,heap        ] GC(401) Old regions: 88->88
[2026-04-03T02:43:06.970+0600][80.789s][info][gc,heap        ] GC(401) Humongous regions: 369->18
[2026-04-03T02:43:06.970+0600][80.789s][info][gc,metaspace   ] GC(401) Metaspace: 131614K(133056K)->131614K(133056K) NonClass: 115137K(115904K)->115137K(115904K) Class: 16476K(17152K)->16476K(17152K)
[2026-04-03T02:43:06.970+0600][80.789s][info][gc             ] GC(401) Pause Young (Prepare Mixed) (G1 Evacuation Pause) 518M->109M(526M) 3.726ms
[2026-04-03T02:43:06.970+0600][80.790s][info][gc,cpu         ] GC(401) User=0.02s Sys=0.00s Real=0.01s
[2026-04-03T02:43:07.406+0600][81.225s][info][gc,start       ] GC(402) Pause Young (Mixed) (G1 Evacuation Pause)
[2026-04-03T02:43:07.406+0600][81.225s][info][gc,task        ] GC(402) Using 10 workers of 10 for evacuation
[2026-04-03T02:43:07.411+0600][81.230s][info][gc,phases      ] GC(402)   Pre Evacuate Collection Set: 0.40ms
[2026-04-03T02:43:07.411+0600][81.230s][info][gc,phases      ] GC(402)   Merge Heap Roots: 0.25ms
[2026-04-03T02:43:07.411+0600][81.230s][info][gc,phases      ] GC(402)   Evacuate Collection Set: 3.37ms
[2026-04-03T02:43:07.411+0600][81.230s][info][gc,phases      ] GC(402)   Post Evacuate Collection Set: 0.70ms
[2026-04-03T02:43:07.411+0600][81.230s][info][gc,phases      ] GC(402)   Other: 0.12ms
[2026-04-03T02:43:07.411+0600][81.230s][info][gc,heap        ] GC(402) Eden regions: 271->0(316)
[2026-04-03T02:43:07.411+0600][81.230s][info][gc,heap        ] GC(402) Survivor regions: 5->6(40)
[2026-04-03T02:43:07.411+0600][81.230s][info][gc,heap        ] GC(402) Old regions: 88->88
[2026-04-03T02:43:07.411+0600][81.230s][info][gc,heap        ] GC(402) Humongous regions: 167->8
[2026-04-03T02:43:07.411+0600][81.230s][info][gc,metaspace   ] GC(402) Metaspace: 131621K(133056K)->131621K(133056K) NonClass: 115144K(115904K)->115144K(115904K) Class: 16476K(17152K)->16476K(17152K)
[2026-04-03T02:43:07.411+0600][81.230s][info][gc             ] GC(402) Pause Young (Mixed) (G1 Evacuation Pause) 529M->100M(538M) 5.148ms
[2026-04-03T02:43:07.411+0600][81.230s][info][gc,cpu         ] GC(402) User=0.03s Sys=0.00s Real=0.01s
[2026-04-03T02:43:07.423+0600][81.242s][info][gc,start       ] GC(403) Pause Young (Concurrent Start) (GCLocker Initiated GC)
[2026-04-03T02:43:07.424+0600][81.243s][info][gc,task        ] GC(403) Using 10 workers of 10 for evacuation
[2026-04-03T02:43:07.428+0600][81.247s][info][gc,phases      ] GC(403)   Pre Evacuate Collection Set: 0.79ms
[2026-04-03T02:43:07.428+0600][81.247s][info][gc,phases      ] GC(403)   Merge Heap Roots: 0.16ms
[2026-04-03T02:43:07.428+0600][81.247s][info][gc,phases      ] GC(403)   Evacuate Collection Set: 2.52ms
[2026-04-03T02:43:07.428+0600][81.247s][info][gc,phases      ] GC(403)   Post Evacuate Collection Set: 0.63ms
[2026-04-03T02:43:07.428+0600][81.247s][info][gc,phases      ] GC(403)   Other: 0.20ms
[2026-04-03T02:43:07.428+0600][81.247s][info][gc,heap        ] GC(403) Eden regions: 21->0(315)
[2026-04-03T02:43:07.428+0600][81.247s][info][gc,heap        ] GC(403) Survivor regions: 6->7(41)
[2026-04-03T02:43:07.428+0600][81.247s][info][gc,heap        ] GC(403) Old regions: 88->88
[2026-04-03T02:43:07.428+0600][81.247s][info][gc,heap        ] GC(403) Humongous regions: 8->8
[2026-04-03T02:43:07.428+0600][81.247s][info][gc,metaspace   ] GC(403) Metaspace: 131621K(133056K)->131621K(133056K) NonClass: 115144K(115904K)->115144K(115904K) Class: 16476K(17152K)->16476K(17152K)
[2026-04-03T02:43:07.428+0600][81.247s][info][gc             ] GC(403) Pause Young (Concurrent Start) (GCLocker Initiated GC) 120M->100M(538M) 4.627ms
[2026-04-03T02:43:07.428+0600][81.247s][info][gc             ] GC(404) Concurrent Mark Cycle
[2026-04-03T02:43:07.428+0600][81.247s][info][gc,cpu         ] GC(403) User=0.02s Sys=0.00s Real=0.00s
[2026-04-03T02:43:07.428+0600][81.247s][info][gc,marking     ] GC(404) Concurrent Scan Root Regions
[2026-04-03T02:43:07.431+0600][81.250s][info][gc,marking     ] GC(404) Concurrent Scan Root Regions 2.462ms
[2026-04-03T02:43:07.431+0600][81.250s][info][gc,marking     ] GC(404) Concurrent Mark
[2026-04-03T02:43:07.431+0600][81.250s][info][gc,marking     ] GC(404) Concurrent Mark From Roots
[2026-04-03T02:43:07.431+0600][81.250s][info][gc,task        ] GC(404) Using 3 workers of 3 for marking
[2026-04-03T02:43:07.515+0600][81.334s][info][gc,marking     ] GC(404) Concurrent Mark From Roots 83.708ms
[2026-04-03T02:43:07.515+0600][81.334s][info][gc,marking     ] GC(404) Concurrent Preclean
[2026-04-03T02:43:07.515+0600][81.334s][info][gc,marking     ] GC(404) Concurrent Preclean 0.666ms
[2026-04-03T02:43:07.516+0600][81.335s][info][gc,start       ] GC(404) Pause Remark
[2026-04-03T02:43:07.525+0600][81.344s][info][gc             ] GC(404) Pause Remark 208M->208M(510M) 9.281ms
[2026-04-03T02:43:07.525+0600][81.344s][info][gc,cpu         ] GC(404) User=0.07s Sys=0.00s Real=0.01s
[2026-04-03T02:43:07.525+0600][81.344s][info][gc,marking     ] GC(404) Concurrent Mark 94.468ms
[2026-04-03T02:43:07.525+0600][81.344s][info][gc,marking     ] GC(404) Concurrent Rebuild Remembered Sets and Scrub Regions
[2026-04-03T02:43:07.563+0600][81.382s][info][gc,marking     ] GC(404) Concurrent Rebuild Remembered Sets and Scrub Regions 37.425ms
[2026-04-03T02:43:07.563+0600][81.382s][info][gc,start       ] GC(404) Pause Cleanup
[2026-04-03T02:43:07.564+0600][81.383s][info][gc             ] GC(404) Pause Cleanup 250M->250M(510M) 0.415ms
[2026-04-03T02:43:07.564+0600][81.383s][info][gc,cpu         ] GC(404) User=0.00s Sys=0.00s Real=0.00s
[2026-04-03T02:43:07.564+0600][81.383s][info][gc,marking     ] GC(404) Concurrent Clear Claimed Marks
[2026-04-03T02:43:07.564+0600][81.383s][info][gc,marking     ] GC(404) Concurrent Clear Claimed Marks 0.402ms
[2026-04-03T02:43:07.564+0600][81.383s][info][gc,marking     ] GC(404) Concurrent Cleanup for Next Mark
[2026-04-03T02:43:07.566+0600][81.385s][info][gc,marking     ] GC(404) Concurrent Cleanup for Next Mark 1.234ms
[2026-04-03T02:43:07.566+0600][81.385s][info][gc             ] GC(404) Concurrent Mark Cycle 137.417ms
[2026-04-03T02:43:07.732+0600][81.551s][info][gc,start       ] GC(405) Pause Young (Prepare Mixed) (G1 Evacuation Pause)
[2026-04-03T02:43:07.732+0600][81.551s][info][gc,task        ] GC(405) Using 10 workers of 10 for evacuation
[2026-04-03T02:43:07.738+0600][81.557s][info][gc,phases      ] GC(405)   Pre Evacuate Collection Set: 0.41ms
[2026-04-03T02:43:07.738+0600][81.557s][info][gc,phases      ] GC(405)   Merge Heap Roots: 0.21ms
[2026-04-03T02:43:07.738+0600][81.557s][info][gc,phases      ] GC(405)   Evacuate Collection Set: 3.79ms
[2026-04-03T02:43:07.738+0600][81.557s][info][gc,phases      ] GC(405)   Post Evacuate Collection Set: 0.72ms
[2026-04-03T02:43:07.738+0600][81.557s][info][gc,phases      ] GC(405)   Other: 0.11ms
[2026-04-03T02:43:07.738+0600][81.557s][info][gc,heap        ] GC(405) Eden regions: 223->0(306)
[2026-04-03T02:43:07.738+0600][81.557s][info][gc,heap        ] GC(405) Survivor regions: 7->7(39)
[2026-04-03T02:43:07.738+0600][81.557s][info][gc,heap        ] GC(405) Old regions: 88->89
[2026-04-03T02:43:07.738+0600][81.557s][info][gc,heap        ] GC(405) Humongous regions: 197->8
[2026-04-03T02:43:07.738+0600][81.557s][info][gc,metaspace   ] GC(405) Metaspace: 131621K(133056K)->131621K(133056K) NonClass: 115144K(115904K)->115144K(115904K) Class: 16476K(17152K)->16476K(17152K)
[2026-04-03T02:43:07.738+0600][81.557s][info][gc             ] GC(405) Pause Young (Prepare Mixed) (G1 Evacuation Pause) 512M->101M(523M) 5.540ms
[2026-04-03T02:43:07.738+0600][81.557s][info][gc,cpu         ] GC(405) User=0.03s Sys=0.01s Real=0.00s
[2026-04-03T02:43:08.012+0600][81.831s][info][gc,start       ] GC(406) Pause Young (Mixed) (G1 Evacuation Pause)
[2026-04-03T02:43:08.012+0600][81.831s][info][gc,task        ] GC(406) Using 10 workers of 10 for evacuation
[2026-04-03T02:43:08.016+0600][81.835s][info][gc,phases      ] GC(406)   Pre Evacuate Collection Set: 0.32ms
[2026-04-03T02:43:08.016+0600][81.835s][info][gc,phases      ] GC(406)   Merge Heap Roots: 0.20ms
[2026-04-03T02:43:08.016+0600][81.835s][info][gc,phases      ] GC(406)   Evacuate Collection Set: 3.16ms
[2026-04-03T02:43:08.016+0600][81.836s][info][gc,phases      ] GC(406)   Post Evacuate Collection Set: 0.79ms
[2026-04-03T02:43:08.016+0600][81.836s][info][gc,phases      ] GC(406)   Other: 0.10ms
[2026-04-03T02:43:08.017+0600][81.836s][info][gc,heap        ] GC(406) Eden regions: 243->0(318)
[2026-04-03T02:43:08.017+0600][81.836s][info][gc,heap        ] GC(406) Survivor regions: 7->7(41)
[2026-04-03T02:43:08.017+0600][81.836s][info][gc,heap        ] GC(406) Old regions: 89->87
[2026-04-03T02:43:08.017+0600][81.836s][info][gc,heap        ] GC(406) Humongous regions: 197->8
[2026-04-03T02:43:08.017+0600][81.836s][info][gc,metaspace   ] GC(406) Metaspace: 131621K(133056K)->131621K(133056K) NonClass: 115144K(115904K)->115144K(115904K) Class: 16476K(17152K)->16476K(17152K)
[2026-04-03T02:43:08.017+0600][81.836s][info][gc             ] GC(406) Pause Young (Mixed) (G1 Evacuation Pause) 533M->100M(543M) 4.796ms
[2026-04-03T02:43:08.017+0600][81.836s][info][gc,cpu         ] GC(406) User=0.02s Sys=0.01s Real=0.00s
[2026-04-03T02:43:08.030+0600][81.849s][info][gc,start       ] GC(407) Pause Young (Concurrent Start) (GCLocker Initiated GC)
[2026-04-03T02:43:08.030+0600][81.849s][info][gc,task        ] GC(407) Using 10 workers of 10 for evacuation
[2026-04-03T02:43:08.035+0600][81.854s][info][gc,phases      ] GC(407)   Pre Evacuate Collection Set: 0.55ms
[2026-04-03T02:43:08.035+0600][81.854s][info][gc,phases      ] GC(407)   Merge Heap Roots: 0.21ms
[2026-04-03T02:43:08.035+0600][81.855s][info][gc,phases      ] GC(407)   Evacuate Collection Set: 3.09ms
[2026-04-03T02:43:08.035+0600][81.855s][info][gc,phases      ] GC(407)   Post Evacuate Collection Set: 0.79ms
[2026-04-03T02:43:08.036+0600][81.855s][info][gc,phases      ] GC(407)   Other: 0.34ms
[2026-04-03T02:43:08.036+0600][81.855s][info][gc,heap        ] GC(407) Eden regions: 23->0(318)
[2026-04-03T02:43:08.036+0600][81.855s][info][gc,heap        ] GC(407) Survivor regions: 7->7(41)
[2026-04-03T02:43:08.036+0600][81.855s][info][gc,heap        ] GC(407) Old regions: 87->87
[2026-04-03T02:43:08.036+0600][81.855s][info][gc,heap        ] GC(407) Humongous regions: 8->8
[2026-04-03T02:43:08.036+0600][81.855s][info][gc,metaspace   ] GC(407) Metaspace: 131621K(133056K)->131621K(133056K) NonClass: 115144K(115904K)->115144K(115904K) Class: 16476K(17152K)->16476K(17152K)
[2026-04-03T02:43:08.036+0600][81.855s][info][gc             ] GC(407) Pause Young (Concurrent Start) (GCLocker Initiated GC) 123M->101M(543M) 5.339ms
[2026-04-03T02:43:08.036+0600][81.855s][info][gc             ] GC(408) Concurrent Mark Cycle
[2026-04-03T02:43:08.036+0600][81.855s][info][gc,cpu         ] GC(407) User=0.04s Sys=0.01s Real=0.00s
[2026-04-03T02:43:08.036+0600][81.855s][info][gc,marking     ] GC(408) Concurrent Scan Root Regions
[2026-04-03T02:43:08.038+0600][81.857s][info][gc,marking     ] GC(408) Concurrent Scan Root Regions 2.511ms
[2026-04-03T02:43:08.038+0600][81.857s][info][gc,marking     ] GC(408) Concurrent Mark
[2026-04-03T02:43:08.038+0600][81.857s][info][gc,marking     ] GC(408) Concurrent Mark From Roots
[2026-04-03T02:43:08.038+0600][81.857s][info][gc,task        ] GC(408) Using 3 workers of 3 for marking
[2026-04-03T02:43:08.119+0600][81.938s][info][gc,marking     ] GC(408) Concurrent Mark From Roots 80.976ms
[2026-04-03T02:43:08.120+0600][81.939s][info][gc,marking     ] GC(408) Concurrent Preclean
[2026-04-03T02:43:08.120+0600][81.939s][info][gc,marking     ] GC(408) Concurrent Preclean 0.360ms
[2026-04-03T02:43:08.120+0600][81.939s][info][gc,start       ] GC(408) Pause Remark
[2026-04-03T02:43:08.130+0600][81.949s][info][gc             ] GC(408) Pause Remark 179M->179M(410M) 9.733ms
[2026-04-03T02:43:08.130+0600][81.949s][info][gc,cpu         ] GC(408) User=0.07s Sys=0.00s Real=0.01s
[2026-04-03T02:43:08.130+0600][81.949s][info][gc,marking     ] GC(408) Concurrent Mark 91.845ms
[2026-04-03T02:43:08.130+0600][81.949s][info][gc,marking     ] GC(408) Concurrent Rebuild Remembered Sets and Scrub Regions
[2026-04-03T02:43:08.158+0600][81.977s][info][gc,marking     ] GC(408) Concurrent Rebuild Remembered Sets and Scrub Regions 27.291ms
[2026-04-03T02:43:08.158+0600][81.977s][info][gc,start       ] GC(408) Pause Cleanup
[2026-04-03T02:43:08.158+0600][81.977s][info][gc             ] GC(408) Pause Cleanup 207M->207M(410M) 0.292ms
[2026-04-03T02:43:08.158+0600][81.977s][info][gc,cpu         ] GC(408) User=0.00s Sys=0.00s Real=0.00s
[2026-04-03T02:43:08.159+0600][81.978s][info][gc,marking     ] GC(408) Concurrent Clear Claimed Marks
[2026-04-03T02:43:08.159+0600][81.978s][info][gc,marking     ] GC(408) Concurrent Clear Claimed Marks 0.357ms
[2026-04-03T02:43:08.159+0600][81.978s][info][gc,marking     ] GC(408) Concurrent Cleanup for Next Mark
[2026-04-03T02:43:08.160+0600][81.979s][info][gc,marking     ] GC(408) Concurrent Cleanup for Next Mark 0.826ms
[2026-04-03T02:43:08.160+0600][81.979s][info][gc             ] GC(408) Concurrent Mark Cycle 124.047ms
[2026-04-03T02:43:08.355+0600][82.174s][info][gc,start       ] GC(409) Pause Young (Prepare Mixed) (G1 Evacuation Pause)
[2026-04-03T02:43:08.355+0600][82.174s][info][gc,task        ] GC(409) Using 9 workers of 10 for evacuation
[2026-04-03T02:43:08.361+0600][82.180s][info][gc,phases      ] GC(409)   Pre Evacuate Collection Set: 0.43ms
[2026-04-03T02:43:08.361+0600][82.180s][info][gc,phases      ] GC(409)   Merge Heap Roots: 0.26ms
[2026-04-03T02:43:08.361+0600][82.180s][info][gc,phases      ] GC(409)   Evacuate Collection Set: 4.72ms
[2026-04-03T02:43:08.361+0600][82.180s][info][gc,phases      ] GC(409)   Post Evacuate Collection Set: 0.79ms
[2026-04-03T02:43:08.361+0600][82.180s][info][gc,phases      ] GC(409)   Other: 0.15ms
[2026-04-03T02:43:08.361+0600][82.180s][info][gc,heap        ] GC(409) Eden regions: 204->0(243)
[2026-04-03T02:43:08.361+0600][82.180s][info][gc,heap        ] GC(409) Survivor regions: 7->8(31)
[2026-04-03T02:43:08.361+0600][82.180s][info][gc,heap        ] GC(409) Old regions: 87->88
[2026-04-03T02:43:08.361+0600][82.180s][info][gc,heap        ] GC(409) Humongous regions: 112->8
[2026-04-03T02:43:08.361+0600][82.180s][info][gc,metaspace   ] GC(409) Metaspace: 131622K(133056K)->131622K(133056K) NonClass: 115145K(115904K)->115145K(115904K) Class: 16476K(17152K)->16476K(17152K)
[2026-04-03T02:43:08.361+0600][82.180s][info][gc             ] GC(409) Pause Young (Prepare Mixed) (G1 Evacuation Pause) 409M->102M(419M) 6.690ms
[2026-04-03T02:43:08.361+0600][82.180s][info][gc,cpu         ] GC(409) User=0.03s Sys=0.01s Real=0.01s
[2026-04-03T02:43:08.573+0600][82.392s][info][gc,start       ] GC(410) Pause Young (Mixed) (G1 Evacuation Pause)
[2026-04-03T02:43:08.573+0600][82.392s][info][gc,task        ] GC(410) Using 10 workers of 10 for evacuation
[2026-04-03T02:43:08.577+0600][82.396s][info][gc,phases      ] GC(410)   Pre Evacuate Collection Set: 0.23ms
[2026-04-03T02:43:08.577+0600][82.396s][info][gc,phases      ] GC(410)   Merge Heap Roots: 0.18ms
[2026-04-03T02:43:08.577+0600][82.396s][info][gc,phases      ] GC(410)   Evacuate Collection Set: 3.34ms
[2026-04-03T02:43:08.577+0600][82.396s][info][gc,phases      ] GC(410)   Post Evacuate Collection Set: 0.58ms
[2026-04-03T02:43:08.577+0600][82.396s][info][gc,phases      ] GC(410)   Other: 0.09ms
[2026-04-03T02:43:08.577+0600][82.396s][info][gc,heap        ] GC(410) Eden regions: 201->0(278)
[2026-04-03T02:43:08.577+0600][82.396s][info][gc,heap        ] GC(410) Survivor regions: 8->8(35)
[2026-04-03T02:43:08.577+0600][82.396s][info][gc,heap        ] GC(410) Old regions: 88->87
[2026-04-03T02:43:08.577+0600][82.396s][info][gc,heap        ] GC(410) Humongous regions: 172->23
[2026-04-03T02:43:08.577+0600][82.396s][info][gc,metaspace   ] GC(410) Metaspace: 131625K(133056K)->131625K(133056K) NonClass: 115148K(115904K)->115148K(115904K) Class: 16476K(17152K)->16476K(17152K)
[2026-04-03T02:43:08.577+0600][82.396s][info][gc             ] GC(410) Pause Young (Mixed) (G1 Evacuation Pause) 467M->117M(477M) 4.654ms
[2026-04-03T02:43:08.577+0600][82.397s][info][gc,cpu         ] GC(410) User=0.03s Sys=0.01s Real=0.00s
[2026-04-03T02:43:08.578+0600][82.397s][info][gc,start       ] GC(411) Pause Young (Concurrent Start) (G1 Humongous Allocation)
[2026-04-03T02:43:08.578+0600][82.397s][info][gc,task        ] GC(411) Using 10 workers of 10 for evacuation
[2026-04-03T02:43:08.581+0600][82.400s][info][gc,phases      ] GC(411)   Pre Evacuate Collection Set: 0.33ms
[2026-04-03T02:43:08.581+0600][82.400s][info][gc,phases      ] GC(411)   Merge Heap Roots: 0.10ms
[2026-04-03T02:43:08.581+0600][82.400s][info][gc,phases      ] GC(411)   Evacuate Collection Set: 1.89ms
[2026-04-03T02:43:08.581+0600][82.400s][info][gc,phases      ] GC(411)   Post Evacuate Collection Set: 0.64ms
[2026-04-03T02:43:08.581+0600][82.400s][info][gc,phases      ] GC(411)   Other: 0.12ms
[2026-04-03T02:43:08.581+0600][82.400s][info][gc,heap        ] GC(411) Eden regions: 3->0(277)
[2026-04-03T02:43:08.581+0600][82.400s][info][gc,heap        ] GC(411) Survivor regions: 8->9(36)
[2026-04-03T02:43:08.581+0600][82.400s][info][gc,heap        ] GC(411) Old regions: 87->87
[2026-04-03T02:43:08.581+0600][82.400s][info][gc,heap        ] GC(411) Humongous regions: 23->8
[2026-04-03T02:43:08.581+0600][82.400s][info][gc,metaspace   ] GC(411) Metaspace: 131625K(133056K)->131625K(133056K) NonClass: 115148K(115904K)->115148K(115904K) Class: 16476K(17152K)->16476K(17152K)
[2026-04-03T02:43:08.582+0600][82.401s][info][gc             ] GC(411) Pause Young (Concurrent Start) (G1 Humongous Allocation) 119M->102M(477M) 3.384ms
[2026-04-03T02:43:08.582+0600][82.401s][info][gc             ] GC(412) Concurrent Mark Cycle
[2026-04-03T02:43:08.582+0600][82.401s][info][gc,cpu         ] GC(411) User=0.02s Sys=0.00s Real=0.01s
[2026-04-03T02:43:08.582+0600][82.401s][info][gc,marking     ] GC(412) Concurrent Scan Root Regions
[2026-04-03T02:43:08.584+0600][82.403s][info][gc,marking     ] GC(412) Concurrent Scan Root Regions 1.847ms
[2026-04-03T02:43:08.584+0600][82.403s][info][gc,marking     ] GC(412) Concurrent Mark
[2026-04-03T02:43:08.584+0600][82.403s][info][gc,marking     ] GC(412) Concurrent Mark From Roots
[2026-04-03T02:43:08.584+0600][82.403s][info][gc,task        ] GC(412) Using 3 workers of 3 for marking
[2026-04-03T02:43:08.670+0600][82.489s][info][gc,marking     ] GC(412) Concurrent Mark From Roots 85.867ms
[2026-04-03T02:43:08.670+0600][82.489s][info][gc,marking     ] GC(412) Concurrent Preclean
[2026-04-03T02:43:08.670+0600][82.489s][info][gc,marking     ] GC(412) Concurrent Preclean 0.313ms
[2026-04-03T02:43:08.670+0600][82.489s][info][gc,start       ] GC(412) Pause Remark
[2026-04-03T02:43:08.681+0600][82.500s][info][gc             ] GC(412) Pause Remark 410M->410M(597M) 10.242ms
[2026-04-03T02:43:08.681+0600][82.500s][info][gc,cpu         ] GC(412) User=0.06s Sys=0.00s Real=0.01s
[2026-04-03T02:43:08.681+0600][82.500s][info][gc,marking     ] GC(412) Concurrent Mark 97.204ms
[2026-04-03T02:43:08.681+0600][82.500s][info][gc,marking     ] GC(412) Concurrent Rebuild Remembered Sets and Scrub Regions
[2026-04-03T02:43:08.712+0600][82.531s][info][gc,marking     ] GC(412) Concurrent Rebuild Remembered Sets and Scrub Regions 31.557ms
[2026-04-03T02:43:08.717+0600][82.536s][info][gc,start       ] GC(412) Pause Cleanup
[2026-04-03T02:43:08.718+0600][82.537s][info][gc             ] GC(412) Pause Cleanup 509M->509M(597M) 0.436ms
[2026-04-03T02:43:08.718+0600][82.537s][info][gc,cpu         ] GC(412) User=0.00s Sys=0.00s Real=0.00s
[2026-04-03T02:43:08.718+0600][82.537s][info][gc,marking     ] GC(412) Concurrent Clear Claimed Marks
[2026-04-03T02:43:08.718+0600][82.537s][info][gc,marking     ] GC(412) Concurrent Clear Claimed Marks 0.337ms
[2026-04-03T02:43:08.718+0600][82.537s][info][gc,marking     ] GC(412) Concurrent Cleanup for Next Mark
[2026-04-03T02:43:08.720+0600][82.539s][info][gc,marking     ] GC(412) Concurrent Cleanup for Next Mark 1.862ms
[2026-04-03T02:43:08.720+0600][82.539s][info][gc             ] GC(412) Concurrent Mark Cycle 138.535ms
[2026-04-03T02:43:08.750+0600][82.569s][info][gc,start       ] GC(413) Pause Young (Prepare Mixed) (G1 Evacuation Pause)
[2026-04-03T02:43:08.750+0600][82.569s][info][gc,task        ] GC(413) Using 10 workers of 10 for evacuation
[2026-04-03T02:43:08.754+0600][82.573s][info][gc,phases      ] GC(413)   Pre Evacuate Collection Set: 0.28ms
[2026-04-03T02:43:08.754+0600][82.573s][info][gc,phases      ] GC(413)   Merge Heap Roots: 0.20ms
[2026-04-03T02:43:08.754+0600][82.573s][info][gc,phases      ] GC(413)   Evacuate Collection Set: 2.93ms
[2026-04-03T02:43:08.754+0600][82.573s][info][gc,phases      ] GC(413)   Post Evacuate Collection Set: 0.76ms
[2026-04-03T02:43:08.754+0600][82.573s][info][gc,phases      ] GC(413)   Other: 0.09ms
[2026-04-03T02:43:08.754+0600][82.574s][info][gc,heap        ] GC(413) Eden regions: 69->0(388)
[2026-04-03T02:43:08.755+0600][82.574s][info][gc,heap        ] GC(413) Survivor regions: 9->7(40)
[2026-04-03T02:43:08.755+0600][82.574s][info][gc,heap        ] GC(413) Old regions: 87->87
[2026-04-03T02:43:08.755+0600][82.574s][info][gc,heap        ] GC(413) Humongous regions: 487->28
[2026-04-03T02:43:08.755+0600][82.574s][info][gc,metaspace   ] GC(413) Metaspace: 131626K(133056K)->131626K(133056K) NonClass: 115149K(115904K)->115149K(115904K) Class: 16476K(17152K)->16476K(17152K)
[2026-04-03T02:43:08.755+0600][82.574s][info][gc             ] GC(413) Pause Young (Prepare Mixed) (G1 Evacuation Pause) 650M->120M(659M) 4.515ms
[2026-04-03T02:43:08.755+0600][82.574s][info][gc,cpu         ] GC(413) User=0.03s Sys=0.01s Real=0.00s
[2026-04-03T02:43:09.248+0600][83.067s][info][gc,start       ] GC(414) Pause Young (Mixed) (G1 Evacuation Pause)
[2026-04-03T02:43:09.248+0600][83.067s][info][gc,task        ] GC(414) Using 10 workers of 10 for evacuation
[2026-04-03T02:43:09.253+0600][83.072s][info][gc,phases      ] GC(414)   Pre Evacuate Collection Set: 0.48ms
[2026-04-03T02:43:09.253+0600][83.072s][info][gc,phases      ] GC(414)   Merge Heap Roots: 0.24ms
[2026-04-03T02:43:09.253+0600][83.072s][info][gc,phases      ] GC(414)   Evacuate Collection Set: 2.98ms
[2026-04-03T02:43:09.253+0600][83.072s][info][gc,phases      ] GC(414)   Post Evacuate Collection Set: 0.71ms
[2026-04-03T02:43:09.253+0600][83.072s][info][gc,phases      ] GC(414)   Other: 0.14ms
[2026-04-03T02:43:09.253+0600][83.072s][info][gc,heap        ] GC(414) Eden regions: 299->0(394)
[2026-04-03T02:43:09.253+0600][83.072s][info][gc,heap        ] GC(414) Survivor regions: 7->6(50)
[2026-04-03T02:43:09.253+0600][83.072s][info][gc,heap        ] GC(414) Old regions: 87->87
[2026-04-03T02:43:09.253+0600][83.072s][info][gc,heap        ] GC(414) Humongous regions: 268->8
[2026-04-03T02:43:09.253+0600][83.072s][info][gc,metaspace   ] GC(414) Metaspace: 131628K(133056K)->131628K(133056K) NonClass: 115152K(115904K)->115152K(115904K) Class: 16476K(17152K)->16476K(17152K)
[2026-04-03T02:43:09.253+0600][83.072s][info][gc             ] GC(414) Pause Young (Mixed) (G1 Evacuation Pause) 659M->99M(668M) 4.874ms
[2026-04-03T02:43:09.253+0600][83.072s][info][gc,cpu         ] GC(414) User=0.02s Sys=0.01s Real=0.01s
[2026-04-03T02:43:09.260+0600][83.079s][info][gc,start       ] GC(415) Pause Young (Concurrent Start) (G1 Humongous Allocation)
[2026-04-03T02:43:09.260+0600][83.079s][info][gc,task        ] GC(415) Using 10 workers of 10 for evacuation
[2026-04-03T02:43:09.263+0600][83.082s][info][gc,phases      ] GC(415)   Pre Evacuate Collection Set: 0.43ms
[2026-04-03T02:43:09.263+0600][83.082s][info][gc,phases      ] GC(415)   Merge Heap Roots: 0.11ms
[2026-04-03T02:43:09.263+0600][83.082s][info][gc,phases      ] GC(415)   Evacuate Collection Set: 1.70ms
[2026-04-03T02:43:09.263+0600][83.082s][info][gc,phases      ] GC(415)   Post Evacuate Collection Set: 0.48ms
[2026-04-03T02:43:09.263+0600][83.082s][info][gc,phases      ] GC(415)   Other: 0.21ms
[2026-04-03T02:43:09.263+0600][83.082s][info][gc,heap        ] GC(415) Eden regions: 3->0(395)
[2026-04-03T02:43:09.263+0600][83.082s][info][gc,heap        ] GC(415) Survivor regions: 6->5(50)
[2026-04-03T02:43:09.263+0600][83.082s][info][gc,heap        ] GC(415) Old regions: 87->87
[2026-04-03T02:43:09.263+0600][83.082s][info][gc,heap        ] GC(415) Humongous regions: 12->8
[2026-04-03T02:43:09.263+0600][83.082s][info][gc,metaspace   ] GC(415) Metaspace: 131628K(133056K)->131628K(133056K) NonClass: 115152K(115904K)->115152K(115904K) Class: 16476K(17152K)->16476K(17152K)
[2026-04-03T02:43:09.263+0600][83.082s][info][gc             ] GC(415) Pause Young (Concurrent Start) (G1 Humongous Allocation) 105M->98M(668M) 3.206ms
[2026-04-03T02:43:09.263+0600][83.082s][info][gc             ] GC(416) Concurrent Undo Cycle
[2026-04-03T02:43:09.263+0600][83.082s][info][gc,cpu         ] GC(415) User=0.02s Sys=0.01s Real=0.00s
[2026-04-03T02:43:09.263+0600][83.082s][info][gc,marking     ] GC(416) Concurrent Clear Claimed Marks
[2026-04-03T02:43:09.263+0600][83.082s][info][gc,marking     ] GC(416) Concurrent Clear Claimed Marks 0.268ms
[2026-04-03T02:43:09.263+0600][83.082s][info][gc,marking     ] GC(416) Concurrent Cleanup for Next Mark
[2026-04-03T02:43:09.264+0600][83.083s][info][gc,marking     ] GC(416) Concurrent Cleanup for Next Mark 0.308ms
[2026-04-03T02:43:09.264+0600][83.083s][info][gc             ] GC(416) Concurrent Undo Cycle 0.739ms
[2026-04-03T02:43:09.285+0600][83.104s][info][gc,start       ] GC(417) Pause Young (Concurrent Start) (G1 Humongous Allocation)
[2026-04-03T02:43:09.286+0600][83.105s][info][gc,task        ] GC(417) Using 10 workers of 10 for evacuation
[2026-04-03T02:43:09.290+0600][83.109s][info][gc,phases      ] GC(417)   Pre Evacuate Collection Set: 0.53ms
[2026-04-03T02:43:09.290+0600][83.110s][info][gc,phases      ] GC(417)   Merge Heap Roots: 0.23ms
[2026-04-03T02:43:09.291+0600][83.110s][info][gc,phases      ] GC(417)   Evacuate Collection Set: 2.80ms
[2026-04-03T02:43:09.291+0600][83.110s][info][gc,phases      ] GC(417)   Post Evacuate Collection Set: 0.89ms
[2026-04-03T02:43:09.291+0600][83.110s][info][gc,phases      ] GC(417)   Other: 0.34ms
[2026-04-03T02:43:09.291+0600][83.110s][info][gc,heap        ] GC(417) Eden regions: 18->0(391)
[2026-04-03T02:43:09.291+0600][83.110s][info][gc,heap        ] GC(417) Survivor regions: 5->9(50)
[2026-04-03T02:43:09.291+0600][83.110s][info][gc,heap        ] GC(417) Old regions: 87->87
[2026-04-03T02:43:09.291+0600][83.110s][info][gc,heap        ] GC(417) Humongous regions: 13->8
[2026-04-03T02:43:09.291+0600][83.110s][info][gc,metaspace   ] GC(417) Metaspace: 131628K(133056K)->131628K(133056K) NonClass: 115152K(115904K)->115152K(115904K) Class: 16476K(17152K)->16476K(17152K)
[2026-04-03T02:43:09.291+0600][83.110s][info][gc             ] GC(417) Pause Young (Concurrent Start) (G1 Humongous Allocation) 121M->102M(668M) 5.244ms
[2026-04-03T02:43:09.291+0600][83.110s][info][gc             ] GC(418) Concurrent Undo Cycle
[2026-04-03T02:43:09.291+0600][83.110s][info][gc,cpu         ] GC(417) User=0.04s Sys=0.00s Real=0.01s
[2026-04-03T02:43:09.291+0600][83.110s][info][gc,marking     ] GC(418) Concurrent Clear Claimed Marks
[2026-04-03T02:43:09.291+0600][83.110s][info][gc,marking     ] GC(418) Concurrent Clear Claimed Marks 0.341ms
[2026-04-03T02:43:09.291+0600][83.110s][info][gc,marking     ] GC(418) Concurrent Cleanup for Next Mark
[2026-04-03T02:43:09.292+0600][83.111s][info][gc,marking     ] GC(418) Concurrent Cleanup for Next Mark 0.340ms
[2026-04-03T02:43:09.292+0600][83.111s][info][gc             ] GC(418) Concurrent Undo Cycle 0.859ms
[2026-04-03T02:43:09.296+0600][83.115s][info][gc,start       ] GC(419) Pause Young (Concurrent Start) (G1 Humongous Allocation)
[2026-04-03T02:43:09.296+0600][83.115s][info][gc,task        ] GC(419) Using 10 workers of 10 for evacuation
[2026-04-03T02:43:09.299+0600][83.118s][info][gc,phases      ] GC(419)   Pre Evacuate Collection Set: 0.49ms
[2026-04-03T02:43:09.299+0600][83.118s][info][gc,phases      ] GC(419)   Merge Heap Roots: 0.14ms
[2026-04-03T02:43:09.299+0600][83.118s][info][gc,phases      ] GC(419)   Evacuate Collection Set: 2.29ms
[2026-04-03T02:43:09.299+0600][83.118s][info][gc,phases      ] GC(419)   Post Evacuate Collection Set: 0.61ms
[2026-04-03T02:43:09.299+0600][83.118s][info][gc,phases      ] GC(419)   Other: 0.20ms
[2026-04-03T02:43:09.299+0600][83.119s][info][gc,heap        ] GC(419) Eden regions: 7->0(394)
[2026-04-03T02:43:09.299+0600][83.119s][info][gc,heap        ] GC(419) Survivor regions: 9->6(50)
[2026-04-03T02:43:09.300+0600][83.119s][info][gc,heap        ] GC(419) Old regions: 87->87
[2026-04-03T02:43:09.300+0600][83.119s][info][gc,heap        ] GC(419) Humongous regions: 16->8
[2026-04-03T02:43:09.300+0600][83.119s][info][gc,metaspace   ] GC(419) Metaspace: 131628K(133056K)->131628K(133056K) NonClass: 115152K(115904K)->115152K(115904K) Class: 16476K(17152K)->16476K(17152K)
[2026-04-03T02:43:09.300+0600][83.119s][info][gc             ] GC(419) Pause Young (Concurrent Start) (G1 Humongous Allocation) 116M->100M(668M) 4.051ms
[2026-04-03T02:43:09.300+0600][83.119s][info][gc             ] GC(420) Concurrent Undo Cycle
[2026-04-03T02:43:09.300+0600][83.119s][info][gc,marking     ] GC(420) Concurrent Clear Claimed Marks
[2026-04-03T02:43:09.300+0600][83.119s][info][gc,cpu         ] GC(419) User=0.03s Sys=0.00s Real=0.00s
[2026-04-03T02:43:09.300+0600][83.119s][info][gc,marking     ] GC(420) Concurrent Clear Claimed Marks 0.345ms
[2026-04-03T02:43:09.300+0600][83.119s][info][gc,marking     ] GC(420) Concurrent Cleanup for Next Mark
[2026-04-03T02:43:09.300+0600][83.119s][info][gc,marking     ] GC(420) Concurrent Cleanup for Next Mark 0.307ms
[2026-04-03T02:43:09.300+0600][83.119s][info][gc             ] GC(420) Concurrent Undo Cycle 0.792ms
[2026-04-03T02:43:09.331+0600][83.150s][info][gc,start       ] GC(421) Pause Young (Concurrent Start) (GCLocker Initiated GC)
[2026-04-03T02:43:09.331+0600][83.150s][info][gc,task        ] GC(421) Using 10 workers of 10 for evacuation
[2026-04-03T02:43:09.338+0600][83.157s][info][gc,phases      ] GC(421)   Pre Evacuate Collection Set: 0.53ms
[2026-04-03T02:43:09.338+0600][83.157s][info][gc,phases      ] GC(421)   Merge Heap Roots: 0.18ms
[2026-04-03T02:43:09.338+0600][83.157s][info][gc,phases      ] GC(421)   Evacuate Collection Set: 2.30ms
[2026-04-03T02:43:09.338+0600][83.157s][info][gc,phases      ] GC(421)   Post Evacuate Collection Set: 3.16ms
[2026-04-03T02:43:09.338+0600][83.157s][info][gc,phases      ] GC(421)   Other: 0.24ms
[2026-04-03T02:43:09.338+0600][83.157s][info][gc,heap        ] GC(421) Eden regions: 26->0(584)
[2026-04-03T02:43:09.338+0600][83.157s][info][gc,heap        ] GC(421) Survivor regions: 6->7(50)
[2026-04-03T02:43:09.338+0600][83.157s][info][gc,heap        ] GC(421) Old regions: 87->87
[2026-04-03T02:43:09.338+0600][83.157s][info][gc,heap        ] GC(421) Humongous regions: 21->8
[2026-04-03T02:43:09.338+0600][83.157s][info][gc,metaspace   ] GC(421) Metaspace: 131628K(133056K)->131628K(133056K) NonClass: 115152K(115904K)->115152K(115904K) Class: 16476K(17152K)->16476K(17152K)
[2026-04-03T02:43:09.338+0600][83.157s][info][gc             ] GC(421) Pause Young (Concurrent Start) (GCLocker Initiated GC) 139M->100M(985M) 6.729ms
[2026-04-03T02:43:09.338+0600][83.157s][info][gc,cpu         ] GC(421) User=0.02s Sys=0.01s Real=0.00s
[2026-04-03T02:43:09.338+0600][83.157s][info][gc             ] GC(422) Concurrent Mark Cycle
[2026-04-03T02:43:09.338+0600][83.157s][info][gc,marking     ] GC(422) Concurrent Scan Root Regions
[2026-04-03T02:43:09.340+0600][83.159s][info][gc,marking     ] GC(422) Concurrent Scan Root Regions 1.933ms
[2026-04-03T02:43:09.340+0600][83.159s][info][gc,marking     ] GC(422) Concurrent Mark
[2026-04-03T02:43:09.340+0600][83.159s][info][gc,marking     ] GC(422) Concurrent Mark From Roots
[2026-04-03T02:43:09.340+0600][83.159s][info][gc,task        ] GC(422) Using 3 workers of 3 for marking
[2026-04-03T02:43:09.427+0600][83.246s][info][gc,marking     ] GC(422) Concurrent Mark From Roots 87.384ms
[2026-04-03T02:43:09.428+0600][83.247s][info][gc,marking     ] GC(422) Concurrent Preclean
[2026-04-03T02:43:09.428+0600][83.247s][info][gc,marking     ] GC(422) Concurrent Preclean 0.504ms
[2026-04-03T02:43:09.428+0600][83.247s][info][gc,start       ] GC(422) Pause Remark
[2026-04-03T02:43:09.438+0600][83.257s][info][gc             ] GC(422) Pause Remark 218M->218M(534M) 9.389ms
[2026-04-03T02:43:09.438+0600][83.257s][info][gc,cpu         ] GC(422) User=0.07s Sys=0.00s Real=0.01s
[2026-04-03T02:43:09.438+0600][83.257s][info][gc,marking     ] GC(422) Concurrent Mark 98.143ms
[2026-04-03T02:43:09.438+0600][83.257s][info][gc,marking     ] GC(422) Concurrent Rebuild Remembered Sets and Scrub Regions
[2026-04-03T02:43:09.475+0600][83.294s][info][gc,marking     ] GC(422) Concurrent Rebuild Remembered Sets and Scrub Regions 36.748ms
[2026-04-03T02:43:09.475+0600][83.294s][info][gc,start       ] GC(422) Pause Cleanup
[2026-04-03T02:43:09.476+0600][83.295s][info][gc             ] GC(422) Pause Cleanup 255M->255M(534M) 0.359ms
[2026-04-03T02:43:09.476+0600][83.295s][info][gc,cpu         ] GC(422) User=0.00s Sys=0.00s Real=0.00s
[2026-04-03T02:43:09.476+0600][83.295s][info][gc,marking     ] GC(422) Concurrent Clear Claimed Marks
[2026-04-03T02:43:09.476+0600][83.295s][info][gc,marking     ] GC(422) Concurrent Clear Claimed Marks 0.473ms
[2026-04-03T02:43:09.477+0600][83.296s][info][gc,marking     ] GC(422) Concurrent Cleanup for Next Mark
[2026-04-03T02:43:09.478+0600][83.297s][info][gc,marking     ] GC(422) Concurrent Cleanup for Next Mark 1.114ms
[2026-04-03T02:43:09.478+0600][83.297s][info][gc             ] GC(422) Concurrent Mark Cycle 139.731ms
[2026-04-03T02:43:09.660+0600][83.479s][info][gc,start       ] GC(423) Pause Young (Prepare Mixed) (G1 Evacuation Pause)
[2026-04-03T02:43:09.660+0600][83.479s][info][gc,task        ] GC(423) Using 10 workers of 10 for evacuation
[2026-04-03T02:43:09.665+0600][83.484s][info][gc,phases      ] GC(423)   Pre Evacuate Collection Set: 0.34ms
[2026-04-03T02:43:09.665+0600][83.484s][info][gc,phases      ] GC(423)   Merge Heap Roots: 0.23ms
[2026-04-03T02:43:09.665+0600][83.484s][info][gc,phases      ] GC(423)   Evacuate Collection Set: 3.32ms
[2026-04-03T02:43:09.665+0600][83.484s][info][gc,phases      ] GC(423)   Post Evacuate Collection Set: 0.66ms
[2026-04-03T02:43:09.665+0600][83.484s][info][gc,phases      ] GC(423)   Other: 0.10ms
[2026-04-03T02:43:09.665+0600][83.484s][info][gc,heap        ] GC(423) Eden regions: 239->0(326)
[2026-04-03T02:43:09.665+0600][83.484s][info][gc,heap        ] GC(423) Survivor regions: 7->5(40)
[2026-04-03T02:43:09.665+0600][83.484s][info][gc,heap        ] GC(423) Old regions: 87->88
[2026-04-03T02:43:09.665+0600][83.484s][info][gc,heap        ] GC(423) Humongous regions: 213->8
[2026-04-03T02:43:09.665+0600][83.484s][info][gc,metaspace   ] GC(423) Metaspace: 131628K(133056K)->131628K(133056K) NonClass: 115152K(115904K)->115152K(115904K) Class: 16476K(17152K)->16476K(17152K)
[2026-04-03T02:43:09.665+0600][83.484s][info][gc             ] GC(423) Pause Young (Prepare Mixed) (G1 Evacuation Pause) 544M->99M(552M) 4.996ms
[2026-04-03T02:43:09.665+0600][83.484s][info][gc,cpu         ] GC(423) User=0.03s Sys=0.00s Real=0.00s
[2026-04-03T02:43:10.004+0600][83.823s][info][gc,start       ] GC(424) Pause Young (Mixed) (G1 Evacuation Pause)
[2026-04-03T02:43:10.005+0600][83.824s][info][gc,task        ] GC(424) Using 10 workers of 10 for evacuation
[2026-04-03T02:43:10.009+0600][83.828s][info][gc,phases      ] GC(424)   Pre Evacuate Collection Set: 0.27ms
[2026-04-03T02:43:10.009+0600][83.828s][info][gc,phases      ] GC(424)   Merge Heap Roots: 0.24ms
[2026-04-03T02:43:10.009+0600][83.828s][info][gc,phases      ] GC(424)   Evacuate Collection Set: 2.69ms
[2026-04-03T02:43:10.009+0600][83.828s][info][gc,phases      ] GC(424)   Post Evacuate Collection Set: 0.67ms
[2026-04-03T02:43:10.009+0600][83.828s][info][gc,phases      ] GC(424)   Other: 0.12ms
[2026-04-03T02:43:10.009+0600][83.828s][info][gc,heap        ] GC(424) Eden regions: 271->0(329)
[2026-04-03T02:43:10.009+0600][83.828s][info][gc,heap        ] GC(424) Survivor regions: 5->7(42)
[2026-04-03T02:43:10.009+0600][83.828s][info][gc,heap        ] GC(424) Old regions: 88->87
[2026-04-03T02:43:10.009+0600][83.828s][info][gc,heap        ] GC(424) Humongous regions: 190->8
[2026-04-03T02:43:10.009+0600][83.828s][info][gc,metaspace   ] GC(424) Metaspace: 131629K(133056K)->131629K(133056K) NonClass: 115153K(115904K)->115153K(115904K) Class: 16476K(17152K)->16476K(17152K)
[2026-04-03T02:43:10.009+0600][83.828s][info][gc             ] GC(424) Pause Young (Mixed) (G1 Evacuation Pause) 552M->100M(561M) 4.255ms
[2026-04-03T02:43:10.009+0600][83.828s][info][gc,cpu         ] GC(424) User=0.02s Sys=0.01s Real=0.00s
[2026-04-03T02:43:10.012+0600][83.831s][info][gc,start       ] GC(425) Pause Young (Concurrent Start) (G1 Humongous Allocation)
[2026-04-03T02:43:10.012+0600][83.831s][info][gc,task        ] GC(425) Using 10 workers of 10 for evacuation
[2026-04-03T02:43:10.016+0600][83.835s][info][gc,phases      ] GC(425)   Pre Evacuate Collection Set: 0.34ms
[2026-04-03T02:43:10.016+0600][83.835s][info][gc,phases      ] GC(425)   Merge Heap Roots: 0.12ms
[2026-04-03T02:43:10.016+0600][83.835s][info][gc,phases      ] GC(425)   Evacuate Collection Set: 2.30ms
[2026-04-03T02:43:10.016+0600][83.835s][info][gc,phases      ] GC(425)   Post Evacuate Collection Set: 0.46ms
[2026-04-03T02:43:10.016+0600][83.835s][info][gc,phases      ] GC(425)   Other: 0.20ms
[2026-04-03T02:43:10.016+0600][83.835s][info][gc,heap        ] GC(425) Eden regions: 2->0(330)
[2026-04-03T02:43:10.016+0600][83.835s][info][gc,heap        ] GC(425) Survivor regions: 7->6(42)
[2026-04-03T02:43:10.016+0600][83.835s][info][gc,heap        ] GC(425) Old regions: 87->87
[2026-04-03T02:43:10.016+0600][83.835s][info][gc,heap        ] GC(425) Humongous regions: 8->8
[2026-04-03T02:43:10.016+0600][83.835s][info][gc,metaspace   ] GC(425) Metaspace: 131629K(133056K)->131629K(133056K) NonClass: 115153K(115904K)->115153K(115904K) Class: 16476K(17152K)->16476K(17152K)
[2026-04-03T02:43:10.016+0600][83.835s][info][gc             ] GC(425) Pause Young (Concurrent Start) (G1 Humongous Allocation) 102M->100M(561M) 3.678ms
[2026-04-03T02:43:10.016+0600][83.835s][info][gc             ] GC(426) Concurrent Mark Cycle
[2026-04-03T02:43:10.016+0600][83.835s][info][gc,cpu         ] GC(425) User=0.02s Sys=0.01s Real=0.00s
[2026-04-03T02:43:10.016+0600][83.835s][info][gc,marking     ] GC(426) Concurrent Scan Root Regions
[2026-04-03T02:43:10.018+0600][83.837s][info][gc,marking     ] GC(426) Concurrent Scan Root Regions 2.169ms
[2026-04-03T02:43:10.018+0600][83.837s][info][gc,marking     ] GC(426) Concurrent Mark
[2026-04-03T02:43:10.018+0600][83.837s][info][gc,marking     ] GC(426) Concurrent Mark From Roots
[2026-04-03T02:43:10.018+0600][83.837s][info][gc,task        ] GC(426) Using 3 workers of 3 for marking
[2026-04-03T02:43:10.085+0600][83.904s][info][gc,marking     ] GC(426) Concurrent Mark From Roots 66.147ms
[2026-04-03T02:43:10.085+0600][83.904s][info][gc,marking     ] GC(426) Concurrent Preclean
[2026-04-03T02:43:10.085+0600][83.904s][info][gc,marking     ] GC(426) Concurrent Preclean 0.507ms
[2026-04-03T02:43:10.086+0600][83.905s][info][gc,start       ] GC(426) Pause Remark
[2026-04-03T02:43:10.095+0600][83.914s][info][gc             ] GC(426) Pause Remark 145M->145M(400M) 9.530ms
[2026-04-03T02:43:10.095+0600][83.914s][info][gc,cpu         ] GC(426) User=0.06s Sys=0.00s Real=0.01s
[2026-04-03T02:43:10.096+0600][83.915s][info][gc,marking     ] GC(426) Concurrent Mark 77.048ms
[2026-04-03T02:43:10.096+0600][83.915s][info][gc,marking     ] GC(426) Concurrent Rebuild Remembered Sets and Scrub Regions
[2026-04-03T02:43:10.132+0600][83.951s][info][gc,marking     ] GC(426) Concurrent Rebuild Remembered Sets and Scrub Regions 36.045ms
[2026-04-03T02:43:10.132+0600][83.951s][info][gc,start       ] GC(426) Pause Cleanup
[2026-04-03T02:43:10.132+0600][83.951s][info][gc             ] GC(426) Pause Cleanup 177M->177M(400M) 0.343ms
[2026-04-03T02:43:10.133+0600][83.952s][info][gc,cpu         ] GC(426) User=0.00s Sys=0.00s Real=0.00s
[2026-04-03T02:43:10.133+0600][83.952s][info][gc,marking     ] GC(426) Concurrent Clear Claimed Marks
[2026-04-03T02:43:10.133+0600][83.952s][info][gc,marking     ] GC(426) Concurrent Clear Claimed Marks 0.392ms
[2026-04-03T02:43:10.133+0600][83.952s][info][gc,marking     ] GC(426) Concurrent Cleanup for Next Mark
[2026-04-03T02:43:10.134+0600][83.953s][info][gc,marking     ] GC(426) Concurrent Cleanup for Next Mark 0.683ms
[2026-04-03T02:43:10.134+0600][83.953s][info][gc             ] GC(426) Concurrent Mark Cycle 117.631ms
[2026-04-03T02:43:10.308+0600][84.127s][info][gc,start       ] GC(427) Pause Young (Prepare Mixed) (G1 Evacuation Pause)
[2026-04-03T02:43:10.308+0600][84.127s][info][gc,task        ] GC(427) Using 9 workers of 10 for evacuation
[2026-04-03T02:43:10.315+0600][84.134s][info][gc,phases      ] GC(427)   Pre Evacuate Collection Set: 0.32ms
[2026-04-03T02:43:10.315+0600][84.134s][info][gc,phases      ] GC(427)   Merge Heap Roots: 0.59ms
[2026-04-03T02:43:10.315+0600][84.134s][info][gc,phases      ] GC(427)   Evacuate Collection Set: 4.78ms
[2026-04-03T02:43:10.315+0600][84.134s][info][gc,phases      ] GC(427)   Post Evacuate Collection Set: 0.69ms
[2026-04-03T02:43:10.315+0600][84.134s][info][gc,phases      ] GC(427)   Other: 0.12ms
[2026-04-03T02:43:10.315+0600][84.134s][info][gc,heap        ] GC(427) Eden regions: 225->0(237)
[2026-04-03T02:43:10.315+0600][84.134s][info][gc,heap        ] GC(427) Survivor regions: 6->8(30)
[2026-04-03T02:43:10.315+0600][84.134s][info][gc,heap        ] GC(427) Old regions: 87->88
[2026-04-03T02:43:10.315+0600][84.134s][info][gc,heap        ] GC(427) Humongous regions: 82->8
[2026-04-03T02:43:10.315+0600][84.134s][info][gc,metaspace   ] GC(427) Metaspace: 131632K(133056K)->131632K(133056K) NonClass: 115155K(115904K)->115155K(115904K) Class: 16476K(17152K)->16476K(17152K)
[2026-04-03T02:43:10.315+0600][84.134s][info][gc             ] GC(427) Pause Young (Prepare Mixed) (G1 Evacuation Pause) 399M->102M(409M) 6.809ms
[2026-04-03T02:43:10.315+0600][84.134s][info][gc,cpu         ] GC(427) User=0.03s Sys=0.02s Real=0.01s
[2026-04-03T02:43:10.457+0600][84.276s][info][gc,start       ] GC(428) Pause Young (Mixed) (G1 Evacuation Pause)
[2026-04-03T02:43:10.457+0600][84.276s][info][gc,task        ] GC(428) Using 10 workers of 10 for evacuation
[2026-04-03T02:43:10.462+0600][84.281s][info][gc,phases      ] GC(428)   Pre Evacuate Collection Set: 0.26ms
[2026-04-03T02:43:10.462+0600][84.281s][info][gc,phases      ] GC(428)   Merge Heap Roots: 0.14ms
[2026-04-03T02:43:10.462+0600][84.282s][info][gc,phases      ] GC(428)   Evacuate Collection Set: 3.95ms
[2026-04-03T02:43:10.462+0600][84.282s][info][gc,phases      ] GC(428)   Post Evacuate Collection Set: 0.79ms
[2026-04-03T02:43:10.463+0600][84.282s][info][gc,phases      ] GC(428)   Other: 0.10ms
[2026-04-03T02:43:10.463+0600][84.282s][info][gc,heap        ] GC(428) Eden regions: 112->0(305)
[2026-04-03T02:43:10.463+0600][84.282s][info][gc,heap        ] GC(428) Survivor regions: 8->9(31)
[2026-04-03T02:43:10.463+0600][84.282s][info][gc,heap        ] GC(428) Old regions: 88->87
[2026-04-03T02:43:10.463+0600][84.282s][info][gc,heap        ] GC(428) Humongous regions: 306->23
[2026-04-03T02:43:10.463+0600][84.282s][info][gc,metaspace   ] GC(428) Metaspace: 131634K(133056K)->131634K(133056K) NonClass: 115157K(115904K)->115157K(115904K) Class: 16476K(17152K)->16476K(17152K)
[2026-04-03T02:43:10.463+0600][84.282s][info][gc             ] GC(428) Pause Young (Mixed) (G1 Evacuation Pause) 512M->117M(524M) 5.535ms
[2026-04-03T02:43:10.463+0600][84.282s][info][gc,cpu         ] GC(428) User=0.02s Sys=0.01s Real=0.01s
[2026-04-03T02:43:10.466+0600][84.285s][info][gc,start       ] GC(429) Pause Young (Concurrent Start) (G1 Humongous Allocation)
[2026-04-03T02:43:10.466+0600][84.285s][info][gc,task        ] GC(429) Using 10 workers of 10 for evacuation
[2026-04-03T02:43:10.469+0600][84.288s][info][gc,phases      ] GC(429)   Pre Evacuate Collection Set: 0.30ms
[2026-04-03T02:43:10.469+0600][84.288s][info][gc,phases      ] GC(429)   Merge Heap Roots: 0.12ms
[2026-04-03T02:43:10.469+0600][84.288s][info][gc,phases      ] GC(429)   Evacuate Collection Set: 2.01ms
[2026-04-03T02:43:10.469+0600][84.288s][info][gc,phases      ] GC(429)   Post Evacuate Collection Set: 0.44ms
[2026-04-03T02:43:10.469+0600][84.288s][info][gc,phases      ] GC(429)   Other: 0.14ms
[2026-04-03T02:43:10.469+0600][84.288s][info][gc,heap        ] GC(429) Eden regions: 5->0(305)
[2026-04-03T02:43:10.469+0600][84.288s][info][gc,heap        ] GC(429) Survivor regions: 9->9(40)
[2026-04-03T02:43:10.469+0600][84.288s][info][gc,heap        ] GC(429) Old regions: 87->87
[2026-04-03T02:43:10.469+0600][84.288s][info][gc,heap        ] GC(429) Humongous regions: 53->18
[2026-04-03T02:43:10.469+0600][84.288s][info][gc,metaspace   ] GC(429) Metaspace: 131634K(133056K)->131634K(133056K) NonClass: 115157K(115904K)->115157K(115904K) Class: 16476K(17152K)->16476K(17152K)
[2026-04-03T02:43:10.469+0600][84.288s][info][gc             ] GC(429) Pause Young (Concurrent Start) (G1 Humongous Allocation) 151M->112M(524M) 3.279ms
[2026-04-03T02:43:10.469+0600][84.288s][info][gc             ] GC(430) Concurrent Undo Cycle
[2026-04-03T02:43:10.469+0600][84.288s][info][gc,cpu         ] GC(429) User=0.02s Sys=0.00s Real=0.00s
[2026-04-03T02:43:10.469+0600][84.288s][info][gc,marking     ] GC(430) Concurrent Clear Claimed Marks
[2026-04-03T02:43:10.469+0600][84.288s][info][gc,marking     ] GC(430) Concurrent Clear Claimed Marks 0.304ms
[2026-04-03T02:43:10.469+0600][84.288s][info][gc,marking     ] GC(430) Concurrent Cleanup for Next Mark
[2026-04-03T02:43:10.470+0600][84.289s][info][gc,marking     ] GC(430) Concurrent Cleanup for Next Mark 0.267ms
[2026-04-03T02:43:10.470+0600][84.289s][info][gc             ] GC(430) Concurrent Undo Cycle 0.800ms
[2026-04-03T02:43:10.471+0600][84.290s][info][gc,start       ] GC(431) Pause Young (Concurrent Start) (G1 Humongous Allocation)
[2026-04-03T02:43:10.471+0600][84.290s][info][gc,task        ] GC(431) Using 10 workers of 10 for evacuation
[2026-04-03T02:43:10.474+0600][84.293s][info][gc,phases      ] GC(431)   Pre Evacuate Collection Set: 0.39ms
[2026-04-03T02:43:10.474+0600][84.293s][info][gc,phases      ] GC(431)   Merge Heap Roots: 0.10ms
[2026-04-03T02:43:10.474+0600][84.293s][info][gc,phases      ] GC(431)   Evacuate Collection Set: 2.14ms
[2026-04-03T02:43:10.474+0600][84.293s][info][gc,phases      ] GC(431)   Post Evacuate Collection Set: 0.47ms
[2026-04-03T02:43:10.474+0600][84.293s][info][gc,phases      ] GC(431)   Other: 0.12ms
[2026-04-03T02:43:10.474+0600][84.293s][info][gc,heap        ] GC(431) Eden regions: 3->0(299)
[2026-04-03T02:43:10.474+0600][84.293s][info][gc,heap        ] GC(431) Survivor regions: 9->8(40)
[2026-04-03T02:43:10.474+0600][84.293s][info][gc,heap        ] GC(431) Old regions: 87->87
[2026-04-03T02:43:10.474+0600][84.293s][info][gc,heap        ] GC(431) Humongous regions: 28->13
[2026-04-03T02:43:10.474+0600][84.293s][info][gc,metaspace   ] GC(431) Metaspace: 131634K(133056K)->131634K(133056K) NonClass: 115157K(115904K)->115157K(115904K) Class: 16476K(17152K)->16476K(17152K)
[2026-04-03T02:43:10.474+0600][84.293s][info][gc             ] GC(431) Pause Young (Concurrent Start) (G1 Humongous Allocation) 124M->107M(524M) 3.527ms
[2026-04-03T02:43:10.474+0600][84.293s][info][gc             ] GC(432) Concurrent Mark Cycle
[2026-04-03T02:43:10.474+0600][84.293s][info][gc,marking     ] GC(432) Concurrent Scan Root Regions
[2026-04-03T02:43:10.474+0600][84.293s][info][gc,cpu         ] GC(431) User=0.02s Sys=0.00s Real=0.00s
[2026-04-03T02:43:10.477+0600][84.296s][info][gc,marking     ] GC(432) Concurrent Scan Root Regions 2.603ms
[2026-04-03T02:43:10.477+0600][84.296s][info][gc,marking     ] GC(432) Concurrent Mark
[2026-04-03T02:43:10.477+0600][84.296s][info][gc,marking     ] GC(432) Concurrent Mark From Roots
[2026-04-03T02:43:10.477+0600][84.296s][info][gc,task        ] GC(432) Using 3 workers of 3 for marking
[2026-04-03T02:43:10.548+0600][84.367s][info][gc,marking     ] GC(432) Concurrent Mark From Roots 71.213ms
[2026-04-03T02:43:10.548+0600][84.367s][info][gc,marking     ] GC(432) Concurrent Preclean
[2026-04-03T02:43:10.549+0600][84.368s][info][gc,marking     ] GC(432) Concurrent Preclean 0.430ms
[2026-04-03T02:43:10.549+0600][84.368s][info][gc,start       ] GC(432) Pause Remark
[2026-04-03T02:43:10.556+0600][84.375s][info][gc             ] GC(432) Pause Remark 207M->207M(524M) 7.142ms
[2026-04-03T02:43:10.556+0600][84.375s][info][gc,cpu         ] GC(432) User=0.05s Sys=0.01s Real=0.01s
[2026-04-03T02:43:10.556+0600][84.375s][info][gc,marking     ] GC(432) Concurrent Mark 79.310ms
[2026-04-03T02:43:10.556+0600][84.375s][info][gc,marking     ] GC(432) Concurrent Rebuild Remembered Sets and Scrub Regions
[2026-04-03T02:43:10.587+0600][84.406s][info][gc,marking     ] GC(432) Concurrent Rebuild Remembered Sets and Scrub Regions 30.301ms
[2026-04-03T02:43:10.588+0600][84.407s][info][gc,start       ] GC(432) Pause Cleanup
[2026-04-03T02:43:10.588+0600][84.407s][info][gc             ] GC(432) Pause Cleanup 446M->446M(524M) 0.369ms
[2026-04-03T02:43:10.588+0600][84.407s][info][gc,cpu         ] GC(432) User=0.00s Sys=0.00s Real=0.00s
[2026-04-03T02:43:10.588+0600][84.407s][info][gc,marking     ] GC(432) Concurrent Clear Claimed Marks
[2026-04-03T02:43:10.589+0600][84.408s][info][gc,marking     ] GC(432) Concurrent Clear Claimed Marks 0.439ms
[2026-04-03T02:43:10.589+0600][84.408s][info][gc,marking     ] GC(432) Concurrent Cleanup for Next Mark
[2026-04-03T02:43:10.591+0600][84.410s][info][gc,marking     ] GC(432) Concurrent Cleanup for Next Mark 1.760ms
[2026-04-03T02:43:10.591+0600][84.410s][info][gc             ] GC(432) Concurrent Mark Cycle 116.502ms
[2026-04-03T02:43:10.625+0600][84.444s][info][gc,start       ] GC(433) Pause Young (Prepare Mixed) (G1 Evacuation Pause)
[2026-04-03T02:43:10.625+0600][84.444s][info][gc,task        ] GC(433) Using 10 workers of 10 for evacuation
[2026-04-03T02:43:10.628+0600][84.447s][info][gc,phases      ] GC(433)   Pre Evacuate Collection Set: 0.29ms
[2026-04-03T02:43:10.628+0600][84.447s][info][gc,phases      ] GC(433)   Merge Heap Roots: 0.16ms
[2026-04-03T02:43:10.628+0600][84.447s][info][gc,phases      ] GC(433)   Evacuate Collection Set: 1.72ms
[2026-04-03T02:43:10.628+0600][84.447s][info][gc,phases      ] GC(433)   Post Evacuate Collection Set: 0.66ms
[2026-04-03T02:43:10.628+0600][84.447s][info][gc,phases      ] GC(433)   Other: 0.08ms
[2026-04-03T02:43:10.628+0600][84.447s][info][gc,heap        ] GC(433) Eden regions: 63->0(339)
[2026-04-03T02:43:10.628+0600][84.447s][info][gc,heap        ] GC(433) Survivor regions: 8->4(39)
[2026-04-03T02:43:10.628+0600][84.447s][info][gc,heap        ] GC(433) Old regions: 87->87
[2026-04-03T02:43:10.628+0600][84.447s][info][gc,heap        ] GC(433) Humongous regions: 410->8
[2026-04-03T02:43:10.628+0600][84.447s][info][gc,metaspace   ] GC(433) Metaspace: 131636K(133056K)->131636K(133056K) NonClass: 115160K(115904K)->115160K(115904K) Class: 16476K(17152K)->16476K(17152K)
[2026-04-03T02:43:10.628+0600][84.447s][info][gc             ] GC(433) Pause Young (Prepare Mixed) (G1 Evacuation Pause) 567M->97M(572M) 3.194ms
[2026-04-03T02:43:10.628+0600][84.447s][info][gc,cpu         ] GC(433) User=0.02s Sys=0.00s Real=0.00s
[2026-04-03T02:43:11.098+0600][84.917s][info][gc,start       ] GC(434) Pause Young (Mixed) (G1 Evacuation Pause)
[2026-04-03T02:43:11.098+0600][84.917s][info][gc,task        ] GC(434) Using 10 workers of 10 for evacuation
[2026-04-03T02:43:11.103+0600][84.922s][info][gc,phases      ] GC(434)   Pre Evacuate Collection Set: 0.47ms
[2026-04-03T02:43:11.103+0600][84.922s][info][gc,phases      ] GC(434)   Merge Heap Roots: 0.20ms
[2026-04-03T02:43:11.103+0600][84.922s][info][gc,phases      ] GC(434)   Evacuate Collection Set: 3.68ms
[2026-04-03T02:43:11.103+0600][84.922s][info][gc,phases      ] GC(434)   Post Evacuate Collection Set: 0.82ms
[2026-04-03T02:43:11.103+0600][84.922s][info][gc,phases      ] GC(434)   Other: 0.12ms
[2026-04-03T02:43:11.103+0600][84.922s][info][gc,heap        ] GC(434) Eden regions: 321->0(344)
[2026-04-03T02:43:11.103+0600][84.922s][info][gc,heap        ] GC(434) Survivor regions: 4->6(43)
[2026-04-03T02:43:11.103+0600][84.922s][info][gc,heap        ] GC(434) Old regions: 87->87
[2026-04-03T02:43:11.103+0600][84.922s][info][gc,heap        ] GC(434) Humongous regions: 165->8
[2026-04-03T02:43:11.103+0600][84.922s][info][gc,metaspace   ] GC(434) Metaspace: 131640K(133056K)->131640K(133056K) NonClass: 115164K(115904K)->115164K(115904K) Class: 16476K(17152K)->16476K(17152K)
[2026-04-03T02:43:11.103+0600][84.922s][info][gc             ] GC(434) Pause Young (Mixed) (G1 Evacuation Pause) 575M->100M(584M) 5.557ms
[2026-04-03T02:43:11.103+0600][84.922s][info][gc,cpu         ] GC(434) User=0.02s Sys=0.01s Real=0.01s
[2026-04-03T02:43:11.126+0600][84.945s][info][gc,start       ] GC(435) Pause Young (Concurrent Start) (G1 Humongous Allocation)
[2026-04-03T02:43:11.126+0600][84.945s][info][gc,task        ] GC(435) Using 10 workers of 10 for evacuation
[2026-04-03T02:43:11.128+0600][84.947s][info][gc,phases      ] GC(435)   Pre Evacuate Collection Set: 0.46ms
[2026-04-03T02:43:11.129+0600][84.948s][info][gc,phases      ] GC(435)   Merge Heap Roots: 0.11ms
[2026-04-03T02:43:11.129+0600][84.948s][info][gc,phases      ] GC(435)   Evacuate Collection Set: 1.48ms
[2026-04-03T02:43:11.129+0600][84.948s][info][gc,phases      ] GC(435)   Post Evacuate Collection Set: 0.50ms
[2026-04-03T02:43:11.129+0600][84.948s][info][gc,phases      ] GC(435)   Other: 0.14ms
[2026-04-03T02:43:11.129+0600][84.948s][info][gc,heap        ] GC(435) Eden regions: 27->0(345)
[2026-04-03T02:43:11.129+0600][84.948s][info][gc,heap        ] GC(435) Survivor regions: 6->5(44)
[2026-04-03T02:43:11.129+0600][84.948s][info][gc,heap        ] GC(435) Old regions: 87->87
[2026-04-03T02:43:11.129+0600][84.948s][info][gc,heap        ] GC(435) Humongous regions: 24->8
[2026-04-03T02:43:11.129+0600][84.948s][info][gc,metaspace   ] GC(435) Metaspace: 131640K(133056K)->131640K(133056K) NonClass: 115164K(115904K)->115164K(115904K) Class: 16476K(17152K)->16476K(17152K)
[2026-04-03T02:43:11.129+0600][84.948s][info][gc             ] GC(435) Pause Young (Concurrent Start) (G1 Humongous Allocation) 142M->98M(584M) 2.981ms
[2026-04-03T02:43:11.129+0600][84.948s][info][gc             ] GC(436) Concurrent Undo Cycle
[2026-04-03T02:43:11.129+0600][84.948s][info][gc,cpu         ] GC(435) User=0.02s Sys=0.00s Real=0.00s
[2026-04-03T02:43:11.129+0600][84.948s][info][gc,marking     ] GC(436) Concurrent Clear Claimed Marks
[2026-04-03T02:43:11.129+0600][84.948s][info][gc,marking     ] GC(436) Concurrent Clear Claimed Marks 0.278ms
[2026-04-03T02:43:11.129+0600][84.948s][info][gc,marking     ] GC(436) Concurrent Cleanup for Next Mark
[2026-04-03T02:43:11.129+0600][84.948s][info][gc,marking     ] GC(436) Concurrent Cleanup for Next Mark 0.244ms
[2026-04-03T02:43:11.129+0600][84.948s][info][gc             ] GC(436) Concurrent Undo Cycle 0.684ms
[2026-04-03T02:43:11.154+0600][84.973s][info][gc,start       ] GC(437) Pause Young (Concurrent Start) (G1 Humongous Allocation)
[2026-04-03T02:43:11.154+0600][84.973s][info][gc,task        ] GC(437) Using 10 workers of 10 for evacuation
[2026-04-03T02:43:11.158+0600][84.977s][info][gc,phases      ] GC(437)   Pre Evacuate Collection Set: 0.36ms
[2026-04-03T02:43:11.158+0600][84.977s][info][gc,phases      ] GC(437)   Merge Heap Roots: 0.12ms
[2026-04-03T02:43:11.158+0600][84.977s][info][gc,phases      ] GC(437)   Evacuate Collection Set: 2.03ms
[2026-04-03T02:43:11.158+0600][84.977s][info][gc,phases      ] GC(437)   Post Evacuate Collection Set: 0.52ms
[2026-04-03T02:43:11.158+0600][84.977s][info][gc,phases      ] GC(437)   Other: 0.16ms
[2026-04-03T02:43:11.158+0600][84.977s][info][gc,heap        ] GC(437) Eden regions: 23->0(344)
[2026-04-03T02:43:11.158+0600][84.977s][info][gc,heap        ] GC(437) Survivor regions: 5->6(44)
[2026-04-03T02:43:11.158+0600][84.977s][info][gc,heap        ] GC(437) Old regions: 87->87
[2026-04-03T02:43:11.158+0600][84.977s][info][gc,heap        ] GC(437) Humongous regions: 19->8
[2026-04-03T02:43:11.158+0600][84.977s][info][gc,metaspace   ] GC(437) Metaspace: 131640K(133056K)->131640K(133056K) NonClass: 115164K(115904K)->115164K(115904K) Class: 16476K(17152K)->16476K(17152K)
[2026-04-03T02:43:11.158+0600][84.977s][info][gc             ] GC(437) Pause Young (Concurrent Start) (G1 Humongous Allocation) 131M->99M(584M) 3.491ms
[2026-04-03T02:43:11.158+0600][84.977s][info][gc             ] GC(438) Concurrent Undo Cycle
[2026-04-03T02:43:11.158+0600][84.977s][info][gc,cpu         ] GC(437) User=0.02s Sys=0.00s Real=0.00s
[2026-04-03T02:43:11.158+0600][84.977s][info][gc,marking     ] GC(438) Concurrent Clear Claimed Marks
[2026-04-03T02:43:11.158+0600][84.977s][info][gc,marking     ] GC(438) Concurrent Clear Claimed Marks 0.320ms
[2026-04-03T02:43:11.158+0600][84.977s][info][gc,marking     ] GC(438) Concurrent Cleanup for Next Mark
[2026-04-03T02:43:11.159+0600][84.978s][info][gc,marking     ] GC(438) Concurrent Cleanup for Next Mark 0.274ms
[2026-04-03T02:43:11.159+0600][84.978s][info][gc             ] GC(438) Concurrent Undo Cycle 0.740ms
[2026-04-03T02:43:11.167+0600][84.986s][info][gc,start       ] GC(439) Pause Young (Concurrent Start) (G1 Humongous Allocation)
[2026-04-03T02:43:11.167+0600][84.986s][info][gc,task        ] GC(439) Using 10 workers of 10 for evacuation
[2026-04-03T02:43:11.172+0600][84.991s][info][gc,phases      ] GC(439)   Pre Evacuate Collection Set: 0.45ms
[2026-04-03T02:43:11.172+0600][84.991s][info][gc,phases      ] GC(439)   Merge Heap Roots: 0.14ms
[2026-04-03T02:43:11.172+0600][84.991s][info][gc,phases      ] GC(439)   Evacuate Collection Set: 1.55ms
[2026-04-03T02:43:11.172+0600][84.991s][info][gc,phases      ] GC(439)   Post Evacuate Collection Set: 1.96ms
[2026-04-03T02:43:11.172+0600][84.991s][info][gc,phases      ] GC(439)   Other: 0.15ms
[2026-04-03T02:43:11.172+0600][84.991s][info][gc,heap        ] GC(439) Eden regions: 4->0(505)
[2026-04-03T02:43:11.172+0600][84.991s][info][gc,heap        ] GC(439) Survivor regions: 6->4(44)
[2026-04-03T02:43:11.172+0600][84.991s][info][gc,heap        ] GC(439) Old regions: 87->87
[2026-04-03T02:43:11.172+0600][84.991s][info][gc,heap        ] GC(439) Humongous regions: 18->8
[2026-04-03T02:43:11.172+0600][84.991s][info][gc,metaspace   ] GC(439) Metaspace: 131640K(133056K)->131640K(133056K) NonClass: 115164K(115904K)->115164K(115904K) Class: 16476K(17152K)->16476K(17152K)
[2026-04-03T02:43:11.172+0600][84.991s][info][gc             ] GC(439) Pause Young (Concurrent Start) (G1 Humongous Allocation) 113M->98M(849M) 4.497ms
[2026-04-03T02:43:11.172+0600][84.991s][info][gc,cpu         ] GC(439) User=0.02s Sys=0.00s Real=0.01s
[2026-04-03T02:43:11.172+0600][84.991s][info][gc             ] GC(440) Concurrent Undo Cycle
[2026-04-03T02:43:11.172+0600][84.991s][info][gc,marking     ] GC(440) Concurrent Clear Claimed Marks
[2026-04-03T02:43:11.172+0600][84.991s][info][gc,marking     ] GC(440) Concurrent Clear Claimed Marks 0.268ms
[2026-04-03T02:43:11.172+0600][84.991s][info][gc,marking     ] GC(440) Concurrent Cleanup for Next Mark
[2026-04-03T02:43:11.173+0600][84.992s][info][gc,marking     ] GC(440) Concurrent Cleanup for Next Mark 0.331ms
[2026-04-03T02:43:11.173+0600][84.992s][info][gc             ] GC(440) Concurrent Undo Cycle 0.768ms
[2026-04-03T02:43:11.362+0600][85.181s][info][gc,start       ] GC(441) Pause Young (Concurrent Start) (G1 Humongous Allocation)
[2026-04-03T02:43:11.362+0600][85.181s][info][gc,task        ] GC(441) Using 10 workers of 10 for evacuation
[2026-04-03T02:43:11.368+0600][85.187s][info][gc,phases      ] GC(441)   Pre Evacuate Collection Set: 0.84ms
[2026-04-03T02:43:11.368+0600][85.187s][info][gc,phases      ] GC(441)   Merge Heap Roots: 0.22ms
[2026-04-03T02:43:11.368+0600][85.187s][info][gc,phases      ] GC(441)   Evacuate Collection Set: 3.77ms
[2026-04-03T02:43:11.368+0600][85.187s][info][gc,phases      ] GC(441)   Post Evacuate Collection Set: 0.81ms
[2026-04-03T02:43:11.368+0600][85.187s][info][gc,phases      ] GC(441)   Other: 0.36ms
[2026-04-03T02:43:11.368+0600][85.187s][info][gc,heap        ] GC(441) Eden regions: 155->0(502)
[2026-04-03T02:43:11.368+0600][85.187s][info][gc,heap        ] GC(441) Survivor regions: 4->7(64)
[2026-04-03T02:43:11.368+0600][85.187s][info][gc,heap        ] GC(441) Old regions: 87->87
[2026-04-03T02:43:11.368+0600][85.187s][info][gc,heap        ] GC(441) Humongous regions: 118->8
[2026-04-03T02:43:11.368+0600][85.187s][info][gc,metaspace   ] GC(441) Metaspace: 131640K(133056K)->131640K(133056K) NonClass: 115164K(115904K)->115164K(115904K) Class: 16476K(17152K)->16476K(17152K)
[2026-04-03T02:43:11.368+0600][85.187s][info][gc             ] GC(441) Pause Young (Concurrent Start) (G1 Humongous Allocation) 363M->100M(849M) 6.313ms
[2026-04-03T02:43:11.368+0600][85.187s][info][gc             ] GC(442) Concurrent Undo Cycle
[2026-04-03T02:43:11.368+0600][85.187s][info][gc,cpu         ] GC(441) User=0.04s Sys=0.01s Real=0.00s
[2026-04-03T02:43:11.368+0600][85.187s][info][gc,marking     ] GC(442) Concurrent Clear Claimed Marks
[2026-04-03T02:43:11.369+0600][85.188s][info][gc,marking     ] GC(442) Concurrent Clear Claimed Marks 0.446ms
[2026-04-03T02:43:11.369+0600][85.188s][info][gc,marking     ] GC(442) Concurrent Cleanup for Next Mark
[2026-04-03T02:43:11.369+0600][85.188s][info][gc,marking     ] GC(442) Concurrent Cleanup for Next Mark 0.341ms
[2026-04-03T02:43:11.369+0600][85.188s][info][gc             ] GC(442) Concurrent Undo Cycle 1.052ms
[2026-04-03T02:43:11.541+0600][85.360s][info][gc,start       ] GC(443) Pause Young (Concurrent Start) (G1 Humongous Allocation)
[2026-04-03T02:43:11.541+0600][85.360s][info][gc,task        ] GC(443) Using 10 workers of 10 for evacuation
[2026-04-03T02:43:11.546+0600][85.365s][info][gc,phases      ] GC(443)   Pre Evacuate Collection Set: 0.49ms
[2026-04-03T02:43:11.546+0600][85.365s][info][gc,phases      ] GC(443)   Merge Heap Roots: 0.15ms
[2026-04-03T02:43:11.546+0600][85.365s][info][gc,phases      ] GC(443)   Evacuate Collection Set: 2.61ms
[2026-04-03T02:43:11.546+0600][85.365s][info][gc,phases      ] GC(443)   Post Evacuate Collection Set: 1.15ms
[2026-04-03T02:43:11.546+0600][85.365s][info][gc,phases      ] GC(443)   Other: 0.30ms
[2026-04-03T02:43:11.546+0600][85.365s][info][gc,heap        ] GC(443) Eden regions: 151->0(504)
[2026-04-03T02:43:11.546+0600][85.365s][info][gc,heap        ] GC(443) Survivor regions: 7->5(64)
[2026-04-03T02:43:11.546+0600][85.365s][info][gc,heap        ] GC(443) Old regions: 87->87
[2026-04-03T02:43:11.546+0600][85.365s][info][gc,heap        ] GC(443) Humongous regions: 121->8
[2026-04-03T02:43:11.546+0600][85.365s][info][gc,metaspace   ] GC(443) Metaspace: 131640K(133056K)->131640K(133056K) NonClass: 115164K(115904K)->115164K(115904K) Class: 16476K(17152K)->16476K(17152K)
[2026-04-03T02:43:11.546+0600][85.365s][info][gc             ] GC(443) Pause Young (Concurrent Start) (G1 Humongous Allocation) 364M->99M(849M) 5.037ms
[2026-04-03T02:43:11.546+0600][85.365s][info][gc             ] GC(444) Concurrent Undo Cycle
[2026-04-03T02:43:11.546+0600][85.365s][info][gc,cpu         ] GC(443) User=0.02s Sys=0.00s Real=0.00s
[2026-04-03T02:43:11.546+0600][85.365s][info][gc,marking     ] GC(444) Concurrent Clear Claimed Marks
[2026-04-03T02:43:11.547+0600][85.366s][info][gc,marking     ] GC(444) Concurrent Clear Claimed Marks 0.381ms
[2026-04-03T02:43:11.547+0600][85.366s][info][gc,marking     ] GC(444) Concurrent Cleanup for Next Mark
[2026-04-03T02:43:11.547+0600][85.366s][info][gc,marking     ] GC(444) Concurrent Cleanup for Next Mark 0.296ms
[2026-04-03T02:43:11.547+0600][85.366s][info][gc             ] GC(444) Concurrent Undo Cycle 0.873ms
[2026-04-03T02:43:11.778+0600][85.597s][info][gc,start       ] GC(445) Pause Young (Concurrent Start) (G1 Humongous Allocation)
[2026-04-03T02:43:11.778+0600][85.597s][info][gc,task        ] GC(445) Using 10 workers of 10 for evacuation
[2026-04-03T02:43:11.781+0600][85.600s][info][gc,phases      ] GC(445)   Pre Evacuate Collection Set: 0.50ms
[2026-04-03T02:43:11.781+0600][85.600s][info][gc,phases      ] GC(445)   Merge Heap Roots: 0.14ms
[2026-04-03T02:43:11.781+0600][85.600s][info][gc,phases      ] GC(445)   Evacuate Collection Set: 2.00ms
[2026-04-03T02:43:11.781+0600][85.600s][info][gc,phases      ] GC(445)   Post Evacuate Collection Set: 0.65ms
[2026-04-03T02:43:11.781+0600][85.600s][info][gc,phases      ] GC(445)   Other: 0.22ms
[2026-04-03T02:43:11.781+0600][85.600s][info][gc,heap        ] GC(445) Eden regions: 178->0(502)
[2026-04-03T02:43:11.781+0600][85.600s][info][gc,heap        ] GC(445) Survivor regions: 5->7(64)
[2026-04-03T02:43:11.781+0600][85.600s][info][gc,heap        ] GC(445) Old regions: 87->87
[2026-04-03T02:43:11.781+0600][85.600s][info][gc,heap        ] GC(445) Humongous regions: 121->8
[2026-04-03T02:43:11.781+0600][85.600s][info][gc,metaspace   ] GC(445) Metaspace: 131640K(133056K)->131640K(133056K) NonClass: 115164K(115904K)->115164K(115904K) Class: 16476K(17152K)->16476K(17152K)
[2026-04-03T02:43:11.781+0600][85.600s][info][gc             ] GC(445) Pause Young (Concurrent Start) (G1 Humongous Allocation) 390M->100M(849M) 3.741ms
[2026-04-03T02:43:11.781+0600][85.600s][info][gc,cpu         ] GC(445) User=0.03s Sys=0.00s Real=0.01s
[2026-04-03T02:43:11.781+0600][85.600s][info][gc             ] GC(446) Concurrent Undo Cycle
[2026-04-03T02:43:11.781+0600][85.600s][info][gc,marking     ] GC(446) Concurrent Clear Claimed Marks
[2026-04-03T02:43:11.782+0600][85.601s][info][gc,marking     ] GC(446) Concurrent Clear Claimed Marks 0.285ms
[2026-04-03T02:43:11.782+0600][85.601s][info][gc,marking     ] GC(446) Concurrent Cleanup for Next Mark
[2026-04-03T02:43:11.782+0600][85.601s][info][gc,marking     ] GC(446) Concurrent Cleanup for Next Mark 0.331ms
[2026-04-03T02:43:11.782+0600][85.601s][info][gc             ] GC(446) Concurrent Undo Cycle 0.804ms
[2026-04-03T02:43:12.153+0600][85.972s][info][gc,start       ] GC(447) Pause Young (Concurrent Start) (G1 Humongous Allocation)
[2026-04-03T02:43:12.153+0600][85.972s][info][gc,task        ] GC(447) Using 10 workers of 10 for evacuation
[2026-04-03T02:43:12.156+0600][85.975s][info][gc,phases      ] GC(447)   Pre Evacuate Collection Set: 0.55ms
[2026-04-03T02:43:12.156+0600][85.975s][info][gc,phases      ] GC(447)   Merge Heap Roots: 0.14ms
[2026-04-03T02:43:12.156+0600][85.975s][info][gc,phases      ] GC(447)   Evacuate Collection Set: 1.33ms
[2026-04-03T02:43:12.156+0600][85.975s][info][gc,phases      ] GC(447)   Post Evacuate Collection Set: 0.77ms
[2026-04-03T02:43:12.156+0600][85.975s][info][gc,phases      ] GC(447)   Other: 0.27ms
[2026-04-03T02:43:12.156+0600][85.975s][info][gc,heap        ] GC(447) Eden regions: 310->0(503)
[2026-04-03T02:43:12.156+0600][85.975s][info][gc,heap        ] GC(447) Survivor regions: 7->6(64)
[2026-04-03T02:43:12.156+0600][85.975s][info][gc,heap        ] GC(447) Old regions: 87->87
[2026-04-03T02:43:12.156+0600][85.975s][info][gc,heap        ] GC(447) Humongous regions: 126->8
[2026-04-03T02:43:12.156+0600][85.975s][info][gc,metaspace   ] GC(447) Metaspace: 131642K(133056K)->131642K(133056K) NonClass: 115165K(115904K)->115165K(115904K) Class: 16476K(17152K)->16476K(17152K)
[2026-04-03T02:43:12.156+0600][85.975s][info][gc             ] GC(447) Pause Young (Concurrent Start) (G1 Humongous Allocation) 527M->100M(849M) 3.294ms
[2026-04-03T02:43:12.157+0600][85.976s][info][gc             ] GC(448) Concurrent Undo Cycle
[2026-04-03T02:43:12.157+0600][85.976s][info][gc,cpu         ] GC(447) User=0.01s Sys=0.00s Real=0.00s
[2026-04-03T02:43:12.157+0600][85.976s][info][gc,marking     ] GC(448) Concurrent Clear Claimed Marks
[2026-04-03T02:43:12.157+0600][85.976s][info][gc,marking     ] GC(448) Concurrent Clear Claimed Marks 0.275ms
[2026-04-03T02:43:12.157+0600][85.976s][info][gc,marking     ] GC(448) Concurrent Cleanup for Next Mark
[2026-04-03T02:43:12.157+0600][85.976s][info][gc,marking     ] GC(448) Concurrent Cleanup for Next Mark 0.325ms
[2026-04-03T02:43:12.157+0600][85.976s][info][gc             ] GC(448) Concurrent Undo Cycle 0.755ms
[2026-04-03T02:43:12.193+0600][86.012s][info][gc,start       ] GC(449) Pause Young (Concurrent Start) (G1 Humongous Allocation)
[2026-04-03T02:43:12.193+0600][86.012s][info][gc,task        ] GC(449) Using 10 workers of 10 for evacuation
[2026-04-03T02:43:12.196+0600][86.015s][info][gc,phases      ] GC(449)   Pre Evacuate Collection Set: 0.46ms
[2026-04-03T02:43:12.196+0600][86.015s][info][gc,phases      ] GC(449)   Merge Heap Roots: 0.17ms
[2026-04-03T02:43:12.196+0600][86.015s][info][gc,phases      ] GC(449)   Evacuate Collection Set: 1.53ms
[2026-04-03T02:43:12.196+0600][86.015s][info][gc,phases      ] GC(449)   Post Evacuate Collection Set: 0.60ms
[2026-04-03T02:43:12.196+0600][86.015s][info][gc,phases      ] GC(449)   Other: 0.12ms
[2026-04-03T02:43:12.196+0600][86.015s][info][gc,heap        ] GC(449) Eden regions: 32->0(504)
[2026-04-03T02:43:12.196+0600][86.015s][info][gc,heap        ] GC(449) Survivor regions: 6->5(64)
[2026-04-03T02:43:12.196+0600][86.015s][info][gc,heap        ] GC(449) Old regions: 87->87
[2026-04-03T02:43:12.196+0600][86.015s][info][gc,heap        ] GC(449) Humongous regions: 126->18
[2026-04-03T02:43:12.196+0600][86.015s][info][gc,metaspace   ] GC(449) Metaspace: 131642K(133056K)->131642K(133056K) NonClass: 115166K(115904K)->115166K(115904K) Class: 16476K(17152K)->16476K(17152K)
[2026-04-03T02:43:12.196+0600][86.015s][info][gc             ] GC(449) Pause Young (Concurrent Start) (G1 Humongous Allocation) 249M->108M(849M) 3.156ms
[2026-04-03T02:43:12.196+0600][86.015s][info][gc             ] GC(450) Concurrent Undo Cycle
[2026-04-03T02:43:12.196+0600][86.015s][info][gc,cpu         ] GC(449) User=0.01s Sys=0.00s Real=0.00s
[2026-04-03T02:43:12.196+0600][86.015s][info][gc,marking     ] GC(450) Concurrent Clear Claimed Marks
[2026-04-03T02:43:12.197+0600][86.016s][info][gc,marking     ] GC(450) Concurrent Clear Claimed Marks 0.291ms
[2026-04-03T02:43:12.197+0600][86.016s][info][gc,marking     ] GC(450) Concurrent Cleanup for Next Mark
[2026-04-03T02:43:12.197+0600][86.016s][info][gc,marking     ] GC(450) Concurrent Cleanup for Next Mark 0.811ms
[2026-04-03T02:43:12.198+0600][86.017s][info][gc             ] GC(450) Concurrent Undo Cycle 1.309ms
[2026-04-03T02:43:12.204+0600][86.023s][info][gc,start       ] GC(451) Pause Young (Concurrent Start) (G1 Humongous Allocation)
[2026-04-03T02:43:12.204+0600][86.023s][info][gc,task        ] GC(451) Using 10 workers of 10 for evacuation
[2026-04-03T02:43:12.207+0600][86.026s][info][gc,phases      ] GC(451)   Pre Evacuate Collection Set: 0.35ms
[2026-04-03T02:43:12.207+0600][86.026s][info][gc,phases      ] GC(451)   Merge Heap Roots: 0.08ms
[2026-04-03T02:43:12.207+0600][86.026s][info][gc,phases      ] GC(451)   Evacuate Collection Set: 1.48ms
[2026-04-03T02:43:12.207+0600][86.026s][info][gc,phases      ] GC(451)   Post Evacuate Collection Set: 0.59ms
[2026-04-03T02:43:12.207+0600][86.026s][info][gc,phases      ] GC(451)   Other: 0.10ms
[2026-04-03T02:43:12.207+0600][86.026s][info][gc,heap        ] GC(451) Eden regions: 9->0(504)
[2026-04-03T02:43:12.207+0600][86.026s][info][gc,heap        ] GC(451) Survivor regions: 5->5(64)
[2026-04-03T02:43:12.207+0600][86.026s][info][gc,heap        ] GC(451) Old regions: 87->87
[2026-04-03T02:43:12.207+0600][86.026s][info][gc,heap        ] GC(451) Humongous regions: 118->23
[2026-04-03T02:43:12.207+0600][86.026s][info][gc,metaspace   ] GC(451) Metaspace: 131642K(133056K)->131642K(133056K) NonClass: 115166K(115904K)->115166K(115904K) Class: 16476K(17152K)->16476K(17152K)
[2026-04-03T02:43:12.207+0600][86.026s][info][gc             ] GC(451) Pause Young (Concurrent Start) (G1 Humongous Allocation) 216M->114M(849M) 2.904ms
[2026-04-03T02:43:12.207+0600][86.026s][info][gc             ] GC(452) Concurrent Undo Cycle
[2026-04-03T02:43:12.207+0600][86.026s][info][gc,cpu         ] GC(451) User=0.02s Sys=0.00s Real=0.00s
[2026-04-03T02:43:12.207+0600][86.026s][info][gc,marking     ] GC(452) Concurrent Clear Claimed Marks
[2026-04-03T02:43:12.207+0600][86.026s][info][gc,marking     ] GC(452) Concurrent Clear Claimed Marks 0.327ms
[2026-04-03T02:43:12.207+0600][86.026s][info][gc,marking     ] GC(452) Concurrent Cleanup for Next Mark
[2026-04-03T02:43:12.208+0600][86.027s][info][gc,marking     ] GC(452) Concurrent Cleanup for Next Mark 0.300ms
[2026-04-03T02:43:12.208+0600][86.027s][info][gc             ] GC(452) Concurrent Undo Cycle 0.802ms
[2026-04-03T02:43:12.211+0600][86.030s][info][gc,start       ] GC(453) Pause Young (Concurrent Start) (G1 Humongous Allocation)
[2026-04-03T02:43:12.211+0600][86.030s][info][gc,task        ] GC(453) Using 10 workers of 10 for evacuation
[2026-04-03T02:43:12.214+0600][86.033s][info][gc,phases      ] GC(453)   Pre Evacuate Collection Set: 0.35ms
[2026-04-03T02:43:12.214+0600][86.033s][info][gc,phases      ] GC(453)   Merge Heap Roots: 0.09ms
[2026-04-03T02:43:12.214+0600][86.033s][info][gc,phases      ] GC(453)   Evacuate Collection Set: 1.56ms
[2026-04-03T02:43:12.214+0600][86.033s][info][gc,phases      ] GC(453)   Post Evacuate Collection Set: 0.55ms
[2026-04-03T02:43:12.214+0600][86.033s][info][gc,phases      ] GC(453)   Other: 0.13ms
[2026-04-03T02:43:12.214+0600][86.033s][info][gc,heap        ] GC(453) Eden regions: 5->0(504)
[2026-04-03T02:43:12.214+0600][86.033s][info][gc,heap        ] GC(453) Survivor regions: 5->5(64)
[2026-04-03T02:43:12.214+0600][86.033s][info][gc,heap        ] GC(453) Old regions: 87->87
[2026-04-03T02:43:12.214+0600][86.033s][info][gc,heap        ] GC(453) Humongous regions: 78->13
[2026-04-03T02:43:12.214+0600][86.033s][info][gc,metaspace   ] GC(453) Metaspace: 131642K(133056K)->131642K(133056K) NonClass: 115166K(115904K)->115166K(115904K) Class: 16476K(17152K)->16476K(17152K)
[2026-04-03T02:43:12.214+0600][86.033s][info][gc             ] GC(453) Pause Young (Concurrent Start) (G1 Humongous Allocation) 174M->104M(849M) 2.925ms
[2026-04-03T02:43:12.214+0600][86.033s][info][gc             ] GC(454) Concurrent Undo Cycle
[2026-04-03T02:43:12.214+0600][86.033s][info][gc,cpu         ] GC(453) User=0.02s Sys=0.01s Real=0.00s
[2026-04-03T02:43:12.214+0600][86.033s][info][gc,marking     ] GC(454) Concurrent Clear Claimed Marks
[2026-04-03T02:43:12.214+0600][86.033s][info][gc,marking     ] GC(454) Concurrent Clear Claimed Marks 0.293ms
[2026-04-03T02:43:12.214+0600][86.034s][info][gc,marking     ] GC(454) Concurrent Cleanup for Next Mark
[2026-04-03T02:43:12.216+0600][86.035s][info][gc,marking     ] GC(454) Concurrent Cleanup for Next Mark 1.755ms
[2026-04-03T02:43:12.216+0600][86.035s][info][gc             ] GC(454) Concurrent Undo Cycle 2.263ms
[2026-04-03T02:43:12.231+0600][86.050s][info][gc,start       ] GC(455) Pause Young (Concurrent Start) (G1 Humongous Allocation)
[2026-04-03T02:43:12.231+0600][86.050s][info][gc,task        ] GC(455) Using 10 workers of 10 for evacuation
[2026-04-03T02:43:12.233+0600][86.052s][info][gc,phases      ] GC(455)   Pre Evacuate Collection Set: 0.34ms
[2026-04-03T02:43:12.233+0600][86.052s][info][gc,phases      ] GC(455)   Merge Heap Roots: 0.08ms
[2026-04-03T02:43:12.233+0600][86.052s][info][gc,phases      ] GC(455)   Evacuate Collection Set: 1.22ms
[2026-04-03T02:43:12.233+0600][86.052s][info][gc,phases      ] GC(455)   Post Evacuate Collection Set: 0.47ms
[2026-04-03T02:43:12.233+0600][86.052s][info][gc,phases      ] GC(455)   Other: 0.18ms
[2026-04-03T02:43:12.233+0600][86.052s][info][gc,heap        ] GC(455) Eden regions: 8->0(507)
[2026-04-03T02:43:12.233+0600][86.052s][info][gc,heap        ] GC(455) Survivor regions: 5->2(64)
[2026-04-03T02:43:12.233+0600][86.052s][info][gc,heap        ] GC(455) Old regions: 87->87
[2026-04-03T02:43:12.233+0600][86.052s][info][gc,heap        ] GC(455) Humongous regions: 86->8
[2026-04-03T02:43:12.233+0600][86.052s][info][gc,metaspace   ] GC(455) Metaspace: 131642K(133056K)->131642K(133056K) NonClass: 115166K(115904K)->115166K(115904K) Class: 16476K(17152K)->16476K(17152K)
[2026-04-03T02:43:12.233+0600][86.052s][info][gc             ] GC(455) Pause Young (Concurrent Start) (G1 Humongous Allocation) 185M->96M(849M) 2.528ms
[2026-04-03T02:43:12.233+0600][86.052s][info][gc             ] GC(456) Concurrent Undo Cycle
[2026-04-03T02:43:12.233+0600][86.052s][info][gc,cpu         ] GC(455) User=0.02s Sys=0.01s Real=0.00s
[2026-04-03T02:43:12.233+0600][86.052s][info][gc,marking     ] GC(456) Concurrent Clear Claimed Marks
[2026-04-03T02:43:12.233+0600][86.053s][info][gc,marking     ] GC(456) Concurrent Clear Claimed Marks 0.231ms
[2026-04-03T02:43:12.234+0600][86.053s][info][gc,marking     ] GC(456) Concurrent Cleanup for Next Mark
[2026-04-03T02:43:12.234+0600][86.053s][info][gc,marking     ] GC(456) Concurrent Cleanup for Next Mark 0.304ms
[2026-04-03T02:43:12.234+0600][86.053s][info][gc             ] GC(456) Concurrent Undo Cycle 0.707ms
[2026-04-03T02:43:12.282+0600][86.101s][info][gc,start       ] GC(457) Pause Young (Concurrent Start) (G1 Humongous Allocation)
[2026-04-03T02:43:12.282+0600][86.101s][info][gc,task        ] GC(457) Using 10 workers of 10 for evacuation
[2026-04-03T02:43:12.286+0600][86.105s][info][gc,phases      ] GC(457)   Pre Evacuate Collection Set: 0.36ms
[2026-04-03T02:43:12.286+0600][86.105s][info][gc,phases      ] GC(457)   Merge Heap Roots: 0.09ms
[2026-04-03T02:43:12.286+0600][86.105s][info][gc,phases      ] GC(457)   Evacuate Collection Set: 1.12ms
[2026-04-03T02:43:12.286+0600][86.105s][info][gc,phases      ] GC(457)   Post Evacuate Collection Set: 2.00ms
[2026-04-03T02:43:12.286+0600][86.105s][info][gc,phases      ] GC(457)   Other: 0.15ms
[2026-04-03T02:43:12.286+0600][86.105s][info][gc,heap        ] GC(457) Eden regions: 42->0(659)
[2026-04-03T02:43:12.286+0600][86.105s][info][gc,heap        ] GC(457) Survivor regions: 2->4(64)
[2026-04-03T02:43:12.286+0600][86.105s][info][gc,heap        ] GC(457) Old regions: 87->87
[2026-04-03T02:43:12.286+0600][86.105s][info][gc,heap        ] GC(457) Humongous regions: 89->23
[2026-04-03T02:43:12.286+0600][86.105s][info][gc,metaspace   ] GC(457) Metaspace: 131642K(133056K)->131642K(133056K) NonClass: 115166K(115904K)->115166K(115904K) Class: 16476K(17152K)->16476K(17152K)
[2026-04-03T02:43:12.286+0600][86.105s][info][gc             ] GC(457) Pause Young (Concurrent Start) (G1 Humongous Allocation) 219M->113M(1106M) 3.937ms
[2026-04-03T02:43:12.286+0600][86.105s][info][gc,cpu         ] GC(457) User=0.01s Sys=0.00s Real=0.00s
[2026-04-03T02:43:12.286+0600][86.105s][info][gc             ] GC(458) Concurrent Undo Cycle
[2026-04-03T02:43:12.286+0600][86.105s][info][gc,marking     ] GC(458) Concurrent Clear Claimed Marks
[2026-04-03T02:43:12.286+0600][86.105s][info][gc,marking     ] GC(458) Concurrent Clear Claimed Marks 0.276ms
[2026-04-03T02:43:12.286+0600][86.105s][info][gc,marking     ] GC(458) Concurrent Cleanup for Next Mark
[2026-04-03T02:43:12.287+0600][86.106s][info][gc,marking     ] GC(458) Concurrent Cleanup for Next Mark 0.250ms
[2026-04-03T02:43:12.287+0600][86.106s][info][gc             ] GC(458) Concurrent Undo Cycle 0.716ms
[2026-04-03T02:43:12.294+0600][86.113s][info][gc,start       ] GC(459) Pause Young (Concurrent Start) (G1 Humongous Allocation)
[2026-04-03T02:43:12.294+0600][86.113s][info][gc,task        ] GC(459) Using 10 workers of 10 for evacuation
[2026-04-03T02:43:12.297+0600][86.116s][info][gc,phases      ] GC(459)   Pre Evacuate Collection Set: 0.52ms
[2026-04-03T02:43:12.297+0600][86.116s][info][gc,phases      ] GC(459)   Merge Heap Roots: 0.11ms
[2026-04-03T02:43:12.297+0600][86.116s][info][gc,phases      ] GC(459)   Evacuate Collection Set: 1.73ms
[2026-04-03T02:43:12.297+0600][86.116s][info][gc,phases      ] GC(459)   Post Evacuate Collection Set: 0.95ms
[2026-04-03T02:43:12.297+0600][86.116s][info][gc,phases      ] GC(459)   Other: 0.23ms
[2026-04-03T02:43:12.297+0600][86.116s][info][gc,heap        ] GC(459) Eden regions: 9->0(657)
[2026-04-03T02:43:12.297+0600][86.116s][info][gc,heap        ] GC(459) Survivor regions: 4->6(83)
[2026-04-03T02:43:12.297+0600][86.116s][info][gc,heap        ] GC(459) Old regions: 87->87
[2026-04-03T02:43:12.297+0600][86.116s][info][gc,heap        ] GC(459) Humongous regions: 168->13
[2026-04-03T02:43:12.297+0600][86.116s][info][gc,metaspace   ] GC(459) Metaspace: 131642K(133056K)->131642K(133056K) NonClass: 115166K(115904K)->115166K(115904K) Class: 16476K(17152K)->16476K(17152K)
[2026-04-03T02:43:12.298+0600][86.117s][info][gc             ] GC(459) Pause Young (Concurrent Start) (G1 Humongous Allocation) 267M->105M(1106M) 3.864ms
[2026-04-03T02:43:12.298+0600][86.117s][info][gc             ] GC(460) Concurrent Undo Cycle
[2026-04-03T02:43:12.298+0600][86.117s][info][gc,cpu         ] GC(459) User=0.02s Sys=0.00s Real=0.00s
[2026-04-03T02:43:12.298+0600][86.117s][info][gc,marking     ] GC(460) Concurrent Clear Claimed Marks
[2026-04-03T02:43:12.298+0600][86.117s][info][gc,marking     ] GC(460) Concurrent Clear Claimed Marks 0.433ms
[2026-04-03T02:43:12.298+0600][86.117s][info][gc,marking     ] GC(460) Concurrent Cleanup for Next Mark
[2026-04-03T02:43:12.299+0600][86.118s][info][gc,marking     ] GC(460) Concurrent Cleanup for Next Mark 0.727ms
[2026-04-03T02:43:12.299+0600][86.118s][info][gc             ] GC(460) Concurrent Undo Cycle 1.407ms
[2026-04-03T02:43:12.390+0600][86.209s][info][gc,start       ] GC(461) Pause Young (Concurrent Start) (G1 Humongous Allocation)
[2026-04-03T02:43:12.390+0600][86.209s][info][gc,task        ] GC(461) Using 10 workers of 10 for evacuation
[2026-04-03T02:43:12.394+0600][86.213s][info][gc,phases      ] GC(461)   Pre Evacuate Collection Set: 0.40ms
[2026-04-03T02:43:12.394+0600][86.213s][info][gc,phases      ] GC(461)   Merge Heap Roots: 0.15ms
[2026-04-03T02:43:12.394+0600][86.213s][info][gc,phases      ] GC(461)   Evacuate Collection Set: 2.51ms
[2026-04-03T02:43:12.394+0600][86.213s][info][gc,phases      ] GC(461)   Post Evacuate Collection Set: 0.70ms
[2026-04-03T02:43:12.394+0600][86.213s][info][gc,phases      ] GC(461)   Other: 0.20ms
[2026-04-03T02:43:12.394+0600][86.213s][info][gc,heap        ] GC(461) Eden regions: 77->0(659)
[2026-04-03T02:43:12.394+0600][86.213s][info][gc,heap        ] GC(461) Survivor regions: 6->4(83)
[2026-04-03T02:43:12.394+0600][86.213s][info][gc,heap        ] GC(461) Old regions: 87->88
[2026-04-03T02:43:12.394+0600][86.213s][info][gc,heap        ] GC(461) Humongous regions: 175->10
[2026-04-03T02:43:12.394+0600][86.213s][info][gc,metaspace   ] GC(461) Metaspace: 131642K(133056K)->131642K(133056K) NonClass: 115166K(115904K)->115166K(115904K) Class: 16476K(17152K)->16476K(17152K)
[2026-04-03T02:43:12.394+0600][86.214s][info][gc             ] GC(461) Pause Young (Concurrent Start) (G1 Humongous Allocation) 343M->100M(1106M) 4.251ms
[2026-04-03T02:43:12.395+0600][86.214s][info][gc             ] GC(462) Concurrent Undo Cycle
[2026-04-03T02:43:12.395+0600][86.214s][info][gc,cpu         ] GC(461) User=0.03s Sys=0.00s Real=0.00s
[2026-04-03T02:43:12.395+0600][86.214s][info][gc,marking     ] GC(462) Concurrent Clear Claimed Marks
[2026-04-03T02:43:12.395+0600][86.214s][info][gc,marking     ] GC(462) Concurrent Clear Claimed Marks 0.409ms
[2026-04-03T02:43:12.395+0600][86.214s][info][gc,marking     ] GC(462) Concurrent Cleanup for Next Mark
[2026-04-03T02:43:12.395+0600][86.215s][info][gc,marking     ] GC(462) Concurrent Cleanup for Next Mark 0.337ms
[2026-04-03T02:43:12.396+0600][86.215s][info][gc             ] GC(462) Concurrent Undo Cycle 1.010ms
[2026-04-03T02:43:12.938+0600][86.757s][info][gc,start       ] GC(463) Pause Young (Concurrent Start) (G1 Humongous Allocation)
[2026-04-03T02:43:12.938+0600][86.757s][info][gc,task        ] GC(463) Using 10 workers of 10 for evacuation
[2026-04-03T02:43:12.942+0600][86.761s][info][gc,phases      ] GC(463)   Pre Evacuate Collection Set: 0.60ms
[2026-04-03T02:43:12.942+0600][86.761s][info][gc,phases      ] GC(463)   Merge Heap Roots: 0.19ms
[2026-04-03T02:43:12.942+0600][86.761s][info][gc,phases      ] GC(463)   Evacuate Collection Set: 1.54ms
[2026-04-03T02:43:12.942+0600][86.761s][info][gc,phases      ] GC(463)   Post Evacuate Collection Set: 0.75ms
[2026-04-03T02:43:12.942+0600][86.761s][info][gc,phases      ] GC(463)   Other: 0.21ms
[2026-04-03T02:43:12.942+0600][86.761s][info][gc,heap        ] GC(463) Eden regions: 303->0(658)
[2026-04-03T02:43:12.942+0600][86.761s][info][gc,heap        ] GC(463) Survivor regions: 4->5(83)
[2026-04-03T02:43:12.942+0600][86.761s][info][gc,heap        ] GC(463) Old regions: 88->88
[2026-04-03T02:43:12.942+0600][86.761s][info][gc,heap        ] GC(463) Humongous regions: 175->8
[2026-04-03T02:43:12.942+0600][86.761s][info][gc,metaspace   ] GC(463) Metaspace: 131642K(133056K)->131642K(133056K) NonClass: 115166K(115904K)->115166K(115904K) Class: 16476K(17152K)->16476K(17152K)
[2026-04-03T02:43:12.942+0600][86.761s][info][gc             ] GC(463) Pause Young (Concurrent Start) (G1 Humongous Allocation) 567M->99M(1106M) 3.607ms
[2026-04-03T02:43:12.942+0600][86.761s][info][gc             ] GC(464) Concurrent Undo Cycle
[2026-04-03T02:43:12.942+0600][86.761s][info][gc,cpu         ] GC(463) User=0.02s Sys=0.00s Real=0.01s
[2026-04-03T02:43:12.942+0600][86.761s][info][gc,marking     ] GC(464) Concurrent Clear Claimed Marks
[2026-04-03T02:43:12.942+0600][86.761s][info][gc,marking     ] GC(464) Concurrent Clear Claimed Marks 0.279ms
[2026-04-03T02:43:12.942+0600][86.761s][info][gc,marking     ] GC(464) Concurrent Cleanup for Next Mark
[2026-04-03T02:43:12.942+0600][86.761s][info][gc,marking     ] GC(464) Concurrent Cleanup for Next Mark 0.209ms
[2026-04-03T02:43:12.943+0600][86.762s][info][gc             ] GC(464) Concurrent Undo Cycle 0.683ms
[2026-04-03T02:43:13.194+0600][87.013s][info][gc,start       ] GC(465) Pause Young (Concurrent Start) (GCLocker Initiated GC)
[2026-04-03T02:43:13.194+0600][87.013s][info][gc,task        ] GC(465) Using 10 workers of 10 for evacuation
[2026-04-03T02:43:13.200+0600][87.019s][info][gc,phases      ] GC(465)   Pre Evacuate Collection Set: 0.74ms
[2026-04-03T02:43:13.200+0600][87.019s][info][gc,phases      ] GC(465)   Merge Heap Roots: 0.20ms
[2026-04-03T02:43:13.200+0600][87.019s][info][gc,phases      ] GC(465)   Evacuate Collection Set: 3.05ms
[2026-04-03T02:43:13.200+0600][87.019s][info][gc,phases      ] GC(465)   Post Evacuate Collection Set: 1.03ms
[2026-04-03T02:43:13.200+0600][87.019s][info][gc,phases      ] GC(465)   Other: 0.26ms
[2026-04-03T02:43:13.200+0600][87.019s][info][gc,heap        ] GC(465) Eden regions: 235->0(655)
[2026-04-03T02:43:13.200+0600][87.019s][info][gc,heap        ] GC(465) Survivor regions: 5->8(83)
[2026-04-03T02:43:13.200+0600][87.019s][info][gc,heap        ] GC(465) Old regions: 88->88
[2026-04-03T02:43:13.200+0600][87.019s][info][gc,heap        ] GC(465) Humongous regions: 181->8
[2026-04-03T02:43:13.200+0600][87.019s][info][gc,metaspace   ] GC(465) Metaspace: 131642K(133056K)->131642K(133056K) NonClass: 115166K(115904K)->115166K(115904K) Class: 16476K(17152K)->16476K(17152K)
[2026-04-03T02:43:13.200+0600][87.019s][info][gc             ] GC(465) Pause Young (Concurrent Start) (GCLocker Initiated GC) 506M->102M(1106M) 5.616ms
[2026-04-03T02:43:13.200+0600][87.019s][info][gc             ] GC(466) Concurrent Mark Cycle
[2026-04-03T02:43:13.200+0600][87.019s][info][gc,marking     ] GC(466) Concurrent Scan Root Regions
[2026-04-03T02:43:13.200+0600][87.019s][info][gc,cpu         ] GC(465) User=0.04s Sys=0.00s Real=0.01s
[2026-04-03T02:43:13.203+0600][87.022s][info][gc,marking     ] GC(466) Concurrent Scan Root Regions 2.659ms
[2026-04-03T02:43:13.203+0600][87.022s][info][gc,marking     ] GC(466) Concurrent Mark
[2026-04-03T02:43:13.203+0600][87.022s][info][gc,marking     ] GC(466) Concurrent Mark From Roots
[2026-04-03T02:43:13.203+0600][87.022s][info][gc,task        ] GC(466) Using 3 workers of 3 for marking
[2026-04-03T02:43:13.296+0600][87.115s][info][gc,marking     ] GC(466) Concurrent Mark From Roots 93.604ms
[2026-04-03T02:43:13.297+0600][87.116s][info][gc,marking     ] GC(466) Concurrent Preclean
[2026-04-03T02:43:13.297+0600][87.116s][info][gc,marking     ] GC(466) Concurrent Preclean 0.516ms
[2026-04-03T02:43:13.297+0600][87.116s][info][gc,start       ] GC(466) Pause Remark
[2026-04-03T02:43:13.308+0600][87.127s][info][gc             ] GC(466) Pause Remark 217M->217M(520M) 10.306ms
[2026-04-03T02:43:13.308+0600][87.127s][info][gc,cpu         ] GC(466) User=0.08s Sys=0.01s Real=0.01s
[2026-04-03T02:43:13.308+0600][87.127s][info][gc,marking     ] GC(466) Concurrent Mark 105.218ms
[2026-04-03T02:43:13.308+0600][87.127s][info][gc,marking     ] GC(466) Concurrent Rebuild Remembered Sets and Scrub Regions
[2026-04-03T02:43:13.344+0600][87.163s][info][gc,marking     ] GC(466) Concurrent Rebuild Remembered Sets and Scrub Regions 35.662ms
[2026-04-03T02:43:13.344+0600][87.163s][info][gc,start       ] GC(466) Pause Cleanup
[2026-04-03T02:43:13.345+0600][87.164s][info][gc             ] GC(466) Pause Cleanup 243M->243M(520M) 0.435ms
[2026-04-03T02:43:13.345+0600][87.164s][info][gc,cpu         ] GC(466) User=0.00s Sys=0.01s Real=0.00s
[2026-04-03T02:43:13.345+0600][87.164s][info][gc,marking     ] GC(466) Concurrent Clear Claimed Marks
[2026-04-03T02:43:13.345+0600][87.164s][info][gc,marking     ] GC(466) Concurrent Clear Claimed Marks 0.423ms
[2026-04-03T02:43:13.346+0600][87.165s][info][gc,marking     ] GC(466) Concurrent Cleanup for Next Mark
[2026-04-03T02:43:13.347+0600][87.166s][info][gc,marking     ] GC(466) Concurrent Cleanup for Next Mark 1.476ms
[2026-04-03T02:43:13.347+0600][87.166s][info][gc             ] GC(466) Concurrent Mark Cycle 147.072ms
[2026-04-03T02:43:13.571+0600][87.390s][info][gc,start       ] GC(467) Pause Young (Prepare Mixed) (G1 Evacuation Pause)
[2026-04-03T02:43:13.571+0600][87.390s][info][gc,task        ] GC(467) Using 10 workers of 10 for evacuation
[2026-04-03T02:43:13.575+0600][87.394s][info][gc,phases      ] GC(467)   Pre Evacuate Collection Set: 0.39ms
[2026-04-03T02:43:13.575+0600][87.395s][info][gc,phases      ] GC(467)   Merge Heap Roots: 0.19ms
[2026-04-03T02:43:13.576+0600][87.395s][info][gc,phases      ] GC(467)   Evacuate Collection Set: 3.08ms
[2026-04-03T02:43:13.576+0600][87.395s][info][gc,phases      ] GC(467)   Post Evacuate Collection Set: 0.78ms
[2026-04-03T02:43:13.576+0600][87.395s][info][gc,phases      ] GC(467)   Other: 0.09ms
[2026-04-03T02:43:13.576+0600][87.395s][info][gc,heap        ] GC(467) Eden regions: 246->0(314)
[2026-04-03T02:43:13.576+0600][87.395s][info][gc,heap        ] GC(467) Survivor regions: 8->6(39)
[2026-04-03T02:43:13.576+0600][87.395s][info][gc,heap        ] GC(467) Old regions: 88->89
[2026-04-03T02:43:13.576+0600][87.395s][info][gc,heap        ] GC(467) Humongous regions: 185->8
[2026-04-03T02:43:13.576+0600][87.395s][info][gc,metaspace   ] GC(467) Metaspace: 131643K(133056K)->131643K(133056K) NonClass: 115167K(115904K)->115167K(115904K) Class: 16476K(17152K)->16476K(17152K)
[2026-04-03T02:43:13.576+0600][87.395s][info][gc             ] GC(467) Pause Young (Prepare Mixed) (G1 Evacuation Pause) 525M->100M(534M) 4.772ms
[2026-04-03T02:43:13.576+0600][87.395s][info][gc,cpu         ] GC(467) User=0.02s Sys=0.00s Real=0.00s
[2026-04-03T02:43:13.903+0600][87.722s][info][gc,start       ] GC(468) Pause Young (Mixed) (G1 Evacuation Pause)
[2026-04-03T02:43:13.903+0600][87.722s][info][gc,task        ] GC(468) Using 10 workers of 10 for evacuation
[2026-04-03T02:43:13.910+0600][87.729s][info][gc,phases      ] GC(468)   Pre Evacuate Collection Set: 0.40ms
[2026-04-03T02:43:13.910+0600][87.729s][info][gc,phases      ] GC(468)   Merge Heap Roots: 0.23ms
[2026-04-03T02:43:13.910+0600][87.729s][info][gc,phases      ] GC(468)   Evacuate Collection Set: 4.81ms
[2026-04-03T02:43:13.910+0600][87.729s][info][gc,phases      ] GC(468)   Post Evacuate Collection Set: 0.75ms
[2026-04-03T02:43:13.910+0600][87.729s][info][gc,phases      ] GC(468)   Other: 0.11ms
[2026-04-03T02:43:13.910+0600][87.729s][info][gc,heap        ] GC(468) Eden regions: 314->0(320)
[2026-04-03T02:43:13.910+0600][87.729s][info][gc,heap        ] GC(468) Survivor regions: 6->8(40)
[2026-04-03T02:43:13.910+0600][87.729s][info][gc,heap        ] GC(468) Old regions: 89->87
[2026-04-03T02:43:13.910+0600][87.729s][info][gc,heap        ] GC(468) Humongous regions: 130->8
[2026-04-03T02:43:13.910+0600][87.729s][info][gc,metaspace   ] GC(468) Metaspace: 131643K(133056K)->131643K(133056K) NonClass: 115167K(115904K)->115167K(115904K) Class: 16476K(17152K)->16476K(17152K)
[2026-04-03T02:43:13.910+0600][87.729s][info][gc             ] GC(468) Pause Young (Mixed) (G1 Evacuation Pause) 536M->102M(547M) 6.582ms
[2026-04-03T02:43:13.910+0600][87.729s][info][gc,cpu         ] GC(468) User=0.04s Sys=0.01s Real=0.01s
[2026-04-03T02:43:13.947+0600][87.766s][info][gc,start       ] GC(469) Pause Young (Concurrent Start) (G1 Humongous Allocation)
[2026-04-03T02:43:13.948+0600][87.767s][info][gc,task        ] GC(469) Using 10 workers of 10 for evacuation
[2026-04-03T02:43:13.951+0600][87.770s][info][gc,phases      ] GC(469)   Pre Evacuate Collection Set: 0.65ms
[2026-04-03T02:43:13.951+0600][87.770s][info][gc,phases      ] GC(469)   Merge Heap Roots: 0.27ms
[2026-04-03T02:43:13.951+0600][87.770s][info][gc,phases      ] GC(469)   Evacuate Collection Set: 1.97ms
[2026-04-03T02:43:13.951+0600][87.770s][info][gc,phases      ] GC(469)   Post Evacuate Collection Set: 0.64ms
[2026-04-03T02:43:13.951+0600][87.770s][info][gc,phases      ] GC(469)   Other: 0.16ms
[2026-04-03T02:43:13.951+0600][87.770s][info][gc,heap        ] GC(469) Eden regions: 35->0(323)
[2026-04-03T02:43:13.951+0600][87.770s][info][gc,heap        ] GC(469) Survivor regions: 8->5(41)
[2026-04-03T02:43:13.951+0600][87.770s][info][gc,heap        ] GC(469) Old regions: 87->87
[2026-04-03T02:43:13.951+0600][87.770s][info][gc,heap        ] GC(469) Humongous regions: 8->8
[2026-04-03T02:43:13.951+0600][87.770s][info][gc,metaspace   ] GC(469) Metaspace: 131643K(133056K)->131643K(133056K) NonClass: 115167K(115904K)->115167K(115904K) Class: 16476K(17152K)->16476K(17152K)
[2026-04-03T02:43:13.951+0600][87.771s][info][gc             ] GC(469) Pause Young (Concurrent Start) (G1 Humongous Allocation) 137M->99M(547M) 4.021ms
[2026-04-03T02:43:13.952+0600][87.771s][info][gc             ] GC(470) Concurrent Mark Cycle
[2026-04-03T02:43:13.952+0600][87.771s][info][gc,marking     ] GC(470) Concurrent Scan Root Regions
[2026-04-03T02:43:13.952+0600][87.771s][info][gc,cpu         ] GC(469) User=0.02s Sys=0.00s Real=0.01s
[2026-04-03T02:43:13.954+0600][87.773s][info][gc,marking     ] GC(470) Concurrent Scan Root Regions 2.380ms
[2026-04-03T02:43:13.954+0600][87.773s][info][gc,marking     ] GC(470) Concurrent Mark
[2026-04-03T02:43:13.954+0600][87.773s][info][gc,marking     ] GC(470) Concurrent Mark From Roots
[2026-04-03T02:43:13.954+0600][87.773s][info][gc,task        ] GC(470) Using 3 workers of 3 for marking
[2026-04-03T02:43:14.045+0600][87.864s][info][gc,marking     ] GC(470) Concurrent Mark From Roots 90.637ms
[2026-04-03T02:43:14.045+0600][87.864s][info][gc,marking     ] GC(470) Concurrent Preclean
[2026-04-03T02:43:14.045+0600][87.864s][info][gc,marking     ] GC(470) Concurrent Preclean 0.548ms
[2026-04-03T02:43:14.046+0600][87.865s][info][gc,start       ] GC(470) Pause Remark
[2026-04-03T02:43:14.055+0600][87.874s][info][gc             ] GC(470) Pause Remark 195M->195M(404M) 9.500ms
[2026-04-03T02:43:14.055+0600][87.874s][info][gc,cpu         ] GC(470) User=0.06s Sys=0.00s Real=0.01s
[2026-04-03T02:43:14.056+0600][87.875s][info][gc,marking     ] GC(470) Concurrent Mark 101.545ms
[2026-04-03T02:43:14.056+0600][87.875s][info][gc,marking     ] GC(470) Concurrent Rebuild Remembered Sets and Scrub Regions
[2026-04-03T02:43:14.095+0600][87.914s][info][gc,marking     ] GC(470) Concurrent Rebuild Remembered Sets and Scrub Regions 38.835ms
[2026-04-03T02:43:14.095+0600][87.914s][info][gc,start       ] GC(470) Pause Cleanup
[2026-04-03T02:43:14.095+0600][87.914s][info][gc             ] GC(470) Pause Cleanup 253M->253M(404M) 0.288ms
[2026-04-03T02:43:14.096+0600][87.915s][info][gc,cpu         ] GC(470) User=0.01s Sys=0.00s Real=0.00s
[2026-04-03T02:43:14.096+0600][87.915s][info][gc,marking     ] GC(470) Concurrent Clear Claimed Marks
[2026-04-03T02:43:14.096+0600][87.915s][info][gc,marking     ] GC(470) Concurrent Clear Claimed Marks 0.484ms
[2026-04-03T02:43:14.096+0600][87.915s][info][gc,marking     ] GC(470) Concurrent Cleanup for Next Mark
[2026-04-03T02:43:14.097+0600][87.916s][info][gc,marking     ] GC(470) Concurrent Cleanup for Next Mark 0.721ms
[2026-04-03T02:43:14.097+0600][87.916s][info][gc             ] GC(470) Concurrent Mark Cycle 145.407ms
[2026-04-03T02:43:14.215+0600][88.034s][info][gc,start       ] GC(471) Pause Young (Prepare Mixed) (G1 Evacuation Pause)
[2026-04-03T02:43:14.215+0600][88.034s][info][gc,task        ] GC(471) Using 10 workers of 10 for evacuation
[2026-04-03T02:43:14.220+0600][88.039s][info][gc,phases      ] GC(471)   Pre Evacuate Collection Set: 0.31ms
[2026-04-03T02:43:14.220+0600][88.039s][info][gc,phases      ] GC(471)   Merge Heap Roots: 0.15ms
[2026-04-03T02:43:14.220+0600][88.039s][info][gc,phases      ] GC(471)   Evacuate Collection Set: 3.13ms
[2026-04-03T02:43:14.220+0600][88.039s][info][gc,phases      ] GC(471)   Post Evacuate Collection Set: 0.81ms
[2026-04-03T02:43:14.220+0600][88.039s][info][gc,phases      ] GC(471)   Other: 0.10ms
[2026-04-03T02:43:14.220+0600][88.039s][info][gc,heap        ] GC(471) Eden regions: 227->0(249)
[2026-04-03T02:43:14.220+0600][88.039s][info][gc,heap        ] GC(471) Survivor regions: 5->3(31)
[2026-04-03T02:43:14.220+0600][88.039s][info][gc,heap        ] GC(471) Old regions: 87->88
[2026-04-03T02:43:14.220+0600][88.039s][info][gc,heap        ] GC(471) Humongous regions: 97->8
[2026-04-03T02:43:14.220+0600][88.039s][info][gc,metaspace   ] GC(471) Metaspace: 131643K(133056K)->131643K(133056K) NonClass: 115167K(115904K)->115167K(115904K) Class: 16476K(17152K)->16476K(17152K)
[2026-04-03T02:43:14.220+0600][88.039s][info][gc             ] GC(471) Pause Young (Prepare Mixed) (G1 Evacuation Pause) 415M->97M(420M) 4.799ms
[2026-04-03T02:43:14.220+0600][88.039s][info][gc,cpu         ] GC(471) User=0.03s Sys=0.01s Real=0.01s
[2026-04-03T02:43:15.041+0600][88.860s][info][gc,heap,exit   ] Heap
[2026-04-03T02:43:15.041+0600][88.860s][info][gc,heap,exit   ]  garbage-first heap   total 430080K, used 318717K [0x0000000092a00000, 0x0000000100000000)
[2026-04-03T02:43:15.041+0600][88.860s][info][gc,heap,exit   ]   region size 1024K, 132 young (135168K), 3 survivors (3072K)
[2026-04-03T02:43:15.041+0600][88.860s][info][gc,heap,exit   ]  Metaspace       used 132137K, committed 133568K, reserved 1179648K
[2026-04-03T02:43:15.041+0600][88.860s][info][gc,heap,exit   ]   class space    used 16569K, committed 17280K, reserved 1048576K
